[INFO    ] 2017-10-13T11:52:43.618412715Z: Running Test linuxkit.packages.sysctl in /tmp/build/test/cases/040_packages/019_sysctl
[INFO    ] 2017-10-13T11:52:43.618520207Z: Running command: [/bin/sh -x /tmp/build/test/cases/040_packages/019_sysctl/test.sh]
[STDERR  ] 2017-10-13T11:52:43.658809554Z: + set -e
[STDERR  ] 2017-10-13T11:52:43.658903024Z: + . /tmp/build/test/cases/_lib/lib.sh
[STDERR  ] 2017-10-13T11:52:43.658916223Z: + [ -f src/github.com/linuxkit/rtf/lib/lib.sh ]
[STDERR  ] 2017-10-13T11:52:43.65892808Z: + LINUXKIT_TMPDIR=/tmp/build/test/cases/_tmp
[STDERR  ] 2017-10-13T11:52:43.658940138Z: + [ -f /tmp/build/test/cases/_tmp/env.sh ]
[STDERR  ] 2017-10-13T11:52:43.658946776Z: + . /tmp/build/test/cases/_tmp/env.sh
[STDERR  ] 2017-10-13T11:52:43.658953564Z: + export LINUXKIT_EXAMPLES_DIR=/tmp/build/test/cases/../../examples
[STDERR  ] 2017-10-13T11:52:43.658964531Z: + export LINUXKIT_BLUEPRINTS_DIR=/tmp/build/test/cases/../../blueprints
[STDERR  ] 2017-10-13T11:52:43.658972821Z: + RT_CANCEL=253
[STDERR  ] 2017-10-13T11:52:43.658979288Z: + NAME=sysctl
[STDERR  ] 2017-10-13T11:52:43.658985444Z: + trap clean_up EXIT
[STDERR  ] 2017-10-13T11:52:43.658992767Z: + moby build -format kernel+initrd -name sysctl test.yml
[STDERR  ] 2017-10-13T11:52:43.669365192Z: Extract kernel image: linuxkit/kernel:4.9.54
[STDERR  ] 2017-10-13T11:52:44.901666927Z: time="2017-10-13T11:52:44Z" level=warning msg="certificate with CN Moby CI is near expiry" 
[STDERR  ] 2017-10-13T11:52:44.90178443Z: time="2017-10-13T11:52:44Z" level=warning msg="certificate with CN Rolf Neugebauer is near expiry" 
[STDERR  ] 2017-10-13T11:52:44.923318722Z: time="2017-10-13T11:52:44Z" level=warning msg="certificate with CN Rolf Neugebauer is near expiry" 
[STDERR  ] 2017-10-13T11:52:45.627164291Z: Add init containers:
[STDERR  ] 2017-10-13T11:52:46.659700788Z: time="2017-10-13T11:52:46Z" level=warning msg="certificate with CN Rolf Neugebauer is near expiry" 
[STDERR  ] 2017-10-13T11:52:46.660064741Z: time="2017-10-13T11:52:46Z" level=warning msg="certificate with CN Moby CI is near expiry" 
[STDERR  ] 2017-10-13T11:52:46.668066717Z: time="2017-10-13T11:52:46Z" level=warning msg="certificate with CN Rolf Neugebauer is near expiry" 
[STDERR  ] 2017-10-13T11:52:47.948469635Z: time="2017-10-13T11:52:47Z" level=warning msg="certificate with CN Rolf Neugebauer is near expiry" 
[STDERR  ] 2017-10-13T11:52:47.948702473Z: time="2017-10-13T11:52:47Z" level=warning msg="certificate with CN Moby CI is near expiry" 
[STDERR  ] 2017-10-13T11:52:47.951701662Z: time="2017-10-13T11:52:47Z" level=warning msg="certificate with CN Rolf Neugebauer is near expiry" 
[STDERR  ] 2017-10-13T11:52:48.113731927Z: Add onboot containers:
[STDERR  ] 2017-10-13T11:52:48.11380137Z:   Create OCI config for linuxkit/sysctl:1644bf07edbcaf5ce0bb764fa925b544183547f9
[STDERR  ] 2017-10-13T11:52:49.286619432Z: time="2017-10-13T11:52:49Z" level=warning msg="certificate with CN Rolf Neugebauer is near expiry" 
[STDERR  ] 2017-10-13T11:52:49.287096531Z: time="2017-10-13T11:52:49Z" level=warning msg="certificate with CN Moby CI is near expiry" 
[STDERR  ] 2017-10-13T11:52:49.291692774Z: time="2017-10-13T11:52:49Z" level=warning msg="certificate with CN Rolf Neugebauer is near expiry" 
[STDERR  ] 2017-10-13T11:52:49.642344365Z:   Create OCI config for alpine:3.6
[STDERR  ] 2017-10-13T11:52:50.966468781Z:   Create OCI config for linuxkit/poweroff:ffd3f539a6f4e67d4cd4ff36503636de35edd7b2
[STDERR  ] 2017-10-13T11:52:52.085606697Z: time="2017-10-13T11:52:52Z" level=warning msg="certificate with CN Rolf Neugebauer is near expiry" 
[STDERR  ] 2017-10-13T11:52:52.086140839Z: time="2017-10-13T11:52:52Z" level=warning msg="certificate with CN Moby CI is near expiry" 
[STDERR  ] 2017-10-13T11:52:52.089442908Z: time="2017-10-13T11:52:52Z" level=warning msg="certificate with CN Rolf Neugebauer is near expiry" 
[STDERR  ] 2017-10-13T11:52:52.30488353Z: Add files:
[STDERR  ] 2017-10-13T11:52:52.304931958Z:   check.sh
[STDERR  ] 2017-10-13T11:52:52.319149114Z: Create outputs:
[STDERR  ] 2017-10-13T11:52:57.291235864Z:   sysctl-kernel sysctl-initrd.img sysctl-cmdline
[STDERR  ] 2017-10-13T11:52:57.348876197Z: + linuxkit run sysctl
[STDERR  ] 2017-10-13T11:52:57.368631095Z: Unable to find qemu-system-x86_64 within the $PATH. Using a container
[STDOUT  ] 2017-10-13T11:53:38.074705043Z: [    0.000000] Linux version 4.9.54-linuxkit (root@e73ac76f2f14) (gcc version 6.3.0 (Alpine 6.3.0) ) #1 SMP Wed Oct 11 11:30:59 UTC 2017
[STDOUT  ] 2017-10-13T11:53:38.074833458Z: [    0.000000] Command line: console=ttyS0 page_poison=1
[STDOUT  ] 2017-10-13T11:53:38.074847788Z: [    0.000000] x86/fpu: Legacy x87 FPU detected.
[STDOUT  ] 2017-10-13T11:53:38.074860004Z: [    0.000000] x86/fpu: Using 'eager' FPU context switches.
[STDOUT  ] 2017-10-13T11:53:38.074872428Z: [    0.000000] e820: BIOS-provided physical RAM map:
[STDOUT  ] 2017-10-13T11:53:38.074884729Z: [    0.000000] BIOS-e820: [mem 0x0000000000000000-0x000000000009fbff] usable
[STDOUT  ] 2017-10-13T11:53:38.074897143Z: [    0.000000] BIOS-e820: [mem 0x000000000009fc00-0x000000000009ffff] reserved
[STDOUT  ] 2017-10-13T11:53:38.074908701Z: [    0.000000] BIOS-e820: [mem 0x00000000000f0000-0x00000000000fffff] reserved
[STDOUT  ] 2017-10-13T11:53:38.074919581Z: [    0.000000] BIOS-e820: [mem 0x0000000000100000-0x000000003ffdefff] usable
[STDOUT  ] 2017-10-13T11:53:38.074931138Z: [    0.000000] BIOS-e820: [mem 0x000000003ffdf000-0x000000003fffffff] reserved
[STDOUT  ] 2017-10-13T11:53:38.074942463Z: [    0.000000] BIOS-e820: [mem 0x00000000b0000000-0x00000000bfffffff] reserved
[STDOUT  ] 2017-10-13T11:53:38.074952949Z: [    0.000000] BIOS-e820: [mem 0x00000000fed1c000-0x00000000fed1ffff] reserved
[STDOUT  ] 2017-10-13T11:53:38.074963538Z: [    0.000000] BIOS-e820: [mem 0x00000000fffc0000-0x00000000ffffffff] reserved
[STDOUT  ] 2017-10-13T11:53:38.074973981Z: [    0.000000] NX (Execute Disable) protection: active
[STDOUT  ] 2017-10-13T11:53:38.074986159Z: [    0.000000] SMBIOS 2.8 present.
[STDOUT  ] 2017-10-13T11:53:38.074997256Z: [    0.000000] e820: last_pfn = 0x3ffdf max_arch_pfn = 0x400000000
[STDOUT  ] 2017-10-13T11:53:38.075031774Z: [    0.000000] x86/PAT: Configuration [0-7]: WB  WC  UC- UC  WB  WC  UC- WT  
[STDOUT  ] 2017-10-13T11:53:38.075046928Z: [    0.000000] found SMP MP-table at [mem 0x000f6aa0-0x000f6aaf] mapped at [ffff8efe400f6aa0]
[STDOUT  ] 2017-10-13T11:53:38.075058536Z: [    0.000000] RAMDISK: [mem 0x3e6a3000-0x3ffcffff]
[STDOUT  ] 2017-10-13T11:53:38.075068529Z: [    0.000000] ACPI: Early table checksum verification disabled
[STDOUT  ] 2017-10-13T11:53:38.075079356Z: [    0.000000] ACPI: RSDP 0x00000000000F68C0 000014 (v00 BOCHS )
[STDOUT  ] 2017-10-13T11:53:38.075090768Z: [    0.000000] ACPI: RSDT 0x000000003FFE2404 000034 (v01 BOCHS  BXPCRSDT 00000001 BXPC 00000001)
[STDOUT  ] 2017-10-13T11:53:38.075102041Z: [    0.000000] ACPI: FACP 0x000000003FFE22A4 000074 (v01 BOCHS  BXPCFACP 00000001 BXPC 00000001)
[STDOUT  ] 2017-10-13T11:53:38.075114093Z: [    0.000000] ACPI: DSDT 0x000000003FFE0040 002264 (v01 BOCHS  BXPCDSDT 00000001 BXPC 00000001)
[STDOUT  ] 2017-10-13T11:53:38.075124931Z: [    0.000000] ACPI: FACS 0x000000003FFE0000 000040
[STDOUT  ] 2017-10-13T11:53:38.075136333Z: [    0.000000] ACPI: APIC 0x000000003FFE2318 000078 (v01 BOCHS  BXPCAPIC 00000001 BXPC 00000001)
[STDOUT  ] 2017-10-13T11:53:38.075148154Z: [    0.000000] ACPI: HPET 0x000000003FFE2390 000038 (v01 BOCHS  BXPCHPET 00000001 BXPC 00000001)
[STDOUT  ] 2017-10-13T11:53:38.075158841Z: [    0.000000] ACPI: MCFG 0x000000003FFE23C8 00003C (v01 BOCHS  BXPCMCFG 00000001 BXPC 00000001)
[STDOUT  ] 2017-10-13T11:53:38.075174539Z: [    0.000000] Zone ranges:
[STDOUT  ] 2017-10-13T11:53:38.075186281Z: [    0.000000]   DMA      [mem 0x0000000000001000-0x0000000000ffffff]
[STDOUT  ] 2017-10-13T11:53:38.075197333Z: [    0.000000]   DMA32    [mem 0x0000000001000000-0x000000003ffdefff]
[STDOUT  ] 2017-10-13T11:53:38.075208198Z: [    0.000000]   Normal   empty
[STDOUT  ] 2017-10-13T11:53:38.075219884Z: [    0.000000] Movable zone start for each node
[STDOUT  ] 2017-10-13T11:53:38.075230741Z: [    0.000000] Early memory node ranges
[STDOUT  ] 2017-10-13T11:53:38.075248439Z: [    0.000000]   node   0: [mem 0x0000000000001000-0x000000000009efff]
[STDOUT  ] 2017-10-13T11:53:38.075259171Z: [    0.000000]   node   0: [mem 0x0000000000100000-0x000000003ffdefff]
[STDOUT  ] 2017-10-13T11:53:38.075270626Z: [    0.000000] Initmem setup node 0 [mem 0x0000000000001000-0x000000003ffdefff]
[STDOUT  ] 2017-10-13T11:53:38.075283089Z: [    0.000000] ACPI: PM-Timer IO Port: 0x608
[STDOUT  ] 2017-10-13T11:53:38.075292808Z: [    0.000000] ACPI: LAPIC_NMI (acpi_id[0xff] dfl dfl lint[0x1])
[STDOUT  ] 2017-10-13T11:53:38.075303283Z: [    0.000000] IOAPIC[0]: apic_id 0, version 32, address 0xfec00000, GSI 0-23
[STDOUT  ] 2017-10-13T11:53:38.075314438Z: [    0.000000] ACPI: INT_SRC_OVR (bus 0 bus_irq 0 global_irq 2 dfl dfl)
[STDOUT  ] 2017-10-13T11:53:38.075325091Z: [    0.000000] ACPI: INT_SRC_OVR (bus 0 bus_irq 5 global_irq 5 high level)
[STDOUT  ] 2017-10-13T11:53:38.075337046Z: [    0.000000] ACPI: INT_SRC_OVR (bus 0 bus_irq 9 global_irq 9 high level)
[STDOUT  ] 2017-10-13T11:53:38.075348911Z: [    0.000000] ACPI: INT_SRC_OVR (bus 0 bus_irq 10 global_irq 10 high level)
[STDOUT  ] 2017-10-13T11:53:38.075358714Z: [    0.000000] ACPI: INT_SRC_OVR (bus 0 bus_irq 11 global_irq 11 high level)
[STDOUT  ] 2017-10-13T11:53:38.075369441Z: [    0.000000] Using ACPI (MADT) for SMP configuration information
[STDOUT  ] 2017-10-13T11:53:38.075379474Z: [    0.000000] ACPI: HPET id: 0x8086a201 base: 0xfed00000
[STDERR  ] 2017-10-13T11:53:38.075366908Z: + RESULT=[    0.000000] Linux version 4.9.54-linuxkit (root@e73ac76f2f14) (gcc version 6.3.0 (Alpine 6.3.0) ) #1 SMP Wed Oct 11 11:30:59 UTC 2017
[STDERR  ] 2017-10-13T11:53:38.075407659Z: [    0.000000] Command line: console=ttyS0 page_poison=1
[STDERR  ] 2017-10-13T11:53:38.075428369Z: [    0.000000] x86/fpu: Legacy x87 FPU detected.
[STDERR  ] 2017-10-13T11:53:38.075438716Z: [    0.000000] x86/fpu: Using 'eager' FPU context switches.
[STDERR  ] 2017-10-13T11:53:38.075448614Z: [    0.000000] e820: BIOS-provided physical RAM map:
[STDERR  ] 2017-10-13T11:53:38.075459179Z: [    0.000000] BIOS-e820: [mem 0x0000000000000000-0x000000000009fbff] usable
[STDERR  ] 2017-10-13T11:53:38.075480761Z: [    0.000000] BIOS-e820: [mem 0x000000000009fc00-0x000000000009ffff] reserved
[STDERR  ] 2017-10-13T11:53:38.075490909Z: [    0.000000] BIOS-e820: [mem 0x00000000000f0000-0x00000000000fffff] reserved
[STDERR  ] 2017-10-13T11:53:38.075501009Z: [    0.000000] BIOS-e820: [mem 0x0000000000100000-0x000000003ffdefff] usable
[STDERR  ] 2017-10-13T11:53:38.075510653Z: [    0.000000] BIOS-e820: [mem 0x000000003ffdf000-0x000000003fffffff] reserved
[STDERR  ] 2017-10-13T11:53:38.075519941Z: [    0.000000] BIOS-e820: [mem 0x00000000b0000000-0x00000000bfffffff] reserved
[STDERR  ] 2017-10-13T11:53:38.075529768Z: [    0.000000] BIOS-e820: [mem 0x00000000fed1c000-0x00000000fed1ffff] reserved
[STDOUT  ] 2017-10-13T11:53:38.075548461Z: [    0.000000] smpboot: Allowing 1 CPUs, 0 hotplug CPUs
[STDOUT  ] 2017-10-13T11:53:38.075560754Z: [    0.000000] e820: [mem 0x40000000-0xafffffff] available for PCI devices
[STDOUT  ] 2017-10-13T11:53:38.075571261Z: [    0.000000] Booting paravirtualized kernel on bare hardware
[STDOUT  ] 2017-10-13T11:53:38.075580993Z: [    0.000000] clocksource: refined-jiffies: mask: 0xffffffff max_cycles: 0xffffffff, max_idle_ns: 19112604462750000 ns
[STDOUT  ] 2017-10-13T11:53:38.075607716Z: [    0.000000] setup_percpu: NR_CPUS:128 nr_cpumask_bits:128 nr_cpu_ids:1 nr_node_ids:1
[STDERR  ] 2017-10-13T11:53:38.075540049Z: [    0.000000] BIOS-e820: [mem 0x00000000fffc0000-0x00000000ffffffff] reserved
[STDOUT  ] 2017-10-13T11:53:38.075617681Z: [    0.000000] percpu: Embedded 35 pages/cpu @ffff8efe7e400000 s105240 r8192 d29928 u2097152
[STDERR  ] 2017-10-13T11:53:38.075624188Z: [    0.000000] NX (Execute Disable) protection: active
[STDOUT  ] 2017-10-13T11:53:38.075627654Z: [    0.000000] Built 1 zonelists in Zone order, mobility grouping on.  Total pages: 257896
[STDERR  ] 2017-10-13T11:53:38.075635681Z: [    0.000000] SMBIOS 2.8 present.
[STDERR  ] 2017-10-13T11:53:38.075655473Z: [    0.000000] e820: last_pfn = 0x3ffdf max_arch_pfn = 0x400000000
[STDERR  ] 2017-10-13T11:53:38.075667669Z: [    0.000000] x86/PAT: Configuration [0-7]: WB  WC  UC- UC  WB  WC  UC- WT  
[STDERR  ] 2017-10-13T11:53:38.075678363Z: [    0.000000] found SMP MP-table at [mem 0x000f6aa0-0x000f6aaf] mapped at [ffff8efe400f6aa0]
[STDERR  ] 2017-10-13T11:53:38.075694194Z: [    0.000000] RAMDISK: [mem 0x3e6a3000-0x3ffcffff]
[STDERR  ] 2017-10-13T11:53:38.075705163Z: [    0.000000] ACPI: Early table checksum verification disabled
[STDERR  ] 2017-10-13T11:53:38.075716683Z: [    0.000000] ACPI: RSDP 0x00000000000F68C0 000014 (v00 BOCHS )
[STDERR  ] 2017-10-13T11:53:38.075728331Z: [    0.000000] ACPI: RSDT 0x000000003FFE2404 000034 (v01 BOCHS  BXPCRSDT 00000001 BXPC 00000001)
[STDOUT  ] 2017-10-13T11:53:38.075637534Z: [    0.000000] Kernel command line: console=ttyS0 page_poison=1
[STDERR  ] 2017-10-13T11:53:38.07573873Z: [    0.000000] ACPI: FACP 0x000000003FFE22A4 000074 (v01 BOCHS  BXPCFACP 00000001 BXPC 00000001)
[STDERR  ] 2017-10-13T11:53:38.075748822Z: [    0.000000] ACPI: DSDT 0x000000003FFE0040 002264 (v01 BOCHS  BXPCDSDT 00000001 BXPC 00000001)
[STDOUT  ] 2017-10-13T11:53:38.075749263Z: [    0.000000] PID hash table entries: 4096 (order: 3, 32768 bytes)
[STDOUT  ] 2017-10-13T11:53:38.07576162Z: [    0.000000] Dentry cache hash table entries: 131072 (order: 8, 1048576 bytes)
[STDERR  ] 2017-10-13T11:53:38.075758848Z: [    0.000000] ACPI: FACS 0x000000003FFE0000 000040
[STDOUT  ] 2017-10-13T11:53:38.075774872Z: [    0.000000] Inode-cache hash table entries: 65536 (order: 7, 524288 bytes)
[STDOUT  ] 2017-10-13T11:53:38.07579363Z: [    0.000000] Memory: 988392K/1048052K available (8052K kernel code, 1367K rwdata, 2704K rodata, 1380K init, 568K bss, 59660K reserved, 0K cma-reserved)
[STDOUT  ] 2017-10-13T11:53:38.075807747Z: [    0.000000] Hierarchical RCU implementation.
[STDOUT  ] 2017-10-13T11:53:38.075819213Z: [    0.000000] 	Build-time adjustment of leaf fanout to 64.
[STDOUT  ] 2017-10-13T11:53:38.075840517Z: [    0.000000] 	RCU restricting CPUs from NR_CPUS=128 to nr_cpu_ids=1.
[STDERR  ] 2017-10-13T11:53:38.075769247Z: [    0.000000] ACPI: APIC 0x000000003FFE2318 000078 (v01 BOCHS  BXPCAPIC 00000001 BXPC 00000001)
[STDOUT  ] 2017-10-13T11:53:38.075852483Z: [    0.000000] RCU: Adjusting geometry for rcu_fanout_leaf=64, nr_cpu_ids=1
[STDERR  ] 2017-10-13T11:53:38.075855622Z: [    0.000000] ACPI: HPET 0x000000003FFE2390 000038 (v01 BOCHS  BXPCHPET 00000001 BXPC 00000001)
[STDOUT  ] 2017-10-13T11:53:38.075863493Z: [    0.000000] NR_IRQS:8448 nr_irqs:256 16
[STDOUT  ] 2017-10-13T11:53:38.07587462Z: [    0.000000] Console: colour VGA+ 80x25
[STDOUT  ] 2017-10-13T11:53:38.075884385Z: [    0.000000] console [ttyS0] enabled
[STDOUT  ] 2017-10-13T11:53:38.07589383Z: [    0.000000] allocated 2097152 bytes of page_ext
[STDOUT  ] 2017-10-13T11:53:38.075901347Z: [    0.000000] clocksource: hpet: mask: 0xffffffff max_cycles: 0xffffffff, max_idle_ns: 19112604467 ns
[STDOUT  ] 2017-10-13T11:53:38.07590751Z: [    0.000000] tsc: Unable to calibrate against PIT
[STDOUT  ] 2017-10-13T11:53:38.075915418Z: [    0.000000] tsc: using HPET reference calibration
[STDOUT  ] 2017-10-13T11:53:38.075926315Z: [    0.000000] tsc: Detected 2600.056 MHz processor
[STDOUT  ] 2017-10-13T11:53:38.075937138Z: [    0.052634] Calibrating delay loop (skipped), value calculated using timer frequency.. 5200.11 BogoMIPS (lpj=26000560)
[STDERR  ] 2017-10-13T11:53:38.07586552Z: [    0.000000] ACPI: MCFG 0x000000003FFE23C8 00003C (v01 BOCHS  BXPCMCFG 00000001 BXPC 00000001)
[STDERR  ] 2017-10-13T11:53:38.075949903Z: [    0.000000] Zone ranges:
[STDOUT  ] 2017-10-13T11:53:38.0759538Z: [    0.054001] pid_max: default: 32768 minimum: 301
[STDOUT  ] 2017-10-13T11:53:38.075963782Z: [    0.055162] ACPI: Core revision 20160831
[STDERR  ] 2017-10-13T11:53:38.075961003Z: [    0.000000]   DMA      [mem 0x0000000000001000-0x0000000000ffffff]
[STDERR  ] 2017-10-13T11:53:38.07597143Z: [    0.000000]   DMA32    [mem 0x0000000001000000-0x000000003ffdefff]
[STDERR  ] 2017-10-13T11:53:38.075995425Z: [    0.000000]   Normal   empty
[STDERR  ] 2017-10-13T11:53:38.076028757Z: [    0.000000] Movable zone start for each node
[STDERR  ] 2017-10-13T11:53:38.076038998Z: [    0.000000] Early memory node ranges
[STDERR  ] 2017-10-13T11:53:38.076049113Z: [    0.000000]   node   0: [mem 0x0000000000001000-0x000000000009efff]
[STDERR  ] 2017-10-13T11:53:38.076059908Z: [    0.000000]   node   0: [mem 0x0000000000100000-0x000000003ffdefff]
[STDERR  ] 2017-10-13T11:53:38.076083157Z: [    0.000000] Initmem setup node 0 [mem 0x0000000000001000-0x000000003ffdefff]
[STDERR  ] 2017-10-13T11:53:38.076093985Z: [    0.000000] ACPI: PM-Timer IO Port: 0x608
[STDERR  ] 2017-10-13T11:53:38.07610425Z: [    0.000000] ACPI: LAPIC_NMI (acpi_id[0xff] dfl dfl lint[0x1])
[STDERR  ] 2017-10-13T11:53:38.076114687Z: [    0.000000] IOAPIC[0]: apic_id 0, version 32, address 0xfec00000, GSI 0-23
[STDOUT  ] 2017-10-13T11:53:38.075973688Z: [    0.097576] ACPI: 1 ACPI AML tables successfully acquired and loaded
[STDERR  ] 2017-10-13T11:53:38.07613376Z: [    0.000000] ACPI: INT_SRC_OVR (bus 0 bus_irq 0 global_irq 2 dfl dfl)
[STDERR  ] 2017-10-13T11:53:38.076146618Z: [    0.000000] ACPI: INT_SRC_OVR (bus 0 bus_irq 5 global_irq 5 high level)
[STDOUT  ] 2017-10-13T11:53:38.07614249Z: [    0.103075] Security Framework initialized
[STDOUT  ] 2017-10-13T11:53:38.076154013Z: [    0.103640] Yama: becoming mindful.
[STDERR  ] 2017-10-13T11:53:38.076156792Z: [    0.000000] ACPI: INT_SRC_OVR (bus 0 bus_irq 9 global_irq 9 high level)
[STDOUT  ] 2017-10-13T11:53:38.076167947Z: [    0.105906] Mount-cache hash table entries: 2048 (order: 2, 16384 bytes)
[STDOUT  ] 2017-10-13T11:53:38.076178747Z: [    0.106580] Mountpoint-cache hash table entries: 2048 (order: 2, 16384 bytes)
[STDOUT  ] 2017-10-13T11:53:38.076189392Z: [    0.126764] Last level iTLB entries: 4KB 0, 2MB 0, 4MB 0
[STDOUT  ] 2017-10-13T11:53:38.07620086Z: [    0.127316] Last level dTLB entries: 4KB 0, 2MB 0, 4MB 0, 1GB 0
[STDOUT  ] 2017-10-13T11:53:38.07622159Z: [    0.461167] Freeing SMP alternatives memory: 20K
[STDOUT  ] 2017-10-13T11:53:38.076232157Z: [    0.472056] ftrace: allocating 35580 entries in 139 pages
[STDOUT  ] 2017-10-13T11:53:38.076242623Z: [    0.637103] smpboot: Max logical packages: 1
[STDOUT  ] 2017-10-13T11:53:38.076252255Z: [    0.645715] ..TIMER: vector=0x30 apic1=0 pin1=2 apic2=-1 pin2=-1
[STDOUT  ] 2017-10-13T11:53:38.07626255Z: [    0.750000] smpboot: CPU0: AMD QEMU Virtual CPU version 2.5+ (family: 0x6, model: 0x6, stepping: 0x3)
[STDOUT  ] 2017-10-13T11:53:38.07627594Z: [    0.750000] Performance Events: PMU not available due to virtualization, using software events only.
[STDOUT  ] 2017-10-13T11:53:38.076290277Z: [    0.760613] NMI watchdog: disabled (cpu0): hardware events not enabled
[STDOUT  ] 2017-10-13T11:53:38.076299643Z: [    0.761259] NMI watchdog: Shutting down hard lockup detector on all cpus
[STDERR  ] 2017-10-13T11:53:38.076169142Z: [    0.000000] ACPI: INT_SRC_OVR (bus 0 bus_irq 10 global_irq 10 high level)
[STDERR  ] 2017-10-13T11:53:38.07632952Z: [    0.000000] ACPI: INT_SRC_OVR (bus 0 bus_irq 11 global_irq 11 high level)
[STDERR  ] 2017-10-13T11:53:38.07634078Z: [    0.000000] Using ACPI (MADT) for SMP configuration information
[STDERR  ] 2017-10-13T11:53:38.07635161Z: [    0.000000] ACPI: HPET id: 0x8086a201 base: 0xfed00000
[STDERR  ] 2017-10-13T11:53:38.07636156Z: [    0.000000] smpboot: Allowing 1 CPUs, 0 hotplug CPUs
[STDERR  ] 2017-10-13T11:53:38.076371022Z: [    0.000000] e820: [mem 0x40000000-0xafffffff] available for PCI devices
[STDERR  ] 2017-10-13T11:53:38.076381108Z: [    0.000000] Booting paravirtualized kernel on bare hardware
[STDOUT  ] 2017-10-13T11:53:38.07630993Z: [    0.765397] x86: Booted up 1 node, 1 CPUs
[STDERR  ] 2017-10-13T11:53:38.0764217Z: [    0.000000] clocksource: refined-jiffies: mask: 0xffffffff max_cycles: 0xffffffff, max_idle_ns: 19112604462750000 ns
[STDOUT  ] 2017-10-13T11:53:38.076435207Z: [    0.765872] smpboot: Total of 1 processors activated (5200.11 BogoMIPS)
[STDERR  ] 2017-10-13T11:53:38.076438863Z: [    0.000000] setup_percpu: NR_CPUS:128 nr_cpumask_bits:128 nr_cpu_ids:1 nr_node_ids:1
[STDERR  ] 2017-10-13T11:53:38.076472787Z: [    0.000000] percpu: Embedded 35 pages/cpu @ffff8efe7e400000 s105240 r8192 d29928 u2097152
[STDERR  ] 2017-10-13T11:53:38.0764854Z: [    0.000000] Built 1 zonelists in Zone order, mobility grouping on.  Total pages: 257896
[STDERR  ] 2017-10-13T11:53:38.076493967Z: [    0.000000] Kernel command line: console=ttyS0 page_poison=1
[STDERR  ] 2017-10-13T11:53:38.076503897Z: [    0.000000] PID hash table entries: 4096 (order: 3, 32768 bytes)
[STDOUT  ] 2017-10-13T11:53:38.07644655Z: [    0.783774] devtmpfs: initialized
[STDOUT  ] 2017-10-13T11:53:38.0765352Z: [    0.790648] x86/mm: Memory block size: 128MB
[STDOUT  ] 2017-10-13T11:53:38.076546958Z: [    0.851812] clocksource: jiffies: mask: 0xffffffff max_cycles: 0xffffffff, max_idle_ns: 19112604462750000 ns
[STDOUT  ] 2017-10-13T11:53:38.076556085Z: [    0.852914] futex hash table entries: 256 (order: 2, 16384 bytes)
[STDOUT  ] 2017-10-13T11:53:38.076562337Z: [    0.863831] NET: Registered protocol family 16
[STDOUT  ] 2017-10-13T11:53:38.07656877Z: [    0.875531] cpuidle: using governor ladder
[STDOUT  ] 2017-10-13T11:53:38.076580292Z: [    0.875975] cpuidle: using governor menu
[STDOUT  ] 2017-10-13T11:53:38.07660636Z: [    0.877443] ACPI: bus type PCI registered
[STDERR  ] 2017-10-13T11:53:38.076515688Z: [    0.000000] Dentry cache hash table entries: 131072 (order: 8, 1048576 bytes)
[STDOUT  ] 2017-10-13T11:53:38.076617103Z: [    0.881045] PCI: MMCONFIG for domain 0000 [bus 00-ff] at [mem 0xb0000000-0xbfffffff] (base 0xb0000000)
[STDERR  ] 2017-10-13T11:53:38.076626107Z: [    0.000000] Inode-cache hash table entries: 65536 (order: 7, 524288 bytes)
[STDERR  ] 2017-10-13T11:53:38.076638215Z: [    0.000000] Memory: 988392K/1048052K available (8052K kernel code, 1367K rwdata, 2704K rodata, 1380K init, 568K bss, 59660K reserved, 0K cma-reserved)
[STDERR  ] 2017-10-13T11:53:38.07665937Z: [    0.000000] Hierarchical RCU implementation.
[STDERR  ] 2017-10-13T11:53:38.0766774Z: [    0.000000] 	Build-time adjustment of leaf fanout to 64.
[STDERR  ] 2017-10-13T11:53:38.076720372Z: [    0.000000] 	RCU restricting CPUs from NR_CPUS=128 to nr_cpu_ids=1.
[STDOUT  ] 2017-10-13T11:53:38.076626785Z: [    0.881934] PCI: MMCONFIG at [mem 0xb0000000-0xbfffffff] reserved in E820
[STDOUT  ] 2017-10-13T11:53:38.07674435Z: [    0.883349] PCI: Using configuration type 1 for base access
[STDOUT  ] 2017-10-13T11:53:38.076754113Z: [    0.941198] HugeTLB registered 2 MB page size, pre-allocated 0 pages
[STDOUT  ] 2017-10-13T11:53:38.076763703Z: [    0.957139] ACPI: Added _OSI(Module Device)
[STDOUT  ] 2017-10-13T11:53:38.076778318Z: [    0.957521] ACPI: Added _OSI(Processor Device)
[STDOUT  ] 2017-10-13T11:53:38.076788448Z: [    0.957801] ACPI: Added _OSI(3.0 _SCP Extensions)
[STDOUT  ] 2017-10-13T11:53:38.076797842Z: [    0.958121] ACPI: Added _OSI(Processor Aggregator Device)
[STDOUT  ] 2017-10-13T11:53:38.076807765Z: [    1.051204] ACPI: Interpreter enabled
[STDOUT  ] 2017-10-13T11:53:38.076818452Z: [    1.052334] ACPI: (supports S0 S5)
[STDOUT  ] 2017-10-13T11:53:38.07682819Z: [    1.052657] ACPI: Using IOAPIC for interrupt routing
[STDOUT  ] 2017-10-13T11:53:38.0768374Z: [    1.056419] PCI: Using host bridge windows from ACPI; if necessary, use "pci=nocrs" and report a bug
[STDOUT  ] 2017-10-13T11:53:38.076846737Z: [    1.145613] ACPI: PCI Root Bridge [PCI0] (domain 0000 [bus 00-ff])
[STDOUT  ] 2017-10-13T11:53:38.076855633Z: [    1.146668] acpi PNP0A08:00: _OSC: OS supports [ExtendedConfig ASPM ClockPM Segments MSI]
[STDOUT  ] 2017-10-13T11:53:38.076865038Z: [    1.154981] acpi PNP0A08:00: _OSC: OS now controls [PCIeHotplug PME PCIeCapability]
[STDERR  ] 2017-10-13T11:53:38.076730348Z: [    0.000000] RCU: Adjusting geometry for rcu_fanout_leaf=64, nr_cpu_ids=1
[STDOUT  ] 2017-10-13T11:53:38.076874335Z: [    1.159473] PCI host bridge to bus 0000:00
[STDERR  ] 2017-10-13T11:53:38.076883685Z: [    0.000000] NR_IRQS:8448 nr_irqs:256 16
[STDERR  ] 2017-10-13T11:53:38.076904605Z: [    0.000000] Console: colour VGA+ 80x25
[STDERR  ] 2017-10-13T11:53:38.076916712Z: [    0.000000] console [ttyS0] enabled
[STDERR  ] 2017-10-13T11:53:38.076926702Z: [    0.000000] allocated 2097152 bytes of page_ext
[STDERR  ] 2017-10-13T11:53:38.076936518Z: [    0.000000] clocksource: hpet: mask: 0xffffffff max_cycles: 0xffffffff, max_idle_ns: 19112604467 ns
[STDERR  ] 2017-10-13T11:53:38.076947397Z: [    0.000000] tsc: Unable to calibrate against PIT
[STDERR  ] 2017-10-13T11:53:38.076957022Z: [    0.000000] tsc: using HPET reference calibration
[STDERR  ] 2017-10-13T11:53:38.076966443Z: [    0.000000] tsc: Detected 2600.056 MHz processor
[STDERR  ] 2017-10-13T11:53:38.076977663Z: [    0.052634] Calibrating delay loop (skipped), value calculated using timer frequency.. 5200.11 BogoMIPS (lpj=26000560)
[STDERR  ] 2017-10-13T11:53:38.07698839Z: [    0.054001] pid_max: default: 32768 minimum: 301
[STDERR  ] 2017-10-13T11:53:38.076998085Z: [    0.055162] ACPI: Core revision 20160831
[STDERR  ] 2017-10-13T11:53:38.077007943Z: [    0.097576] ACPI: 1 ACPI AML tables successfully acquired and loaded
[STDERR  ] 2017-10-13T11:53:38.077018022Z: [    0.103075] Security Framework initialized
[STDERR  ] 2017-10-13T11:53:38.077027443Z: [    0.103640] Yama: becoming mindful.
[STDOUT  ] 2017-10-13T11:53:38.076888565Z: [    1.160197] pci_bus 0000:00: root bus resource [io  0x0000-0x0cf7 window]
[STDERR  ] 2017-10-13T11:53:38.077042103Z: [    0.105906] Mount-cache hash table entries: 2048 (order: 2, 16384 bytes)
[STDERR  ] 2017-10-13T11:53:38.077052198Z: [    0.106580] Mountpoint-cache hash table entries: 2048 (order: 2, 16384 bytes)
[STDERR  ] 2017-10-13T11:53:38.077064268Z: [    0.126764] Last level iTLB entries: 4KB 0, 2MB 0, 4MB 0
[STDERR  ] 2017-10-13T11:53:38.077076105Z: [    0.127316] Last level dTLB entries: 4KB 0, 2MB 0, 4MB 0, 1GB 0
[STDERR  ] 2017-10-13T11:53:38.077086158Z: [    0.461167] Freeing SMP alternatives memory: 20K
[STDERR  ] 2017-10-13T11:53:38.077101838Z: [    0.472056] ftrace: allocating 35580 entries in 139 pages
[STDERR  ] 2017-10-13T11:53:38.077111498Z: [    0.637103] smpboot: Max logical packages: 1
[STDOUT  ] 2017-10-13T11:53:38.07705265Z: [    1.160609] pci_bus 0000:00: root bus resource [io  0x0d00-0xffff window]
[STDOUT  ] 2017-10-13T11:53:38.0771353Z: [    1.161088] pci_bus 0000:00: root bus resource [mem 0x000a0000-0x000bffff window]
[STDOUT  ] 2017-10-13T11:53:38.077146955Z: [    1.161581] pci_bus 0000:00: root bus resource [mem 0xc0000000-0xfebfffff window]
[STDOUT  ] 2017-10-13T11:53:38.077156062Z: [    1.162269] pci_bus 0000:00: root bus resource [bus 00-ff]
[STDOUT  ] 2017-10-13T11:53:38.077165792Z: [    1.296124] pci 0000:00:1f.0: quirk: [io  0x0600-0x067f] claimed by ICH6 ACPI/GPIO/TCO
[STDOUT  ] 2017-10-13T11:53:38.07717607Z: [    1.372371] ACPI: PCI Interrupt Link [LNKA] (IRQs 5 *10 11)
[STDOUT  ] 2017-10-13T11:53:38.07718518Z: [    1.375493] ACPI: PCI Interrupt Link [LNKB] (IRQs 5 *10 11)
[STDOUT  ] 2017-10-13T11:53:38.07719565Z: [    1.378051] ACPI: PCI Interrupt Link [LNKC] (IRQs 5 10 *11)
[STDOUT  ] 2017-10-13T11:53:38.077205688Z: [    1.380524] ACPI: PCI Interrupt Link [LNKD] (IRQs 5 10 *11)
[STDOUT  ] 2017-10-13T11:53:38.077216307Z: [    1.382770] ACPI: PCI Interrupt Link [LNKE] (IRQs 5 *10 11)
[STDOUT  ] 2017-10-13T11:53:38.077226713Z: [    1.385223] ACPI: PCI Interrupt Link [LNKF] (IRQs 5 *10 11)
[STDOUT  ] 2017-10-13T11:53:38.077236058Z: [    1.387334] ACPI: PCI Interrupt Link [LNKG] (IRQs 5 10 *11)
[STDOUT  ] 2017-10-13T11:53:38.077245135Z: [    1.389510] ACPI: PCI Interrupt Link [LNKH] (IRQs 5 10 *11)
[STDOUT  ] 2017-10-13T11:53:38.07725449Z: [    1.390972] ACPI: PCI Interrupt Link [GSIA] (IRQs *16)
[STDOUT  ] 2017-10-13T11:53:38.077263905Z: [    1.391771] ACPI: PCI Interrupt Link [GSIB] (IRQs *17)
[STDOUT  ] 2017-10-13T11:53:38.077273165Z: [    1.392562] ACPI: PCI Interrupt Link [GSIC] (IRQs *18)
[STDOUT  ] 2017-10-13T11:53:38.077281953Z: [    1.393319] ACPI: PCI Interrupt Link [GSID] (IRQs *19)
[STDOUT  ] 2017-10-13T11:53:38.077291782Z: [    1.394067] ACPI: PCI Interrupt Link [GSIE] (IRQs *20)
[STDOUT  ] 2017-10-13T11:53:38.07730936Z: [    1.394923] ACPI: PCI Interrupt Link [GSIF] (IRQs *21)
[STDOUT  ] 2017-10-13T11:53:38.07732124Z: [    1.395717] ACPI: PCI Interrupt Link [GSIG] (IRQs *22)
[STDOUT  ] 2017-10-13T11:53:38.077335053Z: [    1.396470] ACPI: PCI Interrupt Link [GSIH] (IRQs *23)
[STDOUT  ] 2017-10-13T11:53:38.077344422Z: [    1.401851] ACPI: Enabled 2 GPEs in block 00 to 3F
[STDOUT  ] 2017-10-13T11:53:38.077355297Z: [    1.408022] SCSI subsystem initialized
[STDOUT  ] 2017-10-13T11:53:38.077364705Z: [    1.411346] ACPI: bus type USB registered
[STDOUT  ] 2017-10-13T11:53:38.077374005Z: [    1.412917] usbcore: registered new interface driver usbfs
[STDOUT  ] 2017-10-13T11:53:38.0773848Z: [    1.414101] usbcore: registered new interface driver hub
[STDOUT  ] 2017-10-13T11:53:38.077395558Z: [    1.415259] usbcore: registered new device driver usb
[STDOUT  ] 2017-10-13T11:53:38.07740495Z: [    1.416857] pps_core: LinuxPPS API ver. 1 registered
[STDOUT  ] 2017-10-13T11:53:38.077415212Z: [    1.417263] pps_core: Software ver. 5.3.6 - Copyright 2005-2007 Rodolfo Giometti <giometti@linux.it>
[STDOUT  ] 2017-10-13T11:53:38.077425527Z: [    1.418064] PTP clock support registered
[STDOUT  ] 2017-10-13T11:53:38.077434932Z: [    1.419463] wmi: Mapper loaded
[STDOUT  ] 2017-10-13T11:53:38.077444537Z: [    1.420996] PCI: Using ACPI for IRQ routing
[STDOUT  ] 2017-10-13T11:53:38.07745474Z: [    1.441758] NetLabel: Initializing
[STDOUT  ] 2017-10-13T11:53:38.077465152Z: [    1.442001] NetLabel:  domain hash size = 128
[STDOUT  ] 2017-10-13T11:53:38.077474382Z: [    1.442438] NetLabel:  protocols = UNLABELED CIPSOv4
[STDOUT  ] 2017-10-13T11:53:38.07748508Z: [    1.445385] NetLabel:  unlabeled traffic allowed by default
[STDOUT  ] 2017-10-13T11:53:38.077495018Z: [    1.446884] HPET: 3 timers in total, 0 timers will be used for per-cpu timer
[STDOUT  ] 2017-10-13T11:53:38.077504532Z: [    1.447759] hpet0: at MMIO 0xfed00000, IRQs 2, 8, 0
[STDOUT  ] 2017-10-13T11:53:38.077521738Z: [    1.448391] hpet0: 3 comparators, 64-bit 100.000000 MHz counter
[STDOUT  ] 2017-10-13T11:53:38.077533378Z: [    1.456169] clocksource: Switched to clocksource hpet
[STDOUT  ] 2017-10-13T11:53:38.077544045Z: [    1.798197] VFS: Disk quotas dquot_6.6.0
[STDOUT  ] 2017-10-13T11:53:38.07755805Z: [    1.799136] VFS: Dquot-cache hash table entries: 512 (order 0, 4096 bytes)
[STDOUT  ] 2017-10-13T11:53:38.077567672Z: [    1.803727] FS-Cache: Loaded
[STDOUT  ] 2017-10-13T11:53:38.077577572Z: [    1.811625] CacheFiles: Loaded
[STDOUT  ] 2017-10-13T11:53:38.077588753Z: [    1.813555] pnp: PnP ACPI init
[STDOUT  ] 2017-10-13T11:53:38.07759973Z: [    1.826559] pnp: PnP ACPI: found 5 devices
[STDOUT  ] 2017-10-13T11:53:38.077609195Z: [    1.882388] clocksource: acpi_pm: mask: 0xffffff max_cycles: 0xffffff, max_idle_ns: 2085701024 ns
[STDOUT  ] 2017-10-13T11:53:38.07761888Z: [    1.887038] NET: Registered protocol family 2
[STDOUT  ] 2017-10-13T11:53:38.077628702Z: [    1.895994] TCP established hash table entries: 8192 (order: 4, 65536 bytes)
[STDOUT  ] 2017-10-13T11:53:38.077638343Z: [    1.897057] TCP bind hash table entries: 8192 (order: 5, 131072 bytes)
[STDOUT  ] 2017-10-13T11:53:38.077648267Z: [    1.897826] TCP: Hash tables configured (established 8192 bind 8192)
[STDOUT  ] 2017-10-13T11:53:38.077657297Z: [    1.900788] UDP hash table entries: 512 (order: 2, 16384 bytes)
[STDOUT  ] 2017-10-13T11:53:38.077666532Z: [    1.901527] UDP-Lite hash table entries: 512 (order: 2, 16384 bytes)
[STDOUT  ] 2017-10-13T11:53:38.077676202Z: [    1.904227] NET: Registered protocol family 1
[STDOUT  ] 2017-10-13T11:53:38.0776947Z: [    1.905376] pci 0000:00:01.0: Video device with shadowed ROM at [mem 0x000c0000-0x000dffff]
[STDOUT  ] 2017-10-13T11:53:38.077707335Z: [    1.916137] Unpacking initramfs...
[STDOUT  ] 2017-10-13T11:53:38.077715803Z: [    6.148994] Freeing initrd memory: 25780K
[STDOUT  ] 2017-10-13T11:53:38.077724493Z: [    6.195446] PCLMULQDQ-NI instructions are not detected.
[STDOUT  ] 2017-10-13T11:53:38.077734157Z: [    6.197567] AVX or AES-NI instructions are not detected.
[STDOUT  ] 2017-10-13T11:53:38.077750632Z: [    6.198082] CPU feature 'AVX registers' is not supported.
[STDOUT  ] 2017-10-13T11:53:38.077760882Z: [    6.198563] CPU feature 'AVX registers' is not supported.
[STDOUT  ] 2017-10-13T11:53:38.077770267Z: [    6.199093] CPU feature 'AVX registers' is not supported.
[STDOUT  ] 2017-10-13T11:53:38.07778573Z: [    6.199560] CPU feature 'AVX registers' is not supported.
[STDOUT  ] 2017-10-13T11:53:38.077798263Z: [    6.200053] AVX2 or AES-NI instructions are not detected.
[STDOUT  ] 2017-10-13T11:53:38.07780755Z: [    6.201769] AVX2 instructions are not detected.
[STDOUT  ] 2017-10-13T11:53:38.077816567Z: [    6.213270] audit: initializing netlink subsys (disabled)
[STDOUT  ] 2017-10-13T11:53:38.077833235Z: [    6.215808] audit: type=2000 audit(1507895584.210:1): initialized
[STDOUT  ] 2017-10-13T11:53:38.077849267Z: [    6.227329] workingset: timestamp_bits=46 max_order=18 bucket_order=0
[STDOUT  ] 2017-10-13T11:53:38.07785923Z: [    6.236890] squashfs: version 4.0 (2009/01/31) Phillip Lougher
[STDOUT  ] 2017-10-13T11:53:38.07786958Z: [    6.241118] FS-Cache: Netfs 'cifs' registered for caching
[STDOUT  ] 2017-10-13T11:53:38.077879383Z: [    6.242667] fuse init (API version 7.26)
[STDOUT  ] 2017-10-13T11:53:38.077906055Z: [    6.245973] SGI XFS with ACLs, security attributes, no debug enabled
[STDOUT  ] 2017-10-13T11:53:38.077917622Z: [    6.257473] 9p: Installing v9fs 9p2000 file system support
[STDOUT  ] 2017-10-13T11:53:38.077927303Z: [    6.257951] FS-Cache: Netfs '9p' registered for caching
[STDOUT  ] 2017-10-13T11:53:38.07793787Z: [    6.315951] NET: Registered protocol family 38
[STDOUT  ] 2017-10-13T11:53:38.077947328Z: [    6.316634] Key type asymmetric registered
[STDOUT  ] 2017-10-13T11:53:38.077956365Z: [    6.317104] Asymmetric key parser 'x509' registered
[STDOUT  ] 2017-10-13T11:53:38.07796635Z: [    6.318568] Block layer SCSI generic (bsg) driver version 0.4 loaded (major 251)
[STDOUT  ] 2017-10-13T11:53:38.07798433Z: [    6.323073] io scheduler noop registered
[STDOUT  ] 2017-10-13T11:53:38.077994028Z: [    6.323560] io scheduler deadline registered (default)
[STDOUT  ] 2017-10-13T11:53:38.078004015Z: [    6.324808] io scheduler cfq registered
[STDOUT  ] 2017-10-13T11:53:38.07801259Z: [    6.329090] pci_hotplug: PCI Hot Plug PCI Core version: 0.5
[STDOUT  ] 2017-10-13T11:53:38.07802216Z: [    6.330038] pciehp: PCI Express Hot Plug Controller Driver version: 0.4
[STDOUT  ] 2017-10-13T11:53:38.07803121Z: [    6.333636] shpchp: Standard Hot Plug PCI Controller Driver version: 0.4
[STDOUT  ] 2017-10-13T11:53:38.07804669Z: [    6.335211] hv_vmbus: registering driver hyperv_fb
[STDOUT  ] 2017-10-13T11:53:38.07805627Z: [    6.341332] input: Power Button as /devices/LNXSYSTM:00/LNXPWRBN:00/input/input0
[STDOUT  ] 2017-10-13T11:53:38.078067712Z: [    6.342989] ACPI: Power Button [PWRF]
[STDOUT  ] 2017-10-13T11:53:38.078077205Z: [    6.350947] GHES: HEST is not enabled!
[STDOUT  ] 2017-10-13T11:53:38.078090743Z: [    6.365150] ACPI: PCI Interrupt Link [GSIG] enabled at IRQ 22
[STDOUT  ] 2017-10-13T11:53:38.07810032Z: [    6.382537] ACPI: PCI Interrupt Link [GSIH] enabled at IRQ 23
[STDOUT  ] 2017-10-13T11:53:38.078109473Z: [    6.389047] xenfs: not registering filesystem on non-xen platform
[STDOUT  ] 2017-10-13T11:53:38.07811843Z: [    6.392702] Serial: 8250/16550 driver, 4 ports, IRQ sharing disabled
[STDOUT  ] 2017-10-13T11:53:38.07812758Z: [    6.418481] 00:04: ttyS0 at I/O 0x3f8 (irq = 4, base_baud = 115200) is a 16550A
[STDOUT  ] 2017-10-13T11:53:38.07813669Z: [    6.437736] Non-volatile memory driver v1.3
[STDOUT  ] 2017-10-13T11:53:38.078146185Z: [    6.448650] Hangcheck: starting hangcheck timer 0.9.1 (tick is 180 seconds, margin is 60 seconds).
[STDOUT  ] 2017-10-13T11:53:38.078156615Z: [    6.513221] loop: module loaded
[STDOUT  ] 2017-10-13T11:53:38.078166573Z: [    6.548859] nbd: registered device at major 43
[STDOUT  ] 2017-10-13T11:53:38.07817572Z: [    6.619608] lpc_ich 0000:00:1f.0: I/O space for GPIO uninitialized
[STDOUT  ] 2017-10-13T11:53:38.07819953Z: [    6.623225] VMware PVSCSI driver - version 1.0.7.0-k
[STDOUT  ] 2017-10-13T11:53:38.078210575Z: [    6.624544] hv_vmbus: registering driver hv_storvsc
[STDOUT  ] 2017-10-13T11:53:38.07822014Z: [    6.639494] ACPI: PCI Interrupt Link [GSIA] enabled at IRQ 16
[STDOUT  ] 2017-10-13T11:53:38.07823078Z: [    6.650684] ahci 0000:00:1f.2: AHCI 0001.0000 32 slots 6 ports 1.5 Gbps 0x3f impl SATA mode
[STDOUT  ] 2017-10-13T11:53:38.078240252Z: [    6.651550] ahci 0000:00:1f.2: flags: 64bit ncq only 
[STDOUT  ] 2017-10-13T11:53:38.078249985Z: [    6.683227] scsi host0: ahci
[STDOUT  ] 2017-10-13T11:53:38.078259913Z: [    6.691266] scsi host1: ahci
[STDOUT  ] 2017-10-13T11:53:38.078269565Z: [    6.696000] scsi host2: ahci
[STDOUT  ] 2017-10-13T11:53:38.078281035Z: [    6.699957] scsi host3: ahci
[STDOUT  ] 2017-10-13T11:53:38.07831531Z: [    6.703606] scsi host4: ahci
[STDOUT  ] 2017-10-13T11:53:38.078326375Z: [    6.706976] scsi host5: ahci
[STDOUT  ] 2017-10-13T11:53:38.078336382Z: [    6.709304] ata1: SATA max UDMA/133 abar m4096@0xfebd2000 port 0xfebd2100 irq 24
[STDOUT  ] 2017-10-13T11:53:38.078345625Z: [    6.709815] ata2: SATA max UDMA/133 abar m4096@0xfebd2000 port 0xfebd2180 irq 24
[STDOUT  ] 2017-10-13T11:53:38.07835459Z: [    6.710910] ata3: SATA max UDMA/133 abar m4096@0xfebd2000 port 0xfebd2200 irq 24
[STDOUT  ] 2017-10-13T11:53:38.07836502Z: [    6.711406] ata4: SATA max UDMA/133 abar m4096@0xfebd2000 port 0xfebd2280 irq 24
[STDOUT  ] 2017-10-13T11:53:38.078375432Z: [    6.711914] ata5: SATA max UDMA/133 abar m4096@0xfebd2000 port 0xfebd2300 irq 24
[STDOUT  ] 2017-10-13T11:53:38.078385013Z: [    6.712367] ata6: SATA max UDMA/133 abar m4096@0xfebd2000 port 0xfebd2380 irq 24
[STDOUT  ] 2017-10-13T11:53:38.078395605Z: [    6.732633] tun: Universal TUN/TAP device driver, 1.6
[STDOUT  ] 2017-10-13T11:53:38.078404517Z: [    6.733123] tun: (C) 1999-2004 Max Krasnyansky <maxk@qualcomm.com>
[STDOUT  ] 2017-10-13T11:53:38.078421632Z: [    6.752357] VMware vmxnet3 virtual NIC driver - version 1.4.a.0-k-NAPI
[STDOUT  ] 2017-10-13T11:53:38.07843077Z: [    6.753724] hv_vmbus: registering driver hv_netvsc
[STDOUT  ] 2017-10-13T11:53:38.07843989Z: [    6.754197] Fusion MPT base driver 3.04.20
[STDOUT  ] 2017-10-13T11:53:38.078448797Z: [    6.754521] Copyright (c) 1999-2008 LSI Corporation
[STDOUT  ] 2017-10-13T11:53:38.078459657Z: [    6.755390] Fusion MPT SPI Host driver 3.04.20
[STDOUT  ] 2017-10-13T11:53:38.07847443Z: [    6.759025] i8042: PNP: PS/2 Controller [PNP0303:KBD,PNP0f13:MOU] at 0x60,0x64 irq 1,12
[STDOUT  ] 2017-10-13T11:53:38.078483435Z: [    6.764950] serio: i8042 KBD port at 0x60,0x64 irq 1
[STDOUT  ] 2017-10-13T11:53:38.078494063Z: [    6.765933] serio: i8042 AUX port at 0x60,0x64 irq 12
[STDOUT  ] 2017-10-13T11:53:38.07850458Z: [    6.769845] hv_vmbus: registering driver hyperv_keyboard
[STDOUT  ] 2017-10-13T11:53:38.078514505Z: [    6.774291] mousedev: PS/2 mouse device common for all mice
[STDOUT  ] 2017-10-13T11:53:38.078523965Z: [    6.782359] input: PC Speaker as /devices/platform/pcspkr/input/input2
[STDOUT  ] 2017-10-13T11:53:38.078534138Z: [    6.784710] input: AT Translated Set 2 keyboard as /devices/platform/i8042/serio0/input/input1
[STDOUT  ] 2017-10-13T11:53:38.078544177Z: [    6.789573] rtc_cmos 00:00: RTC can wake from S4
[STDOUT  ] 2017-10-13T11:53:38.078552927Z: [    6.795334] rtc_cmos 00:00: rtc core: registered rtc_cmos as rtc0
[STDOUT  ] 2017-10-13T11:53:38.078569427Z: [    6.797132] rtc_cmos 00:00: alarms up to one day, y3k, 114 bytes nvram, hpet irqs
[STDOUT  ] 2017-10-13T11:53:38.078579762Z: [    6.798019] i2c /dev entries driver
[STDOUT  ] 2017-10-13T11:53:38.078589226Z: [    6.801602] device-mapper: ioctl: 4.35.0-ioctl (2016-06-23) initialised: dm-devel@redhat.com
[STDOUT  ] 2017-10-13T11:53:38.078598246Z: [    6.807715] usbcore: registered new interface driver usbhid
[STDOUT  ] 2017-10-13T11:53:38.078607197Z: [    6.808136] usbhid: USB HID core driver
[STDOUT  ] 2017-10-13T11:53:38.078616372Z: [    6.808927] hv_utils: Registering HyperV Utility Driver
[STDOUT  ] 2017-10-13T11:53:38.078632279Z: [    6.809284] hv_vmbus: registering driver hv_util
[STDOUT  ] 2017-10-13T11:53:38.078640456Z: [    6.809590] hv_vmbus: registering driver hv_balloon
[STDOUT  ] 2017-10-13T11:53:38.078650564Z: [    6.810998] oprofile: using NMI interrupt.
[STDOUT  ] 2017-10-13T11:53:38.078658474Z: [    6.812705] GACT probability on
[STDOUT  ] 2017-10-13T11:53:38.078668027Z: [    6.813258] Mirror/redirect action on
[STDOUT  ] 2017-10-13T11:53:38.078677651Z: [    6.814357] Simple TC action Loaded
[STDOUT  ] 2017-10-13T11:53:38.078698207Z: [    6.815043] u32 classifier
[STDOUT  ] 2017-10-13T11:53:38.078710022Z: [    6.815252]     Performance counters on
[STDOUT  ] 2017-10-13T11:53:38.078718629Z: [    6.815486]     input device check on
[STDOUT  ] 2017-10-13T11:53:38.078725331Z: [    6.815753]     Actions configured
[STDOUT  ] 2017-10-13T11:53:38.078731116Z: [    6.816423] Netfilter messages via NETLINK v0.30.
[STDOUT  ] 2017-10-13T11:53:38.078746102Z: [    6.817149] nfnl_acct: registering with nfnetlink.
[STDOUT  ] 2017-10-13T11:53:38.078763121Z: [    6.818569] nf_conntrack version 0.5.0 (8192 buckets, 32768 max)
[STDOUT  ] 2017-10-13T11:53:38.078773296Z: [    6.823316] ctnetlink v0.93: registering with nfnetlink.
[STDOUT  ] 2017-10-13T11:53:38.078782999Z: [    6.826879] nf_tables: (c) 2007-2009 Patrick McHardy <kaber@trash.net>
[STDOUT  ] 2017-10-13T11:53:38.078793172Z: [    6.828157] nf_tables_compat: (c) 2012 Pablo Neira Ayuso <pablo@netfilter.org>
[STDOUT  ] 2017-10-13T11:53:38.078802727Z: [    6.831717] xt_time: kernel timezone is -0000
[STDOUT  ] 2017-10-13T11:53:38.078812849Z: [    6.832354] ip_set: protocol 6
[STDOUT  ] 2017-10-13T11:53:38.078828259Z: [    6.833191] IPVS: Registered protocols (TCP, UDP, SCTP, AH, ESP)
[STDOUT  ] 2017-10-13T11:53:38.078836896Z: [    6.834027] IPVS: Connection hash table configured (size=4096, memory=64Kbytes)
[STDOUT  ] 2017-10-13T11:53:38.078845999Z: [    6.836074] IPVS: Creating netns size=2104 id=0
[STDOUT  ] 2017-10-13T11:53:38.078868541Z: [    6.839400] IPVS: ipvs loaded.
[STDOUT  ] 2017-10-13T11:53:38.078878739Z: [    6.839881] IPVS: [rr] scheduler registered.
[STDOUT  ] 2017-10-13T11:53:38.078888109Z: [    6.841399] IPVS: [wrr] scheduler registered.
[STDOUT  ] 2017-10-13T11:53:38.078897429Z: [    6.841697] IPVS: [lc] scheduler registered.
[STDOUT  ] 2017-10-13T11:53:38.078906871Z: [    6.841983] IPVS: [wlc] scheduler registered.
[STDOUT  ] 2017-10-13T11:53:38.078916187Z: [    6.842234] IPVS: [fo] scheduler registered.
[STDOUT  ] 2017-10-13T11:53:38.078925914Z: [    6.842547] IPVS: [ovf] scheduler registered.
[STDOUT  ] 2017-10-13T11:53:38.078939719Z: [    6.843093] IPVS: [lblc] scheduler registered.
[STDOUT  ] 2017-10-13T11:53:38.078948262Z: [    6.843554] IPVS: [lblcr] scheduler registered.
[STDOUT  ] 2017-10-13T11:53:38.078956652Z: [    6.843894] IPVS: [dh] scheduler registered.
[STDOUT  ] 2017-10-13T11:53:38.078965446Z: [    6.844221] IPVS: [sh] scheduler registered.
[STDOUT  ] 2017-10-13T11:53:38.078975074Z: [    6.844434] IPVS: [sed] scheduler registered.
[STDOUT  ] 2017-10-13T11:53:38.078985249Z: [    6.844755] IPVS: [nq] scheduler registered.
[STDOUT  ] 2017-10-13T11:53:38.078994636Z: [    6.845594] IPVS: ftp: loaded support on port[0] = 21
[STDOUT  ] 2017-10-13T11:53:38.079004152Z: [    6.846655] ipip: IPv4 and MPLS over IPv4 tunneling driver
[STDOUT  ] 2017-10-13T11:53:38.079013511Z: [    6.853168] gre: GRE over IPv4 demultiplexor driver
[STDOUT  ] 2017-10-13T11:53:38.079022902Z: [    6.856768] ip_tables: (C) 2000-2006 Netfilter Core Team
[STDOUT  ] 2017-10-13T11:53:38.079032121Z: [    6.861225] ipt_CLUSTERIP: ClusterIP Version 0.8 loaded successfully
[STDOUT  ] 2017-10-13T11:53:38.079042962Z: [    6.862375] arp_tables: arp_tables: (C) 2002 David S. Miller
[STDOUT  ] 2017-10-13T11:53:38.079052224Z: [    6.865352] NET: Registered protocol family 10
[STDOUT  ] 2017-10-13T11:53:38.079069629Z: [    6.878358] ip6_tables: (C) 2000-2006 Netfilter Core Team
[STDOUT  ] 2017-10-13T11:53:38.079079092Z: [    6.891928] NET: Registered protocol family 17
[STDOUT  ] 2017-10-13T11:53:38.079094082Z: [    6.893725] Bridge firewalling registered
[STDOUT  ] 2017-10-13T11:53:38.079103662Z: [    6.894374] Ebtables v2.0 registered
[STDOUT  ] 2017-10-13T11:53:38.079113209Z: [    6.897572] 8021q: 802.1Q VLAN Support v1.8
[STDOUT  ] 2017-10-13T11:53:38.079122456Z: [    6.899920] 9pnet: Installing 9P2000 support
[STDOUT  ] 2017-10-13T11:53:38.079131991Z: [    6.903135] Key type dns_resolver registered
[STDOUT  ] 2017-10-13T11:53:38.079142149Z: [    6.904666] microcode: AMD CPU family 0x6 not supported
[STDOUT  ] 2017-10-13T11:53:38.079151701Z: [    6.910904] registered taskstats version 1
[STDOUT  ] 2017-10-13T11:53:38.079160974Z: [    7.051071] ata1: SATA link down (SStatus 0 SControl 300)
[STDOUT  ] 2017-10-13T11:53:38.079170542Z: [    7.056324] ata2: SATA link down (SStatus 0 SControl 300)
[STDOUT  ] 2017-10-13T11:53:38.079179701Z: [    7.058123] ata3: SATA link up 1.5 Gbps (SStatus 113 SControl 300)
[STDOUT  ] 2017-10-13T11:53:38.079189142Z: [    7.062595] ata4: SATA link down (SStatus 0 SControl 300)
[STDOUT  ] 2017-10-13T11:53:38.079198299Z: [    7.070863] ata3.00: ATAPI: QEMU DVD-ROM, 2.5+, max UDMA/100
[STDOUT  ] 2017-10-13T11:53:38.079207134Z: [    7.071734] ata3.00: applying bridge limits
[STDOUT  ] 2017-10-13T11:53:38.079219249Z: [    7.074176] ata5: SATA link down (SStatus 0 SControl 300)
[STDOUT  ] 2017-10-13T11:53:38.079228252Z: [    7.074900] ata6: SATA link down (SStatus 0 SControl 300)
[STDOUT  ] 2017-10-13T11:53:38.079237864Z: [    7.081484] ata3.00: configured for UDMA/100
[STDOUT  ] 2017-10-13T11:53:38.079248332Z: [    7.113194] scsi 2:0:0:0: CD-ROM            QEMU     QEMU DVD-ROM     2.5+ PQ: 0 ANSI: 5
[STDOUT  ] 2017-10-13T11:53:38.079258377Z: [    7.154982] sr 2:0:0:0: [sr0] scsi3-mmc drive: 4x/4x cd/rw xa/form2 tray
[STDOUT  ] 2017-10-13T11:53:38.079268132Z: [    7.155882] cdrom: Uniform CD-ROM driver Revision: 3.20
[STDOUT  ] 2017-10-13T11:53:38.079277437Z: [    7.184058] sr 2:0:0:0: Attached scsi generic sg0 type 5
[STDOUT  ] 2017-10-13T11:53:38.079298907Z: [    7.201379] tsc: Refined TSC clocksource calibration: 2599.995 MHz
[STDOUT  ] 2017-10-13T11:53:38.079309161Z: [    7.202231] clocksource: tsc: mask: 0xffffffffffffffff max_cycles: 0x257a376535a, max_idle_ns: 440795296166 ns
[STDOUT  ] 2017-10-13T11:53:38.079320319Z: [    7.231969] Key type big_key registered
[STDOUT  ] 2017-10-13T11:53:38.079361704Z: [    7.415083] Key type encrypted registered
[STDOUT  ] 2017-10-13T11:53:38.079372589Z: [    7.423438] rtc_cmos 00:00: setting system clock to 2017-10-13 11:53:06 UTC (1507895586)
[STDOUT  ] 2017-10-13T11:53:38.079388607Z: [    7.599040] Freeing unused kernel memory: 1380K
[STDOUT  ] 2017-10-13T11:53:38.079397977Z: [    7.599380] Write protecting the kernel read-only data: 12288k
[STDOUT  ] 2017-10-13T11:53:38.079407737Z: [    7.608204] Freeing unused kernel memory: 124K
[STDOUT  ] 2017-10-13T11:53:38.079417171Z: [    7.708925] Freeing unused kernel memory: 1392K
[STDOUT  ] 2017-10-13T11:53:38.079426369Z: [    8.217049] clocksource: Switched to clocksource tsc
[STDOUT  ] 2017-10-13T11:53:38.079435794Z: 
[STDOUT  ] 2017-10-13T11:53:38.079451936Z: Welcome to LinuxKit
[STDOUT  ] 2017-10-13T11:53:38.079465162Z: 
[STDOUT  ] 2017-10-13T11:53:38.079474871Z:                         ##         .
[STDOUT  ] 2017-10-13T11:53:38.079485166Z:                   ## ## ##        ==
[STDOUT  ] 2017-10-13T11:53:38.079494592Z:                ## ## ## ## ##    ===
[STDOUT  ] 2017-10-13T11:53:38.079504047Z:            /"""""""""""""""""\___/ ===
[STDOUT  ] 2017-10-13T11:53:38.079513154Z:           {                       /  ===-
[STDOUT  ] 2017-10-13T11:53:38.079522434Z:            \______ O           __/
[STDOUT  ] 2017-10-13T11:53:38.079531732Z:              \    \         __/
[STDOUT  ] 2017-10-13T11:53:38.079541097Z:               \____\_______/
[STDOUT  ] 2017-10-13T11:53:38.079550389Z: 
[STDOUT  ] 2017-10-13T11:53:38.079560889Z: sysctl test suite PASSED
[STDOUT  ] 2017-10-13T11:53:38.079571089Z: [   37.904132] ACPI: Preparing to enter system sleep state S5
[STDOUT  ] 2017-10-13T11:53:38.079585732Z: [   37.906558] reboot: Power down
[STDERR  ] 2017-10-13T11:53:38.077121287Z: [    0.645715] ..TIMER: vector=0x30 apic1=0 pin1=2 apic2=-1 pin2=-1
[STDERR  ] 2017-10-13T11:53:38.079615512Z: [    0.750000] smpboot: CPU0: AMD QEMU Virtual CPU version 2.5+ (family: 0x6, model: 0x6, stepping: 0x3)
[STDERR  ] 2017-10-13T11:53:38.079625772Z: [    0.750000] Performance Events: PMU not available due to virtualization, using software events only.
[STDERR  ] 2017-10-13T11:53:38.079635967Z: [    0.760613] NMI watchdog: disabled (cpu0): hardware events not enabled
[STDERR  ] 2017-10-13T11:53:38.079646419Z: [    0.761259] NMI watchdog: Shutting down hard lockup detector on all cpus
[STDERR  ] 2017-10-13T11:53:38.079655756Z: [    0.765397] x86: Booted up 1 node, 1 CPUs
[STDERR  ] 2017-10-13T11:53:38.079665212Z: [    0.765872] smpboot: Total of 1 processors activated (5200.11 BogoMIPS)
[STDERR  ] 2017-10-13T11:53:38.079674612Z: [    0.783774] devtmpfs: initialized
[STDERR  ] 2017-10-13T11:53:38.079684091Z: [    0.790648] x86/mm: Memory block size: 128MB
[STDERR  ] 2017-10-13T11:53:38.079704589Z: [    0.851812] clocksource: jiffies: mask: 0xffffffff max_cycles: 0xffffffff, max_idle_ns: 19112604462750000 ns
[STDERR  ] 2017-10-13T11:53:38.079715342Z: [    0.852914] futex hash table entries: 256 (order: 2, 16384 bytes)
[STDERR  ] 2017-10-13T11:53:38.079724682Z: [    0.863831] NET: Registered protocol family 16
[STDERR  ] 2017-10-13T11:53:38.079734232Z: [    0.875531] cpuidle: using governor ladder
[STDERR  ] 2017-10-13T11:53:38.079743662Z: [    0.875975] cpuidle: using governor menu
[STDERR  ] 2017-10-13T11:53:38.079752859Z: [    0.877443] ACPI: bus type PCI registered
[STDERR  ] 2017-10-13T11:53:38.079762064Z: [    0.881045] PCI: MMCONFIG for domain 0000 [bus 00-ff] at [mem 0xb0000000-0xbfffffff] (base 0xb0000000)
[STDERR  ] 2017-10-13T11:53:38.079776049Z: [    0.881934] PCI: MMCONFIG at [mem 0xb0000000-0xbfffffff] reserved in E820
[STDERR  ] 2017-10-13T11:53:38.079792002Z: [    0.883349] PCI: Using configuration type 1 for base access
[STDERR  ] 2017-10-13T11:53:38.079801244Z: [    0.941198] HugeTLB registered 2 MB page size, pre-allocated 0 pages
[STDERR  ] 2017-10-13T11:53:38.079811439Z: [    0.957139] ACPI: Added _OSI(Module Device)
[STDERR  ] 2017-10-13T11:53:38.079821979Z: [    0.957521] ACPI: Added _OSI(Processor Device)
[STDERR  ] 2017-10-13T11:53:38.079831799Z: [    0.957801] ACPI: Added _OSI(3.0 _SCP Extensions)
[STDERR  ] 2017-10-13T11:53:38.079841169Z: [    0.958121] ACPI: Added _OSI(Processor Aggregator Device)
[STDERR  ] 2017-10-13T11:53:38.079850566Z: [    1.051204] ACPI: Interpreter enabled
[STDERR  ] 2017-10-13T11:53:38.079859952Z: [    1.052334] ACPI: (supports S0 S5)
[STDERR  ] 2017-10-13T11:53:38.079869469Z: [    1.052657] ACPI: Using IOAPIC for interrupt routing
[STDERR  ] 2017-10-13T11:53:38.079878797Z: [    1.056419] PCI: Using host bridge windows from ACPI; if necessary, use "pci=nocrs" and report a bug
[STDERR  ] 2017-10-13T11:53:38.079887749Z: [    1.145613] ACPI: PCI Root Bridge [PCI0] (domain 0000 [bus 00-ff])
[STDERR  ] 2017-10-13T11:53:38.079913497Z: [    1.146668] acpi PNP0A08:00: _OSC: OS supports [ExtendedConfig ASPM ClockPM Segments MSI]
[STDERR  ] 2017-10-13T11:53:38.079926322Z: [    1.154981] acpi PNP0A08:00: _OSC: OS now controls [PCIeHotplug PME PCIeCapability]
[STDERR  ] 2017-10-13T11:53:38.079934982Z: [    1.159473] PCI host bridge to bus 0000:00
[STDERR  ] 2017-10-13T11:53:38.079959046Z: [    1.160197] pci_bus 0000:00: root bus resource [io  0x0000-0x0cf7 window]
[STDERR  ] 2017-10-13T11:53:38.079973587Z: [    1.160609] pci_bus 0000:00: root bus resource [io  0x0d00-0xffff window]
[STDERR  ] 2017-10-13T11:53:38.079984552Z: [    1.161088] pci_bus 0000:00: root bus resource [mem 0x000a0000-0x000bffff window]
[STDERR  ] 2017-10-13T11:53:38.079994532Z: [    1.161581] pci_bus 0000:00: root bus resource [mem 0xc0000000-0xfebfffff window]
[STDERR  ] 2017-10-13T11:53:38.080005211Z: [    1.162269] pci_bus 0000:00: root bus resource [bus 00-ff]
[STDERR  ] 2017-10-13T11:53:38.080023952Z: [    1.296124] pci 0000:00:1f.0: quirk: [io  0x0600-0x067f] claimed by ICH6 ACPI/GPIO/TCO
[STDERR  ] 2017-10-13T11:53:38.080033791Z: [    1.372371] ACPI: PCI Interrupt Link [LNKA] (IRQs 5 *10 11)
[STDERR  ] 2017-10-13T11:53:38.080043226Z: [    1.375493] ACPI: PCI Interrupt Link [LNKB] (IRQs 5 *10 11)
[STDERR  ] 2017-10-13T11:53:38.080053434Z: [    1.378051] ACPI: PCI Interrupt Link [LNKC] (IRQs 5 10 *11)
[STDERR  ] 2017-10-13T11:53:38.080062819Z: [    1.380524] ACPI: PCI Interrupt Link [LNKD] (IRQs 5 10 *11)
[STDERR  ] 2017-10-13T11:53:38.080071939Z: [    1.382770] ACPI: PCI Interrupt Link [LNKE] (IRQs 5 *10 11)
[STDERR  ] 2017-10-13T11:53:38.080081509Z: [    1.385223] ACPI: PCI Interrupt Link [LNKF] (IRQs 5 *10 11)
[STDERR  ] 2017-10-13T11:53:38.080090846Z: [    1.387334] ACPI: PCI Interrupt Link [LNKG] (IRQs 5 10 *11)
[STDERR  ] 2017-10-13T11:53:38.080101817Z: [    1.389510] ACPI: PCI Interrupt Link [LNKH] (IRQs 5 10 *11)
[STDERR  ] 2017-10-13T11:53:38.080110831Z: [    1.390972] ACPI: PCI Interrupt Link [GSIA] (IRQs *16)
[STDERR  ] 2017-10-13T11:53:38.080126079Z: [    1.391771] ACPI: PCI Interrupt Link [GSIB] (IRQs *17)
[STDERR  ] 2017-10-13T11:53:38.080133922Z: [    1.392562] ACPI: PCI Interrupt Link [GSIC] (IRQs *18)
[STDERR  ] 2017-10-13T11:53:38.080140726Z: [    1.393319] ACPI: PCI Interrupt Link [GSID] (IRQs *19)
[STDERR  ] 2017-10-13T11:53:38.080146151Z: [    1.394067] ACPI: PCI Interrupt Link [GSIE] (IRQs *20)
[STDERR  ] 2017-10-13T11:53:38.080152989Z: [    1.394923] ACPI: PCI Interrupt Link [GSIF] (IRQs *21)
[STDERR  ] 2017-10-13T11:53:38.080158642Z: [    1.395717] ACPI: PCI Interrupt Link [GSIG] (IRQs *22)
[STDERR  ] 2017-10-13T11:53:38.080173486Z: [    1.396470] ACPI: PCI Interrupt Link [GSIH] (IRQs *23)
[STDERR  ] 2017-10-13T11:53:38.080183234Z: [    1.401851] ACPI: Enabled 2 GPEs in block 00 to 3F
[STDERR  ] 2017-10-13T11:53:38.080192992Z: [    1.408022] SCSI subsystem initialized
[STDERR  ] 2017-10-13T11:53:38.080202897Z: [    1.411346] ACPI: bus type USB registered
[STDERR  ] 2017-10-13T11:53:38.080216137Z: [    1.412917] usbcore: registered new interface driver usbfs
[STDERR  ] 2017-10-13T11:53:38.080222024Z: [    1.414101] usbcore: registered new interface driver hub
[STDERR  ] 2017-10-13T11:53:38.080228434Z: [    1.415259] usbcore: registered new device driver usb
[STDERR  ] 2017-10-13T11:53:38.080234086Z: [    1.416857] pps_core: LinuxPPS API ver. 1 registered
[STDERR  ] 2017-10-13T11:53:38.080239967Z: [    1.417263] pps_core: Software ver. 5.3.6 - Copyright 2005-2007 Rodolfo Giometti <giometti@linux.it>
[STDERR  ] 2017-10-13T11:53:38.080245569Z: [    1.418064] PTP clock support registered
[STDERR  ] 2017-10-13T11:53:38.080251346Z: [    1.419463] wmi: Mapper loaded
[STDERR  ] 2017-10-13T11:53:38.080258857Z: [    1.420996] PCI: Using ACPI for IRQ routing
[STDERR  ] 2017-10-13T11:53:38.080264306Z: [    1.441758] NetLabel: Initializing
[STDERR  ] 2017-10-13T11:53:38.080269796Z: [    1.442001] NetLabel:  domain hash size = 128
[STDERR  ] 2017-10-13T11:53:38.080280651Z: [    1.442438] NetLabel:  protocols = UNLABELED CIPSOv4
[STDERR  ] 2017-10-13T11:53:38.080286194Z: [    1.445385] NetLabel:  unlabeled traffic allowed by default
[STDERR  ] 2017-10-13T11:53:38.080291842Z: [    1.446884] HPET: 3 timers in total, 0 timers will be used for per-cpu timer
[STDERR  ] 2017-10-13T11:53:38.080298654Z: [    1.447759] hpet0: at MMIO 0xfed00000, IRQs 2, 8, 0
[STDERR  ] 2017-10-13T11:53:38.080304291Z: [    1.448391] hpet0: 3 comparators, 64-bit 100.000000 MHz counter
[STDERR  ] 2017-10-13T11:53:38.080310314Z: [    1.456169] clocksource: Switched to clocksource hpet
[STDERR  ] 2017-10-13T11:53:38.080319009Z: [    1.798197] VFS: Disk quotas dquot_6.6.0
[STDERR  ] 2017-10-13T11:53:38.080328519Z: [    1.799136] VFS: Dquot-cache hash table entries: 512 (order 0, 4096 bytes)
[STDERR  ] 2017-10-13T11:53:38.080335267Z: [    1.803727] FS-Cache: Loaded
[STDERR  ] 2017-10-13T11:53:38.080341149Z: [    1.811625] CacheFiles: Loaded
[STDERR  ] 2017-10-13T11:53:38.080347677Z: [    1.813555] pnp: PnP ACPI init
[STDERR  ] 2017-10-13T11:53:38.080357821Z: [    1.826559] pnp: PnP ACPI: found 5 devices
[STDERR  ] 2017-10-13T11:53:38.080369277Z: [    1.882388] clocksource: acpi_pm: mask: 0xffffff max_cycles: 0xffffff, max_idle_ns: 2085701024 ns
[STDERR  ] 2017-10-13T11:53:38.080379529Z: [    1.887038] NET: Registered protocol family 2
[STDERR  ] 2017-10-13T11:53:38.080388006Z: [    1.895994] TCP established hash table entries: 8192 (order: 4, 65536 bytes)
[STDERR  ] 2017-10-13T11:53:38.080396839Z: [    1.897057] TCP bind hash table entries: 8192 (order: 5, 131072 bytes)
[STDERR  ] 2017-10-13T11:53:38.080406199Z: [    1.897826] TCP: Hash tables configured (established 8192 bind 8192)
[STDERR  ] 2017-10-13T11:53:38.080416137Z: [    1.900788] UDP hash table entries: 512 (order: 2, 16384 bytes)
[STDERR  ] 2017-10-13T11:53:38.080424524Z: [    1.901527] UDP-Lite hash table entries: 512 (order: 2, 16384 bytes)
[STDERR  ] 2017-10-13T11:53:38.080434956Z: [    1.904227] NET: Registered protocol family 1
[STDERR  ] 2017-10-13T11:53:38.080441079Z: [    1.905376] pci 0000:00:01.0: Video device with shadowed ROM at [mem 0x000c0000-0x000dffff]
[STDERR  ] 2017-10-13T11:53:38.080446789Z: [    1.916137] Unpacking initramfs...
[STDERR  ] 2017-10-13T11:53:38.080452457Z: [    6.148994] Freeing initrd memory: 25780K
[STDERR  ] 2017-10-13T11:53:38.080458177Z: [    6.195446] PCLMULQDQ-NI instructions are not detected.
[STDERR  ] 2017-10-13T11:53:38.080463931Z: [    6.197567] AVX or AES-NI instructions are not detected.
[STDERR  ] 2017-10-13T11:53:38.080469939Z: [    6.198082] CPU feature 'AVX registers' is not supported.
[STDERR  ] 2017-10-13T11:53:38.080478972Z: [    6.198563] CPU feature 'AVX registers' is not supported.
[STDERR  ] 2017-10-13T11:53:38.080498601Z: [    6.199093] CPU feature 'AVX registers' is not supported.
[STDERR  ] 2017-10-13T11:53:38.080510612Z: [    6.199560] CPU feature 'AVX registers' is not supported.
[STDERR  ] 2017-10-13T11:53:38.080518931Z: [    6.200053] AVX2 or AES-NI instructions are not detected.
[STDERR  ] 2017-10-13T11:53:38.080535929Z: [    6.201769] AVX2 instructions are not detected.
[STDERR  ] 2017-10-13T11:53:38.080544991Z: [    6.213270] audit: initializing netlink subsys (disabled)
[STDERR  ] 2017-10-13T11:53:38.080554287Z: [    6.215808] audit: type=2000 audit(1507895584.210:1): initialized
[STDERR  ] 2017-10-13T11:53:38.080564449Z: [    6.227329] workingset: timestamp_bits=46 max_order=18 bucket_order=0
[STDERR  ] 2017-10-13T11:53:38.080574589Z: [    6.236890] squashfs: version 4.0 (2009/01/31) Phillip Lougher
[STDERR  ] 2017-10-13T11:53:38.080584617Z: [    6.241118] FS-Cache: Netfs 'cifs' registered for caching
[STDERR  ] 2017-10-13T11:53:38.080593689Z: [    6.242667] fuse init (API version 7.26)
[STDERR  ] 2017-10-13T11:53:38.080602799Z: [    6.245973] SGI XFS with ACLs, security attributes, no debug enabled
[STDERR  ] 2017-10-13T11:53:38.080614359Z: [    6.257473] 9p: Installing v9fs 9p2000 file system support
[STDERR  ] 2017-10-13T11:53:38.080623204Z: [    6.257951] FS-Cache: Netfs '9p' registered for caching
[STDERR  ] 2017-10-13T11:53:38.080632201Z: [    6.315951] NET: Registered protocol family 38
[STDERR  ] 2017-10-13T11:53:38.080640714Z: [    6.316634] Key type asymmetric registered
[STDERR  ] 2017-10-13T11:53:38.080650269Z: [    6.317104] Asymmetric key parser 'x509' registered
[STDERR  ] 2017-10-13T11:53:38.080658254Z: [    6.318568] Block layer SCSI generic (bsg) driver version 0.4 loaded (major 251)
[STDERR  ] 2017-10-13T11:53:38.080667259Z: [    6.323073] io scheduler noop registered
[STDERR  ] 2017-10-13T11:53:38.080675449Z: [    6.323560] io scheduler deadline registered (default)
[STDERR  ] 2017-10-13T11:53:38.080684062Z: [    6.324808] io scheduler cfq registered
[STDERR  ] 2017-10-13T11:53:38.080702951Z: [    6.329090] pci_hotplug: PCI Hot Plug PCI Core version: 0.5
[STDERR  ] 2017-10-13T11:53:38.080711757Z: [    6.330038] pciehp: PCI Express Hot Plug Controller Driver version: 0.4
[STDERR  ] 2017-10-13T11:53:38.080720712Z: [    6.333636] shpchp: Standard Hot Plug PCI Controller Driver version: 0.4
[STDERR  ] 2017-10-13T11:53:38.080742651Z: [    6.335211] hv_vmbus: registering driver hyperv_fb
[STDERR  ] 2017-10-13T11:53:38.080756332Z: [    6.341332] input: Power Button as /devices/LNXSYSTM:00/LNXPWRBN:00/input/input0
[STDERR  ] 2017-10-13T11:53:38.080770079Z: [    6.342989] ACPI: Power Button [PWRF]
[STDERR  ] 2017-10-13T11:53:38.080852101Z: [    6.350947] GHES: HEST is not enabled!
[STDERR  ] 2017-10-13T11:53:38.080869417Z: [    6.365150] ACPI: PCI Interrupt Link [GSIG] enabled at IRQ 22
[STDERR  ] 2017-10-13T11:53:38.080881861Z: [    6.382537] ACPI: PCI Interrupt Link [GSIH] enabled at IRQ 23
[STDERR  ] 2017-10-13T11:53:38.080890764Z: [    6.389047] xenfs: not registering filesystem on non-xen platform
[STDERR  ] 2017-10-13T11:53:38.080900131Z: [    6.392702] Serial: 8250/16550 driver, 4 ports, IRQ sharing disabled
[STDERR  ] 2017-10-13T11:53:38.080909352Z: [    6.418481] 00:04: ttyS0 at I/O 0x3f8 (irq = 4, base_baud = 115200) is a 16550A
[STDERR  ] 2017-10-13T11:53:38.080918559Z: [    6.437736] Non-volatile memory driver v1.3
[STDERR  ] 2017-10-13T11:53:38.080926692Z: [    6.448650] Hangcheck: starting hangcheck timer 0.9.1 (tick is 180 seconds, margin is 60 seconds).
[STDERR  ] 2017-10-13T11:53:38.080936909Z: [    6.513221] loop: module loaded
[STDERR  ] 2017-10-13T11:53:38.080945856Z: [    6.548859] nbd: registered device at major 43
[STDERR  ] 2017-10-13T11:53:38.080954799Z: [    6.619608] lpc_ich 0000:00:1f.0: I/O space for GPIO uninitialized
[STDERR  ] 2017-10-13T11:53:38.080965409Z: [    6.623225] VMware PVSCSI driver - version 1.0.7.0-k
[STDERR  ] 2017-10-13T11:53:38.080974627Z: [    6.624544] hv_vmbus: registering driver hv_storvsc
[STDERR  ] 2017-10-13T11:53:38.080983656Z: [    6.639494] ACPI: PCI Interrupt Link [GSIA] enabled at IRQ 16
[STDERR  ] 2017-10-13T11:53:38.080991732Z: [    6.650684] ahci 0000:00:1f.2: AHCI 0001.0000 32 slots 6 ports 1.5 Gbps 0x3f impl SATA mode
[STDERR  ] 2017-10-13T11:53:38.081000556Z: [    6.651550] ahci 0000:00:1f.2: flags: 64bit ncq only 
[STDERR  ] 2017-10-13T11:53:38.081015799Z: [    6.683227] scsi host0: ahci
[STDERR  ] 2017-10-13T11:53:38.081327954Z: [    6.691266] scsi host1: ahci
[STDERR  ] 2017-10-13T11:53:38.081338116Z: [    6.696000] scsi host2: ahci
[STDERR  ] 2017-10-13T11:53:38.081346703Z: [    6.699957] scsi host3: ahci
[STDERR  ] 2017-10-13T11:53:38.081355868Z: [    6.703606] scsi host4: ahci
[STDERR  ] 2017-10-13T11:53:38.081365286Z: [    6.706976] scsi host5: ahci
[STDERR  ] 2017-10-13T11:53:38.08137515Z: [    6.709304] ata1: SATA max UDMA/133 abar m4096@0xfebd2000 port 0xfebd2100 irq 24
[STDERR  ] 2017-10-13T11:53:38.08138518Z: [    6.709815] ata2: SATA max UDMA/133 abar m4096@0xfebd2000 port 0xfebd2180 irq 24
[STDERR  ] 2017-10-13T11:53:38.081394818Z: [    6.710910] ata3: SATA max UDMA/133 abar m4096@0xfebd2000 port 0xfebd2200 irq 24
[STDERR  ] 2017-10-13T11:53:38.081401276Z: [    6.711406] ata4: SATA max UDMA/133 abar m4096@0xfebd2000 port 0xfebd2280 irq 24
[STDERR  ] 2017-10-13T11:53:38.0814073Z: [    6.711914] ata5: SATA max UDMA/133 abar m4096@0xfebd2000 port 0xfebd2300 irq 24
[STDERR  ] 2017-10-13T11:53:38.081413086Z: [    6.712367] ata6: SATA max UDMA/133 abar m4096@0xfebd2000 port 0xfebd2380 irq 24
[STDERR  ] 2017-10-13T11:53:38.081418626Z: [    6.732633] tun: Universal TUN/TAP device driver, 1.6
[STDERR  ] 2017-10-13T11:53:38.08142437Z: [    6.733123] tun: (C) 1999-2004 Max Krasnyansky <maxk@qualcomm.com>
[STDERR  ] 2017-10-13T11:53:38.081430141Z: [    6.752357] VMware vmxnet3 virtual NIC driver - version 1.4.a.0-k-NAPI
[STDERR  ] 2017-10-13T11:53:38.081435931Z: [    6.753724] hv_vmbus: registering driver hv_netvsc
[STDERR  ] 2017-10-13T11:53:38.08144168Z: [    6.754197] Fusion MPT base driver 3.04.20
[STDERR  ] 2017-10-13T11:53:38.0814474Z: [    6.754521] Copyright (c) 1999-2008 LSI Corporation
[STDERR  ] 2017-10-13T11:53:38.081452986Z: [    6.755390] Fusion MPT SPI Host driver 3.04.20
[STDERR  ] 2017-10-13T11:53:38.081458583Z: [    6.759025] i8042: PNP: PS/2 Controller [PNP0303:KBD,PNP0f13:MOU] at 0x60,0x64 irq 1,12
[STDERR  ] 2017-10-13T11:53:38.081470773Z: [    6.764950] serio: i8042 KBD port at 0x60,0x64 irq 1
[STDERR  ] 2017-10-13T11:53:38.081479465Z: [    6.765933] serio: i8042 AUX port at 0x60,0x64 irq 12
[STDERR  ] 2017-10-13T11:53:38.081489715Z: [    6.769845] hv_vmbus: registering driver hyperv_keyboard
[STDERR  ] 2017-10-13T11:53:38.081507536Z: [    6.774291] mousedev: PS/2 mouse device common for all mice
[STDERR  ] 2017-10-13T11:53:38.081519501Z: [    6.782359] input: PC Speaker as /devices/platform/pcspkr/input/input2
[STDERR  ] 2017-10-13T11:53:38.081529501Z: [    6.784710] input: AT Translated Set 2 keyboard as /devices/platform/i8042/serio0/input/input1
[STDERR  ] 2017-10-13T11:53:38.08153944Z: [    6.789573] rtc_cmos 00:00: RTC can wake from S4
[STDERR  ] 2017-10-13T11:53:38.08154968Z: [    6.795334] rtc_cmos 00:00: rtc core: registered rtc_cmos as rtc0
[STDERR  ] 2017-10-13T11:53:38.081558908Z: [    6.797132] rtc_cmos 00:00: alarms up to one day, y3k, 114 bytes nvram, hpet irqs
[STDERR  ] 2017-10-13T11:53:38.081565275Z: [    6.798019] i2c /dev entries driver
[STDERR  ] 2017-10-13T11:53:38.081570776Z: [    6.801602] device-mapper: ioctl: 4.35.0-ioctl (2016-06-23) initialised: dm-devel@redhat.com
[STDERR  ] 2017-10-13T11:53:38.081576513Z: [    6.807715] usbcore: registered new interface driver usbhid
[STDERR  ] 2017-10-13T11:53:38.081582201Z: [    6.808136] usbhid: USB HID core driver
[STDERR  ] 2017-10-13T11:53:38.081587926Z: [    6.808927] hv_utils: Registering HyperV Utility Driver
[STDERR  ] 2017-10-13T11:53:38.081593538Z: [    6.809284] hv_vmbus: registering driver hv_util
[STDERR  ] 2017-10-13T11:53:38.08159905Z: [    6.809590] hv_vmbus: registering driver hv_balloon
[STDERR  ] 2017-10-13T11:53:38.081607401Z: [    6.810998] oprofile: using NMI interrupt.
[STDERR  ] 2017-10-13T11:53:38.081613101Z: [    6.812705] GACT probability on
[STDERR  ] 2017-10-13T11:53:38.081619136Z: [    6.813258] Mirror/redirect action on
[STDERR  ] 2017-10-13T11:53:38.081624916Z: [    6.814357] Simple TC action Loaded
[STDERR  ] 2017-10-13T11:53:38.081636118Z: [    6.815043] u32 classifier
[STDERR  ] 2017-10-13T11:53:38.081642278Z: [    6.815252]     Performance counters on
[STDERR  ] 2017-10-13T11:53:38.081647988Z: [    6.815486]     input device check on
[STDERR  ] 2017-10-13T11:53:38.081653475Z: [    6.815753]     Actions configured
[STDERR  ] 2017-10-13T11:53:38.081659283Z: [    6.816423] Netfilter messages via NETLINK v0.30.
[STDERR  ] 2017-10-13T11:53:38.081668228Z: [    6.817149] nfnl_acct: registering with nfnetlink.
[STDERR  ] 2017-10-13T11:53:38.08169672Z: [    6.818569] nf_conntrack version 0.5.0 (8192 buckets, 32768 max)
[STDERR  ] 2017-10-13T11:53:38.081703178Z: [    6.823316] ctnetlink v0.93: registering with nfnetlink.
[STDERR  ] 2017-10-13T11:53:38.081708741Z: [    6.826879] nf_tables: (c) 2007-2009 Patrick McHardy <kaber@trash.net>
[STDERR  ] 2017-10-13T11:53:38.081714693Z: [    6.828157] nf_tables_compat: (c) 2012 Pablo Neira Ayuso <pablo@netfilter.org>
[STDERR  ] 2017-10-13T11:53:38.081720671Z: [    6.831717] xt_time: kernel timezone is -0000
[STDERR  ] 2017-10-13T11:53:38.081726386Z: [    6.832354] ip_set: protocol 6
[STDERR  ] 2017-10-13T11:53:38.081733158Z: [    6.833191] IPVS: Registered protocols (TCP, UDP, SCTP, AH, ESP)
[STDERR  ] 2017-10-13T11:53:38.081738861Z: [    6.834027] IPVS: Connection hash table configured (size=4096, memory=64Kbytes)
[STDERR  ] 2017-10-13T11:53:38.081744558Z: [    6.836074] IPVS: Creating netns size=2104 id=0
[STDERR  ] 2017-10-13T11:53:38.081754361Z: [    6.839400] IPVS: ipvs loaded.
[STDERR  ] 2017-10-13T11:53:38.081760331Z: [    6.839881] IPVS: [rr] scheduler registered.
[STDERR  ] 2017-10-13T11:53:38.081765768Z: [    6.841399] IPVS: [wrr] scheduler registered.
[STDERR  ] 2017-10-13T11:53:38.081771351Z: [    6.841697] IPVS: [lc] scheduler registered.
[STDERR  ] 2017-10-13T11:53:38.081777021Z: [    6.841983] IPVS: [wlc] scheduler registered.
[STDERR  ] 2017-10-13T11:53:38.081782538Z: [    6.842234] IPVS: [fo] scheduler registered.
[STDERR  ] 2017-10-13T11:53:38.081788033Z: [    6.842547] IPVS: [ovf] scheduler registered.
[STDERR  ] 2017-10-13T11:53:38.081797483Z: [    6.843093] IPVS: [lblc] scheduler registered.
[STDERR  ] 2017-10-13T11:53:38.081803345Z: [    6.843554] IPVS: [lblcr] scheduler registered.
[STDERR  ] 2017-10-13T11:53:38.081808865Z: [    6.843894] IPVS: [dh] scheduler registered.
[STDERR  ] 2017-10-13T11:53:38.081814415Z: [    6.844221] IPVS: [sh] scheduler registered.
[STDERR  ] 2017-10-13T11:53:38.081819938Z: [    6.844434] IPVS: [sed] scheduler registered.
[STDERR  ] 2017-10-13T11:53:38.08182535Z: [    6.844755] IPVS: [nq] scheduler registered.
[STDERR  ] 2017-10-13T11:53:38.081831051Z: [    6.845594] IPVS: ftp: loaded support on port[0] = 21
[STDERR  ] 2017-10-13T11:53:38.081841191Z: [    6.846655] ipip: IPv4 and MPLS over IPv4 tunneling driver
[STDERR  ] 2017-10-13T11:53:38.08184689Z: [    6.853168] gre: GRE over IPv4 demultiplexor driver
[STDERR  ] 2017-10-13T11:53:38.081852541Z: [    6.856768] ip_tables: (C) 2000-2006 Netfilter Core Team
[STDERR  ] 2017-10-13T11:53:38.081858343Z: [    6.861225] ipt_CLUSTERIP: ClusterIP Version 0.8 loaded successfully
[STDERR  ] 2017-10-13T11:53:38.081864101Z: [    6.862375] arp_tables: arp_tables: (C) 2002 David S. Miller
[STDERR  ] 2017-10-13T11:53:38.081869826Z: [    6.865352] NET: Registered protocol family 10
[STDERR  ] 2017-10-13T11:53:38.08187551Z: [    6.878358] ip6_tables: (C) 2000-2006 Netfilter Core Team
[STDERR  ] 2017-10-13T11:53:38.081881501Z: [    6.891928] NET: Registered protocol family 17
[STDERR  ] 2017-10-13T11:53:38.081929236Z: [    6.893725] Bridge firewalling registered
[STDERR  ] 2017-10-13T11:53:38.08193932Z: [    6.894374] Ebtables v2.0 registered
[STDERR  ] 2017-10-13T11:53:38.081947965Z: [    6.897572] 8021q: 802.1Q VLAN Support v1.8
[STDERR  ] 2017-10-13T11:53:38.08195693Z: [    6.899920] 9pnet: Installing 9P2000 support
[STDERR  ] 2017-10-13T11:53:38.081964965Z: [    6.903135] Key type dns_resolver registered
[STDERR  ] 2017-10-13T11:53:38.081973786Z: [    6.904666] microcode: AMD CPU family 0x6 not supported
[STDERR  ] 2017-10-13T11:53:38.081988838Z: [    6.910904] registered taskstats version 1
[STDERR  ] 2017-10-13T11:53:38.081998553Z: [    7.051071] ata1: SATA link down (SStatus 0 SControl 300)
[STDERR  ] 2017-10-13T11:53:38.082007586Z: [    7.056324] ata2: SATA link down (SStatus 0 SControl 300)
[STDERR  ] 2017-10-13T11:53:38.082015965Z: [    7.058123] ata3: SATA link up 1.5 Gbps (SStatus 113 SControl 300)
[STDERR  ] 2017-10-13T11:53:38.082025616Z: [    7.062595] ata4: SATA link down (SStatus 0 SControl 300)
[STDERR  ] 2017-10-13T11:53:38.082034543Z: [    7.070863] ata3.00: ATAPI: QEMU DVD-ROM, 2.5+, max UDMA/100
[STDERR  ] 2017-10-13T11:53:38.082043608Z: [    7.071734] ata3.00: applying bridge limits
[STDERR  ] 2017-10-13T11:53:38.082055656Z: [    7.074176] ata5: SATA link down (SStatus 0 SControl 300)
[STDERR  ] 2017-10-13T11:53:38.082065233Z: [    7.074900] ata6: SATA link down (SStatus 0 SControl 300)
[STDERR  ] 2017-10-13T11:53:38.082074Z: [    7.081484] ata3.00: configured for UDMA/100
[STDERR  ] 2017-10-13T11:53:38.082082655Z: [    7.113194] scsi 2:0:0:0: CD-ROM            QEMU     QEMU DVD-ROM     2.5+ PQ: 0 ANSI: 5
[STDERR  ] 2017-10-13T11:53:38.08209242Z: [    7.154982] sr 2:0:0:0: [sr0] scsi3-mmc drive: 4x/4x cd/rw xa/form2 tray
[STDERR  ] 2017-10-13T11:53:38.082112811Z: [    7.155882] cdrom: Uniform CD-ROM driver Revision: 3.20
[STDERR  ] 2017-10-13T11:53:38.082123678Z: [    7.184058] sr 2:0:0:0: Attached scsi generic sg0 type 5
[STDERR  ] 2017-10-13T11:53:38.082137818Z: [    7.201379] tsc: Refined TSC clocksource calibration: 2599.995 MHz
[STDERR  ] 2017-10-13T11:53:38.082147288Z: [    7.202231] clocksource: tsc: mask: 0xffffffffffffffff max_cycles: 0x257a376535a, max_idle_ns: 440795296166 ns
[STDERR  ] 2017-10-13T11:53:38.08215711Z: [    7.231969] Key type big_key registered
[STDERR  ] 2017-10-13T11:53:38.082166206Z: [    7.415083] Key type encrypted registered
[STDERR  ] 2017-10-13T11:53:38.082175905Z: [    7.423438] rtc_cmos 00:00: setting system clock to 2017-10-13 11:53:06 UTC (1507895586)
[STDERR  ] 2017-10-13T11:53:38.082192111Z: [    7.599040] Freeing unused kernel memory: 1380K
[STDERR  ] 2017-10-13T11:53:38.082201928Z: [    7.599380] Write protecting the kernel read-only data: 12288k
[STDERR  ] 2017-10-13T11:53:38.082210673Z: [    7.608204] Freeing unused kernel memory: 124K
[STDERR  ] 2017-10-13T11:53:38.082219258Z: [    7.708925] Freeing unused kernel memory: 1392K
[STDERR  ] 2017-10-13T11:53:38.082228268Z: [    8.217049] clocksource: Switched to clocksource tsc
[STDERR  ] 2017-10-13T11:53:38.082238888Z: 
[STDERR  ] 2017-10-13T11:53:38.082249543Z: Welcome to LinuxKit
[STDERR  ] 2017-10-13T11:53:38.082258138Z: 
[STDERR  ] 2017-10-13T11:53:38.08227005Z:                         ##         .
[STDERR  ] 2017-10-13T11:53:38.082278908Z:                   ## ## ##        ==
[STDERR  ] 2017-10-13T11:53:38.082287771Z:                ## ## ## ## ##    ===
[STDERR  ] 2017-10-13T11:53:38.082297033Z:            /"""""""""""""""""\___/ ===
[STDERR  ] 2017-10-13T11:53:38.082305666Z:           {                       /  ===-
[STDERR  ] 2017-10-13T11:53:38.08231367Z:            \______ O           __/
[STDERR  ] 2017-10-13T11:53:38.082323243Z:              \    \         __/
[STDERR  ] 2017-10-13T11:53:38.082333063Z:               \____\_______/
[STDERR  ] 2017-10-13T11:53:38.082342585Z: 
[STDERR  ] 2017-10-13T11:53:38.082351191Z: sysctl test suite PASSED
[STDERR  ] 2017-10-13T11:53:38.082360408Z: [   37.904132] ACPI: Preparing to enter system sleep state S5
[STDERR  ] 2017-10-13T11:53:38.082368688Z: [   37.906558] reboot: Power down
[STDERR  ] 2017-10-13T11:53:38.082377181Z: + echo [    0.000000] Linux version 4.9.54-linuxkit (root@e73ac76f2f14) (gcc version 6.3.0 (Alpine 6.3.0) ) #1 SMP Wed Oct 11 11:30:59 UTC 2017
[STDERR  ] 2017-10-13T11:53:38.082386531Z: [    0.000000] Command line: console=ttyS0 page_poison=1
[STDERR  ] 2017-10-13T11:53:38.082395536Z: [    0.000000] x86/fpu: Legacy x87 FPU detected.
[STDERR  ] 2017-10-13T11:53:38.082404656Z: [    0.000000] x86/fpu: Using 'eager' FPU context switches.
[STDERR  ] 2017-10-13T11:53:38.082420458Z: [    0.000000] e820: BIOS-provided physical RAM map:
[STDERR  ] 2017-10-13T11:53:38.08242989Z: [    0.000000] BIOS-e820: [mem 0x0000000000000000-0x000000000009fbff] usable
[STDERR  ] 2017-10-13T11:53:38.082439388Z: [    0.000000] BIOS-e820: [mem 0x000000000009fc00-0x000000000009ffff] reserved
[STDERR  ] 2017-10-13T11:53:38.082448781Z: [    0.000000] BIOS-e820: [mem 0x00000000000f0000-0x00000000000fffff] reserved
[STDERR  ] 2017-10-13T11:53:38.082457678Z: [    0.000000] BIOS-e820: [mem 0x0000000000100000-0x000000003ffdefff] usable
[STDERR  ] 2017-10-13T11:53:38.0824668Z: [    0.000000] BIOS-e820: [mem 0x000000003ffdf000-0x000000003fffffff] reserved
[STDERR  ] 2017-10-13T11:53:38.082475821Z: [    0.000000] BIOS-e820: [mem 0x00000000b0000000-0x00000000bfffffff] reserved
[STDERR  ] 2017-10-13T11:53:38.082485308Z: [    0.000000] BIOS-e820: [mem 0x00000000fed1c000-0x00000000fed1ffff] reserved
[STDERR  ] 2017-10-13T11:53:38.082494711Z: [    0.000000] BIOS-e820: [mem 0x00000000fffc0000-0x00000000ffffffff] reserved
[STDERR  ] 2017-10-13T11:53:38.082504458Z: [    0.000000] NX (Execute Disable) protection: active
[STDERR  ] 2017-10-13T11:53:38.08251333Z: [    0.000000] SMBIOS 2.8 present.
[STDERR  ] 2017-10-13T11:53:38.082521938Z: [    0.000000] e820: last_pfn = 0x3ffdf max_arch_pfn = 0x400000000
[STDERR  ] 2017-10-13T11:53:38.082530638Z: [    0.000000] x86/PAT: Configuration [0-7]: WB  WC  UC- UC  WB  WC  UC- WT  
[STDERR  ] 2017-10-13T11:53:38.08253942Z: [    0.000000] found SMP MP-table at [mem 0x000f6aa0-0x000f6aaf] mapped at [ffff8efe400f6aa0]
[STDERR  ] 2017-10-13T11:53:38.08254893Z: [    0.000000] RAMDISK: [mem 0x3e6a3000-0x3ffcffff]
[STDERR  ] 2017-10-13T11:53:38.08255686Z: [    0.000000] ACPI: Early table checksum verification disabled
[STDERR  ] 2017-10-13T11:53:38.082565513Z: [    0.000000] ACPI: RSDP 0x00000000000F68C0 000014 (v00 BOCHS )
[STDERR  ] 2017-10-13T11:53:38.082573985Z: [    0.000000] ACPI: RSDT 0x000000003FFE2404 000034 (v01 BOCHS  BXPCRSDT 00000001 BXPC 00000001)
[STDERR  ] 2017-10-13T11:53:38.082589428Z: [    0.000000] ACPI: FACP 0x000000003FFE22A4 000074 (v01 BOCHS  BXPCFACP 00000001 BXPC 00000001)
[STDERR  ] 2017-10-13T11:53:38.08260233Z: [    0.000000] ACPI: DSDT 0x000000003FFE0040 002264 (v01 BOCHS  BXPCDSDT 00000001 BXPC 00000001)
[STDERR  ] 2017-10-13T11:53:38.08261129Z: [    0.000000] ACPI: FACS 0x000000003FFE0000 000040
[STDERR  ] 2017-10-13T11:53:38.082619731Z: [    0.000000] ACPI: APIC 0x000000003FFE2318 000078 (v01 BOCHS  BXPCAPIC 00000001 BXPC 00000001)
[STDERR  ] 2017-10-13T11:53:38.082628398Z: [    0.000000] ACPI: HPET 0x000000003FFE2390 000038 (v01 BOCHS  BXPCHPET 00000001 BXPC 00000001)
[STDERR  ] 2017-10-13T11:53:38.082636796Z: [    0.000000] ACPI: MCFG 0x000000003FFE23C8 00003C (v01 BOCHS  BXPCMCFG 00000001 BXPC 00000001)
[STDERR  ] 2017-10-13T11:53:38.082645128Z: [    0.000000] Zone ranges:
[STDERR  ] 2017-10-13T11:53:38.082653841Z: [    0.000000]   DMA      [mem 0x0000000000001000-0x0000000000ffffff]
[STDERR  ] 2017-10-13T11:53:38.08266303Z: [    0.000000]   DMA32    [mem 0x0000000001000000-0x000000003ffdefff]
[STDERR  ] 2017-10-13T11:53:38.082671656Z: [    0.000000]   Normal   empty
[STDERR  ] 2017-10-13T11:53:38.08268022Z: [    0.000000] Movable zone start for each node
[STDERR  ] 2017-10-13T11:53:38.082698148Z: [    0.000000] Early memory node ranges
[STDERR  ] 2017-10-13T11:53:38.082707078Z: [    0.000000]   node   0: [mem 0x0000000000001000-0x000000000009efff]
[STDERR  ] 2017-10-13T11:53:38.082715785Z: [    0.000000]   node   0: [mem 0x0000000000100000-0x000000003ffdefff]
[STDERR  ] 2017-10-13T11:53:38.082725278Z: [    0.000000] Initmem setup node 0 [mem 0x0000000000001000-0x000000003ffdefff]
[STDERR  ] 2017-10-13T11:53:38.08273564Z: [    0.000000] ACPI: PM-Timer IO Port: 0x608
[STDERR  ] 2017-10-13T11:53:38.08274419Z: [    0.000000] ACPI: LAPIC_NMI (acpi_id[0xff] dfl dfl lint[0x1])
[STDERR  ] 2017-10-13T11:53:38.082752698Z: [    0.000000] IOAPIC[0]: apic_id 0, version 32, address 0xfec00000, GSI 0-23
[STDERR  ] 2017-10-13T11:53:38.082778118Z: [    0.000000] ACPI: INT_SRC_OVR (bus 0 bus_irq 0 global_irq 2 dfl dfl)
[STDERR  ] 2017-10-13T11:53:38.082790626Z: [    0.000000] ACPI: INT_SRC_OVR (bus 0 bus_irq 5 global_irq 5 high level)
[STDERR  ] 2017-10-13T11:53:38.082799948Z: [    0.000000] ACPI: INT_SRC_OVR (bus 0 bus_irq 9 global_irq 9 high level)
[STDERR  ] 2017-10-13T11:53:38.082808985Z: [    0.000000] ACPI: INT_SRC_OVR (bus 0 bus_irq 10 global_irq 10 high level)
[STDERR  ] 2017-10-13T11:53:38.082818353Z: [    0.000000] ACPI: INT_SRC_OVR (bus 0 bus_irq 11 global_irq 11 high level)
[STDERR  ] 2017-10-13T11:53:38.082827803Z: [    0.000000] Using ACPI (MADT) for SMP configuration information
[STDERR  ] 2017-10-13T11:53:38.082837261Z: [    0.000000] ACPI: HPET id: 0x8086a201 base: 0xfed00000
[STDERR  ] 2017-10-13T11:53:38.082846476Z: [    0.000000] smpboot: Allowing 1 CPUs, 0 hotplug CPUs
[STDERR  ] 2017-10-13T11:53:38.082856918Z: [    0.000000] e820: [mem 0x40000000-0xafffffff] available for PCI devices
[STDERR  ] 2017-10-13T11:53:38.08286645Z: [    0.000000] Booting paravirtualized kernel on bare hardware
[STDERR  ] 2017-10-13T11:53:38.082875288Z: [    0.000000] clocksource: refined-jiffies: mask: 0xffffffff max_cycles: 0xffffffff, max_idle_ns: 19112604462750000 ns
[STDERR  ] 2017-10-13T11:53:38.082885538Z: [    0.000000] setup_percpu: NR_CPUS:128 nr_cpumask_bits:128 nr_cpu_ids:1 nr_node_ids:1
[STDERR  ] 2017-10-13T11:53:38.082898235Z: [    0.000000] percpu: Embedded 35 pages/cpu @ffff8efe7e400000 s105240 r8192 d29928 u2097152
[STDERR  ] 2017-10-13T11:53:38.082906975Z: [    0.000000] Built 1 zonelists in Zone order, mobility grouping on.  Total pages: 257896
[STDERR  ] 2017-10-13T11:53:38.082915953Z: [    0.000000] Kernel command line: console=ttyS0 page_poison=1
[STDERR  ] 2017-10-13T11:53:38.082924488Z: [    0.000000] PID hash table entries: 4096 (order: 3, 32768 bytes)
[STDERR  ] 2017-10-13T11:53:38.082933438Z: [    0.000000] Dentry cache hash table entries: 131072 (order: 8, 1048576 bytes)
[STDERR  ] 2017-10-13T11:53:38.08294278Z: [    0.000000] Inode-cache hash table entries: 65536 (order: 7, 524288 bytes)
[STDERR  ] 2017-10-13T11:53:38.082968326Z: [    0.000000] Memory: 988392K/1048052K available (8052K kernel code, 1367K rwdata, 2704K rodata, 1380K init, 568K bss, 59660K reserved, 0K cma-reserved)
[STDERR  ] 2017-10-13T11:53:38.082980968Z: [    0.000000] Hierarchical RCU implementation.
[STDERR  ] 2017-10-13T11:53:38.082989735Z: [    0.000000] 	Build-time adjustment of leaf fanout to 64.
[STDERR  ] 2017-10-13T11:53:38.083000955Z: [    0.000000] 	RCU restricting CPUs from NR_CPUS=128 to nr_cpu_ids=1.
[STDERR  ] 2017-10-13T11:53:38.083010355Z: [    0.000000] RCU: Adjusting geometry for rcu_fanout_leaf=64, nr_cpu_ids=1
[STDERR  ] 2017-10-13T11:53:38.083019743Z: [    0.000000] NR_IRQS:8448 nr_irqs:256 16
[STDERR  ] 2017-10-13T11:53:38.083028775Z: [    0.000000] Console: colour VGA+ 80x25
[STDERR  ] 2017-10-13T11:53:38.083037513Z: [    0.000000] console [ttyS0] enabled
[STDERR  ] 2017-10-13T11:53:38.083050868Z: [    0.000000] allocated 2097152 bytes of page_ext
[STDERR  ] 2017-10-13T11:53:38.083059338Z: [    0.000000] clocksource: hpet: mask: 0xffffffff max_cycles: 0xffffffff, max_idle_ns: 19112604467 ns
[STDERR  ] 2017-10-13T11:53:38.083068865Z: [    0.000000] tsc: Unable to calibrate against PIT
[STDERR  ] 2017-10-13T11:53:38.083077448Z: [    0.000000] tsc: using HPET reference calibration
[STDERR  ] 2017-10-13T11:53:38.083086048Z: [    0.000000] tsc: Detected 2600.056 MHz processor
[STDERR  ] 2017-10-13T11:53:38.0830946Z: [    0.052634] Calibrating delay loop (skipped), value calculated using timer frequency.. 5200.11 BogoMIPS (lpj=26000560)
[STDERR  ] 2017-10-13T11:53:38.083104218Z: [    0.054001] pid_max: default: 32768 minimum: 301
[STDERR  ] 2017-10-13T11:53:38.083112946Z: [    0.055162] ACPI: Core revision 20160831
[STDERR  ] 2017-10-13T11:53:38.083121748Z: [    0.097576] ACPI: 1 ACPI AML tables successfully acquired and loaded
[STDERR  ] 2017-10-13T11:53:38.083130765Z: [    0.103075] Security Framework initialized
[STDERR  ] 2017-10-13T11:53:38.083144741Z: [    0.103640] Yama: becoming mindful.
[STDERR  ] 2017-10-13T11:53:38.083153428Z: [    0.105906] Mount-cache hash table entries: 2048 (order: 2, 16384 bytes)
[STDERR  ] 2017-10-13T11:53:38.08316347Z: [    0.106580] Mountpoint-cache hash table entries: 2048 (order: 2, 16384 bytes)
[STDERR  ] 2017-10-13T11:53:38.083173825Z: [    0.126764] Last level iTLB entries: 4KB 0, 2MB 0, 4MB 0
[STDERR  ] 2017-10-13T11:53:38.083182685Z: [    0.127316] Last level dTLB entries: 4KB 0, 2MB 0, 4MB 0, 1GB 0
[STDERR  ] 2017-10-13T11:53:38.083192236Z: [    0.461167] Freeing SMP alternatives memory: 20K
[STDERR  ] 2017-10-13T11:53:38.08320154Z: [    0.472056] ftrace: allocating 35580 entries in 139 pages
[STDERR  ] 2017-10-13T11:53:38.083210431Z: [    0.637103] smpboot: Max logical packages: 1
[STDERR  ] 2017-10-13T11:53:38.08321919Z: [    0.645715] ..TIMER: vector=0x30 apic1=0 pin1=2 apic2=-1 pin2=-1
[STDERR  ] 2017-10-13T11:53:38.083228178Z: [    0.750000] smpboot: CPU0: AMD QEMU Virtual CPU version 2.5+ (family: 0x6, model: 0x6, stepping: 0x3)
[STDERR  ] 2017-10-13T11:53:38.08323756Z: [    0.750000] Performance Events: PMU not available due to virtualization, using software events only.
[STDERR  ] 2017-10-13T11:53:38.083246705Z: [    0.760613] NMI watchdog: disabled (cpu0): hardware events not enabled
[STDERR  ] 2017-10-13T11:53:38.083255903Z: [    0.761259] NMI watchdog: Shutting down hard lockup detector on all cpus
[STDERR  ] 2017-10-13T11:53:38.083265363Z: [    0.765397] x86: Booted up 1 node, 1 CPUs
[STDERR  ] 2017-10-13T11:53:38.083274158Z: [    0.765872] smpboot: Total of 1 processors activated (5200.11 BogoMIPS)
[STDERR  ] 2017-10-13T11:53:38.083283238Z: [    0.783774] devtmpfs: initialized
[STDERR  ] 2017-10-13T11:53:38.083292358Z: [    0.790648] x86/mm: Memory block size: 128MB
[STDERR  ] 2017-10-13T11:53:38.083300973Z: [    0.851812] clocksource: jiffies: mask: 0xffffffff max_cycles: 0xffffffff, max_idle_ns: 19112604462750000 ns
[STDERR  ] 2017-10-13T11:53:38.083310861Z: [    0.852914] futex hash table entries: 256 (order: 2, 16384 bytes)
[STDERR  ] 2017-10-13T11:53:38.083325188Z: [    0.863831] NET: Registered protocol family 16
[STDERR  ] 2017-10-13T11:53:38.083334741Z: [    0.875531] cpuidle: using governor ladder
[STDERR  ] 2017-10-13T11:53:38.083343658Z: [    0.875975] cpuidle: using governor menu
[STDERR  ] 2017-10-13T11:53:38.08336097Z: [    0.877443] ACPI: bus type PCI registered
[STDERR  ] 2017-10-13T11:53:38.083371658Z: [    0.881045] PCI: MMCONFIG for domain 0000 [bus 00-ff] at [mem 0xb0000000-0xbfffffff] (base 0xb0000000)
[STDERR  ] 2017-10-13T11:53:38.08338095Z: [    0.881934] PCI: MMCONFIG at [mem 0xb0000000-0xbfffffff] reserved in E820
[STDERR  ] 2017-10-13T11:53:38.083389876Z: [    0.883349] PCI: Using configuration type 1 for base access
[STDERR  ] 2017-10-13T11:53:38.083399135Z: [    0.941198] HugeTLB registered 2 MB page size, pre-allocated 0 pages
[STDERR  ] 2017-10-13T11:53:38.083408818Z: [    0.957139] ACPI: Added _OSI(Module Device)
[STDERR  ] 2017-10-13T11:53:38.08341797Z: [    0.957521] ACPI: Added _OSI(Processor Device)
[STDERR  ] 2017-10-13T11:53:38.08342692Z: [    0.957801] ACPI: Added _OSI(3.0 _SCP Extensions)
[STDERR  ] 2017-10-13T11:53:38.083435663Z: [    0.958121] ACPI: Added _OSI(Processor Aggregator Device)
[STDERR  ] 2017-10-13T11:53:38.083444595Z: [    1.051204] ACPI: Interpreter enabled
[STDERR  ] 2017-10-13T11:53:38.083453586Z: [    1.052334] ACPI: (supports S0 S5)
[STDERR  ] 2017-10-13T11:53:38.083467151Z: [    1.052657] ACPI: Using IOAPIC for interrupt routing
[STDERR  ] 2017-10-13T11:53:38.083475778Z: [    1.056419] PCI: Using host bridge windows from ACPI; if necessary, use "pci=nocrs" and report a bug
[STDERR  ] 2017-10-13T11:53:38.083485136Z: [    1.145613] ACPI: PCI Root Bridge [PCI0] (domain 0000 [bus 00-ff])
[STDERR  ] 2017-10-13T11:53:38.083494916Z: [    1.146668] acpi PNP0A08:00: _OSC: OS supports [ExtendedConfig ASPM ClockPM Segments MSI]
[STDERR  ] 2017-10-13T11:53:38.083504008Z: [    1.154981] acpi PNP0A08:00: _OSC: OS now controls [PCIeHotplug PME PCIeCapability]
[STDERR  ] 2017-10-13T11:53:38.083519895Z: [    1.159473] PCI host bridge to bus 0000:00
[STDERR  ] 2017-10-13T11:53:38.083529521Z: [    1.160197] pci_bus 0000:00: root bus resource [io  0x0000-0x0cf7 window]
[STDERR  ] 2017-10-13T11:53:38.083544831Z: [    1.160609] pci_bus 0000:00: root bus resource [io  0x0d00-0xffff window]
[STDERR  ] 2017-10-13T11:53:38.083555Z: [    1.161088] pci_bus 0000:00: root bus resource [mem 0x000a0000-0x000bffff window]
[STDERR  ] 2017-10-13T11:53:38.083564388Z: [    1.161581] pci_bus 0000:00: root bus resource [mem 0xc0000000-0xfebfffff window]
[STDERR  ] 2017-10-13T11:53:38.083573405Z: [    1.162269] pci_bus 0000:00: root bus resource [bus 00-ff]
[STDERR  ] 2017-10-13T11:53:38.083582388Z: [    1.296124] pci 0000:00:1f.0: quirk: [io  0x0600-0x067f] claimed by ICH6 ACPI/GPIO/TCO
[STDERR  ] 2017-10-13T11:53:38.083591131Z: [    1.372371] ACPI: PCI Interrupt Link [LNKA] (IRQs 5 *10 11)
[STDERR  ] 2017-10-13T11:53:38.083599171Z: [    1.375493] ACPI: PCI Interrupt Link [LNKB] (IRQs 5 *10 11)
[STDERR  ] 2017-10-13T11:53:38.083608296Z: [    1.378051] ACPI: PCI Interrupt Link [LNKC] (IRQs 5 10 *11)
[STDERR  ] 2017-10-13T11:53:38.08361688Z: [    1.380524] ACPI: PCI Interrupt Link [LNKD] (IRQs 5 10 *11)
[STDERR  ] 2017-10-13T11:53:38.083625658Z: [    1.382770] ACPI: PCI Interrupt Link [LNKE] (IRQs 5 *10 11)
[STDERR  ] 2017-10-13T11:53:38.083633846Z: [    1.385223] ACPI: PCI Interrupt Link [LNKF] (IRQs 5 *10 11)
[STDERR  ] 2017-10-13T11:53:38.083642288Z: [    1.387334] ACPI: PCI Interrupt Link [LNKG] (IRQs 5 10 *11)
[STDERR  ] 2017-10-13T11:53:38.08365094Z: [    1.389510] ACPI: PCI Interrupt Link [LNKH] (IRQs 5 10 *11)
[STDERR  ] 2017-10-13T11:53:38.083663986Z: [    1.390972] ACPI: PCI Interrupt Link [GSIA] (IRQs *16)
[STDERR  ] 2017-10-13T11:53:38.083672951Z: [    1.391771] ACPI: PCI Interrupt Link [GSIB] (IRQs *17)
[STDERR  ] 2017-10-13T11:53:38.083681498Z: [    1.392562] ACPI: PCI Interrupt Link [GSIC] (IRQs *18)
[STDERR  ] 2017-10-13T11:53:38.08369767Z: [    1.393319] ACPI: PCI Interrupt Link [GSID] (IRQs *19)
[STDERR  ] 2017-10-13T11:53:38.083713018Z: [    1.394067] ACPI: PCI Interrupt Link [GSIE] (IRQs *20)
[STDERR  ] 2017-10-13T11:53:38.083722175Z: [    1.394923] ACPI: PCI Interrupt Link [GSIF] (IRQs *21)
[STDERR  ] 2017-10-13T11:53:38.083730883Z: [    1.395717] ACPI: PCI Interrupt Link [GSIG] (IRQs *22)
[STDERR  ] 2017-10-13T11:53:38.083738588Z: [    1.396470] ACPI: PCI Interrupt Link [GSIH] (IRQs *23)
[STDERR  ] 2017-10-13T11:53:38.083747021Z: [    1.401851] ACPI: Enabled 2 GPEs in block 00 to 3F
[STDERR  ] 2017-10-13T11:53:38.08375829Z: [    1.408022] SCSI subsystem initialized
[STDERR  ] 2017-10-13T11:53:38.083766608Z: [    1.411346] ACPI: bus type USB registered
[STDERR  ] 2017-10-13T11:53:38.083774581Z: [    1.412917] usbcore: registered new interface driver usbfs
[STDERR  ] 2017-10-13T11:53:38.083783181Z: [    1.414101] usbcore: registered new interface driver hub
[STDERR  ] 2017-10-13T11:53:38.083792018Z: [    1.415259] usbcore: registered new device driver usb
[STDERR  ] 2017-10-13T11:53:38.083800855Z: [    1.416857] pps_core: LinuxPPS API ver. 1 registered
[STDERR  ] 2017-10-13T11:53:38.083809158Z: [    1.417263] pps_core: Software ver. 5.3.6 - Copyright 2005-2007 Rodolfo Giometti <giometti@linux.it>
[STDERR  ] 2017-10-13T11:53:38.083819026Z: [    1.418064] PTP clock support registered
[STDERR  ] 2017-10-13T11:53:38.083827493Z: [    1.419463] wmi: Mapper loaded
[STDERR  ] 2017-10-13T11:53:38.083840238Z: [    1.420996] PCI: Using ACPI for IRQ routing
[STDERR  ] 2017-10-13T11:53:38.083848733Z: [    1.441758] NetLabel: Initializing
[STDERR  ] 2017-10-13T11:53:38.083857996Z: [    1.442001] NetLabel:  domain hash size = 128
[STDERR  ] 2017-10-13T11:53:38.083867018Z: [    1.442438] NetLabel:  protocols = UNLABELED CIPSOv4
[STDERR  ] 2017-10-13T11:53:38.083875858Z: [    1.445385] NetLabel:  unlabeled traffic allowed by default
[STDERR  ] 2017-10-13T11:53:38.083884428Z: [    1.446884] HPET: 3 timers in total, 0 timers will be used for per-cpu timer
[STDERR  ] 2017-10-13T11:53:38.083899061Z: [    1.447759] hpet0: at MMIO 0xfed00000, IRQs 2, 8, 0
[STDERR  ] 2017-10-13T11:53:38.08390768Z: [    1.448391] hpet0: 3 comparators, 64-bit 100.000000 MHz counter
[STDERR  ] 2017-10-13T11:53:38.083916975Z: [    1.456169] clocksource: Switched to clocksource hpet
[STDERR  ] 2017-10-13T11:53:38.083928716Z: [    1.798197] VFS: Disk quotas dquot_6.6.0
[STDERR  ] 2017-10-13T11:53:38.08393756Z: [    1.799136] VFS: Dquot-cache hash table entries: 512 (order 0, 4096 bytes)
[STDERR  ] 2017-10-13T11:53:38.083946485Z: [    1.803727] FS-Cache: Loaded
[STDERR  ] 2017-10-13T11:53:38.083978206Z: [    1.811625] CacheFiles: Loaded
[STDERR  ] 2017-10-13T11:53:38.083992335Z: [    1.813555] pnp: PnP ACPI init
[STDERR  ] 2017-10-13T11:53:38.084001768Z: [    1.826559] pnp: PnP ACPI: found 5 devices
[STDERR  ] 2017-10-13T11:53:38.084010923Z: [    1.882388] clocksource: acpi_pm: mask: 0xffffff max_cycles: 0xffffff, max_idle_ns: 2085701024 ns
[STDERR  ] 2017-10-13T11:53:38.0840297Z: [    1.887038] NET: Registered protocol family 2
[STDERR  ] 2017-10-13T11:53:38.084040445Z: [    1.895994] TCP established hash table entries: 8192 (order: 4, 65536 bytes)
[STDERR  ] 2017-10-13T11:53:38.084050411Z: [    1.897057] TCP bind hash table entries: 8192 (order: 5, 131072 bytes)
[STDERR  ] 2017-10-13T11:53:38.084059758Z: [    1.897826] TCP: Hash tables configured (established 8192 bind 8192)
[STDERR  ] 2017-10-13T11:53:38.084069935Z: [    1.900788] UDP hash table entries: 512 (order: 2, 16384 bytes)
[STDERR  ] 2017-10-13T11:53:38.084078705Z: [    1.901527] UDP-Lite hash table entries: 512 (order: 2, 16384 bytes)
[STDERR  ] 2017-10-13T11:53:38.084087905Z: [    1.904227] NET: Registered protocol family 1
[STDERR  ] 2017-10-13T11:53:38.084096501Z: [    1.905376] pci 0000:00:01.0: Video device with shadowed ROM at [mem 0x000c0000-0x000dffff]
[STDERR  ] 2017-10-13T11:53:38.084105358Z: [    1.916137] Unpacking initramfs...
[STDERR  ] 2017-10-13T11:53:38.08411418Z: [    6.148994] Freeing initrd memory: 25780K
[STDERR  ] 2017-10-13T11:53:38.084130794Z: [    6.195446] PCLMULQDQ-NI instructions are not detected.
[STDERR  ] 2017-10-13T11:53:38.08414522Z: [    6.197567] AVX or AES-NI instructions are not detected.
[STDERR  ] 2017-10-13T11:53:38.084154744Z: [    6.198082] CPU feature 'AVX registers' is not supported.
[STDERR  ] 2017-10-13T11:53:38.084173944Z: [    6.198563] CPU feature 'AVX registers' is not supported.
[STDERR  ] 2017-10-13T11:53:38.084186204Z: [    6.199093] CPU feature 'AVX registers' is not supported.
[STDERR  ] 2017-10-13T11:53:38.084195734Z: [    6.199560] CPU feature 'AVX registers' is not supported.
[STDERR  ] 2017-10-13T11:53:38.084204357Z: [    6.200053] AVX2 or AES-NI instructions are not detected.
[STDERR  ] 2017-10-13T11:53:38.084217387Z: [    6.201769] AVX2 instructions are not detected.
[STDERR  ] 2017-10-13T11:53:38.084226359Z: [    6.213270] audit: initializing netlink subsys (disabled)
[STDERR  ] 2017-10-13T11:53:38.0842348Z: [    6.215808] audit: type=2000 audit(1507895584.210:1): initialized
[STDERR  ] 2017-10-13T11:53:38.084243635Z: [    6.227329] workingset: timestamp_bits=46 max_order=18 bucket_order=0
[STDERR  ] 2017-10-13T11:53:38.084252485Z: [    6.236890] squashfs: version 4.0 (2009/01/31) Phillip Lougher
[STDERR  ] 2017-10-13T11:53:38.084261674Z: [    6.241118] FS-Cache: Netfs 'cifs' registered for caching
[STDERR  ] 2017-10-13T11:53:38.08427482Z: [    6.242667] fuse init (API version 7.26)
[STDERR  ] 2017-10-13T11:53:38.084284017Z: [    6.245973] SGI XFS with ACLs, security attributes, no debug enabled
[STDERR  ] 2017-10-13T11:53:38.084294847Z: [    6.257473] 9p: Installing v9fs 9p2000 file system support
[STDERR  ] 2017-10-13T11:53:38.084303817Z: [    6.257951] FS-Cache: Netfs '9p' registered for caching
[STDERR  ] 2017-10-13T11:53:38.084312934Z: [    6.315951] NET: Registered protocol family 38
[STDERR  ] 2017-10-13T11:53:38.084322407Z: [    6.316634] Key type asymmetric registered
[STDERR  ] 2017-10-13T11:53:38.084331379Z: [    6.317104] Asymmetric key parser 'x509' registered
[STDERR  ] 2017-10-13T11:53:38.084346817Z: [    6.318568] Block layer SCSI generic (bsg) driver version 0.4 loaded (major 251)
[STDERR  ] 2017-10-13T11:53:38.084356947Z: [    6.323073] io scheduler noop registered
[STDERR  ] 2017-10-13T11:53:38.084366057Z: [    6.323560] io scheduler deadline registered (default)
[STDERR  ] 2017-10-13T11:53:38.084375087Z: [    6.324808] io scheduler cfq registered
[STDERR  ] 2017-10-13T11:53:38.084387964Z: [    6.329090] pci_hotplug: PCI Hot Plug PCI Core version: 0.5
[STDERR  ] 2017-10-13T11:53:38.084397007Z: [    6.330038] pciehp: PCI Express Hot Plug Controller Driver version: 0.4
[STDERR  ] 2017-10-13T11:53:38.084405987Z: [    6.333636] shpchp: Standard Hot Plug PCI Controller Driver version: 0.4
[STDERR  ] 2017-10-13T11:53:38.084416532Z: [    6.335211] hv_vmbus: registering driver hyperv_fb
[STDERR  ] 2017-10-13T11:53:38.084430757Z: [    6.341332] input: Power Button as /devices/LNXSYSTM:00/LNXPWRBN:00/input/input0
[STDERR  ] 2017-10-13T11:53:38.08444091Z: [    6.342989] ACPI: Power Button [PWRF]
[STDERR  ] 2017-10-13T11:53:38.084449432Z: [    6.350947] GHES: HEST is not enabled!
[STDERR  ] 2017-10-13T11:53:38.084458637Z: [    6.365150] ACPI: PCI Interrupt Link [GSIG] enabled at IRQ 22
[STDERR  ] 2017-10-13T11:53:38.084468284Z: [    6.382537] ACPI: PCI Interrupt Link [GSIH] enabled at IRQ 23
[STDERR  ] 2017-10-13T11:53:38.084477072Z: [    6.389047] xenfs: not registering filesystem on non-xen platform
[STDERR  ] 2017-10-13T11:53:38.084486214Z: [    6.392702] Serial: 8250/16550 driver, 4 ports, IRQ sharing disabled
[STDERR  ] 2017-10-13T11:53:38.084495547Z: [    6.418481] 00:04: ttyS0 at I/O 0x3f8 (irq = 4, base_baud = 115200) is a 16550A
[STDERR  ] 2017-10-13T11:53:38.084505337Z: [    6.437736] Non-volatile memory driver v1.3
[STDERR  ] 2017-10-13T11:53:38.084514395Z: [    6.448650] Hangcheck: starting hangcheck timer 0.9.1 (tick is 180 seconds, margin is 60 seconds).
[STDERR  ] 2017-10-13T11:53:38.084524139Z: [    6.513221] loop: module loaded
[STDERR  ] 2017-10-13T11:53:38.084539659Z: [    6.548859] nbd: registered device at major 43
[STDERR  ] 2017-10-13T11:53:38.084555257Z: [    6.619608] lpc_ich 0000:00:1f.0: I/O space for GPIO uninitialized
[STDERR  ] 2017-10-13T11:53:38.084564449Z: [    6.623225] VMware PVSCSI driver - version 1.0.7.0-k
[STDERR  ] 2017-10-13T11:53:38.084573499Z: [    6.624544] hv_vmbus: registering driver hv_storvsc
[STDERR  ] 2017-10-13T11:53:38.08458248Z: [    6.639494] ACPI: PCI Interrupt Link [GSIA] enabled at IRQ 16
[STDERR  ] 2017-10-13T11:53:38.084591432Z: [    6.650684] ahci 0000:00:1f.2: AHCI 0001.0000 32 slots 6 ports 1.5 Gbps 0x3f impl SATA mode
[STDERR  ] 2017-10-13T11:53:38.084600612Z: [    6.651550] ahci 0000:00:1f.2: flags: 64bit ncq only 
[STDERR  ] 2017-10-13T11:53:38.084609675Z: [    6.683227] scsi host0: ahci
[STDERR  ] 2017-10-13T11:53:38.084618639Z: [    6.691266] scsi host1: ahci
[STDERR  ] 2017-10-13T11:53:38.084627935Z: [    6.696000] scsi host2: ahci
[STDERR  ] 2017-10-13T11:53:38.08463649Z: [    6.699957] scsi host3: ahci
[STDERR  ] 2017-10-13T11:53:38.084645527Z: [    6.703606] scsi host4: ahci
[STDERR  ] 2017-10-13T11:53:38.084654257Z: [    6.706976] scsi host5: ahci
[STDERR  ] 2017-10-13T11:53:38.08466308Z: [    6.709304] ata1: SATA max UDMA/133 abar m4096@0xfebd2000 port 0xfebd2100 irq 24
[STDERR  ] 2017-10-13T11:53:38.084672535Z: [    6.709815] ata2: SATA max UDMA/133 abar m4096@0xfebd2000 port 0xfebd2180 irq 24
[STDERR  ] 2017-10-13T11:53:38.084681567Z: [    6.710910] ata3: SATA max UDMA/133 abar m4096@0xfebd2000 port 0xfebd2200 irq 24
[STDERR  ] 2017-10-13T11:53:38.084698312Z: [    6.711406] ata4: SATA max UDMA/133 abar m4096@0xfebd2000 port 0xfebd2280 irq 24
