[INFO    ] 2017-11-03T14:46:39.818878882Z: Running Test linuxkit.packages.format_mount.multiple in /tmp/build/test/cases/040_packages/006_format_mount/010_multiple
[INFO    ] 2017-11-03T14:46:39.819044134Z: Running command: [/bin/sh -x /tmp/build/test/cases/040_packages/006_format_mount/010_multiple/test.sh]
[STDERR  ] 2017-11-03T14:46:39.849849082Z: + set -e
[STDERR  ] 2017-11-03T14:46:39.849936785Z: + . /tmp/build/test/cases/_lib/lib.sh
[STDERR  ] 2017-11-03T14:46:39.849964362Z: + [ -f src/github.com/linuxkit/rtf/lib/lib.sh ]
[STDERR  ] 2017-11-03T14:46:39.849976255Z: + LINUXKIT_TMPDIR=/tmp/build/test/cases/_tmp
[STDERR  ] 2017-11-03T14:46:39.849987402Z: + [ -f /tmp/build/test/cases/_tmp/env.sh ]
[STDERR  ] 2017-11-03T14:46:39.850002917Z: + . /tmp/build/test/cases/_tmp/env.sh
[STDERR  ] 2017-11-03T14:46:39.85001449Z: + export LINUXKIT_EXAMPLES_DIR=/tmp/build/test/cases/../../examples
[STDERR  ] 2017-11-03T14:46:39.850026432Z: + export LINUXKIT_BLUEPRINTS_DIR=/tmp/build/test/cases/../../blueprints
[STDERR  ] 2017-11-03T14:46:39.850055325Z: + RT_CANCEL=253
[STDERR  ] 2017-11-03T14:46:39.850067967Z: + NAME=test-format
[STDERR  ] 2017-11-03T14:46:39.850079129Z: + DISK1=disk1.img
[STDERR  ] 2017-11-03T14:46:39.850089754Z: + DISK2=disk2.img
[STDERR  ] 2017-11-03T14:46:39.850100795Z: + trap clean_up EXIT
[STDERR  ] 2017-11-03T14:46:39.850110837Z: + moby build -format kernel+initrd -name test-format test.yml
[STDERR  ] 2017-11-03T14:46:39.90623505Z: Extract kernel image: linuxkit/kernel:4.9.59
[STDERR  ] 2017-11-03T14:46:41.86996575Z: Add init containers:
[STDERR  ] 2017-11-03T14:46:41.870036383Z: Process init image: linuxkit/init:42a92119e1ca10380e0d33e26c0cbcf85b9b3558
[STDERR  ] 2017-11-03T14:46:43.161696926Z: Process init image: linuxkit/runc:817fdc592eac6cb7804fa1721a43a7f6e23fb50f
[STDERR  ] 2017-11-03T14:46:44.465894709Z: Add onboot containers:
[STDERR  ] 2017-11-03T14:46:44.465955684Z:   Create OCI config for linuxkit/format:10e75e78e1f134d310c62e9a0352df1c67b0dd81
[STDERR  ] 2017-11-03T14:46:45.59325394Z: time="2017-11-03T14:46:45Z" level=warning msg="certificate with CN Rolf Neugebauer is near expiry" 
[STDERR  ] 2017-11-03T14:46:45.595436966Z: time="2017-11-03T14:46:45Z" level=warning msg="certificate with CN Rolf Neugebauer is near expiry" 
[STDERR  ] 2017-11-03T14:46:45.946345463Z:   Create OCI config for linuxkit/format:10e75e78e1f134d310c62e9a0352df1c67b0dd81
[STDERR  ] 2017-11-03T14:46:47.034611134Z: time="2017-11-03T14:46:47Z" level=warning msg="certificate with CN Rolf Neugebauer is near expiry" 
[STDERR  ] 2017-11-03T14:46:47.0390335Z: time="2017-11-03T14:46:47Z" level=warning msg="certificate with CN Rolf Neugebauer is near expiry" 
[STDERR  ] 2017-11-03T14:46:47.387955887Z:   Create OCI config for linuxkit/mount:41685ecc8039643948e5dff46e17584753469a7a
[STDERR  ] 2017-11-03T14:46:48.447836882Z: time="2017-11-03T14:46:48Z" level=warning msg="certificate with CN Rolf Neugebauer is near expiry" 
[STDERR  ] 2017-11-03T14:46:48.451235643Z: time="2017-11-03T14:46:48Z" level=warning msg="certificate with CN Rolf Neugebauer is near expiry" 
[STDERR  ] 2017-11-03T14:46:48.627159581Z:   Create OCI config for linuxkit/mount:41685ecc8039643948e5dff46e17584753469a7a
[STDERR  ] 2017-11-03T14:46:49.686119789Z: time="2017-11-03T14:46:49Z" level=warning msg="certificate with CN Rolf Neugebauer is near expiry" 
[STDERR  ] 2017-11-03T14:46:49.688811371Z: time="2017-11-03T14:46:49Z" level=warning msg="certificate with CN Rolf Neugebauer is near expiry" 
[STDERR  ] 2017-11-03T14:46:49.903997509Z:   Create OCI config for alpine:3.6
[STDERR  ] 2017-11-03T14:46:51.166052634Z:   Create OCI config for linuxkit/poweroff:280bd01daa8776fbe1f4d912977f1886b8374834
[STDERR  ] 2017-11-03T14:46:52.228730267Z: time="2017-11-03T14:46:52Z" level=warning msg="certificate with CN Rolf Neugebauer is near expiry" 
[STDERR  ] 2017-11-03T14:46:52.230169068Z: time="2017-11-03T14:46:52Z" level=warning msg="certificate with CN Rolf Neugebauer is near expiry" 
[STDERR  ] 2017-11-03T14:46:52.427783874Z: Add files:
[STDERR  ] 2017-11-03T14:46:52.42785912Z:   check.sh
[STDERR  ] 2017-11-03T14:46:52.443084121Z: Create outputs:
[STDERR  ] 2017-11-03T14:46:59.723063338Z:   test-format-kernel test-format-initrd.img test-format-cmdline
[STDERR  ] 2017-11-03T14:46:59.784416312Z: + linuxkit run -disk file=disk1.img,size=512M -disk file=disk2.img,size=512M test-format
[STDERR  ] 2017-11-03T14:46:59.804415464Z: Unable to find qemu-system-x86_64 within the $PATH. Using a container
[STDERR  ] 2017-11-03T14:48:03.358360274Z: + RESULT=[    0.000000] Linux version 4.9.59-linuxkit (root@01324b49428a) (gcc version 6.3.0 (Alpine 6.3.0) ) #1 SMP Sat Oct 28 17:03:21 UTC 2017
[STDERR  ] 2017-11-03T14:48:03.358440215Z: [    0.000000] Command line: console=ttyS0
[STDERR  ] 2017-11-03T14:48:03.358454214Z: [    0.000000] x86/fpu: Legacy x87 FPU detected.
[STDERR  ] 2017-11-03T14:48:03.358466084Z: [    0.000000] x86/fpu: Using 'eager' FPU context switches.
[STDERR  ] 2017-11-03T14:48:03.358477989Z: [    0.000000] e820: BIOS-provided physical RAM map:
[STDERR  ] 2017-11-03T14:48:03.358504848Z: [    0.000000] BIOS-e820: [mem 0x0000000000000000-0x000000000009fbff] usable
[STDERR  ] 2017-11-03T14:48:03.358516535Z: [    0.000000] BIOS-e820: [mem 0x000000000009fc00-0x000000000009ffff] reserved
[STDERR  ] 2017-11-03T14:48:03.358527802Z: [    0.000000] BIOS-e820: [mem 0x00000000000f0000-0x00000000000fffff] reserved
[STDERR  ] 2017-11-03T14:48:03.358538261Z: [    0.000000] BIOS-e820: [mem 0x0000000000100000-0x000000003ffddfff] usable
[STDERR  ] 2017-11-03T14:48:03.358549741Z: [    0.000000] BIOS-e820: [mem 0x000000003ffde000-0x000000003fffffff] reserved
[STDERR  ] 2017-11-03T14:48:03.358560296Z: [    0.000000] BIOS-e820: [mem 0x00000000b0000000-0x00000000bfffffff] reserved
[STDERR  ] 2017-11-03T14:48:03.358571138Z: [    0.000000] BIOS-e820: [mem 0x00000000fed1c000-0x00000000fed1ffff] reserved
[STDERR  ] 2017-11-03T14:48:03.358582128Z: [    0.000000] BIOS-e820: [mem 0x00000000fffc0000-0x00000000ffffffff] reserved
[STDERR  ] 2017-11-03T14:48:03.358592559Z: [    0.000000] NX (Execute Disable) protection: active
[STDERR  ] 2017-11-03T14:48:03.358603272Z: [    0.000000] SMBIOS 2.8 present.
[STDERR  ] 2017-11-03T14:48:03.358614015Z: [    0.000000] e820: last_pfn = 0x3ffde max_arch_pfn = 0x400000000
[STDERR  ] 2017-11-03T14:48:03.358624236Z: [    0.000000] x86/PAT: Configuration [0-7]: WB  WC  UC- UC  WB  WC  UC- WT  
[STDERR  ] 2017-11-03T14:48:03.358634195Z: [    0.000000] found SMP MP-table at [mem 0x000f6aa0-0x000f6aaf] mapped at [ffff929d400f6aa0]
[STDERR  ] 2017-11-03T14:48:03.358644451Z: [    0.000000] RAMDISK: [mem 0x3d938000-0x3ffcffff]
[STDERR  ] 2017-11-03T14:48:03.358654342Z: [    0.000000] ACPI: Early table checksum verification disabled
[STDERR  ] 2017-11-03T14:48:03.358664858Z: [    0.000000] ACPI: RSDP 0x00000000000F68C0 000014 (v00 BOCHS )
[STDERR  ] 2017-11-03T14:48:03.358676009Z: [    0.000000] ACPI: RSDT 0x000000003FFE2404 000034 (v01 BOCHS  BXPCRSDT 00000001 BXPC 00000001)
[STDERR  ] 2017-11-03T14:48:03.358687719Z: [    0.000000] ACPI: FACP 0x000000003FFE22A4 000074 (v01 BOCHS  BXPCFACP 00000001 BXPC 00000001)
[STDERR  ] 2017-11-03T14:48:03.358699165Z: [    0.000000] ACPI: DSDT 0x000000003FFE0040 002264 (v01 BOCHS  BXPCDSDT 00000001 BXPC 00000001)
[STDERR  ] 2017-11-03T14:48:03.358727961Z: [    0.000000] ACPI: FACS 0x000000003FFE0000 000040
[STDERR  ] 2017-11-03T14:48:03.358740992Z: [    0.000000] ACPI: APIC 0x000000003FFE2318 000078 (v01 BOCHS  BXPCAPIC 00000001 BXPC 00000001)
[STDERR  ] 2017-11-03T14:48:03.358753128Z: [    0.000000] ACPI: HPET 0x000000003FFE2390 000038 (v01 BOCHS  BXPCHPET 00000001 BXPC 00000001)
[STDERR  ] 2017-11-03T14:48:03.358768928Z: [    0.000000] ACPI: MCFG 0x000000003FFE23C8 00003C (v01 BOCHS  BXPCMCFG 00000001 BXPC 00000001)
[STDERR  ] 2017-11-03T14:48:03.358780291Z: [    0.000000] Zone ranges:
[STDERR  ] 2017-11-03T14:48:03.358791849Z: [    0.000000]   DMA      [mem 0x0000000000001000-0x0000000000ffffff]
[STDERR  ] 2017-11-03T14:48:03.358802896Z: [    0.000000]   DMA32    [mem 0x0000000001000000-0x000000003ffddfff]
[STDERR  ] 2017-11-03T14:48:03.358813915Z: [    0.000000]   Normal   empty
[STDERR  ] 2017-11-03T14:48:03.358833762Z: [    0.000000] Movable zone start for each node
[STDERR  ] 2017-11-03T14:48:03.358844632Z: [    0.000000] Early memory node ranges
[STDERR  ] 2017-11-03T14:48:03.358855696Z: [    0.000000]   node   0: [mem 0x0000000000001000-0x000000000009efff]
[STDERR  ] 2017-11-03T14:48:03.358866039Z: [    0.000000]   node   0: [mem 0x0000000000100000-0x000000003ffddfff]
[STDERR  ] 2017-11-03T14:48:03.358876892Z: [    0.000000] Initmem setup node 0 [mem 0x0000000000001000-0x000000003ffddfff]
[STDERR  ] 2017-11-03T14:48:03.358889858Z: [    0.000000] ACPI: PM-Timer IO Port: 0x608
[STDERR  ] 2017-11-03T14:48:03.358900525Z: [    0.000000] ACPI: LAPIC_NMI (acpi_id[0xff] dfl dfl lint[0x1])
[STDERR  ] 2017-11-03T14:48:03.358911191Z: [    0.000000] IOAPIC[0]: apic_id 0, version 32, address 0xfec00000, GSI 0-23
[STDERR  ] 2017-11-03T14:48:03.358921835Z: [    0.000000] ACPI: INT_SRC_OVR (bus 0 bus_irq 0 global_irq 2 dfl dfl)
[STDERR  ] 2017-11-03T14:48:03.358938892Z: [    0.000000] ACPI: INT_SRC_OVR (bus 0 bus_irq 5 global_irq 5 high level)
[STDERR  ] 2017-11-03T14:48:03.358950006Z: [    0.000000] ACPI: INT_SRC_OVR (bus 0 bus_irq 9 global_irq 9 high level)
[STDERR  ] 2017-11-03T14:48:03.358960584Z: [    0.000000] ACPI: INT_SRC_OVR (bus 0 bus_irq 10 global_irq 10 high level)
[STDERR  ] 2017-11-03T14:48:03.358970905Z: [    0.000000] ACPI: INT_SRC_OVR (bus 0 bus_irq 11 global_irq 11 high level)
[STDERR  ] 2017-11-03T14:48:03.358981841Z: [    0.000000] Using ACPI (MADT) for SMP configuration information
[STDERR  ] 2017-11-03T14:48:03.358993012Z: [    0.000000] ACPI: HPET id: 0x8086a201 base: 0xfed00000
[STDERR  ] 2017-11-03T14:48:03.359004359Z: [    0.000000] smpboot: Allowing 1 CPUs, 0 hotplug CPUs
[STDERR  ] 2017-11-03T14:48:03.359015234Z: [    0.000000] e820: [mem 0x40000000-0xafffffff] available for PCI devices
[STDERR  ] 2017-11-03T14:48:03.359026852Z: [    0.000000] Booting paravirtualized kernel on bare hardware
[STDERR  ] 2017-11-03T14:48:03.359038498Z: [    0.000000] clocksource: refined-jiffies: mask: 0xffffffff max_cycles: 0xffffffff, max_idle_ns: 19112604462750000 ns
[STDERR  ] 2017-11-03T14:48:03.359056552Z: [    0.000000] setup_percpu: NR_CPUS:128 nr_cpumask_bits:128 nr_cpu_ids:1 nr_node_ids:1
[STDERR  ] 2017-11-03T14:48:03.359068009Z: [    0.000000] percpu: Embedded 35 pages/cpu @ffff929d7d600000 s105240 r8192 d29928 u2097152
[STDERR  ] 2017-11-03T14:48:03.359078629Z: [    0.000000] Built 1 zonelists in Zone order, mobility grouping on.  Total pages: 257895
[STDERR  ] 2017-11-03T14:48:03.359089138Z: [    0.000000] Kernel command line: console=ttyS0
[STDERR  ] 2017-11-03T14:48:03.359101257Z: [    0.000000] PID hash table entries: 4096 (order: 3, 32768 bytes)
[STDERR  ] 2017-11-03T14:48:03.359112381Z: [    0.000000] Dentry cache hash table entries: 131072 (order: 8, 1048576 bytes)
[STDERR  ] 2017-11-03T14:48:03.359122622Z: [    0.000000] Inode-cache hash table entries: 65536 (order: 7, 524288 bytes)
[STDERR  ] 2017-11-03T14:48:03.359132568Z: [    0.000000] Memory: 974656K/1048048K available (8053K kernel code, 1367K rwdata, 2704K rodata, 1380K init, 568K bss, 73392K reserved, 0K cma-reserved)
[STDERR  ] 2017-11-03T14:48:03.359147805Z: [    0.000000] Hierarchical RCU implementation.
[STDERR  ] 2017-11-03T14:48:03.359158285Z: [    0.000000] 	Build-time adjustment of leaf fanout to 64.
[STDERR  ] 2017-11-03T14:48:03.359168772Z: [    0.000000] 	RCU restricting CPUs from NR_CPUS=128 to nr_cpu_ids=1.
[STDERR  ] 2017-11-03T14:48:03.359179492Z: [    0.000000] RCU: Adjusting geometry for rcu_fanout_leaf=64, nr_cpu_ids=1
[STDERR  ] 2017-11-03T14:48:03.359190361Z: [    0.000000] NR_IRQS:8448 nr_irqs:256 16
[STDERR  ] 2017-11-03T14:48:03.359201942Z: [    0.000000] Console: colour VGA+ 80x25
[STDERR  ] 2017-11-03T14:48:03.359213444Z: [    0.000000] console [ttyS0] enabled
[STDERR  ] 2017-11-03T14:48:03.359223662Z: [    0.000000] clocksource: hpet: mask: 0xffffffff max_cycles: 0xffffffff, max_idle_ns: 19112604467 ns
[STDERR  ] 2017-11-03T14:48:03.359233824Z: [    0.000000] tsc: Fast TSC calibration using PIT
[STDERR  ] 2017-11-03T14:48:03.359251114Z: [    0.000000] tsc: Detected 2600.012 MHz processor
[STDERR  ] 2017-11-03T14:48:03.359261602Z: [    0.022213] Calibrating delay loop (skipped), value calculated using timer frequency.. 5200.02 BogoMIPS (lpj=26000120)
[STDERR  ] 2017-11-03T14:48:03.359273801Z: [    0.030627] pid_max: default: 32768 minimum: 301
[STDERR  ] 2017-11-03T14:48:03.359285588Z: [    0.031899] ACPI: Core revision 20160831
[STDERR  ] 2017-11-03T14:48:03.359297298Z: [    0.087172] ACPI: 1 ACPI AML tables successfully acquired and loaded
[STDERR  ] 2017-11-03T14:48:03.359308268Z: [    0.092416] Security Framework initialized
[STDERR  ] 2017-11-03T14:48:03.359320007Z: [    0.092986] Yama: becoming mindful.
[STDERR  ] 2017-11-03T14:48:03.359329921Z: [    0.095331] Mount-cache hash table entries: 2048 (order: 2, 16384 bytes)
[STDERR  ] 2017-11-03T14:48:03.359340802Z: [    0.095979] Mountpoint-cache hash table entries: 2048 (order: 2, 16384 bytes)
[STDERR  ] 2017-11-03T14:48:03.359368655Z: [    0.118981] Last level iTLB entries: 4KB 0, 2MB 0, 4MB 0
[STDERR  ] 2017-11-03T14:48:03.359379402Z: [    0.119527] Last level dTLB entries: 4KB 0, 2MB 0, 4MB 0, 1GB 0
[STDERR  ] 2017-11-03T14:48:03.359389521Z: [    0.479599] Freeing SMP alternatives memory: 20K
[STDERR  ] 2017-11-03T14:48:03.359400802Z: [    0.490976] ftrace: allocating 35584 entries in 140 pages
[STDERR  ] 2017-11-03T14:48:03.359410539Z: [    0.664662] smpboot: Max logical packages: 1
[STDERR  ] 2017-11-03T14:48:03.359421134Z: [    0.674192] ..TIMER: vector=0x30 apic1=0 pin1=2 apic2=-1 pin2=-1
[STDERR  ] 2017-11-03T14:48:03.359430718Z: [    0.780000] smpboot: CPU0: AMD QEMU Virtual CPU version 2.5+ (family: 0x6, model: 0x6, stepping: 0x3)
[STDERR  ] 2017-11-03T14:48:03.359443067Z: [    0.780000] Performance Events: PMU not available due to virtualization, using software events only.
[STDERR  ] 2017-11-03T14:48:03.359453881Z: [    0.792220] NMI watchdog: disabled (cpu0): hardware events not enabled
[STDERR  ] 2017-11-03T14:48:03.359464038Z: [    0.792745] NMI watchdog: Shutting down hard lockup detector on all cpus
[STDERR  ] 2017-11-03T14:48:03.359474905Z: [    0.797032] x86: Booted up 1 node, 1 CPUs
[STDERR  ] 2017-11-03T14:48:03.359485178Z: [    0.797573] smpboot: Total of 1 processors activated (5200.02 BogoMIPS)
[STDERR  ] 2017-11-03T14:48:03.359495467Z: [    0.814282] devtmpfs: initialized
[STDERR  ] 2017-11-03T14:48:03.359506175Z: [    0.822139] x86/mm: Memory block size: 128MB
[STDERR  ] 2017-11-03T14:48:03.359517519Z: [    0.888036] clocksource: jiffies: mask: 0xffffffff max_cycles: 0xffffffff, max_idle_ns: 19112604462750000 ns
[STDERR  ] 2017-11-03T14:48:03.359528638Z: [    0.889186] futex hash table entries: 256 (order: 2, 16384 bytes)
[STDERR  ] 2017-11-03T14:48:03.359539544Z: [    0.900909] NET: Registered protocol family 16
[STDERR  ] 2017-11-03T14:48:03.359550405Z: [    0.910860] cpuidle: using governor ladder
[STDERR  ] 2017-11-03T14:48:03.359563239Z: [    0.911391] cpuidle: using governor menu
[STDERR  ] 2017-11-03T14:48:03.359573732Z: [    0.912631] ACPI: bus type PCI registered
[STDERR  ] 2017-11-03T14:48:03.359583947Z: [    0.915555] PCI: MMCONFIG for domain 0000 [bus 00-ff] at [mem 0xb0000000-0xbfffffff] (base 0xb0000000)
[STDERR  ] 2017-11-03T14:48:03.359594641Z: [    0.916455] PCI: MMCONFIG at [mem 0xb0000000-0xbfffffff] reserved in E820
[STDERR  ] 2017-11-03T14:48:03.359605092Z: [    0.917949] PCI: Using configuration type 1 for base access
[STDERR  ] 2017-11-03T14:48:03.359615493Z: [    0.981538] HugeTLB registered 2 MB page size, pre-allocated 0 pages
[STDERR  ] 2017-11-03T14:48:03.359625788Z: [    0.998325] ACPI: Added _OSI(Module Device)
[STDERR  ] 2017-11-03T14:48:03.359636185Z: [    0.998572] ACPI: Added _OSI(Processor Device)
[STDERR  ] 2017-11-03T14:48:03.359646785Z: [    0.998727] ACPI: Added _OSI(3.0 _SCP Extensions)
[STDERR  ] 2017-11-03T14:48:03.359658985Z: [    0.999154] ACPI: Added _OSI(Processor Aggregator Device)
[STDERR  ] 2017-11-03T14:48:03.359670641Z: [    1.083798] ACPI: Interpreter enabled
[STDERR  ] 2017-11-03T14:48:03.359688193Z: [    1.084831] ACPI: (supports S0 S5)
[STDERR  ] 2017-11-03T14:48:03.359700057Z: [    1.085228] ACPI: Using IOAPIC for interrupt routing
[STDERR  ] 2017-11-03T14:48:03.359713509Z: [    1.088179] PCI: Using host bridge windows from ACPI; if necessary, use "pci=nocrs" and report a bug
[STDERR  ] 2017-11-03T14:48:03.359724999Z: [    1.161631] ACPI: PCI Root Bridge [PCI0] (domain 0000 [bus 00-ff])
[STDERR  ] 2017-11-03T14:48:03.359739957Z: [    1.162998] acpi PNP0A08:00: _OSC: OS supports [ExtendedConfig ASPM ClockPM Segments MSI]
[STDERR  ] 2017-11-03T14:48:03.359751444Z: [    1.170347] acpi PNP0A08:00: _OSC: OS now controls [PCIeHotplug PME PCIeCapability]
[STDERR  ] 2017-11-03T14:48:03.359762684Z: [    1.174324] PCI host bridge to bus 0000:00
[STDERR  ] 2017-11-03T14:48:03.359775675Z: [    1.174872] pci_bus 0000:00: root bus resource [io  0x0000-0x0cf7 window]
[STDERR  ] 2017-11-03T14:48:03.359794185Z: [    1.175402] pci_bus 0000:00: root bus resource [io  0x0d00-0xffff window]
[STDERR  ] 2017-11-03T14:48:03.359806009Z: [    1.175893] pci_bus 0000:00: root bus resource [mem 0x000a0000-0x000bffff window]
[STDERR  ] 2017-11-03T14:48:03.359817574Z: [    1.176406] pci_bus 0000:00: root bus resource [mem 0xc0000000-0xfebfffff window]
[STDERR  ] 2017-11-03T14:48:03.359828258Z: [    1.177081] pci_bus 0000:00: root bus resource [bus 00-ff]
[STDERR  ] 2017-11-03T14:48:03.359857415Z: [    1.291721] pci 0000:00:1f.0: quirk: [io  0x0600-0x067f] claimed by ICH6 ACPI/GPIO/TCO
[STDERR  ] 2017-11-03T14:48:03.35986805Z: [    1.357767] ACPI: PCI Interrupt Link [LNKA] (IRQs 5 *10 11)
[STDERR  ] 2017-11-03T14:48:03.359878668Z: [    1.361209] ACPI: PCI Interrupt Link [LNKB] (IRQs 5 *10 11)
[STDERR  ] 2017-11-03T14:48:03.359893507Z: [    1.363498] ACPI: PCI Interrupt Link [LNKC] (IRQs 5 10 *11)
[STDERR  ] 2017-11-03T14:48:03.359904857Z: [    1.365413] ACPI: PCI Interrupt Link [LNKD] (IRQs 5 10 *11)
[STDERR  ] 2017-11-03T14:48:03.359917324Z: [    1.367295] ACPI: PCI Interrupt Link [LNKE] (IRQs 5 *10 11)
[STDERR  ] 2017-11-03T14:48:03.359928065Z: [    1.369062] ACPI: PCI Interrupt Link [LNKF] (IRQs 5 *10 11)
[STDERR  ] 2017-11-03T14:48:03.359938767Z: [    1.371499] ACPI: PCI Interrupt Link [LNKG] (IRQs 5 10 *11)
[STDERR  ] 2017-11-03T14:48:03.359949741Z: [    1.374026] ACPI: PCI Interrupt Link [LNKH] (IRQs 5 10 *11)
[STDERR  ] 2017-11-03T14:48:03.35996049Z: [    1.375166] ACPI: PCI Interrupt Link [GSIA] (IRQs *16)
[STDERR  ] 2017-11-03T14:48:03.359971261Z: [    1.376023] ACPI: PCI Interrupt Link [GSIB] (IRQs *17)
[STDERR  ] 2017-11-03T14:48:03.359981854Z: [    1.376832] ACPI: PCI Interrupt Link [GSIC] (IRQs *18)
[STDERR  ] 2017-11-03T14:48:03.359992708Z: [    1.377634] ACPI: PCI Interrupt Link [GSID] (IRQs *19)
[STDERR  ] 2017-11-03T14:48:03.360003613Z: [    1.378322] ACPI: PCI Interrupt Link [GSIE] (IRQs *20)
[STDERR  ] 2017-11-03T14:48:03.360014895Z: [    1.379061] ACPI: PCI Interrupt Link [GSIF] (IRQs *21)
[STDERR  ] 2017-11-03T14:48:03.36002537Z: [    1.380315] ACPI: PCI Interrupt Link [GSIG] (IRQs *22)
[STDERR  ] 2017-11-03T14:48:03.360036453Z: [    1.381158] ACPI: PCI Interrupt Link [GSIH] (IRQs *23)
[STDERR  ] 2017-11-03T14:48:03.360047685Z: [    1.385979] ACPI: Enabled 2 GPEs in block 00 to 3F
[STDERR  ] 2017-11-03T14:48:03.360059301Z: [    1.390886] SCSI subsystem initialized
[STDERR  ] 2017-11-03T14:48:03.360069677Z: [    1.392911] ACPI: bus type USB registered
[STDERR  ] 2017-11-03T14:48:03.360079785Z: [    1.394305] usbcore: registered new interface driver usbfs
[STDERR  ] 2017-11-03T14:48:03.360090243Z: [    1.395336] usbcore: registered new interface driver hub
[STDERR  ] 2017-11-03T14:48:03.360101163Z: [    1.396282] usbcore: registered new device driver usb
[STDERR  ] 2017-11-03T14:48:03.360112215Z: [    1.397558] pps_core: LinuxPPS API ver. 1 registered
[STDERR  ] 2017-11-03T14:48:03.360123131Z: [    1.397942] pps_core: Software ver. 5.3.6 - Copyright 2005-2007 Rodolfo Giometti <giometti@linux.it>
[STDERR  ] 2017-11-03T14:48:03.360134887Z: [    1.398674] PTP clock support registered
[STDERR  ] 2017-11-03T14:48:03.36015124Z: [    1.400119] wmi: Mapper loaded
[STDERR  ] 2017-11-03T14:48:03.360161418Z: [    1.401384] PCI: Using ACPI for IRQ routing
[STDERR  ] 2017-11-03T14:48:03.360172255Z: [    1.420591] NetLabel: Initializing
[STDERR  ] 2017-11-03T14:48:03.360182771Z: [    1.420795] NetLabel:  domain hash size = 128
[STDERR  ] 2017-11-03T14:48:03.360193103Z: [    1.421193] NetLabel:  protocols = UNLABELED CIPSOv4
[STDERR  ] 2017-11-03T14:48:03.360203195Z: [    1.424042] NetLabel:  unlabeled traffic allowed by default
[STDERR  ] 2017-11-03T14:48:03.360215787Z: [    1.425516] HPET: 3 timers in total, 0 timers will be used for per-cpu timer
[STDERR  ] 2017-11-03T14:48:03.360227117Z: [    1.426417] hpet0: at MMIO 0xfed00000, IRQs 2, 8, 0
[STDERR  ] 2017-11-03T14:48:03.360238295Z: [    1.427039] hpet0: 3 comparators, 64-bit 100.000000 MHz counter
[STDERR  ] 2017-11-03T14:48:03.360249208Z: [    1.434866] clocksource: Switched to clocksource hpet
[STDERR  ] 2017-11-03T14:48:03.360265383Z: [    1.753143] VFS: Disk quotas dquot_6.6.0
[STDERR  ] 2017-11-03T14:48:03.360276365Z: [    1.754017] VFS: Dquot-cache hash table entries: 512 (order 0, 4096 bytes)
[STDERR  ] 2017-11-03T14:48:03.360287823Z: [    1.758198] FS-Cache: Loaded
[STDERR  ] 2017-11-03T14:48:03.360297768Z: [    1.765568] CacheFiles: Loaded
[STDERR  ] 2017-11-03T14:48:03.360308148Z: [    1.767576] pnp: PnP ACPI init
[STDERR  ] 2017-11-03T14:48:03.360324655Z: [    1.780631] pnp: PnP ACPI: found 5 devices
[STDERR  ] 2017-11-03T14:48:03.360335331Z: [    1.837539] clocksource: acpi_pm: mask: 0xffffff max_cycles: 0xffffff, max_idle_ns: 2085701024 ns
[STDERR  ] 2017-11-03T14:48:03.360355193Z: [    1.842376] NET: Registered protocol family 2
[STDERR  ] 2017-11-03T14:48:03.360366363Z: [    1.850049] TCP established hash table entries: 8192 (order: 4, 65536 bytes)
[STDERR  ] 2017-11-03T14:48:03.360378113Z: [    1.851279] TCP bind hash table entries: 8192 (order: 5, 131072 bytes)
[STDERR  ] 2017-11-03T14:48:03.360389606Z: [    1.852023] TCP: Hash tables configured (established 8192 bind 8192)
[STDERR  ] 2017-11-03T14:48:03.360399103Z: [    1.854038] UDP hash table entries: 512 (order: 2, 16384 bytes)
[STDERR  ] 2017-11-03T14:48:03.360408153Z: [    1.854662] UDP-Lite hash table entries: 512 (order: 2, 16384 bytes)
[STDERR  ] 2017-11-03T14:48:03.360417573Z: [    1.857238] NET: Registered protocol family 1
[STDERR  ] 2017-11-03T14:48:03.36042988Z: [    1.858332] pci 0000:00:01.0: Video device with shadowed ROM at [mem 0x000c0000-0x000dffff]
[STDERR  ] 2017-11-03T14:48:03.36044056Z: [    1.866599] Unpacking initramfs...
[STDERR  ] 2017-11-03T14:48:03.360450795Z: [    9.600593] Freeing initrd memory: 39520K
[STDERR  ] 2017-11-03T14:48:03.360461726Z: [    9.626368] PCLMULQDQ-NI instructions are not detected.
[STDERR  ] 2017-11-03T14:48:03.360472727Z: [    9.628088] AVX or AES-NI instructions are not detected.
[STDERR  ] 2017-11-03T14:48:03.360482177Z: [    9.628587] CPU feature 'AVX registers' is not supported.
[STDERR  ] 2017-11-03T14:48:03.360488408Z: [    9.629077] CPU feature 'AVX registers' is not supported.
[STDERR  ] 2017-11-03T14:48:03.360497131Z: [    9.629518] CPU feature 'AVX registers' is not supported.
[STDERR  ] 2017-11-03T14:48:03.360503263Z: [    9.629976] CPU feature 'AVX registers' is not supported.
[STDERR  ] 2017-11-03T14:48:03.360510233Z: [    9.631032] AVX2 or AES-NI instructions are not detected.
[STDERR  ] 2017-11-03T14:48:03.36051627Z: [    9.631496] AVX2 instructions are not detected.
[STDERR  ] 2017-11-03T14:48:03.360522188Z: [    9.637229] audit: initializing netlink subsys (disabled)
[STDERR  ] 2017-11-03T14:48:03.360527956Z: [    9.639014] audit: type=2000 audit(1509720432.630:1): initialized
[STDERR  ] 2017-11-03T14:48:03.360533678Z: [    9.648919] workingset: timestamp_bits=46 max_order=18 bucket_order=0
[STDERR  ] 2017-11-03T14:48:03.360539886Z: [    9.656247] squashfs: version 4.0 (2009/01/31) Phillip Lougher
[STDERR  ] 2017-11-03T14:48:03.360545697Z: [    9.660719] FS-Cache: Netfs 'cifs' registered for caching
[STDERR  ] 2017-11-03T14:48:03.360551343Z: [    9.662084] fuse init (API version 7.26)
[STDERR  ] 2017-11-03T14:48:03.36056445Z: [    9.664607] SGI XFS with ACLs, security attributes, no debug enabled
[STDERR  ] 2017-11-03T14:48:03.360571113Z: [    9.672472] 9p: Installing v9fs 9p2000 file system support
[STDERR  ] 2017-11-03T14:48:03.360576933Z: [    9.673108] FS-Cache: Netfs '9p' registered for caching
[STDERR  ] 2017-11-03T14:48:03.360583018Z: [    9.706960] NET: Registered protocol family 38
[STDERR  ] 2017-11-03T14:48:03.360588461Z: [    9.707450] Key type asymmetric registered
[STDERR  ] 2017-11-03T14:48:03.360594515Z: [    9.707880] Asymmetric key parser 'x509' registered
[STDERR  ] 2017-11-03T14:48:03.36060014Z: [    9.709022] Block layer SCSI generic (bsg) driver version 0.4 loaded (major 251)
[STDERR  ] 2017-11-03T14:48:03.360606078Z: [    9.711918] io scheduler noop registered
[STDERR  ] 2017-11-03T14:48:03.360612033Z: [    9.712267] io scheduler deadline registered (default)
[STDERR  ] 2017-11-03T14:48:03.360621691Z: [    9.713165] io scheduler cfq registered
[STDERR  ] 2017-11-03T14:48:03.360627183Z: [    9.715867] pci_hotplug: PCI Hot Plug PCI Core version: 0.5
[STDERR  ] 2017-11-03T14:48:03.360633205Z: [    9.716583] pciehp: PCI Express Hot Plug Controller Driver version: 0.4
[STDERR  ] 2017-11-03T14:48:03.360639013Z: [    9.717582] shpchp: Standard Hot Plug PCI Controller Driver version: 0.4
[STDERR  ] 2017-11-03T14:48:03.360645356Z: [    9.718522] hv_vmbus: registering driver hyperv_fb
[STDERR  ] 2017-11-03T14:48:03.360651223Z: [    9.723868] input: Power Button as /devices/LNXSYSTM:00/LNXPWRBN:00/input/input0
[STDERR  ] 2017-11-03T14:48:03.360656946Z: [    9.725088] ACPI: Power Button [PWRF]
[STDERR  ] 2017-11-03T14:48:03.36066273Z: [    9.730583] GHES: HEST is not enabled!
[STDERR  ] 2017-11-03T14:48:03.360671403Z: [    9.743983] ACPI: PCI Interrupt Link [GSIG] enabled at IRQ 22
[STDERR  ] 2017-11-03T14:48:03.36067757Z: [    9.758690] ACPI: PCI Interrupt Link [GSIH] enabled at IRQ 23
[STDERR  ] 2017-11-03T14:48:03.360683895Z: [    9.764266] xenfs: not registering filesystem on non-xen platform
[STDERR  ] 2017-11-03T14:48:03.360689301Z: [    9.766621] Serial: 8250/16550 driver, 4 ports, IRQ sharing disabled
[STDERR  ] 2017-11-03T14:48:03.360694866Z: [    9.790965] 00:04: ttyS0 at I/O 0x3f8 (irq = 4, base_baud = 115200) is a 16550A
[STDERR  ] 2017-11-03T14:48:03.360700363Z: [    9.804177] Non-volatile memory driver v1.3
[STDERR  ] 2017-11-03T14:48:03.360706071Z: [    9.810869] Hangcheck: starting hangcheck timer 0.9.1 (tick is 180 seconds, margin is 60 seconds).
[STDERR  ] 2017-11-03T14:48:03.360712085Z: [    9.851875] loop: module loaded
[STDERR  ] 2017-11-03T14:48:03.360717936Z: [    9.870047] nbd: registered device at major 43
[STDERR  ] 2017-11-03T14:48:03.36072344Z: [    9.920923] lpc_ich 0000:00:1f.0: I/O space for GPIO uninitialized
[STDERR  ] 2017-11-03T14:48:03.360728913Z: [    9.923287] VMware PVSCSI driver - version 1.0.7.0-k
[STDERR  ] 2017-11-03T14:48:03.360734293Z: [    9.924378] hv_vmbus: registering driver hv_storvsc
[STDERR  ] 2017-11-03T14:48:03.360739788Z: [    9.936233] ACPI: PCI Interrupt Link [GSIA] enabled at IRQ 16
[STDERR  ] 2017-11-03T14:48:03.360745213Z: [    9.944998] ahci 0000:00:1f.2: AHCI 0001.0000 32 slots 6 ports 1.5 Gbps 0x3f impl SATA mode
[STDERR  ] 2017-11-03T14:48:03.360750655Z: [    9.946019] ahci 0000:00:1f.2: flags: 64bit ncq only 
[STDERR  ] 2017-11-03T14:48:03.360756057Z: [    9.973739] scsi host0: ahci
[STDERR  ] 2017-11-03T14:48:03.360761581Z: [    9.980783] scsi host1: ahci
[STDERR  ] 2017-11-03T14:48:03.3607669Z: [    9.983919] scsi host2: ahci
[STDERR  ] 2017-11-03T14:48:03.360772333Z: [    9.987025] scsi host3: ahci
[STDERR  ] 2017-11-03T14:48:03.360777725Z: [    9.989472] scsi host4: ahci
[STDERR  ] 2017-11-03T14:48:03.360783036Z: [    9.992115] scsi host5: ahci
[STDERR  ] 2017-11-03T14:48:03.360791088Z: [    9.994825] ata1: SATA max UDMA/133 abar m4096@0xfebd2000 port 0xfebd2100 irq 24
[STDERR  ] 2017-11-03T14:48:03.360796808Z: [    9.995435] ata2: SATA max UDMA/133 abar m4096@0xfebd2000 port 0xfebd2180 irq 24
[STDERR  ] 2017-11-03T14:48:03.360805638Z: [    9.995976] ata3: SATA max UDMA/133 abar m4096@0xfebd2000 port 0xfebd2200 irq 24
[STDERR  ] 2017-11-03T14:48:03.360811675Z: [    9.996432] ata4: SATA max UDMA/133 abar m4096@0xfebd2000 port 0xfebd2280 irq 24
[STDERR  ] 2017-11-03T14:48:03.360817536Z: [    9.996941] ata5: SATA max UDMA/133 abar m4096@0xfebd2000 port 0xfebd2300 irq 24
[STDERR  ] 2017-11-03T14:48:03.360822968Z: [    9.997472] ata6: SATA max UDMA/133 abar m4096@0xfebd2000 port 0xfebd2380 irq 24
[STDERR  ] 2017-11-03T14:48:03.360828293Z: [   10.011652] tun: Universal TUN/TAP device driver, 1.6
[STDERR  ] 2017-11-03T14:48:03.360833813Z: [   10.012114] tun: (C) 1999-2004 Max Krasnyansky <maxk@qualcomm.com>
[STDERR  ] 2017-11-03T14:48:03.360839265Z: [   10.025551] VMware vmxnet3 virtual NIC driver - version 1.4.a.0-k-NAPI
[STDERR  ] 2017-11-03T14:48:03.360847143Z: [   10.026750] hv_vmbus: registering driver hv_netvsc
[STDERR  ] 2017-11-03T14:48:03.360864158Z: [   10.027140] Fusion MPT base driver 3.04.20
[STDERR  ] 2017-11-03T14:48:03.360875846Z: [   10.027470] Copyright (c) 1999-2008 LSI Corporation
[STDERR  ] 2017-11-03T14:48:03.360885136Z: [   10.028115] Fusion MPT SPI Host driver 3.04.20
[STDERR  ] 2017-11-03T14:48:03.360894938Z: [   10.030881] i8042: PNP: PS/2 Controller [PNP0303:KBD,PNP0f13:MOU] at 0x60,0x64 irq 1,12
[STDERR  ] 2017-11-03T14:48:03.360903763Z: [   10.035277] serio: i8042 KBD port at 0x60,0x64 irq 1
[STDERR  ] 2017-11-03T14:48:03.360914368Z: [   10.036066] serio: i8042 AUX port at 0x60,0x64 irq 12
[STDERR  ] 2017-11-03T14:48:03.360924516Z: [   10.039424] hv_vmbus: registering driver hyperv_keyboard
[STDERR  ] 2017-11-03T14:48:03.36093763Z: [   10.042257] mousedev: PS/2 mouse device common for all mice
[STDERR  ] 2017-11-03T14:48:03.360949403Z: [   10.047579] input: AT Translated Set 2 keyboard as /devices/platform/i8042/serio0/input/input1
[STDERR  ] 2017-11-03T14:48:03.360959278Z: [   10.051305] input: PC Speaker as /devices/platform/pcspkr/input/input2
[STDERR  ] 2017-11-03T14:48:03.3609705Z: [   10.055173] rtc_cmos 00:00: RTC can wake from S4
[STDERR  ] 2017-11-03T14:48:03.360981868Z: [   10.058640] rtc_cmos 00:00: rtc core: registered rtc_cmos as rtc0
[STDERR  ] 2017-11-03T14:48:03.360991718Z: [   10.060420] rtc_cmos 00:00: alarms up to one day, y3k, 114 bytes nvram, hpet irqs
[STDERR  ] 2017-11-03T14:48:03.361003408Z: [   10.061336] i2c /dev entries driver
[STDERR  ] 2017-11-03T14:48:03.361015121Z: [   10.063488] device-mapper: ioctl: 4.35.0-ioctl (2016-06-23) initialised: dm-devel@redhat.com
[STDERR  ] 2017-11-03T14:48:03.361026021Z: [   10.068469] usbcore: registered new interface driver usbhid
[STDERR  ] 2017-11-03T14:48:03.361033003Z: [   10.068964] usbhid: USB HID core driver
[STDERR  ] 2017-11-03T14:48:03.361038871Z: [   10.069644] hv_utils: Registering HyperV Utility Driver
[STDERR  ] 2017-11-03T14:48:03.361044968Z: [   10.069988] hv_vmbus: registering driver hv_util
[STDERR  ] 2017-11-03T14:48:03.361054506Z: [   10.070701] hv_vmbus: registering driver hv_balloon
[STDERR  ] 2017-11-03T14:48:03.361060536Z: [   10.071476] oprofile: using NMI interrupt.
[STDERR  ] 2017-11-03T14:48:03.361066121Z: [   10.072515] GACT probability on
[STDERR  ] 2017-11-03T14:48:03.3610717Z: [   10.073017] Mirror/redirect action on
[STDERR  ] 2017-11-03T14:48:03.361077278Z: [   10.073870] Simple TC action Loaded
[STDERR  ] 2017-11-03T14:48:03.361082563Z: [   10.074449] u32 classifier
[STDERR  ] 2017-11-03T14:48:03.361088308Z: [   10.074645]     Performance counters on
[STDERR  ] 2017-11-03T14:48:03.361093731Z: [   10.074928]     input device check on
[STDERR  ] 2017-11-03T14:48:03.361099208Z: [   10.075187]     Actions configured
[STDERR  ] 2017-11-03T14:48:03.36110464Z: [   10.076041] Netfilter messages via NETLINK v0.30.
[STDERR  ] 2017-11-03T14:48:03.36111039Z: [   10.076668] nfnl_acct: registering with nfnetlink.
[STDERR  ] 2017-11-03T14:48:03.361115788Z: [   10.078201] nf_conntrack version 0.5.0 (8192 buckets, 32768 max)
[STDERR  ] 2017-11-03T14:48:03.361121646Z: [   10.081665] ctnetlink v0.93: registering with nfnetlink.
[STDERR  ] 2017-11-03T14:48:03.361131718Z: [   10.084919] nf_tables: (c) 2007-2009 Patrick McHardy <kaber@trash.net>
[STDERR  ] 2017-11-03T14:48:03.361138018Z: [   10.085701] nf_tables_compat: (c) 2012 Pablo Neira Ayuso <pablo@netfilter.org>
[STDERR  ] 2017-11-03T14:48:03.361143875Z: [   10.088086] xt_time: kernel timezone is -0000
[STDERR  ] 2017-11-03T14:48:03.361149431Z: [   10.088801] ip_set: protocol 6
[STDERR  ] 2017-11-03T14:48:03.361154773Z: [   10.089502] IPVS: Registered protocols (TCP, UDP, SCTP, AH, ESP)
[STDERR  ] 2017-11-03T14:48:03.361161479Z: [   10.090514] IPVS: Connection hash table configured (size=4096, memory=64Kbytes)
[STDERR  ] 2017-11-03T14:48:03.361167168Z: [   10.092458] IPVS: Creating netns size=2104 id=0
[STDERR  ] 2017-11-03T14:48:03.361172789Z: [   10.095139] IPVS: ipvs loaded.
[STDERR  ] 2017-11-03T14:48:03.36118188Z: [   10.095432] IPVS: [rr] scheduler registered.
[STDERR  ] 2017-11-03T14:48:03.36119826Z: [   10.095756] IPVS: [wrr] scheduler registered.
[STDERR  ] 2017-11-03T14:48:03.361205741Z: [   10.096063] IPVS: [lc] scheduler registered.
[STDERR  ] 2017-11-03T14:48:03.36121128Z: [   10.096368] IPVS: [wlc] scheduler registered.
[STDERR  ] 2017-11-03T14:48:03.361216751Z: [   10.096688] IPVS: [fo] scheduler registered.
[STDERR  ] 2017-11-03T14:48:03.361222583Z: [   10.097003] IPVS: [ovf] scheduler registered.
[STDERR  ] 2017-11-03T14:48:03.36122814Z: [   10.097505] IPVS: [lblc] scheduler registered.
[STDERR  ] 2017-11-03T14:48:03.361233755Z: [   10.097961] IPVS: [lblcr] scheduler registered.
[STDERR  ] 2017-11-03T14:48:03.361239228Z: [   10.098350] IPVS: [dh] scheduler registered.
[STDERR  ] 2017-11-03T14:48:03.361244811Z: [   10.098648] IPVS: [sh] scheduler registered.
[STDERR  ] 2017-11-03T14:48:03.361250139Z: [   10.098964] IPVS: [sed] scheduler registered.
[STDERR  ] 2017-11-03T14:48:03.361259171Z: [   10.099257] IPVS: [nq] scheduler registered.
[STDERR  ] 2017-11-03T14:48:03.361264726Z: [   10.100022] IPVS: ftp: loaded support on port[0] = 21
[STDERR  ] 2017-11-03T14:48:03.361270593Z: [   10.101574] ipip: IPv4 and MPLS over IPv4 tunneling driver
[STDERR  ] 2017-11-03T14:48:03.36127844Z: [   10.105894] gre: GRE over IPv4 demultiplexor driver
[STDERR  ] 2017-11-03T14:48:03.361284026Z: [   10.108774] ip_tables: (C) 2000-2006 Netfilter Core Team
[STDERR  ] 2017-11-03T14:48:03.361289431Z: [   10.113378] ipt_CLUSTERIP: ClusterIP Version 0.8 loaded successfully
[STDERR  ] 2017-11-03T14:48:03.361295125Z: [   10.114304] arp_tables: arp_tables: (C) 2002 David S. Miller
[STDERR  ] 2017-11-03T14:48:03.361300611Z: [   10.117797] NET: Registered protocol family 10
[STDERR  ] 2017-11-03T14:48:03.361306191Z: [   10.128521] ip6_tables: (C) 2000-2006 Netfilter Core Team
[STDERR  ] 2017-11-03T14:48:03.361311684Z: [   10.137284] NET: Registered protocol family 17
[STDERR  ] 2017-11-03T14:48:03.361317105Z: [   10.138441] Bridge firewalling registered
[STDERR  ] 2017-11-03T14:48:03.361322564Z: [   10.139053] Ebtables v2.0 registered
[STDERR  ] 2017-11-03T14:48:03.361328094Z: [   10.142676] 8021q: 802.1Q VLAN Support v1.8
[STDERR  ] 2017-11-03T14:48:03.361333539Z: [   10.144829] 9pnet: Installing 9P2000 support
[STDERR  ] 2017-11-03T14:48:03.361339035Z: [   10.146402] Key type dns_resolver registered
[STDERR  ] 2017-11-03T14:48:03.361352479Z: [   10.147365] microcode: AMD CPU family 0x6 not supported
[STDERR  ] 2017-11-03T14:48:03.361358429Z: [   10.151605] registered taskstats version 1
[STDERR  ] 2017-11-03T14:48:03.361363824Z: [   10.329600] Key type big_key registered
[STDERR  ] 2017-11-03T14:48:03.361369301Z: [   10.333387] ata3: SATA link up 1.5 Gbps (SStatus 113 SControl 300)
[STDERR  ] 2017-11-03T14:48:03.361375189Z: [   10.338232] ata3.00: ATAPI: QEMU DVD-ROM, 2.5+, max UDMA/100
[STDERR  ] 2017-11-03T14:48:03.361381191Z: [   10.338781] ata3.00: applying bridge limits
[STDERR  ] 2017-11-03T14:48:03.361386761Z: [   10.340586] ata6: SATA link down (SStatus 0 SControl 300)
[STDERR  ] 2017-11-03T14:48:03.361392454Z: [   10.342077] ata2: SATA link up 1.5 Gbps (SStatus 113 SControl 300)
[STDERR  ] 2017-11-03T14:48:03.36140186Z: [   10.343082] ata2.00: ATA-7: QEMU HARDDISK, 2.5+, max UDMA/100
[STDERR  ] 2017-11-03T14:48:03.361407525Z: [   10.343478] ata2.00: 1048576 sectors, multi 16: LBA48 NCQ (depth 31/32)
[STDERR  ] 2017-11-03T14:48:03.361413396Z: [   10.344047] ata2.00: applying bridge limits
[STDERR  ] 2017-11-03T14:48:03.361418969Z: [   10.345097] ata2.00: configured for UDMA/100
[STDERR  ] 2017-11-03T14:48:03.36142544Z: [   10.345849] ata1: SATA link up 1.5 Gbps (SStatus 113 SControl 300)
[STDERR  ] 2017-11-03T14:48:03.361433468Z: [   10.346428] ata1.00: ATA-7: QEMU HARDDISK, 2.5+, max UDMA/100
[STDERR  ] 2017-11-03T14:48:03.36143941Z: [   10.346833] ata1.00: 1048576 sectors, multi 16: LBA48 NCQ (depth 31/32)
[STDERR  ] 2017-11-03T14:48:03.361445929Z: [   10.347251] ata1.00: applying bridge limits
[STDERR  ] 2017-11-03T14:48:03.361451454Z: [   10.347831] ata1.00: configured for UDMA/100
[STDERR  ] 2017-11-03T14:48:03.361460338Z: [   10.349762] ata4: SATA link down (SStatus 0 SControl 300)
[STDERR  ] 2017-11-03T14:48:03.361466101Z: [   10.350687] ata5: SATA link down (SStatus 0 SControl 300)
[STDERR  ] 2017-11-03T14:48:03.361472065Z: [   10.370444] ata3.00: configured for UDMA/100
[STDERR  ] 2017-11-03T14:48:03.361477545Z: [   10.372650] scsi 0:0:0:0: Direct-Access     ATA      QEMU HARDDISK    2.5+ PQ: 0 ANSI: 5
[STDERR  ] 2017-11-03T14:48:03.36148618Z: [   10.385945] sd 0:0:0:0: [sda] 1048576 512-byte logical blocks: (537 MB/512 MiB)
[STDERR  ] 2017-11-03T14:48:03.361492385Z: [   10.402723] sd 0:0:0:0: Attached scsi generic sg0 type 0
[STDERR  ] 2017-11-03T14:48:03.361497945Z: [   10.405103] sd 0:0:0:0: [sda] Write Protect is off
[STDERR  ] 2017-11-03T14:48:03.361504304Z: [   10.408588] sd 0:0:0:0: [sda] Write cache: enabled, read cache: enabled, doesn't support DPO or FUA
[STDERR  ] 2017-11-03T14:48:03.361510484Z: [   10.411073] scsi 1:0:0:0: Direct-Access     ATA      QEMU HARDDISK    2.5+ PQ: 0 ANSI: 5
[STDERR  ] 2017-11-03T14:48:03.361515841Z: [   10.414798] sd 1:0:0:0: [sdb] 1048576 512-byte logical blocks: (537 MB/512 MiB)
[STDERR  ] 2017-11-03T14:48:03.361521864Z: [   10.420551] sd 1:0:0:0: [sdb] Write Protect is off
[STDERR  ] 2017-11-03T14:48:03.361530555Z: [   10.421402] sd 1:0:0:0: Attached scsi generic sg1 type 0
[STDERR  ] 2017-11-03T14:48:03.361536048Z: [   10.424678] sd 1:0:0:0: [sdb] Write cache: enabled, read cache: enabled, doesn't support DPO or FUA
[STDERR  ] 2017-11-03T14:48:03.361541476Z: [   10.430829] scsi 2:0:0:0: CD-ROM            QEMU     QEMU DVD-ROM     2.5+ PQ: 0 ANSI: 5
[STDERR  ] 2017-11-03T14:48:03.361546956Z: [   10.460459] sr 2:0:0:0: [sr0] scsi3-mmc drive: 4x/4x cd/rw xa/form2 tray
[STDERR  ] 2017-11-03T14:48:03.361552501Z: [   10.461241] cdrom: Uniform CD-ROM driver Revision: 3.20
[STDERR  ] 2017-11-03T14:48:03.361559041Z: [   10.475589] sd 1:0:0:0: [sdb] Attached SCSI disk
[STDERR  ] 2017-11-03T14:48:03.361564561Z: [   10.480848] sr 2:0:0:0: Attached scsi generic sg2 type 5
[STDERR  ] 2017-11-03T14:48:03.361570579Z: [   10.493736] sd 0:0:0:0: [sda] Attached SCSI disk
[STDERR  ] 2017-11-03T14:48:03.361576099Z: [   10.563641] Key type encrypted registered
[STDERR  ] 2017-11-03T14:48:03.361581599Z: [   10.569827] rtc_cmos 00:00: setting system clock to 2017-11-03 14:47:14 UTC (1509720434)
[STDERR  ] 2017-11-03T14:48:03.361587155Z: [   10.724352] Freeing unused kernel memory: 1380K
[STDERR  ] 2017-11-03T14:48:03.361594738Z: [   10.725022] Write protecting the kernel read-only data: 12288k
[STDERR  ] 2017-11-03T14:48:03.361600305Z: [   10.728240] tsc: Refined TSC clocksource calibration: 2600.003 MHz
[STDERR  ] 2017-11-03T14:48:03.361605955Z: [   10.728894] clocksource: tsc: mask: 0xffffffffffffffff max_cycles: 0x257a3ef07ae, max_idle_ns: 440795268508 ns
[STDERR  ] 2017-11-03T14:48:03.361611434Z: [   10.735353] Freeing unused kernel memory: 124K
[STDERR  ] 2017-11-03T14:48:03.361617014Z: [   10.826830] Freeing unused kernel memory: 1392K
[STDERR  ] 2017-11-03T14:48:03.361622421Z: [   11.734375] clocksource: Switched to clocksource tsc
[STDERR  ] 2017-11-03T14:48:03.361630684Z: 
[STDERR  ] 2017-11-03T14:48:03.361636508Z: Welcome to LinuxKit
[STDERR  ] 2017-11-03T14:48:03.361641875Z: 
[STDERR  ] 2017-11-03T14:48:03.361647201Z:                         ##         .
[STDERR  ] 2017-11-03T14:48:03.361652851Z:                   ## ## ##        ==
[STDERR  ] 2017-11-03T14:48:03.361658451Z:                ## ## ## ## ##    ===
[STDERR  ] 2017-11-03T14:48:03.361663774Z:            /"""""""""""""""""\___/ ===
[STDERR  ] 2017-11-03T14:48:03.361671789Z:           {                       /  ===-
[STDERR  ] 2017-11-03T14:48:03.361677324Z:            \______ O           __/
[STDERR  ] 2017-11-03T14:48:03.361682681Z:              \    \         __/
[STDERR  ] 2017-11-03T14:48:03.361688211Z:               \____\_______/
[STDERR  ] 2017-11-03T14:48:03.361693601Z: 
[STDERR  ] 2017-11-03T14:48:03.361698954Z: [   29.399059] IPVS: Creating netns size=2104 id=1
[STDERR  ] 2017-11-03T14:48:03.361707378Z: [   29.399734] IPVS: ftp: loaded support on port[0] = 21
[STDERR  ] 2017-11-03T14:48:03.361712994Z: [   30.608778] random: fast init done
[STDERR  ] 2017-11-03T14:48:03.361718586Z: 2017/11/03 14:47:34 Creating partition on /dev/sda
[STDERR  ] 2017-11-03T14:48:03.361723951Z: [   30.925234]  sda:
[STDERR  ] 2017-11-03T14:48:03.361729648Z: [   31.015747]  sda:
[STDERR  ] 2017-11-03T14:48:03.361734958Z: [   31.049290]  sda: sda1
[STDERR  ] 2017-11-03T14:48:03.361740328Z: [   31.142463]  sda: sda1
[STDERR  ] 2017-11-03T14:48:03.361746036Z: 2017/11/03 14:47:37 Partition /dev/sda1 successfully created!
[STDERR  ] 2017-11-03T14:48:03.361751546Z: [   34.104873] IPVS: Creating netns size=2104 id=2
[STDERR  ] 2017-11-03T14:48:03.361757036Z: [   34.105353] IPVS: ftp: loaded support on port[0] = 21
[STDERR  ] 2017-11-03T14:48:03.361762558Z: 2017/11/03 14:47:39 /dev/sda has content. blkid returned: /dev/sda: PTUUID="fa2c86eb" PTTYPE="dos"
[STDERR  ] 2017-11-03T14:48:03.361768036Z: 2017/11/03 14:47:39 Creating partition on /dev/sdb
[STDERR  ] 2017-11-03T14:48:03.361773399Z: [   35.672426]  sdb:
[STDERR  ] 2017-11-03T14:48:03.361778745Z: [   35.766442]  sdb:
[STDERR  ] 2017-11-03T14:48:03.361784106Z: [   35.807970]  sdb: sdb1
[STDERR  ] 2017-11-03T14:48:03.361789896Z: [   35.900981]  sdb: sdb1
[STDERR  ] 2017-11-03T14:48:03.361795665Z: 2017/11/03 14:47:41 Partition /dev/sdb1 successfully created!
[STDERR  ] 2017-11-03T14:48:03.361801079Z: [   38.946516] IPVS: Creating netns size=2104 id=3
[STDERR  ] 2017-11-03T14:48:03.361806688Z: [   38.946952] IPVS: ftp: loaded support on port[0] = 21
[STDERR  ] 2017-11-03T14:48:03.361812054Z: [   40.454601] random: crng init done
[STDERR  ] 2017-11-03T14:48:03.361817496Z: [   40.455796] EXT4-fs (sda1): couldn't mount as ext3 due to feature incompatibilities
[STDERR  ] 2017-11-03T14:48:03.361822991Z: [   40.465424] EXT4-fs (sda1): couldn't mount as ext2 due to feature incompatibilities
[STDERR  ] 2017-11-03T14:48:03.361828511Z: [   40.498000] EXT4-fs (sda1): mounted filesystem with ordered data mode. Opts: (null)
[STDERR  ] 2017-11-03T14:48:03.361833979Z: [   42.527574] IPVS: Creating netns size=2104 id=4
[STDERR  ] 2017-11-03T14:48:03.361839475Z: [   42.527959] IPVS: ftp: loaded support on port[0] = 21
[STDERR  ] 2017-11-03T14:48:03.361848066Z: [   44.060913] EXT4-fs (sdb1): couldn't mount as ext3 due to feature incompatibilities
[STDERR  ] 2017-11-03T14:48:03.361856044Z: [   44.069181] EXT4-fs (sdb1): couldn't mount as ext2 due to feature incompatibilities
[STDERR  ] 2017-11-03T14:48:03.361863775Z: [   44.086770] EXT4-fs (sdb1): mounted filesystem with ordered data mode. Opts: (null)
[STDERR  ] 2017-11-03T14:48:03.361869498Z: 2017/11/03 14:47:48 Failed to create "symlink ../../sda1 /dev/disk/by-uuid/dbef8c9e-9c4f-498a-aa6e-aa76f386f9ec: file exists": %!v(MISSING)
[STDERR  ] 2017-11-03T14:48:03.361875846Z: 2017/11/03 14:47:49 Failed to create "symlink ../../sdb1 /dev/disk/by-uuid/640ddf74-95b4-4e7a-8704-bc40a467373d: file exists": %!v(MISSING)
[STDERR  ] 2017-11-03T14:48:03.361881444Z: format_mount test suite PASSED
[STDERR  ] 2017-11-03T14:48:03.361886871Z: [   58.805393] sd 1:0:0:0: [sdb] Synchronizing SCSI cache
[STDERR  ] 2017-11-03T14:48:03.361895875Z: [   58.809707] sd 1:0:0:0: [sdb] Stopping disk
[STDERR  ] 2017-11-03T14:48:03.361901449Z: [   58.810825] sd 0:0:0:0: [sda] Synchronizing SCSI cache
[STDERR  ] 2017-11-03T14:48:03.361908208Z: [   58.816300] sd 0:0:0:0: [sda] Stopping disk
[STDERR  ] 2017-11-03T14:48:03.361913578Z: [   58.821162] ACPI: Preparing to enter system sleep state S5
[STDERR  ] 2017-11-03T14:48:03.361919438Z: [   58.825864] reboot: Power down
[STDERR  ] 2017-11-03T14:48:03.361925288Z: + echo [    0.000000] Linux version 4.9.59-linuxkit (root@01324b49428a) (gcc version 6.3.0 (Alpine 6.3.0) ) #1 SMP Sat Oct 28 17:03:21 UTC 2017
[STDERR  ] 2017-11-03T14:48:03.361930771Z: [    0.000000] Command line: console=ttyS0
[STDERR  ] 2017-11-03T14:48:03.361936125Z: [    0.000000] x86/fpu: Legacy x87 FPU detected.
[STDERR  ] 2017-11-03T14:48:03.361941406Z: [    0.000000] x86/fpu: Using 'eager' FPU context switches.
[STDERR  ] 2017-11-03T14:48:03.361950206Z: [    0.000000] e820: BIOS-provided physical RAM map:
[STDERR  ] 2017-11-03T14:48:03.361956146Z: [    0.000000] BIOS-e820: [mem 0x0000000000000000-0x000000000009fbff] usable
[STDERR  ] 2017-11-03T14:48:03.361961855Z: [    0.000000] BIOS-e820: [mem 0x000000000009fc00-0x000000000009ffff] reserved
[STDERR  ] 2017-11-03T14:48:03.361967881Z: [    0.000000] BIOS-e820: [mem 0x00000000000f0000-0x00000000000fffff] reserved
[STDERR  ] 2017-11-03T14:48:03.361973639Z: [    0.000000] BIOS-e820: [mem 0x0000000000100000-0x000000003ffddfff] usable
[STDERR  ] 2017-11-03T14:48:03.361979625Z: [    0.000000] BIOS-e820: [mem 0x000000003ffde000-0x000000003fffffff] reserved
[STDERR  ] 2017-11-03T14:48:03.361985058Z: [    0.000000] BIOS-e820: [mem 0x00000000b0000000-0x00000000bfffffff] reserved
[STDERR  ] 2017-11-03T14:48:03.361990481Z: [    0.000000] BIOS-e820: [mem 0x00000000fed1c000-0x00000000fed1ffff] reserved
[STDERR  ] 2017-11-03T14:48:03.361995836Z: [    0.000000] BIOS-e820: [mem 0x00000000fffc0000-0x00000000ffffffff] reserved
[STDERR  ] 2017-11-03T14:48:03.362001324Z: [    0.000000] NX (Execute Disable) protection: active
[STDERR  ] 2017-11-03T14:48:03.362006825Z: [    0.000000] SMBIOS 2.8 present.
[STDERR  ] 2017-11-03T14:48:03.362013052Z: [    0.000000] e820: last_pfn = 0x3ffde max_arch_pfn = 0x400000000
[STDERR  ] 2017-11-03T14:48:03.362018505Z: [    0.000000] x86/PAT: Configuration [0-7]: WB  WC  UC- UC  WB  WC  UC- WT  
[STDERR  ] 2017-11-03T14:48:03.362024076Z: [    0.000000] found SMP MP-table at [mem 0x000f6aa0-0x000f6aaf] mapped at [ffff929d400f6aa0]
[STDERR  ] 2017-11-03T14:48:03.362029495Z: [    0.000000] RAMDISK: [mem 0x3d938000-0x3ffcffff]
[STDERR  ] 2017-11-03T14:48:03.362034978Z: [    0.000000] ACPI: Early table checksum verification disabled
[STDERR  ] 2017-11-03T14:48:03.362040755Z: [    0.000000] ACPI: RSDP 0x00000000000F68C0 000014 (v00 BOCHS )
[STDERR  ] 2017-11-03T14:48:03.362048844Z: [    0.000000] ACPI: RSDT 0x000000003FFE2404 000034 (v01 BOCHS  BXPCRSDT 00000001 BXPC 00000001)
[STDERR  ] 2017-11-03T14:48:03.362054505Z: [    0.000000] ACPI: FACP 0x000000003FFE22A4 000074 (v01 BOCHS  BXPCFACP 00000001 BXPC 00000001)
[STDERR  ] 2017-11-03T14:48:03.362063665Z: [    0.000000] ACPI: DSDT 0x000000003FFE0040 002264 (v01 BOCHS  BXPCDSDT 00000001 BXPC 00000001)
[STDERR  ] 2017-11-03T14:48:03.362069291Z: [    0.000000] ACPI: FACS 0x000000003FFE0000 000040
[STDERR  ] 2017-11-03T14:48:03.362074709Z: [    0.000000] ACPI: APIC 0x000000003FFE2318 000078 (v01 BOCHS  BXPCAPIC 00000001 BXPC 00000001)
[STDERR  ] 2017-11-03T14:48:03.362080085Z: [    0.000000] ACPI: HPET 0x000000003FFE2390 000038 (v01 BOCHS  BXPCHPET 00000001 BXPC 00000001)
[STDERR  ] 2017-11-03T14:48:03.362085638Z: [    0.000000] ACPI: MCFG 0x000000003FFE23C8 00003C (v01 BOCHS  BXPCMCFG 00000001 BXPC 00000001)
[STDERR  ] 2017-11-03T14:48:03.362090905Z: [    0.000000] Zone ranges:
[STDERR  ] 2017-11-03T14:48:03.362096827Z: [    0.000000]   DMA      [mem 0x0000000000001000-0x0000000000ffffff]
[STDERR  ] 2017-11-03T14:48:03.362102305Z: [    0.000000]   DMA32    [mem 0x0000000001000000-0x000000003ffddfff]
[STDERR  ] 2017-11-03T14:48:03.362111571Z: [    0.000000]   Normal   empty
[STDERR  ] 2017-11-03T14:48:03.362117237Z: [    0.000000] Movable zone start for each node
[STDERR  ] 2017-11-03T14:48:03.362122791Z: [    0.000000] Early memory node ranges
[STDERR  ] 2017-11-03T14:48:03.362128168Z: [    0.000000]   node   0: [mem 0x0000000000001000-0x000000000009efff]
[STDERR  ] 2017-11-03T14:48:03.362133764Z: [    0.000000]   node   0: [mem 0x0000000000100000-0x000000003ffddfff]
[STDERR  ] 2017-11-03T14:48:03.362139828Z: [    0.000000] Initmem setup node 0 [mem 0x0000000000001000-0x000000003ffddfff]
[STDERR  ] 2017-11-03T14:48:03.362145487Z: [    0.000000] ACPI: PM-Timer IO Port: 0x608
[STDERR  ] 2017-11-03T14:48:03.362150889Z: [    0.000000] ACPI: LAPIC_NMI (acpi_id[0xff] dfl dfl lint[0x1])
[STDERR  ] 2017-11-03T14:48:03.362156491Z: [    0.000000] IOAPIC[0]: apic_id 0, version 32, address 0xfec00000, GSI 0-23
[STDERR  ] 2017-11-03T14:48:03.362165272Z: [    0.000000] ACPI: INT_SRC_OVR (bus 0 bus_irq 0 global_irq 2 dfl dfl)
[STDERR  ] 2017-11-03T14:48:03.362170864Z: [    0.000000] ACPI: INT_SRC_OVR (bus 0 bus_irq 5 global_irq 5 high level)
[STDERR  ] 2017-11-03T14:48:03.362176319Z: [    0.000000] ACPI: INT_SRC_OVR (bus 0 bus_irq 9 global_irq 9 high level)
[STDERR  ] 2017-11-03T14:48:03.362181941Z: [    0.000000] ACPI: INT_SRC_OVR (bus 0 bus_irq 10 global_irq 10 high level)
[STDERR  ] 2017-11-03T14:48:03.362187332Z: [    0.000000] ACPI: INT_SRC_OVR (bus 0 bus_irq 11 global_irq 11 high level)
[STDERR  ] 2017-11-03T14:48:03.362192821Z: [    0.000000] Using ACPI (MADT) for SMP configuration information
[STDERR  ] 2017-11-03T14:48:03.362198175Z: [    0.000000] ACPI: HPET id: 0x8086a201 base: 0xfed00000
[STDERR  ] 2017-11-03T14:48:03.362205884Z: [    0.000000] smpboot: Allowing 1 CPUs, 0 hotplug CPUs
[STDERR  ] 2017-11-03T14:48:03.362211461Z: [    0.000000] e820: [mem 0x40000000-0xafffffff] available for PCI devices
[STDERR  ] 2017-11-03T14:48:03.362216787Z: [    0.000000] Booting paravirtualized kernel on bare hardware
[STDERR  ] 2017-11-03T14:48:03.362222525Z: [    0.000000] clocksource: refined-jiffies: mask: 0xffffffff max_cycles: 0xffffffff, max_idle_ns: 19112604462750000 ns
[STDERR  ] 2017-11-03T14:48:03.362228764Z: [    0.000000] setup_percpu: NR_CPUS:128 nr_cpumask_bits:128 nr_cpu_ids:1 nr_node_ids:1
[STDERR  ] 2017-11-03T14:48:03.362234195Z: [    0.000000] percpu: Embedded 35 pages/cpu @ffff929d7d600000 s105240 r8192 d29928 u2097152
[STDERR  ] 2017-11-03T14:48:03.362239771Z: [    0.000000] Built 1 zonelists in Zone order, mobility grouping on.  Total pages: 257895
[STDERR  ] 2017-11-03T14:48:03.362251451Z: [    0.000000] Kernel command line: console=ttyS0
[STDERR  ] 2017-11-03T14:48:03.362261189Z: [    0.000000] PID hash table entries: 4096 (order: 3, 32768 bytes)
[STDERR  ] 2017-11-03T14:48:03.362271462Z: [    0.000000] Dentry cache hash table entries: 131072 (order: 8, 1048576 bytes)
[STDERR  ] 2017-11-03T14:48:03.362277005Z: [    0.000000] Inode-cache hash table entries: 65536 (order: 7, 524288 bytes)
[STDERR  ] 2017-11-03T14:48:03.362282575Z: [    0.000000] Memory: 974656K/1048048K available (8053K kernel code, 1367K rwdata, 2704K rodata, 1380K init, 568K bss, 73392K reserved, 0K cma-reserved)
[STDERR  ] 2017-11-03T14:48:03.362288839Z: [    0.000000] Hierarchical RCU implementation.
[STDERR  ] 2017-11-03T14:48:03.362294255Z: [    0.000000] 	Build-time adjustment of leaf fanout to 64.
[STDERR  ] 2017-11-03T14:48:03.362299999Z: [    0.000000] 	RCU restricting CPUs from NR_CPUS=128 to nr_cpu_ids=1.
[STDERR  ] 2017-11-03T14:48:03.362305474Z: [    0.000000] RCU: Adjusting geometry for rcu_fanout_leaf=64, nr_cpu_ids=1
[STDERR  ] 2017-11-03T14:48:03.362312018Z: [    0.000000] NR_IRQS:8448 nr_irqs:256 16
[STDERR  ] 2017-11-03T14:48:03.362317504Z: [    0.000000] Console: colour VGA+ 80x25
[STDERR  ] 2017-11-03T14:48:03.362322892Z: [    0.000000] console [ttyS0] enabled
[STDERR  ] 2017-11-03T14:48:03.362328301Z: [    0.000000] clocksource: hpet: mask: 0xffffffff max_cycles: 0xffffffff, max_idle_ns: 19112604467 ns
[STDERR  ] 2017-11-03T14:48:03.362337595Z: [    0.000000] tsc: Fast TSC calibration using PIT
[STDERR  ] 2017-11-03T14:48:03.362349009Z: [    0.000000] tsc: Detected 2600.012 MHz processor
[STDERR  ] 2017-11-03T14:48:03.362355202Z: [    0.022213] Calibrating delay loop (skipped), value calculated using timer frequency.. 5200.02 BogoMIPS (lpj=26000120)
[STDERR  ] 2017-11-03T14:48:03.362361504Z: [    0.030627] pid_max: default: 32768 minimum: 301
[STDERR  ] 2017-11-03T14:48:03.362367064Z: [    0.031899] ACPI: Core revision 20160831
[STDERR  ] 2017-11-03T14:48:03.362372679Z: [    0.087172] ACPI: 1 ACPI AML tables successfully acquired and loaded
[STDERR  ] 2017-11-03T14:48:03.362378824Z: [    0.092416] Security Framework initialized
[STDERR  ] 2017-11-03T14:48:03.362384329Z: [    0.092986] Yama: becoming mindful.
[STDERR  ] 2017-11-03T14:48:03.362389885Z: [    0.095331] Mount-cache hash table entries: 2048 (order: 2, 16384 bytes)
[STDERR  ] 2017-11-03T14:48:03.362399079Z: [    0.095979] Mountpoint-cache hash table entries: 2048 (order: 2, 16384 bytes)
[STDERR  ] 2017-11-03T14:48:03.362404997Z: [    0.118981] Last level iTLB entries: 4KB 0, 2MB 0, 4MB 0
[STDERR  ] 2017-11-03T14:48:03.362410868Z: [    0.119527] Last level dTLB entries: 4KB 0, 2MB 0, 4MB 0, 1GB 0
[STDERR  ] 2017-11-03T14:48:03.362416484Z: [    0.479599] Freeing SMP alternatives memory: 20K
[STDERR  ] 2017-11-03T14:48:03.362421879Z: [    0.490976] ftrace: allocating 35584 entries in 140 pages
[STDERR  ] 2017-11-03T14:48:03.362427352Z: [    0.664662] smpboot: Max logical packages: 1
[STDERR  ] 2017-11-03T14:48:03.362432752Z: [    0.674192] ..TIMER: vector=0x30 apic1=0 pin1=2 apic2=-1 pin2=-1
[STDERR  ] 2017-11-03T14:48:03.362438339Z: [    0.780000] smpboot: CPU0: AMD QEMU Virtual CPU version 2.5+ (family: 0x6, model: 0x6, stepping: 0x3)
[STDERR  ] 2017-11-03T14:48:03.362446742Z: [    0.780000] Performance Events: PMU not available due to virtualization, using software events only.
[STDERR  ] 2017-11-03T14:48:03.362454379Z: [    0.792220] NMI watchdog: disabled (cpu0): hardware events not enabled
[STDERR  ] 2017-11-03T14:48:03.362459945Z: [    0.792745] NMI watchdog: Shutting down hard lockup detector on all cpus
[STDERR  ] 2017-11-03T14:48:03.362465961Z: [    0.797032] x86: Booted up 1 node, 1 CPUs
[STDERR  ] 2017-11-03T14:48:03.362471562Z: [    0.797573] smpboot: Total of 1 processors activated (5200.02 BogoMIPS)
[STDERR  ] 2017-11-03T14:48:03.362477121Z: [    0.814282] devtmpfs: initialized
[STDERR  ] 2017-11-03T14:48:03.362482909Z: [    0.822139] x86/mm: Memory block size: 128MB
[STDERR  ] 2017-11-03T14:48:03.362489122Z: [    0.888036] clocksource: jiffies: mask: 0xffffffff max_cycles: 0xffffffff, max_idle_ns: 19112604462750000 ns
[STDERR  ] 2017-11-03T14:48:03.362494595Z: [    0.889186] futex hash table entries: 256 (order: 2, 16384 bytes)
[STDERR  ] 2017-11-03T14:48:03.362500404Z: [    0.900909] NET: Registered protocol family 16
[STDERR  ] 2017-11-03T14:48:03.362507905Z: [    0.910860] cpuidle: using governor ladder
[STDERR  ] 2017-11-03T14:48:03.362513524Z: [    0.911391] cpuidle: using governor menu
[STDERR  ] 2017-11-03T14:48:03.362518968Z: [    0.912631] ACPI: bus type PCI registered
[STDERR  ] 2017-11-03T14:48:03.362524448Z: [    0.915555] PCI: MMCONFIG for domain 0000 [bus 00-ff] at [mem 0xb0000000-0xbfffffff] (base 0xb0000000)
[STDERR  ] 2017-11-03T14:48:03.362529965Z: [    0.916455] PCI: MMCONFIG at [mem 0xb0000000-0xbfffffff] reserved in E820
[STDERR  ] 2017-11-03T14:48:03.362535932Z: [    0.917949] PCI: Using configuration type 1 for base access
[STDERR  ] 2017-11-03T14:48:03.362541281Z: [    0.981538] HugeTLB registered 2 MB page size, pre-allocated 0 pages
[STDERR  ] 2017-11-03T14:48:03.362547019Z: [    0.998325] ACPI: Added _OSI(Module Device)
[STDERR  ] 2017-11-03T14:48:03.362552441Z: [    0.998572] ACPI: Added _OSI(Processor Device)
[STDERR  ] 2017-11-03T14:48:03.362557962Z: [    0.998727] ACPI: Added _OSI(3.0 _SCP Extensions)
[STDERR  ] 2017-11-03T14:48:03.362563431Z: [    0.999154] ACPI: Added _OSI(Processor Aggregator Device)
[STDERR  ] 2017-11-03T14:48:03.362571852Z: [    1.083798] ACPI: Interpreter enabled
[STDERR  ] 2017-11-03T14:48:03.362577469Z: [    1.084831] ACPI: (supports S0 S5)
[STDERR  ] 2017-11-03T14:48:03.362585621Z: [    1.085228] ACPI: Using IOAPIC for interrupt routing
[STDERR  ] 2017-11-03T14:48:03.362591169Z: [    1.088179] PCI: Using host bridge windows from ACPI; if necessary, use "pci=nocrs" and report a bug
[STDERR  ] 2017-11-03T14:48:03.362596811Z: [    1.161631] ACPI: PCI Root Bridge [PCI0] (domain 0000 [bus 00-ff])
[STDERR  ] 2017-11-03T14:48:03.362602222Z: [    1.162998] acpi PNP0A08:00: _OSC: OS supports [ExtendedConfig ASPM ClockPM Segments MSI]
[STDERR  ] 2017-11-03T14:48:03.362607837Z: [    1.170347] acpi PNP0A08:00: _OSC: OS now controls [PCIeHotplug PME PCIeCapability]
[STDERR  ] 2017-11-03T14:48:03.362613387Z: [    1.174324] PCI host bridge to bus 0000:00
[STDERR  ] 2017-11-03T14:48:03.362622151Z: [    1.174872] pci_bus 0000:00: root bus resource [io  0x0000-0x0cf7 window]
[STDERR  ] 2017-11-03T14:48:03.362628042Z: [    1.175402] pci_bus 0000:00: root bus resource [io  0x0d00-0xffff window]
[STDERR  ] 2017-11-03T14:48:03.362633761Z: [    1.175893] pci_bus 0000:00: root bus resource [mem 0x000a0000-0x000bffff window]
[STDERR  ] 2017-11-03T14:48:03.362639138Z: [    1.176406] pci_bus 0000:00: root bus resource [mem 0xc0000000-0xfebfffff window]
[STDERR  ] 2017-11-03T14:48:03.362644938Z: [    1.177081] pci_bus 0000:00: root bus resource [bus 00-ff]
[STDERR  ] 2017-11-03T14:48:03.362650489Z: [    1.291721] pci 0000:00:1f.0: quirk: [io  0x0600-0x067f] claimed by ICH6 ACPI/GPIO/TCO
[STDERR  ] 2017-11-03T14:48:03.362656017Z: [    1.357767] ACPI: PCI Interrupt Link [LNKA] (IRQs 5 *10 11)
[STDERR  ] 2017-11-03T14:48:03.362661782Z: [    1.361209] ACPI: PCI Interrupt Link [LNKB] (IRQs 5 *10 11)
[STDERR  ] 2017-11-03T14:48:03.362667358Z: [    1.363498] ACPI: PCI Interrupt Link [LNKC] (IRQs 5 10 *11)
[STDERR  ] 2017-11-03T14:48:03.362672847Z: [    1.365413] ACPI: PCI Interrupt Link [LNKD] (IRQs 5 10 *11)
[STDERR  ] 2017-11-03T14:48:03.362678667Z: [    1.367295] ACPI: PCI Interrupt Link [LNKE] (IRQs 5 *10 11)
[STDERR  ] 2017-11-03T14:48:03.362684387Z: [    1.369062] ACPI: PCI Interrupt Link [LNKF] (IRQs 5 *10 11)
[STDERR  ] 2017-11-03T14:48:03.362689837Z: [    1.371499] ACPI: PCI Interrupt Link [LNKG] (IRQs 5 10 *11)
[STDERR  ] 2017-11-03T14:48:03.362695252Z: [    1.374026] ACPI: PCI Interrupt Link [LNKH] (IRQs 5 10 *11)
[STDERR  ] 2017-11-03T14:48:03.362700725Z: [    1.375166] ACPI: PCI Interrupt Link [GSIA] (IRQs *16)
[STDERR  ] 2017-11-03T14:48:03.362706094Z: [    1.376023] ACPI: PCI Interrupt Link [GSIB] (IRQs *17)
[STDERR  ] 2017-11-03T14:48:03.362762995Z: [    1.376832] ACPI: PCI Interrupt Link [GSIC] (IRQs *18)
[STDERR  ] 2017-11-03T14:48:03.362773185Z: [    1.377634] ACPI: PCI Interrupt Link [GSID] (IRQs *19)
[STDERR  ] 2017-11-03T14:48:03.362783239Z: [    1.378322] ACPI: PCI Interrupt Link [GSIE] (IRQs *20)
[STDERR  ] 2017-11-03T14:48:03.362797367Z: [    1.379061] ACPI: PCI Interrupt Link [GSIF] (IRQs *21)
[STDERR  ] 2017-11-03T14:48:03.362807281Z: [    1.380315] ACPI: PCI Interrupt Link [GSIG] (IRQs *22)
[STDERR  ] 2017-11-03T14:48:03.362833359Z: [    1.381158] ACPI: PCI Interrupt Link [GSIH] (IRQs *23)
[STDERR  ] 2017-11-03T14:48:03.362843685Z: [    1.385979] ACPI: Enabled 2 GPEs in block 00 to 3F
[STDERR  ] 2017-11-03T14:48:03.36285427Z: [    1.390886] SCSI subsystem initialized
[STDERR  ] 2017-11-03T14:48:03.362864785Z: [    1.392911] ACPI: bus type USB registered
[STDERR  ] 2017-11-03T14:48:03.362875024Z: [    1.394305] usbcore: registered new interface driver usbfs
[STDERR  ] 2017-11-03T14:48:03.362885172Z: [    1.395336] usbcore: registered new interface driver hub
[STDERR  ] 2017-11-03T14:48:03.362907188Z: [    1.396282] usbcore: registered new device driver usb
[STDERR  ] 2017-11-03T14:48:03.362918705Z: [    1.397558] pps_core: LinuxPPS API ver. 1 registered
[STDERR  ] 2017-11-03T14:48:03.362928445Z: [    1.397942] pps_core: Software ver. 5.3.6 - Copyright 2005-2007 Rodolfo Giometti <giometti@linux.it>
[STDERR  ] 2017-11-03T14:48:03.36294466Z: [    1.398674] PTP clock support registered
[STDERR  ] 2017-11-03T14:48:03.362955222Z: [    1.400119] wmi: Mapper loaded
[STDERR  ] 2017-11-03T14:48:03.362965548Z: [    1.401384] PCI: Using ACPI for IRQ routing
[STDERR  ] 2017-11-03T14:48:03.362986797Z: [    1.420591] NetLabel: Initializing
[STDERR  ] 2017-11-03T14:48:03.362997601Z: [    1.420795] NetLabel:  domain hash size = 128
[STDERR  ] 2017-11-03T14:48:03.363007817Z: [    1.421193] NetLabel:  protocols = UNLABELED CIPSOv4
[STDERR  ] 2017-11-03T14:48:03.36302114Z: [    1.424042] NetLabel:  unlabeled traffic allowed by default
[STDERR  ] 2017-11-03T14:48:03.363031381Z: [    1.425516] HPET: 3 timers in total, 0 timers will be used for per-cpu timer
[STDERR  ] 2017-11-03T14:48:03.363043438Z: [    1.426417] hpet0: at MMIO 0xfed00000, IRQs 2, 8, 0
[STDERR  ] 2017-11-03T14:48:03.36306444Z: [    1.427039] hpet0: 3 comparators, 64-bit 100.000000 MHz counter
[STDERR  ] 2017-11-03T14:48:03.363082711Z: [    1.434866] clocksource: Switched to clocksource hpet
[STDERR  ] 2017-11-03T14:48:03.363092848Z: [    1.753143] VFS: Disk quotas dquot_6.6.0
[STDERR  ] 2017-11-03T14:48:03.363103115Z: [    1.754017] VFS: Dquot-cache hash table entries: 512 (order 0, 4096 bytes)
[STDERR  ] 2017-11-03T14:48:03.363113567Z: [    1.758198] FS-Cache: Loaded
[STDERR  ] 2017-11-03T14:48:03.363124067Z: [    1.765568] CacheFiles: Loaded
[STDERR  ] 2017-11-03T14:48:03.363146111Z: [    1.767576] pnp: PnP ACPI init
[STDERR  ] 2017-11-03T14:48:03.363156722Z: [    1.780631] pnp: PnP ACPI: found 5 devices
[STDERR  ] 2017-11-03T14:48:03.363166805Z: [    1.837539] clocksource: acpi_pm: mask: 0xffffff max_cycles: 0xffffff, max_idle_ns: 2085701024 ns
[STDERR  ] 2017-11-03T14:48:03.36317704Z: [    1.842376] NET: Registered protocol family 2
[STDERR  ] 2017-11-03T14:48:03.363186911Z: [    1.850049] TCP established hash table entries: 8192 (order: 4, 65536 bytes)
[STDERR  ] 2017-11-03T14:48:03.363197405Z: [    1.851279] TCP bind hash table entries: 8192 (order: 5, 131072 bytes)
[STDERR  ] 2017-11-03T14:48:03.363218132Z: [    1.852023] TCP: Hash tables configured (established 8192 bind 8192)
[STDERR  ] 2017-11-03T14:48:03.363229862Z: [    1.854038] UDP hash table entries: 512 (order: 2, 16384 bytes)
[STDERR  ] 2017-11-03T14:48:03.363239981Z: [    1.854662] UDP-Lite hash table entries: 512 (order: 2, 16384 bytes)
[STDERR  ] 2017-11-03T14:48:03.363250311Z: [    1.857238] NET: Registered protocol family 1
[STDERR  ] 2017-11-03T14:48:03.363260262Z: [    1.858332] pci 0000:00:01.0: Video device with shadowed ROM at [mem 0x000c0000-0x000dffff]
[STDERR  ] 2017-11-03T14:48:03.36327039Z: [    1.866599] Unpacking initramfs...
[STDERR  ] 2017-11-03T14:48:03.36328068Z: [    9.600593] Freeing initrd memory: 39520K
[STDERR  ] 2017-11-03T14:48:03.36331052Z: [    9.626368] PCLMULQDQ-NI instructions are not detected.
[STDERR  ] 2017-11-03T14:48:03.363321397Z: [    9.628088] AVX or AES-NI instructions are not detected.
[STDERR  ] 2017-11-03T14:48:03.363331695Z: [    9.628587] CPU feature 'AVX registers' is not supported.
[STDERR  ] 2017-11-03T14:48:03.363350582Z: [    9.629077] CPU feature 'AVX registers' is not supported.
[STDERR  ] 2017-11-03T14:48:03.363361481Z: [    9.629518] CPU feature 'AVX registers' is not supported.
[STDERR  ] 2017-11-03T14:48:03.363383842Z: [    9.629976] CPU feature 'AVX registers' is not supported.
[STDERR  ] 2017-11-03T14:48:03.363393792Z: [    9.631032] AVX2 or AES-NI instructions are not detected.
[STDERR  ] 2017-11-03T14:48:03.363403888Z: [    9.631496] AVX2 instructions are not detected.
[STDERR  ] 2017-11-03T14:48:03.363414048Z: [    9.637229] audit: initializing netlink subsys (disabled)
[STDERR  ] 2017-11-03T14:48:03.36342387Z: [    9.639014] audit: type=2000 audit(1509720432.630:1): initialized
[STDERR  ] 2017-11-03T14:48:03.36343738Z: [    9.648919] workingset: timestamp_bits=46 max_order=18 bucket_order=0
[STDERR  ] 2017-11-03T14:48:03.363460301Z: [    9.656247] squashfs: version 4.0 (2009/01/31) Phillip Lougher
[STDERR  ] 2017-11-03T14:48:03.363470527Z: [    9.660719] FS-Cache: Netfs 'cifs' registered for caching
[STDERR  ] 2017-11-03T14:48:03.363486126Z: [    9.662084] fuse init (API version 7.26)
[STDERR  ] 2017-11-03T14:48:03.363496707Z: [    9.664607] SGI XFS with ACLs, security attributes, no debug enabled
[STDERR  ] 2017-11-03T14:48:03.363507525Z: [    9.672472] 9p: Installing v9fs 9p2000 file system support
[STDERR  ] 2017-11-03T14:48:03.363517651Z: [    9.673108] FS-Cache: Netfs '9p' registered for caching
[STDERR  ] 2017-11-03T14:48:03.36354005Z: [    9.706960] NET: Registered protocol family 38
[STDERR  ] 2017-11-03T14:48:03.363550571Z: [    9.707450] Key type asymmetric registered
[STDERR  ] 2017-11-03T14:48:03.363560518Z: [    9.707880] Asymmetric key parser 'x509' registered
[STDERR  ] 2017-11-03T14:48:03.36357048Z: [    9.709022] Block layer SCSI generic (bsg) driver version 0.4 loaded (major 251)
[STDERR  ] 2017-11-03T14:48:03.363581348Z: [    9.711918] io scheduler noop registered
[STDERR  ] 2017-11-03T14:48:03.363596856Z: [    9.712267] io scheduler deadline registered (default)
[STDERR  ] 2017-11-03T14:48:03.363619048Z: [    9.713165] io scheduler cfq registered
[STDERR  ] 2017-11-03T14:48:03.363629167Z: [    9.715867] pci_hotplug: PCI Hot Plug PCI Core version: 0.5
[STDERR  ] 2017-11-03T14:48:03.363639165Z: [    9.716583] pciehp: PCI Express Hot Plug Controller Driver version: 0.4
[STDERR  ] 2017-11-03T14:48:03.363649628Z: [    9.717582] shpchp: Standard Hot Plug PCI Controller Driver version: 0.4
[STDERR  ] 2017-11-03T14:48:03.363659646Z: [    9.718522] hv_vmbus: registering driver hyperv_fb
[STDERR  ] 2017-11-03T14:48:03.363669498Z: [    9.723868] input: Power Button as /devices/LNXSYSTM:00/LNXPWRBN:00/input/input0
[STDERR  ] 2017-11-03T14:48:03.363690277Z: [    9.725088] ACPI: Power Button [PWRF]
[STDERR  ] 2017-11-03T14:48:03.36370054Z: [    9.730583] GHES: HEST is not enabled!
[STDERR  ] 2017-11-03T14:48:03.363710738Z: [    9.743983] ACPI: PCI Interrupt Link [GSIG] enabled at IRQ 22
[STDERR  ] 2017-11-03T14:48:03.363720695Z: [    9.758690] ACPI: PCI Interrupt Link [GSIH] enabled at IRQ 23
[STDERR  ] 2017-11-03T14:48:03.363730891Z: [    9.764266] xenfs: not registering filesystem on non-xen platform
[STDERR  ] 2017-11-03T14:48:03.363740947Z: [    9.766621] Serial: 8250/16550 driver, 4 ports, IRQ sharing disabled
[STDERR  ] 2017-11-03T14:48:03.36375091Z: [    9.790965] 00:04: ttyS0 at I/O 0x3f8 (irq = 4, base_baud = 115200) is a 16550A
[STDERR  ] 2017-11-03T14:48:03.363772598Z: [    9.804177] Non-volatile memory driver v1.3
[STDERR  ] 2017-11-03T14:48:03.363782611Z: [    9.810869] Hangcheck: starting hangcheck timer 0.9.1 (tick is 180 seconds, margin is 60 seconds).
[STDERR  ] 2017-11-03T14:48:03.363792668Z: [    9.851875] loop: module loaded
[STDERR  ] 2017-11-03T14:48:03.363802985Z: [    9.870047] nbd: registered device at major 43
[STDERR  ] 2017-11-03T14:48:03.363813088Z: [    9.920923] lpc_ich 0000:00:1f.0: I/O space for GPIO uninitialized
[STDERR  ] 2017-11-03T14:48:03.363824476Z: [    9.923287] VMware PVSCSI driver - version 1.0.7.0-k
[STDERR  ] 2017-11-03T14:48:03.363853396Z: [    9.924378] hv_vmbus: registering driver hv_storvsc
[STDERR  ] 2017-11-03T14:48:03.363864408Z: [    9.936233] ACPI: PCI Interrupt Link [GSIA] enabled at IRQ 16
[STDERR  ] 2017-11-03T14:48:03.363874636Z: [    9.944998] ahci 0000:00:1f.2: AHCI 0001.0000 32 slots 6 ports 1.5 Gbps 0x3f impl SATA mode
[STDERR  ] 2017-11-03T14:48:03.363884876Z: [    9.946019] ahci 0000:00:1f.2: flags: 64bit ncq only 
[STDERR  ] 2017-11-03T14:48:03.363894696Z: [    9.973739] scsi host0: ahci
[STDERR  ] 2017-11-03T14:48:03.363905398Z: [    9.980783] scsi host1: ahci
[STDERR  ] 2017-11-03T14:48:03.363928183Z: [    9.983919] scsi host2: ahci
[STDERR  ] 2017-11-03T14:48:03.363939713Z: [    9.987025] scsi host3: ahci
[STDERR  ] 2017-11-03T14:48:03.363950235Z: [    9.989472] scsi host4: ahci
[STDERR  ] 2017-11-03T14:48:03.363960188Z: [    9.992115] scsi host5: ahci
[STDERR  ] 2017-11-03T14:48:03.363970326Z: [    9.994825] ata1: SATA max UDMA/133 abar m4096@0xfebd2000 port 0xfebd2100 irq 24
[STDERR  ] 2017-11-03T14:48:03.363996951Z: [    9.995435] ata2: SATA max UDMA/133 abar m4096@0xfebd2000 port 0xfebd2180 irq 24
[STDERR  ] 2017-11-03T14:48:03.364009268Z: [    9.995976] ata3: SATA max UDMA/133 abar m4096@0xfebd2000 port 0xfebd2200 irq 24
[STDERR  ] 2017-11-03T14:48:03.364019678Z: [    9.996432] ata4: SATA max UDMA/133 abar m4096@0xfebd2000 port 0xfebd2280 irq 24
[STDERR  ] 2017-11-03T14:48:03.364029748Z: [    9.996941] ata5: SATA max UDMA/133 abar m4096@0xfebd2000 port 0xfebd2300 irq 24
[STDERR  ] 2017-11-03T14:48:03.36403967Z: [    9.997472] ata6: SATA max UDMA/133 abar m4096@0xfebd2000 port 0xfebd2380 irq 24
[STDERR  ] 2017-11-03T14:48:03.364050898Z: [   10.011652] tun: Universal TUN/TAP device driver, 1.6
[STDERR  ] 2017-11-03T14:48:03.364061283Z: [   10.012114] tun: (C) 1999-2004 Max Krasnyansky <maxk@qualcomm.com>
[STDERR  ] 2017-11-03T14:48:03.364083096Z: [   10.025551] VMware vmxnet3 virtual NIC driver - version 1.4.a.0-k-NAPI
[STDERR  ] 2017-11-03T14:48:03.36409941Z: [   10.026750] hv_vmbus: registering driver hv_netvsc
[STDERR  ] 2017-11-03T14:48:03.364109395Z: [   10.027140] Fusion MPT base driver 3.04.20
[STDERR  ] 2017-11-03T14:48:03.364119235Z: [   10.027470] Copyright (c) 1999-2008 LSI Corporation
[STDERR  ] 2017-11-03T14:48:03.364129358Z: [   10.028115] Fusion MPT SPI Host driver 3.04.20
[STDERR  ] 2017-11-03T14:48:03.36415316Z: [   10.030881] i8042: PNP: PS/2 Controller [PNP0303:KBD,PNP0f13:MOU] at 0x60,0x64 irq 1,12
[STDERR  ] 2017-11-03T14:48:03.364169228Z: [   10.035277] serio: i8042 KBD port at 0x60,0x64 irq 1
[STDERR  ] 2017-11-03T14:48:03.364179258Z: [   10.036066] serio: i8042 AUX port at 0x60,0x64 irq 12
[STDERR  ] 2017-11-03T14:48:03.364189279Z: [   10.039424] hv_vmbus: registering driver hyperv_keyboard
[STDERR  ] 2017-11-03T14:48:03.364199178Z: [   10.042257] mousedev: PS/2 mouse device common for all mice
[STDERR  ] 2017-11-03T14:48:03.364209166Z: [   10.047579] input: AT Translated Set 2 keyboard as /devices/platform/i8042/serio0/input/input1
[STDERR  ] 2017-11-03T14:48:03.364219519Z: [   10.051305] input: PC Speaker as /devices/platform/pcspkr/input/input2
[STDERR  ] 2017-11-03T14:48:03.364242311Z: [   10.055173] rtc_cmos 00:00: RTC can wake from S4
[STDERR  ] 2017-11-03T14:48:03.364252428Z: [   10.058640] rtc_cmos 00:00: rtc core: registered rtc_cmos as rtc0
[STDERR  ] 2017-11-03T14:48:03.36426246Z: [   10.060420] rtc_cmos 00:00: alarms up to one day, y3k, 114 bytes nvram, hpet irqs
[STDERR  ] 2017-11-03T14:48:03.36427274Z: [   10.061336] i2c /dev entries driver
[STDERR  ] 2017-11-03T14:48:03.364282646Z: [   10.063488] device-mapper: ioctl: 4.35.0-ioctl (2016-06-23) initialised: dm-devel@redhat.com
[STDERR  ] 2017-11-03T14:48:03.364292669Z: [   10.068469] usbcore: registered new interface driver usbhid
[STDERR  ] 2017-11-03T14:48:03.364313493Z: [   10.068964] usbhid: USB HID core driver
[STDERR  ] 2017-11-03T14:48:03.364324159Z: [   10.069644] hv_utils: Registering HyperV Utility Driver
[STDERR  ] 2017-11-03T14:48:03.364334261Z: [   10.069988] hv_vmbus: registering driver hv_util
[STDERR  ] 2017-11-03T14:48:03.364350811Z: [   10.070701] hv_vmbus: registering driver hv_balloon
[STDERR  ] 2017-11-03T14:48:03.364361761Z: [   10.071476] oprofile: using NMI interrupt.
[STDERR  ] 2017-11-03T14:48:03.36437525Z: [   10.072515] GACT probability on
[STDERR  ] 2017-11-03T14:48:03.364397796Z: [   10.073017] Mirror/redirect action on
[STDERR  ] 2017-11-03T14:48:03.364407815Z: [   10.073870] Simple TC action Loaded
[STDERR  ] 2017-11-03T14:48:03.364417756Z: [   10.074449] u32 classifier
[STDERR  ] 2017-11-03T14:48:03.364427979Z: [   10.074645]     Performance counters on
[STDERR  ] 2017-11-03T14:48:03.364438071Z: [   10.074928]     input device check on
[STDERR  ] 2017-11-03T14:48:03.364448126Z: [   10.075187]     Actions configured
[STDERR  ] 2017-11-03T14:48:03.364469009Z: [   10.076041] Netfilter messages via NETLINK v0.30.
[STDERR  ] 2017-11-03T14:48:03.364479577Z: [   10.076668] nfnl_acct: registering with nfnetlink.
[STDERR  ] 2017-11-03T14:48:03.364489574Z: [   10.078201] nf_conntrack version 0.5.0 (8192 buckets, 32768 max)
[STDERR  ] 2017-11-03T14:48:03.364504674Z: [   10.081665] ctnetlink v0.93: registering with nfnetlink.
[STDERR  ] 2017-11-03T14:48:03.364515477Z: [   10.084919] nf_tables: (c) 2007-2009 Patrick McHardy <kaber@trash.net>
[STDERR  ] 2017-11-03T14:48:03.364526132Z: [   10.085701] nf_tables_compat: (c) 2012 Pablo Neira Ayuso <pablo@netfilter.org>
[STDERR  ] 2017-11-03T14:48:03.364547616Z: [   10.088086] xt_time: kernel timezone is -0000
[STDERR  ] 2017-11-03T14:48:03.36455796Z: [   10.088801] ip_set: protocol 6
[STDERR  ] 2017-11-03T14:48:03.36456859Z: [   10.089502] IPVS: Registered protocols (TCP, UDP, SCTP, AH, ESP)
[STDERR  ] 2017-11-03T14:48:03.364578622Z: [   10.090514] IPVS: Connection hash table configured (size=4096, memory=64Kbytes)
[STDERR  ] 2017-11-03T14:48:03.364588966Z: [   10.092458] IPVS: Creating netns size=2104 id=0
[STDERR  ] 2017-11-03T14:48:03.364604162Z: [   10.095139] IPVS: ipvs loaded.
[STDERR  ] 2017-11-03T14:48:03.364628216Z: [   10.095432] IPVS: [rr] scheduler registered.
[STDERR  ] 2017-11-03T14:48:03.364638402Z: [   10.095756] IPVS: [wrr] scheduler registered.
[STDERR  ] 2017-11-03T14:48:03.364649052Z: [   10.096063] IPVS: [lc] scheduler registered.
[STDERR  ] 2017-11-03T14:48:03.364659312Z: [   10.096368] IPVS: [wlc] scheduler registered.
[STDERR  ] 2017-11-03T14:48:03.364672967Z: [   10.096688] IPVS: [fo] scheduler registered.
[STDERR  ] 2017-11-03T14:48:03.364682786Z: [   10.097003] IPVS: [ovf] scheduler registered.
[STDERR  ] 2017-11-03T14:48:03.364707076Z: [   10.097505] IPVS: [lblc] scheduler registered.
[STDERR  ] 2017-11-03T14:48:03.364718257Z: [   10.097961] IPVS: [lblcr] scheduler registered.
[STDERR  ] 2017-11-03T14:48:03.364728829Z: [   10.098350] IPVS: [dh] scheduler registered.
[STDERR  ] 2017-11-03T14:48:03.364740629Z: [   10.098648] IPVS: [sh] scheduler registered.
[STDERR  ] 2017-11-03T14:48:03.364750722Z: [   10.098964] IPVS: [sed] scheduler registered.
[STDERR  ] 2017-11-03T14:48:03.364756576Z: [   10.099257] IPVS: [nq] scheduler registered.
[STDERR  ] 2017-11-03T14:48:03.364762156Z: [   10.100022] IPVS: ftp: loaded support on port[0] = 21
[STDERR  ] 2017-11-03T14:48:03.364771379Z: [   10.101574] ipip: IPv4 and MPLS over IPv4 tunneling driver
[STDERR  ] 2017-11-03T14:48:03.364776999Z: [   10.105894] gre: GRE over IPv4 demultiplexor driver
[STDERR  ] 2017-11-03T14:48:03.36478402Z: [   10.108774] ip_tables: (C) 2000-2006 Netfilter Core Team
[STDERR  ] 2017-11-03T14:48:03.36479468Z: [   10.113378] ipt_CLUSTERIP: ClusterIP Version 0.8 loaded successfully
[STDERR  ] 2017-11-03T14:48:03.364806102Z: [   10.114304] arp_tables: arp_tables: (C) 2002 David S. Miller
[STDERR  ] 2017-11-03T14:48:03.36481656Z: [   10.117797] NET: Registered protocol family 10
[STDERR  ] 2017-11-03T14:48:03.364831144Z: [   10.128521] ip6_tables: (C) 2000-2006 Netfilter Core Team
[STDERR  ] 2017-11-03T14:48:03.36483737Z: [   10.137284] NET: Registered protocol family 17
[STDERR  ] 2017-11-03T14:48:03.36484367Z: [   10.138441] Bridge firewalling registered
[STDERR  ] 2017-11-03T14:48:03.364855216Z: [   10.139053] Ebtables v2.0 registered
[STDERR  ] 2017-11-03T14:48:03.364866056Z: [   10.142676] 8021q: 802.1Q VLAN Support v1.8
[STDERR  ] 2017-11-03T14:48:03.364875246Z: [   10.144829] 9pnet: Installing 9P2000 support
[STDERR  ] 2017-11-03T14:48:03.364886224Z: [   10.146402] Key type dns_resolver registered
[STDERR  ] 2017-11-03T14:48:03.364897322Z: [   10.147365] microcode: AMD CPU family 0x6 not supported
[STDERR  ] 2017-11-03T14:48:03.364907466Z: [   10.151605] registered taskstats version 1
[STDERR  ] 2017-11-03T14:48:03.364917869Z: [   10.329600] Key type big_key registered
[STDERR  ] 2017-11-03T14:48:03.364928163Z: [   10.333387] ata3: SATA link up 1.5 Gbps (SStatus 113 SControl 300)
[STDERR  ] 2017-11-03T14:48:03.364939513Z: [   10.338232] ata3.00: ATAPI: QEMU DVD-ROM, 2.5+, max UDMA/100
[STDERR  ] 2017-11-03T14:48:03.364945033Z: [   10.338781] ata3.00: applying bridge limits
[STDERR  ] 2017-11-03T14:48:03.364950637Z: [   10.340586] ata6: SATA link down (SStatus 0 SControl 300)
[STDERR  ] 2017-11-03T14:48:03.364970674Z: [   10.342077] ata2: SATA link up 1.5 Gbps (SStatus 113 SControl 300)
[STDERR  ] 2017-11-03T14:48:03.364983607Z: [   10.343082] ata2.00: ATA-7: QEMU HARDDISK, 2.5+, max UDMA/100
[STDERR  ] 2017-11-03T14:48:03.364997597Z: [   10.343478] ata2.00: 1048576 sectors, multi 16: LBA48 NCQ (depth 31/32)
[STDERR  ] 2017-11-03T14:48:03.365008922Z: [   10.344047] ata2.00: applying bridge limits
[STDERR  ] 2017-11-03T14:48:03.365019253Z: [   10.345097] ata2.00: configured for UDMA/100
[STDERR  ] 2017-11-03T14:48:03.365029757Z: [   10.345849] ata1: SATA link up 1.5 Gbps (SStatus 113 SControl 300)
[STDERR  ] 2017-11-03T14:48:03.365040382Z: [   10.346428] ata1.00: ATA-7: QEMU HARDDISK, 2.5+, max UDMA/100
[STDERR  ] 2017-11-03T14:48:03.365051276Z: [   10.346833] ata1.00: 1048576 sectors, multi 16: LBA48 NCQ (depth 31/32)
[STDERR  ] 2017-11-03T14:48:03.365062142Z: [   10.347251] ata1.00: applying bridge limits
[STDERR  ] 2017-11-03T14:48:03.365078556Z: [   10.347831] ata1.00: configured for UDMA/100
[STDERR  ] 2017-11-03T14:48:03.365089378Z: [   10.349762] ata4: SATA link down (SStatus 0 SControl 300)
[STDERR  ] 2017-11-03T14:48:03.36509899Z: [   10.350687] ata5: SATA link down (SStatus 0 SControl 300)
[STDERR  ] 2017-11-03T14:48:03.365104372Z: [   10.370444] ata3.00: configured for UDMA/100
[STDERR  ] 2017-11-03T14:48:03.365109854Z: [   10.372650] scsi 0:0:0:0: Direct-Access     ATA      QEMU HARDDISK    2.5+ PQ: 0 ANSI: 5
[STDERR  ] 2017-11-03T14:48:03.365115483Z: [   10.385945] sd 0:0:0:0: [sda] 1048576 512-byte logical blocks: (537 MB/512 MiB)
[STDERR  ] 2017-11-03T14:48:03.365122154Z: [   10.402723] sd 0:0:0:0: Attached scsi generic sg0 type 0
[STDERR  ] 2017-11-03T14:48:03.365132859Z: [   10.405103] sd 0:0:0:0: [sda] Write Protect is off
[STDERR  ] 2017-11-03T14:48:03.365143676Z: [   10.408588] sd 0:0:0:0: [sda] Write cache: enabled, read cache: enabled, doesn't support DPO or FUA
[STDERR  ] 2017-11-03T14:48:03.365154369Z: [   10.411073] scsi 1:0:0:0: Direct-Access     ATA      QEMU HARDDISK    2.5+ PQ: 0 ANSI: 5
[STDERR  ] 2017-11-03T14:48:03.36516482Z: [   10.414798] sd 1:0:0:0: [sdb] 1048576 512-byte logical blocks: (537 MB/512 MiB)
[STDERR  ] 2017-11-03T14:48:03.36517536Z: [   10.420551] sd 1:0:0:0: [sdb] Write Protect is off
[STDERR  ] 2017-11-03T14:48:03.365185463Z: [   10.421402] sd 1:0:0:0: Attached scsi generic sg1 type 0
[STDERR  ] 2017-11-03T14:48:03.365195536Z: [   10.424678] sd 1:0:0:0: [sdb] Write cache: enabled, read cache: enabled, doesn't support DPO or FUA
[STDERR  ] 2017-11-03T14:48:03.36520588Z: [   10.430829] scsi 2:0:0:0: CD-ROM            QEMU     QEMU DVD-ROM     2.5+ PQ: 0 ANSI: 5
[STDERR  ] 2017-11-03T14:48:03.365216273Z: [   10.460459] sr 2:0:0:0: [sr0] scsi3-mmc drive: 4x/4x cd/rw xa/form2 tray
[STDERR  ] 2017-11-03T14:48:03.36522759Z: [   10.461241] cdrom: Uniform CD-ROM driver Revision: 3.20
[STDERR  ] 2017-11-03T14:48:03.365238024Z: [   10.475589] sd 1:0:0:0: [sdb] Attached SCSI disk
[STDERR  ] 2017-11-03T14:48:03.36524847Z: [   10.480848] sr 2:0:0:0: Attached scsi generic sg2 type 5
[STDERR  ] 2017-11-03T14:48:03.365258472Z: [   10.493736] sd 0:0:0:0: [sda] Attached SCSI disk
[STDERR  ] 2017-11-03T14:48:03.365268586Z: [   10.563641] Key type encrypted registered
[STDERR  ] 2017-11-03T14:48:03.365278732Z: [   10.569827] rtc_cmos 00:00: setting system clock to 2017-11-03 14:47:14 UTC (1509720434)
[STDERR  ] 2017-11-03T14:48:03.365289014Z: [   10.724352] Freeing unused kernel memory: 1380K
[STDERR  ] 2017-11-03T14:48:03.365303702Z: [   10.725022] Write protecting the kernel read-only data: 12288k
[STDERR  ] 2017-11-03T14:48:03.365318113Z: [   10.728240] tsc: Refined TSC clocksource calibration: 2600.003 MHz
[STDERR  ] 2017-11-03T14:48:03.365326525Z: [   10.728894] clocksource: tsc: mask: 0xffffffffffffffff max_cycles: 0x257a3ef07ae, max_idle_ns: 440795268508 ns
[STDERR  ] 2017-11-03T14:48:03.365334302Z: [   10.735353] Freeing unused kernel memory: 124K
[STDERR  ] 2017-11-03T14:48:03.365339982Z: [   10.826830] Freeing unused kernel memory: 1392K
[STDERR  ] 2017-11-03T14:48:03.36535779Z: [   11.734375] clocksource: Switched to clocksource tsc
[STDERR  ] 2017-11-03T14:48:03.365363572Z: 
[STDERR  ] 2017-11-03T14:48:03.365372349Z: Welcome to LinuxKit
[STDERR  ] 2017-11-03T14:48:03.365383715Z: 
[STDERR  ] 2017-11-03T14:48:03.36539437Z:                         ##         .
[STDERR  ] 2017-11-03T14:48:03.365405019Z:                   ## ## ##        ==
[STDERR  ] 2017-11-03T14:48:03.365415245Z:                ## ## ## ## ##    ===
[STDERR  ] 2017-11-03T14:48:03.365425445Z:            /"""""""""""""""""\___/ ===
[STDERR  ] 2017-11-03T14:48:03.36543575Z:           {                       /  ===-
[STDERR  ] 2017-11-03T14:48:03.36544583Z:            \______ O           __/
[STDERR  ] 2017-11-03T14:48:03.365456125Z:              \    \         __/
[STDERR  ] 2017-11-03T14:48:03.365467276Z:               \____\_______/
[STDERR  ] 2017-11-03T14:48:03.365477598Z: 
[STDERR  ] 2017-11-03T14:48:03.365493125Z: [   29.399059] IPVS: Creating netns size=2104 id=1
[STDERR  ] 2017-11-03T14:48:03.365503908Z: [   29.399734] IPVS: ftp: loaded support on port[0] = 21
[STDERR  ] 2017-11-03T14:48:03.365514236Z: [   30.608778] random: fast init done
[STDERR  ] 2017-11-03T14:48:03.365524433Z: 2017/11/03 14:47:34 Creating partition on /dev/sda
[STDERR  ] 2017-11-03T14:48:03.365534719Z: [   30.925234]  sda:
[STDERR  ] 2017-11-03T14:48:03.365547589Z: [   31.015747]  sda:
[STDERR  ] 2017-11-03T14:48:03.365557552Z: [   31.049290]  sda: sda1
[STDERR  ] 2017-11-03T14:48:03.365567622Z: [   31.142463]  sda: sda1
[STDERR  ] 2017-11-03T14:48:03.36557874Z: 2017/11/03 14:47:37 Partition /dev/sda1 successfully created!
[STDERR  ] 2017-11-03T14:48:03.365588869Z: [   34.104873] IPVS: Creating netns size=2104 id=2
[STDERR  ] 2017-11-03T14:48:03.365599075Z: [   34.105353] IPVS: ftp: loaded support on port[0] = 21
[STDERR  ] 2017-11-03T14:48:03.365609143Z: 2017/11/03 14:47:39 /dev/sda has content. blkid returned: /dev/sda: PTUUID="fa2c86eb" PTTYPE="dos"
[STDERR  ] 2017-11-03T14:48:03.365620329Z: 2017/11/03 14:47:39 Creating partition on /dev/sdb
[STDERR  ] 2017-11-03T14:48:03.36563077Z: [   35.672426]  sdb:
[STDERR  ] 2017-11-03T14:48:03.365640929Z: [   35.766442]  sdb:
[STDERR  ] 2017-11-03T14:48:03.365650916Z: [   35.807970]  sdb: sdb1
[STDERR  ] 2017-11-03T14:48:03.365661288Z: [   35.900981]  sdb: sdb1
[STDERR  ] 2017-11-03T14:48:03.36567176Z: 2017/11/03 14:47:41 Partition /dev/sdb1 successfully created!
[STDERR  ] 2017-11-03T14:48:03.365681872Z: [   38.946516] IPVS: Creating netns size=2104 id=3
[STDERR  ] 2017-11-03T14:48:03.36569247Z: [   38.946952] IPVS: ftp: loaded support on port[0] = 21
[STDERR  ] 2017-11-03T14:48:03.365703182Z: [   40.454601] random: crng init done
[STDERR  ] 2017-11-03T14:48:03.365713339Z: [   40.455796] EXT4-fs (sda1): couldn't mount as ext3 due to feature incompatibilities
[STDERR  ] 2017-11-03T14:48:03.365723588Z: [   40.465424] EXT4-fs (sda1): couldn't mount as ext2 due to feature incompatibilities
[STDERR  ] 2017-11-03T14:48:03.365733765Z: [   40.498000] EXT4-fs (sda1): mounted filesystem with ordered data mode. Opts: (null)
[STDERR  ] 2017-11-03T14:48:03.365743833Z: [   42.527574] IPVS: Creating netns size=2104 id=4
[STDERR  ] 2017-11-03T14:48:03.365754042Z: [   42.527959] IPVS: ftp: loaded support on port[0] = 21
[STDERR  ] 2017-11-03T14:48:03.365767196Z: [   44.060913] EXT4-fs (sdb1): couldn't mount as ext3 due to feature incompatibilities
[STDERR  ] 2017-11-03T14:48:03.36577889Z: [   44.069181] EXT4-fs (sdb1): couldn't mount as ext2 due to feature incompatibilities
[STDERR  ] 2017-11-03T14:48:03.365789109Z: [   44.086770] EXT4-fs (sdb1): mounted filesystem with ordered data mode. Opts: (null)
[STDERR  ] 2017-11-03T14:48:03.365799502Z: 2017/11/03 14:47:48 Failed to create "symlink ../../sda1 /dev/disk/by-uuid/dbef8c9e-9c4f-498a-aa6e-aa76f386f9ec: file exists": %!v(MISSING)
[STDERR  ] 2017-11-03T14:48:03.365810932Z: 2017/11/03 14:47:49 Failed to create "symlink ../../sdb1 /dev/disk/by-uuid/640ddf74-95b4-4e7a-8704-bc40a467373d: file exists": %!v(MISSING)
[STDERR  ] 2017-11-03T14:48:03.365826966Z: format_mount test suite PASSED
[STDERR  ] 2017-11-03T14:48:03.365837375Z: [   58.805393] sd 1:0:0:0: [sdb] Synchronizing SCSI cache
[STDERR  ] 2017-11-03T14:48:03.365847903Z: [   58.809707] sd 1:0:0:0: [sdb] Stopping disk
[STDERR  ] 2017-11-03T14:48:03.365859469Z: [   58.810825] sd 0:0:0:0: [sda] Synchronizing SCSI cache
[STDERR  ] 2017-11-03T14:48:03.365869816Z: [   58.816300] sd 0:0:0:0: [sda] Stopping disk
[STDERR  ] 2017-11-03T14:48:03.365880256Z: [   58.821162] ACPI: Preparing to enter system sleep state S5
[STDERR  ] 2017-11-03T14:48:03.365890356Z: [   58.825864] reboot: Power down
[STDERR  ] 2017-11-03T14:48:03.365900719Z: + grep -q suite PASSED
[STDOUT  ] 2017-11-03T14:48:03.365923861Z: [    0.000000] Linux version 4.9.59-linuxkit (root@01324b49428a) (gcc version 6.3.0 (Alpine 6.3.0) ) #1 SMP Sat Oct 28 17:03:21 UTC 2017
[STDOUT  ] 2017-11-03T14:48:03.365960821Z: [    0.000000] Command line: console=ttyS0
[STDOUT  ] 2017-11-03T14:48:03.365977682Z: [    0.000000] x86/fpu: Legacy x87 FPU detected.
[STDOUT  ] 2017-11-03T14:48:03.365988428Z: [    0.000000] x86/fpu: Using 'eager' FPU context switches.
[STDOUT  ] 2017-11-03T14:48:03.365998693Z: [    0.000000] e820: BIOS-provided physical RAM map:
[STDOUT  ] 2017-11-03T14:48:03.366008449Z: [    0.000000] BIOS-e820: [mem 0x0000000000000000-0x000000000009fbff] usable
[STDOUT  ] 2017-11-03T14:48:03.366019715Z: [    0.000000] BIOS-e820: [mem 0x000000000009fc00-0x000000000009ffff] reserved
[STDOUT  ] 2017-11-03T14:48:03.366029661Z: [    0.000000] BIOS-e820: [mem 0x00000000000f0000-0x00000000000fffff] reserved
[STDOUT  ] 2017-11-03T14:48:03.366107342Z: [    0.000000] BIOS-e820: [mem 0x0000000000100000-0x000000003ffddfff] usable
[STDOUT  ] 2017-11-03T14:48:03.366120792Z: [    0.000000] BIOS-e820: [mem 0x000000003ffde000-0x000000003fffffff] reserved
[STDOUT  ] 2017-11-03T14:48:03.366130996Z: [    0.000000] BIOS-e820: [mem 0x00000000b0000000-0x00000000bfffffff] reserved
[STDOUT  ] 2017-11-03T14:48:03.366140999Z: [    0.000000] BIOS-e820: [mem 0x00000000fed1c000-0x00000000fed1ffff] reserved
[STDOUT  ] 2017-11-03T14:48:03.366147638Z: [    0.000000] BIOS-e820: [mem 0x00000000fffc0000-0x00000000ffffffff] reserved
[STDOUT  ] 2017-11-03T14:48:03.366153539Z: [    0.000000] NX (Execute Disable) protection: active
[STDOUT  ] 2017-11-03T14:48:03.366159291Z: [    0.000000] SMBIOS 2.8 present.
[STDOUT  ] 2017-11-03T14:48:03.366166023Z: [    0.000000] e820: last_pfn = 0x3ffde max_arch_pfn = 0x400000000
[STDOUT  ] 2017-11-03T14:48:03.366176771Z: [    0.000000] x86/PAT: Configuration [0-7]: WB  WC  UC- UC  WB  WC  UC- WT  
[STDOUT  ] 2017-11-03T14:48:03.366187753Z: [    0.000000] found SMP MP-table at [mem 0x000f6aa0-0x000f6aaf] mapped at [ffff929d400f6aa0]
[STDOUT  ] 2017-11-03T14:48:03.366201291Z: [    0.000000] RAMDISK: [mem 0x3d938000-0x3ffcffff]
[STDOUT  ] 2017-11-03T14:48:03.366211596Z: [    0.000000] ACPI: Early table checksum verification disabled
[STDOUT  ] 2017-11-03T14:48:03.366221682Z: [    0.000000] ACPI: RSDP 0x00000000000F68C0 000014 (v00 BOCHS )
[STDOUT  ] 2017-11-03T14:48:03.366231836Z: [    0.000000] ACPI: RSDT 0x000000003FFE2404 000034 (v01 BOCHS  BXPCRSDT 00000001 BXPC 00000001)
[STDOUT  ] 2017-11-03T14:48:03.366241902Z: [    0.000000] ACPI: FACP 0x000000003FFE22A4 000074 (v01 BOCHS  BXPCFACP 00000001 BXPC 00000001)
[STDOUT  ] 2017-11-03T14:48:03.366252006Z: [    0.000000] ACPI: DSDT 0x000000003FFE0040 002264 (v01 BOCHS  BXPCDSDT 00000001 BXPC 00000001)
[STDOUT  ] 2017-11-03T14:48:03.366262562Z: [    0.000000] ACPI: FACS 0x000000003FFE0000 000040
[STDOUT  ] 2017-11-03T14:48:03.366276888Z: [    0.000000] ACPI: APIC 0x000000003FFE2318 000078 (v01 BOCHS  BXPCAPIC 00000001 BXPC 00000001)
[STDOUT  ] 2017-11-03T14:48:03.366287223Z: [    0.000000] ACPI: HPET 0x000000003FFE2390 000038 (v01 BOCHS  BXPCHPET 00000001 BXPC 00000001)
[STDOUT  ] 2017-11-03T14:48:03.366297305Z: [    0.000000] ACPI: MCFG 0x000000003FFE23C8 00003C (v01 BOCHS  BXPCMCFG 00000001 BXPC 00000001)
[STDOUT  ] 2017-11-03T14:48:03.366307416Z: [    0.000000] Zone ranges:
[STDOUT  ] 2017-11-03T14:48:03.366326243Z: [    0.000000]   DMA      [mem 0x0000000000001000-0x0000000000ffffff]
[STDOUT  ] 2017-11-03T14:48:03.366337588Z: [    0.000000]   DMA32    [mem 0x0000000001000000-0x000000003ffddfff]
[STDOUT  ] 2017-11-03T14:48:03.366362701Z: [    0.000000]   Normal   empty
[STDOUT  ] 2017-11-03T14:48:03.366376006Z: [    0.000000] Movable zone start for each node
[STDOUT  ] 2017-11-03T14:48:03.366382401Z: [    0.000000] Early memory node ranges
[STDOUT  ] 2017-11-03T14:48:03.366388003Z: [    0.000000]   node   0: [mem 0x0000000000001000-0x000000000009efff]
[STDOUT  ] 2017-11-03T14:48:03.366394091Z: [    0.000000]   node   0: [mem 0x0000000000100000-0x000000003ffddfff]
[STDOUT  ] 2017-11-03T14:48:03.366399699Z: [    0.000000] Initmem setup node 0 [mem 0x0000000000001000-0x000000003ffddfff]
[STDOUT  ] 2017-11-03T14:48:03.366405655Z: [    0.000000] ACPI: PM-Timer IO Port: 0x608
[STDOUT  ] 2017-11-03T14:48:03.366418871Z: [    0.000000] ACPI: LAPIC_NMI (acpi_id[0xff] dfl dfl lint[0x1])
[STDOUT  ] 2017-11-03T14:48:03.366431178Z: [    0.000000] IOAPIC[0]: apic_id 0, version 32, address 0xfec00000, GSI 0-23
[STDOUT  ] 2017-11-03T14:48:03.366442371Z: [    0.000000] ACPI: INT_SRC_OVR (bus 0 bus_irq 0 global_irq 2 dfl dfl)
[STDOUT  ] 2017-11-03T14:48:03.366452631Z: [    0.000000] ACPI: INT_SRC_OVR (bus 0 bus_irq 5 global_irq 5 high level)
[STDOUT  ] 2017-11-03T14:48:03.366462591Z: [    0.000000] ACPI: INT_SRC_OVR (bus 0 bus_irq 9 global_irq 9 high level)
[STDOUT  ] 2017-11-03T14:48:03.366472731Z: [    0.000000] ACPI: INT_SRC_OVR (bus 0 bus_irq 10 global_irq 10 high level)
[STDOUT  ] 2017-11-03T14:48:03.366482797Z: [    0.000000] ACPI: INT_SRC_OVR (bus 0 bus_irq 11 global_irq 11 high level)
[STDOUT  ] 2017-11-03T14:48:03.366492921Z: [    0.000000] Using ACPI (MADT) for SMP configuration information
[STDOUT  ] 2017-11-03T14:48:03.366502857Z: [    0.000000] ACPI: HPET id: 0x8086a201 base: 0xfed00000
[STDOUT  ] 2017-11-03T14:48:03.366517532Z: [    0.000000] smpboot: Allowing 1 CPUs, 0 hotplug CPUs
[STDOUT  ] 2017-11-03T14:48:03.366527763Z: [    0.000000] e820: [mem 0x40000000-0xafffffff] available for PCI devices
[STDOUT  ] 2017-11-03T14:48:03.366538927Z: [    0.000000] Booting paravirtualized kernel on bare hardware
[STDOUT  ] 2017-11-03T14:48:03.366549143Z: [    0.000000] clocksource: refined-jiffies: mask: 0xffffffff max_cycles: 0xffffffff, max_idle_ns: 19112604462750000 ns
[STDOUT  ] 2017-11-03T14:48:03.366560375Z: [    0.000000] setup_percpu: NR_CPUS:128 nr_cpumask_bits:128 nr_cpu_ids:1 nr_node_ids:1
[STDOUT  ] 2017-11-03T14:48:03.366570462Z: [    0.000000] percpu: Embedded 35 pages/cpu @ffff929d7d600000 s105240 r8192 d29928 u2097152
[STDOUT  ] 2017-11-03T14:48:03.366580537Z: [    0.000000] Built 1 zonelists in Zone order, mobility grouping on.  Total pages: 257895
[STDOUT  ] 2017-11-03T14:48:03.366591621Z: [    0.000000] Kernel command line: console=ttyS0
[STDOUT  ] 2017-11-03T14:48:03.366601691Z: [    0.000000] PID hash table entries: 4096 (order: 3, 32768 bytes)
[STDOUT  ] 2017-11-03T14:48:03.366615384Z: [    0.000000] Dentry cache hash table entries: 131072 (order: 8, 1048576 bytes)
[STDOUT  ] 2017-11-03T14:48:03.366626144Z: [    0.000000] Inode-cache hash table entries: 65536 (order: 7, 524288 bytes)
[STDOUT  ] 2017-11-03T14:48:03.366636591Z: [    0.000000] Memory: 974656K/1048048K available (8053K kernel code, 1367K rwdata, 2704K rodata, 1380K init, 568K bss, 73392K reserved, 0K cma-reserved)
[STDOUT  ] 2017-11-03T14:48:03.366648117Z: [    0.000000] Hierarchical RCU implementation.
[STDOUT  ] 2017-11-03T14:48:03.366658211Z: [    0.000000] 	Build-time adjustment of leaf fanout to 64.
[STDOUT  ] 2017-11-03T14:48:03.366669437Z: [    0.000000] 	RCU restricting CPUs from NR_CPUS=128 to nr_cpu_ids=1.
[STDOUT  ] 2017-11-03T14:48:03.366679972Z: [    0.000000] RCU: Adjusting geometry for rcu_fanout_leaf=64, nr_cpu_ids=1
[STDOUT  ] 2017-11-03T14:48:03.366690657Z: [    0.000000] NR_IRQS:8448 nr_irqs:256 16
[STDOUT  ] 2017-11-03T14:48:03.366700821Z: [    0.000000] Console: colour VGA+ 80x25
[STDOUT  ] 2017-11-03T14:48:03.366726242Z: [    0.000000] console [ttyS0] enabled
[STDOUT  ] 2017-11-03T14:48:03.366743932Z: [    0.000000] clocksource: hpet: mask: 0xffffffff max_cycles: 0xffffffff, max_idle_ns: 19112604467 ns
[STDOUT  ] 2017-11-03T14:48:03.366755894Z: [    0.000000] tsc: Fast TSC calibration using PIT
[STDOUT  ] 2017-11-03T14:48:03.366765479Z: [    0.000000] tsc: Detected 2600.012 MHz processor
[STDOUT  ] 2017-11-03T14:48:03.366775212Z: [    0.022213] Calibrating delay loop (skipped), value calculated using timer frequency.. 5200.02 BogoMIPS (lpj=26000120)
[STDOUT  ] 2017-11-03T14:48:03.366785517Z: [    0.030627] pid_max: default: 32768 minimum: 301
[STDOUT  ] 2017-11-03T14:48:03.366795084Z: [    0.031899] ACPI: Core revision 20160831
[STDOUT  ] 2017-11-03T14:48:03.366804339Z: [    0.087172] ACPI: 1 ACPI AML tables successfully acquired and loaded
[STDOUT  ] 2017-11-03T14:48:03.366813824Z: [    0.092416] Security Framework initialized
[STDOUT  ] 2017-11-03T14:48:03.366829332Z: [    0.092986] Yama: becoming mindful.
[STDOUT  ] 2017-11-03T14:48:03.366844274Z: [    0.095331] Mount-cache hash table entries: 2048 (order: 2, 16384 bytes)
[STDOUT  ] 2017-11-03T14:48:03.366856124Z: [    0.095979] Mountpoint-cache hash table entries: 2048 (order: 2, 16384 bytes)
[STDOUT  ] 2017-11-03T14:48:03.366869141Z: [    0.118981] Last level iTLB entries: 4KB 0, 2MB 0, 4MB 0
[STDOUT  ] 2017-11-03T14:48:03.366879397Z: [    0.119527] Last level dTLB entries: 4KB 0, 2MB 0, 4MB 0, 1GB 0
[STDOUT  ] 2017-11-03T14:48:03.366890279Z: [    0.479599] Freeing SMP alternatives memory: 20K
[STDOUT  ] 2017-11-03T14:48:03.366901819Z: [    0.490976] ftrace: allocating 35584 entries in 140 pages
[STDOUT  ] 2017-11-03T14:48:03.366913674Z: [    0.664662] smpboot: Max logical packages: 1
[STDOUT  ] 2017-11-03T14:48:03.366925715Z: [    0.674192] ..TIMER: vector=0x30 apic1=0 pin1=2 apic2=-1 pin2=-1
[STDOUT  ] 2017-11-03T14:48:03.366937129Z: [    0.780000] smpboot: CPU0: AMD QEMU Virtual CPU version 2.5+ (family: 0x6, model: 0x6, stepping: 0x3)
[STDOUT  ] 2017-11-03T14:48:03.366947619Z: [    0.780000] Performance Events: PMU not available due to virtualization, using software events only.
[STDOUT  ] 2017-11-03T14:48:03.366961814Z: [    0.792220] NMI watchdog: disabled (cpu0): hardware events not enabled
[STDOUT  ] 2017-11-03T14:48:03.366972561Z: [    0.792745] NMI watchdog: Shutting down hard lockup detector on all cpus
[STDOUT  ] 2017-11-03T14:48:03.366983547Z: [    0.797032] x86: Booted up 1 node, 1 CPUs
[STDOUT  ] 2017-11-03T14:48:03.366993545Z: [    0.797573] smpboot: Total of 1 processors activated (5200.02 BogoMIPS)
[STDOUT  ] 2017-11-03T14:48:03.367004002Z: [    0.814282] devtmpfs: initialized
[STDOUT  ] 2017-11-03T14:48:03.367014336Z: [    0.822139] x86/mm: Memory block size: 128MB
[STDOUT  ] 2017-11-03T14:48:03.367025829Z: [    0.888036] clocksource: jiffies: mask: 0xffffffff max_cycles: 0xffffffff, max_idle_ns: 19112604462750000 ns
[STDOUT  ] 2017-11-03T14:48:03.367036299Z: [    0.889186] futex hash table entries: 256 (order: 2, 16384 bytes)
[STDOUT  ] 2017-11-03T14:48:03.367046711Z: [    0.900909] NET: Registered protocol family 16
[STDOUT  ] 2017-11-03T14:48:03.367057302Z: [    0.910860] cpuidle: using governor ladder
[STDOUT  ] 2017-11-03T14:48:03.367070817Z: [    0.911391] cpuidle: using governor menu
[STDOUT  ] 2017-11-03T14:48:03.367080831Z: [    0.912631] ACPI: bus type PCI registered
[STDOUT  ] 2017-11-03T14:48:03.367091109Z: [    0.915555] PCI: MMCONFIG for domain 0000 [bus 00-ff] at [mem 0xb0000000-0xbfffffff] (base 0xb0000000)
[STDOUT  ] 2017-11-03T14:48:03.367100979Z: [    0.916455] PCI: MMCONFIG at [mem 0xb0000000-0xbfffffff] reserved in E820
[STDOUT  ] 2017-11-03T14:48:03.367111696Z: [    0.917949] PCI: Using configuration type 1 for base access
[STDOUT  ] 2017-11-03T14:48:03.367121799Z: [    0.981538] HugeTLB registered 2 MB page size, pre-allocated 0 pages
[STDOUT  ] 2017-11-03T14:48:03.367131886Z: [    0.998325] ACPI: Added _OSI(Module Device)
[STDOUT  ] 2017-11-03T14:48:03.367143066Z: [    0.998572] ACPI: Added _OSI(Processor Device)
[STDOUT  ] 2017-11-03T14:48:03.367153346Z: [    0.998727] ACPI: Added _OSI(3.0 _SCP Extensions)
[STDOUT  ] 2017-11-03T14:48:03.367169491Z: [    0.999154] ACPI: Added _OSI(Processor Aggregator Device)
[STDOUT  ] 2017-11-03T14:48:03.367179656Z: [    1.083798] ACPI: Interpreter enabled
[STDOUT  ] 2017-11-03T14:48:03.367189326Z: [    1.084831] ACPI: (supports S0 S5)
[STDOUT  ] 2017-11-03T14:48:03.367200267Z: [    1.085228] ACPI: Using IOAPIC for interrupt routing
[STDOUT  ] 2017-11-03T14:48:03.367210002Z: [    1.088179] PCI: Using host bridge windows from ACPI; if necessary, use "pci=nocrs" and report a bug
[STDOUT  ] 2017-11-03T14:48:03.367219991Z: [    1.161631] ACPI: PCI Root Bridge [PCI0] (domain 0000 [bus 00-ff])
[STDOUT  ] 2017-11-03T14:48:03.367229944Z: [    1.162998] acpi PNP0A08:00: _OSC: OS supports [ExtendedConfig ASPM ClockPM Segments MSI]
[STDOUT  ] 2017-11-03T14:48:03.367239792Z: [    1.170347] acpi PNP0A08:00: _OSC: OS now controls [PCIeHotplug PME PCIeCapability]
[STDOUT  ] 2017-11-03T14:48:03.367254997Z: [    1.174324] PCI host bridge to bus 0000:00
[STDOUT  ] 2017-11-03T14:48:03.367265161Z: [    1.174872] pci_bus 0000:00: root bus resource [io  0x0000-0x0cf7 window]
[STDOUT  ] 2017-11-03T14:48:03.367276109Z: [    1.175402] pci_bus 0000:00: root bus resource [io  0x0d00-0xffff window]
[STDOUT  ] 2017-11-03T14:48:03.367286314Z: [    1.175893] pci_bus 0000:00: root bus resource [mem 0x000a0000-0x000bffff window]
[STDOUT  ] 2017-11-03T14:48:03.367300252Z: [    1.176406] pci_bus 0000:00: root bus resource [mem 0xc0000000-0xfebfffff window]
[STDOUT  ] 2017-11-03T14:48:03.367311531Z: [    1.177081] pci_bus 0000:00: root bus resource [bus 00-ff]
