[INFO    ] 2017-11-27T20:46:43.833230528Z: Running Test linuxkit.packages.containerd in /tmp/build/test/cases/040_packages/003_containerd
[INFO    ] 2017-11-27T20:46:43.8333916Z: Running command: [/bin/sh -x /tmp/build/test/cases/040_packages/003_containerd/test.sh]
[STDERR  ] 2017-11-27T20:46:43.848294047Z: + set -e
[STDERR  ] 2017-11-27T20:46:43.848381382Z: + . /tmp/build/test/cases/_lib/lib.sh
[STDERR  ] 2017-11-27T20:46:43.848392188Z: + [ -f src/github.com/linuxkit/rtf/lib/lib.sh ]
[STDERR  ] 2017-11-27T20:46:43.857526742Z: + LINUXKIT_TMPDIR=/tmp/build/test/cases/_tmp
[STDERR  ] 2017-11-27T20:46:43.857583658Z: + [ -f /tmp/build/test/cases/_tmp/env.sh ]
[STDERR  ] 2017-11-27T20:46:43.857595558Z: + . /tmp/build/test/cases/_tmp/env.sh
[STDERR  ] 2017-11-27T20:46:43.8576053Z: + export LINUXKIT_EXAMPLES_DIR=/tmp/build/test/cases/../../examples
[STDERR  ] 2017-11-27T20:46:43.85762304Z: + export LINUXKIT_BLUEPRINTS_DIR=/tmp/build/test/cases/../../blueprints
[STDERR  ] 2017-11-27T20:46:43.857631815Z: + RT_CANCEL=253
[STDERR  ] 2017-11-27T20:46:43.85764213Z: + NAME=containerd
[STDERR  ] 2017-11-27T20:46:43.85765166Z: + trap clean_up EXIT
[STDERR  ] 2017-11-27T20:46:43.857662127Z: + linuxkit build -format kernel+initrd -name containerd test.yml
[STDERR  ] 2017-11-27T20:46:43.905148008Z: Extract kernel image: linuxkit/kernel:4.9.65
[STDERR  ] 2017-11-27T20:46:45.070330412Z: time="2017-11-27T20:46:45Z" level=warning msg="certificate with CN Justin Cormack is near expiry" 
[STDERR  ] 2017-11-27T20:46:45.101996395Z: time="2017-11-27T20:46:45Z" level=warning msg="certificate with CN Justin Cormack is near expiry" 
[STDERR  ] 2017-11-27T20:46:45.661741056Z: Add init containers:
[STDERR  ] 2017-11-27T20:46:45.661793115Z: Process init image: linuxkit/init:42a92119e1ca10380e0d33e26c0cbcf85b9b3558
[STDERR  ] 2017-11-27T20:46:46.702481832Z: time="2017-11-27T20:46:46Z" level=warning msg="certificate with CN Justin Cormack is near expiry" 
[STDERR  ] 2017-11-27T20:46:46.705434631Z: time="2017-11-27T20:46:46Z" level=warning msg="certificate with CN Justin Cormack is near expiry" 
[STDERR  ] 2017-11-27T20:46:46.949705887Z: Process init image: linuxkit/runc:1b0741d07949c0acc444cd6a04ee7f833443579d
[STDERR  ] 2017-11-27T20:46:47.974321677Z: time="2017-11-27T20:46:47Z" level=warning msg="certificate with CN Justin Cormack is near expiry" 
[STDERR  ] 2017-11-27T20:46:47.976274545Z: time="2017-11-27T20:46:47Z" level=warning msg="certificate with CN Justin Cormack is near expiry" 
[STDERR  ] 2017-11-27T20:46:48.138988005Z: Process init image: linuxkit/containerd:bfb61cc1d26c39cd4b2bc08f7a9963fefa0ef3bf
[STDERR  ] 2017-11-27T20:46:49.156902654Z: time="2017-11-27T20:46:49Z" level=warning msg="certificate with CN Justin Cormack is near expiry" 
[STDERR  ] 2017-11-27T20:46:49.159757764Z: time="2017-11-27T20:46:49Z" level=warning msg="certificate with CN Justin Cormack is near expiry" 
[STDERR  ] 2017-11-27T20:46:49.410424202Z: Process init image: linuxkit/ca-certificates:af4880e78edc28743f7c5e262678c67c6add4c26
[STDERR  ] 2017-11-27T20:46:50.439360614Z: time="2017-11-27T20:46:50Z" level=warning msg="certificate with CN Justin Cormack is near expiry" 
[STDERR  ] 2017-11-27T20:46:50.441117913Z: time="2017-11-27T20:46:50Z" level=warning msg="certificate with CN Justin Cormack is near expiry" 
[STDERR  ] 2017-11-27T20:46:50.616253385Z: Add onboot containers:
[STDERR  ] 2017-11-27T20:46:50.616290985Z:   Create OCI config for linuxkit/dhcpcd:48831507404049660b960e4055f544917d90378e
[STDERR  ] 2017-11-27T20:46:51.670507489Z: time="2017-11-27T20:46:51Z" level=warning msg="certificate with CN Justin Cormack is near expiry" 
[STDERR  ] 2017-11-27T20:46:51.671700355Z: time="2017-11-27T20:46:51Z" level=warning msg="certificate with CN Justin Cormack is near expiry" 
[STDERR  ] 2017-11-27T20:46:51.824150907Z:   Create OCI config for linuxkit/sysctl:a9ad57ed738a31ea9380cd73236866c312b35489
[STDERR  ] 2017-11-27T20:46:52.858156855Z: time="2017-11-27T20:46:52Z" level=warning msg="certificate with CN Justin Cormack is near expiry" 
[STDERR  ] 2017-11-27T20:46:52.859591515Z: time="2017-11-27T20:46:52Z" level=warning msg="certificate with CN Justin Cormack is near expiry" 
[STDERR  ] 2017-11-27T20:46:53.007280385Z:   Create OCI config for linuxkit/format:6b46d0450082f397177da36be6b4d74d93eacd1e
[STDERR  ] 2017-11-27T20:46:54.033988918Z: time="2017-11-27T20:46:54Z" level=warning msg="certificate with CN Justin Cormack is near expiry" 
[STDERR  ] 2017-11-27T20:46:54.034212541Z: time="2017-11-27T20:46:54Z" level=warning msg="certificate with CN Rolf Neugebauer is near expiry" 
[STDERR  ] 2017-11-27T20:46:54.035440401Z: time="2017-11-27T20:46:54Z" level=warning msg="certificate with CN Justin Cormack is near expiry" 
[STDERR  ] 2017-11-27T20:46:54.03649978Z: time="2017-11-27T20:46:54Z" level=warning msg="certificate with CN Rolf Neugebauer is near expiry" 
[STDERR  ] 2017-11-27T20:46:54.542811547Z:   Create OCI config for linuxkit/mount:41685ecc8039643948e5dff46e17584753469a7a
[STDERR  ] 2017-11-27T20:46:55.579027812Z: time="2017-11-27T20:46:55Z" level=warning msg="certificate with CN Justin Cormack is near expiry" 
[STDERR  ] 2017-11-27T20:46:55.579257196Z: time="2017-11-27T20:46:55Z" level=warning msg="certificate with CN Rolf Neugebauer is near expiry" 
[STDERR  ] 2017-11-27T20:46:55.58049087Z: time="2017-11-27T20:46:55Z" level=warning msg="certificate with CN Justin Cormack is near expiry" 
[STDERR  ] 2017-11-27T20:46:55.581456969Z: time="2017-11-27T20:46:55Z" level=warning msg="certificate with CN Rolf Neugebauer is near expiry" 
[STDERR  ] 2017-11-27T20:46:55.74963433Z:   Create OCI config for linuxkit/test-containerd:a2384bb503c16b791986710a2636c4640bfdb31e
[STDERR  ] 2017-11-27T20:46:57.465441391Z: time="2017-11-27T20:46:57Z" level=warning msg="certificate with CN Justin Cormack is near expiry" 
[STDERR  ] 2017-11-27T20:46:57.465541763Z: time="2017-11-27T20:46:57Z" level=warning msg="certificate with CN Rolf Neugebauer is near expiry" 
[STDERR  ] 2017-11-27T20:46:57.639004508Z: time="2017-11-27T20:46:57Z" level=warning msg="certificate with CN Justin Cormack is near expiry" 
[STDERR  ] 2017-11-27T20:46:57.810746056Z: time="2017-11-27T20:46:57Z" level=warning msg="certificate with CN Rolf Neugebauer is near expiry" 
[STDERR  ] 2017-11-27T20:46:57.843665354Z: Pull image: docker.io/linuxkit/test-containerd:a2384bb503c16b791986710a2636c4640bfdb31e@sha256:2215bfb654e870f52ca8b229328f01148eee8c6ee442ce6e61bc9d4e7d364276
[STDERR  ] 2017-11-27T20:47:19.106084169Z:   Create OCI config for linuxkit/poweroff:280bd01daa8776fbe1f4d912977f1886b8374834
[STDERR  ] 2017-11-27T20:47:20.460125869Z: time="2017-11-27T20:47:20Z" level=warning msg="certificate with CN Justin Cormack is near expiry" 
[STDERR  ] 2017-11-27T20:47:20.46028927Z: time="2017-11-27T20:47:20Z" level=warning msg="certificate with CN Rolf Neugebauer is near expiry" 
[STDERR  ] 2017-11-27T20:47:20.463914445Z: time="2017-11-27T20:47:20Z" level=warning msg="certificate with CN Rolf Neugebauer is near expiry" 
[STDERR  ] 2017-11-27T20:47:21.799949341Z: Create outputs:
[STDERR  ] 2017-11-27T20:47:57.472489602Z:   containerd-kernel containerd-initrd.img containerd-cmdline
[STDERR  ] 2017-11-27T20:47:58.017745241Z: + linuxkit run -mem 2048 -disk size=2G containerd
[STDERR  ] 2017-11-27T20:47:58.700825912Z: Unable to find qemu-system-x86_64 within the $PATH. Using a container
[STDERR  ] 2017-11-27T21:00:47.995585073Z: + RESULT=[    0.000000] Linux version 4.9.65-linuxkit (root@c78110dc0cc9) (gcc version 6.3.0 (Alpine 6.3.0) ) #1 SMP Fri Nov 24 15:20:57 UTC 2017
[STDERR  ] 2017-11-27T21:00:48.023799876Z: [    0.000000] Command line: console=ttyS0 page_poison=1
[STDERR  ] 2017-11-27T21:00:48.023816055Z: [    0.000000] x86/fpu: Legacy x87 FPU detected.
[STDERR  ] 2017-11-27T21:00:48.023827861Z: [    0.000000] x86/fpu: Using 'eager' FPU context switches.
[STDERR  ] 2017-11-27T21:00:48.023838309Z: [    0.000000] e820: BIOS-provided physical RAM map:
[STDERR  ] 2017-11-27T21:00:48.023849869Z: [    0.000000] BIOS-e820: [mem 0x0000000000000000-0x000000000009fbff] usable
[STDERR  ] 2017-11-27T21:00:48.042142831Z: [    0.000000] BIOS-e820: [mem 0x000000000009fc00-0x000000000009ffff] reserved
[STDERR  ] 2017-11-27T21:00:48.042171465Z: [    0.000000] BIOS-e820: [mem 0x00000000000f0000-0x00000000000fffff] reserved
[STDERR  ] 2017-11-27T21:00:48.042178841Z: [    0.000000] BIOS-e820: [mem 0x0000000000100000-0x000000007ffdefff] usable
[STDERR  ] 2017-11-27T21:00:48.042185344Z: [    0.000000] BIOS-e820: [mem 0x000000007ffdf000-0x000000007fffffff] reserved
[STDERR  ] 2017-11-27T21:00:48.042191655Z: [    0.000000] BIOS-e820: [mem 0x00000000b0000000-0x00000000bfffffff] reserved
[STDERR  ] 2017-11-27T21:00:48.042197933Z: [    0.000000] BIOS-e820: [mem 0x00000000fed1c000-0x00000000fed1ffff] reserved
[STDERR  ] 2017-11-27T21:00:48.042204253Z: [    0.000000] BIOS-e820: [mem 0x00000000fffc0000-0x00000000ffffffff] reserved
[STDERR  ] 2017-11-27T21:00:48.042211385Z: [    0.000000] NX (Execute Disable) protection: active
[STDERR  ] 2017-11-27T21:00:48.042218453Z: [    0.000000] SMBIOS 2.8 present.
[STDERR  ] 2017-11-27T21:00:48.042224178Z: [    0.000000] e820: last_pfn = 0x7ffdf max_arch_pfn = 0x400000000
[STDERR  ] 2017-11-27T21:00:48.042236419Z: [    0.000000] x86/PAT: Configuration [0-7]: WB  WC  UC- UC  WB  WC  UC- WT  
[STDERR  ] 2017-11-27T21:00:48.042243487Z: [    0.000000] found SMP MP-table at [mem 0x000f6aa0-0x000f6aaf] mapped at [ffff9353000f6aa0]
[STDERR  ] 2017-11-27T21:00:48.042252224Z: [    0.000000] RAMDISK: [mem 0x72f68000-0x7ffcffff]
[STDERR  ] 2017-11-27T21:00:48.042258697Z: [    0.000000] ACPI: Early table checksum verification disabled
[STDERR  ] 2017-11-27T21:00:48.042264905Z: [    0.000000] ACPI: RSDP 0x00000000000F68C0 000014 (v00 BOCHS )
[STDERR  ] 2017-11-27T21:00:48.042270906Z: [    0.000000] ACPI: RSDT 0x000000007FFE2404 000034 (v01 BOCHS  BXPCRSDT 00000001 BXPC 00000001)
[STDERR  ] 2017-11-27T21:00:48.042277455Z: [    0.000000] ACPI: FACP 0x000000007FFE22A4 000074 (v01 BOCHS  BXPCFACP 00000001 BXPC 00000001)
[STDERR  ] 2017-11-27T21:00:48.042283305Z: [    0.000000] ACPI: DSDT 0x000000007FFE0040 002264 (v01 BOCHS  BXPCDSDT 00000001 BXPC 00000001)
[STDERR  ] 2017-11-27T21:00:48.042289285Z: [    0.000000] ACPI: FACS 0x000000007FFE0000 000040
[STDERR  ] 2017-11-27T21:00:48.042295082Z: [    0.000000] ACPI: APIC 0x000000007FFE2318 000078 (v01 BOCHS  BXPCAPIC 00000001 BXPC 00000001)
[STDERR  ] 2017-11-27T21:00:48.042300715Z: [    0.000000] ACPI: HPET 0x000000007FFE2390 000038 (v01 BOCHS  BXPCHPET 00000001 BXPC 00000001)
[STDERR  ] 2017-11-27T21:00:48.042306352Z: [    0.000000] ACPI: MCFG 0x000000007FFE23C8 00003C (v01 BOCHS  BXPCMCFG 00000001 BXPC 00000001)
[STDERR  ] 2017-11-27T21:00:48.042312084Z: [    0.000000] Zone ranges:
[STDERR  ] 2017-11-27T21:00:48.042317789Z: [    0.000000]   DMA      [mem 0x0000000000001000-0x0000000000ffffff]
[STDERR  ] 2017-11-27T21:00:48.042331267Z: [    0.000000]   DMA32    [mem 0x0000000001000000-0x000000007ffdefff]
[STDERR  ] 2017-11-27T21:00:48.04233695Z: [    0.000000]   Normal   empty
[STDERR  ] 2017-11-27T21:00:48.042343102Z: [    0.000000] Movable zone start for each node
[STDERR  ] 2017-11-27T21:00:48.042349834Z: [    0.000000] Early memory node ranges
[STDERR  ] 2017-11-27T21:00:48.042355999Z: [    0.000000]   node   0: [mem 0x0000000000001000-0x000000000009efff]
[STDERR  ] 2017-11-27T21:00:48.042361589Z: [    0.000000]   node   0: [mem 0x0000000000100000-0x000000007ffdefff]
[STDERR  ] 2017-11-27T21:00:48.04236762Z: [    0.000000] Initmem setup node 0 [mem 0x0000000000001000-0x000000007ffdefff]
[STDERR  ] 2017-11-27T21:00:48.042373659Z: [    0.000000] ACPI: PM-Timer IO Port: 0x608
[STDERR  ] 2017-11-27T21:00:48.042379659Z: [    0.000000] ACPI: LAPIC_NMI (acpi_id[0xff] dfl dfl lint[0x1])
[STDERR  ] 2017-11-27T21:00:48.042385761Z: [    0.000000] IOAPIC[0]: apic_id 0, version 32, address 0xfec00000, GSI 0-23
[STDERR  ] 2017-11-27T21:00:48.042393135Z: [    0.000000] ACPI: INT_SRC_OVR (bus 0 bus_irq 0 global_irq 2 dfl dfl)
[STDERR  ] 2017-11-27T21:00:48.042399096Z: [    0.000000] ACPI: INT_SRC_OVR (bus 0 bus_irq 5 global_irq 5 high level)
[STDERR  ] 2017-11-27T21:00:48.042410339Z: [    0.000000] ACPI: INT_SRC_OVR (bus 0 bus_irq 9 global_irq 9 high level)
[STDERR  ] 2017-11-27T21:00:48.0424189Z: [    0.000000] ACPI: INT_SRC_OVR (bus 0 bus_irq 10 global_irq 10 high level)
[STDERR  ] 2017-11-27T21:00:48.042425055Z: [    0.000000] ACPI: INT_SRC_OVR (bus 0 bus_irq 11 global_irq 11 high level)
[STDERR  ] 2017-11-27T21:00:48.042430925Z: [    0.000000] Using ACPI (MADT) for SMP configuration information
[STDERR  ] 2017-11-27T21:00:48.042437129Z: [    0.000000] ACPI: HPET id: 0x8086a201 base: 0xfed00000
[STDERR  ] 2017-11-27T21:00:48.042443264Z: [    0.000000] smpboot: Allowing 1 CPUs, 0 hotplug CPUs
[STDERR  ] 2017-11-27T21:00:48.042449276Z: [    0.000000] e820: [mem 0xc0000000-0xfed1bfff] available for PCI devices
[STDERR  ] 2017-11-27T21:00:48.042455132Z: [    0.000000] Booting paravirtualized kernel on bare hardware
[STDERR  ] 2017-11-27T21:00:48.042475872Z: [    0.000000] clocksource: refined-jiffies: mask: 0xffffffff max_cycles: 0xffffffff, max_idle_ns: 19112604462750000 ns
[STDERR  ] 2017-11-27T21:00:48.042496793Z: [    0.000000] setup_percpu: NR_CPUS:128 nr_cpumask_bits:128 nr_cpu_ids:1 nr_node_ids:1
[STDERR  ] 2017-11-27T21:00:48.042507729Z: [    0.000000] percpu: Embedded 35 pages/cpu @ffff935372c00000 s105112 r8192 d30056 u2097152
[STDERR  ] 2017-11-27T21:00:48.042513529Z: [    0.000000] Built 1 zonelists in Zone order, mobility grouping on.  Total pages: 515944
[STDERR  ] 2017-11-27T21:00:48.042519496Z: [    0.000000] Kernel command line: console=ttyS0 page_poison=1
[STDERR  ] 2017-11-27T21:00:48.04252544Z: [    0.000000] PID hash table entries: 4096 (order: 3, 32768 bytes)
[STDERR  ] 2017-11-27T21:00:48.042531713Z: [    0.000000] Dentry cache hash table entries: 262144 (order: 9, 2097152 bytes)
[STDERR  ] 2017-11-27T21:00:48.042537555Z: [    0.000000] Inode-cache hash table entries: 131072 (order: 8, 1048576 bytes)
[STDERR  ] 2017-11-27T21:00:48.042543873Z: [    0.000000] Memory: 1831420K/2096628K available (8048K kernel code, 1367K rwdata, 2700K rodata, 1380K init, 568K bss, 265208K reserved, 0K cma-reserved)
[STDERR  ] 2017-11-27T21:00:48.042561685Z: [    0.000000] Hierarchical RCU implementation.
[STDERR  ] 2017-11-27T21:00:48.042567561Z: [    0.000000] 	Build-time adjustment of leaf fanout to 64.
[STDERR  ] 2017-11-27T21:00:48.042573416Z: [    0.000000] 	RCU restricting CPUs from NR_CPUS=128 to nr_cpu_ids=1.
[STDERR  ] 2017-11-27T21:00:48.042579523Z: [    0.000000] RCU: Adjusting geometry for rcu_fanout_leaf=64, nr_cpu_ids=1
[STDERR  ] 2017-11-27T21:00:48.042585584Z: [    0.000000] NR_IRQS:8448 nr_irqs:256 16
[STDERR  ] 2017-11-27T21:00:48.04259298Z: [    0.000000] Console: colour VGA+ 80x25
[STDERR  ] 2017-11-27T21:00:48.0425997Z: [    0.000000] console [ttyS0] enabled
[STDERR  ] 2017-11-27T21:00:48.042605973Z: [    0.000000] allocated 4194304 bytes of page_ext
[STDERR  ] 2017-11-27T21:00:48.042611699Z: [    0.000000] clocksource: hpet: mask: 0xffffffff max_cycles: 0xffffffff, max_idle_ns: 19112604467 ns
[STDERR  ] 2017-11-27T21:00:48.042618133Z: [    0.000000] tsc: Fast TSC calibration using PIT
[STDERR  ] 2017-11-27T21:00:48.042623725Z: [    0.000000] tsc: Detected 2599.934 MHz processor
[STDERR  ] 2017-11-27T21:00:48.042629349Z: [    0.021538] Calibrating delay loop (skipped), value calculated using timer frequency.. 5199.86 BogoMIPS (lpj=25999340)
[STDERR  ] 2017-11-27T21:00:48.042635531Z: [    0.022612] pid_max: default: 32768 minimum: 301
[STDERR  ] 2017-11-27T21:00:48.04264249Z: [    0.023550] ACPI: Core revision 20160831
[STDERR  ] 2017-11-27T21:00:48.042648388Z: [    0.073673] ACPI: 1 ACPI AML tables successfully acquired and loaded
[STDERR  ] 2017-11-27T21:00:48.042653853Z: [    0.077328] Security Framework initialized
[STDERR  ] 2017-11-27T21:00:48.042659912Z: [    0.077787] Yama: becoming mindful.
[STDERR  ] 2017-11-27T21:00:48.042665494Z: [    0.080274] Mount-cache hash table entries: 4096 (order: 3, 32768 bytes)
[STDERR  ] 2017-11-27T21:00:48.042671019Z: [    0.080926] Mountpoint-cache hash table entries: 4096 (order: 3, 32768 bytes)
[STDERR  ] 2017-11-27T21:00:48.04268138Z: [    0.101547] Last level iTLB entries: 4KB 0, 2MB 0, 4MB 0
[STDERR  ] 2017-11-27T21:00:48.042696925Z: [    0.101977] Last level dTLB entries: 4KB 0, 2MB 0, 4MB 0, 1GB 0
[STDERR  ] 2017-11-27T21:00:48.042703317Z: [    0.412528] Freeing SMP alternatives memory: 20K
[STDERR  ] 2017-11-27T21:00:48.042709066Z: [    0.421740] ftrace: allocating 35540 entries in 139 pages
[STDERR  ] 2017-11-27T21:00:48.042714677Z: [    0.587418] smpboot: Max logical packages: 1
[STDERR  ] 2017-11-27T21:00:48.042720244Z: [    0.594081] ..TIMER: vector=0x30 apic1=0 pin1=2 apic2=-1 pin2=-1
[STDERR  ] 2017-11-27T21:00:48.042725948Z: [    0.700000] smpboot: CPU0: AMD QEMU Virtual CPU version 2.5+ (family: 0x6, model: 0x6, stepping: 0x3)
[STDERR  ] 2017-11-27T21:00:48.042731811Z: [    0.700000] Performance Events: PMU not available due to virtualization, using software events only.
[STDERR  ] 2017-11-27T21:00:48.04273775Z: [    0.708153] NMI watchdog: disabled (cpu0): hardware events not enabled
[STDERR  ] 2017-11-27T21:00:48.042743429Z: [    0.708607] NMI watchdog: Shutting down hard lockup detector on all cpus
[STDERR  ] 2017-11-27T21:00:48.042750458Z: [    0.710973] x86: Booted up 1 node, 1 CPUs
[STDERR  ] 2017-11-27T21:00:48.042756664Z: [    0.711280] smpboot: Total of 1 processors activated (5199.86 BogoMIPS)
[STDERR  ] 2017-11-27T21:00:48.04276262Z: [    0.727795] devtmpfs: initialized
[STDERR  ] 2017-11-27T21:00:48.042768705Z: [    0.733697] x86/mm: Memory block size: 128MB
[STDERR  ] 2017-11-27T21:00:48.042774472Z: [    0.811259] clocksource: jiffies: mask: 0xffffffff max_cycles: 0xffffffff, max_idle_ns: 19112604462750000 ns
[STDERR  ] 2017-11-27T21:00:48.042781546Z: [    0.812206] futex hash table entries: 256 (order: 2, 16384 bytes)
[STDERR  ] 2017-11-27T21:00:48.04278723Z: [    0.823360] NET: Registered protocol family 16
[STDERR  ] 2017-11-27T21:00:48.042793996Z: [    0.833982] cpuidle: using governor ladder
[STDERR  ] 2017-11-27T21:00:48.0428012Z: [    0.834457] cpuidle: using governor menu
[STDERR  ] 2017-11-27T21:00:48.042807294Z: [    0.835939] ACPI: bus type PCI registered
[STDERR  ] 2017-11-27T21:00:48.042814307Z: [    0.839059] PCI: MMCONFIG for domain 0000 [bus 00-ff] at [mem 0xb0000000-0xbfffffff] (base 0xb0000000)
[STDERR  ] 2017-11-27T21:00:48.042820107Z: [    0.840102] PCI: MMCONFIG at [mem 0xb0000000-0xbfffffff] reserved in E820
[STDERR  ] 2017-11-27T21:00:48.042825983Z: [    0.841574] PCI: Using configuration type 1 for base access
[STDERR  ] 2017-11-27T21:00:48.042831786Z: [    0.900352] HugeTLB registered 2 MB page size, pre-allocated 0 pages
[STDERR  ] 2017-11-27T21:00:48.042837547Z: [    0.914919] ACPI: Added _OSI(Module Device)
[STDERR  ] 2017-11-27T21:00:48.042844652Z: [    0.915375] ACPI: Added _OSI(Processor Device)
[STDERR  ] 2017-11-27T21:00:48.042850979Z: [    0.915613] ACPI: Added _OSI(3.0 _SCP Extensions)
[STDERR  ] 2017-11-27T21:00:48.042856693Z: [    0.915928] ACPI: Added _OSI(Processor Aggregator Device)
[STDERR  ] 2017-11-27T21:00:48.042863059Z: [    0.992630] ACPI: Interpreter enabled
[STDERR  ] 2017-11-27T21:00:48.042868688Z: [    0.993612] ACPI: (supports S0 S5)
[STDERR  ] 2017-11-27T21:00:48.042874469Z: [    0.993974] ACPI: Using IOAPIC for interrupt routing
[STDERR  ] 2017-11-27T21:00:48.042885142Z: [    0.996562] PCI: Using host bridge windows from ACPI; if necessary, use "pci=nocrs" and report a bug
[STDERR  ] 2017-11-27T21:00:48.042891273Z: [    1.064104] ACPI: PCI Root Bridge [PCI0] (domain 0000 [bus 00-ff])
[STDERR  ] 2017-11-27T21:00:48.042896969Z: [    1.065270] acpi PNP0A08:00: _OSC: OS supports [ExtendedConfig ASPM ClockPM Segments MSI]
[STDERR  ] 2017-11-27T21:00:48.042902989Z: [    1.073018] acpi PNP0A08:00: _OSC: OS now controls [PCIeHotplug PME PCIeCapability]
[STDERR  ] 2017-11-27T21:00:48.042908783Z: [    1.077430] PCI host bridge to bus 0000:00
[STDERR  ] 2017-11-27T21:00:48.042915859Z: [    1.077971] pci_bus 0000:00: root bus resource [io  0x0000-0x0cf7 window]
[STDERR  ] 2017-11-27T21:00:48.042921605Z: [    1.078496] pci_bus 0000:00: root bus resource [io  0x0d00-0xffff window]
[STDERR  ] 2017-11-27T21:00:48.042931039Z: [    1.078896] pci_bus 0000:00: root bus resource [mem 0x000a0000-0x000bffff window]
[STDERR  ] 2017-11-27T21:00:48.042940511Z: [    1.079339] pci_bus 0000:00: root bus resource [mem 0xc0000000-0xfebfffff window]
[STDERR  ] 2017-11-27T21:00:48.04294696Z: [    1.080122] pci_bus 0000:00: root bus resource [bus 00-ff]
[STDERR  ] 2017-11-27T21:00:48.042953253Z: [    1.222730] pci 0000:00:1f.0: quirk: [io  0x0600-0x067f] claimed by ICH6 ACPI/GPIO/TCO
[STDERR  ] 2017-11-27T21:00:48.04295911Z: [    1.304368] ACPI: PCI Interrupt Link [LNKA] (IRQs 5 *10 11)
[STDERR  ] 2017-11-27T21:00:48.042965093Z: [    1.307486] ACPI: PCI Interrupt Link [LNKB] (IRQs 5 *10 11)
[STDERR  ] 2017-11-27T21:00:48.042971247Z: [    1.310857] ACPI: PCI Interrupt Link [LNKC] (IRQs 5 10 *11)
[STDERR  ] 2017-11-27T21:00:48.042977228Z: [    1.312951] ACPI: PCI Interrupt Link [LNKD] (IRQs 5 10 *11)
[STDERR  ] 2017-11-27T21:00:48.042984756Z: [    1.314972] ACPI: PCI Interrupt Link [LNKE] (IRQs 5 *10 11)
[STDERR  ] 2017-11-27T21:00:48.042990586Z: [    1.316997] ACPI: PCI Interrupt Link [LNKF] (IRQs 5 *10 11)
[STDERR  ] 2017-11-27T21:00:48.042996328Z: [    1.319053] ACPI: PCI Interrupt Link [LNKG] (IRQs 5 10 *11)
[STDERR  ] 2017-11-27T21:00:48.043002082Z: [    1.321327] ACPI: PCI Interrupt Link [LNKH] (IRQs 5 10 *11)
[STDERR  ] 2017-11-27T21:00:48.043008072Z: [    1.322317] ACPI: PCI Interrupt Link [GSIA] (IRQs *16)
[STDERR  ] 2017-11-27T21:00:48.043013645Z: [    1.323053] ACPI: PCI Interrupt Link [GSIB] (IRQs *17)
[STDERR  ] 2017-11-27T21:00:48.04302398Z: [    1.323746] ACPI: PCI Interrupt Link [GSIC] (IRQs *18)
[STDERR  ] 2017-11-27T21:00:48.043029597Z: [    1.324433] ACPI: PCI Interrupt Link [GSID] (IRQs *19)
[STDERR  ] 2017-11-27T21:00:48.043035832Z: [    1.325148] ACPI: PCI Interrupt Link [GSIE] (IRQs *20)
[STDERR  ] 2017-11-27T21:00:48.043041675Z: [    1.325834] ACPI: PCI Interrupt Link [GSIF] (IRQs *21)
[STDERR  ] 2017-11-27T21:00:48.04304765Z: [    1.326520] ACPI: PCI Interrupt Link [GSIG] (IRQs *22)
[STDERR  ] 2017-11-27T21:00:48.043053731Z: [    1.327245] ACPI: PCI Interrupt Link [GSIH] (IRQs *23)
[STDERR  ] 2017-11-27T21:00:48.043059464Z: [    1.331655] ACPI: Enabled 2 GPEs in block 00 to 3F
[STDERR  ] 2017-11-27T21:00:48.043064938Z: [    1.336088] SCSI subsystem initialized
[STDERR  ] 2017-11-27T21:00:48.043070551Z: [    1.338677] ACPI: bus type USB registered
[STDERR  ] 2017-11-27T21:00:48.043076165Z: [    1.340153] usbcore: registered new interface driver usbfs
[STDERR  ] 2017-11-27T21:00:48.043081624Z: [    1.341084] usbcore: registered new interface driver hub
[STDERR  ] 2017-11-27T21:00:48.043087235Z: [    1.342034] usbcore: registered new device driver usb
[STDERR  ] 2017-11-27T21:00:48.043092866Z: [    1.343312] pps_core: LinuxPPS API ver. 1 registered
[STDERR  ] 2017-11-27T21:00:48.043099018Z: [    1.343601] pps_core: Software ver. 5.3.6 - Copyright 2005-2007 Rodolfo Giometti <giometti@linux.it>
[STDERR  ] 2017-11-27T21:00:48.043104969Z: [    1.344359] PTP clock support registered
[STDERR  ] 2017-11-27T21:00:48.043110486Z: [    1.346371] wmi: Mapper loaded
[STDERR  ] 2017-11-27T21:00:48.043116171Z: [    1.347652] PCI: Using ACPI for IRQ routing
[STDERR  ] 2017-11-27T21:00:48.04312162Z: [    1.367556] NetLabel: Initializing
[STDERR  ] 2017-11-27T21:00:48.043127094Z: [    1.367753] NetLabel:  domain hash size = 128
[STDERR  ] 2017-11-27T21:00:48.043132628Z: [    1.368249] NetLabel:  protocols = UNLABELED CIPSOv4
[STDERR  ] 2017-11-27T21:00:48.043138251Z: [    1.371224] NetLabel:  unlabeled traffic allowed by default
[STDERR  ] 2017-11-27T21:00:48.043143945Z: [    1.372516] HPET: 3 timers in total, 0 timers will be used for per-cpu timer
[STDERR  ] 2017-11-27T21:00:48.043149546Z: [    1.373320] hpet0: at MMIO 0xfed00000, IRQs 2, 8, 0
[STDERR  ] 2017-11-27T21:00:48.043201118Z: [    1.373801] hpet0: 3 comparators, 64-bit 100.000000 MHz counter
[STDERR  ] 2017-11-27T21:00:48.04320798Z: [    1.379612] clocksource: Switched to clocksource hpet
[STDERR  ] 2017-11-27T21:00:48.04321359Z: [    1.622951] VFS: Disk quotas dquot_6.6.0
[STDERR  ] 2017-11-27T21:00:48.043223734Z: [    1.623701] VFS: Dquot-cache hash table entries: 512 (order 0, 4096 bytes)
[STDERR  ] 2017-11-27T21:00:48.043233039Z: [    1.627889] FS-Cache: Loaded
[STDERR  ] 2017-11-27T21:00:48.043239139Z: [    1.633587] CacheFiles: Loaded
[STDERR  ] 2017-11-27T21:00:48.043246586Z: [    1.636012] pnp: PnP ACPI init
[STDERR  ] 2017-11-27T21:00:48.043252204Z: [    1.648272] pnp: PnP ACPI: found 5 devices
[STDERR  ] 2017-11-27T21:00:48.043257943Z: [    1.695374] clocksource: acpi_pm: mask: 0xffffff max_cycles: 0xffffff, max_idle_ns: 2085701024 ns
[STDERR  ] 2017-11-27T21:00:48.043263765Z: [    1.699779] NET: Registered protocol family 2
[STDERR  ] 2017-11-27T21:00:48.04326938Z: [    1.707679] TCP established hash table entries: 16384 (order: 5, 131072 bytes)
[STDERR  ] 2017-11-27T21:00:48.04327982Z: [    1.708789] TCP bind hash table entries: 16384 (order: 6, 262144 bytes)
[STDERR  ] 2017-11-27T21:00:48.043285655Z: [    1.710479] TCP: Hash tables configured (established 16384 bind 16384)
[STDERR  ] 2017-11-27T21:00:48.043291466Z: [    1.712059] UDP hash table entries: 1024 (order: 3, 32768 bytes)
[STDERR  ] 2017-11-27T21:00:48.043298044Z: [    1.712682] UDP-Lite hash table entries: 1024 (order: 3, 32768 bytes)
[STDERR  ] 2017-11-27T21:00:48.043303822Z: [    1.715163] NET: Registered protocol family 1
[STDERR  ] 2017-11-27T21:00:48.043309694Z: [    1.716213] pci 0000:00:01.0: Video device with shadowed ROM at [mem 0x000c0000-0x000dffff]
[STDERR  ] 2017-11-27T21:00:48.043315589Z: [    1.723815] Unpacking initramfs...
[STDERR  ] 2017-11-27T21:00:48.043321628Z: [   26.429713] Freeing initrd memory: 213408K
[STDERR  ] 2017-11-27T21:00:48.043327183Z: [   26.453518] PCLMULQDQ-NI instructions are not detected.
[STDERR  ] 2017-11-27T21:00:48.043338733Z: [   26.454867] AVX or AES-NI instructions are not detected.
[STDERR  ] 2017-11-27T21:00:48.04334521Z: [   26.455353] CPU feature 'AVX registers' is not supported.
[STDERR  ] 2017-11-27T21:00:48.043351217Z: [   26.455780] CPU feature 'AVX registers' is not supported.
[STDERR  ] 2017-11-27T21:00:48.043357106Z: [   26.456162] CPU feature 'AVX registers' is not supported.
[STDERR  ] 2017-11-27T21:00:48.043363542Z: [   26.456557] CPU feature 'AVX registers' is not supported.
[STDERR  ] 2017-11-27T21:00:48.043369269Z: [   26.456926] AVX2 or AES-NI instructions are not detected.
[STDERR  ] 2017-11-27T21:00:48.043375387Z: [   26.457390] AVX2 instructions are not detected.
[STDERR  ] 2017-11-27T21:00:48.043381199Z: [   26.463747] audit: initializing netlink subsys (disabled)
[STDERR  ] 2017-11-27T21:00:48.04338769Z: [   26.465496] audit: type=2000 audit(1511815714.460:1): initialized
[STDERR  ] 2017-11-27T21:00:48.043394613Z: [   26.476882] workingset: timestamp_bits=46 max_order=19 bucket_order=0
[STDERR  ] 2017-11-27T21:00:48.04340147Z: [   26.481955] squashfs: version 4.0 (2009/01/31) Phillip Lougher
[STDERR  ] 2017-11-27T21:00:48.043407496Z: [   26.484389] FS-Cache: Netfs 'cifs' registered for caching
[STDERR  ] 2017-11-27T21:00:48.043413158Z: [   26.485467] fuse init (API version 7.26)
[STDERR  ] 2017-11-27T21:00:48.043418945Z: [   26.487759] SGI XFS with ACLs, security attributes, no debug enabled
[STDERR  ] 2017-11-27T21:00:48.043425016Z: [   26.493507] 9p: Installing v9fs 9p2000 file system support
[STDERR  ] 2017-11-27T21:00:48.043430544Z: [   26.494138] FS-Cache: Netfs '9p' registered for caching
[STDERR  ] 2017-11-27T21:00:48.043436133Z: [   26.525537] NET: Registered protocol family 38
[STDERR  ] 2017-11-27T21:00:48.043442014Z: [   26.526236] Key type asymmetric registered
[STDERR  ] 2017-11-27T21:00:48.04344779Z: [   26.526598] Asymmetric key parser 'x509' registered
[STDERR  ] 2017-11-27T21:00:48.043453369Z: [   26.527578] Block layer SCSI generic (bsg) driver version 0.4 loaded (major 251)
[STDERR  ] 2017-11-27T21:00:48.043459066Z: [   26.529131] io scheduler noop registered
[STDERR  ] 2017-11-27T21:00:48.04346453Z: [   26.529487] io scheduler deadline registered (default)
[STDERR  ] 2017-11-27T21:00:48.04347018Z: [   26.532090] io scheduler cfq registered
[STDERR  ] 2017-11-27T21:00:48.043479889Z: [   26.534850] pci_hotplug: PCI Hot Plug PCI Core version: 0.5
[STDERR  ] 2017-11-27T21:00:48.043489087Z: [   26.535430] pciehp: PCI Express Hot Plug Controller Driver version: 0.4
[STDERR  ] 2017-11-27T21:00:48.043494971Z: [   26.536278] shpchp: Standard Hot Plug PCI Controller Driver version: 0.4
[STDERR  ] 2017-11-27T21:00:48.04350083Z: [   26.537143] hv_vmbus: registering driver hyperv_fb
[STDERR  ] 2017-11-27T21:00:48.043506527Z: [   26.541288] input: Power Button as /devices/LNXSYSTM:00/LNXPWRBN:00/input/input0
[STDERR  ] 2017-11-27T21:00:48.043512062Z: [   26.542471] ACPI: Power Button [PWRF]
[STDERR  ] 2017-11-27T21:00:48.043523506Z: [   26.547329] GHES: HEST is not enabled!
[STDERR  ] 2017-11-27T21:00:48.043529112Z: [   26.560693] ACPI: PCI Interrupt Link [GSIG] enabled at IRQ 22
[STDERR  ] 2017-11-27T21:00:48.043534845Z: [   26.575960] ACPI: PCI Interrupt Link [GSIH] enabled at IRQ 23
[STDERR  ] 2017-11-27T21:00:48.043599754Z: [   26.582513] xenfs: not registering filesystem on non-xen platform
[STDERR  ] 2017-11-27T21:00:48.043608546Z: [   26.584714] Serial: 8250/16550 driver, 4 ports, IRQ sharing disabled
[STDERR  ] 2017-11-27T21:00:48.043616923Z: [   26.608817] 00:04: ttyS0 at I/O 0x3f8 (irq = 4, base_baud = 115200) is a 16550A
[STDERR  ] 2017-11-27T21:00:48.043625781Z: [   26.621167] Non-volatile memory driver v1.3
[STDERR  ] 2017-11-27T21:00:48.043631809Z: [   26.629304] Hangcheck: starting hangcheck timer 0.9.1 (tick is 180 seconds, margin is 60 seconds).
[STDERR  ] 2017-11-27T21:00:48.043638508Z: [   26.634872] random: fast init done
[STDERR  ] 2017-11-27T21:00:48.043644405Z: [   26.636141] random: crng init done
[STDERR  ] 2017-11-27T21:00:48.043650043Z: [   26.671809] loop: module loaded
[STDERR  ] 2017-11-27T21:00:48.043656189Z: [   26.688047] nbd: registered device at major 43
[STDERR  ] 2017-11-27T21:00:48.043661782Z: [   26.732596] lpc_ich 0000:00:1f.0: I/O space for GPIO uninitialized
[STDERR  ] 2017-11-27T21:00:48.043667919Z: [   26.734761] VMware PVSCSI driver - version 1.0.7.0-k
[STDERR  ] 2017-11-27T21:00:48.043674589Z: [   26.735676] hv_vmbus: registering driver hv_storvsc
[STDERR  ] 2017-11-27T21:00:48.043680983Z: [   26.746548] ACPI: PCI Interrupt Link [GSIA] enabled at IRQ 16
[STDERR  ] 2017-11-27T21:00:48.043686708Z: [   26.754852] ahci 0000:00:1f.2: AHCI 0001.0000 32 slots 6 ports 1.5 Gbps 0x3f impl SATA mode
[STDERR  ] 2017-11-27T21:00:48.043692872Z: [   26.755690] ahci 0000:00:1f.2: flags: 64bit ncq only 
[STDERR  ] 2017-11-27T21:00:48.043698415Z: [   26.778819] scsi host0: ahci
[STDERR  ] 2017-11-27T21:00:48.043704272Z: [   26.784253] scsi host1: ahci
[STDERR  ] 2017-11-27T21:00:48.043710066Z: [   26.787162] scsi host2: ahci
[STDERR  ] 2017-11-27T21:00:48.043716349Z: [   26.789508] scsi host3: ahci
[STDERR  ] 2017-11-27T21:00:48.043722068Z: [   26.792118] scsi host4: ahci
[STDERR  ] 2017-11-27T21:00:48.043727848Z: [   26.794475] scsi host5: ahci
[STDERR  ] 2017-11-27T21:00:48.043733561Z: [   26.796337] ata1: SATA max UDMA/133 abar m4096@0xfebd2000 port 0xfebd2100 irq 24
[STDERR  ] 2017-11-27T21:00:48.043739455Z: [   26.796889] ata2: SATA max UDMA/133 abar m4096@0xfebd2000 port 0xfebd2180 irq 24
[STDERR  ] 2017-11-27T21:00:48.043745118Z: [   26.797316] ata3: SATA max UDMA/133 abar m4096@0xfebd2000 port 0xfebd2200 irq 24
[STDERR  ] 2017-11-27T21:00:48.043750617Z: [   26.797749] ata4: SATA max UDMA/133 abar m4096@0xfebd2000 port 0xfebd2280 irq 24
[STDERR  ] 2017-11-27T21:00:48.043756259Z: [   26.798129] ata5: SATA max UDMA/133 abar m4096@0xfebd2000 port 0xfebd2300 irq 24
[STDERR  ] 2017-11-27T21:00:48.043767095Z: [   26.798537] ata6: SATA max UDMA/133 abar m4096@0xfebd2000 port 0xfebd2380 irq 24
[STDERR  ] 2017-11-27T21:00:48.043772989Z: [   26.812486] tun: Universal TUN/TAP device driver, 1.6
[STDERR  ] 2017-11-27T21:00:48.043778603Z: [   26.812927] tun: (C) 1999-2004 Max Krasnyansky <maxk@qualcomm.com>
[STDERR  ] 2017-11-27T21:00:48.043785967Z: [   26.824184] VMware vmxnet3 virtual NIC driver - version 1.4.a.0-k-NAPI
[STDERR  ] 2017-11-27T21:00:48.043795746Z: [   26.825508] hv_vmbus: registering driver hv_netvsc
[STDERR  ] 2017-11-27T21:00:48.043805326Z: [   26.825873] Fusion MPT base driver 3.04.20
[STDERR  ] 2017-11-27T21:00:48.043811176Z: [   26.826144] Copyright (c) 1999-2008 LSI Corporation
[STDERR  ] 2017-11-27T21:00:48.043834973Z: [   26.826791] Fusion MPT SPI Host driver 3.04.20
[STDERR  ] 2017-11-27T21:00:48.043848711Z: [   26.829356] i8042: PNP: PS/2 Controller [PNP0303:KBD,PNP0f13:MOU] at 0x60,0x64 irq 1,12
[STDERR  ] 2017-11-27T21:00:48.043857473Z: [   26.834236] serio: i8042 KBD port at 0x60,0x64 irq 1
[STDERR  ] 2017-11-27T21:00:48.043865106Z: [   26.835075] serio: i8042 AUX port at 0x60,0x64 irq 12
[STDERR  ] 2017-11-27T21:00:48.043874047Z: [   26.838266] hv_vmbus: registering driver hyperv_keyboard
[STDERR  ] 2017-11-27T21:00:48.043888913Z: [   26.840964] mousedev: PS/2 mouse device common for all mice
[STDERR  ] 2017-11-27T21:00:48.043899553Z: [   26.845742] input: AT Translated Set 2 keyboard as /devices/platform/i8042/serio0/input/input1
[STDERR  ] 2017-11-27T21:00:48.043908756Z: [   26.848535] input: PC Speaker as /devices/platform/pcspkr/input/input2
[STDERR  ] 2017-11-27T21:00:48.043917585Z: [   26.852925] rtc_cmos 00:00: RTC can wake from S4
[STDERR  ] 2017-11-27T21:00:48.043926057Z: [   26.856355] rtc_cmos 00:00: rtc core: registered rtc_cmos as rtc0
[STDERR  ] 2017-11-27T21:00:48.04393514Z: [   26.857864] rtc_cmos 00:00: alarms up to one day, y3k, 114 bytes nvram, hpet irqs
[STDERR  ] 2017-11-27T21:00:48.043943654Z: [   26.858617] i2c /dev entries driver
[STDERR  ] 2017-11-27T21:00:48.043951184Z: [   26.860926] device-mapper: ioctl: 4.35.0-ioctl (2016-06-23) initialised: dm-devel@redhat.com
[STDERR  ] 2017-11-27T21:00:48.043959703Z: [   26.865643] usbcore: registered new interface driver usbhid
[STDERR  ] 2017-11-27T21:00:48.04396998Z: [   26.866055] usbhid: USB HID core driver
[STDERR  ] 2017-11-27T21:00:48.043976134Z: [   26.866677] hv_utils: Registering HyperV Utility Driver
[STDERR  ] 2017-11-27T21:00:48.043982755Z: [   26.867017] hv_vmbus: registering driver hv_util
[STDERR  ] 2017-11-27T21:00:48.043989927Z: [   26.867333] hv_vmbus: registering driver hv_balloon
[STDERR  ] 2017-11-27T21:00:48.043995889Z: [   26.867949] oprofile: using NMI interrupt.
[STDERR  ] 2017-11-27T21:00:48.044001541Z: [   26.869097] GACT probability on
[STDERR  ] 2017-11-27T21:00:48.044007354Z: [   26.869679] Mirror/redirect action on
[STDERR  ] 2017-11-27T21:00:48.044013269Z: [   26.870866] Simple TC action Loaded
[STDERR  ] 2017-11-27T21:00:48.04402549Z: [   26.871485] u32 classifier
[STDERR  ] 2017-11-27T21:00:48.044031577Z: [   26.871668]     Performance counters on
[STDERR  ] 2017-11-27T21:00:48.044037347Z: [   26.871916]     input device check on
[STDERR  ] 2017-11-27T21:00:48.044043391Z: [   26.872138]     Actions configured
[STDERR  ] 2017-11-27T21:00:48.044049016Z: [   26.872761] Netfilter messages via NETLINK v0.30.
[STDERR  ] 2017-11-27T21:00:48.044060791Z: [   26.873594] nfnl_acct: registering with nfnetlink.
[STDERR  ] 2017-11-27T21:00:48.044067961Z: [   26.875082] nf_conntrack version 0.5.0 (16384 buckets, 65536 max)
[STDERR  ] 2017-11-27T21:00:48.044073736Z: [   26.878084] ctnetlink v0.93: registering with nfnetlink.
[STDERR  ] 2017-11-27T21:00:48.044079305Z: [   26.881789] nf_tables: (c) 2007-2009 Patrick McHardy <kaber@trash.net>
[STDERR  ] 2017-11-27T21:00:48.0440855Z: [   26.882681] nf_tables_compat: (c) 2012 Pablo Neira Ayuso <pablo@netfilter.org>
[STDERR  ] 2017-11-27T21:00:48.044091675Z: [   26.885030] xt_time: kernel timezone is -0000
[STDERR  ] 2017-11-27T21:00:48.044097318Z: [   26.886051] ip_set: protocol 6
[STDERR  ] 2017-11-27T21:00:48.044103921Z: [   26.886716] IPVS: Registered protocols (TCP, UDP, SCTP, AH, ESP)
[STDERR  ] 2017-11-27T21:00:48.044109701Z: [   26.887449] IPVS: Connection hash table configured (size=4096, memory=64Kbytes)
[STDERR  ] 2017-11-27T21:00:48.044115656Z: [   26.889295] IPVS: Creating netns size=2104 id=0
[STDERR  ] 2017-11-27T21:00:48.044121979Z: [   26.892600] IPVS: ipvs loaded.
[STDERR  ] 2017-11-27T21:00:48.044132793Z: [   26.892941] IPVS: [rr] scheduler registered.
[STDERR  ] 2017-11-27T21:00:48.044141906Z: [   26.893229] IPVS: [wrr] scheduler registered.
[STDERR  ] 2017-11-27T21:00:48.04414806Z: [   26.893510] IPVS: [lc] scheduler registered.
[STDERR  ] 2017-11-27T21:00:48.044153911Z: [   26.893785] IPVS: [wlc] scheduler registered.
[STDERR  ] 2017-11-27T21:00:48.044159659Z: [   26.894013] IPVS: [fo] scheduler registered.
[STDERR  ] 2017-11-27T21:00:48.044165215Z: [   26.894275] IPVS: [ovf] scheduler registered.
[STDERR  ] 2017-11-27T21:00:48.044170633Z: [   26.894732] IPVS: [lblc] scheduler registered.
[STDERR  ] 2017-11-27T21:00:48.044176314Z: [   26.895151] IPVS: [lblcr] scheduler registered.
[STDERR  ] 2017-11-27T21:00:48.044181927Z: [   26.895464] IPVS: [dh] scheduler registered.
[STDERR  ] 2017-11-27T21:00:48.044187611Z: [   26.895751] IPVS: [sh] scheduler registered.
[STDERR  ] 2017-11-27T21:00:48.044193148Z: [   26.896019] IPVS: [sed] scheduler registered.
[STDERR  ] 2017-11-27T21:00:48.044198992Z: [   26.896283] IPVS: [nq] scheduler registered.
[STDERR  ] 2017-11-27T21:00:48.044204452Z: [   26.897040] IPVS: ftp: loaded support on port[0] = 21
[STDERR  ] 2017-11-27T21:00:48.044211066Z: [   26.898112] ipip: IPv4 and MPLS over IPv4 tunneling driver
[STDERR  ] 2017-11-27T21:00:48.044217004Z: [   26.902950] gre: GRE over IPv4 demultiplexor driver
[STDERR  ] 2017-11-27T21:00:48.044225421Z: [   26.905850] ip_tables: (C) 2000-2006 Netfilter Core Team
[STDERR  ] 2017-11-27T21:00:48.044231142Z: [   26.909296] ipt_CLUSTERIP: ClusterIP Version 0.8 loaded successfully
[STDERR  ] 2017-11-27T21:00:48.044237039Z: [   26.910670] arp_tables: arp_tables: (C) 2002 David S. Miller
[STDERR  ] 2017-11-27T21:00:48.044242563Z: [   26.913142] NET: Registered protocol family 10
[STDERR  ] 2017-11-27T21:00:48.044253038Z: [   26.923374] ip6_tables: (C) 2000-2006 Netfilter Core Team
[STDERR  ] 2017-11-27T21:00:48.044258708Z: [   26.932247] NET: Registered protocol family 17
[STDERR  ] 2017-11-27T21:00:48.044264385Z: [   26.933443] Bridge firewalling registered
[STDERR  ] 2017-11-27T21:00:48.04427009Z: [   26.934018] Ebtables v2.0 registered
[STDERR  ] 2017-11-27T21:00:48.044275684Z: [   26.936019] 8021q: 802.1Q VLAN Support v1.8
[STDERR  ] 2017-11-27T21:00:48.044281524Z: [   26.937653] 9pnet: Installing 9P2000 support
[STDERR  ] 2017-11-27T21:00:48.044287211Z: [   26.939212] Key type dns_resolver registered
[STDERR  ] 2017-11-27T21:00:48.044298691Z: [   26.940752] microcode: AMD CPU family 0x6 not supported
[STDERR  ] 2017-11-27T21:00:48.044304651Z: [   26.944326] registered taskstats version 1
[STDERR  ] 2017-11-27T21:00:48.044310035Z: [   27.124526] Key type big_key registered
[STDERR  ] 2017-11-27T21:00:48.044315536Z: [   27.131663] ata2: SATA link down (SStatus 0 SControl 300)
[STDERR  ] 2017-11-27T21:00:48.044326319Z: [   27.134704] ata1: SATA link up 1.5 Gbps (SStatus 113 SControl 300)
[STDERR  ] 2017-11-27T21:00:48.044331776Z: [   27.139277] ata1.00: ATA-7: QEMU HARDDISK, 2.5+, max UDMA/100
[STDERR  ] 2017-11-27T21:00:48.044337931Z: [   27.139787] ata1.00: 4194304 sectors, multi 16: LBA48 NCQ (depth 31/32)
[STDERR  ] 2017-11-27T21:00:48.044343612Z: [   27.140867] ata1.00: applying bridge limits
[STDERR  ] 2017-11-27T21:00:48.044349165Z: [   27.143157] ata6: SATA link down (SStatus 0 SControl 300)
[STDERR  ] 2017-11-27T21:00:48.044358079Z: [   27.143761] ata3: SATA link up 1.5 Gbps (SStatus 113 SControl 300)
[STDERR  ] 2017-11-27T21:00:48.044364342Z: [   27.144614] ata3.00: ATAPI: QEMU DVD-ROM, 2.5+, max UDMA/100
[STDERR  ] 2017-11-27T21:00:48.044370211Z: [   27.144960] ata3.00: applying bridge limits
[STDERR  ] 2017-11-27T21:00:48.044376154Z: [   27.145982] ata3.00: configured for UDMA/100
[STDERR  ] 2017-11-27T21:00:48.044381793Z: [   27.147899] ata4: SATA link down (SStatus 0 SControl 300)
[STDERR  ] 2017-11-27T21:00:48.044387773Z: [   27.148402] ata5: SATA link down (SStatus 0 SControl 300)
[STDERR  ] 2017-11-27T21:00:48.044394006Z: [   27.160903] ata1.00: configured for UDMA/100
[STDERR  ] 2017-11-27T21:00:48.044403449Z: [   27.174510] scsi 0:0:0:0: Direct-Access     ATA      QEMU HARDDISK    2.5+ PQ: 0 ANSI: 5
[STDERR  ] 2017-11-27T21:00:48.044412991Z: [   27.190770] sd 0:0:0:0: Attached scsi generic sg0 type 0
[STDERR  ] 2017-11-27T21:00:48.044423491Z: [   27.195668] sd 0:0:0:0: [sda] 4194304 512-byte logical blocks: (2.15 GB/2.00 GiB)
[STDERR  ] 2017-11-27T21:00:48.044430114Z: [   27.202179] scsi 2:0:0:0: CD-ROM            QEMU     QEMU DVD-ROM     2.5+ PQ: 0 ANSI: 5
[STDERR  ] 2017-11-27T21:00:48.044436151Z: [   27.206412] sd 0:0:0:0: [sda] Write Protect is off
[STDERR  ] 2017-11-27T21:00:48.044442212Z: [   27.211059] sd 0:0:0:0: [sda] Write cache: enabled, read cache: enabled, doesn't support DPO or FUA
[STDERR  ] 2017-11-27T21:00:48.044449162Z: [   27.222748] sr 2:0:0:0: [sr0] scsi3-mmc drive: 4x/4x cd/rw xa/form2 tray
[STDERR  ] 2017-11-27T21:00:48.044455029Z: [   27.223526] cdrom: Uniform CD-ROM driver Revision: 3.20
[STDERR  ] 2017-11-27T21:00:48.044461356Z: [   27.250867] sr 2:0:0:0: Attached scsi generic sg1 type 5
[STDERR  ] 2017-11-27T21:00:48.044467023Z: [   27.264925] sd 0:0:0:0: [sda] Attached SCSI disk
[STDERR  ] 2017-11-27T21:00:48.044472606Z: [   27.332958] Key type encrypted registered
[STDERR  ] 2017-11-27T21:00:48.044482656Z: [   27.338526] rtc_cmos 00:00: setting system clock to 2017-11-27 20:48:35 UTC (1511815715)
[STDERR  ] 2017-11-27T21:00:48.044493009Z: [   27.480415] Freeing unused kernel memory: 1380K
[STDERR  ] 2017-11-27T21:00:48.044498951Z: [   27.480853] Write protecting the kernel read-only data: 12288k
[STDERR  ] 2017-11-27T21:00:48.044504521Z: [   27.482778] tsc: Refined TSC clocksource calibration: 2599.939 MHz
[STDERR  ] 2017-11-27T21:00:48.044510175Z: [   27.483370] clocksource: tsc: mask: 0xffffffffffffffff max_cycles: 0x257a0296a5d, max_idle_ns: 440795336269 ns
[STDERR  ] 2017-11-27T21:00:48.04451654Z: [   27.488833] Freeing unused kernel memory: 128K
[STDERR  ] 2017-11-27T21:00:48.0445222Z: [   27.600741] Freeing unused kernel memory: 1396K
[STDERR  ] 2017-11-27T21:00:48.044527843Z: [   28.497875] clocksource: Switched to clocksource tsc
[STDERR  ] 2017-11-27T21:00:48.044533358Z: 
[STDERR  ] 2017-11-27T21:00:48.044539532Z: Welcome to LinuxKit
[STDERR  ] 2017-11-27T21:00:48.044545181Z: 
[STDERR  ] 2017-11-27T21:00:48.044550609Z:                         ##         .
[STDERR  ] 2017-11-27T21:00:48.044571631Z:                   ## ## ##        ==
[STDERR  ] 2017-11-27T21:00:48.044578996Z:                ## ## ## ## ##    ===
[STDERR  ] 2017-11-27T21:00:48.044585336Z:            /"""""""""""""""""\___/ ===
[STDERR  ] 2017-11-27T21:00:48.044590963Z:           {                       /  ===-
[STDERR  ] 2017-11-27T21:00:48.044596494Z:            \______ O           __/
[STDERR  ] 2017-11-27T21:00:48.044602237Z:              \    \         __/
[STDERR  ] 2017-11-27T21:00:48.044607793Z:               \____\_______/
[STDERR  ] 2017-11-27T21:00:48.044614358Z: 
[STDERR  ] 2017-11-27T21:00:48.044619983Z: [  110.580772] 8021q: adding VLAN 0 to HW filter on device eth0
[STDERR  ] 2017-11-27T21:00:48.044625826Z: eth0: waiting for carrier
[STDERR  ] 2017-11-27T21:00:48.044631594Z: eth0: carrier acquired
[STDERR  ] 2017-11-27T21:00:48.044637026Z: DUID 00:01:00:01:21:af:36:f6:5e:4a:56:8b:b5:55
[STDERR  ] 2017-11-27T21:00:48.044642785Z: eth0: IAID 56:8b:b5:55
[STDERR  ] 2017-11-27T21:00:48.044648153Z: eth0: adding address fe80::374f:bc30:e44d:9d36
[STDERR  ] 2017-11-27T21:00:48.044653888Z: eth0: soliciting an IPv6 router
[STDERR  ] 2017-11-27T21:00:48.044659331Z: eth0: soliciting a DHCP lease
[STDERR  ] 2017-11-27T21:00:48.044664856Z: eth0: offered 10.0.2.15 from 10.0.2.2
[STDERR  ] 2017-11-27T21:00:48.044670259Z: eth0: leased 10.0.2.15 for 86400 seconds
[STDERR  ] 2017-11-27T21:00:48.044681614Z: eth0: adding route to 10.0.2.0/24
[STDERR  ] 2017-11-27T21:00:48.044687196Z: eth0: adding default route via 10.0.2.2
[STDERR  ] 2017-11-27T21:00:48.044692713Z: exiting due to oneshot
[STDERR  ] 2017-11-27T21:00:48.044698228Z: dhcpcd exited
[STDERR  ] 2017-11-27T21:00:48.044703751Z: [  113.755647] IPVS: Creating netns size=2104 id=1
[STDERR  ] 2017-11-27T21:00:48.044712643Z: [  113.756184] IPVS: ftp: loaded support on port[0] = 21
[STDERR  ] 2017-11-27T21:00:48.044721601Z: 2017/11/27 20:50:03 Creating partition on /dev/sda
[STDERR  ] 2017-11-27T21:00:48.044733033Z: [  115.612244]  sda:
[STDERR  ] 2017-11-27T21:00:48.044742223Z: [  115.691215]  sda:
[STDERR  ] 2017-11-27T21:00:48.044748166Z: [  115.726127]  sda: sda1
[STDERR  ] 2017-11-27T21:00:48.044753938Z: [  115.810907]  sda: sda1
[STDERR  ] 2017-11-27T21:00:48.044759844Z: 2017/11/27 20:50:06 Partition /dev/sda1 successfully created!
[STDERR  ] 2017-11-27T21:00:48.044765609Z: [  119.644535] IPVS: Creating netns size=2104 id=2
[STDERR  ] 2017-11-27T21:00:48.044771272Z: [  119.644827] IPVS: ftp: loaded support on port[0] = 21
[STDERR  ] 2017-11-27T21:00:48.044777497Z: [  120.991035] EXT4-fs (sda1): couldn't mount as ext3 due to feature incompatibilities
[STDERR  ] 2017-11-27T21:00:48.044783176Z: [  120.999866] EXT4-fs (sda1): couldn't mount as ext2 due to feature incompatibilities
[STDERR  ] 2017-11-27T21:00:48.044788705Z: [  121.029817] EXT4-fs (sda1): mounted filesystem with ordered data mode. Opts: (null)
[STDERR  ] 2017-11-27T21:00:48.044794321Z: v1.0.0-beta.3
[STDERR  ] 2017-11-27T21:00:48.044800206Z: 2b8ed96d2a422bf205adcdfa05272dc12c81613b
[STDERR  ] 2017-11-27T21:00:48.044805807Z: ðŸ‡© root-test
[STDERR  ] 2017-11-27T21:00:48.044811408Z: [  247.645566] XFS (loop0): Mounting V4 Filesystem
[STDERR  ] 2017-11-27T21:00:48.044816946Z: [  247.694149] XFS (loop0): Ending clean mount
[STDERR  ] 2017-11-27T21:00:48.044822584Z: [  247.759091] XFS (loop0): Unmounting Filesystem
[STDERR  ] 2017-11-27T21:00:48.044828085Z: [  248.453794] XFS (loop0): Mounting V4 Filesystem
[STDERR  ] 2017-11-27T21:00:48.044833661Z: [  248.489794] XFS (loop0): Ending clean mount
[STDERR  ] 2017-11-27T21:00:48.044839157Z: [  248.518788] XFS (loop0): Unmounting Filesystem
[STDERR  ] 2017-11-27T21:00:48.044844763Z: ok  	github.com/containerd/containerd/fs	2.348s
[STDERR  ] 2017-11-27T21:00:48.044850464Z: ok  	github.com/containerd/containerd/metadata	5.924s
[STDERR  ] 2017-11-27T21:00:48.044856548Z: [  533.869111] XFS (loop2): Mounting V5 Filesystem
[STDERR  ] 2017-11-27T21:00:48.044862411Z: [  533.922433] XFS (loop2): Ending clean mount
[STDERR  ] 2017-11-27T21:00:48.044868128Z: [  534.092661] XFS (loop2): Unmounting Filesystem
[STDERR  ] 2017-11-27T21:00:48.044873755Z: ok  	github.com/containerd/containerd/mount/lookup_test	1.479s
[STDERR  ] 2017-11-27T21:00:48.04488228Z: [  599.540474] raid6: sse2x1   gen()   343 MB/s
[STDERR  ] 2017-11-27T21:00:48.044887962Z: [  599.710400] raid6: sse2x1   xor()   134 MB/s
[STDERR  ] 2017-11-27T21:00:48.04489814Z: [  599.880503] raid6: sse2x2   gen()   151 MB/s
[STDERR  ] 2017-11-27T21:00:48.044904013Z: [  600.050377] raid6: sse2x2   xor()   112 MB/s
[STDERR  ] 2017-11-27T21:00:48.044909492Z: [  600.221593] raid6: sse2x4   gen()   206 MB/s
[STDERR  ] 2017-11-27T21:00:48.044916666Z: [  600.390399] raid6: sse2x4   xor()   113 MB/s
[STDERR  ] 2017-11-27T21:00:48.044924529Z: [  600.390868] raid6: using algorithm sse2x1 gen() 343 MB/s
[STDERR  ] 2017-11-27T21:00:48.044933507Z: [  600.391241] raid6: .... xor() 134 MB/s, rmw enabled
[STDERR  ] 2017-11-27T21:00:48.044942061Z: [  600.391760] raid6: using intx1 recovery algorithm
[STDERR  ] 2017-11-27T21:00:48.044950083Z: [  600.424716] xor: measuring software checksum speed
[STDERR  ] 2017-11-27T21:00:48.044958756Z: [  600.520535]    prefetch64-sse:   423.200 MB/sec
[STDERR  ] 2017-11-27T21:00:48.044967427Z: [  600.620166]    generic_sse:   628.000 MB/sec
[STDERR  ] 2017-11-27T21:00:48.044982875Z: [  600.620664] xor: using function: generic_sse (628.000 MB/sec)
[STDERR  ] 2017-11-27T21:00:48.044990723Z: [  600.862028] Btrfs loaded, crc32c=crc32c-generic
[STDERR  ] 2017-11-27T21:00:48.044996277Z: [  600.871402] BTRFS: device fsid 1f248328-ec8e-4664-8c2a-ea2e3a02f8e5 devid 1 transid 5 /dev/loop2
[STDERR  ] 2017-11-27T21:00:48.045002041Z: [  600.932771] BTRFS info (device loop2): disk space caching is enabled
[STDERR  ] 2017-11-27T21:00:48.045013202Z: [  600.933417] BTRFS info (device loop2): has skinny extents
[STDERR  ] 2017-11-27T21:00:48.045031284Z: [  600.933829] BTRFS info (device loop2): flagging fs with big metadata feature
[STDERR  ] 2017-11-27T21:00:48.045037656Z: [  601.008275] BTRFS info (device loop2): creating UUID tree
[STDERR  ] 2017-11-27T21:00:48.045043576Z: [  602.832140] BTRFS: device fsid 8a07c3b9-5971-4456-94ab-578800a36097 devid 1 transid 5 /dev/loop3
[STDERR  ] 2017-11-27T21:00:48.045049191Z: [  603.035120] BTRFS info (device loop3): disk space caching is enabled
[STDERR  ] 2017-11-27T21:00:48.045055035Z: [  603.035566] BTRFS info (device loop3): has skinny extents
[STDERR  ] 2017-11-27T21:00:48.04506075Z: [  603.035923] BTRFS info (device loop3): flagging fs with big metadata feature
[STDERR  ] 2017-11-27T21:00:48.045066446Z: [  603.078542] BTRFS info (device loop3): creating UUID tree
[STDERR  ] 2017-11-27T21:00:48.045072076Z: [  604.258961] BTRFS: device fsid 1c178d14-fdef-41fa-97ce-fee4bff08992 devid 1 transid 5 /dev/loop4
[STDERR  ] 2017-11-27T21:00:48.045077874Z: [  604.435166] BTRFS info (device loop4): disk space caching is enabled
[STDERR  ] 2017-11-27T21:00:48.045083764Z: [  604.435635] BTRFS info (device loop4): has skinny extents
[STDERR  ] 2017-11-27T21:00:48.045089501Z: [  604.435986] BTRFS info (device loop4): flagging fs with big metadata feature
[STDERR  ] 2017-11-27T21:00:48.045095041Z: [  604.474449] BTRFS info (device loop4): creating UUID tree
[STDERR  ] 2017-11-27T21:00:48.045101491Z: [  605.640943] BTRFS: device fsid 1e514fe8-7ad9-4343-b652-fbe9f31d4148 devid 1 transid 5 /dev/loop5
[STDERR  ] 2017-11-27T21:00:48.045107175Z: [  605.815004] BTRFS info (device loop5): disk space caching is enabled
[STDERR  ] 2017-11-27T21:00:48.045112702Z: [  605.815602] BTRFS info (device loop5): has skinny extents
[STDERR  ] 2017-11-27T21:00:48.045124545Z: [  605.815901] BTRFS info (device loop5): flagging fs with big metadata feature
[STDERR  ] 2017-11-27T21:00:48.045130453Z: [  605.854672] BTRFS info (device loop5): creating UUID tree
[STDERR  ] 2017-11-27T21:00:48.045135934Z: [  607.532882] BTRFS: device fsid bc69f604-aefb-4913-9d3d-d63db8fe9494 devid 1 transid 5 /dev/loop6
[STDERR  ] 2017-11-27T21:00:48.045141583Z: [  607.714674] BTRFS info (device loop6): disk space caching is enabled
[STDERR  ] 2017-11-27T21:00:48.045147556Z: [  607.715156] BTRFS info (device loop6): has skinny extents
[STDERR  ] 2017-11-27T21:00:48.045152989Z: [  607.715530] BTRFS info (device loop6): flagging fs with big metadata feature
[STDERR  ] 2017-11-27T21:00:48.045158578Z: [  607.753607] BTRFS info (device loop6): creating UUID tree
[STDERR  ] 2017-11-27T21:00:48.045164056Z: [  609.627217] BTRFS: device fsid 581575e8-9b2c-4810-bea7-3c25eed3c6a1 devid 1 transid 5 /dev/loop7
[STDERR  ] 2017-11-27T21:00:48.045169597Z: [  609.835580] BTRFS info (device loop7): disk space caching is enabled
[STDERR  ] 2017-11-27T21:00:48.045175028Z: [  609.836158] BTRFS info (device loop7): has skinny extents
[STDERR  ] 2017-11-27T21:00:48.045180448Z: [  609.836582] BTRFS info (device loop7): flagging fs with big metadata feature
[STDERR  ] 2017-11-27T21:00:48.045185807Z: [  609.874799] BTRFS info (device loop7): creating UUID tree
[STDERR  ] 2017-11-27T21:00:48.045191254Z: [  611.273365] BTRFS: device fsid 81c0f63a-2b01-438d-b40e-a7f7e13773fc devid 1 transid 5 /dev/loop8
[STDERR  ] 2017-11-27T21:00:48.045196741Z: [  611.454486] BTRFS info (device loop8): disk space caching is enabled
[STDERR  ] 2017-11-27T21:00:48.045202169Z: [  611.455016] BTRFS info (device loop8): has skinny extents
[STDERR  ] 2017-11-27T21:00:48.045207582Z: [  611.455252] BTRFS info (device loop8): flagging fs with big metadata feature
[STDERR  ] 2017-11-27T21:00:48.045213125Z: [  611.491498] BTRFS info (device loop8): creating UUID tree
[STDERR  ] 2017-11-27T21:00:48.045218529Z: [  613.773762] BTRFS: device fsid 7be2b851-1f64-4ef1-8fd8-f10f718499d1 devid 1 transid 5 /dev/loop9
[STDERR  ] 2017-11-27T21:00:48.045224162Z: [  613.984767] BTRFS info (device loop9): disk space caching is enabled
[STDERR  ] 2017-11-27T21:00:48.045233252Z: [  613.985340] BTRFS info (device loop9): has skinny extents
[STDERR  ] 2017-11-27T21:00:48.045242236Z: [  613.985719] BTRFS info (device loop9): flagging fs with big metadata feature
[STDERR  ] 2017-11-27T21:00:48.045249133Z: [  614.022947] BTRFS info (device loop9): creating UUID tree
[STDERR  ] 2017-11-27T21:00:48.045254731Z: [  615.632792] BTRFS: device fsid 58d4903b-db0a-49bc-a062-bf842a9b2f2b devid 1 transid 5 /dev/loop10
[STDERR  ] 2017-11-27T21:00:48.045260785Z: [  615.825072] BTRFS info (device loop10): disk space caching is enabled
[STDERR  ] 2017-11-27T21:00:48.045266546Z: [  615.825594] BTRFS info (device loop10): has skinny extents
[STDERR  ] 2017-11-27T21:00:48.045272129Z: [  615.825883] BTRFS info (device loop10): flagging fs with big metadata feature
[STDERR  ] 2017-11-27T21:00:48.04527754Z: [  615.866140] BTRFS info (device loop10): creating UUID tree
[STDERR  ] 2017-11-27T21:00:48.045288428Z: [  617.917409] BTRFS: device fsid 4434c44a-dd24-493c-9cd8-0be5a69b7ac9 devid 1 transid 5 /dev/loop11
[STDERR  ] 2017-11-27T21:00:48.045298995Z: [  618.134912] BTRFS info (device loop11): disk space caching is enabled
[STDERR  ] 2017-11-27T21:00:48.045304648Z: [  618.135387] BTRFS info (device loop11): has skinny extents
[STDERR  ] 2017-11-27T21:00:48.045310423Z: [  618.135788] BTRFS info (device loop11): flagging fs with big metadata feature
[STDERR  ] 2017-11-27T21:00:48.045316148Z: [  618.172715] BTRFS info (device loop11): creating UUID tree
[STDERR  ] 2017-11-27T21:00:48.045321934Z: [  624.919200] BTRFS: device fsid 472d1e67-fb29-4e79-9b8b-7828ec8027a8 devid 1 transid 5 /dev/loop12
[STDERR  ] 2017-11-27T21:00:48.045332771Z: [  625.126434] BTRFS info (device loop12): disk space caching is enabled
[STDERR  ] 2017-11-27T21:00:48.045338789Z: [  625.126918] BTRFS info (device loop12): has skinny extents
[STDERR  ] 2017-11-27T21:00:48.045344555Z: [  625.127272] BTRFS info (device loop12): flagging fs with big metadata feature
[STDERR  ] 2017-11-27T21:00:48.045350503Z: [  625.164328] BTRFS info (device loop12): creating UUID tree
[STDERR  ] 2017-11-27T21:00:48.045360822Z: [  626.661280] BTRFS: device fsid 49bcc24e-4267-4e2c-b837-84f4d0a9481f devid 1 transid 5 /dev/loop13
[STDERR  ] 2017-11-27T21:00:48.045366716Z: [  626.844612] BTRFS info (device loop13): disk space caching is enabled
[STDERR  ] 2017-11-27T21:00:48.04537261Z: [  626.845178] BTRFS info (device loop13): has skinny extents
[STDERR  ] 2017-11-27T21:00:48.045378432Z: [  626.845448] BTRFS info (device loop13): flagging fs with big metadata feature
[STDERR  ] 2017-11-27T21:00:48.045384394Z: [  626.889877] BTRFS info (device loop13): creating UUID tree
[STDERR  ] 2017-11-27T21:00:48.045390099Z: [  628.705240] BTRFS: device fsid 9f14f2c3-1be6-4365-854a-ba2ebd8036fc devid 1 transid 5 /dev/loop14
[STDERR  ] 2017-11-27T21:00:48.045396384Z: [  628.914912] BTRFS info (device loop14): disk space caching is enabled
[STDERR  ] 2017-11-27T21:00:48.045401963Z: [  628.915471] BTRFS info (device loop14): has skinny extents
[STDERR  ] 2017-11-27T21:00:48.04540781Z: [  628.915820] BTRFS info (device loop14): flagging fs with big metadata feature
[STDERR  ] 2017-11-27T21:00:48.045413414Z: [  628.953992] BTRFS info (device loop14): creating UUID tree
[STDERR  ] 2017-11-27T21:00:48.045419041Z: [  630.179854] BTRFS: device fsid 14f1ba9f-b61f-4047-baef-00a5f881c105 devid 1 transid 5 /dev/loop15
[STDERR  ] 2017-11-27T21:00:48.04542486Z: [  630.354922] BTRFS info (device loop15): disk space caching is enabled
[STDERR  ] 2017-11-27T21:00:48.045430603Z: [  630.355520] BTRFS info (device loop15): has skinny extents
[STDERR  ] 2017-11-27T21:00:48.045436295Z: [  630.355907] BTRFS info (device loop15): flagging fs with big metadata feature
[STDERR  ] 2017-11-27T21:00:48.045442144Z: [  630.395169] BTRFS info (device loop15): creating UUID tree
[STDERR  ] 2017-11-27T21:00:48.045447827Z: [  631.569220] BTRFS: device fsid ff391a9c-518f-4bcb-9069-730471ea3e42 devid 1 transid 5 /dev/loop16
[STDERR  ] 2017-11-27T21:00:48.045457845Z: [  631.764815] BTRFS info (device loop16): disk space caching is enabled
[STDERR  ] 2017-11-27T21:00:48.045466642Z: [  631.765311] BTRFS info (device loop16): has skinny extents
[STDERR  ] 2017-11-27T21:00:48.045472543Z: [  631.765582] BTRFS info (device loop16): flagging fs with big metadata feature
[STDERR  ] 2017-11-27T21:00:48.045478247Z: [  631.804151] BTRFS info (device loop16): creating UUID tree
[STDERR  ] 2017-11-27T21:00:48.045483954Z: [  632.847773] BTRFS: device fsid 8ae861c9-b0db-4146-bd83-70ad7cbefdfb devid 1 transid 5 /dev/loop17
[STDERR  ] 2017-11-27T21:00:48.045489685Z: [  633.034771] BTRFS info (device loop17): disk space caching is enabled
[STDERR  ] 2017-11-27T21:00:48.045496373Z: [  633.035234] BTRFS info (device loop17): has skinny extents
[STDERR  ] 2017-11-27T21:00:48.045502857Z: [  633.035593] BTRFS info (device loop17): flagging fs with big metadata feature
[STDERR  ] 2017-11-27T21:00:48.045508499Z: [  633.073991] BTRFS info (device loop17): creating UUID tree
[STDERR  ] 2017-11-27T21:00:48.045514128Z: [  633.949581] BTRFS: device fsid 82eb84ed-a4f0-404a-ac8d-772c3d420e63 devid 1 transid 5 /dev/loop18
[STDERR  ] 2017-11-27T21:00:48.045519739Z: [  634.124775] BTRFS info (device loop18): disk space caching is enabled
[STDERR  ] 2017-11-27T21:00:48.045534422Z: [  634.125241] BTRFS info (device loop18): has skinny extents
[STDERR  ] 2017-11-27T21:00:48.045540219Z: [  634.125589] BTRFS info (device loop18): flagging fs with big metadata feature
[STDERR  ] 2017-11-27T21:00:48.045546008Z: [  634.164098] BTRFS info (device loop18): creating UUID tree
[STDERR  ] 2017-11-27T21:00:48.045551716Z: ok  	github.com/containerd/containerd/snapshot/btrfs	39.523s
[STDERR  ] 2017-11-27T21:00:48.045557406Z: ok  	github.com/containerd/containerd/snapshot/naive	5.136s
[STDERR  ] 2017-11-27T21:00:48.045563176Z: ok  	github.com/containerd/containerd/snapshot/overlay	5.368s
[STDERR  ] 2017-11-27T21:00:48.045568832Z: containerd test suite PASSED
[STDERR  ] 2017-11-27T21:00:48.045574542Z: [  758.198854] sd 0:0:0:0: [sda] Synchronizing SCSI cache
[STDERR  ] 2017-11-27T21:00:48.045580393Z: [  758.202510] sd 0:0:0:0: [sda] Stopping disk
[STDERR  ] 2017-11-27T21:00:48.04558629Z: [  758.207456] ACPI: Preparing to enter system sleep state S5
[STDERR  ] 2017-11-27T21:00:48.045597986Z: [  758.211265] reboot: Power down
[STDERR  ] 2017-11-27T21:00:48.04560369Z: + echo [    0.000000] Linux version 4.9.65-linuxkit (root@c78110dc0cc9) (gcc version 6.3.0 (Alpine 6.3.0) ) #1 SMP Fri Nov 24 15:20:57 UTC 2017
[STDERR  ] 2017-11-27T21:00:48.045610222Z: [    0.000000] Command line: console=ttyS0 page_poison=1
[STDERR  ] 2017-11-27T21:00:48.045616259Z: [    0.000000] x86/fpu: Legacy x87 FPU detected.
[STDERR  ] 2017-11-27T21:00:48.045624239Z: [    0.000000] x86/fpu: Using 'eager' FPU context switches.
[STDERR  ] 2017-11-27T21:00:48.045631517Z: [    0.000000] e820: BIOS-provided physical RAM map:
[STDERR  ] 2017-11-27T21:00:48.045637621Z: [    0.000000] BIOS-e820: [mem 0x0000000000000000-0x000000000009fbff] usable
[STDERR  ] 2017-11-27T21:00:48.04564318Z: [    0.000000] BIOS-e820: [mem 0x000000000009fc00-0x000000000009ffff] reserved
[STDERR  ] 2017-11-27T21:00:48.04565379Z: [    0.000000] BIOS-e820: [mem 0x00000000000f0000-0x00000000000fffff] reserved
[STDERR  ] 2017-11-27T21:00:48.045659641Z: [    0.000000] BIOS-e820: [mem 0x0000000000100000-0x000000007ffdefff] usable
[STDERR  ] 2017-11-27T21:00:48.045666261Z: [    0.000000] BIOS-e820: [mem 0x000000007ffdf000-0x000000007fffffff] reserved
[STDERR  ] 2017-11-27T21:00:48.04567288Z: [    0.000000] BIOS-e820: [mem 0x00000000b0000000-0x00000000bfffffff] reserved
[STDERR  ] 2017-11-27T21:00:48.04567864Z: [    0.000000] BIOS-e820: [mem 0x00000000fed1c000-0x00000000fed1ffff] reserved
[STDERR  ] 2017-11-27T21:00:48.045684614Z: [    0.000000] BIOS-e820: [mem 0x00000000fffc0000-0x00000000ffffffff] reserved
[STDERR  ] 2017-11-27T21:00:48.045690388Z: [    0.000000] NX (Execute Disable) protection: active
[STDERR  ] 2017-11-27T21:00:48.045696272Z: [    0.000000] SMBIOS 2.8 present.
[STDERR  ] 2017-11-27T21:00:48.045707632Z: [    0.000000] e820: last_pfn = 0x7ffdf max_arch_pfn = 0x400000000
[STDERR  ] 2017-11-27T21:00:48.045716889Z: [    0.000000] x86/PAT: Configuration [0-7]: WB  WC  UC- UC  WB  WC  UC- WT  
[STDERR  ] 2017-11-27T21:00:48.045722543Z: [    0.000000] found SMP MP-table at [mem 0x000f6aa0-0x000f6aaf] mapped at [ffff9353000f6aa0]
[STDERR  ] 2017-11-27T21:00:48.045729239Z: [    0.000000] RAMDISK: [mem 0x72f68000-0x7ffcffff]
[STDERR  ] 2017-11-27T21:00:48.045735451Z: [    0.000000] ACPI: Early table checksum verification disabled
[STDERR  ] 2017-11-27T21:00:48.045741083Z: [    0.000000] ACPI: RSDP 0x00000000000F68C0 000014 (v00 BOCHS )
[STDERR  ] 2017-11-27T21:00:48.045746752Z: [    0.000000] ACPI: RSDT 0x000000007FFE2404 000034 (v01 BOCHS  BXPCRSDT 00000001 BXPC 00000001)
[STDERR  ] 2017-11-27T21:00:48.045757741Z: [    0.000000] ACPI: FACP 0x000000007FFE22A4 000074 (v01 BOCHS  BXPCFACP 00000001 BXPC 00000001)
[STDERR  ] 2017-11-27T21:00:48.045763589Z: [    0.000000] ACPI: DSDT 0x000000007FFE0040 002264 (v01 BOCHS  BXPCDSDT 00000001 BXPC 00000001)
[STDERR  ] 2017-11-27T21:00:48.045769281Z: [    0.000000] ACPI: FACS 0x000000007FFE0000 000040
[STDERR  ] 2017-11-27T21:00:48.045775436Z: [    0.000000] ACPI: APIC 0x000000007FFE2318 000078 (v01 BOCHS  BXPCAPIC 00000001 BXPC 00000001)
[STDERR  ] 2017-11-27T21:00:48.045781013Z: [    0.000000] ACPI: HPET 0x000000007FFE2390 000038 (v01 BOCHS  BXPCHPET 00000001 BXPC 00000001)
[STDERR  ] 2017-11-27T21:00:48.045786748Z: [    0.000000] ACPI: MCFG 0x000000007FFE23C8 00003C (v01 BOCHS  BXPCMCFG 00000001 BXPC 00000001)
[STDERR  ] 2017-11-27T21:00:48.045796678Z: [    0.000000] Zone ranges:
[STDERR  ] 2017-11-27T21:00:48.045802409Z: [    0.000000]   DMA      [mem 0x0000000000001000-0x0000000000ffffff]
[STDERR  ] 2017-11-27T21:00:48.045807997Z: [    0.000000]   DMA32    [mem 0x0000000001000000-0x000000007ffdefff]
[STDERR  ] 2017-11-27T21:00:48.04581389Z: [    0.000000]   Normal   empty
[STDERR  ] 2017-11-27T21:00:48.045819869Z: [    0.000000] Movable zone start for each node
[STDERR  ] 2017-11-27T21:00:48.045825535Z: [    0.000000] Early memory node ranges
[STDERR  ] 2017-11-27T21:00:48.045831092Z: [    0.000000]   node   0: [mem 0x0000000000001000-0x000000000009efff]
[STDERR  ] 2017-11-27T21:00:48.045838141Z: [    0.000000]   node   0: [mem 0x0000000000100000-0x000000007ffdefff]
[STDERR  ] 2017-11-27T21:00:48.045844101Z: [    0.000000] Initmem setup node 0 [mem 0x0000000000001000-0x000000007ffdefff]
[STDERR  ] 2017-11-27T21:00:48.04584992Z: [    0.000000] ACPI: PM-Timer IO Port: 0x608
[STDERR  ] 2017-11-27T21:00:48.045855679Z: [    0.000000] ACPI: LAPIC_NMI (acpi_id[0xff] dfl dfl lint[0x1])
[STDERR  ] 2017-11-27T21:00:48.045861395Z: [    0.000000] IOAPIC[0]: apic_id 0, version 32, address 0xfec00000, GSI 0-23
[STDERR  ] 2017-11-27T21:00:48.045866935Z: [    0.000000] ACPI: INT_SRC_OVR (bus 0 bus_irq 0 global_irq 2 dfl dfl)
[STDERR  ] 2017-11-27T21:00:48.045872509Z: [    0.000000] ACPI: INT_SRC_OVR (bus 0 bus_irq 5 global_irq 5 high level)
[STDERR  ] 2017-11-27T21:00:48.045877987Z: [    0.000000] ACPI: INT_SRC_OVR (bus 0 bus_irq 9 global_irq 9 high level)
[STDERR  ] 2017-11-27T21:00:48.045883445Z: [    0.000000] ACPI: INT_SRC_OVR (bus 0 bus_irq 10 global_irq 10 high level)
[STDERR  ] 2017-11-27T21:00:48.045888944Z: [    0.000000] ACPI: INT_SRC_OVR (bus 0 bus_irq 11 global_irq 11 high level)
[STDERR  ] 2017-11-27T21:00:48.045894842Z: [    0.000000] Using ACPI (MADT) for SMP configuration information
[STDERR  ] 2017-11-27T21:00:48.045900475Z: [    0.000000] ACPI: HPET id: 0x8086a201 base: 0xfed00000
[STDERR  ] 2017-11-27T21:00:48.045906173Z: [    0.000000] smpboot: Allowing 1 CPUs, 0 hotplug CPUs
[STDERR  ] 2017-11-27T21:00:48.045911789Z: [    0.000000] e820: [mem 0xc0000000-0xfed1bfff] available for PCI devices
[STDERR  ] 2017-11-27T21:00:48.045917433Z: [    0.000000] Booting paravirtualized kernel on bare hardware
[STDERR  ] 2017-11-27T21:00:48.045922988Z: [    0.000000] clocksource: refined-jiffies: mask: 0xffffffff max_cycles: 0xffffffff, max_idle_ns: 19112604462750000 ns
[STDERR  ] 2017-11-27T21:00:48.045938097Z: [    0.000000] setup_percpu: NR_CPUS:128 nr_cpumask_bits:128 nr_cpu_ids:1 nr_node_ids:1
[STDERR  ] 2017-11-27T21:00:48.04594968Z: [    0.000000] percpu: Embedded 35 pages/cpu @ffff935372c00000 s105112 r8192 d30056 u2097152
[STDERR  ] 2017-11-27T21:00:48.045960627Z: [    0.000000] Built 1 zonelists in Zone order, mobility grouping on.  Total pages: 515944
[STDERR  ] 2017-11-27T21:00:48.045966562Z: [    0.000000] Kernel command line: console=ttyS0 page_poison=1
[STDERR  ] 2017-11-27T21:00:48.04597214Z: [    0.000000] PID hash table entries: 4096 (order: 3, 32768 bytes)
[STDERR  ] 2017-11-27T21:00:48.045977731Z: [    0.000000] Dentry cache hash table entries: 262144 (order: 9, 2097152 bytes)
[STDERR  ] 2017-11-27T21:00:48.045983301Z: [    0.000000] Inode-cache hash table entries: 131072 (order: 8, 1048576 bytes)
[STDERR  ] 2017-11-27T21:00:48.045989203Z: [    0.000000] Memory: 1831420K/2096628K available (8048K kernel code, 1367K rwdata, 2700K rodata, 1380K init, 568K bss, 265208K reserved, 0K cma-reserved)
[STDERR  ] 2017-11-27T21:00:48.04599568Z: [    0.000000] Hierarchical RCU implementation.
[STDERR  ] 2017-11-27T21:00:48.046001672Z: [    0.000000] 	Build-time adjustment of leaf fanout to 64.
[STDERR  ] 2017-11-27T21:00:48.046007366Z: [    0.000000] 	RCU restricting CPUs from NR_CPUS=128 to nr_cpu_ids=1.
[STDERR  ] 2017-11-27T21:00:48.046026996Z: [    0.000000] RCU: Adjusting geometry for rcu_fanout_leaf=64, nr_cpu_ids=1
[STDERR  ] 2017-11-27T21:00:48.04603615Z: [    0.000000] NR_IRQS:8448 nr_irqs:256 16
[STDERR  ] 2017-11-27T21:00:48.046044154Z: [    0.000000] Console: colour VGA+ 80x25
[STDERR  ] 2017-11-27T21:00:48.046052357Z: [    0.000000] console [ttyS0] enabled
[STDERR  ] 2017-11-27T21:00:48.0460604Z: [    0.000000] allocated 4194304 bytes of page_ext
[STDERR  ] 2017-11-27T21:00:48.046066493Z: [    0.000000] clocksource: hpet: mask: 0xffffffff max_cycles: 0xffffffff, max_idle_ns: 19112604467 ns
[STDERR  ] 2017-11-27T21:00:48.046072831Z: [    0.000000] tsc: Fast TSC calibration using PIT
[STDERR  ] 2017-11-27T21:00:48.046078736Z: [    0.000000] tsc: Detected 2599.934 MHz processor
[STDERR  ] 2017-11-27T21:00:48.046084416Z: [    0.021538] Calibrating delay loop (skipped), value calculated using timer frequency.. 5199.86 BogoMIPS (lpj=25999340)
[STDERR  ] 2017-11-27T21:00:48.046090629Z: [    0.022612] pid_max: default: 32768 minimum: 301
[STDERR  ] 2017-11-27T21:00:48.046096273Z: [    0.023550] ACPI: Core revision 20160831
[STDERR  ] 2017-11-27T21:00:48.046107088Z: [    0.073673] ACPI: 1 ACPI AML tables successfully acquired and loaded
[STDERR  ] 2017-11-27T21:00:48.046113493Z: [    0.077328] Security Framework initialized
[STDERR  ] 2017-11-27T21:00:48.046119166Z: [    0.077787] Yama: becoming mindful.
[STDERR  ] 2017-11-27T21:00:48.046124997Z: [    0.080274] Mount-cache hash table entries: 4096 (order: 3, 32768 bytes)
[STDERR  ] 2017-11-27T21:00:48.046131647Z: [    0.080926] Mountpoint-cache hash table entries: 4096 (order: 3, 32768 bytes)
[STDERR  ] 2017-11-27T21:00:48.046137683Z: [    0.101547] Last level iTLB entries: 4KB 0, 2MB 0, 4MB 0
[STDERR  ] 2017-11-27T21:00:48.046148969Z: [    0.101977] Last level dTLB entries: 4KB 0, 2MB 0, 4MB 0, 1GB 0
[STDERR  ] 2017-11-27T21:00:48.046154689Z: [    0.412528] Freeing SMP alternatives memory: 20K
[STDERR  ] 2017-11-27T21:00:48.046160537Z: [    0.421740] ftrace: allocating 35540 entries in 139 pages
[STDERR  ] 2017-11-27T21:00:48.046166117Z: [    0.587418] smpboot: Max logical packages: 1
[STDERR  ] 2017-11-27T21:00:48.046171808Z: [    0.594081] ..TIMER: vector=0x30 apic1=0 pin1=2 apic2=-1 pin2=-1
[STDERR  ] 2017-11-27T21:00:48.046181661Z: [    0.700000] smpboot: CPU0: AMD QEMU Virtual CPU version 2.5+ (family: 0x6, model: 0x6, stepping: 0x3)
[STDERR  ] 2017-11-27T21:00:48.046187537Z: [    0.700000] Performance Events: PMU not available due to virtualization, using software events only.
[STDERR  ] 2017-11-27T21:00:48.046198304Z: [    0.708153] NMI watchdog: disabled (cpu0): hardware events not enabled
[STDERR  ] 2017-11-27T21:00:48.046207857Z: [    0.708607] NMI watchdog: Shutting down hard lockup detector on all cpus
[STDERR  ] 2017-11-27T21:00:48.046217004Z: [    0.710973] x86: Booted up 1 node, 1 CPUs
[STDERR  ] 2017-11-27T21:00:48.046223095Z: [    0.711280] smpboot: Total of 1 processors activated (5199.86 BogoMIPS)
[STDERR  ] 2017-11-27T21:00:48.046228665Z: [    0.727795] devtmpfs: initialized
[STDERR  ] 2017-11-27T21:00:48.046234988Z: [    0.733697] x86/mm: Memory block size: 128MB
[STDERR  ] 2017-11-27T21:00:48.046240561Z: [    0.811259] clocksource: jiffies: mask: 0xffffffff max_cycles: 0xffffffff, max_idle_ns: 19112604462750000 ns
[STDERR  ] 2017-11-27T21:00:48.046246476Z: [    0.812206] futex hash table entries: 256 (order: 2, 16384 bytes)
[STDERR  ] 2017-11-27T21:00:48.046252573Z: [    0.823360] NET: Registered protocol family 16
[STDERR  ] 2017-11-27T21:00:48.04625825Z: [    0.833982] cpuidle: using governor ladder
[STDERR  ] 2017-11-27T21:00:48.046263921Z: [    0.834457] cpuidle: using governor menu
[STDERR  ] 2017-11-27T21:00:48.046269636Z: [    0.835939] ACPI: bus type PCI registered
[STDERR  ] 2017-11-27T21:00:48.046275159Z: [    0.839059] PCI: MMCONFIG for domain 0000 [bus 00-ff] at [mem 0xb0000000-0xbfffffff] (base 0xb0000000)
[STDERR  ] 2017-11-27T21:00:48.046280897Z: [    0.840102] PCI: MMCONFIG at [mem 0xb0000000-0xbfffffff] reserved in E820
[STDERR  ] 2017-11-27T21:00:48.046286498Z: [    0.841574] PCI: Using configuration type 1 for base access
[STDERR  ] 2017-11-27T21:00:48.046292155Z: [    0.900352] HugeTLB registered 2 MB page size, pre-allocated 0 pages
[STDERR  ] 2017-11-27T21:00:48.046297888Z: [    0.914919] ACPI: Added _OSI(Module Device)
[STDERR  ] 2017-11-27T21:00:48.046303761Z: [    0.915375] ACPI: Added _OSI(Processor Device)
[STDERR  ] 2017-11-27T21:00:48.046309477Z: [    0.915613] ACPI: Added _OSI(3.0 _SCP Extensions)
[STDERR  ] 2017-11-27T21:00:48.046315173Z: [    0.915928] ACPI: Added _OSI(Processor Aggregator Device)
[STDERR  ] 2017-11-27T21:00:48.046320991Z: [    0.992630] ACPI: Interpreter enabled
[STDERR  ] 2017-11-27T21:00:48.046326595Z: [    0.993612] ACPI: (supports S0 S5)
[STDERR  ] 2017-11-27T21:00:48.046332218Z: [    0.993974] ACPI: Using IOAPIC for interrupt routing
[STDERR  ] 2017-11-27T21:00:48.046337712Z: [    0.996562] PCI: Using host bridge windows from ACPI; if necessary, use "pci=nocrs" and report a bug
[STDERR  ] 2017-11-27T21:00:48.046343306Z: [    1.064104] ACPI: PCI Root Bridge [PCI0] (domain 0000 [bus 00-ff])
[STDERR  ] 2017-11-27T21:00:48.046348902Z: [    1.065270] acpi PNP0A08:00: _OSC: OS supports [ExtendedConfig ASPM ClockPM Segments MSI]
[STDERR  ] 2017-11-27T21:00:48.04635445Z: [    1.073018] acpi PNP0A08:00: _OSC: OS now controls [PCIeHotplug PME PCIeCapability]
[STDERR  ] 2017-11-27T21:00:48.046360039Z: [    1.077430] PCI host bridge to bus 0000:00
[STDERR  ] 2017-11-27T21:00:48.046365652Z: [    1.077971] pci_bus 0000:00: root bus resource [io  0x0000-0x0cf7 window]
[STDERR  ] 2017-11-27T21:00:48.046371586Z: [    1.078496] pci_bus 0000:00: root bus resource [io  0x0d00-0xffff window]
[STDERR  ] 2017-11-27T21:00:48.046377204Z: [    1.078896] pci_bus 0000:00: root bus resource [mem 0x000a0000-0x000bffff window]
[STDERR  ] 2017-11-27T21:00:48.04638739Z: [    1.079339] pci_bus 0000:00: root bus resource [mem 0xc0000000-0xfebfffff window]
[STDERR  ] 2017-11-27T21:00:48.046392993Z: [    1.080122] pci_bus 0000:00: root bus resource [bus 00-ff]
[STDERR  ] 2017-11-27T21:00:48.046398511Z: [    1.222730] pci 0000:00:1f.0: quirk: [io  0x0600-0x067f] claimed by ICH6 ACPI/GPIO/TCO
[STDERR  ] 2017-11-27T21:00:48.04640449Z: [    1.304368] ACPI: PCI Interrupt Link [LNKA] (IRQs 5 *10 11)
[STDERR  ] 2017-11-27T21:00:48.046410062Z: [    1.307486] ACPI: PCI Interrupt Link [LNKB] (IRQs 5 *10 11)
[STDERR  ] 2017-11-27T21:00:48.046415741Z: [    1.310857] ACPI: PCI Interrupt Link [LNKC] (IRQs 5 10 *11)
[STDERR  ] 2017-11-27T21:00:48.046426424Z: [    1.312951] ACPI: PCI Interrupt Link [LNKD] (IRQs 5 10 *11)
[STDERR  ] 2017-11-27T21:00:48.046432433Z: [    1.314972] ACPI: PCI Interrupt Link [LNKE] (IRQs 5 *10 11)
[STDERR  ] 2017-11-27T21:00:48.046441904Z: [    1.316997] ACPI: PCI Interrupt Link [LNKF] (IRQs 5 *10 11)
[STDERR  ] 2017-11-27T21:00:48.046451009Z: [    1.319053] ACPI: PCI Interrupt Link [LNKG] (IRQs 5 10 *11)
[STDERR  ] 2017-11-27T21:00:48.046456862Z: [    1.321327] ACPI: PCI Interrupt Link [LNKH] (IRQs 5 10 *11)
[STDERR  ] 2017-11-27T21:00:48.046462452Z: [    1.322317] ACPI: PCI Interrupt Link [GSIA] (IRQs *16)
[STDERR  ] 2017-11-27T21:00:48.046468076Z: [    1.323053] ACPI: PCI Interrupt Link [GSIB] (IRQs *17)
[STDERR  ] 2017-11-27T21:00:48.046473698Z: [    1.323746] ACPI: PCI Interrupt Link [GSIC] (IRQs *18)
[STDERR  ] 2017-11-27T21:00:48.046479383Z: [    1.324433] ACPI: PCI Interrupt Link [GSID] (IRQs *19)
[STDERR  ] 2017-11-27T21:00:48.046490275Z: [    1.325148] ACPI: PCI Interrupt Link [GSIE] (IRQs *20)
[STDERR  ] 2017-11-27T21:00:48.046496066Z: [    1.325834] ACPI: PCI Interrupt Link [GSIF] (IRQs *21)
[STDERR  ] 2017-11-27T21:00:48.046501687Z: [    1.326520] ACPI: PCI Interrupt Link [GSIG] (IRQs *22)
[STDERR  ] 2017-11-27T21:00:48.04650737Z: [    1.327245] ACPI: PCI Interrupt Link [GSIH] (IRQs *23)
[STDERR  ] 2017-11-27T21:00:48.04651318Z: [    1.331655] ACPI: Enabled 2 GPEs in block 00 to 3F
[STDERR  ] 2017-11-27T21:00:48.046518828Z: [    1.336088] SCSI subsystem initialized
[STDERR  ] 2017-11-27T21:00:48.046524473Z: [    1.338677] ACPI: bus type USB registered
[STDERR  ] 2017-11-27T21:00:48.0465302Z: [    1.340153] usbcore: registered new interface driver usbfs
[STDERR  ] 2017-11-27T21:00:48.046535846Z: [    1.341084] usbcore: registered new interface driver hub
[STDERR  ] 2017-11-27T21:00:48.04654194Z: [    1.342034] usbcore: registered new device driver usb
[STDERR  ] 2017-11-27T21:00:48.046547614Z: [    1.343312] pps_core: LinuxPPS API ver. 1 registered
[STDERR  ] 2017-11-27T21:00:48.046553269Z: [    1.343601] pps_core: Software ver. 5.3.6 - Copyright 2005-2007 Rodolfo Giometti <giometti@linux.it>
[STDERR  ] 2017-11-27T21:00:48.046559032Z: [    1.344359] PTP clock support registered
[STDERR  ] 2017-11-27T21:00:48.046568559Z: [    1.346371] wmi: Mapper loaded
[STDERR  ] 2017-11-27T21:00:48.046574158Z: [    1.347652] PCI: Using ACPI for IRQ routing
[STDERR  ] 2017-11-27T21:00:48.046579762Z: [    1.367556] NetLabel: Initializing
[STDERR  ] 2017-11-27T21:00:48.046585235Z: [    1.367753] NetLabel:  domain hash size = 128
[STDERR  ] 2017-11-27T21:00:48.046590937Z: [    1.368249] NetLabel:  protocols = UNLABELED CIPSOv4
[STDERR  ] 2017-11-27T21:00:48.046596436Z: [    1.371224] NetLabel:  unlabeled traffic allowed by default
[STDERR  ] 2017-11-27T21:00:48.046601993Z: [    1.372516] HPET: 3 timers in total, 0 timers will be used for per-cpu timer
[STDERR  ] 2017-11-27T21:00:48.046607513Z: [    1.373320] hpet0: at MMIO 0xfed00000, IRQs 2, 8, 0
[STDERR  ] 2017-11-27T21:00:48.046613014Z: [    1.373801] hpet0: 3 comparators, 64-bit 100.000000 MHz counter
[STDERR  ] 2017-11-27T21:00:48.046618677Z: [    1.379612] clocksource: Switched to clocksource hpet
[STDERR  ] 2017-11-27T21:00:48.046624187Z: [    1.622951] VFS: Disk quotas dquot_6.6.0
[STDERR  ] 2017-11-27T21:00:48.046629864Z: [    1.623701] VFS: Dquot-cache hash table entries: 512 (order 0, 4096 bytes)
[STDERR  ] 2017-11-27T21:00:48.04663545Z: [    1.627889] FS-Cache: Loaded
[STDERR  ] 2017-11-27T21:00:48.04664094Z: [    1.633587] CacheFiles: Loaded
[STDERR  ] 2017-11-27T21:00:48.046646527Z: [    1.636012] pnp: PnP ACPI init
[STDERR  ] 2017-11-27T21:00:48.046652117Z: [    1.648272] pnp: PnP ACPI: found 5 devices
[STDERR  ] 2017-11-27T21:00:48.046657591Z: [    1.695374] clocksource: acpi_pm: mask: 0xffffff max_cycles: 0xffffff, max_idle_ns: 2085701024 ns
[STDERR  ] 2017-11-27T21:00:48.046663174Z: [    1.699779] NET: Registered protocol family 2
[STDERR  ] 2017-11-27T21:00:48.046668738Z: [    1.707679] TCP established hash table entries: 16384 (order: 5, 131072 bytes)
[STDERR  ] 2017-11-27T21:00:48.046674315Z: [    1.708789] TCP bind hash table entries: 16384 (order: 6, 262144 bytes)
[STDERR  ] 2017-11-27T21:00:48.046681011Z: [    1.710479] TCP: Hash tables configured (established 16384 bind 16384)
[STDERR  ] 2017-11-27T21:00:48.046689651Z: [    1.712059] UDP hash table entries: 1024 (order: 3, 32768 bytes)
[STDERR  ] 2017-11-27T21:00:48.04669821Z: [    1.712682] UDP-Lite hash table entries: 1024 (order: 3, 32768 bytes)
[STDERR  ] 2017-11-27T21:00:48.046704076Z: [    1.715163] NET: Registered protocol family 1
[STDERR  ] 2017-11-27T21:00:48.046709959Z: [    1.716213] pci 0000:00:01.0: Video device with shadowed ROM at [mem 0x000c0000-0x000dffff]
[STDERR  ] 2017-11-27T21:00:48.046715622Z: [    1.723815] Unpacking initramfs...
[STDERR  ] 2017-11-27T21:00:48.046721237Z: [   26.429713] Freeing initrd memory: 213408K
[STDERR  ] 2017-11-27T21:00:48.04672675Z: [   26.453518] PCLMULQDQ-NI instructions are not detected.
[STDERR  ] 2017-11-27T21:00:48.046732338Z: [   26.454867] AVX or AES-NI instructions are not detected.
[STDERR  ] 2017-11-27T21:00:48.046737878Z: [   26.455353] CPU feature 'AVX registers' is not supported.
[STDERR  ] 2017-11-27T21:00:48.046743346Z: [   26.455780] CPU feature 'AVX registers' is not supported.
[STDERR  ] 2017-11-27T21:00:48.046753551Z: [   26.456162] CPU feature 'AVX registers' is not supported.
[STDERR  ] 2017-11-27T21:00:48.046759141Z: [   26.456557] CPU feature 'AVX registers' is not supported.
[STDERR  ] 2017-11-27T21:00:48.046764761Z: [   26.456926] AVX2 or AES-NI instructions are not detected.
[STDERR  ] 2017-11-27T21:00:48.046770258Z: [   26.457390] AVX2 instructions are not detected.
[STDERR  ] 2017-11-27T21:00:48.046775753Z: [   26.463747] audit: initializing netlink subsys (disabled)
[STDERR  ] 2017-11-27T21:00:48.046785449Z: [   26.465496] audit: type=2000 audit(1511815714.460:1): initialized
[STDERR  ] 2017-11-27T21:00:48.046791039Z: [   26.476882] workingset: timestamp_bits=46 max_order=19 bucket_order=0
[STDERR  ] 2017-11-27T21:00:48.046796582Z: [   26.481955] squashfs: version 4.0 (2009/01/31) Phillip Lougher
[STDERR  ] 2017-11-27T21:00:48.046802101Z: [   26.484389] FS-Cache: Netfs 'cifs' registered for caching
[STDERR  ] 2017-11-27T21:00:48.046807648Z: [   26.485467] fuse init (API version 7.26)
[STDERR  ] 2017-11-27T21:00:48.046813229Z: [   26.487759] SGI XFS with ACLs, security attributes, no debug enabled
[STDERR  ] 2017-11-27T21:00:48.046818715Z: [   26.493507] 9p: Installing v9fs 9p2000 file system support
[STDERR  ] 2017-11-27T21:00:48.046824268Z: [   26.494138] FS-Cache: Netfs '9p' registered for caching
[STDERR  ] 2017-11-27T21:00:48.046829784Z: [   26.525537] NET: Registered protocol family 38
[STDERR  ] 2017-11-27T21:00:48.046835316Z: [   26.526236] Key type asymmetric registered
[STDERR  ] 2017-11-27T21:00:48.046845359Z: [   26.526598] Asymmetric key parser 'x509' registered
[STDERR  ] 2017-11-27T21:00:48.04685113Z: [   26.527578] Block layer SCSI generic (bsg) driver version 0.4 loaded (major 251)
[STDERR  ] 2017-11-27T21:00:48.046856719Z: [   26.529131] io scheduler noop registered
[STDERR  ] 2017-11-27T21:00:48.046862601Z: [   26.529487] io scheduler deadline registered (default)
[STDERR  ] 2017-11-27T21:00:48.046868121Z: [   26.532090] io scheduler cfq registered
[STDERR  ] 2017-11-27T21:00:48.046873635Z: [   26.534850] pci_hotplug: PCI Hot Plug PCI Core version: 0.5
[STDERR  ] 2017-11-27T21:00:48.046879182Z: [   26.535430] pciehp: PCI Express Hot Plug Controller Driver version: 0.4
[STDERR  ] 2017-11-27T21:00:48.046884886Z: [   26.536278] shpchp: Standard Hot Plug PCI Controller Driver version: 0.4
[STDERR  ] 2017-11-27T21:00:48.046890349Z: [   26.537143] hv_vmbus: registering driver hyperv_fb
[STDERR  ] 2017-11-27T21:00:48.046895951Z: [   26.541288] input: Power Button as /devices/LNXSYSTM:00/LNXPWRBN:00/input/input0
[STDERR  ] 2017-11-27T21:00:48.046901469Z: [   26.542471] ACPI: Power Button [PWRF]
[STDERR  ] 2017-11-27T21:00:48.046907071Z: [   26.547329] GHES: HEST is not enabled!
[STDERR  ] 2017-11-27T21:00:48.046912682Z: [   26.560693] ACPI: PCI Interrupt Link [GSIG] enabled at IRQ 22
[STDERR  ] 2017-11-27T21:00:48.046918229Z: [   26.575960] ACPI: PCI Interrupt Link [GSIH] enabled at IRQ 23
[STDERR  ] 2017-11-27T21:00:48.046926869Z: [   26.582513] xenfs: not registering filesystem on non-xen platform
[STDERR  ] 2017-11-27T21:00:48.046935486Z: [   26.584714] Serial: 8250/16550 driver, 4 ports, IRQ sharing disabled
[STDERR  ] 2017-11-27T21:00:48.046945913Z: [   26.608817] 00:04: ttyS0 at I/O 0x3f8 (irq = 4, base_baud = 115200) is a 16550A
[STDERR  ] 2017-11-27T21:00:48.046952358Z: [   26.621167] Non-volatile memory driver v1.3
[STDERR  ] 2017-11-27T21:00:48.046958209Z: [   26.629304] Hangcheck: starting hangcheck timer 0.9.1 (tick is 180 seconds, margin is 60 seconds).
[STDERR  ] 2017-11-27T21:00:48.046964125Z: [   26.634872] random: fast init done
[STDERR  ] 2017-11-27T21:00:48.04696983Z: [   26.636141] random: crng init done
[STDERR  ] 2017-11-27T21:00:48.046980644Z: [   26.671809] loop: module loaded
[STDERR  ] 2017-11-27T21:00:48.046986294Z: [   26.688047] nbd: registered device at major 43
[STDERR  ] 2017-11-27T21:00:48.046996629Z: [   26.732596] lpc_ich 0000:00:1f.0: I/O space for GPIO uninitialized
[STDERR  ] 2017-11-27T21:00:48.047002415Z: [   26.734761] VMware PVSCSI driver - version 1.0.7.0-k
[STDERR  ] 2017-11-27T21:00:48.04700788Z: [   26.735676] hv_vmbus: registering driver hv_storvsc
[STDERR  ] 2017-11-27T21:00:48.047022173Z: [   26.746548] ACPI: PCI Interrupt Link [GSIA] enabled at IRQ 16
[STDERR  ] 2017-11-27T21:00:48.047027919Z: [   26.754852] ahci 0000:00:1f.2: AHCI 0001.0000 32 slots 6 ports 1.5 Gbps 0x3f impl SATA mode
[STDERR  ] 2017-11-27T21:00:48.047033566Z: [   26.755690] ahci 0000:00:1f.2: flags: 64bit ncq only 
[STDERR  ] 2017-11-27T21:00:48.047039129Z: [   26.778819] scsi host0: ahci
[STDERR  ] 2017-11-27T21:00:48.047044952Z: [   26.784253] scsi host1: ahci
[STDERR  ] 2017-11-27T21:00:48.047050499Z: [   26.787162] scsi host2: ahci
[STDERR  ] 2017-11-27T21:00:48.04705599Z: [   26.789508] scsi host3: ahci
[STDERR  ] 2017-11-27T21:00:48.04706151Z: [   26.792118] scsi host4: ahci
[STDERR  ] 2017-11-27T21:00:48.047067174Z: [   26.794475] scsi host5: ahci
[STDERR  ] 2017-11-27T21:00:48.047072697Z: [   26.796337] ata1: SATA max UDMA/133 abar m4096@0xfebd2000 port 0xfebd2100 irq 24
[STDERR  ] 2017-11-27T21:00:48.047078464Z: [   26.796889] ata2: SATA max UDMA/133 abar m4096@0xfebd2000 port 0xfebd2180 irq 24
[STDERR  ] 2017-11-27T21:00:48.047084056Z: [   26.797316] ata3: SATA max UDMA/133 abar m4096@0xfebd2000 port 0xfebd2200 irq 24
[STDERR  ] 2017-11-27T21:00:48.047090781Z: [   26.797749] ata4: SATA max UDMA/133 abar m4096@0xfebd2000 port 0xfebd2280 irq 24
[STDERR  ] 2017-11-27T21:00:48.04709672Z: [   26.798129] ata5: SATA max UDMA/133 abar m4096@0xfebd2000 port 0xfebd2300 irq 24
[STDERR  ] 2017-11-27T21:00:48.047102294Z: [   26.798537] ata6: SATA max UDMA/133 abar m4096@0xfebd2000 port 0xfebd2380 irq 24
[STDERR  ] 2017-11-27T21:00:48.047107894Z: [   26.812486] tun: Universal TUN/TAP device driver, 1.6
[STDERR  ] 2017-11-27T21:00:48.047113635Z: [   26.812927] tun: (C) 1999-2004 Max Krasnyansky <maxk@qualcomm.com>
[STDERR  ] 2017-11-27T21:00:48.047119153Z: [   26.824184] VMware vmxnet3 virtual NIC driver - version 1.4.a.0-k-NAPI
[STDERR  ] 2017-11-27T21:00:48.047124633Z: [   26.825508] hv_vmbus: registering driver hv_netvsc
[STDERR  ] 2017-11-27T21:00:48.047130257Z: [   26.825873] Fusion MPT base driver 3.04.20
[STDERR  ] 2017-11-27T21:00:48.047135933Z: [   26.826144] Copyright (c) 1999-2008 LSI Corporation
[STDERR  ] 2017-11-27T21:00:48.047141382Z: [   26.826791] Fusion MPT SPI Host driver 3.04.20
[STDERR  ] 2017-11-27T21:00:48.047146859Z: [   26.829356] i8042: PNP: PS/2 Controller [PNP0303:KBD,PNP0f13:MOU] at 0x60,0x64 irq 1,12
[STDERR  ] 2017-11-27T21:00:48.047152559Z: [   26.834236] serio: i8042 KBD port at 0x60,0x64 irq 1
[STDERR  ] 2017-11-27T21:00:48.047158088Z: [   26.835075] serio: i8042 AUX port at 0x60,0x64 irq 12
[STDERR  ] 2017-11-27T21:00:48.04716381Z: [   26.838266] hv_vmbus: registering driver hyperv_keyboard
[STDERR  ] 2017-11-27T21:00:48.047169274Z: [   26.840964] mousedev: PS/2 mouse device common for all mice
[STDERR  ] 2017-11-27T21:00:48.047174796Z: [   26.845742] input: AT Translated Set 2 keyboard as /devices/platform/i8042/serio0/input/input1
[STDERR  ] 2017-11-27T21:00:48.047191657Z: [   26.848535] input: PC Speaker as /devices/platform/pcspkr/input/input2
[STDERR  ] 2017-11-27T21:00:48.047197627Z: [   26.852925] rtc_cmos 00:00: RTC can wake from S4
[STDERR  ] 2017-11-27T21:00:48.047203211Z: [   26.856355] rtc_cmos 00:00: rtc core: registered rtc_cmos as rtc0
[STDERR  ] 2017-11-27T21:00:48.047208817Z: [   26.857864] rtc_cmos 00:00: alarms up to one day, y3k, 114 bytes nvram, hpet irqs
[STDERR  ] 2017-11-27T21:00:48.04721457Z: [   26.858617] i2c /dev entries driver
[STDERR  ] 2017-11-27T21:00:48.04722009Z: [   26.860926] device-mapper: ioctl: 4.35.0-ioctl (2016-06-23) initialised: dm-devel@redhat.com
[STDERR  ] 2017-11-27T21:00:48.047225841Z: [   26.865643] usbcore: registered new interface driver usbhid
[STDERR  ] 2017-11-27T21:00:48.047231394Z: [   26.866055] usbhid: USB HID core driver
[STDERR  ] 2017-11-27T21:00:48.047237024Z: [   26.866677] hv_utils: Registering HyperV Utility Driver
[STDERR  ] 2017-11-27T21:00:48.047242472Z: [   26.867017] hv_vmbus: registering driver hv_util
[STDERR  ] 2017-11-27T21:00:48.047247999Z: [   26.867333] hv_vmbus: registering driver hv_balloon
[STDERR  ] 2017-11-27T21:00:48.0472627Z: [   26.867949] oprofile: using NMI interrupt.
[STDERR  ] 2017-11-27T21:00:48.047268502Z: [   26.869097] GACT probability on
[STDERR  ] 2017-11-27T21:00:48.047274019Z: [   26.869679] Mirror/redirect action on
[STDERR  ] 2017-11-27T21:00:48.047285874Z: [   26.870866] Simple TC action Loaded
[STDERR  ] 2017-11-27T21:00:48.047291397Z: [   26.871485] u32 classifier
[STDERR  ] 2017-11-27T21:00:48.047296979Z: [   26.871668]     Performance counters on
[STDERR  ] 2017-11-27T21:00:48.047302511Z: [   26.871916]     input device check on
[STDERR  ] 2017-11-27T21:00:48.047308085Z: [   26.872138]     Actions configured
[STDERR  ] 2017-11-27T21:00:48.047313619Z: [   26.872761] Netfilter messages via NETLINK v0.30.
[STDERR  ] 2017-11-27T21:00:48.047319716Z: [   26.873594] nfnl_acct: registering with nfnetlink.
[STDERR  ] 2017-11-27T21:00:48.047325322Z: [   26.875082] nf_conntrack version 0.5.0 (16384 buckets, 65536 max)
[STDERR  ] 2017-11-27T21:00:48.047331039Z: [   26.878084] ctnetlink v0.93: registering with nfnetlink.
[STDERR  ] 2017-11-27T21:00:48.04733674Z: [   26.881789] nf_tables: (c) 2007-2009 Patrick McHardy <kaber@trash.net>
[STDERR  ] 2017-11-27T21:00:48.047342437Z: [   26.882681] nf_tables_compat: (c) 2012 Pablo Neira Ayuso <pablo@netfilter.org>
[STDERR  ] 2017-11-27T21:00:48.047348299Z: [   26.885030] xt_time: kernel timezone is -0000
[STDERR  ] 2017-11-27T21:00:48.047353995Z: [   26.886051] ip_set: protocol 6
[STDERR  ] 2017-11-27T21:00:48.047359562Z: [   26.886716] IPVS: Registered protocols (TCP, UDP, SCTP, AH, ESP)
[STDERR  ] 2017-11-27T21:00:48.047365242Z: [   26.887449] IPVS: Connection hash table configured (size=4096, memory=64Kbytes)
[STDERR  ] 2017-11-27T21:00:48.047370906Z: [   26.889295] IPVS: Creating netns size=2104 id=0
[STDERR  ] 2017-11-27T21:00:48.047376592Z: [   26.892600] IPVS: ipvs loaded.
[STDERR  ] 2017-11-27T21:00:48.047382306Z: [   26.892941] IPVS: [rr] scheduler registered.
[STDERR  ] 2017-11-27T21:00:48.047388092Z: [   26.893229] IPVS: [wrr] scheduler registered.
[STDERR  ] 2017-11-27T21:00:48.047393545Z: [   26.893510] IPVS: [lc] scheduler registered.
[STDERR  ] 2017-11-27T21:00:48.047399126Z: [   26.893785] IPVS: [wlc] scheduler registered.
[STDERR  ] 2017-11-27T21:00:48.047409353Z: [   26.894013] IPVS: [fo] scheduler registered.
[STDERR  ] 2017-11-27T21:00:48.047414968Z: [   26.894275] IPVS: [ovf] scheduler registered.
[STDERR  ] 2017-11-27T21:00:48.04742048Z: [   26.894732] IPVS: [lblc] scheduler registered.
[STDERR  ] 2017-11-27T21:00:48.047426075Z: [   26.895151] IPVS: [lblcr] scheduler registered.
[STDERR  ] 2017-11-27T21:00:48.047431552Z: [   26.895464] IPVS: [dh] scheduler registered.
[STDERR  ] 2017-11-27T21:00:48.047437183Z: [   26.895751] IPVS: [sh] scheduler registered.
[STDERR  ] 2017-11-27T21:00:48.047442642Z: [   26.896019] IPVS: [sed] scheduler registered.
[STDERR  ] 2017-11-27T21:00:48.047451367Z: [   26.896283] IPVS: [nq] scheduler registered.
[STDERR  ] 2017-11-27T21:00:48.047460199Z: [   26.897040] IPVS: ftp: loaded support on port[0] = 21
[STDERR  ] 2017-11-27T21:00:48.047471291Z: [   26.898112] ipip: IPv4 and MPLS over IPv4 tunneling driver
[STDERR  ] 2017-11-27T21:00:48.047477068Z: [   26.902950] gre: GRE over IPv4 demultiplexor driver
[STDERR  ] 2017-11-27T21:00:48.047483321Z: [   26.905850] ip_tables: (C) 2000-2006 Netfilter Core Team
[STDERR  ] 2017-11-27T21:00:48.047488842Z: [   26.909296] ipt_CLUSTERIP: ClusterIP Version 0.8 loaded successfully
[STDERR  ] 2017-11-27T21:00:48.04749442Z: [   26.910670] arp_tables: arp_tables: (C) 2002 David S. Miller
[STDERR  ] 2017-11-27T21:00:48.04749997Z: [   26.913142] NET: Registered protocol family 10
[STDERR  ] 2017-11-27T21:00:48.047505446Z: [   26.923374] ip6_tables: (C) 2000-2006 Netfilter Core Team
[STDERR  ] 2017-11-27T21:00:48.047510997Z: [   26.932247] NET: Registered protocol family 17
[STDERR  ] 2017-11-27T21:00:48.047516562Z: [   26.933443] Bridge firewalling registered
[STDERR  ] 2017-11-27T21:00:48.047522089Z: [   26.934018] Ebtables v2.0 registered
[STDERR  ] 2017-11-27T21:00:48.047527634Z: [   26.936019] 8021q: 802.1Q VLAN Support v1.8
[STDERR  ] 2017-11-27T21:00:48.047533117Z: [   26.937653] 9pnet: Installing 9P2000 support
[STDERR  ] 2017-11-27T21:00:48.047538591Z: [   26.939212] Key type dns_resolver registered
[STDERR  ] 2017-11-27T21:00:48.047544127Z: [   26.940752] microcode: AMD CPU family 0x6 not supported
[STDERR  ] 2017-11-27T21:00:48.047549661Z: [   26.944326] registered taskstats version 1
[STDERR  ] 2017-11-27T21:00:48.047555132Z: [   27.124526] Key type big_key registered
[STDERR  ] 2017-11-27T21:00:48.047560641Z: [   27.131663] ata2: SATA link down (SStatus 0 SControl 300)
[STDERR  ] 2017-11-27T21:00:48.047566224Z: [   27.134704] ata1: SATA link up 1.5 Gbps (SStatus 113 SControl 300)
[STDERR  ] 2017-11-27T21:00:48.047572131Z: [   27.139277] ata1.00: ATA-7: QEMU HARDDISK, 2.5+, max UDMA/100
[STDERR  ] 2017-11-27T21:00:48.047577688Z: [   27.139787] ata1.00: 4194304 sectors, multi 16: LBA48 NCQ (depth 31/32)
[STDERR  ] 2017-11-27T21:00:48.047589121Z: [   27.140867] ata1.00: applying bridge limits
[STDERR  ] 2017-11-27T21:00:48.047594704Z: [   27.143157] ata6: SATA link down (SStatus 0 SControl 300)
[STDERR  ] 2017-11-27T21:00:48.047600376Z: [   27.143761] ata3: SATA link up 1.5 Gbps (SStatus 113 SControl 300)
[STDERR  ] 2017-11-27T21:00:48.047605898Z: [   27.144614] ata3.00: ATAPI: QEMU DVD-ROM, 2.5+, max UDMA/100
[STDERR  ] 2017-11-27T21:00:48.047611427Z: [   27.144960] ata3.00: applying bridge limits
[STDERR  ] 2017-11-27T21:00:48.047617019Z: [   27.145982] ata3.00: configured for UDMA/100
[STDERR  ] 2017-11-27T21:00:48.047622478Z: [   27.147899] ata4: SATA link down (SStatus 0 SControl 300)
[STDERR  ] 2017-11-27T21:00:48.047627963Z: [   27.148402] ata5: SATA link down (SStatus 0 SControl 300)
[STDERR  ] 2017-11-27T21:00:48.0476335Z: [   27.160903] ata1.00: configured for UDMA/100
[STDERR  ] 2017-11-27T21:00:48.047643827Z: [   27.174510] scsi 0:0:0:0: Direct-Access     ATA      QEMU HARDDISK    2.5+ PQ: 0 ANSI: 5
[STDERR  ] 2017-11-27T21:00:48.047649518Z: [   27.190770] sd 0:0:0:0: Attached scsi generic sg0 type 0
[STDERR  ] 2017-11-27T21:00:48.047655029Z: [   27.195668] sd 0:0:0:0: [sda] 4194304 512-byte logical blocks: (2.15 GB/2.00 GiB)
[STDERR  ] 2017-11-27T21:00:48.047661625Z: [   27.202179] scsi 2:0:0:0: CD-ROM            QEMU     QEMU DVD-ROM     2.5+ PQ: 0 ANSI: 5
[STDERR  ] 2017-11-27T21:00:48.04767141Z: [   27.206412] sd 0:0:0:0: [sda] Write Protect is off
[STDERR  ] 2017-11-27T21:00:48.047677215Z: [   27.211059] sd 0:0:0:0: [sda] Write cache: enabled, read cache: enabled, doesn't support DPO or FUA
[STDERR  ] 2017-11-27T21:00:48.047682789Z: [   27.222748] sr 2:0:0:0: [sr0] scsi3-mmc drive: 4x/4x cd/rw xa/form2 tray
[STDERR  ] 2017-11-27T21:00:48.047688411Z: [   27.223526] cdrom: Uniform CD-ROM driver Revision: 3.20
[STDERR  ] 2017-11-27T21:00:48.047693932Z: [   27.250867] sr 2:0:0:0: Attached scsi generic sg1 type 5
[STDERR  ] 2017-11-27T21:00:48.047708696Z: [   27.264925] sd 0:0:0:0: [sda] Attached SCSI disk
[STDERR  ] 2017-11-27T21:00:48.047718049Z: [   27.332958] Key type encrypted registered
[STDERR  ] 2017-11-27T21:00:48.047723829Z: [   27.338526] rtc_cmos 00:00: setting system clock to 2017-11-27 20:48:35 UTC (1511815715)
[STDERR  ] 2017-11-27T21:00:48.047729439Z: [   27.480415] Freeing unused kernel memory: 1380K
[STDERR  ] 2017-11-27T21:00:48.047739925Z: [   27.480853] Write protecting the kernel read-only data: 12288k
[STDERR  ] 2017-11-27T21:00:48.047745608Z: [   27.482778] tsc: Refined TSC clocksource calibration: 2599.939 MHz
[STDERR  ] 2017-11-27T21:00:48.047751205Z: [   27.483370] clocksource: tsc: mask: 0xffffffffffffffff max_cycles: 0x257a0296a5d, max_idle_ns: 440795336269 ns
[STDERR  ] 2017-11-27T21:00:48.047756784Z: [   27.488833] Freeing unused kernel memory: 128K
[STDERR  ] 2017-11-27T21:00:48.047762338Z: [   27.600741] Freeing unused kernel memory: 1396K
[STDERR  ] 2017-11-27T21:00:48.047767825Z: [   28.497875] clocksource: Switched to clocksource tsc
[STDERR  ] 2017-11-27T21:00:48.047773388Z: 
[STDERR  ] 2017-11-27T21:00:48.047778934Z: Welcome to LinuxKit
[STDERR  ] 2017-11-27T21:00:48.047785708Z: 
[STDERR  ] 2017-11-27T21:00:48.047791294Z:                         ##         .
[STDERR  ] 2017-11-27T21:00:48.047797099Z:                   ## ## ##        ==
[STDERR  ] 2017-11-27T21:00:48.047802789Z:                ## ## ## ## ##    ===
[STDERR  ] 2017-11-27T21:00:48.047808443Z:            /"""""""""""""""""\___/ ===
[STDERR  ] 2017-11-27T21:00:48.047813952Z:           {                       /  ===-
[STDERR  ] 2017-11-27T21:00:48.047819621Z:            \______ O           __/
[STDERR  ] 2017-11-27T21:00:48.047825096Z:              \    \         __/
[STDERR  ] 2017-11-27T21:00:48.047830729Z:               \____\_______/
[STDERR  ] 2017-11-27T21:00:48.047836218Z: 
[STDERR  ] 2017-11-27T21:00:48.047842083Z: [  110.580772] 8021q: adding VLAN 0 to HW filter on device eth0
[STDERR  ] 2017-11-27T21:00:48.04785208Z: eth0: waiting for carrier
[STDERR  ] 2017-11-27T21:00:48.047858125Z: eth0: carrier acquired
[STDERR  ] 2017-11-27T21:00:48.0478637Z: DUID 00:01:00:01:21:af:36:f6:5e:4a:56:8b:b5:55
[STDERR  ] 2017-11-27T21:00:48.047869389Z: eth0: IAID 56:8b:b5:55
[STDERR  ] 2017-11-27T21:00:48.047874909Z: eth0: adding address fe80::374f:bc30:e44d:9d36
[STDERR  ] 2017-11-27T21:00:48.047880512Z: eth0: soliciting an IPv6 router
[STDERR  ] 2017-11-27T21:00:48.047885991Z: eth0: soliciting a DHCP lease
[STDERR  ] 2017-11-27T21:00:48.047896943Z: eth0: offered 10.0.2.15 from 10.0.2.2
[STDERR  ] 2017-11-27T21:00:48.047902532Z: eth0: leased 10.0.2.15 for 86400 seconds
[STDERR  ] 2017-11-27T21:00:48.047908169Z: eth0: adding route to 10.0.2.0/24
[STDERR  ] 2017-11-27T21:00:48.047913784Z: eth0: adding default route via 10.0.2.2
[STDERR  ] 2017-11-27T21:00:48.04791926Z: exiting due to oneshot
[STDERR  ] 2017-11-27T21:00:48.047924897Z: dhcpcd exited
[STDERR  ] 2017-11-27T21:00:48.047930709Z: [  113.755647] IPVS: Creating netns size=2104 id=1
[STDERR  ] 2017-11-27T21:00:48.047936293Z: [  113.756184] IPVS: ftp: loaded support on port[0] = 21
[STDERR  ] 2017-11-27T21:00:48.047941771Z: 2017/11/27 20:50:03 Creating partition on /dev/sda
[STDERR  ] 2017-11-27T21:00:48.047947337Z: [  115.612244]  sda:
[STDERR  ] 2017-11-27T21:00:48.047952869Z: [  115.691215]  sda:
[STDERR  ] 2017-11-27T21:00:48.047958333Z: [  115.726127]  sda: sda1
[STDERR  ] 2017-11-27T21:00:48.047963819Z: [  115.810907]  sda: sda1
[STDERR  ] 2017-11-27T21:00:48.047969279Z: 2017/11/27 20:50:06 Partition /dev/sda1 successfully created!
[STDERR  ] 2017-11-27T21:00:48.047974851Z: [  119.644535] IPVS: Creating netns size=2104 id=2
[STDERR  ] 2017-11-27T21:00:48.047980383Z: [  119.644827] IPVS: ftp: loaded support on port[0] = 21
[STDERR  ] 2017-11-27T21:00:48.047988677Z: [  120.991035] EXT4-fs (sda1): couldn't mount as ext3 due to feature incompatibilities
[STDERR  ] 2017-11-27T21:00:48.048001558Z: [  120.999866] EXT4-fs (sda1): couldn't mount as ext2 due to feature incompatibilities
[STDERR  ] 2017-11-27T21:00:48.048014263Z: [  121.029817] EXT4-fs (sda1): mounted filesystem with ordered data mode. Opts: (null)
[STDERR  ] 2017-11-27T21:00:48.048034063Z: v1.0.0-beta.3
[STDERR  ] 2017-11-27T21:00:48.048042464Z: 2b8ed96d2a422bf205adcdfa05272dc12c81613b
[STDERR  ] 2017-11-27T21:00:48.048050895Z: ðŸ‡© root-test
[STDERR  ] 2017-11-27T21:00:48.048059449Z: [  247.645566] XFS (loop0): Mounting V4 Filesystem
[STDERR  ] 2017-11-27T21:00:48.04806776Z: [  247.694149] XFS (loop0): Ending clean mount
[STDERR  ] 2017-11-27T21:00:48.048082829Z: [  247.759091] XFS (loop0): Unmounting Filesystem
[STDERR  ] 2017-11-27T21:00:48.048097879Z: [  248.453794] XFS (loop0): Mounting V4 Filesystem
[STDERR  ] 2017-11-27T21:00:48.048108354Z: [  248.489794] XFS (loop0): Ending clean mount
[STDERR  ] 2017-11-27T21:00:48.048116231Z: [  248.518788] XFS (loop0): Unmounting Filesystem
[STDERR  ] 2017-11-27T21:00:48.048124529Z: ok  	github.com/containerd/containerd/fs	2.348s
[STDERR  ] 2017-11-27T21:00:48.048130209Z: ok  	github.com/containerd/containerd/metadata	5.924s
[STDERR  ] 2017-11-27T21:00:48.048135766Z: [  533.869111] XFS (loop2): Mounting V5 Filesystem
[STDERR  ] 2017-11-27T21:00:48.048141459Z: [  533.922433] XFS (loop2): Ending clean mount
[STDERR  ] 2017-11-27T21:00:48.048147095Z: [  534.092661] XFS (loop2): Unmounting Filesystem
[STDERR  ] 2017-11-27T21:00:48.048152779Z: ok  	github.com/containerd/containerd/mount/lookup_test	1.479s
[STDERR  ] 2017-11-27T21:00:48.048158375Z: [  599.540474] raid6: sse2x1   gen()   343 MB/s
[STDERR  ] 2017-11-27T21:00:48.048164001Z: [  599.710400] raid6: sse2x1   xor()   134 MB/s
