[INFO    ] 2018-02-02T18:45:36.903595403Z: Running Test linuxkit.packages.format_mount.auto in /tmp/build/test/cases/040_packages/006_format_mount/000_auto
[INFO    ] 2018-02-02T18:45:36.903766275Z: Running command: [/bin/sh -x /tmp/build/test/cases/040_packages/006_format_mount/000_auto/test.sh]
[STDERR  ] 2018-02-02T18:45:36.93457668Z: + set -e
[STDERR  ] 2018-02-02T18:45:36.934638375Z: + . /tmp/build/test/cases/_lib/lib.sh
[STDERR  ] 2018-02-02T18:45:36.934646186Z: + [ -f src/github.com/linuxkit/rtf/lib/lib.sh ]
[STDERR  ] 2018-02-02T18:45:36.934653148Z: + LINUXKIT_TMPDIR=/tmp/build/test/cases/_tmp
[STDERR  ] 2018-02-02T18:45:36.934659286Z: + [ -f /tmp/build/test/cases/_tmp/env.sh ]
[STDERR  ] 2018-02-02T18:45:36.934678815Z: + . /tmp/build/test/cases/_tmp/env.sh
[STDERR  ] 2018-02-02T18:45:36.934686034Z: + export LINUXKIT_EXAMPLES_DIR=/tmp/build/test/cases/../../examples
[STDERR  ] 2018-02-02T18:45:36.934693901Z: + RT_CANCEL=253
[STDERR  ] 2018-02-02T18:45:36.934706354Z: + NAME=test-format
[STDERR  ] 2018-02-02T18:45:36.934715805Z: + DISK=disk.img
[STDERR  ] 2018-02-02T18:45:36.934722245Z: + trap clean_up EXIT
[STDERR  ] 2018-02-02T18:45:36.934728859Z: + linuxkit build -format kernel+initrd -name test-format test.yml
[STDERR  ] 2018-02-02T18:45:36.962157267Z: Extract kernel image: linuxkit/kernel:4.9.78
[STDERR  ] 2018-02-02T18:45:38.111926289Z: time="2018-02-02T18:45:38Z" level=warning msg="certificate with CN Justin Cormack is near expiry"
[STDERR  ] 2018-02-02T18:45:38.111972018Z: time="2018-02-02T18:45:38Z" level=warning msg="certificate with CN  is near expiry"
[STDERR  ] 2018-02-02T18:45:38.112005238Z: time="2018-02-02T18:45:38Z" level=warning msg="certificate with CN  is near expiry"
[STDERR  ] 2018-02-02T18:45:38.165115909Z: time="2018-02-02T18:45:38Z" level=warning msg="certificate with CN Justin Cormack is near expiry"
[STDERR  ] 2018-02-02T18:45:38.534953174Z: Add init containers:
[STDERR  ] 2018-02-02T18:45:38.53500703Z: Process init image: linuxkit/init:e650be6c21ef9ecb33534858fc63fb8bc5028c6e
[STDERR  ] 2018-02-02T18:45:39.795136693Z: time="2018-02-02T18:45:39Z" level=warning msg="certificate with CN  is near expiry"
[STDERR  ] 2018-02-02T18:45:39.795189827Z: time="2018-02-02T18:45:39Z" level=warning msg="certificate with CN  is near expiry"
[STDERR  ] 2018-02-02T18:45:39.795597973Z: time="2018-02-02T18:45:39Z" level=warning msg="certificate with CN Justin Cormack is near expiry"
[STDERR  ] 2018-02-02T18:45:39.800200666Z: time="2018-02-02T18:45:39Z" level=warning msg="certificate with CN Justin Cormack is near expiry"
[STDERR  ] 2018-02-02T18:45:39.801898909Z: time="2018-02-02T18:45:39Z" level=warning msg="certificate with CN  is near expiry"
[STDERR  ] 2018-02-02T18:45:39.967576273Z: Process init image: linuxkit/runc:52ecfdef1ae051e7fd5ac5f1d0b7dd859adff015
[STDERR  ] 2018-02-02T18:45:40.967363542Z: time="2018-02-02T18:45:40Z" level=warning msg="certificate with CN Justin Cormack is near expiry"
[STDERR  ] 2018-02-02T18:45:40.967481445Z: time="2018-02-02T18:45:40Z" level=warning msg="certificate with CN  is near expiry"
[STDERR  ] 2018-02-02T18:45:40.9675329Z: time="2018-02-02T18:45:40Z" level=warning msg="certificate with CN  is near expiry"
[STDERR  ] 2018-02-02T18:45:40.971755128Z: time="2018-02-02T18:45:40Z" level=warning msg="certificate with CN Justin Cormack is near expiry"
[STDERR  ] 2018-02-02T18:45:40.974372651Z: time="2018-02-02T18:45:40Z" level=warning msg="certificate with CN  is near expiry"
[STDERR  ] 2018-02-02T18:45:41.114553196Z: Add onboot containers:
[STDERR  ] 2018-02-02T18:45:41.114599357Z:   Create OCI config for linuxkit/format:v0.2
[STDERR  ] 2018-02-02T18:45:42.132111716Z: time="2018-02-02T18:45:42Z" level=warning msg="certificate with CN Justin Cormack is near expiry"
[STDERR  ] 2018-02-02T18:45:42.132237808Z: time="2018-02-02T18:45:42Z" level=warning msg="certificate with CN Rolf Neugebauer is near expiry"
[STDERR  ] 2018-02-02T18:45:42.132293848Z: time="2018-02-02T18:45:42Z" level=warning msg="certificate with CN  is near expiry"
[STDERR  ] 2018-02-02T18:45:42.132376868Z: time="2018-02-02T18:45:42Z" level=warning msg="certificate with CN  is near expiry"
[STDERR  ] 2018-02-02T18:45:42.13430801Z: time="2018-02-02T18:45:42Z" level=warning msg="certificate with CN Justin Cormack is near expiry"
[STDERR  ] 2018-02-02T18:45:42.135721835Z: time="2018-02-02T18:45:42Z" level=warning msg="certificate with CN Rolf Neugebauer is near expiry"
[STDERR  ] 2018-02-02T18:45:42.136769848Z: time="2018-02-02T18:45:42Z" level=warning msg="certificate with CN  is near expiry"
[STDERR  ] 2018-02-02T18:45:42.475952253Z:   Create OCI config for linuxkit/mount:v0.2
[STDERR  ] 2018-02-02T18:45:43.492123881Z: time="2018-02-02T18:45:43Z" level=warning msg="certificate with CN Justin Cormack is near expiry"
[STDERR  ] 2018-02-02T18:45:43.492237598Z: time="2018-02-02T18:45:43Z" level=warning msg="certificate with CN Rolf Neugebauer is near expiry"
[STDERR  ] 2018-02-02T18:45:43.492286532Z: time="2018-02-02T18:45:43Z" level=warning msg="certificate with CN  is near expiry"
[STDERR  ] 2018-02-02T18:45:43.492337264Z: time="2018-02-02T18:45:43Z" level=warning msg="certificate with CN  is near expiry"
[STDERR  ] 2018-02-02T18:45:43.493948723Z: time="2018-02-02T18:45:43Z" level=warning msg="certificate with CN Justin Cormack is near expiry"
[STDERR  ] 2018-02-02T18:45:43.49497289Z: time="2018-02-02T18:45:43Z" level=warning msg="certificate with CN Rolf Neugebauer is near expiry"
[STDERR  ] 2018-02-02T18:45:43.49584425Z: time="2018-02-02T18:45:43Z" level=warning msg="certificate with CN  is near expiry"
[STDERR  ] 2018-02-02T18:45:43.81438113Z:   Create OCI config for alpine:3.7
[STDERR  ] 2018-02-02T18:45:44.997846664Z:   Create OCI config for linuxkit/poweroff:f9a0a5e52fd2a97908bda33db2afffafe4a6a67d
[STDERR  ] 2018-02-02T18:45:46.016865734Z: time="2018-02-02T18:45:46Z" level=warning msg="certificate with CN Justin Cormack is near expiry"
[STDERR  ] 2018-02-02T18:45:46.017090265Z: time="2018-02-02T18:45:46Z" level=warning msg="certificate with CN Rolf Neugebauer is near expiry"
[STDERR  ] 2018-02-02T18:45:46.017155161Z: time="2018-02-02T18:45:46Z" level=warning msg="certificate with CN  is near expiry"
[STDERR  ] 2018-02-02T18:45:46.017234331Z: time="2018-02-02T18:45:46Z" level=warning msg="certificate with CN  is near expiry"
[STDERR  ] 2018-02-02T18:45:46.01931887Z: time="2018-02-02T18:45:46Z" level=warning msg="certificate with CN Rolf Neugebauer is near expiry"
[STDERR  ] 2018-02-02T18:45:46.020194547Z: time="2018-02-02T18:45:46Z" level=warning msg="certificate with CN  is near expiry"
[STDERR  ] 2018-02-02T18:45:46.177161594Z: Add files:
[STDERR  ] 2018-02-02T18:45:46.177280316Z:   check.sh
[STDERR  ] 2018-02-02T18:45:46.185528172Z: Create outputs:
[STDERR  ] 2018-02-02T18:45:51.840015139Z:   test-format-kernel test-format-initrd.img test-format-cmdline
[STDERR  ] 2018-02-02T18:45:51.896877926Z: + linuxkit run -disk file=disk.img,size=512M test-format
[STDERR  ] 2018-02-02T18:45:51.919653534Z: Unable to find qemu-system-x86_64 within the $PATH. Using a container
[STDERR  ] 2018-02-02T18:46:10.992557926Z: + RESULT=[    0.000000] Linux version 4.9.78-linuxkit (root@9ac57ca26f22) (gcc version 6.4.0 (Alpine 6.4.0) ) #1 SMP Wed Jan 24 12:49:16 UTC 2018
[STDERR  ] 2018-02-02T18:46:10.992648299Z: [    0.000000] Command line: console=ttyS0 console=ttyAMA0
[STDERR  ] 2018-02-02T18:46:10.992657863Z: [    0.000000] x86/fpu: Legacy x87 FPU detected.
[STDERR  ] 2018-02-02T18:46:10.992665628Z: [    0.000000] x86/fpu: Using 'eager' FPU context switches.
[STDERR  ] 2018-02-02T18:46:10.992679078Z: [    0.000000] e820: BIOS-provided physical RAM map:
[STDERR  ] 2018-02-02T18:46:10.9926868Z: [    0.000000] BIOS-e820: [mem 0x0000000000000000-0x000000000009fbff] usable
[STDERR  ] 2018-02-02T18:46:10.992694845Z: [    0.000000] BIOS-e820: [mem 0x000000000009fc00-0x000000000009ffff] reserved
[STDERR  ] 2018-02-02T18:46:10.992702118Z: [    0.000000] BIOS-e820: [mem 0x00000000000f0000-0x00000000000fffff] reserved
[STDERR  ] 2018-02-02T18:46:10.992711262Z: [    0.000000] BIOS-e820: [mem 0x0000000000100000-0x000000003ffdefff] usable
[STDERR  ] 2018-02-02T18:46:10.992718185Z: [    0.000000] BIOS-e820: [mem 0x000000003ffdf000-0x000000003fffffff] reserved
[STDERR  ] 2018-02-02T18:46:10.992735499Z: [    0.000000] BIOS-e820: [mem 0x00000000b0000000-0x00000000bfffffff] reserved
[STDERR  ] 2018-02-02T18:46:10.992742909Z: [    0.000000] BIOS-e820: [mem 0x00000000fed1c000-0x00000000fed1ffff] reserved
[STDERR  ] 2018-02-02T18:46:10.992749887Z: [    0.000000] BIOS-e820: [mem 0x00000000feffc000-0x00000000feffffff] reserved
[STDERR  ] 2018-02-02T18:46:10.992756463Z: [    0.000000] BIOS-e820: [mem 0x00000000fffc0000-0x00000000ffffffff] reserved
[STDERR  ] 2018-02-02T18:46:10.992762923Z: [    0.000000] NX (Execute Disable) protection: active
[STDERR  ] 2018-02-02T18:46:10.99276946Z: [    0.000000] SMBIOS 2.8 present.
[STDERR  ] 2018-02-02T18:46:10.992776386Z: [    0.000000] Hypervisor detected: KVM
[STDERR  ] 2018-02-02T18:46:10.992783189Z: [    0.000000] e820: last_pfn = 0x3ffdf max_arch_pfn = 0x400000000
[STDERR  ] 2018-02-02T18:46:10.992792566Z: [    0.000000] x86/PAT: PAT not supported by CPU.
[STDERR  ] 2018-02-02T18:46:10.99280086Z: [    0.000000] x86/PAT: Configuration [0-7]: WB  WT  UC- UC  WB  WT  UC- UC  
[STDERR  ] 2018-02-02T18:46:10.992807394Z: [    0.000000] found SMP MP-table at [mem 0x000f6aa0-0x000f6aaf] mapped at [ffff9d2a000f6aa0]
[STDERR  ] 2018-02-02T18:46:10.992814782Z: [    0.000000] RAMDISK: [mem 0x3dff4000-0x3ffcffff]
[STDERR  ] 2018-02-02T18:46:10.992821464Z: [    0.000000] ACPI: Early table checksum verification disabled
[STDERR  ] 2018-02-02T18:46:10.99282802Z: [    0.000000] ACPI: RSDP 0x00000000000F68B0 000014 (v00 BOCHS )
[STDERR  ] 2018-02-02T18:46:10.992834448Z: [    0.000000] ACPI: RSDT 0x000000003FFE20A8 000034 (v01 BOCHS  BXPCRSDT 00000001 BXPC 00000001)
[STDERR  ] 2018-02-02T18:46:10.99284315Z: [    0.000000] ACPI: FACP 0x000000003FFE1EC8 0000F4 (v03 BOCHS  BXPCFACP 00000001 BXPC 00000001)
[STDERR  ] 2018-02-02T18:46:10.992849551Z: [    0.000000] ACPI: DSDT 0x000000003FFE0040 001E88 (v01 BOCHS  BXPCDSDT 00000001 BXPC 00000001)
[STDERR  ] 2018-02-02T18:46:10.992855915Z: [    0.000000] ACPI: FACS 0x000000003FFE0000 000040
[STDERR  ] 2018-02-02T18:46:10.992868974Z: [    0.000000] ACPI: APIC 0x000000003FFE1FBC 000078 (v01 BOCHS  BXPCAPIC 00000001 BXPC 00000001)
[STDERR  ] 2018-02-02T18:46:10.992875569Z: [    0.000000] ACPI: HPET 0x000000003FFE2034 000038 (v01 BOCHS  BXPCHPET 00000001 BXPC 00000001)
[STDERR  ] 2018-02-02T18:46:10.992881645Z: [    0.000000] ACPI: MCFG 0x000000003FFE206C 00003C (v01 BOCHS  BXPCMCFG 00000001 BXPC 00000001)
[STDERR  ] 2018-02-02T18:46:10.992887692Z: [    0.000000] kvm-clock: Using msrs 4b564d01 and 4b564d00
[STDERR  ] 2018-02-02T18:46:10.992893689Z: [    0.000000] kvm-clock: cpu 0, msr 0:3ffdd001, primary cpu clock
[STDERR  ] 2018-02-02T18:46:10.992899835Z: [    0.000000] clocksource: kvm-clock: mask: 0xffffffffffffffff max_cycles: 0x1cd42e4dffb, max_idle_ns: 881590591483 ns
[STDERR  ] 2018-02-02T18:46:10.992906754Z: [    0.000000] Zone ranges:
[STDERR  ] 2018-02-02T18:46:10.992913155Z: [    0.000000]   DMA      [mem 0x0000000000001000-0x0000000000ffffff]
[STDERR  ] 2018-02-02T18:46:10.992919121Z: [    0.000000]   DMA32    [mem 0x0000000001000000-0x000000003ffdefff]
[STDERR  ] 2018-02-02T18:46:10.992925533Z: [    0.000000]   Normal   empty
[STDERR  ] 2018-02-02T18:46:10.992931743Z: [    0.000000] Movable zone start for each node
[STDERR  ] 2018-02-02T18:46:10.992938516Z: [    0.000000] Early memory node ranges
[STDERR  ] 2018-02-02T18:46:10.992944889Z: [    0.000000]   node   0: [mem 0x0000000000001000-0x000000000009efff]
[STDERR  ] 2018-02-02T18:46:10.992952042Z: [    0.000000]   node   0: [mem 0x0000000000100000-0x000000003ffdefff]
[STDERR  ] 2018-02-02T18:46:10.992958217Z: [    0.000000] Initmem setup node 0 [mem 0x0000000000001000-0x000000003ffdefff]
[STDERR  ] 2018-02-02T18:46:10.992964303Z: [    0.000000] ACPI: PM-Timer IO Port: 0x608
[STDERR  ] 2018-02-02T18:46:10.992970343Z: [    0.000000] ACPI: LAPIC_NMI (acpi_id[0xff] dfl dfl lint[0x1])
[STDERR  ] 2018-02-02T18:46:10.992976424Z: [    0.000000] IOAPIC[0]: apic_id 0, version 17, address 0xfec00000, GSI 0-23
[STDERR  ] 2018-02-02T18:46:10.992985418Z: [    0.000000] ACPI: INT_SRC_OVR (bus 0 bus_irq 0 global_irq 2 dfl dfl)
[STDERR  ] 2018-02-02T18:46:10.992991736Z: [    0.000000] ACPI: INT_SRC_OVR (bus 0 bus_irq 5 global_irq 5 high level)
[STDERR  ] 2018-02-02T18:46:10.992997683Z: [    0.000000] ACPI: INT_SRC_OVR (bus 0 bus_irq 9 global_irq 9 high level)
[STDERR  ] 2018-02-02T18:46:10.993003649Z: [    0.000000] ACPI: INT_SRC_OVR (bus 0 bus_irq 10 global_irq 10 high level)
[STDERR  ] 2018-02-02T18:46:10.993010044Z: [    0.000000] ACPI: INT_SRC_OVR (bus 0 bus_irq 11 global_irq 11 high level)
[STDERR  ] 2018-02-02T18:46:10.993022018Z: [    0.000000] Using ACPI (MADT) for SMP configuration information
[STDERR  ] 2018-02-02T18:46:10.99302837Z: [    0.000000] ACPI: HPET id: 0x8086a201 base: 0xfed00000
[STDERR  ] 2018-02-02T18:46:10.9930345Z: [    0.000000] smpboot: Allowing 1 CPUs, 0 hotplug CPUs
[STDERR  ] 2018-02-02T18:46:10.993040557Z: [    0.000000] e820: [mem 0x40000000-0xafffffff] available for PCI devices
[STDERR  ] 2018-02-02T18:46:10.993046966Z: [    0.000000] Booting paravirtualized kernel on KVM
[STDERR  ] 2018-02-02T18:46:10.993060778Z: [    0.000000] clocksource: refined-jiffies: mask: 0xffffffff max_cycles: 0xffffffff, max_idle_ns: 19112604462750000 ns
[STDERR  ] 2018-02-02T18:46:10.993067838Z: [    0.000000] setup_percpu: NR_CPUS:128 nr_cpumask_bits:128 nr_cpu_ids:1 nr_node_ids:1
[STDERR  ] 2018-02-02T18:46:10.993073978Z: [    0.000000] percpu: Embedded 36 pages/cpu @ffff9d2a3dc00000 s106904 r8192 d32360 u2097152
[STDERR  ] 2018-02-02T18:46:10.993085035Z: [    0.000000] KVM setup async PF for cpu 0
[STDERR  ] 2018-02-02T18:46:10.993093566Z: [    0.000000] kvm-stealtime: cpu 0, msr 3dc0fd80
[STDERR  ] 2018-02-02T18:46:10.99309961Z: [    0.000000] Built 1 zonelists in Zone order, mobility grouping on.  Total pages: 257896
[STDERR  ] 2018-02-02T18:46:10.993105598Z: [    0.000000] Kernel command line: console=ttyS0 console=ttyAMA0
[STDERR  ] 2018-02-02T18:46:10.993111635Z: [    0.000000] PID hash table entries: 4096 (order: 3, 32768 bytes)
[STDERR  ] 2018-02-02T18:46:10.993121395Z: [    0.000000] Dentry cache hash table entries: 131072 (order: 8, 1048576 bytes)
[STDERR  ] 2018-02-02T18:46:10.993128676Z: [    0.000000] Inode-cache hash table entries: 65536 (order: 7, 524288 bytes)
[STDERR  ] 2018-02-02T18:46:10.993135429Z: [    0.000000] Memory: 981496K/1048052K available (8055K kernel code, 1391K rwdata, 2704K rodata, 1400K init, 564K bss, 66556K reserved, 0K cma-reserved)
[STDERR  ] 2018-02-02T18:46:10.993142685Z: [    0.000000] Kernel/User page tables isolation: enabled
[STDERR  ] 2018-02-02T18:46:10.993148813Z: [    0.000000] Hierarchical RCU implementation.
[STDERR  ] 2018-02-02T18:46:10.993154892Z: [    0.000000] 	Build-time adjustment of leaf fanout to 64.
[STDERR  ] 2018-02-02T18:46:10.993161044Z: [    0.000000] 	RCU restricting CPUs from NR_CPUS=128 to nr_cpu_ids=1.
[STDERR  ] 2018-02-02T18:46:10.993167369Z: [    0.000000] RCU: Adjusting geometry for rcu_fanout_leaf=64, nr_cpu_ids=1
[STDERR  ] 2018-02-02T18:46:10.99317392Z: [    0.000000] NR_IRQS:8448 nr_irqs:256 16
[STDERR  ] 2018-02-02T18:46:10.993180056Z: [    0.000000] Console: colour VGA+ 80x25
[STDERR  ] 2018-02-02T18:46:10.993186033Z: [    0.000000] console [ttyS0] enabled
[STDERR  ] 2018-02-02T18:46:10.993192065Z: [    0.000000] clocksource: hpet: mask: 0xffffffff max_cycles: 0xffffffff, max_idle_ns: 19112604467 ns
[STDERR  ] 2018-02-02T18:46:10.993200507Z: [    0.000000] tsc: Detected 2300.000 MHz processor
[STDERR  ] 2018-02-02T18:46:10.9932066Z: [    0.020000] Calibrating delay loop (skipped) preset value.. 4600.00 BogoMIPS (lpj=23000000)
[STDERR  ] 2018-02-02T18:46:10.993212699Z: [    0.022958] pid_max: default: 32768 minimum: 301
[STDERR  ] 2018-02-02T18:46:10.993218947Z: [    0.028156] ACPI: Core revision 20160831
[STDERR  ] 2018-02-02T18:46:10.993224985Z: [    0.030702] ACPI: 1 ACPI AML tables successfully acquired and loaded
[STDERR  ] 2018-02-02T18:46:10.99323385Z: [    0.040093] Security Framework initialized
[STDERR  ] 2018-02-02T18:46:10.993245004Z: [    0.044447] Yama: becoming mindful.
[STDERR  ] 2018-02-02T18:46:10.993251471Z: [    0.048262] Mount-cache hash table entries: 2048 (order: 2, 16384 bytes)
[STDERR  ] 2018-02-02T18:46:10.993257473Z: [    0.050040] Mountpoint-cache hash table entries: 2048 (order: 2, 16384 bytes)
[STDERR  ] 2018-02-02T18:46:10.993263524Z: [    0.060870] CPU: Physical Processor ID: 0
[STDERR  ] 2018-02-02T18:46:10.993269449Z: [    0.070240] Last level iTLB entries: 4KB 0, 2MB 0, 4MB 0
[STDERR  ] 2018-02-02T18:46:10.993275574Z: [    0.076637] Last level dTLB entries: 4KB 0, 2MB 0, 4MB 0, 1GB 0
[STDERR  ] 2018-02-02T18:46:10.993281651Z: [    0.080035] Spectre V2 mitigation: Vulnerable: Minimal generic ASM retpoline
[STDERR  ] 2018-02-02T18:46:10.993287741Z: [    0.203661] Freeing SMP alternatives memory: 20K
[STDERR  ] 2018-02-02T18:46:10.99329372Z: [    0.240272] ftrace: allocating 35561 entries in 139 pages
[STDERR  ] 2018-02-02T18:46:10.993299799Z: [    0.260127] smpboot: Max logical packages: 1
[STDERR  ] 2018-02-02T18:46:10.993305727Z: [    0.272139] x2apic enabled
[STDERR  ] 2018-02-02T18:46:10.993312205Z: [    0.277983] Switched APIC routing to physical x2apic.
[STDERR  ] 2018-02-02T18:46:10.993320583Z: [    0.293099] ..TIMER: vector=0x30 apic1=0 pin1=2 apic2=-1 pin2=-1
[STDERR  ] 2018-02-02T18:46:10.993326609Z: [    0.300000] smpboot: CPU0: Intel QEMU Virtual CPU version 2.5+ (family: 0x6, model: 0x6, stepping: 0x3)
[STDERR  ] 2018-02-02T18:46:10.993332675Z: [    0.300010] Performance Events: PMU not available due to virtualization, using software events only.
[STDERR  ] 2018-02-02T18:46:10.993338774Z: [    0.318869] x86: Booted up 1 node, 1 CPUs
[STDERR  ] 2018-02-02T18:46:10.993344759Z: [    0.320009] smpboot: Total of 1 processors activated (4600.00 BogoMIPS)
[STDERR  ] 2018-02-02T18:46:10.99335087Z: [    0.331960] devtmpfs: initialized
[STDERR  ] 2018-02-02T18:46:10.993357227Z: [    0.335826] x86/mm: Memory block size: 128MB
[STDERR  ] 2018-02-02T18:46:10.993363352Z: [    0.343479] clocksource: jiffies: mask: 0xffffffff max_cycles: 0xffffffff, max_idle_ns: 19112604462750000 ns
[STDERR  ] 2018-02-02T18:46:10.993395486Z: [    0.350029] futex hash table entries: 256 (order: 2, 16384 bytes)
[STDERR  ] 2018-02-02T18:46:10.993401804Z: [    0.360212] NET: Registered protocol family 16
[STDERR  ] 2018-02-02T18:46:10.993407783Z: [    0.365028] cpuidle: using governor ladder
[STDERR  ] 2018-02-02T18:46:10.993413836Z: [    0.370010] cpuidle: using governor menu
[STDERR  ] 2018-02-02T18:46:10.993419823Z: [    0.374306] ACPI: bus type PCI registered
[STDERR  ] 2018-02-02T18:46:10.993425703Z: [    0.380504] PCI: MMCONFIG for domain 0000 [bus 00-ff] at [mem 0xb0000000-0xbfffffff] (base 0xb0000000)
[STDERR  ] 2018-02-02T18:46:10.993431643Z: [    0.390013] PCI: MMCONFIG at [mem 0xb0000000-0xbfffffff] reserved in E820
[STDERR  ] 2018-02-02T18:46:10.993437752Z: [    0.397119] PCI: Using configuration type 1 for base access
[STDERR  ] 2018-02-02T18:46:10.993443731Z: [    0.401769] HugeTLB registered 2 MB page size, pre-allocated 0 pages
[STDERR  ] 2018-02-02T18:46:10.993449683Z: [    0.410235] ACPI: Added _OSI(Module Device)
[STDERR  ] 2018-02-02T18:46:10.993457847Z: [    0.415886] ACPI: Added _OSI(Processor Device)
[STDERR  ] 2018-02-02T18:46:10.993463934Z: [    0.420011] ACPI: Added _OSI(3.0 _SCP Extensions)
[STDERR  ] 2018-02-02T18:46:10.993469927Z: [    0.424734] ACPI: Added _OSI(Processor Aggregator Device)
[STDERR  ] 2018-02-02T18:46:10.993475951Z: [    0.434973] ACPI: Interpreter enabled
[STDERR  ] 2018-02-02T18:46:10.993481745Z: [    0.440021] ACPI: (supports S0 S5)
[STDERR  ] 2018-02-02T18:46:10.993490057Z: [    0.443469] ACPI: Using IOAPIC for interrupt routing
[STDERR  ] 2018-02-02T18:46:10.993496253Z: [    0.450077] PCI: Using host bridge windows from ACPI; if necessary, use "pci=nocrs" and report a bug
[STDERR  ] 2018-02-02T18:46:10.993502399Z: [    0.463850] ACPI: PCI Root Bridge [PCI0] (domain 0000 [bus 00-ff])
[STDERR  ] 2018-02-02T18:46:10.99350833Z: [    0.470021] acpi PNP0A08:00: _OSC: OS supports [ExtendedConfig ASPM ClockPM Segments MSI]
[STDERR  ] 2018-02-02T18:46:10.993517622Z: [    0.480178] acpi PNP0A08:00: _OSC: OS now controls [PCIeHotplug PME PCIeCapability]
[STDERR  ] 2018-02-02T18:46:10.993523884Z: [    0.487872] PCI host bridge to bus 0000:00
[STDERR  ] 2018-02-02T18:46:10.993529813Z: [    0.490013] pci_bus 0000:00: root bus resource [io  0x0000-0x0cf7 window]
[STDERR  ] 2018-02-02T18:46:10.993535784Z: [    0.496794] pci_bus 0000:00: root bus resource [io  0x0d00-0xffff window]
[STDERR  ] 2018-02-02T18:46:10.993541704Z: [    0.500015] pci_bus 0000:00: root bus resource [mem 0x000a0000-0x000bffff window]
[STDERR  ] 2018-02-02T18:46:10.993547486Z: [    0.510014] pci_bus 0000:00: root bus resource [mem 0xc0000000-0xfebfffff window]
[STDERR  ] 2018-02-02T18:46:10.993553378Z: [    0.520015] pci_bus 0000:00: root bus resource [bus 00-ff]
[STDERR  ] 2018-02-02T18:46:10.993559283Z: [    0.652181] pci 0000:00:1f.0: quirk: [io  0x0600-0x067f] claimed by ICH6 ACPI/GPIO/TCO
[STDERR  ] 2018-02-02T18:46:10.993571025Z: [    0.715934] ACPI: PCI Interrupt Link [LNKA] (IRQs 5 *10 11)
[STDERR  ] 2018-02-02T18:46:10.993577713Z: [    0.722151] ACPI: PCI Interrupt Link [LNKB] (IRQs 5 *10 11)
[STDERR  ] 2018-02-02T18:46:10.993586065Z: [    0.731327] ACPI: PCI Interrupt Link [LNKC] (IRQs 5 10 *11)
[STDERR  ] 2018-02-02T18:46:10.993592206Z: [    0.738556] ACPI: PCI Interrupt Link [LNKD] (IRQs 5 10 *11)
[STDERR  ] 2018-02-02T18:46:10.99359812Z: [    0.742306] ACPI: PCI Interrupt Link [LNKE] (IRQs 5 *10 11)
[STDERR  ] 2018-02-02T18:46:10.993606518Z: [    0.752194] ACPI: PCI Interrupt Link [LNKF] (IRQs 5 *10 11)
[STDERR  ] 2018-02-02T18:46:10.993612509Z: [    0.760685] ACPI: PCI Interrupt Link [LNKG] (IRQs 5 10 *11)
[STDERR  ] 2018-02-02T18:46:10.993618299Z: [    0.767861] ACPI: PCI Interrupt Link [LNKH] (IRQs 5 10 *11)
[STDERR  ] 2018-02-02T18:46:10.993624474Z: [    0.772498] ACPI: PCI Interrupt Link [GSIA] (IRQs *16)
[STDERR  ] 2018-02-02T18:46:10.993630386Z: [    0.781045] ACPI: PCI Interrupt Link [GSIB] (IRQs *17)
[STDERR  ] 2018-02-02T18:46:10.99363635Z: [    0.787265] ACPI: PCI Interrupt Link [GSIC] (IRQs *18)
[STDERR  ] 2018-02-02T18:46:10.993648097Z: [    0.791315] ACPI: PCI Interrupt Link [GSID] (IRQs *19)
[STDERR  ] 2018-02-02T18:46:10.99365427Z: [    0.800588] ACPI: PCI Interrupt Link [GSIE] (IRQs *20)
[STDERR  ] 2018-02-02T18:46:10.993660066Z: [    0.806408] ACPI: PCI Interrupt Link [GSIF] (IRQs *21)
[STDERR  ] 2018-02-02T18:46:10.99366615Z: [    0.811048] ACPI: PCI Interrupt Link [GSIG] (IRQs *22)
[STDERR  ] 2018-02-02T18:46:10.99367204Z: [    0.817042] ACPI: PCI Interrupt Link [GSIH] (IRQs *23)
[STDERR  ] 2018-02-02T18:46:10.993677859Z: [    0.821411] ACPI: Enabled 1 GPEs in block 00 to 3F
[STDERR  ] 2018-02-02T18:46:10.993685841Z: [    0.830498] SCSI subsystem initialized
[STDERR  ] 2018-02-02T18:46:10.993691987Z: [    0.834439] ACPI: bus type USB registered
[STDERR  ] 2018-02-02T18:46:10.993697708Z: [    0.838791] usbcore: registered new interface driver usbfs
[STDERR  ] 2018-02-02T18:46:10.993703816Z: [    0.840057] usbcore: registered new interface driver hub
[STDERR  ] 2018-02-02T18:46:10.99370956Z: [    0.850047] usbcore: registered new device driver usb
[STDERR  ] 2018-02-02T18:46:10.993715385Z: [    0.856620] pps_core: LinuxPPS API ver. 1 registered
[STDERR  ] 2018-02-02T18:46:10.993721193Z: [    0.860009] pps_core: Software ver. 5.3.6 - Copyright 2005-2007 Rodolfo Giometti <giometti@linux.it>
[STDERR  ] 2018-02-02T18:46:10.993727347Z: [    0.870028] PTP clock support registered
[STDERR  ] 2018-02-02T18:46:10.993733242Z: [    0.874113] PCI: Using ACPI for IRQ routing
[STDERR  ] 2018-02-02T18:46:10.993739238Z: [    1.280516] NetLabel: Initializing
[STDERR  ] 2018-02-02T18:46:10.993745136Z: [    1.284250] NetLabel:  domain hash size = 128
[STDERR  ] 2018-02-02T18:46:10.993751089Z: [    1.288814] NetLabel:  protocols = UNLABELED CIPSOv4
[STDERR  ] 2018-02-02T18:46:10.993756862Z: [    1.290041] NetLabel:  unlabeled traffic allowed by default
[STDERR  ] 2018-02-02T18:46:10.993762701Z: [    1.300101] wmi: Mapper loaded
[STDERR  ] 2018-02-02T18:46:10.993771928Z: [    1.303942] HPET: 3 timers in total, 0 timers will be used for per-cpu timer
[STDERR  ] 2018-02-02T18:46:10.993778056Z: [    1.310145] hpet0: at MMIO 0xfed00000, IRQs 2, 8, 0
[STDERR  ] 2018-02-02T18:46:10.993783957Z: [    1.315849] hpet0: 3 comparators, 64-bit 100.000000 MHz counter
[STDERR  ] 2018-02-02T18:46:10.993789874Z: [    1.330048] clocksource: Switched to clocksource kvm-clock
[STDERR  ] 2018-02-02T18:46:10.993795768Z: [    1.349960] VFS: Disk quotas dquot_6.6.0
[STDERR  ] 2018-02-02T18:46:10.993801612Z: [    1.354315] VFS: Dquot-cache hash table entries: 512 (order 0, 4096 bytes)
[STDERR  ] 2018-02-02T18:46:10.993807563Z: [    1.361674] FS-Cache: Loaded
[STDERR  ] 2018-02-02T18:46:10.993813793Z: [    1.364863] CacheFiles: Loaded
[STDERR  ] 2018-02-02T18:46:10.993819933Z: [    1.368279] pnp: PnP ACPI init
[STDERR  ] 2018-02-02T18:46:10.993827938Z: [    1.372803] pnp: PnP ACPI: found 5 devices
[STDERR  ] 2018-02-02T18:46:10.993833887Z: [    1.384121] clocksource: acpi_pm: mask: 0xffffff max_cycles: 0xffffff, max_idle_ns: 2085701024 ns
[STDERR  ] 2018-02-02T18:46:10.993840022Z: [    1.394219] NET: Registered protocol family 2
[STDERR  ] 2018-02-02T18:46:10.993845797Z: [    1.399479] TCP established hash table entries: 8192 (order: 4, 65536 bytes)
[STDERR  ] 2018-02-02T18:46:10.993851742Z: [    1.407494] TCP bind hash table entries: 8192 (order: 5, 131072 bytes)
[STDERR  ] 2018-02-02T18:46:10.993857586Z: [    1.415896] TCP: Hash tables configured (established 8192 bind 8192)
[STDERR  ] 2018-02-02T18:46:10.993865995Z: [    1.423056] UDP hash table entries: 512 (order: 2, 16384 bytes)
[STDERR  ] 2018-02-02T18:46:10.993871973Z: [    1.429149] UDP-Lite hash table entries: 512 (order: 2, 16384 bytes)
[STDERR  ] 2018-02-02T18:46:10.993877978Z: [    1.441116] NET: Registered protocol family 1
[STDERR  ] 2018-02-02T18:46:10.993883944Z: [    1.445829] pci 0000:00:01.0: Video device with shadowed ROM at [mem 0x000c0000-0x000dffff]
[STDERR  ] 2018-02-02T18:46:10.993891708Z: [    1.454931] Unpacking initramfs...
[STDERR  ] 2018-02-02T18:46:10.993897665Z: [    2.015216] Freeing initrd memory: 32624K
[STDERR  ] 2018-02-02T18:46:10.993908283Z: [    2.020776] PCLMULQDQ-NI instructions are not detected.
[STDERR  ] 2018-02-02T18:46:10.993914844Z: [    2.026339] AVX or AES-NI instructions are not detected.
[STDERR  ] 2018-02-02T18:46:10.993923216Z: [    2.031912] CPU feature 'AVX registers' is not supported.
[STDERR  ] 2018-02-02T18:46:10.993929245Z: [    2.037615] CPU feature 'AVX registers' is not supported.
[STDERR  ] 2018-02-02T18:46:10.99393519Z: [    2.043702] CPU feature 'AVX registers' is not supported.
[STDERR  ] 2018-02-02T18:46:10.993941209Z: [    2.049440] CPU feature 'AVX registers' is not supported.
[STDERR  ] 2018-02-02T18:46:10.993947131Z: [    2.055157] AVX2 or AES-NI instructions are not detected.
[STDERR  ] 2018-02-02T18:46:10.993952953Z: [    2.062490] AVX2 instructions are not detected.
[STDERR  ] 2018-02-02T18:46:10.993958937Z: [    2.067771] audit: initializing netlink subsys (disabled)
[STDERR  ] 2018-02-02T18:46:10.9939648Z: [    2.073740] audit: type=2000 audit(1517597155.788:1): initialized
[STDERR  ] 2018-02-02T18:46:10.993970748Z: [    2.081327] workingset: timestamp_bits=46 max_order=18 bucket_order=0
[STDERR  ] 2018-02-02T18:46:10.993976735Z: [    2.088266] squashfs: version 4.0 (2009/01/31) Phillip Lougher
[STDERR  ] 2018-02-02T18:46:10.993982699Z: [    2.094614] FS-Cache: Netfs 'cifs' registered for caching
[STDERR  ] 2018-02-02T18:46:10.993988788Z: [    2.100973] fuse init (API version 7.26)
[STDERR  ] 2018-02-02T18:46:10.99399476Z: [    2.105262] SGI XFS with ACLs, security attributes, no debug enabled
[STDERR  ] 2018-02-02T18:46:10.994000764Z: [    2.112070] 9p: Installing v9fs 9p2000 file system support
[STDERR  ] 2018-02-02T18:46:10.994006773Z: [    2.118400] FS-Cache: Netfs '9p' registered for caching
[STDERR  ] 2018-02-02T18:46:10.994012789Z: [    2.124971] NET: Registered protocol family 38
[STDERR  ] 2018-02-02T18:46:10.9940206Z: [    2.129586] Key type asymmetric registered
[STDERR  ] 2018-02-02T18:46:10.994029896Z: [    2.133963] Asymmetric key parser 'x509' registered
[STDERR  ] 2018-02-02T18:46:10.994035876Z: [    2.139118] Block layer SCSI generic (bsg) driver version 0.4 loaded (major 251)
[STDERR  ] 2018-02-02T18:46:10.994042161Z: [    2.146989] io scheduler noop registered
[STDERR  ] 2018-02-02T18:46:10.994047979Z: [    2.151201] io scheduler deadline registered (default)
[STDERR  ] 2018-02-02T18:46:10.9940539Z: [    2.156663] io scheduler cfq registered
[STDERR  ] 2018-02-02T18:46:10.994059727Z: [    2.161354] pci_hotplug: PCI Hot Plug PCI Core version: 0.5
[STDERR  ] 2018-02-02T18:46:10.994065636Z: [    2.168467] pciehp: PCI Express Hot Plug Controller Driver version: 0.4
[STDERR  ] 2018-02-02T18:46:10.994071564Z: [    2.176088] shpchp: Standard Hot Plug PCI Controller Driver version: 0.4
[STDERR  ] 2018-02-02T18:46:10.994077568Z: [    2.184117] hv_vmbus: registering driver hyperv_fb
[STDERR  ] 2018-02-02T18:46:10.994083384Z: [    2.189919] input: Power Button as /devices/LNXSYSTM:00/LNXPWRBN:00/input/input0
[STDERR  ] 2018-02-02T18:46:10.994091807Z: [    2.198399] ACPI: Power Button [PWRF]
[STDERR  ] 2018-02-02T18:46:10.994100975Z: [    2.203070] GHES: HEST is not enabled!
[STDERR  ] 2018-02-02T18:46:10.994106911Z: [    2.207806] ACPI: PCI Interrupt Link [GSIG] enabled at IRQ 22
[STDERR  ] 2018-02-02T18:46:10.994112827Z: [    2.221636] ACPI: PCI Interrupt Link [GSIH] enabled at IRQ 23
[STDERR  ] 2018-02-02T18:46:10.994118782Z: [    2.233376] xenfs: not registering filesystem on non-xen platform
[STDERR  ] 2018-02-02T18:46:10.994126539Z: [    2.239564] Serial: 8250/16550 driver, 4 ports, IRQ sharing disabled
[STDERR  ] 2018-02-02T18:46:10.994132571Z: [    2.280457] 00:04: ttyS0 at I/O 0x3f8 (irq = 4, base_baud = 115200) is a 16550A
[STDERR  ] 2018-02-02T18:46:10.994138458Z: [    2.289263] Non-volatile memory driver v1.3
[STDERR  ] 2018-02-02T18:46:10.994144529Z: [    2.296154] Hangcheck: starting hangcheck timer 0.9.1 (tick is 180 seconds, margin is 60 seconds).
[STDERR  ] 2018-02-02T18:46:10.994150628Z: [    2.305806] random: fast init done
[STDERR  ] 2018-02-02T18:46:10.994159695Z: [    2.309991] random: crng init done
[STDERR  ] 2018-02-02T18:46:10.994165672Z: [    2.315448] loop: module loaded
[STDERR  ] 2018-02-02T18:46:10.994171631Z: [    2.319669] nbd: registered device at major 43
[STDERR  ] 2018-02-02T18:46:10.994177469Z: [    2.326192] lpc_ich 0000:00:1f.0: I/O space for GPIO uninitialized
[STDERR  ] 2018-02-02T18:46:10.994183435Z: [    2.333589] VMware PVSCSI driver - version 1.0.7.0-k
[STDERR  ] 2018-02-02T18:46:10.994189336Z: [    2.340206] hv_vmbus: registering driver hv_storvsc
[STDERR  ] 2018-02-02T18:46:10.994195395Z: [    2.345852] ACPI: PCI Interrupt Link [GSIA] enabled at IRQ 16
[STDERR  ] 2018-02-02T18:46:10.994201229Z: [    2.355300] ahci 0000:00:1f.2: AHCI 0001.0000 32 slots 6 ports 1.5 Gbps 0x3f impl SATA mode
[STDERR  ] 2018-02-02T18:46:10.994207735Z: [    2.364760] ahci 0000:00:1f.2: flags: 64bit ncq only 
[STDERR  ] 2018-02-02T18:46:10.994213564Z: [    2.373632] scsi host0: ahci
[STDERR  ] 2018-02-02T18:46:10.994219517Z: [    2.377063] scsi host1: ahci
[STDERR  ] 2018-02-02T18:46:10.994225336Z: [    2.380375] scsi host2: ahci
[STDERR  ] 2018-02-02T18:46:10.994235559Z: [    2.383577] scsi host3: ahci
[STDERR  ] 2018-02-02T18:46:10.994241568Z: [    2.386800] scsi host4: ahci
[STDERR  ] 2018-02-02T18:46:10.994248843Z: [    2.390161] scsi host5: ahci
[STDERR  ] 2018-02-02T18:46:10.994257856Z: [    2.393653] ata1: SATA max UDMA/133 abar m4096@0xfebd2000 port 0xfebd2100 irq 24
[STDERR  ] 2018-02-02T18:46:10.994267302Z: [    2.402715] ata2: SATA max UDMA/133 abar m4096@0xfebd2000 port 0xfebd2180 irq 24
[STDERR  ] 2018-02-02T18:46:10.994276556Z: [    2.410352] ata3: SATA max UDMA/133 abar m4096@0xfebd2000 port 0xfebd2200 irq 24
[STDERR  ] 2018-02-02T18:46:10.994285625Z: [    2.418794] ata4: SATA max UDMA/133 abar m4096@0xfebd2000 port 0xfebd2280 irq 24
[STDERR  ] 2018-02-02T18:46:10.99429582Z: [    2.426442] ata5: SATA max UDMA/133 abar m4096@0xfebd2000 port 0xfebd2300 irq 24
[STDERR  ] 2018-02-02T18:46:10.994310851Z: [    2.436223] ata6: SATA max UDMA/133 abar m4096@0xfebd2000 port 0xfebd2380 irq 24
[STDERR  ] 2018-02-02T18:46:10.994324448Z: [    2.446941] tun: Universal TUN/TAP device driver, 1.6
[STDERR  ] 2018-02-02T18:46:10.994335021Z: [    2.456417] tun: (C) 1999-2004 Max Krasnyansky <maxk@qualcomm.com>
[STDERR  ] 2018-02-02T18:46:10.994345877Z: [    2.467234] VMware vmxnet3 virtual NIC driver - version 1.4.a.0-k-NAPI
[STDERR  ] 2018-02-02T18:46:10.994356632Z: [    2.474623] hv_vmbus: registering driver hv_netvsc
[STDERR  ] 2018-02-02T18:46:10.994365751Z: [    2.479699] Fusion MPT base driver 3.04.20
[STDERR  ] 2018-02-02T18:46:10.994375352Z: [    2.483984] Copyright (c) 1999-2008 LSI Corporation
[STDERR  ] 2018-02-02T18:46:10.994382592Z: [    2.488999] Fusion MPT SPI Host driver 3.04.20
[STDERR  ] 2018-02-02T18:46:10.994390482Z: [    2.493704] i8042: PNP: PS/2 Controller [PNP0303:KBD,PNP0f13:MOU] at 0x60,0x64 irq 1,12
[STDERR  ] 2018-02-02T18:46:10.994396713Z: [    2.505676] serio: i8042 KBD port at 0x60,0x64 irq 1
[STDERR  ] 2018-02-02T18:46:10.994410305Z: [    2.511766] serio: i8042 AUX port at 0x60,0x64 irq 12
[STDERR  ] 2018-02-02T18:46:10.994416535Z: [    2.517025] hv_vmbus: registering driver hyperv_keyboard
[STDERR  ] 2018-02-02T18:46:10.994422518Z: [    2.522704] mousedev: PS/2 mouse device common for all mice
[STDERR  ] 2018-02-02T18:46:10.994428371Z: [    2.529671] input: AT Translated Set 2 keyboard as /devices/platform/i8042/serio0/input/input1
[STDERR  ] 2018-02-02T18:46:10.994434412Z: [    2.538508] input: PC Speaker as /devices/platform/pcspkr/input/input2
[STDERR  ] 2018-02-02T18:46:10.994440489Z: [    2.545493] rtc_cmos 00:00: RTC can wake from S4
[STDERR  ] 2018-02-02T18:46:10.994446464Z: [    2.552456] rtc_cmos 00:00: rtc core: registered rtc_cmos as rtc0
[STDERR  ] 2018-02-02T18:46:10.994452281Z: [    2.559791] rtc_cmos 00:00: alarms up to one day, y3k, 114 bytes nvram, hpet irqs
[STDERR  ] 2018-02-02T18:46:10.994458386Z: [    2.568522] i2c /dev entries driver
[STDERR  ] 2018-02-02T18:46:10.994471827Z: [    2.572263] device-mapper: ioctl: 4.35.0-ioctl (2016-06-23) initialised: dm-devel@redhat.com
[STDERR  ] 2018-02-02T18:46:10.994478107Z: [    2.583409] usbcore: registered new interface driver usbhid
[STDERR  ] 2018-02-02T18:46:10.994483941Z: [    2.589483] usbhid: USB HID core driver
[STDERR  ] 2018-02-02T18:46:10.994490199Z: [    2.593747] hv_utils: Registering HyperV Utility Driver
[STDERR  ] 2018-02-02T18:46:10.994496033Z: [    2.599335] hv_vmbus: registering driver hv_util
[STDERR  ] 2018-02-02T18:46:10.994501867Z: [    2.604568] hv_vmbus: registering driver hv_balloon
[STDERR  ] 2018-02-02T18:46:10.994507633Z: [    2.609527] oprofile: using NMI interrupt.
[STDERR  ] 2018-02-02T18:46:10.994513686Z: [    2.613923] GACT probability on
[STDERR  ] 2018-02-02T18:46:10.994519677Z: [    2.617129] Mirror/redirect action on
[STDERR  ] 2018-02-02T18:46:10.994525566Z: [    2.620999] Simple TC action Loaded
[STDERR  ] 2018-02-02T18:46:10.994533802Z: [    2.624844] u32 classifier
[STDERR  ] 2018-02-02T18:46:10.994539858Z: [    2.627657]     Performance counters on
[STDERR  ] 2018-02-02T18:46:10.994545744Z: [    2.631699]     input device check on
[STDERR  ] 2018-02-02T18:46:10.994551601Z: [    2.635437]     Actions configured
[STDERR  ] 2018-02-02T18:46:10.994557428Z: [    2.638956] Netfilter messages via NETLINK v0.30.
[STDERR  ] 2018-02-02T18:46:10.994572801Z: [    2.643784] nfnl_acct: registering with nfnetlink.
[STDERR  ] 2018-02-02T18:46:10.994579251Z: [    2.648723] nf_conntrack version 0.5.0 (8192 buckets, 32768 max)
[STDERR  ] 2018-02-02T18:46:10.994585222Z: [    2.656716] ctnetlink v0.93: registering with nfnetlink.
[STDERR  ] 2018-02-02T18:46:10.994592896Z: [    2.662512] nf_tables: (c) 2007-2009 Patrick McHardy <kaber@trash.net>
[STDERR  ] 2018-02-02T18:46:10.994598892Z: [    2.668710] nf_tables_compat: (c) 2012 Pablo Neira Ayuso <pablo@netfilter.org>
[STDERR  ] 2018-02-02T18:46:10.994604875Z: [    2.676683] xt_time: kernel timezone is -0000
[STDERR  ] 2018-02-02T18:46:10.994613905Z: [    2.681421] ip_set: protocol 6
[STDERR  ] 2018-02-02T18:46:10.994620029Z: [    2.684733] IPVS: Registered protocols (TCP, UDP, SCTP, AH, ESP)
[STDERR  ] 2018-02-02T18:46:10.994626021Z: [    2.691189] IPVS: Connection hash table configured (size=4096, memory=64Kbytes)
[STDERR  ] 2018-02-02T18:46:10.994631896Z: [    2.698981] IPVS: Creating netns size=2104 id=0
[STDERR  ] 2018-02-02T18:46:10.994637694Z: [    2.704834] IPVS: ipvs loaded.
[STDERR  ] 2018-02-02T18:46:10.994643687Z: [    2.708000] IPVS: [rr] scheduler registered.
[STDERR  ] 2018-02-02T18:46:10.9946496Z: [    2.712728] IPVS: [wrr] scheduler registered.
[STDERR  ] 2018-02-02T18:46:10.994655431Z: [    2.717159] IPVS: [lc] scheduler registered.
[STDERR  ] 2018-02-02T18:46:10.994661268Z: [    2.721689] IPVS: [wlc] scheduler registered.
[STDERR  ] 2018-02-02T18:46:10.99466717Z: [    2.726224] IPVS: [fo] scheduler registered.
[STDERR  ] 2018-02-02T18:46:10.994673097Z: [    2.731897] IPVS: [ovf] scheduler registered.
[STDERR  ] 2018-02-02T18:46:10.994678922Z: [    2.737388] IPVS: [lblc] scheduler registered.
[STDERR  ] 2018-02-02T18:46:10.994684733Z: [    2.742120] IPVS: [lblcr] scheduler registered.
[STDERR  ] 2018-02-02T18:46:10.994690506Z: [    2.747137] IPVS: [dh] scheduler registered.
[STDERR  ] 2018-02-02T18:46:10.994696383Z: [    2.751568] IPVS: [sh] scheduler registered.
[STDERR  ] 2018-02-02T18:46:10.99470471Z: [    2.756178] IPVS: [sed] scheduler registered.
[STDERR  ] 2018-02-02T18:46:10.994714447Z: [    2.760724] IPVS: [nq] scheduler registered.
[STDERR  ] 2018-02-02T18:46:10.994723076Z: [    2.765351] IPVS: ftp: loaded support on port[0] = 21
[STDERR  ] 2018-02-02T18:46:10.994729085Z: [    2.771111] ata4: SATA link down (SStatus 0 SControl 300)
[STDERR  ] 2018-02-02T18:46:10.994735385Z: [    2.777367] ata3: SATA link up 1.5 Gbps (SStatus 113 SControl 300)
[STDERR  ] 2018-02-02T18:46:10.994743952Z: [    2.784749] ata2: SATA link down (SStatus 0 SControl 300)
[STDERR  ] 2018-02-02T18:46:10.994749863Z: [    2.791774] ata1: SATA link up 1.5 Gbps (SStatus 113 SControl 300)
[STDERR  ] 2018-02-02T18:46:10.99476001Z: [    2.798541] ata1.00: ATA-7: QEMU HARDDISK, 2.5+, max UDMA/100
[STDERR  ] 2018-02-02T18:46:10.994766005Z: [    2.804386] ata1.00: 1048576 sectors, multi 16: LBA48 NCQ (depth 31/32)
[STDERR  ] 2018-02-02T18:46:10.994771857Z: [    2.811164] ata1.00: applying bridge limits
[STDERR  ] 2018-02-02T18:46:10.994777733Z: [    2.816160] ata5: SATA link down (SStatus 0 SControl 300)
[STDERR  ] 2018-02-02T18:46:10.994783901Z: [    2.822417] ata6: SATA link down (SStatus 0 SControl 300)
[STDERR  ] 2018-02-02T18:46:10.994789724Z: [    2.828147] ipip: IPv4 and MPLS over IPv4 tunneling driver
[STDERR  ] 2018-02-02T18:46:10.994795662Z: [    2.833756] ata3.00: ATAPI: QEMU DVD-ROM, 2.5+, max UDMA/100
[STDERR  ] 2018-02-02T18:46:10.994801531Z: [    2.839454] ata3.00: applying bridge limits
[STDERR  ] 2018-02-02T18:46:10.994807425Z: [    2.844417] gre: GRE over IPv4 demultiplexor driver
[STDERR  ] 2018-02-02T18:46:10.994813375Z: [    2.849946] ip_tables: (C) 2000-2006 Netfilter Core Team
[STDERR  ] 2018-02-02T18:46:10.994819295Z: [    2.855878] ata3.00: configured for UDMA/100
[STDERR  ] 2018-02-02T18:46:10.994827641Z: [    2.860988] ipt_CLUSTERIP: ClusterIP Version 0.8 loaded successfully
[STDERR  ] 2018-02-02T18:46:10.994833591Z: [    2.868477] arp_tables: arp_tables: (C) 2002 David S. Miller
[STDERR  ] 2018-02-02T18:46:10.994839373Z: [    2.876426] ata1.00: configured for UDMA/100
[STDERR  ] 2018-02-02T18:46:10.994845156Z: [    2.881226] scsi 0:0:0:0: Direct-Access     ATA      QEMU HARDDISK    2.5+ PQ: 0 ANSI: 5
[STDERR  ] 2018-02-02T18:46:10.994851892Z: [    2.889788] NET: Registered protocol family 10
[STDERR  ] 2018-02-02T18:46:10.994867718Z: [    2.894585] sd 0:0:0:0: Attached scsi generic sg0 type 0
[STDERR  ] 2018-02-02T18:46:10.994877526Z: [    2.901211] sd 0:0:0:0: [sda] 1048576 512-byte logical blocks: (537 MB/512 MiB)
[STDERR  ] 2018-02-02T18:46:10.994885331Z: [    2.909393] ip6_tables: (C) 2000-2006 Netfilter Core Team
[STDERR  ] 2018-02-02T18:46:10.994897734Z: [    2.914957] sd 0:0:0:0: [sda] Write Protect is off
[STDERR  ] 2018-02-02T18:46:10.994907926Z: [    2.920401] scsi 2:0:0:0: CD-ROM            QEMU     QEMU DVD-ROM     2.5+ PQ: 0 ANSI: 5
[STDERR  ] 2018-02-02T18:46:10.994917566Z: [    2.930356] NET: Registered protocol family 17
[STDERR  ] 2018-02-02T18:46:10.994926759Z: [    2.935196] Bridge firewalling registered
[STDERR  ] 2018-02-02T18:46:10.994936146Z: [    2.939464] Ebtables v2.0 registered
[STDERR  ] 2018-02-02T18:46:10.994945028Z: [    2.943834] sd 0:0:0:0: [sda] Write cache: enabled, read cache: enabled, doesn't support DPO or FUA
[STDERR  ] 2018-02-02T18:46:10.994954961Z: [    2.954304] sr 2:0:0:0: [sr0] scsi3-mmc drive: 4x/4x cd/rw xa/form2 tray
[STDERR  ] 2018-02-02T18:46:10.99496116Z: [    2.961944] cdrom: Uniform CD-ROM driver Revision: 3.20
[STDERR  ] 2018-02-02T18:46:10.994967245Z: [    2.968350] 8021q: 802.1Q VLAN Support v1.8
[STDERR  ] 2018-02-02T18:46:10.994973174Z: [    2.973872] sd 0:0:0:0: [sda] Attached SCSI disk
[STDERR  ] 2018-02-02T18:46:10.994979108Z: [    2.980384] sr 2:0:0:0: Attached scsi generic sg1 type 5
[STDERR  ] 2018-02-02T18:46:10.994985044Z: [    2.986377] 9pnet: Installing 9P2000 support
[STDERR  ] 2018-02-02T18:46:10.994990824Z: [    2.991266] Key type dns_resolver registered
[STDERR  ] 2018-02-02T18:46:10.994996681Z: [    2.996179] microcode: sig=0x663, pf=0x1, revision=0x1
[STDERR  ] 2018-02-02T18:46:10.995004901Z: [    3.002072] microcode: Microcode Update Driver: v2.01 <tigran@aivazian.fsnet.co.uk>, Peter Oruba
[STDERR  ] 2018-02-02T18:46:10.995011091Z: [    3.011941] registered taskstats version 1
[STDERR  ] 2018-02-02T18:46:10.995016915Z: [    3.022145] Key type big_key registered
[STDERR  ] 2018-02-02T18:46:10.995024928Z: [    3.031985] Key type encrypted registered
[STDERR  ] 2018-02-02T18:46:10.995030892Z: [    3.038275] rtc_cmos 00:00: setting system clock to 2018-02-02 18:45:58 UTC (1517597158)
[STDERR  ] 2018-02-02T18:46:10.995036961Z: [    3.050188] Freeing unused kernel memory: 1400K
[STDERR  ] 2018-02-02T18:46:10.995047337Z: [    3.055101] Write protecting the kernel read-only data: 12288k
[STDERR  ] 2018-02-02T18:46:10.995053369Z: [    3.061848] Freeing unused kernel memory: 124K
[STDERR  ] 2018-02-02T18:46:10.995059203Z: [    3.071009] Freeing unused kernel memory: 1392K
[STDERR  ] 2018-02-02T18:46:10.995065029Z: 
[STDERR  ] 2018-02-02T18:46:10.995070969Z: Welcome to LinuxKit
[STDERR  ] 2018-02-02T18:46:10.995077106Z: 
[STDERR  ] 2018-02-02T18:46:10.995083285Z:                         ##         .
[STDERR  ] 2018-02-02T18:46:10.995089242Z:                   ## ## ##        ==
[STDERR  ] 2018-02-02T18:46:10.995095166Z:                ## ## ## ## ##    ===
[STDERR  ] 2018-02-02T18:46:10.995100977Z:            /"""""""""""""""""\___/ ===
[STDERR  ] 2018-02-02T18:46:10.995106987Z:           {                       /  ===-
[STDERR  ] 2018-02-02T18:46:10.995112798Z:            \______ O           __/
[STDERR  ] 2018-02-02T18:46:10.995118769Z:              \    \         __/
[STDERR  ] 2018-02-02T18:46:10.99512461Z:               \____\_______/
[STDERR  ] 2018-02-02T18:46:10.995130578Z: 
[STDERR  ] 2018-02-02T18:46:10.995136736Z: [    3.687132] IPVS: Creating netns size=2104 id=1
[STDERR  ] 2018-02-02T18:46:10.995142675Z: [    3.692331] IPVS: ftp: loaded support on port[0] = 21
[STDERR  ] 2018-02-02T18:46:10.995154275Z: 2018/02/02 18:45:58 Creating partition on /dev/sda
[STDERR  ] 2018-02-02T18:46:10.995160081Z: [    3.793839]  sda:
[STDERR  ] 2018-02-02T18:46:10.995166224Z: [    3.806039]  sda:
[STDERR  ] 2018-02-02T18:46:10.995172327Z: [    3.824495]  sda: sda1
[STDERR  ] 2018-02-02T18:46:10.995178112Z: [    3.832696]  sda: sda1
[STDERR  ] 2018-02-02T18:46:10.995186259Z: 2018/02/02 18:45:59 Partition /dev/sda1 successfully created!
[STDERR  ] 2018-02-02T18:46:10.995192183Z: [    5.031444] IPVS: Creating netns size=2104 id=2
[STDERR  ] 2018-02-02T18:46:10.995200428Z: [    5.037362] IPVS: ftp: loaded support on port[0] = 21
[STDERR  ] 2018-02-02T18:46:10.995209514Z: [    5.081177] EXT4-fs (sda1): couldn't mount as ext3 due to feature incompatibilities
[STDERR  ] 2018-02-02T18:46:10.995215727Z: [    5.091233] EXT4-fs (sda1): couldn't mount as ext2 due to feature incompatibilities
[STDERR  ] 2018-02-02T18:46:10.995221644Z: [    5.109590] EXT4-fs (sda1): mounted filesystem with ordered data mode. Opts: (null)
[STDERR  ] 2018-02-02T18:46:10.995227449Z: format_mount test suite PASSED
[STDERR  ] 2018-02-02T18:46:10.995233652Z: [   15.590473] sd 0:0:0:0: [sda] Synchronizing SCSI cache
[STDERR  ] 2018-02-02T18:46:10.995239532Z: [   15.601327] sd 0:0:0:0: [sda] Stopping disk
[STDERR  ] 2018-02-02T18:46:10.9952455Z: [   15.606236] ACPI: Preparing to enter system sleep state S5
[STDERR  ] 2018-02-02T18:46:10.995251426Z: [   15.610962] reboot: Power down
[STDERR  ] 2018-02-02T18:46:10.995257328Z: + echo [    0.000000] Linux version 4.9.78-linuxkit (root@9ac57ca26f22) (gcc version 6.4.0 (Alpine 6.4.0) ) #1 SMP Wed Jan 24 12:49:16 UTC 2018
[STDERR  ] 2018-02-02T18:46:10.995264365Z: [    0.000000] Command line: console=ttyS0 console=ttyAMA0
[STDERR  ] 2018-02-02T18:46:10.995270205Z: [    0.000000] x86/fpu: Legacy x87 FPU detected.
[STDERR  ] 2018-02-02T18:46:10.995275975Z: [    0.000000] x86/fpu: Using 'eager' FPU context switches.
[STDERR  ] 2018-02-02T18:46:10.995281779Z: [    0.000000] e820: BIOS-provided physical RAM map:
[STDERR  ] 2018-02-02T18:46:10.995287614Z: [    0.000000] BIOS-e820: [mem 0x0000000000000000-0x000000000009fbff] usable
[STDERR  ] 2018-02-02T18:46:10.995293533Z: [    0.000000] BIOS-e820: [mem 0x000000000009fc00-0x000000000009ffff] reserved
[STDERR  ] 2018-02-02T18:46:10.995299489Z: [    0.000000] BIOS-e820: [mem 0x00000000000f0000-0x00000000000fffff] reserved
[STDERR  ] 2018-02-02T18:46:10.995309846Z: [    0.000000] BIOS-e820: [mem 0x0000000000100000-0x000000003ffdefff] usable
[STDERR  ] 2018-02-02T18:46:10.995315876Z: [    0.000000] BIOS-e820: [mem 0x000000003ffdf000-0x000000003fffffff] reserved
[STDERR  ] 2018-02-02T18:46:10.995321772Z: [    0.000000] BIOS-e820: [mem 0x00000000b0000000-0x00000000bfffffff] reserved
[STDERR  ] 2018-02-02T18:46:10.99533073Z: [    0.000000] BIOS-e820: [mem 0x00000000fed1c000-0x00000000fed1ffff] reserved
[STDERR  ] 2018-02-02T18:46:10.995336686Z: [    0.000000] BIOS-e820: [mem 0x00000000feffc000-0x00000000feffffff] reserved
[STDERR  ] 2018-02-02T18:46:10.995342594Z: [    0.000000] BIOS-e820: [mem 0x00000000fffc0000-0x00000000ffffffff] reserved
[STDERR  ] 2018-02-02T18:46:10.995348509Z: [    0.000000] NX (Execute Disable) protection: active
[STDERR  ] 2018-02-02T18:46:10.995354384Z: [    0.000000] SMBIOS 2.8 present.
[STDERR  ] 2018-02-02T18:46:10.995366101Z: [    0.000000] Hypervisor detected: KVM
[STDERR  ] 2018-02-02T18:46:10.995374331Z: [    0.000000] e820: last_pfn = 0x3ffdf max_arch_pfn = 0x400000000
[STDERR  ] 2018-02-02T18:46:10.995382953Z: [    0.000000] x86/PAT: PAT not supported by CPU.
[STDERR  ] 2018-02-02T18:46:10.995388791Z: [    0.000000] x86/PAT: Configuration [0-7]: WB  WT  UC- UC  WB  WT  UC- UC  
[STDERR  ] 2018-02-02T18:46:10.995394642Z: [    0.000000] found SMP MP-table at [mem 0x000f6aa0-0x000f6aaf] mapped at [ffff9d2a000f6aa0]
[STDERR  ] 2018-02-02T18:46:10.995400673Z: [    0.000000] RAMDISK: [mem 0x3dff4000-0x3ffcffff]
[STDERR  ] 2018-02-02T18:46:10.99540668Z: [    0.000000] ACPI: Early table checksum verification disabled
[STDERR  ] 2018-02-02T18:46:10.995412595Z: [    0.000000] ACPI: RSDP 0x00000000000F68B0 000014 (v00 BOCHS )
[STDERR  ] 2018-02-02T18:46:10.99541848Z: [    0.000000] ACPI: RSDT 0x000000003FFE20A8 000034 (v01 BOCHS  BXPCRSDT 00000001 BXPC 00000001)
[STDERR  ] 2018-02-02T18:46:10.995424423Z: [    0.000000] ACPI: FACP 0x000000003FFE1EC8 0000F4 (v03 BOCHS  BXPCFACP 00000001 BXPC 00000001)
[STDERR  ] 2018-02-02T18:46:10.995432305Z: [    0.000000] ACPI: DSDT 0x000000003FFE0040 001E88 (v01 BOCHS  BXPCDSDT 00000001 BXPC 00000001)
[STDERR  ] 2018-02-02T18:46:10.995438208Z: [    0.000000] ACPI: FACS 0x000000003FFE0000 000040
[STDERR  ] 2018-02-02T18:46:10.99544414Z: [    0.000000] ACPI: APIC 0x000000003FFE1FBC 000078 (v01 BOCHS  BXPCAPIC 00000001 BXPC 00000001)
[STDERR  ] 2018-02-02T18:46:10.995455908Z: [    0.000000] ACPI: HPET 0x000000003FFE2034 000038 (v01 BOCHS  BXPCHPET 00000001 BXPC 00000001)
[STDERR  ] 2018-02-02T18:46:10.995462134Z: [    0.000000] ACPI: MCFG 0x000000003FFE206C 00003C (v01 BOCHS  BXPCMCFG 00000001 BXPC 00000001)
[STDERR  ] 2018-02-02T18:46:10.995468051Z: [    0.000000] kvm-clock: Using msrs 4b564d01 and 4b564d00
[STDERR  ] 2018-02-02T18:46:10.995473887Z: [    0.000000] kvm-clock: cpu 0, msr 0:3ffdd001, primary cpu clock
[STDERR  ] 2018-02-02T18:46:10.995482621Z: [    0.000000] clocksource: kvm-clock: mask: 0xffffffffffffffff max_cycles: 0x1cd42e4dffb, max_idle_ns: 881590591483 ns
[STDERR  ] 2018-02-02T18:46:10.995494426Z: [    0.000000] Zone ranges:
[STDERR  ] 2018-02-02T18:46:10.995504702Z: [    0.000000]   DMA      [mem 0x0000000000001000-0x0000000000ffffff]
[STDERR  ] 2018-02-02T18:46:10.995514099Z: [    0.000000]   DMA32    [mem 0x0000000001000000-0x000000003ffdefff]
[STDERR  ] 2018-02-02T18:46:10.995523902Z: [    0.000000]   Normal   empty
[STDERR  ] 2018-02-02T18:46:10.995533693Z: [    0.000000] Movable zone start for each node
[STDERR  ] 2018-02-02T18:46:10.995543274Z: [    0.000000] Early memory node ranges
[STDERR  ] 2018-02-02T18:46:10.995553331Z: [    0.000000]   node   0: [mem 0x0000000000001000-0x000000000009efff]
[STDERR  ] 2018-02-02T18:46:10.995562851Z: [    0.000000]   node   0: [mem 0x0000000000100000-0x000000003ffdefff]
[STDERR  ] 2018-02-02T18:46:10.995581324Z: [    0.000000] Initmem setup node 0 [mem 0x0000000000001000-0x000000003ffdefff]
[STDERR  ] 2018-02-02T18:46:10.99559092Z: [    0.000000] ACPI: PM-Timer IO Port: 0x608
[STDERR  ] 2018-02-02T18:46:10.995598216Z: [    0.000000] ACPI: LAPIC_NMI (acpi_id[0xff] dfl dfl lint[0x1])
[STDERR  ] 2018-02-02T18:46:10.995604382Z: [    0.000000] IOAPIC[0]: apic_id 0, version 17, address 0xfec00000, GSI 0-23
[STDERR  ] 2018-02-02T18:46:10.995610314Z: [    0.000000] ACPI: INT_SRC_OVR (bus 0 bus_irq 0 global_irq 2 dfl dfl)
[STDERR  ] 2018-02-02T18:46:10.995616154Z: [    0.000000] ACPI: INT_SRC_OVR (bus 0 bus_irq 5 global_irq 5 high level)
[STDERR  ] 2018-02-02T18:46:10.995646563Z: [    0.000000] ACPI: INT_SRC_OVR (bus 0 bus_irq 9 global_irq 9 high level)
[STDERR  ] 2018-02-02T18:46:10.995655734Z: [    0.000000] ACPI: INT_SRC_OVR (bus 0 bus_irq 10 global_irq 10 high level)
[STDERR  ] 2018-02-02T18:46:10.995661561Z: [    0.000000] ACPI: INT_SRC_OVR (bus 0 bus_irq 11 global_irq 11 high level)
[STDERR  ] 2018-02-02T18:46:10.995667346Z: [    0.000000] Using ACPI (MADT) for SMP configuration information
[STDERR  ] 2018-02-02T18:46:10.995673407Z: [    0.000000] ACPI: HPET id: 0x8086a201 base: 0xfed00000
[STDERR  ] 2018-02-02T18:46:10.995679398Z: [    0.000000] smpboot: Allowing 1 CPUs, 0 hotplug CPUs
[STDERR  ] 2018-02-02T18:46:10.995687071Z: [    0.000000] e820: [mem 0x40000000-0xafffffff] available for PCI devices
[STDERR  ] 2018-02-02T18:46:10.995692939Z: [    0.000000] Booting paravirtualized kernel on KVM
[STDERR  ] 2018-02-02T18:46:10.995698778Z: [    0.000000] clocksource: refined-jiffies: mask: 0xffffffff max_cycles: 0xffffffff, max_idle_ns: 19112604462750000 ns
[STDERR  ] 2018-02-02T18:46:10.99570536Z: [    0.000000] setup_percpu: NR_CPUS:128 nr_cpumask_bits:128 nr_cpu_ids:1 nr_node_ids:1
[STDERR  ] 2018-02-02T18:46:10.995711439Z: [    0.000000] percpu: Embedded 36 pages/cpu @ffff9d2a3dc00000 s106904 r8192 d32360 u2097152
[STDERR  ] 2018-02-02T18:46:10.995717569Z: [    0.000000] KVM setup async PF for cpu 0
[STDERR  ] 2018-02-02T18:46:10.995723449Z: [    0.000000] kvm-stealtime: cpu 0, msr 3dc0fd80
[STDERR  ] 2018-02-02T18:46:10.995729432Z: [    0.000000] Built 1 zonelists in Zone order, mobility grouping on.  Total pages: 257896
[STDERR  ] 2018-02-02T18:46:10.995735428Z: [    0.000000] Kernel command line: console=ttyS0 console=ttyAMA0
[STDERR  ] 2018-02-02T18:46:10.995741383Z: [    0.000000] PID hash table entries: 4096 (order: 3, 32768 bytes)
[STDERR  ] 2018-02-02T18:46:10.995747228Z: [    0.000000] Dentry cache hash table entries: 131072 (order: 8, 1048576 bytes)
[STDERR  ] 2018-02-02T18:46:10.995756674Z: [    0.000000] Inode-cache hash table entries: 65536 (order: 7, 524288 bytes)
[STDERR  ] 2018-02-02T18:46:10.995762896Z: [    0.000000] Memory: 981496K/1048052K available (8055K kernel code, 1391K rwdata, 2704K rodata, 1400K init, 564K bss, 66556K reserved, 0K cma-reserved)
[STDERR  ] 2018-02-02T18:46:10.995769659Z: [    0.000000] Kernel/User page tables isolation: enabled
[STDERR  ] 2018-02-02T18:46:10.995775573Z: [    0.000000] Hierarchical RCU implementation.
[STDERR  ] 2018-02-02T18:46:10.995781545Z: [    0.000000] 	Build-time adjustment of leaf fanout to 64.
[STDERR  ] 2018-02-02T18:46:10.995787367Z: [    0.000000] 	RCU restricting CPUs from NR_CPUS=128 to nr_cpu_ids=1.
[STDERR  ] 2018-02-02T18:46:10.99579335Z: [    0.000000] RCU: Adjusting geometry for rcu_fanout_leaf=64, nr_cpu_ids=1
[STDERR  ] 2018-02-02T18:46:10.995799277Z: [    0.000000] NR_IRQS:8448 nr_irqs:256 16
[STDERR  ] 2018-02-02T18:46:10.995808334Z: [    0.000000] Console: colour VGA+ 80x25
[STDERR  ] 2018-02-02T18:46:10.995814488Z: [    0.000000] console [ttyS0] enabled
[STDERR  ] 2018-02-02T18:46:10.995820387Z: [    0.000000] clocksource: hpet: mask: 0xffffffff max_cycles: 0xffffffff, max_idle_ns: 19112604467 ns
[STDERR  ] 2018-02-02T18:46:10.995826677Z: [    0.000000] tsc: Detected 2300.000 MHz processor
[STDERR  ] 2018-02-02T18:46:10.995834324Z: [    0.020000] Calibrating delay loop (skipped) preset value.. 4600.00 BogoMIPS (lpj=23000000)
[STDERR  ] 2018-02-02T18:46:10.995840331Z: [    0.022958] pid_max: default: 32768 minimum: 301
[STDERR  ] 2018-02-02T18:46:10.995846124Z: [    0.028156] ACPI: Core revision 20160831
[STDERR  ] 2018-02-02T18:46:10.995851891Z: [    0.030702] ACPI: 1 ACPI AML tables successfully acquired and loaded
[STDERR  ] 2018-02-02T18:46:10.995857798Z: [    0.040093] Security Framework initialized
[STDERR  ] 2018-02-02T18:46:10.995863663Z: [    0.044447] Yama: becoming mindful.
[STDERR  ] 2018-02-02T18:46:10.995869432Z: [    0.048262] Mount-cache hash table entries: 2048 (order: 2, 16384 bytes)
[STDERR  ] 2018-02-02T18:46:10.995879778Z: [    0.050040] Mountpoint-cache hash table entries: 2048 (order: 2, 16384 bytes)
[STDERR  ] 2018-02-02T18:46:10.995885947Z: [    0.060870] CPU: Physical Processor ID: 0
[STDERR  ] 2018-02-02T18:46:10.995891808Z: [    0.070240] Last level iTLB entries: 4KB 0, 2MB 0, 4MB 0
[STDERR  ] 2018-02-02T18:46:10.995897589Z: [    0.076637] Last level dTLB entries: 4KB 0, 2MB 0, 4MB 0, 1GB 0
[STDERR  ] 2018-02-02T18:46:10.995906694Z: [    0.080035] Spectre V2 mitigation: Vulnerable: Minimal generic ASM retpoline
[STDERR  ] 2018-02-02T18:46:10.995915883Z: [    0.203661] Freeing SMP alternatives memory: 20K
[STDERR  ] 2018-02-02T18:46:10.995924772Z: [    0.240272] ftrace: allocating 35561 entries in 139 pages
[STDERR  ] 2018-02-02T18:46:10.995934093Z: [    0.260127] smpboot: Max logical packages: 1
[STDERR  ] 2018-02-02T18:46:10.995940419Z: [    0.272139] x2apic enabled
[STDERR  ] 2018-02-02T18:46:10.995948949Z: [    0.277983] Switched APIC routing to physical x2apic.
[STDERR  ] 2018-02-02T18:46:10.995954989Z: [    0.293099] ..TIMER: vector=0x30 apic1=0 pin1=2 apic2=-1 pin2=-1
[STDERR  ] 2018-02-02T18:46:10.995960928Z: [    0.300000] smpboot: CPU0: Intel QEMU Virtual CPU version 2.5+ (family: 0x6, model: 0x6, stepping: 0x3)
[STDERR  ] 2018-02-02T18:46:10.995967013Z: [    0.300010] Performance Events: PMU not available due to virtualization, using software events only.
[STDERR  ] 2018-02-02T18:46:10.995972944Z: [    0.318869] x86: Booted up 1 node, 1 CPUs
[STDERR  ] 2018-02-02T18:46:10.995978849Z: [    0.320009] smpboot: Total of 1 processors activated (4600.00 BogoMIPS)
[STDERR  ] 2018-02-02T18:46:10.995984711Z: [    0.331960] devtmpfs: initialized
[STDERR  ] 2018-02-02T18:46:10.99599067Z: [    0.335826] x86/mm: Memory block size: 128MB
[STDERR  ] 2018-02-02T18:46:10.995996654Z: [    0.343479] clocksource: jiffies: mask: 0xffffffff max_cycles: 0xffffffff, max_idle_ns: 19112604462750000 ns
[STDERR  ] 2018-02-02T18:46:10.996002617Z: [    0.350029] futex hash table entries: 256 (order: 2, 16384 bytes)
[STDERR  ] 2018-02-02T18:46:10.996012927Z: [    0.360212] NET: Registered protocol family 16
[STDERR  ] 2018-02-02T18:46:10.996018938Z: [    0.365028] cpuidle: using governor ladder
[STDERR  ] 2018-02-02T18:46:10.996024905Z: [    0.370010] cpuidle: using governor menu
[STDERR  ] 2018-02-02T18:46:10.996030841Z: [    0.374306] ACPI: bus type PCI registered
[STDERR  ] 2018-02-02T18:46:10.996036667Z: [    0.380504] PCI: MMCONFIG for domain 0000 [bus 00-ff] at [mem 0xb0000000-0xbfffffff] (base 0xb0000000)
[STDERR  ] 2018-02-02T18:46:10.996044694Z: [    0.390013] PCI: MMCONFIG at [mem 0xb0000000-0xbfffffff] reserved in E820
[STDERR  ] 2018-02-02T18:46:10.99605073Z: [    0.397119] PCI: Using configuration type 1 for base access
[STDERR  ] 2018-02-02T18:46:10.996056697Z: [    0.401769] HugeTLB registered 2 MB page size, pre-allocated 0 pages
[STDERR  ] 2018-02-02T18:46:10.996062613Z: [    0.410235] ACPI: Added _OSI(Module Device)
[STDERR  ] 2018-02-02T18:46:10.996068497Z: [    0.415886] ACPI: Added _OSI(Processor Device)
[STDERR  ] 2018-02-02T18:46:10.996074352Z: [    0.420011] ACPI: Added _OSI(3.0 _SCP Extensions)
[STDERR  ] 2018-02-02T18:46:10.996080305Z: [    0.424734] ACPI: Added _OSI(Processor Aggregator Device)
[STDERR  ] 2018-02-02T18:46:10.996086213Z: [    0.434973] ACPI: Interpreter enabled
[STDERR  ] 2018-02-02T18:46:10.996092052Z: [    0.440021] ACPI: (supports S0 S5)
[STDERR  ] 2018-02-02T18:46:10.99609803Z: [    0.443469] ACPI: Using IOAPIC for interrupt routing
[STDERR  ] 2018-02-02T18:46:10.99610449Z: [    0.450077] PCI: Using host bridge windows from ACPI; if necessary, use "pci=nocrs" and report a bug
[STDERR  ] 2018-02-02T18:46:10.996114048Z: [    0.463850] ACPI: PCI Root Bridge [PCI0] (domain 0000 [bus 00-ff])
[STDERR  ] 2018-02-02T18:46:10.996122979Z: [    0.470021] acpi PNP0A08:00: _OSC: OS supports [ExtendedConfig ASPM ClockPM Segments MSI]
[STDERR  ] 2018-02-02T18:46:10.996129006Z: [    0.480178] acpi PNP0A08:00: _OSC: OS now controls [PCIeHotplug PME PCIeCapability]
[STDERR  ] 2018-02-02T18:46:10.996138816Z: [    0.487872] PCI host bridge to bus 0000:00
[STDERR  ] 2018-02-02T18:46:10.996144806Z: [    0.490013] pci_bus 0000:00: root bus resource [io  0x0000-0x0cf7 window]
[STDERR  ] 2018-02-02T18:46:10.996152936Z: [    0.496794] pci_bus 0000:00: root bus resource [io  0x0d00-0xffff window]
[STDERR  ] 2018-02-02T18:46:10.996158913Z: [    0.500015] pci_bus 0000:00: root bus resource [mem 0x000a0000-0x000bffff window]
[STDERR  ] 2018-02-02T18:46:10.996164846Z: [    0.510014] pci_bus 0000:00: root bus resource [mem 0xc0000000-0xfebfffff window]
[STDERR  ] 2018-02-02T18:46:10.996170752Z: [    0.520015] pci_bus 0000:00: root bus resource [bus 00-ff]
[STDERR  ] 2018-02-02T18:46:10.996176679Z: [    0.652181] pci 0000:00:1f.0: quirk: [io  0x0600-0x067f] claimed by ICH6 ACPI/GPIO/TCO
[STDERR  ] 2018-02-02T18:46:10.996182953Z: [    0.715934] ACPI: PCI Interrupt Link [LNKA] (IRQs 5 *10 11)
[STDERR  ] 2018-02-02T18:46:10.99619032Z: [    0.722151] ACPI: PCI Interrupt Link [LNKB] (IRQs 5 *10 11)
[STDERR  ] 2018-02-02T18:46:10.99619879Z: [    0.731327] ACPI: PCI Interrupt Link [LNKC] (IRQs 5 10 *11)
[STDERR  ] 2018-02-02T18:46:10.996210619Z: [    0.738556] ACPI: PCI Interrupt Link [LNKD] (IRQs 5 10 *11)
[STDERR  ] 2018-02-02T18:46:10.99622507Z: [    0.742306] ACPI: PCI Interrupt Link [LNKE] (IRQs 5 *10 11)
[STDERR  ] 2018-02-02T18:46:10.996231054Z: [    0.752194] ACPI: PCI Interrupt Link [LNKF] (IRQs 5 *10 11)
[STDERR  ] 2018-02-02T18:46:10.996241779Z: [    0.760685] ACPI: PCI Interrupt Link [LNKG] (IRQs 5 10 *11)
[STDERR  ] 2018-02-02T18:46:10.996251456Z: [    0.767861] ACPI: PCI Interrupt Link [LNKH] (IRQs 5 10 *11)
[STDERR  ] 2018-02-02T18:46:10.996261013Z: [    0.772498] ACPI: PCI Interrupt Link [GSIA] (IRQs *16)
[STDERR  ] 2018-02-02T18:46:10.9962708Z: [    0.781045] ACPI: PCI Interrupt Link [GSIB] (IRQs *17)
[STDERR  ] 2018-02-02T18:46:10.996280582Z: [    0.787265] ACPI: PCI Interrupt Link [GSIC] (IRQs *18)
[STDERR  ] 2018-02-02T18:46:10.996290769Z: [    0.791315] ACPI: PCI Interrupt Link [GSID] (IRQs *19)
[STDERR  ] 2018-02-02T18:46:10.996305765Z: [    0.800588] ACPI: PCI Interrupt Link [GSIE] (IRQs *20)
[STDERR  ] 2018-02-02T18:46:10.996324755Z: [    0.806408] ACPI: PCI Interrupt Link [GSIF] (IRQs *21)
[STDERR  ] 2018-02-02T18:46:10.996336141Z: [    0.811048] ACPI: PCI Interrupt Link [GSIG] (IRQs *22)
[STDERR  ] 2018-02-02T18:46:10.996346228Z: [    0.817042] ACPI: PCI Interrupt Link [GSIH] (IRQs *23)
[STDERR  ] 2018-02-02T18:46:10.996355356Z: [    0.821411] ACPI: Enabled 1 GPEs in block 00 to 3F
[STDERR  ] 2018-02-02T18:46:10.996364555Z: [    0.830498] SCSI subsystem initialized
[STDERR  ] 2018-02-02T18:46:10.996377658Z: [    0.834439] ACPI: bus type USB registered
[STDERR  ] 2018-02-02T18:46:10.99638675Z: [    0.838791] usbcore: registered new interface driver usbfs
[STDERR  ] 2018-02-02T18:46:10.996397691Z: [    0.840057] usbcore: registered new interface driver hub
[STDERR  ] 2018-02-02T18:46:10.996408458Z: [    0.850047] usbcore: registered new device driver usb
[STDERR  ] 2018-02-02T18:46:10.996418142Z: [    0.856620] pps_core: LinuxPPS API ver. 1 registered
[STDERR  ] 2018-02-02T18:46:10.996430663Z: [    0.860009] pps_core: Software ver. 5.3.6 - Copyright 2005-2007 Rodolfo Giometti <giometti@linux.it>
[STDERR  ] 2018-02-02T18:46:10.996436926Z: [    0.870028] PTP clock support registered
[STDERR  ] 2018-02-02T18:46:10.996442812Z: [    0.874113] PCI: Using ACPI for IRQ routing
[STDERR  ] 2018-02-02T18:46:10.996448616Z: [    1.280516] NetLabel: Initializing
[STDERR  ] 2018-02-02T18:46:10.996456527Z: [    1.284250] NetLabel:  domain hash size = 128
[STDERR  ] 2018-02-02T18:46:10.996473236Z: [    1.288814] NetLabel:  protocols = UNLABELED CIPSOv4
[STDERR  ] 2018-02-02T18:46:10.996479736Z: [    1.290041] NetLabel:  unlabeled traffic allowed by default
[STDERR  ] 2018-02-02T18:46:10.996485541Z: [    1.300101] wmi: Mapper loaded
[STDERR  ] 2018-02-02T18:46:10.99649157Z: [    1.303942] HPET: 3 timers in total, 0 timers will be used for per-cpu timer
[STDERR  ] 2018-02-02T18:46:10.996497608Z: [    1.310145] hpet0: at MMIO 0xfed00000, IRQs 2, 8, 0
[STDERR  ] 2018-02-02T18:46:10.996511897Z: [    1.315849] hpet0: 3 comparators, 64-bit 100.000000 MHz counter
[STDERR  ] 2018-02-02T18:46:10.996523246Z: [    1.330048] clocksource: Switched to clocksource kvm-clock
[STDERR  ] 2018-02-02T18:46:10.996534233Z: [    1.349960] VFS: Disk quotas dquot_6.6.0
[STDERR  ] 2018-02-02T18:46:10.996544346Z: [    1.354315] VFS: Dquot-cache hash table entries: 512 (order 0, 4096 bytes)
[STDERR  ] 2018-02-02T18:46:10.996554293Z: [    1.361674] FS-Cache: Loaded
[STDERR  ] 2018-02-02T18:46:10.996561899Z: [    1.364863] CacheFiles: Loaded
[STDERR  ] 2018-02-02T18:46:10.996605623Z: [    1.368279] pnp: PnP ACPI init
[STDERR  ] 2018-02-02T18:46:10.996611926Z: [    1.372803] pnp: PnP ACPI: found 5 devices
[STDERR  ] 2018-02-02T18:46:10.996617858Z: [    1.384121] clocksource: acpi_pm: mask: 0xffffff max_cycles: 0xffffff, max_idle_ns: 2085701024 ns
[STDERR  ] 2018-02-02T18:46:10.99662391Z: [    1.394219] NET: Registered protocol family 2
[STDERR  ] 2018-02-02T18:46:10.996629804Z: [    1.399479] TCP established hash table entries: 8192 (order: 4, 65536 bytes)
[STDERR  ] 2018-02-02T18:46:10.996635727Z: [    1.407494] TCP bind hash table entries: 8192 (order: 5, 131072 bytes)
[STDERR  ] 2018-02-02T18:46:10.99664161Z: [    1.415896] TCP: Hash tables configured (established 8192 bind 8192)
[STDERR  ] 2018-02-02T18:46:10.996647594Z: [    1.423056] UDP hash table entries: 512 (order: 2, 16384 bytes)
[STDERR  ] 2018-02-02T18:46:10.996653446Z: [    1.429149] UDP-Lite hash table entries: 512 (order: 2, 16384 bytes)
[STDERR  ] 2018-02-02T18:46:10.996659293Z: [    1.441116] NET: Registered protocol family 1
[STDERR  ] 2018-02-02T18:46:10.996665079Z: [    1.445829] pci 0000:00:01.0: Video device with shadowed ROM at [mem 0x000c0000-0x000dffff]
[STDERR  ] 2018-02-02T18:46:10.99667109Z: [    1.454931] Unpacking initramfs...
[STDERR  ] 2018-02-02T18:46:10.996679547Z: [    2.015216] Freeing initrd memory: 32624K
[STDERR  ] 2018-02-02T18:46:10.996689411Z: [    2.020776] PCLMULQDQ-NI instructions are not detected.
[STDERR  ] 2018-02-02T18:46:10.996695472Z: [    2.026339] AVX or AES-NI instructions are not detected.
[STDERR  ] 2018-02-02T18:46:10.996701305Z: [    2.031912] CPU feature 'AVX registers' is not supported.
[STDERR  ] 2018-02-02T18:46:10.996707263Z: [    2.037615] CPU feature 'AVX registers' is not supported.
[STDERR  ] 2018-02-02T18:46:10.996713195Z: [    2.043702] CPU feature 'AVX registers' is not supported.
[STDERR  ] 2018-02-02T18:46:10.996718965Z: [    2.049440] CPU feature 'AVX registers' is not supported.
[STDERR  ] 2018-02-02T18:46:10.996724812Z: [    2.055157] AVX2 or AES-NI instructions are not detected.
[STDERR  ] 2018-02-02T18:46:10.996730732Z: [    2.062490] AVX2 instructions are not detected.
[STDERR  ] 2018-02-02T18:46:10.996736622Z: [    2.067771] audit: initializing netlink subsys (disabled)
[STDERR  ] 2018-02-02T18:46:10.996742392Z: [    2.073740] audit: type=2000 audit(1517597155.788:1): initialized
[STDERR  ] 2018-02-02T18:46:10.996748267Z: [    2.081327] workingset: timestamp_bits=46 max_order=18 bucket_order=0
[STDERR  ] 2018-02-02T18:46:10.996754156Z: [    2.088266] squashfs: version 4.0 (2009/01/31) Phillip Lougher
[STDERR  ] 2018-02-02T18:46:10.996759955Z: [    2.094614] FS-Cache: Netfs 'cifs' registered for caching
[STDERR  ] 2018-02-02T18:46:10.996765715Z: [    2.100973] fuse init (API version 7.26)
[STDERR  ] 2018-02-02T18:46:10.996771528Z: [    2.105262] SGI XFS with ACLs, security attributes, no debug enabled
[STDERR  ] 2018-02-02T18:46:10.996777415Z: [    2.112070] 9p: Installing v9fs 9p2000 file system support
[STDERR  ] 2018-02-02T18:46:10.996785541Z: [    2.118400] FS-Cache: Netfs '9p' registered for caching
[STDERR  ] 2018-02-02T18:46:10.996791393Z: [    2.124971] NET: Registered protocol family 38
[STDERR  ] 2018-02-02T18:46:10.996797243Z: [    2.129586] Key type asymmetric registered
[STDERR  ] 2018-02-02T18:46:10.996803023Z: [    2.133963] Asymmetric key parser 'x509' registered
[STDERR  ] 2018-02-02T18:46:10.996808782Z: [    2.139118] Block layer SCSI generic (bsg) driver version 0.4 loaded (major 251)
[STDERR  ] 2018-02-02T18:46:10.996818633Z: [    2.146989] io scheduler noop registered
[STDERR  ] 2018-02-02T18:46:10.996827723Z: [    2.151201] io scheduler deadline registered (default)
[STDERR  ] 2018-02-02T18:46:10.996833833Z: [    2.156663] io scheduler cfq registered
[STDERR  ] 2018-02-02T18:46:10.996839669Z: [    2.161354] pci_hotplug: PCI Hot Plug PCI Core version: 0.5
[STDERR  ] 2018-02-02T18:46:10.996845509Z: [    2.168467] pciehp: PCI Express Hot Plug Controller Driver version: 0.4
[STDERR  ] 2018-02-02T18:46:10.996851444Z: [    2.176088] shpchp: Standard Hot Plug PCI Controller Driver version: 0.4
[STDERR  ] 2018-02-02T18:46:10.996860644Z: [    2.184117] hv_vmbus: registering driver hyperv_fb
[STDERR  ] 2018-02-02T18:46:10.99686754Z: [    2.189919] input: Power Button as /devices/LNXSYSTM:00/LNXPWRBN:00/input/input0
[STDERR  ] 2018-02-02T18:46:10.996873523Z: [    2.198399] ACPI: Power Button [PWRF]
[STDERR  ] 2018-02-02T18:46:10.996880837Z: [    2.203070] GHES: HEST is not enabled!
[STDERR  ] 2018-02-02T18:46:10.996888181Z: [    2.207806] ACPI: PCI Interrupt Link [GSIG] enabled at IRQ 22
[STDERR  ] 2018-02-02T18:46:10.996894139Z: [    2.221636] ACPI: PCI Interrupt Link [GSIH] enabled at IRQ 23
[STDERR  ] 2018-02-02T18:46:10.996900011Z: [    2.233376] xenfs: not registering filesystem on non-xen platform
[STDERR  ] 2018-02-02T18:46:10.996905837Z: [    2.239564] Serial: 8250/16550 driver, 4 ports, IRQ sharing disabled
[STDERR  ] 2018-02-02T18:46:10.99691407Z: [    2.280457] 00:04: ttyS0 at I/O 0x3f8 (irq = 4, base_baud = 115200) is a 16550A
[STDERR  ] 2018-02-02T18:46:10.996919926Z: [    2.289263] Non-volatile memory driver v1.3
[STDERR  ] 2018-02-02T18:46:10.996925837Z: [    2.296154] Hangcheck: starting hangcheck timer 0.9.1 (tick is 180 seconds, margin is 60 seconds).
[STDERR  ] 2018-02-02T18:46:10.996931863Z: [    2.305806] random: fast init done
[STDERR  ] 2018-02-02T18:46:10.996949846Z: [    2.309991] random: crng init done
[STDERR  ] 2018-02-02T18:46:10.996964979Z: [    2.315448] loop: module loaded
[STDERR  ] 2018-02-02T18:46:10.996974596Z: [    2.319669] nbd: registered device at major 43
[STDERR  ] 2018-02-02T18:46:10.996984385Z: [    2.326192] lpc_ich 0000:00:1f.0: I/O space for GPIO uninitialized
[STDERR  ] 2018-02-02T18:46:10.996993745Z: [    2.333589] VMware PVSCSI driver - version 1.0.7.0-k
[STDERR  ] 2018-02-02T18:46:10.997003419Z: [    2.340206] hv_vmbus: registering driver hv_storvsc
[STDERR  ] 2018-02-02T18:46:10.997013585Z: [    2.345852] ACPI: PCI Interrupt Link [GSIA] enabled at IRQ 16
[STDERR  ] 2018-02-02T18:46:10.997023479Z: [    2.355300] ahci 0000:00:1f.2: AHCI 0001.0000 32 slots 6 ports 1.5 Gbps 0x3f impl SATA mode
[STDERR  ] 2018-02-02T18:46:10.997036734Z: [    2.364760] ahci 0000:00:1f.2: flags: 64bit ncq only 
[STDERR  ] 2018-02-02T18:46:10.997046716Z: [    2.373632] scsi host0: ahci
[STDERR  ] 2018-02-02T18:46:10.997056414Z: [    2.377063] scsi host1: ahci
[STDERR  ] 2018-02-02T18:46:10.99706574Z: [    2.380375] scsi host2: ahci
[STDERR  ] 2018-02-02T18:46:10.99707463Z: [    2.383577] scsi host3: ahci
[STDERR  ] 2018-02-02T18:46:10.997086241Z: [    2.386800] scsi host4: ahci
[STDERR  ] 2018-02-02T18:46:10.997097022Z: [    2.390161] scsi host5: ahci
[STDERR  ] 2018-02-02T18:46:10.997108287Z: [    2.393653] ata1: SATA max UDMA/133 abar m4096@0xfebd2000 port 0xfebd2100 irq 24
[STDERR  ] 2018-02-02T18:46:10.997118326Z: [    2.402715] ata2: SATA max UDMA/133 abar m4096@0xfebd2000 port 0xfebd2180 irq 24
[STDERR  ] 2018-02-02T18:46:10.997124474Z: [    2.410352] ata3: SATA max UDMA/133 abar m4096@0xfebd2000 port 0xfebd2200 irq 24
[STDERR  ] 2018-02-02T18:46:10.997132306Z: [    2.418794] ata4: SATA max UDMA/133 abar m4096@0xfebd2000 port 0xfebd2280 irq 24
[STDERR  ] 2018-02-02T18:46:10.997141547Z: [    2.426442] ata5: SATA max UDMA/133 abar m4096@0xfebd2000 port 0xfebd2300 irq 24
[STDERR  ] 2018-02-02T18:46:10.997150868Z: [    2.436223] ata6: SATA max UDMA/133 abar m4096@0xfebd2000 port 0xfebd2380 irq 24
[STDERR  ] 2018-02-02T18:46:10.997166887Z: [    2.446941] tun: Universal TUN/TAP device driver, 1.6
[STDERR  ] 2018-02-02T18:46:10.997177379Z: [    2.456417] tun: (C) 1999-2004 Max Krasnyansky <maxk@qualcomm.com>
[STDERR  ] 2018-02-02T18:46:10.997187132Z: [    2.467234] VMware vmxnet3 virtual NIC driver - version 1.4.a.0-k-NAPI
[STDERR  ] 2018-02-02T18:46:10.997197375Z: [    2.474623] hv_vmbus: registering driver hv_netvsc
[STDERR  ] 2018-02-02T18:46:10.997209215Z: [    2.479699] Fusion MPT base driver 3.04.20
[STDERR  ] 2018-02-02T18:46:10.997219369Z: [    2.483984] Copyright (c) 1999-2008 LSI Corporation
[STDERR  ] 2018-02-02T18:46:10.997228706Z: [    2.488999] Fusion MPT SPI Host driver 3.04.20
[STDERR  ] 2018-02-02T18:46:10.997234803Z: [    2.493704] i8042: PNP: PS/2 Controller [PNP0303:KBD,PNP0f13:MOU] at 0x60,0x64 irq 1,12
[STDERR  ] 2018-02-02T18:46:10.997240799Z: [    2.505676] serio: i8042 KBD port at 0x60,0x64 irq 1
[STDERR  ] 2018-02-02T18:46:10.997246946Z: [    2.511766] serio: i8042 AUX port at 0x60,0x64 irq 12
[STDERR  ] 2018-02-02T18:46:10.997252846Z: [    2.517025] hv_vmbus: registering driver hyperv_keyboard
[STDERR  ] 2018-02-02T18:46:10.997261599Z: [    2.522704] mousedev: PS/2 mouse device common for all mice
[STDERR  ] 2018-02-02T18:46:10.997267984Z: [    2.529671] input: AT Translated Set 2 keyboard as /devices/platform/i8042/serio0/input/input1
[STDERR  ] 2018-02-02T18:46:10.997277517Z: [    2.538508] input: PC Speaker as /devices/platform/pcspkr/input/input2
[STDERR  ] 2018-02-02T18:46:10.997286737Z: [    2.545493] rtc_cmos 00:00: RTC can wake from S4
[STDERR  ] 2018-02-02T18:46:10.997295974Z: [    2.552456] rtc_cmos 00:00: rtc core: registered rtc_cmos as rtc0
[STDERR  ] 2018-02-02T18:46:10.997306594Z: [    2.559791] rtc_cmos 00:00: alarms up to one day, y3k, 114 bytes nvram, hpet irqs
[STDERR  ] 2018-02-02T18:46:10.99731735Z: [    2.568522] i2c /dev entries driver
[STDERR  ] 2018-02-02T18:46:10.997328457Z: [    2.572263] device-mapper: ioctl: 4.35.0-ioctl (2016-06-23) initialised: dm-devel@redhat.com
[STDERR  ] 2018-02-02T18:46:10.997339568Z: [    2.583409] usbcore: registered new interface driver usbhid
[STDERR  ] 2018-02-02T18:46:10.997345686Z: [    2.589483] usbhid: USB HID core driver
[STDERR  ] 2018-02-02T18:46:10.99735169Z: [    2.593747] hv_utils: Registering HyperV Utility Driver
[STDERR  ] 2018-02-02T18:46:10.997357606Z: [    2.599335] hv_vmbus: registering driver hv_util
[STDERR  ] 2018-02-02T18:46:10.997363552Z: [    2.604568] hv_vmbus: registering driver hv_balloon
[STDERR  ] 2018-02-02T18:46:10.997371424Z: [    2.609527] oprofile: using NMI interrupt.
[STDERR  ] 2018-02-02T18:46:10.997379131Z: [    2.613923] GACT probability on
[STDERR  ] 2018-02-02T18:46:10.997385062Z: [    2.617129] Mirror/redirect action on
[STDERR  ] 2018-02-02T18:46:10.997391061Z: [    2.620999] Simple TC action Loaded
[STDERR  ] 2018-02-02T18:46:10.997396978Z: [    2.624844] u32 classifier
[STDERR  ] 2018-02-02T18:46:10.997406027Z: [    2.627657]     Performance counters on
[STDERR  ] 2018-02-02T18:46:10.997412174Z: [    2.631699]     input device check on
[STDERR  ] 2018-02-02T18:46:10.997418153Z: [    2.635437]     Actions configured
[STDERR  ] 2018-02-02T18:46:10.997423982Z: [    2.638956] Netfilter messages via NETLINK v0.30.
[STDERR  ] 2018-02-02T18:46:10.997429807Z: [    2.643784] nfnl_acct: registering with nfnetlink.
[STDERR  ] 2018-02-02T18:46:10.997435602Z: [    2.648723] nf_conntrack version 0.5.0 (8192 buckets, 32768 max)
[STDERR  ] 2018-02-02T18:46:10.997441539Z: [    2.656716] ctnetlink v0.93: registering with nfnetlink.
[STDERR  ] 2018-02-02T18:46:10.997447438Z: [    2.662512] nf_tables: (c) 2007-2009 Patrick McHardy <kaber@trash.net>
[STDERR  ] 2018-02-02T18:46:10.997453347Z: [    2.668710] nf_tables_compat: (c) 2012 Pablo Neira Ayuso <pablo@netfilter.org>
[STDERR  ] 2018-02-02T18:46:10.9974591Z: [    2.676683] xt_time: kernel timezone is -0000
[STDERR  ] 2018-02-02T18:46:10.99746496Z: [    2.681421] ip_set: protocol 6
[STDERR  ] 2018-02-02T18:46:10.997470837Z: [    2.684733] IPVS: Registered protocols (TCP, UDP, SCTP, AH, ESP)
[STDERR  ] 2018-02-02T18:46:10.997480546Z: [    2.691189] IPVS: Connection hash table configured (size=4096, memory=64Kbytes)
[STDERR  ] 2018-02-02T18:46:10.997489292Z: [    2.698981] IPVS: Creating netns size=2104 id=0
[STDERR  ] 2018-02-02T18:46:10.997495843Z: [    2.704834] IPVS: ipvs loaded.
[STDERR  ] 2018-02-02T18:46:10.997503917Z: [    2.708000] IPVS: [rr] scheduler registered.
[STDERR  ] 2018-02-02T18:46:10.997511939Z: [    2.712728] IPVS: [wrr] scheduler registered.
[STDERR  ] 2018-02-02T18:46:10.997517793Z: [    2.717159] IPVS: [lc] scheduler registered.
[STDERR  ] 2018-02-02T18:46:10.997523623Z: [    2.721689] IPVS: [wlc] scheduler registered.
[STDERR  ] 2018-02-02T18:46:10.997529444Z: [    2.726224] IPVS: [fo] scheduler registered.
[STDERR  ] 2018-02-02T18:46:10.997535274Z: [    2.731897] IPVS: [ovf] scheduler registered.
[STDERR  ] 2018-02-02T18:46:10.997541109Z: [    2.737388] IPVS: [lblc] scheduler registered.
[STDERR  ] 2018-02-02T18:46:10.997546905Z: [    2.742120] IPVS: [lblcr] scheduler registered.
[STDERR  ] 2018-02-02T18:46:10.997552808Z: [    2.747137] IPVS: [dh] scheduler registered.
[STDERR  ] 2018-02-02T18:46:10.997558708Z: [    2.751568] IPVS: [sh] scheduler registered.
[STDERR  ] 2018-02-02T18:46:10.997564596Z: [    2.756178] IPVS: [sed] scheduler registered.
[STDERR  ] 2018-02-02T18:46:10.99759569Z: [    2.760724] IPVS: [nq] scheduler registered.
[STDERR  ] 2018-02-02T18:46:10.997601574Z: [    2.765351] IPVS: ftp: loaded support on port[0] = 21
[STDERR  ] 2018-02-02T18:46:10.997607425Z: [    2.771111] ata4: SATA link down (SStatus 0 SControl 300)
[STDERR  ] 2018-02-02T18:46:10.997613269Z: [    2.777367] ata3: SATA link up 1.5 Gbps (SStatus 113 SControl 300)
[STDERR  ] 2018-02-02T18:46:10.997621608Z: [    2.784749] ata2: SATA link down (SStatus 0 SControl 300)
[STDERR  ] 2018-02-02T18:46:10.997627677Z: [    2.791774] ata1: SATA link up 1.5 Gbps (SStatus 113 SControl 300)
[STDERR  ] 2018-02-02T18:46:10.997640262Z: [    2.798541] ata1.00: ATA-7: QEMU HARDDISK, 2.5+, max UDMA/100
[STDERR  ] 2018-02-02T18:46:10.997646332Z: [    2.804386] ata1.00: 1048576 sectors, multi 16: LBA48 NCQ (depth 31/32)
[STDERR  ] 2018-02-02T18:46:10.997652279Z: [    2.811164] ata1.00: applying bridge limits
[STDERR  ] 2018-02-02T18:46:10.997658037Z: [    2.816160] ata5: SATA link down (SStatus 0 SControl 300)
[STDERR  ] 2018-02-02T18:46:10.997663866Z: [    2.822417] ata6: SATA link down (SStatus 0 SControl 300)
[STDERR  ] 2018-02-02T18:46:10.997669629Z: [    2.828147] ipip: IPv4 and MPLS over IPv4 tunneling driver
[STDERR  ] 2018-02-02T18:46:10.997675538Z: [    2.833756] ata3.00: ATAPI: QEMU DVD-ROM, 2.5+, max UDMA/100
[STDERR  ] 2018-02-02T18:46:10.997681513Z: [    2.839454] ata3.00: applying bridge limits
[STDERR  ] 2018-02-02T18:46:10.997687316Z: [    2.844417] gre: GRE over IPv4 demultiplexor driver
[STDERR  ] 2018-02-02T18:46:10.997694997Z: [    2.849946] ip_tables: (C) 2000-2006 Netfilter Core Team
[STDERR  ] 2018-02-02T18:46:10.997700826Z: [    2.855878] ata3.00: configured for UDMA/100
[STDERR  ] 2018-02-02T18:46:10.997706551Z: [    2.860988] ipt_CLUSTERIP: ClusterIP Version 0.8 loaded successfully
[STDERR  ] 2018-02-02T18:46:10.997712371Z: [    2.868477] arp_tables: arp_tables: (C) 2002 David S. Miller
[STDERR  ] 2018-02-02T18:46:10.997718185Z: [    2.876426] ata1.00: configured for UDMA/100
[STDERR  ] 2018-02-02T18:46:10.997724058Z: [    2.881226] scsi 0:0:0:0: Direct-Access     ATA      QEMU HARDDISK    2.5+ PQ: 0 ANSI: 5
[STDERR  ] 2018-02-02T18:46:10.997730038Z: [    2.889788] NET: Registered protocol family 10
[STDERR  ] 2018-02-02T18:46:10.997735925Z: [    2.894585] sd 0:0:0:0: Attached scsi generic sg0 type 0
[STDERR  ] 2018-02-02T18:46:10.997741736Z: [    2.901211] sd 0:0:0:0: [sda] 1048576 512-byte logical blocks: (537 MB/512 MiB)
[STDERR  ] 2018-02-02T18:46:10.997747584Z: [    2.909393] ip6_tables: (C) 2000-2006 Netfilter Core Team
[STDERR  ] 2018-02-02T18:46:10.997753425Z: [    2.914957] sd 0:0:0:0: [sda] Write Protect is off
[STDERR  ] 2018-02-02T18:46:10.997759316Z: [    2.920401] scsi 2:0:0:0: CD-ROM            QEMU     QEMU DVD-ROM     2.5+ PQ: 0 ANSI: 5
[STDERR  ] 2018-02-02T18:46:10.997768728Z: [    2.930356] NET: Registered protocol family 17
[STDERR  ] 2018-02-02T18:46:10.997774647Z: [    2.935196] Bridge firewalling registered
[STDERR  ] 2018-02-02T18:46:10.997780577Z: [    2.939464] Ebtables v2.0 registered
[STDERR  ] 2018-02-02T18:46:10.997786351Z: [    2.943834] sd 0:0:0:0: [sda] Write cache: enabled, read cache: enabled, doesn't support DPO or FUA
[STDERR  ] 2018-02-02T18:46:10.997792488Z: [    2.954304] sr 2:0:0:0: [sr0] scsi3-mmc drive: 4x/4x cd/rw xa/form2 tray
[STDERR  ] 2018-02-02T18:46:10.997798209Z: [    2.961944] cdrom: Uniform CD-ROM driver Revision: 3.20
[STDERR  ] 2018-02-02T18:46:10.997803968Z: [    2.968350] 8021q: 802.1Q VLAN Support v1.8
[STDERR  ] 2018-02-02T18:46:10.997810126Z: [    2.973872] sd 0:0:0:0: [sda] Attached SCSI disk
[STDERR  ] 2018-02-02T18:46:10.997821052Z: [    2.980384] sr 2:0:0:0: Attached scsi generic sg1 type 5
[STDERR  ] 2018-02-02T18:46:10.997826977Z: [    2.986377] 9pnet: Installing 9P2000 support
[STDERR  ] 2018-02-02T18:46:10.997832833Z: [    2.991266] Key type dns_resolver registered
[STDERR  ] 2018-02-02T18:46:10.997838608Z: [    2.996179] microcode: sig=0x663, pf=0x1, revision=0x1
[STDERR  ] 2018-02-02T18:46:10.997844422Z: [    3.002072] microcode: Microcode Update Driver: v2.01 <tigran@aivazian.fsnet.co.uk>, Peter Oruba
[STDERR  ] 2018-02-02T18:46:10.997850449Z: [    3.011941] registered taskstats version 1
[STDERR  ] 2018-02-02T18:46:10.997856209Z: [    3.022145] Key type big_key registered
[STDERR  ] 2018-02-02T18:46:10.997862123Z: [    3.031985] Key type encrypted registered
[STDERR  ] 2018-02-02T18:46:10.997869361Z: [    3.038275] rtc_cmos 00:00: setting system clock to 2018-02-02 18:45:58 UTC (1517597158)
[STDERR  ] 2018-02-02T18:46:10.997875619Z: [    3.050188] Freeing unused kernel memory: 1400K
[STDERR  ] 2018-02-02T18:46:10.99788151Z: [    3.055101] Write protecting the kernel read-only data: 12288k
[STDERR  ] 2018-02-02T18:46:10.997890513Z: [    3.061848] Freeing unused kernel memory: 124K
[STDERR  ] 2018-02-02T18:46:10.997896514Z: [    3.071009] Freeing unused kernel memory: 1392K
[STDERR  ] 2018-02-02T18:46:10.997902681Z: 
[STDERR  ] 2018-02-02T18:46:10.997908916Z: Welcome to LinuxKit
[STDERR  ] 2018-02-02T18:46:10.99791553Z: 
[STDERR  ] 2018-02-02T18:46:10.99792377Z:                         ##         .
[STDERR  ] 2018-02-02T18:46:10.997929648Z:                   ## ## ##        ==
[STDERR  ] 2018-02-02T18:46:10.997935546Z:                ## ## ## ## ##    ===
[STDERR  ] 2018-02-02T18:46:10.997943674Z:            /"""""""""""""""""\___/ ===
[STDERR  ] 2018-02-02T18:46:10.997949582Z:           {                       /  ===-
[STDERR  ] 2018-02-02T18:46:10.997955466Z:            \______ O           __/
[STDERR  ] 2018-02-02T18:46:10.997961224Z:              \    \         __/
[STDERR  ] 2018-02-02T18:46:10.997967095Z:               \____\_______/
[STDERR  ] 2018-02-02T18:46:10.997972917Z: 
[STDERR  ] 2018-02-02T18:46:10.997978934Z: [    3.687132] IPVS: Creating netns size=2104 id=1
[STDERR  ] 2018-02-02T18:46:10.997984808Z: [    3.692331] IPVS: ftp: loaded support on port[0] = 21
[STDERR  ] 2018-02-02T18:46:10.997990792Z: 2018/02/02 18:45:58 Creating partition on /dev/sda
[STDERR  ] 2018-02-02T18:46:10.997996567Z: [    3.793839]  sda:
[STDERR  ] 2018-02-02T18:46:10.998002375Z: [    3.806039]  sda:
[STDERR  ] 2018-02-02T18:46:10.998008176Z: [    3.824495]  sda: sda1
[STDERR  ] 2018-02-02T18:46:10.998014008Z: [    3.832696]  sda: sda1
[STDERR  ] 2018-02-02T18:46:10.9980197Z: 2018/02/02 18:45:59 Partition /dev/sda1 successfully created!
[STDERR  ] 2018-02-02T18:46:10.998050212Z: [    5.031444] IPVS: Creating netns size=2104 id=2
[STDERR  ] 2018-02-02T18:46:10.998056089Z: [    5.037362] IPVS: ftp: loaded support on port[0] = 21
[STDERR  ] 2018-02-02T18:46:10.998062006Z: [    5.081177] EXT4-fs (sda1): couldn't mount as ext3 due to feature incompatibilities
[STDERR  ] 2018-02-02T18:46:10.998067941Z: [    5.091233] EXT4-fs (sda1): couldn't mount as ext2 due to feature incompatibilities
[STDERR  ] 2018-02-02T18:46:10.998077781Z: [    5.109590] EXT4-fs (sda1): mounted filesystem with ordered data mode. Opts: (null)
[STDERR  ] 2018-02-02T18:46:10.998083815Z: format_mount test suite PASSED
[STDERR  ] 2018-02-02T18:46:10.998091961Z: [   15.590473] sd 0:0:0:0: [sda] Synchronizing SCSI cache
[STDERR  ] 2018-02-02T18:46:10.998097923Z: [   15.601327] sd 0:0:0:0: [sda] Stopping disk
[STDERR  ] 2018-02-02T18:46:10.998103718Z: [   15.606236] ACPI: Preparing to enter system sleep state S5
[STDERR  ] 2018-02-02T18:46:10.9981123Z: [   15.610962] reboot: Power down
[STDERR  ] 2018-02-02T18:46:10.998120989Z: + grep -q suite PASSED
[STDOUT  ] 2018-02-02T18:46:10.998146617Z: [    0.000000] Linux version 4.9.78-linuxkit (root@9ac57ca26f22) (gcc version 6.4.0 (Alpine 6.4.0) ) #1 SMP Wed Jan 24 12:49:16 UTC 2018
[STDOUT  ] 2018-02-02T18:46:10.998175623Z: [    0.000000] Command line: console=ttyS0 console=ttyAMA0
[STDOUT  ] 2018-02-02T18:46:10.998181771Z: [    0.000000] x86/fpu: Legacy x87 FPU detected.
[STDOUT  ] 2018-02-02T18:46:10.998187615Z: [    0.000000] x86/fpu: Using 'eager' FPU context switches.
[STDOUT  ] 2018-02-02T18:46:10.998193361Z: [    0.000000] e820: BIOS-provided physical RAM map:
[STDOUT  ] 2018-02-02T18:46:10.998199298Z: [    0.000000] BIOS-e820: [mem 0x0000000000000000-0x000000000009fbff] usable
[STDOUT  ] 2018-02-02T18:46:10.998205138Z: [    0.000000] BIOS-e820: [mem 0x000000000009fc00-0x000000000009ffff] reserved
[STDOUT  ] 2018-02-02T18:46:10.998213279Z: [    0.000000] BIOS-e820: [mem 0x00000000000f0000-0x00000000000fffff] reserved
[STDOUT  ] 2018-02-02T18:46:10.998221246Z: [    0.000000] BIOS-e820: [mem 0x0000000000100000-0x000000003ffdefff] usable
[STDOUT  ] 2018-02-02T18:46:10.998231549Z: [    0.000000] BIOS-e820: [mem 0x000000003ffdf000-0x000000003fffffff] reserved
[STDOUT  ] 2018-02-02T18:46:10.998242533Z: [    0.000000] BIOS-e820: [mem 0x00000000b0000000-0x00000000bfffffff] reserved
[STDOUT  ] 2018-02-02T18:46:10.998255573Z: [    0.000000] BIOS-e820: [mem 0x00000000fed1c000-0x00000000fed1ffff] reserved
[STDOUT  ] 2018-02-02T18:46:10.998261471Z: [    0.000000] BIOS-e820: [mem 0x00000000feffc000-0x00000000feffffff] reserved
[STDOUT  ] 2018-02-02T18:46:10.998267219Z: [    0.000000] BIOS-e820: [mem 0x00000000fffc0000-0x00000000ffffffff] reserved
[STDOUT  ] 2018-02-02T18:46:10.998273018Z: [    0.000000] NX (Execute Disable) protection: active
[STDOUT  ] 2018-02-02T18:46:10.998279002Z: [    0.000000] SMBIOS 2.8 present.
[STDOUT  ] 2018-02-02T18:46:10.998284902Z: [    0.000000] Hypervisor detected: KVM
[STDOUT  ] 2018-02-02T18:46:10.998290671Z: [    0.000000] e820: last_pfn = 0x3ffdf max_arch_pfn = 0x400000000
[STDOUT  ] 2018-02-02T18:46:10.998298565Z: [    0.000000] x86/PAT: PAT not supported by CPU.
[STDOUT  ] 2018-02-02T18:46:10.998304381Z: [    0.000000] x86/PAT: Configuration [0-7]: WB  WT  UC- UC  WB  WT  UC- UC  
[STDOUT  ] 2018-02-02T18:46:10.998310236Z: [    0.000000] found SMP MP-table at [mem 0x000f6aa0-0x000f6aaf] mapped at [ffff9d2a000f6aa0]
[STDOUT  ] 2018-02-02T18:46:10.998316119Z: [    0.000000] RAMDISK: [mem 0x3dff4000-0x3ffcffff]
[STDOUT  ] 2018-02-02T18:46:10.998321867Z: [    0.000000] ACPI: Early table checksum verification disabled
[STDOUT  ] 2018-02-02T18:46:10.99832759Z: [    0.000000] ACPI: RSDP 0x00000000000F68B0 000014 (v00 BOCHS )
[STDOUT  ] 2018-02-02T18:46:10.998334746Z: [    0.000000] ACPI: RSDT 0x000000003FFE20A8 000034 (v01 BOCHS  BXPCRSDT 00000001 BXPC 00000001)
[STDOUT  ] 2018-02-02T18:46:10.998346159Z: [    0.000000] ACPI: FACP 0x000000003FFE1EC8 0000F4 (v03 BOCHS  BXPCFACP 00000001 BXPC 00000001)
[STDOUT  ] 2018-02-02T18:46:10.998357683Z: [    0.000000] ACPI: DSDT 0x000000003FFE0040 001E88 (v01 BOCHS  BXPCDSDT 00000001 BXPC 00000001)
[STDOUT  ] 2018-02-02T18:46:10.998370175Z: [    0.000000] ACPI: FACS 0x000000003FFE0000 000040
[STDOUT  ] 2018-02-02T18:46:10.998376693Z: [    0.000000] ACPI: APIC 0x000000003FFE1FBC 000078 (v01 BOCHS  BXPCAPIC 00000001 BXPC 00000001)
[STDOUT  ] 2018-02-02T18:46:10.998404567Z: [    0.000000] ACPI: HPET 0x000000003FFE2034 000038 (v01 BOCHS  BXPCHPET 00000001 BXPC 00000001)
[STDOUT  ] 2018-02-02T18:46:10.998415073Z: [    0.000000] ACPI: MCFG 0x000000003FFE206C 00003C (v01 BOCHS  BXPCMCFG 00000001 BXPC 00000001)
[STDOUT  ] 2018-02-02T18:46:10.998421093Z: [    0.000000] kvm-clock: Using msrs 4b564d01 and 4b564d00
[STDOUT  ] 2018-02-02T18:46:10.998426981Z: [    0.000000] kvm-clock: cpu 0, msr 0:3ffdd001, primary cpu clock
[STDOUT  ] 2018-02-02T18:46:10.998434987Z: [    0.000000] clocksource: kvm-clock: mask: 0xffffffffffffffff max_cycles: 0x1cd42e4dffb, max_idle_ns: 881590591483 ns
[STDOUT  ] 2018-02-02T18:46:10.998442023Z: [    0.000000] Zone ranges:
[STDOUT  ] 2018-02-02T18:46:10.998447796Z: [    0.000000]   DMA      [mem 0x0000000000001000-0x0000000000ffffff]
[STDOUT  ] 2018-02-02T18:46:10.998453548Z: [    0.000000]   DMA32    [mem 0x0000000001000000-0x000000003ffdefff]
[STDOUT  ] 2018-02-02T18:46:10.998461581Z: [    0.000000]   Normal   empty
[STDOUT  ] 2018-02-02T18:46:10.998467519Z: [    0.000000] Movable zone start for each node
[STDOUT  ] 2018-02-02T18:46:10.998475496Z: [    0.000000] Early memory node ranges
[STDOUT  ] 2018-02-02T18:46:10.998481255Z: [    0.000000]   node   0: [mem 0x0000000000001000-0x000000000009efff]
[STDOUT  ] 2018-02-02T18:46:10.99848704Z: [    0.000000]   node   0: [mem 0x0000000000100000-0x000000003ffdefff]
[STDOUT  ] 2018-02-02T18:46:10.998492756Z: [    0.000000] Initmem setup node 0 [mem 0x0000000000001000-0x000000003ffdefff]
[STDOUT  ] 2018-02-02T18:46:10.998498477Z: [    0.000000] ACPI: PM-Timer IO Port: 0x608
[STDOUT  ] 2018-02-02T18:46:10.998504226Z: [    0.000000] ACPI: LAPIC_NMI (acpi_id[0xff] dfl dfl lint[0x1])
[STDOUT  ] 2018-02-02T18:46:10.998509983Z: [    0.000000] IOAPIC[0]: apic_id 0, version 17, address 0xfec00000, GSI 0-23
[STDOUT  ] 2018-02-02T18:46:10.998515839Z: [    0.000000] ACPI: INT_SRC_OVR (bus 0 bus_irq 0 global_irq 2 dfl dfl)
[STDOUT  ] 2018-02-02T18:46:10.998521671Z: [    0.000000] ACPI: INT_SRC_OVR (bus 0 bus_irq 5 global_irq 5 high level)
[STDOUT  ] 2018-02-02T18:46:10.99853337Z: [    0.000000] ACPI: INT_SRC_OVR (bus 0 bus_irq 9 global_irq 9 high level)
[STDOUT  ] 2018-02-02T18:46:10.998539516Z: [    0.000000] ACPI: INT_SRC_OVR (bus 0 bus_irq 10 global_irq 10 high level)
[STDOUT  ] 2018-02-02T18:46:10.998545323Z: [    0.000000] ACPI: INT_SRC_OVR (bus 0 bus_irq 11 global_irq 11 high level)
[STDOUT  ] 2018-02-02T18:46:10.99855108Z: [    0.000000] Using ACPI (MADT) for SMP configuration information
[STDOUT  ] 2018-02-02T18:46:10.99855686Z: [    0.000000] ACPI: HPET id: 0x8086a201 base: 0xfed00000
[STDOUT  ] 2018-02-02T18:46:10.998562665Z: [    0.000000] smpboot: Allowing 1 CPUs, 0 hotplug CPUs
[STDOUT  ] 2018-02-02T18:46:10.99859034Z: [    0.000000] e820: [mem 0x40000000-0xafffffff] available for PCI devices
[STDOUT  ] 2018-02-02T18:46:10.998596369Z: [    0.000000] Booting paravirtualized kernel on KVM
[STDOUT  ] 2018-02-02T18:46:10.998604463Z: [    0.000000] clocksource: refined-jiffies: mask: 0xffffffff max_cycles: 0xffffffff, max_idle_ns: 19112604462750000 ns
[STDOUT  ] 2018-02-02T18:46:10.998613277Z: [    0.000000] setup_percpu: NR_CPUS:128 nr_cpumask_bits:128 nr_cpu_ids:1 nr_node_ids:1
[STDOUT  ] 2018-02-02T18:46:10.998619195Z: [    0.000000] percpu: Embedded 36 pages/cpu @ffff9d2a3dc00000 s106904 r8192 d32360 u2097152
[STDOUT  ] 2018-02-02T18:46:10.998625026Z: [    0.000000] KVM setup async PF for cpu 0
[STDOUT  ] 2018-02-02T18:46:10.998630833Z: [    0.000000] kvm-stealtime: cpu 0, msr 3dc0fd80
[STDOUT  ] 2018-02-02T18:46:10.998636544Z: [    0.000000] Built 1 zonelists in Zone order, mobility grouping on.  Total pages: 257896
[STDOUT  ] 2018-02-02T18:46:10.998642345Z: [    0.000000] Kernel command line: console=ttyS0 console=ttyAMA0
[STDOUT  ] 2018-02-02T18:46:10.998648245Z: [    0.000000] PID hash table entries: 4096 (order: 3, 32768 bytes)
[STDOUT  ] 2018-02-02T18:46:10.998654002Z: [    0.000000] Dentry cache hash table entries: 131072 (order: 8, 1048576 bytes)
[STDOUT  ] 2018-02-02T18:46:10.998659748Z: [    0.000000] Inode-cache hash table entries: 65536 (order: 7, 524288 bytes)
[STDOUT  ] 2018-02-02T18:46:10.998670421Z: [    0.000000] Memory: 981496K/1048052K available (8055K kernel code, 1391K rwdata, 2704K rodata, 1400K init, 564K bss, 66556K reserved, 0K cma-reserved)
[STDOUT  ] 2018-02-02T18:46:10.998677075Z: [    0.000000] Kernel/User page tables isolation: enabled
[STDOUT  ] 2018-02-02T18:46:10.998682892Z: [    0.000000] Hierarchical RCU implementation.
[STDOUT  ] 2018-02-02T18:46:10.998689078Z: [    0.000000] 	Build-time adjustment of leaf fanout to 64.
[STDOUT  ] 2018-02-02T18:46:10.998694879Z: [    0.000000] 	RCU restricting CPUs from NR_CPUS=128 to nr_cpu_ids=1.
[STDOUT  ] 2018-02-02T18:46:10.998700773Z: [    0.000000] RCU: Adjusting geometry for rcu_fanout_leaf=64, nr_cpu_ids=1
[STDOUT  ] 2018-02-02T18:46:10.998708796Z: [    0.000000] NR_IRQS:8448 nr_irqs:256 16
[STDOUT  ] 2018-02-02T18:46:10.998714691Z: [    0.000000] Console: colour VGA+ 80x25
[STDOUT  ] 2018-02-02T18:46:10.998720473Z: [    0.000000] console [ttyS0] enabled
[STDOUT  ] 2018-02-02T18:46:10.9987262Z: [    0.000000] clocksource: hpet: mask: 0xffffffff max_cycles: 0xffffffff, max_idle_ns: 19112604467 ns
[STDOUT  ] 2018-02-02T18:46:10.998732303Z: [    0.000000] tsc: Detected 2300.000 MHz processor
[STDOUT  ] 2018-02-02T18:46:10.998738056Z: [    0.020000] Calibrating delay loop (skipped) preset value.. 4600.00 BogoMIPS (lpj=23000000)
[STDOUT  ] 2018-02-02T18:46:10.998743954Z: [    0.022958] pid_max: default: 32768 minimum: 301
[STDOUT  ] 2018-02-02T18:46:10.998749792Z: [    0.028156] ACPI: Core revision 20160831
[STDOUT  ] 2018-02-02T18:46:10.99875553Z: [    0.030702] ACPI: 1 ACPI AML tables successfully acquired and loaded
[STDOUT  ] 2018-02-02T18:46:10.998761428Z: [    0.040093] Security Framework initialized
[STDOUT  ] 2018-02-02T18:46:10.998767143Z: [    0.044447] Yama: becoming mindful.
[STDOUT  ] 2018-02-02T18:46:10.998772883Z: [    0.048262] Mount-cache hash table entries: 2048 (order: 2, 16384 bytes)
[STDOUT  ] 2018-02-02T18:46:10.998781315Z: [    0.050040] Mountpoint-cache hash table entries: 2048 (order: 2, 16384 bytes)
[STDOUT  ] 2018-02-02T18:46:10.998787433Z: [    0.060870] CPU: Physical Processor ID: 0
[STDOUT  ] 2018-02-02T18:46:10.998793172Z: [    0.070240] Last level iTLB entries: 4KB 0, 2MB 0, 4MB 0
[STDOUT  ] 2018-02-02T18:46:10.998799026Z: [    0.076637] Last level dTLB entries: 4KB 0, 2MB 0, 4MB 0, 1GB 0
[STDOUT  ] 2018-02-02T18:46:10.998804801Z: [    0.080035] Spectre V2 mitigation: Vulnerable: Minimal generic ASM retpoline
[STDOUT  ] 2018-02-02T18:46:10.998810644Z: [    0.203661] Freeing SMP alternatives memory: 20K
[STDOUT  ] 2018-02-02T18:46:10.998816349Z: [    0.240272] ftrace: allocating 35561 entries in 139 pages
[STDOUT  ] 2018-02-02T18:46:10.998822233Z: [    0.260127] smpboot: Max logical packages: 1
[STDOUT  ] 2018-02-02T18:46:10.998827955Z: [    0.272139] x2apic enabled
[STDOUT  ] 2018-02-02T18:46:10.998833791Z: [    0.277983] Switched APIC routing to physical x2apic.
[STDOUT  ] 2018-02-02T18:46:10.998839582Z: [    0.293099] ..TIMER: vector=0x30 apic1=0 pin1=2 apic2=-1 pin2=-1
[STDOUT  ] 2018-02-02T18:46:10.998847155Z: [    0.300000] smpboot: CPU0: Intel QEMU Virtual CPU version 2.5+ (family: 0x6, model: 0x6, stepping: 0x3)
[STDOUT  ] 2018-02-02T18:46:10.998853594Z: [    0.300010] Performance Events: PMU not available due to virtualization, using software events only.
[STDOUT  ] 2018-02-02T18:46:10.998859705Z: [    0.318869] x86: Booted up 1 node, 1 CPUs
[STDOUT  ] 2018-02-02T18:46:10.998867684Z: [    0.320009] smpboot: Total of 1 processors activated (4600.00 BogoMIPS)
[STDOUT  ] 2018-02-02T18:46:10.998873445Z: [    0.331960] devtmpfs: initialized
[STDOUT  ] 2018-02-02T18:46:10.998879306Z: [    0.335826] x86/mm: Memory block size: 128MB
[STDOUT  ] 2018-02-02T18:46:10.998885162Z: [    0.343479] clocksource: jiffies: mask: 0xffffffff max_cycles: 0xffffffff, max_idle_ns: 19112604462750000 ns
[STDOUT  ] 2018-02-02T18:46:10.998891099Z: [    0.350029] futex hash table entries: 256 (order: 2, 16384 bytes)
[STDOUT  ] 2018-02-02T18:46:10.998898626Z: [    0.360212] NET: Registered protocol family 16
[STDOUT  ] 2018-02-02T18:46:10.998907734Z: [    0.365028] cpuidle: using governor ladder
[STDOUT  ] 2018-02-02T18:46:10.998913685Z: [    0.370010] cpuidle: using governor menu
[STDOUT  ] 2018-02-02T18:46:10.998919425Z: [    0.374306] ACPI: bus type PCI registered
[STDOUT  ] 2018-02-02T18:46:10.998925165Z: [    0.380504] PCI: MMCONFIG for domain 0000 [bus 00-ff] at [mem 0xb0000000-0xbfffffff] (base 0xb0000000)
[STDOUT  ] 2018-02-02T18:46:10.998930999Z: [    0.390013] PCI: MMCONFIG at [mem 0xb0000000-0xbfffffff] reserved in E820
[STDOUT  ] 2018-02-02T18:46:10.998936804Z: [    0.397119] PCI: Using configuration type 1 for base access
[STDOUT  ] 2018-02-02T18:46:10.998942531Z: [    0.401769] HugeTLB registered 2 MB page size, pre-allocated 0 pages
[STDOUT  ] 2018-02-02T18:46:10.998948444Z: [    0.410235] ACPI: Added _OSI(Module Device)
[STDOUT  ] 2018-02-02T18:46:10.998954166Z: [    0.415886] ACPI: Added _OSI(Processor Device)
[STDOUT  ] 2018-02-02T18:46:10.998959995Z: [    0.420011] ACPI: Added _OSI(3.0 _SCP Extensions)
[STDOUT  ] 2018-02-02T18:46:10.99896571Z: [    0.424734] ACPI: Added _OSI(Processor Aggregator Device)
[STDOUT  ] 2018-02-02T18:46:10.998971627Z: [    0.434973] ACPI: Interpreter enabled
[STDOUT  ] 2018-02-02T18:46:10.998977424Z: [    0.440021] ACPI: (supports S0 S5)
[STDOUT  ] 2018-02-02T18:46:10.998985233Z: [    0.443469] ACPI: Using IOAPIC for interrupt routing
[STDOUT  ] 2018-02-02T18:46:10.998991155Z: [    0.450077] PCI: Using host bridge windows from ACPI; if necessary, use "pci=nocrs" and report a bug
[STDOUT  ] 2018-02-02T18:46:10.998997418Z: [    0.463850] ACPI: PCI Root Bridge [PCI0] (domain 0000 [bus 00-ff])
[STDOUT  ] 2018-02-02T18:46:10.999003276Z: [    0.470021] acpi PNP0A08:00: _OSC: OS supports [ExtendedConfig ASPM ClockPM Segments MSI]
[STDOUT  ] 2018-02-02T18:46:10.999009179Z: [    0.480178] acpi PNP0A08:00: _OSC: OS now controls [PCIeHotplug PME PCIeCapability]
[STDOUT  ] 2018-02-02T18:46:10.999017841Z: [    0.487872] PCI host bridge to bus 0000:00
[STDOUT  ] 2018-02-02T18:46:10.999023814Z: [    0.490013] pci_bus 0000:00: root bus resource [io  0x0000-0x0cf7 window]
[STDOUT  ] 2018-02-02T18:46:10.999029643Z: [    0.496794] pci_bus 0000:00: root bus resource [io  0x0d00-0xffff window]
[STDOUT  ] 2018-02-02T18:46:10.999035398Z: [    0.500015] pci_bus 0000:00: root bus resource [mem 0x000a0000-0x000bffff window]
[STDOUT  ] 2018-02-02T18:46:10.999041091Z: [    0.510014] pci_bus 0000:00: root bus resource [mem 0xc0000000-0xfebfffff window]
[STDOUT  ] 2018-02-02T18:46:10.999046796Z: [    0.520015] pci_bus 0000:00: root bus resource [bus 00-ff]
[STDOUT  ] 2018-02-02T18:46:10.999052561Z: [    0.652181] pci 0000:00:1f.0: quirk: [io  0x0600-0x067f] claimed by ICH6 ACPI/GPIO/TCO
[STDOUT  ] 2018-02-02T18:46:10.999058336Z: [    0.715934] ACPI: PCI Interrupt Link [LNKA] (IRQs 5 *10 11)
[STDOUT  ] 2018-02-02T18:46:10.999064092Z: [    0.722151] ACPI: PCI Interrupt Link [LNKB] (IRQs 5 *10 11)
[STDOUT  ] 2018-02-02T18:46:10.99906992Z: [    0.731327] ACPI: PCI Interrupt Link [LNKC] (IRQs 5 10 *11)
[STDOUT  ] 2018-02-02T18:46:10.999075664Z: [    0.738556] ACPI: PCI Interrupt Link [LNKD] (IRQs 5 10 *11)
[STDOUT  ] 2018-02-02T18:46:10.999081513Z: [    0.742306] ACPI: PCI Interrupt Link [LNKE] (IRQs 5 *10 11)
[STDOUT  ] 2018-02-02T18:46:10.999089608Z: [    0.752194] ACPI: PCI Interrupt Link [LNKF] (IRQs 5 *10 11)
[STDOUT  ] 2018-02-02T18:46:10.999095417Z: [    0.760685] ACPI: PCI Interrupt Link [LNKG] (IRQs 5 10 *11)
[STDOUT  ] 2018-02-02T18:46:10.999101166Z: [    0.767861] ACPI: PCI Interrupt Link [LNKH] (IRQs 5 10 *11)
