[INFO    ] 2017-08-04T20:43:51.125439593Z: Running Test linuxkit.packages.format_mount.auto in /tmp/build/test/cases/040_packages/008_format_mount/000_auto
[INFO    ] 2017-08-04T20:43:51.125534869Z: Running command: [/bin/sh -x /tmp/build/test/cases/040_packages/008_format_mount/000_auto/test.sh]
[STDERR  ] 2017-08-04T20:43:51.12655293Z: + set -e
[STDERR  ] 2017-08-04T20:43:51.12661254Z: + . /tmp/build/test/cases/_lib/lib.sh
[STDERR  ] 2017-08-04T20:43:51.126642334Z: + [ -f src/github.com/linuxkit/rtf/lib/lib.sh ]
[STDERR  ] 2017-08-04T20:43:51.127027577Z: + LINUXKIT_TMPDIR=/tmp/build/test/cases/_tmp
[STDERR  ] 2017-08-04T20:43:51.127046942Z: + [ -f /tmp/build/test/cases/_tmp/env.sh ]
[STDERR  ] 2017-08-04T20:43:51.12706284Z: + . /tmp/build/test/cases/_tmp/env.sh
[STDERR  ] 2017-08-04T20:43:51.127073441Z: + export LINUXKIT_EXAMPLES_DIR=/tmp/build/test/cases/../../examples
[STDERR  ] 2017-08-04T20:43:51.127095501Z: + export LINUXKIT_BLUEPRINTS_DIR=/tmp/build/test/cases/../../blueprints
[STDERR  ] 2017-08-04T20:43:51.127112834Z: + RT_CANCEL=253
[STDERR  ] 2017-08-04T20:43:51.12712464Z: + NAME=test-format
[STDERR  ] 2017-08-04T20:43:51.127134095Z: + trap clean_up EXIT
[STDERR  ] 2017-08-04T20:43:51.127143181Z: + moby build -name test-format -output kernel+initrd test.yml
[STDERR  ] 2017-08-04T20:43:51.172333339Z: Extract kernel image: linuxkit/kernel:4.9.40
[STDERR  ] 2017-08-04T20:43:52.900928584Z: Add init containers:
[STDERR  ] 2017-08-04T20:43:52.900991047Z: Process init image: linuxkit/init:906e174b3f2e07f97d6fd693a2e8518e98dafa58
[STDERR  ] 2017-08-04T20:43:54.177481629Z: Process init image: linuxkit/runc:90e45f13e1d0a0983f36ef854621e3eac91cf541
[STDERR  ] 2017-08-04T20:43:55.391832299Z: Add onboot containers:
[STDERR  ] 2017-08-04T20:43:55.391888225Z:   Create OCI config for linuxkit/format:158d992b7bf7ab984100c697d7e72161ea7d7382
[STDERR  ] 2017-08-04T20:43:56.884602915Z:   Create OCI config for linuxkit/mount:4fe245efb01384e42622c36302e13e386bbaeb08
[STDERR  ] 2017-08-04T20:43:58.094556476Z:   Create OCI config for alpine:3.6
[STDERR  ] 2017-08-04T20:43:59.306812014Z:   Create OCI config for linuxkit/poweroff:1e9876c682c74d0602b7647c628bb0875fb13998
[STDERR  ] 2017-08-04T20:44:00.57810436Z: Add files:
[STDERR  ] 2017-08-04T20:44:00.578193735Z:   check.sh
[STDERR  ] 2017-08-04T20:44:00.578897314Z: Create outputs:
[STDERR  ] 2017-08-04T20:44:04.928509437Z:   test-format-kernel test-format-initrd.img test-format-cmdline
[STDERR  ] 2017-08-04T20:44:04.974046572Z: + linuxkit run -disk file=test-format1.img,size=512M test-format
[STDERR  ] 2017-08-04T20:44:04.993232983Z: Unable to find qemu-system-x86_64 within the $PATH. Using a container
[STDERR  ] 2017-08-04T20:44:29.637559868Z: main-loop: WARNING: I/O thread spun for 1000 iterations
[STDERR  ] 2017-08-04T20:44:49.715801486Z: + RESULT=[    0.000000] Linux version 4.9.40-linuxkit (root@e1ede117fb1e) (gcc version 6.3.0 (Alpine 6.3.0) ) #1 SMP Wed Aug 2 16:32:58 UTC 2017
[STDERR  ] 2017-08-04T20:44:49.715870299Z: [    0.000000] Command line: console=ttyS0
[STDERR  ] 2017-08-04T20:44:49.715882079Z: [    0.000000] x86/fpu: Legacy x87 FPU detected.
[STDERR  ] 2017-08-04T20:44:49.715893496Z: [    0.000000] x86/fpu: Using 'eager' FPU context switches.
[STDERR  ] 2017-08-04T20:44:49.715904355Z: [    0.000000] e820: BIOS-provided physical RAM map:
[STDERR  ] 2017-08-04T20:44:49.715916132Z: [    0.000000] BIOS-e820: [mem 0x0000000000000000-0x000000000009fbff] usable
[STDERR  ] 2017-08-04T20:44:49.715927526Z: [    0.000000] BIOS-e820: [mem 0x000000000009fc00-0x000000000009ffff] reserved
[STDERR  ] 2017-08-04T20:44:49.715938302Z: [    0.000000] BIOS-e820: [mem 0x00000000000f0000-0x00000000000fffff] reserved
[STDERR  ] 2017-08-04T20:44:49.715948652Z: [    0.000000] BIOS-e820: [mem 0x0000000000100000-0x000000003ffdefff] usable
[STDERR  ] 2017-08-04T20:44:49.71595897Z: [    0.000000] BIOS-e820: [mem 0x000000003ffdf000-0x000000003fffffff] reserved
[STDERR  ] 2017-08-04T20:44:49.715969468Z: [    0.000000] BIOS-e820: [mem 0x00000000b0000000-0x00000000bfffffff] reserved
[STDERR  ] 2017-08-04T20:44:49.715981415Z: [    0.000000] BIOS-e820: [mem 0x00000000fed1c000-0x00000000fed1ffff] reserved
[STDERR  ] 2017-08-04T20:44:49.716005218Z: [    0.000000] BIOS-e820: [mem 0x00000000fffc0000-0x00000000ffffffff] reserved
[STDERR  ] 2017-08-04T20:44:49.716015828Z: [    0.000000] NX (Execute Disable) protection: active
[STDERR  ] 2017-08-04T20:44:49.716026629Z: [    0.000000] SMBIOS 2.8 present.
[STDERR  ] 2017-08-04T20:44:49.716036891Z: [    0.000000] e820: last_pfn = 0x3ffdf max_arch_pfn = 0x400000000
[STDERR  ] 2017-08-04T20:44:49.716047265Z: [    0.000000] x86/PAT: Configuration [0-7]: WB  WC  UC- UC  WB  WC  UC- WT  
[STDERR  ] 2017-08-04T20:44:49.716057858Z: [    0.000000] found SMP MP-table at [mem 0x000f6aa0-0x000f6aaf] mapped at [ffff9236800f6aa0]
[STDERR  ] 2017-08-04T20:44:49.716069694Z: [    0.000000] RAMDISK: [mem 0x3e69c000-0x3ffcffff]
[STDERR  ] 2017-08-04T20:44:49.716087462Z: [    0.000000] ACPI: Early table checksum verification disabled
[STDERR  ] 2017-08-04T20:44:49.716097562Z: [    0.000000] ACPI: RSDP 0x00000000000F68C0 000014 (v00 BOCHS )
[STDERR  ] 2017-08-04T20:44:49.716107502Z: [    0.000000] ACPI: RSDT 0x000000003FFE2404 000034 (v01 BOCHS  BXPCRSDT 00000001 BXPC 00000001)
[STDERR  ] 2017-08-04T20:44:49.716117186Z: [    0.000000] ACPI: FACP 0x000000003FFE22A4 000074 (v01 BOCHS  BXPCFACP 00000001 BXPC 00000001)
[STDERR  ] 2017-08-04T20:44:49.716126961Z: [    0.000000] ACPI: DSDT 0x000000003FFE0040 002264 (v01 BOCHS  BXPCDSDT 00000001 BXPC 00000001)
[STDERR  ] 2017-08-04T20:44:49.716136445Z: [    0.000000] ACPI: FACS 0x000000003FFE0000 000040
[STDERR  ] 2017-08-04T20:44:49.716146336Z: [    0.000000] ACPI: APIC 0x000000003FFE2318 000078 (v01 BOCHS  BXPCAPIC 00000001 BXPC 00000001)
[STDERR  ] 2017-08-04T20:44:49.716155598Z: [    0.000000] ACPI: HPET 0x000000003FFE2390 000038 (v01 BOCHS  BXPCHPET 00000001 BXPC 00000001)
[STDERR  ] 2017-08-04T20:44:49.716165271Z: [    0.000000] ACPI: MCFG 0x000000003FFE23C8 00003C (v01 BOCHS  BXPCMCFG 00000001 BXPC 00000001)
[STDERR  ] 2017-08-04T20:44:49.716175384Z: [    0.000000] Zone ranges:
[STDERR  ] 2017-08-04T20:44:49.716185235Z: [    0.000000]   DMA      [mem 0x0000000000001000-0x0000000000ffffff]
[STDERR  ] 2017-08-04T20:44:49.716195632Z: [    0.000000]   DMA32    [mem 0x0000000001000000-0x000000003ffdefff]
[STDERR  ] 2017-08-04T20:44:49.716205159Z: [    0.000000]   Normal   empty
[STDERR  ] 2017-08-04T20:44:49.716214431Z: [    0.000000] Movable zone start for each node
[STDERR  ] 2017-08-04T20:44:49.716223686Z: [    0.000000] Early memory node ranges
[STDERR  ] 2017-08-04T20:44:49.716234301Z: [    0.000000]   node   0: [mem 0x0000000000001000-0x000000000009efff]
[STDERR  ] 2017-08-04T20:44:49.716243268Z: [    0.000000]   node   0: [mem 0x0000000000100000-0x000000003ffdefff]
[STDERR  ] 2017-08-04T20:44:49.716254382Z: [    0.000000] Initmem setup node 0 [mem 0x0000000000001000-0x000000003ffdefff]
[STDERR  ] 2017-08-04T20:44:49.716264384Z: [    0.000000] ACPI: PM-Timer IO Port: 0x608
[STDERR  ] 2017-08-04T20:44:49.716273858Z: [    0.000000] ACPI: LAPIC_NMI (acpi_id[0xff] dfl dfl lint[0x1])
[STDERR  ] 2017-08-04T20:44:49.716286431Z: [    0.000000] IOAPIC[0]: apic_id 0, version 32, address 0xfec00000, GSI 0-23
[STDERR  ] 2017-08-04T20:44:49.716296381Z: [    0.000000] ACPI: INT_SRC_OVR (bus 0 bus_irq 0 global_irq 2 dfl dfl)
[STDERR  ] 2017-08-04T20:44:49.716305715Z: [    0.000000] ACPI: INT_SRC_OVR (bus 0 bus_irq 5 global_irq 5 high level)
[STDERR  ] 2017-08-04T20:44:49.716314854Z: [    0.000000] ACPI: INT_SRC_OVR (bus 0 bus_irq 9 global_irq 9 high level)
[STDERR  ] 2017-08-04T20:44:49.716326686Z: [    0.000000] ACPI: INT_SRC_OVR (bus 0 bus_irq 10 global_irq 10 high level)
[STDERR  ] 2017-08-04T20:44:49.716335822Z: [    0.000000] ACPI: INT_SRC_OVR (bus 0 bus_irq 11 global_irq 11 high level)
[STDERR  ] 2017-08-04T20:44:49.716345735Z: [    0.000000] Using ACPI (MADT) for SMP configuration information
[STDERR  ] 2017-08-04T20:44:49.716355511Z: [    0.000000] ACPI: HPET id: 0x8086a201 base: 0xfed00000
[STDERR  ] 2017-08-04T20:44:49.716364706Z: [    0.000000] smpboot: Allowing 1 CPUs, 0 hotplug CPUs
[STDERR  ] 2017-08-04T20:44:49.716378941Z: [    0.000000] e820: [mem 0x40000000-0xafffffff] available for PCI devices
[STDERR  ] 2017-08-04T20:44:49.716391674Z: [    0.000000] Booting paravirtualized kernel on bare hardware
[STDERR  ] 2017-08-04T20:44:49.716400876Z: [    0.000000] clocksource: refined-jiffies: mask: 0xffffffff max_cycles: 0xffffffff, max_idle_ns: 19112604462750000 ns
[STDERR  ] 2017-08-04T20:44:49.716414421Z: [    0.000000] setup_percpu: NR_CPUS:128 nr_cpumask_bits:128 nr_cpu_ids:1 nr_node_ids:1
[STDERR  ] 2017-08-04T20:44:49.716424821Z: [    0.000000] percpu: Embedded 35 pages/cpu @ffff9236be400000 s105240 r8192 d29928 u2097152
[STDERR  ] 2017-08-04T20:44:49.71643437Z: [    0.000000] Built 1 zonelists in Zone order, mobility grouping on.  Total pages: 257896
[STDERR  ] 2017-08-04T20:44:49.716443797Z: [    0.000000] Kernel command line: console=ttyS0
[STDERR  ] 2017-08-04T20:44:49.716458094Z: [    0.000000] PID hash table entries: 4096 (order: 3, 32768 bytes)
[STDERR  ] 2017-08-04T20:44:49.716467748Z: [    0.000000] Dentry cache hash table entries: 131072 (order: 8, 1048576 bytes)
[STDERR  ] 2017-08-04T20:44:49.716477755Z: [    0.000000] Inode-cache hash table entries: 65536 (order: 7, 524288 bytes)
[STDERR  ] 2017-08-04T20:44:49.716489275Z: [    0.000000] Memory: 988364K/1048052K available (8027K kernel code, 1366K rwdata, 2696K rodata, 1380K init, 568K bss, 59688K reserved, 0K cma-reserved)
[STDERR  ] 2017-08-04T20:44:49.716501603Z: [    0.000000] Hierarchical RCU implementation.
[STDERR  ] 2017-08-04T20:44:49.716511257Z: [    0.000000] 	Build-time adjustment of leaf fanout to 64.
[STDERR  ] 2017-08-04T20:44:49.716554261Z: [    0.000000] 	RCU restricting CPUs from NR_CPUS=128 to nr_cpu_ids=1.
[STDERR  ] 2017-08-04T20:44:49.716563623Z: [    0.000000] RCU: Adjusting geometry for rcu_fanout_leaf=64, nr_cpu_ids=1
[STDERR  ] 2017-08-04T20:44:49.716573348Z: [    0.000000] NR_IRQS:8448 nr_irqs:256 16
[STDERR  ] 2017-08-04T20:44:49.71658342Z: [    0.000000] Console: colour VGA+ 80x25
[STDERR  ] 2017-08-04T20:44:49.716592796Z: [    0.000000] console [ttyS0] enabled
[STDERR  ] 2017-08-04T20:44:49.716601873Z: [    0.000000] clocksource: hpet: mask: 0xffffffff max_cycles: 0xffffffff, max_idle_ns: 19112604467 ns
[STDERR  ] 2017-08-04T20:44:49.71661386Z: [    0.000000] tsc: Fast TSC calibration using PIT
[STDERR  ] 2017-08-04T20:44:49.716623271Z: [    0.000000] tsc: Detected 2600.004 MHz processor
[STDERR  ] 2017-08-04T20:44:49.716633513Z: [    0.022260] Calibrating delay loop (skipped), value calculated using timer frequency.. 5200.00 BogoMIPS (lpj=26000040)
[STDERR  ] 2017-08-04T20:44:49.716644716Z: [    0.030577] pid_max: default: 32768 minimum: 301
[STDERR  ] 2017-08-04T20:44:49.716654174Z: [    0.031666] ACPI: Core revision 20160831
[STDERR  ] 2017-08-04T20:44:49.716666906Z: [    0.078124] ACPI: 1 ACPI AML tables successfully acquired and loaded
[STDERR  ] 2017-08-04T20:44:49.716676626Z: [    0.083320] Security Framework initialized
[STDERR  ] 2017-08-04T20:44:49.71668632Z: [    0.083776] Yama: becoming mindful.
[STDERR  ] 2017-08-04T20:44:49.71669574Z: [    0.086043] Mount-cache hash table entries: 2048 (order: 2, 16384 bytes)
[STDERR  ] 2017-08-04T20:44:49.716705768Z: [    0.086644] Mountpoint-cache hash table entries: 2048 (order: 2, 16384 bytes)
[STDERR  ] 2017-08-04T20:44:49.716716588Z: [    0.109601] Last level iTLB entries: 4KB 0, 2MB 0, 4MB 0
[STDERR  ] 2017-08-04T20:44:49.71672637Z: [    0.110138] Last level dTLB entries: 4KB 0, 2MB 0, 4MB 0, 1GB 0
[STDERR  ] 2017-08-04T20:44:49.716735576Z: [    0.422136] Freeing SMP alternatives memory: 20K (ffffffffa2eb0000 - ffffffffa2eb5000)
[STDERR  ] 2017-08-04T20:44:49.7167451Z: [    0.433017] ftrace: allocating 35481 entries in 139 pages
[STDERR  ] 2017-08-04T20:44:49.71675702Z: [    0.612288] smpboot: Max logical packages: 1
[STDERR  ] 2017-08-04T20:44:49.716766578Z: [    0.619662] ..TIMER: vector=0x30 apic1=0 pin1=2 apic2=-1 pin2=-1
[STDOUT  ] 2017-08-04T20:44:49.716715973Z: [    0.000000] Linux version 4.9.40-linuxkit (root@e1ede117fb1e) (gcc version 6.3.0 (Alpine 6.3.0) ) #1 SMP Wed Aug 2 16:32:58 UTC 2017
[STDERR  ] 2017-08-04T20:44:49.716776438Z: [    0.720000] smpboot: CPU0: AMD QEMU Virtual CPU version 2.5+ (family: 0x6, model: 0x6, stepping: 0x3)
[STDERR  ] 2017-08-04T20:44:49.716805058Z: [    0.720000] Performance Events: PMU not available due to virtualization, using software events only.
[STDOUT  ] 2017-08-04T20:44:49.71680258Z: [    0.000000] Command line: console=ttyS0
[STDERR  ] 2017-08-04T20:44:49.716816157Z: [    0.730238] NMI watchdog: disabled (cpu0): hardware events not enabled
[STDOUT  ] 2017-08-04T20:44:49.716819898Z: [    0.000000] x86/fpu: Legacy x87 FPU detected.
[STDERR  ] 2017-08-04T20:44:49.71682817Z: [    0.730755] NMI watchdog: Shutting down hard lockup detector on all cpus
[STDOUT  ] 2017-08-04T20:44:49.716833923Z: [    0.000000] x86/fpu: Using 'eager' FPU context switches.
[STDERR  ] 2017-08-04T20:44:49.716839736Z: [    0.734692] x86: Booted up 1 node, 1 CPUs
[STDOUT  ] 2017-08-04T20:44:49.716855463Z: [    0.000000] e820: BIOS-provided physical RAM map:
[STDERR  ] 2017-08-04T20:44:49.716858096Z: [    0.735121] smpboot: Total of 1 processors activated (5200.00 BogoMIPS)
[STDERR  ] 2017-08-04T20:44:49.716871628Z: [    0.748996] devtmpfs: initialized
[STDOUT  ] 2017-08-04T20:44:49.716871033Z: [    0.000000] BIOS-e820: [mem 0x0000000000000000-0x000000000009fbff] usable
[STDERR  ] 2017-08-04T20:44:49.71688195Z: [    0.754751] x86/mm: Memory block size: 128MB
[STDOUT  ] 2017-08-04T20:44:49.716885846Z: [    0.000000] BIOS-e820: [mem 0x000000000009fc00-0x000000000009ffff] reserved
[STDERR  ] 2017-08-04T20:44:49.716893868Z: [    0.826069] clocksource: jiffies: mask: 0xffffffff max_cycles: 0xffffffff, max_idle_ns: 19112604462750000 ns
[STDOUT  ] 2017-08-04T20:44:49.716897431Z: [    0.000000] BIOS-e820: [mem 0x00000000000f0000-0x00000000000fffff] reserved
[STDERR  ] 2017-08-04T20:44:49.716906556Z: [    0.827102] futex hash table entries: 256 (order: 2, 16384 bytes)
[STDOUT  ] 2017-08-04T20:44:49.716908773Z: [    0.000000] BIOS-e820: [mem 0x0000000000100000-0x000000003ffdefff] usable
[STDOUT  ] 2017-08-04T20:44:49.716920891Z: [    0.000000] BIOS-e820: [mem 0x000000003ffdf000-0x000000003fffffff] reserved
[STDERR  ] 2017-08-04T20:44:49.716918434Z: [    0.836420] NET: Registered protocol family 16
[STDOUT  ] 2017-08-04T20:44:49.716931824Z: [    0.000000] BIOS-e820: [mem 0x00000000b0000000-0x00000000bfffffff] reserved
[STDERR  ] 2017-08-04T20:44:49.71693435Z: [    0.847623] cpuidle: using governor ladder
[STDERR  ] 2017-08-04T20:44:49.716945911Z: [    0.848158] cpuidle: using governor menu
[STDOUT  ] 2017-08-04T20:44:49.716942954Z: [    0.000000] BIOS-e820: [mem 0x00000000fed1c000-0x00000000fed1ffff] reserved
[STDOUT  ] 2017-08-04T20:44:49.716955216Z: [    0.000000] BIOS-e820: [mem 0x00000000fffc0000-0x00000000ffffffff] reserved
[STDERR  ] 2017-08-04T20:44:49.716958778Z: [    0.849400] ACPI: bus type PCI registered
[STDERR  ] 2017-08-04T20:44:49.716972063Z: [    0.852410] PCI: MMCONFIG for domain 0000 [bus 00-ff] at [mem 0xb0000000-0xbfffffff] (base 0xb0000000)
[STDOUT  ] 2017-08-04T20:44:49.716967554Z: [    0.000000] NX (Execute Disable) protection: active
[STDERR  ] 2017-08-04T20:44:49.716984288Z: [    0.853212] PCI: MMCONFIG at [mem 0xb0000000-0xbfffffff] reserved in E820
[STDOUT  ] 2017-08-04T20:44:49.716980794Z: [    0.000000] SMBIOS 2.8 present.
[STDOUT  ] 2017-08-04T20:44:49.716992943Z: [    0.000000] e820: last_pfn = 0x3ffdf max_arch_pfn = 0x400000000
[STDERR  ] 2017-08-04T20:44:49.716996366Z: [    0.854670] PCI: Using configuration type 1 for base access
[STDOUT  ] 2017-08-04T20:44:49.717013011Z: [    0.000000] x86/PAT: Configuration [0-7]: WB  WC  UC- UC  WB  WC  UC- WT  
[STDERR  ] 2017-08-04T20:44:49.717007764Z: [    0.910853] HugeTLB registered 2 MB page size, pre-allocated 0 pages
[STDERR  ] 2017-08-04T20:44:49.71702263Z: [    0.923166] ACPI: Added _OSI(Module Device)
[STDOUT  ] 2017-08-04T20:44:49.717027974Z: [    0.000000] found SMP MP-table at [mem 0x000f6aa0-0x000f6aaf] mapped at [ffff9236800f6aa0]
[STDERR  ] 2017-08-04T20:44:49.717035546Z: [    0.923594] ACPI: Added _OSI(Processor Device)
[STDOUT  ] 2017-08-04T20:44:49.717040264Z: [    0.000000] RAMDISK: [mem 0x3e69c000-0x3ffcffff]
[STDERR  ] 2017-08-04T20:44:49.717052516Z: [    0.923914] ACPI: Added _OSI(3.0 _SCP Extensions)
[STDOUT  ] 2017-08-04T20:44:49.717054857Z: [    0.000000] ACPI: Early table checksum verification disabled
[STDERR  ] 2017-08-04T20:44:49.717066248Z: [    0.924223] ACPI: Added _OSI(Processor Aggregator Device)
[STDOUT  ] 2017-08-04T20:44:49.71706863Z: [    0.000000] ACPI: RSDP 0x00000000000F68C0 000014 (v00 BOCHS )
[STDERR  ] 2017-08-04T20:44:49.717080036Z: [    0.994928] ACPI: Interpreter enabled
[STDOUT  ] 2017-08-04T20:44:49.717082343Z: [    0.000000] ACPI: RSDT 0x000000003FFE2404 000034 (v01 BOCHS  BXPCRSDT 00000001 BXPC 00000001)
[STDERR  ] 2017-08-04T20:44:49.717091586Z: [    0.995971] ACPI: (supports S0 S5)
[STDOUT  ] 2017-08-04T20:44:49.717102574Z: [    0.000000] ACPI: FACP 0x000000003FFE22A4 000074 (v01 BOCHS  BXPCFACP 00000001 BXPC 00000001)
[STDERR  ] 2017-08-04T20:44:49.717108726Z: [    0.996350] ACPI: Using IOAPIC for interrupt routing
[STDOUT  ] 2017-08-04T20:44:49.717115594Z: [    0.000000] ACPI: DSDT 0x000000003FFE0040 002264 (v01 BOCHS  BXPCDSDT 00000001 BXPC 00000001)
[STDERR  ] 2017-08-04T20:44:49.717120766Z: [    0.999154] PCI: Using host bridge windows from ACPI; if necessary, use "pci=nocrs" and report a bug
[STDERR  ] 2017-08-04T20:44:49.717132797Z: [    1.064499] ACPI: PCI Root Bridge [PCI0] (domain 0000 [bus 00-ff])
[STDOUT  ] 2017-08-04T20:44:49.717127748Z: [    0.000000] ACPI: FACS 0x000000003FFE0000 000040
[STDOUT  ] 2017-08-04T20:44:49.717141167Z: [    0.000000] ACPI: APIC 0x000000003FFE2318 000078 (v01 BOCHS  BXPCAPIC 00000001 BXPC 00000001)
[STDERR  ] 2017-08-04T20:44:49.717143924Z: [    1.065724] acpi PNP0A08:00: _OSC: OS supports [ExtendedConfig ASPM ClockPM Segments MSI]
[STDERR  ] 2017-08-04T20:44:49.717155964Z: [    1.072524] acpi PNP0A08:00: _OSC: OS now controls [PCIeHotplug PME PCIeCapability]
[STDOUT  ] 2017-08-04T20:44:49.717152933Z: [    0.000000] ACPI: HPET 0x000000003FFE2390 000038 (v01 BOCHS  BXPCHPET 00000001 BXPC 00000001)
[STDOUT  ] 2017-08-04T20:44:49.717166148Z: [    0.000000] ACPI: MCFG 0x000000003FFE23C8 00003C (v01 BOCHS  BXPCMCFG 00000001 BXPC 00000001)
[STDERR  ] 2017-08-04T20:44:49.717166853Z: [    1.076609] PCI host bridge to bus 0000:00
[STDOUT  ] 2017-08-04T20:44:49.717177094Z: [    0.000000] Zone ranges:
[STDERR  ] 2017-08-04T20:44:49.717181728Z: [    1.077080] pci_bus 0000:00: root bus resource [io  0x0000-0x0cf7 window]
[STDOUT  ] 2017-08-04T20:44:49.717189136Z: [    0.000000]   DMA      [mem 0x0000000000001000-0x0000000000ffffff]
[STDERR  ] 2017-08-04T20:44:49.717193544Z: [    1.077567] pci_bus 0000:00: root bus resource [io  0x0d00-0xffff window]
[STDOUT  ] 2017-08-04T20:44:49.71720108Z: [    0.000000]   DMA32    [mem 0x0000000001000000-0x000000003ffdefff]
[STDERR  ] 2017-08-04T20:44:49.71720734Z: [    1.077956] pci_bus 0000:00: root bus resource [mem 0x000a0000-0x000bffff window]
[STDERR  ] 2017-08-04T20:44:49.717218664Z: [    1.078458] pci_bus 0000:00: root bus resource [mem 0xc0000000-0xfebfffff window]
[STDOUT  ] 2017-08-04T20:44:49.717215648Z: [    0.000000]   Normal   empty
[STDOUT  ] 2017-08-04T20:44:49.717227014Z: [    0.000000] Movable zone start for each node
[STDERR  ] 2017-08-04T20:44:49.717229226Z: [    1.079137] pci_bus 0000:00: root bus resource [bus 00-ff]
[STDOUT  ] 2017-08-04T20:44:49.717238288Z: [    0.000000] Early memory node ranges
[STDOUT  ] 2017-08-04T20:44:49.717249462Z: [    0.000000]   node   0: [mem 0x0000000000001000-0x000000000009efff]
[STDERR  ] 2017-08-04T20:44:49.717240426Z: [    1.190241] pci 0000:00:1f.0: quirk: [io  0x0600-0x067f] claimed by ICH6 ACPI/GPIO/TCO
[STDERR  ] 2017-08-04T20:44:49.717257746Z: [    1.254597] ACPI: PCI Interrupt Link [LNKA] (IRQs 5 *10 11)
[STDOUT  ] 2017-08-04T20:44:49.717260546Z: [    0.000000]   node   0: [mem 0x0000000000100000-0x000000003ffdefff]
[STDOUT  ] 2017-08-04T20:44:49.717273633Z: [    0.000000] Initmem setup node 0 [mem 0x0000000000001000-0x000000003ffdefff]
[STDERR  ] 2017-08-04T20:44:49.717270336Z: [    1.257456] ACPI: PCI Interrupt Link [LNKB] (IRQs 5 *10 11)
[STDERR  ] 2017-08-04T20:44:49.717287015Z: [    1.259713] ACPI: PCI Interrupt Link [LNKC] (IRQs 5 10 *11)
[STDOUT  ] 2017-08-04T20:44:49.717289692Z: [    0.000000] ACPI: PM-Timer IO Port: 0x608
[STDERR  ] 2017-08-04T20:44:49.717298649Z: [    1.261799] ACPI: PCI Interrupt Link [LNKD] (IRQs 5 10 *11)
[STDOUT  ] 2017-08-04T20:44:49.717300773Z: [    0.000000] ACPI: LAPIC_NMI (acpi_id[0xff] dfl dfl lint[0x1])
[STDERR  ] 2017-08-04T20:44:49.717309633Z: [    1.263695] ACPI: PCI Interrupt Link [LNKE] (IRQs 5 *10 11)
[STDOUT  ] 2017-08-04T20:44:49.717312688Z: [    0.000000] IOAPIC[0]: apic_id 0, version 32, address 0xfec00000, GSI 0-23
[STDOUT  ] 2017-08-04T20:44:49.717323946Z: [    0.000000] ACPI: INT_SRC_OVR (bus 0 bus_irq 0 global_irq 2 dfl dfl)
[STDERR  ] 2017-08-04T20:44:49.717321282Z: [    1.266249] ACPI: PCI Interrupt Link [LNKF] (IRQs 5 *10 11)
[STDOUT  ] 2017-08-04T20:44:49.717337385Z: [    0.000000] ACPI: INT_SRC_OVR (bus 0 bus_irq 5 global_irq 5 high level)
[STDERR  ] 2017-08-04T20:44:49.717339575Z: [    1.268260] ACPI: PCI Interrupt Link [LNKG] (IRQs 5 10 *11)
[STDOUT  ] 2017-08-04T20:44:49.717349492Z: [    0.000000] ACPI: INT_SRC_OVR (bus 0 bus_irq 9 global_irq 9 high level)
[STDERR  ] 2017-08-04T20:44:49.717351668Z: [    1.271625] ACPI: PCI Interrupt Link [LNKH] (IRQs 5 10 *11)
[STDOUT  ] 2017-08-04T20:44:49.717360993Z: [    0.000000] ACPI: INT_SRC_OVR (bus 0 bus_irq 10 global_irq 10 high level)
[STDERR  ] 2017-08-04T20:44:49.717363363Z: [    1.272646] ACPI: PCI Interrupt Link [GSIA] (IRQs *16)
[STDERR  ] 2017-08-04T20:44:49.717374952Z: [    1.273387] ACPI: PCI Interrupt Link [GSIB] (IRQs *17)
[STDOUT  ] 2017-08-04T20:44:49.717372468Z: [    0.000000] ACPI: INT_SRC_OVR (bus 0 bus_irq 11 global_irq 11 high level)
[STDERR  ] 2017-08-04T20:44:49.717385801Z: [    1.274202] ACPI: PCI Interrupt Link [GSIC] (IRQs *18)
[STDOUT  ] 2017-08-04T20:44:49.717383948Z: [    0.000000] Using ACPI (MADT) for SMP configuration information
[STDOUT  ] 2017-08-04T20:44:49.717395583Z: [    0.000000] ACPI: HPET id: 0x8086a201 base: 0xfed00000
[STDERR  ] 2017-08-04T20:44:49.717397351Z: [    1.274980] ACPI: PCI Interrupt Link [GSID] (IRQs *19)
[STDERR  ] 2017-08-04T20:44:49.717410375Z: [    1.275758] ACPI: PCI Interrupt Link [GSIE] (IRQs *20)
[STDOUT  ] 2017-08-04T20:44:49.717408069Z: [    0.000000] smpboot: Allowing 1 CPUs, 0 hotplug CPUs
[STDOUT  ] 2017-08-04T20:44:49.717419825Z: [    0.000000] e820: [mem 0x40000000-0xafffffff] available for PCI devices
[STDERR  ] 2017-08-04T20:44:49.717420933Z: [    1.276592] ACPI: PCI Interrupt Link [GSIF] (IRQs *21)
[STDERR  ] 2017-08-04T20:44:49.717433675Z: [    1.277463] ACPI: PCI Interrupt Link [GSIG] (IRQs *22)
[STDOUT  ] 2017-08-04T20:44:49.717431105Z: [    0.000000] Booting paravirtualized kernel on bare hardware
[STDERR  ] 2017-08-04T20:44:49.717446256Z: [    1.278233] ACPI: PCI Interrupt Link [GSIH] (IRQs *23)
[STDOUT  ] 2017-08-04T20:44:49.717443151Z: [    0.000000] clocksource: refined-jiffies: mask: 0xffffffff max_cycles: 0xffffffff, max_idle_ns: 19112604462750000 ns
[STDERR  ] 2017-08-04T20:44:49.717456983Z: [    1.282365] ACPI: Enabled 2 GPEs in block 00 to 3F
[STDOUT  ] 2017-08-04T20:44:49.717463633Z: [    0.000000] setup_percpu: NR_CPUS:128 nr_cpumask_bits:128 nr_cpu_ids:1 nr_node_ids:1
[STDERR  ] 2017-08-04T20:44:49.717469128Z: [    1.286669] SCSI subsystem initialized
[STDOUT  ] 2017-08-04T20:44:49.717475543Z: [    0.000000] percpu: Embedded 35 pages/cpu @ffff9236be400000 s105240 r8192 d29928 u2097152
[STDERR  ] 2017-08-04T20:44:49.717480963Z: [    1.288562] ACPI: bus type USB registered
[STDOUT  ] 2017-08-04T20:44:49.717488091Z: [    0.000000] Built 1 zonelists in Zone order, mobility grouping on.  Total pages: 257896
[STDERR  ] 2017-08-04T20:44:49.717493026Z: [    1.289702] usbcore: registered new interface driver usbfs
[STDOUT  ] 2017-08-04T20:44:49.717500023Z: [    0.000000] Kernel command line: console=ttyS0
[STDOUT  ] 2017-08-04T20:44:49.717513595Z: [    0.000000] PID hash table entries: 4096 (order: 3, 32768 bytes)
[STDERR  ] 2017-08-04T20:44:49.717504929Z: [    1.290688] usbcore: registered new interface driver hub
[STDERR  ] 2017-08-04T20:44:49.717527463Z: [    1.291550] usbcore: registered new device driver usb
[STDOUT  ] 2017-08-04T20:44:49.717531751Z: [    0.000000] Dentry cache hash table entries: 131072 (order: 8, 1048576 bytes)
[STDERR  ] 2017-08-04T20:44:49.717539075Z: [    1.292807] pps_core: LinuxPPS API ver. 1 registered
[STDOUT  ] 2017-08-04T20:44:49.717544283Z: [    0.000000] Inode-cache hash table entries: 65536 (order: 7, 524288 bytes)
[STDERR  ] 2017-08-04T20:44:49.717550933Z: [    1.293165] pps_core: Software ver. 5.3.6 - Copyright 2005-2007 Rodolfo Giometti <giometti@linux.it>
[STDOUT  ] 2017-08-04T20:44:49.717558133Z: [    0.000000] Memory: 988364K/1048052K available (8027K kernel code, 1366K rwdata, 2696K rodata, 1380K init, 568K bss, 59688K reserved, 0K cma-reserved)
[STDERR  ] 2017-08-04T20:44:49.717565286Z: [    1.293986] PTP clock support registered
[STDOUT  ] 2017-08-04T20:44:49.717580486Z: [    0.000000] Hierarchical RCU implementation.
[STDERR  ] 2017-08-04T20:44:49.717581091Z: [    1.295250] wmi: Mapper loaded
[STDOUT  ] 2017-08-04T20:44:49.717593039Z: [    0.000000] 	Build-time adjustment of leaf fanout to 64.
[STDERR  ] 2017-08-04T20:44:49.717596811Z: [    1.296438] PCI: Using ACPI for IRQ routing
[STDERR  ] 2017-08-04T20:44:49.717607526Z: [    1.314367] NetLabel: Initializing
[STDOUT  ] 2017-08-04T20:44:49.717604953Z: [    0.000000] 	RCU restricting CPUs from NR_CPUS=128 to nr_cpu_ids=1.
[STDOUT  ] 2017-08-04T20:44:49.717617291Z: [    0.000000] RCU: Adjusting geometry for rcu_fanout_leaf=64, nr_cpu_ids=1
[STDERR  ] 2017-08-04T20:44:49.717618783Z: [    1.314682] NetLabel:  domain hash size = 128
[STDOUT  ] 2017-08-04T20:44:49.717628231Z: [    0.000000] NR_IRQS:8448 nr_irqs:256 16
[STDERR  ] 2017-08-04T20:44:49.717631923Z: [    1.315013] NetLabel:  protocols = UNLABELED CIPSOv4
[STDOUT  ] 2017-08-04T20:44:49.717639765Z: [    0.000000] Console: colour VGA+ 80x25
[STDERR  ] 2017-08-04T20:44:49.717642549Z: [    1.317859] NetLabel:  unlabeled traffic allowed by default
[STDOUT  ] 2017-08-04T20:44:49.717651379Z: [    0.000000] console [ttyS0] enabled
[STDERR  ] 2017-08-04T20:44:49.717654033Z: [    1.319148] HPET: 3 timers in total, 0 timers will be used for per-cpu timer
[STDOUT  ] 2017-08-04T20:44:49.717663623Z: [    0.000000] clocksource: hpet: mask: 0xffffffff max_cycles: 0xffffffff, max_idle_ns: 19112604467 ns
[STDERR  ] 2017-08-04T20:44:49.717664776Z: [    1.320185] hpet0: at MMIO 0xfed00000, IRQs 2, 8, 0
[STDOUT  ] 2017-08-04T20:44:49.717674791Z: [    0.000000] tsc: Fast TSC calibration using PIT
[STDERR  ] 2017-08-04T20:44:49.717678043Z: [    1.320784] hpet0: 3 comparators, 64-bit 100.000000 MHz counter
[STDOUT  ] 2017-08-04T20:44:49.717686175Z: [    0.000000] tsc: Detected 2600.004 MHz processor
[STDERR  ] 2017-08-04T20:44:49.71768973Z: [    1.328133] clocksource: Switched to clocksource hpet
[STDOUT  ] 2017-08-04T20:44:49.71769771Z: [    0.022260] Calibrating delay loop (skipped), value calculated using timer frequency.. 5200.00 BogoMIPS (lpj=26000040)
[STDERR  ] 2017-08-04T20:44:49.717701133Z: [    1.583576] VFS: Disk quotas dquot_6.6.0
[STDERR  ] 2017-08-04T20:44:49.71771213Z: [    1.584526] VFS: Dquot-cache hash table entries: 512 (order 0, 4096 bytes)
[STDOUT  ] 2017-08-04T20:44:49.71771563Z: [    0.030577] pid_max: default: 32768 minimum: 301
[STDERR  ] 2017-08-04T20:44:49.717723063Z: [    1.588556] FS-Cache: Loaded
[STDOUT  ] 2017-08-04T20:44:49.71772712Z: [    0.031666] ACPI: Core revision 20160831
[STDERR  ] 2017-08-04T20:44:49.717734793Z: [    1.593751] CacheFiles: Loaded
[STDOUT  ] 2017-08-04T20:44:49.717739353Z: [    0.078124] ACPI: 1 ACPI AML tables successfully acquired and loaded
[STDERR  ] 2017-08-04T20:44:49.717748695Z: [    1.595398] pnp: PnP ACPI init
[STDOUT  ] 2017-08-04T20:44:49.717751253Z: [    0.083320] Security Framework initialized
[STDERR  ] 2017-08-04T20:44:49.717760303Z: [    1.607139] pnp: PnP ACPI: found 5 devices
[STDOUT  ] 2017-08-04T20:44:49.717763073Z: [    0.083776] Yama: becoming mindful.
[STDERR  ] 2017-08-04T20:44:49.71777643Z: [    1.656838] clocksource: acpi_pm: mask: 0xffffff max_cycles: 0xffffff, max_idle_ns: 2085701024 ns
[STDOUT  ] 2017-08-04T20:44:49.71777932Z: [    0.086043] Mount-cache hash table entries: 2048 (order: 2, 16384 bytes)
[STDERR  ] 2017-08-04T20:44:49.717788271Z: [    1.661518] NET: Registered protocol family 2
[STDOUT  ] 2017-08-04T20:44:49.71779283Z: [    0.086644] Mountpoint-cache hash table entries: 2048 (order: 2, 16384 bytes)
[STDOUT  ] 2017-08-04T20:44:49.71780471Z: [    0.109601] Last level iTLB entries: 4KB 0, 2MB 0, 4MB 0
[STDERR  ] 2017-08-04T20:44:49.71780275Z: [    1.668828] TCP established hash table entries: 8192 (order: 4, 65536 bytes)
[STDERR  ] 2017-08-04T20:44:49.717814741Z: [    1.669636] TCP bind hash table entries: 8192 (order: 5, 131072 bytes)
[STDOUT  ] 2017-08-04T20:44:49.717815853Z: [    0.110138] Last level dTLB entries: 4KB 0, 2MB 0, 4MB 0, 1GB 0
[STDERR  ] 2017-08-04T20:44:49.717830445Z: [    1.670682] TCP: Hash tables configured (established 8192 bind 8192)
[STDOUT  ] 2017-08-04T20:44:49.717833185Z: [    0.422136] Freeing SMP alternatives memory: 20K (ffffffffa2eb0000 - ffffffffa2eb5000)
[STDERR  ] 2017-08-04T20:44:49.71784361Z: [    1.672665] UDP hash table entries: 512 (order: 2, 16384 bytes)
[STDOUT  ] 2017-08-04T20:44:49.71785082Z: [    0.433017] ftrace: allocating 35481 entries in 139 pages
[STDERR  ] 2017-08-04T20:44:49.717855243Z: [    1.673292] UDP-Lite hash table entries: 512 (order: 2, 16384 bytes)
[STDOUT  ] 2017-08-04T20:44:49.71786504Z: [    0.612288] smpboot: Max logical packages: 1
[STDERR  ] 2017-08-04T20:44:49.71786709Z: [    1.675693] NET: Registered protocol family 1
[STDOUT  ] 2017-08-04T20:44:49.717876471Z: [    0.619662] ..TIMER: vector=0x30 apic1=0 pin1=2 apic2=-1 pin2=-1
[STDERR  ] 2017-08-04T20:44:49.717877825Z: [    1.676691] pci 0000:00:01.0: Video device with shadowed ROM at [mem 0x000c0000-0x000dffff]
[STDOUT  ] 2017-08-04T20:44:49.717887674Z: [    0.720000] smpboot: CPU0: AMD QEMU Virtual CPU version 2.5+ (family: 0x6, model: 0x6, stepping: 0x3)
[STDERR  ] 2017-08-04T20:44:49.717890066Z: [    1.683857] Unpacking initramfs...
[STDOUT  ] 2017-08-04T20:44:49.717900013Z: [    0.720000] Performance Events: PMU not available due to virtualization, using software events only.
[STDERR  ] 2017-08-04T20:44:49.717902388Z: [    6.251228] Freeing initrd memory: 25808K (ffff9236be69c000 - ffff9236bffd0000)
[STDOUT  ] 2017-08-04T20:44:49.717911273Z: [    0.730238] NMI watchdog: disabled (cpu0): hardware events not enabled
[STDERR  ] 2017-08-04T20:44:49.717915471Z: [    6.280468] PCLMULQDQ-NI instructions are not detected.
[STDOUT  ] 2017-08-04T20:44:49.717923531Z: [    0.730755] NMI watchdog: Shutting down hard lockup detector on all cpus
[STDERR  ] 2017-08-04T20:44:49.71792628Z: [    6.282187] AVX or AES-NI instructions are not detected.
[STDOUT  ] 2017-08-04T20:44:49.717934304Z: [    0.734692] x86: Booted up 1 node, 1 CPUs
[STDERR  ] 2017-08-04T20:44:49.717937544Z: [    6.282651] CPU feature 'AVX registers' is not supported.
[STDOUT  ] 2017-08-04T20:44:49.717946006Z: [    0.735121] smpboot: Total of 1 processors activated (5200.00 BogoMIPS)
[STDERR  ] 2017-08-04T20:44:49.717948813Z: [    6.283108] CPU feature 'AVX registers' is not supported.
[STDOUT  ] 2017-08-04T20:44:49.717960286Z: [    0.748996] devtmpfs: initialized
[STDERR  ] 2017-08-04T20:44:49.7179626Z: [    6.283552] CPU feature 'AVX registers' is not supported.
[STDOUT  ] 2017-08-04T20:44:49.717973016Z: [    0.754751] x86/mm: Memory block size: 128MB
[STDERR  ] 2017-08-04T20:44:49.7179758Z: [    6.283969] CPU feature 'AVX registers' is not supported.
[STDERR  ] 2017-08-04T20:44:49.717986916Z: [    6.284387] AVX2 or AES-NI instructions are not detected.
[STDOUT  ] 2017-08-04T20:44:49.717984616Z: [    0.826069] clocksource: jiffies: mask: 0xffffffff max_cycles: 0xffffffff, max_idle_ns: 19112604462750000 ns
[STDERR  ] 2017-08-04T20:44:49.717997535Z: [    6.284816] AVX2 instructions are not detected.
[STDOUT  ] 2017-08-04T20:44:49.718000764Z: [    0.827102] futex hash table entries: 256 (order: 2, 16384 bytes)
[STDERR  ] 2017-08-04T20:44:49.718016586Z: [    6.292449] audit: initializing netlink subsys (disabled)
[STDOUT  ] 2017-08-04T20:44:49.718020223Z: [    0.836420] NET: Registered protocol family 16
[STDERR  ] 2017-08-04T20:44:49.718027758Z: [    6.294136] audit: type=2000 audit(1501879453.290:1): initialized
[STDOUT  ] 2017-08-04T20:44:49.718036321Z: [    0.847623] cpuidle: using governor ladder
[STDERR  ] 2017-08-04T20:44:49.718039223Z: [    6.302206] workingset: timestamp_bits=46 max_order=18 bucket_order=0
[STDERR  ] 2017-08-04T20:44:49.718050766Z: [    6.312458] FS-Cache: Netfs 'cifs' registered for caching
[STDOUT  ] 2017-08-04T20:44:49.718047648Z: [    0.848158] cpuidle: using governor menu
[STDOUT  ] 2017-08-04T20:44:49.718058956Z: [    0.849400] ACPI: bus type PCI registered
[STDERR  ] 2017-08-04T20:44:49.71806688Z: [    6.313505] fuse init (API version 7.26)
[STDERR  ] 2017-08-04T20:44:49.718078855Z: [    6.316035] SGI XFS with ACLs, security attributes, no debug enabled
[STDOUT  ] 2017-08-04T20:44:49.718074114Z: [    0.852410] PCI: MMCONFIG for domain 0000 [bus 00-ff] at [mem 0xb0000000-0xbfffffff] (base 0xb0000000)
[STDOUT  ] 2017-08-04T20:44:49.718086861Z: [    0.853212] PCI: MMCONFIG at [mem 0xb0000000-0xbfffffff] reserved in E820
[STDERR  ] 2017-08-04T20:44:49.718090224Z: [    6.320493] 9p: Installing v9fs 9p2000 file system support
[STDOUT  ] 2017-08-04T20:44:49.718097983Z: [    0.854670] PCI: Using configuration type 1 for base access
[STDERR  ] 2017-08-04T20:44:49.718101843Z: [    6.321001] FS-Cache: Netfs '9p' registered for caching
[STDOUT  ] 2017-08-04T20:44:49.718109529Z: [    0.910853] HugeTLB registered 2 MB page size, pre-allocated 0 pages
[STDERR  ] 2017-08-04T20:44:49.718113464Z: [    6.357674] NET: Registered protocol family 38
[STDOUT  ] 2017-08-04T20:44:49.718121234Z: [    0.923166] ACPI: Added _OSI(Module Device)
[STDERR  ] 2017-08-04T20:44:49.718125109Z: [    6.358332] Key type asymmetric registered
[STDERR  ] 2017-08-04T20:44:49.718136423Z: [    6.358723] Asymmetric key parser 'x509' registered
[STDOUT  ] 2017-08-04T20:44:49.718134093Z: [    0.923594] ACPI: Added _OSI(Processor Device)
[STDOUT  ] 2017-08-04T20:44:49.718145519Z: [    0.923914] ACPI: Added _OSI(3.0 _SCP Extensions)
[STDERR  ] 2017-08-04T20:44:49.718146992Z: [    6.359821] Block layer SCSI generic (bsg) driver version 0.4 loaded (major 251)
[STDOUT  ] 2017-08-04T20:44:49.71815624Z: [    0.924223] ACPI: Added _OSI(Processor Aggregator Device)
[STDERR  ] 2017-08-04T20:44:49.718158707Z: [    6.363265] io scheduler noop registered
[STDOUT  ] 2017-08-04T20:44:49.718169237Z: [    0.994928] ACPI: Interpreter enabled
[STDERR  ] 2017-08-04T20:44:49.718176489Z: [    6.363622] io scheduler deadline registered (default)
[STDOUT  ] 2017-08-04T20:44:49.718180297Z: [    0.995971] ACPI: (supports S0 S5)
[STDOUT  ] 2017-08-04T20:44:49.718191082Z: [    0.996350] ACPI: Using IOAPIC for interrupt routing
[STDERR  ] 2017-08-04T20:44:49.718191192Z: [    6.364421] io scheduler cfq registered
[STDERR  ] 2017-08-04T20:44:49.718201873Z: [    6.367381] pci_hotplug: PCI Hot Plug PCI Core version: 0.5
[STDOUT  ] 2017-08-04T20:44:49.718202605Z: [    0.999154] PCI: Using host bridge windows from ACPI; if necessary, use "pci=nocrs" and report a bug
[STDERR  ] 2017-08-04T20:44:49.718213165Z: [    6.368022] pciehp: PCI Express Hot Plug Controller Driver version: 0.4
[STDOUT  ] 2017-08-04T20:44:49.718215917Z: [    1.064499] ACPI: PCI Root Bridge [PCI0] (domain 0000 [bus 00-ff])
[STDERR  ] 2017-08-04T20:44:49.718229253Z: [    6.368951] shpchp: Standard Hot Plug PCI Controller Driver version: 0.4
[STDOUT  ] 2017-08-04T20:44:49.718226702Z: [    1.065724] acpi PNP0A08:00: _OSC: OS supports [ExtendedConfig ASPM ClockPM Segments MSI]
[STDOUT  ] 2017-08-04T20:44:49.718238067Z: [    1.072524] acpi PNP0A08:00: _OSC: OS now controls [PCIeHotplug PME PCIeCapability]
[STDERR  ] 2017-08-04T20:44:49.718241249Z: [    6.369849] hv_vmbus: registering driver hyperv_fb
[STDOUT  ] 2017-08-04T20:44:49.71824875Z: [    1.076609] PCI host bridge to bus 0000:00
[STDERR  ] 2017-08-04T20:44:49.718256947Z: [    6.374095] input: Power Button as /devices/LNXSYSTM:00/LNXPWRBN:00/input/input0
[STDOUT  ] 2017-08-04T20:44:49.718260463Z: [    1.077080] pci_bus 0000:00: root bus resource [io  0x0000-0x0cf7 window]
[STDERR  ] 2017-08-04T20:44:49.718270812Z: [    6.375220] ACPI: Power Button [PWRF]
[STDOUT  ] 2017-08-04T20:44:49.71827317Z: [    1.077567] pci_bus 0000:00: root bus resource [io  0x0d00-0xffff window]
[STDERR  ] 2017-08-04T20:44:49.718282325Z: [    6.380590] GHES: HEST is not enabled!
[STDOUT  ] 2017-08-04T20:44:49.718286355Z: [    1.077956] pci_bus 0000:00: root bus resource [mem 0x000a0000-0x000bffff window]
[STDOUT  ] 2017-08-04T20:44:49.718298769Z: [    1.078458] pci_bus 0000:00: root bus resource [mem 0xc0000000-0xfebfffff window]
[STDERR  ] 2017-08-04T20:44:49.71829323Z: [    6.393490] ACPI: PCI Interrupt Link [GSIG] enabled at IRQ 22
[STDERR  ] 2017-08-04T20:44:49.718309752Z: [    6.410869] ACPI: PCI Interrupt Link [GSIH] enabled at IRQ 23
[STDOUT  ] 2017-08-04T20:44:49.718311345Z: [    1.079137] pci_bus 0000:00: root bus resource [bus 00-ff]
[STDERR  ] 2017-08-04T20:44:49.718321649Z: [    6.416682] xenfs: not registering filesystem on non-xen platform
[STDOUT  ] 2017-08-04T20:44:49.718324609Z: [    1.190241] pci 0000:00:1f.0: quirk: [io  0x0600-0x067f] claimed by ICH6 ACPI/GPIO/TCO
[STDOUT  ] 2017-08-04T20:44:49.718336015Z: [    1.254597] ACPI: PCI Interrupt Link [LNKA] (IRQs 5 *10 11)
[STDERR  ] 2017-08-04T20:44:49.718333059Z: [    6.418778] Serial: 8250/16550 driver, 4 ports, IRQ sharing disabled
[STDERR  ] 2017-08-04T20:44:49.718344725Z: [    6.444593] 00:04: ttyS0 at I/O 0x3f8 (irq = 4, base_baud = 115200) is a 16550A
[STDOUT  ] 2017-08-04T20:44:49.71834771Z: [    1.257456] ACPI: PCI Interrupt Link [LNKB] (IRQs 5 *10 11)
[STDERR  ] 2017-08-04T20:44:49.718355622Z: [    6.458091] Non-volatile memory driver v1.3
[STDOUT  ] 2017-08-04T20:44:49.718360075Z: [    1.259713] ACPI: PCI Interrupt Link [LNKC] (IRQs 5 10 *11)
[STDERR  ] 2017-08-04T20:44:49.718366789Z: [    6.465782] Hangcheck: starting hangcheck timer 0.9.1 (tick is 180 seconds, margin is 60 seconds).
[STDOUT  ] 2017-08-04T20:44:49.718374027Z: [    1.261799] ACPI: PCI Interrupt Link [LNKD] (IRQs 5 10 *11)
[STDERR  ] 2017-08-04T20:44:49.718378249Z: [    6.507465] loop: module loaded
[STDOUT  ] 2017-08-04T20:44:49.718387653Z: [    1.263695] ACPI: PCI Interrupt Link [LNKE] (IRQs 5 *10 11)
[STDERR  ] 2017-08-04T20:44:49.718389177Z: [    6.524308] nbd: registered device at major 43
[STDOUT  ] 2017-08-04T20:44:49.71839914Z: [    1.266249] ACPI: PCI Interrupt Link [LNKF] (IRQs 5 *10 11)
[STDERR  ] 2017-08-04T20:44:49.718401425Z: [    6.571186] lpc_ich 0000:00:1f.0: I/O space for GPIO uninitialized
[STDOUT  ] 2017-08-04T20:44:49.718411015Z: [    1.268260] ACPI: PCI Interrupt Link [LNKG] (IRQs 5 10 *11)
[STDERR  ] 2017-08-04T20:44:49.718412212Z: [    6.573565] VMware PVSCSI driver - version 1.0.7.0-k
[STDOUT  ] 2017-08-04T20:44:49.718422095Z: [    1.271625] ACPI: PCI Interrupt Link [LNKH] (IRQs 5 10 *11)
[STDERR  ] 2017-08-04T20:44:49.71842471Z: [    6.574466] hv_vmbus: registering driver hv_storvsc
[STDOUT  ] 2017-08-04T20:44:49.718433159Z: [    1.272646] ACPI: PCI Interrupt Link [GSIA] (IRQs *16)
[STDERR  ] 2017-08-04T20:44:49.71843627Z: [    6.585764] ACPI: PCI Interrupt Link [GSIA] enabled at IRQ 16
[STDOUT  ] 2017-08-04T20:44:49.718444515Z: [    1.273387] ACPI: PCI Interrupt Link [GSIB] (IRQs *17)
[STDERR  ] 2017-08-04T20:44:49.718448669Z: [    6.593136] ahci 0000:00:1f.2: AHCI 0001.0000 32 slots 6 ports 1.5 Gbps 0x3f impl SATA mode
[STDOUT  ] 2017-08-04T20:44:49.71845572Z: [    1.274202] ACPI: PCI Interrupt Link [GSIC] (IRQs *18)
[STDERR  ] 2017-08-04T20:44:49.718460679Z: [    6.593832] ahci 0000:00:1f.2: flags: 64bit ncq only 
[STDOUT  ] 2017-08-04T20:44:49.718469985Z: [    1.274980] ACPI: PCI Interrupt Link [GSID] (IRQs *19)
[STDERR  ] 2017-08-04T20:44:49.71847202Z: [    6.616567] scsi host0: ahci
[STDOUT  ] 2017-08-04T20:44:49.718489855Z: [    1.275758] ACPI: PCI Interrupt Link [GSIE] (IRQs *20)
[STDERR  ] 2017-08-04T20:44:49.71849758Z: [    6.622226] scsi host1: ahci
[STDOUT  ] 2017-08-04T20:44:49.718502455Z: [    1.276592] ACPI: PCI Interrupt Link [GSIF] (IRQs *21)
[STDERR  ] 2017-08-04T20:44:49.718509715Z: [    6.624603] scsi host2: ahci
[STDOUT  ] 2017-08-04T20:44:49.718514182Z: [    1.277463] ACPI: PCI Interrupt Link [GSIG] (IRQs *22)
[STDOUT  ] 2017-08-04T20:44:49.718529829Z: [    1.278233] ACPI: PCI Interrupt Link [GSIH] (IRQs *23)
[STDERR  ] 2017-08-04T20:44:49.718526955Z: [    6.626949] scsi host3: ahci
[STDERR  ] 2017-08-04T20:44:49.718538467Z: [    6.629329] scsi host4: ahci
[STDOUT  ] 2017-08-04T20:44:49.718541383Z: [    1.282365] ACPI: Enabled 2 GPEs in block 00 to 3F
[STDOUT  ] 2017-08-04T20:44:49.718553625Z: [    1.286669] SCSI subsystem initialized
[STDERR  ] 2017-08-04T20:44:49.718549545Z: [    6.631870] scsi host5: ahci
[STDERR  ] 2017-08-04T20:44:49.718569392Z: [    6.633888] ata1: SATA max UDMA/133 abar m4096@0xfebd2000 port 0xfebd2100 irq 24
[STDOUT  ] 2017-08-04T20:44:49.718565305Z: [    1.288562] ACPI: bus type USB registered
[STDOUT  ] 2017-08-04T20:44:49.718577459Z: [    1.289702] usbcore: registered new interface driver usbfs
[STDERR  ] 2017-08-04T20:44:49.718580775Z: [    6.634433] ata2: SATA max UDMA/133 abar m4096@0xfebd2000 port 0xfebd2180 irq 24
[STDERR  ] 2017-08-04T20:44:49.718592323Z: [    6.634964] ata3: SATA max UDMA/133 abar m4096@0xfebd2000 port 0xfebd2200 irq 24
[STDOUT  ] 2017-08-04T20:44:49.718588397Z: [    1.290688] usbcore: registered new interface driver hub
[STDOUT  ] 2017-08-04T20:44:49.718599927Z: [    1.291550] usbcore: registered new device driver usb
[STDERR  ] 2017-08-04T20:44:49.718602897Z: [    6.635427] ata4: SATA max UDMA/133 abar m4096@0xfebd2000 port 0xfebd2280 irq 24
[STDERR  ] 2017-08-04T20:44:49.718629859Z: [    6.635886] ata5: SATA max UDMA/133 abar m4096@0xfebd2000 port 0xfebd2300 irq 24
[STDOUT  ] 2017-08-04T20:44:49.7186104Z: [    1.292807] pps_core: LinuxPPS API ver. 1 registered
[STDERR  ] 2017-08-04T20:44:49.718645542Z: [    6.636319] ata6: SATA max UDMA/133 abar m4096@0xfebd2000 port 0xfebd2380 irq 24
[STDERR  ] 2017-08-04T20:44:49.718658422Z: [    6.650565] tun: Universal TUN/TAP device driver, 1.6
[STDOUT  ] 2017-08-04T20:44:49.718656395Z: [    1.293165] pps_core: Software ver. 5.3.6 - Copyright 2005-2007 Rodolfo Giometti <giometti@linux.it>
[STDOUT  ] 2017-08-04T20:44:49.718668127Z: [    1.293986] PTP clock support registered
[STDERR  ] 2017-08-04T20:44:49.718669397Z: [    6.650949] tun: (C) 1999-2004 Max Krasnyansky <maxk@qualcomm.com>
[STDOUT  ] 2017-08-04T20:44:49.718678987Z: [    1.295250] wmi: Mapper loaded
[STDERR  ] 2017-08-04T20:44:49.718682139Z: [    6.662193] VMware vmxnet3 virtual NIC driver - version 1.4.a.0-k-NAPI
[STDOUT  ] 2017-08-04T20:44:49.718690649Z: [    1.296438] PCI: Using ACPI for IRQ routing
[STDERR  ] 2017-08-04T20:44:49.718693667Z: [    6.663217] hv_vmbus: registering driver hv_netvsc
[STDERR  ] 2017-08-04T20:44:49.718705256Z: [    6.663635] Fusion MPT base driver 3.04.20
[STDOUT  ] 2017-08-04T20:44:49.718702202Z: [    1.314367] NetLabel: Initializing
[STDERR  ] 2017-08-04T20:44:49.718715795Z: [    6.663987] Copyright (c) 1999-2008 LSI Corporation
[STDOUT  ] 2017-08-04T20:44:49.718713382Z: [    1.314682] NetLabel:  domain hash size = 128
[STDOUT  ] 2017-08-04T20:44:49.718726095Z: [    1.315013] NetLabel:  protocols = UNLABELED CIPSOv4
[STDERR  ] 2017-08-04T20:44:49.71872777Z: [    6.664633] Fusion MPT SPI Host driver 3.04.20
[STDOUT  ] 2017-08-04T20:44:49.718737013Z: [    1.317859] NetLabel:  unlabeled traffic allowed by default
[STDERR  ] 2017-08-04T20:44:49.718739871Z: [    6.667426] i8042: PNP: PS/2 Controller [PNP0303:KBD,PNP0f13:MOU] at 0x60,0x64 irq 1,12
[STDOUT  ] 2017-08-04T20:44:49.718750809Z: [    1.319148] HPET: 3 timers in total, 0 timers will be used for per-cpu timer
[STDERR  ] 2017-08-04T20:44:49.718753206Z: [    6.671983] serio: i8042 KBD port at 0x60,0x64 irq 1
[STDOUT  ] 2017-08-04T20:44:49.718762953Z: [    1.320185] hpet0: at MMIO 0xfed00000, IRQs 2, 8, 0
[STDERR  ] 2017-08-04T20:44:49.718769223Z: [    6.672687] serio: i8042 AUX port at 0x60,0x64 irq 12
[STDOUT  ] 2017-08-04T20:44:49.718781176Z: [    1.320784] hpet0: 3 comparators, 64-bit 100.000000 MHz counter
[STDERR  ] 2017-08-04T20:44:49.718783646Z: [    6.675938] hv_vmbus: registering driver hyperv_keyboard
[STDOUT  ] 2017-08-04T20:44:49.718793197Z: [    1.328133] clocksource: Switched to clocksource hpet
[STDERR  ] 2017-08-04T20:44:49.718797246Z: [    6.678472] mousedev: PS/2 mouse device common for all mice
[STDERR  ] 2017-08-04T20:44:49.718808631Z: [    6.683489] input: AT Translated Set 2 keyboard as /devices/platform/i8042/serio0/input/input1
[STDOUT  ] 2017-08-04T20:44:49.718805286Z: [    1.583576] VFS: Disk quotas dquot_6.6.0
[STDERR  ] 2017-08-04T20:44:49.718819569Z: [    6.686461] input: PC Speaker as /devices/platform/pcspkr/input/input2
[STDOUT  ] 2017-08-04T20:44:49.718816991Z: [    1.584526] VFS: Dquot-cache hash table entries: 512 (order 0, 4096 bytes)
[STDERR  ] 2017-08-04T20:44:49.718831076Z: [    6.689995] rtc_cmos 00:00: RTC can wake from S4
[STDOUT  ] 2017-08-04T20:44:49.718833873Z: [    1.588556] FS-Cache: Loaded
[STDERR  ] 2017-08-04T20:44:49.718841937Z: [    6.694291] rtc_cmos 00:00: rtc core: registered rtc_cmos as rtc0
[STDOUT  ] 2017-08-04T20:44:49.718845672Z: [    1.593751] CacheFiles: Loaded
[STDERR  ] 2017-08-04T20:44:49.718853401Z: [    6.695672] rtc_cmos 00:00: alarms up to one day, y3k, 114 bytes nvram, hpet irqs
[STDOUT  ] 2017-08-04T20:44:49.718857219Z: [    1.595398] pnp: PnP ACPI init
[STDERR  ] 2017-08-04T20:44:49.718864809Z: [    6.696412] i2c /dev entries driver
[STDOUT  ] 2017-08-04T20:44:49.718869022Z: [    1.607139] pnp: PnP ACPI: found 5 devices
[STDERR  ] 2017-08-04T20:44:49.718877549Z: [    6.698488] device-mapper: ioctl: 4.35.0-ioctl (2016-06-23) initialised: dm-devel@redhat.com
[STDOUT  ] 2017-08-04T20:44:49.718880807Z: [    1.656838] clocksource: acpi_pm: mask: 0xffffff max_cycles: 0xffffff, max_idle_ns: 2085701024 ns
[STDERR  ] 2017-08-04T20:44:49.718888956Z: [    6.703638] usbcore: registered new interface driver usbhid
[STDOUT  ] 2017-08-04T20:44:49.718892416Z: [    1.661518] NET: Registered protocol family 2
[STDERR  ] 2017-08-04T20:44:49.718900516Z: [    6.704002] usbhid: USB HID core driver
[STDOUT  ] 2017-08-04T20:44:49.718903822Z: [    1.668828] TCP established hash table entries: 8192 (order: 4, 65536 bytes)
[STDERR  ] 2017-08-04T20:44:49.718911931Z: [    6.704660] hv_utils: Registering HyperV Utility Driver
[STDOUT  ] 2017-08-04T20:44:49.718914731Z: [    1.669636] TCP bind hash table entries: 8192 (order: 5, 131072 bytes)
[STDOUT  ] 2017-08-04T20:44:49.718926491Z: [    1.670682] TCP: Hash tables configured (established 8192 bind 8192)
[STDERR  ] 2017-08-04T20:44:49.718923226Z: [    6.704932] hv_vmbus: registering driver hv_util
[STDERR  ] 2017-08-04T20:44:49.718934374Z: [    6.705232] hv_vmbus: registering driver hv_balloon
[STDOUT  ] 2017-08-04T20:44:49.7189372Z: [    1.672665] UDP hash table entries: 512 (order: 2, 16384 bytes)
[STDERR  ] 2017-08-04T20:44:49.718946742Z: [    6.705846] oprofile: using NMI interrupt.
[STDOUT  ] 2017-08-04T20:44:49.718949238Z: [    1.673292] UDP-Lite hash table entries: 512 (order: 2, 16384 bytes)
[STDERR  ] 2017-08-04T20:44:49.718956962Z: [    6.707061] GACT probability on
[STDOUT  ] 2017-08-04T20:44:49.718960141Z: [    1.675693] NET: Registered protocol family 1
[STDERR  ] 2017-08-04T20:44:49.718968394Z: [    6.707613] Mirror/redirect action on
[STDOUT  ] 2017-08-04T20:44:49.718971218Z: [    1.676691] pci 0000:00:01.0: Video device with shadowed ROM at [mem 0x000c0000-0x000dffff]
[STDERR  ] 2017-08-04T20:44:49.718979494Z: [    6.708574] Simple TC action Loaded
[STDOUT  ] 2017-08-04T20:44:49.71898219Z: [    1.683857] Unpacking initramfs...
[STDERR  ] 2017-08-04T20:44:49.718990837Z: [    6.709225] u32 classifier
[STDOUT  ] 2017-08-04T20:44:49.718998254Z: [    6.251228] Freeing initrd memory: 25808K (ffff9236be69c000 - ffff9236bffd0000)
[STDERR  ] 2017-08-04T20:44:49.719003222Z: [    6.709441]     Performance counters on
[STDOUT  ] 2017-08-04T20:44:49.719016625Z: [    6.280468] PCLMULQDQ-NI instructions are not detected.
[STDERR  ] 2017-08-04T20:44:49.719024135Z: [    6.709708]     input device check on
[STDOUT  ] 2017-08-04T20:44:49.719029011Z: [    6.282187] AVX or AES-NI instructions are not detected.
[STDERR  ] 2017-08-04T20:44:49.719037348Z: [    6.709913]     Actions configured
[STDOUT  ] 2017-08-04T20:44:49.71904077Z: [    6.282651] CPU feature 'AVX registers' is not supported.
[STDERR  ] 2017-08-04T20:44:49.719048054Z: [    6.711240] Netfilter messages via NETLINK v0.30.
[STDOUT  ] 2017-08-04T20:44:49.719059662Z: [    6.283108] CPU feature 'AVX registers' is not supported.
[STDERR  ] 2017-08-04T20:44:49.719060884Z: [    6.711859] nfnl_acct: registering with nfnetlink.
[STDERR  ] 2017-08-04T20:44:49.719075358Z: [    6.713276] nf_conntrack version 0.5.0 (8192 buckets, 32768 max)
[STDOUT  ] 2017-08-04T20:44:49.71907289Z: [    6.283552] CPU feature 'AVX registers' is not supported.
[STDOUT  ] 2017-08-04T20:44:49.719090151Z: [    6.283969] CPU feature 'AVX registers' is not supported.
[STDERR  ] 2017-08-04T20:44:49.7190871Z: [    6.716460] ctnetlink v0.93: registering with nfnetlink.
[STDERR  ] 2017-08-04T20:44:49.719098442Z: [    6.719981] nf_tables: (c) 2007-2009 Patrick McHardy <kaber@trash.net>
[STDOUT  ] 2017-08-04T20:44:49.719101608Z: [    6.284387] AVX2 or AES-NI instructions are not detected.
[STDOUT  ] 2017-08-04T20:44:49.71911223Z: [    6.284816] AVX2 instructions are not detected.
[STDOUT  ] 2017-08-04T20:44:49.719122071Z: [    6.292449] audit: initializing netlink subsys (disabled)
[STDOUT  ] 2017-08-04T20:44:49.719134257Z: [    6.294136] audit: type=2000 audit(1501879453.290:1): initialized
[STDOUT  ] 2017-08-04T20:44:49.719146448Z: [    6.302206] workingset: timestamp_bits=46 max_order=18 bucket_order=0
[STDOUT  ] 2017-08-04T20:44:49.719157925Z: [    6.312458] FS-Cache: Netfs 'cifs' registered for caching
[STDOUT  ] 2017-08-04T20:44:49.719168122Z: [    6.313505] fuse init (API version 7.26)
[STDERR  ] 2017-08-04T20:44:49.719169855Z: [    6.721164] nf_tables_compat: (c) 2012 Pablo Neira Ayuso <pablo@netfilter.org>
[STDOUT  ] 2017-08-04T20:44:49.71917775Z: [    6.316035] SGI XFS with ACLs, security attributes, no debug enabled
[STDERR  ] 2017-08-04T20:44:49.71918719Z: [    6.723633] xt_time: kernel timezone is -0000
[STDOUT  ] 2017-08-04T20:44:49.719188947Z: [    6.320493] 9p: Installing v9fs 9p2000 file system support
[STDERR  ] 2017-08-04T20:44:49.719198267Z: [    6.724239] ip_set: protocol 6
[STDOUT  ] 2017-08-04T20:44:49.719200867Z: [    6.321001] FS-Cache: Netfs '9p' registered for caching
[STDERR  ] 2017-08-04T20:44:49.719209982Z: [    6.725012] IPVS: Registered protocols (TCP, UDP, SCTP, AH, ESP)
[STDOUT  ] 2017-08-04T20:44:49.719212854Z: [    6.357674] NET: Registered protocol family 38
[STDERR  ] 2017-08-04T20:44:49.719227528Z: [    6.725669] IPVS: Connection hash table configured (size=4096, memory=64Kbytes)
[STDOUT  ] 2017-08-04T20:44:49.719223362Z: [    6.358332] Key type asymmetric registered
[STDOUT  ] 2017-08-04T20:44:49.719236968Z: [    6.358723] Asymmetric key parser 'x509' registered
[STDERR  ] 2017-08-04T20:44:49.71924001Z: [    6.727548] IPVS: Creating netns size=2104 id=0
[STDOUT  ] 2017-08-04T20:44:49.719247664Z: [    6.359821] Block layer SCSI generic (bsg) driver version 0.4 loaded (major 251)
[STDERR  ] 2017-08-04T20:44:49.719251677Z: [    6.730779] IPVS: ipvs loaded.
[STDOUT  ] 2017-08-04T20:44:49.719259697Z: [    6.363265] io scheduler noop registered
[STDERR  ] 2017-08-04T20:44:49.71926292Z: [    6.731127] IPVS: [rr] scheduler registered.
[STDOUT  ] 2017-08-04T20:44:49.719270347Z: [    6.363622] io scheduler deadline registered (default)
[STDERR  ] 2017-08-04T20:44:49.719275405Z: [    6.731543] IPVS: [wrr] scheduler registered.
[STDOUT  ] 2017-08-04T20:44:49.719282325Z: [    6.364421] io scheduler cfq registered
[STDERR  ] 2017-08-04T20:44:49.719286957Z: [    6.731837] IPVS: [lc] scheduler registered.
[STDOUT  ] 2017-08-04T20:44:49.719294935Z: [    6.367381] pci_hotplug: PCI Hot Plug PCI Core version: 0.5
[STDERR  ] 2017-08-04T20:44:49.719297974Z: [    6.732133] IPVS: [wlc] scheduler registered.
[STDOUT  ] 2017-08-04T20:44:49.719310802Z: [    6.368022] pciehp: PCI Express Hot Plug Controller Driver version: 0.4
[STDERR  ] 2017-08-04T20:44:49.719313222Z: [    6.732444] IPVS: [fo] scheduler registered.
[STDOUT  ] 2017-08-04T20:44:49.719322978Z: [    6.368951] shpchp: Standard Hot Plug PCI Controller Driver version: 0.4
[STDERR  ] 2017-08-04T20:44:49.719324018Z: [    6.732746] IPVS: [ovf] scheduler registered.
[STDERR  ] 2017-08-04T20:44:49.719335312Z: [    6.733238] IPVS: [lblc] scheduler registered.
[STDOUT  ] 2017-08-04T20:44:49.719334545Z: [    6.369849] hv_vmbus: registering driver hyperv_fb
[STDERR  ] 2017-08-04T20:44:49.719346211Z: [    6.733733] IPVS: [lblcr] scheduler registered.
[STDOUT  ] 2017-08-04T20:44:49.719345562Z: [    6.374095] input: Power Button as /devices/LNXSYSTM:00/LNXPWRBN:00/input/input0
[STDERR  ] 2017-08-04T20:44:49.719359125Z: [    6.734032] IPVS: [dh] scheduler registered.
[STDOUT  ] 2017-08-04T20:44:49.719362468Z: [    6.375220] ACPI: Power Button [PWRF]
[STDERR  ] 2017-08-04T20:44:49.719369912Z: [    6.734371] IPVS: [sh] scheduler registered.
[STDOUT  ] 2017-08-04T20:44:49.719374181Z: [    6.380590] GHES: HEST is not enabled!
[STDERR  ] 2017-08-04T20:44:49.719381095Z: [    6.734632] IPVS: [sed] scheduler registered.
[STDOUT  ] 2017-08-04T20:44:49.719385268Z: [    6.393490] ACPI: PCI Interrupt Link [GSIG] enabled at IRQ 22
[STDERR  ] 2017-08-04T20:44:49.719392077Z: [    6.734938] IPVS: [nq] scheduler registered.
[STDOUT  ] 2017-08-04T20:44:49.719396811Z: [    6.410869] ACPI: PCI Interrupt Link [GSIH] enabled at IRQ 23
[STDERR  ] 2017-08-04T20:44:49.71940336Z: [    6.735711] IPVS: ftp: loaded support on port[0] = 21
[STDOUT  ] 2017-08-04T20:44:49.719408835Z: [    6.416682] xenfs: not registering filesystem on non-xen platform
[STDERR  ] 2017-08-04T20:44:49.719415101Z: [    6.736624] ipip: IPv4 and MPLS over IPv4 tunneling driver
[STDOUT  ] 2017-08-04T20:44:49.71942051Z: [    6.418778] Serial: 8250/16550 driver, 4 ports, IRQ sharing disabled
[STDERR  ] 2017-08-04T20:44:49.719426852Z: [    6.741488] gre: GRE over IPv4 demultiplexor driver
[STDOUT  ] 2017-08-04T20:44:49.719431822Z: [    6.444593] 00:04: ttyS0 at I/O 0x3f8 (irq = 4, base_baud = 115200) is a 16550A
[STDERR  ] 2017-08-04T20:44:49.719438324Z: [    6.744285] ip_tables: (C) 2000-2006 Netfilter Core Team
[STDOUT  ] 2017-08-04T20:44:49.719444018Z: [    6.458091] Non-volatile memory driver v1.3
[STDOUT  ] 2017-08-04T20:44:49.719455172Z: [    6.465782] Hangcheck: starting hangcheck timer 0.9.1 (tick is 180 seconds, margin is 60 seconds).
[STDERR  ] 2017-08-04T20:44:49.719452242Z: [    6.747620] ipt_CLUSTERIP: ClusterIP Version 0.8 loaded successfully
[STDOUT  ] 2017-08-04T20:44:49.719465701Z: [    6.507465] loop: module loaded
[STDERR  ] 2017-08-04T20:44:49.719463892Z: [    6.748430] arp_tables: arp_tables: (C) 2002 David S. Miller
[STDERR  ] 2017-08-04T20:44:49.719476158Z: [    6.751416] NET: Registered protocol family 10
[STDOUT  ] 2017-08-04T20:44:49.719476844Z: [    6.524308] nbd: registered device at major 43
[STDERR  ] 2017-08-04T20:44:49.719487245Z: [    6.762315] ip6_tables: (C) 2000-2006 Netfilter Core Team
[STDOUT  ] 2017-08-04T20:44:49.71948966Z: [    6.571186] lpc_ich 0000:00:1f.0: I/O space for GPIO uninitialized
[STDERR  ] 2017-08-04T20:44:49.719499887Z: [    6.772510] NET: Registered protocol family 17
[STDOUT  ] 2017-08-04T20:44:49.71950293Z: [    6.573565] VMware PVSCSI driver - version 1.0.7.0-k
[STDOUT  ] 2017-08-04T20:44:49.719514664Z: [    6.574466] hv_vmbus: registering driver hv_storvsc
[STDERR  ] 2017-08-04T20:44:49.719511117Z: [    6.773943] Bridge firewalling registered
[STDOUT  ] 2017-08-04T20:44:49.719525241Z: [    6.585764] ACPI: PCI Interrupt Link [GSIA] enabled at IRQ 16
[STDERR  ] 2017-08-04T20:44:49.719528687Z: [    6.774543] Ebtables v2.0 registered
[STDOUT  ] 2017-08-04T20:44:49.719536485Z: [    6.593136] ahci 0000:00:1f.2: AHCI 0001.0000 32 slots 6 ports 1.5 Gbps 0x3f impl SATA mode
[STDERR  ] 2017-08-04T20:44:49.719539775Z: [    6.776578] 8021q: 802.1Q VLAN Support v1.8
[STDOUT  ] 2017-08-04T20:44:49.719551881Z: [    6.593832] ahci 0000:00:1f.2: flags: 64bit ncq only 
[STDERR  ] 2017-08-04T20:44:49.719554471Z: [    6.780031] 9pnet: Installing 9P2000 support
[STDOUT  ] 2017-08-04T20:44:49.71956415Z: [    6.616567] scsi host0: ahci
[STDERR  ] 2017-08-04T20:44:49.719567438Z: [    6.782325] Key type dns_resolver registered
[STDOUT  ] 2017-08-04T20:44:49.719577231Z: [    6.622226] scsi host1: ahci
[STDOUT  ] 2017-08-04T20:44:49.719591043Z: [    6.624603] scsi host2: ahci
[STDERR  ] 2017-08-04T20:44:49.719591313Z: [    6.783287] microcode: AMD CPU family 0x6 not supported
[STDOUT  ] 2017-08-04T20:44:49.719601615Z: [    6.626949] scsi host3: ahci
[STDERR  ] 2017-08-04T20:44:49.719604878Z: [    6.787215] registered taskstats version 1
[STDOUT  ] 2017-08-04T20:44:49.719612778Z: [    6.629329] scsi host4: ahci
[STDERR  ] 2017-08-04T20:44:49.719622225Z: [    6.973898] ata5: SATA link down (SStatus 0 SControl 300)
[STDOUT  ] 2017-08-04T20:44:49.719624823Z: [    6.631870] scsi host5: ahci
[STDERR  ] 2017-08-04T20:44:49.719634084Z: [    6.976805] ata4: SATA link down (SStatus 0 SControl 300)
[STDOUT  ] 2017-08-04T20:44:49.719635483Z: [    6.633888] ata1: SATA max UDMA/133 abar m4096@0xfebd2000 port 0xfebd2100 irq 24
[STDERR  ] 2017-08-04T20:44:49.719645325Z: [    6.977728] ata3: SATA link up 1.5 Gbps (SStatus 113 SControl 300)
[STDOUT  ] 2017-08-04T20:44:49.719647914Z: [    6.634433] ata2: SATA max UDMA/133 abar m4096@0xfebd2000 port 0xfebd2180 irq 24
[STDERR  ] 2017-08-04T20:44:49.719657213Z: [    6.981825] ata2: SATA link down (SStatus 0 SControl 300)
[STDOUT  ] 2017-08-04T20:44:49.719659514Z: [    6.634964] ata3: SATA max UDMA/133 abar m4096@0xfebd2000 port 0xfebd2200 irq 24
[STDERR  ] 2017-08-04T20:44:49.719669145Z: [    6.982373] ata1: SATA link up 1.5 Gbps (SStatus 113 SControl 300)
[STDERR  ] 2017-08-04T20:44:49.719680103Z: [    6.984447] ata1.00: ATA-7: QEMU HARDDISK, 2.5+, max UDMA/100
[STDOUT  ] 2017-08-04T20:44:49.719675352Z: [    6.635427] ata4: SATA max UDMA/133 abar m4096@0xfebd2000 port 0xfebd2280 irq 24
[STDOUT  ] 2017-08-04T20:44:49.719687962Z: [    6.635886] ata5: SATA max UDMA/133 abar m4096@0xfebd2000 port 0xfebd2300 irq 24
[STDERR  ] 2017-08-04T20:44:49.719690997Z: [    6.984877] ata1.00: 1048576 sectors, multi 16: LBA48 NCQ (depth 31/32)
[STDOUT  ] 2017-08-04T20:44:49.719698692Z: [    6.636319] ata6: SATA max UDMA/133 abar m4096@0xfebd2000 port 0xfebd2380 irq 24
[STDERR  ] 2017-08-04T20:44:49.719701713Z: [    6.985448] ata1.00: applying bridge limits
[STDOUT  ] 2017-08-04T20:44:49.719709807Z: [    6.650565] tun: Universal TUN/TAP device driver, 1.6
[STDERR  ] 2017-08-04T20:44:49.71971302Z: [    6.987229] ata1.00: configured for UDMA/100
[STDOUT  ] 2017-08-04T20:44:49.719721116Z: [    6.650949] tun: (C) 1999-2004 Max Krasnyansky <maxk@qualcomm.com>
[STDERR  ] 2017-08-04T20:44:49.71972416Z: [    6.989478] ata6: SATA link down (SStatus 0 SControl 300)
[STDOUT  ] 2017-08-04T20:44:49.719732283Z: [    6.662193] VMware vmxnet3 virtual NIC driver - version 1.4.a.0-k-NAPI
[STDERR  ] 2017-08-04T20:44:49.719735437Z: [    7.000967] ata3.00: ATAPI: QEMU DVD-ROM, 2.5+, max UDMA/100
[STDOUT  ] 2017-08-04T20:44:49.719746617Z: [    6.663217] hv_vmbus: registering driver hv_netvsc
[STDERR  ] 2017-08-04T20:44:49.719748842Z: [    7.001505] ata3.00: applying bridge limits
[STDOUT  ] 2017-08-04T20:44:49.719758569Z: [    6.663635] Fusion MPT base driver 3.04.20
[STDERR  ] 2017-08-04T20:44:49.719760926Z: [    7.002234] ata3.00: configured for UDMA/100
[STDOUT  ] 2017-08-04T20:44:49.719770106Z: [    6.663987] Copyright (c) 1999-2008 LSI Corporation
[STDERR  ] 2017-08-04T20:44:49.719772444Z: [    7.013553] scsi 0:0:0:0: Direct-Access     ATA      QEMU HARDDISK    2.5+ PQ: 0 ANSI: 5
[STDERR  ] 2017-08-04T20:44:49.719783283Z: [    7.029211] sd 0:0:0:0: [sda] 1048576 512-byte logical blocks: (537 MB/512 MiB)
[STDOUT  ] 2017-08-04T20:44:49.719781264Z: [    6.664633] Fusion MPT SPI Host driver 3.04.20
[STDERR  ] 2017-08-04T20:44:49.719793907Z: [    7.040775] sd 0:0:0:0: Attached scsi generic sg0 type 0
[STDOUT  ] 2017-08-04T20:44:49.7197959Z: [    6.667426] i8042: PNP: PS/2 Controller [PNP0303:KBD,PNP0f13:MOU] at 0x60,0x64 irq 1,12
[STDERR  ] 2017-08-04T20:44:49.719804672Z: [    7.043478] sd 0:0:0:0: [sda] Write Protect is off
[STDOUT  ] 2017-08-04T20:44:49.719807404Z: [    6.671983] serio: i8042 KBD port at 0x60,0x64 irq 1
[STDERR  ] 2017-08-04T20:44:49.719817466Z: [    7.046260] sd 0:0:0:0: [sda] Write cache: enabled, read cache: enabled, doesn't support DPO or FUA
[STDOUT  ] 2017-08-04T20:44:49.71981983Z: [    6.672687] serio: i8042 AUX port at 0x60,0x64 irq 12
[STDERR  ] 2017-08-04T20:44:49.719829277Z: [    7.048940] scsi 2:0:0:0: CD-ROM            QEMU     QEMU DVD-ROM     2.5+ PQ: 0 ANSI: 5
[STDOUT  ] 2017-08-04T20:44:49.719832237Z: [    6.675938] hv_vmbus: registering driver hyperv_keyboard
[STDERR  ] 2017-08-04T20:44:49.71984057Z: [    7.072790] sr 2:0:0:0: [sr0] scsi3-mmc drive: 4x/4x cd/rw xa/form2 tray
[STDOUT  ] 2017-08-04T20:44:49.719853263Z: [    6.678472] mousedev: PS/2 mouse device common for all mice
[STDERR  ] 2017-08-04T20:44:49.719855647Z: [    7.073576] cdrom: Uniform CD-ROM driver Revision: 3.20
[STDOUT  ] 2017-08-04T20:44:49.719864614Z: [    6.683489] input: AT Translated Set 2 keyboard as /devices/platform/i8042/serio0/input/input1
[STDERR  ] 2017-08-04T20:44:49.71986766Z: [    7.084283] sr 2:0:0:0: Attached scsi generic sg1 type 5
[STDOUT  ] 2017-08-04T20:44:49.71987934Z: [    6.686461] input: PC Speaker as /devices/platform/pcspkr/input/input2
[STDERR  ] 2017-08-04T20:44:49.719881756Z: [    7.103223] sd 0:0:0:0: [sda] Attached SCSI disk
[STDOUT  ] 2017-08-04T20:44:49.719891486Z: [    6.689995] rtc_cmos 00:00: RTC can wake from S4
[STDERR  ] 2017-08-04T20:44:49.719893839Z: [    7.110683] Key type big_key registered
[STDERR  ] 2017-08-04T20:44:49.719905026Z: [    7.166083] Key type encrypted registered
[STDOUT  ] 2017-08-04T20:44:49.719902612Z: [    6.694291] rtc_cmos 00:00: rtc core: registered rtc_cmos as rtc0
[STDOUT  ] 2017-08-04T20:44:49.719913897Z: [    6.695672] rtc_cmos 00:00: alarms up to one day, y3k, 114 bytes nvram, hpet irqs
[STDERR  ] 2017-08-04T20:44:49.719915736Z: [    7.172455] rtc_cmos 00:00: setting system clock to 2017-08-04 20:44:14 UTC (1501879454)
[STDOUT  ] 2017-08-04T20:44:49.719924769Z: [    6.696412] i2c /dev entries driver
[STDERR  ] 2017-08-04T20:44:49.719926404Z: [    7.326149] Freeing unused kernel memory: 1380K (ffffffffa2d57000 - ffffffffa2eb0000)
[STDERR  ] 2017-08-04T20:44:49.71993745Z: [    7.326838] Write protecting the kernel read-only data: 12288k
[STDOUT  ] 2017-08-04T20:44:49.719938247Z: [    6.698488] device-mapper: ioctl: 4.35.0-ioctl (2016-06-23) initialised: dm-devel@redhat.com
[STDERR  ] 2017-08-04T20:44:49.719947799Z: [    7.329228] tsc: Refined TSC clocksource calibration: 2600.005 MHz
[STDOUT  ] 2017-08-04T20:44:49.719951436Z: [    6.703638] usbcore: registered new interface driver usbhid
[STDOUT  ] 2017-08-04T20:44:49.719962477Z: [    6.704002] usbhid: USB HID core driver
[STDERR  ] 2017-08-04T20:44:49.719962122Z: [    7.329754] clocksource: tsc: mask: 0xffffffffffffffff max_cycles: 0x257a40ff313, max_idle_ns: 440795330741 ns
[STDERR  ] 2017-08-04T20:44:49.719973653Z: [    7.336361] Freeing unused kernel memory: 148K (ffff9236b17db000 - ffff9236b1800000)
[STDOUT  ] 2017-08-04T20:44:49.719973549Z: [    6.704660] hv_utils: Registering HyperV Utility Driver
[STDERR  ] 2017-08-04T20:44:49.719984392Z: [    7.462963] Freeing unused kernel memory: 1400K (ffff9236b1aa2000 - ffff9236b1c00000)
[STDOUT  ] 2017-08-04T20:44:49.719987846Z: [    6.704932] hv_vmbus: registering driver hv_util
[STDERR  ] 2017-08-04T20:44:49.719995736Z: [    8.350607] clocksource: Switched to clocksource tsc
[STDOUT  ] 2017-08-04T20:44:49.719998957Z: [    6.705232] hv_vmbus: registering driver hv_balloon
[STDERR  ] 2017-08-04T20:44:49.720006602Z: 
[STDOUT  ] 2017-08-04T20:44:49.720017042Z: [    6.705846] oprofile: using NMI interrupt.
[STDERR  ] 2017-08-04T20:44:49.720019442Z: Welcome to LinuxKit
[STDOUT  ] 2017-08-04T20:44:49.720028302Z: [    6.707061] GACT probability on
[STDERR  ] 2017-08-04T20:44:49.720035293Z: 
[STDOUT  ] 2017-08-04T20:44:49.720040013Z: [    6.707613] Mirror/redirect action on
[STDERR  ] 2017-08-04T20:44:49.720046793Z:                         ##         .
[STDOUT  ] 2017-08-04T20:44:49.720056186Z: [    6.708574] Simple TC action Loaded
[STDERR  ] 2017-08-04T20:44:49.720058653Z:                   ## ## ##        ==
[STDOUT  ] 2017-08-04T20:44:49.720067592Z: [    6.709225] u32 classifier
[STDERR  ] 2017-08-04T20:44:49.720069967Z:                ## ## ## ## ##    ===
[STDERR  ] 2017-08-04T20:44:49.72008162Z:            /"""""""""""""""""\___/ ===
[STDOUT  ] 2017-08-04T20:44:49.720079097Z: [    6.709441]     Performance counters on
[STDOUT  ] 2017-08-04T20:44:49.720090113Z: [    6.709708]     input device check on
[STDERR  ] 2017-08-04T20:44:49.720091892Z:           {                       /  ===-
[STDERR  ] 2017-08-04T20:44:49.720109406Z:            \______ O           __/
[STDOUT  ] 2017-08-04T20:44:49.720105382Z: [    6.709913]     Actions configured
[STDERR  ] 2017-08-04T20:44:49.720120146Z:              \    \         __/
[STDOUT  ] 2017-08-04T20:44:49.720117172Z: [    6.711240] Netfilter messages via NETLINK v0.30.
[STDERR  ] 2017-08-04T20:44:49.720130629Z:               \____\_______/
[STDOUT  ] 2017-08-04T20:44:49.720135132Z: [    6.711859] nfnl_acct: registering with nfnetlink.
[STDERR  ] 2017-08-04T20:44:49.720143884Z: 
[STDOUT  ] 2017-08-04T20:44:49.720146732Z: [    6.713276] nf_conntrack version 0.5.0 (8192 buckets, 32768 max)
[STDERR  ] 2017-08-04T20:44:49.720155216Z: [   18.359198] IPVS: Creating netns size=2104 id=1
[STDERR  ] 2017-08-04T20:44:49.72016605Z: [   18.359833] IPVS: ftp: loaded support on port[0] = 21
[STDOUT  ] 2017-08-04T20:44:49.720162454Z: [    6.716460] ctnetlink v0.93: registering with nfnetlink.
[STDERR  ] 2017-08-04T20:44:49.720177434Z: 2017/08/04 20:44:26 Creating partition on /dev/sda
[STDOUT  ] 2017-08-04T20:44:49.720174413Z: [    6.719981] nf_tables: (c) 2007-2009 Patrick McHardy <kaber@trash.net>
[STDOUT  ] 2017-08-04T20:44:49.720185744Z: [    6.721164] nf_tables_compat: (c) 2012 Pablo Neira Ayuso <pablo@netfilter.org>
[STDERR  ] 2017-08-04T20:44:49.720188554Z: [   19.532289] random: fdisk: uninitialized urandom read (4 bytes read)
[STDOUT  ] 2017-08-04T20:44:49.72019649Z: [    6.723633] xt_time: kernel timezone is -0000
[STDERR  ] 2017-08-04T20:44:49.720203727Z: [   19.564443]  sda:
[STDOUT  ] 2017-08-04T20:44:49.720207217Z: [    6.724239] ip_set: protocol 6
[STDERR  ] 2017-08-04T20:44:49.720216396Z: [   19.637226]  sda:
[STDOUT  ] 2017-08-04T20:44:49.720219237Z: [    6.725012] IPVS: Registered protocols (TCP, UDP, SCTP, AH, ESP)
[STDERR  ] 2017-08-04T20:44:49.720227599Z: [   19.654386] random: sfdisk: uninitialized urandom read (4 bytes read)
[STDOUT  ] 2017-08-04T20:44:49.7202303Z: [    6.725669] IPVS: Connection hash table configured (size=4096, memory=64Kbytes)
[STDERR  ] 2017-08-04T20:44:49.720238503Z: [   19.671459]  sda: sda1
[STDOUT  ] 2017-08-04T20:44:49.720241849Z: [    6.727548] IPVS: Creating netns size=2104 id=0
[STDERR  ] 2017-08-04T20:44:49.720252363Z: [   19.740803]  sda: sda1
[STDOUT  ] 2017-08-04T20:44:49.720254707Z: [    6.730779] IPVS: ipvs loaded.
[STDERR  ] 2017-08-04T20:44:49.72026351Z: [   21.349629] random: mkfs.ext4: uninitialized urandom read (16 bytes read)
[STDOUT  ] 2017-08-04T20:44:49.720266159Z: [    6.731127] IPVS: [rr] scheduler registered.
[STDERR  ] 2017-08-04T20:44:49.720275039Z: [   21.352167] random: mkfs.ext4: uninitialized urandom read (16 bytes read)
[STDOUT  ] 2017-08-04T20:44:49.720277503Z: [    6.731543] IPVS: [wrr] scheduler registered.
[STDERR  ] 2017-08-04T20:44:49.720286985Z: 2017/08/04 20:44:29 Partition /dev/sda1 successfully created!
[STDOUT  ] 2017-08-04T20:44:49.720289317Z: [    6.731837] IPVS: [lc] scheduler registered.
[STDERR  ] 2017-08-04T20:44:49.720299056Z: [   26.153049] IPVS: Creating netns size=2104 id=2
[STDERR  ] 2017-08-04T20:44:49.72030991Z: [   26.153639] IPVS: ftp: loaded support on port[0] = 21
[STDOUT  ] 2017-08-04T20:44:49.720301522Z: [    6.732133] IPVS: [wlc] scheduler registered.
[STDOUT  ] 2017-08-04T20:44:49.720322647Z: [    6.732444] IPVS: [fo] scheduler registered.
[STDERR  ] 2017-08-04T20:44:49.720324995Z: [   27.396778] EXT4-fs (sda1): couldn't mount as ext3 due to feature incompatibilities
[STDOUT  ] 2017-08-04T20:44:49.720333769Z: [    6.732746] IPVS: [ovf] scheduler registered.
[STDERR  ] 2017-08-04T20:44:49.720336913Z: [   27.415420] EXT4-fs (sda1): couldn't mount as ext2 due to feature incompatibilities
[STDOUT  ] 2017-08-04T20:44:49.72034496Z: [    6.733238] IPVS: [lblc] scheduler registered.
[STDERR  ] 2017-08-04T20:44:49.720353226Z: [   27.446054] EXT4-fs (sda1): mounted filesystem with ordered data mode. Opts: (null)
[STDOUT  ] 2017-08-04T20:44:49.720355283Z: [    6.733733] IPVS: [lblcr] scheduler registered.
[STDERR  ] 2017-08-04T20:44:49.720363877Z: format_mount test suite PASSED
[STDOUT  ] 2017-08-04T20:44:49.720371856Z: [    6.734032] IPVS: [dh] scheduler registered.
[STDERR  ] 2017-08-04T20:44:49.72037558Z: [   35.773107] random: crng init done
[STDOUT  ] 2017-08-04T20:44:49.720383325Z: [    6.734371] IPVS: [sh] scheduler registered.
[STDERR  ] 2017-08-04T20:44:49.720387382Z: [   41.316359] sd 0:0:0:0: [sda] Synchronizing SCSI cache
[STDOUT  ] 2017-08-04T20:44:49.720394386Z: [    6.734632] IPVS: [sed] scheduler registered.
[STDERR  ] 2017-08-04T20:44:49.72039925Z: [   41.319781] sd 0:0:0:0: [sda] Stopping disk
[STDOUT  ] 2017-08-04T20:44:49.720407385Z: [    6.734938] IPVS: [nq] scheduler registered.
[STDERR  ] 2017-08-04T20:44:49.720410179Z: [   41.323975] ACPI: Preparing to enter system sleep state S5
[STDOUT  ] 2017-08-04T20:44:49.72041792Z: [    6.735711] IPVS: ftp: loaded support on port[0] = 21
[STDERR  ] 2017-08-04T20:44:49.720422239Z: [   41.325417] reboot: Power down
[STDOUT  ] 2017-08-04T20:44:49.72043039Z: [    6.736624] ipip: IPv4 and MPLS over IPv4 tunneling driver
[STDERR  ] 2017-08-04T20:44:49.720435146Z: + echo [    0.000000] Linux version 4.9.40-linuxkit (root@e1ede117fb1e) (gcc version 6.3.0 (Alpine 6.3.0) ) #1 SMP Wed Aug 2 16:32:58 UTC 2017
[STDOUT  ] 2017-08-04T20:44:49.720440792Z: [    6.741488] gre: GRE over IPv4 demultiplexor driver
[STDOUT  ] 2017-08-04T20:44:49.720451674Z: [    6.744285] ip_tables: (C) 2000-2006 Netfilter Core Team
[STDERR  ] 2017-08-04T20:44:49.720447635Z: [    0.000000] Command line: console=ttyS0
[STDERR  ] 2017-08-04T20:44:49.720459505Z: [    0.000000] x86/fpu: Legacy x87 FPU detected.
[STDOUT  ] 2017-08-04T20:44:49.720462349Z: [    6.747620] ipt_CLUSTERIP: ClusterIP Version 0.8 loaded successfully
[STDERR  ] 2017-08-04T20:44:49.720470006Z: [    0.000000] x86/fpu: Using 'eager' FPU context switches.
[STDOUT  ] 2017-08-04T20:44:49.720473814Z: [    6.748430] arp_tables: arp_tables: (C) 2002 David S. Miller
[STDERR  ] 2017-08-04T20:44:49.720481392Z: [    0.000000] e820: BIOS-provided physical RAM map:
[STDOUT  ] 2017-08-04T20:44:49.720484099Z: [    6.751416] NET: Registered protocol family 10
[STDOUT  ] 2017-08-04T20:44:49.720495191Z: [    6.762315] ip6_tables: (C) 2000-2006 Netfilter Core Team
[STDERR  ] 2017-08-04T20:44:49.720491641Z: [    0.000000] BIOS-e820: [mem 0x0000000000000000-0x000000000009fbff] usable
[STDERR  ] 2017-08-04T20:44:49.720502821Z: [    0.000000] BIOS-e820: [mem 0x000000000009fc00-0x000000000009ffff] reserved
[STDOUT  ] 2017-08-04T20:44:49.720505204Z: [    6.772510] NET: Registered protocol family 17
[STDERR  ] 2017-08-04T20:44:49.720517899Z: [    0.000000] BIOS-e820: [mem 0x00000000000f0000-0x00000000000fffff] reserved
[STDOUT  ] 2017-08-04T20:44:49.720521662Z: [    6.773943] Bridge firewalling registered
[STDERR  ] 2017-08-04T20:44:49.720531815Z: [    0.000000] BIOS-e820: [mem 0x0000000000100000-0x000000003ffdefff] usable
[STDOUT  ] 2017-08-04T20:44:49.720534256Z: [    6.774543] Ebtables v2.0 registered
[STDERR  ] 2017-08-04T20:44:49.720543909Z: [    0.000000] BIOS-e820: [mem 0x000000003ffdf000-0x000000003fffffff] reserved
[STDOUT  ] 2017-08-04T20:44:49.720546109Z: [    6.776578] 8021q: 802.1Q VLAN Support v1.8
[STDERR  ] 2017-08-04T20:44:49.720555744Z: [    0.000000] BIOS-e820: [mem 0x00000000b0000000-0x00000000bfffffff] reserved
[STDOUT  ] 2017-08-04T20:44:49.720564294Z: [    6.780031] 9pnet: Installing 9P2000 support
[STDERR  ] 2017-08-04T20:44:49.720566675Z: [    0.000000] BIOS-e820: [mem 0x00000000fed1c000-0x00000000fed1ffff] reserved
[STDERR  ] 2017-08-04T20:44:49.720578945Z: [    0.000000] BIOS-e820: [mem 0x00000000fffc0000-0x00000000ffffffff] reserved
[STDOUT  ] 2017-08-04T20:44:49.720574831Z: [    6.782325] Key type dns_resolver registered
[STDOUT  ] 2017-08-04T20:44:49.720587099Z: [    6.783287] microcode: AMD CPU family 0x6 not supported
[STDERR  ] 2017-08-04T20:44:49.720590059Z: [    0.000000] NX (Execute Disable) protection: active
[STDOUT  ] 2017-08-04T20:44:49.720599336Z: [    6.787215] registered taskstats version 1
[STDERR  ] 2017-08-04T20:44:49.720601731Z: [    0.000000] SMBIOS 2.8 present.
[STDOUT  ] 2017-08-04T20:44:49.720615089Z: [    6.973898] ata5: SATA link down (SStatus 0 SControl 300)
[STDERR  ] 2017-08-04T20:44:49.720617382Z: [    0.000000] e820: last_pfn = 0x3ffdf max_arch_pfn = 0x400000000
[STDERR  ] 2017-08-04T20:44:49.720630419Z: [    0.000000] x86/PAT: Configuration [0-7]: WB  WC  UC- UC  WB  WC  UC- WT  
[STDOUT  ] 2017-08-04T20:44:49.720626246Z: [    6.976805] ata4: SATA link down (SStatus 0 SControl 300)
[STDOUT  ] 2017-08-04T20:44:49.720638079Z: [    6.977728] ata3: SATA link up 1.5 Gbps (SStatus 113 SControl 300)
[STDERR  ] 2017-08-04T20:44:49.720641035Z: [    0.000000] found SMP MP-table at [mem 0x000f6aa0-0x000f6aaf] mapped at [ffff9236800f6aa0]
[STDOUT  ] 2017-08-04T20:44:49.720650525Z: [    6.981825] ata2: SATA link down (SStatus 0 SControl 300)
[STDERR  ] 2017-08-04T20:44:49.720653135Z: [    0.000000] RAMDISK: [mem 0x3e69c000-0x3ffcffff]
[STDOUT  ] 2017-08-04T20:44:49.720661719Z: [    6.982373] ata1: SATA link up 1.5 Gbps (SStatus 113 SControl 300)
[STDERR  ] 2017-08-04T20:44:49.720665376Z: [    0.000000] ACPI: Early table checksum verification disabled
[STDOUT  ] 2017-08-04T20:44:49.720673426Z: [    6.984447] ata1.00: ATA-7: QEMU HARDDISK, 2.5+, max UDMA/100
[STDERR  ] 2017-08-04T20:44:49.720676329Z: [    0.000000] ACPI: RSDP 0x00000000000F68C0 000014 (v00 BOCHS )
[STDERR  ] 2017-08-04T20:44:49.720687606Z: [    0.000000] ACPI: RSDT 0x000000003FFE2404 000034 (v01 BOCHS  BXPCRSDT 00000001 BXPC 00000001)
[STDOUT  ] 2017-08-04T20:44:49.720683954Z: [    6.984877] ata1.00: 1048576 sectors, multi 16: LBA48 NCQ (depth 31/32)
[STDOUT  ] 2017-08-04T20:44:49.720695489Z: [    6.985448] ata1.00: applying bridge limits
[STDOUT  ] 2017-08-04T20:44:49.720705802Z: [    6.987229] ata1.00: configured for UDMA/100
[STDOUT  ] 2017-08-04T20:44:49.720714789Z: [    6.989478] ata6: SATA link down (SStatus 0 SControl 300)
[STDOUT  ] 2017-08-04T20:44:49.720724006Z: [    7.000967] ata3.00: ATAPI: QEMU DVD-ROM, 2.5+, max UDMA/100
[STDERR  ] 2017-08-04T20:44:49.720723289Z: [    0.000000] ACPI: FACP 0x000000003FFE22A4 000074 (v01 BOCHS  BXPCFACP 00000001 BXPC 00000001)
[STDOUT  ] 2017-08-04T20:44:49.720733812Z: [    7.001505] ata3.00: applying bridge limits
[STDERR  ] 2017-08-04T20:44:49.720738319Z: [    0.000000] ACPI: DSDT 0x000000003FFE0040 002264 (v01 BOCHS  BXPCDSDT 00000001 BXPC 00000001)
[STDERR  ] 2017-08-04T20:44:49.720749161Z: [    0.000000] ACPI: FACS 0x000000003FFE0000 000040
[STDOUT  ] 2017-08-04T20:44:49.720746356Z: [    7.002234] ata3.00: configured for UDMA/100
[STDERR  ] 2017-08-04T20:44:49.720759489Z: [    0.000000] ACPI: APIC 0x000000003FFE2318 000078 (v01 BOCHS  BXPCAPIC 00000001 BXPC 00000001)
[STDOUT  ] 2017-08-04T20:44:49.720756636Z: [    7.013553] scsi 0:0:0:0: Direct-Access     ATA      QEMU HARDDISK    2.5+ PQ: 0 ANSI: 5
[STDOUT  ] 2017-08-04T20:44:49.720767702Z: [    7.029211] sd 0:0:0:0: [sda] 1048576 512-byte logical blocks: (537 MB/512 MiB)
[STDERR  ] 2017-08-04T20:44:49.720770656Z: [    0.000000] ACPI: HPET 0x000000003FFE2390 000038 (v01 BOCHS  BXPCHPET 00000001 BXPC 00000001)
[STDOUT  ] 2017-08-04T20:44:49.720779111Z: [    7.040775] sd 0:0:0:0: Attached scsi generic sg0 type 0
[STDERR  ] 2017-08-04T20:44:49.720781729Z: [    0.000000] ACPI: MCFG 0x000000003FFE23C8 00003C (v01 BOCHS  BXPCMCFG 00000001 BXPC 00000001)
[STDOUT  ] 2017-08-04T20:44:49.720795026Z: [    7.043478] sd 0:0:0:0: [sda] Write Protect is off
[STDERR  ] 2017-08-04T20:44:49.720797451Z: [    0.000000] Zone ranges:
[STDOUT  ] 2017-08-04T20:44:49.720806706Z: [    7.046260] sd 0:0:0:0: [sda] Write cache: enabled, read cache: enabled, doesn't support DPO or FUA
[STDERR  ] 2017-08-04T20:44:49.720809686Z: [    0.000000]   DMA      [mem 0x0000000000001000-0x0000000000ffffff]
[STDERR  ] 2017-08-04T20:44:49.720821236Z: [    0.000000]   DMA32    [mem 0x0000000001000000-0x000000003ffdefff]
[STDOUT  ] 2017-08-04T20:44:49.720819262Z: [    7.048940] scsi 2:0:0:0: CD-ROM            QEMU     QEMU DVD-ROM     2.5+ PQ: 0 ANSI: 5
[STDOUT  ] 2017-08-04T20:44:49.720831546Z: [    7.072790] sr 2:0:0:0: [sr0] scsi3-mmc drive: 4x/4x cd/rw xa/form2 tray
[STDERR  ] 2017-08-04T20:44:49.720841989Z: [    0.000000]   Normal   empty
[STDOUT  ] 2017-08-04T20:44:49.720849604Z: [    7.073576] cdrom: Uniform CD-ROM driver Revision: 3.20
[STDERR  ] 2017-08-04T20:44:49.720854479Z: [    0.000000] Movable zone start for each node
[STDOUT  ] 2017-08-04T20:44:49.720865326Z: [    7.084283] sr 2:0:0:0: Attached scsi generic sg1 type 5
[STDERR  ] 2017-08-04T20:44:49.720871579Z: [    0.000000] Early memory node ranges
[STDERR  ] 2017-08-04T20:44:49.720883012Z: [    0.000000]   node   0: [mem 0x0000000000001000-0x000000000009efff]
[STDOUT  ] 2017-08-04T20:44:49.720879302Z: [    7.103223] sd 0:0:0:0: [sda] Attached SCSI disk
[STDOUT  ] 2017-08-04T20:44:49.720891104Z: [    7.110683] Key type big_key registered
[STDERR  ] 2017-08-04T20:44:49.720894112Z: [    0.000000]   node   0: [mem 0x0000000000100000-0x000000003ffdefff]
[STDOUT  ] 2017-08-04T20:44:49.720901349Z: [    7.166083] Key type encrypted registered
[STDERR  ] 2017-08-04T20:44:49.720905656Z: [    0.000000] Initmem setup node 0 [mem 0x0000000000001000-0x000000003ffdefff]
[STDERR  ] 2017-08-04T20:44:49.720916254Z: [    0.000000] ACPI: PM-Timer IO Port: 0x608
[STDOUT  ] 2017-08-04T20:44:49.72091341Z: [    7.172455] rtc_cmos 00:00: setting system clock to 2017-08-04 20:44:14 UTC (1501879454)
[STDERR  ] 2017-08-04T20:44:49.720926511Z: [    0.000000] ACPI: LAPIC_NMI (acpi_id[0xff] dfl dfl lint[0x1])
[STDOUT  ] 2017-08-04T20:44:49.720923736Z: [    7.326149] Freeing unused kernel memory: 1380K (ffffffffa2d57000 - ffffffffa2eb0000)
[STDERR  ] 2017-08-04T20:44:49.720938079Z: [    0.000000] IOAPIC[0]: apic_id 0, version 32, address 0xfec00000, GSI 0-23
[STDOUT  ] 2017-08-04T20:44:49.720940646Z: [    7.326838] Write protecting the kernel read-only data: 12288k
[STDOUT  ] 2017-08-04T20:44:49.72095191Z: [    7.329228] tsc: Refined TSC clocksource calibration: 2600.005 MHz
[STDERR  ] 2017-08-04T20:44:49.720949291Z: [    0.000000] ACPI: INT_SRC_OVR (bus 0 bus_irq 0 global_irq 2 dfl dfl)
[STDERR  ] 2017-08-04T20:44:49.720959771Z: [    0.000000] ACPI: INT_SRC_OVR (bus 0 bus_irq 5 global_irq 5 high level)
[STDOUT  ] 2017-08-04T20:44:49.720962396Z: [    7.329754] clocksource: tsc: mask: 0xffffffffffffffff max_cycles: 0x257a40ff313, max_idle_ns: 440795330741 ns
[STDERR  ] 2017-08-04T20:44:49.720970106Z: [    0.000000] ACPI: INT_SRC_OVR (bus 0 bus_irq 9 global_irq 9 high level)
[STDOUT  ] 2017-08-04T20:44:49.720973669Z: [    7.336361] Freeing unused kernel memory: 148K (ffff9236b17db000 - ffff9236b1800000)
[STDERR  ] 2017-08-04T20:44:49.720981739Z: [    0.000000] ACPI: INT_SRC_OVR (bus 0 bus_irq 10 global_irq 10 high level)
[STDOUT  ] 2017-08-04T20:44:49.720988636Z: [    7.462963] Freeing unused kernel memory: 1400K (ffff9236b1aa2000 - ffff9236b1c00000)
[STDERR  ] 2017-08-04T20:44:49.720995024Z: [    0.000000] ACPI: INT_SRC_OVR (bus 0 bus_irq 11 global_irq 11 high level)
[STDOUT  ] 2017-08-04T20:44:49.721000011Z: [    8.350607] clocksource: Switched to clocksource tsc
[STDERR  ] 2017-08-04T20:44:49.721006602Z: [    0.000000] Using ACPI (MADT) for SMP configuration information
[STDERR  ] 2017-08-04T20:44:49.72101723Z: [    0.000000] ACPI: HPET id: 0x8086a201 base: 0xfed00000
[STDOUT  ] 2017-08-04T20:44:49.721016824Z: 
[STDOUT  ] 2017-08-04T20:44:49.721035931Z: Welcome to LinuxKit
[STDERR  ] 2017-08-04T20:44:49.721033346Z: [    0.000000] smpboot: Allowing 1 CPUs, 0 hotplug CPUs
[STDOUT  ] 2017-08-04T20:44:49.721048761Z: 
[STDERR  ] 2017-08-04T20:44:49.721051572Z: [    0.000000] e820: [mem 0x40000000-0xafffffff] available for PCI devices
[STDOUT  ] 2017-08-04T20:44:49.721059914Z:                         ##         .
[STDERR  ] 2017-08-04T20:44:49.72106269Z: [    0.000000] Booting paravirtualized kernel on bare hardware
[STDOUT  ] 2017-08-04T20:44:49.721070624Z:                   ## ## ##        ==
[STDERR  ] 2017-08-04T20:44:49.721073611Z: [    0.000000] clocksource: refined-jiffies: mask: 0xffffffff max_cycles: 0xffffffff, max_idle_ns: 19112604462750000 ns
[STDERR  ] 2017-08-04T20:44:49.721084692Z: [    0.000000] setup_percpu: NR_CPUS:128 nr_cpumask_bits:128 nr_cpu_ids:1 nr_node_ids:1
[STDOUT  ] 2017-08-04T20:44:49.721086769Z:                ## ## ## ## ##    ===
[STDERR  ] 2017-08-04T20:44:49.72109587Z: [    0.000000] percpu: Embedded 35 pages/cpu @ffff9236be400000 s105240 r8192 d29928 u2097152
[STDOUT  ] 2017-08-04T20:44:49.721098994Z:            /"""""""""""""""""\___/ ===
[STDERR  ] 2017-08-04T20:44:49.721107074Z: [    0.000000] Built 1 zonelists in Zone order, mobility grouping on.  Total pages: 257896
[STDOUT  ] 2017-08-04T20:44:49.721110251Z:           {                       /  ===-
[STDERR  ] 2017-08-04T20:44:49.721118422Z: [    0.000000] Kernel command line: console=ttyS0
[STDOUT  ] 2017-08-04T20:44:49.721121239Z:            \______ O           __/
[STDERR  ] 2017-08-04T20:44:49.721129392Z: [    0.000000] PID hash table entries: 4096 (order: 3, 32768 bytes)
[STDOUT  ] 2017-08-04T20:44:49.721132759Z:              \    \         __/
[STDOUT  ] 2017-08-04T20:44:49.721143849Z:               \____\_______/
[STDERR  ] 2017-08-04T20:44:49.721149376Z: [    0.000000] Dentry cache hash table entries: 131072 (order: 8, 1048576 bytes)
[STDERR  ] 2017-08-04T20:44:49.721161869Z: [    0.000000] Inode-cache hash table entries: 65536 (order: 7, 524288 bytes)
[STDOUT  ] 2017-08-04T20:44:49.721158429Z: 
[STDOUT  ] 2017-08-04T20:44:49.72116994Z: [   18.359198] IPVS: Creating netns size=2104 id=1
[STDERR  ] 2017-08-04T20:44:49.721173264Z: [    0.000000] Memory: 988364K/1048052K available (8027K kernel code, 1366K rwdata, 2696K rodata, 1380K init, 568K bss, 59688K reserved, 0K cma-reserved)
[STDOUT  ] 2017-08-04T20:44:49.721180414Z: [   18.359833] IPVS: ftp: loaded support on port[0] = 21
[STDERR  ] 2017-08-04T20:44:49.721186777Z: [    0.000000] Hierarchical RCU implementation.
[STDOUT  ] 2017-08-04T20:44:49.721191549Z: 2017/08/04 20:44:26 Creating partition on /dev/sda
[STDERR  ] 2017-08-04T20:44:49.721198441Z: [    0.000000] 	Build-time adjustment of leaf fanout to 64.
[STDOUT  ] 2017-08-04T20:44:49.721202788Z: [   19.532289] random: fdisk: uninitialized urandom read (4 bytes read)
[STDERR  ] 2017-08-04T20:44:49.721209639Z: [    0.000000] 	RCU restricting CPUs from NR_CPUS=128 to nr_cpu_ids=1.
[STDOUT  ] 2017-08-04T20:44:49.721214123Z: [   19.564443]  sda:
[STDERR  ] 2017-08-04T20:44:49.721221529Z: [    0.000000] RCU: Adjusting geometry for rcu_fanout_leaf=64, nr_cpu_ids=1
[STDOUT  ] 2017-08-04T20:44:49.721225371Z: [   19.637226]  sda:
[STDERR  ] 2017-08-04T20:44:49.721234876Z: [    0.000000] NR_IRQS:8448 nr_irqs:256 16
[STDOUT  ] 2017-08-04T20:44:49.721237423Z: [   19.654386] random: sfdisk: uninitialized urandom read (4 bytes read)
[STDERR  ] 2017-08-04T20:44:49.721245969Z: [    0.000000] Console: colour VGA+ 80x25
[STDOUT  ] 2017-08-04T20:44:49.721248688Z: [   19.671459]  sda: sda1
[STDERR  ] 2017-08-04T20:44:49.721257061Z: [    0.000000] console [ttyS0] enabled
[STDOUT  ] 2017-08-04T20:44:49.721260545Z: [   19.740803]  sda: sda1
[STDERR  ] 2017-08-04T20:44:49.721267991Z: [    0.000000] clocksource: hpet: mask: 0xffffffff max_cycles: 0xffffffff, max_idle_ns: 19112604467 ns
[STDOUT  ] 2017-08-04T20:44:49.721271639Z: [   21.349629] random: mkfs.ext4: uninitialized urandom read (16 bytes read)
[STDERR  ] 2017-08-04T20:44:49.721279741Z: [    0.000000] tsc: Fast TSC calibration using PIT
[STDOUT  ] 2017-08-04T20:44:49.721288593Z: [   21.352167] random: mkfs.ext4: uninitialized urandom read (16 bytes read)
[STDOUT  ] 2017-08-04T20:44:49.721302268Z: 2017/08/04 20:44:29 Partition /dev/sda1 successfully created!
[STDERR  ] 2017-08-04T20:44:49.721297478Z: [    0.000000] tsc: Detected 2600.004 MHz processor
[STDOUT  ] 2017-08-04T20:44:49.721313179Z: [   26.153049] IPVS: Creating netns size=2104 id=2
[STDERR  ] 2017-08-04T20:44:49.721310548Z: [    0.022260] Calibrating delay loop (skipped), value calculated using timer frequency.. 5200.00 BogoMIPS (lpj=26000040)
[STDERR  ] 2017-08-04T20:44:49.721322111Z: [    0.030577] pid_max: default: 32768 minimum: 301
[STDOUT  ] 2017-08-04T20:44:49.721324276Z: [   26.153639] IPVS: ftp: loaded support on port[0] = 21
[STDERR  ] 2017-08-04T20:44:49.721332809Z: [    0.031666] ACPI: Core revision 20160831
[STDOUT  ] 2017-08-04T20:44:49.721340033Z: [   27.396778] EXT4-fs (sda1): couldn't mount as ext3 due to feature incompatibilities
[STDERR  ] 2017-08-04T20:44:49.721344533Z: [    0.078124] ACPI: 1 ACPI AML tables successfully acquired and loaded
[STDOUT  ] 2017-08-04T20:44:49.721353286Z: [   27.415420] EXT4-fs (sda1): couldn't mount as ext2 due to feature incompatibilities
[STDERR  ] 2017-08-04T20:44:49.721356041Z: [    0.083320] Security Framework initialized
[STDERR  ] 2017-08-04T20:44:49.721368421Z: [    0.083776] Yama: becoming mindful.
[STDOUT  ] 2017-08-04T20:44:49.721365593Z: [   27.446054] EXT4-fs (sda1): mounted filesystem with ordered data mode. Opts: (null)
[STDOUT  ] 2017-08-04T20:44:49.721376768Z: format_mount test suite PASSED
[STDERR  ] 2017-08-04T20:44:49.721379019Z: [    0.086043] Mount-cache hash table entries: 2048 (order: 2, 16384 bytes)
[STDOUT  ] 2017-08-04T20:44:49.721387226Z: [   35.773107] random: crng init done
[STDERR  ] 2017-08-04T20:44:49.721392005Z: [    0.086644] Mountpoint-cache hash table entries: 2048 (order: 2, 16384 bytes)
[STDOUT  ] 2017-08-04T20:44:49.721402948Z: [   41.316359] sd 0:0:0:0: [sda] Synchronizing SCSI cache
[STDERR  ] 2017-08-04T20:44:49.721403795Z: [    0.109601] Last level iTLB entries: 4KB 0, 2MB 0, 4MB 0
[STDOUT  ] 2017-08-04T20:44:49.721414055Z: [   41.319781] sd 0:0:0:0: [sda] Stopping disk
[STDERR  ] 2017-08-04T20:44:49.721416443Z: [    0.110138] Last level dTLB entries: 4KB 0, 2MB 0, 4MB 0, 1GB 0
[STDOUT  ] 2017-08-04T20:44:49.721424999Z: [   41.323975] ACPI: Preparing to enter system sleep state S5
[STDERR  ] 2017-08-04T20:44:49.721427873Z: [    0.422136] Freeing SMP alternatives memory: 20K (ffffffffa2eb0000 - ffffffffa2eb5000)
[STDOUT  ] 2017-08-04T20:44:49.721435621Z: [   41.325417] reboot: Power down
[STDERR  ] 2017-08-04T20:44:49.721439241Z: [    0.433017] ftrace: allocating 35481 entries in 139 pages
[STDERR  ] 2017-08-04T20:44:49.721452533Z: [    0.612288] smpboot: Max logical packages: 1
[STDERR  ] 2017-08-04T20:44:49.721461858Z: [    0.619662] ..TIMER: vector=0x30 apic1=0 pin1=2 apic2=-1 pin2=-1
[STDERR  ] 2017-08-04T20:44:49.721470901Z: [    0.720000] smpboot: CPU0: AMD QEMU Virtual CPU version 2.5+ (family: 0x6, model: 0x6, stepping: 0x3)
[STDERR  ] 2017-08-04T20:44:49.721485551Z: [    0.720000] Performance Events: PMU not available due to virtualization, using software events only.
[STDERR  ] 2017-08-04T20:44:49.721496011Z: [    0.730238] NMI watchdog: disabled (cpu0): hardware events not enabled
[STDERR  ] 2017-08-04T20:44:49.721505721Z: [    0.730755] NMI watchdog: Shutting down hard lockup detector on all cpus
[STDERR  ] 2017-08-04T20:44:49.721520819Z: [    0.734692] x86: Booted up 1 node, 1 CPUs
[STDERR  ] 2017-08-04T20:44:49.721530578Z: [    0.735121] smpboot: Total of 1 processors activated (5200.00 BogoMIPS)
[STDERR  ] 2017-08-04T20:44:49.721539525Z: [    0.748996] devtmpfs: initialized
[STDERR  ] 2017-08-04T20:44:49.721548959Z: [    0.754751] x86/mm: Memory block size: 128MB
[STDERR  ] 2017-08-04T20:44:49.721558133Z: [    0.826069] clocksource: jiffies: mask: 0xffffffff max_cycles: 0xffffffff, max_idle_ns: 19112604462750000 ns
[STDERR  ] 2017-08-04T20:44:49.721574431Z: [    0.827102] futex hash table entries: 256 (order: 2, 16384 bytes)
[STDERR  ] 2017-08-04T20:44:49.721583968Z: [    0.836420] NET: Registered protocol family 16
[STDERR  ] 2017-08-04T20:44:49.721593251Z: [    0.847623] cpuidle: using governor ladder
[STDERR  ] 2017-08-04T20:44:49.721606783Z: [    0.848158] cpuidle: using governor menu
[STDERR  ] 2017-08-04T20:44:49.721615886Z: [    0.849400] ACPI: bus type PCI registered
[STDERR  ] 2017-08-04T20:44:49.721624855Z: [    0.852410] PCI: MMCONFIG for domain 0000 [bus 00-ff] at [mem 0xb0000000-0xbfffffff] (base 0xb0000000)
[STDERR  ] 2017-08-04T20:44:49.721634941Z: [    0.853212] PCI: MMCONFIG at [mem 0xb0000000-0xbfffffff] reserved in E820
[STDERR  ] 2017-08-04T20:44:49.721644242Z: [    0.854670] PCI: Using configuration type 1 for base access
[STDERR  ] 2017-08-04T20:44:49.721658548Z: [    0.910853] HugeTLB registered 2 MB page size, pre-allocated 0 pages
[STDERR  ] 2017-08-04T20:44:49.721669371Z: [    0.923166] ACPI: Added _OSI(Module Device)
[STDERR  ] 2017-08-04T20:44:49.721678388Z: [    0.923594] ACPI: Added _OSI(Processor Device)
[STDERR  ] 2017-08-04T20:44:49.721687345Z: [    0.923914] ACPI: Added _OSI(3.0 _SCP Extensions)
[STDERR  ] 2017-08-04T20:44:49.721696443Z: [    0.924223] ACPI: Added _OSI(Processor Aggregator Device)
[STDERR  ] 2017-08-04T20:44:49.721705438Z: [    0.994928] ACPI: Interpreter enabled
[STDERR  ] 2017-08-04T20:44:49.721714432Z: [    0.995971] ACPI: (supports S0 S5)
[STDERR  ] 2017-08-04T20:44:49.721723753Z: [    0.996350] ACPI: Using IOAPIC for interrupt routing
[STDERR  ] 2017-08-04T20:44:49.721733175Z: [    0.999154] PCI: Using host bridge windows from ACPI; if necessary, use "pci=nocrs" and report a bug
[STDERR  ] 2017-08-04T20:44:49.721743276Z: [    1.064499] ACPI: PCI Root Bridge [PCI0] (domain 0000 [bus 00-ff])
[STDERR  ] 2017-08-04T20:44:49.721752739Z: [    1.065724] acpi PNP0A08:00: _OSC: OS supports [ExtendedConfig ASPM ClockPM Segments MSI]
[STDERR  ] 2017-08-04T20:44:49.721761801Z: [    1.072524] acpi PNP0A08:00: _OSC: OS now controls [PCIeHotplug PME PCIeCapability]
[STDERR  ] 2017-08-04T20:44:49.721776288Z: [    1.076609] PCI host bridge to bus 0000:00
[STDERR  ] 2017-08-04T20:44:49.721785599Z: [    1.077080] pci_bus 0000:00: root bus resource [io  0x0000-0x0cf7 window]
[STDERR  ] 2017-08-04T20:44:49.721794985Z: [    1.077567] pci_bus 0000:00: root bus resource [io  0x0d00-0xffff window]
[STDERR  ] 2017-08-04T20:44:49.721806322Z: [    1.077956] pci_bus 0000:00: root bus resource [mem 0x000a0000-0x000bffff window]
[STDERR  ] 2017-08-04T20:44:49.721815926Z: [    1.078458] pci_bus 0000:00: root bus resource [mem 0xc0000000-0xfebfffff window]
[STDERR  ] 2017-08-04T20:44:49.721825002Z: [    1.079137] pci_bus 0000:00: root bus resource [bus 00-ff]
[STDERR  ] 2017-08-04T20:44:49.721834011Z: [    1.190241] pci 0000:00:1f.0: quirk: [io  0x0600-0x067f] claimed by ICH6 ACPI/GPIO/TCO
[STDERR  ] 2017-08-04T20:44:49.721843193Z: [    1.254597] ACPI: PCI Interrupt Link [LNKA] (IRQs 5 *10 11)
[STDERR  ] 2017-08-04T20:44:49.721852301Z: [    1.257456] ACPI: PCI Interrupt Link [LNKB] (IRQs 5 *10 11)
[STDERR  ] 2017-08-04T20:44:49.721861425Z: [    1.259713] ACPI: PCI Interrupt Link [LNKC] (IRQs 5 10 *11)
[STDERR  ] 2017-08-04T20:44:49.721870479Z: [    1.261799] ACPI: PCI Interrupt Link [LNKD] (IRQs 5 10 *11)
[STDERR  ] 2017-08-04T20:44:49.721883959Z: [    1.263695] ACPI: PCI Interrupt Link [LNKE] (IRQs 5 *10 11)
[STDERR  ] 2017-08-04T20:44:49.721893289Z: [    1.266249] ACPI: PCI Interrupt Link [LNKF] (IRQs 5 *10 11)
[STDERR  ] 2017-08-04T20:44:49.721902306Z: [    1.268260] ACPI: PCI Interrupt Link [LNKG] (IRQs 5 10 *11)
[STDERR  ] 2017-08-04T20:44:49.721911193Z: [    1.271625] ACPI: PCI Interrupt Link [LNKH] (IRQs 5 10 *11)
[STDERR  ] 2017-08-04T20:44:49.721920365Z: [    1.272646] ACPI: PCI Interrupt Link [GSIA] (IRQs *16)
[STDERR  ] 2017-08-04T20:44:49.721929429Z: [    1.273387] ACPI: PCI Interrupt Link [GSIB] (IRQs *17)
[STDERR  ] 2017-08-04T20:44:49.721938609Z: [    1.274202] ACPI: PCI Interrupt Link [GSIC] (IRQs *18)
[STDERR  ] 2017-08-04T20:44:49.721951551Z: [    1.274980] ACPI: PCI Interrupt Link [GSID] (IRQs *19)
[STDERR  ] 2017-08-04T20:44:49.721960832Z: [    1.275758] ACPI: PCI Interrupt Link [GSIE] (IRQs *20)
[STDERR  ] 2017-08-04T20:44:49.72197Z: [    1.276592] ACPI: PCI Interrupt Link [GSIF] (IRQs *21)
[STDERR  ] 2017-08-04T20:44:49.721979045Z: [    1.277463] ACPI: PCI Interrupt Link [GSIG] (IRQs *22)
[STDERR  ] 2017-08-04T20:44:49.721988067Z: [    1.278233] ACPI: PCI Interrupt Link [GSIH] (IRQs *23)
[STDERR  ] 2017-08-04T20:44:49.722002993Z: [    1.282365] ACPI: Enabled 2 GPEs in block 00 to 3F
[STDERR  ] 2017-08-04T20:44:49.722012037Z: [    1.286669] SCSI subsystem initialized
[STDERR  ] 2017-08-04T20:44:49.722021365Z: [    1.288562] ACPI: bus type USB registered
[STDERR  ] 2017-08-04T20:44:49.722035014Z: [    1.289702] usbcore: registered new interface driver usbfs
[STDERR  ] 2017-08-04T20:44:49.722044227Z: [    1.290688] usbcore: registered new interface driver hub
[STDERR  ] 2017-08-04T20:44:49.722053651Z: [    1.291550] usbcore: registered new device driver usb
[STDERR  ] 2017-08-04T20:44:49.722062958Z: [    1.292807] pps_core: LinuxPPS API ver. 1 registered
[STDERR  ] 2017-08-04T20:44:49.722071925Z: [    1.293165] pps_core: Software ver. 5.3.6 - Copyright 2005-2007 Rodolfo Giometti <giometti@linux.it>
[STDERR  ] 2017-08-04T20:44:49.722081518Z: [    1.293986] PTP clock support registered
[STDERR  ] 2017-08-04T20:44:49.722090751Z: [    1.295250] wmi: Mapper loaded
[STDERR  ] 2017-08-04T20:44:49.722100224Z: [    1.296438] PCI: Using ACPI for IRQ routing
[STDERR  ] 2017-08-04T20:44:49.722109223Z: [    1.314367] NetLabel: Initializing
[STDERR  ] 2017-08-04T20:44:49.722118224Z: [    1.314682] NetLabel:  domain hash size = 128
[STDERR  ] 2017-08-04T20:44:49.72212731Z: [    1.315013] NetLabel:  protocols = UNLABELED CIPSOv4
[STDERR  ] 2017-08-04T20:44:49.722140381Z: [    1.317859] NetLabel:  unlabeled traffic allowed by default
[STDERR  ] 2017-08-04T20:44:49.722149523Z: [    1.319148] HPET: 3 timers in total, 0 timers will be used for per-cpu timer
[STDERR  ] 2017-08-04T20:44:49.722158925Z: [    1.320185] hpet0: at MMIO 0xfed00000, IRQs 2, 8, 0
[STDERR  ] 2017-08-04T20:44:49.722168171Z: [    1.320784] hpet0: 3 comparators, 64-bit 100.000000 MHz counter
[STDERR  ] 2017-08-04T20:44:49.722177117Z: [    1.328133] clocksource: Switched to clocksource hpet
[STDERR  ] 2017-08-04T20:44:49.722186371Z: [    1.583576] VFS: Disk quotas dquot_6.6.0
[STDERR  ] 2017-08-04T20:44:49.722195501Z: [    1.584526] VFS: Dquot-cache hash table entries: 512 (order 0, 4096 bytes)
[STDERR  ] 2017-08-04T20:44:49.72220751Z: [    1.588556] FS-Cache: Loaded
[STDERR  ] 2017-08-04T20:44:49.722217334Z: [    1.593751] CacheFiles: Loaded
[STDERR  ] 2017-08-04T20:44:49.722226745Z: [    1.595398] pnp: PnP ACPI init
[STDERR  ] 2017-08-04T20:44:49.722235485Z: [    1.607139] pnp: PnP ACPI: found 5 devices
[STDERR  ] 2017-08-04T20:44:49.722244567Z: [    1.656838] clocksource: acpi_pm: mask: 0xffffff max_cycles: 0xffffff, max_idle_ns: 2085701024 ns
[STDERR  ] 2017-08-04T20:44:49.722253793Z: [    1.661518] NET: Registered protocol family 2
[STDERR  ] 2017-08-04T20:44:49.72226274Z: [    1.668828] TCP established hash table entries: 8192 (order: 4, 65536 bytes)
[STDERR  ] 2017-08-04T20:44:49.722271924Z: [    1.669636] TCP bind hash table entries: 8192 (order: 5, 131072 bytes)
[STDERR  ] 2017-08-04T20:44:49.722280884Z: [    1.670682] TCP: Hash tables configured (established 8192 bind 8192)
[STDERR  ] 2017-08-04T20:44:49.722289898Z: [    1.672665] UDP hash table entries: 512 (order: 2, 16384 bytes)
[STDERR  ] 2017-08-04T20:44:49.722299005Z: [    1.673292] UDP-Lite hash table entries: 512 (order: 2, 16384 bytes)
[STDERR  ] 2017-08-04T20:44:49.722308275Z: [    1.675693] NET: Registered protocol family 1
[STDERR  ] 2017-08-04T20:44:49.722317284Z: [    1.676691] pci 0000:00:01.0: Video device with shadowed ROM at [mem 0x000c0000-0x000dffff]
[STDERR  ] 2017-08-04T20:44:49.722326465Z: [    1.683857] Unpacking initramfs...
[STDERR  ] 2017-08-04T20:44:49.722344581Z: [    6.251228] Freeing initrd memory: 25808K (ffff9236be69c000 - ffff9236bffd0000)
[STDERR  ] 2017-08-04T20:44:49.722354037Z: [    6.280468] PCLMULQDQ-NI instructions are not detected.
[STDERR  ] 2017-08-04T20:44:49.722363371Z: [    6.282187] AVX or AES-NI instructions are not detected.
[STDERR  ] 2017-08-04T20:44:49.722372447Z: [    6.282651] CPU feature 'AVX registers' is not supported.
[STDERR  ] 2017-08-04T20:44:49.722381433Z: [    6.283108] CPU feature 'AVX registers' is not supported.
[STDERR  ] 2017-08-04T20:44:49.722390465Z: [    6.283552] CPU feature 'AVX registers' is not supported.
[STDERR  ] 2017-08-04T20:44:49.722399565Z: [    6.283969] CPU feature 'AVX registers' is not supported.
[STDERR  ] 2017-08-04T20:44:49.722408605Z: [    6.284387] AVX2 or AES-NI instructions are not detected.
[STDERR  ] 2017-08-04T20:44:49.722421914Z: [    6.284816] AVX2 instructions are not detected.
[STDERR  ] 2017-08-04T20:44:49.722431331Z: [    6.292449] audit: initializing netlink subsys (disabled)
[STDERR  ] 2017-08-04T20:44:49.722440317Z: [    6.294136] audit: type=2000 audit(1501879453.290:1): initialized
[STDERR  ] 2017-08-04T20:44:49.722451155Z: [    6.302206] workingset: timestamp_bits=46 max_order=18 bucket_order=0
[STDERR  ] 2017-08-04T20:44:49.722461775Z: [    6.312458] FS-Cache: Netfs 'cifs' registered for caching
[STDERR  ] 2017-08-04T20:44:49.722470681Z: [    6.313505] fuse init (API version 7.26)
[STDERR  ] 2017-08-04T20:44:49.722479737Z: [    6.316035] SGI XFS with ACLs, security attributes, no debug enabled
