[INFO    ] 2017-05-30T16:37:02.828131753Z: Running Test linuxkit.kernel.config_4.4.x in /tmp/build/test/cases/020_kernel/000_config_4.4.x
[INFO    ] 2017-05-30T16:37:02.828237223Z: Running command: [/bin/sh -x /tmp/build/test/cases/020_kernel/000_config_4.4.x/test.sh]
[STDERR  ] 2017-05-30T16:37:02.835155986Z: + set -e
[STDERR  ] 2017-05-30T16:37:02.8351742Z: + . /tmp/build/test/cases/_lib/lib.sh
[STDERR  ] 2017-05-30T16:37:02.835185287Z: + [ -f src/github.com/linuxkit/rtf/lib/lib.sh ]
[STDERR  ] 2017-05-30T16:37:02.835195527Z: + LINUXKIT_TMPDIR=/tmp/build/test/cases/_tmp
[STDERR  ] 2017-05-30T16:37:02.835206077Z: + [ -f /tmp/build/test/cases/_tmp/env.sh ]
[STDERR  ] 2017-05-30T16:37:02.835215219Z: + . /tmp/build/test/cases/_tmp/env.sh
[STDERR  ] 2017-05-30T16:37:02.835225337Z: + export LINUXKIT_EXAMPLES_DIR=/tmp/build/test/cases/../../examples
[STDERR  ] 2017-05-30T16:37:02.835234147Z: + RT_CANCEL=253
[STDERR  ] 2017-05-30T16:37:02.835243479Z: + trap clean_up EXIT
[STDERR  ] 2017-05-30T16:37:02.835251519Z: + moby build -output kernel+initrd test-kernel-config
[STDERR  ] 2017-05-30T16:37:02.860565313Z: Pull kernel image: linuxkit/kernel:4.4.x
[STDERR  ] 2017-05-30T16:37:09.158346459Z: Extract kernel image: linuxkit/kernel:4.4.x
[STDERR  ] 2017-05-30T16:37:09.158401365Z: Pull image: linuxkit/kernel:4.4.x
[STDERR  ] 2017-05-30T16:37:12.580305609Z: Add init containers:
[STDERR  ] 2017-05-30T16:37:12.580340469Z: Process init image: linuxkit/init:1b8a7e394d2ec2f1fdb4d67645829d1b5bdca037
[STDERR  ] 2017-05-30T16:37:12.580370933Z: Pull image: linuxkit/init:1b8a7e394d2ec2f1fdb4d67645829d1b5bdca037
[STDERR  ] 2017-05-30T16:37:15.454680508Z: Process init image: linuxkit/runc:3a4e6cbf15470f62501b019b55e1caac5ee7689f
[STDERR  ] 2017-05-30T16:37:15.454717014Z: Pull image: linuxkit/runc:3a4e6cbf15470f62501b019b55e1caac5ee7689f
[STDERR  ] 2017-05-30T16:37:18.310299025Z: Process init image: linuxkit/containerd:b1766e4c4c09f63ac4925a6e4612852a93f7e73b
[STDERR  ] 2017-05-30T16:37:18.310352511Z: Pull image: linuxkit/containerd:b1766e4c4c09f63ac4925a6e4612852a93f7e73b
[STDERR  ] 2017-05-30T16:37:21.531726818Z: Add onboot containers:
[STDERR  ] 2017-05-30T16:37:21.531764383Z:   Create OCI config for linuxkit/test-kernel-config:ecff41279ccbc408079a3996a956432651c6eb9c
[STDERR  ] 2017-05-30T16:37:21.534087485Z: Pull image: linuxkit/test-kernel-config:ecff41279ccbc408079a3996a956432651c6eb9c
[STDERR  ] 2017-05-30T16:37:25.006665984Z:   Create OCI config for linuxkit/poweroff:7404cf2295df89ccfa2dda41997a28307a90cf28
[STDERR  ] 2017-05-30T16:37:25.009656341Z: Pull image: linuxkit/poweroff:7404cf2295df89ccfa2dda41997a28307a90cf28
[STDERR  ] 2017-05-30T16:37:27.832996451Z: Create outputs:
[STDERR  ] 2017-05-30T16:37:34.81077493Z:   test-kernel-config-kernel test-kernel-config-initrd.img test-kernel-config-cmdline
[STDERR  ] 2017-05-30T16:37:34.859783976Z: + linuxkit run qemu -kernel test-kernel-config
[STDERR  ] 2017-05-30T16:37:34.872035583Z: Unable to find qemu-system-x86_64 within the $PATH. Using a container
[STDERR  ] 2017-05-30T16:38:25.78484133Z: + RESULT=[    0.000000] Initializing cgroup subsys cpuset
[STDERR  ] 2017-05-30T16:38:25.784853439Z: [    0.000000] Initializing cgroup subsys cpu
[STDERR  ] 2017-05-30T16:38:25.784859862Z: [    0.000000] Initializing cgroup subsys cpuacct
[STDERR  ] 2017-05-30T16:38:25.784867044Z: [    0.000000] Linux version 4.4.70-linuxkit (root@84baa8e89c00) (gcc version 6.2.1 20160822 (Alpine 6.2.1) ) #1 SMP Tue May 30 11:47:47 UTC 2017
[STDERR  ] 2017-05-30T16:38:25.784879333Z: [    0.000000] Command line: console=ttyS0
[STDERR  ] 2017-05-30T16:38:25.784885479Z: [    0.000000] x86/fpu: Legacy x87 FPU detected.
[STDERR  ] 2017-05-30T16:38:25.784888526Z: [    0.000000] x86/fpu: Using 'lazy' FPU context switches.
[STDERR  ] 2017-05-30T16:38:25.784898454Z: [    0.000000] e820: BIOS-provided physical RAM map:
[STDERR  ] 2017-05-30T16:38:25.784905294Z: [    0.000000] BIOS-e820: [mem 0x0000000000000000-0x000000000009fbff] usable
[STDERR  ] 2017-05-30T16:38:25.784912147Z: [    0.000000] BIOS-e820: [mem 0x000000000009fc00-0x000000000009ffff] reserved
[STDERR  ] 2017-05-30T16:38:25.784924479Z: [    0.000000] BIOS-e820: [mem 0x00000000000f0000-0x00000000000fffff] reserved
[STDERR  ] 2017-05-30T16:38:25.784942209Z: [    0.000000] BIOS-e820: [mem 0x0000000000100000-0x000000003ffdefff] usable
[STDERR  ] 2017-05-30T16:38:25.784948384Z: [    0.000000] BIOS-e820: [mem 0x000000003ffdf000-0x000000003fffffff] reserved
[STDERR  ] 2017-05-30T16:38:25.784954033Z: [    0.000000] BIOS-e820: [mem 0x00000000b0000000-0x00000000bfffffff] reserved
[STDERR  ] 2017-05-30T16:38:25.784959369Z: [    0.000000] BIOS-e820: [mem 0x00000000fed1c000-0x00000000fed1ffff] reserved
[STDERR  ] 2017-05-30T16:38:25.784962189Z: [    0.000000] BIOS-e820: [mem 0x00000000fffc0000-0x00000000ffffffff] reserved
[STDERR  ] 2017-05-30T16:38:25.784971276Z: [    0.000000] NX (Execute Disable) protection: active
[STDERR  ] 2017-05-30T16:38:25.784977271Z: [    0.000000] SMBIOS 2.8 present.
[STDERR  ] 2017-05-30T16:38:25.784983395Z: [    0.000000] e820: last_pfn = 0x3ffdf max_arch_pfn = 0x400000000
[STDERR  ] 2017-05-30T16:38:25.784988929Z: [    0.000000] x86/PAT: Configuration [0-7]: WB  WC  UC- UC  WB  WC  UC- WT  
[STDERR  ] 2017-05-30T16:38:25.784995169Z: [    0.000000] found SMP MP-table at [mem 0x000f6aa0-0x000f6aaf] mapped at [ffff8800000f6aa0]
[STDERR  ] 2017-05-30T16:38:25.784998486Z: [    0.000000] RAMDISK: [mem 0x3e059000-0x3ffcffff]
[STDERR  ] 2017-05-30T16:38:25.785007003Z: [    0.000000] ACPI: Early table checksum verification disabled
[STDERR  ] 2017-05-30T16:38:25.785012719Z: [    0.000000] ACPI: RSDP 0x00000000000F68C0 000014 (v00 BOCHS )
[STDERR  ] 2017-05-30T16:38:25.785015355Z: [    0.000000] ACPI: RSDT 0x000000003FFE2404 000034 (v01 BOCHS  BXPCRSDT 00000001 BXPC 00000001)
[STDERR  ] 2017-05-30T16:38:25.785027171Z: [    0.000000] ACPI: FACP 0x000000003FFE22A4 000074 (v01 BOCHS  BXPCFACP 00000001 BXPC 00000001)
[STDERR  ] 2017-05-30T16:38:25.785032668Z: [    0.000000] ACPI: DSDT 0x000000003FFE0040 002264 (v01 BOCHS  BXPCDSDT 00000001 BXPC 00000001)
[STDERR  ] 2017-05-30T16:38:25.785038321Z: [    0.000000] ACPI: FACS 0x000000003FFE0000 000040
[STDERR  ] 2017-05-30T16:38:25.785043603Z: [    0.000000] ACPI: APIC 0x000000003FFE2318 000078 (v01 BOCHS  BXPCAPIC 00000001 BXPC 00000001)
[STDERR  ] 2017-05-30T16:38:25.785058121Z: [    0.000000] ACPI: HPET 0x000000003FFE2390 000038 (v01 BOCHS  BXPCHPET 00000001 BXPC 00000001)
[STDERR  ] 2017-05-30T16:38:25.785067331Z: [    0.000000] ACPI: MCFG 0x000000003FFE23C8 00003C (v01 BOCHS  BXPCMCFG 00000001 BXPC 00000001)
[STDERR  ] 2017-05-30T16:38:25.785086103Z: [    0.000000] Zone ranges:
[STDERR  ] 2017-05-30T16:38:25.785091365Z: [    0.000000]   DMA      [mem 0x0000000000001000-0x0000000000ffffff]
[STDERR  ] 2017-05-30T16:38:25.785104298Z: [    0.000000]   DMA32    [mem 0x0000000001000000-0x000000003ffdefff]
[STDERR  ] 2017-05-30T16:38:25.785108735Z: [    0.000000]   Normal   empty
[STDERR  ] 2017-05-30T16:38:25.785123752Z: [    0.000000] Movable zone start for each node
[STDERR  ] 2017-05-30T16:38:25.785130602Z: [    0.000000] Early memory node ranges
[STDERR  ] 2017-05-30T16:38:25.785135833Z: [    0.000000]   node   0: [mem 0x0000000000001000-0x000000000009efff]
[STDERR  ] 2017-05-30T16:38:25.785145301Z: [    0.000000]   node   0: [mem 0x0000000000100000-0x000000003ffdefff]
[STDERR  ] 2017-05-30T16:38:25.785147915Z: [    0.000000] Initmem setup node 0 [mem 0x0000000000001000-0x000000003ffdefff]
[STDERR  ] 2017-05-30T16:38:25.785155591Z: [    0.000000] ACPI: PM-Timer IO Port: 0x608
[STDERR  ] 2017-05-30T16:38:25.785160933Z: [    0.000000] ACPI: LAPIC_NMI (acpi_id[0xff] dfl dfl lint[0x1])
[STDERR  ] 2017-05-30T16:38:25.785166242Z: [    0.000000] IOAPIC[0]: apic_id 0, version 32, address 0xfec00000, GSI 0-23
[STDERR  ] 2017-05-30T16:38:25.785168861Z: [    0.000000] ACPI: INT_SRC_OVR (bus 0 bus_irq 0 global_irq 2 dfl dfl)
[STDERR  ] 2017-05-30T16:38:25.785176605Z: [    0.000000] ACPI: INT_SRC_OVR (bus 0 bus_irq 5 global_irq 5 high level)
[STDERR  ] 2017-05-30T16:38:25.785183226Z: [    0.000000] ACPI: INT_SRC_OVR (bus 0 bus_irq 9 global_irq 9 high level)
[STDERR  ] 2017-05-30T16:38:25.785194622Z: [    0.000000] ACPI: INT_SRC_OVR (bus 0 bus_irq 10 global_irq 10 high level)
[STDERR  ] 2017-05-30T16:38:25.785203561Z: [    0.000000] ACPI: INT_SRC_OVR (bus 0 bus_irq 11 global_irq 11 high level)
[STDERR  ] 2017-05-30T16:38:25.785212058Z: [    0.000000] Using ACPI (MADT) for SMP configuration information
[STDERR  ] 2017-05-30T16:38:25.785217371Z: [    0.000000] ACPI: HPET id: 0x8086a201 base: 0xfed00000
[STDERR  ] 2017-05-30T16:38:25.785222618Z: [    0.000000] smpboot: Allowing 1 CPUs, 0 hotplug CPUs
[STDERR  ] 2017-05-30T16:38:25.785227619Z: [    0.000000] e820: [mem 0x40000000-0xafffffff] available for PCI devices
[STDERR  ] 2017-05-30T16:38:25.785232891Z: [    0.000000] Booting paravirtualized kernel on bare hardware
[STDERR  ] 2017-05-30T16:38:25.785241516Z: [    0.000000] clocksource: refined-jiffies: mask: 0xffffffff max_cycles: 0xffffffff, max_idle_ns: 19112604462750000 ns
[STDERR  ] 2017-05-30T16:38:25.785246706Z: [    0.000000] setup_percpu: NR_CPUS:128 nr_cpumask_bits:128 nr_cpu_ids:1 nr_node_ids:1
[STDERR  ] 2017-05-30T16:38:25.785251781Z: [    0.000000] PERCPU: Embedded 33 pages/cpu @ffff88003de00000 s95960 r8192 d31016 u2097152
[STDERR  ] 2017-05-30T16:38:25.785254483Z: [    0.000000] Built 1 zonelists in Zone order, mobility grouping on.  Total pages: 257896
[STDERR  ] 2017-05-30T16:38:25.785263961Z: [    0.000000] Kernel command line: console=ttyS0
[STDERR  ] 2017-05-30T16:38:25.785268973Z: [    0.000000] PID hash table entries: 4096 (order: 3, 32768 bytes)
[STDERR  ] 2017-05-30T16:38:25.785271596Z: [    0.000000] Dentry cache hash table entries: 131072 (order: 8, 1048576 bytes)
[STDERR  ] 2017-05-30T16:38:25.785279191Z: [    0.000000] Inode-cache hash table entries: 65536 (order: 7, 524288 bytes)
[STDERR  ] 2017-05-30T16:38:25.785287748Z: [    0.000000] Memory: 979488K/1048052K available (8943K kernel code, 1467K rwdata, 3088K rodata, 1372K init, 728K bss, 68564K reserved, 0K cma-reserved)
[STDERR  ] 2017-05-30T16:38:25.785293186Z: [    0.000000] Hierarchical RCU implementation.
[STDERR  ] 2017-05-30T16:38:25.785298296Z: [    0.000000] 	Build-time adjustment of leaf fanout to 64.
[STDERR  ] 2017-05-30T16:38:25.785300952Z: [    0.000000] 	RCU restricting CPUs from NR_CPUS=128 to nr_cpu_ids=1.
[STDERR  ] 2017-05-30T16:38:25.785305879Z: [    0.000000] RCU: Adjusting geometry for rcu_fanout_leaf=64, nr_cpu_ids=1
[STDERR  ] 2017-05-30T16:38:25.785318579Z: [    0.000000] NR_IRQS:8448 nr_irqs:256 16
[STDERR  ] 2017-05-30T16:38:25.785321443Z: [    0.000000] Console: colour VGA+ 80x25
[STDERR  ] 2017-05-30T16:38:25.785326422Z: [    0.000000] console [ttyS0] enabled
[STDERR  ] 2017-05-30T16:38:25.785334621Z: [    0.000000] clocksource: hpet: mask: 0xffffffff max_cycles: 0xffffffff, max_idle_ns: 19112604467 ns
[STDERR  ] 2017-05-30T16:38:25.785342436Z: [    0.000000] tsc: Fast TSC calibration failed
[STDERR  ] 2017-05-30T16:38:25.785347409Z: [    0.000000] tsc: Unable to calibrate against PIT
[STDERR  ] 2017-05-30T16:38:25.785352481Z: [    0.000000] tsc: using HPET reference calibration
[STDERR  ] 2017-05-30T16:38:25.785360137Z: [    0.000000] tsc: Detected 2600.069 MHz processor
[STDERR  ] 2017-05-30T16:38:25.785365304Z: [    0.052527] Calibrating delay loop (skipped), value calculated using timer frequency.. 5200.13 BogoMIPS (lpj=26000690)
[STDERR  ] 2017-05-30T16:38:25.785370701Z: [    0.055318] pid_max: default: 32768 minimum: 301
[STDERR  ] 2017-05-30T16:38:25.785375644Z: [    0.060646] ACPI: Core revision 20150930
[STDERR  ] 2017-05-30T16:38:25.785380671Z: [    0.110419] ACPI: 1 ACPI AML tables successfully acquired and loaded
[STDERR  ] 2017-05-30T16:38:25.785385881Z: [    0.113376] Security Framework initialized
[STDERR  ] 2017-05-30T16:38:25.785390782Z: [    0.114421] Yama: becoming mindful.
[STDERR  ] 2017-05-30T16:38:25.785395782Z: [    0.120253] Mount-cache hash table entries: 2048 (order: 2, 16384 bytes)
[STDERR  ] 2017-05-30T16:38:25.78540252Z: [    0.121381] Mountpoint-cache hash table entries: 2048 (order: 2, 16384 bytes)
[STDERR  ] 2017-05-30T16:38:25.78540757Z: [    0.141858] Initializing cgroup subsys io
[STDERR  ] 2017-05-30T16:38:25.785416062Z: [    0.143948] Initializing cgroup subsys memory
[STDERR  ] 2017-05-30T16:38:25.785421187Z: [    0.145963] Initializing cgroup subsys devices
[STDERR  ] 2017-05-30T16:38:25.785426324Z: [    0.147219] Initializing cgroup subsys freezer
[STDERR  ] 2017-05-30T16:38:25.785429275Z: [    0.148488] Initializing cgroup subsys net_cls
[STDERR  ] 2017-05-30T16:38:25.785441495Z: [    0.149578] Initializing cgroup subsys perf_event
[STDERR  ] 2017-05-30T16:38:25.785446578Z: [    0.150297] Initializing cgroup subsys net_prio
[STDERR  ] 2017-05-30T16:38:25.785451664Z: [    0.151352] Initializing cgroup subsys hugetlb
[STDERR  ] 2017-05-30T16:38:25.785456621Z: [    0.152432] Initializing cgroup subsys pids
[STDERR  ] 2017-05-30T16:38:25.785459175Z: [    0.157553] Last level iTLB entries: 4KB 0, 2MB 0, 4MB 0
[STDERR  ] 2017-05-30T16:38:25.7854668Z: [    0.160130] Last level dTLB entries: 4KB 0, 2MB 0, 4MB 0, 1GB 0
[STDERR  ] 2017-05-30T16:38:25.78546954Z: [    0.554911] Freeing SMP alternatives memory: 24K (ffffffff8a0c7000 - ffffffff8a0cd000)
[STDERR  ] 2017-05-30T16:38:25.785477221Z: [    0.567188] ftrace: allocating 39282 entries in 154 pages
[STDERR  ] 2017-05-30T16:38:25.78548376Z: [    0.769765] ..TIMER: vector=0x30 apic1=0 pin1=2 apic2=-1 pin2=-1
[STDERR  ] 2017-05-30T16:38:25.785490537Z: [    0.870000] smpboot: CPU0: AMD QEMU Virtual CPU version 2.5+ (family: 0x6, model: 0x6, stepping: 0x3)
[STDERR  ] 2017-05-30T16:38:25.785495684Z: [    0.870000] Performance Events: Broken PMU hardware detected, using software events only.
[STDERR  ] 2017-05-30T16:38:25.78550093Z: [    0.870000] Failed to access perfctr msr (MSR c0010007 is 0)
[STDERR  ] 2017-05-30T16:38:25.78550346Z: [    0.879670] x86: Booted up 1 node, 1 CPUs
[STDERR  ] 2017-05-30T16:38:25.785511098Z: [    0.880315] smpboot: Total of 1 processors activated (5200.13 BogoMIPS)
[STDERR  ] 2017-05-30T16:38:25.78551369Z: [    0.888712] NMI watchdog: disabled (cpu0): hardware events not enabled
[STDERR  ] 2017-05-30T16:38:25.785521001Z: [    0.890876] NMI watchdog: Shutting down hard lockup detector on all cpus
[STDERR  ] 2017-05-30T16:38:25.785526028Z: [    0.903743] devtmpfs: initialized
[STDERR  ] 2017-05-30T16:38:25.785528581Z: [    1.010734] clocksource: jiffies: mask: 0xffffffff max_cycles: 0xffffffff, max_idle_ns: 19112604462750000 ns
[STDERR  ] 2017-05-30T16:38:25.785539174Z: [    1.012333] futex hash table entries: 256 (order: 2, 16384 bytes)
[STDERR  ] 2017-05-30T16:38:25.785544394Z: [    1.025275] NET: Registered protocol family 16
[STDERR  ] 2017-05-30T16:38:25.785549411Z: [    1.033365] cpuidle: using governor ladder
[STDERR  ] 2017-05-30T16:38:25.785552028Z: [    1.034297] cpuidle: using governor menu
[STDERR  ] 2017-05-30T16:38:25.785559402Z: [    1.035977] ACPI: bus type PCI registered
[STDERR  ] 2017-05-30T16:38:25.785567497Z: [    1.039520] PCI: MMCONFIG for domain 0000 [bus 00-ff] at [mem 0xb0000000-0xbfffffff] (base 0xb0000000)
[STDERR  ] 2017-05-30T16:38:25.785572682Z: [    1.040511] PCI: MMCONFIG at [mem 0xb0000000-0xbfffffff] reserved in E820
[STDERR  ] 2017-05-30T16:38:25.785579518Z: [    1.042168] PCI: Using configuration type 1 for base access
[STDERR  ] 2017-05-30T16:38:25.78558211Z: [    1.131441] ACPI: Added _OSI(Module Device)
[STDERR  ] 2017-05-30T16:38:25.785591828Z: [    1.132437] ACPI: Added _OSI(Processor Device)
[STDERR  ] 2017-05-30T16:38:25.785594604Z: [    1.132960] ACPI: Added _OSI(3.0 _SCP Extensions)
[STDERR  ] 2017-05-30T16:38:25.785599602Z: [    1.133563] ACPI: Added _OSI(Processor Aggregator Device)
[STDERR  ] 2017-05-30T16:38:25.785607095Z: [    1.215206] ACPI: Interpreter enabled
[STDERR  ] 2017-05-30T16:38:25.785612138Z: [    1.216486] ACPI: (supports S0 S5)
[STDERR  ] 2017-05-30T16:38:25.785617052Z: [    1.216900] ACPI: Using IOAPIC for interrupt routing
[STDERR  ] 2017-05-30T16:38:25.78562213Z: [    1.219249] PCI: Using host bridge windows from ACPI; if necessary, use "pci=nocrs" and report a bug
[STDERR  ] 2017-05-30T16:38:25.785627147Z: [    1.301520] ACPI: PCI Root Bridge [PCI0] (domain 0000 [bus 00-ff])
[STDERR  ] 2017-05-30T16:38:25.785635178Z: [    1.302972] acpi PNP0A08:00: _OSC: OS supports [ExtendedConfig ASPM ClockPM Segments MSI]
[STDERR  ] 2017-05-30T16:38:25.785640371Z: [    1.310633] acpi PNP0A08:00: _OSC: OS now controls [PCIeHotplug PME PCIeCapability]
[STDERR  ] 2017-05-30T16:38:25.785645412Z: [    1.316085] PCI host bridge to bus 0000:00
[STDERR  ] 2017-05-30T16:38:25.785650435Z: [    1.316910] pci_bus 0000:00: root bus resource [io  0x0000-0x0cf7 window]
[STDERR  ] 2017-05-30T16:38:25.78565326Z: [    1.317576] pci_bus 0000:00: root bus resource [io  0x0d00-0xffff window]
[STDERR  ] 2017-05-30T16:38:25.785660568Z: [    1.318229] pci_bus 0000:00: root bus resource [mem 0x000a0000-0x000bffff window]
[STDERR  ] 2017-05-30T16:38:25.785668175Z: [    1.318945] pci_bus 0000:00: root bus resource [mem 0xc0000000-0xfebfffff window]
[STDERR  ] 2017-05-30T16:38:25.785673338Z: [    1.320112] pci_bus 0000:00: root bus resource [bus 00-ff]
[STDERR  ] 2017-05-30T16:38:25.785678342Z: [    1.426390] pci 0000:00:1f.0: quirk: [io  0x0600-0x067f] claimed by ICH6 ACPI/GPIO/TCO
[STDERR  ] 2017-05-30T16:38:25.785683574Z: [    1.488189] ACPI: PCI Interrupt Link [LNKA] (IRQs 5 *10 11)
[STDERR  ] 2017-05-30T16:38:25.785691034Z: [    1.491062] ACPI: PCI Interrupt Link [LNKB] (IRQs 5 *10 11)
[STDERR  ] 2017-05-30T16:38:25.785696252Z: [    1.493146] ACPI: PCI Interrupt Link [LNKC] (IRQs 5 10 *11)
[STDERR  ] 2017-05-30T16:38:25.785701295Z: [    1.495525] ACPI: PCI Interrupt Link [LNKD] (IRQs 5 10 *11)
[STDERR  ] 2017-05-30T16:38:25.7857039Z: [    1.498046] ACPI: PCI Interrupt Link [LNKE] (IRQs 5 *10 11)
[STDERR  ] 2017-05-30T16:38:25.785708991Z: [    1.500867] ACPI: PCI Interrupt Link [LNKF] (IRQs 5 *10 11)
[STDERR  ] 2017-05-30T16:38:25.78571656Z: [    1.502965] ACPI: PCI Interrupt Link [LNKG] (IRQs 5 10 *11)
[STDERR  ] 2017-05-30T16:38:25.785723762Z: [    1.505025] ACPI: PCI Interrupt Link [LNKH] (IRQs 5 10 *11)
[STDERR  ] 2017-05-30T16:38:25.785728848Z: [    1.506202] ACPI: PCI Interrupt Link [GSIA] (IRQs *16)
[STDERR  ] 2017-05-30T16:38:25.785735483Z: [    1.507150] ACPI: PCI Interrupt Link [GSIB] (IRQs *17)
[STDERR  ] 2017-05-30T16:38:25.785741784Z: [    1.508034] ACPI: PCI Interrupt Link [GSIC] (IRQs *18)
[STDERR  ] 2017-05-30T16:38:25.785749476Z: [    1.509007] ACPI: PCI Interrupt Link [GSID] (IRQs *19)
[STDERR  ] 2017-05-30T16:38:25.78575223Z: [    1.510064] ACPI: PCI Interrupt Link [GSIE] (IRQs *20)
[STDERR  ] 2017-05-30T16:38:25.785757203Z: [    1.511068] ACPI: PCI Interrupt Link [GSIF] (IRQs *21)
[STDERR  ] 2017-05-30T16:38:25.78576465Z: [    1.512016] ACPI: PCI Interrupt Link [GSIG] (IRQs *22)
[STDERR  ] 2017-05-30T16:38:25.785769606Z: [    1.512894] ACPI: PCI Interrupt Link [GSIH] (IRQs *23)
[STDERR  ] 2017-05-30T16:38:25.785772213Z: [    1.517310] ACPI: Enabled 2 GPEs in block 00 to 3F
[STDERR  ] 2017-05-30T16:38:25.785779517Z: [    1.521900] SCSI subsystem initialized
[STDERR  ] 2017-05-30T16:38:25.785784477Z: [    1.525500] pps_core: LinuxPPS API ver. 1 registered
[STDERR  ] 2017-05-30T16:38:25.785789519Z: [    1.526098] pps_core: Software ver. 5.3.6 - Copyright 2005-2007 Rodolfo Giometti <giometti@linux.it>
[STDERR  ] 2017-05-30T16:38:25.785792086Z: [    1.527263] PTP clock support registered
[STDERR  ] 2017-05-30T16:38:25.785799594Z: [    1.528824] wmi: Mapper loaded
[STDERR  ] 2017-05-30T16:38:25.785802183Z: [    1.530399] PCI: Using ACPI for IRQ routing
[STDERR  ] 2017-05-30T16:38:25.785807011Z: [    1.550437] NetLabel: Initializing
[STDERR  ] 2017-05-30T16:38:25.785814411Z: [    1.550929] NetLabel:  domain hash size = 128
[STDERR  ] 2017-05-30T16:38:25.785818623Z: [    1.551360] NetLabel:  protocols = UNLABELED CIPSOv4
[STDERR  ] 2017-05-30T16:38:25.785828701Z: [    1.553442] NetLabel:  unlabeled traffic allowed by default
[STDERR  ] 2017-05-30T16:38:25.785832643Z: [    1.554741] HPET: 3 timers in total, 0 timers will be used for per-cpu timer
[STDERR  ] 2017-05-30T16:38:25.785840366Z: [    1.555862] hpet0: at MMIO 0xfed00000, IRQs 2, 8, 0
[STDERR  ] 2017-05-30T16:38:25.785847997Z: [    1.556509] hpet0: 3 comparators, 64-bit 100.000000 MHz counter
[STDERR  ] 2017-05-30T16:38:25.785853016Z: [    1.563101] amd_nb: Cannot enumerate AMD northbridges
[STDERR  ] 2017-05-30T16:38:25.785857956Z: [    1.564551] clocksource: Switched to clocksource hpet
[STDERR  ] 2017-05-30T16:38:25.785864594Z: [    1.852925] FS-Cache: Loaded
[STDERR  ] 2017-05-30T16:38:25.785869624Z: [    1.858889] CacheFiles: Loaded
[STDERR  ] 2017-05-30T16:38:25.785874721Z: [    1.862200] pnp: PnP ACPI init
[STDERR  ] 2017-05-30T16:38:25.785879671Z: [    1.877551] pnp: PnP ACPI: found 5 devices
[STDERR  ] 2017-05-30T16:38:25.785884756Z: [    1.931467] clocksource: acpi_pm: mask: 0xffffff max_cycles: 0xffffff, max_idle_ns: 2085701024 ns
[STDERR  ] 2017-05-30T16:38:25.785889744Z: [    1.935531] NET: Registered protocol family 2
[STDERR  ] 2017-05-30T16:38:25.785894826Z: [    1.944555] TCP established hash table entries: 8192 (order: 4, 65536 bytes)
[STDERR  ] 2017-05-30T16:38:25.785899896Z: [    1.945983] TCP bind hash table entries: 8192 (order: 5, 131072 bytes)
[STDERR  ] 2017-05-30T16:38:25.785904959Z: [    1.947084] TCP: Hash tables configured (established 8192 bind 8192)
[STDERR  ] 2017-05-30T16:38:25.785909977Z: [    1.949042] UDP hash table entries: 512 (order: 2, 16384 bytes)
[STDERR  ] 2017-05-30T16:38:25.785915076Z: [    1.950800] UDP-Lite hash table entries: 512 (order: 2, 16384 bytes)
[STDERR  ] 2017-05-30T16:38:25.785921784Z: [    1.954315] NET: Registered protocol family 1
[STDERR  ] 2017-05-30T16:38:25.785931976Z: [    1.961150] RPC: Registered named UNIX socket transport module.
[STDERR  ] 2017-05-30T16:38:25.78593704Z: [    1.962531] RPC: Registered udp transport module.
[STDERR  ] 2017-05-30T16:38:25.785939661Z: [    1.963217] RPC: Registered tcp transport module.
[STDERR  ] 2017-05-30T16:38:25.78594979Z: [    1.963683] RPC: Registered tcp NFSv4.1 backchannel transport module.
[STDERR  ] 2017-05-30T16:38:25.785953946Z: [    1.974132] Unpacking initramfs...
[STDERR  ] 2017-05-30T16:38:25.785961497Z: [    8.303607] Freeing initrd memory: 32220K (ffff88003e059000 - ffff88003ffd0000)
[STDERR  ] 2017-05-30T16:38:25.785966466Z: [    8.345753] PCLMULQDQ-NI instructions are not detected.
[STDERR  ] 2017-05-30T16:38:25.78597492Z: [    8.348813] AVX or AES-NI instructions are not detected.
[STDERR  ] 2017-05-30T16:38:25.785979719Z: [    8.351638] CPU feature 'AVX registers' is not supported.
[STDERR  ] 2017-05-30T16:38:25.785990507Z: [    8.354013] CPU feature 'AVX registers' is not supported.
[STDERR  ] 2017-05-30T16:38:25.785998189Z: [    8.355301] CPU feature 'AVX registers' is not supported.
[STDERR  ] 2017-05-30T16:38:25.78600316Z: [    8.356424] CPU feature 'AVX registers' is not supported.
[STDERR  ] 2017-05-30T16:38:25.786008089Z: [    8.357700] AVX2 or AES-NI instructions are not detected.
[STDERR  ] 2017-05-30T16:38:25.786013106Z: [    8.358901] AVX2 instructions are not detected.
[STDERR  ] 2017-05-30T16:38:25.78602104Z: [    8.371926] audit: initializing netlink subsys (disabled)
[STDERR  ] 2017-05-30T16:38:25.786026087Z: [    8.374658] audit: type=2000 audit(1496162264.370:1): initialized
[STDERR  ] 2017-05-30T16:38:25.786031153Z: [    8.389123] HugeTLB registered 2 MB page size, pre-allocated 0 pages
[STDERR  ] 2017-05-30T16:38:25.786036179Z: [    8.397586] VFS: Disk quotas dquot_6.6.0
[STDERR  ] 2017-05-30T16:38:25.786038789Z: [    8.399282] VFS: Dquot-cache hash table entries: 512 (order 0, 4096 bytes)
[STDERR  ] 2017-05-30T16:38:25.78604619Z: [    8.413854] FS-Cache: Netfs 'nfs' registered for caching
[STDERR  ] 2017-05-30T16:38:25.786051273Z: [    8.417666] NFS: Registering the id_resolver key type
[STDERR  ] 2017-05-30T16:38:25.786056271Z: [    8.420814] Key type id_resolver registered
[STDERR  ] 2017-05-30T16:38:25.786058783Z: [    8.421603] Key type id_legacy registered
[STDERR  ] 2017-05-30T16:38:25.786066344Z: [    8.422988] nfs4filelayout_init: NFSv4 File Layout Driver Registering...
[STDERR  ] 2017-05-30T16:38:25.786077597Z: [    8.424849] Installing knfsd (copyright (C) 1996 okir@monad.swb.de).
[STDERR  ] 2017-05-30T16:38:25.786088811Z: [    8.431438] FS-Cache: Netfs 'cifs' registered for caching
[STDERR  ] 2017-05-30T16:38:25.786092291Z: [    8.433732] ntfs: driver 2.1.32 [Flags: R/O].
[STDERR  ] 2017-05-30T16:38:25.786108956Z: [    8.435124] fuse init (API version 7.23)
[STDERR  ] 2017-05-30T16:38:25.7861176Z: [    8.439931] SGI XFS with ACLs, security attributes, no debug enabled
[STDERR  ] 2017-05-30T16:38:25.786121773Z: [    8.445643] 9p: Installing v9fs 9p2000 file system support
[STDERR  ] 2017-05-30T16:38:25.78613262Z: [    8.446963] FS-Cache: Netfs '9p' registered for caching
[STDERR  ] 2017-05-30T16:38:25.786137615Z: [    8.451135] Key type big_key registered
[STDERR  ] 2017-05-30T16:38:25.7861426Z: [    8.513819] NET: Registered protocol family 38
[STDERR  ] 2017-05-30T16:38:25.786145229Z: [    8.515780] Key type asymmetric registered
[STDERR  ] 2017-05-30T16:38:25.786152616Z: [    8.516786] Asymmetric key parser 'x509' registered
[STDERR  ] 2017-05-30T16:38:25.786155185Z: [    8.518623] Block layer SCSI generic (bsg) driver version 0.4 loaded (major 251)
[STDERR  ] 2017-05-30T16:38:25.786162675Z: [    8.522689] io scheduler noop registered
[STDERR  ] 2017-05-30T16:38:25.786167703Z: [    8.523816] io scheduler deadline registered (default)
[STDERR  ] 2017-05-30T16:38:25.786172655Z: [    8.525302] io scheduler cfq registered
[STDERR  ] 2017-05-30T16:38:25.78617762Z: [    8.532277] pci_hotplug: PCI Hot Plug PCI Core version: 0.5
[STDERR  ] 2017-05-30T16:38:25.786182295Z: [    8.533908] pciehp: PCI Express Hot Plug Controller Driver version: 0.4
[STDERR  ] 2017-05-30T16:38:25.786191856Z: [    8.536165] shpchp: Standard Hot Plug PCI Controller Driver version: 0.4
[STDERR  ] 2017-05-30T16:38:25.78619951Z: [    8.538441] hv_vmbus: registering driver hyperv_fb
[STDERR  ] 2017-05-30T16:38:25.78620446Z: [    8.545281] input: Power Button as /devices/LNXSYSTM:00/LNXPWRBN:00/input/input0
[STDERR  ] 2017-05-30T16:38:25.786209465Z: [    8.547863] ACPI: Power Button [PWRF]
[STDERR  ] 2017-05-30T16:38:25.786212078Z: [    8.557919] GHES: HEST is not enabled!
[STDERR  ] 2017-05-30T16:38:25.78621952Z: [    8.578764] ACPI: PCI Interrupt Link [GSIH] enabled at IRQ 23
[STDERR  ] 2017-05-30T16:38:25.786222088Z: [    8.590097] xenfs: not registering filesystem on non-xen platform
[STDERR  ] 2017-05-30T16:38:25.786232833Z: [    8.595423] Serial: 8250/16550 driver, 4 ports, IRQ sharing disabled
[STDERR  ] 2017-05-30T16:38:25.786238618Z: [    8.626218] 00:04: ttyS0 at I/O 0x3f8 (irq = 4, base_baud = 115200) is a 16550A
[STDERR  ] 2017-05-30T16:38:25.78624652Z: [    8.640586] Initializing Nozomi driver 2.1d
[STDERR  ] 2017-05-30T16:38:25.786251658Z: [    8.649012] Non-volatile memory driver v1.3
[STDERR  ] 2017-05-30T16:38:25.786254142Z: [    8.660629] Hangcheck: starting hangcheck timer 0.9.1 (tick is 180 seconds, margin is 60 seconds).
[STDERR  ] 2017-05-30T16:38:25.786261846Z: [    8.733588] loop: module loaded
[STDERR  ] 2017-05-30T16:38:25.78626449Z: [    8.755272] nbd: registered device at major 43
[STDERR  ] 2017-05-30T16:38:25.786269439Z: [    8.830969] lpc_ich 0000:00:1f.0: I/O space for GPIO uninitialized
[STDERR  ] 2017-05-30T16:38:25.786276995Z: [    8.834974] VMware PVSCSI driver - version 1.0.5.0-k
[STDERR  ] 2017-05-30T16:38:25.786281233Z: [    8.836964] hv_vmbus: registering driver hv_storvsc
[STDERR  ] 2017-05-30T16:38:25.78628617Z: [    8.856772] ACPI: PCI Interrupt Link [GSIA] enabled at IRQ 16
[STDERR  ] 2017-05-30T16:38:25.786296098Z: [    8.867788] ahci 0000:00:1f.2: AHCI 0001.0000 32 slots 6 ports 1.5 Gbps 0x3f impl SATA mode
[STDERR  ] 2017-05-30T16:38:25.786301333Z: [    8.869735] ahci 0000:00:1f.2: flags: 64bit ncq only 
[STDERR  ] 2017-05-30T16:38:25.786306318Z: [    8.908810] scsi host0: ahci
[STDERR  ] 2017-05-30T16:38:25.786313675Z: [    8.915143] scsi host1: ahci
[STDERR  ] 2017-05-30T16:38:25.786318695Z: [    8.919919] scsi host2: ahci
[STDERR  ] 2017-05-30T16:38:25.786321298Z: [    8.924996] scsi host3: ahci
[STDERR  ] 2017-05-30T16:38:25.786330985Z: [    8.929510] scsi host4: ahci
[STDERR  ] 2017-05-30T16:38:25.786338796Z: [    8.934399] scsi host5: ahci
[STDERR  ] 2017-05-30T16:38:25.78634133Z: [    8.938062] ata1: SATA max UDMA/133 abar m4096@0xfebf1000 port 0xfebf1100 irq 24
[STDERR  ] 2017-05-30T16:38:25.786348905Z: [    8.939533] ata2: SATA max UDMA/133 abar m4096@0xfebf1000 port 0xfebf1180 irq 24
[STDERR  ] 2017-05-30T16:38:25.786353909Z: [    8.941172] ata3: SATA max UDMA/133 abar m4096@0xfebf1000 port 0xfebf1200 irq 24
[STDERR  ] 2017-05-30T16:38:25.786360382Z: [    8.942269] ata4: SATA max UDMA/133 abar m4096@0xfebf1000 port 0xfebf1280 irq 24
[STDERR  ] 2017-05-30T16:38:25.786365493Z: [    8.943467] ata5: SATA max UDMA/133 abar m4096@0xfebf1000 port 0xfebf1300 irq 24
[STDERR  ] 2017-05-30T16:38:25.786370465Z: [    8.944537] ata6: SATA max UDMA/133 abar m4096@0xfebf1000 port 0xfebf1380 irq 24
[STDERR  ] 2017-05-30T16:38:25.786375435Z: [    8.964140] Ethernet Channel Bonding Driver: v3.7.1 (April 27, 2011)
[STDERR  ] 2017-05-30T16:38:25.786378072Z: [    8.997783] tun: Universal TUN/TAP device driver, 1.6
[STDERR  ] 2017-05-30T16:38:25.786383013Z: [    8.998967] tun: (C) 1999-2004 Max Krasnyansky <maxk@qualcomm.com>
[STDERR  ] 2017-05-30T16:38:25.786390469Z: [    9.003256] e1000: Intel(R) PRO/1000 Network Driver - version 7.3.21-k8-NAPI
[STDERR  ] 2017-05-30T16:38:25.786395456Z: [    9.004412] e1000: Copyright (c) 1999-2006 Intel Corporation.
[STDERR  ] 2017-05-30T16:38:25.786404746Z: [    9.019404] ACPI: PCI Interrupt Link [GSIG] enabled at IRQ 22
[STDERR  ] 2017-05-30T16:38:25.786407389Z: [    9.300889] tsc: Refined TSC clocksource calibration: 2600.011 MHz
[STDERR  ] 2017-05-30T16:38:25.78641231Z: [    9.302700] clocksource: tsc: mask: 0xffffffffffffffff max_cycles: 0x257a467bc33, max_idle_ns: 440795240849 ns
[STDERR  ] 2017-05-30T16:38:25.78642154Z: [    9.344826] e1000 0000:00:02.0 eth0: (PCI:33MHz:32-bit) 52:54:00:12:34:56
[STDERR  ] 2017-05-30T16:38:25.786424173Z: [    9.346284] e1000 0000:00:02.0 eth0: Intel(R) PRO/1000 Network Connection
[STDERR  ] 2017-05-30T16:38:25.78643147Z: [    9.347538] e1000e: Intel(R) PRO/1000 Network Driver - 3.2.6-k
[STDERR  ] 2017-05-30T16:38:25.786439206Z: [    9.348119] e1000e: Copyright(c) 1999 - 2015 Intel Corporation.
[STDERR  ] 2017-05-30T16:38:25.786446732Z: [    9.349221] igb: Intel(R) Gigabit Ethernet Network Driver - version 5.3.0-k
[STDERR  ] 2017-05-30T16:38:25.786451962Z: [    9.350830] igb: Copyright (c) 2007-2014 Intel Corporation.
[STDERR  ] 2017-05-30T16:38:25.786456768Z: [    9.352546] igbvf: Intel(R) Gigabit Virtual Function Network Driver - version 2.0.2-k
[STDERR  ] 2017-05-30T16:38:25.786464335Z: [    9.353603] igbvf: Copyright (c) 2009 - 2012 Intel Corporation.
[STDERR  ] 2017-05-30T16:38:25.786469445Z: [    9.355008] ixgbe: Intel(R) 10 Gigabit PCI Express Network Driver - version 4.2.1-k
[STDERR  ] 2017-05-30T16:38:25.786474499Z: [    9.356100] ixgbe: Copyright (c) 1999-2015 Intel Corporation.
[STDERR  ] 2017-05-30T16:38:25.786478522Z: [    9.357831] ixgbevf: Intel(R) 10 Gigabit PCI Express Virtual Function Network Driver - version 2.12.1-k
[STDERR  ] 2017-05-30T16:38:25.786486316Z: [    9.358981] ixgbevf: Copyright (c) 2009 - 2012 Intel Corporation.
[STDERR  ] 2017-05-30T16:38:25.786493398Z: [    9.360637] ixgb: Intel(R) PRO/10GbE Network Driver - version 1.0.135-k2-NAPI
[STDERR  ] 2017-05-30T16:38:25.786498437Z: [    9.361462] ixgb: Copyright (c) 1999-2008 Intel Corporation.
[STDERR  ] 2017-05-30T16:38:25.786501027Z: [    9.363444] PPP generic driver version 2.4.2
[STDERR  ] 2017-05-30T16:38:25.786505967Z: [    9.365870] PPP BSD Compression module registered
[STDERR  ] 2017-05-30T16:38:25.786513564Z: [    9.366621] PPP Deflate Compression module registered
[STDERR  ] 2017-05-30T16:38:25.786516185Z: [    9.367407] PPP MPPE Compression module registered
[STDERR  ] 2017-05-30T16:38:25.786521078Z: [    9.367962] NET: Registered protocol family 24
[STDERR  ] 2017-05-30T16:38:25.786528517Z: [    9.368877] PPTP driver version 0.8.5
[STDERR  ] 2017-05-30T16:38:25.786531172Z: [    9.370974] VMware vmxnet3 virtual NIC driver - version 1.4.5.0-k-NAPI
[STDERR  ] 2017-05-30T16:38:25.786541114Z: [    9.372235] hv_vmbus: registering driver hv_netvsc
[STDERR  ] 2017-05-30T16:38:25.786543671Z: [    9.372723] Fusion MPT base driver 3.04.20
[STDERR  ] 2017-05-30T16:38:25.786551144Z: [    9.373121] Copyright (c) 1999-2008 LSI Corporation
[STDERR  ] 2017-05-30T16:38:25.786558545Z: [    9.373984] Fusion MPT SPI Host driver 3.04.20
[STDERR  ] 2017-05-30T16:38:25.786563708Z: [    9.381372] aoe: AoE v85 initialised.
[STDERR  ] 2017-05-30T16:38:25.786568685Z: [    9.385219] i8042: PNP: PS/2 Controller [PNP0303:KBD,PNP0f13:MOU] at 0x60,0x64 irq 1,12
[STDERR  ] 2017-05-30T16:38:25.786573679Z: [    9.391261] serio: i8042 KBD port at 0x60,0x64 irq 1
[STDERR  ] 2017-05-30T16:38:25.786577822Z: [    9.392502] serio: i8042 AUX port at 0x60,0x64 irq 12
[STDERR  ] 2017-05-30T16:38:25.786585205Z: [    9.395972] hv_vmbus: registering driver hyperv_keyboard
[STDERR  ] 2017-05-30T16:38:25.786591794Z: [    9.399806] mousedev: PS/2 mouse device common for all mice
[STDERR  ] 2017-05-30T16:38:25.786594335Z: [    9.406948] input: AT Translated Set 2 keyboard as /devices/platform/i8042/serio0/input/input1
[STDERR  ] 2017-05-30T16:38:25.786601858Z: [    9.411025] ata1: SATA link down (SStatus 0 SControl 300)
[STDERR  ] 2017-05-30T16:38:25.786606911Z: [    9.413519] ata2: SATA link down (SStatus 0 SControl 300)
[STDERR  ] 2017-05-30T16:38:25.786611964Z: [    9.414663] ata3: SATA link up 1.5 Gbps (SStatus 113 SControl 300)
[STDERR  ] 2017-05-30T16:38:25.786619365Z: [    9.418406] ata3.00: ATAPI: QEMU DVD-ROM, 2.5+, max UDMA/100
[STDERR  ] 2017-05-30T16:38:25.786624435Z: [    9.419464] ata3.00: applying bridge limits
[STDERR  ] 2017-05-30T16:38:25.786629452Z: [    9.421980] ata4: SATA link down (SStatus 0 SControl 300)
[STDERR  ] 2017-05-30T16:38:25.786634402Z: [    9.422997] ata5: SATA link down (SStatus 0 SControl 300)
[STDERR  ] 2017-05-30T16:38:25.786639367Z: [    9.423778] ata6: SATA link down (SStatus 0 SControl 300)
[STDERR  ] 2017-05-30T16:38:25.786646849Z: [    9.425677] input: PC Speaker as /devices/platform/pcspkr/input/input2
[STDERR  ] 2017-05-30T16:38:25.786651854Z: [    9.430636] ata3.00: configured for UDMA/100
[STDERR  ] 2017-05-30T16:38:25.786661344Z: [    9.435726] rtc_cmos 00:00: RTC can wake from S4
[STDERR  ] 2017-05-30T16:38:25.786671079Z: [    9.452778] rtc_cmos 00:00: rtc core: registered rtc_cmos as rtc0
[STDERR  ] 2017-05-30T16:38:25.786676307Z: [    9.454835] rtc_cmos 00:00: alarms up to one day, y3k, 114 bytes nvram, hpet irqs
[STDERR  ] 2017-05-30T16:38:25.786678947Z: [    9.456257] i2c /dev entries driver
[STDERR  ] 2017-05-30T16:38:25.786686382Z: [    9.458723] scsi 2:0:0:0: CD-ROM            QEMU     QEMU DVD-ROM     2.5+ PQ: 0 ANSI: 5
[STDERR  ] 2017-05-30T16:38:25.786691471Z: [    9.466604] device-mapper: ioctl: 4.34.0-ioctl (2015-10-28) initialised: dm-devel@redhat.com
[STDERR  ] 2017-05-30T16:38:25.786696517Z: [    9.474550] hv_utils: Registering HyperV Utility Driver
[STDERR  ] 2017-05-30T16:38:25.786701558Z: [    9.475180] hv_vmbus: registering driver hv_util
[STDERR  ] 2017-05-30T16:38:25.786706507Z: [    9.475706] hv_vmbus: registering driver hv_balloon
[STDERR  ] 2017-05-30T16:38:25.786709054Z: [    9.476581] oprofile: using NMI interrupt.
[STDERR  ] 2017-05-30T16:38:25.786716518Z: [    9.478535] sr 2:0:0:0: [sr0] scsi3-mmc drive: 4x/4x cd/rw xa/form2 tray
[STDERR  ] 2017-05-30T16:38:25.786721447Z: [    9.479519] cdrom: Uniform CD-ROM driver Revision: 3.20
[STDERR  ] 2017-05-30T16:38:25.786726434Z: [    9.485366] GACT probability on
[STDERR  ] 2017-05-30T16:38:25.786731341Z: [    9.486154] Mirror/redirect action on
[STDERR  ] 2017-05-30T16:38:25.786736281Z: [    9.486772] Simple TC action Loaded
[STDERR  ] 2017-05-30T16:38:25.786742925Z: [    9.492130] sr 2:0:0:0: Attached scsi generic sg0 type 5
[STDERR  ] 2017-05-30T16:38:25.786745575Z: [    9.494804] netem: version 1.3
[STDERR  ] 2017-05-30T16:38:25.786750568Z: [    9.495419] u32 classifier
[STDERR  ] 2017-05-30T16:38:25.786757987Z: [    9.495759]     Performance counters on
[STDERR  ] 2017-05-30T16:38:25.786766901Z: [    9.496141]     input device check on
[STDERR  ] 2017-05-30T16:38:25.786771828Z: [    9.496501]     Actions configured
[STDERR  ] 2017-05-30T16:38:25.786776808Z: [    9.497512] Netfilter messages via NETLINK v0.30.
[STDERR  ] 2017-05-30T16:38:25.786781697Z: [    9.498532] nfnl_acct: registering with nfnetlink.
[STDERR  ] 2017-05-30T16:38:25.786784285Z: [    9.499827] nf_conntrack version 0.5.0 (7904 buckets, 31616 max)
[STDERR  ] 2017-05-30T16:38:25.786789177Z: [    9.504699] ctnetlink v0.93: registering with nfnetlink.
[STDERR  ] 2017-05-30T16:38:25.786798145Z: [    9.508921] nf_tables: (c) 2007-2009 Patrick McHardy <kaber@trash.net>
[STDERR  ] 2017-05-30T16:38:25.786803215Z: [    9.510782] nf_tables_compat: (c) 2012 Pablo Neira Ayuso <pablo@netfilter.org>
[STDERR  ] 2017-05-30T16:38:25.786805804Z: [    9.515287] xt_time: kernel timezone is -0000
[STDERR  ] 2017-05-30T16:38:25.786810688Z: [    9.516530] ip_set: protocol 6
[STDERR  ] 2017-05-30T16:38:25.786818157Z: [    9.517574] IPVS: Registered protocols (TCP, UDP, SCTP, AH, ESP)
[STDERR  ] 2017-05-30T16:38:25.786825177Z: [    9.518596] IPVS: Connection hash table configured (size=4096, memory=64Kbytes)
[STDERR  ] 2017-05-30T16:38:25.786830114Z: [    9.521342] IPVS: Creating netns size=2096 id=0
[STDERR  ] 2017-05-30T16:38:25.786835154Z: [    9.524879] IPVS: ipvs loaded.
[STDERR  ] 2017-05-30T16:38:25.786840097Z: [    9.525920] IPVS: [rr] scheduler registered.
[STDERR  ] 2017-05-30T16:38:25.786845041Z: [    9.526605] IPVS: [wrr] scheduler registered.
[STDERR  ] 2017-05-30T16:38:25.786849975Z: [    9.527164] IPVS: [lc] scheduler registered.
[STDERR  ] 2017-05-30T16:38:25.786852632Z: [    9.527657] IPVS: [wlc] scheduler registered.
[STDERR  ] 2017-05-30T16:38:25.786865974Z: [    9.528290] IPVS: [fo] scheduler registered.
[STDERR  ] 2017-05-30T16:38:25.786868702Z: [    9.528728] IPVS: [ovf] scheduler registered.
[STDERR  ] 2017-05-30T16:38:25.786876136Z: [    9.529677] IPVS: [lblc] scheduler registered.
[STDERR  ] 2017-05-30T16:38:25.786878681Z: [    9.530978] IPVS: [lblcr] scheduler registered.
[STDERR  ] 2017-05-30T16:38:25.786890297Z: [    9.531477] IPVS: [dh] scheduler registered.
[STDERR  ] 2017-05-30T16:38:25.786899103Z: [    9.532019] IPVS: [sh] scheduler registered.
[STDERR  ] 2017-05-30T16:38:25.786912308Z: [    9.532507] IPVS: [sed] scheduler registered.
[STDERR  ] 2017-05-30T16:38:25.786920897Z: [    9.532967] IPVS: [nq] scheduler registered.
[STDERR  ] 2017-05-30T16:38:25.786926377Z: [    9.534043] IPVS: ftp: loaded support on port[0] = 21
[STDERR  ] 2017-05-30T16:38:25.786934041Z: [    9.535268] ipip: IPv4 over IPv4 tunneling driver
[STDERR  ] 2017-05-30T16:38:25.786936663Z: [    9.539571] gre: GRE over IPv4 demultiplexor driver
[STDERR  ] 2017-05-30T16:38:25.786941524Z: [    9.541318] ip_gre: GRE over IPv4 tunneling driver
[STDERR  ] 2017-05-30T16:38:25.786948974Z: [    9.549532] IPv4 over IPsec tunneling driver
[STDERR  ] 2017-05-30T16:38:25.786953931Z: [    9.557228] ip_tables: (C) 2000-2006 Netfilter Core Team
[STDERR  ] 2017-05-30T16:38:25.78695907Z: [    9.561542] ipt_CLUSTERIP: ClusterIP Version 0.8 loaded successfully
[STDERR  ] 2017-05-30T16:38:25.786961658Z: [    9.562904] arp_tables: (C) 2002 David S. Miller
[STDERR  ] 2017-05-30T16:38:25.78696822Z: [    9.565825] Initializing XFRM netlink socket
[STDERR  ] 2017-05-30T16:38:25.786975704Z: [    9.567496] NET: Registered protocol family 10
[STDERR  ] 2017-05-30T16:38:25.786980648Z: [    9.581692] mip6: Mobile IPv6
[STDERR  ] 2017-05-30T16:38:25.786983257Z: [    9.582577] ip6_tables: (C) 2000-2006 Netfilter Core Team
[STDERR  ] 2017-05-30T16:38:25.786990611Z: [    9.593328] sit: IPv6 over IPv4 tunneling driver
[STDERR  ] 2017-05-30T16:38:25.786995536Z: [    9.603475] ip6_gre: GRE over IPv6 tunneling driver
[STDERR  ] 2017-05-30T16:38:25.787000457Z: [    9.608241] NET: Registered protocol family 17
[STDERR  ] 2017-05-30T16:38:25.787004633Z: [    9.609516] NET: Registered protocol family 15
[STDERR  ] 2017-05-30T16:38:25.787013006Z: [    9.611333] bridge: automatic filtering via arp/ip/ip6tables has been deprecated. Update your scripts to load br_netfilter if you need this.
[STDERR  ] 2017-05-30T16:38:25.787021493Z: [    9.613625] Bridge firewalling registered
[STDERR  ] 2017-05-30T16:38:25.787026514Z: [    9.614724] Ebtables v2.0 registered
[STDERR  ] 2017-05-30T16:38:25.787034231Z: [    9.619476] l2tp_core: L2TP core driver, V2.0
[STDERR  ] 2017-05-30T16:38:25.78703924Z: [    9.620683] l2tp_ppp: PPPoL2TP kernel driver, V2.0
[STDERR  ] 2017-05-30T16:38:25.787041831Z: [    9.621215] 8021q: 802.1Q VLAN Support v1.8
[STDERR  ] 2017-05-30T16:38:25.787046693Z: [    9.622997] 9pnet: Installing 9P2000 support
[STDERR  ] 2017-05-30T16:38:25.787056428Z: [    9.624164] Key type dns_resolver registered
[STDERR  ] 2017-05-30T16:38:25.787061461Z: [    9.624788] openvswitch: Open vSwitch switching datapath
[STDERR  ] 2017-05-30T16:38:25.78706805Z: [    9.627807] hv_sock: failed to load: VMBus 4 or later is required
[STDERR  ] 2017-05-30T16:38:25.787076287Z: [    9.628637] mpls_gso: MPLS GSO support
[STDERR  ] 2017-05-30T16:38:25.787083908Z: [    9.629484] microcode: AMD CPU family 0x6 not supported
[STDERR  ] 2017-05-30T16:38:25.787088957Z: [    9.634759] registered taskstats version 1
[STDERR  ] 2017-05-30T16:38:25.787096597Z: [    9.798854] Key type encrypted registered
[STDERR  ] 2017-05-30T16:38:25.787103087Z: [    9.806230] rtc_cmos 00:00: setting system clock to 2017-05-30 16:37:46 UTC (1496162266)
[STDERR  ] 2017-05-30T16:38:25.787105791Z: [    9.985795] Freeing unused kernel memory: 1372K (ffffffff89f70000 - ffffffff8a0c7000)
[STDERR  ] 2017-05-30T16:38:25.787110843Z: [    9.987193] Write protecting the kernel read-only data: 14336k
[STDERR  ] 2017-05-30T16:38:25.787118374Z: [   10.012878] Freeing unused kernel memory: 1284K (ffff8800098bf000 - ffff880009a00000)
[STDERR  ] 2017-05-30T16:38:25.787123351Z: [   10.175062] Freeing unused kernel memory: 1008K (ffff880009d04000 - ffff880009e00000)
[STDERR  ] 2017-05-30T16:38:25.787125957Z: [   10.311833] clocksource: Switched to clocksource tsc
[STDERR  ] 2017-05-30T16:38:25.787130884Z: 
[STDERR  ] 2017-05-30T16:38:25.78714146Z: Welcome to LinuxKit
[STDERR  ] 2017-05-30T16:38:25.787146498Z: 
[STDERR  ] 2017-05-30T16:38:25.787151506Z:                         ##         .
[STDERR  ] 2017-05-30T16:38:25.787159443Z:                   ## ## ##        ==
[STDERR  ] 2017-05-30T16:38:25.787164604Z:                ## ## ## ## ##    ===
[STDERR  ] 2017-05-30T16:38:25.787169686Z:            /"""""""""""""""""\___/ ===
[STDERR  ] 2017-05-30T16:38:25.787174588Z:       ~~~ {~~ ~~~~ ~~~ ~~~~ ~~~ ~ /  ===- ~~~
[STDERR  ] 2017-05-30T16:38:25.787179653Z:            \______ o           __/
[STDERR  ] 2017-05-30T16:38:25.787192627Z:              \    \         __/
[STDERR  ] 2017-05-30T16:38:25.787197154Z:               \____\_______/
[STDERR  ] 2017-05-30T16:38:25.787205248Z: 
[STDERR  ] 2017-05-30T16:38:25.787217486Z: 
[STDERR  ] 2017-05-30T16:38:25.787225428Z: 
[STDERR  ] 2017-05-30T16:38:25.787233473Z: Starting containerd
[STDERR  ] 2017-05-30T16:38:25.787246293Z: / # [6n[34mINFO[0m[0000] starting containerd boot...                   [34mmodule[0m=containerd
[STDERR  ] 2017-05-30T16:38:25.78725519Z: [34mINFO[0m[0000] starting debug API...                         [34mdebug[0m="/run/containerd/debug.sock" [34mmodule[0m=containerd
[STDERR  ] 2017-05-30T16:38:25.787263086Z: [34mINFO[0m[0000] loading monitor plugin "cgroups"...           [34mmodule[0m=containerd
[STDERR  ] 2017-05-30T16:38:25.787271082Z: [34mINFO[0m[0000] loading runtime plugin "linux"...             [34mmodule[0m=containerd
[STDERR  ] 2017-05-30T16:38:25.787283896Z: [34mINFO[0m[0000] loading snapshot plugin "snapshot-overlay"...  [34mmodule[0m=containerd
[STDERR  ] 2017-05-30T16:38:25.78729156Z: [34mINFO[0m[0000] loading grpc service plugin "healthcheck-grpc"...  [34mmodule[0m=containerd
[STDERR  ] 2017-05-30T16:38:25.787300227Z: [34mINFO[0m[0000] loading grpc service plugin "metrics-grpc"...  [34mmodule[0m=containerd
[STDERR  ] 2017-05-30T16:38:25.787304667Z: [34mINFO[0m[0000] loading grpc service plugin "version-grpc"...  [34mmodule[0m=containerd
[STDERR  ] 2017-05-30T16:38:25.787323086Z: [34mINFO[0m[0000] loading grpc service plugin "content-grpc"...  [34mmodule[0m=containerd
[STDERR  ] 2017-05-30T16:38:25.78733218Z: [34mINFO[0m[0000] loading grpc service plugin "diff-grpc"...    [34mmodule[0m=containerd
[STDERR  ] 2017-05-30T16:38:25.787336589Z: [34mINFO[0m[0000] loading grpc service plugin "runtime-grpc"...  [34mmodule[0m=containerd
[STDERR  ] 2017-05-30T16:38:25.787348363Z: [34mINFO[0m[0000] loading grpc service plugin "images-grpc"...  [34mmodule[0m=containerd
[STDERR  ] 2017-05-30T16:38:25.787353592Z: [34mINFO[0m[0000] loading grpc service plugin "snapshots-grpc"...  [34mmodule[0m=containerd
[STDERR  ] 2017-05-30T16:38:25.78735629Z: [34mINFO[0m[0000] starting GRPC API server...                   [34mmodule[0m=containerd
[STDERR  ] 2017-05-30T16:38:25.787363802Z: [34mINFO[0m[0000] starting metrics API...                       [34mmetrics[0m=":13337" [34mmodule[0m=containerd
[STDERR  ] 2017-05-30T16:38:25.787367919Z: [34mINFO[0m[0000] containerd successfully booted in 0.227292s   [34mmodule[0m=containerd
[STDERR  ] 2017-05-30T16:38:25.787375749Z: starting kernel config sanity test with /proc/config.gz
[STDERR  ] 2017-05-30T16:38:25.787380796Z: kernel config test succeeded!
[STDERR  ] 2017-05-30T16:38:25.787383442Z: [37minfo: reading kernel config from /proc/config.gz ...[m
[STDERR  ] 2017-05-30T16:38:25.787388389Z: 
[STDERR  ] 2017-05-30T16:38:25.787395959Z: Generally Necessary:
[STDERR  ] 2017-05-30T16:38:25.787398569Z: - [37mcgroup hierarchy[m: [32mproperly mounted[m [/sys/fs/cgroup]
[STDERR  ] 2017-05-30T16:38:25.787406106Z: - [37mCONFIG_NAMESPACES[m: [32menabled[m
[STDERR  ] 2017-05-30T16:38:25.787411083Z: - [37mCONFIG_NET_NS[m: [32menabled[m
[STDERR  ] 2017-05-30T16:38:25.787413549Z: - [37mCONFIG_PID_NS[m: [32menabled[m
[STDERR  ] 2017-05-30T16:38:25.787422632Z: - [37mCONFIG_IPC_NS[m: [32menabled[m
[STDERR  ] 2017-05-30T16:38:25.78742757Z: - [37mCONFIG_UTS_NS[m: [32menabled[m
[STDERR  ] 2017-05-30T16:38:25.787432555Z: - [37mCONFIG_CGROUPS[m: [32menabled[m
[STDERR  ] 2017-05-30T16:38:25.78743514Z: - [37mCONFIG_CGROUP_CPUACCT[m: [32menabled[m
[STDERR  ] 2017-05-30T16:38:25.787447577Z: - [37mCONFIG_CGROUP_DEVICE[m: [32menabled[m
[STDERR  ] 2017-05-30T16:38:25.787450296Z: - [37mCONFIG_CGROUP_FREEZER[m: [32menabled[m
[STDERR  ] 2017-05-30T16:38:25.787457852Z: - [37mCONFIG_CGROUP_SCHED[m: [32menabled[m
[STDERR  ] 2017-05-30T16:38:25.787462872Z: - [37mCONFIG_CPUSETS[m: [32menabled[m
[STDERR  ] 2017-05-30T16:38:25.787475502Z: - [37mCONFIG_MEMCG[m: [32menabled[m
[STDERR  ] 2017-05-30T16:38:25.787482379Z: - [37mCONFIG_KEYS[m: [32menabled[m
[STDERR  ] 2017-05-30T16:38:25.78748738Z: - [37mCONFIG_VETH[m: [32menabled[m
[STDERR  ] 2017-05-30T16:38:25.78749237Z: - [37mCONFIG_BRIDGE[m: [32menabled[m
[STDERR  ] 2017-05-30T16:38:25.787497305Z: - [37mCONFIG_BRIDGE_NETFILTER[m: [32menabled[m
[STDERR  ] 2017-05-30T16:38:25.787502315Z: - [37mCONFIG_NF_NAT_IPV4[m: [32menabled[m
[STDERR  ] 2017-05-30T16:38:25.787507189Z: - [37mCONFIG_IP_NF_FILTER[m: [32menabled[m
[STDERR  ] 2017-05-30T16:38:25.787512155Z: - [37mCONFIG_IP_NF_TARGET_MASQUERADE[m: [32menabled[m
[STDERR  ] 2017-05-30T16:38:25.787514759Z: - [37mCONFIG_NETFILTER_XT_MATCH_ADDRTYPE[m: [32menabled[m
[STDERR  ] 2017-05-30T16:38:25.787522057Z: - [37mCONFIG_NETFILTER_XT_MATCH_CONNTRACK[m: [32menabled[m
[STDERR  ] 2017-05-30T16:38:25.787526959Z: - [37mCONFIG_NETFILTER_XT_MATCH_IPVS[m: [32menabled[m
[STDERR  ] 2017-05-30T16:38:25.78753365Z: - [37mCONFIG_IP_NF_NAT[m: [32menabled[m
[STDERR  ] 2017-05-30T16:38:25.787536199Z: - [37mCONFIG_NF_NAT[m: [32menabled[m
[STDERR  ] 2017-05-30T16:38:25.787543557Z: - [37mCONFIG_NF_NAT_NEEDED[m: [32menabled[m
[STDERR  ] 2017-05-30T16:38:25.787549869Z: - [37mCONFIG_POSIX_MQUEUE[m: [32menabled[m
[STDERR  ] 2017-05-30T16:38:25.78755493Z: - [37mCONFIG_DEVPTS_MULTIPLE_INSTANCES[m: [32menabled[m
[STDERR  ] 2017-05-30T16:38:25.787562652Z: 
[STDERR  ] 2017-05-30T16:38:25.787567705Z: Optional Features:
[STDERR  ] 2017-05-30T16:38:25.787575243Z: - [37mCONFIG_USER_NS[m: [32menabled[m
[STDERR  ] 2017-05-30T16:38:25.78758016Z: - [37mCONFIG_SECCOMP[m: [32menabled[m
[STDERR  ] 2017-05-30T16:38:25.787585122Z: - [37mCONFIG_CGROUP_PIDS[m: [32menabled[m
[STDERR  ] 2017-05-30T16:38:25.787590042Z: - [37mCONFIG_MEMCG_SWAP[m: [32menabled[m
[STDERR  ] 2017-05-30T16:38:25.787594999Z: - [37mCONFIG_MEMCG_SWAP_ENABLED[m: [32menabled[m
[STDERR  ] 2017-05-30T16:38:25.787597572Z:     [1;30m(cgroup swap accounting is currently enabled)[m
[STDERR  ] 2017-05-30T16:38:25.787602426Z: - [1mCONFIG_LEGACY_VSYSCALL_NONE[m: [1;31menabled[m
[STDERR  ] 2017-05-30T16:38:25.787609953Z:     [1;30m(containers using eglibc <= 2.13 will not work. Switch to[m
[STDERR  ] 2017-05-30T16:38:25.787614996Z:     [1;30m "CONFIG_VSYSCALL_[NATIVE|EMULATE]" or use "vsyscall=[native|emulate]"[m
[STDERR  ] 2017-05-30T16:38:25.78762Z:     [1;30m on kernel command line. Note that this will disable ASLR for the,[m
[STDERR  ] 2017-05-30T16:38:25.78762783Z:     [1;30m VDSO which may assist in exploiting security vulnerabilities.)[m
[STDERR  ] 2017-05-30T16:38:25.78763306Z: - [37mCONFIG_MEMCG_KMEM[m: [32menabled[m
[STDERR  ] 2017-05-30T16:38:25.787638049Z: - [37mCONFIG_BLK_CGROUP[m: [32menabled[m
[STDERR  ] 2017-05-30T16:38:25.787643184Z: - [37mCONFIG_BLK_DEV_THROTTLING[m: [32menabled[m
[STDERR  ] 2017-05-30T16:38:25.787645779Z: - [37mCONFIG_IOSCHED_CFQ[m: [32menabled[m
[STDERR  ] 2017-05-30T16:38:25.787650619Z: - [37mCONFIG_CFQ_GROUP_IOSCHED[m: [32menabled[m
[STDERR  ] 2017-05-30T16:38:25.787660362Z: - [37mCONFIG_CGROUP_PERF[m: [32menabled[m
[STDERR  ] 2017-05-30T16:38:25.787665315Z: - [37mCONFIG_CGROUP_HUGETLB[m: [32menabled[m
[STDERR  ] 2017-05-30T16:38:25.787670379Z: - [37mCONFIG_NET_CLS_CGROUP[m: [32menabled[m
[STDERR  ] 2017-05-30T16:38:25.787675339Z: - [37mCONFIG_CGROUP_NET_PRIO[m: [32menabled[m
[STDERR  ] 2017-05-30T16:38:25.787680272Z: - [37mCONFIG_CFS_BANDWIDTH[m: [32menabled[m
[STDERR  ] 2017-05-30T16:38:25.787685244Z: - [37mCONFIG_FAIR_GROUP_SCHED[m: [32menabled[m
[STDERR  ] 2017-05-30T16:38:25.787692789Z: - [37mCONFIG_RT_GROUP_SCHED[m: [32menabled[m
[STDERR  ] 2017-05-30T16:38:25.787697925Z: - [37mCONFIG_IP_VS[m: [32menabled[m
[STDERR  ] 2017-05-30T16:38:25.787702884Z: - [37mCONFIG_IP_VS_NFCT[m: [32menabled[m
[STDERR  ] 2017-05-30T16:38:25.787705502Z: - [37mCONFIG_IP_VS_RR[m: [32menabled[m
[STDERR  ] 2017-05-30T16:38:25.787716028Z: - [37mCONFIG_EXT4_FS[m: [32menabled[m
[STDERR  ] 2017-05-30T16:38:25.787721026Z: - [37mCONFIG_EXT4_FS_POSIX_ACL[m: [32menabled[m
[STDERR  ] 2017-05-30T16:38:25.787725938Z: - [37mCONFIG_EXT4_FS_SECURITY[m: [32menabled[m
[STDERR  ] 2017-05-30T16:38:25.787728419Z: - Network Drivers:
[STDERR  ] 2017-05-30T16:38:25.787737681Z:   - "[34moverlay[m":
[STDERR  ] 2017-05-30T16:38:25.787742684Z:     - [37mCONFIG_VXLAN[m: [32menabled[m
[STDERR  ] 2017-05-30T16:38:25.787747789Z:       Optional (for encrypted networks):
[STDERR  ] 2017-05-30T16:38:25.787752758Z:       - [37mCONFIG_CRYPTO[m: [32menabled[m
[STDERR  ] 2017-05-30T16:38:25.787757659Z:       - [37mCONFIG_CRYPTO_AEAD[m: [32menabled[m
[STDERR  ] 2017-05-30T16:38:25.787760254Z:       - [37mCONFIG_CRYPTO_GCM[m: [32menabled[m
[STDERR  ] 2017-05-30T16:38:25.787767559Z:       - [37mCONFIG_CRYPTO_SEQIV[m: [32menabled[m
[STDERR  ] 2017-05-30T16:38:25.787770075Z:       - [37mCONFIG_CRYPTO_GHASH[m: [32menabled[m
[STDERR  ] 2017-05-30T16:38:25.787777474Z:       - [37mCONFIG_XFRM[m: [32menabled[m
[STDERR  ] 2017-05-30T16:38:25.787784939Z:       - [37mCONFIG_XFRM_USER[m: [32menabled[m
[STDERR  ] 2017-05-30T16:38:25.787792241Z:       - [37mCONFIG_XFRM_ALGO[m: [32menabled[m
[STDERR  ] 2017-05-30T16:38:25.787797289Z:       - [37mCONFIG_INET_ESP[m: [32menabled[m
[STDERR  ] 2017-05-30T16:38:25.787802264Z:       - [37mCONFIG_INET_XFRM_MODE_TRANSPORT[m: [32menabled[m
[STDERR  ] 2017-05-30T16:38:25.787807426Z:   - "[34mipvlan[m":
[STDERR  ] 2017-05-30T16:38:25.787814924Z:     - [37mCONFIG_IPVLAN[m: [32menabled[m
[STDERR  ] 2017-05-30T16:38:25.787817495Z:   - "[34mmacvlan[m":
[STDERR  ] 2017-05-30T16:38:25.787824962Z:     - [37mCONFIG_MACVLAN[m: [32menabled[m
[STDERR  ] 2017-05-30T16:38:25.787829869Z:     - [37mCONFIG_DUMMY[m: [32menabled[m
[STDERR  ] 2017-05-30T16:38:25.787834832Z:   - "[34mftp,tftp client in container[m":
[STDERR  ] 2017-05-30T16:38:25.787839732Z:     - [37mCONFIG_NF_NAT_FTP[m: [32menabled[m
[STDERR  ] 2017-05-30T16:38:25.787842341Z:     - [37mCONFIG_NF_CONNTRACK_FTP[m: [32menabled[m
[STDERR  ] 2017-05-30T16:38:25.787852336Z:     - [37mCONFIG_NF_NAT_TFTP[m: [32menabled[m
[STDERR  ] 2017-05-30T16:38:25.787854969Z:     - [37mCONFIG_NF_CONNTRACK_TFTP[m: [32menabled[m
[STDERR  ] 2017-05-30T16:38:25.787862405Z: - Storage Drivers:
[STDERR  ] 2017-05-30T16:38:25.787867391Z:   - "[34maufs[m":
[STDERR  ] 2017-05-30T16:38:25.787872324Z:     - [1mCONFIG_AUFS_FS[m: [1;31mmissing[m
[STDERR  ] 2017-05-30T16:38:25.787877295Z:   - "[34mbtrfs[m":
[STDERR  ] 2017-05-30T16:38:25.787882322Z:     - [37mCONFIG_BTRFS_FS[m: [32menabled (as module)[m
[STDERR  ] 2017-05-30T16:38:25.787887359Z:     - [37mCONFIG_BTRFS_FS_POSIX_ACL[m: [32menabled[m
[STDERR  ] 2017-05-30T16:38:25.787890128Z:   - "[34mdevicemapper[m":
[STDERR  ] 2017-05-30T16:38:25.787899019Z:     - [37mCONFIG_BLK_DEV_DM[m: [32menabled[m
[STDERR  ] 2017-05-30T16:38:25.787901592Z:     - [37mCONFIG_DM_THIN_PROVISIONING[m: [32menabled[m
[STDERR  ] 2017-05-30T16:38:25.787909002Z:   - "[34moverlay[m":
[STDERR  ] 2017-05-30T16:38:25.787911589Z:     - [37mCONFIG_OVERLAY_FS[m: [32menabled[m
[STDERR  ] 2017-05-30T16:38:25.787918995Z:   - "[34mzfs[m":
[STDERR  ] 2017-05-30T16:38:25.787921505Z:     - [1m/dev/zfs[m: [1;31mmissing[m
[STDERR  ] 2017-05-30T16:38:25.787932555Z:     - [1mzfs command[m: [1;31mmissing[m
[STDERR  ] 2017-05-30T16:38:25.787939312Z:     - [1mzpool command[m: [1;31mmissing[m
[STDERR  ] 2017-05-30T16:38:25.787944345Z: 
[STDERR  ] 2017-05-30T16:38:25.787949511Z: Limits:
[STDERR  ] 2017-05-30T16:38:25.787957079Z: [37m- /proc/sys/kernel/keys/root_maxkeys[m: [32m1000000[m
[STDERR  ] 2017-05-30T16:38:25.787966392Z: 
[STDERR  ] 2017-05-30T16:38:25.787971615Z: Kernel config test suite PASSED
[STDERR  ] 2017-05-30T16:38:25.787974269Z: 
[STDERR  ] 2017-05-30T16:38:25.787979085Z:                         ##         .
[STDERR  ] 2017-05-30T16:38:25.787986526Z:                   ## ## ##        ==
[STDERR  ] 2017-05-30T16:38:25.787991448Z:                ## ## ## ## ##    ===
[STDERR  ] 2017-05-30T16:38:25.787997869Z:            /"""""""""""""""""\___/ ===
[STDERR  ] 2017-05-30T16:38:25.788002838Z:       ~~~ {~~ ~~~~ ~~~ ~~~~ ~~~ ~ /  ===- ~~~
[STDERR  ] 2017-05-30T16:38:25.788010319Z:            \______ o           __/
[STDERR  ] 2017-05-30T16:38:25.788015324Z:              \    \         __/
[STDERR  ] 2017-05-30T16:38:25.788020287Z:               \____\_______/
[STDERR  ] 2017-05-30T16:38:25.788025307Z:  - 000-check-kernel-config
[STDERR  ] 2017-05-30T16:38:25.788030368Z: [   48.518219] ACPI: Preparing to enter system sleep state S5
[STDERR  ] 2017-05-30T16:38:25.788035444Z: [   48.521057] reboot: Power down
[STDERR  ] 2017-05-30T16:38:25.78865159Z: + grep -q suite PASSED
[STDERR  ] 2017-05-30T16:38:25.78985361Z: + echo [    0.000000] Initializing cgroup subsys cpuset
[STDERR  ] 2017-05-30T16:38:25.789880041Z: [    0.000000] Initializing cgroup subsys cpu
[STDERR  ] 2017-05-30T16:38:25.789888569Z: [    0.000000] Initializing cgroup subsys cpuacct
[STDERR  ] 2017-05-30T16:38:25.78989494Z: [    0.000000] Linux version 4.4.70-linuxkit (root@84baa8e89c00) (gcc version 6.2.1 20160822 (Alpine 6.2.1) ) #1 SMP Tue May 30 11:47:47 UTC 2017
[STDERR  ] 2017-05-30T16:38:25.789900323Z: [    0.000000] Command line: console=ttyS0
[STDERR  ] 2017-05-30T16:38:25.78990556Z: [    0.000000] x86/fpu: Legacy x87 FPU detected.
[STDERR  ] 2017-05-30T16:38:25.789914436Z: [    0.000000] x86/fpu: Using 'lazy' FPU context switches.
[STDERR  ] 2017-05-30T16:38:25.789927583Z: [    0.000000] e820: BIOS-provided physical RAM map:
[STDERR  ] 2017-05-30T16:38:25.789930619Z: [    0.000000] BIOS-e820: [mem 0x0000000000000000-0x000000000009fbff] usable
[STDERR  ] 2017-05-30T16:38:25.789938352Z: [    0.000000] BIOS-e820: [mem 0x000000000009fc00-0x000000000009ffff] reserved
[STDERR  ] 2017-05-30T16:38:25.789941233Z: [    0.000000] BIOS-e820: [mem 0x00000000000f0000-0x00000000000fffff] reserved
[STDERR  ] 2017-05-30T16:38:25.78995507Z: [    0.000000] BIOS-e820: [mem 0x0000000000100000-0x000000003ffdefff] usable
[STDERR  ] 2017-05-30T16:38:25.789965793Z: [    0.000000] BIOS-e820: [mem 0x000000003ffdf000-0x000000003fffffff] reserved
[STDERR  ] 2017-05-30T16:38:25.789970808Z: [    0.000000] BIOS-e820: [mem 0x00000000b0000000-0x00000000bfffffff] reserved
[STDERR  ] 2017-05-30T16:38:25.789975759Z: [    0.000000] BIOS-e820: [mem 0x00000000fed1c000-0x00000000fed1ffff] reserved
[STDERR  ] 2017-05-30T16:38:25.789982285Z: [    0.000000] BIOS-e820: [mem 0x00000000fffc0000-0x00000000ffffffff] reserved
[STDERR  ] 2017-05-30T16:38:25.789990466Z: [    0.000000] NX (Execute Disable) protection: active
[STDERR  ] 2017-05-30T16:38:25.789996092Z: [    0.000000] SMBIOS 2.8 present.
[STDERR  ] 2017-05-30T16:38:25.78999873Z: [    0.000000] e820: last_pfn = 0x3ffdf max_arch_pfn = 0x400000000
[STDERR  ] 2017-05-30T16:38:25.790003648Z: [    0.000000] x86/PAT: Configuration [0-7]: WB  WC  UC- UC  WB  WC  UC- WT  
[STDERR  ] 2017-05-30T16:38:25.790011326Z: [    0.000000] found SMP MP-table at [mem 0x000f6aa0-0x000f6aaf] mapped at [ffff8800000f6aa0]
[STDERR  ] 2017-05-30T16:38:25.790014038Z: [    0.000000] RAMDISK: [mem 0x3e059000-0x3ffcffff]
[STDERR  ] 2017-05-30T16:38:25.790018995Z: [    0.000000] ACPI: Early table checksum verification disabled
[STDERR  ] 2017-05-30T16:38:25.790034613Z: [    0.000000] ACPI: RSDP 0x00000000000F68C0 000014 (v00 BOCHS )
[STDERR  ] 2017-05-30T16:38:25.790039926Z: [    0.000000] ACPI: RSDT 0x000000003FFE2404 000034 (v01 BOCHS  BXPCRSDT 00000001 BXPC 00000001)
[STDERR  ] 2017-05-30T16:38:25.790042725Z: [    0.000000] ACPI: FACP 0x000000003FFE22A4 000074 (v01 BOCHS  BXPCFACP 00000001 BXPC 00000001)
[STDERR  ] 2017-05-30T16:38:25.790050959Z: [    0.000000] ACPI: DSDT 0x000000003FFE0040 002264 (v01 BOCHS  BXPCDSDT 00000001 BXPC 00000001)
[STDERR  ] 2017-05-30T16:38:25.790063553Z: [    0.000000] ACPI: FACS 0x000000003FFE0000 000040
[STDERR  ] 2017-05-30T16:38:25.790068626Z: [    0.000000] ACPI: APIC 0x000000003FFE2318 000078 (v01 BOCHS  BXPCAPIC 00000001 BXPC 00000001)
[STDERR  ] 2017-05-30T16:38:25.790080292Z: [    0.000000] ACPI: HPET 0x000000003FFE2390 000038 (v01 BOCHS  BXPCHPET 00000001 BXPC 00000001)
[STDERR  ] 2017-05-30T16:38:25.79008531Z: [    0.000000] ACPI: MCFG 0x000000003FFE23C8 00003C (v01 BOCHS  BXPCMCFG 00000001 BXPC 00000001)
[STDERR  ] 2017-05-30T16:38:25.790090549Z: [    0.000000] Zone ranges:
[STDERR  ] 2017-05-30T16:38:25.790095669Z: [    0.000000]   DMA      [mem 0x0000000000001000-0x0000000000ffffff]
[STDERR  ] 2017-05-30T16:38:25.790109326Z: [    0.000000]   DMA32    [mem 0x0000000001000000-0x000000003ffdefff]
[STDERR  ] 2017-05-30T16:38:25.790114448Z: [    0.000000]   Normal   empty
[STDERR  ] 2017-05-30T16:38:25.790119638Z: [    0.000000] Movable zone start for each node
[STDERR  ] 2017-05-30T16:38:25.790122298Z: [    0.000000] Early memory node ranges
[STDERR  ] 2017-05-30T16:38:25.790127208Z: [    0.000000]   node   0: [mem 0x0000000000001000-0x000000000009efff]
[STDERR  ] 2017-05-30T16:38:25.790138085Z: [    0.000000]   node   0: [mem 0x0000000000100000-0x000000003ffdefff]
[STDERR  ] 2017-05-30T16:38:25.790143199Z: [    0.000000] Initmem setup node 0 [mem 0x0000000000001000-0x000000003ffdefff]
[STDERR  ] 2017-05-30T16:38:25.790145839Z: [    0.000000] ACPI: PM-Timer IO Port: 0x608
[STDERR  ] 2017-05-30T16:38:25.790153318Z: [    0.000000] ACPI: LAPIC_NMI (acpi_id[0xff] dfl dfl lint[0x1])
[STDERR  ] 2017-05-30T16:38:25.790161712Z: [    0.000000] IOAPIC[0]: apic_id 0, version 32, address 0xfec00000, GSI 0-23
[STDERR  ] 2017-05-30T16:38:25.79017007Z: [    0.000000] ACPI: INT_SRC_OVR (bus 0 bus_irq 0 global_irq 2 dfl dfl)
[STDERR  ] 2017-05-30T16:38:25.790182903Z: [    0.000000] ACPI: INT_SRC_OVR (bus 0 bus_irq 5 global_irq 5 high level)
[STDERR  ] 2017-05-30T16:38:25.790191213Z: [    0.000000] ACPI: INT_SRC_OVR (bus 0 bus_irq 9 global_irq 9 high level)
[STDERR  ] 2017-05-30T16:38:25.790196212Z: [    0.000000] ACPI: INT_SRC_OVR (bus 0 bus_irq 10 global_irq 10 high level)
[STDERR  ] 2017-05-30T16:38:25.790201235Z: [    0.000000] ACPI: INT_SRC_OVR (bus 0 bus_irq 11 global_irq 11 high level)
[STDERR  ] 2017-05-30T16:38:25.790203889Z: [    0.000000] Using ACPI (MADT) for SMP configuration information
[STDERR  ] 2017-05-30T16:38:25.790208999Z: [    0.000000] ACPI: HPET id: 0x8086a201 base: 0xfed00000
[STDERR  ] 2017-05-30T16:38:25.790216628Z: [    0.000000] smpboot: Allowing 1 CPUs, 0 hotplug CPUs
[STDERR  ] 2017-05-30T16:38:25.790223136Z: [    0.000000] e820: [mem 0x40000000-0xafffffff] available for PCI devices
[STDERR  ] 2017-05-30T16:38:25.79023149Z: [    0.000000] Booting paravirtualized kernel on bare hardware
[STDERR  ] 2017-05-30T16:38:25.790240705Z: [    0.000000] clocksource: refined-jiffies: mask: 0xffffffff max_cycles: 0xffffffff, max_idle_ns: 19112604462750000 ns
[STDERR  ] 2017-05-30T16:38:25.790262523Z: [    0.000000] setup_percpu: NR_CPUS:128 nr_cpumask_bits:128 nr_cpu_ids:1 nr_node_ids:1
[STDERR  ] 2017-05-30T16:38:25.790268966Z: [    0.000000] PERCPU: Embedded 33 pages/cpu @ffff88003de00000 s95960 r8192 d31016 u2097152
[STDERR  ] 2017-05-30T16:38:25.790274226Z: [    0.000000] Built 1 zonelists in Zone order, mobility grouping on.  Total pages: 257896
[STDERR  ] 2017-05-30T16:38:25.790284046Z: [    0.000000] Kernel command line: console=ttyS0
[STDERR  ] 2017-05-30T16:38:25.790289342Z: [    0.000000] PID hash table entries: 4096 (order: 3, 32768 bytes)
[STDERR  ] 2017-05-30T16:38:25.790295049Z: [    0.000000] Dentry cache hash table entries: 131072 (order: 8, 1048576 bytes)
[STDERR  ] 2017-05-30T16:38:25.7903035Z: [    0.000000] Inode-cache hash table entries: 65536 (order: 7, 524288 bytes)
[STDERR  ] 2017-05-30T16:38:25.790320634Z: [    0.000000] Memory: 979488K/1048052K available (8943K kernel code, 1467K rwdata, 3088K rodata, 1372K init, 728K bss, 68564K reserved, 0K cma-reserved)
[STDERR  ] 2017-05-30T16:38:25.790324352Z: [    0.000000] Hierarchical RCU implementation.
[STDERR  ] 2017-05-30T16:38:25.790338618Z: [    0.000000] 	Build-time adjustment of leaf fanout to 64.
[STDERR  ] 2017-05-30T16:38:25.790347024Z: [    0.000000] 	RCU restricting CPUs from NR_CPUS=128 to nr_cpu_ids=1.
[STDERR  ] 2017-05-30T16:38:25.790354199Z: [    0.000000] RCU: Adjusting geometry for rcu_fanout_leaf=64, nr_cpu_ids=1
[STDERR  ] 2017-05-30T16:38:25.790360792Z: [    0.000000] NR_IRQS:8448 nr_irqs:256 16
[STDERR  ] 2017-05-30T16:38:25.790378737Z: [    0.000000] Console: colour VGA+ 80x25
[STDERR  ] 2017-05-30T16:38:25.790381725Z: [    0.000000] console [ttyS0] enabled
[STDERR  ] 2017-05-30T16:38:25.790386705Z: [    0.000000] clocksource: hpet: mask: 0xffffffff max_cycles: 0xffffffff, max_idle_ns: 19112604467 ns
[STDERR  ] 2017-05-30T16:38:25.790394502Z: [    0.000000] tsc: Fast TSC calibration failed
[STDERR  ] 2017-05-30T16:38:25.790399601Z: [    0.000000] tsc: Unable to calibrate against PIT
[STDERR  ] 2017-05-30T16:38:25.790402325Z: [    0.000000] tsc: using HPET reference calibration
[STDERR  ] 2017-05-30T16:38:25.790418557Z: [    0.000000] tsc: Detected 2600.069 MHz processor
[STDERR  ] 2017-05-30T16:38:25.790421321Z: [    0.052527] Calibrating delay loop (skipped), value calculated using timer frequency.. 5200.13 BogoMIPS (lpj=26000690)
[STDERR  ] 2017-05-30T16:38:25.790433075Z: [    0.055318] pid_max: default: 32768 minimum: 301
[STDERR  ] 2017-05-30T16:38:25.790435832Z: [    0.060646] ACPI: Core revision 20150930
[STDERR  ] 2017-05-30T16:38:25.790443271Z: [    0.110419] ACPI: 1 ACPI AML tables successfully acquired and loaded
[STDERR  ] 2017-05-30T16:38:25.790445879Z: [    0.113376] Security Framework initialized
[STDERR  ] 2017-05-30T16:38:25.790456737Z: [    0.114421] Yama: becoming mindful.
[STDERR  ] 2017-05-30T16:38:25.790462148Z: [    0.120253] Mount-cache hash table entries: 2048 (order: 2, 16384 bytes)
[STDERR  ] 2017-05-30T16:38:25.790467491Z: [    0.121381] Mountpoint-cache hash table entries: 2048 (order: 2, 16384 bytes)
[STDERR  ] 2017-05-30T16:38:25.790475048Z: [    0.141858] Initializing cgroup subsys io
[STDERR  ] 2017-05-30T16:38:25.790480084Z: [    0.143948] Initializing cgroup subsys memory
[STDERR  ] 2017-05-30T16:38:25.790493619Z: [    0.145963] Initializing cgroup subsys devices
[STDERR  ] 2017-05-30T16:38:25.790498772Z: [    0.147219] Initializing cgroup subsys freezer
[STDERR  ] 2017-05-30T16:38:25.790503938Z: [    0.148488] Initializing cgroup subsys net_cls
[STDERR  ] 2017-05-30T16:38:25.790509137Z: [    0.149578] Initializing cgroup subsys perf_event
[STDERR  ] 2017-05-30T16:38:25.790514125Z: [    0.150297] Initializing cgroup subsys net_prio
[STDERR  ] 2017-05-30T16:38:25.790516741Z: [    0.151352] Initializing cgroup subsys hugetlb
[STDERR  ] 2017-05-30T16:38:25.790524084Z: [    0.152432] Initializing cgroup subsys pids
[STDERR  ] 2017-05-30T16:38:25.790529345Z: [    0.157553] Last level iTLB entries: 4KB 0, 2MB 0, 4MB 0
[STDERR  ] 2017-05-30T16:38:25.790534504Z: [    0.160130] Last level dTLB entries: 4KB 0, 2MB 0, 4MB 0, 1GB 0
[STDERR  ] 2017-05-30T16:38:25.790541634Z: [    0.554911] Freeing SMP alternatives memory: 24K (ffffffff8a0c7000 - ffffffff8a0cd000)
[STDERR  ] 2017-05-30T16:38:25.790544409Z: [    0.567188] ftrace: allocating 39282 entries in 154 pages
[STDERR  ] 2017-05-30T16:38:25.790565108Z: [    0.769765] ..TIMER: vector=0x30 apic1=0 pin1=2 apic2=-1 pin2=-1
[STDERR  ] 2017-05-30T16:38:25.790571285Z: [    0.870000] smpboot: CPU0: AMD QEMU Virtual CPU version 2.5+ (family: 0x6, model: 0x6, stepping: 0x3)
[STDERR  ] 2017-05-30T16:38:25.790576721Z: [    0.870000] Performance Events: Broken PMU hardware detected, using software events only.
[STDERR  ] 2017-05-30T16:38:25.790581988Z: [    0.870000] Failed to access perfctr msr (MSR c0010007 is 0)
[STDERR  ] 2017-05-30T16:38:25.790587214Z: [    0.879670] x86: Booted up 1 node, 1 CPUs
[STDERR  ] 2017-05-30T16:38:25.790597419Z: [    0.880315] smpboot: Total of 1 processors activated (5200.13 BogoMIPS)
[STDERR  ] 2017-05-30T16:38:25.790602647Z: [    0.888712] NMI watchdog: disabled (cpu0): hardware events not enabled
[STDERR  ] 2017-05-30T16:38:25.790607671Z: [    0.890876] NMI watchdog: Shutting down hard lockup detector on all cpus
[STDERR  ] 2017-05-30T16:38:25.790612711Z: [    0.903743] devtmpfs: initialized
[STDERR  ] 2017-05-30T16:38:25.790617735Z: [    1.010734] clocksource: jiffies: mask: 0xffffffff max_cycles: 0xffffffff, max_idle_ns: 19112604462750000 ns
[STDERR  ] 2017-05-30T16:38:25.790623168Z: [    1.012333] futex hash table entries: 256 (order: 2, 16384 bytes)
[STDERR  ] 2017-05-30T16:38:25.790640924Z: [    1.025275] NET: Registered protocol family 16
[STDERR  ] 2017-05-30T16:38:25.790647152Z: [    1.033365] cpuidle: using governor ladder
[STDERR  ] 2017-05-30T16:38:25.790655039Z: [    1.034297] cpuidle: using governor menu
[STDERR  ] 2017-05-30T16:38:25.790663215Z: [    1.035977] ACPI: bus type PCI registered
[STDERR  ] 2017-05-30T16:38:25.790671609Z: [    1.039520] PCI: MMCONFIG for domain 0000 [bus 00-ff] at [mem 0xb0000000-0xbfffffff] (base 0xb0000000)
[STDERR  ] 2017-05-30T16:38:25.790688993Z: [    1.040511] PCI: MMCONFIG at [mem 0xb0000000-0xbfffffff] reserved in E820
[STDERR  ] 2017-05-30T16:38:25.790698177Z: [    1.042168] PCI: Using configuration type 1 for base access
[STDERR  ] 2017-05-30T16:38:25.79070265Z: [    1.131441] ACPI: Added _OSI(Module Device)
[STDERR  ] 2017-05-30T16:38:25.790730706Z: [    1.132437] ACPI: Added _OSI(Processor Device)
[STDERR  ] 2017-05-30T16:38:25.790739458Z: [    1.132960] ACPI: Added _OSI(3.0 _SCP Extensions)
[STDERR  ] 2017-05-30T16:38:25.790742248Z: [    1.133563] ACPI: Added _OSI(Processor Aggregator Device)
[STDERR  ] 2017-05-30T16:38:25.790749991Z: [    1.215206] ACPI: Interpreter enabled
[STDERR  ] 2017-05-30T16:38:25.790759298Z: [    1.216486] ACPI: (supports S0 S5)
[STDERR  ] 2017-05-30T16:38:25.79076825Z: [    1.216900] ACPI: Using IOAPIC for interrupt routing
[STDERR  ] 2017-05-30T16:38:25.790777888Z: [    1.219249] PCI: Using host bridge windows from ACPI; if necessary, use "pci=nocrs" and report a bug
[STDERR  ] 2017-05-30T16:38:25.790783346Z: [    1.301520] ACPI: PCI Root Bridge [PCI0] (domain 0000 [bus 00-ff])
[STDERR  ] 2017-05-30T16:38:25.790788496Z: [    1.302972] acpi PNP0A08:00: _OSC: OS supports [ExtendedConfig ASPM ClockPM Segments MSI]
[STDERR  ] 2017-05-30T16:38:25.790803027Z: [    1.310633] acpi PNP0A08:00: _OSC: OS now controls [PCIeHotplug PME PCIeCapability]
[STDERR  ] 2017-05-30T16:38:25.790805714Z: [    1.316085] PCI host bridge to bus 0000:00
[STDERR  ] 2017-05-30T16:38:25.790810876Z: [    1.316910] pci_bus 0000:00: root bus resource [io  0x0000-0x0cf7 window]
[STDERR  ] 2017-05-30T16:38:25.79081856Z: [    1.317576] pci_bus 0000:00: root bus resource [io  0x0d00-0xffff window]
[STDERR  ] 2017-05-30T16:38:25.790826814Z: [    1.318229] pci_bus 0000:00: root bus resource [mem 0x000a0000-0x000bffff window]
[STDERR  ] 2017-05-30T16:38:25.790831944Z: [    1.318945] pci_bus 0000:00: root bus resource [mem 0xc0000000-0xfebfffff window]
[STDERR  ] 2017-05-30T16:38:25.790837104Z: [    1.320112] pci_bus 0000:00: root bus resource [bus 00-ff]
[STDERR  ] 2017-05-30T16:38:25.790839778Z: [    1.426390] pci 0000:00:1f.0: quirk: [io  0x0600-0x067f] claimed by ICH6 ACPI/GPIO/TCO
[STDERR  ] 2017-05-30T16:38:25.790844756Z: [    1.488189] ACPI: PCI Interrupt Link [LNKA] (IRQs 5 *10 11)
[STDERR  ] 2017-05-30T16:38:25.79085405Z: [    1.491062] ACPI: PCI Interrupt Link [LNKB] (IRQs 5 *10 11)
[STDERR  ] 2017-05-30T16:38:25.790859098Z: [    1.493146] ACPI: PCI Interrupt Link [LNKC] (IRQs 5 10 *11)
[STDERR  ] 2017-05-30T16:38:25.790864077Z: [    1.495525] ACPI: PCI Interrupt Link [LNKD] (IRQs 5 10 *11)
[STDERR  ] 2017-05-30T16:38:25.790876811Z: [    1.498046] ACPI: PCI Interrupt Link [LNKE] (IRQs 5 *10 11)
[STDERR  ] 2017-05-30T16:38:25.790881958Z: [    1.500867] ACPI: PCI Interrupt Link [LNKF] (IRQs 5 *10 11)
[STDERR  ] 2017-05-30T16:38:25.790886966Z: [    1.502965] ACPI: PCI Interrupt Link [LNKG] (IRQs 5 10 *11)
[STDERR  ] 2017-05-30T16:38:25.790895494Z: [    1.505025] ACPI: PCI Interrupt Link [LNKH] (IRQs 5 10 *11)
[STDERR  ] 2017-05-30T16:38:25.790899987Z: [    1.506202] ACPI: PCI Interrupt Link [GSIA] (IRQs *16)
[STDERR  ] 2017-05-30T16:38:25.79090498Z: [    1.507150] ACPI: PCI Interrupt Link [GSIB] (IRQs *17)
[STDERR  ] 2017-05-30T16:38:25.790915256Z: [    1.508034] ACPI: PCI Interrupt Link [GSIC] (IRQs *18)
[STDERR  ] 2017-05-30T16:38:25.790917888Z: [    1.509007] ACPI: PCI Interrupt Link [GSID] (IRQs *19)
[STDERR  ] 2017-05-30T16:38:25.790922754Z: [    1.510064] ACPI: PCI Interrupt Link [GSIE] (IRQs *20)
[STDERR  ] 2017-05-30T16:38:25.790931767Z: [    1.511068] ACPI: PCI Interrupt Link [GSIF] (IRQs *21)
[STDERR  ] 2017-05-30T16:38:25.790934411Z: [    1.512016] ACPI: PCI Interrupt Link [GSIG] (IRQs *22)
[STDERR  ] 2017-05-30T16:38:25.790949077Z: [    1.512894] ACPI: PCI Interrupt Link [GSIH] (IRQs *23)
[STDERR  ] 2017-05-30T16:38:25.790955013Z: [    1.517310] ACPI: Enabled 2 GPEs in block 00 to 3F
[STDERR  ] 2017-05-30T16:38:25.790957587Z: [    1.521900] SCSI subsystem initialized
[STDERR  ] 2017-05-30T16:38:25.790965193Z: [    1.525500] pps_core: LinuxPPS API ver. 1 registered
[STDERR  ] 2017-05-30T16:38:25.790970384Z: [    1.526098] pps_core: Software ver. 5.3.6 - Copyright 2005-2007 Rodolfo Giometti <giometti@linux.it>
[STDERR  ] 2017-05-30T16:38:25.790973371Z: [    1.527263] PTP clock support registered
[STDERR  ] 2017-05-30T16:38:25.790980801Z: [    1.528824] wmi: Mapper loaded
[STDERR  ] 2017-05-30T16:38:25.790983324Z: [    1.530399] PCI: Using ACPI for IRQ routing
[STDERR  ] 2017-05-30T16:38:25.790990988Z: [    1.550437] NetLabel: Initializing
[STDERR  ] 2017-05-30T16:38:25.790995938Z: [    1.550929] NetLabel:  domain hash size = 128
[STDERR  ] 2017-05-30T16:38:25.791004057Z: [    1.551360] NetLabel:  protocols = UNLABELED CIPSOv4
[STDERR  ] 2017-05-30T16:38:25.791011076Z: [    1.553442] NetLabel:  unlabeled traffic allowed by default
[STDERR  ] 2017-05-30T16:38:25.791016114Z: [    1.554741] HPET: 3 timers in total, 0 timers will be used for per-cpu timer
[STDERR  ] 2017-05-30T16:38:25.791029077Z: [    1.555862] hpet0: at MMIO 0xfed00000, IRQs 2, 8, 0
[STDERR  ] 2017-05-30T16:38:25.79103413Z: [    1.556509] hpet0: 3 comparators, 64-bit 100.000000 MHz counter
[STDERR  ] 2017-05-30T16:38:25.791039218Z: [    1.563101] amd_nb: Cannot enumerate AMD northbridges
[STDERR  ] 2017-05-30T16:38:25.791044154Z: [    1.564551] clocksource: Switched to clocksource hpet
[STDERR  ] 2017-05-30T16:38:25.79104933Z: [    1.852925] FS-Cache: Loaded
[STDERR  ] 2017-05-30T16:38:25.791054501Z: [    1.858889] CacheFiles: Loaded
[STDERR  ] 2017-05-30T16:38:25.791059477Z: [    1.862200] pnp: PnP ACPI init
[STDERR  ] 2017-05-30T16:38:25.791062256Z: [    1.877551] pnp: PnP ACPI: found 5 devices
[STDERR  ] 2017-05-30T16:38:25.791067254Z: [    1.931467] clocksource: acpi_pm: mask: 0xffffff max_cycles: 0xffffff, max_idle_ns: 2085701024 ns
[STDERR  ] 2017-05-30T16:38:25.791081812Z: [    1.935531] NET: Registered protocol family 2
[STDERR  ] 2017-05-30T16:38:25.791086935Z: [    1.944555] TCP established hash table entries: 8192 (order: 4, 65536 bytes)
[STDERR  ] 2017-05-30T16:38:25.791101716Z: [    1.945983] TCP bind hash table entries: 8192 (order: 5, 131072 bytes)
[STDERR  ] 2017-05-30T16:38:25.791110363Z: [    1.947084] TCP: Hash tables configured (established 8192 bind 8192)
[STDERR  ] 2017-05-30T16:38:25.791117945Z: [    1.949042] UDP hash table entries: 512 (order: 2, 16384 bytes)
[STDERR  ] 2017-05-30T16:38:25.791122946Z: [    1.950800] UDP-Lite hash table entries: 512 (order: 2, 16384 bytes)
[STDERR  ] 2017-05-30T16:38:25.791127982Z: [    1.954315] NET: Registered protocol family 1
[STDERR  ] 2017-05-30T16:38:25.791133132Z: [    1.961150] RPC: Registered named UNIX socket transport module.
[STDERR  ] 2017-05-30T16:38:25.79114004Z: [    1.962531] RPC: Registered udp transport module.
[STDERR  ] 2017-05-30T16:38:25.79114513Z: [    1.963217] RPC: Registered tcp transport module.
[STDERR  ] 2017-05-30T16:38:25.791149373Z: [    1.963683] RPC: Registered tcp NFSv4.1 backchannel transport module.
[STDERR  ] 2017-05-30T16:38:25.791157559Z: [    1.974132] Unpacking initramfs...
[STDERR  ] 2017-05-30T16:38:25.791165372Z: [    8.303607] Freeing initrd memory: 32220K (ffff88003e059000 - ffff88003ffd0000)
[STDERR  ] 2017-05-30T16:38:25.791178593Z: [    8.345753] PCLMULQDQ-NI instructions are not detected.
[STDERR  ] 2017-05-30T16:38:25.791183922Z: [    8.348813] AVX or AES-NI instructions are not detected.
[STDERR  ] 2017-05-30T16:38:25.79119208Z: [    8.351638] CPU feature 'AVX registers' is not supported.
[STDERR  ] 2017-05-30T16:38:25.791197082Z: [    8.354013] CPU feature 'AVX registers' is not supported.
[STDERR  ] 2017-05-30T16:38:25.791202147Z: [    8.355301] CPU feature 'AVX registers' is not supported.
[STDERR  ] 2017-05-30T16:38:25.791204765Z: [    8.356424] CPU feature 'AVX registers' is not supported.
[STDERR  ] 2017-05-30T16:38:25.791209609Z: [    8.357700] AVX2 or AES-NI instructions are not detected.
[STDERR  ] 2017-05-30T16:38:25.791217103Z: [    8.358901] AVX2 instructions are not detected.
[STDERR  ] 2017-05-30T16:38:25.791222147Z: [    8.371926] audit: initializing netlink subsys (disabled)
[STDERR  ] 2017-05-30T16:38:25.791224792Z: [    8.374658] audit: type=2000 audit(1496162264.370:1): initialized
[STDERR  ] 2017-05-30T16:38:25.791229707Z: [    8.389123] HugeTLB registered 2 MB page size, pre-allocated 0 pages
[STDERR  ] 2017-05-30T16:38:25.791241607Z: [    8.397586] VFS: Disk quotas dquot_6.6.0
[STDERR  ] 2017-05-30T16:38:25.791257246Z: [    8.399282] VFS: Dquot-cache hash table entries: 512 (order 0, 4096 bytes)
[STDERR  ] 2017-05-30T16:38:25.791260066Z: [    8.413854] FS-Cache: Netfs 'nfs' registered for caching
[STDERR  ] 2017-05-30T16:38:25.791269647Z: [    8.417666] NFS: Registering the id_resolver key type
[STDERR  ] 2017-05-30T16:38:25.791279356Z: [    8.420814] Key type id_resolver registered
[STDERR  ] 2017-05-30T16:38:25.79128205Z: [    8.421603] Key type id_legacy registered
[STDERR  ] 2017-05-30T16:38:25.791289855Z: [    8.422988] nfs4filelayout_init: NFSv4 File Layout Driver Registering...
[STDERR  ] 2017-05-30T16:38:25.791297506Z: [    8.424849] Installing knfsd (copyright (C) 1996 okir@monad.swb.de).
[STDERR  ] 2017-05-30T16:38:25.791302803Z: [    8.431438] FS-Cache: Netfs 'cifs' registered for caching
[STDERR  ] 2017-05-30T16:38:25.791307822Z: [    8.433732] ntfs: driver 2.1.32 [Flags: R/O].
[STDERR  ] 2017-05-30T16:38:25.791315245Z: [    8.435124] fuse init (API version 7.23)
[STDERR  ] 2017-05-30T16:38:25.791320415Z: [    8.439931] SGI XFS with ACLs, security attributes, no debug enabled
[STDERR  ] 2017-05-30T16:38:25.791513951Z: [    8.445643] 9p: Installing v9fs 9p2000 file system support
[STDERR  ] 2017-05-30T16:38:25.791519475Z: [    8.446963] FS-Cache: Netfs '9p' registered for caching
[STDERR  ] 2017-05-30T16:38:25.791524768Z: [    8.451135] Key type big_key registered
[STDERR  ] 2017-05-30T16:38:25.791529681Z: [    8.513819] NET: Registered protocol family 38
[STDERR  ] 2017-05-30T16:38:25.791534959Z: [    8.515780] Key type asymmetric registered
[STDERR  ] 2017-05-30T16:38:25.791537584Z: [    8.516786] Asymmetric key parser 'x509' registered
[STDERR  ] 2017-05-30T16:38:25.791542525Z: [    8.518623] Block layer SCSI generic (bsg) driver version 0.4 loaded (major 251)
[STDERR  ] 2017-05-30T16:38:25.791554056Z: [    8.522689] io scheduler noop registered
[STDERR  ] 2017-05-30T16:38:25.791559384Z: [    8.523816] io scheduler deadline registered (default)
[STDERR  ] 2017-05-30T16:38:25.791564354Z: [    8.525302] io scheduler cfq registered
[STDERR  ] 2017-05-30T16:38:25.791569355Z: [    8.532277] pci_hotplug: PCI Hot Plug PCI Core version: 0.5
[STDERR  ] 2017-05-30T16:38:25.791662936Z: [    8.533908] pciehp: PCI Express Hot Plug Controller Driver version: 0.4
[STDERR  ] 2017-05-30T16:38:25.791670746Z: [    8.536165] shpchp: Standard Hot Plug PCI Controller Driver version: 0.4
[STDERR  ] 2017-05-30T16:38:25.791676028Z: [    8.538441] hv_vmbus: registering driver hyperv_fb
[STDERR  ] 2017-05-30T16:38:25.791678674Z: [    8.545281] input: Power Button as /devices/LNXSYSTM:00/LNXPWRBN:00/input/input0
[STDERR  ] 2017-05-30T16:38:25.791690906Z: [    8.547863] ACPI: Power Button [PWRF]
[STDERR  ] 2017-05-30T16:38:25.791693608Z: [    8.557919] GHES: HEST is not enabled!
[STDERR  ] 2017-05-30T16:38:25.791704614Z: [    8.578764] ACPI: PCI Interrupt Link [GSIH] enabled at IRQ 23
[STDERR  ] 2017-05-30T16:38:25.791707409Z: [    8.590097] xenfs: not registering filesystem on non-xen platform
[STDERR  ] 2017-05-30T16:38:25.791718088Z: [    8.595423] Serial: 8250/16550 driver, 4 ports, IRQ sharing disabled
[STDERR  ] 2017-05-30T16:38:25.791723185Z: [    8.626218] 00:04: ttyS0 at I/O 0x3f8 (irq = 4, base_baud = 115200) is a 16550A
[STDERR  ] 2017-05-30T16:38:25.791856313Z: [    8.640586] Initializing Nozomi driver 2.1d
[STDERR  ] 2017-05-30T16:38:25.791864498Z: [    8.649012] Non-volatile memory driver v1.3
[STDERR  ] 2017-05-30T16:38:25.791870064Z: [    8.660629] Hangcheck: starting hangcheck timer 0.9.1 (tick is 180 seconds, margin is 60 seconds).
[STDERR  ] 2017-05-30T16:38:25.791875267Z: [    8.733588] loop: module loaded
[STDERR  ] 2017-05-30T16:38:25.791880348Z: [    8.755272] nbd: registered device at major 43
[STDERR  ] 2017-05-30T16:38:25.791890795Z: [    8.830969] lpc_ich 0000:00:1f.0: I/O space for GPIO uninitialized
[STDERR  ] 2017-05-30T16:38:25.791896098Z: [    8.834974] VMware PVSCSI driver - version 1.0.5.0-k
[STDERR  ] 2017-05-30T16:38:25.791898638Z: [    8.836964] hv_vmbus: registering driver hv_storvsc
[STDERR  ] 2017-05-30T16:38:25.791906141Z: [    8.856772] ACPI: PCI Interrupt Link [GSIA] enabled at IRQ 16
[STDERR  ] 2017-05-30T16:38:25.791911408Z: [    8.867788] ahci 0000:00:1f.2: AHCI 0001.0000 32 slots 6 ports 1.5 Gbps 0x3f impl SATA mode
[STDERR  ] 2017-05-30T16:38:25.791933858Z: [    8.869735] ahci 0000:00:1f.2: flags: 64bit ncq only 
[STDERR  ] 2017-05-30T16:38:25.791939053Z: [    8.908810] scsi host0: ahci
[STDERR  ] 2017-05-30T16:38:25.791944084Z: [    8.915143] scsi host1: ahci
[STDERR  ] 2017-05-30T16:38:25.791949048Z: [    8.919919] scsi host2: ahci
[STDERR  ] 2017-05-30T16:38:25.791953937Z: [    8.924996] scsi host3: ahci
[STDERR  ] 2017-05-30T16:38:25.791959008Z: [    8.929510] scsi host4: ahci
[STDERR  ] 2017-05-30T16:38:25.791963961Z: [    8.934399] scsi host5: ahci
[STDERR  ] 2017-05-30T16:38:25.791969045Z: [    8.938062] ata1: SATA max UDMA/133 abar m4096@0xfebf1000 port 0xfebf1100 irq 24
[STDERR  ] 2017-05-30T16:38:25.791971661Z: [    8.939533] ata2: SATA max UDMA/133 abar m4096@0xfebf1000 port 0xfebf1180 irq 24
[STDERR  ] 2017-05-30T16:38:25.791978837Z: [    8.941172] ata3: SATA max UDMA/133 abar m4096@0xfebf1000 port 0xfebf1200 irq 24
[STDERR  ] 2017-05-30T16:38:25.791986427Z: [    8.942269] ata4: SATA max UDMA/133 abar m4096@0xfebf1000 port 0xfebf1280 irq 24
[STDERR  ] 2017-05-30T16:38:25.791991437Z: [    8.943467] ata5: SATA max UDMA/133 abar m4096@0xfebf1000 port 0xfebf1300 irq 24
[STDERR  ] 2017-05-30T16:38:25.792007821Z: [    8.944537] ata6: SATA max UDMA/133 abar m4096@0xfebf1000 port 0xfebf1380 irq 24
[STDERR  ] 2017-05-30T16:38:25.792012827Z: [    8.964140] Ethernet Channel Bonding Driver: v3.7.1 (April 27, 2011)
[STDERR  ] 2017-05-30T16:38:25.792017963Z: [    8.997783] tun: Universal TUN/TAP device driver, 1.6
[STDERR  ] 2017-05-30T16:38:25.792025394Z: [    8.998967] tun: (C) 1999-2004 Max Krasnyansky <maxk@qualcomm.com>
[STDERR  ] 2017-05-30T16:38:25.792030684Z: [    9.003256] e1000: Intel(R) PRO/1000 Network Driver - version 7.3.21-k8-NAPI
[STDERR  ] 2017-05-30T16:38:25.792035661Z: [    9.004412] e1000: Copyright (c) 1999-2006 Intel Corporation.
[STDERR  ] 2017-05-30T16:38:25.792040827Z: [    9.019404] ACPI: PCI Interrupt Link [GSIG] enabled at IRQ 22
[STDERR  ] 2017-05-30T16:38:25.792043447Z: [    9.300889] tsc: Refined TSC clocksource calibration: 2600.011 MHz
[STDERR  ] 2017-05-30T16:38:25.79205091Z: [    9.302700] clocksource: tsc: mask: 0xffffffffffffffff max_cycles: 0x257a467bc33, max_idle_ns: 440795240849 ns
[STDERR  ] 2017-05-30T16:38:25.792053524Z: [    9.344826] e1000 0000:00:02.0 eth0: (PCI:33MHz:32-bit) 52:54:00:12:34:56
[STDERR  ] 2017-05-30T16:38:25.792064513Z: [    9.346284] e1000 0000:00:02.0 eth0: Intel(R) PRO/1000 Network Connection
[STDERR  ] 2017-05-30T16:38:25.792085621Z: [    9.347538] e1000e: Intel(R) PRO/1000 Network Driver - 3.2.6-k
[STDERR  ] 2017-05-30T16:38:25.792088603Z: [    9.348119] e1000e: Copyright(c) 1999 - 2015 Intel Corporation.
[STDERR  ] 2017-05-30T16:38:25.792098001Z: [    9.349221] igb: Intel(R) Gigabit Ethernet Network Driver - version 5.3.0-k
[STDERR  ] 2017-05-30T16:38:25.792100585Z: [    9.350830] igb: Copyright (c) 2007-2014 Intel Corporation.
[STDERR  ] 2017-05-30T16:38:25.792108263Z: [    9.352546] igbvf: Intel(R) Gigabit Virtual Function Network Driver - version 2.0.2-k
[STDERR  ] 2017-05-30T16:38:25.792114435Z: [    9.353603] igbvf: Copyright (c) 2009 - 2012 Intel Corporation.
[STDERR  ] 2017-05-30T16:38:25.79211958Z: [    9.355008] ixgbe: Intel(R) 10 Gigabit PCI Express Network Driver - version 4.2.1-k
[STDERR  ] 2017-05-30T16:38:25.792124623Z: [    9.356100] ixgbe: Copyright (c) 1999-2015 Intel Corporation.
[STDERR  ] 2017-05-30T16:38:25.792129777Z: [    9.357831] ixgbevf: Intel(R) 10 Gigabit PCI Express Virtual Function Network Driver - version 2.12.1-k
[STDERR  ] 2017-05-30T16:38:25.792134971Z: [    9.358981] ixgbevf: Copyright (c) 2009 - 2012 Intel Corporation.
[STDERR  ] 2017-05-30T16:38:25.792140027Z: [    9.360637] ixgb: Intel(R) PRO/10GbE Network Driver - version 1.0.135-k2-NAPI
[STDERR  ] 2017-05-30T16:38:25.79214505Z: [    9.361462] ixgb: Copyright (c) 1999-2008 Intel Corporation.
[STDERR  ] 2017-05-30T16:38:25.792157533Z: [    9.363444] PPP generic driver version 2.4.2
[STDERR  ] 2017-05-30T16:38:25.792165083Z: [    9.365870] PPP BSD Compression module registered
[STDERR  ] 2017-05-30T16:38:25.792176414Z: [    9.366621] PPP Deflate Compression module registered
[STDERR  ] 2017-05-30T16:38:25.792181674Z: [    9.367407] PPP MPPE Compression module registered
[STDERR  ] 2017-05-30T16:38:25.792186768Z: [    9.367962] NET: Registered protocol family 24
[STDERR  ] 2017-05-30T16:38:25.792191793Z: [    9.368877] PPTP driver version 0.8.5
[STDERR  ] 2017-05-30T16:38:25.792194415Z: [    9.370974] VMware vmxnet3 virtual NIC driver - version 1.4.5.0-k-NAPI
[STDERR  ] 2017-05-30T16:38:25.792199351Z: [    9.372235] hv_vmbus: registering driver hv_netvsc
[STDERR  ] 2017-05-30T16:38:25.79220696Z: [    9.372723] Fusion MPT base driver 3.04.20
[STDERR  ] 2017-05-30T16:38:25.792211911Z: [    9.373121] Copyright (c) 1999-2008 LSI Corporation
[STDERR  ] 2017-05-30T16:38:25.792216936Z: [    9.373984] Fusion MPT SPI Host driver 3.04.20
[STDERR  ] 2017-05-30T16:38:25.79222207Z: [    9.381372] aoe: AoE v85 initialised.
[STDERR  ] 2017-05-30T16:38:25.792224729Z: [    9.385219] i8042: PNP: PS/2 Controller [PNP0303:KBD,PNP0f13:MOU] at 0x60,0x64 irq 1,12
[STDERR  ] 2017-05-30T16:38:25.79223801Z: [    9.391261] serio: i8042 KBD port at 0x60,0x64 irq 1
[STDERR  ] 2017-05-30T16:38:25.792247886Z: [    9.392502] serio: i8042 AUX port at 0x60,0x64 irq 12
[STDERR  ] 2017-05-30T16:38:25.792252896Z: [    9.395972] hv_vmbus: registering driver hyperv_keyboard
[STDERR  ] 2017-05-30T16:38:25.79225789Z: [    9.399806] mousedev: PS/2 mouse device common for all mice
[STDERR  ] 2017-05-30T16:38:25.79226296Z: [    9.406948] input: AT Translated Set 2 keyboard as /devices/platform/i8042/serio0/input/input1
[STDERR  ] 2017-05-30T16:38:25.792268016Z: [    9.411025] ata1: SATA link down (SStatus 0 SControl 300)
[STDERR  ] 2017-05-30T16:38:25.79227304Z: [    9.413519] ata2: SATA link down (SStatus 0 SControl 300)
[STDERR  ] 2017-05-30T16:38:25.792279019Z: [    9.414663] ata3: SATA link up 1.5 Gbps (SStatus 113 SControl 300)
[STDERR  ] 2017-05-30T16:38:25.792284157Z: [    9.418406] ata3.00: ATAPI: QEMU DVD-ROM, 2.5+, max UDMA/100
[STDERR  ] 2017-05-30T16:38:25.79228922Z: [    9.419464] ata3.00: applying bridge limits
[STDERR  ] 2017-05-30T16:38:25.792291822Z: [    9.421980] ata4: SATA link down (SStatus 0 SControl 300)
[STDERR  ] 2017-05-30T16:38:25.792296736Z: [    9.422997] ata5: SATA link down (SStatus 0 SControl 300)
[STDERR  ] 2017-05-30T16:38:25.792315644Z: [    9.423778] ata6: SATA link down (SStatus 0 SControl 300)
[STDERR  ] 2017-05-30T16:38:25.792320997Z: [    9.425677] input: PC Speaker as /devices/platform/pcspkr/input/input2
[STDERR  ] 2017-05-30T16:38:25.792326164Z: [    9.430636] ata3.00: configured for UDMA/100
[STDERR  ] 2017-05-30T16:38:25.792330497Z: [    9.435726] rtc_cmos 00:00: RTC can wake from S4
[STDERR  ] 2017-05-30T16:38:25.792338082Z: [    9.452778] rtc_cmos 00:00: rtc core: registered rtc_cmos as rtc0
[STDERR  ] 2017-05-30T16:38:25.792340712Z: [    9.454835] rtc_cmos 00:00: alarms up to one day, y3k, 114 bytes nvram, hpet irqs
[STDERR  ] 2017-05-30T16:38:25.79235037Z: [    9.456257] i2c /dev entries driver
[STDERR  ] 2017-05-30T16:38:25.79235572Z: [    9.458723] scsi 2:0:0:0: CD-ROM            QEMU     QEMU DVD-ROM     2.5+ PQ: 0 ANSI: 5
[STDERR  ] 2017-05-30T16:38:25.7923599Z: [    9.466604] device-mapper: ioctl: 4.34.0-ioctl (2015-10-28) initialised: dm-devel@redhat.com
[STDERR  ] 2017-05-30T16:38:25.792367787Z: [    9.474550] hv_utils: Registering HyperV Utility Driver
[STDERR  ] 2017-05-30T16:38:25.792372823Z: [    9.475180] hv_vmbus: registering driver hv_util
[STDERR  ] 2017-05-30T16:38:25.792375296Z: [    9.475706] hv_vmbus: registering driver hv_balloon
[STDERR  ] 2017-05-30T16:38:25.792391634Z: [    9.476581] oprofile: using NMI interrupt.
[STDERR  ] 2017-05-30T16:38:25.792396686Z: [    9.478535] sr 2:0:0:0: [sr0] scsi3-mmc drive: 4x/4x cd/rw xa/form2 tray
[STDERR  ] 2017-05-30T16:38:25.792401769Z: [    9.479519] cdrom: Uniform CD-ROM driver Revision: 3.20
[STDERR  ] 2017-05-30T16:38:25.792406829Z: [    9.485366] GACT probability on
[STDERR  ] 2017-05-30T16:38:25.792411984Z: [    9.486154] Mirror/redirect action on
[STDERR  ] 2017-05-30T16:38:25.79241694Z: [    9.486772] Simple TC action Loaded
[STDERR  ] 2017-05-30T16:38:25.792424542Z: [    9.492130] sr 2:0:0:0: Attached scsi generic sg0 type 5
[STDERR  ] 2017-05-30T16:38:25.792427273Z: [    9.494804] netem: version 1.3
[STDERR  ] 2017-05-30T16:38:25.792434863Z: [    9.495419] u32 classifier
[STDERR  ] 2017-05-30T16:38:25.792442789Z: [    9.495759]     Performance counters on
[STDERR  ] 2017-05-30T16:38:25.79244833Z: [    9.496141]     input device check on
[STDERR  ] 2017-05-30T16:38:25.792464687Z: [    9.496501]     Actions configured
[STDERR  ] 2017-05-30T16:38:25.792469776Z: [    9.497512] Netfilter messages via NETLINK v0.30.
[STDERR  ] 2017-05-30T16:38:25.792472466Z: [    9.498532] nfnl_acct: registering with nfnetlink.
[STDERR  ] 2017-05-30T16:38:25.792477434Z: [    9.499827] nf_conntrack version 0.5.0 (7904 buckets, 31616 max)
[STDERR  ] 2017-05-30T16:38:25.792485076Z: [    9.504699] ctnetlink v0.93: registering with nfnetlink.
[STDERR  ] 2017-05-30T16:38:25.792493064Z: [    9.508921] nf_tables: (c) 2007-2009 Patrick McHardy <kaber@trash.net>
[STDERR  ] 2017-05-30T16:38:25.79249837Z: [    9.510782] nf_tables_compat: (c) 2012 Pablo Neira Ayuso <pablo@netfilter.org>
[STDERR  ] 2017-05-30T16:38:25.792503446Z: [    9.515287] xt_time: kernel timezone is -0000
[STDERR  ] 2017-05-30T16:38:25.792509459Z: [    9.516530] ip_set: protocol 6
[STDERR  ] 2017-05-30T16:38:25.79251649Z: [    9.517574] IPVS: Registered protocols (TCP, UDP, SCTP, AH, ESP)
[STDERR  ] 2017-05-30T16:38:25.792523309Z: [    9.518596] IPVS: Connection hash table configured (size=4096, memory=64Kbytes)
[STDERR  ] 2017-05-30T16:38:25.792528302Z: [    9.521342] IPVS: Creating netns size=2096 id=0
[STDERR  ] 2017-05-30T16:38:25.792540429Z: [    9.524879] IPVS: ipvs loaded.
[STDERR  ] 2017-05-30T16:38:25.79254544Z: [    9.525920] IPVS: [rr] scheduler registered.
[STDERR  ] 2017-05-30T16:38:25.792550514Z: [    9.526605] IPVS: [wrr] scheduler registered.
[STDERR  ] 2017-05-30T16:38:25.792555457Z: [    9.527164] IPVS: [lc] scheduler registered.
[STDERR  ] 2017-05-30T16:38:25.792558084Z: [    9.527657] IPVS: [wlc] scheduler registered.
[STDERR  ] 2017-05-30T16:38:25.792563012Z: [    9.528290] IPVS: [fo] scheduler registered.
[STDERR  ] 2017-05-30T16:38:25.79257354Z: [    9.528728] IPVS: [ovf] scheduler registered.
[STDERR  ] 2017-05-30T16:38:25.792578726Z: [    9.529677] IPVS: [lblc] scheduler registered.
[STDERR  ] 2017-05-30T16:38:25.792583676Z: [    9.530978] IPVS: [lblcr] scheduler registered.
[STDERR  ] 2017-05-30T16:38:25.79258629Z: [    9.531477] IPVS: [dh] scheduler registered.
[STDERR  ] 2017-05-30T16:38:25.792591212Z: [    9.532019] IPVS: [sh] scheduler registered.
[STDERR  ] 2017-05-30T16:38:25.792675231Z: [    9.532507] IPVS: [sed] scheduler registered.
[STDERR  ] 2017-05-30T16:38:25.792681362Z: [    9.532967] IPVS: [nq] scheduler registered.
[STDERR  ] 2017-05-30T16:38:25.792694791Z: [    9.534043] IPVS: ftp: loaded support on port[0] = 21
[STDERR  ] 2017-05-30T16:38:25.792700362Z: [    9.535268] ipip: IPv4 over IPv4 tunneling driver
[STDERR  ] 2017-05-30T16:38:25.792703003Z: [    9.539571] gre: GRE over IPv4 demultiplexor driver
[STDERR  ] 2017-05-30T16:38:25.792707888Z: [    9.541318] ip_gre: GRE over IPv4 tunneling driver
[STDERR  ] 2017-05-30T16:38:25.792715342Z: [    9.549532] IPv4 over IPsec tunneling driver
[STDERR  ] 2017-05-30T16:38:25.792720321Z: [    9.557228] ip_tables: (C) 2000-2006 Netfilter Core Team
[STDERR  ] 2017-05-30T16:38:25.792726981Z: [    9.561542] ipt_CLUSTERIP: ClusterIP Version 0.8 loaded successfully
[STDERR  ] 2017-05-30T16:38:25.792731985Z: [    9.562904] arp_tables: (C) 2002 David S. Miller
[STDERR  ] 2017-05-30T16:38:25.792737061Z: [    9.565825] Initializing XFRM netlink socket
[STDERR  ] 2017-05-30T16:38:25.792742046Z: [    9.567496] NET: Registered protocol family 10
[STDERR  ] 2017-05-30T16:38:25.792744658Z: [    9.581692] mip6: Mobile IPv6
[STDERR  ] 2017-05-30T16:38:25.792749631Z: [    9.582577] ip6_tables: (C) 2000-2006 Netfilter Core Team
[STDERR  ] 2017-05-30T16:38:25.792757156Z: [    9.593328] sit: IPv6 over IPv4 tunneling driver
[STDERR  ] 2017-05-30T16:38:25.792773018Z: [    9.603475] ip6_gre: GRE over IPv6 tunneling driver
[STDERR  ] 2017-05-30T16:38:25.792778191Z: [    9.608241] NET: Registered protocol family 17
[STDERR  ] 2017-05-30T16:38:25.792783352Z: [    9.609516] NET: Registered protocol family 15
[STDERR  ] 2017-05-30T16:38:25.792790285Z: [    9.611333] bridge: automatic filtering via arp/ip/ip6tables has been deprecated. Update your scripts to load br_netfilter if you need this.
[STDERR  ] 2017-05-30T16:38:25.792797042Z: [    9.613625] Bridge firewalling registered
[STDERR  ] 2017-05-30T16:38:25.792799662Z: [    9.614724] Ebtables v2.0 registered
[STDERR  ] 2017-05-30T16:38:25.792807068Z: [    9.619476] l2tp_core: L2TP core driver, V2.0
[STDERR  ] 2017-05-30T16:38:25.792812066Z: [    9.620683] l2tp_ppp: PPPoL2TP kernel driver, V2.0
[STDERR  ] 2017-05-30T16:38:25.792814628Z: [    9.621215] 8021q: 802.1Q VLAN Support v1.8
[STDERR  ] 2017-05-30T16:38:25.792822005Z: [    9.622997] 9pnet: Installing 9P2000 support
[STDERR  ] 2017-05-30T16:38:25.792826988Z: [    9.624164] Key type dns_resolver registered
[STDERR  ] 2017-05-30T16:38:25.792831942Z: [    9.624788] openvswitch: Open vSwitch switching datapath
[STDERR  ] 2017-05-30T16:38:25.792837011Z: [    9.627807] hv_sock: failed to load: VMBus 4 or later is required
[STDERR  ] 2017-05-30T16:38:25.792852122Z: [    9.628637] mpls_gso: MPLS GSO support
[STDERR  ] 2017-05-30T16:38:25.792857111Z: [    9.629484] microcode: AMD CPU family 0x6 not supported
[STDERR  ] 2017-05-30T16:38:25.792862131Z: [    9.634759] registered taskstats version 1
[STDERR  ] 2017-05-30T16:38:25.792867129Z: [    9.798854] Key type encrypted registered
[STDERR  ] 2017-05-30T16:38:25.792869781Z: [    9.806230] rtc_cmos 00:00: setting system clock to 2017-05-30 16:37:46 UTC (1496162266)
[STDERR  ] 2017-05-30T16:38:25.792878662Z: [    9.985795] Freeing unused kernel memory: 1372K (ffffffff89f70000 - ffffffff8a0c7000)
[STDERR  ] 2017-05-30T16:38:25.792883962Z: [    9.987193] Write protecting the kernel read-only data: 14336k
[STDERR  ] 2017-05-30T16:38:25.792893508Z: [   10.012878] Freeing unused kernel memory: 1284K (ffff8800098bf000 - ffff880009a00000)
[STDERR  ] 2017-05-30T16:38:25.792901263Z: [   10.175062] Freeing unused kernel memory: 1008K (ffff880009d04000 - ffff880009e00000)
[STDERR  ] 2017-05-30T16:38:25.792906523Z: [   10.311833] clocksource: Switched to clocksource tsc
[STDERR  ] 2017-05-30T16:38:25.792911621Z: 
[STDERR  ] 2017-05-30T16:38:25.792925506Z: Welcome to LinuxKit
[STDERR  ] 2017-05-30T16:38:25.792930632Z: 
[STDERR  ] 2017-05-30T16:38:25.792935653Z:                         ##         .
[STDERR  ] 2017-05-30T16:38:25.792940731Z:                   ## ## ##        ==
[STDERR  ] 2017-05-30T16:38:25.792945733Z:                ## ## ## ## ##    ===
[STDERR  ] 2017-05-30T16:38:25.792952203Z:            /"""""""""""""""""\___/ ===
[STDERR  ] 2017-05-30T16:38:25.792959649Z:       ~~~ {~~ ~~~~ ~~~ ~~~~ ~~~ ~ /  ===- ~~~
[STDERR  ] 2017-05-30T16:38:25.792964735Z:            \______ o           __/
[STDERR  ] 2017-05-30T16:38:25.792969795Z:              \    \         __/
[STDERR  ] 2017-05-30T16:38:25.79297617Z:               \____\_______/
[STDERR  ] 2017-05-30T16:38:25.792978865Z: 
[STDERR  ] 2017-05-30T16:38:25.79298628Z: 
[STDERR  ] 2017-05-30T16:38:25.792996065Z: 
[STDERR  ] 2017-05-30T16:38:25.793004454Z: Starting containerd
[STDERR  ] 2017-05-30T16:38:25.79300965Z: / # [6n[34mINFO[0m[0000] starting containerd boot...                   [34mmodule[0m=containerd
[STDERR  ] 2017-05-30T16:38:25.793014907Z: [34mINFO[0m[0000] starting debug API...                         [34mdebug[0m="/run/containerd/debug.sock" [34mmodule[0m=containerd
[STDERR  ] 2017-05-30T16:38:25.793020025Z: [34mINFO[0m[0000] loading monitor plugin "cgroups"...           [34mmodule[0m=containerd
[STDERR  ] 2017-05-30T16:38:25.793025044Z: [34mINFO[0m[0000] loading runtime plugin "linux"...             [34mmodule[0m=containerd
[STDERR  ] 2017-05-30T16:38:25.793033658Z: [34mINFO[0m[0000] loading snapshot plugin "snapshot-overlay"...  [34mmodule[0m=containerd
[STDERR  ] 2017-05-30T16:38:25.7930418Z: [34mINFO[0m[0000] loading grpc service plugin "healthcheck-grpc"...  [34mmodule[0m=containerd
[STDERR  ] 2017-05-30T16:38:25.79304825Z: [34mINFO[0m[0000] loading grpc service plugin "metrics-grpc"...  [34mmodule[0m=containerd
[STDERR  ] 2017-05-30T16:38:25.793053455Z: [34mINFO[0m[0000] loading grpc service plugin "version-grpc"...  [34mmodule[0m=containerd
[STDERR  ] 2017-05-30T16:38:25.793058472Z: [34mINFO[0m[0000] loading grpc service plugin "content-grpc"...  [34mmodule[0m=containerd
[STDERR  ] 2017-05-30T16:38:25.79306349Z: [34mINFO[0m[0000] loading grpc service plugin "diff-grpc"...    [34mmodule[0m=containerd
[STDERR  ] 2017-05-30T16:38:25.793078654Z: [34mINFO[0m[0000] loading grpc service plugin "runtime-grpc"...  [34mmodule[0m=containerd
[STDERR  ] 2017-05-30T16:38:25.793088218Z: [34mINFO[0m[0000] loading grpc service plugin "images-grpc"...  [34mmodule[0m=containerd
[STDERR  ] 2017-05-30T16:38:25.793090865Z: [34mINFO[0m[0000] loading grpc service plugin "snapshots-grpc"...  [34mmodule[0m=containerd
[STDERR  ] 2017-05-30T16:38:25.793098574Z: [34mINFO[0m[0000] starting GRPC API server...                   [34mmodule[0m=containerd
[STDERR  ] 2017-05-30T16:38:25.79310637Z: [34mINFO[0m[0000] starting metrics API...                       [34mmetrics[0m=":13337" [34mmodule[0m=containerd
[STDERR  ] 2017-05-30T16:38:25.793115511Z: [34mINFO[0m[0000] containerd successfully booted in 0.227292s   [34mmodule[0m=containerd
