[INFO    ] 2018-08-13T13:53:22.264688906Z: Running Test linuxkit.kernel.config_4.14.x in /tmp/build/test/cases/020_kernel/006_config_4.14.x
[STDERR  ] 2018-08-13T13:53:22.264745815Z: [   18.863356] RPC: Registered tcp NFSv4.1 backchannel transport module.
[STDERR  ] 2018-08-13T13:53:22.264773563Z: [   18.948971] FS-Cache: Netfs 'nfs' registered for caching
[STDERR  ] 2018-08-13T13:53:22.264795295Z: [   19.046520] Installing knfsd (copyright (C) 1996 okir@monad.swb.de).
[STDERR  ] 2018-08-13T13:53:22.264822699Z: [   19.098169] ntfs: driver 2.1.32 [Flags: R/O MODULE].
[STDERR  ] 2018-08-13T13:53:22.264841195Z: starting kernel config sanity test with /proc/config.gz
[STDERR  ] 2018-08-13T13:53:22.264858798Z: kernel config test succeeded!
[INFO    ] 2018-08-13T13:53:22.264866425Z: Running command: [/bin/sh -x /tmp/build/test/cases/020_kernel/006_config_4.14.x/test.sh]
[STDERR  ] 2018-08-13T13:53:22.264891364Z: [37minfo: reading kernel config from /proc/config.gz ...[m
[STDERR  ] 2018-08-13T13:53:22.264909494Z: 
[STDERR  ] 2018-08-13T13:53:22.264927908Z: Generally Necessary:
[STDERR  ] 2018-08-13T13:53:22.264947563Z: - [37mcgroup hierarchy[m: [32mproperly mounted[m [/sys/fs/cgroup]
[STDERR  ] 2018-08-13T13:53:22.264966310Z: - [37mCONFIG_NAMESPACES[m: [32menabled[m
[STDERR  ] 2018-08-13T13:53:22.264986826Z: - [37mCONFIG_NET_NS[m: [32menabled[m
[STDERR  ] 2018-08-13T13:53:22.265004286Z: - [37mCONFIG_PID_NS[m: [32menabled[m
[STDERR  ] 2018-08-13T13:53:22.265021639Z: - [37mCONFIG_IPC_NS[m: [32menabled[m
[STDERR  ] 2018-08-13T13:53:22.265039187Z: - [37mCONFIG_UTS_NS[m: [32menabled[m
[STDERR  ] 2018-08-13T13:53:22.265057320Z: - [37mCONFIG_CGROUPS[m: [32menabled[m
[STDERR  ] 2018-08-13T13:53:22.265074416Z: - [37mCONFIG_CGROUP_CPUACCT[m: [32menabled[m
[STDERR  ] 2018-08-13T13:53:22.265091256Z: - [37mCONFIG_CGROUP_DEVICE[m: [32menabled[m
[STDERR  ] 2018-08-13T13:53:22.265108601Z: - [37mCONFIG_CGROUP_FREEZER[m: [32menabled[m
[STDERR  ] 2018-08-13T13:53:22.265125257Z: - [37mCONFIG_CGROUP_SCHED[m: [32menabled[m
[STDERR  ] 2018-08-13T13:53:22.265142037Z: - [37mCONFIG_CPUSETS[m: [32menabled[m
[STDERR  ] 2018-08-13T13:53:22.265158637Z: - [37mCONFIG_MEMCG[m: [32menabled[m
[STDERR  ] 2018-08-13T13:53:22.265172125Z: - [37mCONFIG_KEYS[m: [32menabled[m
[STDERR  ] 2018-08-13T13:53:22.265185309Z: - [37mCONFIG_VETH[m: [32menabled[m
[STDERR  ] 2018-08-13T13:53:22.265198247Z: - [37mCONFIG_BRIDGE[m: [32menabled[m
[STDERR  ] 2018-08-13T13:53:22.265214398Z: - [37mCONFIG_BRIDGE_NETFILTER[m: [32menabled[m
[STDERR  ] 2018-08-13T13:53:22.265228577Z: - [37mCONFIG_NF_NAT_IPV4[m: [32menabled[m
[STDERR  ] 2018-08-13T13:53:22.265242545Z: - [37mCONFIG_IP_NF_FILTER[m: [32menabled[m
[STDERR  ] 2018-08-13T13:53:22.265255694Z: - [37mCONFIG_IP_NF_TARGET_MASQUERADE[m: [32menabled[m
[STDERR  ] 2018-08-13T13:53:22.265269201Z: - [37mCONFIG_NETFILTER_XT_MATCH_ADDRTYPE[m: [32menabled[m
[STDERR  ] 2018-08-13T13:53:22.265283119Z: - [37mCONFIG_NETFILTER_XT_MATCH_CONNTRACK[m: [32menabled[m
[STDERR  ] 2018-08-13T13:53:22.265297051Z: - [37mCONFIG_NETFILTER_XT_MATCH_IPVS[m: [32menabled[m
[STDERR  ] 2018-08-13T13:53:22.265310780Z: - [37mCONFIG_IP_NF_NAT[m: [32menabled[m
[STDERR  ] 2018-08-13T13:53:22.265324084Z: - [37mCONFIG_NF_NAT[m: [32menabled[m
[STDERR  ] 2018-08-13T13:53:22.265337606Z: - [37mCONFIG_NF_NAT_NEEDED[m: [32menabled[m
[STDERR  ] 2018-08-13T13:53:22.265350797Z: - [37mCONFIG_POSIX_MQUEUE[m: [32menabled[m
[STDERR  ] 2018-08-13T13:53:22.265366416Z: 
[STDERR  ] 2018-08-13T13:53:22.265379442Z: Optional Features:
[STDERR  ] 2018-08-13T13:53:22.265393211Z: - [37mCONFIG_USER_NS[m: [32menabled[m
[STDERR  ] 2018-08-13T13:53:22.265406134Z: - [37mCONFIG_SECCOMP[m: [32menabled[m
[STDERR  ] 2018-08-13T13:53:22.265419137Z: - [37mCONFIG_CGROUP_PIDS[m: [32menabled[m
[STDERR  ] 2018-08-13T13:53:22.265433628Z: - [37mCONFIG_MEMCG_SW
[STDERR  ] 2018-08-13T13:53:22.266219432Z: + set -e
[STDERR  ] 2018-08-13T13:53:22.266277872Z: + . /tmp/build/test/cases/_lib/lib.sh
[STDERR  ] 2018-08-13T13:53:22.266306103Z: + [ -f src/github.com/linuxkit/rtf/lib/lib.sh ]
[STDERR  ] 2018-08-13T13:53:22.266333822Z: + LINUXKIT_TMPDIR=/tmp/build/test/cases/_tmp
[STDERR  ] 2018-08-13T13:53:22.266354058Z: + [ -f /tmp/build/test/cases/_tmp/env.sh ]
[STDERR  ] 2018-08-13T13:53:22.266377329Z: + . /tmp/build/test/cases/_tmp/env.sh
[STDERR  ] 2018-08-13T13:53:22.266399294Z: + export LINUXKIT_EXAMPLES_DIR=/tmp/build/test/cases/../../examples
[STDERR  ] 2018-08-13T13:53:22.266431496Z: + RT_CANCEL=253
[STDERR  ] 2018-08-13T13:53:22.266452395Z: + NAME=kconfig
[STDERR  ] 2018-08-13T13:53:22.266472262Z: + trap clean_up EXIT
[STDERR  ] 2018-08-13T13:53:22.266494792Z: + linuxkit build -format kernel+initrd -name kconfig test.yml
[STDERR  ] 2018-08-13T13:53:22.313379208Z: Extract kernel image: linuxkit/kernel:4.14.58
[STDERR  ] 2018-08-13T13:53:24.181173641Z: Add init containers:
[STDERR  ] 2018-08-13T13:53:24.181250177Z: Process init image: linuxkit/init:v0.6
[STDERR  ] 2018-08-13T13:53:25.417340209Z: Process init image: linuxkit/runc:v0.6
[STDERR  ] 2018-08-13T13:53:26.579004431Z: Add onboot containers:
[STDERR  ] 2018-08-13T13:53:26.579079771Z:   Create OCI config for linuxkit/test-kernel-config:2ef7eb902baab9d90eff9984b4580ab5aba95dac
[STDERR  ] 2018-08-13T13:53:28.004409954Z:   Create OCI config for linuxkit/poweroff:afe8f7dd0d47a7991c54519b0f09124cb8c4e300
[STDERR  ] 2018-08-13T13:53:29.206601472Z: Create outputs:
[STDERR  ] 2018-08-13T13:53:34.361451316Z:   kconfig-kernel kconfig-initrd.img kconfig-cmdline
[STDERR  ] 2018-08-13T13:53:34.417893461Z: + linuxkit run kconfig
[STDERR  ] 2018-08-13T13:54:16.591041513Z: + RESULT=[    0.000000] Linux version 4.14.58-linuxkit (root@rlin01) (gcc version 6.4.0 (Alpine 6.4.0)) #1 SMP Fri Aug 10 12:45:46 UTC 2018
[STDERR  ] 2018-08-13T13:54:16.591147989Z: [    0.000000] Command line: console=ttyS0 console=ttyAMA0
[STDERR  ] 2018-08-13T13:54:16.591170278Z: [    0.000000] x86/fpu: x87 FPU will use FXSAVE
[STDERR  ] 2018-08-13T13:54:16.591194009Z: [    0.000000] e820: BIOS-provided physical RAM map:
[STDERR  ] 2018-08-13T13:54:16.591215520Z: [    0.000000] BIOS-e820: [mem 0x0000000000000000-0x000000000009fbff] usable
[STDERR  ] 2018-08-13T13:54:16.591238211Z: [    0.000000] BIOS-e820: [mem 0x000000000009fc00-0x000000000009ffff] reserved
[STDERR  ] 2018-08-13T13:54:16.591262186Z: [    0.000000] BIOS-e820: [mem 0x00000000000f0000-0x00000000000fffff] reserved
[STDERR  ] 2018-08-13T13:54:16.591286696Z: [    0.000000] BIOS-e820: [mem 0x0000000000100000-0x000000003ffdefff] usable
[STDERR  ] 2018-08-13T13:54:16.591308831Z: [    0.000000] BIOS-e820: [mem 0x000000003ffdf000-0x000000003fffffff] reserved
[STDERR  ] 2018-08-13T13:54:16.591329445Z: [    0.000000] BIOS-e820: [mem 0x00000000b0000000-0x00000000bfffffff] reserved
[STDERR  ] 2018-08-13T13:54:16.591345819Z: [    0.000000] BIOS-e820: [mem 0x00000000fed1c000-0x00000000fed1ffff] reserved
[STDERR  ] 2018-08-13T13:54:16.591362542Z: [    0.000000] BIOS-e820: [mem 0x00000000fffc0000-0x00000000ffffffff] reserved
[STDERR  ] 2018-08-13T13:54:16.591378101Z: [    0.000000] NX (Execute Disable) protection: active
[STDERR  ] 2018-08-13T13:54:16.591394588Z: [    0.000000] SMBIOS 2.8 present.
[STDERR  ] 2018-08-13T13:54:16.591412509Z: [    0.000000] DMI: QEMU Standard PC (Q35 + ICH9, 2009), BIOS 1.10.2-1 04/01/2014
[STDERR  ] 2018-08-13T13:54:16.591427369Z: [    0.000000] tsc: Fast TSC calibration using PIT
[STDERR  ] 2018-08-13T13:54:16.591442998Z: [    0.000000] e820: last_pfn = 0x3ffdf max_arch_pfn = 0x400000000
[STDERR  ] 2018-08-13T13:54:16.591475939Z: [    0.000000] x86/PAT: Configuration [0-7]: WB  WC  UC- UC  WB  WP  UC- WT  
[STDERR  ] 2018-08-13T13:54:16.591502174Z: [    0.000000] found SMP MP-table at [mem 0x000f6a90-0x000f6a9f] mapped at [ffffffffff200a90]
[STDERR  ] 2018-08-13T13:54:16.591527706Z: [    0.000000] RAMDISK: [mem 0x3e4ee000-0x3ffcffff]
[STDERR  ] 2018-08-13T13:54:16.591548568Z: [    0.000000] ACPI: Early table checksum verification disabled
[STDERR  ] 2018-08-13T13:54:16.591564103Z: [    0.000000] ACPI: RSDP 0x00000000000F68D0 000014 (v00 BOCHS )
[STDERR  ] 2018-08-13T13:54:16.591594276Z: [    0.000000] ACPI: RSDT 0x000000003FFE2404 000034 (v01 BOCHS  BXPCRSDT 00000001 BXPC 00000001)
[STDERR  ] 2018-08-13T13:54:16.591608919Z: [    0.000000] ACPI: FACP 0x000000003FFE22A4 000074 (v01 BOCHS  BXPCFACP 00000001 BXPC 00000001)
[STDERR  ] 2018-08-13T13:54:16.591623218Z: [    0.000000] ACPI: DSDT 0x000000003FFE0040 002264 (v01 BOCHS  BXPCDSDT 00000001 BXPC 00000001)
[STDERR  ] 2018-08-13T13:54:16.591639767Z: [    0.000000] ACPI: FACS 0x000000003FFE0000 000040
[STDERR  ] 2018-08-13T13:54:16.591653686Z: [    0.000000] ACPI: APIC 0x000000003FFE2318 000078 (v01 BOCHS  BXPCAPIC 00000001 BXPC 00000001)
[STDERR  ] 2018-08-13T13:54:16.591667469Z: [    0.000000] ACPI: HPET 0x000000003FFE2390 000038 (v01 BOCHS  BXPCHPET 00000001 BXPC 00000001)
[STDERR  ] 2018-08-13T13:54:16.591681195Z: [    0.000000] ACPI: MCFG 0x000000003FFE23C8 00003C (v01 BOCHS  BXPCMCFG 00000001 BXPC 00000001)
[STDERR  ] 2018-08-13T13:54:16.591694814Z: [    0.000000] Zone ranges:
[STDERR  ] 2018-08-13T13:54:16.591714393Z: [    0.000000]   DMA      [mem 0x0000000000001000-0x0000000000ffffff]
[STDERR  ] 2018-08-13T13:54:16.591727822Z: [    0.000000]   DMA32    [mem 0x0000000001000000-0x000000003ffdefff]
[STDERR  ] 2018-08-13T13:54:16.591741121Z: [    0.000000]   Normal   empty
[STDERR  ] 2018-08-13T13:54:16.591754406Z: [    0.000000]   Device   empty
[STDERR  ] 2018-08-13T13:54:16.591767945Z: [    0.000000] Movable zone start for each node
[STDERR  ] 2018-08-13T13:54:16.591781304Z: [    0.000000] Early memory node ranges
[STDERR  ] 2018-08-13T13:54:16.591794670Z: [    0.000000]   node   0: [mem 0x0000000000001000-0x000000000009efff]
[STDERR  ] 2018-08-13T13:54:16.591809075Z: [    0.000000]   node   0: [mem 0x0000000000100000-0x000000003ffdefff]
[STDERR  ] 2018-08-13T13:54:16.591822404Z: [    0.000000] Initmem setup node 0 [mem 0x0000000000001000-0x000000003ffdefff]
[STDERR  ] 2018-08-13T13:54:16.591835875Z: [    0.000000] ACPI: PM-Timer IO Port: 0x608
[STDERR  ] 2018-08-13T13:54:16.591856801Z: [    0.000000] ACPI: LAPIC_NMI (acpi_id[0xff] dfl dfl lint[0x1])
[STDERR  ] 2018-08-13T13:54:16.591870514Z: [    0.000000] IOAPIC[0]: apic_id 0, version 32, address 0xfec00000, GSI 0-23
[STDERR  ] 2018-08-13T13:54:16.591883858Z: [    0.000000] ACPI: INT_SRC_OVR (bus 0 bus_irq 0 global_irq 2 dfl dfl)
[STDERR  ] 2018-08-13T13:54:16.591897207Z: [    0.000000] ACPI: INT_SRC_OVR (bus 0 bus_irq 5 global_irq 5 high level)
[STDERR  ] 2018-08-13T13:54:16.591910767Z: [    0.000000] ACPI: INT_SRC_OVR (bus 0 bus_irq 9 global_irq 9 high level)
[STDERR  ] 2018-08-13T13:54:16.591929061Z: [    0.000000] ACPI: INT_SRC_OVR (bus 0 bus_irq 10 global_irq 10 high level)
[STDERR  ] 2018-08-13T13:54:16.591942525Z: [    0.000000] ACPI: INT_SRC_OVR (bus 0 bus_irq 11 global_irq 11 high level)
[STDERR  ] 2018-08-13T13:54:16.591957907Z: [    0.000000] Using ACPI (MADT) for SMP configuration information
[STDERR  ] 2018-08-13T13:54:16.591973789Z: [    0.000000] ACPI: HPET id: 0x8086a201 base: 0xfed00000
[STDERR  ] 2018-08-13T13:54:16.591987110Z: [    0.000000] smpboot: Allowing 1 CPUs, 0 hotplug CPUs
[STDERR  ] 2018-08-13T13:54:16.592000448Z: [    0.000000] e820: [mem 0x40000000-0xafffffff] available for PCI devices
[STDERR  ] 2018-08-13T13:54:16.592013830Z: [    0.000000] Booting paravirtualized kernel on bare hardware
[STDERR  ] 2018-08-13T13:54:16.592027287Z: [    0.000000] clocksource: refined-jiffies: mask: 0xffffffff max_cycles: 0xffffffff, max_idle_ns: 19112604462750000 ns
[STDERR  ] 2018-08-13T13:54:16.592041184Z: [    0.000000] random: get_random_bytes called from start_kernel+0x92/0x4c8 with crng_init=0
[STDERR  ] 2018-08-13T13:54:16.592054773Z: [    0.000000] setup_percpu: NR_CPUS:128 nr_cpumask_bits:128 nr_cpu_ids:1 nr_node_ids:1
[STDERR  ] 2018-08-13T13:54:16.592103844Z: [    0.000000] percpu: Embedded 44 pages/cpu @ffff92b83e200000 s143256 r8192 d28776 u2097152
[STDERR  ] 2018-08-13T13:54:16.592117370Z: [    0.000000] Built 1 zonelists, mobility grouping on.  Total pages: 257896
[STDERR  ] 2018-08-13T13:54:16.592134688Z: [    0.000000] Kernel command line: console=ttyS0 console=ttyAMA0
[STDERR  ] 2018-08-13T13:54:16.592150972Z: [    0.000000] PID hash table entries: 4096 (order: 3, 32768 bytes)
[STDERR  ] 2018-08-13T13:54:16.592164653Z: [    0.000000] Dentry cache hash table entries: 131072 (order: 8, 1048576 bytes)
[STDERR  ] 2018-08-13T13:54:16.592178146Z: [    0.000000] Inode-cache hash table entries: 65536 (order: 7, 524288 bytes)
[STDERR  ] 2018-08-13T13:54:16.592192254Z: [    0.000000] Memory: 977272K/1048052K available (12300K kernel code, 1458K rwdata, 2996K rodata, 1512K init, 632K bss, 70780K reserved, 0K cma-reserved)
[STDERR  ] 2018-08-13T13:54:16.592207006Z: [    0.000000] ftrace: allocating 41049 entries in 161 pages
[STDERR  ] 2018-08-13T13:54:16.592220368Z: [    0.000000] Hierarchical RCU implementation.
[STDERR  ] 2018-08-13T13:54:16.592233532Z: [    0.000000] 	RCU restricting CPUs from NR_CPUS=128 to nr_cpu_ids=1.
[STDERR  ] 2018-08-13T13:54:16.592247025Z: [    0.000000] RCU: Adjusting geometry for rcu_fanout_leaf=16, nr_cpu_ids=1
[STDERR  ] 2018-08-13T13:54:16.592260461Z: [    0.000000] NR_IRQS: 8448, nr_irqs: 256, preallocated irqs: 16
[STDERR  ] 2018-08-13T13:54:16.592276111Z: [    0.000000] Console: colour VGA+ 80x25
[STDERR  ] 2018-08-13T13:54:16.592289466Z: [    0.000000] console [ttyS0] enabled
[STDERR  ] 2018-08-13T13:54:16.592302709Z: [    0.000000] clocksource: hpet: mask: 0xffffffff max_cycles: 0xffffffff, max_idle_ns: 19112604467 ns
[STDERR  ] 2018-08-13T13:54:16.592316223Z: [    0.010000] tsc: Fast TSC calibration using PIT
[STDERR  ] 2018-08-13T13:54:16.592329453Z: [    0.010000] tsc: Detected 2599.708 MHz processor
[STDERR  ] 2018-08-13T13:54:16.592343815Z: [    0.010000] Calibrating delay loop (skipped), value calculated using timer frequency.. 5199.41 BogoMIPS (lpj=25997080)
[STDERR  ] 2018-08-13T13:54:16.592358699Z: [    0.010000] pid_max: default: 32768 minimum: 301
[STDERR  ] 2018-08-13T13:54:16.592371953Z: [    0.010000] ACPI: Core revision 20170728
[STDERR  ] 2018-08-13T13:54:16.592385240Z: [    0.048112] ACPI: 1 ACPI AML tables successfully acquired and loaded
[STDERR  ] 2018-08-13T13:54:16.592398574Z: [    0.049615] Security Framework initialized
[STDERR  ] 2018-08-13T13:54:16.592411683Z: [    0.050151] Yama: becoming mindful.
[STDERR  ] 2018-08-13T13:54:16.592426515Z: [    0.051894] Mount-cache hash table entries: 2048 (order: 2, 16384 bytes)
[STDERR  ] 2018-08-13T13:54:16.592439968Z: [    0.052340] Mountpoint-cache hash table entries: 2048 (order: 2, 16384 bytes)
[STDERR  ] 2018-08-13T13:54:16.592453181Z: [    0.066776] Last level iTLB entries: 4KB 0, 2MB 0, 4MB 0
[STDERR  ] 2018-08-13T13:54:16.592466527Z: [    0.067173] Last level dTLB entries: 4KB 0, 2MB 0, 4MB 0, 1GB 0
[STDERR  ] 2018-08-13T13:54:16.592479861Z: [    0.067610] Spectre V2 : Spectre mitigation: LFENCE not serializing, switching to generic retpoline
[STDERR  ] 2018-08-13T13:54:16.592493250Z: [    0.068153] Spectre V2 : Mitigation: Full generic retpoline
[STDERR  ] 2018-08-13T13:54:16.592506825Z: [    0.068521] Spectre V2 : Spectre v2 mitigation: Filling RSB on context switch
[STDERR  ] 2018-08-13T13:54:16.592522395Z: [    0.068989] Speculative Store Bypass: Vulnerable
[STDERR  ] 2018-08-13T13:54:16.592535733Z: [    0.292118] Freeing SMP alternatives memory: 20K
[STDERR  ] 2018-08-13T13:54:16.592548856Z: [    0.308112] smpboot: Max logical packages: 1
[STDERR  ] 2018-08-13T13:54:16.592562016Z: [    0.312846] ..TIMER: vector=0x30 apic1=0 pin1=2 apic2=-1 pin2=-1
[STDERR  ] 2018-08-13T13:54:16.592577142Z: [    0.420000] smpboot: CPU0: AMD QEMU Virtual CPU version 2.5+ (family: 0x6, model: 0x6, stepping: 0x3)
[STDERR  ] 2018-08-13T13:54:16.592590978Z: [    0.420000] Performance Events: PMU not available due to virtualization, using software events only.
[STDERR  ] 2018-08-13T13:54:16.592604293Z: [    0.420000] Hierarchical SRCU implementation.
[STDERR  ] 2018-08-13T13:54:16.592617643Z: [    0.422731] NMI watchdog: Perf event create on CPU 0 failed with -2
[STDERR  ] 2018-08-13T13:54:16.592631047Z: [    0.423098] NMI watchdog: Perf NMI watchdog permanently disabled
[STDERR  ] 2018-08-13T13:54:16.592650856Z: [    0.426368] smp: Bringing up secondary CPUs ...
[STDERR  ] 2018-08-13T13:54:16.592664315Z: [    0.426718] smp: Brought up 1 node, 1 CPU
[STDERR  ] 2018-08-13T13:54:16.592677570Z: [    0.427014] smpboot: Total of 1 processors activated (5199.41 BogoMIPS)
[STDERR  ] 2018-08-13T13:54:16.592691102Z: [    0.439234] devtmpfs: initialized
[STDERR  ] 2018-08-13T13:54:16.592704324Z: [    0.443096] x86/mm: Memory block size: 128MB
[STDERR  ] 2018-08-13T13:54:16.592717695Z: [    0.447631] evm: security.ima
[STDERR  ] 2018-08-13T13:54:16.592730983Z: [    0.447829] evm: security.capability
[STDERR  ] 2018-08-13T13:54:16.592744085Z: [    0.450651] clocksource: jiffies: mask: 0xffffffff max_cycles: 0xffffffff, max_idle_ns: 19112604462750000 ns
[STDERR  ] 2018-08-13T13:54:16.592757502Z: [    0.451330] futex hash table entries: 256 (order: 2, 16384 bytes)
[STDERR  ] 2018-08-13T13:54:16.592776398Z: [    0.459555] NET: Registered protocol family 16
[STDERR  ] 2018-08-13T13:54:16.592789891Z: [    0.464874] cpuidle: using governor ladder
[STDERR  ] 2018-08-13T13:54:16.592803199Z: [    0.465232] cpuidle: using governor menu
[STDERR  ] 2018-08-13T13:54:16.592816425Z: [    0.466445] ACPI: bus type PCI registered
[STDERR  ] 2018-08-13T13:54:16.592829694Z: [    0.468462] PCI: MMCONFIG for domain 0000 [bus 00-ff] at [mem 0xb0000000-0xbfffffff] (base 0xb0000000)
[STDERR  ] 2018-08-13T13:54:16.592843136Z: [    0.469270] PCI: MMCONFIG at [mem 0xb0000000-0xbfffffff] reserved in E820
[STDERR  ] 2018-08-13T13:54:16.592862099Z: [    0.470582] PCI: Using configuration type 1 for base access
[STDERR  ] 2018-08-13T13:54:16.592876232Z: [    0.514807] HugeTLB registered 2.00 MiB page size, pre-allocated 0 pages
[STDERR  ] 2018-08-13T13:54:16.592891140Z: [    0.523548] ACPI: Added _OSI(Module Device)
[STDERR  ] 2018-08-13T13:54:16.592904462Z: [    0.523847] ACPI: Added _OSI(Processor Device)
[STDERR  ] 2018-08-13T13:54:16.592920579Z: [    0.524096] ACPI: Added _OSI(3.0 _SCP Extensions)
[STDERR  ] 2018-08-13T13:54:16.592935875Z: [    0.524355] ACPI: Added _OSI(Processor Aggregator Device)
[STDERR  ] 2018-08-13T13:54:16.592949443Z: [    0.574570] ACPI: Interpreter enabled
[STDERR  ] 2018-08-13T13:54:16.592962624Z: [    0.575220] ACPI: (supports S0 S5)
[STDERR  ] 2018-08-13T13:54:16.592975755Z: [    0.575469] ACPI: Using IOAPIC for interrupt routing
[STDERR  ] 2018-08-13T13:54:16.592988965Z: [    0.576954] PCI: Using host bridge windows from ACPI; if necessary, use "pci=nocrs" and report a bug
[STDERR  ] 2018-08-13T13:54:16.593004285Z: [    0.579631] ACPI: Enabled 2 GPEs in block 00 to 3F
[STDERR  ] 2018-08-13T13:54:16.593017529Z: [    0.627648] ACPI: PCI Root Bridge [PCI0] (domain 0000 [bus 00-ff])
[STDERR  ] 2018-08-13T13:54:16.593030857Z: [    0.628395] acpi PNP0A08:00: _OSC: OS supports [ExtendedConfig ASPM ClockPM Segments MSI]
[STDERR  ] 2018-08-13T13:54:16.593044410Z: [    0.632209] acpi PNP0A08:00: _OSC: OS now controls [PCIeHotplug PME PCIeCapability]
[STDERR  ] 2018-08-13T13:54:16.593057795Z: [    0.634926] PCI host bridge to bus 0000:00
[STDERR  ] 2018-08-13T13:54:16.593101976Z: [    0.635342] pci_bus 0000:00: root bus resource [io  0x0000-0x0cf7 window]
[STDERR  ] 2018-08-13T13:54:16.593115638Z: [    0.635728] pci_bus 0000:00: root bus resource [io  0x0d00-0xffff window]
[STDERR  ] 2018-08-13T13:54:16.593129024Z: [    0.636107] pci_bus 0000:00: root bus resource [mem 0x000a0000-0x000bffff window]
[STDERR  ] 2018-08-13T13:54:16.593142484Z: [    0.636517] pci_bus 0000:00: root bus resource [mem 0xc0000000-0xfebfffff window]
[STDERR  ] 2018-08-13T13:54:16.593155856Z: [    0.637101] pci_bus 0000:00: root bus resource [bus 00-ff]
[STDERR  ] 2018-08-13T13:54:16.593169206Z: [    0.677904] pci 0000:00:1f.0: quirk: [io  0x0600-0x067f] claimed by ICH6 ACPI/GPIO/TCO
[STDERR  ] 2018-08-13T13:54:16.593184630Z: [    0.702334] ACPI: PCI Interrupt Link [LNKA] (IRQs 5 *10 11)
[STDERR  ] 2018-08-13T13:54:16.593198139Z: [    0.703817] ACPI: PCI Interrupt Link [LNKB] (IRQs 5 *10 11)
[STDERR  ] 2018-08-13T13:54:16.593215231Z: [    0.705126] ACPI: PCI Interrupt Link [LNKC] (IRQs 5 10 *11)
[STDERR  ] 2018-08-13T13:54:16.593232152Z: [    0.706372] ACPI: PCI Interrupt Link [LNKD] (IRQs 5 10 *11)
[STDERR  ] 2018-08-13T13:54:16.593245501Z: [    0.707608] ACPI: PCI Interrupt Link [LNKE] (IRQs 5 *10 11)
[STDERR  ] 2018-08-13T13:54:16.593261565Z: [    0.710946] ACPI: PCI Interrupt Link [LNKF] (IRQs 5 *10 11)
[STDERR  ] 2018-08-13T13:54:16.593274578Z: [    0.712277] ACPI: PCI Interrupt Link [LNKG] (IRQs 5 10 *11)
[STDERR  ] 2018-08-13T13:54:16.593287999Z: [    0.713511] ACPI: PCI Interrupt Link [LNKH] (IRQs 5 10 *11)
[STDERR  ] 2018-08-13T13:54:16.593301149Z: [    0.714126] ACPI: PCI Interrupt Link [GSIA] (IRQs *16)
[STDERR  ] 2018-08-13T13:54:16.593314262Z: [    0.714592] ACPI: PCI Interrupt Link [GSIB] (IRQs *17)
[STDERR  ] 2018-08-13T13:54:16.593329451Z: [    0.715056] ACPI: PCI Interrupt Link [GSIC] (IRQs *18)
[STDERR  ] 2018-08-13T13:54:16.593342650Z: [    0.715526] ACPI: PCI Interrupt Link [GSID] (IRQs *19)
[STDERR  ] 2018-08-13T13:54:16.593357219Z: [    0.715981] ACPI: PCI Interrupt Link [GSIE] (IRQs *20)
[STDERR  ] 2018-08-13T13:54:16.593370435Z: [    0.716458] ACPI: PCI Interrupt Link [GSIF] (IRQs *21)
[STDERR  ] 2018-08-13T13:54:16.593383663Z: [    0.716937] ACPI: PCI Interrupt Link [GSIG] (IRQs *22)
[STDERR  ] 2018-08-13T13:54:16.593396928Z: [    0.717469] ACPI: PCI Interrupt Link [GSIH] (IRQs *23)
[STDERR  ] 2018-08-13T13:54:16.593410638Z: [    0.723792] SCSI subsystem initialized
[STDERR  ] 2018-08-13T13:54:16.593423863Z: [    0.726281] ACPI: bus type USB registered
[STDERR  ] 2018-08-13T13:54:16.593437759Z: [    0.727003] usbcore: registered new interface driver usbfs
[STDERR  ] 2018-08-13T13:54:16.593453753Z: [    0.727630] usbcore: registered new interface driver hub
[STDERR  ] 2018-08-13T13:54:16.593467010Z: [    0.728340] usbcore: registered new device driver usb
[STDERR  ] 2018-08-13T13:54:16.593480108Z: [    0.729110] pps_core: LinuxPPS API ver. 1 registered
[STDERR  ] 2018-08-13T13:54:16.593493542Z: [    0.729461] pps_core: Software ver. 5.3.6 - Copyright 2005-2007 Rodolfo Giometti <giometti@linux.it>
[STDERR  ] 2018-08-13T13:54:16.593506940Z: [    0.730172] PTP clock support registered
[STDERR  ] 2018-08-13T13:54:16.593520436Z: [    0.731811] PCI: Using ACPI for IRQ routing
[STDERR  ] 2018-08-13T13:54:16.593533604Z: [    0.744345] NetLabel: Initializing
[STDERR  ] 2018-08-13T13:54:16.593546772Z: [    0.744594] NetLabel:  domain hash size = 128
[STDERR  ] 2018-08-13T13:54:16.593560140Z: [    0.744842] NetLabel:  protocols = UNLABELED CIPSOv4 CALIPSO
[STDERR  ] 2018-08-13T13:54:16.593573555Z: [    0.746564] NetLabel:  unlabeled traffic allowed by default
[STDERR  ] 2018-08-13T13:54:16.593586760Z: [    0.747826] HPET: 3 timers in total, 0 timers will be used for per-cpu timer
[STDERR  ] 2018-08-13T13:54:16.593600177Z: [    0.748437] hpet0: at MMIO 0xfed00000, IRQs 2, 8, 0
[STDERR  ] 2018-08-13T13:54:16.593613539Z: [    0.748859] hpet0: 3 comparators, 64-bit 100.000000 MHz counter
[STDERR  ] 2018-08-13T13:54:16.593626838Z: [    0.753332] clocksource: Switched to clocksource hpet
[STDERR  ] 2018-08-13T13:54:16.593640403Z: [    0.966597] VFS: Disk quotas dquot_6.6.0
[STDERR  ] 2018-08-13T13:54:16.593653702Z: [    0.967231] VFS: Dquot-cache hash table entries: 512 (order 0, 4096 bytes)
[STDERR  ] 2018-08-13T13:54:16.593669044Z: [    0.969336] FS-Cache: Loaded
[STDERR  ] 2018-08-13T13:54:16.593682299Z: [    0.974218] CacheFiles: Loaded
[STDERR  ] 2018-08-13T13:54:16.593695704Z: [    0.975012] pnp: PnP ACPI init
[STDERR  ] 2018-08-13T13:54:16.593710026Z: [    0.983020] pnp: PnP ACPI: found 5 devices
[STDERR  ] 2018-08-13T13:54:16.593726684Z: [    1.015039] clocksource: acpi_pm: mask: 0xffffff max_cycles: 0xffffff, max_idle_ns: 2085701024 ns
[STDERR  ] 2018-08-13T13:54:16.593740668Z: [    1.017251] NET: Registered protocol family 2
[STDERR  ] 2018-08-13T13:54:16.593755549Z: [    1.023289] TCP established hash table entries: 8192 (order: 4, 65536 bytes)
[STDERR  ] 2018-08-13T13:54:16.593768997Z: [    1.023919] TCP bind hash table entries: 8192 (order: 5, 131072 bytes)
[STDERR  ] 2018-08-13T13:54:16.593788405Z: [    1.024923] TCP: Hash tables configured (established 8192 bind 8192)
[STDERR  ] 2018-08-13T13:54:16.593802017Z: [    1.026654] UDP hash table entries: 512 (order: 2, 16384 bytes)
[STDERR  ] 2018-08-13T13:54:16.593815134Z: [    1.027262] UDP-Lite hash table entries: 512 (order: 2, 16384 bytes)
[STDERR  ] 2018-08-13T13:54:16.593830494Z: [    1.029237] NET: Registered protocol family 1
[STDERR  ] 2018-08-13T13:54:16.593843758Z: [    1.030040] pci 0000:00:01.0: Video device with shadowed ROM at [mem 0x000c0000-0x000dffff]
[STDERR  ] 2018-08-13T13:54:16.593863495Z: [    1.034897] Trying to unpack rootfs image as initramfs...
[STDERR  ] 2018-08-13T13:54:16.593876998Z: [    4.800997] Freeing initrd memory: 27528K
[STDERR  ] 2018-08-13T13:54:16.593890155Z: [    4.818868] PCLMULQDQ-NI instructions are not detected.
[STDERR  ] 2018-08-13T13:54:16.593903899Z: [    4.819901] AVX or AES-NI instructions are not detected.
[STDERR  ] 2018-08-13T13:54:16.593918566Z: [    4.820555] CPU feature 'AVX registers' is not supported.
[STDERR  ] 2018-08-13T13:54:16.593932022Z: [    4.820934] CPU feature 'AVX registers' is not supported.
[STDERR  ] 2018-08-13T13:54:16.593945242Z: [    4.821270] CPU feature 'AVX registers' is not supported.
[STDERR  ] 2018-08-13T13:54:16.593958551Z: [    4.821610] CPU feature 'AVX registers' is not supported.
[STDERR  ] 2018-08-13T13:54:16.593971725Z: [    4.821949] AVX2 or AES-NI instructions are not detected.
[STDERR  ] 2018-08-13T13:54:16.593985596Z: [    4.822279] AVX2 instructions are not detected.
[STDERR  ] 2018-08-13T13:54:16.593998913Z: [    4.825678] audit: initializing netlink subsys (disabled)
[STDERR  ] 2018-08-13T13:54:16.594012196Z: [    4.827650] audit: type=2000 audit(1534168420.820:1): state=initialized audit_enabled=0 res=1
[STDERR  ] 2018-08-13T13:54:16.594025638Z: [    4.832451] workingset: timestamp_bits=46 max_order=18 bucket_order=0
[STDERR  ] 2018-08-13T13:54:16.594038950Z: [    4.836531] squashfs: version 4.0 (2009/01/31) Phillip Lougher
[STDERR  ] 2018-08-13T13:54:16.594052057Z: [    4.838427] FS-Cache: Netfs 'cifs' registered for caching
[STDERR  ] 2018-08-13T13:54:16.594099435Z: [    4.839231] fuse init (API version 7.26)
[STDERR  ] 2018-08-13T13:54:16.594119324Z: [    4.841741] SGI XFS with ACLs, security attributes, no debug enabled
[STDERR  ] 2018-08-13T13:54:16.594139365Z: [    4.845189] 9p: Installing v9fs 9p2000 file system support
[STDERR  ] 2018-08-13T13:54:16.594159061Z: [    4.845619] FS-Cache: Netfs '9p' registered for caching
[STDERR  ] 2018-08-13T13:54:16.594178896Z: [    4.873195] NET: Registered protocol family 38
[STDERR  ] 2018-08-13T13:54:16.594198693Z: [    4.873692] Key type asymmetric registered
[STDERR  ] 2018-08-13T13:54:16.594220737Z: [    4.873979] Asymmetric key parser 'x509' registered
[STDERR  ] 2018-08-13T13:54:16.594240443Z: [    4.874570] Block layer SCSI generic (bsg) driver version 0.4 loaded (major 247)
[STDERR  ] 2018-08-13T13:54:16.594260211Z: [    4.875694] io scheduler noop registered
[STDERR  ] 2018-08-13T13:54:16.594279794Z: [    4.875968] io scheduler deadline registered (default)
[STDERR  ] 2018-08-13T13:54:16.594301755Z: [    4.876628] io scheduler cfq registered
[STDERR  ] 2018-08-13T13:54:16.594321558Z: [    4.876932] io scheduler mq-deadline registered
[STDERR  ] 2018-08-13T13:54:16.594341282Z: [    4.877261] io scheduler kyber registered
[STDERR  ] 2018-08-13T13:54:16.594357940Z: [    4.879551] shpchp: Standard Hot Plug PCI Controller Driver version: 0.4
[STDERR  ] 2018-08-13T13:54:16.594371244Z: [    4.881429] hv_vmbus: registering driver hyperv_fb
[STDERR  ] 2018-08-13T13:54:16.594384672Z: [    4.883875] input: Power Button as /devices/LNXSYSTM:00/LNXPWRBN:00/input/input0
[STDERR  ] 2018-08-13T13:54:16.594398080Z: [    4.886038] ACPI: Power Button [PWRF]
[STDERR  ] 2018-08-13T13:54:16.594411372Z: [    4.898141] ACPI: PCI Interrupt Link [GSIG] enabled at IRQ 22
[STDERR  ] 2018-08-13T13:54:16.594424636Z: [    4.907017] ACPI: PCI Interrupt Link [GSIH] enabled at IRQ 23
[STDERR  ] 2018-08-13T13:54:16.594445445Z: [    4.910608] Serial: 8250/16550 driver, 4 ports, IRQ sharing disabled
[STDERR  ] 2018-08-13T13:54:16.594461365Z: [    4.935372] 00:04: ttyS0 at I/O 0x3f8 (irq = 4, base_baud = 115200) is a 16550A
[STDERR  ] 2018-08-13T13:54:16.594476694Z: [    4.942810] Non-volatile memory driver v1.3
[STDERR  ] 2018-08-13T13:54:16.594490097Z: [    4.947553] Hangcheck: starting hangcheck timer 0.9.1 (tick is 180 seconds, margin is 60 seconds).
[STDERR  ] 2018-08-13T13:54:16.594503770Z: [    4.961012] random: fast init done
[STDERR  ] 2018-08-13T13:54:16.594516987Z: [    4.962043] random: crng init done
[STDERR  ] 2018-08-13T13:54:16.594531861Z: [    5.000851] brd: module loaded
[STDERR  ] 2018-08-13T13:54:16.594545206Z: [    5.025036] loop: module loaded
[STDERR  ] 2018-08-13T13:54:16.594558494Z: [    5.069249] lpc_ich 0000:00:1f.0: I/O space for GPIO uninitialized
[STDERR  ] 2018-08-13T13:54:16.594571773Z: [    5.071100] VMware PVSCSI driver - version 1.0.7.0-k
[STDERR  ] 2018-08-13T13:54:16.594585125Z: [    5.071603] hv_vmbus: registering driver hv_storvsc
[STDERR  ] 2018-08-13T13:54:16.594598395Z: [    5.078508] ACPI: PCI Interrupt Link [GSIA] enabled at IRQ 16
[STDERR  ] 2018-08-13T13:54:16.594611743Z: [    5.083801] ahci 0000:00:1f.2: AHCI 0001.0000 32 slots 6 ports 1.5 Gbps 0x3f impl SATA mode
[STDERR  ] 2018-08-13T13:54:16.594625215Z: [    5.084356] ahci 0000:00:1f.2: flags: 64bit ncq only 
[STDERR  ] 2018-08-13T13:54:16.594639281Z: [    5.096678] scsi host0: ahci
[STDERR  ] 2018-08-13T13:54:16.594652760Z: [    5.099661] scsi host1: ahci
[STDERR  ] 2018-08-13T13:54:16.594665992Z: [    5.101297] scsi host2: ahci
[STDERR  ] 2018-08-13T13:54:16.594679228Z: [    5.102640] scsi host3: ahci
[STDERR  ] 2018-08-13T13:54:16.594692422Z: [    5.103922] scsi host4: ahci
[STDERR  ] 2018-08-13T13:54:16.594705742Z: [    5.105234] scsi host5: ahci
[STDERR  ] 2018-08-13T13:54:16.594718885Z: [    5.106211] ata1: SATA max UDMA/133 abar m4096@0xfebd2000 port 0xfebd2100 irq 24
[STDERR  ] 2018-08-13T13:54:16.594732151Z: [    5.106666] ata2: SATA max UDMA/133 abar m4096@0xfebd2000 port 0xfebd2180 irq 24
[STDERR  ] 2018-08-13T13:54:16.594745419Z: [    5.107063] ata3: SATA max UDMA/133 abar m4096@0xfebd2000 port 0xfebd2200 irq 24
[STDERR  ] 2018-08-13T13:54:16.594761960Z: [    5.107455] ata4: SATA max UDMA/133 abar m4096@0xfebd2000 port 0xfebd2280 irq 24
[STDERR  ] 2018-08-13T13:54:16.594775408Z: [    5.107854] ata5: SATA max UDMA/133 abar m4096@0xfebd2000 port 0xfebd2300 irq 24
[STDERR  ] 2018-08-13T13:54:16.594788765Z: [    5.108259] ata6: SATA max UDMA/133 abar m4096@0xfebd2000 port 0xfebd2380 irq 24
[STDERR  ] 2018-08-13T13:54:16.594802082Z: [    5.116415] tun: Universal TUN/TAP device driver, 1.6
[STDERR  ] 2018-08-13T13:54:16.594815435Z: [    5.126449] VMware vmxnet3 virtual NIC driver - version 1.4.a.0-k-NAPI
[STDERR  ] 2018-08-13T13:54:16.594828673Z: [    5.127179] hv_vmbus: registering driver hv_netvsc
[STDERR  ] 2018-08-13T13:54:16.594841797Z: [    5.127638] Fusion MPT base driver 3.04.20
[STDERR  ] 2018-08-13T13:54:16.594861803Z: [    5.127879] Copyright (c) 1999-2008 LSI Corporation
[STDERR  ] 2018-08-13T13:54:16.594875080Z: [    5.128358] Fusion MPT SPI Host driver 3.04.20
[STDERR  ] 2018-08-13T13:54:16.594888357Z: [    5.129883] i8042: PNP: PS/2 Controller [PNP0303:KBD,PNP0f13:MOU] at 0x60,0x64 irq 1,12
[STDERR  ] 2018-08-13T13:54:16.594902292Z: [    5.133598] serio: i8042 KBD port at 0x60,0x64 irq 1
[STDERR  ] 2018-08-13T13:54:16.594915447Z: [    5.134106] serio: i8042 AUX port at 0x60,0x64 irq 12
[STDERR  ] 2018-08-13T13:54:16.594930660Z: [    5.135923] hv_vmbus: registering driver hyperv_keyboard
[STDERR  ] 2018-08-13T13:54:16.594943933Z: [    5.137457] mousedev: PS/2 mouse device common for all mice
[STDERR  ] 2018-08-13T13:54:16.594957303Z: [    5.141198] input: AT Translated Set 2 keyboard as /devices/platform/i8042/serio0/input/input1
[STDERR  ] 2018-08-13T13:54:16.594972880Z: [    5.143041] input: PC Speaker as /devices/platform/pcspkr/input/input2
[STDERR  ] 2018-08-13T13:54:16.594995031Z: [    5.145786] rtc_cmos 00:00: RTC can wake from S4
[STDERR  ] 2018-08-13T13:54:16.595008610Z: [    5.148033] rtc_cmos 00:00: rtc core: registered rtc_cmos as rtc0
[STDERR  ] 2018-08-13T13:54:16.595021722Z: [    5.149019] rtc_cmos 00:00: alarms up to one day, y3k, 114 bytes nvram, hpet irqs
[STDERR  ] 2018-08-13T13:54:16.595037083Z: [    5.149746] i2c /dev entries driver
[STDERR  ] 2018-08-13T13:54:16.595050281Z: [    5.151544] device-mapper: ioctl: 4.37.0-ioctl (2017-09-20) initialised: dm-devel@redhat.com
[STDERR  ] 2018-08-13T13:54:16.595094969Z: [    5.154851] usbcore: registered new interface driver usbhid
[STDERR  ] 2018-08-13T13:54:16.595108796Z: [    5.155184] usbhid: USB HID core driver
[STDERR  ] 2018-08-13T13:54:16.595122110Z: [    5.155742] hv_utils: Registering HyperV Utility Driver
[STDERR  ] 2018-08-13T13:54:16.595135738Z: [    5.156038] hv_vmbus: registering driver hv_util
[STDERR  ] 2018-08-13T13:54:16.595149163Z: [    5.156300] hv_vmbus: registering driver hv_balloon
[STDERR  ] 2018-08-13T13:54:16.595162609Z: [    5.156708] oprofile: using NMI interrupt.
[STDERR  ] 2018-08-13T13:54:16.595176013Z: [    5.157683] GACT probability on
[STDERR  ] 2018-08-13T13:54:16.595189667Z: [    5.158040] Mirror/redirect action on
[STDERR  ] 2018-08-13T13:54:16.595202896Z: [    5.158541] Simple TC action Loaded
[STDERR  ] 2018-08-13T13:54:16.595216122Z: [    5.158981] u32 classifier
[STDERR  ] 2018-08-13T13:54:16.595230137Z: [    5.159190]     Performance counters on
[STDERR  ] 2018-08-13T13:54:16.595243516Z: [    5.159476]     input device check on
[STDERR  ] 2018-08-13T13:54:16.595256885Z: [    5.159757]     Actions configured
[STDERR  ] 2018-08-13T13:54:16.595271994Z: [    5.160617] Netfilter messages via NETLINK v0.30.
[STDERR  ] 2018-08-13T13:54:16.595285251Z: [    5.161157] nfnl_acct: registering with nfnetlink.
[STDERR  ] 2018-08-13T13:54:16.595298406Z: [    5.162248] nf_conntrack version 0.5.0 (8192 buckets, 32768 max)
[STDERR  ] 2018-08-13T13:54:16.595311961Z: [    5.164283] ctnetlink v0.93: registering with nfnetlink.
[STDERR  ] 2018-08-13T13:54:16.595325179Z: [    5.166747] nf_tables: (c) 2007-2009 Patrick McHardy <kaber@trash.net>
[STDERR  ] 2018-08-13T13:54:16.595338404Z: [    5.167388] nf_tables_compat: (c) 2012 Pablo Neira Ayuso <pablo@netfilter.org>
[STDERR  ] 2018-08-13T13:54:16.595352954Z: [    5.169203] xt_time: kernel timezone is -0000
[STDERR  ] 2018-08-13T13:54:16.595366396Z: [    5.169718] ip_set: protocol 6
[STDERR  ] 2018-08-13T13:54:16.595379669Z: [    5.170564] IPVS: Registered protocols (TCP, UDP, SCTP, AH, ESP)
[STDERR  ] 2018-08-13T13:54:16.595393113Z: [    5.171046] IPVS: Connection hash table configured (size=4096, memory=64Kbytes)
[STDERR  ] 2018-08-13T13:54:16.595406311Z: [    5.174091] IPVS: ipvs loaded.
[STDERR  ] 2018-08-13T13:54:16.595419706Z: [    5.174373] IPVS: [rr] scheduler registered.
[STDERR  ] 2018-08-13T13:54:16.595432983Z: [    5.174638] IPVS: [wrr] scheduler registered.
[STDERR  ] 2018-08-13T13:54:16.595448104Z: [    5.174885] IPVS: [lc] scheduler registered.
[STDERR  ] 2018-08-13T13:54:16.595770578Z: [    5.175133] IPVS: [wlc] scheduler registered.
[STDERR  ] 2018-08-13T13:54:16.595802927Z: [    5.175384] IPVS: [fo] scheduler registered.
[STDERR  ] 2018-08-13T13:54:16.595839641Z: [    5.175625] IPVS: [ovf] scheduler registered.
[STDERR  ] 2018-08-13T13:54:16.595883948Z: [    5.175969] IPVS: [lblc] scheduler registered.
[STDERR  ] 2018-08-13T13:54:16.595920592Z: [    5.176307] IPVS: [lblcr] scheduler registered.
[STDERR  ] 2018-08-13T13:54:16.595945423Z: [    5.176578] IPVS: [dh] scheduler registered.
[STDERR  ] 2018-08-13T13:54:16.595964890Z: [    5.176874] IPVS: [sh] scheduler registered.
[STDERR  ] 2018-08-13T13:54:16.596001299Z: [    5.177198] IPVS: [sed] scheduler registered.
[STDERR  ] 2018-08-13T13:54:16.596025697Z: [    5.177533] IPVS: [nq] scheduler registered.
[STDERR  ] 2018-08-13T13:54:16.596047933Z: [    5.178228] IPVS: ftp: loaded support on port[0] = 21
[STDERR  ] 2018-08-13T13:54:16.596118989Z: [    5.178964] ipip: IPv4 and MPLS over IPv4 tunneling driver
[STDERR  ] 2018-08-13T13:54:16.596156932Z: [    5.182387] gre: GRE over IPv4 demultiplexor driver
[STDERR  ] 2018-08-13T13:54:16.596197002Z: [    5.184357] ip_tables: (C) 2000-2006 Netfilter Core Team
[STDERR  ] 2018-08-13T13:54:16.596220880Z: [    5.187173] ipt_CLUSTERIP: ClusterIP Version 0.8 loaded successfully
[STDERR  ] 2018-08-13T13:54:16.596240388Z: [    5.187664] arp_tables: arp_tables: (C) 2002 David S. Miller
[STDERR  ] 2018-08-13T13:54:16.596275646Z: [    5.189483] NET: Registered protocol family 10
[STDERR  ] 2018-08-13T13:54:16.596298386Z: [    5.197220] Segment Routing with IPv6
[STDERR  ] 2018-08-13T13:54:16.596318002Z: [    5.197937] ip6_tables: (C) 2000-2006 Netfilter Core Team
[STDERR  ] 2018-08-13T13:54:16.596337037Z: [    5.204090] NET: Registered protocol family 17
[STDERR  ] 2018-08-13T13:54:16.596377116Z: [    5.204897] Bridge firewalling registered
[STDERR  ] 2018-08-13T13:54:16.596396330Z: [    5.205298] Ebtables v2.0 registered
[STDERR  ] 2018-08-13T13:54:16.596415039Z: [    5.206782] 8021q: 802.1Q VLAN Support v1.8
[STDERR  ] 2018-08-13T13:54:16.596452522Z: [    5.207859] 9pnet: Installing 9P2000 support
[STDERR  ] 2018-08-13T13:54:16.596478001Z: [    5.209082] Key type dns_resolver registered
[STDERR  ] 2018-08-13T13:54:16.596497810Z: [    5.210615] sched_clock: Marking stable (5210173140, 0)->(5318822630, -108649490)
[STDERR  ] 2018-08-13T13:54:16.596535511Z: [    5.213338] registered taskstats version 1
[STDERR  ] 2018-08-13T13:54:16.596555106Z: [    5.380997] Key type big_key registered
[STDERR  ] 2018-08-13T13:54:16.596574459Z: [    5.443618] ata3: SATA link up 1.5 Gbps (SStatus 113 SControl 300)
[STDERR  ] 2018-08-13T13:54:16.596614518Z: [    5.446848] ata3.00: ATAPI: QEMU DVD-ROM, 2.5+, max UDMA/100
[STDERR  ] 2018-08-13T13:54:16.596634616Z: [    5.447507] ata3.00: applying bridge limits
[STDERR  ] 2018-08-13T13:54:16.596653799Z: [    5.448617] ata2: SATA link down (SStatus 0 SControl 300)
[STDERR  ] 2018-08-13T13:54:16.596692489Z: [    5.449633] ata1: SATA link down (SStatus 0 SControl 300)
[STDERR  ] 2018-08-13T13:54:16.596711636Z: [    5.450396] ata5: SATA link down (SStatus 0 SControl 300)
[STDERR  ] 2018-08-13T13:54:16.596730656Z: [    5.450791] ata4: SATA link down (SStatus 0 SControl 300)
[STDERR  ] 2018-08-13T13:54:16.596765053Z: [    5.453862] ata6: SATA link down (SStatus 0 SControl 300)
[STDERR  ] 2018-08-13T13:54:16.596786639Z: [    5.454807] ata3.00: configured for UDMA/100
[STDERR  ] 2018-08-13T13:54:16.596805548Z: [    5.468345] scsi 2:0:0:0: CD-ROM            QEMU     QEMU DVD-ROM     2.5+ PQ: 0 ANSI: 5
[STDERR  ] 2018-08-13T13:54:16.596825969Z: [    5.473870] Key type trusted registered
[STDERR  ] 2018-08-13T13:54:16.596873432Z: [    5.512868] sr 2:0:0:0: [sr0] scsi3-mmc drive: 4x/4x cd/rw xa/form2 tray
[STDERR  ] 2018-08-13T13:54:16.596892692Z: [    5.513409] cdrom: Uniform CD-ROM driver Revision: 3.20
[STDERR  ] 2018-08-13T13:54:16.596931580Z: [    5.521959] sr 2:0:0:0: Attached scsi generic sg0 type 5
[STDERR  ] 2018-08-13T13:54:16.596960316Z: [    5.544920] Key type encrypted registered
[STDERR  ] 2018-08-13T13:54:16.596986819Z: [    5.545485] ima: No TPM chip found, activating TPM-bypass! (rc=-19)
[STDERR  ] 2018-08-13T13:54:16.597026009Z: [    5.545920] ima: Allocated hash algorithm: sha256
[STDERR  ] 2018-08-13T13:54:16.597044410Z: [    5.547999] evm: HMAC attrs: 0x1
[STDERR  ] 2018-08-13T13:54:16.597119337Z: [    5.551846] rtc_cmos 00:00: setting system clock to 2018-08-13 13:53:42 UTC (1534168422)
[STDERR  ] 2018-08-13T13:54:16.597143271Z: [    5.685405] Freeing unused kernel memory: 1512K
[STDERR  ] 2018-08-13T13:54:16.597162712Z: [    5.700711] Write protecting the kernel read-only data: 18432k
[STDERR  ] 2018-08-13T13:54:16.597199868Z: [    5.712629] Freeing unused kernel memory: 2024K
[STDERR  ] 2018-08-13T13:54:16.597222341Z: [    5.759636] Freeing unused kernel memory: 1100K
[STDERR  ] 2018-08-13T13:54:16.597241331Z: [    5.840625] tsc: Refined TSC clocksource calibration: 2599.867 MHz
[STDERR  ] 2018-08-13T13:54:16.597283005Z: [    5.841160] clocksource: tsc: mask: 0xffffffffffffffff max_cycles: 0x2579beb27e7, max_idle_ns: 440795278184 ns
[STDERR  ] 2018-08-13T13:54:16.597309614Z: [    6.857672] clocksource: Switched to clocksource tsc
[STDERR  ] 2018-08-13T13:54:16.597328909Z: 
[STDERR  ] 2018-08-13T13:54:16.597367977Z: Welcome to LinuxKit
[STDERR  ] 2018-08-13T13:54:16.597387561Z: 
[STDERR  ] 2018-08-13T13:54:16.597406816Z:                         ##         .
[STDERR  ] 2018-08-13T13:54:16.597442468Z:                   ## ## ##        ==
[STDERR  ] 2018-08-13T13:54:16.597465032Z:                ## ## ## ## ##    ===
[STDERR  ] 2018-08-13T13:54:16.597484429Z:            /"""""""""""""""""\___/ ===
[STDERR  ] 2018-08-13T13:54:16.597504299Z:           {                       /  ===-
[STDERR  ] 2018-08-13T13:54:16.597544776Z:            \______ O           __/
[STDERR  ] 2018-08-13T13:54:16.597569068Z:              \    \         __/
[STDERR  ] 2018-08-13T13:54:16.597588457Z:               \____\_______/
[STDERR  ] 2018-08-13T13:54:16.597630020Z: 
[STDERR  ] 2018-08-13T13:54:16.597650154Z: [   19.893428] RPC: Registered named UNIX socket transport module.
[STDERR  ] 2018-08-13T13:54:16.597669060Z: [   19.893847] RPC: Registered udp transport module.
[STDERR  ] 2018-08-13T13:54:16.597710701Z: [   19.894122] RPC: Registered tcp transport module.
[STDERR  ] 2018-08-13T13:54:16.597729787Z: [   19.894430] RPC: Registered tcp NFSv4.1 backchannel transport module.
[STDERR  ] 2018-08-13T13:54:16.597749621Z: [   20.017635] FS-Cache: Netfs 'nfs' registered for caching
[STDERR  ] 2018-08-13T13:54:16.597789631Z: [   20.153676] Installing knfsd (copyright (C) 1996 okir@monad.swb.de).
[STDERR  ] 2018-08-13T13:54:16.597817942Z: [   20.213561] ntfs: driver 2.1.32 [Flags: R/O MODULE].
[STDERR  ] 2018-08-13T13:54:16.597859471Z: starting kernel config sanity test with /proc/config.gz
[STDERR  ] 2018-08-13T13:54:16.597882519Z: kernel config test succeeded!
[STDERR  ] 2018-08-13T13:54:16.597902287Z: [37minfo: reading kernel config from /proc/config.gz ...[m
[STDERR  ] 2018-08-13T13:54:16.597956565Z: 
[STDERR  ] 2018-08-13T13:54:16.597975681Z: Generally Necessary:
[STDERR  ] 2018-08-13T13:54:16.598004229Z: - [37mcgroup hierarchy[m: [32mproperly mounted[m [/sys/fs/cgroup]
[STDERR  ] 2018-08-13T13:54:16.598044048Z: - [37mCONFIG_NAMESPACES[m: [32menabled[m
[STDERR  ] 2018-08-13T13:54:16.598113235Z: - [37mCONFIG_NET_NS[m: [32menabled[m
[STDERR  ] 2018-08-13T13:54:16.598137674Z: - [37mCONFIG_PID_NS[m: [32menabled[m
[STDERR  ] 2018-08-13T13:54:16.598156991Z: - [37mCONFIG_IPC_NS[m: [32menabled[m
[STDERR  ] 2018-08-13T13:54:16.598192884Z: - [37mCONFIG_UTS_NS[m: [32menabled[m
[STDERR  ] 2018-08-13T13:54:16.598218861Z: - [37mCONFIG_CGROUPS[m: [32menabled[m
[STDERR  ] 2018-08-13T13:54:16.598241995Z: - [37mCONFIG_CGROUP_CPUACCT[m: [32menabled[m
[STDERR  ] 2018-08-13T13:54:16.598279178Z: - [37mCONFIG_CGROUP_DEVICE[m: [32menabled[m
[STDERR  ] 2018-08-13T13:54:16.598302559Z: - [37mCONFIG_CGROUP_FREEZER[m: [32menabled[m
[STDERR  ] 2018-08-13T13:54:16.598322152Z: - [37mCONFIG_CGROUP_SCHED[m: [32menabled[m
[STDERR  ] 2018-08-13T13:54:16.598356985Z: - [37mCONFIG_CPUSETS[m: [32menabled[m
[STDERR  ] 2018-08-13T13:54:16.598377860Z: - [37mCONFIG_MEMCG[m: [32menabled[m
[STDERR  ] 2018-08-13T13:54:16.598395475Z: - [37mCONFIG_KEYS[m: [32menabled[m
[STDERR  ] 2018-08-13T13:54:16.598413341Z: - [37mCONFIG_VETH[m: [32menabled[m
[STDERR  ] 2018-08-13T13:54:16.598448223Z: - [37mCONFIG_BRIDGE[m: [32menabled[m
[STDERR  ] 2018-08-13T13:54:16.598467179Z: - [37mCONFIG_BRIDGE_NETFILTER[m: [32menabled[m
[STDERR  ] 2018-08-13T13:54:16.598486699Z: - [37mCONFIG_NF_NAT_IPV4[m: [32menabled[m
[STDERR  ] 2018-08-13T13:54:16.598523843Z: - [37mCONFIG_IP_NF_FILTER[m: [32menabled[m
[STDERR  ] 2018-08-13T13:54:16.598547798Z: - [37mCONFIG_IP_NF_TARGET_MASQUERADE[m: [32menabled[m
[STDERR  ] 2018-08-13T13:54:16.598567337Z: - [37mCONFIG_NETFILTER_XT_MATCH_ADDRTYPE[m: [32menabled[m
[STDERR  ] 2018-08-13T13:54:16.598694251Z: - [37mCONFIG_NETFILTER_XT_MATCH_CONNTRACK[m: [32menabled[m
[STDERR  ] 2018-08-13T13:54:16.598730892Z: - [37mCONFIG_NETFILTER_XT_MATCH_IPVS[m: [32menabled[m
[STDERR  ] 2018-08-13T13:54:16.598775005Z: - [37mCONFIG_IP_NF_NAT[m: [32menabled[m
[STDERR  ] 2018-08-13T13:54:16.598800026Z: - [37mCONFIG_NF_NAT[m: [32menabled[m
[STDERR  ] 2018-08-13T13:54:16.598866414Z: - [37mCONFIG_NF_NAT_NEEDED[m: [32menabled[m
[STDERR  ] 2018-08-13T13:54:16.598891765Z: - [37mCONFIG_POSIX_MQUEUE[m: [32menabled[m
[STDERR  ] 2018-08-13T13:54:16.598931227Z: 
[STDERR  ] 2018-08-13T13:54:16.598977978Z: Optional Features:
[STDERR  ] 2018-08-13T13:54:16.599018530Z: - [37mCONFIG_USER_NS[m: [32menabled[m
[STDERR  ] 2018-08-13T13:54:16.599038350Z: - [37mCONFIG_SECCOMP[m: [32menabled[m
[STDERR  ] 2018-08-13T13:54:16.599057348Z: - [37mCONFIG_CGROUP_PIDS[m: [32menabled[m
[STDERR  ] 2018-08-13T13:54:16.599139837Z: - [37mCONFIG_MEMCG_SWAP[m: [32menabled[m
[STDERR  ] 2018-08-13T13:54:16.599159749Z: - [37mCONFIG_MEMCG_SWAP_ENABLED[m: [32menabled[m
[STDERR  ] 2018-08-13T13:54:16.599178819Z:     [1;30m(cgroup swap accounting is currently enabled)[m
[STDERR  ] 2018-08-13T13:54:16.599224718Z: - [1mCONFIG_LEGACY_VSYSCALL_NONE[m: [1;31menabled[m
[STDERR  ] 2018-08-13T13:54:16.599247358Z:     [1;30m(containers using eglibc <= 2.13 will not work. Switch to[m
[STDERR  ] 2018-08-13T13:54:16.599313286Z:     [1;30m "CONFIG_VSYSCALL_[NATIVE|EMULATE]" or use "vsyscall=[native|emulate]"[m
[STDERR  ] 2018-08-13T13:54:16.599332928Z:     [1;30m on kernel command line. Note that this will disable ASLR for the,[m
[STDERR  ] 2018-08-13T13:54:16.599351217Z:     [1;30m VDSO which may assist in exploiting security vulnerabilities.)[m
[STDERR  ] 2018-08-13T13:54:16.599387158Z: - [37mCONFIG_BLK_CGROUP[m: [32menabled[m
[STDERR  ] 2018-08-13T13:54:16.599404735Z: - [37mCONFIG_BLK_DEV_THROTTLING[m: [32menabled[m
[STDERR  ] 2018-08-13T13:54:16.599421787Z: - [37mCONFIG_IOSCHED_CFQ[m: [32menabled[m
[STDERR  ] 2018-08-13T13:54:16.599499063Z: - [37mCONFIG_CFQ_GROUP_IOSCHED[m: [32menabled[m
[STDERR  ] 2018-08-13T13:54:16.599538917Z: - [37mCONFIG_CGROUP_PERF[m: [32menabled[m
[STDERR  ] 2018-08-13T13:54:16.599562786Z: - [37mCONFIG_CGROUP_HUGETLB[m: [32menabled[m
[STDERR  ] 2018-08-13T13:54:16.599582127Z: - [37mCONFIG_NET_CLS_CGROUP[m: [32menabled[m
[STDERR  ] 2018-08-13T13:54:16.599620791Z: - [37mCONFIG_CGROUP_NET_PRIO[m: [32menabled[m
[STDERR  ] 2018-08-13T13:54:16.599645150Z: - [37mCONFIG_CFS_BANDWIDTH[m: [32menabled[m
[STDERR  ] 2018-08-13T13:54:16.599663945Z: - [37mCONFIG_FAIR_GROUP_SCHED[m: [32menabled[m
[STDERR  ] 2018-08-13T13:54:16.599683017Z: - [37mCONFIG_RT_GROUP_SCHED[m: [32menabled[m
[STDERR  ] 2018-08-13T13:54:16.599723134Z: - [37mCONFIG_IP_VS[m: [32menabled[m
[STDERR  ] 2018-08-13T13:54:16.599742261Z: - [37mCONFIG_IP_VS_NFCT[m: [32menabled[m
[STDERR  ] 2018-08-13T13:54:16.599794811Z: - [37mCONFIG_IP_VS_RR[m: [32menabled[m
[STDERR  ] 2018-08-13T13:54:16.599817879Z: - [37mCONFIG_EXT4_FS[m: [32menabled[m
[STDERR  ] 2018-08-13T13:54:16.599836767Z: - [37mCONFIG_EXT4_FS_POSIX_ACL[m: [32menabled[m
[STDERR  ] 2018-08-13T13:54:16.599883649Z: - [37mCONFIG_EXT4_FS_SECURITY[m: [32menabled[m
[STDERR  ] 2018-08-13T13:54:16.599916512Z: - Network Drivers:
[STDERR  ] 2018-08-13T13:54:16.599956444Z:   - "[34moverlay[m":
[STDERR  ] 2018-08-13T13:54:16.599981819Z:     - [37mCONFIG_VXLAN[m: [32menabled[m
[STDERR  ] 2018-08-13T13:54:16.600001090Z:       Optional (for encrypted networks):
[STDERR  ] 2018-08-13T13:54:16.600035931Z:       - [37mCONFIG_CRYPTO[m: [32menabled[m
[STDERR  ] 2018-08-13T13:54:16.600056077Z:       - [37mCONFIG_CRYPTO_AEAD[m: [32menabled[m
[STDERR  ] 2018-08-13T13:54:16.600139505Z:       - [37mCONFIG_CRYPTO_GCM[m: [32menabled[m
[STDERR  ] 2018-08-13T13:54:16.600162010Z:       - [37mCONFIG_CRYPTO_SEQIV[m: [32menabled[m
[STDERR  ] 2018-08-13T13:54:16.600181564Z:       - [37mCONFIG_CRYPTO_GHASH[m: [32menabled[m
[STDERR  ] 2018-08-13T13:54:16.600207044Z:       - [37mCONFIG_XFRM[m: [32menabled[m
[STDERR  ] 2018-08-13T13:54:16.600234873Z:       - [37mCONFIG_XFRM_USER[m: [32menabled (as module)[m
[STDERR  ] 2018-08-13T13:54:16.600255439Z:       - [37mCONFIG_XFRM_ALGO[m: [32menabled (as module)[m
[STDERR  ] 2018-08-13T13:54:16.600291867Z:       - [37mCONFIG_INET_ESP[m: [32menabled (as module)[m
[STDERR  ] 2018-08-13T13:54:16.600315603Z:       - [37mCONFIG_INET_XFRM_MODE_TRANSPORT[m: [32menabled (as module)[m
[STDERR  ] 2018-08-13T13:54:16.600366238Z:   - "[34mipvlan[m":
[STDERR  ] 2018-08-13T13:54:16.600385565Z:     - [37mCONFIG_IPVLAN[m: [32menabled[m
[STDERR  ] 2018-08-13T13:54:16.600424105Z:   - "[34mmacvlan[m":
[STDERR  ] 2018-08-13T13:54:16.600454707Z:     - [37mCONFIG_MACVLAN[m: [32menabled[m
[STDERR  ] 2018-08-13T13:54:16.600474256Z:     - [37mCONFIG_DUMMY[m: [32menabled (as module)[m
[STDERR  ] 2018-08-13T13:54:16.600516872Z:   - "[34mftp,tftp client in container[m":
[STDERR  ] 2018-08-13T13:54:16.600535438Z:     - [37mCONFIG_NF_NAT_FTP[m: [32menabled[m
[STDERR  ] 2018-08-13T13:54:16.600554907Z:     - [37mCONFIG_NF_CONNTRACK_FTP[m: [32menabled[m
[STDERR  ] 2018-08-13T13:54:16.600573976Z:     - [37mCONFIG_NF_NAT_TFTP[m: [32menabled[m
[STDERR  ] 2018-08-13T13:54:16.600592709Z:     - [37mCONFIG_NF_CONNTRACK_TFTP[m: [32menabled[m
[STDERR  ] 2018-08-13T13:54:16.600612078Z: - Storage Drivers:
[STDERR  ] 2018-08-13T13:54:16.600631920Z:   - "[34maufs[m":
[STDERR  ] 2018-08-13T13:54:16.600650347Z:     - [1mCONFIG_AUFS_FS[m: [1;31mmissing[m
[STDERR  ] 2018-08-13T13:54:16.600668980Z:   - "[34mbtrfs[m":
[STDERR  ] 2018-08-13T13:54:16.600689503Z:     - [37mCONFIG_BTRFS_FS[m: [32menabled (as module)[m
[STDERR  ] 2018-08-13T13:54:16.600712974Z:     - [37mCONFIG_BTRFS_FS_POSIX_ACL[m: [32menabled[m
[STDERR  ] 2018-08-13T13:54:16.600732605Z:   - "[34mdevicemapper[m":
[STDERR  ] 2018-08-13T13:54:16.600755287Z:     - [37mCONFIG_BLK_DEV_DM[m: [32menabled[m
[STDERR  ] 2018-08-13T13:54:16.600774531Z:     - [37mCONFIG_DM_THIN_PROVISIONING[m: [32menabled[m
[STDERR  ] 2018-08-13T13:54:16.600793600Z:   - "[34moverlay[m":
[STDERR  ] 2018-08-13T13:54:16.600812925Z:     - [37mCONFIG_OVERLAY_FS[m: [32menabled[m
[STDERR  ] 2018-08-13T13:54:16.600832226Z:   - "[34mzfs[m":
[STDERR  ] 2018-08-13T13:54:16.600858150Z:     - [1m/dev/zfs[m: [1;31mmissing[m
[STDERR  ] 2018-08-13T13:54:16.600899409Z:     - [1mzfs command[m: [1;31mmissing[m
[STDERR  ] 2018-08-13T13:54:16.600926985Z:     - [1mzpool command[m: [1;31mmissing[m
[STDERR  ] 2018-08-13T13:54:16.600946430Z: 
[STDERR  ] 2018-08-13T13:54:16.600970740Z: Limits:
[STDERR  ] 2018-08-13T13:54:16.601024429Z: [37m- /proc/sys/kernel/keys/root_maxkeys[m: [32m1000000[m
[STDERR  ] 2018-08-13T13:54:16.601051194Z: 
[STDERR  ] 2018-08-13T13:54:16.601107410Z: Kernel config test suite PASSED
[STDERR  ] 2018-08-13T13:54:16.601126375Z: [   38.911111] ACPI: Preparing to enter system sleep state S5
[STDERR  ] 2018-08-13T13:54:16.601145721Z: [   38.915253] reboot: Power down
[STDERR  ] 2018-08-13T13:54:16.601164584Z: + grep -q suite PASSED
[STDERR  ] 2018-08-13T13:54:16.602340304Z: + echo [    0.000000] Linux version 4.14.58-linuxkit (root@rlin01) (gcc version 6.4.0 (Alpine 6.4.0)) #1 SMP Fri Aug 10 12:45:46 UTC 2018
[STDERR  ] 2018-08-13T13:54:16.602515229Z: [    0.000000] Command line: console=ttyS0 console=ttyAMA0
[STDERR  ] 2018-08-13T13:54:16.602593100Z: [    0.000000] x86/fpu: x87 FPU will use FXSAVE
[STDERR  ] 2018-08-13T13:54:16.602645471Z: [    0.000000] e820: BIOS-provided physical RAM map:
[STDERR  ] 2018-08-13T13:54:16.602718980Z: [    0.000000] BIOS-e820: [mem 0x0000000000000000-0x000000000009fbff] usable
[STDERR  ] 2018-08-13T13:54:16.602791040Z: [    0.000000] BIOS-e820: [mem 0x000000000009fc00-0x000000000009ffff] reserved
[STDERR  ] 2018-08-13T13:54:16.602866870Z: [    0.000000] BIOS-e820: [mem 0x00000000000f0000-0x00000000000fffff] reserved
[STDERR  ] 2018-08-13T13:54:16.602954158Z: [    0.000000] BIOS-e820: [mem 0x0000000000100000-0x000000003ffdefff] usable
[STDERR  ] 2018-08-13T13:54:16.603045166Z: [    0.000000] BIOS-e820: [mem 0x000000003ffdf000-0x000000003fffffff] reserved
[STDERR  ] 2018-08-13T13:54:16.603155498Z: [    0.000000] BIOS-e820: [mem 0x00000000b0000000-0x00000000bfffffff] reserved
[STDERR  ] 2018-08-13T13:54:16.603226432Z: [    0.000000] BIOS-e820: [mem 0x00000000fed1c000-0x00000000fed1ffff] reserved
[STDERR  ] 2018-08-13T13:54:16.603300808Z: [    0.000000] BIOS-e820: [mem 0x00000000fffc0000-0x00000000ffffffff] reserved
[STDERR  ] 2018-08-13T13:54:16.603379665Z: [    0.000000] NX (Execute Disable) protection: active
[STDERR  ] 2018-08-13T13:54:16.603431204Z: [    0.000000] SMBIOS 2.8 present.
[STDERR  ] 2018-08-13T13:54:16.603591499Z: [    0.000000] DMI: QEMU Standard PC (Q35 + ICH9, 2009), BIOS 1.10.2-1 04/01/2014
[STDERR  ] 2018-08-13T13:54:16.603663152Z: [    0.000000] tsc: Fast TSC calibration using PIT
[STDERR  ] 2018-08-13T13:54:16.603731779Z: [    0.000000] e820: last_pfn = 0x3ffdf max_arch_pfn = 0x400000000
[STDERR  ] 2018-08-13T13:54:16.603797841Z: [    0.000000] x86/PAT: Configuration [0-7]: WB  WC  UC- UC  WB  WP  UC- WT  
[STDERR  ] 2018-08-13T13:54:16.603869539Z: [    0.000000] found SMP MP-table at [mem 0x000f6a90-0x000f6a9f] mapped at [ffffffffff200a90]
[STDERR  ] 2018-08-13T13:54:16.603922670Z: [    0.000000] RAMDISK: [mem 0x3e4ee000-0x3ffcffff]
[STDERR  ] 2018-08-13T13:54:16.603989170Z: [    0.000000] ACPI: Early table checksum verification disabled
[STDERR  ] 2018-08-13T13:54:16.604056521Z: [    0.000000] ACPI: RSDP 0x00000000000F68D0 000014 (v00 BOCHS )
[STDERR  ] 2018-08-13T13:54:16.604171117Z: [    0.000000] ACPI: RSDT 0x000000003FFE2404 000034 (v01 BOCHS  BXPCRSDT 00000001 BXPC 00000001)
[STDERR  ] 2018-08-13T13:54:16.604238409Z: [    0.000000] ACPI: FACP 0x000000003FFE22A4 000074 (v01 BOCHS  BXPCFACP 00000001 BXPC 00000001)
[STDERR  ] 2018-08-13T13:54:16.604306631Z: [    0.000000] ACPI: DSDT 0x000000003FFE0040 002264 (v01 BOCHS  BXPCDSDT 00000001 BXPC 00000001)
[STDERR  ] 2018-08-13T13:54:16.604376605Z: [    0.000000] ACPI: FACS 0x000000003FFE0000 000040
[STDERR  ] 2018-08-13T13:54:16.604427828Z: [    0.000000] ACPI: APIC 0x000000003FFE2318 000078 (v01 BOCHS  BXPCAPIC 00000001 BXPC 00000001)
[STDERR  ] 2018-08-13T13:54:16.604499072Z: [    0.000000] ACPI: HPET 0x000000003FFE2390 000038 (v01 BOCHS  BXPCHPET 00000001 BXPC 00000001)
[STDERR  ] 2018-08-13T13:54:16.604566129Z: [    0.000000] ACPI: MCFG 0x000000003FFE23C8 00003C (v01 BOCHS  BXPCMCFG 00000001 BXPC 00000001)
[STDERR  ] 2018-08-13T13:54:16.604635068Z: [    0.000000] Zone ranges:
[STDERR  ] 2018-08-13T13:54:16.604685793Z: [    0.000000]   DMA      [mem 0x0000000000001000-0x0000000000ffffff]
[STDERR  ] 2018-08-13T13:54:16.604754459Z: [    0.000000]   DMA32    [mem 0x0000000001000000-0x000000003ffdefff]
[STDERR  ] 2018-08-13T13:54:16.604821828Z: [    0.000000]   Normal   empty
[STDERR  ] 2018-08-13T13:54:16.604888864Z: [    0.000000]   Device   empty
[STDERR  ] 2018-08-13T13:54:16.604937963Z: [    0.000000] Movable zone start for each node
[STDERR  ] 2018-08-13T13:54:16.605006290Z: [    0.000000] Early memory node ranges
[STDERR  ] 2018-08-13T13:54:16.605138899Z: [    0.000000]   node   0: [mem 0x0000000000001000-0x000000000009efff]
[STDERR  ] 2018-08-13T13:54:16.605207458Z: [    0.000000]   node   0: [mem 0x0000000000100000-0x000000003ffdefff]
[STDERR  ] 2018-08-13T13:54:16.605257456Z: [    0.000000] Initmem setup node 0 [mem 0x0000000000001000-0x000000003ffdefff]
[STDERR  ] 2018-08-13T13:54:16.605334312Z: [    0.000000] ACPI: PM-Timer IO Port: 0x608
[STDERR  ] 2018-08-13T13:54:16.605409559Z: [    0.000000] ACPI: LAPIC_NMI (acpi_id[0xff] dfl dfl lint[0x1])
[STDERR  ] 2018-08-13T13:54:16.605477737Z: [    0.000000] IOAPIC[0]: apic_id 0, version 32, address 0xfec00000, GSI 0-23
[STDERR  ] 2018-08-13T13:54:16.605544444Z: [    0.000000] ACPI: INT_SRC_OVR (bus 0 bus_irq 0 global_irq 2 dfl dfl)
[STDERR  ] 2018-08-13T13:54:16.605620017Z: [    0.000000] ACPI: INT_SRC_OVR (bus 0 bus_irq 5 global_irq 5 high level)
[STDERR  ] 2018-08-13T13:54:16.605669298Z: [    0.000000] ACPI: INT_SRC_OVR (bus 0 bus_irq 9 global_irq 9 high level)
[STDERR  ] 2018-08-13T13:54:16.605750018Z: [    0.000000] ACPI: INT_SRC_OVR (bus 0 bus_irq 10 global_irq 10 high level)
[STDERR  ] 2018-08-13T13:54:16.605820965Z: [    0.000000] ACPI: INT_SRC_OVR (bus 0 bus_irq 11 global_irq 11 high level)
[STDERR  ] 2018-08-13T13:54:16.605888525Z: [    0.000000] Using ACPI (MADT) for SMP configuration information
[STDERR  ] 2018-08-13T13:54:16.605956675Z: [    0.000000] ACPI: HPET id: 0x8086a201 base: 0xfed00000
[STDERR  ] 2018-08-13T13:54:16.606007396Z: [    0.000000] smpboot: Allowing 1 CPUs, 0 hotplug CPUs
[STDERR  ] 2018-08-13T13:54:16.606130743Z: [    0.000000] e820: [mem 0x40000000-0xafffffff] available for PCI devices
[STDERR  ] 2018-08-13T13:54:16.606200008Z: [    0.000000] Booting paravirtualized kernel on bare hardware
[STDERR  ] 2018-08-13T13:54:16.606250609Z: [    0.000000] clocksource: refined-jiffies: mask: 0xffffffff max_cycles: 0xffffffff, max_idle_ns: 19112604462750000 ns
[STDERR  ] 2018-08-13T13:54:16.606319930Z: [    0.000000] random: get_random_bytes called from start_kernel+0x92/0x4c8 with crng_init=0
[STDERR  ] 2018-08-13T13:54:16.606394806Z: [    0.000000] setup_percpu: NR_CPUS:128 nr_cpumask_bits:128 nr_cpu_ids:1 nr_node_ids:1
[STDERR  ] 2018-08-13T13:54:16.606462509Z: [    0.000000] percpu: Embedded 44 pages/cpu @ffff92b83e200000 s143256 r8192 d28776 u2097152
[STDERR  ] 2018-08-13T13:54:16.606550310Z: [    0.000000] Built 1 zonelists, mobility grouping on.  Total pages: 257896
[STDERR  ] 2018-08-13T13:54:16.606607990Z: [    0.000000] Kernel command line: console=ttyS0 console=ttyAMA0
[STDERR  ] 2018-08-13T13:54:16.606676557Z: [    0.000000] PID hash table entries: 4096 (order: 3, 32768 bytes)
[STDERR  ] 2018-08-13T13:54:16.606726666Z: [    0.000000] Dentry cache hash table entries: 131072 (order: 8, 1048576 bytes)
[STDERR  ] 2018-08-13T13:54:16.606792007Z: [    0.000000] Inode-cache hash table entries: 65536 (order: 7, 524288 bytes)
[STDERR  ] 2018-08-13T13:54:16.606843893Z: [    0.000000] Memory: 977272K/1048052K available (12300K kernel code, 1458K rwdata, 2996K rodata, 1512K init, 632K bss, 70780K reserved, 0K cma-reserved)
[STDERR  ] 2018-08-13T13:54:16.606897818Z: [    0.000000] ftrace: allocating 41049 entries in 161 pages
[STDERR  ] 2018-08-13T13:54:16.606956194Z: [    0.000000] Hierarchical RCU implementation.
[STDERR  ] 2018-08-13T13:54:16.607023636Z: [    0.000000] 	RCU restricting CPUs from NR_CPUS=128 to nr_cpu_ids=1.
[STDERR  ] 2018-08-13T13:54:16.607124092Z: [    0.000000] RCU: Adjusting geometry for rcu_fanout_leaf=16, nr_cpu_ids=1
[STDERR  ] 2018-08-13T13:54:16.607174315Z: [    0.000000] NR_IRQS: 8448, nr_irqs: 256, preallocated irqs: 16
[STDERR  ] 2018-08-13T13:54:16.607231993Z: [    0.000000] Console: colour VGA+ 80x25
[STDERR  ] 2018-08-13T13:54:16.607281859Z: [    0.000000] console [ttyS0] enabled
[STDERR  ] 2018-08-13T13:54:16.607330905Z: [    0.000000] clocksource: hpet: mask: 0xffffffff max_cycles: 0xffffffff, max_idle_ns: 19112604467 ns
[STDERR  ] 2018-08-13T13:54:16.607405662Z: [    0.010000] tsc: Fast TSC calibration using PIT
[STDERR  ] 2018-08-13T13:54:16.607480512Z: [    0.010000] tsc: Detected 2599.708 MHz processor
[STDERR  ] 2018-08-13T13:54:16.607532515Z: [    0.010000] Calibrating delay loop (skipped), value calculated using timer frequency.. 5199.41 BogoMIPS (lpj=25997080)
[STDERR  ] 2018-08-13T13:54:16.607583690Z: [    0.010000] pid_max: default: 32768 minimum: 301
[STDERR  ] 2018-08-13T13:54:16.607632992Z: [    0.010000] ACPI: Core revision 20170728
[STDERR  ] 2018-08-13T13:54:16.607682209Z: [    0.048112] ACPI: 1 ACPI AML tables successfully acquired and loaded
[STDERR  ] 2018-08-13T13:54:16.607731998Z: [    0.049615] Security Framework initialized
[STDERR  ] 2018-08-13T13:54:16.607775295Z: [    0.050151] Yama: becoming mindful.
[STDERR  ] 2018-08-13T13:54:16.607817660Z: [    0.051894] Mount-cache hash table entries: 2048 (order: 2, 16384 bytes)
[STDERR  ] 2018-08-13T13:54:16.607861333Z: [    0.052340] Mountpoint-cache hash table entries: 2048 (order: 2, 16384 bytes)
[STDERR  ] 2018-08-13T13:54:16.607925198Z: [    0.066776] Last level iTLB entries: 4KB 0, 2MB 0, 4MB 0
[STDERR  ] 2018-08-13T13:54:16.607976114Z: [    0.067173] Last level dTLB entries: 4KB 0, 2MB 0, 4MB 0, 1GB 0
[STDERR  ] 2018-08-13T13:54:16.608024414Z: [    0.067610] Spectre V2 : Spectre mitigation: LFENCE not serializing, switching to generic retpoline
[STDERR  ] 2018-08-13T13:54:16.608140832Z: [    0.068153] Spectre V2 : Mitigation: Full generic retpoline
[STDERR  ] 2018-08-13T13:54:16.608191905Z: [    0.068521] Spectre V2 : Spectre v2 mitigation: Filling RSB on context switch
[STDERR  ] 2018-08-13T13:54:16.608241191Z: [    0.068989] Speculative Store Bypass: Vulnerable
[STDERR  ] 2018-08-13T13:54:16.608292273Z: [    0.292118] Freeing SMP alternatives memory: 20K
[STDERR  ] 2018-08-13T13:54:16.608340986Z: [    0.308112] smpboot: Max logical packages: 1
[STDERR  ] 2018-08-13T13:54:16.608399348Z: [    0.312846] ..TIMER: vector=0x30 apic1=0 pin1=2 apic2=-1 pin2=-1
[STDERR  ] 2018-08-13T13:54:16.608447884Z: [    0.420000] smpboot: CPU0: AMD QEMU Virtual CPU version 2.5+ (family: 0x6, model: 0x6, stepping: 0x3)
[STDERR  ] 2018-08-13T13:54:16.608497787Z: [    0.420000] Performance Events: PMU not available due to virtualization, using software events only.
[STDERR  ] 2018-08-13T13:54:16.608542051Z: [    0.420000] Hierarchical SRCU implementation.
[STDERR  ] 2018-08-13T13:54:16.608584552Z: [    0.422731] NMI watchdog: Perf event create on CPU 0 failed with -2
[STDERR  ] 2018-08-13T13:54:16.608627604Z: [    0.423098] NMI watchdog: Perf NMI watchdog permanently disabled
[STDERR  ] 2018-08-13T13:54:16.608676746Z: [    0.426368] smp: Bringing up secondary CPUs ...
[STDERR  ] 2018-08-13T13:54:16.608727067Z: [    0.426718] smp: Brought up 1 node, 1 CPU
[STDERR  ] 2018-08-13T13:54:16.608777517Z: [    0.427014] smpboot: Total of 1 processors activated (5199.41 BogoMIPS)
[STDERR  ] 2018-08-13T13:54:16.608826314Z: [    0.439234] devtmpfs: initialized
[STDERR  ] 2018-08-13T13:54:16.608878247Z: [    0.443096] x86/mm: Memory block size: 128MB
[STDERR  ] 2018-08-13T13:54:16.608927442Z: [    0.447631] evm: security.ima
[STDERR  ] 2018-08-13T13:54:16.608976383Z: [    0.447829] evm: security.capability
[STDERR  ] 2018-08-13T13:54:16.609025963Z: [    0.450651] clocksource: jiffies: mask: 0xffffffff max_cycles: 0xffffffff, max_idle_ns: 19112604462750000 ns
[STDERR  ] 2018-08-13T13:54:16.609159335Z: [    0.451330] futex hash table entries: 256 (order: 2, 16384 bytes)
[STDERR  ] 2018-08-13T13:54:16.609209654Z: [    0.459555] NET: Registered protocol family 16
[STDERR  ] 2018-08-13T13:54:16.609266368Z: [    0.464874] cpuidle: using governor ladder
[STDERR  ] 2018-08-13T13:54:16.609315142Z: [    0.465232] cpuidle: using governor menu
[STDERR  ] 2018-08-13T13:54:16.609372425Z: [    0.466445] ACPI: bus type PCI registered
[STDERR  ] 2018-08-13T13:54:16.609416937Z: [    0.468462] PCI: MMCONFIG for domain 0000 [bus 00-ff] at [mem 0xb0000000-0xbfffffff] (base 0xb0000000)
[STDERR  ] 2018-08-13T13:54:16.609477054Z: [    0.469270] PCI: MMCONFIG at [mem 0xb0000000-0xbfffffff] reserved in E820
[STDERR  ] 2018-08-13T13:54:16.609521473Z: [    0.470582] PCI: Using configuration type 1 for base access
[STDERR  ] 2018-08-13T13:54:16.609564261Z: [    0.514807] HugeTLB registered 2.00 MiB page size, pre-allocated 0 pages
[STDERR  ] 2018-08-13T13:54:16.609607313Z: [    0.523548] ACPI: Added _OSI(Module Device)
[STDERR  ] 2018-08-13T13:54:16.609657719Z: [    0.523847] ACPI: Added _OSI(Processor Device)
[STDERR  ] 2018-08-13T13:54:16.609706237Z: [    0.524096] ACPI: Added _OSI(3.0 _SCP Extensions)
[STDERR  ] 2018-08-13T13:54:16.609754889Z: [    0.524355] ACPI: Added _OSI(Processor Aggregator Device)
[STDERR  ] 2018-08-13T13:54:16.609803722Z: [    0.574570] ACPI: Interpreter enabled
[STDERR  ] 2018-08-13T13:54:16.609863375Z: [    0.575220] ACPI: (supports S0 S5)
[STDERR  ] 2018-08-13T13:54:16.609913187Z: [    0.575469] ACPI: Using IOAPIC for interrupt routing
[STDERR  ] 2018-08-13T13:54:16.609968676Z: [    0.576954] PCI: Using host bridge windows from ACPI; if necessary, use "pci=nocrs" and report a bug
[STDERR  ] 2018-08-13T13:54:16.610029047Z: [    0.579631] ACPI: Enabled 2 GPEs in block 00 to 3F
[STDERR  ] 2018-08-13T13:54:16.610138633Z: [    0.627648] ACPI: PCI Root Bridge [PCI0] (domain 0000 [bus 00-ff])
[STDERR  ] 2018-08-13T13:54:16.610205208Z: [    0.628395] acpi PNP0A08:00: _OSC: OS supports [ExtendedConfig ASPM ClockPM Segments MSI]
[STDERR  ] 2018-08-13T13:54:16.610257855Z: [    0.632209] acpi PNP0A08:00: _OSC: OS now controls [PCIeHotplug PME PCIeCapability]
[STDERR  ] 2018-08-13T13:54:16.610308800Z: [    0.634926] PCI host bridge to bus 0000:00
[STDERR  ] 2018-08-13T13:54:16.610366624Z: [    0.635342] pci_bus 0000:00: root bus resource [io  0x0000-0x0cf7 window]
[STDERR  ] 2018-08-13T13:54:16.610417629Z: [    0.635728] pci_bus 0000:00: root bus resource [io  0x0d00-0xffff window]
[STDERR  ] 2018-08-13T13:54:16.610469371Z: [    0.636107] pci_bus 0000:00: root bus resource [mem 0x000a0000-0x000bffff window]
[STDERR  ] 2018-08-13T13:54:16.610517516Z: [    0.636517] pci_bus 0000:00: root bus resource [mem 0xc0000000-0xfebfffff window]
[STDERR  ] 2018-08-13T13:54:16.610674866Z: [    0.637101] pci_bus 0000:00: root bus resource [bus 00-ff]
[STDERR  ] 2018-08-13T13:54:16.610698617Z: [    0.677904] pci 0000:00:1f.0: quirk: [io  0x0600-0x067f] claimed by ICH6 ACPI/GPIO/TCO
[STDERR  ] 2018-08-13T13:54:16.610716640Z: [    0.702334] ACPI: PCI Interrupt Link [LNKA] (IRQs 5 *10 11)
[PASS    ] linuxkit.kernel.config_4.14.x 54.35s
[STDERR  ] 2018-08-13T13:54:16.610735063Z: [    0.703817] ACPI: PCI Interrupt Link [LNKB] (IRQs 5 *10 11)
[STDERR  ] 2018-08-13T13:54:16.610753542Z: [    0.705126] ACPI: PCI Interrupt Link [LNKC] (IRQs 5 10 *11)
