[INFO    ] 2018-08-13T14:34:25.338362290Z: Running Test linuxkit.packages.logwrite in /tmp/build/test/cases/040_packages/030_logwrite
[STDERR  ] 2018-08-13T14:34:25.338417295Z:            \______ O           __/
[STDERR  ] 2018-08-13T14:34:25.338438109Z:              \    \         __/
[STDERR  ] 2018-08-13T14:34:25.338456473Z:               \____\_______/
[STDERR  ] 2018-08-13T14:34:25.338475384Z: 
[STDERR  ] 2018-08-13T14:34:25.338505484Z: [   54.293605] 8021q: adding VLAN 0 to HW filter on device eth0
[STDERR  ] 2018-08-13T14:34:25.338525366Z: eth0: waiting for carrier
[STDERR  ] 2018-08-13T14:34:25.338551900Z: eth0: carrier acquired
[STDERR  ] 2018-08-13T14:34:25.338568617Z: DUID 00:04:22:ba:0d:46:d2:87:4b:5f:92:a0:2e:f1:75:7c:01:99
[STDERR  ] 2018-08-13T14:34:25.338587405Z: eth0: IAID 37:88:fc:04
[STDERR  ] 2018-08-13T14:34:25.338613487Z: eth0: adding address fe80::5d6c:f5a4:4176:6c9c
[STDERR  ] 2018-08-13T14:34:25.338631468Z: eth0: soliciting an IPv6 router
[STDERR  ] 2018-08-13T14:34:25.338649157Z: eth0: soliciting a DHCP lease
[STDERR  ] 2018-08-13T14:34:25.338668125Z: eth0: offered 10.0.2.15 from 10.0.2.2
[STDERR  ] 2018-08-13T14:34:25.338687037Z: eth0: leased 10.0.2.15 for 86400 seconds
[STDERR  ] 2018-08-13T14:34:25.338714533Z: eth0: adding route to 10.0.2.0/24
[STDERR  ] 2018-08-13T14:34:25.338741167Z: eth0: adding default route via 10.0.2.2
[STDERR  ] 2018-08-13T14:34:25.338759094Z: exiting due to oneshot
[STDERR  ] 2018-08-13T14:34:25.338777683Z: dhcpcd exited
[STDERR  ] 2018-08-13T14:34:25.338796582Z: [   55.117555] IPVS: ftp: loaded support on port[0] = 21
[STDERR  ] 2018-08-13T14:34:25.338815261Z: [   55.744746] wireguard: loading out-of-tree module taints kernel.
[STDERR  ] 2018-08-13T14:34:25.338833647Z: [   55.766636] wireguard: WireGuard 0.0.20180802 loaded. See www.wireguard.com for information.
[STDERR  ] 2018-08-13T14:34:25.338853395Z: [   55.767185] wireguard: Copyright (C) 2015-2018 Jason A. Donenfeld <Jason@zx2c4.com>. All Rights Reserved.
[STDERR  ] 2018-08-13T14:34:25.338873422Z: Created interface wg0 type wireguard
[STDERR  ] 2018-08-13T14:34:25.338892403Z: Moved interface wg0 to pid 319
[STDERR  ] 2018-08-13T14:34:25.338913861Z: [#] wg setconf wg0 /dev/
[INFO    ] 2018-08-13T14:34:25.338654197Z: Running command: [/bin/sh -x /tmp/build/test/cases/040_packages/030_logwrite/test.sh]
[STDERR  ] 2018-08-13T14:34:25.354242924Z: + set -e
[STDERR  ] 2018-08-13T14:34:25.354331413Z: + . /tmp/build/test/cases/_lib/lib.sh
[STDERR  ] 2018-08-13T14:34:25.354352626Z: + [ -f src/github.com/linuxkit/rtf/lib/lib.sh ]
[STDERR  ] 2018-08-13T14:34:25.354372781Z: + LINUXKIT_TMPDIR=/tmp/build/test/cases/_tmp
[STDERR  ] 2018-08-13T14:34:25.354396091Z: + [ -f /tmp/build/test/cases/_tmp/env.sh ]
[STDERR  ] 2018-08-13T14:34:25.354415927Z: + . /tmp/build/test/cases/_tmp/env.sh
[STDERR  ] 2018-08-13T14:34:25.354434312Z: + export LINUXKIT_EXAMPLES_DIR=/tmp/build/test/cases/../../examples
[STDERR  ] 2018-08-13T14:34:25.354453442Z: + RT_CANCEL=253
[STDERR  ] 2018-08-13T14:34:25.354473449Z: + NAME=logwrite
[STDERR  ] 2018-08-13T14:34:25.354495105Z: + trap clean_up EXIT
[STDERR  ] 2018-08-13T14:34:25.354514417Z: + linuxkit build -disable-content-trust -format kernel+initrd -name logwrite test.yml
[STDERR  ] 2018-08-13T14:34:25.388893023Z: Extract kernel image: linuxkit/kernel:4.14.58
[STDERR  ] 2018-08-13T14:34:25.973515410Z: Add init containers:
[STDERR  ] 2018-08-13T14:34:25.973581998Z: Process init image: linuxkit/init:v0.6
[STDERR  ] 2018-08-13T14:34:26.094148480Z: Process init image: linuxkit/runc:v0.6
[STDERR  ] 2018-08-13T14:34:26.179788938Z: Process init image: linuxkit/containerd:v0.6
[STDERR  ] 2018-08-13T14:34:26.334967644Z: Process init image: linuxkit/ca-certificates:v0.6
[STDERR  ] 2018-08-13T14:34:26.444544035Z: Process init image: linuxkit/memlogd:v0.6
[STDERR  ] 2018-08-13T14:34:26.446156086Z: Pull image: linuxkit/memlogd:v0.6
[STDERR  ] 2018-08-13T14:34:29.342022545Z: Add service containers:
[STDERR  ] 2018-08-13T14:34:29.342097865Z:   Create OCI config for alpine
[STDERR  ] 2018-08-13T14:34:29.343570534Z: Pull image: alpine
[STDERR  ] 2018-08-13T14:34:30.897597234Z:   Create OCI config for linuxkit/logwrite:v0.6
[STDERR  ] 2018-08-13T14:34:30.898565261Z: Pull image: linuxkit/logwrite:v0.6
[STDERR  ] 2018-08-13T14:34:33.139478257Z:   Create OCI config for alpine:3.8
[STDERR  ] 2018-08-13T14:34:33.268776821Z: Add files:
[STDERR  ] 2018-08-13T14:34:33.268843913Z:   check.sh
[STDERR  ] 2018-08-13T14:34:33.287044399Z: Create outputs:
[STDERR  ] 2018-08-13T14:34:42.530259447Z:   logwrite-kernel logwrite-initrd.img logwrite-cmdline
[STDERR  ] 2018-08-13T14:34:42.616179861Z: + linuxkit run logwrite
[STDERR  ] 2018-08-13T14:35:12.722386355Z: + RESULT=[    0.000000] Linux version 4.14.58-linuxkit (root@rlin01) (gcc version 6.4.0 (Alpine 6.4.0)) #1 SMP Fri Aug 10 12:45:46 UTC 2018
[STDERR  ] 2018-08-13T14:35:12.722472757Z: [    0.000000] Command line: console=ttyS0 console=ttyAMA0
[STDERR  ] 2018-08-13T14:35:12.722493258Z: [    0.000000] x86/fpu: x87 FPU will use FXSAVE
[STDERR  ] 2018-08-13T14:35:12.722513385Z: [    0.000000] e820: BIOS-provided physical RAM map:
[STDERR  ] 2018-08-13T14:35:12.722532066Z: [    0.000000] BIOS-e820: [mem 0x0000000000000000-0x000000000009fbff] usable
[STDERR  ] 2018-08-13T14:35:12.722551380Z: [    0.000000] BIOS-e820: [mem 0x000000000009fc00-0x000000000009ffff] reserved
[STDERR  ] 2018-08-13T14:35:12.722570097Z: [    0.000000] BIOS-e820: [mem 0x00000000000f0000-0x00000000000fffff] reserved
[STDERR  ] 2018-08-13T14:35:12.722587538Z: [    0.000000] BIOS-e820: [mem 0x0000000000100000-0x000000003ffdefff] usable
[STDERR  ] 2018-08-13T14:35:12.722604335Z: [    0.000000] BIOS-e820: [mem 0x000000003ffdf000-0x000000003fffffff] reserved
[STDERR  ] 2018-08-13T14:35:12.722629830Z: [    0.000000] BIOS-e820: [mem 0x00000000b0000000-0x00000000bfffffff] reserved
[STDERR  ] 2018-08-13T14:35:12.722646134Z: [    0.000000] BIOS-e820: [mem 0x00000000fed1c000-0x00000000fed1ffff] reserved
[STDERR  ] 2018-08-13T14:35:12.722662268Z: [    0.000000] BIOS-e820: [mem 0x00000000fffc0000-0x00000000ffffffff] reserved
[STDERR  ] 2018-08-13T14:35:12.722685047Z: [    0.000000] NX (Execute Disable) protection: active
[STDERR  ] 2018-08-13T14:35:12.722702004Z: [    0.000000] SMBIOS 2.8 present.
[STDERR  ] 2018-08-13T14:35:12.722720119Z: [    0.000000] DMI: QEMU Standard PC (Q35 + ICH9, 2009), BIOS 1.10.2-1 04/01/2014
[STDERR  ] 2018-08-13T14:35:12.722737023Z: [    0.000000] tsc: Fast TSC calibration using PIT
[STDERR  ] 2018-08-13T14:35:12.722754758Z: [    0.000000] e820: last_pfn = 0x3ffdf max_arch_pfn = 0x400000000
[STDERR  ] 2018-08-13T14:35:12.722773519Z: [    0.000000] x86/PAT: Configuration [0-7]: WB  WC  UC- UC  WB  WP  UC- WT  
[STDERR  ] 2018-08-13T14:35:12.722794054Z: [    0.000000] found SMP MP-table at [mem 0x000f6a90-0x000f6a9f] mapped at [ffffffffff200a90]
[STDERR  ] 2018-08-13T14:35:12.722813551Z: [    0.000000] RAMDISK: [mem 0x3d14a000-0x3ffcffff]
[STDERR  ] 2018-08-13T14:35:12.722834774Z: [    0.000000] ACPI: Early table checksum verification disabled
[STDERR  ] 2018-08-13T14:35:12.722855235Z: [    0.000000] ACPI: RSDP 0x00000000000F68D0 000014 (v00 BOCHS )
[STDERR  ] 2018-08-13T14:35:12.722873908Z: [    0.000000] ACPI: RSDT 0x000000003FFE2404 000034 (v01 BOCHS  BXPCRSDT 00000001 BXPC 00000001)
[STDERR  ] 2018-08-13T14:35:12.722891585Z: [    0.000000] ACPI: FACP 0x000000003FFE22A4 000074 (v01 BOCHS  BXPCFACP 00000001 BXPC 00000001)
[STDERR  ] 2018-08-13T14:35:12.722924020Z: [    0.000000] ACPI: DSDT 0x000000003FFE0040 002264 (v01 BOCHS  BXPCDSDT 00000001 BXPC 00000001)
[STDERR  ] 2018-08-13T14:35:12.722941671Z: [    0.000000] ACPI: FACS 0x000000003FFE0000 000040
[STDERR  ] 2018-08-13T14:35:12.722958638Z: [    0.000000] ACPI: APIC 0x000000003FFE2318 000078 (v01 BOCHS  BXPCAPIC 00000001 BXPC 00000001)
[STDERR  ] 2018-08-13T14:35:12.722976470Z: [    0.000000] ACPI: HPET 0x000000003FFE2390 000038 (v01 BOCHS  BXPCHPET 00000001 BXPC 00000001)
[STDERR  ] 2018-08-13T14:35:12.722994170Z: [    0.000000] ACPI: MCFG 0x000000003FFE23C8 00003C (v01 BOCHS  BXPCMCFG 00000001 BXPC 00000001)
[STDERR  ] 2018-08-13T14:35:12.723011612Z: [    0.000000] Zone ranges:
[STDERR  ] 2018-08-13T14:35:12.723034920Z: [    0.000000]   DMA      [mem 0x0000000000001000-0x0000000000ffffff]
[STDERR  ] 2018-08-13T14:35:12.723055697Z: [    0.000000]   DMA32    [mem 0x0000000001000000-0x000000003ffdefff]
[STDERR  ] 2018-08-13T14:35:12.723073942Z: [    0.000000]   Normal   empty
[STDERR  ] 2018-08-13T14:35:12.723091811Z: [    0.000000]   Device   empty
[STDERR  ] 2018-08-13T14:35:12.723109237Z: [    0.000000] Movable zone start for each node
[STDERR  ] 2018-08-13T14:35:12.723130291Z: [    0.000000] Early memory node ranges
[STDERR  ] 2018-08-13T14:35:12.723148649Z: [    0.000000]   node   0: [mem 0x0000000000001000-0x000000000009efff]
[STDERR  ] 2018-08-13T14:35:12.723166729Z: [    0.000000]   node   0: [mem 0x0000000000100000-0x000000003ffdefff]
[STDERR  ] 2018-08-13T14:35:12.723183966Z: [    0.000000] Initmem setup node 0 [mem 0x0000000000001000-0x000000003ffdefff]
[STDERR  ] 2018-08-13T14:35:12.723203119Z: [    0.000000] ACPI: PM-Timer IO Port: 0x608
[STDERR  ] 2018-08-13T14:35:12.723221505Z: [    0.000000] ACPI: LAPIC_NMI (acpi_id[0xff] dfl dfl lint[0x1])
[STDERR  ] 2018-08-13T14:35:12.723238785Z: [    0.000000] IOAPIC[0]: apic_id 0, version 32, address 0xfec00000, GSI 0-23
[STDERR  ] 2018-08-13T14:35:12.723262058Z: [    0.000000] ACPI: INT_SRC_OVR (bus 0 bus_irq 0 global_irq 2 dfl dfl)
[STDERR  ] 2018-08-13T14:35:12.723280991Z: [    0.000000] ACPI: INT_SRC_OVR (bus 0 bus_irq 5 global_irq 5 high level)
[STDERR  ] 2018-08-13T14:35:12.723299263Z: [    0.000000] ACPI: INT_SRC_OVR (bus 0 bus_irq 9 global_irq 9 high level)
[STDERR  ] 2018-08-13T14:35:12.723322931Z: [    0.000000] ACPI: INT_SRC_OVR (bus 0 bus_irq 10 global_irq 10 high level)
[STDERR  ] 2018-08-13T14:35:12.723381813Z: [    0.000000] ACPI: INT_SRC_OVR (bus 0 bus_irq 11 global_irq 11 high level)
[STDERR  ] 2018-08-13T14:35:12.723401540Z: [    0.000000] Using ACPI (MADT) for SMP configuration information
[STDERR  ] 2018-08-13T14:35:12.723423869Z: [    0.000000] ACPI: HPET id: 0x8086a201 base: 0xfed00000
[STDERR  ] 2018-08-13T14:35:12.723442839Z: [    0.000000] smpboot: Allowing 1 CPUs, 0 hotplug CPUs
[STDERR  ] 2018-08-13T14:35:12.723489097Z: [    0.000000] e820: [mem 0x40000000-0xafffffff] available for PCI devices
[STDERR  ] 2018-08-13T14:35:12.723509343Z: [    0.000000] Booting paravirtualized kernel on bare hardware
[STDERR  ] 2018-08-13T14:35:12.723527651Z: [    0.000000] clocksource: refined-jiffies: mask: 0xffffffff max_cycles: 0xffffffff, max_idle_ns: 19112604462750000 ns
[STDERR  ] 2018-08-13T14:35:12.723548430Z: [    0.000000] random: get_random_bytes called from start_kernel+0x92/0x4c8 with crng_init=0
[STDERR  ] 2018-08-13T14:35:12.723568286Z: [    0.000000] setup_percpu: NR_CPUS:128 nr_cpumask_bits:128 nr_cpu_ids:1 nr_node_ids:1
[STDERR  ] 2018-08-13T14:35:12.723589746Z: [    0.000000] percpu: Embedded 44 pages/cpu @ffff886ebce00000 s143256 r8192 d28776 u2097152
[STDERR  ] 2018-08-13T14:35:12.723607065Z: [    0.000000] Built 1 zonelists, mobility grouping on.  Total pages: 257896
[STDERR  ] 2018-08-13T14:35:12.723633143Z: [    0.000000] Kernel command line: console=ttyS0 console=ttyAMA0
[STDERR  ] 2018-08-13T14:35:12.723652422Z: [    0.000000] PID hash table entries: 4096 (order: 3, 32768 bytes)
[STDERR  ] 2018-08-13T14:35:12.723681354Z: [    0.000000] Dentry cache hash table entries: 131072 (order: 8, 1048576 bytes)
[STDERR  ] 2018-08-13T14:35:12.723700699Z: [    0.000000] Inode-cache hash table entries: 65536 (order: 7, 524288 bytes)
[STDERR  ] 2018-08-13T14:35:12.723723078Z: [    0.000000] Memory: 957168K/1048052K available (12300K kernel code, 1458K rwdata, 2996K rodata, 1512K init, 632K bss, 90884K reserved, 0K cma-reserved)
[STDERR  ] 2018-08-13T14:35:12.723747377Z: [    0.000000] ftrace: allocating 41049 entries in 161 pages
[STDERR  ] 2018-08-13T14:35:12.723767110Z: [    0.000000] Hierarchical RCU implementation.
[STDERR  ] 2018-08-13T14:35:12.723787588Z: [    0.000000] 	RCU restricting CPUs from NR_CPUS=128 to nr_cpu_ids=1.
[STDERR  ] 2018-08-13T14:35:12.723805570Z: [    0.000000] RCU: Adjusting geometry for rcu_fanout_leaf=16, nr_cpu_ids=1
[STDERR  ] 2018-08-13T14:35:12.723829895Z: [    0.000000] NR_IRQS: 8448, nr_irqs: 256, preallocated irqs: 16
[STDERR  ] 2018-08-13T14:35:12.723849676Z: [    0.000000] Console: colour VGA+ 80x25
[STDERR  ] 2018-08-13T14:35:12.723869778Z: [    0.000000] console [ttyS0] enabled
[STDERR  ] 2018-08-13T14:35:12.723889857Z: [    0.000000] clocksource: hpet: mask: 0xffffffff max_cycles: 0xffffffff, max_idle_ns: 19112604467 ns
[STDERR  ] 2018-08-13T14:35:12.723909272Z: [    0.000000] tsc: Fast TSC calibration using PIT
[STDERR  ] 2018-08-13T14:35:12.723930364Z: [    0.000000] tsc: Detected 2600.024 MHz processor
[STDERR  ] 2018-08-13T14:35:12.723950019Z: [    0.001339] Calibrating delay loop (skipped), value calculated using timer frequency.. 5200.04 BogoMIPS (lpj=26000240)
[STDERR  ] 2018-08-13T14:35:12.723969318Z: [    0.002107] pid_max: default: 32768 minimum: 301
[STDERR  ] 2018-08-13T14:35:12.723993017Z: [    0.002816] ACPI: Core revision 20170728
[STDERR  ] 2018-08-13T14:35:12.724012187Z: [    0.036202] ACPI: 1 ACPI AML tables successfully acquired and loaded
[STDERR  ] 2018-08-13T14:35:12.724031391Z: [    0.037707] Security Framework initialized
[STDERR  ] 2018-08-13T14:35:12.724050778Z: [    0.038076] Yama: becoming mindful.
[STDERR  ] 2018-08-13T14:35:12.724068992Z: [    0.039828] Mount-cache hash table entries: 2048 (order: 2, 16384 bytes)
[STDERR  ] 2018-08-13T14:35:12.724090397Z: [    0.040097] Mountpoint-cache hash table entries: 2048 (order: 2, 16384 bytes)
[STDERR  ] 2018-08-13T14:35:12.724109414Z: [    0.054913] Last level iTLB entries: 4KB 0, 2MB 0, 4MB 0
[STDERR  ] 2018-08-13T14:35:12.724128933Z: [    0.055440] Last level dTLB entries: 4KB 0, 2MB 0, 4MB 0, 1GB 0
[STDERR  ] 2018-08-13T14:35:12.724148337Z: [    0.055877] Spectre V2 : Spectre mitigation: LFENCE not serializing, switching to generic retpoline
[STDERR  ] 2018-08-13T14:35:12.724167760Z: [    0.056409] Spectre V2 : Mitigation: Full generic retpoline
[STDERR  ] 2018-08-13T14:35:12.724186703Z: [    0.056777] Spectre V2 : Spectre v2 mitigation: Filling RSB on context switch
[STDERR  ] 2018-08-13T14:35:12.724206225Z: [    0.057240] Speculative Store Bypass: Vulnerable
[STDERR  ] 2018-08-13T14:35:12.724227986Z: [    0.280822] Freeing SMP alternatives memory: 20K
[STDERR  ] 2018-08-13T14:35:12.724247272Z: [    0.296275] smpboot: Max logical packages: 1
[STDERR  ] 2018-08-13T14:35:12.724266303Z: [    0.300000] ..TIMER: vector=0x30 apic1=0 pin1=2 apic2=-1 pin2=-1
[STDERR  ] 2018-08-13T14:35:12.724286447Z: [    0.400000] smpboot: CPU0: AMD QEMU Virtual CPU version 2.5+ (family: 0x6, model: 0x6, stepping: 0x3)
[STDERR  ] 2018-08-13T14:35:12.724308282Z: [    0.400000] Performance Events: PMU not available due to virtualization, using software events only.
[STDERR  ] 2018-08-13T14:35:12.724328078Z: [    0.400000] Hierarchical SRCU implementation.
[STDERR  ] 2018-08-13T14:35:12.724389390Z: [    0.402516] NMI watchdog: Perf event create on CPU 0 failed with -2
[STDERR  ] 2018-08-13T14:35:12.724409150Z: [    0.402896] NMI watchdog: Perf NMI watchdog permanently disabled
[STDERR  ] 2018-08-13T14:35:12.724433975Z: [    0.405774] smp: Bringing up secondary CPUs ...
[STDERR  ] 2018-08-13T14:35:12.724454007Z: [    0.406104] smp: Brought up 1 node, 1 CPU
[STDERR  ] 2018-08-13T14:35:12.724478087Z: [    0.406395] smpboot: Total of 1 processors activated (5200.04 BogoMIPS)
[STDERR  ] 2018-08-13T14:35:12.724496068Z: [    0.418698] devtmpfs: initialized
[STDERR  ] 2018-08-13T14:35:12.724515721Z: [    0.422588] x86/mm: Memory block size: 128MB
[STDERR  ] 2018-08-13T14:35:12.724535140Z: [    0.427017] evm: security.ima
[STDERR  ] 2018-08-13T14:35:12.724563175Z: [    0.427229] evm: security.capability
[STDERR  ] 2018-08-13T14:35:12.724583192Z: [    0.429703] clocksource: jiffies: mask: 0xffffffff max_cycles: 0xffffffff, max_idle_ns: 19112604462750000 ns
[STDERR  ] 2018-08-13T14:35:12.724602758Z: [    0.430181] futex hash table entries: 256 (order: 2, 16384 bytes)
[STDERR  ] 2018-08-13T14:35:12.724724041Z: [    0.438499] NET: Registered protocol family 16
[STDERR  ] 2018-08-13T14:35:12.724750114Z: [    0.444149] cpuidle: using governor ladder
[STDERR  ] 2018-08-13T14:35:12.724770053Z: [    0.444514] cpuidle: using governor menu
[STDERR  ] 2018-08-13T14:35:12.724789911Z: [    0.445715] ACPI: bus type PCI registered
[STDERR  ] 2018-08-13T14:35:12.724813993Z: [    0.447805] PCI: MMCONFIG for domain 0000 [bus 00-ff] at [mem 0xb0000000-0xbfffffff] (base 0xb0000000)
[STDERR  ] 2018-08-13T14:35:12.724833507Z: [    0.448478] PCI: MMCONFIG at [mem 0xb0000000-0xbfffffff] reserved in E820
[STDERR  ] 2018-08-13T14:35:12.724852946Z: [    0.449387] PCI: Using configuration type 1 for base access
[STDERR  ] 2018-08-13T14:35:12.724872336Z: [    0.488815] HugeTLB registered 2.00 MiB page size, pre-allocated 0 pages
[STDERR  ] 2018-08-13T14:35:12.724891663Z: [    0.497479] ACPI: Added _OSI(Module Device)
[STDERR  ] 2018-08-13T14:35:12.724911386Z: [    0.497836] ACPI: Added _OSI(Processor Device)
[STDERR  ] 2018-08-13T14:35:12.724931153Z: [    0.498153] ACPI: Added _OSI(3.0 _SCP Extensions)
[STDERR  ] 2018-08-13T14:35:12.724950263Z: [    0.498583] ACPI: Added _OSI(Processor Aggregator Device)
[STDERR  ] 2018-08-13T14:35:12.724969405Z: [    0.548387] ACPI: Interpreter enabled
[STDERR  ] 2018-08-13T14:35:12.724989245Z: [    0.549032] ACPI: (supports S0 S5)
[STDERR  ] 2018-08-13T14:35:12.725008981Z: [    0.549348] ACPI: Using IOAPIC for interrupt routing
[STDERR  ] 2018-08-13T14:35:12.725033604Z: [    0.551080] PCI: Using host bridge windows from ACPI; if necessary, use "pci=nocrs" and report a bug
[STDERR  ] 2018-08-13T14:35:12.725053143Z: [    0.553732] ACPI: Enabled 2 GPEs in block 00 to 3F
[STDERR  ] 2018-08-13T14:35:12.725072172Z: [    0.601388] ACPI: PCI Root Bridge [PCI0] (domain 0000 [bus 00-ff])
[STDERR  ] 2018-08-13T14:35:12.725091382Z: [    0.602127] acpi PNP0A08:00: _OSC: OS supports [ExtendedConfig ASPM ClockPM Segments MSI]
[STDERR  ] 2018-08-13T14:35:12.725114642Z: [    0.605457] acpi PNP0A08:00: _OSC: OS now controls [PCIeHotplug PME PCIeCapability]
[STDERR  ] 2018-08-13T14:35:12.725138108Z: [    0.608104] PCI host bridge to bus 0000:00
[STDERR  ] 2018-08-13T14:35:12.725157794Z: [    0.608522] pci_bus 0000:00: root bus resource [io  0x0000-0x0cf7 window]
[STDERR  ] 2018-08-13T14:35:12.725176400Z: [    0.608912] pci_bus 0000:00: root bus resource [io  0x0d00-0xffff window]
[STDERR  ] 2018-08-13T14:35:12.725200973Z: [    0.609361] pci_bus 0000:00: root bus resource [mem 0x000a0000-0x000bffff window]
[STDERR  ] 2018-08-13T14:35:12.725220118Z: [    0.610080] pci_bus 0000:00: root bus resource [mem 0xc0000000-0xfebfffff window]
[STDERR  ] 2018-08-13T14:35:12.725241478Z: [    0.610621] pci_bus 0000:00: root bus resource [bus 00-ff]
[STDERR  ] 2018-08-13T14:35:12.725262884Z: [    0.651828] pci 0000:00:1f.0: quirk: [io  0x0600-0x067f] claimed by ICH6 ACPI/GPIO/TCO
[STDERR  ] 2018-08-13T14:35:12.725282067Z: [    0.676134] ACPI: PCI Interrupt Link [LNKA] (IRQs 5 *10 11)
[STDERR  ] 2018-08-13T14:35:12.725301075Z: [    0.677674] ACPI: PCI Interrupt Link [LNKB] (IRQs 5 *10 11)
[STDERR  ] 2018-08-13T14:35:12.725320683Z: [    0.680498] ACPI: PCI Interrupt Link [LNKC] (IRQs 5 10 *11)
[STDERR  ] 2018-08-13T14:35:12.725376833Z: [    0.681757] ACPI: PCI Interrupt Link [LNKD] (IRQs 5 10 *11)
[STDERR  ] 2018-08-13T14:35:12.725401578Z: [    0.683116] ACPI: PCI Interrupt Link [LNKE] (IRQs 5 *10 11)
[STDERR  ] 2018-08-13T14:35:12.725421209Z: [    0.684332] ACPI: PCI Interrupt Link [LNKF] (IRQs 5 *10 11)
[STDERR  ] 2018-08-13T14:35:12.725440832Z: [    0.685541] ACPI: PCI Interrupt Link [LNKG] (IRQs 5 10 *11)
[STDERR  ] 2018-08-13T14:35:12.725461110Z: [    0.686767] ACPI: PCI Interrupt Link [LNKH] (IRQs 5 10 *11)
[STDERR  ] 2018-08-13T14:35:12.725481674Z: [    0.687384] ACPI: PCI Interrupt Link [GSIA] (IRQs *16)
[STDERR  ] 2018-08-13T14:35:12.725500555Z: [    0.687853] ACPI: PCI Interrupt Link [GSIB] (IRQs *17)
[STDERR  ] 2018-08-13T14:35:12.725519259Z: [    0.688314] ACPI: PCI Interrupt Link [GSIC] (IRQs *18)
[STDERR  ] 2018-08-13T14:35:12.725539110Z: [    0.688800] ACPI: PCI Interrupt Link [GSID] (IRQs *19)
[STDERR  ] 2018-08-13T14:35:12.725562376Z: [    0.689282] ACPI: PCI Interrupt Link [GSIE] (IRQs *20)
[STDERR  ] 2018-08-13T14:35:12.725582739Z: [    0.690107] ACPI: PCI Interrupt Link [GSIF] (IRQs *21)
[STDERR  ] 2018-08-13T14:35:12.725601782Z: [    0.690826] ACPI: PCI Interrupt Link [GSIG] (IRQs *22)
[STDERR  ] 2018-08-13T14:35:12.725625861Z: [    0.691451] ACPI: PCI Interrupt Link [GSIH] (IRQs *23)
[STDERR  ] 2018-08-13T14:35:12.725642624Z: [    0.697428] SCSI subsystem initialized
[STDERR  ] 2018-08-13T14:35:12.725660194Z: [    0.699421] ACPI: bus type USB registered
[STDERR  ] 2018-08-13T14:35:12.725677859Z: [    0.700405] usbcore: registered new interface driver usbfs
[STDERR  ] 2018-08-13T14:35:12.725697315Z: [    0.701019] usbcore: registered new interface driver hub
[STDERR  ] 2018-08-13T14:35:12.725716712Z: [    0.701725] usbcore: registered new device driver usb
[STDERR  ] 2018-08-13T14:35:12.725735326Z: [    0.702467] pps_core: LinuxPPS API ver. 1 registered
[STDERR  ] 2018-08-13T14:35:12.725754498Z: [    0.702750] pps_core: Software ver. 5.3.6 - Copyright 2005-2007 Rodolfo Giometti <giometti@linux.it>
[STDERR  ] 2018-08-13T14:35:12.725774044Z: [    0.703321] PTP clock support registered
[STDERR  ] 2018-08-13T14:35:12.725793122Z: [    0.704907] PCI: Using ACPI for IRQ routing
[STDERR  ] 2018-08-13T14:35:12.725812656Z: [    0.717208] NetLabel: Initializing
[STDERR  ] 2018-08-13T14:35:12.725831707Z: [    0.717501] NetLabel:  domain hash size = 128
[STDERR  ] 2018-08-13T14:35:12.725854434Z: [    0.717820] NetLabel:  protocols = UNLABELED CIPSOv4 CALIPSO
[STDERR  ] 2018-08-13T14:35:12.725873491Z: [    0.719612] NetLabel:  unlabeled traffic allowed by default
[STDERR  ] 2018-08-13T14:35:12.725895176Z: [    0.721017] HPET: 3 timers in total, 0 timers will be used for per-cpu timer
[STDERR  ] 2018-08-13T14:35:12.725914099Z: [    0.721649] hpet0: at MMIO 0xfed00000, IRQs 2, 8, 0
[STDERR  ] 2018-08-13T14:35:12.725932599Z: [    0.721999] hpet0: 3 comparators, 64-bit 100.000000 MHz counter
[STDERR  ] 2018-08-13T14:35:12.725951984Z: [    0.728811] clocksource: Switched to clocksource hpet
[STDERR  ] 2018-08-13T14:35:12.725971013Z: [    0.930451] VFS: Disk quotas dquot_6.6.0
[STDERR  ] 2018-08-13T14:35:12.725995769Z: [    0.931100] VFS: Dquot-cache hash table entries: 512 (order 0, 4096 bytes)
[STDERR  ] 2018-08-13T14:35:12.726017839Z: [    0.933206] FS-Cache: Loaded
[STDERR  ] 2018-08-13T14:35:12.726037279Z: [    0.937232] CacheFiles: Loaded
[STDERR  ] 2018-08-13T14:35:12.726056441Z: [    0.938183] pnp: PnP ACPI init
[STDERR  ] 2018-08-13T14:35:12.726075353Z: [    0.946210] pnp: PnP ACPI: found 5 devices
[STDERR  ] 2018-08-13T14:35:12.726093862Z: [    0.978094] clocksource: acpi_pm: mask: 0xffffff max_cycles: 0xffffff, max_idle_ns: 2085701024 ns
[STDERR  ] 2018-08-13T14:35:12.726113585Z: [    0.980759] NET: Registered protocol family 2
[STDERR  ] 2018-08-13T14:35:12.726135422Z: [    0.986365] TCP established hash table entries: 8192 (order: 4, 65536 bytes)
[STDERR  ] 2018-08-13T14:35:12.726156318Z: [    0.987037] TCP bind hash table entries: 8192 (order: 5, 131072 bytes)
[STDERR  ] 2018-08-13T14:35:12.726175737Z: [    0.988011] TCP: Hash tables configured (established 8192 bind 8192)
[STDERR  ] 2018-08-13T14:35:12.726199364Z: [    0.989637] UDP hash table entries: 512 (order: 2, 16384 bytes)
[STDERR  ] 2018-08-13T14:35:12.726218112Z: [    0.990532] UDP-Lite hash table entries: 512 (order: 2, 16384 bytes)
[STDERR  ] 2018-08-13T14:35:12.726236998Z: [    0.992702] NET: Registered protocol family 1
[STDERR  ] 2018-08-13T14:35:12.726255861Z: [    0.993479] pci 0000:00:01.0: Video device with shadowed ROM at [mem 0x000c0000-0x000dffff]
[STDERR  ] 2018-08-13T14:35:12.726274753Z: [    0.997938] Trying to unpack rootfs image as initramfs...
[STDERR  ] 2018-08-13T14:35:12.726294463Z: [    6.462330] Freeing initrd memory: 47640K
[STDERR  ] 2018-08-13T14:35:12.726313813Z: [    6.481845] PCLMULQDQ-NI instructions are not detected.
[STDERR  ] 2018-08-13T14:35:12.726367254Z: [    6.482843] AVX or AES-NI instructions are not detected.
[STDERR  ] 2018-08-13T14:35:12.726390355Z: [    6.483224] CPU feature 'AVX registers' is not supported.
[STDERR  ] 2018-08-13T14:35:12.726410307Z: [    6.483597] CPU feature 'AVX registers' is not supported.
[STDERR  ] 2018-08-13T14:35:12.726429505Z: [    6.483924] CPU feature 'AVX registers' is not supported.
[STDERR  ] 2018-08-13T14:35:12.726448288Z: [    6.484285] CPU feature 'AVX registers' is not supported.
[STDERR  ] 2018-08-13T14:35:12.726467933Z: [    6.484646] AVX2 or AES-NI instructions are not detected.
[STDERR  ] 2018-08-13T14:35:12.726487236Z: [    6.484980] AVX2 instructions are not detected.
[STDERR  ] 2018-08-13T14:35:12.726506078Z: [    6.488559] audit: initializing netlink subsys (disabled)
[STDERR  ] 2018-08-13T14:35:12.726524710Z: [    6.491610] audit: type=2000 audit(1534170891.490:1): state=initialized audit_enabled=0 res=1
[STDERR  ] 2018-08-13T14:35:12.726543829Z: [    6.496107] workingset: timestamp_bits=46 max_order=18 bucket_order=0
[STDERR  ] 2018-08-13T14:35:12.726562739Z: [    6.501983] squashfs: version 4.0 (2009/01/31) Phillip Lougher
[STDERR  ] 2018-08-13T14:35:12.726581919Z: [    6.504103] FS-Cache: Netfs 'cifs' registered for caching
[STDERR  ] 2018-08-13T14:35:12.726600985Z: [    6.504916] fuse init (API version 7.26)
[STDERR  ] 2018-08-13T14:35:12.726627551Z: [    6.506909] SGI XFS with ACLs, security attributes, no debug enabled
[STDERR  ] 2018-08-13T14:35:12.726646643Z: [    6.510045] 9p: Installing v9fs 9p2000 file system support
[STDERR  ] 2018-08-13T14:35:12.726669702Z: [    6.511117] FS-Cache: Netfs '9p' registered for caching
[STDERR  ] 2018-08-13T14:35:12.726688732Z: [    6.540099] NET: Registered protocol family 38
[STDERR  ] 2018-08-13T14:35:12.726707548Z: [    6.541358] Key type asymmetric registered
[STDERR  ] 2018-08-13T14:35:12.726726588Z: [    6.541761] Asymmetric key parser 'x509' registered
[STDERR  ] 2018-08-13T14:35:12.726745815Z: [    6.542511] Block layer SCSI generic (bsg) driver version 0.4 loaded (major 247)
[STDERR  ] 2018-08-13T14:35:12.726763830Z: [    6.543955] io scheduler noop registered
[STDERR  ] 2018-08-13T14:35:12.726782622Z: [    6.544356] io scheduler deadline registered (default)
[STDERR  ] 2018-08-13T14:35:12.726801910Z: [    6.545051] io scheduler cfq registered
[STDERR  ] 2018-08-13T14:35:12.726820231Z: [    6.545342] io scheduler mq-deadline registered
[STDERR  ] 2018-08-13T14:35:12.726839456Z: [    6.545610] io scheduler kyber registered
[STDERR  ] 2018-08-13T14:35:12.726858814Z: [    6.547975] shpchp: Standard Hot Plug PCI Controller Driver version: 0.4
[STDERR  ] 2018-08-13T14:35:12.726881213Z: [    6.548637] hv_vmbus: registering driver hyperv_fb
[STDERR  ] 2018-08-13T14:35:12.726900274Z: [    6.552272] input: Power Button as /devices/LNXSYSTM:00/LNXPWRBN:00/input/input0
[STDERR  ] 2018-08-13T14:35:12.726919119Z: [    6.554586] ACPI: Power Button [PWRF]
[STDERR  ] 2018-08-13T14:35:12.726938974Z: [    6.567537] ACPI: PCI Interrupt Link [GSIG] enabled at IRQ 22
[STDERR  ] 2018-08-13T14:35:12.726957499Z: [    6.576825] ACPI: PCI Interrupt Link [GSIH] enabled at IRQ 23
[STDERR  ] 2018-08-13T14:35:12.726975765Z: [    6.581047] Serial: 8250/16550 driver, 4 ports, IRQ sharing disabled
[STDERR  ] 2018-08-13T14:35:12.726995576Z: [    6.605381] 00:04: ttyS0 at I/O 0x3f8 (irq = 4, base_baud = 115200) is a 16550A
[STDERR  ] 2018-08-13T14:35:12.727020734Z: [    6.613615] Non-volatile memory driver v1.3
[STDERR  ] 2018-08-13T14:35:12.727042200Z: [    6.618803] Hangcheck: starting hangcheck timer 0.9.1 (tick is 180 seconds, margin is 60 seconds).
[STDERR  ] 2018-08-13T14:35:12.727064065Z: [    6.630840] random: fast init done
[STDERR  ] 2018-08-13T14:35:12.727083477Z: [    6.632033] random: crng init done
[STDERR  ] 2018-08-13T14:35:12.727103040Z: [    6.677424] brd: module loaded
[STDERR  ] 2018-08-13T14:35:12.727122817Z: [    6.704865] loop: module loaded
[STDERR  ] 2018-08-13T14:35:12.727142416Z: [    6.753499] lpc_ich 0000:00:1f.0: I/O space for GPIO uninitialized
[STDERR  ] 2018-08-13T14:35:12.727161033Z: [    6.755064] VMware PVSCSI driver - version 1.0.7.0-k
[STDERR  ] 2018-08-13T14:35:12.727183930Z: [    6.755631] hv_vmbus: registering driver hv_storvsc
[STDERR  ] 2018-08-13T14:35:12.727203825Z: [    6.763102] ACPI: PCI Interrupt Link [GSIA] enabled at IRQ 16
[STDERR  ] 2018-08-13T14:35:12.727224358Z: [    6.768323] ahci 0000:00:1f.2: AHCI 0001.0000 32 slots 6 ports 1.5 Gbps 0x3f impl SATA mode
[STDERR  ] 2018-08-13T14:35:12.727243568Z: [    6.769069] ahci 0000:00:1f.2: flags: 64bit ncq only 
[STDERR  ] 2018-08-13T14:35:12.727262602Z: [    6.783004] scsi host0: ahci
[STDERR  ] 2018-08-13T14:35:12.727281314Z: [    6.785739] scsi host1: ahci
[STDERR  ] 2018-08-13T14:35:12.727300215Z: [    6.787129] scsi host2: ahci
[STDERR  ] 2018-08-13T14:35:12.727319518Z: [    6.788643] scsi host3: ahci
[STDERR  ] 2018-08-13T14:35:12.727370459Z: [    6.790036] scsi host4: ahci
[STDERR  ] 2018-08-13T14:35:12.727389405Z: [    6.791766] scsi host5: ahci
[STDERR  ] 2018-08-13T14:35:12.727412902Z: [    6.792829] ata1: SATA max UDMA/133 abar m4096@0xfebd2000 port 0xfebd2100 irq 24
[STDERR  ] 2018-08-13T14:35:12.727436758Z: [    6.793301] ata2: SATA max UDMA/133 abar m4096@0xfebd2000 port 0xfebd2180 irq 24
[STDERR  ] 2018-08-13T14:35:12.727478554Z: [    6.793709] ata3: SATA max UDMA/133 abar m4096@0xfebd2000 port 0xfebd2200 irq 24
[STDERR  ] 2018-08-13T14:35:12.727499901Z: [    6.794101] ata4: SATA max UDMA/133 abar m4096@0xfebd2000 port 0xfebd2280 irq 24
[STDERR  ] 2018-08-13T14:35:12.727519382Z: [    6.794534] ata5: SATA max UDMA/133 abar m4096@0xfebd2000 port 0xfebd2300 irq 24
[STDERR  ] 2018-08-13T14:35:12.727538842Z: [    6.794954] ata6: SATA max UDMA/133 abar m4096@0xfebd2000 port 0xfebd2380 irq 24
[STDERR  ] 2018-08-13T14:35:12.727557759Z: [    6.804904] tun: Universal TUN/TAP device driver, 1.6
[STDERR  ] 2018-08-13T14:35:12.727577171Z: [    6.816475] VMware vmxnet3 virtual NIC driver - version 1.4.a.0-k-NAPI
[STDERR  ] 2018-08-13T14:35:12.727598174Z: [    6.817225] hv_vmbus: registering driver hv_netvsc
[STDERR  ] 2018-08-13T14:35:12.727623649Z: [    6.817634] Fusion MPT base driver 3.04.20
[STDERR  ] 2018-08-13T14:35:12.727642788Z: [    6.817920] Copyright (c) 1999-2008 LSI Corporation
[STDERR  ] 2018-08-13T14:35:12.727662048Z: [    6.818453] Fusion MPT SPI Host driver 3.04.20
[STDERR  ] 2018-08-13T14:35:12.727680894Z: [    6.820145] i8042: PNP: PS/2 Controller [PNP0303:KBD,PNP0f13:MOU] at 0x60,0x64 irq 1,12
[STDERR  ] 2018-08-13T14:35:12.727702316Z: [    6.824089] serio: i8042 KBD port at 0x60,0x64 irq 1
[STDERR  ] 2018-08-13T14:35:12.727720843Z: [    6.824709] serio: i8042 AUX port at 0x60,0x64 irq 12
[STDERR  ] 2018-08-13T14:35:12.727739583Z: [    6.826823] hv_vmbus: registering driver hyperv_keyboard
[STDERR  ] 2018-08-13T14:35:12.727758477Z: [    6.828498] mousedev: PS/2 mouse device common for all mice
[STDERR  ] 2018-08-13T14:35:12.727777434Z: [    6.832457] input: AT Translated Set 2 keyboard as /devices/platform/i8042/serio0/input/input1
[STDERR  ] 2018-08-13T14:35:12.727795985Z: [    6.834518] input: PC Speaker as /devices/platform/pcspkr/input/input2
[STDERR  ] 2018-08-13T14:35:12.727814612Z: [    6.837519] rtc_cmos 00:00: RTC can wake from S4
[STDERR  ] 2018-08-13T14:35:12.727834424Z: [    6.839948] rtc_cmos 00:00: rtc core: registered rtc_cmos as rtc0
[STDERR  ] 2018-08-13T14:35:12.727859208Z: [    6.841448] rtc_cmos 00:00: alarms up to one day, y3k, 114 bytes nvram, hpet irqs
[STDERR  ] 2018-08-13T14:35:12.727877564Z: [    6.842057] i2c /dev entries driver
[STDERR  ] 2018-08-13T14:35:12.727897800Z: [    6.843648] device-mapper: ioctl: 4.37.0-ioctl (2017-09-20) initialised: dm-devel@redhat.com
[STDERR  ] 2018-08-13T14:35:12.727916736Z: [    6.847090] usbcore: registered new interface driver usbhid
[STDERR  ] 2018-08-13T14:35:12.727936060Z: [    6.847471] usbhid: USB HID core driver
[STDERR  ] 2018-08-13T14:35:12.727954961Z: [    6.848043] hv_utils: Registering HyperV Utility Driver
[STDERR  ] 2018-08-13T14:35:12.727974694Z: [    6.848400] hv_vmbus: registering driver hv_util
[STDERR  ] 2018-08-13T14:35:12.727995812Z: [    6.848733] hv_vmbus: registering driver hv_balloon
[STDERR  ] 2018-08-13T14:35:12.728023870Z: [    6.849222] oprofile: using NMI interrupt.
[STDERR  ] 2018-08-13T14:35:12.728042751Z: [    6.850595] GACT probability on
[STDERR  ] 2018-08-13T14:35:12.728061628Z: [    6.850903] Mirror/redirect action on
[STDERR  ] 2018-08-13T14:35:12.728080979Z: [    6.851388] Simple TC action Loaded
[STDERR  ] 2018-08-13T14:35:12.728100763Z: [    6.851785] u32 classifier
[STDERR  ] 2018-08-13T14:35:12.728119436Z: [    6.851947]     Performance counters on
[STDERR  ] 2018-08-13T14:35:12.728140339Z: [    6.852158]     input device check on
[STDERR  ] 2018-08-13T14:35:12.728159275Z: [    6.852424]     Actions configured
[STDERR  ] 2018-08-13T14:35:12.728180826Z: [    6.852971] Netfilter messages via NETLINK v0.30.
[STDERR  ] 2018-08-13T14:35:12.728199569Z: [    6.853407] nfnl_acct: registering with nfnetlink.
[STDERR  ] 2018-08-13T14:35:12.728217510Z: [    6.854422] nf_conntrack version 0.5.0 (8192 buckets, 32768 max)
[STDERR  ] 2018-08-13T14:35:12.728236846Z: [    6.856407] ctnetlink v0.93: registering with nfnetlink.
[STDERR  ] 2018-08-13T14:35:12.728255690Z: [    6.859028] nf_tables: (c) 2007-2009 Patrick McHardy <kaber@trash.net>
[STDERR  ] 2018-08-13T14:35:12.728274834Z: [    6.859811] nf_tables_compat: (c) 2012 Pablo Neira Ayuso <pablo@netfilter.org>
[STDERR  ] 2018-08-13T14:35:12.728294500Z: [    6.862199] xt_time: kernel timezone is -0000
[STDERR  ] 2018-08-13T14:35:12.728313564Z: [    6.862672] ip_set: protocol 6
[STDERR  ] 2018-08-13T14:35:12.728364549Z: [    6.863203] IPVS: Registered protocols (TCP, UDP, SCTP, AH, ESP)
[STDERR  ] 2018-08-13T14:35:12.728384644Z: [    6.863726] IPVS: Connection hash table configured (size=4096, memory=64Kbytes)
[STDERR  ] 2018-08-13T14:35:12.728403680Z: [    6.867780] IPVS: ipvs loaded.
[STDERR  ] 2018-08-13T14:35:12.728423420Z: [    6.868080] IPVS: [rr] scheduler registered.
[STDERR  ] 2018-08-13T14:35:12.728442859Z: [    6.868418] IPVS: [wrr] scheduler registered.
[STDERR  ] 2018-08-13T14:35:12.728462246Z: [    6.868728] IPVS: [lc] scheduler registered.
[STDERR  ] 2018-08-13T14:35:12.728481880Z: [    6.869056] IPVS: [wlc] scheduler registered.
[STDERR  ] 2018-08-13T14:35:12.728500253Z: [    6.869421] IPVS: [fo] scheduler registered.
[STDERR  ] 2018-08-13T14:35:12.728519385Z: [    6.869750] IPVS: [ovf] scheduler registered.
[STDERR  ] 2018-08-13T14:35:12.728538433Z: [    6.870589] IPVS: [lblc] scheduler registered.
[STDERR  ] 2018-08-13T14:35:12.728556850Z: [    6.870989] IPVS: [lblcr] scheduler registered.
[STDERR  ] 2018-08-13T14:35:12.728575917Z: [    6.871364] IPVS: [dh] scheduler registered.
[STDERR  ] 2018-08-13T14:35:12.728594765Z: [    6.871676] IPVS: [sh] scheduler registered.
[STDERR  ] 2018-08-13T14:35:12.728614313Z: [    6.872000] IPVS: [sed] scheduler registered.
[STDERR  ] 2018-08-13T14:35:12.728642813Z: [    6.872401] IPVS: [nq] scheduler registered.
[STDERR  ] 2018-08-13T14:35:12.728662494Z: [    6.873004] IPVS: ftp: loaded support on port[0] = 21
[STDERR  ] 2018-08-13T14:35:12.728681610Z: [    6.873733] ipip: IPv4 and MPLS over IPv4 tunneling driver
[STDERR  ] 2018-08-13T14:35:12.728700868Z: [    6.876723] gre: GRE over IPv4 demultiplexor driver
[STDERR  ] 2018-08-13T14:35:12.728718964Z: [    6.879361] ip_tables: (C) 2000-2006 Netfilter Core Team
[STDERR  ] 2018-08-13T14:35:12.728744537Z: [    6.883344] ipt_CLUSTERIP: ClusterIP Version 0.8 loaded successfully
[STDERR  ] 2018-08-13T14:35:12.728767041Z: [    6.883860] arp_tables: arp_tables: (C) 2002 David S. Miller
[STDERR  ] 2018-08-13T14:35:12.728786062Z: [    6.885749] NET: Registered protocol family 10
[STDERR  ] 2018-08-13T14:35:12.728804546Z: [    6.894007] Segment Routing with IPv6
[STDERR  ] 2018-08-13T14:35:12.728828897Z: [    6.894725] ip6_tables: (C) 2000-2006 Netfilter Core Team
[STDERR  ] 2018-08-13T14:35:12.728848301Z: [    6.901615] NET: Registered protocol family 17
[STDERR  ] 2018-08-13T14:35:12.728867537Z: [    6.902459] Bridge firewalling registered
[STDERR  ] 2018-08-13T14:35:12.728885545Z: [    6.902878] Ebtables v2.0 registered
[STDERR  ] 2018-08-13T14:35:12.728908257Z: [    6.904845] 8021q: 802.1Q VLAN Support v1.8
[STDERR  ] 2018-08-13T14:35:12.728926649Z: [    6.906416] 9pnet: Installing 9P2000 support
[STDERR  ] 2018-08-13T14:35:12.728948529Z: [    6.907677] Key type dns_resolver registered
[STDERR  ] 2018-08-13T14:35:12.728967975Z: [    6.908833] sched_clock: Marking stable (6900233470, 0)->(7035479930, -135246460)
[STDERR  ] 2018-08-13T14:35:12.728986221Z: [    6.912649] registered taskstats version 1
[STDERR  ] 2018-08-13T14:35:12.729005157Z: [    7.103932] Key type big_key registered
[STDERR  ] 2018-08-13T14:35:12.729023803Z: [    7.122035] ata1: SATA link down (SStatus 0 SControl 300)
[STDERR  ] 2018-08-13T14:35:12.729042776Z: [    7.135185] ata4: SATA link down (SStatus 0 SControl 300)
[STDERR  ] 2018-08-13T14:35:12.729061709Z: [    7.135952] ata3: SATA link up 1.5 Gbps (SStatus 113 SControl 300)
[STDERR  ] 2018-08-13T14:35:12.729080495Z: [    7.138858] ata3.00: ATAPI: QEMU DVD-ROM, 2.5+, max UDMA/100
[STDERR  ] 2018-08-13T14:35:12.729098792Z: [    7.139382] ata3.00: applying bridge limits
[STDERR  ] 2018-08-13T14:35:12.729117677Z: [    7.141083] ata2: SATA link down (SStatus 0 SControl 300)
[STDERR  ] 2018-08-13T14:35:12.729136417Z: [    7.141791] ata5: SATA link down (SStatus 0 SControl 300)
[STDERR  ] 2018-08-13T14:35:12.729155667Z: [    7.142261] ata6: SATA link down (SStatus 0 SControl 300)
[STDERR  ] 2018-08-13T14:35:12.729174410Z: [    7.151414] ata3.00: configured for UDMA/100
[STDERR  ] 2018-08-13T14:35:12.729196215Z: [    7.163797] scsi 2:0:0:0: CD-ROM            QEMU     QEMU DVD-ROM     2.5+ PQ: 0 ANSI: 5
[STDERR  ] 2018-08-13T14:35:12.729215751Z: [    7.202831] sr 2:0:0:0: [sr0] scsi3-mmc drive: 4x/4x cd/rw xa/form2 tray
[STDERR  ] 2018-08-13T14:35:12.729234097Z: [    7.203430] cdrom: Uniform CD-ROM driver Revision: 3.20
[STDERR  ] 2018-08-13T14:35:12.729253857Z: [    7.208539] sr 2:0:0:0: Attached scsi generic sg0 type 5
[STDERR  ] 2018-08-13T14:35:12.729272110Z: [    7.209894] Key type trusted registered
[STDERR  ] 2018-08-13T14:35:12.729290908Z: [    7.273551] Key type encrypted registered
[STDERR  ] 2018-08-13T14:35:12.729310188Z: [    7.274158] ima: No TPM chip found, activating TPM-bypass! (rc=-19)
[STDERR  ] 2018-08-13T14:35:12.729359399Z: [    7.274635] ima: Allocated hash algorithm: sha256
[STDERR  ] 2018-08-13T14:35:12.729380426Z: [    7.276708] evm: HMAC attrs: 0x1
[STDERR  ] 2018-08-13T14:35:12.729398435Z: [    7.280796] rtc_cmos 00:00: setting system clock to 2018-08-13 14:34:52 UTC (1534170892)
[STDERR  ] 2018-08-13T14:35:12.729417589Z: [    7.425077] Freeing unused kernel memory: 1512K
[STDERR  ] 2018-08-13T14:35:12.729436036Z: [    7.440722] Write protecting the kernel read-only data: 18432k
[STDERR  ] 2018-08-13T14:35:12.729456609Z: [    7.452869] Freeing unused kernel memory: 2024K
[STDERR  ] 2018-08-13T14:35:12.729475625Z: [    7.501581] Freeing unused kernel memory: 1100K
[STDERR  ] 2018-08-13T14:35:12.729493718Z: [    7.521001] tsc: Refined TSC clocksource calibration: 2599.905 MHz
[STDERR  ] 2018-08-13T14:35:12.729515798Z: [    7.521641] clocksource: tsc: mask: 0xffffffffffffffff max_cycles: 0x2579e25b580, max_idle_ns: 440795231167 ns
[STDERR  ] 2018-08-13T14:35:12.729534579Z: [    8.536759] clocksource: Switched to clocksource tsc
[STDERR  ] 2018-08-13T14:35:12.729557928Z: 
[STDERR  ] 2018-08-13T14:35:12.729576047Z: Welcome to LinuxKit
[STDERR  ] 2018-08-13T14:35:12.729595228Z: 
[STDERR  ] 2018-08-13T14:35:12.729614258Z:                         ##         .
[STDERR  ] 2018-08-13T14:35:12.729640788Z:                   ## ## ##        ==
[STDERR  ] 2018-08-13T14:35:12.729659683Z:                ## ## ## ## ##    ===
[STDERR  ] 2018-08-13T14:35:12.729678811Z:            /"""""""""""""""""\___/ ===
[STDERR  ] 2018-08-13T14:35:12.729701816Z:           {                       /  ===-
[STDERR  ] 2018-08-13T14:35:12.729720395Z:            \______ O           __/
[STDERR  ] 2018-08-13T14:35:12.729739589Z:              \    \         __/
[STDERR  ] 2018-08-13T14:35:12.729758578Z:               \____\_______/
[STDERR  ] 2018-08-13T14:35:12.729783299Z: 
[STDERR  ] 2018-08-13T14:35:12.729802798Z: [34mINFO[0m[0000] starting containerd                           [34mrevision[0m=468a545b9edcd5932818eb9de8e72413e616e86e [34mversion[0m=v1.1.2
[STDERR  ] 2018-08-13T14:35:12.729822199Z: [34mINFO[0m[0000] loading plugin "io.containerd.content.v1.content"...  [34mtype[0m=io.containerd.content.v1
[STDERR  ] 2018-08-13T14:35:12.729840832Z: [34mINFO[0m[0000] loading plugin "io.containerd.snapshotter.v1.btrfs"...  [34mtype[0m=io.containerd.snapshotter.v1
[STDERR  ] 2018-08-13T14:35:12.729860641Z: [33mWARN[0m[0000] failed to load plugin io.containerd.snapshotter.v1.btrfs  [33merror[0m="path /var/lib/containerd/io.containerd.snapshotter.v1.btrfs must be a btrfs filesystem to be used with the btrfs snapshotter"
[STDERR  ] 2018-08-13T14:35:12.729882797Z: [34mINFO[0m[0000] loading plugin "io.containerd.snapshotter.v1.aufs"...  [34mtype[0m=io.containerd.snapshotter.v1
[STDERR  ] 2018-08-13T14:35:12.729901153Z: [33mWARN[0m[0000] failed to load plugin io.containerd.snapshotter.v1.aufs  [33merror[0m="modprobe aufs failed: "modprobe: module aufs not found in modules.dep\n": exit status 1"
[STDERR  ] 2018-08-13T14:35:12.729921795Z: [34mINFO[0m[0000] loading plugin "io.containerd.snapshotter.v1.native"...  [34mtype[0m=io.containerd.snapshotter.v1
[STDERR  ] 2018-08-13T14:35:12.729940344Z: [34mINFO[0m[0000] loading plugin "io.containerd.snapshotter.v1.overlayfs"...  [34mtype[0m=io.containerd.snapshotter.v1
[STDERR  ] 2018-08-13T14:35:12.729958752Z: [34mINFO[0m[0000] loading plugin "io.containerd.snapshotter.v1.zfs"...  [34mtype[0m=io.containerd.snapshotter.v1
[STDERR  ] 2018-08-13T14:35:12.729978544Z: [33mWARN[0m[0000] failed to load plugin io.containerd.snapshotter.v1.zfs  [33merror[0m="path /var/lib/containerd/io.containerd.snapshotter.v1.zfs must be a zfs filesystem to be used with the zfs snapshotter"
[STDERR  ] 2018-08-13T14:35:12.729998240Z: [34mINFO[0m[0000] loading plugin "io.containerd.metadata.v1.bolt"...  [34mtype[0m=io.containerd.metadata.v1
[STDERR  ] 2018-08-13T14:35:12.730023930Z: [33mWARN[0m[0000] could not use snapshotter btrfs in metadata plugin  [33merror[0m="path /var/lib/containerd/io.containerd.snapshotter.v1.btrfs must be a btrfs filesystem to be used with the btrfs snapshotter"
[STDERR  ] 2018-08-13T14:35:12.730042904Z: [33mWARN[0m[0000] could not use snapshotter aufs in metadata plugin  [33merror[0m="modprobe aufs failed: "modprobe: module aufs not found in modules.dep\n": exit status 1"
[STDERR  ] 2018-08-13T14:35:12.730062036Z: [33mWARN[0m[0000] could not use snapshotter zfs in metadata plugin  [33merror[0m="path /var/lib/containerd/io.containerd.snapshotter.v1.zfs must be a zfs filesystem to be used with the zfs snapshotter"
[STDERR  ] 2018-08-13T14:35:12.730080772Z: [34mINFO[0m[0000] loading plugin "io.containerd.differ.v1.walking"...  [34mtype[0m=io.containerd.differ.v1
[STDERR  ] 2018-08-13T14:35:12.730099641Z: [34mINFO[0m[0000] loading plugin "io.containerd.gc.v1.scheduler"...  [34mtype[0m=io.containerd.gc.v1
[STDERR  ] 2018-08-13T14:35:12.730118618Z: [34mINFO[0m[0000] loading plugin "io.containerd.service.v1.containers-service"...  [34mtype[0m=io.containerd.service.v1
[STDERR  ] 2018-08-13T14:35:12.730142447Z: [34mINFO[0m[0000] loading plugin "io.containerd.service.v1.content-service"...  [34mtype[0m=io.containerd.service.v1
[STDERR  ] 2018-08-13T14:35:12.730165212Z: [34mINFO[0m[0000] loading plugin "io.containerd.service.v1.diff-service"...  [34mtype[0m=io.containerd.service.v1
[STDERR  ] 2018-08-13T14:35:12.730183195Z: [34mINFO[0m[0000] loading plugin "io.containerd.service.v1.images-service"...  [34mtype[0m=io.containerd.service.v1
[STDERR  ] 2018-08-13T14:35:12.730201712Z: [34mINFO[0m[0000] loading plugin "io.containerd.service.v1.leases-service"...  [34mtype[0m=io.containerd.service.v1
[STDERR  ] 2018-08-13T14:35:12.730220489Z: [34mINFO[0m[0000] loading plugin "io.containerd.service.v1.namespaces-service"...  [34mtype[0m=io.containerd.service.v1
[STDERR  ] 2018-08-13T14:35:12.730243768Z: [34mINFO[0m[0000] loading plugin "io.containerd.service.v1.snapshots-service"...  [34mtype[0m=io.containerd.service.v1
[STDERR  ] 2018-08-13T14:35:12.730262116Z: [34mINFO[0m[0000] loading plugin "io.containerd.monitor.v1.cgroups"...  [34mtype[0m=io.containerd.monitor.v1
[STDERR  ] 2018-08-13T14:35:12.730281227Z: [34mINFO[0m[0000] loading plugin "io.containerd.runtime.v1.linux"...  [34mtype[0m=io.containerd.runtime.v1
[STDERR  ] 2018-08-13T14:35:12.730302911Z: [34mINFO[0m[0000] loading plugin "io.containerd.service.v1.tasks-service"...  [34mtype[0m=io.containerd.service.v1
[STDERR  ] 2018-08-13T14:35:12.730322087Z: [34mINFO[0m[0000] loading plugin "io.containerd.grpc.v1.containers"...  [34mtype[0m=io.containerd.grpc.v1
[STDERR  ] 2018-08-13T14:35:12.730373710Z: [34mINFO[0m[0000] loading plugin "io.containerd.grpc.v1.content"...  [34mtype[0m=io.containerd.grpc.v1
[STDERR  ] 2018-08-13T14:35:12.730393111Z: [34mINFO[0m[0000] loading plugin "io.containerd.grpc.v1.diff"...  [34mtype[0m=io.containerd.grpc.v1
[STDERR  ] 2018-08-13T14:35:12.730412624Z: [34mINFO[0m[0000] loading plugin "io.containerd.grpc.v1.events"...  [34mtype[0m=io.containerd.grpc.v1
[STDERR  ] 2018-08-13T14:35:12.730431167Z: [34mINFO[0m[0000] loading plugin "io.containerd.grpc.v1.healthcheck"...  [34mtype[0m=io.containerd.grpc.v1
[STDERR  ] 2018-08-13T14:35:12.730449928Z: [34mINFO[0m[0000] loading plugin "io.containerd.grpc.v1.images"...  [34mtype[0m=io.containerd.grpc.v1
[STDERR  ] 2018-08-13T14:35:12.730471356Z: [34mINFO[0m[0000] loading plugin "io.containerd.grpc.v1.leases"...  [34mtype[0m=io.containerd.grpc.v1
[STDERR  ] 2018-08-13T14:35:12.730494345Z: [34mINFO[0m[0000] loading plugin "io.containerd.grpc.v1.namespaces"...  [34mtype[0m=io.containerd.grpc.v1
[STDERR  ] 2018-08-13T14:35:12.730513330Z: [34mINFO[0m[0000] loading plugin "io.containerd.grpc.v1.snapshots"...  [34mtype[0m=io.containerd.grpc.v1
[STDERR  ] 2018-08-13T14:35:12.730534779Z: [34mINFO[0m[0000] loading plugin "io.containerd.grpc.v1.tasks"...  [34mtype[0m=io.containerd.grpc.v1
[STDERR  ] 2018-08-13T14:35:12.730553834Z: [34mINFO[0m[0000] loading plugin "io.containerd.grpc.v1.version"...  [34mtype[0m=io.containerd.grpc.v1
[STDERR  ] 2018-08-13T14:35:12.730572264Z: [34mINFO[0m[0000] loading plugin "io.containerd.grpc.v1.introspection"...  [34mtype[0m=io.containerd.grpc.v1
[STDERR  ] 2018-08-13T14:35:12.730590860Z: [34mINFO[0m[0000] serving...                                    [34maddress[0m="/run/containerd/debug.sock"
[STDERR  ] 2018-08-13T14:35:12.730610198Z: [34mINFO[0m[0000] serving...                                    [34maddress[0m="/run/containerd/containerd.sock"
[STDERR  ] 2018-08-13T14:35:12.730637190Z: [34mINFO[0m[0000] containerd successfully booted in 0.235237s  
[STDERR  ] 2018-08-13T14:35:12.730657252Z: [34mINFO[0m[0001] shim containerd-shim started                  [34maddress[0m="/containerd-shim/services.linuxkit/check-the-logs/shim.sock" [34mdebug[0m=false [34mpid[0m=275
[STDERR  ] 2018-08-13T14:35:12.730676570Z: [34mINFO[0m[0003] shim containerd-shim started                  [34maddress[0m="/containerd-shim/services.linuxkit/fill-the-logs/shim.sock" [34mdebug[0m=false [34mpid[0m=315
[STDERR  ] 2018-08-13T14:35:12.730706485Z: [34mINFO[0m[0005] shim containerd-shim started                  [34maddress[0m="/containerd-shim/services.linuxkit/write-and-rotate-logs/shim.sock" [34mdebug[0m=false [34mpid[0m=383
[STDERR  ] 2018-08-13T14:35:12.730726137Z: logwrite test suite PASSED
[STDERR  ] 2018-08-13T14:35:12.730744081Z: [   26.704207] ACPI: Preparing to enter system sleep state S5
[STDERR  ] 2018-08-13T14:35:12.730763700Z: [   26.707799] reboot: Power down
[STDERR  ] 2018-08-13T14:35:12.730781993Z: + echo [    0.000000] Linux version 4.14.58-linuxkit (root@rlin01) (gcc version 6.4.0 (Alpine 6.4.0)) #1 SMP Fri Aug 10 12:45:46 UTC 2018
[STDERR  ] 2018-08-13T14:35:12.730800968Z: [    0.000000] Command line: console=ttyS0 console=ttyAMA0
[STDERR  ] 2018-08-13T14:35:12.730824362Z: [    0.000000] x86/fpu: x87 FPU will use FXSAVE
[STDERR  ] 2018-08-13T14:35:12.730843962Z: [    0.000000] e820: BIOS-provided physical RAM map:
[STDERR  ] 2018-08-13T14:35:12.730863383Z: [    0.000000] BIOS-e820: [mem 0x0000000000000000-0x000000000009fbff] usable
[STDERR  ] 2018-08-13T14:35:12.730882804Z: [    0.000000] BIOS-e820: [mem 0x000000000009fc00-0x000000000009ffff] reserved
[STDERR  ] 2018-08-13T14:35:12.730902114Z: [    0.000000] BIOS-e820: [mem 0x00000000000f0000-0x00000000000fffff] reserved
[STDERR  ] 2018-08-13T14:35:12.730921456Z: [    0.000000] BIOS-e820: [mem 0x0000000000100000-0x000000003ffdefff] usable
[STDERR  ] 2018-08-13T14:35:12.730940427Z: [    0.000000] BIOS-e820: [mem 0x000000003ffdf000-0x000000003fffffff] reserved
[STDERR  ] 2018-08-13T14:35:12.730958543Z: [    0.000000] BIOS-e820: [mem 0x00000000b0000000-0x00000000bfffffff] reserved
[STDERR  ] 2018-08-13T14:35:12.730976647Z: [    0.000000] BIOS-e820: [mem 0x00000000fed1c000-0x00000000fed1ffff] reserved
[STDERR  ] 2018-08-13T14:35:12.730995252Z: [    0.000000] BIOS-e820: [mem 0x00000000fffc0000-0x00000000ffffffff] reserved
[STDERR  ] 2018-08-13T14:35:12.731017226Z: [    0.000000] NX (Execute Disable) protection: active
[STDERR  ] 2018-08-13T14:35:12.731034912Z: [    0.000000] SMBIOS 2.8 present.
[STDERR  ] 2018-08-13T14:35:12.731054014Z: [    0.000000] DMI: QEMU Standard PC (Q35 + ICH9, 2009), BIOS 1.10.2-1 04/01/2014
[STDERR  ] 2018-08-13T14:35:12.731071112Z: [    0.000000] tsc: Fast TSC calibration using PIT
[STDERR  ] 2018-08-13T14:35:12.731088919Z: [    0.000000] e820: last_pfn = 0x3ffdf max_arch_pfn = 0x400000000
[STDERR  ] 2018-08-13T14:35:12.731107576Z: [    0.000000] x86/PAT: Configuration [0-7]: WB  WC  UC- UC  WB  WP  UC- WT  
[STDERR  ] 2018-08-13T14:35:12.731126024Z: [    0.000000] found SMP MP-table at [mem 0x000f6a90-0x000f6a9f] mapped at [ffffffffff200a90]
[STDERR  ] 2018-08-13T14:35:12.731145005Z: [    0.000000] RAMDISK: [mem 0x3d14a000-0x3ffcffff]
[STDERR  ] 2018-08-13T14:35:12.731164251Z: [    0.000000] ACPI: Early table checksum verification disabled
[STDERR  ] 2018-08-13T14:35:12.731186823Z: [    0.000000] ACPI: RSDP 0x00000000000F68D0 000014 (v00 BOCHS )
[STDERR  ] 2018-08-13T14:35:12.731205202Z: [    0.000000] ACPI: RSDT 0x000000003FFE2404 000034 (v01 BOCHS  BXPCRSDT 00000001 BXPC 00000001)
[STDERR  ] 2018-08-13T14:35:12.731223524Z: [    0.000000] ACPI: FACP 0x000000003FFE22A4 000074 (v01 BOCHS  BXPCFACP 00000001 BXPC 00000001)
[STDERR  ] 2018-08-13T14:35:12.731240485Z: [    0.000000] ACPI: DSDT 0x000000003FFE0040 002264 (v01 BOCHS  BXPCDSDT 00000001 BXPC 00000001)
[STDERR  ] 2018-08-13T14:35:12.731258719Z: [    0.000000] ACPI: FACS 0x000000003FFE0000 000040
[STDERR  ] 2018-08-13T14:35:12.731280991Z: [    0.000000] ACPI: APIC 0x000000003FFE2318 000078 (v01 BOCHS  BXPCAPIC 00000001 BXPC 00000001)
[STDERR  ] 2018-08-13T14:35:12.731302771Z: [    0.000000] ACPI: HPET 0x000000003FFE2390 000038 (v01 BOCHS  BXPCHPET 00000001 BXPC 00000001)
[STDERR  ] 2018-08-13T14:35:12.731321606Z: [    0.000000] ACPI: MCFG 0x000000003FFE23C8 00003C (v01 BOCHS  BXPCMCFG 00000001 BXPC 00000001)
[STDERR  ] 2018-08-13T14:35:12.731375279Z: [    0.000000] Zone ranges:
[STDERR  ] 2018-08-13T14:35:12.731394714Z: [    0.000000]   DMA      [mem 0x0000000000001000-0x0000000000ffffff]
[STDERR  ] 2018-08-13T14:35:12.731419635Z: [    0.000000]   DMA32    [mem 0x0000000001000000-0x000000003ffdefff]
[STDERR  ] 2018-08-13T14:35:12.731439175Z: [    0.000000]   Normal   empty
[STDERR  ] 2018-08-13T14:35:12.731475181Z: [    0.000000]   Device   empty
[STDERR  ] 2018-08-13T14:35:12.731497077Z: [    0.000000] Movable zone start for each node
[STDERR  ] 2018-08-13T14:35:12.731516556Z: [    0.000000] Early memory node ranges
[STDERR  ] 2018-08-13T14:35:12.731535882Z: [    0.000000]   node   0: [mem 0x0000000000001000-0x000000000009efff]
[STDERR  ] 2018-08-13T14:35:12.731554283Z: [    0.000000]   node   0: [mem 0x0000000000100000-0x000000003ffdefff]
[STDERR  ] 2018-08-13T14:35:12.731573695Z: [    0.000000] Initmem setup node 0 [mem 0x0000000000001000-0x000000003ffdefff]
[STDERR  ] 2018-08-13T14:35:12.731596710Z: [    0.000000] ACPI: PM-Timer IO Port: 0x608
[STDERR  ] 2018-08-13T14:35:12.731622134Z: [    0.000000] ACPI: LAPIC_NMI (acpi_id[0xff] dfl dfl lint[0x1])
[STDERR  ] 2018-08-13T14:35:12.731641721Z: [    0.000000] IOAPIC[0]: apic_id 0, version 32, address 0xfec00000, GSI 0-23
[STDERR  ] 2018-08-13T14:35:12.731660257Z: [    0.000000] ACPI: INT_SRC_OVR (bus 0 bus_irq 0 global_irq 2 dfl dfl)
[STDERR  ] 2018-08-13T14:35:12.731679857Z: [    0.000000] ACPI: INT_SRC_OVR (bus 0 bus_irq 5 global_irq 5 high level)
[STDERR  ] 2018-08-13T14:35:12.731698896Z: [    0.000000] ACPI: INT_SRC_OVR (bus 0 bus_irq 9 global_irq 9 high level)
[STDERR  ] 2018-08-13T14:35:12.731720736Z: [    0.000000] ACPI: INT_SRC_OVR (bus 0 bus_irq 10 global_irq 10 high level)
[STDERR  ] 2018-08-13T14:35:12.731740396Z: [    0.000000] ACPI: INT_SRC_OVR (bus 0 bus_irq 11 global_irq 11 high level)
[STDERR  ] 2018-08-13T14:35:12.731758711Z: [    0.000000] Using ACPI (MADT) for SMP configuration information
[STDERR  ] 2018-08-13T14:35:12.731777699Z: [    0.000000] ACPI: HPET id: 0x8086a201 base: 0xfed00000
[STDERR  ] 2018-08-13T14:35:12.731796535Z: [    0.000000] smpboot: Allowing 1 CPUs, 0 hotplug CPUs
[STDERR  ] 2018-08-13T14:35:12.731815663Z: [    0.000000] e820: [mem 0x40000000-0xafffffff] available for PCI devices
[STDERR  ] 2018-08-13T14:35:12.731834346Z: [    0.000000] Booting paravirtualized kernel on bare hardware
[STDERR  ] 2018-08-13T14:35:12.731860419Z: [    0.000000] clocksource: refined-jiffies: mask: 0xffffffff max_cycles: 0xffffffff, max_idle_ns: 19112604462750000 ns
[STDERR  ] 2018-08-13T14:35:12.731879414Z: [    0.000000] random: get_random_bytes called from start_kernel+0x92/0x4c8 with crng_init=0
[STDERR  ] 2018-08-13T14:35:12.731898698Z: [    0.000000] setup_percpu: NR_CPUS:128 nr_cpumask_bits:128 nr_cpu_ids:1 nr_node_ids:1
[STDERR  ] 2018-08-13T14:35:12.731918057Z: [    0.000000] percpu: Embedded 44 pages/cpu @ffff886ebce00000 s143256 r8192 d28776 u2097152
[STDERR  ] 2018-08-13T14:35:12.731936463Z: [    0.000000] Built 1 zonelists, mobility grouping on.  Total pages: 257896
[STDERR  ] 2018-08-13T14:35:12.731955436Z: [    0.000000] Kernel command line: console=ttyS0 console=ttyAMA0
[STDERR  ] 2018-08-13T14:35:12.731976545Z: [    0.000000] PID hash table entries: 4096 (order: 3, 32768 bytes)
[STDERR  ] 2018-08-13T14:35:12.731995479Z: [    0.000000] Dentry cache hash table entries: 131072 (order: 8, 1048576 bytes)
[STDERR  ] 2018-08-13T14:35:12.732014696Z: [    0.000000] Inode-cache hash table entries: 65536 (order: 7, 524288 bytes)
[STDERR  ] 2018-08-13T14:35:12.732033319Z: [    0.000000] Memory: 957168K/1048052K available (12300K kernel code, 1458K rwdata, 2996K rodata, 1512K init, 632K bss, 90884K reserved, 0K cma-reserved)
[STDERR  ] 2018-08-13T14:35:12.732052141Z: [    0.000000] ftrace: allocating 41049 entries in 161 pages
[STDERR  ] 2018-08-13T14:35:12.732070597Z: [    0.000000] Hierarchical RCU implementation.
[STDERR  ] 2018-08-13T14:35:12.732089272Z: [    0.000000] 	RCU restricting CPUs from NR_CPUS=128 to nr_cpu_ids=1.
[STDERR  ] 2018-08-13T14:35:12.732108336Z: [    0.000000] RCU: Adjusting geometry for rcu_fanout_leaf=16, nr_cpu_ids=1
[STDERR  ] 2018-08-13T14:35:12.732130755Z: [    0.000000] NR_IRQS: 8448, nr_irqs: 256, preallocated irqs: 16
[STDERR  ] 2018-08-13T14:35:12.732150251Z: [    0.000000] Console: colour VGA+ 80x25
[STDERR  ] 2018-08-13T14:35:12.732169418Z: [    0.000000] console [ttyS0] enabled
[STDERR  ] 2018-08-13T14:35:12.732188409Z: [    0.000000] clocksource: hpet: mask: 0xffffffff max_cycles: 0xffffffff, max_idle_ns: 19112604467 ns
[STDERR  ] 2018-08-13T14:35:12.732210211Z: [    0.000000] tsc: Fast TSC calibration using PIT
[STDERR  ] 2018-08-13T14:35:12.732228407Z: [    0.000000] tsc: Detected 2600.024 MHz processor
[STDERR  ] 2018-08-13T14:35:12.732247311Z: [    0.001339] Calibrating delay loop (skipped), value calculated using timer frequency.. 5200.04 BogoMIPS (lpj=26000240)
[STDERR  ] 2018-08-13T14:35:12.732268026Z: [    0.002107] pid_max: default: 32768 minimum: 301
[STDERR  ] 2018-08-13T14:35:12.732291172Z: [    0.002816] ACPI: Core revision 20170728
[STDERR  ] 2018-08-13T14:35:12.732311408Z: [    0.036202] ACPI: 1 ACPI AML tables successfully acquired and loaded
[STDERR  ] 2018-08-13T14:35:12.732363671Z: [    0.037707] Security Framework initialized
[STDERR  ] 2018-08-13T14:35:12.732385006Z: [    0.038076] Yama: becoming mindful.
[STDERR  ] 2018-08-13T14:35:12.732404689Z: [    0.039828] Mount-cache hash table entries: 2048 (order: 2, 16384 bytes)
[STDERR  ] 2018-08-13T14:35:12.732426355Z: [    0.040097] Mountpoint-cache hash table entries: 2048 (order: 2, 16384 bytes)
[STDERR  ] 2018-08-13T14:35:12.732445232Z: [    0.054913] Last level iTLB entries: 4KB 0, 2MB 0, 4MB 0
[STDERR  ] 2018-08-13T14:35:12.732464583Z: [    0.055440] Last level dTLB entries: 4KB 0, 2MB 0, 4MB 0, 1GB 0
[STDERR  ] 2018-08-13T14:35:12.732486107Z: [    0.055877] Spectre V2 : Spectre mitigation: LFENCE not serializing, switching to generic retpoline
[STDERR  ] 2018-08-13T14:35:12.732504465Z: [    0.056409] Spectre V2 : Mitigation: Full generic retpoline
[STDERR  ] 2018-08-13T14:35:12.732523641Z: [    0.056777] Spectre V2 : Spectre v2 mitigation: Filling RSB on context switch
[STDERR  ] 2018-08-13T14:35:12.732542622Z: [    0.057240] Speculative Store Bypass: Vulnerable
[STDERR  ] 2018-08-13T14:35:12.732563177Z: [    0.280822] Freeing SMP alternatives memory: 20K
[STDERR  ] 2018-08-13T14:35:12.732582348Z: [    0.296275] smpboot: Max logical packages: 1
[STDERR  ] 2018-08-13T14:35:12.732600691Z: [    0.300000] ..TIMER: vector=0x30 apic1=0 pin1=2 apic2=-1 pin2=-1
[STDERR  ] 2018-08-13T14:35:12.732626129Z: [    0.400000] smpboot: CPU0: AMD QEMU Virtual CPU version 2.5+ (family: 0x6, model: 0x6, stepping: 0x3)
[STDERR  ] 2018-08-13T14:35:12.732647974Z: [    0.400000] Performance Events: PMU not available due to virtualization, using software events only.
[STDERR  ] 2018-08-13T14:35:12.732666944Z: [    0.400000] Hierarchical SRCU implementation.
[STDERR  ] 2018-08-13T14:35:12.732685467Z: [    0.402516] NMI watchdog: Perf event create on CPU 0 failed with -2
[STDERR  ] 2018-08-13T14:35:12.732704672Z: [    0.402896] NMI watchdog: Perf NMI watchdog permanently disabled
[STDERR  ] 2018-08-13T14:35:12.732726054Z: [    0.405774] smp: Bringing up secondary CPUs ...
[STDERR  ] 2018-08-13T14:35:12.732744806Z: [    0.406104] smp: Brought up 1 node, 1 CPU
[STDERR  ] 2018-08-13T14:35:12.732762972Z: [    0.406395] smpboot: Total of 1 processors activated (5200.04 BogoMIPS)
[STDERR  ] 2018-08-13T14:35:12.732780297Z: [    0.418698] devtmpfs: initialized
[STDERR  ] 2018-08-13T14:35:12.732798775Z: [    0.422588] x86/mm: Memory block size: 128MB
[STDERR  ] 2018-08-13T14:35:12.732816435Z: [    0.427017] evm: security.ima
[STDOUT  ] 2018-08-13T14:35:12.732798871Z: [    0.000000] Linux version 4.14.58-linuxkit (root@rlin01) (gcc version 6.4.0 (Alpine 6.4.0)) #1 SMP Fri Aug 10 12:45:46 UTC 2018
[STDERR  ] 2018-08-13T14:35:12.732837919Z: [    0.427229] evm: security.capability
[STDERR  ] 2018-08-13T14:35:12.732857065Z: [    0.429703] clocksource: jiffies: mask: 0xffffffff max_cycles: 0xffffffff, max_idle_ns: 19112604462750000 ns
[STDOUT  ] 2018-08-13T14:35:12.732852507Z: [    0.000000] Command line: console=ttyS0 console=ttyAMA0
[STDERR  ] 2018-08-13T14:35:12.732886101Z: [    0.430181] futex hash table entries: 256 (order: 2, 16384 bytes)
[STDERR  ] 2018-08-13T14:35:12.732905197Z: [    0.438499] NET: Registered protocol family 16
[STDERR  ] 2018-08-13T14:35:12.732923900Z: [    0.444149] cpuidle: using governor ladder
[STDERR  ] 2018-08-13T14:35:12.732943313Z: [    0.444514] cpuidle: using governor menu
[STDOUT  ] 2018-08-13T14:35:12.732877064Z: [    0.000000] x86/fpu: x87 FPU will use FXSAVE
[STDERR  ] 2018-08-13T14:35:12.732961994Z: [    0.445715] ACPI: bus type PCI registered
[STDERR  ] 2018-08-13T14:35:12.732981309Z: [    0.447805] PCI: MMCONFIG for domain 0000 [bus 00-ff] at [mem 0xb0000000-0xbfffffff] (base 0xb0000000)
[STDERR  ] 2018-08-13T14:35:12.733001462Z: [    0.448478] PCI: MMCONFIG at [mem 0xb0000000-0xbfffffff] reserved in E820
[STDERR  ] 2018-08-13T14:35:12.733026946Z: [    0.449387] PCI: Using configuration type 1 for base access
[STDOUT  ] 2018-08-13T14:35:12.732970238Z: [    0.000000] e820: BIOS-provided physical RAM map:
[STDERR  ] 2018-08-13T14:35:12.733052085Z: [    0.488815] HugeTLB registered 2.00 MiB page size, pre-allocated 0 pages
[STDERR  ] 2018-08-13T14:35:12.733083870Z: [    0.497479] ACPI: Added _OSI(Module Device)
[STDERR  ] 2018-08-13T14:35:12.733112016Z: [    0.497836] ACPI: Added _OSI(Processor Device)
[STDERR  ] 2018-08-13T14:35:12.733131643Z: [    0.498153] ACPI: Added _OSI(3.0 _SCP Extensions)
[STDOUT  ] 2018-08-13T14:35:12.733057331Z: [    0.000000] BIOS-e820: [mem 0x0000000000000000-0x000000000009fbff] usable
[STDOUT  ] 2018-08-13T14:35:12.733158751Z: [    0.000000] BIOS-e820: [mem 0x000000000009fc00-0x000000000009ffff] reserved
[STDOUT  ] 2018-08-13T14:35:12.733179163Z: [    0.000000] BIOS-e820: [mem 0x00000000000f0000-0x00000000000fffff] reserved
[STDOUT  ] 2018-08-13T14:35:12.733193782Z: [    0.000000] BIOS-e820: [mem 0x0000000000100000-0x000000003ffdefff] usable
[STDOUT  ] 2018-08-13T14:35:12.733207339Z: [    0.000000] BIOS-e820: [mem 0x000000003ffdf000-0x000000003fffffff] reserved
[STDOUT  ] 2018-08-13T14:35:12.733219966Z: [    0.000000] BIOS-e820: [mem 0x00000000b0000000-0x00000000bfffffff] reserved
[STDOUT  ] 2018-08-13T14:35:12.733232173Z: [    0.000000] BIOS-e820: [mem 0x00000000fed1c000-0x00000000fed1ffff] reserved
[STDOUT  ] 2018-08-13T14:35:12.733244767Z: [    0.000000] BIOS-e820: [mem 0x00000000fffc0000-0x00000000ffffffff] reserved
[STDOUT  ] 2018-08-13T14:35:12.733256858Z: [    0.000000] NX (Execute Disable) protection: active
[STDOUT  ] 2018-08-13T14:35:12.733269119Z: [    0.000000] SMBIOS 2.8 present.
[STDOUT  ] 2018-08-13T14:35:12.733290652Z: [    0.000000] DMI: QEMU Standard PC (Q35 + ICH9, 2009), BIOS 1.10.2-1 04/01/2014
[STDOUT  ] 2018-08-13T14:35:12.733303027Z: [    0.000000] tsc: Fast TSC calibration using PIT
[STDOUT  ] 2018-08-13T14:35:12.733315386Z: [    0.000000] e820: last_pfn = 0x3ffdf max_arch_pfn = 0x400000000
[STDOUT  ] 2018-08-13T14:35:12.733328374Z: [    0.000000] x86/PAT: Configuration [0-7]: WB  WC  UC- UC  WB  WP  UC- WT  
[STDOUT  ] 2018-08-13T14:35:12.733378722Z: [    0.000000] found SMP MP-table at [mem 0x000f6a90-0x000f6a9f] mapped at [ffffffffff200a90]
[STDOUT  ] 2018-08-13T14:35:12.733392695Z: [    0.000000] RAMDISK: [mem 0x3d14a000-0x3ffcffff]
[STDOUT  ] 2018-08-13T14:35:12.733405573Z: [    0.000000] ACPI: Early table checksum verification disabled
[STDOUT  ] 2018-08-13T14:35:12.733418986Z: [    0.000000] ACPI: RSDP 0x00000000000F68D0 000014 (v00 BOCHS )
[STDOUT  ] 2018-08-13T14:35:12.733432560Z: [    0.000000] ACPI: RSDT 0x000000003FFE2404 000034 (v01 BOCHS  BXPCRSDT 00000001 BXPC 00000001)
[STDOUT  ] 2018-08-13T14:35:12.733446522Z: [    0.000000] ACPI: FACP 0x000000003FFE22A4 000074 (v01 BOCHS  BXPCFACP 00000001 BXPC 00000001)
[STDOUT  ] 2018-08-13T14:35:12.733460205Z: [    0.000000] ACPI: DSDT 0x000000003FFE0040 002264 (v01 BOCHS  BXPCDSDT 00000001 BXPC 00000001)
[STDOUT  ] 2018-08-13T14:35:12.733499552Z: [    0.000000] ACPI: FACS 0x000000003FFE0000 000040
[STDOUT  ] 2018-08-13T14:35:12.733520557Z: [    0.000000] ACPI: APIC 0x000000003FFE2318 000078 (v01 BOCHS  BXPCAPIC 00000001 BXPC 00000001)
[STDOUT  ] 2018-08-13T14:35:12.733534883Z: [    0.000000] ACPI: HPET 0x000000003FFE2390 000038 (v01 BOCHS  BXPCHPET 00000001 BXPC 00000001)
[STDOUT  ] 2018-08-13T14:35:12.733547794Z: [    0.000000] ACPI: MCFG 0x000000003FFE23C8 00003C (v01 BOCHS  BXPCMCFG 00000001 BXPC 00000001)
[STDOUT  ] 2018-08-13T14:35:12.733562224Z: [    0.000000] Zone ranges:
[STDOUT  ] 2018-08-13T14:35:12.733576725Z: [    0.000000]   DMA      [mem 0x0000000000001000-0x0000000000ffffff]
[STDOUT  ] 2018-08-13T14:35:12.733591523Z: [    0.000000]   DMA32    [mem 0x0000000001000000-0x000000003ffdefff]
[STDOUT  ] 2018-08-13T14:35:12.733604733Z: [    0.000000]   Normal   empty
[STDOUT  ] 2018-08-13T14:35:12.733619655Z: [    0.000000]   Device   empty
[STDOUT  ] 2018-08-13T14:35:12.733634528Z: [    0.000000] Movable zone start for each node
[STDOUT  ] 2018-08-13T14:35:12.733652779Z: [    0.000000] Early memory node ranges
[STDOUT  ] 2018-08-13T14:35:12.733665327Z: [    0.000000]   node   0: [mem 0x0000000000001000-0x000000000009efff]
[STDOUT  ] 2018-08-13T14:35:12.733680109Z: [    0.000000]   node   0: [mem 0x0000000000100000-0x000000003ffdefff]
[STDOUT  ] 2018-08-13T14:35:12.733694421Z: [    0.000000] Initmem setup node 0 [mem 0x0000000000001000-0x000000003ffdefff]
[STDOUT  ] 2018-08-13T14:35:12.733707893Z: [    0.000000] ACPI: PM-Timer IO Port: 0x608
[STDOUT  ] 2018-08-13T14:35:12.733722619Z: [    0.000000] ACPI: LAPIC_NMI (acpi_id[0xff] dfl dfl lint[0x1])
[STDOUT  ] 2018-08-13T14:35:12.733736862Z: [    0.000000] IOAPIC[0]: apic_id 0, version 32, address 0xfec00000, GSI 0-23
[STDOUT  ] 2018-08-13T14:35:12.733749323Z: [    0.000000] ACPI: INT_SRC_OVR (bus 0 bus_irq 0 global_irq 2 dfl dfl)
[STDOUT  ] 2018-08-13T14:35:12.733765443Z: [    0.000000] ACPI: INT_SRC_OVR (bus 0 bus_irq 5 global_irq 5 high level)
[STDOUT  ] 2018-08-13T14:35:12.733778465Z: [    0.000000] ACPI: INT_SRC_OVR (bus 0 bus_irq 9 global_irq 9 high level)
[STDOUT  ] 2018-08-13T14:35:12.733792147Z: [    0.000000] ACPI: INT_SRC_OVR (bus 0 bus_irq 10 global_irq 10 high level)
[STDOUT  ] 2018-08-13T14:35:12.733805007Z: [    0.000000] ACPI: INT_SRC_OVR (bus 0 bus_irq 11 global_irq 11 high level)
[STDOUT  ] 2018-08-13T14:35:12.733817982Z: [    0.000000] Using ACPI (MADT) for SMP configuration information
[STDOUT  ] 2018-08-13T14:35:12.733831647Z: [    0.000000] ACPI: HPET id: 0x8086a201 base: 0xfed00000
[STDOUT  ] 2018-08-13T14:35:12.733844995Z: [    0.000000] smpboot: Allowing 1 CPUs, 0 hotplug CPUs
[STDOUT  ] 2018-08-13T14:35:12.733857090Z: [    0.000000] e820: [mem 0x40000000-0xafffffff] available for PCI devices
[STDOUT  ] 2018-08-13T14:35:12.733869545Z: [    0.000000] Booting paravirtualized kernel on bare hardware
[STDOUT  ] 2018-08-13T14:35:12.733882240Z: [    0.000000] clocksource: refined-jiffies: mask: 0xffffffff max_cycles: 0xffffffff, max_idle_ns: 19112604462750000 ns
[STDOUT  ] 2018-08-13T14:35:12.733896299Z: [    0.000000] random: get_random_bytes called from start_kernel+0x92/0x4c8 with crng_init=0
[STDOUT  ] 2018-08-13T14:35:12.733909711Z: [    0.000000] setup_percpu: NR_CPUS:128 nr_cpumask_bits:128 nr_cpu_ids:1 nr_node_ids:1
[STDOUT  ] 2018-08-13T14:35:12.733922986Z: [    0.000000] percpu: Embedded 44 pages/cpu @ffff886ebce00000 s143256 r8192 d28776 u2097152
[STDOUT  ] 2018-08-13T14:35:12.733942620Z: [    0.000000] Built 1 zonelists, mobility grouping on.  Total pages: 257896
[STDOUT  ] 2018-08-13T14:35:12.733955583Z: [    0.000000] Kernel command line: console=ttyS0 console=ttyAMA0
[STDOUT  ] 2018-08-13T14:35:12.733967857Z: [    0.000000] PID hash table entries: 4096 (order: 3, 32768 bytes)
[STDOUT  ] 2018-08-13T14:35:12.733980902Z: [    0.000000] Dentry cache hash table entries: 131072 (order: 8, 1048576 bytes)
[STDOUT  ] 2018-08-13T14:35:12.733994149Z: [    0.000000] Inode-cache hash table entries: 65536 (order: 7, 524288 bytes)
[STDOUT  ] 2018-08-13T14:35:12.734009973Z: [    0.000000] Memory: 957168K/1048052K available (12300K kernel code, 1458K rwdata, 2996K rodata, 1512K init, 632K bss, 90884K reserved, 0K cma-reserved)
[STDOUT  ] 2018-08-13T14:35:12.734030523Z: [    0.000000] ftrace: allocating 41049 entries in 161 pages
[STDOUT  ] 2018-08-13T14:35:12.734044836Z: [    0.000000] Hierarchical RCU implementation.
[STDOUT  ] 2018-08-13T14:35:12.734058356Z: [    0.000000] 	RCU restricting CPUs from NR_CPUS=128 to nr_cpu_ids=1.
[STDOUT  ] 2018-08-13T14:35:12.734074831Z: [    0.000000] RCU: Adjusting geometry for rcu_fanout_leaf=16, nr_cpu_ids=1
[STDOUT  ] 2018-08-13T14:35:12.734087268Z: [    0.000000] NR_IRQS: 8448, nr_irqs: 256, preallocated irqs: 16
[STDOUT  ] 2018-08-13T14:35:12.734100160Z: [    0.000000] Console: colour VGA+ 80x25
[STDOUT  ] 2018-08-13T14:35:12.734113883Z: [    0.000000] console [ttyS0] enabled
[STDOUT  ] 2018-08-13T14:35:12.734134940Z: [    0.000000] clocksource: hpet: mask: 0xffffffff max_cycles: 0xffffffff, max_idle_ns: 19112604467 ns
[STDOUT  ] 2018-08-13T14:35:12.734150835Z: [    0.000000] tsc: Fast TSC calibration using PIT
[STDOUT  ] 2018-08-13T14:35:12.734163598Z: [    0.000000] tsc: Detected 2600.024 MHz processor
[STDOUT  ] 2018-08-13T14:35:12.734199338Z: [    0.001339] Calibrating delay loop (skipped), value calculated using timer frequency.. 5200.04 BogoMIPS (lpj=26000240)
[STDOUT  ] 2018-08-13T14:35:12.734212673Z: [    0.002107] pid_max: default: 32768 minimum: 301
[STDOUT  ] 2018-08-13T14:35:12.734226205Z: [    0.002816] ACPI: Core revision 20170728
[STDERR  ] 2018-08-13T14:35:12.733153211Z: [    0.498583] ACPI: Added _OSI(Processor Aggregator Device)
[STDOUT  ] 2018-08-13T14:35:12.734239481Z: [    0.036202] ACPI: 1 ACPI AML tables successfully acquired and loaded
[STDERR  ] 2018-08-13T14:35:12.734250316Z: [    0.548387] ACPI: Interpreter enabled
[STDERR  ] 2018-08-13T14:35:12.734275300Z: [    0.549032] ACPI: (supports S0 S5)
[STDERR  ] 2018-08-13T14:35:12.734296392Z: [    0.549348] ACPI: Using IOAPIC for interrupt routing
[STDERR  ] 2018-08-13T14:35:12.734314735Z: [    0.551080] PCI: Using host bridge windows from ACPI; if necessary, use "pci=nocrs" and report a bug
[STDOUT  ] 2018-08-13T14:35:12.734252806Z: [    0.037707] Security Framework initialized
[STDERR  ] 2018-08-13T14:35:12.734368547Z: [    0.553732] ACPI: Enabled 2 GPEs in block 00 to 3F
[STDERR  ] 2018-08-13T14:35:12.734391556Z: [    0.601388] ACPI: PCI Root Bridge [PCI0] (domain 0000 [bus 00-ff])
[STDERR  ] 2018-08-13T14:35:12.734411510Z: [    0.602127] acpi PNP0A08:00: _OSC: OS supports [ExtendedConfig ASPM ClockPM Segments MSI]
[STDERR  ] 2018-08-13T14:35:12.734430833Z: [    0.605457] acpi PNP0A08:00: _OSC: OS now controls [PCIeHotplug PME PCIeCapability]
[STDOUT  ] 2018-08-13T14:35:12.734376759Z: [    0.038076] Yama: becoming mindful.
[STDERR  ] 2018-08-13T14:35:12.734450405Z: [    0.608104] PCI host bridge to bus 0000:00
[STDOUT  ] 2018-08-13T14:35:12.734464925Z: [    0.039828] Mount-cache hash table entries: 2048 (order: 2, 16384 bytes)
[STDERR  ] 2018-08-13T14:35:12.734470092Z: [    0.608522] pci_bus 0000:00: root bus resource [io  0x0000-0x0cf7 window]
[STDOUT  ] 2018-08-13T14:35:12.734478188Z: [    0.040097] Mountpoint-cache hash table entries: 2048 (order: 2, 16384 bytes)
[STDERR  ] 2018-08-13T14:35:12.734489593Z: [    0.608912] pci_bus 0000:00: root bus resource [io  0x0d00-0xffff window]
[STDOUT  ] 2018-08-13T14:35:12.734491373Z: [    0.054913] Last level iTLB entries: 4KB 0, 2MB 0, 4MB 0
[STDOUT  ] 2018-08-13T14:35:12.734504191Z: [    0.055440] Last level dTLB entries: 4KB 0, 2MB 0, 4MB 0, 1GB 0
[STDERR  ] 2018-08-13T14:35:12.734508756Z: [    0.609361] pci_bus 0000:00: root bus resource [mem 0x000a0000-0x000bffff window]
[STDERR  ] 2018-08-13T14:35:12.734536003Z: [    0.610080] pci_bus 0000:00: root bus resource [mem 0xc0000000-0xfebfffff window]
[STDERR  ] 2018-08-13T14:35:12.734558256Z: [    0.610621] pci_bus 0000:00: root bus resource [bus 00-ff]
[STDERR  ] 2018-08-13T14:35:12.734578224Z: [    0.651828] pci 0000:00:1f.0: quirk: [io  0x0600-0x067f] claimed by ICH6 ACPI/GPIO/TCO
[STDOUT  ] 2018-08-13T14:35:12.734596904Z: [    0.055877] Spectre V2 : Spectre mitigation: LFENCE not serializing, switching to generic retpoline
[STDOUT  ] 2018-08-13T14:35:12.734622684Z: [    0.056409] Spectre V2 : Mitigation: Full generic retpoline
[STDOUT  ] 2018-08-13T14:35:12.734636975Z: [    0.056777] Spectre V2 : Spectre v2 mitigation: Filling RSB on context switch
[STDOUT  ] 2018-08-13T14:35:12.734651587Z: [    0.057240] Speculative Store Bypass: Vulnerable
[STDOUT  ] 2018-08-13T14:35:12.734664693Z: [    0.280822] Freeing SMP alternatives memory: 20K
[STDOUT  ] 2018-08-13T14:35:12.734680623Z: [    0.296275] smpboot: Max logical packages: 1
[STDOUT  ] 2018-08-13T14:35:12.734693747Z: [    0.300000] ..TIMER: vector=0x30 apic1=0 pin1=2 apic2=-1 pin2=-1
[STDOUT  ] 2018-08-13T14:35:12.734709964Z: [    0.400000] smpboot: CPU0: AMD QEMU Virtual CPU version 2.5+ (family: 0x6, model: 0x6, stepping: 0x3)
[STDOUT  ] 2018-08-13T14:35:12.734724171Z: [    0.400000] Performance Events: PMU not available due to virtualization, using software events only.
[STDOUT  ] 2018-08-13T14:35:12.734743640Z: [    0.400000] Hierarchical SRCU implementation.
[STDOUT  ] 2018-08-13T14:35:12.734758871Z: [    0.402516] NMI watchdog: Perf event create on CPU 0 failed with -2
[STDOUT  ] 2018-08-13T14:35:12.734791251Z: [    0.402896] NMI watchdog: Perf NMI watchdog permanently disabled
[STDOUT  ] 2018-08-13T14:35:12.734803746Z: [    0.405774] smp: Bringing up secondary CPUs ...
[STDOUT  ] 2018-08-13T14:35:12.734816396Z: [    0.406104] smp: Brought up 1 node, 1 CPU
[STDOUT  ] 2018-08-13T14:35:12.734828836Z: [    0.406395] smpboot: Total of 1 processors activated (5200.04 BogoMIPS)
[STDOUT  ] 2018-08-13T14:35:12.734841762Z: [    0.418698] devtmpfs: initialized
[STDOUT  ] 2018-08-13T14:35:12.734855206Z: [    0.422588] x86/mm: Memory block size: 128MB
[STDOUT  ] 2018-08-13T14:35:12.734867898Z: [    0.427017] evm: security.ima
[STDOUT  ] 2018-08-13T14:35:12.734881531Z: [    0.427229] evm: security.capability
[STDOUT  ] 2018-08-13T14:35:12.734894259Z: [    0.429703] clocksource: jiffies: mask: 0xffffffff max_cycles: 0xffffffff, max_idle_ns: 19112604462750000 ns
[STDOUT  ] 2018-08-13T14:35:12.734906727Z: [    0.430181] futex hash table entries: 256 (order: 2, 16384 bytes)
[STDOUT  ] 2018-08-13T14:35:12.734918803Z: [    0.438499] NET: Registered protocol family 16
[STDOUT  ] 2018-08-13T14:35:12.734931336Z: [    0.444149] cpuidle: using governor ladder
[STDOUT  ] 2018-08-13T14:35:12.734943794Z: [    0.444514] cpuidle: using governor menu
[STDOUT  ] 2018-08-13T14:35:12.734955985Z: [    0.445715] ACPI: bus type PCI registered
[STDOUT  ] 2018-08-13T14:35:12.734968598Z: [    0.447805] PCI: MMCONFIG for domain 0000 [bus 00-ff] at [mem 0xb0000000-0xbfffffff] (base 0xb0000000)
[STDOUT  ] 2018-08-13T14:35:12.734981053Z: [    0.448478] PCI: MMCONFIG at [mem 0xb0000000-0xbfffffff] reserved in E820
[STDOUT  ] 2018-08-13T14:35:12.735003041Z: [    0.449387] PCI: Using configuration type 1 for base access
[STDOUT  ] 2018-08-13T14:35:12.735015429Z: [    0.488815] HugeTLB registered 2.00 MiB page size, pre-allocated 0 pages
[STDOUT  ] 2018-08-13T14:35:12.735028236Z: [    0.497479] ACPI: Added _OSI(Module Device)
[STDOUT  ] 2018-08-13T14:35:12.735039713Z: [    0.497836] ACPI: Added _OSI(Processor Device)
[STDOUT  ] 2018-08-13T14:35:12.735051043Z: [    0.498153] ACPI: Added _OSI(3.0 _SCP Extensions)
[STDOUT  ] 2018-08-13T14:35:12.735062322Z: [    0.498583] ACPI: Added _OSI(Processor Aggregator Device)
[STDOUT  ] 2018-08-13T14:35:12.735073730Z: [    0.548387] ACPI: Interpreter enabled
[STDOUT  ] 2018-08-13T14:35:12.735085153Z: [    0.549032] ACPI: (supports S0 S5)
[STDOUT  ] 2018-08-13T14:35:12.735096682Z: [    0.549348] ACPI: Using IOAPIC for interrupt routing
[STDOUT  ] 2018-08-13T14:35:12.735125778Z: [    0.551080] PCI: Using host bridge windows from ACPI; if necessary, use "pci=nocrs" and report a bug
[STDOUT  ] 2018-08-13T14:35:12.735138060Z: [    0.553732] ACPI: Enabled 2 GPEs in block 00 to 3F
[STDOUT  ] 2018-08-13T14:35:12.735149574Z: [    0.601388] ACPI: PCI Root Bridge [PCI0] (domain 0000 [bus 00-ff])
[STDOUT  ] 2018-08-13T14:35:12.735162794Z: [    0.602127] acpi PNP0A08:00: _OSC: OS supports [ExtendedConfig ASPM ClockPM Segments MSI]
[STDOUT  ] 2018-08-13T14:35:12.735181515Z: [    0.605457] acpi PNP0A08:00: _OSC: OS now controls [PCIeHotplug PME PCIeCapability]
[STDOUT  ] 2018-08-13T14:35:12.735194600Z: [    0.608104] PCI host bridge to bus 0000:00
[STDOUT  ] 2018-08-13T14:35:12.735207409Z: [    0.608522] pci_bus 0000:00: root bus resource [io  0x0000-0x0cf7 window]
[STDOUT  ] 2018-08-13T14:35:12.735220226Z: [    0.608912] pci_bus 0000:00: root bus resource [io  0x0d00-0xffff window]
[STDOUT  ] 2018-08-13T14:35:12.735236050Z: [    0.609361] pci_bus 0000:00: root bus resource [mem 0x000a0000-0x000bffff window]
[STDOUT  ] 2018-08-13T14:35:12.735251036Z: [    0.610080] pci_bus 0000:00: root bus resource [mem 0xc0000000-0xfebfffff window]
[STDOUT  ] 2018-08-13T14:35:12.735264327Z: [    0.610621] pci_bus 0000:00: root bus resource [bus 00-ff]
[STDOUT  ] 2018-08-13T14:35:12.735284657Z: [    0.651828] pci 0000:00:1f.0: quirk: [io  0x0600-0x067f] claimed by ICH6 ACPI/GPIO/TCO
[STDOUT  ] 2018-08-13T14:35:12.735297106Z: [    0.676134] ACPI: PCI Interrupt Link [LNKA] (IRQs 5 *10 11)
[STDOUT  ] 2018-08-13T14:35:12.735308840Z: [    0.677674] ACPI: PCI Interrupt Link [LNKB] (IRQs 5 *10 11)
[STDOUT  ] 2018-08-13T14:35:12.735320738Z: [    0.680498] ACPI: PCI Interrupt Link [LNKC] (IRQs 5 10 *11)
[STDOUT  ] 2018-08-13T14:35:12.735367403Z: [    0.681757] ACPI: PCI Interrupt Link [LNKD] (IRQs 5 10 *11)
[STDOUT  ] 2018-08-13T14:35:12.735379961Z: [    0.683116] ACPI: PCI Interrupt Link [LNKE] (IRQs 5 *10 11)
[STDOUT  ] 2018-08-13T14:35:12.735392127Z: [    0.684332] ACPI: PCI Interrupt Link [LNKF] (IRQs 5 *10 11)
[STDOUT  ] 2018-08-13T14:35:12.735403782Z: [    0.685541] ACPI: PCI Interrupt Link [LNKG] (IRQs 5 10 *11)
[STDOUT  ] 2018-08-13T14:35:12.735415495Z: [    0.686767] ACPI: PCI Interrupt Link [LNKH] (IRQs 5 10 *11)
[STDOUT  ] 2018-08-13T14:35:12.735427378Z: [    0.687384] ACPI: PCI Interrupt Link [GSIA] (IRQs *16)
[STDOUT  ] 2018-08-13T14:35:12.735439094Z: [    0.687853] ACPI: PCI Interrupt Link [GSIB] (IRQs *17)
[STDOUT  ] 2018-08-13T14:35:12.735525244Z: [    0.688314] ACPI: PCI Interrupt Link [GSIC] (IRQs *18)
[STDOUT  ] 2018-08-13T14:35:12.735550416Z: [    0.688800] ACPI: PCI Interrupt Link [GSID] (IRQs *19)
[STDOUT  ] 2018-08-13T14:35:12.735562947Z: [    0.689282] ACPI: PCI Interrupt Link [GSIE] (IRQs *20)
[STDOUT  ] 2018-08-13T14:35:12.735575299Z: [    0.690107] ACPI: PCI Interrupt Link [GSIF] (IRQs *21)
[STDOUT  ] 2018-08-13T14:35:12.735587239Z: [    0.690826] ACPI: PCI Interrupt Link [GSIG] (IRQs *22)
[STDOUT  ] 2018-08-13T14:35:12.735601880Z: [    0.691451] ACPI: PCI Interrupt Link [GSIH] (IRQs *23)
[STDOUT  ] 2018-08-13T14:35:12.735638582Z: [    0.697428] SCSI subsystem initialized
[STDOUT  ] 2018-08-13T14:35:12.735652397Z: [    0.699421] ACPI: bus type USB registered
[STDOUT  ] 2018-08-13T14:35:12.735665160Z: [    0.700405] usbcore: registered new interface driver usbfs
[STDOUT  ] 2018-08-13T14:35:12.735678539Z: [    0.701019] usbcore: registered new interface driver hub
[STDOUT  ] 2018-08-13T14:35:12.735690921Z: [    0.701725] usbcore: registered new device driver usb
[STDOUT  ] 2018-08-13T14:35:12.735703116Z: [    0.702467] pps_core: LinuxPPS API ver. 1 registered
[STDOUT  ] 2018-08-13T14:35:12.735715984Z: [    0.702750] pps_core: Software ver. 5.3.6 - Copyright 2005-2007 Rodolfo Giometti <giometti@linux.it>
[STDOUT  ] 2018-08-13T14:35:12.735728753Z: [    0.703321] PTP clock support registered
[STDOUT  ] 2018-08-13T14:35:12.735741594Z: [    0.704907] PCI: Using ACPI for IRQ routing
[STDOUT  ] 2018-08-13T14:35:12.735757012Z: [    0.717208] NetLabel: Initializing
[STDOUT  ] 2018-08-13T14:35:12.735768996Z: [    0.717501] NetLabel:  domain hash size = 128
[STDOUT  ] 2018-08-13T14:35:12.735808349Z: [    0.717820] NetLabel:  protocols = UNLABELED CIPSOv4 CALIPSO
[STDOUT  ] 2018-08-13T14:35:12.735821131Z: [    0.719612] NetLabel:  unlabeled traffic allowed by default
[STDOUT  ] 2018-08-13T14:35:12.735833816Z: [    0.721017] HPET: 3 timers in total, 0 timers will be used for per-cpu timer
[STDOUT  ] 2018-08-13T14:35:12.735846288Z: [    0.721649] hpet0: at MMIO 0xfed00000, IRQs 2, 8, 0
[STDOUT  ] 2018-08-13T14:35:12.735868878Z: [    0.721999] hpet0: 3 comparators, 64-bit 100.000000 MHz counter
[STDOUT  ] 2018-08-13T14:35:12.736170641Z: [    0.728811] clocksource: Switched to clocksource hpet
[STDOUT  ] 2018-08-13T14:35:12.736190782Z: [    0.930451] VFS: Disk quotas dquot_6.6.0
[STDOUT  ] 2018-08-13T14:35:12.736205148Z: [    0.931100] VFS: Dquot-cache hash table entries: 512 (order 0, 4096 bytes)
[STDOUT  ] 2018-08-13T14:35:12.736219303Z: [    0.933206] FS-Cache: Loaded
[STDOUT  ] 2018-08-13T14:35:12.736233005Z: [    0.937232] CacheFiles: Loaded
[STDOUT  ] 2018-08-13T14:35:12.736248914Z: [    0.938183] pnp: PnP ACPI init
[STDOUT  ] 2018-08-13T14:35:12.736262845Z: [    0.946210] pnp: PnP ACPI: found 5 devices
[STDOUT  ] 2018-08-13T14:35:12.736276145Z: [    0.978094] clocksource: acpi_pm: mask: 0xffffff max_cycles: 0xffffff, max_idle_ns: 2085701024 ns
[STDOUT  ] 2018-08-13T14:35:12.736299593Z: [    0.980759] NET: Registered protocol family 2
[STDERR  ] 2018-08-13T14:35:12.734596974Z: [    0.676134] ACPI: PCI Interrupt Link [LNKA] (IRQs 5 *10 11)
[STDERR  ] 2018-08-13T14:35:12.736370410Z: [    0.677674] ACPI: PCI Interrupt Link [LNKB] (IRQs 5 *10 11)
[STDERR  ] 2018-08-13T14:35:12.736424604Z: [    0.680498] ACPI: PCI Interrupt Link [LNKC] (IRQs 5 10 *11)
[STDERR  ] 2018-08-13T14:35:12.736443441Z: [    0.681757] ACPI: PCI Interrupt Link [LNKD] (IRQs 5 10 *11)
[STDERR  ] 2018-08-13T14:35:12.736466859Z: [    0.683116] ACPI: PCI Interrupt Link [LNKE] (IRQs 5 *10 11)
[STDERR  ] 2018-08-13T14:35:12.736485840Z: [    0.684332] ACPI: PCI Interrupt Link [LNKF] (IRQs 5 *10 11)
[STDERR  ] 2018-08-13T14:35:12.736504392Z: [    0.685541] ACPI: PCI Interrupt Link [LNKG] (IRQs 5 10 *11)
[STDERR  ] 2018-08-13T14:35:12.736522661Z: [    0.686767] ACPI: PCI Interrupt Link [LNKH] (IRQs 5 10 *11)
[STDERR  ] 2018-08-13T14:35:12.736542411Z: [    0.687384] ACPI: PCI Interrupt Link [GSIA] (IRQs *16)
[STDERR  ] 2018-08-13T14:35:12.736562140Z: [    0.687853] ACPI: PCI Interrupt Link [GSIB] (IRQs *17)
[STDERR  ] 2018-08-13T14:35:12.736581729Z: [    0.688314] ACPI: PCI Interrupt Link [GSIC] (IRQs *18)
[STDERR  ] 2018-08-13T14:35:12.736600827Z: [    0.688800] ACPI: PCI Interrupt Link [GSID] (IRQs *19)
[STDERR  ] 2018-08-13T14:35:12.736628043Z: [    0.689282] ACPI: PCI Interrupt Link [GSIE] (IRQs *20)
[STDERR  ] 2018-08-13T14:35:12.736647042Z: [    0.690107] ACPI: PCI Interrupt Link [GSIF] (IRQs *21)
[STDERR  ] 2018-08-13T14:35:12.736669230Z: [    0.690826] ACPI: PCI Interrupt Link [GSIG] (IRQs *22)
[STDERR  ] 2018-08-13T14:35:12.736688057Z: [    0.691451] ACPI: PCI Interrupt Link [GSIH] (IRQs *23)
[STDERR  ] 2018-08-13T14:35:12.736706754Z: [    0.697428] SCSI subsystem initialized
[STDERR  ] 2018-08-13T14:35:12.736726139Z: [    0.699421] ACPI: bus type USB registered
[STDERR  ] 2018-08-13T14:35:12.736744910Z: [    0.700405] usbcore: registered new interface driver usbfs
[STDERR  ] 2018-08-13T14:35:12.736763835Z: [    0.701019] usbcore: registered new interface driver hub
[STDERR  ] 2018-08-13T14:35:12.736782792Z: [    0.701725] usbcore: registered new device driver usb
[STDERR  ] 2018-08-13T14:35:12.736801774Z: [    0.702467] pps_core: LinuxPPS API ver. 1 registered
[STDERR  ] 2018-08-13T14:35:12.736820248Z: [    0.702750] pps_core: Software ver. 5.3.6 - Copyright 2005-2007 Rodolfo Giometti <giometti@linux.it>
[STDERR  ] 2018-08-13T14:35:12.736839280Z: [    0.703321] PTP clock support registered
[STDERR  ] 2018-08-13T14:35:12.736858547Z: [    0.704907] PCI: Using ACPI for IRQ routing
[STDOUT  ] 2018-08-13T14:35:12.736313426Z: [    0.986365] TCP established hash table entries: 8192 (order: 4, 65536 bytes)
[STDERR  ] 2018-08-13T14:35:12.736881530Z: [    0.717208] NetLabel: Initializing
[STDOUT  ] 2018-08-13T14:35:12.736894885Z: [    0.987037] TCP bind hash table entries: 8192 (order: 5, 131072 bytes)
[STDOUT  ] 2018-08-13T14:35:12.736908422Z: [    0.988011] TCP: Hash tables configured (established 8192 bind 8192)
[STDOUT  ] 2018-08-13T14:35:12.736920923Z: [    0.989637] UDP hash table entries: 512 (order: 2, 16384 bytes)
[STDOUT  ] 2018-08-13T14:35:12.736933779Z: [    0.990532] UDP-Lite hash table entries: 512 (order: 2, 16384 bytes)
[STDOUT  ] 2018-08-13T14:35:12.736952653Z: [    0.992702] NET: Registered protocol family 1
[STDERR  ] 2018-08-13T14:35:12.736975108Z: [    0.717501] NetLabel:  domain hash size = 128
[STDERR  ] 2018-08-13T14:35:12.736994334Z: [    0.717820] NetLabel:  protocols = UNLABELED CIPSOv4 CALIPSO
[STDERR  ] 2018-08-13T14:35:12.737013955Z: [    0.719612] NetLabel:  unlabeled traffic allowed by default
[STDERR  ] 2018-08-13T14:35:12.737032020Z: [    0.721017] HPET: 3 timers in total, 0 timers will be used for per-cpu timer
[STDERR  ] 2018-08-13T14:35:12.737051330Z: [    0.721649] hpet0: at MMIO 0xfed00000, IRQs 2, 8, 0
[STDERR  ] 2018-08-13T14:35:12.737070226Z: [    0.721999] hpet0: 3 comparators, 64-bit 100.000000 MHz counter
[STDERR  ] 2018-08-13T14:35:12.737094136Z: [    0.728811] clocksource: Switched to clocksource hpet
[STDERR  ] 2018-08-13T14:35:12.737113729Z: [    0.930451] VFS: Disk quotas dquot_6.6.0
[STDERR  ] 2018-08-13T14:35:12.737133113Z: [    0.931100] VFS: Dquot-cache hash table entries: 512 (order 0, 4096 bytes)
[STDERR  ] 2018-08-13T14:35:12.737152040Z: [    0.933206] FS-Cache: Loaded
[STDERR  ] 2018-08-13T14:35:12.737172195Z: [    0.937232] CacheFiles: Loaded
[STDERR  ] 2018-08-13T14:35:12.737194762Z: [    0.938183] pnp: PnP ACPI init
[STDERR  ] 2018-08-13T14:35:12.737215028Z: [    0.946210] pnp: PnP ACPI: found 5 devices
[STDERR  ] 2018-08-13T14:35:12.737234296Z: [    0.978094] clocksource: acpi_pm: mask: 0xffffff max_cycles: 0xffffff, max_idle_ns: 2085701024 ns
[STDERR  ] 2018-08-13T14:35:12.737256761Z: [    0.980759] NET: Registered protocol family 2
[STDERR  ] 2018-08-13T14:35:12.737276119Z: [    0.986365] TCP established hash table entries: 8192 (order: 4, 65536 bytes)
[STDERR  ] 2018-08-13T14:35:12.737295325Z: [    0.987037] TCP bind hash table entries: 8192 (order: 5, 131072 bytes)
[STDERR  ] 2018-08-13T14:35:12.737314745Z: [    0.988011] TCP: Hash tables configured (established 8192 bind 8192)
[STDERR  ] 2018-08-13T14:35:12.737368068Z: [    0.989637] UDP hash table entries: 512 (order: 2, 16384 bytes)
[STDERR  ] 2018-08-13T14:35:12.737402306Z: [    0.990532] UDP-Lite hash table entries: 512 (order: 2, 16384 bytes)
[STDERR  ] 2018-08-13T14:35:12.737421753Z: [    0.992702] NET: Registered protocol family 1
[STDERR  ] 2018-08-13T14:35:12.737443878Z: [    0.993479] pci 0000:00:01.0: Video device with shadowed ROM at [mem 0x000c0000-0x000dffff]
[STDERR  ] 2018-08-13T14:35:12.737463360Z: [    0.997938] Trying to unpack rootfs image as initramfs...
[STDERR  ] 2018-08-13T14:35:12.737482379Z: [    6.462330] Freeing initrd memory: 47640K
[STDERR  ] 2018-08-13T14:35:12.737500885Z: [    6.481845] PCLMULQDQ-NI instructions are not detected.
[STDERR  ] 2018-08-13T14:35:12.737519819Z: [    6.482843] AVX or AES-NI instructions are not detected.
[STDERR  ] 2018-08-13T14:35:12.737538949Z: [    6.483224] CPU feature 'AVX registers' is not supported.
[STDERR  ] 2018-08-13T14:35:12.737558499Z: [    6.483597] CPU feature 'AVX registers' is not supported.
[STDERR  ] 2018-08-13T14:35:12.737577773Z: [    6.483924] CPU feature 'AVX registers' is not supported.
[STDERR  ] 2018-08-13T14:35:12.737596365Z: [    6.484285] CPU feature 'AVX registers' is not supported.
[STDERR  ] 2018-08-13T14:35:12.737622233Z: [    6.484646] AVX2 or AES-NI instructions are not detected.
[STDERR  ] 2018-08-13T14:35:12.737641288Z: [    6.484980] AVX2 instructions are not detected.
[STDERR  ] 2018-08-13T14:35:12.737659740Z: [    6.488559] audit: initializing netlink subsys (disabled)
[STDERR  ] 2018-08-13T14:35:12.737678515Z: [    6.491610] audit: type=2000 audit(1534170891.490:1): state=initialized audit_enabled=0 res=1
[STDERR  ] 2018-08-13T14:35:12.737697854Z: [    6.496107] workingset: timestamp_bits=46 max_order=18 bucket_order=0
[STDERR  ] 2018-08-13T14:35:12.737717025Z: [    6.501983] squashfs: version 4.0 (2009/01/31) Phillip Lougher
[STDERR  ] 2018-08-13T14:35:12.737735788Z: [    6.504103] FS-Cache: Netfs 'cifs' registered for caching
[STDERR  ] 2018-08-13T14:35:12.737754570Z: [    6.504916] fuse init (API version 7.26)
[STDERR  ] 2018-08-13T14:35:12.737779297Z: [    6.506909] SGI XFS with ACLs, security attributes, no debug enabled
[STDERR  ] 2018-08-13T14:35:12.737798184Z: [    6.510045] 9p: Installing v9fs 9p2000 file system support
[STDERR  ] 2018-08-13T14:35:12.737819847Z: [    6.511117] FS-Cache: Netfs '9p' registered for caching
[STDERR  ] 2018-08-13T14:35:12.737838622Z: [    6.540099] NET: Registered protocol family 38
[STDERR  ] 2018-08-13T14:35:12.737857620Z: [    6.541358] Key type asymmetric registered
[STDERR  ] 2018-08-13T14:35:12.737877170Z: [    6.541761] Asymmetric key parser 'x509' registered
[STDERR  ] 2018-08-13T14:35:12.737896593Z: [    6.542511] Block layer SCSI generic (bsg) driver version 0.4 loaded (major 247)
[STDERR  ] 2018-08-13T14:35:12.737918489Z: [    6.543955] io scheduler noop registered
[STDERR  ] 2018-08-13T14:35:12.737939264Z: [    6.544356] io scheduler deadline registered (default)
[STDERR  ] 2018-08-13T14:35:12.737958761Z: [    6.545051] io scheduler cfq registered
[STDERR  ] 2018-08-13T14:35:12.737980518Z: [    6.545342] io scheduler mq-deadline registered
[STDERR  ] 2018-08-13T14:35:12.737999973Z: [    6.545610] io scheduler kyber registered
[STDERR  ] 2018-08-13T14:35:12.738019372Z: [    6.547975] shpchp: Standard Hot Plug PCI Controller Driver version: 0.4
[STDERR  ] 2018-08-13T14:35:12.738041272Z: [    6.548637] hv_vmbus: registering driver hyperv_fb
[STDERR  ] 2018-08-13T14:35:12.738060217Z: [    6.552272] input: Power Button as /devices/LNXSYSTM:00/LNXPWRBN:00/input/input0
[STDERR  ] 2018-08-13T14:35:12.738078648Z: [    6.554586] ACPI: Power Button [PWRF]
[STDERR  ] 2018-08-13T14:35:12.738097478Z: [    6.567537] ACPI: PCI Interrupt Link [GSIG] enabled at IRQ 22
[STDERR  ] 2018-08-13T14:35:12.738116552Z: [    6.576825] ACPI: PCI Interrupt Link [GSIH] enabled at IRQ 23
[STDERR  ] 2018-08-13T14:35:12.738136411Z: [    6.581047] Serial: 8250/16550 driver, 4 ports, IRQ sharing disabled
[STDERR  ] 2018-08-13T14:35:12.738155094Z: [    6.605381] 00:04: ttyS0 at I/O 0x3f8 (irq = 4, base_baud = 115200) is a 16550A
[STDOUT  ] 2018-08-13T14:35:12.738169954Z: [    0.993479] pci 0000:00:01.0: Video device with shadowed ROM at [mem 0x000c0000-0x000dffff]
[STDERR  ] 2018-08-13T14:35:12.738175075Z: [    6.613615] Non-volatile memory driver v1.3
[STDOUT  ] 2018-08-13T14:35:12.738185501Z: [    0.997938] Trying to unpack rootfs image as initramfs...
[STDOUT  ] 2018-08-13T14:35:12.738221603Z: [    6.462330] Freeing initrd memory: 47640K
[STDOUT  ] 2018-08-13T14:35:12.738254055Z: [    6.481845] PCLMULQDQ-NI instructions are not detected.
[STDOUT  ] 2018-08-13T14:35:12.738295773Z: [    6.482843] AVX or AES-NI instructions are not detected.
[STDOUT  ] 2018-08-13T14:35:12.738310032Z: [    6.483224] CPU feature 'AVX registers' is not supported.
[STDOUT  ] 2018-08-13T14:35:12.738323147Z: [    6.483597] CPU feature 'AVX registers' is not supported.
[STDOUT  ] 2018-08-13T14:35:12.738369802Z: [    6.483924] CPU feature 'AVX registers' is not supported.
[STDOUT  ] 2018-08-13T14:35:12.738383480Z: [    6.484285] CPU feature 'AVX registers' is not supported.
[STDOUT  ] 2018-08-13T14:35:12.738396560Z: [    6.484646] AVX2 or AES-NI instructions are not detected.
[STDOUT  ] 2018-08-13T14:35:12.738409913Z: [    6.484980] AVX2 instructions are not detected.
[STDOUT  ] 2018-08-13T14:35:12.738423790Z: [    6.488559] audit: initializing netlink subsys (disabled)
[STDOUT  ] 2018-08-13T14:35:12.738437157Z: [    6.491610] audit: type=2000 audit(1534170891.490:1): state=initialized audit_enabled=0 res=1
[STDOUT  ] 2018-08-13T14:35:12.738451442Z: [    6.496107] workingset: timestamp_bits=46 max_order=18 bucket_order=0
[STDOUT  ] 2018-08-13T14:35:12.738478082Z: [    6.501983] squashfs: version 4.0 (2009/01/31) Phillip Lougher
[STDOUT  ] 2018-08-13T14:35:12.738490920Z: [    6.504103] FS-Cache: Netfs 'cifs' registered for caching
[STDOUT  ] 2018-08-13T14:35:12.738508151Z: [    6.504916] fuse init (API version 7.26)
[STDOUT  ] 2018-08-13T14:35:12.738527625Z: [    6.506909] SGI XFS with ACLs, security attributes, no debug enabled
[STDOUT  ] 2018-08-13T14:35:12.738544375Z: [    6.510045] 9p: Installing v9fs 9p2000 file system support
[STDOUT  ] 2018-08-13T14:35:12.738570491Z: [    6.511117] FS-Cache: Netfs '9p' registered for caching
[STDOUT  ] 2018-08-13T14:35:12.738583550Z: [    6.540099] NET: Registered protocol family 38
[STDOUT  ] 2018-08-13T14:35:12.738596387Z: [    6.541358] Key type asymmetric registered
[STDOUT  ] 2018-08-13T14:35:12.738609540Z: [    6.541761] Asymmetric key parser 'x509' registered
[STDOUT  ] 2018-08-13T14:35:12.738622049Z: [    6.542511] Block layer SCSI generic (bsg) driver version 0.4 loaded (major 247)
[STDOUT  ] 2018-08-13T14:35:12.738634661Z: [    6.543955] io scheduler noop registered
[STDOUT  ] 2018-08-13T14:35:12.738651564Z: [    6.544356] io scheduler deadline registered (default)
[STDOUT  ] 2018-08-13T14:35:12.738665430Z: [    6.545051] io scheduler cfq registered
[STDOUT  ] 2018-08-13T14:35:12.738678960Z: [    6.545342] io scheduler mq-deadline registered
[STDOUT  ] 2018-08-13T14:35:12.738692140Z: [    6.545610] io scheduler kyber registered
[STDOUT  ] 2018-08-13T14:35:12.738705469Z: [    6.547975] shpchp: Standard Hot Plug PCI Controller Driver version: 0.4
[STDOUT  ] 2018-08-13T14:35:12.738718977Z: [    6.548637] hv_vmbus: registering driver hyperv_fb
[STDOUT  ] 2018-08-13T14:35:12.738732462Z: [    6.552272] input: Power Button as /devices/LNXSYSTM:00/LNXPWRBN:00/input/input0
[STDOUT  ] 2018-08-13T14:35:12.738745161Z: [    6.554586] ACPI: Power Button [PWRF]
[STDOUT  ] 2018-08-13T14:35:12.738757158Z: [    6.567537] ACPI: PCI Interrupt Link [GSIG] enabled at IRQ 22
[STDOUT  ] 2018-08-13T14:35:12.738769489Z: [    6.576825] ACPI: PCI Interrupt Link [GSIH] enabled at IRQ 23
[STDOUT  ] 2018-08-13T14:35:12.738783367Z: [    6.581047] Serial: 8250/16550 driver, 4 ports, IRQ sharing disabled
[STDOUT  ] 2018-08-13T14:35:12.738795244Z: [    6.605381] 00:04: ttyS0 at I/O 0x3f8 (irq = 4, base_baud = 115200) is a 16550A
[STDOUT  ] 2018-08-13T14:35:12.738807957Z: [    6.613615] Non-volatile memory driver v1.3
[STDOUT  ] 2018-08-13T14:35:12.738821381Z: [    6.618803] Hangcheck: starting hangcheck timer 0.9.1 (tick is 180 seconds, margin is 60 seconds).
[STDOUT  ] 2018-08-13T14:35:12.738835136Z: [    6.630840] random: fast init done
[STDOUT  ] 2018-08-13T14:35:12.738848112Z: [    6.632033] random: crng init done
[STDOUT  ] 2018-08-13T14:35:12.738859744Z: [    6.677424] brd: module loaded
[STDOUT  ] 2018-08-13T14:35:12.738873522Z: [    6.704865] loop: module loaded
[STDOUT  ] 2018-08-13T14:35:12.738888457Z: [    6.753499] lpc_ich 0000:00:1f.0: I/O space for GPIO uninitialized
[STDOUT  ] 2018-08-13T14:35:12.738901529Z: [    6.755064] VMware PVSCSI driver - version 1.0.7.0-k
[STDOUT  ] 2018-08-13T14:35:12.738914216Z: [    6.755631] hv_vmbus: registering driver hv_storvsc
[STDOUT  ] 2018-08-13T14:35:12.738930788Z: [    6.763102] ACPI: PCI Interrupt Link [GSIA] enabled at IRQ 16
[STDOUT  ] 2018-08-13T14:35:12.738943122Z: [    6.768323] ahci 0000:00:1f.2: AHCI 0001.0000 32 slots 6 ports 1.5 Gbps 0x3f impl SATA mode
[STDOUT  ] 2018-08-13T14:35:12.738956065Z: [    6.769069] ahci 0000:00:1f.2: flags: 64bit ncq only 
[STDOUT  ] 2018-08-13T14:35:12.738967560Z: [    6.783004] scsi host0: ahci
[STDOUT  ] 2018-08-13T14:35:12.738980025Z: [    6.785739] scsi host1: ahci
[STDOUT  ] 2018-08-13T14:35:12.738992603Z: [    6.787129] scsi host2: ahci
[STDOUT  ] 2018-08-13T14:35:12.739005178Z: [    6.788643] scsi host3: ahci
[STDOUT  ] 2018-08-13T14:35:12.739017565Z: [    6.790036] scsi host4: ahci
[STDOUT  ] 2018-08-13T14:35:12.739030578Z: [    6.791766] scsi host5: ahci
[STDOUT  ] 2018-08-13T14:35:12.739042616Z: [    6.792829] ata1: SATA max UDMA/133 abar m4096@0xfebd2000 port 0xfebd2100 irq 24
[STDOUT  ] 2018-08-13T14:35:12.739057787Z: [    6.793301] ata2: SATA max UDMA/133 abar m4096@0xfebd2000 port 0xfebd2180 irq 24
[STDOUT  ] 2018-08-13T14:35:12.739070432Z: [    6.793709] ata3: SATA max UDMA/133 abar m4096@0xfebd2000 port 0xfebd2200 irq 24
[STDOUT  ] 2018-08-13T14:35:12.739087508Z: [    6.794101] ata4: SATA max UDMA/133 abar m4096@0xfebd2000 port 0xfebd2280 irq 24
[STDOUT  ] 2018-08-13T14:35:12.739100178Z: [    6.794534] ata5: SATA max UDMA/133 abar m4096@0xfebd2000 port 0xfebd2300 irq 24
[STDOUT  ] 2018-08-13T14:35:12.739112798Z: [    6.794954] ata6: SATA max UDMA/133 abar m4096@0xfebd2000 port 0xfebd2380 irq 24
[STDOUT  ] 2018-08-13T14:35:12.739135067Z: [    6.804904] tun: Universal TUN/TAP device driver, 1.6
[STDOUT  ] 2018-08-13T14:35:12.739147895Z: [    6.816475] VMware vmxnet3 virtual NIC driver - version 1.4.a.0-k-NAPI
[STDOUT  ] 2018-08-13T14:35:12.739160557Z: [    6.817225] hv_vmbus: registering driver hv_netvsc
[STDOUT  ] 2018-08-13T14:35:12.739172894Z: [    6.817634] Fusion MPT base driver 3.04.20
[STDOUT  ] 2018-08-13T14:35:12.739185431Z: [    6.817920] Copyright (c) 1999-2008 LSI Corporation
[STDOUT  ] 2018-08-13T14:35:12.739202143Z: [    6.818453] Fusion MPT SPI Host driver 3.04.20
[STDOUT  ] 2018-08-13T14:35:12.739214491Z: [    6.820145] i8042: PNP: PS/2 Controller [PNP0303:KBD,PNP0f13:MOU] at 0x60,0x64 irq 1,12
[STDOUT  ] 2018-08-13T14:35:12.739227458Z: [    6.824089] serio: i8042 KBD port at 0x60,0x64 irq 1
[STDOUT  ] 2018-08-13T14:35:12.739240096Z: [    6.824709] serio: i8042 AUX port at 0x60,0x64 irq 12
[STDOUT  ] 2018-08-13T14:35:12.739252589Z: [    6.826823] hv_vmbus: registering driver hyperv_keyboard
[STDERR  ] 2018-08-13T14:35:12.738193389Z: [    6.618803] Hangcheck: starting hangcheck timer 0.9.1 (tick is 180 seconds, margin is 60 seconds).
[STDERR  ] 2018-08-13T14:35:12.739302037Z: [    6.630840] random: fast init done
[STDERR  ] 2018-08-13T14:35:12.739319881Z: [    6.632033] random: crng init done
[STDERR  ] 2018-08-13T14:35:12.739373163Z: [    6.677424] brd: module loaded
[STDERR  ] 2018-08-13T14:35:12.739392315Z: [    6.704865] loop: module loaded
[STDERR  ] 2018-08-13T14:35:12.739410441Z: [    6.753499] lpc_ich 0000:00:1f.0: I/O space for GPIO uninitialized
[STDERR  ] 2018-08-13T14:35:12.739428733Z: [    6.755064] VMware PVSCSI driver - version 1.0.7.0-k
[STDERR  ] 2018-08-13T14:35:12.739448402Z: [    6.755631] hv_vmbus: registering driver hv_storvsc
[STDERR  ] 2018-08-13T14:35:12.739503376Z: [    6.763102] ACPI: PCI Interrupt Link [GSIA] enabled at IRQ 16
[STDERR  ] 2018-08-13T14:35:12.739521868Z: [    6.768323] ahci 0000:00:1f.2: AHCI 0001.0000 32 slots 6 ports 1.5 Gbps 0x3f impl SATA mode
