[INFO    ] 2017-11-15T17:41:32.888303565Z: Running Test linuxkit.security.ports in /tmp/build/test/cases/030_security/010_ports
[STDERR  ] 2017-11-15T17:41:32.888345428Z: + CMD=init
[STDERR  ] 2017-11-15T17:41:32.888396093Z: + group_init
[STDERR  ] 2017-11-15T17:41:32.888405725Z: + return 0
[STDERR  ] 2017-11-15T17:41:32.88841551Z: + res=0
[STDERR  ] 2017-11-15T17:41:32.888424558Z: + exit 0
[INFO    ] 2017-11-15T17:41:32.888422908Z: Running command: [/bin/sh -x /tmp/build/test/cases/030_security/010_ports/test.sh]
[STDERR  ] 2017-11-15T17:41:32.894535429Z: + set -e
[STDERR  ] 2017-11-15T17:41:32.894594335Z: + . /tmp/build/test/cases/_lib/lib.sh
[STDERR  ] 2017-11-15T17:41:32.894616532Z: + [ -f src/github.com/linuxkit/rtf/lib/lib.sh ]
[STDERR  ] 2017-11-15T17:41:32.894626447Z: + LINUXKIT_TMPDIR=/tmp/build/test/cases/_tmp
[STDERR  ] 2017-11-15T17:41:32.894636355Z: + [ -f /tmp/build/test/cases/_tmp/env.sh ]
[STDERR  ] 2017-11-15T17:41:32.894647321Z: + . /tmp/build/test/cases/_tmp/env.sh
[STDERR  ] 2017-11-15T17:41:32.894661317Z: + export LINUXKIT_EXAMPLES_DIR=/tmp/build/test/cases/../../examples
[STDERR  ] 2017-11-15T17:41:32.894671455Z: + export LINUXKIT_BLUEPRINTS_DIR=/tmp/build/test/cases/../../blueprints
[STDERR  ] 2017-11-15T17:41:32.894681851Z: + RT_CANCEL=253
[STDERR  ] 2017-11-15T17:41:32.894691584Z: + NAME=lsof
[STDERR  ] 2017-11-15T17:41:32.894701867Z: + trap clean_up EXIT
[STDERR  ] 2017-11-15T17:41:32.894713374Z: + moby build -format kernel+initrd -name lsof test.yml
[STDERR  ] 2017-11-15T17:41:32.928659647Z: Extract kernel image: linuxkit/kernel:4.9.61
[STDERR  ] 2017-11-15T17:41:34.694336741Z: Add init containers:
[STDERR  ] 2017-11-15T17:41:34.694393928Z: Process init image: linuxkit/init:42a92119e1ca10380e0d33e26c0cbcf85b9b3558
[STDERR  ] 2017-11-15T17:41:35.980384836Z: Process init image: linuxkit/runc:817fdc592eac6cb7804fa1721a43a7f6e23fb50f
[STDERR  ] 2017-11-15T17:41:37.165361693Z: Add onboot containers:
[STDERR  ] 2017-11-15T17:41:37.165423689Z:   Create OCI config for alpine:3.6
[STDERR  ] 2017-11-15T17:41:37.300097182Z:   Create OCI config for linuxkit/poweroff:280bd01daa8776fbe1f4d912977f1886b8374834
[STDERR  ] 2017-11-15T17:41:38.340368352Z: time="2017-11-15T17:41:38Z" level=warning msg="certificate with CN Rolf Neugebauer is near expiry" 
[STDERR  ] 2017-11-15T17:41:38.342414631Z: time="2017-11-15T17:41:38Z" level=warning msg="certificate with CN Rolf Neugebauer is near expiry" 
[STDERR  ] 2017-11-15T17:41:38.497303815Z: Add files:
[STDERR  ] 2017-11-15T17:41:38.497361533Z:   check.sh
[STDERR  ] 2017-11-15T17:41:38.511102739Z: Create outputs:
[STDERR  ] 2017-11-15T17:41:42.796419318Z:   lsof-kernel lsof-initrd.img lsof-cmdline
[STDERR  ] 2017-11-15T17:41:42.838104173Z: + linuxkit run qemu -kernel lsof
[STDERR  ] 2017-11-15T17:41:42.856510413Z: Unable to find qemu-system-x86_64 within the $PATH. Using a container
[STDOUT  ] 2017-11-15T17:41:44.775462264Z: [    0.000000] Linux version 4.9.61-linuxkit (root@f63baf0520f0) (gcc version 6.3.0 (Alpine 6.3.0) ) #1 SMP Fri Nov 10 13:47:55 UTC 2017
[STDOUT  ] 2017-11-15T17:41:44.775905037Z: [    0.000000] Command line: console=ttyS0 page_poison=1
[STDOUT  ] 2017-11-15T17:41:44.775935257Z: [    0.000000] x86/fpu: Legacy x87 FPU detected.
[STDOUT  ] 2017-11-15T17:41:44.776184921Z: [    0.000000] x86/fpu: Using 'eager' FPU context switches.
[STDOUT  ] 2017-11-15T17:41:44.776215441Z: [    0.000000] e820: BIOS-provided physical RAM map:
[STDOUT  ] 2017-11-15T17:41:44.776455729Z: [    0.000000] BIOS-e820: [mem 0x0000000000000000-0x000000000009fbff] usable
[STDOUT  ] 2017-11-15T17:41:44.776589945Z: [    0.000000] BIOS-e820: [mem 0x000000000009fc00-0x000000000009ffff] reserved
[STDOUT  ] 2017-11-15T17:41:44.776909369Z: [    0.000000] BIOS-e820: [mem 0x00000000000f0000-0x00000000000fffff] reserved
[STDOUT  ] 2017-11-15T17:41:44.777009799Z: [    0.000000] BIOS-e820: [mem 0x0000000000100000-0x000000003ffdefff] usable
[STDOUT  ] 2017-11-15T17:41:44.777339457Z: [    0.000000] BIOS-e820: [mem 0x000000003ffdf000-0x000000003fffffff] reserved
[STDOUT  ] 2017-11-15T17:41:44.777534329Z: [    0.000000] BIOS-e820: [mem 0x00000000b0000000-0x00000000bfffffff] reserved
[STDOUT  ] 2017-11-15T17:41:44.777786991Z: [    0.000000] BIOS-e820: [mem 0x00000000fed1c000-0x00000000fed1ffff] reserved
[STDOUT  ] 2017-11-15T17:41:44.778021797Z: [    0.000000] BIOS-e820: [mem 0x00000000fffc0000-0x00000000ffffffff] reserved
[STDOUT  ] 2017-11-15T17:41:44.778206677Z: [    0.000000] NX (Execute Disable) protection: active
[STDOUT  ] 2017-11-15T17:41:44.778416855Z: [    0.000000] SMBIOS 2.8 present.
[STDOUT  ] 2017-11-15T17:41:44.77859746Z: [    0.000000] e820: last_pfn = 0x3ffdf max_arch_pfn = 0x400000000
[STDOUT  ] 2017-11-15T17:41:44.778785845Z: [    0.000000] x86/PAT: Configuration [0-7]: WB  WC  UC- UC  WB  WC  UC- WT  
[STDOUT  ] 2017-11-15T17:41:44.779192819Z: [    0.000000] found SMP MP-table at [mem 0x000f6aa0-0x000f6aaf] mapped at [ffff8f26400f6aa0]
[STDOUT  ] 2017-11-15T17:41:44.779356362Z: [    0.000000] RAMDISK: [mem 0x3e743000-0x3ffcffff]
[STDOUT  ] 2017-11-15T17:41:44.779587625Z: [    0.000000] ACPI: Early table checksum verification disabled
[STDOUT  ] 2017-11-15T17:41:44.779752474Z: [    0.000000] ACPI: RSDP 0x00000000000F68C0 000014 (v00 BOCHS )
[STDOUT  ] 2017-11-15T17:41:44.779987197Z: [    0.000000] ACPI: RSDT 0x000000003FFE2404 000034 (v01 BOCHS  BXPCRSDT 00000001 BXPC 00000001)
[STDOUT  ] 2017-11-15T17:41:44.780303162Z: [    0.000000] ACPI: FACP 0x000000003FFE22A4 000074 (v01 BOCHS  BXPCFACP 00000001 BXPC 00000001)
[STDOUT  ] 2017-11-15T17:41:44.780522033Z: [    0.000000] ACPI: DSDT 0x000000003FFE0040 002264 (v01 BOCHS  BXPCDSDT 00000001 BXPC 00000001)
[STDOUT  ] 2017-11-15T17:41:44.780716255Z: [    0.000000] ACPI: FACS 0x000000003FFE0000 000040
[STDOUT  ] 2017-11-15T17:41:44.7810043Z: [    0.000000] ACPI: APIC 0x000000003FFE2318 000078 (v01 BOCHS  BXPCAPIC 00000001 BXPC 00000001)
[STDOUT  ] 2017-11-15T17:41:44.781258886Z: [    0.000000] ACPI: HPET 0x000000003FFE2390 000038 (v01 BOCHS  BXPCHPET 00000001 BXPC 00000001)
[STDOUT  ] 2017-11-15T17:41:44.781559673Z: [    0.000000] ACPI: MCFG 0x000000003FFE23C8 00003C (v01 BOCHS  BXPCMCFG 00000001 BXPC 00000001)
[STDOUT  ] 2017-11-15T17:41:44.781742748Z: [    0.000000] Zone ranges:
[STDOUT  ] 2017-11-15T17:41:44.781903471Z: [    0.000000]   DMA      [mem 0x0000000000001000-0x0000000000ffffff]
[STDOUT  ] 2017-11-15T17:41:44.782136888Z: [    0.000000]   DMA32    [mem 0x0000000001000000-0x000000003ffdefff]
[STDOUT  ] 2017-11-15T17:41:44.782320573Z: [    0.000000]   Normal   empty
[STDOUT  ] 2017-11-15T17:41:44.782553092Z: [    0.000000] Movable zone start for each node
[STDOUT  ] 2017-11-15T17:41:44.782570135Z: [    0.000000] Early memory node ranges
[STDOUT  ] 2017-11-15T17:41:44.782795704Z: [    0.000000]   node   0: [mem 0x0000000000001000-0x000000000009efff]
[STDOUT  ] 2017-11-15T17:41:44.783055256Z: [    0.000000]   node   0: [mem 0x0000000000100000-0x000000003ffdefff]
[STDOUT  ] 2017-11-15T17:41:44.783304572Z: [    0.000000] Initmem setup node 0 [mem 0x0000000000001000-0x000000003ffdefff]
[STDOUT  ] 2017-11-15T17:41:44.783421782Z: [    0.000000] ACPI: PM-Timer IO Port: 0x608
[STDOUT  ] 2017-11-15T17:41:44.783579423Z: [    0.000000] ACPI: LAPIC_NMI (acpi_id[0xff] dfl dfl lint[0x1])
[STDOUT  ] 2017-11-15T17:41:44.783903029Z: [    0.000000] IOAPIC[0]: apic_id 0, version 32, address 0xfec00000, GSI 0-23
[STDOUT  ] 2017-11-15T17:41:44.784145974Z: [    0.000000] ACPI: INT_SRC_OVR (bus 0 bus_irq 0 global_irq 2 dfl dfl)
[STDOUT  ] 2017-11-15T17:41:44.78425292Z: [    0.000000] ACPI: INT_SRC_OVR (bus 0 bus_irq 5 global_irq 5 high level)
[STDOUT  ] 2017-11-15T17:41:44.784528865Z: [    0.000000] ACPI: INT_SRC_OVR (bus 0 bus_irq 9 global_irq 9 high level)
[STDOUT  ] 2017-11-15T17:41:44.78470935Z: [    0.000000] ACPI: INT_SRC_OVR (bus 0 bus_irq 10 global_irq 10 high level)
[STDOUT  ] 2017-11-15T17:41:44.785083324Z: [    0.000000] ACPI: INT_SRC_OVR (bus 0 bus_irq 11 global_irq 11 high level)
[STDOUT  ] 2017-11-15T17:41:44.785176756Z: [    0.000000] Using ACPI (MADT) for SMP configuration information
[STDOUT  ] 2017-11-15T17:41:44.785435111Z: [    0.000000] ACPI: HPET id: 0x8086a201 base: 0xfed00000
[STDOUT  ] 2017-11-15T17:41:44.785601997Z: [    0.000000] smpboot: Allowing 1 CPUs, 0 hotplug CPUs
[STDOUT  ] 2017-11-15T17:41:44.785776797Z: [    0.000000] e820: [mem 0x40000000-0xafffffff] available for PCI devices
[STDOUT  ] 2017-11-15T17:41:44.785994849Z: [    0.000000] Booting paravirtualized kernel on bare hardware
[STDOUT  ] 2017-11-15T17:41:44.786408899Z: [    0.000000] clocksource: refined-jiffies: mask: 0xffffffff max_cycles: 0xffffffff, max_idle_ns: 19112604462750000 ns
[STDOUT  ] 2017-11-15T17:41:44.786647173Z: [    0.000000] setup_percpu: NR_CPUS:128 nr_cpumask_bits:128 nr_cpu_ids:1 nr_node_ids:1
[STDOUT  ] 2017-11-15T17:41:44.786887021Z: [    0.000000] percpu: Embedded 35 pages/cpu @ffff8f267e400000 s105112 r8192 d30056 u2097152
[STDOUT  ] 2017-11-15T17:41:44.787143994Z: [    0.000000] Built 1 zonelists in Zone order, mobility grouping on.  Total pages: 257896
[STDOUT  ] 2017-11-15T17:41:44.787328501Z: [    0.000000] Kernel command line: console=ttyS0 page_poison=1
[STDOUT  ] 2017-11-15T17:41:44.787541071Z: [    0.000000] PID hash table entries: 4096 (order: 3, 32768 bytes)
[STDOUT  ] 2017-11-15T17:41:44.787826917Z: [    0.000000] Dentry cache hash table entries: 131072 (order: 8, 1048576 bytes)
[STDOUT  ] 2017-11-15T17:41:44.788156431Z: [    0.000000] Inode-cache hash table entries: 65536 (order: 7, 524288 bytes)
[STDOUT  ] 2017-11-15T17:41:44.788544992Z: [    0.000000] Memory: 989032K/1048052K available (8048K kernel code, 1367K rwdata, 2700K rodata, 1380K init, 568K bss, 59020K reserved, 0K cma-reserved)
[STDOUT  ] 2017-11-15T17:41:44.788668054Z: [    0.000000] Hierarchical RCU implementation.
[STDOUT  ] 2017-11-15T17:41:44.788929686Z: [    0.000000] 	Build-time adjustment of leaf fanout to 64.
[STDOUT  ] 2017-11-15T17:41:44.789170881Z: [    0.000000] 	RCU restricting CPUs from NR_CPUS=128 to nr_cpu_ids=1.
[STDOUT  ] 2017-11-15T17:41:44.789381882Z: [    0.000000] RCU: Adjusting geometry for rcu_fanout_leaf=64, nr_cpu_ids=1
[STDOUT  ] 2017-11-15T17:41:44.789495804Z: [    0.000000] NR_IRQS:8448 nr_irqs:256 16
[STDOUT  ] 2017-11-15T17:41:44.789598407Z: [    0.000000] Console: colour VGA+ 80x25
[STDOUT  ] 2017-11-15T17:41:44.789928051Z: [    0.000000] console [ttyS0] enabled
[STDOUT  ] 2017-11-15T17:41:44.792131353Z: [    0.000000] allocated 2097152 bytes of page_ext
[STDOUT  ] 2017-11-15T17:41:44.795397923Z: [    0.000000] clocksource: hpet: mask: 0xffffffff max_cycles: 0xffffffff, max_idle_ns: 19112604467 ns
[STDOUT  ] 2017-11-15T17:41:44.836399789Z: [    0.000000] tsc: Fast TSC calibration using PIT
[STDOUT  ] 2017-11-15T17:41:44.842155942Z: [    0.000000] tsc: Detected 2600.004 MHz processor
[STDOUT  ] 2017-11-15T17:41:44.844772803Z: [    0.021410] Calibrating delay loop (skipped), value calculated using timer frequency.. 5200.00 BogoMIPS (lpj=26000040)
[STDOUT  ] 2017-11-15T17:41:44.845368784Z: [    0.022713] pid_max: default: 32768 minimum: 301
[STDOUT  ] 2017-11-15T17:41:44.846994117Z: [    0.024023] ACPI: Core revision 20160831
[STDOUT  ] 2017-11-15T17:41:44.891862211Z: [    0.074524] ACPI: 1 ACPI AML tables successfully acquired and loaded
[STDOUT  ] 2017-11-15T17:41:44.896542425Z: [    0.079439] Security Framework initialized
[STDOUT  ] 2017-11-15T17:41:44.897345584Z: [    0.080132] Yama: becoming mindful.
[STDOUT  ] 2017-11-15T17:41:44.900358325Z: [    0.083003] Mount-cache hash table entries: 2048 (order: 2, 16384 bytes)
[STDOUT  ] 2017-11-15T17:41:44.901160402Z: [    0.083652] Mountpoint-cache hash table entries: 2048 (order: 2, 16384 bytes)
[STDOUT  ] 2017-11-15T17:41:44.922269543Z: [    0.104872] Last level iTLB entries: 4KB 0, 2MB 0, 4MB 0
[STDOUT  ] 2017-11-15T17:41:44.92285554Z: [    0.105407] Last level dTLB entries: 4KB 0, 2MB 0, 4MB 0, 1GB 0
[STDOUT  ] 2017-11-15T17:41:45.229468869Z: [    0.412277] Freeing SMP alternatives memory: 20K
[STDOUT  ] 2017-11-15T17:41:45.240763591Z: [    0.423165] ftrace: allocating 35542 entries in 139 pages
[STDOUT  ] 2017-11-15T17:41:45.536562939Z: [    0.589306] smpboot: Max logical packages: 1
[STDOUT  ] 2017-11-15T17:41:45.543941825Z: [    0.596515] ..TIMER: vector=0x30 apic1=0 pin1=2 apic2=-1 pin2=-1
[STDOUT  ] 2017-11-15T17:41:45.758550478Z: [    0.700000] smpboot: CPU0: AMD QEMU Virtual CPU version 2.5+ (family: 0x6, model: 0x6, stepping: 0x3)
[STDOUT  ] 2017-11-15T17:41:45.760185969Z: [    0.700000] Performance Events: PMU not available due to virtualization, using software events only.
[STDOUT  ] 2017-11-15T17:41:45.776957619Z: [    0.708997] NMI watchdog: disabled (cpu0): hardware events not enabled
[STDOUT  ] 2017-11-15T17:41:45.777639777Z: [    0.709510] NMI watchdog: Shutting down hard lockup detector on all cpus
[STDOUT  ] 2017-11-15T17:41:45.78159782Z: [    0.713463] x86: Booted up 1 node, 1 CPUs
[STDOUT  ] 2017-11-15T17:41:45.782039492Z: [    0.713914] smpboot: Total of 1 processors activated (5200.00 BogoMIPS)
[STDOUT  ] 2017-11-15T17:41:45.796360625Z: [    0.728212] devtmpfs: initialized
[STDOUT  ] 2017-11-15T17:41:45.803224054Z: [    0.735545] x86/mm: Memory block size: 128MB
[STDOUT  ] 2017-11-15T17:41:45.866420693Z: [    0.797820] clocksource: jiffies: mask: 0xffffffff max_cycles: 0xffffffff, max_idle_ns: 19112604462750000 ns
[STDOUT  ] 2017-11-15T17:41:45.866998433Z: [    0.798791] futex hash table entries: 256 (order: 2, 16384 bytes)
[STDOUT  ] 2017-11-15T17:41:45.876362736Z: [    0.808438] NET: Registered protocol family 16
[STDOUT  ] 2017-11-15T17:41:45.88555117Z: [    0.817908] cpuidle: using governor ladder
[STDOUT  ] 2017-11-15T17:41:45.886109769Z: [    0.818380] cpuidle: using governor menu
[STDOUT  ] 2017-11-15T17:41:45.887368085Z: [    0.819652] ACPI: bus type PCI registered
[STDOUT  ] 2017-11-15T17:41:45.890682807Z: [    0.822455] PCI: MMCONFIG for domain 0000 [bus 00-ff] at [mem 0xb0000000-0xbfffffff] (base 0xb0000000)
[STDOUT  ] 2017-11-15T17:41:45.891427895Z: [    0.823410] PCI: MMCONFIG at [mem 0xb0000000-0xbfffffff] reserved in E820
[STDOUT  ] 2017-11-15T17:41:45.893310471Z: [    0.825329] PCI: Using configuration type 1 for base access
[STDOUT  ] 2017-11-15T17:41:45.949034465Z: [    0.881247] HugeTLB registered 2 MB page size, pre-allocated 0 pages
[STDOUT  ] 2017-11-15T17:41:45.960567069Z: [    0.892809] ACPI: Added _OSI(Module Device)
[STDOUT  ] 2017-11-15T17:41:45.960753541Z: [    0.893136] ACPI: Added _OSI(Processor Device)
[STDOUT  ] 2017-11-15T17:41:45.961055294Z: [    0.893412] ACPI: Added _OSI(3.0 _SCP Extensions)
[STDOUT  ] 2017-11-15T17:41:45.961366088Z: [    0.893712] ACPI: Added _OSI(Processor Aggregator Device)
[STDOUT  ] 2017-11-15T17:41:46.039464574Z: [    0.971463] ACPI: Interpreter enabled
[STDOUT  ] 2017-11-15T17:41:46.040367171Z: [    0.972435] ACPI: (supports S0 S5)
[STDOUT  ] 2017-11-15T17:41:46.040646787Z: [    0.972808] ACPI: Using IOAPIC for interrupt routing
[STDOUT  ] 2017-11-15T17:41:46.043855945Z: [    0.975663] PCI: Using host bridge windows from ACPI; if necessary, use "pci=nocrs" and report a bug
[STDOUT  ] 2017-11-15T17:41:46.106467557Z: [    1.038615] ACPI: PCI Root Bridge [PCI0] (domain 0000 [bus 00-ff])
[STDOUT  ] 2017-11-15T17:41:46.107944235Z: [    1.039733] acpi PNP0A08:00: _OSC: OS supports [ExtendedConfig ASPM ClockPM Segments MSI]
[STDOUT  ] 2017-11-15T17:41:46.114901218Z: [    1.046391] acpi PNP0A08:00: _OSC: OS now controls [PCIeHotplug PME PCIeCapability]
[STDOUT  ] 2017-11-15T17:41:46.118519979Z: [    1.050772] PCI host bridge to bus 0000:00
[STDOUT  ] 2017-11-15T17:41:46.119141979Z: [    1.051254] pci_bus 0000:00: root bus resource [io  0x0000-0x0cf7 window]
[STDOUT  ] 2017-11-15T17:41:46.11949745Z: [    1.051711] pci_bus 0000:00: root bus resource [io  0x0d00-0xffff window]
[STDOUT  ] 2017-11-15T17:41:46.119966361Z: [    1.052149] pci_bus 0000:00: root bus resource [mem 0x000a0000-0x000bffff window]
[STDOUT  ] 2017-11-15T17:41:46.120413867Z: [    1.052611] pci_bus 0000:00: root bus resource [mem 0xc0000000-0xfebfffff window]
[STDOUT  ] 2017-11-15T17:41:46.120979448Z: [    1.053267] pci_bus 0000:00: root bus resource [bus 00-ff]
[STDOUT  ] 2017-11-15T17:41:46.227260175Z: [    1.158395] pci 0000:00:1f.0: quirk: [io  0x0600-0x067f] claimed by ICH6 ACPI/GPIO/TCO
[STDOUT  ] 2017-11-15T17:41:46.288269932Z: [    1.220121] ACPI: PCI Interrupt Link [LNKA] (IRQs 5 *10 11)
[STDOUT  ] 2017-11-15T17:41:46.291069196Z: [    1.223027] ACPI: PCI Interrupt Link [LNKB] (IRQs 5 *10 11)
[STDOUT  ] 2017-11-15T17:41:46.293457947Z: [    1.225496] ACPI: PCI Interrupt Link [LNKC] (IRQs 5 10 *11)
[STDOUT  ] 2017-11-15T17:41:46.295832386Z: [    1.227919] ACPI: PCI Interrupt Link [LNKD] (IRQs 5 10 *11)
[STDOUT  ] 2017-11-15T17:41:46.298201438Z: [    1.229770] ACPI: PCI Interrupt Link [LNKE] (IRQs 5 *10 11)
[STDOUT  ] 2017-11-15T17:41:46.300226725Z: [    1.231770] ACPI: PCI Interrupt Link [LNKF] (IRQs 5 *10 11)
[STDOUT  ] 2017-11-15T17:41:46.302076164Z: [    1.233739] ACPI: PCI Interrupt Link [LNKG] (IRQs 5 10 *11)
[STDOUT  ] 2017-11-15T17:41:46.303961659Z: [    1.235646] ACPI: PCI Interrupt Link [LNKH] (IRQs 5 10 *11)
[STDOUT  ] 2017-11-15T17:41:46.304941053Z: [    1.236640] ACPI: PCI Interrupt Link [GSIA] (IRQs *16)
[STDOUT  ] 2017-11-15T17:41:46.305595659Z: [    1.237485] ACPI: PCI Interrupt Link [GSIB] (IRQs *17)
[STDOUT  ] 2017-11-15T17:41:46.30643209Z: [    1.238236] ACPI: PCI Interrupt Link [GSIC] (IRQs *18)
[STDOUT  ] 2017-11-15T17:41:46.3072716Z: [    1.238998] ACPI: PCI Interrupt Link [GSID] (IRQs *19)
[STDOUT  ] 2017-11-15T17:41:46.308303935Z: [    1.240223] ACPI: PCI Interrupt Link [GSIE] (IRQs *20)
[STDOUT  ] 2017-11-15T17:41:46.30912437Z: [    1.241097] ACPI: PCI Interrupt Link [GSIF] (IRQs *21)
[STDOUT  ] 2017-11-15T17:41:46.309972151Z: [    1.241942] ACPI: PCI Interrupt Link [GSIG] (IRQs *22)
[STDOUT  ] 2017-11-15T17:41:46.310672857Z: [    1.242789] ACPI: PCI Interrupt Link [GSIH] (IRQs *23)
[STDOUT  ] 2017-11-15T17:41:46.314580272Z: [    1.246511] ACPI: Enabled 2 GPEs in block 00 to 3F
[STDOUT  ] 2017-11-15T17:41:46.318714383Z: [    1.251121] SCSI subsystem initialized
[STDOUT  ] 2017-11-15T17:41:46.320623721Z: [    1.252991] ACPI: bus type USB registered
[STDOUT  ] 2017-11-15T17:41:46.321857447Z: [    1.254110] usbcore: registered new interface driver usbfs
[STDOUT  ] 2017-11-15T17:41:46.322839554Z: [    1.255087] usbcore: registered new interface driver hub
[STDOUT  ] 2017-11-15T17:41:46.323677241Z: [    1.255962] usbcore: registered new device driver usb
[STDOUT  ] 2017-11-15T17:41:46.324967119Z: [    1.257206] pps_core: LinuxPPS API ver. 1 registered
[STDOUT  ] 2017-11-15T17:41:46.325476869Z: [    1.257532] pps_core: Software ver. 5.3.6 - Copyright 2005-2007 Rodolfo Giometti <giometti@linux.it>
[STDOUT  ] 2017-11-15T17:41:46.326072512Z: [    1.258313] PTP clock support registered
[STDOUT  ] 2017-11-15T17:41:46.32722912Z: [    1.259627] wmi: Mapper loaded
[STDOUT  ] 2017-11-15T17:41:46.32861793Z: [    1.260834] PCI: Using ACPI for IRQ routing
[STDOUT  ] 2017-11-15T17:41:46.346591087Z: [    1.278814] NetLabel: Initializing
[STDOUT  ] 2017-11-15T17:41:46.347107524Z: [    1.279104] NetLabel:  domain hash size = 128
[STDOUT  ] 2017-11-15T17:41:46.347482892Z: [    1.279651] NetLabel:  protocols = UNLABELED CIPSOv4
[STDOUT  ] 2017-11-15T17:41:46.350757141Z: [    1.282563] NetLabel:  unlabeled traffic allowed by default
[STDOUT  ] 2017-11-15T17:41:46.352037773Z: [    1.283814] HPET: 3 timers in total, 0 timers will be used for per-cpu timer
[STDOUT  ] 2017-11-15T17:41:46.353019404Z: [    1.284670] hpet0: at MMIO 0xfed00000, IRQs 2, 8, 0
[STDOUT  ] 2017-11-15T17:41:46.353417067Z: [    1.285290] hpet0: 3 comparators, 64-bit 100.000000 MHz counter
[STDOUT  ] 2017-11-15T17:41:46.358736153Z: [    1.291033] clocksource: Switched to clocksource hpet
[STDOUT  ] 2017-11-15T17:41:46.643133553Z: [    1.574563] VFS: Disk quotas dquot_6.6.0
[STDOUT  ] 2017-11-15T17:41:46.643875674Z: [    1.575352] VFS: Dquot-cache hash table entries: 512 (order 0, 4096 bytes)
[STDOUT  ] 2017-11-15T17:41:46.647728011Z: [    1.579264] FS-Cache: Loaded
[STDOUT  ] 2017-11-15T17:41:46.653162546Z: [    1.584780] CacheFiles: Loaded
[STDOUT  ] 2017-11-15T17:41:46.654858413Z: [    1.586500] pnp: PnP ACPI init
[STDOUT  ] 2017-11-15T17:41:46.666491292Z: [    1.597872] pnp: PnP ACPI: found 5 devices
[STDOUT  ] 2017-11-15T17:41:46.715880341Z: [    1.647104] clocksource: acpi_pm: mask: 0xffffff max_cycles: 0xffffff, max_idle_ns: 2085701024 ns
[STDOUT  ] 2017-11-15T17:41:46.720040186Z: [    1.651516] NET: Registered protocol family 2
[STDOUT  ] 2017-11-15T17:41:46.727473096Z: [    1.658827] TCP established hash table entries: 8192 (order: 4, 65536 bytes)
[STDOUT  ] 2017-11-15T17:41:46.728601898Z: [    1.659737] TCP bind hash table entries: 8192 (order: 5, 131072 bytes)
[STDOUT  ] 2017-11-15T17:41:46.729672024Z: [    1.661014] TCP: Hash tables configured (established 8192 bind 8192)
[STDOUT  ] 2017-11-15T17:41:46.731532493Z: [    1.662978] UDP hash table entries: 512 (order: 2, 16384 bytes)
[STDOUT  ] 2017-11-15T17:41:46.732162749Z: [    1.663543] UDP-Lite hash table entries: 512 (order: 2, 16384 bytes)
[STDOUT  ] 2017-11-15T17:41:46.734460032Z: [    1.665937] NET: Registered protocol family 1
[STDOUT  ] 2017-11-15T17:41:46.735670967Z: [    1.666970] pci 0000:00:01.0: Video device with shadowed ROM at [mem 0x000c0000-0x000dffff]
[STDOUT  ] 2017-11-15T17:41:46.744165748Z: [    1.675641] Unpacking initramfs...
[STDOUT  ] 2017-11-15T17:41:50.067382713Z: [    4.998757] Freeing initrd memory: 25140K
[STDOUT  ] 2017-11-15T17:41:50.092682911Z: [    5.024131] PCLMULQDQ-NI instructions are not detected.
[STDOUT  ] 2017-11-15T17:41:50.094067032Z: [    5.025566] AVX or AES-NI instructions are not detected.
[STDOUT  ] 2017-11-15T17:41:50.094550026Z: [    5.026055] CPU feature 'AVX registers' is not supported.
[STDOUT  ] 2017-11-15T17:41:50.095015919Z: [    5.026471] CPU feature 'AVX registers' is not supported.
[STDOUT  ] 2017-11-15T17:41:50.095579548Z: [    5.026927] CPU feature 'AVX registers' is not supported.
[STDOUT  ] 2017-11-15T17:41:50.095995499Z: [    5.027384] CPU feature 'AVX registers' is not supported.
[STDOUT  ] 2017-11-15T17:41:50.09640526Z: [    5.027805] AVX2 or AES-NI instructions are not detected.
[STDOUT  ] 2017-11-15T17:41:50.096811241Z: [    5.028264] AVX2 instructions are not detected.
[STDOUT  ] 2017-11-15T17:41:50.102832641Z: [    5.034260] audit: initializing netlink subsys (disabled)
[STDOUT  ] 2017-11-15T17:41:50.104536602Z: [    5.035878] audit: type=2000 audit(1510767709.030:1): initialized
[STDOUT  ] 2017-11-15T17:41:50.112887681Z: [    5.044149] workingset: timestamp_bits=46 max_order=18 bucket_order=0
[STDOUT  ] 2017-11-15T17:41:50.11719205Z: [    5.048663] squashfs: version 4.0 (2009/01/31) Phillip Lougher
[STDOUT  ] 2017-11-15T17:41:50.121364277Z: [    5.052838] FS-Cache: Netfs 'cifs' registered for caching
[STDOUT  ] 2017-11-15T17:41:50.122233334Z: [    5.053893] fuse init (API version 7.26)
[STDOUT  ] 2017-11-15T17:41:50.125274866Z: [    5.056754] SGI XFS with ACLs, security attributes, no debug enabled
[STDOUT  ] 2017-11-15T17:41:50.129678275Z: [    5.061122] 9p: Installing v9fs 9p2000 file system support
[STDOUT  ] 2017-11-15T17:41:50.130138885Z: [    5.061661] FS-Cache: Netfs '9p' registered for caching
[STDOUT  ] 2017-11-15T17:41:50.165466462Z: [    5.096901] NET: Registered protocol family 38
[STDOUT  ] 2017-11-15T17:41:50.166028133Z: [    5.097532] Key type asymmetric registered
[STDOUT  ] 2017-11-15T17:41:50.166527117Z: [    5.097935] Asymmetric key parser 'x509' registered
[STDOUT  ] 2017-11-15T17:41:50.167754772Z: [    5.099079] Block layer SCSI generic (bsg) driver version 0.4 loaded (major 251)
[STDOUT  ] 2017-11-15T17:41:50.1701574Z: [    5.101647] io scheduler noop registered
[STDOUT  ] 2017-11-15T17:41:50.170660946Z: [    5.102028] io scheduler deadline registered (default)
[STDOUT  ] 2017-11-15T17:41:50.171678219Z: [    5.103118] io scheduler cfq registered
[STDOUT  ] 2017-11-15T17:41:50.174323915Z: [    5.105827] pci_hotplug: PCI Hot Plug PCI Core version: 0.5
[STDOUT  ] 2017-11-15T17:41:50.17511967Z: [    5.106485] pciehp: PCI Express Hot Plug Controller Driver version: 0.4
[STDOUT  ] 2017-11-15T17:41:50.175923779Z: [    5.107368] shpchp: Standard Hot Plug PCI Controller Driver version: 0.4
[STDOUT  ] 2017-11-15T17:41:50.176715382Z: [    5.108193] hv_vmbus: registering driver hyperv_fb
[STDOUT  ] 2017-11-15T17:41:50.181361725Z: [    5.112627] input: Power Button as /devices/LNXSYSTM:00/LNXPWRBN:00/input/input0
[STDOUT  ] 2017-11-15T17:41:50.182275332Z: [    5.113755] ACPI: Power Button [PWRF]
[STDOUT  ] 2017-11-15T17:41:50.186869598Z: [    5.118471] GHES: HEST is not enabled!
[STDOUT  ] 2017-11-15T17:41:50.199179397Z: [    5.130006] ACPI: PCI Interrupt Link [GSIG] enabled at IRQ 22
[STDOUT  ] 2017-11-15T17:41:50.212241628Z: [    5.143500] ACPI: PCI Interrupt Link [GSIH] enabled at IRQ 23
[STDOUT  ] 2017-11-15T17:41:50.218095689Z: [    5.149360] xenfs: not registering filesystem on non-xen platform
[STDOUT  ] 2017-11-15T17:41:50.220653513Z: [    5.152080] Serial: 8250/16550 driver, 4 ports, IRQ sharing disabled
[STDOUT  ] 2017-11-15T17:41:50.245603798Z: [    5.176850] 00:04: ttyS0 at I/O 0x3f8 (irq = 4, base_baud = 115200) is a 16550A
[STDOUT  ] 2017-11-15T17:41:50.257832689Z: [    5.189270] Non-volatile memory driver v1.3
[STDOUT  ] 2017-11-15T17:41:50.264319052Z: [    5.195638] Hangcheck: starting hangcheck timer 0.9.1 (tick is 180 seconds, margin is 60 seconds).
[STDOUT  ] 2017-11-15T17:41:50.269369344Z: [    5.200873] random: fast init done
[STDOUT  ] 2017-11-15T17:41:50.270519727Z: [    5.202146] random: crng init done
[STDOUT  ] 2017-11-15T17:41:50.304424706Z: [    5.236019] loop: module loaded
[STDOUT  ] 2017-11-15T17:41:50.320937422Z: [    5.252343] nbd: registered device at major 43
[STDOUT  ] 2017-11-15T17:41:50.364379511Z: [    5.295655] lpc_ich 0000:00:1f.0: I/O space for GPIO uninitialized
[STDOUT  ] 2017-11-15T17:41:50.366638166Z: [    5.298083] VMware PVSCSI driver - version 1.0.7.0-k
[STDOUT  ] 2017-11-15T17:41:50.367530127Z: [    5.299046] hv_vmbus: registering driver hv_storvsc
[STDOUT  ] 2017-11-15T17:41:50.377872186Z: [    5.309270] ACPI: PCI Interrupt Link [GSIA] enabled at IRQ 16
[STDOUT  ] 2017-11-15T17:41:50.385988373Z: [    5.317229] ahci 0000:00:1f.2: AHCI 0001.0000 32 slots 6 ports 1.5 Gbps 0x3f impl SATA mode
[STDOUT  ] 2017-11-15T17:41:50.386575946Z: [    5.317941] ahci 0000:00:1f.2: flags: 64bit ncq only 
[STDOUT  ] 2017-11-15T17:41:50.407279313Z: [    5.338907] scsi host0: ahci
[STDOUT  ] 2017-11-15T17:41:50.412877492Z: [    5.344398] scsi host1: ahci
[STDOUT  ] 2017-11-15T17:41:50.415200352Z: [    5.346823] scsi host2: ahci
[STDOUT  ] 2017-11-15T17:41:50.417449076Z: [    5.349072] scsi host3: ahci
[STDOUT  ] 2017-11-15T17:41:50.420139072Z: [    5.351612] scsi host4: ahci
[STDOUT  ] 2017-11-15T17:41:50.422304331Z: [    5.353932] scsi host5: ahci
[STDOUT  ] 2017-11-15T17:41:50.424426862Z: [    5.355750] ata1: SATA max UDMA/133 abar m4096@0xfebd2000 port 0xfebd2100 irq 24
[STDOUT  ] 2017-11-15T17:41:50.42496346Z: [    5.356270] ata2: SATA max UDMA/133 abar m4096@0xfebd2000 port 0xfebd2180 irq 24
[STDOUT  ] 2017-11-15T17:41:50.425447219Z: [    5.356765] ata3: SATA max UDMA/133 abar m4096@0xfebd2000 port 0xfebd2200 irq 24
[STDOUT  ] 2017-11-15T17:41:50.425830578Z: [    5.357234] ata4: SATA max UDMA/133 abar m4096@0xfebd2000 port 0xfebd2280 irq 24
[STDOUT  ] 2017-11-15T17:41:50.426384889Z: [    5.357713] ata5: SATA max UDMA/133 abar m4096@0xfebd2000 port 0xfebd2300 irq 24
[STDOUT  ] 2017-11-15T17:41:50.426882202Z: [    5.358197] ata6: SATA max UDMA/133 abar m4096@0xfebd2000 port 0xfebd2380 irq 24
[STDOUT  ] 2017-11-15T17:41:50.440027724Z: [    5.371485] tun: Universal TUN/TAP device driver, 1.6
[STDOUT  ] 2017-11-15T17:41:50.440709243Z: [    5.372027] tun: (C) 1999-2004 Max Krasnyansky <maxk@qualcomm.com>
[STDOUT  ] 2017-11-15T17:41:50.451514146Z: [    5.382849] VMware vmxnet3 virtual NIC driver - version 1.4.a.0-k-NAPI
[STDOUT  ] 2017-11-15T17:41:50.452384258Z: [    5.383853] hv_vmbus: registering driver hv_netvsc
[STDOUT  ] 2017-11-15T17:41:50.452738604Z: [    5.384210] Fusion MPT base driver 3.04.20
[STDOUT  ] 2017-11-15T17:41:50.453070854Z: [    5.384520] Copyright (c) 1999-2008 LSI Corporation
[STDOUT  ] 2017-11-15T17:41:50.453668721Z: [    5.385180] Fusion MPT SPI Host driver 3.04.20
[STDOUT  ] 2017-11-15T17:41:50.455919954Z: [    5.387225] i8042: PNP: PS/2 Controller [PNP0303:KBD,PNP0f13:MOU] at 0x60,0x64 irq 1,12
[STDOUT  ] 2017-11-15T17:41:50.460164924Z: [    5.391621] serio: i8042 KBD port at 0x60,0x64 irq 1
[STDOUT  ] 2017-11-15T17:41:50.460765209Z: [    5.392291] serio: i8042 AUX port at 0x60,0x64 irq 12
[STDOUT  ] 2017-11-15T17:41:50.463894151Z: [    5.395339] hv_vmbus: registering driver hyperv_keyboard
[STDOUT  ] 2017-11-15T17:41:50.466064918Z: [    5.397558] mousedev: PS/2 mouse device common for all mice
[STDOUT  ] 2017-11-15T17:41:50.4716263Z: [    5.402925] input: AT Translated Set 2 keyboard as /devices/platform/i8042/serio0/input/input1
[STDOUT  ] 2017-11-15T17:41:50.47424724Z: [    5.405746] input: PC Speaker as /devices/platform/pcspkr/input/input2
[STDOUT  ] 2017-11-15T17:41:50.477827899Z: [    5.409287] rtc_cmos 00:00: RTC can wake from S4
[STDOUT  ] 2017-11-15T17:41:50.481935938Z: [    5.413413] rtc_cmos 00:00: rtc core: registered rtc_cmos as rtc0
[STDOUT  ] 2017-11-15T17:41:50.483541615Z: [    5.414848] rtc_cmos 00:00: alarms up to one day, y3k, 114 bytes nvram, hpet irqs
[STDOUT  ] 2017-11-15T17:41:50.483934489Z: [    5.415597] i2c /dev entries driver
[STDOUT  ] 2017-11-15T17:41:50.486163231Z: [    5.417485] device-mapper: ioctl: 4.35.0-ioctl (2016-06-23) initialised: dm-devel@redhat.com
[STDOUT  ] 2017-11-15T17:41:50.49117012Z: [    5.422588] usbcore: registered new interface driver usbhid
[STDOUT  ] 2017-11-15T17:41:50.491363779Z: [    5.422982] usbhid: USB HID core driver
[STDOUT  ] 2017-11-15T17:41:50.492054715Z: [    5.423589] hv_utils: Registering HyperV Utility Driver
[STDOUT  ] 2017-11-15T17:41:50.492381556Z: [    5.423949] hv_vmbus: registering driver hv_util
[STDOUT  ] 2017-11-15T17:41:50.492681434Z: [    5.424241] hv_vmbus: registering driver hv_balloon
[STDOUT  ] 2017-11-15T17:41:50.4932775Z: [    5.424814] oprofile: using NMI interrupt.
[STDOUT  ] 2017-11-15T17:41:50.494421806Z: [    5.425977] GACT probability on
[STDOUT  ] 2017-11-15T17:41:50.494920724Z: [    5.426444] Mirror/redirect action on
[STDOUT  ] 2017-11-15T17:41:50.495862447Z: [    5.427361] Simple TC action Loaded
[STDOUT  ] 2017-11-15T17:41:50.496452573Z: [    5.428048] u32 classifier
[STDOUT  ] 2017-11-15T17:41:50.496614726Z: [    5.428222]     Performance counters on
[STDOUT  ] 2017-11-15T17:41:50.496954057Z: [    5.428493]     input device check on
[STDOUT  ] 2017-11-15T17:41:50.497115117Z: [    5.428755]     Actions configured
[STDOUT  ] 2017-11-15T17:41:50.499130042Z: [    5.429364] Netfilter messages via NETLINK v0.30.
[STDOUT  ] 2017-11-15T17:41:50.499199254Z: [    5.429977] nfnl_acct: registering with nfnetlink.
[STDOUT  ] 2017-11-15T17:41:50.501029244Z: [    5.432448] nf_conntrack version 0.5.0 (8192 buckets, 32768 max)
[STDOUT  ] 2017-11-15T17:41:50.504171942Z: [    5.435577] ctnetlink v0.93: registering with nfnetlink.
[STDOUT  ] 2017-11-15T17:41:50.507359023Z: [    5.438847] nf_tables: (c) 2007-2009 Patrick McHardy <kaber@trash.net>
[STDOUT  ] 2017-11-15T17:41:50.508527599Z: [    5.439740] nf_tables_compat: (c) 2012 Pablo Neira Ayuso <pablo@netfilter.org>
[STDOUT  ] 2017-11-15T17:41:50.511152933Z: [    5.442590] xt_time: kernel timezone is -0000
[STDOUT  ] 2017-11-15T17:41:50.511600257Z: [    5.443269] ip_set: protocol 6
[STDOUT  ] 2017-11-15T17:41:50.512427474Z: [    5.443941] IPVS: Registered protocols (TCP, UDP, SCTP, AH, ESP)
[STDOUT  ] 2017-11-15T17:41:50.513232562Z: [    5.444566] IPVS: Connection hash table configured (size=4096, memory=64Kbytes)
[STDOUT  ] 2017-11-15T17:41:50.51499676Z: [    5.446467] IPVS: Creating netns size=2104 id=0
[STDOUT  ] 2017-11-15T17:41:50.517649826Z: [    5.449115] IPVS: ipvs loaded.
[STDOUT  ] 2017-11-15T17:41:50.51800353Z: [    5.449549] IPVS: [rr] scheduler registered.
[STDOUT  ] 2017-11-15T17:41:50.518558748Z: [    5.449927] IPVS: [wrr] scheduler registered.
[STDOUT  ] 2017-11-15T17:41:50.51945839Z: [    5.450947] IPVS: [lc] scheduler registered.
[STDOUT  ] 2017-11-15T17:41:50.519780444Z: [    5.451272] IPVS: [wlc] scheduler registered.
[STDOUT  ] 2017-11-15T17:41:50.52010076Z: [    5.451585] IPVS: [fo] scheduler registered.
[STDOUT  ] 2017-11-15T17:41:50.520455273Z: [    5.451906] IPVS: [ovf] scheduler registered.
[STDOUT  ] 2017-11-15T17:41:50.520944777Z: [    5.452392] IPVS: [lblc] scheduler registered.
[STDOUT  ] 2017-11-15T17:41:50.521395732Z: [    5.452867] IPVS: [lblcr] scheduler registered.
[STDOUT  ] 2017-11-15T17:41:50.521728473Z: [    5.453209] IPVS: [dh] scheduler registered.
[STDOUT  ] 2017-11-15T17:41:50.522049751Z: [    5.453530] IPVS: [sh] scheduler registered.
[STDOUT  ] 2017-11-15T17:41:50.522376497Z: [    5.453839] IPVS: [sed] scheduler registered.
[STDOUT  ] 2017-11-15T17:41:50.522542665Z: [    5.454157] IPVS: [nq] scheduler registered.
[STDOUT  ] 2017-11-15T17:41:50.52346697Z: [    5.454924] IPVS: ftp: loaded support on port[0] = 21
[STDOUT  ] 2017-11-15T17:41:50.524432202Z: [    5.455861] ipip: IPv4 and MPLS over IPv4 tunneling driver
[STDOUT  ] 2017-11-15T17:41:50.528640894Z: [    5.460019] gre: GRE over IPv4 demultiplexor driver
[STDOUT  ] 2017-11-15T17:41:50.531786302Z: [    5.463197] ip_tables: (C) 2000-2006 Netfilter Core Team
[STDOUT  ] 2017-11-15T17:41:50.53488346Z: [    5.466369] ipt_CLUSTERIP: ClusterIP Version 0.8 loaded successfully
[STDOUT  ] 2017-11-15T17:41:50.535591846Z: [    5.467097] arp_tables: arp_tables: (C) 2002 David S. Miller
[STDOUT  ] 2017-11-15T17:41:50.537935944Z: [    5.469392] NET: Registered protocol family 10
[STDOUT  ] 2017-11-15T17:41:50.547871381Z: [    5.479253] ip6_tables: (C) 2000-2006 Netfilter Core Team
[STDOUT  ] 2017-11-15T17:41:50.556385255Z: [    5.487729] NET: Registered protocol family 17
[STDOUT  ] 2017-11-15T17:41:50.557398576Z: [    5.488902] Bridge firewalling registered
[STDOUT  ] 2017-11-15T17:41:50.55783862Z: [    5.489501] Ebtables v2.0 registered
[STDOUT  ] 2017-11-15T17:41:50.560518453Z: [    5.491993] 8021q: 802.1Q VLAN Support v1.8
[STDOUT  ] 2017-11-15T17:41:50.561975362Z: [    5.493478] 9pnet: Installing 9P2000 support
[STDOUT  ] 2017-11-15T17:41:50.563325655Z: [    5.494947] Key type dns_resolver registered
[STDOUT  ] 2017-11-15T17:41:50.564378459Z: [    5.495867] microcode: AMD CPU family 0x6 not supported
[STDOUT  ] 2017-11-15T17:41:50.567975529Z: [    5.499600] registered taskstats version 1
[STDOUT  ] 2017-11-15T17:41:50.73098369Z: [    5.662508] Key type big_key registered
[STDOUT  ] 2017-11-15T17:41:50.760197904Z: [    5.691643] ata3: SATA link up 1.5 Gbps (SStatus 113 SControl 300)
[STDOUT  ] 2017-11-15T17:41:50.766104173Z: [    5.697519] ata3.00: ATAPI: QEMU DVD-ROM, 2.5+, max UDMA/100
[STDOUT  ] 2017-11-15T17:41:50.766533399Z: [    5.698060] ata3.00: applying bridge limits
[STDOUT  ] 2017-11-15T17:41:50.768104488Z: [    5.699558] ata2: SATA link down (SStatus 0 SControl 300)
[STDOUT  ] 2017-11-15T17:41:50.769560645Z: [    5.701077] ata1: SATA link down (SStatus 0 SControl 300)
[STDOUT  ] 2017-11-15T17:41:50.770566829Z: [    5.701915] ata4: SATA link down (SStatus 0 SControl 300)
[STDOUT  ] 2017-11-15T17:41:50.7709496Z: [    5.702412] ata5: SATA link down (SStatus 0 SControl 300)
[STDOUT  ] 2017-11-15T17:41:50.773520148Z: [    5.704976] ata6: SATA link down (SStatus 0 SControl 300)
[STDOUT  ] 2017-11-15T17:41:50.774485413Z: [    5.705950] ata3.00: configured for UDMA/100
[STDOUT  ] 2017-11-15T17:41:50.797774046Z: [    5.729048] scsi 2:0:0:0: CD-ROM            QEMU     QEMU DVD-ROM     2.5+ PQ: 0 ANSI: 5
[STDOUT  ] 2017-11-15T17:41:50.821862353Z: [    5.753135] sr 2:0:0:0: [sr0] scsi3-mmc drive: 4x/4x cd/rw xa/form2 tray
[STDOUT  ] 2017-11-15T17:41:50.822402026Z: [    5.753849] cdrom: Uniform CD-ROM driver Revision: 3.20
[STDOUT  ] 2017-11-15T17:41:50.832493933Z: [    5.763959] sr 2:0:0:0: Attached scsi generic sg0 type 5
[STDOUT  ] 2017-11-15T17:41:50.886478137Z: [    5.817847] Key type encrypted registered
[STDOUT  ] 2017-11-15T17:41:50.892849721Z: [    5.824159] rtc_cmos 00:00: setting system clock to 2017-11-15 17:41:50 UTC (1510767710)
[STDOUT  ] 2017-11-15T17:41:51.041422198Z: [    5.972845] Freeing unused kernel memory: 1380K
[STDOUT  ] 2017-11-15T17:41:51.041872888Z: [    5.973253] Write protecting the kernel read-only data: 12288k
[STDOUT  ] 2017-11-15T17:41:51.049288883Z: [    5.980765] Freeing unused kernel memory: 128K
[STDOUT  ] 2017-11-15T17:41:51.139442577Z: [    6.070863] Freeing unused kernel memory: 1396K
[STDOUT  ] 2017-11-15T17:41:51.150181824Z: [    6.081432] tsc: Refined TSC clocksource calibration: 2599.995 MHz
[STDOUT  ] 2017-11-15T17:41:51.150851466Z: [    6.081979] clocksource: tsc: mask: 0xffffffffffffffff max_cycles: 0x257a376535a, max_idle_ns: 440795296166 ns
[STDOUT  ] 2017-11-15T17:41:52.162237383Z: [    7.093601] clocksource: Switched to clocksource tsc
[STDOUT  ] 2017-11-15T17:42:00.555847685Z: 
[STDOUT  ] 2017-11-15T17:42:00.556523345Z: Welcome to LinuxKit
[STDOUT  ] 2017-11-15T17:42:00.556559205Z: 
[STDOUT  ] 2017-11-15T17:42:00.557003235Z:                         ##         .
[STDOUT  ] 2017-11-15T17:42:00.55750013Z:                   ## ## ##        ==
[STDOUT  ] 2017-11-15T17:42:00.558080431Z:                ## ## ## ## ##    ===
[STDOUT  ] 2017-11-15T17:42:00.559524418Z:            /"""""""""""""""""\___/ ===
[STDOUT  ] 2017-11-15T17:42:00.559862388Z:           {                       /  ===-
[STDOUT  ] 2017-11-15T17:42:00.560348464Z:            \______ O           __/
[STDOUT  ] 2017-11-15T17:42:00.560737805Z:              \    \         __/
[STDOUT  ] 2017-11-15T17:42:00.560978475Z:               \____\_______/
[STDOUT  ] 2017-11-15T17:42:00.561140142Z: 
[STDOUT  ] 2017-11-15T17:42:01.722040821Z: container_linux.go:295: starting container process caused "process_linux.go:399: container init caused \"rootfs_linux.go:57: mounting \\\"/check.sh\\\" to rootfs \\\"/containers/onboot/000-test/rootfs\\\" at \\\"/containers/onboot/000-test/rootfs/check.sh\\\" caused \\\"open /containers/onboot/000-test/rootfs/check.sh: read-only file system\\\"\""
[STDOUT  ] 2017-11-15T17:42:01.765045224Z: 2017/11/15 17:42:01 Error creating 000-test: exit status 1
[STDOUT  ] 2017-11-15T17:42:13.144213898Z: [   28.075497] ACPI: Preparing to enter system sleep state S5
[STDOUT  ] 2017-11-15T17:42:13.145726743Z: [   28.077267] reboot: Power down
[STDERR  ] 2017-11-15T17:42:13.445403733Z: + exit 0
[STDERR  ] 2017-11-15T17:42:13.445461593Z: + clean_up
[STDERR  ] 2017-11-15T17:42:13.445477245Z: + rm -rf lsof-cmdline lsof-initrd.img lsof-kernel lsof-state
[PASS    ] linuxkit.security.ports 40.56s
