[INFO    ] 2018-01-16T10:33:44.583152385Z: Running Test linuxkit.kernel.kmod_4.14.x in /tmp/build/test/cases/020_kernel/016_kmod_4.14.x
[INFO    ] 2018-01-16T10:33:44.58326151Z: Running command: [/bin/sh -x /tmp/build/test/cases/020_kernel/016_kmod_4.14.x/test.sh]
[STDERR  ] 2018-01-16T10:33:44.58396215Z: + set -e
[STDERR  ] 2018-01-16T10:33:44.584038039Z: + . /tmp/build/test/cases/_lib/lib.sh
[STDERR  ] 2018-01-16T10:33:44.584047608Z: + [ -f src/github.com/linuxkit/rtf/lib/lib.sh ]
[STDERR  ] 2018-01-16T10:33:44.584058028Z: + LINUXKIT_TMPDIR=/tmp/build/test/cases/_tmp
[STDERR  ] 2018-01-16T10:33:44.584068012Z: + [ -f /tmp/build/test/cases/_tmp/env.sh ]
[STDERR  ] 2018-01-16T10:33:44.584079576Z: + . /tmp/build/test/cases/_tmp/env.sh
[STDERR  ] 2018-01-16T10:33:44.584093603Z: + export LINUXKIT_EXAMPLES_DIR=/tmp/build/test/cases/../../examples
[STDERR  ] 2018-01-16T10:33:44.584109963Z: + export LINUXKIT_BLUEPRINTS_DIR=/tmp/build/test/cases/../../blueprints
[STDERR  ] 2018-01-16T10:33:44.584121256Z: + RT_CANCEL=253
[STDERR  ] 2018-01-16T10:33:44.584130598Z: + NAME=kmod
[STDERR  ] 2018-01-16T10:33:44.584139725Z: + IMAGE_NAME=kmod-test
[STDERR  ] 2018-01-16T10:33:44.584148151Z: + trap clean_up EXIT
[STDERR  ] 2018-01-16T10:33:44.58415676Z: + docker pull linuxkit/kernel:4.9.76
[STDOUT  ] 2018-01-16T10:33:45.790897706Z: 4.9.76: Pulling from linuxkit/kernel
[STDOUT  ] 2018-01-16T10:33:46.156772568Z: Digest: sha256:98dfce5443fba043b080e6bc799047011a6695fe63f1de5fd513f4302ab09cee
[STDOUT  ] 2018-01-16T10:33:46.156839034Z: Status: Image is up to date for linuxkit/kernel:4.9.76
[STDERR  ] 2018-01-16T10:33:46.157761861Z: + docker build -t kmod-test .
[STDOUT  ] 2018-01-16T10:33:46.265151252Z: Sending build context to Docker daemon  8.704kB
[STDOUT  ] 2018-01-16T10:33:46.365008095Z: Step 1/12 : FROM linuxkit/kernel:4.14.13 AS ksrc
[STDOUT  ] 2018-01-16T10:33:47.489801113Z: 4.14.13: Pulling from linuxkit/kernel
[STDOUT  ] 2018-01-16T10:33:47.892663212Z: Digest: sha256:55baa7b351c27a01e4323d2874ecfc6179a3d910f583dbeadfa3417ca87f551c
[STDOUT  ] 2018-01-16T10:33:47.897996386Z: Status: Downloaded newer image for linuxkit/kernel:4.14.13
[STDOUT  ] 2018-01-16T10:33:47.898715362Z:  ---> 7b8da716e8ba
[STDOUT  ] 2018-01-16T10:33:47.898760284Z: Step 2/12 : FROM linuxkit/alpine:d307c8a386fa3f32cddda9409b9687e191cdd6f1 AS build
[STDOUT  ] 2018-01-16T10:33:47.899249319Z:  ---> 4d01d9a77113
[STDOUT  ] 2018-01-16T10:33:47.899274229Z: Step 3/12 : RUN apk add build-base libelf-dev
[STDOUT  ] 2018-01-16T10:33:47.899707238Z:  ---> Using cache
[STDOUT  ] 2018-01-16T10:33:47.899730352Z:  ---> 835777ee6592
[STDOUT  ] 2018-01-16T10:33:47.899741739Z: Step 4/12 : COPY --from=ksrc /kernel-dev.tar /
[STDOUT  ] 2018-01-16T10:33:49.733836994Z:  ---> 16c47b790a09
[STDOUT  ] 2018-01-16T10:33:49.756856665Z: Removing intermediate container d15015abc234
[STDOUT  ] 2018-01-16T10:33:49.756904005Z: Step 5/12 : RUN tar xf kernel-dev.tar
[STDOUT  ] 2018-01-16T10:33:49.831483913Z:  ---> Running in c7b8dd3b1558
[STDOUT  ] 2018-01-16T10:33:55.890503658Z:  ---> c07c4fd61267
[STDOUT  ] 2018-01-16T10:33:56.302956197Z: Removing intermediate container c7b8dd3b1558
[STDOUT  ] 2018-01-16T10:33:56.303027536Z: Step 6/12 : WORKDIR /kmod
[STDOUT  ] 2018-01-16T10:33:56.578428032Z:  ---> 46a94045be33
[STDOUT  ] 2018-01-16T10:33:56.585992798Z: Removing intermediate container fdba20d23980
[STDOUT  ] 2018-01-16T10:33:56.586097074Z: Step 7/12 : COPY ./src/* ./
[STDOUT  ] 2018-01-16T10:33:57.078401434Z:  ---> f07a88e1f8f9
[STDOUT  ] 2018-01-16T10:33:57.086198112Z: Removing intermediate container 95ccafa18c3a
[STDOUT  ] 2018-01-16T10:33:57.086256395Z: Step 8/12 : RUN make all
[STDOUT  ] 2018-01-16T10:33:57.169579406Z:  ---> Running in 85641362cb4e
[STDOUT  ] 2018-01-16T10:33:57.463274575Z: make -C /usr/src/linux-headers-4.14.13-linuxkit M=/kmod modules
[STDOUT  ] 2018-01-16T10:33:57.464638364Z: make[1]: Entering directory '/usr/src/linux-headers-4.14.13-linuxkit'
[STDOUT  ] 2018-01-16T10:33:57.503826357Z: [91mgetconf: LFS_CFLAGS: unknown variable
[STDOUT  ] 2018-01-16T10:33:57.504176159Z: [0m[91mgetconf: LFS_LDFLAGS: unknown variable
[STDOUT  ] 2018-01-16T10:33:57.504728769Z: [0m[91mgetconf: LFS_LIBS: unknown variable
[STDOUT  ] 2018-01-16T10:33:58.646339554Z: [0m  CC [M]  /kmod/hello_world.o
[STDOUT  ] 2018-01-16T10:33:58.873239113Z:   Building modules, stage 2.
[STDOUT  ] 2018-01-16T10:33:58.882084531Z:   MODPOST 1 modules
[STDOUT  ] 2018-01-16T10:33:58.896459798Z:   CC      /kmod/hello_world.mod.o
[STDOUT  ] 2018-01-16T10:33:59.088588253Z:   LD [M]  /kmod/hello_world.ko
[STDOUT  ] 2018-01-16T10:33:59.091805238Z: make[1]: Leaving directory '/usr/src/linux-headers-4.14.13-linuxkit'
[STDOUT  ] 2018-01-16T10:33:59.509476174Z:  ---> cf1e43fb0f72
[STDOUT  ] 2018-01-16T10:33:59.517313811Z: Removing intermediate container 85641362cb4e
[STDOUT  ] 2018-01-16T10:33:59.517359282Z: Step 9/12 : FROM alpine:3.7
[STDOUT  ] 2018-01-16T10:33:59.517746992Z:  ---> 3fd9065eaf02
[STDOUT  ] 2018-01-16T10:33:59.517769992Z: Step 10/12 : COPY --from=build /kmod/hello_world.ko /
[STDOUT  ] 2018-01-16T10:33:59.950370171Z:  ---> 76bcb25146c4
[STDOUT  ] 2018-01-16T10:33:59.957254027Z: Removing intermediate container 9585dead18d4
[STDOUT  ] 2018-01-16T10:33:59.957299089Z: Step 11/12 : COPY check.sh /check.sh
[STDOUT  ] 2018-01-16T10:34:00.378385247Z:  ---> c99103e9f51f
[STDOUT  ] 2018-01-16T10:34:00.385805343Z: Removing intermediate container 8df0fcd4ad3b
[STDOUT  ] 2018-01-16T10:34:00.385852562Z: Step 12/12 : ENTRYPOINT /bin/sh /check.sh
[STDOUT  ] 2018-01-16T10:34:00.468662108Z:  ---> Running in 2584b09d684a
[STDOUT  ] 2018-01-16T10:34:00.623025732Z:  ---> af1a5d01ae7c
[STDOUT  ] 2018-01-16T10:34:00.630180917Z: Removing intermediate container 2584b09d684a
[STDOUT  ] 2018-01-16T10:34:00.630235941Z: Successfully built af1a5d01ae7c
[STDOUT  ] 2018-01-16T10:34:00.634985639Z: Successfully tagged kmod-test:latest
[STDERR  ] 2018-01-16T10:34:00.672929541Z: + linuxkit build -format kernel+initrd -name kmod test.yml
[STDERR  ] 2018-01-16T10:34:00.700144401Z: Extract kernel image: linuxkit/kernel:4.14.13
[STDERR  ] 2018-01-16T10:34:01.948064404Z: time="2018-01-16T10:34:01Z" level=warning msg="certificate with CN  is near expiry"
[STDERR  ] 2018-01-16T10:34:01.948146069Z: time="2018-01-16T10:34:01Z" level=warning msg="certificate with CN  is near expiry"
[STDERR  ] 2018-01-16T10:34:01.948512329Z: time="2018-01-16T10:34:01Z" level=warning msg="certificate with CN Justin Cormack is near expiry"
[STDERR  ] 2018-01-16T10:34:01.991854888Z: time="2018-01-16T10:34:01Z" level=warning msg="certificate with CN Justin Cormack is near expiry"
[STDERR  ] 2018-01-16T10:34:02.53578858Z: Add init containers:
[STDERR  ] 2018-01-16T10:34:02.535842751Z: Process init image: linuxkit/init:f7a3d03face99e933626533a3381ae4476fbc8de
[STDERR  ] 2018-01-16T10:34:03.560840136Z: time="2018-01-16T10:34:03Z" level=warning msg="certificate with CN Justin Cormack is near expiry"
[STDERR  ] 2018-01-16T10:34:03.561014995Z: time="2018-01-16T10:34:03Z" level=warning msg="certificate with CN  is near expiry"
[STDERR  ] 2018-01-16T10:34:03.561087557Z: time="2018-01-16T10:34:03Z" level=warning msg="certificate with CN  is near expiry"
[STDERR  ] 2018-01-16T10:34:03.565075321Z: time="2018-01-16T10:34:03Z" level=warning msg="certificate with CN Justin Cormack is near expiry"
[STDERR  ] 2018-01-16T10:34:03.566733285Z: time="2018-01-16T10:34:03Z" level=warning msg="certificate with CN  is near expiry"
[STDERR  ] 2018-01-16T10:34:03.744292309Z: Process init image: linuxkit/runc:7b15b00b4e3507d62e3ed8d44dfe650561cd35ff
[STDERR  ] 2018-01-16T10:34:04.768221225Z: time="2018-01-16T10:34:04Z" level=warning msg="certificate with CN Justin Cormack is near expiry"
[STDERR  ] 2018-01-16T10:34:04.768361303Z: time="2018-01-16T10:34:04Z" level=warning msg="certificate with CN  is near expiry"
[STDERR  ] 2018-01-16T10:34:04.768460249Z: time="2018-01-16T10:34:04Z" level=warning msg="certificate with CN  is near expiry"
[STDERR  ] 2018-01-16T10:34:04.770518701Z: time="2018-01-16T10:34:04Z" level=warning msg="certificate with CN Justin Cormack is near expiry"
[STDERR  ] 2018-01-16T10:34:04.77185333Z: time="2018-01-16T10:34:04Z" level=warning msg="certificate with CN  is near expiry"
[STDERR  ] 2018-01-16T10:34:04.935488004Z: Add onboot containers:
[STDERR  ] 2018-01-16T10:34:04.935619544Z:   Create OCI config for kmod-test
[STDERR  ] 2018-01-16T10:34:05.081732666Z:   Create OCI config for linuxkit/poweroff:bccfe1cb04fc7bb9f03613d2314f38abd2620f29
[STDERR  ] 2018-01-16T10:34:07.108085789Z: time="2018-01-16T10:34:07Z" level=warning msg="certificate with CN Rolf Neugebauer is near expiry"
[STDERR  ] 2018-01-16T10:34:07.1081468Z: time="2018-01-16T10:34:07Z" level=warning msg="certificate with CN  is near expiry"
[STDERR  ] 2018-01-16T10:34:07.108181716Z: time="2018-01-16T10:34:07Z" level=warning msg="certificate with CN  is near expiry"
[STDERR  ] 2018-01-16T10:34:07.10842564Z: time="2018-01-16T10:34:07Z" level=warning msg="certificate with CN Justin Cormack is near expiry"
[STDERR  ] 2018-01-16T10:34:07.110071161Z: time="2018-01-16T10:34:07Z" level=warning msg="certificate with CN Rolf Neugebauer is near expiry"
[STDERR  ] 2018-01-16T10:34:07.110878877Z: time="2018-01-16T10:34:07Z" level=warning msg="certificate with CN  is near expiry"
[STDERR  ] 2018-01-16T10:34:07.313076467Z: Create outputs:
[STDERR  ] 2018-01-16T10:34:12.162593598Z:   kmod-kernel kmod-initrd.img kmod-cmdline
[STDERR  ] 2018-01-16T10:34:12.212625436Z: + linuxkit run kmod
[STDERR  ] 2018-01-16T10:34:12.236507407Z: Unable to find qemu-system-x86_64 within the $PATH. Using a container
[STDERR  ] 2018-01-16T10:34:34.015517998Z: + RESULT=[    0.000000] Linux version 4.14.13-linuxkit (root@1e50b326ecfa) (gcc version 6.4.0 (Alpine 6.4.0)) #1 SMP Mon Jan 15 16:45:28 UTC 2018
[STDERR  ] 2018-01-16T10:34:34.015585011Z: [    0.000000] Command line: console=ttyS0 console=ttyAMA0
[STDERR  ] 2018-01-16T10:34:34.015596489Z: [    0.000000] x86/fpu: x87 FPU will use FXSAVE
[STDERR  ] 2018-01-16T10:34:34.015607811Z: [    0.000000] e820: BIOS-provided physical RAM map:
[STDERR  ] 2018-01-16T10:34:34.015619336Z: [    0.000000] BIOS-e820: [mem 0x0000000000000000-0x000000000009fbff] usable
[STDERR  ] 2018-01-16T10:34:34.015630091Z: [    0.000000] BIOS-e820: [mem 0x000000000009fc00-0x000000000009ffff] reserved
[STDERR  ] 2018-01-16T10:34:34.015657167Z: [    0.000000] BIOS-e820: [mem 0x00000000000f0000-0x00000000000fffff] reserved
[STDERR  ] 2018-01-16T10:34:34.015695685Z: [    0.000000] BIOS-e820: [mem 0x0000000000100000-0x000000003ffdefff] usable
[STDERR  ] 2018-01-16T10:34:34.015706227Z: [    0.000000] BIOS-e820: [mem 0x000000003ffdf000-0x000000003fffffff] reserved
[STDERR  ] 2018-01-16T10:34:34.015715935Z: [    0.000000] BIOS-e820: [mem 0x00000000b0000000-0x00000000bfffffff] reserved
[STDERR  ] 2018-01-16T10:34:34.015728683Z: [    0.000000] BIOS-e820: [mem 0x00000000fed1c000-0x00000000fed1ffff] reserved
[STDERR  ] 2018-01-16T10:34:34.01573781Z: [    0.000000] BIOS-e820: [mem 0x00000000fffc0000-0x00000000ffffffff] reserved
[STDERR  ] 2018-01-16T10:34:34.015747234Z: [    0.000000] NX (Execute Disable) protection: active
[STDERR  ] 2018-01-16T10:34:34.015756792Z: [    0.000000] random: fast init done
[STDERR  ] 2018-01-16T10:34:34.015765755Z: [    0.000000] SMBIOS 2.8 present.
[STDERR  ] 2018-01-16T10:34:34.015774739Z: [    0.000000] DMI: QEMU Standard PC (Q35 + ICH9, 2009), BIOS rel-1.10.2-0-g5f4c7b1-prebuilt.qemu-project.org 04/01/2014
[STDERR  ] 2018-01-16T10:34:34.015784776Z: [    0.000000] tsc: Fast TSC calibration using PIT
[STDERR  ] 2018-01-16T10:34:34.015793936Z: [    0.000000] e820: last_pfn = 0x3ffdf max_arch_pfn = 0x400000000
[STDERR  ] 2018-01-16T10:34:34.015803465Z: [    0.000000] x86/PAT: Configuration [0-7]: WB  WC  UC- UC  WB  WP  UC- WT  
[STDERR  ] 2018-01-16T10:34:34.015813244Z: [    0.000000] found SMP MP-table at [mem 0x000f6aa0-0x000f6aaf] mapped at [ffffffffff200aa0]
[STDERR  ] 2018-01-16T10:34:34.015837177Z: [    0.000000] RAMDISK: [mem 0x3e6e4000-0x3ffcffff]
[STDERR  ] 2018-01-16T10:34:34.015847224Z: [    0.000000] ACPI: Early table checksum verification disabled
[STDERR  ] 2018-01-16T10:34:34.015856856Z: [    0.000000] ACPI: RSDP 0x00000000000F68B0 000014 (v00 BOCHS )
[STDERR  ] 2018-01-16T10:34:34.01587201Z: [    0.000000] ACPI: RSDT 0x000000003FFE20A8 000034 (v01 BOCHS  BXPCRSDT 00000001 BXPC 00000001)
[STDERR  ] 2018-01-16T10:34:34.015880332Z: [    0.000000] ACPI: FACP 0x000000003FFE1EC8 0000F4 (v03 BOCHS  BXPCFACP 00000001 BXPC 00000001)
[STDERR  ] 2018-01-16T10:34:34.015889039Z: [    0.000000] ACPI: DSDT 0x000000003FFE0040 001E88 (v01 BOCHS  BXPCDSDT 00000001 BXPC 00000001)
[STDERR  ] 2018-01-16T10:34:34.015898398Z: [    0.000000] ACPI: FACS 0x000000003FFE0000 000040
[STDERR  ] 2018-01-16T10:34:34.015908098Z: [    0.000000] ACPI: APIC 0x000000003FFE1FBC 000078 (v01 BOCHS  BXPCAPIC 00000001 BXPC 00000001)
[STDERR  ] 2018-01-16T10:34:34.015916239Z: [    0.000000] ACPI: HPET 0x000000003FFE2034 000038 (v01 BOCHS  BXPCHPET 00000001 BXPC 00000001)
[STDERR  ] 2018-01-16T10:34:34.01592493Z: [    0.000000] ACPI: MCFG 0x000000003FFE206C 00003C (v01 BOCHS  BXPCMCFG 00000001 BXPC 00000001)
[STDERR  ] 2018-01-16T10:34:34.015933279Z: [    0.000000] Zone ranges:
[STDERR  ] 2018-01-16T10:34:34.015941686Z: [    0.000000]   DMA      [mem 0x0000000000001000-0x0000000000ffffff]
[STDERR  ] 2018-01-16T10:34:34.015951823Z: [    0.000000]   DMA32    [mem 0x0000000001000000-0x000000003ffdefff]
[STDERR  ] 2018-01-16T10:34:34.01596054Z: [    0.000000]   Normal   empty
[STDERR  ] 2018-01-16T10:34:34.015969112Z: [    0.000000]   Device   empty
[STDERR  ] 2018-01-16T10:34:34.015984854Z: [    0.000000] Movable zone start for each node
[STDERR  ] 2018-01-16T10:34:34.015994024Z: [    0.000000] Early memory node ranges
[STDERR  ] 2018-01-16T10:34:34.016002222Z: [    0.000000]   node   0: [mem 0x0000000000001000-0x000000000009efff]
[STDERR  ] 2018-01-16T10:34:34.016011617Z: [    0.000000]   node   0: [mem 0x0000000000100000-0x000000003ffdefff]
[STDERR  ] 2018-01-16T10:34:34.016020625Z: [    0.000000] Initmem setup node 0 [mem 0x0000000000001000-0x000000003ffdefff]
[STDERR  ] 2018-01-16T10:34:34.016029848Z: [    0.000000] ACPI: PM-Timer IO Port: 0x608
[STDERR  ] 2018-01-16T10:34:34.016038415Z: [    0.000000] ACPI: LAPIC_NMI (acpi_id[0xff] dfl dfl lint[0x1])
[STDERR  ] 2018-01-16T10:34:34.016047382Z: [    0.000000] IOAPIC[0]: apic_id 0, version 32, address 0xfec00000, GSI 0-23
[STDERR  ] 2018-01-16T10:34:34.016065899Z: [    0.000000] ACPI: INT_SRC_OVR (bus 0 bus_irq 0 global_irq 2 dfl dfl)
[STDERR  ] 2018-01-16T10:34:34.016075089Z: [    0.000000] ACPI: INT_SRC_OVR (bus 0 bus_irq 5 global_irq 5 high level)
[STDERR  ] 2018-01-16T10:34:34.016084213Z: [    0.000000] ACPI: INT_SRC_OVR (bus 0 bus_irq 9 global_irq 9 high level)
[STDERR  ] 2018-01-16T10:34:34.01609754Z: [    0.000000] ACPI: INT_SRC_OVR (bus 0 bus_irq 10 global_irq 10 high level)
[STDERR  ] 2018-01-16T10:34:34.016105987Z: [    0.000000] ACPI: INT_SRC_OVR (bus 0 bus_irq 11 global_irq 11 high level)
[STDERR  ] 2018-01-16T10:34:34.016117241Z: [    0.000000] Using ACPI (MADT) for SMP configuration information
[STDERR  ] 2018-01-16T10:34:34.016128129Z: [    0.000000] ACPI: HPET id: 0x8086a201 base: 0xfed00000
[STDERR  ] 2018-01-16T10:34:34.016138056Z: [    0.000000] smpboot: Allowing 1 CPUs, 0 hotplug CPUs
[STDERR  ] 2018-01-16T10:34:34.016146641Z: [    0.000000] e820: [mem 0x40000000-0xafffffff] available for PCI devices
[STDERR  ] 2018-01-16T10:34:34.016156395Z: [    0.000000] Booting paravirtualized kernel on bare hardware
[STDERR  ] 2018-01-16T10:34:34.016165113Z: [    0.000000] clocksource: refined-jiffies: mask: 0xffffffff max_cycles: 0xffffffff, max_idle_ns: 19112604462750000 ns
[STDERR  ] 2018-01-16T10:34:34.016173586Z: [    0.000000] setup_percpu: NR_CPUS:128 nr_cpumask_bits:128 nr_cpu_ids:1 nr_node_ids:1
[STDERR  ] 2018-01-16T10:34:34.016182478Z: [    0.000000] percpu: Embedded 44 pages/cpu @ffff8be9fe400000 s143064 r8192 d28968 u2097152
[STDERR  ] 2018-01-16T10:34:34.01619142Z: [    0.000000] Built 1 zonelists, mobility grouping on.  Total pages: 257896
[STDERR  ] 2018-01-16T10:34:34.016209922Z: [    0.000000] Kernel command line: console=ttyS0 console=ttyAMA0
[STDERR  ] 2018-01-16T10:34:34.016218726Z: [    0.000000] PID hash table entries: 4096 (order: 3, 32768 bytes)
[STDERR  ] 2018-01-16T10:34:34.016233468Z: [    0.000000] Dentry cache hash table entries: 131072 (order: 8, 1048576 bytes)
[STDERR  ] 2018-01-16T10:34:34.016242869Z: [    0.000000] Inode-cache hash table entries: 65536 (order: 7, 524288 bytes)
[STDERR  ] 2018-01-16T10:34:34.016251687Z: [    0.000000] Memory: 979344K/1048052K available (12300K kernel code, 1451K rwdata, 2952K rodata, 1492K init, 628K bss, 68708K reserved, 0K cma-reserved)
[STDERR  ] 2018-01-16T10:34:34.016261648Z: [    0.000000] ftrace: allocating 40625 entries in 159 pages
[STDERR  ] 2018-01-16T10:34:34.016269579Z: [    0.000000] Hierarchical RCU implementation.
[STDERR  ] 2018-01-16T10:34:34.016278087Z: [    0.000000] 	RCU restricting CPUs from NR_CPUS=128 to nr_cpu_ids=1.
[STDERR  ] 2018-01-16T10:34:34.016286587Z: [    0.000000] RCU: Adjusting geometry for rcu_fanout_leaf=16, nr_cpu_ids=1
[STDERR  ] 2018-01-16T10:34:34.016295562Z: [    0.000000] NR_IRQS: 8448, nr_irqs: 256, preallocated irqs: 16
[STDERR  ] 2018-01-16T10:34:34.01630347Z: [    0.000000] Console: colour VGA+ 80x25
[STDERR  ] 2018-01-16T10:34:34.016311948Z: [    0.000000] console [ttyS0] enabled
[STDERR  ] 2018-01-16T10:34:34.016320936Z: [    0.000000] clocksource: hpet: mask: 0xffffffff max_cycles: 0xffffffff, max_idle_ns: 19112604467 ns
[STDERR  ] 2018-01-16T10:34:34.01633077Z: [    0.000000] tsc: Fast TSC calibration using PIT
[STDERR  ] 2018-01-16T10:34:34.016339427Z: [    0.000000] tsc: Detected 2599.918 MHz processor
[STDERR  ] 2018-01-16T10:34:34.016347727Z: [    0.001809] Calibrating delay loop (skipped), value calculated using timer frequency.. 5199.83 BogoMIPS (lpj=25999180)
[STDERR  ] 2018-01-16T10:34:34.016358131Z: [    0.002270] pid_max: default: 32768 minimum: 301
[STDERR  ] 2018-01-16T10:34:34.016367011Z: [    0.003016] ACPI: Core revision 20170728
[STDERR  ] 2018-01-16T10:34:34.01637581Z: [    0.036502] ACPI: 1 ACPI AML tables successfully acquired and loaded
[STDERR  ] 2018-01-16T10:34:34.016385117Z: [    0.038541] Security Framework initialized
[STDERR  ] 2018-01-16T10:34:34.016397512Z: [    0.038861] Yama: becoming mindful.
[STDERR  ] 2018-01-16T10:34:34.016411751Z: [    0.041785] Mount-cache hash table entries: 2048 (order: 2, 16384 bytes)
[STDERR  ] 2018-01-16T10:34:34.016420727Z: [    0.042244] Mountpoint-cache hash table entries: 2048 (order: 2, 16384 bytes)
[STDERR  ] 2018-01-16T10:34:34.016429426Z: [    0.060131] Last level iTLB entries: 4KB 0, 2MB 0, 4MB 0
[STDERR  ] 2018-01-16T10:34:34.01643817Z: [    0.060516] Last level dTLB entries: 4KB 0, 2MB 0, 4MB 0, 1GB 0
[STDERR  ] 2018-01-16T10:34:34.01644715Z: [    0.370361] Freeing SMP alternatives memory: 20K
[STDERR  ] 2018-01-16T10:34:34.01645559Z: [    0.391084] smpboot: Max logical packages: 1
[STDERR  ] 2018-01-16T10:34:34.016464267Z: [    0.397772] ..TIMER: vector=0x30 apic1=0 pin1=2 apic2=-1 pin2=-1
[STDERR  ] 2018-01-16T10:34:34.016472691Z: [    0.500000] smpboot: CPU0: AMD QEMU Virtual CPU version 2.5+ (family: 0x6, model: 0x6, stepping: 0x3)
[STDERR  ] 2018-01-16T10:34:34.016481405Z: [    0.500000] Performance Events: PMU not available due to virtualization, using software events only.
[STDERR  ] 2018-01-16T10:34:34.016489566Z: [    0.504757] Hierarchical SRCU implementation.
[STDERR  ] 2018-01-16T10:34:34.016505398Z: [    0.510536] NMI watchdog: Perf event create on CPU 0 failed with -2
[STDERR  ] 2018-01-16T10:34:34.016513899Z: [    0.511008] NMI watchdog: Perf NMI watchdog permanently disabled
[STDERR  ] 2018-01-16T10:34:34.016522575Z: [    0.514388] smp: Bringing up secondary CPUs ...
[STDERR  ] 2018-01-16T10:34:34.016530859Z: [    0.514731] smp: Brought up 1 node, 1 CPU
[STDERR  ] 2018-01-16T10:34:34.016539232Z: [    0.515080] smpboot: Total of 1 processors activated (5199.83 BogoMIPS)
[STDERR  ] 2018-01-16T10:34:34.016547466Z: [    0.530668] devtmpfs: initialized
[STDERR  ] 2018-01-16T10:34:34.016556228Z: [    0.537131] x86/mm: Memory block size: 128MB
[STDERR  ] 2018-01-16T10:34:34.01656461Z: [    0.546294] clocksource: jiffies: mask: 0xffffffff max_cycles: 0xffffffff, max_idle_ns: 19112604462750000 ns
[STDERR  ] 2018-01-16T10:34:34.016576856Z: [    0.546704] futex hash table entries: 256 (order: 2, 16384 bytes)
[STDERR  ] 2018-01-16T10:34:34.016586483Z: [    0.555722] NET: Registered protocol family 16
[STDERR  ] 2018-01-16T10:34:34.016594619Z: [    0.562628] cpuidle: using governor ladder
[STDERR  ] 2018-01-16T10:34:34.016603787Z: [    0.563000] cpuidle: using governor menu
[STDERR  ] 2018-01-16T10:34:34.016611781Z: [    0.564862] ACPI: bus type PCI registered
[STDERR  ] 2018-01-16T10:34:34.016619749Z: [    0.567555] PCI: MMCONFIG for domain 0000 [bus 00-ff] at [mem 0xb0000000-0xbfffffff] (base 0xb0000000)
[STDERR  ] 2018-01-16T10:34:34.016628251Z: [    0.568331] PCI: MMCONFIG at [mem 0xb0000000-0xbfffffff] reserved in E820
[STDERR  ] 2018-01-16T10:34:34.016637615Z: [    0.569212] PCI: Using configuration type 1 for base access
[STDERR  ] 2018-01-16T10:34:34.016650995Z: [    0.614393] HugeTLB registered 2.00 MiB page size, pre-allocated 0 pages
[STDERR  ] 2018-01-16T10:34:34.016660153Z: [    0.633590] ACPI: Added _OSI(Module Device)
[STDERR  ] 2018-01-16T10:34:34.016668988Z: [    0.633782] ACPI: Added _OSI(Processor Device)
[STDERR  ] 2018-01-16T10:34:34.016682629Z: [    0.633869] ACPI: Added _OSI(3.0 _SCP Extensions)
[STDERR  ] 2018-01-16T10:34:34.016691568Z: [    0.633955] ACPI: Added _OSI(Processor Aggregator Device)
[STDERR  ] 2018-01-16T10:34:34.01670078Z: [    0.683611] ACPI: Interpreter enabled
[STDERR  ] 2018-01-16T10:34:34.016709484Z: [    0.684456] ACPI: (supports S0 S5)
[STDERR  ] 2018-01-16T10:34:34.016718338Z: [    0.684767] ACPI: Using IOAPIC for interrupt routing
[STDERR  ] 2018-01-16T10:34:34.016726606Z: [    0.687017] PCI: Using host bridge windows from ACPI; if necessary, use "pci=nocrs" and report a bug
[STDERR  ] 2018-01-16T10:34:34.016734907Z: [    0.690000] ACPI: Enabled 1 GPEs in block 00 to 3F
[STDERR  ] 2018-01-16T10:34:34.016742784Z: [    0.736030] ACPI: PCI Root Bridge [PCI0] (domain 0000 [bus 00-ff])
[STDERR  ] 2018-01-16T10:34:34.016753338Z: [    0.736865] acpi PNP0A08:00: _OSC: OS supports [ExtendedConfig ASPM ClockPM Segments MSI]
[STDERR  ] 2018-01-16T10:34:34.016767059Z: [    0.741157] acpi PNP0A08:00: _OSC: OS now controls [PCIeHotplug PME PCIeCapability]
[STDERR  ] 2018-01-16T10:34:34.016775867Z: [    0.744755] PCI host bridge to bus 0000:00
[STDERR  ] 2018-01-16T10:34:34.016784353Z: [    0.745339] pci_bus 0000:00: root bus resource [io  0x0000-0x0cf7 window]
[STDERR  ] 2018-01-16T10:34:34.016793421Z: [    0.745720] pci_bus 0000:00: root bus resource [io  0x0d00-0xffff window]
[STDERR  ] 2018-01-16T10:34:34.016801247Z: [    0.746051] pci_bus 0000:00: root bus resource [mem 0x000a0000-0x000bffff window]
[STDERR  ] 2018-01-16T10:34:34.016809283Z: [    0.746315] pci_bus 0000:00: root bus resource [mem 0xc0000000-0xfebfffff window]
[STDERR  ] 2018-01-16T10:34:34.016817336Z: [    0.746825] pci_bus 0000:00: root bus resource [bus 00-ff]
[STDERR  ] 2018-01-16T10:34:34.016827481Z: [    0.917356] pci 0000:00:1f.0: quirk: [io  0x0600-0x067f] claimed by ICH6 ACPI/GPIO/TCO
[STDERR  ] 2018-01-16T10:34:34.016834832Z: [    1.008257] ACPI: PCI Interrupt Link [LNKA] (IRQs 5 *10 11)
[STDERR  ] 2018-01-16T10:34:34.016842831Z: [    1.011550] ACPI: PCI Interrupt Link [LNKB] (IRQs 5 *10 11)
[STDERR  ] 2018-01-16T10:34:34.016850233Z: [    1.013350] ACPI: PCI Interrupt Link [LNKC] (IRQs 5 10 *11)
[STDERR  ] 2018-01-16T10:34:34.016857781Z: [    1.014946] ACPI: PCI Interrupt Link [LNKD] (IRQs 5 10 *11)
[STDERR  ] 2018-01-16T10:34:34.016866429Z: [    1.016514] ACPI: PCI Interrupt Link [LNKE] (IRQs 5 *10 11)
[STDERR  ] 2018-01-16T10:34:34.016874397Z: [    1.017772] ACPI: PCI Interrupt Link [LNKF] (IRQs 5 *10 11)
[STDERR  ] 2018-01-16T10:34:34.016882239Z: [    1.019317] ACPI: PCI Interrupt Link [LNKG] (IRQs 5 10 *11)
[STDERR  ] 2018-01-16T10:34:34.016890802Z: [    1.020847] ACPI: PCI Interrupt Link [LNKH] (IRQs 5 10 *11)
[STDERR  ] 2018-01-16T10:34:34.016899499Z: [    1.021540] ACPI: PCI Interrupt Link [GSIA] (IRQs *16)
[STDERR  ] 2018-01-16T10:34:34.01690857Z: [    1.022073] ACPI: PCI Interrupt Link [GSIB] (IRQs *17)
[STDERR  ] 2018-01-16T10:34:34.01692096Z: [    1.022742] ACPI: PCI Interrupt Link [GSIC] (IRQs *18)
[STDERR  ] 2018-01-16T10:34:34.016929893Z: [    1.023361] ACPI: PCI Interrupt Link [GSID] (IRQs *19)
[STDERR  ] 2018-01-16T10:34:34.016938933Z: [    1.023896] ACPI: PCI Interrupt Link [GSIE] (IRQs *20)
[STDERR  ] 2018-01-16T10:34:34.016947605Z: [    1.024413] ACPI: PCI Interrupt Link [GSIF] (IRQs *21)
[STDERR  ] 2018-01-16T10:34:34.016955554Z: [    1.024983] ACPI: PCI Interrupt Link [GSIG] (IRQs *22)
[STDERR  ] 2018-01-16T10:34:34.016963665Z: [    1.025545] ACPI: PCI Interrupt Link [GSIH] (IRQs *23)
[STDERR  ] 2018-01-16T10:34:34.016971711Z: [    1.033166] SCSI subsystem initialized
[STDERR  ] 2018-01-16T10:34:34.016979784Z: [    1.035970] ACPI: bus type USB registered
[STDERR  ] 2018-01-16T10:34:34.016987059Z: [    1.036958] usbcore: registered new interface driver usbfs
[STDERR  ] 2018-01-16T10:34:34.016992929Z: [    1.037881] usbcore: registered new interface driver hub
[STDERR  ] 2018-01-16T10:34:34.017001356Z: [    1.038765] usbcore: registered new device driver usb
[STDERR  ] 2018-01-16T10:34:34.017007082Z: [    1.039780] pps_core: LinuxPPS API ver. 1 registered
[STDERR  ] 2018-01-16T10:34:34.0170127Z: [    1.039923] pps_core: Software ver. 5.3.6 - Copyright 2005-2007 Rodolfo Giometti <giometti@linux.it>
[STDERR  ] 2018-01-16T10:34:34.017021217Z: [    1.040223] PTP clock support registered
[STDERR  ] 2018-01-16T10:34:34.017030172Z: [    1.042949] PCI: Using ACPI for IRQ routing
[STDERR  ] 2018-01-16T10:34:34.017035919Z: [    1.058809] NetLabel: Initializing
[STDERR  ] 2018-01-16T10:34:34.017041494Z: [    1.059199] NetLabel:  domain hash size = 128
[STDERR  ] 2018-01-16T10:34:34.017047369Z: [    1.059356] NetLabel:  protocols = UNLABELED CIPSOv4 CALIPSO
[STDERR  ] 2018-01-16T10:34:34.017053118Z: [    1.062441] NetLabel:  unlabeled traffic allowed by default
[STDERR  ] 2018-01-16T10:34:34.017058936Z: [    1.063804] HPET: 3 timers in total, 0 timers will be used for per-cpu timer
[STDERR  ] 2018-01-16T10:34:34.017065594Z: [    1.064612] hpet0: at MMIO 0xfed00000, IRQs 2, 8, 0
[STDERR  ] 2018-01-16T10:34:34.017075041Z: [    1.064928] hpet0: 3 comparators, 64-bit 100.000000 MHz counter
[STDERR  ] 2018-01-16T10:34:34.017080813Z: [    1.071235] clocksource: Switched to clocksource hpet
[STDERR  ] 2018-01-16T10:34:34.017086561Z: [    1.275784] VFS: Disk quotas dquot_6.6.0
[STDERR  ] 2018-01-16T10:34:34.017092095Z: [    1.276453] VFS: Dquot-cache hash table entries: 512 (order 0, 4096 bytes)
[STDERR  ] 2018-01-16T10:34:34.017098225Z: [    1.279707] FS-Cache: Loaded
[STDERR  ] 2018-01-16T10:34:34.017103699Z: [    1.286619] CacheFiles: Loaded
[STDERR  ] 2018-01-16T10:34:34.01710919Z: [    1.287866] pnp: PnP ACPI init
[STDERR  ] 2018-01-16T10:34:34.017116703Z: [    1.295553] pnp: PnP ACPI: found 5 devices
[STDERR  ] 2018-01-16T10:34:34.017122299Z: [    1.330438] clocksource: acpi_pm: mask: 0xffffff max_cycles: 0xffffff, max_idle_ns: 2085701024 ns
[STDERR  ] 2018-01-16T10:34:34.017127974Z: [    1.333370] NET: Registered protocol family 2
[STDERR  ] 2018-01-16T10:34:34.017133523Z: [    1.342868] TCP established hash table entries: 8192 (order: 4, 65536 bytes)
[STDERR  ] 2018-01-16T10:34:34.0171393Z: [    1.343712] TCP bind hash table entries: 8192 (order: 5, 131072 bytes)
[STDERR  ] 2018-01-16T10:34:34.017144943Z: [    1.344390] TCP: Hash tables configured (established 8192 bind 8192)
[STDERR  ] 2018-01-16T10:34:34.017150571Z: [    1.346916] UDP hash table entries: 512 (order: 2, 16384 bytes)
[STDERR  ] 2018-01-16T10:34:34.017159347Z: [    1.347515] UDP-Lite hash table entries: 512 (order: 2, 16384 bytes)
[STDERR  ] 2018-01-16T10:34:34.01716501Z: [    1.349724] NET: Registered protocol family 1
[STDERR  ] 2018-01-16T10:34:34.01717277Z: [    1.351002] pci 0000:00:01.0: Video device with shadowed ROM at [mem 0x000c0000-0x000dffff]
[STDERR  ] 2018-01-16T10:34:34.01717844Z: [    1.356476] Trying to unpack rootfs image as initramfs...
[STDERR  ] 2018-01-16T10:34:34.017184269Z: [    4.665825] Freeing initrd memory: 25520K
[STDERR  ] 2018-01-16T10:34:34.017193308Z: [    4.687527] PCLMULQDQ-NI instructions are not detected.
[STDERR  ] 2018-01-16T10:34:34.017199289Z: [    4.688806] AVX or AES-NI instructions are not detected.
[STDERR  ] 2018-01-16T10:34:34.01720486Z: [    4.689265] CPU feature 'AVX registers' is not supported.
[STDERR  ] 2018-01-16T10:34:34.017210321Z: [    4.689594] CPU feature 'AVX registers' is not supported.
[STDERR  ] 2018-01-16T10:34:34.017215775Z: [    4.689901] CPU feature 'AVX registers' is not supported.
[STDERR  ] 2018-01-16T10:34:34.017221298Z: [    4.690641] CPU feature 'AVX registers' is not supported.
[STDERR  ] 2018-01-16T10:34:34.01722684Z: [    4.690895] AVX2 or AES-NI instructions are not detected.
[STDERR  ] 2018-01-16T10:34:34.017232371Z: [    4.691228] AVX2 instructions are not detected.
[STDERR  ] 2018-01-16T10:34:34.017237894Z: [    4.696165] audit: initializing netlink subsys (disabled)
[STDERR  ] 2018-01-16T10:34:34.01724342Z: [    4.699649] audit: type=2000 audit(1516098858.690:1): state=initialized audit_enabled=0 res=1
[STDERR  ] 2018-01-16T10:34:34.017251032Z: [    4.705483] workingset: timestamp_bits=46 max_order=18 bucket_order=0
[STDERR  ] 2018-01-16T10:34:34.01725668Z: [    4.709454] squashfs: version 4.0 (2009/01/31) Phillip Lougher
[STDERR  ] 2018-01-16T10:34:34.017264464Z: [    4.711954] FS-Cache: Netfs 'cifs' registered for caching
[STDERR  ] 2018-01-16T10:34:34.017270149Z: [    4.714011] fuse init (API version 7.26)
[STDERR  ] 2018-01-16T10:34:34.017275753Z: [    4.716066] SGI XFS with ACLs, security attributes, no debug enabled
[STDERR  ] 2018-01-16T10:34:34.0172813Z: [    4.719546] 9p: Installing v9fs 9p2000 file system support
[STDERR  ] 2018-01-16T10:34:34.017286815Z: [    4.720018] FS-Cache: Netfs '9p' registered for caching
[STDERR  ] 2018-01-16T10:34:34.017292402Z: [    4.749470] NET: Registered protocol family 38
[STDERR  ] 2018-01-16T10:34:34.017299622Z: [    4.749995] Key type asymmetric registered
[STDERR  ] 2018-01-16T10:34:34.017305494Z: [    4.751651] Asymmetric key parser 'x509' registered
[STDERR  ] 2018-01-16T10:34:34.017311044Z: [    4.752394] Block layer SCSI generic (bsg) driver version 0.4 loaded (major 248)
[STDERR  ] 2018-01-16T10:34:34.017319881Z: [    4.754101] io scheduler noop registered
[STDERR  ] 2018-01-16T10:34:34.017325735Z: [    4.754403] io scheduler deadline registered (default)
[STDERR  ] 2018-01-16T10:34:34.017331406Z: [    4.755186] io scheduler cfq registered
[STDERR  ] 2018-01-16T10:34:34.017336839Z: [    4.755460] io scheduler mq-deadline registered
[STDERR  ] 2018-01-16T10:34:34.017342411Z: [    4.755712] io scheduler kyber registered
[STDERR  ] 2018-01-16T10:34:34.017347922Z: [    4.758500] shpchp: Standard Hot Plug PCI Controller Driver version: 0.4
[STDERR  ] 2018-01-16T10:34:34.017354215Z: [    4.759203] hv_vmbus: registering driver hyperv_fb
[STDERR  ] 2018-01-16T10:34:34.017359759Z: [    4.763086] input: Power Button as /devices/LNXSYSTM:00/LNXPWRBN:00/input/input0
[STDERR  ] 2018-01-16T10:34:34.017365286Z: [    4.765864] ACPI: Power Button [PWRF]
[STDERR  ] 2018-01-16T10:34:34.017370737Z: [    4.779966] ACPI: PCI Interrupt Link [GSIG] enabled at IRQ 22
[STDERR  ] 2018-01-16T10:34:34.017376216Z: [    4.791396] ACPI: PCI Interrupt Link [GSIH] enabled at IRQ 23
[STDERR  ] 2018-01-16T10:34:34.017381703Z: [    4.797609] Serial: 8250/16550 driver, 4 ports, IRQ sharing disabled
[STDERR  ] 2018-01-16T10:34:34.017387353Z: [    4.821069] 00:04: ttyS0 at I/O 0x3f8 (irq = 4, base_baud = 115200) is a 16550A
[STDERR  ] 2018-01-16T10:34:34.017392915Z: [    4.830664] Non-volatile memory driver v1.3
[STDERR  ] 2018-01-16T10:34:34.017398484Z: [    4.838316] Hangcheck: starting hangcheck timer 0.9.1 (tick is 180 seconds, margin is 60 seconds).
[STDERR  ] 2018-01-16T10:34:34.017404043Z: [    4.851523] random: crng init done
[STDERR  ] 2018-01-16T10:34:34.017409501Z: [    4.895015] brd: module loaded
[STDERR  ] 2018-01-16T10:34:34.017415156Z: [    4.920910] loop: module loaded
[STDERR  ] 2018-01-16T10:34:34.01742063Z: [    4.969541] lpc_ich 0000:00:1f.0: I/O space for GPIO uninitialized
[STDERR  ] 2018-01-16T10:34:34.017429409Z: [    4.971866] VMware PVSCSI driver - version 1.0.7.0-k
[STDERR  ] 2018-01-16T10:34:34.017434987Z: [    4.972574] hv_vmbus: registering driver hv_storvsc
[STDERR  ] 2018-01-16T10:34:34.017440508Z: [    4.978928] ACPI: PCI Interrupt Link [GSIA] enabled at IRQ 16
[STDERR  ] 2018-01-16T10:34:34.01744606Z: [    4.986237] ahci 0000:00:1f.2: AHCI 0001.0000 32 slots 6 ports 1.5 Gbps 0x3f impl SATA mode
[STDERR  ] 2018-01-16T10:34:34.017451697Z: [    4.986860] ahci 0000:00:1f.2: flags: 64bit ncq only 
[STDERR  ] 2018-01-16T10:34:34.017457232Z: [    5.000605] scsi host0: ahci
[STDERR  ] 2018-01-16T10:34:34.017462755Z: [    5.003411] scsi host1: ahci
[STDERR  ] 2018-01-16T10:34:34.017468466Z: [    5.004865] scsi host2: ahci
[STDERR  ] 2018-01-16T10:34:34.017473938Z: [    5.006278] scsi host3: ahci
[STDERR  ] 2018-01-16T10:34:34.017479521Z: [    5.007693] scsi host4: ahci
[STDERR  ] 2018-01-16T10:34:34.017485019Z: [    5.009072] scsi host5: ahci
[STDERR  ] 2018-01-16T10:34:34.017490525Z: [    5.010508] ata1: SATA max UDMA/133 abar m4096@0xfebd2000 port 0xfebd2100 irq 24
[STDERR  ] 2018-01-16T10:34:34.017505145Z: [    5.010922] ata2: SATA max UDMA/133 abar m4096@0xfebd2000 port 0xfebd2180 irq 24
[STDERR  ] 2018-01-16T10:34:34.017510967Z: [    5.011079] ata3: SATA max UDMA/133 abar m4096@0xfebd2000 port 0xfebd2200 irq 24
[STDERR  ] 2018-01-16T10:34:34.017516527Z: [    5.011453] ata4: SATA max UDMA/133 abar m4096@0xfebd2000 port 0xfebd2280 irq 24
[STDERR  ] 2018-01-16T10:34:34.017522607Z: [    5.011727] ata5: SATA max UDMA/133 abar m4096@0xfebd2000 port 0xfebd2300 irq 24
[STDERR  ] 2018-01-16T10:34:34.017528237Z: [    5.012037] ata6: SATA max UDMA/133 abar m4096@0xfebd2000 port 0xfebd2380 irq 24
[STDERR  ] 2018-01-16T10:34:34.017533789Z: [    5.022384] tun: Universal TUN/TAP device driver, 1.6
[STDERR  ] 2018-01-16T10:34:34.017539351Z: [    5.035619] VMware vmxnet3 virtual NIC driver - version 1.4.a.0-k-NAPI
[STDERR  ] 2018-01-16T10:34:34.017544868Z: [    5.036496] hv_vmbus: registering driver hv_netvsc
[STDERR  ] 2018-01-16T10:34:34.017550773Z: [    5.036844] Fusion MPT base driver 3.04.20
[STDERR  ] 2018-01-16T10:34:34.017562965Z: [    5.037035] Copyright (c) 1999-2008 LSI Corporation
[STDERR  ] 2018-01-16T10:34:34.017568842Z: [    5.037508] Fusion MPT SPI Host driver 3.04.20
[STDERR  ] 2018-01-16T10:34:34.017574447Z: [    5.039927] i8042: PNP: PS/2 Controller [PNP0303:KBD,PNP0f13:MOU] at 0x60,0x64 irq 1,12
[STDERR  ] 2018-01-16T10:34:34.017580075Z: [    5.044708] serio: i8042 KBD port at 0x60,0x64 irq 1
[STDERR  ] 2018-01-16T10:34:34.017585526Z: [    5.045764] serio: i8042 AUX port at 0x60,0x64 irq 12
[STDERR  ] 2018-01-16T10:34:34.017593676Z: [    5.048082] hv_vmbus: registering driver hyperv_keyboard
[STDERR  ] 2018-01-16T10:34:34.017599167Z: [    5.049904] mousedev: PS/2 mouse device common for all mice
[STDERR  ] 2018-01-16T10:34:34.017604716Z: [    5.054602] input: AT Translated Set 2 keyboard as /devices/platform/i8042/serio0/input/input1
[STDERR  ] 2018-01-16T10:34:34.017610504Z: [    5.056938] input: PC Speaker as /devices/platform/pcspkr/input/input2
[STDERR  ] 2018-01-16T10:34:34.017616035Z: [    5.061156] rtc_cmos 00:00: RTC can wake from S4
[STDERR  ] 2018-01-16T10:34:34.017621506Z: [    5.064005] rtc_cmos 00:00: rtc core: registered rtc_cmos as rtc0
[STDERR  ] 2018-01-16T10:34:34.017627223Z: [    5.065103] rtc_cmos 00:00: alarms up to one day, y3k, 114 bytes nvram, hpet irqs
[STDERR  ] 2018-01-16T10:34:34.017632673Z: [    5.065752] i2c /dev entries driver
[STDERR  ] 2018-01-16T10:34:34.017638207Z: [    5.067578] device-mapper: ioctl: 4.37.0-ioctl (2017-09-20) initialised: dm-devel@redhat.com
[STDERR  ] 2018-01-16T10:34:34.017644055Z: [    5.071726] usbcore: registered new interface driver usbhid
[STDERR  ] 2018-01-16T10:34:34.017649606Z: [    5.071889] usbhid: USB HID core driver
[STDERR  ] 2018-01-16T10:34:34.017655103Z: [    5.072509] hv_utils: Registering HyperV Utility Driver
[STDERR  ] 2018-01-16T10:34:34.017660568Z: [    5.072830] hv_vmbus: registering driver hv_util
[STDERR  ] 2018-01-16T10:34:34.017670375Z: [    5.073058] hv_vmbus: registering driver hv_balloon
[STDERR  ] 2018-01-16T10:34:34.017675928Z: [    5.073507] oprofile: using NMI interrupt.
[STDERR  ] 2018-01-16T10:34:34.017681439Z: [    5.074630] GACT probability on
[STDERR  ] 2018-01-16T10:34:34.017689583Z: [    5.074918] Mirror/redirect action on
[STDERR  ] 2018-01-16T10:34:34.017695055Z: [    5.075472] Simple TC action Loaded
[STDERR  ] 2018-01-16T10:34:34.017700581Z: [    5.075944] u32 classifier
[STDERR  ] 2018-01-16T10:34:34.017706146Z: [    5.076082]     Performance counters on
[STDERR  ] 2018-01-16T10:34:34.017711586Z: [    5.076262]     input device check on
[STDERR  ] 2018-01-16T10:34:34.017717063Z: [    5.076440]     Actions configured
[STDERR  ] 2018-01-16T10:34:34.017722528Z: [    5.077058] Netfilter messages via NETLINK v0.30.
[STDERR  ] 2018-01-16T10:34:34.0177281Z: [    5.077500] nfnl_acct: registering with nfnetlink.
[STDERR  ] 2018-01-16T10:34:34.017733745Z: [    5.078652] nf_conntrack version 0.5.0 (8192 buckets, 32768 max)
[STDERR  ] 2018-01-16T10:34:34.017739264Z: [    5.081386] ctnetlink v0.93: registering with nfnetlink.
[STDERR  ] 2018-01-16T10:34:34.017744891Z: [    5.084239] nf_tables: (c) 2007-2009 Patrick McHardy <kaber@trash.net>
[STDERR  ] 2018-01-16T10:34:34.017750499Z: [    5.084925] nf_tables_compat: (c) 2012 Pablo Neira Ayuso <pablo@netfilter.org>
[STDERR  ] 2018-01-16T10:34:34.01775664Z: [    5.087116] xt_time: kernel timezone is -0000
[STDERR  ] 2018-01-16T10:34:34.017762178Z: [    5.087611] ip_set: protocol 6
[STDERR  ] 2018-01-16T10:34:34.017767648Z: [    5.088303] IPVS: Registered protocols (TCP, UDP, SCTP, AH, ESP)
[STDERR  ] 2018-01-16T10:34:34.017773274Z: [    5.088766] IPVS: Connection hash table configured (size=4096, memory=64Kbytes)
[STDERR  ] 2018-01-16T10:34:34.017778887Z: [    5.092894] IPVS: ipvs loaded.
[STDERR  ] 2018-01-16T10:34:34.017784401Z: [    5.093243] IPVS: [rr] scheduler registered.
[STDERR  ] 2018-01-16T10:34:34.017789864Z: [    5.093472] IPVS: [wrr] scheduler registered.
[STDERR  ] 2018-01-16T10:34:34.017795409Z: [    5.093652] IPVS: [lc] scheduler registered.
[STDERR  ] 2018-01-16T10:34:34.017803789Z: [    5.093792] IPVS: [wlc] scheduler registered.
[STDERR  ] 2018-01-16T10:34:34.017811632Z: [    5.093983] IPVS: [fo] scheduler registered.
[STDERR  ] 2018-01-16T10:34:34.017817262Z: [    5.094213] IPVS: [ovf] scheduler registered.
[STDERR  ] 2018-01-16T10:34:34.017822736Z: [    5.094594] IPVS: [lblc] scheduler registered.
[STDERR  ] 2018-01-16T10:34:34.017828223Z: [    5.094893] IPVS: [lblcr] scheduler registered.
[STDERR  ] 2018-01-16T10:34:34.017833825Z: [    5.095116] IPVS: [dh] scheduler registered.
[STDERR  ] 2018-01-16T10:34:34.017839356Z: [    5.095310] IPVS: [sh] scheduler registered.
[STDERR  ] 2018-01-16T10:34:34.017844841Z: [    5.095486] IPVS: [sed] scheduler registered.
[STDERR  ] 2018-01-16T10:34:34.017850658Z: [    5.095717] IPVS: [nq] scheduler registered.
[STDERR  ] 2018-01-16T10:34:34.017856077Z: [    5.096430] IPVS: ftp: loaded support on port[0] = 21
[STDERR  ] 2018-01-16T10:34:34.017861643Z: [    5.097092] ipip: IPv4 and MPLS over IPv4 tunneling driver
[STDERR  ] 2018-01-16T10:34:34.017870225Z: [    5.100866] gre: GRE over IPv4 demultiplexor driver
[STDERR  ] 2018-01-16T10:34:34.017875861Z: [    5.103405] ip_tables: (C) 2000-2006 Netfilter Core Team
[STDERR  ] 2018-01-16T10:34:34.017881371Z: [    5.106623] ipt_CLUSTERIP: ClusterIP Version 0.8 loaded successfully
[STDERR  ] 2018-01-16T10:34:34.0178869Z: [    5.107187] arp_tables: arp_tables: (C) 2002 David S. Miller
[STDERR  ] 2018-01-16T10:34:34.017892424Z: [    5.109245] NET: Registered protocol family 10
[STDERR  ] 2018-01-16T10:34:34.017898058Z: [    5.118897] Segment Routing with IPv6
[STDERR  ] 2018-01-16T10:34:34.017903597Z: [    5.119734] ip6_tables: (C) 2000-2006 Netfilter Core Team
[STDERR  ] 2018-01-16T10:34:34.01790917Z: [    5.127258] NET: Registered protocol family 17
[STDERR  ] 2018-01-16T10:34:34.017914731Z: [    5.128249] Bridge firewalling registered
[STDERR  ] 2018-01-16T10:34:34.017922891Z: [    5.128793] Ebtables v2.0 registered
[STDERR  ] 2018-01-16T10:34:34.017928475Z: [    5.132431] 8021q: 802.1Q VLAN Support v1.8
[STDERR  ] 2018-01-16T10:34:34.017934063Z: [    5.133846] 9pnet: Installing 9P2000 support
[STDERR  ] 2018-01-16T10:34:34.017941775Z: [    5.135264] Key type dns_resolver registered
[STDERR  ] 2018-01-16T10:34:34.017947372Z: [    5.136546] sched_clock: Marking stable (5130206990, 0)->(5277636461, -147429471)
[STDERR  ] 2018-01-16T10:34:34.017952891Z: [    5.139616] registered taskstats version 1
[STDERR  ] 2018-01-16T10:34:34.017958313Z: [    5.344142] ata1: SATA link down (SStatus 0 SControl 300)
[STDERR  ] 2018-01-16T10:34:34.017963845Z: [    5.354443] ata4: SATA link down (SStatus 0 SControl 300)
[STDERR  ] 2018-01-16T10:34:34.017969382Z: [    5.355777] ata3: SATA link up 1.5 Gbps (SStatus 113 SControl 300)
[STDERR  ] 2018-01-16T10:34:34.017974906Z: [    5.359685] ata3.00: ATAPI: QEMU DVD-ROM, 2.5+, max UDMA/100
[STDERR  ] 2018-01-16T10:34:34.017982913Z: [    5.360504] ata3.00: applying bridge limits
[STDERR  ] 2018-01-16T10:34:34.017990297Z: [    5.361836] ata6: SATA link down (SStatus 0 SControl 300)
[STDERR  ] 2018-01-16T10:34:34.017995898Z: [    5.362506] ata2: SATA link down (SStatus 0 SControl 300)
[STDERR  ] 2018-01-16T10:34:34.018001425Z: [    5.363112] ata5: SATA link down (SStatus 0 SControl 300)
[STDERR  ] 2018-01-16T10:34:34.01800689Z: [    5.366854] ata3.00: configured for UDMA/100
[STDERR  ] 2018-01-16T10:34:34.018012516Z: [    5.381035] scsi 2:0:0:0: CD-ROM            QEMU     QEMU DVD-ROM     2.5+ PQ: 0 ANSI: 5
[STDERR  ] 2018-01-16T10:34:34.018018228Z: [    5.386246] Key type big_key registered
[STDERR  ] 2018-01-16T10:34:34.018023723Z: [    5.413609] sr 2:0:0:0: [sr0] scsi3-mmc drive: 4x/4x cd/rw xa/form2 tray
[STDERR  ] 2018-01-16T10:34:34.018029208Z: [    5.414188] cdrom: Uniform CD-ROM driver Revision: 3.20
[STDERR  ] 2018-01-16T10:34:34.018034717Z: [    5.424378] sr 2:0:0:0: Attached scsi generic sg0 type 5
[STDERR  ] 2018-01-16T10:34:34.018040168Z: [    5.477509] Key type encrypted registered
[STDERR  ] 2018-01-16T10:34:34.018052311Z: [    5.483624] rtc_cmos 00:00: setting system clock to 2018-01-16 10:34:20 UTC (1516098860)
[STDERR  ] 2018-01-16T10:34:34.018057996Z: [    5.636692] Freeing unused kernel memory: 1492K
[STDERR  ] 2018-01-16T10:34:34.018063512Z: [    5.636983] Write protecting the kernel read-only data: 18432k
[STDERR  ] 2018-01-16T10:34:34.018069148Z: [    5.649772] Freeing unused kernel memory: 2028K
[STDERR  ] 2018-01-16T10:34:34.018074623Z: [    5.683308] Freeing unused kernel memory: 1144K
[STDERR  ] 2018-01-16T10:34:34.018080169Z: [    5.684358] tsc: Refined TSC clocksource calibration: 2599.931 MHz
[STDERR  ] 2018-01-16T10:34:34.01808634Z: [    5.684900] clocksource: tsc: mask: 0xffffffffffffffff max_cycles: 0x2579fab3b11, max_idle_ns: 440795225635 ns
[STDERR  ] 2018-01-16T10:34:34.018091956Z: [    6.698168] clocksource: Switched to clocksource tsc
[STDERR  ] 2018-01-16T10:34:34.018097595Z: 
[STDERR  ] 2018-01-16T10:34:34.018103358Z: Welcome to LinuxKit
[STDERR  ] 2018-01-16T10:34:34.018108813Z: 
[STDERR  ] 2018-01-16T10:34:34.018114303Z:                         ##         .
[STDERR  ] 2018-01-16T10:34:34.018119917Z:                   ## ## ##        ==
[STDERR  ] 2018-01-16T10:34:34.018125515Z:                ## ## ## ## ##    ===
[STDERR  ] 2018-01-16T10:34:34.018130981Z:            /"""""""""""""""""\___/ ===
[STDERR  ] 2018-01-16T10:34:34.018136503Z:           {                       /  ===-
[STDERR  ] 2018-01-16T10:34:34.018141961Z:            \______ O           __/
[STDERR  ] 2018-01-16T10:34:34.018147443Z:              \    \         __/
[STDERR  ] 2018-01-16T10:34:34.018152981Z:               \____\_______/
[STDERR  ] 2018-01-16T10:34:34.018158415Z: 
[STDERR  ] 2018-01-16T10:34:34.018163958Z: Linux linuxkit-e6a731bb9f9f 4.14.13-linuxkit #1 SMP Mon Jan 15 16:45:28 UTC 2018 x86_64 Linux
[STDERR  ] 2018-01-16T10:34:34.01816959Z: filename:       hello_world.ko
[STDERR  ] 2018-01-16T10:34:34.018178063Z: author:         Rolf Neugebauer <rolf.neugebauer@docker.com>
[STDERR  ] 2018-01-16T10:34:34.018185572Z: description:    A simple Hello World kernel module for testing
[STDERR  ] 2018-01-16T10:34:34.018191232Z: license:        GPL
[STDERR  ] 2018-01-16T10:34:34.018196779Z: depends:        
[STDERR  ] 2018-01-16T10:34:34.018202373Z: vermagic:       4.14.13-linuxkit SMP mod_unload modversions RANDSTRUCT_PLUGIN_29fc908ee49fef5862602d5ba3f11a126fb72fc03bbe324ccb5c6fad8d585e03
[STDERR  ] 2018-01-16T10:34:34.018208406Z: [   13.368004] hello_world: loading out-of-tree module taints kernel.
[STDERR  ] 2018-01-16T10:34:34.018214028Z: [   13.377214] Hello LinuxKit
[STDERR  ] 2018-01-16T10:34:34.018219521Z: [   13.488237] Goodbye LinuxKit.
[STDERR  ] 2018-01-16T10:34:34.018225108Z: Kernel module test suite PASSED
[STDERR  ] 2018-01-16T10:34:34.0182307Z: [   17.985038] ACPI: Preparing to enter system sleep state S5
[STDERR  ] 2018-01-16T10:34:34.018236275Z: [   17.986649] reboot: Power down
[STDERR  ] 2018-01-16T10:34:34.018241788Z: + grep -q Hello LinuxKit
[STDERR  ] 2018-01-16T10:34:34.019045642Z: + echo [    0.000000] Linux version 4.14.13-linuxkit (root@1e50b326ecfa) (gcc version 6.4.0 (Alpine 6.4.0)) #1 SMP Mon Jan 15 16:45:28 UTC 2018
[STDERR  ] 2018-01-16T10:34:34.019079454Z: [    0.000000] Command line: console=ttyS0 console=ttyAMA0
[STDERR  ] 2018-01-16T10:34:34.019090226Z: [    0.000000] x86/fpu: x87 FPU will use FXSAVE
[STDERR  ] 2018-01-16T10:34:34.019098671Z: [    0.000000] e820: BIOS-provided physical RAM map:
[STDERR  ] 2018-01-16T10:34:34.019107639Z: [    0.000000] BIOS-e820: [mem 0x0000000000000000-0x000000000009fbff] usable
[STDERR  ] 2018-01-16T10:34:34.0191294Z: [    0.000000] BIOS-e820: [mem 0x000000000009fc00-0x000000000009ffff] reserved
[STDERR  ] 2018-01-16T10:34:34.019139319Z: [    0.000000] BIOS-e820: [mem 0x00000000000f0000-0x00000000000fffff] reserved
[STDERR  ] 2018-01-16T10:34:34.019148529Z: [    0.000000] BIOS-e820: [mem 0x0000000000100000-0x000000003ffdefff] usable
[STDERR  ] 2018-01-16T10:34:34.019156716Z: [    0.000000] BIOS-e820: [mem 0x000000003ffdf000-0x000000003fffffff] reserved
[STDERR  ] 2018-01-16T10:34:34.019174642Z: [    0.000000] BIOS-e820: [mem 0x00000000b0000000-0x00000000bfffffff] reserved
[STDERR  ] 2018-01-16T10:34:34.019183574Z: [    0.000000] BIOS-e820: [mem 0x00000000fed1c000-0x00000000fed1ffff] reserved
[STDERR  ] 2018-01-16T10:34:34.019209541Z: [    0.000000] BIOS-e820: [mem 0x00000000fffc0000-0x00000000ffffffff] reserved
[STDERR  ] 2018-01-16T10:34:34.019218942Z: [    0.000000] NX (Execute Disable) protection: active
[STDERR  ] 2018-01-16T10:34:34.019231096Z: [    0.000000] random: fast init done
[STDERR  ] 2018-01-16T10:34:34.019239212Z: [    0.000000] SMBIOS 2.8 present.
[STDERR  ] 2018-01-16T10:34:34.019247919Z: [    0.000000] DMI: QEMU Standard PC (Q35 + ICH9, 2009), BIOS rel-1.10.2-0-g5f4c7b1-prebuilt.qemu-project.org 04/01/2014
[STDERR  ] 2018-01-16T10:34:34.019256734Z: [    0.000000] tsc: Fast TSC calibration using PIT
[STDERR  ] 2018-01-16T10:34:34.019299791Z: [    0.000000] e820: last_pfn = 0x3ffdf max_arch_pfn = 0x400000000
[STDERR  ] 2018-01-16T10:34:34.019308977Z: [    0.000000] x86/PAT: Configuration [0-7]: WB  WC  UC- UC  WB  WP  UC- WT  
[STDERR  ] 2018-01-16T10:34:34.019318267Z: [    0.000000] found SMP MP-table at [mem 0x000f6aa0-0x000f6aaf] mapped at [ffffffffff200aa0]
[STDERR  ] 2018-01-16T10:34:34.019326779Z: [    0.000000] RAMDISK: [mem 0x3e6e4000-0x3ffcffff]
[STDERR  ] 2018-01-16T10:34:34.019334904Z: [    0.000000] ACPI: Early table checksum verification disabled
[STDERR  ] 2018-01-16T10:34:34.019508243Z: [    0.000000] ACPI: RSDP 0x00000000000F68B0 000014 (v00 BOCHS )
[STDERR  ] 2018-01-16T10:34:34.01951732Z: [    0.000000] ACPI: RSDT 0x000000003FFE20A8 000034 (v01 BOCHS  BXPCRSDT 00000001 BXPC 00000001)
[STDERR  ] 2018-01-16T10:34:34.019526544Z: [    0.000000] ACPI: FACP 0x000000003FFE1EC8 0000F4 (v03 BOCHS  BXPCFACP 00000001 BXPC 00000001)
[STDERR  ] 2018-01-16T10:34:34.01953465Z: [    0.000000] ACPI: DSDT 0x000000003FFE0040 001E88 (v01 BOCHS  BXPCDSDT 00000001 BXPC 00000001)
[STDERR  ] 2018-01-16T10:34:34.019548722Z: [    0.000000] ACPI: FACS 0x000000003FFE0000 000040
[STDERR  ] 2018-01-16T10:34:34.019558004Z: [    0.000000] ACPI: APIC 0x000000003FFE1FBC 000078 (v01 BOCHS  BXPCAPIC 00000001 BXPC 00000001)
[STDERR  ] 2018-01-16T10:34:34.019566719Z: [    0.000000] ACPI: HPET 0x000000003FFE2034 000038 (v01 BOCHS  BXPCHPET 00000001 BXPC 00000001)
[STDERR  ] 2018-01-16T10:34:34.019579805Z: [    0.000000] ACPI: MCFG 0x000000003FFE206C 00003C (v01 BOCHS  BXPCMCFG 00000001 BXPC 00000001)
[STDERR  ] 2018-01-16T10:34:34.019588512Z: [    0.000000] Zone ranges:
[STDERR  ] 2018-01-16T10:34:34.019597608Z: [    0.000000]   DMA      [mem 0x0000000000001000-0x0000000000ffffff]
[STDERR  ] 2018-01-16T10:34:34.019606444Z: [    0.000000]   DMA32    [mem 0x0000000001000000-0x000000003ffdefff]
[STDERR  ] 2018-01-16T10:34:34.019614895Z: [    0.000000]   Normal   empty
[STDERR  ] 2018-01-16T10:34:34.019623632Z: [    0.000000]   Device   empty
[STDERR  ] 2018-01-16T10:34:34.019632083Z: [    0.000000] Movable zone start for each node
[STDERR  ] 2018-01-16T10:34:34.01964068Z: [    0.000000] Early memory node ranges
[STDERR  ] 2018-01-16T10:34:34.019649512Z: [    0.000000]   node   0: [mem 0x0000000000001000-0x000000000009efff]
[STDERR  ] 2018-01-16T10:34:34.01966005Z: [    0.000000]   node   0: [mem 0x0000000000100000-0x000000003ffdefff]
[STDERR  ] 2018-01-16T10:34:34.01966892Z: [    0.000000] Initmem setup node 0 [mem 0x0000000000001000-0x000000003ffdefff]
[STDERR  ] 2018-01-16T10:34:34.019677662Z: [    0.000000] ACPI: PM-Timer IO Port: 0x608
[STDERR  ] 2018-01-16T10:34:34.019686244Z: [    0.000000] ACPI: LAPIC_NMI (acpi_id[0xff] dfl dfl lint[0x1])
[STDERR  ] 2018-01-16T10:34:34.019694813Z: [    0.000000] IOAPIC[0]: apic_id 0, version 32, address 0xfec00000, GSI 0-23
[STDERR  ] 2018-01-16T10:34:34.019703235Z: [    0.000000] ACPI: INT_SRC_OVR (bus 0 bus_irq 0 global_irq 2 dfl dfl)
[STDERR  ] 2018-01-16T10:34:34.019711597Z: [    0.000000] ACPI: INT_SRC_OVR (bus 0 bus_irq 5 global_irq 5 high level)
[STDERR  ] 2018-01-16T10:34:34.019720064Z: [    0.000000] ACPI: INT_SRC_OVR (bus 0 bus_irq 9 global_irq 9 high level)
[STDERR  ] 2018-01-16T10:34:34.019734929Z: [    0.000000] ACPI: INT_SRC_OVR (bus 0 bus_irq 10 global_irq 10 high level)
[STDERR  ] 2018-01-16T10:34:34.019743054Z: [    0.000000] ACPI: INT_SRC_OVR (bus 0 bus_irq 11 global_irq 11 high level)
[STDERR  ] 2018-01-16T10:34:34.019767957Z: [    0.000000] Using ACPI (MADT) for SMP configuration information
[STDERR  ] 2018-01-16T10:34:34.019776337Z: [    0.000000] ACPI: HPET id: 0x8086a201 base: 0xfed00000
[STDERR  ] 2018-01-16T10:34:34.019788315Z: [    0.000000] smpboot: Allowing 1 CPUs, 0 hotplug CPUs
[STDERR  ] 2018-01-16T10:34:34.01979699Z: [    0.000000] e820: [mem 0x40000000-0xafffffff] available for PCI devices
[STDERR  ] 2018-01-16T10:34:34.019805918Z: [    0.000000] Booting paravirtualized kernel on bare hardware
[STDERR  ] 2018-01-16T10:34:34.019815765Z: [    0.000000] clocksource: refined-jiffies: mask: 0xffffffff max_cycles: 0xffffffff, max_idle_ns: 19112604462750000 ns
[STDERR  ] 2018-01-16T10:34:34.019825516Z: [    0.000000] setup_percpu: NR_CPUS:128 nr_cpumask_bits:128 nr_cpu_ids:1 nr_node_ids:1
[STDERR  ] 2018-01-16T10:34:34.019834517Z: [    0.000000] percpu: Embedded 44 pages/cpu @ffff8be9fe400000 s143064 r8192 d28968 u2097152
[STDERR  ] 2018-01-16T10:34:34.01984815Z: [    0.000000] Built 1 zonelists, mobility grouping on.  Total pages: 257896
[STDERR  ] 2018-01-16T10:34:34.019857669Z: [    0.000000] Kernel command line: console=ttyS0 console=ttyAMA0
[STDERR  ] 2018-01-16T10:34:34.019868974Z: [    0.000000] PID hash table entries: 4096 (order: 3, 32768 bytes)
[STDERR  ] 2018-01-16T10:34:34.01987744Z: [    0.000000] Dentry cache hash table entries: 131072 (order: 8, 1048576 bytes)
[STDERR  ] 2018-01-16T10:34:34.019885813Z: [    0.000000] Inode-cache hash table entries: 65536 (order: 7, 524288 bytes)
[STDERR  ] 2018-01-16T10:34:34.019894477Z: [    0.000000] Memory: 979344K/1048052K available (12300K kernel code, 1451K rwdata, 2952K rodata, 1492K init, 628K bss, 68708K reserved, 0K cma-reserved)
[STDERR  ] 2018-01-16T10:34:34.019909294Z: [    0.000000] ftrace: allocating 40625 entries in 159 pages
[STDERR  ] 2018-01-16T10:34:34.019918395Z: [    0.000000] Hierarchical RCU implementation.
[STDERR  ] 2018-01-16T10:34:34.019927059Z: [    0.000000] 	RCU restricting CPUs from NR_CPUS=128 to nr_cpu_ids=1.
[STDERR  ] 2018-01-16T10:34:34.019936199Z: [    0.000000] RCU: Adjusting geometry for rcu_fanout_leaf=16, nr_cpu_ids=1
[STDERR  ] 2018-01-16T10:34:34.019944595Z: [    0.000000] NR_IRQS: 8448, nr_irqs: 256, preallocated irqs: 16
[STDERR  ] 2018-01-16T10:34:34.019953243Z: [    0.000000] Console: colour VGA+ 80x25
[STDERR  ] 2018-01-16T10:34:34.019961679Z: [    0.000000] console [ttyS0] enabled
[STDERR  ] 2018-01-16T10:34:34.019970125Z: [    0.000000] clocksource: hpet: mask: 0xffffffff max_cycles: 0xffffffff, max_idle_ns: 19112604467 ns
[STDERR  ] 2018-01-16T10:34:34.019979076Z: [    0.000000] tsc: Fast TSC calibration using PIT
[STDERR  ] 2018-01-16T10:34:34.019987541Z: [    0.000000] tsc: Detected 2599.918 MHz processor
[STDERR  ] 2018-01-16T10:34:34.020070339Z: [    0.001809] Calibrating delay loop (skipped), value calculated using timer frequency.. 5199.83 BogoMIPS (lpj=25999180)
[STDERR  ] 2018-01-16T10:34:34.020079394Z: [    0.002270] pid_max: default: 32768 minimum: 301
[STDERR  ] 2018-01-16T10:34:34.020087779Z: [    0.003016] ACPI: Core revision 20170728
[STDERR  ] 2018-01-16T10:34:34.020096142Z: [    0.036502] ACPI: 1 ACPI AML tables successfully acquired and loaded
[STDERR  ] 2018-01-16T10:34:34.020104662Z: [    0.038541] Security Framework initialized
[STDERR  ] 2018-01-16T10:34:34.020116486Z: [    0.038861] Yama: becoming mindful.
[STDERR  ] 2018-01-16T10:34:34.020124843Z: [    0.041785] Mount-cache hash table entries: 2048 (order: 2, 16384 bytes)
[STDERR  ] 2018-01-16T10:34:34.020133319Z: [    0.042244] Mountpoint-cache hash table entries: 2048 (order: 2, 16384 bytes)
[STDERR  ] 2018-01-16T10:34:34.020142225Z: [    0.060131] Last level iTLB entries: 4KB 0, 2MB 0, 4MB 0
[STDERR  ] 2018-01-16T10:34:34.020151262Z: [    0.060516] Last level dTLB entries: 4KB 0, 2MB 0, 4MB 0, 1GB 0
[STDERR  ] 2018-01-16T10:34:34.020165495Z: [    0.370361] Freeing SMP alternatives memory: 20K
[STDERR  ] 2018-01-16T10:34:34.020173792Z: [    0.391084] smpboot: Max logical packages: 1
[STDERR  ] 2018-01-16T10:34:34.020181877Z: [    0.397772] ..TIMER: vector=0x30 apic1=0 pin1=2 apic2=-1 pin2=-1
[STDERR  ] 2018-01-16T10:34:34.020190568Z: [    0.500000] smpboot: CPU0: AMD QEMU Virtual CPU version 2.5+ (family: 0x6, model: 0x6, stepping: 0x3)
[STDERR  ] 2018-01-16T10:34:34.020199115Z: [    0.500000] Performance Events: PMU not available due to virtualization, using software events only.
[STDERR  ] 2018-01-16T10:34:34.020207638Z: [    0.504757] Hierarchical SRCU implementation.
[STDERR  ] 2018-01-16T10:34:34.020215915Z: [    0.510536] NMI watchdog: Perf event create on CPU 0 failed with -2
[STDERR  ] 2018-01-16T10:34:34.020225101Z: [    0.511008] NMI watchdog: Perf NMI watchdog permanently disabled
[STDERR  ] 2018-01-16T10:34:34.020233758Z: [    0.514388] smp: Bringing up secondary CPUs ...
[STDERR  ] 2018-01-16T10:34:34.020242043Z: [    0.514731] smp: Brought up 1 node, 1 CPU
[STDERR  ] 2018-01-16T10:34:34.020250404Z: [    0.515080] smpboot: Total of 1 processors activated (5199.83 BogoMIPS)
[STDERR  ] 2018-01-16T10:34:34.02025896Z: [    0.530668] devtmpfs: initialized
[STDERR  ] 2018-01-16T10:34:34.020267894Z: [    0.537131] x86/mm: Memory block size: 128MB
[STDERR  ] 2018-01-16T10:34:34.020276196Z: [    0.546294] clocksource: jiffies: mask: 0xffffffff max_cycles: 0xffffffff, max_idle_ns: 19112604462750000 ns
[STDERR  ] 2018-01-16T10:34:34.020284871Z: [    0.546704] futex hash table entries: 256 (order: 2, 16384 bytes)
[STDERR  ] 2018-01-16T10:34:34.020293541Z: [    0.555722] NET: Registered protocol family 16
[STDERR  ] 2018-01-16T10:34:34.020301802Z: [    0.562628] cpuidle: using governor ladder
[STDERR  ] 2018-01-16T10:34:34.020310305Z: [    0.563000] cpuidle: using governor menu
[STDERR  ] 2018-01-16T10:34:34.020324003Z: [    0.564862] ACPI: bus type PCI registered
[STDERR  ] 2018-01-16T10:34:34.020332425Z: [    0.567555] PCI: MMCONFIG for domain 0000 [bus 00-ff] at [mem 0xb0000000-0xbfffffff] (base 0xb0000000)
[STDERR  ] 2018-01-16T10:34:34.020341683Z: [    0.568331] PCI: MMCONFIG at [mem 0xb0000000-0xbfffffff] reserved in E820
[STDERR  ] 2018-01-16T10:34:34.020349251Z: [    0.569212] PCI: Using configuration type 1 for base access
[STDERR  ] 2018-01-16T10:34:34.020354954Z: [    0.614393] HugeTLB registered 2.00 MiB page size, pre-allocated 0 pages
[STDERR  ] 2018-01-16T10:34:34.020360682Z: [    0.633590] ACPI: Added _OSI(Module Device)
[STDERR  ] 2018-01-16T10:34:34.020366569Z: [    0.633782] ACPI: Added _OSI(Processor Device)
[STDERR  ] 2018-01-16T10:34:34.020372154Z: [    0.633869] ACPI: Added _OSI(3.0 _SCP Extensions)
[STDERR  ] 2018-01-16T10:34:34.020377758Z: [    0.633955] ACPI: Added _OSI(Processor Aggregator Device)
[STDERR  ] 2018-01-16T10:34:34.020384078Z: [    0.683611] ACPI: Interpreter enabled
[STDERR  ] 2018-01-16T10:34:34.020392504Z: [    0.684456] ACPI: (supports S0 S5)
[STDERR  ] 2018-01-16T10:34:34.020401388Z: [    0.684767] ACPI: Using IOAPIC for interrupt routing
[STDERR  ] 2018-01-16T10:34:34.020410019Z: [    0.687017] PCI: Using host bridge windows from ACPI; if necessary, use "pci=nocrs" and report a bug
[STDERR  ] 2018-01-16T10:34:34.020418983Z: [    0.690000] ACPI: Enabled 1 GPEs in block 00 to 3F
[STDERR  ] 2018-01-16T10:34:34.020427404Z: [    0.736030] ACPI: PCI Root Bridge [PCI0] (domain 0000 [bus 00-ff])
[STDERR  ] 2018-01-16T10:34:34.020435962Z: [    0.736865] acpi PNP0A08:00: _OSC: OS supports [ExtendedConfig ASPM ClockPM Segments MSI]
[STDERR  ] 2018-01-16T10:34:34.020447559Z: [    0.741157] acpi PNP0A08:00: _OSC: OS now controls [PCIeHotplug PME PCIeCapability]
[STDERR  ] 2018-01-16T10:34:34.02045619Z: [    0.744755] PCI host bridge to bus 0000:00
[STDERR  ] 2018-01-16T10:34:34.020467119Z: [    0.745339] pci_bus 0000:00: root bus resource [io  0x0000-0x0cf7 window]
[STDERR  ] 2018-01-16T10:34:34.020475697Z: [    0.745720] pci_bus 0000:00: root bus resource [io  0x0d00-0xffff window]
[STDERR  ] 2018-01-16T10:34:34.020490415Z: [    0.746051] pci_bus 0000:00: root bus resource [mem 0x000a0000-0x000bffff window]
[STDERR  ] 2018-01-16T10:34:34.020500842Z: [    0.746315] pci_bus 0000:00: root bus resource [mem 0xc0000000-0xfebfffff window]
[STDERR  ] 2018-01-16T10:34:34.020509627Z: [    0.746825] pci_bus 0000:00: root bus resource [bus 00-ff]
[STDERR  ] 2018-01-16T10:34:34.020517954Z: [    0.917356] pci 0000:00:1f.0: quirk: [io  0x0600-0x067f] claimed by ICH6 ACPI/GPIO/TCO
[STDERR  ] 2018-01-16T10:34:34.020526821Z: [    1.008257] ACPI: PCI Interrupt Link [LNKA] (IRQs 5 *10 11)
[STDERR  ] 2018-01-16T10:34:34.020538054Z: [    1.011550] ACPI: PCI Interrupt Link [LNKB] (IRQs 5 *10 11)
[STDERR  ] 2018-01-16T10:34:34.020546524Z: [    1.013350] ACPI: PCI Interrupt Link [LNKC] (IRQs 5 10 *11)
[STDERR  ] 2018-01-16T10:34:34.020555047Z: [    1.014946] ACPI: PCI Interrupt Link [LNKD] (IRQs 5 10 *11)
[STDERR  ] 2018-01-16T10:34:34.020563671Z: [    1.016514] ACPI: PCI Interrupt Link [LNKE] (IRQs 5 *10 11)
[STDERR  ] 2018-01-16T10:34:34.020572039Z: [    1.017772] ACPI: PCI Interrupt Link [LNKF] (IRQs 5 *10 11)
[STDERR  ] 2018-01-16T10:34:34.020580335Z: [    1.019317] ACPI: PCI Interrupt Link [LNKG] (IRQs 5 10 *11)
[STDERR  ] 2018-01-16T10:34:34.02058872Z: [    1.020847] ACPI: PCI Interrupt Link [LNKH] (IRQs 5 10 *11)
[STDERR  ] 2018-01-16T10:34:34.02059699Z: [    1.021540] ACPI: PCI Interrupt Link [GSIA] (IRQs *16)
[STDERR  ] 2018-01-16T10:34:34.020605229Z: [    1.022073] ACPI: PCI Interrupt Link [GSIB] (IRQs *17)
[STDERR  ] 2018-01-16T10:34:34.02061355Z: [    1.022742] ACPI: PCI Interrupt Link [GSIC] (IRQs *18)
[STDERR  ] 2018-01-16T10:34:34.020622014Z: [    1.023361] ACPI: PCI Interrupt Link [GSID] (IRQs *19)
[STDERR  ] 2018-01-16T10:34:34.020630321Z: [    1.023896] ACPI: PCI Interrupt Link [GSIE] (IRQs *20)
[STDERR  ] 2018-01-16T10:34:34.020639364Z: [    1.024413] ACPI: PCI Interrupt Link [GSIF] (IRQs *21)
[STDERR  ] 2018-01-16T10:34:34.020651561Z: [    1.024983] ACPI: PCI Interrupt Link [GSIG] (IRQs *22)
[STDERR  ] 2018-01-16T10:34:34.020660421Z: [    1.025545] ACPI: PCI Interrupt Link [GSIH] (IRQs *23)
[STDERR  ] 2018-01-16T10:34:34.020668799Z: [    1.033166] SCSI subsystem initialized
[STDERR  ] 2018-01-16T10:34:34.020680768Z: [    1.035970] ACPI: bus type USB registered
[STDERR  ] 2018-01-16T10:34:34.020689133Z: [    1.036958] usbcore: registered new interface driver usbfs
[STDERR  ] 2018-01-16T10:34:34.020697485Z: [    1.037881] usbcore: registered new interface driver hub
[STDERR  ] 2018-01-16T10:34:34.020705905Z: [    1.038765] usbcore: registered new device driver usb
[STDERR  ] 2018-01-16T10:34:34.020716946Z: [    1.039780] pps_core: LinuxPPS API ver. 1 registered
[STDERR  ] 2018-01-16T10:34:34.020724421Z: [    1.039923] pps_core: Software ver. 5.3.6 - Copyright 2005-2007 Rodolfo Giometti <giometti@linux.it>
[STDERR  ] 2018-01-16T10:34:34.020732987Z: [    1.040223] PTP clock support registered
[STDERR  ] 2018-01-16T10:34:34.020740755Z: [    1.042949] PCI: Using ACPI for IRQ routing
[STDERR  ] 2018-01-16T10:34:34.020748584Z: [    1.058809] NetLabel: Initializing
[STDERR  ] 2018-01-16T10:34:34.020756945Z: [    1.059199] NetLabel:  domain hash size = 128
[STDERR  ] 2018-01-16T10:34:34.020765844Z: [    1.059356] NetLabel:  protocols = UNLABELED CIPSOv4 CALIPSO
[STDERR  ] 2018-01-16T10:34:34.020774182Z: [    1.062441] NetLabel:  unlabeled traffic allowed by default
[STDERR  ] 2018-01-16T10:34:34.020782748Z: [    1.063804] HPET: 3 timers in total, 0 timers will be used for per-cpu timer
[STDERR  ] 2018-01-16T10:34:34.020791899Z: [    1.064612] hpet0: at MMIO 0xfed00000, IRQs 2, 8, 0
[STDERR  ] 2018-01-16T10:34:34.020800373Z: [    1.064928] hpet0: 3 comparators, 64-bit 100.000000 MHz counter
[STDERR  ] 2018-01-16T10:34:34.020808791Z: [    1.071235] clocksource: Switched to clocksource hpet
[STDERR  ] 2018-01-16T10:34:34.020817516Z: [    1.275784] VFS: Disk quotas dquot_6.6.0
[STDERR  ] 2018-01-16T10:34:34.020825862Z: [    1.276453] VFS: Dquot-cache hash table entries: 512 (order 0, 4096 bytes)
[STDERR  ] 2018-01-16T10:34:34.020838799Z: [    1.279707] FS-Cache: Loaded
[STDERR  ] 2018-01-16T10:34:34.020848049Z: [    1.286619] CacheFiles: Loaded
[STDERR  ] 2018-01-16T10:34:34.020856694Z: [    1.287866] pnp: PnP ACPI init
[STDERR  ] 2018-01-16T10:34:34.020865463Z: [    1.295553] pnp: PnP ACPI: found 5 devices
[STDERR  ] 2018-01-16T10:34:34.020873983Z: [    1.330438] clocksource: acpi_pm: mask: 0xffffff max_cycles: 0xffffff, max_idle_ns: 2085701024 ns
[STDERR  ] 2018-01-16T10:34:34.020882734Z: [    1.333370] NET: Registered protocol family 2
[STDERR  ] 2018-01-16T10:34:34.0208912Z: [    1.342868] TCP established hash table entries: 8192 (order: 4, 65536 bytes)
[STDERR  ] 2018-01-16T10:34:34.020899669Z: [    1.343712] TCP bind hash table entries: 8192 (order: 5, 131072 bytes)
[STDERR  ] 2018-01-16T10:34:34.020908294Z: [    1.344390] TCP: Hash tables configured (established 8192 bind 8192)
[STDERR  ] 2018-01-16T10:34:34.020916948Z: [    1.346916] UDP hash table entries: 512 (order: 2, 16384 bytes)
[STDERR  ] 2018-01-16T10:34:34.020926172Z: [    1.347515] UDP-Lite hash table entries: 512 (order: 2, 16384 bytes)
[STDERR  ] 2018-01-16T10:34:34.020934693Z: [    1.349724] NET: Registered protocol family 1
[STDERR  ] 2018-01-16T10:34:34.020943259Z: [    1.351002] pci 0000:00:01.0: Video device with shadowed ROM at [mem 0x000c0000-0x000dffff]
[STDERR  ] 2018-01-16T10:34:34.020952026Z: [    1.356476] Trying to unpack rootfs image as initramfs...
[STDERR  ] 2018-01-16T10:34:34.020960519Z: [    4.665825] Freeing initrd memory: 25520K
[STDERR  ] 2018-01-16T10:34:34.020968807Z: [    4.687527] PCLMULQDQ-NI instructions are not detected.
[STDERR  ] 2018-01-16T10:34:34.020977073Z: [    4.688806] AVX or AES-NI instructions are not detected.
[STDERR  ] 2018-01-16T10:34:34.020985191Z: [    4.689265] CPU feature 'AVX registers' is not supported.
[STDERR  ] 2018-01-16T10:34:34.020999664Z: [    4.689594] CPU feature 'AVX registers' is not supported.
[STDERR  ] 2018-01-16T10:34:34.021012813Z: [    4.689901] CPU feature 'AVX registers' is not supported.
[STDERR  ] 2018-01-16T10:34:34.0210215Z: [    4.690641] CPU feature 'AVX registers' is not supported.
[STDERR  ] 2018-01-16T10:34:34.021029938Z: [    4.690895] AVX2 or AES-NI instructions are not detected.
[STDERR  ] 2018-01-16T10:34:34.021041449Z: [    4.691228] AVX2 instructions are not detected.
[STDERR  ] 2018-01-16T10:34:34.021050273Z: [    4.696165] audit: initializing netlink subsys (disabled)
[STDERR  ] 2018-01-16T10:34:34.021058924Z: [    4.699649] audit: type=2000 audit(1516098858.690:1): state=initialized audit_enabled=0 res=1
[STDERR  ] 2018-01-16T10:34:34.02106742Z: [    4.705483] workingset: timestamp_bits=46 max_order=18 bucket_order=0
[STDERR  ] 2018-01-16T10:34:34.021078024Z: [    4.709454] squashfs: version 4.0 (2009/01/31) Phillip Lougher
[STDERR  ] 2018-01-16T10:34:34.021086166Z: [    4.711954] FS-Cache: Netfs 'cifs' registered for caching
[STDERR  ] 2018-01-16T10:34:34.02109823Z: [    4.714011] fuse init (API version 7.26)
[STDERR  ] 2018-01-16T10:34:34.021107088Z: [    4.716066] SGI XFS with ACLs, security attributes, no debug enabled
[STDERR  ] 2018-01-16T10:34:34.021115895Z: [    4.719546] 9p: Installing v9fs 9p2000 file system support
[STDERR  ] 2018-01-16T10:34:34.021124566Z: [    4.720018] FS-Cache: Netfs '9p' registered for caching
[STDERR  ] 2018-01-16T10:34:34.021133161Z: [    4.749470] NET: Registered protocol family 38
[STDERR  ] 2018-01-16T10:34:34.021141732Z: [    4.749995] Key type asymmetric registered
[STDERR  ] 2018-01-16T10:34:34.021150285Z: [    4.751651] Asymmetric key parser 'x509' registered
[STDERR  ] 2018-01-16T10:34:34.021158587Z: [    4.752394] Block layer SCSI generic (bsg) driver version 0.4 loaded (major 248)
[STDERR  ] 2018-01-16T10:34:34.021167286Z: [    4.754101] io scheduler noop registered
[STDERR  ] 2018-01-16T10:34:34.021176022Z: [    4.754403] io scheduler deadline registered (default)
[STDERR  ] 2018-01-16T10:34:34.021184687Z: [    4.755186] io scheduler cfq registered
[STDERR  ] 2018-01-16T10:34:34.021197439Z: [    4.755460] io scheduler mq-deadline registered
[STDERR  ] 2018-01-16T10:34:34.02120625Z: [    4.755712] io scheduler kyber registered
[STDERR  ] 2018-01-16T10:34:34.021214534Z: [    4.758500] shpchp: Standard Hot Plug PCI Controller Driver version: 0.4
[STDERR  ] 2018-01-16T10:34:34.02122311Z: [    4.759203] hv_vmbus: registering driver hyperv_fb
[STDERR  ] 2018-01-16T10:34:34.021234108Z: [    4.763086] input: Power Button as /devices/LNXSYSTM:00/LNXPWRBN:00/input/input0
[STDERR  ] 2018-01-16T10:34:34.021242811Z: [    4.765864] ACPI: Power Button [PWRF]
[STDERR  ] 2018-01-16T10:34:34.021251333Z: [    4.779966] ACPI: PCI Interrupt Link [GSIG] enabled at IRQ 22
[STDERR  ] 2018-01-16T10:34:34.021262511Z: [    4.791396] ACPI: PCI Interrupt Link [GSIH] enabled at IRQ 23
[STDERR  ] 2018-01-16T10:34:34.021271008Z: [    4.797609] Serial: 8250/16550 driver, 4 ports, IRQ sharing disabled
[STDERR  ] 2018-01-16T10:34:34.021279866Z: [    4.821069] 00:04: ttyS0 at I/O 0x3f8 (irq = 4, base_baud = 115200) is a 16550A
[STDERR  ] 2018-01-16T10:34:34.021288247Z: [    4.830664] Non-volatile memory driver v1.3
[STDERR  ] 2018-01-16T10:34:34.021296638Z: [    4.838316] Hangcheck: starting hangcheck timer 0.9.1 (tick is 180 seconds, margin is 60 seconds).
[STDERR  ] 2018-01-16T10:34:34.021305331Z: [    4.851523] random: crng init done
[STDERR  ] 2018-01-16T10:34:34.02131382Z: [    4.895015] brd: module loaded
[STDERR  ] 2018-01-16T10:34:34.02132218Z: [    4.920910] loop: module loaded
[STDERR  ] 2018-01-16T10:34:34.021330809Z: [    4.969541] lpc_ich 0000:00:1f.0: I/O space for GPIO uninitialized
[STDERR  ] 2018-01-16T10:34:34.021340524Z: [    4.971866] VMware PVSCSI driver - version 1.0.7.0-k
[STDERR  ] 2018-01-16T10:34:34.021348854Z: [    4.972574] hv_vmbus: registering driver hv_storvsc
[STDERR  ] 2018-01-16T10:34:34.021357031Z: [    4.978928] ACPI: PCI Interrupt Link [GSIA] enabled at IRQ 16
[STDERR  ] 2018-01-16T10:34:34.021368898Z: [    4.986237] ahci 0000:00:1f.2: AHCI 0001.0000 32 slots 6 ports 1.5 Gbps 0x3f impl SATA mode
[STDERR  ] 2018-01-16T10:34:34.021376827Z: [    4.986860] ahci 0000:00:1f.2: flags: 64bit ncq only 
[STDERR  ] 2018-01-16T10:34:34.021384245Z: [    5.000605] scsi host0: ahci
[STDERR  ] 2018-01-16T10:34:34.021391518Z: [    5.003411] scsi host1: ahci
[STDERR  ] 2018-01-16T10:34:34.021399175Z: [    5.004865] scsi host2: ahci
[STDERR  ] 2018-01-16T10:34:34.021406533Z: [    5.006278] scsi host3: ahci
[STDERR  ] 2018-01-16T10:34:34.021414816Z: [    5.007693] scsi host4: ahci
[STDERR  ] 2018-01-16T10:34:34.021423297Z: [    5.009072] scsi host5: ahci
[STDERR  ] 2018-01-16T10:34:34.021431943Z: [    5.010508] ata1: SATA max UDMA/133 abar m4096@0xfebd2000 port 0xfebd2100 irq 24
[STDERR  ] 2018-01-16T10:34:34.021440336Z: [    5.010922] ata2: SATA max UDMA/133 abar m4096@0xfebd2000 port 0xfebd2180 irq 24
[STDERR  ] 2018-01-16T10:34:34.021448932Z: [    5.011079] ata3: SATA max UDMA/133 abar m4096@0xfebd2000 port 0xfebd2200 irq 24
[STDERR  ] 2018-01-16T10:34:34.021457297Z: [    5.011453] ata4: SATA max UDMA/133 abar m4096@0xfebd2000 port 0xfebd2280 irq 24
[STDERR  ] 2018-01-16T10:34:34.021465646Z: [    5.011727] ata5: SATA max UDMA/133 abar m4096@0xfebd2000 port 0xfebd2300 irq 24
[STDERR  ] 2018-01-16T10:34:34.021473918Z: [    5.012037] ata6: SATA max UDMA/133 abar m4096@0xfebd2000 port 0xfebd2380 irq 24
[STDERR  ] 2018-01-16T10:34:34.021482241Z: [    5.022384] tun: Universal TUN/TAP device driver, 1.6
[STDERR  ] 2018-01-16T10:34:34.021490691Z: [    5.035619] VMware vmxnet3 virtual NIC driver - version 1.4.a.0-k-NAPI
[STDERR  ] 2018-01-16T10:34:34.021499367Z: [    5.036496] hv_vmbus: registering driver hv_netvsc
[STDERR  ] 2018-01-16T10:34:34.021508258Z: [    5.036844] Fusion MPT base driver 3.04.20
[STDERR  ] 2018-01-16T10:34:34.021516609Z: [    5.037035] Copyright (c) 1999-2008 LSI Corporation
[STDERR  ] 2018-01-16T10:34:34.021524976Z: [    5.037508] Fusion MPT SPI Host driver 3.04.20
[STDERR  ] 2018-01-16T10:34:34.02153338Z: [    5.039927] i8042: PNP: PS/2 Controller [PNP0303:KBD,PNP0f13:MOU] at 0x60,0x64 irq 1,12
[STDERR  ] 2018-01-16T10:34:34.021551033Z: [    5.044708] serio: i8042 KBD port at 0x60,0x64 irq 1
[STDERR  ] 2018-01-16T10:34:34.021559594Z: [    5.045764] serio: i8042 AUX port at 0x60,0x64 irq 12
[STDERR  ] 2018-01-16T10:34:34.021568077Z: [    5.048082] hv_vmbus: registering driver hyperv_keyboard
[STDERR  ] 2018-01-16T10:34:34.021576721Z: [    5.049904] mousedev: PS/2 mouse device common for all mice
[STDERR  ] 2018-01-16T10:34:34.021588146Z: [    5.054602] input: AT Translated Set 2 keyboard as /devices/platform/i8042/serio0/input/input1
[STDERR  ] 2018-01-16T10:34:34.021597658Z: [    5.056938] input: PC Speaker as /devices/platform/pcspkr/input/input2
[STDERR  ] 2018-01-16T10:34:34.021606396Z: [    5.061156] rtc_cmos 00:00: RTC can wake from S4
[STDERR  ] 2018-01-16T10:34:34.021614912Z: [    5.064005] rtc_cmos 00:00: rtc core: registered rtc_cmos as rtc0
[STDERR  ] 2018-01-16T10:34:34.021626372Z: [    5.065103] rtc_cmos 00:00: alarms up to one day, y3k, 114 bytes nvram, hpet irqs
[STDERR  ] 2018-01-16T10:34:34.021635189Z: [    5.065752] i2c /dev entries driver
[STDERR  ] 2018-01-16T10:34:34.021643605Z: [    5.067578] device-mapper: ioctl: 4.37.0-ioctl (2017-09-20) initialised: dm-devel@redhat.com
[STDERR  ] 2018-01-16T10:34:34.021652681Z: [    5.071726] usbcore: registered new interface driver usbhid
[STDERR  ] 2018-01-16T10:34:34.021661272Z: [    5.071889] usbhid: USB HID core driver
[STDERR  ] 2018-01-16T10:34:34.021669881Z: [    5.072509] hv_utils: Registering HyperV Utility Driver
[STDERR  ] 2018-01-16T10:34:34.021678489Z: [    5.072830] hv_vmbus: registering driver hv_util
[STDERR  ] 2018-01-16T10:34:34.021686969Z: [    5.073058] hv_vmbus: registering driver hv_balloon
[STDERR  ] 2018-01-16T10:34:34.021695224Z: [    5.073507] oprofile: using NMI interrupt.
[STDERR  ] 2018-01-16T10:34:34.02170359Z: [    5.074630] GACT probability on
[STDERR  ] 2018-01-16T10:34:34.021711885Z: [    5.074918] Mirror/redirect action on
[STDERR  ] 2018-01-16T10:34:34.021724221Z: [    5.075472] Simple TC action Loaded
[STDERR  ] 2018-01-16T10:34:34.021732601Z: [    5.075944] u32 classifier
[STDERR  ] 2018-01-16T10:34:34.021743922Z: [    5.076082]     Performance counters on
[STDERR  ] 2018-01-16T10:34:34.021752553Z: [    5.076262]     input device check on
[STDERR  ] 2018-01-16T10:34:34.021760978Z: [    5.076440]     Actions configured
[STDERR  ] 2018-01-16T10:34:34.021766789Z: [    5.077058] Netfilter messages via NETLINK v0.30.
[STDERR  ] 2018-01-16T10:34:34.021772699Z: [    5.077500] nfnl_acct: registering with nfnetlink.
[STDERR  ] 2018-01-16T10:34:34.021778283Z: [    5.078652] nf_conntrack version 0.5.0 (8192 buckets, 32768 max)
[STDERR  ] 2018-01-16T10:34:34.021783868Z: [    5.081386] ctnetlink v0.93: registering with nfnetlink.
[STDERR  ] 2018-01-16T10:34:34.021789437Z: [    5.084239] nf_tables: (c) 2007-2009 Patrick McHardy <kaber@trash.net>
[STDERR  ] 2018-01-16T10:34:34.021797435Z: [    5.084925] nf_tables_compat: (c) 2012 Pablo Neira Ayuso <pablo@netfilter.org>
[STDERR  ] 2018-01-16T10:34:34.021803137Z: [    5.087116] xt_time: kernel timezone is -0000
[STDERR  ] 2018-01-16T10:34:34.021818509Z: [    5.087611] ip_set: protocol 6
[STDERR  ] 2018-01-16T10:34:34.021826949Z: [    5.088303] IPVS: Registered protocols (TCP, UDP, SCTP, AH, ESP)
[STDERR  ] 2018-01-16T10:34:34.02183558Z: [    5.088766] IPVS: Connection hash table configured (size=4096, memory=64Kbytes)
[STDERR  ] 2018-01-16T10:34:34.021844638Z: [    5.092894] IPVS: ipvs loaded.
[STDERR  ] 2018-01-16T10:34:34.021853001Z: [    5.093243] IPVS: [rr] scheduler registered.
[STDERR  ] 2018-01-16T10:34:34.021866858Z: [    5.093472] IPVS: [wrr] scheduler registered.
[STDERR  ] 2018-01-16T10:34:34.021875543Z: [    5.093652] IPVS: [lc] scheduler registered.
[STDERR  ] 2018-01-16T10:34:34.021884016Z: [    5.093792] IPVS: [wlc] scheduler registered.
[STDERR  ] 2018-01-16T10:34:34.021892366Z: [    5.093983] IPVS: [fo] scheduler registered.
[STDERR  ] 2018-01-16T10:34:34.021900837Z: [    5.094213] IPVS: [ovf] scheduler registered.
[STDERR  ] 2018-01-16T10:34:34.021909177Z: [    5.094594] IPVS: [lblc] scheduler registered.
[STDERR  ] 2018-01-16T10:34:34.021922051Z: [    5.094893] IPVS: [lblcr] scheduler registered.
[STDERR  ] 2018-01-16T10:34:34.021930486Z: [    5.095116] IPVS: [dh] scheduler registered.
[STDERR  ] 2018-01-16T10:34:34.02193877Z: [    5.095310] IPVS: [sh] scheduler registered.
[STDERR  ] 2018-01-16T10:34:34.021947075Z: [    5.095486] IPVS: [sed] scheduler registered.
[STDERR  ] 2018-01-16T10:34:34.021955508Z: [    5.095717] IPVS: [nq] scheduler registered.
[STDERR  ] 2018-01-16T10:34:34.021964028Z: [    5.096430] IPVS: ftp: loaded support on port[0] = 21
[STDERR  ] 2018-01-16T10:34:34.021972314Z: [    5.097092] ipip: IPv4 and MPLS over IPv4 tunneling driver
[STDERR  ] 2018-01-16T10:34:34.021980655Z: [    5.100866] gre: GRE over IPv4 demultiplexor driver
[STDERR  ] 2018-01-16T10:34:34.021989122Z: [    5.103405] ip_tables: (C) 2000-2006 Netfilter Core Team
[STDERR  ] 2018-01-16T10:34:34.022003338Z: [    5.106623] ipt_CLUSTERIP: ClusterIP Version 0.8 loaded successfully
[STDERR  ] 2018-01-16T10:34:34.022012094Z: [    5.107187] arp_tables: arp_tables: (C) 2002 David S. Miller
[STDERR  ] 2018-01-16T10:34:34.022020497Z: [    5.109245] NET: Registered protocol family 10
[STDERR  ] 2018-01-16T10:34:34.022028862Z: [    5.118897] Segment Routing with IPv6
[STDERR  ] 2018-01-16T10:34:34.02203729Z: [    5.119734] ip6_tables: (C) 2000-2006 Netfilter Core Team
[STDERR  ] 2018-01-16T10:34:34.02204561Z: [    5.127258] NET: Registered protocol family 17
[STDERR  ] 2018-01-16T10:34:34.022054015Z: [    5.128249] Bridge firewalling registered
[STDERR  ] 2018-01-16T10:34:34.022062371Z: [    5.128793] Ebtables v2.0 registered
[STDERR  ] 2018-01-16T10:34:34.022071025Z: [    5.132431] 8021q: 802.1Q VLAN Support v1.8
[STDERR  ] 2018-01-16T10:34:34.022079514Z: [    5.133846] 9pnet: Installing 9P2000 support
[STDERR  ] 2018-01-16T10:34:34.022087772Z: [    5.135264] Key type dns_resolver registered
[STDERR  ] 2018-01-16T10:34:34.022099749Z: [    5.136546] sched_clock: Marking stable (5130206990, 0)->(5277636461, -147429471)
[STDERR  ] 2018-01-16T10:34:34.022108287Z: [    5.139616] registered taskstats version 1
[STDERR  ] 2018-01-16T10:34:34.022116612Z: [    5.344142] ata1: SATA link down (SStatus 0 SControl 300)
[STDERR  ] 2018-01-16T10:34:34.022125013Z: [    5.354443] ata4: SATA link down (SStatus 0 SControl 300)
[STDERR  ] 2018-01-16T10:34:34.022133353Z: [    5.355777] ata3: SATA link up 1.5 Gbps (SStatus 113 SControl 300)
[STDERR  ] 2018-01-16T10:34:34.022142684Z: [    5.359685] ata3.00: ATAPI: QEMU DVD-ROM, 2.5+, max UDMA/100
[STDERR  ] 2018-01-16T10:34:34.022151163Z: [    5.360504] ata3.00: applying bridge limits
[STDERR  ] 2018-01-16T10:34:34.02216549Z: [    5.361836] ata6: SATA link down (SStatus 0 SControl 300)
[STDERR  ] 2018-01-16T10:34:34.022173528Z: [    5.362506] ata2: SATA link down (SStatus 0 SControl 300)
[STDERR  ] 2018-01-16T10:34:34.022185164Z: [    5.363112] ata5: SATA link down (SStatus 0 SControl 300)
[STDERR  ] 2018-01-16T10:34:34.022197605Z: [    5.366854] ata3.00: configured for UDMA/100
[STDERR  ] 2018-01-16T10:34:34.02220579Z: [    5.381035] scsi 2:0:0:0: CD-ROM            QEMU     QEMU DVD-ROM     2.5+ PQ: 0 ANSI: 5
[STDERR  ] 2018-01-16T10:34:34.022216796Z: [    5.386246] Key type big_key registered
[STDERR  ] 2018-01-16T10:34:34.022225462Z: [    5.413609] sr 2:0:0:0: [sr0] scsi3-mmc drive: 4x/4x cd/rw xa/form2 tray
[STDERR  ] 2018-01-16T10:34:34.02223408Z: [    5.414188] cdrom: Uniform CD-ROM driver Revision: 3.20
[STDERR  ] 2018-01-16T10:34:34.022242518Z: [    5.424378] sr 2:0:0:0: Attached scsi generic sg0 type 5
[STDERR  ] 2018-01-16T10:34:34.022250796Z: [    5.477509] Key type encrypted registered
[STDERR  ] 2018-01-16T10:34:34.022259171Z: [    5.483624] rtc_cmos 00:00: setting system clock to 2018-01-16 10:34:20 UTC (1516098860)
[STDERR  ] 2018-01-16T10:34:34.02226998Z: [    5.636692] Freeing unused kernel memory: 1492K
[STDERR  ] 2018-01-16T10:34:34.022278496Z: [    5.636983] Write protecting the kernel read-only data: 18432k
[STDERR  ] 2018-01-16T10:34:34.022286957Z: [    5.649772] Freeing unused kernel memory: 2028K
[STDERR  ] 2018-01-16T10:34:34.022300224Z: [    5.683308] Freeing unused kernel memory: 1144K
[STDERR  ] 2018-01-16T10:34:34.022308876Z: [    5.684358] tsc: Refined TSC clocksource calibration: 2599.931 MHz
[STDERR  ] 2018-01-16T10:34:34.022317265Z: [    5.684900] clocksource: tsc: mask: 0xffffffffffffffff max_cycles: 0x2579fab3b11, max_idle_ns: 440795225635 ns
[STDERR  ] 2018-01-16T10:34:34.022325796Z: [    6.698168] clocksource: Switched to clocksource tsc
[STDERR  ] 2018-01-16T10:34:34.022334255Z: 
[STDERR  ] 2018-01-16T10:34:34.022342707Z: Welcome to LinuxKit
[STDERR  ] 2018-01-16T10:34:34.022351118Z: 
[STDERR  ] 2018-01-16T10:34:34.022359459Z:                         ##         .
[STDERR  ] 2018-01-16T10:34:34.022367879Z:                   ## ## ##        ==
[STDERR  ] 2018-01-16T10:34:34.022376494Z:                ## ## ## ## ##    ===
[STDERR  ] 2018-01-16T10:34:34.022385151Z:            /"""""""""""""""""\___/ ===
[STDERR  ] 2018-01-16T10:34:34.022393532Z:           {                       /  ===-
[STDERR  ] 2018-01-16T10:34:34.022401947Z:            \______ O           __/
[STDERR  ] 2018-01-16T10:34:34.022412395Z:              \    \         __/
[STDERR  ] 2018-01-16T10:34:34.022420947Z:               \____\_______/
[STDERR  ] 2018-01-16T10:34:34.022429174Z: 
[STDERR  ] 2018-01-16T10:34:34.022437364Z: Linux linuxkit-e6a731bb9f9f 4.14.13-linuxkit #1 SMP Mon Jan 15 16:45:28 UTC 2018 x86_64 Linux
[STDERR  ] 2018-01-16T10:34:34.022445808Z: filename:       hello_world.ko
[STDERR  ] 2018-01-16T10:34:34.022454379Z: author:         Rolf Neugebauer <rolf.neugebauer@docker.com>
[STDERR  ] 2018-01-16T10:34:34.022465715Z: description:    A simple Hello World kernel module for testing
[STDERR  ] 2018-01-16T10:34:34.022474139Z: license:        GPL
[STDERR  ] 2018-01-16T10:34:34.022482651Z: depends:        
[STDERR  ] 2018-01-16T10:34:34.02249115Z: vermagic:       4.14.13-linuxkit SMP mod_unload modversions RANDSTRUCT_PLUGIN_29fc908ee49fef5862602d5ba3f11a126fb72fc03bbe324ccb5c6fad8d585e03
[STDERR  ] 2018-01-16T10:34:34.022504173Z: [   13.368004] hello_world: loading out-of-tree module taints kernel.
[STDERR  ] 2018-01-16T10:34:34.02251303Z: [   13.377214] Hello LinuxKit
[STDERR  ] 2018-01-16T10:34:34.02252139Z: [   13.488237] Goodbye LinuxKit.
[STDERR  ] 2018-01-16T10:34:34.022529977Z: Kernel module test suite PASSED
[STDERR  ] 2018-01-16T10:34:34.022538264Z: [   17.985038] ACPI: Preparing to enter system sleep state S5
[STDERR  ] 2018-01-16T10:34:34.022546338Z: [   17.986649] reboot: Power down
[STDERR  ] 2018-01-16T10:34:34.022555033Z: + exit 0
[STDERR  ] 2018-01-16T10:34:34.022563669Z: + clean_up
[STDERR  ] 2018-01-16T10:34:34.022571295Z: + docker rmi kmod-test
[STDOUT  ] 2018-01-16T10:34:34.044372626Z: Untagged: kmod-test:latest
[STDOUT  ] 2018-01-16T10:34:34.044424597Z: Deleted: sha256:af1a5d01ae7c6e2198d651458d8828fb745f3424411649a5fca95e44331d7f36
[STDOUT  ] 2018-01-16T10:34:34.044435186Z: Deleted: sha256:c99103e9f51f0b8e204517705fa07273d76c424773ac87bc6eb2dedf4854e056
[STDOUT  ] 2018-01-16T10:34:34.04444375Z: Deleted: sha256:f4bc06ccb6ae65d9b70c4377ee37d1fe80d553b36cc161fbddfa03dcb4bfb0a0
[STDOUT  ] 2018-01-16T10:34:34.044452148Z: Deleted: sha256:76bcb25146c48351793d1203718ee0174b7170644e78331d499d0685c3b51eea
[STDOUT  ] 2018-01-16T10:34:34.044461729Z: Deleted: sha256:20ede4c5343eb84c4c0b514bed3de66e451941b9dc3e89d2b1a0edb781aa76ae
[STDERR  ] 2018-01-16T10:34:34.045401741Z: + rm -rf kmod-cmdline kmod-initrd.img kmod-kernel kmod-state
[PASS    ] linuxkit.kernel.kmod_4.14.x 49.47s
