[INFO    ] 2017-06-15T19:33:56.581338016Z: Running Test linuxkit.kernel.kmod_4.9.x in /tmp/build/test/cases/020_kernel/010_kmod_4.9.x
[INFO    ] 2017-06-15T19:33:56.581407918Z: Running command: [/bin/sh -x /tmp/build/test/cases/020_kernel/010_kmod_4.9.x/test.sh]
[STDERR  ] 2017-06-15T19:33:56.625797743Z: + set -e
[STDERR  ] 2017-06-15T19:33:56.625849283Z: + . /tmp/build/test/cases/_lib/lib.sh
[STDERR  ] 2017-06-15T19:33:56.62592069Z: + [ -f src/github.com/linuxkit/rtf/lib/lib.sh ]
[STDERR  ] 2017-06-15T19:33:56.625967197Z: + LINUXKIT_TMPDIR=/tmp/build/test/cases/_tmp
[STDERR  ] 2017-06-15T19:33:56.625999539Z: + [ -f /tmp/build/test/cases/_tmp/env.sh ]
[STDERR  ] 2017-06-15T19:33:56.626041657Z: + . /tmp/build/test/cases/_tmp/env.sh
[STDERR  ] 2017-06-15T19:33:56.62608351Z: + export LINUXKIT_EXAMPLES_DIR=/tmp/build/test/cases/../../examples
[STDERR  ] 2017-06-15T19:33:56.626103226Z: + RT_CANCEL=253
[STDERR  ] 2017-06-15T19:33:56.626131795Z: + IMAGE_NAME=kmod-test
[STDERR  ] 2017-06-15T19:33:56.626167009Z: + trap clean_up EXIT
[STDERR  ] 2017-06-15T19:33:56.626189579Z: + docker pull linuxkit/kernel:4.9.x
[STDOUT  ] 2017-06-15T19:33:58.132115659Z: 4.9.x: Pulling from linuxkit/kernel
[STDOUT  ] 2017-06-15T19:33:58.132290725Z: Digest: sha256:ae1b7926df08ea7451f1404e28bef8cf7ece2d342eeeecf007d6708e7abbbc16
[STDOUT  ] 2017-06-15T19:33:58.132374277Z: Status: Image is up to date for linuxkit/kernel:4.9.x
[STDERR  ] 2017-06-15T19:33:58.133241248Z: + docker build -t kmod-test .
[STDOUT  ] 2017-06-15T19:33:58.165120156Z: Sending build context to Docker daemon  9.216kB
[STDOUT  ] 2017-06-15T19:33:58.200688423Z: Step 1/11 : FROM linuxkit/kernel:4.9.x AS ksrc
[STDOUT  ] 2017-06-15T19:33:58.236646575Z:  ---> ae68c95b4122
[STDOUT  ] 2017-06-15T19:33:58.236856635Z: Step 2/11 : FROM linuxkit/kernel-compile:1b396c221af673757703258159ddc8539843b02b@sha256:6b32d205bfc6407568324337b707d195d027328dbfec554428ea93e7b0a8299b AS build
[STDOUT  ] 2017-06-15T19:33:59.452938503Z: 1b396c221af673757703258159ddc8539843b02b: Pulling from linuxkit/kernel-compile
[STDOUT  ] 2017-06-15T19:33:59.487358926Z: 627beaf3eaaf: Already exists
[STDOUT  ] 2017-06-15T19:33:59.512076405Z: 26dc4067def6: Pulling fs layer
[STDOUT  ] 2017-06-15T19:34:02.830893464Z: 26dc4067def6: Verifying Checksum
[STDOUT  ] 2017-06-15T19:34:02.830990127Z: 26dc4067def6: Download complete
[STDOUT  ] 2017-06-15T19:34:09.662052641Z: 26dc4067def6: Pull complete
[STDOUT  ] 2017-06-15T19:34:09.677218685Z: Digest: sha256:6b32d205bfc6407568324337b707d195d027328dbfec554428ea93e7b0a8299b
[STDOUT  ] 2017-06-15T19:34:09.680976298Z: Status: Downloaded newer image for linuxkit/kernel-compile:1b396c221af673757703258159ddc8539843b02b@sha256:6b32d205bfc6407568324337b707d195d027328dbfec554428ea93e7b0a8299b
[STDOUT  ] 2017-06-15T19:34:09.681340169Z:  ---> 261c60c4eb02
[STDOUT  ] 2017-06-15T19:34:09.681508151Z: Step 3/11 : COPY --from=ksrc /kernel-dev.tar /
[STDOUT  ] 2017-06-15T19:34:11.760817831Z:  ---> 1d4d3e6b81d3
[STDOUT  ] 2017-06-15T19:34:11.780194341Z: Removing intermediate container bcceb48d4e11
[STDOUT  ] 2017-06-15T19:34:11.780328267Z: Step 4/11 : RUN tar xf kernel-dev.tar
[STDOUT  ] 2017-06-15T19:34:11.852868794Z:  ---> Running in 9fde9e2c5c92
[STDOUT  ] 2017-06-15T19:34:18.346660493Z:  ---> 26248cef35d1
[STDOUT  ] 2017-06-15T19:34:18.74489938Z: Removing intermediate container 9fde9e2c5c92
[STDOUT  ] 2017-06-15T19:34:18.745034738Z: Step 5/11 : WORKDIR /kmod
[STDOUT  ] 2017-06-15T19:34:19.005988985Z:  ---> 10cdbb13acfd
[STDOUT  ] 2017-06-15T19:34:19.028246815Z: Removing intermediate container 009da43f6451
[STDOUT  ] 2017-06-15T19:34:19.028450423Z: Step 6/11 : COPY ./src/* ./
[STDOUT  ] 2017-06-15T19:34:19.297122229Z:  ---> 4963170eea11
[STDOUT  ] 2017-06-15T19:34:19.313054665Z: Removing intermediate container 343c3ebdd962
[STDOUT  ] 2017-06-15T19:34:19.313198104Z: Step 7/11 : RUN make all
[STDOUT  ] 2017-06-15T19:34:19.394640954Z:  ---> Running in ed1b4e2d651d
[STDOUT  ] 2017-06-15T19:34:19.564283664Z: make -C /usr/src/linux-headers-4.9.31-linuxkit M=/kmod modules
[STDOUT  ] 2017-06-15T19:34:19.565377074Z: make[1]: Entering directory '/usr/src/linux-headers-4.9.31-linuxkit'
[STDOUT  ] 2017-06-15T19:34:20.412069493Z:   CC [M]  /kmod/hello_world.o
[STDOUT  ] 2017-06-15T19:34:20.59237002Z:   Building modules, stage 2.
[STDOUT  ] 2017-06-15T19:34:20.598063875Z:   MODPOST 1 modules
[STDOUT  ] 2017-06-15T19:34:20.607849622Z:   CC      /kmod/hello_world.mod.o
[STDOUT  ] 2017-06-15T19:34:20.771742135Z:   LD [M]  /kmod/hello_world.ko
[STDOUT  ] 2017-06-15T19:34:20.773874171Z: make[1]: Leaving directory '/usr/src/linux-headers-4.9.31-linuxkit'
[STDOUT  ] 2017-06-15T19:34:21.052728468Z:  ---> 03d40f4d44f4
[STDOUT  ] 2017-06-15T19:34:21.07532328Z: Removing intermediate container ed1b4e2d651d
[STDOUT  ] 2017-06-15T19:34:21.075439578Z: Step 8/11 : FROM alpine:3.5
[STDOUT  ] 2017-06-15T19:34:22.175208938Z: 3.5: Pulling from library/alpine
[STDOUT  ] 2017-06-15T19:34:22.232970828Z: 6f821164d5b7: Already exists
[STDOUT  ] 2017-06-15T19:34:22.802369992Z: Digest: sha256:f02537b30c729bb1ee0c67c8bff3a28972bed0abbee8f5520421994c5247b896
[STDOUT  ] 2017-06-15T19:34:22.933742435Z: Status: Downloaded newer image for alpine:3.5
[STDOUT  ] 2017-06-15T19:34:22.933754157Z:  ---> 75b63e430bd1
[STDOUT  ] 2017-06-15T19:34:22.933765734Z: Step 9/11 : COPY --from=build /kmod/hello_world.ko /
[STDOUT  ] 2017-06-15T19:34:24.287091455Z:  ---> 3ce9cc5ec41e
[STDOUT  ] 2017-06-15T19:34:24.353693053Z: Removing intermediate container 4d0c11f52bb5
[STDOUT  ] 2017-06-15T19:34:24.353731102Z: Step 10/11 : COPY check.sh /check.sh
[STDOUT  ] 2017-06-15T19:34:24.957367848Z:  ---> cfe3a5c0e5fe
[STDOUT  ] 2017-06-15T19:34:25.041201492Z: Removing intermediate container a9b49f4853ff
[STDOUT  ] 2017-06-15T19:34:25.041231672Z: Step 11/11 : ENTRYPOINT /bin/sh /check.sh
[STDOUT  ] 2017-06-15T19:34:25.852556539Z:  ---> Running in 4010a65ae7a6
[STDOUT  ] 2017-06-15T19:34:25.950543582Z:  ---> 1a8761e8ce46
[STDOUT  ] 2017-06-15T19:34:25.97276978Z: Removing intermediate container 4010a65ae7a6
[STDOUT  ] 2017-06-15T19:34:25.972917494Z: Successfully built 1a8761e8ce46
[STDOUT  ] 2017-06-15T19:34:25.978716219Z: Successfully tagged kmod-test:latest
[STDERR  ] 2017-06-15T19:34:25.994888707Z: + moby build -output kernel+initrd kmod.yml
[STDERR  ] 2017-06-15T19:34:26.003853605Z: Extract kernel image: linuxkit/kernel:4.9.x
[STDERR  ] 2017-06-15T19:34:27.602320906Z: Add init containers:
[STDERR  ] 2017-06-15T19:34:27.602424201Z: Process init image: linuxkit/init:d922e569486e07d977cea056d6ddf1ac2152c62a
[STDERR  ] 2017-06-15T19:34:28.853664514Z: Process init image: linuxkit/runc:3a4e6cbf15470f62501b019b55e1caac5ee7689f
[STDERR  ] 2017-06-15T19:34:30.089596253Z: Process init image: linuxkit/containerd:b50181bc6e0084e5fcd6b6ad3cf433c4f66cae5a
[STDERR  ] 2017-06-15T19:34:31.645644845Z: Add onboot containers:
[STDERR  ] 2017-06-15T19:34:31.64569182Z:   Create OCI config for kmod-test
[STDERR  ] 2017-06-15T19:34:31.867402042Z:   Create OCI config for linuxkit/poweroff:7404cf2295df89ccfa2dda41997a28307a90cf28
[STDERR  ] 2017-06-15T19:34:33.115797659Z: Create outputs:
[STDERR  ] 2017-06-15T19:34:39.315127674Z:   kmod-kernel kmod-initrd.img kmod-cmdline
[STDERR  ] 2017-06-15T19:34:39.366593697Z: + linuxkit run kmod
[STDERR  ] 2017-06-15T19:34:39.384112125Z: Unable to find qemu-system-x86_64 within the $PATH. Using a container
[STDERR  ] 2017-06-15T19:35:03.283834623Z: + RESULT=[    0.000000] Linux version 4.9.31-linuxkit (root@84baa8e89c00) (gcc version 6.2.1 20160822 (Alpine 6.2.1) ) #1 SMP Wed Jun 7 21:45:43 UTC 2017
[STDERR  ] 2017-06-15T19:35:03.283846273Z: [    0.000000] Command line: console=ttyS0
[STDERR  ] 2017-06-15T19:35:03.283852379Z: [    0.000000] x86/fpu: Legacy x87 FPU detected.
[STDERR  ] 2017-06-15T19:35:03.283868063Z: [    0.000000] x86/fpu: Using 'eager' FPU context switches.
[STDERR  ] 2017-06-15T19:35:03.283873993Z: [    0.000000] e820: BIOS-provided physical RAM map:
[STDERR  ] 2017-06-15T19:35:03.283880729Z: [    0.000000] BIOS-e820: [mem 0x0000000000000000-0x000000000009fbff] usable
[STDERR  ] 2017-06-15T19:35:03.283895504Z: [    0.000000] BIOS-e820: [mem 0x000000000009fc00-0x000000000009ffff] reserved
[STDERR  ] 2017-06-15T19:35:03.283906303Z: [    0.000000] BIOS-e820: [mem 0x00000000000f0000-0x00000000000fffff] reserved
[STDERR  ] 2017-06-15T19:35:03.283916303Z: [    0.000000] BIOS-e820: [mem 0x0000000000100000-0x000000003ffdefff] usable
[STDERR  ] 2017-06-15T19:35:03.284175293Z: [    0.000000] BIOS-e820: [mem 0x000000003ffdf000-0x000000003fffffff] reserved
[STDERR  ] 2017-06-15T19:35:03.284190019Z: [    0.000000] BIOS-e820: [mem 0x00000000b0000000-0x00000000bfffffff] reserved
[STDERR  ] 2017-06-15T19:35:03.284195704Z: [    0.000000] BIOS-e820: [mem 0x00000000fed1c000-0x00000000fed1ffff] reserved
[STDERR  ] 2017-06-15T19:35:03.284205443Z: [    0.000000] BIOS-e820: [mem 0x00000000fffc0000-0x00000000ffffffff] reserved
[STDERR  ] 2017-06-15T19:35:03.284221029Z: [    0.000000] NX (Execute Disable) protection: active
[STDERR  ] 2017-06-15T19:35:03.284231213Z: [    0.000000] SMBIOS 2.8 present.
[STDERR  ] 2017-06-15T19:35:03.284241288Z: [    0.000000] e820: last_pfn = 0x3ffdf max_arch_pfn = 0x400000000
[STDERR  ] 2017-06-15T19:35:03.284250739Z: [    0.000000] x86/PAT: Configuration [0-7]: WB  WC  UC- UC  WB  WC  UC- WT  
[STDERR  ] 2017-06-15T19:35:03.284263913Z: [    0.000000] found SMP MP-table at [mem 0x000f6aa0-0x000f6aaf] mapped at [ffff8a53800f6aa0]
[STDERR  ] 2017-06-15T19:35:03.284273567Z: [    0.000000] RAMDISK: [mem 0x3e147000-0x3ffcffff]
[STDERR  ] 2017-06-15T19:35:03.284311122Z: [    0.000000] ACPI: Early table checksum verification disabled
[STDERR  ] 2017-06-15T19:35:03.284321039Z: [    0.000000] ACPI: RSDP 0x00000000000F68C0 000014 (v00 BOCHS )
[STDERR  ] 2017-06-15T19:35:03.284331129Z: [    0.000000] ACPI: RSDT 0x000000003FFE2404 000034 (v01 BOCHS  BXPCRSDT 00000001 BXPC 00000001)
[STDERR  ] 2017-06-15T19:35:03.284336563Z: [    0.000000] ACPI: FACP 0x000000003FFE22A4 000074 (v01 BOCHS  BXPCFACP 00000001 BXPC 00000001)
[STDERR  ] 2017-06-15T19:35:03.284346633Z: [    0.000000] ACPI: DSDT 0x000000003FFE0040 002264 (v01 BOCHS  BXPCDSDT 00000001 BXPC 00000001)
[STDERR  ] 2017-06-15T19:35:03.284361308Z: [    0.000000] ACPI: FACS 0x000000003FFE0000 000040
[STDERR  ] 2017-06-15T19:35:03.284371418Z: [    0.000000] ACPI: APIC 0x000000003FFE2318 000078 (v01 BOCHS  BXPCAPIC 00000001 BXPC 00000001)
[STDERR  ] 2017-06-15T19:35:03.284383702Z: [    0.000000] ACPI: HPET 0x000000003FFE2390 000038 (v01 BOCHS  BXPCHPET 00000001 BXPC 00000001)
[STDERR  ] 2017-06-15T19:35:03.284393747Z: [    0.000000] ACPI: MCFG 0x000000003FFE23C8 00003C (v01 BOCHS  BXPCMCFG 00000001 BXPC 00000001)
[STDERR  ] 2017-06-15T19:35:03.284406043Z: [    0.000000] Zone ranges:
[STDERR  ] 2017-06-15T19:35:03.284416339Z: [    0.000000]   DMA      [mem 0x0000000000001000-0x0000000000ffffff]
[STDERR  ] 2017-06-15T19:35:03.284421193Z: [    0.000000]   DMA32    [mem 0x0000000001000000-0x000000003ffdefff]
[STDERR  ] 2017-06-15T19:35:03.284435609Z: [    0.000000]   Normal   empty
[STDERR  ] 2017-06-15T19:35:03.284451508Z: [    0.000000] Movable zone start for each node
[STDERR  ] 2017-06-15T19:35:03.284467003Z: [    0.000000] Early memory node ranges
[STDERR  ] 2017-06-15T19:35:03.28447629Z: [    0.000000]   node   0: [mem 0x0000000000001000-0x000000000009efff]
[STDERR  ] 2017-06-15T19:35:03.28448595Z: [    0.000000]   node   0: [mem 0x0000000000100000-0x000000003ffdefff]
[STDERR  ] 2017-06-15T19:35:03.284495617Z: [    0.000000] Initmem setup node 0 [mem 0x0000000000001000-0x000000003ffdefff]
[STDERR  ] 2017-06-15T19:35:03.284505052Z: [    0.000000] ACPI: PM-Timer IO Port: 0x608
[STDERR  ] 2017-06-15T19:35:03.284515049Z: [    0.000000] ACPI: LAPIC_NMI (acpi_id[0xff] dfl dfl lint[0x1])
[STDERR  ] 2017-06-15T19:35:03.28452454Z: [    0.000000] IOAPIC[0]: apic_id 0, version 32, address 0xfec00000, GSI 0-23
[STDERR  ] 2017-06-15T19:35:03.284534268Z: [    0.000000] ACPI: INT_SRC_OVR (bus 0 bus_irq 0 global_irq 2 dfl dfl)
[STDERR  ] 2017-06-15T19:35:03.284543305Z: [    0.000000] ACPI: INT_SRC_OVR (bus 0 bus_irq 5 global_irq 5 high level)
[STDERR  ] 2017-06-15T19:35:03.284566008Z: [    0.000000] ACPI: INT_SRC_OVR (bus 0 bus_irq 9 global_irq 9 high level)
[STDERR  ] 2017-06-15T19:35:03.284580728Z: [    0.000000] ACPI: INT_SRC_OVR (bus 0 bus_irq 10 global_irq 10 high level)
[STDERR  ] 2017-06-15T19:35:03.284597139Z: [    0.000000] ACPI: INT_SRC_OVR (bus 0 bus_irq 11 global_irq 11 high level)
[STDERR  ] 2017-06-15T19:35:03.284607927Z: [    0.000000] Using ACPI (MADT) for SMP configuration information
[STDERR  ] 2017-06-15T19:35:03.284613353Z: [    0.000000] ACPI: HPET id: 0x8086a201 base: 0xfed00000
[STDERR  ] 2017-06-15T19:35:03.284628557Z: [    0.000000] smpboot: Allowing 1 CPUs, 0 hotplug CPUs
[STDERR  ] 2017-06-15T19:35:03.284638322Z: [    0.000000] e820: [mem 0x40000000-0xafffffff] available for PCI devices
[STDERR  ] 2017-06-15T19:35:03.284643249Z: [    0.000000] Booting paravirtualized kernel on bare hardware
[STDERR  ] 2017-06-15T19:35:03.284658347Z: [    0.000000] clocksource: refined-jiffies: mask: 0xffffffff max_cycles: 0xffffffff, max_idle_ns: 19112604462750000 ns
[STDERR  ] 2017-06-15T19:35:03.284664314Z: [    0.000000] setup_percpu: NR_CPUS:128 nr_cpumask_bits:128 nr_cpu_ids:1 nr_node_ids:1
[STDERR  ] 2017-06-15T19:35:03.284674267Z: [    0.000000] percpu: Embedded 35 pages/cpu @ffff8a53bde00000 s105240 r8192 d29928 u2097152
[STDERR  ] 2017-06-15T19:35:03.284688861Z: [    0.000000] Built 1 zonelists in Zone order, mobility grouping on.  Total pages: 257896
[STDERR  ] 2017-06-15T19:35:03.284698509Z: [    0.000000] Kernel command line: console=ttyS0
[STDERR  ] 2017-06-15T19:35:03.284703251Z: [    0.000000] PID hash table entries: 4096 (order: 3, 32768 bytes)
[STDERR  ] 2017-06-15T19:35:03.284717471Z: [    0.000000] Dentry cache hash table entries: 131072 (order: 8, 1048576 bytes)
[STDERR  ] 2017-06-15T19:35:03.284727407Z: [    0.000000] Inode-cache hash table entries: 65536 (order: 7, 524288 bytes)
[STDERR  ] 2017-06-15T19:35:03.284732554Z: [    0.000000] Memory: 980520K/1048052K available (9526K kernel code, 1595K rwdata, 3120K rodata, 1456K init, 604K bss, 67532K reserved, 0K cma-reserved)
[STDERR  ] 2017-06-15T19:35:03.284753021Z: [    0.000000] Hierarchical RCU implementation.
[STDERR  ] 2017-06-15T19:35:03.284762866Z: [    0.000000] 	Build-time adjustment of leaf fanout to 64.
[STDERR  ] 2017-06-15T19:35:03.284772717Z: [    0.000000] 	RCU restricting CPUs from NR_CPUS=128 to nr_cpu_ids=1.
[STDERR  ] 2017-06-15T19:35:03.284782207Z: [    0.000000] RCU: Adjusting geometry for rcu_fanout_leaf=64, nr_cpu_ids=1
[STDERR  ] 2017-06-15T19:35:03.284791362Z: [    0.000000] NR_IRQS:8448 nr_irqs:256 16
[STDERR  ] 2017-06-15T19:35:03.284800542Z: [    0.000000] Console: colour VGA+ 80x25
[STDERR  ] 2017-06-15T19:35:03.284805676Z: [    0.000000] console [ttyS0] enabled
[STDERR  ] 2017-06-15T19:35:03.284814942Z: [    0.000000] clocksource: hpet: mask: 0xffffffff max_cycles: 0xffffffff, max_idle_ns: 19112604467 ns
[STDERR  ] 2017-06-15T19:35:03.284830242Z: [    0.000000] tsc: Fast TSC calibration failed
[STDERR  ] 2017-06-15T19:35:03.284839767Z: [    0.000000] tsc: Unable to calibrate against PIT
[STDERR  ] 2017-06-15T19:35:03.284849778Z: [    0.000000] tsc: using HPET reference calibration
[STDERR  ] 2017-06-15T19:35:03.284859504Z: [    0.000000] tsc: Detected 2600.035 MHz processor
[STDERR  ] 2017-06-15T19:35:03.284869029Z: [    0.051562] Calibrating delay loop (skipped), value calculated using timer frequency.. 5200.07 BogoMIPS (lpj=26000350)
[STDERR  ] 2017-06-15T19:35:03.284886046Z: [    0.053180] pid_max: default: 32768 minimum: 301
[STDERR  ] 2017-06-15T19:35:03.284894968Z: [    0.054392] ACPI: Core revision 20160831
[STDERR  ] 2017-06-15T19:35:03.284904566Z: [    0.105900] ACPI: 1 ACPI AML tables successfully acquired and loaded
[STDERR  ] 2017-06-15T19:35:03.284914168Z: [    0.109595] Security Framework initialized
[STDERR  ] 2017-06-15T19:35:03.284929004Z: [    0.110197] Yama: becoming mindful.
[STDERR  ] 2017-06-15T19:35:03.284939046Z: [    0.112343] Mount-cache hash table entries: 2048 (order: 2, 16384 bytes)
[STDERR  ] 2017-06-15T19:35:03.284943869Z: [    0.113140] Mountpoint-cache hash table entries: 2048 (order: 2, 16384 bytes)
[STDERR  ] 2017-06-15T19:35:03.284965411Z: [    0.132120] Last level iTLB entries: 4KB 0, 2MB 0, 4MB 0
[STDERR  ] 2017-06-15T19:35:03.284975112Z: [    0.132752] Last level dTLB entries: 4KB 0, 2MB 0, 4MB 0, 1GB 0
[STDERR  ] 2017-06-15T19:35:03.284991471Z: [    0.501612] Freeing SMP alternatives memory: 24K (ffffffff8b0fc000 - ffffffff8b102000)
[STDERR  ] 2017-06-15T19:35:03.284997482Z: [    0.510925] ftrace: allocating 41866 entries in 164 pages
[STDERR  ] 2017-06-15T19:35:03.285012959Z: [    0.701010] smpboot: Max logical packages: 1
[STDERR  ] 2017-06-15T19:35:03.285027716Z: [    0.706538] ..TIMER: vector=0x30 apic1=0 pin1=2 apic2=-1 pin2=-1
[STDERR  ] 2017-06-15T19:35:03.285042646Z: [    0.810000] smpboot: CPU0: AMD QEMU Virtual CPU version 2.5+ (family: 0x6, model: 0x6, stepping: 0x3)
[STDERR  ] 2017-06-15T19:35:03.285052718Z: [    0.810000] Performance Events: PMU not available due to virtualization, using software events only.
[STDERR  ] 2017-06-15T19:35:03.285067511Z: [    0.819602] NMI watchdog: disabled (cpu0): hardware events not enabled
[STDERR  ] 2017-06-15T19:35:03.285076793Z: [    0.820224] NMI watchdog: Shutting down hard lockup detector on all cpus
[STDERR  ] 2017-06-15T19:35:03.28509011Z: [    0.823016] x86: Booted up 1 node, 1 CPUs
[STDERR  ] 2017-06-15T19:35:03.285098995Z: [    0.823594] smpboot: Total of 1 processors activated (5200.07 BogoMIPS)
[STDERR  ] 2017-06-15T19:35:03.285107991Z: [    0.838316] devtmpfs: initialized
[STDERR  ] 2017-06-15T19:35:03.285112937Z: [    0.843775] x86/mm: Memory block size: 128MB
[STDERR  ] 2017-06-15T19:35:03.285127011Z: [    0.905097] clocksource: jiffies: mask: 0xffffffff max_cycles: 0xffffffff, max_idle_ns: 19112604462750000 ns
[STDERR  ] 2017-06-15T19:35:03.285136947Z: [    0.906531] futex hash table entries: 256 (order: 2, 16384 bytes)
[STDERR  ] 2017-06-15T19:35:03.285141805Z: [    0.916225] NET: Registered protocol family 16
[STDERR  ] 2017-06-15T19:35:03.285159467Z: [    0.925806] cpuidle: using governor ladder
[STDERR  ] 2017-06-15T19:35:03.285164517Z: [    0.926492] cpuidle: using governor menu
[STDERR  ] 2017-06-15T19:35:03.285177865Z: [    0.927789] ACPI: bus type PCI registered
[STDERR  ] 2017-06-15T19:35:03.285187163Z: [    0.930714] PCI: MMCONFIG for domain 0000 [bus 00-ff] at [mem 0xb0000000-0xbfffffff] (base 0xb0000000)
[STDERR  ] 2017-06-15T19:35:03.285194757Z: [    0.931859] PCI: MMCONFIG at [mem 0xb0000000-0xbfffffff] reserved in E820
[STDERR  ] 2017-06-15T19:35:03.285208668Z: [    0.933485] PCI: Using configuration type 1 for base access
[STDERR  ] 2017-06-15T19:35:03.285217967Z: [    1.003658] HugeTLB registered 2 MB page size, pre-allocated 0 pages
[STDERR  ] 2017-06-15T19:35:03.285226851Z: [    1.014584] ACPI: Added _OSI(Module Device)
[STDERR  ] 2017-06-15T19:35:03.285236095Z: [    1.015098] ACPI: Added _OSI(Processor Device)
[STDERR  ] 2017-06-15T19:35:03.285240753Z: [    1.015536] ACPI: Added _OSI(3.0 _SCP Extensions)
[STDERR  ] 2017-06-15T19:35:03.285253907Z: [    1.015985] ACPI: Added _OSI(Processor Aggregator Device)
[STDERR  ] 2017-06-15T19:35:03.285258438Z: [    1.091954] ACPI: Interpreter enabled
[STDERR  ] 2017-06-15T19:35:03.285271993Z: [    1.093112] ACPI: (supports S0 S5)
[STDERR  ] 2017-06-15T19:35:03.285289605Z: [    1.093598] ACPI: Using IOAPIC for interrupt routing
[STDERR  ] 2017-06-15T19:35:03.285299443Z: [    1.095760] PCI: Using host bridge windows from ACPI; if necessary, use "pci=nocrs" and report a bug
[STDERR  ] 2017-06-15T19:35:03.285311808Z: [    1.162909] ACPI: PCI Root Bridge [PCI0] (domain 0000 [bus 00-ff])
[STDERR  ] 2017-06-15T19:35:03.285321737Z: [    1.164273] acpi PNP0A08:00: _OSC: OS supports [ExtendedConfig ASPM ClockPM Segments MSI]
[STDERR  ] 2017-06-15T19:35:03.285331367Z: [    1.171023] acpi PNP0A08:00: _OSC: OS now controls [PCIeHotplug PME PCIeCapability]
[STDERR  ] 2017-06-15T19:35:03.28534121Z: [    1.175043] PCI host bridge to bus 0000:00
[STDERR  ] 2017-06-15T19:35:03.285346328Z: [    1.175703] pci_bus 0000:00: root bus resource [io  0x0000-0x0cf7 window]
[STDERR  ] 2017-06-15T19:35:03.28539807Z: [    1.176392] pci_bus 0000:00: root bus resource [io  0x0d00-0xffff window]
[STDERR  ] 2017-06-15T19:35:03.28542628Z: [    1.177061] pci_bus 0000:00: root bus resource [mem 0x000a0000-0x000bffff window]
[STDERR  ] 2017-06-15T19:35:03.285431665Z: [    1.177805] pci_bus 0000:00: root bus resource [mem 0xc0000000-0xfebfffff window]
[STDERR  ] 2017-06-15T19:35:03.285437278Z: [    1.178749] pci_bus 0000:00: root bus resource [bus 00-ff]
[STDERR  ] 2017-06-15T19:35:03.285443526Z: [    1.266016] pci 0000:00:1f.0: quirk: [io  0x0600-0x067f] claimed by ICH6 ACPI/GPIO/TCO
[STDERR  ] 2017-06-15T19:35:03.285453988Z: [    1.323248] ACPI: PCI Interrupt Link [LNKA] (IRQs 5 *10 11)
[STDERR  ] 2017-06-15T19:35:03.285459505Z: [    1.325801] ACPI: PCI Interrupt Link [LNKB] (IRQs 5 *10 11)
[STDERR  ] 2017-06-15T19:35:03.285464826Z: [    1.327961] ACPI: PCI Interrupt Link [LNKC] (IRQs 5 10 *11)
[STDERR  ] 2017-06-15T19:35:03.28547018Z: [    1.330223] ACPI: PCI Interrupt Link [LNKD] (IRQs 5 10 *11)
[STDERR  ] 2017-06-15T19:35:03.285473135Z: [    1.332346] ACPI: PCI Interrupt Link [LNKE] (IRQs 5 *10 11)
[STDERR  ] 2017-06-15T19:35:03.285478547Z: [    1.334498] ACPI: PCI Interrupt Link [LNKF] (IRQs 5 *10 11)
[STDERR  ] 2017-06-15T19:35:03.285486306Z: [    1.336623] ACPI: PCI Interrupt Link [LNKG] (IRQs 5 10 *11)
[STDERR  ] 2017-06-15T19:35:03.285491646Z: [    1.338745] ACPI: PCI Interrupt Link [LNKH] (IRQs 5 10 *11)
[STDERR  ] 2017-06-15T19:35:03.285494446Z: [    1.340185] ACPI: PCI Interrupt Link [GSIA] (IRQs *16)
[STDERR  ] 2017-06-15T19:35:03.285502199Z: [    1.341139] ACPI: PCI Interrupt Link [GSIB] (IRQs *17)
[STDERR  ] 2017-06-15T19:35:03.285505279Z: [    1.342148] ACPI: PCI Interrupt Link [GSIC] (IRQs *18)
[STDERR  ] 2017-06-15T19:35:03.285513059Z: [    1.343100] ACPI: PCI Interrupt Link [GSID] (IRQs *19)
[STDERR  ] 2017-06-15T19:35:03.28552828Z: [    1.344011] ACPI: PCI Interrupt Link [GSIE] (IRQs *20)
[STDERR  ] 2017-06-15T19:35:03.285540696Z: [    1.344932] ACPI: PCI Interrupt Link [GSIF] (IRQs *21)
[STDERR  ] 2017-06-15T19:35:03.285543812Z: [    1.345899] ACPI: PCI Interrupt Link [GSIG] (IRQs *22)
[STDERR  ] 2017-06-15T19:35:03.285551187Z: [    1.346858] ACPI: PCI Interrupt Link [GSIH] (IRQs *23)
[STDERR  ] 2017-06-15T19:35:03.285908126Z: [    1.351005] ACPI: Enabled 2 GPEs in block 00 to 3F
[STDERR  ] 2017-06-15T19:35:03.285913686Z: [    1.355655] SCSI subsystem initialized
[STDERR  ] 2017-06-15T19:35:03.28591676Z: [    1.359259] pps_core: LinuxPPS API ver. 1 registered
[STDERR  ] 2017-06-15T19:35:03.28592526Z: [    1.359799] pps_core: Software ver. 5.3.6 - Copyright 2005-2007 Rodolfo Giometti <giometti@linux.it>
[STDERR  ] 2017-06-15T19:35:03.285930824Z: [    1.360399] PTP clock support registered
[STDERR  ] 2017-06-15T19:35:03.285936124Z: [    1.361840] wmi: Mapper loaded
[STDERR  ] 2017-06-15T19:35:03.285941363Z: [    1.363142] PCI: Using ACPI for IRQ routing
[STDERR  ] 2017-06-15T19:35:03.285944203Z: [    1.382897] NetLabel: Initializing
[STDERR  ] 2017-06-15T19:35:03.285951844Z: [    1.383347] NetLabel:  domain hash size = 128
[STDERR  ] 2017-06-15T19:35:03.285957113Z: [    1.383896] NetLabel:  protocols = UNLABELED CIPSOv4
[STDERR  ] 2017-06-15T19:35:03.285959883Z: [    1.386113] NetLabel:  unlabeled traffic allowed by default
[STDERR  ] 2017-06-15T19:35:03.285977915Z: [    1.387453] HPET: 3 timers in total, 0 timers will be used for per-cpu timer
[STDERR  ] 2017-06-15T19:35:03.285983266Z: [    1.388515] hpet0: at MMIO 0xfed00000, IRQs 2, 8, 0
[STDERR  ] 2017-06-15T19:35:03.285986206Z: [    1.389259] hpet0: 3 comparators, 64-bit 100.000000 MHz counter
[STDERR  ] 2017-06-15T19:35:03.285991381Z: [    1.394975] clocksource: Switched to clocksource hpet
[STDERR  ] 2017-06-15T19:35:03.286001918Z: [    1.667974] VFS: Disk quotas dquot_6.6.0
[STDERR  ] 2017-06-15T19:35:03.286012629Z: [    1.669433] VFS: Dquot-cache hash table entries: 512 (order 0, 4096 bytes)
[STDERR  ] 2017-06-15T19:35:03.286021614Z: [    1.672545] FS-Cache: Loaded
[STDERR  ] 2017-06-15T19:35:03.286030388Z: [    1.677552] CacheFiles: Loaded
[STDERR  ] 2017-06-15T19:35:03.286035076Z: [    1.679331] pnp: PnP ACPI init
[STDERR  ] 2017-06-15T19:35:03.286068695Z: [    1.691658] pnp: PnP ACPI: found 5 devices
[STDERR  ] 2017-06-15T19:35:03.286093751Z: [    1.741945] clocksource: acpi_pm: mask: 0xffffff max_cycles: 0xffffff, max_idle_ns: 2085701024 ns
[STDERR  ] 2017-06-15T19:35:03.286102146Z: [    1.745314] NET: Registered protocol family 2
[STDERR  ] 2017-06-15T19:35:03.286107705Z: [    1.752729] TCP established hash table entries: 8192 (order: 4, 65536 bytes)
[STDERR  ] 2017-06-15T19:35:03.286112914Z: [    1.753841] TCP bind hash table entries: 8192 (order: 5, 131072 bytes)
[STDERR  ] 2017-06-15T19:35:03.286117894Z: [    1.755324] TCP: Hash tables configured (established 8192 bind 8192)
[STDERR  ] 2017-06-15T19:35:03.286133306Z: [    1.757046] UDP hash table entries: 512 (order: 2, 16384 bytes)
[STDERR  ] 2017-06-15T19:35:03.286138416Z: [    1.757886] UDP-Lite hash table entries: 512 (order: 2, 16384 bytes)
[STDERR  ] 2017-06-15T19:35:03.286146751Z: [    1.760613] NET: Registered protocol family 1
[STDERR  ] 2017-06-15T19:35:03.286149486Z: [    1.764270] RPC: Registered named UNIX socket transport module.
[STDERR  ] 2017-06-15T19:35:03.286154806Z: [    1.764915] RPC: Registered udp transport module.
[STDERR  ] 2017-06-15T19:35:03.286162663Z: [    1.765527] RPC: Registered tcp transport module.
[STDERR  ] 2017-06-15T19:35:03.286165334Z: [    1.766089] RPC: Registered tcp NFSv4.1 backchannel transport module.
[STDERR  ] 2017-06-15T19:35:03.286173361Z: [    1.767186] pci 0000:00:01.0: Video device with shadowed ROM at [mem 0x000c0000-0x000dffff]
[STDERR  ] 2017-06-15T19:35:03.286175926Z: [    1.774992] Unpacking initramfs...
[STDERR  ] 2017-06-15T19:35:03.286183538Z: [    8.114812] Freeing initrd memory: 31268K (ffff8a53be147000 - ffff8a53bffd0000)
[STDERR  ] 2017-06-15T19:35:03.286188748Z: [    8.139300] PCLMULQDQ-NI instructions are not detected.
[STDERR  ] 2017-06-15T19:35:03.286193874Z: [    8.141195] AVX or AES-NI instructions are not detected.
[STDERR  ] 2017-06-15T19:35:03.286206525Z: [    8.141845] CPU feature 'AVX registers' is not supported.
[STDERR  ] 2017-06-15T19:35:03.286211718Z: [    8.142530] CPU feature 'AVX registers' is not supported.
[STDERR  ] 2017-06-15T19:35:03.286222371Z: [    8.143197] CPU feature 'AVX registers' is not supported.
[STDERR  ] 2017-06-15T19:35:03.286227544Z: [    8.143825] CPU feature 'AVX registers' is not supported.
[STDERR  ] 2017-06-15T19:35:03.286230318Z: [    8.144440] AVX2 or AES-NI instructions are not detected.
[STDERR  ] 2017-06-15T19:35:03.286235181Z: [    8.145047] AVX2 instructions are not detected.
[STDERR  ] 2017-06-15T19:35:03.286242979Z: [    8.152388] audit: initializing netlink subsys (disabled)
[STDERR  ] 2017-06-15T19:35:03.286247973Z: [    8.154192] audit: type=2000 audit(1497555288.150:1): initialized
[STDERR  ] 2017-06-15T19:35:03.286253008Z: [    8.164957] workingset: timestamp_bits=46 max_order=18 bucket_order=0
[STDERR  ] 2017-06-15T19:35:03.286259166Z: [    8.171289] FS-Cache: Netfs 'nfs' registered for caching
[STDERR  ] 2017-06-15T19:35:03.286267759Z: [    8.173513] NFS: Registering the id_resolver key type
[STDERR  ] 2017-06-15T19:35:03.286280561Z: [    8.175083] Key type id_resolver registered
[STDERR  ] 2017-06-15T19:35:03.286285806Z: [    8.175551] Key type id_legacy registered
[STDERR  ] 2017-06-15T19:35:03.286290859Z: [    8.176205] nfs4filelayout_init: NFSv4 File Layout Driver Registering...
[STDERR  ] 2017-06-15T19:35:03.286293496Z: [    8.177236] Installing knfsd (copyright (C) 1996 okir@monad.swb.de).
[STDERR  ] 2017-06-15T19:35:03.286300968Z: [    8.181641] FS-Cache: Netfs 'cifs' registered for caching
[STDERR  ] 2017-06-15T19:35:03.286303554Z: [    8.182809] ntfs: driver 2.1.32 [Flags: R/O].
[STDERR  ] 2017-06-15T19:35:03.286311314Z: [    8.183568] fuse init (API version 7.26)
[STDERR  ] 2017-06-15T19:35:03.286319209Z: [    8.186088] SGI XFS with ACLs, security attributes, no debug enabled
[STDERR  ] 2017-06-15T19:35:03.286322145Z: [    8.191237] 9p: Installing v9fs 9p2000 file system support
[STDERR  ] 2017-06-15T19:35:03.286331376Z: [    8.192024] FS-Cache: Netfs '9p' registered for caching
[STDERR  ] 2017-06-15T19:35:03.286342475Z: [    8.227148] NET: Registered protocol family 38
[STDERR  ] 2017-06-15T19:35:03.286355674Z: [    8.228056] Key type asymmetric registered
[STDERR  ] 2017-06-15T19:35:03.286361356Z: [    8.228532] Asymmetric key parser 'x509' registered
[STDERR  ] 2017-06-15T19:35:03.286366608Z: [    8.229819] Block layer SCSI generic (bsg) driver version 0.4 loaded (major 251)
[STDERR  ] 2017-06-15T19:35:03.286375708Z: [    8.232520] io scheduler noop registered
[STDERR  ] 2017-06-15T19:35:03.286380912Z: [    8.232982] io scheduler deadline registered (default)
[STDERR  ] 2017-06-15T19:35:03.286383655Z: [    8.233821] io scheduler cfq registered
[STDERR  ] 2017-06-15T19:35:03.286391323Z: [    8.236609] pci_hotplug: PCI Hot Plug PCI Core version: 0.5
[STDERR  ] 2017-06-15T19:35:03.286393914Z: [    8.237484] pciehp: PCI Express Hot Plug Controller Driver version: 0.4
[STDERR  ] 2017-06-15T19:35:03.286401692Z: [    8.238724] shpchp: Standard Hot Plug PCI Controller Driver version: 0.4
[STDERR  ] 2017-06-15T19:35:03.286406837Z: [    8.239846] hv_vmbus: registering driver hyperv_fb
[STDERR  ] 2017-06-15T19:35:03.286411964Z: [    8.243941] input: Power Button as /devices/LNXSYSTM:00/LNXPWRBN:00/input/input0
[STDERR  ] 2017-06-15T19:35:03.286417127Z: [    8.245347] ACPI: Power Button [PWRF]
[STDERR  ] 2017-06-15T19:35:03.286419922Z: [    8.250617] GHES: HEST is not enabled!
[STDERR  ] 2017-06-15T19:35:03.286496808Z: [    8.262855] ACPI: PCI Interrupt Link [GSIH] enabled at IRQ 23
[STDERR  ] 2017-06-15T19:35:03.286514Z: [    8.269686] xenfs: not registering filesystem on non-xen platform
[STDERR  ] 2017-06-15T19:35:03.286521885Z: [    8.272622] Serial: 8250/16550 driver, 4 ports, IRQ sharing disabled
[STDERR  ] 2017-06-15T19:35:03.286526883Z: [    8.299942] 00:04: ttyS0 at I/O 0x3f8 (irq = 4, base_baud = 115200) is a 16550A
[STDERR  ] 2017-06-15T19:35:03.286532034Z: [    8.307889] Initializing Nozomi driver 2.1d
[STDERR  ] 2017-06-15T19:35:03.286537055Z: [    8.312550] Non-volatile memory driver v1.3
[STDERR  ] 2017-06-15T19:35:03.286545897Z: [    8.319073] Hangcheck: starting hangcheck timer 0.9.1 (tick is 180 seconds, margin is 60 seconds).
[STDERR  ] 2017-06-15T19:35:03.286551518Z: [    8.359523] loop: module loaded
[STDERR  ] 2017-06-15T19:35:03.286556584Z: [    8.375274] nbd: registered device at major 43
[STDERR  ] 2017-06-15T19:35:03.286561623Z: [    8.420326] lpc_ich 0000:00:1f.0: I/O space for GPIO uninitialized
[STDERR  ] 2017-06-15T19:35:03.286564407Z: [    8.422553] VMware PVSCSI driver - version 1.0.7.0-k
[STDERR  ] 2017-06-15T19:35:03.286571784Z: [    8.423605] hv_vmbus: registering driver hv_storvsc
[STDERR  ] 2017-06-15T19:35:03.286574424Z: [    8.435430] ACPI: PCI Interrupt Link [GSIA] enabled at IRQ 16
[STDERR  ] 2017-06-15T19:35:03.2866467Z: [    8.442312] ahci 0000:00:1f.2: AHCI 0001.0000 32 slots 6 ports 1.5 Gbps 0x3f impl SATA mode
[STDERR  ] 2017-06-15T19:35:03.286649762Z: [    8.443509] ahci 0000:00:1f.2: flags: 64bit ncq only 
[STDERR  ] 2017-06-15T19:35:03.286670148Z: [    8.465208] scsi host0: ahci
[STDERR  ] 2017-06-15T19:35:03.28667787Z: [    8.469283] scsi host1: ahci
[STDERR  ] 2017-06-15T19:35:03.286680582Z: [    8.472014] scsi host2: ahci
[STDERR  ] 2017-06-15T19:35:03.286688055Z: [    8.474521] scsi host3: ahci
[STDERR  ] 2017-06-15T19:35:03.286693073Z: [    8.477015] scsi host4: ahci
[STDERR  ] 2017-06-15T19:35:03.28669801Z: [    8.479399] scsi host5: ahci
[STDERR  ] 2017-06-15T19:35:03.286703137Z: [    8.481684] ata1: SATA max UDMA/133 abar m4096@0xfebf1000 port 0xfebf1100 irq 24
[STDERR  ] 2017-06-15T19:35:03.286710315Z: [    8.482596] ata2: SATA max UDMA/133 abar m4096@0xfebf1000 port 0xfebf1180 irq 24
[STDERR  ] 2017-06-15T19:35:03.286715423Z: [    8.483367] ata3: SATA max UDMA/133 abar m4096@0xfebf1000 port 0xfebf1200 irq 24
[STDERR  ] 2017-06-15T19:35:03.286718003Z: [    8.484043] ata4: SATA max UDMA/133 abar m4096@0xfebf1000 port 0xfebf1280 irq 24
[STDERR  ] 2017-06-15T19:35:03.286739467Z: [    8.484758] ata5: SATA max UDMA/133 abar m4096@0xfebf1000 port 0xfebf1300 irq 24
[STDERR  ] 2017-06-15T19:35:03.286748918Z: [    8.485470] ata6: SATA max UDMA/133 abar m4096@0xfebf1000 port 0xfebf1380 irq 24
[STDERR  ] 2017-06-15T19:35:03.286759422Z: [    8.496691] Ethernet Channel Bonding Driver: v3.7.1 (April 27, 2011)
[STDERR  ] 2017-06-15T19:35:03.286762352Z: [    8.518385] tun: Universal TUN/TAP device driver, 1.6
[STDERR  ] 2017-06-15T19:35:03.28677Z: [    8.519030] tun: (C) 1999-2004 Max Krasnyansky <maxk@qualcomm.com>
[STDERR  ] 2017-06-15T19:35:03.286772795Z: [    8.521249] ena: Elastic Network Adapter (ENA) v1.0.2
[STDERR  ] 2017-06-15T19:35:03.286780377Z: [    8.523380] e1000: Intel(R) PRO/1000 Network Driver - version 7.3.21-k8-NAPI
[STDERR  ] 2017-06-15T19:35:03.286783243Z: [    8.524325] e1000: Copyright (c) 1999-2006 Intel Corporation.
[STDERR  ] 2017-06-15T19:35:03.286790938Z: [    8.533552] ACPI: PCI Interrupt Link [GSIG] enabled at IRQ 22
[STDERR  ] 2017-06-15T19:35:03.286793613Z: [    8.826115] ata3: SATA link up 1.5 Gbps (SStatus 113 SControl 300)
[STDERR  ] 2017-06-15T19:35:03.286801542Z: [    8.829847] ata2: SATA link down (SStatus 0 SControl 300)
[STDERR  ] 2017-06-15T19:35:03.286819954Z: [    8.831725] ata1: SATA link down (SStatus 0 SControl 300)
[STDERR  ] 2017-06-15T19:35:03.286825953Z: [    8.832467] ata5: SATA link down (SStatus 0 SControl 300)
[STDERR  ] 2017-06-15T19:35:03.286831193Z: [    8.833212] ata4: SATA link down (SStatus 0 SControl 300)
[STDERR  ] 2017-06-15T19:35:03.286833997Z: [    8.838773] ata6: SATA link down (SStatus 0 SControl 300)
[STDERR  ] 2017-06-15T19:35:03.286839154Z: [    8.840908] ata3.00: ATAPI: QEMU DVD-ROM, 2.5+, max UDMA/100
[STDERR  ] 2017-06-15T19:35:03.286846986Z: [    8.841662] ata3.00: applying bridge limits
[STDERR  ] 2017-06-15T19:35:03.286852144Z: [    8.843482] ata3.00: configured for UDMA/100
[STDERR  ] 2017-06-15T19:35:03.286857506Z: [    8.855683] scsi 2:0:0:0: CD-ROM            QEMU     QEMU DVD-ROM     2.5+ PQ: 0 ANSI: 5
[STDERR  ] 2017-06-15T19:35:03.286862721Z: [    8.883271] sr 2:0:0:0: [sr0] scsi3-mmc drive: 4x/4x cd/rw xa/form2 tray
[STDERR  ] 2017-06-15T19:35:03.286872277Z: [    8.884349] cdrom: Uniform CD-ROM driver Revision: 3.20
[STDERR  ] 2017-06-15T19:35:03.286877524Z: [    8.902701] sr 2:0:0:0: Attached scsi generic sg0 type 5
[STDERR  ] 2017-06-15T19:35:03.286890281Z: [    8.908429] e1000 0000:00:02.0 eth0: (PCI:33MHz:32-bit) 52:54:00:12:34:56
[STDERR  ] 2017-06-15T19:35:03.286895722Z: [    8.909389] e1000 0000:00:02.0 eth0: Intel(R) PRO/1000 Network Connection
[STDERR  ] 2017-06-15T19:35:03.286902433Z: [    8.911117] e1000e: Intel(R) PRO/1000 Network Driver - 3.2.6-k
[STDERR  ] 2017-06-15T19:35:03.286907966Z: [    8.911708] e1000e: Copyright(c) 1999 - 2015 Intel Corporation.
[STDERR  ] 2017-06-15T19:35:03.286913054Z: [    8.912758] igb: Intel(R) Gigabit Ethernet Network Driver - version 5.4.0-k
[STDERR  ] 2017-06-15T19:35:03.286918294Z: [    8.913446] igb: Copyright (c) 2007-2014 Intel Corporation.
[STDERR  ] 2017-06-15T19:35:03.286923562Z: [    8.914459] igbvf: Intel(R) Gigabit Virtual Function Network Driver - version 2.4.0-k
[STDERR  ] 2017-06-15T19:35:03.286926301Z: [    8.915297] igbvf: Copyright (c) 2009 - 2012 Intel Corporation.
[STDERR  ] 2017-06-15T19:35:03.286937859Z: [    8.916352] ixgbe: Intel(R) 10 Gigabit PCI Express Network Driver - version 4.4.0-k
[STDERR  ] 2017-06-15T19:35:03.286940599Z: [    8.917098] ixgbe: Copyright (c) 1999-2016 Intel Corporation.
[STDERR  ] 2017-06-15T19:35:03.286948699Z: [    8.918944] ixgbevf: Intel(R) 10 Gigabit PCI Express Virtual Function Network Driver - version 3.2.2-k
[STDERR  ] 2017-06-15T19:35:03.286953959Z: [    8.919869] ixgbevf: Copyright (c) 2009 - 2015 Intel Corporation.
[STDERR  ] 2017-06-15T19:35:03.286966979Z: [    8.921782] ixgb: Intel(R) PRO/10GbE Network Driver - version 1.0.135-k2-NAPI
[STDERR  ] 2017-06-15T19:35:03.286974913Z: [    8.922492] ixgb: Copyright (c) 1999-2008 Intel Corporation.
[STDERR  ] 2017-06-15T19:35:03.286983601Z: [    8.923820] PPP generic driver version 2.4.2
[STDERR  ] 2017-06-15T19:35:03.286992076Z: [    8.925491] PPP BSD Compression module registered
[STDERR  ] 2017-06-15T19:35:03.286994974Z: [    8.926035] PPP Deflate Compression module registered
[STDERR  ] 2017-06-15T19:35:03.287002836Z: [    8.926902] PPP MPPE Compression module registered
[STDERR  ] 2017-06-15T19:35:03.287005561Z: [    8.927472] NET: Registered protocol family 24
[STDERR  ] 2017-06-15T19:35:03.287014279Z: [    8.928338] PPTP driver version 0.8.5
[STDERR  ] 2017-06-15T19:35:03.287019423Z: [    8.929867] VMware vmxnet3 virtual NIC driver - version 1.4.a.0-k-NAPI
[STDERR  ] 2017-06-15T19:35:03.287022224Z: [    8.931360] hv_vmbus: registering driver hv_netvsc
[STDERR  ] 2017-06-15T19:35:03.287027187Z: [    8.931886] Fusion MPT base driver 3.04.20
[STDERR  ] 2017-06-15T19:35:03.287042517Z: [    8.932295] Copyright (c) 1999-2008 LSI Corporation
[STDERR  ] 2017-06-15T19:35:03.287047806Z: [    8.933140] Fusion MPT SPI Host driver 3.04.20
[STDERR  ] 2017-06-15T19:35:03.287053067Z: [    8.939410] aoe: AoE v85 initialised.
[STDERR  ] 2017-06-15T19:35:03.287055663Z: [    8.942573] i8042: PNP: PS/2 Controller [PNP0303:KBD,PNP0f13:MOU] at 0x60,0x64 irq 1,12
[STDERR  ] 2017-06-15T19:35:03.287061042Z: [    8.948457] serio: i8042 KBD port at 0x60,0x64 irq 1
[STDERR  ] 2017-06-15T19:35:03.287068829Z: [    8.949370] serio: i8042 AUX port at 0x60,0x64 irq 12
[STDERR  ] 2017-06-15T19:35:03.287074041Z: [    8.954007] hv_vmbus: registering driver hyperv_keyboard
[STDERR  ] 2017-06-15T19:35:03.287076723Z: [    8.956580] mousedev: PS/2 mouse device common for all mice
[STDERR  ] 2017-06-15T19:35:03.287088007Z: [    8.963012] input: AT Translated Set 2 keyboard as /devices/platform/i8042/serio0/input/input1
[STDERR  ] 2017-06-15T19:35:03.287090654Z: [    8.967197] input: PC Speaker as /devices/platform/pcspkr/input/input2
[STDERR  ] 2017-06-15T19:35:03.287098487Z: [    8.972954] rtc_cmos 00:00: RTC can wake from S4
[STDERR  ] 2017-06-15T19:35:03.287101179Z: [    8.978361] rtc_cmos 00:00: rtc core: registered rtc_cmos as rtc0
[STDERR  ] 2017-06-15T19:35:03.287118321Z: [    8.980737] rtc_cmos 00:00: alarms up to one day, y3k, 114 bytes nvram, hpet irqs
[STDERR  ] 2017-06-15T19:35:03.287121013Z: [    8.981882] i2c /dev entries driver
[STDERR  ] 2017-06-15T19:35:03.287128912Z: [    8.984719] device-mapper: ioctl: 4.35.0-ioctl (2016-06-23) initialised: dm-devel@redhat.com
[STDERR  ] 2017-06-15T19:35:03.287134221Z: [    8.991191] hv_utils: Registering HyperV Utility Driver
[STDERR  ] 2017-06-15T19:35:03.287139467Z: [    8.992115] hv_vmbus: registering driver hv_util
[STDERR  ] 2017-06-15T19:35:03.287144591Z: [    8.992586] hv_vmbus: registering driver hv_balloon
[STDERR  ] 2017-06-15T19:35:03.287147294Z: [    8.993823] oprofile: using NMI interrupt.
[STDERR  ] 2017-06-15T19:35:03.287152483Z: [    8.995992] GACT probability on
[STDERR  ] 2017-06-15T19:35:03.287160247Z: [    8.997080] Mirror/redirect action on
[STDERR  ] 2017-06-15T19:35:03.287165271Z: [    8.998585] Simple TC action Loaded
[STDERR  ] 2017-06-15T19:35:03.287168031Z: [    9.003357] netem: version 1.3
[STDERR  ] 2017-06-15T19:35:03.287181059Z: [    9.004114] u32 classifier
[STDERR  ] 2017-06-15T19:35:03.287191394Z: [    9.004542]     Performance counters on
[STDERR  ] 2017-06-15T19:35:03.287199331Z: [    9.004928]     input device check on
[STDERR  ] 2017-06-15T19:35:03.287204459Z: [    9.005304]     Actions configured
[STDERR  ] 2017-06-15T19:35:03.287214051Z: [    9.006442] Netfilter messages via NETLINK v0.30.
[STDERR  ] 2017-06-15T19:35:03.287219504Z: [    9.007326] nfnl_acct: registering with nfnetlink.
[STDERR  ] 2017-06-15T19:35:03.287222189Z: [    9.009445] nf_conntrack version 0.5.0 (8192 buckets, 32768 max)
[STDERR  ] 2017-06-15T19:35:03.287229746Z: [    9.013640] ctnetlink v0.93: registering with nfnetlink.
[STDERR  ] 2017-06-15T19:35:03.287232277Z: [    9.017195] nf_tables: (c) 2007-2009 Patrick McHardy <kaber@trash.net>
[STDERR  ] 2017-06-15T19:35:03.287243206Z: [    9.018837] nf_tables_compat: (c) 2012 Pablo Neira Ayuso <pablo@netfilter.org>
[STDERR  ] 2017-06-15T19:35:03.287246107Z: [    9.023395] xt_time: kernel timezone is -0000
[STDERR  ] 2017-06-15T19:35:03.287253836Z: [    9.024432] ip_set: protocol 6
[STDERR  ] 2017-06-15T19:35:03.287273208Z: [    9.025549] IPVS: Registered protocols (TCP, UDP, SCTP, AH, ESP)
[STDERR  ] 2017-06-15T19:35:03.287278751Z: [    9.026777] IPVS: Connection hash table configured (size=4096, memory=64Kbytes)
[STDERR  ] 2017-06-15T19:35:03.2872815Z: [    9.030072] IPVS: Creating netns size=2104 id=0
[STDERR  ] 2017-06-15T19:35:03.287286608Z: [    9.035162] IPVS: ipvs loaded.
[STDERR  ] 2017-06-15T19:35:03.287294382Z: [    9.035959] IPVS: [rr] scheduler registered.
[STDERR  ] 2017-06-15T19:35:03.287299603Z: [    9.036809] IPVS: [wrr] scheduler registered.
[STDERR  ] 2017-06-15T19:35:03.287305026Z: [    9.037668] IPVS: [lc] scheduler registered.
[STDERR  ] 2017-06-15T19:35:03.28731016Z: [    9.038199] IPVS: [wlc] scheduler registered.
[STDERR  ] 2017-06-15T19:35:03.28731823Z: [    9.038629] IPVS: [fo] scheduler registered.
[STDERR  ] 2017-06-15T19:35:03.287323462Z: [    9.039714] IPVS: [ovf] scheduler registered.
[STDERR  ] 2017-06-15T19:35:03.287326155Z: [    9.041243] IPVS: [lblc] scheduler registered.
[STDERR  ] 2017-06-15T19:35:03.287333612Z: [    9.042188] IPVS: [lblcr] scheduler registered.
[STDERR  ] 2017-06-15T19:35:03.287346953Z: [    9.043056] IPVS: [dh] scheduler registered.
[STDERR  ] 2017-06-15T19:35:03.287352028Z: [    9.043824] IPVS: [sh] scheduler registered.
[STDERR  ] 2017-06-15T19:35:03.287354593Z: [    9.044255] IPVS: [sed] scheduler registered.
[STDERR  ] 2017-06-15T19:35:03.287361996Z: [    9.044757] IPVS: [nq] scheduler registered.
[STDERR  ] 2017-06-15T19:35:03.28736694Z: [    9.046691] IPVS: ftp: loaded support on port[0] = 21
[STDERR  ] 2017-06-15T19:35:03.287372065Z: [    9.048384] ipip: IPv4 and MPLS over IPv4 tunneling driver
[STDERR  ] 2017-06-15T19:35:03.287377021Z: [    9.056250] gre: GRE over IPv4 demultiplexor driver
[STDERR  ] 2017-06-15T19:35:03.28738204Z: [    9.057264] ip_gre: GRE over IPv4 tunneling driver
[STDERR  ] 2017-06-15T19:35:03.287387111Z: [    9.064697] IPv4 over IPsec tunneling driver
[STDERR  ] 2017-06-15T19:35:03.28739211Z: [    9.072334] ip_tables: (C) 2000-2006 Netfilter Core Team
[STDERR  ] 2017-06-15T19:35:03.28739721Z: [    9.075840] ipt_CLUSTERIP: ClusterIP Version 0.8 loaded successfully
[STDERR  ] 2017-06-15T19:35:03.287402238Z: [    9.076984] arp_tables: arp_tables: (C) 2002 David S. Miller
[STDERR  ] 2017-06-15T19:35:03.287422528Z: [    9.079653] Initializing XFRM netlink socket
[STDERR  ] 2017-06-15T19:35:03.287429313Z: [    9.081964] NET: Registered protocol family 10
[STDERR  ] 2017-06-15T19:35:03.287434398Z: [    9.095470] mip6: Mobile IPv6
[STDERR  ] 2017-06-15T19:35:03.287437083Z: [    9.096817] ip6_tables: (C) 2000-2006 Netfilter Core Team
[STDERR  ] 2017-06-15T19:35:03.287444343Z: [    9.105586] sit: IPv6, IPv4 and MPLS over IPv4 tunneling driver
[STDERR  ] 2017-06-15T19:35:03.287449423Z: [    9.114030] ip6_gre: GRE over IPv6 tunneling driver
[STDERR  ] 2017-06-15T19:35:03.287452072Z: [    9.118078] NET: Registered protocol family 17
[STDERR  ] 2017-06-15T19:35:03.28745958Z: [    9.119335] NET: Registered protocol family 15
[STDERR  ] 2017-06-15T19:35:03.287464682Z: [    9.120484] tsc: Refined TSC clocksource calibration: 2600.005 MHz
[STDERR  ] 2017-06-15T19:35:03.287467343Z: [    9.121359] clocksource: tsc: mask: 0xffffffffffffffff max_cycles: 0x257a40ff313, max_idle_ns: 440795330741 ns
[STDERR  ] 2017-06-15T19:35:03.28747255Z: [    9.123797] Bridge firewalling registered
[STDERR  ] 2017-06-15T19:35:03.287483658Z: [    9.124555] Ebtables v2.0 registered
[STDERR  ] 2017-06-15T19:35:03.287496203Z: [    9.128163] l2tp_core: L2TP core driver, V2.0
[STDERR  ] 2017-06-15T19:35:03.287501556Z: [    9.128899] l2tp_ppp: PPPoL2TP kernel driver, V2.0
[STDERR  ] 2017-06-15T19:35:03.287506702Z: [    9.129414] 8021q: 802.1Q VLAN Support v1.8
[STDERR  ] 2017-06-15T19:35:03.287511855Z: [    9.131721] 9pnet: Installing 9P2000 support
[STDERR  ] 2017-06-15T19:35:03.287520542Z: [    9.132763] Key type dns_resolver registered
[STDERR  ] 2017-06-15T19:35:03.287528676Z: [    9.133385] openvswitch: Open vSwitch switching datapath
[STDERR  ] 2017-06-15T19:35:03.287533766Z: [    9.135851] mpls_gso: MPLS GSO support
[STDERR  ] 2017-06-15T19:35:03.287536478Z: [    9.136681] microcode: AMD CPU family 0x6 not supported
[STDERR  ] 2017-06-15T19:35:03.287544145Z: [    9.141677] registered taskstats version 1
[STDERR  ] 2017-06-15T19:35:03.287549891Z: [    9.334457] Key type big_key registered
[STDERR  ] 2017-06-15T19:35:03.287552581Z: [    9.381935] Key type encrypted registered
[STDERR  ] 2017-06-15T19:35:03.287567591Z: [    9.386500] rtc_cmos 00:00: setting system clock to 2017-06-15 19:34:50 UTC (1497555290)
[STDERR  ] 2017-06-15T19:35:03.287571065Z: [    9.548582] Freeing unused kernel memory: 1456K (ffffffff8af90000 - ffffffff8b0fc000)
[STDERR  ] 2017-06-15T19:35:03.287576286Z: [    9.549555] Write protecting the kernel read-only data: 14336k
[STDERR  ] 2017-06-15T19:35:03.287585521Z: [    9.558853] Freeing unused kernel memory: 700K (ffff8a53ba951000 - ffff8a53baa00000)
[STDERR  ] 2017-06-15T19:35:03.287590676Z: [    9.625181] Freeing unused kernel memory: 976K (ffff8a53bad0c000 - ffff8a53bae00000)
[STDERR  ] 2017-06-15T19:35:03.287595953Z: [   10.140904] clocksource: Switched to clocksource tsc
[STDERR  ] 2017-06-15T19:35:03.287601245Z: 
[STDERR  ] 2017-06-15T19:35:03.287606616Z: Starting containerd
[STDERR  ] 2017-06-15T19:35:03.287611801Z: 
[STDERR  ] 2017-06-15T19:35:03.287617116Z: Welcome to LinuxKit
[STDERR  ] 2017-06-15T19:35:03.287622106Z: 
[STDERR  ] 2017-06-15T19:35:03.287627161Z:                         ##         .
[STDERR  ] 2017-06-15T19:35:03.287632236Z:                   ## ## ##        ==
[STDERR  ] 2017-06-15T19:35:03.287644333Z:                ## ## ## ## ##    ===
[STDERR  ] 2017-06-15T19:35:03.287649633Z:            /"""""""""""""""""\___/ ===
[STDERR  ] 2017-06-15T19:35:03.287654706Z:       ~~~ {~~ ~~~~ ~~~ ~~~~ ~~~ ~ /  ===- ~~~
[STDERR  ] 2017-06-15T19:35:03.28766131Z:            \______ o           __/
[STDERR  ] 2017-06-15T19:35:03.287669461Z:              \    \         __/
[STDERR  ] 2017-06-15T19:35:03.287678372Z:               \____\_______/
[STDERR  ] 2017-06-15T19:35:03.287687368Z: 
[STDERR  ] 2017-06-15T19:35:03.287696433Z: [34mINFO[0m[0000] starting containerd boot...                   [34mmodule[0m=containerd
[STDERR  ] 2017-06-15T19:35:03.287725577Z: [34mINFO[0m[0000] starting debug API...                         [34mdebug[0m="/run/containerd/debug.sock" [34mmodule[0m=containerd
[STDERR  ] 2017-06-15T19:35:03.28773867Z: [34mINFO[0m[0000] loading monitor plugin "cgroups"...           [34mmodule[0m=containerd
[STDERR  ] 2017-06-15T19:35:03.287747539Z: [   15.704264] random: fast init done
[STDERR  ] 2017-06-15T19:35:03.28776104Z: [34mINFO[0m[0000] loading runtime plugin "linux"...             [34mmodule[0m=containerd
[STDERR  ] 2017-06-15T19:35:03.287770104Z: [34mINFO[0m[0000] loading snapshot plugin "snapshot-overlay"...  [34mmodule[0m=containerd
[STDERR  ] 2017-06-15T19:35:03.287778651Z: [34mINFO[0m[0000] loading differ plugin "diff-base"...          [34mmodule[0m=containerd
[STDERR  ] 2017-06-15T19:35:03.28778745Z: [34mINFO[0m[0000] loading grpc service plugin "images-grpc"...  [34mmodule[0m=containerd
[STDERR  ] 2017-06-15T19:35:03.287822891Z: [34mINFO[0m[0000] loading grpc service plugin "tasks-grpc"...   [34mmodule[0m=containerd
[STDERR  ] 2017-06-15T19:35:03.287828322Z: [34mINFO[0m[0000] loading grpc service plugin "healthcheck-grpc"...  [34mmodule[0m=containerd
[STDERR  ] 2017-06-15T19:35:03.287841207Z: [34mINFO[0m[0000] loading grpc service plugin "metrics-grpc"...  [34mmodule[0m=containerd
[STDERR  ] 2017-06-15T19:35:03.287850041Z: [34mINFO[0m[0000] loading grpc service plugin "version-grpc"...  [34mmodule[0m=containerd
[STDERR  ] 2017-06-15T19:35:03.287882742Z: [34mINFO[0m[0000] loading grpc service plugin "containers-grpc"...  [34mmodule[0m=containerd
[STDERR  ] 2017-06-15T19:35:03.287901311Z: [34mINFO[0m[0000] loading grpc service plugin "content-grpc"...  [34mmodule[0m=containerd
[STDERR  ] 2017-06-15T19:35:03.287915945Z: [34mINFO[0m[0000] loading grpc service plugin "diff-grpc"...    [34mmodule[0m=containerd
[STDERR  ] 2017-06-15T19:35:03.28792077Z: [34mINFO[0m[0000] loading grpc service plugin "namespaces-grpc"...  [34mmodule[0m=containerd
[STDERR  ] 2017-06-15T19:35:03.287938775Z: [34mINFO[0m[0000] loading grpc service plugin "snapshots-grpc"...  [34mmodule[0m=containerd
[STDERR  ] 2017-06-15T19:35:03.287960064Z: [34mINFO[0m[0000] starting GRPC API server...                   [34mmodule[0m=containerd
[STDERR  ] 2017-06-15T19:35:03.287973064Z: [34mINFO[0m[0000] containerd successfully booted in 0.193514s   [34mmodule[0m=containerd
[STDERR  ] 2017-06-15T19:35:03.287977915Z: Linux moby 4.9.31-linuxkit #1 SMP Wed Jun 7 21:45:43 UTC 2017 x86_64 Linux
[STDERR  ] 2017-06-15T19:35:03.287987109Z: filename:       hello_world.ko
[STDERR  ] 2017-06-15T19:35:03.288001007Z: author:         Rolf Neugebauer <rolf.neugebauer@docker.com>
[STDERR  ] 2017-06-15T19:35:03.288004535Z: description:    A simple Hello World kernel module for testing
[STDERR  ] 2017-06-15T19:35:03.288009595Z: license:        GPL
[STDERR  ] 2017-06-15T19:35:03.28801712Z: depends:        
[STDERR  ] 2017-06-15T19:35:03.28802221Z: vermagic:       4.9.31-linuxkit SMP mod_unload 
[STDERR  ] 2017-06-15T19:35:03.288035469Z: [   17.141277] hello_world: loading out-of-tree module taints kernel.
[STDERR  ] 2017-06-15T19:35:03.288041931Z: [   17.148807] Hello LinuxKit
[STDERR  ] 2017-06-15T19:35:03.288046959Z: [   17.254051] Goodbye LinuxKit.
[STDERR  ] 2017-06-15T19:35:03.288052109Z: Kernel module test suite PASSED
[STDERR  ] 2017-06-15T19:35:03.288054792Z:  - 000-check
[STDERR  ] 2017-06-15T19:35:03.288062329Z: [   21.517007] ACPI: Preparing to enter system sleep state S5
[STDERR  ] 2017-06-15T19:35:03.288065041Z: [   21.518715] reboot: Power down
[STDERR  ] 2017-06-15T19:35:03.288209528Z: + grep -q Hello LinuxKit
[STDERR  ] 2017-06-15T19:35:03.289600816Z: + echo [    0.000000] Linux version 4.9.31-linuxkit (root@84baa8e89c00) (gcc version 6.2.1 20160822 (Alpine 6.2.1) ) #1 SMP Wed Jun 7 21:45:43 UTC 2017
[STDERR  ] 2017-06-15T19:35:03.289608435Z: [    0.000000] Command line: console=ttyS0
[STDERR  ] 2017-06-15T19:35:03.289613706Z: [    0.000000] x86/fpu: Legacy x87 FPU detected.
[STDERR  ] 2017-06-15T19:35:03.289624217Z: [    0.000000] x86/fpu: Using 'eager' FPU context switches.
[STDERR  ] 2017-06-15T19:35:03.28962989Z: [    0.000000] e820: BIOS-provided physical RAM map:
[STDERR  ] 2017-06-15T19:35:03.289641035Z: [    0.000000] BIOS-e820: [mem 0x0000000000000000-0x000000000009fbff] usable
[STDERR  ] 2017-06-15T19:35:03.289646405Z: [    0.000000] BIOS-e820: [mem 0x000000000009fc00-0x000000000009ffff] reserved
[STDERR  ] 2017-06-15T19:35:03.289666555Z: [    0.000000] BIOS-e820: [mem 0x00000000000f0000-0x00000000000fffff] reserved
[STDERR  ] 2017-06-15T19:35:03.28967249Z: [    0.000000] BIOS-e820: [mem 0x0000000000100000-0x000000003ffdefff] usable
[STDERR  ] 2017-06-15T19:35:03.28967528Z: [    0.000000] BIOS-e820: [mem 0x000000003ffdf000-0x000000003fffffff] reserved
[STDERR  ] 2017-06-15T19:35:03.289680238Z: [    0.000000] BIOS-e820: [mem 0x00000000b0000000-0x00000000bfffffff] reserved
[STDERR  ] 2017-06-15T19:35:03.289687775Z: [    0.000000] BIOS-e820: [mem 0x00000000fed1c000-0x00000000fed1ffff] reserved
[STDERR  ] 2017-06-15T19:35:03.289690457Z: [    0.000000] BIOS-e820: [mem 0x00000000fffc0000-0x00000000ffffffff] reserved
[STDERR  ] 2017-06-15T19:35:03.289698407Z: [    0.000000] NX (Execute Disable) protection: active
[STDERR  ] 2017-06-15T19:35:03.289701093Z: [    0.000000] SMBIOS 2.8 present.
[STDERR  ] 2017-06-15T19:35:03.289708535Z: [    0.000000] e820: last_pfn = 0x3ffdf max_arch_pfn = 0x400000000
[STDERR  ] 2017-06-15T19:35:03.289713485Z: [    0.000000] x86/PAT: Configuration [0-7]: WB  WC  UC- UC  WB  WC  UC- WT  
[STDERR  ] 2017-06-15T19:35:03.289724293Z: [    0.000000] found SMP MP-table at [mem 0x000f6aa0-0x000f6aaf] mapped at [ffff8a53800f6aa0]
[STDERR  ] 2017-06-15T19:35:03.289739113Z: [    0.000000] RAMDISK: [mem 0x3e147000-0x3ffcffff]
[STDERR  ] 2017-06-15T19:35:03.289748198Z: [    0.000000] ACPI: Early table checksum verification disabled
[STDERR  ] 2017-06-15T19:35:03.289753315Z: [    0.000000] ACPI: RSDP 0x00000000000F68C0 000014 (v00 BOCHS )
[STDERR  ] 2017-06-15T19:35:03.289755975Z: [    0.000000] ACPI: RSDT 0x000000003FFE2404 000034 (v01 BOCHS  BXPCRSDT 00000001 BXPC 00000001)
[STDERR  ] 2017-06-15T19:35:03.289763753Z: [    0.000000] ACPI: FACP 0x000000003FFE22A4 000074 (v01 BOCHS  BXPCFACP 00000001 BXPC 00000001)
[STDERR  ] 2017-06-15T19:35:03.289768883Z: [    0.000000] ACPI: DSDT 0x000000003FFE0040 002264 (v01 BOCHS  BXPCDSDT 00000001 BXPC 00000001)
[STDERR  ] 2017-06-15T19:35:03.289771771Z: [    0.000000] ACPI: FACS 0x000000003FFE0000 000040
[STDERR  ] 2017-06-15T19:35:03.289783807Z: [    0.000000] ACPI: APIC 0x000000003FFE2318 000078 (v01 BOCHS  BXPCAPIC 00000001 BXPC 00000001)
[STDERR  ] 2017-06-15T19:35:03.289786693Z: [    0.000000] ACPI: HPET 0x000000003FFE2390 000038 (v01 BOCHS  BXPCHPET 00000001 BXPC 00000001)
[STDERR  ] 2017-06-15T19:35:03.289794493Z: [    0.000000] ACPI: MCFG 0x000000003FFE23C8 00003C (v01 BOCHS  BXPCMCFG 00000001 BXPC 00000001)
[STDERR  ] 2017-06-15T19:35:03.289799685Z: [    0.000000] Zone ranges:
[STDERR  ] 2017-06-15T19:35:03.289804848Z: [    0.000000]   DMA      [mem 0x0000000000001000-0x0000000000ffffff]
[STDERR  ] 2017-06-15T19:35:03.289824008Z: [    0.000000]   DMA32    [mem 0x0000000001000000-0x000000003ffdefff]
[STDERR  ] 2017-06-15T19:35:03.289826863Z: [    0.000000]   Normal   empty
[STDERR  ] 2017-06-15T19:35:03.289834806Z: [    0.000000] Movable zone start for each node
[STDERR  ] 2017-06-15T19:35:03.28983998Z: [    0.000000] Early memory node ranges
[STDERR  ] 2017-06-15T19:35:03.2898425Z: [    0.000000]   node   0: [mem 0x0000000000001000-0x000000000009efff]
[STDERR  ] 2017-06-15T19:35:03.289850316Z: [    0.000000]   node   0: [mem 0x0000000000100000-0x000000003ffdefff]
[STDERR  ] 2017-06-15T19:35:03.28985294Z: [    0.000000] Initmem setup node 0 [mem 0x0000000000001000-0x000000003ffdefff]
[STDERR  ] 2017-06-15T19:35:03.289858025Z: [    0.000000] ACPI: PM-Timer IO Port: 0x608
[STDERR  ] 2017-06-15T19:35:03.289865917Z: [    0.000000] ACPI: LAPIC_NMI (acpi_id[0xff] dfl dfl lint[0x1])
[STDERR  ] 2017-06-15T19:35:03.289871087Z: [    0.000000] IOAPIC[0]: apic_id 0, version 32, address 0xfec00000, GSI 0-23
[STDERR  ] 2017-06-15T19:35:03.289876115Z: [    0.000000] ACPI: INT_SRC_OVR (bus 0 bus_irq 0 global_irq 2 dfl dfl)
[STDERR  ] 2017-06-15T19:35:03.289881033Z: [    0.000000] ACPI: INT_SRC_OVR (bus 0 bus_irq 5 global_irq 5 high level)
[STDERR  ] 2017-06-15T19:35:03.289898483Z: [    0.000000] ACPI: INT_SRC_OVR (bus 0 bus_irq 9 global_irq 9 high level)
[STDERR  ] 2017-06-15T19:35:03.289905551Z: [    0.000000] ACPI: INT_SRC_OVR (bus 0 bus_irq 10 global_irq 10 high level)
[STDERR  ] 2017-06-15T19:35:03.289914281Z: [    0.000000] ACPI: INT_SRC_OVR (bus 0 bus_irq 11 global_irq 11 high level)
[STDERR  ] 2017-06-15T19:35:03.289916967Z: [    0.000000] Using ACPI (MADT) for SMP configuration information
[STDERR  ] 2017-06-15T19:35:03.289924762Z: [    0.000000] ACPI: HPET id: 0x8086a201 base: 0xfed00000
[STDERR  ] 2017-06-15T19:35:03.289929996Z: [    0.000000] smpboot: Allowing 1 CPUs, 0 hotplug CPUs
[STDERR  ] 2017-06-15T19:35:03.28993253Z: [    0.000000] e820: [mem 0x40000000-0xafffffff] available for PCI devices
[STDERR  ] 2017-06-15T19:35:03.289940444Z: [    0.000000] Booting paravirtualized kernel on bare hardware
[STDERR  ] 2017-06-15T19:35:03.289945962Z: [    0.000000] clocksource: refined-jiffies: mask: 0xffffffff max_cycles: 0xffffffff, max_idle_ns: 19112604462750000 ns
[STDERR  ] 2017-06-15T19:35:03.289948684Z: [    0.000000] setup_percpu: NR_CPUS:128 nr_cpumask_bits:128 nr_cpu_ids:1 nr_node_ids:1
[STDERR  ] 2017-06-15T19:35:03.289953872Z: [    0.000000] percpu: Embedded 35 pages/cpu @ffff8a53bde00000 s105240 r8192 d29928 u2097152
[STDERR  ] 2017-06-15T19:35:03.289972579Z: [    0.000000] Built 1 zonelists in Zone order, mobility grouping on.  Total pages: 257896
[STDERR  ] 2017-06-15T19:35:03.289981915Z: [    0.000000] Kernel command line: console=ttyS0
[STDERR  ] 2017-06-15T19:35:03.289988956Z: [    0.000000] PID hash table entries: 4096 (order: 3, 32768 bytes)
[STDERR  ] 2017-06-15T19:35:03.289996852Z: [    0.000000] Dentry cache hash table entries: 131072 (order: 8, 1048576 bytes)
[STDERR  ] 2017-06-15T19:35:03.290002012Z: [    0.000000] Inode-cache hash table entries: 65536 (order: 7, 524288 bytes)
[STDERR  ] 2017-06-15T19:35:03.290007605Z: [    0.000000] Memory: 980520K/1048052K available (9526K kernel code, 1595K rwdata, 3120K rodata, 1456K init, 604K bss, 67532K reserved, 0K cma-reserved)
[STDERR  ] 2017-06-15T19:35:03.290012979Z: [    0.000000] Hierarchical RCU implementation.
[STDERR  ] 2017-06-15T19:35:03.290018224Z: [    0.000000] 	Build-time adjustment of leaf fanout to 64.
[STDERR  ] 2017-06-15T19:35:03.290023365Z: [    0.000000] 	RCU restricting CPUs from NR_CPUS=128 to nr_cpu_ids=1.
[STDERR  ] 2017-06-15T19:35:03.29002845Z: [    0.000000] RCU: Adjusting geometry for rcu_fanout_leaf=64, nr_cpu_ids=1
[STDERR  ] 2017-06-15T19:35:03.290031186Z: [    0.000000] NR_IRQS:8448 nr_irqs:256 16
[STDERR  ] 2017-06-15T19:35:03.290048247Z: [    0.000000] Console: colour VGA+ 80x25
[STDERR  ] 2017-06-15T19:35:03.290064045Z: [    0.000000] console [ttyS0] enabled
[STDERR  ] 2017-06-15T19:35:03.290072849Z: [    0.000000] clocksource: hpet: mask: 0xffffffff max_cycles: 0xffffffff, max_idle_ns: 19112604467 ns
[STDERR  ] 2017-06-15T19:35:03.290081022Z: [    0.000000] tsc: Fast TSC calibration failed
[STDERR  ] 2017-06-15T19:35:03.290088932Z: [    0.000000] tsc: Unable to calibrate against PIT
[STDERR  ] 2017-06-15T19:35:03.29009717Z: [    0.000000] tsc: using HPET reference calibration
[STDERR  ] 2017-06-15T19:35:03.290105455Z: [    0.000000] tsc: Detected 2600.035 MHz processor
[STDERR  ] 2017-06-15T19:35:03.290113964Z: [    0.051562] Calibrating delay loop (skipped), value calculated using timer frequency.. 5200.07 BogoMIPS (lpj=26000350)
[STDERR  ] 2017-06-15T19:35:03.290134137Z: [    0.053180] pid_max: default: 32768 minimum: 301
[STDERR  ] 2017-06-15T19:35:03.290142475Z: [    0.054392] ACPI: Core revision 20160831
[STDERR  ] 2017-06-15T19:35:03.290150776Z: [    0.105900] ACPI: 1 ACPI AML tables successfully acquired and loaded
[STDERR  ] 2017-06-15T19:35:03.29015925Z: [    0.109595] Security Framework initialized
[STDERR  ] 2017-06-15T19:35:03.290173402Z: [    0.110197] Yama: becoming mindful.
[STDERR  ] 2017-06-15T19:35:03.290178012Z: [    0.112343] Mount-cache hash table entries: 2048 (order: 2, 16384 bytes)
[STDERR  ] 2017-06-15T19:35:03.290187967Z: [    0.113140] Mountpoint-cache hash table entries: 2048 (order: 2, 16384 bytes)
[STDERR  ] 2017-06-15T19:35:03.290193042Z: [    0.132120] Last level iTLB entries: 4KB 0, 2MB 0, 4MB 0
[STDERR  ] 2017-06-15T19:35:03.290203576Z: [    0.132752] Last level dTLB entries: 4KB 0, 2MB 0, 4MB 0, 1GB 0
[STDERR  ] 2017-06-15T19:35:03.290211649Z: [    0.501612] Freeing SMP alternatives memory: 24K (ffffffff8b0fc000 - ffffffff8b102000)
[STDERR  ] 2017-06-15T19:35:03.290216714Z: [    0.510925] ftrace: allocating 41866 entries in 164 pages
[STDERR  ] 2017-06-15T19:35:03.290219422Z: [    0.701010] smpboot: Max logical packages: 1
[STDERR  ] 2017-06-15T19:35:03.290232434Z: [    0.706538] ..TIMER: vector=0x30 apic1=0 pin1=2 apic2=-1 pin2=-1
[STDERR  ] 2017-06-15T19:35:03.290241014Z: [    0.810000] smpboot: CPU0: AMD QEMU Virtual CPU version 2.5+ (family: 0x6, model: 0x6, stepping: 0x3)
[STDERR  ] 2017-06-15T19:35:03.29024593Z: [    0.810000] Performance Events: PMU not available due to virtualization, using software events only.
[STDERR  ] 2017-06-15T19:35:03.290260739Z: [    0.819602] NMI watchdog: disabled (cpu0): hardware events not enabled
[STDERR  ] 2017-06-15T19:35:03.290265672Z: [    0.820224] NMI watchdog: Shutting down hard lockup detector on all cpus
[STDERR  ] 2017-06-15T19:35:03.290284824Z: [    0.823016] x86: Booted up 1 node, 1 CPUs
[STDERR  ] 2017-06-15T19:35:03.290294215Z: [    0.823594] smpboot: Total of 1 processors activated (5200.07 BogoMIPS)
[STDERR  ] 2017-06-15T19:35:03.290302316Z: [    0.838316] devtmpfs: initialized
[STDERR  ] 2017-06-15T19:35:03.290307436Z: [    0.843775] x86/mm: Memory block size: 128MB
[STDERR  ] 2017-06-15T19:35:03.290309922Z: [    0.905097] clocksource: jiffies: mask: 0xffffffff max_cycles: 0xffffffff, max_idle_ns: 19112604462750000 ns
[STDERR  ] 2017-06-15T19:35:03.2903226Z: [    0.906531] futex hash table entries: 256 (order: 2, 16384 bytes)
[STDERR  ] 2017-06-15T19:35:03.290332069Z: [    0.916225] NET: Registered protocol family 16
[STDERR  ] 2017-06-15T19:35:03.290337235Z: [    0.925806] cpuidle: using governor ladder
[STDERR  ] 2017-06-15T19:35:03.29035662Z: [    0.926492] cpuidle: using governor menu
[STDERR  ] 2017-06-15T19:35:03.29036899Z: [    0.927789] ACPI: bus type PCI registered
[STDERR  ] 2017-06-15T19:35:03.290383986Z: [    0.930714] PCI: MMCONFIG for domain 0000 [bus 00-ff] at [mem 0xb0000000-0xbfffffff] (base 0xb0000000)
[STDERR  ] 2017-06-15T19:35:03.290399316Z: [    0.931859] PCI: MMCONFIG at [mem 0xb0000000-0xbfffffff] reserved in E820
[STDERR  ] 2017-06-15T19:35:03.290405201Z: [    0.933485] PCI: Using configuration type 1 for base access
[STDERR  ] 2017-06-15T19:35:03.290410453Z: [    1.003658] HugeTLB registered 2 MB page size, pre-allocated 0 pages
[STDERR  ] 2017-06-15T19:35:03.290415509Z: [    1.014584] ACPI: Added _OSI(Module Device)
[STDERR  ] 2017-06-15T19:35:03.290420749Z: [    1.015098] ACPI: Added _OSI(Processor Device)
[STDERR  ] 2017-06-15T19:35:03.290434661Z: [    1.015536] ACPI: Added _OSI(3.0 _SCP Extensions)
[STDERR  ] 2017-06-15T19:35:03.290440086Z: [    1.015985] ACPI: Added _OSI(Processor Aggregator Device)
[STDERR  ] 2017-06-15T19:35:03.290443001Z: [    1.091954] ACPI: Interpreter enabled
[STDERR  ] 2017-06-15T19:35:03.290449015Z: [    1.093112] ACPI: (supports S0 S5)
[STDERR  ] 2017-06-15T19:35:03.290456678Z: [    1.093598] ACPI: Using IOAPIC for interrupt routing
[STDERR  ] 2017-06-15T19:35:03.290461791Z: [    1.095760] PCI: Using host bridge windows from ACPI; if necessary, use "pci=nocrs" and report a bug
[STDERR  ] 2017-06-15T19:35:03.290466848Z: [    1.162909] ACPI: PCI Root Bridge [PCI0] (domain 0000 [bus 00-ff])
[STDERR  ] 2017-06-15T19:35:03.290475754Z: [    1.164273] acpi PNP0A08:00: _OSC: OS supports [ExtendedConfig ASPM ClockPM Segments MSI]
[STDERR  ] 2017-06-15T19:35:03.290478761Z: [    1.171023] acpi PNP0A08:00: _OSC: OS now controls [PCIeHotplug PME PCIeCapability]
[STDERR  ] 2017-06-15T19:35:03.290483819Z: [    1.175043] PCI host bridge to bus 0000:00
[STDERR  ] 2017-06-15T19:35:03.290497976Z: [    1.175703] pci_bus 0000:00: root bus resource [io  0x0000-0x0cf7 window]
[STDERR  ] 2017-06-15T19:35:03.290500861Z: [    1.176392] pci_bus 0000:00: root bus resource [io  0x0d00-0xffff window]
[STDERR  ] 2017-06-15T19:35:03.290513821Z: [    1.177061] pci_bus 0000:00: root bus resource [mem 0x000a0000-0x000bffff window]
[STDERR  ] 2017-06-15T19:35:03.290521265Z: [    1.177805] pci_bus 0000:00: root bus resource [mem 0xc0000000-0xfebfffff window]
[STDERR  ] 2017-06-15T19:35:03.290526344Z: [    1.178749] pci_bus 0000:00: root bus resource [bus 00-ff]
[STDERR  ] 2017-06-15T19:35:03.290531398Z: [    1.266016] pci 0000:00:1f.0: quirk: [io  0x0600-0x067f] claimed by ICH6 ACPI/GPIO/TCO
[STDERR  ] 2017-06-15T19:35:03.290536571Z: [    1.323248] ACPI: PCI Interrupt Link [LNKA] (IRQs 5 *10 11)
[STDERR  ] 2017-06-15T19:35:03.290541751Z: [    1.325801] ACPI: PCI Interrupt Link [LNKB] (IRQs 5 *10 11)
[STDERR  ] 2017-06-15T19:35:03.290546783Z: [    1.327961] ACPI: PCI Interrupt Link [LNKC] (IRQs 5 10 *11)
[STDERR  ] 2017-06-15T19:35:03.290552051Z: [    1.330223] ACPI: PCI Interrupt Link [LNKD] (IRQs 5 10 *11)
[STDERR  ] 2017-06-15T19:35:03.290558654Z: [    1.332346] ACPI: PCI Interrupt Link [LNKE] (IRQs 5 *10 11)
[STDERR  ] 2017-06-15T19:35:03.290563725Z: [    1.334498] ACPI: PCI Interrupt Link [LNKF] (IRQs 5 *10 11)
[STDERR  ] 2017-06-15T19:35:03.290573353Z: [    1.336623] ACPI: PCI Interrupt Link [LNKG] (IRQs 5 10 *11)
[STDERR  ] 2017-06-15T19:35:03.290591039Z: [    1.338745] ACPI: PCI Interrupt Link [LNKH] (IRQs 5 10 *11)
[STDERR  ] 2017-06-15T19:35:03.290600656Z: [    1.340185] ACPI: PCI Interrupt Link [GSIA] (IRQs *16)
[STDERR  ] 2017-06-15T19:35:03.290603526Z: [    1.341139] ACPI: PCI Interrupt Link [GSIB] (IRQs *17)
[STDERR  ] 2017-06-15T19:35:03.290608768Z: [    1.342148] ACPI: PCI Interrupt Link [GSIC] (IRQs *18)
[STDERR  ] 2017-06-15T19:35:03.290616876Z: [    1.343100] ACPI: PCI Interrupt Link [GSID] (IRQs *19)
[STDERR  ] 2017-06-15T19:35:03.290621923Z: [    1.344011] ACPI: PCI Interrupt Link [GSIE] (IRQs *20)
[STDERR  ] 2017-06-15T19:35:03.290627173Z: [    1.344932] ACPI: PCI Interrupt Link [GSIF] (IRQs *21)
[STDERR  ] 2017-06-15T19:35:03.290635971Z: [    1.345899] ACPI: PCI Interrupt Link [GSIG] (IRQs *22)
[STDERR  ] 2017-06-15T19:35:03.290638763Z: [    1.346858] ACPI: PCI Interrupt Link [GSIH] (IRQs *23)
[STDERR  ] 2017-06-15T19:35:03.290643801Z: [    1.351005] ACPI: Enabled 2 GPEs in block 00 to 3F
[STDERR  ] 2017-06-15T19:35:03.290651564Z: [    1.355655] SCSI subsystem initialized
[STDERR  ] 2017-06-15T19:35:03.290664959Z: [    1.359259] pps_core: LinuxPPS API ver. 1 registered
[STDERR  ] 2017-06-15T19:35:03.290670158Z: [    1.359799] pps_core: Software ver. 5.3.6 - Copyright 2005-2007 Rodolfo Giometti <giometti@linux.it>
[STDERR  ] 2017-06-15T19:35:03.290675364Z: [    1.360399] PTP clock support registered
[STDERR  ] 2017-06-15T19:35:03.290680565Z: [    1.361840] wmi: Mapper loaded
[STDERR  ] 2017-06-15T19:35:03.290685601Z: [    1.363142] PCI: Using ACPI for IRQ routing
[STDERR  ] 2017-06-15T19:35:03.290690645Z: [    1.382897] NetLabel: Initializing
[STDERR  ] 2017-06-15T19:35:03.290693331Z: [    1.383347] NetLabel:  domain hash size = 128
[STDERR  ] 2017-06-15T19:35:03.290698425Z: [    1.383896] NetLabel:  protocols = UNLABELED CIPSOv4
[STDERR  ] 2017-06-15T19:35:03.290706186Z: [    1.386113] NetLabel:  unlabeled traffic allowed by default
[STDERR  ] 2017-06-15T19:35:03.290711151Z: [    1.387453] HPET: 3 timers in total, 0 timers will be used for per-cpu timer
[STDERR  ] 2017-06-15T19:35:03.290716335Z: [    1.388515] hpet0: at MMIO 0xfed00000, IRQs 2, 8, 0
[STDERR  ] 2017-06-15T19:35:03.290721381Z: [    1.389259] hpet0: 3 comparators, 64-bit 100.000000 MHz counter
[STDERR  ] 2017-06-15T19:35:03.290726495Z: [    1.394975] clocksource: Switched to clocksource hpet
[STDERR  ] 2017-06-15T19:35:03.290836415Z: [    1.667974] VFS: Disk quotas dquot_6.6.0
[STDERR  ] 2017-06-15T19:35:03.290841881Z: [    1.669433] VFS: Dquot-cache hash table entries: 512 (order 0, 4096 bytes)
[STDERR  ] 2017-06-15T19:35:03.290847006Z: [    1.672545] FS-Cache: Loaded
[STDERR  ] 2017-06-15T19:35:03.290849813Z: [    1.677552] CacheFiles: Loaded
[STDERR  ] 2017-06-15T19:35:03.290854845Z: [    1.679331] pnp: PnP ACPI init
[STDERR  ] 2017-06-15T19:35:03.290862443Z: [    1.691658] pnp: PnP ACPI: found 5 devices
[STDERR  ] 2017-06-15T19:35:03.290867735Z: [    1.741945] clocksource: acpi_pm: mask: 0xffffff max_cycles: 0xffffff, max_idle_ns: 2085701024 ns
[STDERR  ] 2017-06-15T19:35:03.290877367Z: [    1.745314] NET: Registered protocol family 2
[STDERR  ] 2017-06-15T19:35:03.290882822Z: [    1.752729] TCP established hash table entries: 8192 (order: 4, 65536 bytes)
[STDERR  ] 2017-06-15T19:35:03.290888073Z: [    1.753841] TCP bind hash table entries: 8192 (order: 5, 131072 bytes)
[STDERR  ] 2017-06-15T19:35:03.291039398Z: [    1.755324] TCP: Hash tables configured (established 8192 bind 8192)
[STDERR  ] 2017-06-15T19:35:03.291054295Z: [    1.757046] UDP hash table entries: 512 (order: 2, 16384 bytes)
[STDERR  ] 2017-06-15T19:35:03.291059504Z: [    1.757886] UDP-Lite hash table entries: 512 (order: 2, 16384 bytes)
[STDERR  ] 2017-06-15T19:35:03.291062133Z: [    1.760613] NET: Registered protocol family 1
[STDERR  ] 2017-06-15T19:35:03.291067352Z: [    1.764270] RPC: Registered named UNIX socket transport module.
[STDERR  ] 2017-06-15T19:35:03.291075093Z: [    1.764915] RPC: Registered udp transport module.
[STDERR  ] 2017-06-15T19:35:03.291084787Z: [    1.765527] RPC: Registered tcp transport module.
[STDERR  ] 2017-06-15T19:35:03.291090045Z: [    1.766089] RPC: Registered tcp NFSv4.1 backchannel transport module.
[STDERR  ] 2017-06-15T19:35:03.291095398Z: [    1.767186] pci 0000:00:01.0: Video device with shadowed ROM at [mem 0x000c0000-0x000dffff]
[STDERR  ] 2017-06-15T19:35:03.291105822Z: [    1.774992] Unpacking initramfs...
[STDERR  ] 2017-06-15T19:35:03.291121385Z: [    8.114812] Freeing initrd memory: 31268K (ffff8a53be147000 - ffff8a53bffd0000)
[STDERR  ] 2017-06-15T19:35:03.291126664Z: [    8.139300] PCLMULQDQ-NI instructions are not detected.
[STDERR  ] 2017-06-15T19:35:03.291131985Z: [    8.141195] AVX or AES-NI instructions are not detected.
[STDERR  ] 2017-06-15T19:35:03.291137217Z: [    8.141845] CPU feature 'AVX registers' is not supported.
[STDERR  ] 2017-06-15T19:35:03.291139997Z: [    8.142530] CPU feature 'AVX registers' is not supported.
[STDERR  ] 2017-06-15T19:35:03.291147704Z: [    8.143197] CPU feature 'AVX registers' is not supported.
[STDERR  ] 2017-06-15T19:35:03.291152928Z: [    8.143825] CPU feature 'AVX registers' is not supported.
[STDERR  ] 2017-06-15T19:35:03.291160115Z: [    8.144440] AVX2 or AES-NI instructions are not detected.
[STDERR  ] 2017-06-15T19:35:03.291173873Z: [    8.145047] AVX2 instructions are not detected.
[STDERR  ] 2017-06-15T19:35:03.291179162Z: [    8.152388] audit: initializing netlink subsys (disabled)
[STDERR  ] 2017-06-15T19:35:03.291181787Z: [    8.154192] audit: type=2000 audit(1497555288.150:1): initialized
[STDERR  ] 2017-06-15T19:35:03.291195174Z: [    8.164957] workingset: timestamp_bits=46 max_order=18 bucket_order=0
[STDERR  ] 2017-06-15T19:35:03.291203297Z: [    8.171289] FS-Cache: Netfs 'nfs' registered for caching
[STDERR  ] 2017-06-15T19:35:03.291208555Z: [    8.173513] NFS: Registering the id_resolver key type
[STDERR  ] 2017-06-15T19:35:03.291213747Z: [    8.175083] Key type id_resolver registered
[STDERR  ] 2017-06-15T19:35:03.291220683Z: [    8.175551] Key type id_legacy registered
[STDERR  ] 2017-06-15T19:35:03.291229345Z: [    8.176205] nfs4filelayout_init: NFSv4 File Layout Driver Registering...
[STDERR  ] 2017-06-15T19:35:03.291237354Z: [    8.177236] Installing knfsd (copyright (C) 1996 okir@monad.swb.de).
[STDERR  ] 2017-06-15T19:35:03.291246692Z: [    8.181641] FS-Cache: Netfs 'cifs' registered for caching
[STDERR  ] 2017-06-15T19:35:03.29125574Z: [    8.182809] ntfs: driver 2.1.32 [Flags: R/O].
[STDERR  ] 2017-06-15T19:35:03.291272628Z: [    8.183568] fuse init (API version 7.26)
[STDERR  ] 2017-06-15T19:35:03.29128265Z: [    8.186088] SGI XFS with ACLs, security attributes, no debug enabled
[STDERR  ] 2017-06-15T19:35:03.291295418Z: [    8.191237] 9p: Installing v9fs 9p2000 file system support
[STDERR  ] 2017-06-15T19:35:03.291303832Z: [    8.192024] FS-Cache: Netfs '9p' registered for caching
[STDERR  ] 2017-06-15T19:35:03.291312342Z: [    8.227148] NET: Registered protocol family 38
[STDERR  ] 2017-06-15T19:35:03.291320955Z: [    8.228056] Key type asymmetric registered
[STDERR  ] 2017-06-15T19:35:03.291326629Z: [    8.228532] Asymmetric key parser 'x509' registered
[STDERR  ] 2017-06-15T19:35:03.291335679Z: [    8.229819] Block layer SCSI generic (bsg) driver version 0.4 loaded (major 251)
[STDERR  ] 2017-06-15T19:35:03.291349509Z: [    8.232520] io scheduler noop registered
[STDERR  ] 2017-06-15T19:35:03.291354717Z: [    8.232982] io scheduler deadline registered (default)
[STDERR  ] 2017-06-15T19:35:03.291359977Z: [    8.233821] io scheduler cfq registered
[STDERR  ] 2017-06-15T19:35:03.291364987Z: [    8.236609] pci_hotplug: PCI Hot Plug PCI Core version: 0.5
[STDERR  ] 2017-06-15T19:35:03.291367662Z: [    8.237484] pciehp: PCI Express Hot Plug Controller Driver version: 0.4
[STDERR  ] 2017-06-15T19:35:03.291375054Z: [    8.238724] shpchp: Standard Hot Plug PCI Controller Driver version: 0.4
[STDERR  ] 2017-06-15T19:35:03.291377652Z: [    8.239846] hv_vmbus: registering driver hyperv_fb
[STDERR  ] 2017-06-15T19:35:03.291388921Z: [    8.243941] input: Power Button as /devices/LNXSYSTM:00/LNXPWRBN:00/input/input0
[STDERR  ] 2017-06-15T19:35:03.291396793Z: [    8.245347] ACPI: Power Button [PWRF]
[STDERR  ] 2017-06-15T19:35:03.291403974Z: [    8.250617] GHES: HEST is not enabled!
[STDERR  ] 2017-06-15T19:35:03.291409281Z: [    8.262855] ACPI: PCI Interrupt Link [GSIH] enabled at IRQ 23
[STDERR  ] 2017-06-15T19:35:03.291421596Z: [    8.269686] xenfs: not registering filesystem on non-xen platform
[STDERR  ] 2017-06-15T19:35:03.291427661Z: [    8.272622] Serial: 8250/16550 driver, 4 ports, IRQ sharing disabled
[STDERR  ] 2017-06-15T19:35:03.291432781Z: [    8.299942] 00:04: ttyS0 at I/O 0x3f8 (irq = 4, base_baud = 115200) is a 16550A
[STDERR  ] 2017-06-15T19:35:03.291435414Z: [    8.307889] Initializing Nozomi driver 2.1d
[STDERR  ] 2017-06-15T19:35:03.291440522Z: [    8.312550] Non-volatile memory driver v1.3
[STDERR  ] 2017-06-15T19:35:03.291448372Z: [    8.319073] Hangcheck: starting hangcheck timer 0.9.1 (tick is 180 seconds, margin is 60 seconds).
[STDERR  ] 2017-06-15T19:35:03.291453757Z: [    8.359523] loop: module loaded
[STDERR  ] 2017-06-15T19:35:03.291459046Z: [    8.375274] nbd: registered device at major 43
[STDERR  ] 2017-06-15T19:35:03.291464144Z: [    8.420326] lpc_ich 0000:00:1f.0: I/O space for GPIO uninitialized
[STDERR  ] 2017-06-15T19:35:03.291469491Z: [    8.422553] VMware PVSCSI driver - version 1.0.7.0-k
[STDERR  ] 2017-06-15T19:35:03.291474709Z: [    8.423605] hv_vmbus: registering driver hv_storvsc
[STDERR  ] 2017-06-15T19:35:03.291480001Z: [    8.435430] ACPI: PCI Interrupt Link [GSIA] enabled at IRQ 16
[STDERR  ] 2017-06-15T19:35:03.291485166Z: [    8.442312] ahci 0000:00:1f.2: AHCI 0001.0000 32 slots 6 ports 1.5 Gbps 0x3f impl SATA mode
[STDERR  ] 2017-06-15T19:35:03.291496836Z: [    8.443509] ahci 0000:00:1f.2: flags: 64bit ncq only 
[STDERR  ] 2017-06-15T19:35:03.291502836Z: [    8.465208] scsi host0: ahci
[STDERR  ] 2017-06-15T19:35:03.291507859Z: [    8.469283] scsi host1: ahci
[STDERR  ] 2017-06-15T19:35:03.291510551Z: [    8.472014] scsi host2: ahci
[STDERR  ] 2017-06-15T19:35:03.291515462Z: [    8.474521] scsi host3: ahci
[STDERR  ] 2017-06-15T19:35:03.291523129Z: [    8.477015] scsi host4: ahci
[STDERR  ] 2017-06-15T19:35:03.291532509Z: [    8.479399] scsi host5: ahci
[STDERR  ] 2017-06-15T19:35:03.291538629Z: [    8.481684] ata1: SATA max UDMA/133 abar m4096@0xfebf1000 port 0xfebf1100 irq 24
[STDERR  ] 2017-06-15T19:35:03.291541369Z: [    8.482596] ata2: SATA max UDMA/133 abar m4096@0xfebf1000 port 0xfebf1180 irq 24
[STDERR  ] 2017-06-15T19:35:03.291546694Z: [    8.483367] ata3: SATA max UDMA/133 abar m4096@0xfebf1000 port 0xfebf1200 irq 24
[STDERR  ] 2017-06-15T19:35:03.291558284Z: [    8.484043] ata4: SATA max UDMA/133 abar m4096@0xfebf1000 port 0xfebf1280 irq 24
[STDERR  ] 2017-06-15T19:35:03.291563537Z: [    8.484758] ata5: SATA max UDMA/133 abar m4096@0xfebf1000 port 0xfebf1300 irq 24
[STDERR  ] 2017-06-15T19:35:03.291576596Z: [    8.485470] ata6: SATA max UDMA/133 abar m4096@0xfebf1000 port 0xfebf1380 irq 24
[STDERR  ] 2017-06-15T19:35:03.291581811Z: [    8.496691] Ethernet Channel Bonding Driver: v3.7.1 (April 27, 2011)
[STDERR  ] 2017-06-15T19:35:03.291587007Z: [    8.518385] tun: Universal TUN/TAP device driver, 1.6
[STDERR  ] 2017-06-15T19:35:03.291597201Z: [    8.519030] tun: (C) 1999-2004 Max Krasnyansky <maxk@qualcomm.com>
[STDERR  ] 2017-06-15T19:35:03.291605653Z: [    8.521249] ena: Elastic Network Adapter (ENA) v1.0.2
[STDERR  ] 2017-06-15T19:35:03.291613611Z: [    8.523380] e1000: Intel(R) PRO/1000 Network Driver - version 7.3.21-k8-NAPI
[STDERR  ] 2017-06-15T19:35:03.291621859Z: [    8.524325] e1000: Copyright (c) 1999-2006 Intel Corporation.
[STDERR  ] 2017-06-15T19:35:03.291631371Z: [    8.533552] ACPI: PCI Interrupt Link [GSIG] enabled at IRQ 22
[STDERR  ] 2017-06-15T19:35:03.291656457Z: [    8.826115] ata3: SATA link up 1.5 Gbps (SStatus 113 SControl 300)
[STDERR  ] 2017-06-15T19:35:03.291664821Z: [    8.829847] ata2: SATA link down (SStatus 0 SControl 300)
[STDERR  ] 2017-06-15T19:35:03.291673894Z: [    8.831725] ata1: SATA link down (SStatus 0 SControl 300)
[STDERR  ] 2017-06-15T19:35:03.291681681Z: [    8.832467] ata5: SATA link down (SStatus 0 SControl 300)
[STDERR  ] 2017-06-15T19:35:03.291686974Z: [    8.833212] ata4: SATA link down (SStatus 0 SControl 300)
[STDERR  ] 2017-06-15T19:35:03.291689774Z: [    8.838773] ata6: SATA link down (SStatus 0 SControl 300)
[STDERR  ] 2017-06-15T19:35:03.291697537Z: [    8.840908] ata3.00: ATAPI: QEMU DVD-ROM, 2.5+, max UDMA/100
[STDERR  ] 2017-06-15T19:35:03.291702891Z: [    8.841662] ata3.00: applying bridge limits
[STDERR  ] 2017-06-15T19:35:03.291707979Z: [    8.843482] ata3.00: configured for UDMA/100
[STDERR  ] 2017-06-15T19:35:03.291710624Z: [    8.855683] scsi 2:0:0:0: CD-ROM            QEMU     QEMU DVD-ROM     2.5+ PQ: 0 ANSI: 5
[STDERR  ] 2017-06-15T19:35:03.291718473Z: [    8.883271] sr 2:0:0:0: [sr0] scsi3-mmc drive: 4x/4x cd/rw xa/form2 tray
[STDERR  ] 2017-06-15T19:35:03.291732401Z: [    8.884349] cdrom: Uniform CD-ROM driver Revision: 3.20
[STDERR  ] 2017-06-15T19:35:03.291737686Z: [    8.902701] sr 2:0:0:0: Attached scsi generic sg0 type 5
[STDERR  ] 2017-06-15T19:35:03.291742763Z: [    8.908429] e1000 0000:00:02.0 eth0: (PCI:33MHz:32-bit) 52:54:00:12:34:56
[STDERR  ] 2017-06-15T19:35:03.291747979Z: [    8.909389] e1000 0000:00:02.0 eth0: Intel(R) PRO/1000 Network Connection
[STDERR  ] 2017-06-15T19:35:03.291750697Z: [    8.911117] e1000e: Intel(R) PRO/1000 Network Driver - 3.2.6-k
[STDERR  ] 2017-06-15T19:35:03.291755707Z: [    8.911708] e1000e: Copyright(c) 1999 - 2015 Intel Corporation.
[STDERR  ] 2017-06-15T19:35:03.291763324Z: [    8.912758] igb: Intel(R) Gigabit Ethernet Network Driver - version 5.4.0-k
[STDERR  ] 2017-06-15T19:35:03.291768626Z: [    8.913446] igb: Copyright (c) 2007-2014 Intel Corporation.
[STDERR  ] 2017-06-15T19:35:03.291771503Z: [    8.914459] igbvf: Intel(R) Gigabit Virtual Function Network Driver - version 2.4.0-k
[STDERR  ] 2017-06-15T19:35:03.291780056Z: [    8.915297] igbvf: Copyright (c) 2009 - 2012 Intel Corporation.
[STDERR  ] 2017-06-15T19:35:03.291788078Z: [    8.916352] ixgbe: Intel(R) 10 Gigabit PCI Express Network Driver - version 4.4.0-k
[STDERR  ] 2017-06-15T19:35:03.291793528Z: [    8.917098] ixgbe: Copyright (c) 1999-2016 Intel Corporation.
[STDERR  ] 2017-06-15T19:35:03.291806666Z: [    8.918944] ixgbevf: Intel(R) 10 Gigabit PCI Express Virtual Function Network Driver - version 3.2.2-k
[STDERR  ] 2017-06-15T19:35:03.291824133Z: [    8.919869] ixgbevf: Copyright (c) 2009 - 2015 Intel Corporation.
[STDERR  ] 2017-06-15T19:35:03.29183113Z: [    8.921782] ixgb: Intel(R) PRO/10GbE Network Driver - version 1.0.135-k2-NAPI
[STDERR  ] 2017-06-15T19:35:03.291836386Z: [    8.922492] ixgb: Copyright (c) 1999-2008 Intel Corporation.
[STDERR  ] 2017-06-15T19:35:03.291851691Z: [    8.923820] PPP generic driver version 2.4.2
[STDERR  ] 2017-06-15T19:35:03.291856862Z: [    8.925491] PPP BSD Compression module registered
[STDERR  ] 2017-06-15T19:35:03.291859726Z: [    8.926035] PPP Deflate Compression module registered
[STDERR  ] 2017-06-15T19:35:03.29186464Z: [    8.926902] PPP MPPE Compression module registered
[STDERR  ] 2017-06-15T19:35:03.291885752Z: [    8.927472] NET: Registered protocol family 24
[STDERR  ] 2017-06-15T19:35:03.291888811Z: [    8.928338] PPTP driver version 0.8.5
[STDERR  ] 2017-06-15T19:35:03.291899811Z: [    8.929867] VMware vmxnet3 virtual NIC driver - version 1.4.a.0-k-NAPI
[STDERR  ] 2017-06-15T19:35:03.29190728Z: [    8.931360] hv_vmbus: registering driver hv_netvsc
[STDERR  ] 2017-06-15T19:35:03.29191246Z: [    8.931886] Fusion MPT base driver 3.04.20
[STDERR  ] 2017-06-15T19:35:03.291915098Z: [    8.932295] Copyright (c) 1999-2008 LSI Corporation
[STDERR  ] 2017-06-15T19:35:03.291927851Z: [    8.933140] Fusion MPT SPI Host driver 3.04.20
[STDERR  ] 2017-06-15T19:35:03.291935743Z: [    8.939410] aoe: AoE v85 initialised.
[STDERR  ] 2017-06-15T19:35:03.291940956Z: [    8.942573] i8042: PNP: PS/2 Controller [PNP0303:KBD,PNP0f13:MOU] at 0x60,0x64 irq 1,12
[STDERR  ] 2017-06-15T19:35:03.291960051Z: [    8.948457] serio: i8042 KBD port at 0x60,0x64 irq 1
[STDERR  ] 2017-06-15T19:35:03.291966445Z: [    8.949370] serio: i8042 AUX port at 0x60,0x64 irq 12
[STDERR  ] 2017-06-15T19:35:03.291973226Z: [    8.954007] hv_vmbus: registering driver hyperv_keyboard
[STDERR  ] 2017-06-15T19:35:03.29198381Z: [    8.956580] mousedev: PS/2 mouse device common for all mice
[STDERR  ] 2017-06-15T19:35:03.291993035Z: [    8.963012] input: AT Translated Set 2 keyboard as /devices/platform/i8042/serio0/input/input1
[STDERR  ] 2017-06-15T19:35:03.2919959Z: [    8.967197] input: PC Speaker as /devices/platform/pcspkr/input/input2
[STDERR  ] 2017-06-15T19:35:03.292008048Z: [    8.972954] rtc_cmos 00:00: RTC can wake from S4
[STDERR  ] 2017-06-15T19:35:03.29201083Z: [    8.978361] rtc_cmos 00:00: rtc core: registered rtc_cmos as rtc0
[STDERR  ] 2017-06-15T19:35:03.292018486Z: [    8.980737] rtc_cmos 00:00: alarms up to one day, y3k, 114 bytes nvram, hpet irqs
[STDERR  ] 2017-06-15T19:35:03.292023628Z: [    8.981882] i2c /dev entries driver
[STDERR  ] 2017-06-15T19:35:03.292037991Z: [    8.984719] device-mapper: ioctl: 4.35.0-ioctl (2016-06-23) initialised: dm-devel@redhat.com
[STDERR  ] 2017-06-15T19:35:03.29204324Z: [    8.991191] hv_utils: Registering HyperV Utility Driver
[STDERR  ] 2017-06-15T19:35:03.292053872Z: [    8.992115] hv_vmbus: registering driver hv_util
[STDERR  ] 2017-06-15T19:35:03.292056482Z: [    8.992586] hv_vmbus: registering driver hv_balloon
[STDERR  ] 2017-06-15T19:35:03.292067166Z: [    8.993823] oprofile: using NMI interrupt.
[STDERR  ] 2017-06-15T19:35:03.292070238Z: [    8.995992] GACT probability on
[STDERR  ] 2017-06-15T19:35:03.292077642Z: [    8.997080] Mirror/redirect action on
[STDERR  ] 2017-06-15T19:35:03.292080276Z: [    8.998585] Simple TC action Loaded
[STDERR  ] 2017-06-15T19:35:03.292088306Z: [    9.003357] netem: version 1.3
[STDERR  ] 2017-06-15T19:35:03.292096538Z: [    9.004114] u32 classifier
[STDERR  ] 2017-06-15T19:35:03.29211186Z: [    9.004542]     Performance counters on
[STDERR  ] 2017-06-15T19:35:03.292120022Z: [    9.004928]     input device check on
[STDERR  ] 2017-06-15T19:35:03.292125103Z: [    9.005304]     Actions configured
[STDERR  ] 2017-06-15T19:35:03.29213381Z: [    9.006442] Netfilter messages via NETLINK v0.30.
[STDERR  ] 2017-06-15T19:35:03.292139145Z: [    9.007326] nfnl_acct: registering with nfnetlink.
[STDERR  ] 2017-06-15T19:35:03.29214179Z: [    9.009445] nf_conntrack version 0.5.0 (8192 buckets, 32768 max)
[STDERR  ] 2017-06-15T19:35:03.292149295Z: [    9.013640] ctnetlink v0.93: registering with nfnetlink.
[STDERR  ] 2017-06-15T19:35:03.292153401Z: [    9.017195] nf_tables: (c) 2007-2009 Patrick McHardy <kaber@trash.net>
[STDERR  ] 2017-06-15T19:35:03.2921612Z: [    9.018837] nf_tables_compat: (c) 2012 Pablo Neira Ayuso <pablo@netfilter.org>
[STDERR  ] 2017-06-15T19:35:03.292166345Z: [    9.023395] xt_time: kernel timezone is -0000
[STDERR  ] 2017-06-15T19:35:03.292171368Z: [    9.024432] ip_set: protocol 6
[STDERR  ] 2017-06-15T19:35:03.292173938Z: [    9.025549] IPVS: Registered protocols (TCP, UDP, SCTP, AH, ESP)
[STDERR  ] 2017-06-15T19:35:03.292189016Z: [    9.026777] IPVS: Connection hash table configured (size=4096, memory=64Kbytes)
[STDERR  ] 2017-06-15T19:35:03.292191696Z: [    9.030072] IPVS: Creating netns size=2104 id=0
[STDERR  ] 2017-06-15T19:35:03.292199222Z: [    9.035162] IPVS: ipvs loaded.
[STDERR  ] 2017-06-15T19:35:03.29220451Z: [    9.035959] IPVS: [rr] scheduler registered.
[STDERR  ] 2017-06-15T19:35:03.292209518Z: [    9.036809] IPVS: [wrr] scheduler registered.
[STDERR  ] 2017-06-15T19:35:03.292214373Z: [    9.037668] IPVS: [lc] scheduler registered.
[STDERR  ] 2017-06-15T19:35:03.292219342Z: [    9.038199] IPVS: [wlc] scheduler registered.
[STDERR  ] 2017-06-15T19:35:03.292224328Z: [    9.038629] IPVS: [fo] scheduler registered.
[STDERR  ] 2017-06-15T19:35:03.292229313Z: [    9.039714] IPVS: [ovf] scheduler registered.
[STDERR  ] 2017-06-15T19:35:03.292234362Z: [    9.041243] IPVS: [lblc] scheduler registered.
[STDERR  ] 2017-06-15T19:35:03.292242501Z: [    9.042188] IPVS: [lblcr] scheduler registered.
[STDERR  ] 2017-06-15T19:35:03.292250232Z: [    9.043056] IPVS: [dh] scheduler registered.
[STDERR  ] 2017-06-15T19:35:03.292260159Z: [    9.043824] IPVS: [sh] scheduler registered.
[STDERR  ] 2017-06-15T19:35:03.292268147Z: [    9.044255] IPVS: [sed] scheduler registered.
[STDERR  ] 2017-06-15T19:35:03.292270742Z: [    9.044757] IPVS: [nq] scheduler registered.
[STDERR  ] 2017-06-15T19:35:03.292278521Z: [    9.046691] IPVS: ftp: loaded support on port[0] = 21
[STDERR  ] 2017-06-15T19:35:03.292287271Z: [    9.048384] ipip: IPv4 and MPLS over IPv4 tunneling driver
[STDERR  ] 2017-06-15T19:35:03.292292804Z: [    9.056250] gre: GRE over IPv4 demultiplexor driver
[STDERR  ] 2017-06-15T19:35:03.292298812Z: [    9.057264] ip_gre: GRE over IPv4 tunneling driver
[STDERR  ] 2017-06-15T19:35:03.292303317Z: [    9.064697] IPv4 over IPsec tunneling driver
[STDERR  ] 2017-06-15T19:35:03.29232125Z: [    9.072334] ip_tables: (C) 2000-2006 Netfilter Core Team
[STDERR  ] 2017-06-15T19:35:03.292342161Z: [    9.075840] ipt_CLUSTERIP: ClusterIP Version 0.8 loaded successfully
[STDERR  ] 2017-06-15T19:35:03.292350937Z: [    9.076984] arp_tables: arp_tables: (C) 2002 David S. Miller
[STDERR  ] 2017-06-15T19:35:03.292355169Z: [    9.079653] Initializing XFRM netlink socket
[STDERR  ] 2017-06-15T19:35:03.292372222Z: [    9.081964] NET: Registered protocol family 10
[STDERR  ] 2017-06-15T19:35:03.292376537Z: [    9.095470] mip6: Mobile IPv6
[STDERR  ] 2017-06-15T19:35:03.292388585Z: [    9.096817] ip6_tables: (C) 2000-2006 Netfilter Core Team
[STDERR  ] 2017-06-15T19:35:03.29239683Z: [    9.105586] sit: IPv6, IPv4 and MPLS over IPv4 tunneling driver
[STDERR  ] 2017-06-15T19:35:03.29240089Z: [    9.114030] ip6_gre: GRE over IPv6 tunneling driver
[STDERR  ] 2017-06-15T19:35:03.292422641Z: [    9.118078] NET: Registered protocol family 17
[STDERR  ] 2017-06-15T19:35:03.292425571Z: [    9.119335] NET: Registered protocol family 15
[STDERR  ] 2017-06-15T19:35:03.292432899Z: [    9.120484] tsc: Refined TSC clocksource calibration: 2600.005 MHz
[STDERR  ] 2017-06-15T19:35:03.292435499Z: [    9.121359] clocksource: tsc: mask: 0xffffffffffffffff max_cycles: 0x257a40ff313, max_idle_ns: 440795330741 ns
[STDERR  ] 2017-06-15T19:35:03.292446777Z: [    9.123797] Bridge firewalling registered
[STDERR  ] 2017-06-15T19:35:03.292452102Z: [    9.124555] Ebtables v2.0 registered
[STDERR  ] 2017-06-15T19:35:03.292454809Z: [    9.128163] l2tp_core: L2TP core driver, V2.0
[STDERR  ] 2017-06-15T19:35:03.292462307Z: [    9.128899] l2tp_ppp: PPPoL2TP kernel driver, V2.0
[STDERR  ] 2017-06-15T19:35:03.292467234Z: [    9.129414] 8021q: 802.1Q VLAN Support v1.8
[STDERR  ] 2017-06-15T19:35:03.292469815Z: [    9.131721] 9pnet: Installing 9P2000 support
[STDERR  ] 2017-06-15T19:35:03.292477217Z: [    9.132763] Key type dns_resolver registered
[STDERR  ] 2017-06-15T19:35:03.292482271Z: [    9.133385] openvswitch: Open vSwitch switching datapath
[STDERR  ] 2017-06-15T19:35:03.292492222Z: [    9.135851] mpls_gso: MPLS GSO support
[STDERR  ] 2017-06-15T19:35:03.29249771Z: [    9.136681] microcode: AMD CPU family 0x6 not supported
[STDERR  ] 2017-06-15T19:35:03.29250509Z: [    9.141677] registered taskstats version 1
[STDERR  ] 2017-06-15T19:35:03.292510005Z: [    9.334457] Key type big_key registered
[STDERR  ] 2017-06-15T19:35:03.292514961Z: [    9.381935] Key type encrypted registered
[STDERR  ] 2017-06-15T19:35:03.292519961Z: [    9.386500] rtc_cmos 00:00: setting system clock to 2017-06-15 19:34:50 UTC (1497555290)
[STDERR  ] 2017-06-15T19:35:03.292524979Z: [    9.548582] Freeing unused kernel memory: 1456K (ffffffff8af90000 - ffffffff8b0fc000)
[STDERR  ] 2017-06-15T19:35:03.292529929Z: [    9.549555] Write protecting the kernel read-only data: 14336k
[STDERR  ] 2017-06-15T19:35:03.292538417Z: [    9.558853] Freeing unused kernel memory: 700K (ffff8a53ba951000 - ffff8a53baa00000)
[STDERR  ] 2017-06-15T19:35:03.292543627Z: [    9.625181] Freeing unused kernel memory: 976K (ffff8a53bad0c000 - ffff8a53bae00000)
[STDERR  ] 2017-06-15T19:35:03.2925463Z: [   10.140904] clocksource: Switched to clocksource tsc
[STDERR  ] 2017-06-15T19:35:03.292557082Z: 
[STDERR  ] 2017-06-15T19:35:03.292573409Z: Starting containerd
[STDERR  ] 2017-06-15T19:35:03.292578794Z: 
[STDERR  ] 2017-06-15T19:35:03.292583824Z: Welcome to LinuxKit
[STDERR  ] 2017-06-15T19:35:03.292588777Z: 
[STDERR  ] 2017-06-15T19:35:03.29259404Z:                         ##         .
[STDERR  ] 2017-06-15T19:35:03.292599085Z:                   ## ## ##        ==
[STDERR  ] 2017-06-15T19:35:03.292604165Z:                ## ## ## ## ##    ===
[STDERR  ] 2017-06-15T19:35:03.292609227Z:            /"""""""""""""""""\___/ ===
[STDERR  ] 2017-06-15T19:35:03.292614341Z:       ~~~ {~~ ~~~~ ~~~ ~~~~ ~~~ ~ /  ===- ~~~
[STDERR  ] 2017-06-15T19:35:03.2926194Z:            \______ o           __/
[STDERR  ] 2017-06-15T19:35:03.29262447Z:              \    \         __/
[STDERR  ] 2017-06-15T19:35:03.292629525Z:               \____\_______/
[STDERR  ] 2017-06-15T19:35:03.292720598Z: 
[STDERR  ] 2017-06-15T19:35:03.292737076Z: [34mINFO[0m[0000] starting containerd boot...                   [34mmodule[0m=containerd
[STDERR  ] 2017-06-15T19:35:03.292747939Z: [34mINFO[0m[0000] starting debug API...                         [34mdebug[0m="/run/containerd/debug.sock" [34mmodule[0m=containerd
[STDERR  ] 2017-06-15T19:35:03.29276361Z: [34mINFO[0m[0000] loading monitor plugin "cgroups"...           [34mmodule[0m=containerd
[STDERR  ] 2017-06-15T19:35:03.292768044Z: [   15.704264] random: fast init done
[STDERR  ] 2017-06-15T19:35:03.292774969Z: [34mINFO[0m[0000] loading runtime plugin "linux"...             [34mmodule[0m=containerd
[STDERR  ] 2017-06-15T19:35:03.292782501Z: [34mINFO[0m[0000] loading snapshot plugin "snapshot-overlay"...  [34mmodule[0m=containerd
[STDERR  ] 2017-06-15T19:35:03.292787346Z: [34mINFO[0m[0000] loading differ plugin "diff-base"...          [34mmodule[0m=containerd
[STDERR  ] 2017-06-15T19:35:03.292885208Z: [34mINFO[0m[0000] loading grpc service plugin "images-grpc"...  [34mmodule[0m=containerd
[STDERR  ] 2017-06-15T19:35:03.292894469Z: [34mINFO[0m[0000] loading grpc service plugin "tasks-grpc"...   [34mmodule[0m=containerd
[STDERR  ] 2017-06-15T19:35:03.292899491Z: [34mINFO[0m[0000] loading grpc service plugin "healthcheck-grpc"...  [34mmodule[0m=containerd
[STDERR  ] 2017-06-15T19:35:03.292904418Z: [34mINFO[0m[0000] loading grpc service plugin "metrics-grpc"...  [34mmodule[0m=containerd
[STDERR  ] 2017-06-15T19:35:03.292909386Z: [34mINFO[0m[0000] loading grpc service plugin "version-grpc"...  [34mmodule[0m=containerd
[STDERR  ] 2017-06-15T19:35:03.292911943Z: [34mINFO[0m[0000] loading grpc service plugin "containers-grpc"...  [34mmodule[0m=containerd
[STDERR  ] 2017-06-15T19:35:03.292919301Z: [34mINFO[0m[0000] loading grpc service plugin "content-grpc"...  [34mmodule[0m=containerd
[STDERR  ] 2017-06-15T19:35:03.292929183Z: [34mINFO[0m[0000] loading grpc service plugin "diff-grpc"...    [34mmodule[0m=containerd
[STDERR  ] 2017-06-15T19:35:03.292934566Z: [34mINFO[0m[0000] loading grpc service plugin "namespaces-grpc"...  [34mmodule[0m=containerd
[STDERR  ] 2017-06-15T19:35:03.292939436Z: [34mINFO[0m[0000] loading grpc service plugin "snapshots-grpc"...  [34mmodule[0m=containerd
[STDERR  ] 2017-06-15T19:35:03.29294438Z: [34mINFO[0m[0000] starting GRPC API server...                   [34mmodule[0m=containerd
[STDERR  ] 2017-06-15T19:35:03.293052581Z: [34mINFO[0m[0000] containerd successfully booted in 0.193514s   [34mmodule[0m=containerd
[STDERR  ] 2017-06-15T19:35:03.293061134Z: Linux moby 4.9.31-linuxkit #1 SMP Wed Jun 7 21:45:43 UTC 2017 x86_64 Linux
[STDERR  ] 2017-06-15T19:35:03.29306811Z: filename:       hello_world.ko
[STDERR  ] 2017-06-15T19:35:03.293073538Z: author:         Rolf Neugebauer <rolf.neugebauer@docker.com>
[STDERR  ] 2017-06-15T19:35:03.2930785Z: description:    A simple Hello World kernel module for testing
[STDERR  ] 2017-06-15T19:35:03.293083719Z: license:        GPL
[STDERR  ] 2017-06-15T19:35:03.293093469Z: depends:        
[STDERR  ] 2017-06-15T19:35:03.293099188Z: vermagic:       4.9.31-linuxkit SMP mod_unload 
[STDERR  ] 2017-06-15T19:35:03.293220532Z: [   17.141277] hello_world: loading out-of-tree module taints kernel.
[STDERR  ] 2017-06-15T19:35:03.293230525Z: [   17.148807] Hello LinuxKit
[STDERR  ] 2017-06-15T19:35:03.29323906Z: [   17.254051] Goodbye LinuxKit.
[STDERR  ] 2017-06-15T19:35:03.293247628Z: Kernel module test suite PASSED
[STDERR  ] 2017-06-15T19:35:03.293252517Z:  - 000-check
[STDERR  ] 2017-06-15T19:35:03.293359739Z: [   21.517007] ACPI: Preparing to enter system sleep state S5
[STDERR  ] 2017-06-15T19:35:03.293366693Z: [   21.518715] reboot: Power down
[STDERR  ] 2017-06-15T19:35:03.29337201Z: + exit 0
[STDERR  ] 2017-06-15T19:35:03.293377765Z: + clean_up
[STDERR  ] 2017-06-15T19:35:03.293382525Z: + docker rmi kmod-test
[STDOUT  ] 2017-06-15T19:35:03.309704753Z: Untagged: kmod-test:latest
[STDOUT  ] 2017-06-15T19:35:03.309724111Z: Deleted: sha256:1a8761e8ce46bc5f04271042c916d6487aaefdde029756c1a6e5c1bed25ffc97
[STDOUT  ] 2017-06-15T19:35:03.309727886Z: Deleted: sha256:cfe3a5c0e5fe2e399418270f55b0057d240ce313f54d1ddc69379199b3abde31
[STDOUT  ] 2017-06-15T19:35:03.309733346Z: Deleted: sha256:1e36335b844cbbe94b913f3f1b74d01903c740f4c3612ecce867ea48d363a86a
[STDOUT  ] 2017-06-15T19:35:03.309742311Z: Deleted: sha256:3ce9cc5ec41e93045d9acec20833166a44f1a7d4c5244fd90f30e13da85363a4
[STDOUT  ] 2017-06-15T19:35:03.309747746Z: Deleted: sha256:66d04c95dd2d7ba36e9f94275f17592ac90444997a3acf1aaddf402a270322e7
[STDERR  ] 2017-06-15T19:35:03.310421809Z: + find . -depth -iname kmod* -not -iname *.yml -exec rm -rf {} ;
[PASS    ] linuxkit.kernel.kmod_4.9.x 66.74s
