[INFO    ] 2017-06-29T13:44:13.677539455Z: Running Test linuxkit.kernel.config_4.4.x in /tmp/build/test/cases/020_kernel/000_config_4.4.x
[INFO    ] 2017-06-29T13:44:13.677634007Z: Running command: [/bin/sh -x /tmp/build/test/cases/020_kernel/000_config_4.4.x/test.sh]
[STDERR  ] 2017-06-29T13:44:13.678570729Z: + set -e
[STDERR  ] 2017-06-29T13:44:13.678639358Z: + . /tmp/build/test/cases/_lib/lib.sh
[STDERR  ] 2017-06-29T13:44:13.678714194Z: + [ -f src/github.com/linuxkit/rtf/lib/lib.sh ]
[STDERR  ] 2017-06-29T13:44:13.72186241Z: + LINUXKIT_TMPDIR=/tmp/build/test/cases/_tmp
[STDERR  ] 2017-06-29T13:44:13.721873918Z: + [ -f /tmp/build/test/cases/_tmp/env.sh ]
[STDERR  ] 2017-06-29T13:44:13.721889433Z: + . /tmp/build/test/cases/_tmp/env.sh
[STDERR  ] 2017-06-29T13:44:13.721909607Z: + export LINUXKIT_EXAMPLES_DIR=/tmp/build/test/cases/../../examples
[STDERR  ] 2017-06-29T13:44:13.721920535Z: + export LINUXKIT_BLUEPRINTS_DIR=/tmp/build/test/cases/../../blueprints
[STDERR  ] 2017-06-29T13:44:13.721925Z: + RT_CANCEL=253
[STDERR  ] 2017-06-29T13:44:13.721939852Z: + trap clean_up EXIT
[STDERR  ] 2017-06-29T13:44:13.721948975Z: + moby build -output kernel+initrd test-kernel-config.yml
[STDERR  ] 2017-06-29T13:44:13.761262898Z: Extract kernel image: linuxkit/kernel:4.4.74
[STDERR  ] 2017-06-29T13:44:16.072091863Z: Pull image: docker.io/linuxkit/kernel:4.4.74@sha256:97e5e97144ccf5803b2c19941fb11d904e91b8806dc2b020a203075eee5ea9e8
[STDERR  ] 2017-06-29T13:44:22.348822835Z: Add init containers:
[STDERR  ] 2017-06-29T13:44:22.348856152Z: Process init image: linuxkit/init:36c56f0664d49c5a6adc1120d1bf5ba6ac30b389
[STDERR  ] 2017-06-29T13:44:23.891585886Z: Process init image: linuxkit/runc:291131ec026430371e7c36165c3f43734fbc2541
[STDERR  ] 2017-06-29T13:44:25.37869369Z: Process init image: linuxkit/containerd:1e3e8f207421de8deac8cedc26a138d6b1661a0d
[STDERR  ] 2017-06-29T13:44:27.422853266Z: Add onboot containers:
[STDERR  ] 2017-06-29T13:44:27.422906502Z:   Create OCI config for linuxkit/test-kernel-config:9f08e3b99f8ac2f422251b3e8c94ce874ee34119
[STDERR  ] 2017-06-29T13:44:30.301296008Z:   Create OCI config for linuxkit/poweroff:7404cf2295df89ccfa2dda41997a28307a90cf28
[STDERR  ] 2017-06-29T13:44:31.780423636Z: Create outputs:
[STDERR  ] 2017-06-29T13:44:41.38453442Z:   test-kernel-config-kernel test-kernel-config-initrd.img test-kernel-config-cmdline
[STDERR  ] 2017-06-29T13:44:41.457622664Z: + linuxkit run test-kernel-config
[STDERR  ] 2017-06-29T13:44:41.475759028Z: Unable to find qemu-system-x86_64 within the $PATH. Using a container
[STDERR  ] 2017-06-29T13:45:40.985383619Z: + RESULT=[    0.000000] Initializing cgroup subsys cpuset
[STDERR  ] 2017-06-29T13:45:40.98540221Z: [    0.000000] Initializing cgroup subsys cpu
[STDERR  ] 2017-06-29T13:45:40.985413867Z: [    0.000000] Initializing cgroup subsys cpuacct
[STDERR  ] 2017-06-29T13:45:40.985421099Z: [    0.000000] Linux version 4.4.74-linuxkit (root@b147ce67977e) (gcc version 6.3.0 (Alpine 6.3.0) ) #1 SMP Tue Jun 27 15:11:59 UTC 2017
[STDERR  ] 2017-06-29T13:45:40.985441449Z: [    0.000000] Command line: console=ttyS0
[STDERR  ] 2017-06-29T13:45:40.985446805Z: [    0.000000] x86/fpu: Legacy x87 FPU detected.
[STDERR  ] 2017-06-29T13:45:40.985462996Z: [    0.000000] x86/fpu: Using 'lazy' FPU context switches.
[STDERR  ] 2017-06-29T13:45:40.985498858Z: [    0.000000] e820: BIOS-provided physical RAM map:
[STDERR  ] 2017-06-29T13:45:40.98550717Z: [    0.000000] BIOS-e820: [mem 0x0000000000000000-0x000000000009fbff] usable
[STDERR  ] 2017-06-29T13:45:40.98551797Z: [    0.000000] BIOS-e820: [mem 0x000000000009fc00-0x000000000009ffff] reserved
[STDERR  ] 2017-06-29T13:45:40.985532632Z: [    0.000000] BIOS-e820: [mem 0x00000000000f0000-0x00000000000fffff] reserved
[STDERR  ] 2017-06-29T13:45:40.985540793Z: [    0.000000] BIOS-e820: [mem 0x0000000000100000-0x000000003ffdefff] usable
[STDERR  ] 2017-06-29T13:45:40.985549803Z: [    0.000000] BIOS-e820: [mem 0x000000003ffdf000-0x000000003fffffff] reserved
[STDERR  ] 2017-06-29T13:45:40.985567345Z: [    0.000000] BIOS-e820: [mem 0x00000000b0000000-0x00000000bfffffff] reserved
[STDERR  ] 2017-06-29T13:45:40.985583237Z: [    0.000000] BIOS-e820: [mem 0x00000000fed1c000-0x00000000fed1ffff] reserved
[STDERR  ] 2017-06-29T13:45:40.985588161Z: [    0.000000] BIOS-e820: [mem 0x00000000fffc0000-0x00000000ffffffff] reserved
[STDERR  ] 2017-06-29T13:45:40.985601499Z: [    0.000000] NX (Execute Disable) protection: active
[STDERR  ] 2017-06-29T13:45:40.985606514Z: [    0.000000] SMBIOS 2.8 present.
[STDERR  ] 2017-06-29T13:45:40.985619784Z: [    0.000000] e820: last_pfn = 0x3ffdf max_arch_pfn = 0x400000000
[STDERR  ] 2017-06-29T13:45:40.985624371Z: [    0.000000] x86/PAT: Configuration [0-7]: WB  WC  UC- UC  WB  WC  UC- WT  
[STDERR  ] 2017-06-29T13:45:40.985633231Z: [    0.000000] found SMP MP-table at [mem 0x000f6aa0-0x000f6aaf] mapped at [ffff8800000f6aa0]
[STDERR  ] 2017-06-29T13:45:40.985647445Z: [    0.000000] RAMDISK: [mem 0x3d4e0000-0x3ffcffff]
[STDERR  ] 2017-06-29T13:45:40.985656801Z: [    0.000000] ACPI: Early table checksum verification disabled
[STDERR  ] 2017-06-29T13:45:40.985668852Z: [    0.000000] ACPI: RSDP 0x00000000000F68C0 000014 (v00 BOCHS )
[STDERR  ] 2017-06-29T13:45:40.985679344Z: [    0.000000] ACPI: RSDT 0x000000003FFE2404 000034 (v01 BOCHS  BXPCRSDT 00000001 BXPC 00000001)
[STDERR  ] 2017-06-29T13:45:40.985684674Z: [    0.000000] ACPI: FACP 0x000000003FFE22A4 000074 (v01 BOCHS  BXPCFACP 00000001 BXPC 00000001)
[STDERR  ] 2017-06-29T13:45:40.985702397Z: [    0.000000] ACPI: DSDT 0x000000003FFE0040 002264 (v01 BOCHS  BXPCDSDT 00000001 BXPC 00000001)
[STDERR  ] 2017-06-29T13:45:40.985711948Z: [    0.000000] ACPI: FACS 0x000000003FFE0000 000040
[STDERR  ] 2017-06-29T13:45:40.985716492Z: [    0.000000] ACPI: APIC 0x000000003FFE2318 000078 (v01 BOCHS  BXPCAPIC 00000001 BXPC 00000001)
[STDERR  ] 2017-06-29T13:45:40.985730164Z: [    0.000000] ACPI: HPET 0x000000003FFE2390 000038 (v01 BOCHS  BXPCHPET 00000001 BXPC 00000001)
[STDERR  ] 2017-06-29T13:45:40.985738879Z: [    0.000000] ACPI: MCFG 0x000000003FFE23C8 00003C (v01 BOCHS  BXPCMCFG 00000001 BXPC 00000001)
[STDERR  ] 2017-06-29T13:45:40.985757407Z: [    0.000000] Zone ranges:
[STDERR  ] 2017-06-29T13:45:40.985766295Z: [    0.000000]   DMA      [mem 0x0000000000001000-0x0000000000ffffff]
[STDERR  ] 2017-06-29T13:45:40.985775159Z: [    0.000000]   DMA32    [mem 0x0000000001000000-0x000000003ffdefff]
[STDERR  ] 2017-06-29T13:45:40.985788705Z: [    0.000000]   Normal   empty
[STDERR  ] 2017-06-29T13:45:40.985797647Z: [    0.000000] Movable zone start for each node
[STDERR  ] 2017-06-29T13:45:40.985806547Z: [    0.000000] Early memory node ranges
[STDERR  ] 2017-06-29T13:45:40.985811405Z: [    0.000000]   node   0: [mem 0x0000000000001000-0x000000000009efff]
[STDERR  ] 2017-06-29T13:45:40.985820579Z: [    0.000000]   node   0: [mem 0x0000000000100000-0x000000003ffdefff]
[STDERR  ] 2017-06-29T13:45:40.985834359Z: [    0.000000] Initmem setup node 0 [mem 0x0000000000001000-0x000000003ffdefff]
[STDERR  ] 2017-06-29T13:45:40.985845811Z: [    0.000000] ACPI: PM-Timer IO Port: 0x608
[STDERR  ] 2017-06-29T13:45:40.985855214Z: [    0.000000] ACPI: LAPIC_NMI (acpi_id[0xff] dfl dfl lint[0x1])
[STDERR  ] 2017-06-29T13:45:40.985864984Z: [    0.000000] IOAPIC[0]: apic_id 0, version 32, address 0xfec00000, GSI 0-23
[STDERR  ] 2017-06-29T13:45:40.985880587Z: [    0.000000] ACPI: INT_SRC_OVR (bus 0 bus_irq 0 global_irq 2 dfl dfl)
[STDERR  ] 2017-06-29T13:45:40.985891578Z: [    0.000000] ACPI: INT_SRC_OVR (bus 0 bus_irq 5 global_irq 5 high level)
[STDERR  ] 2017-06-29T13:45:40.985900577Z: [    0.000000] ACPI: INT_SRC_OVR (bus 0 bus_irq 9 global_irq 9 high level)
[STDERR  ] 2017-06-29T13:45:40.985909252Z: [    0.000000] ACPI: INT_SRC_OVR (bus 0 bus_irq 10 global_irq 10 high level)
[STDERR  ] 2017-06-29T13:45:40.985916272Z: [    0.000000] ACPI: INT_SRC_OVR (bus 0 bus_irq 11 global_irq 11 high level)
[STDERR  ] 2017-06-29T13:45:40.985930949Z: [    0.000000] Using ACPI (MADT) for SMP configuration information
[STDERR  ] 2017-06-29T13:45:40.985945722Z: [    0.000000] ACPI: HPET id: 0x8086a201 base: 0xfed00000
[STDERR  ] 2017-06-29T13:45:40.985953365Z: [    0.000000] smpboot: Allowing 1 CPUs, 0 hotplug CPUs
[STDERR  ] 2017-06-29T13:45:40.985974114Z: [    0.000000] e820: [mem 0x40000000-0xafffffff] available for PCI devices
[STDERR  ] 2017-06-29T13:45:40.985982985Z: [    0.000000] Booting paravirtualized kernel on bare hardware
[STDERR  ] 2017-06-29T13:45:40.985993975Z: [    0.000000] clocksource: refined-jiffies: mask: 0xffffffff max_cycles: 0xffffffff, max_idle_ns: 19112604462750000 ns
[STDERR  ] 2017-06-29T13:45:40.986003097Z: [    0.000000] setup_percpu: NR_CPUS:128 nr_cpumask_bits:128 nr_cpu_ids:1 nr_node_ids:1
[STDERR  ] 2017-06-29T13:45:40.986011882Z: [    0.000000] PERCPU: Embedded 33 pages/cpu @ffff88003d200000 s95832 r8192 d31144 u2097152
[STDERR  ] 2017-06-29T13:45:40.986020814Z: [    0.000000] Built 1 zonelists in Zone order, mobility grouping on.  Total pages: 257896
[STDERR  ] 2017-06-29T13:45:40.986031861Z: [    0.000000] Kernel command line: console=ttyS0
[STDERR  ] 2017-06-29T13:45:40.986040505Z: [    0.000000] PID hash table entries: 4096 (order: 3, 32768 bytes)
[STDERR  ] 2017-06-29T13:45:40.986049415Z: [    0.000000] Dentry cache hash table entries: 131072 (order: 8, 1048576 bytes)
[STDERR  ] 2017-06-29T13:45:40.986054323Z: [    0.000000] Inode-cache hash table entries: 65536 (order: 7, 524288 bytes)
[STDERR  ] 2017-06-29T13:45:40.986070205Z: [    0.000000] Memory: 970144K/1048052K available (7600K kernel code, 1237K rwdata, 2696K rodata, 1292K init, 684K bss, 77908K reserved, 0K cma-reserved)
[STDERR  ] 2017-06-29T13:45:40.986075048Z: [    0.000000] Hierarchical RCU implementation.
[STDERR  ] 2017-06-29T13:45:40.986088365Z: [    0.000000] 	Build-time adjustment of leaf fanout to 64.
[STDERR  ] 2017-06-29T13:45:40.986094211Z: [    0.000000] 	RCU restricting CPUs from NR_CPUS=128 to nr_cpu_ids=1.
[STDERR  ] 2017-06-29T13:45:40.986102891Z: [    0.000000] RCU: Adjusting geometry for rcu_fanout_leaf=64, nr_cpu_ids=1
[STDERR  ] 2017-06-29T13:45:40.986119544Z: [    0.000000] NR_IRQS:8448 nr_irqs:256 16
[STDERR  ] 2017-06-29T13:45:40.986124313Z: [    0.000000] Console: colour VGA+ 80x25
[STDERR  ] 2017-06-29T13:45:40.986133178Z: [    0.000000] console [ttyS0] enabled
[STDERR  ] 2017-06-29T13:45:40.986146908Z: [    0.000000] clocksource: hpet: mask: 0xffffffff max_cycles: 0xffffffff, max_idle_ns: 19112604467 ns
[STDERR  ] 2017-06-29T13:45:40.986155943Z: [    0.000000] tsc: Fast TSC calibration failed
[STDERR  ] 2017-06-29T13:45:40.986165207Z: [    0.000000] tsc: Unable to calibrate against PIT
[STDERR  ] 2017-06-29T13:45:40.986170088Z: [    0.000000] tsc: using HPET reference calibration
[STDERR  ] 2017-06-29T13:45:40.986183292Z: [    0.000000] tsc: Detected 2600.084 MHz processor
[STDERR  ] 2017-06-29T13:45:40.986195022Z: [    0.061171] Calibrating delay loop (skipped), value calculated using timer frequency.. 5200.16 BogoMIPS (lpj=26000840)
[STDERR  ] 2017-06-29T13:45:40.986199892Z: [    0.063060] pid_max: default: 32768 minimum: 301
[STDERR  ] 2017-06-29T13:45:40.986214792Z: [    0.063974] ACPI: Core revision 20150930
[STDERR  ] 2017-06-29T13:45:40.986225592Z: [    0.110597] ACPI: 1 ACPI AML tables successfully acquired and loaded
[STDERR  ] 2017-06-29T13:45:40.986230116Z: [    0.112890] Security Framework initialized
[STDERR  ] 2017-06-29T13:45:40.986242644Z: [    0.113388] Yama: becoming mindful.
[STDERR  ] 2017-06-29T13:45:40.9862611Z: [    0.116119] Mount-cache hash table entries: 2048 (order: 2, 16384 bytes)
[STDERR  ] 2017-06-29T13:45:40.986267179Z: [    0.116804] Mountpoint-cache hash table entries: 2048 (order: 2, 16384 bytes)
[STDERR  ] 2017-06-29T13:45:40.986285703Z: [    0.132700] Initializing cgroup subsys io
[STDERR  ] 2017-06-29T13:45:40.986290544Z: [    0.133663] Initializing cgroup subsys memory
[STDERR  ] 2017-06-29T13:45:40.986299212Z: [    0.134754] Initializing cgroup subsys devices
[STDERR  ] 2017-06-29T13:45:40.986311977Z: [    0.135308] Initializing cgroup subsys freezer
[STDERR  ] 2017-06-29T13:45:40.986320426Z: [    0.135906] Initializing cgroup subsys net_cls
[STDERR  ] 2017-06-29T13:45:40.986329016Z: [    0.136410] Initializing cgroup subsys perf_event
[STDERR  ] 2017-06-29T13:45:40.986342613Z: [    0.136965] Initializing cgroup subsys net_prio
[STDERR  ] 2017-06-29T13:45:40.986351147Z: [    0.137544] Initializing cgroup subsys hugetlb
[STDERR  ] 2017-06-29T13:45:40.986359572Z: [    0.138036] Initializing cgroup subsys pids
[STDERR  ] 2017-06-29T13:45:40.986368377Z: [    0.140969] Last level iTLB entries: 4KB 0, 2MB 0, 4MB 0
[STDERR  ] 2017-06-29T13:45:40.98637717Z: [    0.141479] Last level dTLB entries: 4KB 0, 2MB 0, 4MB 0, 1GB 0
[STDERR  ] 2017-06-29T13:45:40.986386557Z: [    0.403243] Freeing SMP alternatives memory: 20K (ffffffffb1e7a000 - ffffffffb1e7f000)
[STDERR  ] 2017-06-29T13:45:40.986395234Z: [    0.411748] ftrace: allocating 33308 entries in 131 pages
[STDERR  ] 2017-06-29T13:45:40.98640386Z: [    0.573060] ..TIMER: vector=0x30 apic1=0 pin1=2 apic2=-1 pin2=-1
[STDERR  ] 2017-06-29T13:45:40.986413187Z: [    0.680000] smpboot: CPU0: AMD QEMU Virtual CPU version 2.5+ (family: 0x6, model: 0x6, stepping: 0x3)
[STDERR  ] 2017-06-29T13:45:40.986422644Z: [    0.680000] Performance Events: Broken PMU hardware detected, using software events only.
[STDERR  ] 2017-06-29T13:45:40.986426929Z: [    0.680000] Failed to access perfctr msr (MSR c0010007 is 0)
[STDERR  ] 2017-06-29T13:45:40.986445006Z: [    0.685401] x86: Booted up 1 node, 1 CPUs
[STDERR  ] 2017-06-29T13:45:40.986455183Z: [    0.685927] smpboot: Total of 1 processors activated (5200.16 BogoMIPS)
[STDERR  ] 2017-06-29T13:45:40.986468793Z: [    0.694018] NMI watchdog: disabled (cpu0): hardware events not enabled
[STDERR  ] 2017-06-29T13:45:40.986477152Z: [    0.694547] NMI watchdog: Shutting down hard lockup detector on all cpus
[STDERR  ] 2017-06-29T13:45:40.986481753Z: [    0.704773] devtmpfs: initialized
[STDERR  ] 2017-06-29T13:45:40.986495239Z: [    0.775789] clocksource: jiffies: mask: 0xffffffff max_cycles: 0xffffffff, max_idle_ns: 19112604462750000 ns
[STDERR  ] 2017-06-29T13:45:40.986505204Z: [    0.776892] futex hash table entries: 256 (order: 2, 16384 bytes)
[STDERR  ] 2017-06-29T13:45:40.986517179Z: [    0.790151] NET: Registered protocol family 16
[STDERR  ] 2017-06-29T13:45:40.986521909Z: [    0.799251] cpuidle: using governor ladder
[STDERR  ] 2017-06-29T13:45:40.986535869Z: [    0.800080] cpuidle: using governor menu
[STDERR  ] 2017-06-29T13:45:40.986544486Z: [    0.801554] ACPI: bus type PCI registered
[STDERR  ] 2017-06-29T13:45:40.986553583Z: [    0.804569] PCI: MMCONFIG for domain 0000 [bus 00-ff] at [mem 0xb0000000-0xbfffffff] (base 0xb0000000)
[STDERR  ] 2017-06-29T13:45:40.986562696Z: [    0.805529] PCI: MMCONFIG at [mem 0xb0000000-0xbfffffff] reserved in E820
[STDERR  ] 2017-06-29T13:45:40.986567586Z: [    0.806990] PCI: Using configuration type 1 for base access
[STDERR  ] 2017-06-29T13:45:40.986581483Z: [    0.867934] ACPI: Added _OSI(Module Device)
[STDERR  ] 2017-06-29T13:45:40.986590882Z: [    0.868244] ACPI: Added _OSI(Processor Device)
[STDERR  ] 2017-06-29T13:45:40.986595707Z: [    0.868621] ACPI: Added _OSI(3.0 _SCP Extensions)
[STDERR  ] 2017-06-29T13:45:40.986609202Z: [    0.868938] ACPI: Added _OSI(Processor Aggregator Device)
[STDERR  ] 2017-06-29T13:45:40.9866141Z: [    0.948892] ACPI: Interpreter enabled
[STDERR  ] 2017-06-29T13:45:40.986622937Z: [    0.950130] ACPI: (supports S0 S5)
[STDERR  ] 2017-06-29T13:45:40.986639656Z: [    0.950466] ACPI: Using IOAPIC for interrupt routing
[STDERR  ] 2017-06-29T13:45:40.986645676Z: [    0.953258] PCI: Using host bridge windows from ACPI; if necessary, use "pci=nocrs" and report a bug
[STDERR  ] 2017-06-29T13:45:40.986650574Z: [    1.016941] ACPI: PCI Root Bridge [PCI0] (domain 0000 [bus 00-ff])
[STDERR  ] 2017-06-29T13:45:40.98665864Z: [    1.018179] acpi PNP0A08:00: _OSC: OS supports [ExtendedConfig ASPM ClockPM Segments MSI]
[STDERR  ] 2017-06-29T13:45:40.98666406Z: [    1.025264] acpi PNP0A08:00: _OSC: OS now controls [PCIeHotplug PME PCIeCapability]
[STDERR  ] 2017-06-29T13:45:40.986669509Z: [    1.029091] PCI host bridge to bus 0000:00
[STDERR  ] 2017-06-29T13:45:40.986672223Z: [    1.029632] pci_bus 0000:00: root bus resource [io  0x0000-0x0cf7 window]
[STDERR  ] 2017-06-29T13:45:40.986687739Z: [    1.030155] pci_bus 0000:00: root bus resource [io  0x0d00-0xffff window]
[STDERR  ] 2017-06-29T13:45:40.98669327Z: [    1.030652] pci_bus 0000:00: root bus resource [mem 0x000a0000-0x000bffff window]
[STDERR  ] 2017-06-29T13:45:40.98669932Z: [    1.031092] pci_bus 0000:00: root bus resource [mem 0xc0000000-0xfebfffff window]
[STDERR  ] 2017-06-29T13:45:40.986704964Z: [    1.031738] pci_bus 0000:00: root bus resource [bus 00-ff]
[STDERR  ] 2017-06-29T13:45:40.986713063Z: [    1.128253] pci 0000:00:1f.0: quirk: [io  0x0600-0x067f] claimed by ICH6 ACPI/GPIO/TCO
[STDERR  ] 2017-06-29T13:45:40.986716116Z: [    1.186630] ACPI: PCI Interrupt Link [LNKA] (IRQs 5 *10 11)
[STDERR  ] 2017-06-29T13:45:40.9867215Z: [    1.189609] ACPI: PCI Interrupt Link [LNKB] (IRQs 5 *10 11)
[STDERR  ] 2017-06-29T13:45:40.986729532Z: [    1.191890] ACPI: PCI Interrupt Link [LNKC] (IRQs 5 10 *11)
[STDERR  ] 2017-06-29T13:45:40.986734079Z: [    1.193862] ACPI: PCI Interrupt Link [LNKD] (IRQs 5 10 *11)
[STDERR  ] 2017-06-29T13:45:40.986741954Z: [    1.196533] ACPI: PCI Interrupt Link [LNKE] (IRQs 5 *10 11)
[STDERR  ] 2017-06-29T13:45:40.986754249Z: [    1.198410] ACPI: PCI Interrupt Link [LNKF] (IRQs 5 *10 11)
[STDERR  ] 2017-06-29T13:45:40.986757033Z: [    1.201235] ACPI: PCI Interrupt Link [LNKG] (IRQs 5 10 *11)
[STDERR  ] 2017-06-29T13:45:40.98676522Z: [    1.203105] ACPI: PCI Interrupt Link [LNKH] (IRQs 5 10 *11)
[STDERR  ] 2017-06-29T13:45:40.986770665Z: [    1.204062] ACPI: PCI Interrupt Link [GSIA] (IRQs *16)
[STDERR  ] 2017-06-29T13:45:40.986779133Z: [    1.204842] ACPI: PCI Interrupt Link [GSIB] (IRQs *17)
[STDERR  ] 2017-06-29T13:45:40.986787321Z: [    1.205640] ACPI: PCI Interrupt Link [GSIC] (IRQs *18)
[STDERR  ] 2017-06-29T13:45:40.986792704Z: [    1.206396] ACPI: PCI Interrupt Link [GSID] (IRQs *19)
[STDERR  ] 2017-06-29T13:45:40.986802465Z: [    1.207148] ACPI: PCI Interrupt Link [GSIE] (IRQs *20)
[STDERR  ] 2017-06-29T13:45:40.986807768Z: [    1.207904] ACPI: PCI Interrupt Link [GSIF] (IRQs *21)
[STDERR  ] 2017-06-29T13:45:40.986813201Z: [    1.208647] ACPI: PCI Interrupt Link [GSIG] (IRQs *22)
[STDERR  ] 2017-06-29T13:45:40.986818468Z: [    1.209431] ACPI: PCI Interrupt Link [GSIH] (IRQs *23)
[STDERR  ] 2017-06-29T13:45:40.986823849Z: [    1.213714] ACPI: Enabled 2 GPEs in block 00 to 3F
[STDERR  ] 2017-06-29T13:45:40.986829288Z: [    1.217832] SCSI subsystem initialized
[STDERR  ] 2017-06-29T13:45:40.986832254Z: [    1.219805] ACPI: bus type USB registered
[STDERR  ] 2017-06-29T13:45:40.986840072Z: [    1.221381] usbcore: registered new interface driver usbfs
[STDERR  ] 2017-06-29T13:45:40.986842766Z: [    1.222382] usbcore: registered new interface driver hub
[STDERR  ] 2017-06-29T13:45:40.986853508Z: [    1.223292] usbcore: registered new device driver usb
[STDERR  ] 2017-06-29T13:45:40.986859344Z: [    1.224589] pps_core: LinuxPPS API ver. 1 registered
[STDERR  ] 2017-06-29T13:45:40.986866649Z: [    1.224939] pps_core: Software ver. 5.3.6 - Copyright 2005-2007 Rodolfo Giometti <giometti@linux.it>
[STDERR  ] 2017-06-29T13:45:40.986869458Z: [    1.225794] PTP clock support registered
[STDERR  ] 2017-06-29T13:45:40.986874689Z: [    1.227193] wmi: Mapper loaded
[STDERR  ] 2017-06-29T13:45:40.986885914Z: [    1.228779] PCI: Using ACPI for IRQ routing
[STDERR  ] 2017-06-29T13:45:40.986891404Z: [    1.248066] NetLabel: Initializing
[STDERR  ] 2017-06-29T13:45:40.986896825Z: [    1.248335] NetLabel:  domain hash size = 128
[STDERR  ] 2017-06-29T13:45:40.986902081Z: [    1.248775] NetLabel:  protocols = UNLABELED CIPSOv4
[STDERR  ] 2017-06-29T13:45:40.986907336Z: [    1.251606] NetLabel:  unlabeled traffic allowed by default
[STDERR  ] 2017-06-29T13:45:40.986912719Z: [    1.252917] HPET: 3 timers in total, 0 timers will be used for per-cpu timer
[STDERR  ] 2017-06-29T13:45:40.986918046Z: [    1.253750] hpet0: at MMIO 0xfed00000, IRQs 2, 8, 0
[STDERR  ] 2017-06-29T13:45:40.986925314Z: [    1.254285] hpet0: 3 comparators, 64-bit 100.000000 MHz counter
[STDERR  ] 2017-06-29T13:45:40.986934604Z: [    1.260973] amd_nb: Cannot enumerate AMD northbridges
[STDERR  ] 2017-06-29T13:45:40.986937589Z: [    1.262164] clocksource: Switched to clocksource hpet
[STDERR  ] 2017-06-29T13:45:40.986945564Z: [    1.513768] FS-Cache: Loaded
[STDERR  ] 2017-06-29T13:45:40.986951085Z: [    1.520160] CacheFiles: Loaded
[STDERR  ] 2017-06-29T13:45:40.986953772Z: [    1.523605] pnp: PnP ACPI init
[STDERR  ] 2017-06-29T13:45:40.986961816Z: [    1.536345] pnp: PnP ACPI: found 5 devices
[STDERR  ] 2017-06-29T13:45:40.986967192Z: [    1.586170] clocksource: acpi_pm: mask: 0xffffff max_cycles: 0xffffff, max_idle_ns: 2085701024 ns
[STDERR  ] 2017-06-29T13:45:40.986970186Z: [    1.589323] NET: Registered protocol family 2
[STDERR  ] 2017-06-29T13:45:40.986975361Z: [    1.596977] TCP established hash table entries: 8192 (order: 4, 65536 bytes)
[STDERR  ] 2017-06-29T13:45:40.986983374Z: [    1.597580] TCP bind hash table entries: 8192 (order: 5, 131072 bytes)
[STDERR  ] 2017-06-29T13:45:40.986988711Z: [    1.598333] TCP: Hash tables configured (established 8192 bind 8192)
[STDERR  ] 2017-06-29T13:45:40.986994075Z: [    1.600531] UDP hash table entries: 512 (order: 2, 16384 bytes)
[STDERR  ] 2017-06-29T13:45:40.987001201Z: [    1.601172] UDP-Lite hash table entries: 512 (order: 2, 16384 bytes)
[STDERR  ] 2017-06-29T13:45:40.987006585Z: [    1.603585] NET: Registered protocol family 1
[STDERR  ] 2017-06-29T13:45:40.987011891Z: [    1.610696] Unpacking initramfs...
[STDERR  ] 2017-06-29T13:45:40.987022724Z: [   12.123375] Freeing initrd memory: 43968K (ffff88003d4e0000 - ffff88003ffd0000)
[STDERR  ] 2017-06-29T13:45:40.987028325Z: [   12.151547] PCLMULQDQ-NI instructions are not detected.
[STDERR  ] 2017-06-29T13:45:40.987033692Z: [   12.153446] AVX or AES-NI instructions are not detected.
[STDERR  ] 2017-06-29T13:45:40.987043635Z: [   12.154031] CPU feature 'AVX registers' is not supported.
[STDERR  ] 2017-06-29T13:45:40.987046398Z: [   12.154424] CPU feature 'AVX registers' is not supported.
[STDERR  ] 2017-06-29T13:45:40.987054249Z: [   12.154915] CPU feature 'AVX registers' is not supported.
[STDERR  ] 2017-06-29T13:45:40.987056902Z: [   12.155391] CPU feature 'AVX registers' is not supported.
[STDERR  ] 2017-06-29T13:45:40.987064845Z: [   12.155891] AVX2 or AES-NI instructions are not detected.
[STDERR  ] 2017-06-29T13:45:40.987067594Z: [   12.156386] AVX2 instructions are not detected.
[STDERR  ] 2017-06-29T13:45:40.987075558Z: [   12.164023] audit: initializing netlink subsys (disabled)
[STDERR  ] 2017-06-29T13:45:40.987078214Z: [   12.165780] audit: type=2000 audit(1498743895.160:1): initialized
[STDERR  ] 2017-06-29T13:45:40.987086195Z: [   12.173765] HugeTLB registered 2 MB page size, pre-allocated 0 pages
[STDERR  ] 2017-06-29T13:45:40.987091481Z: [   12.177563] VFS: Disk quotas dquot_6.6.0
[STDERR  ] 2017-06-29T13:45:40.987096821Z: [   12.178365] VFS: Dquot-cache hash table entries: 512 (order 0, 4096 bytes)
[STDERR  ] 2017-06-29T13:45:40.987102082Z: [   12.184965] FS-Cache: Netfs 'cifs' registered for caching
[STDERR  ] 2017-06-29T13:45:40.987104998Z: [   12.186042] fuse init (API version 7.23)
[STDERR  ] 2017-06-29T13:45:40.987112821Z: [   12.189566] SGI XFS with ACLs, security attributes, no debug enabled
[STDERR  ] 2017-06-29T13:45:40.987121181Z: [   12.193074] 9p: Installing v9fs 9p2000 file system support
[STDERR  ] 2017-06-29T13:45:40.987128858Z: [   12.193668] FS-Cache: Netfs '9p' registered for caching
[STDERR  ] 2017-06-29T13:45:40.987137816Z: [   12.195485] Key type big_key registered
[STDERR  ] 2017-06-29T13:45:40.987145926Z: [   12.235799] NET: Registered protocol family 38
[STDERR  ] 2017-06-29T13:45:40.987155015Z: [   12.236426] Key type asymmetric registered
[STDERR  ] 2017-06-29T13:45:40.987159842Z: [   12.236678] Asymmetric key parser 'x509' registered
[STDERR  ] 2017-06-29T13:45:40.987181116Z: [   12.238064] Block layer SCSI generic (bsg) driver version 0.4 loaded (major 251)
[STDERR  ] 2017-06-29T13:45:40.987190818Z: [   12.239856] io scheduler noop registered
[STDERR  ] 2017-06-29T13:45:40.987205184Z: [   12.240140] io scheduler deadline registered (default)
[STDERR  ] 2017-06-29T13:45:40.987213841Z: [   12.240206] io scheduler cfq registered
[STDERR  ] 2017-06-29T13:45:40.987217822Z: [   12.240206] pci_hotplug: PCI Hot Plug PCI Core version: 0.5
[STDERR  ] 2017-06-29T13:45:40.987223164Z: [   12.240206] pciehp: PCI Express Hot Plug Controller Driver version: 0.4
[STDERR  ] 2017-06-29T13:45:40.987231309Z: [   12.240206] shpchp: Standard Hot Plug PCI Controller Driver version: 0.4
[STDERR  ] 2017-06-29T13:45:40.987236739Z: [   12.240206] hv_vmbus: registering driver hyperv_fb
[STDERR  ] 2017-06-29T13:45:40.987242134Z: [   12.267845] input: Power Button as /devices/LNXSYSTM:00/LNXPWRBN:00/input/input0
[STDERR  ] 2017-06-29T13:45:40.987250314Z: [   12.269413] ACPI: Power Button [PWRF]
[STDERR  ] 2017-06-29T13:45:40.987255894Z: [   12.281047] GHES: HEST is not enabled!
[STDERR  ] 2017-06-29T13:45:40.987261191Z: [   12.293850] ACPI: PCI Interrupt Link [GSIH] enabled at IRQ 23
[STDERR  ] 2017-06-29T13:45:40.987266599Z: [   12.300730] xenfs: not registering filesystem on non-xen platform
[STDERR  ] 2017-06-29T13:45:40.987273889Z: [   12.303069] Serial: 8250/16550 driver, 4 ports, IRQ sharing disabled
[STDERR  ] 2017-06-29T13:45:40.987282012Z: [   12.328498] 00:04: ttyS0 at I/O 0x3f8 (irq = 4, base_baud = 115200) is a 16550A
[STDERR  ] 2017-06-29T13:45:40.987287561Z: [   12.341723] Non-volatile memory driver v1.3
[STDERR  ] 2017-06-29T13:45:40.987292956Z: [   12.350330] Hangcheck: starting hangcheck timer 0.9.1 (tick is 180 seconds, margin is 60 seconds).
[STDERR  ] 2017-06-29T13:45:40.987298386Z: [   12.389828] loop: module loaded
[STDERR  ] 2017-06-29T13:45:40.987306339Z: [   12.403621] nbd: registered device at major 43
[STDERR  ] 2017-06-29T13:45:40.987309142Z: [   12.447196] lpc_ich 0000:00:1f.0: I/O space for GPIO uninitialized
[STDERR  ] 2017-06-29T13:45:40.987317042Z: [   12.449625] VMware PVSCSI driver - version 1.0.5.0-k
[STDERR  ] 2017-06-29T13:45:40.987322354Z: [   12.451028] hv_vmbus: registering driver hv_storvsc
[STDERR  ] 2017-06-29T13:45:40.987327188Z: [   12.461315] ACPI: PCI Interrupt Link [GSIA] enabled at IRQ 16
[STDERR  ] 2017-06-29T13:45:40.987335352Z: [   12.467119] ahci 0000:00:1f.2: AHCI 0001.0000 32 slots 6 ports 1.5 Gbps 0x3f impl SATA mode
[STDERR  ] 2017-06-29T13:45:40.987343046Z: [   12.467889] ahci 0000:00:1f.2: flags: 64bit ncq only 
[STDERR  ] 2017-06-29T13:45:40.987350108Z: [   12.487919] scsi host0: ahci
[STDERR  ] 2017-06-29T13:45:40.987355421Z: [   12.492902] scsi host1: ahci
[STDERR  ] 2017-06-29T13:45:40.987360691Z: [   12.495454] scsi host2: ahci
[STDERR  ] 2017-06-29T13:45:40.987363456Z: [   12.497882] scsi host3: ahci
[STDERR  ] 2017-06-29T13:45:40.987372801Z: [   12.500809] scsi host4: ahci
[STDERR  ] 2017-06-29T13:45:40.987375465Z: [   12.503931] scsi host5: ahci
[STDERR  ] 2017-06-29T13:45:40.987383491Z: [   12.505865] ata1: SATA max UDMA/133 abar m4096@0xfebf1000 port 0xfebf1100 irq 24
[STDERR  ] 2017-06-29T13:45:40.987386303Z: [   12.506403] ata2: SATA max UDMA/133 abar m4096@0xfebf1000 port 0xfebf1180 irq 24
[STDERR  ] 2017-06-29T13:45:40.987391483Z: [   12.506944] ata3: SATA max UDMA/133 abar m4096@0xfebf1000 port 0xfebf1200 irq 24
[STDERR  ] 2017-06-29T13:45:40.987403441Z: [   12.507466] ata4: SATA max UDMA/133 abar m4096@0xfebf1000 port 0xfebf1280 irq 24
[STDERR  ] 2017-06-29T13:45:40.987409025Z: [   12.508003] ata5: SATA max UDMA/133 abar m4096@0xfebf1000 port 0xfebf1300 irq 24
[STDERR  ] 2017-06-29T13:45:40.987417047Z: [   12.508527] ata6: SATA max UDMA/133 abar m4096@0xfebf1000 port 0xfebf1380 irq 24
[STDERR  ] 2017-06-29T13:45:40.987422559Z: [   12.520966] tun: Universal TUN/TAP device driver, 1.6
[STDERR  ] 2017-06-29T13:45:40.98742791Z: [   12.521395] tun: (C) 1999-2004 Max Krasnyansky <maxk@qualcomm.com>
[STDERR  ] 2017-06-29T13:45:40.987433239Z: [   12.524024] VMware vmxnet3 virtual NIC driver - version 1.4.5.0-k-NAPI
[STDERR  ] 2017-06-29T13:45:40.98743852Z: [   12.525042] hv_vmbus: registering driver hv_netvsc
[STDERR  ] 2017-06-29T13:45:40.987446729Z: [   12.525315] Fusion MPT base driver 3.04.20
[STDERR  ] 2017-06-29T13:45:40.987452119Z: [   12.525741] Copyright (c) 1999-2008 LSI Corporation
[STDERR  ] 2017-06-29T13:45:40.98745745Z: [   12.526471] Fusion MPT SPI Host driver 3.04.20
[STDERR  ] 2017-06-29T13:45:40.98746025Z: [   12.529124] i8042: PNP: PS/2 Controller [PNP0303:KBD,PNP0f13:MOU] at 0x60,0x64 irq 1,12
[STDERR  ] 2017-06-29T13:45:40.98746565Z: [   12.534895] serio: i8042 KBD port at 0x60,0x64 irq 1
[STDERR  ] 2017-06-29T13:45:40.987473605Z: [   12.535696] serio: i8042 AUX port at 0x60,0x64 irq 12
[STDERR  ] 2017-06-29T13:45:40.987476327Z: [   12.538997] hv_vmbus: registering driver hyperv_keyboard
[STDERR  ] 2017-06-29T13:45:40.987481455Z: [   12.542011] mousedev: PS/2 mouse device common for all mice
[STDERR  ] 2017-06-29T13:45:40.987491365Z: [   12.547181] input: AT Translated Set 2 keyboard as /devices/platform/i8042/serio0/input/input1
[STDERR  ] 2017-06-29T13:45:40.987496769Z: [   12.551863] input: PC Speaker as /devices/platform/pcspkr/input/input2
[STDERR  ] 2017-06-29T13:45:40.987504745Z: [   12.555834] rtc_cmos 00:00: RTC can wake from S4
[STDERR  ] 2017-06-29T13:45:40.987510081Z: [   12.561469] rtc_cmos 00:00: rtc core: registered rtc_cmos as rtc0
[STDERR  ] 2017-06-29T13:45:40.987515323Z: [   12.562893] rtc_cmos 00:00: alarms up to one day, y3k, 114 bytes nvram, hpet irqs
[STDERR  ] 2017-06-29T13:45:40.987520593Z: [   12.563751] i2c /dev entries driver
[STDERR  ] 2017-06-29T13:45:40.987523413Z: [   12.566278] device-mapper: ioctl: 4.34.0-ioctl (2015-10-28) initialised: dm-devel@redhat.com
[STDERR  ] 2017-06-29T13:45:40.98752871Z: [   12.573602] usbcore: registered new interface driver usbhid
[STDERR  ] 2017-06-29T13:45:40.987536827Z: [   12.574166] usbhid: USB HID core driver
[STDERR  ] 2017-06-29T13:45:40.987542093Z: [   12.575100] hv_utils: Registering HyperV Utility Driver
[STDERR  ] 2017-06-29T13:45:40.987549115Z: [   12.575426] hv_vmbus: registering driver hv_util
[STDERR  ] 2017-06-29T13:45:40.987554447Z: [   12.575786] hv_vmbus: registering driver hv_balloon
[STDERR  ] 2017-06-29T13:45:40.987558211Z: [   12.576459] oprofile: using NMI interrupt.
[STDERR  ] 2017-06-29T13:45:40.987570175Z: [   12.578065] GACT probability on
[STDERR  ] 2017-06-29T13:45:40.987584895Z: [   12.579090] Mirror/redirect action on
[STDERR  ] 2017-06-29T13:45:40.987594075Z: [   12.579753] Simple TC action Loaded
[STDERR  ] 2017-06-29T13:45:40.98760382Z: [   12.580202] u32 classifier
[STDERR  ] 2017-06-29T13:45:40.987613251Z: [   12.580864]     Performance counters on
[STDERR  ] 2017-06-29T13:45:40.987622577Z: [   12.581096]     input device check on
[STDERR  ] 2017-06-29T13:45:40.987628677Z: [   12.581306]     Actions configured
[STDERR  ] 2017-06-29T13:45:40.987633955Z: [   12.582448] Netfilter messages via NETLINK v0.30.
[STDERR  ] 2017-06-29T13:45:40.987639315Z: [   12.583025] nfnl_acct: registering with nfnetlink.
[STDERR  ] 2017-06-29T13:45:40.987644651Z: [   12.584075] nf_conntrack version 0.5.0 (7922 buckets, 31688 max)
[STDERR  ] 2017-06-29T13:45:40.987649943Z: [   12.587608] ctnetlink v0.93: registering with nfnetlink.
[STDERR  ] 2017-06-29T13:45:40.987655299Z: [   12.591372] nf_tables: (c) 2007-2009 Patrick McHardy <kaber@trash.net>
[STDERR  ] 2017-06-29T13:45:40.987664123Z: [   12.592460] nf_tables_compat: (c) 2012 Pablo Neira Ayuso <pablo@netfilter.org>
[STDERR  ] 2017-06-29T13:45:40.987669736Z: [   12.595991] xt_time: kernel timezone is -0000
[STDERR  ] 2017-06-29T13:45:40.987677039Z: [   12.596709] ip_set: protocol 6
[STDERR  ] 2017-06-29T13:45:40.987682355Z: [   12.597549] IPVS: Registered protocols (TCP, UDP, SCTP, AH, ESP)
[STDERR  ] 2017-06-29T13:45:40.987687701Z: [   12.598270] IPVS: Connection hash table configured (size=4096, memory=64Kbytes)
[STDERR  ] 2017-06-29T13:45:40.987693131Z: [   12.600090] IPVS: Creating netns size=2096 id=0
[STDERR  ] 2017-06-29T13:45:40.987724071Z: [   12.601318] IPVS: ipvs loaded.
[STDERR  ] 2017-06-29T13:45:40.987734741Z: [   12.601711] IPVS: [rr] scheduler registered.
[STDERR  ] 2017-06-29T13:45:40.987755613Z: [   12.602082] IPVS: [wrr] scheduler registered.
[STDERR  ] 2017-06-29T13:45:40.987765661Z: [   12.602513] IPVS: [lc] scheduler registered.
[STDERR  ] 2017-06-29T13:45:40.987778696Z: [   12.602893] IPVS: [wlc] scheduler registered.
[STDERR  ] 2017-06-29T13:45:40.987787159Z: [   12.603280] IPVS: [fo] scheduler registered.
[STDERR  ] 2017-06-29T13:45:40.987796091Z: [   12.603611] IPVS: [ovf] scheduler registered.
[STDERR  ] 2017-06-29T13:45:40.987806071Z: [   12.604148] IPVS: [lblc] scheduler registered.
[STDERR  ] 2017-06-29T13:45:40.987816351Z: [   12.604693] IPVS: [lblcr] scheduler registered.
[STDERR  ] 2017-06-29T13:45:40.987828633Z: [   12.605067] IPVS: [dh] scheduler registered.
[STDERR  ] 2017-06-29T13:45:40.987833963Z: [   12.605448] IPVS: [sh] scheduler registered.
[STDERR  ] 2017-06-29T13:45:40.987848406Z: [   12.605824] IPVS: [sed] scheduler registered.
[STDERR  ] 2017-06-29T13:45:40.987859787Z: [   12.606178] IPVS: [nq] scheduler registered.
[STDERR  ] 2017-06-29T13:45:40.987864536Z: [   12.606977] IPVS: ftp: loaded support on port[0] = 21
[STDERR  ] 2017-06-29T13:45:40.987881639Z: [   12.607827] ipip: IPv4 over IPv4 tunneling driver
[STDERR  ] 2017-06-29T13:45:40.987886247Z: [   12.612478] gre: GRE over IPv4 demultiplexor driver
[STDERR  ] 2017-06-29T13:45:40.987895059Z: [   12.615224] ip_tables: (C) 2000-2006 Netfilter Core Team
[STDERR  ] 2017-06-29T13:45:40.987908405Z: [   12.618107] ipt_CLUSTERIP: ClusterIP Version 0.8 loaded successfully
[STDERR  ] 2017-06-29T13:45:40.987923383Z: [   12.618885] arp_tables: (C) 2002 David S. Miller
[STDERR  ] 2017-06-29T13:45:40.987932449Z: [   12.621517] NET: Registered protocol family 10
[STDERR  ] 2017-06-29T13:45:40.987943289Z: [   12.630034] ip6_tables: (C) 2000-2006 Netfilter Core Team
[STDERR  ] 2017-06-29T13:45:40.987952093Z: [   12.636633] NET: Registered protocol family 17
[STDERR  ] 2017-06-29T13:45:40.987964949Z: [   12.638193] bridge: automatic filtering via arp/ip/ip6tables has been deprecated. Update your scripts to load br_netfilter if you need this.
[STDERR  ] 2017-06-29T13:45:40.987976408Z: [   12.638823] Bridge firewalling registered
[STDERR  ] 2017-06-29T13:45:40.987981163Z: [   12.639443] Ebtables v2.0 registered
[STDERR  ] 2017-06-29T13:45:40.987990575Z: [   12.640650] 8021q: 802.1Q VLAN Support v1.8
[STDERR  ] 2017-06-29T13:45:40.988003548Z: [   12.640650] 9pnet: Installing 9P2000 support
[STDERR  ] 2017-06-29T13:45:40.98800855Z: [   12.640650] Key type dns_resolver registered
[STDERR  ] 2017-06-29T13:45:40.988021417Z: [   12.640650] hv_sock: failed to load: VMBus 4 or later is required
[STDERR  ] 2017-06-29T13:45:40.98802594Z: [   12.640650] microcode: AMD CPU family 0x6 not supported
[STDERR  ] 2017-06-29T13:45:40.988038788Z: [   12.654787] registered taskstats version 1
[STDERR  ] 2017-06-29T13:45:40.988046644Z: [   12.819817] Key type encrypted registered
[STDERR  ] 2017-06-29T13:45:40.988055258Z: [   12.827908] rtc_cmos 00:00: setting system clock to 2017-06-29 13:44:56 UTC (1498743896)
[STDERR  ] 2017-06-29T13:45:40.988068362Z: [   12.861442] ata1: SATA link down (SStatus 0 SControl 300)
[STDERR  ] 2017-06-29T13:45:40.98807287Z: [   12.864577] ata2: SATA link down (SStatus 0 SControl 300)
[STDERR  ] 2017-06-29T13:45:40.988083754Z: [   12.865619] ata3: SATA link up 1.5 Gbps (SStatus 113 SControl 300)
[STDERR  ] 2017-06-29T13:45:40.98810212Z: [   12.869439] ata3.00: ATAPI: QEMU DVD-ROM, 2.5+, max UDMA/100
[STDERR  ] 2017-06-29T13:45:40.988111027Z: [   12.869967] ata3.00: applying bridge limits
[STDERR  ] 2017-06-29T13:45:40.988122567Z: [   12.872119] ata4: SATA link down (SStatus 0 SControl 300)
[STDERR  ] 2017-06-29T13:45:40.988131087Z: [   12.872848] ata5: SATA link down (SStatus 0 SControl 300)
[STDERR  ] 2017-06-29T13:45:40.988135538Z: [   12.873402] ata6: SATA link down (SStatus 0 SControl 300)
[STDERR  ] 2017-06-29T13:45:40.988144022Z: [   12.874795] ata3.00: configured for UDMA/100
[STDERR  ] 2017-06-29T13:45:40.988156685Z: [   12.887485] scsi 2:0:0:0: CD-ROM            QEMU     QEMU DVD-ROM     2.5+ PQ: 0 ANSI: 5
[STDERR  ] 2017-06-29T13:45:40.988169441Z: [   12.903335] sr 2:0:0:0: [sr0] scsi3-mmc drive: 4x/4x cd/rw xa/form2 tray
[STDERR  ] 2017-06-29T13:45:40.98817804Z: [   12.904112] cdrom: Uniform CD-ROM driver Revision: 3.20
[STDERR  ] 2017-06-29T13:45:40.988188224Z: [   12.912133] sr 2:0:0:0: Attached scsi generic sg0 type 5
[STDERR  ] 2017-06-29T13:45:40.988196681Z: [   13.041421] Freeing unused kernel memory: 1292K (ffffffffb1d37000 - ffffffffb1e7a000)
[STDERR  ] 2017-06-29T13:45:40.98820723Z: [   13.042069] Write protecting the kernel read-only data: 12288k
[STDERR  ] 2017-06-29T13:45:40.988215912Z: [   13.053887] Freeing unused kernel memory: 580K (ffff88003176f000 - ffff880031800000)
[STDERR  ] 2017-06-29T13:45:40.988226567Z: [   13.206395] Freeing unused kernel memory: 1400K (ffff880031aa2000 - ffff880031c00000)
[STDERR  ] 2017-06-29T13:45:40.988231005Z: [   13.207480] tsc: Refined TSC clocksource calibration: 2600.004 MHz
[STDERR  ] 2017-06-29T13:45:40.988243488Z: [   13.207960] clocksource: tsc: mask: 0xffffffffffffffff max_cycles: 0x257a3ff7d60, max_idle_ns: 440795222870 ns
[STDERR  ] 2017-06-29T13:45:40.98824853Z: [   14.211607] clocksource: Switched to clocksource tsc
[STDERR  ] 2017-06-29T13:45:40.988261977Z: [   22.406956] e1000: Intel(R) PRO/1000 Network Driver - version 7.3.21-k8-NAPI
[STDERR  ] 2017-06-29T13:45:40.988266594Z: [   22.407530] e1000: Copyright (c) 1999-2006 Intel Corporation.
[STDERR  ] 2017-06-29T13:45:40.988280288Z: [   22.439073] ACPI: PCI Interrupt Link [GSIG] enabled at IRQ 22
[STDERR  ] 2017-06-29T13:45:40.988289644Z: [   22.783677] e1000 0000:00:02.0 eth0: (PCI:33MHz:32-bit) 52:54:00:12:34:56
[STDERR  ] 2017-06-29T13:45:40.988294412Z: [   22.784597] e1000 0000:00:02.0 eth0: Intel(R) PRO/1000 Network Connection
[STDERR  ] 2017-06-29T13:45:40.988308255Z: 
[STDERR  ] 2017-06-29T13:45:40.988317712Z: Starting containerd
[STDERR  ] 2017-06-29T13:45:40.988327167Z: 
[STDERR  ] 2017-06-29T13:45:40.98833589Z: Welcome to LinuxKit
[STDERR  ] 2017-06-29T13:45:40.98834508Z: 
[STDERR  ] 2017-06-29T13:45:40.988350567Z:                         ##         .
[STDERR  ] 2017-06-29T13:45:40.98836513Z:                   ## ## ##        ==
[STDERR  ] 2017-06-29T13:45:40.988373957Z:                ## ## ## ## ##    ===
[STDERR  ] 2017-06-29T13:45:40.988378417Z:            /"""""""""""""""""\___/ ===
[STDERR  ] 2017-06-29T13:45:40.98839294Z:           {                       /  ===-
[STDERR  ] 2017-06-29T13:45:40.988402371Z:            \______ O           __/
[STDERR  ] 2017-06-29T13:45:40.988411825Z:              \    \         __/
[STDERR  ] 2017-06-29T13:45:40.988421078Z:               \____\_______/
[STDERR  ] 2017-06-29T13:45:40.988425811Z: 
[STDERR  ] 2017-06-29T13:45:40.988434827Z: [34mINFO[0m[0000] starting containerd boot...                   [34mmodule[0m=containerd
[STDERR  ] 2017-06-29T13:45:40.9884529Z: [34mINFO[0m[0000] loading plugin "io.containerd.content.v1.content"...  [34mmodule[0m=containerd [34mtype[0m=io.containerd.content.v1
[STDERR  ] 2017-06-29T13:45:40.98845806Z: [34mINFO[0m[0000] skip loading plugin "io.containerd.snapshotter.v1.btrfs"...  [34mmodule[0m=containerd [34mtype[0m=io.containerd.snapshotter.v1
[STDERR  ] 2017-06-29T13:45:40.988468068Z: [34mINFO[0m[0000] loading plugin "io.containerd.snapshotter.v1.overlayfs"...  [34mmodule[0m=containerd [34mtype[0m=io.containerd.snapshotter.v1
[STDERR  ] 2017-06-29T13:45:40.988486705Z: [34mINFO[0m[0000] loading plugin "io.containerd.differ.v1.base-diff"...  [34mmodule[0m=containerd [34mtype[0m=io.containerd.differ.v1
[STDERR  ] 2017-06-29T13:45:40.9884961Z: [34mINFO[0m[0000] loading plugin "io.containerd.metadata.v1.bolt"...  [34mmodule[0m=containerd [34mtype[0m=io.containerd.metadata.v1
[STDERR  ] 2017-06-29T13:45:40.988505404Z: [34mINFO[0m[0000] loading plugin "io.containerd.grpc.v1.containers"...  [34mmodule[0m=containerd [34mtype[0m=io.containerd.grpc.v1
[STDERR  ] 2017-06-29T13:45:40.988512331Z: [34mINFO[0m[0000] loading plugin "io.containerd.grpc.v1.content"...  [34mmodule[0m=containerd [34mtype[0m=io.containerd.grpc.v1
[STDERR  ] 2017-06-29T13:45:40.988532018Z: [34mINFO[0m[0000] loading plugin "io.containerd.grpc.v1.diff"...  [34mmodule[0m=containerd [34mtype[0m=io.containerd.grpc.v1
[STDERR  ] 2017-06-29T13:45:40.988543483Z: [34mINFO[0m[0000] loading plugin "io.containerd.grpc.v1.events"...  [34mmodule[0m=containerd [34mtype[0m=io.containerd.grpc.v1
[STDERR  ] 2017-06-29T13:45:40.988556835Z: [34mINFO[0m[0000] loading plugin "io.containerd.grpc.v1.healthcheck"...  [34mmodule[0m=containerd [34mtype[0m=io.containerd.grpc.v1
[STDERR  ] 2017-06-29T13:45:40.988561718Z: [34mINFO[0m[0000] loading plugin "io.containerd.grpc.v1.images"...  [34mmodule[0m=containerd [34mtype[0m=io.containerd.grpc.v1
[STDERR  ] 2017-06-29T13:45:40.988575735Z: [34mINFO[0m[0000] loading plugin "io.containerd.grpc.v1.namespaces"...  [34mmodule[0m=containerd [34mtype[0m=io.containerd.grpc.v1
[STDERR  ] 2017-06-29T13:45:40.988584961Z: [34mINFO[0m[0000] loading plugin "io.containerd.grpc.v1.snapshots"...  [34mmodule[0m=containerd [34mtype[0m=io.containerd.grpc.v1
[STDERR  ] 2017-06-29T13:45:40.988594335Z: [34mINFO[0m[0000] loading plugin "io.containerd.monitor.v1.cgroups"...  [34mmodule[0m=containerd [34mtype[0m=io.containerd.monitor.v1
[STDERR  ] 2017-06-29T13:45:40.988603634Z: [34mINFO[0m[0000] loading plugin "io.containerd.runtime.v1.linux"...  [34mmodule[0m=containerd [34mtype[0m=io.containerd.runtime.v1
[STDERR  ] 2017-06-29T13:45:40.988612827Z: [34mINFO[0m[0000] loading plugin "io.containerd.grpc.v1.tasks"...  [34mmodule[0m=containerd [34mtype[0m=io.containerd.grpc.v1
[STDERR  ] 2017-06-29T13:45:40.988623987Z: [34mINFO[0m[0000] loading plugin "io.containerd.grpc.v1.version"...  [34mmodule[0m=containerd [34mtype[0m=io.containerd.grpc.v1
[STDERR  ] 2017-06-29T13:45:40.9886333Z: [34mINFO[0m[0000] serving...                                    [34maddress[0m="/run/containerd/debug.sock" [34mmodule[0m="containerd/debug"
[STDERR  ] 2017-06-29T13:45:40.988638306Z: [34mINFO[0m[0000] serving...                                    [34maddress[0m="/run/containerd/containerd.sock" [34mmodule[0m="containerd/grpc"
[STDERR  ] 2017-06-29T13:45:40.988652372Z: [34mINFO[0m[0000] containerd successfully booted in 0.235891s   [34mmodule[0m=containerd
[STDERR  ] 2017-06-29T13:45:40.98867038Z: starting kernel config sanity test with /proc/config.gz
[STDERR  ] 2017-06-29T13:45:40.988679997Z: [   30.814216] RPC: Registered named UNIX socket transport module.
[STDERR  ] 2017-06-29T13:45:40.98868933Z: [   30.814964] RPC: Registered udp transport module.
[STDERR  ] 2017-06-29T13:45:40.988700066Z: [   30.815428] RPC: Registered tcp transport module.
[STDERR  ] 2017-06-29T13:45:40.988710276Z: [   30.815811] RPC: Registered tcp NFSv4.1 backchannel transport module.
[STDERR  ] 2017-06-29T13:45:40.988715219Z: [   30.978288] FS-Cache: Netfs 'nfs' registered for caching
[STDERR  ] 2017-06-29T13:45:40.98873146Z: [   31.089673] Installing knfsd (copyright (C) 1996 okir@monad.swb.de).
[STDERR  ] 2017-06-29T13:45:40.988736096Z: [   31.155927] ntfs: driver 2.1.32 [Flags: R/O MODULE].
[STDERR  ] 2017-06-29T13:45:40.988756677Z: kernel config test succeeded!
[STDERR  ] 2017-06-29T13:45:40.988761122Z: [37minfo: reading kernel config from /proc/config.gz ...[m
[STDERR  ] 2017-06-29T13:45:40.988780084Z: 
[STDERR  ] 2017-06-29T13:45:40.988790487Z: Generally Necessary:
[STDERR  ] 2017-06-29T13:45:40.988803843Z: - [37mcgroup hierarchy[m: [32mproperly mounted[m [/sys/fs/cgroup]
[STDERR  ] 2017-06-29T13:45:40.988817524Z: - [37mCONFIG_NAMESPACES[m: [32menabled[m
[STDERR  ] 2017-06-29T13:45:40.988822014Z: - [37mCONFIG_NET_NS[m: [32menabled[m
[STDERR  ] 2017-06-29T13:45:40.988830543Z: - [37mCONFIG_PID_NS[m: [32menabled[m
[STDERR  ] 2017-06-29T13:45:40.988845667Z: - [37mCONFIG_IPC_NS[m: [32menabled[m
[STDERR  ] 2017-06-29T13:45:40.988854499Z: - [37mCONFIG_UTS_NS[m: [32menabled[m
[STDERR  ] 2017-06-29T13:45:40.98885906Z: - [37mCONFIG_CGROUPS[m: [32menabled[m
[STDERR  ] 2017-06-29T13:45:40.98887366Z: - [37mCONFIG_CGROUP_CPUACCT[m: [32menabled[m
[STDERR  ] 2017-06-29T13:45:40.988887077Z: - [   34.127069] random: nonblocking pool is initialized
[STDERR  ] 2017-06-29T13:45:40.988895982Z: [37mCONFIG_CGROUP_DEVICE[m: [32menabled[m
[STDERR  ] 2017-06-29T13:45:40.988905017Z: - [37mCONFIG_CGROUP_FREEZER[m: [32menabled[m
[STDERR  ] 2017-06-29T13:45:40.988914299Z: - [37mCONFIG_CGROUP_SCHED[m: [32menabled[m
[STDERR  ] 2017-06-29T13:45:40.988923612Z: - [37mCONFIG_CPUSETS[m: [32menabled[m
[STDERR  ] 2017-06-29T13:45:40.988928354Z: - [37mCONFIG_MEMCG[m: [32menabled[m
[STDERR  ] 2017-06-29T13:45:40.988936837Z: - [37mCONFIG_KEYS[m: [32menabled[m
[STDERR  ] 2017-06-29T13:45:40.988954656Z: - [37mCONFIG_VETH[m: [32menabled[m
[STDERR  ] 2017-06-29T13:45:40.988964124Z: - [37mCONFIG_BRIDGE[m: [32menabled[m
[STDERR  ] 2017-06-29T13:45:40.988973573Z: - [37mCONFIG_BRIDGE_NETFILTER[m: [32menabled[m
[STDERR  ] 2017-06-29T13:45:40.988982732Z: - [37mCONFIG_NF_NAT_IPV4[m: [32menabled[m
[STDERR  ] 2017-06-29T13:45:40.988996753Z: - [37mCONFIG_IP_NF_FILTER[m: [32menabled[m
[STDERR  ] 2017-06-29T13:45:40.989005639Z: - [37mCONFIG_IP_NF_TARGET_MASQUERADE[m: [32menabled[m
[STDERR  ] 2017-06-29T13:45:40.989010389Z: - [37mCONFIG_NETFILTER_XT_MATCH_ADDRTYPE[m: [32menabled[m
[STDERR  ] 2017-06-29T13:45:40.989019089Z: - [37mCONFIG_NETFILTER_XT_MATCH_CONNTRACK[m: [32menabled[m
[STDERR  ] 2017-06-29T13:45:40.98903449Z: - [37mCONFIG_NETFILTER_XT_MATCH_IPVS[m: [32menabled[m
[STDERR  ] 2017-06-29T13:45:40.989039423Z: - [37mCONFIG_IP_NF_NAT[m: [32menabled[m
[STDERR  ] 2017-06-29T13:45:40.989048092Z: - [37mCONFIG_NF_NAT[m: [32menabled[m
[STDERR  ] 2017-06-29T13:45:40.989061968Z: - [37mCONFIG_NF_NAT_NEEDED[m: [32menabled[m
[STDERR  ] 2017-06-29T13:45:40.989071Z: - [37mCONFIG_POSIX_MQUEUE[m: [32menabled[m
[STDERR  ] 2017-06-29T13:45:40.98907972Z: - [37mCONFIG_DEVPTS_MULTIPLE_INSTANCES[m: [32menabled[m
[STDERR  ] 2017-06-29T13:45:40.989088213Z: 
[STDERR  ] 2017-06-29T13:45:40.989097326Z: Optional Features:
[STDERR  ] 2017-06-29T13:45:40.989106919Z: - [37mCONFIG_USER_NS[m: [32menabled[m
[STDERR  ] 2017-06-29T13:45:40.989119156Z: - [37mCONFIG_SECCOMP[m: [32menabled[m
[STDERR  ] 2017-06-29T13:45:40.989128696Z: - [37mCONFIG_CGROUP_PIDS[m: [32menabled[m
[STDERR  ] 2017-06-29T13:45:40.989140588Z: - [37mCONFIG_MEMCG_SWAP[m: [32menabled[m
[STDERR  ] 2017-06-29T13:45:40.989149593Z: - [37mCONFIG_MEMCG_SWAP_ENABLED[m: [32menabled[m
[STDERR  ] 2017-06-29T13:45:40.98915425Z:     [1;30m(cgroup swap accounting is currently enabled)[m
[STDERR  ] 2017-06-29T13:45:40.989167372Z: - [1mCONFIG_LEGACY_VSYSCALL_NONE[m: [1;31menabled[m
[STDERR  ] 2017-06-29T13:45:40.9891766Z:     [1;30m(containers using eglibc <= 2.13 will not work. Switch to[m
[STDERR  ] 2017-06-29T13:45:40.989181369Z:     [1;30m "CONFIG_VSYSCALL_[NATIVE|EMULATE]" or use "vsyscall=[native|emulate]"[m
[STDERR  ] 2017-06-29T13:45:40.989194308Z:     [1;30m on kernel command line. Note that this will disable ASLR for the,[m
[STDERR  ] 2017-06-29T13:45:40.989203174Z:     [1;30m VDSO which may assist in exploiting security vulnerabilities.)[m
[STDERR  ] 2017-06-29T13:45:40.989212334Z: - [37mCONFIG_MEMCG_KMEM[m: [32menabled[m
[STDERR  ] 2017-06-29T13:45:40.989228512Z: - [37mCONFIG_BLK_CGROUP[m: [32menabled[m
[STDERR  ] 2017-06-29T13:45:40.989238524Z: - [37mCONFIG_BLK_DEV_THROTTLING[m: [32menabled[m
[STDERR  ] 2017-06-29T13:45:40.989250365Z: - [37mCONFIG_IOSCHED_CFQ[m: [32menabled[m
[STDERR  ] 2017-06-29T13:45:40.989255195Z: - [37mCONFIG_CFQ_GROUP_IOSCHED[m: [32menabled[m
[STDERR  ] 2017-06-29T13:45:40.989268299Z: - [37mCONFIG_CGROUP_PERF[m: [32menabled[m
[STDERR  ] 2017-06-29T13:45:40.989276743Z: - [37mCONFIG_CGROUP_HUGETLB[m: [32menabled[m
[STDERR  ] 2017-06-29T13:45:40.989290747Z: - [37mCONFIG_NET_CLS_CGROUP[m: [32menabled[m
[STDERR  ] 2017-06-29T13:45:40.989296284Z: - [37mCONFIG_CGROUP_NET_PRIO[m: [32menabled[m
[STDERR  ] 2017-06-29T13:45:40.989301612Z: - [37mCONFIG_CFS_BANDWIDTH[m: [32menabled[m
[STDERR  ] 2017-06-29T13:45:40.989308084Z: - [37mCONFIG_FAIR_GROUP_SCHED[m: [32menabled[m
[STDERR  ] 2017-06-29T13:45:40.989316368Z: - [37mCONFIG_RT_GROUP_SCHED[m: [32menabled[m
[STDERR  ] 2017-06-29T13:45:40.989321695Z: - [37mCONFIG_IP_VS[m: [32menabled[m
[STDERR  ] 2017-06-29T13:45:40.989327045Z: - [37mCONFIG_IP_VS_NFCT[m: [32menabled[m
[STDERR  ] 2017-06-29T13:45:40.989332352Z: - [37mCONFIG_IP_VS_RR[m: [32menabled[m
[STDERR  ] 2017-06-29T13:45:40.989337761Z: - [37mCONFIG_EXT4_FS[m: [32menabled[m
[STDERR  ] 2017-06-29T13:45:40.989340514Z: - [37mCONFIG_EXT4_FS_POSIX_ACL[m: [32menabled[m
[STDERR  ] 2017-06-29T13:45:40.989345681Z: - [37mCONFIG_EXT4_FS_SECURITY[m: [32menabled[m
[STDERR  ] 2017-06-29T13:45:40.989355468Z: - Network Drivers:
[STDERR  ] 2017-06-29T13:45:40.989360899Z:   - "[34moverlay[m":
[STDERR  ] 2017-06-29T13:45:40.989366204Z:     - [37mCONFIG_VXLAN[m: [32menabled[m
[STDERR  ] 2017-06-29T13:45:40.989373109Z:       Optional (for encrypted networks):
[STDERR  ] 2017-06-29T13:45:40.989378385Z:       - [37mCONFIG_CRYPTO[m: [32menabled[m
[STDERR  ] 2017-06-29T13:45:40.989383659Z:       - [37mCONFIG_CRYPTO_AEAD[m: [32menabled[m
[STDERR  ] 2017-06-29T13:45:40.989388898Z:       - [37mCONFIG_CRYPTO_GCM[m: [32menabled[m
[STDERR  ] 2017-06-29T13:45:40.989391722Z:       - [37mCONFIG_CRYPTO_SEQIV[m: [32menabled[m
[STDERR  ] 2017-06-29T13:45:40.989396871Z:       - [37mCONFIG_CRYPTO_GHASH[m: [32menabled[m
[STDERR  ] 2017-06-29T13:45:40.989404794Z:       - [37mCONFIG_XFRM[m: [32menabled[m
[STDERR  ] 2017-06-29T13:45:40.989412767Z:       - [37mCONFIG_XFRM_USER[m: [32menabled (as module)[m
[STDERR  ] 2017-06-29T13:45:40.989418222Z:       - [37mCONFIG_XFRM_ALGO[m: [32menabled (as module)[m
[STDERR  ] 2017-06-29T13:45:40.989423488Z:       - [37mCONFIG_INET_ESP[m: [32menabled (as module)[m
[STDERR  ] 2017-06-29T13:45:40.989426291Z:       - [37mCONFIG_INET_XFRM_MODE_TRANSPORT[m: [32menabled (as module)[m
[STDERR  ] 2017-06-29T13:45:40.989434248Z:   - "[34mipvlan[m":
[STDERR  ] 2017-06-29T13:45:40.989444532Z:     - [37mCONFIG_IPVLAN[m: [32menabled[m
[STDERR  ] 2017-06-29T13:45:40.989447194Z:   - "[34mmacvlan[m":
[STDERR  ] 2017-06-29T13:45:40.989458049Z:     - [37mCONFIG_MACVLAN[m: [32menabled[m
[STDERR  ] 2017-06-29T13:45:40.989463671Z:     - [37mCONFIG_DUMMY[m: [32menabled (as module)[m
[STDERR  ] 2017-06-29T13:45:40.989471437Z:   - "[34mftp,tftp client in container[m":
[STDERR  ] 2017-06-29T13:45:40.989476882Z:     - [37mCONFIG_NF_NAT_FTP[m: [32menabled[m
[STDERR  ] 2017-06-29T13:45:40.989485527Z:     - [37mCONFIG_NF_CONNTRACK_FTP[m: [32menabled[m
[STDERR  ] 2017-06-29T13:45:40.989490997Z:     - [37mCONFIG_NF_NAT_TFTP[m: [32menabled[m
[STDERR  ] 2017-06-29T13:45:40.989496555Z:     - [37mCONFIG_NF_CONNTRACK_TFTP[m: [32menabled[m
[STDERR  ] 2017-06-29T13:45:40.989519182Z: - Storage Drivers:
[STDERR  ] 2017-06-29T13:45:40.989524637Z:   - "[34maufs[m":
[STDERR  ] 2017-06-29T13:45:40.989530095Z:     - [1mCONFIG_AUFS_FS[m: [1;31mmissing[m
[STDERR  ] 2017-06-29T13:45:40.989535531Z:   - "[34mbtrfs[m":
[STDERR  ] 2017-06-29T13:45:40.989540979Z:     - [37mCONFIG_BTRFS_FS[m: [32menabled (as module)[m
[STDERR  ] 2017-06-29T13:45:40.989550019Z:     - [37mCONFIG_BTRFS_FS_POSIX_ACL[m: [32menabled[m
[STDERR  ] 2017-06-29T13:45:40.989555635Z:   - "[34mdevicemapper[m":
[STDERR  ] 2017-06-29T13:45:40.989561088Z:     - [37mCONFIG_BLK_DEV_DM[m: [32menabled[m
[STDERR  ] 2017-06-29T13:45:40.989566609Z:     - [37mCONFIG_DM_THIN_PROVISIONING[m: [32menabled[m
[STDERR  ] 2017-06-29T13:45:40.989569402Z:   - "[34moverlay[m":
[STDERR  ] 2017-06-29T13:45:40.989574805Z:     - [37mCONFIG_OVERLAY_FS[m: [32menabled[m
[STDERR  ] 2017-06-29T13:45:40.989582989Z:   - "[34mzfs[m":
[STDERR  ] 2017-06-29T13:45:40.989590164Z:     - [1m/dev/zfs[m: [1;31mmissing[m
[STDERR  ] 2017-06-29T13:45:40.989595518Z:     - [1mzfs command[m: [1;31mmissing[m
[STDERR  ] 2017-06-29T13:45:40.989600869Z:     - [1mzpool command[m: [1;31mmissing[m
[STDERR  ] 2017-06-29T13:45:40.989609501Z: 
[STDERR  ] 2017-06-29T13:45:40.989615057Z: Limits:
[STDERR  ] 2017-06-29T13:45:40.989620524Z: [37m- /proc/sys/kernel/keys/root_maxkeys[m: [32m1000000[m
[STDERR  ] 2017-06-29T13:45:40.989625937Z: 
[STDERR  ] 2017-06-29T13:45:40.989631238Z: Kernel config test suite PASSED
[STDERR  ] 2017-06-29T13:45:40.989636542Z:  - 000-check-kernel-config
[STDERR  ] 2017-06-29T13:45:40.989641808Z: [   56.212300] ACPI: Preparing to enter system sleep state S5
[STDERR  ] 2017-06-29T13:45:40.989647112Z: [   56.215888] reboot: Power down
[STDERR  ] 2017-06-29T13:45:40.989649909Z: + grep -q suite PASSED
[STDERR  ] 2017-06-29T13:45:40.989655164Z: + echo [    0.000000] Initializing cgroup subsys cpuset
[STDERR  ] 2017-06-29T13:45:40.989663068Z: [    0.000000] Initializing cgroup subsys cpu
[STDERR  ] 2017-06-29T13:45:40.989668299Z: [    0.000000] Initializing cgroup subsys cpuacct
[STDERR  ] 2017-06-29T13:45:40.989675739Z: [    0.000000] Linux version 4.4.74-linuxkit (root@b147ce67977e) (gcc version 6.3.0 (Alpine 6.3.0) ) #1 SMP Tue Jun 27 15:11:59 UTC 2017
[STDERR  ] 2017-06-29T13:45:40.989681128Z: [    0.000000] Command line: console=ttyS0
[STDERR  ] 2017-06-29T13:45:40.989686374Z: [    0.000000] x86/fpu: Legacy x87 FPU detected.
[STDERR  ] 2017-06-29T13:45:40.989691681Z: [    0.000000] x86/fpu: Using 'lazy' FPU context switches.
[STDERR  ] 2017-06-29T13:45:40.989696951Z: [    0.000000] e820: BIOS-provided physical RAM map:
[STDERR  ] 2017-06-29T13:45:40.989699709Z: [    0.000000] BIOS-e820: [mem 0x0000000000000000-0x000000000009fbff] usable
[STDERR  ] 2017-06-29T13:45:40.989705027Z: [    0.000000] BIOS-e820: [mem 0x000000000009fc00-0x000000000009ffff] reserved
[STDERR  ] 2017-06-29T13:45:40.989716671Z: [    0.000000] BIOS-e820: [mem 0x00000000000f0000-0x00000000000fffff] reserved
[STDERR  ] 2017-06-29T13:45:40.989721964Z: [    0.000000] BIOS-e820: [mem 0x0000000000100000-0x000000003ffdefff] usable
[STDERR  ] 2017-06-29T13:45:40.989727258Z: [    0.000000] BIOS-e820: [mem 0x000000003ffdf000-0x000000003fffffff] reserved
[STDERR  ] 2017-06-29T13:45:40.989735279Z: [    0.000000] BIOS-e820: [mem 0x00000000b0000000-0x00000000bfffffff] reserved
[STDERR  ] 2017-06-29T13:45:40.989748642Z: [    0.000000] BIOS-e820: [mem 0x00000000fed1c000-0x00000000fed1ffff] reserved
[STDERR  ] 2017-06-29T13:45:40.989756005Z: [    0.000000] BIOS-e820: [mem 0x00000000fffc0000-0x00000000ffffffff] reserved
[STDERR  ] 2017-06-29T13:45:40.989764672Z: [    0.000000] NX (Execute Disable) protection: active
[STDERR  ] 2017-06-29T13:45:40.989772844Z: [    0.000000] SMBIOS 2.8 present.
[STDERR  ] 2017-06-29T13:45:40.989781598Z: [    0.000000] e820: last_pfn = 0x3ffdf max_arch_pfn = 0x400000000
[STDERR  ] 2017-06-29T13:45:40.989789175Z: [    0.000000] x86/PAT: Configuration [0-7]: WB  WC  UC- UC  WB  WC  UC- WT  
[STDERR  ] 2017-06-29T13:45:40.989798682Z: [    0.000000] found SMP MP-table at [mem 0x000f6aa0-0x000f6aaf] mapped at [ffff8800000f6aa0]
[STDERR  ] 2017-06-29T13:45:40.989812717Z: [    0.000000] RAMDISK: [mem 0x3d4e0000-0x3ffcffff]
[STDERR  ] 2017-06-29T13:45:40.989822005Z: [    0.000000] ACPI: Early table checksum verification disabled
[STDERR  ] 2017-06-29T13:45:40.989827067Z: [    0.000000] ACPI: RSDP 0x00000000000F68C0 000014 (v00 BOCHS )
[STDERR  ] 2017-06-29T13:45:40.9898405Z: [    0.000000] ACPI: RSDT 0x000000003FFE2404 000034 (v01 BOCHS  BXPCRSDT 00000001 BXPC 00000001)
[STDERR  ] 2017-06-29T13:45:40.989849338Z: [    0.000000] ACPI: FACP 0x000000003FFE22A4 000074 (v01 BOCHS  BXPCFACP 00000001 BXPC 00000001)
[STDERR  ] 2017-06-29T13:45:40.989854907Z: [    0.000000] ACPI: DSDT 0x000000003FFE0040 002264 (v01 BOCHS  BXPCDSDT 00000001 BXPC 00000001)
[STDERR  ] 2017-06-29T13:45:40.989860317Z: [    0.000000] ACPI: FACS 0x000000003FFE0000 000040
[STDERR  ] 2017-06-29T13:45:40.989865658Z: [    0.000000] ACPI: APIC 0x000000003FFE2318 000078 (v01 BOCHS  BXPCAPIC 00000001 BXPC 00000001)
[STDERR  ] 2017-06-29T13:45:40.989870978Z: [    0.000000] ACPI: HPET 0x000000003FFE2390 000038 (v01 BOCHS  BXPCHPET 00000001 BXPC 00000001)
[STDERR  ] 2017-06-29T13:45:40.989879877Z: [    0.000000] ACPI: MCFG 0x000000003FFE23C8 00003C (v01 BOCHS  BXPCMCFG 00000001 BXPC 00000001)
[STDERR  ] 2017-06-29T13:45:40.989887257Z: [    0.000000] Zone ranges:
[STDERR  ] 2017-06-29T13:45:40.989892607Z: [    0.000000]   DMA      [mem 0x0000000000001000-0x0000000000ffffff]
[STDERR  ] 2017-06-29T13:45:40.989914494Z: [    0.000000]   DMA32    [mem 0x0000000001000000-0x000000003ffdefff]
[STDERR  ] 2017-06-29T13:45:40.989923435Z: [    0.000000]   Normal   empty
[STDERR  ] 2017-06-29T13:45:40.989928966Z: [    0.000000] Movable zone start for each node
[STDERR  ] 2017-06-29T13:45:40.98993175Z: [    0.000000] Early memory node ranges
[STDERR  ] 2017-06-29T13:45:40.98993696Z: [    0.000000]   node   0: [mem 0x0000000000001000-0x000000000009efff]
[STDERR  ] 2017-06-29T13:45:40.989944986Z: [    0.000000]   node   0: [mem 0x0000000000100000-0x000000003ffdefff]
[STDERR  ] 2017-06-29T13:45:40.98995225Z: [    0.000000] Initmem setup node 0 [mem 0x0000000000001000-0x000000003ffdefff]
[STDERR  ] 2017-06-29T13:45:40.989957619Z: [    0.000000] ACPI: PM-Timer IO Port: 0x608
[STDERR  ] 2017-06-29T13:45:40.989962953Z: [    0.000000] ACPI: LAPIC_NMI (acpi_id[0xff] dfl dfl lint[0x1])
[STDERR  ] 2017-06-29T13:45:40.989968301Z: [    0.000000] IOAPIC[0]: apic_id 0, version 32, address 0xfec00000, GSI 0-23
[STDERR  ] 2017-06-29T13:45:40.989971071Z: [    0.000000] ACPI: INT_SRC_OVR (bus 0 bus_irq 0 global_irq 2 dfl dfl)
[STDERR  ] 2017-06-29T13:45:40.989978933Z: [    0.000000] ACPI: INT_SRC_OVR (bus 0 bus_irq 5 global_irq 5 high level)
[STDERR  ] 2017-06-29T13:45:40.989984271Z: [    0.000000] ACPI: INT_SRC_OVR (bus 0 bus_irq 9 global_irq 9 high level)
[STDERR  ] 2017-06-29T13:45:40.989991409Z: [    0.000000] ACPI: INT_SRC_OVR (bus 0 bus_irq 10 global_irq 10 high level)
[STDERR  ] 2017-06-29T13:45:40.989994143Z: [    0.000000] ACPI: INT_SRC_OVR (bus 0 bus_irq 11 global_irq 11 high level)
[STDERR  ] 2017-06-29T13:45:40.990002159Z: [    0.000000] Using ACPI (MADT) for SMP configuration information
[STDERR  ] 2017-06-29T13:45:40.990007477Z: [    0.000000] ACPI: HPET id: 0x8086a201 base: 0xfed00000
[STDERR  ] 2017-06-29T13:45:40.990012746Z: [    0.000000] smpboot: Allowing 1 CPUs, 0 hotplug CPUs
[STDERR  ] 2017-06-29T13:45:40.990015537Z: [    0.000000] e820: [mem 0x40000000-0xafffffff] available for PCI devices
[STDERR  ] 2017-06-29T13:45:40.990020694Z: [    0.000000] Booting paravirtualized kernel on bare hardware
[STDERR  ] 2017-06-29T13:45:40.990028927Z: [    0.000000] clocksource: refined-jiffies: mask: 0xffffffff max_cycles: 0xffffffff, max_idle_ns: 19112604462750000 ns
[STDERR  ] 2017-06-29T13:45:40.990034384Z: [    0.000000] setup_percpu: NR_CPUS:128 nr_cpumask_bits:128 nr_cpu_ids:1 nr_node_ids:1
[STDERR  ] 2017-06-29T13:45:40.990039737Z: [    0.000000] PERCPU: Embedded 33 pages/cpu @ffff88003d200000 s95832 r8192 d31144 u2097152
[STDERR  ] 2017-06-29T13:45:40.990045067Z: [    0.000000] Built 1 zonelists in Zone order, mobility grouping on.  Total pages: 257896
[STDERR  ] 2017-06-29T13:45:40.99005061Z: [    0.000000] Kernel command line: console=ttyS0
[STDERR  ] 2017-06-29T13:45:40.99005856Z: [    0.000000] PID hash table entries: 4096 (order: 3, 32768 bytes)
[STDERR  ] 2017-06-29T13:45:40.9900674Z: [    0.000000] Dentry cache hash table entries: 131072 (order: 8, 1048576 bytes)
[STDERR  ] 2017-06-29T13:45:40.99007301Z: [    0.000000] Inode-cache hash table entries: 65536 (order: 7, 524288 bytes)
[STDERR  ] 2017-06-29T13:45:40.990079029Z: [    0.000000] Memory: 970144K/1048052K available (7600K kernel code, 1237K rwdata, 2696K rodata, 1292K init, 684K bss, 77908K reserved, 0K cma-reserved)
[STDERR  ] 2017-06-29T13:45:40.990082317Z: [    0.000000] Hierarchical RCU implementation.
[STDERR  ] 2017-06-29T13:45:40.990090194Z: [    0.000000] 	Build-time adjustment of leaf fanout to 64.
[STDERR  ] 2017-06-29T13:45:40.990099961Z: [    0.000000] 	RCU restricting CPUs from NR_CPUS=128 to nr_cpu_ids=1.
[STDERR  ] 2017-06-29T13:45:40.9901095Z: [    0.000000] RCU: Adjusting geometry for rcu_fanout_leaf=64, nr_cpu_ids=1
[STDERR  ] 2017-06-29T13:45:40.99011522Z: [    0.000000] NR_IRQS:8448 nr_irqs:256 16
[STDERR  ] 2017-06-29T13:45:40.990123397Z: [    0.000000] Console: colour VGA+ 80x25
[STDERR  ] 2017-06-29T13:45:40.990128687Z: [    0.000000] console [ttyS0] enabled
[STDERR  ] 2017-06-29T13:45:40.990134363Z: [    0.000000] clocksource: hpet: mask: 0xffffffff max_cycles: 0xffffffff, max_idle_ns: 19112604467 ns
[STDERR  ] 2017-06-29T13:45:40.990139874Z: [    0.000000] tsc: Fast TSC calibration failed
[STDERR  ] 2017-06-29T13:45:40.990145211Z: [    0.000000] tsc: Unable to calibrate against PIT
[STDERR  ] 2017-06-29T13:45:40.99014798Z: [    0.000000] tsc: using HPET reference calibration
[STDERR  ] 2017-06-29T13:45:40.99015576Z: [    0.000000] tsc: Detected 2600.084 MHz processor
[STDERR  ] 2017-06-29T13:45:40.990161186Z: [    0.061171] Calibrating delay loop (skipped), value calculated using timer frequency.. 5200.16 BogoMIPS (lpj=26000840)
[STDERR  ] 2017-06-29T13:45:40.990163923Z: [    0.063060] pid_max: default: 32768 minimum: 301
[STDERR  ] 2017-06-29T13:45:40.990173843Z: [    0.063974] ACPI: Core revision 20150930
[STDERR  ] 2017-06-29T13:45:40.990178383Z: [    0.110597] ACPI: 1 ACPI AML tables successfully acquired and loaded
[STDERR  ] 2017-06-29T13:45:40.990190616Z: [    0.112890] Security Framework initialized
[STDERR  ] 2017-06-29T13:45:40.990196019Z: [    0.113388] Yama: becoming mindful.
[STDERR  ] 2017-06-29T13:45:40.990198706Z: [    0.116119] Mount-cache hash table entries: 2048 (order: 2, 16384 bytes)
[STDERR  ] 2017-06-29T13:45:40.990206739Z: [    0.116804] Mountpoint-cache hash table entries: 2048 (order: 2, 16384 bytes)
[STDERR  ] 2017-06-29T13:45:40.990212046Z: [    0.132700] Initializing cgroup subsys io
[STDERR  ] 2017-06-29T13:45:40.990217321Z: [    0.133663] Initializing cgroup subsys memory
[STDERR  ] 2017-06-29T13:45:40.990220127Z: [    0.134754] Initializing cgroup subsys devices
[STDERR  ] 2017-06-29T13:45:40.990228141Z: [    0.135308] Initializing cgroup subsys freezer
[STDERR  ] 2017-06-29T13:45:40.990233397Z: [    0.135906] Initializing cgroup subsys net_cls
[STDERR  ] 2017-06-29T13:45:40.990236086Z: [    0.136410] Initializing cgroup subsys perf_event
[STDERR  ] 2017-06-29T13:45:40.990244734Z: [    0.136965] Initializing cgroup subsys net_prio
[STDERR  ] 2017-06-29T13:45:40.990253509Z: [    0.137544] Initializing cgroup subsys hugetlb
[STDERR  ] 2017-06-29T13:45:40.990267191Z: [    0.138036] Initializing cgroup subsys pids
[STDERR  ] 2017-06-29T13:45:40.990277269Z: [    0.140969] Last level iTLB entries: 4KB 0, 2MB 0, 4MB 0
[STDERR  ] 2017-06-29T13:45:40.990287194Z: [    0.141479] Last level dTLB entries: 4KB 0, 2MB 0, 4MB 0, 1GB 0
[STDERR  ] 2017-06-29T13:45:40.990292336Z: [    0.403243] Freeing SMP alternatives memory: 20K (ffffffffb1e7a000 - ffffffffb1e7f000)
[STDERR  ] 2017-06-29T13:45:40.990315703Z: [    0.411748] ftrace: allocating 33308 entries in 131 pages
[STDERR  ] 2017-06-29T13:45:40.990320121Z: [    0.573060] ..TIMER: vector=0x30 apic1=0 pin1=2 apic2=-1 pin2=-1
[STDERR  ] 2017-06-29T13:45:40.990328486Z: [    0.680000] smpboot: CPU0: AMD QEMU Virtual CPU version 2.5+ (family: 0x6, model: 0x6, stepping: 0x3)
[STDERR  ] 2017-06-29T13:45:40.990341867Z: [    0.680000] Performance Events: Broken PMU hardware detected, using software events only.
[STDERR  ] 2017-06-29T13:45:40.990347616Z: [    0.680000] Failed to access perfctr msr (MSR c0010007 is 0)
[STDERR  ] 2017-06-29T13:45:40.990353066Z: [    0.685401] x86: Booted up 1 node, 1 CPUs
[STDERR  ] 2017-06-29T13:45:40.990358464Z: [    0.685927] smpboot: Total of 1 processors activated (5200.16 BogoMIPS)
[STDERR  ] 2017-06-29T13:45:40.990363873Z: [    0.694018] NMI watchdog: disabled (cpu0): hardware events not enabled
[STDERR  ] 2017-06-29T13:45:40.990369187Z: [    0.694547] NMI watchdog: Shutting down hard lockup detector on all cpus
[STDERR  ] 2017-06-29T13:45:40.990372023Z: [    0.704773] devtmpfs: initialized
[STDERR  ] 2017-06-29T13:45:40.990377279Z: [    0.775789] clocksource: jiffies: mask: 0xffffffff max_cycles: 0xffffffff, max_idle_ns: 19112604462750000 ns
[STDERR  ] 2017-06-29T13:45:40.990388423Z: [    0.776892] futex hash table entries: 256 (order: 2, 16384 bytes)
[STDERR  ] 2017-06-29T13:45:40.990393793Z: [    0.790151] NET: Registered protocol family 16
[STDERR  ] 2017-06-29T13:45:40.990399151Z: [    0.799251] cpuidle: using governor ladder
[STDERR  ] 2017-06-29T13:45:40.990404446Z: [    0.800080] cpuidle: using governor menu
[STDERR  ] 2017-06-29T13:45:40.990409776Z: [    0.801554] ACPI: bus type PCI registered
[STDERR  ] 2017-06-29T13:45:40.990415104Z: [    0.804569] PCI: MMCONFIG for domain 0000 [bus 00-ff] at [mem 0xb0000000-0xbfffffff] (base 0xb0000000)
[STDERR  ] 2017-06-29T13:45:40.990420506Z: [    0.805529] PCI: MMCONFIG at [mem 0xb0000000-0xbfffffff] reserved in E820
[STDERR  ] 2017-06-29T13:45:40.990423281Z: [    0.806990] PCI: Using configuration type 1 for base access
[STDERR  ] 2017-06-29T13:45:40.990428467Z: [    0.867934] ACPI: Added _OSI(Module Device)
[STDERR  ] 2017-06-29T13:45:40.990436311Z: [    0.868244] ACPI: Added _OSI(Processor Device)
[STDERR  ] 2017-06-29T13:45:40.990439061Z: [    0.868621] ACPI: Added _OSI(3.0 _SCP Extensions)
[STDERR  ] 2017-06-29T13:45:40.990449759Z: [    0.868938] ACPI: Added _OSI(Processor Aggregator Device)
[STDERR  ] 2017-06-29T13:45:40.990454253Z: [    0.948892] ACPI: Interpreter enabled
[STDERR  ] 2017-06-29T13:45:40.990463913Z: [    0.950130] ACPI: (supports S0 S5)
[STDERR  ] 2017-06-29T13:45:40.990469301Z: [    0.950466] ACPI: Using IOAPIC for interrupt routing
[STDERR  ] 2017-06-29T13:45:40.990474671Z: [    0.953258] PCI: Using host bridge windows from ACPI; if necessary, use "pci=nocrs" and report a bug
[STDERR  ] 2017-06-29T13:45:40.990477523Z: [    1.016941] ACPI: PCI Root Bridge [PCI0] (domain 0000 [bus 00-ff])
[STDERR  ] 2017-06-29T13:45:40.990485411Z: [    1.018179] acpi PNP0A08:00: _OSC: OS supports [ExtendedConfig ASPM ClockPM Segments MSI]
[STDERR  ] 2017-06-29T13:45:40.990490886Z: [    1.025264] acpi PNP0A08:00: _OSC: OS now controls [PCIeHotplug PME PCIeCapability]
[STDERR  ] 2017-06-29T13:45:40.990498764Z: [    1.029091] PCI host bridge to bus 0000:00
[STDERR  ] 2017-06-29T13:45:40.990504101Z: [    1.029632] pci_bus 0000:00: root bus resource [io  0x0000-0x0cf7 window]
[STDERR  ] 2017-06-29T13:45:40.990511117Z: [    1.030155] pci_bus 0000:00: root bus resource [io  0x0d00-0xffff window]
[STDERR  ] 2017-06-29T13:45:40.990516446Z: [    1.030652] pci_bus 0000:00: root bus resource [mem 0x000a0000-0x000bffff window]
[STDERR  ] 2017-06-29T13:45:40.990523081Z: [    1.031092] pci_bus 0000:00: root bus resource [mem 0xc0000000-0xfebfffff window]
[STDERR  ] 2017-06-29T13:45:40.990529024Z: [    1.031738] pci_bus 0000:00: root bus resource [bus 00-ff]
[STDERR  ] 2017-06-29T13:45:40.990537589Z: [    1.128253] pci 0000:00:1f.0: quirk: [io  0x0600-0x067f] claimed by ICH6 ACPI/GPIO/TCO
[STDERR  ] 2017-06-29T13:45:40.990541979Z: [    1.186630] ACPI: PCI Interrupt Link [LNKA] (IRQs 5 *10 11)
[STDERR  ] 2017-06-29T13:45:40.990557893Z: [    1.189609] ACPI: PCI Interrupt Link [LNKB] (IRQs 5 *10 11)
[STDERR  ] 2017-06-29T13:45:40.990568103Z: [    1.191890] ACPI: PCI Interrupt Link [LNKC] (IRQs 5 10 *11)
[STDERR  ] 2017-06-29T13:45:40.990582446Z: [    1.193862] ACPI: PCI Interrupt Link [LNKD] (IRQs 5 10 *11)
[STDERR  ] 2017-06-29T13:45:40.990592808Z: [    1.196533] ACPI: PCI Interrupt Link [LNKE] (IRQs 5 *10 11)
[STDERR  ] 2017-06-29T13:45:40.990601931Z: [    1.198410] ACPI: PCI Interrupt Link [LNKF] (IRQs 5 *10 11)
[STDERR  ] 2017-06-29T13:45:40.990610308Z: [    1.201235] ACPI: PCI Interrupt Link [LNKG] (IRQs 5 10 *11)
[STDERR  ] 2017-06-29T13:45:40.990621302Z: [    1.203105] ACPI: PCI Interrupt Link [LNKH] (IRQs 5 10 *11)
[STDERR  ] 2017-06-29T13:45:40.990629785Z: [    1.204062] ACPI: PCI Interrupt Link [GSIA] (IRQs *16)
[STDERR  ] 2017-06-29T13:45:40.990637652Z: [    1.204842] ACPI: PCI Interrupt Link [GSIB] (IRQs *17)
[STDERR  ] 2017-06-29T13:45:40.990651061Z: [    1.205640] ACPI: PCI Interrupt Link [GSIC] (IRQs *18)
[STDERR  ] 2017-06-29T13:45:40.990663856Z: [    1.206396] ACPI: PCI Interrupt Link [GSID] (IRQs *19)
[STDERR  ] 2017-06-29T13:45:40.990672612Z: [    1.207148] ACPI: PCI Interrupt Link [GSIE] (IRQs *20)
[STDERR  ] 2017-06-29T13:45:40.990681001Z: [    1.207904] ACPI: PCI Interrupt Link [GSIF] (IRQs *21)
[STDERR  ] 2017-06-29T13:45:40.990688993Z: [    1.208647] ACPI: PCI Interrupt Link [GSIG] (IRQs *22)
[STDERR  ] 2017-06-29T13:45:40.990696633Z: [    1.209431] ACPI: PCI Interrupt Link [GSIH] (IRQs *23)
[STDERR  ] 2017-06-29T13:45:40.990708158Z: [    1.213714] ACPI: Enabled 2 GPEs in block 00 to 3F
[STDERR  ] 2017-06-29T13:45:40.990716458Z: [    1.217832] SCSI subsystem initialized
[STDERR  ] 2017-06-29T13:45:40.990724398Z: [    1.219805] ACPI: bus type USB registered
[STDERR  ] 2017-06-29T13:45:40.990732582Z: [    1.221381] usbcore: registered new interface driver usbfs
[STDERR  ] 2017-06-29T13:45:40.990736573Z: [    1.222382] usbcore: registered new interface driver hub
[STDERR  ] 2017-06-29T13:45:40.99075336Z: [    1.223292] usbcore: registered new device driver usb
[STDERR  ] 2017-06-29T13:45:40.990765526Z: [    1.224589] pps_core: LinuxPPS API ver. 1 registered
[STDERR  ] 2017-06-29T13:45:40.990769686Z: [    1.224939] pps_core: Software ver. 5.3.6 - Copyright 2005-2007 Rodolfo Giometti <giometti@linux.it>
[STDERR  ] 2017-06-29T13:45:40.99078308Z: [    1.225794] PTP clock support registered
[STDERR  ] 2017-06-29T13:45:40.990787996Z: [    1.227193] wmi: Mapper loaded
[STDERR  ] 2017-06-29T13:45:40.990801923Z: [    1.228779] PCI: Using ACPI for IRQ routing
[STDERR  ] 2017-06-29T13:45:40.990811391Z: [    1.248066] NetLabel: Initializing
[STDERR  ] 2017-06-29T13:45:40.990816666Z: [    1.248335] NetLabel:  domain hash size = 128
[STDERR  ] 2017-06-29T13:45:40.990830496Z: [    1.248775] NetLabel:  protocols = UNLABELED CIPSOv4
[STDERR  ] 2017-06-29T13:45:40.990839713Z: [    1.251606] NetLabel:  unlabeled traffic allowed by default
[STDERR  ] 2017-06-29T13:45:40.990843752Z: [    1.252917] HPET: 3 timers in total, 0 timers will be used for per-cpu timer
[STDERR  ] 2017-06-29T13:45:40.990857356Z: [    1.253750] hpet0: at MMIO 0xfed00000, IRQs 2, 8, 0
[STDERR  ] 2017-06-29T13:45:40.9908674Z: [    1.254285] hpet0: 3 comparators, 64-bit 100.000000 MHz counter
[STDERR  ] 2017-06-29T13:45:40.990886576Z: [    1.260973] amd_nb: Cannot enumerate AMD northbridges
[STDERR  ] 2017-06-29T13:45:40.990891178Z: [    1.262164] clocksource: Switched to clocksource hpet
[STDERR  ] 2017-06-29T13:45:40.99090766Z: [    1.513768] FS-Cache: Loaded
[STDERR  ] 2017-06-29T13:45:40.990917391Z: [    1.520160] CacheFiles: Loaded
[STDERR  ] 2017-06-29T13:45:40.990922128Z: [    1.523605] pnp: PnP ACPI init
[STDERR  ] 2017-06-29T13:45:40.990940996Z: [    1.536345] pnp: PnP ACPI: found 5 devices
[STDERR  ] 2017-06-29T13:45:40.990950248Z: [    1.586170] clocksource: acpi_pm: mask: 0xffffff max_cycles: 0xffffff, max_idle_ns: 2085701024 ns
[STDERR  ] 2017-06-29T13:45:40.990957113Z: [    1.589323] NET: Registered protocol family 2
[STDERR  ] 2017-06-29T13:45:40.990967001Z: [    1.596977] TCP established hash table entries: 8192 (order: 4, 65536 bytes)
[STDERR  ] 2017-06-29T13:45:40.990975581Z: [    1.597580] TCP bind hash table entries: 8192 (order: 5, 131072 bytes)
[STDERR  ] 2017-06-29T13:45:40.99099202Z: [    1.598333] TCP: Hash tables configured (established 8192 bind 8192)
[STDERR  ] 2017-06-29T13:45:40.991002708Z: [    1.600531] UDP hash table entries: 512 (order: 2, 16384 bytes)
[STDERR  ] 2017-06-29T13:45:40.991012133Z: [    1.601172] UDP-Lite hash table entries: 512 (order: 2, 16384 bytes)
[STDERR  ] 2017-06-29T13:45:40.991024071Z: [    1.603585] NET: Registered protocol family 1
[STDERR  ] 2017-06-29T13:45:40.991029496Z: [    1.610696] Unpacking initramfs...
[STDERR  ] 2017-06-29T13:45:40.991034843Z: [   12.123375] Freeing initrd memory: 43968K (ffff88003d4e0000 - ffff88003ffd0000)
[STDERR  ] 2017-06-29T13:45:40.991040223Z: [   12.151547] PCLMULQDQ-NI instructions are not detected.
[STDERR  ] 2017-06-29T13:45:40.991045596Z: [   12.153446] AVX or AES-NI instructions are not detected.
[STDERR  ] 2017-06-29T13:45:40.991054301Z: [   12.154031] CPU feature 'AVX registers' is not supported.
[STDERR  ] 2017-06-29T13:45:40.991059676Z: [   12.154424] CPU feature 'AVX registers' is not supported.
[STDERR  ] 2017-06-29T13:45:40.991064993Z: [   12.154915] CPU feature 'AVX registers' is not supported.
[STDERR  ] 2017-06-29T13:45:40.991070316Z: [   12.155391] CPU feature 'AVX registers' is not supported.
[STDERR  ] 2017-06-29T13:45:40.991074746Z: [   12.155891] AVX2 or AES-NI instructions are not detected.
[STDERR  ] 2017-06-29T13:45:40.991082636Z: [   12.156386] AVX2 instructions are not detected.
[STDERR  ] 2017-06-29T13:45:40.991087946Z: [   12.164023] audit: initializing netlink subsys (disabled)
[STDERR  ] 2017-06-29T13:45:40.991090676Z: [   12.165780] audit: type=2000 audit(1498743895.160:1): initialized
[STDERR  ] 2017-06-29T13:45:40.991098688Z: [   12.173765] HugeTLB registered 2 MB page size, pre-allocated 0 pages
[STDERR  ] 2017-06-29T13:45:40.991101481Z: [   12.177563] VFS: Disk quotas dquot_6.6.0
[STDERR  ] 2017-06-29T13:45:40.991110951Z: [   12.178365] VFS: Dquot-cache hash table entries: 512 (order 0, 4096 bytes)
[STDERR  ] 2017-06-29T13:45:40.991113703Z: [   12.184965] FS-Cache: Netfs 'cifs' registered for caching
[STDERR  ] 2017-06-29T13:45:40.991123743Z: [   12.186042] fuse init (API version 7.23)
[STDERR  ] 2017-06-29T13:45:40.991126571Z: [   12.189566] SGI XFS with ACLs, security attributes, no debug enabled
[STDERR  ] 2017-06-29T13:45:40.99113437Z: [   12.193074] 9p: Installing v9fs 9p2000 file system support
[STDERR  ] 2017-06-29T13:45:40.991137103Z: [   12.193668] FS-Cache: Netfs '9p' registered for caching
[STDERR  ] 2017-06-29T13:45:40.991145123Z: [   12.195485] Key type big_key registered
[STDERR  ] 2017-06-29T13:45:40.991147903Z: [   12.235799] NET: Registered protocol family 38
[STDERR  ] 2017-06-29T13:45:40.991153073Z: [   12.236426] Key type asymmetric registered
[STDERR  ] 2017-06-29T13:45:40.991160993Z: [   12.236678] Asymmetric key parser 'x509' registered
[STDERR  ] 2017-06-29T13:45:40.99116378Z: [   12.238064] Block layer SCSI generic (bsg) driver version 0.4 loaded (major 251)
[STDERR  ] 2017-06-29T13:45:40.991173221Z: [   12.239856] io scheduler noop registered
[STDERR  ] 2017-06-29T13:45:40.991178618Z: [   12.240140] io scheduler deadline registered (default)
[STDERR  ] 2017-06-29T13:45:40.991181346Z: [   12.240206] io scheduler cfq registered
[STDERR  ] 2017-06-29T13:45:40.991190711Z: [   12.240206] pci_hotplug: PCI Hot Plug PCI Core version: 0.5
[STDERR  ] 2017-06-29T13:45:40.991195963Z: [   12.240206] pciehp: PCI Express Hot Plug Controller Driver version: 0.4
[STDERR  ] 2017-06-29T13:45:40.991201268Z: [   12.240206] shpchp: Standard Hot Plug PCI Controller Driver version: 0.4
[STDERR  ] 2017-06-29T13:45:40.99120925Z: [   12.240206] hv_vmbus: registering driver hyperv_fb
[STDERR  ] 2017-06-29T13:45:40.991212066Z: [   12.267845] input: Power Button as /devices/LNXSYSTM:00/LNXPWRBN:00/input/input0
[STDERR  ] 2017-06-29T13:45:40.991221557Z: [   12.269413] ACPI: Power Button [PWRF]
[STDERR  ] 2017-06-29T13:45:40.991224235Z: [   12.281047] GHES: HEST is not enabled!
[STDERR  ] 2017-06-29T13:45:40.991232195Z: [   12.293850] ACPI: PCI Interrupt Link [GSIH] enabled at IRQ 23
[STDERR  ] 2017-06-29T13:45:40.991241466Z: [   12.300730] xenfs: not registering filesystem on non-xen platform
[STDERR  ] 2017-06-29T13:45:40.99124545Z: [   12.303069] Serial: 8250/16550 driver, 4 ports, IRQ sharing disabled
[STDERR  ] 2017-06-29T13:45:40.99125517Z: [   12.328498] 00:04: ttyS0 at I/O 0x3f8 (irq = 4, base_baud = 115200) is a 16550A
[STDERR  ] 2017-06-29T13:45:40.991263202Z: [   12.341723] Non-volatile memory driver v1.3
[STDERR  ] 2017-06-29T13:45:40.991268715Z: [   12.350330] Hangcheck: starting hangcheck timer 0.9.1 (tick is 180 seconds, margin is 60 seconds).
[STDERR  ] 2017-06-29T13:45:40.991274087Z: [   12.389828] loop: module loaded
[STDERR  ] 2017-06-29T13:45:40.991276772Z: [   12.403621] nbd: registered device at major 43
[STDERR  ] 2017-06-29T13:45:40.991284797Z: [   12.447196] lpc_ich 0000:00:1f.0: I/O space for GPIO uninitialized
[STDERR  ] 2017-06-29T13:45:40.991290597Z: [   12.449625] VMware PVSCSI driver - version 1.0.5.0-k
[STDERR  ] 2017-06-29T13:45:40.991296012Z: [   12.451028] hv_vmbus: registering driver hv_storvsc
[STDERR  ] 2017-06-29T13:45:40.991304012Z: [   12.461315] ACPI: PCI Interrupt Link [GSIA] enabled at IRQ 16
[STDERR  ] 2017-06-29T13:45:40.991309399Z: [   12.467119] ahci 0000:00:1f.2: AHCI 0001.0000 32 slots 6 ports 1.5 Gbps 0x3f impl SATA mode
[STDERR  ] 2017-06-29T13:45:40.991314739Z: [   12.467889] ahci 0000:00:1f.2: flags: 64bit ncq only 
[STDERR  ] 2017-06-29T13:45:40.991317526Z: [   12.487919] scsi host0: ahci
[STDERR  ] 2017-06-29T13:45:40.991325357Z: [   12.492902] scsi host1: ahci
[STDERR  ] 2017-06-29T13:45:40.991330625Z: [   12.495454] scsi host2: ahci
[STDERR  ] 2017-06-29T13:45:40.991335943Z: [   12.497882] scsi host3: ahci
[STDERR  ] 2017-06-29T13:45:40.991341133Z: [   12.500809] scsi host4: ahci
[STDERR  ] 2017-06-29T13:45:40.991346427Z: [   12.503931] scsi host5: ahci
[STDERR  ] 2017-06-29T13:45:40.99135176Z: [   12.505865] ata1: SATA max UDMA/133 abar m4096@0xfebf1000 port 0xfebf1100 irq 24
[STDERR  ] 2017-06-29T13:45:40.991354539Z: [   12.506403] ata2: SATA max UDMA/133 abar m4096@0xfebf1000 port 0xfebf1180 irq 24
[STDERR  ] 2017-06-29T13:45:40.991362549Z: [   12.506944] ata3: SATA max UDMA/133 abar m4096@0xfebf1000 port 0xfebf1200 irq 24
[STDERR  ] 2017-06-29T13:45:40.991367817Z: [   12.507466] ata4: SATA max UDMA/133 abar m4096@0xfebf1000 port 0xfebf1280 irq 24
[STDERR  ] 2017-06-29T13:45:40.991373109Z: [   12.508003] ata5: SATA max UDMA/133 abar m4096@0xfebf1000 port 0xfebf1300 irq 24
[STDERR  ] 2017-06-29T13:45:40.991382786Z: [   12.508527] ata6: SATA max UDMA/133 abar m4096@0xfebf1000 port 0xfebf1380 irq 24
[STDERR  ] 2017-06-29T13:45:40.991388053Z: [   12.520966] tun: Universal TUN/TAP device driver, 1.6
[STDERR  ] 2017-06-29T13:45:40.991390866Z: [   12.521395] tun: (C) 1999-2004 Max Krasnyansky <maxk@qualcomm.com>
[STDERR  ] 2017-06-29T13:45:40.99139872Z: [   12.524024] VMware vmxnet3 virtual NIC driver - version 1.4.5.0-k-NAPI
[STDERR  ] 2017-06-29T13:45:40.991403972Z: [   12.525042] hv_vmbus: registering driver hv_netvsc
[STDERR  ] 2017-06-29T13:45:40.991410973Z: [   12.525315] Fusion MPT base driver 3.04.20
[STDERR  ] 2017-06-29T13:45:40.991415315Z: [   12.525741] Copyright (c) 1999-2008 LSI Corporation
[STDERR  ] 2017-06-29T13:45:40.991430602Z: [   12.526471] Fusion MPT SPI Host driver 3.04.20
[STDERR  ] 2017-06-29T13:45:40.991440062Z: [   12.529124] i8042: PNP: PS/2 Controller [PNP0303:KBD,PNP0f13:MOU] at 0x60,0x64 irq 1,12
[STDERR  ] 2017-06-29T13:45:40.991449632Z: [   12.534895] serio: i8042 KBD port at 0x60,0x64 irq 1
[STDERR  ] 2017-06-29T13:45:40.991458973Z: [   12.535696] serio: i8042 AUX port at 0x60,0x64 irq 12
[STDERR  ] 2017-06-29T13:45:40.991468579Z: [   12.538997] hv_vmbus: registering driver hyperv_keyboard
[STDERR  ] 2017-06-29T13:45:40.991473326Z: [   12.542011] mousedev: PS/2 mouse device common for all mice
[STDERR  ] 2017-06-29T13:45:40.99148222Z: [   12.547181] input: AT Translated Set 2 keyboard as /devices/platform/i8042/serio0/input/input1
[STDERR  ] 2017-06-29T13:45:40.991492786Z: [   12.551863] input: PC Speaker as /devices/platform/pcspkr/input/input2
[STDERR  ] 2017-06-29T13:45:40.991501549Z: [   12.555834] rtc_cmos 00:00: RTC can wake from S4
[STDERR  ] 2017-06-29T13:45:40.9915104Z: [   12.561469] rtc_cmos 00:00: rtc core: registered rtc_cmos as rtc0
[STDERR  ] 2017-06-29T13:45:40.9915159Z: [   12.562893] rtc_cmos 00:00: alarms up to one day, y3k, 114 bytes nvram, hpet irqs
[STDERR  ] 2017-06-29T13:45:40.991521348Z: [   12.563751] i2c /dev entries driver
[STDERR  ] 2017-06-29T13:45:40.991526732Z: [   12.566278] device-mapper: ioctl: 4.34.0-ioctl (2015-10-28) initialised: dm-devel@redhat.com
[STDERR  ] 2017-06-29T13:45:40.991532102Z: [   12.573602] usbcore: registered new interface driver usbhid
[STDERR  ] 2017-06-29T13:45:40.991539023Z: [   12.574166] usbhid: USB HID core driver
[STDERR  ] 2017-06-29T13:45:40.991544328Z: [   12.575100] hv_utils: Registering HyperV Utility Driver
[STDERR  ] 2017-06-29T13:45:40.991550078Z: [   12.575426] hv_vmbus: registering driver hv_util
[STDERR  ] 2017-06-29T13:45:40.991558168Z: [   12.575786] hv_vmbus: registering driver hv_balloon
[STDERR  ] 2017-06-29T13:45:40.991563479Z: [   12.576459] oprofile: using NMI interrupt.
[STDERR  ] 2017-06-29T13:45:40.991573132Z: [   12.578065] GACT probability on
[STDERR  ] 2017-06-29T13:45:40.991580178Z: [   12.579090] Mirror/redirect action on
[STDERR  ] 2017-06-29T13:45:40.99158283Z: [   12.579753] Simple TC action Loaded
[STDERR  ] 2017-06-29T13:45:40.991590779Z: [   12.580202] u32 classifier
[STDERR  ] 2017-06-29T13:45:40.991598303Z: [   12.580864]     Performance counters on
[STDERR  ] 2017-06-29T13:45:40.991603699Z: [   12.581096]     input device check on
[STDERR  ] 2017-06-29T13:45:40.991606469Z: [   12.581306]     Actions configured
[STDERR  ] 2017-06-29T13:45:40.991611623Z: [   12.582448] Netfilter messages via NETLINK v0.30.
[STDERR  ] 2017-06-29T13:45:40.991624095Z: [   12.583025] nfnl_acct: registering with nfnetlink.
[STDERR  ] 2017-06-29T13:45:40.99162956Z: [   12.584075] nf_conntrack version 0.5.0 (7922 buckets, 31688 max)
[STDERR  ] 2017-06-29T13:45:40.991634902Z: [   12.587608] ctnetlink v0.93: registering with nfnetlink.
[STDERR  ] 2017-06-29T13:45:40.991637726Z: [   12.591372] nf_tables: (c) 2007-2009 Patrick McHardy <kaber@trash.net>
[STDERR  ] 2017-06-29T13:45:40.991643035Z: [   12.592460] nf_tables_compat: (c) 2012 Pablo Neira Ayuso <pablo@netfilter.org>
[STDERR  ] 2017-06-29T13:45:40.991651003Z: [   12.595991] xt_time: kernel timezone is -0000
[STDERR  ] 2017-06-29T13:45:40.991656262Z: [   12.596709] ip_set: protocol 6
[STDERR  ] 2017-06-29T13:45:40.99165909Z: [   12.597549] IPVS: Registered protocols (TCP, UDP, SCTP, AH, ESP)
[STDERR  ] 2017-06-29T13:45:40.991664303Z: [   12.598270] IPVS: Connection hash table configured (size=4096, memory=64Kbytes)
[STDERR  ] 2017-06-29T13:45:40.991674748Z: [   12.600090] IPVS: Creating netns size=2096 id=0
[STDERR  ] 2017-06-29T13:45:40.991680113Z: [   12.601318] IPVS: ipvs loaded.
[STDERR  ] 2017-06-29T13:45:40.991685468Z: [   12.601711] IPVS: [rr] scheduler registered.
[STDERR  ] 2017-06-29T13:45:40.991690712Z: [   12.602082] IPVS: [wrr] scheduler registered.
[STDERR  ] 2017-06-29T13:45:40.991695989Z: [   12.602513] IPVS: [lc] scheduler registered.
[STDERR  ] 2017-06-29T13:45:40.99264082Z: [   12.602893] IPVS: [wlc] scheduler registered.
[STDERR  ] 2017-06-29T13:45:40.992657144Z: [   12.603280] IPVS: [fo] scheduler registered.
[STDERR  ] 2017-06-29T13:45:40.992666144Z: [   12.603611] IPVS: [ovf] scheduler registered.
[STDERR  ] 2017-06-29T13:45:40.992675503Z: [   12.604148] IPVS: [lblc] scheduler registered.
[STDERR  ] 2017-06-29T13:45:40.992684901Z: [   12.604693] IPVS: [lblcr] scheduler registered.
[STDERR  ] 2017-06-29T13:45:40.992700271Z: [   12.605067] IPVS: [dh] scheduler registered.
[STDERR  ] 2017-06-29T13:45:40.99270968Z: [   12.605448] IPVS: [sh] scheduler registered.
[STDERR  ] 2017-06-29T13:45:40.992718849Z: [   12.605824] IPVS: [sed] scheduler registered.
[STDERR  ] 2017-06-29T13:45:40.992729911Z: [   12.606178] IPVS: [nq] scheduler registered.
[STDERR  ] 2017-06-29T13:45:40.992754246Z: [   12.606977] IPVS: ftp: loaded support on port[0] = 21
[STDERR  ] 2017-06-29T13:45:40.992765931Z: [   12.607827] ipip: IPv4 over IPv4 tunneling driver
[STDERR  ] 2017-06-29T13:45:40.992770844Z: [   12.612478] gre: GRE over IPv4 demultiplexor driver
[STDERR  ] 2017-06-29T13:45:40.992779946Z: [   12.615224] ip_tables: (C) 2000-2006 Netfilter Core Team
[STDERR  ] 2017-06-29T13:45:40.992796157Z: [   12.618107] ipt_CLUSTERIP: ClusterIP Version 0.8 loaded successfully
[STDERR  ] 2017-06-29T13:45:40.992805539Z: [   12.618885] arp_tables: (C) 2002 David S. Miller
[STDERR  ] 2017-06-29T13:45:40.992814733Z: [   12.621517] NET: Registered protocol family 10
[STDERR  ] 2017-06-29T13:45:40.992823937Z: [   12.630034] ip6_tables: (C) 2000-2006 Netfilter Core Team
[STDERR  ] 2017-06-29T13:45:40.992832901Z: [   12.636633] NET: Registered protocol family 17
[STDERR  ] 2017-06-29T13:45:40.992848326Z: [   12.638193] bridge: automatic filtering via arp/ip/ip6tables has been deprecated. Update your scripts to load br_netfilter if you need this.
[STDERR  ] 2017-06-29T13:45:40.992858007Z: [   12.638823] Bridge firewalling registered
[STDERR  ] 2017-06-29T13:45:40.99286717Z: [   12.639443] Ebtables v2.0 registered
[STDERR  ] 2017-06-29T13:45:40.992876443Z: [   12.640650] 8021q: 802.1Q VLAN Support v1.8
[STDERR  ] 2017-06-29T13:45:40.992883331Z: [   12.640650] 9pnet: Installing 9P2000 support
[STDERR  ] 2017-06-29T13:45:40.992897021Z: [   12.640650] Key type dns_resolver registered
[STDERR  ] 2017-06-29T13:45:40.992901705Z: [   12.640650] hv_sock: failed to load: VMBus 4 or later is required
[STDERR  ] 2017-06-29T13:45:40.992917901Z: [   12.640650] microcode: AMD CPU family 0x6 not supported
[STDERR  ] 2017-06-29T13:45:40.992923089Z: [   12.654787] registered taskstats version 1
[STDERR  ] 2017-06-29T13:45:40.992936689Z: [   12.819817] Key type encrypted registered
[STDERR  ] 2017-06-29T13:45:40.99294132Z: [   12.827908] rtc_cmos 00:00: setting system clock to 2017-06-29 13:44:56 UTC (1498743896)
[STDERR  ] 2017-06-29T13:45:40.992957621Z: [   12.861442] ata1: SATA link down (SStatus 0 SControl 300)
[STDERR  ] 2017-06-29T13:45:40.992962459Z: [   12.864577] ata2: SATA link down (SStatus 0 SControl 300)
[STDERR  ] 2017-06-29T13:45:40.992971446Z: [   12.865619] ata3: SATA link up 1.5 Gbps (SStatus 113 SControl 300)
[STDERR  ] 2017-06-29T13:45:40.992985231Z: [   12.869439] ata3.00: ATAPI: QEMU DVD-ROM, 2.5+, max UDMA/100
[STDERR  ] 2017-06-29T13:45:40.992994726Z: [   12.869967] ata3.00: applying bridge limits
[STDERR  ] 2017-06-29T13:45:40.993008237Z: [   12.872119] ata4: SATA link down (SStatus 0 SControl 300)
[STDERR  ] 2017-06-29T13:45:40.993017036Z: [   12.872848] ata5: SATA link down (SStatus 0 SControl 300)
[STDERR  ] 2017-06-29T13:45:40.993026105Z: [   12.873402] ata6: SATA link down (SStatus 0 SControl 300)
[STDERR  ] 2017-06-29T13:45:40.993035262Z: [   12.874795] ata3.00: configured for UDMA/100
[STDERR  ] 2017-06-29T13:45:40.993044883Z: [   12.887485] scsi 2:0:0:0: CD-ROM            QEMU     QEMU DVD-ROM     2.5+ PQ: 0 ANSI: 5
[STDERR  ] 2017-06-29T13:45:40.993054256Z: [   12.903335] sr 2:0:0:0: [sr0] scsi3-mmc drive: 4x/4x cd/rw xa/form2 tray
[STDERR  ] 2017-06-29T13:45:40.993063832Z: [   12.904112] cdrom: Uniform CD-ROM driver Revision: 3.20
[STDERR  ] 2017-06-29T13:45:40.993073327Z: [   12.912133] sr 2:0:0:0: Attached scsi generic sg0 type 5
[STDERR  ] 2017-06-29T13:45:40.99308063Z: [   13.041421] Freeing unused kernel memory: 1292K (ffffffffb1d37000 - ffffffffb1e7a000)
[STDERR  ] 2017-06-29T13:45:40.993089815Z: [   13.042069] Write protecting the kernel read-only data: 12288k
[STDERR  ] 2017-06-29T13:45:40.993112859Z: [   13.053887] Freeing unused kernel memory: 580K (ffff88003176f000 - ffff880031800000)
[STDERR  ] 2017-06-29T13:45:40.99312232Z: [   13.206395] Freeing unused kernel memory: 1400K (ffff880031aa2000 - ffff880031c00000)
[STDERR  ] 2017-06-29T13:45:40.993132107Z: [   13.207480] tsc: Refined TSC clocksource calibration: 2600.004 MHz
[STDERR  ] 2017-06-29T13:45:40.993137045Z: [   13.207960] clocksource: tsc: mask: 0xffffffffffffffff max_cycles: 0x257a3ff7d60, max_idle_ns: 440795222870 ns
[STDERR  ] 2017-06-29T13:45:40.993152063Z: [   14.211607] clocksource: Switched to clocksource tsc
[STDERR  ] 2017-06-29T13:45:40.993166275Z: [   22.406956] e1000: Intel(R) PRO/1000 Network Driver - version 7.3.21-k8-NAPI
[STDERR  ] 2017-06-29T13:45:40.993175537Z: [   22.407530] e1000: Copyright (c) 1999-2006 Intel Corporation.
[STDERR  ] 2017-06-29T13:45:40.993184782Z: [   22.439073] ACPI: PCI Interrupt Link [GSIG] enabled at IRQ 22
[STDERR  ] 2017-06-29T13:45:40.9931894Z: [   22.783677] e1000 0000:00:02.0 eth0: (PCI:33MHz:32-bit) 52:54:00:12:34:56
[STDERR  ] 2017-06-29T13:45:40.993203607Z: [   22.784597] e1000 0000:00:02.0 eth0: Intel(R) PRO/1000 Network Connection
[STDERR  ] 2017-06-29T13:45:40.993208337Z: 
[STDERR  ] 2017-06-29T13:45:40.993222243Z: Starting containerd
[STDERR  ] 2017-06-29T13:45:40.993230902Z: 
[STDERR  ] 2017-06-29T13:45:40.993244453Z: Welcome to LinuxKit
[STDERR  ] 2017-06-29T13:45:40.993253589Z: 
[STDERR  ] 2017-06-29T13:45:40.993258319Z:                         ##         .
[STDERR  ] 2017-06-29T13:45:40.993274378Z:                   ## ## ##        ==
[STDERR  ] 2017-06-29T13:45:40.993279536Z:                ## ## ## ## ##    ===
[STDERR  ] 2017-06-29T13:45:40.993288681Z:            /"""""""""""""""""\___/ ===
[STDERR  ] 2017-06-29T13:45:40.993302439Z:           {                       /  ===-
[STDERR  ] 2017-06-29T13:45:40.993311639Z:            \______ O           __/
[STDERR  ] 2017-06-29T13:45:40.993320839Z:              \    \         __/
[STDERR  ] 2017-06-29T13:45:40.993330072Z:               \____\_______/
[STDERR  ] 2017-06-29T13:45:40.993339206Z: 
[STDERR  ] 2017-06-29T13:45:40.993348408Z: [34mINFO[0m[0000] starting containerd boot...                   [34mmodule[0m=containerd
[STDERR  ] 2017-06-29T13:45:40.993358462Z: [34mINFO[0m[0000] loading plugin "io.containerd.content.v1.content"...  [34mmodule[0m=containerd [34mtype[0m=io.containerd.content.v1
[STDERR  ] 2017-06-29T13:45:40.993372384Z: [34mINFO[0m[0000] skip loading plugin "io.containerd.snapshotter.v1.btrfs"...  [34mmodule[0m=containerd [34mtype[0m=io.containerd.snapshotter.v1
[STDERR  ] 2017-06-29T13:45:40.993381842Z: [34mINFO[0m[0000] loading plugin "io.containerd.snapshotter.v1.overlayfs"...  [34mmodule[0m=containerd [34mtype[0m=io.containerd.snapshotter.v1
[STDERR  ] 2017-06-29T13:45:40.993391229Z: [34mINFO[0m[0000] loading plugin "io.containerd.differ.v1.base-diff"...  [34mmodule[0m=containerd [34mtype[0m=io.containerd.differ.v1
[STDERR  ] 2017-06-29T13:45:40.993404554Z: [34mINFO[0m[0000] loading plugin "io.containerd.metadata.v1.bolt"...  [34mmodule[0m=containerd [34mtype[0m=io.containerd.metadata.v1
[STDERR  ] 2017-06-29T13:45:40.993409431Z: [34mINFO[0m[0000] loading plugin "io.containerd.grpc.v1.containers"...  [34mmodule[0m=containerd [34mtype[0m=io.containerd.grpc.v1
[STDERR  ] 2017-06-29T13:45:40.993423066Z: [34mINFO[0m[0000] loading plugin "io.containerd.grpc.v1.content"...  [34mmodule[0m=containerd [34mtype[0m=io.containerd.grpc.v1
[STDERR  ] 2017-06-29T13:45:40.993436934Z: [34mINFO[0m[0000] loading plugin "io.containerd.grpc.v1.diff"...  [34mmodule[0m=containerd [34mtype[0m=io.containerd.grpc.v1
[STDERR  ] 2017-06-29T13:45:40.993442126Z: [34mINFO[0m[0000] loading plugin "io.containerd.grpc.v1.events"...  [34mmodule[0m=containerd [34mtype[0m=io.containerd.grpc.v1
[STDERR  ] 2017-06-29T13:45:40.993460888Z: [34mINFO[0m[0000] loading plugin "io.containerd.grpc.v1.healthcheck"...  [34mmodule[0m=containerd [34mtype[0m=io.containerd.grpc.v1
[STDERR  ] 2017-06-29T13:45:40.993470642Z: [34mINFO[0m[0000] loading plugin "io.containerd.grpc.v1.images"...  [34mmodule[0m=containerd [34mtype[0m=io.containerd.grpc.v1
[STDERR  ] 2017-06-29T13:45:40.993481172Z: [34mINFO[0m[0000] loading plugin "io.containerd.grpc.v1.namespaces"...  [34mmodule[0m=containerd [34mtype[0m=io.containerd.grpc.v1
[STDERR  ] 2017-06-29T13:45:40.993498452Z: [34mINFO[0m[0000] loading plugin "io.containerd.grpc.v1.snapshots"...  [34mmodule[0m=containerd [34mtype[0m=io.containerd.grpc.v1
[STDERR  ] 2017-06-29T13:45:40.993508348Z: [34mINFO[0m[0000] loading plugin "io.containerd.monitor.v1.cgroups"...  [34mmodule[0m=containerd [34mtype[0m=io.containerd.monitor.v1
[STDERR  ] 2017-06-29T13:45:40.993517692Z: [34mINFO[0m[0000] loading plugin "io.containerd.runtime.v1.linux"...  [34mmodule[0m=containerd [34mtype[0m=io.containerd.runtime.v1
[STDERR  ] 2017-06-29T13:45:40.993526924Z: [34mINFO[0m[0000] loading plugin "io.containerd.grpc.v1.tasks"...  [34mmodule[0m=containerd [34mtype[0m=io.containerd.grpc.v1
[STDERR  ] 2017-06-29T13:45:40.993541028Z: [34mINFO[0m[0000] loading plugin "io.containerd.grpc.v1.version"...  [34mmodule[0m=containerd [34mtype[0m=io.containerd.grpc.v1
[STDERR  ] 2017-06-29T13:45:40.993550466Z: [34mINFO[0m[0000] serving...                                    [34maddress[0m="/run/containerd/debug.sock" [34mmodule[0m="containerd/debug"
[STDERR  ] 2017-06-29T13:45:40.993564387Z: [34mINFO[0m[0000] serving...                                    [34maddress[0m="/run/containerd/containerd.sock" [34mmodule[0m="containerd/grpc"
[STDERR  ] 2017-06-29T13:45:40.993573896Z: [34mINFO[0m[0000] containerd successfully booted in 0.235891s   [34mmodule[0m=containerd
[STDERR  ] 2017-06-29T13:45:40.993578829Z: starting kernel config sanity test with /proc/config.gz
[STDERR  ] 2017-06-29T13:45:40.993595151Z: [   30.814216] RPC: Registered named UNIX socket transport module.
[STDERR  ] 2017-06-29T13:45:40.993604614Z: [   30.814964] RPC: Registered udp transport module.
[STDERR  ] 2017-06-29T13:45:40.993617529Z: [   30.815428] RPC: Registered tcp transport module.
[STDERR  ] 2017-06-29T13:45:40.993626009Z: [   30.815811] RPC: Registered tcp NFSv4.1 backchannel transport module.
[STDERR  ] 2017-06-29T13:45:40.993643009Z: [   30.978288] FS-Cache: Netfs 'nfs' registered for caching
[STDERR  ] 2017-06-29T13:45:40.993652214Z: [   31.089673] Installing knfsd (copyright (C) 1996 okir@monad.swb.de).
[STDERR  ] 2017-06-29T13:45:40.993661452Z: [   31.155927] ntfs: driver 2.1.32 [Flags: R/O MODULE].
[STDERR  ] 2017-06-29T13:45:40.993670636Z: kernel config test succeeded!
[STDERR  ] 2017-06-29T13:45:40.993675148Z: [37minfo: reading kernel config from /proc/config.gz ...[m
[STDERR  ] 2017-06-29T13:45:40.993689209Z: 
[STDERR  ] 2017-06-29T13:45:40.993693708Z: Generally Necessary:
[STDERR  ] 2017-06-29T13:45:40.993705046Z: - [37mcgroup hierarchy[m: [32mproperly mounted[m [/sys/fs/cgroup]
[STDERR  ] 2017-06-29T13:45:40.993713791Z: - [37mCONFIG_NAMESPACES[m: [32menabled[m
[STDERR  ] 2017-06-29T13:45:40.993725514Z: - [37mCONFIG_NET_NS[m: [32menabled[m
[STDERR  ] 2017-06-29T13:45:40.993735669Z: - [37mCONFIG_PID_NS[m: [32menabled[m
[STDERR  ] 2017-06-29T13:45:40.993757027Z: - [37mCONFIG_IPC_NS[m: [32menabled[m
[STDERR  ] 2017-06-29T13:45:40.993765719Z: - [37mCONFIG_UTS_NS[m: [32menabled[m
[STDERR  ] 2017-06-29T13:45:40.993774639Z: - [37mCONFIG_CGROUPS[m: [32menabled[m
[STDERR  ] 2017-06-29T13:45:40.993783556Z: - [37mCONFIG_CGROUP_CPUACCT[m: [32menabled[m
[STDERR  ] 2017-06-29T13:45:40.993795378Z: - [   34.127069] random: nonblocking pool is initialized
[STDERR  ] 2017-06-29T13:45:40.993807111Z: [37mCONFIG_CGROUP_DEVICE[m: [32menabled[m
[STDERR  ] 2017-06-29T13:45:40.993816456Z: - [37mCONFIG_CGROUP_FREEZER[m: [32menabled[m
[STDERR  ] 2017-06-29T13:45:40.993831884Z: - [37mCONFIG_CGROUP_SCHED[m: [32menabled[m
[STDERR  ] 2017-06-29T13:45:40.993841257Z: - [37mCONFIG_CPUSETS[m: [32menabled[m
[STDERR  ] 2017-06-29T13:45:40.993850426Z: - [37mCONFIG_MEMCG[m: [32menabled[m
[STDERR  ] 2017-06-29T13:45:40.993859571Z: - [37mCONFIG_KEYS[m: [32menabled[m
[STDERR  ] 2017-06-29T13:45:40.993868661Z: - [37mCONFIG_VETH[m: [32menabled[m
[STDERR  ] 2017-06-29T13:45:40.993873884Z: - [37mCONFIG_BRIDGE[m: [32menabled[m
[STDERR  ] 2017-06-29T13:45:40.993883158Z: - [37mCONFIG_BRIDGE_NETFILTER[m: [32menabled[m
[STDERR  ] 2017-06-29T13:45:40.993896887Z: - [37mCONFIG_NF_NAT_IPV4[m: [32menabled[m
[STDERR  ] 2017-06-29T13:45:40.993911196Z: - [37mCONFIG_IP_NF_FILTER[m: [32menabled[m
[STDERR  ] 2017-06-29T13:45:40.993920747Z: - [37mCONFIG_IP_NF_TARGET_MASQUERADE[m: [32menabled[m
[STDERR  ] 2017-06-29T13:45:40.993929928Z: - [37mCONFIG_NETFILTER_XT_MATCH_ADDRTYPE[m: [32menabled[m
[STDERR  ] 2017-06-29T13:45:40.993938991Z: - [37mCONFIG_NETFILTER_XT_MATCH_CONNTRACK[m: [32menabled[m
[STDERR  ] 2017-06-29T13:45:40.993948117Z: - [37mCONFIG_NETFILTER_XT_MATCH_IPVS[m: [32menabled[m
[STDERR  ] 2017-06-29T13:45:40.993957616Z: - [37mCONFIG_IP_NF_NAT[m: [32menabled[m
[STDERR  ] 2017-06-29T13:45:40.993966356Z: - [37mCONFIG_NF_NAT[m: [32menabled[m
[STDERR  ] 2017-06-29T13:45:40.993974956Z: - [37mCONFIG_NF_NAT_NEEDED[m: [32menabled[m
[STDERR  ] 2017-06-29T13:45:40.993987208Z: - [37mCONFIG_POSIX_MQUEUE[m: [32menabled[m
[STDERR  ] 2017-06-29T13:45:40.99399657Z: - [37mCONFIG_DEVPTS_MULTIPLE_INSTANCES[m: [32menabled[m
[STDERR  ] 2017-06-29T13:45:40.993999451Z: 
[STDERR  ] 2017-06-29T13:45:40.994007488Z: Optional Features:
[STDERR  ] 2017-06-29T13:45:40.994012773Z: - [37mCONFIG_USER_NS[m: [32menabled[m
[STDERR  ] 2017-06-29T13:45:40.994018058Z: - [37mCONFIG_SECCOMP[m: [32menabled[m
[STDERR  ] 2017-06-29T13:45:40.994025653Z: - [37mCONFIG_CGROUP_PIDS[m: [32menabled[m
[STDERR  ] 2017-06-29T13:45:40.99403451Z: - [37mCONFIG_MEMCG_SWAP[m: [32menabled[m
[STDERR  ] 2017-06-29T13:45:40.994048325Z: - [37mCONFIG_MEMCG_SWAP_ENABLED[m: [32menabled[m
[STDERR  ] 2017-06-29T13:45:40.994057828Z:     [1;30m(cgroup swap accounting is currently enabled)[m
[STDERR  ] 2017-06-29T13:45:40.994067063Z: - [1mCONFIG_LEGACY_VSYSCALL_NONE[m: [1;31menabled[m
[STDERR  ] 2017-06-29T13:45:40.994076271Z:     [1;30m(containers using eglibc <= 2.13 will not work. Switch to[m
[STDERR  ] 2017-06-29T13:45:40.994085438Z:     [1;30m "CONFIG_VSYSCALL_[NATIVE|EMULATE]" or use "vsyscall=[native|emulate]"[m
[STDERR  ] 2017-06-29T13:45:40.994090243Z:     [1;30m on kernel command line. Note that this will disable ASLR for the,[m
[STDERR  ] 2017-06-29T13:45:40.994103845Z:     [1;30m VDSO which may assist in exploiting security vulnerabilities.)[m
[STDERR  ] 2017-06-29T13:45:40.994112975Z: - [37mCONFIG_MEMCG_KMEM[m: [32menabled[m
[STDERR  ] 2017-06-29T13:45:40.994117552Z: - [37mCONFIG_BLK_CGROUP[m: [32menabled[m
[STDERR  ] 2017-06-29T13:45:40.994131715Z: - [37mCONFIG_BLK_DEV_THROTTLING[m: [32menabled[m
