[INFO    ] 2017-07-17T21:14:28.319846727Z: Running Test linuxkit.packages.mkimage in /tmp/build/test/cases/040_packages/013_mkimage
[INFO    ] 2017-07-17T21:14:28.319957461Z: Running command: [/bin/sh -x /tmp/build/test/cases/040_packages/013_mkimage/test.sh]
[STDERR  ] 2017-07-17T21:14:28.349448427Z: + set -e
[STDERR  ] 2017-07-17T21:14:28.349515933Z: + . /tmp/build/test/cases/_lib/lib.sh
[STDERR  ] 2017-07-17T21:14:28.349596164Z: + [ -f src/github.com/linuxkit/rtf/lib/lib.sh ]
[STDERR  ] 2017-07-17T21:14:28.38529836Z: + LINUXKIT_TMPDIR=/tmp/build/test/cases/_tmp
[STDERR  ] 2017-07-17T21:14:28.385363093Z: + [ -f /tmp/build/test/cases/_tmp/env.sh ]
[STDERR  ] 2017-07-17T21:14:28.385368959Z: + . /tmp/build/test/cases/_tmp/env.sh
[STDERR  ] 2017-07-17T21:14:28.385399425Z: + export LINUXKIT_EXAMPLES_DIR=/tmp/build/test/cases/../../examples
[STDERR  ] 2017-07-17T21:14:28.385432417Z: + export LINUXKIT_BLUEPRINTS_DIR=/tmp/build/test/cases/../../blueprints
[STDERR  ] 2017-07-17T21:14:28.385443183Z: + RT_CANCEL=253
[STDERR  ] 2017-07-17T21:14:28.385452827Z: + trap clean_up EXIT
[STDERR  ] 2017-07-17T21:14:28.385463105Z: + moby build -output kernel+initrd run.yml
[STDERR  ] 2017-07-17T21:14:28.396738511Z: Extract kernel image: linuxkit/kernel:4.9.36
[STDERR  ] 2017-07-17T21:14:30.152574579Z: Add init containers:
[STDERR  ] 2017-07-17T21:14:30.152650016Z: Process init image: linuxkit/init:059b2bb4b6efa5c58cf53fed4d0ea863521959fc
[STDERR  ] 2017-07-17T21:14:31.430369476Z: Process init image: linuxkit/runc:4a35484aa6f90a1f06cdf1fb36f7056926a084b9
[STDERR  ] 2017-07-17T21:14:32.696171518Z: Add onboot containers:
[STDERR  ] 2017-07-17T21:14:32.696236204Z:   Create OCI config for linuxkit/poweroff:bce51402e293da0b653923a43c3c7be6e0effa05
[STDERR  ] 2017-07-17T21:14:33.991717858Z: Create outputs:
[STDERR  ] 2017-07-17T21:14:36.661049235Z:   run-kernel run-initrd.img run-cmdline
[STDERR  ] 2017-07-17T21:14:36.703111472Z: + moby build -output kernel+initrd mkimage.yml
[STDERR  ] 2017-07-17T21:14:36.739219302Z: Extract kernel image: linuxkit/kernel:4.9.36
[STDERR  ] 2017-07-17T21:14:38.484302839Z: Add init containers:
[STDERR  ] 2017-07-17T21:14:38.484317437Z: Process init image: linuxkit/init:059b2bb4b6efa5c58cf53fed4d0ea863521959fc
[STDERR  ] 2017-07-17T21:14:39.75002291Z: Process init image: linuxkit/runc:4a35484aa6f90a1f06cdf1fb36f7056926a084b9
[STDERR  ] 2017-07-17T21:14:40.980952377Z: Add onboot containers:
[STDERR  ] 2017-07-17T21:14:40.980970032Z:   Create OCI config for linuxkit/mkimage:a63b8ee4c5de335afc32ba850e0af319b25b96c0
[STDERR  ] 2017-07-17T21:14:42.204671299Z: Pull image: docker.io/linuxkit/mkimage:a63b8ee4c5de335afc32ba850e0af319b25b96c0@sha256:7a35c6e7248b5c508bacd129071f96c085f61acdcdacf3d8fa48348d94dcb4db
[STDERR  ] 2017-07-17T21:14:46.088368507Z:   Create OCI config for linuxkit/poweroff:bce51402e293da0b653923a43c3c7be6e0effa05
[STDERR  ] 2017-07-17T21:14:47.380644646Z: Create outputs:
[STDERR  ] 2017-07-17T21:14:50.85510763Z:   mkimage-kernel mkimage-initrd.img mkimage-cmdline
[STDERR  ] 2017-07-17T21:14:50.902874996Z: + tar cf tarball.img run-kernel run-initrd.img run-cmdline
[STDERR  ] 2017-07-17T21:14:50.975431149Z: + linuxkit run qemu -disk disk.qcow2,size=200M,format=qcow2 -disk tarball.img,format=raw -kernel mkimage
[STDERR  ] 2017-07-17T21:14:50.993901188Z: Unable to find qemu-system-x86_64 within the $PATH. Using a container
[STDERR  ] 2017-07-17T21:14:51.84596061Z: Using existing disk [tarball.img] format raw
[STDOUT  ] 2017-07-17T21:14:53.903091815Z: [    0.000000] Linux version 4.9.36-linuxkit (root@e1ede117fb1e) (gcc version 6.3.0 (Alpine 6.3.0) ) #1 SMP Wed Jul 12 17:30:01 UTC 2017
[STDOUT  ] 2017-07-17T21:14:53.903416564Z: [    0.000000] Command line: console=ttyS0
[STDOUT  ] 2017-07-17T21:14:53.903428411Z: [    0.000000] x86/fpu: Legacy x87 FPU detected.
[STDOUT  ] 2017-07-17T21:14:53.903640147Z: [    0.000000] x86/fpu: Using 'eager' FPU context switches.
[STDOUT  ] 2017-07-17T21:14:53.903839476Z: [    0.000000] e820: BIOS-provided physical RAM map:
[STDOUT  ] 2017-07-17T21:14:53.904036212Z: [    0.000000] BIOS-e820: [mem 0x0000000000000000-0x000000000009fbff] usable
[STDOUT  ] 2017-07-17T21:14:53.904194399Z: [    0.000000] BIOS-e820: [mem 0x000000000009fc00-0x000000000009ffff] reserved
[STDOUT  ] 2017-07-17T21:14:53.904463414Z: [    0.000000] BIOS-e820: [mem 0x00000000000f0000-0x00000000000fffff] reserved
[STDOUT  ] 2017-07-17T21:14:53.904808396Z: [    0.000000] BIOS-e820: [mem 0x0000000000100000-0x000000003ffddfff] usable
[STDOUT  ] 2017-07-17T21:14:53.904980915Z: [    0.000000] BIOS-e820: [mem 0x000000003ffde000-0x000000003fffffff] reserved
[STDOUT  ] 2017-07-17T21:14:53.905330071Z: [    0.000000] BIOS-e820: [mem 0x00000000b0000000-0x00000000bfffffff] reserved
[STDOUT  ] 2017-07-17T21:14:53.905505123Z: [    0.000000] BIOS-e820: [mem 0x00000000fed1c000-0x00000000fed1ffff] reserved
[STDOUT  ] 2017-07-17T21:14:53.90587248Z: [    0.000000] BIOS-e820: [mem 0x00000000fffc0000-0x00000000ffffffff] reserved
[STDOUT  ] 2017-07-17T21:14:53.905966671Z: [    0.000000] NX (Execute Disable) protection: active
[STDOUT  ] 2017-07-17T21:14:53.906107757Z: [    0.000000] SMBIOS 2.8 present.
[STDOUT  ] 2017-07-17T21:14:53.906334455Z: [    0.000000] e820: last_pfn = 0x3ffde max_arch_pfn = 0x400000000
[STDOUT  ] 2017-07-17T21:14:53.906671648Z: [    0.000000] x86/PAT: Configuration [0-7]: WB  WC  UC- UC  WB  WC  UC- WT  
[STDOUT  ] 2017-07-17T21:14:53.906851709Z: [    0.000000] found SMP MP-table at [mem 0x000f6aa0-0x000f6aaf] mapped at [ffff933d400f6aa0]
[STDOUT  ] 2017-07-17T21:14:53.907041417Z: [    0.000000] RAMDISK: [mem 0x3eb52000-0x3ffcffff]
[STDOUT  ] 2017-07-17T21:14:53.90724432Z: [    0.000000] ACPI: Early table checksum verification disabled
[STDOUT  ] 2017-07-17T21:14:53.907577613Z: [    0.000000] ACPI: RSDP 0x00000000000F68C0 000014 (v00 BOCHS )
[STDOUT  ] 2017-07-17T21:14:53.907864212Z: [    0.000000] ACPI: RSDT 0x000000003FFE2404 000034 (v01 BOCHS  BXPCRSDT 00000001 BXPC 00000001)
[STDOUT  ] 2017-07-17T21:14:53.908185481Z: [    0.000000] ACPI: FACP 0x000000003FFE22A4 000074 (v01 BOCHS  BXPCFACP 00000001 BXPC 00000001)
[STDOUT  ] 2017-07-17T21:14:53.908482217Z: [    0.000000] ACPI: DSDT 0x000000003FFE0040 002264 (v01 BOCHS  BXPCDSDT 00000001 BXPC 00000001)
[STDOUT  ] 2017-07-17T21:14:53.908637877Z: [    0.000000] ACPI: FACS 0x000000003FFE0000 000040
[STDOUT  ] 2017-07-17T21:14:53.908969443Z: [    0.000000] ACPI: APIC 0x000000003FFE2318 000078 (v01 BOCHS  BXPCAPIC 00000001 BXPC 00000001)
[STDOUT  ] 2017-07-17T21:14:53.909284204Z: [    0.000000] ACPI: HPET 0x000000003FFE2390 000038 (v01 BOCHS  BXPCHPET 00000001 BXPC 00000001)
[STDOUT  ] 2017-07-17T21:14:53.909602011Z: [    0.000000] ACPI: MCFG 0x000000003FFE23C8 00003C (v01 BOCHS  BXPCMCFG 00000001 BXPC 00000001)
[STDOUT  ] 2017-07-17T21:14:53.909775809Z: [    0.000000] Zone ranges:
[STDOUT  ] 2017-07-17T21:14:53.909931126Z: [    0.000000]   DMA      [mem 0x0000000000001000-0x0000000000ffffff]
[STDOUT  ] 2017-07-17T21:14:53.910180575Z: [    0.000000]   DMA32    [mem 0x0000000001000000-0x000000003ffddfff]
[STDOUT  ] 2017-07-17T21:14:53.910345795Z: [    0.000000]   Normal   empty
[STDOUT  ] 2017-07-17T21:14:53.910511511Z: [    0.000000] Movable zone start for each node
[STDOUT  ] 2017-07-17T21:14:53.910671063Z: [    0.000000] Early memory node ranges
[STDOUT  ] 2017-07-17T21:14:53.910838959Z: [    0.000000]   node   0: [mem 0x0000000000001000-0x000000000009efff]
[STDOUT  ] 2017-07-17T21:14:53.911008828Z: [    0.000000]   node   0: [mem 0x0000000000100000-0x000000003ffddfff]
[STDOUT  ] 2017-07-17T21:14:53.911334488Z: [    0.000000] Initmem setup node 0 [mem 0x0000000000001000-0x000000003ffddfff]
[STDOUT  ] 2017-07-17T21:14:53.911454698Z: [    0.000000] ACPI: PM-Timer IO Port: 0x608
[STDOUT  ] 2017-07-17T21:14:53.911699806Z: [    0.000000] ACPI: LAPIC_NMI (acpi_id[0xff] dfl dfl lint[0x1])
[STDOUT  ] 2017-07-17T21:14:53.912025881Z: [    0.000000] IOAPIC[0]: apic_id 0, version 32, address 0xfec00000, GSI 0-23
[STDOUT  ] 2017-07-17T21:14:53.912177143Z: [    0.000000] ACPI: INT_SRC_OVR (bus 0 bus_irq 0 global_irq 2 dfl dfl)
[STDOUT  ] 2017-07-17T21:14:53.912606981Z: [    0.000000] ACPI: INT_SRC_OVR (bus 0 bus_irq 5 global_irq 5 high level)
[STDOUT  ] 2017-07-17T21:14:53.912871025Z: [    0.000000] ACPI: INT_SRC_OVR (bus 0 bus_irq 9 global_irq 9 high level)
[STDOUT  ] 2017-07-17T21:14:53.913015455Z: [    0.000000] ACPI: INT_SRC_OVR (bus 0 bus_irq 10 global_irq 10 high level)
[STDOUT  ] 2017-07-17T21:14:53.913343532Z: [    0.000000] ACPI: INT_SRC_OVR (bus 0 bus_irq 11 global_irq 11 high level)
[STDOUT  ] 2017-07-17T21:14:53.913571739Z: [    0.000000] Using ACPI (MADT) for SMP configuration information
[STDOUT  ] 2017-07-17T21:14:53.913726019Z: [    0.000000] ACPI: HPET id: 0x8086a201 base: 0xfed00000
[STDOUT  ] 2017-07-17T21:14:53.914051389Z: [    0.000000] smpboot: Allowing 1 CPUs, 0 hotplug CPUs
[STDOUT  ] 2017-07-17T21:14:53.914204992Z: [    0.000000] e820: [mem 0x40000000-0xafffffff] available for PCI devices
[STDOUT  ] 2017-07-17T21:14:53.914376918Z: [    0.000000] Booting paravirtualized kernel on bare hardware
[STDOUT  ] 2017-07-17T21:14:53.914843078Z: [    0.000000] clocksource: refined-jiffies: mask: 0xffffffff max_cycles: 0xffffffff, max_idle_ns: 19112604462750000 ns
[STDOUT  ] 2017-07-17T21:14:53.915167644Z: [    0.000000] setup_percpu: NR_CPUS:128 nr_cpumask_bits:128 nr_cpu_ids:1 nr_node_ids:1
[STDOUT  ] 2017-07-17T21:14:53.915455045Z: [    0.000000] percpu: Embedded 35 pages/cpu @ffff933d7e800000 s105176 r8192 d29992 u2097152
[STDOUT  ] 2017-07-17T21:14:53.915774576Z: [    0.000000] Built 1 zonelists in Zone order, mobility grouping on.  Total pages: 257895
[STDOUT  ] 2017-07-17T21:14:53.915934586Z: [    0.000000] Kernel command line: console=ttyS0
[STDOUT  ] 2017-07-17T21:14:53.916100826Z: [    0.000000] PID hash table entries: 4096 (order: 3, 32768 bytes)
[STDOUT  ] 2017-07-17T21:14:53.916439851Z: [    0.000000] Dentry cache hash table entries: 131072 (order: 8, 1048576 bytes)
[STDOUT  ] 2017-07-17T21:14:53.91668094Z: [    0.000000] Inode-cache hash table entries: 65536 (order: 7, 524288 bytes)
[STDOUT  ] 2017-07-17T21:14:53.917147352Z: [    0.000000] Memory: 993192K/1048048K available (8026K kernel code, 1366K rwdata, 2696K rodata, 1380K init, 568K bss, 54856K reserved, 0K cma-reserved)
[STDOUT  ] 2017-07-17T21:14:53.917239065Z: [    0.000000] Hierarchical RCU implementation.
[STDOUT  ] 2017-07-17T21:14:53.917522816Z: [    0.000000] 	Build-time adjustment of leaf fanout to 64.
[STDOUT  ] 2017-07-17T21:14:53.917751102Z: [    0.000000] 	RCU restricting CPUs from NR_CPUS=128 to nr_cpu_ids=1.
[STDOUT  ] 2017-07-17T21:14:53.918016987Z: [    0.000000] RCU: Adjusting geometry for rcu_fanout_leaf=64, nr_cpu_ids=1
[STDOUT  ] 2017-07-17T21:14:53.91817893Z: [    0.000000] NR_IRQS:8448 nr_irqs:256 16
[STDOUT  ] 2017-07-17T21:14:53.91832001Z: [    0.000000] Console: colour VGA+ 80x25
[STDOUT  ] 2017-07-17T21:14:53.918724637Z: [    0.000000] console [ttyS0] enabled
[STDOUT  ] 2017-07-17T21:14:53.92204251Z: [    0.000000] clocksource: hpet: mask: 0xffffffff max_cycles: 0xffffffff, max_idle_ns: 19112604467 ns
[STDOUT  ] 2017-07-17T21:14:53.959219371Z: [    0.000000] tsc: Fast TSC calibration using PIT
[STDOUT  ] 2017-07-17T21:14:53.965327615Z: [    0.000000] tsc: Detected 2599.972 MHz processor
[STDOUT  ] 2017-07-17T21:14:53.967953237Z: [    0.021446] Calibrating delay loop (skipped), value calculated using timer frequency.. 5199.94 BogoMIPS (lpj=25999720)
[STDOUT  ] 2017-07-17T21:14:53.968951883Z: [    0.022696] pid_max: default: 32768 minimum: 301
[STDOUT  ] 2017-07-17T21:14:53.970509218Z: [    0.024698] ACPI: Core revision 20160831
[STDOUT  ] 2017-07-17T21:14:54.01329436Z: [    0.069126] ACPI: 1 ACPI AML tables successfully acquired and loaded
[STDOUT  ] 2017-07-17T21:14:54.018778149Z: [    0.074366] Security Framework initialized
[STDOUT  ] 2017-07-17T21:14:54.019167136Z: [    0.075140] Yama: becoming mindful.
[STDOUT  ] 2017-07-17T21:14:54.021702328Z: [    0.077312] Mount-cache hash table entries: 2048 (order: 2, 16384 bytes)
[STDOUT  ] 2017-07-17T21:14:54.02233542Z: [    0.077976] Mountpoint-cache hash table entries: 2048 (order: 2, 16384 bytes)
[STDOUT  ] 2017-07-17T21:14:54.041474536Z: [    0.097411] Last level iTLB entries: 4KB 0, 2MB 0, 4MB 0
[STDOUT  ] 2017-07-17T21:14:54.042091702Z: [    0.097988] Last level dTLB entries: 4KB 0, 2MB 0, 4MB 0, 1GB 0
[STDOUT  ] 2017-07-17T21:14:54.345666214Z: [    0.401346] Freeing SMP alternatives memory: 20K (ffffffff86eb0000 - ffffffff86eb5000)
[STDOUT  ] 2017-07-17T21:14:54.356778834Z: [    0.412669] ftrace: allocating 35489 entries in 139 pages
[STDOUT  ] 2017-07-17T21:14:54.658672888Z: [    0.574507] smpboot: Max logical packages: 1
[STDOUT  ] 2017-07-17T21:14:54.666990717Z: [    0.582940] ..TIMER: vector=0x30 apic1=0 pin1=2 apic2=-1 pin2=-1
[STDOUT  ] 2017-07-17T21:14:54.885232037Z: [    0.690000] smpboot: CPU0: AMD QEMU Virtual CPU version 2.5+ (family: 0x6, model: 0x6, stepping: 0x3)
[STDOUT  ] 2017-07-17T21:14:54.886921064Z: [    0.690000] Performance Events: PMU not available due to virtualization, using software events only.
[STDOUT  ] 2017-07-17T21:14:54.904095996Z: [    0.699242] NMI watchdog: disabled (cpu0): hardware events not enabled
[STDOUT  ] 2017-07-17T21:14:54.905099857Z: [    0.700129] NMI watchdog: Shutting down hard lockup detector on all cpus
[STDOUT  ] 2017-07-17T21:14:54.90891867Z: [    0.704111] x86: Booted up 1 node, 1 CPUs
[STDOUT  ] 2017-07-17T21:14:54.909449391Z: [    0.704556] smpboot: Total of 1 processors activated (5199.94 BogoMIPS)
[STDOUT  ] 2017-07-17T21:14:54.923276523Z: [    0.718388] devtmpfs: initialized
[STDOUT  ] 2017-07-17T21:14:54.930005796Z: [    0.725425] x86/mm: Memory block size: 128MB
[STDOUT  ] 2017-07-17T21:14:54.994690796Z: [    0.789628] clocksource: jiffies: mask: 0xffffffff max_cycles: 0xffffffff, max_idle_ns: 19112604462750000 ns
[STDOUT  ] 2017-07-17T21:14:54.995705812Z: [    0.790414] futex hash table entries: 256 (order: 2, 16384 bytes)
[STDOUT  ] 2017-07-17T21:14:55.006125911Z: [    0.801600] NET: Registered protocol family 16
[STDOUT  ] 2017-07-17T21:14:55.015576876Z: [    0.811045] cpuidle: using governor ladder
[STDOUT  ] 2017-07-17T21:14:55.016003405Z: [    0.811568] cpuidle: using governor menu
[STDOUT  ] 2017-07-17T21:14:55.017316465Z: [    0.812807] ACPI: bus type PCI registered
[STDOUT  ] 2017-07-17T21:14:55.020546325Z: [    0.815739] PCI: MMCONFIG for domain 0000 [bus 00-ff] at [mem 0xb0000000-0xbfffffff] (base 0xb0000000)
[STDOUT  ] 2017-07-17T21:14:55.021253154Z: [    0.816606] PCI: MMCONFIG at [mem 0xb0000000-0xbfffffff] reserved in E820
[STDOUT  ] 2017-07-17T21:14:55.022488381Z: [    0.818018] PCI: Using configuration type 1 for base access
[STDOUT  ] 2017-07-17T21:14:55.079019234Z: [    0.874335] HugeTLB registered 2 MB page size, pre-allocated 0 pages
[STDOUT  ] 2017-07-17T21:14:55.091809896Z: [    0.887368] ACPI: Added _OSI(Module Device)
[STDOUT  ] 2017-07-17T21:14:55.092213328Z: [    0.887746] ACPI: Added _OSI(Processor Device)
[STDOUT  ] 2017-07-17T21:14:55.092530814Z: [    0.888110] ACPI: Added _OSI(3.0 _SCP Extensions)
[STDOUT  ] 2017-07-17T21:14:55.093011187Z: [    0.888456] ACPI: Added _OSI(Processor Aggregator Device)
[STDOUT  ] 2017-07-17T21:14:55.165651652Z: [    0.961098] ACPI: Interpreter enabled
[STDOUT  ] 2017-07-17T21:14:55.166463232Z: [    0.962125] ACPI: (supports S0 S5)
[STDOUT  ] 2017-07-17T21:14:55.166978279Z: [    0.962456] ACPI: Using IOAPIC for interrupt routing
[STDOUT  ] 2017-07-17T21:14:55.17013385Z: [    0.965365] PCI: Using host bridge windows from ACPI; if necessary, use "pci=nocrs" and report a bug
[STDOUT  ] 2017-07-17T21:14:55.236094496Z: [    1.031433] ACPI: PCI Root Bridge [PCI0] (domain 0000 [bus 00-ff])
[STDOUT  ] 2017-07-17T21:14:55.237312858Z: [    1.032704] acpi PNP0A08:00: _OSC: OS supports [ExtendedConfig ASPM ClockPM Segments MSI]
[STDOUT  ] 2017-07-17T21:14:55.244324821Z: [    1.039558] acpi PNP0A08:00: _OSC: OS now controls [PCIeHotplug PME PCIeCapability]
[STDOUT  ] 2017-07-17T21:14:55.248135615Z: [    1.043327] PCI host bridge to bus 0000:00
[STDOUT  ] 2017-07-17T21:14:55.248805859Z: [    1.043892] pci_bus 0000:00: root bus resource [io  0x0000-0x0cf7 window]
[STDOUT  ] 2017-07-17T21:14:55.249296244Z: [    1.044402] pci_bus 0000:00: root bus resource [io  0x0d00-0xffff window]
[STDOUT  ] 2017-07-17T21:14:55.249849552Z: [    1.044903] pci_bus 0000:00: root bus resource [mem 0x000a0000-0x000bffff window]
[STDOUT  ] 2017-07-17T21:14:55.250311738Z: [    1.045424] pci_bus 0000:00: root bus resource [mem 0xc0000000-0xfebfffff window]
[STDOUT  ] 2017-07-17T21:14:55.250898084Z: [    1.046126] pci_bus 0000:00: root bus resource [bus 00-ff]
[STDOUT  ] 2017-07-17T21:14:55.345278084Z: [    1.140366] pci 0000:00:1f.0: quirk: [io  0x0600-0x067f] claimed by ICH6 ACPI/GPIO/TCO
[STDOUT  ] 2017-07-17T21:14:55.403584173Z: [    1.198152] ACPI: PCI Interrupt Link [LNKA] (IRQs 5 *10 11)
[STDOUT  ] 2017-07-17T21:14:55.406501155Z: [    1.201956] ACPI: PCI Interrupt Link [LNKB] (IRQs 5 *10 11)
[STDOUT  ] 2017-07-17T21:14:55.408832166Z: [    1.204258] ACPI: PCI Interrupt Link [LNKC] (IRQs 5 10 *11)
[STDOUT  ] 2017-07-17T21:14:55.410729444Z: [    1.206167] ACPI: PCI Interrupt Link [LNKD] (IRQs 5 10 *11)
[STDOUT  ] 2017-07-17T21:14:55.412486097Z: [    1.207981] ACPI: PCI Interrupt Link [LNKE] (IRQs 5 *10 11)
[STDOUT  ] 2017-07-17T21:14:55.415208454Z: [    1.210626] ACPI: PCI Interrupt Link [LNKF] (IRQs 5 *10 11)
[STDOUT  ] 2017-07-17T21:14:55.41767878Z: [    1.213083] ACPI: PCI Interrupt Link [LNKG] (IRQs 5 10 *11)
[STDOUT  ] 2017-07-17T21:14:55.419565806Z: [    1.215005] ACPI: PCI Interrupt Link [LNKH] (IRQs 5 10 *11)
[STDOUT  ] 2017-07-17T21:14:55.42051648Z: [    1.216032] ACPI: PCI Interrupt Link [GSIA] (IRQs *16)
[STDOUT  ] 2017-07-17T21:14:55.421150741Z: [    1.216742] ACPI: PCI Interrupt Link [GSIB] (IRQs *17)
[STDOUT  ] 2017-07-17T21:14:55.421973321Z: [    1.217401] ACPI: PCI Interrupt Link [GSIC] (IRQs *18)
[STDOUT  ] 2017-07-17T21:14:55.422718848Z: [    1.218153] ACPI: PCI Interrupt Link [GSID] (IRQs *19)
[STDOUT  ] 2017-07-17T21:14:55.423355342Z: [    1.218919] ACPI: PCI Interrupt Link [GSIE] (IRQs *20)
[STDOUT  ] 2017-07-17T21:14:55.424452275Z: [    1.219640] ACPI: PCI Interrupt Link [GSIF] (IRQs *21)
[STDOUT  ] 2017-07-17T21:14:55.425228786Z: [    1.220566] ACPI: PCI Interrupt Link [GSIG] (IRQs *22)
[STDOUT  ] 2017-07-17T21:14:55.425985994Z: [    1.221347] ACPI: PCI Interrupt Link [GSIH] (IRQs *23)
[STDOUT  ] 2017-07-17T21:14:55.429877097Z: [    1.225306] ACPI: Enabled 2 GPEs in block 00 to 3F
[STDOUT  ] 2017-07-17T21:14:55.434253427Z: [    1.229632] SCSI subsystem initialized
[STDOUT  ] 2017-07-17T21:14:55.436255974Z: [    1.231798] ACPI: bus type USB registered
[STDOUT  ] 2017-07-17T21:14:55.437585201Z: [    1.232948] usbcore: registered new interface driver usbfs
[STDOUT  ] 2017-07-17T21:14:55.438523005Z: [    1.233998] usbcore: registered new interface driver hub
[STDOUT  ] 2017-07-17T21:14:55.43948404Z: [    1.234816] usbcore: registered new device driver usb
[STDOUT  ] 2017-07-17T21:14:55.440693975Z: [    1.236070] pps_core: LinuxPPS API ver. 1 registered
[STDOUT  ] 2017-07-17T21:14:55.441168019Z: [    1.236420] pps_core: Software ver. 5.3.6 - Copyright 2005-2007 Rodolfo Giometti <giometti@linux.it>
[STDOUT  ] 2017-07-17T21:14:55.441769409Z: [    1.237144] PTP clock support registered
[STDOUT  ] 2017-07-17T21:14:55.442924632Z: [    1.238440] wmi: Mapper loaded
[STDOUT  ] 2017-07-17T21:14:55.444522054Z: [    1.240081] PCI: Using ACPI for IRQ routing
[STDOUT  ] 2017-07-17T21:14:55.463874754Z: [    1.259412] NetLabel: Initializing
[STDOUT  ] 2017-07-17T21:14:55.464145161Z: [    1.259682] NetLabel:  domain hash size = 128
[STDOUT  ] 2017-07-17T21:14:55.464845898Z: [    1.260106] NetLabel:  protocols = UNLABELED CIPSOv4
[STDOUT  ] 2017-07-17T21:14:55.467734791Z: [    1.262969] NetLabel:  unlabeled traffic allowed by default
[STDOUT  ] 2017-07-17T21:14:55.469130316Z: [    1.264264] HPET: 3 timers in total, 0 timers will be used for per-cpu timer
[STDOUT  ] 2017-07-17T21:14:55.470288579Z: [    1.265279] hpet0: at MMIO 0xfed00000, IRQs 2, 8, 0
[STDOUT  ] 2017-07-17T21:14:55.470751563Z: [    1.265879] hpet0: 3 comparators, 64-bit 100.000000 MHz counter
[STDOUT  ] 2017-07-17T21:14:55.478393665Z: [    1.273713] clocksource: Switched to clocksource hpet
[STDOUT  ] 2017-07-17T21:14:55.730099274Z: [    1.522057] VFS: Disk quotas dquot_6.6.0
[STDOUT  ] 2017-07-17T21:14:55.731064853Z: [    1.522941] VFS: Dquot-cache hash table entries: 512 (order 0, 4096 bytes)
[STDOUT  ] 2017-07-17T21:14:55.734992317Z: [    1.527096] FS-Cache: Loaded
[STDOUT  ] 2017-07-17T21:14:55.740265395Z: [    1.532458] CacheFiles: Loaded
[STDOUT  ] 2017-07-17T21:14:55.742813037Z: [    1.534891] pnp: PnP ACPI init
[STDOUT  ] 2017-07-17T21:14:55.754403964Z: [    1.546432] pnp: PnP ACPI: found 5 devices
[STDOUT  ] 2017-07-17T21:14:55.806402913Z: [    1.597984] clocksource: acpi_pm: mask: 0xffffff max_cycles: 0xffffff, max_idle_ns: 2085701024 ns
[STDOUT  ] 2017-07-17T21:14:55.810859944Z: [    1.602844] NET: Registered protocol family 2
[STDOUT  ] 2017-07-17T21:14:55.818614144Z: [    1.610429] TCP established hash table entries: 8192 (order: 4, 65536 bytes)
[STDOUT  ] 2017-07-17T21:14:55.819279142Z: [    1.611292] TCP bind hash table entries: 8192 (order: 5, 131072 bytes)
[STDOUT  ] 2017-07-17T21:14:55.820237185Z: [    1.612070] TCP: Hash tables configured (established 8192 bind 8192)
[STDOUT  ] 2017-07-17T21:14:55.822039134Z: [    1.614032] UDP hash table entries: 512 (order: 2, 16384 bytes)
[STDOUT  ] 2017-07-17T21:14:55.822771671Z: [    1.614645] UDP-Lite hash table entries: 512 (order: 2, 16384 bytes)
[STDOUT  ] 2017-07-17T21:14:55.825245804Z: [    1.617196] NET: Registered protocol family 1
[STDOUT  ] 2017-07-17T21:14:55.826416193Z: [    1.618238] pci 0000:00:01.0: Video device with shadowed ROM at [mem 0x000c0000-0x000dffff]
[STDOUT  ] 2017-07-17T21:14:55.83402423Z: [    1.626018] Unpacking initramfs...
[STDOUT  ] 2017-07-17T21:14:59.017460398Z: [    4.809276] Freeing initrd memory: 20984K (ffff933d7eb52000 - ffff933d7ffd0000)
[STDOUT  ] 2017-07-17T21:14:59.044407981Z: [    4.836358] PCLMULQDQ-NI instructions are not detected.
[STDOUT  ] 2017-07-17T21:14:59.04618032Z: [    4.838074] AVX or AES-NI instructions are not detected.
[STDOUT  ] 2017-07-17T21:14:59.046746451Z: [    4.838624] CPU feature 'AVX registers' is not supported.
[STDOUT  ] 2017-07-17T21:14:59.047259477Z: [    4.839161] CPU feature 'AVX registers' is not supported.
[STDOUT  ] 2017-07-17T21:14:59.047848165Z: [    4.839686] CPU feature 'AVX registers' is not supported.
[STDOUT  ] 2017-07-17T21:14:59.048677891Z: [    4.840565] CPU feature 'AVX registers' is not supported.
[STDOUT  ] 2017-07-17T21:14:59.049000479Z: [    4.841046] AVX2 or AES-NI instructions are not detected.
[STDOUT  ] 2017-07-17T21:14:59.049460666Z: [    4.841489] AVX2 instructions are not detected.
[STDOUT  ] 2017-07-17T21:14:59.055129284Z: [    4.847119] audit: initializing netlink subsys (disabled)
[STDOUT  ] 2017-07-17T21:14:59.056960853Z: [    4.848810] audit: type=2000 audit(1500326097.840:1): initialized
[STDOUT  ] 2017-07-17T21:14:59.066089181Z: [    4.857863] workingset: timestamp_bits=46 max_order=18 bucket_order=0
[STDOUT  ] 2017-07-17T21:14:59.073070133Z: [    4.865071] FS-Cache: Netfs 'cifs' registered for caching
[STDOUT  ] 2017-07-17T21:14:59.074113952Z: [    4.866150] fuse init (API version 7.26)
[STDOUT  ] 2017-07-17T21:14:59.076715192Z: [    4.868577] SGI XFS with ACLs, security attributes, no debug enabled
[STDOUT  ] 2017-07-17T21:14:59.081164148Z: [    4.873151] 9p: Installing v9fs 9p2000 file system support
[STDOUT  ] 2017-07-17T21:14:59.081648864Z: [    4.873704] FS-Cache: Netfs '9p' registered for caching
[STDOUT  ] 2017-07-17T21:14:59.114452959Z: [    4.906406] NET: Registered protocol family 38
[STDOUT  ] 2017-07-17T21:14:59.115113252Z: [    4.907145] Key type asymmetric registered
[STDOUT  ] 2017-07-17T21:14:59.115612778Z: [    4.907601] Asymmetric key parser 'x509' registered
[STDOUT  ] 2017-07-17T21:14:59.116939013Z: [    4.908739] Block layer SCSI generic (bsg) driver version 0.4 loaded (major 251)
[STDOUT  ] 2017-07-17T21:14:59.118930257Z: [    4.910916] io scheduler noop registered
[STDOUT  ] 2017-07-17T21:14:59.119397397Z: [    4.911293] io scheduler deadline registered (default)
[STDOUT  ] 2017-07-17T21:14:59.120004495Z: [    4.912059] io scheduler cfq registered
[STDOUT  ] 2017-07-17T21:14:59.125150608Z: [    4.917157] pci_hotplug: PCI Hot Plug PCI Core version: 0.5
[STDOUT  ] 2017-07-17T21:14:59.125910059Z: [    4.917818] pciehp: PCI Express Hot Plug Controller Driver version: 0.4
[STDOUT  ] 2017-07-17T21:14:59.126959109Z: [    4.918820] shpchp: Standard Hot Plug PCI Controller Driver version: 0.4
[STDOUT  ] 2017-07-17T21:14:59.127681136Z: [    4.919730] hv_vmbus: registering driver hyperv_fb
[STDOUT  ] 2017-07-17T21:14:59.131970873Z: [    4.923787] input: Power Button as /devices/LNXSYSTM:00/LNXPWRBN:00/input/input0
[STDOUT  ] 2017-07-17T21:14:59.132716058Z: [    4.924903] ACPI: Power Button [PWRF]
[STDOUT  ] 2017-07-17T21:14:59.140217529Z: [    4.932170] GHES: HEST is not enabled!
[STDOUT  ] 2017-07-17T21:14:59.15137653Z: [    4.943359] ACPI: PCI Interrupt Link [GSIH] enabled at IRQ 23
[STDOUT  ] 2017-07-17T21:14:59.15742497Z: [    4.949367] xenfs: not registering filesystem on non-xen platform
[STDOUT  ] 2017-07-17T21:14:59.159832452Z: [    4.951878] Serial: 8250/16550 driver, 4 ports, IRQ sharing disabled
[STDOUT  ] 2017-07-17T21:14:59.185694411Z: [    4.977430] 00:04: ttyS0 at I/O 0x3f8 (irq = 4, base_baud = 115200) is a 16550A
[STDOUT  ] 2017-07-17T21:14:59.197961044Z: [    4.989951] Non-volatile memory driver v1.3
[STDOUT  ] 2017-07-17T21:14:59.204610723Z: [    4.996420] Hangcheck: starting hangcheck timer 0.9.1 (tick is 180 seconds, margin is 60 seconds).
[STDOUT  ] 2017-07-17T21:14:59.243224184Z: [    5.035307] loop: module loaded
[STDOUT  ] 2017-07-17T21:14:59.26020874Z: [    5.052132] nbd: registered device at major 43
[STDOUT  ] 2017-07-17T21:14:59.303723623Z: [    5.095570] lpc_ich 0000:00:1f.0: I/O space for GPIO uninitialized
[STDOUT  ] 2017-07-17T21:14:59.305929648Z: [    5.097932] VMware PVSCSI driver - version 1.0.7.0-k
[STDOUT  ] 2017-07-17T21:14:59.306966638Z: [    5.098901] hv_vmbus: registering driver hv_storvsc
[STDOUT  ] 2017-07-17T21:14:59.317674853Z: [    5.109542] ACPI: PCI Interrupt Link [GSIA] enabled at IRQ 16
[STDOUT  ] 2017-07-17T21:14:59.324321275Z: [    5.116135] ahci 0000:00:1f.2: AHCI 0001.0000 32 slots 6 ports 1.5 Gbps 0x3f impl SATA mode
[STDOUT  ] 2017-07-17T21:14:59.324871115Z: [    5.116895] ahci 0000:00:1f.2: flags: 64bit ncq only 
[STDOUT  ] 2017-07-17T21:14:59.345173725Z: [    5.137350] scsi host0: ahci
[STDOUT  ] 2017-07-17T21:14:59.350838199Z: [    5.143003] scsi host1: ahci
[STDOUT  ] 2017-07-17T21:14:59.353163754Z: [    5.145334] scsi host2: ahci
[STDOUT  ] 2017-07-17T21:14:59.355472316Z: [    5.147639] scsi host3: ahci
[STDOUT  ] 2017-07-17T21:14:59.357957196Z: [    5.149901] scsi host4: ahci
[STDOUT  ] 2017-07-17T21:14:59.360305167Z: [    5.152448] scsi host5: ahci
[STDOUT  ] 2017-07-17T21:14:59.362526658Z: [    5.154314] ata1: SATA max UDMA/133 abar m4096@0xfebf1000 port 0xfebf1100 irq 24
[STDOUT  ] 2017-07-17T21:14:59.363086195Z: [    5.154859] ata2: SATA max UDMA/133 abar m4096@0xfebf1000 port 0xfebf1180 irq 24
[STDOUT  ] 2017-07-17T21:14:59.363527447Z: [    5.155385] ata3: SATA max UDMA/133 abar m4096@0xfebf1000 port 0xfebf1200 irq 24
[STDOUT  ] 2017-07-17T21:14:59.364093017Z: [    5.155981] ata4: SATA max UDMA/133 abar m4096@0xfebf1000 port 0xfebf1280 irq 24
[STDOUT  ] 2017-07-17T21:14:59.364588319Z: [    5.156455] ata5: SATA max UDMA/133 abar m4096@0xfebf1000 port 0xfebf1300 irq 24
[STDOUT  ] 2017-07-17T21:14:59.365041529Z: [    5.156944] ata6: SATA max UDMA/133 abar m4096@0xfebf1000 port 0xfebf1380 irq 24
[STDOUT  ] 2017-07-17T21:14:59.378710327Z: [    5.170577] tun: Universal TUN/TAP device driver, 1.6
[STDOUT  ] 2017-07-17T21:14:59.379013321Z: [    5.171003] tun: (C) 1999-2004 Max Krasnyansky <maxk@qualcomm.com>
[STDOUT  ] 2017-07-17T21:14:59.381110583Z: [    5.173067] VMware vmxnet3 virtual NIC driver - version 1.4.a.0-k-NAPI
[STDOUT  ] 2017-07-17T21:14:59.382142654Z: [    5.174159] hv_vmbus: registering driver hv_netvsc
[STDOUT  ] 2017-07-17T21:14:59.382453163Z: [    5.174532] Fusion MPT base driver 3.04.20
[STDOUT  ] 2017-07-17T21:14:59.382954026Z: [    5.174881] Copyright (c) 1999-2008 LSI Corporation
[STDOUT  ] 2017-07-17T21:14:59.383557982Z: [    5.175590] Fusion MPT SPI Host driver 3.04.20
[STDOUT  ] 2017-07-17T21:14:59.38596969Z: [    5.177750] i8042: PNP: PS/2 Controller [PNP0303:KBD,PNP0f13:MOU] at 0x60,0x64 irq 1,12
[STDOUT  ] 2017-07-17T21:14:59.390272827Z: [    5.182220] serio: i8042 KBD port at 0x60,0x64 irq 1
[STDOUT  ] 2017-07-17T21:14:59.39095341Z: [    5.182993] serio: i8042 AUX port at 0x60,0x64 irq 12
[STDOUT  ] 2017-07-17T21:14:59.394031154Z: [    5.186045] hv_vmbus: registering driver hyperv_keyboard
[STDOUT  ] 2017-07-17T21:14:59.39623548Z: [    5.188283] mousedev: PS/2 mouse device common for all mice
[STDOUT  ] 2017-07-17T21:14:59.401734553Z: [    5.193400] input: AT Translated Set 2 keyboard as /devices/platform/i8042/serio0/input/input1
[STDOUT  ] 2017-07-17T21:14:59.404532657Z: [    5.196508] input: PC Speaker as /devices/platform/pcspkr/input/input2
[STDOUT  ] 2017-07-17T21:14:59.408416648Z: [    5.200382] rtc_cmos 00:00: RTC can wake from S4
[STDOUT  ] 2017-07-17T21:14:59.411826065Z: [    5.203810] rtc_cmos 00:00: rtc core: registered rtc_cmos as rtc0
[STDOUT  ] 2017-07-17T21:14:59.413308531Z: [    5.205153] rtc_cmos 00:00: alarms up to one day, y3k, 114 bytes nvram, hpet irqs
[STDOUT  ] 2017-07-17T21:14:59.413939211Z: [    5.205943] i2c /dev entries driver
[STDOUT  ] 2017-07-17T21:14:59.416288226Z: [    5.208078] device-mapper: ioctl: 4.35.0-ioctl (2016-06-23) initialised: dm-devel@redhat.com
[STDOUT  ] 2017-07-17T21:14:59.422785395Z: [    5.214721] usbcore: registered new interface driver usbhid
[STDOUT  ] 2017-07-17T21:14:59.423295467Z: [    5.215188] usbhid: USB HID core driver
[STDOUT  ] 2017-07-17T21:14:59.423961904Z: [    5.216026] hv_utils: Registering HyperV Utility Driver
[STDOUT  ] 2017-07-17T21:14:59.424474464Z: [    5.216419] hv_vmbus: registering driver hv_util
[STDOUT  ] 2017-07-17T21:14:59.424783994Z: [    5.216796] hv_vmbus: registering driver hv_balloon
[STDOUT  ] 2017-07-17T21:14:59.425337606Z: [    5.217403] oprofile: using NMI interrupt.
[STDOUT  ] 2017-07-17T21:14:59.426517435Z: [    5.218667] GACT probability on
[STDOUT  ] 2017-07-17T21:14:59.426946931Z: [    5.219150] Mirror/redirect action on
[STDOUT  ] 2017-07-17T21:14:59.428038397Z: [    5.220003] Simple TC action Loaded
[STDOUT  ] 2017-07-17T21:14:59.42921563Z: [    5.221355] u32 classifier
[STDOUT  ] 2017-07-17T21:14:59.42953303Z: [    5.221592]     Performance counters on
[STDOUT  ] 2017-07-17T21:14:59.429838188Z: [    5.221878]     input device check on
[STDOUT  ] 2017-07-17T21:14:59.430179262Z: [    5.222179]     Actions configured
[STDOUT  ] 2017-07-17T21:14:59.430870669Z: [    5.222902] Netfilter messages via NETLINK v0.30.
[STDOUT  ] 2017-07-17T21:14:59.431452494Z: [    5.223527] nfnl_acct: registering with nfnetlink.
[STDOUT  ] 2017-07-17T21:14:59.432854476Z: [    5.224905] nf_conntrack version 0.5.0 (8192 buckets, 32768 max)
[STDOUT  ] 2017-07-17T21:14:59.435812648Z: [    5.227818] ctnetlink v0.93: registering with nfnetlink.
[STDOUT  ] 2017-07-17T21:14:59.439438702Z: [    5.231391] nf_tables: (c) 2007-2009 Patrick McHardy <kaber@trash.net>
[STDOUT  ] 2017-07-17T21:14:59.440400494Z: [    5.232279] nf_tables_compat: (c) 2012 Pablo Neira Ayuso <pablo@netfilter.org>
[STDOUT  ] 2017-07-17T21:14:59.442821515Z: [    5.234793] xt_time: kernel timezone is -0000
[STDOUT  ] 2017-07-17T21:14:59.443191705Z: [    5.235383] ip_set: protocol 6
[STDOUT  ] 2017-07-17T21:14:59.444052499Z: [    5.236130] IPVS: Registered protocols (TCP, UDP, SCTP, AH, ESP)
[STDOUT  ] 2017-07-17T21:14:59.444940017Z: [    5.236776] IPVS: Connection hash table configured (size=4096, memory=64Kbytes)
[STDOUT  ] 2017-07-17T21:14:59.446509537Z: [    5.238537] IPVS: Creating netns size=2104 id=0
[STDOUT  ] 2017-07-17T21:14:59.449552977Z: [    5.241660] IPVS: ipvs loaded.
[STDOUT  ] 2017-07-17T21:14:59.450002403Z: [    5.242017] IPVS: [rr] scheduler registered.
[STDOUT  ] 2017-07-17T21:14:59.450339175Z: [    5.242412] IPVS: [wrr] scheduler registered.
[STDOUT  ] 2017-07-17T21:14:59.450657037Z: [    5.242762] IPVS: [lc] scheduler registered.
[STDOUT  ] 2017-07-17T21:14:59.450974222Z: [    5.243102] IPVS: [wlc] scheduler registered.
[STDOUT  ] 2017-07-17T21:14:59.451443401Z: [    5.243426] IPVS: [fo] scheduler registered.
[STDOUT  ] 2017-07-17T21:14:59.451786961Z: [    5.243790] IPVS: [ovf] scheduler registered.
[STDOUT  ] 2017-07-17T21:14:59.452275595Z: [    5.244306] IPVS: [lblc] scheduler registered.
[STDOUT  ] 2017-07-17T21:14:59.452749705Z: [    5.244790] IPVS: [lblcr] scheduler registered.
[STDOUT  ] 2017-07-17T21:14:59.453057973Z: [    5.245092] IPVS: [dh] scheduler registered.
[STDOUT  ] 2017-07-17T21:14:59.453380702Z: [    5.245413] IPVS: [sh] scheduler registered.
[STDOUT  ] 2017-07-17T21:14:59.453669825Z: [    5.245743] IPVS: [sed] scheduler registered.
[STDOUT  ] 2017-07-17T21:14:59.453952775Z: [    5.246073] IPVS: [nq] scheduler registered.
[STDOUT  ] 2017-07-17T21:14:59.454923589Z: [    5.246941] IPVS: ftp: loaded support on port[0] = 21
[STDOUT  ] 2017-07-17T21:14:59.455901491Z: [    5.247914] ipip: IPv4 and MPLS over IPv4 tunneling driver
[STDOUT  ] 2017-07-17T21:14:59.46195424Z: [    5.253919] gre: GRE over IPv4 demultiplexor driver
[STDOUT  ] 2017-07-17T21:14:59.464646907Z: [    5.256629] ip_tables: (C) 2000-2006 Netfilter Core Team
[STDOUT  ] 2017-07-17T21:14:59.467923247Z: [    5.259777] ipt_CLUSTERIP: ClusterIP Version 0.8 loaded successfully
[STDOUT  ] 2017-07-17T21:14:59.469481522Z: [    5.261504] arp_tables: arp_tables: (C) 2002 David S. Miller
[STDOUT  ] 2017-07-17T21:14:59.47198493Z: [    5.263929] NET: Registered protocol family 10
[STDOUT  ] 2017-07-17T21:14:59.481650494Z: [    5.273519] ip6_tables: (C) 2000-2006 Netfilter Core Team
[STDOUT  ] 2017-07-17T21:14:59.490344652Z: [    5.282321] NET: Registered protocol family 17
[STDOUT  ] 2017-07-17T21:14:59.49179042Z: [    5.283945] Bridge firewalling registered
[STDOUT  ] 2017-07-17T21:14:59.492429951Z: [    5.284469] Ebtables v2.0 registered
[STDOUT  ] 2017-07-17T21:14:59.494435761Z: [    5.286427] 8021q: 802.1Q VLAN Support v1.8
[STDOUT  ] 2017-07-17T21:14:59.495942244Z: [    5.287930] 9pnet: Installing 9P2000 support
[STDOUT  ] 2017-07-17T21:14:59.497419241Z: [    5.289449] Key type dns_resolver registered
[STDOUT  ] 2017-07-17T21:14:59.498786622Z: [    5.290833] microcode: AMD CPU family 0x6 not supported
[STDOUT  ] 2017-07-17T21:14:59.502544953Z: [    5.294540] registered taskstats version 1
[STDOUT  ] 2017-07-17T21:14:59.702848671Z: [    5.494818] ata4: SATA link down (SStatus 0 SControl 300)
[STDOUT  ] 2017-07-17T21:14:59.706414242Z: [    5.498296] ata3: SATA link up 1.5 Gbps (SStatus 113 SControl 300)
[STDOUT  ] 2017-07-17T21:14:59.709636677Z: [    5.501664] ata2: SATA link up 1.5 Gbps (SStatus 113 SControl 300)
[STDOUT  ] 2017-07-17T21:14:59.711977622Z: [    5.503870] ata2.00: ATA-7: QEMU HARDDISK, 2.5+, max UDMA/100
[STDOUT  ] 2017-07-17T21:14:59.712516925Z: [    5.504369] ata2.00: 43100 sectors, multi 16: LBA48 NCQ (depth 31/32)
[STDOUT  ] 2017-07-17T21:14:59.713013854Z: [    5.505042] ata2.00: applying bridge limits
[STDOUT  ] 2017-07-17T21:14:59.714392722Z: [    5.506421] ata1: SATA link up 1.5 Gbps (SStatus 113 SControl 300)
[STDOUT  ] 2017-07-17T21:14:59.714965707Z: [    5.507024] ata1.00: ATA-7: QEMU HARDDISK, 2.5+, max UDMA/100
[STDOUT  ] 2017-07-17T21:14:59.715423941Z: [    5.507422] ata1.00: 409600 sectors, multi 16: LBA48 NCQ (depth 31/32)
[STDOUT  ] 2017-07-17T21:14:59.715873585Z: [    5.507870] ata1.00: applying bridge limits
[STDOUT  ] 2017-07-17T21:14:59.716938111Z: [    5.508970] ata1.00: configured for UDMA/100
[STDOUT  ] 2017-07-17T21:14:59.719732639Z: [    5.511806] ata2.00: configured for UDMA/100
[STDOUT  ] 2017-07-17T21:14:59.721423238Z: [    5.513415] ata3.00: ATAPI: QEMU DVD-ROM, 2.5+, max UDMA/100
[STDOUT  ] 2017-07-17T21:14:59.72178811Z: [    5.513916] ata3.00: applying bridge limits
[STDOUT  ] 2017-07-17T21:14:59.722520701Z: [    5.514603] ata3.00: configured for UDMA/100
[STDOUT  ] 2017-07-17T21:14:59.733881195Z: [    5.525932] Key type big_key registered
[STDOUT  ] 2017-07-17T21:14:59.744865218Z: [    5.536562] scsi 0:0:0:0: Direct-Access     ATA      QEMU HARDDISK    2.5+ PQ: 0 ANSI: 5
[STDOUT  ] 2017-07-17T21:14:59.749426737Z: [    5.541432] ata5: SATA link down (SStatus 0 SControl 300)
[STDOUT  ] 2017-07-17T21:14:59.750177642Z: [    5.542088] ata6: SATA link down (SStatus 0 SControl 300)
[STDOUT  ] 2017-07-17T21:14:59.760832074Z: [    5.552734] sd 0:0:0:0: [sda] 409600 512-byte logical blocks: (210 MB/200 MiB)
[STDOUT  ] 2017-07-17T21:14:59.765325245Z: [    5.557278] sd 0:0:0:0: Attached scsi generic sg0 type 0
[STDOUT  ] 2017-07-17T21:14:59.766853898Z: [    5.558863] sd 0:0:0:0: [sda] Write Protect is off
[STDOUT  ] 2017-07-17T21:14:59.768689609Z: [    5.560408] sd 0:0:0:0: [sda] Write cache: enabled, read cache: enabled, doesn't support DPO or FUA
[STDOUT  ] 2017-07-17T21:14:59.780012762Z: [    5.571692] scsi 1:0:0:0: Direct-Access     ATA      QEMU HARDDISK    2.5+ PQ: 0 ANSI: 5
[STDOUT  ] 2017-07-17T21:14:59.78371876Z: [    5.575565] sd 1:0:0:0: [sdb] 43100 512-byte logical blocks: (22.1 MB/21.0 MiB)
[STDOUT  ] 2017-07-17T21:14:59.785467819Z: [    5.577444] sd 1:0:0:0: [sdb] Write Protect is off
[STDOUT  ] 2017-07-17T21:14:59.78995322Z: [    5.581772] sd 1:0:0:0: [sdb] Write cache: enabled, read cache: enabled, doesn't support DPO or FUA
[STDOUT  ] 2017-07-17T21:14:59.790847375Z: [    5.582888] sd 1:0:0:0: Attached scsi generic sg1 type 0
[STDOUT  ] 2017-07-17T21:14:59.800158205Z: [    5.591968] scsi 2:0:0:0: CD-ROM            QEMU     QEMU DVD-ROM     2.5+ PQ: 0 ANSI: 5
[STDOUT  ] 2017-07-17T21:14:59.828540979Z: [    5.620343] sr 2:0:0:0: [sr0] scsi3-mmc drive: 4x/4x cd/rw xa/form2 tray
[STDOUT  ] 2017-07-17T21:14:59.829291196Z: [    5.621169] cdrom: Uniform CD-ROM driver Revision: 3.20
[STDOUT  ] 2017-07-17T21:14:59.84120333Z: [    5.633111] sd 1:0:0:0: [sdb] Attached SCSI disk
[STDOUT  ] 2017-07-17T21:14:59.84942241Z: [    5.641398] sr 2:0:0:0: Attached scsi generic sg2 type 5
[STDOUT  ] 2017-07-17T21:14:59.859378338Z: [    5.651378] sd 0:0:0:0: [sda] Attached SCSI disk
[STDOUT  ] 2017-07-17T21:14:59.87970203Z: [    5.671774] Key type encrypted registered
[STDOUT  ] 2017-07-17T21:14:59.885839288Z: [    5.677755] rtc_cmos 00:00: setting system clock to 2017-07-17 21:14:59 UTC (1500326099)
[STDOUT  ] 2017-07-17T21:15:00.053385875Z: [    5.845268] Freeing unused kernel memory: 1380K (ffffffff86d57000 - ffffffff86eb0000)
[STDOUT  ] 2017-07-17T21:15:00.054092959Z: [    5.845986] Write protecting the kernel read-only data: 12288k
[STDOUT  ] 2017-07-17T21:15:00.057264001Z: [    5.849278] tsc: Refined TSC clocksource calibration: 2599.997 MHz
[STDOUT  ] 2017-07-17T21:15:00.058306707Z: [    5.849838] clocksource: tsc: mask: 0xffffffffffffffff max_cycles: 0x257a391c223, max_idle_ns: 440795220104 ns
[STDOUT  ] 2017-07-17T21:15:00.063516934Z: [    5.855364] Freeing unused kernel memory: 152K (ffff933d787da000 - ffff933d78800000)
[STDOUT  ] 2017-07-17T21:15:00.193890869Z: [    5.985650] Freeing unused kernel memory: 1400K (ffff933d78aa2000 - ffff933d78c00000)
[STDOUT  ] 2017-07-17T21:15:01.078898325Z: [    6.870808] clocksource: Switched to clocksource tsc
[STDOUT  ] 2017-07-17T21:15:05.323794343Z: [   11.115499] e1000: Intel(R) PRO/1000 Network Driver - version 7.3.21-k8-NAPI
[STDOUT  ] 2017-07-17T21:15:05.324297101Z: [   11.116149] e1000: Copyright (c) 1999-2006 Intel Corporation.
[STDOUT  ] 2017-07-17T21:15:05.34411047Z: [   11.135971] ACPI: PCI Interrupt Link [GSIG] enabled at IRQ 22
[STDOUT  ] 2017-07-17T21:15:05.715831983Z: [   11.507360] e1000 0000:00:02.0 eth0: (PCI:33MHz:32-bit) 52:54:00:12:34:56
[STDOUT  ] 2017-07-17T21:15:05.716927282Z: [   11.508579] e1000 0000:00:02.0 eth0: Intel(R) PRO/1000 Network Connection
[STDOUT  ] 2017-07-17T21:15:06.150933014Z: 
[STDOUT  ] 2017-07-17T21:15:06.1514197Z: Welcome to LinuxKit
[STDOUT  ] 2017-07-17T21:15:06.151595683Z: 
[STDOUT  ] 2017-07-17T21:15:06.152101577Z:                         ##         .
[STDOUT  ] 2017-07-17T21:15:06.152455582Z:                   ## ## ##        ==
[STDOUT  ] 2017-07-17T21:15:06.152967104Z:                ## ## ## ## ##    ===
[STDOUT  ] 2017-07-17T21:15:06.153314349Z:            /"""""""""""""""""\___/ ===
[STDOUT  ] 2017-07-17T21:15:06.153730226Z:           {                       /  ===-
[STDOUT  ] 2017-07-17T21:15:06.154160452Z:            \______ O           __/
[STDOUT  ] 2017-07-17T21:15:06.154631797Z:              \    \         __/
[STDOUT  ] 2017-07-17T21:15:06.154799543Z:               \____\_______/
[STDOUT  ] 2017-07-17T21:15:06.154978411Z: 
[STDOUT  ] 2017-07-17T21:15:08.661674567Z: [   14.453743]  sda:
[STDOUT  ] 2017-07-17T21:15:08.72317836Z: [   14.515292]  sda:
[STDOUT  ] 2017-07-17T21:15:08.741369886Z: [   14.533091] random: sfdisk: uninitialized urandom read (4 bytes read)
[STDOUT  ] 2017-07-17T21:15:08.756925891Z: [   14.548987]  sda: sda1
[STDOUT  ] 2017-07-17T21:15:08.822906498Z: [   14.614852]  sda: sda1
[STDOUT  ] 2017-07-17T21:15:32.704018792Z: [   38.495868] random: mkfs.ext4: uninitialized urandom read (16 bytes read)
[STDOUT  ] 2017-07-17T21:15:32.705046536Z: [   38.497086] random: mkfs.ext4: uninitialized urandom read (16 bytes read)
[STDOUT  ] 2017-07-17T21:15:33.013385208Z: [   38.805180] EXT4-fs (sda1): couldn't mount as ext3 due to feature incompatibilities
[STDOUT  ] 2017-07-17T21:15:33.020185961Z: [   38.812252] EXT4-fs (sda1): couldn't mount as ext2 due to feature incompatibilities
[STDOUT  ] 2017-07-17T21:15:33.045004529Z: [   38.836831] EXT4-fs (sda1): mounted filesystem with ordered data mode. Opts: (null)
[STDOUT  ] 2017-07-17T21:15:33.646896224Z: [   39.438976] random: fast init done
[STDOUT  ] 2017-07-17T21:15:34.345378102Z: /mnt is device /dev/sda1
[STDOUT  ] 2017-07-17T21:15:34.397080258Z: [   40.189148] extlinux: sending ioctl 4c05 to a partition!
[STDOUT  ] 2017-07-17T21:15:34.397236699Z: [   40.189443] extlinux: sending ioctl 4c03 to a partition!
[STDOUT  ] 2017-07-17T21:15:35.051528842Z: [   40.843265] umount: sending ioctl 4c01 to a partition!
[STDOUT  ] 2017-07-17T21:15:35.075227128Z: 1+0 records in
[STDOUT  ] 2017-07-17T21:15:35.075530062Z: 1+0 records out
[STDOUT  ] 2017-07-17T21:15:35.116554314Z: The bootable flag on partition 1 is enabled now.
[STDOUT  ] 2017-07-17T21:15:35.128656731Z: [   40.920732]  sda: sda1
[STDOUT  ] 2017-07-17T21:15:35.153713356Z: 
[STDOUT  ] 2017-07-17T21:15:35.153896235Z: The partition table has been altered.
[STDOUT  ] 2017-07-17T21:15:35.154252902Z: Calling ioctl() to re-read partition table.
[STDOUT  ] 2017-07-17T21:15:35.154432893Z: Syncing disks.
[STDOUT  ] 2017-07-17T21:15:35.25227368Z:  - 000-mkimage
[STDOUT  ] 2017-07-17T21:15:52.926490326Z: [   58.718500] random: crng init done
[STDOUT  ] 2017-07-17T21:16:06.461277162Z: [   72.252554] sd 1:0:0:0: [sdb] Synchronizing SCSI cache
[STDOUT  ] 2017-07-17T21:16:06.462085939Z: [   72.254110] sd 1:0:0:0: [sdb] Stopping disk
[STDOUT  ] 2017-07-17T21:16:06.462683267Z: [   72.254755] sd 0:0:0:0: [sda] Synchronizing SCSI cache
[STDOUT  ] 2017-07-17T21:16:06.463256142Z: [   72.255316] sd 0:0:0:0: [sda] Stopping disk
[STDOUT  ] 2017-07-17T21:16:06.465366633Z: [   72.257426] ACPI: Preparing to enter system sleep state S5
[STDOUT  ] 2017-07-17T21:16:06.466412367Z: [   72.258522] reboot: Power down
[STDERR  ] 2017-07-17T21:16:06.780181333Z: + linuxkit run qemu disk.qcow2
[STDERR  ] 2017-07-17T21:16:06.796582149Z: Unable to find qemu-system-x86_64 within the $PATH. Using a container
[STDERR  ] 2017-07-17T21:16:06.796612904Z: Using existing disk [disk.qcow2] format 
[STDOUT  ] 2017-07-17T21:16:11.912983977Z: [    0.000000] Linux version 4.9.36-linuxkit (root@e1ede117fb1e) (gcc version 6.3.0 (Alpine 6.3.0) ) #1 SMP Wed Jul 12 17:30:01 UTC 2017
[STDOUT  ] 2017-07-17T21:16:11.913098187Z: [    0.000000] Command line: BOOT_IMAGE=/kernel console=ttyS0 initrd=/initrd.img
[STDOUT  ] 2017-07-17T21:16:11.91342164Z: [    0.000000] x86/fpu: Legacy x87 FPU detected.
[STDOUT  ] 2017-07-17T21:16:11.913591368Z: [    0.000000] x86/fpu: Using 'eager' FPU context switches.
[STDOUT  ] 2017-07-17T21:16:11.91371213Z: [    0.000000] e820: BIOS-provided physical RAM map:
[STDOUT  ] 2017-07-17T21:16:11.913998817Z: [    0.000000] BIOS-e820: [mem 0x0000000000000000-0x000000000009fbff] usable
[STDOUT  ] 2017-07-17T21:16:11.914221586Z: [    0.000000] BIOS-e820: [mem 0x000000000009fc00-0x000000000009ffff] reserved
[STDOUT  ] 2017-07-17T21:16:11.914434675Z: [    0.000000] BIOS-e820: [mem 0x00000000000f0000-0x00000000000fffff] reserved
[STDOUT  ] 2017-07-17T21:16:11.914783487Z: [    0.000000] BIOS-e820: [mem 0x0000000000100000-0x000000003ffdefff] usable
[STDOUT  ] 2017-07-17T21:16:11.914967998Z: [    0.000000] BIOS-e820: [mem 0x000000003ffdf000-0x000000003fffffff] reserved
[STDOUT  ] 2017-07-17T21:16:11.915425909Z: [    0.000000] BIOS-e820: [mem 0x00000000b0000000-0x00000000bfffffff] reserved
[STDOUT  ] 2017-07-17T21:16:11.915590107Z: [    0.000000] BIOS-e820: [mem 0x00000000fed1c000-0x00000000fed1ffff] reserved
[STDOUT  ] 2017-07-17T21:16:11.915776654Z: [    0.000000] BIOS-e820: [mem 0x00000000fffc0000-0x00000000ffffffff] reserved
[STDOUT  ] 2017-07-17T21:16:11.915941311Z: [    0.000000] NX (Execute Disable) protection: active
[STDOUT  ] 2017-07-17T21:16:11.916072688Z: [    0.000000] SMBIOS 2.8 present.
[STDOUT  ] 2017-07-17T21:16:11.916358213Z: [    0.000000] e820: last_pfn = 0x3ffdf max_arch_pfn = 0x400000000
[STDOUT  ] 2017-07-17T21:16:11.916627701Z: [    0.000000] x86/PAT: Configuration [0-7]: WB  WC  UC- UC  WB  WC  UC- WT  
[STDOUT  ] 2017-07-17T21:16:11.916855379Z: [    0.000000] found SMP MP-table at [mem 0x000f6aa0-0x000f6aaf] mapped at [ffff8e01000f6aa0]
[STDOUT  ] 2017-07-17T21:16:11.917364427Z: [    0.000000] RAMDISK: [mem 0x3f114000-0x3ffdefff]
[STDOUT  ] 2017-07-17T21:16:11.917543869Z: [    0.000000] ACPI: Early table checksum verification disabled
[STDOUT  ] 2017-07-17T21:16:11.917681211Z: [    0.000000] ACPI: RSDP 0x00000000000F68C0 000014 (v00 BOCHS )
[STDOUT  ] 2017-07-17T21:16:11.917999252Z: [    0.000000] ACPI: RSDT 0x000000003FFE2404 000034 (v01 BOCHS  BXPCRSDT 00000001 BXPC 00000001)
[STDOUT  ] 2017-07-17T21:16:11.918322365Z: [    0.000000] ACPI: FACP 0x000000003FFE22A4 000074 (v01 BOCHS  BXPCFACP 00000001 BXPC 00000001)
[STDOUT  ] 2017-07-17T21:16:11.91866234Z: [    0.000000] ACPI: DSDT 0x000000003FFE0040 002264 (v01 BOCHS  BXPCDSDT 00000001 BXPC 00000001)
[STDOUT  ] 2017-07-17T21:16:11.91878059Z: [    0.000000] ACPI: FACS 0x000000003FFE0000 000040
[STDOUT  ] 2017-07-17T21:16:11.919213194Z: [    0.000000] ACPI: APIC 0x000000003FFE2318 000078 (v01 BOCHS  BXPCAPIC 00000001 BXPC 00000001)
[STDOUT  ] 2017-07-17T21:16:11.919457869Z: [    0.000000] ACPI: HPET 0x000000003FFE2390 000038 (v01 BOCHS  BXPCHPET 00000001 BXPC 00000001)
[STDOUT  ] 2017-07-17T21:16:11.919721023Z: [    0.000000] ACPI: MCFG 0x000000003FFE23C8 00003C (v01 BOCHS  BXPCMCFG 00000001 BXPC 00000001)
[STDOUT  ] 2017-07-17T21:16:11.919884192Z: [    0.000000] Zone ranges:
[STDOUT  ] 2017-07-17T21:16:11.920134368Z: [    0.000000]   DMA      [mem 0x0000000000001000-0x0000000000ffffff]
[STDOUT  ] 2017-07-17T21:16:11.920309308Z: [    0.000000]   DMA32    [mem 0x0000000001000000-0x000000003ffdefff]
[STDOUT  ] 2017-07-17T21:16:11.920474769Z: [    0.000000]   Normal   empty
[STDOUT  ] 2017-07-17T21:16:11.920639624Z: [    0.000000] Movable zone start for each node
[STDOUT  ] 2017-07-17T21:16:11.920808672Z: [    0.000000] Early memory node ranges
[STDOUT  ] 2017-07-17T21:16:11.921135381Z: [    0.000000]   node   0: [mem 0x0000000000001000-0x000000000009efff]
[STDOUT  ] 2017-07-17T21:16:11.921288978Z: [    0.000000]   node   0: [mem 0x0000000000100000-0x000000003ffdefff]
[STDOUT  ] 2017-07-17T21:16:11.921536545Z: [    0.000000] Initmem setup node 0 [mem 0x0000000000001000-0x000000003ffdefff]
[STDOUT  ] 2017-07-17T21:16:11.921775307Z: [    0.000000] ACPI: PM-Timer IO Port: 0x608
[STDOUT  ] 2017-07-17T21:16:11.921932232Z: [    0.000000] ACPI: LAPIC_NMI (acpi_id[0xff] dfl dfl lint[0x1])
[STDOUT  ] 2017-07-17T21:16:11.922269283Z: [    0.000000] IOAPIC[0]: apic_id 0, version 32, address 0xfec00000, GSI 0-23
[STDOUT  ] 2017-07-17T21:16:11.922423773Z: [    0.000000] ACPI: INT_SRC_OVR (bus 0 bus_irq 0 global_irq 2 dfl dfl)
[STDOUT  ] 2017-07-17T21:16:11.922752379Z: [    0.000000] ACPI: INT_SRC_OVR (bus 0 bus_irq 5 global_irq 5 high level)
[STDOUT  ] 2017-07-17T21:16:11.92290507Z: [    0.000000] ACPI: INT_SRC_OVR (bus 0 bus_irq 9 global_irq 9 high level)
[STDOUT  ] 2017-07-17T21:16:11.92319094Z: [    0.000000] ACPI: INT_SRC_OVR (bus 0 bus_irq 10 global_irq 10 high level)
[STDOUT  ] 2017-07-17T21:16:11.923653915Z: [    0.000000] ACPI: INT_SRC_OVR (bus 0 bus_irq 11 global_irq 11 high level)
[STDOUT  ] 2017-07-17T21:16:11.923873725Z: [    0.000000] Using ACPI (MADT) for SMP configuration information
[STDOUT  ] 2017-07-17T21:16:11.9241635Z: [    0.000000] ACPI: HPET id: 0x8086a201 base: 0xfed00000
[STDOUT  ] 2017-07-17T21:16:11.924353671Z: [    0.000000] smpboot: Allowing 1 CPUs, 0 hotplug CPUs
[STDOUT  ] 2017-07-17T21:16:11.924447839Z: [    0.000000] e820: [mem 0x40000000-0xafffffff] available for PCI devices
[STDOUT  ] 2017-07-17T21:16:11.924754529Z: [    0.000000] Booting paravirtualized kernel on bare hardware
[STDOUT  ] 2017-07-17T21:16:11.925184193Z: [    0.000000] clocksource: refined-jiffies: mask: 0xffffffff max_cycles: 0xffffffff, max_idle_ns: 19112604462750000 ns
[STDOUT  ] 2017-07-17T21:16:11.925545633Z: [    0.000000] setup_percpu: NR_CPUS:128 nr_cpumask_bits:128 nr_cpu_ids:1 nr_node_ids:1
[STDOUT  ] 2017-07-17T21:16:11.925774186Z: [    0.000000] percpu: Embedded 35 pages/cpu @ffff8e013ee00000 s105176 r8192 d29992 u2097152
[STDOUT  ] 2017-07-17T21:16:11.926082324Z: [    0.000000] Built 1 zonelists in Zone order, mobility grouping on.  Total pages: 257896
[STDOUT  ] 2017-07-17T21:16:11.926423307Z: [    0.000000] Kernel command line: BOOT_IMAGE=/kernel console=ttyS0 initrd=/initrd.img
[STDOUT  ] 2017-07-17T21:16:11.926508811Z: [    0.000000] PID hash table entries: 4096 (order: 3, 32768 bytes)
[STDOUT  ] 2017-07-17T21:16:11.926936984Z: [    0.000000] Dentry cache hash table entries: 131072 (order: 8, 1048576 bytes)
[STDOUT  ] 2017-07-17T21:16:11.927151282Z: [    0.000000] Inode-cache hash table entries: 65536 (order: 7, 524288 bytes)
[STDOUT  ] 2017-07-17T21:16:11.927691867Z: [    0.000000] Memory: 999024K/1048052K available (8026K kernel code, 1366K rwdata, 2696K rodata, 1380K init, 568K bss, 49028K reserved, 0K cma-reserved)
[STDOUT  ] 2017-07-17T21:16:11.927919224Z: [    0.000000] Hierarchical RCU implementation.
[STDOUT  ] 2017-07-17T21:16:11.928195994Z: [    0.000000] 	Build-time adjustment of leaf fanout to 64.
[STDOUT  ] 2017-07-17T21:16:11.928324534Z: [    0.000000] 	RCU restricting CPUs from NR_CPUS=128 to nr_cpu_ids=1.
[STDOUT  ] 2017-07-17T21:16:11.928581089Z: [    0.000000] RCU: Adjusting geometry for rcu_fanout_leaf=64, nr_cpu_ids=1
[STDOUT  ] 2017-07-17T21:16:11.928791614Z: [    0.000000] NR_IRQS:8448 nr_irqs:256 16
[STDOUT  ] 2017-07-17T21:16:11.928912439Z: [    0.000000] Console: colour VGA+ 80x25
[STDOUT  ] 2017-07-17T21:16:11.929273712Z: [    0.000000] console [ttyS0] enabled
[STDOUT  ] 2017-07-17T21:16:11.934664981Z: [    0.000000] clocksource: hpet: mask: 0xffffffff max_cycles: 0xffffffff, max_idle_ns: 19112604467 ns
[STDOUT  ] 2017-07-17T21:16:11.9697694Z: [    0.000000] tsc: Fast TSC calibration using PIT
[STDOUT  ] 2017-07-17T21:16:11.976757537Z: [    0.000000] tsc: Detected 2600.008 MHz processor
[STDOUT  ] 2017-07-17T21:16:11.979282059Z: [    0.021322] Calibrating delay loop (skipped), value calculated using timer frequency.. 5200.01 BogoMIPS (lpj=26000080)
[STDOUT  ] 2017-07-17T21:16:11.979793798Z: [    0.022584] pid_max: default: 32768 minimum: 301
[STDOUT  ] 2017-07-17T21:16:11.980905162Z: [    0.023622] ACPI: Core revision 20160831
[STDOUT  ] 2017-07-17T21:16:12.02365171Z: [    0.066957] ACPI: 1 ACPI AML tables successfully acquired and loaded
[STDOUT  ] 2017-07-17T21:16:12.028392328Z: [    0.072148] Security Framework initialized
[STDOUT  ] 2017-07-17T21:16:12.028949182Z: [    0.072637] Yama: becoming mindful.
[STDOUT  ] 2017-07-17T21:16:12.032155717Z: [    0.075717] Mount-cache hash table entries: 2048 (order: 2, 16384 bytes)
[STDOUT  ] 2017-07-17T21:16:12.032914671Z: [    0.076363] Mountpoint-cache hash table entries: 2048 (order: 2, 16384 bytes)
[STDOUT  ] 2017-07-17T21:16:12.051773066Z: [    0.095427] Last level iTLB entries: 4KB 0, 2MB 0, 4MB 0
[STDOUT  ] 2017-07-17T21:16:12.052279228Z: [    0.095943] Last level dTLB entries: 4KB 0, 2MB 0, 4MB 0, 1GB 0
[STDOUT  ] 2017-07-17T21:16:12.346259832Z: [    0.389437] Freeing SMP alternatives memory: 20K (ffffffff8deb0000 - ffffffff8deb5000)
[STDOUT  ] 2017-07-17T21:16:12.357132582Z: [    0.400540] ftrace: allocating 35489 entries in 139 pages
[STDOUT  ] 2017-07-17T21:16:12.658979992Z: [    0.562204] smpboot: Max logical packages: 1
[STDOUT  ] 2017-07-17T21:16:12.66638671Z: [    0.569890] ..TIMER: vector=0x30 apic1=0 pin1=2 apic2=-1 pin2=-1
[STDOUT  ] 2017-07-17T21:16:12.889302178Z: [    0.670000] smpboot: CPU0: AMD QEMU Virtual CPU version 2.5+ (family: 0x6, model: 0x6, stepping: 0x3)
[STDOUT  ] 2017-07-17T21:16:12.889329028Z: [    0.670000] Performance Events: PMU not available due to virtualization, using software events only.
[STDOUT  ] 2017-07-17T21:16:12.907159012Z: [    0.679440] NMI watchdog: disabled (cpu0): hardware events not enabled
[STDOUT  ] 2017-07-17T21:16:12.907704482Z: [    0.680119] NMI watchdog: Shutting down hard lockup detector on all cpus
[STDOUT  ] 2017-07-17T21:16:12.911422355Z: [    0.684029] x86: Booted up 1 node, 1 CPUs
[STDOUT  ] 2017-07-17T21:16:12.912054357Z: [    0.684521] smpboot: Total of 1 processors activated (5200.01 BogoMIPS)
[STDOUT  ] 2017-07-17T21:16:12.926194775Z: [    0.698837] devtmpfs: initialized
[STDOUT  ] 2017-07-17T21:16:12.93096124Z: [    0.704087] x86/mm: Memory block size: 128MB
[STDOUT  ] 2017-07-17T21:16:12.99976596Z: [    0.772418] clocksource: jiffies: mask: 0xffffffff max_cycles: 0xffffffff, max_idle_ns: 19112604462750000 ns
[STDOUT  ] 2017-07-17T21:16:13.000636386Z: [    0.773492] futex hash table entries: 256 (order: 2, 16384 bytes)
[STDOUT  ] 2017-07-17T21:16:13.010010065Z: [    0.782909] NET: Registered protocol family 16
[STDOUT  ] 2017-07-17T21:16:13.01963221Z: [    0.792541] cpuidle: using governor ladder
[STDOUT  ] 2017-07-17T21:16:13.020160174Z: [    0.793126] cpuidle: using governor menu
[STDOUT  ] 2017-07-17T21:16:13.021455218Z: [    0.794427] ACPI: bus type PCI registered
[STDOUT  ] 2017-07-17T21:16:13.024477906Z: [    0.797296] PCI: MMCONFIG for domain 0000 [bus 00-ff] at [mem 0xb0000000-0xbfffffff] (base 0xb0000000)
[STDOUT  ] 2017-07-17T21:16:13.025246784Z: [    0.798118] PCI: MMCONFIG at [mem 0xb0000000-0xbfffffff] reserved in E820
[STDOUT  ] 2017-07-17T21:16:13.02647654Z: [    0.799507] PCI: Using configuration type 1 for base access
[STDOUT  ] 2017-07-17T21:16:13.083634993Z: [    0.856445] HugeTLB registered 2 MB page size, pre-allocated 0 pages
[STDOUT  ] 2017-07-17T21:16:13.09600254Z: [    0.868903] ACPI: Added _OSI(Module Device)
[STDOUT  ] 2017-07-17T21:16:13.096412731Z: [    0.869398] ACPI: Added _OSI(Processor Device)
[STDOUT  ] 2017-07-17T21:16:13.096731601Z: [    0.869765] ACPI: Added _OSI(3.0 _SCP Extensions)
[STDOUT  ] 2017-07-17T21:16:13.097278862Z: [    0.870091] ACPI: Added _OSI(Processor Aggregator Device)
[STDOUT  ] 2017-07-17T21:16:13.167980725Z: [    0.941004] ACPI: Interpreter enabled
[STDOUT  ] 2017-07-17T21:16:13.16886355Z: [    0.942027] ACPI: (supports S0 S5)
[STDOUT  ] 2017-07-17T21:16:13.169339566Z: [    0.942368] ACPI: Using IOAPIC for interrupt routing
[STDOUT  ] 2017-07-17T21:16:13.17226299Z: [    0.945082] PCI: Using host bridge windows from ACPI; if necessary, use "pci=nocrs" and report a bug
[STDOUT  ] 2017-07-17T21:16:13.233994406Z: [    1.006729] ACPI: PCI Root Bridge [PCI0] (domain 0000 [bus 00-ff])
[STDOUT  ] 2017-07-17T21:16:13.235212079Z: [    1.007920] acpi PNP0A08:00: _OSC: OS supports [ExtendedConfig ASPM ClockPM Segments MSI]
[STDOUT  ] 2017-07-17T21:16:13.242051988Z: [    1.014936] acpi PNP0A08:00: _OSC: OS now controls [PCIeHotplug PME PCIeCapability]
[STDOUT  ] 2017-07-17T21:16:13.24601948Z: [    1.019022] PCI host bridge to bus 0000:00
[STDOUT  ] 2017-07-17T21:16:13.246693636Z: [    1.019524] pci_bus 0000:00: root bus resource [io  0x0000-0x0cf7 window]
[STDOUT  ] 2017-07-17T21:16:13.247342722Z: [    1.020134] pci_bus 0000:00: root bus resource [io  0x0d00-0xffff window]
[STDOUT  ] 2017-07-17T21:16:13.247814965Z: [    1.020618] pci_bus 0000:00: root bus resource [mem 0x000a0000-0x000bffff window]
[STDOUT  ] 2017-07-17T21:16:13.248469571Z: [    1.021112] pci_bus 0000:00: root bus resource [mem 0xc0000000-0xfebfffff window]
[STDOUT  ] 2017-07-17T21:16:13.249077908Z: [    1.021834] pci_bus 0000:00: root bus resource [bus 00-ff]
[STDOUT  ] 2017-07-17T21:16:13.341936725Z: [    1.114275] pci 0000:00:1f.0: quirk: [io  0x0600-0x067f] claimed by ICH6 ACPI/GPIO/TCO
[STDOUT  ] 2017-07-17T21:16:13.399896743Z: [    1.172350] ACPI: PCI Interrupt Link [LNKA] (IRQs 5 *10 11)
[STDOUT  ] 2017-07-17T21:16:13.402444913Z: [    1.175262] ACPI: PCI Interrupt Link [LNKB] (IRQs 5 *10 11)
[STDOUT  ] 2017-07-17T21:16:13.404856821Z: [    1.177696] ACPI: PCI Interrupt Link [LNKC] (IRQs 5 10 *11)
[STDOUT  ] 2017-07-17T21:16:13.406942602Z: [    1.179548] ACPI: PCI Interrupt Link [LNKD] (IRQs 5 10 *11)
[STDOUT  ] 2017-07-17T21:16:13.40886869Z: [    1.181625] ACPI: PCI Interrupt Link [LNKE] (IRQs 5 *10 11)
[STDOUT  ] 2017-07-17T21:16:13.410776674Z: [    1.183499] ACPI: PCI Interrupt Link [LNKF] (IRQs 5 *10 11)
[STDOUT  ] 2017-07-17T21:16:13.41259721Z: [    1.185472] ACPI: PCI Interrupt Link [LNKG] (IRQs 5 10 *11)
[STDOUT  ] 2017-07-17T21:16:13.415098045Z: [    1.187894] ACPI: PCI Interrupt Link [LNKH] (IRQs 5 10 *11)
[STDOUT  ] 2017-07-17T21:16:13.416010001Z: [    1.188890] ACPI: PCI Interrupt Link [GSIA] (IRQs *16)
[STDOUT  ] 2017-07-17T21:16:13.416930253Z: [    1.189654] ACPI: PCI Interrupt Link [GSIB] (IRQs *17)
[STDOUT  ] 2017-07-17T21:16:13.417660089Z: [    1.190573] ACPI: PCI Interrupt Link [GSIC] (IRQs *18)
[STDOUT  ] 2017-07-17T21:16:13.418446832Z: [    1.191262] ACPI: PCI Interrupt Link [GSID] (IRQs *19)
[STDOUT  ] 2017-07-17T21:16:13.419323567Z: [    1.192054] ACPI: PCI Interrupt Link [GSIE] (IRQs *20)
[STDOUT  ] 2017-07-17T21:16:13.420098502Z: [    1.192852] ACPI: PCI Interrupt Link [GSIF] (IRQs *21)
[STDOUT  ] 2017-07-17T21:16:13.420734151Z: [    1.193644] ACPI: PCI Interrupt Link [GSIG] (IRQs *22)
[STDOUT  ] 2017-07-17T21:16:13.421576533Z: [    1.194339] ACPI: PCI Interrupt Link [GSIH] (IRQs *23)
[STDOUT  ] 2017-07-17T21:16:13.425338497Z: [    1.198156] ACPI: Enabled 2 GPEs in block 00 to 3F
[STDOUT  ] 2017-07-17T21:16:13.429868125Z: [    1.202841] SCSI subsystem initialized
[STDOUT  ] 2017-07-17T21:16:13.431864436Z: [    1.204901] ACPI: bus type USB registered
[STDOUT  ] 2017-07-17T21:16:13.433080332Z: [    1.206137] usbcore: registered new interface driver usbfs
[STDOUT  ] 2017-07-17T21:16:13.434045427Z: [    1.207119] usbcore: registered new interface driver hub
[STDOUT  ] 2017-07-17T21:16:13.435029163Z: [    1.208034] usbcore: registered new device driver usb
[STDOUT  ] 2017-07-17T21:16:13.436232936Z: [    1.209250] pps_core: LinuxPPS API ver. 1 registered
[STDOUT  ] 2017-07-17T21:16:13.437090698Z: [    1.209621] pps_core: Software ver. 5.3.6 - Copyright 2005-2007 Rodolfo Giometti <giometti@linux.it>
[STDOUT  ] 2017-07-17T21:16:13.437693886Z: [    1.210300] PTP clock support registered
[STDOUT  ] 2017-07-17T21:16:13.438827475Z: [    1.211594] wmi: Mapper loaded
[STDOUT  ] 2017-07-17T21:16:13.440002952Z: [    1.212707] PCI: Using ACPI for IRQ routing
[STDOUT  ] 2017-07-17T21:16:13.459825688Z: [    1.232578] NetLabel: Initializing
[STDOUT  ] 2017-07-17T21:16:13.460067825Z: [    1.232893] NetLabel:  domain hash size = 128
[STDOUT  ] 2017-07-17T21:16:13.460413341Z: [    1.233345] NetLabel:  protocols = UNLABELED CIPSOv4
[STDOUT  ] 2017-07-17T21:16:13.463276293Z: [    1.236187] NetLabel:  unlabeled traffic allowed by default
[STDOUT  ] 2017-07-17T21:16:13.46480004Z: [    1.237600] HPET: 3 timers in total, 0 timers will be used for per-cpu timer
[STDOUT  ] 2017-07-17T21:16:13.465775014Z: [    1.238518] hpet0: at MMIO 0xfed00000, IRQs 2, 8, 0
[STDOUT  ] 2017-07-17T21:16:13.466261475Z: [    1.239111] hpet0: 3 comparators, 64-bit 100.000000 MHz counter
[STDOUT  ] 2017-07-17T21:16:13.474416951Z: [    1.247277] clocksource: Switched to clocksource hpet
[STDOUT  ] 2017-07-17T21:16:13.728871807Z: [    1.494764] VFS: Disk quotas dquot_6.6.0
[STDOUT  ] 2017-07-17T21:16:13.729937817Z: [    1.495678] VFS: Dquot-cache hash table entries: 512 (order 0, 4096 bytes)
[STDOUT  ] 2017-07-17T21:16:13.733628604Z: [    1.499652] FS-Cache: Loaded
[STDOUT  ] 2017-07-17T21:16:13.738892269Z: [    1.504988] CacheFiles: Loaded
[STDOUT  ] 2017-07-17T21:16:13.741452875Z: [    1.507491] pnp: PnP ACPI init
[STDOUT  ] 2017-07-17T21:16:13.752822436Z: [    1.518852] pnp: PnP ACPI: found 5 devices
[STDOUT  ] 2017-07-17T21:16:13.804273629Z: [    1.569670] clocksource: acpi_pm: mask: 0xffffff max_cycles: 0xffffff, max_idle_ns: 2085701024 ns
[STDOUT  ] 2017-07-17T21:16:13.808471405Z: [    1.574465] NET: Registered protocol family 2
[STDOUT  ] 2017-07-17T21:16:13.81632299Z: [    1.582118] TCP established hash table entries: 8192 (order: 4, 65536 bytes)
[STDOUT  ] 2017-07-17T21:16:13.817195374Z: [    1.583003] TCP bind hash table entries: 8192 (order: 5, 131072 bytes)
[STDOUT  ] 2017-07-17T21:16:13.817976953Z: [    1.583774] TCP: Hash tables configured (established 8192 bind 8192)
[STDOUT  ] 2017-07-17T21:16:13.819875847Z: [    1.585750] UDP hash table entries: 512 (order: 2, 16384 bytes)
[STDOUT  ] 2017-07-17T21:16:13.820570984Z: [    1.586374] UDP-Lite hash table entries: 512 (order: 2, 16384 bytes)
[STDOUT  ] 2017-07-17T21:16:13.82298682Z: [    1.588863] NET: Registered protocol family 1
[STDOUT  ] 2017-07-17T21:16:13.824339823Z: [    1.589903] pci 0000:00:01.0: Video device with shadowed ROM at [mem 0x000c0000-0x000dffff]
[STDOUT  ] 2017-07-17T21:16:13.83144277Z: [    1.597473] Unpacking initramfs...
[STDOUT  ] 2017-07-17T21:16:15.86429585Z: [    3.629942] Freeing initrd memory: 15148K (ffff8e013f114000 - ffff8e013ffdf000)
[STDOUT  ] 2017-07-17T21:16:15.889785592Z: [    3.655520] PCLMULQDQ-NI instructions are not detected.
[STDOUT  ] 2017-07-17T21:16:15.891313418Z: [    3.657211] AVX or AES-NI instructions are not detected.
[STDOUT  ] 2017-07-17T21:16:15.891915051Z: [    3.657716] CPU feature 'AVX registers' is not supported.
[STDOUT  ] 2017-07-17T21:16:15.892246062Z: [    3.658170] CPU feature 'AVX registers' is not supported.
[STDOUT  ] 2017-07-17T21:16:15.892764139Z: [    3.658593] CPU feature 'AVX registers' is not supported.
[STDOUT  ] 2017-07-17T21:16:15.893084729Z: [    3.659020] CPU feature 'AVX registers' is not supported.
[STDOUT  ] 2017-07-17T21:16:15.893631754Z: [    3.659444] AVX2 or AES-NI instructions are not detected.
[STDOUT  ] 2017-07-17T21:16:15.894245246Z: [    3.659931] AVX2 instructions are not detected.
[STDOUT  ] 2017-07-17T21:16:15.90027712Z: [    3.666188] audit: initializing netlink subsys (disabled)
[STDOUT  ] 2017-07-17T21:16:15.901919555Z: [    3.667846] audit: type=2000 audit(1500326174.660:1): initialized
[STDOUT  ] 2017-07-17T21:16:15.912618316Z: [    3.678327] workingset: timestamp_bits=46 max_order=18 bucket_order=0
[STDOUT  ] 2017-07-17T21:16:15.91932994Z: [    3.685079] FS-Cache: Netfs 'cifs' registered for caching
[STDOUT  ] 2017-07-17T21:16:15.920288283Z: [    3.686188] fuse init (API version 7.26)
[STDOUT  ] 2017-07-17T21:16:15.922730586Z: [    3.688616] SGI XFS with ACLs, security attributes, no debug enabled
[STDOUT  ] 2017-07-17T21:16:15.926897864Z: [    3.692831] 9p: Installing v9fs 9p2000 file system support
[STDOUT  ] 2017-07-17T21:16:15.927628582Z: [    3.693413] FS-Cache: Netfs '9p' registered for caching
[STDOUT  ] 2017-07-17T21:16:15.960313148Z: [    3.726225] NET: Registered protocol family 38
[STDOUT  ] 2017-07-17T21:16:15.960988576Z: [    3.726947] Key type asymmetric registered
[STDOUT  ] 2017-07-17T21:16:15.961404835Z: [    3.727346] Asymmetric key parser 'x509' registered
[STDOUT  ] 2017-07-17T21:16:15.962697033Z: [    3.728446] Block layer SCSI generic (bsg) driver version 0.4 loaded (major 251)
[STDOUT  ] 2017-07-17T21:16:15.965600413Z: [    3.731499] io scheduler noop registered
[STDOUT  ] 2017-07-17T21:16:15.965844645Z: [    3.731870] io scheduler deadline registered (default)
[STDOUT  ] 2017-07-17T21:16:15.967045414Z: [    3.733158] io scheduler cfq registered
[STDOUT  ] 2017-07-17T21:16:15.970105343Z: [    3.736015] pci_hotplug: PCI Hot Plug PCI Core version: 0.5
[STDOUT  ] 2017-07-17T21:16:15.97068406Z: [    3.736631] pciehp: PCI Express Hot Plug Controller Driver version: 0.4
[STDOUT  ] 2017-07-17T21:16:15.971708869Z: [    3.737510] shpchp: Standard Hot Plug PCI Controller Driver version: 0.4
[STDOUT  ] 2017-07-17T21:16:15.972445639Z: [    3.738398] hv_vmbus: registering driver hyperv_fb
[STDOUT  ] 2017-07-17T21:16:15.977455283Z: [    3.743260] input: Power Button as /devices/LNXSYSTM:00/LNXPWRBN:00/input/input0
[STDOUT  ] 2017-07-17T21:16:15.978462039Z: [    3.744396] ACPI: Power Button [PWRF]
[STDOUT  ] 2017-07-17T21:16:15.983066578Z: [    3.749146] GHES: HEST is not enabled!
[STDOUT  ] 2017-07-17T21:16:15.993584275Z: [    3.759305] ACPI: PCI Interrupt Link [GSIH] enabled at IRQ 23
[STDOUT  ] 2017-07-17T21:16:16.001050244Z: [    3.766735] xenfs: not registering filesystem on non-xen platform
[STDOUT  ] 2017-07-17T21:16:16.002973758Z: [    3.768940] Serial: 8250/16550 driver, 4 ports, IRQ sharing disabled
[STDOUT  ] 2017-07-17T21:16:16.028666749Z: [    3.794148] 00:04: ttyS0 at I/O 0x3f8 (irq = 4, base_baud = 115200) is a 16550A
[STDOUT  ] 2017-07-17T21:16:16.042472132Z: [    3.808296] Non-volatile memory driver v1.3
[STDOUT  ] 2017-07-17T21:16:16.876940817Z: [    4.642653] tsc: Refined TSC clocksource calibration: 2599.984 MHz
[STDOUT  ] 2017-07-17T21:16:16.877776562Z: [    4.643298] clocksource: tsc: mask: 0xffffffffffffffff max_cycles: 0x257a2d1bad8, max_idle_ns: 440795292017 ns
[STDOUT  ] 2017-07-17T21:16:17.886256815Z: [    5.652174] clocksource: Switched to clocksource tsc
[STDOUT  ] 2017-07-17T21:16:22.943505927Z: [   10.708908] Hangcheck: starting hangcheck timer 0.9.1 (tick is 180 seconds, margin is 60 seconds).
[STDOUT  ] 2017-07-17T21:16:22.986330782Z: [   10.752344] loop: module loaded
[STDOUT  ] 2017-07-17T21:16:23.003430617Z: [   10.769360] nbd: registered device at major 43
[STDOUT  ] 2017-07-17T21:16:23.048066559Z: [   10.813854] lpc_ich 0000:00:1f.0: I/O space for GPIO uninitialized
[STDOUT  ] 2017-07-17T21:16:23.050576029Z: [   10.816438] VMware PVSCSI driver - version 1.0.7.0-k
[STDOUT  ] 2017-07-17T21:16:23.051614841Z: [   10.817533] hv_vmbus: registering driver hv_storvsc
[STDOUT  ] 2017-07-17T21:16:23.062569555Z: [   10.828291] ACPI: PCI Interrupt Link [GSIA] enabled at IRQ 16
[STDOUT  ] 2017-07-17T21:16:23.069492798Z: [   10.835138] ahci 0000:00:1f.2: AHCI 0001.0000 32 slots 6 ports 1.5 Gbps 0x3f impl SATA mode
[STDOUT  ] 2017-07-17T21:16:23.070071731Z: [   10.836044] ahci 0000:00:1f.2: flags: 64bit ncq only 
[STDOUT  ] 2017-07-17T21:16:23.090823391Z: [   10.856840] scsi host0: ahci
[STDOUT  ] 2017-07-17T21:16:23.096658343Z: [   10.862681] scsi host1: ahci
[STDOUT  ] 2017-07-17T21:16:23.10041373Z: [   10.866394] scsi host2: ahci
[STDOUT  ] 2017-07-17T21:16:23.102975918Z: [   10.869056] scsi host3: ahci
[STDOUT  ] 2017-07-17T21:16:23.105775544Z: [   10.871802] scsi host4: ahci
[STDOUT  ] 2017-07-17T21:16:23.108069261Z: [   10.874160] scsi host5: ahci
[STDOUT  ] 2017-07-17T21:16:23.110289944Z: [   10.876109] ata1: SATA max UDMA/133 abar m4096@0xfebf1000 port 0xfebf1100 irq 24
[STDOUT  ] 2017-07-17T21:16:23.11098588Z: [   10.876798] ata2: SATA max UDMA/133 abar m4096@0xfebf1000 port 0xfebf1180 irq 24
[STDOUT  ] 2017-07-17T21:16:23.111559954Z: [   10.877301] ata3: SATA max UDMA/133 abar m4096@0xfebf1000 port 0xfebf1200 irq 24
[STDOUT  ] 2017-07-17T21:16:23.112158863Z: [   10.877873] ata4: SATA max UDMA/133 abar m4096@0xfebf1000 port 0xfebf1280 irq 24
[STDOUT  ] 2017-07-17T21:16:23.11261095Z: [   10.878453] ata5: SATA max UDMA/133 abar m4096@0xfebf1000 port 0xfebf1300 irq 24
[STDOUT  ] 2017-07-17T21:16:23.113216654Z: [   10.878975] ata6: SATA max UDMA/133 abar m4096@0xfebf1000 port 0xfebf1380 irq 24
[STDOUT  ] 2017-07-17T21:16:23.127631452Z: [   10.893444] tun: Universal TUN/TAP device driver, 1.6
[STDOUT  ] 2017-07-17T21:16:23.128114741Z: [   10.893983] tun: (C) 1999-2004 Max Krasnyansky <maxk@qualcomm.com>
[STDOUT  ] 2017-07-17T21:16:23.131427Z: [   10.897145] VMware vmxnet3 virtual NIC driver - version 1.4.a.0-k-NAPI
[STDOUT  ] 2017-07-17T21:16:23.132646915Z: [   10.898615] hv_vmbus: registering driver hv_netvsc
[STDOUT  ] 2017-07-17T21:16:23.133076366Z: [   10.899000] Fusion MPT base driver 3.04.20
[STDOUT  ] 2017-07-17T21:16:23.133407451Z: [   10.899371] Copyright (c) 1999-2008 LSI Corporation
[STDOUT  ] 2017-07-17T21:16:23.134532582Z: [   10.900571] Fusion MPT SPI Host driver 3.04.20
[STDOUT  ] 2017-07-17T21:16:23.136957813Z: [   10.902748] i8042: PNP: PS/2 Controller [PNP0303:KBD,PNP0f13:MOU] at 0x60,0x64 irq 1,12
[STDOUT  ] 2017-07-17T21:16:23.140925782Z: [   10.906870] serio: i8042 KBD port at 0x60,0x64 irq 1
[STDOUT  ] 2017-07-17T21:16:23.14167732Z: [   10.907684] serio: i8042 AUX port at 0x60,0x64 irq 12
[STDOUT  ] 2017-07-17T21:16:23.145460255Z: [   10.911425] hv_vmbus: registering driver hyperv_keyboard
[STDOUT  ] 2017-07-17T21:16:23.147769664Z: [   10.913736] mousedev: PS/2 mouse device common for all mice
[STDOUT  ] 2017-07-17T21:16:23.152771702Z: [   10.918557] input: AT Translated Set 2 keyboard as /devices/platform/i8042/serio0/input/input1
[STDOUT  ] 2017-07-17T21:16:23.155995131Z: [   10.921973] input: PC Speaker as /devices/platform/pcspkr/input/input2
[STDOUT  ] 2017-07-17T21:16:23.159670112Z: [   10.925731] rtc_cmos 00:00: RTC can wake from S4
[STDOUT  ] 2017-07-17T21:16:23.163083832Z: [   10.929006] rtc_cmos 00:00: rtc core: registered rtc_cmos as rtc0
[STDOUT  ] 2017-07-17T21:16:23.165009617Z: [   10.930792] rtc_cmos 00:00: alarms up to one day, y3k, 114 bytes nvram, hpet irqs
[STDOUT  ] 2017-07-17T21:16:23.165616637Z: [   10.931636] i2c /dev entries driver
[STDOUT  ] 2017-07-17T21:16:23.167951954Z: [   10.933784] device-mapper: ioctl: 4.35.0-ioctl (2016-06-23) initialised: dm-devel@redhat.com
[STDOUT  ] 2017-07-17T21:16:23.172634294Z: [   10.938489] usbcore: registered new interface driver usbhid
[STDOUT  ] 2017-07-17T21:16:23.172905486Z: [   10.938954] usbhid: USB HID core driver
[STDOUT  ] 2017-07-17T21:16:23.173660266Z: [   10.939691] hv_utils: Registering HyperV Utility Driver
[STDOUT  ] 2017-07-17T21:16:23.174123185Z: [   10.940022] hv_vmbus: registering driver hv_util
[STDOUT  ] 2017-07-17T21:16:23.174881287Z: [   10.940804] hv_vmbus: registering driver hv_balloon
[STDOUT  ] 2017-07-17T21:16:23.175677Z: [   10.941613] oprofile: using NMI interrupt.
[STDOUT  ] 2017-07-17T21:16:23.176706911Z: [   10.942803] GACT probability on
[STDOUT  ] 2017-07-17T21:16:23.177192241Z: [   10.943350] Mirror/redirect action on
[STDOUT  ] 2017-07-17T21:16:23.178247167Z: [   10.944204] Simple TC action Loaded
[STDOUT  ] 2017-07-17T21:16:23.178797311Z: [   10.944941] u32 classifier
[STDOUT  ] 2017-07-17T21:16:23.17910268Z: [   10.945117]     Performance counters on
[STDOUT  ] 2017-07-17T21:16:23.179495112Z: [   10.945425]     input device check on
[STDOUT  ] 2017-07-17T21:16:23.179966517Z: [   10.946131]     Actions configured
[STDOUT  ] 2017-07-17T21:16:23.18071339Z: [   10.946735] Netfilter messages via NETLINK v0.30.
[STDOUT  ] 2017-07-17T21:16:23.181329374Z: [   10.947341] nfnl_acct: registering with nfnetlink.
[STDOUT  ] 2017-07-17T21:16:23.182811253Z: [   10.948818] nf_conntrack version 0.5.0 (8192 buckets, 32768 max)
[STDOUT  ] 2017-07-17T21:16:23.186359711Z: [   10.952256] ctnetlink v0.93: registering with nfnetlink.
[STDOUT  ] 2017-07-17T21:16:23.189605346Z: [   10.955502] nf_tables: (c) 2007-2009 Patrick McHardy <kaber@trash.net>
[STDOUT  ] 2017-07-17T21:16:23.190592568Z: [   10.956427] nf_tables_compat: (c) 2012 Pablo Neira Ayuso <pablo@netfilter.org>
[STDOUT  ] 2017-07-17T21:16:23.193104679Z: [   10.959032] xt_time: kernel timezone is -0000
[STDOUT  ] 2017-07-17T21:16:23.193493092Z: [   10.959669] ip_set: protocol 6
[STDOUT  ] 2017-07-17T21:16:23.194852979Z: [   10.960764] IPVS: Registered protocols (TCP, UDP, SCTP, AH, ESP)
[STDOUT  ] 2017-07-17T21:16:23.195720003Z: [   10.961510] IPVS: Connection hash table configured (size=4096, memory=64Kbytes)
[STDOUT  ] 2017-07-17T21:16:23.197304021Z: [   10.963276] IPVS: Creating netns size=2104 id=0
[STDOUT  ] 2017-07-17T21:16:23.199862987Z: [   10.965986] IPVS: ipvs loaded.
[STDOUT  ] 2017-07-17T21:16:23.200422597Z: [   10.966425] IPVS: [rr] scheduler registered.
[STDOUT  ] 2017-07-17T21:16:23.200863132Z: [   10.966793] IPVS: [wrr] scheduler registered.
[STDOUT  ] 2017-07-17T21:16:23.201191918Z: [   10.967184] IPVS: [lc] scheduler registered.
[STDOUT  ] 2017-07-17T21:16:23.20148151Z: [   10.967501] IPVS: [wlc] scheduler registered.
[STDOUT  ] 2017-07-17T21:16:23.201782709Z: [   10.967840] IPVS: [fo] scheduler registered.
[STDOUT  ] 2017-07-17T21:16:23.202108291Z: [   10.968149] IPVS: [ovf] scheduler registered.
[STDOUT  ] 2017-07-17T21:16:23.202667901Z: [   10.968697] IPVS: [lblc] scheduler registered.
[STDOUT  ] 2017-07-17T21:16:23.203222625Z: [   10.969233] IPVS: [lblcr] scheduler registered.
[STDOUT  ] 2017-07-17T21:16:23.203570464Z: [   10.969592] IPVS: [dh] scheduler registered.
[STDOUT  ] 2017-07-17T21:16:23.204124671Z: [   10.969936] IPVS: [sh] scheduler registered.
[STDOUT  ] 2017-07-17T21:16:23.205123245Z: [   10.971065] IPVS: [sed] scheduler registered.
[STDOUT  ] 2017-07-17T21:16:23.205443845Z: [   10.971377] IPVS: [nq] scheduler registered.
[STDOUT  ] 2017-07-17T21:16:23.206215132Z: [   10.972221] IPVS: ftp: loaded support on port[0] = 21
[STDOUT  ] 2017-07-17T21:16:23.207134896Z: [   10.973149] ipip: IPv4 and MPLS over IPv4 tunneling driver
[STDOUT  ] 2017-07-17T21:16:23.211635734Z: [   10.977695] gre: GRE over IPv4 demultiplexor driver
[STDOUT  ] 2017-07-17T21:16:23.215027195Z: [   10.980981] ip_tables: (C) 2000-2006 Netfilter Core Team
[STDOUT  ] 2017-07-17T21:16:23.21829419Z: [   10.984181] ipt_CLUSTERIP: ClusterIP Version 0.8 loaded successfully
[STDOUT  ] 2017-07-17T21:16:23.21907365Z: [   10.984983] arp_tables: arp_tables: (C) 2002 David S. Miller
[STDOUT  ] 2017-07-17T21:16:23.221448398Z: [   10.987415] NET: Registered protocol family 10
[STDOUT  ] 2017-07-17T21:16:23.23143726Z: [   10.997238] ip6_tables: (C) 2000-2006 Netfilter Core Team
[STDOUT  ] 2017-07-17T21:16:23.240054194Z: [   11.006026] NET: Registered protocol family 17
[STDOUT  ] 2017-07-17T21:16:23.241214545Z: [   11.007203] Bridge firewalling registered
[STDOUT  ] 2017-07-17T21:16:23.241689971Z: [   11.007827] Ebtables v2.0 registered
[STDOUT  ] 2017-07-17T21:16:23.243836865Z: [   11.009818] 8021q: 802.1Q VLAN Support v1.8
[STDOUT  ] 2017-07-17T21:16:23.245647975Z: [   11.011776] 9pnet: Installing 9P2000 support
[STDOUT  ] 2017-07-17T21:16:23.247278323Z: [   11.013232] Key type dns_resolver registered
[STDOUT  ] 2017-07-17T21:16:23.248254198Z: [   11.014252] microcode: AMD CPU family 0x6 not supported
[STDOUT  ] 2017-07-17T21:16:23.252161186Z: [   11.018030] registered taskstats version 1
[STDOUT  ] 2017-07-17T21:16:23.447718533Z: [   11.213546] ata2: SATA link down (SStatus 0 SControl 300)
[STDOUT  ] 2017-07-17T21:16:23.451122041Z: [   11.216987] ata1: SATA link up 1.5 Gbps (SStatus 113 SControl 300)
[STDOUT  ] 2017-07-17T21:16:23.454632603Z: [   11.220547] ata6: SATA link down (SStatus 0 SControl 300)
[STDOUT  ] 2017-07-17T21:16:23.455500158Z: [   11.221329] ata3: SATA link up 1.5 Gbps (SStatus 113 SControl 300)
[STDOUT  ] 2017-07-17T21:16:23.457289563Z: [   11.223243] ata3.00: ATAPI: QEMU DVD-ROM, 2.5+, max UDMA/100
[STDOUT  ] 2017-07-17T21:16:23.457835935Z: [   11.223790] ata3.00: applying bridge limits
[STDOUT  ] 2017-07-17T21:16:23.459657183Z: [   11.225618] ata3.00: configured for UDMA/100
[STDOUT  ] 2017-07-17T21:16:23.461969191Z: [   11.227906] ata4: SATA link down (SStatus 0 SControl 300)
[STDOUT  ] 2017-07-17T21:16:23.462499388Z: [   11.228494] ata5: SATA link down (SStatus 0 SControl 300)
[STDOUT  ] 2017-07-17T21:16:23.465095064Z: [   11.230907] ata1.00: ATA-7: QEMU HARDDISK, 2.5+, max UDMA/100
[STDOUT  ] 2017-07-17T21:16:23.465578908Z: [   11.231430] ata1.00: 409600 sectors, multi 16: LBA48 NCQ (depth 31/32)
[STDOUT  ] 2017-07-17T21:16:23.466082061Z: [   11.232053] ata1.00: applying bridge limits
[STDOUT  ] 2017-07-17T21:16:23.466975487Z: [   11.232859] ata1.00: configured for UDMA/100
[STDOUT  ] 2017-07-17T21:16:23.494037633Z: [   11.259524] scsi 0:0:0:0: Direct-Access     ATA      QEMU HARDDISK    2.5+ PQ: 0 ANSI: 5
[STDOUT  ] 2017-07-17T21:16:23.499562331Z: [   11.265388] Key type big_key registered
[STDOUT  ] 2017-07-17T21:16:23.519453401Z: [   11.285139] sd 0:0:0:0: Attached scsi generic sg0 type 0
[STDOUT  ] 2017-07-17T21:16:23.525152421Z: [   11.290984] sd 0:0:0:0: [sda] 409600 512-byte logical blocks: (210 MB/200 MiB)
[STDOUT  ] 2017-07-17T21:16:23.530939414Z: [   11.296651] sd 0:0:0:0: [sda] Write Protect is off
[STDOUT  ] 2017-07-17T21:16:23.533586167Z: [   11.299372] scsi 2:0:0:0: CD-ROM            QEMU     QEMU DVD-ROM     2.5+ PQ: 0 ANSI: 5
[STDOUT  ] 2017-07-17T21:16:23.5393692Z: [   11.304902] sd 0:0:0:0: [sda] Write cache: enabled, read cache: enabled, doesn't support DPO or FUA
[STDOUT  ] 2017-07-17T21:16:23.557296249Z: [   11.323055] sr 2:0:0:0: [sr0] scsi3-mmc drive: 4x/4x cd/rw xa/form2 tray
[STDOUT  ] 2017-07-17T21:16:23.557822543Z: [   11.323786] cdrom: Uniform CD-ROM driver Revision: 3.20
[STDOUT  ] 2017-07-17T21:16:23.572515928Z: [   11.338497]  sda: sda1
[STDOUT  ] 2017-07-17T21:16:23.584803563Z: [   11.350654] sr 2:0:0:0: Attached scsi generic sg1 type 5
[STDOUT  ] 2017-07-17T21:16:23.607770093Z: [   11.373687] sd 0:0:0:0: [sda] Attached SCSI disk
[STDOUT  ] 2017-07-17T21:16:23.629140301Z: [   11.395016] Key type encrypted registered
[STDOUT  ] 2017-07-17T21:16:23.635864423Z: [   11.401497] rtc_cmos 00:00: setting system clock to 2017-07-17 21:16:23 UTC (1500326183)
[STDOUT  ] 2017-07-17T21:16:23.800846959Z: [   11.566414] Freeing unused kernel memory: 1380K (ffffffff8dd57000 - ffffffff8deb0000)
[STDOUT  ] 2017-07-17T21:16:23.801233928Z: [   11.567125] Write protecting the kernel read-only data: 12288k
[STDOUT  ] 2017-07-17T21:16:23.810055516Z: [   11.575644] Freeing unused kernel memory: 152K (ffff8e01087da000 - ffff8e0108800000)
[STDOUT  ] 2017-07-17T21:16:23.94645854Z: [   11.712191] Freeing unused kernel memory: 1400K (ffff8e0108aa2000 - ffff8e0108c00000)
[STDOUT  ] 2017-07-17T21:16:28.275542848Z: [   16.041381] e1000: Intel(R) PRO/1000 Network Driver - version 7.3.21-k8-NAPI
[STDOUT  ] 2017-07-17T21:16:28.27731349Z: [   16.041887] e1000: Copyright (c) 1999-2006 Intel Corporation.
[STDOUT  ] 2017-07-17T21:16:28.295804412Z: [   16.061710] ACPI: PCI Interrupt Link [GSIG] enabled at IRQ 22
[STDOUT  ] 2017-07-17T21:16:28.661564356Z: [   16.427325] e1000 0000:00:02.0 eth0: (PCI:33MHz:32-bit) 52:54:00:12:34:56
[STDOUT  ] 2017-07-17T21:16:28.662554033Z: [   16.428382] e1000 0000:00:02.0 eth0: Intel(R) PRO/1000 Network Connection
[STDOUT  ] 2017-07-17T21:16:29.144004855Z: 
[STDOUT  ] 2017-07-17T21:16:29.145131603Z: Welcome to LinuxKit
[STDOUT  ] 2017-07-17T21:16:29.145293579Z: 
[STDOUT  ] 2017-07-17T21:16:29.145635248Z:                         ##         .
[STDOUT  ] 2017-07-17T21:16:29.146165458Z:                   ## ## ##        ==
[STDOUT  ] 2017-07-17T21:16:29.146513107Z:                ## ## ## ## ##    ===
[STDOUT  ] 2017-07-17T21:16:29.146843781Z:            /"""""""""""""""""\___/ ===
[STDOUT  ] 2017-07-17T21:16:29.147446016Z:           {                       /  ===-
[STDOUT  ] 2017-07-17T21:16:29.147778243Z:            \______ O           __/
[STDOUT  ] 2017-07-17T21:16:29.148135776Z:              \    \         __/
[STDOUT  ] 2017-07-17T21:16:29.148472744Z:               \____\_______/
[STDOUT  ] 2017-07-17T21:16:29.148644555Z: 
[STDOUT  ] 2017-07-17T21:17:00.521551411Z: [   48.287566] sd 0:0:0:0: [sda] Synchronizing SCSI cache
[STDOUT  ] 2017-07-17T21:17:00.522620315Z: [   48.288769] sd 0:0:0:0: [sda] Stopping disk
[STDOUT  ] 2017-07-17T21:17:00.525623533Z: [   48.291735] ACPI: Preparing to enter system sleep state S5
[STDOUT  ] 2017-07-17T21:17:00.526483278Z: [   48.292774] reboot: Power down
[STDERR  ] 2017-07-17T21:17:00.887689924Z: + exit 0
[STDERR  ] 2017-07-17T21:17:00.887702328Z: + clean_up
[STDERR  ] 2017-07-17T21:17:00.887719422Z: + find . -depth -iname run* -not -iname *.yml -exec rm -rf {} ;
[STDERR  ] 2017-07-17T21:17:00.892835321Z: + find . -depth -iname mkimage* -not -iname *.yml -exec rm -rf {} ;
[STDERR  ] 2017-07-17T21:17:00.899851115Z: + find . -depth -iname disk.qcow2* -not -iname *.yml -exec rm -rf {} ;
[STDERR  ] 2017-07-17T21:17:00.904945803Z: + rm -f tarball.img
[PASS    ] linuxkit.packages.mkimage 152.59s
