[INFO    ] 2018-12-29T16:32:47.733441955Z: Running Test linuxkit.packages.format_mount.xfs in /tmp/build/test/cases/040_packages/006_format_mount/004_xfs
[INFO    ] 2018-12-29T16:32:47.733586775Z: Running command: [/bin/sh -x /tmp/build/test/cases/040_packages/006_format_mount/004_xfs/test.sh]
[STDERR  ] 2018-12-29T16:32:47.742680561Z: + set -e
[STDERR  ] 2018-12-29T16:32:47.742773463Z: + . /tmp/build/test/cases/_lib/lib.sh
[STDERR  ] 2018-12-29T16:32:47.742789476Z: + [ -f src/github.com/linuxkit/rtf/lib/lib.sh ]
[STDERR  ] 2018-12-29T16:32:47.742802829Z: + LINUXKIT_TMPDIR=/tmp/build/test/cases/_tmp
[STDERR  ] 2018-12-29T16:32:47.742815618Z: + [ -f /tmp/build/test/cases/_tmp/env.sh ]
[STDERR  ] 2018-12-29T16:32:47.742829188Z: + . /tmp/build/test/cases/_tmp/env.sh
[STDERR  ] 2018-12-29T16:32:47.742843327Z: + export LINUXKIT_EXAMPLES_DIR=/tmp/build/test/cases/../../examples
[STDERR  ] 2018-12-29T16:32:47.742856346Z: + RT_CANCEL=253
[STDERR  ] 2018-12-29T16:32:47.742867567Z: + NAME=test-format
[STDERR  ] 2018-12-29T16:32:47.742882544Z: + DISK=disk.img
[STDERR  ] 2018-12-29T16:32:47.742906438Z: + trap clean_up EXIT
[STDERR  ] 2018-12-29T16:32:47.742937334Z: + linuxkit build -format kernel+initrd -name test-format test.yml
[STDERR  ] 2018-12-29T16:32:47.773821196Z: Extract kernel image: linuxkit/kernel:4.14.90
[STDERR  ] 2018-12-29T16:32:49.554331304Z: Add init containers:
[STDERR  ] 2018-12-29T16:32:49.554402579Z: Process init image: linuxkit/init:c563953a2277eb73a89d89f70e4b6dcdcfebc2d1
[STDERR  ] 2018-12-29T16:32:50.723457200Z: Process init image: linuxkit/runc:83d0edb4552b1a5df1f0976f05f442829eac38fe
[STDERR  ] 2018-12-29T16:32:51.865644449Z: Add onboot containers:
[STDERR  ] 2018-12-29T16:32:51.865724264Z:   Create OCI config for linuxkit/format:v0.6
[STDERR  ] 2018-12-29T16:32:53.236074372Z:   Create OCI config for linuxkit/mount:v0.6
[STDERR  ] 2018-12-29T16:32:54.645058018Z:   Create OCI config for alpine:3.8
[STDERR  ] 2018-12-29T16:32:55.802296667Z:   Create OCI config for linuxkit/poweroff:afe8f7dd0d47a7991c54519b0f09124cb8c4e300
[STDERR  ] 2018-12-29T16:32:56.970813487Z: Add files:
[STDERR  ] 2018-12-29T16:32:56.970941781Z:   check.sh
[STDERR  ] 2018-12-29T16:32:56.971676891Z: Create outputs:
[STDERR  ] 2018-12-29T16:33:03.429791507Z:   test-format-kernel test-format-initrd.img test-format-cmdline
[STDERR  ] 2018-12-29T16:33:03.497648133Z: + linuxkit run -disk file=disk.img,size=512M test-format
[STDERR  ] 2018-12-29T16:33:20.670206293Z: + RESULT=[    0.000000] Linux version 4.14.90-linuxkit (root@0ff365c31169) (gcc version 6.4.0 (Alpine 6.4.0)) #1 SMP Sat Dec 22 11:49:10 UTC 2018
[STDERR  ] 2018-12-29T16:33:20.670285597Z: [    0.000000] Command line: console=ttyS0 console=ttyAMA0
[STDERR  ] 2018-12-29T16:33:20.670300598Z: [    0.000000] x86/fpu: x87 FPU will use FXSAVE
[STDERR  ] 2018-12-29T16:33:20.670313575Z: [    0.000000] e820: BIOS-provided physical RAM map:
[STDERR  ] 2018-12-29T16:33:20.670326197Z: [    0.000000] BIOS-e820: [mem 0x0000000000000000-0x000000000009fbff] usable
[STDERR  ] 2018-12-29T16:33:20.670347792Z: [    0.000000] BIOS-e820: [mem 0x000000000009fc00-0x000000000009ffff] reserved
[STDERR  ] 2018-12-29T16:33:20.670359750Z: [    0.000000] BIOS-e820: [mem 0x00000000000f0000-0x00000000000fffff] reserved
[STDERR  ] 2018-12-29T16:33:20.670371380Z: [    0.000000] BIOS-e820: [mem 0x0000000000100000-0x000000003ffdefff] usable
[STDERR  ] 2018-12-29T16:33:20.670383734Z: [    0.000000] BIOS-e820: [mem 0x000000003ffdf000-0x000000003fffffff] reserved
[STDERR  ] 2018-12-29T16:33:20.670395656Z: [    0.000000] BIOS-e820: [mem 0x00000000b0000000-0x00000000bfffffff] reserved
[STDERR  ] 2018-12-29T16:33:20.670408095Z: [    0.000000] BIOS-e820: [mem 0x00000000fed1c000-0x00000000fed1ffff] reserved
[STDERR  ] 2018-12-29T16:33:20.670420928Z: [    0.000000] BIOS-e820: [mem 0x00000000feffc000-0x00000000feffffff] reserved
[STDERR  ] 2018-12-29T16:33:20.670433779Z: [    0.000000] BIOS-e820: [mem 0x00000000fffc0000-0x00000000ffffffff] reserved
[STDERR  ] 2018-12-29T16:33:20.670446615Z: [    0.000000] NX (Execute Disable) protection: active
[STDERR  ] 2018-12-29T16:33:20.670478162Z: [    0.000000] SMBIOS 2.8 present.
[STDERR  ] 2018-12-29T16:33:20.670495743Z: [    0.000000] DMI: QEMU Standard PC (Q35 + ICH9, 2009), BIOS 1.10.2-1 04/01/2014
[STDERR  ] 2018-12-29T16:33:20.670508547Z: [    0.000000] Hypervisor detected: KVM
[STDERR  ] 2018-12-29T16:33:20.670523420Z: [    0.000000] tsc: Fast TSC calibration failed
[STDERR  ] 2018-12-29T16:33:20.670536562Z: [    0.000000] tsc: Unable to calibrate against PIT
[STDERR  ] 2018-12-29T16:33:20.670549384Z: [    0.000000] tsc: No reference (HPET/PMTIMER) available
[STDERR  ] 2018-12-29T16:33:20.670562272Z: [    0.000000] e820: last_pfn = 0x3ffdf max_arch_pfn = 0x400000000
[STDERR  ] 2018-12-29T16:33:20.670574515Z: [    0.000000] x86/PAT: PAT not supported by CPU.
[STDERR  ] 2018-12-29T16:33:20.670594787Z: [    0.000000] x86/PAT: Configuration [0-7]: WB  WT  UC- UC  WB  WT  UC- UC  
[STDERR  ] 2018-12-29T16:33:20.670611575Z: [    0.000000] found SMP MP-table at [mem 0x000f6a90-0x000f6a9f] mapped at [ffffffffff200a90]
[STDERR  ] 2018-12-29T16:33:20.670624851Z: [    0.000000] RAMDISK: [mem 0x3db11000-0x3ffcffff]
[STDERR  ] 2018-12-29T16:33:20.670636868Z: [    0.000000] ACPI: Early table checksum verification disabled
[STDERR  ] 2018-12-29T16:33:20.670653754Z: [    0.000000] ACPI: RSDP 0x00000000000F68D0 000014 (v00 BOCHS )
[STDERR  ] 2018-12-29T16:33:20.670670760Z: [    0.000000] ACPI: RSDT 0x000000003FFE2404 000034 (v01 BOCHS  BXPCRSDT 00000001 BXPC 00000001)
[STDERR  ] 2018-12-29T16:33:20.670692232Z: [    0.000000] ACPI: FACP 0x000000003FFE22A4 000074 (v01 BOCHS  BXPCFACP 00000001 BXPC 00000001)
[STDERR  ] 2018-12-29T16:33:20.670703931Z: [    0.000000] ACPI: DSDT 0x000000003FFE0040 002264 (v01 BOCHS  BXPCDSDT 00000001 BXPC 00000001)
[STDERR  ] 2018-12-29T16:33:20.670726118Z: [    0.000000] ACPI: FACS 0x000000003FFE0000 000040
[STDERR  ] 2018-12-29T16:33:20.670737855Z: [    0.000000] ACPI: APIC 0x000000003FFE2318 000078 (v01 BOCHS  BXPCAPIC 00000001 BXPC 00000001)
[STDERR  ] 2018-12-29T16:33:20.670756108Z: [    0.000000] ACPI: HPET 0x000000003FFE2390 000038 (v01 BOCHS  BXPCHPET 00000001 BXPC 00000001)
[STDERR  ] 2018-12-29T16:33:20.670767904Z: [    0.000000] ACPI: MCFG 0x000000003FFE23C8 00003C (v01 BOCHS  BXPCMCFG 00000001 BXPC 00000001)
[STDERR  ] 2018-12-29T16:33:20.670791673Z: [    0.000000] kvm-clock: Using msrs 4b564d01 and 4b564d00
[STDERR  ] 2018-12-29T16:33:20.670803599Z: [    0.000000] kvm-clock: cpu 0, msr 0:3ffdd001, primary cpu clock
[STDERR  ] 2018-12-29T16:33:20.670815375Z: [    0.000000] clocksource: kvm-clock: mask: 0xffffffffffffffff max_cycles: 0x1cd42e4dffb, max_idle_ns: 881590591483 ns
[STDERR  ] 2018-12-29T16:33:20.670835424Z: [    0.000000] Zone ranges:
[STDERR  ] 2018-12-29T16:33:20.670847524Z: [    0.000000]   DMA      [mem 0x0000000000001000-0x0000000000ffffff]
[STDERR  ] 2018-12-29T16:33:20.670866503Z: [    0.000000]   DMA32    [mem 0x0000000001000000-0x000000003ffdefff]
[STDERR  ] 2018-12-29T16:33:20.670878246Z: [    0.000000]   Normal   empty
[STDERR  ] 2018-12-29T16:33:20.670890260Z: [    0.000000]   Device   empty
[STDERR  ] 2018-12-29T16:33:20.670902197Z: [    0.000000] Movable zone start for each node
[STDERR  ] 2018-12-29T16:33:20.670922217Z: [    0.000000] Early memory node ranges
[STDERR  ] 2018-12-29T16:33:20.670937916Z: [    0.000000]   node   0: [mem 0x0000000000001000-0x000000000009efff]
[STDERR  ] 2018-12-29T16:33:20.670949377Z: [    0.000000]   node   0: [mem 0x0000000000100000-0x000000003ffdefff]
[STDERR  ] 2018-12-29T16:33:20.670964450Z: [    0.000000] Initmem setup node 0 [mem 0x0000000000001000-0x000000003ffdefff]
[STDERR  ] 2018-12-29T16:33:20.670979938Z: [    0.000000] ACPI: PM-Timer IO Port: 0x608
[STDERR  ] 2018-12-29T16:33:20.670991935Z: [    0.000000] ACPI: LAPIC_NMI (acpi_id[0xff] dfl dfl lint[0x1])
[STDERR  ] 2018-12-29T16:33:20.671003820Z: [    0.000000] IOAPIC[0]: apic_id 0, version 17, address 0xfec00000, GSI 0-23
[STDERR  ] 2018-12-29T16:33:20.671019504Z: [    0.000000] ACPI: INT_SRC_OVR (bus 0 bus_irq 0 global_irq 2 dfl dfl)
[STDERR  ] 2018-12-29T16:33:20.671030964Z: [    0.000000] ACPI: INT_SRC_OVR (bus 0 bus_irq 5 global_irq 5 high level)
[STDERR  ] 2018-12-29T16:33:20.671049001Z: [    0.000000] ACPI: INT_SRC_OVR (bus 0 bus_irq 9 global_irq 9 high level)
[STDERR  ] 2018-12-29T16:33:20.671064632Z: [    0.000000] ACPI: INT_SRC_OVR (bus 0 bus_irq 10 global_irq 10 high level)
[STDERR  ] 2018-12-29T16:33:20.671076329Z: [    0.000000] ACPI: INT_SRC_OVR (bus 0 bus_irq 11 global_irq 11 high level)
[STDERR  ] 2018-12-29T16:33:20.671090227Z: [    0.000000] Using ACPI (MADT) for SMP configuration information
[STDERR  ] 2018-12-29T16:33:20.671106901Z: [    0.000000] ACPI: HPET id: 0x8086a201 base: 0xfed00000
[STDERR  ] 2018-12-29T16:33:20.671118806Z: [    0.000000] smpboot: Allowing 1 CPUs, 0 hotplug CPUs
[STDERR  ] 2018-12-29T16:33:20.671130614Z: [    0.000000] e820: [mem 0x40000000-0xafffffff] available for PCI devices
[STDERR  ] 2018-12-29T16:33:20.671176620Z: [    0.000000] Booting paravirtualized kernel on KVM
[STDERR  ] 2018-12-29T16:33:20.671192648Z: [    0.000000] clocksource: refined-jiffies: mask: 0xffffffff max_cycles: 0xffffffff, max_idle_ns: 1910969940391419 ns
[STDERR  ] 2018-12-29T16:33:20.671204839Z: [    0.000000] random: get_random_bytes called from start_kernel+0x92/0x4d1 with crng_init=0
[STDERR  ] 2018-12-29T16:33:20.671220368Z: [    0.000000] setup_percpu: NR_CPUS:128 nr_cpumask_bits:128 nr_cpu_ids:1 nr_node_ids:1
[STDERR  ] 2018-12-29T16:33:20.671241408Z: [    0.000000] percpu: Embedded 45 pages/cpu @ffff9358fd800000 s144216 r8192 d31912 u2097152
[STDERR  ] 2018-12-29T16:33:20.671255417Z: [    0.000000] KVM setup async PF for cpu 0
[STDERR  ] 2018-12-29T16:33:20.671272566Z: [    0.000000] kvm-stealtime: cpu 0, msr 3d815f40
[STDERR  ] 2018-12-29T16:33:20.671284162Z: [    0.000000] Built 1 zonelists, mobility grouping on.  Total pages: 257896
[STDERR  ] 2018-12-29T16:33:20.671296214Z: [    0.000000] Kernel command line: console=ttyS0 console=ttyAMA0
[STDERR  ] 2018-12-29T16:33:20.671308591Z: [    0.000000] PID hash table entries: 4096 (order: 3, 32768 bytes)
[STDERR  ] 2018-12-29T16:33:20.671326759Z: [    0.000000] Dentry cache hash table entries: 131072 (order: 8, 1048576 bytes)
[STDERR  ] 2018-12-29T16:33:20.671338604Z: [    0.000000] Inode-cache hash table entries: 65536 (order: 7, 524288 bytes)
[STDERR  ] 2018-12-29T16:33:20.671354708Z: [    0.000000] Memory: 967228K/1048052K available (12300K kernel code, 1451K rwdata, 2964K rodata, 1536K init, 580K bss, 80824K reserved, 0K cma-reserved)
[STDERR  ] 2018-12-29T16:33:20.671368161Z: [    0.000000] Kernel/User page tables isolation: enabled
[STDERR  ] 2018-12-29T16:33:20.671383831Z: [    0.000000] ftrace: allocating 40613 entries in 159 pages
[STDERR  ] 2018-12-29T16:33:20.671395323Z: [    0.001000] Hierarchical RCU implementation.
[STDERR  ] 2018-12-29T16:33:20.671407071Z: [    0.001000] 	RCU restricting CPUs from NR_CPUS=128 to nr_cpu_ids=1.
[STDERR  ] 2018-12-29T16:33:20.671418958Z: [    0.001000] RCU: Adjusting geometry for rcu_fanout_leaf=16, nr_cpu_ids=1
[STDERR  ] 2018-12-29T16:33:20.671430879Z: [    0.001000] NR_IRQS: 8448, nr_irqs: 256, preallocated irqs: 16
[STDERR  ] 2018-12-29T16:33:20.671446297Z: [    0.001000] Console: colour VGA+ 80x25
[STDERR  ] 2018-12-29T16:33:20.671458283Z: [    0.001000] console [ttyS0] enabled
[STDERR  ] 2018-12-29T16:33:20.671473719Z: [    0.001000] clocksource: hpet: mask: 0xffffffff max_cycles: 0xffffffff, max_idle_ns: 19112604467 ns
[STDERR  ] 2018-12-29T16:33:20.671485533Z: [    0.001027] tsc: Detected 2299.902 MHz processor
[STDERR  ] 2018-12-29T16:33:20.671500483Z: [    0.002030] Calibrating delay loop (skipped) preset value.. 4599.80 BogoMIPS (lpj=2299902)
[STDERR  ] 2018-12-29T16:33:20.671516877Z: [    0.003026] pid_max: default: 32768 minimum: 301
[STDERR  ] 2018-12-29T16:33:20.671528624Z: [    0.004050] ACPI: Core revision 20170728
[STDERR  ] 2018-12-29T16:33:20.671543485Z: [    0.005710] ACPI: 1 ACPI AML tables successfully acquired and loaded
[STDERR  ] 2018-12-29T16:33:20.671555201Z: [    0.007114] Security Framework initialized
[STDERR  ] 2018-12-29T16:33:20.671570166Z: [    0.008031] Yama: becoming mindful.
[STDERR  ] 2018-12-29T16:33:20.671589438Z: [    0.009073] Mount-cache hash table entries: 2048 (order: 2, 16384 bytes)
[STDERR  ] 2018-12-29T16:33:20.671600977Z: [    0.010033] Mountpoint-cache hash table entries: 2048 (order: 2, 16384 bytes)
[STDERR  ] 2018-12-29T16:33:20.671612908Z: [    0.013065] Last level iTLB entries: 4KB 0, 2MB 0, 4MB 0
[STDERR  ] 2018-12-29T16:33:20.671624550Z: [    0.014027] Last level dTLB entries: 4KB 0, 2MB 0, 4MB 0, 1GB 0
[STDERR  ] 2018-12-29T16:33:20.671636389Z: [    0.015027] Spectre V2 : Mitigation: Full generic retpoline
[STDERR  ] 2018-12-29T16:33:20.671650427Z: [    0.017027] Spectre V2 : Spectre v2 / SpectreRSB mitigation: Filling RSB on context switch
[STDERR  ] 2018-12-29T16:33:20.671662004Z: [    0.019029] Speculative Store Bypass: Vulnerable
[STDERR  ] 2018-12-29T16:33:20.671672532Z: [    0.027054] Freeing SMP alternatives memory: 20K
[STDERR  ] 2018-12-29T16:33:20.671683240Z: [    0.029577] smpboot: Max logical packages: 1
[STDERR  ] 2018-12-29T16:33:20.671693866Z: [    0.032905] x2apic enabled
[STDERR  ] 2018-12-29T16:33:20.671704470Z: [    0.033025] Switched APIC routing to physical x2apic.
[STDERR  ] 2018-12-29T16:33:20.671715068Z: [    0.045857] ..TIMER: vector=0x30 apic1=0 pin1=2 apic2=-1 pin2=-1
[STDERR  ] 2018-12-29T16:33:20.671725673Z: [    0.046000] smpboot: CPU0: Intel QEMU Virtual CPU version 2.5+ (family: 0x6, model: 0x6, stepping: 0x3)
[STDERR  ] 2018-12-29T16:33:20.671748930Z: [    0.046127] Performance Events: PMU not available due to virtualization, using software events only.
[STDERR  ] 2018-12-29T16:33:20.671759856Z: [    0.048343] Hierarchical SRCU implementation.
[STDERR  ] 2018-12-29T16:33:20.671770641Z: [    0.049143] NMI watchdog: Perf event create on CPU 0 failed with -2
[STDERR  ] 2018-12-29T16:33:20.671789323Z: [    0.051003] NMI watchdog: Perf NMI watchdog permanently disabled
[STDERR  ] 2018-12-29T16:33:20.671800500Z: [    0.053109] smp: Bringing up secondary CPUs ...
[STDERR  ] 2018-12-29T16:33:20.671811654Z: [    0.054009] smp: Brought up 1 node, 1 CPU
[STDERR  ] 2018-12-29T16:33:20.671825118Z: [    0.055007] smpboot: Total of 1 processors activated (4599.80 BogoMIPS)
[STDERR  ] 2018-12-29T16:33:20.671840395Z: [    0.058197] devtmpfs: initialized
[STDERR  ] 2018-12-29T16:33:20.671852480Z: [    0.059077] x86/mm: Memory block size: 128MB
[STDERR  ] 2018-12-29T16:33:20.671864663Z: [    0.060232] evm: security.ima
[STDERR  ] 2018-12-29T16:33:20.671879775Z: [    0.061004] evm: security.capability
[STDERR  ] 2018-12-29T16:33:20.671891994Z: [    0.062193] clocksource: jiffies: mask: 0xffffffff max_cycles: 0xffffffff, max_idle_ns: 1911260446275000 ns
[STDERR  ] 2018-12-29T16:33:20.671904904Z: [    0.063014] futex hash table entries: 256 (order: 2, 16384 bytes)
[STDERR  ] 2018-12-29T16:33:20.671916161Z: [    0.064228] NET: Registered protocol family 16
[STDERR  ] 2018-12-29T16:33:20.671928422Z: [    0.065237] cpuidle: using governor ladder
[STDERR  ] 2018-12-29T16:33:20.671942850Z: [    0.066008] cpuidle: using governor menu
[STDERR  ] 2018-12-29T16:33:20.671954438Z: [    0.067133] ACPI: bus type PCI registered
[STDERR  ] 2018-12-29T16:33:20.671966049Z: [    0.069124] PCI: MMCONFIG for domain 0000 [bus 00-ff] at [mem 0xb0000000-0xbfffffff] (base 0xb0000000)
[STDERR  ] 2018-12-29T16:33:20.671978839Z: [    0.070011] PCI: MMCONFIG at [mem 0xb0000000-0xbfffffff] reserved in E820
[STDERR  ] 2018-12-29T16:33:20.671990653Z: [    0.071024] PCI: Using configuration type 1 for base access
[STDERR  ] 2018-12-29T16:33:20.672002488Z: [    0.074267] HugeTLB registered 2.00 MiB page size, pre-allocated 0 pages
[STDERR  ] 2018-12-29T16:33:20.672013935Z: [    0.076166] ACPI: Added _OSI(Module Device)
[STDERR  ] 2018-12-29T16:33:20.672025530Z: [    0.077010] ACPI: Added _OSI(Processor Device)
[STDERR  ] 2018-12-29T16:33:20.672037229Z: [    0.078005] ACPI: Added _OSI(3.0 _SCP Extensions)
[STDERR  ] 2018-12-29T16:33:20.672048831Z: [    0.079004] ACPI: Added _OSI(Processor Aggregator Device)
[STDERR  ] 2018-12-29T16:33:20.672062772Z: [    0.085027] ACPI: Interpreter enabled
[STDERR  ] 2018-12-29T16:33:20.672080375Z: [    0.086013] ACPI: (supports S0 S5)
[STDERR  ] 2018-12-29T16:33:20.672093542Z: [    0.087004] ACPI: Using IOAPIC for interrupt routing
[STDERR  ] 2018-12-29T16:33:20.672104567Z: [    0.088060] PCI: Using host bridge windows from ACPI; if necessary, use "pci=nocrs" and report a bug
[STDERR  ] 2018-12-29T16:33:20.672118966Z: [    0.089405] ACPI: Enabled 2 GPEs in block 00 to 3F
[STDERR  ] 2018-12-29T16:33:20.672130430Z: [    0.094236] ACPI: PCI Root Bridge [PCI0] (domain 0000 [bus 00-ff])
[STDERR  ] 2018-12-29T16:33:20.672142582Z: [    0.095014] acpi PNP0A08:00: _OSC: OS supports [ExtendedConfig ASPM ClockPM Segments MSI]
[STDERR  ] 2018-12-29T16:33:20.672169485Z: [    0.096148] acpi PNP0A08:00: _OSC: OS now controls [PCIeHotplug PME PCIeCapability]
[STDERR  ] 2018-12-29T16:33:20.672183908Z: [    0.097080] PCI host bridge to bus 0000:00
[STDERR  ] 2018-12-29T16:33:20.672195257Z: [    0.098009] pci_bus 0000:00: root bus resource [io  0x0000-0x0cf7 window]
[STDERR  ] 2018-12-29T16:33:20.672206326Z: [    0.099011] pci_bus 0000:00: root bus resource [io  0x0d00-0xffff window]
[STDERR  ] 2018-12-29T16:33:20.672222397Z: [    0.100009] pci_bus 0000:00: root bus resource [mem 0x000a0000-0x000bffff window]
[STDERR  ] 2018-12-29T16:33:20.672234718Z: [    0.101010] pci_bus 0000:00: root bus resource [mem 0xc0000000-0xfebfffff window]
[STDERR  ] 2018-12-29T16:33:20.672253440Z: [    0.102010] pci_bus 0000:00: root bus resource [bus 00-ff]
[STDERR  ] 2018-12-29T16:33:20.672266450Z: [    0.176566] pci 0000:00:1f.0: quirk: [io  0x0600-0x067f] claimed by ICH6 ACPI/GPIO/TCO
[STDERR  ] 2018-12-29T16:33:20.672278521Z: [    0.204175] ACPI: PCI Interrupt Link [LNKA] (IRQs 5 *10 11)
[STDERR  ] 2018-12-29T16:33:20.672323261Z: [    0.206023] ACPI: PCI Interrupt Link [LNKB] (IRQs 5 *10 11)
[STDERR  ] 2018-12-29T16:33:20.672338030Z: [    0.207308] ACPI: PCI Interrupt Link [LNKC] (IRQs 5 10 *11)
[STDERR  ] 2018-12-29T16:33:20.672350652Z: [    0.208310] ACPI: PCI Interrupt Link [LNKD] (IRQs 5 10 *11)
[STDERR  ] 2018-12-29T16:33:20.672362297Z: [    0.209314] ACPI: PCI Interrupt Link [LNKE] (IRQs 5 *10 11)
[STDERR  ] 2018-12-29T16:33:20.672374321Z: [    0.211224] ACPI: PCI Interrupt Link [LNKF] (IRQs 5 *10 11)
[STDERR  ] 2018-12-29T16:33:20.672387101Z: [    0.213020] ACPI: PCI Interrupt Link [LNKG] (IRQs 5 10 *11)
[STDERR  ] 2018-12-29T16:33:20.672399730Z: [    0.214311] ACPI: PCI Interrupt Link [LNKH] (IRQs 5 10 *11)
[STDERR  ] 2018-12-29T16:33:20.672412165Z: [    0.215162] ACPI: PCI Interrupt Link [GSIA] (IRQs *16)
[STDERR  ] 2018-12-29T16:33:20.672429848Z: [    0.216025] ACPI: PCI Interrupt Link [GSIB] (IRQs *17)
[STDERR  ] 2018-12-29T16:33:20.672442829Z: [    0.217024] ACPI: PCI Interrupt Link [GSIC] (IRQs *18)
[STDERR  ] 2018-12-29T16:33:20.672454970Z: [    0.218034] ACPI: PCI Interrupt Link [GSID] (IRQs *19)
[STDERR  ] 2018-12-29T16:33:20.672467490Z: [    0.220008] ACPI: PCI Interrupt Link [GSIE] (IRQs *20)
[STDERR  ] 2018-12-29T16:33:20.672479474Z: [    0.221026] ACPI: PCI Interrupt Link [GSIF] (IRQs *21)
[STDERR  ] 2018-12-29T16:33:20.672491752Z: [    0.222018] ACPI: PCI Interrupt Link [GSIG] (IRQs *22)
[STDERR  ] 2018-12-29T16:33:20.672504124Z: [    0.223028] ACPI: PCI Interrupt Link [GSIH] (IRQs *23)
[STDERR  ] 2018-12-29T16:33:20.672516646Z: [    0.224406] SCSI subsystem initialized
[STDERR  ] 2018-12-29T16:33:20.672529022Z: [    0.225107] ACPI: bus type USB registered
[STDERR  ] 2018-12-29T16:33:20.672541490Z: [    0.226040] usbcore: registered new interface driver usbfs
[STDERR  ] 2018-12-29T16:33:20.672553528Z: [    0.227026] usbcore: registered new interface driver hub
[STDERR  ] 2018-12-29T16:33:20.672565709Z: [    0.228039] usbcore: registered new device driver usb
[STDERR  ] 2018-12-29T16:33:20.672577920Z: [    0.229046] pps_core: LinuxPPS API ver. 1 registered
[STDERR  ] 2018-12-29T16:33:20.672589068Z: [    0.230004] pps_core: Software ver. 5.3.6 - Copyright 2005-2007 Rodolfo Giometti <giometti@linux.it>
[STDERR  ] 2018-12-29T16:33:20.672601644Z: [    0.231019] PTP clock support registered
[STDERR  ] 2018-12-29T16:33:20.672623026Z: [    0.232104] PCI: Using ACPI for IRQ routing
[STDERR  ] 2018-12-29T16:33:20.672642263Z: [    0.719562] NetLabel: Initializing
[STDERR  ] 2018-12-29T16:33:20.672658183Z: [    0.720004] NetLabel:  domain hash size = 128
[STDERR  ] 2018-12-29T16:33:20.672670320Z: [    0.721003] NetLabel:  protocols = UNLABELED CIPSOv4 CALIPSO
[STDERR  ] 2018-12-29T16:33:20.672685381Z: [    0.723008] NetLabel:  unlabeled traffic allowed by default
[STDERR  ] 2018-12-29T16:33:20.672697264Z: [    0.724186] HPET: 3 timers in total, 0 timers will be used for per-cpu timer
[STDERR  ] 2018-12-29T16:33:20.672709589Z: [    0.725119] hpet0: at MMIO 0xfed00000, IRQs 2, 8, 0
[STDERR  ] 2018-12-29T16:33:20.672721872Z: [    0.726007] hpet0: 3 comparators, 64-bit 100.000000 MHz counter
[STDERR  ] 2018-12-29T16:33:20.672733943Z: [    0.731038] clocksource: Switched to clocksource kvm-clock
[STDERR  ] 2018-12-29T16:33:20.672748875Z: [    0.756087] VFS: Disk quotas dquot_6.6.0
[STDERR  ] 2018-12-29T16:33:20.672760985Z: [    0.760128] VFS: Dquot-cache hash table entries: 512 (order 0, 4096 bytes)
[STDERR  ] 2018-12-29T16:33:20.672780276Z: [    0.766351] FS-Cache: Loaded
[STDERR  ] 2018-12-29T16:33:20.672792380Z: [    0.769317] CacheFiles: Loaded
[STDERR  ] 2018-12-29T16:33:20.672804951Z: [    0.772432] pnp: PnP ACPI init
[STDERR  ] 2018-12-29T16:33:20.672817746Z: [    0.776673] pnp: PnP ACPI: found 5 devices
[STDERR  ] 2018-12-29T16:33:20.672833504Z: [    0.787129] clocksource: acpi_pm: mask: 0xffffff max_cycles: 0xffffff, max_idle_ns: 2085701024 ns
[STDERR  ] 2018-12-29T16:33:20.672846908Z: [    0.795835] NET: Registered protocol family 2
[STDERR  ] 2018-12-29T16:33:20.672859293Z: [    0.800511] TCP established hash table entries: 8192 (order: 4, 65536 bytes)
[STDERR  ] 2018-12-29T16:33:20.672872398Z: [    0.807374] TCP bind hash table entries: 8192 (order: 5, 131072 bytes)
[STDERR  ] 2018-12-29T16:33:20.672887348Z: [    0.814645] TCP: Hash tables configured (established 8192 bind 8192)
[STDERR  ] 2018-12-29T16:33:20.672899309Z: [    0.820384] UDP hash table entries: 512 (order: 2, 16384 bytes)
[STDERR  ] 2018-12-29T16:33:20.672911536Z: [    0.826160] UDP-Lite hash table entries: 512 (order: 2, 16384 bytes)
[STDERR  ] 2018-12-29T16:33:20.672923536Z: [    0.832475] NET: Registered protocol family 1
[STDERR  ] 2018-12-29T16:33:20.672935523Z: [    0.837115] pci 0000:00:01.0: Video device with shadowed ROM at [mem 0x000c0000-0x000dffff]
[STDERR  ] 2018-12-29T16:33:20.672947898Z: [    0.845643] Trying to unpack rootfs image as initramfs...
[STDERR  ] 2018-12-29T16:33:20.672960186Z: [    1.584811] Freeing initrd memory: 37628K
[STDERR  ] 2018-12-29T16:33:20.672971963Z: [    1.588980] clocksource: tsc: mask: 0xffffffffffffffff max_cycles: 0x2126d88f36e, max_idle_ns: 440795303662 ns
[STDERR  ] 2018-12-29T16:33:20.672983881Z: [    1.599340] PCLMULQDQ-NI instructions are not detected.
[STDERR  ] 2018-12-29T16:33:20.672995572Z: [    1.604552] AVX or AES-NI instructions are not detected.
[STDERR  ] 2018-12-29T16:33:20.673007265Z: [    1.609815] CPU feature 'AVX registers' is not supported.
[STDERR  ] 2018-12-29T16:33:20.673018725Z: [    1.615109] CPU feature 'AVX registers' is not supported.
[STDERR  ] 2018-12-29T16:33:20.673032939Z: [    1.620812] CPU feature 'AVX registers' is not supported.
[STDERR  ] 2018-12-29T16:33:20.673045234Z: [    1.626116] CPU feature 'AVX registers' is not supported.
[STDERR  ] 2018-12-29T16:33:20.673060402Z: [    1.631373] AVX2 or AES-NI instructions are not detected.
[STDERR  ] 2018-12-29T16:33:20.673072104Z: [    1.636631] AVX2 instructions are not detected.
[STDERR  ] 2018-12-29T16:33:20.673084388Z: [    1.641338] audit: initializing netlink subsys (disabled)
[STDERR  ] 2018-12-29T16:33:20.673096234Z: [    1.647132] audit: type=2000 audit(1546101186.029:1): state=initialized audit_enabled=0 res=1
[STDERR  ] 2018-12-29T16:33:20.673108286Z: [    1.655520] workingset: timestamp_bits=46 max_order=18 bucket_order=0
[STDERR  ] 2018-12-29T16:33:20.673119642Z: [    1.662251] squashfs: version 4.0 (2009/01/31) Phillip Lougher
[STDERR  ] 2018-12-29T16:33:20.673135071Z: [    1.668108] FS-Cache: Netfs 'cifs' registered for caching
[STDERR  ] 2018-12-29T16:33:20.673160214Z: [    1.673192] fuse init (API version 7.26)
[STDERR  ] 2018-12-29T16:33:20.673172886Z: [    1.677185] SGI XFS with ACLs, security attributes, no debug enabled
[STDERR  ] 2018-12-29T16:33:20.673184854Z: [    1.683578] 9p: Installing v9fs 9p2000 file system support
[STDERR  ] 2018-12-29T16:33:20.673197079Z: [    1.689172] FS-Cache: Netfs '9p' registered for caching
[STDERR  ] 2018-12-29T16:33:20.673208564Z: [    1.695723] NET: Registered protocol family 38
[STDERR  ] 2018-12-29T16:33:20.673223930Z: [    1.700168] Key type asymmetric registered
[STDERR  ] 2018-12-29T16:33:20.673240192Z: [    1.704380] Asymmetric key parser 'x509' registered
[STDERR  ] 2018-12-29T16:33:20.673250462Z: [    1.709463] Block layer SCSI generic (bsg) driver version 0.4 loaded (major 247)
[STDERR  ] 2018-12-29T16:33:20.673261220Z: [    1.717615] io scheduler noop registered
[STDERR  ] 2018-12-29T16:33:20.673272985Z: [    1.721532] io scheduler deadline registered (default)
[STDERR  ] 2018-12-29T16:33:20.673284390Z: [    1.726676] io scheduler cfq registered
[STDERR  ] 2018-12-29T16:33:20.673295891Z: [    1.730618] io scheduler mq-deadline registered
[STDERR  ] 2018-12-29T16:33:20.673308398Z: [    1.735234] io scheduler kyber registered
[STDERR  ] 2018-12-29T16:33:20.673328321Z: [    1.739343] shpchp: Standard Hot Plug PCI Controller Driver version: 0.4
[STDERR  ] 2018-12-29T16:33:20.673339953Z: [    1.746007] hv_vmbus: registering driver hyperv_fb
[STDERR  ] 2018-12-29T16:33:20.673351396Z: [    1.751332] input: Power Button as /devices/LNXSYSTM:00/LNXPWRBN:00/input/input0
[STDERR  ] 2018-12-29T16:33:20.673362708Z: [    1.758875] ACPI: Power Button [PWRF]
[STDERR  ] 2018-12-29T16:33:20.673375677Z: [    1.763433] ACPI: PCI Interrupt Link [GSIG] enabled at IRQ 22
[STDERR  ] 2018-12-29T16:33:20.673386790Z: [    1.775203] ACPI: PCI Interrupt Link [GSIH] enabled at IRQ 23
[STDERR  ] 2018-12-29T16:33:20.673399502Z: [    1.787886] Serial: 8250/16550 driver, 4 ports, IRQ sharing disabled
[STDERR  ] 2018-12-29T16:33:20.673412324Z: [    1.829729] 00:04: ttyS0 at I/O 0x3f8 (irq = 4, base_baud = 115200) is a 16550A
[STDERR  ] 2018-12-29T16:33:20.673424585Z: [    1.837967] Non-volatile memory driver v1.3
[STDERR  ] 2018-12-29T16:33:20.673436480Z: [    1.844064] Hangcheck: starting hangcheck timer 0.9.1 (tick is 180 seconds, margin is 60 seconds).
[STDERR  ] 2018-12-29T16:33:20.673449989Z: [    1.853205] random: fast init done
[STDERR  ] 2018-12-29T16:33:20.673462056Z: [    1.857646] random: crng init done
[STDERR  ] 2018-12-29T16:33:20.673473551Z: [    1.862557] brd: module loaded
[STDERR  ] 2018-12-29T16:33:20.673490492Z: [    1.868423] loop: module loaded
[STDERR  ] 2018-12-29T16:33:20.673503075Z: [    1.875533] lpc_ich 0000:00:1f.0: I/O space for GPIO uninitialized
[STDERR  ] 2018-12-29T16:33:20.673518094Z: [    1.881743] VMware PVSCSI driver - version 1.0.7.0-k
[STDERR  ] 2018-12-29T16:33:20.673533471Z: [    1.886722] hv_vmbus: registering driver hv_storvsc
[STDERR  ] 2018-12-29T16:33:20.673545593Z: [    1.892224] ACPI: PCI Interrupt Link [GSIA] enabled at IRQ 16
[STDERR  ] 2018-12-29T16:33:20.673557357Z: [    1.901779] ahci 0000:00:1f.2: AHCI 0001.0000 32 slots 6 ports 1.5 Gbps 0x3f impl SATA mode
[STDERR  ] 2018-12-29T16:33:20.673569980Z: [    1.910066] ahci 0000:00:1f.2: flags: 64bit ncq only 
[STDERR  ] 2018-12-29T16:33:20.673582275Z: [    1.919463] scsi host0: ahci
[STDERR  ] 2018-12-29T16:33:20.673594285Z: [    1.922970] scsi host1: ahci
[STDERR  ] 2018-12-29T16:33:20.673608163Z: [    1.926432] scsi host2: ahci
[STDERR  ] 2018-12-29T16:33:20.673619822Z: [    1.929686] scsi host3: ahci
[STDERR  ] 2018-12-29T16:33:20.673631920Z: [    1.932758] scsi host4: ahci
[STDERR  ] 2018-12-29T16:33:20.673643995Z: [    1.935884] scsi host5: ahci
[STDERR  ] 2018-12-29T16:33:20.673664002Z: [    1.938952] ata1: SATA max UDMA/133 abar m4096@0xfebd2000 port 0xfebd2100 irq 24
[STDERR  ] 2018-12-29T16:33:20.673684666Z: [    1.946341] ata2: SATA max UDMA/133 abar m4096@0xfebd2000 port 0xfebd2180 irq 24
[STDERR  ] 2018-12-29T16:33:20.673697140Z: [    1.954282] ata3: SATA max UDMA/133 abar m4096@0xfebd2000 port 0xfebd2200 irq 24
[STDERR  ] 2018-12-29T16:33:20.673712455Z: [    1.962094] ata4: SATA max UDMA/133 abar m4096@0xfebd2000 port 0xfebd2280 irq 24
[STDERR  ] 2018-12-29T16:33:20.673724341Z: [    1.969464] ata5: SATA max UDMA/133 abar m4096@0xfebd2000 port 0xfebd2300 irq 24
[STDERR  ] 2018-12-29T16:33:20.673736367Z: [    1.977078] ata6: SATA max UDMA/133 abar m4096@0xfebd2000 port 0xfebd2380 irq 24
[STDERR  ] 2018-12-29T16:33:20.673748510Z: [    1.987898] tun: Universal TUN/TAP device driver, 1.6
[STDERR  ] 2018-12-29T16:33:20.673760626Z: [    1.998162] VMware vmxnet3 virtual NIC driver - version 1.4.a.0-k-NAPI
[STDERR  ] 2018-12-29T16:33:20.673780133Z: [    2.005262] hv_vmbus: registering driver hv_netvsc
[STDERR  ] 2018-12-29T16:33:20.673792515Z: [    2.010140] Fusion MPT base driver 3.04.20
[STDERR  ] 2018-12-29T16:33:20.673804663Z: [    2.014480] Copyright (c) 1999-2008 LSI Corporation
[STDERR  ] 2018-12-29T16:33:20.673816810Z: [    2.019708] Fusion MPT SPI Host driver 3.04.20
[STDERR  ] 2018-12-29T16:33:20.673828574Z: [    2.024604] i8042: PNP: PS/2 Controller [PNP0303:KBD,PNP0f13:MOU] at 0x60,0x64 irq 1,12
[STDERR  ] 2018-12-29T16:33:20.673841461Z: [    2.037199] serio: i8042 KBD port at 0x60,0x64 irq 1
[STDERR  ] 2018-12-29T16:33:20.673864479Z: [    2.042242] serio: i8042 AUX port at 0x60,0x64 irq 12
[STDERR  ] 2018-12-29T16:33:20.673876694Z: [    2.047486] hv_vmbus: registering driver hyperv_keyboard
[STDERR  ] 2018-12-29T16:33:20.673888911Z: [    2.052963] mousedev: PS/2 mouse device common for all mice
[STDERR  ] 2018-12-29T16:33:20.673901213Z: [    2.060161] input: AT Translated Set 2 keyboard as /devices/platform/i8042/serio0/input/input1
[STDERR  ] 2018-12-29T16:33:20.673913754Z: [    2.068919] input: PC Speaker as /devices/platform/pcspkr/input/input2
[STDERR  ] 2018-12-29T16:33:20.673925514Z: [    2.075896] rtc_cmos 00:00: RTC can wake from S4
[STDERR  ] 2018-12-29T16:33:20.673937525Z: [    2.083485] rtc_cmos 00:00: rtc core: registered rtc_cmos as rtc0
[STDERR  ] 2018-12-29T16:33:20.673949830Z: [    2.090711] rtc_cmos 00:00: alarms up to one day, y3k, 114 bytes nvram, hpet irqs
[STDERR  ] 2018-12-29T16:33:20.673961953Z: [    2.098308] i2c /dev entries driver
[STDERR  ] 2018-12-29T16:33:20.673977853Z: [    2.102106] device-mapper: ioctl: 4.37.0-ioctl (2017-09-20) initialised: dm-devel@redhat.com
[STDERR  ] 2018-12-29T16:33:20.673990524Z: [    2.111432] usbcore: registered new interface driver usbhid
[STDERR  ] 2018-12-29T16:33:20.674009231Z: [    2.117519] usbhid: USB HID core driver
[STDERR  ] 2018-12-29T16:33:20.674049369Z: [    2.121863] hv_utils: Registering HyperV Utility Driver
[STDERR  ] 2018-12-29T16:33:20.674065482Z: [    2.127583] hv_vmbus: registering driver hv_util
[STDERR  ] 2018-12-29T16:33:20.674081413Z: [    2.132426] hv_vmbus: registering driver hv_balloon
[STDERR  ] 2018-12-29T16:33:20.674094020Z: [    2.137619] oprofile: using NMI interrupt.
[STDERR  ] 2018-12-29T16:33:20.674106355Z: [    2.142149] GACT probability on
[STDERR  ] 2018-12-29T16:33:20.674133888Z: [    2.145579] Mirror/redirect action on
[STDERR  ] 2018-12-29T16:33:20.674163306Z: [    2.149413] Simple TC action Loaded
[STDERR  ] 2018-12-29T16:33:20.674175069Z: [    2.153096] u32 classifier
[STDERR  ] 2018-12-29T16:33:20.674189829Z: [    2.155994]     Performance counters on
[STDERR  ] 2018-12-29T16:33:20.674220314Z: [    2.160043]     input device check on
[STDERR  ] 2018-12-29T16:33:20.674236190Z: [    2.164042]     Actions configured
[STDERR  ] 2018-12-29T16:33:20.674248142Z: [    2.168836] Netfilter messages via NETLINK v0.30.
[STDERR  ] 2018-12-29T16:33:20.674264248Z: [    2.173913] nfnl_acct: registering with nfnetlink.
[STDERR  ] 2018-12-29T16:33:20.674278832Z: [    2.178916] nf_conntrack version 0.5.0 (8192 buckets, 32768 max)
[STDERR  ] 2018-12-29T16:33:20.674291300Z: [    2.185563] ctnetlink v0.93: registering with nfnetlink.
[STDERR  ] 2018-12-29T16:33:20.674309047Z: [    2.191454] nf_tables: (c) 2007-2009 Patrick McHardy <kaber@trash.net>
[STDERR  ] 2018-12-29T16:33:20.674325236Z: [    2.198473] nf_tables_compat: (c) 2012 Pablo Neira Ayuso <pablo@netfilter.org>
[STDERR  ] 2018-12-29T16:33:20.674339678Z: [    2.206210] xt_time: kernel timezone is -0000
[STDERR  ] 2018-12-29T16:33:20.674351776Z: [    2.210863] ip_set: protocol 6
[STDERR  ] 2018-12-29T16:33:20.674363797Z: [    2.214736] ipip: IPv4 and MPLS over IPv4 tunneling driver
[STDERR  ] 2018-12-29T16:33:20.674376217Z: [    2.221410] gre: GRE over IPv4 demultiplexor driver
[STDERR  ] 2018-12-29T16:33:20.674388571Z: [    2.226730] ip_tables: (C) 2000-2006 Netfilter Core Team
[STDERR  ] 2018-12-29T16:33:20.674400621Z: [    2.232664] arp_tables: arp_tables: (C) 2002 David S. Miller
[STDERR  ] 2018-12-29T16:33:20.674412778Z: [    2.238982] NET: Registered protocol family 10
[STDERR  ] 2018-12-29T16:33:20.674425046Z: [    2.244342] Segment Routing with IPv6
[STDERR  ] 2018-12-29T16:33:20.674436712Z: [    2.248352] ip6_tables: (C) 2000-2006 Netfilter Core Team
[STDERR  ] 2018-12-29T16:33:20.674448857Z: [    2.254541] NET: Registered protocol family 17
[STDERR  ] 2018-12-29T16:33:20.674461175Z: [    2.258178] Bridge firewalling registered
[STDERR  ] 2018-12-29T16:33:20.674473335Z: [    2.262568] 8021q: 802.1Q VLAN Support v1.8
[STDERR  ] 2018-12-29T16:33:20.674490629Z: [    2.266939] 9pnet: Installing 9P2000 support
[STDERR  ] 2018-12-29T16:33:20.674502544Z: [    2.271566] Key type dns_resolver registered
[STDERR  ] 2018-12-29T16:33:20.674524016Z: [    2.276249] registered taskstats version 1
[STDERR  ] 2018-12-29T16:33:20.674540443Z: [    2.289211] Key type big_key registered
[STDERR  ] 2018-12-29T16:33:20.674556374Z: [    2.297592] Key type trusted registered
[STDERR  ] 2018-12-29T16:33:20.674568206Z: [    2.302696] ata5: SATA link down (SStatus 0 SControl 300)
[STDERR  ] 2018-12-29T16:33:20.674580326Z: [    2.309313] ata4: SATA link down (SStatus 0 SControl 300)
[STDERR  ] 2018-12-29T16:33:20.674594831Z: [    2.315781] ata3: SATA link up 1.5 Gbps (SStatus 113 SControl 300)
[STDERR  ] 2018-12-29T16:33:20.674606826Z: [    2.323697] ata2: SATA link down (SStatus 0 SControl 300)
[STDERR  ] 2018-12-29T16:33:20.674618793Z: [    2.330371] ata1: SATA link up 1.5 Gbps (SStatus 113 SControl 300)
[STDERR  ] 2018-12-29T16:33:20.674634230Z: [    2.337905] ata6: SATA link down (SStatus 0 SControl 300)
[STDERR  ] 2018-12-29T16:33:20.674646416Z: [    2.345774] ata1.00: ATA-7: QEMU HARDDISK, 2.5+, max UDMA/100
[STDERR  ] 2018-12-29T16:33:20.674658984Z: [    2.351750] ata1.00: 1048576 sectors, multi 16: LBA48 NCQ (depth 31/32)
[STDERR  ] 2018-12-29T16:33:20.674671129Z: [    2.358537] ata1.00: applying bridge limits
[STDERR  ] 2018-12-29T16:33:20.674683098Z: [    2.363214] ata3.00: ATAPI: QEMU DVD-ROM, 2.5+, max UDMA/100
[STDERR  ] 2018-12-29T16:33:20.674695179Z: [    2.369117] ata3.00: applying bridge limits
[STDERR  ] 2018-12-29T16:33:20.674707413Z: [    2.376176] ata3.00: configured for UDMA/100
[STDERR  ] 2018-12-29T16:33:20.674719284Z: [    2.381135] Key type encrypted registered
[STDERR  ] 2018-12-29T16:33:20.674731256Z: [    2.385282] ima: No TPM chip found, activating TPM-bypass! (rc=-19)
[STDERR  ] 2018-12-29T16:33:20.674743081Z: [    2.392442] ata1.00: configured for UDMA/100
[STDERR  ] 2018-12-29T16:33:20.674755251Z: [    2.396981] scsi 0:0:0:0: Direct-Access     ATA      QEMU HARDDISK    2.5+ PQ: 0 ANSI: 5
[STDERR  ] 2018-12-29T16:33:20.674782111Z: [    2.405144] ima: Allocated hash algorithm: sha256
[STDERR  ] 2018-12-29T16:33:20.674798082Z: [    2.410004] evm: HMAC attrs: 0x1
[STDERR  ] 2018-12-29T16:33:20.674810105Z: [    2.413565] sd 0:0:0:0: [sda] 1048576 512-byte logical blocks: (537 MB/512 MiB)
[STDERR  ] 2018-12-29T16:33:20.674822323Z: [    2.421135] sd 0:0:0:0: Attached scsi generic sg0 type 0
[STDERR  ] 2018-12-29T16:33:20.674837976Z: [    2.427991] sd 0:0:0:0: [sda] Write Protect is off
[STDERR  ] 2018-12-29T16:33:20.674850222Z: [    2.433529] rtc_cmos 00:00: setting system clock to 2018-12-29 16:33:07 UTC (1546101187)
[STDERR  ] 2018-12-29T16:33:20.674867038Z: [    2.442319] scsi 2:0:0:0: CD-ROM            QEMU     QEMU DVD-ROM     2.5+ PQ: 0 ANSI: 5
[STDERR  ] 2018-12-29T16:33:20.674879119Z: [    2.450604] sd 0:0:0:0: [sda] Write cache: enabled, read cache: enabled, doesn't support DPO or FUA
[STDERR  ] 2018-12-29T16:33:20.674891895Z: [    2.464191] sd 0:0:0:0: [sda] Attached SCSI disk
[STDERR  ] 2018-12-29T16:33:20.674904147Z: [    2.476100] sr 2:0:0:0: [sr0] scsi3-mmc drive: 4x/4x cd/rw xa/form2 tray
[STDERR  ] 2018-12-29T16:33:20.674916183Z: [    2.482893] cdrom: Uniform CD-ROM driver Revision: 3.20
[STDERR  ] 2018-12-29T16:33:20.674928298Z: [    2.488707] sr 2:0:0:0: Attached scsi generic sg1 type 5
[STDERR  ] 2018-12-29T16:33:20.674940461Z: [    2.496214] Freeing unused kernel memory: 1536K
[STDERR  ] 2018-12-29T16:33:20.674952775Z: [    2.502168] Write protecting the kernel read-only data: 18432k
[STDERR  ] 2018-12-29T16:33:20.674965026Z: [    2.508868] Freeing unused kernel memory: 2024K
[STDERR  ] 2018-12-29T16:33:20.674977255Z: [    2.516671] Freeing unused kernel memory: 1132K
[STDERR  ] 2018-12-29T16:33:20.674989255Z: 
[STDERR  ] 2018-12-29T16:33:20.675001861Z: Welcome to LinuxKit
[STDERR  ] 2018-12-29T16:33:20.675014922Z: 
[STDERR  ] 2018-12-29T16:33:20.675027077Z:                         ##         .
[STDERR  ] 2018-12-29T16:33:20.675049605Z:                   ## ## ##        ==
[STDERR  ] 2018-12-29T16:33:20.675061770Z:                ## ## ## ## ##    ===
[STDERR  ] 2018-12-29T16:33:20.675073599Z:            /"""""""""""""""""\___/ ===
[STDERR  ] 2018-12-29T16:33:20.675085624Z:           {                       /  ===-
[STDERR  ] 2018-12-29T16:33:20.675100210Z:            \______ O           __/
[STDERR  ] 2018-12-29T16:33:20.675112095Z:              \    \         __/
[STDERR  ] 2018-12-29T16:33:20.675124124Z:               \____\_______/
[STDERR  ] 2018-12-29T16:33:20.675136262Z: 
[STDERR  ] 2018-12-29T16:33:20.675158432Z: [    3.373248]  sda:
[STDERR  ] 2018-12-29T16:33:20.675170939Z: [    3.388119]  sda:
[STDERR  ] 2018-12-29T16:33:20.675182683Z: [    3.658372]  sda: sda1
[STDERR  ] 2018-12-29T16:33:20.675196963Z: [    3.665323]  sda: sda1
[STDERR  ] 2018-12-29T16:33:20.675209124Z: [    4.746787] mkfs.xfs: sending ioctl 1261 to a partition!
[STDERR  ] 2018-12-29T16:33:20.675221240Z: 2018/12/29 16:33:07 Creating partition on /dev/sda
[STDERR  ] 2018-12-29T16:33:20.675232867Z: 2018/12/29 16:33:08 Partition /dev/sda1 successfully created!
[STDERR  ] 2018-12-29T16:33:20.675244958Z: [    4.853947] FAT-fs (sda1): utf8 is not a recommended IO charset for FAT filesystems, filesystem will be case sensitive!
[STDERR  ] 2018-12-29T16:33:20.675257784Z: [    4.865525] FAT-fs (sda1): utf8 is not a recommended IO charset for FAT filesystems, filesystem will be case sensitive!
[STDERR  ] 2018-12-29T16:33:20.675316128Z: [    4.877145] mount: sending ioctl 5310 to a partition!
[STDERR  ] 2018-12-29T16:33:20.675331521Z: [    4.914250] mount: sending ioctl 5310 to a partition!
[STDERR  ] 2018-12-29T16:33:20.675341550Z: [    4.923135] XFS (sda1): Mounting V5 Filesystem
[STDERR  ] 2018-12-29T16:33:20.675380572Z: [    4.940125] XFS (sda1): Ending clean mount
[STDERR  ] 2018-12-29T16:33:20.675394013Z: format_mount test suite PASSED
[STDERR  ] 2018-12-29T16:33:20.675405100Z: [   15.227668] sd 0:0:0:0: [sda] Synchronizing SCSI cache
[STDERR  ] 2018-12-29T16:33:20.675415444Z: [   15.233300] sd 0:0:0:0: [sda] Stopping disk
[STDERR  ] 2018-12-29T16:33:20.675426024Z: [   15.238824] ACPI: Preparing to enter system sleep state S5
[STDERR  ] 2018-12-29T16:33:20.675463521Z: [   15.244861] reboot: Power down
[STDERR  ] 2018-12-29T16:33:20.675476495Z: + echo [    0.000000] Linux version 4.14.90-linuxkit (root@0ff365c31169) (gcc version 6.4.0 (Alpine 6.4.0)) #1 SMP Sat Dec 22 11:49:10 UTC 2018
[STDERR  ] 2018-12-29T16:33:20.675504513Z: [    0.000000] Command line: console=ttyS0 console=ttyAMA0
[STDERR  ] 2018-12-29T16:33:20.675515944Z: [    0.000000] x86/fpu: x87 FPU will use FXSAVE
[STDERR  ] 2018-12-29T16:33:20.675560163Z: [    0.000000] e820: BIOS-provided physical RAM map:
[STDERR  ] 2018-12-29T16:33:20.675571125Z: [    0.000000] BIOS-e820: [mem 0x0000000000000000-0x000000000009fbff] usable
[STDERR  ] 2018-12-29T16:33:20.675581744Z: [    0.000000] BIOS-e820: [mem 0x000000000009fc00-0x000000000009ffff] reserved
[STDERR  ] 2018-12-29T16:33:20.675905551Z: [    0.000000] BIOS-e820: [mem 0x00000000000f0000-0x00000000000fffff] reserved
[STDERR  ] 2018-12-29T16:33:20.675930476Z: [    0.000000] BIOS-e820: [mem 0x0000000000100000-0x000000003ffdefff] usable
[STDERR  ] 2018-12-29T16:33:20.675948133Z: [    0.000000] BIOS-e820: [mem 0x000000003ffdf000-0x000000003fffffff] reserved
[STDERR  ] 2018-12-29T16:33:20.675977548Z: [    0.000000] BIOS-e820: [mem 0x00000000b0000000-0x00000000bfffffff] reserved
[STDERR  ] 2018-12-29T16:33:20.675989409Z: [    0.000000] BIOS-e820: [mem 0x00000000fed1c000-0x00000000fed1ffff] reserved
[STDERR  ] 2018-12-29T16:33:20.676000298Z: [    0.000000] BIOS-e820: [mem 0x00000000feffc000-0x00000000feffffff] reserved
[STDERR  ] 2018-12-29T16:33:20.676011685Z: [    0.000000] BIOS-e820: [mem 0x00000000fffc0000-0x00000000ffffffff] reserved
[STDERR  ] 2018-12-29T16:33:20.676023972Z: [    0.000000] NX (Execute Disable) protection: active
[STDERR  ] 2018-12-29T16:33:20.676053287Z: [    0.000000] SMBIOS 2.8 present.
[STDERR  ] 2018-12-29T16:33:20.676065501Z: [    0.000000] DMI: QEMU Standard PC (Q35 + ICH9, 2009), BIOS 1.10.2-1 04/01/2014
[STDERR  ] 2018-12-29T16:33:20.676086283Z: [    0.000000] Hypervisor detected: KVM
[STDERR  ] 2018-12-29T16:33:20.676099495Z: [    0.000000] tsc: Fast TSC calibration failed
[STDERR  ] 2018-12-29T16:33:20.676112002Z: [    0.000000] tsc: Unable to calibrate against PIT
[STDERR  ] 2018-12-29T16:33:20.676140792Z: [    0.000000] tsc: No reference (HPET/PMTIMER) available
[STDERR  ] 2018-12-29T16:33:20.676164843Z: [    0.000000] e820: last_pfn = 0x3ffdf max_arch_pfn = 0x400000000
[STDERR  ] 2018-12-29T16:33:20.676177386Z: [    0.000000] x86/PAT: PAT not supported by CPU.
[STDERR  ] 2018-12-29T16:33:20.676190759Z: [    0.000000] x86/PAT: Configuration [0-7]: WB  WT  UC- UC  WB  WT  UC- UC  
[STDERR  ] 2018-12-29T16:33:20.676223270Z: [    0.000000] found SMP MP-table at [mem 0x000f6a90-0x000f6a9f] mapped at [ffffffffff200a90]
[STDERR  ] 2018-12-29T16:33:20.676237008Z: [    0.000000] RAMDISK: [mem 0x3db11000-0x3ffcffff]
[STDERR  ] 2018-12-29T16:33:20.676249360Z: [    0.000000] ACPI: Early table checksum verification disabled
[STDERR  ] 2018-12-29T16:33:20.676261675Z: [    0.000000] ACPI: RSDP 0x00000000000F68D0 000014 (v00 BOCHS )
[STDERR  ] 2018-12-29T16:33:20.676274014Z: [    0.000000] ACPI: RSDT 0x000000003FFE2404 000034 (v01 BOCHS  BXPCRSDT 00000001 BXPC 00000001)
[STDERR  ] 2018-12-29T16:33:20.676345568Z: [    0.000000] ACPI: FACP 0x000000003FFE22A4 000074 (v01 BOCHS  BXPCFACP 00000001 BXPC 00000001)
[STDERR  ] 2018-12-29T16:33:20.676362906Z: [    0.000000] ACPI: DSDT 0x000000003FFE0040 002264 (v01 BOCHS  BXPCDSDT 00000001 BXPC 00000001)
[STDERR  ] 2018-12-29T16:33:20.676375629Z: [    0.000000] ACPI: FACS 0x000000003FFE0000 000040
[STDERR  ] 2018-12-29T16:33:20.676407350Z: [    0.000000] ACPI: APIC 0x000000003FFE2318 000078 (v01 BOCHS  BXPCAPIC 00000001 BXPC 00000001)
[STDERR  ] 2018-12-29T16:33:20.676420114Z: [    0.000000] ACPI: HPET 0x000000003FFE2390 000038 (v01 BOCHS  BXPCHPET 00000001 BXPC 00000001)
[STDERR  ] 2018-12-29T16:33:20.676434850Z: [    0.000000] ACPI: MCFG 0x000000003FFE23C8 00003C (v01 BOCHS  BXPCMCFG 00000001 BXPC 00000001)
[STDERR  ] 2018-12-29T16:33:20.676450013Z: [    0.000000] kvm-clock: Using msrs 4b564d01 and 4b564d00
[STDERR  ] 2018-12-29T16:33:20.676481358Z: [    0.000000] kvm-clock: cpu 0, msr 0:3ffdd001, primary cpu clock
[STDERR  ] 2018-12-29T16:33:20.676493327Z: [    0.000000] clocksource: kvm-clock: mask: 0xffffffffffffffff max_cycles: 0x1cd42e4dffb, max_idle_ns: 881590591483 ns
[STDERR  ] 2018-12-29T16:33:20.676506430Z: [    0.000000] Zone ranges:
[STDERR  ] 2018-12-29T16:33:20.676518781Z: [    0.000000]   DMA      [mem 0x0000000000001000-0x0000000000ffffff]
[STDERR  ] 2018-12-29T16:33:20.676541408Z: [    0.000000]   DMA32    [mem 0x0000000001000000-0x000000003ffdefff]
[STDERR  ] 2018-12-29T16:33:20.676575312Z: [    0.000000]   Normal   empty
[STDERR  ] 2018-12-29T16:33:20.676587744Z: [    0.000000]   Device   empty
[STDERR  ] 2018-12-29T16:33:20.676600241Z: [    0.000000] Movable zone start for each node
[STDERR  ] 2018-12-29T16:33:20.676612666Z: [    0.000000] Early memory node ranges
[STDERR  ] 2018-12-29T16:33:20.676639952Z: [    0.000000]   node   0: [mem 0x0000000000001000-0x000000000009efff]
[STDERR  ] 2018-12-29T16:33:20.676653572Z: [    0.000000]   node   0: [mem 0x0000000000100000-0x000000003ffdefff]
[STDERR  ] 2018-12-29T16:33:20.676669143Z: [    0.000000] Initmem setup node 0 [mem 0x0000000000001000-0x000000003ffdefff]
[STDERR  ] 2018-12-29T16:33:20.676681158Z: [    0.000000] ACPI: PM-Timer IO Port: 0x608
[STDERR  ] 2018-12-29T16:33:20.676694564Z: [    0.000000] ACPI: LAPIC_NMI (acpi_id[0xff] dfl dfl lint[0x1])
[STDERR  ] 2018-12-29T16:33:20.676726024Z: [    0.000000] IOAPIC[0]: apic_id 0, version 17, address 0xfec00000, GSI 0-23
[STDERR  ] 2018-12-29T16:33:20.676741037Z: [    0.000000] ACPI: INT_SRC_OVR (bus 0 bus_irq 0 global_irq 2 dfl dfl)
[STDERR  ] 2018-12-29T16:33:20.676753212Z: [    0.000000] ACPI: INT_SRC_OVR (bus 0 bus_irq 5 global_irq 5 high level)
[STDERR  ] 2018-12-29T16:33:20.676765303Z: [    0.000000] ACPI: INT_SRC_OVR (bus 0 bus_irq 9 global_irq 9 high level)
[STDERR  ] 2018-12-29T16:33:20.676806317Z: [    0.000000] ACPI: INT_SRC_OVR (bus 0 bus_irq 10 global_irq 10 high level)
[STDERR  ] 2018-12-29T16:33:20.676821816Z: [    0.000000] ACPI: INT_SRC_OVR (bus 0 bus_irq 11 global_irq 11 high level)
[STDERR  ] 2018-12-29T16:33:20.676833953Z: [    0.000000] Using ACPI (MADT) for SMP configuration information
[STDERR  ] 2018-12-29T16:33:20.676846184Z: [    0.000000] ACPI: HPET id: 0x8086a201 base: 0xfed00000
[STDERR  ] 2018-12-29T16:33:20.676858596Z: [    0.000000] smpboot: Allowing 1 CPUs, 0 hotplug CPUs
[STDERR  ] 2018-12-29T16:33:20.676887180Z: [    0.000000] e820: [mem 0x40000000-0xafffffff] available for PCI devices
[STDERR  ] 2018-12-29T16:33:20.676902506Z: [    0.000000] Booting paravirtualized kernel on KVM
[STDERR  ] 2018-12-29T16:33:20.676914673Z: [    0.000000] clocksource: refined-jiffies: mask: 0xffffffff max_cycles: 0xffffffff, max_idle_ns: 1910969940391419 ns
[STDERR  ] 2018-12-29T16:33:20.676926880Z: [    0.000000] random: get_random_bytes called from start_kernel+0x92/0x4d1 with crng_init=0
[STDERR  ] 2018-12-29T16:33:20.676939344Z: [    0.000000] setup_percpu: NR_CPUS:128 nr_cpumask_bits:128 nr_cpu_ids:1 nr_node_ids:1
[STDERR  ] 2018-12-29T16:33:20.676966829Z: [    0.000000] percpu: Embedded 45 pages/cpu @ffff9358fd800000 s144216 r8192 d31912 u2097152
[STDERR  ] 2018-12-29T16:33:20.676987738Z: [    0.000000] KVM setup async PF for cpu 0
[STDERR  ] 2018-12-29T16:33:20.677003923Z: [    0.000000] kvm-stealtime: cpu 0, msr 3d815f40
[STDERR  ] 2018-12-29T16:33:20.677016176Z: [    0.000000] Built 1 zonelists, mobility grouping on.  Total pages: 257896
[STDERR  ] 2018-12-29T16:33:20.677028146Z: [    0.000000] Kernel command line: console=ttyS0 console=ttyAMA0
[STDERR  ] 2018-12-29T16:33:20.677060627Z: [    0.000000] PID hash table entries: 4096 (order: 3, 32768 bytes)
[STDERR  ] 2018-12-29T16:33:20.677072800Z: [    0.000000] Dentry cache hash table entries: 131072 (order: 8, 1048576 bytes)
[STDERR  ] 2018-12-29T16:33:20.677088344Z: [    0.000000] Inode-cache hash table entries: 65536 (order: 7, 524288 bytes)
[STDERR  ] 2018-12-29T16:33:20.677100887Z: [    0.000000] Memory: 967228K/1048052K available (12300K kernel code, 1451K rwdata, 2964K rodata, 1536K init, 580K bss, 80824K reserved, 0K cma-reserved)
[STDERR  ] 2018-12-29T16:33:20.677130625Z: [    0.000000] Kernel/User page tables isolation: enabled
[STDERR  ] 2018-12-29T16:33:20.677143971Z: [    0.000000] ftrace: allocating 40613 entries in 159 pages
[STDERR  ] 2018-12-29T16:33:20.677167248Z: [    0.001000] Hierarchical RCU implementation.
[STDERR  ] 2018-12-29T16:33:20.677183891Z: [    0.001000] 	RCU restricting CPUs from NR_CPUS=128 to nr_cpu_ids=1.
[STDERR  ] 2018-12-29T16:33:20.677212660Z: [    0.001000] RCU: Adjusting geometry for rcu_fanout_leaf=16, nr_cpu_ids=1
[STDERR  ] 2018-12-29T16:33:20.677229783Z: [    0.001000] NR_IRQS: 8448, nr_irqs: 256, preallocated irqs: 16
[STDERR  ] 2018-12-29T16:33:20.677242253Z: [    0.001000] Console: colour VGA+ 80x25
[STDERR  ] 2018-12-29T16:33:20.677254366Z: [    0.001000] console [ttyS0] enabled
[STDERR  ] 2018-12-29T16:33:20.677268867Z: [    0.001000] clocksource: hpet: mask: 0xffffffff max_cycles: 0xffffffff, max_idle_ns: 19112604467 ns
[STDERR  ] 2018-12-29T16:33:20.677300578Z: [    0.001027] tsc: Detected 2299.902 MHz processor
[STDERR  ] 2018-12-29T16:33:20.677312815Z: [    0.002030] Calibrating delay loop (skipped) preset value.. 4599.80 BogoMIPS (lpj=2299902)
[STDERR  ] 2018-12-29T16:33:20.677324903Z: [    0.003026] pid_max: default: 32768 minimum: 301
[STDERR  ] 2018-12-29T16:33:20.677336973Z: [    0.004050] ACPI: Core revision 20170728
[STDERR  ] 2018-12-29T16:33:20.677349070Z: [    0.005710] ACPI: 1 ACPI AML tables successfully acquired and loaded
[STDERR  ] 2018-12-29T16:33:20.677382023Z: [    0.007114] Security Framework initialized
[STDERR  ] 2018-12-29T16:33:20.677394581Z: [    0.008031] Yama: becoming mindful.
[STDERR  ] 2018-12-29T16:33:20.677409566Z: [    0.009073] Mount-cache hash table entries: 2048 (order: 2, 16384 bytes)
[STDERR  ] 2018-12-29T16:33:20.677426312Z: [    0.010033] Mountpoint-cache hash table entries: 2048 (order: 2, 16384 bytes)
[STDERR  ] 2018-12-29T16:33:20.677438384Z: [    0.013065] Last level iTLB entries: 4KB 0, 2MB 0, 4MB 0
[STDERR  ] 2018-12-29T16:33:20.677469689Z: [    0.014027] Last level dTLB entries: 4KB 0, 2MB 0, 4MB 0, 1GB 0
[STDERR  ] 2018-12-29T16:33:20.677482135Z: [    0.015027] Spectre V2 : Mitigation: Full generic retpoline
[STDERR  ] 2018-12-29T16:33:20.677493952Z: [    0.017027] Spectre V2 : Spectre v2 / SpectreRSB mitigation: Filling RSB on context switch
[STDERR  ] 2018-12-29T16:33:20.677505914Z: [    0.019029] Speculative Store Bypass: Vulnerable
[STDERR  ] 2018-12-29T16:33:20.677518067Z: [    0.027054] Freeing SMP alternatives memory: 20K
[STDERR  ] 2018-12-29T16:33:20.677546439Z: [    0.029577] smpboot: Max logical packages: 1
[STDERR  ] 2018-12-29T16:33:20.677558479Z: [    0.032905] x2apic enabled
[STDERR  ] 2018-12-29T16:33:20.677570453Z: [    0.033025] Switched APIC routing to physical x2apic.
[STDERR  ] 2018-12-29T16:33:20.677584659Z: [    0.045857] ..TIMER: vector=0x30 apic1=0 pin1=2 apic2=-1 pin2=-1
[STDERR  ] 2018-12-29T16:33:20.677596712Z: [    0.046000] smpboot: CPU0: Intel QEMU Virtual CPU version 2.5+ (family: 0x6, model: 0x6, stepping: 0x3)
[STDERR  ] 2018-12-29T16:33:20.677629882Z: [    0.046127] Performance Events: PMU not available due to virtualization, using software events only.
[STDERR  ] 2018-12-29T16:33:20.677642066Z: [    0.048343] Hierarchical SRCU implementation.
[STDERR  ] 2018-12-29T16:33:20.677653964Z: [    0.049143] NMI watchdog: Perf event create on CPU 0 failed with -2
[STDERR  ] 2018-12-29T16:33:20.677677191Z: [    0.051003] NMI watchdog: Perf NMI watchdog permanently disabled
[STDERR  ] 2018-12-29T16:33:20.677707779Z: [    0.053109] smp: Bringing up secondary CPUs ...
[STDERR  ] 2018-12-29T16:33:20.677719643Z: [    0.054009] smp: Brought up 1 node, 1 CPU
[STDERR  ] 2018-12-29T16:33:20.677731785Z: [    0.055007] smpboot: Total of 1 processors activated (4599.80 BogoMIPS)
[STDERR  ] 2018-12-29T16:33:20.677743598Z: [    0.058197] devtmpfs: initialized
[STDERR  ] 2018-12-29T16:33:20.677755964Z: [    0.059077] x86/mm: Memory block size: 128MB
[STDERR  ] 2018-12-29T16:33:20.677790190Z: [    0.060232] evm: security.ima
[STDERR  ] 2018-12-29T16:33:20.677808977Z: [    0.061004] evm: security.capability
[STDERR  ] 2018-12-29T16:33:20.677821148Z: [    0.062193] clocksource: jiffies: mask: 0xffffffff max_cycles: 0xffffffff, max_idle_ns: 1911260446275000 ns
[STDERR  ] 2018-12-29T16:33:20.677833724Z: [    0.063014] futex hash table entries: 256 (order: 2, 16384 bytes)
[STDERR  ] 2018-12-29T16:33:20.677850880Z: [    0.064228] NET: Registered protocol family 16
[STDERR  ] 2018-12-29T16:33:20.677883261Z: [    0.065237] cpuidle: using governor ladder
[STDERR  ] 2018-12-29T16:33:20.677895710Z: [    0.066008] cpuidle: using governor menu
[STDERR  ] 2018-12-29T16:33:20.677907288Z: [    0.067133] ACPI: bus type PCI registered
[STDERR  ] 2018-12-29T16:33:20.677919089Z: [    0.069124] PCI: MMCONFIG for domain 0000 [bus 00-ff] at [mem 0xb0000000-0xbfffffff] (base 0xb0000000)
[STDERR  ] 2018-12-29T16:33:20.677948758Z: [    0.070011] PCI: MMCONFIG at [mem 0xb0000000-0xbfffffff] reserved in E820
[STDERR  ] 2018-12-29T16:33:20.677962556Z: [    0.071024] PCI: Using configuration type 1 for base access
[STDERR  ] 2018-12-29T16:33:20.677983443Z: [    0.074267] HugeTLB registered 2.00 MiB page size, pre-allocated 0 pages
[STDERR  ] 2018-12-29T16:33:20.677995973Z: [    0.076166] ACPI: Added _OSI(Module Device)
[STDERR  ] 2018-12-29T16:33:20.678008007Z: [    0.077010] ACPI: Added _OSI(Processor Device)
[STDERR  ] 2018-12-29T16:33:20.678041090Z: [    0.078005] ACPI: Added _OSI(3.0 _SCP Extensions)
[STDERR  ] 2018-12-29T16:33:20.678053164Z: [    0.079004] ACPI: Added _OSI(Processor Aggregator Device)
[STDERR  ] 2018-12-29T16:33:20.678065918Z: [    0.085027] ACPI: Interpreter enabled
[STDERR  ] 2018-12-29T16:33:20.678082586Z: [    0.086013] ACPI: (supports S0 S5)
[STDERR  ] 2018-12-29T16:33:20.678119213Z: [    0.087004] ACPI: Using IOAPIC for interrupt routing
[STDERR  ] 2018-12-29T16:33:20.678131661Z: [    0.088060] PCI: Using host bridge windows from ACPI; if necessary, use "pci=nocrs" and report a bug
[STDERR  ] 2018-12-29T16:33:20.678143808Z: [    0.089405] ACPI: Enabled 2 GPEs in block 00 to 3F
[STDERR  ] 2018-12-29T16:33:20.678166421Z: [    0.094236] ACPI: PCI Root Bridge [PCI0] (domain 0000 [bus 00-ff])
[STDERR  ] 2018-12-29T16:33:20.678197520Z: [    0.095014] acpi PNP0A08:00: _OSC: OS supports [ExtendedConfig ASPM ClockPM Segments MSI]
[STDERR  ] 2018-12-29T16:33:20.678213643Z: [    0.096148] acpi PNP0A08:00: _OSC: OS now controls [PCIeHotplug PME PCIeCapability]
[STDERR  ] 2018-12-29T16:33:20.678226096Z: [    0.097080] PCI host bridge to bus 0000:00
[STDERR  ] 2018-12-29T16:33:20.678238372Z: [    0.098009] pci_bus 0000:00: root bus resource [io  0x0000-0x0cf7 window]
[STDERR  ] 2018-12-29T16:33:20.678250818Z: [    0.099011] pci_bus 0000:00: root bus resource [io  0x0d00-0xffff window]
[STDERR  ] 2018-12-29T16:33:20.678277493Z: [    0.100009] pci_bus 0000:00: root bus resource [mem 0x000a0000-0x000bffff window]
[STDERR  ] 2018-12-29T16:33:20.678296427Z: [    0.101010] pci_bus 0000:00: root bus resource [mem 0xc0000000-0xfebfffff window]
[STDERR  ] 2018-12-29T16:33:20.678308642Z: [    0.102010] pci_bus 0000:00: root bus resource [bus 00-ff]
[STDERR  ] 2018-12-29T16:33:20.678320576Z: [    0.176566] pci 0000:00:1f.0: quirk: [io  0x0600-0x067f] claimed by ICH6 ACPI/GPIO/TCO
[STDERR  ] 2018-12-29T16:33:20.678332536Z: [    0.204175] ACPI: PCI Interrupt Link [LNKA] (IRQs 5 *10 11)
[STDERR  ] 2018-12-29T16:33:20.678360105Z: [    0.206023] ACPI: PCI Interrupt Link [LNKB] (IRQs 5 *10 11)
[STDERR  ] 2018-12-29T16:33:20.678377691Z: [    0.207308] ACPI: PCI Interrupt Link [LNKC] (IRQs 5 10 *11)
[STDERR  ] 2018-12-29T16:33:20.678395978Z: [    0.208310] ACPI: PCI Interrupt Link [LNKD] (IRQs 5 10 *11)
[STDERR  ] 2018-12-29T16:33:20.678408422Z: [    0.209314] ACPI: PCI Interrupt Link [LNKE] (IRQs 5 *10 11)
[STDERR  ] 2018-12-29T16:33:20.678420183Z: [    0.211224] ACPI: PCI Interrupt Link [LNKF] (IRQs 5 *10 11)
[STDERR  ] 2018-12-29T16:33:20.678451330Z: [    0.213020] ACPI: PCI Interrupt Link [LNKG] (IRQs 5 10 *11)
[STDERR  ] 2018-12-29T16:33:20.678463479Z: [    0.214311] ACPI: PCI Interrupt Link [LNKH] (IRQs 5 10 *11)
[STDERR  ] 2018-12-29T16:33:20.678475439Z: [    0.215162] ACPI: PCI Interrupt Link [GSIA] (IRQs *16)
[STDERR  ] 2018-12-29T16:33:20.678487432Z: [    0.216025] ACPI: PCI Interrupt Link [GSIB] (IRQs *17)
[STDERR  ] 2018-12-29T16:33:20.678499544Z: [    0.217024] ACPI: PCI Interrupt Link [GSIC] (IRQs *18)
[STDERR  ] 2018-12-29T16:33:20.678535131Z: [    0.218034] ACPI: PCI Interrupt Link [GSID] (IRQs *19)
[STDERR  ] 2018-12-29T16:33:20.678547677Z: [    0.220008] ACPI: PCI Interrupt Link [GSIE] (IRQs *20)
[STDERR  ] 2018-12-29T16:33:20.678559328Z: [    0.221026] ACPI: PCI Interrupt Link [GSIF] (IRQs *21)
[STDERR  ] 2018-12-29T16:33:20.678571558Z: [    0.222018] ACPI: PCI Interrupt Link [GSIG] (IRQs *22)
[STDERR  ] 2018-12-29T16:33:20.678602484Z: [    0.223028] ACPI: PCI Interrupt Link [GSIH] (IRQs *23)
[STDERR  ] 2018-12-29T16:33:20.678618434Z: [    0.224406] SCSI subsystem initialized
[STDERR  ] 2018-12-29T16:33:20.678630564Z: [    0.225107] ACPI: bus type USB registered
[STDERR  ] 2018-12-29T16:33:20.678642851Z: [    0.226040] usbcore: registered new interface driver usbfs
[STDERR  ] 2018-12-29T16:33:20.678655325Z: [    0.227026] usbcore: registered new interface driver hub
[STDERR  ] 2018-12-29T16:33:20.678667451Z: [    0.228039] usbcore: registered new device driver usb
[STDERR  ] 2018-12-29T16:33:20.678699385Z: [    0.229046] pps_core: LinuxPPS API ver. 1 registered
[STDERR  ] 2018-12-29T16:33:20.678711426Z: [    0.230004] pps_core: Software ver. 5.3.6 - Copyright 2005-2007 Rodolfo Giometti <giometti@linux.it>
[STDERR  ] 2018-12-29T16:33:20.678726643Z: [    0.231019] PTP clock support registered
[STDERR  ] 2018-12-29T16:33:20.678738844Z: [    0.232104] PCI: Using ACPI for IRQ routing
[STDERR  ] 2018-12-29T16:33:20.678775888Z: [    0.719562] NetLabel: Initializing
[STDERR  ] 2018-12-29T16:33:20.678787893Z: [    0.720004] NetLabel:  domain hash size = 128
[STDERR  ] 2018-12-29T16:33:20.678803012Z: [    0.721003] NetLabel:  protocols = UNLABELED CIPSOv4 CALIPSO
[STDERR  ] 2018-12-29T16:33:20.678815147Z: [    0.723008] NetLabel:  unlabeled traffic allowed by default
[STDERR  ] 2018-12-29T16:33:20.678827147Z: [    0.724186] HPET: 3 timers in total, 0 timers will be used for per-cpu timer
[STDERR  ] 2018-12-29T16:33:20.678847199Z: [    0.725119] hpet0: at MMIO 0xfed00000, IRQs 2, 8, 0
[STDERR  ] 2018-12-29T16:33:20.678859138Z: [    0.726007] hpet0: 3 comparators, 64-bit 100.000000 MHz counter
[STDERR  ] 2018-12-29T16:33:20.678870882Z: [    0.731038] clocksource: Switched to clocksource kvm-clock
[STDERR  ] 2018-12-29T16:33:20.678885352Z: [    0.756087] VFS: Disk quotas dquot_6.6.0
[STDERR  ] 2018-12-29T16:33:20.678897597Z: [    0.760128] VFS: Dquot-cache hash table entries: 512 (order 0, 4096 bytes)
[STDERR  ] 2018-12-29T16:33:20.678909337Z: [    0.766351] FS-Cache: Loaded
[STDERR  ] 2018-12-29T16:33:20.678921572Z: [    0.769317] CacheFiles: Loaded
[STDERR  ] 2018-12-29T16:33:20.678933565Z: [    0.772432] pnp: PnP ACPI init
[STDERR  ] 2018-12-29T16:33:20.678946196Z: [    0.776673] pnp: PnP ACPI: found 5 devices
[STDERR  ] 2018-12-29T16:33:20.678957843Z: [    0.787129] clocksource: acpi_pm: mask: 0xffffff max_cycles: 0xffffff, max_idle_ns: 2085701024 ns
[STDERR  ] 2018-12-29T16:33:20.678969347Z: [    0.795835] NET: Registered protocol family 2
[STDERR  ] 2018-12-29T16:33:20.678983752Z: [    0.800511] TCP established hash table entries: 8192 (order: 4, 65536 bytes)
[STDERR  ] 2018-12-29T16:33:20.678995950Z: [    0.807374] TCP bind hash table entries: 8192 (order: 5, 131072 bytes)
[STDERR  ] 2018-12-29T16:33:20.679008182Z: [    0.814645] TCP: Hash tables configured (established 8192 bind 8192)
[STDERR  ] 2018-12-29T16:33:20.679020517Z: [    0.820384] UDP hash table entries: 512 (order: 2, 16384 bytes)
[STDERR  ] 2018-12-29T16:33:20.679032294Z: [    0.826160] UDP-Lite hash table entries: 512 (order: 2, 16384 bytes)
[STDERR  ] 2018-12-29T16:33:20.679046444Z: [    0.832475] NET: Registered protocol family 1
[STDERR  ] 2018-12-29T16:33:20.679058139Z: [    0.837115] pci 0000:00:01.0: Video device with shadowed ROM at [mem 0x000c0000-0x000dffff]
[STDERR  ] 2018-12-29T16:33:20.679073143Z: [    0.845643] Trying to unpack rootfs image as initramfs...
[STDERR  ] 2018-12-29T16:33:20.679087223Z: [    1.584811] Freeing initrd memory: 37628K
[STDERR  ] 2018-12-29T16:33:20.679103112Z: [    1.588980] clocksource: tsc: mask: 0xffffffffffffffff max_cycles: 0x2126d88f36e, max_idle_ns: 440795303662 ns
[STDERR  ] 2018-12-29T16:33:20.679120127Z: [    1.599340] PCLMULQDQ-NI instructions are not detected.
[STDERR  ] 2018-12-29T16:33:20.679131875Z: [    1.604552] AVX or AES-NI instructions are not detected.
[STDERR  ] 2018-12-29T16:33:20.679143606Z: [    1.609815] CPU feature 'AVX registers' is not supported.
[STDERR  ] 2018-12-29T16:33:20.679186611Z: [    1.615109] CPU feature 'AVX registers' is not supported.
[STDERR  ] 2018-12-29T16:33:20.679206804Z: [    1.620812] CPU feature 'AVX registers' is not supported.
[STDERR  ] 2018-12-29T16:33:20.679218720Z: [    1.626116] CPU feature 'AVX registers' is not supported.
[STDERR  ] 2018-12-29T16:33:20.679230501Z: [    1.631373] AVX2 or AES-NI instructions are not detected.
[STDERR  ] 2018-12-29T16:33:20.679242278Z: [    1.636631] AVX2 instructions are not detected.
[STDERR  ] 2018-12-29T16:33:20.679254504Z: [    1.641338] audit: initializing netlink subsys (disabled)
[STDERR  ] 2018-12-29T16:33:20.679266480Z: [    1.647132] audit: type=2000 audit(1546101186.029:1): state=initialized audit_enabled=0 res=1
[STDERR  ] 2018-12-29T16:33:20.679278618Z: [    1.655520] workingset: timestamp_bits=46 max_order=18 bucket_order=0
[STDERR  ] 2018-12-29T16:33:20.679290885Z: [    1.662251] squashfs: version 4.0 (2009/01/31) Phillip Lougher
[STDERR  ] 2018-12-29T16:33:20.679302219Z: [    1.668108] FS-Cache: Netfs 'cifs' registered for caching
[STDERR  ] 2018-12-29T16:33:20.679319098Z: [    1.673192] fuse init (API version 7.26)
[STDERR  ] 2018-12-29T16:33:20.679331490Z: [    1.677185] SGI XFS with ACLs, security attributes, no debug enabled
[STDERR  ] 2018-12-29T16:33:20.679343553Z: [    1.683578] 9p: Installing v9fs 9p2000 file system support
[STDERR  ] 2018-12-29T16:33:20.679355782Z: [    1.689172] FS-Cache: Netfs '9p' registered for caching
[STDERR  ] 2018-12-29T16:33:20.679370435Z: [    1.695723] NET: Registered protocol family 38
[STDERR  ] 2018-12-29T16:33:20.679382084Z: [    1.700168] Key type asymmetric registered
[STDERR  ] 2018-12-29T16:33:20.679396518Z: [    1.704380] Asymmetric key parser 'x509' registered
[STDERR  ] 2018-12-29T16:33:20.679408636Z: [    1.709463] Block layer SCSI generic (bsg) driver version 0.4 loaded (major 247)
[STDERR  ] 2018-12-29T16:33:20.679420736Z: [    1.717615] io scheduler noop registered
[STDERR  ] 2018-12-29T16:33:20.679432703Z: [    1.721532] io scheduler deadline registered (default)
[STDERR  ] 2018-12-29T16:33:20.679444885Z: [    1.726676] io scheduler cfq registered
[STDERR  ] 2018-12-29T16:33:20.679456732Z: [    1.730618] io scheduler mq-deadline registered
[STDERR  ] 2018-12-29T16:33:20.679468902Z: [    1.735234] io scheduler kyber registered
[STDERR  ] 2018-12-29T16:33:20.679480626Z: [    1.739343] shpchp: Standard Hot Plug PCI Controller Driver version: 0.4
[STDERR  ] 2018-12-29T16:33:20.679492594Z: [    1.746007] hv_vmbus: registering driver hyperv_fb
[STDERR  ] 2018-12-29T16:33:20.679504672Z: [    1.751332] input: Power Button as /devices/LNXSYSTM:00/LNXPWRBN:00/input/input0
[STDERR  ] 2018-12-29T16:33:20.679516743Z: [    1.758875] ACPI: Power Button [PWRF]
[STDERR  ] 2018-12-29T16:33:20.679529141Z: [    1.763433] ACPI: PCI Interrupt Link [GSIG] enabled at IRQ 22
[STDERR  ] 2018-12-29T16:33:20.679540949Z: [    1.775203] ACPI: PCI Interrupt Link [GSIH] enabled at IRQ 23
[STDERR  ] 2018-12-29T16:33:20.679552556Z: [    1.787886] Serial: 8250/16550 driver, 4 ports, IRQ sharing disabled
[STDERR  ] 2018-12-29T16:33:20.679564177Z: [    1.829729] 00:04: ttyS0 at I/O 0x3f8 (irq = 4, base_baud = 115200) is a 16550A
[STDERR  ] 2018-12-29T16:33:20.679575584Z: [    1.837967] Non-volatile memory driver v1.3
[STDERR  ] 2018-12-29T16:33:20.679587894Z: [    1.844064] Hangcheck: starting hangcheck timer 0.9.1 (tick is 180 seconds, margin is 60 seconds).
[STDERR  ] 2018-12-29T16:33:20.679600345Z: [    1.853205] random: fast init done
[STDERR  ] 2018-12-29T16:33:20.679613392Z: [    1.857646] random: crng init done
[STDERR  ] 2018-12-29T16:33:20.679628034Z: [    1.862557] brd: module loaded
[STDERR  ] 2018-12-29T16:33:20.679643560Z: [    1.868423] loop: module loaded
[STDERR  ] 2018-12-29T16:33:20.679655491Z: [    1.875533] lpc_ich 0000:00:1f.0: I/O space for GPIO uninitialized
[STDERR  ] 2018-12-29T16:33:20.679667681Z: [    1.881743] VMware PVSCSI driver - version 1.0.7.0-k
[STDERR  ] 2018-12-29T16:33:20.679679972Z: [    1.886722] hv_vmbus: registering driver hv_storvsc
[STDERR  ] 2018-12-29T16:33:20.679691948Z: [    1.892224] ACPI: PCI Interrupt Link [GSIA] enabled at IRQ 16
[STDERR  ] 2018-12-29T16:33:20.679704047Z: [    1.901779] ahci 0000:00:1f.2: AHCI 0001.0000 32 slots 6 ports 1.5 Gbps 0x3f impl SATA mode
[STDERR  ] 2018-12-29T16:33:20.679716022Z: [    1.910066] ahci 0000:00:1f.2: flags: 64bit ncq only 
[STDERR  ] 2018-12-29T16:33:20.679727459Z: [    1.919463] scsi host0: ahci
[STDERR  ] 2018-12-29T16:33:20.679739332Z: [    1.922970] scsi host1: ahci
[STDERR  ] 2018-12-29T16:33:20.679751274Z: [    1.926432] scsi host2: ahci
[STDERR  ] 2018-12-29T16:33:20.679763099Z: [    1.929686] scsi host3: ahci
[STDERR  ] 2018-12-29T16:33:20.679781108Z: [    1.932758] scsi host4: ahci
[STDERR  ] 2018-12-29T16:33:20.679792975Z: [    1.935884] scsi host5: ahci
[STDERR  ] 2018-12-29T16:33:20.679804929Z: [    1.938952] ata1: SATA max UDMA/133 abar m4096@0xfebd2000 port 0xfebd2100 irq 24
[STDERR  ] 2018-12-29T16:33:20.679816546Z: [    1.946341] ata2: SATA max UDMA/133 abar m4096@0xfebd2000 port 0xfebd2180 irq 24
[STDERR  ] 2018-12-29T16:33:20.679832978Z: [    1.954282] ata3: SATA max UDMA/133 abar m4096@0xfebd2000 port 0xfebd2200 irq 24
[STDERR  ] 2018-12-29T16:33:20.679852626Z: [    1.962094] ata4: SATA max UDMA/133 abar m4096@0xfebd2000 port 0xfebd2280 irq 24
[STDERR  ] 2018-12-29T16:33:20.679864628Z: [    1.969464] ata5: SATA max UDMA/133 abar m4096@0xfebd2000 port 0xfebd2300 irq 24
[STDERR  ] 2018-12-29T16:33:20.679876896Z: [    1.977078] ata6: SATA max UDMA/133 abar m4096@0xfebd2000 port 0xfebd2380 irq 24
[STDERR  ] 2018-12-29T16:33:20.679888945Z: [    1.987898] tun: Universal TUN/TAP device driver, 1.6
[STDERR  ] 2018-12-29T16:33:20.679901054Z: [    1.998162] VMware vmxnet3 virtual NIC driver - version 1.4.a.0-k-NAPI
[STDERR  ] 2018-12-29T16:33:20.679912824Z: [    2.005262] hv_vmbus: registering driver hv_netvsc
[STDERR  ] 2018-12-29T16:33:20.679925128Z: [    2.010140] Fusion MPT base driver 3.04.20
[STDERR  ] 2018-12-29T16:33:20.679937408Z: [    2.014480] Copyright (c) 1999-2008 LSI Corporation
[STDERR  ] 2018-12-29T16:33:20.679951476Z: [    2.019708] Fusion MPT SPI Host driver 3.04.20
[STDERR  ] 2018-12-29T16:33:20.679964074Z: [    2.024604] i8042: PNP: PS/2 Controller [PNP0303:KBD,PNP0f13:MOU] at 0x60,0x64 irq 1,12
[STDERR  ] 2018-12-29T16:33:20.679980184Z: [    2.037199] serio: i8042 KBD port at 0x60,0x64 irq 1
[STDERR  ] 2018-12-29T16:33:20.679991968Z: [    2.042242] serio: i8042 AUX port at 0x60,0x64 irq 12
[STDERR  ] 2018-12-29T16:33:20.680004146Z: [    2.047486] hv_vmbus: registering driver hyperv_keyboard
[STDERR  ] 2018-12-29T16:33:20.680015865Z: [    2.052963] mousedev: PS/2 mouse device common for all mice
[STDERR  ] 2018-12-29T16:33:20.680027892Z: [    2.060161] input: AT Translated Set 2 keyboard as /devices/platform/i8042/serio0/input/input1
[STDERR  ] 2018-12-29T16:33:20.680040204Z: [    2.068919] input: PC Speaker as /devices/platform/pcspkr/input/input2
[STDERR  ] 2018-12-29T16:33:20.680052278Z: [    2.075896] rtc_cmos 00:00: RTC can wake from S4
[STDERR  ] 2018-12-29T16:33:20.680064468Z: [    2.083485] rtc_cmos 00:00: rtc core: registered rtc_cmos as rtc0
[STDERR  ] 2018-12-29T16:33:20.680076089Z: [    2.090711] rtc_cmos 00:00: alarms up to one day, y3k, 114 bytes nvram, hpet irqs
[STDERR  ] 2018-12-29T16:33:20.680088041Z: [    2.098308] i2c /dev entries driver
[STDERR  ] 2018-12-29T16:33:20.680099986Z: [    2.102106] device-mapper: ioctl: 4.37.0-ioctl (2017-09-20) initialised: dm-devel@redhat.com
[STDERR  ] 2018-12-29T16:33:20.680112617Z: [    2.111432] usbcore: registered new interface driver usbhid
[STDERR  ] 2018-12-29T16:33:20.680124621Z: [    2.117519] usbhid: USB HID core driver
[STDERR  ] 2018-12-29T16:33:20.680141533Z: [    2.121863] hv_utils: Registering HyperV Utility Driver
[STDERR  ] 2018-12-29T16:33:20.680164396Z: [    2.127583] hv_vmbus: registering driver hv_util
[STDERR  ] 2018-12-29T16:33:20.680176329Z: [    2.132426] hv_vmbus: registering driver hv_balloon
[STDERR  ] 2018-12-29T16:33:20.680188229Z: [    2.137619] oprofile: using NMI interrupt.
[STDERR  ] 2018-12-29T16:33:20.680199758Z: [    2.142149] GACT probability on
[STDERR  ] 2018-12-29T16:33:20.680211828Z: [    2.145579] Mirror/redirect action on
[STDERR  ] 2018-12-29T16:33:20.680223704Z: [    2.149413] Simple TC action Loaded
[STDERR  ] 2018-12-29T16:33:20.680235761Z: [    2.153096] u32 classifier
[STDERR  ] 2018-12-29T16:33:20.680247977Z: [    2.155994]     Performance counters on
[STDERR  ] 2018-12-29T16:33:20.680260031Z: [    2.160043]     input device check on
[STDERR  ] 2018-12-29T16:33:20.680271994Z: [    2.164042]     Actions configured
[STDERR  ] 2018-12-29T16:33:20.680285912Z: [    2.168836] Netfilter messages via NETLINK v0.30.
[STDERR  ] 2018-12-29T16:33:20.680319642Z: [    2.173913] nfnl_acct: registering with nfnetlink.
[STDERR  ] 2018-12-29T16:33:20.680331780Z: [    2.178916] nf_conntrack version 0.5.0 (8192 buckets, 32768 max)
[STDERR  ] 2018-12-29T16:33:20.680353251Z: [    2.185563] ctnetlink v0.93: registering with nfnetlink.
[STDERR  ] 2018-12-29T16:33:20.680364409Z: [    2.191454] nf_tables: (c) 2007-2009 Patrick McHardy <kaber@trash.net>
[STDERR  ] 2018-12-29T16:33:20.680381614Z: [    2.198473] nf_tables_compat: (c) 2012 Pablo Neira Ayuso <pablo@netfilter.org>
[STDERR  ] 2018-12-29T16:33:20.680392255Z: [    2.206210] xt_time: kernel timezone is -0000
[STDERR  ] 2018-12-29T16:33:20.680402470Z: [    2.210863] ip_set: protocol 6
[STDERR  ] 2018-12-29T16:33:20.680412387Z: [    2.214736] ipip: IPv4 and MPLS over IPv4 tunneling driver
[STDERR  ] 2018-12-29T16:33:20.680425454Z: [    2.221410] gre: GRE over IPv4 demultiplexor driver
[STDERR  ] 2018-12-29T16:33:20.680435386Z: [    2.226730] ip_tables: (C) 2000-2006 Netfilter Core Team
[STDERR  ] 2018-12-29T16:33:20.680445446Z: [    2.232664] arp_tables: arp_tables: (C) 2002 David S. Miller
[STDERR  ] 2018-12-29T16:33:20.680456283Z: [    2.238982] NET: Registered protocol family 10
[STDERR  ] 2018-12-29T16:33:20.680467373Z: [    2.244342] Segment Routing with IPv6
[STDERR  ] 2018-12-29T16:33:20.680479060Z: [    2.248352] ip6_tables: (C) 2000-2006 Netfilter Core Team
[STDERR  ] 2018-12-29T16:33:20.680493409Z: [    2.254541] NET: Registered protocol family 17
[STDERR  ] 2018-12-29T16:33:20.680505917Z: [    2.258178] Bridge firewalling registered
[STDERR  ] 2018-12-29T16:33:20.680517825Z: [    2.262568] 8021q: 802.1Q VLAN Support v1.8
[STDERR  ] 2018-12-29T16:33:20.680530150Z: [    2.266939] 9pnet: Installing 9P2000 support
[STDERR  ] 2018-12-29T16:33:20.680542624Z: [    2.271566] Key type dns_resolver registered
[STDERR  ] 2018-12-29T16:33:20.680554717Z: [    2.276249] registered taskstats version 1
[STDERR  ] 2018-12-29T16:33:20.680566600Z: [    2.289211] Key type big_key registered
[STDERR  ] 2018-12-29T16:33:20.680578541Z: [    2.297592] Key type trusted registered
[STDERR  ] 2018-12-29T16:33:20.680589479Z: [    2.302696] ata5: SATA link down (SStatus 0 SControl 300)
[STDERR  ] 2018-12-29T16:33:20.680661827Z: [    2.309313] ata4: SATA link down (SStatus 0 SControl 300)
[STDERR  ] 2018-12-29T16:33:20.680677399Z: [    2.315781] ata3: SATA link up 1.5 Gbps (SStatus 113 SControl 300)
[STDERR  ] 2018-12-29T16:33:20.680689640Z: [    2.323697] ata2: SATA link down (SStatus 0 SControl 300)
[STDERR  ] 2018-12-29T16:33:20.680701907Z: [    2.330371] ata1: SATA link up 1.5 Gbps (SStatus 113 SControl 300)
[STDERR  ] 2018-12-29T16:33:20.680713842Z: [    2.337905] ata6: SATA link down (SStatus 0 SControl 300)
[STDOUT  ] 2018-12-29T16:33:20.680609042Z: [    0.000000] Linux version 4.14.90-linuxkit (root@0ff365c31169) (gcc version 6.4.0 (Alpine 6.4.0)) #1 SMP Sat Dec 22 11:49:10 UTC 2018
[STDOUT  ] 2018-12-29T16:33:20.680745271Z: [    0.000000] Command line: console=ttyS0 console=ttyAMA0
[STDOUT  ] 2018-12-29T16:33:20.680779913Z: [    0.000000] x86/fpu: x87 FPU will use FXSAVE
[STDOUT  ] 2018-12-29T16:33:20.680789171Z: [    0.000000] e820: BIOS-provided physical RAM map:
[STDOUT  ] 2018-12-29T16:33:20.680797728Z: [    0.000000] BIOS-e820: [mem 0x0000000000000000-0x000000000009fbff] usable
[STDOUT  ] 2018-12-29T16:33:20.680806656Z: [    0.000000] BIOS-e820: [mem 0x000000000009fc00-0x000000000009ffff] reserved
[STDOUT  ] 2018-12-29T16:33:20.680814784Z: [    0.000000] BIOS-e820: [mem 0x00000000000f0000-0x00000000000fffff] reserved
[STDOUT  ] 2018-12-29T16:33:20.680823411Z: [    0.000000] BIOS-e820: [mem 0x0000000000100000-0x000000003ffdefff] usable
[STDOUT  ] 2018-12-29T16:33:20.680831277Z: [    0.000000] BIOS-e820: [mem 0x000000003ffdf000-0x000000003fffffff] reserved
[STDOUT  ] 2018-12-29T16:33:20.680842749Z: [    0.000000] BIOS-e820: [mem 0x00000000b0000000-0x00000000bfffffff] reserved
[STDOUT  ] 2018-12-29T16:33:20.680851834Z: [    0.000000] BIOS-e820: [mem 0x00000000fed1c000-0x00000000fed1ffff] reserved
[STDOUT  ] 2018-12-29T16:33:20.680862807Z: [    0.000000] BIOS-e820: [mem 0x00000000feffc000-0x00000000feffffff] reserved
[STDOUT  ] 2018-12-29T16:33:20.680874340Z: [    0.000000] BIOS-e820: [mem 0x00000000fffc0000-0x00000000ffffffff] reserved
[STDOUT  ] 2018-12-29T16:33:20.680895400Z: [    0.000000] NX (Execute Disable) protection: active
[STDOUT  ] 2018-12-29T16:33:20.680905157Z: [    0.000000] SMBIOS 2.8 present.
[STDOUT  ] 2018-12-29T16:33:20.680914022Z: [    0.000000] DMI: QEMU Standard PC (Q35 + ICH9, 2009), BIOS 1.10.2-1 04/01/2014
[STDOUT  ] 2018-12-29T16:33:20.680922871Z: [    0.000000] Hypervisor detected: KVM
[STDOUT  ] 2018-12-29T16:33:20.680931738Z: [    0.000000] tsc: Fast TSC calibration failed
[STDOUT  ] 2018-12-29T16:33:20.680940564Z: [    0.000000] tsc: Unable to calibrate against PIT
[STDOUT  ] 2018-12-29T16:33:20.680949076Z: [    0.000000] tsc: No reference (HPET/PMTIMER) available
[STDOUT  ] 2018-12-29T16:33:20.680957885Z: [    0.000000] e820: last_pfn = 0x3ffdf max_arch_pfn = 0x400000000
[STDOUT  ] 2018-12-29T16:33:20.680966500Z: [    0.000000] x86/PAT: PAT not supported by CPU.
[STDOUT  ] 2018-12-29T16:33:20.680974883Z: [    0.000000] x86/PAT: Configuration [0-7]: WB  WT  UC- UC  WB  WT  UC- UC  
[STDOUT  ] 2018-12-29T16:33:20.680983156Z: [    0.000000] found SMP MP-table at [mem 0x000f6a90-0x000f6a9f] mapped at [ffffffffff200a90]
[STDOUT  ] 2018-12-29T16:33:20.681000169Z: [    0.000000] RAMDISK: [mem 0x3db11000-0x3ffcffff]
[STDOUT  ] 2018-12-29T16:33:20.681008889Z: [    0.000000] ACPI: Early table checksum verification disabled
[STDOUT  ] 2018-12-29T16:33:20.681016982Z: [    0.000000] ACPI: RSDP 0x00000000000F68D0 000014 (v00 BOCHS )
[STDOUT  ] 2018-12-29T16:33:20.681025275Z: [    0.000000] ACPI: RSDT 0x000000003FFE2404 000034 (v01 BOCHS  BXPCRSDT 00000001 BXPC 00000001)
[STDOUT  ] 2018-12-29T16:33:20.681033442Z: [    0.000000] ACPI: FACP 0x000000003FFE22A4 000074 (v01 BOCHS  BXPCFACP 00000001 BXPC 00000001)
[STDOUT  ] 2018-12-29T16:33:20.681044216Z: [    0.000000] ACPI: DSDT 0x000000003FFE0040 002264 (v01 BOCHS  BXPCDSDT 00000001 BXPC 00000001)
[STDOUT  ] 2018-12-29T16:33:20.681052712Z: [    0.000000] ACPI: FACS 0x000000003FFE0000 000040
[STDOUT  ] 2018-12-29T16:33:20.681061655Z: [    0.000000] ACPI: APIC 0x000000003FFE2318 000078 (v01 BOCHS  BXPCAPIC 00000001 BXPC 00000001)
[STDOUT  ] 2018-12-29T16:33:20.681070065Z: [    0.000000] ACPI: HPET 0x000000003FFE2390 000038 (v01 BOCHS  BXPCHPET 00000001 BXPC 00000001)
[STDOUT  ] 2018-12-29T16:33:20.681078083Z: [    0.000000] ACPI: MCFG 0x000000003FFE23C8 00003C (v01 BOCHS  BXPCMCFG 00000001 BXPC 00000001)
[STDOUT  ] 2018-12-29T16:33:20.681086193Z: [    0.000000] kvm-clock: Using msrs 4b564d01 and 4b564d00
[STDOUT  ] 2018-12-29T16:33:20.681094273Z: [    0.000000] kvm-clock: cpu 0, msr 0:3ffdd001, primary cpu clock
[STDOUT  ] 2018-12-29T16:33:20.681102610Z: [    0.000000] clocksource: kvm-clock: mask: 0xffffffffffffffff max_cycles: 0x1cd42e4dffb, max_idle_ns: 881590591483 ns
[STDOUT  ] 2018-12-29T16:33:20.681111550Z: [    0.000000] Zone ranges:
[STDOUT  ] 2018-12-29T16:33:20.681123565Z: [    0.000000]   DMA      [mem 0x0000000000001000-0x0000000000ffffff]
[STDOUT  ] 2018-12-29T16:33:20.681131693Z: [    0.000000]   DMA32    [mem 0x0000000001000000-0x000000003ffdefff]
[STDOUT  ] 2018-12-29T16:33:20.681140887Z: [    0.000000]   Normal   empty
[STDOUT  ] 2018-12-29T16:33:20.681160553Z: [    0.000000]   Device   empty
[STDOUT  ] 2018-12-29T16:33:20.681168428Z: [    0.000000] Movable zone start for each node
[STDOUT  ] 2018-12-29T16:33:20.681176029Z: [    0.000000] Early memory node ranges
[STDOUT  ] 2018-12-29T16:33:20.681183823Z: [    0.000000]   node   0: [mem 0x0000000000001000-0x000000000009efff]
[STDOUT  ] 2018-12-29T16:33:20.681192059Z: [    0.000000]   node   0: [mem 0x0000000000100000-0x000000003ffdefff]
[STDOUT  ] 2018-12-29T16:33:20.681199894Z: [    0.000000] Initmem setup node 0 [mem 0x0000000000001000-0x000000003ffdefff]
[STDOUT  ] 2018-12-29T16:33:20.681207516Z: [    0.000000] ACPI: PM-Timer IO Port: 0x608
[STDOUT  ] 2018-12-29T16:33:20.681215388Z: [    0.000000] ACPI: LAPIC_NMI (acpi_id[0xff] dfl dfl lint[0x1])
[STDOUT  ] 2018-12-29T16:33:20.681223206Z: [    0.000000] IOAPIC[0]: apic_id 0, version 17, address 0xfec00000, GSI 0-23
[STDOUT  ] 2018-12-29T16:33:20.681231625Z: [    0.000000] ACPI: INT_SRC_OVR (bus 0 bus_irq 0 global_irq 2 dfl dfl)
[STDOUT  ] 2018-12-29T16:33:20.681242955Z: [    0.000000] ACPI: INT_SRC_OVR (bus 0 bus_irq 5 global_irq 5 high level)
[STDOUT  ] 2018-12-29T16:33:20.681250817Z: [    0.000000] ACPI: INT_SRC_OVR (bus 0 bus_irq 9 global_irq 9 high level)
[STDOUT  ] 2018-12-29T16:33:20.681258658Z: [    0.000000] ACPI: INT_SRC_OVR (bus 0 bus_irq 10 global_irq 10 high level)
[STDOUT  ] 2018-12-29T16:33:20.681266843Z: [    0.000000] ACPI: INT_SRC_OVR (bus 0 bus_irq 11 global_irq 11 high level)
[STDOUT  ] 2018-12-29T16:33:20.681284530Z: [    0.000000] Using ACPI (MADT) for SMP configuration information
[STDOUT  ] 2018-12-29T16:33:20.681306262Z: [    0.000000] ACPI: HPET id: 0x8086a201 base: 0xfed00000
[STDOUT  ] 2018-12-29T16:33:20.681315026Z: [    0.000000] smpboot: Allowing 1 CPUs, 0 hotplug CPUs
[STDOUT  ] 2018-12-29T16:33:20.681327725Z: [    0.000000] e820: [mem 0x40000000-0xafffffff] available for PCI devices
[STDOUT  ] 2018-12-29T16:33:20.681336528Z: [    0.000000] Booting paravirtualized kernel on KVM
[STDOUT  ] 2018-12-29T16:33:20.681344676Z: [    0.000000] clocksource: refined-jiffies: mask: 0xffffffff max_cycles: 0xffffffff, max_idle_ns: 1910969940391419 ns
[STDERR  ] 2018-12-29T16:33:20.680725853Z: [    2.345774] ata1.00: ATA-7: QEMU HARDDISK, 2.5+, max UDMA/100
[STDERR  ] 2018-12-29T16:33:20.681372582Z: [    2.351750] ata1.00: 1048576 sectors, multi 16: LBA48 NCQ (depth 31/32)
[STDERR  ] 2018-12-29T16:33:20.681390922Z: [    2.358537] ata1.00: applying bridge limits
[STDERR  ] 2018-12-29T16:33:20.681402968Z: [    2.363214] ata3.00: ATAPI: QEMU DVD-ROM, 2.5+, max UDMA/100
[STDERR  ] 2018-12-29T16:33:20.681414936Z: [    2.369117] ata3.00: applying bridge limits
[STDERR  ] 2018-12-29T16:33:20.681431022Z: [    2.376176] ata3.00: configured for UDMA/100
[STDOUT  ] 2018-12-29T16:33:20.681355697Z: [    0.000000] random: get_random_bytes called from start_kernel+0x92/0x4d1 with crng_init=0
[STDOUT  ] 2018-12-29T16:33:20.681448846Z: [    0.000000] setup_percpu: NR_CPUS:128 nr_cpumask_bits:128 nr_cpu_ids:1 nr_node_ids:1
[STDOUT  ] 2018-12-29T16:33:20.681465052Z: [    0.000000] percpu: Embedded 45 pages/cpu @ffff9358fd800000 s144216 r8192 d31912 u2097152
[STDOUT  ] 2018-12-29T16:33:20.681474086Z: [    0.000000] KVM setup async PF for cpu 0
[STDOUT  ] 2018-12-29T16:33:20.681482942Z: [    0.000000] kvm-stealtime: cpu 0, msr 3d815f40
[STDOUT  ] 2018-12-29T16:33:20.681491449Z: [    0.000000] Built 1 zonelists, mobility grouping on.  Total pages: 257896
[STDOUT  ] 2018-12-29T16:33:20.681500018Z: [    0.000000] Kernel command line: console=ttyS0 console=ttyAMA0
[STDOUT  ] 2018-12-29T16:33:20.681509485Z: [    0.000000] PID hash table entries: 4096 (order: 3, 32768 bytes)
[STDOUT  ] 2018-12-29T16:33:20.681517157Z: [    0.000000] Dentry cache hash table entries: 131072 (order: 8, 1048576 bytes)
[STDOUT  ] 2018-12-29T16:33:20.681530615Z: [    0.000000] Inode-cache hash table entries: 65536 (order: 7, 524288 bytes)
[STDOUT  ] 2018-12-29T16:33:20.681541190Z: [    0.000000] Memory: 967228K/1048052K available (12300K kernel code, 1451K rwdata, 2964K rodata, 1536K init, 580K bss, 80824K reserved, 0K cma-reserved)
[STDOUT  ] 2018-12-29T16:33:20.681550539Z: [    0.000000] Kernel/User page tables isolation: enabled
[STDOUT  ] 2018-12-29T16:33:20.681562287Z: [    0.000000] ftrace: allocating 40613 entries in 159 pages
[STDOUT  ] 2018-12-29T16:33:20.681570334Z: [    0.001000] Hierarchical RCU implementation.
[STDOUT  ] 2018-12-29T16:33:20.681578350Z: [    0.001000] 	RCU restricting CPUs from NR_CPUS=128 to nr_cpu_ids=1.
[STDOUT  ] 2018-12-29T16:33:20.681587512Z: [    0.001000] RCU: Adjusting geometry for rcu_fanout_leaf=16, nr_cpu_ids=1
[STDOUT  ] 2018-12-29T16:33:20.681595819Z: [    0.001000] NR_IRQS: 8448, nr_irqs: 256, preallocated irqs: 16
[STDOUT  ] 2018-12-29T16:33:20.681604459Z: [    0.001000] Console: colour VGA+ 80x25
[STDOUT  ] 2018-12-29T16:33:20.681612999Z: [    0.001000] console [ttyS0] enabled
[STDERR  ] 2018-12-29T16:33:20.681443269Z: [    2.381135] Key type encrypted registered
[STDOUT  ] 2018-12-29T16:33:20.681621783Z: [    0.001000] clocksource: hpet: mask: 0xffffffff max_cycles: 0xffffffff, max_idle_ns: 19112604467 ns
[STDERR  ] 2018-12-29T16:33:20.681629547Z: [    2.385282] ima: No TPM chip found, activating TPM-bypass! (rc=-19)
[STDERR  ] 2018-12-29T16:33:20.681643005Z: [    2.392442] ata1.00: configured for UDMA/100
[STDOUT  ] 2018-12-29T16:33:20.681636035Z: [    0.001027] tsc: Detected 2299.902 MHz processor
[STDOUT  ] 2018-12-29T16:33:20.681657965Z: [    0.002030] Calibrating delay loop (skipped) preset value.. 4599.80 BogoMIPS (lpj=2299902)
[STDERR  ] 2018-12-29T16:33:20.681654415Z: [    2.396981] scsi 0:0:0:0: Direct-Access     ATA      QEMU HARDDISK    2.5+ PQ: 0 ANSI: 5
[STDOUT  ] 2018-12-29T16:33:20.681667539Z: [    0.003026] pid_max: default: 32768 minimum: 301
[STDERR  ] 2018-12-29T16:33:20.681679796Z: [    2.405144] ima: Allocated hash algorithm: sha256
[STDOUT  ] 2018-12-29T16:33:20.681691440Z: [    0.004050] ACPI: Core revision 20170728
[STDOUT  ] 2018-12-29T16:33:20.681703806Z: [    0.005710] ACPI: 1 ACPI AML tables successfully acquired and loaded
[STDOUT  ] 2018-12-29T16:33:20.681712305Z: [    0.007114] Security Framework initialized
[STDOUT  ] 2018-12-29T16:33:20.681729064Z: [    0.008031] Yama: becoming mindful.
[STDOUT  ] 2018-12-29T16:33:20.681737108Z: [    0.009073] Mount-cache hash table entries: 2048 (order: 2, 16384 bytes)
[STDOUT  ] 2018-12-29T16:33:20.681747430Z: [    0.010033] Mountpoint-cache hash table entries: 2048 (order: 2, 16384 bytes)
[STDOUT  ] 2018-12-29T16:33:20.681756557Z: [    0.013065] Last level iTLB entries: 4KB 0, 2MB 0, 4MB 0
[STDOUT  ] 2018-12-29T16:33:20.681764663Z: [    0.014027] Last level dTLB entries: 4KB 0, 2MB 0, 4MB 0, 1GB 0
[STDOUT  ] 2018-12-29T16:33:20.681773075Z: [    0.015027] Spectre V2 : Mitigation: Full generic retpoline
[STDOUT  ] 2018-12-29T16:33:20.681781304Z: [    0.017027] Spectre V2 : Spectre v2 / SpectreRSB mitigation: Filling RSB on context switch
[STDOUT  ] 2018-12-29T16:33:20.681789778Z: [    0.019029] Speculative Store Bypass: Vulnerable
[STDOUT  ] 2018-12-29T16:33:20.681797971Z: [    0.027054] Freeing SMP alternatives memory: 20K
[STDOUT  ] 2018-12-29T16:33:20.681806656Z: [    0.029577] smpboot: Max logical packages: 1
[STDOUT  ] 2018-12-29T16:33:20.681814703Z: [    0.032905] x2apic enabled
[STDOUT  ] 2018-12-29T16:33:20.681823242Z: [    0.033025] Switched APIC routing to physical x2apic.
[STDOUT  ] 2018-12-29T16:33:20.681831007Z: [    0.045857] ..TIMER: vector=0x30 apic1=0 pin1=2 apic2=-1 pin2=-1
[STDOUT  ] 2018-12-29T16:33:20.681842684Z: [    0.046000] smpboot: CPU0: Intel QEMU Virtual CPU version 2.5+ (family: 0x6, model: 0x6, stepping: 0x3)
[STDOUT  ] 2018-12-29T16:33:20.681853429Z: [    0.046127] Performance Events: PMU not available due to virtualization, using software events only.
[STDOUT  ] 2018-12-29T16:33:20.681866617Z: [    0.048343] Hierarchical SRCU implementation.
[STDOUT  ] 2018-12-29T16:33:20.681875369Z: [    0.049143] NMI watchdog: Perf event create on CPU 0 failed with -2
[STDOUT  ] 2018-12-29T16:33:20.681884821Z: [    0.051003] NMI watchdog: Perf NMI watchdog permanently disabled
[STDOUT  ] 2018-12-29T16:33:20.681893987Z: [    0.053109] smp: Bringing up secondary CPUs ...
[STDOUT  ] 2018-12-29T16:33:20.681904537Z: [    0.054009] smp: Brought up 1 node, 1 CPU
[STDOUT  ] 2018-12-29T16:33:20.681912609Z: [    0.055007] smpboot: Total of 1 processors activated (4599.80 BogoMIPS)
[STDOUT  ] 2018-12-29T16:33:20.681921205Z: [    0.058197] devtmpfs: initialized
[STDOUT  ] 2018-12-29T16:33:20.681929806Z: [    0.059077] x86/mm: Memory block size: 128MB
[STDOUT  ] 2018-12-29T16:33:20.681938732Z: [    0.060232] evm: security.ima
[STDOUT  ] 2018-12-29T16:33:20.681946669Z: [    0.061004] evm: security.capability
[STDOUT  ] 2018-12-29T16:33:20.681954617Z: [    0.062193] clocksource: jiffies: mask: 0xffffffff max_cycles: 0xffffffff, max_idle_ns: 1911260446275000 ns
[STDOUT  ] 2018-12-29T16:33:20.681965361Z: [    0.063014] futex hash table entries: 256 (order: 2, 16384 bytes)
[STDOUT  ] 2018-12-29T16:33:20.681973535Z: [    0.064228] NET: Registered protocol family 16
[STDOUT  ] 2018-12-29T16:33:20.681981129Z: [    0.065237] cpuidle: using governor ladder
[STDOUT  ] 2018-12-29T16:33:20.681993934Z: [    0.066008] cpuidle: using governor menu
[STDOUT  ] 2018-12-29T16:33:20.682003042Z: [    0.067133] ACPI: bus type PCI registered
[STDOUT  ] 2018-12-29T16:33:20.682020029Z: [    0.069124] PCI: MMCONFIG for domain 0000 [bus 00-ff] at [mem 0xb0000000-0xbfffffff] (base 0xb0000000)
[STDOUT  ] 2018-12-29T16:33:20.682028410Z: [    0.070011] PCI: MMCONFIG at [mem 0xb0000000-0xbfffffff] reserved in E820
[STDOUT  ] 2018-12-29T16:33:20.682037269Z: [    0.071024] PCI: Using configuration type 1 for base access
[STDOUT  ] 2018-12-29T16:33:20.682045902Z: [    0.074267] HugeTLB registered 2.00 MiB page size, pre-allocated 0 pages
[STDOUT  ] 2018-12-29T16:33:20.682055860Z: [    0.076166] ACPI: Added _OSI(Module Device)
[STDOUT  ] 2018-12-29T16:33:20.682064665Z: [    0.077010] ACPI: Added _OSI(Processor Device)
[STDOUT  ] 2018-12-29T16:33:20.682072702Z: [    0.078005] ACPI: Added _OSI(3.0 _SCP Extensions)
[STDOUT  ] 2018-12-29T16:33:20.682084267Z: [    0.079004] ACPI: Added _OSI(Processor Aggregator Device)
[STDOUT  ] 2018-12-29T16:33:20.682092667Z: [    0.085027] ACPI: Interpreter enabled
[STDOUT  ] 2018-12-29T16:33:20.682101302Z: [    0.086013] ACPI: (supports S0 S5)
[STDOUT  ] 2018-12-29T16:33:20.682110693Z: [    0.087004] ACPI: Using IOAPIC for interrupt routing
[STDOUT  ] 2018-12-29T16:33:20.682118540Z: [    0.088060] PCI: Using host bridge windows from ACPI; if necessary, use "pci=nocrs" and report a bug
[STDOUT  ] 2018-12-29T16:33:20.682126771Z: [    0.089405] ACPI: Enabled 2 GPEs in block 00 to 3F
[STDOUT  ] 2018-12-29T16:33:20.682135228Z: [    0.094236] ACPI: PCI Root Bridge [PCI0] (domain 0000 [bus 00-ff])
[STDOUT  ] 2018-12-29T16:33:20.682143429Z: [    0.095014] acpi PNP0A08:00: _OSC: OS supports [ExtendedConfig ASPM ClockPM Segments MSI]
[STDOUT  ] 2018-12-29T16:33:20.682166430Z: [    0.096148] acpi PNP0A08:00: _OSC: OS now controls [PCIeHotplug PME PCIeCapability]
[STDOUT  ] 2018-12-29T16:33:20.682174670Z: [    0.097080] PCI host bridge to bus 0000:00
[STDOUT  ] 2018-12-29T16:33:20.682183004Z: [    0.098009] pci_bus 0000:00: root bus resource [io  0x0000-0x0cf7 window]
[STDOUT  ] 2018-12-29T16:33:20.682192538Z: [    0.099011] pci_bus 0000:00: root bus resource [io  0x0d00-0xffff window]
[STDOUT  ] 2018-12-29T16:33:20.682205738Z: [    0.100009] pci_bus 0000:00: root bus resource [mem 0x000a0000-0x000bffff window]
[STDOUT  ] 2018-12-29T16:33:20.682214328Z: [    0.101010] pci_bus 0000:00: root bus resource [mem 0xc0000000-0xfebfffff window]
[STDOUT  ] 2018-12-29T16:33:20.682221818Z: [    0.102010] pci_bus 0000:00: root bus resource [bus 00-ff]
[STDOUT  ] 2018-12-29T16:33:20.682230197Z: [    0.176566] pci 0000:00:1f.0: quirk: [io  0x0600-0x067f] claimed by ICH6 ACPI/GPIO/TCO
[STDOUT  ] 2018-12-29T16:33:20.682242088Z: [    0.204175] ACPI: PCI Interrupt Link [LNKA] (IRQs 5 *10 11)
[STDOUT  ] 2018-12-29T16:33:20.682250740Z: [    0.206023] ACPI: PCI Interrupt Link [LNKB] (IRQs 5 *10 11)
[STDOUT  ] 2018-12-29T16:33:20.682259002Z: [    0.207308] ACPI: PCI Interrupt Link [LNKC] (IRQs 5 10 *11)
[STDOUT  ] 2018-12-29T16:33:20.682270613Z: [    0.208310] ACPI: PCI Interrupt Link [LNKD] (IRQs 5 10 *11)
[STDOUT  ] 2018-12-29T16:33:20.682287093Z: [    0.209314] ACPI: PCI Interrupt Link [LNKE] (IRQs 5 *10 11)
[STDOUT  ] 2018-12-29T16:33:20.682295789Z: [    0.211224] ACPI: PCI Interrupt Link [LNKF] (IRQs 5 *10 11)
[STDOUT  ] 2018-12-29T16:33:20.682304030Z: [    0.213020] ACPI: PCI Interrupt Link [LNKG] (IRQs 5 10 *11)
[STDOUT  ] 2018-12-29T16:33:20.682312623Z: [    0.214311] ACPI: PCI Interrupt Link [LNKH] (IRQs 5 10 *11)
[STDOUT  ] 2018-12-29T16:33:20.682320833Z: [    0.215162] ACPI: PCI Interrupt Link [GSIA] (IRQs *16)
[STDOUT  ] 2018-12-29T16:33:20.682329243Z: [    0.216025] ACPI: PCI Interrupt Link [GSIB] (IRQs *17)
[STDOUT  ] 2018-12-29T16:33:20.682337495Z: [    0.217024] ACPI: PCI Interrupt Link [GSIC] (IRQs *18)
[STDOUT  ] 2018-12-29T16:33:20.682345992Z: [    0.218034] ACPI: PCI Interrupt Link [GSID] (IRQs *19)
[STDOUT  ] 2018-12-29T16:33:20.682354447Z: [    0.220008] ACPI: PCI Interrupt Link [GSIE] (IRQs *20)
[STDOUT  ] 2018-12-29T16:33:20.682367715Z: [    0.221026] ACPI: PCI Interrupt Link [GSIF] (IRQs *21)
[STDOUT  ] 2018-12-29T16:33:20.682375908Z: [    0.222018] ACPI: PCI Interrupt Link [GSIG] (IRQs *22)
[STDOUT  ] 2018-12-29T16:33:20.682383498Z: [    0.223028] ACPI: PCI Interrupt Link [GSIH] (IRQs *23)
[STDOUT  ] 2018-12-29T16:33:20.682391990Z: [    0.224406] SCSI subsystem initialized
[STDOUT  ] 2018-12-29T16:33:20.682400476Z: [    0.225107] ACPI: bus type USB registered
[STDOUT  ] 2018-12-29T16:33:20.682408755Z: [    0.226040] usbcore: registered new interface driver usbfs
[STDOUT  ] 2018-12-29T16:33:20.682416979Z: [    0.227026] usbcore: registered new interface driver hub
[STDOUT  ] 2018-12-29T16:33:20.682425896Z: [    0.228039] usbcore: registered new device driver usb
[STDOUT  ] 2018-12-29T16:33:20.682434356Z: [    0.229046] pps_core: LinuxPPS API ver. 1 registered
[STDOUT  ] 2018-12-29T16:33:20.682442891Z: [    0.230004] pps_core: Software ver. 5.3.6 - Copyright 2005-2007 Rodolfo Giometti <giometti@linux.it>
[STDOUT  ] 2018-12-29T16:33:20.682451275Z: [    0.231019] PTP clock support registered
[STDOUT  ] 2018-12-29T16:33:20.682459630Z: [    0.232104] PCI: Using ACPI for IRQ routing
[STDOUT  ] 2018-12-29T16:33:20.682467705Z: [    0.719562] NetLabel: Initializing
[STDOUT  ] 2018-12-29T16:33:20.682475373Z: [    0.720004] NetLabel:  domain hash size = 128
[STDOUT  ] 2018-12-29T16:33:20.682483721Z: [    0.721003] NetLabel:  protocols = UNLABELED CIPSOv4 CALIPSO
[STDOUT  ] 2018-12-29T16:33:20.682495013Z: [    0.723008] NetLabel:  unlabeled traffic allowed by default
[STDOUT  ] 2018-12-29T16:33:20.682503079Z: [    0.724186] HPET: 3 timers in total, 0 timers will be used for per-cpu timer
[STDOUT  ] 2018-12-29T16:33:20.682511427Z: [    0.725119] hpet0: at MMIO 0xfed00000, IRQs 2, 8, 0
[STDOUT  ] 2018-12-29T16:33:20.682519626Z: [    0.726007] hpet0: 3 comparators, 64-bit 100.000000 MHz counter
[STDOUT  ] 2018-12-29T16:33:20.682527654Z: [    0.731038] clocksource: Switched to clocksource kvm-clock
[STDOUT  ] 2018-12-29T16:33:20.682535632Z: [    0.756087] VFS: Disk quotas dquot_6.6.0
[STDOUT  ] 2018-12-29T16:33:20.682545802Z: [    0.760128] VFS: Dquot-cache hash table entries: 512 (order 0, 4096 bytes)
[STDOUT  ] 2018-12-29T16:33:20.682553968Z: [    0.766351] FS-Cache: Loaded
[STDOUT  ] 2018-12-29T16:33:20.682562578Z: [    0.769317] CacheFiles: Loaded
[STDOUT  ] 2018-12-29T16:33:20.682570605Z: [    0.772432] pnp: PnP ACPI init
[STDOUT  ] 2018-12-29T16:33:20.682578568Z: [    0.776673] pnp: PnP ACPI: found 5 devices
[STDOUT  ] 2018-12-29T16:33:20.682586103Z: [    0.787129] clocksource: acpi_pm: mask: 0xffffff max_cycles: 0xffffff, max_idle_ns: 2085701024 ns
[STDOUT  ] 2018-12-29T16:33:20.682600008Z: [    0.795835] NET: Registered protocol family 2
[STDOUT  ] 2018-12-29T16:33:20.682612537Z: [    0.800511] TCP established hash table entries: 8192 (order: 4, 65536 bytes)
[STDOUT  ] 2018-12-29T16:33:20.682620847Z: [    0.807374] TCP bind hash table entries: 8192 (order: 5, 131072 bytes)
[STDOUT  ] 2018-12-29T16:33:20.682629493Z: [    0.814645] TCP: Hash tables configured (established 8192 bind 8192)
[STDOUT  ] 2018-12-29T16:33:20.682637134Z: [    0.820384] UDP hash table entries: 512 (order: 2, 16384 bytes)
[STDOUT  ] 2018-12-29T16:33:20.682645588Z: [    0.826160] UDP-Lite hash table entries: 512 (order: 2, 16384 bytes)
[STDOUT  ] 2018-12-29T16:33:20.682654434Z: [    0.832475] NET: Registered protocol family 1
[STDOUT  ] 2018-12-29T16:33:20.682662840Z: [    0.837115] pci 0000:00:01.0: Video device with shadowed ROM at [mem 0x000c0000-0x000dffff]
[STDOUT  ] 2018-12-29T16:33:20.682673977Z: [    0.845643] Trying to unpack rootfs image as initramfs...
[STDOUT  ] 2018-12-29T16:33:20.682682634Z: [    1.584811] Freeing initrd memory: 37628K
[STDOUT  ] 2018-12-29T16:33:20.682690471Z: [    1.588980] clocksource: tsc: mask: 0xffffffffffffffff max_cycles: 0x2126d88f36e, max_idle_ns: 440795303662 ns
[STDOUT  ] 2018-12-29T16:33:20.682698961Z: [    1.599340] PCLMULQDQ-NI instructions are not detected.
[STDOUT  ] 2018-12-29T16:33:20.682726212Z: [    1.604552] AVX or AES-NI instructions are not detected.
[STDOUT  ] 2018-12-29T16:33:20.682734931Z: [    1.609815] CPU feature 'AVX registers' is not supported.
[STDOUT  ] 2018-12-29T16:33:20.682743646Z: [    1.615109] CPU feature 'AVX registers' is not supported.
[STDOUT  ] 2018-12-29T16:33:20.682752060Z: [    1.620812] CPU feature 'AVX registers' is not supported.
[STDOUT  ] 2018-12-29T16:33:20.682760632Z: [    1.626116] CPU feature 'AVX registers' is not supported.
[STDOUT  ] 2018-12-29T16:33:20.682768994Z: [    1.631373] AVX2 or AES-NI instructions are not detected.
[STDOUT  ] 2018-12-29T16:33:20.682777194Z: [    1.636631] AVX2 instructions are not detected.
[STDOUT  ] 2018-12-29T16:33:20.682785521Z: [    1.641338] audit: initializing netlink subsys (disabled)
[STDOUT  ] 2018-12-29T16:33:20.682793688Z: [    1.647132] audit: type=2000 audit(1546101186.029:1): state=initialized audit_enabled=0 res=1
[STDOUT  ] 2018-12-29T16:33:20.682802747Z: [    1.655520] workingset: timestamp_bits=46 max_order=18 bucket_order=0
[STDOUT  ] 2018-12-29T16:33:20.682811313Z: [    1.662251] squashfs: version 4.0 (2009/01/31) Phillip Lougher
[STDOUT  ] 2018-12-29T16:33:20.682819749Z: [    1.668108] FS-Cache: Netfs 'cifs' registered for caching
[STDOUT  ] 2018-12-29T16:33:20.682827946Z: [    1.673192] fuse init (API version 7.26)
[STDOUT  ] 2018-12-29T16:33:20.682836064Z: [    1.677185] SGI XFS with ACLs, security attributes, no debug enabled
[STDOUT  ] 2018-12-29T16:33:20.682844530Z: [    1.683578] 9p: Installing v9fs 9p2000 file system support
[STDOUT  ] 2018-12-29T16:33:20.682852859Z: [    1.689172] FS-Cache: Netfs '9p' registered for caching
[STDOUT  ] 2018-12-29T16:33:20.682864044Z: [    1.695723] NET: Registered protocol family 38
[STDOUT  ] 2018-12-29T16:33:20.682872321Z: [    1.700168] Key type asymmetric registered
[STDOUT  ] 2018-12-29T16:33:20.682880344Z: [    1.704380] Asymmetric key parser 'x509' registered
[STDOUT  ] 2018-12-29T16:33:20.682888331Z: [    1.709463] Block layer SCSI generic (bsg) driver version 0.4 loaded (major 247)
[STDOUT  ] 2018-12-29T16:33:20.682896541Z: [    1.717615] io scheduler noop registered
[STDOUT  ] 2018-12-29T16:33:20.682908082Z: [    1.721532] io scheduler deadline registered (default)
[STDOUT  ] 2018-12-29T16:33:20.682917798Z: [    1.726676] io scheduler cfq registered
[STDOUT  ] 2018-12-29T16:33:20.682926444Z: [    1.730618] io scheduler mq-deadline registered
[STDOUT  ] 2018-12-29T16:33:20.682934237Z: [    1.735234] io scheduler kyber registered
[STDOUT  ] 2018-12-29T16:33:20.682941936Z: [    1.739343] shpchp: Standard Hot Plug PCI Controller Driver version: 0.4
[STDOUT  ] 2018-12-29T16:33:20.682955078Z: [    1.746007] hv_vmbus: registering driver hyperv_fb
[STDOUT  ] 2018-12-29T16:33:20.682962888Z: [    1.751332] input: Power Button as /devices/LNXSYSTM:00/LNXPWRBN:00/input/input0
[STDOUT  ] 2018-12-29T16:33:20.682970567Z: [    1.758875] ACPI: Power Button [PWRF]
[STDOUT  ] 2018-12-29T16:33:20.682979583Z: [    1.763433] ACPI: PCI Interrupt Link [GSIG] enabled at IRQ 22
[STDOUT  ] 2018-12-29T16:33:20.682987278Z: [    1.775203] ACPI: PCI Interrupt Link [GSIH] enabled at IRQ 23
[STDOUT  ] 2018-12-29T16:33:20.682998787Z: [    1.787886] Serial: 8250/16550 driver, 4 ports, IRQ sharing disabled
[STDOUT  ] 2018-12-29T16:33:20.683007096Z: [    1.829729] 00:04: ttyS0 at I/O 0x3f8 (irq = 4, base_baud = 115200) is a 16550A
[STDOUT  ] 2018-12-29T16:33:20.683015108Z: [    1.837967] Non-volatile memory driver v1.3
[STDOUT  ] 2018-12-29T16:33:20.683025852Z: [    1.844064] Hangcheck: starting hangcheck timer 0.9.1 (tick is 180 seconds, margin is 60 seconds).
[STDOUT  ] 2018-12-29T16:33:20.683033952Z: [    1.853205] random: fast init done
[STDOUT  ] 2018-12-29T16:33:20.683042179Z: [    1.857646] random: crng init done
[STDOUT  ] 2018-12-29T16:33:20.683050282Z: [    1.862557] brd: module loaded
[STDOUT  ] 2018-12-29T16:33:20.683057896Z: [    1.868423] loop: module loaded
[STDOUT  ] 2018-12-29T16:33:20.683068206Z: [    1.875533] lpc_ich 0000:00:1f.0: I/O space for GPIO uninitialized
[STDOUT  ] 2018-12-29T16:33:20.683082261Z: [    1.881743] VMware PVSCSI driver - version 1.0.7.0-k
[STDOUT  ] 2018-12-29T16:33:20.683089773Z: [    1.886722] hv_vmbus: registering driver hv_storvsc
