[INFO    ] 2017-11-06T18:27:33.383270767Z: Running Test linuxkit.packages.format_mount.by_device_force in /tmp/build/test/cases/040_packages/006_format_mount/005_by_device_force
[INFO    ] 2017-11-06T18:27:33.38334019Z: Running command: [/bin/sh -x /tmp/build/test/cases/040_packages/006_format_mount/005_by_device_force/test.sh]
[STDERR  ] 2017-11-06T18:27:33.411080557Z: + set -e
[STDERR  ] 2017-11-06T18:27:33.411138144Z: + . /tmp/build/test/cases/_lib/lib.sh
[STDERR  ] 2017-11-06T18:27:33.411145576Z: + [ -f src/github.com/linuxkit/rtf/lib/lib.sh ]
[STDERR  ] 2017-11-06T18:27:33.411151993Z: + LINUXKIT_TMPDIR=/tmp/build/test/cases/_tmp
[STDERR  ] 2017-11-06T18:27:33.411158871Z: + [ -f /tmp/build/test/cases/_tmp/env.sh ]
[STDERR  ] 2017-11-06T18:27:33.411165013Z: + . /tmp/build/test/cases/_tmp/env.sh
[STDERR  ] 2017-11-06T18:27:33.411185839Z: + export LINUXKIT_EXAMPLES_DIR=/tmp/build/test/cases/../../examples
[STDERR  ] 2017-11-06T18:27:33.411199353Z: + export LINUXKIT_BLUEPRINTS_DIR=/tmp/build/test/cases/../../blueprints
[STDERR  ] 2017-11-06T18:27:33.411206376Z: + RT_CANCEL=253
[STDERR  ] 2017-11-06T18:27:33.411213181Z: + NAME=test-format
[STDERR  ] 2017-11-06T18:27:33.411219209Z: + DISK1=disk1.img
[STDERR  ] 2017-11-06T18:27:33.411225096Z: + DISK2=disk2.img
[STDERR  ] 2017-11-06T18:27:33.41123107Z: + trap clean_up EXIT
[STDERR  ] 2017-11-06T18:27:33.411237056Z: + moby build -format kernel+initrd -name test-format test.yml
[STDERR  ] 2017-11-06T18:27:33.421007004Z: Extract kernel image: linuxkit/kernel:4.9.51
[STDERR  ] 2017-11-06T18:27:34.690759211Z: Pull image: docker.io/linuxkit/kernel:4.9.51@sha256:ccb086aa7796a25e96d0f059be97ece643c58d5d2dd04cbfc57e05b88b2446ec
[STDERR  ] 2017-11-06T18:27:41.113054953Z: Add init containers:
[STDERR  ] 2017-11-06T18:27:41.113125735Z: Process init image: linuxkit/init:42a92119e1ca10380e0d33e26c0cbcf85b9b3558
[STDERR  ] 2017-11-06T18:27:42.442019352Z: Process init image: linuxkit/runc:817fdc592eac6cb7804fa1721a43a7f6e23fb50f
[STDERR  ] 2017-11-06T18:27:43.721943688Z: Add onboot containers:
[STDERR  ] 2017-11-06T18:27:43.722000557Z:   Create OCI config for linuxkit/format:10e75e78e1f134d310c62e9a0352df1c67b0dd81
[STDERR  ] 2017-11-06T18:27:44.845373222Z: time="2017-11-06T18:27:44Z" level=warning msg="certificate with CN Rolf Neugebauer is near expiry" 
[STDERR  ] 2017-11-06T18:27:44.847706906Z: time="2017-11-06T18:27:44Z" level=warning msg="certificate with CN Rolf Neugebauer is near expiry" 
[STDERR  ] 2017-11-06T18:27:45.159643113Z:   Create OCI config for linuxkit/format:10e75e78e1f134d310c62e9a0352df1c67b0dd81
[STDERR  ] 2017-11-06T18:27:46.249012545Z: time="2017-11-06T18:27:46Z" level=warning msg="certificate with CN Rolf Neugebauer is near expiry" 
[STDERR  ] 2017-11-06T18:27:46.251499875Z: time="2017-11-06T18:27:46Z" level=warning msg="certificate with CN Rolf Neugebauer is near expiry" 
[STDERR  ] 2017-11-06T18:27:46.568716716Z:   Create OCI config for linuxkit/format:10e75e78e1f134d310c62e9a0352df1c67b0dd81
[STDERR  ] 2017-11-06T18:27:47.701699154Z: time="2017-11-06T18:27:47Z" level=warning msg="certificate with CN Rolf Neugebauer is near expiry" 
[STDERR  ] 2017-11-06T18:27:47.704181033Z: time="2017-11-06T18:27:47Z" level=warning msg="certificate with CN Rolf Neugebauer is near expiry" 
[STDERR  ] 2017-11-06T18:27:47.998647968Z:   Create OCI config for linuxkit/format:10e75e78e1f134d310c62e9a0352df1c67b0dd81
[STDERR  ] 2017-11-06T18:27:49.321071564Z: time="2017-11-06T18:27:49Z" level=warning msg="certificate with CN Rolf Neugebauer is near expiry" 
[STDERR  ] 2017-11-06T18:27:49.323380278Z: time="2017-11-06T18:27:49Z" level=warning msg="certificate with CN Rolf Neugebauer is near expiry" 
[STDERR  ] 2017-11-06T18:27:49.634090336Z:   Create OCI config for linuxkit/format:10e75e78e1f134d310c62e9a0352df1c67b0dd81
[STDERR  ] 2017-11-06T18:27:50.69486066Z: time="2017-11-06T18:27:50Z" level=warning msg="certificate with CN Rolf Neugebauer is near expiry" 
[STDERR  ] 2017-11-06T18:27:50.697257832Z: time="2017-11-06T18:27:50Z" level=warning msg="certificate with CN Rolf Neugebauer is near expiry" 
[STDERR  ] 2017-11-06T18:27:51.09710118Z:   Create OCI config for linuxkit/poweroff:280bd01daa8776fbe1f4d912977f1886b8374834
[STDERR  ] 2017-11-06T18:27:52.216314582Z: time="2017-11-06T18:27:52Z" level=warning msg="certificate with CN Rolf Neugebauer is near expiry" 
[STDERR  ] 2017-11-06T18:27:52.218060393Z: time="2017-11-06T18:27:52Z" level=warning msg="certificate with CN Rolf Neugebauer is near expiry" 
[STDERR  ] 2017-11-06T18:27:52.354494552Z: Add files:
[STDERR  ] 2017-11-06T18:27:52.354536079Z:   check.sh
[STDERR  ] 2017-11-06T18:27:52.366450569Z: Create outputs:
[STDERR  ] 2017-11-06T18:27:59.891431402Z:   test-format-kernel test-format-initrd.img test-format-cmdline
[STDERR  ] 2017-11-06T18:27:59.960238612Z: + linuxkit run -disk file=disk1.img,size=512M -disk file=disk2.img,size=512M test-format
[STDERR  ] 2017-11-06T18:27:59.978251034Z: Unable to find qemu-system-x86_64 within the $PATH. Using a container
[STDERR  ] 2017-11-06T18:29:10.435249203Z: + RESULT=[    0.000000] Linux version 4.9.51-linuxkit (root@3253c0754a54) (gcc version 6.3.0 (Alpine 6.3.0) ) #1 SMP Wed Sep 20 11:32:07 UTC 2017
[STDERR  ] 2017-11-06T18:29:10.435299315Z: [    0.000000] Command line: console=ttyS0
[STDERR  ] 2017-11-06T18:29:10.43530787Z: [    0.000000] x86/fpu: Legacy x87 FPU detected.
[STDERR  ] 2017-11-06T18:29:10.435315251Z: [    0.000000] x86/fpu: Using 'eager' FPU context switches.
[STDERR  ] 2017-11-06T18:29:10.435322927Z: [    0.000000] e820: BIOS-provided physical RAM map:
[STDERR  ] 2017-11-06T18:29:10.435329913Z: [    0.000000] BIOS-e820: [mem 0x0000000000000000-0x000000000009fbff] usable
[STDERR  ] 2017-11-06T18:29:10.435337733Z: [    0.000000] BIOS-e820: [mem 0x000000000009fc00-0x000000000009ffff] reserved
[STDERR  ] 2017-11-06T18:29:10.435344591Z: [    0.000000] BIOS-e820: [mem 0x00000000000f0000-0x00000000000fffff] reserved
[STDERR  ] 2017-11-06T18:29:10.435351405Z: [    0.000000] BIOS-e820: [mem 0x0000000000100000-0x000000003ffddfff] usable
[STDERR  ] 2017-11-06T18:29:10.43535781Z: [    0.000000] BIOS-e820: [mem 0x000000003ffde000-0x000000003fffffff] reserved
[STDERR  ] 2017-11-06T18:29:10.435364423Z: [    0.000000] BIOS-e820: [mem 0x00000000b0000000-0x00000000bfffffff] reserved
[STDERR  ] 2017-11-06T18:29:10.43537088Z: [    0.000000] BIOS-e820: [mem 0x00000000fed1c000-0x00000000fed1ffff] reserved
[STDERR  ] 2017-11-06T18:29:10.435377551Z: [    0.000000] BIOS-e820: [mem 0x00000000fffc0000-0x00000000ffffffff] reserved
[STDERR  ] 2017-11-06T18:29:10.435384407Z: [    0.000000] NX (Execute Disable) protection: active
[STDERR  ] 2017-11-06T18:29:10.435391094Z: [    0.000000] SMBIOS 2.8 present.
[STDERR  ] 2017-11-06T18:29:10.435397601Z: [    0.000000] e820: last_pfn = 0x3ffde max_arch_pfn = 0x400000000
[STDERR  ] 2017-11-06T18:29:10.435403938Z: [    0.000000] x86/PAT: Configuration [0-7]: WB  WC  UC- UC  WB  WC  UC- WT  
[STDERR  ] 2017-11-06T18:29:10.435410302Z: [    0.000000] found SMP MP-table at [mem 0x000f6aa0-0x000f6aaf] mapped at [ffff8cb6800f6aa0]
[STDERR  ] 2017-11-06T18:29:10.435417741Z: [    0.000000] RAMDISK: [mem 0x3d0b9000-0x3ffcffff]
[STDERR  ] 2017-11-06T18:29:10.435424026Z: [    0.000000] ACPI: Early table checksum verification disabled
[STDERR  ] 2017-11-06T18:29:10.435430296Z: [    0.000000] ACPI: RSDP 0x00000000000F68C0 000014 (v00 BOCHS )
[STDERR  ] 2017-11-06T18:29:10.435436399Z: [    0.000000] ACPI: RSDT 0x000000003FFE2404 000034 (v01 BOCHS  BXPCRSDT 00000001 BXPC 00000001)
[STDERR  ] 2017-11-06T18:29:10.435443012Z: [    0.000000] ACPI: FACP 0x000000003FFE22A4 000074 (v01 BOCHS  BXPCFACP 00000001 BXPC 00000001)
[STDERR  ] 2017-11-06T18:29:10.435449686Z: [    0.000000] ACPI: DSDT 0x000000003FFE0040 002264 (v01 BOCHS  BXPCDSDT 00000001 BXPC 00000001)
[STDERR  ] 2017-11-06T18:29:10.435456096Z: [    0.000000] ACPI: FACS 0x000000003FFE0000 000040
[STDERR  ] 2017-11-06T18:29:10.435462258Z: [    0.000000] ACPI: APIC 0x000000003FFE2318 000078 (v01 BOCHS  BXPCAPIC 00000001 BXPC 00000001)
[STDERR  ] 2017-11-06T18:29:10.435468659Z: [    0.000000] ACPI: HPET 0x000000003FFE2390 000038 (v01 BOCHS  BXPCHPET 00000001 BXPC 00000001)
[STDERR  ] 2017-11-06T18:29:10.435481964Z: [    0.000000] ACPI: MCFG 0x000000003FFE23C8 00003C (v01 BOCHS  BXPCMCFG 00000001 BXPC 00000001)
[STDERR  ] 2017-11-06T18:29:10.435488382Z: [    0.000000] Zone ranges:
[STDERR  ] 2017-11-06T18:29:10.435494691Z: [    0.000000]   DMA      [mem 0x0000000000001000-0x0000000000ffffff]
[STDERR  ] 2017-11-06T18:29:10.435500919Z: [    0.000000]   DMA32    [mem 0x0000000001000000-0x000000003ffddfff]
[STDERR  ] 2017-11-06T18:29:10.435507125Z: [    0.000000]   Normal   empty
[STDERR  ] 2017-11-06T18:29:10.435513426Z: [    0.000000] Movable zone start for each node
[STDERR  ] 2017-11-06T18:29:10.435519558Z: [    0.000000] Early memory node ranges
[STDERR  ] 2017-11-06T18:29:10.435525846Z: [    0.000000]   node   0: [mem 0x0000000000001000-0x000000000009efff]
[STDERR  ] 2017-11-06T18:29:10.435537389Z: [    0.000000]   node   0: [mem 0x0000000000100000-0x000000003ffddfff]
[STDERR  ] 2017-11-06T18:29:10.435543722Z: [    0.000000] Initmem setup node 0 [mem 0x0000000000001000-0x000000003ffddfff]
[STDERR  ] 2017-11-06T18:29:10.435549854Z: [    0.000000] ACPI: PM-Timer IO Port: 0x608
[STDERR  ] 2017-11-06T18:29:10.435555608Z: [    0.000000] ACPI: LAPIC_NMI (acpi_id[0xff] dfl dfl lint[0x1])
[STDERR  ] 2017-11-06T18:29:10.435561405Z: [    0.000000] IOAPIC[0]: apic_id 0, version 32, address 0xfec00000, GSI 0-23
[STDERR  ] 2017-11-06T18:29:10.435567819Z: [    0.000000] ACPI: INT_SRC_OVR (bus 0 bus_irq 0 global_irq 2 dfl dfl)
[STDERR  ] 2017-11-06T18:29:10.435573901Z: [    0.000000] ACPI: INT_SRC_OVR (bus 0 bus_irq 5 global_irq 5 high level)
[STDERR  ] 2017-11-06T18:29:10.435579602Z: [    0.000000] ACPI: INT_SRC_OVR (bus 0 bus_irq 9 global_irq 9 high level)
[STDERR  ] 2017-11-06T18:29:10.435585122Z: [    0.000000] ACPI: INT_SRC_OVR (bus 0 bus_irq 10 global_irq 10 high level)
[STDERR  ] 2017-11-06T18:29:10.435590855Z: [    0.000000] ACPI: INT_SRC_OVR (bus 0 bus_irq 11 global_irq 11 high level)
[STDERR  ] 2017-11-06T18:29:10.435596504Z: [    0.000000] Using ACPI (MADT) for SMP configuration information
[STDERR  ] 2017-11-06T18:29:10.435604276Z: [    0.000000] ACPI: HPET id: 0x8086a201 base: 0xfed00000
[STDERR  ] 2017-11-06T18:29:10.435610088Z: [    0.000000] smpboot: Allowing 1 CPUs, 0 hotplug CPUs
[STDERR  ] 2017-11-06T18:29:10.435616018Z: [    0.000000] e820: [mem 0x40000000-0xafffffff] available for PCI devices
[STDERR  ] 2017-11-06T18:29:10.435621548Z: [    0.000000] Booting paravirtualized kernel on bare hardware
[STDERR  ] 2017-11-06T18:29:10.435627589Z: [    0.000000] clocksource: refined-jiffies: mask: 0xffffffff max_cycles: 0xffffffff, max_idle_ns: 19112604462750000 ns
[STDERR  ] 2017-11-06T18:29:10.435635732Z: [    0.000000] setup_percpu: NR_CPUS:128 nr_cpumask_bits:128 nr_cpu_ids:1 nr_node_ids:1
[STDERR  ] 2017-11-06T18:29:10.435641585Z: [    0.000000] percpu: Embedded 35 pages/cpu @ffff8cb6bce00000 s105240 r8192 d29928 u2097152
[STDERR  ] 2017-11-06T18:29:10.435649459Z: [    0.000000] Built 1 zonelists in Zone order, mobility grouping on.  Total pages: 257895
[STDERR  ] 2017-11-06T18:29:10.435655309Z: [    0.000000] Kernel command line: console=ttyS0
[STDERR  ] 2017-11-06T18:29:10.435661459Z: [    0.000000] PID hash table entries: 4096 (order: 3, 32768 bytes)
[STDERR  ] 2017-11-06T18:29:10.435667406Z: [    0.000000] Dentry cache hash table entries: 131072 (order: 8, 1048576 bytes)
[STDERR  ] 2017-11-06T18:29:10.435673489Z: [    0.000000] Inode-cache hash table entries: 65536 (order: 7, 524288 bytes)
[STDERR  ] 2017-11-06T18:29:10.435679547Z: [    0.000000] Memory: 965948K/1048048K available (8036K kernel code, 1367K rwdata, 2696K rodata, 1380K init, 568K bss, 82100K reserved, 0K cma-reserved)
[STDERR  ] 2017-11-06T18:29:10.435689666Z: [    0.000000] Hierarchical RCU implementation.
[STDERR  ] 2017-11-06T18:29:10.43569588Z: [    0.000000] 	Build-time adjustment of leaf fanout to 64.
[STDERR  ] 2017-11-06T18:29:10.43570214Z: [    0.000000] 	RCU restricting CPUs from NR_CPUS=128 to nr_cpu_ids=1.
[STDERR  ] 2017-11-06T18:29:10.435708035Z: [    0.000000] RCU: Adjusting geometry for rcu_fanout_leaf=64, nr_cpu_ids=1
[STDERR  ] 2017-11-06T18:29:10.43571735Z: [    0.000000] NR_IRQS:8448 nr_irqs:256 16
[STDERR  ] 2017-11-06T18:29:10.435724316Z: [    0.000000] Console: colour VGA+ 80x25
[STDERR  ] 2017-11-06T18:29:10.435730589Z: [    0.000000] console [ttyS0] enabled
[STDERR  ] 2017-11-06T18:29:10.435736469Z: [    0.000000] clocksource: hpet: mask: 0xffffffff max_cycles: 0xffffffff, max_idle_ns: 19112604467 ns
[STDERR  ] 2017-11-06T18:29:10.435742212Z: [    0.000000] tsc: Fast TSC calibration using PIT
[STDERR  ] 2017-11-06T18:29:10.435747983Z: [    0.000000] tsc: Detected 2600.004 MHz processor
[STDERR  ] 2017-11-06T18:29:10.435753515Z: [    0.022360] Calibrating delay loop (skipped), value calculated using timer frequency.. 5200.00 BogoMIPS (lpj=26000040)
[STDERR  ] 2017-11-06T18:29:10.435762417Z: [    0.023604] pid_max: default: 32768 minimum: 301
[STDERR  ] 2017-11-06T18:29:10.4357682Z: [    0.024723] ACPI: Core revision 20160831
[STDERR  ] 2017-11-06T18:29:10.435774179Z: [    0.066823] ACPI: 1 ACPI AML tables successfully acquired and loaded
[STDERR  ] 2017-11-06T18:29:10.435780017Z: [    0.071965] Security Framework initialized
[STDERR  ] 2017-11-06T18:29:10.435785717Z: [    0.072380] Yama: becoming mindful.
[STDERR  ] 2017-11-06T18:29:10.435792335Z: [    0.074942] Mount-cache hash table entries: 2048 (order: 2, 16384 bytes)
[STDERR  ] 2017-11-06T18:29:10.43579858Z: [    0.075568] Mountpoint-cache hash table entries: 2048 (order: 2, 16384 bytes)
[STDERR  ] 2017-11-06T18:29:10.435804372Z: [    0.094219] Last level iTLB entries: 4KB 0, 2MB 0, 4MB 0
[STDERR  ] 2017-11-06T18:29:10.435810487Z: [    0.094712] Last level dTLB entries: 4KB 0, 2MB 0, 4MB 0, 1GB 0
[STDERR  ] 2017-11-06T18:29:10.435816509Z: [    0.388225] Freeing SMP alternatives memory: 20K
[STDERR  ] 2017-11-06T18:29:10.435822483Z: [    0.398259] ftrace: allocating 35528 entries in 139 pages
[STDERR  ] 2017-11-06T18:29:10.435827997Z: [    0.562182] smpboot: Max logical packages: 1
[STDERR  ] 2017-11-06T18:29:10.435834006Z: [    0.569174] ..TIMER: vector=0x30 apic1=0 pin1=2 apic2=-1 pin2=-1
[STDERR  ] 2017-11-06T18:29:10.435839545Z: [    0.670000] smpboot: CPU0: AMD QEMU Virtual CPU version 2.5+ (family: 0x6, model: 0x6, stepping: 0x3)
[STDERR  ] 2017-11-06T18:29:10.4358452Z: [    0.670000] Performance Events: PMU not available due to virtualization, using software events only.
[STDERR  ] 2017-11-06T18:29:10.435850897Z: [    0.679700] NMI watchdog: disabled (cpu0): hardware events not enabled
[STDERR  ] 2017-11-06T18:29:10.435857496Z: [    0.680099] NMI watchdog: Shutting down hard lockup detector on all cpus
[STDERR  ] 2017-11-06T18:29:10.435863258Z: [    0.683954] x86: Booted up 1 node, 1 CPUs
[STDERR  ] 2017-11-06T18:29:10.43586889Z: [    0.684340] smpboot: Total of 1 processors activated (5200.00 BogoMIPS)
[STDERR  ] 2017-11-06T18:29:10.435874388Z: [    0.698557] devtmpfs: initialized
[STDERR  ] 2017-11-06T18:29:10.435879911Z: [    0.703586] x86/mm: Memory block size: 128MB
[STDERR  ] 2017-11-06T18:29:10.435885466Z: [    0.764366] clocksource: jiffies: mask: 0xffffffff max_cycles: 0xffffffff, max_idle_ns: 19112604462750000 ns
[STDERR  ] 2017-11-06T18:29:10.435891026Z: [    0.765377] futex hash table entries: 256 (order: 2, 16384 bytes)
[STDERR  ] 2017-11-06T18:29:10.435896498Z: [    0.775506] NET: Registered protocol family 16
[STDERR  ] 2017-11-06T18:29:10.435901971Z: [    0.784748] cpuidle: using governor ladder
[STDERR  ] 2017-11-06T18:29:10.435907704Z: [    0.785256] cpuidle: using governor menu
[STDERR  ] 2017-11-06T18:29:10.435913231Z: [    0.786446] ACPI: bus type PCI registered
[STDERR  ] 2017-11-06T18:29:10.435919593Z: [    0.790873] PCI: MMCONFIG for domain 0000 [bus 00-ff] at [mem 0xb0000000-0xbfffffff] (base 0xb0000000)
[STDERR  ] 2017-11-06T18:29:10.435925116Z: [    0.791401] PCI: MMCONFIG at [mem 0xb0000000-0xbfffffff] reserved in E820
[STDERR  ] 2017-11-06T18:29:10.435930683Z: [    0.792556] PCI: Using configuration type 1 for base access
[STDERR  ] 2017-11-06T18:29:10.435936161Z: [    0.848442] HugeTLB registered 2 MB page size, pre-allocated 0 pages
[STDERR  ] 2017-11-06T18:29:10.435944971Z: [    0.860640] ACPI: Added _OSI(Module Device)
[STDERR  ] 2017-11-06T18:29:10.435950771Z: [    0.860988] ACPI: Added _OSI(Processor Device)
[STDERR  ] 2017-11-06T18:29:10.435957764Z: [    0.861303] ACPI: Added _OSI(3.0 _SCP Extensions)
[STDERR  ] 2017-11-06T18:29:10.435963827Z: [    0.861582] ACPI: Added _OSI(Processor Aggregator Device)
[STDERR  ] 2017-11-06T18:29:10.43597669Z: [    0.932116] ACPI: Interpreter enabled
[STDERR  ] 2017-11-06T18:29:10.435983964Z: [    0.933138] ACPI: (supports S0 S5)
[STDERR  ] 2017-11-06T18:29:10.435989588Z: [    0.933483] ACPI: Using IOAPIC for interrupt routing
[STDERR  ] 2017-11-06T18:29:10.435995063Z: [    0.936197] PCI: Using host bridge windows from ACPI; if necessary, use "pci=nocrs" and report a bug
[STDERR  ] 2017-11-06T18:29:10.436004196Z: [    0.999720] ACPI: PCI Root Bridge [PCI0] (domain 0000 [bus 00-ff])
[STDERR  ] 2017-11-06T18:29:10.436010136Z: [    1.000845] acpi PNP0A08:00: _OSC: OS supports [ExtendedConfig ASPM ClockPM Segments MSI]
[STDERR  ] 2017-11-06T18:29:10.436015781Z: [    1.007313] acpi PNP0A08:00: _OSC: OS now controls [PCIeHotplug PME PCIeCapability]
[STDERR  ] 2017-11-06T18:29:10.436021277Z: [    1.011767] PCI host bridge to bus 0000:00
[STDERR  ] 2017-11-06T18:29:10.436026954Z: [    1.012330] pci_bus 0000:00: root bus resource [io  0x0000-0x0cf7 window]
[STDERR  ] 2017-11-06T18:29:10.436032438Z: [    1.012835] pci_bus 0000:00: root bus resource [io  0x0d00-0xffff window]
[STDERR  ] 2017-11-06T18:29:10.436038427Z: [    1.013314] pci_bus 0000:00: root bus resource [mem 0x000a0000-0x000bffff window]
[STDERR  ] 2017-11-06T18:29:10.436044123Z: [    1.013781] pci_bus 0000:00: root bus resource [mem 0xc0000000-0xfebfffff window]
[STDERR  ] 2017-11-06T18:29:10.436049847Z: [    1.014447] pci_bus 0000:00: root bus resource [bus 00-ff]
[STDERR  ] 2017-11-06T18:29:10.436056484Z: [    1.120167] pci 0000:00:1f.0: quirk: [io  0x0600-0x067f] claimed by ICH6 ACPI/GPIO/TCO
[STDERR  ] 2017-11-06T18:29:10.436062204Z: [    1.180189] ACPI: PCI Interrupt Link [LNKA] (IRQs 5 *10 11)
[STDERR  ] 2017-11-06T18:29:10.436067759Z: [    1.183202] ACPI: PCI Interrupt Link [LNKB] (IRQs 5 *10 11)
[STDERR  ] 2017-11-06T18:29:10.436089184Z: [    1.185496] ACPI: PCI Interrupt Link [LNKC] (IRQs 5 10 *11)
[STDERR  ] 2017-11-06T18:29:10.436095644Z: [    1.187378] ACPI: PCI Interrupt Link [LNKD] (IRQs 5 10 *11)
[STDERR  ] 2017-11-06T18:29:10.436101697Z: [    1.189241] ACPI: PCI Interrupt Link [LNKE] (IRQs 5 *10 11)
[STDERR  ] 2017-11-06T18:29:10.436107145Z: [    1.191732] ACPI: PCI Interrupt Link [LNKF] (IRQs 5 *10 11)
[STDERR  ] 2017-11-06T18:29:10.436112718Z: [    1.193548] ACPI: PCI Interrupt Link [LNKG] (IRQs 5 10 *11)
[STDERR  ] 2017-11-06T18:29:10.436118325Z: [    1.195438] ACPI: PCI Interrupt Link [LNKH] (IRQs 5 10 *11)
[STDERR  ] 2017-11-06T18:29:10.436124068Z: [    1.196467] ACPI: PCI Interrupt Link [GSIA] (IRQs *16)
[STDERR  ] 2017-11-06T18:29:10.436129582Z: [    1.197211] ACPI: PCI Interrupt Link [GSIB] (IRQs *17)
[STDERR  ] 2017-11-06T18:29:10.436135141Z: [    1.198014] ACPI: PCI Interrupt Link [GSIC] (IRQs *18)
[STDERR  ] 2017-11-06T18:29:10.436141379Z: [    1.198805] ACPI: PCI Interrupt Link [GSID] (IRQs *19)
[STDERR  ] 2017-11-06T18:29:10.436146891Z: [    1.199592] ACPI: PCI Interrupt Link [GSIE] (IRQs *20)
[STDERR  ] 2017-11-06T18:29:10.436152272Z: [    1.200571] ACPI: PCI Interrupt Link [GSIF] (IRQs *21)
[STDERR  ] 2017-11-06T18:29:10.436157588Z: [    1.201361] ACPI: PCI Interrupt Link [GSIG] (IRQs *22)
[STDERR  ] 2017-11-06T18:29:10.436162901Z: [    1.202155] ACPI: PCI Interrupt Link [GSIH] (IRQs *23)
[STDERR  ] 2017-11-06T18:29:10.436168392Z: [    1.205914] ACPI: Enabled 2 GPEs in block 00 to 3F
[STDERR  ] 2017-11-06T18:29:10.436173768Z: [    1.210561] SCSI subsystem initialized
[STDERR  ] 2017-11-06T18:29:10.436179778Z: [    1.212520] ACPI: bus type USB registered
[STDERR  ] 2017-11-06T18:29:10.436185465Z: [    1.213731] usbcore: registered new interface driver usbfs
[STDERR  ] 2017-11-06T18:29:10.436190827Z: [    1.214723] usbcore: registered new interface driver hub
[STDERR  ] 2017-11-06T18:29:10.436200001Z: [    1.215620] usbcore: registered new device driver usb
[STDERR  ] 2017-11-06T18:29:10.436206071Z: [    1.216801] pps_core: LinuxPPS API ver. 1 registered
[STDERR  ] 2017-11-06T18:29:10.436211839Z: [    1.217127] pps_core: Software ver. 5.3.6 - Copyright 2005-2007 Rodolfo Giometti <giometti@linux.it>
[STDERR  ] 2017-11-06T18:29:10.436217461Z: [    1.217881] PTP clock support registered
[STDERR  ] 2017-11-06T18:29:10.436223318Z: [    1.219136] wmi: Mapper loaded
[STDERR  ] 2017-11-06T18:29:10.436228745Z: [    1.220400] PCI: Using ACPI for IRQ routing
[STDERR  ] 2017-11-06T18:29:10.436234461Z: [    1.239510] NetLabel: Initializing
[STDERR  ] 2017-11-06T18:29:10.436242934Z: [    1.239811] NetLabel:  domain hash size = 128
[STDERR  ] 2017-11-06T18:29:10.436248719Z: [    1.240084] NetLabel:  protocols = UNLABELED CIPSOv4
[STDERR  ] 2017-11-06T18:29:10.436254264Z: [    1.242912] NetLabel:  unlabeled traffic allowed by default
[STDERR  ] 2017-11-06T18:29:10.436260158Z: [    1.243986] HPET: 3 timers in total, 0 timers will be used for per-cpu timer
[STDERR  ] 2017-11-06T18:29:10.436265694Z: [    1.244752] hpet0: at MMIO 0xfed00000, IRQs 2, 8, 0
[STDERR  ] 2017-11-06T18:29:10.436271212Z: [    1.245347] hpet0: 3 comparators, 64-bit 100.000000 MHz counter
[STDERR  ] 2017-11-06T18:29:10.436276866Z: [    1.251577] clocksource: Switched to clocksource hpet
[STDERR  ] 2017-11-06T18:29:10.436282292Z: [    1.527466] VFS: Disk quotas dquot_6.6.0
[STDERR  ] 2017-11-06T18:29:10.436287718Z: [    1.528401] VFS: Dquot-cache hash table entries: 512 (order 0, 4096 bytes)
[STDERR  ] 2017-11-06T18:29:10.436293259Z: [    1.532392] FS-Cache: Loaded
[STDERR  ] 2017-11-06T18:29:10.436298662Z: [    1.537224] CacheFiles: Loaded
[STDERR  ] 2017-11-06T18:29:10.436304173Z: [    1.538898] pnp: PnP ACPI init
[STDERR  ] 2017-11-06T18:29:10.436309713Z: [    1.550442] pnp: PnP ACPI: found 5 devices
[STDERR  ] 2017-11-06T18:29:10.436315513Z: [    1.599262] clocksource: acpi_pm: mask: 0xffffff max_cycles: 0xffffff, max_idle_ns: 2085701024 ns
[STDERR  ] 2017-11-06T18:29:10.436321283Z: [    1.603798] NET: Registered protocol family 2
[STDERR  ] 2017-11-06T18:29:10.436327055Z: [    1.611808] TCP established hash table entries: 8192 (order: 4, 65536 bytes)
[STDERR  ] 2017-11-06T18:29:10.436332529Z: [    1.612673] TCP bind hash table entries: 8192 (order: 5, 131072 bytes)
[STDERR  ] 2017-11-06T18:29:10.436337982Z: [    1.613463] TCP: Hash tables configured (established 8192 bind 8192)
[STDERR  ] 2017-11-06T18:29:10.436344503Z: [    1.615408] UDP hash table entries: 512 (order: 2, 16384 bytes)
[STDERR  ] 2017-11-06T18:29:10.436350789Z: [    1.616028] UDP-Lite hash table entries: 512 (order: 2, 16384 bytes)
[STDERR  ] 2017-11-06T18:29:10.436358915Z: [    1.618387] NET: Registered protocol family 1
[STDERR  ] 2017-11-06T18:29:10.436365015Z: [    1.619413] pci 0000:00:01.0: Video device with shadowed ROM at [mem 0x000c0000-0x000dffff]
[STDERR  ] 2017-11-06T18:29:10.436370658Z: [    1.626323] Unpacking initramfs...
[STDERR  ] 2017-11-06T18:29:10.436377973Z: [   11.659109] Freeing initrd memory: 48220K
[STDERR  ] 2017-11-06T18:29:10.4363839Z: [   11.684878] PCLMULQDQ-NI instructions are not detected.
[STDERR  ] 2017-11-06T18:29:10.436389479Z: [   11.686545] AVX or AES-NI instructions are not detected.
[STDERR  ] 2017-11-06T18:29:10.436395005Z: [   11.687035] CPU feature 'AVX registers' is not supported.
[STDERR  ] 2017-11-06T18:29:10.436400642Z: [   11.687424] CPU feature 'AVX registers' is not supported.
[STDERR  ] 2017-11-06T18:29:10.436406646Z: [   11.687843] CPU feature 'AVX registers' is not supported.
[STDERR  ] 2017-11-06T18:29:10.436412159Z: [   11.688262] CPU feature 'AVX registers' is not supported.
[STDERR  ] 2017-11-06T18:29:10.436417913Z: [   11.688610] AVX2 or AES-NI instructions are not detected.
[STDERR  ] 2017-11-06T18:29:10.436427255Z: [   11.689033] AVX2 instructions are not detected.
[STDERR  ] 2017-11-06T18:29:10.436433209Z: [   11.695102] audit: initializing netlink subsys (disabled)
[STDERR  ] 2017-11-06T18:29:10.43644238Z: [   11.696778] audit: type=2000 audit(1509992893.690:1): initialized
[STDERR  ] 2017-11-06T18:29:10.436448668Z: [   11.705252] workingset: timestamp_bits=46 max_order=18 bucket_order=0
[STDERR  ] 2017-11-06T18:29:10.436454776Z: [   11.714557] FS-Cache: Netfs 'cifs' registered for caching
[STDERR  ] 2017-11-06T18:29:10.436460853Z: [   11.715662] fuse init (API version 7.26)
[STDERR  ] 2017-11-06T18:29:10.43646657Z: [   11.718064] SGI XFS with ACLs, security attributes, no debug enabled
[STDERR  ] 2017-11-06T18:29:10.43647253Z: [   11.722561] 9p: Installing v9fs 9p2000 file system support
[STDERR  ] 2017-11-06T18:29:10.436478053Z: [   11.723090] FS-Cache: Netfs '9p' registered for caching
[STDERR  ] 2017-11-06T18:29:10.436487164Z: [   11.757094] NET: Registered protocol family 38
[STDERR  ] 2017-11-06T18:29:10.436493064Z: [   11.757746] Key type asymmetric registered
[STDERR  ] 2017-11-06T18:29:10.43649889Z: [   11.758145] Asymmetric key parser 'x509' registered
[STDERR  ] 2017-11-06T18:29:10.436504753Z: [   11.759256] Block layer SCSI generic (bsg) driver version 0.4 loaded (major 251)
[STDERR  ] 2017-11-06T18:29:10.43651036Z: [   11.762081] io scheduler noop registered
[STDERR  ] 2017-11-06T18:29:10.436515893Z: [   11.762451] io scheduler deadline registered (default)
[STDERR  ] 2017-11-06T18:29:10.436521509Z: [   11.763456] io scheduler cfq registered
[STDERR  ] 2017-11-06T18:29:10.436527024Z: [   11.766108] pci_hotplug: PCI Hot Plug PCI Core version: 0.5
[STDERR  ] 2017-11-06T18:29:10.436533093Z: [   11.766737] pciehp: PCI Express Hot Plug Controller Driver version: 0.4
[STDERR  ] 2017-11-06T18:29:10.436538817Z: [   11.767556] shpchp: Standard Hot Plug PCI Controller Driver version: 0.4
[STDERR  ] 2017-11-06T18:29:10.436544513Z: [   11.768477] hv_vmbus: registering driver hyperv_fb
[STDERR  ] 2017-11-06T18:29:10.436549829Z: [   11.773434] input: Power Button as /devices/LNXSYSTM:00/LNXPWRBN:00/input/input0
[STDERR  ] 2017-11-06T18:29:10.436555466Z: [   11.774541] ACPI: Power Button [PWRF]
[STDERR  ] 2017-11-06T18:29:10.436560934Z: [   11.779238] GHES: HEST is not enabled!
[STDERR  ] 2017-11-06T18:29:10.436566676Z: [   11.789886] ACPI: PCI Interrupt Link [GSIG] enabled at IRQ 22
[STDERR  ] 2017-11-06T18:29:10.436572143Z: [   11.803777] ACPI: PCI Interrupt Link [GSIH] enabled at IRQ 23
[STDERR  ] 2017-11-06T18:29:10.436577573Z: [   11.809473] xenfs: not registering filesystem on non-xen platform
[STDERR  ] 2017-11-06T18:29:10.436582911Z: [   11.812176] Serial: 8250/16550 driver, 4 ports, IRQ sharing disabled
[STDERR  ] 2017-11-06T18:29:10.436588863Z: [   11.837320] 00:04: ttyS0 at I/O 0x3f8 (irq = 4, base_baud = 115200) is a 16550A
[STDERR  ] 2017-11-06T18:29:10.436594329Z: [   11.849641] Non-volatile memory driver v1.3
[STDERR  ] 2017-11-06T18:29:10.436600041Z: [   11.856039] Hangcheck: starting hangcheck timer 0.9.1 (tick is 180 seconds, margin is 60 seconds).
[STDERR  ] 2017-11-06T18:29:10.436605406Z: [   11.893797] loop: module loaded
[STDERR  ] 2017-11-06T18:29:10.436610883Z: [   11.910811] nbd: registered device at major 43
[STDERR  ] 2017-11-06T18:29:10.43661621Z: [   11.953644] lpc_ich 0000:00:1f.0: I/O space for GPIO uninitialized
[STDERR  ] 2017-11-06T18:29:10.436621643Z: [   11.956083] VMware PVSCSI driver - version 1.0.7.0-k
[STDERR  ] 2017-11-06T18:29:10.436627006Z: [   11.957009] hv_vmbus: registering driver hv_storvsc
[STDERR  ] 2017-11-06T18:29:10.436633321Z: [   11.967563] ACPI: PCI Interrupt Link [GSIA] enabled at IRQ 16
[STDERR  ] 2017-11-06T18:29:10.436638651Z: [   11.973877] ahci 0000:00:1f.2: AHCI 0001.0000 32 slots 6 ports 1.5 Gbps 0x3f impl SATA mode
[STDERR  ] 2017-11-06T18:29:10.436644147Z: [   11.974576] ahci 0000:00:1f.2: flags: 64bit ncq only 
[STDERR  ] 2017-11-06T18:29:10.436649473Z: [   11.995263] scsi host0: ahci
[STDERR  ] 2017-11-06T18:29:10.43665484Z: [   12.000585] scsi host1: ahci
[STDERR  ] 2017-11-06T18:29:10.436660863Z: [   12.003021] scsi host2: ahci
[STDERR  ] 2017-11-06T18:29:10.436666316Z: [   12.005306] scsi host3: ahci
[STDERR  ] 2017-11-06T18:29:10.436674506Z: [   12.008839] scsi host4: ahci
[STDERR  ] 2017-11-06T18:29:10.436680001Z: [   12.011750] scsi host5: ahci
[STDERR  ] 2017-11-06T18:29:10.436685296Z: [   12.013641] ata1: SATA max UDMA/133 abar m4096@0xfebd2000 port 0xfebd2100 irq 24
[STDERR  ] 2017-11-06T18:29:10.436690741Z: [   12.014228] ata2: SATA max UDMA/133 abar m4096@0xfebd2000 port 0xfebd2180 irq 24
[STDERR  ] 2017-11-06T18:29:10.436696531Z: [   12.014715] ata3: SATA max UDMA/133 abar m4096@0xfebd2000 port 0xfebd2200 irq 24
[STDERR  ] 2017-11-06T18:29:10.436701971Z: [   12.015178] ata4: SATA max UDMA/133 abar m4096@0xfebd2000 port 0xfebd2280 irq 24
[STDERR  ] 2017-11-06T18:29:10.436707248Z: [   12.015632] ata5: SATA max UDMA/133 abar m4096@0xfebd2000 port 0xfebd2300 irq 24
[STDERR  ] 2017-11-06T18:29:10.436715615Z: [   12.016087] ata6: SATA max UDMA/133 abar m4096@0xfebd2000 port 0xfebd2380 irq 24
[STDERR  ] 2017-11-06T18:29:10.436721864Z: [   12.029237] tun: Universal TUN/TAP device driver, 1.6
[STDERR  ] 2017-11-06T18:29:10.436727422Z: [   12.029675] tun: (C) 1999-2004 Max Krasnyansky <maxk@qualcomm.com>
[STDERR  ] 2017-11-06T18:29:10.436733034Z: [   12.041060] VMware vmxnet3 virtual NIC driver - version 1.4.a.0-k-NAPI
[STDERR  ] 2017-11-06T18:29:10.436740754Z: [   12.042181] hv_vmbus: registering driver hv_netvsc
[STDERR  ] 2017-11-06T18:29:10.436746154Z: [   12.042540] Fusion MPT base driver 3.04.20
[STDERR  ] 2017-11-06T18:29:10.43676261Z: [   12.042810] Copyright (c) 1999-2008 LSI Corporation
[STDERR  ] 2017-11-06T18:29:10.436769547Z: [   12.043475] Fusion MPT SPI Host driver 3.04.20
[STDERR  ] 2017-11-06T18:29:10.436775221Z: [   12.046232] i8042: PNP: PS/2 Controller [PNP0303:KBD,PNP0f13:MOU] at 0x60,0x64 irq 1,12
[STDERR  ] 2017-11-06T18:29:10.43678456Z: [   12.050750] serio: i8042 KBD port at 0x60,0x64 irq 1
[STDERR  ] 2017-11-06T18:29:10.436790874Z: [   12.051420] serio: i8042 AUX port at 0x60,0x64 irq 12
[STDERR  ] 2017-11-06T18:29:10.43679671Z: [   12.054458] hv_vmbus: registering driver hyperv_keyboard
[STDERR  ] 2017-11-06T18:29:10.436802402Z: [   12.056748] mousedev: PS/2 mouse device common for all mice
[STDERR  ] 2017-11-06T18:29:10.43680813Z: [   12.061925] input: AT Translated Set 2 keyboard as /devices/platform/i8042/serio0/input/input1
[STDERR  ] 2017-11-06T18:29:10.436813871Z: [   12.064742] input: PC Speaker as /devices/platform/pcspkr/input/input2
[STDERR  ] 2017-11-06T18:29:10.436819462Z: [   12.068276] rtc_cmos 00:00: RTC can wake from S4
[STDERR  ] 2017-11-06T18:29:10.436825381Z: [   12.071911] rtc_cmos 00:00: rtc core: registered rtc_cmos as rtc0
[STDERR  ] 2017-11-06T18:29:10.436830995Z: [   12.073196] rtc_cmos 00:00: alarms up to one day, y3k, 114 bytes nvram, hpet irqs
[STDERR  ] 2017-11-06T18:29:10.43683675Z: [   12.073928] i2c /dev entries driver
[STDERR  ] 2017-11-06T18:29:10.436842567Z: [   12.075844] device-mapper: ioctl: 4.35.0-ioctl (2016-06-23) initialised: dm-devel@redhat.com
[STDERR  ] 2017-11-06T18:29:10.436848247Z: [   12.080783] usbcore: registered new interface driver usbhid
[STDERR  ] 2017-11-06T18:29:10.436853681Z: [   12.081184] usbhid: USB HID core driver
[STDERR  ] 2017-11-06T18:29:10.436861127Z: [   12.081848] hv_utils: Registering HyperV Utility Driver
[STDERR  ] 2017-11-06T18:29:10.436866667Z: [   12.082183] hv_vmbus: registering driver hv_util
[STDERR  ] 2017-11-06T18:29:10.436872145Z: [   12.082506] hv_vmbus: registering driver hv_balloon
[STDERR  ] 2017-11-06T18:29:10.436877845Z: [   12.083071] oprofile: using NMI interrupt.
[STDERR  ] 2017-11-06T18:29:10.436883287Z: [   12.084231] GACT probability on
[STDERR  ] 2017-11-06T18:29:10.436889075Z: [   12.084726] Mirror/redirect action on
[STDERR  ] 2017-11-06T18:29:10.436895294Z: [   12.085639] Simple TC action Loaded
[STDERR  ] 2017-11-06T18:29:10.436900671Z: [   12.086219] u32 classifier
[STDERR  ] 2017-11-06T18:29:10.436906371Z: [   12.086404]     Performance counters on
[STDERR  ] 2017-11-06T18:29:10.436911764Z: [   12.086641]     input device check on
[STDERR  ] 2017-11-06T18:29:10.436917356Z: [   12.086887]     Actions configured
[STDERR  ] 2017-11-06T18:29:10.436926129Z: [   12.087496] Netfilter messages via NETLINK v0.30.
[STDERR  ] 2017-11-06T18:29:10.436931892Z: [   12.088103] nfnl_acct: registering with nfnetlink.
[STDERR  ] 2017-11-06T18:29:10.436937803Z: [   12.089648] nf_conntrack version 0.5.0 (8192 buckets, 32768 max)
[STDERR  ] 2017-11-06T18:29:10.436944218Z: [   12.094559] ctnetlink v0.93: registering with nfnetlink.
[STDERR  ] 2017-11-06T18:29:10.436949883Z: [   12.099223] nf_tables: (c) 2007-2009 Patrick McHardy <kaber@trash.net>
[STDERR  ] 2017-11-06T18:29:10.436955741Z: [   12.100451] nf_tables_compat: (c) 2012 Pablo Neira Ayuso <pablo@netfilter.org>
[STDERR  ] 2017-11-06T18:29:10.436961346Z: [   12.102885] xt_time: kernel timezone is -0000
[STDERR  ] 2017-11-06T18:29:10.436969958Z: [   12.103482] ip_set: protocol 6
[STDERR  ] 2017-11-06T18:29:10.436975643Z: [   12.104232] IPVS: Registered protocols (TCP, UDP, SCTP, AH, ESP)
[STDERR  ] 2017-11-06T18:29:10.436981553Z: [   12.104878] IPVS: Connection hash table configured (size=4096, memory=64Kbytes)
[STDERR  ] 2017-11-06T18:29:10.436987541Z: [   12.106602] IPVS: Creating netns size=2104 id=0
[STDERR  ] 2017-11-06T18:29:10.436993198Z: [   12.109303] IPVS: ipvs loaded.
[STDERR  ] 2017-11-06T18:29:10.436999409Z: [   12.109711] IPVS: [rr] scheduler registered.
[STDERR  ] 2017-11-06T18:29:10.437004953Z: [   12.110107] IPVS: [wrr] scheduler registered.
[STDERR  ] 2017-11-06T18:29:10.437010393Z: [   12.110934] IPVS: [lc] scheduler registered.
[STDERR  ] 2017-11-06T18:29:10.437015986Z: [   12.111255] IPVS: [wlc] scheduler registered.
[STDERR  ] 2017-11-06T18:29:10.437021449Z: [   12.111538] IPVS: [fo] scheduler registered.
[STDERR  ] 2017-11-06T18:29:10.437026889Z: [   12.111822] IPVS: [ovf] scheduler registered.
[STDERR  ] 2017-11-06T18:29:10.437032383Z: [   12.112300] IPVS: [lblc] scheduler registered.
[STDERR  ] 2017-11-06T18:29:10.437037955Z: [   12.112759] IPVS: [lblcr] scheduler registered.
[STDERR  ] 2017-11-06T18:29:10.437043422Z: [   12.113111] IPVS: [dh] scheduler registered.
[STDERR  ] 2017-11-06T18:29:10.437048962Z: [   12.113402] IPVS: [sh] scheduler registered.
[STDERR  ] 2017-11-06T18:29:10.437054345Z: [   12.113699] IPVS: [sed] scheduler registered.
[STDERR  ] 2017-11-06T18:29:10.437062241Z: [   12.114004] IPVS: [nq] scheduler registered.
[STDERR  ] 2017-11-06T18:29:10.437067722Z: [   12.114763] IPVS: ftp: loaded support on port[0] = 21
[STDERR  ] 2017-11-06T18:29:10.437078629Z: [   12.115671] ipip: IPv4 and MPLS over IPv4 tunneling driver
[STDERR  ] 2017-11-06T18:29:10.437084559Z: [   12.119780] gre: GRE over IPv4 demultiplexor driver
[STDERR  ] 2017-11-06T18:29:10.437090705Z: [   12.122879] ip_tables: (C) 2000-2006 Netfilter Core Team
[STDERR  ] 2017-11-06T18:29:10.437096056Z: [   12.125996] ipt_CLUSTERIP: ClusterIP Version 0.8 loaded successfully
[STDERR  ] 2017-11-06T18:29:10.437101949Z: [   12.126767] arp_tables: arp_tables: (C) 2002 David S. Miller
[STDERR  ] 2017-11-06T18:29:10.437107402Z: [   12.129042] NET: Registered protocol family 10
[STDERR  ] 2017-11-06T18:29:10.437112978Z: [   12.138543] ip6_tables: (C) 2000-2006 Netfilter Core Team
[STDERR  ] 2017-11-06T18:29:10.437118505Z: [   12.146798] NET: Registered protocol family 17
[STDERR  ] 2017-11-06T18:29:10.437124103Z: [   12.147752] Bridge firewalling registered
[STDERR  ] 2017-11-06T18:29:10.437129513Z: [   12.148248] Ebtables v2.0 registered
[STDERR  ] 2017-11-06T18:29:10.437136986Z: [   12.150593] 8021q: 802.1Q VLAN Support v1.8
[STDERR  ] 2017-11-06T18:29:10.437142404Z: [   12.152085] 9pnet: Installing 9P2000 support
[STDERR  ] 2017-11-06T18:29:10.437147977Z: [   12.153540] Key type dns_resolver registered
[STDERR  ] 2017-11-06T18:29:10.437153892Z: [   12.154466] microcode: AMD CPU family 0x6 not supported
[STDERR  ] 2017-11-06T18:29:10.437159347Z: [   12.158221] registered taskstats version 1
[STDERR  ] 2017-11-06T18:29:10.43716475Z: [   12.352199] ata4: SATA link down (SStatus 0 SControl 300)
[STDERR  ] 2017-11-06T18:29:10.437170384Z: [   12.355410] ata3: SATA link up 1.5 Gbps (SStatus 113 SControl 300)
[STDERR  ] 2017-11-06T18:29:10.437180817Z: [   12.358315] ata2: SATA link up 1.5 Gbps (SStatus 113 SControl 300)
[STDERR  ] 2017-11-06T18:29:10.437187147Z: [   12.360749] ata2.00: ATA-7: QEMU HARDDISK, 2.5+, max UDMA/100
[STDERR  ] 2017-11-06T18:29:10.437192727Z: [   12.361243] ata2.00: 1048576 sectors, multi 16: LBA48 NCQ (depth 31/32)
[STDERR  ] 2017-11-06T18:29:10.43719871Z: [   12.361886] ata2.00: applying bridge limits
[STDERR  ] 2017-11-06T18:29:10.437204326Z: [   12.363235] ata1: SATA link up 1.5 Gbps (SStatus 113 SControl 300)
[STDERR  ] 2017-11-06T18:29:10.437209849Z: [   12.363939] ata6: SATA link down (SStatus 0 SControl 300)
[STDERR  ] 2017-11-06T18:29:10.43721799Z: [   12.364669] ata5: SATA link down (SStatus 0 SControl 300)
[STDERR  ] 2017-11-06T18:29:10.437227023Z: [   12.365883] ata2.00: configured for UDMA/100
[STDERR  ] 2017-11-06T18:29:10.437232747Z: [   12.366675] ata3.00: ATAPI: QEMU DVD-ROM, 2.5+, max UDMA/100
[STDERR  ] 2017-11-06T18:29:10.437238947Z: [   12.367102] ata3.00: applying bridge limits
[STDERR  ] 2017-11-06T18:29:10.437244452Z: [   12.367685] ata3.00: configured for UDMA/100
[STDERR  ] 2017-11-06T18:29:10.437249973Z: [   12.370754] ata1.00: ATA-7: QEMU HARDDISK, 2.5+, max UDMA/100
[STDERR  ] 2017-11-06T18:29:10.437255707Z: [   12.371214] ata1.00: 1048576 sectors, multi 16: LBA48 NCQ (depth 31/32)
[STDERR  ] 2017-11-06T18:29:10.437261646Z: [   12.371674] ata1.00: applying bridge limits
[STDERR  ] 2017-11-06T18:29:10.437267019Z: [   12.372373] ata1.00: configured for UDMA/100
[STDERR  ] 2017-11-06T18:29:10.437272513Z: [   12.389118] scsi 0:0:0:0: Direct-Access     ATA      QEMU HARDDISK    2.5+ PQ: 0 ANSI: 5
[STDERR  ] 2017-11-06T18:29:10.437278103Z: [   12.405973] sd 0:0:0:0: [sda] 1048576 512-byte logical blocks: (537 MB/512 MiB)
[STDERR  ] 2017-11-06T18:29:10.437284566Z: [   12.412253] Key type big_key registered
[STDERR  ] 2017-11-06T18:29:10.437290004Z: [   12.413479] sd 0:0:0:0: [sda] Write Protect is off
[STDERR  ] 2017-11-06T18:29:10.437295496Z: [   12.416472] sd 0:0:0:0: [sda] Write cache: enabled, read cache: enabled, doesn't support DPO or FUA
[STDERR  ] 2017-11-06T18:29:10.437301076Z: [   12.417650] sd 0:0:0:0: Attached scsi generic sg0 type 0
[STDERR  ] 2017-11-06T18:29:10.437306527Z: [   12.431634] scsi 1:0:0:0: Direct-Access     ATA      QEMU HARDDISK    2.5+ PQ: 0 ANSI: 5
[STDERR  ] 2017-11-06T18:29:10.437311912Z: [   12.436777] sd 1:0:0:0: [sdb] 1048576 512-byte logical blocks: (537 MB/512 MiB)
[STDERR  ] 2017-11-06T18:29:10.437317509Z: [   12.441015] sd 1:0:0:0: [sdb] Write Protect is off
[STDERR  ] 2017-11-06T18:29:10.437322853Z: [   12.441913] sd 1:0:0:0: [sdb] Write cache: enabled, read cache: enabled, doesn't support DPO or FUA
[STDERR  ] 2017-11-06T18:29:10.43732827Z: [   12.446908] sd 1:0:0:0: Attached scsi generic sg1 type 0
[STDERR  ] 2017-11-06T18:29:10.437333626Z: [   12.454792] scsi 2:0:0:0: CD-ROM            QEMU     QEMU DVD-ROM     2.5+ PQ: 0 ANSI: 5
[STDERR  ] 2017-11-06T18:29:10.437339067Z: [   12.481009] sr 2:0:0:0: [sr0] scsi3-mmc drive: 4x/4x cd/rw xa/form2 tray
[STDERR  ] 2017-11-06T18:29:10.437344402Z: [   12.481733] cdrom: Uniform CD-ROM driver Revision: 3.20
[STDERR  ] 2017-11-06T18:29:10.437349714Z: [   12.487712] sd 0:0:0:0: [sda] Attached SCSI disk
[STDERR  ] 2017-11-06T18:29:10.437355038Z: [   12.500914] sr 2:0:0:0: Attached scsi generic sg2 type 5
[STDERR  ] 2017-11-06T18:29:10.437360383Z: [   12.503778] sd 1:0:0:0: [sdb] Attached SCSI disk
[STDERR  ] 2017-11-06T18:29:10.437365737Z: [   12.533155] Key type encrypted registered
[STDERR  ] 2017-11-06T18:29:10.437373197Z: [   12.538935] rtc_cmos 00:00: setting system clock to 2017-11-06 18:28:15 UTC (1509992895)
[STDERR  ] 2017-11-06T18:29:10.437380994Z: [   12.687926] Freeing unused kernel memory: 1380K
[STDERR  ] 2017-11-06T18:29:10.437388498Z: [   12.688349] Write protecting the kernel read-only data: 12288k
[STDERR  ] 2017-11-06T18:29:10.437393903Z: [   12.696478] Freeing unused kernel memory: 140K
[STDERR  ] 2017-11-06T18:29:10.437399258Z: [   12.812977] Freeing unused kernel memory: 1400K
[STDERR  ] 2017-11-06T18:29:10.437407591Z: [   12.813624] tsc: Refined TSC clocksource calibration: 2599.993 MHz
[STDERR  ] 2017-11-06T18:29:10.437413238Z: [   12.814175] clocksource: tsc: mask: 0xffffffffffffffff max_cycles: 0x257a3556805, max_idle_ns: 440795233934 ns
[STDERR  ] 2017-11-06T18:29:10.437418655Z: [   13.830944] clocksource: Switched to clocksource tsc
[STDERR  ] 2017-11-06T18:29:10.437424573Z: 
[STDERR  ] 2017-11-06T18:29:10.437430027Z: Welcome to LinuxKit
[STDERR  ] 2017-11-06T18:29:10.437435365Z: 
[STDERR  ] 2017-11-06T18:29:10.437440705Z:                         ##         .
[STDERR  ] 2017-11-06T18:29:10.437446315Z:                   ## ## ##        ==
[STDERR  ] 2017-11-06T18:29:10.437451753Z:                ## ## ## ## ##    ===
[STDERR  ] 2017-11-06T18:29:10.43746028Z:            /"""""""""""""""""\___/ ===
[STDERR  ] 2017-11-06T18:29:10.43746571Z:           {                       /  ===-
[STDERR  ] 2017-11-06T18:29:10.437471217Z:            \______ O           __/
[STDERR  ] 2017-11-06T18:29:10.437476531Z:              \    \         __/
[STDERR  ] 2017-11-06T18:29:10.437482274Z:               \____\_______/
[STDERR  ] 2017-11-06T18:29:10.437488478Z: 
[STDERR  ] 2017-11-06T18:29:10.437494008Z: [   39.603213] IPVS: Creating netns size=2104 id=1
[STDERR  ] 2017-11-06T18:29:10.437499434Z: [   39.603856] IPVS: ftp: loaded support on port[0] = 21
[STDERR  ] 2017-11-06T18:29:10.437505531Z: 2017/11/06 18:28:43 Considering auto format for device /dev/sda
[STDERR  ] 2017-11-06T18:29:10.437512348Z: 2017/11/06 18:28:43 Checking if /dev/sda is empty
[STDERR  ] 2017-11-06T18:29:10.437520141Z: [   40.602701] random: fast init done
[STDERR  ] 2017-11-06T18:29:10.437525553Z: 2017/11/06 18:28:43 blkid did not find any existing content on /dev/sda.
[STDERR  ] 2017-11-06T18:29:10.437531133Z: 2017/11/06 18:28:43 Creating partition on /dev/sda
[STDERR  ] 2017-11-06T18:29:10.437536413Z: [   40.852635]  sda:
[STDERR  ] 2017-11-06T18:29:10.437541838Z: [   40.924177]  sda:
[STDERR  ] 2017-11-06T18:29:10.437547108Z: [   40.954418]  sda: sda1
[STDERR  ] 2017-11-06T18:29:10.437553243Z: [   41.030977]  sda: sda1
[STDERR  ] 2017-11-06T18:29:10.437558923Z: 2017/11/06 18:28:45 Partition /dev/sda1 successfully created!
[STDERR  ] 2017-11-06T18:29:10.437565059Z: [   43.739438] IPVS: Creating netns size=2104 id=2
[STDERR  ] 2017-11-06T18:29:10.437570368Z: [   43.739950] IPVS: ftp: loaded support on port[0] = 21
[STDERR  ] 2017-11-06T18:29:10.437575934Z: 2017/11/06 18:28:47 Considering auto format for device /dev/sdb
[STDERR  ] 2017-11-06T18:29:10.437581265Z: 2017/11/06 18:28:47 Checking if /dev/sdb is empty
[STDERR  ] 2017-11-06T18:29:10.437586649Z: 2017/11/06 18:28:47 blkid did not find any existing content on /dev/sdb.
[STDERR  ] 2017-11-06T18:29:10.437592042Z: 2017/11/06 18:28:47 Creating partition on /dev/sdb
[STDERR  ] 2017-11-06T18:29:10.437597598Z: [   45.023859]  sdb:
[STDERR  ] 2017-11-06T18:29:10.437602899Z: [   45.090988]  sdb:
[STDERR  ] 2017-11-06T18:29:10.437608285Z: [   45.125377]  sdb: sdb1
[STDERR  ] 2017-11-06T18:29:10.437613651Z: [   45.200696]  sdb: sdb1
[STDERR  ] 2017-11-06T18:29:10.437619021Z: 2017/11/06 18:28:49 Partition /dev/sdb1 successfully created!
[STDERR  ] 2017-11-06T18:29:10.437624511Z: [   47.833592] IPVS: Creating netns size=2104 id=3
[STDERR  ] 2017-11-06T18:29:10.437629852Z: [   47.834189] IPVS: ftp: loaded support on port[0] = 21
[STDERR  ] 2017-11-06T18:29:10.437635465Z: 2017/11/06 18:28:51 Considering auto format for device /dev/sda
[STDERR  ] 2017-11-06T18:29:10.437640866Z: 2017/11/06 18:28:51 Checking if /dev/sda is empty
[STDERR  ] 2017-11-06T18:29:10.437646185Z: 2017/11/06 18:28:51 /dev/sda has content. blkid returned: /dev/sda: PTUUID="e2584891" PTTYPE="dos"
[STDERR  ] 2017-11-06T18:29:10.437653319Z: 2017/11/06 18:28:51 No eligible disks found
[STDERR  ] 2017-11-06T18:29:10.437658872Z: [   49.438236] IPVS: Creating netns size=2104 id=4
[STDERR  ] 2017-11-06T18:29:10.437664206Z: [   49.438739] IPVS: ftp: loaded support on port[0] = 21
[STDERR  ] 2017-11-06T18:29:10.437672472Z: 2017/11/06 18:28:52 Clearing partitions on /dev/sdb because forced format was requested
[STDERR  ] 2017-11-06T18:29:10.437678091Z: [   50.450710]  sdb:
[STDERR  ] 2017-11-06T18:29:10.437683629Z: 2017/11/06 18:28:52 Creating partition on /dev/sdb
[STDERR  ] 2017-11-06T18:29:10.437688979Z: [   50.542640]  sdb:
[STDERR  ] 2017-11-06T18:29:10.437694305Z: [   50.607364]  sdb:
[STDERR  ] 2017-11-06T18:29:10.437699612Z: [   50.637674]  sdb: sdb1
[STDERR  ] 2017-11-06T18:29:10.437704971Z: [   50.710788]  sdb: sdb1
[STDERR  ] 2017-11-06T18:29:10.437710331Z: [   52.229550] random: crng init done
[STDERR  ] 2017-11-06T18:29:10.437715675Z: [   52.319397] mkfs.xfs: sending ioctl 1261 to a partition!
[STDERR  ] 2017-11-06T18:29:10.437724549Z: 2017/11/06 18:28:54 Partition /dev/sdb1 successfully created!
[STDERR  ] 2017-11-06T18:29:10.437734509Z: [   53.019069] IPVS: Creating netns size=2104 id=5
[STDERR  ] 2017-11-06T18:29:10.437740009Z: [   53.019419] IPVS: ftp: loaded support on port[0] = 21
[STDERR  ] 2017-11-06T18:29:10.437745628Z: === forcing device discovery (attempt 1) ===
[STDERR  ] 2017-11-06T18:29:10.437750964Z: === /dev list (attempt 1) ===
[STDERR  ] 2017-11-06T18:29:10.437756299Z: total 0
[STDERR  ] 2017-11-06T18:29:10.437761815Z: drwxr-xr-x    8 root     root          2840 Nov  6 18:28 [1;34m.[0m
[STDERR  ] 2017-11-06T18:29:10.437767339Z: drwxr-xr-x    1 root     root            60 Nov  6 18:28 [1;34m..[0m
[STDERR  ] 2017-11-06T18:29:10.437773046Z: drwxr-xr-x    2 root     root           100 Nov  6 18:28 [1;34mbsg[0m
[STDERR  ] 2017-11-06T18:29:10.437778847Z: crw-rw----    1 root     root       10,  63 Nov  6 18:28 [1;35mcachefiles[0m
[STDERR  ] 2017-11-06T18:29:10.437784207Z: crw-rw----    1 root     root        5,   1 Nov  6 18:28 [1;35mconsole[0m
[STDERR  ] 2017-11-06T18:29:10.437789662Z: lrwxrwxrwx    1 root     root            11 Nov  6 18:28 [1;36mcore[0m -> [0;0m/proc/kcore[0m
[STDERR  ] 2017-11-06T18:29:10.437795156Z: drwxr-xr-x    3 root     root            60 Nov  6 18:28 [1;34mcpu[0m
[STDERR  ] 2017-11-06T18:29:10.437800572Z: crw-rw----    1 root     root       10,  62 Nov  6 18:28 [1;35mcpu_dma_latency[0m
[STDERR  ] 2017-11-06T18:29:10.437805849Z: crw-rw----    1 root     root       10, 203 Nov  6 18:28 [1;35mcuse[0m
[STDERR  ] 2017-11-06T18:29:10.437811383Z: lrwxrwxrwx    1 root     root            13 Nov  6 18:28 [1;36mfd[0m -> [1;34m/proc/self/fd[0m
[STDERR  ] 2017-11-06T18:29:10.437816722Z: crw-rw----    1 root     root        1,   7 Nov  6 18:28 [1;35mfull[0m
[STDERR  ] 2017-11-06T18:29:10.437827645Z: crw-rw----    1 root     root       10, 229 Nov  6 18:28 [1;35mfuse[0m
[STDERR  ] 2017-11-06T18:29:10.437833446Z: crw-rw----    1 root     root       10, 228 Nov  6 18:28 [1;35mhpet[0m
[STDERR  ] 2017-11-06T18:29:10.437839205Z: crw-rw----    1 root     root       10, 183 Nov  6 18:28 [1;35mhwrng[0m
[STDERR  ] 2017-11-06T18:29:10.437844589Z: drwxr-xr-x    2 root     root           120 Nov  6 18:28 [1;34minput[0m
[STDERR  ] 2017-11-06T18:29:10.437850075Z: crw-rw----    1 root     root        1,  11 Nov  6 18:28 [1;35mkmsg[0m
[STDERR  ] 2017-11-06T18:29:10.437855425Z: crw-rw----    1 root     root       10, 237 Nov  6 18:28 [1;35mloop-control[0m
[STDERR  ] 2017-11-06T18:29:10.437860872Z: brw-rw----    1 root     root        7,   0 Nov  6 18:28 [1;35mloop0[0m
[STDERR  ] 2017-11-06T18:29:10.437866605Z: brw-rw----    1 root     root        7,   1 Nov  6 18:28 [1;35mloop1[0m
[STDERR  ] 2017-11-06T18:29:10.437872632Z: brw-rw----    1 root     root        7,   2 Nov  6 18:28 [1;35mloop2[0m
[STDERR  ] 2017-11-06T18:29:10.437877905Z: brw-rw----    1 root     root        7,   3 Nov  6 18:28 [1;35mloop3[0m
[STDERR  ] 2017-11-06T18:29:10.437883267Z: brw-rw----    1 root     root        7,   4 Nov  6 18:28 [1;35mloop4[0m
[STDERR  ] 2017-11-06T18:29:10.437890343Z: brw-rw----    1 root     root        7,   5 Nov  6 18:28 [1;35mloop5[0m
[STDERR  ] 2017-11-06T18:29:10.437895833Z: brw-rw----    1 root     root        7,   6 Nov  6 18:28 [1;35mloop6[0m
[STDERR  ] 2017-11-06T18:29:10.437913859Z: brw-rw----    1 root     root        7,   7 Nov  6 18:28 [1;35mloop7[0m
[STDERR  ] 2017-11-06T18:29:10.43791976Z: drwxr-xr-x    2 root     root            60 Nov  6 18:28 [1;34mmapper[0m
[STDERR  ] 2017-11-06T18:29:10.437926032Z: crw-rw----    1 root     root        1,   1 Nov  6 18:28 [1;35mmem[0m
[STDERR  ] 2017-11-06T18:29:10.437931557Z: crw-rw----    1 root     root       10,  59 Nov  6 18:28 [1;35mmemory_bandwidth[0m
[STDERR  ] 2017-11-06T18:29:10.437936932Z: brw-rw----    1 root     root       43,   0 Nov  6 18:28 [1;35mnbd0[0m
[STDERR  ] 2017-11-06T18:29:10.437942366Z: brw-rw----    1 root     root       43,   1 Nov  6 18:28 [1;35mnbd1[0m
[STDERR  ] 2017-11-06T18:29:10.437947835Z: brw-rw----    1 root     root       43,  10 Nov  6 18:28 [1;35mnbd10[0m
[STDERR  ] 2017-11-06T18:29:10.437956479Z: brw-rw----    1 root     root       43,  11 Nov  6 18:28 [1;35mnbd11[0m
[STDERR  ] 2017-11-06T18:29:10.437961977Z: brw-rw----    1 root     root       43,  12 Nov  6 18:28 [1;35mnbd12[0m
[STDERR  ] 2017-11-06T18:29:10.437968242Z: brw-rw----    1 root     root       43,  13 Nov  6 18:28 [1;35mnbd13[0m
[STDERR  ] 2017-11-06T18:29:10.437973823Z: brw-rw----    1 root     root       43,  14 Nov  6 18:28 [1;35mnbd14[0m
[STDERR  ] 2017-11-06T18:29:10.43797929Z: brw-rw----    1 root     root       43,  15 Nov  6 18:28 [1;35mnbd15[0m
[STDERR  ] 2017-11-06T18:29:10.437984715Z: brw-rw----    1 root     root       43,   2 Nov  6 18:28 [1;35mnbd2[0m
[STDERR  ] 2017-11-06T18:29:10.437990179Z: brw-rw----    1 root     root       43,   3 Nov  6 18:28 [1;35mnbd3[0m
[STDERR  ] 2017-11-06T18:29:10.43799555Z: brw-rw----    1 root     root       43,   4 Nov  6 18:28 [1;35mnbd4[0m
[STDERR  ] 2017-11-06T18:29:10.438001067Z: brw-rw----    1 root     root       43,   5 Nov  6 18:28 [1;35mnbd5[0m
[STDERR  ] 2017-11-06T18:29:10.43800748Z: brw-rw----    1 root     root       43,   6 Nov  6 18:28 [1;35mnbd6[0m
[STDERR  ] 2017-11-06T18:29:10.438016304Z: brw-rw----    1 root     root       43,   7 Nov  6 18:28 [1;35mnbd7[0m
[STDERR  ] 2017-11-06T18:29:10.438025493Z: brw-rw----    1 root     root       43,   8 Nov  6 18:28 [1;35mnbd8[0m
[STDERR  ] 2017-11-06T18:29:10.438035517Z: brw-rw----    1 root     root       43,   9 Nov  6 18:28 [1;35mnbd9[0m
[STDERR  ] 2017-11-06T18:29:10.43804155Z: drwxr-xr-x    2 root     root            60 Nov  6 18:28 [1;34mnet[0m
[STDERR  ] 2017-11-06T18:29:10.43804719Z: crw-rw----    1 root     root       10,  61 Nov  6 18:28 [1;35mnetwork_latency[0m
[STDERR  ] 2017-11-06T18:29:10.438052574Z: crw-rw----    1 root     root       10,  60 Nov  6 18:28 [1;35mnetwork_throughput[0m
[STDERR  ] 2017-11-06T18:29:10.438058083Z: crw-rw----    1 root     root        1,   3 Nov  6 18:28 [1;35mnull[0m
[STDERR  ] 2017-11-06T18:29:10.438063766Z: crw-rw----    1 root     root       10, 144 Nov  6 18:28 [1;35mnvram[0m
[STDERR  ] 2017-11-06T18:29:10.438069401Z: crw-rw----    1 root     root        1,   4 Nov  6 18:28 [1;35mport[0m
[STDERR  ] 2017-11-06T18:29:10.438079797Z: crw-rw----    1 root     root       10,   1 Nov  6 18:28 [1;35mpsaux[0m
[STDERR  ] 2017-11-06T18:29:10.438085314Z: lrwxrwxrwx    1 root     root             8 Nov  6 18:28 [1;36mptmx[0m -> [1;35mpts/ptmx[0m
[STDERR  ] 2017-11-06T18:29:10.438090713Z: drwxr-xr-x    2 root     root             0 Nov  6 18:28 [1;34mpts[0m
[STDERR  ] 2017-11-06T18:29:10.438098877Z: crw-rw----    1 root     root        1,   8 Nov  6 18:28 [1;35mrandom[0m
[STDERR  ] 2017-11-06T18:29:10.438104833Z: crw-rw----    1 root     root      254,   0 Nov  6 18:28 [1;35mrtc0[0m
[STDERR  ] 2017-11-06T18:29:10.438110183Z: brw-rw----    1 root     root        8,   0 Nov  6 18:28 [1;35msda[0m
[STDERR  ] 2017-11-06T18:29:10.438115461Z: brw-rw----    1 root     root        8,   1 Nov  6 18:28 [1;35msda1[0m
[STDERR  ] 2017-11-06T18:29:10.43812224Z: brw-rw----    1 root     root        8,  16 Nov  6 18:28 [1;35msdb[0m
[STDERR  ] 2017-11-06T18:29:10.438127681Z: brw-rw----    1 root     root        8,  17 Nov  6 18:28 [1;35msdb1[0m
[STDERR  ] 2017-11-06T18:29:10.438136858Z: crw-rw----    1 root     root       21,   0 Nov  6 18:28 [1;35msg0[0m
[STDERR  ] 2017-11-06T18:29:10.438142301Z: crw-rw----    1 root     root       21,   1 Nov  6 18:28 [1;35msg1[0m
[STDERR  ] 2017-11-06T18:29:10.43814818Z: crw-rw----    1 root     root       21,   2 Nov  6 18:28 [1;35msg2[0m
[STDERR  ] 2017-11-06T18:29:10.438153653Z: brw-rw----    1 root     root       11,   0 Nov  6 18:28 [1;35msr0[0m
[STDERR  ] 2017-11-06T18:29:10.438159214Z: lrwxrwxrwx    1 root     root            15 Nov  6 18:28 [1;36mstderr[0m -> [1;35m/proc/self/fd/2[0m
[STDERR  ] 2017-11-06T18:29:10.438164831Z: lrwxrwxrwx    1 root     root            15 Nov  6 18:28 [1;36mstdin[0m -> [1;35m/proc/self/fd/0[0m
[STDERR  ] 2017-11-06T18:29:10.438175573Z: lrwxrwxrwx    1 root     root            15 Nov  6 18:28 [1;36mstdout[0m -> [1;35m/proc/self/fd/1[0m
[STDERR  ] 2017-11-06T18:29:10.43818101Z: crw-rw----    1 root     root        5,   0 Nov  6 18:28 [1;35mtty[0m
[STDERR  ] 2017-11-06T18:29:10.438187068Z: crw-rw----    1 root     root        4,   0 Nov  6 18:28 [1;35mtty0[0m
[STDERR  ] 2017-11-06T18:29:10.438192697Z: crw-rw----    1 root     root        4,   1 Nov  6 18:28 [1;35mtty1[0m
[STDERR  ] 2017-11-06T18:29:10.438198101Z: crw-rw----    1 root     root        4,  10 Nov  6 18:28 [1;35mtty10[0m
[STDERR  ] 2017-11-06T18:29:10.438203614Z: crw-rw----    1 root     root        4,  11 Nov  6 18:28 [1;35mtty11[0m
[STDERR  ] 2017-11-06T18:29:10.438209048Z: crw-rw----    1 root     root        4,  12 Nov  6 18:28 [1;35mtty12[0m
[STDERR  ] 2017-11-06T18:29:10.438214449Z: crw-rw----    1 root     root        4,  13 Nov  6 18:28 [1;35mtty13[0m
[STDERR  ] 2017-11-06T18:29:10.438219857Z: crw-rw----    1 root     root        4,  14 Nov  6 18:28 [1;35mtty14[0m
[STDERR  ] 2017-11-06T18:29:10.438225704Z: crw-rw----    1 root     root        4,  15 Nov  6 18:28 [1;35mtty15[0m
[STDERR  ] 2017-11-06T18:29:10.438231488Z: crw-rw----    1 root     root        4,  16 Nov  6 18:28 [1;35mtty16[0m
[STDERR  ] 2017-11-06T18:29:10.438236792Z: crw-rw----    1 root     root        4,  17 Nov  6 18:28 [1;35mtty17[0m
[STDERR  ] 2017-11-06T18:29:10.438242201Z: crw-rw----    1 root     root        4,  18 Nov  6 18:28 [1;35mtty18[0m
[STDERR  ] 2017-11-06T18:29:10.438247475Z: crw-rw----    1 root     root        4,  19 Nov  6 18:28 [1;35mtty19[0m
[STDERR  ] 2017-11-06T18:29:10.438252797Z: crw-rw----    1 root     root        4,   2 Nov  6 18:28 [1;35mtty2[0m
[STDERR  ] 2017-11-06T18:29:10.438258074Z: crw-rw----    1 root     root        4,  20 Nov  6 18:28 [1;35mtty20[0m
[STDERR  ] 2017-11-06T18:29:10.438263497Z: crw-rw----    1 root     root        4,  21 Nov  6 18:28 [1;35mtty21[0m
[STDERR  ] 2017-11-06T18:29:10.438269352Z: crw-rw----    1 root     root        4,  22 Nov  6 18:28 [1;35mtty22[0m
[STDERR  ] 2017-11-06T18:29:10.438274901Z: crw-rw----    1 root     root        4,  23 Nov  6 18:28 [1;35mtty23[0m
[STDERR  ] 2017-11-06T18:29:10.438280297Z: crw-rw----    1 root     root        4,  24 Nov  6 18:28 [1;35mtty24[0m
[STDERR  ] 2017-11-06T18:29:10.438285649Z: crw-rw----    1 root     root        4,  25 Nov  6 18:28 [1;35mtty25[0m
[STDERR  ] 2017-11-06T18:29:10.438293358Z: crw-rw----    1 root     root        4,  26 Nov  6 18:28 [1;35mtty26[0m
[STDERR  ] 2017-11-06T18:29:10.438298762Z: crw-rw----    1 root     root        4,  27 Nov  6 18:28 [1;35mtty27[0m
[STDERR  ] 2017-11-06T18:29:10.438304159Z: crw-rw----    1 root     root        4,  28 Nov  6 18:28 [1;35mtty28[0m
[STDERR  ] 2017-11-06T18:29:10.438310209Z: crw-rw----    1 root     root        4,  29 Nov  6 18:28 [1;35mtty29[0m
[STDERR  ] 2017-11-06T18:29:10.438315474Z: crw-rw----    1 root     root        4,   3 Nov  6 18:28 [1;35mtty3[0m
[STDERR  ] 2017-11-06T18:29:10.438320777Z: crw-rw----    1 root     root        4,  30 Nov  6 18:28 [1;35mtty30[0m
[STDERR  ] 2017-11-06T18:29:10.438326032Z: crw-rw----    1 root     root        4,  31 Nov  6 18:28 [1;35mtty31[0m
[STDERR  ] 2017-11-06T18:29:10.438334201Z: crw-rw----    1 root     root        4,  32 Nov  6 18:28 [1;35mtty32[0m
[STDERR  ] 2017-11-06T18:29:10.438339768Z: crw-rw----    1 root     root        4,  33 Nov  6 18:28 [1;35mtty33[0m
[STDERR  ] 2017-11-06T18:29:10.438345107Z: crw-rw----    1 root     root        4,  34 Nov  6 18:28 [1;35mtty34[0m
[STDERR  ] 2017-11-06T18:29:10.438352351Z: crw-rw----    1 root     root        4,  35 Nov  6 18:28 [1;35mtty35[0m
[STDERR  ] 2017-11-06T18:29:10.438360809Z: crw-rw----    1 root     root        4,  36 Nov  6 18:28 [1;35mtty36[0m
[STDERR  ] 2017-11-06T18:29:10.438366515Z: crw-rw----    1 root     root        4,  37 Nov  6 18:28 [1;35mtty37[0m
[STDERR  ] 2017-11-06T18:29:10.438371927Z: crw-rw----    1 root     root        4,  38 Nov  6 18:28 [1;35mtty38[0m
[STDERR  ] 2017-11-06T18:29:10.438380482Z: crw-rw----    1 root     root        4,  39 Nov  6 18:28 [1;35mtty39[0m
[STDERR  ] 2017-11-06T18:29:10.438386115Z: crw-rw----    1 root     root        4,   4 Nov  6 18:28 [1;35mtty4[0m
[STDERR  ] 2017-11-06T18:29:10.438391659Z: crw-rw----    1 root     root        4,  40 Nov  6 18:28 [1;35mtty40[0m
[STDERR  ] 2017-11-06T18:29:10.438397757Z: crw-rw----    1 root     root        4,  41 Nov  6 18:28 [1;35mtty41[0m
[STDERR  ] 2017-11-06T18:29:10.438403474Z: crw-rw----    1 root     root        4,  42 Nov  6 18:28 [1;35mtty42[0m
[STDERR  ] 2017-11-06T18:29:10.438408828Z: crw-rw----    1 root     root        4,  43 Nov  6 18:28 [1;35mtty43[0m
[STDERR  ] 2017-11-06T18:29:10.438414087Z: crw-rw----    1 root     root        4,  44 Nov  6 18:28 [1;35mtty44[0m
[STDERR  ] 2017-11-06T18:29:10.438419414Z: crw-rw----    1 root     root        4,  45 Nov  6 18:28 [1;35mtty45[0m
[STDERR  ] 2017-11-06T18:29:10.438425125Z: crw-rw----    1 root     root        4,  46 Nov  6 18:28 [1;35mtty46[0m
[STDERR  ] 2017-11-06T18:29:10.438430382Z: crw-rw----    1 root     root        4,  47 Nov  6 18:28 [1;35mtty47[0m
[STDERR  ] 2017-11-06T18:29:10.438436242Z: crw-rw----    1 root     root        4,  48 Nov  6 18:28 [1;35mtty48[0m
[STDERR  ] 2017-11-06T18:29:10.438441852Z: crw-rw----    1 root     root        4,  49 Nov  6 18:28 [1;35mtty49[0m
[STDERR  ] 2017-11-06T18:29:10.438447242Z: crw-rw----    1 root     root        4,   5 Nov  6 18:28 [1;35mtty5[0m
[STDERR  ] 2017-11-06T18:29:10.438452735Z: crw-rw----    1 root     root        4,  50 Nov  6 18:28 [1;35mtty50[0m
[STDERR  ] 2017-11-06T18:29:10.438458245Z: crw-rw----    1 root     root        4,  51 Nov  6 18:28 [1;35mtty51[0m
[STDERR  ] 2017-11-06T18:29:10.43846363Z: crw-rw----    1 root     root        4,  52 Nov  6 18:28 [1;35mtty52[0m
[STDERR  ] 2017-11-06T18:29:10.43846907Z: crw-rw----    1 root     root        4,  53 Nov  6 18:28 [1;35mtty53[0m
[STDERR  ] 2017-11-06T18:29:10.438475065Z: crw-rw----    1 root     root        4,  54 Nov  6 18:28 [1;35mtty54[0m
[STDERR  ] 2017-11-06T18:29:10.438480859Z: crw-rw----    1 root     root        4,  55 Nov  6 18:28 [1;35mtty55[0m
[STDERR  ] 2017-11-06T18:29:10.438503339Z: crw-rw----    1 root     root        4,  56 Nov  6 18:28 [1;35mtty56[0m
[STDERR  ] 2017-11-06T18:29:10.438510192Z: crw-rw----    1 root     root        4,  57 Nov  6 18:28 [1;35mtty57[0m
[STDERR  ] 2017-11-06T18:29:10.438516249Z: crw-rw----    1 root     root        4,  58 Nov  6 18:28 [1;35mtty58[0m
[STDERR  ] 2017-11-06T18:29:10.438521538Z: crw-rw----    1 root     root        4,  59 Nov  6 18:28 [1;35mtty59[0m
[STDERR  ] 2017-11-06T18:29:10.438526823Z: crw-rw----    1 root     root        4,   6 Nov  6 18:28 [1;35mtty6[0m
[STDERR  ] 2017-11-06T18:29:10.438532553Z: crw-rw----    1 root     root        4,  60 Nov  6 18:28 [1;35mtty60[0m
[STDERR  ] 2017-11-06T18:29:10.438538306Z: crw-rw----    1 root     root        4,  61 Nov  6 18:28 [1;35mtty61[0m
[STDERR  ] 2017-11-06T18:29:10.438543788Z: crw-rw----    1 root     root        4,  62 Nov  6 18:28 [1;35mtty62[0m
[STDERR  ] 2017-11-06T18:29:10.438549133Z: crw-rw----    1 root     root        4,  63 Nov  6 18:28 [1;35mtty63[0m
[STDERR  ] 2017-11-06T18:29:10.4385545Z: crw-rw----    1 root     root        4,   7 Nov  6 18:28 [1;35mtty7[0m
[STDERR  ] 2017-11-06T18:29:10.438562878Z: crw-rw----    1 root     root        4,   8 Nov  6 18:28 [1;35mtty8[0m
[STDERR  ] 2017-11-06T18:29:10.438569059Z: crw-rw----    1 root     root        4,   9 Nov  6 18:28 [1;35mtty9[0m
[STDERR  ] 2017-11-06T18:29:10.43857445Z: crw-rw----    1 root     root        4,  64 Nov  6 18:28 [1;35mttyS0[0m
[STDERR  ] 2017-11-06T18:29:10.438580598Z: crw-rw----    1 root     root        4,  65 Nov  6 18:28 [1;35mttyS1[0m
[STDERR  ] 2017-11-06T18:29:10.438586268Z: crw-rw----    1 root     root        4,  66 Nov  6 18:28 [1;35mttyS2[0m
[STDERR  ] 2017-11-06T18:29:10.43859396Z: crw-rw----    1 root     root        4,  67 Nov  6 18:28 [1;35mttyS3[0m
[STDERR  ] 2017-11-06T18:29:10.438606658Z: crw-rw----    1 root     root       10, 223 Nov  6 18:28 [1;35muinput[0m
[STDERR  ] 2017-11-06T18:29:10.43861281Z: crw-rw----    1 root     root        1,   9 Nov  6 18:28 [1;35murandom[0m
[STDERR  ] 2017-11-06T18:29:10.438618393Z: crw-rw----    1 root     root        7,   0 Nov  6 18:28 [1;35mvcs[0m
[STDERR  ] 2017-11-06T18:29:10.438623843Z: crw-rw----    1 root     root        7,   1 Nov  6 18:28 [1;35mvcs1[0m
[STDERR  ] 2017-11-06T18:29:10.438629269Z: crw-rw----    1 root     root        7, 128 Nov  6 18:28 [1;35mvcsa[0m
[STDERR  ] 2017-11-06T18:29:10.438635155Z: crw-rw----    1 root     root        7, 129 Nov  6 18:28 [1;35mvcsa1[0m
[STDERR  ] 2017-11-06T18:29:10.438640801Z: crw-rw----    1 root     root        1,   5 Nov  6 18:28 [1;35mzero[0m
[STDERR  ] 2017-11-06T18:29:10.438646453Z: Found /dev/sda1 and /dev/sdb1 block devices
[STDERR  ] 2017-11-06T18:29:10.43865453Z: === /dev/sda1 ===
[STDERR  ] 2017-11-06T18:29:10.438660186Z: DEVNAME=/dev/sda1
[STDERR  ] 2017-11-06T18:29:10.438665546Z: UUID=5f8e0226-d42c-4441-b18b-b3460c817967
[STDERR  ] 2017-11-06T18:29:10.438670893Z: TYPE=ext4
[STDERR  ] 2017-11-06T18:29:10.438676387Z: PARTUUID=e2584891-01
[STDERR  ] 2017-11-06T18:29:10.438681729Z: === /dev/sdb1 ===
[STDERR  ] 2017-11-06T18:29:10.438687066Z: DEVNAME=/dev/sdb1
[STDERR  ] 2017-11-06T18:29:10.438694214Z: UUID=e5045189-cd00-4b19-ba25-3c8a224463f0
[STDERR  ] 2017-11-06T18:29:10.438699713Z: TYPE=xfs
[STDERR  ] 2017-11-06T18:29:10.438705096Z: PARTUUID=4bd71796-01
[STDERR  ] 2017-11-06T18:29:10.438710376Z: === /dev/sda1 test ===
[STDERR  ] 2017-11-06T18:29:10.438716119Z: === /dev/sdb1 test ===
[STDERR  ] 2017-11-06T18:29:10.438721633Z: format_force test suite PASSED
[STDERR  ] 2017-11-06T18:29:10.438726931Z: [   66.452523] sd 1:0:0:0: [sdb] Synchronizing SCSI cache
[STDERR  ] 2017-11-06T18:29:10.438732827Z: [   66.462171] sd 1:0:0:0: [sdb] Stopping disk
[STDERR  ] 2017-11-06T18:29:10.438738181Z: [   66.463217] sd 0:0:0:0: [sda] Synchronizing SCSI cache
[STDERR  ] 2017-11-06T18:29:10.438743671Z: [   66.463893] sd 0:0:0:0: [sda] Stopping disk
[STDERR  ] 2017-11-06T18:29:10.438748944Z: [   66.468235] ACPI: Preparing to enter system sleep state S5
[STDERR  ] 2017-11-06T18:29:10.438756176Z: [   66.471732] reboot: Power down
[STDERR  ] 2017-11-06T18:29:10.438761921Z: + echo [    0.000000] Linux version 4.9.51-linuxkit (root@3253c0754a54) (gcc version 6.3.0 (Alpine 6.3.0) ) #1 SMP Wed Sep 20 11:32:07 UTC 2017
[STDERR  ] 2017-11-06T18:29:10.438767729Z: [    0.000000] Command line: console=ttyS0
[STDERR  ] 2017-11-06T18:29:10.438772987Z: [    0.000000] x86/fpu: Legacy x87 FPU detected.
[STDERR  ] 2017-11-06T18:29:10.43877838Z: [    0.000000] x86/fpu: Using 'eager' FPU context switches.
[STDERR  ] 2017-11-06T18:29:10.438783766Z: [    0.000000] e820: BIOS-provided physical RAM map:
[STDERR  ] 2017-11-06T18:29:10.438789149Z: [    0.000000] BIOS-e820: [mem 0x0000000000000000-0x000000000009fbff] usable
[STDERR  ] 2017-11-06T18:29:10.438794553Z: [    0.000000] BIOS-e820: [mem 0x000000000009fc00-0x000000000009ffff] reserved
[STDERR  ] 2017-11-06T18:29:10.438800016Z: [    0.000000] BIOS-e820: [mem 0x00000000000f0000-0x00000000000fffff] reserved
[STDERR  ] 2017-11-06T18:29:10.43880546Z: [    0.000000] BIOS-e820: [mem 0x0000000000100000-0x000000003ffddfff] usable
[STDERR  ] 2017-11-06T18:29:10.438814471Z: [    0.000000] BIOS-e820: [mem 0x000000003ffde000-0x000000003fffffff] reserved
[STDERR  ] 2017-11-06T18:29:10.438820697Z: [    0.000000] BIOS-e820: [mem 0x00000000b0000000-0x00000000bfffffff] reserved
[STDERR  ] 2017-11-06T18:29:10.438826369Z: [    0.000000] BIOS-e820: [mem 0x00000000fed1c000-0x00000000fed1ffff] reserved
[STDERR  ] 2017-11-06T18:29:10.438831744Z: [    0.000000] BIOS-e820: [mem 0x00000000fffc0000-0x00000000ffffffff] reserved
[STDERR  ] 2017-11-06T18:29:10.438837037Z: [    0.000000] NX (Execute Disable) protection: active
[STDERR  ] 2017-11-06T18:29:10.438842541Z: [    0.000000] SMBIOS 2.8 present.
[STDERR  ] 2017-11-06T18:29:10.43885093Z: [    0.000000] e820: last_pfn = 0x3ffde max_arch_pfn = 0x400000000
[STDERR  ] 2017-11-06T18:29:10.438859408Z: [    0.000000] x86/PAT: Configuration [0-7]: WB  WC  UC- UC  WB  WC  UC- WT  
[STDERR  ] 2017-11-06T18:29:10.438864971Z: [    0.000000] found SMP MP-table at [mem 0x000f6aa0-0x000f6aaf] mapped at [ffff8cb6800f6aa0]
[STDERR  ] 2017-11-06T18:29:10.438870502Z: [    0.000000] RAMDISK: [mem 0x3d0b9000-0x3ffcffff]
[STDERR  ] 2017-11-06T18:29:10.438876375Z: [    0.000000] ACPI: Early table checksum verification disabled
[STDERR  ] 2017-11-06T18:29:10.438882307Z: [    0.000000] ACPI: RSDP 0x00000000000F68C0 000014 (v00 BOCHS )
[STDERR  ] 2017-11-06T18:29:10.438887905Z: [    0.000000] ACPI: RSDT 0x000000003FFE2404 000034 (v01 BOCHS  BXPCRSDT 00000001 BXPC 00000001)
[STDERR  ] 2017-11-06T18:29:10.438893342Z: [    0.000000] ACPI: FACP 0x000000003FFE22A4 000074 (v01 BOCHS  BXPCFACP 00000001 BXPC 00000001)
[STDERR  ] 2017-11-06T18:29:10.438898768Z: [    0.000000] ACPI: DSDT 0x000000003FFE0040 002264 (v01 BOCHS  BXPCDSDT 00000001 BXPC 00000001)
[STDERR  ] 2017-11-06T18:29:10.438904147Z: [    0.000000] ACPI: FACS 0x000000003FFE0000 000040
[STDERR  ] 2017-11-06T18:29:10.438909585Z: [    0.000000] ACPI: APIC 0x000000003FFE2318 000078 (v01 BOCHS  BXPCAPIC 00000001 BXPC 00000001)
[STDERR  ] 2017-11-06T18:29:10.438914884Z: [    0.000000] ACPI: HPET 0x000000003FFE2390 000038 (v01 BOCHS  BXPCHPET 00000001 BXPC 00000001)
[STDERR  ] 2017-11-06T18:29:10.438920322Z: [    0.000000] ACPI: MCFG 0x000000003FFE23C8 00003C (v01 BOCHS  BXPCMCFG 00000001 BXPC 00000001)
[STDERR  ] 2017-11-06T18:29:10.438925707Z: [    0.000000] Zone ranges:
[STDERR  ] 2017-11-06T18:29:10.438931564Z: [    0.000000]   DMA      [mem 0x0000000000001000-0x0000000000ffffff]
[STDERR  ] 2017-11-06T18:29:10.438937024Z: [    0.000000]   DMA32    [mem 0x0000000001000000-0x000000003ffddfff]
[STDERR  ] 2017-11-06T18:29:10.43894273Z: [    0.000000]   Normal   empty
[STDERR  ] 2017-11-06T18:29:10.438948144Z: [    0.000000] Movable zone start for each node
[STDERR  ] 2017-11-06T18:29:10.438953685Z: [    0.000000] Early memory node ranges
[STDERR  ] 2017-11-06T18:29:10.438958997Z: [    0.000000]   node   0: [mem 0x0000000000001000-0x000000000009efff]
[STDERR  ] 2017-11-06T18:29:10.438964607Z: [    0.000000]   node   0: [mem 0x0000000000100000-0x000000003ffddfff]
[STDERR  ] 2017-11-06T18:29:10.438970372Z: [    0.000000] Initmem setup node 0 [mem 0x0000000000001000-0x000000003ffddfff]
[STDERR  ] 2017-11-06T18:29:10.438975758Z: [    0.000000] ACPI: PM-Timer IO Port: 0x608
[STDERR  ] 2017-11-06T18:29:10.43898126Z: [    0.000000] ACPI: LAPIC_NMI (acpi_id[0xff] dfl dfl lint[0x1])
[STDERR  ] 2017-11-06T18:29:10.438986708Z: [    0.000000] IOAPIC[0]: apic_id 0, version 32, address 0xfec00000, GSI 0-23
[STDERR  ] 2017-11-06T18:29:10.438992091Z: [    0.000000] ACPI: INT_SRC_OVR (bus 0 bus_irq 0 global_irq 2 dfl dfl)
[STDERR  ] 2017-11-06T18:29:10.438997402Z: [    0.000000] ACPI: INT_SRC_OVR (bus 0 bus_irq 5 global_irq 5 high level)
[STDERR  ] 2017-11-06T18:29:10.439002647Z: [    0.000000] ACPI: INT_SRC_OVR (bus 0 bus_irq 9 global_irq 9 high level)
[STDERR  ] 2017-11-06T18:29:10.439007951Z: [    0.000000] ACPI: INT_SRC_OVR (bus 0 bus_irq 10 global_irq 10 high level)
[STDERR  ] 2017-11-06T18:29:10.439016021Z: [    0.000000] ACPI: INT_SRC_OVR (bus 0 bus_irq 11 global_irq 11 high level)
[STDERR  ] 2017-11-06T18:29:10.439025982Z: [    0.000000] Using ACPI (MADT) for SMP configuration information
[STDERR  ] 2017-11-06T18:29:10.439031958Z: [    0.000000] ACPI: HPET id: 0x8086a201 base: 0xfed00000
[STDERR  ] 2017-11-06T18:29:10.439037707Z: [    0.000000] smpboot: Allowing 1 CPUs, 0 hotplug CPUs
[STDERR  ] 2017-11-06T18:29:10.439043098Z: [    0.000000] e820: [mem 0x40000000-0xafffffff] available for PCI devices
[STDERR  ] 2017-11-06T18:29:10.439048978Z: [    0.000000] Booting paravirtualized kernel on bare hardware
[STDERR  ] 2017-11-06T18:29:10.439057274Z: [    0.000000] clocksource: refined-jiffies: mask: 0xffffffff max_cycles: 0xffffffff, max_idle_ns: 19112604462750000 ns
[STDERR  ] 2017-11-06T18:29:10.439066065Z: [    0.000000] setup_percpu: NR_CPUS:128 nr_cpumask_bits:128 nr_cpu_ids:1 nr_node_ids:1
[STDERR  ] 2017-11-06T18:29:10.439081063Z: [    0.000000] percpu: Embedded 35 pages/cpu @ffff8cb6bce00000 s105240 r8192 d29928 u2097152
[STDERR  ] 2017-11-06T18:29:10.439087038Z: [    0.000000] Built 1 zonelists in Zone order, mobility grouping on.  Total pages: 257895
[STDERR  ] 2017-11-06T18:29:10.439092539Z: [    0.000000] Kernel command line: console=ttyS0
[STDERR  ] 2017-11-06T18:29:10.439100208Z: [    0.000000] PID hash table entries: 4096 (order: 3, 32768 bytes)
[STDERR  ] 2017-11-06T18:29:10.439105922Z: [    0.000000] Dentry cache hash table entries: 131072 (order: 8, 1048576 bytes)
[STDERR  ] 2017-11-06T18:29:10.439111933Z: [    0.000000] Inode-cache hash table entries: 65536 (order: 7, 524288 bytes)
[STDERR  ] 2017-11-06T18:29:10.439117538Z: [    0.000000] Memory: 965948K/1048048K available (8036K kernel code, 1367K rwdata, 2696K rodata, 1380K init, 568K bss, 82100K reserved, 0K cma-reserved)
[STDERR  ] 2017-11-06T18:29:10.439123315Z: [    0.000000] Hierarchical RCU implementation.
[STDERR  ] 2017-11-06T18:29:10.439133098Z: [    0.000000] 	Build-time adjustment of leaf fanout to 64.
[STDERR  ] 2017-11-06T18:29:10.439138763Z: [    0.000000] 	RCU restricting CPUs from NR_CPUS=128 to nr_cpu_ids=1.
[STDERR  ] 2017-11-06T18:29:10.439144225Z: [    0.000000] RCU: Adjusting geometry for rcu_fanout_leaf=64, nr_cpu_ids=1
[STDERR  ] 2017-11-06T18:29:10.439149583Z: [    0.000000] NR_IRQS:8448 nr_irqs:256 16
[STDERR  ] 2017-11-06T18:29:10.439154996Z: [    0.000000] Console: colour VGA+ 80x25
[STDERR  ] 2017-11-06T18:29:10.439160383Z: [    0.000000] console [ttyS0] enabled
[STDERR  ] 2017-11-06T18:29:10.439166143Z: [    0.000000] clocksource: hpet: mask: 0xffffffff max_cycles: 0xffffffff, max_idle_ns: 19112604467 ns
[STDERR  ] 2017-11-06T18:29:10.439171808Z: [    0.000000] tsc: Fast TSC calibration using PIT
[STDERR  ] 2017-11-06T18:29:10.439178939Z: [    0.000000] tsc: Detected 2600.004 MHz processor
[STDERR  ] 2017-11-06T18:29:10.439184649Z: [    0.022360] Calibrating delay loop (skipped), value calculated using timer frequency.. 5200.00 BogoMIPS (lpj=26000040)
[STDERR  ] 2017-11-06T18:29:10.439190245Z: [    0.023604] pid_max: default: 32768 minimum: 301
[STDERR  ] 2017-11-06T18:29:10.439199602Z: [    0.024723] ACPI: Core revision 20160831
[STDERR  ] 2017-11-06T18:29:10.439205303Z: [    0.066823] ACPI: 1 ACPI AML tables successfully acquired and loaded
[STDERR  ] 2017-11-06T18:29:10.439211291Z: [    0.071965] Security Framework initialized
[STDERR  ] 2017-11-06T18:29:10.439216715Z: [    0.072380] Yama: becoming mindful.
[STDERR  ] 2017-11-06T18:29:10.439222226Z: [    0.074942] Mount-cache hash table entries: 2048 (order: 2, 16384 bytes)
[STDERR  ] 2017-11-06T18:29:10.439227863Z: [    0.075568] Mountpoint-cache hash table entries: 2048 (order: 2, 16384 bytes)
[STDERR  ] 2017-11-06T18:29:10.439233416Z: [    0.094219] Last level iTLB entries: 4KB 0, 2MB 0, 4MB 0
[STDERR  ] 2017-11-06T18:29:10.439239536Z: [    0.094712] Last level dTLB entries: 4KB 0, 2MB 0, 4MB 0, 1GB 0
[STDERR  ] 2017-11-06T18:29:10.439245205Z: [    0.388225] Freeing SMP alternatives memory: 20K
[STDERR  ] 2017-11-06T18:29:10.439250631Z: [    0.398259] ftrace: allocating 35528 entries in 139 pages
[STDERR  ] 2017-11-06T18:29:10.439259662Z: [    0.562182] smpboot: Max logical packages: 1
[STDERR  ] 2017-11-06T18:29:10.439265162Z: [    0.569174] ..TIMER: vector=0x30 apic1=0 pin1=2 apic2=-1 pin2=-1
[STDERR  ] 2017-11-06T18:29:10.439270628Z: [    0.670000] smpboot: CPU0: AMD QEMU Virtual CPU version 2.5+ (family: 0x6, model: 0x6, stepping: 0x3)
[STDERR  ] 2017-11-06T18:29:10.439276256Z: [    0.670000] Performance Events: PMU not available due to virtualization, using software events only.
[STDERR  ] 2017-11-06T18:29:10.439281879Z: [    0.679700] NMI watchdog: disabled (cpu0): hardware events not enabled
[STDERR  ] 2017-11-06T18:29:10.439287314Z: [    0.680099] NMI watchdog: Shutting down hard lockup detector on all cpus
[STDERR  ] 2017-11-06T18:29:10.439292769Z: [    0.683954] x86: Booted up 1 node, 1 CPUs
[STDERR  ] 2017-11-06T18:29:10.439301487Z: [    0.684340] smpboot: Total of 1 processors activated (5200.00 BogoMIPS)
[STDERR  ] 2017-11-06T18:29:10.439307282Z: [    0.698557] devtmpfs: initialized
[STDERR  ] 2017-11-06T18:29:10.439313094Z: [    0.703586] x86/mm: Memory block size: 128MB
[STDERR  ] 2017-11-06T18:29:10.43931867Z: [    0.764366] clocksource: jiffies: mask: 0xffffffff max_cycles: 0xffffffff, max_idle_ns: 19112604462750000 ns
[STDERR  ] 2017-11-06T18:29:10.439324097Z: [    0.765377] futex hash table entries: 256 (order: 2, 16384 bytes)
[STDERR  ] 2017-11-06T18:29:10.439329843Z: [    0.775506] NET: Registered protocol family 16
[STDERR  ] 2017-11-06T18:29:10.439335184Z: [    0.784748] cpuidle: using governor ladder
[STDERR  ] 2017-11-06T18:29:10.439340779Z: [    0.785256] cpuidle: using governor menu
[STDERR  ] 2017-11-06T18:29:10.439346132Z: [    0.786446] ACPI: bus type PCI registered
[STDERR  ] 2017-11-06T18:29:10.439351574Z: [    0.790873] PCI: MMCONFIG for domain 0000 [bus 00-ff] at [mem 0xb0000000-0xbfffffff] (base 0xb0000000)
[STDERR  ] 2017-11-06T18:29:10.439357102Z: [    0.791401] PCI: MMCONFIG at [mem 0xb0000000-0xbfffffff] reserved in E820
[STDERR  ] 2017-11-06T18:29:10.439363402Z: [    0.792556] PCI: Using configuration type 1 for base access
[STDERR  ] 2017-11-06T18:29:10.43936901Z: [    0.848442] HugeTLB registered 2 MB page size, pre-allocated 0 pages
[STDERR  ] 2017-11-06T18:29:10.439374594Z: [    0.860640] ACPI: Added _OSI(Module Device)
[STDERR  ] 2017-11-06T18:29:10.43938001Z: [    0.860988] ACPI: Added _OSI(Processor Device)
[STDERR  ] 2017-11-06T18:29:10.439385419Z: [    0.861303] ACPI: Added _OSI(3.0 _SCP Extensions)
[STDERR  ] 2017-11-06T18:29:10.439390837Z: [    0.861582] ACPI: Added _OSI(Processor Aggregator Device)
[STDERR  ] 2017-11-06T18:29:10.439396184Z: [    0.932116] ACPI: Interpreter enabled
[STDERR  ] 2017-11-06T18:29:10.439401454Z: [    0.933138] ACPI: (supports S0 S5)
[STDERR  ] 2017-11-06T18:29:10.439406713Z: [    0.933483] ACPI: Using IOAPIC for interrupt routing
[STDERR  ] 2017-11-06T18:29:10.439412447Z: [    0.936197] PCI: Using host bridge windows from ACPI; if necessary, use "pci=nocrs" and report a bug
[STDERR  ] 2017-11-06T18:29:10.439418096Z: [    0.999720] ACPI: PCI Root Bridge [PCI0] (domain 0000 [bus 00-ff])
[STDERR  ] 2017-11-06T18:29:10.439423397Z: [    1.000845] acpi PNP0A08:00: _OSC: OS supports [ExtendedConfig ASPM ClockPM Segments MSI]
[STDERR  ] 2017-11-06T18:29:10.439428966Z: [    1.007313] acpi PNP0A08:00: _OSC: OS now controls [PCIeHotplug PME PCIeCapability]
[STDERR  ] 2017-11-06T18:29:10.439434424Z: [    1.011767] PCI host bridge to bus 0000:00
[STDERR  ] 2017-11-06T18:29:10.4394399Z: [    1.012330] pci_bus 0000:00: root bus resource [io  0x0000-0x0cf7 window]
[STDERR  ] 2017-11-06T18:29:10.439445516Z: [    1.012835] pci_bus 0000:00: root bus resource [io  0x0d00-0xffff window]
[STDERR  ] 2017-11-06T18:29:10.439452839Z: [    1.013314] pci_bus 0000:00: root bus resource [mem 0x000a0000-0x000bffff window]
[STDERR  ] 2017-11-06T18:29:10.439460493Z: [    1.013781] pci_bus 0000:00: root bus resource [mem 0xc0000000-0xfebfffff window]
[STDERR  ] 2017-11-06T18:29:10.439466166Z: [    1.014447] pci_bus 0000:00: root bus resource [bus 00-ff]
[STDERR  ] 2017-11-06T18:29:10.439471884Z: [    1.120167] pci 0000:00:1f.0: quirk: [io  0x0600-0x067f] claimed by ICH6 ACPI/GPIO/TCO
[STDERR  ] 2017-11-06T18:29:10.439480219Z: [    1.180189] ACPI: PCI Interrupt Link [LNKA] (IRQs 5 *10 11)
[STDERR  ] 2017-11-06T18:29:10.439485993Z: [    1.183202] ACPI: PCI Interrupt Link [LNKB] (IRQs 5 *10 11)
[STDERR  ] 2017-11-06T18:29:10.439491923Z: [    1.185496] ACPI: PCI Interrupt Link [LNKC] (IRQs 5 10 *11)
[STDERR  ] 2017-11-06T18:29:10.43949731Z: [    1.187378] ACPI: PCI Interrupt Link [LNKD] (IRQs 5 10 *11)
[STDERR  ] 2017-11-06T18:29:10.439502684Z: [    1.189241] ACPI: PCI Interrupt Link [LNKE] (IRQs 5 *10 11)
[STDERR  ] 2017-11-06T18:29:10.439508178Z: [    1.191732] ACPI: PCI Interrupt Link [LNKF] (IRQs 5 *10 11)
[STDERR  ] 2017-11-06T18:29:10.439516491Z: [    1.193548] ACPI: PCI Interrupt Link [LNKG] (IRQs 5 10 *11)
[STDERR  ] 2017-11-06T18:29:10.439521964Z: [    1.195438] ACPI: PCI Interrupt Link [LNKH] (IRQs 5 10 *11)
[STDERR  ] 2017-11-06T18:29:10.439529638Z: [    1.196467] ACPI: PCI Interrupt Link [GSIA] (IRQs *16)
[STDERR  ] 2017-11-06T18:29:10.439535098Z: [    1.197211] ACPI: PCI Interrupt Link [GSIB] (IRQs *17)
[STDERR  ] 2017-11-06T18:29:10.439540655Z: [    1.198014] ACPI: PCI Interrupt Link [GSIC] (IRQs *18)
[STDERR  ] 2017-11-06T18:29:10.439545984Z: [    1.198805] ACPI: PCI Interrupt Link [GSID] (IRQs *19)
[STDERR  ] 2017-11-06T18:29:10.439551475Z: [    1.199592] ACPI: PCI Interrupt Link [GSIE] (IRQs *20)
[STDERR  ] 2017-11-06T18:29:10.439556933Z: [    1.200571] ACPI: PCI Interrupt Link [GSIF] (IRQs *21)
[STDERR  ] 2017-11-06T18:29:10.439562455Z: [    1.201361] ACPI: PCI Interrupt Link [GSIG] (IRQs *22)
[STDERR  ] 2017-11-06T18:29:10.439567713Z: [    1.202155] ACPI: PCI Interrupt Link [GSIH] (IRQs *23)
[STDERR  ] 2017-11-06T18:29:10.439573303Z: [    1.205914] ACPI: Enabled 2 GPEs in block 00 to 3F
[STDERR  ] 2017-11-06T18:29:10.439578808Z: [    1.210561] SCSI subsystem initialized
[STDERR  ] 2017-11-06T18:29:10.439586001Z: [    1.212520] ACPI: bus type USB registered
[STDERR  ] 2017-11-06T18:29:10.439591493Z: [    1.213731] usbcore: registered new interface driver usbfs
[STDERR  ] 2017-11-06T18:29:10.439596978Z: [    1.214723] usbcore: registered new interface driver hub
[STDERR  ] 2017-11-06T18:29:10.439602397Z: [    1.215620] usbcore: registered new device driver usb
[STDERR  ] 2017-11-06T18:29:10.439607991Z: [    1.216801] pps_core: LinuxPPS API ver. 1 registered
[STDERR  ] 2017-11-06T18:29:10.439615304Z: [    1.217127] pps_core: Software ver. 5.3.6 - Copyright 2005-2007 Rodolfo Giometti <giometti@linux.it>
[STDERR  ] 2017-11-06T18:29:10.439620881Z: [    1.217881] PTP clock support registered
[STDERR  ] 2017-11-06T18:29:10.439626274Z: [    1.219136] wmi: Mapper loaded
[STDERR  ] 2017-11-06T18:29:10.439631854Z: [    1.220400] PCI: Using ACPI for IRQ routing
[STDERR  ] 2017-11-06T18:29:10.439637098Z: [    1.239510] NetLabel: Initializing
[STDERR  ] 2017-11-06T18:29:10.439642403Z: [    1.239811] NetLabel:  domain hash size = 128
[STDERR  ] 2017-11-06T18:29:10.439647875Z: [    1.240084] NetLabel:  protocols = UNLABELED CIPSOv4
[STDERR  ] 2017-11-06T18:29:10.439653354Z: [    1.242912] NetLabel:  unlabeled traffic allowed by default
[STDERR  ] 2017-11-06T18:29:10.439658718Z: [    1.243986] HPET: 3 timers in total, 0 timers will be used for per-cpu timer
[STDERR  ] 2017-11-06T18:29:10.439664687Z: [    1.244752] hpet0: at MMIO 0xfed00000, IRQs 2, 8, 0
[STDERR  ] 2017-11-06T18:29:10.439669975Z: [    1.245347] hpet0: 3 comparators, 64-bit 100.000000 MHz counter
[STDERR  ] 2017-11-06T18:29:10.439675501Z: [    1.251577] clocksource: Switched to clocksource hpet
[STDERR  ] 2017-11-06T18:29:10.439683614Z: [    1.527466] VFS: Disk quotas dquot_6.6.0
[STDERR  ] 2017-11-06T18:29:10.439689048Z: [    1.528401] VFS: Dquot-cache hash table entries: 512 (order 0, 4096 bytes)
[STDERR  ] 2017-11-06T18:29:10.439695031Z: [    1.532392] FS-Cache: Loaded
[STDERR  ] 2017-11-06T18:29:10.439700451Z: [    1.537224] CacheFiles: Loaded
[STDERR  ] 2017-11-06T18:29:10.439705958Z: [    1.538898] pnp: PnP ACPI init
[STDERR  ] 2017-11-06T18:29:10.439714635Z: [    1.550442] pnp: PnP ACPI: found 5 devices
[STDERR  ] 2017-11-06T18:29:10.439720029Z: [    1.599262] clocksource: acpi_pm: mask: 0xffffff max_cycles: 0xffffff, max_idle_ns: 2085701024 ns
[STDERR  ] 2017-11-06T18:29:10.439725646Z: [    1.603798] NET: Registered protocol family 2
[STDERR  ] 2017-11-06T18:29:10.439731152Z: [    1.611808] TCP established hash table entries: 8192 (order: 4, 65536 bytes)
[STDERR  ] 2017-11-06T18:29:10.439736939Z: [    1.612673] TCP bind hash table entries: 8192 (order: 5, 131072 bytes)
[STDERR  ] 2017-11-06T18:29:10.439742795Z: [    1.613463] TCP: Hash tables configured (established 8192 bind 8192)
[STDERR  ] 2017-11-06T18:29:10.439748358Z: [    1.615408] UDP hash table entries: 512 (order: 2, 16384 bytes)
[STDERR  ] 2017-11-06T18:29:10.439756752Z: [    1.616028] UDP-Lite hash table entries: 512 (order: 2, 16384 bytes)
[STDERR  ] 2017-11-06T18:29:10.439762332Z: [    1.618387] NET: Registered protocol family 1
[STDERR  ] 2017-11-06T18:29:10.439767826Z: [    1.619413] pci 0000:00:01.0: Video device with shadowed ROM at [mem 0x000c0000-0x000dffff]
[STDERR  ] 2017-11-06T18:29:10.439773332Z: [    1.626323] Unpacking initramfs...
[STDERR  ] 2017-11-06T18:29:10.439778718Z: [   11.659109] Freeing initrd memory: 48220K
[STDERR  ] 2017-11-06T18:29:10.439784165Z: [   11.684878] PCLMULQDQ-NI instructions are not detected.
[STDERR  ] 2017-11-06T18:29:10.439789631Z: [   11.686545] AVX or AES-NI instructions are not detected.
[STDERR  ] 2017-11-06T18:29:10.439795151Z: [   11.687035] CPU feature 'AVX registers' is not supported.
[STDERR  ] 2017-11-06T18:29:10.439800534Z: [   11.687424] CPU feature 'AVX registers' is not supported.
[STDERR  ] 2017-11-06T18:29:10.439806069Z: [   11.687843] CPU feature 'AVX registers' is not supported.
[STDERR  ] 2017-11-06T18:29:10.439811388Z: [   11.688262] CPU feature 'AVX registers' is not supported.
[STDERR  ] 2017-11-06T18:29:10.439816809Z: [   11.688610] AVX2 or AES-NI instructions are not detected.
[STDERR  ] 2017-11-06T18:29:10.439822231Z: [   11.689033] AVX2 instructions are not detected.
[STDERR  ] 2017-11-06T18:29:10.439827968Z: [   11.695102] audit: initializing netlink subsys (disabled)
[STDERR  ] 2017-11-06T18:29:10.439835072Z: [   11.696778] audit: type=2000 audit(1509992893.690:1): initialized
[STDERR  ] 2017-11-06T18:29:10.439842346Z: [   11.705252] workingset: timestamp_bits=46 max_order=18 bucket_order=0
[STDERR  ] 2017-11-06T18:29:10.439847959Z: [   11.714557] FS-Cache: Netfs 'cifs' registered for caching
[STDERR  ] 2017-11-06T18:29:10.439853428Z: [   11.715662] fuse init (API version 7.26)
[STDERR  ] 2017-11-06T18:29:10.439858899Z: [   11.718064] SGI XFS with ACLs, security attributes, no debug enabled
[STDERR  ] 2017-11-06T18:29:10.439864428Z: [   11.722561] 9p: Installing v9fs 9p2000 file system support
[STDERR  ] 2017-11-06T18:29:10.439869732Z: [   11.723090] FS-Cache: Netfs '9p' registered for caching
[STDERR  ] 2017-11-06T18:29:10.439875124Z: [   11.757094] NET: Registered protocol family 38
[STDERR  ] 2017-11-06T18:29:10.439880581Z: [   11.757746] Key type asymmetric registered
[STDERR  ] 2017-11-06T18:29:10.439885968Z: [   11.758145] Asymmetric key parser 'x509' registered
[STDERR  ] 2017-11-06T18:29:10.439891301Z: [   11.759256] Block layer SCSI generic (bsg) driver version 0.4 loaded (major 251)
[STDERR  ] 2017-11-06T18:29:10.439897524Z: [   11.762081] io scheduler noop registered
[STDERR  ] 2017-11-06T18:29:10.439902965Z: [   11.762451] io scheduler deadline registered (default)
[STDERR  ] 2017-11-06T18:29:10.439908494Z: [   11.763456] io scheduler cfq registered
[STDERR  ] 2017-11-06T18:29:10.439913884Z: [   11.766108] pci_hotplug: PCI Hot Plug PCI Core version: 0.5
[STDERR  ] 2017-11-06T18:29:10.439919462Z: [   11.766737] pciehp: PCI Express Hot Plug Controller Driver version: 0.4
[STDERR  ] 2017-11-06T18:29:10.439924896Z: [   11.767556] shpchp: Standard Hot Plug PCI Controller Driver version: 0.4
[STDERR  ] 2017-11-06T18:29:10.439930272Z: [   11.768477] hv_vmbus: registering driver hyperv_fb
[STDERR  ] 2017-11-06T18:29:10.439938559Z: [   11.773434] input: Power Button as /devices/LNXSYSTM:00/LNXPWRBN:00/input/input0
[STDERR  ] 2017-11-06T18:29:10.439944292Z: [   11.774541] ACPI: Power Button [PWRF]
[STDERR  ] 2017-11-06T18:29:10.439949659Z: [   11.779238] GHES: HEST is not enabled!
[STDERR  ] 2017-11-06T18:29:10.439955485Z: [   11.789886] ACPI: PCI Interrupt Link [GSIG] enabled at IRQ 22
[STDERR  ] 2017-11-06T18:29:10.439963745Z: [   11.803777] ACPI: PCI Interrupt Link [GSIH] enabled at IRQ 23
[STDERR  ] 2017-11-06T18:29:10.439969756Z: [   11.809473] xenfs: not registering filesystem on non-xen platform
[STDERR  ] 2017-11-06T18:29:10.43997914Z: [   11.812176] Serial: 8250/16550 driver, 4 ports, IRQ sharing disabled
[STDERR  ] 2017-11-06T18:29:10.439988476Z: [   11.837320] 00:04: ttyS0 at I/O 0x3f8 (irq = 4, base_baud = 115200) is a 16550A
[STDERR  ] 2017-11-06T18:29:10.440003585Z: [   11.849641] Non-volatile memory driver v1.3
[STDERR  ] 2017-11-06T18:29:10.440013009Z: [   11.856039] Hangcheck: starting hangcheck timer 0.9.1 (tick is 180 seconds, margin is 60 seconds).
[STDERR  ] 2017-11-06T18:29:10.440022137Z: [   11.893797] loop: module loaded
[STDERR  ] 2017-11-06T18:29:10.440028086Z: [   11.910811] nbd: registered device at major 43
[STDERR  ] 2017-11-06T18:29:10.440035653Z: [   11.953644] lpc_ich 0000:00:1f.0: I/O space for GPIO uninitialized
[STDERR  ] 2017-11-06T18:29:10.440041547Z: [   11.956083] VMware PVSCSI driver - version 1.0.7.0-k
[STDERR  ] 2017-11-06T18:29:10.440046945Z: [   11.957009] hv_vmbus: registering driver hv_storvsc
[STDERR  ] 2017-11-06T18:29:10.440052392Z: [   11.967563] ACPI: PCI Interrupt Link [GSIA] enabled at IRQ 16
[STDERR  ] 2017-11-06T18:29:10.440057652Z: [   11.973877] ahci 0000:00:1f.2: AHCI 0001.0000 32 slots 6 ports 1.5 Gbps 0x3f impl SATA mode
[STDERR  ] 2017-11-06T18:29:10.440063309Z: [   11.974576] ahci 0000:00:1f.2: flags: 64bit ncq only 
[STDERR  ] 2017-11-06T18:29:10.440068576Z: [   11.995263] scsi host0: ahci
[STDERR  ] 2017-11-06T18:29:10.440079659Z: [   12.000585] scsi host1: ahci
[STDERR  ] 2017-11-06T18:29:10.440085326Z: [   12.003021] scsi host2: ahci
[STDERR  ] 2017-11-06T18:29:10.440090836Z: [   12.005306] scsi host3: ahci
[STDERR  ] 2017-11-06T18:29:10.440096199Z: [   12.008839] scsi host4: ahci
[STDERR  ] 2017-11-06T18:29:10.440101473Z: [   12.011750] scsi host5: ahci
[STDERR  ] 2017-11-06T18:29:10.440106866Z: [   12.013641] ata1: SATA max UDMA/133 abar m4096@0xfebd2000 port 0xfebd2100 irq 24
[STDERR  ] 2017-11-06T18:29:10.44011263Z: [   12.014228] ata2: SATA max UDMA/133 abar m4096@0xfebd2000 port 0xfebd2180 irq 24
[STDERR  ] 2017-11-06T18:29:10.440118462Z: [   12.014715] ata3: SATA max UDMA/133 abar m4096@0xfebd2000 port 0xfebd2200 irq 24
[STDERR  ] 2017-11-06T18:29:10.440123776Z: [   12.015178] ata4: SATA max UDMA/133 abar m4096@0xfebd2000 port 0xfebd2280 irq 24
[STDERR  ] 2017-11-06T18:29:10.440129016Z: [   12.015632] ata5: SATA max UDMA/133 abar m4096@0xfebd2000 port 0xfebd2300 irq 24
[STDERR  ] 2017-11-06T18:29:10.440134397Z: [   12.016087] ata6: SATA max UDMA/133 abar m4096@0xfebd2000 port 0xfebd2380 irq 24
[STDERR  ] 2017-11-06T18:29:10.440139836Z: [   12.029237] tun: Universal TUN/TAP device driver, 1.6
[STDERR  ] 2017-11-06T18:29:10.440145203Z: [   12.029675] tun: (C) 1999-2004 Max Krasnyansky <maxk@qualcomm.com>
[STDERR  ] 2017-11-06T18:29:10.440150581Z: [   12.041060] VMware vmxnet3 virtual NIC driver - version 1.4.a.0-k-NAPI
[STDERR  ] 2017-11-06T18:29:10.44015594Z: [   12.042181] hv_vmbus: registering driver hv_netvsc
[STDERR  ] 2017-11-06T18:29:10.44016137Z: [   12.042540] Fusion MPT base driver 3.04.20
[STDERR  ] 2017-11-06T18:29:10.440166813Z: [   12.042810] Copyright (c) 1999-2008 LSI Corporation
[STDERR  ] 2017-11-06T18:29:10.4401723Z: [   12.043475] Fusion MPT SPI Host driver 3.04.20
[STDERR  ] 2017-11-06T18:29:10.440177637Z: [   12.046232] i8042: PNP: PS/2 Controller [PNP0303:KBD,PNP0f13:MOU] at 0x60,0x64 irq 1,12
[STDERR  ] 2017-11-06T18:29:10.44018315Z: [   12.050750] serio: i8042 KBD port at 0x60,0x64 irq 1
[STDERR  ] 2017-11-06T18:29:10.4401885Z: [   12.051420] serio: i8042 AUX port at 0x60,0x64 irq 12
[STDERR  ] 2017-11-06T18:29:10.440197501Z: [   12.054458] hv_vmbus: registering driver hyperv_keyboard
[STDERR  ] 2017-11-06T18:29:10.440203058Z: [   12.056748] mousedev: PS/2 mouse device common for all mice
[STDERR  ] 2017-11-06T18:29:10.440208298Z: [   12.061925] input: AT Translated Set 2 keyboard as /devices/platform/i8042/serio0/input/input1
[STDERR  ] 2017-11-06T18:29:10.440213658Z: [   12.064742] input: PC Speaker as /devices/platform/pcspkr/input/input2
[STDERR  ] 2017-11-06T18:29:10.440219887Z: [   12.068276] rtc_cmos 00:00: RTC can wake from S4
[STDERR  ] 2017-11-06T18:29:10.44022522Z: [   12.071911] rtc_cmos 00:00: rtc core: registered rtc_cmos as rtc0
[STDERR  ] 2017-11-06T18:29:10.44023637Z: [   12.073196] rtc_cmos 00:00: alarms up to one day, y3k, 114 bytes nvram, hpet irqs
[STDERR  ] 2017-11-06T18:29:10.44024299Z: [   12.073928] i2c /dev entries driver
[STDERR  ] 2017-11-06T18:29:10.440250403Z: [   12.075844] device-mapper: ioctl: 4.35.0-ioctl (2016-06-23) initialised: dm-devel@redhat.com
[STDERR  ] 2017-11-06T18:29:10.440256146Z: [   12.080783] usbcore: registered new interface driver usbhid
[STDERR  ] 2017-11-06T18:29:10.44026151Z: [   12.081184] usbhid: USB HID core driver
[STDERR  ] 2017-11-06T18:29:10.440266917Z: [   12.081848] hv_utils: Registering HyperV Utility Driver
[STDERR  ] 2017-11-06T18:29:10.440272416Z: [   12.082183] hv_vmbus: registering driver hv_util
[STDERR  ] 2017-11-06T18:29:10.440277756Z: [   12.082506] hv_vmbus: registering driver hv_balloon
[STDERR  ] 2017-11-06T18:29:10.440283008Z: [   12.083071] oprofile: using NMI interrupt.
[STDERR  ] 2017-11-06T18:29:10.440288314Z: [   12.084231] GACT probability on
[STDERR  ] 2017-11-06T18:29:10.440293638Z: [   12.084726] Mirror/redirect action on
[STDERR  ] 2017-11-06T18:29:10.44029885Z: [   12.085639] Simple TC action Loaded
[STDERR  ] 2017-11-06T18:29:10.44030411Z: [   12.086219] u32 classifier
[STDERR  ] 2017-11-06T18:29:10.440309631Z: [   12.086404]     Performance counters on
[STDERR  ] 2017-11-06T18:29:10.440315087Z: [   12.086641]     input device check on
[STDERR  ] 2017-11-06T18:29:10.440320841Z: [   12.086887]     Actions configured
[STDERR  ] 2017-11-06T18:29:10.440326437Z: [   12.087496] Netfilter messages via NETLINK v0.30.
[STDERR  ] 2017-11-06T18:29:10.440331703Z: [   12.088103] nfnl_acct: registering with nfnetlink.
[STDERR  ] 2017-11-06T18:29:10.440337007Z: [   12.089648] nf_conntrack version 0.5.0 (8192 buckets, 32768 max)
[STDERR  ] 2017-11-06T18:29:10.440343864Z: [   12.094559] ctnetlink v0.93: registering with nfnetlink.
[STDERR  ] 2017-11-06T18:29:10.440349097Z: [   12.099223] nf_tables: (c) 2007-2009 Patrick McHardy <kaber@trash.net>
[STDERR  ] 2017-11-06T18:29:10.44035481Z: [   12.100451] nf_tables_compat: (c) 2012 Pablo Neira Ayuso <pablo@netfilter.org>
[STDERR  ] 2017-11-06T18:29:10.440362564Z: [   12.102885] xt_time: kernel timezone is -0000
[STDERR  ] 2017-11-06T18:29:10.440367935Z: [   12.103482] ip_set: protocol 6
[STDERR  ] 2017-11-06T18:29:10.440375111Z: [   12.104232] IPVS: Registered protocols (TCP, UDP, SCTP, AH, ESP)
[STDERR  ] 2017-11-06T18:29:10.440380511Z: [   12.104878] IPVS: Connection hash table configured (size=4096, memory=64Kbytes)
[STDERR  ] 2017-11-06T18:29:10.440385831Z: [   12.106602] IPVS: Creating netns size=2104 id=0
[STDERR  ] 2017-11-06T18:29:10.440391078Z: [   12.109303] IPVS: ipvs loaded.
[STDERR  ] 2017-11-06T18:29:10.440396388Z: [   12.109711] IPVS: [rr] scheduler registered.
[STDERR  ] 2017-11-06T18:29:10.440401657Z: [   12.110107] IPVS: [wrr] scheduler registered.
[STDERR  ] 2017-11-06T18:29:10.440408719Z: [   12.110934] IPVS: [lc] scheduler registered.
[STDERR  ] 2017-11-06T18:29:10.440414231Z: [   12.111255] IPVS: [wlc] scheduler registered.
[STDERR  ] 2017-11-06T18:29:10.440419442Z: [   12.111538] IPVS: [fo] scheduler registered.
[STDERR  ] 2017-11-06T18:29:10.440424704Z: [   12.111822] IPVS: [ovf] scheduler registered.
[STDERR  ] 2017-11-06T18:29:10.440429875Z: [   12.112300] IPVS: [lblc] scheduler registered.
[STDERR  ] 2017-11-06T18:29:10.440438074Z: [   12.112759] IPVS: [lblcr] scheduler registered.
[STDERR  ] 2017-11-06T18:29:10.440443372Z: [   12.113111] IPVS: [dh] scheduler registered.
[STDERR  ] 2017-11-06T18:29:10.440448582Z: [   12.113402] IPVS: [sh] scheduler registered.
[STDERR  ] 2017-11-06T18:29:10.440453881Z: [   12.113699] IPVS: [sed] scheduler registered.
[STDERR  ] 2017-11-06T18:29:10.440459109Z: [   12.114004] IPVS: [nq] scheduler registered.
[STDERR  ] 2017-11-06T18:29:10.440464467Z: [   12.114763] IPVS: ftp: loaded support on port[0] = 21
[STDERR  ] 2017-11-06T18:29:10.440469931Z: [   12.115671] ipip: IPv4 and MPLS over IPv4 tunneling driver
[STDERR  ] 2017-11-06T18:29:10.440475381Z: [   12.119780] gre: GRE over IPv4 demultiplexor driver
[STDERR  ] 2017-11-06T18:29:10.440483571Z: [   12.122879] ip_tables: (C) 2000-2006 Netfilter Core Team
[STDERR  ] 2017-11-06T18:29:10.440488894Z: [   12.125996] ipt_CLUSTERIP: ClusterIP Version 0.8 loaded successfully
[STDERR  ] 2017-11-06T18:29:10.440494688Z: [   12.126767] arp_tables: arp_tables: (C) 2002 David S. Miller
[STDERR  ] 2017-11-06T18:29:10.440500035Z: [   12.129042] NET: Registered protocol family 10
[STDERR  ] 2017-11-06T18:29:10.440505454Z: [   12.138543] ip6_tables: (C) 2000-2006 Netfilter Core Team
[STDERR  ] 2017-11-06T18:29:10.440510879Z: [   12.146798] NET: Registered protocol family 17
[STDERR  ] 2017-11-06T18:29:10.440516279Z: [   12.147752] Bridge firewalling registered
[STDERR  ] 2017-11-06T18:29:10.440521507Z: [   12.148248] Ebtables v2.0 registered
[STDERR  ] 2017-11-06T18:29:10.440526891Z: [   12.150593] 8021q: 802.1Q VLAN Support v1.8
[STDERR  ] 2017-11-06T18:29:10.440532109Z: [   12.152085] 9pnet: Installing 9P2000 support
[STDERR  ] 2017-11-06T18:29:10.440537647Z: [   12.153540] Key type dns_resolver registered
[STDERR  ] 2017-11-06T18:29:10.440543142Z: [   12.154466] microcode: AMD CPU family 0x6 not supported
[STDERR  ] 2017-11-06T18:29:10.440548611Z: [   12.158221] registered taskstats version 1
[STDERR  ] 2017-11-06T18:29:10.440554014Z: [   12.352199] ata4: SATA link down (SStatus 0 SControl 300)
[STDERR  ] 2017-11-06T18:29:10.440559415Z: [   12.355410] ata3: SATA link up 1.5 Gbps (SStatus 113 SControl 300)
[STDERR  ] 2017-11-06T18:29:10.440565035Z: [   12.358315] ata2: SATA link up 1.5 Gbps (SStatus 113 SControl 300)
[STDERR  ] 2017-11-06T18:29:10.440570769Z: [   12.360749] ata2.00: ATA-7: QEMU HARDDISK, 2.5+, max UDMA/100
[STDERR  ] 2017-11-06T18:29:10.440576108Z: [   12.361243] ata2.00: 1048576 sectors, multi 16: LBA48 NCQ (depth 31/32)
[STDERR  ] 2017-11-06T18:29:10.440581623Z: [   12.361886] ata2.00: applying bridge limits
[STDERR  ] 2017-11-06T18:29:10.440586938Z: [   12.363235] ata1: SATA link up 1.5 Gbps (SStatus 113 SControl 300)
[STDERR  ] 2017-11-06T18:29:10.440592299Z: [   12.363939] ata6: SATA link down (SStatus 0 SControl 300)
[STDERR  ] 2017-11-06T18:29:10.440599642Z: [   12.364669] ata5: SATA link down (SStatus 0 SControl 300)
[STDERR  ] 2017-11-06T18:29:10.44060518Z: [   12.365883] ata2.00: configured for UDMA/100
[STDERR  ] 2017-11-06T18:29:10.440610582Z: [   12.366675] ata3.00: ATAPI: QEMU DVD-ROM, 2.5+, max UDMA/100
[STDERR  ] 2017-11-06T18:29:10.44061598Z: [   12.367102] ata3.00: applying bridge limits
[STDERR  ] 2017-11-06T18:29:10.440625866Z: [   12.367685] ata3.00: configured for UDMA/100
[STDERR  ] 2017-11-06T18:29:10.440631263Z: [   12.370754] ata1.00: ATA-7: QEMU HARDDISK, 2.5+, max UDMA/100
[STDERR  ] 2017-11-06T18:29:10.440636648Z: [   12.371214] ata1.00: 1048576 sectors, multi 16: LBA48 NCQ (depth 31/32)
[STDERR  ] 2017-11-06T18:29:10.440642042Z: [   12.371674] ata1.00: applying bridge limits
[STDERR  ] 2017-11-06T18:29:10.440647306Z: [   12.372373] ata1.00: configured for UDMA/100
[STDERR  ] 2017-11-06T18:29:10.440652599Z: [   12.389118] scsi 0:0:0:0: Direct-Access     ATA      QEMU HARDDISK    2.5+ PQ: 0 ANSI: 5
[STDERR  ] 2017-11-06T18:29:10.440659508Z: [   12.405973] sd 0:0:0:0: [sda] 1048576 512-byte logical blocks: (537 MB/512 MiB)
[STDERR  ] 2017-11-06T18:29:10.440665248Z: [   12.412253] Key type big_key registered
[STDERR  ] 2017-11-06T18:29:10.440673553Z: [   12.413479] sd 0:0:0:0: [sda] Write Protect is off
[STDERR  ] 2017-11-06T18:29:10.440679118Z: [   12.416472] sd 0:0:0:0: [sda] Write cache: enabled, read cache: enabled, doesn't support DPO or FUA
[STDERR  ] 2017-11-06T18:29:10.440684622Z: [   12.417650] sd 0:0:0:0: Attached scsi generic sg0 type 0
[STDERR  ] 2017-11-06T18:29:10.440690065Z: [   12.431634] scsi 1:0:0:0: Direct-Access     ATA      QEMU HARDDISK    2.5+ PQ: 0 ANSI: 5
[STDERR  ] 2017-11-06T18:29:10.440695502Z: [   12.436777] sd 1:0:0:0: [sdb] 1048576 512-byte logical blocks: (537 MB/512 MiB)
[STDERR  ] 2017-11-06T18:29:10.44070136Z: [   12.441015] sd 1:0:0:0: [sdb] Write Protect is off
[STDERR  ] 2017-11-06T18:29:10.440708246Z: [   12.441913] sd 1:0:0:0: [sdb] Write cache: enabled, read cache: enabled, doesn't support DPO or FUA
[STDERR  ] 2017-11-06T18:29:10.44071699Z: [   12.446908] sd 1:0:0:0: Attached scsi generic sg1 type 0
[STDERR  ] 2017-11-06T18:29:10.440722449Z: [   12.454792] scsi 2:0:0:0: CD-ROM            QEMU     QEMU DVD-ROM     2.5+ PQ: 0 ANSI: 5
[STDERR  ] 2017-11-06T18:29:10.440730032Z: [   12.481009] sr 2:0:0:0: [sr0] scsi3-mmc drive: 4x/4x cd/rw xa/form2 tray
[STDERR  ] 2017-11-06T18:29:10.440736112Z: [   12.481733] cdrom: Uniform CD-ROM driver Revision: 3.20
[STDERR  ] 2017-11-06T18:29:10.440741565Z: [   12.487712] sd 0:0:0:0: [sda] Attached SCSI disk
[STDERR  ] 2017-11-06T18:29:10.440746813Z: [   12.500914] sr 2:0:0:0: Attached scsi generic sg2 type 5
[STDERR  ] 2017-11-06T18:29:10.440769938Z: [   12.503778] sd 1:0:0:0: [sdb] Attached SCSI disk
