[INFO    ] 2017-08-30T15:37:01.3085576Z: Running Test linuxkit.packages.format_mount.xfs in /tmp/build/test/cases/040_packages/006_format_mount/004_xfs
[INFO    ] 2017-08-30T15:37:01.308691834Z: Running command: [/bin/sh -x /tmp/build/test/cases/040_packages/006_format_mount/004_xfs/test.sh]
[STDERR  ] 2017-08-30T15:37:01.344982359Z: + set -e
[STDERR  ] 2017-08-30T15:37:01.345081543Z: + . /tmp/build/test/cases/_lib/lib.sh
[STDERR  ] 2017-08-30T15:37:01.345106326Z: + [ -f src/github.com/linuxkit/rtf/lib/lib.sh ]
[STDERR  ] 2017-08-30T15:37:01.345158237Z: + LINUXKIT_TMPDIR=/tmp/build/test/cases/_tmp
[STDERR  ] 2017-08-30T15:37:01.345172309Z: + [ -f /tmp/build/test/cases/_tmp/env.sh ]
[STDERR  ] 2017-08-30T15:37:01.345181963Z: + . /tmp/build/test/cases/_tmp/env.sh
[STDERR  ] 2017-08-30T15:37:01.345199095Z: + export LINUXKIT_EXAMPLES_DIR=/tmp/build/test/cases/../../examples
[STDERR  ] 2017-08-30T15:37:01.34521214Z: + export LINUXKIT_BLUEPRINTS_DIR=/tmp/build/test/cases/../../blueprints
[STDERR  ] 2017-08-30T15:37:01.345232339Z: + RT_CANCEL=253
[STDERR  ] 2017-08-30T15:37:01.345245659Z: + NAME=test-format
[STDERR  ] 2017-08-30T15:37:01.345255486Z: + trap clean_up EXIT
[STDERR  ] 2017-08-30T15:37:01.345264413Z: + moby build -name test-format -output kernel+initrd test.yml
[STDERR  ] 2017-08-30T15:37:01.357343658Z: Extract kernel image: linuxkit/kernel:4.9.44
[STDERR  ] 2017-08-30T15:37:03.0479381Z: Add init containers:
[STDERR  ] 2017-08-30T15:37:03.047985531Z: Process init image: linuxkit/init:6d11a1f9d299d3425e78cce80dfba8b236d20412
[STDERR  ] 2017-08-30T15:37:04.279320703Z: Process init image: linuxkit/runc:a1b564248a0d0b118c11e61db9f84ecf41dd2d2a
[STDERR  ] 2017-08-30T15:37:05.551490194Z: Add onboot containers:
[STDERR  ] 2017-08-30T15:37:05.55156882Z:   Create OCI config for linuxkit/format:158d992b7bf7ab984100c697d7e72161ea7d7382
[STDERR  ] 2017-08-30T15:37:06.936234247Z:   Create OCI config for linuxkit/mount:4fe245efb01384e42622c36302e13e386bbaeb08
[STDERR  ] 2017-08-30T15:37:08.149625512Z:   Create OCI config for alpine:3.6
[STDERR  ] 2017-08-30T15:37:09.398356804Z:   Create OCI config for linuxkit/poweroff:1e9876c682c74d0602b7647c628bb0875fb13998
[STDERR  ] 2017-08-30T15:37:10.62339234Z: Add files:
[STDERR  ] 2017-08-30T15:37:10.623576713Z:   check.sh
[STDERR  ] 2017-08-30T15:37:10.65082592Z: Create outputs:
[STDERR  ] 2017-08-30T15:37:15.648490096Z:   test-format-kernel test-format-initrd.img test-format-cmdline
[STDERR  ] 2017-08-30T15:37:15.707468902Z: + linuxkit run -disk file=test-format1.img,size=512M test-format
[STDERR  ] 2017-08-30T15:37:15.726101083Z: Unable to find qemu-system-x86_64 within the $PATH. Using a container
[STDERR  ] 2017-08-30T15:37:42.41388513Z: main-loop: WARNING: I/O thread spun for 1000 iterations
[STDERR  ] 2017-08-30T15:37:55.673307094Z: + RESULT=[    0.000000] Linux version 4.9.44-linuxkit (root@e1ede117fb1e) (gcc version 6.3.0 (Alpine 6.3.0) ) #1 SMP Wed Aug 23 11:10:49 UTC 2017
[STDERR  ] 2017-08-30T15:37:55.673372656Z: [    0.000000] Command line: console=ttyS0
[STDERR  ] 2017-08-30T15:37:55.673385931Z: [    0.000000] x86/fpu: Legacy x87 FPU detected.
[STDERR  ] 2017-08-30T15:37:55.6733974Z: [    0.000000] x86/fpu: Using 'eager' FPU context switches.
[STDERR  ] 2017-08-30T15:37:55.673409318Z: [    0.000000] e820: BIOS-provided physical RAM map:
[STDERR  ] 2017-08-30T15:37:55.673420356Z: [    0.000000] BIOS-e820: [mem 0x0000000000000000-0x000000000009fbff] usable
[STDERR  ] 2017-08-30T15:37:55.67343241Z: [    0.000000] BIOS-e820: [mem 0x000000000009fc00-0x000000000009ffff] reserved
[STDERR  ] 2017-08-30T15:37:55.673443566Z: [    0.000000] BIOS-e820: [mem 0x00000000000f0000-0x00000000000fffff] reserved
[STDERR  ] 2017-08-30T15:37:55.673454838Z: [    0.000000] BIOS-e820: [mem 0x0000000000100000-0x000000003ffdefff] usable
[STDERR  ] 2017-08-30T15:37:55.673465584Z: [    0.000000] BIOS-e820: [mem 0x000000003ffdf000-0x000000003fffffff] reserved
[STDERR  ] 2017-08-30T15:37:55.673476164Z: [    0.000000] BIOS-e820: [mem 0x00000000b0000000-0x00000000bfffffff] reserved
[STDERR  ] 2017-08-30T15:37:55.673486458Z: [    0.000000] BIOS-e820: [mem 0x00000000fed1c000-0x00000000fed1ffff] reserved
[STDERR  ] 2017-08-30T15:37:55.67350762Z: [    0.000000] BIOS-e820: [mem 0x00000000fffc0000-0x00000000ffffffff] reserved
[STDERR  ] 2017-08-30T15:37:55.673517823Z: [    0.000000] NX (Execute Disable) protection: active
[STDERR  ] 2017-08-30T15:37:55.673528064Z: [    0.000000] SMBIOS 2.8 present.
[STDERR  ] 2017-08-30T15:37:55.673537964Z: [    0.000000] e820: last_pfn = 0x3ffdf max_arch_pfn = 0x400000000
[STDERR  ] 2017-08-30T15:37:55.673559486Z: [    0.000000] x86/PAT: Configuration [0-7]: WB  WC  UC- UC  WB  WC  UC- WT  
[STDERR  ] 2017-08-30T15:37:55.673569166Z: [    0.000000] found SMP MP-table at [mem 0x000f6aa0-0x000f6aaf] mapped at [ffff9e9a800f6aa0]
[STDERR  ] 2017-08-30T15:37:55.673580904Z: [    0.000000] RAMDISK: [mem 0x3e2d3000-0x3ffcffff]
[STDERR  ] 2017-08-30T15:37:55.673590618Z: [    0.000000] ACPI: Early table checksum verification disabled
[STDERR  ] 2017-08-30T15:37:55.673602303Z: [    0.000000] ACPI: RSDP 0x00000000000F68C0 000014 (v00 BOCHS )
[STDERR  ] 2017-08-30T15:37:55.673612178Z: [    0.000000] ACPI: RSDT 0x000000003FFE2404 000034 (v01 BOCHS  BXPCRSDT 00000001 BXPC 00000001)
[STDERR  ] 2017-08-30T15:37:55.673622668Z: [    0.000000] ACPI: FACP 0x000000003FFE22A4 000074 (v01 BOCHS  BXPCFACP 00000001 BXPC 00000001)
[STDERR  ] 2017-08-30T15:37:55.67363321Z: [    0.000000] ACPI: DSDT 0x000000003FFE0040 002264 (v01 BOCHS  BXPCDSDT 00000001 BXPC 00000001)
[STDERR  ] 2017-08-30T15:37:55.673644864Z: [    0.000000] ACPI: FACS 0x000000003FFE0000 000040
[STDERR  ] 2017-08-30T15:37:55.673655266Z: [    0.000000] ACPI: APIC 0x000000003FFE2318 000078 (v01 BOCHS  BXPCAPIC 00000001 BXPC 00000001)
[STDERR  ] 2017-08-30T15:37:55.673665916Z: [    0.000000] ACPI: HPET 0x000000003FFE2390 000038 (v01 BOCHS  BXPCHPET 00000001 BXPC 00000001)
[STDERR  ] 2017-08-30T15:37:55.673676176Z: [    0.000000] ACPI: MCFG 0x000000003FFE23C8 00003C (v01 BOCHS  BXPCMCFG 00000001 BXPC 00000001)
[STDERR  ] 2017-08-30T15:37:55.673687858Z: [    0.000000] Zone ranges:
[STDERR  ] 2017-08-30T15:37:55.673704094Z: [    0.000000]   DMA      [mem 0x0000000000001000-0x0000000000ffffff]
[STDERR  ] 2017-08-30T15:37:55.673714126Z: [    0.000000]   DMA32    [mem 0x0000000001000000-0x000000003ffdefff]
[STDERR  ] 2017-08-30T15:37:55.673729436Z: [    0.000000]   Normal   empty
[STDERR  ] 2017-08-30T15:37:55.673739011Z: [    0.000000] Movable zone start for each node
[STDERR  ] 2017-08-30T15:37:55.673762241Z: [    0.000000] Early memory node ranges
[STDERR  ] 2017-08-30T15:37:55.673771916Z: [    0.000000]   node   0: [mem 0x0000000000001000-0x000000000009efff]
[STDERR  ] 2017-08-30T15:37:55.673780471Z: [    0.000000]   node   0: [mem 0x0000000000100000-0x000000003ffdefff]
[STDERR  ] 2017-08-30T15:37:55.673788811Z: [    0.000000] Initmem setup node 0 [mem 0x0000000000001000-0x000000003ffdefff]
[STDERR  ] 2017-08-30T15:37:55.673797163Z: [    0.000000] ACPI: PM-Timer IO Port: 0x608
[STDERR  ] 2017-08-30T15:37:55.673806816Z: [    0.000000] ACPI: LAPIC_NMI (acpi_id[0xff] dfl dfl lint[0x1])
[STDERR  ] 2017-08-30T15:37:55.673818216Z: [    0.000000] IOAPIC[0]: apic_id 0, version 32, address 0xfec00000, GSI 0-23
[STDERR  ] 2017-08-30T15:37:55.673827206Z: [    0.000000] ACPI: INT_SRC_OVR (bus 0 bus_irq 0 global_irq 2 dfl dfl)
[STDERR  ] 2017-08-30T15:37:55.673836038Z: [    0.000000] ACPI: INT_SRC_OVR (bus 0 bus_irq 5 global_irq 5 high level)
[STDERR  ] 2017-08-30T15:37:55.67384468Z: [    0.000000] ACPI: INT_SRC_OVR (bus 0 bus_irq 9 global_irq 9 high level)
[STDERR  ] 2017-08-30T15:37:55.67385413Z: [    0.000000] ACPI: INT_SRC_OVR (bus 0 bus_irq 10 global_irq 10 high level)
[STDERR  ] 2017-08-30T15:37:55.673863951Z: [    0.000000] ACPI: INT_SRC_OVR (bus 0 bus_irq 11 global_irq 11 high level)
[STDERR  ] 2017-08-30T15:37:55.673873398Z: [    0.000000] Using ACPI (MADT) for SMP configuration information
[STDERR  ] 2017-08-30T15:37:55.673882246Z: [    0.000000] ACPI: HPET id: 0x8086a201 base: 0xfed00000
[STDERR  ] 2017-08-30T15:37:55.673891206Z: [    0.000000] smpboot: Allowing 1 CPUs, 0 hotplug CPUs
[STDERR  ] 2017-08-30T15:37:55.673906456Z: [    0.000000] e820: [mem 0x40000000-0xafffffff] available for PCI devices
[STDERR  ] 2017-08-30T15:37:55.673915498Z: [    0.000000] Booting paravirtualized kernel on bare hardware
[STDERR  ] 2017-08-30T15:37:55.673924988Z: [    0.000000] clocksource: refined-jiffies: mask: 0xffffffff max_cycles: 0xffffffff, max_idle_ns: 19112604462750000 ns
[STDERR  ] 2017-08-30T15:37:55.673938804Z: [    0.000000] setup_percpu: NR_CPUS:128 nr_cpumask_bits:128 nr_cpu_ids:1 nr_node_ids:1
[STDERR  ] 2017-08-30T15:37:55.673949133Z: [    0.000000] percpu: Embedded 35 pages/cpu @ffff9e9abe000000 s105240 r8192 d29928 u2097152
[STDERR  ] 2017-08-30T15:37:55.673958768Z: [    0.000000] Built 1 zonelists in Zone order, mobility grouping on.  Total pages: 257896
[STDERR  ] 2017-08-30T15:37:55.673967891Z: [    0.000000] Kernel command line: console=ttyS0
[STDERR  ] 2017-08-30T15:37:55.673976941Z: [    0.000000] PID hash table entries: 4096 (order: 3, 32768 bytes)
[STDERR  ] 2017-08-30T15:37:55.673985451Z: [    0.000000] Dentry cache hash table entries: 131072 (order: 8, 1048576 bytes)
[STDERR  ] 2017-08-30T15:37:55.673994061Z: [    0.000000] Inode-cache hash table entries: 65536 (order: 7, 524288 bytes)
[STDERR  ] 2017-08-30T15:37:55.674002588Z: [    0.000000] Memory: 984488K/1048052K available (8028K kernel code, 1366K rwdata, 2696K rodata, 1380K init, 568K bss, 63564K reserved, 0K cma-reserved)
[STDOUT  ] 2017-08-30T15:37:55.673972178Z: [    0.000000] Linux version 4.9.44-linuxkit (root@e1ede117fb1e) (gcc version 6.3.0 (Alpine 6.3.0) ) #1 SMP Wed Aug 23 11:10:49 UTC 2017
[STDERR  ] 2017-08-30T15:37:55.674013088Z: [    0.000000] Hierarchical RCU implementation.
[STDERR  ] 2017-08-30T15:37:55.674023416Z: [    0.000000] 	Build-time adjustment of leaf fanout to 64.
[STDOUT  ] 2017-08-30T15:37:55.674024726Z: [    0.000000] Command line: console=ttyS0
[STDOUT  ] 2017-08-30T15:37:55.674035513Z: [    0.000000] x86/fpu: Legacy x87 FPU detected.
[STDERR  ] 2017-08-30T15:37:55.674032806Z: [    0.000000] 	RCU restricting CPUs from NR_CPUS=128 to nr_cpu_ids=1.
[STDERR  ] 2017-08-30T15:37:55.67404215Z: [    0.000000] RCU: Adjusting geometry for rcu_fanout_leaf=64, nr_cpu_ids=1
[STDERR  ] 2017-08-30T15:37:55.67405093Z: [    0.000000] NR_IRQS:8448 nr_irqs:256 16
[STDOUT  ] 2017-08-30T15:37:55.674046686Z: [    0.000000] x86/fpu: Using 'eager' FPU context switches.
[STDERR  ] 2017-08-30T15:37:55.674060403Z: [    0.000000] Console: colour VGA+ 80x25
[STDOUT  ] 2017-08-30T15:37:55.674063856Z: [    0.000000] e820: BIOS-provided physical RAM map:
[STDERR  ] 2017-08-30T15:37:55.674075408Z: [    0.000000] console [ttyS0] enabled
[STDOUT  ] 2017-08-30T15:37:55.674081844Z: [    0.000000] BIOS-e820: [mem 0x0000000000000000-0x000000000009fbff] usable
[STDOUT  ] 2017-08-30T15:37:55.674101076Z: [    0.000000] BIOS-e820: [mem 0x000000000009fc00-0x000000000009ffff] reserved
[STDERR  ] 2017-08-30T15:37:55.674097756Z: [    0.000000] clocksource: hpet: mask: 0xffffffff max_cycles: 0xffffffff, max_idle_ns: 19112604467 ns
[STDOUT  ] 2017-08-30T15:37:55.674111358Z: [    0.000000] BIOS-e820: [mem 0x00000000000f0000-0x00000000000fffff] reserved
[STDERR  ] 2017-08-30T15:37:55.674114676Z: [    0.000000] tsc: Fast TSC calibration using PIT
[STDOUT  ] 2017-08-30T15:37:55.674120794Z: [    0.000000] BIOS-e820: [mem 0x0000000000100000-0x000000003ffdefff] usable
[STDERR  ] 2017-08-30T15:37:55.67412439Z: [    0.000000] tsc: Detected 2599.981 MHz processor
[STDERR  ] 2017-08-30T15:37:55.674133604Z: [    0.022260] Calibrating delay loop (skipped), value calculated using timer frequency.. 5199.96 BogoMIPS (lpj=25999810)
[STDOUT  ] 2017-08-30T15:37:55.674135134Z: [    0.000000] BIOS-e820: [mem 0x000000003ffdf000-0x000000003fffffff] reserved
[STDERR  ] 2017-08-30T15:37:55.674143596Z: [    0.023512] pid_max: default: 32768 minimum: 301
[STDOUT  ] 2017-08-30T15:37:55.67414485Z: [    0.000000] BIOS-e820: [mem 0x00000000b0000000-0x00000000bfffffff] reserved
[STDERR  ] 2017-08-30T15:37:55.674152804Z: [    0.031350] ACPI: Core revision 20160831
[STDOUT  ] 2017-08-30T15:37:55.674154284Z: [    0.000000] BIOS-e820: [mem 0x00000000fed1c000-0x00000000fed1ffff] reserved
[STDERR  ] 2017-08-30T15:37:55.674166796Z: [    0.073832] ACPI: 1 ACPI AML tables successfully acquired and loaded
[STDOUT  ] 2017-08-30T15:37:55.674163741Z: [    0.000000] BIOS-e820: [mem 0x00000000fffc0000-0x00000000ffffffff] reserved
[STDOUT  ] 2017-08-30T15:37:55.674173374Z: [    0.000000] NX (Execute Disable) protection: active
[STDERR  ] 2017-08-30T15:37:55.674180218Z: [    0.078770] Security Framework initialized
[STDOUT  ] 2017-08-30T15:37:55.674182778Z: [    0.000000] SMBIOS 2.8 present.
[STDERR  ] 2017-08-30T15:37:55.674189548Z: [    0.079184] Yama: becoming mindful.
[STDOUT  ] 2017-08-30T15:37:55.674191926Z: [    0.000000] e820: last_pfn = 0x3ffdf max_arch_pfn = 0x400000000
[STDERR  ] 2017-08-30T15:37:55.674198734Z: [    0.081445] Mount-cache hash table entries: 2048 (order: 2, 16384 bytes)
[STDOUT  ] 2017-08-30T15:37:55.674202216Z: [    0.000000] x86/PAT: Configuration [0-7]: WB  WC  UC- UC  WB  WC  UC- WT  
[STDERR  ] 2017-08-30T15:37:55.674207761Z: [    0.082008] Mountpoint-cache hash table entries: 2048 (order: 2, 16384 bytes)
[STDOUT  ] 2017-08-30T15:37:55.674211578Z: [    0.000000] found SMP MP-table at [mem 0x000f6aa0-0x000f6aaf] mapped at [ffff9e9a800f6aa0]
[STDOUT  ] 2017-08-30T15:37:55.674221106Z: [    0.000000] RAMDISK: [mem 0x3e2d3000-0x3ffcffff]
[STDERR  ] 2017-08-30T15:37:55.67421835Z: [    0.100857] Last level iTLB entries: 4KB 0, 2MB 0, 4MB 0
[STDOUT  ] 2017-08-30T15:37:55.674230698Z: [    0.000000] ACPI: Early table checksum verification disabled
[STDERR  ] 2017-08-30T15:37:55.674232186Z: [    0.101505] Last level dTLB entries: 4KB 0, 2MB 0, 4MB 0, 1GB 0
[STDOUT  ] 2017-08-30T15:37:55.674240114Z: [    0.000000] ACPI: RSDP 0x00000000000F68C0 000014 (v00 BOCHS )
[STDERR  ] 2017-08-30T15:37:55.674241566Z: [    0.394670] Freeing SMP alternatives memory: 20K
[STDERR  ] 2017-08-30T15:37:55.674251073Z: [    0.405212] ftrace: allocating 35486 entries in 139 pages
[STDOUT  ] 2017-08-30T15:37:55.674249676Z: [    0.000000] ACPI: RSDT 0x000000003FFE2404 000034 (v01 BOCHS  BXPCRSDT 00000001 BXPC 00000001)
[STDERR  ] 2017-08-30T15:37:55.674259911Z: [    0.559315] smpboot: Max logical packages: 1
[STDOUT  ] 2017-08-30T15:37:55.674264071Z: [    0.000000] ACPI: FACP 0x000000003FFE22A4 000074 (v01 BOCHS  BXPCFACP 00000001 BXPC 00000001)
[STDERR  ] 2017-08-30T15:37:55.674268838Z: [    0.566599] ..TIMER: vector=0x30 apic1=0 pin1=2 apic2=-1 pin2=-1
[STDOUT  ] 2017-08-30T15:37:55.674273484Z: [    0.000000] ACPI: DSDT 0x000000003FFE0040 002264 (v01 BOCHS  BXPCDSDT 00000001 BXPC 00000001)
[STDOUT  ] 2017-08-30T15:37:55.674290938Z: [    0.000000] ACPI: FACS 0x000000003FFE0000 000040
[STDERR  ] 2017-08-30T15:37:55.674287788Z: [    0.670000] smpboot: CPU0: AMD QEMU Virtual CPU version 2.5+ (family: 0x6, model: 0x6, stepping: 0x3)
[STDERR  ] 2017-08-30T15:37:55.674302696Z: [    0.670000] Performance Events: PMU not available due to virtualization, using software events only.
[STDOUT  ] 2017-08-30T15:37:55.674301208Z: [    0.000000] ACPI: APIC 0x000000003FFE2318 000078 (v01 BOCHS  BXPCAPIC 00000001 BXPC 00000001)
[STDOUT  ] 2017-08-30T15:37:55.674310841Z: [    0.000000] ACPI: HPET 0x000000003FFE2390 000038 (v01 BOCHS  BXPCHPET 00000001 BXPC 00000001)
[STDERR  ] 2017-08-30T15:37:55.674311796Z: [    0.678857] NMI watchdog: disabled (cpu0): hardware events not enabled
[STDERR  ] 2017-08-30T15:37:55.674321743Z: [    0.679373] NMI watchdog: Shutting down hard lockup detector on all cpus
[STDOUT  ] 2017-08-30T15:37:55.674320406Z: [    0.000000] ACPI: MCFG 0x000000003FFE23C8 00003C (v01 BOCHS  BXPCMCFG 00000001 BXPC 00000001)
[STDERR  ] 2017-08-30T15:37:55.674330633Z: [    0.683926] x86: Booted up 1 node, 1 CPUs
[STDOUT  ] 2017-08-30T15:37:55.674331076Z: [    0.000000] Zone ranges:
[STDERR  ] 2017-08-30T15:37:55.674339828Z: [    0.684345] smpboot: Total of 1 processors activated (5199.96 BogoMIPS)
[STDOUT  ] 2017-08-30T15:37:55.674340584Z: [    0.000000]   DMA      [mem 0x0000000000001000-0x0000000000ffffff]
[STDERR  ] 2017-08-30T15:37:55.67434902Z: [    0.697804] devtmpfs: initialized
[STDOUT  ] 2017-08-30T15:37:55.674355764Z: [    0.000000]   DMA32    [mem 0x0000000001000000-0x000000003ffdefff]
[STDERR  ] 2017-08-30T15:37:55.674358444Z: [    0.704515] x86/mm: Memory block size: 128MB
[STDOUT  ] 2017-08-30T15:37:55.674365134Z: [    0.000000]   Normal   empty
[STDERR  ] 2017-08-30T15:37:55.674367716Z: [    0.766146] clocksource: jiffies: mask: 0xffffffff max_cycles: 0xffffffff, max_idle_ns: 19112604462750000 ns
[STDERR  ] 2017-08-30T15:37:55.674377021Z: [    0.767140] futex hash table entries: 256 (order: 2, 16384 bytes)
[STDOUT  ] 2017-08-30T15:37:55.674374478Z: [    0.000000] Movable zone start for each node
[STDERR  ] 2017-08-30T15:37:55.67438621Z: [    0.776619] NET: Registered protocol family 16
[STDOUT  ] 2017-08-30T15:37:55.674389334Z: [    0.000000] Early memory node ranges
[STDERR  ] 2017-08-30T15:37:55.67439534Z: [    0.785935] cpuidle: using governor ladder
[STDOUT  ] 2017-08-30T15:37:55.674398718Z: [    0.000000]   node   0: [mem 0x0000000000001000-0x000000000009efff]
[STDERR  ] 2017-08-30T15:37:55.674404354Z: [    0.786427] cpuidle: using governor menu
[STDOUT  ] 2017-08-30T15:37:55.674408431Z: [    0.000000]   node   0: [mem 0x0000000000100000-0x000000003ffdefff]
[STDOUT  ] 2017-08-30T15:37:55.67441775Z: [    0.000000] Initmem setup node 0 [mem 0x0000000000001000-0x000000003ffdefff]
[STDERR  ] 2017-08-30T15:37:55.67441471Z: [    0.787650] ACPI: bus type PCI registered
[STDERR  ] 2017-08-30T15:37:55.674426783Z: [    0.790613] PCI: MMCONFIG for domain 0000 [bus 00-ff] at [mem 0xb0000000-0xbfffffff] (base 0xb0000000)
[STDOUT  ] 2017-08-30T15:37:55.674427338Z: [    0.000000] ACPI: PM-Timer IO Port: 0x608
[STDERR  ] 2017-08-30T15:37:55.674436401Z: [    0.791329] PCI: MMCONFIG at [mem 0xb0000000-0xbfffffff] reserved in E820
[STDOUT  ] 2017-08-30T15:37:55.674436466Z: [    0.000000] ACPI: LAPIC_NMI (acpi_id[0xff] dfl dfl lint[0x1])
[STDOUT  ] 2017-08-30T15:37:55.674445568Z: [    0.000000] IOAPIC[0]: apic_id 0, version 32, address 0xfec00000, GSI 0-23
[STDERR  ] 2017-08-30T15:37:55.674445634Z: [    0.792806] PCI: Using configuration type 1 for base access
[STDERR  ] 2017-08-30T15:37:55.674454626Z: [    0.846183] HugeTLB registered 2 MB page size, pre-allocated 0 pages
[STDOUT  ] 2017-08-30T15:37:55.674454746Z: [    0.000000] ACPI: INT_SRC_OVR (bus 0 bus_irq 0 global_irq 2 dfl dfl)
[STDERR  ] 2017-08-30T15:37:55.674463738Z: [    0.858125] ACPI: Added _OSI(Module Device)
[STDERR  ] 2017-08-30T15:37:55.674477366Z: [    0.858476] ACPI: Added _OSI(Processor Device)
[STDOUT  ] 2017-08-30T15:37:55.674465334Z: [    0.000000] ACPI: INT_SRC_OVR (bus 0 bus_irq 5 global_irq 5 high level)
[STDOUT  ] 2017-08-30T15:37:55.674484073Z: [    0.000000] ACPI: INT_SRC_OVR (bus 0 bus_irq 9 global_irq 9 high level)
[STDERR  ] 2017-08-30T15:37:55.674486983Z: [    0.858865] ACPI: Added _OSI(3.0 _SCP Extensions)
[STDOUT  ] 2017-08-30T15:37:55.674493256Z: [    0.000000] ACPI: INT_SRC_OVR (bus 0 bus_irq 10 global_irq 10 high level)
[STDERR  ] 2017-08-30T15:37:55.674496303Z: [    0.859127] ACPI: Added _OSI(Processor Aggregator Device)
[STDERR  ] 2017-08-30T15:37:55.674505736Z: [    0.928770] ACPI: Interpreter enabled
[STDOUT  ] 2017-08-30T15:37:55.674502371Z: [    0.000000] ACPI: INT_SRC_OVR (bus 0 bus_irq 11 global_irq 11 high level)
[STDERR  ] 2017-08-30T15:37:55.674514664Z: [    0.930756] ACPI: (supports S0 S5)
[STDOUT  ] 2017-08-30T15:37:55.674516384Z: [    0.000000] Using ACPI (MADT) for SMP configuration information
[STDERR  ] 2017-08-30T15:37:55.674524071Z: [    0.931106] ACPI: Using IOAPIC for interrupt routing
[STDOUT  ] 2017-08-30T15:37:55.67452586Z: [    0.000000] ACPI: HPET id: 0x8086a201 base: 0xfed00000
[STDERR  ] 2017-08-30T15:37:55.674533576Z: [    0.933857] PCI: Using host bridge windows from ACPI; if necessary, use "pci=nocrs" and report a bug
[STDOUT  ] 2017-08-30T15:37:55.674535196Z: [    0.000000] smpboot: Allowing 1 CPUs, 0 hotplug CPUs
[STDOUT  ] 2017-08-30T15:37:55.674544406Z: [    0.000000] e820: [mem 0x40000000-0xafffffff] available for PCI devices
[STDERR  ] 2017-08-30T15:37:55.674543036Z: [    0.996224] ACPI: PCI Root Bridge [PCI0] (domain 0000 [bus 00-ff])
[STDOUT  ] 2017-08-30T15:37:55.674557374Z: [    0.000000] Booting paravirtualized kernel on bare hardware
[STDERR  ] 2017-08-30T15:37:55.674558943Z: [    0.997426] acpi PNP0A08:00: _OSC: OS supports [ExtendedConfig ASPM ClockPM Segments MSI]
[STDOUT  ] 2017-08-30T15:37:55.674566938Z: [    0.000000] clocksource: refined-jiffies: mask: 0xffffffff max_cycles: 0xffffffff, max_idle_ns: 19112604462750000 ns
[STDERR  ] 2017-08-30T15:37:55.674573706Z: [    1.004222] acpi PNP0A08:00: _OSC: OS now controls [PCIeHotplug PME PCIeCapability]
[STDERR  ] 2017-08-30T15:37:55.67458306Z: [    1.008022] PCI host bridge to bus 0000:00
[STDOUT  ] 2017-08-30T15:37:55.674578758Z: [    0.000000] setup_percpu: NR_CPUS:128 nr_cpumask_bits:128 nr_cpu_ids:1 nr_node_ids:1
[STDOUT  ] 2017-08-30T15:37:55.674595641Z: [    0.000000] percpu: Embedded 35 pages/cpu @ffff9e9abe000000 s105240 r8192 d29928 u2097152
[STDERR  ] 2017-08-30T15:37:55.674592034Z: [    1.008546] pci_bus 0000:00: root bus resource [io  0x0000-0x0cf7 window]
[STDERR  ] 2017-08-30T15:37:55.674602186Z: [    1.009012] pci_bus 0000:00: root bus resource [io  0x0d00-0xffff window]
[STDOUT  ] 2017-08-30T15:37:55.674605246Z: [    0.000000] Built 1 zonelists in Zone order, mobility grouping on.  Total pages: 257896
[STDOUT  ] 2017-08-30T15:37:55.674614628Z: [    0.000000] Kernel command line: console=ttyS0
[STDERR  ] 2017-08-30T15:37:55.674611334Z: [    1.009469] pci_bus 0000:00: root bus resource [mem 0x000a0000-0x000bffff window]
[STDERR  ] 2017-08-30T15:37:55.674628893Z: [    1.010139] pci_bus 0000:00: root bus resource [mem 0xc0000000-0xfebfffff window]
[STDOUT  ] 2017-08-30T15:37:55.67462451Z: [    0.000000] PID hash table entries: 4096 (order: 3, 32768 bytes)
[STDOUT  ] 2017-08-30T15:37:55.674637416Z: [    0.000000] Dentry cache hash table entries: 131072 (order: 8, 1048576 bytes)
[STDERR  ] 2017-08-30T15:37:55.674638328Z: [    1.010795] pci_bus 0000:00: root bus resource [bus 00-ff]
[STDOUT  ] 2017-08-30T15:37:55.674646881Z: [    0.000000] Inode-cache hash table entries: 65536 (order: 7, 524288 bytes)
[STDERR  ] 2017-08-30T15:37:55.674647288Z: [    1.121913] pci 0000:00:1f.0: quirk: [io  0x0600-0x067f] claimed by ICH6 ACPI/GPIO/TCO
[STDOUT  ] 2017-08-30T15:37:55.674658373Z: [    0.000000] Memory: 984488K/1048052K available (8028K kernel code, 1366K rwdata, 2696K rodata, 1380K init, 568K bss, 63564K reserved, 0K cma-reserved)
[STDERR  ] 2017-08-30T15:37:55.674663026Z: [    1.185179] ACPI: PCI Interrupt Link [LNKA] (IRQs 5 *10 11)
[STDERR  ] 2017-08-30T15:37:55.674677093Z: [    1.187935] ACPI: PCI Interrupt Link [LNKB] (IRQs 5 *10 11)
[STDOUT  ] 2017-08-30T15:37:55.674675703Z: [    0.000000] Hierarchical RCU implementation.
[STDOUT  ] 2017-08-30T15:37:55.674685238Z: [    0.000000] 	Build-time adjustment of leaf fanout to 64.
[STDERR  ] 2017-08-30T15:37:55.674686096Z: [    1.191323] ACPI: PCI Interrupt Link [LNKC] (IRQs 5 10 *11)
[STDERR  ] 2017-08-30T15:37:55.674694924Z: [    1.193212] ACPI: PCI Interrupt Link [LNKD] (IRQs 5 10 *11)
[STDOUT  ] 2017-08-30T15:37:55.674694774Z: [    0.000000] 	RCU restricting CPUs from NR_CPUS=128 to nr_cpu_ids=1.
[STDERR  ] 2017-08-30T15:37:55.674703978Z: [    1.195077] ACPI: PCI Interrupt Link [LNKE] (IRQs 5 *10 11)
[STDOUT  ] 2017-08-30T15:37:55.674704026Z: [    0.000000] RCU: Adjusting geometry for rcu_fanout_leaf=64, nr_cpu_ids=1
[STDOUT  ] 2017-08-30T15:37:55.67471323Z: [    0.000000] NR_IRQS:8448 nr_irqs:256 16
[STDERR  ] 2017-08-30T15:37:55.674713148Z: [    1.196995] ACPI: PCI Interrupt Link [LNKF] (IRQs 5 *10 11)
[STDERR  ] 2017-08-30T15:37:55.674722394Z: [    1.198889] ACPI: PCI Interrupt Link [LNKG] (IRQs 5 10 *11)
[STDOUT  ] 2017-08-30T15:37:55.674722608Z: [    0.000000] Console: colour VGA+ 80x25
[STDERR  ] 2017-08-30T15:37:55.67473141Z: [    1.200896] ACPI: PCI Interrupt Link [LNKH] (IRQs 5 10 *11)
[STDOUT  ] 2017-08-30T15:37:55.674732924Z: [    0.000000] console [ttyS0] enabled
[STDOUT  ] 2017-08-30T15:37:55.674742124Z: [    0.000000] clocksource: hpet: mask: 0xffffffff max_cycles: 0xffffffff, max_idle_ns: 19112604467 ns
[STDERR  ] 2017-08-30T15:37:55.67474052Z: [    1.201889] ACPI: PCI Interrupt Link [GSIA] (IRQs *16)
[STDOUT  ] 2017-08-30T15:37:55.674755625Z: [    0.000000] tsc: Fast TSC calibration using PIT
[STDERR  ] 2017-08-30T15:37:55.674756965Z: [    1.202677] ACPI: PCI Interrupt Link [GSIB] (IRQs *17)
[STDOUT  ] 2017-08-30T15:37:55.674765263Z: [    0.000000] tsc: Detected 2599.981 MHz processor
[STDERR  ] 2017-08-30T15:37:55.6747668Z: [    1.203395] ACPI: PCI Interrupt Link [GSIC] (IRQs *18)
[STDERR  ] 2017-08-30T15:37:55.674775863Z: [    1.204132] ACPI: PCI Interrupt Link [GSID] (IRQs *19)
[STDOUT  ] 2017-08-30T15:37:55.674774355Z: [    0.022260] Calibrating delay loop (skipped), value calculated using timer frequency.. 5199.96 BogoMIPS (lpj=25999810)
[STDOUT  ] 2017-08-30T15:37:55.674786805Z: [    0.023512] pid_max: default: 32768 minimum: 301
[STDERR  ] 2017-08-30T15:37:55.674785069Z: [    1.204889] ACPI: PCI Interrupt Link [GSIE] (IRQs *20)
[STDERR  ] 2017-08-30T15:37:55.674793987Z: [    1.205618] ACPI: PCI Interrupt Link [GSIF] (IRQs *21)
[STDOUT  ] 2017-08-30T15:37:55.674796155Z: [    0.031350] ACPI: Core revision 20160831
[STDERR  ] 2017-08-30T15:37:55.674802887Z: [    1.206327] ACPI: PCI Interrupt Link [GSIG] (IRQs *22)
[STDOUT  ] 2017-08-30T15:37:55.674822735Z: [    0.073832] ACPI: 1 ACPI AML tables successfully acquired and loaded
[STDERR  ] 2017-08-30T15:37:55.67482685Z: [    1.207032] ACPI: PCI Interrupt Link [GSIH] (IRQs *23)
[STDOUT  ] 2017-08-30T15:37:55.674832112Z: [    0.078770] Security Framework initialized
[STDERR  ] 2017-08-30T15:37:55.674836203Z: [    1.210951] ACPI: Enabled 2 GPEs in block 00 to 3F
[STDOUT  ] 2017-08-30T15:37:55.674841333Z: [    0.079184] Yama: becoming mindful.
[STDERR  ] 2017-08-30T15:37:55.674848737Z: [    1.215219] SCSI subsystem initialized
[STDOUT  ] 2017-08-30T15:37:55.674850165Z: [    0.081445] Mount-cache hash table entries: 2048 (order: 2, 16384 bytes)
[STDERR  ] 2017-08-30T15:37:55.67485813Z: [    1.217212] ACPI: bus type USB registered
[STDOUT  ] 2017-08-30T15:37:55.674859595Z: [    0.082008] Mountpoint-cache hash table entries: 2048 (order: 2, 16384 bytes)
[STDERR  ] 2017-08-30T15:37:55.674867405Z: [    1.218435] usbcore: registered new interface driver usbfs
[STDOUT  ] 2017-08-30T15:37:55.674868937Z: [    0.100857] Last level iTLB entries: 4KB 0, 2MB 0, 4MB 0
[STDERR  ] 2017-08-30T15:37:55.674881405Z: [    1.219495] usbcore: registered new interface driver hub
[STDOUT  ] 2017-08-30T15:37:55.674877935Z: [    0.101505] Last level dTLB entries: 4KB 0, 2MB 0, 4MB 0, 1GB 0
[STDOUT  ] 2017-08-30T15:37:55.674888085Z: [    0.394670] Freeing SMP alternatives memory: 20K
[STDERR  ] 2017-08-30T15:37:55.67489062Z: [    1.220781] usbcore: registered new device driver usb
[STDOUT  ] 2017-08-30T15:37:55.674897607Z: [    0.405212] ftrace: allocating 35486 entries in 139 pages
[STDERR  ] 2017-08-30T15:37:55.674899635Z: [    1.222406] pps_core: LinuxPPS API ver. 1 registered
[STDOUT  ] 2017-08-30T15:37:55.674906939Z: [    0.559315] smpboot: Max logical packages: 1
[STDERR  ] 2017-08-30T15:37:55.674908765Z: [    1.222756] pps_core: Software ver. 5.3.6 - Copyright 2005-2007 Rodolfo Giometti <giometti@linux.it>
[STDOUT  ] 2017-08-30T15:37:55.67491629Z: [    0.566599] ..TIMER: vector=0x30 apic1=0 pin1=2 apic2=-1 pin2=-1
[STDERR  ] 2017-08-30T15:37:55.67491785Z: [    1.223450] PTP clock support registered
[STDOUT  ] 2017-08-30T15:37:55.674925883Z: [    0.670000] smpboot: CPU0: AMD QEMU Virtual CPU version 2.5+ (family: 0x6, model: 0x6, stepping: 0x3)
[STDERR  ] 2017-08-30T15:37:55.674927172Z: [    1.224848] wmi: Mapper loaded
[STDERR  ] 2017-08-30T15:37:55.674937115Z: [    1.226023] PCI: Using ACPI for IRQ routing
[STDOUT  ] 2017-08-30T15:37:55.674935692Z: [    0.670000] Performance Events: PMU not available due to virtualization, using software events only.
[STDERR  ] 2017-08-30T15:37:55.674946265Z: [    1.245151] NetLabel: Initializing
[STDOUT  ] 2017-08-30T15:37:55.67495004Z: [    0.678857] NMI watchdog: disabled (cpu0): hardware events not enabled
[STDERR  ] 2017-08-30T15:37:55.674955305Z: [    1.245429] NetLabel:  domain hash size = 128
[STDERR  ] 2017-08-30T15:37:55.674965315Z: [    1.245790] NetLabel:  protocols = UNLABELED CIPSOv4
[STDOUT  ] 2017-08-30T15:37:55.674963802Z: [    0.679373] NMI watchdog: Shutting down hard lockup detector on all cpus
[STDERR  ] 2017-08-30T15:37:55.674974182Z: [    1.248559] NetLabel:  unlabeled traffic allowed by default
[STDOUT  ] 2017-08-30T15:37:55.674975035Z: [    0.683926] x86: Booted up 1 node, 1 CPUs
[STDERR  ] 2017-08-30T15:37:55.674983437Z: [    1.249835] HPET: 3 timers in total, 0 timers will be used for per-cpu timer
[STDOUT  ] 2017-08-30T15:37:55.674988083Z: [    0.684345] smpboot: Total of 1 processors activated (5199.96 BogoMIPS)
[STDERR  ] 2017-08-30T15:37:55.674994519Z: [    1.251031] hpet0: at MMIO 0xfed00000, IRQs 2, 8, 0
[STDOUT  ] 2017-08-30T15:37:55.674997367Z: [    0.697804] devtmpfs: initialized
[STDERR  ] 2017-08-30T15:37:55.6750034Z: [    1.251637] hpet0: 3 comparators, 64-bit 100.000000 MHz counter
[STDOUT  ] 2017-08-30T15:37:55.675006535Z: [    0.704515] x86/mm: Memory block size: 128MB
[STDERR  ] 2017-08-30T15:37:55.675012952Z: [    1.257314] clocksource: Switched to clocksource hpet
[STDOUT  ] 2017-08-30T15:37:55.67501584Z: [    0.766146] clocksource: jiffies: mask: 0xffffffff max_cycles: 0xffffffff, max_idle_ns: 19112604462750000 ns
[STDERR  ] 2017-08-30T15:37:55.675022307Z: [    1.505116] VFS: Disk quotas dquot_6.6.0
[STDOUT  ] 2017-08-30T15:37:55.675025225Z: [    0.767140] futex hash table entries: 256 (order: 2, 16384 bytes)
[STDERR  ] 2017-08-30T15:37:55.675031133Z: [    1.505942] VFS: Dquot-cache hash table entries: 512 (order 0, 4096 bytes)
[STDOUT  ] 2017-08-30T15:37:55.675039475Z: [    0.776619] NET: Registered protocol family 16
[STDERR  ] 2017-08-30T15:37:55.67504085Z: [    1.510340] FS-Cache: Loaded
[STDOUT  ] 2017-08-30T15:37:55.675048877Z: [    0.785935] cpuidle: using governor ladder
[STDERR  ] 2017-08-30T15:37:55.675050303Z: [    1.515497] CacheFiles: Loaded
[STDERR  ] 2017-08-30T15:37:55.675059593Z: [    1.517247] pnp: PnP ACPI init
[STDOUT  ] 2017-08-30T15:37:55.675058103Z: [    0.786427] cpuidle: using governor menu
[STDERR  ] 2017-08-30T15:37:55.675069323Z: [    1.528458] pnp: PnP ACPI: found 5 devices
[STDOUT  ] 2017-08-30T15:37:55.675071765Z: [    0.787650] ACPI: bus type PCI registered
[STDOUT  ] 2017-08-30T15:37:55.675081062Z: [    0.790613] PCI: MMCONFIG for domain 0000 [bus 00-ff] at [mem 0xb0000000-0xbfffffff] (base 0xb0000000)
[STDERR  ] 2017-08-30T15:37:55.675078573Z: [    1.576322] clocksource: acpi_pm: mask: 0xffffff max_cycles: 0xffffff, max_idle_ns: 2085701024 ns
[STDOUT  ] 2017-08-30T15:37:55.675095292Z: [    0.791329] PCI: MMCONFIG at [mem 0xb0000000-0xbfffffff] reserved in E820
[STDERR  ] 2017-08-30T15:37:55.675098509Z: [    1.580873] NET: Registered protocol family 2
[STDOUT  ] 2017-08-30T15:37:55.67510471Z: [    0.792806] PCI: Using configuration type 1 for base access
[STDERR  ] 2017-08-30T15:37:55.675110139Z: [    1.588085] TCP established hash table entries: 8192 (order: 4, 65536 bytes)
[STDOUT  ] 2017-08-30T15:37:55.675117769Z: [    0.846183] HugeTLB registered 2 MB page size, pre-allocated 0 pages
[STDERR  ] 2017-08-30T15:37:55.675119639Z: [    1.588925] TCP bind hash table entries: 8192 (order: 5, 131072 bytes)
[STDOUT  ] 2017-08-30T15:37:55.675126922Z: [    0.858125] ACPI: Added _OSI(Module Device)
[STDERR  ] 2017-08-30T15:37:55.675132652Z: [    1.589639] TCP: Hash tables configured (established 8192 bind 8192)
[STDOUT  ] 2017-08-30T15:37:55.675136182Z: [    0.858476] ACPI: Added _OSI(Processor Device)
[STDOUT  ] 2017-08-30T15:37:55.675145537Z: [    0.858865] ACPI: Added _OSI(3.0 _SCP Extensions)
[STDERR  ] 2017-08-30T15:37:55.675141729Z: [    1.591945] UDP hash table entries: 512 (order: 2, 16384 bytes)
[STDERR  ] 2017-08-30T15:37:55.6751567Z: [    1.592612] UDP-Lite hash table entries: 512 (order: 2, 16384 bytes)
[STDOUT  ] 2017-08-30T15:37:55.675155162Z: [    0.859127] ACPI: Added _OSI(Processor Aggregator Device)
[STDERR  ] 2017-08-30T15:37:55.675165603Z: [    1.594973] NET: Registered protocol family 1
[STDOUT  ] 2017-08-30T15:37:55.675168589Z: [    0.928770] ACPI: Interpreter enabled
[STDERR  ] 2017-08-30T15:37:55.675174717Z: [    1.596010] pci 0000:00:01.0: Video device with shadowed ROM at [mem 0x000c0000-0x000dffff]
[STDOUT  ] 2017-08-30T15:37:55.675178077Z: [    0.930756] ACPI: (supports S0 S5)
[STDOUT  ] 2017-08-30T15:37:55.675187307Z: [    0.931106] ACPI: Using IOAPIC for interrupt routing
[STDERR  ] 2017-08-30T15:37:55.675183979Z: [    1.604258] Unpacking initramfs...
[STDOUT  ] 2017-08-30T15:37:55.675196657Z: [    0.933857] PCI: Using host bridge windows from ACPI; if necessary, use "pci=nocrs" and report a bug
[STDERR  ] 2017-08-30T15:37:55.675198037Z: [    6.294757] Freeing initrd memory: 29684K
[STDOUT  ] 2017-08-30T15:37:55.67520604Z: [    0.996224] ACPI: PCI Root Bridge [PCI0] (domain 0000 [bus 00-ff])
[STDERR  ] 2017-08-30T15:37:55.675207035Z: [    6.320134] PCLMULQDQ-NI instructions are not detected.
[STDOUT  ] 2017-08-30T15:37:55.675215312Z: [    0.997426] acpi PNP0A08:00: _OSC: OS supports [ExtendedConfig ASPM ClockPM Segments MSI]
[STDERR  ] 2017-08-30T15:37:55.67521676Z: [    6.322135] AVX or AES-NI instructions are not detected.
[STDERR  ] 2017-08-30T15:37:55.675226142Z: [    6.322660] CPU feature 'AVX registers' is not supported.
[STDOUT  ] 2017-08-30T15:37:55.67522475Z: [    1.004222] acpi PNP0A08:00: _OSC: OS now controls [PCIeHotplug PME PCIeCapability]
[STDOUT  ] 2017-08-30T15:37:55.675234195Z: [    1.008022] PCI host bridge to bus 0000:00
[STDERR  ] 2017-08-30T15:37:55.675235045Z: [    6.323078] CPU feature 'AVX registers' is not supported.
[STDOUT  ] 2017-08-30T15:37:55.675243385Z: [    1.008546] pci_bus 0000:00: root bus resource [io  0x0000-0x0cf7 window]
[STDERR  ] 2017-08-30T15:37:55.67524392Z: [    6.323538] CPU feature 'AVX registers' is not supported.
[STDOUT  ] 2017-08-30T15:37:55.675252609Z: [    1.009012] pci_bus 0000:00: root bus resource [io  0x0d00-0xffff window]
[STDERR  ] 2017-08-30T15:37:55.675254045Z: [    6.323981] CPU feature 'AVX registers' is not supported.
[STDERR  ] 2017-08-30T15:37:55.675263187Z: [    6.324426] AVX2 or AES-NI instructions are not detected.
[STDOUT  ] 2017-08-30T15:37:55.675261795Z: [    1.009469] pci_bus 0000:00: root bus resource [mem 0x000a0000-0x000bffff window]
[STDERR  ] 2017-08-30T15:37:55.675272445Z: [    6.324803] AVX2 instructions are not detected.
[STDOUT  ] 2017-08-30T15:37:55.67527749Z: [    1.010139] pci_bus 0000:00: root bus resource [mem 0xc0000000-0xfebfffff window]
[STDERR  ] 2017-08-30T15:37:55.675286255Z: [    6.333198] audit: initializing netlink subsys (disabled)
[STDOUT  ] 2017-08-30T15:37:55.675287652Z: [    1.010795] pci_bus 0000:00: root bus resource [bus 00-ff]
[STDERR  ] 2017-08-30T15:37:55.675295499Z: [    6.334873] audit: type=2000 audit(1504107443.330:1): initialized
[STDOUT  ] 2017-08-30T15:37:55.675297055Z: [    1.121913] pci 0000:00:1f.0: quirk: [io  0x0600-0x067f] claimed by ICH6 ACPI/GPIO/TCO
[STDERR  ] 2017-08-30T15:37:55.675304773Z: [    6.342337] workingset: timestamp_bits=46 max_order=18 bucket_order=0
[STDOUT  ] 2017-08-30T15:37:55.675306417Z: [    1.185179] ACPI: PCI Interrupt Link [LNKA] (IRQs 5 *10 11)
[STDERR  ] 2017-08-30T15:37:55.675313955Z: [    6.348483] FS-Cache: Netfs 'cifs' registered for caching
[STDOUT  ] 2017-08-30T15:37:55.675315613Z: [    1.187935] ACPI: PCI Interrupt Link [LNKB] (IRQs 5 *10 11)
[STDERR  ] 2017-08-30T15:37:55.67532306Z: [    6.352391] fuse init (API version 7.26)
[STDOUT  ] 2017-08-30T15:37:55.675324749Z: [    1.191323] ACPI: PCI Interrupt Link [LNKC] (IRQs 5 10 *11)
[STDERR  ] 2017-08-30T15:37:55.67533235Z: [    6.355114] SGI XFS with ACLs, security attributes, no debug enabled
[STDOUT  ] 2017-08-30T15:37:55.67533379Z: [    1.193212] ACPI: PCI Interrupt Link [LNKD] (IRQs 5 10 *11)
[STDERR  ] 2017-08-30T15:37:55.67534154Z: [    6.358958] 9p: Installing v9fs 9p2000 file system support
[STDOUT  ] 2017-08-30T15:37:55.675343075Z: [    1.195077] ACPI: PCI Interrupt Link [LNKE] (IRQs 5 *10 11)
[STDERR  ] 2017-08-30T15:37:55.675350647Z: [    6.359465] FS-Cache: Netfs '9p' registered for caching
[STDOUT  ] 2017-08-30T15:37:55.675356043Z: [    1.196995] ACPI: PCI Interrupt Link [LNKF] (IRQs 5 *10 11)
[STDERR  ] 2017-08-30T15:37:55.675359853Z: [    6.396131] NET: Registered protocol family 38
[STDOUT  ] 2017-08-30T15:37:55.675365303Z: [    1.198889] ACPI: PCI Interrupt Link [LNKG] (IRQs 5 10 *11)
[STDERR  ] 2017-08-30T15:37:55.675369152Z: [    6.396750] Key type asymmetric registered
[STDOUT  ] 2017-08-30T15:37:55.675375582Z: [    1.200896] ACPI: PCI Interrupt Link [LNKH] (IRQs 5 10 *11)
[STDERR  ] 2017-08-30T15:37:55.675378482Z: [    6.397116] Asymmetric key parser 'x509' registered
[STDOUT  ] 2017-08-30T15:37:55.675384683Z: [    1.201889] ACPI: PCI Interrupt Link [GSIA] (IRQs *16)
[STDERR  ] 2017-08-30T15:37:55.675387499Z: [    6.398181] Block layer SCSI generic (bsg) driver version 0.4 loaded (major 251)
[STDERR  ] 2017-08-30T15:37:55.675396547Z: [    6.399918] io scheduler noop registered
[STDOUT  ] 2017-08-30T15:37:55.675393825Z: [    1.202677] ACPI: PCI Interrupt Link [GSIB] (IRQs *17)
[STDOUT  ] 2017-08-30T15:37:55.675403013Z: [    1.203395] ACPI: PCI Interrupt Link [GSIC] (IRQs *18)
[STDERR  ] 2017-08-30T15:37:55.675405612Z: [    6.400886] io scheduler deadline registered (default)
[STDOUT  ] 2017-08-30T15:37:55.675412082Z: [    1.204132] ACPI: PCI Interrupt Link [GSID] (IRQs *19)
[STDERR  ] 2017-08-30T15:37:55.675414665Z: [    6.402350] io scheduler cfq registered
[STDERR  ] 2017-08-30T15:37:55.675423627Z: [    6.405521] pci_hotplug: PCI Hot Plug PCI Core version: 0.5
[STDOUT  ] 2017-08-30T15:37:55.675421279Z: [    1.204889] ACPI: PCI Interrupt Link [GSIE] (IRQs *20)
[STDERR  ] 2017-08-30T15:37:55.675432793Z: [    6.406235] pciehp: PCI Express Hot Plug Controller Driver version: 0.4
[STDOUT  ] 2017-08-30T15:37:55.675430299Z: [    1.205618] ACPI: PCI Interrupt Link [GSIF] (IRQs *21)
[STDERR  ] 2017-08-30T15:37:55.67544215Z: [    6.407130] shpchp: Standard Hot Plug PCI Controller Driver version: 0.4
[STDOUT  ] 2017-08-30T15:37:55.675442887Z: [    1.206327] ACPI: PCI Interrupt Link [GSIG] (IRQs *22)
[STDERR  ] 2017-08-30T15:37:55.675451339Z: [    6.408080] hv_vmbus: registering driver hyperv_fb
[STDOUT  ] 2017-08-30T15:37:55.675452879Z: [    1.207032] ACPI: PCI Interrupt Link [GSIH] (IRQs *23)
[STDOUT  ] 2017-08-30T15:37:55.675462019Z: [    1.210951] ACPI: Enabled 2 GPEs in block 00 to 3F
[STDERR  ] 2017-08-30T15:37:55.675460485Z: [    6.413213] input: Power Button as /devices/LNXSYSTM:00/LNXPWRBN:00/input/input0
[STDOUT  ] 2017-08-30T15:37:55.675471242Z: [    1.215219] SCSI subsystem initialized
[STDERR  ] 2017-08-30T15:37:55.675473807Z: [    6.414509] ACPI: Power Button [PWRF]
[STDERR  ] 2017-08-30T15:37:55.675482875Z: [    6.421589] GHES: HEST is not enabled!
[STDOUT  ] 2017-08-30T15:37:55.675480505Z: [    1.217212] ACPI: bus type USB registered
[STDOUT  ] 2017-08-30T15:37:55.675489627Z: [    1.218435] usbcore: registered new interface driver usbfs
[STDERR  ] 2017-08-30T15:37:55.675491855Z: [    6.433468] ACPI: PCI Interrupt Link [GSIG] enabled at IRQ 22
[STDOUT  ] 2017-08-30T15:37:55.675498855Z: [    1.219495] usbcore: registered new interface driver hub
[STDERR  ] 2017-08-30T15:37:55.675500835Z: [    6.448487] ACPI: PCI Interrupt Link [GSIH] enabled at IRQ 23
[STDOUT  ] 2017-08-30T15:37:55.675508019Z: [    1.220781] usbcore: registered new device driver usb
[STDERR  ] 2017-08-30T15:37:55.675514463Z: [    6.453424] xenfs: not registering filesystem on non-xen platform
[STDOUT  ] 2017-08-30T15:37:55.67551729Z: [    1.222406] pps_core: LinuxPPS API ver. 1 registered
[STDERR  ] 2017-08-30T15:37:55.675523547Z: [    6.455526] Serial: 8250/16550 driver, 4 ports, IRQ sharing disabled
[STDOUT  ] 2017-08-30T15:37:55.675526417Z: [    1.222756] pps_core: Software ver. 5.3.6 - Copyright 2005-2007 Rodolfo Giometti <giometti@linux.it>
[STDOUT  ] 2017-08-30T15:37:55.67553604Z: [    1.223450] PTP clock support registered
[STDERR  ] 2017-08-30T15:37:55.675536805Z: [    6.480568] 00:04: ttyS0 at I/O 0x3f8 (irq = 4, base_baud = 115200) is a 16550A
[STDOUT  ] 2017-08-30T15:37:55.675550323Z: [    1.224848] wmi: Mapper loaded
[STDERR  ] 2017-08-30T15:37:55.675551633Z: [    6.492816] Non-volatile memory driver v1.3
[STDOUT  ] 2017-08-30T15:37:55.675559845Z: [    1.226023] PCI: Using ACPI for IRQ routing
[STDERR  ] 2017-08-30T15:37:55.675561315Z: [    6.499050] Hangcheck: starting hangcheck timer 0.9.1 (tick is 180 seconds, margin is 60 seconds).
[STDOUT  ] 2017-08-30T15:37:55.675569289Z: [    1.245151] NetLabel: Initializing
[STDERR  ] 2017-08-30T15:37:55.675570797Z: [    6.537546] loop: module loaded
[STDERR  ] 2017-08-30T15:37:55.675584132Z: [    6.553662] nbd: registered device at major 43
[STDOUT  ] 2017-08-30T15:37:55.675578455Z: [    1.245429] NetLabel:  domain hash size = 128
[STDERR  ] 2017-08-30T15:37:55.675593123Z: [    6.595853] lpc_ich 0000:00:1f.0: I/O space for GPIO uninitialized
[STDOUT  ] 2017-08-30T15:37:55.67559469Z: [    1.245790] NetLabel:  protocols = UNLABELED CIPSOv4
[STDOUT  ] 2017-08-30T15:37:55.675604145Z: [    1.248559] NetLabel:  unlabeled traffic allowed by default
[STDERR  ] 2017-08-30T15:37:55.675602595Z: [    6.598201] VMware PVSCSI driver - version 1.0.7.0-k
[STDOUT  ] 2017-08-30T15:37:55.675613053Z: [    1.249835] HPET: 3 timers in total, 0 timers will be used for per-cpu timer
[STDERR  ] 2017-08-30T15:37:55.675613557Z: [    6.599116] hv_vmbus: registering driver hv_storvsc
[STDERR  ] 2017-08-30T15:37:55.675622475Z: [    6.609251] ACPI: PCI Interrupt Link [GSIA] enabled at IRQ 16
[STDOUT  ] 2017-08-30T15:37:55.675622395Z: [    1.251031] hpet0: at MMIO 0xfed00000, IRQs 2, 8, 0
[STDERR  ] 2017-08-30T15:37:55.67563138Z: [    6.615844] ahci 0000:00:1f.2: AHCI 0001.0000 32 slots 6 ports 1.5 Gbps 0x3f impl SATA mode
[STDOUT  ] 2017-08-30T15:37:55.675632915Z: [    1.251637] hpet0: 3 comparators, 64-bit 100.000000 MHz counter
[STDERR  ] 2017-08-30T15:37:55.675640769Z: [    6.616656] ahci 0000:00:1f.2: flags: 64bit ncq only 
[STDOUT  ] 2017-08-30T15:37:55.67564189Z: [    1.257314] clocksource: Switched to clocksource hpet
[STDERR  ] 2017-08-30T15:37:55.675649839Z: [    6.638008] scsi host0: ahci
[STDOUT  ] 2017-08-30T15:37:55.675651342Z: [    1.505116] VFS: Disk quotas dquot_6.6.0
[STDERR  ] 2017-08-30T15:37:55.675658965Z: [    6.643583] scsi host1: ahci
[STDOUT  ] 2017-08-30T15:37:55.675660327Z: [    1.505942] VFS: Dquot-cache hash table entries: 512 (order 0, 4096 bytes)
[STDERR  ] 2017-08-30T15:37:55.675668113Z: [    6.645910] scsi host2: ahci
[STDOUT  ] 2017-08-30T15:37:55.675669619Z: [    1.510340] FS-Cache: Loaded
[STDOUT  ] 2017-08-30T15:37:55.675683543Z: [    1.515497] CacheFiles: Loaded
[STDERR  ] 2017-08-30T15:37:55.675680539Z: [    6.648098] scsi host3: ahci
[STDOUT  ] 2017-08-30T15:37:55.675692889Z: [    1.517247] pnp: PnP ACPI init
[STDERR  ] 2017-08-30T15:37:55.675689915Z: [    6.650646] scsi host4: ahci
[STDOUT  ] 2017-08-30T15:37:55.675702547Z: [    1.528458] pnp: PnP ACPI: found 5 devices
[STDERR  ] 2017-08-30T15:37:55.675705129Z: [    6.652881] scsi host5: ahci
[STDOUT  ] 2017-08-30T15:37:55.675711907Z: [    1.576322] clocksource: acpi_pm: mask: 0xffffff max_cycles: 0xffffff, max_idle_ns: 2085701024 ns
[STDERR  ] 2017-08-30T15:37:55.67571411Z: [    6.654740] ata1: SATA max UDMA/133 abar m4096@0xfebd2000 port 0xfebd2100 irq 24
[STDOUT  ] 2017-08-30T15:37:55.675721367Z: [    1.580873] NET: Registered protocol family 2
[STDERR  ] 2017-08-30T15:37:55.675723089Z: [    6.655263] ata2: SATA max UDMA/133 abar m4096@0xfebd2000 port 0xfebd2180 irq 24
[STDERR  ] 2017-08-30T15:37:55.675732005Z: [    6.655724] ata3: SATA max UDMA/133 abar m4096@0xfebd2000 port 0xfebd2200 irq 24
[STDOUT  ] 2017-08-30T15:37:55.675730567Z: [    1.588085] TCP established hash table entries: 8192 (order: 4, 65536 bytes)
[STDOUT  ] 2017-08-30T15:37:55.67573984Z: [    1.588925] TCP bind hash table entries: 8192 (order: 5, 131072 bytes)
[STDERR  ] 2017-08-30T15:37:55.67574097Z: [    6.656114] ata4: SATA max UDMA/133 abar m4096@0xfebd2000 port 0xfebd2280 irq 24
[STDERR  ] 2017-08-30T15:37:55.675750712Z: [    6.656582] ata5: SATA max UDMA/133 abar m4096@0xfebd2000 port 0xfebd2300 irq 24
[STDOUT  ] 2017-08-30T15:37:55.675749325Z: [    1.589639] TCP: Hash tables configured (established 8192 bind 8192)
[STDOUT  ] 2017-08-30T15:37:55.675761073Z: [    1.591945] UDP hash table entries: 512 (order: 2, 16384 bytes)
[STDERR  ] 2017-08-30T15:37:55.675770709Z: [    6.657023] ata6: SATA max UDMA/133 abar m4096@0xfebd2000 port 0xfebd2380 irq 24
[STDOUT  ] 2017-08-30T15:37:55.675770705Z: [    1.592612] UDP-Lite hash table entries: 512 (order: 2, 16384 bytes)
[STDERR  ] 2017-08-30T15:37:55.67578007Z: [    6.672101] tun: Universal TUN/TAP device driver, 1.6
[STDOUT  ] 2017-08-30T15:37:55.675780292Z: [    1.594973] NET: Registered protocol family 1
[STDERR  ] 2017-08-30T15:37:55.675789195Z: [    6.672563] tun: (C) 1999-2004 Max Krasnyansky <maxk@qualcomm.com>
[STDOUT  ] 2017-08-30T15:37:55.675790767Z: [    1.596010] pci 0000:00:01.0: Video device with shadowed ROM at [mem 0x000c0000-0x000dffff]
[STDERR  ] 2017-08-30T15:37:55.675798242Z: [    6.683407] VMware vmxnet3 virtual NIC driver - version 1.4.a.0-k-NAPI
[STDOUT  ] 2017-08-30T15:37:55.675799937Z: [    1.604258] Unpacking initramfs...
[STDERR  ] 2017-08-30T15:37:55.675807279Z: [    6.684564] hv_vmbus: registering driver hv_netvsc
[STDOUT  ] 2017-08-30T15:37:55.675809205Z: [    6.294757] Freeing initrd memory: 29684K
[STDOUT  ] 2017-08-30T15:37:55.675818345Z: [    6.320134] PCLMULQDQ-NI instructions are not detected.
[STDERR  ] 2017-08-30T15:37:55.675816249Z: [    6.684936] Fusion MPT base driver 3.04.20
[STDOUT  ] 2017-08-30T15:37:55.675827449Z: [    6.322135] AVX or AES-NI instructions are not detected.
[STDERR  ] 2017-08-30T15:37:55.675825432Z: [    6.685235] Copyright (c) 1999-2008 LSI Corporation
[STDERR  ] 2017-08-30T15:37:55.67583456Z: [    6.685913] Fusion MPT SPI Host driver 3.04.20
[STDOUT  ] 2017-08-30T15:37:55.675836432Z: [    6.322660] CPU feature 'AVX registers' is not supported.
[STDERR  ] 2017-08-30T15:37:55.675843765Z: [    6.688735] i8042: PNP: PS/2 Controller [PNP0303:KBD,PNP0f13:MOU] at 0x60,0x64 irq 1,12
[STDOUT  ] 2017-08-30T15:37:55.675845482Z: [    6.323078] CPU feature 'AVX registers' is not supported.
[STDERR  ] 2017-08-30T15:37:55.675852979Z: [    6.693270] serio: i8042 KBD port at 0x60,0x64 irq 1
[STDOUT  ] 2017-08-30T15:37:55.675854497Z: [    6.323538] CPU feature 'AVX registers' is not supported.
[STDERR  ] 2017-08-30T15:37:55.675862725Z: [    6.694023] serio: i8042 AUX port at 0x60,0x64 irq 12
[STDOUT  ] 2017-08-30T15:37:55.675868677Z: [    6.323981] CPU feature 'AVX registers' is not supported.
[STDERR  ] 2017-08-30T15:37:55.675876149Z: [    6.697012] hv_vmbus: registering driver hyperv_keyboard
[STDOUT  ] 2017-08-30T15:37:55.675882115Z: [    6.324426] AVX2 or AES-NI instructions are not detected.
[STDERR  ] 2017-08-30T15:37:55.675885383Z: [    6.699264] mousedev: PS/2 mouse device common for all mice
[STDOUT  ] 2017-08-30T15:37:55.6758949Z: [    6.324803] AVX2 instructions are not detected.
[STDERR  ] 2017-08-30T15:37:55.675905335Z: [    6.704372] input: AT Translated Set 2 keyboard as /devices/platform/i8042/serio0/input/input1
[STDOUT  ] 2017-08-30T15:37:55.675909875Z: [    6.333198] audit: initializing netlink subsys (disabled)
[STDERR  ] 2017-08-30T15:37:55.675914759Z: [    6.707282] input: PC Speaker as /devices/platform/pcspkr/input/input2
[STDOUT  ] 2017-08-30T15:37:55.675919152Z: [    6.334873] audit: type=2000 audit(1504107443.330:1): initialized
[STDERR  ] 2017-08-30T15:37:55.675923832Z: [    6.711216] rtc_cmos 00:00: RTC can wake from S4
[STDOUT  ] 2017-08-30T15:37:55.675928455Z: [    6.342337] workingset: timestamp_bits=46 max_order=18 bucket_order=0
[STDERR  ] 2017-08-30T15:37:55.675932872Z: [    6.714405] rtc_cmos 00:00: rtc core: registered rtc_cmos as rtc0
[STDOUT  ] 2017-08-30T15:37:55.675937585Z: [    6.348483] FS-Cache: Netfs 'cifs' registered for caching
[STDERR  ] 2017-08-30T15:37:55.675942195Z: [    6.715748] rtc_cmos 00:00: alarms up to one day, y3k, 114 bytes nvram, hpet irqs
[STDOUT  ] 2017-08-30T15:37:55.675948829Z: [    6.352391] fuse init (API version 7.26)
[STDERR  ] 2017-08-30T15:37:55.67595108Z: [    6.716472] i2c /dev entries driver
[STDOUT  ] 2017-08-30T15:37:55.675962214Z: [    6.355114] SGI XFS with ACLs, security attributes, no debug enabled
[STDERR  ] 2017-08-30T15:37:55.675963686Z: [    6.718474] device-mapper: ioctl: 4.35.0-ioctl (2016-06-23) initialised: dm-devel@redhat.com
[STDOUT  ] 2017-08-30T15:37:55.675971796Z: [    6.358958] 9p: Installing v9fs 9p2000 file system support
[STDERR  ] 2017-08-30T15:37:55.675973352Z: [    6.723546] usbcore: registered new interface driver usbhid
[STDERR  ] 2017-08-30T15:37:55.675982488Z: [    6.723957] usbhid: USB HID core driver
[STDOUT  ] 2017-08-30T15:37:55.675981021Z: [    6.359465] FS-Cache: Netfs '9p' registered for caching
[STDERR  ] 2017-08-30T15:37:55.675991474Z: [    6.724581] hv_utils: Registering HyperV Utility Driver
[STDOUT  ] 2017-08-30T15:37:55.675990256Z: [    6.396131] NET: Registered protocol family 38
[STDOUT  ] 2017-08-30T15:37:55.675999644Z: [    6.396750] Key type asymmetric registered
[STDERR  ] 2017-08-30T15:37:55.676000344Z: [    6.724909] hv_vmbus: registering driver hv_util
[STDOUT  ] 2017-08-30T15:37:55.676009024Z: [    6.397116] Asymmetric key parser 'x509' registered
[STDERR  ] 2017-08-30T15:37:55.676009304Z: [    6.725271] hv_vmbus: registering driver hv_balloon
[STDOUT  ] 2017-08-30T15:37:55.676018176Z: [    6.398181] Block layer SCSI generic (bsg) driver version 0.4 loaded (major 251)
[STDERR  ] 2017-08-30T15:37:55.676019641Z: [    6.725822] oprofile: using NMI interrupt.
[STDOUT  ] 2017-08-30T15:37:55.676027474Z: [    6.399918] io scheduler noop registered
[STDERR  ] 2017-08-30T15:37:55.676028904Z: [    6.727030] GACT probability on
[STDOUT  ] 2017-08-30T15:37:55.676036554Z: [    6.400886] io scheduler deadline registered (default)
[STDERR  ] 2017-08-30T15:37:55.676038048Z: [    6.727579] Mirror/redirect action on
[STDOUT  ] 2017-08-30T15:37:55.676045794Z: [    6.402350] io scheduler cfq registered
[STDERR  ] 2017-08-30T15:37:55.676047311Z: [    6.728447] Simple TC action Loaded
[STDERR  ] 2017-08-30T15:37:55.676056312Z: [    6.729066] u32 classifier
[STDOUT  ] 2017-08-30T15:37:55.676054899Z: [    6.405521] pci_hotplug: PCI Hot Plug PCI Core version: 0.5
[STDERR  ] 2017-08-30T15:37:55.676065604Z: [    6.729237]     Performance counters on
[STDOUT  ] 2017-08-30T15:37:55.676068602Z: [    6.406235] pciehp: PCI Express Hot Plug Controller Driver version: 0.4
[STDOUT  ] 2017-08-30T15:37:55.676077858Z: [    6.407130] shpchp: Standard Hot Plug PCI Controller Driver version: 0.4
[STDERR  ] 2017-08-30T15:37:55.676079291Z: [    6.729477]     input device check on
[STDOUT  ] 2017-08-30T15:37:55.676087154Z: [    6.408080] hv_vmbus: registering driver hyperv_fb
[STDERR  ] 2017-08-30T15:37:55.676093948Z: [    6.729736]     Actions configured
[STDOUT  ] 2017-08-30T15:37:55.676096601Z: [    6.413213] input: Power Button as /devices/LNXSYSTM:00/LNXPWRBN:00/input/input0
[STDERR  ] 2017-08-30T15:37:55.676103229Z: [    6.730676] Netfilter messages via NETLINK v0.30.
[STDOUT  ] 2017-08-30T15:37:55.676106224Z: [    6.414509] ACPI: Power Button [PWRF]
[STDERR  ] 2017-08-30T15:37:55.676112131Z: [    6.731542] nfnl_acct: registering with nfnetlink.
[STDOUT  ] 2017-08-30T15:37:55.676115564Z: [    6.421589] GHES: HEST is not enabled!
[STDOUT  ] 2017-08-30T15:37:55.676124711Z: [    6.433468] ACPI: PCI Interrupt Link [GSIG] enabled at IRQ 22
[STDERR  ] 2017-08-30T15:37:55.676120976Z: [    6.732931] nf_conntrack version 0.5.0 (8192 buckets, 32768 max)
[STDOUT  ] 2017-08-30T15:37:55.676134041Z: [    6.448487] ACPI: PCI Interrupt Link [GSIH] enabled at IRQ 23
[STDERR  ] 2017-08-30T15:37:55.676135714Z: [    6.737511] ctnetlink v0.93: registering with nfnetlink.
[STDOUT  ] 2017-08-30T15:37:55.676143392Z: [    6.453424] xenfs: not registering filesystem on non-xen platform
[STDERR  ] 2017-08-30T15:37:55.676144831Z: [    6.741135] nf_tables: (c) 2007-2009 Patrick McHardy <kaber@trash.net>
[STDOUT  ] 2017-08-30T15:37:55.676152751Z: [    6.455526] Serial: 8250/16550 driver, 4 ports, IRQ sharing disabled
[STDERR  ] 2017-08-30T15:37:55.676154174Z: [    6.741967] nf_tables_compat: (c) 2012 Pablo Neira Ayuso <pablo@netfilter.org>
[STDOUT  ] 2017-08-30T15:37:55.676165822Z: [    6.480568] 00:04: ttyS0 at I/O 0x3f8 (irq = 4, base_baud = 115200) is a 16550A
[STDERR  ] 2017-08-30T15:37:55.676167282Z: [    6.744314] xt_time: kernel timezone is -0000
[STDOUT  ] 2017-08-30T15:37:55.676175469Z: [    6.492816] Non-volatile memory driver v1.3
[STDERR  ] 2017-08-30T15:37:55.676176932Z: [    6.744916] ip_set: protocol 6
[STDOUT  ] 2017-08-30T15:37:55.676184779Z: [    6.499050] Hangcheck: starting hangcheck timer 0.9.1 (tick is 180 seconds, margin is 60 seconds).
[STDERR  ] 2017-08-30T15:37:55.676186254Z: [    6.745651] IPVS: Registered protocols (TCP, UDP, SCTP, AH, ESP)
[STDERR  ] 2017-08-30T15:37:55.676195196Z: [    6.746263] IPVS: Connection hash table configured (size=4096, memory=64Kbytes)
[STDOUT  ] 2017-08-30T15:37:55.676194341Z: [    6.537546] loop: module loaded
[STDOUT  ] 2017-08-30T15:37:55.676203808Z: [    6.553662] nbd: registered device at major 43
[STDERR  ] 2017-08-30T15:37:55.676204109Z: [    6.748026] IPVS: Creating netns size=2104 id=0
[STDOUT  ] 2017-08-30T15:37:55.676213066Z: [    6.595853] lpc_ich 0000:00:1f.0: I/O space for GPIO uninitialized
[STDERR  ] 2017-08-30T15:37:55.676214556Z: [    6.751170] IPVS: ipvs loaded.
[STDOUT  ] 2017-08-30T15:37:55.676226911Z: [    6.598201] VMware PVSCSI driver - version 1.0.7.0-k
[STDERR  ] 2017-08-30T15:37:55.676228434Z: [    6.751532] IPVS: [rr] scheduler registered.
[STDOUT  ] 2017-08-30T15:37:55.676236189Z: [    6.599116] hv_vmbus: registering driver hv_storvsc
[STDOUT  ] 2017-08-30T15:37:55.676245211Z: [    6.609251] ACPI: PCI Interrupt Link [GSIA] enabled at IRQ 16
[STDERR  ] 2017-08-30T15:37:55.676237709Z: [    6.751890] IPVS: [wrr] scheduler registered.
[STDERR  ] 2017-08-30T15:37:55.676251728Z: [    6.752186] IPVS: [lc] scheduler registered.
[STDOUT  ] 2017-08-30T15:37:55.676254569Z: [    6.615844] ahci 0000:00:1f.2: AHCI 0001.0000 32 slots 6 ports 1.5 Gbps 0x3f impl SATA mode
[STDERR  ] 2017-08-30T15:37:55.676260976Z: [    6.752426] IPVS: [wlc] scheduler registered.
[STDERR  ] 2017-08-30T15:37:55.676269992Z: [    6.752730] IPVS: [fo] scheduler registered.
[STDOUT  ] 2017-08-30T15:37:55.676271869Z: [    6.616656] ahci 0000:00:1f.2: flags: 64bit ncq only 
[STDERR  ] 2017-08-30T15:37:55.676278952Z: [    6.752979] IPVS: [ovf] scheduler registered.
[STDERR  ] 2017-08-30T15:37:55.676288094Z: [    6.753435] IPVS: [lblc] scheduler registered.
[STDOUT  ] 2017-08-30T15:37:55.676285104Z: [    6.638008] scsi host0: ahci
[STDERR  ] 2017-08-30T15:37:55.676297526Z: [    6.753894] IPVS: [lblcr] scheduler registered.
[STDOUT  ] 2017-08-30T15:37:55.676299066Z: [    6.643583] scsi host1: ahci
[STDERR  ] 2017-08-30T15:37:55.676306674Z: [    6.754223] IPVS: [dh] scheduler registered.
[STDOUT  ] 2017-08-30T15:37:55.676308142Z: [    6.645910] scsi host2: ahci
[STDERR  ] 2017-08-30T15:37:55.676315781Z: [    6.754586] IPVS: [sh] scheduler registered.
[STDOUT  ] 2017-08-30T15:37:55.676321651Z: [    6.648098] scsi host3: ahci
[STDERR  ] 2017-08-30T15:37:55.676325274Z: [    6.754878] IPVS: [sed] scheduler registered.
[STDOUT  ] 2017-08-30T15:37:55.676330629Z: [    6.650646] scsi host4: ahci
[STDERR  ] 2017-08-30T15:37:55.676334521Z: [    6.755139] IPVS: [nq] scheduler registered.
[STDOUT  ] 2017-08-30T15:37:55.676340822Z: [    6.652881] scsi host5: ahci
[STDERR  ] 2017-08-30T15:37:55.676343656Z: [    6.755857] IPVS: ftp: loaded support on port[0] = 21
[STDOUT  ] 2017-08-30T15:37:55.676349918Z: [    6.654740] ata1: SATA max UDMA/133 abar m4096@0xfebd2000 port 0xfebd2100 irq 24
[STDERR  ] 2017-08-30T15:37:55.676352808Z: [    6.756797] ipip: IPv4 and MPLS over IPv4 tunneling driver
[STDOUT  ] 2017-08-30T15:37:55.676359038Z: [    6.655263] ata2: SATA max UDMA/133 abar m4096@0xfebd2000 port 0xfebd2180 irq 24
[STDERR  ] 2017-08-30T15:37:55.676361794Z: [    6.761482] gre: GRE over IPv4 demultiplexor driver
[STDOUT  ] 2017-08-30T15:37:55.676368164Z: [    6.655724] ata3: SATA max UDMA/133 abar m4096@0xfebd2000 port 0xfebd2200 irq 24
[STDERR  ] 2017-08-30T15:37:55.676370931Z: [    6.764256] ip_tables: (C) 2000-2006 Netfilter Core Team
[STDERR  ] 2017-08-30T15:37:55.676380252Z: [    6.767460] ipt_CLUSTERIP: ClusterIP Version 0.8 loaded successfully
[STDOUT  ] 2017-08-30T15:37:55.676380862Z: [    6.656114] ata4: SATA max UDMA/133 abar m4096@0xfebd2000 port 0xfebd2280 irq 24
[STDERR  ] 2017-08-30T15:37:55.676389564Z: [    6.768379] arp_tables: arp_tables: (C) 2002 David S. Miller
[STDOUT  ] 2017-08-30T15:37:55.676389864Z: [    6.656582] ata5: SATA max UDMA/133 abar m4096@0xfebd2000 port 0xfebd2300 irq 24
[STDOUT  ] 2017-08-30T15:37:55.676400148Z: [    6.657023] ata6: SATA max UDMA/133 abar m4096@0xfebd2000 port 0xfebd2380 irq 24
[STDERR  ] 2017-08-30T15:37:55.676398701Z: [    6.771367] NET: Registered protocol family 10
[STDERR  ] 2017-08-30T15:37:55.676407958Z: [    6.781459] ip6_tables: (C) 2000-2006 Netfilter Core Team
[STDOUT  ] 2017-08-30T15:37:55.676409144Z: [    6.672101] tun: Universal TUN/TAP device driver, 1.6
[STDERR  ] 2017-08-30T15:37:55.676417108Z: [    6.789625] NET: Registered protocol family 17
[STDOUT  ] 2017-08-30T15:37:55.676418536Z: [    6.672563] tun: (C) 1999-2004 Max Krasnyansky <maxk@qualcomm.com>
[STDERR  ] 2017-08-30T15:37:55.676426282Z: [    6.791325] Bridge firewalling registered
[STDOUT  ] 2017-08-30T15:37:55.676427704Z: [    6.683407] VMware vmxnet3 virtual NIC driver - version 1.4.a.0-k-NAPI
[STDOUT  ] 2017-08-30T15:37:55.676436751Z: [    6.684564] hv_vmbus: registering driver hv_netvsc
[STDERR  ] 2017-08-30T15:37:55.676435322Z: [    6.791886] Ebtables v2.0 registered
[STDERR  ] 2017-08-30T15:37:55.676444369Z: [    6.793740] 8021q: 802.1Q VLAN Support v1.8
[STDOUT  ] 2017-08-30T15:37:55.676445751Z: [    6.684936] Fusion MPT base driver 3.04.20
[STDERR  ] 2017-08-30T15:37:55.676453562Z: [    6.795262] 9pnet: Installing 9P2000 support
[STDOUT  ] 2017-08-30T15:37:55.676455044Z: [    6.685235] Copyright (c) 1999-2008 LSI Corporation
[STDERR  ] 2017-08-30T15:37:55.676462688Z: [    6.796683] Key type dns_resolver registered
[STDOUT  ] 2017-08-30T15:37:55.676464094Z: [    6.685913] Fusion MPT SPI Host driver 3.04.20
[STDOUT  ] 2017-08-30T15:37:55.676473298Z: [    6.688735] i8042: PNP: PS/2 Controller [PNP0303:KBD,PNP0f13:MOU] at 0x60,0x64 irq 1,12
[STDERR  ] 2017-08-30T15:37:55.676473889Z: [    6.797676] microcode: AMD CPU family 0x6 not supported
[STDOUT  ] 2017-08-30T15:37:55.676482682Z: [    6.693270] serio: i8042 KBD port at 0x60,0x64 irq 1
[STDERR  ] 2017-08-30T15:37:55.676483084Z: [    6.801833] registered taskstats version 1
[STDOUT  ] 2017-08-30T15:37:55.676494756Z: [    6.694023] serio: i8042 AUX port at 0x60,0x64 irq 12
[STDERR  ] 2017-08-30T15:37:55.676497768Z: [    6.995437] ata3: SATA link up 1.5 Gbps (SStatus 113 SControl 300)
[STDOUT  ] 2017-08-30T15:37:55.676503782Z: [    6.697012] hv_vmbus: registering driver hyperv_keyboard
[STDERR  ] 2017-08-30T15:37:55.676506868Z: [    7.000461] ata2: SATA link down (SStatus 0 SControl 300)
[STDOUT  ] 2017-08-30T15:37:55.676512914Z: [    6.699264] mousedev: PS/2 mouse device common for all mice
[STDERR  ] 2017-08-30T15:37:55.676515878Z: [    7.002127] ata1: SATA link up 1.5 Gbps (SStatus 113 SControl 300)
[STDOUT  ] 2017-08-30T15:37:55.676522134Z: [    6.704372] input: AT Translated Set 2 keyboard as /devices/platform/i8042/serio0/input/input1
[STDERR  ] 2017-08-30T15:37:55.676525164Z: [    7.004114] ata1.00: ATA-7: QEMU HARDDISK, 2.5+, max UDMA/100
[STDOUT  ] 2017-08-30T15:37:55.676531304Z: [    6.707282] input: PC Speaker as /devices/platform/pcspkr/input/input2
[STDERR  ] 2017-08-30T15:37:55.676534201Z: [    7.004543] ata1.00: 1048576 sectors, multi 16: LBA48 NCQ (depth 31/32)
[STDOUT  ] 2017-08-30T15:37:55.676540232Z: [    6.711216] rtc_cmos 00:00: RTC can wake from S4
[STDERR  ] 2017-08-30T15:37:55.676543542Z: [    7.005308] ata1.00: applying bridge limits
[STDOUT  ] 2017-08-30T15:37:55.676549348Z: [    6.714405] rtc_cmos 00:00: rtc core: registered rtc_cmos as rtc0
[STDERR  ] 2017-08-30T15:37:55.676552704Z: [    7.006708] ata6: SATA link down (SStatus 0 SControl 300)
[STDOUT  ] 2017-08-30T15:37:55.676558591Z: [    6.715748] rtc_cmos 00:00: alarms up to one day, y3k, 114 bytes nvram, hpet irqs
[STDERR  ] 2017-08-30T15:37:55.676565726Z: [    7.007332] ata4: SATA link down (SStatus 0 SControl 300)
[STDOUT  ] 2017-08-30T15:37:55.676567791Z: [    6.716472] i2c /dev entries driver
[STDERR  ] 2017-08-30T15:37:55.676574921Z: [    7.007811] ata5: SATA link down (SStatus 0 SControl 300)
[STDERR  ] 2017-08-30T15:37:55.676583699Z: [    7.009030] ata1.00: configured for UDMA/100
[STDERR  ] 2017-08-30T15:37:55.676592778Z: [    7.028806] ata3.00: ATAPI: QEMU DVD-ROM, 2.5+, max UDMA/100
[STDOUT  ] 2017-08-30T15:37:55.676577086Z: [    6.718474] device-mapper: ioctl: 4.35.0-ioctl (2016-06-23) initialised: dm-devel@redhat.com
[STDOUT  ] 2017-08-30T15:37:55.676600958Z: [    6.723546] usbcore: registered new interface driver usbhid
[STDERR  ] 2017-08-30T15:37:55.676602038Z: [    7.029260] ata3.00: applying bridge limits
[STDOUT  ] 2017-08-30T15:37:55.676610558Z: [    6.723957] usbhid: USB HID core driver
[STDERR  ] 2017-08-30T15:37:55.676615504Z: [    7.030735] ata3.00: configured for UDMA/100
[STDOUT  ] 2017-08-30T15:37:55.676619999Z: [    6.724581] hv_utils: Registering HyperV Utility Driver
[STDERR  ] 2017-08-30T15:37:55.676624464Z: [    7.035003] scsi 0:0:0:0: Direct-Access     ATA      QEMU HARDDISK    2.5+ PQ: 0 ANSI: 5
[STDOUT  ] 2017-08-30T15:37:55.676629159Z: [    6.724909] hv_vmbus: registering driver hv_util
[STDERR  ] 2017-08-30T15:37:55.676633744Z: [    7.052652] sd 0:0:0:0: [sda] 1048576 512-byte logical blocks: (537 MB/512 MiB)
[STDOUT  ] 2017-08-30T15:37:55.676638224Z: [    6.725271] hv_vmbus: registering driver hv_balloon
[STDERR  ] 2017-08-30T15:37:55.676642764Z: [    7.053850] sd 0:0:0:0: Attached scsi generic sg0 type 0
[STDOUT  ] 2017-08-30T15:37:55.676649314Z: [    6.725822] oprofile: using NMI interrupt.
[STDERR  ] 2017-08-30T15:37:55.676652092Z: [    7.059989] sd 0:0:0:0: [sda] Write Protect is off
[STDERR  ] 2017-08-30T15:37:55.676661218Z: [    7.063479] scsi 2:0:0:0: CD-ROM            QEMU     QEMU DVD-ROM     2.5+ PQ: 0 ANSI: 5
[STDOUT  ] 2017-08-30T15:37:55.676658474Z: [    6.727030] GACT probability on
[STDOUT  ] 2017-08-30T15:37:55.676667654Z: [    6.727579] Mirror/redirect action on
[STDERR  ] 2017-08-30T15:37:55.676670429Z: [    7.068143] Key type big_key registered
[STDERR  ] 2017-08-30T15:37:55.676679388Z: [    7.071516] sd 0:0:0:0: [sda] Write cache: enabled, read cache: enabled, doesn't support DPO or FUA
[STDOUT  ] 2017-08-30T15:37:55.676676828Z: [    6.728447] Simple TC action Loaded
[STDERR  ] 2017-08-30T15:37:55.676689122Z: [    7.084339] sr 2:0:0:0: [sr0] scsi3-mmc drive: 4x/4x cd/rw xa/form2 tray
[STDOUT  ] 2017-08-30T15:37:55.676695172Z: [    6.729066] u32 classifier
[STDERR  ] 2017-08-30T15:37:55.676698772Z: [    7.085183] cdrom: Uniform CD-ROM driver Revision: 3.20
[STDOUT  ] 2017-08-30T15:37:55.676704936Z: [    6.729237]     Performance counters on
[STDOUT  ] 2017-08-30T15:37:55.676714144Z: [    6.729477]     input device check on
[STDERR  ] 2017-08-30T15:37:55.676712109Z: [    7.100611] sr 2:0:0:0: Attached scsi generic sg1 type 5
[STDOUT  ] 2017-08-30T15:37:55.676723274Z: [    6.729736]     Actions configured
[STDERR  ] 2017-08-30T15:37:55.676724569Z: [    7.122871] sd 0:0:0:0: [sda] Attached SCSI disk
[STDOUT  ] 2017-08-30T15:37:55.676732509Z: [    6.730676] Netfilter messages via NETLINK v0.30.
[STDERR  ] 2017-08-30T15:37:55.676734042Z: [    7.158743] Key type encrypted registered
[STDOUT  ] 2017-08-30T15:37:55.676741654Z: [    6.731542] nfnl_acct: registering with nfnetlink.
[STDERR  ] 2017-08-30T15:37:55.676743074Z: [    7.165455] rtc_cmos 00:00: setting system clock to 2017-08-30 15:37:24 UTC (1504107444)
[STDOUT  ] 2017-08-30T15:37:55.676750882Z: [    6.732931] nf_conntrack version 0.5.0 (8192 buckets, 32768 max)
[STDERR  ] 2017-08-30T15:37:55.676752409Z: [    7.335414] Freeing unused kernel memory: 1380K
[STDERR  ] 2017-08-30T15:37:55.676761506Z: [    7.335747] Write protecting the kernel read-only data: 12288k
[STDOUT  ] 2017-08-30T15:37:55.676760032Z: [    6.737511] ctnetlink v0.93: registering with nfnetlink.
[STDERR  ] 2017-08-30T15:37:55.676770399Z: [    7.344175] Freeing unused kernel memory: 148K
[STDOUT  ] 2017-08-30T15:37:55.676774396Z: [    6.741135] nf_tables: (c) 2007-2009 Patrick McHardy <kaber@trash.net>
[STDERR  ] 2017-08-30T15:37:55.676779441Z: [    7.478158] Freeing unused kernel memory: 1400K
[STDOUT  ] 2017-08-30T15:37:55.676783789Z: [    6.741967] nf_tables_compat: (c) 2012 Pablo Neira Ayuso <pablo@netfilter.org>
[STDERR  ] 2017-08-30T15:37:55.676788762Z: [    7.479109] tsc: Refined TSC clocksource calibration: 2600.004 MHz
[STDOUT  ] 2017-08-30T15:37:55.676792966Z: [    6.744314] xt_time: kernel timezone is -0000
[STDOUT  ] 2017-08-30T15:37:55.676802349Z: [    6.744916] ip_set: protocol 6
[STDERR  ] 2017-08-30T15:37:55.676799396Z: [    7.479626] clocksource: tsc: mask: 0xffffffffffffffff max_cycles: 0x257a3ff7d60, max_idle_ns: 440795222870 ns
[STDOUT  ] 2017-08-30T15:37:55.676811531Z: [    6.745651] IPVS: Registered protocols (TCP, UDP, SCTP, AH, ESP)
[STDERR  ] 2017-08-30T15:37:55.676808729Z: [    8.499217] clocksource: Switched to clocksource tsc
[STDERR  ] 2017-08-30T15:37:55.676817854Z: 
[STDOUT  ] 2017-08-30T15:37:55.676820761Z: [    6.746263] IPVS: Connection hash table configured (size=4096, memory=64Kbytes)
[STDERR  ] 2017-08-30T15:37:55.676827049Z: Welcome to LinuxKit
[STDOUT  ] 2017-08-30T15:37:55.676829851Z: [    6.748026] IPVS: Creating netns size=2104 id=0
[STDOUT  ] 2017-08-30T15:37:55.676839046Z: [    6.751170] IPVS: ipvs loaded.
[STDERR  ] 2017-08-30T15:37:55.676836218Z: 
[STDOUT  ] 2017-08-30T15:37:55.676848461Z: [    6.751532] IPVS: [rr] scheduler registered.
[STDERR  ] 2017-08-30T15:37:55.676845452Z:                         ##         .
[STDERR  ] 2017-08-30T15:37:55.676854948Z:                   ## ## ##        ==
[STDOUT  ] 2017-08-30T15:37:55.676857739Z: [    6.751890] IPVS: [wrr] scheduler registered.
[STDERR  ] 2017-08-30T15:37:55.676864889Z:                ## ## ## ## ##    ===
[STDOUT  ] 2017-08-30T15:37:55.676866718Z: [    6.752186] IPVS: [lc] scheduler registered.
[STDERR  ] 2017-08-30T15:37:55.676874242Z:            /"""""""""""""""""\___/ ===
[STDOUT  ] 2017-08-30T15:37:55.676875799Z: [    6.752426] IPVS: [wlc] scheduler registered.
[STDERR  ] 2017-08-30T15:37:55.676883314Z:           {                       /  ===-
[STDOUT  ] 2017-08-30T15:37:55.676884864Z: [    6.752730] IPVS: [fo] scheduler registered.
[STDERR  ] 2017-08-30T15:37:55.676892336Z:            \______ O           __/
[STDOUT  ] 2017-08-30T15:37:55.676898428Z: [    6.752979] IPVS: [ovf] scheduler registered.
[STDERR  ] 2017-08-30T15:37:55.676901588Z:              \    \         __/
[STDOUT  ] 2017-08-30T15:37:55.676907581Z: [    6.753435] IPVS: [lblc] scheduler registered.
[STDERR  ] 2017-08-30T15:37:55.676910871Z:               \____\_______/
[STDERR  ] 2017-08-30T15:37:55.676919982Z: 
[STDOUT  ] 2017-08-30T15:37:55.676916576Z: [    6.753894] IPVS: [lblcr] scheduler registered.
[STDERR  ] 2017-08-30T15:37:55.676929178Z: [   18.193126] IPVS: Creating netns size=2104 id=1
[STDOUT  ] 2017-08-30T15:37:55.676926484Z: [    6.754223] IPVS: [dh] scheduler registered.
[STDOUT  ] 2017-08-30T15:37:55.676935462Z: [    6.754586] IPVS: [sh] scheduler registered.
[STDERR  ] 2017-08-30T15:37:55.676938244Z: [   18.193661] IPVS: ftp: loaded support on port[0] = 21
[STDOUT  ] 2017-08-30T15:37:55.676944674Z: [    6.754878] IPVS: [sed] scheduler registered.
[STDERR  ] 2017-08-30T15:37:55.676947311Z: 2017/08/30 15:37:37 Creating partition on /dev/sda
[STDOUT  ] 2017-08-30T15:37:55.676953736Z: [    6.755139] IPVS: [nq] scheduler registered.
[STDERR  ] 2017-08-30T15:37:55.676956438Z: [   19.647430] random: fdisk: uninitialized urandom read (4 bytes read)
[STDOUT  ] 2017-08-30T15:37:55.676962594Z: [    6.755857] IPVS: ftp: loaded support on port[0] = 21
[STDERR  ] 2017-08-30T15:37:55.676971164Z: [   19.678856]  sda:
[STDOUT  ] 2017-08-30T15:37:55.676972624Z: [    6.756797] ipip: IPv4 and MPLS over IPv4 tunneling driver
[STDERR  ] 2017-08-30T15:37:55.676980564Z: [   19.750802]  sda:
[STDOUT  ] 2017-08-30T15:37:55.676981534Z: [    6.761482] gre: GRE over IPv4 demultiplexor driver
[STDERR  ] 2017-08-30T15:37:55.676994399Z: [   19.757838] random: sfdisk: uninitialized urandom read (4 bytes read)
[STDOUT  ] 2017-08-30T15:37:55.676995422Z: [    6.764256] ip_tables: (C) 2000-2006 Netfilter Core Team
[STDERR  ] 2017-08-30T15:37:55.677003581Z: [   19.781995]  sda: sda1
[STDOUT  ] 2017-08-30T15:37:55.677005144Z: [    6.767460] ipt_CLUSTERIP: ClusterIP Version 0.8 loaded successfully
[STDOUT  ] 2017-08-30T15:37:55.677014396Z: [    6.768379] arp_tables: arp_tables: (C) 2002 David S. Miller
[STDERR  ] 2017-08-30T15:37:55.677012734Z: [   19.850931]  sda: sda1
[STDERR  ] 2017-08-30T15:37:55.677021899Z: [   21.349760] random: mkfs.xfs: uninitialized urandom read (16 bytes read)
[STDOUT  ] 2017-08-30T15:37:55.677023531Z: [    6.771367] NET: Registered protocol family 10
[STDOUT  ] 2017-08-30T15:37:55.677032588Z: [    6.781459] ip6_tables: (C) 2000-2006 Netfilter Core Team
[STDERR  ] 2017-08-30T15:37:55.677031084Z: [   21.497726] mkfs.xfs: sending ioctl 1261 to a partition!
[STDERR  ] 2017-08-30T15:37:55.677040212Z: 2017/08/30 15:37:39 Partition /dev/sda1 successfully created!
[STDOUT  ] 2017-08-30T15:37:55.677041658Z: [    6.789625] NET: Registered protocol family 17
[STDERR  ] 2017-08-30T15:37:55.677049474Z: [   21.981468] IPVS: Creating netns size=2104 id=2
[STDOUT  ] 2017-08-30T15:37:55.677050784Z: [    6.791325] Bridge firewalling registered
[STDERR  ] 2017-08-30T15:37:55.677059858Z: [   21.982017] IPVS: ftp: loaded support on port[0] = 21
[STDOUT  ] 2017-08-30T15:37:55.677064629Z: [    6.791886] Ebtables v2.0 registered
[STDERR  ] 2017-08-30T15:37:55.677068976Z: [   23.649764] FAT-fs (sda1): utf8 is not a recommended IO charset for FAT filesystems, filesystem will be case sensitive!
[STDOUT  ] 2017-08-30T15:37:55.677073508Z: [    6.793740] 8021q: 802.1Q VLAN Support v1.8
[STDERR  ] 2017-08-30T15:37:55.677079834Z: [   23.655768] FAT-fs (sda1): utf8 is not a recommended IO charset for FAT filesystems, filesystem will be case sensitive!
[STDOUT  ] 2017-08-30T15:37:55.677083549Z: [    6.795262] 9pnet: Installing 9P2000 support
[STDERR  ] 2017-08-30T15:37:55.677094868Z: [   23.659780] mount: sending ioctl 5310 to a partition!
[STDOUT  ] 2017-08-30T15:37:55.677096164Z: [    6.796683] Key type dns_resolver registered
[STDERR  ] 2017-08-30T15:37:55.677104084Z: [   23.696616] mount: sending ioctl 5310 to a partition!
[STDOUT  ] 2017-08-30T15:37:55.677109301Z: [    6.797676] microcode: AMD CPU family 0x6 not supported
[STDOUT  ] 2017-08-30T15:37:55.677119881Z: [    6.801833] registered taskstats version 1
[STDERR  ] 2017-08-30T15:37:55.677118419Z: [   23.698227] UDF-fs: warning (device sda1): udf_fill_super: No partition found (2)
[STDERR  ] 2017-08-30T15:37:55.677131702Z: [   23.715718] XFS (sda1): Mounting V5 Filesystem
[STDOUT  ] 2017-08-30T15:37:55.677129274Z: [    6.995437] ata3: SATA link up 1.5 Gbps (SStatus 113 SControl 300)
[STDOUT  ] 2017-08-30T15:37:55.677138459Z: [    7.000461] ata2: SATA link down (SStatus 0 SControl 300)
[STDERR  ] 2017-08-30T15:37:55.677141034Z: [   23.761824] XFS (sda1): Ending clean mount
[STDERR  ] 2017-08-30T15:37:55.677150131Z: format_mount test suite PASSED
[STDOUT  ] 2017-08-30T15:37:55.677147662Z: [    7.002127] ata1: SATA link up 1.5 Gbps (SStatus 113 SControl 300)
[STDERR  ] 2017-08-30T15:37:55.67715913Z: [   36.624568] sd 0:0:0:0: [sda] Synchronizing SCSI cache
[STDOUT  ] 2017-08-30T15:37:55.677161547Z: [    7.004114] ata1.00: ATA-7: QEMU HARDDISK, 2.5+, max UDMA/100
[STDERR  ] 2017-08-30T15:37:55.677168213Z: [   36.625711] sd 0:0:0:0: [sda] Stopping disk
[STDOUT  ] 2017-08-30T15:37:55.677170743Z: [    7.004543] ata1.00: 1048576 sectors, multi 16: LBA48 NCQ (depth 31/32)
[STDERR  ] 2017-08-30T15:37:55.677177188Z: [   36.629598] ACPI: Preparing to enter system sleep state S5
[STDOUT  ] 2017-08-30T15:37:55.677180071Z: [    7.005308] ata1.00: applying bridge limits
[STDERR  ] 2017-08-30T15:37:55.677188343Z: [   36.631431] reboot: Power down
[STDOUT  ] 2017-08-30T15:37:55.677189198Z: [    7.006708] ata6: SATA link down (SStatus 0 SControl 300)
[STDOUT  ] 2017-08-30T15:37:55.677202805Z: [    7.007332] ata4: SATA link down (SStatus 0 SControl 300)
[STDERR  ] 2017-08-30T15:37:55.677201513Z: + echo [    0.000000] Linux version 4.9.44-linuxkit (root@e1ede117fb1e) (gcc version 6.3.0 (Alpine 6.3.0) ) #1 SMP Wed Aug 23 11:10:49 UTC 2017
[STDOUT  ] 2017-08-30T15:37:55.677212318Z: [    7.007811] ata5: SATA link down (SStatus 0 SControl 300)
[STDERR  ] 2017-08-30T15:37:55.677213843Z: [    0.000000] Command line: console=ttyS0
[STDOUT  ] 2017-08-30T15:37:55.677221743Z: [    7.009030] ata1.00: configured for UDMA/100
[STDERR  ] 2017-08-30T15:37:55.67722308Z: [    0.000000] x86/fpu: Legacy x87 FPU detected.
[STDOUT  ] 2017-08-30T15:37:55.677231191Z: [    7.028806] ata3.00: ATAPI: QEMU DVD-ROM, 2.5+, max UDMA/100
[STDOUT  ] 2017-08-30T15:37:55.677240598Z: [    7.029260] ata3.00: applying bridge limits
[STDERR  ] 2017-08-30T15:37:55.677232653Z: [    0.000000] x86/fpu: Using 'eager' FPU context switches.
[STDOUT  ] 2017-08-30T15:37:55.677249758Z: [    7.030735] ata3.00: configured for UDMA/100
[STDERR  ] 2017-08-30T15:37:55.677247005Z: [    0.000000] e820: BIOS-provided physical RAM map:
[STDERR  ] 2017-08-30T15:37:55.677256121Z: [    0.000000] BIOS-e820: [mem 0x0000000000000000-0x000000000009fbff] usable
[STDOUT  ] 2017-08-30T15:37:55.677258965Z: [    7.035003] scsi 0:0:0:0: Direct-Access     ATA      QEMU HARDDISK    2.5+ PQ: 0 ANSI: 5
[STDOUT  ] 2017-08-30T15:37:55.677268395Z: [    7.052652] sd 0:0:0:0: [sda] 1048576 512-byte logical blocks: (537 MB/512 MiB)
[STDERR  ] 2017-08-30T15:37:55.677269071Z: [    0.000000] BIOS-e820: [mem 0x000000000009fc00-0x000000000009ffff] reserved
[STDOUT  ] 2017-08-30T15:37:55.677277471Z: [    7.053850] sd 0:0:0:0: Attached scsi generic sg0 type 0
[STDERR  ] 2017-08-30T15:37:55.677278925Z: [    0.000000] BIOS-e820: [mem 0x00000000000f0000-0x00000000000fffff] reserved
[STDOUT  ] 2017-08-30T15:37:55.67728671Z: [    7.059989] sd 0:0:0:0: [sda] Write Protect is off
[STDERR  ] 2017-08-30T15:37:55.677288171Z: [    0.000000] BIOS-e820: [mem 0x0000000000100000-0x000000003ffdefff] usable
[STDOUT  ] 2017-08-30T15:37:55.677296157Z: [    7.063479] scsi 2:0:0:0: CD-ROM            QEMU     QEMU DVD-ROM     2.5+ PQ: 0 ANSI: 5
[STDERR  ] 2017-08-30T15:37:55.67729758Z: [    0.000000] BIOS-e820: [mem 0x000000003ffdf000-0x000000003fffffff] reserved
[STDOUT  ] 2017-08-30T15:37:55.677305531Z: [    7.068143] Key type big_key registered
[STDERR  ] 2017-08-30T15:37:55.677306863Z: [    0.000000] BIOS-e820: [mem 0x00000000b0000000-0x00000000bfffffff] reserved
[STDOUT  ] 2017-08-30T15:37:55.677320853Z: [    7.071516] sd 0:0:0:0: [sda] Write cache: enabled, read cache: enabled, doesn't support DPO or FUA
[STDERR  ] 2017-08-30T15:37:55.677320453Z: [    0.000000] BIOS-e820: [mem 0x00000000fed1c000-0x00000000fed1ffff] reserved
[STDERR  ] 2017-08-30T15:37:55.677329803Z: [    0.000000] BIOS-e820: [mem 0x00000000fffc0000-0x00000000ffffffff] reserved
[STDOUT  ] 2017-08-30T15:37:55.677330227Z: [    7.084339] sr 2:0:0:0: [sr0] scsi3-mmc drive: 4x/4x cd/rw xa/form2 tray
[STDERR  ] 2017-08-30T15:37:55.677339037Z: [    0.000000] NX (Execute Disable) protection: active
[STDOUT  ] 2017-08-30T15:37:55.67734048Z: [    7.085183] cdrom: Uniform CD-ROM driver Revision: 3.20
[STDOUT  ] 2017-08-30T15:37:55.677349728Z: [    7.100611] sr 2:0:0:0: Attached scsi generic sg1 type 5
[STDERR  ] 2017-08-30T15:37:55.677348208Z: [    0.000000] SMBIOS 2.8 present.
[STDERR  ] 2017-08-30T15:37:55.677357258Z: [    0.000000] e820: last_pfn = 0x3ffdf max_arch_pfn = 0x400000000
[STDOUT  ] 2017-08-30T15:37:55.67735888Z: [    7.122871] sd 0:0:0:0: [sda] Attached SCSI disk
[STDERR  ] 2017-08-30T15:37:55.677366311Z: [    0.000000] x86/PAT: Configuration [0-7]: WB  WC  UC- UC  WB  WC  UC- WT  
[STDOUT  ] 2017-08-30T15:37:55.677368038Z: [    7.158743] Key type encrypted registered
[STDERR  ] 2017-08-30T15:37:55.677375361Z: [    0.000000] found SMP MP-table at [mem 0x000f6aa0-0x000f6aaf] mapped at [ffff9e9a800f6aa0]
[STDOUT  ] 2017-08-30T15:37:55.677377077Z: [    7.165455] rtc_cmos 00:00: setting system clock to 2017-08-30 15:37:24 UTC (1504107444)
[STDOUT  ] 2017-08-30T15:37:55.677389793Z: [    7.335414] Freeing unused kernel memory: 1380K
[STDERR  ] 2017-08-30T15:37:55.677388471Z: [    0.000000] RAMDISK: [mem 0x3e2d3000-0x3ffcffff]
[STDOUT  ] 2017-08-30T15:37:55.677398907Z: [    7.335747] Write protecting the kernel read-only data: 12288k
[STDERR  ] 2017-08-30T15:37:55.677397777Z: [    0.000000] ACPI: Early table checksum verification disabled
[STDERR  ] 2017-08-30T15:37:55.677406721Z: [    0.000000] ACPI: RSDP 0x00000000000F68C0 000014 (v00 BOCHS )
[STDOUT  ] 2017-08-30T15:37:55.677408003Z: [    7.344175] Freeing unused kernel memory: 148K
[STDOUT  ] 2017-08-30T15:37:55.677417003Z: [    7.478158] Freeing unused kernel memory: 1400K
[STDERR  ] 2017-08-30T15:37:55.677420487Z: [    0.000000] ACPI: RSDT 0x000000003FFE2404 000034 (v01 BOCHS  BXPCRSDT 00000001 BXPC 00000001)
[STDOUT  ] 2017-08-30T15:37:55.677426637Z: [    7.479109] tsc: Refined TSC clocksource calibration: 2600.004 MHz
[STDERR  ] 2017-08-30T15:37:55.677429857Z: [    0.000000] ACPI: FACP 0x000000003FFE22A4 000074 (v01 BOCHS  BXPCFACP 00000001 BXPC 00000001)
[STDOUT  ] 2017-08-30T15:37:55.677436143Z: [    7.479626] clocksource: tsc: mask: 0xffffffffffffffff max_cycles: 0x257a3ff7d60, max_idle_ns: 440795222870 ns
[STDOUT  ] 2017-08-30T15:37:55.677445478Z: [    8.499217] clocksource: Switched to clocksource tsc
[STDERR  ] 2017-08-30T15:37:55.677442867Z: [    0.000000] ACPI: DSDT 0x000000003FFE0040 002264 (v01 BOCHS  BXPCDSDT 00000001 BXPC 00000001)
[STDERR  ] 2017-08-30T15:37:55.677451841Z: [    0.000000] ACPI: FACS 0x000000003FFE0000 000040
[STDOUT  ] 2017-08-30T15:37:55.677454688Z: 
[STDERR  ] 2017-08-30T15:37:55.677460723Z: [    0.000000] ACPI: APIC 0x000000003FFE2318 000078 (v01 BOCHS  BXPCAPIC 00000001 BXPC 00000001)
[STDOUT  ] 2017-08-30T15:37:55.677464525Z: Welcome to LinuxKit
[STDERR  ] 2017-08-30T15:37:55.677469553Z: [    0.000000] ACPI: HPET 0x000000003FFE2390 000038 (v01 BOCHS  BXPCHPET 00000001 BXPC 00000001)
[STDOUT  ] 2017-08-30T15:37:55.677473711Z: 
[STDERR  ] 2017-08-30T15:37:55.677480143Z: [    0.000000] ACPI: MCFG 0x000000003FFE23C8 00003C (v01 BOCHS  BXPCMCFG 00000001 BXPC 00000001)
[STDOUT  ] 2017-08-30T15:37:55.677483301Z:                         ##         .
[STDERR  ] 2017-08-30T15:37:55.67748906Z: [    0.000000] Zone ranges:
[STDOUT  ] 2017-08-30T15:37:55.6774925Z:                   ## ## ##        ==
[STDERR  ] 2017-08-30T15:37:55.677498033Z: [    0.000000]   DMA      [mem 0x0000000000001000-0x0000000000ffffff]
[STDERR  ] 2017-08-30T15:37:55.677507553Z: [    0.000000]   DMA32    [mem 0x0000000001000000-0x000000003ffdefff]
[STDOUT  ] 2017-08-30T15:37:55.677506138Z:                ## ## ## ## ##    ===
[STDERR  ] 2017-08-30T15:37:55.677517471Z: [    0.000000]   Normal   empty
[STDOUT  ] 2017-08-30T15:37:55.677521325Z:            /"""""""""""""""""\___/ ===
[STDERR  ] 2017-08-30T15:37:55.677526617Z: [    0.000000] Movable zone start for each node
[STDOUT  ] 2017-08-30T15:37:55.677530727Z:           {                       /  ===-
[STDERR  ] 2017-08-30T15:37:55.677535497Z: [    0.000000] Early memory node ranges
[STDOUT  ] 2017-08-30T15:37:55.677539867Z:            \______ O           __/
[STDOUT  ] 2017-08-30T15:37:55.677549098Z:              \    \         __/
[STDERR  ] 2017-08-30T15:37:55.67754614Z: [    0.000000]   node   0: [mem 0x0000000000001000-0x000000000009efff]
[STDERR  ] 2017-08-30T15:37:55.677559971Z: [    0.000000]   node   0: [mem 0x0000000000100000-0x000000003ffdefff]
[STDOUT  ] 2017-08-30T15:37:55.677558397Z:               \____\_______/
[STDOUT  ] 2017-08-30T15:37:55.677567521Z: 
[STDERR  ] 2017-08-30T15:37:55.677569085Z: [    0.000000] Initmem setup node 0 [mem 0x0000000000001000-0x000000003ffdefff]
[STDOUT  ] 2017-08-30T15:37:55.677577181Z: [   18.193126] IPVS: Creating netns size=2104 id=1
[STDERR  ] 2017-08-30T15:37:55.677578433Z: [    0.000000] ACPI: PM-Timer IO Port: 0x608
[STDERR  ] 2017-08-30T15:37:55.677587173Z: [    0.000000] ACPI: LAPIC_NMI (acpi_id[0xff] dfl dfl lint[0x1])
[STDOUT  ] 2017-08-30T15:37:55.677592033Z: [   18.193661] IPVS: ftp: loaded support on port[0] = 21
[STDERR  ] 2017-08-30T15:37:55.677601883Z: [    0.000000] IOAPIC[0]: apic_id 0, version 32, address 0xfec00000, GSI 0-23
[STDOUT  ] 2017-08-30T15:37:55.677603347Z: 2017/08/30 15:37:37 Creating partition on /dev/sda
[STDERR  ] 2017-08-30T15:37:55.677611053Z: [    0.000000] ACPI: INT_SRC_OVR (bus 0 bus_irq 0 global_irq 2 dfl dfl)
[STDOUT  ] 2017-08-30T15:37:55.677617225Z: [   19.647430] random: fdisk: uninitialized urandom read (4 bytes read)
[STDERR  ] 2017-08-30T15:37:55.677620193Z: [    0.000000] ACPI: INT_SRC_OVR (bus 0 bus_irq 5 global_irq 5 high level)
[STDERR  ] 2017-08-30T15:37:55.677629333Z: [    0.000000] ACPI: INT_SRC_OVR (bus 0 bus_irq 9 global_irq 9 high level)
[STDOUT  ] 2017-08-30T15:37:55.677630493Z: [   19.678856]  sda:
[STDERR  ] 2017-08-30T15:37:55.677638653Z: [    0.000000] ACPI: INT_SRC_OVR (bus 0 bus_irq 10 global_irq 10 high level)
[STDOUT  ] 2017-08-30T15:37:55.677639508Z: [   19.750802]  sda:
[STDERR  ] 2017-08-30T15:37:55.677647848Z: [    0.000000] ACPI: INT_SRC_OVR (bus 0 bus_irq 11 global_irq 11 high level)
[STDOUT  ] 2017-08-30T15:37:55.677649347Z: [   19.757838] random: sfdisk: uninitialized urandom read (4 bytes read)
[STDERR  ] 2017-08-30T15:37:55.677656891Z: [    0.000000] Using ACPI (MADT) for SMP configuration information
[STDOUT  ] 2017-08-30T15:37:55.677658431Z: [   19.781995]  sda: sda1
[STDOUT  ] 2017-08-30T15:37:55.677668028Z: [   19.850931]  sda: sda1
[STDERR  ] 2017-08-30T15:37:55.677670738Z: [    0.000000] ACPI: HPET id: 0x8086a201 base: 0xfed00000
[STDOUT  ] 2017-08-30T15:37:55.677677098Z: [   21.349760] random: mkfs.xfs: uninitialized urandom read (16 bytes read)
[STDERR  ] 2017-08-30T15:37:55.677679873Z: [    0.000000] smpboot: Allowing 1 CPUs, 0 hotplug CPUs
[STDOUT  ] 2017-08-30T15:37:55.677686171Z: [   21.497726] mkfs.xfs: sending ioctl 1261 to a partition!
[STDERR  ] 2017-08-30T15:37:55.67768901Z: [    0.000000] e820: [mem 0x40000000-0xafffffff] available for PCI devices
[STDERR  ] 2017-08-30T15:37:55.67769802Z: [    0.000000] Booting paravirtualized kernel on bare hardware
[STDOUT  ] 2017-08-30T15:37:55.677695311Z: 2017/08/30 15:37:39 Partition /dev/sda1 successfully created!
[STDERR  ] 2017-08-30T15:37:55.677706988Z: [    0.000000] clocksource: refined-jiffies: mask: 0xffffffff max_cycles: 0xffffffff, max_idle_ns: 19112604462750000 ns
[STDOUT  ] 2017-08-30T15:37:55.677709388Z: [   21.981468] IPVS: Creating netns size=2104 id=2
[STDERR  ] 2017-08-30T15:37:55.677721203Z: [    0.000000] setup_percpu: NR_CPUS:128 nr_cpumask_bits:128 nr_cpu_ids:1 nr_node_ids:1
[STDOUT  ] 2017-08-30T15:37:55.677722745Z: [   21.982017] IPVS: ftp: loaded support on port[0] = 21
[STDERR  ] 2017-08-30T15:37:55.677730733Z: [    0.000000] percpu: Embedded 35 pages/cpu @ffff9e9abe000000 s105240 r8192 d29928 u2097152
[STDOUT  ] 2017-08-30T15:37:55.677732273Z: [   23.649764] FAT-fs (sda1): utf8 is not a recommended IO charset for FAT filesystems, filesystem will be case sensitive!
[STDERR  ] 2017-08-30T15:37:55.677739747Z: [    0.000000] Built 1 zonelists in Zone order, mobility grouping on.  Total pages: 257896
[STDOUT  ] 2017-08-30T15:37:55.6777425Z: [   23.655768] FAT-fs (sda1): utf8 is not a recommended IO charset for FAT filesystems, filesystem will be case sensitive!
[STDOUT  ] 2017-08-30T15:37:55.677751718Z: [   23.659780] mount: sending ioctl 5310 to a partition!
[STDERR  ] 2017-08-30T15:37:55.67774892Z: [    0.000000] Kernel command line: console=ttyS0
[STDOUT  ] 2017-08-30T15:37:55.677761133Z: [   23.696616] mount: sending ioctl 5310 to a partition!
[STDERR  ] 2017-08-30T15:37:55.677764825Z: [    0.000000] PID hash table entries: 4096 (order: 3, 32768 bytes)
[STDERR  ] 2017-08-30T15:37:55.677774323Z: [    0.000000] Dentry cache hash table entries: 131072 (order: 8, 1048576 bytes)
[STDOUT  ] 2017-08-30T15:37:55.677770428Z: [   23.698227] UDF-fs: warning (device sda1): udf_fill_super: No partition found (2)
[STDOUT  ] 2017-08-30T15:37:55.67778058Z: [   23.715718] XFS (sda1): Mounting V5 Filesystem
[STDERR  ] 2017-08-30T15:37:55.677797557Z: [    0.000000] Inode-cache hash table entries: 65536 (order: 7, 524288 bytes)
[STDOUT  ] 2017-08-30T15:37:55.677796758Z: [   23.761824] XFS (sda1): Ending clean mount
[STDOUT  ] 2017-08-30T15:37:55.677806193Z: format_mount test suite PASSED
[STDERR  ] 2017-08-30T15:37:55.677806967Z: [    0.000000] Memory: 984488K/1048052K available (8028K kernel code, 1366K rwdata, 2696K rodata, 1380K init, 568K bss, 63564K reserved, 0K cma-reserved)
[STDOUT  ] 2017-08-30T15:37:55.677815295Z: [   36.624568] sd 0:0:0:0: [sda] Synchronizing SCSI cache
[STDERR  ] 2017-08-30T15:37:55.677821161Z: [    0.000000] Hierarchical RCU implementation.
[STDOUT  ] 2017-08-30T15:37:55.677824527Z: [   36.625711] sd 0:0:0:0: [sda] Stopping disk
[STDERR  ] 2017-08-30T15:37:55.67783023Z: [    0.000000] 	Build-time adjustment of leaf fanout to 64.
[STDOUT  ] 2017-08-30T15:37:55.677833705Z: [   36.629598] ACPI: Preparing to enter system sleep state S5
[STDOUT  ] 2017-08-30T15:37:55.677843153Z: [   36.631431] reboot: Power down
[STDERR  ] 2017-08-30T15:37:55.677839288Z: [    0.000000] 	RCU restricting CPUs from NR_CPUS=128 to nr_cpu_ids=1.
[STDERR  ] 2017-08-30T15:37:55.677849405Z: [    0.000000] RCU: Adjusting geometry for rcu_fanout_leaf=64, nr_cpu_ids=1
[STDERR  ] 2017-08-30T15:37:55.677857735Z: [    0.000000] NR_IRQS:8448 nr_irqs:256 16
[STDERR  ] 2017-08-30T15:37:55.677865741Z: [    0.000000] Console: colour VGA+ 80x25
[STDERR  ] 2017-08-30T15:37:55.677874168Z: [    0.000000] console [ttyS0] enabled
[STDERR  ] 2017-08-30T15:37:55.677883243Z: [    0.000000] clocksource: hpet: mask: 0xffffffff max_cycles: 0xffffffff, max_idle_ns: 19112604467 ns
[STDERR  ] 2017-08-30T15:37:55.677891985Z: [    0.000000] tsc: Fast TSC calibration using PIT
[STDERR  ] 2017-08-30T15:37:55.677900167Z: [    0.000000] tsc: Detected 2599.981 MHz processor
[STDERR  ] 2017-08-30T15:37:55.677908007Z: [    0.022260] Calibrating delay loop (skipped), value calculated using timer frequency.. 5199.96 BogoMIPS (lpj=25999810)
[STDERR  ] 2017-08-30T15:37:55.677916748Z: [    0.023512] pid_max: default: 32768 minimum: 301
[STDERR  ] 2017-08-30T15:37:55.677924775Z: [    0.031350] ACPI: Core revision 20160831
[STDERR  ] 2017-08-30T15:37:55.677932921Z: [    0.073832] ACPI: 1 ACPI AML tables successfully acquired and loaded
[STDERR  ] 2017-08-30T15:37:55.677941098Z: [    0.078770] Security Framework initialized
[STDERR  ] 2017-08-30T15:37:55.677955571Z: [    0.079184] Yama: becoming mindful.
[STDERR  ] 2017-08-30T15:37:55.677963953Z: [    0.081445] Mount-cache hash table entries: 2048 (order: 2, 16384 bytes)
[STDERR  ] 2017-08-30T15:37:55.677972503Z: [    0.082008] Mountpoint-cache hash table entries: 2048 (order: 2, 16384 bytes)
[STDERR  ] 2017-08-30T15:37:55.677986515Z: [    0.100857] Last level iTLB entries: 4KB 0, 2MB 0, 4MB 0
[STDERR  ] 2017-08-30T15:37:55.67799452Z: [    0.101505] Last level dTLB entries: 4KB 0, 2MB 0, 4MB 0, 1GB 0
[STDERR  ] 2017-08-30T15:37:55.678003063Z: [    0.394670] Freeing SMP alternatives memory: 20K
[STDERR  ] 2017-08-30T15:37:55.678011547Z: [    0.405212] ftrace: allocating 35486 entries in 139 pages
[STDERR  ] 2017-08-30T15:37:55.678020061Z: [    0.559315] smpboot: Max logical packages: 1
[STDERR  ] 2017-08-30T15:37:55.678028851Z: [    0.566599] ..TIMER: vector=0x30 apic1=0 pin1=2 apic2=-1 pin2=-1
[STDERR  ] 2017-08-30T15:37:55.678037457Z: [    0.670000] smpboot: CPU0: AMD QEMU Virtual CPU version 2.5+ (family: 0x6, model: 0x6, stepping: 0x3)
[STDERR  ] 2017-08-30T15:37:55.678046131Z: [    0.670000] Performance Events: PMU not available due to virtualization, using software events only.
[STDERR  ] 2017-08-30T15:37:55.67805472Z: [    0.678857] NMI watchdog: disabled (cpu0): hardware events not enabled
[STDERR  ] 2017-08-30T15:37:55.678063435Z: [    0.679373] NMI watchdog: Shutting down hard lockup detector on all cpus
[STDERR  ] 2017-08-30T15:37:55.678071581Z: [    0.683926] x86: Booted up 1 node, 1 CPUs
[STDERR  ] 2017-08-30T15:37:55.678079965Z: [    0.684345] smpboot: Total of 1 processors activated (5199.96 BogoMIPS)
[STDERR  ] 2017-08-30T15:37:55.678102685Z: [    0.697804] devtmpfs: initialized
[STDERR  ] 2017-08-30T15:37:55.678111418Z: [    0.704515] x86/mm: Memory block size: 128MB
[STDERR  ] 2017-08-30T15:37:55.678120047Z: [    0.766146] clocksource: jiffies: mask: 0xffffffff max_cycles: 0xffffffff, max_idle_ns: 19112604462750000 ns
[STDERR  ] 2017-08-30T15:37:55.678129097Z: [    0.767140] futex hash table entries: 256 (order: 2, 16384 bytes)
[STDERR  ] 2017-08-30T15:37:55.678137578Z: [    0.776619] NET: Registered protocol family 16
[STDERR  ] 2017-08-30T15:37:55.678151525Z: [    0.785935] cpuidle: using governor ladder
[STDERR  ] 2017-08-30T15:37:55.678159583Z: [    0.786427] cpuidle: using governor menu
[STDERR  ] 2017-08-30T15:37:55.678167787Z: [    0.787650] ACPI: bus type PCI registered
[STDERR  ] 2017-08-30T15:37:55.678176453Z: [    0.790613] PCI: MMCONFIG for domain 0000 [bus 00-ff] at [mem 0xb0000000-0xbfffffff] (base 0xb0000000)
[STDERR  ] 2017-08-30T15:37:55.678190838Z: [    0.791329] PCI: MMCONFIG at [mem 0xb0000000-0xbfffffff] reserved in E820
[STDERR  ] 2017-08-30T15:37:55.678199843Z: [    0.792806] PCI: Using configuration type 1 for base access
[STDERR  ] 2017-08-30T15:37:55.678209375Z: [    0.846183] HugeTLB registered 2 MB page size, pre-allocated 0 pages
[STDERR  ] 2017-08-30T15:37:55.678218183Z: [    0.858125] ACPI: Added _OSI(Module Device)
[STDERR  ] 2017-08-30T15:37:55.678226791Z: [    0.858476] ACPI: Added _OSI(Processor Device)
[STDERR  ] 2017-08-30T15:37:55.678235998Z: [    0.858865] ACPI: Added _OSI(3.0 _SCP Extensions)
[STDERR  ] 2017-08-30T15:37:55.67824542Z: [    0.859127] ACPI: Added _OSI(Processor Aggregator Device)
[STDERR  ] 2017-08-30T15:37:55.678254628Z: [    0.928770] ACPI: Interpreter enabled
[STDERR  ] 2017-08-30T15:37:55.67826912Z: [    0.930756] ACPI: (supports S0 S5)
[STDERR  ] 2017-08-30T15:37:55.678279065Z: [    0.931106] ACPI: Using IOAPIC for interrupt routing
[STDERR  ] 2017-08-30T15:37:55.678287357Z: [    0.933857] PCI: Using host bridge windows from ACPI; if necessary, use "pci=nocrs" and report a bug
[STDERR  ] 2017-08-30T15:37:55.678296175Z: [    0.996224] ACPI: PCI Root Bridge [PCI0] (domain 0000 [bus 00-ff])
[STDERR  ] 2017-08-30T15:37:55.678305028Z: [    0.997426] acpi PNP0A08:00: _OSC: OS supports [ExtendedConfig ASPM ClockPM Segments MSI]
[STDERR  ] 2017-08-30T15:37:55.678315098Z: [    1.004222] acpi PNP0A08:00: _OSC: OS now controls [PCIeHotplug PME PCIeCapability]
[STDERR  ] 2017-08-30T15:37:55.678330371Z: [    1.008022] PCI host bridge to bus 0000:00
[STDERR  ] 2017-08-30T15:37:55.678339938Z: [    1.008546] pci_bus 0000:00: root bus resource [io  0x0000-0x0cf7 window]
[STDERR  ] 2017-08-30T15:37:55.678349467Z: [    1.009012] pci_bus 0000:00: root bus resource [io  0x0d00-0xffff window]
[STDERR  ] 2017-08-30T15:37:55.678363259Z: [    1.009469] pci_bus 0000:00: root bus resource [mem 0x000a0000-0x000bffff window]
[STDERR  ] 2017-08-30T15:37:55.678372136Z: [    1.010139] pci_bus 0000:00: root bus resource [mem 0xc0000000-0xfebfffff window]
[STDERR  ] 2017-08-30T15:37:55.678380132Z: [    1.010795] pci_bus 0000:00: root bus resource [bus 00-ff]
[STDERR  ] 2017-08-30T15:37:55.678388324Z: [    1.121913] pci 0000:00:1f.0: quirk: [io  0x0600-0x067f] claimed by ICH6 ACPI/GPIO/TCO
[STDERR  ] 2017-08-30T15:37:55.678396664Z: [    1.185179] ACPI: PCI Interrupt Link [LNKA] (IRQs 5 *10 11)
[STDERR  ] 2017-08-30T15:37:55.678409779Z: [    1.187935] ACPI: PCI Interrupt Link [LNKB] (IRQs 5 *10 11)
[STDERR  ] 2017-08-30T15:37:55.67841845Z: [    1.191323] ACPI: PCI Interrupt Link [LNKC] (IRQs 5 10 *11)
[STDERR  ] 2017-08-30T15:37:55.678431729Z: [    1.193212] ACPI: PCI Interrupt Link [LNKD] (IRQs 5 10 *11)
[STDERR  ] 2017-08-30T15:37:55.678439816Z: [    1.195077] ACPI: PCI Interrupt Link [LNKE] (IRQs 5 *10 11)
[STDERR  ] 2017-08-30T15:37:55.67844848Z: [    1.196995] ACPI: PCI Interrupt Link [LNKF] (IRQs 5 *10 11)
[STDERR  ] 2017-08-30T15:37:55.678457159Z: [    1.198889] ACPI: PCI Interrupt Link [LNKG] (IRQs 5 10 *11)
[STDERR  ] 2017-08-30T15:37:55.678465734Z: [    1.200896] ACPI: PCI Interrupt Link [LNKH] (IRQs 5 10 *11)
[STDERR  ] 2017-08-30T15:37:55.678479297Z: [    1.201889] ACPI: PCI Interrupt Link [GSIA] (IRQs *16)
[STDERR  ] 2017-08-30T15:37:55.678488516Z: [    1.202677] ACPI: PCI Interrupt Link [GSIB] (IRQs *17)
[STDERR  ] 2017-08-30T15:37:55.678497646Z: [    1.203395] ACPI: PCI Interrupt Link [GSIC] (IRQs *18)
[STDERR  ] 2017-08-30T15:37:55.678506352Z: [    1.204132] ACPI: PCI Interrupt Link [GSID] (IRQs *19)
[STDERR  ] 2017-08-30T15:37:55.678515039Z: [    1.204889] ACPI: PCI Interrupt Link [GSIE] (IRQs *20)
[STDERR  ] 2017-08-30T15:37:55.678523834Z: [    1.205618] ACPI: PCI Interrupt Link [GSIF] (IRQs *21)
[STDERR  ] 2017-08-30T15:37:55.678532629Z: [    1.206327] ACPI: PCI Interrupt Link [GSIG] (IRQs *22)
[STDERR  ] 2017-08-30T15:37:55.67854134Z: [    1.207032] ACPI: PCI Interrupt Link [GSIH] (IRQs *23)
[STDERR  ] 2017-08-30T15:37:55.678549972Z: [    1.210951] ACPI: Enabled 2 GPEs in block 00 to 3F
[STDERR  ] 2017-08-30T15:37:55.678558754Z: [    1.215219] SCSI subsystem initialized
[STDERR  ] 2017-08-30T15:37:55.678567869Z: [    1.217212] ACPI: bus type USB registered
[STDERR  ] 2017-08-30T15:37:55.678576674Z: [    1.218435] usbcore: registered new interface driver usbfs
[STDERR  ] 2017-08-30T15:37:55.678585097Z: [    1.219495] usbcore: registered new interface driver hub
[STDERR  ] 2017-08-30T15:37:55.678594262Z: [    1.220781] usbcore: registered new device driver usb
[STDERR  ] 2017-08-30T15:37:55.678603052Z: [    1.222406] pps_core: LinuxPPS API ver. 1 registered
[STDERR  ] 2017-08-30T15:37:55.678615846Z: [    1.222756] pps_core: Software ver. 5.3.6 - Copyright 2005-2007 Rodolfo Giometti <giometti@linux.it>
[STDERR  ] 2017-08-30T15:37:55.678624979Z: [    1.223450] PTP clock support registered
[STDERR  ] 2017-08-30T15:37:55.67863355Z: [    1.224848] wmi: Mapper loaded
[STDERR  ] 2017-08-30T15:37:55.678642336Z: [    1.226023] PCI: Using ACPI for IRQ routing
[STDERR  ] 2017-08-30T15:37:55.678650476Z: [    1.245151] NetLabel: Initializing
[STDERR  ] 2017-08-30T15:37:55.678658802Z: [    1.245429] NetLabel:  domain hash size = 128
[STDERR  ] 2017-08-30T15:37:55.678667742Z: [    1.245790] NetLabel:  protocols = UNLABELED CIPSOv4
[STDERR  ] 2017-08-30T15:37:55.678676594Z: [    1.248559] NetLabel:  unlabeled traffic allowed by default
[STDERR  ] 2017-08-30T15:37:55.678685477Z: [    1.249835] HPET: 3 timers in total, 0 timers will be used for per-cpu timer
[STDERR  ] 2017-08-30T15:37:55.678700556Z: [    1.251031] hpet0: at MMIO 0xfed00000, IRQs 2, 8, 0
[STDERR  ] 2017-08-30T15:37:55.678709032Z: [    1.251637] hpet0: 3 comparators, 64-bit 100.000000 MHz counter
[STDERR  ] 2017-08-30T15:37:55.678717442Z: [    1.257314] clocksource: Switched to clocksource hpet
[STDERR  ] 2017-08-30T15:37:55.678725822Z: [    1.505116] VFS: Disk quotas dquot_6.6.0
[STDERR  ] 2017-08-30T15:37:55.678734342Z: [    1.505942] VFS: Dquot-cache hash table entries: 512 (order 0, 4096 bytes)
[STDERR  ] 2017-08-30T15:37:55.678742962Z: [    1.510340] FS-Cache: Loaded
[STDERR  ] 2017-08-30T15:37:55.678757992Z: [    1.515497] CacheFiles: Loaded
[STDERR  ] 2017-08-30T15:37:55.678766866Z: [    1.517247] pnp: PnP ACPI init
[STDERR  ] 2017-08-30T15:37:55.678775502Z: [    1.528458] pnp: PnP ACPI: found 5 devices
[STDERR  ] 2017-08-30T15:37:55.678784402Z: [    1.576322] clocksource: acpi_pm: mask: 0xffffff max_cycles: 0xffffff, max_idle_ns: 2085701024 ns
[STDERR  ] 2017-08-30T15:37:55.678792826Z: [    1.580873] NET: Registered protocol family 2
[STDERR  ] 2017-08-30T15:37:55.678801562Z: [    1.588085] TCP established hash table entries: 8192 (order: 4, 65536 bytes)
[STDERR  ] 2017-08-30T15:37:55.680470725Z: [    1.588925] TCP bind hash table entries: 8192 (order: 5, 131072 bytes)
[STDERR  ] 2017-08-30T15:37:55.680476723Z: [    1.589639] TCP: Hash tables configured (established 8192 bind 8192)
[STDERR  ] 2017-08-30T15:37:55.680481991Z: [    1.591945] UDP hash table entries: 512 (order: 2, 16384 bytes)
[STDERR  ] 2017-08-30T15:37:55.680487446Z: [    1.592612] UDP-Lite hash table entries: 512 (order: 2, 16384 bytes)
[STDERR  ] 2017-08-30T15:37:55.680503965Z: [    1.594973] NET: Registered protocol family 1
[STDERR  ] 2017-08-30T15:37:55.680509583Z: [    1.596010] pci 0000:00:01.0: Video device with shadowed ROM at [mem 0x000c0000-0x000dffff]
[STDERR  ] 2017-08-30T15:37:55.680515146Z: [    1.604258] Unpacking initramfs...
[STDERR  ] 2017-08-30T15:37:55.680538443Z: [    6.294757] Freeing initrd memory: 29684K
[STDERR  ] 2017-08-30T15:37:55.680548456Z: [    6.320134] PCLMULQDQ-NI instructions are not detected.
[STDERR  ] 2017-08-30T15:37:55.680557156Z: [    6.322135] AVX or AES-NI instructions are not detected.
[STDERR  ] 2017-08-30T15:37:55.680566201Z: [    6.322660] CPU feature 'AVX registers' is not supported.
[STDERR  ] 2017-08-30T15:37:55.680575078Z: [    6.323078] CPU feature 'AVX registers' is not supported.
[STDERR  ] 2017-08-30T15:37:55.680583738Z: [    6.323538] CPU feature 'AVX registers' is not supported.
[STDERR  ] 2017-08-30T15:37:55.680597825Z: [    6.323981] CPU feature 'AVX registers' is not supported.
[STDERR  ] 2017-08-30T15:37:55.680607925Z: [    6.324426] AVX2 or AES-NI instructions are not detected.
[STDERR  ] 2017-08-30T15:37:55.680616639Z: [    6.324803] AVX2 instructions are not detected.
[STDERR  ] 2017-08-30T15:37:55.680625388Z: [    6.333198] audit: initializing netlink subsys (disabled)
[STDERR  ] 2017-08-30T15:37:55.680635705Z: [    6.334873] audit: type=2000 audit(1504107443.330:1): initialized
[STDERR  ] 2017-08-30T15:37:55.680649401Z: [    6.342337] workingset: timestamp_bits=46 max_order=18 bucket_order=0
[STDERR  ] 2017-08-30T15:37:55.680659761Z: [    6.348483] FS-Cache: Netfs 'cifs' registered for caching
