[INFO    ] 2019-05-12T20:44:51.319664685Z: Running Test linuxkit.kernel.kmod_5.1.x in /tmp/build/test/cases/020_kernel/018_kmod_5.1.x
[INFO    ] 2019-05-12T20:44:51.319829187Z: Running command: [/bin/sh -x /tmp/build/test/cases/020_kernel/018_kmod_5.1.x/test.sh]
[STDERR  ] 2019-05-12T20:44:51.337397862Z: + set -e
[STDERR  ] 2019-05-12T20:44:51.337504370Z: + . /tmp/build/test/cases/_lib/lib.sh
[STDERR  ] 2019-05-12T20:44:51.337521626Z: + [ -f src/github.com/linuxkit/rtf/lib/lib.sh ]
[STDERR  ] 2019-05-12T20:44:51.337536077Z: + LINUXKIT_TMPDIR=/tmp/build/test/cases/_tmp
[STDERR  ] 2019-05-12T20:44:51.337549700Z: + [ -f /tmp/build/test/cases/_tmp/env.sh ]
[STDERR  ] 2019-05-12T20:44:51.337563272Z: + . /tmp/build/test/cases/_tmp/env.sh
[STDERR  ] 2019-05-12T20:44:51.337575894Z: + export LINUXKIT_EXAMPLES_DIR=/tmp/build/test/cases/../../examples
[STDERR  ] 2019-05-12T20:44:51.337605783Z: + RT_CANCEL=253
[STDERR  ] 2019-05-12T20:44:51.337618424Z: + NAME=kmod
[STDERR  ] 2019-05-12T20:44:51.337632083Z: + IMAGE_NAME=kmod-test
[STDERR  ] 2019-05-12T20:44:51.337645525Z: + trap clean_up EXIT
[STDERR  ] 2019-05-12T20:44:51.337658229Z: + docker pull linuxkit/kernel:5.1.1
[STDOUT  ] 2019-05-12T20:44:52.472515794Z: 5.1.1: Pulling from linuxkit/kernel
[STDOUT  ] 2019-05-12T20:44:52.861375068Z: Digest: sha256:2781dd7cfa7158cf82c663abecb5befd105b7e39e60a4c3b4acf017fb9f72a80
[STDOUT  ] 2019-05-12T20:44:52.865473762Z: Status: Downloaded newer image for linuxkit/kernel:5.1.1
[STDERR  ] 2019-05-12T20:44:52.867381852Z: + docker build -t kmod-test .
[STDOUT  ] 2019-05-12T20:44:52.981269149Z: Sending build context to Docker daemon  8.704kB
[STDOUT  ] 2019-05-12T20:44:53.058304873Z: Step 1/12 : FROM linuxkit/kernel:5.1.1 AS ksrc
[STDOUT  ] 2019-05-12T20:44:53.058689237Z:  ---> 1dd9a2689128
[STDOUT  ] 2019-05-12T20:44:53.058714988Z: Step 2/12 : FROM linuxkit/alpine:86cd4f51b49fb9a078b50201d892a3c7973d48ec AS build
[STDOUT  ] 2019-05-12T20:44:53.059214029Z:  ---> 859b94cde25f
[STDOUT  ] 2019-05-12T20:44:53.059233661Z: Step 3/12 : RUN apk add build-base elfutils-dev
[STDOUT  ] 2019-05-12T20:44:53.059620553Z:  ---> Using cache
[STDOUT  ] 2019-05-12T20:44:53.059641572Z:  ---> 3ed8edfa9f01
[STDOUT  ] 2019-05-12T20:44:53.059650291Z: Step 4/12 : COPY --from=ksrc /kernel-dev.tar /
[STDOUT  ] 2019-05-12T20:44:55.732562714Z:  ---> 10a606350e0f
[STDOUT  ] 2019-05-12T20:44:55.732619724Z: Step 5/12 : RUN tar xf kernel-dev.tar
[STDOUT  ] 2019-05-12T20:44:55.791660652Z:  ---> Running in eac165aad3b2
[STDOUT  ] 2019-05-12T20:45:02.968339890Z: Removing intermediate container eac165aad3b2
[STDOUT  ] 2019-05-12T20:45:02.968538741Z:  ---> 54ab727ecbac
[STDOUT  ] 2019-05-12T20:45:02.968714347Z: Step 6/12 : WORKDIR /kmod
[STDOUT  ] 2019-05-12T20:45:03.044206853Z:  ---> Running in d36e4b525330
[STDOUT  ] 2019-05-12T20:45:03.189745353Z: Removing intermediate container d36e4b525330
[STDOUT  ] 2019-05-12T20:45:03.189796923Z:  ---> 14b87865f20f
[STDOUT  ] 2019-05-12T20:45:03.189808909Z: Step 7/12 : COPY ./src/* ./
[STDOUT  ] 2019-05-12T20:45:03.464061846Z:  ---> a657cef128a5
[STDOUT  ] 2019-05-12T20:45:03.464117122Z: Step 8/12 : RUN make all
[STDOUT  ] 2019-05-12T20:45:03.519528306Z:  ---> Running in 897ebc20e628
[STDOUT  ] 2019-05-12T20:45:03.822786707Z: make -C /usr/src/linux-headers-5.1.1-linuxkit M=/kmod modules
[STDOUT  ] 2019-05-12T20:45:03.824187800Z: make[1]: Entering directory '/usr/src/linux-headers-5.1.1-linuxkit'
[STDOUT  ] 2019-05-12T20:45:04.962548622Z:   CC [M]  /kmod/hello_world.o
[STDOUT  ] 2019-05-12T20:45:05.243227953Z:   Building modules, stage 2.
[STDOUT  ] 2019-05-12T20:45:05.252790529Z:   MODPOST 1 modules
[STDOUT  ] 2019-05-12T20:45:05.268566300Z:   CC      /kmod/hello_world.mod.o
[STDOUT  ] 2019-05-12T20:45:05.506126038Z:   LD [M]  /kmod/hello_world.ko
[STDOUT  ] 2019-05-12T20:45:05.508986400Z: make[1]: Leaving directory '/usr/src/linux-headers-5.1.1-linuxkit'
[STDOUT  ] 2019-05-12T20:45:05.918816920Z: Removing intermediate container 897ebc20e628
[STDOUT  ] 2019-05-12T20:45:05.918884031Z:  ---> 79c4d7cc6453
[STDOUT  ] 2019-05-12T20:45:05.918894409Z: Step 9/12 : FROM alpine:3.9
[STDOUT  ] 2019-05-12T20:45:05.919244784Z:  ---> 5cb3aa00f899
[STDOUT  ] 2019-05-12T20:45:05.919270363Z: Step 10/12 : COPY --from=build /kmod/hello_world.ko /
[STDOUT  ] 2019-05-12T20:45:06.140829662Z:  ---> 40f6c547196c
[STDOUT  ] 2019-05-12T20:45:06.140883894Z: Step 11/12 : COPY check.sh /check.sh
[STDOUT  ] 2019-05-12T20:45:06.323978607Z:  ---> 068264647160
[STDOUT  ] 2019-05-12T20:45:06.324027113Z: Step 12/12 : ENTRYPOINT ["/bin/sh", "/check.sh"]
[STDOUT  ] 2019-05-12T20:45:06.388629183Z:  ---> Running in 8f3817236853
[STDOUT  ] 2019-05-12T20:45:06.510286600Z: Removing intermediate container 8f3817236853
[STDOUT  ] 2019-05-12T20:45:06.510353624Z:  ---> 19d355e73e6e
[STDOUT  ] 2019-05-12T20:45:06.510549457Z: Successfully built 19d355e73e6e
[STDOUT  ] 2019-05-12T20:45:06.516606056Z: Successfully tagged kmod-test:latest
[STDERR  ] 2019-05-12T20:45:06.517976050Z: + linuxkit build -format kernel+initrd -name kmod test.yml
[STDERR  ] 2019-05-12T20:45:06.550236465Z: Extract kernel image: linuxkit/kernel:5.1.1
[STDERR  ] 2019-05-12T20:45:10.789092011Z: Add init containers:
[STDERR  ] 2019-05-12T20:45:10.789155667Z: Process init image: linuxkit/init:v0.7
[STDERR  ] 2019-05-12T20:45:12.000250141Z: Process init image: linuxkit/runc:v0.7
[STDERR  ] 2019-05-12T20:45:13.148616485Z: Add onboot containers:
[STDERR  ] 2019-05-12T20:45:13.148680949Z:   Create OCI config for kmod-test
[STDERR  ] 2019-05-12T20:45:13.250188064Z:   Create OCI config for linuxkit/poweroff:b498d30dd9660090565537fceb9e757618737a85
[STDERR  ] 2019-05-12T20:45:14.430069216Z: Create outputs:
[STDERR  ] 2019-05-12T20:45:20.458951837Z:   kmod-kernel kmod-initrd.img kmod-cmdline
[STDERR  ] 2019-05-12T20:45:20.564724963Z: + linuxkit run kmod
[STDERR  ] 2019-05-12T20:45:28.538089104Z: + RESULT=[    0.000000] Linux version 5.1.1-linuxkit (root@bafe0cf662b7) (gcc version 8.3.0 (Alpine 8.3.0)) #1 SMP Sun May 12 17:32:55 UTC 2019
[STDERR  ] 2019-05-12T20:45:28.538178932Z: [    0.000000] Command line: console=ttyS0 console=ttyAMA0
[STDERR  ] 2019-05-12T20:45:28.538194806Z: [    0.000000] x86/fpu: x87 FPU will use FXSAVE
[STDERR  ] 2019-05-12T20:45:28.538210293Z: [    0.000000] BIOS-provided physical RAM map:
[STDERR  ] 2019-05-12T20:45:28.538224150Z: [    0.000000] BIOS-e820: [mem 0x0000000000000000-0x000000000009fbff] usable
[STDERR  ] 2019-05-12T20:45:28.538244010Z: [    0.000000] BIOS-e820: [mem 0x000000000009fc00-0x000000000009ffff] reserved
[STDERR  ] 2019-05-12T20:45:28.538257443Z: [    0.000000] BIOS-e820: [mem 0x00000000000f0000-0x00000000000fffff] reserved
[STDERR  ] 2019-05-12T20:45:28.538271298Z: [    0.000000] BIOS-e820: [mem 0x0000000000100000-0x000000003ffdefff] usable
[STDERR  ] 2019-05-12T20:45:28.538285649Z: [    0.000000] BIOS-e820: [mem 0x000000003ffdf000-0x000000003fffffff] reserved
[STDERR  ] 2019-05-12T20:45:28.538300566Z: [    0.000000] BIOS-e820: [mem 0x00000000b0000000-0x00000000bfffffff] reserved
[STDERR  ] 2019-05-12T20:45:28.538315890Z: [    0.000000] BIOS-e820: [mem 0x00000000fed1c000-0x00000000fed1ffff] reserved
[STDERR  ] 2019-05-12T20:45:28.538329491Z: [    0.000000] BIOS-e820: [mem 0x00000000feffc000-0x00000000feffffff] reserved
[STDERR  ] 2019-05-12T20:45:28.538353303Z: [    0.000000] BIOS-e820: [mem 0x00000000fffc0000-0x00000000ffffffff] reserved
[STDERR  ] 2019-05-12T20:45:28.538371503Z: [    0.000000] NX (Execute Disable) protection: active
[STDERR  ] 2019-05-12T20:45:28.538389162Z: [    0.000000] SMBIOS 2.8 present.
[STDERR  ] 2019-05-12T20:45:28.538403567Z: [    0.000000] DMI: QEMU Standard PC (Q35 + ICH9, 2009), BIOS 1.10.2-1 04/01/2014
[STDERR  ] 2019-05-12T20:45:28.538416690Z: [    0.000000] Hypervisor detected: KVM
[STDERR  ] 2019-05-12T20:45:28.538430712Z: [    0.000000] kvm-clock: Using msrs 4b564d01 and 4b564d00
[STDERR  ] 2019-05-12T20:45:28.538448439Z: [    0.000001] kvm-clock: cpu 0, msr 208e4001, primary cpu clock
[STDERR  ] 2019-05-12T20:45:28.538461783Z: [    0.000001] kvm-clock: using sched offset of 543074440 cycles
[STDERR  ] 2019-05-12T20:45:28.538476783Z: [    0.000012] clocksource: kvm-clock: mask: 0xffffffffffffffff max_cycles: 0x1cd42e4dffb, max_idle_ns: 881590591483 ns
[STDERR  ] 2019-05-12T20:45:28.538507708Z: [    0.000022] tsc: Detected 2299.786 MHz processor
[STDERR  ] 2019-05-12T20:45:28.538522099Z: [    0.003273] last_pfn = 0x3ffdf max_arch_pfn = 0x400000000
[STDERR  ] 2019-05-12T20:45:28.538534749Z: [    0.003864] x86/PAT: PAT not supported by CPU.
[STDERR  ] 2019-05-12T20:45:28.538548665Z: [    0.003915] x86/PAT: Configuration [0-7]: WB  WT  UC- UC  WB  WT  UC- UC  
[STDERR  ] 2019-05-12T20:45:28.538560168Z: [    0.014097] found SMP MP-table at [mem 0x000f6a90-0x000f6a9f]
[STDERR  ] 2019-05-12T20:45:28.538577376Z: [    0.014527] RAMDISK: [mem 0x3df16000-0x3ffcffff]
[STDERR  ] 2019-05-12T20:45:28.538590397Z: [    0.014738] ACPI: Early table checksum verification disabled
[STDERR  ] 2019-05-12T20:45:28.538620039Z: [    0.014880] ACPI: RSDP 0x00000000000F68D0 000014 (v00 BOCHS )
[STDERR  ] 2019-05-12T20:45:28.538633121Z: [    0.014889] ACPI: RSDT 0x000000003FFE2404 000034 (v01 BOCHS  BXPCRSDT 00000001 BXPC 00000001)
[STDERR  ] 2019-05-12T20:45:28.538647551Z: [    0.014905] ACPI: FACP 0x000000003FFE22A4 000074 (v01 BOCHS  BXPCFACP 00000001 BXPC 00000001)
[STDERR  ] 2019-05-12T20:45:28.538660720Z: [    0.014911] ACPI: DSDT 0x000000003FFE0040 002264 (v01 BOCHS  BXPCDSDT 00000001 BXPC 00000001)
[STDERR  ] 2019-05-12T20:45:28.538674261Z: [    0.014915] ACPI: FACS 0x000000003FFE0000 000040
[STDERR  ] 2019-05-12T20:45:28.538687284Z: [    0.014919] ACPI: APIC 0x000000003FFE2318 000078 (v01 BOCHS  BXPCAPIC 00000001 BXPC 00000001)
[STDERR  ] 2019-05-12T20:45:28.538700277Z: [    0.014922] ACPI: HPET 0x000000003FFE2390 000038 (v01 BOCHS  BXPCHPET 00000001 BXPC 00000001)
[STDERR  ] 2019-05-12T20:45:28.538712740Z: [    0.014926] ACPI: MCFG 0x000000003FFE23C8 00003C (v01 BOCHS  BXPCMCFG 00000001 BXPC 00000001)
[STDERR  ] 2019-05-12T20:45:28.538725587Z: [    0.015686] Zone ranges:
[STDERR  ] 2019-05-12T20:45:28.538738994Z: [    0.015689]   DMA      [mem 0x0000000000001000-0x0000000000ffffff]
[STDERR  ] 2019-05-12T20:45:28.538751714Z: [    0.015691]   DMA32    [mem 0x0000000001000000-0x000000003ffdefff]
[STDERR  ] 2019-05-12T20:45:28.538764643Z: [    0.015693]   Normal   empty
[STDERR  ] 2019-05-12T20:45:28.538777311Z: [    0.015694]   Device   empty
[STDERR  ] 2019-05-12T20:45:28.538789297Z: [    0.015696] Movable zone start for each node
[STDERR  ] 2019-05-12T20:45:28.538802150Z: [    0.015696] Early memory node ranges
[STDERR  ] 2019-05-12T20:45:28.538815558Z: [    0.015698]   node   0: [mem 0x0000000000001000-0x000000000009efff]
[STDERR  ] 2019-05-12T20:45:28.538829435Z: [    0.015699]   node   0: [mem 0x0000000000100000-0x000000003ffdefff]
[STDERR  ] 2019-05-12T20:45:28.538842691Z: [    0.016270] Zeroed struct page in unavailable ranges: 98 pages
[STDERR  ] 2019-05-12T20:45:28.538861462Z: [    0.016271] Initmem setup node 0 [mem 0x0000000000001000-0x000000003ffdefff]
[STDERR  ] 2019-05-12T20:45:28.538873832Z: [    0.029564] ACPI: PM-Timer IO Port: 0x608
[STDERR  ] 2019-05-12T20:45:28.538886740Z: [    0.029611] ACPI: LAPIC_NMI (acpi_id[0xff] dfl dfl lint[0x1])
[STDERR  ] 2019-05-12T20:45:28.538900892Z: [    0.029851] IOAPIC[0]: apic_id 0, version 17, address 0xfec00000, GSI 0-23
[STDERR  ] 2019-05-12T20:45:28.538913455Z: [    0.029854] ACPI: INT_SRC_OVR (bus 0 bus_irq 0 global_irq 2 dfl dfl)
[STDERR  ] 2019-05-12T20:45:28.538927604Z: [    0.029856] ACPI: INT_SRC_OVR (bus 0 bus_irq 5 global_irq 5 high level)
[STDERR  ] 2019-05-12T20:45:28.538945124Z: [    0.029858] ACPI: INT_SRC_OVR (bus 0 bus_irq 9 global_irq 9 high level)
[STDERR  ] 2019-05-12T20:45:28.538957017Z: [    0.029864] ACPI: INT_SRC_OVR (bus 0 bus_irq 10 global_irq 10 high level)
[STDERR  ] 2019-05-12T20:45:28.538968583Z: [    0.029866] ACPI: INT_SRC_OVR (bus 0 bus_irq 11 global_irq 11 high level)
[STDERR  ] 2019-05-12T20:45:28.538983238Z: [    0.029873] Using ACPI (MADT) for SMP configuration information
[STDERR  ] 2019-05-12T20:45:28.538997661Z: [    0.029876] ACPI: HPET id: 0x8086a201 base: 0xfed00000
[STDERR  ] 2019-05-12T20:45:28.539011311Z: [    0.030089] smpboot: Allowing 1 CPUs, 0 hotplug CPUs
[STDERR  ] 2019-05-12T20:45:28.539029651Z: [    0.030203] [mem 0x40000000-0xafffffff] available for PCI devices
[STDERR  ] 2019-05-12T20:45:28.539042484Z: [    0.030205] Booting paravirtualized kernel on KVM
[STDERR  ] 2019-05-12T20:45:28.539058762Z: [    0.030208] clocksource: refined-jiffies: mask: 0xffffffff max_cycles: 0xffffffff, max_idle_ns: 1910969940391419 ns
[STDERR  ] 2019-05-12T20:45:28.539071256Z: [    0.163882] random: get_random_bytes called from start_kernel+0xac/0x4fe with crng_init=0
[STDERR  ] 2019-05-12T20:45:28.539083803Z: [    0.163909] setup_percpu: NR_CPUS:128 nr_cpumask_bits:128 nr_cpu_ids:1 nr_node_ids:1
[STDERR  ] 2019-05-12T20:45:28.539099352Z: [    0.164773] percpu: Embedded 45 pages/cpu s144856 r8192 d31272 u2097152
[STDERR  ] 2019-05-12T20:45:28.539116167Z: [    0.164887] KVM setup async PF for cpu 0
[STDERR  ] 2019-05-12T20:45:28.539128275Z: [    0.164937] kvm-stealtime: cpu 0, msr 3ca15e80
[STDERR  ] 2019-05-12T20:45:28.539139742Z: [    0.164966] Built 1 zonelists, mobility grouping on.  Total pages: 257896
[STDERR  ] 2019-05-12T20:45:28.539152063Z: [    0.164969] Kernel command line: console=ttyS0 console=ttyAMA0
[STDERR  ] 2019-05-12T20:45:28.539164450Z: [    0.165264] Dentry cache hash table entries: 131072 (order: 8, 1048576 bytes)
[STDERR  ] 2019-05-12T20:45:28.539177546Z: [    0.165913] Inode-cache hash table entries: 65536 (order: 7, 524288 bytes)
[STDERR  ] 2019-05-12T20:45:28.539193317Z: [    0.169517] Memory: 968676K/1048052K available (12291K kernel code, 1597K rwdata, 3088K rodata, 1608K init, 1228K bss, 79376K reserved, 0K cma-reserved)
[STDERR  ] 2019-05-12T20:45:28.539210172Z: [    0.170306] Kernel/User page tables isolation: enabled
[STDERR  ] 2019-05-12T20:45:28.539227514Z: [    0.170342] ftrace: allocating 43802 entries in 172 pages
[STDERR  ] 2019-05-12T20:45:28.539239769Z: [    0.195543] rcu: Hierarchical RCU implementation.
[STDERR  ] 2019-05-12T20:45:28.539251910Z: [    0.195546] rcu: 	RCU restricting CPUs from NR_CPUS=128 to nr_cpu_ids=1.
[STDERR  ] 2019-05-12T20:45:28.539264026Z: [    0.195548] rcu: RCU calculated value of scheduler-enlistment delay is 100 jiffies.
[STDERR  ] 2019-05-12T20:45:28.539276135Z: [    0.195549] rcu: Adjusting geometry for rcu_fanout_leaf=16, nr_cpu_ids=1
[STDERR  ] 2019-05-12T20:45:28.539289331Z: [    0.198806] NR_IRQS: 8448, nr_irqs: 256, preallocated irqs: 16
[STDERR  ] 2019-05-12T20:45:28.539305807Z: [    0.225088] Console: colour VGA+ 80x25
[STDERR  ] 2019-05-12T20:45:28.539318105Z: [    0.661581] printk: console [ttyS0] enabled
[STDERR  ] 2019-05-12T20:45:28.539330590Z: [    0.665317] ACPI: Core revision 20190215
[STDERR  ] 2019-05-12T20:45:28.539353501Z: [    0.669587] clocksource: hpet: mask: 0xffffffff max_cycles: 0xffffffff, max_idle_ns: 19112604467 ns
[STDERR  ] 2019-05-12T20:45:28.539366509Z: [    0.678120] APIC: Switch to symmetric I/O mode setup
[STDERR  ] 2019-05-12T20:45:28.539378651Z: [    0.684876] x2apic enabled
[STDERR  ] 2019-05-12T20:45:28.539391486Z: [    0.689470] Switched APIC routing to physical x2apic.
[STDERR  ] 2019-05-12T20:45:28.539403536Z: [    0.703626] ..TIMER: vector=0x30 apic1=0 pin1=2 apic2=-1 pin2=-1
[STDERR  ] 2019-05-12T20:45:28.539415609Z: [    0.709088] clocksource: tsc-early: mask: 0xffffffffffffffff max_cycles: 0x21266ad2798, max_idle_ns: 440795240047 ns
[STDERR  ] 2019-05-12T20:45:28.539428215Z: [    0.718368] Calibrating delay loop (skipped) preset value.. 4599.57 BogoMIPS (lpj=2299786)
[STDERR  ] 2019-05-12T20:45:28.539442247Z: [    0.719341] pid_max: default: 32768 minimum: 301
[STDERR  ] 2019-05-12T20:45:28.539454790Z: [    0.720427] LSM: Security Framework initializing
[STDERR  ] 2019-05-12T20:45:28.539469183Z: [    0.721344] Yama: becoming mindful.
[STDERR  ] 2019-05-12T20:45:28.539485554Z: [    0.722388] Mount-cache hash table entries: 2048 (order: 2, 16384 bytes)
[STDERR  ] 2019-05-12T20:45:28.539498395Z: [    0.723343] Mountpoint-cache hash table entries: 2048 (order: 2, 16384 bytes)
[STDERR  ] 2019-05-12T20:45:28.539517735Z: [    0.724595] *** VALIDATE proc ***
[STDERR  ] 2019-05-12T20:45:28.539537240Z: [    0.726431] *** VALIDATE cgroup1 ***
[STDERR  ] 2019-05-12T20:45:28.539551304Z: [    0.727338] *** VALIDATE cgroup2 ***
[STDERR  ] 2019-05-12T20:45:28.539565268Z: [    0.730375] Last level iTLB entries: 4KB 0, 2MB 0, 4MB 0
[STDERR  ] 2019-05-12T20:45:28.539579346Z: [    0.731340] Last level dTLB entries: 4KB 0, 2MB 0, 4MB 0, 1GB 0
[STDERR  ] 2019-05-12T20:45:28.539596017Z: [    0.732339] Spectre V2 : Mitigation: Full generic retpoline
[STDERR  ] 2019-05-12T20:45:28.539616940Z: [    0.733337] Spectre V2 : Spectre v2 / SpectreRSB mitigation: Filling RSB on context switch
[STDERR  ] 2019-05-12T20:45:28.539630390Z: [    0.735338] Speculative Store Bypass: Vulnerable
[STDERR  ] 2019-05-12T20:45:28.539643383Z: [    0.744095] Freeing SMP alternatives memory: 20K
[STDERR  ] 2019-05-12T20:45:28.539663697Z: [    0.745333] smpboot: CPU0: Intel QEMU Virtual CPU version 2.5+ (family: 0x6, model: 0x6, stepping: 0x3)
[STDERR  ] 2019-05-12T20:45:28.539677135Z: [    0.745536] Performance Events: PMU not available due to virtualization, using software events only.
[STDERR  ] 2019-05-12T20:45:28.539695087Z: [    0.748433] rcu: Hierarchical SRCU implementation.
[STDERR  ] 2019-05-12T20:45:28.539708175Z: [    0.750370] NMI watchdog: Perf NMI watchdog permanently disabled
[STDERR  ] 2019-05-12T20:45:28.539720857Z: [    0.751408] smp: Bringing up secondary CPUs ...
[STDERR  ] 2019-05-12T20:45:28.539732988Z: [    0.752339] smp: Brought up 1 node, 1 CPU
[STDERR  ] 2019-05-12T20:45:28.539745516Z: [    0.753337] smpboot: Max logical packages: 1
[STDERR  ] 2019-05-12T20:45:28.539757571Z: [    0.754337] smpboot: Total of 1 processors activated (4599.57 BogoMIPS)
[STDERR  ] 2019-05-12T20:45:28.539770643Z: [    0.756551] devtmpfs: initialized
[STDERR  ] 2019-05-12T20:45:28.539782651Z: [    0.757413] x86/mm: Memory block size: 128MB
[STDERR  ] 2019-05-12T20:45:28.539794465Z: [    0.759391] clocksource: jiffies: mask: 0xffffffff max_cycles: 0xffffffff, max_idle_ns: 1911260446275000 ns
[STDERR  ] 2019-05-12T20:45:28.539806491Z: [    0.760345] futex hash table entries: 256 (order: 2, 16384 bytes)
[STDERR  ] 2019-05-12T20:45:28.539818867Z: [    0.761616] NET: Registered protocol family 16
[STDERR  ] 2019-05-12T20:45:28.539830698Z: [    0.762508] audit: initializing netlink subsys (disabled)
[STDERR  ] 2019-05-12T20:45:28.539844539Z: [    0.763490] cpuidle: using governor ladder
[STDERR  ] 2019-05-12T20:45:28.539855979Z: [    0.764340] cpuidle: using governor menu
[STDERR  ] 2019-05-12T20:45:28.539867107Z: [    0.766474] ACPI: bus type PCI registered
[STDERR  ] 2019-05-12T20:45:28.539878416Z: [    0.767348] audit: type=2000 audit(1557693921.477:1): state=initialized audit_enabled=0 res=1
[STDERR  ] 2019-05-12T20:45:28.539890660Z: [    0.768815] PCI: MMCONFIG for domain 0000 [bus 00-ff] at [mem 0xb0000000-0xbfffffff] (base 0xb0000000)
[STDERR  ] 2019-05-12T20:45:28.539902237Z: [    0.769343] PCI: MMCONFIG at [mem 0xb0000000-0xbfffffff] reserved in E820
[STDERR  ] 2019-05-12T20:45:28.539913426Z: [    0.770361] PCI: Using configuration type 1 for base access
[STDERR  ] 2019-05-12T20:45:28.539924865Z: [    0.773485] HugeTLB registered 2.00 MiB page size, pre-allocated 0 pages
[STDERR  ] 2019-05-12T20:45:28.539936185Z: [    0.774515] cryptd: max_cpu_qlen set to 1000
[STDERR  ] 2019-05-12T20:45:28.539947347Z: [    0.775520] ACPI: Added _OSI(Module Device)
[STDERR  ] 2019-05-12T20:45:28.539960708Z: [    0.776338] ACPI: Added _OSI(Processor Device)
[STDERR  ] 2019-05-12T20:45:28.539972558Z: [    0.777337] ACPI: Added _OSI(3.0 _SCP Extensions)
[STDERR  ] 2019-05-12T20:45:28.539987648Z: [    0.778337] ACPI: Added _OSI(Processor Aggregator Device)
[STDERR  ] 2019-05-12T20:45:28.540003830Z: [    0.779353] ACPI: Added _OSI(Linux-Dell-Video)
[STDERR  ] 2019-05-12T20:45:28.540016080Z: [    0.780338] ACPI: Added _OSI(Linux-Lenovo-NV-HDMI-Audio)
[STDERR  ] 2019-05-12T20:45:28.540029369Z: [    0.781338] ACPI: Added _OSI(Linux-HPI-Hybrid-Graphics)
[STDERR  ] 2019-05-12T20:45:28.540041420Z: [    0.784573] ACPI: 1 ACPI AML tables successfully acquired and loaded
[STDERR  ] 2019-05-12T20:45:28.540059639Z: [    0.788524] ACPI: Interpreter enabled
[STDERR  ] 2019-05-12T20:45:28.540075064Z: [    0.789363] ACPI: (supports S0 S5)
[STDERR  ] 2019-05-12T20:45:28.540086846Z: [    0.790338] ACPI: Using IOAPIC for interrupt routing
[STDERR  ] 2019-05-12T20:45:28.540098817Z: [    0.791393] PCI: Using host bridge windows from ACPI; if necessary, use "pci=nocrs" and report a bug
[STDERR  ] 2019-05-12T20:45:28.540110848Z: [    0.793581] ACPI: Enabled 2 GPEs in block 00 to 3F
[STDERR  ] 2019-05-12T20:45:28.540123545Z: [    0.798602] ACPI: PCI Root Bridge [PCI0] (domain 0000 [bus 00-ff])
[STDERR  ] 2019-05-12T20:45:28.540135770Z: [    0.799347] acpi PNP0A08:00: _OSC: OS supports [ExtendedConfig ASPM ClockPM Segments MSI]
[STDERR  ] 2019-05-12T20:45:28.540152808Z: [    0.800455] acpi PNP0A08:00: _OSC: platform does not support [SHPCHotplug LTR]
[STDERR  ] 2019-05-12T20:45:28.540164593Z: [    0.801441] acpi PNP0A08:00: _OSC: OS now controls [PCIeHotplug PME PCIeCapability]
[STDERR  ] 2019-05-12T20:45:28.540176505Z: [    0.802407] PCI host bridge to bus 0000:00
[STDERR  ] 2019-05-12T20:45:28.540188476Z: [    0.803341] pci_bus 0000:00: root bus resource [io  0x0000-0x0cf7 window]
[STDERR  ] 2019-05-12T20:45:28.540200349Z: [    0.804339] pci_bus 0000:00: root bus resource [io  0x0d00-0xffff window]
[STDERR  ] 2019-05-12T20:45:28.540212458Z: [    0.805341] pci_bus 0000:00: root bus resource [mem 0x000a0000-0x000bffff window]
[STDERR  ] 2019-05-12T20:45:28.540226425Z: [    0.806347] pci_bus 0000:00: root bus resource [mem 0xc0000000-0xfebfffff window]
[STDERR  ] 2019-05-12T20:45:28.540242529Z: [    0.807340] pci_bus 0000:00: root bus resource [bus 00-ff]
[STDERR  ] 2019-05-12T20:45:28.540254708Z: [    0.876109] pci 0000:00:1f.0: quirk: [io  0x0600-0x067f] claimed by ICH6 ACPI/GPIO/TCO
[STDERR  ] 2019-05-12T20:45:28.540266638Z: [    0.903585] ACPI: PCI Interrupt Link [LNKA] (IRQs 5 *10 11)
[STDERR  ] 2019-05-12T20:45:28.540278493Z: [    0.904628] ACPI: PCI Interrupt Link [LNKB] (IRQs 5 *10 11)
[STDERR  ] 2019-05-12T20:45:28.540291583Z: [    0.906506] ACPI: PCI Interrupt Link [LNKC] (IRQs 5 10 *11)
[STDERR  ] 2019-05-12T20:45:28.540308339Z: [    0.907623] ACPI: PCI Interrupt Link [LNKD] (IRQs 5 10 *11)
[STDERR  ] 2019-05-12T20:45:28.540320863Z: [    0.908620] ACPI: PCI Interrupt Link [LNKE] (IRQs 5 *10 11)
[STDERR  ] 2019-05-12T20:45:28.540333141Z: [    0.910415] ACPI: PCI Interrupt Link [LNKF] (IRQs 5 *10 11)
[STDERR  ] 2019-05-12T20:45:28.540356356Z: [    0.911623] ACPI: PCI Interrupt Link [LNKG] (IRQs 5 10 *11)
[STDERR  ] 2019-05-12T20:45:28.540371837Z: [    0.912620] ACPI: PCI Interrupt Link [LNKH] (IRQs 5 10 *11)
[STDERR  ] 2019-05-12T20:45:28.540384015Z: [    0.913468] ACPI: PCI Interrupt Link [GSIA] (IRQs *16)
[STDERR  ] 2019-05-12T20:45:28.540396425Z: [    0.914355] ACPI: PCI Interrupt Link [GSIB] (IRQs *17)
[STDERR  ] 2019-05-12T20:45:28.540408088Z: [    0.915361] ACPI: PCI Interrupt Link [GSIC] (IRQs *18)
[STDERR  ] 2019-05-12T20:45:28.540420500Z: [    0.916353] ACPI: PCI Interrupt Link [GSID] (IRQs *19)
[STDERR  ] 2019-05-12T20:45:28.540433076Z: [    0.917354] ACPI: PCI Interrupt Link [GSIE] (IRQs *20)
[STDERR  ] 2019-05-12T20:45:28.540445111Z: [    0.918355] ACPI: PCI Interrupt Link [GSIF] (IRQs *21)
[STDERR  ] 2019-05-12T20:45:28.540456816Z: [    0.919354] ACPI: PCI Interrupt Link [GSIG] (IRQs *22)
[STDERR  ] 2019-05-12T20:45:28.540468840Z: [    0.920353] ACPI: PCI Interrupt Link [GSIH] (IRQs *23)
[STDERR  ] 2019-05-12T20:45:28.540485365Z: [    0.922723] SCSI subsystem initialized
[STDERR  ] 2019-05-12T20:45:28.540497339Z: [    0.923471] ACPI: bus type USB registered
[STDERR  ] 2019-05-12T20:45:28.540513551Z: [    0.924379] usbcore: registered new interface driver usbfs
[STDERR  ] 2019-05-12T20:45:28.540525693Z: [    0.925362] usbcore: registered new interface driver hub
[STDERR  ] 2019-05-12T20:45:28.540537626Z: [    0.926377] usbcore: registered new device driver usb
[STDERR  ] 2019-05-12T20:45:28.540553349Z: [    0.927377] pps_core: LinuxPPS API ver. 1 registered
[STDERR  ] 2019-05-12T20:45:28.540570936Z: [    0.928337] pps_core: Software ver. 5.3.6 - Copyright 2005-2007 Rodolfo Giometti <giometti@linux.it>
[STDERR  ] 2019-05-12T20:45:28.540584216Z: [    0.929350] PTP clock support registered
[STDERR  ] 2019-05-12T20:45:28.540597433Z: [    0.930455] PCI: Using ACPI for IRQ routing
[STDERR  ] 2019-05-12T20:45:28.540616547Z: [    1.374113] NetLabel: Initializing
[STDERR  ] 2019-05-12T20:45:28.540630340Z: [    1.375336] NetLabel:  domain hash size = 128
[STDERR  ] 2019-05-12T20:45:28.540642842Z: [    1.376336] NetLabel:  protocols = UNLABELED CIPSOv4 CALIPSO
[STDERR  ] 2019-05-12T20:45:28.540655374Z: [    1.377374] NetLabel:  unlabeled traffic allowed by default
[STDERR  ] 2019-05-12T20:45:28.540668195Z: [    1.378519] HPET: 3 timers in total, 0 timers will be used for per-cpu timer
[STDERR  ] 2019-05-12T20:45:28.540686976Z: [    1.379455] hpet0: at MMIO 0xfed00000, IRQs 2, 8, 0
[STDERR  ] 2019-05-12T20:45:28.540700480Z: [    1.380340] hpet0: 3 comparators, 64-bit 100.000000 MHz counter
[STDERR  ] 2019-05-12T20:45:28.540714234Z: [    1.385340] clocksource: Switched to clocksource kvm-clock
[STDERR  ] 2019-05-12T20:45:28.540726735Z: [    1.423723] VFS: Disk quotas dquot_6.6.0
[STDERR  ] 2019-05-12T20:45:28.540742639Z: [    1.427405] VFS: Dquot-cache hash table entries: 512 (order 0, 4096 bytes)
[STDERR  ] 2019-05-12T20:45:28.540756162Z: [    1.433530] FS-Cache: Loaded
[STDERR  ] 2019-05-12T20:45:28.540768753Z: [    1.436203] *** VALIDATE hugetlbfs ***
[STDERR  ] 2019-05-12T20:45:28.540782467Z: [    1.439683] CacheFiles: Loaded
[STDERR  ] 2019-05-12T20:45:28.540795136Z: [    1.442531] pnp: PnP ACPI init
[STDERR  ] 2019-05-12T20:45:28.540811840Z: [    1.446568] pnp: PnP ACPI: found 5 devices
[STDERR  ] 2019-05-12T20:45:28.540824087Z: [    1.456729] clocksource: acpi_pm: mask: 0xffffff max_cycles: 0xffffff, max_idle_ns: 2085701024 ns
[STDERR  ] 2019-05-12T20:45:28.540837157Z: [    1.464833] NET: Registered protocol family 2
[STDERR  ] 2019-05-12T20:45:28.540851386Z: [    1.469027] tcp_listen_portaddr_hash hash table entries: 512 (order: 1, 8192 bytes)
[STDERR  ] 2019-05-12T20:45:28.540864726Z: [    1.475794] TCP established hash table entries: 8192 (order: 4, 65536 bytes)
[STDERR  ] 2019-05-12T20:45:28.540877466Z: [    1.482790] TCP bind hash table entries: 8192 (order: 5, 131072 bytes)
[STDERR  ] 2019-05-12T20:45:28.540889904Z: [    1.488608] TCP: Hash tables configured (established 8192 bind 8192)
[STDERR  ] 2019-05-12T20:45:28.540903498Z: [    1.494420] UDP hash table entries: 512 (order: 2, 16384 bytes)
[STDERR  ] 2019-05-12T20:45:28.540915926Z: [    1.499744] UDP-Lite hash table entries: 512 (order: 2, 16384 bytes)
[STDERR  ] 2019-05-12T20:45:28.540930086Z: [    1.505470] NET: Registered protocol family 1
[STDERR  ] 2019-05-12T20:45:28.540947138Z: [    1.509397] NET: Registered protocol family 44
[STDERR  ] 2019-05-12T20:45:28.540959646Z: [    1.513596] pci 0000:00:01.0: Video device with shadowed ROM at [mem 0x000c0000-0x000dffff]
[STDERR  ] 2019-05-12T20:45:28.540978260Z: [    1.521167] Trying to unpack rootfs image as initramfs...
[STDERR  ] 2019-05-12T20:45:28.541022689Z: [    2.144401] Freeing initrd memory: 33512K
[STDERR  ] 2019-05-12T20:45:28.541060094Z: [    2.148285] clocksource: tsc: mask: 0xffffffffffffffff max_cycles: 0x21266ad2798, max_idle_ns: 440795240047 ns
[STDERR  ] 2019-05-12T20:45:28.541075572Z: [    2.200705] PCLMULQDQ-NI instructions are not detected.
[STDERR  ] 2019-05-12T20:45:28.541089054Z: [    2.207300] AVX or AES-NI instructions are not detected.
[STDERR  ] 2019-05-12T20:45:28.541104139Z: [    2.212122] CPU feature 'AVX registers' is not supported.
[STDERR  ] 2019-05-12T20:45:28.541117359Z: [    2.216969] CPU feature 'AVX registers' is not supported.
[STDERR  ] 2019-05-12T20:45:28.541133258Z: [    2.221784] CPU feature 'AVX registers' is not supported.
[STDERR  ] 2019-05-12T20:45:28.541145865Z: [    2.226616] CPU feature 'AVX registers' is not supported.
[STDERR  ] 2019-05-12T20:45:28.541158321Z: [    2.231429] AVX2 or AES-NI instructions are not detected.
[STDERR  ] 2019-05-12T20:45:28.541177069Z: [    2.236279] AVX2 instructions are not detected.
[STDERR  ] 2019-05-12T20:45:28.541189690Z: [    2.240956] workingset: timestamp_bits=46 max_order=18 bucket_order=0
[STDERR  ] 2019-05-12T20:45:28.541202296Z: [    2.247014] squashfs: version 4.0 (2009/01/31) Phillip Lougher
[STDERR  ] 2019-05-12T20:45:28.541214185Z: [    2.252286] FS-Cache: Netfs 'cifs' registered for caching
[STDERR  ] 2019-05-12T20:45:28.541226752Z: [    2.257140] fuse init (API version 7.29)
[STDERR  ] 2019-05-12T20:45:28.541240136Z: [    2.260783] SGI XFS with ACLs, security attributes, no debug enabled
[STDERR  ] 2019-05-12T20:45:28.541253956Z: [    2.266641] 9p: Installing v9fs 9p2000 file system support
[STDERR  ] 2019-05-12T20:45:28.541266559Z: [    2.271511] FS-Cache: Netfs '9p' registered for caching
[STDERR  ] 2019-05-12T20:45:28.541284495Z: [    2.415922] NET: Registered protocol family 38
[STDERR  ] 2019-05-12T20:45:28.541297448Z: [    2.420118] Key type asymmetric registered
[STDERR  ] 2019-05-12T20:45:28.541309955Z: [    2.423864] Asymmetric key parser 'x509' registered
[STDERR  ] 2019-05-12T20:45:28.541322129Z: [    2.428288] Block layer SCSI generic (bsg) driver version 0.4 loaded (major 247)
[STDERR  ] 2019-05-12T20:45:28.541334535Z: [    2.434889] io scheduler mq-deadline registered
[STDERR  ] 2019-05-12T20:45:28.541358951Z: [    2.438957] io scheduler kyber registered
[STDERR  ] 2019-05-12T20:45:28.541372377Z: [    2.442616] io scheduler bfq registered
[STDERR  ] 2019-05-12T20:45:28.541386736Z: [    2.446190] shpchp: Standard Hot Plug PCI Controller Driver version: 0.4
[STDERR  ] 2019-05-12T20:45:28.541400228Z: [    2.452133] hv_vmbus: registering driver hyperv_fb
[STDERR  ] 2019-05-12T20:45:28.541412089Z: [    2.456614] input: Power Button as /devices/LNXSYSTM:00/LNXPWRBN:00/input/input0
[STDERR  ] 2019-05-12T20:45:28.541428486Z: [    2.463180] ACPI: Power Button [PWRF]
[STDERR  ] 2019-05-12T20:45:28.541440551Z: [    2.467236] PCI Interrupt Link [GSIG] enabled at IRQ 22
[STDERR  ] 2019-05-12T20:45:28.541452355Z: [    2.477811] PCI Interrupt Link [GSIH] enabled at IRQ 23
[STDERR  ] 2019-05-12T20:45:28.541464277Z: [    2.488176] Serial: 8250/16550 driver, 4 ports, IRQ sharing disabled
[STDERR  ] 2019-05-12T20:45:28.541482251Z: [    2.527431] 00:04: ttyS0 at I/O 0x3f8 (irq = 4, base_baud = 115200) is a 16550A
[STDERR  ] 2019-05-12T20:45:28.541494445Z: [    2.534945] Non-volatile memory driver v1.3
[STDERR  ] 2019-05-12T20:45:28.541506623Z: [    2.540418] Hangcheck: starting hangcheck timer 0.9.1 (tick is 180 seconds, margin is 60 seconds).
[STDERR  ] 2019-05-12T20:45:28.541522043Z: [    2.548530] random: fast init done
[STDERR  ] 2019-05-12T20:45:28.541534706Z: [    2.552542] random: crng init done
[STDERR  ] 2019-05-12T20:45:28.541546200Z: [    2.556963] brd: module loaded
[STDERR  ] 2019-05-12T20:45:28.541562056Z: [    2.562429] loop: module loaded
[STDERR  ] 2019-05-12T20:45:28.541574830Z: [    2.569601] lpc_ich 0000:00:1f.0: I/O space for GPIO uninitialized
[STDERR  ] 2019-05-12T20:45:28.541587564Z: [    2.575207] VMware PVSCSI driver - version 1.0.7.0-k
[STDERR  ] 2019-05-12T20:45:28.541603756Z: [    2.579623] hv_vmbus: registering driver hv_storvsc
[STDERR  ] 2019-05-12T20:45:28.541627483Z: [    2.584720] PCI Interrupt Link [GSIA] enabled at IRQ 16
[STDERR  ] 2019-05-12T20:45:28.541642587Z: [    2.592825] ahci 0000:00:1f.2: AHCI 0001.0000 32 slots 6 ports 1.5 Gbps 0x3f impl SATA mode
[STDERR  ] 2019-05-12T20:45:28.541656850Z: [    2.600315] ahci 0000:00:1f.2: flags: 64bit ncq only 
[STDERR  ] 2019-05-12T20:45:28.541669851Z: [    2.608642] scsi host0: ahci
[STDERR  ] 2019-05-12T20:45:28.541682864Z: [    2.611500] scsi host1: ahci
[STDERR  ] 2019-05-12T20:45:28.541695493Z: [    2.614289] scsi host2: ahci
[STDERR  ] 2019-05-12T20:45:28.541708381Z: [    2.617064] scsi host3: ahci
[STDERR  ] 2019-05-12T20:45:28.541721183Z: [    2.619830] scsi host4: ahci
[STDERR  ] 2019-05-12T20:45:28.541733876Z: [    2.622662] scsi host5: ahci
[STDERR  ] 2019-05-12T20:45:28.541747199Z: [    2.625459] ata1: SATA max UDMA/133 abar m4096@0xfebd2000 port 0xfebd2100 irq 24
[STDERR  ] 2019-05-12T20:45:28.541768836Z: [    2.632033] ata2: SATA max UDMA/133 abar m4096@0xfebd2000 port 0xfebd2180 irq 24
[STDERR  ] 2019-05-12T20:45:28.541782747Z: [    2.638626] ata3: SATA max UDMA/133 abar m4096@0xfebd2000 port 0xfebd2200 irq 24
[STDERR  ] 2019-05-12T20:45:28.541795419Z: [    2.645114] ata4: SATA max UDMA/133 abar m4096@0xfebd2000 port 0xfebd2280 irq 24
[STDERR  ] 2019-05-12T20:45:28.541808207Z: [    2.651699] ata5: SATA max UDMA/133 abar m4096@0xfebd2000 port 0xfebd2300 irq 24
[STDERR  ] 2019-05-12T20:45:28.541819713Z: [    2.658232] ata6: SATA max UDMA/133 abar m4096@0xfebd2000 port 0xfebd2380 irq 24
[STDERR  ] 2019-05-12T20:45:28.541831861Z: [    2.667128] tun: Universal TUN/TAP device driver, 1.6
[STDERR  ] 2019-05-12T20:45:28.541848921Z: [    2.676515] VMware vmxnet3 virtual NIC driver - version 1.4.16.0-k-NAPI
[STDERR  ] 2019-05-12T20:45:28.541864270Z: [    2.682537] hv_vmbus: registering driver hv_netvsc
[STDERR  ] 2019-05-12T20:45:28.541877086Z: [    2.686863] Fusion MPT base driver 3.04.20
[STDERR  ] 2019-05-12T20:45:28.541889323Z: [    2.690556] Copyright (c) 1999-2008 LSI Corporation
[STDERR  ] 2019-05-12T20:45:28.541902033Z: [    2.694950] Fusion MPT SPI Host driver 3.04.20
[STDERR  ] 2019-05-12T20:45:28.541914127Z: [    2.699083] i8042: PNP: PS/2 Controller [PNP0303:KBD,PNP0f13:MOU] at 0x60,0x64 irq 1,12
[STDERR  ] 2019-05-12T20:45:28.541927520Z: [    2.709899] serio: i8042 KBD port at 0x60,0x64 irq 1
[STDERR  ] 2019-05-12T20:45:28.541939329Z: [    2.714436] serio: i8042 AUX port at 0x60,0x64 irq 12
[STDERR  ] 2019-05-12T20:45:28.541954502Z: [    2.719024] hv_vmbus: registering driver hyperv_keyboard
[STDERR  ] 2019-05-12T20:45:28.541966725Z: [    2.723822] mousedev: PS/2 mouse device common for all mice
[STDERR  ] 2019-05-12T20:45:28.541979670Z: [    2.730100] input: AT Translated Set 2 keyboard as /devices/platform/i8042/serio0/input/input1
[STDERR  ] 2019-05-12T20:45:28.541992404Z: [    2.737729] input: PC Speaker as /devices/platform/pcspkr/input/input2
[STDERR  ] 2019-05-12T20:45:28.542004475Z: [    2.744470] rtc_cmos 00:00: RTC can wake from S4
[STDERR  ] 2019-05-12T20:45:28.542016403Z: [    2.751036] rtc_cmos 00:00: registered as rtc0
[STDERR  ] 2019-05-12T20:45:28.542027273Z: [    2.755063] rtc_cmos 00:00: alarms up to one day, y3k, 114 bytes nvram, hpet irqs
[STDERR  ] 2019-05-12T20:45:28.542038558Z: [    2.761755] i2c /dev entries driver
[STDERR  ] 2019-05-12T20:45:28.542053482Z: [    2.765260] device-mapper: ioctl: 4.40.0-ioctl (2019-01-18) initialised: dm-devel@redhat.com
[STDERR  ] 2019-05-12T20:45:28.542065543Z: [    2.772800] intel_pstate: CPU model not supported
[STDERR  ] 2019-05-12T20:45:28.542076978Z: [    2.777507] usbcore: registered new interface driver usbhid
[STDERR  ] 2019-05-12T20:45:28.542088231Z: [    2.782499] usbhid: USB HID core driver
[STDERR  ] 2019-05-12T20:45:28.542100152Z: [    2.785990] hv_utils: Registering HyperV Utility Driver
[STDERR  ] 2019-05-12T20:45:28.542115943Z: [    2.790777] hv_vmbus: registering driver hv_utils
[STDERR  ] 2019-05-12T20:45:28.542128087Z: [    2.795026] hv_vmbus: registering driver hv_balloon
[STDERR  ] 2019-05-12T20:45:28.542139966Z: [    2.799465] oprofile: using NMI interrupt.
[STDERR  ] 2019-05-12T20:45:28.542152786Z: [    2.803190] GACT probability on
[STDERR  ] 2019-05-12T20:45:28.542165570Z: [    2.806058] Mirror/redirect action on
[STDERR  ] 2019-05-12T20:45:28.542177904Z: [    2.809391] Simple TC action Loaded
[STDERR  ] 2019-05-12T20:45:28.542190182Z: [    2.812584] u32 classifier
[STDERR  ] 2019-05-12T20:45:28.542202680Z: [    2.815041]     Performance counters on
[STDERR  ] 2019-05-12T20:45:28.542214851Z: [    2.818465]     input device check on
[STDERR  ] 2019-05-12T20:45:28.542229374Z: [    2.821786]     Actions configured
[STDERR  ] 2019-05-12T20:45:28.542240114Z: [    2.825238] xt_time: kernel timezone is -0000
[STDERR  ] 2019-05-12T20:45:28.542250710Z: [    2.829163] IPVS: Registered protocols (TCP, UDP, SCTP, AH, ESP)
[STDERR  ] 2019-05-12T20:45:28.542266456Z: [    2.834544] IPVS: Connection hash table configured (size=4096, memory=64Kbytes)
[STDERR  ] 2019-05-12T20:45:28.542277281Z: [    2.841160] IPVS: ipvs loaded.
[STDERR  ] 2019-05-12T20:45:28.542288633Z: [    2.843944] IPVS: [rr] scheduler registered.
[STDERR  ] 2019-05-12T20:45:28.542300387Z: [    2.847766] IPVS: [wrr] scheduler registered.
[STDERR  ] 2019-05-12T20:45:28.542311070Z: [    2.851643] IPVS: [lc] scheduler registered.
[STDERR  ] 2019-05-12T20:45:28.542322770Z: [    2.855513] IPVS: [wlc] scheduler registered.
[STDERR  ] 2019-05-12T20:45:28.542334582Z: [    2.859407] IPVS: [fo] scheduler registered.
[STDERR  ] 2019-05-12T20:45:28.542371561Z: [    2.863230] IPVS: [ovf] scheduler registered.
[STDERR  ] 2019-05-12T20:45:28.542382509Z: [    2.867115] IPVS: [lblc] scheduler registered.
[STDERR  ] 2019-05-12T20:45:28.542398994Z: [    2.871400] IPVS: [lblcr] scheduler registered.
[STDERR  ] 2019-05-12T20:45:28.542412524Z: [    2.875415] IPVS: [dh] scheduler registered.
[STDERR  ] 2019-05-12T20:45:28.542425451Z: [    2.879632] IPVS: [sh] scheduler registered.
[STDERR  ] 2019-05-12T20:45:28.542445068Z: [    2.883524] IPVS: [mh] scheduler registered.
[STDERR  ] 2019-05-12T20:45:28.542460333Z: [    2.887608] IPVS: [sed] scheduler registered.
[STDERR  ] 2019-05-12T20:45:28.542476009Z: [    2.891489] IPVS: [nq] scheduler registered.
[STDERR  ] 2019-05-12T20:45:28.542489855Z: [    2.895566] IPVS: ftp: loaded support on port[0] = 21
[STDERR  ] 2019-05-12T20:45:28.542502960Z: [    2.900154] ipip: IPv4 and MPLS over IPv4 tunneling driver
[STDERR  ] 2019-05-12T20:45:28.542516278Z: [    2.905424] gre: GRE over IPv4 demultiplexor driver
[STDERR  ] 2019-05-12T20:45:28.542529074Z: [    2.909847] ipt_CLUSTERIP: ClusterIP Version 0.8 loaded successfully
[STDERR  ] 2019-05-12T20:45:28.542541235Z: [    2.915760] NET: Registered protocol family 10
[STDERR  ] 2019-05-12T20:45:28.542556605Z: [    2.920164] Segment Routing with IPv6
[STDERR  ] 2019-05-12T20:45:28.542568458Z: [    2.924020] NET: Registered protocol family 17
[STDERR  ] 2019-05-12T20:45:28.542580499Z: [    2.928117] Bridge firewalling registered
[STDERR  ] 2019-05-12T20:45:28.542592313Z: [    2.931964] 8021q: 802.1Q VLAN Support v1.8
[STDERR  ] 2019-05-12T20:45:28.542604308Z: [    2.935794] 9pnet: Installing 9P2000 support
[STDERR  ] 2019-05-12T20:45:28.542624213Z: [    2.939955] Key type dns_resolver registered
[STDERR  ] 2019-05-12T20:45:28.542655810Z: [    2.943920] NET: Registered protocol family 40
[STDERR  ] 2019-05-12T20:45:28.542667391Z: [    2.948327] registered taskstats version 1
[STDERR  ] 2019-05-12T20:45:28.542678978Z: [    2.964622] Key type big_key registered
[STDERR  ] 2019-05-12T20:45:28.542691955Z: [    2.974486] ata4: SATA link down (SStatus 0 SControl 300)
[STDERR  ] 2019-05-12T20:45:28.542706362Z: [    2.980156] ata3: SATA link up 1.5 Gbps (SStatus 113 SControl 300)
[STDERR  ] 2019-05-12T20:45:28.542720134Z: [    2.986632] ata2: SATA link down (SStatus 0 SControl 300)
[STDERR  ] 2019-05-12T20:45:28.542734915Z: [    2.992224] ata1: SATA link down (SStatus 0 SControl 300)
[STDERR  ] 2019-05-12T20:45:28.542750691Z: [    2.997883] ata6: SATA link down (SStatus 0 SControl 300)
[STDERR  ] 2019-05-12T20:45:28.542765935Z: [    3.003583] ata5: SATA link down (SStatus 0 SControl 300)
[STDERR  ] 2019-05-12T20:45:28.542780855Z: [    3.009062] Key type encrypted registered
[STDERR  ] 2019-05-12T20:45:28.542795374Z: [    3.012737] ata3.00: ATAPI: QEMU DVD-ROM, 2.5+, max UDMA/100
[STDERR  ] 2019-05-12T20:45:28.542813232Z: [    3.017749] ata3.00: applying bridge limits
[STDERR  ] 2019-05-12T20:45:28.542826537Z: [    3.021830] ima: No TPM chip found, activating TPM-bypass!
[STDERR  ] 2019-05-12T20:45:28.542842801Z: [    3.026789] ima: Allocated hash algorithm: sha256
[STDERR  ] 2019-05-12T20:45:28.542858862Z: [    3.031340] ata3.00: configured for UDMA/100
[STDERR  ] 2019-05-12T20:45:28.542872042Z: [    3.035542] No architecture policies found
[STDERR  ] 2019-05-12T20:45:28.542883966Z: [    3.040249] scsi 2:0:0:0: CD-ROM            QEMU     QEMU DVD-ROM     2.5+ PQ: 0 ANSI: 5
[STDERR  ] 2019-05-12T20:45:28.542902899Z: [    3.047433] evm: Initialising EVM extended attributes:
[STDERR  ] 2019-05-12T20:45:28.542916162Z: [    3.051977] evm: security.ima
[STDERR  ] 2019-05-12T20:45:28.542929844Z: [    3.054675] evm: security.capability
[STDERR  ] 2019-05-12T20:45:28.542942983Z: [    3.057911] evm: HMAC attrs: 0x1
[STDERR  ] 2019-05-12T20:45:28.542957972Z: [    3.063179] rtc_cmos 00:00: setting system clock to 2019-05-12T20:45:24 UTC (1557693924)
[STDERR  ] 2019-05-12T20:45:28.542970913Z: [    3.070463] Unstable clock detected, switching default tracing clock to "global"
[STDERR  ] 2019-05-12T20:45:28.542984235Z: [    3.070463] If you want to keep using the local clock, then add:
[STDERR  ] 2019-05-12T20:45:28.542997824Z: [    3.070463]   "trace_clock=local"
[STDERR  ] 2019-05-12T20:45:28.543021917Z: [    3.070463] on the kernel command line
[STDERR  ] 2019-05-12T20:45:28.543047420Z: [    3.090519] sr 2:0:0:0: [sr0] scsi3-mmc drive: 4x/4x cd/rw xa/form2 tray
[STDERR  ] 2019-05-12T20:45:28.543060129Z: [    3.096493] cdrom: Uniform CD-ROM driver Revision: 3.20
[STDERR  ] 2019-05-12T20:45:28.543072897Z: [    3.101839] sr 2:0:0:0: Attached scsi generic sg0 type 5
[STDERR  ] 2019-05-12T20:45:28.543085710Z: [    3.108508] Freeing unused kernel image memory: 1608K
[STDERR  ] 2019-05-12T20:45:28.543100242Z: [    3.114418] Write protecting the kernel read-only data: 18432k
[STDERR  ] 2019-05-12T20:45:28.543112576Z: [    3.120518] Freeing unused kernel image memory: 2036K
[STDERR  ] 2019-05-12T20:45:28.543124454Z: [    3.125488] Freeing unused kernel image memory: 1008K
[STDERR  ] 2019-05-12T20:45:28.543137024Z: [    3.129979] Run /init as init process
[STDERR  ] 2019-05-12T20:45:28.543153196Z: 
[STDERR  ] 2019-05-12T20:45:28.543166151Z: Welcome to LinuxKit
[STDERR  ] 2019-05-12T20:45:28.543179604Z: 
[STDERR  ] 2019-05-12T20:45:28.543194702Z:                         ##         .
[STDERR  ] 2019-05-12T20:45:28.543206088Z:                   ## ## ##        ==
[STDERR  ] 2019-05-12T20:45:28.543217538Z:                ## ## ## ## ##    ===
[STDERR  ] 2019-05-12T20:45:28.543229375Z:            /"""""""""""""""""\___/ ===
[STDERR  ] 2019-05-12T20:45:28.543240862Z:           {                       /  ===-
[STDERR  ] 2019-05-12T20:45:28.543253249Z:            \______ O           __/
[STDERR  ] 2019-05-12T20:45:28.543265630Z:              \    \         __/
[STDERR  ] 2019-05-12T20:45:28.543277842Z:               \____\_______/
[STDERR  ] 2019-05-12T20:45:28.543289069Z: 
[STDERR  ] 2019-05-12T20:45:28.543300884Z: [    3.651312] hello_world: loading out-of-tree module taints kernel.
[STDERR  ] 2019-05-12T20:45:28.543312617Z: [    3.657227] Hello LinuxKit
[STDERR  ] 2019-05-12T20:45:28.543324755Z: [    3.663776] Goodbye LinuxKit.
[STDERR  ] 2019-05-12T20:45:28.543337006Z: Linux linuxkit-e6abc3708603 5.1.1-linuxkit #1 SMP Sun May 12 17:32:55 UTC 2019 x86_64 Linux
[STDERR  ] 2019-05-12T20:45:28.543362569Z: filename:       hello_world.ko
[STDERR  ] 2019-05-12T20:45:28.543374951Z: author:         Rolf Neugebauer <rolf.neugebauer@docker.com>
[STDERR  ] 2019-05-12T20:45:28.543385789Z: description:    A simple Hello World kernel module for testing
[STDERR  ] 2019-05-12T20:45:28.543397039Z: license:        GPL
[STDERR  ] 2019-05-12T20:45:28.543408251Z: depends:        
[STDERR  ] 2019-05-12T20:45:28.543420060Z: vermagic:       5.1.1-linuxkit SMP mod_unload modversions RANDSTRUCT_PLUGIN_82e35ca64f9596f90d2ab0e4608d118caa8ddef826c22f611a006ecb5db24dc9
[STDERR  ] 2019-05-12T20:45:28.543451642Z: Kernel module test suite PASSED
[STDERR  ] 2019-05-12T20:45:28.543464862Z: [    6.795778] ACPI: Preparing to enter system sleep state S5
[STDERR  ] 2019-05-12T20:45:28.543477978Z: [    6.801168] reboot: Power down
[STDERR  ] 2019-05-12T20:45:28.543490199Z: + grep -q Hello LinuxKit
[STDERR  ] 2019-05-12T20:45:28.543503180Z: + echo [    0.000000] Linux version 5.1.1-linuxkit (root@bafe0cf662b7) (gcc version 8.3.0 (Alpine 8.3.0)) #1 SMP Sun May 12 17:32:55 UTC 2019
[STDERR  ] 2019-05-12T20:45:28.543516344Z: [    0.000000] Command line: console=ttyS0 console=ttyAMA0
[STDERR  ] 2019-05-12T20:45:28.543539294Z: [    0.000000] x86/fpu: x87 FPU will use FXSAVE
[STDERR  ] 2019-05-12T20:45:28.543552519Z: [    0.000000] BIOS-provided physical RAM map:
[STDERR  ] 2019-05-12T20:45:28.543570197Z: [    0.000000] BIOS-e820: [mem 0x0000000000000000-0x000000000009fbff] usable
[STDERR  ] 2019-05-12T20:45:28.543582617Z: [    0.000000] BIOS-e820: [mem 0x000000000009fc00-0x000000000009ffff] reserved
[STDERR  ] 2019-05-12T20:45:28.543594529Z: [    0.000000] BIOS-e820: [mem 0x00000000000f0000-0x00000000000fffff] reserved
[STDERR  ] 2019-05-12T20:45:28.543617013Z: [    0.000000] BIOS-e820: [mem 0x0000000000100000-0x000000003ffdefff] usable
[STDERR  ] 2019-05-12T20:45:28.543631761Z: [    0.000000] BIOS-e820: [mem 0x000000003ffdf000-0x000000003fffffff] reserved
[STDERR  ] 2019-05-12T20:45:28.543648224Z: [    0.000000] BIOS-e820: [mem 0x00000000b0000000-0x00000000bfffffff] reserved
[STDERR  ] 2019-05-12T20:45:28.543660416Z: [    0.000000] BIOS-e820: [mem 0x00000000fed1c000-0x00000000fed1ffff] reserved
[STDERR  ] 2019-05-12T20:45:28.543672071Z: [    0.000000] BIOS-e820: [mem 0x00000000feffc000-0x00000000feffffff] reserved
[STDERR  ] 2019-05-12T20:45:28.543684147Z: [    0.000000] BIOS-e820: [mem 0x00000000fffc0000-0x00000000ffffffff] reserved
[STDERR  ] 2019-05-12T20:45:28.543697068Z: [    0.000000] NX (Execute Disable) protection: active
[STDERR  ] 2019-05-12T20:45:28.543709624Z: [    0.000000] SMBIOS 2.8 present.
[STDERR  ] 2019-05-12T20:45:28.543722663Z: [    0.000000] DMI: QEMU Standard PC (Q35 + ICH9, 2009), BIOS 1.10.2-1 04/01/2014
[STDERR  ] 2019-05-12T20:45:28.543734796Z: [    0.000000] Hypervisor detected: KVM
[STDERR  ] 2019-05-12T20:45:28.543748036Z: [    0.000000] kvm-clock: Using msrs 4b564d01 and 4b564d00
[STDERR  ] 2019-05-12T20:45:28.543760161Z: [    0.000001] kvm-clock: cpu 0, msr 208e4001, primary cpu clock
[STDERR  ] 2019-05-12T20:45:28.543773312Z: [    0.000001] kvm-clock: using sched offset of 543074440 cycles
[STDERR  ] 2019-05-12T20:45:28.543786668Z: [    0.000012] clocksource: kvm-clock: mask: 0xffffffffffffffff max_cycles: 0x1cd42e4dffb, max_idle_ns: 881590591483 ns
[STDERR  ] 2019-05-12T20:45:28.543801134Z: [    0.000022] tsc: Detected 2299.786 MHz processor
[STDERR  ] 2019-05-12T20:45:28.543813452Z: [    0.003273] last_pfn = 0x3ffdf max_arch_pfn = 0x400000000
[STDERR  ] 2019-05-12T20:45:28.543826122Z: [    0.003864] x86/PAT: PAT not supported by CPU.
[STDERR  ] 2019-05-12T20:45:28.543839100Z: [    0.003915] x86/PAT: Configuration [0-7]: WB  WT  UC- UC  WB  WT  UC- UC  
[STDERR  ] 2019-05-12T20:45:28.543852172Z: [    0.014097] found SMP MP-table at [mem 0x000f6a90-0x000f6a9f]
[STDERR  ] 2019-05-12T20:45:28.543865452Z: [    0.014527] RAMDISK: [mem 0x3df16000-0x3ffcffff]
[STDERR  ] 2019-05-12T20:45:28.543879450Z: [    0.014738] ACPI: Early table checksum verification disabled
[STDERR  ] 2019-05-12T20:45:28.543893028Z: [    0.014880] ACPI: RSDP 0x00000000000F68D0 000014 (v00 BOCHS )
[STDERR  ] 2019-05-12T20:45:28.543908616Z: [    0.014889] ACPI: RSDT 0x000000003FFE2404 000034 (v01 BOCHS  BXPCRSDT 00000001 BXPC 00000001)
[STDERR  ] 2019-05-12T20:45:28.543922413Z: [    0.014905] ACPI: FACP 0x000000003FFE22A4 000074 (v01 BOCHS  BXPCFACP 00000001 BXPC 00000001)
[STDERR  ] 2019-05-12T20:45:28.543938774Z: [    0.014911] ACPI: DSDT 0x000000003FFE0040 002264 (v01 BOCHS  BXPCDSDT 00000001 BXPC 00000001)
[STDERR  ] 2019-05-12T20:45:28.543951688Z: [    0.014915] ACPI: FACS 0x000000003FFE0000 000040
[STDERR  ] 2019-05-12T20:45:28.543965203Z: [    0.014919] ACPI: APIC 0x000000003FFE2318 000078 (v01 BOCHS  BXPCAPIC 00000001 BXPC 00000001)
[STDERR  ] 2019-05-12T20:45:28.543990450Z: [    0.014922] ACPI: HPET 0x000000003FFE2390 000038 (v01 BOCHS  BXPCHPET 00000001 BXPC 00000001)
[STDERR  ] 2019-05-12T20:45:28.544003091Z: [    0.014926] ACPI: MCFG 0x000000003FFE23C8 00003C (v01 BOCHS  BXPCMCFG 00000001 BXPC 00000001)
[STDERR  ] 2019-05-12T20:45:28.544015973Z: [    0.015686] Zone ranges:
[STDERR  ] 2019-05-12T20:45:28.544047442Z: [    0.015689]   DMA      [mem 0x0000000000001000-0x0000000000ffffff]
[STDERR  ] 2019-05-12T20:45:28.544069696Z: [    0.015691]   DMA32    [mem 0x0000000001000000-0x000000003ffdefff]
[STDERR  ] 2019-05-12T20:45:28.544083598Z: [    0.015693]   Normal   empty
[STDERR  ] 2019-05-12T20:45:28.544097285Z: [    0.015694]   Device   empty
[STDERR  ] 2019-05-12T20:45:28.544109805Z: [    0.015696] Movable zone start for each node
[STDERR  ] 2019-05-12T20:45:28.544123524Z: [    0.015696] Early memory node ranges
[STDERR  ] 2019-05-12T20:45:28.544137364Z: [    0.015698]   node   0: [mem 0x0000000000001000-0x000000000009efff]
[STDERR  ] 2019-05-12T20:45:28.544156425Z: [    0.015699]   node   0: [mem 0x0000000000100000-0x000000003ffdefff]
[STDERR  ] 2019-05-12T20:45:28.544168970Z: [    0.016270] Zeroed struct page in unavailable ranges: 98 pages
[STDERR  ] 2019-05-12T20:45:28.544186617Z: [    0.016271] Initmem setup node 0 [mem 0x0000000000001000-0x000000003ffdefff]
[STDERR  ] 2019-05-12T20:45:28.544201251Z: [    0.029564] ACPI: PM-Timer IO Port: 0x608
[STDERR  ] 2019-05-12T20:45:28.544214536Z: [    0.029611] ACPI: LAPIC_NMI (acpi_id[0xff] dfl dfl lint[0x1])
[STDERR  ] 2019-05-12T20:45:28.544227660Z: [    0.029851] IOAPIC[0]: apic_id 0, version 17, address 0xfec00000, GSI 0-23
[STDERR  ] 2019-05-12T20:45:28.544242195Z: [    0.029854] ACPI: INT_SRC_OVR (bus 0 bus_irq 0 global_irq 2 dfl dfl)
[STDERR  ] 2019-05-12T20:45:28.544267784Z: [    0.029856] ACPI: INT_SRC_OVR (bus 0 bus_irq 5 global_irq 5 high level)
[STDERR  ] 2019-05-12T20:45:28.544280725Z: [    0.029858] ACPI: INT_SRC_OVR (bus 0 bus_irq 9 global_irq 9 high level)
[STDERR  ] 2019-05-12T20:45:28.544294326Z: [    0.029864] ACPI: INT_SRC_OVR (bus 0 bus_irq 10 global_irq 10 high level)
[STDERR  ] 2019-05-12T20:45:28.544306648Z: [    0.029866] ACPI: INT_SRC_OVR (bus 0 bus_irq 11 global_irq 11 high level)
[STDERR  ] 2019-05-12T20:45:28.544322349Z: [    0.029873] Using ACPI (MADT) for SMP configuration information
[STDERR  ] 2019-05-12T20:45:28.544335117Z: [    0.029876] ACPI: HPET id: 0x8086a201 base: 0xfed00000
[STDERR  ] 2019-05-12T20:45:28.544361864Z: [    0.030089] smpboot: Allowing 1 CPUs, 0 hotplug CPUs
[STDERR  ] 2019-05-12T20:45:28.544374311Z: [    0.030203] [mem 0x40000000-0xafffffff] available for PCI devices
[STDERR  ] 2019-05-12T20:45:28.544387126Z: [    0.030205] Booting paravirtualized kernel on KVM
[STDERR  ] 2019-05-12T20:45:28.544399389Z: [    0.030208] clocksource: refined-jiffies: mask: 0xffffffff max_cycles: 0xffffffff, max_idle_ns: 1910969940391419 ns
[STDERR  ] 2019-05-12T20:45:28.544411788Z: [    0.163882] random: get_random_bytes called from start_kernel+0xac/0x4fe with crng_init=0
[STDERR  ] 2019-05-12T20:45:28.544427880Z: [    0.163909] setup_percpu: NR_CPUS:128 nr_cpumask_bits:128 nr_cpu_ids:1 nr_node_ids:1
[STDERR  ] 2019-05-12T20:45:28.544439686Z: [    0.164773] percpu: Embedded 45 pages/cpu s144856 r8192 d31272 u2097152
[STDERR  ] 2019-05-12T20:45:28.544452097Z: [    0.164887] KVM setup async PF for cpu 0
[STDERR  ] 2019-05-12T20:45:28.544465169Z: [    0.164937] kvm-stealtime: cpu 0, msr 3ca15e80
[STDERR  ] 2019-05-12T20:45:28.544477652Z: [    0.164966] Built 1 zonelists, mobility grouping on.  Total pages: 257896
[STDERR  ] 2019-05-12T20:45:28.544492364Z: [    0.164969] Kernel command line: console=ttyS0 console=ttyAMA0
[STDERR  ] 2019-05-12T20:45:28.544504549Z: [    0.165264] Dentry cache hash table entries: 131072 (order: 8, 1048576 bytes)
[STDERR  ] 2019-05-12T20:45:28.544516609Z: [    0.165913] Inode-cache hash table entries: 65536 (order: 7, 524288 bytes)
[STDERR  ] 2019-05-12T20:45:28.544529209Z: [    0.169517] Memory: 968676K/1048052K available (12291K kernel code, 1597K rwdata, 3088K rodata, 1608K init, 1228K bss, 79376K reserved, 0K cma-reserved)
[STDERR  ] 2019-05-12T20:45:28.544542488Z: [    0.170306] Kernel/User page tables isolation: enabled
[STDERR  ] 2019-05-12T20:45:28.544573819Z: [    0.170342] ftrace: allocating 43802 entries in 172 pages
[STDERR  ] 2019-05-12T20:45:28.544586810Z: [    0.195543] rcu: Hierarchical RCU implementation.
[STDERR  ] 2019-05-12T20:45:28.544604070Z: [    0.195546] rcu: 	RCU restricting CPUs from NR_CPUS=128 to nr_cpu_ids=1.
[STDERR  ] 2019-05-12T20:45:28.544623816Z: [    0.195548] rcu: RCU calculated value of scheduler-enlistment delay is 100 jiffies.
[STDERR  ] 2019-05-12T20:45:28.544637010Z: [    0.195549] rcu: Adjusting geometry for rcu_fanout_leaf=16, nr_cpu_ids=1
[STDERR  ] 2019-05-12T20:45:28.544650024Z: [    0.198806] NR_IRQS: 8448, nr_irqs: 256, preallocated irqs: 16
[STDERR  ] 2019-05-12T20:45:28.544664377Z: [    0.225088] Console: colour VGA+ 80x25
[STDERR  ] 2019-05-12T20:45:28.544681424Z: [    0.661581] printk: console [ttyS0] enabled
[STDERR  ] 2019-05-12T20:45:28.544694619Z: [    0.665317] ACPI: Core revision 20190215
[STDERR  ] 2019-05-12T20:45:28.544710347Z: [    0.669587] clocksource: hpet: mask: 0xffffffff max_cycles: 0xffffffff, max_idle_ns: 19112604467 ns
[STDERR  ] 2019-05-12T20:45:28.544728375Z: [    0.678120] APIC: Switch to symmetric I/O mode setup
[STDERR  ] 2019-05-12T20:45:28.544740294Z: [    0.684876] x2apic enabled
[STDERR  ] 2019-05-12T20:45:28.544752719Z: [    0.689470] Switched APIC routing to physical x2apic.
[STDERR  ] 2019-05-12T20:45:28.544765235Z: [    0.703626] ..TIMER: vector=0x30 apic1=0 pin1=2 apic2=-1 pin2=-1
[STDERR  ] 2019-05-12T20:45:28.544778060Z: [    0.709088] clocksource: tsc-early: mask: 0xffffffffffffffff max_cycles: 0x21266ad2798, max_idle_ns: 440795240047 ns
[STDERR  ] 2019-05-12T20:45:28.544790581Z: [    0.718368] Calibrating delay loop (skipped) preset value.. 4599.57 BogoMIPS (lpj=2299786)
[STDERR  ] 2019-05-12T20:45:28.544803702Z: [    0.719341] pid_max: default: 32768 minimum: 301
[STDERR  ] 2019-05-12T20:45:28.544815896Z: [    0.720427] LSM: Security Framework initializing
[STDERR  ] 2019-05-12T20:45:28.544831723Z: [    0.721344] Yama: becoming mindful.
[STDERR  ] 2019-05-12T20:45:28.544845689Z: [    0.722388] Mount-cache hash table entries: 2048 (order: 2, 16384 bytes)
[STDERR  ] 2019-05-12T20:45:28.544859104Z: [    0.723343] Mountpoint-cache hash table entries: 2048 (order: 2, 16384 bytes)
[STDERR  ] 2019-05-12T20:45:28.544870988Z: [    0.724595] *** VALIDATE proc ***
[STDERR  ] 2019-05-12T20:45:28.544884343Z: [    0.726431] *** VALIDATE cgroup1 ***
[STDERR  ] 2019-05-12T20:45:28.544899272Z: [    0.727338] *** VALIDATE cgroup2 ***
[STDERR  ] 2019-05-12T20:45:28.544913241Z: [    0.730375] Last level iTLB entries: 4KB 0, 2MB 0, 4MB 0
[STDERR  ] 2019-05-12T20:45:28.544926691Z: [    0.731340] Last level dTLB entries: 4KB 0, 2MB 0, 4MB 0, 1GB 0
[STDERR  ] 2019-05-12T20:45:28.544939892Z: [    0.732339] Spectre V2 : Mitigation: Full generic retpoline
[STDERR  ] 2019-05-12T20:45:28.544956169Z: [    0.733337] Spectre V2 : Spectre v2 / SpectreRSB mitigation: Filling RSB on context switch
[STDERR  ] 2019-05-12T20:45:28.544974460Z: [    0.735338] Speculative Store Bypass: Vulnerable
[STDERR  ] 2019-05-12T20:45:28.544987492Z: [    0.744095] Freeing SMP alternatives memory: 20K
[STDERR  ] 2019-05-12T20:45:28.545000943Z: [    0.745333] smpboot: CPU0: Intel QEMU Virtual CPU version 2.5+ (family: 0x6, model: 0x6, stepping: 0x3)
[STDERR  ] 2019-05-12T20:45:28.545014829Z: [    0.745536] Performance Events: PMU not available due to virtualization, using software events only.
[STDERR  ] 2019-05-12T20:45:28.545564318Z: [    0.748433] rcu: Hierarchical SRCU implementation.
[STDERR  ] 2019-05-12T20:45:28.545655428Z: [    0.750370] NMI watchdog: Perf NMI watchdog permanently disabled
[STDERR  ] 2019-05-12T20:45:28.545693850Z: [    0.751408] smp: Bringing up secondary CPUs ...
[STDERR  ] 2019-05-12T20:45:28.545754021Z: [    0.752339] smp: Brought up 1 node, 1 CPU
[STDERR  ] 2019-05-12T20:45:28.545835404Z: [    0.753337] smpboot: Max logical packages: 1
[STDERR  ] 2019-05-12T20:45:28.545886638Z: [    0.754337] smpboot: Total of 1 processors activated (4599.57 BogoMIPS)
[STDERR  ] 2019-05-12T20:45:28.545944579Z: [    0.756551] devtmpfs: initialized
[STDERR  ] 2019-05-12T20:45:28.545986053Z: [    0.757413] x86/mm: Memory block size: 128MB
[STDERR  ] 2019-05-12T20:45:28.546044494Z: [    0.759391] clocksource: jiffies: mask: 0xffffffff max_cycles: 0xffffffff, max_idle_ns: 1911260446275000 ns
[STDERR  ] 2019-05-12T20:45:28.546107163Z: [    0.760345] futex hash table entries: 256 (order: 2, 16384 bytes)
[STDERR  ] 2019-05-12T20:45:28.546184248Z: [    0.761616] NET: Registered protocol family 16
[STDERR  ] 2019-05-12T20:45:28.546226115Z: [    0.762508] audit: initializing netlink subsys (disabled)
[STDERR  ] 2019-05-12T20:45:28.546281075Z: [    0.763490] cpuidle: using governor ladder
[STDERR  ] 2019-05-12T20:45:28.546324894Z: [    0.764340] cpuidle: using governor menu
[STDERR  ] 2019-05-12T20:45:28.546395082Z: [    0.766474] ACPI: bus type PCI registered
[STDERR  ] 2019-05-12T20:45:28.546435194Z: [    0.767348] audit: type=2000 audit(1557693921.477:1): state=initialized audit_enabled=0 res=1
[STDERR  ] 2019-05-12T20:45:28.546499461Z: [    0.768815] PCI: MMCONFIG for domain 0000 [bus 00-ff] at [mem 0xb0000000-0xbfffffff] (base 0xb0000000)
[STDERR  ] 2019-05-12T20:45:28.546536770Z: [    0.769343] PCI: MMCONFIG at [mem 0xb0000000-0xbfffffff] reserved in E820
[STDERR  ] 2019-05-12T20:45:28.546603004Z: [    0.770361] PCI: Using configuration type 1 for base access
[STDERR  ] 2019-05-12T20:45:28.546664709Z: [    0.773485] HugeTLB registered 2.00 MiB page size, pre-allocated 0 pages
[STDERR  ] 2019-05-12T20:45:28.546724472Z: [    0.774515] cryptd: max_cpu_qlen set to 1000
[STDERR  ] 2019-05-12T20:45:28.546790285Z: [    0.775520] ACPI: Added _OSI(Module Device)
[STDERR  ] 2019-05-12T20:45:28.546849478Z: [    0.776338] ACPI: Added _OSI(Processor Device)
[STDERR  ] 2019-05-12T20:45:28.546887872Z: [    0.777337] ACPI: Added _OSI(3.0 _SCP Extensions)
[STDERR  ] 2019-05-12T20:45:28.546949505Z: [    0.778337] ACPI: Added _OSI(Processor Aggregator Device)
[STDERR  ] 2019-05-12T20:45:28.546991509Z: [    0.779353] ACPI: Added _OSI(Linux-Dell-Video)
[STDERR  ] 2019-05-12T20:45:28.547048740Z: [    0.780338] ACPI: Added _OSI(Linux-Lenovo-NV-HDMI-Audio)
[STDERR  ] 2019-05-12T20:45:28.547089406Z: [    0.781338] ACPI: Added _OSI(Linux-HPI-Hybrid-Graphics)
[STDERR  ] 2019-05-12T20:45:28.547147598Z: [    0.784573] ACPI: 1 ACPI AML tables successfully acquired and loaded
[STDERR  ] 2019-05-12T20:45:28.547188580Z: [    0.788524] ACPI: Interpreter enabled
[STDERR  ] 2019-05-12T20:45:28.547245038Z: [    0.789363] ACPI: (supports S0 S5)
[STDERR  ] 2019-05-12T20:45:28.547300063Z: [    0.790338] ACPI: Using IOAPIC for interrupt routing
[STDERR  ] 2019-05-12T20:45:28.547378514Z: [    0.791393] PCI: Using host bridge windows from ACPI; if necessary, use "pci=nocrs" and report a bug
[STDERR  ] 2019-05-12T20:45:28.547444655Z: [    0.793581] ACPI: Enabled 2 GPEs in block 00 to 3F
[STDERR  ] 2019-05-12T20:45:28.547516356Z: [    0.798602] ACPI: PCI Root Bridge [PCI0] (domain 0000 [bus 00-ff])
[STDERR  ] 2019-05-12T20:45:28.547593068Z: [    0.799347] acpi PNP0A08:00: _OSC: OS supports [ExtendedConfig ASPM ClockPM Segments MSI]
[STDERR  ] 2019-05-12T20:45:28.547674982Z: [    0.800455] acpi PNP0A08:00: _OSC: platform does not support [SHPCHotplug LTR]
[STDERR  ] 2019-05-12T20:45:28.547722592Z: [    0.801441] acpi PNP0A08:00: _OSC: OS now controls [PCIeHotplug PME PCIeCapability]
[STDERR  ] 2019-05-12T20:45:28.547806055Z: [    0.802407] PCI host bridge to bus 0000:00
[STDERR  ] 2019-05-12T20:45:28.547856030Z: [    0.803341] pci_bus 0000:00: root bus resource [io  0x0000-0x0cf7 window]
[STDERR  ] 2019-05-12T20:45:28.547923185Z: [    0.804339] pci_bus 0000:00: root bus resource [io  0x0d00-0xffff window]
[STDERR  ] 2019-05-12T20:45:28.547994591Z: [    0.805341] pci_bus 0000:00: root bus resource [mem 0x000a0000-0x000bffff window]
[STDERR  ] 2019-05-12T20:45:28.548044303Z: [    0.806347] pci_bus 0000:00: root bus resource [mem 0xc0000000-0xfebfffff window]
[STDERR  ] 2019-05-12T20:45:28.548111552Z: [    0.807340] pci_bus 0000:00: root bus resource [bus 00-ff]
[STDERR  ] 2019-05-12T20:45:28.548188043Z: [    0.876109] pci 0000:00:1f.0: quirk: [io  0x0600-0x067f] claimed by ICH6 ACPI/GPIO/TCO
[STDERR  ] 2019-05-12T20:45:28.548238356Z: [    0.903585] ACPI: PCI Interrupt Link [LNKA] (IRQs 5 *10 11)
[STDERR  ] 2019-05-12T20:45:28.548318187Z: [    0.904628] ACPI: PCI Interrupt Link [LNKB] (IRQs 5 *10 11)
[STDERR  ] 2019-05-12T20:45:28.548401084Z: [    0.906506] ACPI: PCI Interrupt Link [LNKC] (IRQs 5 10 *11)
[STDERR  ] 2019-05-12T20:45:28.548468360Z: [    0.907623] ACPI: PCI Interrupt Link [LNKD] (IRQs 5 10 *11)
[STDERR  ] 2019-05-12T20:45:28.548534280Z: [    0.908620] ACPI: PCI Interrupt Link [LNKE] (IRQs 5 *10 11)
[STDERR  ] 2019-05-12T20:45:28.548586931Z: [    0.910415] ACPI: PCI Interrupt Link [LNKF] (IRQs 5 *10 11)
[STDERR  ] 2019-05-12T20:45:28.548659274Z: [    0.911623] ACPI: PCI Interrupt Link [LNKG] (IRQs 5 10 *11)
[STDERR  ] 2019-05-12T20:45:28.548728828Z: [    0.912620] ACPI: PCI Interrupt Link [LNKH] (IRQs 5 10 *11)
[STDERR  ] 2019-05-12T20:45:28.548774435Z: [    0.913468] ACPI: PCI Interrupt Link [GSIA] (IRQs *16)
[STDERR  ] 2019-05-12T20:45:28.548852145Z: [    0.914355] ACPI: PCI Interrupt Link [GSIB] (IRQs *17)
[STDERR  ] 2019-05-12T20:45:28.548924385Z: [    0.915361] ACPI: PCI Interrupt Link [GSIC] (IRQs *18)
[STDERR  ] 2019-05-12T20:45:28.548974464Z: [    0.916353] ACPI: PCI Interrupt Link [GSID] (IRQs *19)
[STDERR  ] 2019-05-12T20:45:28.549128203Z: [    0.917354] ACPI: PCI Interrupt Link [GSIE] (IRQs *20)
[STDERR  ] 2019-05-12T20:45:28.549212866Z: [    0.918355] ACPI: PCI Interrupt Link [GSIF] (IRQs *21)
[STDERR  ] 2019-05-12T20:45:28.549261448Z: [    0.919354] ACPI: PCI Interrupt Link [GSIG] (IRQs *22)
[STDERR  ] 2019-05-12T20:45:28.549328181Z: [    0.920353] ACPI: PCI Interrupt Link [GSIH] (IRQs *23)
[STDERR  ] 2019-05-12T20:45:28.549404170Z: [    0.922723] SCSI subsystem initialized
[STDERR  ] 2019-05-12T20:45:28.549449980Z: [    0.923471] ACPI: bus type USB registered
[STDERR  ] 2019-05-12T20:45:28.549516779Z: [    0.924379] usbcore: registered new interface driver usbfs
[STDERR  ] 2019-05-12T20:45:28.549567215Z: [    0.925362] usbcore: registered new interface driver hub
[STDERR  ] 2019-05-12T20:45:28.549641052Z: [    0.926377] usbcore: registered new device driver usb
[STDERR  ] 2019-05-12T20:45:28.549704832Z: [    0.927377] pps_core: LinuxPPS API ver. 1 registered
[STDERR  ] 2019-05-12T20:45:28.549771468Z: [    0.928337] pps_core: Software ver. 5.3.6 - Copyright 2005-2007 Rodolfo Giometti <giometti@linux.it>
[STDERR  ] 2019-05-12T20:45:28.549822897Z: [    0.929350] PTP clock support registered
[STDERR  ] 2019-05-12T20:45:28.549890076Z: [    0.930455] PCI: Using ACPI for IRQ routing
[STDERR  ] 2019-05-12T20:45:28.549939804Z: [    1.374113] NetLabel: Initializing
[STDERR  ] 2019-05-12T20:45:28.550005134Z: [    1.375336] NetLabel:  domain hash size = 128
[STDERR  ] 2019-05-12T20:45:28.550094647Z: [    1.376336] NetLabel:  protocols = UNLABELED CIPSOv4 CALIPSO
[STDERR  ] 2019-05-12T20:45:28.550161338Z: [    1.377374] NetLabel:  unlabeled traffic allowed by default
[STDERR  ] 2019-05-12T20:45:28.550213691Z: [    1.378519] HPET: 3 timers in total, 0 timers will be used for per-cpu timer
[STDERR  ] 2019-05-12T20:45:28.550283632Z: [    1.379455] hpet0: at MMIO 0xfed00000, IRQs 2, 8, 0
[STDERR  ] 2019-05-12T20:45:28.550361191Z: [    1.380340] hpet0: 3 comparators, 64-bit 100.000000 MHz counter
[STDERR  ] 2019-05-12T20:45:28.550412605Z: [    1.385340] clocksource: Switched to clocksource kvm-clock
[STDERR  ] 2019-05-12T20:45:28.550466292Z: [    1.423723] VFS: Disk quotas dquot_6.6.0
[STDERR  ] 2019-05-12T20:45:28.550534735Z: [    1.427405] VFS: Dquot-cache hash table entries: 512 (order 0, 4096 bytes)
[STDERR  ] 2019-05-12T20:45:28.550585785Z: [    1.433530] FS-Cache: Loaded
[STDERR  ] 2019-05-12T20:45:28.550642757Z: [    1.436203] *** VALIDATE hugetlbfs ***
[STDERR  ] 2019-05-12T20:45:28.550708583Z: [    1.439683] CacheFiles: Loaded
[STDERR  ] 2019-05-12T20:45:28.550758414Z: [    1.442531] pnp: PnP ACPI init
[STDERR  ] 2019-05-12T20:45:28.550813386Z: [    1.446568] pnp: PnP ACPI: found 5 devices
[STDERR  ] 2019-05-12T20:45:28.550864297Z: [    1.456729] clocksource: acpi_pm: mask: 0xffffff max_cycles: 0xffffff, max_idle_ns: 2085701024 ns
[STDERR  ] 2019-05-12T20:45:28.550914776Z: [    1.464833] NET: Registered protocol family 2
[STDERR  ] 2019-05-12T20:45:28.550972426Z: [    1.469027] tcp_listen_portaddr_hash hash table entries: 512 (order: 1, 8192 bytes)
[STDERR  ] 2019-05-12T20:45:28.551021895Z: [    1.475794] TCP established hash table entries: 8192 (order: 4, 65536 bytes)
[STDERR  ] 2019-05-12T20:45:28.551069064Z: [    1.482790] TCP bind hash table entries: 8192 (order: 5, 131072 bytes)
[STDERR  ] 2019-05-12T20:45:28.551141745Z: [    1.488608] TCP: Hash tables configured (established 8192 bind 8192)
[STDERR  ] 2019-05-12T20:45:28.551194568Z: [    1.494420] UDP hash table entries: 512 (order: 2, 16384 bytes)
[STDERR  ] 2019-05-12T20:45:28.551242248Z: [    1.499744] UDP-Lite hash table entries: 512 (order: 2, 16384 bytes)
[STDERR  ] 2019-05-12T20:45:28.551290676Z: [    1.505470] NET: Registered protocol family 1
[STDERR  ] 2019-05-12T20:45:28.551357134Z: [    1.509397] NET: Registered protocol family 44
[STDERR  ] 2019-05-12T20:45:28.551405168Z: [    1.513596] pci 0000:00:01.0: Video device with shadowed ROM at [mem 0x000c0000-0x000dffff]
[STDERR  ] 2019-05-12T20:45:28.551456837Z: [    1.521167] Trying to unpack rootfs image as initramfs...
[STDERR  ] 2019-05-12T20:45:28.551507916Z: [    2.144401] Freeing initrd memory: 33512K
[STDERR  ] 2019-05-12T20:45:28.551558935Z: [    2.148285] clocksource: tsc: mask: 0xffffffffffffffff max_cycles: 0x21266ad2798, max_idle_ns: 440795240047 ns
[STDERR  ] 2019-05-12T20:45:28.551620336Z: [    2.200705] PCLMULQDQ-NI instructions are not detected.
[STDERR  ] 2019-05-12T20:45:28.551664508Z: [    2.207300] AVX or AES-NI instructions are not detected.
[STDERR  ] 2019-05-12T20:45:28.551707404Z: [    2.212122] CPU feature 'AVX registers' is not supported.
[STDERR  ] 2019-05-12T20:45:28.551751544Z: [    2.216969] CPU feature 'AVX registers' is not supported.
[STDERR  ] 2019-05-12T20:45:28.551799386Z: [    2.221784] CPU feature 'AVX registers' is not supported.
[STDERR  ] 2019-05-12T20:45:28.551865050Z: [    2.226616] CPU feature 'AVX registers' is not supported.
[STDERR  ] 2019-05-12T20:45:28.551911493Z: [    2.231429] AVX2 or AES-NI instructions are not detected.
[STDERR  ] 2019-05-12T20:45:28.551957291Z: [    2.236279] AVX2 instructions are not detected.
[STDERR  ] 2019-05-12T20:45:28.552004205Z: [    2.240956] workingset: timestamp_bits=46 max_order=18 bucket_order=0
[STDERR  ] 2019-05-12T20:45:28.552052243Z: [    2.247014] squashfs: version 4.0 (2009/01/31) Phillip Lougher
[STDERR  ] 2019-05-12T20:45:28.552109744Z: [    2.252286] FS-Cache: Netfs 'cifs' registered for caching
[STDERR  ] 2019-05-12T20:45:28.552159823Z: [    2.257140] fuse init (API version 7.29)
[STDERR  ] 2019-05-12T20:45:28.552208855Z: [    2.260783] SGI XFS with ACLs, security attributes, no debug enabled
[STDERR  ] 2019-05-12T20:45:28.552255579Z: [    2.266641] 9p: Installing v9fs 9p2000 file system support
[STDERR  ] 2019-05-12T20:45:28.552307307Z: [    2.271511] FS-Cache: Netfs '9p' registered for caching
[STDERR  ] 2019-05-12T20:45:28.552368489Z: [    2.415922] NET: Registered protocol family 38
[STDERR  ] 2019-05-12T20:45:28.552416542Z: [    2.420118] Key type asymmetric registered
[STDERR  ] 2019-05-12T20:45:28.552465342Z: [    2.423864] Asymmetric key parser 'x509' registered
[STDERR  ] 2019-05-12T20:45:28.552513656Z: [    2.428288] Block layer SCSI generic (bsg) driver version 0.4 loaded (major 247)
[STDERR  ] 2019-05-12T20:45:28.552562192Z: [    2.434889] io scheduler mq-deadline registered
[STDERR  ] 2019-05-12T20:45:28.552607566Z: [    2.438957] io scheduler kyber registered
[STDERR  ] 2019-05-12T20:45:28.552661043Z: [    2.442616] io scheduler bfq registered
[STDERR  ] 2019-05-12T20:45:28.552716747Z: [    2.446190] shpchp: Standard Hot Plug PCI Controller Driver version: 0.4
[STDERR  ] 2019-05-12T20:45:28.552764604Z: [    2.452133] hv_vmbus: registering driver hyperv_fb
[STDERR  ] 2019-05-12T20:45:28.552814973Z: [    2.456614] input: Power Button as /devices/LNXSYSTM:00/LNXPWRBN:00/input/input0
[STDERR  ] 2019-05-12T20:45:28.552862951Z: [    2.463180] ACPI: Power Button [PWRF]
[STDERR  ] 2019-05-12T20:45:28.552915430Z: [    2.467236] PCI Interrupt Link [GSIG] enabled at IRQ 22
[STDERR  ] 2019-05-12T20:45:28.552960997Z: [    2.477811] PCI Interrupt Link [GSIH] enabled at IRQ 23
[STDERR  ] 2019-05-12T20:45:28.553009633Z: [    2.488176] Serial: 8250/16550 driver, 4 ports, IRQ sharing disabled
[STDERR  ] 2019-05-12T20:45:28.553084575Z: [    2.527431] 00:04: ttyS0 at I/O 0x3f8 (irq = 4, base_baud = 115200) is a 16550A
[STDERR  ] 2019-05-12T20:45:28.553135704Z: [    2.534945] Non-volatile memory driver v1.3
[STDERR  ] 2019-05-12T20:45:28.553180824Z: [    2.540418] Hangcheck: starting hangcheck timer 0.9.1 (tick is 180 seconds, margin is 60 seconds).
[STDERR  ] 2019-05-12T20:45:28.553253888Z: [    2.548530] random: fast init done
[STDERR  ] 2019-05-12T20:45:28.553299886Z: [    2.552542] random: crng init done
[STDERR  ] 2019-05-12T20:45:28.553366306Z: [    2.556963] brd: module loaded
[STDERR  ] 2019-05-12T20:45:28.553416838Z: [    2.562429] loop: module loaded
[STDERR  ] 2019-05-12T20:45:28.553470611Z: [    2.569601] lpc_ich 0000:00:1f.0: I/O space for GPIO uninitialized
[STDERR  ] 2019-05-12T20:45:28.553518020Z: [    2.575207] VMware PVSCSI driver - version 1.0.7.0-k
[STDERR  ] 2019-05-12T20:45:28.553567639Z: [    2.579623] hv_vmbus: registering driver hv_storvsc
[STDERR  ] 2019-05-12T20:45:28.553626276Z: [    2.584720] PCI Interrupt Link [GSIA] enabled at IRQ 16
[STDERR  ] 2019-05-12T20:45:28.553678289Z: [    2.592825] ahci 0000:00:1f.2: AHCI 0001.0000 32 slots 6 ports 1.5 Gbps 0x3f impl SATA mode
[STDERR  ] 2019-05-12T20:45:28.553728952Z: [    2.600315] ahci 0000:00:1f.2: flags: 64bit ncq only 
[STDERR  ] 2019-05-12T20:45:28.553777374Z: [    2.608642] scsi host0: ahci
[STDERR  ] 2019-05-12T20:45:28.553824735Z: [    2.611500] scsi host1: ahci
[STDERR  ] 2019-05-12T20:45:28.553871733Z: [    2.614289] scsi host2: ahci
[STDERR  ] 2019-05-12T20:45:28.553919321Z: [    2.617064] scsi host3: ahci
[STDERR  ] 2019-05-12T20:45:28.553967856Z: [    2.619830] scsi host4: ahci
[STDERR  ] 2019-05-12T20:45:28.554017311Z: [    2.622662] scsi host5: ahci
[STDERR  ] 2019-05-12T20:45:28.554065303Z: [    2.625459] ata1: SATA max UDMA/133 abar m4096@0xfebd2000 port 0xfebd2100 irq 24
[STDERR  ] 2019-05-12T20:45:28.554112558Z: [    2.632033] ata2: SATA max UDMA/133 abar m4096@0xfebd2000 port 0xfebd2180 irq 24
[STDERR  ] 2019-05-12T20:45:28.554164628Z: [    2.638626] ata3: SATA max UDMA/133 abar m4096@0xfebd2000 port 0xfebd2200 irq 24
[STDERR  ] 2019-05-12T20:45:28.554216245Z: [    2.645114] ata4: SATA max UDMA/133 abar m4096@0xfebd2000 port 0xfebd2280 irq 24
[STDERR  ] 2019-05-12T20:45:28.554261763Z: [    2.651699] ata5: SATA max UDMA/133 abar m4096@0xfebd2000 port 0xfebd2300 irq 24
[STDERR  ] 2019-05-12T20:45:28.554310236Z: [    2.658232] ata6: SATA max UDMA/133 abar m4096@0xfebd2000 port 0xfebd2380 irq 24
[STDERR  ] 2019-05-12T20:45:28.554368862Z: [    2.667128] tun: Universal TUN/TAP device driver, 1.6
[STDERR  ] 2019-05-12T20:45:28.554416204Z: [    2.676515] VMware vmxnet3 virtual NIC driver - version 1.4.16.0-k-NAPI
[STDERR  ] 2019-05-12T20:45:28.554464067Z: [    2.682537] hv_vmbus: registering driver hv_netvsc
[STDERR  ] 2019-05-12T20:45:28.554509785Z: [    2.686863] Fusion MPT base driver 3.04.20
[STDERR  ] 2019-05-12T20:45:28.554555143Z: [    2.690556] Copyright (c) 1999-2008 LSI Corporation
[STDERR  ] 2019-05-12T20:45:28.554603237Z: [    2.694950] Fusion MPT SPI Host driver 3.04.20
[STDERR  ] 2019-05-12T20:45:28.554657214Z: [    2.699083] i8042: PNP: PS/2 Controller [PNP0303:KBD,PNP0f13:MOU] at 0x60,0x64 irq 1,12
[STDERR  ] 2019-05-12T20:45:28.554708454Z: [    2.709899] serio: i8042 KBD port at 0x60,0x64 irq 1
[STDERR  ] 2019-05-12T20:45:28.554748519Z: [    2.714436] serio: i8042 AUX port at 0x60,0x64 irq 12
[STDERR  ] 2019-05-12T20:45:28.554786927Z: [    2.719024] hv_vmbus: registering driver hyperv_keyboard
[STDERR  ] 2019-05-12T20:45:28.554828052Z: [    2.723822] mousedev: PS/2 mouse device common for all mice
[STDERR  ] 2019-05-12T20:45:28.554870001Z: [    2.730100] input: AT Translated Set 2 keyboard as /devices/platform/i8042/serio0/input/input1
[STDERR  ] 2019-05-12T20:45:28.554916352Z: [    2.737729] input: PC Speaker as /devices/platform/pcspkr/input/input2
[STDERR  ] 2019-05-12T20:45:28.554957901Z: [    2.744470] rtc_cmos 00:00: RTC can wake from S4
[STDERR  ] 2019-05-12T20:45:28.554999336Z: [    2.751036] rtc_cmos 00:00: registered as rtc0
[STDERR  ] 2019-05-12T20:45:28.555038105Z: [    2.755063] rtc_cmos 00:00: alarms up to one day, y3k, 114 bytes nvram, hpet irqs
[STDERR  ] 2019-05-12T20:45:28.555081844Z: [    2.761755] i2c /dev entries driver
[STDERR  ] 2019-05-12T20:45:28.555122879Z: [    2.765260] device-mapper: ioctl: 4.40.0-ioctl (2019-01-18) initialised: dm-devel@redhat.com
[STDERR  ] 2019-05-12T20:45:28.555165059Z: [    2.772800] intel_pstate: CPU model not supported
[STDERR  ] 2019-05-12T20:45:28.555210035Z: [    2.777507] usbcore: registered new interface driver usbhid
[STDERR  ] 2019-05-12T20:45:28.555249293Z: [    2.782499] usbhid: USB HID core driver
[STDERR  ] 2019-05-12T20:45:28.555290378Z: [    2.785990] hv_utils: Registering HyperV Utility Driver
[STDERR  ] 2019-05-12T20:45:28.555329851Z: [    2.790777] hv_vmbus: registering driver hv_utils
[STDERR  ] 2019-05-12T20:45:28.555384811Z: [    2.795026] hv_vmbus: registering driver hv_balloon
[STDERR  ] 2019-05-12T20:45:28.555425517Z: [    2.799465] oprofile: using NMI interrupt.
[STDERR  ] 2019-05-12T20:45:28.555463902Z: [    2.803190] GACT probability on
[STDERR  ] 2019-05-12T20:45:28.555505910Z: [    2.806058] Mirror/redirect action on
[STDERR  ] 2019-05-12T20:45:28.555544581Z: [    2.809391] Simple TC action Loaded
[STDERR  ] 2019-05-12T20:45:28.555584034Z: [    2.812584] u32 classifier
[STDERR  ] 2019-05-12T20:45:28.555630119Z: [    2.815041]     Performance counters on
[STDERR  ] 2019-05-12T20:45:28.555668997Z: [    2.818465]     input device check on
[STDERR  ] 2019-05-12T20:45:28.555717195Z: [    2.821786]     Actions configured
[STDERR  ] 2019-05-12T20:45:28.555764853Z: [    2.825238] xt_time: kernel timezone is -0000
[STDERR  ] 2019-05-12T20:45:28.555830695Z: [    2.829163] IPVS: Registered protocols (TCP, UDP, SCTP, AH, ESP)
[STDERR  ] 2019-05-12T20:45:28.555875968Z: [    2.834544] IPVS: Connection hash table configured (size=4096, memory=64Kbytes)
[STDERR  ] 2019-05-12T20:45:28.555922189Z: [    2.841160] IPVS: ipvs loaded.
[STDERR  ] 2019-05-12T20:45:28.555968327Z: [    2.843944] IPVS: [rr] scheduler registered.
[STDERR  ] 2019-05-12T20:45:28.556014351Z: [    2.847766] IPVS: [wrr] scheduler registered.
[STDERR  ] 2019-05-12T20:45:28.556059335Z: [    2.851643] IPVS: [lc] scheduler registered.
[STDERR  ] 2019-05-12T20:45:28.556104445Z: [    2.855513] IPVS: [wlc] scheduler registered.
[STDERR  ] 2019-05-12T20:45:28.556151168Z: [    2.859407] IPVS: [fo] scheduler registered.
[STDERR  ] 2019-05-12T20:45:28.556197654Z: [    2.863230] IPVS: [ovf] scheduler registered.
[STDERR  ] 2019-05-12T20:45:28.556246046Z: [    2.867115] IPVS: [lblc] scheduler registered.
[STDERR  ] 2019-05-12T20:45:28.556303543Z: [    2.871400] IPVS: [lblcr] scheduler registered.
[STDERR  ] 2019-05-12T20:45:28.556366057Z: [    2.875415] IPVS: [dh] scheduler registered.
[STDERR  ] 2019-05-12T20:45:28.556414437Z: [    2.879632] IPVS: [sh] scheduler registered.
[STDERR  ] 2019-05-12T20:45:28.556456627Z: [    2.883524] IPVS: [mh] scheduler registered.
[STDERR  ] 2019-05-12T20:45:28.556501940Z: [    2.887608] IPVS: [sed] scheduler registered.
[STDERR  ] 2019-05-12T20:45:28.556548756Z: [    2.891489] IPVS: [nq] scheduler registered.
[STDERR  ] 2019-05-12T20:45:28.556595635Z: [    2.895566] IPVS: ftp: loaded support on port[0] = 21
[STDERR  ] 2019-05-12T20:45:28.556652213Z: [    2.900154] ipip: IPv4 and MPLS over IPv4 tunneling driver
[STDERR  ] 2019-05-12T20:45:28.556703659Z: [    2.905424] gre: GRE over IPv4 demultiplexor driver
[STDERR  ] 2019-05-12T20:45:28.556753022Z: [    2.909847] ipt_CLUSTERIP: ClusterIP Version 0.8 loaded successfully
[STDERR  ] 2019-05-12T20:45:28.556797242Z: [    2.915760] NET: Registered protocol family 10
[STDERR  ] 2019-05-12T20:45:28.556837455Z: [    2.920164] Segment Routing with IPv6
[STDERR  ] 2019-05-12T20:45:28.556895271Z: [    2.924020] NET: Registered protocol family 17
[STDERR  ] 2019-05-12T20:45:28.556944233Z: [    2.928117] Bridge firewalling registered
[STDERR  ] 2019-05-12T20:45:28.556992063Z: [    2.931964] 8021q: 802.1Q VLAN Support v1.8
[STDERR  ] 2019-05-12T20:45:28.557072237Z: [    2.935794] 9pnet: Installing 9P2000 support
[STDERR  ] 2019-05-12T20:45:28.557123897Z: [    2.939955] Key type dns_resolver registered
[STDERR  ] 2019-05-12T20:45:28.557167482Z: [    2.943920] NET: Registered protocol family 40
[STDERR  ] 2019-05-12T20:45:28.557219878Z: [    2.948327] registered taskstats version 1
[STDERR  ] 2019-05-12T20:45:28.557265367Z: [    2.964622] Key type big_key registered
[STDERR  ] 2019-05-12T20:45:28.557311053Z: [    2.974486] ata4: SATA link down (SStatus 0 SControl 300)
[STDERR  ] 2019-05-12T20:45:28.557378321Z: [    2.980156] ata3: SATA link up 1.5 Gbps (SStatus 113 SControl 300)
[STDERR  ] 2019-05-12T20:45:28.557429460Z: [    2.986632] ata2: SATA link down (SStatus 0 SControl 300)
[STDERR  ] 2019-05-12T20:45:28.557477105Z: [    2.992224] ata1: SATA link down (SStatus 0 SControl 300)
[STDERR  ] 2019-05-12T20:45:28.557522357Z: [    2.997883] ata6: SATA link down (SStatus 0 SControl 300)
[STDERR  ] 2019-05-12T20:45:28.557564847Z: [    3.003583] ata5: SATA link down (SStatus 0 SControl 300)
[STDERR  ] 2019-05-12T20:45:28.557624047Z: [    3.009062] Key type encrypted registered
[STDERR  ] 2019-05-12T20:45:28.557674112Z: [    3.012737] ata3.00: ATAPI: QEMU DVD-ROM, 2.5+, max UDMA/100
[STDERR  ] 2019-05-12T20:45:28.557718675Z: [    3.017749] ata3.00: applying bridge limits
[STDERR  ] 2019-05-12T20:45:28.557763070Z: [    3.021830] ima: No TPM chip found, activating TPM-bypass!
[STDERR  ] 2019-05-12T20:45:28.557812485Z: [    3.026789] ima: Allocated hash algorithm: sha256
[STDERR  ] 2019-05-12T20:45:28.557860445Z: [    3.031340] ata3.00: configured for UDMA/100
[STDERR  ] 2019-05-12T20:45:28.557907619Z: [    3.035542] No architecture policies found
[STDERR  ] 2019-05-12T20:45:28.557952491Z: [    3.040249] scsi 2:0:0:0: CD-ROM            QEMU     QEMU DVD-ROM     2.5+ PQ: 0 ANSI: 5
[STDERR  ] 2019-05-12T20:45:28.557998293Z: [    3.047433] evm: Initialising EVM extended attributes:
[STDERR  ] 2019-05-12T20:45:28.558044656Z: [    3.051977] evm: security.ima
[STDERR  ] 2019-05-12T20:45:28.558090767Z: [    3.054675] evm: security.capability
[STDERR  ] 2019-05-12T20:45:28.558140073Z: [    3.057911] evm: HMAC attrs: 0x1
[STDERR  ] 2019-05-12T20:45:28.558181853Z: [    3.063179] rtc_cmos 00:00: setting system clock to 2019-05-12T20:45:24 UTC (1557693924)
[STDERR  ] 2019-05-12T20:45:28.558227313Z: [    3.070463] Unstable clock detected, switching default tracing clock to "global"
[STDERR  ] 2019-05-12T20:45:28.558271930Z: [    3.070463] If you want to keep using the local clock, then add:
[STDERR  ] 2019-05-12T20:45:28.558317158Z: [    3.070463]   "trace_clock=local"
[STDERR  ] 2019-05-12T20:45:28.558375430Z: [    3.070463] on the kernel command line
[STDERR  ] 2019-05-12T20:45:28.558420122Z: [    3.090519] sr 2:0:0:0: [sr0] scsi3-mmc drive: 4x/4x cd/rw xa/form2 tray
[STDERR  ] 2019-05-12T20:45:28.558464458Z: [    3.096493] cdrom: Uniform CD-ROM driver Revision: 3.20
[STDERR  ] 2019-05-12T20:45:28.558508104Z: [    3.101839] sr 2:0:0:0: Attached scsi generic sg0 type 5
[STDERR  ] 2019-05-12T20:45:28.558553208Z: [    3.108508] Freeing unused kernel image memory: 1608K
[STDERR  ] 2019-05-12T20:45:28.558597286Z: [    3.114418] Write protecting the kernel read-only data: 18432k
[STDERR  ] 2019-05-12T20:45:28.558653126Z: [    3.120518] Freeing unused kernel image memory: 2036K
[STDERR  ] 2019-05-12T20:45:28.558696898Z: [    3.125488] Freeing unused kernel image memory: 1008K
[STDERR  ] 2019-05-12T20:45:28.558740145Z: [    3.129979] Run /init as init process
[STDERR  ] 2019-05-12T20:45:28.558786354Z: 
[STDERR  ] 2019-05-12T20:45:28.558830873Z: Welcome to LinuxKit
[STDERR  ] 2019-05-12T20:45:28.558876344Z: 
[STDERR  ] 2019-05-12T20:45:28.558916773Z:                         ##         .
[STDERR  ] 2019-05-12T20:45:28.558968355Z:                   ## ## ##        ==
[STDERR  ] 2019-05-12T20:45:28.559012721Z:                ## ## ## ## ##    ===
[STDERR  ] 2019-05-12T20:45:28.559059355Z:            /"""""""""""""""""\___/ ===
[STDERR  ] 2019-05-12T20:45:28.559102616Z:           {                       /  ===-
[STDERR  ] 2019-05-12T20:45:28.559147155Z:            \______ O           __/
[STDERR  ] 2019-05-12T20:45:28.559192556Z:              \    \         __/
[STDERR  ] 2019-05-12T20:45:28.559238261Z:               \____\_______/
[STDERR  ] 2019-05-12T20:45:28.559284007Z: 
[STDERR  ] 2019-05-12T20:45:28.559328929Z: [    3.651312] hello_world: loading out-of-tree module taints kernel.
[STDERR  ] 2019-05-12T20:45:28.559386327Z: [    3.657227] Hello LinuxKit
[STDERR  ] 2019-05-12T20:45:28.559442234Z: [    3.663776] Goodbye LinuxKit.
[STDERR  ] 2019-05-12T20:45:28.559490698Z: Linux linuxkit-e6abc3708603 5.1.1-linuxkit #1 SMP Sun May 12 17:32:55 UTC 2019 x86_64 Linux
[STDERR  ] 2019-05-12T20:45:28.559536069Z: filename:       hello_world.ko
[STDERR  ] 2019-05-12T20:45:28.559587411Z: author:         Rolf Neugebauer <rolf.neugebauer@docker.com>
[STDERR  ] 2019-05-12T20:45:28.559648641Z: description:    A simple Hello World kernel module for testing
[STDERR  ] 2019-05-12T20:45:28.559694249Z: license:        GPL
[STDERR  ] 2019-05-12T20:45:28.559738412Z: depends:        
[STDERR  ] 2019-05-12T20:45:28.559781296Z: vermagic:       5.1.1-linuxkit SMP mod_unload modversions RANDSTRUCT_PLUGIN_82e35ca64f9596f90d2ab0e4608d118caa8ddef826c22f611a006ecb5db24dc9
[STDERR  ] 2019-05-12T20:45:28.559832013Z: Kernel module test suite PASSED
[STDERR  ] 2019-05-12T20:45:28.559883477Z: [    6.795778] ACPI: Preparing to enter system sleep state S5
[STDERR  ] 2019-05-12T20:45:28.559935379Z: [    6.801168] reboot: Power down
[STDERR  ] 2019-05-12T20:45:28.559982828Z: + exit 0
[STDERR  ] 2019-05-12T20:45:28.560033039Z: + clean_up
[STDERR  ] 2019-05-12T20:45:28.560080281Z: + docker rmi kmod-test
[STDOUT  ] 2019-05-12T20:45:28.619364676Z: Untagged: kmod-test:latest
[STDOUT  ] 2019-05-12T20:45:28.619418512Z: Deleted: sha256:19d355e73e6ef4708e4fc4d588e214048873bbf2f4a90a9b809640d65ad82f2d
[STDOUT  ] 2019-05-12T20:45:28.619430804Z: Deleted: sha256:068264647160d7e6a1a0c9afdabb948005f65e5455419cb916eb61e6ade0765b
[STDOUT  ] 2019-05-12T20:45:28.619440671Z: Deleted: sha256:20147a92db045420e19adae44d174061350e0b9aa7832ea5db206ec3e6f39d1e
[STDOUT  ] 2019-05-12T20:45:28.619450547Z: Deleted: sha256:40f6c547196c53502152fb7a94c9d543f47ac364f04657c7851c6fe578317986
[STDOUT  ] 2019-05-12T20:45:28.619460500Z: Deleted: sha256:84c28986f0f9f914d368bc85a52731f086fe31848a3a5ea8164c6b3061de5b07
[STDERR  ] 2019-05-12T20:45:28.620648869Z: + rm -rf kmod-cmdline kmod-initrd.img kmod-kernel kmod-state
[PASS    ] linuxkit.kernel.kmod_5.1.x 37.31s
