[INFO    ] 2017-09-07T11:20:49.578773813Z: Running Test linuxkit.packages.dhcpcd in /tmp/build/test/cases/040_packages/004_dhcpcd
[INFO    ] 2017-09-07T11:20:49.578962663Z: Running command: [/bin/sh -x /tmp/build/test/cases/040_packages/004_dhcpcd/test.sh]
[STDERR  ] 2017-09-07T11:20:49.620358433Z: + set -e
[STDERR  ] 2017-09-07T11:20:49.620452919Z: + . /tmp/build/test/cases/_lib/lib.sh
[STDERR  ] 2017-09-07T11:20:49.697701849Z: + [ -f src/github.com/linuxkit/rtf/lib/lib.sh ]
[STDERR  ] 2017-09-07T11:20:49.697756687Z: + LINUXKIT_TMPDIR=/tmp/build/test/cases/_tmp
[STDERR  ] 2017-09-07T11:20:49.697784303Z: + [ -f /tmp/build/test/cases/_tmp/env.sh ]
[STDERR  ] 2017-09-07T11:20:49.707901701Z: + . /tmp/build/test/cases/_tmp/env.sh
[STDERR  ] 2017-09-07T11:20:49.735309651Z: + export LINUXKIT_EXAMPLES_DIR=/tmp/build/test/cases/../../examples
[STDERR  ] 2017-09-07T11:20:49.735365728Z: + export LINUXKIT_BLUEPRINTS_DIR=/tmp/build/test/cases/../../blueprints
[STDERR  ] 2017-09-07T11:20:49.735374422Z: + RT_CANCEL=253
[STDERR  ] 2017-09-07T11:20:49.735381088Z: + trap clean_up EXIT
[STDERR  ] 2017-09-07T11:20:49.735387598Z: + moby build -format kernel+initrd test-dhcpcd.yml
[STDERR  ] 2017-09-07T11:20:49.807869232Z: Extract kernel image: linuxkit/kernel:4.9.47
[STDERR  ] 2017-09-07T11:20:54.56254639Z: Add init containers:
[STDERR  ] 2017-09-07T11:20:54.562614282Z: Process init image: linuxkit/init:6d11a1f9d299d3425e78cce80dfba8b236d20412
[STDERR  ] 2017-09-07T11:20:56.370111645Z: Process init image: linuxkit/runc:a1b564248a0d0b118c11e61db9f84ecf41dd2d2a
[STDERR  ] 2017-09-07T11:20:57.931051466Z: Add onboot containers:
[STDERR  ] 2017-09-07T11:20:57.931145788Z:   Create OCI config for linuxkit/dhcpcd:f3f5413abb78fae9020e35bd4788fa93df4530b7
[STDERR  ] 2017-09-07T11:20:59.478018304Z:   Create OCI config for alpine:3.6
[STDERR  ] 2017-09-07T11:21:01.093286366Z:   Create OCI config for linuxkit/poweroff:1e9876c682c74d0602b7647c628bb0875fb13998
[STDERR  ] 2017-09-07T11:21:02.340469508Z: Add files:
[STDERR  ] 2017-09-07T11:21:02.340521432Z:   check.sh
[STDERR  ] 2017-09-07T11:21:02.366965097Z: Create outputs:
[STDERR  ] 2017-09-07T11:21:07.514864857Z:   test-dhcpcd-kernel test-dhcpcd-initrd.img test-dhcpcd-cmdline
[STDERR  ] 2017-09-07T11:21:07.571203598Z: + linuxkit run test-dhcpcd
[STDERR  ] 2017-09-07T11:21:07.592342988Z: Unable to find qemu-system-x86_64 within the $PATH. Using a container
[STDOUT  ] 2017-09-07T11:21:45.208859454Z: [    0.000000] Linux version 4.9.47-linuxkit (root@e1ede117fb1e) (gcc version 6.3.0 (Alpine 6.3.0) ) #1 SMP Mon Sep 4 16:11:11 UTC 2017
[STDOUT  ] 2017-09-07T11:21:45.208979924Z: [    0.000000] Command line: console=ttyS0 page_poison=1
[STDOUT  ] 2017-09-07T11:21:45.209000006Z: [    0.000000] x86/fpu: Legacy x87 FPU detected.
[STDOUT  ] 2017-09-07T11:21:45.209013201Z: [    0.000000] x86/fpu: Using 'eager' FPU context switches.
[STDOUT  ] 2017-09-07T11:21:45.209038646Z: [    0.000000] e820: BIOS-provided physical RAM map:
[STDOUT  ] 2017-09-07T11:21:45.209051107Z: [    0.000000] BIOS-e820: [mem 0x0000000000000000-0x000000000009fbff] usable
[STDOUT  ] 2017-09-07T11:21:45.209068894Z: [    0.000000] BIOS-e820: [mem 0x000000000009fc00-0x000000000009ffff] reserved
[STDOUT  ] 2017-09-07T11:21:45.20908128Z: [    0.000000] BIOS-e820: [mem 0x00000000000f0000-0x00000000000fffff] reserved
[STDOUT  ] 2017-09-07T11:21:45.209094921Z: [    0.000000] BIOS-e820: [mem 0x0000000000100000-0x000000003ffdefff] usable
[STDOUT  ] 2017-09-07T11:21:45.20910708Z: [    0.000000] BIOS-e820: [mem 0x000000003ffdf000-0x000000003fffffff] reserved
[STDOUT  ] 2017-09-07T11:21:45.209119031Z: [    0.000000] BIOS-e820: [mem 0x00000000b0000000-0x00000000bfffffff] reserved
[STDOUT  ] 2017-09-07T11:21:45.209132944Z: [    0.000000] BIOS-e820: [mem 0x00000000fed1c000-0x00000000fed1ffff] reserved
[STDOUT  ] 2017-09-07T11:21:45.209144644Z: [    0.000000] BIOS-e820: [mem 0x00000000fffc0000-0x00000000ffffffff] reserved
[STDOUT  ] 2017-09-07T11:21:45.209156221Z: [    0.000000] NX (Execute Disable) protection: active
[STDOUT  ] 2017-09-07T11:21:45.2091685Z: [    0.000000] SMBIOS 2.8 present.
[STDOUT  ] 2017-09-07T11:21:45.20918505Z: [    0.000000] e820: last_pfn = 0x3ffdf max_arch_pfn = 0x400000000
[STDOUT  ] 2017-09-07T11:21:45.209197474Z: [    0.000000] x86/PAT: Configuration [0-7]: WB  WC  UC- UC  WB  WC  UC- WT  
[STDOUT  ] 2017-09-07T11:21:45.209208791Z: [    0.000000] found SMP MP-table at [mem 0x000f6aa0-0x000f6aaf] mapped at [ffff8996000f6aa0]
[STDOUT  ] 2017-09-07T11:21:45.209221176Z: [    0.000000] RAMDISK: [mem 0x3e86d000-0x3ffcffff]
[STDOUT  ] 2017-09-07T11:21:45.209232666Z: [    0.000000] ACPI: Early table checksum verification disabled
[STDOUT  ] 2017-09-07T11:21:45.209244053Z: [    0.000000] ACPI: RSDP 0x00000000000F68C0 000014 (v00 BOCHS )
[STDOUT  ] 2017-09-07T11:21:45.209255496Z: [    0.000000] ACPI: RSDT 0x000000003FFE2404 000034 (v01 BOCHS  BXPCRSDT 00000001 BXPC 00000001)
[STDOUT  ] 2017-09-07T11:21:45.209266943Z: [    0.000000] ACPI: FACP 0x000000003FFE22A4 000074 (v01 BOCHS  BXPCFACP 00000001 BXPC 00000001)
[STDOUT  ] 2017-09-07T11:21:45.20930883Z: [    0.000000] ACPI: DSDT 0x000000003FFE0040 002264 (v01 BOCHS  BXPCDSDT 00000001 BXPC 00000001)
[STDOUT  ] 2017-09-07T11:21:45.209321126Z: [    0.000000] ACPI: FACS 0x000000003FFE0000 000040
[STDOUT  ] 2017-09-07T11:21:45.209338Z: [    0.000000] ACPI: APIC 0x000000003FFE2318 000078 (v01 BOCHS  BXPCAPIC 00000001 BXPC 00000001)
[STDOUT  ] 2017-09-07T11:21:45.209349566Z: [    0.000000] ACPI: HPET 0x000000003FFE2390 000038 (v01 BOCHS  BXPCHPET 00000001 BXPC 00000001)
[STDOUT  ] 2017-09-07T11:21:45.209360636Z: [    0.000000] ACPI: MCFG 0x000000003FFE23C8 00003C (v01 BOCHS  BXPCMCFG 00000001 BXPC 00000001)
[STDOUT  ] 2017-09-07T11:21:45.209372121Z: [    0.000000] Zone ranges:
[STDOUT  ] 2017-09-07T11:21:45.209383944Z: [    0.000000]   DMA      [mem 0x0000000000001000-0x0000000000ffffff]
[STDOUT  ] 2017-09-07T11:21:45.20939558Z: [    0.000000]   DMA32    [mem 0x0000000001000000-0x000000003ffdefff]
[STDOUT  ] 2017-09-07T11:21:45.20940799Z: [    0.000000]   Normal   empty
[STDOUT  ] 2017-09-07T11:21:45.209425696Z: [    0.000000] Movable zone start for each node
[STDOUT  ] 2017-09-07T11:21:45.209436669Z: [    0.000000] Early memory node ranges
[STDOUT  ] 2017-09-07T11:21:45.209447893Z: [    0.000000]   node   0: [mem 0x0000000000001000-0x000000000009efff]
[STDOUT  ] 2017-09-07T11:21:45.20946407Z: [    0.000000]   node   0: [mem 0x0000000000100000-0x000000003ffdefff]
[STDOUT  ] 2017-09-07T11:21:45.20948392Z: [    0.000000] Initmem setup node 0 [mem 0x0000000000001000-0x000000003ffdefff]
[STDOUT  ] 2017-09-07T11:21:45.209510994Z: [    0.000000] ACPI: PM-Timer IO Port: 0x608
[STDOUT  ] 2017-09-07T11:21:45.20953026Z: [    0.000000] ACPI: LAPIC_NMI (acpi_id[0xff] dfl dfl lint[0x1])
[STDOUT  ] 2017-09-07T11:21:45.209549769Z: [    0.000000] IOAPIC[0]: apic_id 0, version 32, address 0xfec00000, GSI 0-23
[STDOUT  ] 2017-09-07T11:21:45.20958006Z: [    0.000000] ACPI: INT_SRC_OVR (bus 0 bus_irq 0 global_irq 2 dfl dfl)
[STDOUT  ] 2017-09-07T11:21:45.209602567Z: [    0.000000] ACPI: INT_SRC_OVR (bus 0 bus_irq 5 global_irq 5 high level)
[STDOUT  ] 2017-09-07T11:21:45.2096302Z: [    0.000000] ACPI: INT_SRC_OVR (bus 0 bus_irq 9 global_irq 9 high level)
[STDOUT  ] 2017-09-07T11:21:45.209647654Z: [    0.000000] ACPI: INT_SRC_OVR (bus 0 bus_irq 10 global_irq 10 high level)
[STDOUT  ] 2017-09-07T11:21:45.209665203Z: [    0.000000] ACPI: INT_SRC_OVR (bus 0 bus_irq 11 global_irq 11 high level)
[STDOUT  ] 2017-09-07T11:21:45.209683386Z: [    0.000000] Using ACPI (MADT) for SMP configuration information
[STDOUT  ] 2017-09-07T11:21:45.209701329Z: [    0.000000] ACPI: HPET id: 0x8086a201 base: 0xfed00000
[STDOUT  ] 2017-09-07T11:21:45.209718864Z: [    0.000000] smpboot: Allowing 1 CPUs, 0 hotplug CPUs
[STDOUT  ] 2017-09-07T11:21:45.209736339Z: [    0.000000] e820: [mem 0x40000000-0xafffffff] available for PCI devices
[STDOUT  ] 2017-09-07T11:21:45.209756654Z: [    0.000000] Booting paravirtualized kernel on bare hardware
[STDOUT  ] 2017-09-07T11:21:45.209777964Z: [    0.000000] clocksource: refined-jiffies: mask: 0xffffffff max_cycles: 0xffffffff, max_idle_ns: 19112604462750000 ns
[STDOUT  ] 2017-09-07T11:21:45.209804997Z: [    0.000000] setup_percpu: NR_CPUS:128 nr_cpumask_bits:128 nr_cpu_ids:1 nr_node_ids:1
[STDOUT  ] 2017-09-07T11:21:45.209837099Z: [    0.000000] percpu: Embedded 35 pages/cpu @ffff89963e600000 s105240 r8192 d29928 u2097152
[STDOUT  ] 2017-09-07T11:21:45.209865059Z: [    0.000000] Built 1 zonelists in Zone order, mobility grouping on.  Total pages: 257896
[STDOUT  ] 2017-09-07T11:21:45.209886829Z: [    0.000000] Kernel command line: console=ttyS0 page_poison=1
[STDOUT  ] 2017-09-07T11:21:45.20990926Z: [    0.000000] PID hash table entries: 4096 (order: 3, 32768 bytes)
[STDOUT  ] 2017-09-07T11:21:45.20992951Z: [    0.000000] Dentry cache hash table entries: 131072 (order: 8, 1048576 bytes)
[STDOUT  ] 2017-09-07T11:21:45.209950159Z: [    0.000000] Inode-cache hash table entries: 65536 (order: 7, 524288 bytes)
[STDOUT  ] 2017-09-07T11:21:45.209972569Z: [    0.000000] Memory: 990224K/1048052K available (8032K kernel code, 1366K rwdata, 2696K rodata, 1380K init, 568K bss, 57828K reserved, 0K cma-reserved)
[STDOUT  ] 2017-09-07T11:21:45.209994693Z: [    0.000000] Hierarchical RCU implementation.
[STDOUT  ] 2017-09-07T11:21:45.210013112Z: [    0.000000] 	Build-time adjustment of leaf fanout to 64.
[STDOUT  ] 2017-09-07T11:21:45.210070064Z: [    0.000000] 	RCU restricting CPUs from NR_CPUS=128 to nr_cpu_ids=1.
[STDOUT  ] 2017-09-07T11:21:45.210092589Z: [    0.000000] RCU: Adjusting geometry for rcu_fanout_leaf=64, nr_cpu_ids=1
[STDOUT  ] 2017-09-07T11:21:45.210115567Z: [    0.000000] NR_IRQS:8448 nr_irqs:256 16
[STDOUT  ] 2017-09-07T11:21:45.210135313Z: [    0.000000] Console: colour VGA+ 80x25
[STDOUT  ] 2017-09-07T11:21:45.210154323Z: [    0.000000] console [ttyS0] enabled
[STDOUT  ] 2017-09-07T11:21:45.210173194Z: [    0.000000] allocated 2097152 bytes of page_ext
[STDOUT  ] 2017-09-07T11:21:45.21019228Z: [    0.000000] clocksource: hpet: mask: 0xffffffff max_cycles: 0xffffffff, max_idle_ns: 19112604467 ns
[STDOUT  ] 2017-09-07T11:21:45.21021129Z: [    0.000000] tsc: Unable to calibrate against PIT
[STDOUT  ] 2017-09-07T11:21:45.210229973Z: [    0.000000] tsc: using HPET reference calibration
[STDOUT  ] 2017-09-07T11:21:45.210251467Z: [    0.000000] tsc: Detected 2600.022 MHz processor
[STDOUT  ] 2017-09-07T11:21:45.210270504Z: [    0.052535] Calibrating delay loop (skipped), value calculated using timer frequency.. 5200.04 BogoMIPS (lpj=26000220)
[STDOUT  ] 2017-09-07T11:21:45.210282517Z: [    0.053853] pid_max: default: 32768 minimum: 301
[STDOUT  ] 2017-09-07T11:21:45.210293607Z: [    0.054939] ACPI: Core revision 20160831
[STDOUT  ] 2017-09-07T11:21:45.210305612Z: [    0.103536] ACPI: 1 ACPI AML tables successfully acquired and loaded
[STDOUT  ] 2017-09-07T11:21:45.210325472Z: [    0.108578] Security Framework initialized
[STDOUT  ] 2017-09-07T11:21:45.210356232Z: [    0.109039] Yama: becoming mindful.
[STDOUT  ] 2017-09-07T11:21:45.210376769Z: [    0.111402] Mount-cache hash table entries: 2048 (order: 2, 16384 bytes)
[STDOUT  ] 2017-09-07T11:21:45.21039591Z: [    0.111988] Mountpoint-cache hash table entries: 2048 (order: 2, 16384 bytes)
[STDOUT  ] 2017-09-07T11:21:45.210422012Z: [    0.134783] Last level iTLB entries: 4KB 0, 2MB 0, 4MB 0
[STDOUT  ] 2017-09-07T11:21:45.210453719Z: [    0.135271] Last level dTLB entries: 4KB 0, 2MB 0, 4MB 0, 1GB 0
[STDOUT  ] 2017-09-07T11:21:45.21047241Z: [    0.477533] Freeing SMP alternatives memory: 20K
[STDOUT  ] 2017-09-07T11:21:45.210491352Z: [    0.488942] ftrace: allocating 35509 entries in 139 pages
[STDOUT  ] 2017-09-07T11:21:45.210510546Z: [    0.678455] smpboot: Max logical packages: 1
[STDOUT  ] 2017-09-07T11:21:45.210528985Z: [    0.686207] ..TIMER: vector=0x30 apic1=0 pin1=2 apic2=-1 pin2=-1
[STDOUT  ] 2017-09-07T11:21:45.210547787Z: [    0.790000] smpboot: CPU0: AMD QEMU Virtual CPU version 2.5+ (family: 0x6, model: 0x6, stepping: 0x3)
[STDOUT  ] 2017-09-07T11:21:45.210567415Z: [    0.790000] Performance Events: PMU not available due to virtualization, using software events only.
[STDOUT  ] 2017-09-07T11:21:45.210579876Z: [    0.802034] NMI watchdog: disabled (cpu0): hardware events not enabled
[STDOUT  ] 2017-09-07T11:21:45.210597115Z: [    0.802515] NMI watchdog: Shutting down hard lockup detector on all cpus
[STDOUT  ] 2017-09-07T11:21:45.210608827Z: [    0.806508] x86: Booted up 1 node, 1 CPUs
[STDOUT  ] 2017-09-07T11:21:45.210620163Z: [    0.806954] smpboot: Total of 1 processors activated (5200.04 BogoMIPS)
[STDOUT  ] 2017-09-07T11:21:45.210631957Z: [    0.824254] devtmpfs: initialized
[STDOUT  ] 2017-09-07T11:21:45.21064327Z: [    0.831845] x86/mm: Memory block size: 128MB
[STDOUT  ] 2017-09-07T11:21:45.210661502Z: [    0.906397] clocksource: jiffies: mask: 0xffffffff max_cycles: 0xffffffff, max_idle_ns: 19112604462750000 ns
[STDOUT  ] 2017-09-07T11:21:45.21067335Z: [    0.907421] futex hash table entries: 256 (order: 2, 16384 bytes)
[STDOUT  ] 2017-09-07T11:21:45.210684272Z: [    0.918583] NET: Registered protocol family 16
[STDOUT  ] 2017-09-07T11:21:45.210699735Z: [    0.932579] cpuidle: using governor ladder
[STDOUT  ] 2017-09-07T11:21:45.21071086Z: [    0.933033] cpuidle: using governor menu
[STDOUT  ] 2017-09-07T11:21:45.210721707Z: [    0.934755] ACPI: bus type PCI registered
[STDOUT  ] 2017-09-07T11:21:45.210732647Z: [    0.938844] PCI: MMCONFIG for domain 0000 [bus 00-ff] at [mem 0xb0000000-0xbfffffff] (base 0xb0000000)
[STDOUT  ] 2017-09-07T11:21:45.210744442Z: [    0.939634] PCI: MMCONFIG at [mem 0xb0000000-0xbfffffff] reserved in E820
[STDOUT  ] 2017-09-07T11:21:45.210762936Z: [    0.941065] PCI: Using configuration type 1 for base access
[STDOUT  ] 2017-09-07T11:21:45.210773995Z: [    1.013195] HugeTLB registered 2 MB page size, pre-allocated 0 pages
[STDOUT  ] 2017-09-07T11:21:45.210785723Z: [    1.033392] ACPI: Added _OSI(Module Device)
[STDOUT  ] 2017-09-07T11:21:45.210796587Z: [    1.033681] ACPI: Added _OSI(Processor Device)
[STDOUT  ] 2017-09-07T11:21:45.210807552Z: [    1.034065] ACPI: Added _OSI(3.0 _SCP Extensions)
[STDOUT  ] 2017-09-07T11:21:45.21082397Z: [    1.034294] ACPI: Added _OSI(Processor Aggregator Device)
[STDOUT  ] 2017-09-07T11:21:45.210835377Z: [    1.132802] ACPI: Interpreter enabled
[STDOUT  ] 2017-09-07T11:21:45.210846402Z: [    1.133730] ACPI: (supports S0 S5)
[STDOUT  ] 2017-09-07T11:21:45.21085728Z: [    1.134063] ACPI: Using IOAPIC for interrupt routing
[STDOUT  ] 2017-09-07T11:21:45.2108682Z: [    1.136869] PCI: Using host bridge windows from ACPI; if necessary, use "pci=nocrs" and report a bug
[STDOUT  ] 2017-09-07T11:21:45.210881345Z: [    1.215776] ACPI: PCI Root Bridge [PCI0] (domain 0000 [bus 00-ff])
[STDOUT  ] 2017-09-07T11:21:45.21089249Z: [    1.216958] acpi PNP0A08:00: _OSC: OS supports [ExtendedConfig ASPM ClockPM Segments MSI]
[STDOUT  ] 2017-09-07T11:21:45.210903775Z: [    1.224213] acpi PNP0A08:00: _OSC: OS now controls [PCIeHotplug PME PCIeCapability]
[STDOUT  ] 2017-09-07T11:21:45.210919757Z: [    1.228876] PCI host bridge to bus 0000:00
[STDOUT  ] 2017-09-07T11:21:45.210935023Z: [    1.229339] pci_bus 0000:00: root bus resource [io  0x0000-0x0cf7 window]
[STDOUT  ] 2017-09-07T11:21:45.210949986Z: [    1.229834] pci_bus 0000:00: root bus resource [io  0x0d00-0xffff window]
[STDOUT  ] 2017-09-07T11:21:45.210962966Z: [    1.230176] pci_bus 0000:00: root bus resource [mem 0x000a0000-0x000bffff window]
[STDOUT  ] 2017-09-07T11:21:45.21097396Z: [    1.230656] pci_bus 0000:00: root bus resource [mem 0xc0000000-0xfebfffff window]
[STDOUT  ] 2017-09-07T11:21:45.21098507Z: [    1.231352] pci_bus 0000:00: root bus resource [bus 00-ff]
[STDOUT  ] 2017-09-07T11:21:45.211000381Z: [    1.361748] pci 0000:00:1f.0: quirk: [io  0x0600-0x067f] claimed by ICH6 ACPI/GPIO/TCO
[STDOUT  ] 2017-09-07T11:21:45.211011572Z: [    1.436889] ACPI: PCI Interrupt Link [LNKA] (IRQs 5 *10 11)
[STDOUT  ] 2017-09-07T11:21:45.211022655Z: [    1.440188] ACPI: PCI Interrupt Link [LNKB] (IRQs 5 *10 11)
[STDOUT  ] 2017-09-07T11:21:45.21103358Z: [    1.442656] ACPI: PCI Interrupt Link [LNKC] (IRQs 5 10 *11)
[STDOUT  ] 2017-09-07T11:21:45.211044552Z: [    1.444877] ACPI: PCI Interrupt Link [LNKD] (IRQs 5 10 *11)
[STDOUT  ] 2017-09-07T11:21:45.211058833Z: [    1.447221] ACPI: PCI Interrupt Link [LNKE] (IRQs 5 *10 11)
[STDOUT  ] 2017-09-07T11:21:45.211070102Z: [    1.449194] ACPI: PCI Interrupt Link [LNKF] (IRQs 5 *10 11)
[STDOUT  ] 2017-09-07T11:21:45.211081086Z: [    1.451647] ACPI: PCI Interrupt Link [LNKG] (IRQs 5 10 *11)
[STDOUT  ] 2017-09-07T11:21:45.211092135Z: [    1.454010] ACPI: PCI Interrupt Link [LNKH] (IRQs 5 10 *11)
[STDOUT  ] 2017-09-07T11:21:45.211103213Z: [    1.455029] ACPI: PCI Interrupt Link [GSIA] (IRQs *16)
[STDOUT  ] 2017-09-07T11:21:45.211120167Z: [    1.455811] ACPI: PCI Interrupt Link [GSIB] (IRQs *17)
[STDOUT  ] 2017-09-07T11:21:45.211131265Z: [    1.456520] ACPI: PCI Interrupt Link [GSIC] (IRQs *18)
[STDOUT  ] 2017-09-07T11:21:45.211142105Z: [    1.457260] ACPI: PCI Interrupt Link [GSID] (IRQs *19)
[STDOUT  ] 2017-09-07T11:21:45.211152838Z: [    1.457967] ACPI: PCI Interrupt Link [GSIE] (IRQs *20)
[STDOUT  ] 2017-09-07T11:21:45.21116369Z: [    1.460127] ACPI: PCI Interrupt Link [GSIF] (IRQs *21)
[STDOUT  ] 2017-09-07T11:21:45.211177528Z: [    1.460986] ACPI: PCI Interrupt Link [GSIG] (IRQs *22)
[STDOUT  ] 2017-09-07T11:21:45.2111884Z: [    1.461812] ACPI: PCI Interrupt Link [GSIH] (IRQs *23)
[STDOUT  ] 2017-09-07T11:21:45.211199426Z: [    1.466510] ACPI: Enabled 2 GPEs in block 00 to 3F
[STDOUT  ] 2017-09-07T11:21:45.211210333Z: [    1.472445] SCSI subsystem initialized
[STDOUT  ] 2017-09-07T11:21:45.211222565Z: [    1.474721] ACPI: bus type USB registered
[STDOUT  ] 2017-09-07T11:21:45.211233581Z: [    1.475924] usbcore: registered new interface driver usbfs
[STDOUT  ] 2017-09-07T11:21:45.211244678Z: [    1.477068] usbcore: registered new interface driver hub
[STDOUT  ] 2017-09-07T11:21:45.211255573Z: [    1.478224] usbcore: registered new device driver usb
[STDOUT  ] 2017-09-07T11:21:45.211266425Z: [    1.479751] pps_core: LinuxPPS API ver. 1 registered
[STDOUT  ] 2017-09-07T11:21:45.211282323Z: [    1.480101] pps_core: Software ver. 5.3.6 - Copyright 2005-2007 Rodolfo Giometti <giometti@linux.it>
[STDOUT  ] 2017-09-07T11:21:45.21129449Z: [    1.480898] PTP clock support registered
[STDOUT  ] 2017-09-07T11:21:45.211305463Z: [    1.482434] wmi: Mapper loaded
[STDOUT  ] 2017-09-07T11:21:45.21131683Z: [    1.483723] PCI: Using ACPI for IRQ routing
[STDOUT  ] 2017-09-07T11:21:45.211327775Z: [    1.505383] NetLabel: Initializing
[STDOUT  ] 2017-09-07T11:21:45.211338856Z: [    1.505671] NetLabel:  domain hash size = 128
[STDOUT  ] 2017-09-07T11:21:45.211349733Z: [    1.506075] NetLabel:  protocols = UNLABELED CIPSOv4
[STDOUT  ] 2017-09-07T11:21:45.211360685Z: [    1.509327] NetLabel:  unlabeled traffic allowed by default
[STDOUT  ] 2017-09-07T11:21:45.21137154Z: [    1.510964] HPET: 3 timers in total, 0 timers will be used for per-cpu timer
[STDOUT  ] 2017-09-07T11:21:45.211386511Z: [    1.511847] hpet0: at MMIO 0xfed00000, IRQs 2, 8, 0
[STDOUT  ] 2017-09-07T11:21:45.211397708Z: [    1.512414] hpet0: 3 comparators, 64-bit 100.000000 MHz counter
[STDOUT  ] 2017-09-07T11:21:45.21140884Z: [    1.517997] clocksource: Switched to clocksource hpet
[STDOUT  ] 2017-09-07T11:21:45.211419701Z: [    1.841652] VFS: Disk quotas dquot_6.6.0
[STDOUT  ] 2017-09-07T11:21:45.211430721Z: [    1.842476] VFS: Dquot-cache hash table entries: 512 (order 0, 4096 bytes)
[STDOUT  ] 2017-09-07T11:21:45.21144171Z: [    1.846560] FS-Cache: Loaded
[STDOUT  ] 2017-09-07T11:21:45.211452883Z: [    1.852642] CacheFiles: Loaded
[STDOUT  ] 2017-09-07T11:21:45.21146662Z: [    1.854797] pnp: PnP ACPI init
[STDOUT  ] 2017-09-07T11:21:45.211477537Z: [    1.869770] pnp: PnP ACPI: found 5 devices
[STDOUT  ] 2017-09-07T11:21:45.211493069Z: [    1.932793] clocksource: acpi_pm: mask: 0xffffff max_cycles: 0xffffff, max_idle_ns: 2085701024 ns
[STDOUT  ] 2017-09-07T11:21:45.211504985Z: [    1.937344] NET: Registered protocol family 2
[STDOUT  ] 2017-09-07T11:21:45.21151608Z: [    1.946461] TCP established hash table entries: 8192 (order: 4, 65536 bytes)
[STDOUT  ] 2017-09-07T11:21:45.211527404Z: [    1.947403] TCP bind hash table entries: 8192 (order: 5, 131072 bytes)
[STDOUT  ] 2017-09-07T11:21:45.211541415Z: [    1.948115] TCP: Hash tables configured (established 8192 bind 8192)
[STDOUT  ] 2017-09-07T11:21:45.211554795Z: [    1.950672] UDP hash table entries: 512 (order: 2, 16384 bytes)
[STDOUT  ] 2017-09-07T11:21:45.211565882Z: [    1.951288] UDP-Lite hash table entries: 512 (order: 2, 16384 bytes)
[STDOUT  ] 2017-09-07T11:21:45.211577382Z: [    1.954249] NET: Registered protocol family 1
[STDOUT  ] 2017-09-07T11:21:45.211588377Z: [    1.955235] pci 0000:00:01.0: Video device with shadowed ROM at [mem 0x000c0000-0x000dffff]
[STDOUT  ] 2017-09-07T11:21:45.211599577Z: [    1.964685] Unpacking initramfs...
[STDOUT  ] 2017-09-07T11:21:45.211615694Z: [    6.030685] Freeing initrd memory: 23948K
[STDOUT  ] 2017-09-07T11:21:45.211628227Z: [    6.059593] PCLMULQDQ-NI instructions are not detected.
[STDOUT  ] 2017-09-07T11:21:45.211639392Z: [    6.061599] AVX or AES-NI instructions are not detected.
[STDOUT  ] 2017-09-07T11:21:45.211650395Z: [    6.062072] CPU feature 'AVX registers' is not supported.
[STDOUT  ] 2017-09-07T11:21:45.211661307Z: [    6.062531] CPU feature 'AVX registers' is not supported.
[STDOUT  ] 2017-09-07T11:21:45.21167225Z: [    6.063012] CPU feature 'AVX registers' is not supported.
[STDOUT  ] 2017-09-07T11:21:45.211683107Z: [    6.063446] CPU feature 'AVX registers' is not supported.
[STDOUT  ] 2017-09-07T11:21:45.211693949Z: [    6.063904] AVX2 or AES-NI instructions are not detected.
[STDOUT  ] 2017-09-07T11:21:45.211709424Z: [    6.064308] AVX2 instructions are not detected.
[STDOUT  ] 2017-09-07T11:21:45.211720485Z: [    6.072937] audit: initializing netlink subsys (disabled)
[STDOUT  ] 2017-09-07T11:21:45.21173349Z: [    6.075095] audit: type=2000 audit(1504783275.070:1): initialized
[STDOUT  ] 2017-09-07T11:21:45.211744765Z: [    6.084030] workingset: timestamp_bits=46 max_order=18 bucket_order=0
[STDOUT  ] 2017-09-07T11:21:45.211756072Z: [    6.092893] FS-Cache: Netfs 'cifs' registered for caching
[STDOUT  ] 2017-09-07T11:21:45.211768093Z: [    6.094286] fuse init (API version 7.26)
[STDOUT  ] 2017-09-07T11:21:45.211779217Z: [    6.099976] SGI XFS with ACLs, security attributes, no debug enabled
[STDOUT  ] 2017-09-07T11:21:45.211790519Z: [    6.105216] 9p: Installing v9fs 9p2000 file system support
[STDOUT  ] 2017-09-07T11:21:45.211801554Z: [    6.105873] FS-Cache: Netfs '9p' registered for caching
[STDOUT  ] 2017-09-07T11:21:45.211821762Z: [    6.154027] NET: Registered protocol family 38
[STDOUT  ] 2017-09-07T11:21:45.211833947Z: [    6.154768] Key type asymmetric registered
[STDOUT  ] 2017-09-07T11:21:45.21184492Z: [    6.155209] Asymmetric key parser 'x509' registered
[STDOUT  ] 2017-09-07T11:21:45.211855895Z: [    6.156320] Block layer SCSI generic (bsg) driver version 0.4 loaded (major 251)
[STDOUT  ] 2017-09-07T11:21:45.211870792Z: [    6.158073] io scheduler noop registered
[STDOUT  ] 2017-09-07T11:21:45.211881893Z: [    6.158536] io scheduler deadline registered (default)
[STDOUT  ] 2017-09-07T11:21:45.211892962Z: [    6.159267] io scheduler cfq registered
[STDOUT  ] 2017-09-07T11:21:45.211909159Z: [    6.164096] pci_hotplug: PCI Hot Plug PCI Core version: 0.5
[STDOUT  ] 2017-09-07T11:21:45.211923832Z: [    6.164875] pciehp: PCI Express Hot Plug Controller Driver version: 0.4
[STDOUT  ] 2017-09-07T11:21:45.211940515Z: [    6.165809] shpchp: Standard Hot Plug PCI Controller Driver version: 0.4
[STDOUT  ] 2017-09-07T11:21:45.21195816Z: [    6.166779] hv_vmbus: registering driver hyperv_fb
[STDOUT  ] 2017-09-07T11:21:45.2119744Z: [    6.171771] input: Power Button as /devices/LNXSYSTM:00/LNXPWRBN:00/input/input0
[STDOUT  ] 2017-09-07T11:21:45.211991527Z: [    6.173186] ACPI: Power Button [PWRF]
[STDOUT  ] 2017-09-07T11:21:45.212008724Z: [    6.180913] GHES: HEST is not enabled!
[STDOUT  ] 2017-09-07T11:21:45.212026014Z: [    6.194536] ACPI: PCI Interrupt Link [GSIG] enabled at IRQ 22
[STDOUT  ] 2017-09-07T11:21:45.212042723Z: [    6.208757] ACPI: PCI Interrupt Link [GSIH] enabled at IRQ 23
[STDOUT  ] 2017-09-07T11:21:45.212060627Z: [    6.214222] xenfs: not registering filesystem on non-xen platform
[STDOUT  ] 2017-09-07T11:21:45.21209311Z: [    6.217313] Serial: 8250/16550 driver, 4 ports, IRQ sharing disabled
[STDOUT  ] 2017-09-07T11:21:45.2121127Z: [    6.243932] 00:04: ttyS0 at I/O 0x3f8 (irq = 4, base_baud = 115200) is a 16550A
[STDOUT  ] 2017-09-07T11:21:45.212130327Z: [    6.257770] Non-volatile memory driver v1.3
[STDOUT  ] 2017-09-07T11:21:45.21214693Z: [    6.266832] Hangcheck: starting hangcheck timer 0.9.1 (tick is 180 seconds, margin is 60 seconds).
[STDOUT  ] 2017-09-07T11:21:45.2121681Z: [    6.314743] loop: module loaded
[STDOUT  ] 2017-09-07T11:21:45.212187613Z: [    6.333883] nbd: registered device at major 43
[STDOUT  ] 2017-09-07T11:21:45.212206309Z: [    6.386947] lpc_ich 0000:00:1f.0: I/O space for GPIO uninitialized
[STDOUT  ] 2017-09-07T11:21:45.212219725Z: [    6.389198] VMware PVSCSI driver - version 1.0.7.0-k
[STDOUT  ] 2017-09-07T11:21:45.21223053Z: [    6.390498] hv_vmbus: registering driver hv_storvsc
[STDOUT  ] 2017-09-07T11:21:45.212241552Z: [    6.402776] ACPI: PCI Interrupt Link [GSIA] enabled at IRQ 16
[STDOUT  ] 2017-09-07T11:21:45.212255129Z: [    6.411951] ahci 0000:00:1f.2: AHCI 0001.0000 32 slots 6 ports 1.5 Gbps 0x3f impl SATA mode
[STDOUT  ] 2017-09-07T11:21:45.212279453Z: [    6.412421] ahci 0000:00:1f.2: flags: 64bit ncq only 
[STDOUT  ] 2017-09-07T11:21:45.212291392Z: [    6.439407] scsi host0: ahci
[STDOUT  ] 2017-09-07T11:21:45.212310233Z: [    6.445718] scsi host1: ahci
[STDOUT  ] 2017-09-07T11:21:45.21233065Z: [    6.448795] scsi host2: ahci
[STDOUT  ] 2017-09-07T11:21:45.212352273Z: [    6.451925] scsi host3: ahci
[STDOUT  ] 2017-09-07T11:21:45.212367355Z: [    6.454991] scsi host4: ahci
[STDOUT  ] 2017-09-07T11:21:45.21237829Z: [    6.457628] scsi host5: ahci
[STDOUT  ] 2017-09-07T11:21:45.212389422Z: [    6.459988] ata1: SATA max UDMA/133 abar m4096@0xfebd2000 port 0xfebd2100 irq 24
[STDOUT  ] 2017-09-07T11:21:45.212401045Z: [    6.460982] ata2: SATA max UDMA/133 abar m4096@0xfebd2000 port 0xfebd2180 irq 24
[STDOUT  ] 2017-09-07T11:21:45.212412042Z: [    6.461515] ata3: SATA max UDMA/133 abar m4096@0xfebd2000 port 0xfebd2200 irq 24
[STDOUT  ] 2017-09-07T11:21:45.212426233Z: [    6.461997] ata4: SATA max UDMA/133 abar m4096@0xfebd2000 port 0xfebd2280 irq 24
[STDOUT  ] 2017-09-07T11:21:45.212437563Z: [    6.462463] ata5: SATA max UDMA/133 abar m4096@0xfebd2000 port 0xfebd2300 irq 24
[STDOUT  ] 2017-09-07T11:21:45.212448355Z: [    6.462979] ata6: SATA max UDMA/133 abar m4096@0xfebd2000 port 0xfebd2380 irq 24
[STDOUT  ] 2017-09-07T11:21:45.212459372Z: [    6.482005] tun: Universal TUN/TAP device driver, 1.6
[STDOUT  ] 2017-09-07T11:21:45.21247116Z: [    6.482464] tun: (C) 1999-2004 Max Krasnyansky <maxk@qualcomm.com>
[STDOUT  ] 2017-09-07T11:21:45.212488643Z: [    6.496547] VMware vmxnet3 virtual NIC driver - version 1.4.a.0-k-NAPI
[STDOUT  ] 2017-09-07T11:21:45.212499785Z: [    6.497639] hv_vmbus: registering driver hv_netvsc
[STDOUT  ] 2017-09-07T11:21:45.212511082Z: [    6.498072] Fusion MPT base driver 3.04.20
[STDOUT  ] 2017-09-07T11:21:45.212522053Z: [    6.498373] Copyright (c) 1999-2008 LSI Corporation
[STDOUT  ] 2017-09-07T11:21:45.212533025Z: [    6.499098] Fusion MPT SPI Host driver 3.04.20
[STDOUT  ] 2017-09-07T11:21:45.212543995Z: [    6.502734] i8042: PNP: PS/2 Controller [PNP0303:KBD,PNP0f13:MOU] at 0x60,0x64 irq 1,12
[STDOUT  ] 2017-09-07T11:21:45.212555115Z: [    6.507982] serio: i8042 KBD port at 0x60,0x64 irq 1
[STDOUT  ] 2017-09-07T11:21:45.212566026Z: [    6.508795] serio: i8042 AUX port at 0x60,0x64 irq 12
[STDOUT  ] 2017-09-07T11:21:45.21257689Z: [    6.512962] hv_vmbus: registering driver hyperv_keyboard
[STDOUT  ] 2017-09-07T11:21:45.212587942Z: [    6.517039] mousedev: PS/2 mouse device common for all mice
[STDOUT  ] 2017-09-07T11:21:45.212598866Z: [    6.523868] input: AT Translated Set 2 keyboard as /devices/platform/i8042/serio0/input/input1
[STDOUT  ] 2017-09-07T11:21:45.212609859Z: [    6.527788] input: PC Speaker as /devices/platform/pcspkr/input/input2
[STDOUT  ] 2017-09-07T11:21:45.212623971Z: [    6.532953] rtc_cmos 00:00: RTC can wake from S4
[STDOUT  ] 2017-09-07T11:21:45.212635229Z: [    6.536709] rtc_cmos 00:00: rtc core: registered rtc_cmos as rtc0
[STDOUT  ] 2017-09-07T11:21:45.212648616Z: [    6.538183] rtc_cmos 00:00: alarms up to one day, y3k, 114 bytes nvram, hpet irqs
[STDOUT  ] 2017-09-07T11:21:45.212666256Z: [    6.538917] i2c /dev entries driver
[STDOUT  ] 2017-09-07T11:21:45.212677487Z: [    6.542050] device-mapper: ioctl: 4.35.0-ioctl (2016-06-23) initialised: dm-devel@redhat.com
[STDOUT  ] 2017-09-07T11:21:45.212688501Z: [    6.547691] usbcore: registered new interface driver usbhid
[STDOUT  ] 2017-09-07T11:21:45.212699555Z: [    6.548128] usbhid: USB HID core driver
[STDOUT  ] 2017-09-07T11:21:45.212710411Z: [    6.548716] hv_utils: Registering HyperV Utility Driver
[STDOUT  ] 2017-09-07T11:21:45.212721459Z: [    6.549079] hv_vmbus: registering driver hv_util
[STDOUT  ] 2017-09-07T11:21:45.212738637Z: [    6.549426] hv_vmbus: registering driver hv_balloon
[STDOUT  ] 2017-09-07T11:21:45.212749809Z: [    6.550012] oprofile: using NMI interrupt.
[STDOUT  ] 2017-09-07T11:21:45.212763522Z: [    6.551754] GACT probability on
[STDOUT  ] 2017-09-07T11:21:45.212781875Z: [    6.552290] Mirror/redirect action on
[STDOUT  ] 2017-09-07T11:21:45.212799731Z: [    6.553143] Simple TC action Loaded
[STDOUT  ] 2017-09-07T11:21:45.212825565Z: [    6.553988] u32 classifier
[STDOUT  ] 2017-09-07T11:21:45.212844471Z: [    6.554183]     Performance counters on
[STDOUT  ] 2017-09-07T11:21:45.212862019Z: [    6.554428]     input device check on
[STDOUT  ] 2017-09-07T11:21:45.212880043Z: [    6.554680]     Actions configured
[STDOUT  ] 2017-09-07T11:21:45.212898701Z: [    6.555298] Netfilter messages via NETLINK v0.30.
[STDOUT  ] 2017-09-07T11:21:45.212915982Z: [    6.555927] nfnl_acct: registering with nfnetlink.
[STDOUT  ] 2017-09-07T11:21:45.212941915Z: [    6.557338] nf_conntrack version 0.5.0 (8192 buckets, 32768 max)
[STDOUT  ] 2017-09-07T11:21:45.212960143Z: [    6.560858] ctnetlink v0.93: registering with nfnetlink.
[STDOUT  ] 2017-09-07T11:21:45.212978633Z: [    6.564203] nf_tables: (c) 2007-2009 Patrick McHardy <kaber@trash.net>
[STDOUT  ] 2017-09-07T11:21:45.213001641Z: [    6.565074] nf_tables_compat: (c) 2012 Pablo Neira Ayuso <pablo@netfilter.org>
[STDOUT  ] 2017-09-07T11:21:45.213020675Z: [    6.567805] xt_time: kernel timezone is -0000
[STDOUT  ] 2017-09-07T11:21:45.213039659Z: [    6.568464] ip_set: protocol 6
[STDOUT  ] 2017-09-07T11:21:45.213057853Z: [    6.569354] IPVS: Registered protocols (TCP, UDP, SCTP, AH, ESP)
[STDOUT  ] 2017-09-07T11:21:45.213076778Z: [    6.570079] IPVS: Connection hash table configured (size=4096, memory=64Kbytes)
[STDOUT  ] 2017-09-07T11:21:45.213098681Z: [    6.572497] IPVS: Creating netns size=2104 id=0
[STDOUT  ] 2017-09-07T11:21:45.213125806Z: [    6.575320] IPVS: ipvs loaded.
[STDOUT  ] 2017-09-07T11:21:45.213144746Z: [    6.575714] IPVS: [rr] scheduler registered.
[STDOUT  ] 2017-09-07T11:21:45.213163651Z: [    6.576089] IPVS: [wrr] scheduler registered.
[STDOUT  ] 2017-09-07T11:21:45.213182193Z: [    6.576379] IPVS: [lc] scheduler registered.
[STDOUT  ] 2017-09-07T11:21:45.213201891Z: [    6.576669] IPVS: [wlc] scheduler registered.
[STDOUT  ] 2017-09-07T11:21:45.213221159Z: [    6.576972] IPVS: [fo] scheduler registered.
[STDOUT  ] 2017-09-07T11:21:45.213240598Z: [    6.577277] IPVS: [ovf] scheduler registered.
[STDOUT  ] 2017-09-07T11:21:45.213260623Z: [    6.577740] IPVS: [lblc] scheduler registered.
[STDOUT  ] 2017-09-07T11:21:45.213277718Z: [    6.578221] IPVS: [lblcr] scheduler registered.
[STDOUT  ] 2017-09-07T11:21:45.213297075Z: [    6.578508] IPVS: [dh] scheduler registered.
[STDOUT  ] 2017-09-07T11:21:45.213316608Z: [    6.578834] IPVS: [sh] scheduler registered.
[STDOUT  ] 2017-09-07T11:21:45.213338348Z: [    6.579120] IPVS: [sed] scheduler registered.
[STDOUT  ] 2017-09-07T11:21:45.213368162Z: [    6.579375] IPVS: [nq] scheduler registered.
[STDOUT  ] 2017-09-07T11:21:45.213388488Z: [    6.580625] IPVS: ftp: loaded support on port[0] = 21
[STDOUT  ] 2017-09-07T11:21:45.213414859Z: [    6.581787] ipip: IPv4 and MPLS over IPv4 tunneling driver
[STDOUT  ] 2017-09-07T11:21:45.213435506Z: [    6.587247] gre: GRE over IPv4 demultiplexor driver
[STDOUT  ] 2017-09-07T11:21:45.213456142Z: [    6.590938] ip_tables: (C) 2000-2006 Netfilter Core Team
[STDOUT  ] 2017-09-07T11:21:45.213472161Z: [    6.594434] ipt_CLUSTERIP: ClusterIP Version 0.8 loaded successfully
[STDOUT  ] 2017-09-07T11:21:45.213483991Z: [    6.595312] arp_tables: arp_tables: (C) 2002 David S. Miller
[STDOUT  ] 2017-09-07T11:21:45.213494915Z: [    6.597979] NET: Registered protocol family 10
[STDOUT  ] 2017-09-07T11:21:45.213505835Z: [    6.610860] ip6_tables: (C) 2000-2006 Netfilter Core Team
[STDOUT  ] 2017-09-07T11:21:45.213516785Z: [    6.621305] NET: Registered protocol family 17
[STDOUT  ] 2017-09-07T11:21:45.213528129Z: [    6.622544] Bridge firewalling registered
[STDOUT  ] 2017-09-07T11:21:45.213539245Z: [    6.623235] Ebtables v2.0 registered
[STDOUT  ] 2017-09-07T11:21:45.213556074Z: [    6.625329] 8021q: 802.1Q VLAN Support v1.8
[STDOUT  ] 2017-09-07T11:21:45.213575353Z: [    6.627080] 9pnet: Installing 9P2000 support
[STDOUT  ] 2017-09-07T11:21:45.213586164Z: [    6.628802] Key type dns_resolver registered
[STDOUT  ] 2017-09-07T11:21:45.213597045Z: [    6.629907] microcode: AMD CPU family 0x6 not supported
[STDOUT  ] 2017-09-07T11:21:45.213608141Z: [    6.634681] registered taskstats version 1
[STDOUT  ] 2017-09-07T11:21:45.213618997Z: [    6.831183] ata6: SATA link down (SStatus 0 SControl 300)
[STDOUT  ] 2017-09-07T11:21:45.21362996Z: [    6.833465] ata5: SATA link down (SStatus 0 SControl 300)
[STDOUT  ] 2017-09-07T11:21:45.213641013Z: [    6.834040] ata4: SATA link down (SStatus 0 SControl 300)
[STDOUT  ] 2017-09-07T11:21:45.213659295Z: [    6.834978] ata3: SATA link up 1.5 Gbps (SStatus 113 SControl 300)
[STDOUT  ] 2017-09-07T11:21:45.213676965Z: [    6.839288] ata3.00: ATAPI: QEMU DVD-ROM, 2.5+, max UDMA/100
[STDOUT  ] 2017-09-07T11:21:45.213694834Z: [    6.839891] ata3.00: applying bridge limits
[STDOUT  ] 2017-09-07T11:21:45.21371567Z: [    6.842025] ata2: SATA link down (SStatus 0 SControl 300)
[STDOUT  ] 2017-09-07T11:21:45.213735275Z: [    6.842525] ata1: SATA link down (SStatus 0 SControl 300)
[STDOUT  ] 2017-09-07T11:21:45.21375295Z: [    6.844962] ata3.00: configured for UDMA/100
[STDOUT  ] 2017-09-07T11:21:45.213764553Z: [    6.860922] scsi 2:0:0:0: CD-ROM            QEMU     QEMU DVD-ROM     2.5+ PQ: 0 ANSI: 5
[STDOUT  ] 2017-09-07T11:21:45.213776054Z: [    6.884214] sr 2:0:0:0: [sr0] scsi3-mmc drive: 4x/4x cd/rw xa/form2 tray
[STDOUT  ] 2017-09-07T11:21:45.213787938Z: [    6.885029] cdrom: Uniform CD-ROM driver Revision: 3.20
[STDOUT  ] 2017-09-07T11:21:45.213798963Z: [    6.906167] sr 2:0:0:0: Attached scsi generic sg0 type 5
[STDOUT  ] 2017-09-07T11:21:45.213825357Z: [    6.950444] Key type big_key registered
[STDOUT  ] 2017-09-07T11:21:45.213846098Z: [    7.022668] Key type encrypted registered
[STDOUT  ] 2017-09-07T11:21:45.213865575Z: [    7.028888] rtc_cmos 00:00: setting system clock to 2017-09-07 11:21:17 UTC (1504783277)
[STDOUT  ] 2017-09-07T11:21:45.213880064Z: [    7.040874] tsc: Refined TSC clocksource calibration: 2600.001 MHz
[STDOUT  ] 2017-09-07T11:21:45.213891785Z: [    7.041419] clocksource: tsc: mask: 0xffffffffffffffff max_cycles: 0x257a3ce1c4c, max_idle_ns: 440795206275 ns
[STDOUT  ] 2017-09-07T11:21:45.213903744Z: [    7.249981] Freeing unused kernel memory: 1380K
[STDOUT  ] 2017-09-07T11:21:45.21391484Z: [    7.251190] Write protecting the kernel read-only data: 12288k
[STDOUT  ] 2017-09-07T11:21:45.213934565Z: [    7.259843] Freeing unused kernel memory: 144K
[STDOUT  ] 2017-09-07T11:21:45.21394562Z: [    7.404734] Freeing unused kernel memory: 1400K
[STDOUT  ] 2017-09-07T11:21:45.2139566Z: [    8.056411] clocksource: Switched to clocksource tsc
[STDOUT  ] 2017-09-07T11:21:45.213967514Z: 
[STDOUT  ] 2017-09-07T11:21:45.21397878Z: Welcome to LinuxKit
[STDOUT  ] 2017-09-07T11:21:45.213989849Z: 
[STDOUT  ] 2017-09-07T11:21:45.214000679Z:                         ##         .
[STDOUT  ] 2017-09-07T11:21:45.214016315Z:                   ## ## ##        ==
[STDERR  ] 2017-09-07T11:21:45.215770057Z: + RESULT=[    0.000000] Linux version 4.9.47-linuxkit (root@e1ede117fb1e) (gcc version 6.3.0 (Alpine 6.3.0) ) #1 SMP Mon Sep 4 16:11:11 UTC 2017
[STDOUT  ] 2017-09-07T11:21:45.215796971Z:                ## ## ## ## ##    ===
[STDERR  ] 2017-09-07T11:21:45.215805223Z: [    0.000000] Command line: console=ttyS0 page_poison=1
[STDOUT  ] 2017-09-07T11:21:45.215816577Z:            /"""""""""""""""""\___/ ===
[STDERR  ] 2017-09-07T11:21:45.215820845Z: [    0.000000] x86/fpu: Legacy x87 FPU detected.
[STDOUT  ] 2017-09-07T11:21:45.215832005Z:           {                       /  ===-
[STDERR  ] 2017-09-07T11:21:45.215828613Z: [    0.000000] x86/fpu: Using 'eager' FPU context switches.
[STDOUT  ] 2017-09-07T11:21:45.21584257Z:            \______ O           __/
[STDERR  ] 2017-09-07T11:21:45.215846886Z: [    0.000000] e820: BIOS-provided physical RAM map:
[STDERR  ] 2017-09-07T11:21:45.215862157Z: [    0.000000] BIOS-e820: [mem 0x0000000000000000-0x000000000009fbff] usable
[STDOUT  ] 2017-09-07T11:21:45.215857934Z:              \    \         __/
[STDERR  ] 2017-09-07T11:21:45.21587106Z: [    0.000000] BIOS-e820: [mem 0x000000000009fc00-0x000000000009ffff] reserved
[STDERR  ] 2017-09-07T11:21:45.215878834Z: [    0.000000] BIOS-e820: [mem 0x00000000000f0000-0x00000000000fffff] reserved
[STDOUT  ] 2017-09-07T11:21:45.215869831Z:               \____\_______/
[STDERR  ] 2017-09-07T11:21:45.21588535Z: [    0.000000] BIOS-e820: [mem 0x0000000000100000-0x000000003ffdefff] usable
[STDERR  ] 2017-09-07T11:21:45.21589473Z: [    0.000000] BIOS-e820: [mem 0x000000003ffdf000-0x000000003fffffff] reserved
[STDOUT  ] 2017-09-07T11:21:45.215893664Z: 
[STDERR  ] 2017-09-07T11:21:45.215900754Z: [    0.000000] BIOS-e820: [mem 0x00000000b0000000-0x00000000bfffffff] reserved
[STDOUT  ] 2017-09-07T11:21:45.215908749Z: [   21.158340] 8021q: adding VLAN 0 to HW filter on device eth0
[STDERR  ] 2017-09-07T11:21:45.215916524Z: [    0.000000] BIOS-e820: [mem 0x00000000fed1c000-0x00000000fed1ffff] reserved
[STDERR  ] 2017-09-07T11:21:45.215925186Z: [    0.000000] BIOS-e820: [mem 0x00000000fffc0000-0x00000000ffffffff] reserved
[STDOUT  ] 2017-09-07T11:21:45.215923104Z: eth0: waiting for carrier
[STDERR  ] 2017-09-07T11:21:45.215933874Z: [    0.000000] NX (Execute Disable) protection: active
[STDERR  ] 2017-09-07T11:21:45.215940789Z: [    0.000000] SMBIOS 2.8 present.
[STDOUT  ] 2017-09-07T11:21:45.215934604Z: eth0: carrier acquired
[STDERR  ] 2017-09-07T11:21:45.215948016Z: [    0.000000] e820: last_pfn = 0x3ffdf max_arch_pfn = 0x400000000
[STDERR  ] 2017-09-07T11:21:45.215954893Z: [    0.000000] x86/PAT: Configuration [0-7]: WB  WC  UC- UC  WB  WC  UC- WT  
[STDOUT  ] 2017-09-07T11:21:45.215947371Z: DUID 00:01:00:01:21:43:e8:3a:1a:e4:9c:61:f7:71
[STDERR  ] 2017-09-07T11:21:45.215970563Z: [    0.000000] found SMP MP-table at [mem 0x000f6aa0-0x000f6aaf] mapped at [ffff8996000f6aa0]
[STDOUT  ] 2017-09-07T11:21:45.215973379Z: eth0: IAID 9c:61:f7:71
[STDERR  ] 2017-09-07T11:21:45.21597767Z: [    0.000000] RAMDISK: [mem 0x3e86d000-0x3ffcffff]
[STDOUT  ] 2017-09-07T11:21:45.215983966Z: [   21.246315] random: fast init done
[STDERR  ] 2017-09-07T11:21:45.215993724Z: [    0.000000] ACPI: Early table checksum verification disabled
[STDERR  ] 2017-09-07T11:21:45.216001606Z: [    0.000000] ACPI: RSDP 0x00000000000F68C0 000014 (v00 BOCHS )
[STDOUT  ] 2017-09-07T11:21:45.216003051Z: eth0: adding address fe80::6836:e0a8:53dc:ea6
[STDERR  ] 2017-09-07T11:21:45.216008936Z: [    0.000000] ACPI: RSDT 0x000000003FFE2404 000034 (v01 BOCHS  BXPCRSDT 00000001 BXPC 00000001)
[STDOUT  ] 2017-09-07T11:21:45.216011103Z: eth0: soliciting an IPv6 router
[STDERR  ] 2017-09-07T11:21:45.216016703Z: [    0.000000] ACPI: FACP 0x000000003FFE22A4 000074 (v01 BOCHS  BXPCFACP 00000001 BXPC 00000001)
[STDOUT  ] 2017-09-07T11:21:45.216018579Z: eth0: soliciting a DHCP lease
[STDERR  ] 2017-09-07T11:21:45.216024249Z: [    0.000000] ACPI: DSDT 0x000000003FFE0040 002264 (v01 BOCHS  BXPCDSDT 00000001 BXPC 00000001)
[STDOUT  ] 2017-09-07T11:21:45.2160256Z: eth0: offered 10.0.2.15 from 10.0.2.2
[STDERR  ] 2017-09-07T11:21:45.216037626Z: [    0.000000] ACPI: FACS 0x000000003FFE0000 000040
[STDOUT  ] 2017-09-07T11:21:45.216039964Z: eth0: leased 10.0.2.15 for 86400 seconds
[STDERR  ] 2017-09-07T11:21:45.21604733Z: [    0.000000] ACPI: APIC 0x000000003FFE2318 000078 (v01 BOCHS  BXPCAPIC 00000001 BXPC 00000001)
[STDOUT  ] 2017-09-07T11:21:45.21604909Z: eth0: adding route to 10.0.2.0/24
[STDOUT  ] 2017-09-07T11:21:45.216061979Z: eth0: adding default route via 10.0.2.2
[STDERR  ] 2017-09-07T11:21:45.216056563Z: [    0.000000] ACPI: HPET 0x000000003FFE2390 000038 (v01 BOCHS  BXPCHPET 00000001 BXPC 00000001)
[STDOUT  ] 2017-09-07T11:21:45.216070406Z: exiting due to oneshot
[STDERR  ] 2017-09-07T11:21:45.21607256Z: [    0.000000] ACPI: MCFG 0x000000003FFE23C8 00003C (v01 BOCHS  BXPCMCFG 00000001 BXPC 00000001)
[STDOUT  ] 2017-09-07T11:21:45.216080004Z: dhcpcd exited
[STDERR  ] 2017-09-07T11:21:45.216081881Z: [    0.000000] Zone ranges:
[STDOUT  ] 2017-09-07T11:21:45.21608752Z: dhcpcd test suite PASSED
[STDERR  ] 2017-09-07T11:21:45.216090006Z: [    0.000000]   DMA      [mem 0x0000000000001000-0x0000000000ffffff]
[STDOUT  ] 2017-09-07T11:21:45.216094266Z: [   34.727344] ACPI: Preparing to enter system sleep state S5
[STDERR  ] 2017-09-07T11:21:45.216101759Z: [    0.000000]   DMA32    [mem 0x0000000001000000-0x000000003ffdefff]
[STDOUT  ] 2017-09-07T11:21:45.216103319Z: [   34.729105] reboot: Power down
[STDERR  ] 2017-09-07T11:21:45.216113014Z: [    0.000000]   Normal   empty
[STDERR  ] 2017-09-07T11:21:45.216123894Z: [    0.000000] Movable zone start for each node
[STDERR  ] 2017-09-07T11:21:45.216132533Z: [    0.000000] Early memory node ranges
[STDERR  ] 2017-09-07T11:21:45.21615243Z: [    0.000000]   node   0: [mem 0x0000000000001000-0x000000000009efff]
[STDERR  ] 2017-09-07T11:21:45.216161741Z: [    0.000000]   node   0: [mem 0x0000000000100000-0x000000003ffdefff]
[STDERR  ] 2017-09-07T11:21:45.216171157Z: [    0.000000] Initmem setup node 0 [mem 0x0000000000001000-0x000000003ffdefff]
[STDERR  ] 2017-09-07T11:21:45.216179926Z: [    0.000000] ACPI: PM-Timer IO Port: 0x608
[STDERR  ] 2017-09-07T11:21:45.216188614Z: [    0.000000] ACPI: LAPIC_NMI (acpi_id[0xff] dfl dfl lint[0x1])
[STDERR  ] 2017-09-07T11:21:45.21619771Z: [    0.000000] IOAPIC[0]: apic_id 0, version 32, address 0xfec00000, GSI 0-23
[STDERR  ] 2017-09-07T11:21:45.216208133Z: [    0.000000] ACPI: INT_SRC_OVR (bus 0 bus_irq 0 global_irq 2 dfl dfl)
[STDERR  ] 2017-09-07T11:21:45.216244943Z: [    0.000000] ACPI: INT_SRC_OVR (bus 0 bus_irq 5 global_irq 5 high level)
[STDERR  ] 2017-09-07T11:21:45.216260619Z: [    0.000000] ACPI: INT_SRC_OVR (bus 0 bus_irq 9 global_irq 9 high level)
[STDERR  ] 2017-09-07T11:21:45.21627785Z: [    0.000000] ACPI: INT_SRC_OVR (bus 0 bus_irq 10 global_irq 10 high level)
[STDERR  ] 2017-09-07T11:21:45.216285589Z: [    0.000000] ACPI: INT_SRC_OVR (bus 0 bus_irq 11 global_irq 11 high level)
[STDERR  ] 2017-09-07T11:21:45.216292167Z: [    0.000000] Using ACPI (MADT) for SMP configuration information
[STDERR  ] 2017-09-07T11:21:45.21629837Z: [    0.000000] ACPI: HPET id: 0x8086a201 base: 0xfed00000
[STDERR  ] 2017-09-07T11:21:45.216304084Z: [    0.000000] smpboot: Allowing 1 CPUs, 0 hotplug CPUs
[STDERR  ] 2017-09-07T11:21:45.21631571Z: [    0.000000] e820: [mem 0x40000000-0xafffffff] available for PCI devices
[STDERR  ] 2017-09-07T11:21:45.216326313Z: [    0.000000] Booting paravirtualized kernel on bare hardware
[STDERR  ] 2017-09-07T11:21:45.216336376Z: [    0.000000] clocksource: refined-jiffies: mask: 0xffffffff max_cycles: 0xffffffff, max_idle_ns: 19112604462750000 ns
[STDERR  ] 2017-09-07T11:21:45.216345624Z: [    0.000000] setup_percpu: NR_CPUS:128 nr_cpumask_bits:128 nr_cpu_ids:1 nr_node_ids:1
[STDERR  ] 2017-09-07T11:21:45.216353526Z: [    0.000000] percpu: Embedded 35 pages/cpu @ffff89963e600000 s105240 r8192 d29928 u2097152
[STDERR  ] 2017-09-07T11:21:45.216360847Z: [    0.000000] Built 1 zonelists in Zone order, mobility grouping on.  Total pages: 257896
[STDERR  ] 2017-09-07T11:21:45.216371373Z: [    0.000000] Kernel command line: console=ttyS0 page_poison=1
[STDERR  ] 2017-09-07T11:21:45.216377193Z: [    0.000000] PID hash table entries: 4096 (order: 3, 32768 bytes)
[STDERR  ] 2017-09-07T11:21:45.216383347Z: [    0.000000] Dentry cache hash table entries: 131072 (order: 8, 1048576 bytes)
[STDERR  ] 2017-09-07T11:21:45.21638932Z: [    0.000000] Inode-cache hash table entries: 65536 (order: 7, 524288 bytes)
[STDERR  ] 2017-09-07T11:21:45.216397587Z: [    0.000000] Memory: 990224K/1048052K available (8032K kernel code, 1366K rwdata, 2696K rodata, 1380K init, 568K bss, 57828K reserved, 0K cma-reserved)
[STDERR  ] 2017-09-07T11:21:45.216406363Z: [    0.000000] Hierarchical RCU implementation.
[STDERR  ] 2017-09-07T11:21:45.216412307Z: [    0.000000] 	Build-time adjustment of leaf fanout to 64.
[STDERR  ] 2017-09-07T11:21:45.21642171Z: [    0.000000] 	RCU restricting CPUs from NR_CPUS=128 to nr_cpu_ids=1.
[STDERR  ] 2017-09-07T11:21:45.216428162Z: [    0.000000] RCU: Adjusting geometry for rcu_fanout_leaf=64, nr_cpu_ids=1
[STDERR  ] 2017-09-07T11:21:45.216433896Z: [    0.000000] NR_IRQS:8448 nr_irqs:256 16
[STDERR  ] 2017-09-07T11:21:45.216441357Z: [    0.000000] Console: colour VGA+ 80x25
[STDERR  ] 2017-09-07T11:21:45.216447327Z: [    0.000000] console [ttyS0] enabled
[STDERR  ] 2017-09-07T11:21:45.216452839Z: [    0.000000] allocated 2097152 bytes of page_ext
[STDERR  ] 2017-09-07T11:21:45.216458269Z: [    0.000000] clocksource: hpet: mask: 0xffffffff max_cycles: 0xffffffff, max_idle_ns: 19112604467 ns
[STDERR  ] 2017-09-07T11:21:45.216464523Z: [    0.000000] tsc: Unable to calibrate against PIT
[STDERR  ] 2017-09-07T11:21:45.216472683Z: [    0.000000] tsc: using HPET reference calibration
[STDERR  ] 2017-09-07T11:21:45.216478284Z: [    0.000000] tsc: Detected 2600.022 MHz processor
[STDERR  ] 2017-09-07T11:21:45.216484357Z: [    0.052535] Calibrating delay loop (skipped), value calculated using timer frequency.. 5200.04 BogoMIPS (lpj=26000220)
[STDERR  ] 2017-09-07T11:21:45.2164907Z: [    0.053853] pid_max: default: 32768 minimum: 301
[STDERR  ] 2017-09-07T11:21:45.216496353Z: [    0.054939] ACPI: Core revision 20160831
[STDERR  ] 2017-09-07T11:21:45.216501836Z: [    0.103536] ACPI: 1 ACPI AML tables successfully acquired and loaded
[STDERR  ] 2017-09-07T11:21:45.216507419Z: [    0.108578] Security Framework initialized
[STDERR  ] 2017-09-07T11:21:45.216514183Z: [    0.109039] Yama: becoming mindful.
[STDERR  ] 2017-09-07T11:21:45.216522279Z: [    0.111402] Mount-cache hash table entries: 2048 (order: 2, 16384 bytes)
[STDERR  ] 2017-09-07T11:21:45.216528397Z: [    0.111988] Mountpoint-cache hash table entries: 2048 (order: 2, 16384 bytes)
[STDERR  ] 2017-09-07T11:21:45.21653776Z: [    0.134783] Last level iTLB entries: 4KB 0, 2MB 0, 4MB 0
[STDERR  ] 2017-09-07T11:21:45.2165437Z: [    0.135271] Last level dTLB entries: 4KB 0, 2MB 0, 4MB 0, 1GB 0
[STDERR  ] 2017-09-07T11:21:45.216549526Z: [    0.477533] Freeing SMP alternatives memory: 20K
[STDERR  ] 2017-09-07T11:21:45.216555249Z: [    0.488942] ftrace: allocating 35509 entries in 139 pages
[STDERR  ] 2017-09-07T11:21:45.216564186Z: [    0.678455] smpboot: Max logical packages: 1
[STDERR  ] 2017-09-07T11:21:45.216570493Z: [    0.686207] ..TIMER: vector=0x30 apic1=0 pin1=2 apic2=-1 pin2=-1
[STDERR  ] 2017-09-07T11:21:45.216576456Z: [    0.790000] smpboot: CPU0: AMD QEMU Virtual CPU version 2.5+ (family: 0x6, model: 0x6, stepping: 0x3)
[STDERR  ] 2017-09-07T11:21:45.216583327Z: [    0.790000] Performance Events: PMU not available due to virtualization, using software events only.
[STDERR  ] 2017-09-07T11:21:45.216589387Z: [    0.802034] NMI watchdog: disabled (cpu0): hardware events not enabled
[STDERR  ] 2017-09-07T11:21:45.21659492Z: [    0.802515] NMI watchdog: Shutting down hard lockup detector on all cpus
[STDERR  ] 2017-09-07T11:21:45.216602713Z: [    0.806508] x86: Booted up 1 node, 1 CPUs
[STDERR  ] 2017-09-07T11:21:45.216608896Z: [    0.806954] smpboot: Total of 1 processors activated (5200.04 BogoMIPS)
[STDERR  ] 2017-09-07T11:21:45.216618709Z: [    0.824254] devtmpfs: initialized
[STDERR  ] 2017-09-07T11:21:45.216624689Z: [    0.831845] x86/mm: Memory block size: 128MB
[STDERR  ] 2017-09-07T11:21:45.216630687Z: [    0.906397] clocksource: jiffies: mask: 0xffffffff max_cycles: 0xffffffff, max_idle_ns: 19112604462750000 ns
[STDERR  ] 2017-09-07T11:21:45.21663659Z: [    0.907421] futex hash table entries: 256 (order: 2, 16384 bytes)
[STDERR  ] 2017-09-07T11:21:45.216642089Z: [    0.918583] NET: Registered protocol family 16
[STDERR  ] 2017-09-07T11:21:45.216648176Z: [    0.932579] cpuidle: using governor ladder
[STDERR  ] 2017-09-07T11:21:45.216653777Z: [    0.933033] cpuidle: using governor menu
[STDERR  ] 2017-09-07T11:21:45.216659082Z: [    0.934755] ACPI: bus type PCI registered
[STDERR  ] 2017-09-07T11:21:45.216825409Z: [    0.938844] PCI: MMCONFIG for domain 0000 [bus 00-ff] at [mem 0xb0000000-0xbfffffff] (base 0xb0000000)
[STDERR  ] 2017-09-07T11:21:45.216838249Z: [    0.939634] PCI: MMCONFIG at [mem 0xb0000000-0xbfffffff] reserved in E820
[STDERR  ] 2017-09-07T11:21:45.216844766Z: [    0.941065] PCI: Using configuration type 1 for base access
[STDERR  ] 2017-09-07T11:21:45.216853236Z: [    1.013195] HugeTLB registered 2 MB page size, pre-allocated 0 pages
[STDERR  ] 2017-09-07T11:21:45.216859636Z: [    1.033392] ACPI: Added _OSI(Module Device)
[STDERR  ] 2017-09-07T11:21:45.216866006Z: [    1.033681] ACPI: Added _OSI(Processor Device)
[STDERR  ] 2017-09-07T11:21:45.216872106Z: [    1.034065] ACPI: Added _OSI(3.0 _SCP Extensions)
[STDERR  ] 2017-09-07T11:21:45.2168777Z: [    1.034294] ACPI: Added _OSI(Processor Aggregator Device)
[STDERR  ] 2017-09-07T11:21:45.216883992Z: [    1.132802] ACPI: Interpreter enabled
[STDERR  ] 2017-09-07T11:21:45.216889493Z: [    1.133730] ACPI: (supports S0 S5)
[STDERR  ] 2017-09-07T11:21:45.216895133Z: [    1.134063] ACPI: Using IOAPIC for interrupt routing
[STDERR  ] 2017-09-07T11:21:45.216900682Z: [    1.136869] PCI: Using host bridge windows from ACPI; if necessary, use "pci=nocrs" and report a bug
[STDERR  ] 2017-09-07T11:21:45.216906692Z: [    1.215776] ACPI: PCI Root Bridge [PCI0] (domain 0000 [bus 00-ff])
[STDERR  ] 2017-09-07T11:21:45.216912492Z: [    1.216958] acpi PNP0A08:00: _OSC: OS supports [ExtendedConfig ASPM ClockPM Segments MSI]
[STDERR  ] 2017-09-07T11:21:45.216918524Z: [    1.224213] acpi PNP0A08:00: _OSC: OS now controls [PCIeHotplug PME PCIeCapability]
[STDERR  ] 2017-09-07T11:21:45.216924267Z: [    1.228876] PCI host bridge to bus 0000:00
[STDERR  ] 2017-09-07T11:21:45.21693Z: [    1.229339] pci_bus 0000:00: root bus resource [io  0x0000-0x0cf7 window]
[STDERR  ] 2017-09-07T11:21:45.216935386Z: [    1.229834] pci_bus 0000:00: root bus resource [io  0x0d00-0xffff window]
[STDERR  ] 2017-09-07T11:21:45.216945434Z: [    1.230176] pci_bus 0000:00: root bus resource [mem 0x000a0000-0x000bffff window]
[STDERR  ] 2017-09-07T11:21:45.216951192Z: [    1.230656] pci_bus 0000:00: root bus resource [mem 0xc0000000-0xfebfffff window]
[STDERR  ] 2017-09-07T11:21:45.216957907Z: [    1.231352] pci_bus 0000:00: root bus resource [bus 00-ff]
[STDERR  ] 2017-09-07T11:21:45.216963209Z: [    1.361748] pci 0000:00:1f.0: quirk: [io  0x0600-0x067f] claimed by ICH6 ACPI/GPIO/TCO
[STDERR  ] 2017-09-07T11:21:45.21696861Z: [    1.436889] ACPI: PCI Interrupt Link [LNKA] (IRQs 5 *10 11)
[STDERR  ] 2017-09-07T11:21:45.21697551Z: [    1.440188] ACPI: PCI Interrupt Link [LNKB] (IRQs 5 *10 11)
[STDERR  ] 2017-09-07T11:21:45.216981599Z: [    1.442656] ACPI: PCI Interrupt Link [LNKC] (IRQs 5 10 *11)
[STDERR  ] 2017-09-07T11:21:45.21698722Z: [    1.444877] ACPI: PCI Interrupt Link [LNKD] (IRQs 5 10 *11)
[STDERR  ] 2017-09-07T11:21:45.216992857Z: [    1.447221] ACPI: PCI Interrupt Link [LNKE] (IRQs 5 *10 11)
[STDERR  ] 2017-09-07T11:21:45.21699969Z: [    1.449194] ACPI: PCI Interrupt Link [LNKF] (IRQs 5 *10 11)
[STDERR  ] 2017-09-07T11:21:45.217005227Z: [    1.451647] ACPI: PCI Interrupt Link [LNKG] (IRQs 5 10 *11)
[STDERR  ] 2017-09-07T11:21:45.217014026Z: [    1.454010] ACPI: PCI Interrupt Link [LNKH] (IRQs 5 10 *11)
[STDERR  ] 2017-09-07T11:21:45.217019943Z: [    1.455029] ACPI: PCI Interrupt Link [GSIA] (IRQs *16)
[STDERR  ] 2017-09-07T11:21:45.217025963Z: [    1.455811] ACPI: PCI Interrupt Link [GSIB] (IRQs *17)
[STDERR  ] 2017-09-07T11:21:45.21703452Z: [    1.456520] ACPI: PCI Interrupt Link [GSIC] (IRQs *18)
[STDERR  ] 2017-09-07T11:21:45.217039986Z: [    1.457260] ACPI: PCI Interrupt Link [GSID] (IRQs *19)
[STDERR  ] 2017-09-07T11:21:45.217045587Z: [    1.457967] ACPI: PCI Interrupt Link [GSIE] (IRQs *20)
[STDERR  ] 2017-09-07T11:21:45.217051017Z: [    1.460127] ACPI: PCI Interrupt Link [GSIF] (IRQs *21)
[STDERR  ] 2017-09-07T11:21:45.217057302Z: [    1.460986] ACPI: PCI Interrupt Link [GSIG] (IRQs *22)
[STDERR  ] 2017-09-07T11:21:45.217064064Z: [    1.461812] ACPI: PCI Interrupt Link [GSIH] (IRQs *23)
[STDERR  ] 2017-09-07T11:21:45.217069479Z: [    1.466510] ACPI: Enabled 2 GPEs in block 00 to 3F
[STDERR  ] 2017-09-07T11:21:45.21707493Z: [    1.472445] SCSI subsystem initialized
[STDERR  ] 2017-09-07T11:21:45.217080319Z: [    1.474721] ACPI: bus type USB registered
[STDERR  ] 2017-09-07T11:21:45.217086583Z: [    1.475924] usbcore: registered new interface driver usbfs
[STDERR  ] 2017-09-07T11:21:45.21709216Z: [    1.477068] usbcore: registered new interface driver hub
[STDERR  ] 2017-09-07T11:21:45.217099359Z: [    1.478224] usbcore: registered new device driver usb
[STDERR  ] 2017-09-07T11:21:45.217104957Z: [    1.479751] pps_core: LinuxPPS API ver. 1 registered
[STDERR  ] 2017-09-07T11:21:45.217110196Z: [    1.480101] pps_core: Software ver. 5.3.6 - Copyright 2005-2007 Rodolfo Giometti <giometti@linux.it>
[STDERR  ] 2017-09-07T11:21:45.217116229Z: [    1.480898] PTP clock support registered
[STDERR  ] 2017-09-07T11:21:45.21712185Z: [    1.482434] wmi: Mapper loaded
[STDERR  ] 2017-09-07T11:21:45.21712726Z: [    1.483723] PCI: Using ACPI for IRQ routing
[STDERR  ] 2017-09-07T11:21:45.217132614Z: [    1.505383] NetLabel: Initializing
[STDERR  ] 2017-09-07T11:21:45.217138002Z: [    1.505671] NetLabel:  domain hash size = 128
[STDERR  ] 2017-09-07T11:21:45.217143247Z: [    1.506075] NetLabel:  protocols = UNLABELED CIPSOv4
[STDERR  ] 2017-09-07T11:21:45.217148537Z: [    1.509327] NetLabel:  unlabeled traffic allowed by default
[STDERR  ] 2017-09-07T11:21:45.217153789Z: [    1.510964] HPET: 3 timers in total, 0 timers will be used for per-cpu timer
[STDERR  ] 2017-09-07T11:21:45.217160656Z: [    1.511847] hpet0: at MMIO 0xfed00000, IRQs 2, 8, 0
[STDERR  ] 2017-09-07T11:21:45.217166083Z: [    1.512414] hpet0: 3 comparators, 64-bit 100.000000 MHz counter
[STDERR  ] 2017-09-07T11:21:45.217171596Z: [    1.517997] clocksource: Switched to clocksource hpet
[STDERR  ] 2017-09-07T11:21:45.217180925Z: [    1.841652] VFS: Disk quotas dquot_6.6.0
[STDERR  ] 2017-09-07T11:21:45.217186803Z: [    1.842476] VFS: Dquot-cache hash table entries: 512 (order 0, 4096 bytes)
[STDERR  ] 2017-09-07T11:21:45.217193287Z: [    1.846560] FS-Cache: Loaded
[STDERR  ] 2017-09-07T11:21:45.217199316Z: [    1.852642] CacheFiles: Loaded
[STDERR  ] 2017-09-07T11:21:45.217206119Z: [    1.854797] pnp: PnP ACPI init
[STDERR  ] 2017-09-07T11:21:45.217212296Z: [    1.869770] pnp: PnP ACPI: found 5 devices
[STDERR  ] 2017-09-07T11:21:45.217217603Z: [    1.932793] clocksource: acpi_pm: mask: 0xffffff max_cycles: 0xffffff, max_idle_ns: 2085701024 ns
[STDERR  ] 2017-09-07T11:21:45.217223269Z: [    1.937344] NET: Registered protocol family 2
[STDERR  ] 2017-09-07T11:21:45.217235692Z: [    1.946461] TCP established hash table entries: 8192 (order: 4, 65536 bytes)
[STDERR  ] 2017-09-07T11:21:45.217242667Z: [    1.947403] TCP bind hash table entries: 8192 (order: 5, 131072 bytes)
[STDERR  ] 2017-09-07T11:21:45.21724901Z: [    1.948115] TCP: Hash tables configured (established 8192 bind 8192)
[STDERR  ] 2017-09-07T11:21:45.217254686Z: [    1.950672] UDP hash table entries: 512 (order: 2, 16384 bytes)
[STDERR  ] 2017-09-07T11:21:45.217260623Z: [    1.951288] UDP-Lite hash table entries: 512 (order: 2, 16384 bytes)
[STDERR  ] 2017-09-07T11:21:45.21726857Z: [    1.954249] NET: Registered protocol family 1
[STDERR  ] 2017-09-07T11:21:45.217274306Z: [    1.955235] pci 0000:00:01.0: Video device with shadowed ROM at [mem 0x000c0000-0x000dffff]
[STDERR  ] 2017-09-07T11:21:45.217281605Z: [    1.964685] Unpacking initramfs...
[STDERR  ] 2017-09-07T11:21:45.217287226Z: [    6.030685] Freeing initrd memory: 23948K
[STDERR  ] 2017-09-07T11:21:45.217294099Z: [    6.059593] PCLMULQDQ-NI instructions are not detected.
[STDERR  ] 2017-09-07T11:21:45.217300405Z: [    6.061599] AVX or AES-NI instructions are not detected.
[STDERR  ] 2017-09-07T11:21:45.217306167Z: [    6.062072] CPU feature 'AVX registers' is not supported.
[STDERR  ] 2017-09-07T11:21:45.21731179Z: [    6.062531] CPU feature 'AVX registers' is not supported.
[STDERR  ] 2017-09-07T11:21:45.21731969Z: [    6.063012] CPU feature 'AVX registers' is not supported.
[STDERR  ] 2017-09-07T11:21:45.21732813Z: [    6.063446] CPU feature 'AVX registers' is not supported.
[STDERR  ] 2017-09-07T11:21:45.217335232Z: [    6.063904] AVX2 or AES-NI instructions are not detected.
[STDERR  ] 2017-09-07T11:21:45.217340987Z: [    6.064308] AVX2 instructions are not detected.
[STDERR  ] 2017-09-07T11:21:45.21734701Z: [    6.072937] audit: initializing netlink subsys (disabled)
[STDERR  ] 2017-09-07T11:21:45.217352715Z: [    6.075095] audit: type=2000 audit(1504783275.070:1): initialized
[STDERR  ] 2017-09-07T11:21:45.217358255Z: [    6.084030] workingset: timestamp_bits=46 max_order=18 bucket_order=0
[STDERR  ] 2017-09-07T11:21:45.217365236Z: [    6.092893] FS-Cache: Netfs 'cifs' registered for caching
[STDERR  ] 2017-09-07T11:21:45.217370706Z: [    6.094286] fuse init (API version 7.26)
[STDERR  ] 2017-09-07T11:21:45.21737643Z: [    6.099976] SGI XFS with ACLs, security attributes, no debug enabled
[STDERR  ] 2017-09-07T11:21:45.21738411Z: [    6.105216] 9p: Installing v9fs 9p2000 file system support
[STDERR  ] 2017-09-07T11:21:45.217389706Z: [    6.105873] FS-Cache: Netfs '9p' registered for caching
[STDERR  ] 2017-09-07T11:21:45.217395496Z: [    6.154027] NET: Registered protocol family 38
[STDERR  ] 2017-09-07T11:21:45.21740097Z: [    6.154768] Key type asymmetric registered
[STDERR  ] 2017-09-07T11:21:45.217406562Z: [    6.155209] Asymmetric key parser 'x509' registered
[STDERR  ] 2017-09-07T11:21:45.217412567Z: [    6.156320] Block layer SCSI generic (bsg) driver version 0.4 loaded (major 251)
[STDERR  ] 2017-09-07T11:21:45.217418363Z: [    6.158073] io scheduler noop registered
[STDERR  ] 2017-09-07T11:21:45.217424237Z: [    6.158536] io scheduler deadline registered (default)
[STDERR  ] 2017-09-07T11:21:45.2174309Z: [    6.159267] io scheduler cfq registered
[STDERR  ] 2017-09-07T11:21:45.217436332Z: [    6.164096] pci_hotplug: PCI Hot Plug PCI Core version: 0.5
[STDERR  ] 2017-09-07T11:21:45.217444866Z: [    6.164875] pciehp: PCI Express Hot Plug Controller Driver version: 0.4
[STDERR  ] 2017-09-07T11:21:45.217450986Z: [    6.165809] shpchp: Standard Hot Plug PCI Controller Driver version: 0.4
[STDERR  ] 2017-09-07T11:21:45.217457002Z: [    6.166779] hv_vmbus: registering driver hyperv_fb
[STDERR  ] 2017-09-07T11:21:45.217462572Z: [    6.171771] input: Power Button as /devices/LNXSYSTM:00/LNXPWRBN:00/input/input0
[STDERR  ] 2017-09-07T11:21:45.2174679Z: [    6.173186] ACPI: Power Button [PWRF]
[STDERR  ] 2017-09-07T11:21:45.217473252Z: [    6.180913] GHES: HEST is not enabled!
[STDERR  ] 2017-09-07T11:21:45.217478592Z: [    6.194536] ACPI: PCI Interrupt Link [GSIG] enabled at IRQ 22
[STDERR  ] 2017-09-07T11:21:45.217484997Z: [    6.208757] ACPI: PCI Interrupt Link [GSIH] enabled at IRQ 23
[STDERR  ] 2017-09-07T11:21:45.217491422Z: [    6.214222] xenfs: not registering filesystem on non-xen platform
[STDERR  ] 2017-09-07T11:21:45.217497216Z: [    6.217313] Serial: 8250/16550 driver, 4 ports, IRQ sharing disabled
[STDERR  ] 2017-09-07T11:21:45.217503895Z: [    6.243932] 00:04: ttyS0 at I/O 0x3f8 (irq = 4, base_baud = 115200) is a 16550A
[STDERR  ] 2017-09-07T11:21:45.217509342Z: [    6.257770] Non-volatile memory driver v1.3
[STDERR  ] 2017-09-07T11:21:45.217518105Z: [    6.266832] Hangcheck: starting hangcheck timer 0.9.1 (tick is 180 seconds, margin is 60 seconds).
[STDERR  ] 2017-09-07T11:21:45.217525032Z: [    6.314743] loop: module loaded
[STDERR  ] 2017-09-07T11:21:45.217531453Z: [    6.333883] nbd: registered device at major 43
[STDERR  ] 2017-09-07T11:21:45.217538277Z: [    6.386947] lpc_ich 0000:00:1f.0: I/O space for GPIO uninitialized
[STDERR  ] 2017-09-07T11:21:45.21754539Z: [    6.389198] VMware PVSCSI driver - version 1.0.7.0-k
[STDERR  ] 2017-09-07T11:21:45.217550887Z: [    6.390498] hv_vmbus: registering driver hv_storvsc
[STDERR  ] 2017-09-07T11:21:45.217558257Z: [    6.402776] ACPI: PCI Interrupt Link [GSIA] enabled at IRQ 16
[STDERR  ] 2017-09-07T11:21:45.217563963Z: [    6.411951] ahci 0000:00:1f.2: AHCI 0001.0000 32 slots 6 ports 1.5 Gbps 0x3f impl SATA mode
[STDERR  ] 2017-09-07T11:21:45.21757073Z: [    6.412421] ahci 0000:00:1f.2: flags: 64bit ncq only 
[STDERR  ] 2017-09-07T11:21:45.217576415Z: [    6.439407] scsi host0: ahci
[STDERR  ] 2017-09-07T11:21:45.217583732Z: [    6.445718] scsi host1: ahci
[STDERR  ] 2017-09-07T11:21:45.217589952Z: [    6.448795] scsi host2: ahci
[STDERR  ] 2017-09-07T11:21:45.21759553Z: [    6.451925] scsi host3: ahci
[STDERR  ] 2017-09-07T11:21:45.217600825Z: [    6.454991] scsi host4: ahci
[STDERR  ] 2017-09-07T11:21:45.217606272Z: [    6.457628] scsi host5: ahci
[STDERR  ] 2017-09-07T11:21:45.217611713Z: [    6.459988] ata1: SATA max UDMA/133 abar m4096@0xfebd2000 port 0xfebd2100 irq 24
[STDERR  ] 2017-09-07T11:21:45.21761771Z: [    6.460982] ata2: SATA max UDMA/133 abar m4096@0xfebd2000 port 0xfebd2180 irq 24
[STDERR  ] 2017-09-07T11:21:45.217625027Z: [    6.461515] ata3: SATA max UDMA/133 abar m4096@0xfebd2000 port 0xfebd2200 irq 24
[STDERR  ] 2017-09-07T11:21:45.217630907Z: [    6.461997] ata4: SATA max UDMA/133 abar m4096@0xfebd2000 port 0xfebd2280 irq 24
[STDERR  ] 2017-09-07T11:21:45.21763666Z: [    6.462463] ata5: SATA max UDMA/133 abar m4096@0xfebd2000 port 0xfebd2300 irq 24
[STDERR  ] 2017-09-07T11:21:45.217644087Z: [    6.462979] ata6: SATA max UDMA/133 abar m4096@0xfebd2000 port 0xfebd2380 irq 24
[STDERR  ] 2017-09-07T11:21:45.217649845Z: [    6.482005] tun: Universal TUN/TAP device driver, 1.6
[STDERR  ] 2017-09-07T11:21:45.217655157Z: [    6.482464] tun: (C) 1999-2004 Max Krasnyansky <maxk@qualcomm.com>
[STDERR  ] 2017-09-07T11:21:45.217662407Z: [    6.496547] VMware vmxnet3 virtual NIC driver - version 1.4.a.0-k-NAPI
[STDERR  ] 2017-09-07T11:21:45.217668362Z: [    6.497639] hv_vmbus: registering driver hv_netvsc
[STDERR  ] 2017-09-07T11:21:45.217674033Z: [    6.498072] Fusion MPT base driver 3.04.20
[STDERR  ] 2017-09-07T11:21:45.21767974Z: [    6.498373] Copyright (c) 1999-2008 LSI Corporation
[STDERR  ] 2017-09-07T11:21:45.21769015Z: [    6.499098] Fusion MPT SPI Host driver 3.04.20
[STDERR  ] 2017-09-07T11:21:45.217695882Z: [    6.502734] i8042: PNP: PS/2 Controller [PNP0303:KBD,PNP0f13:MOU] at 0x60,0x64 irq 1,12
[STDERR  ] 2017-09-07T11:21:45.217702535Z: [    6.507982] serio: i8042 KBD port at 0x60,0x64 irq 1
[STDERR  ] 2017-09-07T11:21:45.217708512Z: [    6.508795] serio: i8042 AUX port at 0x60,0x64 irq 12
[STDERR  ] 2017-09-07T11:21:45.217714142Z: [    6.512962] hv_vmbus: registering driver hyperv_keyboard
[STDERR  ] 2017-09-07T11:21:45.217719492Z: [    6.517039] mousedev: PS/2 mouse device common for all mice
[STDERR  ] 2017-09-07T11:21:45.217724745Z: [    6.523868] input: AT Translated Set 2 keyboard as /devices/platform/i8042/serio0/input/input1
[STDERR  ] 2017-09-07T11:21:45.217730303Z: [    6.527788] input: PC Speaker as /devices/platform/pcspkr/input/input2
[STDERR  ] 2017-09-07T11:21:45.217737127Z: [    6.532953] rtc_cmos 00:00: RTC can wake from S4
[STDERR  ] 2017-09-07T11:21:45.217742981Z: [    6.536709] rtc_cmos 00:00: rtc core: registered rtc_cmos as rtc0
[STDERR  ] 2017-09-07T11:21:45.217748337Z: [    6.538183] rtc_cmos 00:00: alarms up to one day, y3k, 114 bytes nvram, hpet irqs
[STDERR  ] 2017-09-07T11:21:45.217757261Z: [    6.538917] i2c /dev entries driver
[STDERR  ] 2017-09-07T11:21:45.217763429Z: [    6.542050] device-mapper: ioctl: 4.35.0-ioctl (2016-06-23) initialised: dm-devel@redhat.com
[STDERR  ] 2017-09-07T11:21:45.217768936Z: [    6.547691] usbcore: registered new interface driver usbhid
[STDERR  ] 2017-09-07T11:21:45.217776416Z: [    6.548128] usbhid: USB HID core driver
[STDERR  ] 2017-09-07T11:21:45.217782924Z: [    6.548716] hv_utils: Registering HyperV Utility Driver
[STDERR  ] 2017-09-07T11:21:45.217788531Z: [    6.549079] hv_vmbus: registering driver hv_util
[STDERR  ] 2017-09-07T11:21:45.21779407Z: [    6.549426] hv_vmbus: registering driver hv_balloon
[STDERR  ] 2017-09-07T11:21:45.217799831Z: [    6.550012] oprofile: using NMI interrupt.
[STDERR  ] 2017-09-07T11:21:45.217805266Z: [    6.551754] GACT probability on
[STDERR  ] 2017-09-07T11:21:45.217812006Z: [    6.552290] Mirror/redirect action on
[STDERR  ] 2017-09-07T11:21:45.217822879Z: [    6.553143] Simple TC action Loaded
[STDERR  ] 2017-09-07T11:21:45.217828589Z: [    6.553988] u32 classifier
[STDERR  ] 2017-09-07T11:21:45.217834442Z: [    6.554183]     Performance counters on
[STDERR  ] 2017-09-07T11:21:45.217840182Z: [    6.554428]     input device check on
[STDERR  ] 2017-09-07T11:21:45.217845691Z: [    6.554680]     Actions configured
[STDERR  ] 2017-09-07T11:21:45.217851342Z: [    6.555298] Netfilter messages via NETLINK v0.30.
[STDERR  ] 2017-09-07T11:21:45.217856889Z: [    6.555927] nfnl_acct: registering with nfnetlink.
[STDERR  ] 2017-09-07T11:21:45.217862641Z: [    6.557338] nf_conntrack version 0.5.0 (8192 buckets, 32768 max)
[STDERR  ] 2017-09-07T11:21:45.217868519Z: [    6.560858] ctnetlink v0.93: registering with nfnetlink.
[STDERR  ] 2017-09-07T11:21:45.21787389Z: [    6.564203] nf_tables: (c) 2007-2009 Patrick McHardy <kaber@trash.net>
[STDERR  ] 2017-09-07T11:21:45.21788002Z: [    6.565074] nf_tables_compat: (c) 2012 Pablo Neira Ayuso <pablo@netfilter.org>
[STDERR  ] 2017-09-07T11:21:45.217887706Z: [    6.567805] xt_time: kernel timezone is -0000
[STDERR  ] 2017-09-07T11:21:45.217897516Z: [    6.568464] ip_set: protocol 6
[STDERR  ] 2017-09-07T11:21:45.217907696Z: [    6.569354] IPVS: Registered protocols (TCP, UDP, SCTP, AH, ESP)
[STDERR  ] 2017-09-07T11:21:45.217918656Z: [    6.570079] IPVS: Connection hash table configured (size=4096, memory=64Kbytes)
[STDERR  ] 2017-09-07T11:21:45.217928627Z: [    6.572497] IPVS: Creating netns size=2104 id=0
[STDERR  ] 2017-09-07T11:21:45.217937837Z: [    6.575320] IPVS: ipvs loaded.
[STDERR  ] 2017-09-07T11:21:45.217944474Z: [    6.575714] IPVS: [rr] scheduler registered.
[STDERR  ] 2017-09-07T11:21:45.21795015Z: [    6.576089] IPVS: [wrr] scheduler registered.
[STDERR  ] 2017-09-07T11:21:45.217956239Z: [    6.576379] IPVS: [lc] scheduler registered.
[STDERR  ] 2017-09-07T11:21:45.217967934Z: [    6.576669] IPVS: [wlc] scheduler registered.
[STDERR  ] 2017-09-07T11:21:45.21797386Z: [    6.576972] IPVS: [fo] scheduler registered.
[STDERR  ] 2017-09-07T11:21:45.217979994Z: [    6.577277] IPVS: [ovf] scheduler registered.
[STDERR  ] 2017-09-07T11:21:45.217985621Z: [    6.577740] IPVS: [lblc] scheduler registered.
[STDERR  ] 2017-09-07T11:21:45.217991151Z: [    6.578221] IPVS: [lblcr] scheduler registered.
[STDERR  ] 2017-09-07T11:21:45.217996797Z: [    6.578508] IPVS: [dh] scheduler registered.
[STDERR  ] 2017-09-07T11:21:45.21800772Z: [    6.578834] IPVS: [sh] scheduler registered.
[STDERR  ] 2017-09-07T11:21:45.218013167Z: [    6.579120] IPVS: [sed] scheduler registered.
[STDERR  ] 2017-09-07T11:21:45.218018749Z: [    6.579375] IPVS: [nq] scheduler registered.
[STDERR  ] 2017-09-07T11:21:45.218036391Z: [    6.580625] IPVS: ftp: loaded support on port[0] = 21
[STDERR  ] 2017-09-07T11:21:45.218045007Z: [    6.581787] ipip: IPv4 and MPLS over IPv4 tunneling driver
[STDERR  ] 2017-09-07T11:21:45.21805085Z: [    6.587247] gre: GRE over IPv4 demultiplexor driver
[STDERR  ] 2017-09-07T11:21:45.218057461Z: [    6.590938] ip_tables: (C) 2000-2006 Netfilter Core Team
[STDERR  ] 2017-09-07T11:21:45.218066341Z: [    6.594434] ipt_CLUSTERIP: ClusterIP Version 0.8 loaded successfully
[STDERR  ] 2017-09-07T11:21:45.218073667Z: [    6.595312] arp_tables: arp_tables: (C) 2002 David S. Miller
[STDERR  ] 2017-09-07T11:21:45.218080872Z: [    6.597979] NET: Registered protocol family 10
[STDERR  ] 2017-09-07T11:21:45.218086402Z: [    6.610860] ip6_tables: (C) 2000-2006 Netfilter Core Team
[STDERR  ] 2017-09-07T11:21:45.218092212Z: [    6.621305] NET: Registered protocol family 17
[STDERR  ] 2017-09-07T11:21:45.218097884Z: [    6.622544] Bridge firewalling registered
[STDERR  ] 2017-09-07T11:21:45.218103622Z: [    6.623235] Ebtables v2.0 registered
[STDERR  ] 2017-09-07T11:21:45.218109047Z: [    6.625329] 8021q: 802.1Q VLAN Support v1.8
[STDERR  ] 2017-09-07T11:21:45.218114602Z: [    6.627080] 9pnet: Installing 9P2000 support
[STDERR  ] 2017-09-07T11:21:45.218120122Z: [    6.628802] Key type dns_resolver registered
[STDERR  ] 2017-09-07T11:21:45.218128777Z: [    6.629907] microcode: AMD CPU family 0x6 not supported
[STDERR  ] 2017-09-07T11:21:45.218134974Z: [    6.634681] registered taskstats version 1
[STDERR  ] 2017-09-07T11:21:45.218142374Z: [    6.831183] ata6: SATA link down (SStatus 0 SControl 300)
[STDERR  ] 2017-09-07T11:21:45.218148439Z: [    6.833465] ata5: SATA link down (SStatus 0 SControl 300)
[STDERR  ] 2017-09-07T11:21:45.218154314Z: [    6.834040] ata4: SATA link down (SStatus 0 SControl 300)
[STDERR  ] 2017-09-07T11:21:45.218159847Z: [    6.834978] ata3: SATA link up 1.5 Gbps (SStatus 113 SControl 300)
[STDERR  ] 2017-09-07T11:21:45.218166146Z: [    6.839288] ata3.00: ATAPI: QEMU DVD-ROM, 2.5+, max UDMA/100
[STDERR  ] 2017-09-07T11:21:45.218173002Z: [    6.839891] ata3.00: applying bridge limits
[STDERR  ] 2017-09-07T11:21:45.218178422Z: [    6.842025] ata2: SATA link down (SStatus 0 SControl 300)
[STDERR  ] 2017-09-07T11:21:45.218183992Z: [    6.842525] ata1: SATA link down (SStatus 0 SControl 300)
[STDERR  ] 2017-09-07T11:21:45.218189492Z: [    6.844962] ata3.00: configured for UDMA/100
[STDERR  ] 2017-09-07T11:21:45.21819488Z: [    6.860922] scsi 2:0:0:0: CD-ROM            QEMU     QEMU DVD-ROM     2.5+ PQ: 0 ANSI: 5
[STDERR  ] 2017-09-07T11:21:45.218201354Z: [    6.884214] sr 2:0:0:0: [sr0] scsi3-mmc drive: 4x/4x cd/rw xa/form2 tray
[STDERR  ] 2017-09-07T11:21:45.218207147Z: [    6.885029] cdrom: Uniform CD-ROM driver Revision: 3.20
[STDERR  ] 2017-09-07T11:21:45.218212494Z: [    6.906167] sr 2:0:0:0: Attached scsi generic sg0 type 5
[STDERR  ] 2017-09-07T11:21:45.21821818Z: [    6.950444] Key type big_key registered
[STDERR  ] 2017-09-07T11:21:45.218223489Z: [    7.022668] Key type encrypted registered
[STDERR  ] 2017-09-07T11:21:45.218228822Z: [    7.028888] rtc_cmos 00:00: setting system clock to 2017-09-07 11:21:17 UTC (1504783277)
[STDERR  ] 2017-09-07T11:21:45.218239479Z: [    7.040874] tsc: Refined TSC clocksource calibration: 2600.001 MHz
[STDERR  ] 2017-09-07T11:21:45.218245519Z: [    7.041419] clocksource: tsc: mask: 0xffffffffffffffff max_cycles: 0x257a3ce1c4c, max_idle_ns: 440795206275 ns
[STDERR  ] 2017-09-07T11:21:45.218251464Z: [    7.249981] Freeing unused kernel memory: 1380K
[STDERR  ] 2017-09-07T11:21:45.218257037Z: [    7.251190] Write protecting the kernel read-only data: 12288k
[STDERR  ] 2017-09-07T11:21:45.218262469Z: [    7.259843] Freeing unused kernel memory: 144K
[STDERR  ] 2017-09-07T11:21:45.218267736Z: [    7.404734] Freeing unused kernel memory: 1400K
[STDERR  ] 2017-09-07T11:21:45.218273502Z: [    8.056411] clocksource: Switched to clocksource tsc
[STDERR  ] 2017-09-07T11:21:45.218278812Z: 
[STDERR  ] 2017-09-07T11:21:45.218284534Z: Welcome to LinuxKit
[STDERR  ] 2017-09-07T11:21:45.218291046Z: 
[STDERR  ] 2017-09-07T11:21:45.21829679Z:                         ##         .
[STDERR  ] 2017-09-07T11:21:45.218302422Z:                   ## ## ##        ==
[STDERR  ] 2017-09-07T11:21:45.218309412Z:                ## ## ## ## ##    ===
[STDERR  ] 2017-09-07T11:21:45.218316254Z:            /"""""""""""""""""\___/ ===
[STDERR  ] 2017-09-07T11:21:45.218326127Z:           {                       /  ===-
[STDERR  ] 2017-09-07T11:21:45.218343744Z:            \______ O           __/
[STDERR  ] 2017-09-07T11:21:45.21835034Z:              \    \         __/
[STDERR  ] 2017-09-07T11:21:45.218356134Z:               \____\_______/
[STDERR  ] 2017-09-07T11:21:45.21836149Z: 
[STDERR  ] 2017-09-07T11:21:45.218367442Z: [   21.158340] 8021q: adding VLAN 0 to HW filter on device eth0
[STDERR  ] 2017-09-07T11:21:45.218373084Z: eth0: waiting for carrier
[STDERR  ] 2017-09-07T11:21:45.218378459Z: eth0: carrier acquired
[STDERR  ] 2017-09-07T11:21:45.218383822Z: DUID 00:01:00:01:21:43:e8:3a:1a:e4:9c:61:f7:71
[STDERR  ] 2017-09-07T11:21:45.218389092Z: eth0: IAID 9c:61:f7:71
[STDERR  ] 2017-09-07T11:21:45.218395936Z: [   21.246315] random: fast init done
[STDERR  ] 2017-09-07T11:21:45.218401362Z: eth0: adding address fe80::6836:e0a8:53dc:ea6
[STDERR  ] 2017-09-07T11:21:45.218406566Z: eth0: soliciting an IPv6 router
[STDERR  ] 2017-09-07T11:21:45.218412392Z: eth0: soliciting a DHCP lease
[STDERR  ] 2017-09-07T11:21:45.218417836Z: eth0: offered 10.0.2.15 from 10.0.2.2
[STDERR  ] 2017-09-07T11:21:45.218423152Z: eth0: leased 10.0.2.15 for 86400 seconds
[STDERR  ] 2017-09-07T11:21:45.218428567Z: eth0: adding route to 10.0.2.0/24
[STDERR  ] 2017-09-07T11:21:45.218433952Z: eth0: adding default route via 10.0.2.2
[STDERR  ] 2017-09-07T11:21:45.218439406Z: exiting due to oneshot
[STDERR  ] 2017-09-07T11:21:45.218444856Z: dhcpcd exited
[STDERR  ] 2017-09-07T11:21:45.218450427Z: dhcpcd test suite PASSED
[STDERR  ] 2017-09-07T11:21:45.21845595Z: [   34.727344] ACPI: Preparing to enter system sleep state S5
[STDERR  ] 2017-09-07T11:21:45.218464334Z: [   34.729105] reboot: Power down
[STDERR  ] 2017-09-07T11:21:45.218469753Z: + echo [    0.000000] Linux version 4.9.47-linuxkit (root@e1ede117fb1e) (gcc version 6.3.0 (Alpine 6.3.0) ) #1 SMP Mon Sep 4 16:11:11 UTC 2017
[STDERR  ] 2017-09-07T11:21:45.218476019Z: [    0.000000] Command line: console=ttyS0 page_poison=1
[STDERR  ] 2017-09-07T11:21:45.218482976Z: [    0.000000] x86/fpu: Legacy x87 FPU detected.
[STDERR  ] 2017-09-07T11:21:45.218488442Z: [    0.000000] x86/fpu: Using 'eager' FPU context switches.
[STDERR  ] 2017-09-07T11:21:45.218493727Z: [    0.000000] e820: BIOS-provided physical RAM map:
[STDERR  ] 2017-09-07T11:21:45.218499036Z: [    0.000000] BIOS-e820: [mem 0x0000000000000000-0x000000000009fbff] usable
[STDERR  ] 2017-09-07T11:21:45.218505397Z: [    0.000000] BIOS-e820: [mem 0x000000000009fc00-0x000000000009ffff] reserved
[STDERR  ] 2017-09-07T11:21:45.218511737Z: [    0.000000] BIOS-e820: [mem 0x00000000000f0000-0x00000000000fffff] reserved
[STDERR  ] 2017-09-07T11:21:45.218517346Z: [    0.000000] BIOS-e820: [mem 0x0000000000100000-0x000000003ffdefff] usable
[STDERR  ] 2017-09-07T11:21:45.218528666Z: [    0.000000] BIOS-e820: [mem 0x000000003ffdf000-0x000000003fffffff] reserved
[STDERR  ] 2017-09-07T11:21:45.218535153Z: [    0.000000] BIOS-e820: [mem 0x00000000b0000000-0x00000000bfffffff] reserved
[STDERR  ] 2017-09-07T11:21:45.218540944Z: [    0.000000] BIOS-e820: [mem 0x00000000fed1c000-0x00000000fed1ffff] reserved
[STDERR  ] 2017-09-07T11:21:45.21854653Z: [    0.000000] BIOS-e820: [mem 0x00000000fffc0000-0x00000000ffffffff] reserved
[STDERR  ] 2017-09-07T11:21:45.218551834Z: [    0.000000] NX (Execute Disable) protection: active
[STDERR  ] 2017-09-07T11:21:45.218557349Z: [    0.000000] SMBIOS 2.8 present.
[STDERR  ] 2017-09-07T11:21:45.218563157Z: [    0.000000] e820: last_pfn = 0x3ffdf max_arch_pfn = 0x400000000
[STDERR  ] 2017-09-07T11:21:45.218568822Z: [    0.000000] x86/PAT: Configuration [0-7]: WB  WC  UC- UC  WB  WC  UC- WT  
[STDERR  ] 2017-09-07T11:21:45.218574177Z: [    0.000000] found SMP MP-table at [mem 0x000f6aa0-0x000f6aaf] mapped at [ffff8996000f6aa0]
[STDERR  ] 2017-09-07T11:21:45.21858007Z: [    0.000000] RAMDISK: [mem 0x3e86d000-0x3ffcffff]
[STDERR  ] 2017-09-07T11:21:45.218585413Z: [    0.000000] ACPI: Early table checksum verification disabled
[STDERR  ] 2017-09-07T11:21:45.218591252Z: [    0.000000] ACPI: RSDP 0x00000000000F68C0 000014 (v00 BOCHS )
[STDERR  ] 2017-09-07T11:21:45.218602552Z: [    0.000000] ACPI: RSDT 0x000000003FFE2404 000034 (v01 BOCHS  BXPCRSDT 00000001 BXPC 00000001)
[STDERR  ] 2017-09-07T11:21:45.218608976Z: [    0.000000] ACPI: FACP 0x000000003FFE22A4 000074 (v01 BOCHS  BXPCFACP 00000001 BXPC 00000001)
[STDERR  ] 2017-09-07T11:21:45.218615307Z: [    0.000000] ACPI: DSDT 0x000000003FFE0040 002264 (v01 BOCHS  BXPCDSDT 00000001 BXPC 00000001)
[STDERR  ] 2017-09-07T11:21:45.218620663Z: [    0.000000] ACPI: FACS 0x000000003FFE0000 000040
[STDERR  ] 2017-09-07T11:21:45.218626029Z: [    0.000000] ACPI: APIC 0x000000003FFE2318 000078 (v01 BOCHS  BXPCAPIC 00000001 BXPC 00000001)
[STDERR  ] 2017-09-07T11:21:45.218632532Z: [    0.000000] ACPI: HPET 0x000000003FFE2390 000038 (v01 BOCHS  BXPCHPET 00000001 BXPC 00000001)
[STDERR  ] 2017-09-07T11:21:45.218638696Z: [    0.000000] ACPI: MCFG 0x000000003FFE23C8 00003C (v01 BOCHS  BXPCMCFG 00000001 BXPC 00000001)
[STDERR  ] 2017-09-07T11:21:45.218644119Z: [    0.000000] Zone ranges:
[STDERR  ] 2017-09-07T11:21:45.218649826Z: [    0.000000]   DMA      [mem 0x0000000000001000-0x0000000000ffffff]
[STDERR  ] 2017-09-07T11:21:45.218655184Z: [    0.000000]   DMA32    [mem 0x0000000001000000-0x000000003ffdefff]
[STDERR  ] 2017-09-07T11:21:45.218661996Z: [    0.000000]   Normal   empty
[STDERR  ] 2017-09-07T11:21:45.218671426Z: [    0.000000] Movable zone start for each node
[STDERR  ] 2017-09-07T11:21:45.218676984Z: [    0.000000] Early memory node ranges
[STDERR  ] 2017-09-07T11:21:45.21868229Z: [    0.000000]   node   0: [mem 0x0000000000001000-0x000000000009efff]
[STDERR  ] 2017-09-07T11:21:45.218688839Z: [    0.000000]   node   0: [mem 0x0000000000100000-0x000000003ffdefff]
[STDERR  ] 2017-09-07T11:21:45.218694553Z: [    0.000000] Initmem setup node 0 [mem 0x0000000000001000-0x000000003ffdefff]
[STDERR  ] 2017-09-07T11:21:45.218699923Z: [    0.000000] ACPI: PM-Timer IO Port: 0x608
[STDERR  ] 2017-09-07T11:21:45.218705364Z: [    0.000000] ACPI: LAPIC_NMI (acpi_id[0xff] dfl dfl lint[0x1])
[STDERR  ] 2017-09-07T11:21:45.218712772Z: [    0.000000] IOAPIC[0]: apic_id 0, version 32, address 0xfec00000, GSI 0-23
[STDERR  ] 2017-09-07T11:21:45.21871833Z: [    0.000000] ACPI: INT_SRC_OVR (bus 0 bus_irq 0 global_irq 2 dfl dfl)
[STDERR  ] 2017-09-07T11:21:45.218723722Z: [    0.000000] ACPI: INT_SRC_OVR (bus 0 bus_irq 5 global_irq 5 high level)
[STDERR  ] 2017-09-07T11:21:45.218729146Z: [    0.000000] ACPI: INT_SRC_OVR (bus 0 bus_irq 9 global_irq 9 high level)
[STDERR  ] 2017-09-07T11:21:45.218736322Z: [    0.000000] ACPI: INT_SRC_OVR (bus 0 bus_irq 10 global_irq 10 high level)
[STDERR  ] 2017-09-07T11:21:45.218742549Z: [    0.000000] ACPI: INT_SRC_OVR (bus 0 bus_irq 11 global_irq 11 high level)
[STDERR  ] 2017-09-07T11:21:45.218747842Z: [    0.000000] Using ACPI (MADT) for SMP configuration information
[STDERR  ] 2017-09-07T11:21:45.218757629Z: [    0.000000] ACPI: HPET id: 0x8086a201 base: 0xfed00000
[STDERR  ] 2017-09-07T11:21:45.218763663Z: [    0.000000] smpboot: Allowing 1 CPUs, 0 hotplug CPUs
[STDERR  ] 2017-09-07T11:21:45.218769304Z: [    0.000000] e820: [mem 0x40000000-0xafffffff] available for PCI devices
[STDERR  ] 2017-09-07T11:21:45.218774857Z: [    0.000000] Booting paravirtualized kernel on bare hardware
[STDERR  ] 2017-09-07T11:21:45.218780412Z: [    0.000000] clocksource: refined-jiffies: mask: 0xffffffff max_cycles: 0xffffffff, max_idle_ns: 19112604462750000 ns
[STDERR  ] 2017-09-07T11:21:45.218786882Z: [    0.000000] setup_percpu: NR_CPUS:128 nr_cpumask_bits:128 nr_cpu_ids:1 nr_node_ids:1
[STDERR  ] 2017-09-07T11:21:45.21879248Z: [    0.000000] percpu: Embedded 35 pages/cpu @ffff89963e600000 s105240 r8192 d29928 u2097152
[STDERR  ] 2017-09-07T11:21:45.218797889Z: [    0.000000] Built 1 zonelists in Zone order, mobility grouping on.  Total pages: 257896
[STDERR  ] 2017-09-07T11:21:45.218803243Z: [    0.000000] Kernel command line: console=ttyS0 page_poison=1
[STDERR  ] 2017-09-07T11:21:45.21880878Z: [    0.000000] PID hash table entries: 4096 (order: 3, 32768 bytes)
[STDERR  ] 2017-09-07T11:21:45.218820762Z: [    0.000000] Dentry cache hash table entries: 131072 (order: 8, 1048576 bytes)
[STDERR  ] 2017-09-07T11:21:45.218829944Z: [    0.000000] Inode-cache hash table entries: 65536 (order: 7, 524288 bytes)
[STDERR  ] 2017-09-07T11:21:45.218836454Z: [    0.000000] Memory: 990224K/1048052K available (8032K kernel code, 1366K rwdata, 2696K rodata, 1380K init, 568K bss, 57828K reserved, 0K cma-reserved)
[STDERR  ] 2017-09-07T11:21:45.218843165Z: [    0.000000] Hierarchical RCU implementation.
[STDERR  ] 2017-09-07T11:21:45.218848616Z: [    0.000000] 	Build-time adjustment of leaf fanout to 64.
[STDERR  ] 2017-09-07T11:21:45.21885468Z: [    0.000000] 	RCU restricting CPUs from NR_CPUS=128 to nr_cpu_ids=1.
[STDERR  ] 2017-09-07T11:21:45.218860606Z: [    0.000000] RCU: Adjusting geometry for rcu_fanout_leaf=64, nr_cpu_ids=1
[STDERR  ] 2017-09-07T11:21:45.218867647Z: [    0.000000] NR_IRQS:8448 nr_irqs:256 16
[STDERR  ] 2017-09-07T11:21:45.218874056Z: [    0.000000] Console: colour VGA+ 80x25
[STDERR  ] 2017-09-07T11:21:45.218879502Z: [    0.000000] console [ttyS0] enabled
[STDERR  ] 2017-09-07T11:21:45.218884826Z: [    0.000000] allocated 2097152 bytes of page_ext
[STDERR  ] 2017-09-07T11:21:45.21889016Z: [    0.000000] clocksource: hpet: mask: 0xffffffff max_cycles: 0xffffffff, max_idle_ns: 19112604467 ns
[STDERR  ] 2017-09-07T11:21:45.218896296Z: [    0.000000] tsc: Unable to calibrate against PIT
[STDERR  ] 2017-09-07T11:21:45.218905936Z: [    0.000000] tsc: using HPET reference calibration
[STDERR  ] 2017-09-07T11:21:45.218912415Z: [    0.000000] tsc: Detected 2600.022 MHz processor
[STDERR  ] 2017-09-07T11:21:45.218917899Z: [    0.052535] Calibrating delay loop (skipped), value calculated using timer frequency.. 5200.04 BogoMIPS (lpj=26000220)
[STDERR  ] 2017-09-07T11:21:45.218923592Z: [    0.053853] pid_max: default: 32768 minimum: 301
[STDERR  ] 2017-09-07T11:21:45.218928866Z: [    0.054939] ACPI: Core revision 20160831
[STDERR  ] 2017-09-07T11:21:45.21893438Z: [    0.103536] ACPI: 1 ACPI AML tables successfully acquired and loaded
[STDERR  ] 2017-09-07T11:21:45.218940565Z: [    0.108578] Security Framework initialized
[STDERR  ] 2017-09-07T11:21:45.218946042Z: [    0.109039] Yama: becoming mindful.
[STDERR  ] 2017-09-07T11:21:45.218951717Z: [    0.111402] Mount-cache hash table entries: 2048 (order: 2, 16384 bytes)
[STDERR  ] 2017-09-07T11:21:45.2189594Z: [    0.111988] Mountpoint-cache hash table entries: 2048 (order: 2, 16384 bytes)
[STDERR  ] 2017-09-07T11:21:45.218966519Z: [    0.134783] Last level iTLB entries: 4KB 0, 2MB 0, 4MB 0
[STDERR  ] 2017-09-07T11:21:45.218972529Z: [    0.135271] Last level dTLB entries: 4KB 0, 2MB 0, 4MB 0, 1GB 0
[STDERR  ] 2017-09-07T11:21:45.218979483Z: [    0.477533] Freeing SMP alternatives memory: 20K
[STDERR  ] 2017-09-07T11:21:45.218988495Z: [    0.488942] ftrace: allocating 35509 entries in 139 pages
[STDERR  ] 2017-09-07T11:21:45.218994585Z: [    0.678455] smpboot: Max logical packages: 1
[STDERR  ] 2017-09-07T11:21:45.219003816Z: [    0.686207] ..TIMER: vector=0x30 apic1=0 pin1=2 apic2=-1 pin2=-1
[STDERR  ] 2017-09-07T11:21:45.219009572Z: [    0.790000] smpboot: CPU0: AMD QEMU Virtual CPU version 2.5+ (family: 0x6, model: 0x6, stepping: 0x3)
[STDERR  ] 2017-09-07T11:21:45.21901561Z: [    0.790000] Performance Events: PMU not available due to virtualization, using software events only.
[STDERR  ] 2017-09-07T11:21:45.2190249Z: [    0.802034] NMI watchdog: disabled (cpu0): hardware events not enabled
[STDERR  ] 2017-09-07T11:21:45.219031166Z: [    0.802515] NMI watchdog: Shutting down hard lockup detector on all cpus
[STDERR  ] 2017-09-07T11:21:45.219036949Z: [    0.806508] x86: Booted up 1 node, 1 CPUs
[STDERR  ] 2017-09-07T11:21:45.219042393Z: [    0.806954] smpboot: Total of 1 processors activated (5200.04 BogoMIPS)
[STDERR  ] 2017-09-07T11:21:45.219050096Z: [    0.824254] devtmpfs: initialized
[STDERR  ] 2017-09-07T11:21:45.219055919Z: [    0.831845] x86/mm: Memory block size: 128MB
[STDERR  ] 2017-09-07T11:21:45.219061425Z: [    0.906397] clocksource: jiffies: mask: 0xffffffff max_cycles: 0xffffffff, max_idle_ns: 19112604462750000 ns
[STDERR  ] 2017-09-07T11:21:45.219069987Z: [    0.907421] futex hash table entries: 256 (order: 2, 16384 bytes)
[STDERR  ] 2017-09-07T11:21:45.219076119Z: [    0.918583] NET: Registered protocol family 16
[STDERR  ] 2017-09-07T11:21:45.219083042Z: [    0.932579] cpuidle: using governor ladder
[STDERR  ] 2017-09-07T11:21:45.219088513Z: [    0.933033] cpuidle: using governor menu
[STDERR  ] 2017-09-07T11:21:45.219093962Z: [    0.934755] ACPI: bus type PCI registered
[STDERR  ] 2017-09-07T11:21:45.219099316Z: [    0.938844] PCI: MMCONFIG for domain 0000 [bus 00-ff] at [mem 0xb0000000-0xbfffffff] (base 0xb0000000)
[STDERR  ] 2017-09-07T11:21:45.219105673Z: [    0.939634] PCI: MMCONFIG at [mem 0xb0000000-0xbfffffff] reserved in E820
[STDERR  ] 2017-09-07T11:21:45.219111682Z: [    0.941065] PCI: Using configuration type 1 for base access
[STDERR  ] 2017-09-07T11:21:45.219119105Z: [    1.013195] HugeTLB registered 2 MB page size, pre-allocated 0 pages
[STDERR  ] 2017-09-07T11:21:45.219125323Z: [    1.033392] ACPI: Added _OSI(Module Device)
[STDERR  ] 2017-09-07T11:21:45.219130993Z: [    1.033681] ACPI: Added _OSI(Processor Device)
[STDERR  ] 2017-09-07T11:21:45.219136449Z: [    1.034065] ACPI: Added _OSI(3.0 _SCP Extensions)
[STDERR  ] 2017-09-07T11:21:45.219141886Z: [    1.034294] ACPI: Added _OSI(Processor Aggregator Device)
[STDERR  ] 2017-09-07T11:21:45.219147702Z: [    1.132802] ACPI: Interpreter enabled
[STDERR  ] 2017-09-07T11:21:45.2191532Z: [    1.133730] ACPI: (supports S0 S5)
[STDERR  ] 2017-09-07T11:21:45.219159126Z: [    1.134063] ACPI: Using IOAPIC for interrupt routing
[STDERR  ] 2017-09-07T11:21:45.219165765Z: [    1.136869] PCI: Using host bridge windows from ACPI; if necessary, use "pci=nocrs" and report a bug
[STDERR  ] 2017-09-07T11:21:45.219171209Z: [    1.215776] ACPI: PCI Root Bridge [PCI0] (domain 0000 [bus 00-ff])
[STDERR  ] 2017-09-07T11:21:45.219176967Z: [    1.216958] acpi PNP0A08:00: _OSC: OS supports [ExtendedConfig ASPM ClockPM Segments MSI]
[STDERR  ] 2017-09-07T11:21:45.219184583Z: [    1.224213] acpi PNP0A08:00: _OSC: OS now controls [PCIeHotplug PME PCIeCapability]
[STDERR  ] 2017-09-07T11:21:45.219190372Z: [    1.228876] PCI host bridge to bus 0000:00
[STDERR  ] 2017-09-07T11:21:45.219195713Z: [    1.229339] pci_bus 0000:00: root bus resource [io  0x0000-0x0cf7 window]
[STDERR  ] 2017-09-07T11:21:45.219201169Z: [    1.229834] pci_bus 0000:00: root bus resource [io  0x0d00-0xffff window]
[STDERR  ] 2017-09-07T11:21:45.219206473Z: [    1.230176] pci_bus 0000:00: root bus resource [mem 0x000a0000-0x000bffff window]
[STDERR  ] 2017-09-07T11:21:45.219211686Z: [    1.230656] pci_bus 0000:00: root bus resource [mem 0xc0000000-0xfebfffff window]
[STDERR  ] 2017-09-07T11:21:45.219221112Z: [    1.231352] pci_bus 0000:00: root bus resource [bus 00-ff]
[STDERR  ] 2017-09-07T11:21:45.219226847Z: [    1.361748] pci 0000:00:1f.0: quirk: [io  0x0600-0x067f] claimed by ICH6 ACPI/GPIO/TCO
[STDERR  ] 2017-09-07T11:21:45.219232319Z: [    1.436889] ACPI: PCI Interrupt Link [LNKA] (IRQs 5 *10 11)
[STDERR  ] 2017-09-07T11:21:45.219237917Z: [    1.440188] ACPI: PCI Interrupt Link [LNKB] (IRQs 5 *10 11)
[STDERR  ] 2017-09-07T11:21:45.219243182Z: [    1.442656] ACPI: PCI Interrupt Link [LNKC] (IRQs 5 10 *11)
[STDERR  ] 2017-09-07T11:21:45.219248479Z: [    1.444877] ACPI: PCI Interrupt Link [LNKD] (IRQs 5 10 *11)
[STDERR  ] 2017-09-07T11:21:45.21925383Z: [    1.447221] ACPI: PCI Interrupt Link [LNKE] (IRQs 5 *10 11)
[STDERR  ] 2017-09-07T11:21:45.21925941Z: [    1.449194] ACPI: PCI Interrupt Link [LNKF] (IRQs 5 *10 11)
[STDERR  ] 2017-09-07T11:21:45.219266036Z: [    1.451647] ACPI: PCI Interrupt Link [LNKG] (IRQs 5 10 *11)
[STDERR  ] 2017-09-07T11:21:45.219271305Z: [    1.454010] ACPI: PCI Interrupt Link [LNKH] (IRQs 5 10 *11)
[STDERR  ] 2017-09-07T11:21:45.219277562Z: [    1.455029] ACPI: PCI Interrupt Link [GSIA] (IRQs *16)
[STDERR  ] 2017-09-07T11:21:45.219283356Z: [    1.455811] ACPI: PCI Interrupt Link [GSIB] (IRQs *17)
[STDERR  ] 2017-09-07T11:21:45.219291165Z: [    1.456520] ACPI: PCI Interrupt Link [GSIC] (IRQs *18)
[STDERR  ] 2017-09-07T11:21:45.219296619Z: [    1.457260] ACPI: PCI Interrupt Link [GSID] (IRQs *19)
[STDERR  ] 2017-09-07T11:21:45.219302043Z: [    1.457967] ACPI: PCI Interrupt Link [GSIE] (IRQs *20)
[STDERR  ] 2017-09-07T11:21:45.219307309Z: [    1.460127] ACPI: PCI Interrupt Link [GSIF] (IRQs *21)
[STDERR  ] 2017-09-07T11:21:45.219318697Z: [    1.460986] ACPI: PCI Interrupt Link [GSIG] (IRQs *22)
[STDERR  ] 2017-09-07T11:21:45.219325033Z: [    1.461812] ACPI: PCI Interrupt Link [GSIH] (IRQs *23)
[STDERR  ] 2017-09-07T11:21:45.219330983Z: [    1.466510] ACPI: Enabled 2 GPEs in block 00 to 3F
[STDERR  ] 2017-09-07T11:21:45.219336813Z: [    1.472445] SCSI subsystem initialized
[STDERR  ] 2017-09-07T11:21:45.219347186Z: [    1.474721] ACPI: bus type USB registered
[STDERR  ] 2017-09-07T11:21:45.21935472Z: [    1.475924] usbcore: registered new interface driver usbfs
[STDERR  ] 2017-09-07T11:21:45.219360699Z: [    1.477068] usbcore: registered new interface driver hub
[STDERR  ] 2017-09-07T11:21:45.219370862Z: [    1.478224] usbcore: registered new device driver usb
[STDERR  ] 2017-09-07T11:21:45.219376329Z: [    1.479751] pps_core: LinuxPPS API ver. 1 registered
[STDERR  ] 2017-09-07T11:21:45.219381622Z: [    1.480101] pps_core: Software ver. 5.3.6 - Copyright 2005-2007 Rodolfo Giometti <giometti@linux.it>
[STDERR  ] 2017-09-07T11:21:45.219387097Z: [    1.480898] PTP clock support registered
[STDERR  ] 2017-09-07T11:21:45.219392536Z: [    1.482434] wmi: Mapper loaded
[STDERR  ] 2017-09-07T11:21:45.219398641Z: [    1.483723] PCI: Using ACPI for IRQ routing
[STDERR  ] 2017-09-07T11:21:45.219403963Z: [    1.505383] NetLabel: Initializing
[STDERR  ] 2017-09-07T11:21:45.219409163Z: [    1.505671] NetLabel:  domain hash size = 128
[STDERR  ] 2017-09-07T11:21:45.219414537Z: [    1.506075] NetLabel:  protocols = UNLABELED CIPSOv4
[STDERR  ] 2017-09-07T11:21:45.219419911Z: [    1.509327] NetLabel:  unlabeled traffic allowed by default
[STDERR  ] 2017-09-07T11:21:45.219425283Z: [    1.510964] HPET: 3 timers in total, 0 timers will be used for per-cpu timer
[STDERR  ] 2017-09-07T11:21:45.219431143Z: [    1.511847] hpet0: at MMIO 0xfed00000, IRQs 2, 8, 0
[STDERR  ] 2017-09-07T11:21:45.219436463Z: [    1.512414] hpet0: 3 comparators, 64-bit 100.000000 MHz counter
[STDERR  ] 2017-09-07T11:21:45.219441737Z: [    1.517997] clocksource: Switched to clocksource hpet
[STDERR  ] 2017-09-07T11:21:45.219447072Z: [    1.841652] VFS: Disk quotas dquot_6.6.0
[STDERR  ] 2017-09-07T11:21:45.219452311Z: [    1.842476] VFS: Dquot-cache hash table entries: 512 (order 0, 4096 bytes)
[STDERR  ] 2017-09-07T11:21:45.219457956Z: [    1.846560] FS-Cache: Loaded
[STDERR  ] 2017-09-07T11:21:45.219463276Z: [    1.852642] CacheFiles: Loaded
[STDERR  ] 2017-09-07T11:21:45.219471849Z: [    1.854797] pnp: PnP ACPI init
[STDERR  ] 2017-09-07T11:21:45.219477135Z: [    1.869770] pnp: PnP ACPI: found 5 devices
[STDERR  ] 2017-09-07T11:21:45.219482422Z: [    1.932793] clocksource: acpi_pm: mask: 0xffffff max_cycles: 0xffffff, max_idle_ns: 2085701024 ns
[STDERR  ] 2017-09-07T11:21:45.219487932Z: [    1.937344] NET: Registered protocol family 2
[STDERR  ] 2017-09-07T11:21:45.219494293Z: [    1.946461] TCP established hash table entries: 8192 (order: 4, 65536 bytes)
[STDERR  ] 2017-09-07T11:21:45.219499811Z: [    1.947403] TCP bind hash table entries: 8192 (order: 5, 131072 bytes)
[STDERR  ] 2017-09-07T11:21:45.219505439Z: [    1.948115] TCP: Hash tables configured (established 8192 bind 8192)
[STDERR  ] 2017-09-07T11:21:45.219510766Z: [    1.950672] UDP hash table entries: 512 (order: 2, 16384 bytes)
[STDERR  ] 2017-09-07T11:21:45.219516127Z: [    1.951288] UDP-Lite hash table entries: 512 (order: 2, 16384 bytes)
[STDERR  ] 2017-09-07T11:21:45.219521381Z: [    1.954249] NET: Registered protocol family 1
[STDERR  ] 2017-09-07T11:21:45.219526696Z: [    1.955235] pci 0000:00:01.0: Video device with shadowed ROM at [mem 0x000c0000-0x000dffff]
[STDERR  ] 2017-09-07T11:21:45.219533023Z: [    1.964685] Unpacking initramfs...
[STDERR  ] 2017-09-07T11:21:45.219541136Z: [    6.030685] Freeing initrd memory: 23948K
[STDERR  ] 2017-09-07T11:21:45.219546885Z: [    6.059593] PCLMULQDQ-NI instructions are not detected.
[STDERR  ] 2017-09-07T11:21:45.219552379Z: [    6.061599] AVX or AES-NI instructions are not detected.
[STDERR  ] 2017-09-07T11:21:45.219557716Z: [    6.062072] CPU feature 'AVX registers' is not supported.
[STDERR  ] 2017-09-07T11:21:45.219563031Z: [    6.062531] CPU feature 'AVX registers' is not supported.
[STDERR  ] 2017-09-07T11:21:45.219568427Z: [    6.063012] CPU feature 'AVX registers' is not supported.
[STDERR  ] 2017-09-07T11:21:45.219573775Z: [    6.063446] CPU feature 'AVX registers' is not supported.
[STDERR  ] 2017-09-07T11:21:45.219579096Z: [    6.063904] AVX2 or AES-NI instructions are not detected.
[STDERR  ] 2017-09-07T11:21:45.219584521Z: [    6.064308] AVX2 instructions are not detected.
[STDERR  ] 2017-09-07T11:21:45.219589941Z: [    6.072937] audit: initializing netlink subsys (disabled)
[STDERR  ] 2017-09-07T11:21:45.219595292Z: [    6.075095] audit: type=2000 audit(1504783275.070:1): initialized
[STDERR  ] 2017-09-07T11:21:45.219600701Z: [    6.084030] workingset: timestamp_bits=46 max_order=18 bucket_order=0
[STDERR  ] 2017-09-07T11:21:45.219608275Z: [    6.092893] FS-Cache: Netfs 'cifs' registered for caching
[STDERR  ] 2017-09-07T11:21:45.219617375Z: [    6.094286] fuse init (API version 7.26)
[STDERR  ] 2017-09-07T11:21:45.219626195Z: [    6.099976] SGI XFS with ACLs, security attributes, no debug enabled
[STDERR  ] 2017-09-07T11:21:45.219632089Z: [    6.105216] 9p: Installing v9fs 9p2000 file system support
[STDERR  ] 2017-09-07T11:21:45.219637529Z: [    6.105873] FS-Cache: Netfs '9p' registered for caching
[STDERR  ] 2017-09-07T11:21:45.219643899Z: [    6.154027] NET: Registered protocol family 38
[STDERR  ] 2017-09-07T11:21:45.219649322Z: [    6.154768] Key type asymmetric registered
[STDERR  ] 2017-09-07T11:21:45.219654656Z: [    6.155209] Asymmetric key parser 'x509' registered
[STDERR  ] 2017-09-07T11:21:45.219660082Z: [    6.156320] Block layer SCSI generic (bsg) driver version 0.4 loaded (major 251)
[STDERR  ] 2017-09-07T11:21:45.219665881Z: [    6.158073] io scheduler noop registered
[STDERR  ] 2017-09-07T11:21:45.219671222Z: [    6.158536] io scheduler deadline registered (default)
[STDERR  ] 2017-09-07T11:21:45.219676608Z: [    6.159267] io scheduler cfq registered
[STDERR  ] 2017-09-07T11:21:45.219681933Z: [    6.164096] pci_hotplug: PCI Hot Plug PCI Core version: 0.5
[STDERR  ] 2017-09-07T11:21:45.219687322Z: [    6.164875] pciehp: PCI Express Hot Plug Controller Driver version: 0.4
[STDERR  ] 2017-09-07T11:21:45.219692708Z: [    6.165809] shpchp: Standard Hot Plug PCI Controller Driver version: 0.4
[STDERR  ] 2017-09-07T11:21:45.219701179Z: [    6.166779] hv_vmbus: registering driver hyperv_fb
[STDERR  ] 2017-09-07T11:21:45.219706591Z: [    6.171771] input: Power Button as /devices/LNXSYSTM:00/LNXPWRBN:00/input/input0
[STDERR  ] 2017-09-07T11:21:45.219711981Z: [    6.173186] ACPI: Power Button [PWRF]
[STDERR  ] 2017-09-07T11:21:45.219717143Z: [    6.180913] GHES: HEST is not enabled!
[STDERR  ] 2017-09-07T11:21:45.219722315Z: [    6.194536] ACPI: PCI Interrupt Link [GSIG] enabled at IRQ 22
[STDERR  ] 2017-09-07T11:21:45.219727592Z: [    6.208757] ACPI: PCI Interrupt Link [GSIH] enabled at IRQ 23
[STDERR  ] 2017-09-07T11:21:45.219732896Z: [    6.214222] xenfs: not registering filesystem on non-xen platform
[STDERR  ] 2017-09-07T11:21:45.219738163Z: [    6.217313] Serial: 8250/16550 driver, 4 ports, IRQ sharing disabled
[STDERR  ] 2017-09-07T11:21:45.219745583Z: [    6.243932] 00:04: ttyS0 at I/O 0x3f8 (irq = 4, base_baud = 115200) is a 16550A
[STDERR  ] 2017-09-07T11:21:45.219750972Z: [    6.257770] Non-volatile memory driver v1.3
[STDERR  ] 2017-09-07T11:21:45.219759465Z: [    6.266832] Hangcheck: starting hangcheck timer 0.9.1 (tick is 180 seconds, margin is 60 seconds).
[STDERR  ] 2017-09-07T11:21:45.219765228Z: [    6.314743] loop: module loaded
[STDERR  ] 2017-09-07T11:21:45.219776619Z: [    6.333883] nbd: registered device at major 43
[STDERR  ] 2017-09-07T11:21:45.219782328Z: [    6.386947] lpc_ich 0000:00:1f.0: I/O space for GPIO uninitialized
[STDERR  ] 2017-09-07T11:21:45.219789178Z: [    6.389198] VMware PVSCSI driver - version 1.0.7.0-k
[STDERR  ] 2017-09-07T11:21:45.219794533Z: [    6.390498] hv_vmbus: registering driver hv_storvsc
[STDERR  ] 2017-09-07T11:21:45.219801786Z: [    6.402776] ACPI: PCI Interrupt Link [GSIA] enabled at IRQ 16
[STDERR  ] 2017-09-07T11:21:45.219807179Z: [    6.411951] ahci 0000:00:1f.2: AHCI 0001.0000 32 slots 6 ports 1.5 Gbps 0x3f impl SATA mode
[STDERR  ] 2017-09-07T11:21:45.219817225Z: [    6.412421] ahci 0000:00:1f.2: flags: 64bit ncq only 
[STDERR  ] 2017-09-07T11:21:45.219822975Z: [    6.439407] scsi host0: ahci
[STDERR  ] 2017-09-07T11:21:45.219828722Z: [    6.445718] scsi host1: ahci
[STDERR  ] 2017-09-07T11:21:45.219834461Z: [    6.448795] scsi host2: ahci
[STDERR  ] 2017-09-07T11:21:45.219841166Z: [    6.451925] scsi host3: ahci
[STDERR  ] 2017-09-07T11:21:45.219846818Z: [    6.454991] scsi host4: ahci
[STDERR  ] 2017-09-07T11:21:45.219852192Z: [    6.457628] scsi host5: ahci
[STDERR  ] 2017-09-07T11:21:45.219857592Z: [    6.459988] ata1: SATA max UDMA/133 abar m4096@0xfebd2000 port 0xfebd2100 irq 24
[STDERR  ] 2017-09-07T11:21:45.21986362Z: [    6.460982] ata2: SATA max UDMA/133 abar m4096@0xfebd2000 port 0xfebd2180 irq 24
[STDERR  ] 2017-09-07T11:21:45.219869242Z: [    6.461515] ata3: SATA max UDMA/133 abar m4096@0xfebd2000 port 0xfebd2200 irq 24
