[INFO    ] 2018-06-08T03:47:12.152093395Z: Running Test linuxkit.packages.ca-certificates in /tmp/build/test/cases/040_packages/003_ca-certificates
[STDOUT  ] 2018-06-08T03:47:12.152209046Z: [    0.000000] BIOS-e820: [mem 0x0000000000000000-0x000000000009fbff] usable
[STDOUT  ] 2018-06-08T03:47:12.152224203Z: [    0.000000] BIOS-e820: [mem 0x000000000009fc00-0x000000000009ffff] reserved
[INFO    ] 2018-06-08T03:47:12.152230519Z: Running command: [/bin/sh -x /tmp/build/test/cases/040_packages/003_ca-certificates/test.sh]
[STDOUT  ] 2018-06-08T03:47:12.152235639Z: [    0.000000] BIOS-e820: [mem 0x00000000000f0000-0x00000000000fffff] reserved
[STDOUT  ] 2018-06-08T03:47:12.152258456Z: [    0.000000] BIOS-e820: [mem 0x0000000000100000-0x000000003ffdefff] usable
[STDOUT  ] 2018-06-08T03:47:12.152267399Z: [    0.000000] BIOS-e820: [mem 0x000000003ffdf000-0x000000003fffffff] reserved
[STDOUT  ] 2018-06-08T03:47:12.152275882Z: [    0.000000] BIOS-e820: [mem 0x00000000b0000000-0x00000000bfffffff] reserved
[STDOUT  ] 2018-06-08T03:47:12.152284285Z: [    0.000000] BIOS-e820: [mem 0x00000000fed1c000-0x00000000fed1ffff] reserved
[STDOUT  ] 2018-06-08T03:47:12.152292269Z: [    0.000000] BIOS-e820: [mem 0x00000000fffc0000-0x00000000ffffffff] reserved
[STDOUT  ] 2018-06-08T03:47:12.152300756Z: [    0.000000] NX (Execute Disable) protection: active
[STDOUT  ] 2018-06-08T03:47:12.152309685Z: [    0.000000] SMBIOS 2.8 present.
[STDOUT  ] 2018-06-08T03:47:12.152325045Z: [    0.000000] DMI: QEMU Standard PC (Q35 + ICH9, 2009), BIOS rel-1.10.2-0-g5f4c7b1-prebuilt.qemu-project.org 04/01/2014
[STDOUT  ] 2018-06-08T03:47:12.152333931Z: [    0.000000] tsc: Fast TSC calibration using PIT
[STDOUT  ] 2018-06-08T03:47:12.152342554Z: [    0.000000] e820: last_pfn = 0x3ffdf max_arch_pfn = 0x400000000
[STDOUT  ] 2018-06-08T03:47:12.152351275Z: [    0.000000] x86/PAT: Configuration [0-7]: WB  WC  UC- UC  WB  WP  UC- WT  
[STDOUT  ] 2018-06-08T03:47:12.152359433Z: [    0.000000] found SMP MP-table at [mem 0x000f6aa0-0x000f6aaf] mapped at [ffffffffff200aa0]
[STDOUT  ] 2018-06-08T03:47:12.152369178Z: [    0.000000] RAMDISK: [mem 0x3e0f7000-0x3ffcffff]
[STDOUT  ] 2018-06-08T03:47:12.152383369Z: [    0.000000] ACPI: Early table checksum verification disabled
[STDOUT  ] 2018-06-08T03:47:12.152392163Z: [    0.000000] ACPI: RSDP 0x00000000000F68B0 000014 (v00 BOCHS )
[STDOUT  ] 2018-06-08T03:47:12.152401602Z: [    0.000000] ACPI: RSDT 0x000000003FFE20A8 000034 (v01 BOCHS  BXPCRSDT 00000001 BXPC 00000001)
[STDOUT  ] 2018-06-08T03:47:12.152412899Z: [    0.000000] ACPI: FACP 0x000000003FFE1EC8 0000F4 (v03 BOCHS  BXPCFACP 00000001 BXPC 00000001)
[STDOUT  ] 2018-06-08T03:47:12.152424510Z: [    0.000000] ACPI: DSDT 0x000000003FFE0040 001E88 (v01 BOCHS  BXPCDSDT 00000001 BXPC 00000001)
[STDOUT  ] 2018-06-08T03:47:12.152432797Z: [    0.000000] ACPI: FACS 0x000000003FFE0000 000040
[STDOUT  ] 2018-06-08T03:47:12.152441942Z: [    0.000000] ACPI: APIC 0x000000003FFE1FBC 000078 (v01 BOCHS  BXPCAPIC 00000001 BXPC 00000001)
[STDOUT  ] 2018-06-08T03:47:12.152450530Z: [    0.000000] ACPI: HPET 0x000000003FFE2034 000038 (v01 BOCHS  BXPCHPET 00000001 BXPC 00000001)
[STDOUT  ] 2018-06-08T03:47:12.152458755Z: [    0.000000] ACPI: MCFG 0x000000003FFE206C 00003C (v01 BOCHS  BXPCMCFG 00000001 BXPC 00000001)
[STDOUT  ] 2018-06-08T03:47:12.152472349Z: [    0.000000] Zone ranges:
[STDOUT  ] 2018-06-08T03:47:12.152481342Z: [    0.000000]   DMA      [mem 0x0000000000001000-0x0000000000ffffff]
[STDOUT  ] 2018-06-08T03:47:12.152489847Z: [    0.000000]   DMA32    [mem 0x0000000001000000-0x000000003ffdefff]
[STDOUT  ] 2018-06-08T03:47:12.152498561Z: [    0.000000]   Normal   empty
[STDOUT  ] 2018-06-08T03:47:12.152507489Z: [    0.000000]   Device   empty
[STDOUT  ] 2018-06-08T03:47:12.152514220Z: [    0.000000] Movable zone start for each node
[STDOUT  ] 2018-06-08T03:47:12.152520289Z: [    0.000000] Early memory node ranges
[STDOUT  ] 2018-06-08T03:47:12.152526642Z: [    0.000000]   node   0: [mem 0x0000000000001000-0x000000000009efff]
[STDOUT  ] 2018-06-08T03:47:12.152532343Z: [    0.000000]   node   0: [mem 0x0000000000100000-0x000000003ffdefff]
[STDOUT  ] 2018-06-08T03:47:12.152543632Z: [    0.000000] Initmem setup node 0 [mem 0x0000000000001000-0x000000003ffdefff]
[STDOUT  ] 2018-06-08T03:47:12.152549362Z: [    0.000000] ACPI: PM-Timer IO Port: 0x608
[STDOUT  ] 2018-06-08T03:47:12.152555207Z: [    0.000000] ACPI: LAPIC_NMI (acpi_id[0xff] dfl dfl lint[0x1])
[STDOUT  ] 2018-06-08T03:47:12.152561365Z: [    0.000000] IOAPIC[0]: apic_id 0, version 32, address 0xfec00000, GSI 0-23
[STDOUT  ] 2018-06-08T03:47:12.152572493Z: [    0.000000] ACPI: INT_SRC_OVR (bus 0 bus_irq 0 global_irq 2 dfl dfl)
[STDOUT  ] 2018-06-08T03:47:12.152582120Z: [    0.000000] ACPI: INT_SRC_OVR (bus 0 bus_irq 5 global_irq 5 high level)
[STDOUT  ] 2018-06-08T03:47:12.152590463Z: [    0.000000] ACPI: INT_SRC_OVR (bus 0 bus_irq 9 global_irq 9 high level)
[STDOUT  ] 2018-06-08T03:47:12.152596250Z: [    0.000000] ACPI: INT_SRC_OVR (bus 0 bus_irq 10 global_irq 10 high level)
[STDOUT  ] 2018-06-08T03:47:12.152602071Z: [    0.000000] ACPI: INT_SRC_OVR (bus 0 bus_irq 11 global_irq 11 high level)
[STDOUT  ] 2018-06-08T03:47:12.152607696Z: [    0.000000] Using ACPI (MADT) for SMP configuration information
[STDOUT  ] 2018-06-08T03:47:12.152614249Z: [    0.000000] ACPI: HPET id: 0x8086a201 base: 0xfed00000
[STDOUT  ] 2018-06-08T03:47:12.152621260Z: [    0.000000] smpboot: Allowing 1 CPUs, 0 hotplug CPUs
[STDOUT  ] 2018-06-08T03:47:12.152626993Z: [    0.000000] e820: [mem 0x40000000-0xafffffff] available for PCI devices
[STDOUT  ] 2018-06-08T03:47:12.152632580Z: [    0.000000] Booting paravirtualized kernel on bare hardware
[STDOUT  ] 2018-06-08T03:47:12.152638165Z: [    0.000000] clocksource: refined-jiffies: mask: 0xffffffff max_cycles: 0xffffffff, max_idle_ns: 19112604462750000 ns
[STDOUT  ] 2018-06-08T03:47:12.152644257Z: [    0.000000] random: get_random_bytes called from start_kernel+0x92/0x4c8 with crng_init=0
[STDOUT  ] 2018-06-08T03:47:12.152650058Z: [    0.000000] setup_percpu: NR_CPUS:128 nr_cpumask_bits:128 nr_cpu_ids:1 nr_node_ids:1
[STDOUT  ] 2018-06-08T03:47:12.152658287Z: [    0.000000] percpu: Embedded 44 pages/cpu @ffff89ebbde00000 s143256 r819
[STDERR  ] 2018-06-08T03:47:12.152666333Z: [    0.000000] BIOS-e820: [mem 0x000000000009fc00-0x000000000009ffff] reserved
[STDERR  ] 2018-06-08T03:47:12.152683618Z: [    0.000000] BIOS-e820: [mem 0x00000000000f0000-0x00000000000fffff] reserved
[STDERR  ] 2018-06-08T03:47:12.152695274Z: [    0.000000] BIOS-e820: [mem 0x0000000000100000-0x000000003ffdefff] usable
[STDERR  ] 2018-06-08T03:47:12.152706295Z: [    0.000000] BIOS-e820: [mem 0x000000003ffdf000-0x000000003fffffff] reserved
[STDERR  ] 2018-06-08T03:47:12.152720716Z: [    0.000000] BIOS-e820: [mem 0x00000000b0000000-0x00000000bfffffff] reserved
[STDERR  ] 2018-06-08T03:47:12.152732839Z: [    0.000000] BIOS-e820: [mem 0x00000000fed1c000-0x00000000fed1ffff] reserved
[STDERR  ] 2018-06-08T03:47:12.152745229Z: [    0.000000] BIOS-e820: [mem 0x00000000fffc0000-0x00000000ffffffff] reserved
[STDERR  ] 2018-06-08T03:47:12.152757815Z: [    0.000000] NX (Execute Disable) protection: active
[STDERR  ] 2018-06-08T03:47:12.152770403Z: [    0.000000] SMBIOS 2.8 present.
[STDERR  ] 2018-06-08T03:47:12.152785771Z: [    0.000000] DMI: QEMU Standard PC (Q35 + ICH9, 2009), BIOS rel-1.10.2-0-g5f4c7b1-prebuilt.qemu-project.org 04/01/2014
[STDERR  ] 2018-06-08T03:47:12.152844467Z: [    0.000000] tsc: Fast TSC calibration using PIT
[STDERR  ] 2018-06-08T03:47:12.152862410Z: [    0.000000] e820: last_pfn = 0x3ffdf max_arch_pfn = 0x400000000
[STDERR  ] 2018-06-08T03:47:12.152875325Z: [    0.000000] x86/PAT: Configuration [0-7]: WB  WC  UC- UC  WB  WP  UC- WT  
[STDERR  ] 2018-06-08T03:47:12.152888101Z: [    0.000000] found SMP MP-table at [mem 0x000f6aa0-0x000f6aaf] mapped at [ffffffffff200aa0]
[STDERR  ] 2018-06-08T03:47:12.152903743Z: [    0.000000] RAMDISK: [mem 0x3e0f7000-0x3ffcffff]
[STDERR  ] 2018-06-08T03:47:12.152916627Z: [    0.000000] ACPI: Early table checksum verification disabled
[STDERR  ] 2018-06-08T03:47:12.152929094Z: [    0.000000] ACPI: RSDP 0x00000000000F68B0 000014 (v00 BOCHS )
[STDERR  ] 2018-06-08T03:47:12.152948310Z: [    0.000000] ACPI: RSDT 0x000000003FFE20A8 000034 (v01 BOCHS  BXPCRSDT 00000001 BXPC 00000001)
[STDERR  ] 2018-06-08T03:47:12.152966570Z: [    0.000000] ACPI: FACP 0x000000003FFE1EC8 0000F4 (v03 BOCHS  BXPCFACP 00000001 BXPC 00000001)
[STDERR  ] 2018-06-08T03:47:12.152981795Z: [    0.000000] ACPI: DSDT 0x000000003FFE0040 001E88 (v01 BOCHS  BXPCDSDT 00000001 BXPC 00000001)
[STDERR  ] 2018-06-08T03:47:12.152996753Z: [    0.000000] ACPI: FACS 0x000000003FFE0000 000040
[STDERR  ] 2018-06-08T03:47:12.153017054Z: [    0.000000] ACPI: APIC 0x000000003FFE1FBC 000078 (v01 BOCHS  BXPCAPIC 00000001 BXPC 00000001)
[STDERR  ] 2018-06-08T03:47:12.153034275Z: [    0.000000] ACPI: HPET 0x000000003FFE2034 000038 (v01 BOCHS  BXPCHPET 00000001 BXPC 00000001)
[STDERR  ] 2018-06-08T03:47:12.153049371Z: [    0.000000] ACPI: MCFG 0x000000003FFE206C 00003C (v01 BOCHS  BXPCMCFG 00000001 BXPC 00000001)
[STDERR  ] 2018-06-08T03:47:12.153064231Z: [    0.000000] Zone ranges:
[STDERR  ] 2018-06-08T03:47:12.153079076Z: [    0.000000]   DMA      [mem 0x0000000000001000-0x0000000000ffffff]
[STDERR  ] 2018-06-08T03:47:12.153093902Z: [    0.000000]   DMA32    [mem 0x0000000001000000-0x000000003ffdefff]
[STDERR  ] 2018-06-08T03:47:12.153115431Z: [    0.000000]   Normal   empty
[STDERR  ] 2018-06-08T03:47:12.153143307Z: [    0.000000]   Device   empty
[STDERR  ] 2018-06-08T03:47:12.153158416Z: [    0.000000] Movable zone start for each node
[STDERR  ] 2018-06-08T03:47:12.153172552Z: [    0.000000] Early memory node ranges
[STDERR  ] 2018-06-08T03:47:12.153185518Z: [    0.000000]   node   0: [mem 0x0000000000001000-0x000000000009efff]
[STDERR  ] 2018-06-08T03:47:12.153198531Z: [    0.000000]   node   0: [mem 0x0000000000100000-0x000000003ffdefff]
[STDERR  ] 2018-06-08T03:47:12.153212915Z: [    0.000000] Initmem setup node 0 [mem 0x0000000000001000-0x000000003ffdefff]
[STDERR  ] 2018-06-08T03:47:12.153227330Z: [    0.000000] ACPI: PM-Timer IO Port: 0x608
[STDERR  ] 2018-06-08T03:47:12.153241013Z: [    0.000000] ACPI: LAPIC_NMI (acpi_id[0xff] dfl dfl lint[0x1])
[STDERR  ] 2018-06-08T03:47:12.153253532Z: [    0.000000] IOAPIC[0]: apic_id 0, version 32, address 0xfec00000, GSI 0-23
[STDERR  ] 2018-06-08T03:47:12.153268049Z: [    0.000000] ACPI: INT_SRC_OVR (bus 0 bus_irq 0 global_irq 2 dfl dfl)
[STDERR  ] 2018-06-08T03:47:12.153300217Z: [    0.000000] ACPI: INT_SRC_OVR (bus 0 bus_irq 5 global_irq 5 high level)
[STDERR  ] 2018-06-08T03:47:12.153312591Z: [    0.000000] ACPI: INT_SRC_OVR (bus 0 bus_irq 9 global_irq 9 high level)
[STDERR  ] 2018-06-08T03:47:12.153324223Z: [    0.000000] ACPI: INT_SRC_OVR (bus 0 bus_irq 10 global_irq 10 high level)
[STDERR  ] 2018-06-08T03:47:12.153339624Z: [    0.000000] ACPI: INT_SRC_OVR (bus 0 bus_irq 11 global_irq 11 high level)
[STDERR  ] 2018-06-08T03:47:12.153352245Z: [    0.000000] Using ACPI (MADT) for SMP configuration information
[STDERR  ] 2018-06-08T03:47:12.153368593Z: [    0.000000] ACPI: HPET id: 0x8086a201 base: 0xfed00000
[STDERR  ] 2018-06-08T03:47:12.153383659Z: [    0.000000] smpboot: Allowing 1 CPUs, 0 hotplug CPUs
[STDERR  ] 2018-06-08T03:47:12.153396822Z: [    0.000000] e820: [mem 0x40000000-0xafffffff] available for PCI devices
[STDERR  ] 2018-06-08T03:47:12.153409446Z: [    0.000000] Booting paravirtualized kernel on bare hardware
[STDERR  ] 2018-06-08T03:47:12.153425073Z: [    0.000000] clocksource: refined-jiffies: mask: 0xffffffff max_cycles: 0xffffffff, max_idle_ns: 19112604462750000 ns
[STDERR  ] 2018-06-08T03:47:12.153440265Z: [    0.000000] random: get_random_bytes called from start_kernel+0x92
[STDERR  ] 2018-06-08T03:47:12.218875114Z: + set -e
[STDERR  ] 2018-06-08T03:47:12.218957424Z: + . /tmp/build/test/cases/_lib/lib.sh
[STDERR  ] 2018-06-08T03:47:12.218972976Z: + [ -f src/github.com/linuxkit/rtf/lib/lib.sh ]
[STDERR  ] 2018-06-08T03:47:12.218986181Z: + LINUXKIT_TMPDIR=/tmp/build/test/cases/_tmp
[STDERR  ] 2018-06-08T03:47:12.219000010Z: + [ -f /tmp/build/test/cases/_tmp/env.sh ]
[STDERR  ] 2018-06-08T03:47:12.219012753Z: + . /tmp/build/test/cases/_tmp/env.sh
[STDERR  ] 2018-06-08T03:47:12.219037961Z: + export LINUXKIT_EXAMPLES_DIR=/tmp/build/test/cases/../../examples
[STDERR  ] 2018-06-08T03:47:12.219052212Z: + RT_CANCEL=253
[STDERR  ] 2018-06-08T03:47:12.219065690Z: + NAME=ca-certificates
[STDERR  ] 2018-06-08T03:47:12.219079013Z: + trap clean_up EXIT
[STDERR  ] 2018-06-08T03:47:12.219092021Z: + linuxkit build -format kernel+initrd -name ca-certificates test.yml
[STDERR  ] 2018-06-08T03:47:12.247210620Z: Extract kernel image: linuxkit/kernel:4.14.47
[STDERR  ] 2018-06-08T03:47:13.988329814Z: Add init containers:
[STDERR  ] 2018-06-08T03:47:13.988400570Z: Process init image: linuxkit/init:a14b7ef6115e6d56fe5bf7c40517b9e190dd4dfb
[STDERR  ] 2018-06-08T03:47:15.292851863Z: Process init image: linuxkit/runc:v0.4
[STDERR  ] 2018-06-08T03:47:16.588142486Z: Process init image: linuxkit/ca-certificates:v0.4
[STDERR  ] 2018-06-08T03:47:17.939875407Z: Add onboot containers:
[STDERR  ] 2018-06-08T03:47:17.939932665Z:   Create OCI config for alpine:3.7
[STDERR  ] 2018-06-08T03:47:19.145327185Z:   Create OCI config for linuxkit/poweroff:d75d94d9603bde9ab95b914deed0d069d05d8b20
[STDERR  ] 2018-06-08T03:47:20.331281580Z: Add files:
[STDERR  ] 2018-06-08T03:47:20.331341613Z:   check.sh
[STDERR  ] 2018-06-08T03:47:20.332395237Z: Create outputs:
[STDERR  ] 2018-06-08T03:47:25.192214347Z:   ca-certificates-kernel ca-certificates-initrd.img ca-certificates-cmdline
[STDERR  ] 2018-06-08T03:47:25.250259980Z: + linuxkit run ca-certificates
[STDERR  ] 2018-06-08T03:47:25.273505197Z: Unable to find qemu-system-x86_64 within the $PATH. Using a container
[STDERR  ] 2018-06-08T03:47:55.868654847Z: + RESULT=[    0.000000] Linux version 4.14.47-linuxkit (root@5d6b265bec24) (gcc version 6.4.0 (Alpine 6.4.0)) #1 SMP Tue Jun 5 21:06:00 UTC 2018
[STDERR  ] 2018-06-08T03:47:55.868723976Z: [    0.000000] Command line: console=ttyS0 console=ttyAMA0
[STDERR  ] 2018-06-08T03:47:55.868738535Z: [    0.000000] x86/fpu: x87 FPU will use FXSAVE
[STDERR  ] 2018-06-08T03:47:55.868752177Z: [    0.000000] e820: BIOS-provided physical RAM map:
[STDERR  ] 2018-06-08T03:47:55.868766184Z: [    0.000000] BIOS-e820: [mem 0x0000000000000000-0x000000000009fbff] usable
[STDERR  ] 2018-06-08T03:47:55.868786848Z: [    0.000000] BIOS-e820: [mem 0x000000000009fc00-0x000000000009ffff] reserved
[STDERR  ] 2018-06-08T03:47:55.868798878Z: [    0.000000] BIOS-e820: [mem 0x00000000000f0000-0x00000000000fffff] reserved
[STDERR  ] 2018-06-08T03:47:55.868811759Z: [    0.000000] BIOS-e820: [mem 0x0000000000100000-0x000000003ffdefff] usable
[STDERR  ] 2018-06-08T03:47:55.868824019Z: [    0.000000] BIOS-e820: [mem 0x000000003ffdf000-0x000000003fffffff] reserved
[STDERR  ] 2018-06-08T03:47:55.868840185Z: [    0.000000] BIOS-e820: [mem 0x00000000b0000000-0x00000000bfffffff] reserved
[STDERR  ] 2018-06-08T03:47:55.868854778Z: [    0.000000] BIOS-e820: [mem 0x00000000fed1c000-0x00000000fed1ffff] reserved
[STDERR  ] 2018-06-08T03:47:55.868866986Z: [    0.000000] BIOS-e820: [mem 0x00000000fffc0000-0x00000000ffffffff] reserved
[STDERR  ] 2018-06-08T03:47:55.868890306Z: [    0.000000] NX (Execute Disable) protection: active
[STDERR  ] 2018-06-08T03:47:55.868903301Z: [    0.000000] SMBIOS 2.8 present.
[STDERR  ] 2018-06-08T03:47:55.868916984Z: [    0.000000] DMI: QEMU Standard PC (Q35 + ICH9, 2009), BIOS rel-1.10.2-0-g5f4c7b1-prebuilt.qemu-project.org 04/01/2014
[STDERR  ] 2018-06-08T03:47:55.868932350Z: [    0.000000] tsc: Fast TSC calibration using PIT
[STDERR  ] 2018-06-08T03:47:55.868945202Z: [    0.000000] e820: last_pfn = 0x3ffdf max_arch_pfn = 0x400000000
[STDERR  ] 2018-06-08T03:47:55.868958336Z: [    0.000000] x86/PAT: Configuration [0-7]: WB  WC  UC- UC  WB  WP  UC- WT  
[STDERR  ] 2018-06-08T03:47:55.868971212Z: [    0.000000] found SMP MP-table at [mem 0x000f6aa0-0x000f6aaf] mapped at [ffffffffff200aa0]
[STDERR  ] 2018-06-08T03:47:55.868984907Z: [    0.000000] RAMDISK: [mem 0x3e4d8000-0x3ffcffff]
[STDERR  ] 2018-06-08T03:47:55.869000252Z: [    0.000000] ACPI: Early table checksum verification disabled
[STDERR  ] 2018-06-08T03:47:55.869021275Z: [    0.000000] ACPI: RSDP 0x00000000000F68B0 000014 (v00 BOCHS )
[STDERR  ] 2018-06-08T03:47:55.869034222Z: [    0.000000] ACPI: RSDT 0x000000003FFE20A8 000034 (v01 BOCHS  BXPCRSDT 00000001 BXPC 00000001)
[STDERR  ] 2018-06-08T03:47:55.869047292Z: [    0.000000] ACPI: FACP 0x000000003FFE1EC8 0000F4 (v03 BOCHS  BXPCFACP 00000001 BXPC 00000001)
[STDERR  ] 2018-06-08T03:47:55.869060099Z: [    0.000000] ACPI: DSDT 0x000000003FFE0040 001E88 (v01 BOCHS  BXPCDSDT 00000001 BXPC 00000001)
[STDERR  ] 2018-06-08T03:47:55.869073511Z: [    0.000000] ACPI: FACS 0x000000003FFE0000 000040
[STDERR  ] 2018-06-08T03:47:55.869092640Z: [    0.000000] ACPI: APIC 0x000000003FFE1FBC 000078 (v01 BOCHS  BXPCAPIC 00000001 BXPC 00000001)
[STDERR  ] 2018-06-08T03:47:55.869105641Z: [    0.000000] ACPI: HPET 0x000000003FFE2034 000038 (v01 BOCHS  BXPCHPET 00000001 BXPC 00000001)
[STDERR  ] 2018-06-08T03:47:55.869118509Z: [    0.000000] ACPI: MCFG 0x000000003FFE206C 00003C (v01 BOCHS  BXPCMCFG 00000001 BXPC 00000001)
[STDERR  ] 2018-06-08T03:47:55.869130670Z: [    0.000000] Zone ranges:
[STDERR  ] 2018-06-08T03:47:55.869143132Z: [    0.000000]   DMA      [mem 0x0000000000001000-0x0000000000ffffff]
[STDERR  ] 2018-06-08T03:47:55.869157978Z: [    0.000000]   DMA32    [mem 0x0000000001000000-0x000000003ffdefff]
[STDERR  ] 2018-06-08T03:47:55.869169727Z: [    0.000000]   Normal   empty
[STDERR  ] 2018-06-08T03:47:55.869181444Z: [    0.000000]   Device   empty
[STDERR  ] 2018-06-08T03:47:55.869193070Z: [    0.000000] Movable zone start for each node
[STDERR  ] 2018-06-08T03:47:55.869204642Z: [    0.000000] Early memory node ranges
[STDERR  ] 2018-06-08T03:47:55.869216613Z: [    0.000000]   node   0: [mem 0x0000000000001000-0x000000000009efff]
[STDERR  ] 2018-06-08T03:47:55.869228222Z: [    0.000000]   node   0: [mem 0x0000000000100000-0x000000003ffdefff]
[STDERR  ] 2018-06-08T03:47:55.869239791Z: [    0.000000] Initmem setup node 0 [mem 0x0000000000001000-0x000000003ffdefff]
[STDERR  ] 2018-06-08T03:47:55.869251414Z: [    0.000000] ACPI: PM-Timer IO Port: 0x608
[STDERR  ] 2018-06-08T03:47:55.869263060Z: [    0.000000] ACPI: LAPIC_NMI (acpi_id[0xff] dfl dfl lint[0x1])
[STDERR  ] 2018-06-08T03:47:55.869277007Z: [    0.000000] IOAPIC[0]: apic_id 0, version 32, address 0xfec00000, GSI 0-23
[STDERR  ] 2018-06-08T03:47:55.869291761Z: [    0.000000] ACPI: INT_SRC_OVR (bus 0 bus_irq 0 global_irq 2 dfl dfl)
[STDERR  ] 2018-06-08T03:47:55.869305479Z: [    0.000000] ACPI: INT_SRC_OVR (bus 0 bus_irq 5 global_irq 5 high level)
[STDERR  ] 2018-06-08T03:47:55.869317016Z: [    0.000000] ACPI: INT_SRC_OVR (bus 0 bus_irq 9 global_irq 9 high level)
[STDERR  ] 2018-06-08T03:47:55.869328535Z: [    0.000000] ACPI: INT_SRC_OVR (bus 0 bus_irq 10 global_irq 10 high level)
[STDERR  ] 2018-06-08T03:47:55.869340873Z: [    0.000000] ACPI: INT_SRC_OVR (bus 0 bus_irq 11 global_irq 11 high level)
[STDERR  ] 2018-06-08T03:47:55.869352254Z: [    0.000000] Using ACPI (MADT) for SMP configuration information
[STDERR  ] 2018-06-08T03:47:55.869363824Z: [    0.000000] ACPI: HPET id: 0x8086a201 base: 0xfed00000
[STDERR  ] 2018-06-08T03:47:55.869376563Z: [    0.000000] smpboot: Allowing 1 CPUs, 0 hotplug CPUs
[STDERR  ] 2018-06-08T03:47:55.869389964Z: [    0.000000] e820: [mem 0x40000000-0xafffffff] available for PCI devices
[STDERR  ] 2018-06-08T03:47:55.869402734Z: [    0.000000] Booting paravirtualized kernel on bare hardware
[STDERR  ] 2018-06-08T03:47:55.869413746Z: [    0.000000] clocksource: refined-jiffies: mask: 0xffffffff max_cycles: 0xffffffff, max_idle_ns: 19112604462750000 ns
[STDERR  ] 2018-06-08T03:47:55.869425510Z: [    0.000000] random: get_random_bytes called from start_kernel+0x92/0x4c8 with crng_init=0
[STDERR  ] 2018-06-08T03:47:55.869443547Z: [    0.000000] setup_percpu: NR_CPUS:128 nr_cpumask_bits:128 nr_cpu_ids:1 nr_node_ids:1
[STDERR  ] 2018-06-08T03:47:55.869457084Z: [    0.000000] percpu: Embedded 44 pages/cpu @ffff98293e200000 s143256 r8192 d28776 u2097152
[STDERR  ] 2018-06-08T03:47:55.869469235Z: [    0.000000] Built 1 zonelists, mobility grouping on.  Total pages: 257896
[STDERR  ] 2018-06-08T03:47:55.869486027Z: [    0.000000] Kernel command line: console=ttyS0 console=ttyAMA0
[STDERR  ] 2018-06-08T03:47:55.869498959Z: [    0.000000] PID hash table entries: 4096 (order: 3, 32768 bytes)
[STDERR  ] 2018-06-08T03:47:55.869510960Z: [    0.000000] Dentry cache hash table entries: 131072 (order: 8, 1048576 bytes)
[STDERR  ] 2018-06-08T03:47:55.869521478Z: [    0.000000] Inode-cache hash table entries: 65536 (order: 7, 524288 bytes)
[STDERR  ] 2018-06-08T03:47:55.869533713Z: [    0.000000] Memory: 977176K/1048052K available (12300K kernel code, 1464K rwdata, 2992K rodata, 1512K init, 632K bss, 70876K reserved, 0K cma-reserved)
[STDERR  ] 2018-06-08T03:47:55.869554367Z: [    0.000000] ftrace: allocating 41020 entries in 161 pages
[STDERR  ] 2018-06-08T03:47:55.869567393Z: [    0.000000] Hierarchical RCU implementation.
[STDERR  ] 2018-06-08T03:47:55.869579821Z: [    0.000000] 	RCU restricting CPUs from NR_CPUS=128 to nr_cpu_ids=1.
[STDERR  ] 2018-06-08T03:47:55.869592101Z: [    0.000000] RCU: Adjusting geometry for rcu_fanout_leaf=16, nr_cpu_ids=1
[STDERR  ] 2018-06-08T03:47:55.869610257Z: [    0.000000] NR_IRQS: 8448, nr_irqs: 256, preallocated irqs: 16
[STDERR  ] 2018-06-08T03:47:55.869621206Z: [    0.000000] Console: colour VGA+ 80x25
[STDERR  ] 2018-06-08T03:47:55.869632199Z: [    0.000000] console [ttyS0] enabled
[STDERR  ] 2018-06-08T03:47:55.869643309Z: [    0.000000] clocksource: hpet: mask: 0xffffffff max_cycles: 0xffffffff, max_idle_ns: 19112604467 ns
[STDERR  ] 2018-06-08T03:47:55.869655041Z: [    0.000000] tsc: Fast TSC calibration using PIT
[STDERR  ] 2018-06-08T03:47:55.869666565Z: [    0.000000] tsc: Detected 2599.811 MHz processor
[STDERR  ] 2018-06-08T03:47:55.869681205Z: [    0.001713] Calibrating delay loop (skipped), value calculated using timer frequency.. 5199.62 BogoMIPS (lpj=25998110)
[STDERR  ] 2018-06-08T03:47:55.869693605Z: [    0.002168] pid_max: default: 32768 minimum: 301
[STDERR  ] 2018-06-08T03:47:55.869706579Z: [    0.002901] ACPI: Core revision 20170728
[STDERR  ] 2018-06-08T03:47:55.869717850Z: [    0.036265] ACPI: 1 ACPI AML tables successfully acquired and loaded
[STDERR  ] 2018-06-08T03:47:55.869729744Z: [    0.038238] Security Framework initialized
[STDERR  ] 2018-06-08T03:47:55.869744434Z: [    0.038658] Yama: becoming mindful.
[STDERR  ] 2018-06-08T03:47:55.869758143Z: [    0.041420] Mount-cache hash table entries: 2048 (order: 2, 16384 bytes)
[STDERR  ] 2018-06-08T03:47:55.869770609Z: [    0.041851] Mountpoint-cache hash table entries: 2048 (order: 2, 16384 bytes)
[STDERR  ] 2018-06-08T03:47:55.869782426Z: [    0.058143] Last level iTLB entries: 4KB 0, 2MB 0, 4MB 0
[STDERR  ] 2018-06-08T03:47:55.869793946Z: [    0.058493] Last level dTLB entries: 4KB 0, 2MB 0, 4MB 0, 1GB 0
[STDERR  ] 2018-06-08T03:47:55.869805298Z: [    0.058886] Spectre V2 : Spectre mitigation: LFENCE not serializing, switching to generic retpoline
[STDERR  ] 2018-06-08T03:47:55.869819402Z: [    0.059137] Spectre V2 : Vulnerable: Minimal generic ASM retpoline
[STDERR  ] 2018-06-08T03:47:55.869830761Z: [    0.059330] Spectre V2 : Spectre v2 mitigation: Filling RSB on context switch
[STDERR  ] 2018-06-08T03:47:55.869842348Z: [    0.059616] Speculative Store Bypass: Vulnerable
[STDERR  ] 2018-06-08T03:47:55.869854095Z: [    0.336132] Freeing SMP alternatives memory: 20K
[STDERR  ] 2018-06-08T03:47:55.869866209Z: [    0.357196] smpboot: Max logical packages: 1
[STDERR  ] 2018-06-08T03:47:55.869877545Z: [    0.364493] ..TIMER: vector=0x30 apic1=0 pin1=2 apic2=-1 pin2=-1
[STDERR  ] 2018-06-08T03:47:55.869889209Z: [    0.470000] smpboot: CPU0: AMD QEMU Virtual CPU version 2.5+ (family: 0x6, model: 0x6, stepping: 0x3)
[STDERR  ] 2018-06-08T03:47:55.869901670Z: [    0.470000] Performance Events: PMU not available due to virtualization, using software events only.
[STDERR  ] 2018-06-08T03:47:55.869913662Z: [    0.470360] Hierarchical SRCU implementation.
[STDERR  ] 2018-06-08T03:47:55.869926693Z: [    0.476127] NMI watchdog: Perf event create on CPU 0 failed with -2
[STDERR  ] 2018-06-08T03:47:55.869943532Z: [    0.476503] NMI watchdog: Perf NMI watchdog permanently disabled
[STDERR  ] 2018-06-08T03:47:55.869956250Z: [    0.481139] smp: Bringing up secondary CPUs ...
[STDERR  ] 2018-06-08T03:47:55.869969192Z: [    0.481601] smp: Brought up 1 node, 1 CPU
[STDERR  ] 2018-06-08T03:47:55.869981106Z: [    0.481923] smpboot: Total of 1 processors activated (5199.62 BogoMIPS)
[STDERR  ] 2018-06-08T03:47:55.869993380Z: [    0.495835] devtmpfs: initialized
[STDERR  ] 2018-06-08T03:47:55.870006826Z: [    0.502487] x86/mm: Memory block size: 128MB
[STDERR  ] 2018-06-08T03:47:55.870027138Z: [    0.507241] evm: security.ima
[STDERR  ] 2018-06-08T03:47:55.870038407Z: [    0.507411] evm: security.capability
[STDERR  ] 2018-06-08T03:47:55.870049472Z: [    0.510980] clocksource: jiffies: mask: 0xffffffff max_cycles: 0xffffffff, max_idle_ns: 19112604462750000 ns
[STDERR  ] 2018-06-08T03:47:55.870061174Z: [    0.511760] futex hash table entries: 256 (order: 2, 16384 bytes)
[STDERR  ] 2018-06-08T03:47:55.870072865Z: [    0.521959] NET: Registered protocol family 16
[STDERR  ] 2018-06-08T03:47:55.870084055Z: [    0.527650] cpuidle: using governor ladder
[STDERR  ] 2018-06-08T03:47:55.870095943Z: [    0.528050] cpuidle: using governor menu
[STDERR  ] 2018-06-08T03:47:55.870107682Z: [    0.529572] ACPI: bus type PCI registered
[STDERR  ] 2018-06-08T03:47:55.870119312Z: [    0.535759] PCI: MMCONFIG for domain 0000 [bus 00-ff] at [mem 0xb0000000-0xbfffffff] (base 0xb0000000)
[STDERR  ] 2018-06-08T03:47:55.870131631Z: [    0.536682] PCI: MMCONFIG at [mem 0xb0000000-0xbfffffff] reserved in E820
[STDERR  ] 2018-06-08T03:47:55.870144183Z: [    0.537493] PCI: Using configuration type 1 for base access
[STDERR  ] 2018-06-08T03:47:55.870159516Z: [    0.573708] HugeTLB registered 2.00 MiB page size, pre-allocated 0 pages
[STDERR  ] 2018-06-08T03:47:55.870171346Z: [    0.583940] ACPI: Added _OSI(Module Device)
[STDERR  ] 2018-06-08T03:47:55.870183086Z: [    0.584259] ACPI: Added _OSI(Processor Device)
[STDERR  ] 2018-06-08T03:47:55.870196963Z: [    0.584466] ACPI: Added _OSI(3.0 _SCP Extensions)
[STDERR  ] 2018-06-08T03:47:55.870211085Z: [    0.584675] ACPI: Added _OSI(Processor Aggregator Device)
[STDERR  ] 2018-06-08T03:47:55.870225119Z: [    0.630711] ACPI: Interpreter enabled
[STDERR  ] 2018-06-08T03:47:55.870236826Z: [    0.631525] ACPI: (supports S0 S5)
[STDERR  ] 2018-06-08T03:47:55.870248714Z: [    0.631832] ACPI: Using IOAPIC for interrupt routing
[STDERR  ] 2018-06-08T03:47:55.870260481Z: [    0.634120] PCI: Using host bridge windows from ACPI; if necessary, use "pci=nocrs" and report a bug
[STDERR  ] 2018-06-08T03:47:55.870272161Z: [    0.637054] ACPI: Enabled 1 GPEs in block 00 to 3F
[STDERR  ] 2018-06-08T03:47:55.870283010Z: [    0.679642] ACPI: PCI Root Bridge [PCI0] (domain 0000 [bus 00-ff])
[STDERR  ] 2018-06-08T03:47:55.870294418Z: [    0.680331] acpi PNP0A08:00: _OSC: OS supports [ExtendedConfig ASPM ClockPM Segments MSI]
[STDERR  ] 2018-06-08T03:47:55.870306309Z: [    0.684683] acpi PNP0A08:00: _OSC: OS now controls [PCIeHotplug PME PCIeCapability]
[STDERR  ] 2018-06-08T03:47:55.870318047Z: [    0.688084] PCI host bridge to bus 0000:00
[STDERR  ] 2018-06-08T03:47:55.870329019Z: [    0.688582] pci_bus 0000:00: root bus resource [io  0x0000-0x0cf7 window]
[STDERR  ] 2018-06-08T03:47:55.870344752Z: [    0.688903] pci_bus 0000:00: root bus resource [io  0x0d00-0xffff window]
[STDERR  ] 2018-06-08T03:47:55.870355493Z: [    0.689190] pci_bus 0000:00: root bus resource [mem 0x000a0000-0x000bffff window]
[STDERR  ] 2018-06-08T03:47:55.870366852Z: [    0.689486] pci_bus 0000:00: root bus resource [mem 0xc0000000-0xfebfffff window]
[STDERR  ] 2018-06-08T03:47:55.870378105Z: [    0.690278] pci_bus 0000:00: root bus resource [bus 00-ff]
[STDERR  ] 2018-06-08T03:47:55.870389180Z: [    0.851803] pci 0000:00:1f.0: quirk: [io  0x0600-0x067f] claimed by ICH6 ACPI/GPIO/TCO
[STDERR  ] 2018-06-08T03:47:55.870400531Z: [    0.940534] ACPI: PCI Interrupt Link [LNKA] (IRQs 5 *10 11)
[STDERR  ] 2018-06-08T03:47:55.870411320Z: [    0.942463] ACPI: PCI Interrupt Link [LNKB] (IRQs 5 *10 11)
[STDERR  ] 2018-06-08T03:47:55.870426685Z: [    0.944004] ACPI: PCI Interrupt Link [LNKC] (IRQs 5 10 *11)
[STDERR  ] 2018-06-08T03:47:55.870438163Z: [    0.945575] ACPI: PCI Interrupt Link [LNKD] (IRQs 5 10 *11)
[STDERR  ] 2018-06-08T03:47:55.870448992Z: [    0.947072] ACPI: PCI Interrupt Link [LNKE] (IRQs 5 *10 11)
[STDERR  ] 2018-06-08T03:47:55.870459720Z: [    0.948618] ACPI: PCI Interrupt Link [LNKF] (IRQs 5 *10 11)
[STDERR  ] 2018-06-08T03:47:55.870479007Z: [    0.951016] ACPI: PCI Interrupt Link [LNKG] (IRQs 5 10 *11)
[STDERR  ] 2018-06-08T03:47:55.870496911Z: [    0.952220] ACPI: PCI Interrupt Link [LNKH] (IRQs 5 10 *11)
[STDERR  ] 2018-06-08T03:47:55.870510718Z: [    0.952765] ACPI: PCI Interrupt Link [GSIA] (IRQs *16)
[STDERR  ] 2018-06-08T03:47:55.870523074Z: [    0.953274] ACPI: PCI Interrupt Link [GSIB] (IRQs *17)
[STDERR  ] 2018-06-08T03:47:55.870540312Z: [    0.953756] ACPI: PCI Interrupt Link [GSIC] (IRQs *18)
[STDERR  ] 2018-06-08T03:47:55.870550834Z: [    0.954172] ACPI: PCI Interrupt Link [GSID] (IRQs *19)
[STDERR  ] 2018-06-08T03:47:55.870562595Z: [    0.954637] ACPI: PCI Interrupt Link [GSIE] (IRQs *20)
[STDERR  ] 2018-06-08T03:47:55.870574738Z: [    0.955109] ACPI: PCI Interrupt Link [GSIF] (IRQs *21)
[STDERR  ] 2018-06-08T03:47:55.870586889Z: [    0.955599] ACPI: PCI Interrupt Link [GSIG] (IRQs *22)
[STDERR  ] 2018-06-08T03:47:55.870598109Z: [    0.956137] ACPI: PCI Interrupt Link [GSIH] (IRQs *23)
[STDERR  ] 2018-06-08T03:47:55.870616729Z: [    0.962580] SCSI subsystem initialized
[STDERR  ] 2018-06-08T03:47:55.870628631Z: [    0.964827] ACPI: bus type USB registered
[STDERR  ] 2018-06-08T03:47:55.870639883Z: [    0.965688] usbcore: registered new interface driver usbfs
[STDERR  ] 2018-06-08T03:47:55.870650710Z: [    0.966425] usbcore: registered new interface driver hub
[STDERR  ] 2018-06-08T03:47:55.870661844Z: [    0.967222] usbcore: registered new device driver usb
[STDERR  ] 2018-06-08T03:47:55.870676894Z: [    0.968018] pps_core: LinuxPPS API ver. 1 registered
[STDERR  ] 2018-06-08T03:47:55.870691464Z: [    0.968322] pps_core: Software ver. 5.3.6 - Copyright 2005-2007 Rodolfo Giometti <giometti@linux.it>
[STDERR  ] 2018-06-08T03:47:55.870703688Z: [    0.968914] PTP clock support registered
[STDERR  ] 2018-06-08T03:47:55.870714718Z: [    0.971023] PCI: Using ACPI for IRQ routing
[STDERR  ] 2018-06-08T03:47:55.870722489Z: [    0.984129] NetLabel: Initializing
[STDERR  ] 2018-06-08T03:47:55.870730923Z: [    0.984340] NetLabel:  domain hash size = 128
[STDERR  ] 2018-06-08T03:47:55.870738649Z: [    0.984576] NetLabel:  protocols = UNLABELED CIPSOv4 CALIPSO
[STDERR  ] 2018-06-08T03:47:55.870746412Z: [    0.986533] NetLabel:  unlabeled traffic allowed by default
[STDERR  ] 2018-06-08T03:47:55.870754289Z: [    0.987872] HPET: 3 timers in total, 0 timers will be used for per-cpu timer
[STDERR  ] 2018-06-08T03:47:55.870762208Z: [    0.988583] hpet0: at MMIO 0xfed00000, IRQs 2, 8, 0
[STDERR  ] 2018-06-08T03:47:55.870770343Z: [    0.988892] hpet0: 3 comparators, 64-bit 100.000000 MHz counter
[STDERR  ] 2018-06-08T03:47:55.870777975Z: [    0.995674] clocksource: Switched to clocksource hpet
[STDERR  ] 2018-06-08T03:47:55.870788545Z: [    1.176407] VFS: Disk quotas dquot_6.6.0
[STDERR  ] 2018-06-08T03:47:55.870796201Z: [    1.177072] VFS: Dquot-cache hash table entries: 512 (order 0, 4096 bytes)
[STDERR  ] 2018-06-08T03:47:55.870804275Z: [    1.180449] FS-Cache: Loaded
[STDERR  ] 2018-06-08T03:47:55.870812271Z: [    1.185418] CacheFiles: Loaded
[STDERR  ] 2018-06-08T03:47:55.870819874Z: [    1.186372] pnp: PnP ACPI init
[STDERR  ] 2018-06-08T03:47:55.870827426Z: [    1.193977] pnp: PnP ACPI: found 5 devices
[STDERR  ] 2018-06-08T03:47:55.870834952Z: [    1.224206] clocksource: acpi_pm: mask: 0xffffff max_cycles: 0xffffff, max_idle_ns: 2085701024 ns
[STDERR  ] 2018-06-08T03:47:55.870843057Z: [    1.227433] NET: Registered protocol family 2
[STDERR  ] 2018-06-08T03:47:55.870853034Z: [    1.234628] TCP established hash table entries: 8192 (order: 4, 65536 bytes)
[STDERR  ] 2018-06-08T03:47:55.870865074Z: [    1.235424] TCP bind hash table entries: 8192 (order: 5, 131072 bytes)
[STDERR  ] 2018-06-08T03:47:55.870877854Z: [    1.236459] TCP: Hash tables configured (established 8192 bind 8192)
[STDERR  ] 2018-06-08T03:47:55.870886409Z: [    1.238321] UDP hash table entries: 512 (order: 2, 16384 bytes)
[STDERR  ] 2018-06-08T03:47:55.870893864Z: [    1.238837] UDP-Lite hash table entries: 512 (order: 2, 16384 bytes)
[STDERR  ] 2018-06-08T03:47:55.870901767Z: [    1.242050] NET: Registered protocol family 1
[STDERR  ] 2018-06-08T03:47:55.870913224Z: [    1.243243] pci 0000:00:01.0: Video device with shadowed ROM at [mem 0x000c0000-0x000dffff]
[STDERR  ] 2018-06-08T03:47:55.870921170Z: [    1.248541] Trying to unpack rootfs image as initramfs...
[STDERR  ] 2018-06-08T03:47:55.870928828Z: [    4.242912] Freeing initrd memory: 27616K
[STDERR  ] 2018-06-08T03:47:55.870936995Z: [    4.263377] PCLMULQDQ-NI instructions are not detected.
[STDERR  ] 2018-06-08T03:47:55.870944611Z: [    4.264767] AVX or AES-NI instructions are not detected.
[STDERR  ] 2018-06-08T03:47:55.870952561Z: [    4.265222] CPU feature 'AVX registers' is not supported.
[STDERR  ] 2018-06-08T03:47:55.870960282Z: [    4.265556] CPU feature 'AVX registers' is not supported.
[STDERR  ] 2018-06-08T03:47:55.870967676Z: [    4.265891] CPU feature 'AVX registers' is not supported.
[STDERR  ] 2018-06-08T03:47:55.870977038Z: [    4.266063] CPU feature 'AVX registers' is not supported.
[STDERR  ] 2018-06-08T03:47:55.870984723Z: [    4.266426] AVX2 or AES-NI instructions are not detected.
[STDERR  ] 2018-06-08T03:47:55.870994474Z: [    4.266748] AVX2 instructions are not detected.
[STDERR  ] 2018-06-08T03:47:55.871001976Z: [    4.271483] audit: initializing netlink subsys (disabled)
[STDERR  ] 2018-06-08T03:47:55.871009526Z: [    4.276383] audit: type=2000 audit(1528429651.270:1): state=initialized audit_enabled=0 res=1
[STDERR  ] 2018-06-08T03:47:55.871017489Z: [    4.277708] workingset: timestamp_bits=46 max_order=18 bucket_order=0
[STDERR  ] 2018-06-08T03:47:55.871025033Z: [    4.283437] squashfs: version 4.0 (2009/01/31) Phillip Lougher
[STDERR  ] 2018-06-08T03:47:55.871032651Z: [    4.285790] FS-Cache: Netfs 'cifs' registered for caching
[STDERR  ] 2018-06-08T03:47:55.871040274Z: [    4.286599] fuse init (API version 7.26)
[STDERR  ] 2018-06-08T03:47:55.871047837Z: [    4.288393] SGI XFS with ACLs, security attributes, no debug enabled
[STDERR  ] 2018-06-08T03:47:55.871057015Z: [    4.291826] 9p: Installing v9fs 9p2000 file system support
[STDERR  ] 2018-06-08T03:47:55.871064678Z: [    4.292255] FS-Cache: Netfs '9p' registered for caching
[STDERR  ] 2018-06-08T03:47:55.871072219Z: [    4.317824] NET: Registered protocol family 38
[STDERR  ] 2018-06-08T03:47:55.871079732Z: [    4.318344] Key type asymmetric registered
[STDERR  ] 2018-06-08T03:47:55.871087076Z: [    4.318763] Asymmetric key parser 'x509' registered
[STDERR  ] 2018-06-08T03:47:55.871096436Z: [    4.319646] Block layer SCSI generic (bsg) driver version 0.4 loaded (major 247)
[STDERR  ] 2018-06-08T03:47:55.871104020Z: [    4.322249] io scheduler noop registered
[STDERR  ] 2018-06-08T03:47:55.871112263Z: [    4.322587] io scheduler deadline registered (default)
[STDERR  ] 2018-06-08T03:47:55.871119751Z: [    4.323360] io scheduler cfq registered
[STDERR  ] 2018-06-08T03:47:55.871127234Z: [    4.323614] io scheduler mq-deadline registered
[STDERR  ] 2018-06-08T03:47:55.871134506Z: [    4.323857] io scheduler kyber registered
[STDERR  ] 2018-06-08T03:47:55.871142004Z: [    4.326487] shpchp: Standard Hot Plug PCI Controller Driver version: 0.4
[STDERR  ] 2018-06-08T03:47:55.871149423Z: [    4.327168] hv_vmbus: registering driver hyperv_fb
[STDERR  ] 2018-06-08T03:47:55.871156839Z: [    4.329791] input: Power Button as /devices/LNXSYSTM:00/LNXPWRBN:00/input/input0
[STDERR  ] 2018-06-08T03:47:55.871164385Z: [    4.334392] ACPI: Power Button [PWRF]
[STDERR  ] 2018-06-08T03:47:55.871171762Z: [    4.346120] ACPI: PCI Interrupt Link [GSIG] enabled at IRQ 22
[STDERR  ] 2018-06-08T03:47:55.871182126Z: [    4.355612] ACPI: PCI Interrupt Link [GSIH] enabled at IRQ 23
[STDERR  ] 2018-06-08T03:47:55.871191405Z: [    4.361651] Serial: 8250/16550 driver, 4 ports, IRQ sharing disabled
[STDERR  ] 2018-06-08T03:47:55.871198897Z: [    4.385415] 00:04: ttyS0 at I/O 0x3f8 (irq = 4, base_baud = 115200) is a 16550A
[STDERR  ] 2018-06-08T03:47:55.871206388Z: [    4.394741] Non-volatile memory driver v1.3
[STDERR  ] 2018-06-08T03:47:55.871213862Z: [    4.400906] Hangcheck: starting hangcheck timer 0.9.1 (tick is 180 seconds, margin is 60 seconds).
[STDERR  ] 2018-06-08T03:47:55.871225321Z: [    4.411016] random: fast init done
[STDERR  ] 2018-06-08T03:47:55.871234668Z: [    4.412169] random: crng init done
[STDERR  ] 2018-06-08T03:47:55.871242228Z: [    4.450497] brd: module loaded
[STDERR  ] 2018-06-08T03:47:55.871249852Z: [    4.473269] loop: module loaded
[STDERR  ] 2018-06-08T03:47:55.871258023Z: [    4.511071] lpc_ich 0000:00:1f.0: I/O space for GPIO uninitialized
[STDERR  ] 2018-06-08T03:47:55.871265472Z: [    4.513146] VMware PVSCSI driver - version 1.0.7.0-k
[STDERR  ] 2018-06-08T03:47:55.871272751Z: [    4.513804] hv_vmbus: registering driver hv_storvsc
[STDERR  ] 2018-06-08T03:47:55.871280166Z: [    4.520012] ACPI: PCI Interrupt Link [GSIA] enabled at IRQ 16
[STDERR  ] 2018-06-08T03:47:55.871289638Z: [    4.530717] ahci 0000:00:1f.2: AHCI 0001.0000 32 slots 6 ports 1.5 Gbps 0x3f impl SATA mode
[STDERR  ] 2018-06-08T03:47:55.871297489Z: [    4.531427] ahci 0000:00:1f.2: flags: 64bit ncq only 
[STDERR  ] 2018-06-08T03:47:55.871304941Z: [    4.543614] scsi host0: ahci
[STDERR  ] 2018-06-08T03:47:55.871312274Z: [    4.546078] scsi host1: ahci
[STDERR  ] 2018-06-08T03:47:55.871319750Z: [    4.547957] scsi host2: ahci
[STDERR  ] 2018-06-08T03:47:55.871327058Z: [    4.549777] scsi host3: ahci
[STDERR  ] 2018-06-08T03:47:55.871334468Z: [    4.551776] scsi host4: ahci
[STDERR  ] 2018-06-08T03:47:55.871341758Z: [    4.553096] scsi host5: ahci
[STDERR  ] 2018-06-08T03:47:55.871350776Z: [    4.554233] ata1: SATA max UDMA/133 abar m4096@0xfebd2000 port 0xfebd2100 irq 24
[STDERR  ] 2018-06-08T03:47:55.871358465Z: [    4.554716] ata2: SATA max UDMA/133 abar m4096@0xfebd2000 port 0xfebd2180 irq 24
[STDERR  ] 2018-06-08T03:47:55.871365979Z: [    4.555104] ata3: SATA max UDMA/133 abar m4096@0xfebd2000 port 0xfebd2200 irq 24
[STDERR  ] 2018-06-08T03:47:55.871373467Z: [    4.555451] ata4: SATA max UDMA/133 abar m4096@0xfebd2000 port 0xfebd2280 irq 24
[STDERR  ] 2018-06-08T03:47:55.871383455Z: [    4.555780] ata5: SATA max UDMA/133 abar m4096@0xfebd2000 port 0xfebd2300 irq 24
[STDERR  ] 2018-06-08T03:47:55.871391007Z: [    4.556072] ata6: SATA max UDMA/133 abar m4096@0xfebd2000 port 0xfebd2380 irq 24
[STDERR  ] 2018-06-08T03:47:55.871398403Z: [    4.565559] tun: Universal TUN/TAP device driver, 1.6
[STDERR  ] 2018-06-08T03:47:55.871405883Z: [    4.575650] VMware vmxnet3 virtual NIC driver - version 1.4.a.0-k-NAPI
[STDERR  ] 2018-06-08T03:47:55.871413264Z: [    4.576341] hv_vmbus: registering driver hv_netvsc
[STDERR  ] 2018-06-08T03:47:55.871420742Z: [    4.576639] Fusion MPT base driver 3.04.20
[STDERR  ] 2018-06-08T03:47:55.871428117Z: [    4.576821] Copyright (c) 1999-2008 LSI Corporation
[STDERR  ] 2018-06-08T03:47:55.871435481Z: [    4.577344] Fusion MPT SPI Host driver 3.04.20
[STDERR  ] 2018-06-08T03:47:55.871442924Z: [    4.578983] i8042: PNP: PS/2 Controller [PNP0303:KBD,PNP0f13:MOU] at 0x60,0x64 irq 1,12
[STDERR  ] 2018-06-08T03:47:55.871451885Z: [    4.583351] serio: i8042 KBD port at 0x60,0x64 irq 1
[STDERR  ] 2018-06-08T03:47:55.871459320Z: [    4.583955] serio: i8042 AUX port at 0x60,0x64 irq 12
[STDERR  ] 2018-06-08T03:47:55.871466763Z: [    4.585900] hv_vmbus: registering driver hyperv_keyboard
[STDERR  ] 2018-06-08T03:47:55.871474207Z: [    4.587583] mousedev: PS/2 mouse device common for all mice
[STDERR  ] 2018-06-08T03:47:55.871481669Z: [    4.591639] input: AT Translated Set 2 keyboard as /devices/platform/i8042/serio0/input/input1
[STDERR  ] 2018-06-08T03:47:55.871489121Z: [    4.593496] input: PC Speaker as /devices/platform/pcspkr/input/input2
[STDERR  ] 2018-06-08T03:47:55.871499304Z: [    4.596692] rtc_cmos 00:00: RTC can wake from S4
[STDERR  ] 2018-06-08T03:47:55.871506985Z: [    4.599458] rtc_cmos 00:00: rtc core: registered rtc_cmos as rtc0
[STDERR  ] 2018-06-08T03:47:55.871516751Z: [    4.600895] rtc_cmos 00:00: alarms up to one day, y3k, 114 bytes nvram, hpet irqs
[STDERR  ] 2018-06-08T03:47:55.871524348Z: [    4.601539] i2c /dev entries driver
[STDERR  ] 2018-06-08T03:47:55.871531736Z: [    4.603248] device-mapper: ioctl: 4.37.0-ioctl (2017-09-20) initialised: dm-devel@redhat.com
[STDERR  ] 2018-06-08T03:47:55.871542060Z: [    4.606672] usbcore: registered new interface driver usbhid
[STDERR  ] 2018-06-08T03:47:55.871549576Z: [    4.606951] usbhid: USB HID core driver
[STDERR  ] 2018-06-08T03:47:55.871557026Z: [    4.607657] hv_utils: Registering HyperV Utility Driver
[STDERR  ] 2018-06-08T03:47:55.871564417Z: [    4.607923] hv_vmbus: registering driver hv_util
[STDERR  ] 2018-06-08T03:47:55.871571761Z: [    4.608125] hv_vmbus: registering driver hv_balloon
[STDERR  ] 2018-06-08T03:47:55.871580720Z: [    4.608581] oprofile: using NMI interrupt.
[STDERR  ] 2018-06-08T03:47:55.871588041Z: [    4.609625] GACT probability on
[STDERR  ] 2018-06-08T03:47:55.871595530Z: [    4.609982] Mirror/redirect action on
[STDERR  ] 2018-06-08T03:47:55.871608352Z: [    4.611001] Simple TC action Loaded
[STDERR  ] 2018-06-08T03:47:55.871615725Z: [    4.611519] u32 classifier
[STDERR  ] 2018-06-08T03:47:55.871623228Z: [    4.611663]     Performance counters on
[STDERR  ] 2018-06-08T03:47:55.871630532Z: [    4.611822]     input device check on
[STDERR  ] 2018-06-08T03:47:55.871637897Z: [    4.612006]     Actions configured
[STDERR  ] 2018-06-08T03:47:55.871647212Z: [    4.612662] Netfilter messages via NETLINK v0.30.
[STDERR  ] 2018-06-08T03:47:55.871654699Z: [    4.613140] nfnl_acct: registering with nfnetlink.
[STDERR  ] 2018-06-08T03:47:55.871662229Z: [    4.614272] nf_conntrack version 0.5.0 (8192 buckets, 32768 max)
[STDERR  ] 2018-06-08T03:47:55.871669752Z: [    4.616803] ctnetlink v0.93: registering with nfnetlink.
[STDERR  ] 2018-06-08T03:47:55.871677316Z: [    4.619699] nf_tables: (c) 2007-2009 Patrick McHardy <kaber@trash.net>
[STDERR  ] 2018-06-08T03:47:55.871684882Z: [    4.620769] nf_tables_compat: (c) 2012 Pablo Neira Ayuso <pablo@netfilter.org>
[STDERR  ] 2018-06-08T03:47:55.871692351Z: [    4.623445] xt_time: kernel timezone is -0000
[STDERR  ] 2018-06-08T03:47:55.871700133Z: [    4.624057] ip_set: protocol 6
[STDERR  ] 2018-06-08T03:47:55.871709418Z: [    4.624749] IPVS: Registered protocols (TCP, UDP, SCTP, AH, ESP)
[STDERR  ] 2018-06-08T03:47:55.871716952Z: [    4.625131] IPVS: Connection hash table configured (size=4096, memory=64Kbytes)
[STDERR  ] 2018-06-08T03:47:55.871724389Z: [    4.628836] IPVS: ipvs loaded.
[STDERR  ] 2018-06-08T03:47:55.871731805Z: [    4.629209] IPVS: [rr] scheduler registered.
[STDERR  ] 2018-06-08T03:47:55.871739284Z: [    4.629487] IPVS: [wrr] scheduler registered.
[STDERR  ] 2018-06-08T03:47:55.871746653Z: [    4.629705] IPVS: [lc] scheduler registered.
[STDERR  ] 2018-06-08T03:47:55.871756245Z: [    4.629895] IPVS: [wlc] scheduler registered.
[STDERR  ] 2018-06-08T03:47:55.871763780Z: [    4.630679] IPVS: [fo] scheduler registered.
[STDERR  ] 2018-06-08T03:47:55.871771244Z: [    4.630882] IPVS: [ovf] scheduler registered.
[STDERR  ] 2018-06-08T03:47:55.871778609Z: [    4.631280] IPVS: [lblc] scheduler registered.
[STDERR  ] 2018-06-08T03:47:55.871786027Z: [    4.631627] IPVS: [lblcr] scheduler registered.
[STDERR  ] 2018-06-08T03:47:55.871793781Z: [    4.631878] IPVS: [dh] scheduler registered.
[STDERR  ] 2018-06-08T03:47:55.871801206Z: [    4.632055] IPVS: [sh] scheduler registered.
[STDERR  ] 2018-06-08T03:47:55.871808613Z: [    4.632248] IPVS: [sed] scheduler registered.
[STDERR  ] 2018-06-08T03:47:55.871815923Z: [    4.632465] IPVS: [nq] scheduler registered.
[STDERR  ] 2018-06-08T03:47:55.871825200Z: [    4.633155] IPVS: ftp: loaded support on port[0] = 21
[STDERR  ] 2018-06-08T03:47:55.871836569Z: [    4.633887] ipip: IPv4 and MPLS over IPv4 tunneling driver
[STDERR  ] 2018-06-08T03:47:55.871843983Z: [    4.637024] gre: GRE over IPv4 demultiplexor driver
[STDERR  ] 2018-06-08T03:47:55.871851528Z: [    4.639610] ip_tables: (C) 2000-2006 Netfilter Core Team
[STDERR  ] 2018-06-08T03:47:55.871858942Z: [    4.643386] ipt_CLUSTERIP: ClusterIP Version 0.8 loaded successfully
[STDERR  ] 2018-06-08T03:47:55.871868974Z: [    4.643967] arp_tables: arp_tables: (C) 2002 David S. Miller
[STDERR  ] 2018-06-08T03:47:55.871881712Z: [    4.646115] NET: Registered protocol family 10
[STDERR  ] 2018-06-08T03:47:55.871889305Z: [    4.654747] Segment Routing with IPv6
[STDERR  ] 2018-06-08T03:47:55.871899175Z: [    4.655627] ip6_tables: (C) 2000-2006 Netfilter Core Team
[STDERR  ] 2018-06-08T03:47:55.871906654Z: [    4.662643] NET: Registered protocol family 17
[STDERR  ] 2018-06-08T03:47:55.871914164Z: [    4.663676] Bridge firewalling registered
[STDERR  ] 2018-06-08T03:47:55.871921540Z: [    4.664207] Ebtables v2.0 registered
[STDERR  ] 2018-06-08T03:47:55.871929041Z: [    4.666058] 8021q: 802.1Q VLAN Support v1.8
[STDERR  ] 2018-06-08T03:47:55.871936497Z: [    4.667366] 9pnet: Installing 9P2000 support
[STDERR  ] 2018-06-08T03:47:55.871944005Z: [    4.668899] Key type dns_resolver registered
[STDERR  ] 2018-06-08T03:47:55.871951665Z: [    4.670493] sched_clock: Marking stable (4670206710, 0)->(4792092054, -121885344)
[STDERR  ] 2018-06-08T03:47:55.871959196Z: [    4.673531] registered taskstats version 1
[STDERR  ] 2018-06-08T03:47:55.871966697Z: [    4.860706] Key type big_key registered
[STDERR  ] 2018-06-08T03:47:55.871974280Z: [    4.894745] ata3: SATA link up 1.5 Gbps (SStatus 113 SControl 300)
[STDERR  ] 2018-06-08T03:47:55.871983971Z: [    4.899580] ata2: SATA link down (SStatus 0 SControl 300)
[STDERR  ] 2018-06-08T03:47:55.871991448Z: [    4.901543] ata1: SATA link down (SStatus 0 SControl 300)
[STDERR  ] 2018-06-08T03:47:55.871999052Z: [    4.901951] ata5: SATA link down (SStatus 0 SControl 300)
[STDERR  ] 2018-06-08T03:47:55.872006503Z: [    4.902347] ata4: SATA link down (SStatus 0 SControl 300)
[STDERR  ] 2018-06-08T03:47:55.872013990Z: [    4.904750] ata6: SATA link down (SStatus 0 SControl 300)
[STDERR  ] 2018-06-08T03:47:55.872021460Z: [    4.908771] ata3.00: ATAPI: QEMU DVD-ROM, 2.5+, max UDMA/100
[STDERR  ] 2018-06-08T03:47:55.872028768Z: [    4.909277] ata3.00: applying bridge limits
[STDERR  ] 2018-06-08T03:47:55.872036145Z: [    4.921311] ata3.00: configured for UDMA/100
[STDERR  ] 2018-06-08T03:47:55.872043503Z: [    4.934818] scsi 2:0:0:0: CD-ROM            QEMU     QEMU DVD-ROM     2.5+ PQ: 0 ANSI: 5
[STDERR  ] 2018-06-08T03:47:55.872051047Z: [    4.962118] Key type trusted registered
[STDERR  ] 2018-06-08T03:47:55.872059975Z: [    4.973251] sr 2:0:0:0: [sr0] scsi3-mmc drive: 4x/4x cd/rw xa/form2 tray
[STDERR  ] 2018-06-08T03:47:55.872067462Z: [    4.973909] cdrom: Uniform CD-ROM driver Revision: 3.20
[STDERR  ] 2018-06-08T03:47:55.872074804Z: [    4.990857] sr 2:0:0:0: Attached scsi generic sg0 type 5
[STDERR  ] 2018-06-08T03:47:55.872082168Z: [    5.039963] Key type encrypted registered
[STDERR  ] 2018-06-08T03:47:55.872089552Z: [    5.041106] ima: No TPM chip found, activating TPM-bypass! (rc=-19)
[STDERR  ] 2018-06-08T03:47:55.872097028Z: [    5.041666] ima: Allocated hash algorithm: sha256
[STDERR  ] 2018-06-08T03:47:55.872104377Z: [    5.044989] evm: HMAC attrs: 0x1
[STDERR  ] 2018-06-08T03:47:55.872111575Z: [    5.048934] rtc_cmos 00:00: setting system clock to 2018-06-08 03:47:32 UTC (1528429652)
[STDERR  ] 2018-06-08T03:47:55.872119120Z: [    5.196394] Freeing unused kernel memory: 1512K
[STDERR  ] 2018-06-08T03:47:55.872126503Z: [    5.196718] Write protecting the kernel read-only data: 18432k
[STDERR  ] 2018-06-08T03:47:55.872133965Z: [    5.209265] Freeing unused kernel memory: 2024K
[STDERR  ] 2018-06-08T03:47:55.872141250Z: [    5.239050] Freeing unused kernel memory: 1104K
[STDERR  ] 2018-06-08T03:47:55.872148546Z: [    5.280490] tsc: Refined TSC clocksource calibration: 2599.905 MHz
[STDERR  ] 2018-06-08T03:47:55.872161519Z: [    5.281171] clocksource: tsc: mask: 0xffffffffffffffff max_cycles: 0x2579e25b580, max_idle_ns: 440795231167 ns
[STDERR  ] 2018-06-08T03:47:55.872169391Z: [    6.300937] clocksource: Switched to clocksource tsc
[STDERR  ] 2018-06-08T03:47:55.872176866Z: 
[STDERR  ] 2018-06-08T03:47:55.872184979Z: Welcome to LinuxKit
[STDERR  ] 2018-06-08T03:47:55.872192406Z: 
[STDERR  ] 2018-06-08T03:47:55.872199746Z:                         ##         .
[STDERR  ] 2018-06-08T03:47:55.872210196Z:                   ## ## ##        ==
[STDERR  ] 2018-06-08T03:47:55.872217561Z:                ## ## ## ## ##    ===
[STDERR  ] 2018-06-08T03:47:55.872224945Z:            /"""""""""""""""""\___/ ===
[STDERR  ] 2018-06-08T03:47:55.872232328Z:           {                       /  ===-
[STDERR  ] 2018-06-08T03:47:55.872239733Z:            \______ O           __/
[STDERR  ] 2018-06-08T03:47:55.872247766Z:              \    \         __/
[STDERR  ] 2018-06-08T03:47:55.872255291Z:               \____\_______/
[STDERR  ] 2018-06-08T03:47:55.872262660Z: 
[STDERR  ] 2018-06-08T03:47:55.872270054Z: ca-certificates test suite PASSED
[STDERR  ] 2018-06-08T03:47:55.872277540Z: [   27.409570] ACPI: Preparing to enter system sleep state S5
[STDERR  ] 2018-06-08T03:47:55.872287061Z: [   27.411484] reboot: Power down
[STDERR  ] 2018-06-08T03:47:55.872294768Z: + echo [    0.000000] Linux version 4.14.47-linuxkit (root@5d6b265bec24) (gcc version 6.4.0 (Alpine 6.4.0)) #1 SMP Tue Jun 5 21:06:00 UTC 2018
[STDERR  ] 2018-06-08T03:47:55.872302856Z: [    0.000000] Command line: console=ttyS0 console=ttyAMA0
[STDERR  ] 2018-06-08T03:47:55.872310328Z: [    0.000000] x86/fpu: x87 FPU will use FXSAVE
[STDERR  ] 2018-06-08T03:47:55.872317620Z: [    0.000000] e820: BIOS-provided physical RAM map:
[STDERR  ] 2018-06-08T03:47:55.872325000Z: [    0.000000] BIOS-e820: [mem 0x0000000000000000-0x000000000009fbff] usable
[STDERR  ] 2018-06-08T03:47:55.872332308Z: [    0.000000] BIOS-e820: [mem 0x000000000009fc00-0x000000000009ffff] reserved
[STDERR  ] 2018-06-08T03:47:55.872339663Z: [    0.000000] BIOS-e820: [mem 0x00000000000f0000-0x00000000000fffff] reserved
[STDERR  ] 2018-06-08T03:47:55.872347051Z: [    0.000000] BIOS-e820: [mem 0x0000000000100000-0x000000003ffdefff] usable
[STDERR  ] 2018-06-08T03:47:55.872354586Z: [    0.000000] BIOS-e820: [mem 0x000000003ffdf000-0x000000003fffffff] reserved
[STDERR  ] 2018-06-08T03:47:55.872361954Z: [    0.000000] BIOS-e820: [mem 0x00000000b0000000-0x00000000bfffffff] reserved
[STDERR  ] 2018-06-08T03:47:55.872369342Z: [    0.000000] BIOS-e820: [mem 0x00000000fed1c000-0x00000000fed1ffff] reserved
[STDERR  ] 2018-06-08T03:47:55.872376672Z: [    0.000000] BIOS-e820: [mem 0x00000000fffc0000-0x00000000ffffffff] reserved
[STDERR  ] 2018-06-08T03:47:55.872386042Z: [    0.000000] NX (Execute Disable) protection: active
[STDERR  ] 2018-06-08T03:47:55.872393502Z: [    0.000000] SMBIOS 2.8 present.
[STDERR  ] 2018-06-08T03:47:55.872400855Z: [    0.000000] DMI: QEMU Standard PC (Q35 + ICH9, 2009), BIOS rel-1.10.2-0-g5f4c7b1-prebuilt.qemu-project.org 04/01/2014
[STDERR  ] 2018-06-08T03:47:55.872408409Z: [    0.000000] tsc: Fast TSC calibration using PIT
[STDERR  ] 2018-06-08T03:47:55.872415941Z: [    0.000000] e820: last_pfn = 0x3ffdf max_arch_pfn = 0x400000000
[STDERR  ] 2018-06-08T03:47:55.872425004Z: [    0.000000] x86/PAT: Configuration [0-7]: WB  WC  UC- UC  WB  WP  UC- WT  
[STDERR  ] 2018-06-08T03:47:55.872432383Z: [    0.000000] found SMP MP-table at [mem 0x000f6aa0-0x000f6aaf] mapped at [ffffffffff200aa0]
[STDERR  ] 2018-06-08T03:47:55.872441180Z: [    0.000000] RAMDISK: [mem 0x3e4d8000-0x3ffcffff]
[STDERR  ] 2018-06-08T03:47:55.872451171Z: [    0.000000] ACPI: Early table checksum verification disabled
[STDERR  ] 2018-06-08T03:47:55.872458681Z: [    0.000000] ACPI: RSDP 0x00000000000F68B0 000014 (v00 BOCHS )
[STDERR  ] 2018-06-08T03:47:55.872466146Z: [    0.000000] ACPI: RSDT 0x000000003FFE20A8 000034 (v01 BOCHS  BXPCRSDT 00000001 BXPC 00000001)
[STDERR  ] 2018-06-08T03:47:55.872476996Z: [    0.000000] ACPI: FACP 0x000000003FFE1EC8 0000F4 (v03 BOCHS  BXPCFACP 00000001 BXPC 00000001)
[STDERR  ] 2018-06-08T03:47:55.872484793Z: [    0.000000] ACPI: DSDT 0x000000003FFE0040 001E88 (v01 BOCHS  BXPCDSDT 00000001 BXPC 00000001)
[STDERR  ] 2018-06-08T03:47:55.872492392Z: [    0.000000] ACPI: FACS 0x000000003FFE0000 000040
[STDERR  ] 2018-06-08T03:47:55.872499928Z: [    0.000000] ACPI: APIC 0x000000003FFE1FBC 000078 (v01 BOCHS  BXPCAPIC 00000001 BXPC 00000001)
[STDERR  ] 2018-06-08T03:47:55.872509450Z: [    0.000000] ACPI: HPET 0x000000003FFE2034 000038 (v01 BOCHS  BXPCHPET 00000001 BXPC 00000001)
[STDERR  ] 2018-06-08T03:47:55.872520062Z: [    0.000000] ACPI: MCFG 0x000000003FFE206C 00003C (v01 BOCHS  BXPCMCFG 00000001 BXPC 00000001)
[STDERR  ] 2018-06-08T03:47:55.872527511Z: [    0.000000] Zone ranges:
[STDERR  ] 2018-06-08T03:47:55.872535054Z: [    0.000000]   DMA      [mem 0x0000000000001000-0x0000000000ffffff]
[STDERR  ] 2018-06-08T03:47:55.872542364Z: [    0.000000]   DMA32    [mem 0x0000000001000000-0x000000003ffdefff]
[STDERR  ] 2018-06-08T03:47:55.872549754Z: [    0.000000]   Normal   empty
[STDERR  ] 2018-06-08T03:47:55.872557283Z: [    0.000000]   Device   empty
[STDERR  ] 2018-06-08T03:47:55.872566736Z: [    0.000000] Movable zone start for each node
[STDERR  ] 2018-06-08T03:47:55.872576391Z: [    0.000000] Early memory node ranges
[STDERR  ] 2018-06-08T03:47:55.872583846Z: [    0.000000]   node   0: [mem 0x0000000000001000-0x000000000009efff]
[STDERR  ] 2018-06-08T03:47:55.872591335Z: [    0.000000]   node   0: [mem 0x0000000000100000-0x000000003ffdefff]
[STDERR  ] 2018-06-08T03:47:55.872606026Z: [    0.000000] Initmem setup node 0 [mem 0x0000000000001000-0x000000003ffdefff]
[STDERR  ] 2018-06-08T03:47:55.872613690Z: [    0.000000] ACPI: PM-Timer IO Port: 0x608
[STDERR  ] 2018-06-08T03:47:55.872621041Z: [    0.000000] ACPI: LAPIC_NMI (acpi_id[0xff] dfl dfl lint[0x1])
[STDERR  ] 2018-06-08T03:47:55.872628439Z: [    0.000000] IOAPIC[0]: apic_id 0, version 32, address 0xfec00000, GSI 0-23
[STDERR  ] 2018-06-08T03:47:55.872635877Z: [    0.000000] ACPI: INT_SRC_OVR (bus 0 bus_irq 0 global_irq 2 dfl dfl)
[STDERR  ] 2018-06-08T03:47:55.872643320Z: [    0.000000] ACPI: INT_SRC_OVR (bus 0 bus_irq 5 global_irq 5 high level)
[STDERR  ] 2018-06-08T03:47:55.872650774Z: [    0.000000] ACPI: INT_SRC_OVR (bus 0 bus_irq 9 global_irq 9 high level)
[STDERR  ] 2018-06-08T03:47:55.872660173Z: [    0.000000] ACPI: INT_SRC_OVR (bus 0 bus_irq 10 global_irq 10 high level)
[STDERR  ] 2018-06-08T03:47:55.872667574Z: [    0.000000] ACPI: INT_SRC_OVR (bus 0 bus_irq 11 global_irq 11 high level)
[STDERR  ] 2018-06-08T03:47:55.872674999Z: [    0.000000] Using ACPI (MADT) for SMP configuration information
[STDERR  ] 2018-06-08T03:47:55.872682604Z: [    0.000000] ACPI: HPET id: 0x8086a201 base: 0xfed00000
[STDERR  ] 2018-06-08T03:47:55.872689957Z: [    0.000000] smpboot: Allowing 1 CPUs, 0 hotplug CPUs
[STDERR  ] 2018-06-08T03:47:55.872697340Z: [    0.000000] e820: [mem 0x40000000-0xafffffff] available for PCI devices
[STDERR  ] 2018-06-08T03:47:55.872704780Z: [    0.000000] Booting paravirtualized kernel on bare hardware
[STDERR  ] 2018-06-08T03:47:55.872712289Z: [    0.000000] clocksource: refined-jiffies: mask: 0xffffffff max_cycles: 0xffffffff, max_idle_ns: 19112604462750000 ns
[STDERR  ] 2018-06-08T03:47:55.872722474Z: [    0.000000] random: get_random_bytes called from start_kernel+0x92/0x4c8 with crng_init=0
[STDERR  ] 2018-06-08T03:47:55.872730061Z: [    0.000000] setup_percpu: NR_CPUS:128 nr_cpumask_bits:128 nr_cpu_ids:1 nr_node_ids:1
[STDERR  ] 2018-06-08T03:47:55.872737535Z: [    0.000000] percpu: Embedded 44 pages/cpu @ffff98293e200000 s143256 r8192 d28776 u2097152
[STDERR  ] 2018-06-08T03:47:55.872747093Z: [    0.000000] Built 1 zonelists, mobility grouping on.  Total pages: 257896
[STDERR  ] 2018-06-08T03:47:55.872754668Z: [    0.000000] Kernel command line: console=ttyS0 console=ttyAMA0
[STDERR  ] 2018-06-08T03:47:55.872762162Z: [    0.000000] PID hash table entries: 4096 (order: 3, 32768 bytes)
[STDERR  ] 2018-06-08T03:47:55.872775328Z: [    0.000000] Dentry cache hash table entries: 131072 (order: 8, 1048576 bytes)
[STDERR  ] 2018-06-08T03:47:55.872783063Z: [    0.000000] Inode-cache hash table entries: 65536 (order: 7, 524288 bytes)
[STDERR  ] 2018-06-08T03:47:55.872791104Z: [    0.000000] Memory: 977176K/1048052K available (12300K kernel code, 1464K rwdata, 2992K rodata, 1512K init, 632K bss, 70876K reserved, 0K cma-reserved)
[STDERR  ] 2018-06-08T03:47:55.872799722Z: [    0.000000] ftrace: allocating 41020 entries in 161 pages
[STDERR  ] 2018-06-08T03:47:55.872810261Z: [    0.000000] Hierarchical RCU implementation.
[STDERR  ] 2018-06-08T03:47:55.872817688Z: [    0.000000] 	RCU restricting CPUs from NR_CPUS=128 to nr_cpu_ids=1.
[STDERR  ] 2018-06-08T03:47:55.873338995Z: [    0.000000] RCU: Adjusting geometry for rcu_fanout_leaf=16, nr_cpu_ids=1
[STDERR  ] 2018-06-08T03:47:55.873389025Z: [    0.000000] NR_IRQS: 8448, nr_irqs: 256, preallocated irqs: 16
[STDERR  ] 2018-06-08T03:47:55.873428110Z: [    0.000000] Console: colour VGA+ 80x25
[STDERR  ] 2018-06-08T03:47:55.873453528Z: [    0.000000] console [ttyS0] enabled
[STDERR  ] 2018-06-08T03:47:55.873477562Z: [    0.000000] clocksource: hpet: mask: 0xffffffff max_cycles: 0xffffffff, max_idle_ns: 19112604467 ns
[STDERR  ] 2018-06-08T03:47:55.873518022Z: [    0.000000] tsc: Fast TSC calibration using PIT
[STDERR  ] 2018-06-08T03:47:55.873543095Z: [    0.000000] tsc: Detected 2599.811 MHz processor
[STDERR  ] 2018-06-08T03:47:55.873578181Z: [    0.001713] Calibrating delay loop (skipped), value calculated using timer frequency.. 5199.62 BogoMIPS (lpj=25998110)
[STDERR  ] 2018-06-08T03:47:55.873610487Z: [    0.002168] pid_max: default: 32768 minimum: 301
[STDERR  ] 2018-06-08T03:47:55.873635763Z: [    0.002901] ACPI: Core revision 20170728
[STDERR  ] 2018-06-08T03:47:55.873675600Z: [    0.036265] ACPI: 1 ACPI AML tables successfully acquired and loaded
[STDERR  ] 2018-06-08T03:47:55.873700773Z: [    0.038238] Security Framework initialized
[STDERR  ] 2018-06-08T03:47:55.873725461Z: [    0.038658] Yama: becoming mindful.
[STDERR  ] 2018-06-08T03:47:55.873761084Z: [    0.041420] Mount-cache hash table entries: 2048 (order: 2, 16384 bytes)
[STDERR  ] 2018-06-08T03:47:55.873787369Z: [    0.041851] Mountpoint-cache hash table entries: 2048 (order: 2, 16384 bytes)
[STDERR  ] 2018-06-08T03:47:55.873814873Z: [    0.058143] Last level iTLB entries: 4KB 0, 2MB 0, 4MB 0
[STDERR  ] 2018-06-08T03:47:55.873852034Z: [    0.058493] Last level dTLB entries: 4KB 0, 2MB 0, 4MB 0, 1GB 0
[STDERR  ] 2018-06-08T03:47:55.873877682Z: [    0.058886] Spectre V2 : Spectre mitigation: LFENCE not serializing, switching to generic retpoline
[STDERR  ] 2018-06-08T03:47:55.873911596Z: [    0.059137] Spectre V2 : Vulnerable: Minimal generic ASM retpoline
[STDERR  ] 2018-06-08T03:47:55.873936742Z: [    0.059330] Spectre V2 : Spectre v2 mitigation: Filling RSB on context switch
[STDERR  ] 2018-06-08T03:47:55.873958792Z: [    0.059616] Speculative Store Bypass: Vulnerable
[STDERR  ] 2018-06-08T03:47:55.873994857Z: [    0.336132] Freeing SMP alternatives memory: 20K
[STDERR  ] 2018-06-08T03:47:55.874018975Z: [    0.357196] smpboot: Max logical packages: 1
[STDERR  ] 2018-06-08T03:47:55.874047454Z: [    0.364493] ..TIMER: vector=0x30 apic1=0 pin1=2 apic2=-1 pin2=-1
[STDERR  ] 2018-06-08T03:47:55.874083286Z: [    0.470000] smpboot: CPU0: AMD QEMU Virtual CPU version 2.5+ (family: 0x6, model: 0x6, stepping: 0x3)
[STDERR  ] 2018-06-08T03:47:55.874108600Z: [    0.470000] Performance Events: PMU not available due to virtualization, using software events only.
[STDERR  ] 2018-06-08T03:47:55.874134211Z: [    0.470360] Hierarchical SRCU implementation.
[STDERR  ] 2018-06-08T03:47:55.874170253Z: [    0.476127] NMI watchdog: Perf event create on CPU 0 failed with -2
[STDERR  ] 2018-06-08T03:47:55.874200037Z: [    0.476503] NMI watchdog: Perf NMI watchdog permanently disabled
[STDERR  ] 2018-06-08T03:47:55.874235335Z: [    0.481139] smp: Bringing up secondary CPUs ...
[STDERR  ] 2018-06-08T03:47:55.874260059Z: [    0.481601] smp: Brought up 1 node, 1 CPU
[STDERR  ] 2018-06-08T03:47:55.874292883Z: [    0.481923] smpboot: Total of 1 processors activated (5199.62 BogoMIPS)
[STDERR  ] 2018-06-08T03:47:55.874342244Z: [    0.495835] devtmpfs: initialized
[STDERR  ] 2018-06-08T03:47:55.874375430Z: [    0.502487] x86/mm: Memory block size: 128MB
[STDERR  ] 2018-06-08T03:47:55.874413214Z: [    0.507241] evm: security.ima
[STDERR  ] 2018-06-08T03:47:55.874439629Z: [    0.507411] evm: security.capability
[STDERR  ] 2018-06-08T03:47:55.874469753Z: [    0.510980] clocksource: jiffies: mask: 0xffffffff max_cycles: 0xffffffff, max_idle_ns: 19112604462750000 ns
[STDERR  ] 2018-06-08T03:47:55.874517747Z: [    0.511760] futex hash table entries: 256 (order: 2, 16384 bytes)
[STDERR  ] 2018-06-08T03:47:55.874542656Z: [    0.521959] NET: Registered protocol family 16
[STDERR  ] 2018-06-08T03:47:55.874575491Z: [    0.527650] cpuidle: using governor ladder
[STDERR  ] 2018-06-08T03:47:55.874609191Z: [    0.528050] cpuidle: using governor menu
[STDERR  ] 2018-06-08T03:47:55.874634392Z: [    0.529572] ACPI: bus type PCI registered
[STDERR  ] 2018-06-08T03:47:55.874670496Z: [    0.535759] PCI: MMCONFIG for domain 0000 [bus 00-ff] at [mem 0xb0000000-0xbfffffff] (base 0xb0000000)
[STDERR  ] 2018-06-08T03:47:55.874696725Z: [    0.536682] PCI: MMCONFIG at [mem 0xb0000000-0xbfffffff] reserved in E820
[STDERR  ] 2018-06-08T03:47:55.874721762Z: [    0.537493] PCI: Using configuration type 1 for base access
[STDERR  ] 2018-06-08T03:47:55.874757283Z: [    0.573708] HugeTLB registered 2.00 MiB page size, pre-allocated 0 pages
[STDERR  ] 2018-06-08T03:47:55.874782859Z: [    0.583940] ACPI: Added _OSI(Module Device)
[STDERR  ] 2018-06-08T03:47:55.874809006Z: [    0.584259] ACPI: Added _OSI(Processor Device)
[STDERR  ] 2018-06-08T03:47:55.874846031Z: [    0.584466] ACPI: Added _OSI(3.0 _SCP Extensions)
[STDERR  ] 2018-06-08T03:47:55.874871161Z: [    0.584675] ACPI: Added _OSI(Processor Aggregator Device)
[STDERR  ] 2018-06-08T03:47:55.874905954Z: [    0.630711] ACPI: Interpreter enabled
[STDERR  ] 2018-06-08T03:47:55.874930669Z: [    0.631525] ACPI: (supports S0 S5)
[STDERR  ] 2018-06-08T03:47:55.874959133Z: [    0.631832] ACPI: Using IOAPIC for interrupt routing
[STDERR  ] 2018-06-08T03:47:55.874992998Z: [    0.634120] PCI: Using host bridge windows from ACPI; if necessary, use "pci=nocrs" and report a bug
[STDERR  ] 2018-06-08T03:47:55.875017829Z: [    0.637054] ACPI: Enabled 1 GPEs in block 00 to 3F
[STDERR  ] 2018-06-08T03:47:55.875044073Z: [    0.679642] ACPI: PCI Root Bridge [PCI0] (domain 0000 [bus 00-ff])
[STDERR  ] 2018-06-08T03:47:55.875078125Z: [    0.680331] acpi PNP0A08:00: _OSC: OS supports [ExtendedConfig ASPM ClockPM Segments MSI]
[STDERR  ] 2018-06-08T03:47:55.875104724Z: [    0.684683] acpi PNP0A08:00: _OSC: OS now controls [PCIeHotplug PME PCIeCapability]
[STDERR  ] 2018-06-08T03:47:55.875129771Z: [    0.688084] PCI host bridge to bus 0000:00
[STDERR  ] 2018-06-08T03:47:55.875169056Z: [    0.688582] pci_bus 0000:00: root bus resource [io  0x0000-0x0cf7 window]
[STDERR  ] 2018-06-08T03:47:55.875193316Z: [    0.688903] pci_bus 0000:00: root bus resource [io  0x0d00-0xffff window]
[STDERR  ] 2018-06-08T03:47:55.875226164Z: [    0.689190] pci_bus 0000:00: root bus resource [mem 0x000a0000-0x000bffff window]
[STDERR  ] 2018-06-08T03:47:55.875252061Z: [    0.689486] pci_bus 0000:00: root bus resource [mem 0xc0000000-0xfebfffff window]
[STDERR  ] 2018-06-08T03:47:55.875278258Z: [    0.690278] pci_bus 0000:00: root bus resource [bus 00-ff]
[STDERR  ] 2018-06-08T03:47:55.875322577Z: [    0.851803] pci 0000:00:1f.0: quirk: [io  0x0600-0x067f] claimed by ICH6 ACPI/GPIO/TCO
[STDERR  ] 2018-06-08T03:47:55.875356209Z: [    0.940534] ACPI: PCI Interrupt Link [LNKA] (IRQs 5 *10 11)
[STDERR  ] 2018-06-08T03:47:55.875380246Z: [    0.942463] ACPI: PCI Interrupt Link [LNKB] (IRQs 5 *10 11)
[STDERR  ] 2018-06-08T03:47:55.875414280Z: [    0.944004] ACPI: PCI Interrupt Link [LNKC] (IRQs 5 10 *11)
[STDERR  ] 2018-06-08T03:47:55.875444485Z: [    0.945575] ACPI: PCI Interrupt Link [LNKD] (IRQs 5 10 *11)
[STDERR  ] 2018-06-08T03:47:55.875489366Z: [    0.947072] ACPI: PCI Interrupt Link [LNKE] (IRQs 5 *10 11)
[STDERR  ] 2018-06-08T03:47:55.875518983Z: [    0.948618] ACPI: PCI Interrupt Link [LNKF] (IRQs 5 *10 11)
[STDERR  ] 2018-06-08T03:47:55.875551186Z: [    0.951016] ACPI: PCI Interrupt Link [LNKG] (IRQs 5 10 *11)
[STDERR  ] 2018-06-08T03:47:55.875591519Z: [    0.952220] ACPI: PCI Interrupt Link [LNKH] (IRQs 5 10 *11)
[STDERR  ] 2018-06-08T03:47:55.875630620Z: [    0.952765] ACPI: PCI Interrupt Link [GSIA] (IRQs *16)
[STDERR  ] 2018-06-08T03:47:55.875675456Z: [    0.953274] ACPI: PCI Interrupt Link [GSIB] (IRQs *17)
[STDERR  ] 2018-06-08T03:47:55.875704849Z: [    0.953756] ACPI: PCI Interrupt Link [GSIC] (IRQs *18)
[STDERR  ] 2018-06-08T03:47:55.875732602Z: [    0.954172] ACPI: PCI Interrupt Link [GSID] (IRQs *19)
[STDERR  ] 2018-06-08T03:47:55.875761793Z: [    0.954637] ACPI: PCI Interrupt Link [GSIE] (IRQs *20)
[STDERR  ] 2018-06-08T03:47:55.875790335Z: [    0.955109] ACPI: PCI Interrupt Link [GSIF] (IRQs *21)
[STDERR  ] 2018-06-08T03:47:55.875830309Z: [    0.955599] ACPI: PCI Interrupt Link [GSIG] (IRQs *22)
[STDERR  ] 2018-06-08T03:47:55.875858433Z: [    0.956137] ACPI: PCI Interrupt Link [GSIH] (IRQs *23)
[STDERR  ] 2018-06-08T03:47:55.875897659Z: [    0.962580] SCSI subsystem initialized
[STDERR  ] 2018-06-08T03:47:55.875928433Z: [    0.964827] ACPI: bus type USB registered
[STDERR  ] 2018-06-08T03:47:55.875955810Z: [    0.965688] usbcore: registered new interface driver usbfs
[STDERR  ] 2018-06-08T03:47:55.875994953Z: [    0.966425] usbcore: registered new interface driver hub
[STDERR  ] 2018-06-08T03:47:55.876022983Z: [    0.967222] usbcore: registered new device driver usb
[STDERR  ] 2018-06-08T03:47:55.876061550Z: [    0.968018] pps_core: LinuxPPS API ver. 1 registered
[STDERR  ] 2018-06-08T03:47:55.876093558Z: [    0.968322] pps_core: Software ver. 5.3.6 - Copyright 2005-2007 Rodolfo Giometti <giometti@linux.it>
[STDERR  ] 2018-06-08T03:47:55.876134907Z: [    0.968914] PTP clock support registered
[STDERR  ] 2018-06-08T03:47:55.876163669Z: [    0.971023] PCI: Using ACPI for IRQ routing
[STDERR  ] 2018-06-08T03:47:55.876189292Z: [    0.984129] NetLabel: Initializing
[STDERR  ] 2018-06-08T03:47:55.876228212Z: [    0.984340] NetLabel:  domain hash size = 128
[STDERR  ] 2018-06-08T03:47:55.876256562Z: [    0.984576] NetLabel:  protocols = UNLABELED CIPSOv4 CALIPSO
[STDERR  ] 2018-06-08T03:47:55.876284318Z: [    0.986533] NetLabel:  unlabeled traffic allowed by default
[STDERR  ] 2018-06-08T03:47:55.876325100Z: [    0.987872] HPET: 3 timers in total, 0 timers will be used for per-cpu timer
[STDERR  ] 2018-06-08T03:47:55.876353375Z: [    0.988583] hpet0: at MMIO 0xfed00000, IRQs 2, 8, 0
[STDERR  ] 2018-06-08T03:47:55.876394739Z: [    0.988892] hpet0: 3 comparators, 64-bit 100.000000 MHz counter
[STDERR  ] 2018-06-08T03:47:55.876423624Z: [    0.995674] clocksource: Switched to clocksource hpet
[STDERR  ] 2018-06-08T03:47:55.876451695Z: [    1.176407] VFS: Disk quotas dquot_6.6.0
[STDERR  ] 2018-06-08T03:47:55.876492391Z: [    1.177072] VFS: Dquot-cache hash table entries: 512 (order 0, 4096 bytes)
[STDERR  ] 2018-06-08T03:47:55.876519837Z: [    1.180449] FS-Cache: Loaded
[STDERR  ] 2018-06-08T03:47:55.876563989Z: [    1.185418] CacheFiles: Loaded
[STDERR  ] 2018-06-08T03:47:55.876591957Z: [    1.186372] pnp: PnP ACPI init
[STDERR  ] 2018-06-08T03:47:55.876636313Z: [    1.193977] pnp: PnP ACPI: found 5 devices
[STDERR  ] 2018-06-08T03:47:55.876665742Z: [    1.224206] clocksource: acpi_pm: mask: 0xffffff max_cycles: 0xffffff, max_idle_ns: 2085701024 ns
[STDERR  ] 2018-06-08T03:47:55.876704922Z: [    1.227433] NET: Registered protocol family 2
[STDERR  ] 2018-06-08T03:47:55.876735339Z: [    1.234628] TCP established hash table entries: 8192 (order: 4, 65536 bytes)
[STDERR  ] 2018-06-08T03:47:55.876761837Z: [    1.235424] TCP bind hash table entries: 8192 (order: 5, 131072 bytes)
[STDERR  ] 2018-06-08T03:47:55.876800650Z: [    1.236459] TCP: Hash tables configured (established 8192 bind 8192)
[STDERR  ] 2018-06-08T03:47:55.876852900Z: [    1.238321] UDP hash table entries: 512 (order: 2, 16384 bytes)
[STDERR  ] 2018-06-08T03:47:55.876884217Z: [    1.238837] UDP-Lite hash table entries: 512 (order: 2, 16384 bytes)
[STDERR  ] 2018-06-08T03:47:55.876922100Z: [    1.242050] NET: Registered protocol family 1
[STDERR  ] 2018-06-08T03:47:55.876950228Z: [    1.243243] pci 0000:00:01.0: Video device with shadowed ROM at [mem 0x000c0000-0x000dffff]
[STDERR  ] 2018-06-08T03:47:55.876981951Z: [    1.248541] Trying to unpack rootfs image as initramfs...
[STDERR  ] 2018-06-08T03:47:55.877027788Z: [    4.242912] Freeing initrd memory: 27616K
[STDERR  ] 2018-06-08T03:47:55.877054926Z: [    4.263377] PCLMULQDQ-NI instructions are not detected.
[STDERR  ] 2018-06-08T03:47:55.877093965Z: [    4.264767] AVX or AES-NI instructions are not detected.
[STDERR  ] 2018-06-08T03:47:55.877123077Z: [    4.265222] CPU feature 'AVX registers' is not supported.
[STDERR  ] 2018-06-08T03:47:55.877151568Z: [    4.265556] CPU feature 'AVX registers' is not supported.
[STDERR  ] 2018-06-08T03:47:55.877190628Z: [    4.265891] CPU feature 'AVX registers' is not supported.
[STDERR  ] 2018-06-08T03:47:55.877218799Z: [    4.266063] CPU feature 'AVX registers' is not supported.
[STDERR  ] 2018-06-08T03:47:55.877259606Z: [    4.266426] AVX2 or AES-NI instructions are not detected.
[STDERR  ] 2018-06-08T03:47:55.877290434Z: [    4.266748] AVX2 instructions are not detected.
[STDERR  ] 2018-06-08T03:47:55.877321318Z: [    4.271483] audit: initializing netlink subsys (disabled)
[STDERR  ] 2018-06-08T03:47:55.877363382Z: [    4.276383] audit: type=2000 audit(1528429651.270:1): state=initialized audit_enabled=0 res=1
[STDERR  ] 2018-06-08T03:47:55.877394345Z: [    4.277708] workingset: timestamp_bits=46 max_order=18 bucket_order=0
[STDERR  ] 2018-06-08T03:47:55.877434996Z: [    4.283437] squashfs: version 4.0 (2009/01/31) Phillip Lougher
[STDERR  ] 2018-06-08T03:47:55.877462818Z: [    4.285790] FS-Cache: Netfs 'cifs' registered for caching
[STDERR  ] 2018-06-08T03:47:55.877490450Z: [    4.286599] fuse init (API version 7.26)
[STDERR  ] 2018-06-08T03:47:55.877528207Z: [    4.288393] SGI XFS with ACLs, security attributes, no debug enabled
[STDERR  ] 2018-06-08T03:47:55.877557619Z: [    4.291826] 9p: Installing v9fs 9p2000 file system support
[STDERR  ] 2018-06-08T03:47:55.877584560Z: [    4.292255] FS-Cache: Netfs '9p' registered for caching
[STDERR  ] 2018-06-08T03:47:55.877619107Z: [    4.317824] NET: Registered protocol family 38
[STDERR  ] 2018-06-08T03:47:55.877646668Z: [    4.318344] Key type asymmetric registered
[STDERR  ] 2018-06-08T03:47:55.877685926Z: [    4.318763] Asymmetric key parser 'x509' registered
[STDERR  ] 2018-06-08T03:47:55.877715594Z: [    4.319646] Block layer SCSI generic (bsg) driver version 0.4 loaded (major 247)
[STDERR  ] 2018-06-08T03:47:55.877744318Z: [    4.322249] io scheduler noop registered
[STDERR  ] 2018-06-08T03:47:55.877772572Z: [    4.322587] io scheduler deadline registered (default)
[STDERR  ] 2018-06-08T03:47:55.877805883Z: [    4.323360] io scheduler cfq registered
[STDERR  ] 2018-06-08T03:47:55.877834261Z: [    4.323614] io scheduler mq-deadline registered
[STDERR  ] 2018-06-08T03:47:55.877861332Z: [    4.323857] io scheduler kyber registered
[STDERR  ] 2018-06-08T03:47:55.877898767Z: [    4.326487] shpchp: Standard Hot Plug PCI Controller Driver version: 0.4
[STDERR  ] 2018-06-08T03:47:55.877930708Z: [    4.327168] hv_vmbus: registering driver hyperv_fb
[STDERR  ] 2018-06-08T03:47:55.877959876Z: [    4.329791] input: Power Button as /devices/LNXSYSTM:00/LNXPWRBN:00/input/input0
[STDERR  ] 2018-06-08T03:47:55.877988373Z: [    4.334392] ACPI: Power Button [PWRF]
[STDERR  ] 2018-06-08T03:47:55.878016350Z: [    4.346120] ACPI: PCI Interrupt Link [GSIG] enabled at IRQ 22
[STDERR  ] 2018-06-08T03:47:55.878044126Z: [    4.355612] ACPI: PCI Interrupt Link [GSIH] enabled at IRQ 23
[STDERR  ] 2018-06-08T03:47:55.878072117Z: [    4.361651] Serial: 8250/16550 driver, 4 ports, IRQ sharing disabled
[STDERR  ] 2018-06-08T03:47:55.878106982Z: [    4.385415] 00:04: ttyS0 at I/O 0x3f8 (irq = 4, base_baud = 115200) is a 16550A
[STDERR  ] 2018-06-08T03:47:55.878136512Z: [    4.394741] Non-volatile memory driver v1.3
[STDERR  ] 2018-06-08T03:47:55.878162634Z: [    4.400906] Hangcheck: starting hangcheck timer 0.9.1 (tick is 180 seconds, margin is 60 seconds).
[STDERR  ] 2018-06-08T03:47:55.878195640Z: [    4.411016] random: fast init done
[STDERR  ] 2018-06-08T03:47:55.878223799Z: [    4.412169] random: crng init done
[STDERR  ] 2018-06-08T03:47:55.878251847Z: [    4.450497] brd: module loaded
[STDERR  ] 2018-06-08T03:47:55.878299081Z: [    4.473269] loop: module loaded
[STDERR  ] 2018-06-08T03:47:55.878329056Z: [    4.511071] lpc_ich 0000:00:1f.0: I/O space for GPIO uninitialized
[STDERR  ] 2018-06-08T03:47:55.878357663Z: [    4.513146] VMware PVSCSI driver - version 1.0.7.0-k
[STDERR  ] 2018-06-08T03:47:55.878384993Z: [    4.513804] hv_vmbus: registering driver hv_storvsc
[STDERR  ] 2018-06-08T03:47:55.878413192Z: [    4.520012] ACPI: PCI Interrupt Link [GSIA] enabled at IRQ 16
[STDERR  ] 2018-06-08T03:47:55.878444485Z: [    4.530717] ahci 0000:00:1f.2: AHCI 0001.0000 32 slots 6 ports 1.5 Gbps 0x3f impl SATA mode
[STDERR  ] 2018-06-08T03:47:55.878474585Z: [    4.531427] ahci 0000:00:1f.2: flags: 64bit ncq only 
[STDERR  ] 2018-06-08T03:47:55.878501967Z: [    4.543614] scsi host0: ahci
[STDERR  ] 2018-06-08T03:47:55.878526658Z: [    4.546078] scsi host1: ahci
[STDERR  ] 2018-06-08T03:47:55.878557173Z: [    4.547957] scsi host2: ahci
[STDERR  ] 2018-06-08T03:47:55.878585290Z: [    4.549777] scsi host3: ahci
[STDERR  ] 2018-06-08T03:47:55.878618482Z: [    4.551776] scsi host4: ahci
[STDERR  ] 2018-06-08T03:47:55.878646756Z: [    4.553096] scsi host5: ahci
[STDERR  ] 2018-06-08T03:47:55.878672648Z: [    4.554233] ata1: SATA max UDMA/133 abar m4096@0xfebd2000 port 0xfebd2100 irq 24
[STDERR  ] 2018-06-08T03:47:55.878706259Z: [    4.554716] ata2: SATA max UDMA/133 abar m4096@0xfebd2000 port 0xfebd2180 irq 24
[STDERR  ] 2018-06-08T03:47:55.878733630Z: [    4.555104] ata3: SATA max UDMA/133 abar m4096@0xfebd2000 port 0xfebd2200 irq 24
[STDERR  ] 2018-06-08T03:47:55.878760875Z: [    4.555451] ata4: SATA max UDMA/133 abar m4096@0xfebd2000 port 0xfebd2280 irq 24
[STDERR  ] 2018-06-08T03:47:55.878789705Z: [    4.555780] ata5: SATA max UDMA/133 abar m4096@0xfebd2000 port 0xfebd2300 irq 24
[STDERR  ] 2018-06-08T03:47:55.878817980Z: [    4.556072] ata6: SATA max UDMA/133 abar m4096@0xfebd2000 port 0xfebd2380 irq 24
[STDERR  ] 2018-06-08T03:47:55.878850327Z: [    4.565559] tun: Universal TUN/TAP device driver, 1.6
[STDERR  ] 2018-06-08T03:47:55.878879732Z: [    4.575650] VMware vmxnet3 virtual NIC driver - version 1.4.a.0-k-NAPI
[STDERR  ] 2018-06-08T03:47:55.878908474Z: [    4.576341] hv_vmbus: registering driver hv_netvsc
[STDERR  ] 2018-06-08T03:47:55.878936436Z: [    4.576639] Fusion MPT base driver 3.04.20
[STDERR  ] 2018-06-08T03:47:55.878991641Z: [    4.576821] Copyright (c) 1999-2008 LSI Corporation
[STDOUT  ] 2018-06-08T03:47:55.879003430Z: [    0.000000] Linux version 4.14.47-linuxkit (root@5d6b265bec24) (gcc version 6.4.0 (Alpine 6.4.0)) #1 SMP Tue Jun 5 21:06:00 UTC 2018
[STDOUT  ] 2018-06-08T03:47:55.879041298Z: [    0.000000] Command line: console=ttyS0 console=ttyAMA0
[STDERR  ] 2018-06-08T03:47:55.879022747Z: [    4.577344] Fusion MPT SPI Host driver 3.04.20
[STDOUT  ] 2018-06-08T03:47:55.879051828Z: [    0.000000] x86/fpu: x87 FPU will use FXSAVE
[STDOUT  ] 2018-06-08T03:47:55.879061701Z: [    0.000000] e820: BIOS-provided physical RAM map:
[STDOUT  ] 2018-06-08T03:47:55.879079427Z: [    0.000000] BIOS-e820: [mem 0x0000000000000000-0x000000000009fbff] usable
[STDERR  ] 2018-06-08T03:47:55.879053508Z: [    4.578983] i8042: PNP: PS/2 Controller [PNP0303:KBD,PNP0f13:MOU] at 0x60,0x64 irq 1,12
[STDOUT  ] 2018-06-08T03:47:55.879088857Z: [    0.000000] BIOS-e820: [mem 0x000000000009fc00-0x000000000009ffff] reserved
[STDERR  ] 2018-06-08T03:47:55.879086965Z: [    4.583351] serio: i8042 KBD port at 0x60,0x64 irq 1
[STDERR  ] 2018-06-08T03:47:55.879129081Z: [    4.583955] serio: i8042 AUX port at 0x60,0x64 irq 12
[STDOUT  ] 2018-06-08T03:47:55.879097923Z: [    0.000000] BIOS-e820: [mem 0x00000000000f0000-0x00000000000fffff] reserved
[STDOUT  ] 2018-06-08T03:47:55.879199274Z: [    0.000000] BIOS-e820: [mem 0x0000000000100000-0x000000003ffdefff] usable
[STDOUT  ] 2018-06-08T03:47:55.879209815Z: [    0.000000] BIOS-e820: [mem 0x000000003ffdf000-0x000000003fffffff] reserved
[STDOUT  ] 2018-06-08T03:47:55.879223604Z: [    0.000000] BIOS-e820: [mem 0x00000000b0000000-0x00000000bfffffff] reserved
[STDOUT  ] 2018-06-08T03:47:55.879235921Z: [    0.000000] BIOS-e820: [mem 0x00000000fed1c000-0x00000000fed1ffff] reserved
[STDOUT  ] 2018-06-08T03:47:55.879244450Z: [    0.000000] BIOS-e820: [mem 0x00000000fffc0000-0x00000000ffffffff] reserved
[STDOUT  ] 2018-06-08T03:47:55.879252929Z: [    0.000000] NX (Execute Disable) protection: active
[STDOUT  ] 2018-06-08T03:47:55.879261581Z: [    0.000000] SMBIOS 2.8 present.
[STDOUT  ] 2018-06-08T03:47:55.879270291Z: [    0.000000] DMI: QEMU Standard PC (Q35 + ICH9, 2009), BIOS rel-1.10.2-0-g5f4c7b1-prebuilt.qemu-project.org 04/01/2014
[STDOUT  ] 2018-06-08T03:47:55.879279413Z: [    0.000000] tsc: Fast TSC calibration using PIT
[STDOUT  ] 2018-06-08T03:47:55.879288710Z: [    0.000000] e820: last_pfn = 0x3ffdf max_arch_pfn = 0x400000000
[STDOUT  ] 2018-06-08T03:47:55.879297220Z: [    0.000000] x86/PAT: Configuration [0-7]: WB  WC  UC- UC  WB  WP  UC- WT  
[STDOUT  ] 2018-06-08T03:47:55.879305660Z: [    0.000000] found SMP MP-table at [mem 0x000f6aa0-0x000f6aaf] mapped at [ffffffffff200aa0]
[STDOUT  ] 2018-06-08T03:47:55.879315149Z: [    0.000000] RAMDISK: [mem 0x3e4d8000-0x3ffcffff]
[STDOUT  ] 2018-06-08T03:47:55.879324890Z: [    0.000000] ACPI: Early table checksum verification disabled
[STDOUT  ] 2018-06-08T03:47:55.879333392Z: [    0.000000] ACPI: RSDP 0x00000000000F68B0 000014 (v00 BOCHS )
[STDOUT  ] 2018-06-08T03:47:55.879342395Z: [    0.000000] ACPI: RSDT 0x000000003FFE20A8 000034 (v01 BOCHS  BXPCRSDT 00000001 BXPC 00000001)
[STDOUT  ] 2018-06-08T03:47:55.879351485Z: [    0.000000] ACPI: FACP 0x000000003FFE1EC8 0000F4 (v03 BOCHS  BXPCFACP 00000001 BXPC 00000001)
[STDOUT  ] 2018-06-08T03:47:55.879360286Z: [    0.000000] ACPI: DSDT 0x000000003FFE0040 001E88 (v01 BOCHS  BXPCDSDT 00000001 BXPC 00000001)
[STDOUT  ] 2018-06-08T03:47:55.879369013Z: [    0.000000] ACPI: FACS 0x000000003FFE0000 000040
[STDOUT  ] 2018-06-08T03:47:55.879378130Z: [    0.000000] ACPI: APIC 0x000000003FFE1FBC 000078 (v01 BOCHS  BXPCAPIC 00000001 BXPC 00000001)
[STDOUT  ] 2018-06-08T03:47:55.879387194Z: [    0.000000] ACPI: HPET 0x000000003FFE2034 000038 (v01 BOCHS  BXPCHPET 00000001 BXPC 00000001)
[STDOUT  ] 2018-06-08T03:47:55.879396007Z: [    0.000000] ACPI: MCFG 0x000000003FFE206C 00003C (v01 BOCHS  BXPCMCFG 00000001 BXPC 00000001)
[STDOUT  ] 2018-06-08T03:47:55.879404476Z: [    0.000000] Zone ranges:
[STDOUT  ] 2018-06-08T03:47:55.879413387Z: [    0.000000]   DMA      [mem 0x0000000000001000-0x0000000000ffffff]
[STDOUT  ] 2018-06-08T03:47:55.879422252Z: [    0.000000]   DMA32    [mem 0x0000000001000000-0x000000003ffdefff]
[STDOUT  ] 2018-06-08T03:47:55.879432789Z: [    0.000000]   Normal   empty
[STDOUT  ] 2018-06-08T03:47:55.879441432Z: [    0.000000]   Device   empty
[STDOUT  ] 2018-06-08T03:47:55.879449846Z: [    0.000000] Movable zone start for each node
[STDOUT  ] 2018-06-08T03:47:55.879458828Z: [    0.000000] Early memory node ranges
[STDOUT  ] 2018-06-08T03:47:55.879467956Z: [    0.000000]   node   0: [mem 0x0000000000001000-0x000000000009efff]
[STDOUT  ] 2018-06-08T03:47:55.879476003Z: [    0.000000]   node   0: [mem 0x0000000000100000-0x000000003ffdefff]
[STDOUT  ] 2018-06-08T03:47:55.879484172Z: [    0.000000] Initmem setup node 0 [mem 0x0000000000001000-0x000000003ffdefff]
[STDOUT  ] 2018-06-08T03:47:55.879492514Z: [    0.000000] ACPI: PM-Timer IO Port: 0x608
[STDOUT  ] 2018-06-08T03:47:55.879501885Z: [    0.000000] ACPI: LAPIC_NMI (acpi_id[0xff] dfl dfl lint[0x1])
[STDOUT  ] 2018-06-08T03:47:55.879510420Z: [    0.000000] IOAPIC[0]: apic_id 0, version 32, address 0xfec00000, GSI 0-23
[STDOUT  ] 2018-06-08T03:47:55.879522979Z: [    0.000000] ACPI: INT_SRC_OVR (bus 0 bus_irq 0 global_irq 2 dfl dfl)
[STDOUT  ] 2018-06-08T03:47:55.879533675Z: [    0.000000] ACPI: INT_SRC_OVR (bus 0 bus_irq 5 global_irq 5 high level)
[STDOUT  ] 2018-06-08T03:47:55.879541885Z: [    0.000000] ACPI: INT_SRC_OVR (bus 0 bus_irq 9 global_irq 9 high level)
[STDOUT  ] 2018-06-08T03:47:55.879550013Z: [    0.000000] ACPI: INT_SRC_OVR (bus 0 bus_irq 10 global_irq 10 high level)
[STDOUT  ] 2018-06-08T03:47:55.879562552Z: [    0.000000] ACPI: INT_SRC_OVR (bus 0 bus_irq 11 global_irq 11 high level)
[STDOUT  ] 2018-06-08T03:47:55.879570554Z: [    0.000000] Using ACPI (MADT) for SMP configuration information
[STDOUT  ] 2018-06-08T03:47:55.879579463Z: [    0.000000] ACPI: HPET id: 0x8086a201 base: 0xfed00000
[STDOUT  ] 2018-06-08T03:47:55.879588501Z: [    0.000000] smpboot: Allowing 1 CPUs, 0 hotplug CPUs
[STDOUT  ] 2018-06-08T03:47:55.879596598Z: [    0.000000] e820: [mem 0x40000000-0xafffffff] available for PCI devices
[STDOUT  ] 2018-06-08T03:47:55.879612233Z: [    0.000000] Booting paravirtualized kernel on bare hardware
[STDOUT  ] 2018-06-08T03:47:55.879621038Z: [    0.000000] clocksource: refined-jiffies: mask: 0xffffffff max_cycles: 0xffffffff, max_idle_ns: 19112604462750000 ns
[STDOUT  ] 2018-06-08T03:47:55.879629726Z: [    0.000000] random: get_random_bytes called from start_kernel+0x92/0x4c8 with crng_init=0
[STDOUT  ] 2018-06-08T03:47:55.879638623Z: [    0.000000] setup_percpu: NR_CPUS:128 nr_cpumask_bits:128 nr_cpu_ids:1 nr_node_ids:1
[STDOUT  ] 2018-06-08T03:47:55.879650235Z: [    0.000000] percpu: Embedded 44 pages/cpu @ffff98293e200000 s143256 r8192 d28776 u2097152
[STDOUT  ] 2018-06-08T03:47:55.879661267Z: [    0.000000] Built 1 zonelists, mobility grouping on.  Total pages: 257896
[STDOUT  ] 2018-06-08T03:47:55.879671492Z: [    0.000000] Kernel command line: console=ttyS0 console=ttyAMA0
[STDOUT  ] 2018-06-08T03:47:55.879679858Z: [    0.000000] PID hash table entries: 4096 (order: 3, 32768 bytes)
[STDOUT  ] 2018-06-08T03:47:55.879687475Z: [    0.000000] Dentry cache hash table entries: 131072 (order: 8, 1048576 bytes)
[STDOUT  ] 2018-06-08T03:47:55.879695672Z: [    0.000000] Inode-cache hash table entries: 65536 (order: 7, 524288 bytes)
[STDOUT  ] 2018-06-08T03:47:55.879704468Z: [    0.000000] Memory: 977176K/1048052K available (12300K kernel code, 1464K rwdata, 2992K rodata, 1512K init, 632K bss, 70876K reserved, 0K cma-reserved)
[STDOUT  ] 2018-06-08T03:47:55.879713009Z: [    0.000000] ftrace: allocating 41020 entries in 161 pages
[STDOUT  ] 2018-06-08T03:47:55.879721712Z: [    0.000000] Hierarchical RCU implementation.
[STDOUT  ] 2018-06-08T03:47:55.879730705Z: [    0.000000] 	RCU restricting CPUs from NR_CPUS=128 to nr_cpu_ids=1.
[STDOUT  ] 2018-06-08T03:47:55.879738421Z: [    0.000000] RCU: Adjusting geometry for rcu_fanout_leaf=16, nr_cpu_ids=1
[STDOUT  ] 2018-06-08T03:47:55.879746896Z: [    0.000000] NR_IRQS: 8448, nr_irqs: 256, preallocated irqs: 16
[STDOUT  ] 2018-06-08T03:47:55.879754787Z: [    0.000000] Console: colour VGA+ 80x25
[STDOUT  ] 2018-06-08T03:47:55.879763109Z: [    0.000000] console [ttyS0] enabled
[STDOUT  ] 2018-06-08T03:47:55.879771478Z: [    0.000000] clocksource: hpet: mask: 0xffffffff max_cycles: 0xffffffff, max_idle_ns: 19112604467 ns
[STDOUT  ] 2018-06-08T03:47:55.879780213Z: [    0.000000] tsc: Fast TSC calibration using PIT
[STDOUT  ] 2018-06-08T03:47:55.879788589Z: [    0.000000] tsc: Detected 2599.811 MHz processor
[STDOUT  ] 2018-06-08T03:47:55.879799492Z: [    0.001713] Calibrating delay loop (skipped), value calculated using timer frequency.. 5199.62 BogoMIPS (lpj=25998110)
[STDOUT  ] 2018-06-08T03:47:55.879809800Z: [    0.002168] pid_max: default: 32768 minimum: 301
[STDOUT  ] 2018-06-08T03:47:55.879822189Z: [    0.002901] ACPI: Core revision 20170728
[STDOUT  ] 2018-06-08T03:47:55.879830063Z: [    0.036265] ACPI: 1 ACPI AML tables successfully acquired and loaded
[STDOUT  ] 2018-06-08T03:47:55.879838536Z: [    0.038238] Security Framework initialized
[STDOUT  ] 2018-06-08T03:47:55.879850335Z: [    0.038658] Yama: becoming mindful.
[STDOUT  ] 2018-06-08T03:47:55.879858614Z: [    0.041420] Mount-cache hash table entries: 2048 (order: 2, 16384 bytes)
[STDOUT  ] 2018-06-08T03:47:55.879866806Z: [    0.041851] Mountpoint-cache hash table entries: 2048 (order: 2, 16384 bytes)
[STDOUT  ] 2018-06-08T03:47:55.879875082Z: [    0.058143] Last level iTLB entries: 4KB 0, 2MB 0, 4MB 0
[STDOUT  ] 2018-06-08T03:47:55.879888838Z: [    0.058493] Last level dTLB entries: 4KB 0, 2MB 0, 4MB 0, 1GB 0
[STDOUT  ] 2018-06-08T03:47:55.879897347Z: [    0.058886] Spectre V2 : Spectre mitigation: LFENCE not serializing, switching to generic retpoline
[STDOUT  ] 2018-06-08T03:47:55.879906535Z: [    0.059137] Spectre V2 : Vulnerable: Minimal generic ASM retpoline
[STDOUT  ] 2018-06-08T03:47:55.879915007Z: [    0.059330] Spectre V2 : Spectre v2 mitigation: Filling RSB on context switch
[STDOUT  ] 2018-06-08T03:47:55.879922732Z: [    0.059616] Speculative Store Bypass: Vulnerable
[STDOUT  ] 2018-06-08T03:47:55.879930938Z: [    0.336132] Freeing SMP alternatives memory: 20K
[STDOUT  ] 2018-06-08T03:47:55.879939123Z: [    0.357196] smpboot: Max logical packages: 1
[STDOUT  ] 2018-06-08T03:47:55.879947320Z: [    0.364493] ..TIMER: vector=0x30 apic1=0 pin1=2 apic2=-1 pin2=-1
[STDOUT  ] 2018-06-08T03:47:55.879955535Z: [    0.470000] smpboot: CPU0: AMD QEMU Virtual CPU version 2.5+ (family: 0x6, model: 0x6, stepping: 0x3)
[STDOUT  ] 2018-06-08T03:47:55.879964608Z: [    0.470000] Performance Events: PMU not available due to virtualization, using software events only.
[STDOUT  ] 2018-06-08T03:47:55.879975272Z: [    0.470360] Hierarchical SRCU implementation.
[STDOUT  ] 2018-06-08T03:47:55.879983824Z: [    0.476127] NMI watchdog: Perf event create on CPU 0 failed with -2
[STDOUT  ] 2018-06-08T03:47:55.879992256Z: [    0.476503] NMI watchdog: Perf NMI watchdog permanently disabled
[STDOUT  ] 2018-06-08T03:47:55.880000473Z: [    0.481139] smp: Bringing up secondary CPUs ...
[STDOUT  ] 2018-06-08T03:47:55.880009343Z: [    0.481601] smp: Brought up 1 node, 1 CPU
[STDOUT  ] 2018-06-08T03:47:55.880017798Z: [    0.481923] smpboot: Total of 1 processors activated (5199.62 BogoMIPS)
[STDOUT  ] 2018-06-08T03:47:55.880025750Z: [    0.495835] devtmpfs: initialized
[STDOUT  ] 2018-06-08T03:47:55.880034053Z: [    0.502487] x86/mm: Memory block size: 128MB
[STDOUT  ] 2018-06-08T03:47:55.880042197Z: [    0.507241] evm: security.ima
[STDOUT  ] 2018-06-08T03:47:55.880050541Z: [    0.507411] evm: security.capability
[STDOUT  ] 2018-06-08T03:47:55.880058466Z: [    0.510980] clocksource: jiffies: mask: 0xffffffff max_cycles: 0xffffffff, max_idle_ns: 19112604462750000 ns
[STDOUT  ] 2018-06-08T03:47:55.880066769Z: [    0.511760] futex hash table entries: 256 (order: 2, 16384 bytes)
[STDOUT  ] 2018-06-08T03:47:55.880075236Z: [    0.521959] NET: Registered protocol family 16
[STDOUT  ] 2018-06-08T03:47:55.880083196Z: [    0.527650] cpuidle: using governor ladder
[STDOUT  ] 2018-06-08T03:47:55.880091157Z: [    0.528050] cpuidle: using governor menu
[STDOUT  ] 2018-06-08T03:47:55.880099468Z: [    0.529572] ACPI: bus type PCI registered
[STDOUT  ] 2018-06-08T03:47:55.880108107Z: [    0.535759] PCI: MMCONFIG for domain 0000 [bus 00-ff] at [mem 0xb0000000-0xbfffffff] (base 0xb0000000)
[STDOUT  ] 2018-06-08T03:47:55.880116303Z: [    0.536682] PCI: MMCONFIG at [mem 0xb0000000-0xbfffffff] reserved in E820
[STDOUT  ] 2018-06-08T03:47:55.880124126Z: [    0.537493] PCI: Using configuration type 1 for base access
[STDOUT  ] 2018-06-08T03:47:55.880132417Z: [    0.573708] HugeTLB registered 2.00 MiB page size, pre-allocated 0 pages
[STDOUT  ] 2018-06-08T03:47:55.880141663Z: [    0.583940] ACPI: Added _OSI(Module Device)
[STDOUT  ] 2018-06-08T03:47:55.880149497Z: [    0.584259] ACPI: Added _OSI(Processor Device)
[STDOUT  ] 2018-06-08T03:47:55.880157969Z: [    0.584466] ACPI: Added _OSI(3.0 _SCP Extensions)
[STDOUT  ] 2018-06-08T03:47:55.880166303Z: [    0.584675] ACPI: Added _OSI(Processor Aggregator Device)
[STDOUT  ] 2018-06-08T03:47:55.880174387Z: [    0.630711] ACPI: Interpreter enabled
[STDOUT  ] 2018-06-08T03:47:55.880195131Z: [    0.631525] ACPI: (supports S0 S5)
[STDOUT  ] 2018-06-08T03:47:55.880203966Z: [    0.631832] ACPI: Using IOAPIC for interrupt routing
[STDOUT  ] 2018-06-08T03:47:55.880212370Z: [    0.634120] PCI: Using host bridge windows from ACPI; if necessary, use "pci=nocrs" and report a bug
[STDOUT  ] 2018-06-08T03:47:55.880220200Z: [    0.637054] ACPI: Enabled 1 GPEs in block 00 to 3F
[STDOUT  ] 2018-06-08T03:47:55.880232297Z: [    0.679642] ACPI: PCI Root Bridge [PCI0] (domain 0000 [bus 00-ff])
[STDOUT  ] 2018-06-08T03:47:55.880240464Z: [    0.680331] acpi PNP0A08:00: _OSC: OS supports [ExtendedConfig ASPM ClockPM Segments MSI]
[STDOUT  ] 2018-06-08T03:47:55.880248771Z: [    0.684683] acpi PNP0A08:00: _OSC: OS now controls [PCIeHotplug PME PCIeCapability]
[STDOUT  ] 2018-06-08T03:47:55.880257420Z: [    0.688084] PCI host bridge to bus 0000:00
[STDOUT  ] 2018-06-08T03:47:55.880267522Z: [    0.688582] pci_bus 0000:00: root bus resource [io  0x0000-0x0cf7 window]
[STDOUT  ] 2018-06-08T03:47:55.880276088Z: [    0.688903] pci_bus 0000:00: root bus resource [io  0x0d00-0xffff window]
[STDOUT  ] 2018-06-08T03:47:55.880284234Z: [    0.689190] pci_bus 0000:00: root bus resource [mem 0x000a0000-0x000bffff window]
[STDOUT  ] 2018-06-08T03:47:55.880292092Z: [    0.689486] pci_bus 0000:00: root bus resource [mem 0xc0000000-0xfebfffff window]
[STDOUT  ] 2018-06-08T03:47:55.880300308Z: [    0.690278] pci_bus 0000:00: root bus resource [bus 00-ff]
[STDOUT  ] 2018-06-08T03:47:55.880308240Z: [    0.851803] pci 0000:00:1f.0: quirk: [io  0x0600-0x067f] claimed by ICH6 ACPI/GPIO/TCO
[STDOUT  ] 2018-06-08T03:47:55.880325278Z: [    0.940534] ACPI: PCI Interrupt Link [LNKA] (IRQs 5 *10 11)
[STDOUT  ] 2018-06-08T03:47:55.880333352Z: [    0.942463] ACPI: PCI Interrupt Link [LNKB] (IRQs 5 *10 11)
[STDOUT  ] 2018-06-08T03:47:55.880341573Z: [    0.944004] ACPI: PCI Interrupt Link [LNKC] (IRQs 5 10 *11)
[STDOUT  ] 2018-06-08T03:47:55.880350089Z: [    0.945575] ACPI: PCI Interrupt Link [LNKD] (IRQs 5 10 *11)
[STDOUT  ] 2018-06-08T03:47:55.880357977Z: [    0.947072] ACPI: PCI Interrupt Link [LNKE] (IRQs 5 *10 11)
[STDOUT  ] 2018-06-08T03:47:55.880366609Z: [    0.948618] ACPI: PCI Interrupt Link [LNKF] (IRQs 5 *10 11)
[STDOUT  ] 2018-06-08T03:47:55.880374698Z: [    0.951016] ACPI: PCI Interrupt Link [LNKG] (IRQs 5 10 *11)
[STDOUT  ] 2018-06-08T03:47:55.880382685Z: [    0.952220] ACPI: PCI Interrupt Link [LNKH] (IRQs 5 10 *11)
[STDOUT  ] 2018-06-08T03:47:55.880397149Z: [    0.952765] ACPI: PCI Interrupt Link [GSIA] (IRQs *16)
[STDOUT  ] 2018-06-08T03:47:55.880405391Z: [    0.953274] ACPI: PCI Interrupt Link [GSIB] (IRQs *17)
[STDOUT  ] 2018-06-08T03:47:55.880413506Z: [    0.953756] ACPI: PCI Interrupt Link [GSIC] (IRQs *18)
[STDOUT  ] 2018-06-08T03:47:55.880421912Z: [    0.954172] ACPI: PCI Interrupt Link [GSID] (IRQs *19)
[STDOUT  ] 2018-06-08T03:47:55.880429904Z: [    0.954637] ACPI: PCI Interrupt Link [GSIE] (IRQs *20)
[STDOUT  ] 2018-06-08T03:47:55.880437862Z: [    0.955109] ACPI: PCI Interrupt Link [GSIF] (IRQs *21)
[STDOUT  ] 2018-06-08T03:47:55.880446299Z: [    0.955599] ACPI: PCI Interrupt Link [GSIG] (IRQs *22)
[STDOUT  ] 2018-06-08T03:47:55.880454592Z: [    0.956137] ACPI: PCI Interrupt Link [GSIH] (IRQs *23)
[STDOUT  ] 2018-06-08T03:47:55.880462896Z: [    0.962580] SCSI subsystem initialized
[STDOUT  ] 2018-06-08T03:47:55.880470958Z: [    0.964827] ACPI: bus type USB registered
[STDOUT  ] 2018-06-08T03:47:55.880479298Z: [    0.965688] usbcore: registered new interface driver usbfs
[STDOUT  ] 2018-06-08T03:47:55.880487369Z: [    0.966425] usbcore: registered new interface driver hub
[STDOUT  ] 2018-06-08T03:47:55.880495070Z: [    0.967222] usbcore: registered new device driver usb
[STDOUT  ] 2018-06-08T03:47:55.880503237Z: [    0.968018] pps_core: LinuxPPS API ver. 1 registered
[STDOUT  ] 2018-06-08T03:47:55.880511656Z: [    0.968322] pps_core: Software ver. 5.3.6 - Copyright 2005-2007 Rodolfo Giometti <giometti@linux.it>
[STDOUT  ] 2018-06-08T03:47:55.880519585Z: [    0.968914] PTP clock support registered
[STDOUT  ] 2018-06-08T03:47:55.880531387Z: [    0.971023] PCI: Using ACPI for IRQ routing
[STDOUT  ] 2018-06-08T03:47:55.880539927Z: [    0.984129] NetLabel: Initializing
[STDOUT  ] 2018-06-08T03:47:55.880547659Z: [    0.984340] NetLabel:  domain hash size = 128
[STDOUT  ] 2018-06-08T03:47:55.880556210Z: [    0.984576] NetLabel:  protocols = UNLABELED CIPSOv4 CALIPSO
[STDOUT  ] 2018-06-08T03:47:55.880564372Z: [    0.986533] NetLabel:  unlabeled traffic allowed by default
[STDOUT  ] 2018-06-08T03:47:55.880576367Z: [    0.987872] HPET: 3 timers in total, 0 timers will be used for per-cpu timer
[STDOUT  ] 2018-06-08T03:47:55.880585114Z: [    0.988583] hpet0: at MMIO 0xfed00000, IRQs 2, 8, 0
[STDOUT  ] 2018-06-08T03:47:55.880593910Z: [    0.988892] hpet0: 3 comparators, 64-bit 100.000000 MHz counter
[STDOUT  ] 2018-06-08T03:47:55.880607019Z: [    0.995674] clocksource: Switched to clocksource hpet
[STDOUT  ] 2018-06-08T03:47:55.880615038Z: [    1.176407] VFS: Disk quotas dquot_6.6.0
[STDOUT  ] 2018-06-08T03:47:55.880623371Z: [    1.177072] VFS: Dquot-cache hash table entries: 512 (order 0, 4096 bytes)
[STDOUT  ] 2018-06-08T03:47:55.880633584Z: [    1.180449] FS-Cache: Loaded
[STDOUT  ] 2018-06-08T03:47:55.880641940Z: [    1.185418] CacheFiles: Loaded
[STDOUT  ] 2018-06-08T03:47:55.880650115Z: [    1.186372] pnp: PnP ACPI init
[STDOUT  ] 2018-06-08T03:47:55.880658397Z: [    1.193977] pnp: PnP ACPI: found 5 devices
[STDOUT  ] 2018-06-08T03:47:55.880668204Z: [    1.224206] clocksource: acpi_pm: mask: 0xffffff max_cycles: 0xffffff, max_idle_ns: 2085701024 ns
[STDOUT  ] 2018-06-08T03:47:55.880676986Z: [    1.227433] NET: Registered protocol family 2
[STDOUT  ] 2018-06-08T03:47:55.880685403Z: [    1.234628] TCP established hash table entries: 8192 (order: 4, 65536 bytes)
[STDOUT  ] 2018-06-08T03:47:55.880693753Z: [    1.235424] TCP bind hash table entries: 8192 (order: 5, 131072 bytes)
[STDOUT  ] 2018-06-08T03:47:55.880702286Z: [    1.236459] TCP: Hash tables configured (established 8192 bind 8192)
[STDOUT  ] 2018-06-08T03:47:55.880710624Z: [    1.238321] UDP hash table entries: 512 (order: 2, 16384 bytes)
[STDOUT  ] 2018-06-08T03:47:55.880718935Z: [    1.238837] UDP-Lite hash table entries: 512 (order: 2, 16384 bytes)
[STDOUT  ] 2018-06-08T03:47:55.880726798Z: [    1.242050] NET: Registered protocol family 1
[STDOUT  ] 2018-06-08T03:47:55.880735079Z: [    1.243243] pci 0000:00:01.0: Video device with shadowed ROM at [mem 0x000c0000-0x000dffff]
[STDOUT  ] 2018-06-08T03:47:55.880743250Z: [    1.248541] Trying to unpack rootfs image as initramfs...
[STDOUT  ] 2018-06-08T03:47:55.880754038Z: [    4.242912] Freeing initrd memory: 27616K
[STDOUT  ] 2018-06-08T03:47:55.880767740Z: [    4.263377] PCLMULQDQ-NI instructions are not detected.
[STDOUT  ] 2018-06-08T03:47:55.880776584Z: [    4.264767] AVX or AES-NI instructions are not detected.
[STDOUT  ] 2018-06-08T03:47:55.880785243Z: [    4.265222] CPU feature 'AVX registers' is not supported.
[STDOUT  ] 2018-06-08T03:47:55.880794065Z: [    4.265556] CPU feature 'AVX registers' is not supported.
[STDOUT  ] 2018-06-08T03:47:55.880804512Z: [    4.265891] CPU feature 'AVX registers' is not supported.
[STDOUT  ] 2018-06-08T03:47:55.880812860Z: [    4.266063] CPU feature 'AVX registers' is not supported.
[STDOUT  ] 2018-06-08T03:47:55.880821272Z: [    4.266426] AVX2 or AES-NI instructions are not detected.
[STDOUT  ] 2018-06-08T03:47:55.880864469Z: [    4.266748] AVX2 instructions are not detected.
[STDOUT  ] 2018-06-08T03:47:55.880873893Z: [    4.271483] audit: initializing netlink subsys (disabled)
[STDOUT  ] 2018-06-08T03:47:55.880881887Z: [    4.276383] audit: type=2000 audit(1528429651.270:1): state=initialized audit_enabled=0 res=1
[STDOUT  ] 2018-06-08T03:47:55.880891147Z: [    4.277708] workingset: timestamp_bits=46 max_order=18 bucket_order=0
[STDOUT  ] 2018-06-08T03:47:55.880899545Z: [    4.283437] squashfs: version 4.0 (2009/01/31) Phillip Lougher
[STDOUT  ] 2018-06-08T03:47:55.880907560Z: [    4.285790] FS-Cache: Netfs 'cifs' registered for caching
[STDOUT  ] 2018-06-08T03:47:55.880919558Z: [    4.286599] fuse init (API version 7.26)
[STDOUT  ] 2018-06-08T03:47:55.880928215Z: [    4.288393] SGI XFS with ACLs, security attributes, no debug enabled
[STDOUT  ] 2018-06-08T03:47:55.880936195Z: [    4.291826] 9p: Installing v9fs 9p2000 file system support
[STDOUT  ] 2018-06-08T03:47:55.880944315Z: [    4.292255] FS-Cache: Netfs '9p' registered for caching
[STDOUT  ] 2018-06-08T03:47:55.880957214Z: [    4.317824] NET: Registered protocol family 38
[STDOUT  ] 2018-06-08T03:47:55.880965476Z: [    4.318344] Key type asymmetric registered
[STDOUT  ] 2018-06-08T03:47:55.880973831Z: [    4.318763] Asymmetric key parser 'x509' registered
[STDOUT  ] 2018-06-08T03:47:55.880982228Z: [    4.319646] Block layer SCSI generic (bsg) driver version 0.4 loaded (major 247)
[STDOUT  ] 2018-06-08T03:47:55.880990469Z: [    4.322249] io scheduler noop registered
[STDOUT  ] 2018-06-08T03:47:55.881001172Z: [    4.322587] io scheduler deadline registered (default)
[STDOUT  ] 2018-06-08T03:47:55.881009522Z: [    4.323360] io scheduler cfq registered
[STDOUT  ] 2018-06-08T03:47:55.881018239Z: [    4.323614] io scheduler mq-deadline registered
[STDOUT  ] 2018-06-08T03:47:55.881026651Z: [    4.323857] io scheduler kyber registered
[STDOUT  ] 2018-06-08T03:47:55.881037166Z: [    4.326487] shpchp: Standard Hot Plug PCI Controller Driver version: 0.4
[STDOUT  ] 2018-06-08T03:47:55.881045052Z: [    4.327168] hv_vmbus: registering driver hyperv_fb
[STDOUT  ] 2018-06-08T03:47:55.881053245Z: [    4.329791] input: Power Button as /devices/LNXSYSTM:00/LNXPWRBN:00/input/input0
