[INFO    ] 2017-06-13T20:23:37.614071025Z: Running Test linuxkit.kernel.config_4.4.x in /tmp/build/test/cases/020_kernel/000_config_4.4.x
[INFO    ] 2017-06-13T20:23:37.61417255Z: Running command: [/bin/sh -x /tmp/build/test/cases/020_kernel/000_config_4.4.x/test.sh]
[STDERR  ] 2017-06-13T20:23:37.62625577Z: + set -e
[STDERR  ] 2017-06-13T20:23:37.626267448Z: + . /tmp/build/test/cases/_lib/lib.sh
[STDERR  ] 2017-06-13T20:23:37.626273758Z: + [ -f src/github.com/linuxkit/rtf/lib/lib.sh ]
[STDERR  ] 2017-06-13T20:23:37.62627684Z: + LINUXKIT_TMPDIR=/tmp/build/test/cases/_tmp
[STDERR  ] 2017-06-13T20:23:37.626282809Z: + [ -f /tmp/build/test/cases/_tmp/env.sh ]
[STDERR  ] 2017-06-13T20:23:37.626291288Z: + . /tmp/build/test/cases/_tmp/env.sh
[STDERR  ] 2017-06-13T20:23:37.626301179Z: + export LINUXKIT_EXAMPLES_DIR=/tmp/build/test/cases/../../examples
[STDERR  ] 2017-06-13T20:23:37.626304245Z: + RT_CANCEL=253
[STDERR  ] 2017-06-13T20:23:37.626309792Z: + trap clean_up EXIT
[STDERR  ] 2017-06-13T20:23:37.626317971Z: + moby build -output kernel+initrd test-kernel-config.yml
[STDERR  ] 2017-06-13T20:23:37.68125912Z: Extract kernel image: linuxkit/kernel:4.4.x
[STDERR  ] 2017-06-13T20:23:40.014034467Z: Pull image: docker.io/linuxkit/kernel:4.4.x@sha256:2002fdca31f8493c09952a17ea256f534e89555c0ab282e6662895ee7ab58d6d
[STDERR  ] 2017-06-13T20:23:44.83785769Z: Add init containers:
[STDERR  ] 2017-06-13T20:23:44.837924166Z: Process init image: linuxkit/init:2599bcd5013ce5962aa155ee8929c26160de13bd
[STDERR  ] 2017-06-13T20:23:46.157409199Z: Process init image: linuxkit/runc:3a4e6cbf15470f62501b019b55e1caac5ee7689f
[STDERR  ] 2017-06-13T20:23:47.470934833Z: Process init image: linuxkit/containerd:b50181bc6e0084e5fcd6b6ad3cf433c4f66cae5a
[STDERR  ] 2017-06-13T20:23:49.150488229Z: Add onboot containers:
[STDERR  ] 2017-06-13T20:23:49.150533799Z:   Create OCI config for linuxkit/test-kernel-config:2acaa564c1801dd2ae1546c70c472dc58ac030a1
[STDERR  ] 2017-06-13T20:23:53.721068988Z:   Create OCI config for linuxkit/poweroff:7404cf2295df89ccfa2dda41997a28307a90cf28
[STDERR  ] 2017-06-13T20:23:55.040255563Z: Create outputs:
[STDERR  ] 2017-06-13T20:24:03.419788088Z:   test-kernel-config-kernel test-kernel-config-initrd.img test-kernel-config-cmdline
[STDERR  ] 2017-06-13T20:24:03.469244163Z: + linuxkit run test-kernel-config
[STDERR  ] 2017-06-13T20:24:03.484989516Z: Unable to find qemu-system-x86_64 within the $PATH. Using a container
[STDERR  ] 2017-06-13T20:24:56.407799988Z: + RESULT=[    0.000000] Initializing cgroup subsys cpuset
[STDERR  ] 2017-06-13T20:24:56.407822444Z: [    0.000000] Initializing cgroup subsys cpu
[STDERR  ] 2017-06-13T20:24:56.40782832Z: [    0.000000] Initializing cgroup subsys cpuacct
[STDERR  ] 2017-06-13T20:24:56.407858865Z: [    0.000000] Linux version 4.4.71-linuxkit (root@84baa8e89c00) (gcc version 6.2.1 20160822 (Alpine 6.2.1) ) #1 SMP Wed Jun 7 21:53:02 UTC 2017
[STDERR  ] 2017-06-13T20:24:56.407882956Z: [    0.000000] Command line: console=ttyS0
[STDERR  ] 2017-06-13T20:24:56.407894136Z: [    0.000000] x86/fpu: Legacy x87 FPU detected.
[STDERR  ] 2017-06-13T20:24:56.407899745Z: [    0.000000] x86/fpu: Using 'lazy' FPU context switches.
[STDERR  ] 2017-06-13T20:24:56.40791202Z: [    0.000000] e820: BIOS-provided physical RAM map:
[STDERR  ] 2017-06-13T20:24:56.407932514Z: [    0.000000] BIOS-e820: [mem 0x0000000000000000-0x000000000009fbff] usable
[STDERR  ] 2017-06-13T20:24:56.407944501Z: [    0.000000] BIOS-e820: [mem 0x000000000009fc00-0x000000000009ffff] reserved
[STDERR  ] 2017-06-13T20:24:56.407955631Z: [    0.000000] BIOS-e820: [mem 0x00000000000f0000-0x00000000000fffff] reserved
[STDERR  ] 2017-06-13T20:24:56.407966301Z: [    0.000000] BIOS-e820: [mem 0x0000000000100000-0x000000003ffdefff] usable
[STDERR  ] 2017-06-13T20:24:56.40797707Z: [    0.000000] BIOS-e820: [mem 0x000000003ffdf000-0x000000003fffffff] reserved
[STDERR  ] 2017-06-13T20:24:56.407982301Z: [    0.000000] BIOS-e820: [mem 0x00000000b0000000-0x00000000bfffffff] reserved
[STDERR  ] 2017-06-13T20:24:56.407991674Z: [    0.000000] BIOS-e820: [mem 0x00000000fed1c000-0x00000000fed1ffff] reserved
[STDERR  ] 2017-06-13T20:24:56.408025668Z: [    0.000000] BIOS-e820: [mem 0x00000000fffc0000-0x00000000ffffffff] reserved
[STDERR  ] 2017-06-13T20:24:56.40803461Z: [    0.000000] NX (Execute Disable) protection: active
[STDERR  ] 2017-06-13T20:24:56.408043605Z: [    0.000000] SMBIOS 2.8 present.
[STDERR  ] 2017-06-13T20:24:56.40805206Z: [    0.000000] e820: last_pfn = 0x3ffdf max_arch_pfn = 0x400000000
[STDERR  ] 2017-06-13T20:24:56.408064954Z: [    0.000000] x86/PAT: Configuration [0-7]: WB  WC  UC- UC  WB  WC  UC- WT  
[STDERR  ] 2017-06-13T20:24:56.408074556Z: [    0.000000] found SMP MP-table at [mem 0x000f6aa0-0x000f6aaf] mapped at [ffff8800000f6aa0]
[STDERR  ] 2017-06-13T20:24:56.408083376Z: [    0.000000] RAMDISK: [mem 0x3df5c000-0x3ffcffff]
[STDERR  ] 2017-06-13T20:24:56.408087704Z: [    0.000000] ACPI: Early table checksum verification disabled
[STDERR  ] 2017-06-13T20:24:56.408102542Z: [    0.000000] ACPI: RSDP 0x00000000000F68C0 000014 (v00 BOCHS )
[STDERR  ] 2017-06-13T20:24:56.408108122Z: [    0.000000] ACPI: RSDT 0x000000003FFE2404 000034 (v01 BOCHS  BXPCRSDT 00000001 BXPC 00000001)
[STDERR  ] 2017-06-13T20:24:56.408128732Z: [    0.000000] ACPI: FACP 0x000000003FFE22A4 000074 (v01 BOCHS  BXPCFACP 00000001 BXPC 00000001)
[STDERR  ] 2017-06-13T20:24:56.408138412Z: [    0.000000] ACPI: DSDT 0x000000003FFE0040 002264 (v01 BOCHS  BXPCDSDT 00000001 BXPC 00000001)
[STDERR  ] 2017-06-13T20:24:56.408148861Z: [    0.000000] ACPI: FACS 0x000000003FFE0000 000040
[STDERR  ] 2017-06-13T20:24:56.408160295Z: [    0.000000] ACPI: APIC 0x000000003FFE2318 000078 (v01 BOCHS  BXPCAPIC 00000001 BXPC 00000001)
[STDERR  ] 2017-06-13T20:24:56.408170121Z: [    0.000000] ACPI: HPET 0x000000003FFE2390 000038 (v01 BOCHS  BXPCHPET 00000001 BXPC 00000001)
[STDERR  ] 2017-06-13T20:24:56.408179843Z: [    0.000000] ACPI: MCFG 0x000000003FFE23C8 00003C (v01 BOCHS  BXPCMCFG 00000001 BXPC 00000001)
[STDERR  ] 2017-06-13T20:24:56.408189263Z: [    0.000000] Zone ranges:
[STDERR  ] 2017-06-13T20:24:56.408198691Z: [    0.000000]   DMA      [mem 0x0000000000001000-0x0000000000ffffff]
[STDERR  ] 2017-06-13T20:24:56.408203933Z: [    0.000000]   DMA32    [mem 0x0000000001000000-0x000000003ffdefff]
[STDERR  ] 2017-06-13T20:24:56.408224021Z: [    0.000000]   Normal   empty
[STDERR  ] 2017-06-13T20:24:56.408254981Z: [    0.000000] Movable zone start for each node
[STDERR  ] 2017-06-13T20:24:56.408260107Z: [    0.000000] Early memory node ranges
[STDERR  ] 2017-06-13T20:24:56.408273706Z: [    0.000000]   node   0: [mem 0x0000000000001000-0x000000000009efff]
[STDERR  ] 2017-06-13T20:24:56.408278157Z: [    0.000000]   node   0: [mem 0x0000000000100000-0x000000003ffdefff]
[STDERR  ] 2017-06-13T20:24:56.408291266Z: [    0.000000] Initmem setup node 0 [mem 0x0000000000001000-0x000000003ffdefff]
[STDERR  ] 2017-06-13T20:24:56.408300589Z: [    0.000000] ACPI: PM-Timer IO Port: 0x608
[STDERR  ] 2017-06-13T20:24:56.408316635Z: [    0.000000] ACPI: LAPIC_NMI (acpi_id[0xff] dfl dfl lint[0x1])
[STDERR  ] 2017-06-13T20:24:56.408327045Z: [    0.000000] IOAPIC[0]: apic_id 0, version 32, address 0xfec00000, GSI 0-23
[STDERR  ] 2017-06-13T20:24:56.408341696Z: [    0.000000] ACPI: INT_SRC_OVR (bus 0 bus_irq 0 global_irq 2 dfl dfl)
[STDERR  ] 2017-06-13T20:24:56.408353316Z: [    0.000000] ACPI: INT_SRC_OVR (bus 0 bus_irq 5 global_irq 5 high level)
[STDERR  ] 2017-06-13T20:24:56.408363481Z: [    0.000000] ACPI: INT_SRC_OVR (bus 0 bus_irq 9 global_irq 9 high level)
[STDERR  ] 2017-06-13T20:24:56.408371791Z: [    0.000000] ACPI: INT_SRC_OVR (bus 0 bus_irq 10 global_irq 10 high level)
[STDERR  ] 2017-06-13T20:24:56.408379952Z: [    0.000000] ACPI: INT_SRC_OVR (bus 0 bus_irq 11 global_irq 11 high level)
[STDERR  ] 2017-06-13T20:24:56.408389009Z: [    0.000000] Using ACPI (MADT) for SMP configuration information
[STDERR  ] 2017-06-13T20:24:56.408406473Z: [    0.000000] ACPI: HPET id: 0x8086a201 base: 0xfed00000
[STDERR  ] 2017-06-13T20:24:56.408415049Z: [    0.000000] smpboot: Allowing 1 CPUs, 0 hotplug CPUs
[STDERR  ] 2017-06-13T20:24:56.408423549Z: [    0.000000] e820: [mem 0x40000000-0xafffffff] available for PCI devices
[STDERR  ] 2017-06-13T20:24:56.408438013Z: [    0.000000] Booting paravirtualized kernel on bare hardware
[STDERR  ] 2017-06-13T20:24:56.408449599Z: [    0.000000] clocksource: refined-jiffies: mask: 0xffffffff max_cycles: 0xffffffff, max_idle_ns: 19112604462750000 ns
[STDERR  ] 2017-06-13T20:24:56.408458366Z: [    0.000000] setup_percpu: NR_CPUS:128 nr_cpumask_bits:128 nr_cpu_ids:1 nr_node_ids:1
[STDERR  ] 2017-06-13T20:24:56.408468942Z: [    0.000000] PERCPU: Embedded 33 pages/cpu @ffff88003dc00000 s95960 r8192 d31016 u2097152
[STDERR  ] 2017-06-13T20:24:56.408477053Z: [    0.000000] Built 1 zonelists in Zone order, mobility grouping on.  Total pages: 257896
[STDERR  ] 2017-06-13T20:24:56.408481892Z: [    0.000000] Kernel command line: console=ttyS0
[STDERR  ] 2017-06-13T20:24:56.408495777Z: [    0.000000] PID hash table entries: 4096 (order: 3, 32768 bytes)
[STDERR  ] 2017-06-13T20:24:56.40850537Z: [    0.000000] Dentry cache hash table entries: 131072 (order: 8, 1048576 bytes)
[STDERR  ] 2017-06-13T20:24:56.408514988Z: [    0.000000] Inode-cache hash table entries: 65536 (order: 7, 524288 bytes)
[STDERR  ] 2017-06-13T20:24:56.408526414Z: [    0.000000] Memory: 978472K/1048052K available (9057K kernel code, 1470K rwdata, 3124K rodata, 1372K init, 728K bss, 69580K reserved, 0K cma-reserved)
[STDERR  ] 2017-06-13T20:24:56.40853208Z: [    0.000000] Hierarchical RCU implementation.
[STDERR  ] 2017-06-13T20:24:56.408546073Z: [    0.000000] 	Build-time adjustment of leaf fanout to 64.
[STDERR  ] 2017-06-13T20:24:56.408550893Z: [    0.000000] 	RCU restricting CPUs from NR_CPUS=128 to nr_cpu_ids=1.
[STDERR  ] 2017-06-13T20:24:56.408568557Z: [    0.000000] RCU: Adjusting geometry for rcu_fanout_leaf=64, nr_cpu_ids=1
[STDERR  ] 2017-06-13T20:24:56.408573028Z: [    0.000000] NR_IRQS:8448 nr_irqs:256 16
[STDERR  ] 2017-06-13T20:24:56.408588176Z: [    0.000000] Console: colour VGA+ 80x25
[STDERR  ] 2017-06-13T20:24:56.408596857Z: [    0.000000] console [ttyS0] enabled
[STDERR  ] 2017-06-13T20:24:56.408609198Z: [    0.000000] clocksource: hpet: mask: 0xffffffff max_cycles: 0xffffffff, max_idle_ns: 19112604467 ns
[STDERR  ] 2017-06-13T20:24:56.408625056Z: [    0.000000] tsc: Unable to calibrate against PIT
[STDERR  ] 2017-06-13T20:24:56.408635628Z: [    0.000000] tsc: using HPET reference calibration
[STDERR  ] 2017-06-13T20:24:56.408645528Z: [    0.000000] tsc: Detected 2600.020 MHz processor
[STDERR  ] 2017-06-13T20:24:56.40865663Z: [    0.051978] Calibrating delay loop (skipped), value calculated using timer frequency.. 5200.04 BogoMIPS (lpj=26000200)
[STDERR  ] 2017-06-13T20:24:56.408666136Z: [    0.053969] pid_max: default: 32768 minimum: 301
[STDERR  ] 2017-06-13T20:24:56.408675543Z: [    0.054996] ACPI: Core revision 20150930
[STDERR  ] 2017-06-13T20:24:56.408689638Z: [    0.101906] ACPI: 1 ACPI AML tables successfully acquired and loaded
[STDERR  ] 2017-06-13T20:24:56.408699126Z: [    0.104061] Security Framework initialized
[STDERR  ] 2017-06-13T20:24:56.40870415Z: [    0.104597] Yama: becoming mindful.
[STDERR  ] 2017-06-13T20:24:56.408717753Z: [    0.108246] Mount-cache hash table entries: 2048 (order: 2, 16384 bytes)
[STDERR  ] 2017-06-13T20:24:56.408727276Z: [    0.109273] Mountpoint-cache hash table entries: 2048 (order: 2, 16384 bytes)
[STDERR  ] 2017-06-13T20:24:56.408736684Z: [    0.124205] Initializing cgroup subsys io
[STDERR  ] 2017-06-13T20:24:56.408741427Z: [    0.125419] Initializing cgroup subsys memory
[STDERR  ] 2017-06-13T20:24:56.408756133Z: [    0.126599] Initializing cgroup subsys devices
[STDERR  ] 2017-06-13T20:24:56.408765378Z: [    0.127298] Initializing cgroup subsys freezer
[STDERR  ] 2017-06-13T20:24:56.408776004Z: [    0.128033] Initializing cgroup subsys net_cls
[STDERR  ] 2017-06-13T20:24:56.408786342Z: [    0.128609] Initializing cgroup subsys perf_event
[STDERR  ] 2017-06-13T20:24:56.408795782Z: [    0.129363] Initializing cgroup subsys net_prio
[STDERR  ] 2017-06-13T20:24:56.408805256Z: [    0.130214] Initializing cgroup subsys hugetlb
[STDERR  ] 2017-06-13T20:24:56.40882231Z: [    0.130854] Initializing cgroup subsys pids
[STDERR  ] 2017-06-13T20:24:56.40883227Z: [    0.133591] Last level iTLB entries: 4KB 0, 2MB 0, 4MB 0
[STDERR  ] 2017-06-13T20:24:56.408841526Z: [    0.134180] Last level dTLB entries: 4KB 0, 2MB 0, 4MB 0, 1GB 0
[STDERR  ] 2017-06-13T20:24:56.408846557Z: [    0.449002] Freeing SMP alternatives memory: 24K (ffffffff8d0c8000 - ffffffff8d0ce000)
[STDERR  ] 2017-06-13T20:24:56.408866171Z: [    0.457270] ftrace: allocating 39586 entries in 155 pages
[STDERR  ] 2017-06-13T20:24:56.408877767Z: [    0.644451] ..TIMER: vector=0x30 apic1=0 pin1=2 apic2=-1 pin2=-1
[STDERR  ] 2017-06-13T20:24:56.408882427Z: [    0.750000] smpboot: CPU0: AMD QEMU Virtual CPU version 2.5+ (family: 0x6, model: 0x6, stepping: 0x3)
[STDERR  ] 2017-06-13T20:24:56.408896711Z: [    0.750000] Performance Events: Broken PMU hardware detected, using software events only.
[STDERR  ] 2017-06-13T20:24:56.408905874Z: [    0.750000] Failed to access perfctr msr (MSR c0010007 is 0)
[STDERR  ] 2017-06-13T20:24:56.408919428Z: [    0.758090] x86: Booted up 1 node, 1 CPUs
[STDERR  ] 2017-06-13T20:24:56.408924295Z: [    0.759036] smpboot: Total of 1 processors activated (5200.04 BogoMIPS)
[STDERR  ] 2017-06-13T20:24:56.408937123Z: [    0.763303] NMI watchdog: disabled (cpu0): hardware events not enabled
[STDERR  ] 2017-06-13T20:24:56.408951491Z: [    0.764041] NMI watchdog: Shutting down hard lockup detector on all cpus
[STDERR  ] 2017-06-13T20:24:56.408956608Z: [    0.779387] devtmpfs: initialized
[STDERR  ] 2017-06-13T20:24:56.408965555Z: [    0.876276] clocksource: jiffies: mask: 0xffffffff max_cycles: 0xffffffff, max_idle_ns: 19112604462750000 ns
[STDERR  ] 2017-06-13T20:24:56.408979438Z: [    0.878518] futex hash table entries: 256 (order: 2, 16384 bytes)
[STDERR  ] 2017-06-13T20:24:56.408984784Z: [    0.900784] NET: Registered protocol family 16
[STDERR  ] 2017-06-13T20:24:56.408994187Z: [    0.913998] cpuidle: using governor ladder
[STDERR  ] 2017-06-13T20:24:56.409009005Z: [    0.915357] cpuidle: using governor menu
[STDERR  ] 2017-06-13T20:24:56.409018593Z: [    0.918825] ACPI: bus type PCI registered
[STDERR  ] 2017-06-13T20:24:56.409033399Z: [    0.924631] PCI: MMCONFIG for domain 0000 [bus 00-ff] at [mem 0xb0000000-0xbfffffff] (base 0xb0000000)
[STDERR  ] 2017-06-13T20:24:56.409044018Z: [    0.926644] PCI: MMCONFIG at [mem 0xb0000000-0xbfffffff] reserved in E820
[STDERR  ] 2017-06-13T20:24:56.409057191Z: [    0.929225] PCI: Using configuration type 1 for base access
[STDERR  ] 2017-06-13T20:24:56.409066153Z: [    1.025148] ACPI: Added _OSI(Module Device)
[STDERR  ] 2017-06-13T20:24:56.409075144Z: [    1.025999] ACPI: Added _OSI(Processor Device)
[STDERR  ] 2017-06-13T20:24:56.409084653Z: [    1.026971] ACPI: Added _OSI(3.0 _SCP Extensions)
[STDERR  ] 2017-06-13T20:24:56.409093121Z: [    1.027673] ACPI: Added _OSI(Processor Aggregator Device)
[STDERR  ] 2017-06-13T20:24:56.409102847Z: [    1.130531] ACPI: Interpreter enabled
[STDERR  ] 2017-06-13T20:24:56.409111697Z: [    1.131699] ACPI: (supports S0 S5)
[STDERR  ] 2017-06-13T20:24:56.409126828Z: [    1.132124] ACPI: Using IOAPIC for interrupt routing
[STDERR  ] 2017-06-13T20:24:56.409137631Z: [    1.134560] PCI: Using host bridge windows from ACPI; if necessary, use "pci=nocrs" and report a bug
[STDERR  ] 2017-06-13T20:24:56.409151693Z: [    1.209392] ACPI: PCI Root Bridge [PCI0] (domain 0000 [bus 00-ff])
[STDERR  ] 2017-06-13T20:24:56.409160697Z: [    1.210992] acpi PNP0A08:00: _OSC: OS supports [ExtendedConfig ASPM ClockPM Segments MSI]
[STDERR  ] 2017-06-13T20:24:56.409170341Z: [    1.220841] acpi PNP0A08:00: _OSC: OS now controls [PCIeHotplug PME PCIeCapability]
[STDERR  ] 2017-06-13T20:24:56.409265215Z: [    1.225809] PCI host bridge to bus 0000:00
[STDERR  ] 2017-06-13T20:24:56.409277535Z: [    1.226711] pci_bus 0000:00: root bus resource [io  0x0000-0x0cf7 window]
[STDERR  ] 2017-06-13T20:24:56.409306539Z: [    1.227573] pci_bus 0000:00: root bus resource [io  0x0d00-0xffff window]
[STDERR  ] 2017-06-13T20:24:56.40932208Z: [    1.228478] pci_bus 0000:00: root bus resource [mem 0x000a0000-0x000bffff window]
[STDERR  ] 2017-06-13T20:24:56.409331045Z: [    1.229247] pci_bus 0000:00: root bus resource [mem 0xc0000000-0xfebfffff window]
[STDERR  ] 2017-06-13T20:24:56.409336065Z: [    1.230510] pci_bus 0000:00: root bus resource [bus 00-ff]
[STDERR  ] 2017-06-13T20:24:56.409350076Z: [    1.342024] pci 0000:00:1f.0: quirk: [io  0x0600-0x067f] claimed by ICH6 ACPI/GPIO/TCO
[STDERR  ] 2017-06-13T20:24:56.409359759Z: [    1.404858] ACPI: PCI Interrupt Link [LNKA] (IRQs 5 *10 11)
[STDERR  ] 2017-06-13T20:24:56.409364572Z: [    1.407708] ACPI: PCI Interrupt Link [LNKB] (IRQs 5 *10 11)
[STDERR  ] 2017-06-13T20:24:56.409399176Z: [    1.409802] ACPI: PCI Interrupt Link [LNKC] (IRQs 5 10 *11)
[STDERR  ] 2017-06-13T20:24:56.409408508Z: [    1.411907] ACPI: PCI Interrupt Link [LNKD] (IRQs 5 10 *11)
[STDERR  ] 2017-06-13T20:24:56.409417858Z: [    1.414018] ACPI: PCI Interrupt Link [LNKE] (IRQs 5 *10 11)
[STDERR  ] 2017-06-13T20:24:56.409427078Z: [    1.416138] ACPI: PCI Interrupt Link [LNKF] (IRQs 5 *10 11)
[STDERR  ] 2017-06-13T20:24:56.409436372Z: [    1.418216] ACPI: PCI Interrupt Link [LNKG] (IRQs 5 10 *11)
[STDERR  ] 2017-06-13T20:24:56.409441288Z: [    1.421282] ACPI: PCI Interrupt Link [LNKH] (IRQs 5 10 *11)
[STDERR  ] 2017-06-13T20:24:56.409467329Z: [    1.422536] ACPI: PCI Interrupt Link [GSIA] (IRQs *16)
[STDERR  ] 2017-06-13T20:24:56.409471845Z: [    1.423460] ACPI: PCI Interrupt Link [GSIB] (IRQs *17)
[STDERR  ] 2017-06-13T20:24:56.40948809Z: [    1.424347] ACPI: PCI Interrupt Link [GSIC] (IRQs *18)
[STDERR  ] 2017-06-13T20:24:56.409497402Z: [    1.425200] ACPI: PCI Interrupt Link [GSID] (IRQs *19)
[STDERR  ] 2017-06-13T20:24:56.409506494Z: [    1.426055] ACPI: PCI Interrupt Link [GSIE] (IRQs *20)
[STDERR  ] 2017-06-13T20:24:56.409520665Z: [    1.426906] ACPI: PCI Interrupt Link [GSIF] (IRQs *21)
[STDERR  ] 2017-06-13T20:24:56.409542219Z: [    1.427777] ACPI: PCI Interrupt Link [GSIG] (IRQs *22)
[STDERR  ] 2017-06-13T20:24:56.409546784Z: [    1.428676] ACPI: PCI Interrupt Link [GSIH] (IRQs *23)
[STDERR  ] 2017-06-13T20:24:56.409555596Z: [    1.433383] ACPI: Enabled 2 GPEs in block 00 to 3F
[STDERR  ] 2017-06-13T20:24:56.40957473Z: [    1.437985] SCSI subsystem initialized
[STDERR  ] 2017-06-13T20:24:56.409584562Z: [    1.441964] pps_core: LinuxPPS API ver. 1 registered
[STDERR  ] 2017-06-13T20:24:56.409589288Z: [    1.442508] pps_core: Software ver. 5.3.6 - Copyright 2005-2007 Rodolfo Giometti <giometti@linux.it>
[STDERR  ] 2017-06-13T20:24:56.409599056Z: [    1.443687] PTP clock support registered
[STDERR  ] 2017-06-13T20:24:56.409625756Z: [    1.445211] wmi: Mapper loaded
[STDERR  ] 2017-06-13T20:24:56.409635539Z: [    1.446688] PCI: Using ACPI for IRQ routing
[STDERR  ] 2017-06-13T20:24:56.409645241Z: [    1.465770] NetLabel: Initializing
[STDERR  ] 2017-06-13T20:24:56.409650216Z: [    1.466234] NetLabel:  domain hash size = 128
[STDERR  ] 2017-06-13T20:24:56.409659691Z: [    1.466666] NetLabel:  protocols = UNLABELED CIPSOv4
[STDERR  ] 2017-06-13T20:24:56.409680937Z: [    1.468692] NetLabel:  unlabeled traffic allowed by default
[STDERR  ] 2017-06-13T20:24:56.409701803Z: [    1.470183] HPET: 3 timers in total, 0 timers will be used for per-cpu timer
[STDERR  ] 2017-06-13T20:24:56.40970893Z: [    1.471268] hpet0: at MMIO 0xfed00000, IRQs 2, 8, 0
[STDERR  ] 2017-06-13T20:24:56.409712693Z: [    1.471962] hpet0: 3 comparators, 64-bit 100.000000 MHz counter
[STDERR  ] 2017-06-13T20:24:56.409723653Z: [    1.476885] amd_nb: Cannot enumerate AMD northbridges
[STDERR  ] 2017-06-13T20:24:56.409727553Z: [    1.478352] clocksource: Switched to clocksource hpet
[STDERR  ] 2017-06-13T20:24:56.409743433Z: [    1.712569] FS-Cache: Loaded
[STDERR  ] 2017-06-13T20:24:56.40975099Z: [    1.718339] CacheFiles: Loaded
[STDERR  ] 2017-06-13T20:24:56.409759029Z: [    1.721362] pnp: PnP ACPI init
[STDERR  ] 2017-06-13T20:24:56.409782345Z: [    1.733674] pnp: PnP ACPI: found 5 devices
[STDERR  ] 2017-06-13T20:24:56.409786335Z: [    1.791281] clocksource: acpi_pm: mask: 0xffffff max_cycles: 0xffffff, max_idle_ns: 2085701024 ns
[STDERR  ] 2017-06-13T20:24:56.409807116Z: [    1.795334] NET: Registered protocol family 2
[STDERR  ] 2017-06-13T20:24:56.409815285Z: [    1.806812] TCP established hash table entries: 8192 (order: 4, 65536 bytes)
[STDERR  ] 2017-06-13T20:24:56.409824803Z: [    1.808477] TCP bind hash table entries: 8192 (order: 5, 131072 bytes)
[STDERR  ] 2017-06-13T20:24:56.409835891Z: [    1.809873] TCP: Hash tables configured (established 8192 bind 8192)
[STDERR  ] 2017-06-13T20:24:56.409850749Z: [    1.812762] UDP hash table entries: 512 (order: 2, 16384 bytes)
[STDERR  ] 2017-06-13T20:24:56.409863549Z: [    1.813974] UDP-Lite hash table entries: 512 (order: 2, 16384 bytes)
[STDERR  ] 2017-06-13T20:24:56.409871021Z: [    1.818383] NET: Registered protocol family 1
[STDERR  ] 2017-06-13T20:24:56.409881189Z: [    1.824551] RPC: Registered named UNIX socket transport module.
[STDERR  ] 2017-06-13T20:24:56.409885093Z: [    1.825713] RPC: Registered udp transport module.
[STDERR  ] 2017-06-13T20:24:56.40989684Z: [    1.826389] RPC: Registered tcp transport module.
[STDERR  ] 2017-06-13T20:24:56.409900625Z: [    1.827039] RPC: Registered tcp NFSv4.1 backchannel transport module.
[STDERR  ] 2017-06-13T20:24:56.409912315Z: [    1.838466] Unpacking initramfs...
[STDERR  ] 2017-06-13T20:24:56.409930967Z: [    7.671562] Freeing initrd memory: 33232K (ffff88003df5c000 - ffff88003ffd0000)
[STDERR  ] 2017-06-13T20:24:56.409938971Z: [    7.696029] PCLMULQDQ-NI instructions are not detected.
[STDERR  ] 2017-06-13T20:24:56.409946387Z: [    7.697776] AVX or AES-NI instructions are not detected.
[STDERR  ] 2017-06-13T20:24:56.409956853Z: [    7.698580] CPU feature 'AVX registers' is not supported.
[STDERR  ] 2017-06-13T20:24:56.409964931Z: [    7.699275] CPU feature 'AVX registers' is not supported.
[STDERR  ] 2017-06-13T20:24:56.409972596Z: [    7.700417] CPU feature 'AVX registers' is not supported.
[STDERR  ] 2017-06-13T20:24:56.409980204Z: [    7.701444] CPU feature 'AVX registers' is not supported.
[STDERR  ] 2017-06-13T20:24:56.409988258Z: [    7.702134] AVX2 or AES-NI instructions are not detected.
[STDERR  ] 2017-06-13T20:24:56.41001886Z: [    7.702838] AVX2 instructions are not detected.
[STDERR  ] 2017-06-13T20:24:56.410029784Z: [    7.708805] audit: initializing netlink subsys (disabled)
[STDERR  ] 2017-06-13T20:24:56.410039401Z: [    7.713436] audit: type=2000 audit(1497385451.710:1): initialized
[STDERR  ] 2017-06-13T20:24:56.410051842Z: [    7.726564] HugeTLB registered 2 MB page size, pre-allocated 0 pages
[STDERR  ] 2017-06-13T20:24:56.41006081Z: [    7.732780] VFS: Disk quotas dquot_6.6.0
[STDERR  ] 2017-06-13T20:24:56.410070087Z: [    7.734108] VFS: Dquot-cache hash table entries: 512 (order 0, 4096 bytes)
[STDERR  ] 2017-06-13T20:24:56.410094278Z: [    7.740576] FS-Cache: Netfs 'nfs' registered for caching
[STDERR  ] 2017-06-13T20:24:56.410108396Z: [    7.743163] NFS: Registering the id_resolver key type
[STDERR  ] 2017-06-13T20:24:56.410118142Z: [    7.744901] Key type id_resolver registered
[STDERR  ] 2017-06-13T20:24:56.410127662Z: [    7.745411] Key type id_legacy registered
[STDERR  ] 2017-06-13T20:24:56.410137238Z: [    7.746214] nfs4filelayout_init: NFSv4 File Layout Driver Registering...
[STDERR  ] 2017-06-13T20:24:56.41014212Z: [    7.747407] Installing knfsd (copyright (C) 1996 okir@monad.swb.de).
[STDERR  ] 2017-06-13T20:24:56.410165012Z: [    7.754818] FS-Cache: Netfs 'cifs' registered for caching
[STDERR  ] 2017-06-13T20:24:56.410183967Z: [    7.756345] ntfs: driver 2.1.32 [Flags: R/O].
[STDERR  ] 2017-06-13T20:24:56.410193057Z: [    7.757174] fuse init (API version 7.23)
[STDERR  ] 2017-06-13T20:24:56.410202444Z: [    7.760706] SGI XFS with ACLs, security attributes, no debug enabled
[STDERR  ] 2017-06-13T20:24:56.410212751Z: [    7.764135] 9p: Installing v9fs 9p2000 file system support
[STDERR  ] 2017-06-13T20:24:56.410222468Z: [    7.764904] FS-Cache: Netfs '9p' registered for caching
[STDERR  ] 2017-06-13T20:24:56.410252641Z: [    7.767263] Key type big_key registered
[STDERR  ] 2017-06-13T20:24:56.410274827Z: [    7.802915] NET: Registered protocol family 38
[STDERR  ] 2017-06-13T20:24:56.410284732Z: [    7.804041] Key type asymmetric registered
[STDERR  ] 2017-06-13T20:24:56.410293266Z: [    7.804517] Asymmetric key parser 'x509' registered
[STDERR  ] 2017-06-13T20:24:56.410297728Z: [    7.805729] Block layer SCSI generic (bsg) driver version 0.4 loaded (major 251)
[STDERR  ] 2017-06-13T20:24:56.410308561Z: [    7.807477] io scheduler noop registered
[STDERR  ] 2017-06-13T20:24:56.410341892Z: [    7.808079] io scheduler deadline registered (default)
[STDERR  ] 2017-06-13T20:24:56.410353115Z: [    7.809191] io scheduler cfq registered
[STDERR  ] 2017-06-13T20:24:56.410363431Z: [    7.814147] pci_hotplug: PCI Hot Plug PCI Core version: 0.5
[STDERR  ] 2017-06-13T20:24:56.410374153Z: [    7.815121] pciehp: PCI Express Hot Plug Controller Driver version: 0.4
[STDERR  ] 2017-06-13T20:24:56.410382768Z: [    7.816431] shpchp: Standard Hot Plug PCI Controller Driver version: 0.4
[STDERR  ] 2017-06-13T20:24:56.410390657Z: [    7.817605] hv_vmbus: registering driver hyperv_fb
[STDERR  ] 2017-06-13T20:24:56.410412245Z: [    7.822371] input: Power Button as /devices/LNXSYSTM:00/LNXPWRBN:00/input/input0
[STDERR  ] 2017-06-13T20:24:56.410431231Z: [    7.823881] ACPI: Power Button [PWRF]
[STDERR  ] 2017-06-13T20:24:56.410439801Z: [    7.829285] GHES: HEST is not enabled!
[STDERR  ] 2017-06-13T20:24:56.410450961Z: [    7.847596] ACPI: PCI Interrupt Link [GSIH] enabled at IRQ 23
[STDERR  ] 2017-06-13T20:24:56.410455585Z: [    7.857881] xenfs: not registering filesystem on non-xen platform
[STDERR  ] 2017-06-13T20:24:56.410464252Z: [    7.862375] Serial: 8250/16550 driver, 4 ports, IRQ sharing disabled
[STDERR  ] 2017-06-13T20:24:56.410496478Z: [    7.891865] 00:04: ttyS0 at I/O 0x3f8 (irq = 4, base_baud = 115200) is a 16550A
[STDERR  ] 2017-06-13T20:24:56.410507049Z: [    7.903885] Initializing Nozomi driver 2.1d
[STDERR  ] 2017-06-13T20:24:56.410519455Z: [    7.911565] Non-volatile memory driver v1.3
[STDERR  ] 2017-06-13T20:24:56.410544431Z: [    7.921549] Hangcheck: starting hangcheck timer 0.9.1 (tick is 180 seconds, margin is 60 seconds).
[STDERR  ] 2017-06-13T20:24:56.410576769Z: [    7.981443] loop: module loaded
[STDERR  ] 2017-06-13T20:24:56.410588811Z: [    7.999511] nbd: registered device at major 43
[STDERR  ] 2017-06-13T20:24:56.410600247Z: [    8.059534] lpc_ich 0000:00:1f.0: I/O space for GPIO uninitialized
[STDERR  ] 2017-06-13T20:24:56.410622525Z: [    8.063274] VMware PVSCSI driver - version 1.0.5.0-k
[STDERR  ] 2017-06-13T20:24:56.410633872Z: [    8.064716] hv_vmbus: registering driver hv_storvsc
[STDERR  ] 2017-06-13T20:24:56.410659531Z: [    8.080941] ACPI: PCI Interrupt Link [GSIA] enabled at IRQ 16
[STDERR  ] 2017-06-13T20:24:56.410665889Z: [    8.091111] ahci 0000:00:1f.2: AHCI 0001.0000 32 slots 6 ports 1.5 Gbps 0x3f impl SATA mode
[STDERR  ] 2017-06-13T20:24:56.410678933Z: [    8.093014] ahci 0000:00:1f.2: flags: 64bit ncq only 
[STDERR  ] 2017-06-13T20:24:56.410696962Z: [    8.115313] scsi host0: ahci
[STDERR  ] 2017-06-13T20:24:56.410708539Z: [    8.118483] scsi host1: ahci
[STDERR  ] 2017-06-13T20:24:56.410732822Z: [    8.121036] scsi host2: ahci
[STDERR  ] 2017-06-13T20:24:56.410743274Z: [    8.123377] scsi host3: ahci
[STDERR  ] 2017-06-13T20:24:56.410754004Z: [    8.125823] scsi host4: ahci
[STDERR  ] 2017-06-13T20:24:56.41076563Z: [    8.128269] scsi host5: ahci
[STDERR  ] 2017-06-13T20:24:56.410778022Z: [    8.130446] ata1: SATA max UDMA/133 abar m4096@0xfebf1000 port 0xfebf1100 irq 24
[STDERR  ] 2017-06-13T20:24:56.41079071Z: [    8.131224] ata2: SATA max UDMA/133 abar m4096@0xfebf1000 port 0xfebf1180 irq 24
[STDERR  ] 2017-06-13T20:24:56.410817619Z: [    8.131897] ata3: SATA max UDMA/133 abar m4096@0xfebf1000 port 0xfebf1200 irq 24
[STDERR  ] 2017-06-13T20:24:56.410827704Z: [    8.132596] ata4: SATA max UDMA/133 abar m4096@0xfebf1000 port 0xfebf1280 irq 24
[STDERR  ] 2017-06-13T20:24:56.410840734Z: [    8.133342] ata5: SATA max UDMA/133 abar m4096@0xfebf1000 port 0xfebf1300 irq 24
[STDERR  ] 2017-06-13T20:24:56.410873414Z: [    8.134012] ata6: SATA max UDMA/133 abar m4096@0xfebf1000 port 0xfebf1380 irq 24
[STDERR  ] 2017-06-13T20:24:56.410891848Z: [    8.143748] Ethernet Channel Bonding Driver: v3.7.1 (April 27, 2011)
[STDERR  ] 2017-06-13T20:24:56.410902143Z: [    8.164727] tun: Universal TUN/TAP device driver, 1.6
[STDERR  ] 2017-06-13T20:24:56.410916203Z: [    8.165412] tun: (C) 1999-2004 Max Krasnyansky <maxk@qualcomm.com>
[STDERR  ] 2017-06-13T20:24:56.41092456Z: [    8.167925] e1000: Intel(R) PRO/1000 Network Driver - version 7.3.21-k8-NAPI
[STDERR  ] 2017-06-13T20:24:56.410933983Z: [    8.168643] e1000: Copyright (c) 1999-2006 Intel Corporation.
[STDERR  ] 2017-06-13T20:24:56.410947816Z: [    8.176700] ACPI: PCI Interrupt Link [GSIG] enabled at IRQ 22
[STDERR  ] 2017-06-13T20:24:56.410952563Z: [    8.504349] e1000 0000:00:02.0 eth0: (PCI:33MHz:32-bit) 52:54:00:12:34:56
[STDERR  ] 2017-06-13T20:24:56.411064367Z: [    8.505398] e1000 0000:00:02.0 eth0: Intel(R) PRO/1000 Network Connection
[STDERR  ] 2017-06-13T20:24:56.411077474Z: [    8.506655] e1000e: Intel(R) PRO/1000 Network Driver - 3.2.6-k
[STDERR  ] 2017-06-13T20:24:56.411088513Z: [    8.507248] e1000e: Copyright(c) 1999 - 2015 Intel Corporation.
[STDERR  ] 2017-06-13T20:24:56.411096879Z: [    8.508280] igb: Intel(R) Gigabit Ethernet Network Driver - version 5.3.0-k
[STDERR  ] 2017-06-13T20:24:56.41111141Z: [    8.508984] igb: Copyright (c) 2007-2014 Intel Corporation.
[STDERR  ] 2017-06-13T20:24:56.411226827Z: [    8.509973] igbvf: Intel(R) Gigabit Virtual Function Network Driver - version 2.0.2-k
[STDERR  ] 2017-06-13T20:24:56.411231535Z: [    8.511231] igbvf: Copyright (c) 2009 - 2012 Intel Corporation.
[STDERR  ] 2017-06-13T20:24:56.411255529Z: [    8.512494] ixgbe: Intel(R) 10 Gigabit PCI Express Network Driver - version 4.2.1-k
[STDERR  ] 2017-06-13T20:24:56.411264331Z: [    8.513253] ixgbe: Copyright (c) 1999-2015 Intel Corporation.
[STDERR  ] 2017-06-13T20:24:56.411274414Z: [    8.514386] ixgbevf: Intel(R) 10 Gigabit PCI Express Virtual Function Network Driver - version 2.12.1-k
[STDERR  ] 2017-06-13T20:24:56.411346249Z: [    8.515255] ixgbevf: Copyright (c) 2009 - 2012 Intel Corporation.
[STDERR  ] 2017-06-13T20:24:56.411392734Z: [    8.516316] ixgb: Intel(R) PRO/10GbE Network Driver - version 1.0.135-k2-NAPI
[STDERR  ] 2017-06-13T20:24:56.411399329Z: [    8.517021] ixgb: Copyright (c) 1999-2008 Intel Corporation.
[STDERR  ] 2017-06-13T20:24:56.411410171Z: [    8.518460] PPP generic driver version 2.4.2
[STDERR  ] 2017-06-13T20:24:56.411426861Z: [    8.520423] PPP BSD Compression module registered
[STDERR  ] 2017-06-13T20:24:56.411450991Z: [    8.521080] PPP Deflate Compression module registered
[STDERR  ] 2017-06-13T20:24:56.411457992Z: [    8.521950] PPP MPPE Compression module registered
[STDERR  ] 2017-06-13T20:24:56.411478358Z: [    8.522514] NET: Registered protocol family 24
[STDERR  ] 2017-06-13T20:24:56.411488476Z: [    8.523407] PPTP driver version 0.8.5
[STDERR  ] 2017-06-13T20:24:56.41149901Z: [    8.524886] VMware vmxnet3 virtual NIC driver - version 1.4.5.0-k-NAPI
[STDERR  ] 2017-06-13T20:24:56.411504095Z: [    8.526106] hv_vmbus: registering driver hv_netvsc
[STDERR  ] 2017-06-13T20:24:56.411531915Z: [    8.526630] Fusion MPT base driver 3.04.20
[STDERR  ] 2017-06-13T20:24:56.41154404Z: [    8.527041] Copyright (c) 1999-2008 LSI Corporation
[STDERR  ] 2017-06-13T20:24:56.411557784Z: [    8.528328] Fusion MPT SPI Host driver 3.04.20
[STDERR  ] 2017-06-13T20:24:56.411568918Z: [    8.534813] aoe: AoE v85 initialised.
[STDERR  ] 2017-06-13T20:24:56.411579161Z: [    8.537774] i8042: PNP: PS/2 Controller [PNP0303:KBD,PNP0f13:MOU] at 0x60,0x64 irq 1,12
[STDERR  ] 2017-06-13T20:24:56.41159257Z: [    8.544765] serio: i8042 KBD port at 0x60,0x64 irq 1
[STDERR  ] 2017-06-13T20:24:56.411616322Z: [    8.546283] serio: i8042 AUX port at 0x60,0x64 irq 12
[STDERR  ] 2017-06-13T20:24:56.411627621Z: [    8.552420] hv_vmbus: registering driver hyperv_keyboard
[STDERR  ] 2017-06-13T20:24:56.41163931Z: [    8.556261] mousedev: PS/2 mouse device common for all mice
[STDERR  ] 2017-06-13T20:24:56.411650945Z: [    8.564837] input: AT Translated Set 2 keyboard as /devices/platform/i8042/serio0/input/input1
[STDERR  ] 2017-06-13T20:24:56.411666744Z: [    8.571664] ata1: SATA link down (SStatus 0 SControl 300)
[STDERR  ] 2017-06-13T20:24:56.411690704Z: [    8.575593] ata2: SATA link down (SStatus 0 SControl 300)
[STDERR  ] 2017-06-13T20:24:56.411704674Z: [    8.577315] ata3: SATA link up 1.5 Gbps (SStatus 113 SControl 300)
[STDERR  ] 2017-06-13T20:24:56.4117099Z: [    8.581851] ata4: SATA link down (SStatus 0 SControl 300)
[STDERR  ] 2017-06-13T20:24:56.411725978Z: [    8.583207] ata5: SATA link down (SStatus 0 SControl 300)
[STDERR  ] 2017-06-13T20:24:56.411736336Z: [    8.584301] ata6: SATA link down (SStatus 0 SControl 300)
[STDERR  ] 2017-06-13T20:24:56.41174673Z: [    8.585866] input: PC Speaker as /devices/platform/pcspkr/input/input2
[STDERR  ] 2017-06-13T20:24:56.411791583Z: [    8.589308] ata3.00: ATAPI: QEMU DVD-ROM, 2.5+, max UDMA/100
[STDERR  ] 2017-06-13T20:24:56.411802462Z: [    8.590824] ata3.00: applying bridge limits
[STDERR  ] 2017-06-13T20:24:56.411813217Z: [    8.597965] rtc_cmos 00:00: RTC can wake from S4
[STDERR  ] 2017-06-13T20:24:56.411818643Z: [    8.604602] ata3.00: configured for UDMA/100
[STDERR  ] 2017-06-13T20:24:56.411845192Z: [    8.611447] rtc_cmos 00:00: rtc core: registered rtc_cmos as rtc0
[STDERR  ] 2017-06-13T20:24:56.411868742Z: [    8.613874] rtc_cmos 00:00: alarms up to one day, y3k, 114 bytes nvram, hpet irqs
[STDERR  ] 2017-06-13T20:24:56.411879336Z: [    8.615551] i2c /dev entries driver
[STDERR  ] 2017-06-13T20:24:56.411890017Z: [    8.631870] scsi 2:0:0:0: CD-ROM            QEMU     QEMU DVD-ROM     2.5+ PQ: 0 ANSI: 5
[STDERR  ] 2017-06-13T20:24:56.411903166Z: [    8.635609] device-mapper: ioctl: 4.34.0-ioctl (2015-10-28) initialised: dm-devel@redhat.com
[STDERR  ] 2017-06-13T20:24:56.411925932Z: [    8.641922] hv_utils: Registering HyperV Utility Driver
[STDERR  ] 2017-06-13T20:24:56.411937626Z: [    8.642728] hv_vmbus: registering driver hv_util
[STDERR  ] 2017-06-13T20:24:56.411942793Z: [    8.643333] hv_vmbus: registering driver hv_balloon
[STDERR  ] 2017-06-13T20:24:56.411964065Z: [    8.644298] oprofile: using NMI interrupt.
[STDERR  ] 2017-06-13T20:24:56.411974303Z: [    8.653108] GACT probability on
[STDERR  ] 2017-06-13T20:24:56.411984857Z: [    8.653938] Mirror/redirect action on
[STDERR  ] 2017-06-13T20:24:56.412008597Z: [    8.654712] Simple TC action Loaded
[STDERR  ] 2017-06-13T20:24:56.412018806Z: [    8.659069] netem: version 1.3
[STDERR  ] 2017-06-13T20:24:56.412029311Z: [    8.659837] u32 classifier
[STDERR  ] 2017-06-13T20:24:56.412034766Z: [    8.660614]     Performance counters on
[STDERR  ] 2017-06-13T20:24:56.412050456Z: [    8.661016]     input device check on
[STDERR  ] 2017-06-13T20:24:56.412060826Z: [    8.661410]     Actions configured
[STDERR  ] 2017-06-13T20:24:56.412083809Z: [    8.663106] sr 2:0:0:0: [sr0] scsi3-mmc drive: 4x/4x cd/rw xa/form2 tray
[STDERR  ] 2017-06-13T20:24:56.412094877Z: [    8.664025] cdrom: Uniform CD-ROM driver Revision: 3.20
[STDERR  ] 2017-06-13T20:24:56.412105445Z: [    8.667308] Netfilter messages via NETLINK v0.30.
[STDERR  ] 2017-06-13T20:24:56.412115895Z: [    8.668512] nfnl_acct: registering with nfnetlink.
[STDERR  ] 2017-06-13T20:24:56.412125929Z: [    8.669935] nf_conntrack version 0.5.0 (7904 buckets, 31616 max)
[STDERR  ] 2017-06-13T20:24:56.412131605Z: [    8.671331] tsc: Refined TSC clocksource calibration: 2599.994 MHz
[STDERR  ] 2017-06-13T20:24:56.412158694Z: [    8.672058] clocksource: tsc: mask: 0xffffffffffffffff max_cycles: 0x257a36b5a3d, max_idle_ns: 440795326591 ns
[STDERR  ] 2017-06-13T20:24:56.412170962Z: [    8.678190] sr 2:0:0:0: Attached scsi generic sg0 type 5
[STDERR  ] 2017-06-13T20:24:56.412176456Z: [    8.683967] ctnetlink v0.93: registering with nfnetlink.
[STDERR  ] 2017-06-13T20:24:56.412195883Z: [    8.688564] nf_tables: (c) 2007-2009 Patrick McHardy <kaber@trash.net>
[STDERR  ] 2017-06-13T20:24:56.412214206Z: [    8.691876] nf_tables_compat: (c) 2012 Pablo Neira Ayuso <pablo@netfilter.org>
[STDERR  ] 2017-06-13T20:24:56.412219768Z: [    8.696382] xt_time: kernel timezone is -0000
[STDERR  ] 2017-06-13T20:24:56.412356914Z: [    8.697514] ip_set: protocol 6
[STDERR  ] 2017-06-13T20:24:56.412371366Z: [    8.698789] IPVS: Registered protocols (TCP, UDP, SCTP, AH, ESP)
[STDERR  ] 2017-06-13T20:24:56.412382026Z: [    8.700583] IPVS: Connection hash table configured (size=4096, memory=64Kbytes)
[STDERR  ] 2017-06-13T20:24:56.412392913Z: [    8.702890] IPVS: Creating netns size=2096 id=0
[STDERR  ] 2017-06-13T20:24:56.412417582Z: [    8.705851] IPVS: ipvs loaded.
[STDERR  ] 2017-06-13T20:24:56.41242362Z: [    8.706781] IPVS: [rr] scheduler registered.
[STDERR  ] 2017-06-13T20:24:56.412439467Z: [    8.707599] IPVS: [wrr] scheduler registered.
[STDERR  ] 2017-06-13T20:24:56.4124501Z: [    8.708234] IPVS: [lc] scheduler registered.
[STDERR  ] 2017-06-13T20:24:56.412456108Z: [    8.708804] IPVS: [wlc] scheduler registered.
[STDERR  ] 2017-06-13T20:24:56.412472296Z: [    8.709369] IPVS: [fo] scheduler registered.
[STDERR  ] 2017-06-13T20:24:56.412477562Z: [    8.710006] IPVS: [ovf] scheduler registered.
[STDERR  ] 2017-06-13T20:24:56.412596748Z: [    8.711689] IPVS: [lblc] scheduler registered.
[STDERR  ] 2017-06-13T20:24:56.412605413Z: [    8.712393] IPVS: [lblcr] scheduler registered.
[STDERR  ] 2017-06-13T20:24:56.412618893Z: [    8.712933] IPVS: [dh] scheduler registered.
[STDERR  ] 2017-06-13T20:24:56.412627785Z: [    8.713385] IPVS: [sh] scheduler registered.
[STDERR  ] 2017-06-13T20:24:56.412631883Z: [    8.713880] IPVS: [sed] scheduler registered.
[STDERR  ] 2017-06-13T20:24:56.412639909Z: [    8.714351] IPVS: [nq] scheduler registered.
[STDERR  ] 2017-06-13T20:24:56.412840647Z: [    8.715350] IPVS: ftp: loaded support on port[0] = 21
[STDERR  ] 2017-06-13T20:24:56.412845989Z: [    8.716454] ipip: IPv4 over IPv4 tunneling driver
[STDERR  ] 2017-06-13T20:24:56.412851108Z: [    8.721878] gre: GRE over IPv4 demultiplexor driver
[STDERR  ] 2017-06-13T20:24:56.412853679Z: [    8.722563] ip_gre: GRE over IPv4 tunneling driver
[STDERR  ] 2017-06-13T20:24:56.412858624Z: [    8.731102] IPv4 over IPsec tunneling driver
[STDERR  ] 2017-06-13T20:24:56.412875404Z: [    8.742701] ip_tables: (C) 2000-2006 Netfilter Core Team
[STDERR  ] 2017-06-13T20:24:56.413071744Z: [    8.748662] ipt_CLUSTERIP: ClusterIP Version 0.8 loaded successfully
[STDERR  ] 2017-06-13T20:24:56.413076975Z: [    8.751184] arp_tables: (C) 2002 David S. Miller
[STDERR  ] 2017-06-13T20:24:56.413082372Z: [    8.754364] Initializing XFRM netlink socket
[STDERR  ] 2017-06-13T20:24:56.413095308Z: [    8.755974] NET: Registered protocol family 10
[STDERR  ] 2017-06-13T20:24:56.413100448Z: [    8.770794] mip6: Mobile IPv6
[STDERR  ] 2017-06-13T20:24:56.413105585Z: [    8.771675] ip6_tables: (C) 2000-2006 Netfilter Core Team
[STDERR  ] 2017-06-13T20:24:56.41311078Z: [    8.780360] sit: IPv6 over IPv4 tunneling driver
[STDERR  ] 2017-06-13T20:24:56.413113505Z: [    8.788471] ip6_gre: GRE over IPv6 tunneling driver
[STDERR  ] 2017-06-13T20:24:56.413118552Z: [    8.795492] NET: Registered protocol family 17
[STDERR  ] 2017-06-13T20:24:56.414830269Z: [    8.797000] NET: Registered protocol family 15
[STDERR  ] 2017-06-13T20:24:56.414844565Z: [    8.798545] bridge: automatic filtering via arp/ip/ip6tables has been deprecated. Update your scripts to load br_netfilter if you need this.
[STDERR  ] 2017-06-13T20:24:56.414854101Z: [    8.801875] Bridge firewalling registered
[STDERR  ] 2017-06-13T20:24:56.41486246Z: [    8.803206] Ebtables v2.0 registered
[STDERR  ] 2017-06-13T20:24:56.414870917Z: [    8.809125] l2tp_core: L2TP core driver, V2.0
[STDERR  ] 2017-06-13T20:24:56.414896361Z: [    8.810869] l2tp_ppp: PPPoL2TP kernel driver, V2.0
[STDERR  ] 2017-06-13T20:24:56.41490535Z: [    8.811819] 8021q: 802.1Q VLAN Support v1.8
[STDERR  ] 2017-06-13T20:24:56.414913674Z: [    8.814278] 9pnet: Installing 9P2000 support
[STDERR  ] 2017-06-13T20:24:56.414922334Z: [    8.816022] Key type dns_resolver registered
[STDERR  ] 2017-06-13T20:24:56.414942654Z: [    8.816923] openvswitch: Open vSwitch switching datapath
[STDERR  ] 2017-06-13T20:24:56.414947295Z: [    8.820960] hv_sock: failed to load: VMBus 4 or later is required
[STDERR  ] 2017-06-13T20:24:56.41498145Z: [    8.822086] mpls_gso: MPLS GSO support
[STDERR  ] 2017-06-13T20:24:56.41499084Z: [    8.823123] microcode: AMD CPU family 0x6 not supported
[STDERR  ] 2017-06-13T20:24:56.414995464Z: [    8.829453] registered taskstats version 1
[STDERR  ] 2017-06-13T20:24:56.415009666Z: [    9.025694] Key type encrypted registered
[STDERR  ] 2017-06-13T20:24:56.415025602Z: [    9.035438] rtc_cmos 00:00: setting system clock to 2017-06-13 20:24:14 UTC (1497385454)
[STDERR  ] 2017-06-13T20:24:56.415031206Z: [    9.224699] Freeing unused kernel memory: 1372K (ffffffff8cf71000 - ffffffff8d0c8000)
[STDERR  ] 2017-06-13T20:24:56.415060021Z: [    9.225736] Write protecting the kernel read-only data: 14336k
[STDERR  ] 2017-06-13T20:24:56.415075405Z: [    9.239090] Freeing unused kernel memory: 1172K (ffff88000c8db000 - ffff88000ca00000)
[STDERR  ] 2017-06-13T20:24:56.415085101Z: [    9.323733] Freeing unused kernel memory: 972K (ffff88000cd0d000 - ffff88000ce00000)
[STDERR  ] 2017-06-13T20:24:56.415094961Z: [    9.681098] clocksource: Switched to clocksource tsc
[STDERR  ] 2017-06-13T20:24:56.415099666Z: 
[STDERR  ] 2017-06-13T20:24:56.41510902Z: Starting containerd
[STDERR  ] 2017-06-13T20:24:56.415138955Z: 
[STDERR  ] 2017-06-13T20:24:56.415150356Z: Welcome to LinuxKit
[STDERR  ] 2017-06-13T20:24:56.41515512Z: 
[STDERR  ] 2017-06-13T20:24:56.415170301Z:                         ##         .
[STDERR  ] 2017-06-13T20:24:56.415180485Z:                   ## ## ##        ==
[STDERR  ] 2017-06-13T20:24:56.415185852Z:                ## ## ## ## ##    ===
[STDERR  ] 2017-06-13T20:24:56.4152116Z:            /"""""""""""""""""\___/ ===
[STDERR  ] 2017-06-13T20:24:56.415218642Z:       ~~~ {~~ ~~~~ ~~~ ~~~~ ~~~ ~ /  ===- ~~~
[STDERR  ] 2017-06-13T20:24:56.415221291Z:            \______ o           __/
[STDERR  ] 2017-06-13T20:24:56.415231095Z:              \    \         __/
[STDERR  ] 2017-06-13T20:24:56.415247391Z:               \____\_______/
[STDERR  ] 2017-06-13T20:24:56.415253264Z: 
[STDERR  ] 2017-06-13T20:24:56.415255932Z: [34mINFO[0m[0000] starting containerd boot...                   [34mmodule[0m=containerd
[STDERR  ] 2017-06-13T20:24:56.415264658Z: [34mINFO[0m[0000] starting debug API...                         [34mdebug[0m="/run/containerd/debug.sock" [34mmodule[0m=containerd
[STDERR  ] 2017-06-13T20:24:56.415270131Z: [34mINFO[0m[0000] loading monitor plugin "cgroups"...           [34mmodule[0m=containerd
[STDERR  ] 2017-06-13T20:24:56.415278518Z: [34mINFO[0m[0000] loading runtime plugin "linux"...             [34mmodule[0m=containerd
[STDERR  ] 2017-06-13T20:24:56.415289584Z: [34mINFO[0m[0000] loading snapshot plugin "snapshot-overlay"...  [34mmodule[0m=containerd
[STDERR  ] 2017-06-13T20:24:56.415294908Z: [34mINFO[0m[0000] loading differ plugin "diff-base"...          [34mmodule[0m=containerd
[STDERR  ] 2017-06-13T20:24:56.415302434Z: [34mINFO[0m[0000] loading grpc service plugin "diff-grpc"...    [34mmodule[0m=containerd
[STDERR  ] 2017-06-13T20:24:56.415309596Z: [34mINFO[0m[0000] loading grpc service plugin "images-grpc"...  [34mmodule[0m=containerd
[STDERR  ] 2017-06-13T20:24:56.415314795Z: [34mINFO[0m[0000] loading grpc service plugin "snapshots-grpc"...  [34mmodule[0m=containerd
[STDERR  ] 2017-06-13T20:24:56.415319842Z: [34mINFO[0m[0000] loading grpc service plugin "content-grpc"...  [34mmodule[0m=containerd
[STDERR  ] 2017-06-13T20:24:56.415325881Z: [34mINFO[0m[0000] loading grpc service plugin "healthcheck-grpc"...  [34mmodule[0m=containerd
[STDERR  ] 2017-06-13T20:24:56.415330952Z: [34mINFO[0m[0000] loading grpc service plugin "version-grpc"...  [34mmodule[0m=containerd
[STDERR  ] 2017-06-13T20:24:56.41533364Z: [34mINFO[0m[0000] loading grpc service plugin "containers-grpc"...  [34mmodule[0m=containerd
[STDERR  ] 2017-06-13T20:24:56.415341321Z: [34mINFO[0m[0000] loading grpc service plugin "metrics-grpc"...  [34mmodule[0m=containerd
[STDERR  ] 2017-06-13T20:24:56.415349117Z: [34mINFO[0m[0000] loading grpc service plugin "tasks-grpc"...   [34mmodule[0m=containerd
[STDERR  ] 2017-06-13T20:24:56.415354276Z: [34mINFO[0m[0000] loading grpc service plugin "namespaces-grpc"...  [34mmodule[0m=containerd
[STDERR  ] 2017-06-13T20:24:56.415367046Z: [34mINFO[0m[0000] starting GRPC API server...                   [34mmodule[0m=containerd
[STDERR  ] 2017-06-13T20:24:56.415374241Z: [34mINFO[0m[0000] containerd successfully booted in 0.219449s   [34mmodule[0m=containerd
[STDERR  ] 2017-06-13T20:24:56.415376937Z: starting kernel config sanity test with /proc/config.gz
[STDERR  ] 2017-06-13T20:24:56.415381921Z: kernel config test succeeded!
[STDERR  ] 2017-06-13T20:24:56.415390442Z: [37minfo: reading kernel config from /proc/config.gz ...[m
[STDERR  ] 2017-06-13T20:24:56.415395416Z: 
[STDERR  ] 2017-06-13T20:24:56.415400696Z: Generally Necessary:
[STDERR  ] 2017-06-13T20:24:56.415406556Z: - [37mcgroup hierarchy[m: [32mproperly mounted[m [/sys/fs/cgroup]
[STDERR  ] 2017-06-13T20:24:56.415411715Z: - [37mCONFIG_NAMESPACES[m: [32menabled[m
[STDERR  ] 2017-06-13T20:24:56.415414309Z: - [37mCONFIG_NET_NS[m: [32menabled[m
[STDERR  ] 2017-06-13T20:24:56.415419402Z: - [37mCONFIG_PID_NS[m: [32menabled[m
[STDERR  ] 2017-06-13T20:24:56.415426983Z: - [37mCONFIG_IPC_NS[m: [32menabled[m
[STDERR  ] 2017-06-13T20:24:56.415440585Z: - [37mCONFIG_UTS_NS[m: [32menabled[m
[STDERR  ] 2017-06-13T20:24:56.415445965Z: - [37mCONFIG_CGROUPS[m: [32menabled[m
[STDERR  ] 2017-06-13T20:24:56.415450999Z: - [37mCONFIG_CGROUP_CPUACCT[m: [32menabled[m
[STDERR  ] 2017-06-13T20:24:56.415456143Z: - [37mCONFIG_CGROUP_DEVICE[m: [32menabled[m
[STDERR  ] 2017-06-13T20:24:56.415461243Z: - [37mCONFIG_CGROUP_FREEZER[m: [32menabled[m
[STDERR  ] 2017-06-13T20:24:56.415467941Z: - [37mCONFIG_CGROUP_SCHED[m: [32menabled[m
[STDERR  ] 2017-06-13T20:24:56.415472889Z: - [37mCONFIG_CPUSETS[m: [32menabled[m
[STDERR  ] 2017-06-13T20:24:56.415480745Z: - [37mCONFIG_MEMCG[m: [32menabled[m
[STDERR  ] 2017-06-13T20:24:56.415486091Z: - [37mCONFIG_KEYS[m: [32menabled[m
[STDERR  ] 2017-06-13T20:24:56.415491111Z: - [37mCONFIG_VETH[m: [32menabled[m
[STDERR  ] 2017-06-13T20:24:56.415496147Z: - [37mCONFIG_BRIDGE[m: [32menabled[m
[STDERR  ] 2017-06-13T20:24:56.415503237Z: - [37mCONFIG_BRIDGE_NETFILTER[m: [32menabled[m
[STDERR  ] 2017-06-13T20:24:56.415513682Z: - [37mCONFIG_NF_NAT_IPV4[m: [32menabled[m
[STDERR  ] 2017-06-13T20:24:56.415521885Z: - [37mCONFIG_IP_NF_FILTER[m: [32menabled[m
[STDERR  ] 2017-06-13T20:24:56.415529846Z: - [37mCONFIG_IP_NF_TARGET_MASQUERADE[m: [32menabled[m
[STDERR  ] 2017-06-13T20:24:56.415532533Z: - [37mCONFIG_NETFILTER_XT_MATCH_ADDRTYPE[m: [32menabled[m
[STDERR  ] 2017-06-13T20:24:56.415540137Z: - [37mCONFIG_NETFILTER_XT_MATCH_CONNTRACK[m: [32menabled[m
[STDERR  ] 2017-06-13T20:24:56.415542826Z: - [37mCONFIG_NETFILTER_XT_MATCH_IPVS[m: [32menabled[m
[STDERR  ] 2017-06-13T20:24:56.415551165Z: - [37mCONFIG_IP_NF_NAT[m: [32menabled[m
[STDERR  ] 2017-06-13T20:24:56.415556157Z: - [37mCONFIG_NF_NAT[m: [32menabled[m
[STDERR  ] 2017-06-13T20:24:56.415558669Z: - [37mCONFIG_NF_NAT_NEEDED[m: [32menabled[m
[STDERR  ] 2017-06-13T20:24:56.415566189Z: - [37mCONFIG_POSIX_MQUEUE[m: [32menabled[m
[STDERR  ] 2017-06-13T20:24:56.415571377Z: - [37mCONFIG_DEVPTS_MULTIPLE_INSTANCES[m: [32menabled[m
[STDERR  ] 2017-06-13T20:24:56.415576379Z: 
[STDERR  ] 2017-06-13T20:24:56.415681355Z: Optional Features:
[STDERR  ] 2017-06-13T20:24:56.415692397Z: - [37mCONFIG_USER_NS[m: [32menabled[m
[STDERR  ] 2017-06-13T20:24:56.415701892Z: - [37mCONFIG_SECCOMP[m: [32menabled[m
[STDERR  ] 2017-06-13T20:24:56.41571209Z: - [37mCONFIG_CGROUP_PIDS[m: [32menabled[m
[STDERR  ] 2017-06-13T20:24:56.415719227Z: - [37mCONFIG_MEMCG_SWAP[m: [32menabled[m
[STDERR  ] 2017-06-13T20:24:56.415728244Z: - [37mCONFIG_MEMCG_SWAP_ENABLED[m: [32menabled[m
[STDERR  ] 2017-06-13T20:24:56.415738376Z:     [1;30m(cgroup swap accounting is currently enabled)[m
[STDERR  ] 2017-06-13T20:24:56.415917228Z: - [1mCONFIG_LEGACY_VSYSCALL_NONE[m: [1;31menabled[m
[STDERR  ] 2017-06-13T20:24:56.415922776Z:     [1;30m(containers using eglibc <= 2.13 will not work. Switch to[m
[STDERR  ] 2017-06-13T20:24:56.415925523Z:     [1;30m "CONFIG_VSYSCALL_[NATIVE|EMULATE]" or use "vsyscall=[native|emulate]"[m
[STDERR  ] 2017-06-13T20:24:56.415933047Z:     [1;30m on kernel command line. Note that this will disable ASLR for the,[m
[STDERR  ] 2017-06-13T20:24:56.415938083Z:     [1;30m VDSO which may assist in exploiting security vulnerabilities.)[m
[STDERR  ] 2017-06-13T20:24:56.415940746Z: - [37mCONFIG_MEMCG_KMEM[m: [32menabled[m
[STDERR  ] 2017-06-13T20:24:56.415948497Z: - [37mCONFIG_BLK_CGROUP[m: [32menabled[m
[STDERR  ] 2017-06-13T20:24:56.415953462Z: - [37mCONFIG_BLK_DEV_THROTTLING[m: [32menabled[m
[STDERR  ] 2017-06-13T20:24:56.415958484Z: - [37mCONFIG_IOSCHED_CFQ[m: [32menabled[m
[STDERR  ] 2017-06-13T20:24:56.415963484Z: - [37mCONFIG_CFQ_GROUP_IOSCHED[m: [32menabled[m
[STDERR  ] 2017-06-13T20:24:56.415968464Z: - [37mCONFIG_CGROUP_PERF[m: [32menabled[m
[STDERR  ] 2017-06-13T20:24:56.415980064Z: - [37mCONFIG_CGROUP_HUGETLB[m: [32menabled[m
[STDERR  ] 2017-06-13T20:24:56.415985688Z: - [37mCONFIG_NET_CLS_CGROUP[m: [32menabled[m
[STDERR  ] 2017-06-13T20:24:56.415993322Z: - [37mCONFIG_CGROUP_NET_PRIO[m: [32menabled[m
[STDERR  ] 2017-06-13T20:24:56.41599941Z: - [37mCONFIG_CFS_BANDWIDTH[m: [32menabled[m
[STDERR  ] 2017-06-13T20:24:56.41600454Z: - [37mCONFIG_FAIR_GROUP_SCHED[m: [32menabled[m
[STDERR  ] 2017-06-13T20:24:56.416012022Z: - [37mCONFIG_RT_GROUP_SCHED[m: [32menabled[m
[STDERR  ] 2017-06-13T20:24:56.416016946Z: - [37mCONFIG_IP_VS[m: [32menabled[m
[STDERR  ] 2017-06-13T20:24:56.416021948Z: - [37mCONFIG_IP_VS_NFCT[m: [32menabled[m
[STDERR  ] 2017-06-13T20:24:56.416026972Z: - [37mCONFIG_IP_VS_RR[m: [32menabled[m
[STDERR  ] 2017-06-13T20:24:56.416036348Z: - [37mCONFIG_EXT4_FS[m: [32menabled[m
[STDERR  ] 2017-06-13T20:24:56.416039259Z: - [37mCONFIG_EXT4_FS_POSIX_ACL[m: [32menabled[m
[STDERR  ] 2017-06-13T20:24:56.416044201Z: - [37mCONFIG_EXT4_FS_SECURITY[m: [32menabled[m
[STDERR  ] 2017-06-13T20:24:56.416062639Z: - Network Drivers:
[STDERR  ] 2017-06-13T20:24:56.416067873Z:   - "[34moverlay[m":
[STDERR  ] 2017-06-13T20:24:56.416073901Z:     - [37mCONFIG_VXLAN[m: [32menabled[m
[STDERR  ] 2017-06-13T20:24:56.416076603Z:       Optional (for encrypted networks):
[STDERR  ] 2017-06-13T20:24:56.416082365Z:       - [37mCONFIG_CRYPTO[m: [32menabled[m
[STDERR  ] 2017-06-13T20:24:56.416090009Z:       - [37mCONFIG_CRYPTO_AEAD[m: [32menabled[m
[STDERR  ] 2017-06-13T20:24:56.416095064Z:       - [37mCONFIG_CRYPTO_GCM[m: [32menabled[m
[STDERR  ] 2017-06-13T20:24:56.416100038Z:       - [37mCONFIG_CRYPTO_SEQIV[m: [32menabled[m
[STDERR  ] 2017-06-13T20:24:56.416105055Z:       - [37mCONFIG_CRYPTO_GHASH[m: [32menabled[m
[STDERR  ] 2017-06-13T20:24:56.416110229Z:       - [37mCONFIG_XFRM[m: [32menabled[m
[STDERR  ] 2017-06-13T20:24:56.416115313Z:       - [37mCONFIG_XFRM_USER[m: [32menabled[m
[STDERR  ] 2017-06-13T20:24:56.416122411Z:       - [37mCONFIG_XFRM_ALGO[m: [32menabled[m
[STDERR  ] 2017-06-13T20:24:56.416144095Z:       - [37mCONFIG_INET_ESP[m: [32menabled[m
[STDERR  ] 2017-06-13T20:24:56.416152988Z:       - [37mCONFIG_INET_XFRM_MODE_TRANSPORT[m: [32menabled[m
[STDERR  ] 2017-06-13T20:24:56.416161699Z:   - "[34mipvlan[m":
[STDERR  ] 2017-06-13T20:24:56.416170484Z:     - [37mCONFIG_IPVLAN[m: [32menabled[m
[STDERR  ] 2017-06-13T20:24:56.416179509Z:   - "[34mmacvlan[m":
[STDERR  ] 2017-06-13T20:24:56.416191521Z:     - [37mCONFIG_MACVLAN[m: [32menabled[m
[STDERR  ] 2017-06-13T20:24:56.416196027Z:     - [37mCONFIG_DUMMY[m: [32menabled[m
[STDERR  ] 2017-06-13T20:24:56.416214221Z:   - "[34mftp,tftp client in container[m":
[STDERR  ] 2017-06-13T20:24:56.416222487Z:     - [37mCONFIG_NF_NAT_FTP[m: [32menabled[m
[STDERR  ] 2017-06-13T20:24:56.416227749Z:     - [37mCONFIG_NF_CONNTRACK_FTP[m: [32menabled[m
[STDERR  ] 2017-06-13T20:24:56.416230314Z:     - [37mCONFIG_NF_NAT_TFTP[m: [32menabled[m
[STDERR  ] 2017-06-13T20:24:56.416243727Z:     - [37mCONFIG_NF_CONNTRACK_TFTP[m: [32menabled[m
[STDERR  ] 2017-06-13T20:24:56.416248788Z: - Storage Drivers:
[STDERR  ] 2017-06-13T20:24:56.416253873Z:   - "[34maufs[m":
[STDERR  ] 2017-06-13T20:24:56.416258958Z:     - [1mCONFIG_AUFS_FS[m: [1;31mmissing[m
[STDERR  ] 2017-06-13T20:24:56.416263969Z:   - "[34mbtrfs[m":
[STDERR  ] 2017-06-13T20:24:56.416272501Z:     - [37mCONFIG_BTRFS_FS[m: [32menabled (as module)[m
[STDERR  ] 2017-06-13T20:24:56.416275154Z:     - [37mCONFIG_BTRFS_FS_POSIX_ACL[m: [32menabled[m
[STDERR  ] 2017-06-13T20:24:56.416288543Z:   - "[34mdevicemapper[m":
[STDERR  ] 2017-06-13T20:24:56.416296174Z:     - [37mCONFIG_BLK_DEV_DM[m: [32menabled[m
[STDERR  ] 2017-06-13T20:24:56.416301147Z:     - [37mCONFIG_DM_THIN_PROVISIONING[m: [32menabled[m
[STDERR  ] 2017-06-13T20:24:56.416314851Z:   - "[34moverlay[m":
[STDERR  ] 2017-06-13T20:24:56.416322701Z:     - [37mCONFIG_OVERLAY_FS[m: [32menabled[m
[STDERR  ] 2017-06-13T20:24:56.416327644Z:   - "[34mzfs[m":
[STDERR  ] 2017-06-13T20:24:56.416332641Z:     - [1m/dev/zfs[m: [1;31mmissing[m
[STDERR  ] 2017-06-13T20:24:56.416337553Z:     - [1mzfs command[m: [1;31mmissing[m
[STDERR  ] 2017-06-13T20:24:56.416340043Z:     - [1mzpool command[m: [1;31mmissing[m
[STDERR  ] 2017-06-13T20:24:56.416348677Z: 
[STDERR  ] 2017-06-13T20:24:56.416361808Z: Limits:
[STDERR  ] 2017-06-13T20:24:56.416367491Z: [37m- /proc/sys/kernel/keys/root_maxkeys[m: [32m1000000[m
[STDERR  ] 2017-06-13T20:24:56.416372531Z: 
[STDERR  ] 2017-06-13T20:24:56.416377604Z: Kernel config test suite PASSED
[STDERR  ] 2017-06-13T20:24:56.416382644Z:  - 000-check-kernel-config
[STDERR  ] 2017-06-13T20:24:56.416387635Z: [   50.038181] ACPI: Preparing to enter system sleep state S5
[STDERR  ] 2017-06-13T20:24:56.416390316Z: [   50.042450] reboot: Power down
[STDERR  ] 2017-06-13T20:24:56.416398422Z: + grep -q suite PASSED
[STDERR  ] 2017-06-13T20:24:56.416408786Z: + echo [    0.000000] Initializing cgroup subsys cpuset
[STDERR  ] 2017-06-13T20:24:56.416413678Z: [    0.000000] Initializing cgroup subsys cpu
[STDERR  ] 2017-06-13T20:24:56.416421604Z: [    0.000000] Initializing cgroup subsys cpuacct
[STDERR  ] 2017-06-13T20:24:56.416427242Z: [    0.000000] Linux version 4.4.71-linuxkit (root@84baa8e89c00) (gcc version 6.2.1 20160822 (Alpine 6.2.1) ) #1 SMP Wed Jun 7 21:53:02 UTC 2017
[STDERR  ] 2017-06-13T20:24:56.416440766Z: [    0.000000] Command line: console=ttyS0
[STDERR  ] 2017-06-13T20:24:56.416447019Z: [    0.000000] x86/fpu: Legacy x87 FPU detected.
[STDERR  ] 2017-06-13T20:24:56.416452106Z: [    0.000000] x86/fpu: Using 'lazy' FPU context switches.
[STDERR  ] 2017-06-13T20:24:56.416457146Z: [    0.000000] e820: BIOS-provided physical RAM map:
[STDERR  ] 2017-06-13T20:24:56.416459816Z: [    0.000000] BIOS-e820: [mem 0x0000000000000000-0x000000000009fbff] usable
[STDERR  ] 2017-06-13T20:24:56.416467712Z: [    0.000000] BIOS-e820: [mem 0x000000000009fc00-0x000000000009ffff] reserved
[STDERR  ] 2017-06-13T20:24:56.416473855Z: [    0.000000] BIOS-e820: [mem 0x00000000000f0000-0x00000000000fffff] reserved
[STDERR  ] 2017-06-13T20:24:56.416481162Z: [    0.000000] BIOS-e820: [mem 0x0000000000100000-0x000000003ffdefff] usable
[STDERR  ] 2017-06-13T20:24:56.416486332Z: [    0.000000] BIOS-e820: [mem 0x000000003ffdf000-0x000000003fffffff] reserved
[STDERR  ] 2017-06-13T20:24:56.416488968Z: [    0.000000] BIOS-e820: [mem 0x00000000b0000000-0x00000000bfffffff] reserved
[STDERR  ] 2017-06-13T20:24:56.416496349Z: [    0.000000] BIOS-e820: [mem 0x00000000fed1c000-0x00000000fed1ffff] reserved
[STDERR  ] 2017-06-13T20:24:56.416498879Z: [    0.000000] BIOS-e820: [mem 0x00000000fffc0000-0x00000000ffffffff] reserved
[STDERR  ] 2017-06-13T20:24:56.416516699Z: [    0.000000] NX (Execute Disable) protection: active
[STDERR  ] 2017-06-13T20:24:56.416519515Z: [    0.000000] SMBIOS 2.8 present.
[STDERR  ] 2017-06-13T20:24:56.416526976Z: [    0.000000] e820: last_pfn = 0x3ffdf max_arch_pfn = 0x400000000
[STDERR  ] 2017-06-13T20:24:56.416532009Z: [    0.000000] x86/PAT: Configuration [0-7]: WB  WC  UC- UC  WB  WC  UC- WT  
[STDERR  ] 2017-06-13T20:24:56.41653459Z: [    0.000000] found SMP MP-table at [mem 0x000f6aa0-0x000f6aaf] mapped at [ffff8800000f6aa0]
[STDERR  ] 2017-06-13T20:24:56.416542206Z: [    0.000000] RAMDISK: [mem 0x3df5c000-0x3ffcffff]
[STDERR  ] 2017-06-13T20:24:56.41654489Z: [    0.000000] ACPI: Early table checksum verification disabled
[STDERR  ] 2017-06-13T20:24:56.416549789Z: [    0.000000] ACPI: RSDP 0x00000000000F68C0 000014 (v00 BOCHS )
[STDERR  ] 2017-06-13T20:24:56.416557444Z: [    0.000000] ACPI: RSDT 0x000000003FFE2404 000034 (v01 BOCHS  BXPCRSDT 00000001 BXPC 00000001)
[STDERR  ] 2017-06-13T20:24:56.416562554Z: [    0.000000] ACPI: FACP 0x000000003FFE22A4 000074 (v01 BOCHS  BXPCFACP 00000001 BXPC 00000001)
[STDERR  ] 2017-06-13T20:24:56.416565226Z: [    0.000000] ACPI: DSDT 0x000000003FFE0040 002264 (v01 BOCHS  BXPCDSDT 00000001 BXPC 00000001)
[STDERR  ] 2017-06-13T20:24:56.416572629Z: [    0.000000] ACPI: FACS 0x000000003FFE0000 000040
[STDERR  ] 2017-06-13T20:24:56.416575179Z: [    0.000000] ACPI: APIC 0x000000003FFE2318 000078 (v01 BOCHS  BXPCAPIC 00000001 BXPC 00000001)
[STDERR  ] 2017-06-13T20:24:56.416590584Z: [    0.000000] ACPI: HPET 0x000000003FFE2390 000038 (v01 BOCHS  BXPCHPET 00000001 BXPC 00000001)
[STDERR  ] 2017-06-13T20:24:56.416596948Z: [    0.000000] ACPI: MCFG 0x000000003FFE23C8 00003C (v01 BOCHS  BXPCMCFG 00000001 BXPC 00000001)
[STDERR  ] 2017-06-13T20:24:56.416604219Z: [    0.000000] Zone ranges:
[STDERR  ] 2017-06-13T20:24:56.41660922Z: [    0.000000]   DMA      [mem 0x0000000000001000-0x0000000000ffffff]
[STDERR  ] 2017-06-13T20:24:56.416614338Z: [    0.000000]   DMA32    [mem 0x0000000001000000-0x000000003ffdefff]
[STDERR  ] 2017-06-13T20:24:56.416619335Z: [    0.000000]   Normal   empty
[STDERR  ] 2017-06-13T20:24:56.416626924Z: [    0.000000] Movable zone start for each node
[STDERR  ] 2017-06-13T20:24:56.416632308Z: [    0.000000] Early memory node ranges
[STDERR  ] 2017-06-13T20:24:56.416639668Z: [    0.000000]   node   0: [mem 0x0000000000001000-0x000000000009efff]
[STDERR  ] 2017-06-13T20:24:56.416646285Z: [    0.000000]   node   0: [mem 0x0000000000100000-0x000000003ffdefff]
[STDERR  ] 2017-06-13T20:24:56.416651449Z: [    0.000000] Initmem setup node 0 [mem 0x0000000000001000-0x000000003ffdefff]
[STDERR  ] 2017-06-13T20:24:56.416664294Z: [    0.000000] ACPI: PM-Timer IO Port: 0x608
[STDERR  ] 2017-06-13T20:24:56.41666727Z: [    0.000000] ACPI: LAPIC_NMI (acpi_id[0xff] dfl dfl lint[0x1])
[STDERR  ] 2017-06-13T20:24:56.416673459Z: [    0.000000] IOAPIC[0]: apic_id 0, version 32, address 0xfec00000, GSI 0-23
[STDERR  ] 2017-06-13T20:24:56.416681332Z: [    0.000000] ACPI: INT_SRC_OVR (bus 0 bus_irq 0 global_irq 2 dfl dfl)
[STDERR  ] 2017-06-13T20:24:56.41668397Z: [    0.000000] ACPI: INT_SRC_OVR (bus 0 bus_irq 5 global_irq 5 high level)
[STDERR  ] 2017-06-13T20:24:56.416691248Z: [    0.000000] ACPI: INT_SRC_OVR (bus 0 bus_irq 9 global_irq 9 high level)
[STDERR  ] 2017-06-13T20:24:56.416693752Z: [    0.000000] ACPI: INT_SRC_OVR (bus 0 bus_irq 10 global_irq 10 high level)
[STDERR  ] 2017-06-13T20:24:56.416701224Z: [    0.000000] ACPI: INT_SRC_OVR (bus 0 bus_irq 11 global_irq 11 high level)
[STDERR  ] 2017-06-13T20:24:56.416709626Z: [    0.000000] Using ACPI (MADT) for SMP configuration information
[STDERR  ] 2017-06-13T20:24:56.416714676Z: [    0.000000] ACPI: HPET id: 0x8086a201 base: 0xfed00000
[STDERR  ] 2017-06-13T20:24:56.416717369Z: [    0.000000] smpboot: Allowing 1 CPUs, 0 hotplug CPUs
[STDERR  ] 2017-06-13T20:24:56.416724732Z: [    0.000000] e820: [mem 0x40000000-0xafffffff] available for PCI devices
[STDERR  ] 2017-06-13T20:24:56.4167297Z: [    0.000000] Booting paravirtualized kernel on bare hardware
[STDERR  ] 2017-06-13T20:24:56.416745663Z: [    0.000000] clocksource: refined-jiffies: mask: 0xffffffff max_cycles: 0xffffffff, max_idle_ns: 19112604462750000 ns
[STDERR  ] 2017-06-13T20:24:56.416748731Z: [    0.000000] setup_percpu: NR_CPUS:128 nr_cpumask_bits:128 nr_cpu_ids:1 nr_node_ids:1
[STDERR  ] 2017-06-13T20:24:56.416756425Z: [    0.000000] PERCPU: Embedded 33 pages/cpu @ffff88003dc00000 s95960 r8192 d31016 u2097152
[STDERR  ] 2017-06-13T20:24:56.416762817Z: [    0.000000] Built 1 zonelists in Zone order, mobility grouping on.  Total pages: 257896
[STDERR  ] 2017-06-13T20:24:56.416769677Z: [    0.000000] Kernel command line: console=ttyS0
[STDERR  ] 2017-06-13T20:24:56.41677493Z: [    0.000000] PID hash table entries: 4096 (order: 3, 32768 bytes)
[STDERR  ] 2017-06-13T20:24:56.416780005Z: [    0.000000] Dentry cache hash table entries: 131072 (order: 8, 1048576 bytes)
[STDERR  ] 2017-06-13T20:24:56.416785041Z: [    0.000000] Inode-cache hash table entries: 65536 (order: 7, 524288 bytes)
[STDERR  ] 2017-06-13T20:24:56.416791506Z: [    0.000000] Memory: 978472K/1048052K available (9057K kernel code, 1470K rwdata, 3124K rodata, 1372K init, 728K bss, 69580K reserved, 0K cma-reserved)
[STDERR  ] 2017-06-13T20:24:56.416797066Z: [    0.000000] Hierarchical RCU implementation.
[STDERR  ] 2017-06-13T20:24:56.416799719Z: [    0.000000] 	Build-time adjustment of leaf fanout to 64.
[STDERR  ] 2017-06-13T20:24:56.416804616Z: [    0.000000] 	RCU restricting CPUs from NR_CPUS=128 to nr_cpu_ids=1.
[STDERR  ] 2017-06-13T20:24:56.41682014Z: [    0.000000] RCU: Adjusting geometry for rcu_fanout_leaf=64, nr_cpu_ids=1
[STDERR  ] 2017-06-13T20:24:56.416825131Z: [    0.000000] NR_IRQS:8448 nr_irqs:256 16
[STDERR  ] 2017-06-13T20:24:56.416827773Z: [    0.000000] Console: colour VGA+ 80x25
[STDERR  ] 2017-06-13T20:24:56.416832737Z: [    0.000000] console [ttyS0] enabled
[STDERR  ] 2017-06-13T20:24:56.416840936Z: [    0.000000] clocksource: hpet: mask: 0xffffffff max_cycles: 0xffffffff, max_idle_ns: 19112604467 ns
[STDERR  ] 2017-06-13T20:24:56.416846507Z: [    0.000000] tsc: Unable to calibrate against PIT
[STDERR  ] 2017-06-13T20:24:56.416853909Z: [    0.000000] tsc: using HPET reference calibration
[STDERR  ] 2017-06-13T20:24:56.416860311Z: [    0.000000] tsc: Detected 2600.020 MHz processor
[STDERR  ] 2017-06-13T20:24:56.416865176Z: [    0.051978] Calibrating delay loop (skipped), value calculated using timer frequency.. 5200.04 BogoMIPS (lpj=26000200)
[STDERR  ] 2017-06-13T20:24:56.416876346Z: [    0.053969] pid_max: default: 32768 minimum: 301
[STDERR  ] 2017-06-13T20:24:56.416888665Z: [    0.054996] ACPI: Core revision 20150930
[STDERR  ] 2017-06-13T20:24:56.416894521Z: [    0.101906] ACPI: 1 ACPI AML tables successfully acquired and loaded
[STDERR  ] 2017-06-13T20:24:56.416897049Z: [    0.104061] Security Framework initialized
[STDERR  ] 2017-06-13T20:24:56.4169046Z: [    0.104597] Yama: becoming mindful.
[STDERR  ] 2017-06-13T20:24:56.416907256Z: [    0.108246] Mount-cache hash table entries: 2048 (order: 2, 16384 bytes)
[STDERR  ] 2017-06-13T20:24:56.416915845Z: [    0.109273] Mountpoint-cache hash table entries: 2048 (order: 2, 16384 bytes)
[STDERR  ] 2017-06-13T20:24:56.416920903Z: [    0.124205] Initializing cgroup subsys io
[STDERR  ] 2017-06-13T20:24:56.416927176Z: [    0.125419] Initializing cgroup subsys memory
[STDERR  ] 2017-06-13T20:24:56.416934881Z: [    0.126599] Initializing cgroup subsys devices
[STDERR  ] 2017-06-13T20:24:56.416937559Z: [    0.127298] Initializing cgroup subsys freezer
[STDERR  ] 2017-06-13T20:24:56.416944893Z: [    0.128033] Initializing cgroup subsys net_cls
[STDERR  ] 2017-06-13T20:24:56.416947415Z: [    0.128609] Initializing cgroup subsys perf_event
[STDERR  ] 2017-06-13T20:24:56.416954853Z: [    0.129363] Initializing cgroup subsys net_prio
[STDERR  ] 2017-06-13T20:24:56.416967527Z: [    0.130214] Initializing cgroup subsys hugetlb
[STDERR  ] 2017-06-13T20:24:56.416974975Z: [    0.130854] Initializing cgroup subsys pids
[STDERR  ] 2017-06-13T20:24:56.416983106Z: [    0.133591] Last level iTLB entries: 4KB 0, 2MB 0, 4MB 0
[STDERR  ] 2017-06-13T20:24:56.416988249Z: [    0.134180] Last level dTLB entries: 4KB 0, 2MB 0, 4MB 0, 1GB 0
[STDERR  ] 2017-06-13T20:24:56.416990953Z: [    0.449002] Freeing SMP alternatives memory: 24K (ffffffff8d0c8000 - ffffffff8d0ce000)
[STDERR  ] 2017-06-13T20:24:56.416995929Z: [    0.457270] ftrace: allocating 39586 entries in 155 pages
[STDERR  ] 2017-06-13T20:24:56.417005343Z: [    0.644451] ..TIMER: vector=0x30 apic1=0 pin1=2 apic2=-1 pin2=-1
[STDERR  ] 2017-06-13T20:24:56.417008165Z: [    0.750000] smpboot: CPU0: AMD QEMU Virtual CPU version 2.5+ (family: 0x6, model: 0x6, stepping: 0x3)
[STDERR  ] 2017-06-13T20:24:56.417013487Z: [    0.750000] Performance Events: Broken PMU hardware detected, using software events only.
[STDERR  ] 2017-06-13T20:24:56.417021041Z: [    0.750000] Failed to access perfctr msr (MSR c0010007 is 0)
[STDERR  ] 2017-06-13T20:24:56.417025999Z: [    0.758090] x86: Booted up 1 node, 1 CPUs
[STDERR  ] 2017-06-13T20:24:56.417031056Z: [    0.759036] smpboot: Total of 1 processors activated (5200.04 BogoMIPS)
[STDERR  ] 2017-06-13T20:24:56.417043855Z: [    0.763303] NMI watchdog: disabled (cpu0): hardware events not enabled
[STDERR  ] 2017-06-13T20:24:56.417050197Z: [    0.764041] NMI watchdog: Shutting down hard lockup detector on all cpus
[STDERR  ] 2017-06-13T20:24:56.417055193Z: [    0.779387] devtmpfs: initialized
[STDERR  ] 2017-06-13T20:24:56.417060233Z: [    0.876276] clocksource: jiffies: mask: 0xffffffff max_cycles: 0xffffffff, max_idle_ns: 19112604462750000 ns
[STDERR  ] 2017-06-13T20:24:56.417065901Z: [    0.878518] futex hash table entries: 256 (order: 2, 16384 bytes)
[STDERR  ] 2017-06-13T20:24:56.417070896Z: [    0.900784] NET: Registered protocol family 16
[STDERR  ] 2017-06-13T20:24:56.417075899Z: [    0.913998] cpuidle: using governor ladder
[STDERR  ] 2017-06-13T20:24:56.417080796Z: [    0.915357] cpuidle: using governor menu
[STDERR  ] 2017-06-13T20:24:56.417086983Z: [    0.918825] ACPI: bus type PCI registered
[STDERR  ] 2017-06-13T20:24:56.417092571Z: [    0.924631] PCI: MMCONFIG for domain 0000 [bus 00-ff] at [mem 0xb0000000-0xbfffffff] (base 0xb0000000)
[STDERR  ] 2017-06-13T20:24:56.417101191Z: [    0.926644] PCI: MMCONFIG at [mem 0xb0000000-0xbfffffff] reserved in E820
[STDERR  ] 2017-06-13T20:24:56.41710416Z: [    0.929225] PCI: Using configuration type 1 for base access
[STDERR  ] 2017-06-13T20:24:56.417118214Z: [    1.025148] ACPI: Added _OSI(Module Device)
[STDERR  ] 2017-06-13T20:24:56.41712085Z: [    1.025999] ACPI: Added _OSI(Processor Device)
[STDERR  ] 2017-06-13T20:24:56.417128494Z: [    1.026971] ACPI: Added _OSI(3.0 _SCP Extensions)
[STDERR  ] 2017-06-13T20:24:56.417131146Z: [    1.027673] ACPI: Added _OSI(Processor Aggregator Device)
[STDERR  ] 2017-06-13T20:24:56.417135986Z: [    1.130531] ACPI: Interpreter enabled
[STDERR  ] 2017-06-13T20:24:56.417144562Z: [    1.131699] ACPI: (supports S0 S5)
[STDERR  ] 2017-06-13T20:24:56.417149621Z: [    1.132124] ACPI: Using IOAPIC for interrupt routing
[STDERR  ] 2017-06-13T20:24:56.417154887Z: [    1.134560] PCI: Using host bridge windows from ACPI; if necessary, use "pci=nocrs" and report a bug
[STDERR  ] 2017-06-13T20:24:56.417159014Z: [    1.209392] ACPI: PCI Root Bridge [PCI0] (domain 0000 [bus 00-ff])
[STDERR  ] 2017-06-13T20:24:56.417164358Z: [    1.210992] acpi PNP0A08:00: _OSC: OS supports [ExtendedConfig ASPM ClockPM Segments MSI]
[STDERR  ] 2017-06-13T20:24:56.417192567Z: [    1.220841] acpi PNP0A08:00: _OSC: OS now controls [PCIeHotplug PME PCIeCapability]
[STDERR  ] 2017-06-13T20:24:56.417198308Z: [    1.225809] PCI host bridge to bus 0000:00
[STDERR  ] 2017-06-13T20:24:56.417203396Z: [    1.226711] pci_bus 0000:00: root bus resource [io  0x0000-0x0cf7 window]
[STDERR  ] 2017-06-13T20:24:56.417208502Z: [    1.227573] pci_bus 0000:00: root bus resource [io  0x0d00-0xffff window]
[STDERR  ] 2017-06-13T20:24:56.417215942Z: [    1.228478] pci_bus 0000:00: root bus resource [mem 0x000a0000-0x000bffff window]
[STDERR  ] 2017-06-13T20:24:56.417224267Z: [    1.229247] pci_bus 0000:00: root bus resource [mem 0xc0000000-0xfebfffff window]
[STDERR  ] 2017-06-13T20:24:56.417226937Z: [    1.230510] pci_bus 0000:00: root bus resource [bus 00-ff]
[STDERR  ] 2017-06-13T20:24:56.417239788Z: [    1.342024] pci 0000:00:1f.0: quirk: [io  0x0600-0x067f] claimed by ICH6 ACPI/GPIO/TCO
[STDERR  ] 2017-06-13T20:24:56.417246614Z: [    1.404858] ACPI: PCI Interrupt Link [LNKA] (IRQs 5 *10 11)
[STDERR  ] 2017-06-13T20:24:56.417251867Z: [    1.407708] ACPI: PCI Interrupt Link [LNKB] (IRQs 5 *10 11)
[STDERR  ] 2017-06-13T20:24:56.417264964Z: [    1.409802] ACPI: PCI Interrupt Link [LNKC] (IRQs 5 10 *11)
[STDERR  ] 2017-06-13T20:24:56.417267456Z: [    1.411907] ACPI: PCI Interrupt Link [LNKD] (IRQs 5 10 *11)
[STDERR  ] 2017-06-13T20:24:56.41727807Z: [    1.414018] ACPI: PCI Interrupt Link [LNKE] (IRQs 5 *10 11)
[STDERR  ] 2017-06-13T20:24:56.417283174Z: [    1.416138] ACPI: PCI Interrupt Link [LNKF] (IRQs 5 *10 11)
[STDERR  ] 2017-06-13T20:24:56.417288182Z: [    1.418216] ACPI: PCI Interrupt Link [LNKG] (IRQs 5 10 *11)
[STDERR  ] 2017-06-13T20:24:56.417294704Z: [    1.421282] ACPI: PCI Interrupt Link [LNKH] (IRQs 5 10 *11)
[STDERR  ] 2017-06-13T20:24:56.417299808Z: [    1.422536] ACPI: PCI Interrupt Link [GSIA] (IRQs *16)
[STDERR  ] 2017-06-13T20:24:56.41730479Z: [    1.423460] ACPI: PCI Interrupt Link [GSIB] (IRQs *17)
[STDERR  ] 2017-06-13T20:24:56.417311808Z: [    1.424347] ACPI: PCI Interrupt Link [GSIC] (IRQs *18)
[STDERR  ] 2017-06-13T20:24:56.41731445Z: [    1.425200] ACPI: PCI Interrupt Link [GSID] (IRQs *19)
[STDERR  ] 2017-06-13T20:24:56.41732193Z: [    1.426055] ACPI: PCI Interrupt Link [GSIE] (IRQs *20)
[STDERR  ] 2017-06-13T20:24:56.417324431Z: [    1.426906] ACPI: PCI Interrupt Link [GSIF] (IRQs *21)
[STDERR  ] 2017-06-13T20:24:56.417339377Z: [    1.427777] ACPI: PCI Interrupt Link [GSIG] (IRQs *22)
[STDERR  ] 2017-06-13T20:24:56.417344316Z: [    1.428676] ACPI: PCI Interrupt Link [GSIH] (IRQs *23)
[STDERR  ] 2017-06-13T20:24:56.417349337Z: [    1.433383] ACPI: Enabled 2 GPEs in block 00 to 3F
[STDERR  ] 2017-06-13T20:24:56.41735445Z: [    1.437985] SCSI subsystem initialized
[STDERR  ] 2017-06-13T20:24:56.417357126Z: [    1.441964] pps_core: LinuxPPS API ver. 1 registered
[STDERR  ] 2017-06-13T20:24:56.41736589Z: [    1.442508] pps_core: Software ver. 5.3.6 - Copyright 2005-2007 Rodolfo Giometti <giometti@linux.it>
[STDERR  ] 2017-06-13T20:24:56.417373851Z: [    1.443687] PTP clock support registered
[STDERR  ] 2017-06-13T20:24:56.417378931Z: [    1.445211] wmi: Mapper loaded
[STDERR  ] 2017-06-13T20:24:56.41738405Z: [    1.446688] PCI: Using ACPI for IRQ routing
[STDERR  ] 2017-06-13T20:24:56.417389112Z: [    1.465770] NetLabel: Initializing
[STDERR  ] 2017-06-13T20:24:56.417394068Z: [    1.466234] NetLabel:  domain hash size = 128
[STDERR  ] 2017-06-13T20:24:56.417400587Z: [    1.466666] NetLabel:  protocols = UNLABELED CIPSOv4
[STDERR  ] 2017-06-13T20:24:56.417421906Z: [    1.468692] NetLabel:  unlabeled traffic allowed by default
[STDERR  ] 2017-06-13T20:24:56.4174307Z: [    1.470183] HPET: 3 timers in total, 0 timers will be used for per-cpu timer
[STDERR  ] 2017-06-13T20:24:56.417439657Z: [    1.471268] hpet0: at MMIO 0xfed00000, IRQs 2, 8, 0
[STDERR  ] 2017-06-13T20:24:56.417446837Z: [    1.471962] hpet0: 3 comparators, 64-bit 100.000000 MHz counter
[STDERR  ] 2017-06-13T20:24:56.417455787Z: [    1.476885] amd_nb: Cannot enumerate AMD northbridges
[STDERR  ] 2017-06-13T20:24:56.417468518Z: [    1.478352] clocksource: Switched to clocksource hpet
[STDERR  ] 2017-06-13T20:24:56.417472479Z: [    1.712569] FS-Cache: Loaded
[STDERR  ] 2017-06-13T20:24:56.417479922Z: [    1.718339] CacheFiles: Loaded
[STDERR  ] 2017-06-13T20:24:56.417577532Z: [    1.721362] pnp: PnP ACPI init
[STDERR  ] 2017-06-13T20:24:56.417586867Z: [    1.733674] pnp: PnP ACPI: found 5 devices
[STDERR  ] 2017-06-13T20:24:56.417592173Z: [    1.791281] clocksource: acpi_pm: mask: 0xffffff max_cycles: 0xffffff, max_idle_ns: 2085701024 ns
[STDERR  ] 2017-06-13T20:24:56.417594731Z: [    1.795334] NET: Registered protocol family 2
[STDERR  ] 2017-06-13T20:24:56.417606782Z: [    1.806812] TCP established hash table entries: 8192 (order: 4, 65536 bytes)
[STDERR  ] 2017-06-13T20:24:56.417612012Z: [    1.808477] TCP bind hash table entries: 8192 (order: 5, 131072 bytes)
[STDERR  ] 2017-06-13T20:24:56.417617029Z: [    1.809873] TCP: Hash tables configured (established 8192 bind 8192)
[STDERR  ] 2017-06-13T20:24:56.417622087Z: [    1.812762] UDP hash table entries: 512 (order: 2, 16384 bytes)
[STDERR  ] 2017-06-13T20:24:56.417627168Z: [    1.813974] UDP-Lite hash table entries: 512 (order: 2, 16384 bytes)
[STDERR  ] 2017-06-13T20:24:56.417632168Z: [    1.818383] NET: Registered protocol family 1
[STDERR  ] 2017-06-13T20:24:56.417737039Z: [    1.824551] RPC: Registered named UNIX socket transport module.
[STDERR  ] 2017-06-13T20:24:56.417753283Z: [    1.825713] RPC: Registered udp transport module.
[STDERR  ] 2017-06-13T20:24:56.417762852Z: [    1.826389] RPC: Registered tcp transport module.
[STDERR  ] 2017-06-13T20:24:56.417772025Z: [    1.827039] RPC: Registered tcp NFSv4.1 backchannel transport module.
[STDERR  ] 2017-06-13T20:24:56.417776727Z: [    1.838466] Unpacking initramfs...
[STDERR  ] 2017-06-13T20:24:56.417786508Z: [    7.671562] Freeing initrd memory: 33232K (ffff88003df5c000 - ffff88003ffd0000)
[STDERR  ] 2017-06-13T20:24:56.417789176Z: [    7.696029] PCLMULQDQ-NI instructions are not detected.
[STDERR  ] 2017-06-13T20:24:56.417901769Z: [    7.697776] AVX or AES-NI instructions are not detected.
[STDERR  ] 2017-06-13T20:24:56.417904652Z: [    7.698580] CPU feature 'AVX registers' is not supported.
[STDERR  ] 2017-06-13T20:24:56.417912098Z: [    7.699275] CPU feature 'AVX registers' is not supported.
[STDERR  ] 2017-06-13T20:24:56.417919732Z: [    7.700417] CPU feature 'AVX registers' is not supported.
[STDERR  ] 2017-06-13T20:24:56.417927818Z: [    7.701444] CPU feature 'AVX registers' is not supported.
[STDERR  ] 2017-06-13T20:24:56.417932853Z: [    7.702134] AVX2 or AES-NI instructions are not detected.
[STDERR  ] 2017-06-13T20:24:56.417937852Z: [    7.702838] AVX2 instructions are not detected.
[STDERR  ] 2017-06-13T20:24:56.417940392Z: [    7.708805] audit: initializing netlink subsys (disabled)
[STDERR  ] 2017-06-13T20:24:56.418048779Z: [    7.713436] audit: type=2000 audit(1497385451.710:1): initialized
[STDERR  ] 2017-06-13T20:24:56.418054876Z: [    7.726564] HugeTLB registered 2 MB page size, pre-allocated 0 pages
[STDERR  ] 2017-06-13T20:24:56.41806015Z: [    7.732780] VFS: Disk quotas dquot_6.6.0
[STDERR  ] 2017-06-13T20:24:56.418065336Z: [    7.734108] VFS: Dquot-cache hash table entries: 512 (order 0, 4096 bytes)
[STDERR  ] 2017-06-13T20:24:56.418070409Z: [    7.740576] FS-Cache: Netfs 'nfs' registered for caching
[STDERR  ] 2017-06-13T20:24:56.418073076Z: [    7.743163] NFS: Registering the id_resolver key type
[STDERR  ] 2017-06-13T20:24:56.418080134Z: [    7.744901] Key type id_resolver registered
[STDERR  ] 2017-06-13T20:24:56.418087683Z: [    7.745411] Key type id_legacy registered
[STDERR  ] 2017-06-13T20:24:56.418090354Z: [    7.746214] nfs4filelayout_init: NFSv4 File Layout Driver Registering...
[STDERR  ] 2017-06-13T20:24:56.41809792Z: [    7.747407] Installing knfsd (copyright (C) 1996 okir@monad.swb.de).
[STDERR  ] 2017-06-13T20:24:56.418102983Z: [    7.754818] FS-Cache: Netfs 'cifs' registered for caching
[STDERR  ] 2017-06-13T20:24:56.418195721Z: [    7.756345] ntfs: driver 2.1.32 [Flags: R/O].
[STDERR  ] 2017-06-13T20:24:56.418212727Z: [    7.757174] fuse init (API version 7.23)
[STDERR  ] 2017-06-13T20:24:56.418217895Z: [    7.760706] SGI XFS with ACLs, security attributes, no debug enabled
[STDERR  ] 2017-06-13T20:24:56.418223167Z: [    7.764135] 9p: Installing v9fs 9p2000 file system support
[STDERR  ] 2017-06-13T20:24:56.418228199Z: [    7.764904] FS-Cache: Netfs '9p' registered for caching
[STDERR  ] 2017-06-13T20:24:56.418239215Z: [    7.767263] Key type big_key registered
[STDERR  ] 2017-06-13T20:24:56.41824669Z: [    7.802915] NET: Registered protocol family 38
[STDERR  ] 2017-06-13T20:24:56.418253837Z: [    7.804041] Key type asymmetric registered
[STDERR  ] 2017-06-13T20:24:56.418352129Z: [    7.804517] Asymmetric key parser 'x509' registered
[STDERR  ] 2017-06-13T20:24:56.418358955Z: [    7.805729] Block layer SCSI generic (bsg) driver version 0.4 loaded (major 251)
[STDERR  ] 2017-06-13T20:24:56.418363684Z: [    7.807477] io scheduler noop registered
[STDERR  ] 2017-06-13T20:24:56.41837152Z: [    7.808079] io scheduler deadline registered (default)
[STDERR  ] 2017-06-13T20:24:56.418376525Z: [    7.809191] io scheduler cfq registered
[STDERR  ] 2017-06-13T20:24:56.418379069Z: [    7.814147] pci_hotplug: PCI Hot Plug PCI Core version: 0.5
[STDERR  ] 2017-06-13T20:24:56.418386621Z: [    7.815121] pciehp: PCI Express Hot Plug Controller Driver version: 0.4
[STDERR  ] 2017-06-13T20:24:56.418389211Z: [    7.816431] shpchp: Standard Hot Plug PCI Controller Driver version: 0.4
[STDERR  ] 2017-06-13T20:24:56.418405864Z: [    7.817605] hv_vmbus: registering driver hyperv_fb
[STDERR  ] 2017-06-13T20:24:56.418410869Z: [    7.822371] input: Power Button as /devices/LNXSYSTM:00/LNXPWRBN:00/input/input0
[STDERR  ] 2017-06-13T20:24:56.418504845Z: [    7.823881] ACPI: Power Button [PWRF]
[STDERR  ] 2017-06-13T20:24:56.418511456Z: [    7.829285] GHES: HEST is not enabled!
[STDERR  ] 2017-06-13T20:24:56.418516691Z: [    7.847596] ACPI: PCI Interrupt Link [GSIH] enabled at IRQ 23
[STDERR  ] 2017-06-13T20:24:56.418521701Z: [    7.857881] xenfs: not registering filesystem on non-xen platform
[STDERR  ] 2017-06-13T20:24:56.418530576Z: [    7.862375] Serial: 8250/16550 driver, 4 ports, IRQ sharing disabled
[STDERR  ] 2017-06-13T20:24:56.418535765Z: [    7.891865] 00:04: ttyS0 at I/O 0x3f8 (irq = 4, base_baud = 115200) is a 16550A
[STDERR  ] 2017-06-13T20:24:56.418538375Z: [    7.903885] Initializing Nozomi driver 2.1d
[STDERR  ] 2017-06-13T20:24:56.418545825Z: [    7.911565] Non-volatile memory driver v1.3
[STDERR  ] 2017-06-13T20:24:56.418550914Z: [    7.921549] Hangcheck: starting hangcheck timer 0.9.1 (tick is 180 seconds, margin is 60 seconds).
[STDERR  ] 2017-06-13T20:24:56.418553924Z: [    7.981443] loop: module loaded
[STDERR  ] 2017-06-13T20:24:56.418679658Z: [    7.999511] nbd: registered device at major 43
[STDERR  ] 2017-06-13T20:24:56.418691646Z: [    8.059534] lpc_ich 0000:00:1f.0: I/O space for GPIO uninitialized
[STDERR  ] 2017-06-13T20:24:56.418706778Z: [    8.063274] VMware PVSCSI driver - version 1.0.5.0-k
[STDERR  ] 2017-06-13T20:24:56.418716102Z: [    8.064716] hv_vmbus: registering driver hv_storvsc
[STDERR  ] 2017-06-13T20:24:56.418725422Z: [    8.080941] ACPI: PCI Interrupt Link [GSIA] enabled at IRQ 16
[STDERR  ] 2017-06-13T20:24:56.418839596Z: [    8.091111] ahci 0000:00:1f.2: AHCI 0001.0000 32 slots 6 ports 1.5 Gbps 0x3f impl SATA mode
[STDERR  ] 2017-06-13T20:24:56.418848637Z: [    8.093014] ahci 0000:00:1f.2: flags: 64bit ncq only 
[STDERR  ] 2017-06-13T20:24:56.418853937Z: [    8.115313] scsi host0: ahci
[STDERR  ] 2017-06-13T20:24:56.418863275Z: [    8.118483] scsi host1: ahci
[STDERR  ] 2017-06-13T20:24:56.418868297Z: [    8.121036] scsi host2: ahci
[STDERR  ] 2017-06-13T20:24:56.418873257Z: [    8.123377] scsi host3: ahci
[STDERR  ] 2017-06-13T20:24:56.418878186Z: [    8.125823] scsi host4: ahci
[STDERR  ] 2017-06-13T20:24:56.418883083Z: [    8.128269] scsi host5: ahci
[STDERR  ] 2017-06-13T20:24:56.418888196Z: [    8.130446] ata1: SATA max UDMA/133 abar m4096@0xfebf1000 port 0xfebf1100 irq 24
[STDERR  ] 2017-06-13T20:24:56.418983387Z: [    8.131224] ata2: SATA max UDMA/133 abar m4096@0xfebf1000 port 0xfebf1180 irq 24
[STDERR  ] 2017-06-13T20:24:56.418986112Z: [    8.131897] ata3: SATA max UDMA/133 abar m4096@0xfebf1000 port 0xfebf1200 irq 24
[STDERR  ] 2017-06-13T20:24:56.418991131Z: [    8.132596] ata4: SATA max UDMA/133 abar m4096@0xfebf1000 port 0xfebf1280 irq 24
[STDERR  ] 2017-06-13T20:24:56.419004641Z: [    8.133342] ata5: SATA max UDMA/133 abar m4096@0xfebf1000 port 0xfebf1300 irq 24
[STDERR  ] 2017-06-13T20:24:56.419007203Z: [    8.134012] ata6: SATA max UDMA/133 abar m4096@0xfebf1000 port 0xfebf1380 irq 24
[STDERR  ] 2017-06-13T20:24:56.419019915Z: [    8.143748] Ethernet Channel Bonding Driver: v3.7.1 (April 27, 2011)
[STDERR  ] 2017-06-13T20:24:56.419025296Z: [    8.164727] tun: Universal TUN/TAP device driver, 1.6
[STDERR  ] 2017-06-13T20:24:56.419027919Z: [    8.165412] tun: (C) 1999-2004 Max Krasnyansky <maxk@qualcomm.com>
[STDERR  ] 2017-06-13T20:24:56.419035481Z: [    8.167925] e1000: Intel(R) PRO/1000 Network Driver - version 7.3.21-k8-NAPI
[STDERR  ] 2017-06-13T20:24:56.419040541Z: [    8.168643] e1000: Copyright (c) 1999-2006 Intel Corporation.
[STDERR  ] 2017-06-13T20:24:56.419055149Z: [    8.176700] ACPI: PCI Interrupt Link [GSIG] enabled at IRQ 22
[STDERR  ] 2017-06-13T20:24:56.419062789Z: [    8.504349] e1000 0000:00:02.0 eth0: (PCI:33MHz:32-bit) 52:54:00:12:34:56
[STDERR  ] 2017-06-13T20:24:56.419067807Z: [    8.505398] e1000 0000:00:02.0 eth0: Intel(R) PRO/1000 Network Connection
[STDERR  ] 2017-06-13T20:24:56.419073021Z: [    8.506655] e1000e: Intel(R) PRO/1000 Network Driver - 3.2.6-k
[STDERR  ] 2017-06-13T20:24:56.419080091Z: [    8.507248] e1000e: Copyright(c) 1999 - 2015 Intel Corporation.
[STDERR  ] 2017-06-13T20:24:56.419087765Z: [    8.508280] igb: Intel(R) Gigabit Ethernet Network Driver - version 5.3.0-k
[STDERR  ] 2017-06-13T20:24:56.419090466Z: [    8.508984] igb: Copyright (c) 2007-2014 Intel Corporation.
[STDERR  ] 2017-06-13T20:24:56.419095525Z: [    8.509973] igbvf: Intel(R) Gigabit Virtual Function Network Driver - version 2.0.2-k
[STDERR  ] 2017-06-13T20:24:56.419103455Z: [    8.511231] igbvf: Copyright (c) 2009 - 2012 Intel Corporation.
[STDERR  ] 2017-06-13T20:24:56.419111713Z: [    8.512494] ixgbe: Intel(R) 10 Gigabit PCI Express Network Driver - version 4.2.1-k
[STDERR  ] 2017-06-13T20:24:56.419116703Z: [    8.513253] ixgbe: Copyright (c) 1999-2015 Intel Corporation.
[STDERR  ] 2017-06-13T20:24:56.419129386Z: [    8.514386] ixgbevf: Intel(R) 10 Gigabit PCI Express Virtual Function Network Driver - version 2.12.1-k
[STDERR  ] 2017-06-13T20:24:56.419134692Z: [    8.515255] ixgbevf: Copyright (c) 2009 - 2012 Intel Corporation.
[STDERR  ] 2017-06-13T20:24:56.419143992Z: [    8.516316] ixgb: Intel(R) PRO/10GbE Network Driver - version 1.0.135-k2-NAPI
[STDERR  ] 2017-06-13T20:24:56.419149427Z: [    8.517021] ixgb: Copyright (c) 1999-2008 Intel Corporation.
[STDERR  ] 2017-06-13T20:24:56.419152123Z: [    8.518460] PPP generic driver version 2.4.2
[STDERR  ] 2017-06-13T20:24:56.419157179Z: [    8.520423] PPP BSD Compression module registered
[STDERR  ] 2017-06-13T20:24:56.419164693Z: [    8.521080] PPP Deflate Compression module registered
[STDERR  ] 2017-06-13T20:24:56.419169857Z: [    8.521950] PPP MPPE Compression module registered
[STDERR  ] 2017-06-13T20:24:56.419172459Z: [    8.522514] NET: Registered protocol family 24
[STDERR  ] 2017-06-13T20:24:56.419177305Z: [    8.523407] PPTP driver version 0.8.5
[STDERR  ] 2017-06-13T20:24:56.419184983Z: [    8.524886] VMware vmxnet3 virtual NIC driver - version 1.4.5.0-k-NAPI
[STDERR  ] 2017-06-13T20:24:56.419189816Z: [    8.526106] hv_vmbus: registering driver hv_netvsc
[STDERR  ] 2017-06-13T20:24:56.419211402Z: [    8.526630] Fusion MPT base driver 3.04.20
[STDERR  ] 2017-06-13T20:24:56.419229818Z: [    8.527041] Copyright (c) 1999-2008 LSI Corporation
[STDERR  ] 2017-06-13T20:24:56.419247834Z: [    8.528328] Fusion MPT SPI Host driver 3.04.20
[STDERR  ] 2017-06-13T20:24:56.419256806Z: [    8.534813] aoe: AoE v85 initialised.
[STDERR  ] 2017-06-13T20:24:56.419286788Z: [    8.537774] i8042: PNP: PS/2 Controller [PNP0303:KBD,PNP0f13:MOU] at 0x60,0x64 irq 1,12
[STDERR  ] 2017-06-13T20:24:56.419292964Z: [    8.544765] serio: i8042 KBD port at 0x60,0x64 irq 1
[STDERR  ] 2017-06-13T20:24:56.419297973Z: [    8.546283] serio: i8042 AUX port at 0x60,0x64 irq 12
[STDERR  ] 2017-06-13T20:24:56.419302958Z: [    8.552420] hv_vmbus: registering driver hyperv_keyboard
[STDERR  ] 2017-06-13T20:24:56.419308033Z: [    8.556261] mousedev: PS/2 mouse device common for all mice
[STDERR  ] 2017-06-13T20:24:56.419313052Z: [    8.564837] input: AT Translated Set 2 keyboard as /devices/platform/i8042/serio0/input/input1
[STDERR  ] 2017-06-13T20:24:56.419322212Z: [    8.571664] ata1: SATA link down (SStatus 0 SControl 300)
[STDERR  ] 2017-06-13T20:24:56.419327237Z: [    8.575593] ata2: SATA link down (SStatus 0 SControl 300)
[STDERR  ] 2017-06-13T20:24:56.419335508Z: [    8.577315] ata3: SATA link up 1.5 Gbps (SStatus 113 SControl 300)
[STDERR  ] 2017-06-13T20:24:56.419340498Z: [    8.581851] ata4: SATA link down (SStatus 0 SControl 300)
[STDERR  ] 2017-06-13T20:24:56.419345448Z: [    8.583207] ata5: SATA link down (SStatus 0 SControl 300)
[STDERR  ] 2017-06-13T20:24:56.419360138Z: [    8.584301] ata6: SATA link down (SStatus 0 SControl 300)
[STDERR  ] 2017-06-13T20:24:56.419365733Z: [    8.585866] input: PC Speaker as /devices/platform/pcspkr/input/input2
[STDERR  ] 2017-06-13T20:24:56.41937076Z: [    8.589308] ata3.00: ATAPI: QEMU DVD-ROM, 2.5+, max UDMA/100
[STDERR  ] 2017-06-13T20:24:56.419375953Z: [    8.590824] ata3.00: applying bridge limits
[STDERR  ] 2017-06-13T20:24:56.419380913Z: [    8.597965] rtc_cmos 00:00: RTC can wake from S4
[STDERR  ] 2017-06-13T20:24:56.419383588Z: [    8.604602] ata3.00: configured for UDMA/100
[STDERR  ] 2017-06-13T20:24:56.419390046Z: [    8.611447] rtc_cmos 00:00: rtc core: registered rtc_cmos as rtc0
[STDERR  ] 2017-06-13T20:24:56.419397643Z: [    8.613874] rtc_cmos 00:00: alarms up to one day, y3k, 114 bytes nvram, hpet irqs
[STDERR  ] 2017-06-13T20:24:56.419402657Z: [    8.615551] i2c /dev entries driver
[STDERR  ] 2017-06-13T20:24:56.419407704Z: [    8.631870] scsi 2:0:0:0: CD-ROM            QEMU     QEMU DVD-ROM     2.5+ PQ: 0 ANSI: 5
[STDERR  ] 2017-06-13T20:24:56.419412872Z: [    8.635609] device-mapper: ioctl: 4.34.0-ioctl (2015-10-28) initialised: dm-devel@redhat.com
[STDERR  ] 2017-06-13T20:24:56.41941794Z: [    8.641922] hv_utils: Registering HyperV Utility Driver
[STDERR  ] 2017-06-13T20:24:56.419423006Z: [    8.642728] hv_vmbus: registering driver hv_util
[STDERR  ] 2017-06-13T20:24:56.419435316Z: [    8.643333] hv_vmbus: registering driver hv_balloon
[STDERR  ] 2017-06-13T20:24:56.419440637Z: [    8.644298] oprofile: using NMI interrupt.
[STDERR  ] 2017-06-13T20:24:56.41945016Z: [    8.653108] GACT probability on
[STDERR  ] 2017-06-13T20:24:56.419453193Z: [    8.653938] Mirror/redirect action on
[STDERR  ] 2017-06-13T20:24:56.419460767Z: [    8.654712] Simple TC action Loaded
[STDERR  ] 2017-06-13T20:24:56.419465778Z: [    8.659069] netem: version 1.3
[STDERR  ] 2017-06-13T20:24:56.419468286Z: [    8.659837] u32 classifier
[STDERR  ] 2017-06-13T20:24:56.419477504Z: [    8.660614]     Performance counters on
[STDERR  ] 2017-06-13T20:24:56.419482476Z: [    8.661016]     input device check on
[STDERR  ] 2017-06-13T20:24:56.41948915Z: [    8.661410]     Actions configured
[STDERR  ] 2017-06-13T20:24:56.419491762Z: [    8.663106] sr 2:0:0:0: [sr0] scsi3-mmc drive: 4x/4x cd/rw xa/form2 tray
[STDERR  ] 2017-06-13T20:24:56.419496663Z: [    8.664025] cdrom: Uniform CD-ROM driver Revision: 3.20
[STDERR  ] 2017-06-13T20:24:56.419511577Z: [    8.667308] Netfilter messages via NETLINK v0.30.
[STDERR  ] 2017-06-13T20:24:56.41951651Z: [    8.668512] nfnl_acct: registering with nfnetlink.
[STDERR  ] 2017-06-13T20:24:56.419524473Z: [    8.669935] nf_conntrack version 0.5.0 (7904 buckets, 31616 max)
[STDERR  ] 2017-06-13T20:24:56.419527053Z: [    8.671331] tsc: Refined TSC clocksource calibration: 2599.994 MHz
[STDERR  ] 2017-06-13T20:24:56.419534799Z: [    8.672058] clocksource: tsc: mask: 0xffffffffffffffff max_cycles: 0x257a36b5a3d, max_idle_ns: 440795326591 ns
[STDERR  ] 2017-06-13T20:24:56.419539839Z: [    8.678190] sr 2:0:0:0: Attached scsi generic sg0 type 5
[STDERR  ] 2017-06-13T20:24:56.419544788Z: [    8.683967] ctnetlink v0.93: registering with nfnetlink.
[STDERR  ] 2017-06-13T20:24:56.419554041Z: [    8.688564] nf_tables: (c) 2007-2009 Patrick McHardy <kaber@trash.net>
[STDERR  ] 2017-06-13T20:24:56.419559037Z: [    8.691876] nf_tables_compat: (c) 2012 Pablo Neira Ayuso <pablo@netfilter.org>
[STDERR  ] 2017-06-13T20:24:56.419564454Z: [    8.696382] xt_time: kernel timezone is -0000
[STDERR  ] 2017-06-13T20:24:56.419585208Z: [    8.697514] ip_set: protocol 6
[STDERR  ] 2017-06-13T20:24:56.419593785Z: [    8.698789] IPVS: Registered protocols (TCP, UDP, SCTP, AH, ESP)
[STDERR  ] 2017-06-13T20:24:56.419598869Z: [    8.700583] IPVS: Connection hash table configured (size=4096, memory=64Kbytes)
[STDERR  ] 2017-06-13T20:24:56.419603865Z: [    8.702890] IPVS: Creating netns size=2096 id=0
[STDERR  ] 2017-06-13T20:24:56.419608883Z: [    8.705851] IPVS: ipvs loaded.
[STDERR  ] 2017-06-13T20:24:56.419611491Z: [    8.706781] IPVS: [rr] scheduler registered.
[STDERR  ] 2017-06-13T20:24:56.419618928Z: [    8.707599] IPVS: [wrr] scheduler registered.
[STDERR  ] 2017-06-13T20:24:56.419623881Z: [    8.708234] IPVS: [lc] scheduler registered.
[STDERR  ] 2017-06-13T20:24:56.419628825Z: [    8.708804] IPVS: [wlc] scheduler registered.
[STDERR  ] 2017-06-13T20:24:56.419633775Z: [    8.709369] IPVS: [fo] scheduler registered.
[STDERR  ] 2017-06-13T20:24:56.419636277Z: [    8.710006] IPVS: [ovf] scheduler registered.
[STDERR  ] 2017-06-13T20:24:56.419643695Z: [    8.711689] IPVS: [lblc] scheduler registered.
[STDERR  ] 2017-06-13T20:24:56.419648578Z: [    8.712393] IPVS: [lblcr] scheduler registered.
[STDERR  ] 2017-06-13T20:24:56.419667824Z: [    8.712933] IPVS: [dh] scheduler registered.
[STDERR  ] 2017-06-13T20:24:56.419670494Z: [    8.713385] IPVS: [sh] scheduler registered.
[STDERR  ] 2017-06-13T20:24:56.419675369Z: [    8.713880] IPVS: [sed] scheduler registered.
[STDERR  ] 2017-06-13T20:24:56.419682754Z: [    8.714351] IPVS: [nq] scheduler registered.
[STDERR  ] 2017-06-13T20:24:56.419687719Z: [    8.715350] IPVS: ftp: loaded support on port[0] = 21
[STDERR  ] 2017-06-13T20:24:56.419690344Z: [    8.716454] ipip: IPv4 over IPv4 tunneling driver
[STDERR  ] 2017-06-13T20:24:56.419695188Z: [    8.721878] gre: GRE over IPv4 demultiplexor driver
[STDERR  ] 2017-06-13T20:24:56.419702703Z: [    8.722563] ip_gre: GRE over IPv4 tunneling driver
[STDERR  ] 2017-06-13T20:24:56.419707677Z: [    8.731102] IPv4 over IPsec tunneling driver
[STDERR  ] 2017-06-13T20:24:56.419715998Z: [    8.742701] ip_tables: (C) 2000-2006 Netfilter Core Team
[STDERR  ] 2017-06-13T20:24:56.419721334Z: [    8.748662] ipt_CLUSTERIP: ClusterIP Version 0.8 loaded successfully
[STDERR  ] 2017-06-13T20:24:56.419726425Z: [    8.751184] arp_tables: (C) 2002 David S. Miller
[STDERR  ] 2017-06-13T20:24:56.419738997Z: [    8.754364] Initializing XFRM netlink socket
[STDERR  ] 2017-06-13T20:24:56.419744003Z: [    8.755974] NET: Registered protocol family 10
[STDERR  ] 2017-06-13T20:24:56.419749049Z: [    8.770794] mip6: Mobile IPv6
[STDERR  ] 2017-06-13T20:24:56.419754013Z: [    8.771675] ip6_tables: (C) 2000-2006 Netfilter Core Team
[STDERR  ] 2017-06-13T20:24:56.419758984Z: [    8.780360] sit: IPv6 over IPv4 tunneling driver
[STDERR  ] 2017-06-13T20:24:56.419763931Z: [    8.788471] ip6_gre: GRE over IPv6 tunneling driver
[STDERR  ] 2017-06-13T20:24:56.419768959Z: [    8.795492] NET: Registered protocol family 17
[STDERR  ] 2017-06-13T20:24:56.419776533Z: [    8.797000] NET: Registered protocol family 15
[STDERR  ] 2017-06-13T20:24:56.419782743Z: [    8.798545] bridge: automatic filtering via arp/ip/ip6tables has been deprecated. Update your scripts to load br_netfilter if you need this.
[STDERR  ] 2017-06-13T20:24:56.419790984Z: [    8.801875] Bridge firewalling registered
[STDERR  ] 2017-06-13T20:24:56.419795911Z: [    8.803206] Ebtables v2.0 registered
[STDERR  ] 2017-06-13T20:24:56.419798444Z: [    8.809125] l2tp_core: L2TP core driver, V2.0
[STDERR  ] 2017-06-13T20:24:56.419813054Z: [    8.810869] l2tp_ppp: PPPoL2TP kernel driver, V2.0
[STDERR  ] 2017-06-13T20:24:56.419818123Z: [    8.811819] 8021q: 802.1Q VLAN Support v1.8
[STDERR  ] 2017-06-13T20:24:56.419824807Z: [    8.814278] 9pnet: Installing 9P2000 support
[STDERR  ] 2017-06-13T20:24:56.419827297Z: [    8.816022] Key type dns_resolver registered
[STDERR  ] 2017-06-13T20:24:56.419834773Z: [    8.816923] openvswitch: Open vSwitch switching datapath
[STDERR  ] 2017-06-13T20:24:56.419844693Z: [    8.820960] hv_sock: failed to load: VMBus 4 or later is required
[STDERR  ] 2017-06-13T20:24:56.419849724Z: [    8.822086] mpls_gso: MPLS GSO support
[STDERR  ] 2017-06-13T20:24:56.419854721Z: [    8.823123] microcode: AMD CPU family 0x6 not supported
[STDERR  ] 2017-06-13T20:24:56.419859675Z: [    8.829453] registered taskstats version 1
[STDERR  ] 2017-06-13T20:24:56.419862235Z: [    9.025694] Key type encrypted registered
[STDERR  ] 2017-06-13T20:24:56.419867227Z: [    9.035438] rtc_cmos 00:00: setting system clock to 2017-06-13 20:24:14 UTC (1497385454)
[STDERR  ] 2017-06-13T20:24:56.419874979Z: [    9.224699] Freeing unused kernel memory: 1372K (ffffffff8cf71000 - ffffffff8d0c8000)
[STDERR  ] 2017-06-13T20:24:56.419887198Z: [    9.225736] Write protecting the kernel read-only data: 14336k
[STDERR  ] 2017-06-13T20:24:56.419894175Z: [    9.239090] Freeing unused kernel memory: 1172K (ffff88000c8db000 - ffff88000ca00000)
[STDERR  ] 2017-06-13T20:24:56.419901886Z: [    9.323733] Freeing unused kernel memory: 972K (ffff88000cd0d000 - ffff88000ce00000)
[STDERR  ] 2017-06-13T20:24:56.419906915Z: [    9.681098] clocksource: Switched to clocksource tsc
[STDERR  ] 2017-06-13T20:24:56.41991187Z: 
[STDERR  ] 2017-06-13T20:24:56.419914498Z: Starting containerd
[STDERR  ] 2017-06-13T20:24:56.419919329Z: 
[STDERR  ] 2017-06-13T20:24:56.41992692Z: Welcome to LinuxKit
[STDERR  ] 2017-06-13T20:24:56.41993183Z: 
[STDERR  ] 2017-06-13T20:24:56.41993689Z:                         ##         .
[STDERR  ] 2017-06-13T20:24:56.41994189Z:                   ## ## ##        ==
[STDERR  ] 2017-06-13T20:24:56.419946886Z:                ## ## ## ## ##    ===
[STDERR  ] 2017-06-13T20:24:56.419951826Z:            /"""""""""""""""""\___/ ===
[STDERR  ] 2017-06-13T20:24:56.41996565Z:       ~~~ {~~ ~~~~ ~~~ ~~~~ ~~~ ~ /  ===- ~~~
[STDERR  ] 2017-06-13T20:24:56.419970686Z:            \______ o           __/
[STDERR  ] 2017-06-13T20:24:56.419978432Z:              \    \         __/
[STDERR  ] 2017-06-13T20:24:56.419983508Z:               \____\_______/
[STDERR  ] 2017-06-13T20:24:56.419986116Z: 
[STDERR  ] 2017-06-13T20:24:56.419996369Z: [34mINFO[0m[0000] starting containerd boot...                   [34mmodule[0m=containerd
[STDERR  ] 2017-06-13T20:24:56.420015392Z: [34mINFO[0m[0000] starting debug API...                         [34mdebug[0m="/run/containerd/debug.sock" [34mmodule[0m=containerd
[STDERR  ] 2017-06-13T20:24:56.420024499Z: [34mINFO[0m[0000] loading monitor plugin "cgroups"...           [34mmodule[0m=containerd
[STDERR  ] 2017-06-13T20:24:56.420046758Z: [34mINFO[0m[0000] loading runtime plugin "linux"...             [34mmodule[0m=containerd
[STDERR  ] 2017-06-13T20:24:56.42005113Z: [34mINFO[0m[0000] loading snapshot plugin "snapshot-overlay"...  [34mmodule[0m=containerd
[STDERR  ] 2017-06-13T20:24:56.420062168Z: [34mINFO[0m[0000] loading differ plugin "diff-base"...          [34mmodule[0m=containerd
[STDERR  ] 2017-06-13T20:24:56.420067254Z: [34mINFO[0m[0000] loading grpc service plugin "diff-grpc"...    [34mmodule[0m=containerd
[STDERR  ] 2017-06-13T20:24:56.42007432Z: [34mINFO[0m[0000] loading grpc service plugin "images-grpc"...  [34mmodule[0m=containerd
[STDERR  ] 2017-06-13T20:24:56.420079318Z: [34mINFO[0m[0000] loading grpc service plugin "snapshots-grpc"...  [34mmodule[0m=containerd
[STDERR  ] 2017-06-13T20:24:56.420084319Z: [34mINFO[0m[0000] loading grpc service plugin "content-grpc"...  [34mmodule[0m=containerd
[STDERR  ] 2017-06-13T20:24:56.42008689Z: [34mINFO[0m[0000] loading grpc service plugin "healthcheck-grpc"...  [34mmodule[0m=containerd
[STDERR  ] 2017-06-13T20:24:56.420094472Z: [34mINFO[0m[0000] loading grpc service plugin "version-grpc"...  [34mmodule[0m=containerd
[STDERR  ] 2017-06-13T20:24:56.420097135Z: [34mINFO[0m[0000] loading grpc service plugin "containers-grpc"...  [34mmodule[0m=containerd
[STDERR  ] 2017-06-13T20:24:56.420102065Z: [34mINFO[0m[0000] loading grpc service plugin "metrics-grpc"...  [34mmodule[0m=containerd
[STDERR  ] 2017-06-13T20:24:56.420124238Z: [34mINFO[0m[0000] loading grpc service plugin "tasks-grpc"...   [34mmodule[0m=containerd
[STDERR  ] 2017-06-13T20:24:56.420129309Z: [34mINFO[0m[0000] loading grpc service plugin "namespaces-grpc"...  [34mmodule[0m=containerd
[STDERR  ] 2017-06-13T20:24:56.420134366Z: [34mINFO[0m[0000] starting GRPC API server...                   [34mmodule[0m=containerd
[STDERR  ] 2017-06-13T20:24:56.420139415Z: [34mINFO[0m[0000] containerd successfully booted in 0.219449s   [34mmodule[0m=containerd
[STDERR  ] 2017-06-13T20:24:56.420144486Z: starting kernel config sanity test with /proc/config.gz
[STDERR  ] 2017-06-13T20:24:56.420149552Z: kernel config test succeeded!
[STDERR  ] 2017-06-13T20:24:56.420163556Z: [37minfo: reading kernel config from /proc/config.gz ...[m
[STDERR  ] 2017-06-13T20:24:56.420168594Z: 
[STDERR  ] 2017-06-13T20:24:56.420173578Z: Generally Necessary:
[STDERR  ] 2017-06-13T20:24:56.420180854Z: - [37mcgroup hierarchy[m: [32mproperly mounted[m [/sys/fs/cgroup]
[STDERR  ] 2017-06-13T20:24:56.42019333Z: - [37mCONFIG_NAMESPACES[m: [32menabled[m
[STDERR  ] 2017-06-13T20:24:56.420198396Z: - [37mCONFIG_NET_NS[m: [32menabled[m
[STDERR  ] 2017-06-13T20:24:56.420205112Z: - [37mCONFIG_PID_NS[m: [32menabled[m
[STDERR  ] 2017-06-13T20:24:56.42021Z: - [37mCONFIG_IPC_NS[m: [32menabled[m
[STDERR  ] 2017-06-13T20:24:56.420215136Z: - [37mCONFIG_UTS_NS[m: [32menabled[m
[STDERR  ] 2017-06-13T20:24:56.420222818Z: - [37mCONFIG_CGROUPS[m: [32menabled[m
