[INFO    ] 2017-10-13T15:19:15.440509841Z: Running Test linuxkit.packages.format_mount.by_device_force in /tmp/build/test/cases/040_packages/006_format_mount/005_by_device_force
[INFO    ] 2017-10-13T15:19:15.440613231Z: Running command: [/bin/sh -x /tmp/build/test/cases/040_packages/006_format_mount/005_by_device_force/test.sh]
[STDERR  ] 2017-10-13T15:19:15.492756244Z: + set -e
[STDERR  ] 2017-10-13T15:19:15.49286462Z: + . /tmp/build/test/cases/_lib/lib.sh
[STDERR  ] 2017-10-13T15:19:15.492876396Z: + [ -f src/github.com/linuxkit/rtf/lib/lib.sh ]
[STDERR  ] 2017-10-13T15:19:15.49290069Z: + LINUXKIT_TMPDIR=/tmp/build/test/cases/_tmp
[STDERR  ] 2017-10-13T15:19:15.492910611Z: + [ -f /tmp/build/test/cases/_tmp/env.sh ]
[STDERR  ] 2017-10-13T15:19:15.492930241Z: + . /tmp/build/test/cases/_tmp/env.sh
[STDERR  ] 2017-10-13T15:19:15.49294036Z: + export LINUXKIT_EXAMPLES_DIR=/tmp/build/test/cases/../../examples
[STDERR  ] 2017-10-13T15:19:15.492949575Z: + export LINUXKIT_BLUEPRINTS_DIR=/tmp/build/test/cases/../../blueprints
[STDERR  ] 2017-10-13T15:19:15.49295983Z: + RT_CANCEL=253
[STDERR  ] 2017-10-13T15:19:15.492968811Z: + NAME=test-format
[STDERR  ] 2017-10-13T15:19:15.492977601Z: + DISK1=disk1.img
[STDERR  ] 2017-10-13T15:19:15.492986719Z: + DISK2=disk2.img
[STDERR  ] 2017-10-13T15:19:15.492995765Z: + trap clean_up EXIT
[STDERR  ] 2017-10-13T15:19:15.493005796Z: + moby build -format kernel+initrd -name test-format test.yml
[STDERR  ] 2017-10-13T15:19:15.504224909Z: Extract kernel image: linuxkit/kernel:4.9.51
[STDERR  ] 2017-10-13T15:19:16.709437863Z: time="2017-10-13T15:19:16Z" level=warning msg="certificate with CN Rolf Neugebauer is near expiry" 
[STDERR  ] 2017-10-13T15:19:16.709754015Z: time="2017-10-13T15:19:16Z" level=warning msg="certificate with CN Moby CI is near expiry" 
[STDERR  ] 2017-10-13T15:19:16.729517057Z: time="2017-10-13T15:19:16Z" level=warning msg="certificate with CN Rolf Neugebauer is near expiry" 
[STDERR  ] 2017-10-13T15:19:16.775836366Z: Pull image: docker.io/linuxkit/kernel:4.9.51@sha256:ccb086aa7796a25e96d0f059be97ece643c58d5d2dd04cbfc57e05b88b2446ec
[STDERR  ] 2017-10-13T15:19:23.639352984Z: Add init containers:
[STDERR  ] 2017-10-13T15:19:24.735536912Z: time="2017-10-13T15:19:24Z" level=warning msg="certificate with CN Moby CI is near expiry" 
[STDERR  ] 2017-10-13T15:19:24.735784353Z: time="2017-10-13T15:19:24Z" level=warning msg="certificate with CN Rolf Neugebauer is near expiry" 
[STDERR  ] 2017-10-13T15:19:24.740108791Z: time="2017-10-13T15:19:24Z" level=warning msg="certificate with CN Rolf Neugebauer is near expiry" 
[STDERR  ] 2017-10-13T15:19:26.097284625Z: time="2017-10-13T15:19:26Z" level=warning msg="certificate with CN Rolf Neugebauer is near expiry" 
[STDERR  ] 2017-10-13T15:19:26.097627458Z: time="2017-10-13T15:19:26Z" level=warning msg="certificate with CN Moby CI is near expiry" 
[STDERR  ] 2017-10-13T15:19:26.100693282Z: time="2017-10-13T15:19:26Z" level=warning msg="certificate with CN Rolf Neugebauer is near expiry" 
[STDERR  ] 2017-10-13T15:19:26.274855345Z: Add onboot containers:
[STDERR  ] 2017-10-13T15:19:26.274912093Z:   Create OCI config for linuxkit/format:be811ded880af37a916f23bc9ddb274026ccc514
[STDERR  ] 2017-10-13T15:19:27.348027813Z: time="2017-10-13T15:19:27Z" level=warning msg="certificate with CN Moby CI is near expiry" 
[STDERR  ] 2017-10-13T15:19:27.348279149Z: time="2017-10-13T15:19:27Z" level=warning msg="certificate with CN Rolf Neugebauer is near expiry" 
[STDERR  ] 2017-10-13T15:19:27.350501643Z: time="2017-10-13T15:19:27Z" level=warning msg="certificate with CN Rolf Neugebauer is near expiry" 
[STDERR  ] 2017-10-13T15:19:27.667000784Z:   Create OCI config for linuxkit/format:be811ded880af37a916f23bc9ddb274026ccc514
[STDERR  ] 2017-10-13T15:19:28.886715318Z: time="2017-10-13T15:19:28Z" level=warning msg="certificate with CN Rolf Neugebauer is near expiry" 
[STDERR  ] 2017-10-13T15:19:28.887005777Z: time="2017-10-13T15:19:28Z" level=warning msg="certificate with CN Moby CI is near expiry" 
[STDERR  ] 2017-10-13T15:19:28.889264246Z: time="2017-10-13T15:19:28Z" level=warning msg="certificate with CN Rolf Neugebauer is near expiry" 
[STDERR  ] 2017-10-13T15:19:29.211859259Z:   Create OCI config for linuxkit/format:be811ded880af37a916f23bc9ddb274026ccc514
[STDERR  ] 2017-10-13T15:19:30.368823419Z: time="2017-10-13T15:19:30Z" level=warning msg="certificate with CN Rolf Neugebauer is near expiry" 
[STDERR  ] 2017-10-13T15:19:30.369145779Z: time="2017-10-13T15:19:30Z" level=warning msg="certificate with CN Moby CI is near expiry" 
[STDERR  ] 2017-10-13T15:19:30.371414058Z: time="2017-10-13T15:19:30Z" level=warning msg="certificate with CN Rolf Neugebauer is near expiry" 
[STDERR  ] 2017-10-13T15:19:30.669116008Z:   Create OCI config for linuxkit/format:be811ded880af37a916f23bc9ddb274026ccc514
[STDERR  ] 2017-10-13T15:19:31.764604518Z: time="2017-10-13T15:19:31Z" level=warning msg="certificate with CN Moby CI is near expiry" 
[STDERR  ] 2017-10-13T15:19:31.76491499Z: time="2017-10-13T15:19:31Z" level=warning msg="certificate with CN Rolf Neugebauer is near expiry" 
[STDERR  ] 2017-10-13T15:19:31.767228411Z: time="2017-10-13T15:19:31Z" level=warning msg="certificate with CN Rolf Neugebauer is near expiry" 
[STDERR  ] 2017-10-13T15:19:32.087546937Z:   Create OCI config for linuxkit/format:be811ded880af37a916f23bc9ddb274026ccc514
[STDERR  ] 2017-10-13T15:19:33.18536009Z: time="2017-10-13T15:19:33Z" level=warning msg="certificate with CN Moby CI is near expiry" 
[STDERR  ] 2017-10-13T15:19:33.185652544Z: time="2017-10-13T15:19:33Z" level=warning msg="certificate with CN Rolf Neugebauer is near expiry" 
[STDERR  ] 2017-10-13T15:19:33.187863193Z: time="2017-10-13T15:19:33Z" level=warning msg="certificate with CN Rolf Neugebauer is near expiry" 
[STDERR  ] 2017-10-13T15:19:33.624292333Z:   Create OCI config for linuxkit/poweroff:ffd3f539a6f4e67d4cd4ff36503636de35edd7b2
[STDERR  ] 2017-10-13T15:19:34.69134331Z: time="2017-10-13T15:19:34Z" level=warning msg="certificate with CN Moby CI is near expiry" 
[STDERR  ] 2017-10-13T15:19:34.691597379Z: time="2017-10-13T15:19:34Z" level=warning msg="certificate with CN Rolf Neugebauer is near expiry" 
[STDERR  ] 2017-10-13T15:19:34.693110628Z: time="2017-10-13T15:19:34Z" level=warning msg="certificate with CN Rolf Neugebauer is near expiry" 
[STDERR  ] 2017-10-13T15:19:34.832914521Z: Add files:
[STDERR  ] 2017-10-13T15:19:34.832973306Z:   check.sh
[STDERR  ] 2017-10-13T15:19:34.870604363Z: Create outputs:
[STDERR  ] 2017-10-13T15:19:42.380018692Z:   test-format-kernel test-format-initrd.img test-format-cmdline
[STDERR  ] 2017-10-13T15:19:42.448346554Z: + linuxkit run -disk file=disk1.img,size=512M -disk file=disk2.img,size=512M test-format
[STDERR  ] 2017-10-13T15:19:42.466533659Z: Unable to find qemu-system-x86_64 within the $PATH. Using a container
[STDERR  ] 2017-10-13T15:20:51.296233673Z: + RESULT=[    0.000000] Linux version 4.9.51-linuxkit (root@3253c0754a54) (gcc version 6.3.0 (Alpine 6.3.0) ) #1 SMP Wed Sep 20 11:32:07 UTC 2017
[STDERR  ] 2017-10-13T15:20:51.296289697Z: [    0.000000] Command line: console=ttyS0
[STDERR  ] 2017-10-13T15:20:51.296301847Z: [    0.000000] x86/fpu: Legacy x87 FPU detected.
[STDERR  ] 2017-10-13T15:20:51.296313347Z: [    0.000000] x86/fpu: Using 'eager' FPU context switches.
[STDERR  ] 2017-10-13T15:20:51.296324848Z: [    0.000000] e820: BIOS-provided physical RAM map:
[STDERR  ] 2017-10-13T15:20:51.29633493Z: [    0.000000] BIOS-e820: [mem 0x0000000000000000-0x000000000009fbff] usable
[STDERR  ] 2017-10-13T15:20:51.296345827Z: [    0.000000] BIOS-e820: [mem 0x000000000009fc00-0x000000000009ffff] reserved
[STDERR  ] 2017-10-13T15:20:51.296356243Z: [    0.000000] BIOS-e820: [mem 0x00000000000f0000-0x00000000000fffff] reserved
[STDERR  ] 2017-10-13T15:20:51.296366687Z: [    0.000000] BIOS-e820: [mem 0x0000000000100000-0x000000003ffddfff] usable
[STDERR  ] 2017-10-13T15:20:51.296378383Z: [    0.000000] BIOS-e820: [mem 0x000000003ffde000-0x000000003fffffff] reserved
[STDERR  ] 2017-10-13T15:20:51.296389004Z: [    0.000000] BIOS-e820: [mem 0x00000000b0000000-0x00000000bfffffff] reserved
[STDERR  ] 2017-10-13T15:20:51.296416231Z: [    0.000000] BIOS-e820: [mem 0x00000000fed1c000-0x00000000fed1ffff] reserved
[STDERR  ] 2017-10-13T15:20:51.296435183Z: [    0.000000] BIOS-e820: [mem 0x00000000fffc0000-0x00000000ffffffff] reserved
[STDERR  ] 2017-10-13T15:20:51.296445648Z: [    0.000000] NX (Execute Disable) protection: active
[STDERR  ] 2017-10-13T15:20:51.296455351Z: [    0.000000] SMBIOS 2.8 present.
[STDERR  ] 2017-10-13T15:20:51.29646503Z: [    0.000000] e820: last_pfn = 0x3ffde max_arch_pfn = 0x400000000
[STDERR  ] 2017-10-13T15:20:51.296481394Z: [    0.000000] x86/PAT: Configuration [0-7]: WB  WC  UC- UC  WB  WC  UC- WT  
[STDERR  ] 2017-10-13T15:20:51.296492316Z: [    0.000000] found SMP MP-table at [mem 0x000f6aa0-0x000f6aaf] mapped at [ffffa143000f6aa0]
[STDERR  ] 2017-10-13T15:20:51.296502469Z: [    0.000000] RAMDISK: [mem 0x3d0b9000-0x3ffcffff]
[STDERR  ] 2017-10-13T15:20:51.296511863Z: [    0.000000] ACPI: Early table checksum verification disabled
[STDERR  ] 2017-10-13T15:20:51.296521053Z: [    0.000000] ACPI: RSDP 0x00000000000F68C0 000014 (v00 BOCHS )
[STDERR  ] 2017-10-13T15:20:51.296531736Z: [    0.000000] ACPI: RSDT 0x000000003FFE2404 000034 (v01 BOCHS  BXPCRSDT 00000001 BXPC 00000001)
[STDERR  ] 2017-10-13T15:20:51.296541207Z: [    0.000000] ACPI: FACP 0x000000003FFE22A4 000074 (v01 BOCHS  BXPCFACP 00000001 BXPC 00000001)
[STDERR  ] 2017-10-13T15:20:51.296550577Z: [    0.000000] ACPI: DSDT 0x000000003FFE0040 002264 (v01 BOCHS  BXPCDSDT 00000001 BXPC 00000001)
[STDERR  ] 2017-10-13T15:20:51.296559357Z: [    0.000000] ACPI: FACS 0x000000003FFE0000 000040
[STDERR  ] 2017-10-13T15:20:51.296568377Z: [    0.000000] ACPI: APIC 0x000000003FFE2318 000078 (v01 BOCHS  BXPCAPIC 00000001 BXPC 00000001)
[STDERR  ] 2017-10-13T15:20:51.296580839Z: [    0.000000] ACPI: HPET 0x000000003FFE2390 000038 (v01 BOCHS  BXPCHPET 00000001 BXPC 00000001)
[STDERR  ] 2017-10-13T15:20:51.296590362Z: [    0.000000] ACPI: MCFG 0x000000003FFE23C8 00003C (v01 BOCHS  BXPCMCFG 00000001 BXPC 00000001)
[STDERR  ] 2017-10-13T15:20:51.29659916Z: [    0.000000] Zone ranges:
[STDERR  ] 2017-10-13T15:20:51.296608192Z: [    0.000000]   DMA      [mem 0x0000000000001000-0x0000000000ffffff]
[STDERR  ] 2017-10-13T15:20:51.29661728Z: [    0.000000]   DMA32    [mem 0x0000000001000000-0x000000003ffddfff]
[STDERR  ] 2017-10-13T15:20:51.29662614Z: [    0.000000]   Normal   empty
[STDERR  ] 2017-10-13T15:20:51.296635319Z: [    0.000000] Movable zone start for each node
[STDERR  ] 2017-10-13T15:20:51.296673026Z: [    0.000000] Early memory node ranges
[STDERR  ] 2017-10-13T15:20:51.296682647Z: [    0.000000]   node   0: [mem 0x0000000000001000-0x000000000009efff]
[STDERR  ] 2017-10-13T15:20:51.296691789Z: [    0.000000]   node   0: [mem 0x0000000000100000-0x000000003ffddfff]
[STDERR  ] 2017-10-13T15:20:51.296701233Z: [    0.000000] Initmem setup node 0 [mem 0x0000000000001000-0x000000003ffddfff]
[STDERR  ] 2017-10-13T15:20:51.296711154Z: [    0.000000] ACPI: PM-Timer IO Port: 0x608
[STDERR  ] 2017-10-13T15:20:51.296720969Z: [    0.000000] ACPI: LAPIC_NMI (acpi_id[0xff] dfl dfl lint[0x1])
[STDERR  ] 2017-10-13T15:20:51.296730803Z: [    0.000000] IOAPIC[0]: apic_id 0, version 32, address 0xfec00000, GSI 0-23
[STDERR  ] 2017-10-13T15:20:51.296740196Z: [    0.000000] ACPI: INT_SRC_OVR (bus 0 bus_irq 0 global_irq 2 dfl dfl)
[STDERR  ] 2017-10-13T15:20:51.296750022Z: [    0.000000] ACPI: INT_SRC_OVR (bus 0 bus_irq 5 global_irq 5 high level)
[STDERR  ] 2017-10-13T15:20:51.296759374Z: [    0.000000] ACPI: INT_SRC_OVR (bus 0 bus_irq 9 global_irq 9 high level)
[STDERR  ] 2017-10-13T15:20:51.296768887Z: [    0.000000] ACPI: INT_SRC_OVR (bus 0 bus_irq 10 global_irq 10 high level)
[STDERR  ] 2017-10-13T15:20:51.296778406Z: [    0.000000] ACPI: INT_SRC_OVR (bus 0 bus_irq 11 global_irq 11 high level)
[STDERR  ] 2017-10-13T15:20:51.296789377Z: [    0.000000] Using ACPI (MADT) for SMP configuration information
[STDERR  ] 2017-10-13T15:20:51.296799402Z: [    0.000000] ACPI: HPET id: 0x8086a201 base: 0xfed00000
[STDERR  ] 2017-10-13T15:20:51.29681085Z: [    0.000000] smpboot: Allowing 1 CPUs, 0 hotplug CPUs
[STDERR  ] 2017-10-13T15:20:51.296826953Z: [    0.000000] e820: [mem 0x40000000-0xafffffff] available for PCI devices
[STDERR  ] 2017-10-13T15:20:51.296837024Z: [    0.000000] Booting paravirtualized kernel on bare hardware
[STDERR  ] 2017-10-13T15:20:51.296847125Z: [    0.000000] clocksource: refined-jiffies: mask: 0xffffffff max_cycles: 0xffffffff, max_idle_ns: 19112604462750000 ns
[STDERR  ] 2017-10-13T15:20:51.296860048Z: [    0.000000] setup_percpu: NR_CPUS:128 nr_cpumask_bits:128 nr_cpu_ids:1 nr_node_ids:1
[STDERR  ] 2017-10-13T15:20:51.296874569Z: [    0.000000] percpu: Embedded 35 pages/cpu @ffffa1433ce00000 s105240 r8192 d29928 u2097152
[STDERR  ] 2017-10-13T15:20:51.296884519Z: [    0.000000] Built 1 zonelists in Zone order, mobility grouping on.  Total pages: 257895
[STDERR  ] 2017-10-13T15:20:51.296893942Z: [    0.000000] Kernel command line: console=ttyS0
[STDERR  ] 2017-10-13T15:20:51.296903666Z: [    0.000000] PID hash table entries: 4096 (order: 3, 32768 bytes)
[STDERR  ] 2017-10-13T15:20:51.296913391Z: [    0.000000] Dentry cache hash table entries: 131072 (order: 8, 1048576 bytes)
[STDERR  ] 2017-10-13T15:20:51.296923551Z: [    0.000000] Inode-cache hash table entries: 65536 (order: 7, 524288 bytes)
[STDERR  ] 2017-10-13T15:20:51.296933109Z: [    0.000000] Memory: 965948K/1048048K available (8036K kernel code, 1367K rwdata, 2696K rodata, 1380K init, 568K bss, 82100K reserved, 0K cma-reserved)
[STDERR  ] 2017-10-13T15:20:51.296944832Z: [    0.000000] Hierarchical RCU implementation.
[STDERR  ] 2017-10-13T15:20:51.296954406Z: [    0.000000] 	Build-time adjustment of leaf fanout to 64.
[STDERR  ] 2017-10-13T15:20:51.296963806Z: [    0.000000] 	RCU restricting CPUs from NR_CPUS=128 to nr_cpu_ids=1.
[STDERR  ] 2017-10-13T15:20:51.296972988Z: [    0.000000] RCU: Adjusting geometry for rcu_fanout_leaf=64, nr_cpu_ids=1
[STDERR  ] 2017-10-13T15:20:51.296983188Z: [    0.000000] NR_IRQS:8448 nr_irqs:256 16
[STDERR  ] 2017-10-13T15:20:51.296992413Z: [    0.000000] Console: colour VGA+ 80x25
[STDERR  ] 2017-10-13T15:20:51.297001791Z: [    0.000000] console [ttyS0] enabled
[STDERR  ] 2017-10-13T15:20:51.297011893Z: [    0.000000] clocksource: hpet: mask: 0xffffffff max_cycles: 0xffffffff, max_idle_ns: 19112604467 ns
[STDERR  ] 2017-10-13T15:20:51.297021222Z: [    0.000000] tsc: Fast TSC calibration using PIT
[STDERR  ] 2017-10-13T15:20:51.297030706Z: [    0.000000] tsc: Detected 2600.026 MHz processor
[STDERR  ] 2017-10-13T15:20:51.297039849Z: [    0.022227] Calibrating delay loop (skipped), value calculated using timer frequency.. 5200.05 BogoMIPS (lpj=26000260)
[STDERR  ] 2017-10-13T15:20:51.297049329Z: [    0.023575] pid_max: default: 32768 minimum: 301
[STDERR  ] 2017-10-13T15:20:51.297059533Z: [    0.024916] ACPI: Core revision 20160831
[STDERR  ] 2017-10-13T15:20:51.297069083Z: [    0.071483] ACPI: 1 ACPI AML tables successfully acquired and loaded
[STDERR  ] 2017-10-13T15:20:51.297078638Z: [    0.076414] Security Framework initialized
[STDERR  ] 2017-10-13T15:20:51.297087949Z: [    0.076849] Yama: becoming mindful.
[STDERR  ] 2017-10-13T15:20:51.297097092Z: [    0.078964] Mount-cache hash table entries: 2048 (order: 2, 16384 bytes)
[STDERR  ] 2017-10-13T15:20:51.297106802Z: [    0.079565] Mountpoint-cache hash table entries: 2048 (order: 2, 16384 bytes)
[STDERR  ] 2017-10-13T15:20:51.297116468Z: [    0.098947] Last level iTLB entries: 4KB 0, 2MB 0, 4MB 0
[STDERR  ] 2017-10-13T15:20:51.297126486Z: [    0.099498] Last level dTLB entries: 4KB 0, 2MB 0, 4MB 0, 1GB 0
[STDERR  ] 2017-10-13T15:20:51.297136382Z: [    0.395369] Freeing SMP alternatives memory: 20K
[STDERR  ] 2017-10-13T15:20:51.297145959Z: [    0.405766] ftrace: allocating 35528 entries in 139 pages
[STDERR  ] 2017-10-13T15:20:51.297156041Z: [    0.571008] smpboot: Max logical packages: 1
[STDERR  ] 2017-10-13T15:20:51.297165878Z: [    0.578202] ..TIMER: vector=0x30 apic1=0 pin1=2 apic2=-1 pin2=-1
[STDERR  ] 2017-10-13T15:20:51.297177312Z: [    0.680000] smpboot: CPU0: AMD QEMU Virtual CPU version 2.5+ (family: 0x6, model: 0x6, stepping: 0x3)
[STDERR  ] 2017-10-13T15:20:51.297200424Z: [    0.680000] Performance Events: PMU not available due to virtualization, using software events only.
[STDERR  ] 2017-10-13T15:20:51.297214124Z: [    0.688830] NMI watchdog: disabled (cpu0): hardware events not enabled
[STDERR  ] 2017-10-13T15:20:51.297223234Z: [    0.689364] NMI watchdog: Shutting down hard lockup detector on all cpus
[STDERR  ] 2017-10-13T15:20:51.29723275Z: [    0.693517] x86: Booted up 1 node, 1 CPUs
[STDERR  ] 2017-10-13T15:20:51.297242644Z: [    0.693976] smpboot: Total of 1 processors activated (5200.05 BogoMIPS)
[STDERR  ] 2017-10-13T15:20:51.297258571Z: [    0.707918] devtmpfs: initialized
[STDERR  ] 2017-10-13T15:20:51.297268128Z: [    0.714828] x86/mm: Memory block size: 128MB
[STDERR  ] 2017-10-13T15:20:51.297277614Z: [    0.775199] clocksource: jiffies: mask: 0xffffffff max_cycles: 0xffffffff, max_idle_ns: 19112604462750000 ns
[STDERR  ] 2017-10-13T15:20:51.297286507Z: [    0.776204] futex hash table entries: 256 (order: 2, 16384 bytes)
[STDERR  ] 2017-10-13T15:20:51.297297367Z: [    0.786638] NET: Registered protocol family 16
[STDERR  ] 2017-10-13T15:20:51.297309147Z: [    0.796022] cpuidle: using governor ladder
[STDERR  ] 2017-10-13T15:20:51.297318955Z: [    0.796417] cpuidle: using governor menu
[STDERR  ] 2017-10-13T15:20:51.29732795Z: [    0.797615] ACPI: bus type PCI registered
[STDERR  ] 2017-10-13T15:20:51.297338464Z: [    0.800603] PCI: MMCONFIG for domain 0000 [bus 00-ff] at [mem 0xb0000000-0xbfffffff] (base 0xb0000000)
[STDERR  ] 2017-10-13T15:20:51.297349051Z: [    0.801373] PCI: MMCONFIG at [mem 0xb0000000-0xbfffffff] reserved in E820
[STDERR  ] 2017-10-13T15:20:51.297359081Z: [    0.802861] PCI: Using configuration type 1 for base access
[STDERR  ] 2017-10-13T15:20:51.297368802Z: [    0.858905] HugeTLB registered 2 MB page size, pre-allocated 0 pages
[STDERR  ] 2017-10-13T15:20:51.297378767Z: [    0.871190] ACPI: Added _OSI(Module Device)
[STDERR  ] 2017-10-13T15:20:51.297389174Z: [    0.871576] ACPI: Added _OSI(Processor Device)
[STDERR  ] 2017-10-13T15:20:51.297402408Z: [    0.871905] ACPI: Added _OSI(3.0 _SCP Extensions)
[STDERR  ] 2017-10-13T15:20:51.297412024Z: [    0.872209] ACPI: Added _OSI(Processor Aggregator Device)
[STDERR  ] 2017-10-13T15:20:51.297421775Z: [    0.944276] ACPI: Interpreter enabled
[STDERR  ] 2017-10-13T15:20:51.297433487Z: [    0.945297] ACPI: (supports S0 S5)
[STDERR  ] 2017-10-13T15:20:51.297443205Z: [    0.945654] ACPI: Using IOAPIC for interrupt routing
[STDERR  ] 2017-10-13T15:20:51.297453265Z: [    0.948425] PCI: Using host bridge windows from ACPI; if necessary, use "pci=nocrs" and report a bug
[STDERR  ] 2017-10-13T15:20:51.297464107Z: [    1.013007] ACPI: PCI Root Bridge [PCI0] (domain 0000 [bus 00-ff])
[STDERR  ] 2017-10-13T15:20:51.297473737Z: [    1.014158] acpi PNP0A08:00: _OSC: OS supports [ExtendedConfig ASPM ClockPM Segments MSI]
[STDERR  ] 2017-10-13T15:20:51.297483257Z: [    1.021082] acpi PNP0A08:00: _OSC: OS now controls [PCIeHotplug PME PCIeCapability]
[STDERR  ] 2017-10-13T15:20:51.297495792Z: [    1.024776] PCI host bridge to bus 0000:00
[STDERR  ] 2017-10-13T15:20:51.297504972Z: [    1.025252] pci_bus 0000:00: root bus resource [io  0x0000-0x0cf7 window]
[STDERR  ] 2017-10-13T15:20:51.29751418Z: [    1.025762] pci_bus 0000:00: root bus resource [io  0x0d00-0xffff window]
[STDERR  ] 2017-10-13T15:20:51.297523652Z: [    1.026263] pci_bus 0000:00: root bus resource [mem 0x000a0000-0x000bffff window]
[STDERR  ] 2017-10-13T15:20:51.297532257Z: [    1.026727] pci_bus 0000:00: root bus resource [mem 0xc0000000-0xfebfffff window]
[STDERR  ] 2017-10-13T15:20:51.297541054Z: [    1.027435] pci_bus 0000:00: root bus resource [bus 00-ff]
[STDERR  ] 2017-10-13T15:20:51.297550546Z: [    1.132480] pci 0000:00:1f.0: quirk: [io  0x0600-0x067f] claimed by ICH6 ACPI/GPIO/TCO
[STDERR  ] 2017-10-13T15:20:51.297559911Z: [    1.196666] ACPI: PCI Interrupt Link [LNKA] (IRQs 5 *10 11)
[STDERR  ] 2017-10-13T15:20:51.297569383Z: [    1.199624] ACPI: PCI Interrupt Link [LNKB] (IRQs 5 *10 11)
[STDERR  ] 2017-10-13T15:20:51.297579609Z: [    1.201738] ACPI: PCI Interrupt Link [LNKC] (IRQs 5 10 *11)
[STDERR  ] 2017-10-13T15:20:51.297594714Z: [    1.203695] ACPI: PCI Interrupt Link [LNKD] (IRQs 5 10 *11)
[STDERR  ] 2017-10-13T15:20:51.297605979Z: [    1.205586] ACPI: PCI Interrupt Link [LNKE] (IRQs 5 *10 11)
[STDERR  ] 2017-10-13T15:20:51.297615387Z: [    1.207461] ACPI: PCI Interrupt Link [LNKF] (IRQs 5 *10 11)
[STDERR  ] 2017-10-13T15:20:51.297625Z: [    1.210287] ACPI: PCI Interrupt Link [LNKG] (IRQs 5 10 *11)
[STDERR  ] 2017-10-13T15:20:51.297649264Z: [    1.212172] ACPI: PCI Interrupt Link [LNKH] (IRQs 5 10 *11)
[STDERR  ] 2017-10-13T15:20:51.297661857Z: [    1.213126] ACPI: PCI Interrupt Link [GSIA] (IRQs *16)
[STDERR  ] 2017-10-13T15:20:51.297671709Z: [    1.213877] ACPI: PCI Interrupt Link [GSIB] (IRQs *17)
[STDERR  ] 2017-10-13T15:20:51.297681091Z: [    1.214703] ACPI: PCI Interrupt Link [GSIC] (IRQs *18)
[STDERR  ] 2017-10-13T15:20:51.29769818Z: [    1.215403] ACPI: PCI Interrupt Link [GSID] (IRQs *19)
[STDERR  ] 2017-10-13T15:20:51.297707429Z: [    1.216198] ACPI: PCI Interrupt Link [GSIE] (IRQs *20)
[STDERR  ] 2017-10-13T15:20:51.297717394Z: [    1.217029] ACPI: PCI Interrupt Link [GSIF] (IRQs *21)
[STDERR  ] 2017-10-13T15:20:51.29772677Z: [    1.217764] ACPI: PCI Interrupt Link [GSIG] (IRQs *22)
[STDERR  ] 2017-10-13T15:20:51.29773611Z: [    1.218520] ACPI: PCI Interrupt Link [GSIH] (IRQs *23)
[STDERR  ] 2017-10-13T15:20:51.297745469Z: [    1.222368] ACPI: Enabled 2 GPEs in block 00 to 3F
[STDERR  ] 2017-10-13T15:20:51.297754904Z: [    1.226713] SCSI subsystem initialized
[STDERR  ] 2017-10-13T15:20:51.297765329Z: [    1.228678] ACPI: bus type USB registered
[STDERR  ] 2017-10-13T15:20:51.297774523Z: [    1.229824] usbcore: registered new interface driver usbfs
[STDERR  ] 2017-10-13T15:20:51.297783929Z: [    1.230664] usbcore: registered new interface driver hub
[STDERR  ] 2017-10-13T15:20:51.297794147Z: [    1.231546] usbcore: registered new device driver usb
[STDERR  ] 2017-10-13T15:20:51.297804234Z: [    1.232764] pps_core: LinuxPPS API ver. 1 registered
[STDERR  ] 2017-10-13T15:20:51.297814327Z: [    1.233125] pps_core: Software ver. 5.3.6 - Copyright 2005-2007 Rodolfo Giometti <giometti@linux.it>
[STDERR  ] 2017-10-13T15:20:51.297824257Z: [    1.233899] PTP clock support registered
[STDERR  ] 2017-10-13T15:20:51.297833596Z: [    1.235145] wmi: Mapper loaded
[STDERR  ] 2017-10-13T15:20:51.297843297Z: [    1.236405] PCI: Using ACPI for IRQ routing
[STDERR  ] 2017-10-13T15:20:51.29785369Z: [    1.255651] NetLabel: Initializing
[STDERR  ] 2017-10-13T15:20:51.297862714Z: [    1.255999] NetLabel:  domain hash size = 128
[STDERR  ] 2017-10-13T15:20:51.297875317Z: [    1.256365] NetLabel:  protocols = UNLABELED CIPSOv4
[STDERR  ] 2017-10-13T15:20:51.297885955Z: [    1.259127] NetLabel:  unlabeled traffic allowed by default
[STDERR  ] 2017-10-13T15:20:51.297896789Z: [    1.260555] HPET: 3 timers in total, 0 timers will be used for per-cpu timer
[STDERR  ] 2017-10-13T15:20:51.297906509Z: [    1.261438] hpet0: at MMIO 0xfed00000, IRQs 2, 8, 0
[STDERR  ] 2017-10-13T15:20:51.297915492Z: [    1.262068] hpet0: 3 comparators, 64-bit 100.000000 MHz counter
[STDERR  ] 2017-10-13T15:20:51.297931172Z: [    1.269346] clocksource: Switched to clocksource hpet
[STDERR  ] 2017-10-13T15:20:51.297940469Z: [    1.527674] VFS: Disk quotas dquot_6.6.0
[STDERR  ] 2017-10-13T15:20:51.297949479Z: [    1.528692] VFS: Dquot-cache hash table entries: 512 (order 0, 4096 bytes)
[STDERR  ] 2017-10-13T15:20:51.297959329Z: [    1.532771] FS-Cache: Loaded
[STDERR  ] 2017-10-13T15:20:51.297968339Z: [    1.537695] CacheFiles: Loaded
[STDERR  ] 2017-10-13T15:20:51.297977336Z: [    1.539362] pnp: PnP ACPI init
[STDERR  ] 2017-10-13T15:20:51.297992822Z: [    1.551311] pnp: PnP ACPI: found 5 devices
[STDERR  ] 2017-10-13T15:20:51.29800247Z: [    1.603293] clocksource: acpi_pm: mask: 0xffffff max_cycles: 0xffffff, max_idle_ns: 2085701024 ns
[STDERR  ] 2017-10-13T15:20:51.298012612Z: [    1.607523] NET: Registered protocol family 2
[STDERR  ] 2017-10-13T15:20:51.298021748Z: [    1.615105] TCP established hash table entries: 8192 (order: 4, 65536 bytes)
[STDERR  ] 2017-10-13T15:20:51.298037688Z: [    1.615875] TCP bind hash table entries: 8192 (order: 5, 131072 bytes)
[STDERR  ] 2017-10-13T15:20:51.298047308Z: [    1.616675] TCP: Hash tables configured (established 8192 bind 8192)
[STDERR  ] 2017-10-13T15:20:51.298056759Z: [    1.618548] UDP hash table entries: 512 (order: 2, 16384 bytes)
[STDERR  ] 2017-10-13T15:20:51.298066593Z: [    1.619194] UDP-Lite hash table entries: 512 (order: 2, 16384 bytes)
[STDERR  ] 2017-10-13T15:20:51.298081412Z: [    1.621797] NET: Registered protocol family 1
[STDERR  ] 2017-10-13T15:20:51.298090948Z: [    1.622761] pci 0000:00:01.0: Video device with shadowed ROM at [mem 0x000c0000-0x000dffff]
[STDERR  ] 2017-10-13T15:20:51.298100548Z: [    1.629582] Unpacking initramfs...
[STDERR  ] 2017-10-13T15:20:51.298110018Z: [   11.860833] Freeing initrd memory: 48220K
[STDERR  ] 2017-10-13T15:20:51.298119333Z: [   11.886787] PCLMULQDQ-NI instructions are not detected.
[STDERR  ] 2017-10-13T15:20:51.298128415Z: [   11.888371] AVX or AES-NI instructions are not detected.
[STDERR  ] 2017-10-13T15:20:51.298138425Z: [   11.888939] CPU feature 'AVX registers' is not supported.
[STDERR  ] 2017-10-13T15:20:51.298148182Z: [   11.889425] CPU feature 'AVX registers' is not supported.
[STDERR  ] 2017-10-13T15:20:51.298157933Z: [   11.889892] CPU feature 'AVX registers' is not supported.
[STDERR  ] 2017-10-13T15:20:51.298167276Z: [   11.890876] CPU feature 'AVX registers' is not supported.
[STDERR  ] 2017-10-13T15:20:51.298176212Z: [   11.891374] AVX2 or AES-NI instructions are not detected.
[STDERR  ] 2017-10-13T15:20:51.29818567Z: [   11.891828] AVX2 instructions are not detected.
[STDERR  ] 2017-10-13T15:20:51.298195488Z: [   11.897494] audit: initializing netlink subsys (disabled)
[STDERR  ] 2017-10-13T15:20:51.298204985Z: [   11.899370] audit: type=2000 audit(1507907996.890:1): initialized
[STDERR  ] 2017-10-13T15:20:51.298214423Z: [   11.907626] workingset: timestamp_bits=46 max_order=18 bucket_order=0
[STDERR  ] 2017-10-13T15:20:51.298224398Z: [   11.914680] FS-Cache: Netfs 'cifs' registered for caching
[STDERR  ] 2017-10-13T15:20:51.298233316Z: [   11.915684] fuse init (API version 7.26)
[STDERR  ] 2017-10-13T15:20:51.298242508Z: [   11.918021] SGI XFS with ACLs, security attributes, no debug enabled
[STDERR  ] 2017-10-13T15:20:51.298251878Z: [   11.924819] 9p: Installing v9fs 9p2000 file system support
[STDERR  ] 2017-10-13T15:20:51.298261579Z: [   11.925217] FS-Cache: Netfs '9p' registered for caching
[STDERR  ] 2017-10-13T15:20:51.298270861Z: [   11.959093] NET: Registered protocol family 38
[STDERR  ] 2017-10-13T15:20:51.298280004Z: [   11.959816] Key type asymmetric registered
[STDERR  ] 2017-10-13T15:20:51.298289898Z: [   11.961683] Asymmetric key parser 'x509' registered
[STDERR  ] 2017-10-13T15:20:51.298299339Z: [   11.962847] Block layer SCSI generic (bsg) driver version 0.4 loaded (major 251)
[STDERR  ] 2017-10-13T15:20:51.298308792Z: [   11.964437] io scheduler noop registered
[STDERR  ] 2017-10-13T15:20:51.298318308Z: [   11.964795] io scheduler deadline registered (default)
[STDERR  ] 2017-10-13T15:20:51.298328824Z: [   11.965744] io scheduler cfq registered
[STDERR  ] 2017-10-13T15:20:51.298340808Z: [   11.968373] pci_hotplug: PCI Hot Plug PCI Core version: 0.5
[STDERR  ] 2017-10-13T15:20:51.298350667Z: [   11.969034] pciehp: PCI Express Hot Plug Controller Driver version: 0.4
[STDERR  ] 2017-10-13T15:20:51.298359964Z: [   11.969888] shpchp: Standard Hot Plug PCI Controller Driver version: 0.4
[STDERR  ] 2017-10-13T15:20:51.298368904Z: [   11.971685] hv_vmbus: registering driver hyperv_fb
[STDERR  ] 2017-10-13T15:20:51.298377518Z: [   11.974872] input: Power Button as /devices/LNXSYSTM:00/LNXPWRBN:00/input/input0
[STDERR  ] 2017-10-13T15:20:51.298386572Z: [   11.976033] ACPI: Power Button [PWRF]
[STDERR  ] 2017-10-13T15:20:51.298395882Z: [   11.981820] GHES: HEST is not enabled!
[STDERR  ] 2017-10-13T15:20:51.298405595Z: [   11.993055] ACPI: PCI Interrupt Link [GSIG] enabled at IRQ 22
[STDERR  ] 2017-10-13T15:20:51.298420809Z: [   12.005810] ACPI: PCI Interrupt Link [GSIH] enabled at IRQ 23
[STDERR  ] 2017-10-13T15:20:51.298431544Z: [   12.012079] xenfs: not registering filesystem on non-xen platform
[STDERR  ] 2017-10-13T15:20:51.298441909Z: [   12.014104] Serial: 8250/16550 driver, 4 ports, IRQ sharing disabled
[STDERR  ] 2017-10-13T15:20:51.298451424Z: [   12.039014] 00:04: ttyS0 at I/O 0x3f8 (irq = 4, base_baud = 115200) is a 16550A
[STDERR  ] 2017-10-13T15:20:51.298466679Z: [   12.051340] Non-volatile memory driver v1.3
[STDERR  ] 2017-10-13T15:20:51.298476368Z: [   12.057401] Hangcheck: starting hangcheck timer 0.9.1 (tick is 180 seconds, margin is 60 seconds).
[STDERR  ] 2017-10-13T15:20:51.298485455Z: [   12.095933] loop: module loaded
[STDERR  ] 2017-10-13T15:20:51.298491677Z: [   12.113390] nbd: registered device at major 43
[STDERR  ] 2017-10-13T15:20:51.298497525Z: [   12.157369] lpc_ich 0000:00:1f.0: I/O space for GPIO uninitialized
[STDERR  ] 2017-10-13T15:20:51.298508944Z: [   12.159885] VMware PVSCSI driver - version 1.0.7.0-k
[STDERR  ] 2017-10-13T15:20:51.298515515Z: [   12.161345] hv_vmbus: registering driver hv_storvsc
[STDERR  ] 2017-10-13T15:20:51.298521385Z: [   12.171910] ACPI: PCI Interrupt Link [GSIA] enabled at IRQ 16
[STDERR  ] 2017-10-13T15:20:51.298529521Z: [   12.178058] ahci 0000:00:1f.2: AHCI 0001.0000 32 slots 6 ports 1.5 Gbps 0x3f impl SATA mode
[STDERR  ] 2017-10-13T15:20:51.298535652Z: [   12.178862] ahci 0000:00:1f.2: flags: 64bit ncq only 
[STDERR  ] 2017-10-13T15:20:51.298541355Z: [   12.200128] scsi host0: ahci
[STDERR  ] 2017-10-13T15:20:51.298548159Z: [   12.205646] scsi host1: ahci
[STDERR  ] 2017-10-13T15:20:51.298554065Z: [   12.208030] scsi host2: ahci
[STDERR  ] 2017-10-13T15:20:51.298559949Z: [   12.210473] scsi host3: ahci
[STDERR  ] 2017-10-13T15:20:51.298565475Z: [   12.213841] scsi host4: ahci
[STDERR  ] 2017-10-13T15:20:51.298570931Z: [   12.216183] scsi host5: ahci
[STDERR  ] 2017-10-13T15:20:51.298576372Z: [   12.218044] ata1: SATA max UDMA/133 abar m4096@0xfebd2000 port 0xfebd2100 irq 24
[STDERR  ] 2017-10-13T15:20:51.298582545Z: [   12.218641] ata2: SATA max UDMA/133 abar m4096@0xfebd2000 port 0xfebd2180 irq 24
[STDERR  ] 2017-10-13T15:20:51.298588143Z: [   12.219151] ata3: SATA max UDMA/133 abar m4096@0xfebd2000 port 0xfebd2200 irq 24
[STDERR  ] 2017-10-13T15:20:51.298593653Z: [   12.219685] ata4: SATA max UDMA/133 abar m4096@0xfebd2000 port 0xfebd2280 irq 24
[STDERR  ] 2017-10-13T15:20:51.298599Z: [   12.220573] ata5: SATA max UDMA/133 abar m4096@0xfebd2000 port 0xfebd2300 irq 24
[STDERR  ] 2017-10-13T15:20:51.298604623Z: [   12.221011] ata6: SATA max UDMA/133 abar m4096@0xfebd2000 port 0xfebd2380 irq 24
[STDERR  ] 2017-10-13T15:20:51.298609977Z: [   12.234285] tun: Universal TUN/TAP device driver, 1.6
[STDERR  ] 2017-10-13T15:20:51.29861589Z: [   12.234736] tun: (C) 1999-2004 Max Krasnyansky <maxk@qualcomm.com>
[STDERR  ] 2017-10-13T15:20:51.298621396Z: [   12.245756] VMware vmxnet3 virtual NIC driver - version 1.4.a.0-k-NAPI
[STDERR  ] 2017-10-13T15:20:51.298627111Z: [   12.246964] hv_vmbus: registering driver hv_netvsc
[STDERR  ] 2017-10-13T15:20:51.298632553Z: [   12.247391] Fusion MPT base driver 3.04.20
[STDERR  ] 2017-10-13T15:20:51.298643057Z: [   12.247728] Copyright (c) 1999-2008 LSI Corporation
[STDERR  ] 2017-10-13T15:20:51.298649063Z: [   12.248409] Fusion MPT SPI Host driver 3.04.20
[STDERR  ] 2017-10-13T15:20:51.298654451Z: [   12.251548] i8042: PNP: PS/2 Controller [PNP0303:KBD,PNP0f13:MOU] at 0x60,0x64 irq 1,12
[STDERR  ] 2017-10-13T15:20:51.298659944Z: [   12.256042] serio: i8042 KBD port at 0x60,0x64 irq 1
[STDERR  ] 2017-10-13T15:20:51.298665604Z: [   12.256729] serio: i8042 AUX port at 0x60,0x64 irq 12
[STDERR  ] 2017-10-13T15:20:51.298671664Z: [   12.261474] hv_vmbus: registering driver hyperv_keyboard
[STDERR  ] 2017-10-13T15:20:51.298677364Z: [   12.263771] mousedev: PS/2 mouse device common for all mice
[STDERR  ] 2017-10-13T15:20:51.29868372Z: [   12.268466] input: AT Translated Set 2 keyboard as /devices/platform/i8042/serio0/input/input1
[STDERR  ] 2017-10-13T15:20:51.298693583Z: [   12.271812] input: PC Speaker as /devices/platform/pcspkr/input/input2
[STDERR  ] 2017-10-13T15:20:51.29869966Z: [   12.275334] rtc_cmos 00:00: RTC can wake from S4
[STDERR  ] 2017-10-13T15:20:51.298705166Z: [   12.278552] rtc_cmos 00:00: rtc core: registered rtc_cmos as rtc0
[STDERR  ] 2017-10-13T15:20:51.298710904Z: [   12.279981] rtc_cmos 00:00: alarms up to one day, y3k, 114 bytes nvram, hpet irqs
[STDERR  ] 2017-10-13T15:20:51.298719893Z: [   12.281300] i2c /dev entries driver
[STDERR  ] 2017-10-13T15:20:51.298728131Z: [   12.283362] device-mapper: ioctl: 4.35.0-ioctl (2016-06-23) initialised: dm-devel@redhat.com
[STDERR  ] 2017-10-13T15:20:51.298733888Z: [   12.287915] usbcore: registered new interface driver usbhid
[STDERR  ] 2017-10-13T15:20:51.298739831Z: [   12.288291] usbhid: USB HID core driver
[STDERR  ] 2017-10-13T15:20:51.29874531Z: [   12.288996] hv_utils: Registering HyperV Utility Driver
[STDERR  ] 2017-10-13T15:20:51.298751098Z: [   12.289328] hv_vmbus: registering driver hv_util
[STDERR  ] 2017-10-13T15:20:51.298756694Z: [   12.289658] hv_vmbus: registering driver hv_balloon
[STDERR  ] 2017-10-13T15:20:51.298762204Z: [   12.290600] oprofile: using NMI interrupt.
[STDERR  ] 2017-10-13T15:20:51.298768021Z: [   12.291758] GACT probability on
[STDERR  ] 2017-10-13T15:20:51.29877342Z: [   12.292269] Mirror/redirect action on
[STDERR  ] 2017-10-13T15:20:51.298778801Z: [   12.293107] Simple TC action Loaded
[STDERR  ] 2017-10-13T15:20:51.298784076Z: [   12.293671] u32 classifier
[STDERR  ] 2017-10-13T15:20:51.298789537Z: [   12.293847]     Performance counters on
[STDERR  ] 2017-10-13T15:20:51.298796903Z: [   12.294130]     input device check on
[STDERR  ] 2017-10-13T15:20:51.298802356Z: [   12.294405]     Actions configured
[STDERR  ] 2017-10-13T15:20:51.298807711Z: [   12.295144] Netfilter messages via NETLINK v0.30.
[STDERR  ] 2017-10-13T15:20:51.298812946Z: [   12.296095] nfnl_acct: registering with nfnetlink.
[STDERR  ] 2017-10-13T15:20:51.298818223Z: [   12.297439] nf_conntrack version 0.5.0 (8192 buckets, 32768 max)
[STDERR  ] 2017-10-13T15:20:51.298823686Z: [   12.300832] ctnetlink v0.93: registering with nfnetlink.
[STDERR  ] 2017-10-13T15:20:51.298829008Z: [   12.303936] nf_tables: (c) 2007-2009 Patrick McHardy <kaber@trash.net>
[STDERR  ] 2017-10-13T15:20:51.298834823Z: [   12.304783] nf_tables_compat: (c) 2012 Pablo Neira Ayuso <pablo@netfilter.org>
[STDERR  ] 2017-10-13T15:20:51.298840434Z: [   12.307216] xt_time: kernel timezone is -0000
[STDERR  ] 2017-10-13T15:20:51.298846076Z: [   12.307822] ip_set: protocol 6
[STDERR  ] 2017-10-13T15:20:51.298851417Z: [   12.308522] IPVS: Registered protocols (TCP, UDP, SCTP, AH, ESP)
[STDERR  ] 2017-10-13T15:20:51.298856888Z: [   12.309207] IPVS: Connection hash table configured (size=4096, memory=64Kbytes)
[STDERR  ] 2017-10-13T15:20:51.298862246Z: [   12.311504] IPVS: Creating netns size=2104 id=0
[STDERR  ] 2017-10-13T15:20:51.29886799Z: [   12.314222] IPVS: ipvs loaded.
[STDERR  ] 2017-10-13T15:20:51.29887337Z: [   12.314641] IPVS: [rr] scheduler registered.
[STDERR  ] 2017-10-13T15:20:51.298879007Z: [   12.315002] IPVS: [wrr] scheduler registered.
[STDERR  ] 2017-10-13T15:20:51.298884283Z: [   12.315319] IPVS: [lc] scheduler registered.
[STDERR  ] 2017-10-13T15:20:51.298889668Z: [   12.315629] IPVS: [wlc] scheduler registered.
[STDERR  ] 2017-10-13T15:20:51.298894937Z: [   12.315933] IPVS: [fo] scheduler registered.
[STDERR  ] 2017-10-13T15:20:51.29890028Z: [   12.316189] IPVS: [ovf] scheduler registered.
[STDERR  ] 2017-10-13T15:20:51.29890553Z: [   12.316667] IPVS: [lblc] scheduler registered.
[STDERR  ] 2017-10-13T15:20:51.298910968Z: [   12.317121] IPVS: [lblcr] scheduler registered.
[STDERR  ] 2017-10-13T15:20:51.29891627Z: [   12.317467] IPVS: [dh] scheduler registered.
[STDERR  ] 2017-10-13T15:20:51.298921678Z: [   12.317788] IPVS: [sh] scheduler registered.
[STDERR  ] 2017-10-13T15:20:51.298929517Z: [   12.318062] IPVS: [sed] scheduler registered.
[STDERR  ] 2017-10-13T15:20:51.298938966Z: [   12.318344] IPVS: [nq] scheduler registered.
[STDERR  ] 2017-10-13T15:20:51.29894604Z: [   12.319114] IPVS: ftp: loaded support on port[0] = 21
[STDERR  ] 2017-10-13T15:20:51.298951535Z: [   12.320520] ipip: IPv4 and MPLS over IPv4 tunneling driver
[STDERR  ] 2017-10-13T15:20:51.298956885Z: [   12.324867] gre: GRE over IPv4 demultiplexor driver
[STDERR  ] 2017-10-13T15:20:51.298962132Z: [   12.327599] ip_tables: (C) 2000-2006 Netfilter Core Team
[STDERR  ] 2017-10-13T15:20:51.298971657Z: [   12.331385] ipt_CLUSTERIP: ClusterIP Version 0.8 loaded successfully
[STDERR  ] 2017-10-13T15:20:51.298977002Z: [   12.332268] arp_tables: arp_tables: (C) 2002 David S. Miller
[STDERR  ] 2017-10-13T15:20:51.298982983Z: [   12.334591] NET: Registered protocol family 10
[STDERR  ] 2017-10-13T15:20:51.298988232Z: [   12.344391] ip6_tables: (C) 2000-2006 Netfilter Core Team
[STDERR  ] 2017-10-13T15:20:51.298993526Z: [   12.353058] NET: Registered protocol family 17
[STDERR  ] 2017-10-13T15:20:51.298998763Z: [   12.354115] Bridge firewalling registered
[STDERR  ] 2017-10-13T15:20:51.299003907Z: [   12.354653] Ebtables v2.0 registered
[STDERR  ] 2017-10-13T15:20:51.299009085Z: [   12.356527] 8021q: 802.1Q VLAN Support v1.8
[STDERR  ] 2017-10-13T15:20:51.299014255Z: [   12.358145] 9pnet: Installing 9P2000 support
[STDERR  ] 2017-10-13T15:20:51.299021702Z: [   12.359634] Key type dns_resolver registered
[STDERR  ] 2017-10-13T15:20:51.299027082Z: [   12.361043] microcode: AMD CPU family 0x6 not supported
[STDERR  ] 2017-10-13T15:20:51.299032546Z: [   12.364836] registered taskstats version 1
[STDERR  ] 2017-10-13T15:20:51.299038353Z: [   12.553994] ata2: SATA link up 1.5 Gbps (SStatus 113 SControl 300)
[STDERR  ] 2017-10-13T15:20:51.299044966Z: [   12.559857] ata2.00: ATA-7: QEMU HARDDISK, 2.5+, max UDMA/100
[STDERR  ] 2017-10-13T15:20:51.299050922Z: [   12.560803] ata2.00: 1048576 sectors, multi 16: LBA48 NCQ (depth 31/32)
[STDERR  ] 2017-10-13T15:20:51.299056815Z: [   12.561415] ata2.00: applying bridge limits
[STDERR  ] 2017-10-13T15:20:51.299062073Z: [   12.562892] ata6: SATA link down (SStatus 0 SControl 300)
[STDERR  ] 2017-10-13T15:20:51.299067642Z: [   12.564312] ata5: SATA link down (SStatus 0 SControl 300)
[STDERR  ] 2017-10-13T15:20:51.299073009Z: [   12.564878] ata4: SATA link down (SStatus 0 SControl 300)
[STDERR  ] 2017-10-13T15:20:51.299078483Z: [   12.565527] ata3: SATA link up 1.5 Gbps (SStatus 113 SControl 300)
[STDERR  ] 2017-10-13T15:20:51.299083807Z: [   12.566543] ata3.00: ATAPI: QEMU DVD-ROM, 2.5+, max UDMA/100
[STDERR  ] 2017-10-13T15:20:51.299090053Z: [   12.567094] ata3.00: applying bridge limits
[STDERR  ] 2017-10-13T15:20:51.299095335Z: [   12.568281] ata3.00: configured for UDMA/100
[STDERR  ] 2017-10-13T15:20:51.299100796Z: [   12.570326] ata1: SATA link up 1.5 Gbps (SStatus 113 SControl 300)
[STDERR  ] 2017-10-13T15:20:51.299106156Z: [   12.570938] ata1.00: ATA-7: QEMU HARDDISK, 2.5+, max UDMA/100
[STDERR  ] 2017-10-13T15:20:51.299111529Z: [   12.571368] ata1.00: 1048576 sectors, multi 16: LBA48 NCQ (depth 31/32)
[STDERR  ] 2017-10-13T15:20:51.299116926Z: [   12.571814] ata1.00: applying bridge limits
[STDERR  ] 2017-10-13T15:20:51.299122259Z: [   12.572484] ata1.00: configured for UDMA/100
[STDERR  ] 2017-10-13T15:20:51.299127496Z: [   12.589225] ata2.00: configured for UDMA/100
[STDERR  ] 2017-10-13T15:20:51.299132682Z: [   12.590962] scsi 0:0:0:0: Direct-Access     ATA      QEMU HARDDISK    2.5+ PQ: 0 ANSI: 5
[STDERR  ] 2017-10-13T15:20:51.2991381Z: [   12.606118] sd 0:0:0:0: Attached scsi generic sg0 type 0
[STDERR  ] 2017-10-13T15:20:51.299143375Z: [   12.611425] sd 0:0:0:0: [sda] 1048576 512-byte logical blocks: (537 MB/512 MiB)
[STDERR  ] 2017-10-13T15:20:51.299148659Z: [   12.623258] scsi 1:0:0:0: Direct-Access     ATA      QEMU HARDDISK    2.5+ PQ: 0 ANSI: 5
[STDERR  ] 2017-10-13T15:20:51.299154003Z: [   12.626921] sd 1:0:0:0: [sdb] 1048576 512-byte logical blocks: (537 MB/512 MiB)
[STDERR  ] 2017-10-13T15:20:51.299161252Z: [   12.628875] sd 1:0:0:0: [sdb] Write Protect is off
[STDERR  ] 2017-10-13T15:20:51.29916937Z: [   12.629720] sd 0:0:0:0: [sda] Write Protect is off
[STDERR  ] 2017-10-13T15:20:51.299174885Z: [   12.632930] Key type big_key registered
[STDERR  ] 2017-10-13T15:20:51.299180165Z: [   12.634311] sd 0:0:0:0: [sda] Write cache: enabled, read cache: enabled, doesn't support DPO or FUA
[STDERR  ] 2017-10-13T15:20:51.299185665Z: [   12.635492] sd 1:0:0:0: Attached scsi generic sg1 type 0
[STDERR  ] 2017-10-13T15:20:51.299191493Z: [   12.636650] sd 1:0:0:0: [sdb] Write cache: enabled, read cache: enabled, doesn't support DPO or FUA
[STDERR  ] 2017-10-13T15:20:51.299200077Z: [   12.647051] scsi 2:0:0:0: CD-ROM            QEMU     QEMU DVD-ROM     2.5+ PQ: 0 ANSI: 5
[STDERR  ] 2017-10-13T15:20:51.299205727Z: [   12.682564] sr 2:0:0:0: [sr0] scsi3-mmc drive: 4x/4x cd/rw xa/form2 tray
[STDERR  ] 2017-10-13T15:20:51.299211597Z: [   12.683347] cdrom: Uniform CD-ROM driver Revision: 3.20
[STDERR  ] 2017-10-13T15:20:51.29921733Z: [   12.696134] sd 1:0:0:0: [sdb] Attached SCSI disk
[STDERR  ] 2017-10-13T15:20:51.299222727Z: [   12.700691] sd 0:0:0:0: [sda] Attached SCSI disk
[STDERR  ] 2017-10-13T15:20:51.299230242Z: [   12.701447] sr 2:0:0:0: Attached scsi generic sg2 type 5
[STDERR  ] 2017-10-13T15:20:51.299236152Z: [   12.741584] Key type encrypted registered
[STDERR  ] 2017-10-13T15:20:51.299241425Z: [   12.747539] rtc_cmos 00:00: setting system clock to 2017-10-13 15:19:58 UTC (1507907998)
[STDERR  ] 2017-10-13T15:20:51.29924703Z: [   12.898501] Freeing unused kernel memory: 1380K
[STDERR  ] 2017-10-13T15:20:51.299252322Z: [   12.898927] Write protecting the kernel read-only data: 12288k
[STDERR  ] 2017-10-13T15:20:51.299258102Z: [   12.902268] tsc: Refined TSC clocksource calibration: 2600.012 MHz
[STDERR  ] 2017-10-13T15:20:51.299263953Z: [   12.902885] clocksource: tsc: mask: 0xffffffffffffffff max_cycles: 0x257a472b559, max_idle_ns: 440795210424 ns
[STDERR  ] 2017-10-13T15:20:51.29926947Z: [   12.908197] Freeing unused kernel memory: 140K
[STDERR  ] 2017-10-13T15:20:51.29927483Z: [   13.024408] Freeing unused kernel memory: 1400K
[STDERR  ] 2017-10-13T15:20:51.299280295Z: [   13.919397] clocksource: Switched to clocksource tsc
[STDERR  ] 2017-10-13T15:20:51.299285545Z: 
[STDERR  ] 2017-10-13T15:20:51.299291008Z: Welcome to LinuxKit
[STDERR  ] 2017-10-13T15:20:51.299296536Z: 
[STDERR  ] 2017-10-13T15:20:51.299301942Z:                         ##         .
[STDERR  ] 2017-10-13T15:20:51.299307475Z:                   ## ## ##        ==
[STDERR  ] 2017-10-13T15:20:51.299312865Z:                ## ## ## ## ##    ===
[STDERR  ] 2017-10-13T15:20:51.299318144Z:            /"""""""""""""""""\___/ ===
[STDERR  ] 2017-10-13T15:20:51.299323459Z:           {                       /  ===-
[STDERR  ] 2017-10-13T15:20:51.299328646Z:            \______ O           __/
[STDERR  ] 2017-10-13T15:20:51.299333974Z:              \    \         __/
[STDERR  ] 2017-10-13T15:20:51.299339271Z:               \____\_______/
[STDERR  ] 2017-10-13T15:20:51.299344604Z: 
[STDERR  ] 2017-10-13T15:20:51.299351294Z: [   37.677204] IPVS: Creating netns size=2104 id=1
[STDERR  ] 2017-10-13T15:20:51.299356941Z: [   37.677825] IPVS: ftp: loaded support on port[0] = 21
[STDERR  ] 2017-10-13T15:20:51.299362446Z: 2017/10/13 15:20:24 Considering auto format for device /dev/sda
[STDERR  ] 2017-10-13T15:20:51.299367751Z: 2017/10/13 15:20:24 Checking if /dev/sda is empty
[STDERR  ] 2017-10-13T15:20:51.299373082Z: [   38.725380] random: fast init done
[STDERR  ] 2017-10-13T15:20:51.299378451Z: 2017/10/13 15:20:24 blkid did not find any existing content on /dev/sda.
[STDERR  ] 2017-10-13T15:20:51.299384136Z: 2017/10/13 15:20:24 Creating partition on /dev/sda
[STDERR  ] 2017-10-13T15:20:51.299389609Z: [   38.983692]  sda:
[STDERR  ] 2017-10-13T15:20:51.299395016Z: [   39.065999]  sda:
[STDERR  ] 2017-10-13T15:20:51.299400444Z: [   39.096821]  sda: sda1
[STDERR  ] 2017-10-13T15:20:51.299405898Z: [   39.170747]  sda: sda1
[STDERR  ] 2017-10-13T15:20:51.299411739Z: 2017/10/13 15:20:26 Partition /dev/sda1 successfully created!
[STDERR  ] 2017-10-13T15:20:51.299440279Z: [   41.863698] IPVS: Creating netns size=2104 id=2
[STDERR  ] 2017-10-13T15:20:51.299446189Z: [   41.864125] IPVS: ftp: loaded support on port[0] = 21
[STDERR  ] 2017-10-13T15:20:51.299451871Z: 2017/10/13 15:20:28 Considering auto format for device /dev/sdb
[STDERR  ] 2017-10-13T15:20:51.299457559Z: 2017/10/13 15:20:28 Checking if /dev/sdb is empty
[STDERR  ] 2017-10-13T15:20:51.299463005Z: 2017/10/13 15:20:28 blkid did not find any existing content on /dev/sdb.
[STDERR  ] 2017-10-13T15:20:51.299471686Z: 2017/10/13 15:20:28 Creating partition on /dev/sdb
[STDERR  ] 2017-10-13T15:20:51.299477099Z: [   43.077036]  sdb:
[STDERR  ] 2017-10-13T15:20:51.299482368Z: [   43.146154]  sdb:
[STDERR  ] 2017-10-13T15:20:51.299487794Z: [   43.176482]  sdb: sdb1
[STDERR  ] 2017-10-13T15:20:51.299493459Z: [   43.251147]  sdb: sdb1
[STDERR  ] 2017-10-13T15:20:51.299499059Z: 2017/10/13 15:20:30 Partition /dev/sdb1 successfully created!
[STDERR  ] 2017-10-13T15:20:51.299505116Z: [   45.907291] IPVS: Creating netns size=2104 id=3
[STDERR  ] 2017-10-13T15:20:51.299510528Z: [   45.907589] IPVS: ftp: loaded support on port[0] = 21
[STDERR  ] 2017-10-13T15:20:51.299516211Z: 2017/10/13 15:20:32 Considering auto format for device /dev/sda
[STDERR  ] 2017-10-13T15:20:51.299521751Z: 2017/10/13 15:20:32 Checking if /dev/sda is empty
[STDERR  ] 2017-10-13T15:20:51.299527016Z: 2017/10/13 15:20:32 /dev/sda has content. blkid returned: /dev/sda: PTUUID="30aca6fe" PTTYPE="dos"
[STDERR  ] 2017-10-13T15:20:51.299532585Z: 2017/10/13 15:20:32 No eligible disks found
[STDERR  ] 2017-10-13T15:20:51.299537749Z: [   47.633273] IPVS: Creating netns size=2104 id=4
[STDERR  ] 2017-10-13T15:20:51.299543102Z: [   47.633808] IPVS: ftp: loaded support on port[0] = 21
[STDERR  ] 2017-10-13T15:20:51.299550568Z: 2017/10/13 15:20:33 Clearing partitions on /dev/sdb because forced format was requested
[STDERR  ] 2017-10-13T15:20:51.299556311Z: [   48.660754]  sdb:
[STDERR  ] 2017-10-13T15:20:51.299561718Z: 2017/10/13 15:20:34 Creating partition on /dev/sdb
[STDERR  ] 2017-10-13T15:20:51.299567029Z: [   48.757930]  sdb:
[STDERR  ] 2017-10-13T15:20:51.299572386Z: [   48.828494]  sdb:
[STDERR  ] 2017-10-13T15:20:51.299577702Z: [   48.859413]  sdb: sdb1
[STDERR  ] 2017-10-13T15:20:51.299583225Z: [   48.931926]  sdb: sdb1
[STDERR  ] 2017-10-13T15:20:51.299589049Z: [   50.478294] random: crng init done
[STDERR  ] 2017-10-13T15:20:51.299594601Z: [   50.569739] mkfs.xfs: sending ioctl 1261 to a partition!
[STDERR  ] 2017-10-13T15:20:51.299599976Z: 2017/10/13 15:20:35 Partition /dev/sdb1 successfully created!
[STDERR  ] 2017-10-13T15:20:51.299605325Z: [   51.226817] IPVS: Creating netns size=2104 id=5
[STDERR  ] 2017-10-13T15:20:51.299612626Z: [   51.227125] IPVS: ftp: loaded support on port[0] = 21
[STDERR  ] 2017-10-13T15:20:51.299617978Z: === forcing device discovery (attempt 1) ===
[STDERR  ] 2017-10-13T15:20:51.299623232Z: === /dev list (attempt 1) ===
[STDERR  ] 2017-10-13T15:20:51.299629662Z: total 0
[STDERR  ] 2017-10-13T15:20:51.299635318Z: drwxr-xr-x    8 root     root          2840 Oct 13 15:20 [1;34m.[0m
[STDERR  ] 2017-10-13T15:20:51.299647951Z: drwxr-xr-x    1 root     root            60 Oct 13 15:20 [1;34m..[0m
[STDERR  ] 2017-10-13T15:20:51.299654181Z: drwxr-xr-x    2 root     root           100 Oct 13 15:20 [1;34mbsg[0m
[STDERR  ] 2017-10-13T15:20:51.299659531Z: crw-rw----    1 root     root       10,  63 Oct 13 15:20 [1;35mcachefiles[0m
[STDERR  ] 2017-10-13T15:20:51.299665547Z: crw-rw----    1 root     root        5,   1 Oct 13 15:20 [1;35mconsole[0m
[STDERR  ] 2017-10-13T15:20:51.299671135Z: lrwxrwxrwx    1 root     root            11 Oct 13 15:20 [1;36mcore[0m -> [0;0m/proc/kcore[0m
[STDERR  ] 2017-10-13T15:20:51.299678914Z: drwxr-xr-x    3 root     root            60 Oct 13 15:20 [1;34mcpu[0m
[STDERR  ] 2017-10-13T15:20:51.299684261Z: crw-rw----    1 root     root       10,  62 Oct 13 15:20 [1;35mcpu_dma_latency[0m
[STDERR  ] 2017-10-13T15:20:51.299690155Z: crw-rw----    1 root     root       10, 203 Oct 13 15:20 [1;35mcuse[0m
[STDERR  ] 2017-10-13T15:20:51.299698874Z: lrwxrwxrwx    1 root     root            13 Oct 13 15:20 [1;36mfd[0m -> [1;34m/proc/self/fd[0m
[STDERR  ] 2017-10-13T15:20:51.299704584Z: crw-rw----    1 root     root        1,   7 Oct 13 15:20 [1;35mfull[0m
[STDERR  ] 2017-10-13T15:20:51.299710023Z: crw-rw----    1 root     root       10, 229 Oct 13 15:20 [1;35mfuse[0m
[STDERR  ] 2017-10-13T15:20:51.299715718Z: crw-rw----    1 root     root       10, 228 Oct 13 15:20 [1;35mhpet[0m
[STDERR  ] 2017-10-13T15:20:51.299724275Z: crw-rw----    1 root     root       10, 183 Oct 13 15:20 [1;35mhwrng[0m
[STDERR  ] 2017-10-13T15:20:51.299730484Z: drwxr-xr-x    2 root     root           120 Oct 13 15:20 [1;34minput[0m
[STDERR  ] 2017-10-13T15:20:51.299735983Z: crw-rw----    1 root     root        1,  11 Oct 13 15:20 [1;35mkmsg[0m
[STDERR  ] 2017-10-13T15:20:51.299744084Z: crw-rw----    1 root     root       10, 237 Oct 13 15:20 [1;35mloop-control[0m
[STDERR  ] 2017-10-13T15:20:51.299749653Z: brw-rw----    1 root     root        7,   0 Oct 13 15:20 [1;35mloop0[0m
[STDERR  ] 2017-10-13T15:20:51.299755515Z: brw-rw----    1 root     root        7,   1 Oct 13 15:20 [1;35mloop1[0m
[STDERR  ] 2017-10-13T15:20:51.299760853Z: brw-rw----    1 root     root        7,   2 Oct 13 15:20 [1;35mloop2[0m
[STDERR  ] 2017-10-13T15:20:51.299766305Z: brw-rw----    1 root     root        7,   3 Oct 13 15:20 [1;35mloop3[0m
[STDERR  ] 2017-10-13T15:20:51.299772421Z: brw-rw----    1 root     root        7,   4 Oct 13 15:20 [1;35mloop4[0m
[STDERR  ] 2017-10-13T15:20:51.299777993Z: brw-rw----    1 root     root        7,   5 Oct 13 15:20 [1;35mloop5[0m
[STDERR  ] 2017-10-13T15:20:51.299783258Z: brw-rw----    1 root     root        7,   6 Oct 13 15:20 [1;35mloop6[0m
[STDERR  ] 2017-10-13T15:20:51.299790255Z: brw-rw----    1 root     root        7,   7 Oct 13 15:20 [1;35mloop7[0m
[STDERR  ] 2017-10-13T15:20:51.299795621Z: drwxr-xr-x    2 root     root            60 Oct 13 15:20 [1;34mmapper[0m
[STDERR  ] 2017-10-13T15:20:51.29980087Z: crw-rw----    1 root     root        1,   1 Oct 13 15:20 [1;35mmem[0m
[STDERR  ] 2017-10-13T15:20:51.299806403Z: crw-rw----    1 root     root       10,  59 Oct 13 15:20 [1;35mmemory_bandwidth[0m
[STDERR  ] 2017-10-13T15:20:51.29981189Z: brw-rw----    1 root     root       43,   0 Oct 13 15:20 [1;35mnbd0[0m
[STDERR  ] 2017-10-13T15:20:51.299817504Z: brw-rw----    1 root     root       43,   1 Oct 13 15:20 [1;35mnbd1[0m
[STDERR  ] 2017-10-13T15:20:51.299822993Z: brw-rw----    1 root     root       43,  10 Oct 13 15:20 [1;35mnbd10[0m
[STDERR  ] 2017-10-13T15:20:51.299828167Z: brw-rw----    1 root     root       43,  11 Oct 13 15:20 [1;35mnbd11[0m
[STDERR  ] 2017-10-13T15:20:51.299833553Z: brw-rw----    1 root     root       43,  12 Oct 13 15:20 [1;35mnbd12[0m
[STDERR  ] 2017-10-13T15:20:51.299838885Z: brw-rw----    1 root     root       43,  13 Oct 13 15:20 [1;35mnbd13[0m
[STDERR  ] 2017-10-13T15:20:51.299844363Z: brw-rw----    1 root     root       43,  14 Oct 13 15:20 [1;35mnbd14[0m
[STDERR  ] 2017-10-13T15:20:51.299849678Z: brw-rw----    1 root     root       43,  15 Oct 13 15:20 [1;35mnbd15[0m
[STDERR  ] 2017-10-13T15:20:51.299855504Z: brw-rw----    1 root     root       43,   2 Oct 13 15:20 [1;35mnbd2[0m
[STDERR  ] 2017-10-13T15:20:51.29986124Z: brw-rw----    1 root     root       43,   3 Oct 13 15:20 [1;35mnbd3[0m
[STDERR  ] 2017-10-13T15:20:51.29986653Z: brw-rw----    1 root     root       43,   4 Oct 13 15:20 [1;35mnbd4[0m
[STDERR  ] 2017-10-13T15:20:51.29987172Z: brw-rw----    1 root     root       43,   5 Oct 13 15:20 [1;35mnbd5[0m
[STDERR  ] 2017-10-13T15:20:51.299876918Z: brw-rw----    1 root     root       43,   6 Oct 13 15:20 [1;35mnbd6[0m
[STDERR  ] 2017-10-13T15:20:51.299882127Z: brw-rw----    1 root     root       43,   7 Oct 13 15:20 [1;35mnbd7[0m
[STDERR  ] 2017-10-13T15:20:51.29988739Z: brw-rw----    1 root     root       43,   8 Oct 13 15:20 [1;35mnbd8[0m
[STDERR  ] 2017-10-13T15:20:51.299892837Z: brw-rw----    1 root     root       43,   9 Oct 13 15:20 [1;35mnbd9[0m
[STDERR  ] 2017-10-13T15:20:51.299901273Z: drwxr-xr-x    2 root     root            60 Oct 13 15:20 [1;34mnet[0m
[STDERR  ] 2017-10-13T15:20:51.299906637Z: crw-rw----    1 root     root       10,  61 Oct 13 15:20 [1;35mnetwork_latency[0m
[STDERR  ] 2017-10-13T15:20:51.29991193Z: crw-rw----    1 root     root       10,  60 Oct 13 15:20 [1;35mnetwork_throughput[0m
[STDERR  ] 2017-10-13T15:20:51.299917305Z: crw-rw----    1 root     root        1,   3 Oct 13 15:20 [1;35mnull[0m
[STDERR  ] 2017-10-13T15:20:51.299925518Z: crw-rw----    1 root     root       10, 144 Oct 13 15:20 [1;35mnvram[0m
[STDERR  ] 2017-10-13T15:20:51.299932641Z: crw-rw----    1 root     root        1,   4 Oct 13 15:20 [1;35mport[0m
[STDERR  ] 2017-10-13T15:20:51.299938311Z: crw-rw----    1 root     root       10,   1 Oct 13 15:20 [1;35mpsaux[0m
[STDERR  ] 2017-10-13T15:20:51.299944174Z: lrwxrwxrwx    1 root     root             8 Oct 13 15:20 [1;36mptmx[0m -> [1;35mpts/ptmx[0m
[STDERR  ] 2017-10-13T15:20:51.29994947Z: drwxr-xr-x    2 root     root             0 Oct 13 15:20 [1;34mpts[0m
[STDERR  ] 2017-10-13T15:20:51.29995509Z: crw-rw----    1 root     root        1,   8 Oct 13 15:20 [1;35mrandom[0m
[STDERR  ] 2017-10-13T15:20:51.299960291Z: crw-rw----    1 root     root      254,   0 Oct 13 15:20 [1;35mrtc0[0m
[STDERR  ] 2017-10-13T15:20:51.299965497Z: brw-rw----    1 root     root        8,   0 Oct 13 15:20 [1;35msda[0m
[STDERR  ] 2017-10-13T15:20:51.299970845Z: brw-rw----    1 root     root        8,   1 Oct 13 15:20 [1;35msda1[0m
[STDERR  ] 2017-10-13T15:20:51.29997614Z: brw-rw----    1 root     root        8,  16 Oct 13 15:20 [1;35msdb[0m
[STDERR  ] 2017-10-13T15:20:51.299981473Z: brw-rw----    1 root     root        8,  17 Oct 13 15:20 [1;35msdb1[0m
[STDERR  ] 2017-10-13T15:20:51.299986987Z: crw-rw----    1 root     root       21,   0 Oct 13 15:20 [1;35msg0[0m
[STDERR  ] 2017-10-13T15:20:51.299992792Z: crw-rw----    1 root     root       21,   1 Oct 13 15:20 [1;35msg1[0m
[STDERR  ] 2017-10-13T15:20:51.299998059Z: crw-rw----    1 root     root       21,   2 Oct 13 15:20 [1;35msg2[0m
[STDERR  ] 2017-10-13T15:20:51.300003437Z: brw-rw----    1 root     root       11,   0 Oct 13 15:20 [1;35msr0[0m
[STDERR  ] 2017-10-13T15:20:51.30000873Z: lrwxrwxrwx    1 root     root            15 Oct 13 15:20 [1;36mstderr[0m -> [1;35m/proc/self/fd/2[0m
[STDERR  ] 2017-10-13T15:20:51.30001425Z: lrwxrwxrwx    1 root     root            15 Oct 13 15:20 [1;36mstdin[0m -> [1;35m/proc/self/fd/0[0m
[STDERR  ] 2017-10-13T15:20:51.300021323Z: lrwxrwxrwx    1 root     root            15 Oct 13 15:20 [1;36mstdout[0m -> [1;35m/proc/self/fd/1[0m
[STDERR  ] 2017-10-13T15:20:51.300026709Z: crw-rw----    1 root     root        5,   0 Oct 13 15:20 [1;35mtty[0m
[STDERR  ] 2017-10-13T15:20:51.300031992Z: crw-rw----    1 root     root        4,   0 Oct 13 15:20 [1;35mtty0[0m
[STDERR  ] 2017-10-13T15:20:51.300037246Z: crw-rw----    1 root     root        4,   1 Oct 13 15:20 [1;35mtty1[0m
[STDERR  ] 2017-10-13T15:20:51.300043482Z: crw-rw----    1 root     root        4,  10 Oct 13 15:20 [1;35mtty10[0m
[STDERR  ] 2017-10-13T15:20:51.300048832Z: crw-rw----    1 root     root        4,  11 Oct 13 15:20 [1;35mtty11[0m
[STDERR  ] 2017-10-13T15:20:51.300054059Z: crw-rw----    1 root     root        4,  12 Oct 13 15:20 [1;35mtty12[0m
[STDERR  ] 2017-10-13T15:20:51.300059223Z: crw-rw----    1 root     root        4,  13 Oct 13 15:20 [1;35mtty13[0m
[STDERR  ] 2017-10-13T15:20:51.300064499Z: crw-rw----    1 root     root        4,  14 Oct 13 15:20 [1;35mtty14[0m
[STDERR  ] 2017-10-13T15:20:51.300069682Z: crw-rw----    1 root     root        4,  15 Oct 13 15:20 [1;35mtty15[0m
[STDERR  ] 2017-10-13T15:20:51.300074897Z: crw-rw----    1 root     root        4,  16 Oct 13 15:20 [1;35mtty16[0m
[STDERR  ] 2017-10-13T15:20:51.300080154Z: crw-rw----    1 root     root        4,  17 Oct 13 15:20 [1;35mtty17[0m
[STDERR  ] 2017-10-13T15:20:51.300087026Z: crw-rw----    1 root     root        4,  18 Oct 13 15:20 [1;35mtty18[0m
[STDERR  ] 2017-10-13T15:20:51.300095696Z: crw-rw----    1 root     root        4,  19 Oct 13 15:20 [1;35mtty19[0m
[STDERR  ] 2017-10-13T15:20:51.300101306Z: crw-rw----    1 root     root        4,   2 Oct 13 15:20 [1;35mtty2[0m
[STDERR  ] 2017-10-13T15:20:51.30010685Z: crw-rw----    1 root     root        4,  20 Oct 13 15:20 [1;35mtty20[0m
[STDERR  ] 2017-10-13T15:20:51.300112534Z: crw-rw----    1 root     root        4,  21 Oct 13 15:20 [1;35mtty21[0m
[STDERR  ] 2017-10-13T15:20:51.300124827Z: crw-rw----    1 root     root        4,  22 Oct 13 15:20 [1;35mtty22[0m
[STDERR  ] 2017-10-13T15:20:51.300130453Z: crw-rw----    1 root     root        4,  23 Oct 13 15:20 [1;35mtty23[0m
[STDERR  ] 2017-10-13T15:20:51.300136466Z: crw-rw----    1 root     root        4,  24 Oct 13 15:20 [1;35mtty24[0m
[STDERR  ] 2017-10-13T15:20:51.300142042Z: crw-rw----    1 root     root        4,  25 Oct 13 15:20 [1;35mtty25[0m
[STDERR  ] 2017-10-13T15:20:51.300147484Z: crw-rw----    1 root     root        4,  26 Oct 13 15:20 [1;35mtty26[0m
[STDERR  ] 2017-10-13T15:20:51.300152762Z: crw-rw----    1 root     root        4,  27 Oct 13 15:20 [1;35mtty27[0m
[STDERR  ] 2017-10-13T15:20:51.300158166Z: crw-rw----    1 root     root        4,  28 Oct 13 15:20 [1;35mtty28[0m
[STDERR  ] 2017-10-13T15:20:51.30016352Z: crw-rw----    1 root     root        4,  29 Oct 13 15:20 [1;35mtty29[0m
[STDERR  ] 2017-10-13T15:20:51.300168884Z: crw-rw----    1 root     root        4,   3 Oct 13 15:20 [1;35mtty3[0m
[STDERR  ] 2017-10-13T15:20:51.300174737Z: crw-rw----    1 root     root        4,  30 Oct 13 15:20 [1;35mtty30[0m
[STDERR  ] 2017-10-13T15:20:51.300181606Z: crw-rw----    1 root     root        4,  31 Oct 13 15:20 [1;35mtty31[0m
[STDERR  ] 2017-10-13T15:20:51.300186899Z: crw-rw----    1 root     root        4,  32 Oct 13 15:20 [1;35mtty32[0m
[STDERR  ] 2017-10-13T15:20:51.300192193Z: crw-rw----    1 root     root        4,  33 Oct 13 15:20 [1;35mtty33[0m
[STDERR  ] 2017-10-13T15:20:51.300197497Z: crw-rw----    1 root     root        4,  34 Oct 13 15:20 [1;35mtty34[0m
[STDERR  ] 2017-10-13T15:20:51.300202779Z: crw-rw----    1 root     root        4,  35 Oct 13 15:20 [1;35mtty35[0m
[STDERR  ] 2017-10-13T15:20:51.300208194Z: crw-rw----    1 root     root        4,  36 Oct 13 15:20 [1;35mtty36[0m
[STDERR  ] 2017-10-13T15:20:51.300214269Z: crw-rw----    1 root     root        4,  37 Oct 13 15:20 [1;35mtty37[0m
[STDERR  ] 2017-10-13T15:20:51.300220017Z: crw-rw----    1 root     root        4,  38 Oct 13 15:20 [1;35mtty38[0m
[STDERR  ] 2017-10-13T15:20:51.300225343Z: crw-rw----    1 root     root        4,  39 Oct 13 15:20 [1;35mtty39[0m
[STDERR  ] 2017-10-13T15:20:51.300230753Z: crw-rw----    1 root     root        4,   4 Oct 13 15:20 [1;35mtty4[0m
[STDERR  ] 2017-10-13T15:20:51.300236027Z: crw-rw----    1 root     root        4,  40 Oct 13 15:20 [1;35mtty40[0m
[STDERR  ] 2017-10-13T15:20:51.30024138Z: crw-rw----    1 root     root        4,  41 Oct 13 15:20 [1;35mtty41[0m
[STDERR  ] 2017-10-13T15:20:51.300246552Z: crw-rw----    1 root     root        4,  42 Oct 13 15:20 [1;35mtty42[0m
[STDERR  ] 2017-10-13T15:20:51.300252092Z: crw-rw----    1 root     root        4,  43 Oct 13 15:20 [1;35mtty43[0m
[STDERR  ] 2017-10-13T15:20:51.300257333Z: crw-rw----    1 root     root        4,  44 Oct 13 15:20 [1;35mtty44[0m
[STDERR  ] 2017-10-13T15:20:51.300262489Z: crw-rw----    1 root     root        4,  45 Oct 13 15:20 [1;35mtty45[0m
[STDERR  ] 2017-10-13T15:20:51.300267722Z: crw-rw----    1 root     root        4,  46 Oct 13 15:20 [1;35mtty46[0m
[STDERR  ] 2017-10-13T15:20:51.300272976Z: crw-rw----    1 root     root        4,  47 Oct 13 15:20 [1;35mtty47[0m
[STDERR  ] 2017-10-13T15:20:51.300278236Z: crw-rw----    1 root     root        4,  48 Oct 13 15:20 [1;35mtty48[0m
[STDERR  ] 2017-10-13T15:20:51.300283487Z: crw-rw----    1 root     root        4,  49 Oct 13 15:20 [1;35mtty49[0m
[STDERR  ] 2017-10-13T15:20:51.300288714Z: crw-rw----    1 root     root        4,   5 Oct 13 15:20 [1;35mtty5[0m
[STDERR  ] 2017-10-13T15:20:51.300299172Z: crw-rw----    1 root     root        4,  50 Oct 13 15:20 [1;35mtty50[0m
[STDERR  ] 2017-10-13T15:20:51.300305027Z: crw-rw----    1 root     root        4,  51 Oct 13 15:20 [1;35mtty51[0m
[STDERR  ] 2017-10-13T15:20:51.300310357Z: crw-rw----    1 root     root        4,  52 Oct 13 15:20 [1;35mtty52[0m
[STDERR  ] 2017-10-13T15:20:51.300315572Z: crw-rw----    1 root     root        4,  53 Oct 13 15:20 [1;35mtty53[0m
[STDERR  ] 2017-10-13T15:20:51.300323813Z: crw-rw----    1 root     root        4,  54 Oct 13 15:20 [1;35mtty54[0m
[STDERR  ] 2017-10-13T15:20:51.300329309Z: crw-rw----    1 root     root        4,  55 Oct 13 15:20 [1;35mtty55[0m
[STDERR  ] 2017-10-13T15:20:51.300334552Z: crw-rw----    1 root     root        4,  56 Oct 13 15:20 [1;35mtty56[0m
[STDERR  ] 2017-10-13T15:20:51.300339981Z: crw-rw----    1 root     root        4,  57 Oct 13 15:20 [1;35mtty57[0m
[STDERR  ] 2017-10-13T15:20:51.300345768Z: crw-rw----    1 root     root        4,  58 Oct 13 15:20 [1;35mtty58[0m
[STDERR  ] 2017-10-13T15:20:51.300350988Z: crw-rw----    1 root     root        4,  59 Oct 13 15:20 [1;35mtty59[0m
[STDERR  ] 2017-10-13T15:20:51.300356192Z: crw-rw----    1 root     root        4,   6 Oct 13 15:20 [1;35mtty6[0m
[STDERR  ] 2017-10-13T15:20:51.300361403Z: crw-rw----    1 root     root        4,  60 Oct 13 15:20 [1;35mtty60[0m
[STDERR  ] 2017-10-13T15:20:51.300366588Z: crw-rw----    1 root     root        4,  61 Oct 13 15:20 [1;35mtty61[0m
[STDERR  ] 2017-10-13T15:20:51.300371796Z: crw-rw----    1 root     root        4,  62 Oct 13 15:20 [1;35mtty62[0m
[STDERR  ] 2017-10-13T15:20:51.300376943Z: crw-rw----    1 root     root        4,  63 Oct 13 15:20 [1;35mtty63[0m
[STDERR  ] 2017-10-13T15:20:51.300382748Z: crw-rw----    1 root     root        4,   7 Oct 13 15:20 [1;35mtty7[0m
[STDERR  ] 2017-10-13T15:20:51.300388413Z: crw-rw----    1 root     root        4,   8 Oct 13 15:20 [1;35mtty8[0m
[STDERR  ] 2017-10-13T15:20:51.300414912Z: crw-rw----    1 root     root        4,   9 Oct 13 15:20 [1;35mtty9[0m
[STDERR  ] 2017-10-13T15:20:51.300432382Z: crw-rw----    1 root     root        4,  64 Oct 13 15:20 [1;35mttyS0[0m
[STDERR  ] 2017-10-13T15:20:51.300442139Z: crw-rw----    1 root     root        4,  65 Oct 13 15:20 [1;35mttyS1[0m
[STDERR  ] 2017-10-13T15:20:51.300451431Z: crw-rw----    1 root     root        4,  66 Oct 13 15:20 [1;35mttyS2[0m
[STDERR  ] 2017-10-13T15:20:51.300460325Z: crw-rw----    1 root     root        4,  67 Oct 13 15:20 [1;35mttyS3[0m
[STDERR  ] 2017-10-13T15:20:51.300469586Z: crw-rw----    1 root     root       10, 223 Oct 13 15:20 [1;35muinput[0m
[STDERR  ] 2017-10-13T15:20:51.300479301Z: crw-rw----    1 root     root        1,   9 Oct 13 15:20 [1;35murandom[0m
[STDERR  ] 2017-10-13T15:20:51.300509766Z: crw-rw----    1 root     root        7,   0 Oct 13 15:20 [1;35mvcs[0m
[STDERR  ] 2017-10-13T15:20:51.300520952Z: crw-rw----    1 root     root        7,   1 Oct 13 15:20 [1;35mvcs1[0m
[STDERR  ] 2017-10-13T15:20:51.300530972Z: crw-rw----    1 root     root        7, 128 Oct 13 15:20 [1;35mvcsa[0m
[STDERR  ] 2017-10-13T15:20:51.300540963Z: crw-rw----    1 root     root        7, 129 Oct 13 15:20 [1;35mvcsa1[0m
[STDERR  ] 2017-10-13T15:20:51.300549796Z: crw-rw----    1 root     root        1,   5 Oct 13 15:20 [1;35mzero[0m
[STDERR  ] 2017-10-13T15:20:51.300559339Z: Found /dev/sda1 and /dev/sdb1 block devices
[STDERR  ] 2017-10-13T15:20:51.300584605Z: === /dev/sda1 ===
[STDERR  ] 2017-10-13T15:20:51.300594196Z: DEVNAME=/dev/sda1
[STDERR  ] 2017-10-13T15:20:51.300603053Z: UUID=5e612bea-fe10-4ac0-bb16-fcebfb719be5
[STDERR  ] 2017-10-13T15:20:51.300611771Z: TYPE=ext4
[STDERR  ] 2017-10-13T15:20:51.300620465Z: PARTUUID=30aca6fe-01
[STDERR  ] 2017-10-13T15:20:51.300629166Z: === /dev/sdb1 ===
[STDERR  ] 2017-10-13T15:20:51.300637918Z: DEVNAME=/dev/sdb1
[STDERR  ] 2017-10-13T15:20:51.300665761Z: UUID=24bf18af-6f4f-4481-8f2a-56774a0b3ea3
[STDERR  ] 2017-10-13T15:20:51.300674775Z: TYPE=xfs
[STDERR  ] 2017-10-13T15:20:51.300691352Z: PARTUUID=79dd76e3-01
[STDERR  ] 2017-10-13T15:20:51.300700402Z: === /dev/sda1 test ===
[STDERR  ] 2017-10-13T15:20:51.300709241Z: === /dev/sdb1 test ===
[STDERR  ] 2017-10-13T15:20:51.300718295Z: format_force test suite PASSED
[STDERR  ] 2017-10-13T15:20:51.300740275Z: [   64.636197] sd 1:0:0:0: [sdb] Synchronizing SCSI cache
[STDERR  ] 2017-10-13T15:20:51.300749221Z: [   64.645675] sd 1:0:0:0: [sdb] Stopping disk
[STDERR  ] 2017-10-13T15:20:51.300757965Z: [   64.646593] sd 0:0:0:0: [sda] Synchronizing SCSI cache
[STDERR  ] 2017-10-13T15:20:51.300772571Z: [   64.647198] sd 0:0:0:0: [sda] Stopping disk
[STDERR  ] 2017-10-13T15:20:51.300781161Z: [   64.652154] ACPI: Preparing to enter system sleep state S5
[STDERR  ] 2017-10-13T15:20:51.300790248Z: [   64.655158] reboot: Power down
[STDERR  ] 2017-10-13T15:20:51.300799037Z: + echo [    0.000000] Linux version 4.9.51-linuxkit (root@3253c0754a54) (gcc version 6.3.0 (Alpine 6.3.0) ) #1 SMP Wed Sep 20 11:32:07 UTC 2017
[STDERR  ] 2017-10-13T15:20:51.30082068Z: [    0.000000] Command line: console=ttyS0
[STDERR  ] 2017-10-13T15:20:51.300829855Z: [    0.000000] x86/fpu: Legacy x87 FPU detected.
[STDERR  ] 2017-10-13T15:20:51.300839432Z: [    0.000000] x86/fpu: Using 'eager' FPU context switches.
[STDERR  ] 2017-10-13T15:20:51.300848602Z: [    0.000000] e820: BIOS-provided physical RAM map:
[STDERR  ] 2017-10-13T15:20:51.300857254Z: [    0.000000] BIOS-e820: [mem 0x0000000000000000-0x000000000009fbff] usable
[STDERR  ] 2017-10-13T15:20:51.300866302Z: [    0.000000] BIOS-e820: [mem 0x000000000009fc00-0x000000000009ffff] reserved
[STDERR  ] 2017-10-13T15:20:51.300875174Z: [    0.000000] BIOS-e820: [mem 0x00000000000f0000-0x00000000000fffff] reserved
[STDERR  ] 2017-10-13T15:20:51.300896131Z: [    0.000000] BIOS-e820: [mem 0x0000000000100000-0x000000003ffddfff] usable
[STDERR  ] 2017-10-13T15:20:51.300905224Z: [    0.000000] BIOS-e820: [mem 0x000000003ffde000-0x000000003fffffff] reserved
[STDERR  ] 2017-10-13T15:20:51.300914335Z: [    0.000000] BIOS-e820: [mem 0x00000000b0000000-0x00000000bfffffff] reserved
[STDERR  ] 2017-10-13T15:20:51.300923038Z: [    0.000000] BIOS-e820: [mem 0x00000000fed1c000-0x00000000fed1ffff] reserved
[STDERR  ] 2017-10-13T15:20:51.300931501Z: [    0.000000] BIOS-e820: [mem 0x00000000fffc0000-0x00000000ffffffff] reserved
[STDERR  ] 2017-10-13T15:20:51.30094058Z: [    0.000000] NX (Execute Disable) protection: active
[STDERR  ] 2017-10-13T15:20:51.300949105Z: [    0.000000] SMBIOS 2.8 present.
[STDERR  ] 2017-10-13T15:20:51.300972094Z: [    0.000000] e820: last_pfn = 0x3ffde max_arch_pfn = 0x400000000
[STDERR  ] 2017-10-13T15:20:51.30098221Z: [    0.000000] x86/PAT: Configuration [0-7]: WB  WC  UC- UC  WB  WC  UC- WT  
[STDERR  ] 2017-10-13T15:20:51.30099132Z: [    0.000000] found SMP MP-table at [mem 0x000f6aa0-0x000f6aaf] mapped at [ffffa143000f6aa0]
[STDERR  ] 2017-10-13T15:20:51.301000052Z: [    0.000000] RAMDISK: [mem 0x3d0b9000-0x3ffcffff]
[STDERR  ] 2017-10-13T15:20:51.301009577Z: [    0.000000] ACPI: Early table checksum verification disabled
[STDERR  ] 2017-10-13T15:20:51.301023049Z: [    0.000000] ACPI: RSDP 0x00000000000F68C0 000014 (v00 BOCHS )
[STDERR  ] 2017-10-13T15:20:51.301033077Z: [    0.000000] ACPI: RSDT 0x000000003FFE2404 000034 (v01 BOCHS  BXPCRSDT 00000001 BXPC 00000001)
[STDERR  ] 2017-10-13T15:20:51.301054936Z: [    0.000000] ACPI: FACP 0x000000003FFE22A4 000074 (v01 BOCHS  BXPCFACP 00000001 BXPC 00000001)
[STDERR  ] 2017-10-13T15:20:51.301064347Z: [    0.000000] ACPI: DSDT 0x000000003FFE0040 002264 (v01 BOCHS  BXPCDSDT 00000001 BXPC 00000001)
[STDERR  ] 2017-10-13T15:20:51.30107354Z: [    0.000000] ACPI: FACS 0x000000003FFE0000 000040
[STDERR  ] 2017-10-13T15:20:51.301082393Z: [    0.000000] ACPI: APIC 0x000000003FFE2318 000078 (v01 BOCHS  BXPCAPIC 00000001 BXPC 00000001)
[STDERR  ] 2017-10-13T15:20:51.301091816Z: [    0.000000] ACPI: HPET 0x000000003FFE2390 000038 (v01 BOCHS  BXPCHPET 00000001 BXPC 00000001)
[STDERR  ] 2017-10-13T15:20:51.301102466Z: [    0.000000] ACPI: MCFG 0x000000003FFE23C8 00003C (v01 BOCHS  BXPCMCFG 00000001 BXPC 00000001)
[STDERR  ] 2017-10-13T15:20:51.30113095Z: [    0.000000] Zone ranges:
[STDERR  ] 2017-10-13T15:20:51.301142743Z: [    0.000000]   DMA      [mem 0x0000000000001000-0x0000000000ffffff]
[STDERR  ] 2017-10-13T15:20:51.301152877Z: [    0.000000]   DMA32    [mem 0x0000000001000000-0x000000003ffddfff]
[STDERR  ] 2017-10-13T15:20:51.301162666Z: [    0.000000]   Normal   empty
[STDERR  ] 2017-10-13T15:20:51.301173916Z: [    0.000000] Movable zone start for each node
[STDERR  ] 2017-10-13T15:20:51.301189081Z: [    0.000000] Early memory node ranges
[STDERR  ] 2017-10-13T15:20:51.3012126Z: [    0.000000]   node   0: [mem 0x0000000000001000-0x000000000009efff]
[STDERR  ] 2017-10-13T15:20:51.301223004Z: [    0.000000]   node   0: [mem 0x0000000000100000-0x000000003ffddfff]
[STDERR  ] 2017-10-13T15:20:51.301235501Z: [    0.000000] Initmem setup node 0 [mem 0x0000000000001000-0x000000003ffddfff]
[STDERR  ] 2017-10-13T15:20:51.301245023Z: [    0.000000] ACPI: PM-Timer IO Port: 0x608
[STDERR  ] 2017-10-13T15:20:51.301254131Z: [    0.000000] ACPI: LAPIC_NMI (acpi_id[0xff] dfl dfl lint[0x1])
[STDERR  ] 2017-10-13T15:20:51.301264311Z: [    0.000000] IOAPIC[0]: apic_id 0, version 32, address 0xfec00000, GSI 0-23
[STDERR  ] 2017-10-13T15:20:51.301292116Z: [    0.000000] ACPI: INT_SRC_OVR (bus 0 bus_irq 0 global_irq 2 dfl dfl)
[STDERR  ] 2017-10-13T15:20:51.301302554Z: [    0.000000] ACPI: INT_SRC_OVR (bus 0 bus_irq 5 global_irq 5 high level)
[STDERR  ] 2017-10-13T15:20:51.301311844Z: [    0.000000] ACPI: INT_SRC_OVR (bus 0 bus_irq 9 global_irq 9 high level)
[STDERR  ] 2017-10-13T15:20:51.301320914Z: [    0.000000] ACPI: INT_SRC_OVR (bus 0 bus_irq 10 global_irq 10 high level)
[STDERR  ] 2017-10-13T15:20:51.30133015Z: [    0.000000] ACPI: INT_SRC_OVR (bus 0 bus_irq 11 global_irq 11 high level)
[STDERR  ] 2017-10-13T15:20:51.301339234Z: [    0.000000] Using ACPI (MADT) for SMP configuration information
[STDERR  ] 2017-10-13T15:20:51.301348576Z: [    0.000000] ACPI: HPET id: 0x8086a201 base: 0xfed00000
[STDERR  ] 2017-10-13T15:20:51.301368485Z: [    0.000000] smpboot: Allowing 1 CPUs, 0 hotplug CPUs
[STDERR  ] 2017-10-13T15:20:51.301378645Z: [    0.000000] e820: [mem 0x40000000-0xafffffff] available for PCI devices
[STDERR  ] 2017-10-13T15:20:51.301387595Z: [    0.000000] Booting paravirtualized kernel on bare hardware
[STDERR  ] 2017-10-13T15:20:51.301398802Z: [    0.000000] clocksource: refined-jiffies: mask: 0xffffffff max_cycles: 0xffffffff, max_idle_ns: 19112604462750000 ns
[STDERR  ] 2017-10-13T15:20:51.301408116Z: [    0.000000] setup_percpu: NR_CPUS:128 nr_cpumask_bits:128 nr_cpu_ids:1 nr_node_ids:1
[STDERR  ] 2017-10-13T15:20:51.30141733Z: [    0.000000] percpu: Embedded 35 pages/cpu @ffffa1433ce00000 s105240 r8192 d29928 u2097152
[STDERR  ] 2017-10-13T15:20:51.301426359Z: [    0.000000] Built 1 zonelists in Zone order, mobility grouping on.  Total pages: 257895
[STDERR  ] 2017-10-13T15:20:51.301445896Z: [    0.000000] Kernel command line: console=ttyS0
[STDERR  ] 2017-10-13T15:20:51.301455603Z: [    0.000000] PID hash table entries: 4096 (order: 3, 32768 bytes)
[STDERR  ] 2017-10-13T15:20:51.30146537Z: [    0.000000] Dentry cache hash table entries: 131072 (order: 8, 1048576 bytes)
[STDERR  ] 2017-10-13T15:20:51.301474956Z: [    0.000000] Inode-cache hash table entries: 65536 (order: 7, 524288 bytes)
[STDERR  ] 2017-10-13T15:20:51.301484616Z: [    0.000000] Memory: 965948K/1048048K available (8036K kernel code, 1367K rwdata, 2696K rodata, 1380K init, 568K bss, 82100K reserved, 0K cma-reserved)
[STDERR  ] 2017-10-13T15:20:51.301493943Z: [    0.000000] Hierarchical RCU implementation.
[STDERR  ] 2017-10-13T15:20:51.301503316Z: [    0.000000] 	Build-time adjustment of leaf fanout to 64.
[STDERR  ] 2017-10-13T15:20:51.301527925Z: [    0.000000] 	RCU restricting CPUs from NR_CPUS=128 to nr_cpu_ids=1.
[STDERR  ] 2017-10-13T15:20:51.301539303Z: [    0.000000] RCU: Adjusting geometry for rcu_fanout_leaf=64, nr_cpu_ids=1
[STDERR  ] 2017-10-13T15:20:51.301545513Z: [    0.000000] NR_IRQS:8448 nr_irqs:256 16
[STDERR  ] 2017-10-13T15:20:51.301555278Z: [    0.000000] Console: colour VGA+ 80x25
[STDERR  ] 2017-10-13T15:20:51.301563262Z: [    0.000000] console [ttyS0] enabled
[STDERR  ] 2017-10-13T15:20:51.301568549Z: [    0.000000] clocksource: hpet: mask: 0xffffffff max_cycles: 0xffffffff, max_idle_ns: 19112604467 ns
[STDERR  ] 2017-10-13T15:20:51.301574093Z: [    0.000000] tsc: Fast TSC calibration using PIT
[STDERR  ] 2017-10-13T15:20:51.301579522Z: [    0.000000] tsc: Detected 2600.026 MHz processor
[STDERR  ] 2017-10-13T15:20:51.301588109Z: [    0.022227] Calibrating delay loop (skipped), value calculated using timer frequency.. 5200.05 BogoMIPS (lpj=26000260)
[STDERR  ] 2017-10-13T15:20:51.301606978Z: [    0.023575] pid_max: default: 32768 minimum: 301
[STDERR  ] 2017-10-13T15:20:51.301616596Z: [    0.024916] ACPI: Core revision 20160831
[STDERR  ] 2017-10-13T15:20:51.30162662Z: [    0.071483] ACPI: 1 ACPI AML tables successfully acquired and loaded
[STDERR  ] 2017-10-13T15:20:51.301636295Z: [    0.076414] Security Framework initialized
[STDERR  ] 2017-10-13T15:20:51.301648032Z: [    0.076849] Yama: becoming mindful.
[STDERR  ] 2017-10-13T15:20:51.301653489Z: [    0.078964] Mount-cache hash table entries: 2048 (order: 2, 16384 bytes)
[STDERR  ] 2017-10-13T15:20:51.30165977Z: [    0.079565] Mountpoint-cache hash table entries: 2048 (order: 2, 16384 bytes)
[STDERR  ] 2017-10-13T15:20:51.301665903Z: [    0.098947] Last level iTLB entries: 4KB 0, 2MB 0, 4MB 0
[STDERR  ] 2017-10-13T15:20:51.301671909Z: [    0.099498] Last level dTLB entries: 4KB 0, 2MB 0, 4MB 0, 1GB 0
[STDERR  ] 2017-10-13T15:20:51.301679382Z: [    0.395369] Freeing SMP alternatives memory: 20K
[STDERR  ] 2017-10-13T15:20:51.301685001Z: [    0.405766] ftrace: allocating 35528 entries in 139 pages
[STDERR  ] 2017-10-13T15:20:51.301694465Z: [    0.571008] smpboot: Max logical packages: 1
[STDERR  ] 2017-10-13T15:20:51.301703878Z: [    0.578202] ..TIMER: vector=0x30 apic1=0 pin1=2 apic2=-1 pin2=-1
[STDERR  ] 2017-10-13T15:20:51.301713771Z: [    0.680000] smpboot: CPU0: AMD QEMU Virtual CPU version 2.5+ (family: 0x6, model: 0x6, stepping: 0x3)
[STDERR  ] 2017-10-13T15:20:51.301723081Z: [    0.680000] Performance Events: PMU not available due to virtualization, using software events only.
[STDERR  ] 2017-10-13T15:20:51.301732115Z: [    0.688830] NMI watchdog: disabled (cpu0): hardware events not enabled
[STDERR  ] 2017-10-13T15:20:51.301739751Z: [    0.689364] NMI watchdog: Shutting down hard lockup detector on all cpus
[STDERR  ] 2017-10-13T15:20:51.301745662Z: [    0.693517] x86: Booted up 1 node, 1 CPUs
[STDERR  ] 2017-10-13T15:20:51.301751237Z: [    0.693976] smpboot: Total of 1 processors activated (5200.05 BogoMIPS)
[STDERR  ] 2017-10-13T15:20:51.301756568Z: [    0.707918] devtmpfs: initialized
[STDERR  ] 2017-10-13T15:20:51.301762377Z: [    0.714828] x86/mm: Memory block size: 128MB
[STDERR  ] 2017-10-13T15:20:51.301767851Z: [    0.775199] clocksource: jiffies: mask: 0xffffffff max_cycles: 0xffffffff, max_idle_ns: 19112604462750000 ns
[STDERR  ] 2017-10-13T15:20:51.301773584Z: [    0.776204] futex hash table entries: 256 (order: 2, 16384 bytes)
[STDERR  ] 2017-10-13T15:20:51.301787061Z: [    0.786638] NET: Registered protocol family 16
[STDERR  ] 2017-10-13T15:20:51.301798148Z: [    0.796022] cpuidle: using governor ladder
[STDERR  ] 2017-10-13T15:20:51.301807217Z: [    0.796417] cpuidle: using governor menu
[STDERR  ] 2017-10-13T15:20:51.301816295Z: [    0.797615] ACPI: bus type PCI registered
[STDERR  ] 2017-10-13T15:20:51.301825128Z: [    0.800603] PCI: MMCONFIG for domain 0000 [bus 00-ff] at [mem 0xb0000000-0xbfffffff] (base 0xb0000000)
[STDERR  ] 2017-10-13T15:20:51.301834299Z: [    0.801373] PCI: MMCONFIG at [mem 0xb0000000-0xbfffffff] reserved in E820
[STDERR  ] 2017-10-13T15:20:51.301842237Z: [    0.802861] PCI: Using configuration type 1 for base access
[STDERR  ] 2017-10-13T15:20:51.301848229Z: [    0.858905] HugeTLB registered 2 MB page size, pre-allocated 0 pages
[STDERR  ] 2017-10-13T15:20:51.301853649Z: [    0.871190] ACPI: Added _OSI(Module Device)
[STDERR  ] 2017-10-13T15:20:51.301865307Z: [    0.871576] ACPI: Added _OSI(Processor Device)
[STDERR  ] 2017-10-13T15:20:51.301875885Z: [    0.871905] ACPI: Added _OSI(3.0 _SCP Extensions)
[STDERR  ] 2017-10-13T15:20:51.301888454Z: [    0.872209] ACPI: Added _OSI(Processor Aggregator Device)
[STDERR  ] 2017-10-13T15:20:51.301898019Z: [    0.944276] ACPI: Interpreter enabled
[STDERR  ] 2017-10-13T15:20:51.301907181Z: [    0.945297] ACPI: (supports S0 S5)
[STDERR  ] 2017-10-13T15:20:51.301920817Z: [    0.945654] ACPI: Using IOAPIC for interrupt routing
[STDERR  ] 2017-10-13T15:20:51.301930907Z: [    0.948425] PCI: Using host bridge windows from ACPI; if necessary, use "pci=nocrs" and report a bug
[STDERR  ] 2017-10-13T15:20:51.301940259Z: [    1.013007] ACPI: PCI Root Bridge [PCI0] (domain 0000 [bus 00-ff])
[STDERR  ] 2017-10-13T15:20:51.301949812Z: [    1.014158] acpi PNP0A08:00: _OSC: OS supports [ExtendedConfig ASPM ClockPM Segments MSI]
[STDERR  ] 2017-10-13T15:20:51.301962832Z: [    1.021082] acpi PNP0A08:00: _OSC: OS now controls [PCIeHotplug PME PCIeCapability]
[STDERR  ] 2017-10-13T15:20:51.301972051Z: [    1.024776] PCI host bridge to bus 0000:00
[STDERR  ] 2017-10-13T15:20:51.301983409Z: [    1.025252] pci_bus 0000:00: root bus resource [io  0x0000-0x0cf7 window]
[STDERR  ] 2017-10-13T15:20:51.301992782Z: [    1.025762] pci_bus 0000:00: root bus resource [io  0x0d00-0xffff window]
[STDERR  ] 2017-10-13T15:20:51.302001889Z: [    1.026263] pci_bus 0000:00: root bus resource [mem 0x000a0000-0x000bffff window]
[STDERR  ] 2017-10-13T15:20:51.302011277Z: [    1.026727] pci_bus 0000:00: root bus resource [mem 0xc0000000-0xfebfffff window]
[STDERR  ] 2017-10-13T15:20:51.302020358Z: [    1.027435] pci_bus 0000:00: root bus resource [bus 00-ff]
[STDERR  ] 2017-10-13T15:20:51.302029777Z: [    1.132480] pci 0000:00:1f.0: quirk: [io  0x0600-0x067f] claimed by ICH6 ACPI/GPIO/TCO
[STDERR  ] 2017-10-13T15:20:51.302039544Z: [    1.196666] ACPI: PCI Interrupt Link [LNKA] (IRQs 5 *10 11)
[STDERR  ] 2017-10-13T15:20:51.30204898Z: [    1.199624] ACPI: PCI Interrupt Link [LNKB] (IRQs 5 *10 11)
[STDERR  ] 2017-10-13T15:20:51.302060603Z: [    1.201738] ACPI: PCI Interrupt Link [LNKC] (IRQs 5 10 *11)
[STDERR  ] 2017-10-13T15:20:51.302069754Z: [    1.203695] ACPI: PCI Interrupt Link [LNKD] (IRQs 5 10 *11)
[STDERR  ] 2017-10-13T15:20:51.302078688Z: [    1.205586] ACPI: PCI Interrupt Link [LNKE] (IRQs 5 *10 11)
[STDERR  ] 2017-10-13T15:20:51.302087637Z: [    1.207461] ACPI: PCI Interrupt Link [LNKF] (IRQs 5 *10 11)
[STDERR  ] 2017-10-13T15:20:51.302096674Z: [    1.210287] ACPI: PCI Interrupt Link [LNKG] (IRQs 5 10 *11)
[STDERR  ] 2017-10-13T15:20:51.302105811Z: [    1.212172] ACPI: PCI Interrupt Link [LNKH] (IRQs 5 10 *11)
[STDERR  ] 2017-10-13T15:20:51.302115691Z: [    1.213126] ACPI: PCI Interrupt Link [GSIA] (IRQs *16)
[STDERR  ] 2017-10-13T15:20:51.30212515Z: [    1.213877] ACPI: PCI Interrupt Link [GSIB] (IRQs *17)
[STDERR  ] 2017-10-13T15:20:51.302134203Z: [    1.214703] ACPI: PCI Interrupt Link [GSIC] (IRQs *18)
[STDERR  ] 2017-10-13T15:20:51.302143316Z: [    1.215403] ACPI: PCI Interrupt Link [GSID] (IRQs *19)
[STDERR  ] 2017-10-13T15:20:51.302152926Z: [    1.216198] ACPI: PCI Interrupt Link [GSIE] (IRQs *20)
[STDERR  ] 2017-10-13T15:20:51.30216209Z: [    1.217029] ACPI: PCI Interrupt Link [GSIF] (IRQs *21)
[STDERR  ] 2017-10-13T15:20:51.302171311Z: [    1.217764] ACPI: PCI Interrupt Link [GSIG] (IRQs *22)
[STDERR  ] 2017-10-13T15:20:51.302180128Z: [    1.218520] ACPI: PCI Interrupt Link [GSIH] (IRQs *23)
[STDERR  ] 2017-10-13T15:20:51.302189568Z: [    1.222368] ACPI: Enabled 2 GPEs in block 00 to 3F
[STDERR  ] 2017-10-13T15:20:51.30219894Z: [    1.226713] SCSI subsystem initialized
[STDERR  ] 2017-10-13T15:20:51.302208017Z: [    1.228678] ACPI: bus type USB registered
[STDERR  ] 2017-10-13T15:20:51.3022171Z: [    1.229824] usbcore: registered new interface driver usbfs
[STDERR  ] 2017-10-13T15:20:51.302226134Z: [    1.230664] usbcore: registered new interface driver hub
[STDERR  ] 2017-10-13T15:20:51.302235263Z: [    1.231546] usbcore: registered new device driver usb
[STDERR  ] 2017-10-13T15:20:51.302251626Z: [    1.232764] pps_core: LinuxPPS API ver. 1 registered
[STDERR  ] 2017-10-13T15:20:51.302260878Z: [    1.233125] pps_core: Software ver. 5.3.6 - Copyright 2005-2007 Rodolfo Giometti <giometti@linux.it>
[STDERR  ] 2017-10-13T15:20:51.302273954Z: [    1.233899] PTP clock support registered
[STDERR  ] 2017-10-13T15:20:51.302283301Z: [    1.235145] wmi: Mapper loaded
[STDERR  ] 2017-10-13T15:20:51.302297346Z: [    1.236405] PCI: Using ACPI for IRQ routing
[STDERR  ] 2017-10-13T15:20:51.30230648Z: [    1.255651] NetLabel: Initializing
[STDERR  ] 2017-10-13T15:20:51.302315594Z: [    1.255999] NetLabel:  domain hash size = 128
[STDERR  ] 2017-10-13T15:20:51.302324647Z: [    1.256365] NetLabel:  protocols = UNLABELED CIPSOv4
[STDERR  ] 2017-10-13T15:20:51.302333536Z: [    1.259127] NetLabel:  unlabeled traffic allowed by default
[STDERR  ] 2017-10-13T15:20:51.302343013Z: [    1.260555] HPET: 3 timers in total, 0 timers will be used for per-cpu timer
[STDERR  ] 2017-10-13T15:20:51.30235269Z: [    1.261438] hpet0: at MMIO 0xfed00000, IRQs 2, 8, 0
[STDERR  ] 2017-10-13T15:20:51.302361843Z: [    1.262068] hpet0: 3 comparators, 64-bit 100.000000 MHz counter
[STDERR  ] 2017-10-13T15:20:51.30237086Z: [    1.269346] clocksource: Switched to clocksource hpet
[STDERR  ] 2017-10-13T15:20:51.302379666Z: [    1.527674] VFS: Disk quotas dquot_6.6.0
[STDERR  ] 2017-10-13T15:20:51.302388617Z: [    1.528692] VFS: Dquot-cache hash table entries: 512 (order 0, 4096 bytes)
[STDERR  ] 2017-10-13T15:20:51.302397676Z: [    1.532771] FS-Cache: Loaded
[STDERR  ] 2017-10-13T15:20:51.302406886Z: [    1.537695] CacheFiles: Loaded
[STDERR  ] 2017-10-13T15:20:51.302418202Z: [    1.539362] pnp: PnP ACPI init
[STDERR  ] 2017-10-13T15:20:51.302431085Z: [    1.551311] pnp: PnP ACPI: found 5 devices
[STDERR  ] 2017-10-13T15:20:51.302440329Z: [    1.603293] clocksource: acpi_pm: mask: 0xffffff max_cycles: 0xffffff, max_idle_ns: 2085701024 ns
[STDERR  ] 2017-10-13T15:20:51.302449492Z: [    1.607523] NET: Registered protocol family 2
[STDERR  ] 2017-10-13T15:20:51.302458482Z: [    1.615105] TCP established hash table entries: 8192 (order: 4, 65536 bytes)
[STDERR  ] 2017-10-13T15:20:51.302467547Z: [    1.615875] TCP bind hash table entries: 8192 (order: 5, 131072 bytes)
[STDERR  ] 2017-10-13T15:20:51.302476712Z: [    1.616675] TCP: Hash tables configured (established 8192 bind 8192)
[STDERR  ] 2017-10-13T15:20:51.302488192Z: [    1.618548] UDP hash table entries: 512 (order: 2, 16384 bytes)
[STDERR  ] 2017-10-13T15:20:51.302497692Z: [    1.619194] UDP-Lite hash table entries: 512 (order: 2, 16384 bytes)
[STDERR  ] 2017-10-13T15:20:51.302508076Z: [    1.621797] NET: Registered protocol family 1
[STDERR  ] 2017-10-13T15:20:51.302517162Z: [    1.622761] pci 0000:00:01.0: Video device with shadowed ROM at [mem 0x000c0000-0x000dffff]
[STDERR  ] 2017-10-13T15:20:51.30252644Z: [    1.629582] Unpacking initramfs...
[STDERR  ] 2017-10-13T15:20:51.302535736Z: [   11.860833] Freeing initrd memory: 48220K
[STDERR  ] 2017-10-13T15:20:51.302544923Z: [   11.886787] PCLMULQDQ-NI instructions are not detected.
[STDERR  ] 2017-10-13T15:20:51.302553912Z: [   11.888371] AVX or AES-NI instructions are not detected.
[STDERR  ] 2017-10-13T15:20:51.302563036Z: [   11.888939] CPU feature 'AVX registers' is not supported.
[STDERR  ] 2017-10-13T15:20:51.3025722Z: [   11.889425] CPU feature 'AVX registers' is not supported.
[STDERR  ] 2017-10-13T15:20:51.302581996Z: [   11.889892] CPU feature 'AVX registers' is not supported.
[STDERR  ] 2017-10-13T15:20:51.302591009Z: [   11.890876] CPU feature 'AVX registers' is not supported.
[STDERR  ] 2017-10-13T15:20:51.30260011Z: [   11.891374] AVX2 or AES-NI instructions are not detected.
[STDERR  ] 2017-10-13T15:20:51.302609227Z: [   11.891828] AVX2 instructions are not detected.
[STDERR  ] 2017-10-13T15:20:51.302618295Z: [   11.897494] audit: initializing netlink subsys (disabled)
[STDERR  ] 2017-10-13T15:20:51.302627179Z: [   11.899370] audit: type=2000 audit(1507907996.890:1): initialized
[STDERR  ] 2017-10-13T15:20:51.302647742Z: [   11.907626] workingset: timestamp_bits=46 max_order=18 bucket_order=0
[STDERR  ] 2017-10-13T15:20:51.302658663Z: [   11.914680] FS-Cache: Netfs 'cifs' registered for caching
[STDERR  ] 2017-10-13T15:20:51.302667943Z: [   11.915684] fuse init (API version 7.26)
[STDERR  ] 2017-10-13T15:20:51.30267691Z: [   11.918021] SGI XFS with ACLs, security attributes, no debug enabled
[STDERR  ] 2017-10-13T15:20:51.302686325Z: [   11.924819] 9p: Installing v9fs 9p2000 file system support
[STDERR  ] 2017-10-13T15:20:51.302703514Z: [   11.925217] FS-Cache: Netfs '9p' registered for caching
[STDERR  ] 2017-10-13T15:20:51.302712702Z: [   11.959093] NET: Registered protocol family 38
[STDERR  ] 2017-10-13T15:20:51.302721514Z: [   11.959816] Key type asymmetric registered
[STDERR  ] 2017-10-13T15:20:51.302731432Z: [   11.961683] Asymmetric key parser 'x509' registered
[STDERR  ] 2017-10-13T15:20:51.302740848Z: [   11.962847] Block layer SCSI generic (bsg) driver version 0.4 loaded (major 251)
[STDERR  ] 2017-10-13T15:20:51.302750276Z: [   11.964437] io scheduler noop registered
[STDERR  ] 2017-10-13T15:20:51.302759349Z: [   11.964795] io scheduler deadline registered (default)
[STDERR  ] 2017-10-13T15:20:51.302768378Z: [   11.965744] io scheduler cfq registered
[STDERR  ] 2017-10-13T15:20:51.302777395Z: [   11.968373] pci_hotplug: PCI Hot Plug PCI Core version: 0.5
[STDERR  ] 2017-10-13T15:20:51.302786478Z: [   11.969034] pciehp: PCI Express Hot Plug Controller Driver version: 0.4
[STDERR  ] 2017-10-13T15:20:51.302795745Z: [   11.969888] shpchp: Standard Hot Plug PCI Controller Driver version: 0.4
[STDERR  ] 2017-10-13T15:20:51.302804831Z: [   11.971685] hv_vmbus: registering driver hyperv_fb
[STDERR  ] 2017-10-13T15:20:51.302814336Z: [   11.974872] input: Power Button as /devices/LNXSYSTM:00/LNXPWRBN:00/input/input0
[STDERR  ] 2017-10-13T15:20:51.302823478Z: [   11.976033] ACPI: Power Button [PWRF]
[STDERR  ] 2017-10-13T15:20:51.302832376Z: [   11.981820] GHES: HEST is not enabled!
[STDERR  ] 2017-10-13T15:20:51.302841445Z: [   11.993055] ACPI: PCI Interrupt Link [GSIG] enabled at IRQ 22
[STDERR  ] 2017-10-13T15:20:51.302850402Z: [   12.005810] ACPI: PCI Interrupt Link [GSIH] enabled at IRQ 23
[STDERR  ] 2017-10-13T15:20:51.302859552Z: [   12.012079] xenfs: not registering filesystem on non-xen platform
[STDERR  ] 2017-10-13T15:20:51.302868571Z: [   12.014104] Serial: 8250/16550 driver, 4 ports, IRQ sharing disabled
[STDERR  ] 2017-10-13T15:20:51.302878002Z: [   12.039014] 00:04: ttyS0 at I/O 0x3f8 (irq = 4, base_baud = 115200) is a 16550A
[STDERR  ] 2017-10-13T15:20:51.302888116Z: [   12.051340] Non-volatile memory driver v1.3
[STDERR  ] 2017-10-13T15:20:51.302902788Z: [   12.057401] Hangcheck: starting hangcheck timer 0.9.1 (tick is 180 seconds, margin is 60 seconds).
[STDERR  ] 2017-10-13T15:20:51.302912092Z: [   12.095933] loop: module loaded
[STDERR  ] 2017-10-13T15:20:51.302921512Z: [   12.113390] nbd: registered device at major 43
[STDERR  ] 2017-10-13T15:20:51.302930501Z: [   12.157369] lpc_ich 0000:00:1f.0: I/O space for GPIO uninitialized
[STDERR  ] 2017-10-13T15:20:51.302939981Z: [   12.159885] VMware PVSCSI driver - version 1.0.7.0-k
[STDERR  ] 2017-10-13T15:20:51.302949058Z: [   12.161345] hv_vmbus: registering driver hv_storvsc
[STDERR  ] 2017-10-13T15:20:51.302958366Z: [   12.171910] ACPI: PCI Interrupt Link [GSIA] enabled at IRQ 16
[STDERR  ] 2017-10-13T15:20:51.302968098Z: [   12.178058] ahci 0000:00:1f.2: AHCI 0001.0000 32 slots 6 ports 1.5 Gbps 0x3f impl SATA mode
[STDERR  ] 2017-10-13T15:20:51.302977454Z: [   12.178862] ahci 0000:00:1f.2: flags: 64bit ncq only 
[STDERR  ] 2017-10-13T15:20:51.302986284Z: [   12.200128] scsi host0: ahci
[STDERR  ] 2017-10-13T15:20:51.302995611Z: [   12.205646] scsi host1: ahci
[STDERR  ] 2017-10-13T15:20:51.303004826Z: [   12.208030] scsi host2: ahci
[STDERR  ] 2017-10-13T15:20:51.303013884Z: [   12.210473] scsi host3: ahci
[STDERR  ] 2017-10-13T15:20:51.303022701Z: [   12.213841] scsi host4: ahci
[STDERR  ] 2017-10-13T15:20:51.303039967Z: [   12.216183] scsi host5: ahci
[STDERR  ] 2017-10-13T15:20:51.303049911Z: [   12.218044] ata1: SATA max UDMA/133 abar m4096@0xfebd2000 port 0xfebd2100 irq 24
[STDERR  ] 2017-10-13T15:20:51.303059581Z: [   12.218641] ata2: SATA max UDMA/133 abar m4096@0xfebd2000 port 0xfebd2180 irq 24
[STDERR  ] 2017-10-13T15:20:51.303068605Z: [   12.219151] ata3: SATA max UDMA/133 abar m4096@0xfebd2000 port 0xfebd2200 irq 24
[STDERR  ] 2017-10-13T15:20:51.30307968Z: [   12.219685] ata4: SATA max UDMA/133 abar m4096@0xfebd2000 port 0xfebd2280 irq 24
[STDERR  ] 2017-10-13T15:20:51.303093427Z: [   12.220573] ata5: SATA max UDMA/133 abar m4096@0xfebd2000 port 0xfebd2300 irq 24
[STDERR  ] 2017-10-13T15:20:51.303103507Z: [   12.221011] ata6: SATA max UDMA/133 abar m4096@0xfebd2000 port 0xfebd2380 irq 24
[STDERR  ] 2017-10-13T15:20:51.303112915Z: [   12.234285] tun: Universal TUN/TAP device driver, 1.6
[STDERR  ] 2017-10-13T15:20:51.303126208Z: [   12.234736] tun: (C) 1999-2004 Max Krasnyansky <maxk@qualcomm.com>
[STDERR  ] 2017-10-13T15:20:51.303135401Z: [   12.245756] VMware vmxnet3 virtual NIC driver - version 1.4.a.0-k-NAPI
[STDERR  ] 2017-10-13T15:20:51.30314501Z: [   12.246964] hv_vmbus: registering driver hv_netvsc
[STDERR  ] 2017-10-13T15:20:51.303154027Z: [   12.247391] Fusion MPT base driver 3.04.20
[STDERR  ] 2017-10-13T15:20:51.303163191Z: [   12.247728] Copyright (c) 1999-2008 LSI Corporation
[STDERR  ] 2017-10-13T15:20:51.30317221Z: [   12.248409] Fusion MPT SPI Host driver 3.04.20
[STDERR  ] 2017-10-13T15:20:51.303181341Z: [   12.251548] i8042: PNP: PS/2 Controller [PNP0303:KBD,PNP0f13:MOU] at 0x60,0x64 irq 1,12
[STDERR  ] 2017-10-13T15:20:51.303190495Z: [   12.256042] serio: i8042 KBD port at 0x60,0x64 irq 1
[STDERR  ] 2017-10-13T15:20:51.3032005Z: [   12.256729] serio: i8042 AUX port at 0x60,0x64 irq 12
[STDERR  ] 2017-10-13T15:20:51.303209768Z: [   12.261474] hv_vmbus: registering driver hyperv_keyboard
[STDERR  ] 2017-10-13T15:20:51.303218917Z: [   12.263771] mousedev: PS/2 mouse device common for all mice
[STDERR  ] 2017-10-13T15:20:51.303230984Z: [   12.268466] input: AT Translated Set 2 keyboard as /devices/platform/i8042/serio0/input/input1
[STDERR  ] 2017-10-13T15:20:51.303240273Z: [   12.271812] input: PC Speaker as /devices/platform/pcspkr/input/input2
[STDERR  ] 2017-10-13T15:20:51.303249973Z: [   12.275334] rtc_cmos 00:00: RTC can wake from S4
[STDERR  ] 2017-10-13T15:20:51.303258995Z: [   12.278552] rtc_cmos 00:00: rtc core: registered rtc_cmos as rtc0
[STDERR  ] 2017-10-13T15:20:51.303267874Z: [   12.279981] rtc_cmos 00:00: alarms up to one day, y3k, 114 bytes nvram, hpet irqs
[STDERR  ] 2017-10-13T15:20:51.303278107Z: [   12.281300] i2c /dev entries driver
[STDERR  ] 2017-10-13T15:20:51.303287213Z: [   12.283362] device-mapper: ioctl: 4.35.0-ioctl (2016-06-23) initialised: dm-devel@redhat.com
[STDERR  ] 2017-10-13T15:20:51.30329645Z: [   12.287915] usbcore: registered new interface driver usbhid
[STDERR  ] 2017-10-13T15:20:51.303305505Z: [   12.288291] usbhid: USB HID core driver
[STDERR  ] 2017-10-13T15:20:51.303314647Z: [   12.288996] hv_utils: Registering HyperV Utility Driver
[STDERR  ] 2017-10-13T15:20:51.303325451Z: [   12.289328] hv_vmbus: registering driver hv_util
[STDERR  ] 2017-10-13T15:20:51.303334815Z: [   12.289658] hv_vmbus: registering driver hv_balloon
[STDERR  ] 2017-10-13T15:20:51.303345134Z: [   12.290600] oprofile: using NMI interrupt.
[STDERR  ] 2017-10-13T15:20:51.303354941Z: [   12.291758] GACT probability on
[STDERR  ] 2017-10-13T15:20:51.303363907Z: [   12.292269] Mirror/redirect action on
[STDERR  ] 2017-10-13T15:20:51.30337309Z: [   12.293107] Simple TC action Loaded
[STDERR  ] 2017-10-13T15:20:51.303381884Z: [   12.293671] u32 classifier
[STDERR  ] 2017-10-13T15:20:51.30339097Z: [   12.293847]     Performance counters on
[STDERR  ] 2017-10-13T15:20:51.303400654Z: [   12.294130]     input device check on
[STDERR  ] 2017-10-13T15:20:51.303409749Z: [   12.294405]     Actions configured
[STDERR  ] 2017-10-13T15:20:51.303418759Z: [   12.295144] Netfilter messages via NETLINK v0.30.
[STDERR  ] 2017-10-13T15:20:51.3034338Z: [   12.296095] nfnl_acct: registering with nfnetlink.
[STDERR  ] 2017-10-13T15:20:51.303443594Z: [   12.297439] nf_conntrack version 0.5.0 (8192 buckets, 32768 max)
[STDERR  ] 2017-10-13T15:20:51.303452922Z: [   12.300832] ctnetlink v0.93: registering with nfnetlink.
[STDERR  ] 2017-10-13T15:20:51.303461817Z: [   12.303936] nf_tables: (c) 2007-2009 Patrick McHardy <kaber@trash.net>
[STDERR  ] 2017-10-13T15:20:51.303471297Z: [   12.304783] nf_tables_compat: (c) 2012 Pablo Neira Ayuso <pablo@netfilter.org>
[STDERR  ] 2017-10-13T15:20:51.303484916Z: [   12.307216] xt_time: kernel timezone is -0000
[STDERR  ] 2017-10-13T15:20:51.303494143Z: [   12.307822] ip_set: protocol 6
[STDERR  ] 2017-10-13T15:20:51.30350324Z: [   12.308522] IPVS: Registered protocols (TCP, UDP, SCTP, AH, ESP)
[STDERR  ] 2017-10-13T15:20:51.303512797Z: [   12.309207] IPVS: Connection hash table configured (size=4096, memory=64Kbytes)
[STDERR  ] 2017-10-13T15:20:51.303522173Z: [   12.311504] IPVS: Creating netns size=2104 id=0
[STDERR  ] 2017-10-13T15:20:51.303536073Z: [   12.314222] IPVS: ipvs loaded.
[STDERR  ] 2017-10-13T15:20:51.303545287Z: [   12.314641] IPVS: [rr] scheduler registered.
[STDERR  ] 2017-10-13T15:20:51.303554322Z: [   12.315002] IPVS: [wrr] scheduler registered.
[STDERR  ] 2017-10-13T15:20:51.303563297Z: [   12.315319] IPVS: [lc] scheduler registered.
[STDERR  ] 2017-10-13T15:20:51.303572297Z: [   12.315629] IPVS: [wlc] scheduler registered.
[STDERR  ] 2017-10-13T15:20:51.303581544Z: [   12.315933] IPVS: [fo] scheduler registered.
[STDERR  ] 2017-10-13T15:20:51.30359125Z: [   12.316189] IPVS: [ovf] scheduler registered.
[STDERR  ] 2017-10-13T15:20:51.303600223Z: [   12.316667] IPVS: [lblc] scheduler registered.
[STDERR  ] 2017-10-13T15:20:51.303609409Z: [   12.317121] IPVS: [lblcr] scheduler registered.
[STDERR  ] 2017-10-13T15:20:51.303618432Z: [   12.317467] IPVS: [dh] scheduler registered.
[STDERR  ] 2017-10-13T15:20:51.303627409Z: [   12.317788] IPVS: [sh] scheduler registered.
[STDERR  ] 2017-10-13T15:20:51.303636317Z: [   12.318062] IPVS: [sed] scheduler registered.
[STDERR  ] 2017-10-13T15:20:51.303650844Z: [   12.318344] IPVS: [nq] scheduler registered.
[STDERR  ] 2017-10-13T15:20:51.303660296Z: [   12.319114] IPVS: ftp: loaded support on port[0] = 21
[STDERR  ] 2017-10-13T15:20:51.303669887Z: [   12.320520] ipip: IPv4 and MPLS over IPv4 tunneling driver
[STDERR  ] 2017-10-13T15:20:51.303678813Z: [   12.324867] gre: GRE over IPv4 demultiplexor driver
[STDERR  ] 2017-10-13T15:20:51.303688204Z: [   12.327599] ip_tables: (C) 2000-2006 Netfilter Core Team
[STDERR  ] 2017-10-13T15:20:51.303697153Z: [   12.331385] ipt_CLUSTERIP: ClusterIP Version 0.8 loaded successfully
[STDERR  ] 2017-10-13T15:20:51.303706711Z: [   12.332268] arp_tables: arp_tables: (C) 2002 David S. Miller
[STDERR  ] 2017-10-13T15:20:51.303715688Z: [   12.334591] NET: Registered protocol family 10
[STDERR  ] 2017-10-13T15:20:51.303724885Z: [   12.344391] ip6_tables: (C) 2000-2006 Netfilter Core Team
[STDERR  ] 2017-10-13T15:20:51.303734121Z: [   12.353058] NET: Registered protocol family 17
[STDERR  ] 2017-10-13T15:20:51.303743708Z: [   12.354115] Bridge firewalling registered
[STDERR  ] 2017-10-13T15:20:51.303752739Z: [   12.354653] Ebtables v2.0 registered
[STDERR  ] 2017-10-13T15:20:51.303764429Z: [   12.356527] 8021q: 802.1Q VLAN Support v1.8
[STDERR  ] 2017-10-13T15:20:51.303773619Z: [   12.358145] 9pnet: Installing 9P2000 support
[STDERR  ] 2017-10-13T15:20:51.303782519Z: [   12.359634] Key type dns_resolver registered
[STDERR  ] 2017-10-13T15:20:51.303791496Z: [   12.361043] microcode: AMD CPU family 0x6 not supported
[STDERR  ] 2017-10-13T15:20:51.303800649Z: [   12.364836] registered taskstats version 1
[STDERR  ] 2017-10-13T15:20:51.303809559Z: [   12.553994] ata2: SATA link up 1.5 Gbps (SStatus 113 SControl 300)
[STDERR  ] 2017-10-13T15:20:51.303819613Z: [   12.559857] ata2.00: ATA-7: QEMU HARDDISK, 2.5+, max UDMA/100
[STDERR  ] 2017-10-13T15:20:51.303828708Z: [   12.560803] ata2.00: 1048576 sectors, multi 16: LBA48 NCQ (depth 31/32)
[STDERR  ] 2017-10-13T15:20:51.303842658Z: [   12.561415] ata2.00: applying bridge limits
[STDERR  ] 2017-10-13T15:20:51.303851913Z: [   12.562892] ata6: SATA link down (SStatus 0 SControl 300)
[STDERR  ] 2017-10-13T15:20:51.303861052Z: [   12.564312] ata5: SATA link down (SStatus 0 SControl 300)
[STDERR  ] 2017-10-13T15:20:51.303869905Z: [   12.564878] ata4: SATA link down (SStatus 0 SControl 300)
[STDERR  ] 2017-10-13T15:20:51.303881163Z: [   12.565527] ata3: SATA link up 1.5 Gbps (SStatus 113 SControl 300)
[STDERR  ] 2017-10-13T15:20:51.303896249Z: [   12.566543] ata3.00: ATAPI: QEMU DVD-ROM, 2.5+, max UDMA/100
[STDERR  ] 2017-10-13T15:20:51.303905659Z: [   12.567094] ata3.00: applying bridge limits
[STDERR  ] 2017-10-13T15:20:51.303917342Z: [   12.568281] ata3.00: configured for UDMA/100
[STDERR  ] 2017-10-13T15:20:51.303926422Z: [   12.570326] ata1: SATA link up 1.5 Gbps (SStatus 113 SControl 300)
[STDERR  ] 2017-10-13T15:20:51.303935749Z: [   12.570938] ata1.00: ATA-7: QEMU HARDDISK, 2.5+, max UDMA/100
[STDERR  ] 2017-10-13T15:20:51.303944746Z: [   12.571368] ata1.00: 1048576 sectors, multi 16: LBA48 NCQ (depth 31/32)
[STDERR  ] 2017-10-13T15:20:51.303954681Z: [   12.571814] ata1.00: applying bridge limits
[STDERR  ] 2017-10-13T15:20:51.303963553Z: [   12.572484] ata1.00: configured for UDMA/100
[STDERR  ] 2017-10-13T15:20:51.303973156Z: [   12.589225] ata2.00: configured for UDMA/100
[STDERR  ] 2017-10-13T15:20:51.303982336Z: [   12.590962] scsi 0:0:0:0: Direct-Access     ATA      QEMU HARDDISK    2.5+ PQ: 0 ANSI: 5
