[INFO    ] 2017-09-13T20:52:18.250006674Z: Running Test linuxkit.kernel.config_4.4.x in /tmp/build/test/cases/020_kernel/000_config_4.4.x
[INFO    ] 2017-09-13T20:52:18.250100894Z: Running command: [/bin/sh -x /tmp/build/test/cases/020_kernel/000_config_4.4.x/test.sh]
[STDERR  ] 2017-09-13T20:52:18.250878715Z: + set -e
[STDERR  ] 2017-09-13T20:52:18.250952251Z: + . /tmp/build/test/cases/_lib/lib.sh
[STDERR  ] 2017-09-13T20:52:18.25103262Z: + [ -f src/github.com/linuxkit/rtf/lib/lib.sh ]
[STDERR  ] 2017-09-13T20:52:18.25107834Z: + LINUXKIT_TMPDIR=/tmp/build/test/cases/_tmp
[STDERR  ] 2017-09-13T20:52:18.251133517Z: + [ -f /tmp/build/test/cases/_tmp/env.sh ]
[STDERR  ] 2017-09-13T20:52:18.25117146Z: + . /tmp/build/test/cases/_tmp/env.sh
[STDERR  ] 2017-09-13T20:52:18.251220377Z: + export LINUXKIT_EXAMPLES_DIR=/tmp/build/test/cases/../../examples
[STDERR  ] 2017-09-13T20:52:18.251258202Z: + export LINUXKIT_BLUEPRINTS_DIR=/tmp/build/test/cases/../../blueprints
[STDERR  ] 2017-09-13T20:52:18.25129496Z: + RT_CANCEL=253
[STDERR  ] 2017-09-13T20:52:18.251338738Z: + trap clean_up EXIT
[STDERR  ] 2017-09-13T20:52:18.251387867Z: + moby build -format kernel+initrd test-kernel-config.yml
[STDERR  ] 2017-09-13T20:52:18.282173028Z: Extract kernel image: linuxkit/kernel:4.4.87
[STDERR  ] 2017-09-13T20:52:20.665936179Z: Pull image: docker.io/linuxkit/kernel:4.4.87@sha256:0d8d661fa2056a2a9e80d50d5510f2af27ef9e4ed4c85ac7fe939badce3e9ba6
[STDERR  ] 2017-09-13T20:52:31.293039021Z: Add init containers:
[STDERR  ] 2017-09-13T20:52:31.293142272Z: Process init image: linuxkit/init:79973d34faf7d4654462f3408c5eb00befaf03b8
[STDERR  ] 2017-09-13T20:52:32.588296104Z: Process init image: linuxkit/runc:a1b564248a0d0b118c11e61db9f84ecf41dd2d2a
[STDERR  ] 2017-09-13T20:52:33.890474712Z: Add onboot containers:
[STDERR  ] 2017-09-13T20:52:33.89054943Z:   Create OCI config for linuxkit/test-kernel-config:d58766bb6c0def3df9e6ffc645ee11677f127faa
[STDERR  ] 2017-09-13T20:52:36.36394376Z:   Create OCI config for linuxkit/poweroff:1e9876c682c74d0602b7647c628bb0875fb13998
[STDERR  ] 2017-09-13T20:52:37.582733067Z: Create outputs:
[STDERR  ] 2017-09-13T20:52:42.040168551Z:   test-kernel-config-kernel test-kernel-config-initrd.img test-kernel-config-cmdline
[STDERR  ] 2017-09-13T20:52:42.087113828Z: + linuxkit run test-kernel-config
[STDERR  ] 2017-09-13T20:52:42.106865562Z: Unable to find qemu-system-x86_64 within the $PATH. Using a container
[STDERR  ] 2017-09-13T20:53:26.90216671Z: + RESULT=[    0.000000] Initializing cgroup subsys cpuset
[STDERR  ] 2017-09-13T20:53:26.902244763Z: [    0.000000] Initializing cgroup subsys cpu
[STDERR  ] 2017-09-13T20:53:26.902259025Z: [    0.000000] Initializing cgroup subsys cpuacct
[STDERR  ] 2017-09-13T20:53:26.902270543Z: [    0.000000] Linux version 4.4.87-linuxkit (root@e1ede117fb1e) (gcc version 6.3.0 (Alpine 6.3.0) ) #1 SMP Tue Sep 12 11:16:36 UTC 2017
[STDERR  ] 2017-09-13T20:53:26.902283858Z: [    0.000000] Command line: console=ttyS0
[STDERR  ] 2017-09-13T20:53:26.902296457Z: [    0.000000] x86/fpu: Legacy x87 FPU detected.
[STDERR  ] 2017-09-13T20:53:26.902311858Z: [    0.000000] x86/fpu: Using 'lazy' FPU context switches.
[STDERR  ] 2017-09-13T20:53:26.902322817Z: [    0.000000] e820: BIOS-provided physical RAM map:
[STDERR  ] 2017-09-13T20:53:26.902354675Z: [    0.000000] BIOS-e820: [mem 0x0000000000000000-0x000000000009fbff] usable
[STDERR  ] 2017-09-13T20:53:26.902368043Z: [    0.000000] BIOS-e820: [mem 0x000000000009fc00-0x000000000009ffff] reserved
[STDERR  ] 2017-09-13T20:53:26.902377774Z: [    0.000000] BIOS-e820: [mem 0x00000000000f0000-0x00000000000fffff] reserved
[STDERR  ] 2017-09-13T20:53:26.902387805Z: [    0.000000] BIOS-e820: [mem 0x0000000000100000-0x000000003ffdefff] usable
[STDERR  ] 2017-09-13T20:53:26.9023973Z: [    0.000000] BIOS-e820: [mem 0x000000003ffdf000-0x000000003fffffff] reserved
[STDERR  ] 2017-09-13T20:53:26.902406686Z: [    0.000000] BIOS-e820: [mem 0x00000000b0000000-0x00000000bfffffff] reserved
[STDERR  ] 2017-09-13T20:53:26.902415547Z: [    0.000000] BIOS-e820: [mem 0x00000000fed1c000-0x00000000fed1ffff] reserved
[STDERR  ] 2017-09-13T20:53:26.902430076Z: [    0.000000] BIOS-e820: [mem 0x00000000fffc0000-0x00000000ffffffff] reserved
[STDERR  ] 2017-09-13T20:53:26.902441855Z: [    0.000000] NX (Execute Disable) protection: active
[STDERR  ] 2017-09-13T20:53:26.902515712Z: [    0.000000] SMBIOS 2.8 present.
[STDERR  ] 2017-09-13T20:53:26.902527567Z: [    0.000000] e820: last_pfn = 0x3ffdf max_arch_pfn = 0x400000000
[STDERR  ] 2017-09-13T20:53:26.902536287Z: [    0.000000] x86/PAT: Configuration [0-7]: WB  WC  UC- UC  WB  WC  UC- WT  
[STDERR  ] 2017-09-13T20:53:26.902545857Z: [    0.000000] found SMP MP-table at [mem 0x000f6aa0-0x000f6aaf] mapped at [ffff8800000f6aa0]
[STDERR  ] 2017-09-13T20:53:26.90255582Z: [    0.000000] RAMDISK: [mem 0x3eb62000-0x3ffcffff]
[STDERR  ] 2017-09-13T20:53:26.90256562Z: [    0.000000] ACPI: Early table checksum verification disabled
[STDERR  ] 2017-09-13T20:53:26.902574596Z: [    0.000000] ACPI: RSDP 0x00000000000F68C0 000014 (v00 BOCHS )
[STDERR  ] 2017-09-13T20:53:26.902586407Z: [    0.000000] ACPI: RSDT 0x000000003FFE2404 000034 (v01 BOCHS  BXPCRSDT 00000001 BXPC 00000001)
[STDERR  ] 2017-09-13T20:53:26.902596013Z: [    0.000000] ACPI: FACP 0x000000003FFE22A4 000074 (v01 BOCHS  BXPCFACP 00000001 BXPC 00000001)
[STDERR  ] 2017-09-13T20:53:26.902605673Z: [    0.000000] ACPI: DSDT 0x000000003FFE0040 002264 (v01 BOCHS  BXPCDSDT 00000001 BXPC 00000001)
[STDERR  ] 2017-09-13T20:53:26.902622477Z: [    0.000000] ACPI: FACS 0x000000003FFE0000 000040
[STDERR  ] 2017-09-13T20:53:26.902634673Z: [    0.000000] ACPI: APIC 0x000000003FFE2318 000078 (v01 BOCHS  BXPCAPIC 00000001 BXPC 00000001)
[STDERR  ] 2017-09-13T20:53:26.902643915Z: [    0.000000] ACPI: HPET 0x000000003FFE2390 000038 (v01 BOCHS  BXPCHPET 00000001 BXPC 00000001)
[STDERR  ] 2017-09-13T20:53:26.90266084Z: [    0.000000] ACPI: MCFG 0x000000003FFE23C8 00003C (v01 BOCHS  BXPCMCFG 00000001 BXPC 00000001)
[STDERR  ] 2017-09-13T20:53:26.902669116Z: [    0.000000] Zone ranges:
[STDERR  ] 2017-09-13T20:53:26.902678123Z: [    0.000000]   DMA      [mem 0x0000000000001000-0x0000000000ffffff]
[STDERR  ] 2017-09-13T20:53:26.902687463Z: [    0.000000]   DMA32    [mem 0x0000000001000000-0x000000003ffdefff]
[STDERR  ] 2017-09-13T20:53:26.902696747Z: [    0.000000]   Normal   empty
[STDERR  ] 2017-09-13T20:53:26.902706042Z: [    0.000000] Movable zone start for each node
[STDERR  ] 2017-09-13T20:53:26.902715556Z: [    0.000000] Early memory node ranges
[STDERR  ] 2017-09-13T20:53:26.90272504Z: [    0.000000]   node   0: [mem 0x0000000000001000-0x000000000009efff]
[STDERR  ] 2017-09-13T20:53:26.902747723Z: [    0.000000]   node   0: [mem 0x0000000000100000-0x000000003ffdefff]
[STDERR  ] 2017-09-13T20:53:26.902761977Z: [    0.000000] Initmem setup node 0 [mem 0x0000000000001000-0x000000003ffdefff]
[STDERR  ] 2017-09-13T20:53:26.902772567Z: [    0.000000] ACPI: PM-Timer IO Port: 0x608
[STDERR  ] 2017-09-13T20:53:26.902784553Z: [    0.000000] ACPI: LAPIC_NMI (acpi_id[0xff] dfl dfl lint[0x1])
[STDERR  ] 2017-09-13T20:53:26.902794716Z: [    0.000000] IOAPIC[0]: apic_id 0, version 32, address 0xfec00000, GSI 0-23
[STDERR  ] 2017-09-13T20:53:26.902805065Z: [    0.000000] ACPI: INT_SRC_OVR (bus 0 bus_irq 0 global_irq 2 dfl dfl)
[STDERR  ] 2017-09-13T20:53:26.902825186Z: [    0.000000] ACPI: INT_SRC_OVR (bus 0 bus_irq 5 global_irq 5 high level)
[STDERR  ] 2017-09-13T20:53:26.902835402Z: [    0.000000] ACPI: INT_SRC_OVR (bus 0 bus_irq 9 global_irq 9 high level)
[STDERR  ] 2017-09-13T20:53:26.902844427Z: [    0.000000] ACPI: INT_SRC_OVR (bus 0 bus_irq 10 global_irq 10 high level)
[STDERR  ] 2017-09-13T20:53:26.902854195Z: [    0.000000] ACPI: INT_SRC_OVR (bus 0 bus_irq 11 global_irq 11 high level)
[STDERR  ] 2017-09-13T20:53:26.902864228Z: [    0.000000] Using ACPI (MADT) for SMP configuration information
[STDERR  ] 2017-09-13T20:53:26.902877041Z: [    0.000000] ACPI: HPET id: 0x8086a201 base: 0xfed00000
[STDERR  ] 2017-09-13T20:53:26.902886609Z: [    0.000000] smpboot: Allowing 1 CPUs, 0 hotplug CPUs
[STDERR  ] 2017-09-13T20:53:26.902895362Z: [    0.000000] e820: [mem 0x40000000-0xafffffff] available for PCI devices
[STDERR  ] 2017-09-13T20:53:26.902909171Z: [    0.000000] Booting paravirtualized kernel on bare hardware
[STDERR  ] 2017-09-13T20:53:26.902918551Z: [    0.000000] clocksource: refined-jiffies: mask: 0xffffffff max_cycles: 0xffffffff, max_idle_ns: 19112604462750000 ns
[STDERR  ] 2017-09-13T20:53:26.902936958Z: [    0.000000] setup_percpu: NR_CPUS:128 nr_cpumask_bits:128 nr_cpu_ids:1 nr_node_ids:1
[STDERR  ] 2017-09-13T20:53:26.902947586Z: [    0.000000] PERCPU: Embedded 33 pages/cpu @ffff88003e800000 s95896 r8192 d31080 u2097152
[STDERR  ] 2017-09-13T20:53:26.902956696Z: [    0.000000] Built 1 zonelists in Zone order, mobility grouping on.  Total pages: 257896
[STDERR  ] 2017-09-13T20:53:26.90296642Z: [    0.000000] Kernel command line: console=ttyS0
[STDERR  ] 2017-09-13T20:53:26.902976218Z: [    0.000000] PID hash table entries: 4096 (order: 3, 32768 bytes)
[STDERR  ] 2017-09-13T20:53:26.902989845Z: [    0.000000] Dentry cache hash table entries: 131072 (order: 8, 1048576 bytes)
[STDERR  ] 2017-09-13T20:53:26.903001612Z: [    0.000000] Inode-cache hash table entries: 65536 (order: 7, 524288 bytes)
[STDERR  ] 2017-09-13T20:53:26.903011894Z: [    0.000000] Memory: 993156K/1048052K available (7633K kernel code, 1263K rwdata, 2704K rodata, 1300K init, 688K bss, 54896K reserved, 0K cma-reserved)
[STDERR  ] 2017-09-13T20:53:26.903029322Z: [    0.000000] Hierarchical RCU implementation.
[STDERR  ] 2017-09-13T20:53:26.90303849Z: [    0.000000] 	Build-time adjustment of leaf fanout to 64.
[STDERR  ] 2017-09-13T20:53:26.903047814Z: [    0.000000] 	RCU restricting CPUs from NR_CPUS=128 to nr_cpu_ids=1.
[STDERR  ] 2017-09-13T20:53:26.903057835Z: [    0.000000] RCU: Adjusting geometry for rcu_fanout_leaf=64, nr_cpu_ids=1
[STDERR  ] 2017-09-13T20:53:26.903066991Z: [    0.000000] NR_IRQS:8448 nr_irqs:256 16
[STDERR  ] 2017-09-13T20:53:26.903076176Z: [    0.000000] Console: colour VGA+ 80x25
[STDERR  ] 2017-09-13T20:53:26.903085251Z: [    0.000000] console [ttyS0] enabled
[STDERR  ] 2017-09-13T20:53:26.903096164Z: [    0.000000] clocksource: hpet: mask: 0xffffffff max_cycles: 0xffffffff, max_idle_ns: 19112604467 ns
[STDERR  ] 2017-09-13T20:53:26.903105735Z: [    0.000000] tsc: Unable to calibrate against PIT
[STDERR  ] 2017-09-13T20:53:26.90311492Z: [    0.000000] tsc: using HPET reference calibration
[STDERR  ] 2017-09-13T20:53:26.903124096Z: [    0.000000] tsc: Detected 2600.077 MHz processor
[STDERR  ] 2017-09-13T20:53:26.903133791Z: [    0.053582] Calibrating delay loop (skipped), value calculated using timer frequency.. 5200.15 BogoMIPS (lpj=26000770)
[STDERR  ] 2017-09-13T20:53:26.90314292Z: [    0.055147] pid_max: default: 32768 minimum: 301
[STDERR  ] 2017-09-13T20:53:26.90315504Z: [    0.056121] ACPI: Core revision 20150930
[STDERR  ] 2017-09-13T20:53:26.903164935Z: [    0.126520] ACPI: 1 ACPI AML tables successfully acquired and loaded
[STDERR  ] 2017-09-13T20:53:26.903174431Z: [    0.128962] Security Framework initialized
[STDERR  ] 2017-09-13T20:53:26.903184947Z: [    0.130194] Yama: becoming mindful.
[STDERR  ] 2017-09-13T20:53:26.903193707Z: [    0.135340] Mount-cache hash table entries: 2048 (order: 2, 16384 bytes)
[STDERR  ] 2017-09-13T20:53:26.903208521Z: [    0.136070] Mountpoint-cache hash table entries: 2048 (order: 2, 16384 bytes)
[STDERR  ] 2017-09-13T20:53:26.903217314Z: [    0.158490] Initializing cgroup subsys io
[STDERR  ] 2017-09-13T20:53:26.903226978Z: [    0.160126] Initializing cgroup subsys memory
[STDERR  ] 2017-09-13T20:53:26.903236161Z: [    0.161379] Initializing cgroup subsys devices
[STDERR  ] 2017-09-13T20:53:26.903254114Z: [    0.161861] Initializing cgroup subsys freezer
[STDERR  ] 2017-09-13T20:53:26.903264232Z: [    0.162254] Initializing cgroup subsys net_cls
[STDERR  ] 2017-09-13T20:53:26.903272661Z: [    0.162577] Initializing cgroup subsys perf_event
[STDERR  ] 2017-09-13T20:53:26.903280847Z: [    0.163031] Initializing cgroup subsys net_prio
[STDERR  ] 2017-09-13T20:53:26.903289081Z: [    0.163652] Initializing cgroup subsys hugetlb
[STDERR  ] 2017-09-13T20:53:26.903302558Z: [    0.164236] Initializing cgroup subsys pids
[STDERR  ] 2017-09-13T20:53:26.903311642Z: [    0.167968] Last level iTLB entries: 4KB 0, 2MB 0, 4MB 0
[STDERR  ] 2017-09-13T20:53:26.903320633Z: [    0.168271] Last level dTLB entries: 4KB 0, 2MB 0, 4MB 0, 1GB 0
[STDERR  ] 2017-09-13T20:53:26.903329693Z: [    0.535283] Freeing SMP alternatives memory: 20K
[STDERR  ] 2017-09-13T20:53:26.903338291Z: [    0.545026] ftrace: allocating 33495 entries in 131 pages
[STDERR  ] 2017-09-13T20:53:26.903349337Z: [    0.713988] ..TIMER: vector=0x30 apic1=0 pin1=2 apic2=-1 pin2=-1
[STDERR  ] 2017-09-13T20:53:26.903358456Z: [    0.820000] smpboot: CPU0: AMD QEMU Virtual CPU version 2.5+ (family: 0x6, model: 0x6, stepping: 0x3)
[STDERR  ] 2017-09-13T20:53:26.903370159Z: [    0.820000] Performance Events: Broken PMU hardware detected, using software events only.
[STDERR  ] 2017-09-13T20:53:26.903379667Z: [    0.820000] Failed to access perfctr msr (MSR c0010007 is 0)
[STDERR  ] 2017-09-13T20:53:26.903388619Z: [    0.828776] x86: Booted up 1 node, 1 CPUs
[STDERR  ] 2017-09-13T20:53:26.903397254Z: [    0.829186] smpboot: Total of 1 processors activated (5200.15 BogoMIPS)
[STDERR  ] 2017-09-13T20:53:26.903410797Z: [    0.838011] NMI watchdog: disabled (cpu0): hardware events not enabled
[STDERR  ] 2017-09-13T20:53:26.903420386Z: [    0.838585] NMI watchdog: Shutting down hard lockup detector on all cpus
[STDERR  ] 2017-09-13T20:53:26.903429596Z: [    0.848773] devtmpfs: initialized
[STDERR  ] 2017-09-13T20:53:26.903438046Z: [    0.923160] clocksource: jiffies: mask: 0xffffffff max_cycles: 0xffffffff, max_idle_ns: 19112604462750000 ns
[STDERR  ] 2017-09-13T20:53:26.903447166Z: [    0.924214] futex hash table entries: 256 (order: 2, 16384 bytes)
[STDERR  ] 2017-09-13T20:53:26.903467841Z: [    0.939776] NET: Registered protocol family 16
[STDERR  ] 2017-09-13T20:53:26.903477067Z: [    0.948942] cpuidle: using governor ladder
[STDERR  ] 2017-09-13T20:53:26.903485887Z: [    0.950162] cpuidle: using governor menu
[STDERR  ] 2017-09-13T20:53:26.903494627Z: [    0.951770] ACPI: bus type PCI registered
[STDERR  ] 2017-09-13T20:53:26.903504004Z: [    0.956455] PCI: MMCONFIG for domain 0000 [bus 00-ff] at [mem 0xb0000000-0xbfffffff] (base 0xb0000000)
[STDERR  ] 2017-09-13T20:53:26.903516024Z: [    0.957446] PCI: MMCONFIG at [mem 0xb0000000-0xbfffffff] reserved in E820
[STDERR  ] 2017-09-13T20:53:26.903525117Z: [    0.959327] PCI: Using configuration type 1 for base access
[STDERR  ] 2017-09-13T20:53:26.903537976Z: [    1.028806] ACPI: Added _OSI(Module Device)
[STDERR  ] 2017-09-13T20:53:26.903548707Z: [    1.029126] ACPI: Added _OSI(Processor Device)
[STDERR  ] 2017-09-13T20:53:26.903563351Z: [    1.029485] ACPI: Added _OSI(3.0 _SCP Extensions)
[STDERR  ] 2017-09-13T20:53:26.903572426Z: [    1.029816] ACPI: Added _OSI(Processor Aggregator Device)
[STDERR  ] 2017-09-13T20:53:26.903583029Z: [    1.117092] ACPI: Interpreter enabled
[STDERR  ] 2017-09-13T20:53:26.903588826Z: [    1.118037] ACPI: (supports S0 S5)
[STDERR  ] 2017-09-13T20:53:26.903594406Z: [    1.118431] ACPI: Using IOAPIC for interrupt routing
[STDERR  ] 2017-09-13T20:53:26.903600667Z: [    1.121682] PCI: Using host bridge windows from ACPI; if necessary, use "pci=nocrs" and report a bug
[STDERR  ] 2017-09-13T20:53:26.903612383Z: [    1.190148] ACPI: PCI Root Bridge [PCI0] (domain 0000 [bus 00-ff])
[STDERR  ] 2017-09-13T20:53:26.903619811Z: [    1.191411] acpi PNP0A08:00: _OSC: OS supports [ExtendedConfig ASPM ClockPM Segments MSI]
[STDERR  ] 2017-09-13T20:53:26.903625586Z: [    1.200408] acpi PNP0A08:00: _OSC: OS now controls [PCIeHotplug PME PCIeCapability]
[STDERR  ] 2017-09-13T20:53:26.903631569Z: [    1.204514] PCI host bridge to bus 0000:00
[STDERR  ] 2017-09-13T20:53:26.903637236Z: [    1.205063] pci_bus 0000:00: root bus resource [io  0x0000-0x0cf7 window]
[STDERR  ] 2017-09-13T20:53:26.903643393Z: [    1.205650] pci_bus 0000:00: root bus resource [io  0x0d00-0xffff window]
[STDERR  ] 2017-09-13T20:53:26.903649093Z: [    1.206114] pci_bus 0000:00: root bus resource [mem 0x000a0000-0x000bffff window]
[STDERR  ] 2017-09-13T20:53:26.903659351Z: [    1.206699] pci_bus 0000:00: root bus resource [mem 0xc0000000-0xfebfffff window]
[STDERR  ] 2017-09-13T20:53:26.903665233Z: [    1.207319] pci_bus 0000:00: root bus resource [bus 00-ff]
[STDERR  ] 2017-09-13T20:53:26.903670997Z: [    1.331353] pci 0000:00:1f.0: quirk: [io  0x0600-0x067f] claimed by ICH6 ACPI/GPIO/TCO
[STDERR  ] 2017-09-13T20:53:26.903676607Z: [    1.398424] ACPI: PCI Interrupt Link [LNKA] (IRQs 5 *10 11)
[STDERR  ] 2017-09-13T20:53:26.903682536Z: [    1.401723] ACPI: PCI Interrupt Link [LNKB] (IRQs 5 *10 11)
[STDERR  ] 2017-09-13T20:53:26.903687984Z: [    1.403917] ACPI: PCI Interrupt Link [LNKC] (IRQs 5 10 *11)
[STDERR  ] 2017-09-13T20:53:26.903693322Z: [    1.405829] ACPI: PCI Interrupt Link [LNKD] (IRQs 5 10 *11)
[STDERR  ] 2017-09-13T20:53:26.903698964Z: [    1.407683] ACPI: PCI Interrupt Link [LNKE] (IRQs 5 *10 11)
[STDERR  ] 2017-09-13T20:53:26.903706494Z: [    1.411133] ACPI: PCI Interrupt Link [LNKF] (IRQs 5 *10 11)
[STDERR  ] 2017-09-13T20:53:26.903713102Z: [    1.413021] ACPI: PCI Interrupt Link [LNKG] (IRQs 5 10 *11)
[STDERR  ] 2017-09-13T20:53:26.903718992Z: [    1.414897] ACPI: PCI Interrupt Link [LNKH] (IRQs 5 10 *11)
[STDERR  ] 2017-09-13T20:53:26.903724443Z: [    1.415871] ACPI: PCI Interrupt Link [GSIA] (IRQs *16)
[STDERR  ] 2017-09-13T20:53:26.903729899Z: [    1.416674] ACPI: PCI Interrupt Link [GSIB] (IRQs *17)
[STDERR  ] 2017-09-13T20:53:26.903738676Z: [    1.417465] ACPI: PCI Interrupt Link [GSIC] (IRQs *18)
[STDERR  ] 2017-09-13T20:53:26.903747732Z: [    1.418280] ACPI: PCI Interrupt Link [GSID] (IRQs *19)
[STDERR  ] 2017-09-13T20:53:26.903753227Z: [    1.419039] ACPI: PCI Interrupt Link [GSIE] (IRQs *20)
[STDERR  ] 2017-09-13T20:53:26.903758791Z: [    1.419792] ACPI: PCI Interrupt Link [GSIF] (IRQs *21)
[STDERR  ] 2017-09-13T20:53:26.903764523Z: [    1.420584] ACPI: PCI Interrupt Link [GSIG] (IRQs *22)
[STDERR  ] 2017-09-13T20:53:26.903770524Z: [    1.421356] ACPI: PCI Interrupt Link [GSIH] (IRQs *23)
[STDERR  ] 2017-09-13T20:53:26.903776391Z: [    1.425578] ACPI: Enabled 2 GPEs in block 00 to 3F
[STDERR  ] 2017-09-13T20:53:26.903783499Z: [    1.430298] SCSI subsystem initialized
[STDERR  ] 2017-09-13T20:53:26.90378925Z: [    1.432365] ACPI: bus type USB registered
[STDERR  ] 2017-09-13T20:53:26.903801056Z: [    1.433662] usbcore: registered new interface driver usbfs
[STDERR  ] 2017-09-13T20:53:26.903806845Z: [    1.434630] usbcore: registered new interface driver hub
[STDERR  ] 2017-09-13T20:53:26.903813056Z: [    1.435581] usbcore: registered new device driver usb
[STDERR  ] 2017-09-13T20:53:26.903818998Z: [    1.436897] pps_core: LinuxPPS API ver. 1 registered
[STDERR  ] 2017-09-13T20:53:26.903824656Z: [    1.437234] pps_core: Software ver. 5.3.6 - Copyright 2005-2007 Rodolfo Giometti <giometti@linux.it>
[STDERR  ] 2017-09-13T20:53:26.903830958Z: [    1.438144] PTP clock support registered
[STDERR  ] 2017-09-13T20:53:26.903836362Z: [    1.439563] wmi: Mapper loaded
[STDERR  ] 2017-09-13T20:53:26.903844262Z: [    1.440985] PCI: Using ACPI for IRQ routing
[STDERR  ] 2017-09-13T20:53:26.903849781Z: [    1.461708] NetLabel: Initializing
[STDERR  ] 2017-09-13T20:53:26.903858356Z: [    1.462002] NetLabel:  domain hash size = 128
[STDERR  ] 2017-09-13T20:53:26.903863911Z: [    1.462471] NetLabel:  protocols = UNLABELED CIPSOv4
[STDERR  ] 2017-09-13T20:53:26.903869415Z: [    1.465187] NetLabel:  unlabeled traffic allowed by default
[STDERR  ] 2017-09-13T20:53:26.903875256Z: [    1.466632] HPET: 3 timers in total, 0 timers will be used for per-cpu timer
[STDERR  ] 2017-09-13T20:53:26.903880858Z: [    1.467530] hpet0: at MMIO 0xfed00000, IRQs 2, 8, 0
[STDERR  ] 2017-09-13T20:53:26.903886761Z: [    1.468133] hpet0: 3 comparators, 64-bit 100.000000 MHz counter
[STDERR  ] 2017-09-13T20:53:26.903894042Z: [    1.473025] amd_nb: Cannot enumerate AMD northbridges
[STDERR  ] 2017-09-13T20:53:26.903899922Z: [    1.474261] clocksource: Switched to clocksource hpet
[STDERR  ] 2017-09-13T20:53:26.903909168Z: [    1.694071] FS-Cache: Loaded
[STDERR  ] 2017-09-13T20:53:26.90391792Z: [    1.699644] CacheFiles: Loaded
[STDERR  ] 2017-09-13T20:53:26.903923882Z: [    1.703228] pnp: PnP ACPI init
[STDERR  ] 2017-09-13T20:53:26.903929648Z: [    1.715399] pnp: PnP ACPI: found 5 devices
[STDERR  ] 2017-09-13T20:53:26.903935195Z: [    1.767180] clocksource: acpi_pm: mask: 0xffffff max_cycles: 0xffffff, max_idle_ns: 2085701024 ns
[STDERR  ] 2017-09-13T20:53:26.90394077Z: [    1.770801] NET: Registered protocol family 2
[STDERR  ] 2017-09-13T20:53:26.903947066Z: [    1.778772] TCP established hash table entries: 8192 (order: 4, 65536 bytes)
[STDERR  ] 2017-09-13T20:53:26.903957686Z: [    1.779783] TCP bind hash table entries: 8192 (order: 5, 131072 bytes)
[STDERR  ] 2017-09-13T20:53:26.903968241Z: [    1.780869] TCP: Hash tables configured (established 8192 bind 8192)
[STDERR  ] 2017-09-13T20:53:26.903983308Z: [    1.782452] UDP hash table entries: 512 (order: 2, 16384 bytes)
[STDERR  ] 2017-09-13T20:53:26.903989538Z: [    1.783109] UDP-Lite hash table entries: 512 (order: 2, 16384 bytes)
[STDERR  ] 2017-09-13T20:53:26.90399574Z: [    1.785815] NET: Registered protocol family 1
[STDERR  ] 2017-09-13T20:53:26.904001553Z: [    1.794200] Unpacking initramfs...
[STDERR  ] 2017-09-13T20:53:26.904007022Z: [    5.215504] Freeing initrd memory: 20920K
[STDERR  ] 2017-09-13T20:53:26.904012332Z: [    5.241310] PCLMULQDQ-NI instructions are not detected.
[STDERR  ] 2017-09-13T20:53:26.904018362Z: [    5.242974] AVX or AES-NI instructions are not detected.
[STDERR  ] 2017-09-13T20:53:26.904023732Z: [    5.243503] CPU feature 'AVX registers' is not supported.
[STDERR  ] 2017-09-13T20:53:26.904030401Z: [    5.243978] CPU feature 'AVX registers' is not supported.
[STDERR  ] 2017-09-13T20:53:26.90403634Z: [    5.244455] CPU feature 'AVX registers' is not supported.
[STDERR  ] 2017-09-13T20:53:26.904042185Z: [    5.244941] CPU feature 'AVX registers' is not supported.
[STDERR  ] 2017-09-13T20:53:26.904047702Z: [    5.245486] AVX2 or AES-NI instructions are not detected.
[STDERR  ] 2017-09-13T20:53:26.904053293Z: [    5.245976] AVX2 instructions are not detected.
[STDERR  ] 2017-09-13T20:53:26.904058832Z: [    5.253448] audit: initializing netlink subsys (disabled)
[STDERR  ] 2017-09-13T20:53:26.904064125Z: [    5.255107] audit: type=2000 audit(1505335968.250:1): initialized
[STDERR  ] 2017-09-13T20:53:26.904069556Z: [    5.262804] HugeTLB registered 2 MB page size, pre-allocated 0 pages
[STDERR  ] 2017-09-13T20:53:26.904076436Z: [    5.267061] VFS: Disk quotas dquot_6.6.0
[STDERR  ] 2017-09-13T20:53:26.904081765Z: [    5.267873] VFS: Dquot-cache hash table entries: 512 (order 0, 4096 bytes)
[STDERR  ] 2017-09-13T20:53:26.904087623Z: [    5.274437] FS-Cache: Netfs 'cifs' registered for caching
[STDERR  ] 2017-09-13T20:53:26.904095841Z: [    5.275423] fuse init (API version 7.23)
[STDERR  ] 2017-09-13T20:53:26.904101183Z: [    5.277872] SGI XFS with ACLs, security attributes, no debug enabled
[STDERR  ] 2017-09-13T20:53:26.904106405Z: [    5.281049] 9p: Installing v9fs 9p2000 file system support
[STDERR  ] 2017-09-13T20:53:26.904117245Z: [    5.281588] FS-Cache: Netfs '9p' registered for caching
[STDERR  ] 2017-09-13T20:53:26.904127163Z: [    5.283514] Key type big_key registered
[STDERR  ] 2017-09-13T20:53:26.904132538Z: [    5.319161] NET: Registered protocol family 38
[STDERR  ] 2017-09-13T20:53:26.904137841Z: [    5.319815] Key type asymmetric registered
[STDERR  ] 2017-09-13T20:53:26.904143338Z: [    5.321552] Asymmetric key parser 'x509' registered
[STDERR  ] 2017-09-13T20:53:26.904148993Z: [    5.322705] Block layer SCSI generic (bsg) driver version 0.4 loaded (major 251)
[STDERR  ] 2017-09-13T20:53:26.904155096Z: [    5.324453] io scheduler noop registered
[STDERR  ] 2017-09-13T20:53:26.90416282Z: [    5.324834] io scheduler deadline registered (default)
[STDERR  ] 2017-09-13T20:53:26.904171501Z: [    5.328009] io scheduler cfq registered
[STDERR  ] 2017-09-13T20:53:26.904178713Z: [    5.331707] pci_hotplug: PCI Hot Plug PCI Core version: 0.5
[STDERR  ] 2017-09-13T20:53:26.904188893Z: [    5.332437] pciehp: PCI Express Hot Plug Controller Driver version: 0.4
[STDERR  ] 2017-09-13T20:53:26.904195053Z: [    5.333439] shpchp: Standard Hot Plug PCI Controller Driver version: 0.4
[STDERR  ] 2017-09-13T20:53:26.904200645Z: [    5.334487] hv_vmbus: registering driver hyperv_fb
[STDERR  ] 2017-09-13T20:53:26.904207135Z: [    5.337750] input: Power Button as /devices/LNXSYSTM:00/LNXPWRBN:00/input/input0
[STDERR  ] 2017-09-13T20:53:26.904212481Z: [    5.338927] ACPI: Power Button [PWRF]
[STDERR  ] 2017-09-13T20:53:26.904217821Z: [    5.344377] GHES: HEST is not enabled!
[STDERR  ] 2017-09-13T20:53:26.904223171Z: [    5.357689] ACPI: PCI Interrupt Link [GSIG] enabled at IRQ 22
[STDERR  ] 2017-09-13T20:53:26.904229266Z: [    5.370984] ACPI: PCI Interrupt Link [GSIH] enabled at IRQ 23
[STDERR  ] 2017-09-13T20:53:26.904234623Z: [    5.376780] xenfs: not registering filesystem on non-xen platform
[STDERR  ] 2017-09-13T20:53:26.904240038Z: [    5.379111] Serial: 8250/16550 driver, 4 ports, IRQ sharing disabled
[STDERR  ] 2017-09-13T20:53:26.904247331Z: [    5.404856] 00:04: ttyS0 at I/O 0x3f8 (irq = 4, base_baud = 115200) is a 16550A
[STDERR  ] 2017-09-13T20:53:26.904253084Z: [    5.417104] Non-volatile memory driver v1.3
[STDERR  ] 2017-09-13T20:53:26.904258394Z: [    5.425435] Hangcheck: starting hangcheck timer 0.9.1 (tick is 180 seconds, margin is 60 seconds).
[STDERR  ] 2017-09-13T20:53:26.904264612Z: [    5.463758] loop: module loaded
[STDERR  ] 2017-09-13T20:53:26.904270672Z: [    5.477727] nbd: registered device at major 43
[STDERR  ] 2017-09-13T20:53:26.904280432Z: [    5.518691] lpc_ich 0000:00:1f.0: I/O space for GPIO uninitialized
[STDERR  ] 2017-09-13T20:53:26.904285979Z: [    5.521605] VMware PVSCSI driver - version 1.0.5.0-k
[STDERR  ] 2017-09-13T20:53:26.904291309Z: [    5.522623] hv_vmbus: registering driver hv_storvsc
[STDERR  ] 2017-09-13T20:53:26.904298384Z: [    5.533399] ACPI: PCI Interrupt Link [GSIA] enabled at IRQ 16
[STDERR  ] 2017-09-13T20:53:26.904304485Z: [    5.539084] ahci 0000:00:1f.2: AHCI 0001.0000 32 slots 6 ports 1.5 Gbps 0x3f impl SATA mode
[STDERR  ] 2017-09-13T20:53:26.904310047Z: [    5.539949] ahci 0000:00:1f.2: flags: 64bit ncq only 
[STDERR  ] 2017-09-13T20:53:26.904315317Z: [    5.559711] scsi host0: ahci
[STDERR  ] 2017-09-13T20:53:26.904320899Z: [    5.564407] scsi host1: ahci
[STDERR  ] 2017-09-13T20:53:26.904326644Z: [    5.566894] scsi host2: ahci
[STDERR  ] 2017-09-13T20:53:26.904331849Z: [    5.570606] scsi host3: ahci
[STDERR  ] 2017-09-13T20:53:26.904339619Z: [    5.573165] scsi host4: ahci
[STDERR  ] 2017-09-13T20:53:26.904348119Z: [    5.575451] scsi host5: ahci
[STDERR  ] 2017-09-13T20:53:26.904353892Z: [    5.577280] ata1: SATA max UDMA/133 abar m4096@0xfebd2000 port 0xfebd2100 irq 24
[STDERR  ] 2017-09-13T20:53:26.904360082Z: [    5.577834] ata2: SATA max UDMA/133 abar m4096@0xfebd2000 port 0xfebd2180 irq 24
[STDERR  ] 2017-09-13T20:53:26.904365849Z: [    5.578307] ata3: SATA max UDMA/133 abar m4096@0xfebd2000 port 0xfebd2200 irq 24
[STDERR  ] 2017-09-13T20:53:26.904371454Z: [    5.578782] ata4: SATA max UDMA/133 abar m4096@0xfebd2000 port 0xfebd2280 irq 24
[STDERR  ] 2017-09-13T20:53:26.904380272Z: [    5.579279] ata5: SATA max UDMA/133 abar m4096@0xfebd2000 port 0xfebd2300 irq 24
[STDERR  ] 2017-09-13T20:53:26.904387105Z: [    5.579812] ata6: SATA max UDMA/133 abar m4096@0xfebd2000 port 0xfebd2380 irq 24
[STDERR  ] 2017-09-13T20:53:26.904392995Z: [    5.592534] tun: Universal TUN/TAP device driver, 1.6
[STDERR  ] 2017-09-13T20:53:26.904398347Z: [    5.592973] tun: (C) 1999-2004 Max Krasnyansky <maxk@qualcomm.com>
[STDERR  ] 2017-09-13T20:53:26.904403859Z: [    5.604437] VMware vmxnet3 virtual NIC driver - version 1.4.5.0-k-NAPI
[STDERR  ] 2017-09-13T20:53:26.904409272Z: [    5.605679] hv_vmbus: registering driver hv_netvsc
[STDERR  ] 2017-09-13T20:53:26.904414737Z: [    5.606030] Fusion MPT base driver 3.04.20
[STDERR  ] 2017-09-13T20:53:26.904420192Z: [    5.606383] Copyright (c) 1999-2008 LSI Corporation
[STDERR  ] 2017-09-13T20:53:26.90442969Z: [    5.607072] Fusion MPT SPI Host driver 3.04.20
[STDERR  ] 2017-09-13T20:53:26.904435134Z: [    5.609330] i8042: PNP: PS/2 Controller [PNP0303:KBD,PNP0f13:MOU] at 0x60,0x64 irq 1,12
[STDERR  ] 2017-09-13T20:53:26.904440672Z: [    5.614073] serio: i8042 KBD port at 0x60,0x64 irq 1
[STDERR  ] 2017-09-13T20:53:26.904458332Z: [    5.615053] serio: i8042 AUX port at 0x60,0x64 irq 12
[STDERR  ] 2017-09-13T20:53:26.90446408Z: [    5.618377] hv_vmbus: registering driver hyperv_keyboard
[STDERR  ] 2017-09-13T20:53:26.904469763Z: [    5.621086] mousedev: PS/2 mouse device common for all mice
[STDERR  ] 2017-09-13T20:53:26.904475264Z: [    5.626125] input: AT Translated Set 2 keyboard as /devices/platform/i8042/serio0/input/input1
[STDERR  ] 2017-09-13T20:53:26.904480759Z: [    5.629398] input: PC Speaker as /devices/platform/pcspkr/input/input2
[STDERR  ] 2017-09-13T20:53:26.90448626Z: [    5.633607] rtc_cmos 00:00: RTC can wake from S4
[STDERR  ] 2017-09-13T20:53:26.90449205Z: [    5.636975] rtc_cmos 00:00: rtc core: registered rtc_cmos as rtc0
[STDERR  ] 2017-09-13T20:53:26.904497434Z: [    5.638621] rtc_cmos 00:00: alarms up to one day, y3k, 114 bytes nvram, hpet irqs
[STDERR  ] 2017-09-13T20:53:26.904502859Z: [    5.639551] i2c /dev entries driver
[STDERR  ] 2017-09-13T20:53:26.904508255Z: [    5.641922] device-mapper: ioctl: 4.34.0-ioctl (2015-10-28) initialised: dm-devel@redhat.com
[STDERR  ] 2017-09-13T20:53:26.904513609Z: [    5.647216] usbcore: registered new interface driver usbhid
[STDERR  ] 2017-09-13T20:53:26.904519095Z: [    5.647726] usbhid: USB HID core driver
[STDERR  ] 2017-09-13T20:53:26.904526524Z: [    5.648526] hv_utils: Registering HyperV Utility Driver
[STDERR  ] 2017-09-13T20:53:26.904531763Z: [    5.648868] hv_vmbus: registering driver hv_util
[STDERR  ] 2017-09-13T20:53:26.904536919Z: [    5.649250] hv_vmbus: registering driver hv_balloon
[STDERR  ] 2017-09-13T20:53:26.904545707Z: [    5.649922] oprofile: using NMI interrupt.
[STDERR  ] 2017-09-13T20:53:26.904550865Z: [    5.651683] GACT probability on
[STDERR  ] 2017-09-13T20:53:26.904556674Z: [    5.652191] Mirror/redirect action on
[STDERR  ] 2017-09-13T20:53:26.904561827Z: [    5.652746] Simple TC action Loaded
[STDERR  ] 2017-09-13T20:53:26.904567029Z: [    5.653203] u32 classifier
[STDERR  ] 2017-09-13T20:53:26.904572463Z: [    5.653433]     Performance counters on
[STDERR  ] 2017-09-13T20:53:26.904577759Z: [    5.653696]     input device check on
[STDERR  ] 2017-09-13T20:53:26.904583372Z: [    5.653919]     Actions configured
[STDERR  ] 2017-09-13T20:53:26.904588533Z: [    5.655607] Netfilter messages via NETLINK v0.30.
[STDERR  ] 2017-09-13T20:53:26.904593784Z: [    5.656356] nfnl_acct: registering with nfnetlink.
[STDERR  ] 2017-09-13T20:53:26.904599369Z: [    5.657708] nf_conntrack version 0.5.0 (7922 buckets, 31688 max)
[STDERR  ] 2017-09-13T20:53:26.90460468Z: [    5.661860] ctnetlink v0.93: registering with nfnetlink.
[STDERR  ] 2017-09-13T20:53:26.90460982Z: [    5.665248] nf_tables: (c) 2007-2009 Patrick McHardy <kaber@trash.net>
[STDERR  ] 2017-09-13T20:53:26.904615134Z: [    5.666495] nf_tables_compat: (c) 2012 Pablo Neira Ayuso <pablo@netfilter.org>
[STDERR  ] 2017-09-13T20:53:26.904630798Z: [    5.670627] xt_time: kernel timezone is -0000
[STDERR  ] 2017-09-13T20:53:26.904636649Z: [    5.671342] ip_set: protocol 6
[STDERR  ] 2017-09-13T20:53:26.904641992Z: [    5.672282] IPVS: Registered protocols (TCP, UDP, SCTP, AH, ESP)
[STDERR  ] 2017-09-13T20:53:26.904647439Z: [    5.673015] IPVS: Connection hash table configured (size=4096, memory=64Kbytes)
[STDERR  ] 2017-09-13T20:53:26.904653178Z: [    5.674935] IPVS: Creating netns size=2096 id=0
[STDERR  ] 2017-09-13T20:53:26.904658308Z: [    5.677380] IPVS: ipvs loaded.
[STDERR  ] 2017-09-13T20:53:26.904664755Z: [    5.677850] IPVS: [rr] scheduler registered.
[STDERR  ] 2017-09-13T20:53:26.904670015Z: [    5.678250] IPVS: [wrr] scheduler registered.
[STDERR  ] 2017-09-13T20:53:26.904675295Z: [    5.678654] IPVS: [lc] scheduler registered.
[STDERR  ] 2017-09-13T20:53:26.904687404Z: [    5.679024] IPVS: [wlc] scheduler registered.
[STDERR  ] 2017-09-13T20:53:26.904692842Z: [    5.679414] IPVS: [fo] scheduler registered.
[STDERR  ] 2017-09-13T20:53:26.90469805Z: [    5.679747] IPVS: [ovf] scheduler registered.
[STDERR  ] 2017-09-13T20:53:26.90470325Z: [    5.680725] IPVS: [lblc] scheduler registered.
[STDERR  ] 2017-09-13T20:53:26.904708398Z: [    5.681260] IPVS: [lblcr] scheduler registered.
[STDERR  ] 2017-09-13T20:53:26.90471372Z: [    5.681677] IPVS: [dh] scheduler registered.
[STDERR  ] 2017-09-13T20:53:26.904719038Z: [    5.682060] IPVS: [sh] scheduler registered.
[STDERR  ] 2017-09-13T20:53:26.904724374Z: [    5.682473] IPVS: [sed] scheduler registered.
[STDERR  ] 2017-09-13T20:53:26.904729792Z: [    5.682854] IPVS: [nq] scheduler registered.
[STDERR  ] 2017-09-13T20:53:26.904735123Z: [    5.683638] IPVS: ftp: loaded support on port[0] = 21
[STDERR  ] 2017-09-13T20:53:26.904740642Z: [    5.684533] ipip: IPv4 over IPv4 tunneling driver
[STDERR  ] 2017-09-13T20:53:26.904745901Z: [    5.688710] gre: GRE over IPv4 demultiplexor driver
[STDERR  ] 2017-09-13T20:53:26.904752588Z: [    5.693127] ip_tables: (C) 2000-2006 Netfilter Core Team
[STDERR  ] 2017-09-13T20:53:26.904762934Z: [    5.696447] ipt_CLUSTERIP: ClusterIP Version 0.8 loaded successfully
[STDERR  ] 2017-09-13T20:53:26.904768532Z: [    5.697383] arp_tables: (C) 2002 David S. Miller
[STDERR  ] 2017-09-13T20:53:26.904775054Z: [    5.700563] NET: Registered protocol family 10
[STDERR  ] 2017-09-13T20:53:26.904780478Z: [    5.709460] ip6_tables: (C) 2000-2006 Netfilter Core Team
[STDERR  ] 2017-09-13T20:53:26.904786128Z: [    5.718244] NET: Registered protocol family 17
[STDERR  ] 2017-09-13T20:53:26.904791544Z: [    5.719362] bridge: automatic filtering via arp/ip/ip6tables has been deprecated. Update your scripts to load br_netfilter if you need this.
[STDERR  ] 2017-09-13T20:53:26.904797639Z: [    5.721303] Bridge firewalling registered
[STDERR  ] 2017-09-13T20:53:26.904802963Z: [    5.722024] Ebtables v2.0 registered
[STDERR  ] 2017-09-13T20:53:26.904808219Z: [    5.724946] 8021q: 802.1Q VLAN Support v1.8
[STDERR  ] 2017-09-13T20:53:26.904813578Z: [    5.726460] 9pnet: Installing 9P2000 support
[STDERR  ] 2017-09-13T20:53:26.904818923Z: [    5.728168] Key type dns_resolver registered
[STDERR  ] 2017-09-13T20:53:26.904824238Z: [    5.729164] hv_sock: failed to load: VMBus 4 or later is required
[STDERR  ] 2017-09-13T20:53:26.904830004Z: [    5.729830] microcode: AMD CPU family 0x6 not supported
[STDERR  ] 2017-09-13T20:53:26.904835414Z: [    5.734357] registered taskstats version 1
[STDERR  ] 2017-09-13T20:53:26.904840744Z: [    5.885770] Key type encrypted registered
[STDERR  ] 2017-09-13T20:53:26.904845894Z: [    5.893448] rtc_cmos 00:00: setting system clock to 2017-09-13 20:52:49 UTC (1505335969)
[STDERR  ] 2017-09-13T20:53:26.904855754Z: [    5.931279] ata1: SATA link down (SStatus 0 SControl 300)
[STDERR  ] 2017-09-13T20:53:26.904861091Z: [    5.934571] ata2: SATA link down (SStatus 0 SControl 300)
[STDERR  ] 2017-09-13T20:53:26.904866289Z: [    5.940868] ata3: SATA link up 1.5 Gbps (SStatus 113 SControl 300)
[STDERR  ] 2017-09-13T20:53:26.904874914Z: [    5.944550] ata3.00: ATAPI: QEMU DVD-ROM, 2.5+, max UDMA/100
[STDERR  ] 2017-09-13T20:53:26.904883164Z: [    5.945168] ata3.00: applying bridge limits
[STDERR  ] 2017-09-13T20:53:26.904894768Z: [    5.947157] ata3.00: configured for UDMA/100
[STDERR  ] 2017-09-13T20:53:26.904926022Z: [    5.950718] ata4: SATA link down (SStatus 0 SControl 300)
[STDERR  ] 2017-09-13T20:53:26.904932182Z: [    5.951290] ata5: SATA link down (SStatus 0 SControl 300)
[STDERR  ] 2017-09-13T20:53:26.904937799Z: [    5.951855] ata6: SATA link down (SStatus 0 SControl 300)
[STDERR  ] 2017-09-13T20:53:26.904944784Z: [    5.962068] scsi 2:0:0:0: CD-ROM            QEMU     QEMU DVD-ROM     2.5+ PQ: 0 ANSI: 5
[STDERR  ] 2017-09-13T20:53:26.904953397Z: [    5.973218] sr 2:0:0:0: [sr0] scsi3-mmc drive: 4x/4x cd/rw xa/form2 tray
[STDERR  ] 2017-09-13T20:53:26.904960464Z: [    5.973958] cdrom: Uniform CD-ROM driver Revision: 3.20
[STDERR  ] 2017-09-13T20:53:26.904969677Z: [    5.980865] sr 2:0:0:0: Attached scsi generic sg0 type 5
[STDERR  ] 2017-09-13T20:53:26.904975544Z: [    6.105988] Freeing unused kernel memory: 1300K
[STDERR  ] 2017-09-13T20:53:26.904980959Z: [    6.106407] Write protecting the kernel read-only data: 12288k
[STDERR  ] 2017-09-13T20:53:26.904988237Z: [    6.117054] Freeing unused kernel memory: 548K
[STDERR  ] 2017-09-13T20:53:26.904993662Z: [    6.227548] Freeing unused kernel memory: 1392K
[STDERR  ] 2017-09-13T20:53:26.904999109Z: [    6.228338] tsc: Refined TSC clocksource calibration: 2600.009 MHz
[STDERR  ] 2017-09-13T20:53:26.905004911Z: [    6.228798] clocksource: tsc: mask: 0xffffffffffffffff max_cycles: 0x257a44c4d56, max_idle_ns: 440795316911 ns
[STDERR  ] 2017-09-13T20:53:26.905016537Z: [    7.223791] clocksource: Switched to clocksource tsc
[STDERR  ] 2017-09-13T20:53:26.905022139Z: 
[STDERR  ] 2017-09-13T20:53:26.905027761Z: Welcome to LinuxKit
[STDERR  ] 2017-09-13T20:53:26.905033251Z: 
[STDERR  ] 2017-09-13T20:53:26.905038828Z:                         ##         .
[STDERR  ] 2017-09-13T20:53:26.905044458Z:                   ## ## ##        ==
[STDERR  ] 2017-09-13T20:53:26.905049944Z:                ## ## ## ## ##    ===
[STDERR  ] 2017-09-13T20:53:26.905055277Z:            /"""""""""""""""""\___/ ===
[STDERR  ] 2017-09-13T20:53:26.905060654Z:           {                       /  ===-
[STDERR  ] 2017-09-13T20:53:26.905065887Z:            \______ O           __/
[STDERR  ] 2017-09-13T20:53:26.905071367Z:              \    \         __/
[STDERR  ] 2017-09-13T20:53:26.905078514Z:               \____\_______/
[STDERR  ] 2017-09-13T20:53:26.905083969Z: 
[STDERR  ] 2017-09-13T20:53:26.905089129Z: starting kernel config sanity test with /proc/config.gz
[STDERR  ] 2017-09-13T20:53:26.905094887Z: [   20.762478] RPC: Registered named UNIX socket transport module.
[STDERR  ] 2017-09-13T20:53:26.905100447Z: [   20.763007] RPC: Registered udp transport module.
[STDERR  ] 2017-09-13T20:53:26.905111591Z: [   20.763479] RPC: Registered tcp transport module.
[STDERR  ] 2017-09-13T20:53:26.905117032Z: [   20.763904] RPC: Registered tcp NFSv4.1 backchannel transport module.
[STDERR  ] 2017-09-13T20:53:26.905123359Z: [   20.869169] FS-Cache: Netfs 'nfs' registered for caching
[STDERR  ] 2017-09-13T20:53:26.905128582Z: [   20.982050] Installing knfsd (copyright (C) 1996 okir@monad.swb.de).
[STDERR  ] 2017-09-13T20:53:26.905134028Z: [   21.039547] ntfs: driver 2.1.32 [Flags: R/O MODULE].
[STDERR  ] 2017-09-13T20:53:26.905141429Z: kernel config test succeeded!
[STDERR  ] 2017-09-13T20:53:26.905147552Z: [37minfo: reading kernel config from /proc/config.gz ...[m
[STDERR  ] 2017-09-13T20:53:26.905152944Z: 
[STDERR  ] 2017-09-13T20:53:26.905158214Z: Generally Necessary:
[STDERR  ] 2017-09-13T20:53:26.905163884Z: - [37mcgroup hierarchy[m: [32mproperly mounted[m [/sys/fs/cgroup]
[STDERR  ] 2017-09-13T20:53:26.905170758Z: - [37mCONFIG_NAMESPACES[m: [32menabled[m
[STDERR  ] 2017-09-13T20:53:26.905176061Z: - [37mCONFIG_NET_NS[m: [32menabled[m
[STDERR  ] 2017-09-13T20:53:26.905181219Z: - [37mCONFIG_PID_NS[m: [32menabled[m
[STDERR  ] 2017-09-13T20:53:26.905190256Z: - [37mCONFIG_IPC_NS[m: [32menabled[m
[STDERR  ] 2017-09-13T20:53:26.905195663Z: - [37mCONFIG_UTS_NS[m: [32menabled[m
[STDERR  ] 2017-09-13T20:53:26.90520094Z: - [37mCONFIG_CGROUPS[m: [32menabled[m
[STDERR  ] 2017-09-13T20:53:26.905206336Z: - [37mCONFIG_CGROUP_CPUACCT[m: [32menabled[m
[STDERR  ] 2017-09-13T20:53:26.905211607Z: - [37mCONFIG_CGROUP_DEVICE[m: [32menabled[m
[STDERR  ] 2017-09-13T20:53:26.905216726Z: - [37mCONFIG_CGROUP_FREEZER[m: [32menabled[m
[STDERR  ] 2017-09-13T20:53:26.905222016Z: - [37mCONFIG_CGROUP_SCHED[m: [32menabled[m
[STDERR  ] 2017-09-13T20:53:26.90522717Z: - [37mCONFIG_CPUSETS[m: [32menabled[m
[STDERR  ] 2017-09-13T20:53:26.905232531Z: - [37mCONFIG_MEMCG[m: [32menabled[m
[STDERR  ] 2017-09-13T20:53:26.905237853Z: - [37mCONFIG_KEYS[m: [32menabled[m
[STDERR  ] 2017-09-13T20:53:26.905251287Z: - [37mCONFIG_VETH[m: [32menabled[m
[STDERR  ] 2017-09-13T20:53:26.905256736Z: - [37mCONFIG_BRIDGE[m: [32menabled[m
[STDERR  ] 2017-09-13T20:53:26.90526203Z: - [37mCONFIG_BRIDGE_NETFILTER[m: [32menabled[m
[STDERR  ] 2017-09-13T20:53:26.905267551Z: - [37mCONFIG_NF_NAT_IPV4[m: [32menabled[m
[STDERR  ] 2017-09-13T20:53:26.905272918Z: - [37mCONFIG_IP_NF_FILTER[m: [32menabled[m
[STDERR  ] 2017-09-13T20:53:26.905278124Z: - [37mCONFIG_IP_NF_TARGET_MASQUERADE[m: [32menabled[m
[STDERR  ] 2017-09-13T20:53:26.905304363Z: - [37mCONFIG_NETFILTER_XT_MATCH_ADDRTYPE[m: [32menabled[m
[STDERR  ] 2017-09-13T20:53:26.905320863Z: - [37mCONFIG_NETFILTER_XT_MATCH_CONNTRACK[m: [32menabled[m
[STDERR  ] 2017-09-13T20:53:26.905329327Z: - [37mCONFIG_NETFILTER_XT_MATCH_IPVS[m: [32menabled[m
[STDERR  ] 2017-09-13T20:53:26.905338136Z: - [37mCONFIG_IP_NF_NAT[m: [32menabled[m
[STDERR  ] 2017-09-13T20:53:26.905346758Z: - [37mCONFIG_NF_NAT[m: [32menabled[m
[STDERR  ] 2017-09-13T20:53:26.905354478Z: - [37mCONFIG_NF_NAT_NEEDED[m: [32menabled[m
[STDERR  ] 2017-09-13T20:53:26.905362428Z: - [37mCONFIG_POSIX_MQUEUE[m: [32menabled[m
[STDERR  ] 2017-09-13T20:53:26.90537015Z: - [37mCONFIG_DEVPTS_MULTIPLE_INSTANCES[m: [32menabled[m
[STDERR  ] 2017-09-13T20:53:26.905378521Z: 
[STDERR  ] 2017-09-13T20:53:26.905388201Z: Optional Features:
[STDERR  ] 2017-09-13T20:53:26.905399801Z: - [37mCONFIG_USER_NS[m: [32menabled[m
[STDERR  ] 2017-09-13T20:53:26.905409413Z: - [37mCONFIG_SECCOMP[m: [32menabled[m
[STDERR  ] 2017-09-13T20:53:26.905418306Z: - [37mCONFIG_CGROUP_PIDS[m: [32menabled[m
[STDERR  ] 2017-09-13T20:53:26.905426966Z: - [37mCONFIG_MEMCG_SWAP[m: [32menabled[m
[STDERR  ] 2017-09-13T20:53:26.905433347Z: - [37mCONFIG_MEMCG_SWAP_ENABLED[m: [32menabled[m
[STDERR  ] 2017-09-13T20:53:26.905438591Z:     [1;30m(cgroup swap accounting is currently enabled)[m
[STDERR  ] 2017-09-13T20:53:26.905444536Z: - [1mCONFIG_LEGACY_VSYSCALL_NONE[m: [1;31menabled[m
[STDERR  ] 2017-09-13T20:53:26.905458694Z:     [1;30m(containers using eglibc <= 2.13 will not work. Switch to[m
[STDERR  ] 2017-09-13T20:53:26.905464934Z:     [1;30m "CONFIG_VSYSCALL_[NATIVE|EMULATE]" or use "vsyscall=[native|emulate]"[m
[STDERR  ] 2017-09-13T20:53:26.905470506Z:     [1;30m on kernel command line. Note that this will disable ASLR for the,[m
[STDERR  ] 2017-09-13T20:53:26.905475891Z:     [1;30m VDSO which may assist in exploiting security vulnerabilities.)[m
[STDERR  ] 2017-09-13T20:53:26.905481419Z: - [37mCONFIG_MEMCG_KMEM[m: [32menabled[m
[STDERR  ] 2017-09-13T20:53:26.9054925Z: - [37mCONFIG_BLK_CGROUP[m: [32menabled[m
[STDERR  ] 2017-09-13T20:53:26.905498219Z: - [37mCONFIG_BLK_DEV_THROTTLING[m: [32menabled[m
[STDERR  ] 2017-09-13T20:53:26.905503556Z: - [37mCONFIG_IOSCHED_CFQ[m: [32menabled[m
[STDERR  ] 2017-09-13T20:53:26.905511097Z: - [37mCONFIG_CFQ_GROUP_IOSCHED[m: [32menabled[m
[STDERR  ] 2017-09-13T20:53:26.905516476Z: - [37mCONFIG_CGROUP_PERF[m: [32menabled[m
[STDERR  ] 2017-09-13T20:53:26.905521916Z: - [37mCONFIG_CGROUP_HUGETLB[m: [32menabled[m
[STDERR  ] 2017-09-13T20:53:26.905532093Z: - [37mCONFIG_NET_CLS_CGROUP[m: [32menabled[m
[STDERR  ] 2017-09-13T20:53:26.905542107Z: - [37mCONFIG_CGROUP_NET_PRIO[m: [32menabled[m
[STDERR  ] 2017-09-13T20:53:26.905547633Z: - [37mCONFIG_CFS_BANDWIDTH[m: [32menabled[m
[STDERR  ] 2017-09-13T20:53:26.905553013Z: - [37mCONFIG_FAIR_GROUP_SCHED[m: [32menabled[m
[STDERR  ] 2017-09-13T20:53:26.905559806Z: - [37mCONFIG_RT_GROUP_SCHED[m: [32menabled[m
[STDERR  ] 2017-09-13T20:53:26.905565189Z: - [37mCONFIG_IP_VS[m: [32menabled[m
[STDERR  ] 2017-09-13T20:53:26.905570609Z: - [37mCONFIG_IP_VS_NFCT[m: [32menabled[m
[STDERR  ] 2017-09-13T20:53:26.905576007Z: - [37mCONFIG_IP_VS_RR[m: [32menabled[m
[STDERR  ] 2017-09-13T20:53:26.905581319Z: - [37mCONFIG_EXT4_FS[m: [32menabled[m
[STDERR  ] 2017-09-13T20:53:26.905586707Z: - [37mCONFIG_EXT4_FS_POSIX_ACL[m: [32menabled[m
[STDERR  ] 2017-09-13T20:53:26.90559518Z: - [37mCONFIG_EXT4_FS_SECURITY[m: [32menabled[m
[STDERR  ] 2017-09-13T20:53:26.905600521Z: - Network Drivers:
[STDERR  ] 2017-09-13T20:53:26.905606324Z:   - "[34moverlay[m":
[STDERR  ] 2017-09-13T20:53:26.905612081Z:     - [37mCONFIG_VXLAN[m: [32menabled[m
[STDERR  ] 2017-09-13T20:53:26.905617556Z:       Optional (for encrypted networks):
[STDERR  ] 2017-09-13T20:53:26.90562284Z:       - [37mCONFIG_CRYPTO[m: [32menabled[m
[STDERR  ] 2017-09-13T20:53:26.9056281Z:       - [37mCONFIG_CRYPTO_AEAD[m: [32menabled[m
[STDERR  ] 2017-09-13T20:53:26.905633326Z:       - [37mCONFIG_CRYPTO_GCM[m: [32menabled[m
[STDERR  ] 2017-09-13T20:53:26.905638771Z:       - [37mCONFIG_CRYPTO_SEQIV[m: [32menabled[m
[STDERR  ] 2017-09-13T20:53:26.90564414Z:       - [37mCONFIG_CRYPTO_GHASH[m: [32menabled[m
[STDERR  ] 2017-09-13T20:53:26.905649437Z:       - [37mCONFIG_XFRM[m: [32menabled[m
[STDERR  ] 2017-09-13T20:53:26.905654694Z:       - [37mCONFIG_XFRM_USER[m: [32menabled (as module)[m
[STDERR  ] 2017-09-13T20:53:26.905661217Z:       - [37mCONFIG_XFRM_ALGO[m: [32menabled (as module)[m
[STDERR  ] 2017-09-13T20:53:26.90566668Z:       - [37mCONFIG_INET_ESP[m: [32menabled (as module)[m
[STDERR  ] 2017-09-13T20:53:26.90567196Z:       - [37mCONFIG_INET_XFRM_MODE_TRANSPORT[m: [32menabled (as module)[m
[STDERR  ] 2017-09-13T20:53:26.905677263Z:   - "[34mipvlan[m":
[STDERR  ] 2017-09-13T20:53:26.90568261Z:     - [37mCONFIG_IPVLAN[m: [32menabled[m
[STDERR  ] 2017-09-13T20:53:26.905687709Z:   - "[34mmacvlan[m":
[STDERR  ] 2017-09-13T20:53:26.905694303Z:     - [37mCONFIG_MACVLAN[m: [32menabled[m
[STDERR  ] 2017-09-13T20:53:26.905703943Z:     - [37mCONFIG_DUMMY[m: [32menabled (as module)[m
[STDERR  ] 2017-09-13T20:53:26.905709503Z:   - "[34mftp,tftp client in container[m":
[STDERR  ] 2017-09-13T20:53:26.90571478Z:     - [37mCONFIG_NF_NAT_FTP[m: [32menabled[m
[STDERR  ] 2017-09-13T20:53:26.905720148Z:     - [37mCONFIG_NF_CONNTRACK_FTP[m: [32menabled[m
[STDERR  ] 2017-09-13T20:53:26.905725529Z:     - [37mCONFIG_NF_NAT_TFTP[m: [32menabled[m
[STDERR  ] 2017-09-13T20:53:26.905730729Z:     - [37mCONFIG_NF_CONNTRACK_TFTP[m: [32menabled[m
[STDERR  ] 2017-09-13T20:53:26.905736358Z: - Storage Drivers:
[STDERR  ] 2017-09-13T20:53:26.905741826Z:   - "[34maufs[m":
[STDERR  ] 2017-09-13T20:53:26.905747215Z:     - [1mCONFIG_AUFS_FS[m: [1;31mmissing[m
[STDERR  ] 2017-09-13T20:53:26.905752603Z:   - "[34mbtrfs[m":
[STDERR  ] 2017-09-13T20:53:26.905759143Z:     - [37mCONFIG_BTRFS_FS[m: [32menabled (as module)[m
[STDERR  ] 2017-09-13T20:53:26.905764826Z:     - [37mCONFIG_BTRFS_FS_POSIX_ACL[m: [32menabled[m
[STDERR  ] 2017-09-13T20:53:26.905770072Z:   - "[34mdevicemapper[m":
[STDERR  ] 2017-09-13T20:53:26.905775892Z:     - [37mCONFIG_BLK_DEV_DM[m: [32menabled[m
[STDERR  ] 2017-09-13T20:53:26.905781169Z:     - [37mCONFIG_DM_THIN_PROVISIONING[m: [32menabled[m
[STDERR  ] 2017-09-13T20:53:26.905791996Z:   - "[34moverlay[m":
[STDERR  ] 2017-09-13T20:53:26.905802309Z:     - [37mCONFIG_OVERLAY_FS[m: [32menabled[m
[STDERR  ] 2017-09-13T20:53:26.905807908Z:   - "[34mzfs[m":
[STDERR  ] 2017-09-13T20:53:26.905816802Z:     - [1m/dev/zfs[m: [1;31mmissing[m
[STDERR  ] 2017-09-13T20:53:26.905822222Z:     - [1mzfs command[m: [1;31mmissing[m
[STDERR  ] 2017-09-13T20:53:26.905827646Z:     - [1mzpool command[m: [1;31mmissing[m
[STDERR  ] 2017-09-13T20:53:26.905832893Z: 
[STDERR  ] 2017-09-13T20:53:26.90583834Z: Limits:
[STDERR  ] 2017-09-13T20:53:26.905843923Z: [37m- /proc/sys/kernel/keys/root_maxkeys[m: [32m1000000[m
[STDERR  ] 2017-09-13T20:53:26.905849198Z: 
[STDERR  ] 2017-09-13T20:53:26.905854778Z: Kernel config test suite PASSED
[STDERR  ] 2017-09-13T20:53:26.905860853Z: [   41.982620] ACPI: Preparing to enter system sleep state S5
[STDERR  ] 2017-09-13T20:53:26.905866075Z: [   41.989009] reboot: Power down
[STDERR  ] 2017-09-13T20:53:26.905871739Z: + grep -q suite PASSED
[STDERR  ] 2017-09-13T20:53:26.906697936Z: + echo [    0.000000] Initializing cgroup subsys cpuset
[STDERR  ] 2017-09-13T20:53:26.90674774Z: [    0.000000] Initializing cgroup subsys cpu
[STDERR  ] 2017-09-13T20:53:26.90675935Z: [    0.000000] Initializing cgroup subsys cpuacct
[STDERR  ] 2017-09-13T20:53:26.906769209Z: [    0.000000] Linux version 4.4.87-linuxkit (root@e1ede117fb1e) (gcc version 6.3.0 (Alpine 6.3.0) ) #1 SMP Tue Sep 12 11:16:36 UTC 2017
[STDERR  ] 2017-09-13T20:53:26.906779527Z: [    0.000000] Command line: console=ttyS0
[STDERR  ] 2017-09-13T20:53:26.906803287Z: [    0.000000] x86/fpu: Legacy x87 FPU detected.
[STDERR  ] 2017-09-13T20:53:26.906812129Z: [    0.000000] x86/fpu: Using 'lazy' FPU context switches.
[STDERR  ] 2017-09-13T20:53:26.906820821Z: [    0.000000] e820: BIOS-provided physical RAM map:
[STDERR  ] 2017-09-13T20:53:26.90682982Z: [    0.000000] BIOS-e820: [mem 0x0000000000000000-0x000000000009fbff] usable
[STDERR  ] 2017-09-13T20:53:26.906839546Z: [    0.000000] BIOS-e820: [mem 0x000000000009fc00-0x000000000009ffff] reserved
[STDERR  ] 2017-09-13T20:53:26.906852131Z: [    0.000000] BIOS-e820: [mem 0x00000000000f0000-0x00000000000fffff] reserved
[STDERR  ] 2017-09-13T20:53:26.906874581Z: [    0.000000] BIOS-e820: [mem 0x0000000000100000-0x000000003ffdefff] usable
[STDERR  ] 2017-09-13T20:53:26.906885726Z: [    0.000000] BIOS-e820: [mem 0x000000003ffdf000-0x000000003fffffff] reserved
[STDERR  ] 2017-09-13T20:53:26.906898384Z: [    0.000000] BIOS-e820: [mem 0x00000000b0000000-0x00000000bfffffff] reserved
[STDERR  ] 2017-09-13T20:53:26.90692968Z: [    0.000000] BIOS-e820: [mem 0x00000000fed1c000-0x00000000fed1ffff] reserved
[STDERR  ] 2017-09-13T20:53:26.907152696Z: [    0.000000] BIOS-e820: [mem 0x00000000fffc0000-0x00000000ffffffff] reserved
[STDERR  ] 2017-09-13T20:53:26.907166528Z: [    0.000000] NX (Execute Disable) protection: active
[STDERR  ] 2017-09-13T20:53:26.907175511Z: [    0.000000] SMBIOS 2.8 present.
[STDERR  ] 2017-09-13T20:53:26.907184326Z: [    0.000000] e820: last_pfn = 0x3ffdf max_arch_pfn = 0x400000000
[STDERR  ] 2017-09-13T20:53:26.907193809Z: [    0.000000] x86/PAT: Configuration [0-7]: WB  WC  UC- UC  WB  WC  UC- WT  
[STDERR  ] 2017-09-13T20:53:26.907203188Z: [    0.000000] found SMP MP-table at [mem 0x000f6aa0-0x000f6aaf] mapped at [ffff8800000f6aa0]
[STDERR  ] 2017-09-13T20:53:26.907213041Z: [    0.000000] RAMDISK: [mem 0x3eb62000-0x3ffcffff]
[STDERR  ] 2017-09-13T20:53:26.907224973Z: [    0.000000] ACPI: Early table checksum verification disabled
[STDERR  ] 2017-09-13T20:53:26.907234454Z: [    0.000000] ACPI: RSDP 0x00000000000F68C0 000014 (v00 BOCHS )
[STDERR  ] 2017-09-13T20:53:26.907243521Z: [    0.000000] ACPI: RSDT 0x000000003FFE2404 000034 (v01 BOCHS  BXPCRSDT 00000001 BXPC 00000001)
[STDERR  ] 2017-09-13T20:53:26.907252739Z: [    0.000000] ACPI: FACP 0x000000003FFE22A4 000074 (v01 BOCHS  BXPCFACP 00000001 BXPC 00000001)
[STDERR  ] 2017-09-13T20:53:26.907261789Z: [    0.000000] ACPI: DSDT 0x000000003FFE0040 002264 (v01 BOCHS  BXPCDSDT 00000001 BXPC 00000001)
[STDERR  ] 2017-09-13T20:53:26.907270279Z: [    0.000000] ACPI: FACS 0x000000003FFE0000 000040
[STDERR  ] 2017-09-13T20:53:26.907278798Z: [    0.000000] ACPI: APIC 0x000000003FFE2318 000078 (v01 BOCHS  BXPCAPIC 00000001 BXPC 00000001)
[STDERR  ] 2017-09-13T20:53:26.907298646Z: [    0.000000] ACPI: HPET 0x000000003FFE2390 000038 (v01 BOCHS  BXPCHPET 00000001 BXPC 00000001)
[STDERR  ] 2017-09-13T20:53:26.907308686Z: [    0.000000] ACPI: MCFG 0x000000003FFE23C8 00003C (v01 BOCHS  BXPCMCFG 00000001 BXPC 00000001)
[STDERR  ] 2017-09-13T20:53:26.907317989Z: [    0.000000] Zone ranges:
[STDERR  ] 2017-09-13T20:53:26.907327714Z: [    0.000000]   DMA      [mem 0x0000000000001000-0x0000000000ffffff]
[STDERR  ] 2017-09-13T20:53:26.907338783Z: [    0.000000]   DMA32    [mem 0x0000000001000000-0x000000003ffdefff]
[STDERR  ] 2017-09-13T20:53:26.907347998Z: [    0.000000]   Normal   empty
[STDERR  ] 2017-09-13T20:53:26.907357614Z: [    0.000000] Movable zone start for each node
[STDERR  ] 2017-09-13T20:53:26.907366929Z: [    0.000000] Early memory node ranges
[STDERR  ] 2017-09-13T20:53:26.907375916Z: [    0.000000]   node   0: [mem 0x0000000000001000-0x000000000009efff]
[STDERR  ] 2017-09-13T20:53:26.907390386Z: [    0.000000]   node   0: [mem 0x0000000000100000-0x000000003ffdefff]
[STDERR  ] 2017-09-13T20:53:26.907408323Z: [    0.000000] Initmem setup node 0 [mem 0x0000000000001000-0x000000003ffdefff]
[STDERR  ] 2017-09-13T20:53:26.907424228Z: [    0.000000] ACPI: PM-Timer IO Port: 0x608
[STDERR  ] 2017-09-13T20:53:26.907433406Z: [    0.000000] ACPI: LAPIC_NMI (acpi_id[0xff] dfl dfl lint[0x1])
[STDERR  ] 2017-09-13T20:53:26.907442148Z: [    0.000000] IOAPIC[0]: apic_id 0, version 32, address 0xfec00000, GSI 0-23
[STDERR  ] 2017-09-13T20:53:26.907450831Z: [    0.000000] ACPI: INT_SRC_OVR (bus 0 bus_irq 0 global_irq 2 dfl dfl)
[STDERR  ] 2017-09-13T20:53:26.907462691Z: [    0.000000] ACPI: INT_SRC_OVR (bus 0 bus_irq 5 global_irq 5 high level)
[STDERR  ] 2017-09-13T20:53:26.907472607Z: [    0.000000] ACPI: INT_SRC_OVR (bus 0 bus_irq 9 global_irq 9 high level)
[STDERR  ] 2017-09-13T20:53:26.907482227Z: [    0.000000] ACPI: INT_SRC_OVR (bus 0 bus_irq 10 global_irq 10 high level)
[STDERR  ] 2017-09-13T20:53:26.907491938Z: [    0.000000] ACPI: INT_SRC_OVR (bus 0 bus_irq 11 global_irq 11 high level)
[STDERR  ] 2017-09-13T20:53:26.907501373Z: [    0.000000] Using ACPI (MADT) for SMP configuration information
[STDERR  ] 2017-09-13T20:53:26.907510351Z: [    0.000000] ACPI: HPET id: 0x8086a201 base: 0xfed00000
[STDERR  ] 2017-09-13T20:53:26.907519414Z: [    0.000000] smpboot: Allowing 1 CPUs, 0 hotplug CPUs
[STDERR  ] 2017-09-13T20:53:26.907528519Z: [    0.000000] e820: [mem 0x40000000-0xafffffff] available for PCI devices
[STDERR  ] 2017-09-13T20:53:26.907537643Z: [    0.000000] Booting paravirtualized kernel on bare hardware
[STDERR  ] 2017-09-13T20:53:26.907546538Z: [    0.000000] clocksource: refined-jiffies: mask: 0xffffffff max_cycles: 0xffffffff, max_idle_ns: 19112604462750000 ns
[STDERR  ] 2017-09-13T20:53:26.907563714Z: [    0.000000] setup_percpu: NR_CPUS:128 nr_cpumask_bits:128 nr_cpu_ids:1 nr_node_ids:1
[STDERR  ] 2017-09-13T20:53:26.907575193Z: [    0.000000] PERCPU: Embedded 33 pages/cpu @ffff88003e800000 s95896 r8192 d31080 u2097152
[STDERR  ] 2017-09-13T20:53:26.907586314Z: [    0.000000] Built 1 zonelists in Zone order, mobility grouping on.  Total pages: 257896
[STDERR  ] 2017-09-13T20:53:26.907595454Z: [    0.000000] Kernel command line: console=ttyS0
[STDERR  ] 2017-09-13T20:53:26.907604684Z: [    0.000000] PID hash table entries: 4096 (order: 3, 32768 bytes)
[STDERR  ] 2017-09-13T20:53:26.907614851Z: [    0.000000] Dentry cache hash table entries: 131072 (order: 8, 1048576 bytes)
[STDERR  ] 2017-09-13T20:53:26.907624029Z: [    0.000000] Inode-cache hash table entries: 65536 (order: 7, 524288 bytes)
[STDERR  ] 2017-09-13T20:53:26.907635059Z: [    0.000000] Memory: 993156K/1048052K available (7633K kernel code, 1263K rwdata, 2704K rodata, 1300K init, 688K bss, 54896K reserved, 0K cma-reserved)
[STDERR  ] 2017-09-13T20:53:26.90764511Z: [    0.000000] Hierarchical RCU implementation.
[STDERR  ] 2017-09-13T20:53:26.907654602Z: [    0.000000] 	Build-time adjustment of leaf fanout to 64.
[STDERR  ] 2017-09-13T20:53:26.907663855Z: [    0.000000] 	RCU restricting CPUs from NR_CPUS=128 to nr_cpu_ids=1.
[STDERR  ] 2017-09-13T20:53:26.907678783Z: [    0.000000] RCU: Adjusting geometry for rcu_fanout_leaf=64, nr_cpu_ids=1
[STDERR  ] 2017-09-13T20:53:26.907688038Z: [    0.000000] NR_IRQS:8448 nr_irqs:256 16
[STDERR  ] 2017-09-13T20:53:26.907697092Z: [    0.000000] Console: colour VGA+ 80x25
[STDERR  ] 2017-09-13T20:53:26.907706373Z: [    0.000000] console [ttyS0] enabled
[STDERR  ] 2017-09-13T20:53:26.907715252Z: [    0.000000] clocksource: hpet: mask: 0xffffffff max_cycles: 0xffffffff, max_idle_ns: 19112604467 ns
[STDERR  ] 2017-09-13T20:53:26.907725202Z: [    0.000000] tsc: Unable to calibrate against PIT
[STDERR  ] 2017-09-13T20:53:26.907734717Z: [    0.000000] tsc: using HPET reference calibration
[STDERR  ] 2017-09-13T20:53:26.90774375Z: [    0.000000] tsc: Detected 2600.077 MHz processor
[STDERR  ] 2017-09-13T20:53:26.907781476Z: [    0.053582] Calibrating delay loop (skipped), value calculated using timer frequency.. 5200.15 BogoMIPS (lpj=26000770)
[STDERR  ] 2017-09-13T20:53:26.907791946Z: [    0.055147] pid_max: default: 32768 minimum: 301
[STDERR  ] 2017-09-13T20:53:26.907800898Z: [    0.056121] ACPI: Core revision 20150930
[STDERR  ] 2017-09-13T20:53:26.907810006Z: [    0.126520] ACPI: 1 ACPI AML tables successfully acquired and loaded
[STDERR  ] 2017-09-13T20:53:26.907819756Z: [    0.128962] Security Framework initialized
[STDERR  ] 2017-09-13T20:53:26.907828837Z: [    0.130194] Yama: becoming mindful.
[STDERR  ] 2017-09-13T20:53:26.90783784Z: [    0.135340] Mount-cache hash table entries: 2048 (order: 2, 16384 bytes)
[STDERR  ] 2017-09-13T20:53:26.907846996Z: [    0.136070] Mountpoint-cache hash table entries: 2048 (order: 2, 16384 bytes)
[STDERR  ] 2017-09-13T20:53:26.907855858Z: [    0.158490] Initializing cgroup subsys io
[STDERR  ] 2017-09-13T20:53:26.90786481Z: [    0.160126] Initializing cgroup subsys memory
[STDERR  ] 2017-09-13T20:53:26.907873838Z: [    0.161379] Initializing cgroup subsys devices
[STDERR  ] 2017-09-13T20:53:26.907882598Z: [    0.161861] Initializing cgroup subsys freezer
[STDERR  ] 2017-09-13T20:53:26.907891778Z: [    0.162254] Initializing cgroup subsys net_cls
[STDERR  ] 2017-09-13T20:53:26.90790107Z: [    0.162577] Initializing cgroup subsys perf_event
[STDERR  ] 2017-09-13T20:53:26.90791244Z: [    0.163031] Initializing cgroup subsys net_prio
[STDERR  ] 2017-09-13T20:53:26.907921475Z: [    0.163652] Initializing cgroup subsys hugetlb
[STDERR  ] 2017-09-13T20:53:26.907930566Z: [    0.164236] Initializing cgroup subsys pids
[STDERR  ] 2017-09-13T20:53:26.907958443Z: [    0.167968] Last level iTLB entries: 4KB 0, 2MB 0, 4MB 0
[STDERR  ] 2017-09-13T20:53:26.907968516Z: [    0.168271] Last level dTLB entries: 4KB 0, 2MB 0, 4MB 0, 1GB 0
[STDERR  ] 2017-09-13T20:53:26.907977975Z: [    0.535283] Freeing SMP alternatives memory: 20K
[STDERR  ] 2017-09-13T20:53:26.907986988Z: [    0.545026] ftrace: allocating 33495 entries in 131 pages
[STDERR  ] 2017-09-13T20:53:26.908008232Z: [    0.713988] ..TIMER: vector=0x30 apic1=0 pin1=2 apic2=-1 pin2=-1
[STDERR  ] 2017-09-13T20:53:26.90801748Z: [    0.820000] smpboot: CPU0: AMD QEMU Virtual CPU version 2.5+ (family: 0x6, model: 0x6, stepping: 0x3)
[STDERR  ] 2017-09-13T20:53:26.908032138Z: [    0.820000] Performance Events: Broken PMU hardware detected, using software events only.
[STDERR  ] 2017-09-13T20:53:26.90804199Z: [    0.820000] Failed to access perfctr msr (MSR c0010007 is 0)
[STDERR  ] 2017-09-13T20:53:26.90805131Z: [    0.828776] x86: Booted up 1 node, 1 CPUs
[STDERR  ] 2017-09-13T20:53:26.908062722Z: [    0.829186] smpboot: Total of 1 processors activated (5200.15 BogoMIPS)
[STDERR  ] 2017-09-13T20:53:26.908071946Z: [    0.838011] NMI watchdog: disabled (cpu0): hardware events not enabled
[STDERR  ] 2017-09-13T20:53:26.9080833Z: [    0.838585] NMI watchdog: Shutting down hard lockup detector on all cpus
[STDERR  ] 2017-09-13T20:53:26.90809263Z: [    0.848773] devtmpfs: initialized
[STDERR  ] 2017-09-13T20:53:26.908101918Z: [    0.923160] clocksource: jiffies: mask: 0xffffffff max_cycles: 0xffffffff, max_idle_ns: 19112604462750000 ns
[STDERR  ] 2017-09-13T20:53:26.908116693Z: [    0.924214] futex hash table entries: 256 (order: 2, 16384 bytes)
[STDERR  ] 2017-09-13T20:53:26.908125918Z: [    0.939776] NET: Registered protocol family 16
[STDERR  ] 2017-09-13T20:53:26.908135553Z: [    0.948942] cpuidle: using governor ladder
[STDERR  ] 2017-09-13T20:53:26.908145071Z: [    0.950162] cpuidle: using governor menu
[STDERR  ] 2017-09-13T20:53:26.908154042Z: [    0.951770] ACPI: bus type PCI registered
[STDERR  ] 2017-09-13T20:53:26.908163051Z: [    0.956455] PCI: MMCONFIG for domain 0000 [bus 00-ff] at [mem 0xb0000000-0xbfffffff] (base 0xb0000000)
[STDERR  ] 2017-09-13T20:53:26.908172157Z: [    0.957446] PCI: MMCONFIG at [mem 0xb0000000-0xbfffffff] reserved in E820
[STDERR  ] 2017-09-13T20:53:26.908181202Z: [    0.959327] PCI: Using configuration type 1 for base access
[STDERR  ] 2017-09-13T20:53:26.908214519Z: [    1.028806] ACPI: Added _OSI(Module Device)
[STDERR  ] 2017-09-13T20:53:26.908225179Z: [    1.029126] ACPI: Added _OSI(Processor Device)
[STDERR  ] 2017-09-13T20:53:26.908234244Z: [    1.029485] ACPI: Added _OSI(3.0 _SCP Extensions)
[STDERR  ] 2017-09-13T20:53:26.908243547Z: [    1.029816] ACPI: Added _OSI(Processor Aggregator Device)
[STDERR  ] 2017-09-13T20:53:26.908252439Z: [    1.117092] ACPI: Interpreter enabled
[STDERR  ] 2017-09-13T20:53:26.908261399Z: [    1.118037] ACPI: (supports S0 S5)
[STDERR  ] 2017-09-13T20:53:26.908270417Z: [    1.118431] ACPI: Using IOAPIC for interrupt routing
[STDERR  ] 2017-09-13T20:53:26.908281737Z: [    1.121682] PCI: Using host bridge windows from ACPI; if necessary, use "pci=nocrs" and report a bug
[STDERR  ] 2017-09-13T20:53:26.908291001Z: [    1.190148] ACPI: PCI Root Bridge [PCI0] (domain 0000 [bus 00-ff])
[STDERR  ] 2017-09-13T20:53:26.908300917Z: [    1.191411] acpi PNP0A08:00: _OSC: OS supports [ExtendedConfig ASPM ClockPM Segments MSI]
[STDERR  ] 2017-09-13T20:53:26.908316497Z: [    1.200408] acpi PNP0A08:00: _OSC: OS now controls [PCIeHotplug PME PCIeCapability]
[STDERR  ] 2017-09-13T20:53:26.908325939Z: [    1.204514] PCI host bridge to bus 0000:00
[STDERR  ] 2017-09-13T20:53:26.908335004Z: [    1.205063] pci_bus 0000:00: root bus resource [io  0x0000-0x0cf7 window]
[STDERR  ] 2017-09-13T20:53:26.908344314Z: [    1.205650] pci_bus 0000:00: root bus resource [io  0x0d00-0xffff window]
[STDERR  ] 2017-09-13T20:53:26.908353454Z: [    1.206114] pci_bus 0000:00: root bus resource [mem 0x000a0000-0x000bffff window]
[STDERR  ] 2017-09-13T20:53:26.908362274Z: [    1.206699] pci_bus 0000:00: root bus resource [mem 0xc0000000-0xfebfffff window]
[STDERR  ] 2017-09-13T20:53:26.908373073Z: [    1.207319] pci_bus 0000:00: root bus resource [bus 00-ff]
[STDERR  ] 2017-09-13T20:53:26.908382649Z: [    1.331353] pci 0000:00:1f.0: quirk: [io  0x0600-0x067f] claimed by ICH6 ACPI/GPIO/TCO
[STDERR  ] 2017-09-13T20:53:26.908391773Z: [    1.398424] ACPI: PCI Interrupt Link [LNKA] (IRQs 5 *10 11)
[STDERR  ] 2017-09-13T20:53:26.908400908Z: [    1.401723] ACPI: PCI Interrupt Link [LNKB] (IRQs 5 *10 11)
[STDERR  ] 2017-09-13T20:53:26.908409828Z: [    1.403917] ACPI: PCI Interrupt Link [LNKC] (IRQs 5 10 *11)
[STDERR  ] 2017-09-13T20:53:26.908418757Z: [    1.405829] ACPI: PCI Interrupt Link [LNKD] (IRQs 5 10 *11)
[STDERR  ] 2017-09-13T20:53:26.908427608Z: [    1.407683] ACPI: PCI Interrupt Link [LNKE] (IRQs 5 *10 11)
[STDERR  ] 2017-09-13T20:53:26.908436633Z: [    1.411133] ACPI: PCI Interrupt Link [LNKF] (IRQs 5 *10 11)
[STDERR  ] 2017-09-13T20:53:26.908445575Z: [    1.413021] ACPI: PCI Interrupt Link [LNKG] (IRQs 5 10 *11)
[STDERR  ] 2017-09-13T20:53:26.908454183Z: [    1.414897] ACPI: PCI Interrupt Link [LNKH] (IRQs 5 10 *11)
[STDERR  ] 2017-09-13T20:53:26.908463495Z: [    1.415871] ACPI: PCI Interrupt Link [GSIA] (IRQs *16)
[STDERR  ] 2017-09-13T20:53:26.908472605Z: [    1.416674] ACPI: PCI Interrupt Link [GSIB] (IRQs *17)
[STDERR  ] 2017-09-13T20:53:26.908487599Z: [    1.417465] ACPI: PCI Interrupt Link [GSIC] (IRQs *18)
[STDERR  ] 2017-09-13T20:53:26.908502398Z: [    1.418280] ACPI: PCI Interrupt Link [GSID] (IRQs *19)
[STDERR  ] 2017-09-13T20:53:26.908516447Z: [    1.419039] ACPI: PCI Interrupt Link [GSIE] (IRQs *20)
[STDERR  ] 2017-09-13T20:53:26.908525474Z: [    1.419792] ACPI: PCI Interrupt Link [GSIF] (IRQs *21)
[STDERR  ] 2017-09-13T20:53:26.908534621Z: [    1.420584] ACPI: PCI Interrupt Link [GSIG] (IRQs *22)
[STDERR  ] 2017-09-13T20:53:26.908543517Z: [    1.421356] ACPI: PCI Interrupt Link [GSIH] (IRQs *23)
[STDERR  ] 2017-09-13T20:53:26.908552894Z: [    1.425578] ACPI: Enabled 2 GPEs in block 00 to 3F
[STDERR  ] 2017-09-13T20:53:26.908562034Z: [    1.430298] SCSI subsystem initialized
[STDERR  ] 2017-09-13T20:53:26.908570999Z: [    1.432365] ACPI: bus type USB registered
[STDERR  ] 2017-09-13T20:53:26.908580164Z: [    1.433662] usbcore: registered new interface driver usbfs
[STDERR  ] 2017-09-13T20:53:26.908589124Z: [    1.434630] usbcore: registered new interface driver hub
[STDERR  ] 2017-09-13T20:53:26.90860224Z: [    1.435581] usbcore: registered new device driver usb
[STDERR  ] 2017-09-13T20:53:26.908611433Z: [    1.436897] pps_core: LinuxPPS API ver. 1 registered
[STDERR  ] 2017-09-13T20:53:26.908620508Z: [    1.437234] pps_core: Software ver. 5.3.6 - Copyright 2005-2007 Rodolfo Giometti <giometti@linux.it>
[STDERR  ] 2017-09-13T20:53:26.908630129Z: [    1.438144] PTP clock support registered
[STDERR  ] 2017-09-13T20:53:26.908639197Z: [    1.439563] wmi: Mapper loaded
[STDERR  ] 2017-09-13T20:53:26.908648687Z: [    1.440985] PCI: Using ACPI for IRQ routing
[STDERR  ] 2017-09-13T20:53:26.908657832Z: [    1.461708] NetLabel: Initializing
[STDERR  ] 2017-09-13T20:53:26.908666692Z: [    1.462002] NetLabel:  domain hash size = 128
[STDERR  ] 2017-09-13T20:53:26.90867703Z: [    1.462471] NetLabel:  protocols = UNLABELED CIPSOv4
[STDERR  ] 2017-09-13T20:53:26.908686109Z: [    1.465187] NetLabel:  unlabeled traffic allowed by default
[STDERR  ] 2017-09-13T20:53:26.908695037Z: [    1.466632] HPET: 3 timers in total, 0 timers will be used for per-cpu timer
[STDERR  ] 2017-09-13T20:53:26.908704704Z: [    1.467530] hpet0: at MMIO 0xfed00000, IRQs 2, 8, 0
[STDERR  ] 2017-09-13T20:53:26.908714192Z: [    1.468133] hpet0: 3 comparators, 64-bit 100.000000 MHz counter
[STDERR  ] 2017-09-13T20:53:26.908725282Z: [    1.473025] amd_nb: Cannot enumerate AMD northbridges
[STDERR  ] 2017-09-13T20:53:26.90873433Z: [    1.474261] clocksource: Switched to clocksource hpet
[STDERR  ] 2017-09-13T20:53:26.908743369Z: [    1.694071] FS-Cache: Loaded
[STDERR  ] 2017-09-13T20:53:26.908753104Z: [    1.699644] CacheFiles: Loaded
[STDERR  ] 2017-09-13T20:53:26.908765529Z: [    1.703228] pnp: PnP ACPI init
[STDERR  ] 2017-09-13T20:53:26.908774773Z: [    1.715399] pnp: PnP ACPI: found 5 devices
[STDERR  ] 2017-09-13T20:53:26.90878349Z: [    1.767180] clocksource: acpi_pm: mask: 0xffffff max_cycles: 0xffffff, max_idle_ns: 2085701024 ns
[STDERR  ] 2017-09-13T20:53:26.908792734Z: [    1.770801] NET: Registered protocol family 2
[STDERR  ] 2017-09-13T20:53:26.90880813Z: [    1.778772] TCP established hash table entries: 8192 (order: 4, 65536 bytes)
[STDERR  ] 2017-09-13T20:53:26.908816337Z: [    1.779783] TCP bind hash table entries: 8192 (order: 5, 131072 bytes)
[STDERR  ] 2017-09-13T20:53:26.908824724Z: [    1.780869] TCP: Hash tables configured (established 8192 bind 8192)
[STDERR  ] 2017-09-13T20:53:26.908832907Z: [    1.782452] UDP hash table entries: 512 (order: 2, 16384 bytes)
[STDERR  ] 2017-09-13T20:53:26.908843826Z: [    1.783109] UDP-Lite hash table entries: 512 (order: 2, 16384 bytes)
[STDERR  ] 2017-09-13T20:53:26.908849652Z: [    1.785815] NET: Registered protocol family 1
[STDERR  ] 2017-09-13T20:53:26.908855043Z: [    1.794200] Unpacking initramfs...
[STDERR  ] 2017-09-13T20:53:26.908860396Z: [    5.215504] Freeing initrd memory: 20920K
[STDERR  ] 2017-09-13T20:53:26.908868356Z: [    5.241310] PCLMULQDQ-NI instructions are not detected.
[STDERR  ] 2017-09-13T20:53:26.908877192Z: [    5.242974] AVX or AES-NI instructions are not detected.
[STDERR  ] 2017-09-13T20:53:26.908886597Z: [    5.243503] CPU feature 'AVX registers' is not supported.
[STDERR  ] 2017-09-13T20:53:26.90890104Z: [    5.243978] CPU feature 'AVX registers' is not supported.
[STDERR  ] 2017-09-13T20:53:26.908912536Z: [    5.244455] CPU feature 'AVX registers' is not supported.
[STDERR  ] 2017-09-13T20:53:26.908921582Z: [    5.244941] CPU feature 'AVX registers' is not supported.
[STDERR  ] 2017-09-13T20:53:26.908930593Z: [    5.245486] AVX2 or AES-NI instructions are not detected.
[STDERR  ] 2017-09-13T20:53:26.908939516Z: [    5.245976] AVX2 instructions are not detected.
[STDERR  ] 2017-09-13T20:53:26.908948406Z: [    5.253448] audit: initializing netlink subsys (disabled)
[STDERR  ] 2017-09-13T20:53:26.908964013Z: [    5.255107] audit: type=2000 audit(1505335968.250:1): initialized
[STDERR  ] 2017-09-13T20:53:26.908973433Z: [    5.262804] HugeTLB registered 2 MB page size, pre-allocated 0 pages
[STDERR  ] 2017-09-13T20:53:26.908988784Z: [    5.267061] VFS: Disk quotas dquot_6.6.0
[STDERR  ] 2017-09-13T20:53:26.909004577Z: [    5.267873] VFS: Dquot-cache hash table entries: 512 (order 0, 4096 bytes)
[STDERR  ] 2017-09-13T20:53:26.909015542Z: [    5.274437] FS-Cache: Netfs 'cifs' registered for caching
[STDERR  ] 2017-09-13T20:53:26.909024579Z: [    5.275423] fuse init (API version 7.23)
[STDERR  ] 2017-09-13T20:53:26.909033803Z: [    5.277872] SGI XFS with ACLs, security attributes, no debug enabled
[STDERR  ] 2017-09-13T20:53:26.909043026Z: [    5.281049] 9p: Installing v9fs 9p2000 file system support
[STDERR  ] 2017-09-13T20:53:26.909052234Z: [    5.281588] FS-Cache: Netfs '9p' registered for caching
[STDERR  ] 2017-09-13T20:53:26.909061582Z: [    5.283514] Key type big_key registered
[STDERR  ] 2017-09-13T20:53:26.909070496Z: [    5.319161] NET: Registered protocol family 38
[STDERR  ] 2017-09-13T20:53:26.909079604Z: [    5.319815] Key type asymmetric registered
[STDERR  ] 2017-09-13T20:53:26.909088492Z: [    5.321552] Asymmetric key parser 'x509' registered
[STDERR  ] 2017-09-13T20:53:26.909097376Z: [    5.322705] Block layer SCSI generic (bsg) driver version 0.4 loaded (major 251)
[STDERR  ] 2017-09-13T20:53:26.909106609Z: [    5.324453] io scheduler noop registered
[STDERR  ] 2017-09-13T20:53:26.909115484Z: [    5.324834] io scheduler deadline registered (default)
[STDERR  ] 2017-09-13T20:53:26.909124473Z: [    5.328009] io scheduler cfq registered
[STDERR  ] 2017-09-13T20:53:26.909133722Z: [    5.331707] pci_hotplug: PCI Hot Plug PCI Core version: 0.5
[STDERR  ] 2017-09-13T20:53:26.909143018Z: [    5.332437] pciehp: PCI Express Hot Plug Controller Driver version: 0.4
[STDERR  ] 2017-09-13T20:53:26.909152328Z: [    5.333439] shpchp: Standard Hot Plug PCI Controller Driver version: 0.4
[STDERR  ] 2017-09-13T20:53:26.909161365Z: [    5.334487] hv_vmbus: registering driver hyperv_fb
[STDERR  ] 2017-09-13T20:53:26.909170281Z: [    5.337750] input: Power Button as /devices/LNXSYSTM:00/LNXPWRBN:00/input/input0
[STDERR  ] 2017-09-13T20:53:26.909179236Z: [    5.338927] ACPI: Power Button [PWRF]
[STDERR  ] 2017-09-13T20:53:26.909188246Z: [    5.344377] GHES: HEST is not enabled!
[STDERR  ] 2017-09-13T20:53:26.909197221Z: [    5.357689] ACPI: PCI Interrupt Link [GSIG] enabled at IRQ 22
[STDERR  ] 2017-09-13T20:53:26.909206158Z: [    5.370984] ACPI: PCI Interrupt Link [GSIH] enabled at IRQ 23
[STDERR  ] 2017-09-13T20:53:26.909221035Z: [    5.376780] xenfs: not registering filesystem on non-xen platform
[STDERR  ] 2017-09-13T20:53:26.909230286Z: [    5.379111] Serial: 8250/16550 driver, 4 ports, IRQ sharing disabled
[STDERR  ] 2017-09-13T20:53:26.909239105Z: [    5.404856] 00:04: ttyS0 at I/O 0x3f8 (irq = 4, base_baud = 115200) is a 16550A
[STDERR  ] 2017-09-13T20:53:26.909255741Z: [    5.417104] Non-volatile memory driver v1.3
[STDERR  ] 2017-09-13T20:53:26.909264722Z: [    5.425435] Hangcheck: starting hangcheck timer 0.9.1 (tick is 180 seconds, margin is 60 seconds).
[STDERR  ] 2017-09-13T20:53:26.909273665Z: [    5.463758] loop: module loaded
[STDERR  ] 2017-09-13T20:53:26.910182405Z: [    5.477727] nbd: registered device at major 43
[STDERR  ] 2017-09-13T20:53:26.910215228Z: [    5.518691] lpc_ich 0000:00:1f.0: I/O space for GPIO uninitialized
[STDERR  ] 2017-09-13T20:53:26.910225366Z: [    5.521605] VMware PVSCSI driver - version 1.0.5.0-k
[STDERR  ] 2017-09-13T20:53:26.910234138Z: [    5.522623] hv_vmbus: registering driver hv_storvsc
[STDERR  ] 2017-09-13T20:53:26.910242545Z: [    5.533399] ACPI: PCI Interrupt Link [GSIA] enabled at IRQ 16
[STDERR  ] 2017-09-13T20:53:26.91025076Z: [    5.539084] ahci 0000:00:1f.2: AHCI 0001.0000 32 slots 6 ports 1.5 Gbps 0x3f impl SATA mode
[STDERR  ] 2017-09-13T20:53:26.910259816Z: [    5.539949] ahci 0000:00:1f.2: flags: 64bit ncq only 
[STDERR  ] 2017-09-13T20:53:26.91026867Z: [    5.559711] scsi host0: ahci
[STDERR  ] 2017-09-13T20:53:26.91027795Z: [    5.564407] scsi host1: ahci
[STDERR  ] 2017-09-13T20:53:26.910288468Z: [    5.566894] scsi host2: ahci
[STDERR  ] 2017-09-13T20:53:26.9103086Z: [    5.570606] scsi host3: ahci
[STDERR  ] 2017-09-13T20:53:26.910318747Z: [    5.573165] scsi host4: ahci
[STDERR  ] 2017-09-13T20:53:26.91032787Z: [    5.575451] scsi host5: ahci
[STDERR  ] 2017-09-13T20:53:26.91033675Z: [    5.577280] ata1: SATA max UDMA/133 abar m4096@0xfebd2000 port 0xfebd2100 irq 24
[STDERR  ] 2017-09-13T20:53:26.910345953Z: [    5.577834] ata2: SATA max UDMA/133 abar m4096@0xfebd2000 port 0xfebd2180 irq 24
[STDERR  ] 2017-09-13T20:53:26.910355027Z: [    5.578307] ata3: SATA max UDMA/133 abar m4096@0xfebd2000 port 0xfebd2200 irq 24
[STDERR  ] 2017-09-13T20:53:26.910363975Z: [    5.578782] ata4: SATA max UDMA/133 abar m4096@0xfebd2000 port 0xfebd2280 irq 24
[STDERR  ] 2017-09-13T20:53:26.910372675Z: [    5.579279] ata5: SATA max UDMA/133 abar m4096@0xfebd2000 port 0xfebd2300 irq 24
[STDERR  ] 2017-09-13T20:53:26.910384155Z: [    5.579812] ata6: SATA max UDMA/133 abar m4096@0xfebd2000 port 0xfebd2380 irq 24
[STDERR  ] 2017-09-13T20:53:26.910393868Z: [    5.592534] tun: Universal TUN/TAP device driver, 1.6
[STDERR  ] 2017-09-13T20:53:26.910402527Z: [    5.592973] tun: (C) 1999-2004 Max Krasnyansky <maxk@qualcomm.com>
[STDERR  ] 2017-09-13T20:53:26.910411962Z: [    5.604437] VMware vmxnet3 virtual NIC driver - version 1.4.5.0-k-NAPI
[STDERR  ] 2017-09-13T20:53:26.910429042Z: [    5.605679] hv_vmbus: registering driver hv_netvsc
[STDERR  ] 2017-09-13T20:53:26.910438528Z: [    5.606030] Fusion MPT base driver 3.04.20
[STDERR  ] 2017-09-13T20:53:26.910447365Z: [    5.606383] Copyright (c) 1999-2008 LSI Corporation
[STDERR  ] 2017-09-13T20:53:26.910455973Z: [    5.607072] Fusion MPT SPI Host driver 3.04.20
[STDERR  ] 2017-09-13T20:53:26.910464828Z: [    5.609330] i8042: PNP: PS/2 Controller [PNP0303:KBD,PNP0f13:MOU] at 0x60,0x64 irq 1,12
[STDERR  ] 2017-09-13T20:53:26.910473217Z: [    5.614073] serio: i8042 KBD port at 0x60,0x64 irq 1
[STDERR  ] 2017-09-13T20:53:26.910481431Z: [    5.615053] serio: i8042 AUX port at 0x60,0x64 irq 12
[STDERR  ] 2017-09-13T20:53:26.910493727Z: [    5.618377] hv_vmbus: registering driver hyperv_keyboard
[STDERR  ] 2017-09-13T20:53:26.91049951Z: [    5.621086] mousedev: PS/2 mouse device common for all mice
[STDERR  ] 2017-09-13T20:53:26.910504788Z: [    5.626125] input: AT Translated Set 2 keyboard as /devices/platform/i8042/serio0/input/input1
[STDERR  ] 2017-09-13T20:53:26.910510392Z: [    5.629398] input: PC Speaker as /devices/platform/pcspkr/input/input2
[STDERR  ] 2017-09-13T20:53:26.910516268Z: [    5.633607] rtc_cmos 00:00: RTC can wake from S4
[STDERR  ] 2017-09-13T20:53:26.9105268Z: [    5.636975] rtc_cmos 00:00: rtc core: registered rtc_cmos as rtc0
[STDERR  ] 2017-09-13T20:53:26.9105324Z: [    5.638621] rtc_cmos 00:00: alarms up to one day, y3k, 114 bytes nvram, hpet irqs
[STDERR  ] 2017-09-13T20:53:26.910538326Z: [    5.639551] i2c /dev entries driver
[STDERR  ] 2017-09-13T20:53:26.91054359Z: [    5.641922] device-mapper: ioctl: 4.34.0-ioctl (2015-10-28) initialised: dm-devel@redhat.com
[STDERR  ] 2017-09-13T20:53:26.910548936Z: [    5.647216] usbcore: registered new interface driver usbhid
[STDERR  ] 2017-09-13T20:53:26.910554294Z: [    5.647726] usbhid: USB HID core driver
[STDERR  ] 2017-09-13T20:53:26.910563989Z: [    5.648526] hv_utils: Registering HyperV Utility Driver
[STDERR  ] 2017-09-13T20:53:26.910569467Z: [    5.648868] hv_vmbus: registering driver hv_util
[STDERR  ] 2017-09-13T20:53:26.91057477Z: [    5.649250] hv_vmbus: registering driver hv_balloon
[STDERR  ] 2017-09-13T20:53:26.910580146Z: [    5.649922] oprofile: using NMI interrupt.
[STDERR  ] 2017-09-13T20:53:26.91058536Z: [    5.651683] GACT probability on
[STDERR  ] 2017-09-13T20:53:26.9105906Z: [    5.652191] Mirror/redirect action on
[STDERR  ] 2017-09-13T20:53:26.910595886Z: [    5.652746] Simple TC action Loaded
[STDERR  ] 2017-09-13T20:53:26.910601024Z: [    5.653203] u32 classifier
[STDERR  ] 2017-09-13T20:53:26.910606377Z: [    5.653433]     Performance counters on
[STDERR  ] 2017-09-13T20:53:26.910611574Z: [    5.653696]     input device check on
[STDERR  ] 2017-09-13T20:53:26.910619384Z: [    5.653919]     Actions configured
[STDERR  ] 2017-09-13T20:53:26.91062472Z: [    5.655607] Netfilter messages via NETLINK v0.30.
[STDERR  ] 2017-09-13T20:53:26.910629954Z: [    5.656356] nfnl_acct: registering with nfnetlink.
[STDERR  ] 2017-09-13T20:53:26.910635097Z: [    5.657708] nf_conntrack version 0.5.0 (7922 buckets, 31688 max)
[STDERR  ] 2017-09-13T20:53:26.910645496Z: [    5.661860] ctnetlink v0.93: registering with nfnetlink.
[STDERR  ] 2017-09-13T20:53:26.9106509Z: [    5.665248] nf_tables: (c) 2007-2009 Patrick McHardy <kaber@trash.net>
[STDERR  ] 2017-09-13T20:53:26.910656689Z: [    5.666495] nf_tables_compat: (c) 2012 Pablo Neira Ayuso <pablo@netfilter.org>
[STDERR  ] 2017-09-13T20:53:26.910662281Z: [    5.670627] xt_time: kernel timezone is -0000
[STDERR  ] 2017-09-13T20:53:26.910667846Z: [    5.671342] ip_set: protocol 6
[STDERR  ] 2017-09-13T20:53:26.91067299Z: [    5.672282] IPVS: Registered protocols (TCP, UDP, SCTP, AH, ESP)
[STDERR  ] 2017-09-13T20:53:26.910678307Z: [    5.673015] IPVS: Connection hash table configured (size=4096, memory=64Kbytes)
[STDERR  ] 2017-09-13T20:53:26.910685139Z: [    5.674935] IPVS: Creating netns size=2096 id=0
[STDERR  ] 2017-09-13T20:53:26.910690334Z: [    5.677380] IPVS: ipvs loaded.
[STDERR  ] 2017-09-13T20:53:26.910697304Z: [    5.677850] IPVS: [rr] scheduler registered.
[STDERR  ] 2017-09-13T20:53:26.910702724Z: [    5.678250] IPVS: [wrr] scheduler registered.
[STDERR  ] 2017-09-13T20:53:26.91070794Z: [    5.678654] IPVS: [lc] scheduler registered.
[STDERR  ] 2017-09-13T20:53:26.910713332Z: [    5.679024] IPVS: [wlc] scheduler registered.
[STDERR  ] 2017-09-13T20:53:26.910718566Z: [    5.679414] IPVS: [fo] scheduler registered.
[STDERR  ] 2017-09-13T20:53:26.910723862Z: [    5.679747] IPVS: [ovf] scheduler registered.
[STDERR  ] 2017-09-13T20:53:26.910729086Z: [    5.680725] IPVS: [lblc] scheduler registered.
[STDERR  ] 2017-09-13T20:53:26.910734172Z: [    5.681260] IPVS: [lblcr] scheduler registered.
[STDERR  ] 2017-09-13T20:53:26.910739319Z: [    5.681677] IPVS: [dh] scheduler registered.
[STDERR  ] 2017-09-13T20:53:26.910750106Z: [    5.682060] IPVS: [sh] scheduler registered.
[STDERR  ] 2017-09-13T20:53:26.91075539Z: [    5.682473] IPVS: [sed] scheduler registered.
[STDERR  ] 2017-09-13T20:53:26.910765142Z: [    5.682854] IPVS: [nq] scheduler registered.
[STDERR  ] 2017-09-13T20:53:26.910770386Z: [    5.683638] IPVS: ftp: loaded support on port[0] = 21
[STDERR  ] 2017-09-13T20:53:26.9107756Z: [    5.684533] ipip: IPv4 over IPv4 tunneling driver
[STDERR  ] 2017-09-13T20:53:26.910781729Z: [    5.688710] gre: GRE over IPv4 demultiplexor driver
[STDERR  ] 2017-09-13T20:53:26.910790712Z: [    5.693127] ip_tables: (C) 2000-2006 Netfilter Core Team
[STDERR  ] 2017-09-13T20:53:26.91079953Z: [    5.696447] ipt_CLUSTERIP: ClusterIP Version 0.8 loaded successfully
[STDERR  ] 2017-09-13T20:53:26.910809034Z: [    5.697383] arp_tables: (C) 2002 David S. Miller
[STDERR  ] 2017-09-13T20:53:26.910818064Z: [    5.700563] NET: Registered protocol family 10
[STDERR  ] 2017-09-13T20:53:26.910823451Z: [    5.709460] ip6_tables: (C) 2000-2006 Netfilter Core Team
[STDERR  ] 2017-09-13T20:53:26.910832957Z: [    5.718244] NET: Registered protocol family 17
[STDERR  ] 2017-09-13T20:53:26.910838594Z: [    5.719362] bridge: automatic filtering via arp/ip/ip6tables has been deprecated. Update your scripts to load br_netfilter if you need this.
[STDERR  ] 2017-09-13T20:53:26.910844772Z: [    5.721303] Bridge firewalling registered
[STDERR  ] 2017-09-13T20:53:26.910850209Z: [    5.722024] Ebtables v2.0 registered
[STDERR  ] 2017-09-13T20:53:26.910855412Z: [    5.724946] 8021q: 802.1Q VLAN Support v1.8
[STDERR  ] 2017-09-13T20:53:26.910860709Z: [    5.726460] 9pnet: Installing 9P2000 support
[STDERR  ] 2017-09-13T20:53:26.910865972Z: [    5.728168] Key type dns_resolver registered
[STDERR  ] 2017-09-13T20:53:26.910871297Z: [    5.729164] hv_sock: failed to load: VMBus 4 or later is required
[STDERR  ] 2017-09-13T20:53:26.91087652Z: [    5.729830] microcode: AMD CPU family 0x6 not supported
[STDERR  ] 2017-09-13T20:53:26.91088484Z: [    5.734357] registered taskstats version 1
[STDERR  ] 2017-09-13T20:53:26.910890209Z: [    5.885770] Key type encrypted registered
[STDERR  ] 2017-09-13T20:53:26.9108954Z: [    5.893448] rtc_cmos 00:00: setting system clock to 2017-09-13 20:52:49 UTC (1505335969)
[STDERR  ] 2017-09-13T20:53:26.910900732Z: [    5.931279] ata1: SATA link down (SStatus 0 SControl 300)
[STDERR  ] 2017-09-13T20:53:26.910905932Z: [    5.934571] ata2: SATA link down (SStatus 0 SControl 300)
[STDERR  ] 2017-09-13T20:53:26.910911266Z: [    5.940868] ata3: SATA link up 1.5 Gbps (SStatus 113 SControl 300)
[STDERR  ] 2017-09-13T20:53:26.910916794Z: [    5.944550] ata3.00: ATAPI: QEMU DVD-ROM, 2.5+, max UDMA/100
[STDERR  ] 2017-09-13T20:53:26.91092214Z: [    5.945168] ata3.00: applying bridge limits
[STDERR  ] 2017-09-13T20:53:26.910929439Z: [    5.947157] ata3.00: configured for UDMA/100
[STDERR  ] 2017-09-13T20:53:26.910934879Z: [    5.950718] ata4: SATA link down (SStatus 0 SControl 300)
[STDERR  ] 2017-09-13T20:53:26.910940097Z: [    5.951290] ata5: SATA link down (SStatus 0 SControl 300)
[STDERR  ] 2017-09-13T20:53:26.910945297Z: [    5.951855] ata6: SATA link down (SStatus 0 SControl 300)
[STDERR  ] 2017-09-13T20:53:26.910956796Z: [    5.962068] scsi 2:0:0:0: CD-ROM            QEMU     QEMU DVD-ROM     2.5+ PQ: 0 ANSI: 5
[STDERR  ] 2017-09-13T20:53:26.910962647Z: [    5.973218] sr 2:0:0:0: [sr0] scsi3-mmc drive: 4x/4x cd/rw xa/form2 tray
[STDERR  ] 2017-09-13T20:53:26.91096841Z: [    5.973958] cdrom: Uniform CD-ROM driver Revision: 3.20
[STDERR  ] 2017-09-13T20:53:26.910973759Z: [    5.980865] sr 2:0:0:0: Attached scsi generic sg0 type 5
[STDERR  ] 2017-09-13T20:53:26.910979162Z: [    6.105988] Freeing unused kernel memory: 1300K
[STDERR  ] 2017-09-13T20:53:26.910984706Z: [    6.106407] Write protecting the kernel read-only data: 12288k
[STDERR  ] 2017-09-13T20:53:26.910990084Z: [    6.117054] Freeing unused kernel memory: 548K
[STDERR  ] 2017-09-13T20:53:26.910998781Z: [    6.227548] Freeing unused kernel memory: 1392K
[STDERR  ] 2017-09-13T20:53:26.911004438Z: [    6.228338] tsc: Refined TSC clocksource calibration: 2600.009 MHz
[STDERR  ] 2017-09-13T20:53:26.911010181Z: [    6.228798] clocksource: tsc: mask: 0xffffffffffffffff max_cycles: 0x257a44c4d56, max_idle_ns: 440795316911 ns
[STDERR  ] 2017-09-13T20:53:26.911015598Z: [    7.223791] clocksource: Switched to clocksource tsc
[STDERR  ] 2017-09-13T20:53:26.911025911Z: 
[STDERR  ] 2017-09-13T20:53:26.911031739Z: Welcome to LinuxKit
[STDERR  ] 2017-09-13T20:53:26.911036966Z: 
[STDERR  ] 2017-09-13T20:53:26.911042446Z:                         ##         .
[STDERR  ] 2017-09-13T20:53:26.911048041Z:                   ## ## ##        ==
[STDERR  ] 2017-09-13T20:53:26.911053588Z:                ## ## ## ## ##    ===
[STDERR  ] 2017-09-13T20:53:26.911063181Z:            /"""""""""""""""""\___/ ===
[STDERR  ] 2017-09-13T20:53:26.911072638Z:           {                       /  ===-
[STDERR  ] 2017-09-13T20:53:26.911077906Z:            \______ O           __/
[STDERR  ] 2017-09-13T20:53:26.911083073Z:              \    \         __/
[STDERR  ] 2017-09-13T20:53:26.911098736Z:               \____\_______/
[STDERR  ] 2017-09-13T20:53:26.911109553Z: 
[STDERR  ] 2017-09-13T20:53:26.911117811Z: starting kernel config sanity test with /proc/config.gz
[STDERR  ] 2017-09-13T20:53:26.911126701Z: [   20.762478] RPC: Registered named UNIX socket transport module.
[STDERR  ] 2017-09-13T20:53:26.911133045Z: [   20.763007] RPC: Registered udp transport module.
[STDERR  ] 2017-09-13T20:53:26.911138249Z: [   20.763479] RPC: Registered tcp transport module.
[STDERR  ] 2017-09-13T20:53:26.911143529Z: [   20.763904] RPC: Registered tcp NFSv4.1 backchannel transport module.
[STDERR  ] 2017-09-13T20:53:26.911149341Z: [   20.869169] FS-Cache: Netfs 'nfs' registered for caching
[STDERR  ] 2017-09-13T20:53:26.911154736Z: [   20.982050] Installing knfsd (copyright (C) 1996 okir@monad.swb.de).
[STDERR  ] 2017-09-13T20:53:26.911160289Z: [   21.039547] ntfs: driver 2.1.32 [Flags: R/O MODULE].
[STDERR  ] 2017-09-13T20:53:26.911169036Z: kernel config test succeeded!
[STDERR  ] 2017-09-13T20:53:26.911175321Z: [37minfo: reading kernel config from /proc/config.gz ...[m
[STDERR  ] 2017-09-13T20:53:26.911180531Z: 
[STDERR  ] 2017-09-13T20:53:26.911185823Z: Generally Necessary:
[STDERR  ] 2017-09-13T20:53:26.911191358Z: - [37mcgroup hierarchy[m: [32mproperly mounted[m [/sys/fs/cgroup]
[STDERR  ] 2017-09-13T20:53:26.911199633Z: - [37mCONFIG_NAMESPACES[m: [32menabled[m
[STDERR  ] 2017-09-13T20:53:26.911204793Z: - [37mCONFIG_NET_NS[m: [32menabled[m
[STDERR  ] 2017-09-13T20:53:26.911211231Z: - [37mCONFIG_PID_NS[m: [32menabled[m
[STDERR  ] 2017-09-13T20:53:26.911216573Z: - [37mCONFIG_IPC_NS[m: [32menabled[m
[STDERR  ] 2017-09-13T20:53:26.911221829Z: - [37mCONFIG_UTS_NS[m: [32menabled[m
[STDERR  ] 2017-09-13T20:53:26.911226939Z: - [37mCONFIG_CGROUPS[m: [32menabled[m
[STDERR  ] 2017-09-13T20:53:26.911232151Z: - [37mCONFIG_CGROUP_CPUACCT[m: [32menabled[m
[STDERR  ] 2017-09-13T20:53:26.911237405Z: - [37mCONFIG_CGROUP_DEVICE[m: [32menabled[m
[STDERR  ] 2017-09-13T20:53:26.911242656Z: - [37mCONFIG_CGROUP_FREEZER[m: [32menabled[m
[STDERR  ] 2017-09-13T20:53:26.911247986Z: - [37mCONFIG_CGROUP_SCHED[m: [32menabled[m
[STDERR  ] 2017-09-13T20:53:26.911253275Z: - [37mCONFIG_CPUSETS[m: [32menabled[m
[STDERR  ] 2017-09-13T20:53:26.911258582Z: - [37mCONFIG_MEMCG[m: [32menabled[m
[STDERR  ] 2017-09-13T20:53:26.911263678Z: - [37mCONFIG_KEYS[m: [32menabled[m
[STDERR  ] 2017-09-13T20:53:26.911268879Z: - [37mCONFIG_VETH[m: [32menabled[m
[STDERR  ] 2017-09-13T20:53:26.911273956Z: - [37mCONFIG_BRIDGE[m: [32menabled[m
[STDERR  ] 2017-09-13T20:53:26.911279043Z: - [37mCONFIG_BRIDGE_NETFILTER[m: [32menabled[m
[STDERR  ] 2017-09-13T20:53:26.911284166Z: - [37mCONFIG_NF_NAT_IPV4[m: [32menabled[m
[STDERR  ] 2017-09-13T20:53:26.911289355Z: - [37mCONFIG_IP_NF_FILTER[m: [32menabled[m
[STDERR  ] 2017-09-13T20:53:26.911294462Z: - [37mCONFIG_IP_NF_TARGET_MASQUERADE[m: [32menabled[m
[STDERR  ] 2017-09-13T20:53:26.911299658Z: - [37mCONFIG_NETFILTER_XT_MATCH_ADDRTYPE[m: [32menabled[m
[STDERR  ] 2017-09-13T20:53:26.911304942Z: - [37mCONFIG_NETFILTER_XT_MATCH_CONNTRACK[m: [32menabled[m
[STDERR  ] 2017-09-13T20:53:26.911310383Z: - [37mCONFIG_NETFILTER_XT_MATCH_IPVS[m: [32menabled[m
[STDERR  ] 2017-09-13T20:53:26.911315521Z: - [37mCONFIG_IP_NF_NAT[m: [32menabled[m
[STDERR  ] 2017-09-13T20:53:26.911325719Z: - [37mCONFIG_NF_NAT[m: [32menabled[m
[STDERR  ] 2017-09-13T20:53:26.911330891Z: - [37mCONFIG_NF_NAT_NEEDED[m: [32menabled[m
[STDERR  ] 2017-09-13T20:53:26.911336041Z: - [37mCONFIG_POSIX_MQUEUE[m: [32menabled[m
[STDERR  ] 2017-09-13T20:53:26.911341292Z: - [37mCONFIG_DEVPTS_MULTIPLE_INSTANCES[m: [32menabled[m
[STDERR  ] 2017-09-13T20:53:26.911346406Z: 
[STDERR  ] 2017-09-13T20:53:26.911351565Z: Optional Features:
[STDERR  ] 2017-09-13T20:53:26.911356979Z: - [37mCONFIG_USER_NS[m: [32menabled[m
[STDERR  ] 2017-09-13T20:53:26.911362065Z: - [37mCONFIG_SECCOMP[m: [32menabled[m
[STDERR  ] 2017-09-13T20:53:26.911367193Z: - [37mCONFIG_CGROUP_PIDS[m: [32menabled[m
[STDERR  ] 2017-09-13T20:53:26.911375533Z: - [37mCONFIG_MEMCG_SWAP[m: [32menabled[m
[STDERR  ] 2017-09-13T20:53:26.911380852Z: - [37mCONFIG_MEMCG_SWAP_ENABLED[m: [32menabled[m
[STDERR  ] 2017-09-13T20:53:26.911386015Z:     [1;30m(cgroup swap accounting is currently enabled)[m
[STDERR  ] 2017-09-13T20:53:26.911391295Z: - [1mCONFIG_LEGACY_VSYSCALL_NONE[m: [1;31menabled[m
[STDERR  ] 2017-09-13T20:53:26.911401122Z:     [1;30m(containers using eglibc <= 2.13 will not work. Switch to[m
[STDERR  ] 2017-09-13T20:53:26.911406817Z:     [1;30m "CONFIG_VSYSCALL_[NATIVE|EMULATE]" or use "vsyscall=[native|emulate]"[m
[STDERR  ] 2017-09-13T20:53:26.911412452Z:     [1;30m on kernel command line. Note that this will disable ASLR for the,[m
[STDERR  ] 2017-09-13T20:53:26.911417915Z:     [1;30m VDSO which may assist in exploiting security vulnerabilities.)[m
[STDERR  ] 2017-09-13T20:53:26.911425743Z: - [37mCONFIG_MEMCG_KMEM[m: [32menabled[m
[STDERR  ] 2017-09-13T20:53:26.911431242Z: - [37mCONFIG_BLK_CGROUP[m: [32menabled[m
[STDERR  ] 2017-09-13T20:53:26.911438653Z: - [37mCONFIG_BLK_DEV_THROTTLING[m: [32menabled[m
[STDERR  ] 2017-09-13T20:53:26.911444013Z: - [37mCONFIG_IOSCHED_CFQ[m: [32menabled[m
[STDERR  ] 2017-09-13T20:53:26.911449698Z: - [37mCONFIG_CFQ_GROUP_IOSCHED[m: [32menabled[m
[STDERR  ] 2017-09-13T20:53:26.911458721Z: - [37mCONFIG_CGROUP_PERF[m: [32menabled[m
[STDERR  ] 2017-09-13T20:53:26.911467252Z: - [37mCONFIG_CGROUP_HUGETLB[m: [32menabled[m
[STDERR  ] 2017-09-13T20:53:26.911476287Z: - [37mCONFIG_NET_CLS_CGROUP[m: [32menabled[m
[STDERR  ] 2017-09-13T20:53:26.91148501Z: - [37mCONFIG_CGROUP_NET_PRIO[m: [32menabled[m
[STDERR  ] 2017-09-13T20:53:26.911494116Z: - [37mCONFIG_CFS_BANDWIDTH[m: [32menabled[m
[STDERR  ] 2017-09-13T20:53:26.911503206Z: - [37mCONFIG_FAIR_GROUP_SCHED[m: [32menabled[m
[STDERR  ] 2017-09-13T20:53:26.911512151Z: - [37mCONFIG_RT_GROUP_SCHED[m: [32menabled[m
[STDERR  ] 2017-09-13T20:53:26.911520872Z: - [37mCONFIG_IP_VS[m: [32menabled[m
[STDERR  ] 2017-09-13T20:53:26.911546926Z: - [37mCONFIG_IP_VS_NFCT[m: [32menabled[m
[STDERR  ] 2017-09-13T20:53:26.911556107Z: - [37mCONFIG_IP_VS_RR[m: [32menabled[m
[STDERR  ] 2017-09-13T20:53:26.91156498Z: - [37mCONFIG_EXT4_FS[m: [32menabled[m
[STDERR  ] 2017-09-13T20:53:26.91157045Z: - [37mCONFIG_EXT4_FS_POSIX_ACL[m: [32menabled[m
[STDERR  ] 2017-09-13T20:53:26.911575806Z: - [37mCONFIG_EXT4_FS_SECURITY[m: [32menabled[m
[STDERR  ] 2017-09-13T20:53:26.911580951Z: - Network Drivers:
[STDERR  ] 2017-09-13T20:53:26.911586444Z:   - "[34moverlay[m":
[STDERR  ] 2017-09-13T20:53:26.911592406Z:     - [37mCONFIG_VXLAN[m: [32menabled[m
[STDERR  ] 2017-09-13T20:53:26.911597678Z:       Optional (for encrypted networks):
[STDERR  ] 2017-09-13T20:53:26.91160289Z:       - [37mCONFIG_CRYPTO[m: [32menabled[m
[STDERR  ] 2017-09-13T20:53:26.911608154Z:       - [37mCONFIG_CRYPTO_AEAD[m: [32menabled[m
[STDERR  ] 2017-09-13T20:53:26.911613286Z:       - [37mCONFIG_CRYPTO_GCM[m: [32menabled[m
[STDERR  ] 2017-09-13T20:53:26.911618904Z:       - [37mCONFIG_CRYPTO_SEQIV[m: [32menabled[m
[STDERR  ] 2017-09-13T20:53:26.911627376Z:       - [37mCONFIG_CRYPTO_GHASH[m: [32menabled[m
[STDERR  ] 2017-09-13T20:53:26.911635463Z:       - [37mCONFIG_XFRM[m: [32menabled[m
[STDERR  ] 2017-09-13T20:53:26.911643884Z:       - [37mCONFIG_XFRM_USER[m: [32menabled (as module)[m
[STDERR  ] 2017-09-13T20:53:26.911649854Z:       - [37mCONFIG_XFRM_ALGO[m: [32menabled (as module)[m
[STDERR  ] 2017-09-13T20:53:26.911655098Z:       - [37mCONFIG_INET_ESP[m: [32menabled (as module)[m
[STDERR  ] 2017-09-13T20:53:26.911660277Z:       - [37mCONFIG_INET_XFRM_MODE_TRANSPORT[m: [32menabled (as module)[m
[STDERR  ] 2017-09-13T20:53:26.911665694Z:   - "[34mipvlan[m":
[STDERR  ] 2017-09-13T20:53:26.911671663Z:     - [37mCONFIG_IPVLAN[m: [32menabled[m
[STDERR  ] 2017-09-13T20:53:26.91167684Z:   - "[34mmacvlan[m":
[STDERR  ] 2017-09-13T20:53:26.911682373Z:     - [37mCONFIG_MACVLAN[m: [32menabled[m
[STDERR  ] 2017-09-13T20:53:26.911692087Z:     - [37mCONFIG_DUMMY[m: [32menabled (as module)[m
[STDERR  ] 2017-09-13T20:53:26.911697533Z:   - "[34mftp,tftp client in container[m":
[STDERR  ] 2017-09-13T20:53:26.911702846Z:     - [37mCONFIG_NF_NAT_FTP[m: [32menabled[m
[STDERR  ] 2017-09-13T20:53:26.911708116Z:     - [37mCONFIG_NF_CONNTRACK_FTP[m: [32menabled[m
[STDERR  ] 2017-09-13T20:53:26.911713248Z:     - [37mCONFIG_NF_NAT_TFTP[m: [32menabled[m
[STDERR  ] 2017-09-13T20:53:26.911718614Z:     - [37mCONFIG_NF_CONNTRACK_TFTP[m: [32menabled[m
[STDERR  ] 2017-09-13T20:53:26.911723837Z: - Storage Drivers:
[STDERR  ] 2017-09-13T20:53:26.911730567Z:   - "[34maufs[m":
[STDERR  ] 2017-09-13T20:53:26.911735794Z:     - [1mCONFIG_AUFS_FS[m: [1;31mmissing[m
[STDERR  ] 2017-09-13T20:53:26.911741006Z:   - "[34mbtrfs[m":
[STDERR  ] 2017-09-13T20:53:26.911749274Z:     - [37mCONFIG_BTRFS_FS[m: [32menabled (as module)[m
[STDERR  ] 2017-09-13T20:53:26.911765523Z:     - [37mCONFIG_BTRFS_FS_POSIX_ACL[m: [32menabled[m
[STDERR  ] 2017-09-13T20:53:26.911770913Z:   - "[34mdevicemapper[m":
[STDERR  ] 2017-09-13T20:53:26.911778327Z:     - [37mCONFIG_BLK_DEV_DM[m: [32menabled[m
[STDERR  ] 2017-09-13T20:53:26.911783746Z:     - [37mCONFIG_DM_THIN_PROVISIONING[m: [32menabled[m
[STDERR  ] 2017-09-13T20:53:26.911789073Z:   - "[34moverlay[m":
[STDERR  ] 2017-09-13T20:53:26.911794538Z:     - [37mCONFIG_OVERLAY_FS[m: [32menabled[m
[STDERR  ] 2017-09-13T20:53:26.911803866Z:   - "[34mzfs[m":
[STDERR  ] 2017-09-13T20:53:26.911809498Z:     - [1m/dev/zfs[m: [1;31mmissing[m
[STDERR  ] 2017-09-13T20:53:26.911814817Z:     - [1mzfs command[m: [1;31mmissing[m
[STDERR  ] 2017-09-13T20:53:26.911820174Z:     - [1mzpool command[m: [1;31mmissing[m
[STDERR  ] 2017-09-13T20:53:26.911825338Z: 
[STDERR  ] 2017-09-13T20:53:26.911831028Z: Limits:
[STDERR  ] 2017-09-13T20:53:26.91183637Z: [37m- /proc/sys/kernel/keys/root_maxkeys[m: [32m1000000[m
[STDERR  ] 2017-09-13T20:53:26.91184162Z: 
[STDERR  ] 2017-09-13T20:53:26.911852398Z: Kernel config test suite PASSED
[STDERR  ] 2017-09-13T20:53:26.911857926Z: [   41.982620] ACPI: Preparing to enter system sleep state S5
[STDERR  ] 2017-09-13T20:53:26.911863148Z: [   41.989009] reboot: Power down
[STDERR  ] 2017-09-13T20:53:26.911868528Z: + exit 0
[STDERR  ] 2017-09-13T20:53:26.911874096Z: + clean_up
[STDERR  ] 2017-09-13T20:53:26.911879534Z: + find . -depth -iname test-kernel-config* -not -iname *.yml -exec rm -rf {} ;
[PASS    ] linuxkit.kernel.config_4.4.x 68.67s
