[INFO    ] 2017-10-03T15:09:12.390891817Z: Running Test linuxkit.packages.dhcpcd in /tmp/build/test/cases/040_packages/004_dhcpcd
[INFO    ] 2017-10-03T15:09:12.391055115Z: Running command: [/bin/sh -x /tmp/build/test/cases/040_packages/004_dhcpcd/test.sh]
[STDERR  ] 2017-10-03T15:09:12.455058836Z: + set -e
[STDERR  ] 2017-10-03T15:09:12.45516766Z: + . /tmp/build/test/cases/_lib/lib.sh
[STDERR  ] 2017-10-03T15:09:12.511101353Z: + [ -f src/github.com/linuxkit/rtf/lib/lib.sh ]
[STDERR  ] 2017-10-03T15:09:12.511172485Z: + LINUXKIT_TMPDIR=/tmp/build/test/cases/_tmp
[STDERR  ] 2017-10-03T15:09:12.511179831Z: + [ -f /tmp/build/test/cases/_tmp/env.sh ]
[STDERR  ] 2017-10-03T15:09:12.512020095Z: + . /tmp/build/test/cases/_tmp/env.sh
[STDERR  ] 2017-10-03T15:09:12.532739697Z: + export LINUXKIT_EXAMPLES_DIR=/tmp/build/test/cases/../../examples
[STDERR  ] 2017-10-03T15:09:12.532812956Z: + export LINUXKIT_BLUEPRINTS_DIR=/tmp/build/test/cases/../../blueprints
[STDERR  ] 2017-10-03T15:09:12.532823642Z: + RT_CANCEL=253
[STDERR  ] 2017-10-03T15:09:12.532833404Z: + NAME=dhcpcd
[STDERR  ] 2017-10-03T15:09:12.532839909Z: + trap clean_up EXIT
[STDERR  ] 2017-10-03T15:09:12.532846127Z: + moby build -format kernel+initrd -name dhcpcd test.yml
[STDERR  ] 2017-10-03T15:09:12.749376106Z: Extract kernel image: linuxkit/kernel:4.9.52
[STDERR  ] 2017-10-03T15:09:14.023658975Z: time="2017-10-03T15:09:14Z" level=warning msg="certificate with CN Moby CI is near expiry" 
[STDERR  ] 2017-10-03T15:09:17.178572214Z: Add init containers:
[STDERR  ] 2017-10-03T15:09:17.178624855Z: Process init image: linuxkit/init:7804129bd06218b72c298139a25698a748d253c6
[STDERR  ] 2017-10-03T15:09:18.414020389Z: time="2017-10-03T15:09:18Z" level=warning msg="certificate with CN Moby CI is near expiry" 
[STDERR  ] 2017-10-03T15:09:19.367091366Z: Process init image: linuxkit/runc:a1b564248a0d0b118c11e61db9f84ecf41dd2d2a
[STDERR  ] 2017-10-03T15:09:20.489992692Z: time="2017-10-03T15:09:20Z" level=warning msg="certificate with CN Moby CI is near expiry" 
[STDERR  ] 2017-10-03T15:09:21.006386962Z: Add onboot containers:
[STDERR  ] 2017-10-03T15:09:21.006445379Z:   Create OCI config for linuxkit/dhcpcd:d4408777ed6b6e6e562a5d4938fd09804324b33e
[STDERR  ] 2017-10-03T15:09:22.061320212Z: time="2017-10-03T15:09:22Z" level=warning msg="certificate with CN Moby CI is near expiry" 
[STDERR  ] 2017-10-03T15:09:22.296984939Z:   Create OCI config for alpine:3.6
[STDERR  ] 2017-10-03T15:09:24.180589336Z:   Create OCI config for linuxkit/poweroff:1e9876c682c74d0602b7647c628bb0875fb13998
[STDERR  ] 2017-10-03T15:09:25.280573089Z: time="2017-10-03T15:09:25Z" level=warning msg="certificate with CN Moby CI is near expiry" 
[STDERR  ] 2017-10-03T15:09:25.472127707Z: Add files:
[STDERR  ] 2017-10-03T15:09:25.472185577Z:   check.sh
[STDERR  ] 2017-10-03T15:09:25.486261523Z: Create outputs:
[STDERR  ] 2017-10-03T15:09:29.941379695Z:   dhcpcd-kernel dhcpcd-initrd.img dhcpcd-cmdline
[STDERR  ] 2017-10-03T15:09:30.00882476Z: + linuxkit run dhcpcd
[STDERR  ] 2017-10-03T15:09:30.029149435Z: Unable to find qemu-system-x86_64 within the $PATH. Using a container
[STDOUT  ] 2017-10-03T15:10:02.107129167Z: [    0.000000] Linux version 4.9.52-linuxkit (root@8c8ea8e3851f) (gcc version 6.3.0 (Alpine 6.3.0) ) #1 SMP Mon Oct 2 14:33:48 UTC 2017
[STDOUT  ] 2017-10-03T15:10:02.107224857Z: [    0.000000] Command line: console=ttyS0 page_poison=1
[STDOUT  ] 2017-10-03T15:10:02.107238142Z: [    0.000000] x86/fpu: Legacy x87 FPU detected.
[STDOUT  ] 2017-10-03T15:10:02.107250561Z: [    0.000000] x86/fpu: Using 'eager' FPU context switches.
[STDOUT  ] 2017-10-03T15:10:02.107260187Z: [    0.000000] e820: BIOS-provided physical RAM map:
[STDOUT  ] 2017-10-03T15:10:02.107270789Z: [    0.000000] BIOS-e820: [mem 0x0000000000000000-0x000000000009fbff] usable
[STDOUT  ] 2017-10-03T15:10:02.107281777Z: [    0.000000] BIOS-e820: [mem 0x000000000009fc00-0x000000000009ffff] reserved
[STDOUT  ] 2017-10-03T15:10:02.107291447Z: [    0.000000] BIOS-e820: [mem 0x00000000000f0000-0x00000000000fffff] reserved
[STDOUT  ] 2017-10-03T15:10:02.10730055Z: [    0.000000] BIOS-e820: [mem 0x0000000000100000-0x000000003ffdefff] usable
[STDOUT  ] 2017-10-03T15:10:02.107324041Z: [    0.000000] BIOS-e820: [mem 0x000000003ffdf000-0x000000003fffffff] reserved
[STDOUT  ] 2017-10-03T15:10:02.107333761Z: [    0.000000] BIOS-e820: [mem 0x00000000b0000000-0x00000000bfffffff] reserved
[STDOUT  ] 2017-10-03T15:10:02.107342589Z: [    0.000000] BIOS-e820: [mem 0x00000000fed1c000-0x00000000fed1ffff] reserved
[STDOUT  ] 2017-10-03T15:10:02.107351279Z: [    0.000000] BIOS-e820: [mem 0x00000000fffc0000-0x00000000ffffffff] reserved
[STDOUT  ] 2017-10-03T15:10:02.107361759Z: [    0.000000] NX (Execute Disable) protection: active
[STDOUT  ] 2017-10-03T15:10:02.107370646Z: [    0.000000] SMBIOS 2.8 present.
[STDOUT  ] 2017-10-03T15:10:02.107379369Z: [    0.000000] e820: last_pfn = 0x3ffdf max_arch_pfn = 0x400000000
[STDOUT  ] 2017-10-03T15:10:02.107388001Z: [    0.000000] x86/PAT: Configuration [0-7]: WB  WC  UC- UC  WB  WC  UC- WT  
[STDOUT  ] 2017-10-03T15:10:02.107396609Z: [    0.000000] found SMP MP-table at [mem 0x000f6aa0-0x000f6aaf] mapped at [ffff986b400f6aa0]
[STDOUT  ] 2017-10-03T15:10:02.107406021Z: [    0.000000] RAMDISK: [mem 0x3e719000-0x3ffcffff]
[STDOUT  ] 2017-10-03T15:10:02.107414655Z: [    0.000000] ACPI: Early table checksum verification disabled
[STDOUT  ] 2017-10-03T15:10:02.107423817Z: [    0.000000] ACPI: RSDP 0x00000000000F68C0 000014 (v00 BOCHS )
[STDOUT  ] 2017-10-03T15:10:02.107431774Z: [    0.000000] ACPI: RSDT 0x000000003FFE2404 000034 (v01 BOCHS  BXPCRSDT 00000001 BXPC 00000001)
[STDOUT  ] 2017-10-03T15:10:02.107441174Z: [    0.000000] ACPI: FACP 0x000000003FFE22A4 000074 (v01 BOCHS  BXPCFACP 00000001 BXPC 00000001)
[STDOUT  ] 2017-10-03T15:10:02.107449232Z: [    0.000000] ACPI: DSDT 0x000000003FFE0040 002264 (v01 BOCHS  BXPCDSDT 00000001 BXPC 00000001)
[STDOUT  ] 2017-10-03T15:10:02.107465168Z: [    0.000000] ACPI: FACS 0x000000003FFE0000 000040
[STDOUT  ] 2017-10-03T15:10:02.107473334Z: [    0.000000] ACPI: APIC 0x000000003FFE2318 000078 (v01 BOCHS  BXPCAPIC 00000001 BXPC 00000001)
[STDOUT  ] 2017-10-03T15:10:02.10748295Z: [    0.000000] ACPI: HPET 0x000000003FFE2390 000038 (v01 BOCHS  BXPCHPET 00000001 BXPC 00000001)
[STDOUT  ] 2017-10-03T15:10:02.107508249Z: [    0.000000] ACPI: MCFG 0x000000003FFE23C8 00003C (v01 BOCHS  BXPCMCFG 00000001 BXPC 00000001)
[STDOUT  ] 2017-10-03T15:10:02.107517595Z: [    0.000000] Zone ranges:
[STDOUT  ] 2017-10-03T15:10:02.107531926Z: [    0.000000]   DMA      [mem 0x0000000000001000-0x0000000000ffffff]
[STDOUT  ] 2017-10-03T15:10:02.107539966Z: [    0.000000]   DMA32    [mem 0x0000000001000000-0x000000003ffdefff]
[STDOUT  ] 2017-10-03T15:10:02.107556798Z: [    0.000000]   Normal   empty
[STDOUT  ] 2017-10-03T15:10:02.107565771Z: [    0.000000] Movable zone start for each node
[STDOUT  ] 2017-10-03T15:10:02.107574567Z: [    0.000000] Early memory node ranges
[STDOUT  ] 2017-10-03T15:10:02.107582602Z: [    0.000000]   node   0: [mem 0x0000000000001000-0x000000000009efff]
[STDOUT  ] 2017-10-03T15:10:02.107590889Z: [    0.000000]   node   0: [mem 0x0000000000100000-0x000000003ffdefff]
[STDOUT  ] 2017-10-03T15:10:02.107599035Z: [    0.000000] Initmem setup node 0 [mem 0x0000000000001000-0x000000003ffdefff]
[STDOUT  ] 2017-10-03T15:10:02.107607032Z: [    0.000000] ACPI: PM-Timer IO Port: 0x608
[STDOUT  ] 2017-10-03T15:10:02.107615168Z: [    0.000000] ACPI: LAPIC_NMI (acpi_id[0xff] dfl dfl lint[0x1])
[STDOUT  ] 2017-10-03T15:10:02.107624445Z: [    0.000000] IOAPIC[0]: apic_id 0, version 32, address 0xfec00000, GSI 0-23
[STDOUT  ] 2017-10-03T15:10:02.107633639Z: [    0.000000] ACPI: INT_SRC_OVR (bus 0 bus_irq 0 global_irq 2 dfl dfl)
[STDOUT  ] 2017-10-03T15:10:02.10764151Z: [    0.000000] ACPI: INT_SRC_OVR (bus 0 bus_irq 5 global_irq 5 high level)
[STDOUT  ] 2017-10-03T15:10:02.107650647Z: [    0.000000] ACPI: INT_SRC_OVR (bus 0 bus_irq 9 global_irq 9 high level)
[STDOUT  ] 2017-10-03T15:10:02.10765912Z: [    0.000000] ACPI: INT_SRC_OVR (bus 0 bus_irq 10 global_irq 10 high level)
[STDOUT  ] 2017-10-03T15:10:02.107668197Z: [    0.000000] ACPI: INT_SRC_OVR (bus 0 bus_irq 11 global_irq 11 high level)
[STDOUT  ] 2017-10-03T15:10:02.107680824Z: [    0.000000] Using ACPI (MADT) for SMP configuration information
[STDOUT  ] 2017-10-03T15:10:02.107689656Z: [    0.000000] ACPI: HPET id: 0x8086a201 base: 0xfed00000
[STDOUT  ] 2017-10-03T15:10:02.107699056Z: [    0.000000] smpboot: Allowing 1 CPUs, 0 hotplug CPUs
[STDOUT  ] 2017-10-03T15:10:02.107707697Z: [    0.000000] e820: [mem 0x40000000-0xafffffff] available for PCI devices
[STDOUT  ] 2017-10-03T15:10:02.107716011Z: [    0.000000] Booting paravirtualized kernel on bare hardware
[STDOUT  ] 2017-10-03T15:10:02.107724599Z: [    0.000000] clocksource: refined-jiffies: mask: 0xffffffff max_cycles: 0xffffffff, max_idle_ns: 19112604462750000 ns
[STDOUT  ] 2017-10-03T15:10:02.107736811Z: [    0.000000] setup_percpu: NR_CPUS:128 nr_cpumask_bits:128 nr_cpu_ids:1 nr_node_ids:1
[STDOUT  ] 2017-10-03T15:10:02.107745835Z: [    0.000000] percpu: Embedded 35 pages/cpu @ffff986b7e400000 s105240 r8192 d29928 u2097152
[STDOUT  ] 2017-10-03T15:10:02.107795589Z: [    0.000000] Built 1 zonelists in Zone order, mobility grouping on.  Total pages: 257896
[STDOUT  ] 2017-10-03T15:10:02.107804329Z: [    0.000000] Kernel command line: console=ttyS0 page_poison=1
[STDOUT  ] 2017-10-03T15:10:02.107816905Z: [    0.000000] PID hash table entries: 4096 (order: 3, 32768 bytes)
[STDOUT  ] 2017-10-03T15:10:02.107825852Z: [    0.000000] Dentry cache hash table entries: 131072 (order: 8, 1048576 bytes)
[STDOUT  ] 2017-10-03T15:10:02.107834198Z: [    0.000000] Inode-cache hash table entries: 65536 (order: 7, 524288 bytes)
[STDOUT  ] 2017-10-03T15:10:02.107845085Z: [    0.000000] Memory: 988872K/1048052K available (8035K kernel code, 1367K rwdata, 2696K rodata, 1380K init, 568K bss, 59180K reserved, 0K cma-reserved)
[STDOUT  ] 2017-10-03T15:10:02.107862661Z: [    0.000000] Hierarchical RCU implementation.
[STDOUT  ] 2017-10-03T15:10:02.107871522Z: [    0.000000] 	Build-time adjustment of leaf fanout to 64.
[STDOUT  ] 2017-10-03T15:10:02.107881161Z: [    0.000000] 	RCU restricting CPUs from NR_CPUS=128 to nr_cpu_ids=1.
[STDOUT  ] 2017-10-03T15:10:02.107889489Z: [    0.000000] RCU: Adjusting geometry for rcu_fanout_leaf=64, nr_cpu_ids=1
[STDOUT  ] 2017-10-03T15:10:02.107897759Z: [    0.000000] NR_IRQS:8448 nr_irqs:256 16
[STDOUT  ] 2017-10-03T15:10:02.107907339Z: [    0.000000] Console: colour VGA+ 80x25
[STDOUT  ] 2017-10-03T15:10:02.107915706Z: [    0.000000] console [ttyS0] enabled
[STDOUT  ] 2017-10-03T15:10:02.107924333Z: [    0.000000] allocated 2097152 bytes of page_ext
[STDOUT  ] 2017-10-03T15:10:02.107933315Z: [    0.000000] clocksource: hpet: mask: 0xffffffff max_cycles: 0xffffffff, max_idle_ns: 19112604467 ns
[STDOUT  ] 2017-10-03T15:10:02.107947924Z: [    0.000000] tsc: Fast TSC calibration using PIT
[STDOUT  ] 2017-10-03T15:10:02.107956466Z: [    0.000000] tsc: Detected 2599.604 MHz processor
[STDOUT  ] 2017-10-03T15:10:02.107965282Z: [    0.021467] Calibrating delay loop (skipped), value calculated using timer frequency.. 5199.20 BogoMIPS (lpj=25996040)
[STDOUT  ] 2017-10-03T15:10:02.107975501Z: [    0.022257] pid_max: default: 32768 minimum: 301
[STDOUT  ] 2017-10-03T15:10:02.107984019Z: [    0.023169] ACPI: Core revision 20160831
[STDOUT  ] 2017-10-03T15:10:02.1079923Z: [    0.068950] ACPI: 1 ACPI AML tables successfully acquired and loaded
[STDOUT  ] 2017-10-03T15:10:02.10800098Z: [    0.073549] Security Framework initialized
[STDOUT  ] 2017-10-03T15:10:02.108009257Z: [    0.073853] Yama: becoming mindful.
[STDOUT  ] 2017-10-03T15:10:02.108017524Z: [    0.075801] Mount-cache hash table entries: 2048 (order: 2, 16384 bytes)
[STDOUT  ] 2017-10-03T15:10:02.108026018Z: [    0.076137] Mountpoint-cache hash table entries: 2048 (order: 2, 16384 bytes)
[STDOUT  ] 2017-10-03T15:10:02.108036267Z: [    0.095899] Last level iTLB entries: 4KB 0, 2MB 0, 4MB 0
[STDOUT  ] 2017-10-03T15:10:02.108043834Z: [    0.096194] Last level dTLB entries: 4KB 0, 2MB 0, 4MB 0, 1GB 0
[STDOUT  ] 2017-10-03T15:10:02.108051177Z: [    0.381811] Freeing SMP alternatives memory: 20K
[STDOUT  ] 2017-10-03T15:10:02.108063236Z: [    0.392512] ftrace: allocating 35516 entries in 139 pages
[STDOUT  ] 2017-10-03T15:10:02.108070902Z: [    0.572297] smpboot: Max logical packages: 1
[STDOUT  ] 2017-10-03T15:10:02.108078045Z: [    0.579366] ..TIMER: vector=0x30 apic1=0 pin1=2 apic2=-1 pin2=-1
[STDOUT  ] 2017-10-03T15:10:02.108085984Z: [    0.680000] smpboot: CPU0: AMD QEMU Virtual CPU version 2.5+ (family: 0x6, model: 0x6, stepping: 0x3)
[STDOUT  ] 2017-10-03T15:10:02.108095153Z: [    0.680000] Performance Events: PMU not available due to virtualization, using software events only.
[STDOUT  ] 2017-10-03T15:10:02.108103379Z: [    0.689408] NMI watchdog: disabled (cpu0): hardware events not enabled
[STDOUT  ] 2017-10-03T15:10:02.108114334Z: [    0.690122] NMI watchdog: Shutting down hard lockup detector on all cpus
[STDOUT  ] 2017-10-03T15:10:02.108120026Z: [    0.693867] x86: Booted up 1 node, 1 CPUs
[STDOUT  ] 2017-10-03T15:10:02.10812644Z: [    0.694322] smpboot: Total of 1 processors activated (5199.20 BogoMIPS)
[STDOUT  ] 2017-10-03T15:10:02.108132074Z: [    0.711396] devtmpfs: initialized
[STDOUT  ] 2017-10-03T15:10:02.108138773Z: [    0.717565] x86/mm: Memory block size: 128MB
[STDOUT  ] 2017-10-03T15:10:02.108144754Z: [    0.780377] clocksource: jiffies: mask: 0xffffffff max_cycles: 0xffffffff, max_idle_ns: 19112604462750000 ns
[STDOUT  ] 2017-10-03T15:10:02.10815018Z: [    0.781391] futex hash table entries: 256 (order: 2, 16384 bytes)
[STDOUT  ] 2017-10-03T15:10:02.1081563Z: [    0.790951] NET: Registered protocol family 16
[STDOUT  ] 2017-10-03T15:10:02.108162982Z: [    0.800680] cpuidle: using governor ladder
[STDOUT  ] 2017-10-03T15:10:02.108168568Z: [    0.801196] cpuidle: using governor menu
[STDOUT  ] 2017-10-03T15:10:02.108173881Z: [    0.802532] ACPI: bus type PCI registered
[STDOUT  ] 2017-10-03T15:10:02.108180093Z: [    0.805538] PCI: MMCONFIG for domain 0000 [bus 00-ff] at [mem 0xb0000000-0xbfffffff] (base 0xb0000000)
[STDOUT  ] 2017-10-03T15:10:02.108185935Z: [    0.806382] PCI: MMCONFIG at [mem 0xb0000000-0xbfffffff] reserved in E820
[STDOUT  ] 2017-10-03T15:10:02.108191434Z: [    0.807812] PCI: Using configuration type 1 for base access
[STDOUT  ] 2017-10-03T15:10:02.108196866Z: [    0.860753] HugeTLB registered 2 MB page size, pre-allocated 0 pages
[STDOUT  ] 2017-10-03T15:10:02.1082042Z: [    0.875048] ACPI: Added _OSI(Module Device)
[STDOUT  ] 2017-10-03T15:10:02.108209809Z: [    0.875249] ACPI: Added _OSI(Processor Device)
[STDOUT  ] 2017-10-03T15:10:02.108217838Z: [    0.875629] ACPI: Added _OSI(3.0 _SCP Extensions)
[STDOUT  ] 2017-10-03T15:10:02.108223381Z: [    0.875988] ACPI: Added _OSI(Processor Aggregator Device)
[STDOUT  ] 2017-10-03T15:10:02.108233402Z: [    0.948454] ACPI: Interpreter enabled
[STDOUT  ] 2017-10-03T15:10:02.108238874Z: [    0.949373] ACPI: (supports S0 S5)
[STDOUT  ] 2017-10-03T15:10:02.108244386Z: [    0.949676] ACPI: Using IOAPIC for interrupt routing
[STDOUT  ] 2017-10-03T15:10:02.108249728Z: [    0.952344] PCI: Using host bridge windows from ACPI; if necessary, use "pci=nocrs" and report a bug
[STDOUT  ] 2017-10-03T15:10:02.108255621Z: [    1.015358] ACPI: PCI Root Bridge [PCI0] (domain 0000 [bus 00-ff])
[STDOUT  ] 2017-10-03T15:10:02.108260948Z: [    1.016599] acpi PNP0A08:00: _OSC: OS supports [ExtendedConfig ASPM ClockPM Segments MSI]
[STDOUT  ] 2017-10-03T15:10:02.108266327Z: [    1.023192] acpi PNP0A08:00: _OSC: OS now controls [PCIeHotplug PME PCIeCapability]
[STDOUT  ] 2017-10-03T15:10:02.108271692Z: [    1.027088] PCI host bridge to bus 0000:00
[STDOUT  ] 2017-10-03T15:10:02.108277021Z: [    1.027628] pci_bus 0000:00: root bus resource [io  0x0000-0x0cf7 window]
[STDOUT  ] 2017-10-03T15:10:02.108286126Z: [    1.028170] pci_bus 0000:00: root bus resource [io  0x0d00-0xffff window]
[STDOUT  ] 2017-10-03T15:10:02.1082923Z: [    1.028585] pci_bus 0000:00: root bus resource [mem 0x000a0000-0x000bffff window]
[STDOUT  ] 2017-10-03T15:10:02.108297878Z: [    1.029096] pci_bus 0000:00: root bus resource [mem 0xc0000000-0xfebfffff window]
[STDOUT  ] 2017-10-03T15:10:02.108306583Z: [    1.029742] pci_bus 0000:00: root bus resource [bus 00-ff]
[STDOUT  ] 2017-10-03T15:10:02.108312233Z: [    1.172520] pci 0000:00:1f.0: quirk: [io  0x0600-0x067f] claimed by ICH6 ACPI/GPIO/TCO
[STDOUT  ] 2017-10-03T15:10:02.108319423Z: [    1.250813] ACPI: PCI Interrupt Link [LNKA] (IRQs 5 *10 11)
[STDOUT  ] 2017-10-03T15:10:02.108327896Z: [    1.253591] ACPI: PCI Interrupt Link [LNKB] (IRQs 5 *10 11)
[STDOUT  ] 2017-10-03T15:10:02.10833769Z: [    1.255755] ACPI: PCI Interrupt Link [LNKC] (IRQs 5 10 *11)
[STDOUT  ] 2017-10-03T15:10:02.108347414Z: [    1.257839] ACPI: PCI Interrupt Link [LNKD] (IRQs 5 10 *11)
[STDOUT  ] 2017-10-03T15:10:02.108356003Z: [    1.259589] ACPI: PCI Interrupt Link [LNKE] (IRQs 5 *10 11)
[STDOUT  ] 2017-10-03T15:10:02.108364429Z: [    1.261466] ACPI: PCI Interrupt Link [LNKF] (IRQs 5 *10 11)
[STDOUT  ] 2017-10-03T15:10:02.108373998Z: [    1.263180] ACPI: PCI Interrupt Link [LNKG] (IRQs 5 10 *11)
[STDOUT  ] 2017-10-03T15:10:02.108382234Z: [    1.264919] ACPI: PCI Interrupt Link [LNKH] (IRQs 5 10 *11)
[STDOUT  ] 2017-10-03T15:10:02.108390874Z: [    1.265895] ACPI: PCI Interrupt Link [GSIA] (IRQs *16)
[STDOUT  ] 2017-10-03T15:10:02.108398802Z: [    1.266547] ACPI: PCI Interrupt Link [GSIB] (IRQs *17)
[STDOUT  ] 2017-10-03T15:10:02.108408123Z: [    1.267182] ACPI: PCI Interrupt Link [GSIC] (IRQs *18)
[STDOUT  ] 2017-10-03T15:10:02.108416054Z: [    1.267786] ACPI: PCI Interrupt Link [GSID] (IRQs *19)
[STDOUT  ] 2017-10-03T15:10:02.108424986Z: [    1.268483] ACPI: PCI Interrupt Link [GSIE] (IRQs *20)
[STDOUT  ] 2017-10-03T15:10:02.108433275Z: [    1.269102] ACPI: PCI Interrupt Link [GSIF] (IRQs *21)
[STDOUT  ] 2017-10-03T15:10:02.108439908Z: [    1.269498] ACPI: PCI Interrupt Link [GSIG] (IRQs *22)
[STDOUT  ] 2017-10-03T15:10:02.10844596Z: [    1.270460] ACPI: PCI Interrupt Link [GSIH] (IRQs *23)
[STDOUT  ] 2017-10-03T15:10:02.108452026Z: [    1.274137] ACPI: Enabled 2 GPEs in block 00 to 3F
[STDOUT  ] 2017-10-03T15:10:02.108457681Z: [    1.278546] SCSI subsystem initialized
[STDOUT  ] 2017-10-03T15:10:02.10846361Z: [    1.281138] ACPI: bus type USB registered
[STDOUT  ] 2017-10-03T15:10:02.108469113Z: [    1.282220] usbcore: registered new interface driver usbfs
[STDOUT  ] 2017-10-03T15:10:02.108474663Z: [    1.283186] usbcore: registered new interface driver hub
[STDOUT  ] 2017-10-03T15:10:02.108482009Z: [    1.283977] usbcore: registered new device driver usb
[STDOUT  ] 2017-10-03T15:10:02.108487735Z: [    1.285161] pps_core: LinuxPPS API ver. 1 registered
[STDOUT  ] 2017-10-03T15:10:02.108493109Z: [    1.285556] pps_core: Software ver. 5.3.6 - Copyright 2005-2007 Rodolfo Giometti <giometti@linux.it>
[STDOUT  ] 2017-10-03T15:10:02.108502704Z: [    1.286289] PTP clock support registered
[STDOUT  ] 2017-10-03T15:10:02.108509172Z: [    1.287468] wmi: Mapper loaded
[STDOUT  ] 2017-10-03T15:10:02.108514976Z: [    1.288714] PCI: Using ACPI for IRQ routing
[STDOUT  ] 2017-10-03T15:10:02.108520731Z: [    1.307748] NetLabel: Initializing
[STDOUT  ] 2017-10-03T15:10:02.108531262Z: [    1.308010] NetLabel:  domain hash size = 128
[STDOUT  ] 2017-10-03T15:10:02.108536666Z: [    1.308396] NetLabel:  protocols = UNLABELED CIPSOv4
[STDOUT  ] 2017-10-03T15:10:02.108542124Z: [    1.311181] NetLabel:  unlabeled traffic allowed by default
[STDOUT  ] 2017-10-03T15:10:02.108547612Z: [    1.312488] HPET: 3 timers in total, 0 timers will be used for per-cpu timer
[STDOUT  ] 2017-10-03T15:10:02.108553352Z: [    1.313329] hpet0: at MMIO 0xfed00000, IRQs 2, 8, 0
[STDOUT  ] 2017-10-03T15:10:02.108560842Z: [    1.313786] hpet0: 3 comparators, 64-bit 100.000000 MHz counter
[STDOUT  ] 2017-10-03T15:10:02.108566771Z: [    1.319121] clocksource: Switched to clocksource hpet
[STDOUT  ] 2017-10-03T15:10:02.108572441Z: [    1.571505] VFS: Disk quotas dquot_6.6.0
[STDOUT  ] 2017-10-03T15:10:02.108578271Z: [    1.572443] VFS: Dquot-cache hash table entries: 512 (order 0, 4096 bytes)
[STDOUT  ] 2017-10-03T15:10:02.108584148Z: [    1.576452] FS-Cache: Loaded
[STDOUT  ] 2017-10-03T15:10:02.108589999Z: [    1.582961] CacheFiles: Loaded
[STDOUT  ] 2017-10-03T15:10:02.108598784Z: [    1.586014] pnp: PnP ACPI init
[STDOUT  ] 2017-10-03T15:10:02.108604572Z: [    1.600896] pnp: PnP ACPI: found 5 devices
[STDOUT  ] 2017-10-03T15:10:02.108610309Z: [    1.655942] clocksource: acpi_pm: mask: 0xffffff max_cycles: 0xffffff, max_idle_ns: 2085701024 ns
[STDOUT  ] 2017-10-03T15:10:02.10861599Z: [    1.659884] NET: Registered protocol family 2
[STDOUT  ] 2017-10-03T15:10:02.108621271Z: [    1.669305] TCP established hash table entries: 8192 (order: 4, 65536 bytes)
[STDOUT  ] 2017-10-03T15:10:02.108626592Z: [    1.670521] TCP bind hash table entries: 8192 (order: 5, 131072 bytes)
[STDOUT  ] 2017-10-03T15:10:02.108631988Z: [    1.671281] TCP: Hash tables configured (established 8192 bind 8192)
[STDOUT  ] 2017-10-03T15:10:02.108638653Z: [    1.673262] UDP hash table entries: 512 (order: 2, 16384 bytes)
[STDOUT  ] 2017-10-03T15:10:02.10864484Z: [    1.673813] UDP-Lite hash table entries: 512 (order: 2, 16384 bytes)
[STDOUT  ] 2017-10-03T15:10:02.108650592Z: [    1.676497] NET: Registered protocol family 1
[STDOUT  ] 2017-10-03T15:10:02.108655879Z: [    1.677440] pci 0000:00:01.0: Video device with shadowed ROM at [mem 0x000c0000-0x000dffff]
[STDOUT  ] 2017-10-03T15:10:02.108661419Z: [    1.685351] Unpacking initramfs...
[STDOUT  ] 2017-10-03T15:10:02.108666957Z: [    4.976794] Freeing initrd memory: 25308K
[STDOUT  ] 2017-10-03T15:10:02.108672412Z: [    5.001920] PCLMULQDQ-NI instructions are not detected.
[STDOUT  ] 2017-10-03T15:10:02.108678154Z: [    5.003391] AVX or AES-NI instructions are not detected.
[STDOUT  ] 2017-10-03T15:10:02.108683548Z: [    5.003902] CPU feature 'AVX registers' is not supported.
[STDOUT  ] 2017-10-03T15:10:02.108688873Z: [    5.004284] CPU feature 'AVX registers' is not supported.
[STDOUT  ] 2017-10-03T15:10:02.108694378Z: [    5.004699] CPU feature 'AVX registers' is not supported.
[STDOUT  ] 2017-10-03T15:10:02.108700585Z: [    5.005082] CPU feature 'AVX registers' is not supported.
[STDOUT  ] 2017-10-03T15:10:02.108705975Z: [    5.005374] AVX2 or AES-NI instructions are not detected.
[STDOUT  ] 2017-10-03T15:10:02.108712247Z: [    5.005739] AVX2 instructions are not detected.
[STDOUT  ] 2017-10-03T15:10:02.108718892Z: [    5.015766] audit: initializing netlink subsys (disabled)
[STDOUT  ] 2017-10-03T15:10:02.108727063Z: [    5.017623] audit: type=2000 audit(1507043376.010:1): initialized
[STDOUT  ] 2017-10-03T15:10:02.108732517Z: [    5.025766] workingset: timestamp_bits=46 max_order=18 bucket_order=0
[STDOUT  ] 2017-10-03T15:10:02.108737885Z: [    5.034107] FS-Cache: Netfs 'cifs' registered for caching
[STDOUT  ] 2017-10-03T15:10:02.10874672Z: [    5.035278] fuse init (API version 7.26)
[STDOUT  ] 2017-10-03T15:10:02.108753237Z: [    5.037767] SGI XFS with ACLs, security attributes, no debug enabled
[STDOUT  ] 2017-10-03T15:10:02.108758863Z: [    5.042510] 9p: Installing v9fs 9p2000 file system support
[STDOUT  ] 2017-10-03T15:10:02.108764235Z: [    5.043144] FS-Cache: Netfs '9p' registered for caching
[STDOUT  ] 2017-10-03T15:10:02.108769605Z: [    5.073611] NET: Registered protocol family 38
[STDOUT  ] 2017-10-03T15:10:02.108776366Z: [    5.074243] Key type asymmetric registered
[STDOUT  ] 2017-10-03T15:10:02.108782002Z: [    5.074647] Asymmetric key parser 'x509' registered
[STDOUT  ] 2017-10-03T15:10:02.108788507Z: [    5.075692] Block layer SCSI generic (bsg) driver version 0.4 loaded (major 251)
[STDOUT  ] 2017-10-03T15:10:02.108794361Z: [    5.077295] io scheduler noop registered
[STDOUT  ] 2017-10-03T15:10:02.108799694Z: [    5.077682] io scheduler deadline registered (default)
[STDOUT  ] 2017-10-03T15:10:02.108805167Z: [    5.078590] io scheduler cfq registered
[STDOUT  ] 2017-10-03T15:10:02.108810549Z: [    5.082341] pci_hotplug: PCI Hot Plug PCI Core version: 0.5
[STDOUT  ] 2017-10-03T15:10:02.108815879Z: [    5.083076] pciehp: PCI Express Hot Plug Controller Driver version: 0.4
[STDOUT  ] 2017-10-03T15:10:02.108821146Z: [    5.084111] shpchp: Standard Hot Plug PCI Controller Driver version: 0.4
[STDOUT  ] 2017-10-03T15:10:02.108829443Z: [    5.085078] hv_vmbus: registering driver hyperv_fb
[STDOUT  ] 2017-10-03T15:10:02.108834966Z: [    5.088316] input: Power Button as /devices/LNXSYSTM:00/LNXPWRBN:00/input/input0
[STDOUT  ] 2017-10-03T15:10:02.108840609Z: [    5.089609] ACPI: Power Button [PWRF]
[STDOUT  ] 2017-10-03T15:10:02.108846013Z: [    5.095190] GHES: HEST is not enabled!
[STDOUT  ] 2017-10-03T15:10:02.108851216Z: [    5.106357] ACPI: PCI Interrupt Link [GSIG] enabled at IRQ 22
[STDOUT  ] 2017-10-03T15:10:02.108856518Z: [    5.120614] ACPI: PCI Interrupt Link [GSIH] enabled at IRQ 23
[STDOUT  ] 2017-10-03T15:10:02.108863101Z: [    5.126457] xenfs: not registering filesystem on non-xen platform
[STDOUT  ] 2017-10-03T15:10:02.108868757Z: [    5.128738] Serial: 8250/16550 driver, 4 ports, IRQ sharing disabled
[STDOUT  ] 2017-10-03T15:10:02.108875232Z: [    5.154155] 00:04: ttyS0 at I/O 0x3f8 (irq = 4, base_baud = 115200) is a 16550A
[STDOUT  ] 2017-10-03T15:10:02.108881733Z: [    5.166320] Non-volatile memory driver v1.3
[STDOUT  ] 2017-10-03T15:10:02.108887408Z: [    5.173025] Hangcheck: starting hangcheck timer 0.9.1 (tick is 180 seconds, margin is 60 seconds).
[STDOUT  ] 2017-10-03T15:10:02.108892926Z: [    5.213445] loop: module loaded
[STDOUT  ] 2017-10-03T15:10:02.108898566Z: [    5.228393] nbd: registered device at major 43
[STDOUT  ] 2017-10-03T15:10:02.108903911Z: [    5.270689] lpc_ich 0000:00:1f.0: I/O space for GPIO uninitialized
[STDOUT  ] 2017-10-03T15:10:02.108909167Z: [    5.272885] VMware PVSCSI driver - version 1.0.7.0-k
[STDOUT  ] 2017-10-03T15:10:02.108916913Z: [    5.273747] hv_vmbus: registering driver hv_storvsc
[STDOUT  ] 2017-10-03T15:10:02.108922314Z: [    5.284116] ACPI: PCI Interrupt Link [GSIA] enabled at IRQ 16
[STDOUT  ] 2017-10-03T15:10:02.108928945Z: [    5.291484] ahci 0000:00:1f.2: AHCI 0001.0000 32 slots 6 ports 1.5 Gbps 0x3f impl SATA mode
[STDOUT  ] 2017-10-03T15:10:02.10893472Z: [    5.292489] ahci 0000:00:1f.2: flags: 64bit ncq only 
[STDOUT  ] 2017-10-03T15:10:02.108940227Z: [    5.313602] scsi host0: ahci
[STDOUT  ] 2017-10-03T15:10:02.10894554Z: [    5.318670] scsi host1: ahci
[STDOUT  ] 2017-10-03T15:10:02.108951946Z: [    5.321365] scsi host2: ahci
[STDOUT  ] 2017-10-03T15:10:02.108957273Z: [    5.323676] scsi host3: ahci
[STDOUT  ] 2017-10-03T15:10:02.108962703Z: [    5.325929] scsi host4: ahci
[STDOUT  ] 2017-10-03T15:10:02.108967981Z: [    5.328178] scsi host5: ahci
[STDOUT  ] 2017-10-03T15:10:02.108973431Z: [    5.330456] ata1: SATA max UDMA/133 abar m4096@0xfebd2000 port 0xfebd2100 irq 24
[STDOUT  ] 2017-10-03T15:10:02.108978918Z: [    5.330949] ata2: SATA max UDMA/133 abar m4096@0xfebd2000 port 0xfebd2180 irq 24
[STDOUT  ] 2017-10-03T15:10:02.108989377Z: [    5.331398] ata3: SATA max UDMA/133 abar m4096@0xfebd2000 port 0xfebd2200 irq 24
[STDOUT  ] 2017-10-03T15:10:02.108996245Z: [    5.331865] ata4: SATA max UDMA/133 abar m4096@0xfebd2000 port 0xfebd2280 irq 24
[STDOUT  ] 2017-10-03T15:10:02.109001824Z: [    5.332285] ata5: SATA max UDMA/133 abar m4096@0xfebd2000 port 0xfebd2300 irq 24
[STDOUT  ] 2017-10-03T15:10:02.109008472Z: [    5.332700] ata6: SATA max UDMA/133 abar m4096@0xfebd2000 port 0xfebd2380 irq 24
[STDOUT  ] 2017-10-03T15:10:02.109013869Z: [    5.346421] tun: Universal TUN/TAP device driver, 1.6
[STDOUT  ] 2017-10-03T15:10:02.109019191Z: [    5.346782] tun: (C) 1999-2004 Max Krasnyansky <maxk@qualcomm.com>
[STDOUT  ] 2017-10-03T15:10:02.109026002Z: [    5.357510] VMware vmxnet3 virtual NIC driver - version 1.4.a.0-k-NAPI
[STDOUT  ] 2017-10-03T15:10:02.10903462Z: [    5.358436] hv_vmbus: registering driver hv_netvsc
[STDOUT  ] 2017-10-03T15:10:02.109043594Z: [    5.358805] Fusion MPT base driver 3.04.20
[STDOUT  ] 2017-10-03T15:10:02.10905307Z: [    5.359064] Copyright (c) 1999-2008 LSI Corporation
[STDOUT  ] 2017-10-03T15:10:02.109059502Z: [    5.359657] Fusion MPT SPI Host driver 3.04.20
[STDOUT  ] 2017-10-03T15:10:02.109065231Z: [    5.362051] i8042: PNP: PS/2 Controller [PNP0303:KBD,PNP0f13:MOU] at 0x60,0x64 irq 1,12
[STDOUT  ] 2017-10-03T15:10:02.109070702Z: [    5.366164] serio: i8042 KBD port at 0x60,0x64 irq 1
[STDOUT  ] 2017-10-03T15:10:02.10908073Z: [    5.366803] serio: i8042 AUX port at 0x60,0x64 irq 12
[STDOUT  ] 2017-10-03T15:10:02.109086917Z: [    5.369852] hv_vmbus: registering driver hyperv_keyboard
[STDOUT  ] 2017-10-03T15:10:02.109092285Z: [    5.372402] mousedev: PS/2 mouse device common for all mice
[STDOUT  ] 2017-10-03T15:10:02.109098264Z: [    5.377282] input: AT Translated Set 2 keyboard as /devices/platform/i8042/serio0/input/input1
[STDOUT  ] 2017-10-03T15:10:02.109104427Z: [    5.380743] input: PC Speaker as /devices/platform/pcspkr/input/input2
[STDOUT  ] 2017-10-03T15:10:02.109110303Z: [    5.384342] rtc_cmos 00:00: RTC can wake from S4
[STDOUT  ] 2017-10-03T15:10:02.109116245Z: [    5.387642] rtc_cmos 00:00: rtc core: registered rtc_cmos as rtc0
[STDOUT  ] 2017-10-03T15:10:02.109123176Z: [    5.389071] rtc_cmos 00:00: alarms up to one day, y3k, 114 bytes nvram, hpet irqs
[STDOUT  ] 2017-10-03T15:10:02.109129917Z: [    5.389854] i2c /dev entries driver
[STDOUT  ] 2017-10-03T15:10:02.109136747Z: [    5.392149] device-mapper: ioctl: 4.35.0-ioctl (2016-06-23) initialised: dm-devel@redhat.com
[STDOUT  ] 2017-10-03T15:10:02.109142384Z: [    5.396701] usbcore: registered new interface driver usbhid
[STDOUT  ] 2017-10-03T15:10:02.109149947Z: [    5.396906] usbhid: USB HID core driver
[STDOUT  ] 2017-10-03T15:10:02.109155438Z: [    5.397575] hv_utils: Registering HyperV Utility Driver
[STDOUT  ] 2017-10-03T15:10:02.109162188Z: [    5.397912] hv_vmbus: registering driver hv_util
[STDOUT  ] 2017-10-03T15:10:02.109167746Z: [    5.398239] hv_vmbus: registering driver hv_balloon
[STDOUT  ] 2017-10-03T15:10:02.109173506Z: [    5.398807] oprofile: using NMI interrupt.
[STDOUT  ] 2017-10-03T15:10:02.109179296Z: [    5.399982] GACT probability on
[STDOUT  ] 2017-10-03T15:10:02.109184679Z: [    5.400844] Mirror/redirect action on
[STDOUT  ] 2017-10-03T15:10:02.109189871Z: [    5.401681] Simple TC action Loaded
[STDOUT  ] 2017-10-03T15:10:02.109195245Z: [    5.402318] u32 classifier
[STDOUT  ] 2017-10-03T15:10:02.109200651Z: [    5.402499]     Performance counters on
[STDOUT  ] 2017-10-03T15:10:02.109205962Z: [    5.402737]     input device check on
[STDOUT  ] 2017-10-03T15:10:02.109211428Z: [    5.402915]     Actions configured
[STDOUT  ] 2017-10-03T15:10:02.109216756Z: [    5.403557] Netfilter messages via NETLINK v0.30.
[STDOUT  ] 2017-10-03T15:10:02.109222054Z: [    5.404206] nfnl_acct: registering with nfnetlink.
[STDOUT  ] 2017-10-03T15:10:02.109228842Z: [    5.405934] nf_conntrack version 0.5.0 (8192 buckets, 32768 max)
[STDOUT  ] 2017-10-03T15:10:02.109237397Z: [    5.408988] ctnetlink v0.93: registering with nfnetlink.
[STDOUT  ] 2017-10-03T15:10:02.109242883Z: [    5.412580] nf_tables: (c) 2007-2009 Patrick McHardy <kaber@trash.net>
[STDOUT  ] 2017-10-03T15:10:02.10924987Z: [    5.413522] nf_tables_compat: (c) 2012 Pablo Neira Ayuso <pablo@netfilter.org>
[STDOUT  ] 2017-10-03T15:10:02.109256491Z: [    5.415930] xt_time: kernel timezone is -0000
[STDOUT  ] 2017-10-03T15:10:02.109261944Z: [    5.416555] ip_set: protocol 6
[STDOUT  ] 2017-10-03T15:10:02.109267714Z: [    5.417246] IPVS: Registered protocols (TCP, UDP, SCTP, AH, ESP)
[STDOUT  ] 2017-10-03T15:10:02.10927539Z: [    5.417987] IPVS: Connection hash table configured (size=4096, memory=64Kbytes)
[STDOUT  ] 2017-10-03T15:10:02.109282357Z: [    5.419741] IPVS: Creating netns size=2104 id=0
[STDOUT  ] 2017-10-03T15:10:02.109290413Z: [    5.422833] IPVS: ipvs loaded.
[STDOUT  ] 2017-10-03T15:10:02.109297492Z: [    5.423245] IPVS: [rr] scheduler registered.
[STDOUT  ] 2017-10-03T15:10:02.109302779Z: [    5.423573] IPVS: [wrr] scheduler registered.
[STDOUT  ] 2017-10-03T15:10:02.109308078Z: [    5.423906] IPVS: [lc] scheduler registered.
[STDOUT  ] 2017-10-03T15:10:02.109316271Z: [    5.424152] IPVS: [wlc] scheduler registered.
[STDOUT  ] 2017-10-03T15:10:02.109322294Z: [    5.424408] IPVS: [fo] scheduler registered.
[STDOUT  ] 2017-10-03T15:10:02.10932794Z: [    5.424656] IPVS: [ovf] scheduler registered.
[STDOUT  ] 2017-10-03T15:10:02.109337092Z: [    5.425091] IPVS: [lblc] scheduler registered.
[STDOUT  ] 2017-10-03T15:10:02.109342544Z: [    5.425521] IPVS: [lblcr] scheduler registered.
[STDOUT  ] 2017-10-03T15:10:02.109348047Z: [    5.425805] IPVS: [dh] scheduler registered.
[STDOUT  ] 2017-10-03T15:10:02.109357725Z: [    5.426070] IPVS: [sh] scheduler registered.
[STDOUT  ] 2017-10-03T15:10:02.109363148Z: [    5.426340] IPVS: [sed] scheduler registered.
[STDOUT  ] 2017-10-03T15:10:02.10936848Z: [    5.426574] IPVS: [nq] scheduler registered.
[STDOUT  ] 2017-10-03T15:10:02.109373835Z: [    5.427269] IPVS: ftp: loaded support on port[0] = 21
[STDOUT  ] 2017-10-03T15:10:02.109379225Z: [    5.428151] ipip: IPv4 and MPLS over IPv4 tunneling driver
[STDOUT  ] 2017-10-03T15:10:02.109384562Z: [    5.432869] gre: GRE over IPv4 demultiplexor driver
[STDOUT  ] 2017-10-03T15:10:02.109390304Z: [    5.435637] ip_tables: (C) 2000-2006 Netfilter Core Team
[STDOUT  ] 2017-10-03T15:10:02.109396239Z: [    5.438866] ipt_CLUSTERIP: ClusterIP Version 0.8 loaded successfully
[STDOUT  ] 2017-10-03T15:10:02.109402042Z: [    5.439782] arp_tables: arp_tables: (C) 2002 David S. Miller
[STDOUT  ] 2017-10-03T15:10:02.109407897Z: [    5.442633] NET: Registered protocol family 10
[STDOUT  ] 2017-10-03T15:10:02.109413255Z: [    5.452330] ip6_tables: (C) 2000-2006 Netfilter Core Team
[STDOUT  ] 2017-10-03T15:10:02.109420558Z: [    5.460899] NET: Registered protocol family 17
[STDOUT  ] 2017-10-03T15:10:02.109425923Z: [    5.462088] Bridge firewalling registered
[STDOUT  ] 2017-10-03T15:10:02.10943142Z: [    5.462649] Ebtables v2.0 registered
[STDOUT  ] 2017-10-03T15:10:02.10943681Z: [    5.464573] 8021q: 802.1Q VLAN Support v1.8
[STDOUT  ] 2017-10-03T15:10:02.109442219Z: [    5.466058] 9pnet: Installing 9P2000 support
[STDOUT  ] 2017-10-03T15:10:02.109466481Z: [    5.467660] Key type dns_resolver registered
[STDOUT  ] 2017-10-03T15:10:02.109473994Z: [    5.468820] microcode: AMD CPU family 0x6 not supported
[STDOUT  ] 2017-10-03T15:10:02.109482829Z: [    5.472978] registered taskstats version 1
[STDOUT  ] 2017-10-03T15:10:02.109491667Z: [    5.661951] ata2: SATA link down (SStatus 0 SControl 300)
[STDOUT  ] 2017-10-03T15:10:02.109501334Z: [    5.664743] ata1: SATA link down (SStatus 0 SControl 300)
[STDOUT  ] 2017-10-03T15:10:02.109509348Z: [    5.670815] ata6: SATA link down (SStatus 0 SControl 300)
[STDOUT  ] 2017-10-03T15:10:02.109516569Z: [    5.671534] ata5: SATA link down (SStatus 0 SControl 300)
[STDOUT  ] 2017-10-03T15:10:02.109527948Z: [    5.672002] ata4: SATA link down (SStatus 0 SControl 300)
[STDOUT  ] 2017-10-03T15:10:02.109533681Z: [    5.672817] ata3: SATA link up 1.5 Gbps (SStatus 113 SControl 300)
[STDOUT  ] 2017-10-03T15:10:02.109544205Z: [    5.676572] ata3.00: ATAPI: QEMU DVD-ROM, 2.5+, max UDMA/100
[STDOUT  ] 2017-10-03T15:10:02.10955023Z: [    5.677149] ata3.00: applying bridge limits
[STDOUT  ] 2017-10-03T15:10:02.109555935Z: [    5.679067] ata3.00: configured for UDMA/100
[STDOUT  ] 2017-10-03T15:10:02.109561409Z: [    5.701360] scsi 2:0:0:0: CD-ROM            QEMU     QEMU DVD-ROM     2.5+ PQ: 0 ANSI: 5
[STDOUT  ] 2017-10-03T15:10:02.109567477Z: [    5.734074] sr 2:0:0:0: [sr0] scsi3-mmc drive: 4x/4x cd/rw xa/form2 tray
[STDOUT  ] 2017-10-03T15:10:02.109573394Z: [    5.734778] cdrom: Uniform CD-ROM driver Revision: 3.20
[STDOUT  ] 2017-10-03T15:10:02.10958067Z: [    5.748417] sr 2:0:0:0: Attached scsi generic sg0 type 5
[STDOUT  ] 2017-10-03T15:10:02.109586507Z: [    5.752524] Key type big_key registered
[STDOUT  ] 2017-10-03T15:10:02.109591961Z: [    5.812248] Key type encrypted registered
[STDOUT  ] 2017-10-03T15:10:02.109597468Z: [    5.817903] rtc_cmos 00:00: setting system clock to 2017-10-03 15:09:37 UTC (1507043377)
[STDOUT  ] 2017-10-03T15:10:02.109602926Z: [    5.968734] Freeing unused kernel memory: 1380K
[STDOUT  ] 2017-10-03T15:10:02.109610223Z: [    5.969052] Write protecting the kernel read-only data: 12288k
[STDOUT  ] 2017-10-03T15:10:02.109615851Z: [    5.977049] Freeing unused kernel memory: 140K
[STDOUT  ] 2017-10-03T15:10:02.10962398Z: [    6.104285] Freeing unused kernel memory: 1400K
[STDOUT  ] 2017-10-03T15:10:02.109629839Z: [    6.105188] tsc: Refined TSC clocksource calibration: 2599.618 MHz
[STDOUT  ] 2017-10-03T15:10:02.109635446Z: [    6.105751] clocksource: tsc: mask: 0xffffffffffffffff max_cycles: 0x2578d32a13b, max_idle_ns: 440795290622 ns
[STDOUT  ] 2017-10-03T15:10:02.109642693Z: [    7.121533] clocksource: Switched to clocksource tsc
[STDOUT  ] 2017-10-03T15:10:02.109648001Z: 
[STDOUT  ] 2017-10-03T15:10:02.109653809Z: Welcome to LinuxKit
[STDOUT  ] 2017-10-03T15:10:02.109659183Z: 
[STDOUT  ] 2017-10-03T15:10:02.109667334Z:                         ##         .
[STDOUT  ] 2017-10-03T15:10:02.109673546Z:                   ## ## ##        ==
[STDOUT  ] 2017-10-03T15:10:02.109680019Z:                ## ## ## ## ##    ===
[STDOUT  ] 2017-10-03T15:10:02.109685448Z:            /"""""""""""""""""\___/ ===
[STDOUT  ] 2017-10-03T15:10:02.109690826Z:           {                       /  ===-
[STDOUT  ] 2017-10-03T15:10:02.109700619Z:            \______ O           __/
[STDOUT  ] 2017-10-03T15:10:02.109707102Z:              \    \         __/
[STDOUT  ] 2017-10-03T15:10:02.109712904Z:               \____\_______/
[STDOUT  ] 2017-10-03T15:10:02.109718605Z: 
[STDOUT  ] 2017-10-03T15:10:02.109723982Z: [   15.894145] 8021q: adding VLAN 0 to HW filter on device eth0
[STDOUT  ] 2017-10-03T15:10:02.109729437Z: eth0: waiting for carrier
[STDOUT  ] 2017-10-03T15:10:02.109734982Z: eth0: carrier acquired
[STDOUT  ] 2017-10-03T15:10:02.109740309Z: DUID 00:01:00:01:21:66:64:bb:1a:25:64:f4:ee:24
[STDOUT  ] 2017-10-03T15:10:02.10974577Z: eth0: IAID 64:f4:ee:24
[STDOUT  ] 2017-10-03T15:10:02.109751233Z: [   15.973192] random: dhcpcd: uninitialized urandom read (112 bytes read)
[STDOUT  ] 2017-10-03T15:10:02.109756868Z: eth0: adding address fe80::9b43:8020:50d9:fd43
[STDOUT  ] 2017-10-03T15:10:02.109762192Z: eth0: soliciting an IPv6 router
[STDOUT  ] 2017-10-03T15:10:02.109769068Z: eth0: soliciting a DHCP lease
[STDOUT  ] 2017-10-03T15:10:02.109774632Z: eth0: offered 10.0.2.15 from 10.0.2.2
[STDOUT  ] 2017-10-03T15:10:02.109780084Z: eth0: leased 10.0.2.15 for 86400 seconds
[STDOUT  ] 2017-10-03T15:10:02.109785412Z: eth0: adding route to 10.0.2.0/24
[STDOUT  ] 2017-10-03T15:10:02.109790696Z: eth0: adding default route via 10.0.2.2
[STDOUT  ] 2017-10-03T15:10:02.109795832Z: exiting due to oneshot
[STDOUT  ] 2017-10-03T15:10:02.109801155Z: dhcpcd exited
[STDOUT  ] 2017-10-03T15:10:02.109806559Z: dhcpcd test suite PASSED
[STDOUT  ] 2017-10-03T15:10:02.10981259Z: [   29.363604] ACPI: Preparing to enter system sleep state S5
[STDOUT  ] 2017-10-03T15:10:02.109822806Z: [   29.365365] reboot: Power down
[STDERR  ] 2017-10-03T15:10:02.10983913Z: + RESULT=[    0.000000] Linux version 4.9.52-linuxkit (root@8c8ea8e3851f) (gcc version 6.3.0 (Alpine 6.3.0) ) #1 SMP Mon Oct 2 14:33:48 UTC 2017
[STDERR  ] 2017-10-03T15:10:02.109857521Z: [    0.000000] Command line: console=ttyS0 page_poison=1
[STDERR  ] 2017-10-03T15:10:02.109865299Z: [    0.000000] x86/fpu: Legacy x87 FPU detected.
[STDERR  ] 2017-10-03T15:10:02.109874749Z: [    0.000000] x86/fpu: Using 'eager' FPU context switches.
[STDERR  ] 2017-10-03T15:10:02.1098807Z: [    0.000000] e820: BIOS-provided physical RAM map:
[STDERR  ] 2017-10-03T15:10:02.109888678Z: [    0.000000] BIOS-e820: [mem 0x0000000000000000-0x000000000009fbff] usable
[STDERR  ] 2017-10-03T15:10:02.109896086Z: [    0.000000] BIOS-e820: [mem 0x000000000009fc00-0x000000000009ffff] reserved
[STDERR  ] 2017-10-03T15:10:02.109901814Z: [    0.000000] BIOS-e820: [mem 0x00000000000f0000-0x00000000000fffff] reserved
[STDERR  ] 2017-10-03T15:10:02.109907362Z: [    0.000000] BIOS-e820: [mem 0x0000000000100000-0x000000003ffdefff] usable
[STDERR  ] 2017-10-03T15:10:02.109912959Z: [    0.000000] BIOS-e820: [mem 0x000000003ffdf000-0x000000003fffffff] reserved
[STDERR  ] 2017-10-03T15:10:02.109918647Z: [    0.000000] BIOS-e820: [mem 0x00000000b0000000-0x00000000bfffffff] reserved
[STDERR  ] 2017-10-03T15:10:02.109924197Z: [    0.000000] BIOS-e820: [mem 0x00000000fed1c000-0x00000000fed1ffff] reserved
[STDERR  ] 2017-10-03T15:10:02.109932762Z: [    0.000000] BIOS-e820: [mem 0x00000000fffc0000-0x00000000ffffffff] reserved
[STDERR  ] 2017-10-03T15:10:02.109940063Z: [    0.000000] NX (Execute Disable) protection: active
[STDERR  ] 2017-10-03T15:10:02.109945884Z: [    0.000000] SMBIOS 2.8 present.
[STDERR  ] 2017-10-03T15:10:02.109951185Z: [    0.000000] e820: last_pfn = 0x3ffdf max_arch_pfn = 0x400000000
[STDERR  ] 2017-10-03T15:10:02.109956552Z: [    0.000000] x86/PAT: Configuration [0-7]: WB  WC  UC- UC  WB  WC  UC- WT  
[STDERR  ] 2017-10-03T15:10:02.109962073Z: [    0.000000] found SMP MP-table at [mem 0x000f6aa0-0x000f6aaf] mapped at [ffff986b400f6aa0]
[STDERR  ] 2017-10-03T15:10:02.109967564Z: [    0.000000] RAMDISK: [mem 0x3e719000-0x3ffcffff]
[STDERR  ] 2017-10-03T15:10:02.109972909Z: [    0.000000] ACPI: Early table checksum verification disabled
[STDERR  ] 2017-10-03T15:10:02.109979261Z: [    0.000000] ACPI: RSDP 0x00000000000F68C0 000014 (v00 BOCHS )
[STDERR  ] 2017-10-03T15:10:02.109984666Z: [    0.000000] ACPI: RSDT 0x000000003FFE2404 000034 (v01 BOCHS  BXPCRSDT 00000001 BXPC 00000001)
[STDERR  ] 2017-10-03T15:10:02.109990253Z: [    0.000000] ACPI: FACP 0x000000003FFE22A4 000074 (v01 BOCHS  BXPCFACP 00000001 BXPC 00000001)
[STDERR  ] 2017-10-03T15:10:02.109995744Z: [    0.000000] ACPI: DSDT 0x000000003FFE0040 002264 (v01 BOCHS  BXPCDSDT 00000001 BXPC 00000001)
[STDERR  ] 2017-10-03T15:10:02.110001059Z: [    0.000000] ACPI: FACS 0x000000003FFE0000 000040
[STDERR  ] 2017-10-03T15:10:02.110006371Z: [    0.000000] ACPI: APIC 0x000000003FFE2318 000078 (v01 BOCHS  BXPCAPIC 00000001 BXPC 00000001)
[STDERR  ] 2017-10-03T15:10:02.110012471Z: [    0.000000] ACPI: HPET 0x000000003FFE2390 000038 (v01 BOCHS  BXPCHPET 00000001 BXPC 00000001)
[STDERR  ] 2017-10-03T15:10:02.110017714Z: [    0.000000] ACPI: MCFG 0x000000003FFE23C8 00003C (v01 BOCHS  BXPCMCFG 00000001 BXPC 00000001)
[STDERR  ] 2017-10-03T15:10:02.110023549Z: [    0.000000] Zone ranges:
[STDERR  ] 2017-10-03T15:10:02.110031086Z: [    0.000000]   DMA      [mem 0x0000000000001000-0x0000000000ffffff]
[STDERR  ] 2017-10-03T15:10:02.110037536Z: [    0.000000]   DMA32    [mem 0x0000000001000000-0x000000003ffdefff]
[STDERR  ] 2017-10-03T15:10:02.110044812Z: [    0.000000]   Normal   empty
[STDERR  ] 2017-10-03T15:10:02.110052575Z: [    0.000000] Movable zone start for each node
[STDERR  ] 2017-10-03T15:10:02.110061281Z: [    0.000000] Early memory node ranges
[STDERR  ] 2017-10-03T15:10:02.110068338Z: [    0.000000]   node   0: [mem 0x0000000000001000-0x000000000009efff]
[STDERR  ] 2017-10-03T15:10:02.110091325Z: [    0.000000]   node   0: [mem 0x0000000000100000-0x000000003ffdefff]
[STDERR  ] 2017-10-03T15:10:02.110100489Z: [    0.000000] Initmem setup node 0 [mem 0x0000000000001000-0x000000003ffdefff]
[STDERR  ] 2017-10-03T15:10:02.110108711Z: [    0.000000] ACPI: PM-Timer IO Port: 0x608
[STDERR  ] 2017-10-03T15:10:02.110116955Z: [    0.000000] ACPI: LAPIC_NMI (acpi_id[0xff] dfl dfl lint[0x1])
[STDERR  ] 2017-10-03T15:10:02.11012521Z: [    0.000000] IOAPIC[0]: apic_id 0, version 32, address 0xfec00000, GSI 0-23
[STDERR  ] 2017-10-03T15:10:02.110134236Z: [    0.000000] ACPI: INT_SRC_OVR (bus 0 bus_irq 0 global_irq 2 dfl dfl)
[STDERR  ] 2017-10-03T15:10:02.110143911Z: [    0.000000] ACPI: INT_SRC_OVR (bus 0 bus_irq 5 global_irq 5 high level)
[STDERR  ] 2017-10-03T15:10:02.110152047Z: [    0.000000] ACPI: INT_SRC_OVR (bus 0 bus_irq 9 global_irq 9 high level)
[STDERR  ] 2017-10-03T15:10:02.110160708Z: [    0.000000] ACPI: INT_SRC_OVR (bus 0 bus_irq 10 global_irq 10 high level)
[STDERR  ] 2017-10-03T15:10:02.110169635Z: [    0.000000] ACPI: INT_SRC_OVR (bus 0 bus_irq 11 global_irq 11 high level)
[STDERR  ] 2017-10-03T15:10:02.110177775Z: [    0.000000] Using ACPI (MADT) for SMP configuration information
[STDERR  ] 2017-10-03T15:10:02.110185708Z: [    0.000000] ACPI: HPET id: 0x8086a201 base: 0xfed00000
[STDERR  ] 2017-10-03T15:10:02.110193939Z: [    0.000000] smpboot: Allowing 1 CPUs, 0 hotplug CPUs
[STDERR  ] 2017-10-03T15:10:02.110208832Z: [    0.000000] e820: [mem 0x40000000-0xafffffff] available for PCI devices
[STDERR  ] 2017-10-03T15:10:02.110218543Z: [    0.000000] Booting paravirtualized kernel on bare hardware
[STDERR  ] 2017-10-03T15:10:02.110227304Z: [    0.000000] clocksource: refined-jiffies: mask: 0xffffffff max_cycles: 0xffffffff, max_idle_ns: 19112604462750000 ns
[STDERR  ] 2017-10-03T15:10:02.110244067Z: [    0.000000] setup_percpu: NR_CPUS:128 nr_cpumask_bits:128 nr_cpu_ids:1 nr_node_ids:1
[STDERR  ] 2017-10-03T15:10:02.11025154Z: [    0.000000] percpu: Embedded 35 pages/cpu @ffff986b7e400000 s105240 r8192 d29928 u2097152
[STDERR  ] 2017-10-03T15:10:02.110259613Z: [    0.000000] Built 1 zonelists in Zone order, mobility grouping on.  Total pages: 257896
[STDERR  ] 2017-10-03T15:10:02.110266577Z: [    0.000000] Kernel command line: console=ttyS0 page_poison=1
[STDERR  ] 2017-10-03T15:10:02.110274449Z: [    0.000000] PID hash table entries: 4096 (order: 3, 32768 bytes)
[STDERR  ] 2017-10-03T15:10:02.110282036Z: [    0.000000] Dentry cache hash table entries: 131072 (order: 8, 1048576 bytes)
[STDERR  ] 2017-10-03T15:10:02.110290202Z: [    0.000000] Inode-cache hash table entries: 65536 (order: 7, 524288 bytes)
[STDERR  ] 2017-10-03T15:10:02.110301762Z: [    0.000000] Memory: 988872K/1048052K available (8035K kernel code, 1367K rwdata, 2696K rodata, 1380K init, 568K bss, 59180K reserved, 0K cma-reserved)
[STDERR  ] 2017-10-03T15:10:02.110319778Z: [    0.000000] Hierarchical RCU implementation.
[STDERR  ] 2017-10-03T15:10:02.110327075Z: [    0.000000] 	Build-time adjustment of leaf fanout to 64.
[STDERR  ] 2017-10-03T15:10:02.110335363Z: [    0.000000] 	RCU restricting CPUs from NR_CPUS=128 to nr_cpu_ids=1.
[STDERR  ] 2017-10-03T15:10:02.110343594Z: [    0.000000] RCU: Adjusting geometry for rcu_fanout_leaf=64, nr_cpu_ids=1
[STDERR  ] 2017-10-03T15:10:02.110351752Z: [    0.000000] NR_IRQS:8448 nr_irqs:256 16
[STDERR  ] 2017-10-03T15:10:02.110359437Z: [    0.000000] Console: colour VGA+ 80x25
[STDERR  ] 2017-10-03T15:10:02.110367415Z: [    0.000000] console [ttyS0] enabled
[STDERR  ] 2017-10-03T15:10:02.11037582Z: [    0.000000] allocated 2097152 bytes of page_ext
[STDERR  ] 2017-10-03T15:10:02.110384069Z: [    0.000000] clocksource: hpet: mask: 0xffffffff max_cycles: 0xffffffff, max_idle_ns: 19112604467 ns
[STDERR  ] 2017-10-03T15:10:02.110392582Z: [    0.000000] tsc: Fast TSC calibration using PIT
[STDERR  ] 2017-10-03T15:10:02.11040014Z: [    0.000000] tsc: Detected 2599.604 MHz processor
[STDERR  ] 2017-10-03T15:10:02.110408854Z: [    0.021467] Calibrating delay loop (skipped), value calculated using timer frequency.. 5199.20 BogoMIPS (lpj=25996040)
[STDERR  ] 2017-10-03T15:10:02.110422489Z: [    0.022257] pid_max: default: 32768 minimum: 301
[STDERR  ] 2017-10-03T15:10:02.11043077Z: [    0.023169] ACPI: Core revision 20160831
[STDERR  ] 2017-10-03T15:10:02.110439703Z: [    0.068950] ACPI: 1 ACPI AML tables successfully acquired and loaded
[STDERR  ] 2017-10-03T15:10:02.110448583Z: [    0.073549] Security Framework initialized
[STDERR  ] 2017-10-03T15:10:02.110457674Z: [    0.073853] Yama: becoming mindful.
[STDERR  ] 2017-10-03T15:10:02.110465863Z: [    0.075801] Mount-cache hash table entries: 2048 (order: 2, 16384 bytes)
[STDERR  ] 2017-10-03T15:10:02.110473992Z: [    0.076137] Mountpoint-cache hash table entries: 2048 (order: 2, 16384 bytes)
[STDERR  ] 2017-10-03T15:10:02.110483431Z: [    0.095899] Last level iTLB entries: 4KB 0, 2MB 0, 4MB 0
[STDERR  ] 2017-10-03T15:10:02.110491922Z: [    0.096194] Last level dTLB entries: 4KB 0, 2MB 0, 4MB 0, 1GB 0
[STDERR  ] 2017-10-03T15:10:02.110501107Z: [    0.381811] Freeing SMP alternatives memory: 20K
[STDERR  ] 2017-10-03T15:10:02.110514579Z: [    0.392512] ftrace: allocating 35516 entries in 139 pages
[STDERR  ] 2017-10-03T15:10:02.110530885Z: [    0.572297] smpboot: Max logical packages: 1
[STDERR  ] 2017-10-03T15:10:02.11053961Z: [    0.579366] ..TIMER: vector=0x30 apic1=0 pin1=2 apic2=-1 pin2=-1
[STDERR  ] 2017-10-03T15:10:02.110548333Z: [    0.680000] smpboot: CPU0: AMD QEMU Virtual CPU version 2.5+ (family: 0x6, model: 0x6, stepping: 0x3)
[STDERR  ] 2017-10-03T15:10:02.110561302Z: [    0.680000] Performance Events: PMU not available due to virtualization, using software events only.
[STDERR  ] 2017-10-03T15:10:02.110569464Z: [    0.689408] NMI watchdog: disabled (cpu0): hardware events not enabled
[STDERR  ] 2017-10-03T15:10:02.110577358Z: [    0.690122] NMI watchdog: Shutting down hard lockup detector on all cpus
[STDERR  ] 2017-10-03T15:10:02.110585146Z: [    0.693867] x86: Booted up 1 node, 1 CPUs
[STDERR  ] 2017-10-03T15:10:02.110591763Z: [    0.694322] smpboot: Total of 1 processors activated (5199.20 BogoMIPS)
[STDERR  ] 2017-10-03T15:10:02.110597997Z: [    0.711396] devtmpfs: initialized
[STDERR  ] 2017-10-03T15:10:02.110604299Z: [    0.717565] x86/mm: Memory block size: 128MB
[STDERR  ] 2017-10-03T15:10:02.11061973Z: [    0.780377] clocksource: jiffies: mask: 0xffffffff max_cycles: 0xffffffff, max_idle_ns: 19112604462750000 ns
[STDERR  ] 2017-10-03T15:10:02.110628433Z: [    0.781391] futex hash table entries: 256 (order: 2, 16384 bytes)
[STDERR  ] 2017-10-03T15:10:02.110636708Z: [    0.790951] NET: Registered protocol family 16
[STDERR  ] 2017-10-03T15:10:02.110644273Z: [    0.800680] cpuidle: using governor ladder
[STDERR  ] 2017-10-03T15:10:02.110652312Z: [    0.801196] cpuidle: using governor menu
[STDERR  ] 2017-10-03T15:10:02.110660151Z: [    0.802532] ACPI: bus type PCI registered
[STDERR  ] 2017-10-03T15:10:02.110667697Z: [    0.805538] PCI: MMCONFIG for domain 0000 [bus 00-ff] at [mem 0xb0000000-0xbfffffff] (base 0xb0000000)
[STDERR  ] 2017-10-03T15:10:02.110675046Z: [    0.806382] PCI: MMCONFIG at [mem 0xb0000000-0xbfffffff] reserved in E820
[STDERR  ] 2017-10-03T15:10:02.110683504Z: [    0.807812] PCI: Using configuration type 1 for base access
[STDERR  ] 2017-10-03T15:10:02.110692569Z: [    0.860753] HugeTLB registered 2 MB page size, pre-allocated 0 pages
[STDERR  ] 2017-10-03T15:10:02.110701299Z: [    0.875048] ACPI: Added _OSI(Module Device)
[STDERR  ] 2017-10-03T15:10:02.110714598Z: [    0.875249] ACPI: Added _OSI(Processor Device)
[STDERR  ] 2017-10-03T15:10:02.11072013Z: [    0.875629] ACPI: Added _OSI(3.0 _SCP Extensions)
[STDERR  ] 2017-10-03T15:10:02.110725672Z: [    0.875988] ACPI: Added _OSI(Processor Aggregator Device)
[STDERR  ] 2017-10-03T15:10:02.110733363Z: [    0.948454] ACPI: Interpreter enabled
[STDERR  ] 2017-10-03T15:10:02.110739295Z: [    0.949373] ACPI: (supports S0 S5)
[STDERR  ] 2017-10-03T15:10:02.110744829Z: [    0.949676] ACPI: Using IOAPIC for interrupt routing
[STDERR  ] 2017-10-03T15:10:02.110750535Z: [    0.952344] PCI: Using host bridge windows from ACPI; if necessary, use "pci=nocrs" and report a bug
[STDERR  ] 2017-10-03T15:10:02.110760844Z: [    1.015358] ACPI: PCI Root Bridge [PCI0] (domain 0000 [bus 00-ff])
[STDERR  ] 2017-10-03T15:10:02.110767001Z: [    1.016599] acpi PNP0A08:00: _OSC: OS supports [ExtendedConfig ASPM ClockPM Segments MSI]
[STDERR  ] 2017-10-03T15:10:02.110772719Z: [    1.023192] acpi PNP0A08:00: _OSC: OS now controls [PCIeHotplug PME PCIeCapability]
[STDERR  ] 2017-10-03T15:10:02.110778159Z: [    1.027088] PCI host bridge to bus 0000:00
[STDERR  ] 2017-10-03T15:10:02.110783764Z: [    1.027628] pci_bus 0000:00: root bus resource [io  0x0000-0x0cf7 window]
[STDERR  ] 2017-10-03T15:10:02.110790807Z: [    1.028170] pci_bus 0000:00: root bus resource [io  0x0d00-0xffff window]
[STDERR  ] 2017-10-03T15:10:02.110796832Z: [    1.028585] pci_bus 0000:00: root bus resource [mem 0x000a0000-0x000bffff window]
[STDERR  ] 2017-10-03T15:10:02.110802242Z: [    1.029096] pci_bus 0000:00: root bus resource [mem 0xc0000000-0xfebfffff window]
[STDERR  ] 2017-10-03T15:10:02.110807744Z: [    1.029742] pci_bus 0000:00: root bus resource [bus 00-ff]
[STDERR  ] 2017-10-03T15:10:02.110813332Z: [    1.172520] pci 0000:00:1f.0: quirk: [io  0x0600-0x067f] claimed by ICH6 ACPI/GPIO/TCO
[STDERR  ] 2017-10-03T15:10:02.110818865Z: [    1.250813] ACPI: PCI Interrupt Link [LNKA] (IRQs 5 *10 11)
[STDERR  ] 2017-10-03T15:10:02.110825796Z: [    1.253591] ACPI: PCI Interrupt Link [LNKB] (IRQs 5 *10 11)
[STDERR  ] 2017-10-03T15:10:02.110834225Z: [    1.255755] ACPI: PCI Interrupt Link [LNKC] (IRQs 5 10 *11)
[STDERR  ] 2017-10-03T15:10:02.110839851Z: [    1.257839] ACPI: PCI Interrupt Link [LNKD] (IRQs 5 10 *11)
[STDERR  ] 2017-10-03T15:10:02.110845251Z: [    1.259589] ACPI: PCI Interrupt Link [LNKE] (IRQs 5 *10 11)
[STDERR  ] 2017-10-03T15:10:02.110850655Z: [    1.261466] ACPI: PCI Interrupt Link [LNKF] (IRQs 5 *10 11)
[STDERR  ] 2017-10-03T15:10:02.110856124Z: [    1.263180] ACPI: PCI Interrupt Link [LNKG] (IRQs 5 10 *11)
[STDERR  ] 2017-10-03T15:10:02.110861752Z: [    1.264919] ACPI: PCI Interrupt Link [LNKH] (IRQs 5 10 *11)
[STDERR  ] 2017-10-03T15:10:02.110867357Z: [    1.265895] ACPI: PCI Interrupt Link [GSIA] (IRQs *16)
[STDERR  ] 2017-10-03T15:10:02.110872684Z: [    1.266547] ACPI: PCI Interrupt Link [GSIB] (IRQs *17)
[STDERR  ] 2017-10-03T15:10:02.11087792Z: [    1.267182] ACPI: PCI Interrupt Link [GSIC] (IRQs *18)
[STDERR  ] 2017-10-03T15:10:02.110883193Z: [    1.267786] ACPI: PCI Interrupt Link [GSID] (IRQs *19)
[STDERR  ] 2017-10-03T15:10:02.110888594Z: [    1.268483] ACPI: PCI Interrupt Link [GSIE] (IRQs *20)
[STDERR  ] 2017-10-03T15:10:02.110893802Z: [    1.269102] ACPI: PCI Interrupt Link [GSIF] (IRQs *21)
[STDERR  ] 2017-10-03T15:10:02.110899242Z: [    1.269498] ACPI: PCI Interrupt Link [GSIG] (IRQs *22)
[STDERR  ] 2017-10-03T15:10:02.110904461Z: [    1.270460] ACPI: PCI Interrupt Link [GSIH] (IRQs *23)
[STDERR  ] 2017-10-03T15:10:02.110913353Z: [    1.274137] ACPI: Enabled 2 GPEs in block 00 to 3F
[STDERR  ] 2017-10-03T15:10:02.110918724Z: [    1.278546] SCSI subsystem initialized
[STDERR  ] 2017-10-03T15:10:02.11092403Z: [    1.281138] ACPI: bus type USB registered
[STDERR  ] 2017-10-03T15:10:02.11093007Z: [    1.282220] usbcore: registered new interface driver usbfs
[STDERR  ] 2017-10-03T15:10:02.110935374Z: [    1.283186] usbcore: registered new interface driver hub
[STDERR  ] 2017-10-03T15:10:02.110940681Z: [    1.283977] usbcore: registered new device driver usb
[STDERR  ] 2017-10-03T15:10:02.110945827Z: [    1.285161] pps_core: LinuxPPS API ver. 1 registered
[STDERR  ] 2017-10-03T15:10:02.110951076Z: [    1.285556] pps_core: Software ver. 5.3.6 - Copyright 2005-2007 Rodolfo Giometti <giometti@linux.it>
[STDERR  ] 2017-10-03T15:10:02.110956717Z: [    1.286289] PTP clock support registered
[STDERR  ] 2017-10-03T15:10:02.110961981Z: [    1.287468] wmi: Mapper loaded
[STDERR  ] 2017-10-03T15:10:02.110967894Z: [    1.288714] PCI: Using ACPI for IRQ routing
[STDERR  ] 2017-10-03T15:10:02.110973271Z: [    1.307748] NetLabel: Initializing
[STDERR  ] 2017-10-03T15:10:02.110982253Z: [    1.308010] NetLabel:  domain hash size = 128
[STDERR  ] 2017-10-03T15:10:02.110988755Z: [    1.308396] NetLabel:  protocols = UNLABELED CIPSOv4
[STDERR  ] 2017-10-03T15:10:02.110997429Z: [    1.311181] NetLabel:  unlabeled traffic allowed by default
[STDERR  ] 2017-10-03T15:10:02.111004779Z: [    1.312488] HPET: 3 timers in total, 0 timers will be used for per-cpu timer
[STDERR  ] 2017-10-03T15:10:02.111013443Z: [    1.313329] hpet0: at MMIO 0xfed00000, IRQs 2, 8, 0
[STDERR  ] 2017-10-03T15:10:02.111021658Z: [    1.313786] hpet0: 3 comparators, 64-bit 100.000000 MHz counter
[STDERR  ] 2017-10-03T15:10:02.111033768Z: [    1.319121] clocksource: Switched to clocksource hpet
[STDERR  ] 2017-10-03T15:10:02.111042126Z: [    1.571505] VFS: Disk quotas dquot_6.6.0
[STDERR  ] 2017-10-03T15:10:02.111057251Z: [    1.572443] VFS: Dquot-cache hash table entries: 512 (order 0, 4096 bytes)
[STDERR  ] 2017-10-03T15:10:02.11106302Z: [    1.576452] FS-Cache: Loaded
[STDERR  ] 2017-10-03T15:10:02.11107063Z: [    1.582961] CacheFiles: Loaded
[STDERR  ] 2017-10-03T15:10:02.111076179Z: [    1.586014] pnp: PnP ACPI init
[STDERR  ] 2017-10-03T15:10:02.111081751Z: [    1.600896] pnp: PnP ACPI: found 5 devices
[STDERR  ] 2017-10-03T15:10:02.111087423Z: [    1.655942] clocksource: acpi_pm: mask: 0xffffff max_cycles: 0xffffff, max_idle_ns: 2085701024 ns
[STDERR  ] 2017-10-03T15:10:02.11109958Z: [    1.659884] NET: Registered protocol family 2
[STDERR  ] 2017-10-03T15:10:02.11110533Z: [    1.669305] TCP established hash table entries: 8192 (order: 4, 65536 bytes)
[STDERR  ] 2017-10-03T15:10:02.111111048Z: [    1.670521] TCP bind hash table entries: 8192 (order: 5, 131072 bytes)
[STDERR  ] 2017-10-03T15:10:02.111117007Z: [    1.671281] TCP: Hash tables configured (established 8192 bind 8192)
[STDERR  ] 2017-10-03T15:10:02.111124279Z: [    1.673262] UDP hash table entries: 512 (order: 2, 16384 bytes)
[STDERR  ] 2017-10-03T15:10:02.111129925Z: [    1.673813] UDP-Lite hash table entries: 512 (order: 2, 16384 bytes)
[STDERR  ] 2017-10-03T15:10:02.111135894Z: [    1.676497] NET: Registered protocol family 1
[STDERR  ] 2017-10-03T15:10:02.111141363Z: [    1.677440] pci 0000:00:01.0: Video device with shadowed ROM at [mem 0x000c0000-0x000dffff]
[STDERR  ] 2017-10-03T15:10:02.111147061Z: [    1.685351] Unpacking initramfs...
[STDERR  ] 2017-10-03T15:10:02.111152944Z: [    4.976794] Freeing initrd memory: 25308K
[STDERR  ] 2017-10-03T15:10:02.111158527Z: [    5.001920] PCLMULQDQ-NI instructions are not detected.
[STDERR  ] 2017-10-03T15:10:02.11116409Z: [    5.003391] AVX or AES-NI instructions are not detected.
[STDERR  ] 2017-10-03T15:10:02.111169525Z: [    5.003902] CPU feature 'AVX registers' is not supported.
[STDERR  ] 2017-10-03T15:10:02.11117506Z: [    5.004284] CPU feature 'AVX registers' is not supported.
[STDERR  ] 2017-10-03T15:10:02.111180649Z: [    5.004699] CPU feature 'AVX registers' is not supported.
[STDERR  ] 2017-10-03T15:10:02.111186222Z: [    5.005082] CPU feature 'AVX registers' is not supported.
[STDERR  ] 2017-10-03T15:10:02.111191687Z: [    5.005374] AVX2 or AES-NI instructions are not detected.
[STDERR  ] 2017-10-03T15:10:02.111200682Z: [    5.005739] AVX2 instructions are not detected.
[STDERR  ] 2017-10-03T15:10:02.111206115Z: [    5.015766] audit: initializing netlink subsys (disabled)
[STDERR  ] 2017-10-03T15:10:02.111211465Z: [    5.017623] audit: type=2000 audit(1507043376.010:1): initialized
[STDERR  ] 2017-10-03T15:10:02.111216897Z: [    5.025766] workingset: timestamp_bits=46 max_order=18 bucket_order=0
[STDERR  ] 2017-10-03T15:10:02.111222407Z: [    5.034107] FS-Cache: Netfs 'cifs' registered for caching
[STDERR  ] 2017-10-03T15:10:02.111228667Z: [    5.035278] fuse init (API version 7.26)
[STDERR  ] 2017-10-03T15:10:02.111234103Z: [    5.037767] SGI XFS with ACLs, security attributes, no debug enabled
[STDERR  ] 2017-10-03T15:10:02.111239748Z: [    5.042510] 9p: Installing v9fs 9p2000 file system support
[STDERR  ] 2017-10-03T15:10:02.11124532Z: [    5.043144] FS-Cache: Netfs '9p' registered for caching
[STDERR  ] 2017-10-03T15:10:02.111253766Z: [    5.073611] NET: Registered protocol family 38
[STDERR  ] 2017-10-03T15:10:02.111259371Z: [    5.074243] Key type asymmetric registered
[STDERR  ] 2017-10-03T15:10:02.111264712Z: [    5.074647] Asymmetric key parser 'x509' registered
[STDERR  ] 2017-10-03T15:10:02.111270091Z: [    5.075692] Block layer SCSI generic (bsg) driver version 0.4 loaded (major 251)
[STDERR  ] 2017-10-03T15:10:02.11127559Z: [    5.077295] io scheduler noop registered
[STDERR  ] 2017-10-03T15:10:02.111281032Z: [    5.077682] io scheduler deadline registered (default)
[STDERR  ] 2017-10-03T15:10:02.111286474Z: [    5.078590] io scheduler cfq registered
[STDERR  ] 2017-10-03T15:10:02.111291847Z: [    5.082341] pci_hotplug: PCI Hot Plug PCI Core version: 0.5
[STDERR  ] 2017-10-03T15:10:02.111297243Z: [    5.083076] pciehp: PCI Express Hot Plug Controller Driver version: 0.4
[STDERR  ] 2017-10-03T15:10:02.111302683Z: [    5.084111] shpchp: Standard Hot Plug PCI Controller Driver version: 0.4
[STDERR  ] 2017-10-03T15:10:02.111308225Z: [    5.085078] hv_vmbus: registering driver hyperv_fb
[STDERR  ] 2017-10-03T15:10:02.111313634Z: [    5.088316] input: Power Button as /devices/LNXSYSTM:00/LNXPWRBN:00/input/input0
[STDERR  ] 2017-10-03T15:10:02.111319882Z: [    5.089609] ACPI: Power Button [PWRF]
[STDERR  ] 2017-10-03T15:10:02.111325306Z: [    5.095190] GHES: HEST is not enabled!
[STDERR  ] 2017-10-03T15:10:02.111335173Z: [    5.106357] ACPI: PCI Interrupt Link [GSIG] enabled at IRQ 22
[STDERR  ] 2017-10-03T15:10:02.111340742Z: [    5.120614] ACPI: PCI Interrupt Link [GSIH] enabled at IRQ 23
[STDERR  ] 2017-10-03T15:10:02.11134617Z: [    5.126457] xenfs: not registering filesystem on non-xen platform
[STDERR  ] 2017-10-03T15:10:02.111355661Z: [    5.128738] Serial: 8250/16550 driver, 4 ports, IRQ sharing disabled
[STDERR  ] 2017-10-03T15:10:02.111361167Z: [    5.154155] 00:04: ttyS0 at I/O 0x3f8 (irq = 4, base_baud = 115200) is a 16550A
[STDERR  ] 2017-10-03T15:10:02.111366714Z: [    5.166320] Non-volatile memory driver v1.3
[STDERR  ] 2017-10-03T15:10:02.111372199Z: [    5.173025] Hangcheck: starting hangcheck timer 0.9.1 (tick is 180 seconds, margin is 60 seconds).
[STDERR  ] 2017-10-03T15:10:02.111377979Z: [    5.213445] loop: module loaded
[STDERR  ] 2017-10-03T15:10:02.11138416Z: [    5.228393] nbd: registered device at major 43
[STDERR  ] 2017-10-03T15:10:02.111389985Z: [    5.270689] lpc_ich 0000:00:1f.0: I/O space for GPIO uninitialized
[STDERR  ] 2017-10-03T15:10:02.111395472Z: [    5.272885] VMware PVSCSI driver - version 1.0.7.0-k
[STDERR  ] 2017-10-03T15:10:02.111400853Z: [    5.273747] hv_vmbus: registering driver hv_storvsc
[STDERR  ] 2017-10-03T15:10:02.111406213Z: [    5.284116] ACPI: PCI Interrupt Link [GSIA] enabled at IRQ 16
[STDERR  ] 2017-10-03T15:10:02.111411768Z: [    5.291484] ahci 0000:00:1f.2: AHCI 0001.0000 32 slots 6 ports 1.5 Gbps 0x3f impl SATA mode
[STDERR  ] 2017-10-03T15:10:02.111417534Z: [    5.292489] ahci 0000:00:1f.2: flags: 64bit ncq only 
[STDERR  ] 2017-10-03T15:10:02.111423257Z: [    5.313602] scsi host0: ahci
[STDERR  ] 2017-10-03T15:10:02.111429803Z: [    5.318670] scsi host1: ahci
[STDERR  ] 2017-10-03T15:10:02.111435782Z: [    5.321365] scsi host2: ahci
[STDERR  ] 2017-10-03T15:10:02.111441125Z: [    5.323676] scsi host3: ahci
[STDERR  ] 2017-10-03T15:10:02.111446566Z: [    5.325929] scsi host4: ahci
[STDERR  ] 2017-10-03T15:10:02.111452013Z: [    5.328178] scsi host5: ahci
[STDERR  ] 2017-10-03T15:10:02.111457614Z: [    5.330456] ata1: SATA max UDMA/133 abar m4096@0xfebd2000 port 0xfebd2100 irq 24
[STDERR  ] 2017-10-03T15:10:02.111464755Z: [    5.330949] ata2: SATA max UDMA/133 abar m4096@0xfebd2000 port 0xfebd2180 irq 24
[STDERR  ] 2017-10-03T15:10:02.111470323Z: [    5.331398] ata3: SATA max UDMA/133 abar m4096@0xfebd2000 port 0xfebd2200 irq 24
[STDERR  ] 2017-10-03T15:10:02.111475992Z: [    5.331865] ata4: SATA max UDMA/133 abar m4096@0xfebd2000 port 0xfebd2280 irq 24
[STDERR  ] 2017-10-03T15:10:02.111482942Z: [    5.332285] ata5: SATA max UDMA/133 abar m4096@0xfebd2000 port 0xfebd2300 irq 24
[STDERR  ] 2017-10-03T15:10:02.111545878Z: [    5.332700] ata6: SATA max UDMA/133 abar m4096@0xfebd2000 port 0xfebd2380 irq 24
[STDERR  ] 2017-10-03T15:10:02.11155621Z: [    5.346421] tun: Universal TUN/TAP device driver, 1.6
[STDERR  ] 2017-10-03T15:10:02.111563616Z: [    5.346782] tun: (C) 1999-2004 Max Krasnyansky <maxk@qualcomm.com>
[STDERR  ] 2017-10-03T15:10:02.111571731Z: [    5.357510] VMware vmxnet3 virtual NIC driver - version 1.4.a.0-k-NAPI
[STDERR  ] 2017-10-03T15:10:02.111579506Z: [    5.358436] hv_vmbus: registering driver hv_netvsc
[STDERR  ] 2017-10-03T15:10:02.111589666Z: [    5.358805] Fusion MPT base driver 3.04.20
[STDERR  ] 2017-10-03T15:10:02.111597105Z: [    5.359064] Copyright (c) 1999-2008 LSI Corporation
[STDERR  ] 2017-10-03T15:10:02.111604572Z: [    5.359657] Fusion MPT SPI Host driver 3.04.20
[STDERR  ] 2017-10-03T15:10:02.111612438Z: [    5.362051] i8042: PNP: PS/2 Controller [PNP0303:KBD,PNP0f13:MOU] at 0x60,0x64 irq 1,12
[STDERR  ] 2017-10-03T15:10:02.111620624Z: [    5.366164] serio: i8042 KBD port at 0x60,0x64 irq 1
[STDERR  ] 2017-10-03T15:10:02.111628729Z: [    5.366803] serio: i8042 AUX port at 0x60,0x64 irq 12
[STDERR  ] 2017-10-03T15:10:02.11163624Z: [    5.369852] hv_vmbus: registering driver hyperv_keyboard
[STDERR  ] 2017-10-03T15:10:02.111644815Z: [    5.372402] mousedev: PS/2 mouse device common for all mice
[STDERR  ] 2017-10-03T15:10:02.111657908Z: [    5.377282] input: AT Translated Set 2 keyboard as /devices/platform/i8042/serio0/input/input1
[STDERR  ] 2017-10-03T15:10:02.111666798Z: [    5.380743] input: PC Speaker as /devices/platform/pcspkr/input/input2
[STDERR  ] 2017-10-03T15:10:02.111675795Z: [    5.384342] rtc_cmos 00:00: RTC can wake from S4
[STDERR  ] 2017-10-03T15:10:02.111683723Z: [    5.387642] rtc_cmos 00:00: rtc core: registered rtc_cmos as rtc0
[STDERR  ] 2017-10-03T15:10:02.111698243Z: [    5.389071] rtc_cmos 00:00: alarms up to one day, y3k, 114 bytes nvram, hpet irqs
[STDERR  ] 2017-10-03T15:10:02.111706064Z: [    5.389854] i2c /dev entries driver
[STDERR  ] 2017-10-03T15:10:02.111713995Z: [    5.392149] device-mapper: ioctl: 4.35.0-ioctl (2016-06-23) initialised: dm-devel@redhat.com
[STDERR  ] 2017-10-03T15:10:02.111722184Z: [    5.396701] usbcore: registered new interface driver usbhid
[STDERR  ] 2017-10-03T15:10:02.111731976Z: [    5.396906] usbhid: USB HID core driver
[STDERR  ] 2017-10-03T15:10:02.111739355Z: [    5.397575] hv_utils: Registering HyperV Utility Driver
[STDERR  ] 2017-10-03T15:10:02.11174724Z: [    5.397912] hv_vmbus: registering driver hv_util
[STDERR  ] 2017-10-03T15:10:02.111755434Z: [    5.398239] hv_vmbus: registering driver hv_balloon
[STDERR  ] 2017-10-03T15:10:02.111763822Z: [    5.398807] oprofile: using NMI interrupt.
[STDERR  ] 2017-10-03T15:10:02.111772569Z: [    5.399982] GACT probability on
[STDERR  ] 2017-10-03T15:10:02.111780737Z: [    5.400844] Mirror/redirect action on
[STDERR  ] 2017-10-03T15:10:02.111792515Z: [    5.401681] Simple TC action Loaded
[STDERR  ] 2017-10-03T15:10:02.111800799Z: [    5.402318] u32 classifier
[STDERR  ] 2017-10-03T15:10:02.111810051Z: [    5.402499]     Performance counters on
[STDERR  ] 2017-10-03T15:10:02.111817851Z: [    5.402737]     input device check on
[STDERR  ] 2017-10-03T15:10:02.111826927Z: [    5.402915]     Actions configured
[STDERR  ] 2017-10-03T15:10:02.111836082Z: [    5.403557] Netfilter messages via NETLINK v0.30.
[STDERR  ] 2017-10-03T15:10:02.111844373Z: [    5.404206] nfnl_acct: registering with nfnetlink.
[STDERR  ] 2017-10-03T15:10:02.111852403Z: [    5.405934] nf_conntrack version 0.5.0 (8192 buckets, 32768 max)
[STDERR  ] 2017-10-03T15:10:02.111859763Z: [    5.408988] ctnetlink v0.93: registering with nfnetlink.
[STDERR  ] 2017-10-03T15:10:02.111867991Z: [    5.412580] nf_tables: (c) 2007-2009 Patrick McHardy <kaber@trash.net>
[STDERR  ] 2017-10-03T15:10:02.111876348Z: [    5.413522] nf_tables_compat: (c) 2012 Pablo Neira Ayuso <pablo@netfilter.org>
[STDERR  ] 2017-10-03T15:10:02.111886509Z: [    5.415930] xt_time: kernel timezone is -0000
[STDERR  ] 2017-10-03T15:10:02.111899363Z: [    5.416555] ip_set: protocol 6
[STDERR  ] 2017-10-03T15:10:02.111910403Z: [    5.417246] IPVS: Registered protocols (TCP, UDP, SCTP, AH, ESP)
[STDERR  ] 2017-10-03T15:10:02.111918883Z: [    5.417987] IPVS: Connection hash table configured (size=4096, memory=64Kbytes)
[STDERR  ] 2017-10-03T15:10:02.11192889Z: [    5.419741] IPVS: Creating netns size=2104 id=0
[STDERR  ] 2017-10-03T15:10:02.111936917Z: [    5.422833] IPVS: ipvs loaded.
[STDERR  ] 2017-10-03T15:10:02.111945125Z: [    5.423245] IPVS: [rr] scheduler registered.
[STDERR  ] 2017-10-03T15:10:02.111954184Z: [    5.423573] IPVS: [wrr] scheduler registered.
[STDERR  ] 2017-10-03T15:10:02.111962049Z: [    5.423906] IPVS: [lc] scheduler registered.
[STDERR  ] 2017-10-03T15:10:02.111970001Z: [    5.424152] IPVS: [wlc] scheduler registered.
[STDERR  ] 2017-10-03T15:10:02.111977674Z: [    5.424408] IPVS: [fo] scheduler registered.
[STDERR  ] 2017-10-03T15:10:02.11198545Z: [    5.424656] IPVS: [ovf] scheduler registered.
[STDERR  ] 2017-10-03T15:10:02.111993302Z: [    5.425091] IPVS: [lblc] scheduler registered.
[STDERR  ] 2017-10-03T15:10:02.112001639Z: [    5.425521] IPVS: [lblcr] scheduler registered.
[STDERR  ] 2017-10-03T15:10:02.112010724Z: [    5.425805] IPVS: [dh] scheduler registered.
[STDERR  ] 2017-10-03T15:10:02.112024736Z: [    5.426070] IPVS: [sh] scheduler registered.
[STDERR  ] 2017-10-03T15:10:02.112036748Z: [    5.426340] IPVS: [sed] scheduler registered.
[STDERR  ] 2017-10-03T15:10:02.112045388Z: [    5.426574] IPVS: [nq] scheduler registered.
[STDERR  ] 2017-10-03T15:10:02.112053179Z: [    5.427269] IPVS: ftp: loaded support on port[0] = 21
[STDERR  ] 2017-10-03T15:10:02.112061382Z: [    5.428151] ipip: IPv4 and MPLS over IPv4 tunneling driver
[STDERR  ] 2017-10-03T15:10:02.112072546Z: [    5.432869] gre: GRE over IPv4 demultiplexor driver
[STDERR  ] 2017-10-03T15:10:02.112081095Z: [    5.435637] ip_tables: (C) 2000-2006 Netfilter Core Team
[STDERR  ] 2017-10-03T15:10:02.112089433Z: [    5.438866] ipt_CLUSTERIP: ClusterIP Version 0.8 loaded successfully
[STDERR  ] 2017-10-03T15:10:02.112098363Z: [    5.439782] arp_tables: arp_tables: (C) 2002 David S. Miller
[STDERR  ] 2017-10-03T15:10:02.112110562Z: [    5.442633] NET: Registered protocol family 10
[STDERR  ] 2017-10-03T15:10:02.112118865Z: [    5.452330] ip6_tables: (C) 2000-2006 Netfilter Core Team
[STDERR  ] 2017-10-03T15:10:02.112131093Z: [    5.460899] NET: Registered protocol family 17
[STDERR  ] 2017-10-03T15:10:02.112139813Z: [    5.462088] Bridge firewalling registered
[STDERR  ] 2017-10-03T15:10:02.112147734Z: [    5.462649] Ebtables v2.0 registered
[STDERR  ] 2017-10-03T15:10:02.112156088Z: [    5.464573] 8021q: 802.1Q VLAN Support v1.8
[STDERR  ] 2017-10-03T15:10:02.112163985Z: [    5.466058] 9pnet: Installing 9P2000 support
[STDERR  ] 2017-10-03T15:10:02.112171495Z: [    5.467660] Key type dns_resolver registered
[STDERR  ] 2017-10-03T15:10:02.112179488Z: [    5.468820] microcode: AMD CPU family 0x6 not supported
[STDERR  ] 2017-10-03T15:10:02.112216106Z: [    5.472978] registered taskstats version 1
[STDERR  ] 2017-10-03T15:10:02.112227013Z: [    5.661951] ata2: SATA link down (SStatus 0 SControl 300)
[STDERR  ] 2017-10-03T15:10:02.112235236Z: [    5.664743] ata1: SATA link down (SStatus 0 SControl 300)
[STDERR  ] 2017-10-03T15:10:02.112243223Z: [    5.670815] ata6: SATA link down (SStatus 0 SControl 300)
[STDERR  ] 2017-10-03T15:10:02.112251828Z: [    5.671534] ata5: SATA link down (SStatus 0 SControl 300)
[STDERR  ] 2017-10-03T15:10:02.112259923Z: [    5.672002] ata4: SATA link down (SStatus 0 SControl 300)
[STDERR  ] 2017-10-03T15:10:02.112268455Z: [    5.672817] ata3: SATA link up 1.5 Gbps (SStatus 113 SControl 300)
[STDERR  ] 2017-10-03T15:10:02.112281153Z: [    5.676572] ata3.00: ATAPI: QEMU DVD-ROM, 2.5+, max UDMA/100
[STDERR  ] 2017-10-03T15:10:02.112288948Z: [    5.677149] ata3.00: applying bridge limits
[STDERR  ] 2017-10-03T15:10:02.112296651Z: [    5.679067] ata3.00: configured for UDMA/100
[STDERR  ] 2017-10-03T15:10:02.112310274Z: [    5.701360] scsi 2:0:0:0: CD-ROM            QEMU     QEMU DVD-ROM     2.5+ PQ: 0 ANSI: 5
[STDERR  ] 2017-10-03T15:10:02.112318861Z: [    5.734074] sr 2:0:0:0: [sr0] scsi3-mmc drive: 4x/4x cd/rw xa/form2 tray
[STDERR  ] 2017-10-03T15:10:02.112327293Z: [    5.734778] cdrom: Uniform CD-ROM driver Revision: 3.20
[STDERR  ] 2017-10-03T15:10:02.112335021Z: [    5.748417] sr 2:0:0:0: Attached scsi generic sg0 type 5
[STDERR  ] 2017-10-03T15:10:02.112343314Z: [    5.752524] Key type big_key registered
[STDERR  ] 2017-10-03T15:10:02.112350723Z: [    5.812248] Key type encrypted registered
[STDERR  ] 2017-10-03T15:10:02.112358224Z: [    5.817903] rtc_cmos 00:00: setting system clock to 2017-10-03 15:09:37 UTC (1507043377)
[STDERR  ] 2017-10-03T15:10:02.112366475Z: [    5.968734] Freeing unused kernel memory: 1380K
[STDERR  ] 2017-10-03T15:10:02.112374779Z: [    5.969052] Write protecting the kernel read-only data: 12288k
[STDERR  ] 2017-10-03T15:10:02.11238259Z: [    5.977049] Freeing unused kernel memory: 140K
[STDERR  ] 2017-10-03T15:10:02.112390873Z: [    6.104285] Freeing unused kernel memory: 1400K
[STDERR  ] 2017-10-03T15:10:02.112399329Z: [    6.105188] tsc: Refined TSC clocksource calibration: 2599.618 MHz
[STDERR  ] 2017-10-03T15:10:02.112408183Z: [    6.105751] clocksource: tsc: mask: 0xffffffffffffffff max_cycles: 0x2578d32a13b, max_idle_ns: 440795290622 ns
[STDERR  ] 2017-10-03T15:10:02.112422016Z: [    7.121533] clocksource: Switched to clocksource tsc
[STDERR  ] 2017-10-03T15:10:02.112429468Z: 
[STDERR  ] 2017-10-03T15:10:02.112437025Z: Welcome to LinuxKit
[STDERR  ] 2017-10-03T15:10:02.112445337Z: 
[STDERR  ] 2017-10-03T15:10:02.112453514Z:                         ##         .
[STDERR  ] 2017-10-03T15:10:02.11246252Z:                   ## ## ##        ==
[STDERR  ] 2017-10-03T15:10:02.11247155Z:                ## ## ## ## ##    ===
[STDERR  ] 2017-10-03T15:10:02.112479119Z:            /"""""""""""""""""\___/ ===
[STDERR  ] 2017-10-03T15:10:02.112487303Z:           {                       /  ===-
[STDERR  ] 2017-10-03T15:10:02.112495662Z:            \______ O           __/
[STDERR  ] 2017-10-03T15:10:02.112504661Z:              \    \         __/
[STDERR  ] 2017-10-03T15:10:02.112512769Z:               \____\_______/
[STDERR  ] 2017-10-03T15:10:02.112520529Z: 
[STDERR  ] 2017-10-03T15:10:02.112553442Z: [   15.894145] 8021q: adding VLAN 0 to HW filter on device eth0
[STDERR  ] 2017-10-03T15:10:02.112562495Z: eth0: waiting for carrier
[STDERR  ] 2017-10-03T15:10:02.11257159Z: eth0: carrier acquired
[STDERR  ] 2017-10-03T15:10:02.112582676Z: DUID 00:01:00:01:21:66:64:bb:1a:25:64:f4:ee:24
[STDERR  ] 2017-10-03T15:10:02.112595131Z: eth0: IAID 64:f4:ee:24
[STDERR  ] 2017-10-03T15:10:02.112603551Z: [   15.973192] random: dhcpcd: uninitialized urandom read (112 bytes read)
[STDERR  ] 2017-10-03T15:10:02.112613972Z: eth0: adding address fe80::9b43:8020:50d9:fd43
[STDERR  ] 2017-10-03T15:10:02.112622002Z: eth0: soliciting an IPv6 router
[STDERR  ] 2017-10-03T15:10:02.112630125Z: eth0: soliciting a DHCP lease
[STDERR  ] 2017-10-03T15:10:02.112640144Z: eth0: offered 10.0.2.15 from 10.0.2.2
[STDERR  ] 2017-10-03T15:10:02.112648377Z: eth0: leased 10.0.2.15 for 86400 seconds
[STDERR  ] 2017-10-03T15:10:02.11265688Z: eth0: adding route to 10.0.2.0/24
[STDERR  ] 2017-10-03T15:10:02.11266614Z: eth0: adding default route via 10.0.2.2
[STDERR  ] 2017-10-03T15:10:02.112674113Z: exiting due to oneshot
[STDERR  ] 2017-10-03T15:10:02.112682615Z: dhcpcd exited
[STDERR  ] 2017-10-03T15:10:02.112688796Z: dhcpcd test suite PASSED
[STDERR  ] 2017-10-03T15:10:02.112694512Z: [   29.363604] ACPI: Preparing to enter system sleep state S5
[STDERR  ] 2017-10-03T15:10:02.112700687Z: [   29.365365] reboot: Power down
[STDERR  ] 2017-10-03T15:10:02.112708676Z: + echo [    0.000000] Linux version 4.9.52-linuxkit (root@8c8ea8e3851f) (gcc version 6.3.0 (Alpine 6.3.0) ) #1 SMP Mon Oct 2 14:33:48 UTC 2017
[STDERR  ] 2017-10-03T15:10:02.112718607Z: [    0.000000] Command line: console=ttyS0 page_poison=1
[STDERR  ] 2017-10-03T15:10:02.112732742Z: [    0.000000] x86/fpu: Legacy x87 FPU detected.
[STDERR  ] 2017-10-03T15:10:02.112741565Z: [    0.000000] x86/fpu: Using 'eager' FPU context switches.
[STDERR  ] 2017-10-03T15:10:02.112755171Z: [    0.000000] e820: BIOS-provided physical RAM map:
[STDERR  ] 2017-10-03T15:10:02.112762868Z: [    0.000000] BIOS-e820: [mem 0x0000000000000000-0x000000000009fbff] usable
[STDERR  ] 2017-10-03T15:10:02.11276939Z: [    0.000000] BIOS-e820: [mem 0x000000000009fc00-0x000000000009ffff] reserved
[STDERR  ] 2017-10-03T15:10:02.112774917Z: [    0.000000] BIOS-e820: [mem 0x00000000000f0000-0x00000000000fffff] reserved
[STDERR  ] 2017-10-03T15:10:02.112780856Z: [    0.000000] BIOS-e820: [mem 0x0000000000100000-0x000000003ffdefff] usable
[STDERR  ] 2017-10-03T15:10:02.112786683Z: [    0.000000] BIOS-e820: [mem 0x000000003ffdf000-0x000000003fffffff] reserved
[STDERR  ] 2017-10-03T15:10:02.112794655Z: [    0.000000] BIOS-e820: [mem 0x00000000b0000000-0x00000000bfffffff] reserved
[STDERR  ] 2017-10-03T15:10:02.112803061Z: [    0.000000] BIOS-e820: [mem 0x00000000fed1c000-0x00000000fed1ffff] reserved
[STDERR  ] 2017-10-03T15:10:02.112812483Z: [    0.000000] BIOS-e820: [mem 0x00000000fffc0000-0x00000000ffffffff] reserved
[STDERR  ] 2017-10-03T15:10:02.11282082Z: [    0.000000] NX (Execute Disable) protection: active
[STDERR  ] 2017-10-03T15:10:02.112829308Z: [    0.000000] SMBIOS 2.8 present.
[STDERR  ] 2017-10-03T15:10:02.11284114Z: [    0.000000] e820: last_pfn = 0x3ffdf max_arch_pfn = 0x400000000
[STDERR  ] 2017-10-03T15:10:02.112856439Z: [    0.000000] x86/PAT: Configuration [0-7]: WB  WC  UC- UC  WB  WC  UC- WT  
[STDERR  ] 2017-10-03T15:10:02.112864253Z: [    0.000000] found SMP MP-table at [mem 0x000f6aa0-0x000f6aaf] mapped at [ffff986b400f6aa0]
[STDERR  ] 2017-10-03T15:10:02.112872228Z: [    0.000000] RAMDISK: [mem 0x3e719000-0x3ffcffff]
[STDERR  ] 2017-10-03T15:10:02.112880719Z: [    0.000000] ACPI: Early table checksum verification disabled
[STDERR  ] 2017-10-03T15:10:02.112889112Z: [    0.000000] ACPI: RSDP 0x00000000000F68C0 000014 (v00 BOCHS )
[STDERR  ] 2017-10-03T15:10:02.112896991Z: [    0.000000] ACPI: RSDT 0x000000003FFE2404 000034 (v01 BOCHS  BXPCRSDT 00000001 BXPC 00000001)
[STDERR  ] 2017-10-03T15:10:02.112904849Z: [    0.000000] ACPI: FACP 0x000000003FFE22A4 000074 (v01 BOCHS  BXPCFACP 00000001 BXPC 00000001)
[STDERR  ] 2017-10-03T15:10:02.112912646Z: [    0.000000] ACPI: DSDT 0x000000003FFE0040 002264 (v01 BOCHS  BXPCDSDT 00000001 BXPC 00000001)
[STDERR  ] 2017-10-03T15:10:02.112920799Z: [    0.000000] ACPI: FACS 0x000000003FFE0000 000040
[STDERR  ] 2017-10-03T15:10:02.112928619Z: [    0.000000] ACPI: APIC 0x000000003FFE2318 000078 (v01 BOCHS  BXPCAPIC 00000001 BXPC 00000001)
[STDERR  ] 2017-10-03T15:10:02.112936523Z: [    0.000000] ACPI: HPET 0x000000003FFE2390 000038 (v01 BOCHS  BXPCHPET 00000001 BXPC 00000001)
[STDERR  ] 2017-10-03T15:10:02.112944442Z: [    0.000000] ACPI: MCFG 0x000000003FFE23C8 00003C (v01 BOCHS  BXPCMCFG 00000001 BXPC 00000001)
[STDERR  ] 2017-10-03T15:10:02.112956965Z: [    0.000000] Zone ranges:
[STDERR  ] 2017-10-03T15:10:02.112965531Z: [    0.000000]   DMA      [mem 0x0000000000001000-0x0000000000ffffff]
[STDERR  ] 2017-10-03T15:10:02.112973535Z: [    0.000000]   DMA32    [mem 0x0000000001000000-0x000000003ffdefff]
[STDERR  ] 2017-10-03T15:10:02.11298132Z: [    0.000000]   Normal   empty
[STDERR  ] 2017-10-03T15:10:02.11298919Z: [    0.000000] Movable zone start for each node
[STDERR  ] 2017-10-03T15:10:02.112997189Z: [    0.000000] Early memory node ranges
[STDERR  ] 2017-10-03T15:10:02.113004926Z: [    0.000000]   node   0: [mem 0x0000000000001000-0x000000000009efff]
[STDERR  ] 2017-10-03T15:10:02.113012781Z: [    0.000000]   node   0: [mem 0x0000000000100000-0x000000003ffdefff]
[STDERR  ] 2017-10-03T15:10:02.113020625Z: [    0.000000] Initmem setup node 0 [mem 0x0000000000001000-0x000000003ffdefff]
[STDERR  ] 2017-10-03T15:10:02.113030597Z: [    0.000000] ACPI: PM-Timer IO Port: 0x608
[STDERR  ] 2017-10-03T15:10:02.113039043Z: [    0.000000] ACPI: LAPIC_NMI (acpi_id[0xff] dfl dfl lint[0x1])
[STDERR  ] 2017-10-03T15:10:02.113052041Z: [    0.000000] IOAPIC[0]: apic_id 0, version 32, address 0xfec00000, GSI 0-23
[STDERR  ] 2017-10-03T15:10:02.11306153Z: [    0.000000] ACPI: INT_SRC_OVR (bus 0 bus_irq 0 global_irq 2 dfl dfl)
[STDERR  ] 2017-10-03T15:10:02.113069179Z: [    0.000000] ACPI: INT_SRC_OVR (bus 0 bus_irq 5 global_irq 5 high level)
[STDERR  ] 2017-10-03T15:10:02.113076891Z: [    0.000000] ACPI: INT_SRC_OVR (bus 0 bus_irq 9 global_irq 9 high level)
[STDERR  ] 2017-10-03T15:10:02.113084549Z: [    0.000000] ACPI: INT_SRC_OVR (bus 0 bus_irq 10 global_irq 10 high level)
[STDERR  ] 2017-10-03T15:10:02.113092109Z: [    0.000000] ACPI: INT_SRC_OVR (bus 0 bus_irq 11 global_irq 11 high level)
[STDERR  ] 2017-10-03T15:10:02.113101141Z: [    0.000000] Using ACPI (MADT) for SMP configuration information
[STDERR  ] 2017-10-03T15:10:02.113108813Z: [    0.000000] ACPI: HPET id: 0x8086a201 base: 0xfed00000
[STDERR  ] 2017-10-03T15:10:02.113116597Z: [    0.000000] smpboot: Allowing 1 CPUs, 0 hotplug CPUs
[STDERR  ] 2017-10-03T15:10:02.113124652Z: [    0.000000] e820: [mem 0x40000000-0xafffffff] available for PCI devices
[STDERR  ] 2017-10-03T15:10:02.113134404Z: [    0.000000] Booting paravirtualized kernel on bare hardware
[STDERR  ] 2017-10-03T15:10:02.11314219Z: [    0.000000] clocksource: refined-jiffies: mask: 0xffffffff max_cycles: 0xffffffff, max_idle_ns: 19112604462750000 ns
[STDERR  ] 2017-10-03T15:10:02.113154469Z: [    0.000000] setup_percpu: NR_CPUS:128 nr_cpumask_bits:128 nr_cpu_ids:1 nr_node_ids:1
[STDERR  ] 2017-10-03T15:10:02.113162492Z: [    0.000000] percpu: Embedded 35 pages/cpu @ffff986b7e400000 s105240 r8192 d29928 u2097152
[STDERR  ] 2017-10-03T15:10:02.113170276Z: [    0.000000] Built 1 zonelists in Zone order, mobility grouping on.  Total pages: 257896
[STDERR  ] 2017-10-03T15:10:02.113179197Z: [    0.000000] Kernel command line: console=ttyS0 page_poison=1
[STDERR  ] 2017-10-03T15:10:02.113187446Z: [    0.000000] PID hash table entries: 4096 (order: 3, 32768 bytes)
[STDERR  ] 2017-10-03T15:10:02.113199285Z: [    0.000000] Dentry cache hash table entries: 131072 (order: 8, 1048576 bytes)
[STDERR  ] 2017-10-03T15:10:02.113208596Z: [    0.000000] Inode-cache hash table entries: 65536 (order: 7, 524288 bytes)
[STDERR  ] 2017-10-03T15:10:02.113216546Z: [    0.000000] Memory: 988872K/1048052K available (8035K kernel code, 1367K rwdata, 2696K rodata, 1380K init, 568K bss, 59180K reserved, 0K cma-reserved)
[STDERR  ] 2017-10-03T15:10:02.113225875Z: [    0.000000] Hierarchical RCU implementation.
[STDERR  ] 2017-10-03T15:10:02.113233649Z: [    0.000000] 	Build-time adjustment of leaf fanout to 64.
[STDERR  ] 2017-10-03T15:10:02.113241396Z: [    0.000000] 	RCU restricting CPUs from NR_CPUS=128 to nr_cpu_ids=1.
[STDERR  ] 2017-10-03T15:10:02.113249388Z: [    0.000000] RCU: Adjusting geometry for rcu_fanout_leaf=64, nr_cpu_ids=1
[STDERR  ] 2017-10-03T15:10:02.113257059Z: [    0.000000] NR_IRQS:8448 nr_irqs:256 16
[STDERR  ] 2017-10-03T15:10:02.113265Z: [    0.000000] Console: colour VGA+ 80x25
[STDERR  ] 2017-10-03T15:10:02.11327357Z: [    0.000000] console [ttyS0] enabled
[STDERR  ] 2017-10-03T15:10:02.113281761Z: [    0.000000] allocated 2097152 bytes of page_ext
[STDERR  ] 2017-10-03T15:10:02.113289841Z: [    0.000000] clocksource: hpet: mask: 0xffffffff max_cycles: 0xffffffff, max_idle_ns: 19112604467 ns
[STDERR  ] 2017-10-03T15:10:02.113297865Z: [    0.000000] tsc: Fast TSC calibration using PIT
[STDERR  ] 2017-10-03T15:10:02.113305613Z: [    0.000000] tsc: Detected 2599.604 MHz processor
[STDERR  ] 2017-10-03T15:10:02.113317299Z: [    0.021467] Calibrating delay loop (skipped), value calculated using timer frequency.. 5199.20 BogoMIPS (lpj=25996040)
[STDERR  ] 2017-10-03T15:10:02.113325309Z: [    0.022257] pid_max: default: 32768 minimum: 301
[STDERR  ] 2017-10-03T15:10:02.113335677Z: [    0.023169] ACPI: Core revision 20160831
[STDERR  ] 2017-10-03T15:10:02.113343552Z: [    0.068950] ACPI: 1 ACPI AML tables successfully acquired and loaded
[STDERR  ] 2017-10-03T15:10:02.113355789Z: [    0.073549] Security Framework initialized
[STDERR  ] 2017-10-03T15:10:02.113364508Z: [    0.073853] Yama: becoming mindful.
[STDERR  ] 2017-10-03T15:10:02.113372806Z: [    0.075801] Mount-cache hash table entries: 2048 (order: 2, 16384 bytes)
[STDERR  ] 2017-10-03T15:10:02.113380067Z: [    0.076137] Mountpoint-cache hash table entries: 2048 (order: 2, 16384 bytes)
[STDERR  ] 2017-10-03T15:10:02.113389887Z: [    0.095899] Last level iTLB entries: 4KB 0, 2MB 0, 4MB 0
[STDERR  ] 2017-10-03T15:10:02.113398569Z: [    0.096194] Last level dTLB entries: 4KB 0, 2MB 0, 4MB 0, 1GB 0
[STDERR  ] 2017-10-03T15:10:02.113406671Z: [    0.381811] Freeing SMP alternatives memory: 20K
[STDERR  ] 2017-10-03T15:10:02.113414652Z: [    0.392512] ftrace: allocating 35516 entries in 139 pages
[STDERR  ] 2017-10-03T15:10:02.113422268Z: [    0.572297] smpboot: Max logical packages: 1
[STDERR  ] 2017-10-03T15:10:02.113430118Z: [    0.579366] ..TIMER: vector=0x30 apic1=0 pin1=2 apic2=-1 pin2=-1
[STDERR  ] 2017-10-03T15:10:02.113438847Z: [    0.680000] smpboot: CPU0: AMD QEMU Virtual CPU version 2.5+ (family: 0x6, model: 0x6, stepping: 0x3)
[STDERR  ] 2017-10-03T15:10:02.113447726Z: [    0.680000] Performance Events: PMU not available due to virtualization, using software events only.
[STDERR  ] 2017-10-03T15:10:02.113455877Z: [    0.689408] NMI watchdog: disabled (cpu0): hardware events not enabled
[STDERR  ] 2017-10-03T15:10:02.113470505Z: [    0.690122] NMI watchdog: Shutting down hard lockup detector on all cpus
[STDERR  ] 2017-10-03T15:10:02.113479532Z: [    0.693867] x86: Booted up 1 node, 1 CPUs
[STDERR  ] 2017-10-03T15:10:02.113485172Z: [    0.694322] smpboot: Total of 1 processors activated (5199.20 BogoMIPS)
[STDERR  ] 2017-10-03T15:10:02.113490956Z: [    0.711396] devtmpfs: initialized
[STDERR  ] 2017-10-03T15:10:02.113497191Z: [    0.717565] x86/mm: Memory block size: 128MB
[STDERR  ] 2017-10-03T15:10:02.113502678Z: [    0.780377] clocksource: jiffies: mask: 0xffffffff max_cycles: 0xffffffff, max_idle_ns: 19112604462750000 ns
[STDERR  ] 2017-10-03T15:10:02.113512175Z: [    0.781391] futex hash table entries: 256 (order: 2, 16384 bytes)
[STDERR  ] 2017-10-03T15:10:02.113519914Z: [    0.790951] NET: Registered protocol family 16
[STDERR  ] 2017-10-03T15:10:02.113534917Z: [    0.800680] cpuidle: using governor ladder
[STDERR  ] 2017-10-03T15:10:02.113543678Z: [    0.801196] cpuidle: using governor menu
[STDERR  ] 2017-10-03T15:10:02.113551769Z: [    0.802532] ACPI: bus type PCI registered
[STDERR  ] 2017-10-03T15:10:02.113559678Z: [    0.805538] PCI: MMCONFIG for domain 0000 [bus 00-ff] at [mem 0xb0000000-0xbfffffff] (base 0xb0000000)
[STDERR  ] 2017-10-03T15:10:02.113567514Z: [    0.806382] PCI: MMCONFIG at [mem 0xb0000000-0xbfffffff] reserved in E820
[STDERR  ] 2017-10-03T15:10:02.113577429Z: [    0.807812] PCI: Using configuration type 1 for base access
[STDERR  ] 2017-10-03T15:10:02.113585619Z: [    0.860753] HugeTLB registered 2 MB page size, pre-allocated 0 pages
[STDERR  ] 2017-10-03T15:10:02.113593631Z: [    0.875048] ACPI: Added _OSI(Module Device)
[STDERR  ] 2017-10-03T15:10:02.113601624Z: [    0.875249] ACPI: Added _OSI(Processor Device)
[STDERR  ] 2017-10-03T15:10:02.113610374Z: [    0.875629] ACPI: Added _OSI(3.0 _SCP Extensions)
[STDERR  ] 2017-10-03T15:10:02.113618329Z: [    0.875988] ACPI: Added _OSI(Processor Aggregator Device)
[STDERR  ] 2017-10-03T15:10:02.113630119Z: [    0.948454] ACPI: Interpreter enabled
[STDERR  ] 2017-10-03T15:10:02.113641394Z: [    0.949373] ACPI: (supports S0 S5)
[STDERR  ] 2017-10-03T15:10:02.113649417Z: [    0.949676] ACPI: Using IOAPIC for interrupt routing
[STDERR  ] 2017-10-03T15:10:02.113657056Z: [    0.952344] PCI: Using host bridge windows from ACPI; if necessary, use "pci=nocrs" and report a bug
[STDERR  ] 2017-10-03T15:10:02.11366487Z: [    1.015358] ACPI: PCI Root Bridge [PCI0] (domain 0000 [bus 00-ff])
[STDERR  ] 2017-10-03T15:10:02.113672899Z: [    1.016599] acpi PNP0A08:00: _OSC: OS supports [ExtendedConfig ASPM ClockPM Segments MSI]
[STDERR  ] 2017-10-03T15:10:02.113689084Z: [    1.023192] acpi PNP0A08:00: _OSC: OS now controls [PCIeHotplug PME PCIeCapability]
[STDERR  ] 2017-10-03T15:10:02.113697118Z: [    1.027088] PCI host bridge to bus 0000:00
[STDERR  ] 2017-10-03T15:10:02.113705084Z: [    1.027628] pci_bus 0000:00: root bus resource [io  0x0000-0x0cf7 window]
[STDERR  ] 2017-10-03T15:10:02.113713131Z: [    1.028170] pci_bus 0000:00: root bus resource [io  0x0d00-0xffff window]
[STDERR  ] 2017-10-03T15:10:02.113720719Z: [    1.028585] pci_bus 0000:00: root bus resource [mem 0x000a0000-0x000bffff window]
[STDERR  ] 2017-10-03T15:10:02.113729237Z: [    1.029096] pci_bus 0000:00: root bus resource [mem 0xc0000000-0xfebfffff window]
[STDERR  ] 2017-10-03T15:10:02.113736964Z: [    1.029742] pci_bus 0000:00: root bus resource [bus 00-ff]
[STDERR  ] 2017-10-03T15:10:02.113744646Z: [    1.172520] pci 0000:00:1f.0: quirk: [io  0x0600-0x067f] claimed by ICH6 ACPI/GPIO/TCO
[STDERR  ] 2017-10-03T15:10:02.113752448Z: [    1.250813] ACPI: PCI Interrupt Link [LNKA] (IRQs 5 *10 11)
[STDERR  ] 2017-10-03T15:10:02.113760867Z: [    1.253591] ACPI: PCI Interrupt Link [LNKB] (IRQs 5 *10 11)
[STDERR  ] 2017-10-03T15:10:02.113768804Z: [    1.255755] ACPI: PCI Interrupt Link [LNKC] (IRQs 5 10 *11)
[STDERR  ] 2017-10-03T15:10:02.113776434Z: [    1.257839] ACPI: PCI Interrupt Link [LNKD] (IRQs 5 10 *11)
[STDERR  ] 2017-10-03T15:10:02.113784707Z: [    1.259589] ACPI: PCI Interrupt Link [LNKE] (IRQs 5 *10 11)
[STDERR  ] 2017-10-03T15:10:02.113796076Z: [    1.261466] ACPI: PCI Interrupt Link [LNKF] (IRQs 5 *10 11)
[STDERR  ] 2017-10-03T15:10:02.113804021Z: [    1.263180] ACPI: PCI Interrupt Link [LNKG] (IRQs 5 10 *11)
[STDERR  ] 2017-10-03T15:10:02.11381172Z: [    1.264919] ACPI: PCI Interrupt Link [LNKH] (IRQs 5 10 *11)
[STDERR  ] 2017-10-03T15:10:02.113819373Z: [    1.265895] ACPI: PCI Interrupt Link [GSIA] (IRQs *16)
[STDERR  ] 2017-10-03T15:10:02.113827147Z: [    1.266547] ACPI: PCI Interrupt Link [GSIB] (IRQs *17)
[STDERR  ] 2017-10-03T15:10:02.113835549Z: [    1.267182] ACPI: PCI Interrupt Link [GSIC] (IRQs *18)
[STDERR  ] 2017-10-03T15:10:02.113844003Z: [    1.267786] ACPI: PCI Interrupt Link [GSID] (IRQs *19)
[STDERR  ] 2017-10-03T15:10:02.113851782Z: [    1.268483] ACPI: PCI Interrupt Link [GSIE] (IRQs *20)
[STDERR  ] 2017-10-03T15:10:02.113862874Z: [    1.269102] ACPI: PCI Interrupt Link [GSIF] (IRQs *21)
[STDERR  ] 2017-10-03T15:10:02.113870808Z: [    1.269498] ACPI: PCI Interrupt Link [GSIG] (IRQs *22)
[STDERR  ] 2017-10-03T15:10:02.113882479Z: [    1.270460] ACPI: PCI Interrupt Link [GSIH] (IRQs *23)
[STDERR  ] 2017-10-03T15:10:02.11389004Z: [    1.274137] ACPI: Enabled 2 GPEs in block 00 to 3F
[STDERR  ] 2017-10-03T15:10:02.113897757Z: [    1.278546] SCSI subsystem initialized
[STDERR  ] 2017-10-03T15:10:02.113909975Z: [    1.281138] ACPI: bus type USB registered
[STDERR  ] 2017-10-03T15:10:02.113918466Z: [    1.282220] usbcore: registered new interface driver usbfs
[STDERR  ] 2017-10-03T15:10:02.113926295Z: [    1.283186] usbcore: registered new interface driver hub
[STDERR  ] 2017-10-03T15:10:02.113934067Z: [    1.283977] usbcore: registered new device driver usb
[STDERR  ] 2017-10-03T15:10:02.113941734Z: [    1.285161] pps_core: LinuxPPS API ver. 1 registered
[STDERR  ] 2017-10-03T15:10:02.113949298Z: [    1.285556] pps_core: Software ver. 5.3.6 - Copyright 2005-2007 Rodolfo Giometti <giometti@linux.it>
[STDERR  ] 2017-10-03T15:10:02.113957224Z: [    1.286289] PTP clock support registered
[STDERR  ] 2017-10-03T15:10:02.113965132Z: [    1.287468] wmi: Mapper loaded
[STDERR  ] 2017-10-03T15:10:02.113974209Z: [    1.288714] PCI: Using ACPI for IRQ routing
[STDERR  ] 2017-10-03T15:10:02.113981918Z: [    1.307748] NetLabel: Initializing
[STDERR  ] 2017-10-03T15:10:02.113990103Z: [    1.308010] NetLabel:  domain hash size = 128
[STDERR  ] 2017-10-03T15:10:02.113998172Z: [    1.308396] NetLabel:  protocols = UNLABELED CIPSOv4
[STDERR  ] 2017-10-03T15:10:02.114005826Z: [    1.311181] NetLabel:  unlabeled traffic allowed by default
[STDERR  ] 2017-10-03T15:10:02.114013637Z: [    1.312488] HPET: 3 timers in total, 0 timers will be used for per-cpu timer
[STDERR  ] 2017-10-03T15:10:02.114026026Z: [    1.313329] hpet0: at MMIO 0xfed00000, IRQs 2, 8, 0
[STDERR  ] 2017-10-03T15:10:02.114034221Z: [    1.313786] hpet0: 3 comparators, 64-bit 100.000000 MHz counter
[STDERR  ] 2017-10-03T15:10:02.114041459Z: [    1.319121] clocksource: Switched to clocksource hpet
[STDERR  ] 2017-10-03T15:10:02.114048777Z: [    1.571505] VFS: Disk quotas dquot_6.6.0
[STDERR  ] 2017-10-03T15:10:02.114056981Z: [    1.572443] VFS: Dquot-cache hash table entries: 512 (order 0, 4096 bytes)
[STDERR  ] 2017-10-03T15:10:02.114065723Z: [    1.576452] FS-Cache: Loaded
[STDERR  ] 2017-10-03T15:10:02.114077061Z: [    1.582961] CacheFiles: Loaded
[STDERR  ] 2017-10-03T15:10:02.114085313Z: [    1.586014] pnp: PnP ACPI init
[STDERR  ] 2017-10-03T15:10:02.114093219Z: [    1.600896] pnp: PnP ACPI: found 5 devices
[STDERR  ] 2017-10-03T15:10:02.11410281Z: [    1.655942] clocksource: acpi_pm: mask: 0xffffff max_cycles: 0xffffff, max_idle_ns: 2085701024 ns
[STDERR  ] 2017-10-03T15:10:02.114111416Z: [    1.659884] NET: Registered protocol family 2
[STDERR  ] 2017-10-03T15:10:02.114119307Z: [    1.669305] TCP established hash table entries: 8192 (order: 4, 65536 bytes)
[STDERR  ] 2017-10-03T15:10:02.11412741Z: [    1.670521] TCP bind hash table entries: 8192 (order: 5, 131072 bytes)
[STDERR  ] 2017-10-03T15:10:02.114136035Z: [    1.671281] TCP: Hash tables configured (established 8192 bind 8192)
[STDERR  ] 2017-10-03T15:10:02.114148157Z: [    1.673262] UDP hash table entries: 512 (order: 2, 16384 bytes)
[STDERR  ] 2017-10-03T15:10:02.114156161Z: [    1.673813] UDP-Lite hash table entries: 512 (order: 2, 16384 bytes)
[STDERR  ] 2017-10-03T15:10:02.114166158Z: [    1.676497] NET: Registered protocol family 1
[STDERR  ] 2017-10-03T15:10:02.114174041Z: [    1.677440] pci 0000:00:01.0: Video device with shadowed ROM at [mem 0x000c0000-0x000dffff]
[STDERR  ] 2017-10-03T15:10:02.114182408Z: [    1.685351] Unpacking initramfs...
[STDERR  ] 2017-10-03T15:10:02.114190393Z: [    4.976794] Freeing initrd memory: 25308K
[STDERR  ] 2017-10-03T15:10:02.114198111Z: [    5.001920] PCLMULQDQ-NI instructions are not detected.
[STDERR  ] 2017-10-03T15:10:02.114205824Z: [    5.003391] AVX or AES-NI instructions are not detected.
[STDERR  ] 2017-10-03T15:10:02.114213684Z: [    5.003902] CPU feature 'AVX registers' is not supported.
[STDERR  ] 2017-10-03T15:10:02.114221881Z: [    5.004284] CPU feature 'AVX registers' is not supported.
[STDERR  ] 2017-10-03T15:10:02.114229686Z: [    5.004699] CPU feature 'AVX registers' is not supported.
[STDERR  ] 2017-10-03T15:10:02.114237508Z: [    5.005082] CPU feature 'AVX registers' is not supported.
[STDERR  ] 2017-10-03T15:10:02.114245297Z: [    5.005374] AVX2 or AES-NI instructions are not detected.
[STDERR  ] 2017-10-03T15:10:02.114259117Z: [    5.005739] AVX2 instructions are not detected.
[STDERR  ] 2017-10-03T15:10:02.114267361Z: [    5.015766] audit: initializing netlink subsys (disabled)
[STDERR  ] 2017-10-03T15:10:02.11427533Z: [    5.017623] audit: type=2000 audit(1507043376.010:1): initialized
[STDERR  ] 2017-10-03T15:10:02.114283304Z: [    5.025766] workingset: timestamp_bits=46 max_order=18 bucket_order=0
[STDERR  ] 2017-10-03T15:10:02.114291544Z: [    5.034107] FS-Cache: Netfs 'cifs' registered for caching
[STDERR  ] 2017-10-03T15:10:02.114299374Z: [    5.035278] fuse init (API version 7.26)
[STDERR  ] 2017-10-03T15:10:02.114309137Z: [    5.037767] SGI XFS with ACLs, security attributes, no debug enabled
[STDERR  ] 2017-10-03T15:10:02.114316919Z: [    5.042510] 9p: Installing v9fs 9p2000 file system support
[STDERR  ] 2017-10-03T15:10:02.114324658Z: [    5.043144] FS-Cache: Netfs '9p' registered for caching
[STDERR  ] 2017-10-03T15:10:02.114332793Z: [    5.073611] NET: Registered protocol family 38
[STDERR  ] 2017-10-03T15:10:02.114340943Z: [    5.074243] Key type asymmetric registered
[STDERR  ] 2017-10-03T15:10:02.114349033Z: [    5.074647] Asymmetric key parser 'x509' registered
[STDERR  ] 2017-10-03T15:10:02.114356686Z: [    5.075692] Block layer SCSI generic (bsg) driver version 0.4 loaded (major 251)
[STDERR  ] 2017-10-03T15:10:02.11436856Z: [    5.077295] io scheduler noop registered
[STDERR  ] 2017-10-03T15:10:02.114376615Z: [    5.077682] io scheduler deadline registered (default)
[STDERR  ] 2017-10-03T15:10:02.114384391Z: [    5.078590] io scheduler cfq registered
[STDERR  ] 2017-10-03T15:10:02.114392128Z: [    5.082341] pci_hotplug: PCI Hot Plug PCI Core version: 0.5
[STDERR  ] 2017-10-03T15:10:02.114399917Z: [    5.083076] pciehp: PCI Express Hot Plug Controller Driver version: 0.4
[STDERR  ] 2017-10-03T15:10:02.114407946Z: [    5.084111] shpchp: Standard Hot Plug PCI Controller Driver version: 0.4
[STDERR  ] 2017-10-03T15:10:02.114417268Z: [    5.085078] hv_vmbus: registering driver hyperv_fb
[STDERR  ] 2017-10-03T15:10:02.114425072Z: [    5.088316] input: Power Button as /devices/LNXSYSTM:00/LNXPWRBN:00/input/input0
[STDERR  ] 2017-10-03T15:10:02.114432105Z: [    5.089609] ACPI: Power Button [PWRF]
[STDERR  ] 2017-10-03T15:10:02.114442876Z: [    5.095190] GHES: HEST is not enabled!
[STDERR  ] 2017-10-03T15:10:02.114451317Z: [    5.106357] ACPI: PCI Interrupt Link [GSIG] enabled at IRQ 22
[STDERR  ] 2017-10-03T15:10:02.114458859Z: [    5.120614] ACPI: PCI Interrupt Link [GSIH] enabled at IRQ 23
[STDERR  ] 2017-10-03T15:10:02.114464214Z: [    5.126457] xenfs: not registering filesystem on non-xen platform
[STDERR  ] 2017-10-03T15:10:02.114473236Z: [    5.128738] Serial: 8250/16550 driver, 4 ports, IRQ sharing disabled
[STDERR  ] 2017-10-03T15:10:02.114480245Z: [    5.154155] 00:04: ttyS0 at I/O 0x3f8 (irq = 4, base_baud = 115200) is a 16550A
[STDERR  ] 2017-10-03T15:10:02.114486845Z: [    5.166320] Non-volatile memory driver v1.3
[STDERR  ] 2017-10-03T15:10:02.114495417Z: [    5.173025] Hangcheck: starting hangcheck timer 0.9.1 (tick is 180 seconds, margin is 60 seconds).
[STDERR  ] 2017-10-03T15:10:02.11450974Z: [    5.213445] loop: module loaded
[STDERR  ] 2017-10-03T15:10:02.114518165Z: [    5.228393] nbd: registered device at major 43
[STDERR  ] 2017-10-03T15:10:02.114536411Z: [    5.270689] lpc_ich 0000:00:1f.0: I/O space for GPIO uninitialized
[STDERR  ] 2017-10-03T15:10:02.114544511Z: [    5.272885] VMware PVSCSI driver - version 1.0.7.0-k
[STDERR  ] 2017-10-03T15:10:02.114552623Z: [    5.273747] hv_vmbus: registering driver hv_storvsc
[STDERR  ] 2017-10-03T15:10:02.114560369Z: [    5.284116] ACPI: PCI Interrupt Link [GSIA] enabled at IRQ 16
[STDERR  ] 2017-10-03T15:10:02.1145683Z: [    5.291484] ahci 0000:00:1f.2: AHCI 0001.0000 32 slots 6 ports 1.5 Gbps 0x3f impl SATA mode
[STDERR  ] 2017-10-03T15:10:02.114576982Z: [    5.292489] ahci 0000:00:1f.2: flags: 64bit ncq only 
[STDERR  ] 2017-10-03T15:10:02.114585314Z: [    5.313602] scsi host0: ahci
[STDERR  ] 2017-10-03T15:10:02.114593849Z: [    5.318670] scsi host1: ahci
[STDERR  ] 2017-10-03T15:10:02.114602497Z: [    5.321365] scsi host2: ahci
[STDERR  ] 2017-10-03T15:10:02.114610406Z: [    5.323676] scsi host3: ahci
