[INFO    ] 2018-07-06T07:06:58.927414787Z: Running Test linuxkit.packages.format_mount.by_label in /tmp/build/test/cases/040_packages/006_format_mount/001_by_label
[INFO    ] 2018-07-06T07:06:58.927603231Z: Running command: [/bin/sh -x /tmp/build/test/cases/040_packages/006_format_mount/001_by_label/test.sh]
[STDERR  ] 2018-07-06T07:06:58.955374455Z: + set -e
[STDERR  ] 2018-07-06T07:06:58.955471261Z: + . /tmp/build/test/cases/_lib/lib.sh
[STDERR  ] 2018-07-06T07:06:58.955487908Z: + [ -f src/github.com/linuxkit/rtf/lib/lib.sh ]
[STDERR  ] 2018-07-06T07:06:58.955501152Z: + LINUXKIT_TMPDIR=/tmp/build/test/cases/_tmp
[STDERR  ] 2018-07-06T07:06:58.955549035Z: + [ -f /tmp/build/test/cases/_tmp/env.sh ]
[STDERR  ] 2018-07-06T07:06:58.955561614Z: + . /tmp/build/test/cases/_tmp/env.sh
[STDERR  ] 2018-07-06T07:06:58.955574433Z: + export LINUXKIT_EXAMPLES_DIR=/tmp/build/test/cases/../../examples
[STDERR  ] 2018-07-06T07:06:58.955593511Z: + RT_CANCEL=253
[STDERR  ] 2018-07-06T07:06:58.955607740Z: + NAME=test-format
[STDERR  ] 2018-07-06T07:06:58.955621232Z: + DISK=disk.img
[STDERR  ] 2018-07-06T07:06:58.955635431Z: + trap clean_up EXIT
[STDERR  ] 2018-07-06T07:06:58.955652955Z: + linuxkit build -format kernel+initrd -name test-format test.yml
[STDERR  ] 2018-07-06T07:06:59.018564104Z: Extract kernel image: linuxkit/kernel:4.14.53
[STDERR  ] 2018-07-06T07:07:00.692666316Z: Add init containers:
[STDERR  ] 2018-07-06T07:07:00.692721668Z: Process init image: linuxkit/init:0e4af96fecc8f752c80d41c0b7d06570cc1dc6b2
[STDERR  ] 2018-07-06T07:07:02.092829855Z: Process init image: linuxkit/runc:v0.4
[STDERR  ] 2018-07-06T07:07:03.284522585Z: Add onboot containers:
[STDERR  ] 2018-07-06T07:07:03.284572888Z:   Create OCI config for linuxkit/format:v0.4
[STDERR  ] 2018-07-06T07:07:04.641386229Z:   Create OCI config for linuxkit/mount:v0.4
[STDERR  ] 2018-07-06T07:07:06.032396488Z:   Create OCI config for alpine:3.7
[STDERR  ] 2018-07-06T07:07:07.225710523Z:   Create OCI config for linuxkit/poweroff:d75d94d9603bde9ab95b914deed0d069d05d8b20
[STDERR  ] 2018-07-06T07:07:08.435385126Z: Add files:
[STDERR  ] 2018-07-06T07:07:08.435516288Z:   check.sh
[STDERR  ] 2018-07-06T07:07:08.445273483Z: Create outputs:
[STDERR  ] 2018-07-06T07:07:14.488267926Z:   test-format-kernel test-format-initrd.img test-format-cmdline
[STDERR  ] 2018-07-06T07:07:14.570944256Z: + linuxkit run -disk file=disk.img,size=512M test-format
[STDERR  ] 2018-07-06T07:07:14.596292599Z: Unable to find qemu-system-x86_64 within the $PATH. Using a container
[STDERR  ] 2018-07-06T07:08:01.714528436Z: + RESULT=[    0.000000] Linux version 4.14.53-linuxkit (root@bd72a9eaf0e9) (gcc version 6.4.0 (Alpine 6.4.0)) #1 SMP Tue Jul 3 13:29:41 UTC 2018
[STDERR  ] 2018-07-06T07:08:01.714679102Z: [    0.000000] Command line: console=ttyS0 console=ttyAMA0
[STDERR  ] 2018-07-06T07:08:01.714710941Z: [    0.000000] x86/fpu: x87 FPU will use FXSAVE
[STDERR  ] 2018-07-06T07:08:01.714739955Z: [    0.000000] e820: BIOS-provided physical RAM map:
[STDERR  ] 2018-07-06T07:08:01.714767150Z: [    0.000000] BIOS-e820: [mem 0x0000000000000000-0x000000000009fbff] usable
[STDERR  ] 2018-07-06T07:08:01.714800334Z: [    0.000000] BIOS-e820: [mem 0x000000000009fc00-0x000000000009ffff] reserved
[STDERR  ] 2018-07-06T07:08:01.714828596Z: [    0.000000] BIOS-e820: [mem 0x00000000000f0000-0x00000000000fffff] reserved
[STDERR  ] 2018-07-06T07:08:01.714860423Z: [    0.000000] BIOS-e820: [mem 0x0000000000100000-0x000000003ffdefff] usable
[STDERR  ] 2018-07-06T07:08:01.714889455Z: [    0.000000] BIOS-e820: [mem 0x000000003ffdf000-0x000000003fffffff] reserved
[STDERR  ] 2018-07-06T07:08:01.714920679Z: [    0.000000] BIOS-e820: [mem 0x00000000b0000000-0x00000000bfffffff] reserved
[STDERR  ] 2018-07-06T07:08:01.714944942Z: [    0.000000] BIOS-e820: [mem 0x00000000fed1c000-0x00000000fed1ffff] reserved
[STDERR  ] 2018-07-06T07:08:01.714972575Z: [    0.000000] BIOS-e820: [mem 0x00000000fffc0000-0x00000000ffffffff] reserved
[STDERR  ] 2018-07-06T07:08:01.715000386Z: [    0.000000] NX (Execute Disable) protection: active
[STDERR  ] 2018-07-06T07:08:01.715029698Z: [    0.000000] SMBIOS 2.8 present.
[STDERR  ] 2018-07-06T07:08:01.715073861Z: [    0.000000] DMI: QEMU Standard PC (Q35 + ICH9, 2009), BIOS rel-1.10.2-0-g5f4c7b1-prebuilt.qemu-project.org 04/01/2014
[STDERR  ] 2018-07-06T07:08:01.715103533Z: [    0.000000] tsc: Fast TSC calibration using PIT
[STDERR  ] 2018-07-06T07:08:01.715132516Z: [    0.000000] e820: last_pfn = 0x3ffdf max_arch_pfn = 0x400000000
[STDERR  ] 2018-07-06T07:08:01.715160271Z: [    0.000000] x86/PAT: Configuration [0-7]: WB  WC  UC- UC  WB  WP  UC- WT  
[STDERR  ] 2018-07-06T07:08:01.715188218Z: [    0.000000] found SMP MP-table at [mem 0x000f6aa0-0x000f6aaf] mapped at [ffffffffff200aa0]
[STDERR  ] 2018-07-06T07:08:01.715215249Z: [    0.000000] RAMDISK: [mem 0x3dce8000-0x3ffcffff]
[STDERR  ] 2018-07-06T07:08:01.715241054Z: [    0.000000] ACPI: Early table checksum verification disabled
[STDERR  ] 2018-07-06T07:08:01.715267599Z: [    0.000000] ACPI: RSDP 0x00000000000F68B0 000014 (v00 BOCHS )
[STDERR  ] 2018-07-06T07:08:01.715293618Z: [    0.000000] ACPI: RSDT 0x000000003FFE20A8 000034 (v01 BOCHS  BXPCRSDT 00000001 BXPC 00000001)
[STDERR  ] 2018-07-06T07:08:01.715320739Z: [    0.000000] ACPI: FACP 0x000000003FFE1EC8 0000F4 (v03 BOCHS  BXPCFACP 00000001 BXPC 00000001)
[STDERR  ] 2018-07-06T07:08:01.715350310Z: [    0.000000] ACPI: DSDT 0x000000003FFE0040 001E88 (v01 BOCHS  BXPCDSDT 00000001 BXPC 00000001)
[STDERR  ] 2018-07-06T07:08:01.715377275Z: [    0.000000] ACPI: FACS 0x000000003FFE0000 000040
[STDERR  ] 2018-07-06T07:08:01.715401868Z: [    0.000000] ACPI: APIC 0x000000003FFE1FBC 000078 (v01 BOCHS  BXPCAPIC 00000001 BXPC 00000001)
[STDERR  ] 2018-07-06T07:08:01.715429946Z: [    0.000000] ACPI: HPET 0x000000003FFE2034 000038 (v01 BOCHS  BXPCHPET 00000001 BXPC 00000001)
[STDERR  ] 2018-07-06T07:08:01.715470977Z: [    0.000000] ACPI: MCFG 0x000000003FFE206C 00003C (v01 BOCHS  BXPCMCFG 00000001 BXPC 00000001)
[STDERR  ] 2018-07-06T07:08:01.715499048Z: [    0.000000] Zone ranges:
[STDERR  ] 2018-07-06T07:08:01.715526629Z: [    0.000000]   DMA      [mem 0x0000000000001000-0x0000000000ffffff]
[STDERR  ] 2018-07-06T07:08:01.715554210Z: [    0.000000]   DMA32    [mem 0x0000000001000000-0x000000003ffdefff]
[STDERR  ] 2018-07-06T07:08:01.715582441Z: [    0.000000]   Normal   empty
[STDERR  ] 2018-07-06T07:08:01.715610366Z: [    0.000000]   Device   empty
[STDERR  ] 2018-07-06T07:08:01.715638550Z: [    0.000000] Movable zone start for each node
[STDERR  ] 2018-07-06T07:08:01.715666267Z: [    0.000000] Early memory node ranges
[STDERR  ] 2018-07-06T07:08:01.715694922Z: [    0.000000]   node   0: [mem 0x0000000000001000-0x000000000009efff]
[STDERR  ] 2018-07-06T07:08:01.715722625Z: [    0.000000]   node   0: [mem 0x0000000000100000-0x000000003ffdefff]
[STDERR  ] 2018-07-06T07:08:01.715750658Z: [    0.000000] Initmem setup node 0 [mem 0x0000000000001000-0x000000003ffdefff]
[STDERR  ] 2018-07-06T07:08:01.715780501Z: [    0.000000] ACPI: PM-Timer IO Port: 0x608
[STDERR  ] 2018-07-06T07:08:01.715808476Z: [    0.000000] ACPI: LAPIC_NMI (acpi_id[0xff] dfl dfl lint[0x1])
[STDERR  ] 2018-07-06T07:08:01.715835910Z: [    0.000000] IOAPIC[0]: apic_id 0, version 32, address 0xfec00000, GSI 0-23
[STDERR  ] 2018-07-06T07:08:01.715873868Z: [    0.000000] ACPI: INT_SRC_OVR (bus 0 bus_irq 0 global_irq 2 dfl dfl)
[STDERR  ] 2018-07-06T07:08:01.715907290Z: [    0.000000] ACPI: INT_SRC_OVR (bus 0 bus_irq 5 global_irq 5 high level)
[STDERR  ] 2018-07-06T07:08:01.715934900Z: [    0.000000] ACPI: INT_SRC_OVR (bus 0 bus_irq 9 global_irq 9 high level)
[STDERR  ] 2018-07-06T07:08:01.715959711Z: [    0.000000] ACPI: INT_SRC_OVR (bus 0 bus_irq 10 global_irq 10 high level)
[STDERR  ] 2018-07-06T07:08:01.715985310Z: [    0.000000] ACPI: INT_SRC_OVR (bus 0 bus_irq 11 global_irq 11 high level)
[STDERR  ] 2018-07-06T07:08:01.716010405Z: [    0.000000] Using ACPI (MADT) for SMP configuration information
[STDERR  ] 2018-07-06T07:08:01.716039032Z: [    0.000000] ACPI: HPET id: 0x8086a201 base: 0xfed00000
[STDERR  ] 2018-07-06T07:08:01.716065854Z: [    0.000000] smpboot: Allowing 1 CPUs, 0 hotplug CPUs
[STDERR  ] 2018-07-06T07:08:01.716097504Z: [    0.000000] e820: [mem 0x40000000-0xafffffff] available for PCI devices
[STDERR  ] 2018-07-06T07:08:01.716123174Z: [    0.000000] Booting paravirtualized kernel on bare hardware
[STDERR  ] 2018-07-06T07:08:01.716154163Z: [    0.000000] clocksource: refined-jiffies: mask: 0xffffffff max_cycles: 0xffffffff, max_idle_ns: 19112604462750000 ns
[STDERR  ] 2018-07-06T07:08:01.716182477Z: [    0.000000] random: get_random_bytes called from start_kernel+0x92/0x4c8 with crng_init=0
[STDERR  ] 2018-07-06T07:08:01.716212453Z: [    0.000000] setup_percpu: NR_CPUS:128 nr_cpumask_bits:128 nr_cpu_ids:1 nr_node_ids:1
[STDERR  ] 2018-07-06T07:08:01.716239877Z: [    0.000000] percpu: Embedded 44 pages/cpu @ffff9b913da00000 s143256 r8192 d28776 u2097152
[STDERR  ] 2018-07-06T07:08:01.716265403Z: [    0.000000] Built 1 zonelists, mobility grouping on.  Total pages: 257896
[STDERR  ] 2018-07-06T07:08:01.716293315Z: [    0.000000] Kernel command line: console=ttyS0 console=ttyAMA0
[STDERR  ] 2018-07-06T07:08:01.716320629Z: [    0.000000] PID hash table entries: 4096 (order: 3, 32768 bytes)
[STDERR  ] 2018-07-06T07:08:01.716348067Z: [    0.000000] Dentry cache hash table entries: 131072 (order: 8, 1048576 bytes)
[STDERR  ] 2018-07-06T07:08:01.716374205Z: [    0.000000] Inode-cache hash table entries: 65536 (order: 7, 524288 bytes)
[STDERR  ] 2018-07-06T07:08:01.716403099Z: [    0.000000] Memory: 969048K/1048052K available (12300K kernel code, 1465K rwdata, 2992K rodata, 1512K init, 632K bss, 79004K reserved, 0K cma-reserved)
[STDERR  ] 2018-07-06T07:08:01.716431579Z: [    0.000000] ftrace: allocating 41032 entries in 161 pages
[STDERR  ] 2018-07-06T07:08:01.716459130Z: [    0.000000] Hierarchical RCU implementation.
[STDERR  ] 2018-07-06T07:08:01.716494577Z: [    0.000000] 	RCU restricting CPUs from NR_CPUS=128 to nr_cpu_ids=1.
[STDERR  ] 2018-07-06T07:08:01.716523030Z: [    0.000000] RCU: Adjusting geometry for rcu_fanout_leaf=16, nr_cpu_ids=1
[STDERR  ] 2018-07-06T07:08:01.716548788Z: [    0.000000] NR_IRQS: 8448, nr_irqs: 256, preallocated irqs: 16
[STDERR  ] 2018-07-06T07:08:01.716574379Z: [    0.000000] Console: colour VGA+ 80x25
[STDERR  ] 2018-07-06T07:08:01.716600233Z: [    0.000000] console [ttyS0] enabled
[STDERR  ] 2018-07-06T07:08:01.716624780Z: [    0.000000] clocksource: hpet: mask: 0xffffffff max_cycles: 0xffffffff, max_idle_ns: 19112604467 ns
[STDERR  ] 2018-07-06T07:08:01.716659796Z: [    0.000000] tsc: Fast TSC calibration using PIT
[STDERR  ] 2018-07-06T07:08:01.716685701Z: [    0.000000] tsc: Detected 2599.734 MHz processor
[STDERR  ] 2018-07-06T07:08:01.716709575Z: [    0.001707] Calibrating delay loop (skipped), value calculated using timer frequency.. 5199.46 BogoMIPS (lpj=25997340)
[STDERR  ] 2018-07-06T07:08:01.716736039Z: [    0.002164] pid_max: default: 32768 minimum: 301
[STDERR  ] 2018-07-06T07:08:01.716761583Z: [    0.002904] ACPI: Core revision 20170728
[STDERR  ] 2018-07-06T07:08:01.716788078Z: [    0.035214] ACPI: 1 ACPI AML tables successfully acquired and loaded
[STDERR  ] 2018-07-06T07:08:01.716816299Z: [    0.037115] Security Framework initialized
[STDERR  ] 2018-07-06T07:08:01.716841004Z: [    0.037430] Yama: becoming mindful.
[STDERR  ] 2018-07-06T07:08:01.716868757Z: [    0.040246] Mount-cache hash table entries: 2048 (order: 2, 16384 bytes)
[STDERR  ] 2018-07-06T07:08:01.716904159Z: [    0.040471] Mountpoint-cache hash table entries: 2048 (order: 2, 16384 bytes)
[STDERR  ] 2018-07-06T07:08:01.716930219Z: [    0.057313] Last level iTLB entries: 4KB 0, 2MB 0, 4MB 0
[STDERR  ] 2018-07-06T07:08:01.716959080Z: [    0.057512] Last level dTLB entries: 4KB 0, 2MB 0, 4MB 0, 1GB 0
[STDERR  ] 2018-07-06T07:08:01.716985649Z: [    0.057785] Spectre V2 : Spectre mitigation: LFENCE not serializing, switching to generic retpoline
[STDERR  ] 2018-07-06T07:08:01.717013363Z: [    0.058010] Spectre V2 : Vulnerable: Minimal generic ASM retpoline
[STDERR  ] 2018-07-06T07:08:01.717039448Z: [    0.058207] Spectre V2 : Spectre v2 mitigation: Filling RSB on context switch
[STDERR  ] 2018-07-06T07:08:01.717069650Z: [    0.058610] Speculative Store Bypass: Vulnerable
[STDERR  ] 2018-07-06T07:08:01.717094498Z: [    0.340274] Freeing SMP alternatives memory: 20K
[STDERR  ] 2018-07-06T07:08:01.717123206Z: [    0.360407] smpboot: Max logical packages: 1
[STDERR  ] 2018-07-06T07:08:01.717152080Z: [    0.367124] ..TIMER: vector=0x30 apic1=0 pin1=2 apic2=-1 pin2=-1
[STDERR  ] 2018-07-06T07:08:01.717189153Z: [    0.470000] smpboot: CPU0: AMD QEMU Virtual CPU version 2.5+ (family: 0x6, model: 0x6, stepping: 0x3)
[STDERR  ] 2018-07-06T07:08:01.717221134Z: [    0.470000] Performance Events: PMU not available due to virtualization, using software events only.
[STDERR  ] 2018-07-06T07:08:01.717252058Z: [    0.470404] Hierarchical SRCU implementation.
[STDERR  ] 2018-07-06T07:08:01.717454830Z: [    0.477603] NMI watchdog: Perf event create on CPU 0 failed with -2
[STDERR  ] 2018-07-06T07:08:01.717487273Z: [    0.477969] NMI watchdog: Perf NMI watchdog permanently disabled
[STDERR  ] 2018-07-06T07:08:01.717501236Z: [    0.481033] smp: Bringing up secondary CPUs ...
[STDERR  ] 2018-07-06T07:08:01.717515051Z: [    0.481388] smp: Brought up 1 node, 1 CPU
[STDERR  ] 2018-07-06T07:08:01.717527620Z: [    0.481717] smpboot: Total of 1 processors activated (5199.46 BogoMIPS)
[STDERR  ] 2018-07-06T07:08:01.717540068Z: [    0.498543] devtmpfs: initialized
[STDERR  ] 2018-07-06T07:08:01.717552825Z: [    0.504230] x86/mm: Memory block size: 128MB
[STDERR  ] 2018-07-06T07:08:01.717571394Z: [    0.509202] evm: security.ima
[STDERR  ] 2018-07-06T07:08:01.717584222Z: [    0.509422] evm: security.capability
[STDERR  ] 2018-07-06T07:08:01.717597612Z: [    0.512446] clocksource: jiffies: mask: 0xffffffff max_cycles: 0xffffffff, max_idle_ns: 19112604462750000 ns
[STDERR  ] 2018-07-06T07:08:01.717621512Z: [    0.513138] futex hash table entries: 256 (order: 2, 16384 bytes)
[STDERR  ] 2018-07-06T07:08:01.717634799Z: [    0.522602] NET: Registered protocol family 16
[STDERR  ] 2018-07-06T07:08:01.717647929Z: [    0.528334] cpuidle: using governor ladder
[STDERR  ] 2018-07-06T07:08:01.717660482Z: [    0.528771] cpuidle: using governor menu
[STDERR  ] 2018-07-06T07:08:01.717672460Z: [    0.530423] ACPI: bus type PCI registered
[STDERR  ] 2018-07-06T07:08:01.717684599Z: [    0.532848] PCI: MMCONFIG for domain 0000 [bus 00-ff] at [mem 0xb0000000-0xbfffffff] (base 0xb0000000)
[STDERR  ] 2018-07-06T07:08:01.717698364Z: [    0.533608] PCI: MMCONFIG at [mem 0xb0000000-0xbfffffff] reserved in E820
[STDERR  ] 2018-07-06T07:08:01.717711268Z: [    0.534538] PCI: Using configuration type 1 for base access
[STDERR  ] 2018-07-06T07:08:01.717723999Z: [    0.572630] HugeTLB registered 2.00 MiB page size, pre-allocated 0 pages
[STDERR  ] 2018-07-06T07:08:01.717736451Z: [    0.583117] ACPI: Added _OSI(Module Device)
[STDOUT  ] 2018-07-06T07:08:01.717713362Z: [    0.000000] Linux version 4.14.53-linuxkit (root@bd72a9eaf0e9) (gcc version 6.4.0 (Alpine 6.4.0)) #1 SMP Tue Jul 3 13:29:41 UTC 2018
[STDERR  ] 2018-07-06T07:08:01.717749319Z: [    0.583429] ACPI: Added _OSI(Processor Device)
[STDOUT  ] 2018-07-06T07:08:01.717752413Z: [    0.000000] Command line: console=ttyS0 console=ttyAMA0
[STDOUT  ] 2018-07-06T07:08:01.717763141Z: [    0.000000] x86/fpu: x87 FPU will use FXSAVE
[STDOUT  ] 2018-07-06T07:08:01.717774847Z: [    0.000000] e820: BIOS-provided physical RAM map:
[STDOUT  ] 2018-07-06T07:08:01.717784537Z: [    0.000000] BIOS-e820: [mem 0x0000000000000000-0x000000000009fbff] usable
[STDOUT  ] 2018-07-06T07:08:01.717793368Z: [    0.000000] BIOS-e820: [mem 0x000000000009fc00-0x000000000009ffff] reserved
[STDOUT  ] 2018-07-06T07:08:01.717802861Z: [    0.000000] BIOS-e820: [mem 0x00000000000f0000-0x00000000000fffff] reserved
[STDOUT  ] 2018-07-06T07:08:01.717811592Z: [    0.000000] BIOS-e820: [mem 0x0000000000100000-0x000000003ffdefff] usable
[STDOUT  ] 2018-07-06T07:08:01.717820939Z: [    0.000000] BIOS-e820: [mem 0x000000003ffdf000-0x000000003fffffff] reserved
[STDOUT  ] 2018-07-06T07:08:01.717829472Z: [    0.000000] BIOS-e820: [mem 0x00000000b0000000-0x00000000bfffffff] reserved
[STDOUT  ] 2018-07-06T07:08:01.717849783Z: [    0.000000] BIOS-e820: [mem 0x00000000fed1c000-0x00000000fed1ffff] reserved
[STDOUT  ] 2018-07-06T07:08:01.717859713Z: [    0.000000] BIOS-e820: [mem 0x00000000fffc0000-0x00000000ffffffff] reserved
[STDOUT  ] 2018-07-06T07:08:01.717869078Z: [    0.000000] NX (Execute Disable) protection: active
[STDOUT  ] 2018-07-06T07:08:01.717878359Z: [    0.000000] SMBIOS 2.8 present.
[STDOUT  ] 2018-07-06T07:08:01.717887350Z: [    0.000000] DMI: QEMU Standard PC (Q35 + ICH9, 2009), BIOS rel-1.10.2-0-g5f4c7b1-prebuilt.qemu-project.org 04/01/2014
[STDOUT  ] 2018-07-06T07:08:01.717904639Z: [    0.000000] tsc: Fast TSC calibration using PIT
[STDOUT  ] 2018-07-06T07:08:01.717914027Z: [    0.000000] e820: last_pfn = 0x3ffdf max_arch_pfn = 0x400000000
[STDOUT  ] 2018-07-06T07:08:01.717922743Z: [    0.000000] x86/PAT: Configuration [0-7]: WB  WC  UC- UC  WB  WP  UC- WT  
[STDOUT  ] 2018-07-06T07:08:01.717931733Z: [    0.000000] found SMP MP-table at [mem 0x000f6aa0-0x000f6aaf] mapped at [ffffffffff200aa0]
[STDOUT  ] 2018-07-06T07:08:01.717940459Z: [    0.000000] RAMDISK: [mem 0x3dce8000-0x3ffcffff]
[STDOUT  ] 2018-07-06T07:08:01.717949567Z: [    0.000000] ACPI: Early table checksum verification disabled
[STDOUT  ] 2018-07-06T07:08:01.717959484Z: [    0.000000] ACPI: RSDP 0x00000000000F68B0 000014 (v00 BOCHS )
[STDOUT  ] 2018-07-06T07:08:01.717969845Z: [    0.000000] ACPI: RSDT 0x000000003FFE20A8 000034 (v01 BOCHS  BXPCRSDT 00000001 BXPC 00000001)
[STDOUT  ] 2018-07-06T07:08:01.717979602Z: [    0.000000] ACPI: FACP 0x000000003FFE1EC8 0000F4 (v03 BOCHS  BXPCFACP 00000001 BXPC 00000001)
[STDOUT  ] 2018-07-06T07:08:01.717994422Z: [    0.000000] ACPI: DSDT 0x000000003FFE0040 001E88 (v01 BOCHS  BXPCDSDT 00000001 BXPC 00000001)
[STDOUT  ] 2018-07-06T07:08:01.718003530Z: [    0.000000] ACPI: FACS 0x000000003FFE0000 000040
[STDOUT  ] 2018-07-06T07:08:01.718013026Z: [    0.000000] ACPI: APIC 0x000000003FFE1FBC 000078 (v01 BOCHS  BXPCAPIC 00000001 BXPC 00000001)
[STDOUT  ] 2018-07-06T07:08:01.718021726Z: [    0.000000] ACPI: HPET 0x000000003FFE2034 000038 (v01 BOCHS  BXPCHPET 00000001 BXPC 00000001)
[STDOUT  ] 2018-07-06T07:08:01.718031321Z: [    0.000000] ACPI: MCFG 0x000000003FFE206C 00003C (v01 BOCHS  BXPCMCFG 00000001 BXPC 00000001)
[STDOUT  ] 2018-07-06T07:08:01.718040802Z: [    0.000000] Zone ranges:
[STDOUT  ] 2018-07-06T07:08:01.718050300Z: [    0.000000]   DMA      [mem 0x0000000000001000-0x0000000000ffffff]
[STDERR  ] 2018-07-06T07:08:01.717761980Z: [    0.583698] ACPI: Added _OSI(3.0 _SCP Extensions)
[STDOUT  ] 2018-07-06T07:08:01.718060558Z: [    0.000000]   DMA32    [mem 0x0000000001000000-0x000000003ffdefff]
[STDOUT  ] 2018-07-06T07:08:01.718069513Z: [    0.000000]   Normal   empty
[STDOUT  ] 2018-07-06T07:08:01.718078982Z: [    0.000000]   Device   empty
[STDOUT  ] 2018-07-06T07:08:01.718088742Z: [    0.000000] Movable zone start for each node
[STDERR  ] 2018-07-06T07:08:01.718064318Z: [    0.583928] ACPI: Added _OSI(Processor Aggregator Device)
[STDERR  ] 2018-07-06T07:08:01.718097801Z: [    0.630773] ACPI: Interpreter enabled
[STDERR  ] 2018-07-06T07:08:01.718124288Z: [    0.631526] ACPI: (supports S0 S5)
[STDERR  ] 2018-07-06T07:08:01.718141284Z: [    0.631828] ACPI: Using IOAPIC for interrupt routing
[STDERR  ] 2018-07-06T07:08:01.718157048Z: [    0.634076] PCI: Using host bridge windows from ACPI; if necessary, use "pci=nocrs" and report a bug
[STDOUT  ] 2018-07-06T07:08:01.718098154Z: [    0.000000] Early memory node ranges
[STDOUT  ] 2018-07-06T07:08:01.718193725Z: [    0.000000]   node   0: [mem 0x0000000000001000-0x000000000009efff]
[STDERR  ] 2018-07-06T07:08:01.718184083Z: [    0.637203] ACPI: Enabled 1 GPEs in block 00 to 3F
[STDOUT  ] 2018-07-06T07:08:01.718203465Z: [    0.000000]   node   0: [mem 0x0000000000100000-0x000000003ffdefff]
[STDOUT  ] 2018-07-06T07:08:01.718212925Z: [    0.000000] Initmem setup node 0 [mem 0x0000000000001000-0x000000003ffdefff]
[STDERR  ] 2018-07-06T07:08:01.718210232Z: [    0.683451] ACPI: PCI Root Bridge [PCI0] (domain 0000 [bus 00-ff])
[STDERR  ] 2018-07-06T07:08:01.718247598Z: [    0.684340] acpi PNP0A08:00: _OSC: OS supports [ExtendedConfig ASPM ClockPM Segments MSI]
[STDOUT  ] 2018-07-06T07:08:01.718222354Z: [    0.000000] ACPI: PM-Timer IO Port: 0x608
[STDOUT  ] 2018-07-06T07:08:01.718267548Z: [    0.000000] ACPI: LAPIC_NMI (acpi_id[0xff] dfl dfl lint[0x1])
[STDOUT  ] 2018-07-06T07:08:01.718277419Z: [    0.000000] IOAPIC[0]: apic_id 0, version 32, address 0xfec00000, GSI 0-23
[STDOUT  ] 2018-07-06T07:08:01.718287680Z: [    0.000000] ACPI: INT_SRC_OVR (bus 0 bus_irq 0 global_irq 2 dfl dfl)
[STDERR  ] 2018-07-06T07:08:01.718275272Z: [    0.688636] acpi PNP0A08:00: _OSC: OS now controls [PCIeHotplug PME PCIeCapability]
[STDOUT  ] 2018-07-06T07:08:01.718298881Z: [    0.000000] ACPI: INT_SRC_OVR (bus 0 bus_irq 5 global_irq 5 high level)
[STDERR  ] 2018-07-06T07:08:01.718301899Z: [    0.693620] PCI host bridge to bus 0000:00
[STDERR  ] 2018-07-06T07:08:01.718319720Z: [    0.694143] pci_bus 0000:00: root bus resource [io  0x0000-0x0cf7 window]
[STDERR  ] 2018-07-06T07:08:01.718335128Z: [    0.694498] pci_bus 0000:00: root bus resource [io  0x0d00-0xffff window]
[STDOUT  ] 2018-07-06T07:08:01.718361490Z: [    0.000000] ACPI: INT_SRC_OVR (bus 0 bus_irq 9 global_irq 9 high level)
[STDERR  ] 2018-07-06T07:08:01.718349787Z: [    0.694794] pci_bus 0000:00: root bus resource [mem 0x000a0000-0x000bffff window]
[STDOUT  ] 2018-07-06T07:08:01.718371889Z: [    0.000000] ACPI: INT_SRC_OVR (bus 0 bus_irq 10 global_irq 10 high level)
[STDOUT  ] 2018-07-06T07:08:01.718381272Z: [    0.000000] ACPI: INT_SRC_OVR (bus 0 bus_irq 11 global_irq 11 high level)
[STDOUT  ] 2018-07-06T07:08:01.718395160Z: [    0.000000] Using ACPI (MADT) for SMP configuration information
[STDERR  ] 2018-07-06T07:08:01.718376662Z: [    0.695141] pci_bus 0000:00: root bus resource [mem 0xc0000000-0xfebfffff window]
[STDOUT  ] 2018-07-06T07:08:01.718405184Z: [    0.000000] ACPI: HPET id: 0x8086a201 base: 0xfed00000
[STDOUT  ] 2018-07-06T07:08:01.718414423Z: [    0.000000] smpboot: Allowing 1 CPUs, 0 hotplug CPUs
[STDERR  ] 2018-07-06T07:08:01.718409211Z: [    0.695647] pci_bus 0000:00: root bus resource [bus 00-ff]
[STDOUT  ] 2018-07-06T07:08:01.718423885Z: [    0.000000] e820: [mem 0x40000000-0xafffffff] available for PCI devices
[STDOUT  ] 2018-07-06T07:08:01.718440070Z: [    0.000000] Booting paravirtualized kernel on bare hardware
[STDOUT  ] 2018-07-06T07:08:01.718449317Z: [    0.000000] clocksource: refined-jiffies: mask: 0xffffffff max_cycles: 0xffffffff, max_idle_ns: 19112604462750000 ns
[STDOUT  ] 2018-07-06T07:08:01.718459861Z: [    0.000000] random: get_random_bytes called from start_kernel+0x92/0x4c8 with crng_init=0
[STDOUT  ] 2018-07-06T07:08:01.718469615Z: [    0.000000] setup_percpu: NR_CPUS:128 nr_cpumask_bits:128 nr_cpu_ids:1 nr_node_ids:1
[STDOUT  ] 2018-07-06T07:08:01.718481872Z: [    0.000000] percpu: Embedded 44 pages/cpu @ffff9b913da00000 s143256 r8192 d28776 u2097152
[STDOUT  ] 2018-07-06T07:08:01.718491052Z: [    0.000000] Built 1 zonelists, mobility grouping on.  Total pages: 257896
[STDOUT  ] 2018-07-06T07:08:01.718499996Z: [    0.000000] Kernel command line: console=ttyS0 console=ttyAMA0
[STDOUT  ] 2018-07-06T07:08:01.718509056Z: [    0.000000] PID hash table entries: 4096 (order: 3, 32768 bytes)
[STDERR  ] 2018-07-06T07:08:01.718435179Z: [    0.861874] pci 0000:00:1f.0: quirk: [io  0x0600-0x067f] claimed by ICH6 ACPI/GPIO/TCO
[STDOUT  ] 2018-07-06T07:08:01.718517812Z: [    0.000000] Dentry cache hash table entries: 131072 (order: 8, 1048576 bytes)
[STDOUT  ] 2018-07-06T07:08:01.718527313Z: [    0.000000] Inode-cache hash table entries: 65536 (order: 7, 524288 bytes)
[STDOUT  ] 2018-07-06T07:08:01.718537147Z: [    0.000000] Memory: 969048K/1048052K available (12300K kernel code, 1465K rwdata, 2992K rodata, 1512K init, 632K bss, 79004K reserved, 0K cma-reserved)
[STDERR  ] 2018-07-06T07:08:01.718524167Z: [    0.947128] ACPI: PCI Interrupt Link [LNKA] (IRQs 5 *10 11)
[STDOUT  ] 2018-07-06T07:08:01.718548737Z: [    0.000000] ftrace: allocating 41032 entries in 161 pages
[STDOUT  ] 2018-07-06T07:08:01.718562671Z: [    0.000000] Hierarchical RCU implementation.
[STDERR  ] 2018-07-06T07:08:01.718550814Z: [    0.952073] ACPI: PCI Interrupt Link [LNKB] (IRQs 5 *10 11)
[STDOUT  ] 2018-07-06T07:08:01.718573593Z: [    0.000000] 	RCU restricting CPUs from NR_CPUS=128 to nr_cpu_ids=1.
[STDOUT  ] 2018-07-06T07:08:01.718582627Z: [    0.000000] RCU: Adjusting geometry for rcu_fanout_leaf=16, nr_cpu_ids=1
[STDOUT  ] 2018-07-06T07:08:01.718592949Z: [    0.000000] NR_IRQS: 8448, nr_irqs: 256, preallocated irqs: 16
[STDERR  ] 2018-07-06T07:08:01.718576076Z: [    0.953723] ACPI: PCI Interrupt Link [LNKC] (IRQs 5 10 *11)
[STDOUT  ] 2018-07-06T07:08:01.718602183Z: [    0.000000] Console: colour VGA+ 80x25
[STDOUT  ] 2018-07-06T07:08:01.718611972Z: [    0.000000] console [ttyS0] enabled
[STDERR  ] 2018-07-06T07:08:01.718601533Z: [    0.955093] ACPI: PCI Interrupt Link [LNKD] (IRQs 5 10 *11)
[STDOUT  ] 2018-07-06T07:08:01.718621051Z: [    0.000000] clocksource: hpet: mask: 0xffffffff max_cycles: 0xffffffff, max_idle_ns: 19112604467 ns
[STDOUT  ] 2018-07-06T07:08:01.718630104Z: [    0.000000] tsc: Fast TSC calibration using PIT
[STDOUT  ] 2018-07-06T07:08:01.718639154Z: [    0.000000] tsc: Detected 2599.734 MHz processor
[STDERR  ] 2018-07-06T07:08:01.718626701Z: [    0.956276] ACPI: PCI Interrupt Link [LNKE] (IRQs 5 *10 11)
[STDOUT  ] 2018-07-06T07:08:01.718648434Z: [    0.001707] Calibrating delay loop (skipped), value calculated using timer frequency.. 5199.46 BogoMIPS (lpj=25997340)
[STDOUT  ] 2018-07-06T07:08:01.718657567Z: [    0.002164] pid_max: default: 32768 minimum: 301
[STDERR  ] 2018-07-06T07:08:01.718652240Z: [    0.957406] ACPI: PCI Interrupt Link [LNKF] (IRQs 5 *10 11)
[STDERR  ] 2018-07-06T07:08:01.718685493Z: [    0.958572] ACPI: PCI Interrupt Link [LNKG] (IRQs 5 10 *11)
[STDERR  ] 2018-07-06T07:08:01.718700803Z: [    0.959683] ACPI: PCI Interrupt Link [LNKH] (IRQs 5 10 *11)
[STDERR  ] 2018-07-06T07:08:01.718713763Z: [    0.960382] ACPI: PCI Interrupt Link [GSIA] (IRQs *16)
[STDERR  ] 2018-07-06T07:08:01.718726262Z: [    0.960893] ACPI: PCI Interrupt Link [GSIB] (IRQs *17)
[STDERR  ] 2018-07-06T07:08:01.718742268Z: [    0.961363] ACPI: PCI Interrupt Link [GSIC] (IRQs *18)
[STDOUT  ] 2018-07-06T07:08:01.718666594Z: [    0.002904] ACPI: Core revision 20170728
[STDOUT  ] 2018-07-06T07:08:01.718765501Z: [    0.035214] ACPI: 1 ACPI AML tables successfully acquired and loaded
[STDERR  ] 2018-07-06T07:08:01.718755587Z: [    0.961849] ACPI: PCI Interrupt Link [GSID] (IRQs *19)
[STDOUT  ] 2018-07-06T07:08:01.718779881Z: [    0.037115] Security Framework initialized
[STDOUT  ] 2018-07-06T07:08:01.718788841Z: [    0.037430] Yama: becoming mindful.
[STDOUT  ] 2018-07-06T07:08:01.718798225Z: [    0.040246] Mount-cache hash table entries: 2048 (order: 2, 16384 bytes)
[STDERR  ] 2018-07-06T07:08:01.718782013Z: [    0.962387] ACPI: PCI Interrupt Link [GSIE] (IRQs *20)
[STDOUT  ] 2018-07-06T07:08:01.718807176Z: [    0.040471] Mountpoint-cache hash table entries: 2048 (order: 2, 16384 bytes)
[STDERR  ] 2018-07-06T07:08:01.718807778Z: [    0.962903] ACPI: PCI Interrupt Link [GSIF] (IRQs *21)
[STDOUT  ] 2018-07-06T07:08:01.718816844Z: [    0.057313] Last level iTLB entries: 4KB 0, 2MB 0, 4MB 0
[STDOUT  ] 2018-07-06T07:08:01.718837065Z: [    0.057512] Last level dTLB entries: 4KB 0, 2MB 0, 4MB 0, 1GB 0
[STDOUT  ] 2018-07-06T07:08:01.718847481Z: [    0.057785] Spectre V2 : Spectre mitigation: LFENCE not serializing, switching to generic retpoline
[STDOUT  ] 2018-07-06T07:08:01.718857327Z: [    0.058010] Spectre V2 : Vulnerable: Minimal generic ASM retpoline
[STDOUT  ] 2018-07-06T07:08:01.718866216Z: [    0.058207] Spectre V2 : Spectre v2 mitigation: Filling RSB on context switch
[STDOUT  ] 2018-07-06T07:08:01.718874876Z: [    0.058610] Speculative Store Bypass: Vulnerable
[STDOUT  ] 2018-07-06T07:08:01.718883203Z: [    0.340274] Freeing SMP alternatives memory: 20K
[STDOUT  ] 2018-07-06T07:08:01.718892549Z: [    0.360407] smpboot: Max logical packages: 1
[STDERR  ] 2018-07-06T07:08:01.718832693Z: [    0.963435] ACPI: PCI Interrupt Link [GSIG] (IRQs *22)
[STDERR  ] 2018-07-06T07:08:01.718926591Z: [    0.963944] ACPI: PCI Interrupt Link [GSIH] (IRQs *23)
[STDERR  ] 2018-07-06T07:08:01.718943901Z: [    0.970834] SCSI subsystem initialized
[STDERR  ] 2018-07-06T07:08:01.718959476Z: [    0.973116] ACPI: bus type USB registered
[STDERR  ] 2018-07-06T07:08:01.718974624Z: [    0.974025] usbcore: registered new interface driver usbfs
[STDOUT  ] 2018-07-06T07:08:01.718914270Z: [    0.367124] ..TIMER: vector=0x30 apic1=0 pin1=2 apic2=-1 pin2=-1
[STDERR  ] 2018-07-06T07:08:01.718999048Z: [    0.974868] usbcore: registered new interface driver hub
[STDERR  ] 2018-07-06T07:08:01.719025649Z: [    0.975678] usbcore: registered new device driver usb
[STDERR  ] 2018-07-06T07:08:01.719041573Z: [    0.976491] pps_core: LinuxPPS API ver. 1 registered
[STDOUT  ] 2018-07-06T07:08:01.718997861Z: [    0.470000] smpboot: CPU0: AMD QEMU Virtual CPU version 2.5+ (family: 0x6, model: 0x6, stepping: 0x3)
[STDERR  ] 2018-07-06T07:08:01.719054395Z: [    0.976791] pps_core: Software ver. 5.3.6 - Copyright 2005-2007 Rodolfo Giometti <giometti@linux.it>
[STDOUT  ] 2018-07-06T07:08:01.719089301Z: [    0.470000] Performance Events: PMU not available due to virtualization, using software events only.
[STDOUT  ] 2018-07-06T07:08:01.719098702Z: [    0.470404] Hierarchical SRCU implementation.
[STDOUT  ] 2018-07-06T07:08:01.719108421Z: [    0.477603] NMI watchdog: Perf event create on CPU 0 failed with -2
[STDOUT  ] 2018-07-06T07:08:01.719116087Z: [    0.477969] NMI watchdog: Perf NMI watchdog permanently disabled
[STDOUT  ] 2018-07-06T07:08:01.719124558Z: [    0.481033] smp: Bringing up secondary CPUs ...
[STDOUT  ] 2018-07-06T07:08:01.719132574Z: [    0.481388] smp: Brought up 1 node, 1 CPU
[STDERR  ] 2018-07-06T07:08:01.719089356Z: [    0.977377] PTP clock support registered
[STDERR  ] 2018-07-06T07:08:01.719189283Z: [    0.979421] PCI: Using ACPI for IRQ routing
[STDOUT  ] 2018-07-06T07:08:01.719145130Z: [    0.481717] smpboot: Total of 1 processors activated (5199.46 BogoMIPS)
[STDOUT  ] 2018-07-06T07:08:01.719219113Z: [    0.498543] devtmpfs: initialized
[STDOUT  ] 2018-07-06T07:08:01.719228653Z: [    0.504230] x86/mm: Memory block size: 128MB
[STDOUT  ] 2018-07-06T07:08:01.719238064Z: [    0.509202] evm: security.ima
[STDERR  ] 2018-07-06T07:08:01.719220503Z: [    0.992445] NetLabel: Initializing
[STDOUT  ] 2018-07-06T07:08:01.719247280Z: [    0.509422] evm: security.capability
[STDOUT  ] 2018-07-06T07:08:01.719256288Z: [    0.512446] clocksource: jiffies: mask: 0xffffffff max_cycles: 0xffffffff, max_idle_ns: 19112604462750000 ns
[STDOUT  ] 2018-07-06T07:08:01.719266340Z: [    0.513138] futex hash table entries: 256 (order: 2, 16384 bytes)
[STDERR  ] 2018-07-06T07:08:01.719251079Z: [    0.992636] NetLabel:  domain hash size = 128
[STDOUT  ] 2018-07-06T07:08:01.719275623Z: [    0.522602] NET: Registered protocol family 16
[STDOUT  ] 2018-07-06T07:08:01.719296492Z: [    0.528334] cpuidle: using governor ladder
[STDOUT  ] 2018-07-06T07:08:01.719305893Z: [    0.528771] cpuidle: using governor menu
[STDOUT  ] 2018-07-06T07:08:01.719316439Z: [    0.530423] ACPI: bus type PCI registered
[STDOUT  ] 2018-07-06T07:08:01.719325473Z: [    0.532848] PCI: MMCONFIG for domain 0000 [bus 00-ff] at [mem 0xb0000000-0xbfffffff] (base 0xb0000000)
[STDOUT  ] 2018-07-06T07:08:01.719334563Z: [    0.533608] PCI: MMCONFIG at [mem 0xb0000000-0xbfffffff] reserved in E820
[STDOUT  ] 2018-07-06T07:08:01.719343440Z: [    0.534538] PCI: Using configuration type 1 for base access
[STDOUT  ] 2018-07-06T07:08:01.719352837Z: [    0.572630] HugeTLB registered 2.00 MiB page size, pre-allocated 0 pages
[STDERR  ] 2018-07-06T07:08:01.719281290Z: [    0.992903] NetLabel:  protocols = UNLABELED CIPSOv4 CALIPSO
[STDOUT  ] 2018-07-06T07:08:01.719370443Z: [    0.583117] ACPI: Added _OSI(Module Device)
[STDOUT  ] 2018-07-06T07:08:01.719380049Z: [    0.583429] ACPI: Added _OSI(Processor Device)
[STDOUT  ] 2018-07-06T07:08:01.719389477Z: [    0.583698] ACPI: Added _OSI(3.0 _SCP Extensions)
[STDOUT  ] 2018-07-06T07:08:01.719404705Z: [    0.583928] ACPI: Added _OSI(Processor Aggregator Device)
[STDERR  ] 2018-07-06T07:08:01.719376311Z: [    0.994945] NetLabel:  unlabeled traffic allowed by default
[STDOUT  ] 2018-07-06T07:08:01.719417833Z: [    0.630773] ACPI: Interpreter enabled
[STDOUT  ] 2018-07-06T07:08:01.719432202Z: [    0.631526] ACPI: (supports S0 S5)
[STDOUT  ] 2018-07-06T07:08:01.719442012Z: [    0.631828] ACPI: Using IOAPIC for interrupt routing
[STDOUT  ] 2018-07-06T07:08:01.719451237Z: [    0.634076] PCI: Using host bridge windows from ACPI; if necessary, use "pci=nocrs" and report a bug
[STDOUT  ] 2018-07-06T07:08:01.719460250Z: [    0.637203] ACPI: Enabled 1 GPEs in block 00 to 3F
[STDOUT  ] 2018-07-06T07:08:01.719469397Z: [    0.683451] ACPI: PCI Root Bridge [PCI0] (domain 0000 [bus 00-ff])
[STDOUT  ] 2018-07-06T07:08:01.719478144Z: [    0.684340] acpi PNP0A08:00: _OSC: OS supports [ExtendedConfig ASPM ClockPM Segments MSI]
[STDOUT  ] 2018-07-06T07:08:01.719487300Z: [    0.688636] acpi PNP0A08:00: _OSC: OS now controls [PCIeHotplug PME PCIeCapability]
[STDOUT  ] 2018-07-06T07:08:01.719496217Z: [    0.693620] PCI host bridge to bus 0000:00
[STDOUT  ] 2018-07-06T07:08:01.719506006Z: [    0.694143] pci_bus 0000:00: root bus resource [io  0x0000-0x0cf7 window]
[STDOUT  ] 2018-07-06T07:08:01.719514657Z: [    0.694498] pci_bus 0000:00: root bus resource [io  0x0d00-0xffff window]
[STDERR  ] 2018-07-06T07:08:01.719415112Z: [    0.996360] HPET: 3 timers in total, 0 timers will be used for per-cpu timer
[STDOUT  ] 2018-07-06T07:08:01.719524880Z: [    0.694794] pci_bus 0000:00: root bus resource [mem 0x000a0000-0x000bffff window]
[STDERR  ] 2018-07-06T07:08:01.719528098Z: [    0.997031] hpet0: at MMIO 0xfed00000, IRQs 2, 8, 0
[STDERR  ] 2018-07-06T07:08:01.719567653Z: [    0.997329] hpet0: 3 comparators, 64-bit 100.000000 MHz counter
[STDERR  ] 2018-07-06T07:08:01.719584351Z: [    1.003519] clocksource: Switched to clocksource hpet
[STDERR  ] 2018-07-06T07:08:01.719618505Z: [    1.191236] VFS: Disk quotas dquot_6.6.0
[STDERR  ] 2018-07-06T07:08:01.719633231Z: [    1.191925] VFS: Dquot-cache hash table entries: 512 (order 0, 4096 bytes)
[STDERR  ] 2018-07-06T07:08:01.719646392Z: [    1.195209] FS-Cache: Loaded
[STDERR  ] 2018-07-06T07:08:01.719663185Z: [    1.201096] CacheFiles: Loaded
[STDERR  ] 2018-07-06T07:08:01.719684954Z: [    1.202050] pnp: PnP ACPI init
[STDERR  ] 2018-07-06T07:08:01.719699012Z: [    1.209700] pnp: PnP ACPI: found 5 devices
[STDERR  ] 2018-07-06T07:08:01.719712124Z: [    1.241305] clocksource: acpi_pm: mask: 0xffffff max_cycles: 0xffffff, max_idle_ns: 2085701024 ns
[STDERR  ] 2018-07-06T07:08:01.719726636Z: [    1.244569] NET: Registered protocol family 2
[STDERR  ] 2018-07-06T07:08:01.719739664Z: [    1.252052] TCP established hash table entries: 8192 (order: 4, 65536 bytes)
[STDERR  ] 2018-07-06T07:08:01.719757910Z: [    1.252890] TCP bind hash table entries: 8192 (order: 5, 131072 bytes)
[STDERR  ] 2018-07-06T07:08:01.719771459Z: [    1.253907] TCP: Hash tables configured (established 8192 bind 8192)
[STDERR  ] 2018-07-06T07:08:01.719784748Z: [    1.255937] UDP hash table entries: 512 (order: 2, 16384 bytes)
[STDERR  ] 2018-07-06T07:08:01.719798725Z: [    1.256519] UDP-Lite hash table entries: 512 (order: 2, 16384 bytes)
[STDERR  ] 2018-07-06T07:08:01.719814153Z: [    1.258888] NET: Registered protocol family 1
[STDERR  ] 2018-07-06T07:08:01.719826942Z: [    1.259915] pci 0000:00:01.0: Video device with shadowed ROM at [mem 0x000c0000-0x000dffff]
[STDOUT  ] 2018-07-06T07:08:01.719534050Z: [    0.695141] pci_bus 0000:00: root bus resource [mem 0xc0000000-0xfebfffff window]
[STDERR  ] 2018-07-06T07:08:01.719840170Z: [    1.265846] Trying to unpack rootfs image as initramfs...
[STDERR  ] 2018-07-06T07:08:01.719888799Z: [    7.002365] Freeing initrd memory: 35744K
[STDOUT  ] 2018-07-06T07:08:01.719860737Z: [    0.695647] pci_bus 0000:00: root bus resource [bus 00-ff]
[STDERR  ] 2018-07-06T07:08:01.719902529Z: [    7.030539] PCLMULQDQ-NI instructions are not detected.
[STDERR  ] 2018-07-06T07:08:01.719922852Z: [    7.032188] AVX or AES-NI instructions are not detected.
[STDERR  ] 2018-07-06T07:08:01.719936749Z: [    7.032661] CPU feature 'AVX registers' is not supported.
[STDERR  ] 2018-07-06T07:08:01.719949998Z: [    7.033022] CPU feature 'AVX registers' is not supported.
[STDERR  ] 2018-07-06T07:08:01.719963463Z: [    7.033277] CPU feature 'AVX registers' is not supported.
[STDERR  ] 2018-07-06T07:08:01.719976387Z: [    7.033624] CPU feature 'AVX registers' is not supported.
[STDERR  ] 2018-07-06T07:08:01.719988928Z: [    7.033940] AVX2 or AES-NI instructions are not detected.
[STDERR  ] 2018-07-06T07:08:01.720001400Z: [    7.034318] AVX2 instructions are not detected.
[STDERR  ] 2018-07-06T07:08:01.720014965Z: [    7.039393] audit: initializing netlink subsys (disabled)
[STDERR  ] 2018-07-06T07:08:01.720030033Z: [    7.042931] audit: type=2000 audit(1530860844.040:1): state=initialized audit_enabled=0 res=1
[STDERR  ] 2018-07-06T07:08:01.720044317Z: [    7.047732] workingset: timestamp_bits=46 max_order=18 bucket_order=0
[STDERR  ] 2018-07-06T07:08:01.720057215Z: [    7.052386] squashfs: version 4.0 (2009/01/31) Phillip Lougher
[STDERR  ] 2018-07-06T07:08:01.720070455Z: [    7.054683] FS-Cache: Netfs 'cifs' registered for caching
[STDERR  ] 2018-07-06T07:08:01.720083129Z: [    7.055380] fuse init (API version 7.26)
[STDERR  ] 2018-07-06T07:08:01.720096639Z: [    7.057296] SGI XFS with ACLs, security attributes, no debug enabled
[STDERR  ] 2018-07-06T07:08:01.720110156Z: [    7.060789] 9p: Installing v9fs 9p2000 file system support
[STDERR  ] 2018-07-06T07:08:01.720122826Z: [    7.061255] FS-Cache: Netfs '9p' registered for caching
[STDERR  ] 2018-07-06T07:08:01.720140679Z: [    7.102005] NET: Registered protocol family 38
[STDERR  ] 2018-07-06T07:08:01.720155059Z: [    7.102005] Key type asymmetric registered
[STDERR  ] 2018-07-06T07:08:01.720169285Z: [    7.102005] Asymmetric key parser 'x509' registered
[STDERR  ] 2018-07-06T07:08:01.720183094Z: [    7.104990] Block layer SCSI generic (bsg) driver version 0.4 loaded (major 247)
[STDERR  ] 2018-07-06T07:08:01.720195914Z: [    7.106626] io scheduler noop registered
[STDERR  ] 2018-07-06T07:08:01.720208566Z: [    7.106931] io scheduler deadline registered (default)
[STDERR  ] 2018-07-06T07:08:01.720225098Z: [    7.107762] io scheduler cfq registered
[STDERR  ] 2018-07-06T07:08:01.720238544Z: [    7.108037] io scheduler mq-deadline registered
[STDERR  ] 2018-07-06T07:08:01.720251798Z: [    7.108303] io scheduler kyber registered
[STDERR  ] 2018-07-06T07:08:01.720265716Z: [    7.112391] shpchp: Standard Hot Plug PCI Controller Driver version: 0.4
[STDERR  ] 2018-07-06T07:08:01.720279382Z: [    7.113023] hv_vmbus: registering driver hyperv_fb
[STDOUT  ] 2018-07-06T07:08:01.719910401Z: [    0.861874] pci 0000:00:1f.0: quirk: [io  0x0600-0x067f] claimed by ICH6 ACPI/GPIO/TCO
[STDOUT  ] 2018-07-06T07:08:01.720291173Z: [    0.947128] ACPI: PCI Interrupt Link [LNKA] (IRQs 5 *10 11)
[STDERR  ] 2018-07-06T07:08:01.720293339Z: [    7.116296] input: Power Button as /devices/LNXSYSTM:00/LNXPWRBN:00/input/input0
[STDERR  ] 2018-07-06T07:08:01.720306248Z: [    7.119396] ACPI: Power Button [PWRF]
[STDERR  ] 2018-07-06T07:08:01.720320071Z: [    7.134772] ACPI: PCI Interrupt Link [GSIG] enabled at IRQ 22
[STDERR  ] 2018-07-06T07:08:01.720335502Z: [    7.146970] ACPI: PCI Interrupt Link [GSIH] enabled at IRQ 23
[STDERR  ] 2018-07-06T07:08:01.720350981Z: [    7.154261] Serial: 8250/16550 driver, 4 ports, IRQ sharing disabled
[STDOUT  ] 2018-07-06T07:08:01.720302509Z: [    0.952073] ACPI: PCI Interrupt Link [LNKB] (IRQs 5 *10 11)
[STDERR  ] 2018-07-06T07:08:01.720366674Z: [    7.178787] 00:04: ttyS0 at I/O 0x3f8 (irq = 4, base_baud = 115200) is a 16550A
[STDOUT  ] 2018-07-06T07:08:01.720380806Z: [    0.953723] ACPI: PCI Interrupt Link [LNKC] (IRQs 5 10 *11)
[STDERR  ] 2018-07-06T07:08:01.720383029Z: [    7.189194] Non-volatile memory driver v1.3
[STDERR  ] 2018-07-06T07:08:01.720395032Z: [    7.197099] Hangcheck: starting hangcheck timer 0.9.1 (tick is 180 seconds, margin is 60 seconds).
[STDERR  ] 2018-07-06T07:08:01.720421560Z: [    7.211549] random: fast init done
[STDERR  ] 2018-07-06T07:08:01.720435194Z: [    7.212995] random: crng init done
[STDERR  ] 2018-07-06T07:08:01.720448878Z: [    7.269233] brd: module loaded
[STDERR  ] 2018-07-06T07:08:01.720462487Z: [    7.301820] loop: module loaded
[STDERR  ] 2018-07-06T07:08:01.720475978Z: [    7.365506] lpc_ich 0000:00:1f.0: I/O space for GPIO uninitialized
[STDERR  ] 2018-07-06T07:08:01.720489091Z: [    7.367477] VMware PVSCSI driver - version 1.0.7.0-k
[STDERR  ] 2018-07-06T07:08:01.720503023Z: [    7.368176] hv_vmbus: registering driver hv_storvsc
[STDERR  ] 2018-07-06T07:08:01.720516167Z: [    7.374653] ACPI: PCI Interrupt Link [GSIA] enabled at IRQ 16
[STDERR  ] 2018-07-06T07:08:01.720529199Z: [    7.380906] ahci 0000:00:1f.2: AHCI 0001.0000 32 slots 6 ports 1.5 Gbps 0x3f impl SATA mode
[STDERR  ] 2018-07-06T07:08:01.720545028Z: [    7.381682] ahci 0000:00:1f.2: flags: 64bit ncq only 
[STDERR  ] 2018-07-06T07:08:01.720560619Z: [    7.400314] scsi host0: ahci
[STDERR  ] 2018-07-06T07:08:01.720573095Z: [    7.404062] scsi host1: ahci
[STDOUT  ] 2018-07-06T07:08:01.720390502Z: [    0.955093] ACPI: PCI Interrupt Link [LNKD] (IRQs 5 10 *11)
[STDERR  ] 2018-07-06T07:08:01.720586395Z: [    7.405823] scsi host2: ahci
[STDERR  ] 2018-07-06T07:08:01.720599524Z: [    7.407220] scsi host3: ahci
[STDERR  ] 2018-07-06T07:08:01.720612954Z: [    7.408860] scsi host4: ahci
[STDERR  ] 2018-07-06T07:08:01.720626325Z: [    7.410303] scsi host5: ahci
[STDERR  ] 2018-07-06T07:08:01.720646998Z: [    7.411536] ata1: SATA max UDMA/133 abar m4096@0xfebd2000 port 0xfebd2100 irq 24
[STDERR  ] 2018-07-06T07:08:01.720660289Z: [    7.411942] ata2: SATA max UDMA/133 abar m4096@0xfebd2000 port 0xfebd2180 irq 24
[STDOUT  ] 2018-07-06T07:08:01.720598163Z: [    0.956276] ACPI: PCI Interrupt Link [LNKE] (IRQs 5 *10 11)
[STDOUT  ] 2018-07-06T07:08:01.720681848Z: [    0.957406] ACPI: PCI Interrupt Link [LNKF] (IRQs 5 *10 11)
[STDOUT  ] 2018-07-06T07:08:01.720696453Z: [    0.958572] ACPI: PCI Interrupt Link [LNKG] (IRQs 5 10 *11)
[STDOUT  ] 2018-07-06T07:08:01.720704961Z: [    0.959683] ACPI: PCI Interrupt Link [LNKH] (IRQs 5 10 *11)
[STDOUT  ] 2018-07-06T07:08:01.720713462Z: [    0.960382] ACPI: PCI Interrupt Link [GSIA] (IRQs *16)
[STDOUT  ] 2018-07-06T07:08:01.720722656Z: [    0.960893] ACPI: PCI Interrupt Link [GSIB] (IRQs *17)
[STDOUT  ] 2018-07-06T07:08:01.720732062Z: [    0.961363] ACPI: PCI Interrupt Link [GSIC] (IRQs *18)
[STDOUT  ] 2018-07-06T07:08:01.720778214Z: [    0.961849] ACPI: PCI Interrupt Link [GSID] (IRQs *19)
[STDOUT  ] 2018-07-06T07:08:01.720791892Z: [    0.962387] ACPI: PCI Interrupt Link [GSIE] (IRQs *20)
[STDOUT  ] 2018-07-06T07:08:01.720800296Z: [    0.962903] ACPI: PCI Interrupt Link [GSIF] (IRQs *21)
[STDOUT  ] 2018-07-06T07:08:01.720810158Z: [    0.963435] ACPI: PCI Interrupt Link [GSIG] (IRQs *22)
[STDOUT  ] 2018-07-06T07:08:01.720829539Z: [    0.963944] ACPI: PCI Interrupt Link [GSIH] (IRQs *23)
[STDOUT  ] 2018-07-06T07:08:01.720838862Z: [    0.970834] SCSI subsystem initialized
[STDOUT  ] 2018-07-06T07:08:01.720847560Z: [    0.973116] ACPI: bus type USB registered
[STDOUT  ] 2018-07-06T07:08:01.720856174Z: [    0.974025] usbcore: registered new interface driver usbfs
[STDOUT  ] 2018-07-06T07:08:01.720871573Z: [    0.974868] usbcore: registered new interface driver hub
[STDOUT  ] 2018-07-06T07:08:01.720880621Z: [    0.975678] usbcore: registered new device driver usb
[STDOUT  ] 2018-07-06T07:08:01.720889371Z: [    0.976491] pps_core: LinuxPPS API ver. 1 registered
[STDOUT  ] 2018-07-06T07:08:01.720912937Z: [    0.976791] pps_core: Software ver. 5.3.6 - Copyright 2005-2007 Rodolfo Giometti <giometti@linux.it>
[STDERR  ] 2018-07-06T07:08:01.720678154Z: [    7.412333] ata3: SATA max UDMA/133 abar m4096@0xfebd2000 port 0xfebd2200 irq 24
[STDERR  ] 2018-07-06T07:08:01.720932469Z: [    7.412681] ata4: SATA max UDMA/133 abar m4096@0xfebd2000 port 0xfebd2280 irq 24
[STDERR  ] 2018-07-06T07:08:01.720952723Z: [    7.413005] ata5: SATA max UDMA/133 abar m4096@0xfebd2000 port 0xfebd2300 irq 24
[STDERR  ] 2018-07-06T07:08:01.720971332Z: [    7.413348] ata6: SATA max UDMA/133 abar m4096@0xfebd2000 port 0xfebd2380 irq 24
[STDERR  ] 2018-07-06T07:08:01.720985392Z: [    7.422777] tun: Universal TUN/TAP device driver, 1.6
[STDERR  ] 2018-07-06T07:08:01.720998376Z: [    7.434182] VMware vmxnet3 virtual NIC driver - version 1.4.a.0-k-NAPI
[STDERR  ] 2018-07-06T07:08:01.721011722Z: [    7.435036] hv_vmbus: registering driver hv_netvsc
[STDERR  ] 2018-07-06T07:08:01.721025920Z: [    7.435341] Fusion MPT base driver 3.04.20
[STDERR  ] 2018-07-06T07:08:01.721038518Z: [    7.435580] Copyright (c) 1999-2008 LSI Corporation
[STDERR  ] 2018-07-06T07:08:01.721051694Z: [    7.436106] Fusion MPT SPI Host driver 3.04.20
[STDERR  ] 2018-07-06T07:08:01.721065875Z: [    7.438455] i8042: PNP: PS/2 Controller [PNP0303:KBD,PNP0f13:MOU] at 0x60,0x64 irq 1,12
[STDERR  ] 2018-07-06T07:08:01.721080429Z: [    7.444243] serio: i8042 KBD port at 0x60,0x64 irq 1
[STDOUT  ] 2018-07-06T07:08:01.720924838Z: [    0.977377] PTP clock support registered
[STDOUT  ] 2018-07-06T07:08:01.721102372Z: [    0.979421] PCI: Using ACPI for IRQ routing
[STDOUT  ] 2018-07-06T07:08:01.721112476Z: [    0.992445] NetLabel: Initializing
[STDOUT  ] 2018-07-06T07:08:01.721121573Z: [    0.992636] NetLabel:  domain hash size = 128
[STDOUT  ] 2018-07-06T07:08:01.721130064Z: [    0.992903] NetLabel:  protocols = UNLABELED CIPSOv4 CALIPSO
[STDOUT  ] 2018-07-06T07:08:01.721139522Z: [    0.994945] NetLabel:  unlabeled traffic allowed by default
[STDOUT  ] 2018-07-06T07:08:01.721191797Z: [    0.996360] HPET: 3 timers in total, 0 timers will be used for per-cpu timer
[STDOUT  ] 2018-07-06T07:08:01.721201571Z: [    0.997031] hpet0: at MMIO 0xfed00000, IRQs 2, 8, 0
[STDOUT  ] 2018-07-06T07:08:01.721215554Z: [    0.997329] hpet0: 3 comparators, 64-bit 100.000000 MHz counter
[STDOUT  ] 2018-07-06T07:08:01.721235527Z: [    1.003519] clocksource: Switched to clocksource hpet
[STDOUT  ] 2018-07-06T07:08:01.721245878Z: [    1.191236] VFS: Disk quotas dquot_6.6.0
[STDOUT  ] 2018-07-06T07:08:01.721255212Z: [    1.191925] VFS: Dquot-cache hash table entries: 512 (order 0, 4096 bytes)
[STDOUT  ] 2018-07-06T07:08:01.721276769Z: [    1.195209] FS-Cache: Loaded
[STDOUT  ] 2018-07-06T07:08:01.721285246Z: [    1.201096] CacheFiles: Loaded
[STDOUT  ] 2018-07-06T07:08:01.721293878Z: [    1.202050] pnp: PnP ACPI init
[STDOUT  ] 2018-07-06T07:08:01.721311536Z: [    1.209700] pnp: PnP ACPI: found 5 devices
[STDOUT  ] 2018-07-06T07:08:01.721320250Z: [    1.241305] clocksource: acpi_pm: mask: 0xffffff max_cycles: 0xffffff, max_idle_ns: 2085701024 ns
[STDOUT  ] 2018-07-06T07:08:01.721330004Z: [    1.244569] NET: Registered protocol family 2
[STDOUT  ] 2018-07-06T07:08:01.721339328Z: [    1.252052] TCP established hash table entries: 8192 (order: 4, 65536 bytes)
[STDOUT  ] 2018-07-06T07:08:01.721351420Z: [    1.252890] TCP bind hash table entries: 8192 (order: 5, 131072 bytes)
[STDOUT  ] 2018-07-06T07:08:01.721378531Z: [    1.253907] TCP: Hash tables configured (established 8192 bind 8192)
[STDOUT  ] 2018-07-06T07:08:01.721397042Z: [    1.255937] UDP hash table entries: 512 (order: 2, 16384 bytes)
[STDOUT  ] 2018-07-06T07:08:01.721406464Z: [    1.256519] UDP-Lite hash table entries: 512 (order: 2, 16384 bytes)
[STDOUT  ] 2018-07-06T07:08:01.721415101Z: [    1.258888] NET: Registered protocol family 1
[STDOUT  ] 2018-07-06T07:08:01.721424132Z: [    1.259915] pci 0000:00:01.0: Video device with shadowed ROM at [mem 0x000c0000-0x000dffff]
[STDOUT  ] 2018-07-06T07:08:01.721436109Z: [    1.265846] Trying to unpack rootfs image as initramfs...
[STDOUT  ] 2018-07-06T07:08:01.721458863Z: [    7.002365] Freeing initrd memory: 35744K
[STDOUT  ] 2018-07-06T07:08:01.721474163Z: [    7.030539] PCLMULQDQ-NI instructions are not detected.
[STDOUT  ] 2018-07-06T07:08:01.721493443Z: [    7.032188] AVX or AES-NI instructions are not detected.
[STDOUT  ] 2018-07-06T07:08:01.721502240Z: [    7.032661] CPU feature 'AVX registers' is not supported.
[STDOUT  ] 2018-07-06T07:08:01.721510664Z: [    7.033022] CPU feature 'AVX registers' is not supported.
[STDOUT  ] 2018-07-06T07:08:01.721538221Z: [    7.033277] CPU feature 'AVX registers' is not supported.
[STDOUT  ] 2018-07-06T07:08:01.721547175Z: [    7.033624] CPU feature 'AVX registers' is not supported.
[STDOUT  ] 2018-07-06T07:08:01.721557230Z: [    7.033940] AVX2 or AES-NI instructions are not detected.
[STDOUT  ] 2018-07-06T07:08:01.721565757Z: [    7.034318] AVX2 instructions are not detected.
[STDOUT  ] 2018-07-06T07:08:01.721576010Z: [    7.039393] audit: initializing netlink subsys (disabled)
[STDOUT  ] 2018-07-06T07:08:01.721585189Z: [    7.042931] audit: type=2000 audit(1530860844.040:1): state=initialized audit_enabled=0 res=1
[STDOUT  ] 2018-07-06T07:08:01.721593888Z: [    7.047732] workingset: timestamp_bits=46 max_order=18 bucket_order=0
[STDOUT  ] 2018-07-06T07:08:01.721609976Z: [    7.052386] squashfs: version 4.0 (2009/01/31) Phillip Lougher
[STDOUT  ] 2018-07-06T07:08:01.721618423Z: [    7.054683] FS-Cache: Netfs 'cifs' registered for caching
[STDOUT  ] 2018-07-06T07:08:01.721626696Z: [    7.055380] fuse init (API version 7.26)
[STDOUT  ] 2018-07-06T07:08:01.721635761Z: [    7.057296] SGI XFS with ACLs, security attributes, no debug enabled
[STDOUT  ] 2018-07-06T07:08:01.721643705Z: [    7.060789] 9p: Installing v9fs 9p2000 file system support
[STDOUT  ] 2018-07-06T07:08:01.721652062Z: [    7.061255] FS-Cache: Netfs '9p' registered for caching
[STDOUT  ] 2018-07-06T07:08:01.721661539Z: [    7.102005] NET: Registered protocol family 38
[STDOUT  ] 2018-07-06T07:08:01.721670369Z: [    7.102005] Key type asymmetric registered
[STDOUT  ] 2018-07-06T07:08:01.721680510Z: [    7.102005] Asymmetric key parser 'x509' registered
[STDOUT  ] 2018-07-06T07:08:01.721697649Z: [    7.104990] Block layer SCSI generic (bsg) driver version 0.4 loaded (major 247)
[STDOUT  ] 2018-07-06T07:08:01.721706488Z: [    7.106626] io scheduler noop registered
[STDOUT  ] 2018-07-06T07:08:01.721715707Z: [    7.106931] io scheduler deadline registered (default)
[STDOUT  ] 2018-07-06T07:08:01.721724777Z: [    7.107762] io scheduler cfq registered
[STDOUT  ] 2018-07-06T07:08:01.721733657Z: [    7.108037] io scheduler mq-deadline registered
[STDERR  ] 2018-07-06T07:08:01.721095009Z: [    7.444909] serio: i8042 AUX port at 0x60,0x64 irq 12
[STDERR  ] 2018-07-06T07:08:01.721765359Z: [    7.446872] hv_vmbus: registering driver hyperv_keyboard
[STDERR  ] 2018-07-06T07:08:01.721778259Z: [    7.448867] mousedev: PS/2 mouse device common for all mice
[STDERR  ] 2018-07-06T07:08:01.721793405Z: [    7.453674] input: AT Translated Set 2 keyboard as /devices/platform/i8042/serio0/input/input1
[STDERR  ] 2018-07-06T07:08:01.721821036Z: [    7.455757] input: PC Speaker as /devices/platform/pcspkr/input/input2
[STDERR  ] 2018-07-06T07:08:01.721835806Z: [    7.459804] rtc_cmos 00:00: RTC can wake from S4
[STDERR  ] 2018-07-06T07:08:01.721853406Z: [    7.463800] rtc_cmos 00:00: rtc core: registered rtc_cmos as rtc0
[STDERR  ] 2018-07-06T07:08:01.721866933Z: [    7.464741] rtc_cmos 00:00: alarms up to one day, y3k, 114 bytes nvram, hpet irqs
[STDERR  ] 2018-07-06T07:08:01.721883380Z: [    7.465367] i2c /dev entries driver
[STDERR  ] 2018-07-06T07:08:01.721906901Z: [    7.467571] device-mapper: ioctl: 4.37.0-ioctl (2017-09-20) initialised: dm-devel@redhat.com
[STDERR  ] 2018-07-06T07:08:01.721919966Z: [    7.471925] usbcore: registered new interface driver usbhid
[STDERR  ] 2018-07-06T07:08:01.721933408Z: [    7.472261] usbhid: USB HID core driver
[STDERR  ] 2018-07-06T07:08:01.721946906Z: [    7.472972] hv_utils: Registering HyperV Utility Driver
[STDERR  ] 2018-07-06T07:08:01.721959730Z: [    7.473295] hv_vmbus: registering driver hv_util
[STDERR  ] 2018-07-06T07:08:01.721985713Z: [    7.473519] hv_vmbus: registering driver hv_balloon
[STDERR  ] 2018-07-06T07:08:01.721998655Z: [    7.474016] oprofile: using NMI interrupt.
[STDERR  ] 2018-07-06T07:08:01.722011352Z: [    7.475054] GACT probability on
[STDERR  ] 2018-07-06T07:08:01.722024945Z: [    7.475364] Mirror/redirect action on
[STDERR  ] 2018-07-06T07:08:01.722044102Z: [    7.475885] Simple TC action Loaded
[STDERR  ] 2018-07-06T07:08:01.722071554Z: [    7.476377] u32 classifier
[STDERR  ] 2018-07-06T07:08:01.722084598Z: [    7.476520]     Performance counters on
[STDERR  ] 2018-07-06T07:08:01.722100363Z: [    7.476708]     input device check on
[STDERR  ] 2018-07-06T07:08:01.722114115Z: [    7.476883]     Actions configured
[STDOUT  ] 2018-07-06T07:08:01.721742855Z: [    7.108303] io scheduler kyber registered
[STDOUT  ] 2018-07-06T07:08:01.722143356Z: [    7.112391] shpchp: Standard Hot Plug PCI Controller Driver version: 0.4
[STDERR  ] 2018-07-06T07:08:01.722138718Z: [    7.477540] Netfilter messages via NETLINK v0.30.
[STDOUT  ] 2018-07-06T07:08:01.722154186Z: [    7.113023] hv_vmbus: registering driver hyperv_fb
[STDERR  ] 2018-07-06T07:08:01.722151830Z: [    7.478011] nfnl_acct: registering with nfnetlink.
[STDERR  ] 2018-07-06T07:08:01.722164494Z: [    7.479391] nf_conntrack version 0.5.0 (8192 buckets, 32768 max)
[STDOUT  ] 2018-07-06T07:08:01.722164007Z: [    7.116296] input: Power Button as /devices/LNXSYSTM:00/LNXPWRBN:00/input/input0
[STDERR  ] 2018-07-06T07:08:01.722176679Z: [    7.481820] ctnetlink v0.93: registering with nfnetlink.
[STDOUT  ] 2018-07-06T07:08:01.722182333Z: [    7.119396] ACPI: Power Button [PWRF]
[STDOUT  ] 2018-07-06T07:08:01.722198802Z: [    7.134772] ACPI: PCI Interrupt Link [GSIG] enabled at IRQ 22
[STDERR  ] 2018-07-06T07:08:01.722189062Z: [    7.484499] nf_tables: (c) 2007-2009 Patrick McHardy <kaber@trash.net>
[STDOUT  ] 2018-07-06T07:08:01.722209233Z: [    7.146970] ACPI: PCI Interrupt Link [GSIH] enabled at IRQ 23
[STDOUT  ] 2018-07-06T07:08:01.722220521Z: [    7.154261] Serial: 8250/16550 driver, 4 ports, IRQ sharing disabled
[STDOUT  ] 2018-07-06T07:08:01.722239227Z: [    7.178787] 00:04: ttyS0 at I/O 0x3f8 (irq = 4, base_baud = 115200) is a 16550A
[STDOUT  ] 2018-07-06T07:08:01.722249094Z: [    7.189194] Non-volatile memory driver v1.3
[STDOUT  ] 2018-07-06T07:08:01.722264710Z: [    7.197099] Hangcheck: starting hangcheck timer 0.9.1 (tick is 180 seconds, margin is 60 seconds).
[STDOUT  ] 2018-07-06T07:08:01.722274224Z: [    7.211549] random: fast init done
[STDOUT  ] 2018-07-06T07:08:01.722283059Z: [    7.212995] random: crng init done
[STDERR  ] 2018-07-06T07:08:01.722225959Z: [    7.485372] nf_tables_compat: (c) 2012 Pablo Neira Ayuso <pablo@netfilter.org>
[STDERR  ] 2018-07-06T07:08:01.722304049Z: [    7.487481] xt_time: kernel timezone is -0000
[STDERR  ] 2018-07-06T07:08:01.722316363Z: [    7.488048] ip_set: protocol 6
[STDERR  ] 2018-07-06T07:08:01.722329266Z: [    7.488741] IPVS: Registered protocols (TCP, UDP, SCTP, AH, ESP)
[STDERR  ] 2018-07-06T07:08:01.722342674Z: [    7.489313] IPVS: Connection hash table configured (size=4096, memory=64Kbytes)
[STDERR  ] 2018-07-06T07:08:01.722355081Z: [    7.493481] IPVS: ipvs loaded.
[STDERR  ] 2018-07-06T07:08:01.722383038Z: [    7.493820] IPVS: [rr] scheduler registered.
[STDERR  ] 2018-07-06T07:08:01.722405249Z: [    7.494095] IPVS: [wrr] scheduler registered.
[STDERR  ] 2018-07-06T07:08:01.722419167Z: [    7.494304] IPVS: [lc] scheduler registered.
[STDERR  ] 2018-07-06T07:08:01.722432638Z: [    7.494528] IPVS: [wlc] scheduler registered.
[STDERR  ] 2018-07-06T07:08:01.722457463Z: [    7.494757] IPVS: [fo] scheduler registered.
[STDERR  ] 2018-07-06T07:08:01.722470192Z: [    7.494968] IPVS: [ovf] scheduler registered.
[STDERR  ] 2018-07-06T07:08:01.722485566Z: [    7.495349] IPVS: [lblc] scheduler registered.
[STDERR  ] 2018-07-06T07:08:01.722498603Z: [    7.495602] IPVS: [lblcr] scheduler registered.
[STDERR  ] 2018-07-06T07:08:01.722511600Z: [    7.495720] IPVS: [dh] scheduler registered.
[STDERR  ] 2018-07-06T07:08:01.722539364Z: [    7.495810] IPVS: [sh] scheduler registered.
[STDERR  ] 2018-07-06T07:08:01.722552391Z: [    7.495900] IPVS: [sed] scheduler registered.
[STDERR  ] 2018-07-06T07:08:01.722565242Z: [    7.495989] IPVS: [nq] scheduler registered.
[STDERR  ] 2018-07-06T07:08:01.722577957Z: [    7.496713] IPVS: ftp: loaded support on port[0] = 21
[STDERR  ] 2018-07-06T07:08:01.722595144Z: [    7.497402] ipip: IPv4 and MPLS over IPv4 tunneling driver
[STDOUT  ] 2018-07-06T07:08:01.722419171Z: [    7.269233] brd: module loaded
[STDERR  ] 2018-07-06T07:08:01.722608412Z: [    7.501498] gre: GRE over IPv4 demultiplexor driver
[STDOUT  ] 2018-07-06T07:08:01.722628113Z: [    7.301820] loop: module loaded
[STDOUT  ] 2018-07-06T07:08:01.722637935Z: [    7.365506] lpc_ich 0000:00:1f.0: I/O space for GPIO uninitialized
[STDOUT  ] 2018-07-06T07:08:01.722652107Z: [    7.367477] VMware PVSCSI driver - version 1.0.7.0-k
[STDOUT  ] 2018-07-06T07:08:01.722663962Z: [    7.368176] hv_vmbus: registering driver hv_storvsc
[STDOUT  ] 2018-07-06T07:08:01.722673003Z: [    7.374653] ACPI: PCI Interrupt Link [GSIA] enabled at IRQ 16
[STDOUT  ] 2018-07-06T07:08:01.722687572Z: [    7.380906] ahci 0000:00:1f.2: AHCI 0001.0000 32 slots 6 ports 1.5 Gbps 0x3f impl SATA mode
[STDOUT  ] 2018-07-06T07:08:01.722697703Z: [    7.381682] ahci 0000:00:1f.2: flags: 64bit ncq only 
[STDOUT  ] 2018-07-06T07:08:01.722706746Z: [    7.400314] scsi host0: ahci
[STDERR  ] 2018-07-06T07:08:01.722632729Z: [    7.504453] ip_tables: (C) 2000-2006 Netfilter Core Team
[STDERR  ] 2018-07-06T07:08:01.722722566Z: [    7.507642] ipt_CLUSTERIP: ClusterIP Version 0.8 loaded successfully
[STDERR  ] 2018-07-06T07:08:01.722736113Z: [    7.508299] arp_tables: arp_tables: (C) 2002 David S. Miller
[STDERR  ] 2018-07-06T07:08:01.722748871Z: [    7.510921] NET: Registered protocol family 10
[STDERR  ] 2018-07-06T07:08:01.722762246Z: [    7.519846] Segment Routing with IPv6
[STDERR  ] 2018-07-06T07:08:01.722784048Z: [    7.521049] ip6_tables: (C) 2000-2006 Netfilter Core Team
[STDERR  ] 2018-07-06T07:08:01.722799046Z: [    7.527437] NET: Registered protocol family 17
[STDERR  ] 2018-07-06T07:08:01.722819534Z: [    7.528576] Bridge firewalling registered
[STDERR  ] 2018-07-06T07:08:01.722832332Z: [    7.528982] Ebtables v2.0 registered
[STDERR  ] 2018-07-06T07:08:01.722845776Z: [    7.531354] 8021q: 802.1Q VLAN Support v1.8
[STDOUT  ] 2018-07-06T07:08:01.722715933Z: [    7.404062] scsi host1: ahci
[STDOUT  ] 2018-07-06T07:08:01.722877622Z: [    7.405823] scsi host2: ahci
[STDOUT  ] 2018-07-06T07:08:01.722886021Z: [    7.407220] scsi host3: ahci
[STDOUT  ] 2018-07-06T07:08:01.722895213Z: [    7.408860] scsi host4: ahci
[STDOUT  ] 2018-07-06T07:08:01.722910347Z: [    7.410303] scsi host5: ahci
[STDOUT  ] 2018-07-06T07:08:01.722925685Z: [    7.411536] ata1: SATA max UDMA/133 abar m4096@0xfebd2000 port 0xfebd2100 irq 24
[STDERR  ] 2018-07-06T07:08:01.722858903Z: [    7.532739] 9pnet: Installing 9P2000 support
[STDOUT  ] 2018-07-06T07:08:01.722935325Z: [    7.411942] ata2: SATA max UDMA/133 abar m4096@0xfebd2000 port 0xfebd2180 irq 24
[STDERR  ] 2018-07-06T07:08:01.722942556Z: [    7.534173] Key type dns_resolver registered
[STDERR  ] 2018-07-06T07:08:01.722956713Z: [    7.535420] sched_clock: Marking stable (7530252120, 0)->(7649694195, -119442075)
[STDERR  ] 2018-07-06T07:08:01.722969435Z: [    7.538239] registered taskstats version 1
[STDERR  ] 2018-07-06T07:08:01.722982381Z: [    7.743466] ata1: SATA link up 1.5 Gbps (SStatus 113 SControl 300)
[STDERR  ] 2018-07-06T07:08:01.722995624Z: [    7.749257] ata1.00: ATA-7: QEMU HARDDISK, 2.5+, max UDMA/100
[STDERR  ] 2018-07-06T07:08:01.723009384Z: [    7.749668] ata1.00: 1048576 sectors, multi 16: LBA48 NCQ (depth 31/32)
[STDERR  ] 2018-07-06T07:08:01.723020688Z: [    7.750639] ata1.00: applying bridge limits
[STDERR  ] 2018-07-06T07:08:01.723031374Z: [    7.752041] ata4: SATA link down (SStatus 0 SControl 300)
[STDERR  ] 2018-07-06T07:08:01.723042698Z: [    7.753796] ata2: SATA link down (SStatus 0 SControl 300)
[STDERR  ] 2018-07-06T07:08:01.723056121Z: [    7.754284] ata3: SATA link up 1.5 Gbps (SStatus 113 SControl 300)
[STDERR  ] 2018-07-06T07:08:01.723069273Z: [    7.755010] ata3.00: ATAPI: QEMU DVD-ROM, 2.5+, max UDMA/100
[STDOUT  ] 2018-07-06T07:08:01.722944364Z: [    7.412333] ata3: SATA max UDMA/133 abar m4096@0xfebd2000 port 0xfebd2200 irq 24
[STDOUT  ] 2018-07-06T07:08:01.723102988Z: [    7.412681] ata4: SATA max UDMA/133 abar m4096@0xfebd2000 port 0xfebd2280 irq 24
[STDOUT  ] 2018-07-06T07:08:01.723112783Z: [    7.413005] ata5: SATA max UDMA/133 abar m4096@0xfebd2000 port 0xfebd2300 irq 24
[STDOUT  ] 2018-07-06T07:08:01.723130728Z: [    7.413348] ata6: SATA max UDMA/133 abar m4096@0xfebd2000 port 0xfebd2380 irq 24
[STDOUT  ] 2018-07-06T07:08:01.723139669Z: [    7.422777] tun: Universal TUN/TAP device driver, 1.6
[STDOUT  ] 2018-07-06T07:08:01.723149727Z: [    7.434182] VMware vmxnet3 virtual NIC driver - version 1.4.a.0-k-NAPI
[STDOUT  ] 2018-07-06T07:08:01.723159014Z: [    7.435036] hv_vmbus: registering driver hv_netvsc
[STDOUT  ] 2018-07-06T07:08:01.723170487Z: [    7.435341] Fusion MPT base driver 3.04.20
[STDOUT  ] 2018-07-06T07:08:01.723179245Z: [    7.435580] Copyright (c) 1999-2008 LSI Corporation
[STDOUT  ] 2018-07-06T07:08:01.723190643Z: [    7.436106] Fusion MPT SPI Host driver 3.04.20
[STDOUT  ] 2018-07-06T07:08:01.723207246Z: [    7.438455] i8042: PNP: PS/2 Controller [PNP0303:KBD,PNP0f13:MOU] at 0x60,0x64 irq 1,12
[STDOUT  ] 2018-07-06T07:08:01.723215913Z: [    7.444243] serio: i8042 KBD port at 0x60,0x64 irq 1
[STDOUT  ] 2018-07-06T07:08:01.723224718Z: [    7.444909] serio: i8042 AUX port at 0x60,0x64 irq 12
[STDOUT  ] 2018-07-06T07:08:01.723242911Z: [    7.446872] hv_vmbus: registering driver hyperv_keyboard
[STDOUT  ] 2018-07-06T07:08:01.723258987Z: [    7.448867] mousedev: PS/2 mouse device common for all mice
[STDOUT  ] 2018-07-06T07:08:01.723267374Z: [    7.453674] input: AT Translated Set 2 keyboard as /devices/platform/i8042/serio0/input/input1
[STDOUT  ] 2018-07-06T07:08:01.723276991Z: [    7.455757] input: PC Speaker as /devices/platform/pcspkr/input/input2
[STDOUT  ] 2018-07-06T07:08:01.723292645Z: [    7.459804] rtc_cmos 00:00: RTC can wake from S4
[STDOUT  ] 2018-07-06T07:08:01.723301769Z: [    7.463800] rtc_cmos 00:00: rtc core: registered rtc_cmos as rtc0
[STDOUT  ] 2018-07-06T07:08:01.723310924Z: [    7.464741] rtc_cmos 00:00: alarms up to one day, y3k, 114 bytes nvram, hpet irqs
[STDOUT  ] 2018-07-06T07:08:01.723320698Z: [    7.465367] i2c /dev entries driver
[STDOUT  ] 2018-07-06T07:08:01.723329246Z: [    7.467571] device-mapper: ioctl: 4.37.0-ioctl (2017-09-20) initialised: dm-devel@redhat.com
[STDOUT  ] 2018-07-06T07:08:01.723339384Z: [    7.471925] usbcore: registered new interface driver usbhid
[STDOUT  ] 2018-07-06T07:08:01.723348514Z: [    7.472261] usbhid: USB HID core driver
[STDOUT  ] 2018-07-06T07:08:01.723364995Z: [    7.472972] hv_utils: Registering HyperV Utility Driver
[STDOUT  ] 2018-07-06T07:08:01.723373632Z: [    7.473295] hv_vmbus: registering driver hv_util
[STDOUT  ] 2018-07-06T07:08:01.723383084Z: [    7.473519] hv_vmbus: registering driver hv_balloon
[STDOUT  ] 2018-07-06T07:08:01.723391797Z: [    7.474016] oprofile: using NMI interrupt.
[STDOUT  ] 2018-07-06T07:08:01.723400524Z: [    7.475054] GACT probability on
[STDOUT  ] 2018-07-06T07:08:01.723409696Z: [    7.475364] Mirror/redirect action on
[STDOUT  ] 2018-07-06T07:08:01.723418347Z: [    7.475885] Simple TC action Loaded
[STDOUT  ] 2018-07-06T07:08:01.723427320Z: [    7.476377] u32 classifier
[STDOUT  ] 2018-07-06T07:08:01.723435529Z: [    7.476520]     Performance counters on
[STDOUT  ] 2018-07-06T07:08:01.723450072Z: [    7.476708]     input device check on
[STDOUT  ] 2018-07-06T07:08:01.723459500Z: [    7.476883]     Actions configured
[STDOUT  ] 2018-07-06T07:08:01.723468686Z: [    7.477540] Netfilter messages via NETLINK v0.30.
[STDOUT  ] 2018-07-06T07:08:01.723477308Z: [    7.478011] nfnl_acct: registering with nfnetlink.
[STDOUT  ] 2018-07-06T07:08:01.723485406Z: [    7.479391] nf_conntrack version 0.5.0 (8192 buckets, 32768 max)
[STDOUT  ] 2018-07-06T07:08:01.723494687Z: [    7.481820] ctnetlink v0.93: registering with nfnetlink.
[STDOUT  ] 2018-07-06T07:08:01.723503118Z: [    7.484499] nf_tables: (c) 2007-2009 Patrick McHardy <kaber@trash.net>
[STDOUT  ] 2018-07-06T07:08:01.723511302Z: [    7.485372] nf_tables_compat: (c) 2012 Pablo Neira Ayuso <pablo@netfilter.org>
[STDOUT  ] 2018-07-06T07:08:01.723524930Z: [    7.487481] xt_time: kernel timezone is -0000
[STDOUT  ] 2018-07-06T07:08:01.723534086Z: [    7.488048] ip_set: protocol 6
[STDOUT  ] 2018-07-06T07:08:01.723548605Z: [    7.488741] IPVS: Registered protocols (TCP, UDP, SCTP, AH, ESP)
[STDOUT  ] 2018-07-06T07:08:01.723562625Z: [    7.489313] IPVS: Connection hash table configured (size=4096, memory=64Kbytes)
[STDOUT  ] 2018-07-06T07:08:01.723571550Z: [    7.493481] IPVS: ipvs loaded.
[STDOUT  ] 2018-07-06T07:08:01.723579688Z: [    7.493820] IPVS: [rr] scheduler registered.
[STDOUT  ] 2018-07-06T07:08:01.723588161Z: [    7.494095] IPVS: [wrr] scheduler registered.
[STDOUT  ] 2018-07-06T07:08:01.723595863Z: [    7.494304] IPVS: [lc] scheduler registered.
[STDOUT  ] 2018-07-06T07:08:01.723603774Z: [    7.494528] IPVS: [wlc] scheduler registered.
[STDOUT  ] 2018-07-06T07:08:01.723611460Z: [    7.494757] IPVS: [fo] scheduler registered.
[STDOUT  ] 2018-07-06T07:08:01.723619498Z: [    7.494968] IPVS: [ovf] scheduler registered.
[STDOUT  ] 2018-07-06T07:08:01.723627845Z: [    7.495349] IPVS: [lblc] scheduler registered.
[STDOUT  ] 2018-07-06T07:08:01.723637069Z: [    7.495602] IPVS: [lblcr] scheduler registered.
[STDOUT  ] 2018-07-06T07:08:01.723645179Z: [    7.495720] IPVS: [dh] scheduler registered.
[STDOUT  ] 2018-07-06T07:08:01.723653835Z: [    7.495810] IPVS: [sh] scheduler registered.
[STDOUT  ] 2018-07-06T07:08:01.723661962Z: [    7.495900] IPVS: [sed] scheduler registered.
[STDOUT  ] 2018-07-06T07:08:01.723669815Z: [    7.495989] IPVS: [nq] scheduler registered.
[STDOUT  ] 2018-07-06T07:08:01.723677732Z: [    7.496713] IPVS: ftp: loaded support on port[0] = 21
[STDOUT  ] 2018-07-06T07:08:01.723691076Z: [    7.497402] ipip: IPv4 and MPLS over IPv4 tunneling driver
[STDOUT  ] 2018-07-06T07:08:01.723699448Z: [    7.501498] gre: GRE over IPv4 demultiplexor driver
[STDOUT  ] 2018-07-06T07:08:01.723707820Z: [    7.504453] ip_tables: (C) 2000-2006 Netfilter Core Team
[STDOUT  ] 2018-07-06T07:08:01.723716855Z: [    7.507642] ipt_CLUSTERIP: ClusterIP Version 0.8 loaded successfully
[STDOUT  ] 2018-07-06T07:08:01.723725114Z: [    7.508299] arp_tables: arp_tables: (C) 2002 David S. Miller
[STDOUT  ] 2018-07-06T07:08:01.723733688Z: [    7.510921] NET: Registered protocol family 10
[STDOUT  ] 2018-07-06T07:08:01.723741783Z: [    7.519846] Segment Routing with IPv6
[STDOUT  ] 2018-07-06T07:08:01.723750047Z: [    7.521049] ip6_tables: (C) 2000-2006 Netfilter Core Team
[STDOUT  ] 2018-07-06T07:08:01.723758678Z: [    7.527437] NET: Registered protocol family 17
[STDOUT  ] 2018-07-06T07:08:01.723766632Z: [    7.528576] Bridge firewalling registered
[STDOUT  ] 2018-07-06T07:08:01.723774856Z: [    7.528982] Ebtables v2.0 registered
[STDOUT  ] 2018-07-06T07:08:01.723783514Z: [    7.531354] 8021q: 802.1Q VLAN Support v1.8
[STDOUT  ] 2018-07-06T07:08:01.723792706Z: [    7.532739] 9pnet: Installing 9P2000 support
[STDOUT  ] 2018-07-06T07:08:01.723800293Z: [    7.534173] Key type dns_resolver registered
[STDOUT  ] 2018-07-06T07:08:01.723826840Z: [    7.535420] sched_clock: Marking stable (7530252120, 0)->(7649694195, -119442075)
[STDOUT  ] 2018-07-06T07:08:01.723835531Z: [    7.538239] registered taskstats version 1
[STDOUT  ] 2018-07-06T07:08:01.723846491Z: [    7.743466] ata1: SATA link up 1.5 Gbps (SStatus 113 SControl 300)
[STDOUT  ] 2018-07-06T07:08:01.723855335Z: [    7.749257] ata1.00: ATA-7: QEMU HARDDISK, 2.5+, max UDMA/100
[STDOUT  ] 2018-07-06T07:08:01.723863720Z: [    7.749668] ata1.00: 1048576 sectors, multi 16: LBA48 NCQ (depth 31/32)
[STDOUT  ] 2018-07-06T07:08:01.723872206Z: [    7.750639] ata1.00: applying bridge limits
[STDOUT  ] 2018-07-06T07:08:01.723881049Z: [    7.752041] ata4: SATA link down (SStatus 0 SControl 300)
[STDOUT  ] 2018-07-06T07:08:01.723889583Z: [    7.753796] ata2: SATA link down (SStatus 0 SControl 300)
[STDOUT  ] 2018-07-06T07:08:01.723907270Z: [    7.754284] ata3: SATA link up 1.5 Gbps (SStatus 113 SControl 300)
[STDOUT  ] 2018-07-06T07:08:01.723916348Z: [    7.755010] ata3.00: ATAPI: QEMU DVD-ROM, 2.5+, max UDMA/100
[STDOUT  ] 2018-07-06T07:08:01.723929131Z: [    7.755367] ata3.00: applying bridge limits
[STDOUT  ] 2018-07-06T07:08:01.723937663Z: [    7.756244] ata3.00: configured for UDMA/100
[STDOUT  ] 2018-07-06T07:08:01.723954905Z: [    7.764354] ata6: SATA link down (SStatus 0 SControl 300)
[STDOUT  ] 2018-07-06T07:08:01.723965113Z: [    7.764913] ata5: SATA link down (SStatus 0 SControl 300)
[STDOUT  ] 2018-07-06T07:08:01.723973631Z: [    7.765600] ata1.00: configured for UDMA/100
[STDOUT  ] 2018-07-06T07:08:01.723981977Z: [    7.782102] scsi 0:0:0:0: Direct-Access     ATA      QEMU HARDDISK    2.5+ PQ: 0 ANSI: 5
[STDOUT  ] 2018-07-06T07:08:01.723991007Z: [    7.792560] sd 0:0:0:0: [sda] 1048576 512-byte logical blocks: (537 MB/512 MiB)
[STDOUT  ] 2018-07-06T07:08:01.723999571Z: [    7.795820] sd 0:0:0:0: [sda] Write Protect is off
[STDOUT  ] 2018-07-06T07:08:01.724007777Z: [    7.796777] sd 0:0:0:0: Attached scsi generic sg0 type 0
[STDERR  ] 2018-07-06T07:08:01.723082800Z: [    7.755367] ata3.00: applying bridge limits
[STDOUT  ] 2018-07-06T07:08:01.724017060Z: [    7.799386] sd 0:0:0:0: [sda] Write cache: enabled, read cache: enabled, doesn't support DPO or FUA
[STDOUT  ] 2018-07-06T07:08:01.724026503Z: [    7.802933] scsi 2:0:0:0: CD-ROM            QEMU     QEMU DVD-ROM     2.5+ PQ: 0 ANSI: 5
[STDOUT  ] 2018-07-06T07:08:01.724036217Z: [    7.807094] Key type big_key registered
[STDOUT  ] 2018-07-06T07:08:01.724044909Z: [    7.832035] sd 0:0:0:0: [sda] Attached SCSI disk
[STDOUT  ] 2018-07-06T07:08:01.724053397Z: [    7.842691] sr 2:0:0:0: [sr0] scsi3-mmc drive: 4x/4x cd/rw xa/form2 tray
[STDOUT  ] 2018-07-06T07:08:01.724061775Z: [    7.843427] cdrom: Uniform CD-ROM driver Revision: 3.20
[STDOUT  ] 2018-07-06T07:08:01.724069780Z: [    7.850756] sr 2:0:0:0: Attached scsi generic sg1 type 5
[STDOUT  ] 2018-07-06T07:08:01.724082693Z: [    7.901297] Key type trusted registered
[STDOUT  ] 2018-07-06T07:08:01.724091517Z: [    7.971302] Key type encrypted registered
[STDOUT  ] 2018-07-06T07:08:01.724100014Z: [    7.971992] ima: No TPM chip found, activating TPM-bypass! (rc=-19)
[STDOUT  ] 2018-07-06T07:08:01.724108825Z: [    7.972524] ima: Allocated hash algorithm: sha256
[STDOUT  ] 2018-07-06T07:08:01.724116981Z: [    7.975898] evm: HMAC attrs: 0x1
[STDOUT  ] 2018-07-06T07:08:01.724125882Z: [    7.980263] rtc_cmos 00:00: setting system clock to 2018-07-06 07:07:25 UTC (1530860845)
[STDOUT  ] 2018-07-06T07:08:01.724134476Z: [    8.143161] Freeing unused kernel memory: 1512K
[STDOUT  ] 2018-07-06T07:08:01.724142605Z: [    8.143913] tsc: Refined TSC clocksource calibration: 2599.733 MHz
[STDOUT  ] 2018-07-06T07:08:01.724153686Z: [    8.144474] clocksource: tsc: mask: 0xffffffffffffffff max_cycles: 0x25793fd7010, max_idle_ns: 440795227016 ns
[STDOUT  ] 2018-07-06T07:08:01.724162612Z: [    8.160659] Write protecting the kernel read-only data: 18432k
[STDOUT  ] 2018-07-06T07:08:01.724171193Z: [    8.175753] Freeing unused kernel memory: 2024K
[STDOUT  ] 2018-07-06T07:08:01.724179797Z: [    8.237611] Freeing unused kernel memory: 1104K
[STDOUT  ] 2018-07-06T07:08:01.724188224Z: [    9.159416] clocksource: Switched to clocksource tsc
[STDOUT  ] 2018-07-06T07:08:01.724199320Z: 
[STDOUT  ] 2018-07-06T07:08:01.724207674Z: Welcome to LinuxKit
[STDOUT  ] 2018-07-06T07:08:01.724217425Z: 
[STDOUT  ] 2018-07-06T07:08:01.724225601Z:                         ##         .
[STDOUT  ] 2018-07-06T07:08:01.724235220Z:                   ## ## ##        ==
[STDOUT  ] 2018-07-06T07:08:01.724243629Z:                ## ## ## ## ##    ===
[STDOUT  ] 2018-07-06T07:08:01.724252328Z:            /"""""""""""""""""\___/ ===
[STDOUT  ] 2018-07-06T07:08:01.724260668Z:           {                       /  ===-
[STDOUT  ] 2018-07-06T07:08:01.724269036Z:            \______ O           __/
[STDOUT  ] 2018-07-06T07:08:01.724277113Z:              \    \         __/
[STDOUT  ] 2018-07-06T07:08:01.724285326Z:               \____\_______/
[STDOUT  ] 2018-07-06T07:08:01.724294299Z: 
[STDOUT  ] 2018-07-06T07:08:01.724302478Z: [   23.138872] IPVS: ftp: loaded support on port[0] = 21
[STDOUT  ] 2018-07-06T07:08:01.724315258Z: [   24.643054]  sda:
[STDOUT  ] 2018-07-06T07:08:01.724324255Z: [   24.712486]  sda:
[STDOUT  ] 2018-07-06T07:08:01.724332990Z: [   24.775701]  sda: sda1
[STDOUT  ] 2018-07-06T07:08:01.724342252Z: [   24.850881]  sda: sda1
[STDOUT  ] 2018-07-06T07:08:01.724351063Z: 2018/07/06 07:07:41 Creating partition on /dev/sda
[STDOUT  ] 2018-07-06T07:08:01.724360283Z: 2018/07/06 07:07:43 Partition /dev/sda1 successfully created!
[STDOUT  ] 2018-07-06T07:08:01.724370699Z: [   27.613212] IPVS: ftp: loaded support on port[0] = 21
[STDOUT  ] 2018-07-06T07:08:01.724379352Z: [   29.073605] EXT4-fs (sda1): mounted filesystem with ordered data mode. Opts: (null)
[STDOUT  ] 2018-07-06T07:08:01.724388148Z: format_mount test suite PASSED
[STDOUT  ] 2018-07-06T07:08:01.724396479Z: [   43.124861] sd 0:0:0:0: [sda] Synchronizing SCSI cache
[STDOUT  ] 2018-07-06T07:08:01.724405037Z: [   43.130562] sd 0:0:0:0: [sda] Stopping disk
[STDOUT  ] 2018-07-06T07:08:01.724413215Z: [   43.135913] ACPI: Preparing to enter system sleep state S5
[STDOUT  ] 2018-07-06T07:08:01.724421238Z: [   43.139048] reboot: Power down
[STDERR  ] 2018-07-06T07:08:01.724025212Z: [    7.756244] ata3.00: configured for UDMA/100
[STDERR  ] 2018-07-06T07:08:01.724445383Z: [    7.764354] ata6: SATA link down (SStatus 0 SControl 300)
[STDERR  ] 2018-07-06T07:08:01.724456872Z: [    7.764913] ata5: SATA link down (SStatus 0 SControl 300)
[STDERR  ] 2018-07-06T07:08:01.724468147Z: [    7.765600] ata1.00: configured for UDMA/100
[STDERR  ] 2018-07-06T07:08:01.724479385Z: [    7.782102] scsi 0:0:0:0: Direct-Access     ATA      QEMU HARDDISK    2.5+ PQ: 0 ANSI: 5
[STDERR  ] 2018-07-06T07:08:01.724491375Z: [    7.792560] sd 0:0:0:0: [sda] 1048576 512-byte logical blocks: (537 MB/512 MiB)
[STDERR  ] 2018-07-06T07:08:01.724508987Z: [    7.795820] sd 0:0:0:0: [sda] Write Protect is off
[STDERR  ] 2018-07-06T07:08:01.724520286Z: [    7.796777] sd 0:0:0:0: Attached scsi generic sg0 type 0
[STDERR  ] 2018-07-06T07:08:01.724531720Z: [    7.799386] sd 0:0:0:0: [sda] Write cache: enabled, read cache: enabled, doesn't support DPO or FUA
[STDERR  ] 2018-07-06T07:08:01.724544208Z: [    7.802933] scsi 2:0:0:0: CD-ROM            QEMU     QEMU DVD-ROM     2.5+ PQ: 0 ANSI: 5
[STDERR  ] 2018-07-06T07:08:01.724555975Z: [    7.807094] Key type big_key registered
[STDERR  ] 2018-07-06T07:08:01.724570254Z: [    7.832035] sd 0:0:0:0: [sda] Attached SCSI disk
[STDERR  ] 2018-07-06T07:08:01.724581685Z: [    7.842691] sr 2:0:0:0: [sr0] scsi3-mmc drive: 4x/4x cd/rw xa/form2 tray
[STDERR  ] 2018-07-06T07:08:01.724593215Z: [    7.843427] cdrom: Uniform CD-ROM driver Revision: 3.20
[STDERR  ] 2018-07-06T07:08:01.724604349Z: [    7.850756] sr 2:0:0:0: Attached scsi generic sg1 type 5
[STDERR  ] 2018-07-06T07:08:01.724616083Z: [    7.901297] Key type trusted registered
[STDERR  ] 2018-07-06T07:08:01.724627273Z: [    7.971302] Key type encrypted registered
[STDERR  ] 2018-07-06T07:08:01.724638726Z: [    7.971992] ima: No TPM chip found, activating TPM-bypass! (rc=-19)
[STDERR  ] 2018-07-06T07:08:01.724649891Z: [    7.972524] ima: Allocated hash algorithm: sha256
[STDERR  ] 2018-07-06T07:08:01.724661368Z: [    7.975898] evm: HMAC attrs: 0x1
[STDERR  ] 2018-07-06T07:08:01.724673304Z: [    7.980263] rtc_cmos 00:00: setting system clock to 2018-07-06 07:07:25 UTC (1530860845)
[STDERR  ] 2018-07-06T07:08:01.724685574Z: [    8.143161] Freeing unused kernel memory: 1512K
[STDERR  ] 2018-07-06T07:08:01.724696949Z: [    8.143913] tsc: Refined TSC clocksource calibration: 2599.733 MHz
[STDERR  ] 2018-07-06T07:08:01.724708242Z: [    8.144474] clocksource: tsc: mask: 0xffffffffffffffff max_cycles: 0x25793fd7010, max_idle_ns: 440795227016 ns
[STDERR  ] 2018-07-06T07:08:01.724720876Z: [    8.160659] Write protecting the kernel read-only data: 18432k
[STDERR  ] 2018-07-06T07:08:01.724732643Z: [    8.175753] Freeing unused kernel memory: 2024K
[STDERR  ] 2018-07-06T07:08:01.724744482Z: [    8.237611] Freeing unused kernel memory: 1104K
[STDERR  ] 2018-07-06T07:08:01.724755804Z: [    9.159416] clocksource: Switched to clocksource tsc
[STDERR  ] 2018-07-06T07:08:01.724774371Z: 
[STDERR  ] 2018-07-06T07:08:01.724786613Z: Welcome to LinuxKit
[STDERR  ] 2018-07-06T07:08:01.724798347Z: 
[STDERR  ] 2018-07-06T07:08:01.724809793Z:                         ##         .
[STDERR  ] 2018-07-06T07:08:01.724821196Z:                   ## ## ##        ==
[STDERR  ] 2018-07-06T07:08:01.724832759Z:                ## ## ## ## ##    ===
[STDERR  ] 2018-07-06T07:08:01.724844058Z:            /"""""""""""""""""\___/ ===
[STDERR  ] 2018-07-06T07:08:01.724855356Z:           {                       /  ===-
[STDERR  ] 2018-07-06T07:08:01.724866180Z:            \______ O           __/
[STDERR  ] 2018-07-06T07:08:01.724880588Z:              \    \         __/
[STDERR  ] 2018-07-06T07:08:01.724893019Z:               \____\_______/
[STDERR  ] 2018-07-06T07:08:01.724910667Z: 
[STDERR  ] 2018-07-06T07:08:01.724921771Z: [   23.138872] IPVS: ftp: loaded support on port[0] = 21
[STDERR  ] 2018-07-06T07:08:01.724935248Z: [   24.643054]  sda:
[STDERR  ] 2018-07-06T07:08:01.724946937Z: [   24.712486]  sda:
[STDERR  ] 2018-07-06T07:08:01.724962793Z: [   24.775701]  sda: sda1
[STDERR  ] 2018-07-06T07:08:01.724974920Z: [   24.850881]  sda: sda1
[STDERR  ] 2018-07-06T07:08:01.724987636Z: 2018/07/06 07:07:41 Creating partition on /dev/sda
[STDERR  ] 2018-07-06T07:08:01.724998315Z: 2018/07/06 07:07:43 Partition /dev/sda1 successfully created!
[STDERR  ] 2018-07-06T07:08:01.725009561Z: [   27.613212] IPVS: ftp: loaded support on port[0] = 21
[STDERR  ] 2018-07-06T07:08:01.725021023Z: [   29.073605] EXT4-fs (sda1): mounted filesystem with ordered data mode. Opts: (null)
[STDERR  ] 2018-07-06T07:08:01.725035049Z: format_mount test suite PASSED
[STDERR  ] 2018-07-06T07:08:01.725050865Z: [   43.124861] sd 0:0:0:0: [sda] Synchronizing SCSI cache
[STDERR  ] 2018-07-06T07:08:01.725061952Z: [   43.130562] sd 0:0:0:0: [sda] Stopping disk
[STDERR  ] 2018-07-06T07:08:01.725073624Z: [   43.135913] ACPI: Preparing to enter system sleep state S5
[STDERR  ] 2018-07-06T07:08:01.725084823Z: [   43.139048] reboot: Power down
[STDERR  ] 2018-07-06T07:08:01.725096413Z: + echo [    0.000000] Linux version 4.14.53-linuxkit (root@bd72a9eaf0e9) (gcc version 6.4.0 (Alpine 6.4.0)) #1 SMP Tue Jul 3 13:29:41 UTC 2018
[STDERR  ] 2018-07-06T07:08:01.725109615Z: [    0.000000] Command line: console=ttyS0 console=ttyAMA0
[STDERR  ] 2018-07-06T07:08:01.725128667Z: [    0.000000] x86/fpu: x87 FPU will use FXSAVE
[STDERR  ] 2018-07-06T07:08:01.725140893Z: [    0.000000] e820: BIOS-provided physical RAM map:
[STDERR  ] 2018-07-06T07:08:01.725151694Z: [    0.000000] BIOS-e820: [mem 0x0000000000000000-0x000000000009fbff] usable
[STDERR  ] 2018-07-06T07:08:01.725163768Z: [    0.000000] BIOS-e820: [mem 0x000000000009fc00-0x000000000009ffff] reserved
[STDERR  ] 2018-07-06T07:08:01.725175588Z: [    0.000000] BIOS-e820: [mem 0x00000000000f0000-0x00000000000fffff] reserved
[STDERR  ] 2018-07-06T07:08:01.725186466Z: [    0.000000] BIOS-e820: [mem 0x0000000000100000-0x000000003ffdefff] usable
[STDERR  ] 2018-07-06T07:08:01.725203355Z: [    0.000000] BIOS-e820: [mem 0x000000003ffdf000-0x000000003fffffff] reserved
[STDERR  ] 2018-07-06T07:08:01.725214500Z: [    0.000000] BIOS-e820: [mem 0x00000000b0000000-0x00000000bfffffff] reserved
[STDERR  ] 2018-07-06T07:08:01.725225997Z: [    0.000000] BIOS-e820: [mem 0x00000000fed1c000-0x00000000fed1ffff] reserved
[STDERR  ] 2018-07-06T07:08:01.725239362Z: [    0.000000] BIOS-e820: [mem 0x00000000fffc0000-0x00000000ffffffff] reserved
[STDERR  ] 2018-07-06T07:08:01.725250399Z: [    0.000000] NX (Execute Disable) protection: active
[STDERR  ] 2018-07-06T07:08:01.725262294Z: [    0.000000] SMBIOS 2.8 present.
[STDERR  ] 2018-07-06T07:08:01.725274550Z: [    0.000000] DMI: QEMU Standard PC (Q35 + ICH9, 2009), BIOS rel-1.10.2-0-g5f4c7b1-prebuilt.qemu-project.org 04/01/2014
[STDERR  ] 2018-07-06T07:08:01.725287882Z: [    0.000000] tsc: Fast TSC calibration using PIT
[STDERR  ] 2018-07-06T07:08:01.725300942Z: [    0.000000] e820: last_pfn = 0x3ffdf max_arch_pfn = 0x400000000
[STDERR  ] 2018-07-06T07:08:01.725316036Z: [    0.000000] x86/PAT: Configuration [0-7]: WB  WC  UC- UC  WB  WP  UC- WT  
[STDERR  ] 2018-07-06T07:08:01.725326831Z: [    0.000000] found SMP MP-table at [mem 0x000f6aa0-0x000f6aaf] mapped at [ffffffffff200aa0]
[STDERR  ] 2018-07-06T07:08:01.725338480Z: [    0.000000] RAMDISK: [mem 0x3dce8000-0x3ffcffff]
[STDERR  ] 2018-07-06T07:08:01.725352403Z: [    0.000000] ACPI: Early table checksum verification disabled
[STDERR  ] 2018-07-06T07:08:01.725379045Z: [    0.000000] ACPI: RSDP 0x00000000000F68B0 000014 (v00 BOCHS )
[STDERR  ] 2018-07-06T07:08:01.725390987Z: [    0.000000] ACPI: RSDT 0x000000003FFE20A8 000034 (v01 BOCHS  BXPCRSDT 00000001 BXPC 00000001)
[STDERR  ] 2018-07-06T07:08:01.725402466Z: [    0.000000] ACPI: FACP 0x000000003FFE1EC8 0000F4 (v03 BOCHS  BXPCFACP 00000001 BXPC 00000001)
[STDERR  ] 2018-07-06T07:08:01.725416359Z: [    0.000000] ACPI: DSDT 0x000000003FFE0040 001E88 (v01 BOCHS  BXPCDSDT 00000001 BXPC 00000001)
[STDERR  ] 2018-07-06T07:08:01.725427872Z: [    0.000000] ACPI: FACS 0x000000003FFE0000 000040
[STDERR  ] 2018-07-06T07:08:01.725439859Z: [    0.000000] ACPI: APIC 0x000000003FFE1FBC 000078 (v01 BOCHS  BXPCAPIC 00000001 BXPC 00000001)
[STDERR  ] 2018-07-06T07:08:01.725450850Z: [    0.000000] ACPI: HPET 0x000000003FFE2034 000038 (v01 BOCHS  BXPCHPET 00000001 BXPC 00000001)
[STDERR  ] 2018-07-06T07:08:01.725462402Z: [    0.000000] ACPI: MCFG 0x000000003FFE206C 00003C (v01 BOCHS  BXPCMCFG 00000001 BXPC 00000001)
[STDERR  ] 2018-07-06T07:08:01.725473810Z: [    0.000000] Zone ranges:
[STDERR  ] 2018-07-06T07:08:01.725485515Z: [    0.000000]   DMA      [mem 0x0000000000001000-0x0000000000ffffff]
[STDERR  ] 2018-07-06T07:08:01.725496763Z: [    0.000000]   DMA32    [mem 0x0000000001000000-0x000000003ffdefff]
[STDERR  ] 2018-07-06T07:08:01.725513154Z: [    0.000000]   Normal   empty
[STDERR  ] 2018-07-06T07:08:01.725524638Z: [    0.000000]   Device   empty
[STDERR  ] 2018-07-06T07:08:01.725536480Z: [    0.000000] Movable zone start for each node
[STDERR  ] 2018-07-06T07:08:01.725547284Z: [    0.000000] Early memory node ranges
[STDERR  ] 2018-07-06T07:08:01.725558827Z: [    0.000000]   node   0: [mem 0x0000000000001000-0x000000000009efff]
[STDERR  ] 2018-07-06T07:08:01.725570052Z: [    0.000000]   node   0: [mem 0x0000000000100000-0x000000003ffdefff]
[STDERR  ] 2018-07-06T07:08:01.725581350Z: [    0.000000] Initmem setup node 0 [mem 0x0000000000001000-0x000000003ffdefff]
[STDERR  ] 2018-07-06T07:08:01.725592552Z: [    0.000000] ACPI: PM-Timer IO Port: 0x608
[STDERR  ] 2018-07-06T07:08:01.725603365Z: [    0.000000] ACPI: LAPIC_NMI (acpi_id[0xff] dfl dfl lint[0x1])
[STDERR  ] 2018-07-06T07:08:01.725614566Z: [    0.000000] IOAPIC[0]: apic_id 0, version 32, address 0xfec00000, GSI 0-23
[STDERR  ] 2018-07-06T07:08:01.725626074Z: [    0.000000] ACPI: INT_SRC_OVR (bus 0 bus_irq 0 global_irq 2 dfl dfl)
[STDERR  ] 2018-07-06T07:08:01.725637117Z: [    0.000000] ACPI: INT_SRC_OVR (bus 0 bus_irq 5 global_irq 5 high level)
[STDERR  ] 2018-07-06T07:08:01.725651233Z: [    0.000000] ACPI: INT_SRC_OVR (bus 0 bus_irq 9 global_irq 9 high level)
[STDERR  ] 2018-07-06T07:08:01.725662151Z: [    0.000000] ACPI: INT_SRC_OVR (bus 0 bus_irq 10 global_irq 10 high level)
[STDERR  ] 2018-07-06T07:08:01.725673604Z: [    0.000000] ACPI: INT_SRC_OVR (bus 0 bus_irq 11 global_irq 11 high level)
[STDERR  ] 2018-07-06T07:08:01.725684478Z: [    0.000000] Using ACPI (MADT) for SMP configuration information
[STDERR  ] 2018-07-06T07:08:01.725695226Z: [    0.000000] ACPI: HPET id: 0x8086a201 base: 0xfed00000
[STDERR  ] 2018-07-06T07:08:01.725709210Z: [    0.000000] smpboot: Allowing 1 CPUs, 0 hotplug CPUs
[STDERR  ] 2018-07-06T07:08:01.725720038Z: [    0.000000] e820: [mem 0x40000000-0xafffffff] available for PCI devices
[STDERR  ] 2018-07-06T07:08:01.725731360Z: [    0.000000] Booting paravirtualized kernel on bare hardware
[STDERR  ] 2018-07-06T07:08:01.725742888Z: [    0.000000] clocksource: refined-jiffies: mask: 0xffffffff max_cycles: 0xffffffff, max_idle_ns: 19112604462750000 ns
[STDERR  ] 2018-07-06T07:08:01.725758007Z: [    0.000000] random: get_random_bytes called from start_kernel+0x92/0x4c8 with crng_init=0
[STDERR  ] 2018-07-06T07:08:01.725769500Z: [    0.000000] setup_percpu: NR_CPUS:128 nr_cpumask_bits:128 nr_cpu_ids:1 nr_node_ids:1
[STDERR  ] 2018-07-06T07:08:01.725782377Z: [    0.000000] percpu: Embedded 44 pages/cpu @ffff9b913da00000 s143256 r8192 d28776 u2097152
[STDERR  ] 2018-07-06T07:08:01.725793920Z: [    0.000000] Built 1 zonelists, mobility grouping on.  Total pages: 257896
[STDERR  ] 2018-07-06T07:08:01.725808275Z: [    0.000000] Kernel command line: console=ttyS0 console=ttyAMA0
[STDERR  ] 2018-07-06T07:08:01.725827774Z: [    0.000000] PID hash table entries: 4096 (order: 3, 32768 bytes)
[STDERR  ] 2018-07-06T07:08:01.725839099Z: [    0.000000] Dentry cache hash table entries: 131072 (order: 8, 1048576 bytes)
[STDERR  ] 2018-07-06T07:08:01.725850435Z: [    0.000000] Inode-cache hash table entries: 65536 (order: 7, 524288 bytes)
[STDERR  ] 2018-07-06T07:08:01.725862007Z: [    0.000000] Memory: 969048K/1048052K available (12300K kernel code, 1465K rwdata, 2992K rodata, 1512K init, 632K bss, 79004K reserved, 0K cma-reserved)
[STDERR  ] 2018-07-06T07:08:01.725874618Z: [    0.000000] ftrace: allocating 41032 entries in 161 pages
[STDERR  ] 2018-07-06T07:08:01.725886405Z: [    0.000000] Hierarchical RCU implementation.
[STDERR  ] 2018-07-06T07:08:01.725902775Z: [    0.000000] 	RCU restricting CPUs from NR_CPUS=128 to nr_cpu_ids=1.
[STDERR  ] 2018-07-06T07:08:01.725914347Z: [    0.000000] RCU: Adjusting geometry for rcu_fanout_leaf=16, nr_cpu_ids=1
[STDERR  ] 2018-07-06T07:08:01.725925791Z: [    0.000000] NR_IRQS: 8448, nr_irqs: 256, preallocated irqs: 16
[STDERR  ] 2018-07-06T07:08:01.725936552Z: [    0.000000] Console: colour VGA+ 80x25
[STDERR  ] 2018-07-06T07:08:01.725952018Z: [    0.000000] console [ttyS0] enabled
[STDERR  ] 2018-07-06T07:08:01.725962888Z: [    0.000000] clocksource: hpet: mask: 0xffffffff max_cycles: 0xffffffff, max_idle_ns: 19112604467 ns
[STDERR  ] 2018-07-06T07:08:01.725975782Z: [    0.000000] tsc: Fast TSC calibration using PIT
[STDERR  ] 2018-07-06T07:08:01.725986718Z: [    0.000000] tsc: Detected 2599.734 MHz processor
[STDERR  ] 2018-07-06T07:08:01.725997772Z: [    0.001707] Calibrating delay loop (skipped), value calculated using timer frequency.. 5199.46 BogoMIPS (lpj=25997340)
[STDERR  ] 2018-07-06T07:08:01.726010900Z: [    0.002164] pid_max: default: 32768 minimum: 301
[STDERR  ] 2018-07-06T07:08:01.726022340Z: [    0.002904] ACPI: Core revision 20170728
[STDERR  ] 2018-07-06T07:08:01.726036458Z: [    0.035214] ACPI: 1 ACPI AML tables successfully acquired and loaded
[STDERR  ] 2018-07-06T07:08:01.726050072Z: [    0.037115] Security Framework initialized
[STDERR  ] 2018-07-06T07:08:01.726061815Z: [    0.037430] Yama: becoming mindful.
[STDERR  ] 2018-07-06T07:08:01.726073002Z: [    0.040246] Mount-cache hash table entries: 2048 (order: 2, 16384 bytes)
[STDERR  ] 2018-07-06T07:08:01.726084469Z: [    0.040471] Mountpoint-cache hash table entries: 2048 (order: 2, 16384 bytes)
[STDERR  ] 2018-07-06T07:08:01.726096045Z: [    0.057313] Last level iTLB entries: 4KB 0, 2MB 0, 4MB 0
[STDERR  ] 2018-07-06T07:08:01.726107332Z: [    0.057512] Last level dTLB entries: 4KB 0, 2MB 0, 4MB 0, 1GB 0
[STDERR  ] 2018-07-06T07:08:01.726118251Z: [    0.057785] Spectre V2 : Spectre mitigation: LFENCE not serializing, switching to generic retpoline
[STDERR  ] 2018-07-06T07:08:01.726129771Z: [    0.058010] Spectre V2 : Vulnerable: Minimal generic ASM retpoline
[STDERR  ] 2018-07-06T07:08:01.726141379Z: [    0.058207] Spectre V2 : Spectre v2 mitigation: Filling RSB on context switch
[STDERR  ] 2018-07-06T07:08:01.726152544Z: [    0.058610] Speculative Store Bypass: Vulnerable
[STDERR  ] 2018-07-06T07:08:01.726164022Z: [    0.340274] Freeing SMP alternatives memory: 20K
[STDERR  ] 2018-07-06T07:08:01.726174987Z: [    0.360407] smpboot: Max logical packages: 1
[STDERR  ] 2018-07-06T07:08:01.726186614Z: [    0.367124] ..TIMER: vector=0x30 apic1=0 pin1=2 apic2=-1 pin2=-1
[STDERR  ] 2018-07-06T07:08:01.726201448Z: [    0.470000] smpboot: CPU0: AMD QEMU Virtual CPU version 2.5+ (family: 0x6, model: 0x6, stepping: 0x3)
[STDERR  ] 2018-07-06T07:08:01.726213252Z: [    0.470000] Performance Events: PMU not available due to virtualization, using software events only.
[STDERR  ] 2018-07-06T07:08:01.726224933Z: [    0.470404] Hierarchical SRCU implementation.
[STDERR  ] 2018-07-06T07:08:01.726235954Z: [    0.477603] NMI watchdog: Perf event create on CPU 0 failed with -2
[STDERR  ] 2018-07-06T07:08:01.726249893Z: [    0.477969] NMI watchdog: Perf NMI watchdog permanently disabled
[STDERR  ] 2018-07-06T07:08:01.726261581Z: [    0.481033] smp: Bringing up secondary CPUs ...
[STDERR  ] 2018-07-06T07:08:01.726272854Z: [    0.481388] smp: Brought up 1 node, 1 CPU
[STDERR  ] 2018-07-06T07:08:01.726284093Z: [    0.481717] smpboot: Total of 1 processors activated (5199.46 BogoMIPS)
[STDERR  ] 2018-07-06T07:08:01.726294941Z: [    0.498543] devtmpfs: initialized
[STDERR  ] 2018-07-06T07:08:01.726307170Z: [    0.504230] x86/mm: Memory block size: 128MB
[STDERR  ] 2018-07-06T07:08:01.726319394Z: [    0.509202] evm: security.ima
[STDERR  ] 2018-07-06T07:08:01.726330685Z: [    0.509422] evm: security.capability
[STDERR  ] 2018-07-06T07:08:01.726342057Z: [    0.512446] clocksource: jiffies: mask: 0xffffffff max_cycles: 0xffffffff, max_idle_ns: 19112604462750000 ns
[STDERR  ] 2018-07-06T07:08:01.726356063Z: [    0.513138] futex hash table entries: 256 (order: 2, 16384 bytes)
[STDERR  ] 2018-07-06T07:08:01.726370237Z: [    0.522602] NET: Registered protocol family 16
[STDERR  ] 2018-07-06T07:08:01.726381200Z: [    0.528334] cpuidle: using governor ladder
[STDERR  ] 2018-07-06T07:08:01.726392601Z: [    0.528771] cpuidle: using governor menu
[STDERR  ] 2018-07-06T07:08:01.726407772Z: [    0.530423] ACPI: bus type PCI registered
[STDERR  ] 2018-07-06T07:08:01.726422150Z: [    0.532848] PCI: MMCONFIG for domain 0000 [bus 00-ff] at [mem 0xb0000000-0xbfffffff] (base 0xb0000000)
[STDERR  ] 2018-07-06T07:08:01.726435786Z: [    0.533608] PCI: MMCONFIG at [mem 0xb0000000-0xbfffffff] reserved in E820
[STDERR  ] 2018-07-06T07:08:01.726447340Z: [    0.534538] PCI: Using configuration type 1 for base access
[STDERR  ] 2018-07-06T07:08:01.726458919Z: [    0.572630] HugeTLB registered 2.00 MiB page size, pre-allocated 0 pages
[STDERR  ] 2018-07-06T07:08:01.726469767Z: [    0.583117] ACPI: Added _OSI(Module Device)
[STDERR  ] 2018-07-06T07:08:01.726481876Z: [    0.583429] ACPI: Added _OSI(Processor Device)
[STDERR  ] 2018-07-06T07:08:01.726493048Z: [    0.583698] ACPI: Added _OSI(3.0 _SCP Extensions)
[STDERR  ] 2018-07-06T07:08:01.726504351Z: [    0.583928] ACPI: Added _OSI(Processor Aggregator Device)
[STDERR  ] 2018-07-06T07:08:01.726515860Z: [    0.630773] ACPI: Interpreter enabled
[STDERR  ] 2018-07-06T07:08:01.726526149Z: [    0.631526] ACPI: (supports S0 S5)
[STDERR  ] 2018-07-06T07:08:01.726537813Z: [    0.631828] ACPI: Using IOAPIC for interrupt routing
[STDERR  ] 2018-07-06T07:08:01.726548449Z: [    0.634076] PCI: Using host bridge windows from ACPI; if necessary, use "pci=nocrs" and report a bug
[STDERR  ] 2018-07-06T07:08:01.726567435Z: [    0.637203] ACPI: Enabled 1 GPEs in block 00 to 3F
[STDERR  ] 2018-07-06T07:08:01.726578930Z: [    0.683451] ACPI: PCI Root Bridge [PCI0] (domain 0000 [bus 00-ff])
[STDERR  ] 2018-07-06T07:08:01.726590156Z: [    0.684340] acpi PNP0A08:00: _OSC: OS supports [ExtendedConfig ASPM ClockPM Segments MSI]
[STDERR  ] 2018-07-06T07:08:01.726602213Z: [    0.688636] acpi PNP0A08:00: _OSC: OS now controls [PCIeHotplug PME PCIeCapability]
[STDERR  ] 2018-07-06T07:08:01.726613020Z: [    0.693620] PCI host bridge to bus 0000:00
[STDERR  ] 2018-07-06T07:08:01.726624232Z: [    0.694143] pci_bus 0000:00: root bus resource [io  0x0000-0x0cf7 window]
[STDERR  ] 2018-07-06T07:08:01.726635607Z: [    0.694498] pci_bus 0000:00: root bus resource [io  0x0d00-0xffff window]
[STDERR  ] 2018-07-06T07:08:01.726648844Z: [    0.694794] pci_bus 0000:00: root bus resource [mem 0x000a0000-0x000bffff window]
[STDERR  ] 2018-07-06T07:08:01.726664345Z: [    0.695141] pci_bus 0000:00: root bus resource [mem 0xc0000000-0xfebfffff window]
[STDERR  ] 2018-07-06T07:08:01.726675464Z: [    0.695647] pci_bus 0000:00: root bus resource [bus 00-ff]
[STDERR  ] 2018-07-06T07:08:01.726687324Z: [    0.861874] pci 0000:00:1f.0: quirk: [io  0x0600-0x067f] claimed by ICH6 ACPI/GPIO/TCO
[STDERR  ] 2018-07-06T07:08:01.726700606Z: [    0.947128] ACPI: PCI Interrupt Link [LNKA] (IRQs 5 *10 11)
[STDERR  ] 2018-07-06T07:08:01.726712742Z: [    0.952073] ACPI: PCI Interrupt Link [LNKB] (IRQs 5 *10 11)
[STDERR  ] 2018-07-06T07:08:01.726724546Z: [    0.953723] ACPI: PCI Interrupt Link [LNKC] (IRQs 5 10 *11)
[STDERR  ] 2018-07-06T07:08:01.726735572Z: [    0.955093] ACPI: PCI Interrupt Link [LNKD] (IRQs 5 10 *11)
[STDERR  ] 2018-07-06T07:08:01.726746867Z: [    0.956276] ACPI: PCI Interrupt Link [LNKE] (IRQs 5 *10 11)
[STDERR  ] 2018-07-06T07:08:01.726757890Z: [    0.957406] ACPI: PCI Interrupt Link [LNKF] (IRQs 5 *10 11)
[STDERR  ] 2018-07-06T07:08:01.726769524Z: [    0.958572] ACPI: PCI Interrupt Link [LNKG] (IRQs 5 10 *11)
[STDERR  ] 2018-07-06T07:08:01.726783177Z: [    0.959683] ACPI: PCI Interrupt Link [LNKH] (IRQs 5 10 *11)
[STDERR  ] 2018-07-06T07:08:01.726794025Z: [    0.960382] ACPI: PCI Interrupt Link [GSIA] (IRQs *16)
[STDERR  ] 2018-07-06T07:08:01.726806411Z: [    0.960893] ACPI: PCI Interrupt Link [GSIB] (IRQs *17)
[STDERR  ] 2018-07-06T07:08:01.726817715Z: [    0.961363] ACPI: PCI Interrupt Link [GSIC] (IRQs *18)
[STDERR  ] 2018-07-06T07:08:01.726829708Z: [    0.961849] ACPI: PCI Interrupt Link [GSID] (IRQs *19)
[STDERR  ] 2018-07-06T07:08:01.726840835Z: [    0.962387] ACPI: PCI Interrupt Link [GSIE] (IRQs *20)
[STDERR  ] 2018-07-06T07:08:01.726851984Z: [    0.962903] ACPI: PCI Interrupt Link [GSIF] (IRQs *21)
[STDERR  ] 2018-07-06T07:08:01.726867894Z: [    0.963435] ACPI: PCI Interrupt Link [GSIG] (IRQs *22)
[STDERR  ] 2018-07-06T07:08:01.726878961Z: [    0.963944] ACPI: PCI Interrupt Link [GSIH] (IRQs *23)
[STDERR  ] 2018-07-06T07:08:01.726890531Z: [    0.970834] SCSI subsystem initialized
[STDERR  ] 2018-07-06T07:08:01.726908173Z: [    0.973116] ACPI: bus type USB registered
[STDERR  ] 2018-07-06T07:08:01.726919785Z: [    0.974025] usbcore: registered new interface driver usbfs
[STDERR  ] 2018-07-06T07:08:01.726930782Z: [    0.974868] usbcore: registered new interface driver hub
[STDERR  ] 2018-07-06T07:08:01.726942874Z: [    0.975678] usbcore: registered new device driver usb
[STDERR  ] 2018-07-06T07:08:01.726956591Z: [    0.976491] pps_core: LinuxPPS API ver. 1 registered
[STDERR  ] 2018-07-06T07:08:01.726968163Z: [    0.976791] pps_core: Software ver. 5.3.6 - Copyright 2005-2007 Rodolfo Giometti <giometti@linux.it>
[STDERR  ] 2018-07-06T07:08:01.726980007Z: [    0.977377] PTP clock support registered
[STDERR  ] 2018-07-06T07:08:01.726991540Z: [    0.979421] PCI: Using ACPI for IRQ routing
[STDERR  ] 2018-07-06T07:08:01.727003197Z: [    0.992445] NetLabel: Initializing
[STDERR  ] 2018-07-06T07:08:01.727014714Z: [    0.992636] NetLabel:  domain hash size = 128
[STDERR  ] 2018-07-06T07:08:01.727026519Z: [    0.992903] NetLabel:  protocols = UNLABELED CIPSOv4 CALIPSO
[STDERR  ] 2018-07-06T07:08:01.727037703Z: [    0.994945] NetLabel:  unlabeled traffic allowed by default
[STDERR  ] 2018-07-06T07:08:01.727049057Z: [    0.996360] HPET: 3 timers in total, 0 timers will be used for per-cpu timer
[STDERR  ] 2018-07-06T07:08:01.727059915Z: [    0.997031] hpet0: at MMIO 0xfed00000, IRQs 2, 8, 0
[STDERR  ] 2018-07-06T07:08:01.727072176Z: [    0.997329] hpet0: 3 comparators, 64-bit 100.000000 MHz counter
[STDERR  ] 2018-07-06T07:08:01.727083362Z: [    1.003519] clocksource: Switched to clocksource hpet
[STDERR  ] 2018-07-06T07:08:01.727094906Z: [    1.191236] VFS: Disk quotas dquot_6.6.0
[STDERR  ] 2018-07-06T07:08:01.727107386Z: [    1.191925] VFS: Dquot-cache hash table entries: 512 (order 0, 4096 bytes)
[STDERR  ] 2018-07-06T07:08:01.727118206Z: [    1.195209] FS-Cache: Loaded
[STDERR  ] 2018-07-06T07:08:01.727130074Z: [    1.201096] CacheFiles: Loaded
[STDERR  ] 2018-07-06T07:08:01.727147064Z: [    1.202050] pnp: PnP ACPI init
[STDERR  ] 2018-07-06T07:08:01.727159024Z: [    1.209700] pnp: PnP ACPI: found 5 devices
[STDERR  ] 2018-07-06T07:08:01.727172300Z: [    1.241305] clocksource: acpi_pm: mask: 0xffffff max_cycles: 0xffffff, max_idle_ns: 2085701024 ns
[STDERR  ] 2018-07-06T07:08:01.727184491Z: [    1.244569] NET: Registered protocol family 2
[STDERR  ] 2018-07-06T07:08:01.727195624Z: [    1.252052] TCP established hash table entries: 8192 (order: 4, 65536 bytes)
[STDERR  ] 2018-07-06T07:08:01.727207553Z: [    1.252890] TCP bind hash table entries: 8192 (order: 5, 131072 bytes)
[STDERR  ] 2018-07-06T07:08:01.727219356Z: [    1.253907] TCP: Hash tables configured (established 8192 bind 8192)
[STDERR  ] 2018-07-06T07:08:01.727231131Z: [    1.255937] UDP hash table entries: 512 (order: 2, 16384 bytes)
[STDERR  ] 2018-07-06T07:08:01.727242208Z: [    1.256519] UDP-Lite hash table entries: 512 (order: 2, 16384 bytes)
[STDERR  ] 2018-07-06T07:08:01.727254069Z: [    1.258888] NET: Registered protocol family 1
[STDERR  ] 2018-07-06T07:08:01.727265412Z: [    1.259915] pci 0000:00:01.0: Video device with shadowed ROM at [mem 0x000c0000-0x000dffff]
[STDERR  ] 2018-07-06T07:08:01.727277297Z: [    1.265846] Trying to unpack rootfs image as initramfs...
[STDERR  ] 2018-07-06T07:08:01.727288848Z: [    7.002365] Freeing initrd memory: 35744K
[STDERR  ] 2018-07-06T07:08:01.727300374Z: [    7.030539] PCLMULQDQ-NI instructions are not detected.
[STDERR  ] 2018-07-06T07:08:01.727311475Z: [    7.032188] AVX or AES-NI instructions are not detected.
