[INFO    ] 2018-05-15T11:17:21.397283023Z: Running Test linuxkit.packages.binfmt in /tmp/build/test/cases/040_packages/002_binfmt
[INFO    ] 2018-05-15T11:17:21.397448011Z: Running command: [/bin/sh -x /tmp/build/test/cases/040_packages/002_binfmt/test.sh]
[STDERR  ] 2018-05-15T11:17:21.405976125Z: + set -e
[STDERR  ] 2018-05-15T11:17:21.406058790Z: + . /tmp/build/test/cases/_lib/lib.sh
[STDERR  ] 2018-05-15T11:17:21.406074101Z: + [ -f src/github.com/linuxkit/rtf/lib/lib.sh ]
[STDERR  ] 2018-05-15T11:17:21.406087709Z: + LINUXKIT_TMPDIR=/tmp/build/test/cases/_tmp
[STDERR  ] 2018-05-15T11:17:21.406101547Z: + [ -f /tmp/build/test/cases/_tmp/env.sh ]
[STDERR  ] 2018-05-15T11:17:21.406113681Z: + . /tmp/build/test/cases/_tmp/env.sh
[STDERR  ] 2018-05-15T11:17:21.406126744Z: + export LINUXKIT_EXAMPLES_DIR=/tmp/build/test/cases/../../examples
[STDERR  ] 2018-05-15T11:17:21.406140706Z: + RT_CANCEL=253
[STDERR  ] 2018-05-15T11:17:21.406152681Z: + NAME=binfmt
[STDERR  ] 2018-05-15T11:17:21.406172127Z: + trap clean_up EXIT
[STDERR  ] 2018-05-15T11:17:21.406183865Z: + linuxkit build -format kernel+initrd -name binfmt test.yml
[STDERR  ] 2018-05-15T11:17:21.728846380Z: Extract kernel image: linuxkit/kernel:4.14.40
[STDERR  ] 2018-05-15T11:17:23.493527651Z: Add init containers:
[STDERR  ] 2018-05-15T11:17:23.493640373Z: Process init image: linuxkit/init:v0.4
[STDERR  ] 2018-05-15T11:17:24.718572735Z: Process init image: linuxkit/runc:v0.4
[STDERR  ] 2018-05-15T11:17:25.981495813Z: Add onboot containers:
[STDERR  ] 2018-05-15T11:17:25.981561142Z:   Create OCI config for linuxkit/binfmt:v0.4
[STDERR  ] 2018-05-15T11:17:27.521359574Z:   Create OCI config for alpine:3.7
[STDERR  ] 2018-05-15T11:17:28.930778260Z:   Create OCI config for linuxkit/poweroff:d75d94d9603bde9ab95b914deed0d069d05d8b20
[STDERR  ] 2018-05-15T11:17:30.197449965Z: Add files:
[STDERR  ] 2018-05-15T11:17:30.197543316Z:   check.sh
[STDERR  ] 2018-05-15T11:17:30.229022830Z: Create outputs:
[STDERR  ] 2018-05-15T11:17:35.718929642Z:   binfmt-kernel binfmt-initrd.img binfmt-cmdline
[STDERR  ] 2018-05-15T11:17:35.781379679Z: + linuxkit run binfmt
[STDERR  ] 2018-05-15T11:17:35.805247636Z: Unable to find qemu-system-x86_64 within the $PATH. Using a container
[STDERR  ] 2018-05-15T11:18:05.739646765Z: + RESULT=[    0.000000] Linux version 4.14.40-linuxkit (root@945c5b0ac955) (gcc version 6.4.0 (Alpine 6.4.0)) #1 SMP Thu May 10 10:06:57 UTC 2018
[STDERR  ] 2018-05-15T11:18:05.739713093Z: [    0.000000] Command line: console=ttyS0 console=ttyAMA0
[STDERR  ] 2018-05-15T11:18:05.739730282Z: [    0.000000] x86/fpu: x87 FPU will use FXSAVE
[STDERR  ] 2018-05-15T11:18:05.739816399Z: [    0.000000] e820: BIOS-provided physical RAM map:
[STDERR  ] 2018-05-15T11:18:05.739830498Z: [    0.000000] BIOS-e820: [mem 0x0000000000000000-0x000000000009fbff] usable
[STDERR  ] 2018-05-15T11:18:05.739843386Z: [    0.000000] BIOS-e820: [mem 0x000000000009fc00-0x000000000009ffff] reserved
[STDERR  ] 2018-05-15T11:18:05.739856525Z: [    0.000000] BIOS-e820: [mem 0x00000000000f0000-0x00000000000fffff] reserved
[STDERR  ] 2018-05-15T11:18:05.739868757Z: [    0.000000] BIOS-e820: [mem 0x0000000000100000-0x000000003ffdefff] usable
[STDERR  ] 2018-05-15T11:18:05.739881389Z: [    0.000000] BIOS-e820: [mem 0x000000003ffdf000-0x000000003fffffff] reserved
[STDERR  ] 2018-05-15T11:18:05.739893724Z: [    0.000000] BIOS-e820: [mem 0x00000000b0000000-0x00000000bfffffff] reserved
[STDERR  ] 2018-05-15T11:18:05.739906429Z: [    0.000000] BIOS-e820: [mem 0x00000000fed1c000-0x00000000fed1ffff] reserved
[STDERR  ] 2018-05-15T11:18:05.739922401Z: [    0.000000] BIOS-e820: [mem 0x00000000fffc0000-0x00000000ffffffff] reserved
[STDERR  ] 2018-05-15T11:18:05.739936139Z: [    0.000000] NX (Execute Disable) protection: active
[STDERR  ] 2018-05-15T11:18:05.739948713Z: [    0.000000] SMBIOS 2.8 present.
[STDERR  ] 2018-05-15T11:18:05.739975512Z: [    0.000000] DMI: QEMU Standard PC (Q35 + ICH9, 2009), BIOS rel-1.10.2-0-g5f4c7b1-prebuilt.qemu-project.org 04/01/2014
[STDERR  ] 2018-05-15T11:18:05.739991853Z: [    0.000000] tsc: Fast TSC calibration using PIT
[STDERR  ] 2018-05-15T11:18:05.740009596Z: [    0.000000] e820: last_pfn = 0x3ffdf max_arch_pfn = 0x400000000
[STDERR  ] 2018-05-15T11:18:05.740024235Z: [    0.000000] x86/PAT: Configuration [0-7]: WB  WC  UC- UC  WB  WP  UC- WT  
[STDERR  ] 2018-05-15T11:18:05.740036955Z: [    0.000000] found SMP MP-table at [mem 0x000f6aa0-0x000f6aaf] mapped at [ffffffffff200aa0]
[STDERR  ] 2018-05-15T11:18:05.740051358Z: [    0.000000] RAMDISK: [mem 0x3e0f4000-0x3ffcffff]
[STDERR  ] 2018-05-15T11:18:05.740064727Z: [    0.000000] ACPI: Early table checksum verification disabled
[STDERR  ] 2018-05-15T11:18:05.740077055Z: [    0.000000] ACPI: RSDP 0x00000000000F68B0 000014 (v00 BOCHS )
[STDERR  ] 2018-05-15T11:18:05.740089497Z: [    0.000000] ACPI: RSDT 0x000000003FFE20A8 000034 (v01 BOCHS  BXPCRSDT 00000001 BXPC 00000001)
[STDERR  ] 2018-05-15T11:18:05.740101517Z: [    0.000000] ACPI: FACP 0x000000003FFE1EC8 0000F4 (v03 BOCHS  BXPCFACP 00000001 BXPC 00000001)
[STDERR  ] 2018-05-15T11:18:05.740113434Z: [    0.000000] ACPI: DSDT 0x000000003FFE0040 001E88 (v01 BOCHS  BXPCDSDT 00000001 BXPC 00000001)
[STDERR  ] 2018-05-15T11:18:05.740125872Z: [    0.000000] ACPI: FACS 0x000000003FFE0000 000040
[STDERR  ] 2018-05-15T11:18:05.740137909Z: [    0.000000] ACPI: APIC 0x000000003FFE1FBC 000078 (v01 BOCHS  BXPCAPIC 00000001 BXPC 00000001)
[STDERR  ] 2018-05-15T11:18:05.740150073Z: [    0.000000] ACPI: HPET 0x000000003FFE2034 000038 (v01 BOCHS  BXPCHPET 00000001 BXPC 00000001)
[STDERR  ] 2018-05-15T11:18:05.740161785Z: [    0.000000] ACPI: MCFG 0x000000003FFE206C 00003C (v01 BOCHS  BXPCMCFG 00000001 BXPC 00000001)
[STDERR  ] 2018-05-15T11:18:05.740173377Z: [    0.000000] Zone ranges:
[STDERR  ] 2018-05-15T11:18:05.740185303Z: [    0.000000]   DMA      [mem 0x0000000000001000-0x0000000000ffffff]
[STDERR  ] 2018-05-15T11:18:05.740196915Z: [    0.000000]   DMA32    [mem 0x0000000001000000-0x000000003ffdefff]
[STDERR  ] 2018-05-15T11:18:05.740208500Z: [    0.000000]   Normal   empty
[STDERR  ] 2018-05-15T11:18:05.740220338Z: [    0.000000]   Device   empty
[STDERR  ] 2018-05-15T11:18:05.740232125Z: [    0.000000] Movable zone start for each node
[STDERR  ] 2018-05-15T11:18:05.740244717Z: [    0.000000] Early memory node ranges
[STDERR  ] 2018-05-15T11:18:05.740256950Z: [    0.000000]   node   0: [mem 0x0000000000001000-0x000000000009efff]
[STDERR  ] 2018-05-15T11:18:05.740268550Z: [    0.000000]   node   0: [mem 0x0000000000100000-0x000000003ffdefff]
[STDERR  ] 2018-05-15T11:18:05.740280155Z: [    0.000000] Initmem setup node 0 [mem 0x0000000000001000-0x000000003ffdefff]
[STDERR  ] 2018-05-15T11:18:05.740291610Z: [    0.000000] ACPI: PM-Timer IO Port: 0x608
[STDERR  ] 2018-05-15T11:18:05.740303921Z: [    0.000000] ACPI: LAPIC_NMI (acpi_id[0xff] dfl dfl lint[0x1])
[STDERR  ] 2018-05-15T11:18:05.740316971Z: [    0.000000] IOAPIC[0]: apic_id 0, version 32, address 0xfec00000, GSI 0-23
[STDERR  ] 2018-05-15T11:18:05.740329169Z: [    0.000000] ACPI: INT_SRC_OVR (bus 0 bus_irq 0 global_irq 2 dfl dfl)
[STDERR  ] 2018-05-15T11:18:05.740341310Z: [    0.000000] ACPI: INT_SRC_OVR (bus 0 bus_irq 5 global_irq 5 high level)
[STDERR  ] 2018-05-15T11:18:05.740356860Z: [    0.000000] ACPI: INT_SRC_OVR (bus 0 bus_irq 9 global_irq 9 high level)
[STDERR  ] 2018-05-15T11:18:05.740371146Z: [    0.000000] ACPI: INT_SRC_OVR (bus 0 bus_irq 10 global_irq 10 high level)
[STDERR  ] 2018-05-15T11:18:05.740383180Z: [    0.000000] ACPI: INT_SRC_OVR (bus 0 bus_irq 11 global_irq 11 high level)
[STDERR  ] 2018-05-15T11:18:05.740395546Z: [    0.000000] Using ACPI (MADT) for SMP configuration information
[STDERR  ] 2018-05-15T11:18:05.740410078Z: [    0.000000] ACPI: HPET id: 0x8086a201 base: 0xfed00000
[STDERR  ] 2018-05-15T11:18:05.740422257Z: [    0.000000] smpboot: Allowing 1 CPUs, 0 hotplug CPUs
[STDERR  ] 2018-05-15T11:18:05.740433635Z: [    0.000000] e820: [mem 0x40000000-0xafffffff] available for PCI devices
[STDERR  ] 2018-05-15T11:18:05.740450376Z: [    0.000000] Booting paravirtualized kernel on bare hardware
[STDERR  ] 2018-05-15T11:18:05.740463059Z: [    0.000000] clocksource: refined-jiffies: mask: 0xffffffff max_cycles: 0xffffffff, max_idle_ns: 19112604462750000 ns
[STDERR  ] 2018-05-15T11:18:05.740481866Z: [    0.000000] random: get_random_bytes called from start_kernel+0x92/0x4c8 with crng_init=0
[STDERR  ] 2018-05-15T11:18:05.740493745Z: [    0.000000] setup_percpu: NR_CPUS:128 nr_cpumask_bits:128 nr_cpu_ids:1 nr_node_ids:1
[STDERR  ] 2018-05-15T11:18:05.740508727Z: [    0.000000] percpu: Embedded 44 pages/cpu @ffff9caffde00000 s143256 r8192 d28776 u2097152
[STDERR  ] 2018-05-15T11:18:05.740519724Z: [    0.000000] Built 1 zonelists, mobility grouping on.  Total pages: 257896
[STDERR  ] 2018-05-15T11:18:05.740533086Z: [    0.000000] Kernel command line: console=ttyS0 console=ttyAMA0
[STDERR  ] 2018-05-15T11:18:05.740546076Z: [    0.000000] PID hash table entries: 4096 (order: 3, 32768 bytes)
[STDERR  ] 2018-05-15T11:18:05.740558927Z: [    0.000000] Dentry cache hash table entries: 131072 (order: 8, 1048576 bytes)
[STDERR  ] 2018-05-15T11:18:05.740571137Z: [    0.000000] Inode-cache hash table entries: 65536 (order: 7, 524288 bytes)
[STDERR  ] 2018-05-15T11:18:05.740584134Z: [    0.000000] Memory: 973200K/1048052K available (12300K kernel code, 1465K rwdata, 2988K rodata, 1508K init, 632K bss, 74852K reserved, 0K cma-reserved)
[STDERR  ] 2018-05-15T11:18:05.740603134Z: [    0.000000] ftrace: allocating 40967 entries in 161 pages
[STDERR  ] 2018-05-15T11:18:05.740614228Z: [    0.000000] Hierarchical RCU implementation.
[STDERR  ] 2018-05-15T11:18:05.740627272Z: [    0.000000] 	RCU restricting CPUs from NR_CPUS=128 to nr_cpu_ids=1.
[STDERR  ] 2018-05-15T11:18:05.740640155Z: [    0.000000] RCU: Adjusting geometry for rcu_fanout_leaf=16, nr_cpu_ids=1
[STDERR  ] 2018-05-15T11:18:05.740652773Z: [    0.000000] NR_IRQS: 8448, nr_irqs: 256, preallocated irqs: 16
[STDERR  ] 2018-05-15T11:18:05.740666251Z: [    0.000000] Console: colour VGA+ 80x25
[STDERR  ] 2018-05-15T11:18:05.740679204Z: [    0.000000] console [ttyS0] enabled
[STDERR  ] 2018-05-15T11:18:05.740691650Z: [    0.000000] clocksource: hpet: mask: 0xffffffff max_cycles: 0xffffffff, max_idle_ns: 19112604467 ns
[STDERR  ] 2018-05-15T11:18:05.740704074Z: [    0.000000] tsc: Fast TSC calibration using PIT
[STDERR  ] 2018-05-15T11:18:05.740718025Z: [    0.000000] tsc: Detected 2599.843 MHz processor
[STDERR  ] 2018-05-15T11:18:05.740729228Z: [    0.001727] Calibrating delay loop (skipped), value calculated using timer frequency.. 5199.68 BogoMIPS (lpj=25998430)
[STDERR  ] 2018-05-15T11:18:05.740740231Z: [    0.002185] pid_max: default: 32768 minimum: 301
[STDERR  ] 2018-05-15T11:18:05.740759715Z: [    0.002916] ACPI: Core revision 20170728
[STDERR  ] 2018-05-15T11:18:05.740771513Z: [    0.038248] ACPI: 1 ACPI AML tables successfully acquired and loaded
[STDERR  ] 2018-05-15T11:18:05.740783210Z: [    0.040270] Security Framework initialized
[STDERR  ] 2018-05-15T11:18:05.740796596Z: [    0.040575] Yama: becoming mindful.
[STDERR  ] 2018-05-15T11:18:05.740809044Z: [    0.043086] Mount-cache hash table entries: 2048 (order: 2, 16384 bytes)
[STDERR  ] 2018-05-15T11:18:05.740824352Z: [    0.043302] Mountpoint-cache hash table entries: 2048 (order: 2, 16384 bytes)
[STDERR  ] 2018-05-15T11:18:05.740836622Z: [    0.059640] Last level iTLB entries: 4KB 0, 2MB 0, 4MB 0
[STDERR  ] 2018-05-15T11:18:05.740848850Z: [    0.060000] Last level dTLB entries: 4KB 0, 2MB 0, 4MB 0, 1GB 0
[STDERR  ] 2018-05-15T11:18:05.740861931Z: [    0.060227] Spectre V2 : Spectre mitigation: LFENCE not serializing, switching to generic retpoline
[STDERR  ] 2018-05-15T11:18:05.740874741Z: [    0.060706] Spectre V2 : Vulnerable: Minimal generic ASM retpoline
[STDERR  ] 2018-05-15T11:18:05.740886618Z: [    0.060985] Spectre V2 : Spectre v2 mitigation: Filling RSB on context switch
[STDERR  ] 2018-05-15T11:18:05.740898014Z: [    0.339637] Freeing SMP alternatives memory: 20K
[STDERR  ] 2018-05-15T11:18:05.740915933Z: [    0.360408] smpboot: Max logical packages: 1
[STDERR  ] 2018-05-15T11:18:05.740928919Z: [    0.366781] ..TIMER: vector=0x30 apic1=0 pin1=2 apic2=-1 pin2=-1
[STDERR  ] 2018-05-15T11:18:05.740955089Z: [    0.470000] APIC calibration not consistent with PM-Timer: 96ms instead of 100ms
[STDERR  ] 2018-05-15T11:18:05.740968457Z: [    0.470000] APIC delta adjusted to PM-Timer: 6249991 (6048447)
[STDERR  ] 2018-05-15T11:18:05.740983755Z: [    0.470000] smpboot: CPU0: AMD QEMU Virtual CPU version 2.5+ (family: 0x6, model: 0x6, stepping: 0x3)
[STDERR  ] 2018-05-15T11:18:05.740997100Z: [    0.470000] Performance Events: PMU not available due to virtualization, using software events only.
[STDERR  ] 2018-05-15T11:18:05.741010188Z: [    0.471015] Hierarchical SRCU implementation.
[STDERR  ] 2018-05-15T11:18:05.741022895Z: [    0.477723] NMI watchdog: Perf event create on CPU 0 failed with -2
[STDERR  ] 2018-05-15T11:18:05.741035061Z: [    0.478201] NMI watchdog: Perf NMI watchdog permanently disabled
[STDERR  ] 2018-05-15T11:18:05.741047612Z: [    0.482013] smp: Bringing up secondary CPUs ...
[STDERR  ] 2018-05-15T11:18:05.741060015Z: [    0.482401] smp: Brought up 1 node, 1 CPU
[STDERR  ] 2018-05-15T11:18:05.741073485Z: [    0.482719] smpboot: Total of 1 processors activated (5199.68 BogoMIPS)
[STDERR  ] 2018-05-15T11:18:05.741085673Z: [    0.497931] devtmpfs: initialized
[STDERR  ] 2018-05-15T11:18:05.741098376Z: [    0.503784] x86/mm: Memory block size: 128MB
[STDERR  ] 2018-05-15T11:18:05.741111451Z: [    0.508296] evm: security.ima
[STDERR  ] 2018-05-15T11:18:05.741123603Z: [    0.508603] evm: security.capability
[STDERR  ] 2018-05-15T11:18:05.741138301Z: [    0.511614] clocksource: jiffies: mask: 0xffffffff max_cycles: 0xffffffff, max_idle_ns: 19112604462750000 ns
[STDERR  ] 2018-05-15T11:18:05.741150540Z: [    0.512196] futex hash table entries: 256 (order: 2, 16384 bytes)
[STDERR  ] 2018-05-15T11:18:05.741163036Z: [    0.521882] NET: Registered protocol family 16
[STDERR  ] 2018-05-15T11:18:05.741175908Z: [    0.527616] cpuidle: using governor ladder
[STDERR  ] 2018-05-15T11:18:05.741188091Z: [    0.528020] cpuidle: using governor menu
[STDERR  ] 2018-05-15T11:18:05.741200185Z: [    0.529402] ACPI: bus type PCI registered
[STDERR  ] 2018-05-15T11:18:05.741212720Z: [    0.531905] PCI: MMCONFIG for domain 0000 [bus 00-ff] at [mem 0xb0000000-0xbfffffff] (base 0xb0000000)
[STDERR  ] 2018-05-15T11:18:05.741226105Z: [    0.532673] PCI: MMCONFIG at [mem 0xb0000000-0xbfffffff] reserved in E820
[STDERR  ] 2018-05-15T11:18:05.741238148Z: [    0.533568] PCI: Using configuration type 1 for base access
[STDERR  ] 2018-05-15T11:18:05.741250923Z: [    0.580887] HugeTLB registered 2.00 MiB page size, pre-allocated 0 pages
[STDERR  ] 2018-05-15T11:18:05.741263308Z: [    0.591634] ACPI: Added _OSI(Module Device)
[STDERR  ] 2018-05-15T11:18:05.741275866Z: [    0.591913] ACPI: Added _OSI(Processor Device)
[STDERR  ] 2018-05-15T11:18:05.741288631Z: [    0.592167] ACPI: Added _OSI(3.0 _SCP Extensions)
[STDERR  ] 2018-05-15T11:18:05.741300763Z: [    0.592374] ACPI: Added _OSI(Processor Aggregator Device)
[STDERR  ] 2018-05-15T11:18:05.741312560Z: [    0.645590] ACPI: Interpreter enabled
[STDERR  ] 2018-05-15T11:18:05.741325251Z: [    0.646459] ACPI: (supports S0 S5)
[STDERR  ] 2018-05-15T11:18:05.741337837Z: [    0.646797] ACPI: Using IOAPIC for interrupt routing
[STDERR  ] 2018-05-15T11:18:05.741350065Z: [    0.649088] PCI: Using host bridge windows from ACPI; if necessary, use "pci=nocrs" and report a bug
[STDERR  ] 2018-05-15T11:18:05.741362622Z: [    0.652234] ACPI: Enabled 1 GPEs in block 00 to 3F
[STDERR  ] 2018-05-15T11:18:05.741374463Z: [    0.697746] ACPI: PCI Root Bridge [PCI0] (domain 0000 [bus 00-ff])
[STDERR  ] 2018-05-15T11:18:05.741385983Z: [    0.698671] acpi PNP0A08:00: _OSC: OS supports [ExtendedConfig ASPM ClockPM Segments MSI]
[STDERR  ] 2018-05-15T11:18:05.741398485Z: [    0.703154] acpi PNP0A08:00: _OSC: OS now controls [PCIeHotplug PME PCIeCapability]
[STDERR  ] 2018-05-15T11:18:05.741415458Z: [    0.706593] PCI host bridge to bus 0000:00
[STDERR  ] 2018-05-15T11:18:05.741427416Z: [    0.706984] pci_bus 0000:00: root bus resource [io  0x0000-0x0cf7 window]
[STDERR  ] 2018-05-15T11:18:05.741447216Z: [    0.707358] pci_bus 0000:00: root bus resource [io  0x0d00-0xffff window]
[STDERR  ] 2018-05-15T11:18:05.741461416Z: [    0.707680] pci_bus 0000:00: root bus resource [mem 0x000a0000-0x000bffff window]
[STDERR  ] 2018-05-15T11:18:05.741472432Z: [    0.708008] pci_bus 0000:00: root bus resource [mem 0xc0000000-0xfebfffff window]
[STDERR  ] 2018-05-15T11:18:05.741484833Z: [    0.708515] pci_bus 0000:00: root bus resource [bus 00-ff]
[STDERR  ] 2018-05-15T11:18:05.741496821Z: [    0.871727] pci 0000:00:1f.0: quirk: [io  0x0600-0x067f] claimed by ICH6 ACPI/GPIO/TCO
[STDERR  ] 2018-05-15T11:18:05.741509300Z: [    0.948393] ACPI: PCI Interrupt Link [LNKA] (IRQs 5 *10 11)
[STDERR  ] 2018-05-15T11:18:05.741521521Z: [    0.951594] ACPI: PCI Interrupt Link [LNKB] (IRQs 5 *10 11)
[STDERR  ] 2018-05-15T11:18:05.741533518Z: [    0.953144] ACPI: PCI Interrupt Link [LNKC] (IRQs 5 10 *11)
[STDERR  ] 2018-05-15T11:18:05.741545168Z: [    0.954649] ACPI: PCI Interrupt Link [LNKD] (IRQs 5 10 *11)
[STDERR  ] 2018-05-15T11:18:05.741557685Z: [    0.956084] ACPI: PCI Interrupt Link [LNKE] (IRQs 5 *10 11)
[STDERR  ] 2018-05-15T11:18:05.741571327Z: [    0.957305] ACPI: PCI Interrupt Link [LNKF] (IRQs 5 *10 11)
[STDERR  ] 2018-05-15T11:18:05.741583329Z: [    0.958343] ACPI: PCI Interrupt Link [LNKG] (IRQs 5 10 *11)
[STDERR  ] 2018-05-15T11:18:05.741593920Z: [    0.960874] ACPI: PCI Interrupt Link [LNKH] (IRQs 5 10 *11)
[STDERR  ] 2018-05-15T11:18:05.741606527Z: [    0.961554] ACPI: PCI Interrupt Link [GSIA] (IRQs *16)
[STDERR  ] 2018-05-15T11:18:05.741619780Z: [    0.962022] ACPI: PCI Interrupt Link [GSIB] (IRQs *17)
[STDERR  ] 2018-05-15T11:18:05.741631485Z: [    0.962513] ACPI: PCI Interrupt Link [GSIC] (IRQs *18)
[STDERR  ] 2018-05-15T11:18:05.741644366Z: [    0.962998] ACPI: PCI Interrupt Link [GSID] (IRQs *19)
[STDERR  ] 2018-05-15T11:18:05.741655356Z: [    0.963478] ACPI: PCI Interrupt Link [GSIE] (IRQs *20)
[STDERR  ] 2018-05-15T11:18:05.741667724Z: [    0.963961] ACPI: PCI Interrupt Link [GSIF] (IRQs *21)
[STDERR  ] 2018-05-15T11:18:05.741680377Z: [    0.964423] ACPI: PCI Interrupt Link [GSIG] (IRQs *22)
[STDERR  ] 2018-05-15T11:18:05.741693121Z: [    0.964927] ACPI: PCI Interrupt Link [GSIH] (IRQs *23)
[STDERR  ] 2018-05-15T11:18:05.741706684Z: [    0.973423] SCSI subsystem initialized
[STDERR  ] 2018-05-15T11:18:05.741718684Z: [    0.976133] ACPI: bus type USB registered
[STDERR  ] 2018-05-15T11:18:05.741731058Z: [    0.976896] usbcore: registered new interface driver usbfs
[STDERR  ] 2018-05-15T11:18:05.741750464Z: [    0.977662] usbcore: registered new interface driver hub
[STDERR  ] 2018-05-15T11:18:05.741758778Z: [    0.978406] usbcore: registered new device driver usb
[STDERR  ] 2018-05-15T11:18:05.741766608Z: [    0.979260] pps_core: LinuxPPS API ver. 1 registered
[STDERR  ] 2018-05-15T11:18:05.741796378Z: [    0.979496] pps_core: Software ver. 5.3.6 - Copyright 2005-2007 Rodolfo Giometti <giometti@linux.it>
[STDERR  ] 2018-05-15T11:18:05.741809677Z: [    0.980195] PTP clock support registered
[STDERR  ] 2018-05-15T11:18:05.741822515Z: [    0.982616] PCI: Using ACPI for IRQ routing
[STDERR  ] 2018-05-15T11:18:05.741834764Z: [    1.004902] NetLabel: Initializing
[STDERR  ] 2018-05-15T11:18:05.741848238Z: [    1.005073] NetLabel:  domain hash size = 128
[STDERR  ] 2018-05-15T11:18:05.741857498Z: [    1.005165] NetLabel:  protocols = UNLABELED CIPSOv4 CALIPSO
[STDERR  ] 2018-05-15T11:18:05.741865885Z: [    1.007776] NetLabel:  unlabeled traffic allowed by default
[STDERR  ] 2018-05-15T11:18:05.741874204Z: [    1.009637] HPET: 3 timers in total, 0 timers will be used for per-cpu timer
[STDERR  ] 2018-05-15T11:18:05.741882725Z: [    1.010638] hpet0: at MMIO 0xfed00000, IRQs 2, 8, 0
[STDERR  ] 2018-05-15T11:18:05.741891216Z: [    1.010886] hpet0: 3 comparators, 64-bit 100.000000 MHz counter
[STDERR  ] 2018-05-15T11:18:05.741908911Z: [    1.017873] clocksource: Switched to clocksource hpet
[STDERR  ] 2018-05-15T11:18:05.741916831Z: [    1.227420] VFS: Disk quotas dquot_6.6.0
[STDERR  ] 2018-05-15T11:18:05.741929508Z: [    1.228103] VFS: Dquot-cache hash table entries: 512 (order 0, 4096 bytes)
[STDERR  ] 2018-05-15T11:18:05.741941033Z: [    1.231583] FS-Cache: Loaded
[STDERR  ] 2018-05-15T11:18:05.741949503Z: [    1.236461] CacheFiles: Loaded
[STDERR  ] 2018-05-15T11:18:05.741957416Z: [    1.237531] pnp: PnP ACPI init
[STDERR  ] 2018-05-15T11:18:05.741965189Z: [    1.246312] pnp: PnP ACPI: found 5 devices
[STDERR  ] 2018-05-15T11:18:05.741973632Z: [    1.278597] clocksource: acpi_pm: mask: 0xffffff max_cycles: 0xffffff, max_idle_ns: 2085701024 ns
[STDERR  ] 2018-05-15T11:18:05.741982884Z: [    1.282365] NET: Registered protocol family 2
[STDERR  ] 2018-05-15T11:18:05.741990605Z: [    1.290648] TCP established hash table entries: 8192 (order: 4, 65536 bytes)
[STDERR  ] 2018-05-15T11:18:05.741998643Z: [    1.291406] TCP bind hash table entries: 8192 (order: 5, 131072 bytes)
[STDERR  ] 2018-05-15T11:18:05.742006213Z: [    1.292437] TCP: Hash tables configured (established 8192 bind 8192)
[STDERR  ] 2018-05-15T11:18:05.742013775Z: [    1.294327] UDP hash table entries: 512 (order: 2, 16384 bytes)
[STDERR  ] 2018-05-15T11:18:05.742022226Z: [    1.294948] UDP-Lite hash table entries: 512 (order: 2, 16384 bytes)
[STDERR  ] 2018-05-15T11:18:05.742029943Z: [    1.297142] NET: Registered protocol family 1
[STDERR  ] 2018-05-15T11:18:05.742037522Z: [    1.298107] pci 0000:00:01.0: Video device with shadowed ROM at [mem 0x000c0000-0x000dffff]
[STDERR  ] 2018-05-15T11:18:05.742045308Z: [    1.303533] Trying to unpack rootfs image as initramfs...
[STDERR  ] 2018-05-15T11:18:05.742052865Z: [    5.998555] Freeing initrd memory: 31600K
[STDERR  ] 2018-05-15T11:18:05.742061720Z: [    6.019229] PCLMULQDQ-NI instructions are not detected.
[STDERR  ] 2018-05-15T11:18:05.742069412Z: [    6.020888] AVX or AES-NI instructions are not detected.
[STDERR  ] 2018-05-15T11:18:05.742077219Z: [    6.021346] CPU feature 'AVX registers' is not supported.
[STDERR  ] 2018-05-15T11:18:05.742085119Z: [    6.021670] CPU feature 'AVX registers' is not supported.
[STDERR  ] 2018-05-15T11:18:05.742094116Z: [    6.021954] CPU feature 'AVX registers' is not supported.
[STDERR  ] 2018-05-15T11:18:05.742102432Z: [    6.022342] CPU feature 'AVX registers' is not supported.
[STDERR  ] 2018-05-15T11:18:05.742110177Z: [    6.022643] AVX2 or AES-NI instructions are not detected.
[STDERR  ] 2018-05-15T11:18:05.742118011Z: [    6.022916] AVX2 instructions are not detected.
[STDERR  ] 2018-05-15T11:18:05.742126142Z: [    6.026815] audit: initializing netlink subsys (disabled)
[STDERR  ] 2018-05-15T11:18:05.742133958Z: [    6.029661] audit: type=2000 audit(1526383064.020:1): state=initialized audit_enabled=0 res=1
[STDERR  ] 2018-05-15T11:18:05.742141692Z: [    6.034660] workingset: timestamp_bits=46 max_order=18 bucket_order=0
[STDERR  ] 2018-05-15T11:18:05.742149604Z: [    6.039777] squashfs: version 4.0 (2009/01/31) Phillip Lougher
[STDERR  ] 2018-05-15T11:18:05.742158013Z: [    6.043589] FS-Cache: Netfs 'cifs' registered for caching
[STDERR  ] 2018-05-15T11:18:05.742165566Z: [    6.044351] fuse init (API version 7.26)
[STDERR  ] 2018-05-15T11:18:05.742173123Z: [    6.046692] SGI XFS with ACLs, security attributes, no debug enabled
[STDERR  ] 2018-05-15T11:18:05.742182813Z: [    6.050779] 9p: Installing v9fs 9p2000 file system support
[STDERR  ] 2018-05-15T11:18:05.742190383Z: [    6.051215] FS-Cache: Netfs '9p' registered for caching
[STDERR  ] 2018-05-15T11:18:05.742197845Z: [    6.092354] NET: Registered protocol family 38
[STDERR  ] 2018-05-15T11:18:05.742207022Z: [    6.092889] Key type asymmetric registered
[STDERR  ] 2018-05-15T11:18:05.742214576Z: [    6.093281] Asymmetric key parser 'x509' registered
[STDERR  ] 2018-05-15T11:18:05.742222128Z: [    6.094084] Block layer SCSI generic (bsg) driver version 0.4 loaded (major 247)
[STDERR  ] 2018-05-15T11:18:05.742232987Z: [    6.095577] io scheduler noop registered
[STDERR  ] 2018-05-15T11:18:05.742240598Z: [    6.095913] io scheduler deadline registered (default)
[STDERR  ] 2018-05-15T11:18:05.742252044Z: [    6.096753] io scheduler cfq registered
[STDERR  ] 2018-05-15T11:18:05.742268064Z: [    6.097012] io scheduler mq-deadline registered
[STDERR  ] 2018-05-15T11:18:05.742280533Z: [    6.097228] io scheduler kyber registered
[STDERR  ] 2018-05-15T11:18:05.742292068Z: [    6.101642] shpchp: Standard Hot Plug PCI Controller Driver version: 0.4
[STDERR  ] 2018-05-15T11:18:05.742302836Z: [    6.102332] hv_vmbus: registering driver hyperv_fb
[STDERR  ] 2018-05-15T11:18:05.742314056Z: [    6.105944] input: Power Button as /devices/LNXSYSTM:00/LNXPWRBN:00/input/input0
[STDERR  ] 2018-05-15T11:18:05.742325024Z: [    6.109067] ACPI: Power Button [PWRF]
[STDERR  ] 2018-05-15T11:18:05.742336574Z: [    6.126899] ACPI: PCI Interrupt Link [GSIG] enabled at IRQ 22
[STDERR  ] 2018-05-15T11:18:05.742347250Z: [    6.137994] ACPI: PCI Interrupt Link [GSIH] enabled at IRQ 23
[STDERR  ] 2018-05-15T11:18:05.742355379Z: [    6.145300] Serial: 8250/16550 driver, 4 ports, IRQ sharing disabled
[STDERR  ] 2018-05-15T11:18:05.742363103Z: [    6.168936] 00:04: ttyS0 at I/O 0x3f8 (irq = 4, base_baud = 115200) is a 16550A
[STDERR  ] 2018-05-15T11:18:05.742370714Z: [    6.177453] Non-volatile memory driver v1.3
[STDERR  ] 2018-05-15T11:18:05.742379753Z: [    6.183414] Hangcheck: starting hangcheck timer 0.9.1 (tick is 180 seconds, margin is 60 seconds).
[STDERR  ] 2018-05-15T11:18:05.742389758Z: [    6.191014] random: fast init done
[STDERR  ] 2018-05-15T11:18:05.742400929Z: [    6.192538] random: crng init done
[STDERR  ] 2018-05-15T11:18:05.742408584Z: [    6.234896] brd: module loaded
[STDERR  ] 2018-05-15T11:18:05.742416558Z: [    6.257128] loop: module loaded
[STDERR  ] 2018-05-15T11:18:05.742424518Z: [    6.294198] lpc_ich 0000:00:1f.0: I/O space for GPIO uninitialized
[STDERR  ] 2018-05-15T11:18:05.742432138Z: [    6.296189] VMware PVSCSI driver - version 1.0.7.0-k
[STDERR  ] 2018-05-15T11:18:05.742439689Z: [    6.296833] hv_vmbus: registering driver hv_storvsc
[STDERR  ] 2018-05-15T11:18:05.742448748Z: [    6.303456] ACPI: PCI Interrupt Link [GSIA] enabled at IRQ 16
[STDERR  ] 2018-05-15T11:18:05.742456490Z: [    6.310968] ahci 0000:00:1f.2: AHCI 0001.0000 32 slots 6 ports 1.5 Gbps 0x3f impl SATA mode
[STDERR  ] 2018-05-15T11:18:05.742464640Z: [    6.311621] ahci 0000:00:1f.2: flags: 64bit ncq only 
[STDERR  ] 2018-05-15T11:18:05.742472267Z: [    6.323810] scsi host0: ahci
[STDERR  ] 2018-05-15T11:18:05.742480935Z: [    6.326303] scsi host1: ahci
[STDERR  ] 2018-05-15T11:18:05.742488592Z: [    6.327633] scsi host2: ahci
[STDERR  ] 2018-05-15T11:18:05.742496068Z: [    6.328968] scsi host3: ahci
[STDERR  ] 2018-05-15T11:18:05.742503618Z: [    6.330597] scsi host4: ahci
[STDERR  ] 2018-05-15T11:18:05.742511155Z: [    6.331956] scsi host5: ahci
[STDERR  ] 2018-05-15T11:18:05.742520544Z: [    6.333059] ata1: SATA max UDMA/133 abar m4096@0xfebd2000 port 0xfebd2100 irq 24
[STDERR  ] 2018-05-15T11:18:05.742528266Z: [    6.333515] ata2: SATA max UDMA/133 abar m4096@0xfebd2000 port 0xfebd2180 irq 24
[STDERR  ] 2018-05-15T11:18:05.742535819Z: [    6.333862] ata3: SATA max UDMA/133 abar m4096@0xfebd2000 port 0xfebd2200 irq 24
[STDERR  ] 2018-05-15T11:18:05.742544854Z: [    6.334122] ata4: SATA max UDMA/133 abar m4096@0xfebd2000 port 0xfebd2280 irq 24
[STDERR  ] 2018-05-15T11:18:05.742552445Z: [    6.334436] ata5: SATA max UDMA/133 abar m4096@0xfebd2000 port 0xfebd2300 irq 24
[STDERR  ] 2018-05-15T11:18:05.742561754Z: [    6.334751] ata6: SATA max UDMA/133 abar m4096@0xfebd2000 port 0xfebd2380 irq 24
[STDERR  ] 2018-05-15T11:18:05.742569321Z: [    6.344165] tun: Universal TUN/TAP device driver, 1.6
[STDERR  ] 2018-05-15T11:18:05.742577006Z: [    6.354358] VMware vmxnet3 virtual NIC driver - version 1.4.a.0-k-NAPI
[STDERR  ] 2018-05-15T11:18:05.742584416Z: [    6.355120] hv_vmbus: registering driver hv_netvsc
[STDERR  ] 2018-05-15T11:18:05.742592112Z: [    6.355423] Fusion MPT base driver 3.04.20
[STDERR  ] 2018-05-15T11:18:05.742603128Z: [    6.355664] Copyright (c) 1999-2008 LSI Corporation
[STDERR  ] 2018-05-15T11:18:05.742610931Z: [    6.356142] Fusion MPT SPI Host driver 3.04.20
[STDERR  ] 2018-05-15T11:18:05.742622011Z: [    6.357791] i8042: PNP: PS/2 Controller [PNP0303:KBD,PNP0f13:MOU] at 0x60,0x64 irq 1,12
[STDERR  ] 2018-05-15T11:18:05.742632062Z: [    6.362197] serio: i8042 KBD port at 0x60,0x64 irq 1
[STDERR  ] 2018-05-15T11:18:05.742639860Z: [    6.362811] serio: i8042 AUX port at 0x60,0x64 irq 12
[STDERR  ] 2018-05-15T11:18:05.742647341Z: [    6.364605] hv_vmbus: registering driver hyperv_keyboard
[STDERR  ] 2018-05-15T11:18:05.742656562Z: [    6.366153] mousedev: PS/2 mouse device common for all mice
[STDERR  ] 2018-05-15T11:18:05.742686170Z: [    6.371022] input: PC Speaker as /devices/platform/pcspkr/input/input2
[STDERR  ] 2018-05-15T11:18:05.742694114Z: [    6.372046] input: AT Translated Set 2 keyboard as /devices/platform/i8042/serio0/input/input1
[STDERR  ] 2018-05-15T11:18:05.742701760Z: [    6.375649] rtc_cmos 00:00: RTC can wake from S4
[STDERR  ] 2018-05-15T11:18:05.742709694Z: [    6.378299] rtc_cmos 00:00: rtc core: registered rtc_cmos as rtc0
[STDERR  ] 2018-05-15T11:18:05.742717510Z: [    6.379517] rtc_cmos 00:00: alarms up to one day, y3k, 114 bytes nvram, hpet irqs
[STDERR  ] 2018-05-15T11:18:05.742725167Z: [    6.380467] i2c /dev entries driver
[STDERR  ] 2018-05-15T11:18:05.742732991Z: [    6.382229] device-mapper: ioctl: 4.37.0-ioctl (2017-09-20) initialised: dm-devel@redhat.com
[STDERR  ] 2018-05-15T11:18:05.742741042Z: [    6.385569] usbcore: registered new interface driver usbhid
[STDERR  ] 2018-05-15T11:18:05.742753944Z: [    6.385835] usbhid: USB HID core driver
[STDERR  ] 2018-05-15T11:18:05.742762278Z: [    6.386528] hv_utils: Registering HyperV Utility Driver
[STDERR  ] 2018-05-15T11:18:05.742770620Z: [    6.386797] hv_vmbus: registering driver hv_util
[STDERR  ] 2018-05-15T11:18:05.742779141Z: [    6.387068] hv_vmbus: registering driver hv_balloon
[STDERR  ] 2018-05-15T11:18:05.742787000Z: [    6.387508] oprofile: using NMI interrupt.
[STDERR  ] 2018-05-15T11:18:05.742795022Z: [    6.388533] GACT probability on
[STDERR  ] 2018-05-15T11:18:05.742803091Z: [    6.388938] Mirror/redirect action on
[STDERR  ] 2018-05-15T11:18:05.742810727Z: [    6.389479] Simple TC action Loaded
[STDERR  ] 2018-05-15T11:18:05.742818420Z: [    6.389938] u32 classifier
[STDERR  ] 2018-05-15T11:18:05.742827637Z: [    6.390438]     Performance counters on
[STDERR  ] 2018-05-15T11:18:05.742835325Z: [    6.390669]     input device check on
[STDERR  ] 2018-05-15T11:18:05.742844371Z: [    6.390877]     Actions configured
[STDERR  ] 2018-05-15T11:18:05.742852027Z: [    6.391650] Netfilter messages via NETLINK v0.30.
[STDERR  ] 2018-05-15T11:18:05.742859648Z: [    6.392132] nfnl_acct: registering with nfnetlink.
[STDERR  ] 2018-05-15T11:18:05.742870092Z: [    6.393225] nf_conntrack version 0.5.0 (8192 buckets, 32768 max)
[STDERR  ] 2018-05-15T11:18:05.742877907Z: [    6.395322] ctnetlink v0.93: registering with nfnetlink.
[STDERR  ] 2018-05-15T11:18:05.742885399Z: [    6.397986] nf_tables: (c) 2007-2009 Patrick McHardy <kaber@trash.net>
[STDERR  ] 2018-05-15T11:18:05.742892957Z: [    6.398757] nf_tables_compat: (c) 2012 Pablo Neira Ayuso <pablo@netfilter.org>
[STDERR  ] 2018-05-15T11:18:05.742900521Z: [    6.401199] xt_time: kernel timezone is -0000
[STDERR  ] 2018-05-15T11:18:05.742908208Z: [    6.401642] ip_set: protocol 6
[STDERR  ] 2018-05-15T11:18:05.742915622Z: [    6.402346] IPVS: Registered protocols (TCP, UDP, SCTP, AH, ESP)
[STDERR  ] 2018-05-15T11:18:05.742923228Z: [    6.402891] IPVS: Connection hash table configured (size=4096, memory=64Kbytes)
[STDERR  ] 2018-05-15T11:18:05.742930756Z: [    6.406480] IPVS: ipvs loaded.
[STDERR  ] 2018-05-15T11:18:05.742938313Z: [    6.406824] IPVS: [rr] scheduler registered.
[STDERR  ] 2018-05-15T11:18:05.742945838Z: [    6.407064] IPVS: [wrr] scheduler registered.
[STDERR  ] 2018-05-15T11:18:05.742953665Z: [    6.407279] IPVS: [lc] scheduler registered.
[STDERR  ] 2018-05-15T11:18:05.742967396Z: [    6.407475] IPVS: [wlc] scheduler registered.
[STDERR  ] 2018-05-15T11:18:05.742975034Z: [    6.407677] IPVS: [fo] scheduler registered.
[STDERR  ] 2018-05-15T11:18:05.742985645Z: [    6.407870] IPVS: [ovf] scheduler registered.
[STDERR  ] 2018-05-15T11:18:05.742993488Z: [    6.408279] IPVS: [lblc] scheduler registered.
[STDERR  ] 2018-05-15T11:18:05.743001085Z: [    6.408655] IPVS: [lblcr] scheduler registered.
[STDERR  ] 2018-05-15T11:18:05.743008611Z: [    6.408925] IPVS: [dh] scheduler registered.
[STDERR  ] 2018-05-15T11:18:05.743016278Z: [    6.409160] IPVS: [sh] scheduler registered.
[STDERR  ] 2018-05-15T11:18:05.743023777Z: [    6.409384] IPVS: [sed] scheduler registered.
[STDERR  ] 2018-05-15T11:18:05.743031888Z: [    6.409590] IPVS: [nq] scheduler registered.
[STDERR  ] 2018-05-15T11:18:05.743039312Z: [    6.410741] IPVS: ftp: loaded support on port[0] = 21
[STDERR  ] 2018-05-15T11:18:05.743047155Z: [    6.411497] ipip: IPv4 and MPLS over IPv4 tunneling driver
[STDERR  ] 2018-05-15T11:18:05.743055388Z: [    6.414660] gre: GRE over IPv4 demultiplexor driver
[STDERR  ] 2018-05-15T11:18:05.743062905Z: [    6.417122] ip_tables: (C) 2000-2006 Netfilter Core Team
[STDERR  ] 2018-05-15T11:18:05.743070467Z: [    6.420932] ipt_CLUSTERIP: ClusterIP Version 0.8 loaded successfully
[STDERR  ] 2018-05-15T11:18:05.743078041Z: [    6.421377] arp_tables: arp_tables: (C) 2002 David S. Miller
[STDERR  ] 2018-05-15T11:18:05.743085479Z: [    6.423375] NET: Registered protocol family 10
[STDERR  ] 2018-05-15T11:18:05.743093018Z: [    6.431821] Segment Routing with IPv6
[STDERR  ] 2018-05-15T11:18:05.743104765Z: [    6.432693] ip6_tables: (C) 2000-2006 Netfilter Core Team
[STDERR  ] 2018-05-15T11:18:05.743112370Z: [    6.439079] NET: Registered protocol family 17
[STDERR  ] 2018-05-15T11:18:05.743119889Z: [    6.440389] Bridge firewalling registered
[STDERR  ] 2018-05-15T11:18:05.743127441Z: [    6.441020] Ebtables v2.0 registered
[STDERR  ] 2018-05-15T11:18:05.743135128Z: [    6.442813] 8021q: 802.1Q VLAN Support v1.8
[STDERR  ] 2018-05-15T11:18:05.743143212Z: [    6.444094] 9pnet: Installing 9P2000 support
[STDERR  ] 2018-05-15T11:18:05.743150627Z: [    6.446151] Key type dns_resolver registered
[STDERR  ] 2018-05-15T11:18:05.743158144Z: [    6.447364] sched_clock: Marking stable (6440168800, 0)->(6594769559, -154600759)
[STDERR  ] 2018-05-15T11:18:05.743167623Z: [    6.450542] registered taskstats version 1
[STDERR  ] 2018-05-15T11:18:05.743175213Z: [    6.655591] Key type big_key registered
[STDERR  ] 2018-05-15T11:18:05.743183059Z: [    6.662508] ata1: SATA link down (SStatus 0 SControl 300)
[STDERR  ] 2018-05-15T11:18:05.743190705Z: [    6.672794] ata3: SATA link up 1.5 Gbps (SStatus 113 SControl 300)
[STDERR  ] 2018-05-15T11:18:05.743198300Z: [    6.676276] ata3.00: ATAPI: QEMU DVD-ROM, 2.5+, max UDMA/100
[STDERR  ] 2018-05-15T11:18:05.743205903Z: [    6.676773] ata3.00: applying bridge limits
[STDERR  ] 2018-05-15T11:18:05.743213700Z: [    6.678334] ata2: SATA link down (SStatus 0 SControl 300)
[STDERR  ] 2018-05-15T11:18:05.743221171Z: [    6.683630] ata6: SATA link down (SStatus 0 SControl 300)
[STDERR  ] 2018-05-15T11:18:05.743228600Z: [    6.684318] ata4: SATA link down (SStatus 0 SControl 300)
[STDERR  ] 2018-05-15T11:18:05.743236126Z: [    6.684744] ata5: SATA link down (SStatus 0 SControl 300)
[STDERR  ] 2018-05-15T11:18:05.743244388Z: [    6.685812] ata3.00: configured for UDMA/100
[STDERR  ] 2018-05-15T11:18:05.743256241Z: [    6.697813] scsi 2:0:0:0: CD-ROM            QEMU     QEMU DVD-ROM     2.5+ PQ: 0 ANSI: 5
[STDERR  ] 2018-05-15T11:18:05.743263958Z: [    6.755616] sr 2:0:0:0: [sr0] scsi3-mmc drive: 4x/4x cd/rw xa/form2 tray
[STDERR  ] 2018-05-15T11:18:05.743273372Z: [    6.756317] cdrom: Uniform CD-ROM driver Revision: 3.20
[STDERR  ] 2018-05-15T11:18:05.743281163Z: [    6.770811] sr 2:0:0:0: Attached scsi generic sg0 type 5
[STDERR  ] 2018-05-15T11:18:05.743290389Z: [    6.777070] Key type trusted registered
[STDERR  ] 2018-05-15T11:18:05.743301429Z: [    6.846321] Key type encrypted registered
[STDERR  ] 2018-05-15T11:18:05.743308991Z: [    6.846941] ima: No TPM chip found, activating TPM-bypass! (rc=-19)
[STDERR  ] 2018-05-15T11:18:05.743316651Z: [    6.851363] evm: HMAC attrs: 0x1
[STDERR  ] 2018-05-15T11:18:05.743327041Z: [    6.856359] rtc_cmos 00:00: setting system clock to 2018-05-15 11:17:45 UTC (1526383065)
[STDERR  ] 2018-05-15T11:18:05.743334708Z: [    7.009210] Freeing unused kernel memory: 1508K
[STDERR  ] 2018-05-15T11:18:05.743342437Z: [    7.009565] Write protecting the kernel read-only data: 18432k
[STDERR  ] 2018-05-15T11:18:05.743350073Z: [    7.021902] Freeing unused kernel memory: 2024K
[STDERR  ] 2018-05-15T11:18:05.743357615Z: [    7.050706] Freeing unused kernel memory: 1108K
[STDERR  ] 2018-05-15T11:18:05.743365284Z: [    7.051399] tsc: Refined TSC clocksource calibration: 2599.914 MHz
[STDERR  ] 2018-05-15T11:18:05.743373394Z: [    7.051896] clocksource: tsc: mask: 0xffffffffffffffff max_cycles: 0x2579eaedd18, max_idle_ns: 440795311376 ns
[STDERR  ] 2018-05-15T11:18:05.743381452Z: [    8.067400] clocksource: Switched to clocksource tsc
[STDERR  ] 2018-05-15T11:18:05.743389150Z: 
[STDERR  ] 2018-05-15T11:18:05.743397028Z: Welcome to LinuxKit
[STDERR  ] 2018-05-15T11:18:05.743405770Z: 
[STDERR  ] 2018-05-15T11:18:05.743413347Z:                         ##         .
[STDERR  ] 2018-05-15T11:18:05.743421146Z:                   ## ## ##        ==
[STDERR  ] 2018-05-15T11:18:05.743428740Z:                ## ## ## ## ##    ===
[STDERR  ] 2018-05-15T11:18:05.743436388Z:            /"""""""""""""""""\___/ ===
[STDERR  ] 2018-05-15T11:18:05.743443872Z:           {                       /  ===-
[STDERR  ] 2018-05-15T11:18:05.743451394Z:            \______ O           __/
[STDERR  ] 2018-05-15T11:18:05.743459074Z:              \    \         __/
[STDERR  ] 2018-05-15T11:18:05.743468589Z:               \____\_______/
[STDERR  ] 2018-05-15T11:18:05.743476180Z: 
[STDERR  ] 2018-05-15T11:18:05.743484012Z: [   12.663840] IPVS: ftp: loaded support on port[0] = 21
[STDERR  ] 2018-05-15T11:18:05.743491931Z: binfmt test suite PASSED
[STDERR  ] 2018-05-15T11:18:05.743499899Z: [   26.304832] ACPI: Preparing to enter system sleep state S5
[STDERR  ] 2018-05-15T11:18:05.743507547Z: [   26.306256] reboot: Power down
[STDERR  ] 2018-05-15T11:18:05.743515037Z: + echo [    0.000000] Linux version 4.14.40-linuxkit (root@945c5b0ac955) (gcc version 6.4.0 (Alpine 6.4.0)) #1 SMP Thu May 10 10:06:57 UTC 2018
[STDERR  ] 2018-05-15T11:18:05.743523698Z: [    0.000000] Command line: console=ttyS0 console=ttyAMA0
[STDERR  ] 2018-05-15T11:18:05.743531240Z: [    0.000000] x86/fpu: x87 FPU will use FXSAVE
[STDERR  ] 2018-05-15T11:18:05.743538711Z: [    0.000000] e820: BIOS-provided physical RAM map:
[STDERR  ] 2018-05-15T11:18:05.743546328Z: [    0.000000] BIOS-e820: [mem 0x0000000000000000-0x000000000009fbff] usable
[STDERR  ] 2018-05-15T11:18:05.743553882Z: [    0.000000] BIOS-e820: [mem 0x000000000009fc00-0x000000000009ffff] reserved
[STDERR  ] 2018-05-15T11:18:05.743561434Z: [    0.000000] BIOS-e820: [mem 0x00000000000f0000-0x00000000000fffff] reserved
[STDERR  ] 2018-05-15T11:18:05.743568891Z: [    0.000000] BIOS-e820: [mem 0x0000000000100000-0x000000003ffdefff] usable
[STDERR  ] 2018-05-15T11:18:05.743576453Z: [    0.000000] BIOS-e820: [mem 0x000000003ffdf000-0x000000003fffffff] reserved
[STDERR  ] 2018-05-15T11:18:05.743584079Z: [    0.000000] BIOS-e820: [mem 0x00000000b0000000-0x00000000bfffffff] reserved
[STDERR  ] 2018-05-15T11:18:05.743591682Z: [    0.000000] BIOS-e820: [mem 0x00000000fed1c000-0x00000000fed1ffff] reserved
[STDERR  ] 2018-05-15T11:18:05.743599122Z: [    0.000000] BIOS-e820: [mem 0x00000000fffc0000-0x00000000ffffffff] reserved
[STDERR  ] 2018-05-15T11:18:05.743608985Z: [    0.000000] NX (Execute Disable) protection: active
[STDERR  ] 2018-05-15T11:18:05.743616999Z: [    0.000000] SMBIOS 2.8 present.
[STDERR  ] 2018-05-15T11:18:05.743624583Z: [    0.000000] DMI: QEMU Standard PC (Q35 + ICH9, 2009), BIOS rel-1.10.2-0-g5f4c7b1-prebuilt.qemu-project.org 04/01/2014
[STDERR  ] 2018-05-15T11:18:05.743635465Z: [    0.000000] tsc: Fast TSC calibration using PIT
[STDERR  ] 2018-05-15T11:18:05.743643084Z: [    0.000000] e820: last_pfn = 0x3ffdf max_arch_pfn = 0x400000000
[STDERR  ] 2018-05-15T11:18:05.743653556Z: [    0.000000] x86/PAT: Configuration [0-7]: WB  WC  UC- UC  WB  WP  UC- WT  
[STDERR  ] 2018-05-15T11:18:05.743661302Z: [    0.000000] found SMP MP-table at [mem 0x000f6aa0-0x000f6aaf] mapped at [ffffffffff200aa0]
[STDERR  ] 2018-05-15T11:18:05.743670716Z: [    0.000000] RAMDISK: [mem 0x3e0f4000-0x3ffcffff]
[STDERR  ] 2018-05-15T11:18:05.743678330Z: [    0.000000] ACPI: Early table checksum verification disabled
[STDERR  ] 2018-05-15T11:18:05.743685868Z: [    0.000000] ACPI: RSDP 0x00000000000F68B0 000014 (v00 BOCHS )
[STDERR  ] 2018-05-15T11:18:05.743693498Z: [    0.000000] ACPI: RSDT 0x000000003FFE20A8 000034 (v01 BOCHS  BXPCRSDT 00000001 BXPC 00000001)
[STDERR  ] 2018-05-15T11:18:05.743701099Z: [    0.000000] ACPI: FACP 0x000000003FFE1EC8 0000F4 (v03 BOCHS  BXPCFACP 00000001 BXPC 00000001)
[STDERR  ] 2018-05-15T11:18:05.743708744Z: [    0.000000] ACPI: DSDT 0x000000003FFE0040 001E88 (v01 BOCHS  BXPCDSDT 00000001 BXPC 00000001)
[STDERR  ] 2018-05-15T11:18:05.743716760Z: [    0.000000] ACPI: FACS 0x000000003FFE0000 000040
[STDERR  ] 2018-05-15T11:18:05.743724391Z: [    0.000000] ACPI: APIC 0x000000003FFE1FBC 000078 (v01 BOCHS  BXPCAPIC 00000001 BXPC 00000001)
[STDERR  ] 2018-05-15T11:18:05.743733786Z: [    0.000000] ACPI: HPET 0x000000003FFE2034 000038 (v01 BOCHS  BXPCHPET 00000001 BXPC 00000001)
[STDERR  ] 2018-05-15T11:18:05.743741352Z: [    0.000000] ACPI: MCFG 0x000000003FFE206C 00003C (v01 BOCHS  BXPCMCFG 00000001 BXPC 00000001)
[STDERR  ] 2018-05-15T11:18:05.743753011Z: [    0.000000] Zone ranges:
[STDERR  ] 2018-05-15T11:18:05.743760547Z: [    0.000000]   DMA      [mem 0x0000000000001000-0x0000000000ffffff]
[STDERR  ] 2018-05-15T11:18:05.743770270Z: [    0.000000]   DMA32    [mem 0x0000000001000000-0x000000003ffdefff]
[STDERR  ] 2018-05-15T11:18:05.743778221Z: [    0.000000]   Normal   empty
[STDERR  ] 2018-05-15T11:18:05.743787489Z: [    0.000000]   Device   empty
[STDERR  ] 2018-05-15T11:18:05.743795372Z: [    0.000000] Movable zone start for each node
[STDERR  ] 2018-05-15T11:18:05.743804749Z: [    0.000000] Early memory node ranges
[STDERR  ] 2018-05-15T11:18:05.743812410Z: [    0.000000]   node   0: [mem 0x0000000000001000-0x000000000009efff]
[STDERR  ] 2018-05-15T11:18:05.743819884Z: [    0.000000]   node   0: [mem 0x0000000000100000-0x000000003ffdefff]
[STDERR  ] 2018-05-15T11:18:05.743827427Z: [    0.000000] Initmem setup node 0 [mem 0x0000000000001000-0x000000003ffdefff]
[STDERR  ] 2018-05-15T11:18:05.743834964Z: [    0.000000] ACPI: PM-Timer IO Port: 0x608
[STDERR  ] 2018-05-15T11:18:05.743842627Z: [    0.000000] ACPI: LAPIC_NMI (acpi_id[0xff] dfl dfl lint[0x1])
[STDERR  ] 2018-05-15T11:18:05.743850246Z: [    0.000000] IOAPIC[0]: apic_id 0, version 32, address 0xfec00000, GSI 0-23
[STDERR  ] 2018-05-15T11:18:05.743857797Z: [    0.000000] ACPI: INT_SRC_OVR (bus 0 bus_irq 0 global_irq 2 dfl dfl)
[STDERR  ] 2018-05-15T11:18:05.743865338Z: [    0.000000] ACPI: INT_SRC_OVR (bus 0 bus_irq 5 global_irq 5 high level)
[STDERR  ] 2018-05-15T11:18:05.743872893Z: [    0.000000] ACPI: INT_SRC_OVR (bus 0 bus_irq 9 global_irq 9 high level)
[STDERR  ] 2018-05-15T11:18:05.743880525Z: [    0.000000] ACPI: INT_SRC_OVR (bus 0 bus_irq 10 global_irq 10 high level)
[STDERR  ] 2018-05-15T11:18:05.743889846Z: [    0.000000] ACPI: INT_SRC_OVR (bus 0 bus_irq 11 global_irq 11 high level)
[STDERR  ] 2018-05-15T11:18:05.743897300Z: [    0.000000] Using ACPI (MADT) for SMP configuration information
[STDERR  ] 2018-05-15T11:18:05.743904855Z: [    0.000000] ACPI: HPET id: 0x8086a201 base: 0xfed00000
[STDERR  ] 2018-05-15T11:18:05.743914733Z: [    0.000000] smpboot: Allowing 1 CPUs, 0 hotplug CPUs
[STDERR  ] 2018-05-15T11:18:05.743922261Z: [    0.000000] e820: [mem 0x40000000-0xafffffff] available for PCI devices
[STDERR  ] 2018-05-15T11:18:05.743929874Z: [    0.000000] Booting paravirtualized kernel on bare hardware
[STDERR  ] 2018-05-15T11:18:05.743940571Z: [    0.000000] clocksource: refined-jiffies: mask: 0xffffffff max_cycles: 0xffffffff, max_idle_ns: 19112604462750000 ns
[STDERR  ] 2018-05-15T11:18:05.743951418Z: [    0.000000] random: get_random_bytes called from start_kernel+0x92/0x4c8 with crng_init=0
[STDERR  ] 2018-05-15T11:18:05.743959303Z: [    0.000000] setup_percpu: NR_CPUS:128 nr_cpumask_bits:128 nr_cpu_ids:1 nr_node_ids:1
[STDERR  ] 2018-05-15T11:18:05.743966910Z: [    0.000000] percpu: Embedded 44 pages/cpu @ffff9caffde00000 s143256 r8192 d28776 u2097152
[STDERR  ] 2018-05-15T11:18:05.743974675Z: [    0.000000] Built 1 zonelists, mobility grouping on.  Total pages: 257896
[STDERR  ] 2018-05-15T11:18:05.743982393Z: [    0.000000] Kernel command line: console=ttyS0 console=ttyAMA0
[STDERR  ] 2018-05-15T11:18:05.743989972Z: [    0.000000] PID hash table entries: 4096 (order: 3, 32768 bytes)
[STDERR  ] 2018-05-15T11:18:05.743997536Z: [    0.000000] Dentry cache hash table entries: 131072 (order: 8, 1048576 bytes)
[STDERR  ] 2018-05-15T11:18:05.744005093Z: [    0.000000] Inode-cache hash table entries: 65536 (order: 7, 524288 bytes)
[STDERR  ] 2018-05-15T11:18:05.744012714Z: [    0.000000] Memory: 973200K/1048052K available (12300K kernel code, 1465K rwdata, 2988K rodata, 1508K init, 632K bss, 74852K reserved, 0K cma-reserved)
[STDERR  ] 2018-05-15T11:18:05.744020951Z: [    0.000000] ftrace: allocating 40967 entries in 161 pages
[STDERR  ] 2018-05-15T11:18:05.744028557Z: [    0.000000] Hierarchical RCU implementation.
[STDERR  ] 2018-05-15T11:18:05.744036132Z: [    0.000000] 	RCU restricting CPUs from NR_CPUS=128 to nr_cpu_ids=1.
[STDERR  ] 2018-05-15T11:18:05.744043806Z: [    0.000000] RCU: Adjusting geometry for rcu_fanout_leaf=16, nr_cpu_ids=1
[STDERR  ] 2018-05-15T11:18:05.744051248Z: [    0.000000] NR_IRQS: 8448, nr_irqs: 256, preallocated irqs: 16
[STDERR  ] 2018-05-15T11:18:05.744060705Z: [    0.000000] Console: colour VGA+ 80x25
[STDERR  ] 2018-05-15T11:18:05.744068301Z: [    0.000000] console [ttyS0] enabled
[STDERR  ] 2018-05-15T11:18:05.744075823Z: [    0.000000] clocksource: hpet: mask: 0xffffffff max_cycles: 0xffffffff, max_idle_ns: 19112604467 ns
[STDERR  ] 2018-05-15T11:18:05.744083895Z: [    0.000000] tsc: Fast TSC calibration using PIT
[STDERR  ] 2018-05-15T11:18:05.744091562Z: [    0.000000] tsc: Detected 2599.843 MHz processor
[STDERR  ] 2018-05-15T11:18:05.744099117Z: [    0.001727] Calibrating delay loop (skipped), value calculated using timer frequency.. 5199.68 BogoMIPS (lpj=25998430)
[STDERR  ] 2018-05-15T11:18:05.744106887Z: [    0.002185] pid_max: default: 32768 minimum: 301
[STDERR  ] 2018-05-15T11:18:05.744114467Z: [    0.002916] ACPI: Core revision 20170728
[STDERR  ] 2018-05-15T11:18:05.744123460Z: [    0.038248] ACPI: 1 ACPI AML tables successfully acquired and loaded
[STDERR  ] 2018-05-15T11:18:05.744131103Z: [    0.040270] Security Framework initialized
[STDERR  ] 2018-05-15T11:18:05.744138657Z: [    0.040575] Yama: becoming mindful.
[STDERR  ] 2018-05-15T11:18:05.744146125Z: [    0.043086] Mount-cache hash table entries: 2048 (order: 2, 16384 bytes)
[STDERR  ] 2018-05-15T11:18:05.744153636Z: [    0.043302] Mountpoint-cache hash table entries: 2048 (order: 2, 16384 bytes)
[STDERR  ] 2018-05-15T11:18:05.744163589Z: [    0.059640] Last level iTLB entries: 4KB 0, 2MB 0, 4MB 0
[STDERR  ] 2018-05-15T11:18:05.744171195Z: [    0.060000] Last level dTLB entries: 4KB 0, 2MB 0, 4MB 0, 1GB 0
[STDERR  ] 2018-05-15T11:18:05.744178734Z: [    0.060227] Spectre V2 : Spectre mitigation: LFENCE not serializing, switching to generic retpoline
[STDERR  ] 2018-05-15T11:18:05.744186325Z: [    0.060706] Spectre V2 : Vulnerable: Minimal generic ASM retpoline
[STDERR  ] 2018-05-15T11:18:05.744193947Z: [    0.060985] Spectre V2 : Spectre v2 mitigation: Filling RSB on context switch
[STDERR  ] 2018-05-15T11:18:05.744201414Z: [    0.339637] Freeing SMP alternatives memory: 20K
[STDERR  ] 2018-05-15T11:18:05.744209021Z: [    0.360408] smpboot: Max logical packages: 1
[STDERR  ] 2018-05-15T11:18:05.744219970Z: [    0.366781] ..TIMER: vector=0x30 apic1=0 pin1=2 apic2=-1 pin2=-1
[STDERR  ] 2018-05-15T11:18:05.744227811Z: [    0.470000] APIC calibration not consistent with PM-Timer: 96ms instead of 100ms
[STDERR  ] 2018-05-15T11:18:05.744238338Z: [    0.470000] APIC delta adjusted to PM-Timer: 6249991 (6048447)
[STDERR  ] 2018-05-15T11:18:05.744247948Z: [    0.470000] smpboot: CPU0: AMD QEMU Virtual CPU version 2.5+ (family: 0x6, model: 0x6, stepping: 0x3)
[STDERR  ] 2018-05-15T11:18:05.744259376Z: [    0.470000] Performance Events: PMU not available due to virtualization, using software events only.
[STDERR  ] 2018-05-15T11:18:05.744271390Z: [    0.471015] Hierarchical SRCU implementation.
[STDERR  ] 2018-05-15T11:18:05.744284853Z: [    0.477723] NMI watchdog: Perf event create on CPU 0 failed with -2
[STDERR  ] 2018-05-15T11:18:05.744296394Z: [    0.478201] NMI watchdog: Perf NMI watchdog permanently disabled
[STDERR  ] 2018-05-15T11:18:05.744306350Z: [    0.482013] smp: Bringing up secondary CPUs ...
[STDERR  ] 2018-05-15T11:18:05.744316397Z: [    0.482401] smp: Brought up 1 node, 1 CPU
[STDERR  ] 2018-05-15T11:18:05.744326474Z: [    0.482719] smpboot: Total of 1 processors activated (5199.68 BogoMIPS)
[STDERR  ] 2018-05-15T11:18:05.744337525Z: [    0.497931] devtmpfs: initialized
[STDERR  ] 2018-05-15T11:18:05.744349098Z: [    0.503784] x86/mm: Memory block size: 128MB
[STDERR  ] 2018-05-15T11:18:05.744359959Z: [    0.508296] evm: security.ima
[STDERR  ] 2018-05-15T11:18:05.744371887Z: [    0.508603] evm: security.capability
[STDERR  ] 2018-05-15T11:18:05.744382700Z: [    0.511614] clocksource: jiffies: mask: 0xffffffff max_cycles: 0xffffffff, max_idle_ns: 19112604462750000 ns
[STDERR  ] 2018-05-15T11:18:05.744391902Z: [    0.512196] futex hash table entries: 256 (order: 2, 16384 bytes)
[STDERR  ] 2018-05-15T11:18:05.744405130Z: [    0.521882] NET: Registered protocol family 16
[STDERR  ] 2018-05-15T11:18:05.744412841Z: [    0.527616] cpuidle: using governor ladder
[STDERR  ] 2018-05-15T11:18:05.744420572Z: [    0.528020] cpuidle: using governor menu
[STDERR  ] 2018-05-15T11:18:05.744428301Z: [    0.529402] ACPI: bus type PCI registered
[STDERR  ] 2018-05-15T11:18:05.744436154Z: [    0.531905] PCI: MMCONFIG for domain 0000 [bus 00-ff] at [mem 0xb0000000-0xbfffffff] (base 0xb0000000)
[STDERR  ] 2018-05-15T11:18:05.744444418Z: [    0.532673] PCI: MMCONFIG at [mem 0xb0000000-0xbfffffff] reserved in E820
[STDERR  ] 2018-05-15T11:18:05.744452202Z: [    0.533568] PCI: Using configuration type 1 for base access
[STDERR  ] 2018-05-15T11:18:05.744460318Z: [    0.580887] HugeTLB registered 2.00 MiB page size, pre-allocated 0 pages
[STDERR  ] 2018-05-15T11:18:05.744467902Z: [    0.591634] ACPI: Added _OSI(Module Device)
[STDERR  ] 2018-05-15T11:18:05.744475688Z: [    0.591913] ACPI: Added _OSI(Processor Device)
[STDERR  ] 2018-05-15T11:18:05.744483434Z: [    0.592167] ACPI: Added _OSI(3.0 _SCP Extensions)
[STDERR  ] 2018-05-15T11:18:05.744491007Z: [    0.592374] ACPI: Added _OSI(Processor Aggregator Device)
[STDERR  ] 2018-05-15T11:18:05.744498544Z: [    0.645590] ACPI: Interpreter enabled
[STDERR  ] 2018-05-15T11:18:05.744508891Z: [    0.646459] ACPI: (supports S0 S5)
[STDERR  ] 2018-05-15T11:18:05.744516513Z: [    0.646797] ACPI: Using IOAPIC for interrupt routing
[STDERR  ] 2018-05-15T11:18:05.744524236Z: [    0.649088] PCI: Using host bridge windows from ACPI; if necessary, use "pci=nocrs" and report a bug
[STDERR  ] 2018-05-15T11:18:05.744534390Z: [    0.652234] ACPI: Enabled 1 GPEs in block 00 to 3F
[STDERR  ] 2018-05-15T11:18:05.744542021Z: [    0.697746] ACPI: PCI Root Bridge [PCI0] (domain 0000 [bus 00-ff])
[STDERR  ] 2018-05-15T11:18:05.744549624Z: [    0.698671] acpi PNP0A08:00: _OSC: OS supports [ExtendedConfig ASPM ClockPM Segments MSI]
[STDERR  ] 2018-05-15T11:18:05.744559378Z: [    0.703154] acpi PNP0A08:00: _OSC: OS now controls [PCIeHotplug PME PCIeCapability]
[STDERR  ] 2018-05-15T11:18:05.744567214Z: [    0.706593] PCI host bridge to bus 0000:00
[STDERR  ] 2018-05-15T11:18:05.744578609Z: [    0.706984] pci_bus 0000:00: root bus resource [io  0x0000-0x0cf7 window]
[STDERR  ] 2018-05-15T11:18:05.744586375Z: [    0.707358] pci_bus 0000:00: root bus resource [io  0x0d00-0xffff window]
[STDERR  ] 2018-05-15T11:18:05.744596733Z: [    0.707680] pci_bus 0000:00: root bus resource [mem 0x000a0000-0x000bffff window]
[STDERR  ] 2018-05-15T11:18:05.744605743Z: [    0.708008] pci_bus 0000:00: root bus resource [mem 0xc0000000-0xfebfffff window]
[STDERR  ] 2018-05-15T11:18:05.744613270Z: [    0.708515] pci_bus 0000:00: root bus resource [bus 00-ff]
[STDERR  ] 2018-05-15T11:18:05.744620916Z: [    0.871727] pci 0000:00:1f.0: quirk: [io  0x0600-0x067f] claimed by ICH6 ACPI/GPIO/TCO
[STDERR  ] 2018-05-15T11:18:05.744628467Z: [    0.948393] ACPI: PCI Interrupt Link [LNKA] (IRQs 5 *10 11)
[STDERR  ] 2018-05-15T11:18:05.744636049Z: [    0.951594] ACPI: PCI Interrupt Link [LNKB] (IRQs 5 *10 11)
[STDERR  ] 2018-05-15T11:18:05.744643563Z: [    0.953144] ACPI: PCI Interrupt Link [LNKC] (IRQs 5 10 *11)
[STDERR  ] 2018-05-15T11:18:05.744651264Z: [    0.954649] ACPI: PCI Interrupt Link [LNKD] (IRQs 5 10 *11)
[STDERR  ] 2018-05-15T11:18:05.744658828Z: [    0.956084] ACPI: PCI Interrupt Link [LNKE] (IRQs 5 *10 11)
[STDERR  ] 2018-05-15T11:18:05.744668986Z: [    0.957305] ACPI: PCI Interrupt Link [LNKF] (IRQs 5 *10 11)
[STDERR  ] 2018-05-15T11:18:05.744676578Z: [    0.958343] ACPI: PCI Interrupt Link [LNKG] (IRQs 5 10 *11)
[STDERR  ] 2018-05-15T11:18:05.744686656Z: [    0.960874] ACPI: PCI Interrupt Link [LNKH] (IRQs 5 10 *11)
[STDERR  ] 2018-05-15T11:18:05.744694194Z: [    0.961554] ACPI: PCI Interrupt Link [GSIA] (IRQs *16)
[STDERR  ] 2018-05-15T11:18:05.744701769Z: [    0.962022] ACPI: PCI Interrupt Link [GSIB] (IRQs *17)
[STDERR  ] 2018-05-15T11:18:05.744711743Z: [    0.962513] ACPI: PCI Interrupt Link [GSIC] (IRQs *18)
[STDERR  ] 2018-05-15T11:18:05.744719193Z: [    0.962998] ACPI: PCI Interrupt Link [GSID] (IRQs *19)
[STDERR  ] 2018-05-15T11:18:05.744726631Z: [    0.963478] ACPI: PCI Interrupt Link [GSIE] (IRQs *20)
[STDERR  ] 2018-05-15T11:18:05.744734124Z: [    0.963961] ACPI: PCI Interrupt Link [GSIF] (IRQs *21)
[STDERR  ] 2018-05-15T11:18:05.744746819Z: [    0.964423] ACPI: PCI Interrupt Link [GSIG] (IRQs *22)
[STDERR  ] 2018-05-15T11:18:05.744754611Z: [    0.964927] ACPI: PCI Interrupt Link [GSIH] (IRQs *23)
[STDERR  ] 2018-05-15T11:18:05.744762154Z: [    0.973423] SCSI subsystem initialized
[STDERR  ] 2018-05-15T11:18:05.744769734Z: [    0.976133] ACPI: bus type USB registered
[STDERR  ] 2018-05-15T11:18:05.744777138Z: [    0.976896] usbcore: registered new interface driver usbfs
[STDERR  ] 2018-05-15T11:18:05.744784652Z: [    0.977662] usbcore: registered new interface driver hub
[STDERR  ] 2018-05-15T11:18:05.744792752Z: [    0.978406] usbcore: registered new device driver usb
[STDERR  ] 2018-05-15T11:18:05.744801877Z: [    0.979260] pps_core: LinuxPPS API ver. 1 registered
[STDERR  ] 2018-05-15T11:18:05.744809455Z: [    0.979496] pps_core: Software ver. 5.3.6 - Copyright 2005-2007 Rodolfo Giometti <giometti@linux.it>
[STDERR  ] 2018-05-15T11:18:05.744817203Z: [    0.980195] PTP clock support registered
[STDERR  ] 2018-05-15T11:18:05.744824631Z: [    0.982616] PCI: Using ACPI for IRQ routing
[STDERR  ] 2018-05-15T11:18:05.744832093Z: [    1.004902] NetLabel: Initializing
[STDERR  ] 2018-05-15T11:18:05.744839588Z: [    1.005073] NetLabel:  domain hash size = 128
[STDERR  ] 2018-05-15T11:18:05.744847159Z: [    1.005165] NetLabel:  protocols = UNLABELED CIPSOv4 CALIPSO
[STDERR  ] 2018-05-15T11:18:05.744854698Z: [    1.007776] NetLabel:  unlabeled traffic allowed by default
[STDERR  ] 2018-05-15T11:18:05.744862307Z: [    1.009637] HPET: 3 timers in total, 0 timers will be used for per-cpu timer
[STDERR  ] 2018-05-15T11:18:05.744869895Z: [    1.010638] hpet0: at MMIO 0xfed00000, IRQs 2, 8, 0
[STDERR  ] 2018-05-15T11:18:05.744877744Z: [    1.010886] hpet0: 3 comparators, 64-bit 100.000000 MHz counter
[STDERR  ] 2018-05-15T11:18:05.744885351Z: [    1.017873] clocksource: Switched to clocksource hpet
[STDERR  ] 2018-05-15T11:18:05.744896089Z: [    1.227420] VFS: Disk quotas dquot_6.6.0
[STDERR  ] 2018-05-15T11:18:05.744903676Z: [    1.228103] VFS: Dquot-cache hash table entries: 512 (order 0, 4096 bytes)
[STDERR  ] 2018-05-15T11:18:05.744911355Z: [    1.231583] FS-Cache: Loaded
[STDERR  ] 2018-05-15T11:18:05.744922706Z: [    1.236461] CacheFiles: Loaded
[STDERR  ] 2018-05-15T11:18:05.744961571Z: [    1.237531] pnp: PnP ACPI init
[STDERR  ] 2018-05-15T11:18:05.744969351Z: [    1.246312] pnp: PnP ACPI: found 5 devices
[STDERR  ] 2018-05-15T11:18:05.744976916Z: [    1.278597] clocksource: acpi_pm: mask: 0xffffff max_cycles: 0xffffff, max_idle_ns: 2085701024 ns
[STDERR  ] 2018-05-15T11:18:05.744986293Z: [    1.282365] NET: Registered protocol family 2
[STDERR  ] 2018-05-15T11:18:05.744994086Z: [    1.290648] TCP established hash table entries: 8192 (order: 4, 65536 bytes)
[STDERR  ] 2018-05-15T11:18:05.745001768Z: [    1.291406] TCP bind hash table entries: 8192 (order: 5, 131072 bytes)
[STDERR  ] 2018-05-15T11:18:05.745009397Z: [    1.292437] TCP: Hash tables configured (established 8192 bind 8192)
[STDERR  ] 2018-05-15T11:18:05.745016865Z: [    1.294327] UDP hash table entries: 512 (order: 2, 16384 bytes)
[STDERR  ] 2018-05-15T11:18:05.745024433Z: [    1.294948] UDP-Lite hash table entries: 512 (order: 2, 16384 bytes)
[STDERR  ] 2018-05-15T11:18:05.745035163Z: [    1.297142] NET: Registered protocol family 1
[STDERR  ] 2018-05-15T11:18:05.745042833Z: [    1.298107] pci 0000:00:01.0: Video device with shadowed ROM at [mem 0x000c0000-0x000dffff]
[STDERR  ] 2018-05-15T11:18:05.745053128Z: [    1.303533] Trying to unpack rootfs image as initramfs...
[STDERR  ] 2018-05-15T11:18:05.745061168Z: [    5.998555] Freeing initrd memory: 31600K
[STDERR  ] 2018-05-15T11:18:05.745069818Z: [    6.019229] PCLMULQDQ-NI instructions are not detected.
[STDERR  ] 2018-05-15T11:18:05.745081359Z: [    6.020888] AVX or AES-NI instructions are not detected.
[STDERR  ] 2018-05-15T11:18:05.745092142Z: [    6.021346] CPU feature 'AVX registers' is not supported.
[STDERR  ] 2018-05-15T11:18:05.745103765Z: [    6.021670] CPU feature 'AVX registers' is not supported.
[STDERR  ] 2018-05-15T11:18:05.745117446Z: [    6.021954] CPU feature 'AVX registers' is not supported.
[STDERR  ] 2018-05-15T11:18:05.745128656Z: [    6.022342] CPU feature 'AVX registers' is not supported.
[STDERR  ] 2018-05-15T11:18:05.745139407Z: [    6.022643] AVX2 or AES-NI instructions are not detected.
[STDERR  ] 2018-05-15T11:18:05.745149915Z: [    6.022916] AVX2 instructions are not detected.
[STDERR  ] 2018-05-15T11:18:05.745157678Z: [    6.026815] audit: initializing netlink subsys (disabled)
[STDERR  ] 2018-05-15T11:18:05.745165352Z: [    6.029661] audit: type=2000 audit(1526383064.020:1): state=initialized audit_enabled=0 res=1
[STDERR  ] 2018-05-15T11:18:05.745173358Z: [    6.034660] workingset: timestamp_bits=46 max_order=18 bucket_order=0
[STDERR  ] 2018-05-15T11:18:05.745181321Z: [    6.039777] squashfs: version 4.0 (2009/01/31) Phillip Lougher
[STDERR  ] 2018-05-15T11:18:05.745189086Z: [    6.043589] FS-Cache: Netfs 'cifs' registered for caching
[STDERR  ] 2018-05-15T11:18:05.745197133Z: [    6.044351] fuse init (API version 7.26)
[STDERR  ] 2018-05-15T11:18:05.745206756Z: [    6.046692] SGI XFS with ACLs, security attributes, no debug enabled
[STDERR  ] 2018-05-15T11:18:05.745214604Z: [    6.050779] 9p: Installing v9fs 9p2000 file system support
[STDERR  ] 2018-05-15T11:18:05.745222264Z: [    6.051215] FS-Cache: Netfs '9p' registered for caching
[STDERR  ] 2018-05-15T11:18:05.745232915Z: [    6.092354] NET: Registered protocol family 38
[STDERR  ] 2018-05-15T11:18:05.745243040Z: [    6.092889] Key type asymmetric registered
[STDERR  ] 2018-05-15T11:18:05.745254081Z: [    6.093281] Asymmetric key parser 'x509' registered
[STDERR  ] 2018-05-15T11:18:05.745265920Z: [    6.094084] Block layer SCSI generic (bsg) driver version 0.4 loaded (major 247)
[STDERR  ] 2018-05-15T11:18:05.745282183Z: [    6.095577] io scheduler noop registered
[STDERR  ] 2018-05-15T11:18:05.745295452Z: [    6.095913] io scheduler deadline registered (default)
[STDERR  ] 2018-05-15T11:18:05.745307823Z: [    6.096753] io scheduler cfq registered
[STDERR  ] 2018-05-15T11:18:05.745315724Z: [    6.097012] io scheduler mq-deadline registered
[STDERR  ] 2018-05-15T11:18:05.745327180Z: [    6.097228] io scheduler kyber registered
[STDERR  ] 2018-05-15T11:18:05.745334898Z: [    6.101642] shpchp: Standard Hot Plug PCI Controller Driver version: 0.4
[STDERR  ] 2018-05-15T11:18:05.745342461Z: [    6.102332] hv_vmbus: registering driver hyperv_fb
[STDERR  ] 2018-05-15T11:18:05.745349999Z: [    6.105944] input: Power Button as /devices/LNXSYSTM:00/LNXPWRBN:00/input/input0
[STDERR  ] 2018-05-15T11:18:05.745357544Z: [    6.109067] ACPI: Power Button [PWRF]
[STDERR  ] 2018-05-15T11:18:05.745365074Z: [    6.126899] ACPI: PCI Interrupt Link [GSIG] enabled at IRQ 22
[STDERR  ] 2018-05-15T11:18:05.745374595Z: [    6.137994] ACPI: PCI Interrupt Link [GSIH] enabled at IRQ 23
[STDERR  ] 2018-05-15T11:18:05.745382262Z: [    6.145300] Serial: 8250/16550 driver, 4 ports, IRQ sharing disabled
[STDERR  ] 2018-05-15T11:18:05.745392233Z: [    6.168936] 00:04: ttyS0 at I/O 0x3f8 (irq = 4, base_baud = 115200) is a 16550A
[STDERR  ] 2018-05-15T11:18:05.745400125Z: [    6.177453] Non-volatile memory driver v1.3
[STDERR  ] 2018-05-15T11:18:05.745407870Z: [    6.183414] Hangcheck: starting hangcheck timer 0.9.1 (tick is 180 seconds, margin is 60 seconds).
[STDERR  ] 2018-05-15T11:18:05.745415714Z: [    6.191014] random: fast init done
[STDERR  ] 2018-05-15T11:18:05.745423446Z: [    6.192538] random: crng init done
[STDERR  ] 2018-05-15T11:18:05.745431417Z: [    6.234896] brd: module loaded
[STDERR  ] 2018-05-15T11:18:05.745439725Z: [    6.257128] loop: module loaded
[STDERR  ] 2018-05-15T11:18:05.745447374Z: [    6.294198] lpc_ich 0000:00:1f.0: I/O space for GPIO uninitialized
[STDERR  ] 2018-05-15T11:18:05.745454936Z: [    6.296189] VMware PVSCSI driver - version 1.0.7.0-k
[STDERR  ] 2018-05-15T11:18:05.745462557Z: [    6.296833] hv_vmbus: registering driver hv_storvsc
[STDERR  ] 2018-05-15T11:18:05.745470033Z: [    6.303456] ACPI: PCI Interrupt Link [GSIA] enabled at IRQ 16
[STDERR  ] 2018-05-15T11:18:05.745477534Z: [    6.310968] ahci 0000:00:1f.2: AHCI 0001.0000 32 slots 6 ports 1.5 Gbps 0x3f impl SATA mode
[STDERR  ] 2018-05-15T11:18:05.745485338Z: [    6.311621] ahci 0000:00:1f.2: flags: 64bit ncq only 
[STDERR  ] 2018-05-15T11:18:05.745492877Z: [    6.323810] scsi host0: ahci
[STDERR  ] 2018-05-15T11:18:05.745500820Z: [    6.326303] scsi host1: ahci
[STDERR  ] 2018-05-15T11:18:05.745508321Z: [    6.327633] scsi host2: ahci
[STDERR  ] 2018-05-15T11:18:05.745515926Z: [    6.328968] scsi host3: ahci
[STDERR  ] 2018-05-15T11:18:05.745523344Z: [    6.330597] scsi host4: ahci
[STDERR  ] 2018-05-15T11:18:05.745530829Z: [    6.331956] scsi host5: ahci
[STDERR  ] 2018-05-15T11:18:05.745538246Z: [    6.333059] ata1: SATA max UDMA/133 abar m4096@0xfebd2000 port 0xfebd2100 irq 24
[STDERR  ] 2018-05-15T11:18:05.745545763Z: [    6.333515] ata2: SATA max UDMA/133 abar m4096@0xfebd2000 port 0xfebd2180 irq 24
[STDERR  ] 2018-05-15T11:18:05.745553283Z: [    6.333862] ata3: SATA max UDMA/133 abar m4096@0xfebd2000 port 0xfebd2200 irq 24
[STDERR  ] 2018-05-15T11:18:05.745560733Z: [    6.334122] ata4: SATA max UDMA/133 abar m4096@0xfebd2000 port 0xfebd2280 irq 24
[STDERR  ] 2018-05-15T11:18:05.745568127Z: [    6.334436] ata5: SATA max UDMA/133 abar m4096@0xfebd2000 port 0xfebd2300 irq 24
[STDERR  ] 2018-05-15T11:18:05.745575593Z: [    6.334751] ata6: SATA max UDMA/133 abar m4096@0xfebd2000 port 0xfebd2380 irq 24
[STDERR  ] 2018-05-15T11:18:05.745585811Z: [    6.344165] tun: Universal TUN/TAP device driver, 1.6
[STDERR  ] 2018-05-15T11:18:05.745593366Z: [    6.354358] VMware vmxnet3 virtual NIC driver - version 1.4.a.0-k-NAPI
[STDERR  ] 2018-05-15T11:18:05.745601275Z: [    6.355120] hv_vmbus: registering driver hv_netvsc
[STDERR  ] 2018-05-15T11:18:05.745608869Z: [    6.355423] Fusion MPT base driver 3.04.20
[STDERR  ] 2018-05-15T11:18:05.745616477Z: [    6.355664] Copyright (c) 1999-2008 LSI Corporation
[STDERR  ] 2018-05-15T11:18:05.745627379Z: [    6.356142] Fusion MPT SPI Host driver 3.04.20
[STDERR  ] 2018-05-15T11:18:05.745636900Z: [    6.357791] i8042: PNP: PS/2 Controller [PNP0303:KBD,PNP0f13:MOU] at 0x60,0x64 irq 1,12
[STDERR  ] 2018-05-15T11:18:05.745648328Z: [    6.362197] serio: i8042 KBD port at 0x60,0x64 irq 1
[STDERR  ] 2018-05-15T11:18:05.745656059Z: [    6.362811] serio: i8042 AUX port at 0x60,0x64 irq 12
[STDERR  ] 2018-05-15T11:18:05.745663745Z: [    6.364605] hv_vmbus: registering driver hyperv_keyboard
[STDERR  ] 2018-05-15T11:18:05.745671141Z: [    6.366153] mousedev: PS/2 mouse device common for all mice
[STDERR  ] 2018-05-15T11:18:05.745682783Z: [    6.371022] input: PC Speaker as /devices/platform/pcspkr/input/input2
[STDERR  ] 2018-05-15T11:18:05.745690399Z: [    6.372046] input: AT Translated Set 2 keyboard as /devices/platform/i8042/serio0/input/input1
[STDERR  ] 2018-05-15T11:18:05.745698005Z: [    6.375649] rtc_cmos 00:00: RTC can wake from S4
[STDERR  ] 2018-05-15T11:18:05.745705559Z: [    6.378299] rtc_cmos 00:00: rtc core: registered rtc_cmos as rtc0
[STDERR  ] 2018-05-15T11:18:05.745713145Z: [    6.379517] rtc_cmos 00:00: alarms up to one day, y3k, 114 bytes nvram, hpet irqs
[STDERR  ] 2018-05-15T11:18:05.745720838Z: [    6.380467] i2c /dev entries driver
[STDERR  ] 2018-05-15T11:18:05.745728413Z: [    6.382229] device-mapper: ioctl: 4.37.0-ioctl (2017-09-20) initialised: dm-devel@redhat.com
[STDERR  ] 2018-05-15T11:18:05.745735952Z: [    6.385569] usbcore: registered new interface driver usbhid
[STDERR  ] 2018-05-15T11:18:05.746419480Z: [    6.385835] usbhid: USB HID core driver
[STDERR  ] 2018-05-15T11:18:05.746451728Z: [    6.386528] hv_utils: Registering HyperV Utility Driver
[STDERR  ] 2018-05-15T11:18:05.746487262Z: [    6.386797] hv_vmbus: registering driver hv_util
[STDERR  ] 2018-05-15T11:18:05.746511722Z: [    6.387068] hv_vmbus: registering driver hv_balloon
[STDERR  ] 2018-05-15T11:18:05.746535266Z: [    6.387508] oprofile: using NMI interrupt.
[STDERR  ] 2018-05-15T11:18:05.746569858Z: [    6.388533] GACT probability on
[STDERR  ] 2018-05-15T11:18:05.746594955Z: [    6.388938] Mirror/redirect action on
[STDERR  ] 2018-05-15T11:18:05.746619519Z: [    6.389479] Simple TC action Loaded
[STDERR  ] 2018-05-15T11:18:05.746655350Z: [    6.389938] u32 classifier
[STDERR  ] 2018-05-15T11:18:05.746681221Z: [    6.390438]     Performance counters on
[STDERR  ] 2018-05-15T11:18:05.746715009Z: [    6.390669]     input device check on
[STDERR  ] 2018-05-15T11:18:05.746738835Z: [    6.390877]     Actions configured
[STDERR  ] 2018-05-15T11:18:05.746770486Z: [    6.391650] Netfilter messages via NETLINK v0.30.
[STDERR  ] 2018-05-15T11:18:05.746804504Z: [    6.392132] nfnl_acct: registering with nfnetlink.
[STDERR  ] 2018-05-15T11:18:05.746833619Z: [    6.393225] nf_conntrack version 0.5.0 (8192 buckets, 32768 max)
[STDERR  ] 2018-05-15T11:18:05.746869648Z: [    6.395322] ctnetlink v0.93: registering with nfnetlink.
[STDERR  ] 2018-05-15T11:18:05.746892352Z: [    6.397986] nf_tables: (c) 2007-2009 Patrick McHardy <kaber@trash.net>
[STDERR  ] 2018-05-15T11:18:05.746916546Z: [    6.398757] nf_tables_compat: (c) 2012 Pablo Neira Ayuso <pablo@netfilter.org>
[STDERR  ] 2018-05-15T11:18:05.746948920Z: [    6.401199] xt_time: kernel timezone is -0000
[STDERR  ] 2018-05-15T11:18:05.746971925Z: [    6.401642] ip_set: protocol 6
[STDERR  ] 2018-05-15T11:18:05.746996034Z: [    6.402346] IPVS: Registered protocols (TCP, UDP, SCTP, AH, ESP)
[STDERR  ] 2018-05-15T11:18:05.747032091Z: [    6.402891] IPVS: Connection hash table configured (size=4096, memory=64Kbytes)
[STDERR  ] 2018-05-15T11:18:05.747055450Z: [    6.406480] IPVS: ipvs loaded.
[STDERR  ] 2018-05-15T11:18:05.747079898Z: [    6.406824] IPVS: [rr] scheduler registered.
[STDERR  ] 2018-05-15T11:18:05.747152096Z: [    6.407064] IPVS: [wrr] scheduler registered.
[STDERR  ] 2018-05-15T11:18:05.747183117Z: [    6.407279] IPVS: [lc] scheduler registered.
[STDERR  ] 2018-05-15T11:18:05.747267633Z: [    6.407475] IPVS: [wlc] scheduler registered.
[STDERR  ] 2018-05-15T11:18:05.747315729Z: [    6.407677] IPVS: [fo] scheduler registered.
[STDERR  ] 2018-05-15T11:18:05.747360787Z: [    6.407870] IPVS: [ovf] scheduler registered.
[STDERR  ] 2018-05-15T11:18:05.747395464Z: [    6.408279] IPVS: [lblc] scheduler registered.
[STDERR  ] 2018-05-15T11:18:05.747438113Z: [    6.408655] IPVS: [lblcr] scheduler registered.
[STDERR  ] 2018-05-15T11:18:05.747462030Z: [    6.408925] IPVS: [dh] scheduler registered.
[STDERR  ] 2018-05-15T11:18:05.747485885Z: [    6.409160] IPVS: [sh] scheduler registered.
[STDERR  ] 2018-05-15T11:18:05.747521836Z: [    6.409384] IPVS: [sed] scheduler registered.
[STDERR  ] 2018-05-15T11:18:05.747546855Z: [    6.409590] IPVS: [nq] scheduler registered.
[STDERR  ] 2018-05-15T11:18:05.747570403Z: [    6.410741] IPVS: ftp: loaded support on port[0] = 21
[STDERR  ] 2018-05-15T11:18:05.747604136Z: [    6.411497] ipip: IPv4 and MPLS over IPv4 tunneling driver
[STDERR  ] 2018-05-15T11:18:05.747629104Z: [    6.414660] gre: GRE over IPv4 demultiplexor driver
[STDERR  ] 2018-05-15T11:18:05.747653343Z: [    6.417122] ip_tables: (C) 2000-2006 Netfilter Core Team
[STDERR  ] 2018-05-15T11:18:05.747689575Z: [    6.420932] ipt_CLUSTERIP: ClusterIP Version 0.8 loaded successfully
[STDERR  ] 2018-05-15T11:18:05.747719442Z: [    6.421377] arp_tables: arp_tables: (C) 2002 David S. Miller
[STDERR  ] 2018-05-15T11:18:05.747779868Z: [    6.423375] NET: Registered protocol family 10
[STDERR  ] 2018-05-15T11:18:05.747805276Z: [    6.431821] Segment Routing with IPv6
[STDERR  ] 2018-05-15T11:18:05.747856082Z: [    6.432693] ip6_tables: (C) 2000-2006 Netfilter Core Team
[STDERR  ] 2018-05-15T11:18:05.747884034Z: [    6.439079] NET: Registered protocol family 17
[STDERR  ] 2018-05-15T11:18:05.747912697Z: [    6.440389] Bridge firewalling registered
[STDERR  ] 2018-05-15T11:18:05.747954450Z: [    6.441020] Ebtables v2.0 registered
[STDERR  ] 2018-05-15T11:18:05.747980211Z: [    6.442813] 8021q: 802.1Q VLAN Support v1.8
[STDERR  ] 2018-05-15T11:18:05.748025677Z: [    6.444094] 9pnet: Installing 9P2000 support
[STDERR  ] 2018-05-15T11:18:05.748050602Z: [    6.446151] Key type dns_resolver registered
[STDERR  ] 2018-05-15T11:18:05.748071373Z: [    6.447364] sched_clock: Marking stable (6440168800, 0)->(6594769559, -154600759)
[STDERR  ] 2018-05-15T11:18:05.748104922Z: [    6.450542] registered taskstats version 1
[STDERR  ] 2018-05-15T11:18:05.748128183Z: [    6.655591] Key type big_key registered
[STDERR  ] 2018-05-15T11:18:05.748151353Z: [    6.662508] ata1: SATA link down (SStatus 0 SControl 300)
[STDERR  ] 2018-05-15T11:18:05.748183854Z: [    6.672794] ata3: SATA link up 1.5 Gbps (SStatus 113 SControl 300)
[STDERR  ] 2018-05-15T11:18:05.748207988Z: [    6.676276] ata3.00: ATAPI: QEMU DVD-ROM, 2.5+, max UDMA/100
[STDERR  ] 2018-05-15T11:18:05.748231000Z: [    6.676773] ata3.00: applying bridge limits
[STDERR  ] 2018-05-15T11:18:05.748263711Z: [    6.678334] ata2: SATA link down (SStatus 0 SControl 300)
[STDERR  ] 2018-05-15T11:18:05.748287791Z: [    6.683630] ata6: SATA link down (SStatus 0 SControl 300)
[STDERR  ] 2018-05-15T11:18:05.748321636Z: [    6.684318] ata4: SATA link down (SStatus 0 SControl 300)
[STDERR  ] 2018-05-15T11:18:05.748359559Z: [    6.684744] ata5: SATA link down (SStatus 0 SControl 300)
[STDERR  ] 2018-05-15T11:18:05.748388405Z: [    6.685812] ata3.00: configured for UDMA/100
[STDERR  ] 2018-05-15T11:18:05.748426226Z: [    6.697813] scsi 2:0:0:0: CD-ROM            QEMU     QEMU DVD-ROM     2.5+ PQ: 0 ANSI: 5
[STDERR  ] 2018-05-15T11:18:05.748455880Z: [    6.755616] sr 2:0:0:0: [sr0] scsi3-mmc drive: 4x/4x cd/rw xa/form2 tray
[STDERR  ] 2018-05-15T11:18:05.748509492Z: [    6.756317] cdrom: Uniform CD-ROM driver Revision: 3.20
[STDERR  ] 2018-05-15T11:18:05.748539699Z: [    6.770811] sr 2:0:0:0: Attached scsi generic sg0 type 5
[STDERR  ] 2018-05-15T11:18:05.748565156Z: [    6.777070] Key type trusted registered
[STDERR  ] 2018-05-15T11:18:05.748603107Z: [    6.846321] Key type encrypted registered
[STDERR  ] 2018-05-15T11:18:05.748636988Z: [    6.846941] ima: No TPM chip found, activating TPM-bypass! (rc=-19)
[STDERR  ] 2018-05-15T11:18:05.748679064Z: [    6.851363] evm: HMAC attrs: 0x1
[STDERR  ] 2018-05-15T11:18:05.748707841Z: [    6.856359] rtc_cmos 00:00: setting system clock to 2018-05-15 11:17:45 UTC (1526383065)
[STDERR  ] 2018-05-15T11:18:05.748762777Z: [    7.009210] Freeing unused kernel memory: 1508K
[STDERR  ] 2018-05-15T11:18:05.748790546Z: [    7.009565] Write protecting the kernel read-only data: 18432k
[STDERR  ] 2018-05-15T11:18:05.748855868Z: [    7.021902] Freeing unused kernel memory: 2024K
[STDERR  ] 2018-05-15T11:18:05.748882465Z: [    7.050706] Freeing unused kernel memory: 1108K
[STDERR  ] 2018-05-15T11:18:05.748921218Z: [    7.051399] tsc: Refined TSC clocksource calibration: 2599.914 MHz
[STDERR  ] 2018-05-15T11:18:05.748948220Z: [    7.051896] clocksource: tsc: mask: 0xffffffffffffffff max_cycles: 0x2579eaedd18, max_idle_ns: 440795311376 ns
[STDERR  ] 2018-05-15T11:18:05.748994356Z: [    8.067400] clocksource: Switched to clocksource tsc
[STDERR  ] 2018-05-15T11:18:05.749025792Z: 
[STDERR  ] 2018-05-15T11:18:05.749052016Z: Welcome to LinuxKit
[STDERR  ] 2018-05-15T11:18:05.749090703Z: 
[STDERR  ] 2018-05-15T11:18:05.749116713Z:                         ##         .
[STDERR  ] 2018-05-15T11:18:05.749147254Z:                   ## ## ##        ==
[STDERR  ] 2018-05-15T11:18:05.749187123Z:                ## ## ## ## ##    ===
[STDERR  ] 2018-05-15T11:18:05.749213624Z:            /"""""""""""""""""\___/ ===
[STDERR  ] 2018-05-15T11:18:05.749250523Z:           {                       /  ===-
[STDERR  ] 2018-05-15T11:18:05.749278596Z:            \______ O           __/
[STDERR  ] 2018-05-15T11:18:05.749306669Z:              \    \         __/
[STDERR  ] 2018-05-15T11:18:05.749345354Z:               \____\_______/
[STDERR  ] 2018-05-15T11:18:05.749372932Z: 
[STDERR  ] 2018-05-15T11:18:05.749425942Z: [   12.663840] IPVS: ftp: loaded support on port[0] = 21
[STDERR  ] 2018-05-15T11:18:05.749454712Z: binfmt test suite PASSED
[STDERR  ] 2018-05-15T11:18:05.749496873Z: [   26.304832] ACPI: Preparing to enter system sleep state S5
[STDERR  ] 2018-05-15T11:18:05.749527276Z: [   26.306256] reboot: Power down
[STDERR  ] 2018-05-15T11:18:05.749555897Z: + grep -q suite PASSED
[STDERR  ] 2018-05-15T11:18:05.749601146Z: + echo [    0.000000] Linux version 4.14.40-linuxkit (root@945c5b0ac955) (gcc version 6.4.0 (Alpine 6.4.0)) #1 SMP Thu May 10 10:06:57 UTC 2018
[STDOUT  ] 2018-05-15T11:18:05.749683972Z: [    0.000000] Linux version 4.14.40-linuxkit (root@945c5b0ac955) (gcc version 6.4.0 (Alpine 6.4.0)) #1 SMP Thu May 10 10:06:57 UTC 2018
[STDOUT  ] 2018-05-15T11:18:05.749733255Z: [    0.000000] Command line: console=ttyS0 console=ttyAMA0
[STDOUT  ] 2018-05-15T11:18:05.749756870Z: [    0.000000] x86/fpu: x87 FPU will use FXSAVE
[STDOUT  ] 2018-05-15T11:18:05.749768598Z: [    0.000000] e820: BIOS-provided physical RAM map:
[STDOUT  ] 2018-05-15T11:18:05.749792618Z: [    0.000000] BIOS-e820: [mem 0x0000000000000000-0x000000000009fbff] usable
[STDOUT  ] 2018-05-15T11:18:05.749803454Z: [    0.000000] BIOS-e820: [mem 0x000000000009fc00-0x000000000009ffff] reserved
[STDOUT  ] 2018-05-15T11:18:05.749811982Z: [    0.000000] BIOS-e820: [mem 0x00000000000f0000-0x00000000000fffff] reserved
[STDOUT  ] 2018-05-15T11:18:05.749820692Z: [    0.000000] BIOS-e820: [mem 0x0000000000100000-0x000000003ffdefff] usable
[STDOUT  ] 2018-05-15T11:18:05.749829386Z: [    0.000000] BIOS-e820: [mem 0x000000003ffdf000-0x000000003fffffff] reserved
[STDOUT  ] 2018-05-15T11:18:05.749837953Z: [    0.000000] BIOS-e820: [mem 0x00000000b0000000-0x00000000bfffffff] reserved
[STDOUT  ] 2018-05-15T11:18:05.749846180Z: [    0.000000] BIOS-e820: [mem 0x00000000fed1c000-0x00000000fed1ffff] reserved
[STDOUT  ] 2018-05-15T11:18:05.749854524Z: [    0.000000] BIOS-e820: [mem 0x00000000fffc0000-0x00000000ffffffff] reserved
[STDOUT  ] 2018-05-15T11:18:05.749863277Z: [    0.000000] NX (Execute Disable) protection: active
[STDOUT  ] 2018-05-15T11:18:05.749871654Z: [    0.000000] SMBIOS 2.8 present.
[STDOUT  ] 2018-05-15T11:18:05.749886831Z: [    0.000000] DMI: QEMU Standard PC (Q35 + ICH9, 2009), BIOS rel-1.10.2-0-g5f4c7b1-prebuilt.qemu-project.org 04/01/2014
[STDOUT  ] 2018-05-15T11:18:05.749898682Z: [    0.000000] tsc: Fast TSC calibration using PIT
[STDOUT  ] 2018-05-15T11:18:05.749911637Z: [    0.000000] e820: last_pfn = 0x3ffdf max_arch_pfn = 0x400000000
[STDOUT  ] 2018-05-15T11:18:05.749920109Z: [    0.000000] x86/PAT: Configuration [0-7]: WB  WC  UC- UC  WB  WP  UC- WT  
[STDOUT  ] 2018-05-15T11:18:05.749928657Z: [    0.000000] found SMP MP-table at [mem 0x000f6aa0-0x000f6aaf] mapped at [ffffffffff200aa0]
[STDOUT  ] 2018-05-15T11:18:05.749937861Z: [    0.000000] RAMDISK: [mem 0x3e0f4000-0x3ffcffff]
[STDOUT  ] 2018-05-15T11:18:05.749946476Z: [    0.000000] ACPI: Early table checksum verification disabled
[STDOUT  ] 2018-05-15T11:18:05.749955050Z: [    0.000000] ACPI: RSDP 0x00000000000F68B0 000014 (v00 BOCHS )
[STDOUT  ] 2018-05-15T11:18:05.749980374Z: [    0.000000] ACPI: RSDT 0x000000003FFE20A8 000034 (v01 BOCHS  BXPCRSDT 00000001 BXPC 00000001)
[STDOUT  ] 2018-05-15T11:18:05.749989184Z: [    0.000000] ACPI: FACP 0x000000003FFE1EC8 0000F4 (v03 BOCHS  BXPCFACP 00000001 BXPC 00000001)
[STDOUT  ] 2018-05-15T11:18:05.749997945Z: [    0.000000] ACPI: DSDT 0x000000003FFE0040 001E88 (v01 BOCHS  BXPCDSDT 00000001 BXPC 00000001)
[STDOUT  ] 2018-05-15T11:18:05.750006913Z: [    0.000000] ACPI: FACS 0x000000003FFE0000 000040
[STDOUT  ] 2018-05-15T11:18:05.750015593Z: [    0.000000] ACPI: APIC 0x000000003FFE1FBC 000078 (v01 BOCHS  BXPCAPIC 00000001 BXPC 00000001)
[STDOUT  ] 2018-05-15T11:18:05.750024098Z: [    0.000000] ACPI: HPET 0x000000003FFE2034 000038 (v01 BOCHS  BXPCHPET 00000001 BXPC 00000001)
[STDOUT  ] 2018-05-15T11:18:05.750032926Z: [    0.000000] ACPI: MCFG 0x000000003FFE206C 00003C (v01 BOCHS  BXPCMCFG 00000001 BXPC 00000001)
[STDOUT  ] 2018-05-15T11:18:05.750041753Z: [    0.000000] Zone ranges:
[STDOUT  ] 2018-05-15T11:18:05.750050548Z: [    0.000000]   DMA      [mem 0x0000000000001000-0x0000000000ffffff]
[STDOUT  ] 2018-05-15T11:18:05.750069250Z: [    0.000000]   DMA32    [mem 0x0000000001000000-0x000000003ffdefff]
[STDOUT  ] 2018-05-15T11:18:05.750078010Z: [    0.000000]   Normal   empty
[STDOUT  ] 2018-05-15T11:18:05.750086709Z: [    0.000000]   Device   empty
[STDOUT  ] 2018-05-15T11:18:05.750095726Z: [    0.000000] Movable zone start for each node
[STDOUT  ] 2018-05-15T11:18:05.750104151Z: [    0.000000] Early memory node ranges
[STDOUT  ] 2018-05-15T11:18:05.750112616Z: [    0.000000]   node   0: [mem 0x0000000000001000-0x000000000009efff]
[STDOUT  ] 2018-05-15T11:18:05.750126480Z: [    0.000000]   node   0: [mem 0x0000000000100000-0x000000003ffdefff]
[STDOUT  ] 2018-05-15T11:18:05.750135321Z: [    0.000000] Initmem setup node 0 [mem 0x0000000000001000-0x000000003ffdefff]
[STDOUT  ] 2018-05-15T11:18:05.750143877Z: [    0.000000] ACPI: PM-Timer IO Port: 0x608
[STDOUT  ] 2018-05-15T11:18:05.750152341Z: [    0.000000] ACPI: LAPIC_NMI (acpi_id[0xff] dfl dfl lint[0x1])
[STDOUT  ] 2018-05-15T11:18:05.750161016Z: [    0.000000] IOAPIC[0]: apic_id 0, version 32, address 0xfec00000, GSI 0-23
[STDOUT  ] 2018-05-15T11:18:05.750169748Z: [    0.000000] ACPI: INT_SRC_OVR (bus 0 bus_irq 0 global_irq 2 dfl dfl)
[STDOUT  ] 2018-05-15T11:18:05.750180972Z: [    0.000000] ACPI: INT_SRC_OVR (bus 0 bus_irq 5 global_irq 5 high level)
[STDOUT  ] 2018-05-15T11:18:05.750189580Z: [    0.000000] ACPI: INT_SRC_OVR (bus 0 bus_irq 9 global_irq 9 high level)
[STDOUT  ] 2018-05-15T11:18:05.750198121Z: [    0.000000] ACPI: INT_SRC_OVR (bus 0 bus_irq 10 global_irq 10 high level)
[STDOUT  ] 2018-05-15T11:18:05.750206760Z: [    0.000000] ACPI: INT_SRC_OVR (bus 0 bus_irq 11 global_irq 11 high level)
[STDOUT  ] 2018-05-15T11:18:05.750215228Z: [    0.000000] Using ACPI (MADT) for SMP configuration information
[STDOUT  ] 2018-05-15T11:18:05.750223939Z: [    0.000000] ACPI: HPET id: 0x8086a201 base: 0xfed00000
[STDOUT  ] 2018-05-15T11:18:05.750232763Z: [    0.000000] smpboot: Allowing 1 CPUs, 0 hotplug CPUs
[STDOUT  ] 2018-05-15T11:18:05.750254041Z: [    0.000000] e820: [mem 0x40000000-0xafffffff] available for PCI devices
[STDOUT  ] 2018-05-15T11:18:05.750262868Z: [    0.000000] Booting paravirtualized kernel on bare hardware
[STDOUT  ] 2018-05-15T11:18:05.750271474Z: [    0.000000] clocksource: refined-jiffies: mask: 0xffffffff max_cycles: 0xffffffff, max_idle_ns: 19112604462750000 ns
[STDOUT  ] 2018-05-15T11:18:05.750283975Z: [    0.000000] random: get_random_bytes called from start_kernel+0x92/0x4c8 with crng_init=0
[STDOUT  ] 2018-05-15T11:18:05.750293015Z: [    0.000000] setup_percpu: NR_CPUS:128 nr_cpumask_bits:128 nr_cpu_ids:1 nr_node_ids:1
[STDOUT  ] 2018-05-15T11:18:05.750305678Z: [    0.000000] percpu: Embedded 44 pages/cpu @ffff9caffde00000 s143256 r8192 d28776 u2097152
[STDOUT  ] 2018-05-15T11:18:05.750315292Z: [    0.000000] Built 1 zonelists, mobility grouping on.  Total pages: 257896
[STDOUT  ] 2018-05-15T11:18:05.750323945Z: [    0.000000] Kernel command line: console=ttyS0 console=ttyAMA0
[STDOUT  ] 2018-05-15T11:18:05.750332276Z: [    0.000000] PID hash table entries: 4096 (order: 3, 32768 bytes)
[STDOUT  ] 2018-05-15T11:18:05.750340538Z: [    0.000000] Dentry cache hash table entries: 131072 (order: 8, 1048576 bytes)
[STDOUT  ] 2018-05-15T11:18:05.750348816Z: [    0.000000] Inode-cache hash table entries: 65536 (order: 7, 524288 bytes)
[STDOUT  ] 2018-05-15T11:18:05.750360144Z: [    0.000000] Memory: 973200K/1048052K available (12300K kernel code, 1465K rwdata, 2988K rodata, 1508K init, 632K bss, 74852K reserved, 0K cma-reserved)
[STDOUT  ] 2018-05-15T11:18:05.750374690Z: [    0.000000] ftrace: allocating 40967 entries in 161 pages
[STDOUT  ] 2018-05-15T11:18:05.750383445Z: [    0.000000] Hierarchical RCU implementation.
[STDOUT  ] 2018-05-15T11:18:05.750392232Z: [    0.000000] 	RCU restricting CPUs from NR_CPUS=128 to nr_cpu_ids=1.
[STDOUT  ] 2018-05-15T11:18:05.750403531Z: [    0.000000] RCU: Adjusting geometry for rcu_fanout_leaf=16, nr_cpu_ids=1
[STDOUT  ] 2018-05-15T11:18:05.750412241Z: [    0.000000] NR_IRQS: 8448, nr_irqs: 256, preallocated irqs: 16
[STDOUT  ] 2018-05-15T11:18:05.750420893Z: [    0.000000] Console: colour VGA+ 80x25
[STDOUT  ] 2018-05-15T11:18:05.750429384Z: [    0.000000] console [ttyS0] enabled
[STDOUT  ] 2018-05-15T11:18:05.750438269Z: [    0.000000] clocksource: hpet: mask: 0xffffffff max_cycles: 0xffffffff, max_idle_ns: 19112604467 ns
[STDOUT  ] 2018-05-15T11:18:05.750447074Z: [    0.000000] tsc: Fast TSC calibration using PIT
[STDOUT  ] 2018-05-15T11:18:05.750455507Z: [    0.000000] tsc: Detected 2599.843 MHz processor
[STDOUT  ] 2018-05-15T11:18:05.750464516Z: [    0.001727] Calibrating delay loop (skipped), value calculated using timer frequency.. 5199.68 BogoMIPS (lpj=25998430)
[STDOUT  ] 2018-05-15T11:18:05.750473295Z: [    0.002185] pid_max: default: 32768 minimum: 301
[STDOUT  ] 2018-05-15T11:18:05.750482039Z: [    0.002916] ACPI: Core revision 20170728
[STDOUT  ] 2018-05-15T11:18:05.750490544Z: [    0.038248] ACPI: 1 ACPI AML tables successfully acquired and loaded
[STDOUT  ] 2018-05-15T11:18:05.750499376Z: [    0.040270] Security Framework initialized
[STDOUT  ] 2018-05-15T11:18:05.750508084Z: [    0.040575] Yama: becoming mindful.
[STDOUT  ] 2018-05-15T11:18:05.750516635Z: [    0.043086] Mount-cache hash table entries: 2048 (order: 2, 16384 bytes)
[STDOUT  ] 2018-05-15T11:18:05.750525396Z: [    0.043302] Mountpoint-cache hash table entries: 2048 (order: 2, 16384 bytes)
[STDOUT  ] 2018-05-15T11:18:05.750533973Z: [    0.059640] Last level iTLB entries: 4KB 0, 2MB 0, 4MB 0
[STDOUT  ] 2018-05-15T11:18:05.750542406Z: [    0.060000] Last level dTLB entries: 4KB 0, 2MB 0, 4MB 0, 1GB 0
[STDOUT  ] 2018-05-15T11:18:05.750551121Z: [    0.060227] Spectre V2 : Spectre mitigation: LFENCE not serializing, switching to generic retpoline
[STDOUT  ] 2018-05-15T11:18:05.750559884Z: [    0.060706] Spectre V2 : Vulnerable: Minimal generic ASM retpoline
[STDOUT  ] 2018-05-15T11:18:05.750568610Z: [    0.060985] Spectre V2 : Spectre v2 mitigation: Filling RSB on context switch
[STDOUT  ] 2018-05-15T11:18:05.750577214Z: [    0.339637] Freeing SMP alternatives memory: 20K
[STDOUT  ] 2018-05-15T11:18:05.750591992Z: [    0.360408] smpboot: Max logical packages: 1
[STDOUT  ] 2018-05-15T11:18:05.750603362Z: [    0.366781] ..TIMER: vector=0x30 apic1=0 pin1=2 apic2=-1 pin2=-1
[STDOUT  ] 2018-05-15T11:18:05.750616295Z: [    0.470000] APIC calibration not consistent with PM-Timer: 96ms instead of 100ms
[STDOUT  ] 2018-05-15T11:18:05.750626897Z: [    0.470000] APIC delta adjusted to PM-Timer: 6249991 (6048447)
[STDOUT  ] 2018-05-15T11:18:05.750637823Z: [    0.470000] smpboot: CPU0: AMD QEMU Virtual CPU version 2.5+ (family: 0x6, model: 0x6, stepping: 0x3)
[STDOUT  ] 2018-05-15T11:18:05.750646479Z: [    0.470000] Performance Events: PMU not available due to virtualization, using software events only.
[STDOUT  ] 2018-05-15T11:18:05.750655454Z: [    0.471015] Hierarchical SRCU implementation.
[STDOUT  ] 2018-05-15T11:18:05.750664794Z: [    0.477723] NMI watchdog: Perf event create on CPU 0 failed with -2
[STDOUT  ] 2018-05-15T11:18:05.750673617Z: [    0.478201] NMI watchdog: Perf NMI watchdog permanently disabled
[STDOUT  ] 2018-05-15T11:18:05.750682391Z: [    0.482013] smp: Bringing up secondary CPUs ...
[STDOUT  ] 2018-05-15T11:18:05.750691238Z: [    0.482401] smp: Brought up 1 node, 1 CPU
[STDOUT  ] 2018-05-15T11:18:05.750700157Z: [    0.482719] smpboot: Total of 1 processors activated (5199.68 BogoMIPS)
[STDOUT  ] 2018-05-15T11:18:05.750708756Z: [    0.497931] devtmpfs: initialized
[STDOUT  ] 2018-05-15T11:18:05.750717467Z: [    0.503784] x86/mm: Memory block size: 128MB
[STDOUT  ] 2018-05-15T11:18:05.750726235Z: [    0.508296] evm: security.ima
[STDOUT  ] 2018-05-15T11:18:05.750735030Z: [    0.508603] evm: security.capability
[STDOUT  ] 2018-05-15T11:18:05.750748785Z: [    0.511614] clocksource: jiffies: mask: 0xffffffff max_cycles: 0xffffffff, max_idle_ns: 19112604462750000 ns
[STDOUT  ] 2018-05-15T11:18:05.750757743Z: [    0.512196] futex hash table entries: 256 (order: 2, 16384 bytes)
[STDOUT  ] 2018-05-15T11:18:05.750766411Z: [    0.521882] NET: Registered protocol family 16
[STDOUT  ] 2018-05-15T11:18:05.750775225Z: [    0.527616] cpuidle: using governor ladder
[STDOUT  ] 2018-05-15T11:18:05.750783880Z: [    0.528020] cpuidle: using governor menu
[STDOUT  ] 2018-05-15T11:18:05.750792362Z: [    0.529402] ACPI: bus type PCI registered
[STDOUT  ] 2018-05-15T11:18:05.750801159Z: [    0.531905] PCI: MMCONFIG for domain 0000 [bus 00-ff] at [mem 0xb0000000-0xbfffffff] (base 0xb0000000)
[STDOUT  ] 2018-05-15T11:18:05.750809961Z: [    0.532673] PCI: MMCONFIG at [mem 0xb0000000-0xbfffffff] reserved in E820
[STDOUT  ] 2018-05-15T11:18:05.750818809Z: [    0.533568] PCI: Using configuration type 1 for base access
[STDOUT  ] 2018-05-15T11:18:05.750827108Z: [    0.580887] HugeTLB registered 2.00 MiB page size, pre-allocated 0 pages
[STDOUT  ] 2018-05-15T11:18:05.750835770Z: [    0.591634] ACPI: Added _OSI(Module Device)
[STDOUT  ] 2018-05-15T11:18:05.750844443Z: [    0.591913] ACPI: Added _OSI(Processor Device)
[STDOUT  ] 2018-05-15T11:18:05.750853145Z: [    0.592167] ACPI: Added _OSI(3.0 _SCP Extensions)
[STDOUT  ] 2018-05-15T11:18:05.750864182Z: [    0.592374] ACPI: Added _OSI(Processor Aggregator Device)
[STDOUT  ] 2018-05-15T11:18:05.750873121Z: [    0.645590] ACPI: Interpreter enabled
[STDOUT  ] 2018-05-15T11:18:05.750881569Z: [    0.646459] ACPI: (supports S0 S5)
[STDOUT  ] 2018-05-15T11:18:05.750890454Z: [    0.646797] ACPI: Using IOAPIC for interrupt routing
[STDOUT  ] 2018-05-15T11:18:05.750899196Z: [    0.649088] PCI: Using host bridge windows from ACPI; if necessary, use "pci=nocrs" and report a bug
[STDOUT  ] 2018-05-15T11:18:05.750907865Z: [    0.652234] ACPI: Enabled 1 GPEs in block 00 to 3F
[STDOUT  ] 2018-05-15T11:18:05.750916556Z: [    0.697746] ACPI: PCI Root Bridge [PCI0] (domain 0000 [bus 00-ff])
[STDOUT  ] 2018-05-15T11:18:05.750925518Z: [    0.698671] acpi PNP0A08:00: _OSC: OS supports [ExtendedConfig ASPM ClockPM Segments MSI]
[STDOUT  ] 2018-05-15T11:18:05.750935268Z: [    0.703154] acpi PNP0A08:00: _OSC: OS now controls [PCIeHotplug PME PCIeCapability]
[STDOUT  ] 2018-05-15T11:18:05.750948619Z: [    0.706593] PCI host bridge to bus 0000:00
[STDOUT  ] 2018-05-15T11:18:05.750957498Z: [    0.706984] pci_bus 0000:00: root bus resource [io  0x0000-0x0cf7 window]
[STDOUT  ] 2018-05-15T11:18:05.750971874Z: [    0.707358] pci_bus 0000:00: root bus resource [io  0x0d00-0xffff window]
[STDOUT  ] 2018-05-15T11:18:05.750980773Z: [    0.707680] pci_bus 0000:00: root bus resource [mem 0x000a0000-0x000bffff window]
[STDOUT  ] 2018-05-15T11:18:05.750989598Z: [    0.708008] pci_bus 0000:00: root bus resource [mem 0xc0000000-0xfebfffff window]
[STDOUT  ] 2018-05-15T11:18:05.751000985Z: [    0.708515] pci_bus 0000:00: root bus resource [bus 00-ff]
[STDOUT  ] 2018-05-15T11:18:05.751009785Z: [    0.871727] pci 0000:00:1f.0: quirk: [io  0x0600-0x067f] claimed by ICH6 ACPI/GPIO/TCO
[STDOUT  ] 2018-05-15T11:18:05.751019017Z: [    0.948393] ACPI: PCI Interrupt Link [LNKA] (IRQs 5 *10 11)
[STDOUT  ] 2018-05-15T11:18:05.751027666Z: [    0.951594] ACPI: PCI Interrupt Link [LNKB] (IRQs 5 *10 11)
[STDOUT  ] 2018-05-15T11:18:05.751036436Z: [    0.953144] ACPI: PCI Interrupt Link [LNKC] (IRQs 5 10 *11)
[STDOUT  ] 2018-05-15T11:18:05.751045587Z: [    0.954649] ACPI: PCI Interrupt Link [LNKD] (IRQs 5 10 *11)
[STDOUT  ] 2018-05-15T11:18:05.751054847Z: [    0.956084] ACPI: PCI Interrupt Link [LNKE] (IRQs 5 *10 11)
[STDOUT  ] 2018-05-15T11:18:05.751063684Z: [    0.957305] ACPI: PCI Interrupt Link [LNKF] (IRQs 5 *10 11)
[STDOUT  ] 2018-05-15T11:18:05.751072420Z: [    0.958343] ACPI: PCI Interrupt Link [LNKG] (IRQs 5 10 *11)
[STDOUT  ] 2018-05-15T11:18:05.751081023Z: [    0.960874] ACPI: PCI Interrupt Link [LNKH] (IRQs 5 10 *11)
[STDOUT  ] 2018-05-15T11:18:05.751089589Z: [    0.961554] ACPI: PCI Interrupt Link [GSIA] (IRQs *16)
[STDOUT  ] 2018-05-15T11:18:05.751098207Z: [    0.962022] ACPI: PCI Interrupt Link [GSIB] (IRQs *17)
[STDOUT  ] 2018-05-15T11:18:05.751108304Z: [    0.962513] ACPI: PCI Interrupt Link [GSIC] (IRQs *18)
[STDOUT  ] 2018-05-15T11:18:05.751117235Z: [    0.962998] ACPI: PCI Interrupt Link [GSID] (IRQs *19)
[STDOUT  ] 2018-05-15T11:18:05.751125406Z: [    0.963478] ACPI: PCI Interrupt Link [GSIE] (IRQs *20)
[STDOUT  ] 2018-05-15T11:18:05.751133047Z: [    0.963961] ACPI: PCI Interrupt Link [GSIF] (IRQs *21)
[STDOUT  ] 2018-05-15T11:18:05.751141516Z: [    0.964423] ACPI: PCI Interrupt Link [GSIG] (IRQs *22)
[STDOUT  ] 2018-05-15T11:18:05.751149728Z: [    0.964927] ACPI: PCI Interrupt Link [GSIH] (IRQs *23)
[STDOUT  ] 2018-05-15T11:18:05.751157687Z: [    0.973423] SCSI subsystem initialized
[STDOUT  ] 2018-05-15T11:18:05.751165092Z: [    0.976133] ACPI: bus type USB registered
[STDOUT  ] 2018-05-15T11:18:05.751173542Z: [    0.976896] usbcore: registered new interface driver usbfs
[STDOUT  ] 2018-05-15T11:18:05.751181964Z: [    0.977662] usbcore: registered new interface driver hub
[STDOUT  ] 2018-05-15T11:18:05.751189734Z: [    0.978406] usbcore: registered new device driver usb
[STDOUT  ] 2018-05-15T11:18:05.751198327Z: [    0.979260] pps_core: LinuxPPS API ver. 1 registered
[STDOUT  ] 2018-05-15T11:18:05.751206338Z: [    0.979496] pps_core: Software ver. 5.3.6 - Copyright 2005-2007 Rodolfo Giometti <giometti@linux.it>
[STDOUT  ] 2018-05-15T11:18:05.751214112Z: [    0.980195] PTP clock support registered
[STDOUT  ] 2018-05-15T11:18:05.751222025Z: [    0.982616] PCI: Using ACPI for IRQ routing
[STDOUT  ] 2018-05-15T11:18:05.751230296Z: [    1.004902] NetLabel: Initializing
[STDOUT  ] 2018-05-15T11:18:05.751240431Z: [    1.005073] NetLabel:  domain hash size = 128
[STDOUT  ] 2018-05-15T11:18:05.751248609Z: [    1.005165] NetLabel:  protocols = UNLABELED CIPSOv4 CALIPSO
[STDOUT  ] 2018-05-15T11:18:05.751256873Z: [    1.007776] NetLabel:  unlabeled traffic allowed by default
[STDOUT  ] 2018-05-15T11:18:05.751265318Z: [    1.009637] HPET: 3 timers in total, 0 timers will be used for per-cpu timer
[STDOUT  ] 2018-05-15T11:18:05.751273447Z: [    1.010638] hpet0: at MMIO 0xfed00000, IRQs 2, 8, 0
[STDOUT  ] 2018-05-15T11:18:05.751282008Z: [    1.010886] hpet0: 3 comparators, 64-bit 100.000000 MHz counter
[STDOUT  ] 2018-05-15T11:18:05.751293890Z: [    1.017873] clocksource: Switched to clocksource hpet
[STDOUT  ] 2018-05-15T11:18:05.751302345Z: [    1.227420] VFS: Disk quotas dquot_6.6.0
[STDOUT  ] 2018-05-15T11:18:05.751314108Z: [    1.228103] VFS: Dquot-cache hash table entries: 512 (order 0, 4096 bytes)
[STDOUT  ] 2018-05-15T11:18:05.751322616Z: [    1.231583] FS-Cache: Loaded
[STDOUT  ] 2018-05-15T11:18:05.751331137Z: [    1.236461] CacheFiles: Loaded
[STDOUT  ] 2018-05-15T11:18:05.751339529Z: [    1.237531] pnp: PnP ACPI init
[STDOUT  ] 2018-05-15T11:18:05.751346971Z: [    1.246312] pnp: PnP ACPI: found 5 devices
[STDOUT  ] 2018-05-15T11:18:05.751355329Z: [    1.278597] clocksource: acpi_pm: mask: 0xffffff max_cycles: 0xffffff, max_idle_ns: 2085701024 ns
[STDOUT  ] 2018-05-15T11:18:05.751365960Z: [    1.282365] NET: Registered protocol family 2
[STDOUT  ] 2018-05-15T11:18:05.751373880Z: [    1.290648] TCP established hash table entries: 8192 (order: 4, 65536 bytes)
[STDOUT  ] 2018-05-15T11:18:05.751382548Z: [    1.291406] TCP bind hash table entries: 8192 (order: 5, 131072 bytes)
[STDOUT  ] 2018-05-15T11:18:05.751390928Z: [    1.292437] TCP: Hash tables configured (established 8192 bind 8192)
[STDOUT  ] 2018-05-15T11:18:05.751399337Z: [    1.294327] UDP hash table entries: 512 (order: 2, 16384 bytes)
[STDOUT  ] 2018-05-15T11:18:05.751407321Z: [    1.294948] UDP-Lite hash table entries: 512 (order: 2, 16384 bytes)
[STDOUT  ] 2018-05-15T11:18:05.751415605Z: [    1.297142] NET: Registered protocol family 1
[STDOUT  ] 2018-05-15T11:18:05.751423813Z: [    1.298107] pci 0000:00:01.0: Video device with shadowed ROM at [mem 0x000c0000-0x000dffff]
[STDOUT  ] 2018-05-15T11:18:05.751434574Z: [    1.303533] Trying to unpack rootfs image as initramfs...
[STDOUT  ] 2018-05-15T11:18:05.751443087Z: [    5.998555] Freeing initrd memory: 31600K
[STDOUT  ] 2018-05-15T11:18:05.751451332Z: [    6.019229] PCLMULQDQ-NI instructions are not detected.
[STDOUT  ] 2018-05-15T11:18:05.751461667Z: [    6.020888] AVX or AES-NI instructions are not detected.
[STDOUT  ] 2018-05-15T11:18:05.751469883Z: [    6.021346] CPU feature 'AVX registers' is not supported.
[STDOUT  ] 2018-05-15T11:18:05.751478477Z: [    6.021670] CPU feature 'AVX registers' is not supported.
[STDOUT  ] 2018-05-15T11:18:05.751486424Z: [    6.021954] CPU feature 'AVX registers' is not supported.
[STDOUT  ] 2018-05-15T11:18:05.751494047Z: [    6.022342] CPU feature 'AVX registers' is not supported.
[STDOUT  ] 2018-05-15T11:18:05.751502319Z: [    6.022643] AVX2 or AES-NI instructions are not detected.
[STDOUT  ] 2018-05-15T11:18:05.751510518Z: [    6.022916] AVX2 instructions are not detected.
[STDOUT  ] 2018-05-15T11:18:05.751518334Z: [    6.026815] audit: initializing netlink subsys (disabled)
[STDOUT  ] 2018-05-15T11:18:05.751526523Z: [    6.029661] audit: type=2000 audit(1526383064.020:1): state=initialized audit_enabled=0 res=1
[STDOUT  ] 2018-05-15T11:18:05.751535434Z: [    6.034660] workingset: timestamp_bits=46 max_order=18 bucket_order=0
[STDOUT  ] 2018-05-15T11:18:05.751546376Z: [    6.039777] squashfs: version 4.0 (2009/01/31) Phillip Lougher
[STDOUT  ] 2018-05-15T11:18:05.751557176Z: [    6.043589] FS-Cache: Netfs 'cifs' registered for caching
[STDOUT  ] 2018-05-15T11:18:05.751564942Z: [    6.044351] fuse init (API version 7.26)
[STDOUT  ] 2018-05-15T11:18:05.751573103Z: [    6.046692] SGI XFS with ACLs, security attributes, no debug enabled
[STDOUT  ] 2018-05-15T11:18:05.751581434Z: [    6.050779] 9p: Installing v9fs 9p2000 file system support
[STDOUT  ] 2018-05-15T11:18:05.751589411Z: [    6.051215] FS-Cache: Netfs '9p' registered for caching
[STDOUT  ] 2018-05-15T11:18:05.751597128Z: [    6.092354] NET: Registered protocol family 38
[STDOUT  ] 2018-05-15T11:18:05.751605665Z: [    6.092889] Key type asymmetric registered
[STDOUT  ] 2018-05-15T11:18:05.751615121Z: [    6.093281] Asymmetric key parser 'x509' registered
[STDOUT  ] 2018-05-15T11:18:05.751622833Z: [    6.094084] Block layer SCSI generic (bsg) driver version 0.4 loaded (major 247)
[STDOUT  ] 2018-05-15T11:18:05.751634682Z: [    6.095577] io scheduler noop registered
[STDOUT  ] 2018-05-15T11:18:05.751643399Z: [    6.095913] io scheduler deadline registered (default)
[STDOUT  ] 2018-05-15T11:18:05.751650971Z: [    6.096753] io scheduler cfq registered
[STDOUT  ] 2018-05-15T11:18:05.751662982Z: [    6.097012] io scheduler mq-deadline registered
[STDOUT  ] 2018-05-15T11:18:05.751671399Z: [    6.097228] io scheduler kyber registered
[STDOUT  ] 2018-05-15T11:18:05.751696784Z: [    6.101642] shpchp: Standard Hot Plug PCI Controller Driver version: 0.4
[STDOUT  ] 2018-05-15T11:18:05.751705175Z: [    6.102332] hv_vmbus: registering driver hyperv_fb
[STDOUT  ] 2018-05-15T11:18:05.751713173Z: [    6.105944] input: Power Button as /devices/LNXSYSTM:00/LNXPWRBN:00/input/input0
[STDOUT  ] 2018-05-15T11:18:05.751721341Z: [    6.109067] ACPI: Power Button [PWRF]
[STDOUT  ] 2018-05-15T11:18:05.751729589Z: [    6.126899] ACPI: PCI Interrupt Link [GSIG] enabled at IRQ 22
[STDOUT  ] 2018-05-15T11:18:05.751738185Z: [    6.137994] ACPI: PCI Interrupt Link [GSIH] enabled at IRQ 23
[STDOUT  ] 2018-05-15T11:18:05.751752051Z: [    6.145300] Serial: 8250/16550 driver, 4 ports, IRQ sharing disabled
[STDOUT  ] 2018-05-15T11:18:05.751760456Z: [    6.168936] 00:04: ttyS0 at I/O 0x3f8 (irq = 4, base_baud = 115200) is a 16550A
[STDOUT  ] 2018-05-15T11:18:05.751768450Z: [    6.177453] Non-volatile memory driver v1.3
[STDOUT  ] 2018-05-15T11:18:05.751776634Z: [    6.183414] Hangcheck: starting hangcheck timer 0.9.1 (tick is 180 seconds, margin is 60 seconds).
[STDOUT  ] 2018-05-15T11:18:05.751785230Z: [    6.191014] random: fast init done
[STDOUT  ] 2018-05-15T11:18:05.751793357Z: [    6.192538] random: crng init done
[STDOUT  ] 2018-05-15T11:18:05.751801153Z: [    6.234896] brd: module loaded
