[INFO    ] 2018-01-09T12:23:39.88411603Z: Running Test linuxkit.packages.ca-certificates in /tmp/build/test/cases/040_packages/003_ca-certificates
[INFO    ] 2018-01-09T12:23:39.884256985Z: Running command: [/bin/sh -x /tmp/build/test/cases/040_packages/003_ca-certificates/test.sh]
[STDERR  ] 2018-01-09T12:23:39.885018517Z: + set -e
[STDERR  ] 2018-01-09T12:23:39.885076156Z: + . /tmp/build/test/cases/_lib/lib.sh
[STDERR  ] 2018-01-09T12:23:39.885087002Z: + [ -f src/github.com/linuxkit/rtf/lib/lib.sh ]
[STDERR  ] 2018-01-09T12:23:39.885096684Z: + LINUXKIT_TMPDIR=/tmp/build/test/cases/_tmp
[STDERR  ] 2018-01-09T12:23:39.885115691Z: + [ -f /tmp/build/test/cases/_tmp/env.sh ]
[STDERR  ] 2018-01-09T12:23:39.885126571Z: + . /tmp/build/test/cases/_tmp/env.sh
[STDERR  ] 2018-01-09T12:23:39.885136632Z: + export LINUXKIT_EXAMPLES_DIR=/tmp/build/test/cases/../../examples
[STDERR  ] 2018-01-09T12:23:39.885146283Z: + export LINUXKIT_BLUEPRINTS_DIR=/tmp/build/test/cases/../../blueprints
[STDERR  ] 2018-01-09T12:23:39.885156695Z: + RT_CANCEL=253
[STDERR  ] 2018-01-09T12:23:39.88516611Z: + NAME=ca-certificates
[STDERR  ] 2018-01-09T12:23:39.885175457Z: + trap clean_up EXIT
[STDERR  ] 2018-01-09T12:23:39.885185612Z: + linuxkit build -format kernel+initrd -name ca-certificates test.yml
[STDERR  ] 2018-01-09T12:23:39.91312866Z: Extract kernel image: linuxkit/kernel:4.9.75
[STDERR  ] 2018-01-09T12:23:41.069808666Z: time="2018-01-09T12:23:41Z" level=warning msg="certificate with CN Justin Cormack is near expiry"
[STDERR  ] 2018-01-09T12:23:41.069866142Z: time="2018-01-09T12:23:41Z" level=warning msg="certificate with CN  is near expiry"
[STDERR  ] 2018-01-09T12:23:41.069875749Z: time="2018-01-09T12:23:41Z" level=warning msg="certificate with CN  is near expiry"
[STDERR  ] 2018-01-09T12:23:41.111253827Z: time="2018-01-09T12:23:41Z" level=warning msg="certificate with CN Justin Cormack is near expiry"
[STDERR  ] 2018-01-09T12:23:41.455539302Z: Add init containers:
[STDERR  ] 2018-01-09T12:23:41.455584721Z: Process init image: linuxkit/init:5a577d070817b4f17821657823082651baafd4ed
[STDERR  ] 2018-01-09T12:23:42.486155818Z: time="2018-01-09T12:23:42Z" level=warning msg="certificate with CN  is near expiry"
[STDERR  ] 2018-01-09T12:23:42.486209572Z: time="2018-01-09T12:23:42Z" level=warning msg="certificate with CN  is near expiry"
[STDERR  ] 2018-01-09T12:23:42.486392764Z: time="2018-01-09T12:23:42Z" level=warning msg="certificate with CN Justin Cormack is near expiry"
[STDERR  ] 2018-01-09T12:23:42.489916771Z: time="2018-01-09T12:23:42Z" level=warning msg="certificate with CN Justin Cormack is near expiry"
[STDERR  ] 2018-01-09T12:23:42.49128992Z: time="2018-01-09T12:23:42Z" level=warning msg="certificate with CN  is near expiry"
[STDERR  ] 2018-01-09T12:23:42.660458117Z: Process init image: linuxkit/runc:abc3f292653e64a2fd488e9675ace19a55ec7023
[STDERR  ] 2018-01-09T12:23:43.69978547Z: time="2018-01-09T12:23:43Z" level=warning msg="certificate with CN Justin Cormack is near expiry"
[STDERR  ] 2018-01-09T12:23:43.699969417Z: time="2018-01-09T12:23:43Z" level=warning msg="certificate with CN  is near expiry"
[STDERR  ] 2018-01-09T12:23:43.700092872Z: time="2018-01-09T12:23:43Z" level=warning msg="certificate with CN  is near expiry"
[STDERR  ] 2018-01-09T12:23:43.702084888Z: time="2018-01-09T12:23:43Z" level=warning msg="certificate with CN Justin Cormack is near expiry"
[STDERR  ] 2018-01-09T12:23:43.703304681Z: time="2018-01-09T12:23:43Z" level=warning msg="certificate with CN  is near expiry"
[STDERR  ] 2018-01-09T12:23:43.843485746Z: Process init image: linuxkit/ca-certificates:de21b84d9b055ad9dcecc57965b654a7a24ef8e0
[STDERR  ] 2018-01-09T12:23:45.018366934Z: time="2018-01-09T12:23:45Z" level=warning msg="certificate with CN Justin Cormack is near expiry"
[STDERR  ] 2018-01-09T12:23:45.01844637Z: time="2018-01-09T12:23:45Z" level=warning msg="certificate with CN  is near expiry"
[STDERR  ] 2018-01-09T12:23:45.019404165Z: time="2018-01-09T12:23:45Z" level=warning msg="certificate with CN Justin Cormack is near expiry"
[STDERR  ] 2018-01-09T12:23:45.020493309Z: time="2018-01-09T12:23:45Z" level=warning msg="certificate with CN  is near expiry"
[STDERR  ] 2018-01-09T12:23:45.147467848Z: Add onboot containers:
[STDERR  ] 2018-01-09T12:23:45.147511852Z:   Create OCI config for alpine:3.7
[STDERR  ] 2018-01-09T12:23:46.365330148Z:   Create OCI config for linuxkit/poweroff:bccfe1cb04fc7bb9f03613d2314f38abd2620f29
[STDERR  ] 2018-01-09T12:23:47.418030947Z: time="2018-01-09T12:23:47Z" level=warning msg="certificate with CN Rolf Neugebauer is near expiry"
[STDERR  ] 2018-01-09T12:23:47.418085439Z: time="2018-01-09T12:23:47Z" level=warning msg="certificate with CN  is near expiry"
[STDERR  ] 2018-01-09T12:23:47.418108419Z: time="2018-01-09T12:23:47Z" level=warning msg="certificate with CN  is near expiry"
[STDERR  ] 2018-01-09T12:23:47.418260007Z: time="2018-01-09T12:23:47Z" level=warning msg="certificate with CN Justin Cormack is near expiry"
[STDERR  ] 2018-01-09T12:23:47.419764307Z: time="2018-01-09T12:23:47Z" level=warning msg="certificate with CN Rolf Neugebauer is near expiry"
[STDERR  ] 2018-01-09T12:23:47.420362096Z: time="2018-01-09T12:23:47Z" level=warning msg="certificate with CN  is near expiry"
[STDERR  ] 2018-01-09T12:23:47.582812638Z: Add files:
[STDERR  ] 2018-01-09T12:23:47.582847832Z:   check.sh
[STDERR  ] 2018-01-09T12:23:47.595707538Z: Create outputs:
[STDERR  ] 2018-01-09T12:23:51.829416754Z:   ca-certificates-kernel ca-certificates-initrd.img ca-certificates-cmdline
[STDERR  ] 2018-01-09T12:23:51.880188683Z: + linuxkit run ca-certificates
[STDERR  ] 2018-01-09T12:23:51.904053999Z: Unable to find qemu-system-x86_64 within the $PATH. Using a container
[STDOUT  ] 2018-01-09T12:24:15.892314803Z: [    0.000000] Linux version 4.9.75-linuxkit (root@912da39a9ad2) (gcc version 6.4.0 (Alpine 6.4.0) ) #1 SMP Sat Jan 6 12:14:29 UTC 2018
[STDOUT  ] 2018-01-09T12:24:15.892401442Z: [    0.000000] Command line: console=ttyS0 console=ttyAMA0
[STDOUT  ] 2018-01-09T12:24:15.892412505Z: [    0.000000] x86/fpu: Legacy x87 FPU detected.
[STDOUT  ] 2018-01-09T12:24:15.892423113Z: [    0.000000] x86/fpu: Using 'eager' FPU context switches.
[STDOUT  ] 2018-01-09T12:24:15.892433103Z: [    0.000000] e820: BIOS-provided physical RAM map:
[STDOUT  ] 2018-01-09T12:24:15.892442897Z: [    0.000000] BIOS-e820: [mem 0x0000000000000000-0x000000000009fbff] usable
[STDOUT  ] 2018-01-09T12:24:15.892453583Z: [    0.000000] BIOS-e820: [mem 0x000000000009fc00-0x000000000009ffff] reserved
[STDOUT  ] 2018-01-09T12:24:15.8924636Z: [    0.000000] BIOS-e820: [mem 0x00000000000f0000-0x00000000000fffff] reserved
[STDOUT  ] 2018-01-09T12:24:15.892474533Z: [    0.000000] BIOS-e820: [mem 0x0000000000100000-0x000000003ffdefff] usable
[STDOUT  ] 2018-01-09T12:24:15.892484454Z: [    0.000000] BIOS-e820: [mem 0x000000003ffdf000-0x000000003fffffff] reserved
[STDOUT  ] 2018-01-09T12:24:15.892494847Z: [    0.000000] BIOS-e820: [mem 0x00000000b0000000-0x00000000bfffffff] reserved
[STDOUT  ] 2018-01-09T12:24:15.892505014Z: [    0.000000] BIOS-e820: [mem 0x00000000fed1c000-0x00000000fed1ffff] reserved
[STDOUT  ] 2018-01-09T12:24:15.892515071Z: [    0.000000] BIOS-e820: [mem 0x00000000fffc0000-0x00000000ffffffff] reserved
[STDOUT  ] 2018-01-09T12:24:15.892524616Z: [    0.000000] NX (Execute Disable) protection: active
[STDOUT  ] 2018-01-09T12:24:15.892535145Z: [    0.000000] SMBIOS 2.8 present.
[STDOUT  ] 2018-01-09T12:24:15.892545131Z: [    0.000000] Kernel/User page tables isolation: disabled
[STDOUT  ] 2018-01-09T12:24:15.89255524Z: [    0.000000] e820: last_pfn = 0x3ffdf max_arch_pfn = 0x400000000
[STDOUT  ] 2018-01-09T12:24:15.892565426Z: [    0.000000] x86/PAT: Configuration [0-7]: WB  WC  UC- UC  WB  WC  UC- WT  
[STDOUT  ] 2018-01-09T12:24:15.892575526Z: [    0.000000] found SMP MP-table at [mem 0x000f6aa0-0x000f6aaf] mapped at [ffff8f41400f6aa0]
[STDOUT  ] 2018-01-09T12:24:15.892585745Z: [    0.000000] RAMDISK: [mem 0x3e7f4000-0x3ffcffff]
[STDOUT  ] 2018-01-09T12:24:15.89259595Z: [    0.000000] ACPI: Early table checksum verification disabled
[STDOUT  ] 2018-01-09T12:24:15.892606152Z: [    0.000000] ACPI: RSDP 0x00000000000F68B0 000014 (v00 BOCHS )
[STDOUT  ] 2018-01-09T12:24:15.892627478Z: [    0.000000] ACPI: RSDT 0x000000003FFE20A8 000034 (v01 BOCHS  BXPCRSDT 00000001 BXPC 00000001)
[STDOUT  ] 2018-01-09T12:24:15.892637386Z: [    0.000000] ACPI: FACP 0x000000003FFE1EC8 0000F4 (v03 BOCHS  BXPCFACP 00000001 BXPC 00000001)
[STDOUT  ] 2018-01-09T12:24:15.892646388Z: [    0.000000] ACPI: DSDT 0x000000003FFE0040 001E88 (v01 BOCHS  BXPCDSDT 00000001 BXPC 00000001)
[STDOUT  ] 2018-01-09T12:24:15.892655307Z: [    0.000000] ACPI: FACS 0x000000003FFE0000 000040
[STDOUT  ] 2018-01-09T12:24:15.892663792Z: [    0.000000] ACPI: APIC 0x000000003FFE1FBC 000078 (v01 BOCHS  BXPCAPIC 00000001 BXPC 00000001)
[STDOUT  ] 2018-01-09T12:24:15.892680812Z: [    0.000000] ACPI: HPET 0x000000003FFE2034 000038 (v01 BOCHS  BXPCHPET 00000001 BXPC 00000001)
[STDOUT  ] 2018-01-09T12:24:15.892689043Z: [    0.000000] ACPI: MCFG 0x000000003FFE206C 00003C (v01 BOCHS  BXPCMCFG 00000001 BXPC 00000001)
[STDOUT  ] 2018-01-09T12:24:15.892697577Z: [    0.000000] Zone ranges:
[STDOUT  ] 2018-01-09T12:24:15.892707283Z: [    0.000000]   DMA      [mem 0x0000000000001000-0x0000000000ffffff]
[STDOUT  ] 2018-01-09T12:24:15.892716212Z: [    0.000000]   DMA32    [mem 0x0000000001000000-0x000000003ffdefff]
[STDOUT  ] 2018-01-09T12:24:15.892725462Z: [    0.000000]   Normal   empty
[STDOUT  ] 2018-01-09T12:24:15.89273446Z: [    0.000000] Movable zone start for each node
[STDOUT  ] 2018-01-09T12:24:15.892744537Z: [    0.000000] Early memory node ranges
[STDOUT  ] 2018-01-09T12:24:15.89275426Z: [    0.000000]   node   0: [mem 0x0000000000001000-0x000000000009efff]
[STDOUT  ] 2018-01-09T12:24:15.892762801Z: [    0.000000]   node   0: [mem 0x0000000000100000-0x000000003ffdefff]
[STDOUT  ] 2018-01-09T12:24:15.892771988Z: [    0.000000] Initmem setup node 0 [mem 0x0000000000001000-0x000000003ffdefff]
[STDOUT  ] 2018-01-09T12:24:15.892780907Z: [    0.000000] ACPI: PM-Timer IO Port: 0x608
[STDOUT  ] 2018-01-09T12:24:15.892790213Z: [    0.000000] ACPI: LAPIC_NMI (acpi_id[0xff] dfl dfl lint[0x1])
[STDOUT  ] 2018-01-09T12:24:15.892799146Z: [    0.000000] IOAPIC[0]: apic_id 0, version 32, address 0xfec00000, GSI 0-23
[STDOUT  ] 2018-01-09T12:24:15.892807767Z: [    0.000000] ACPI: INT_SRC_OVR (bus 0 bus_irq 0 global_irq 2 dfl dfl)
[STDOUT  ] 2018-01-09T12:24:15.892816821Z: [    0.000000] ACPI: INT_SRC_OVR (bus 0 bus_irq 5 global_irq 5 high level)
[STDOUT  ] 2018-01-09T12:24:15.892828161Z: [    0.000000] ACPI: INT_SRC_OVR (bus 0 bus_irq 9 global_irq 9 high level)
[STDOUT  ] 2018-01-09T12:24:15.892836652Z: [    0.000000] ACPI: INT_SRC_OVR (bus 0 bus_irq 10 global_irq 10 high level)
[STDOUT  ] 2018-01-09T12:24:15.892845227Z: [    0.000000] ACPI: INT_SRC_OVR (bus 0 bus_irq 11 global_irq 11 high level)
[STDOUT  ] 2018-01-09T12:24:15.892854471Z: [    0.000000] Using ACPI (MADT) for SMP configuration information
[STDOUT  ] 2018-01-09T12:24:15.892863795Z: [    0.000000] ACPI: HPET id: 0x8086a201 base: 0xfed00000
[STDOUT  ] 2018-01-09T12:24:15.892873467Z: [    0.000000] smpboot: Allowing 1 CPUs, 0 hotplug CPUs
[STDOUT  ] 2018-01-09T12:24:15.892894001Z: [    0.000000] e820: [mem 0x40000000-0xafffffff] available for PCI devices
[STDOUT  ] 2018-01-09T12:24:15.892902336Z: [    0.000000] Booting paravirtualized kernel on bare hardware
[STDOUT  ] 2018-01-09T12:24:15.892910703Z: [    0.000000] clocksource: refined-jiffies: mask: 0xffffffff max_cycles: 0xffffffff, max_idle_ns: 19112604462750000 ns
[STDOUT  ] 2018-01-09T12:24:15.892921729Z: [    0.000000] setup_percpu: NR_CPUS:128 nr_cpumask_bits:128 nr_cpu_ids:1 nr_node_ids:1
[STDOUT  ] 2018-01-09T12:24:15.892930284Z: [    0.000000] percpu: Embedded 36 pages/cpu @ffff8f417e400000 s106904 r8192 d32360 u2097152
[STDOUT  ] 2018-01-09T12:24:15.892938928Z: [    0.000000] Built 1 zonelists in Zone order, mobility grouping on.  Total pages: 257896
[STDOUT  ] 2018-01-09T12:24:15.892948077Z: [    0.000000] Kernel command line: console=ttyS0 console=ttyAMA0
[STDOUT  ] 2018-01-09T12:24:15.892960899Z: [    0.000000] PID hash table entries: 4096 (order: 3, 32768 bytes)
[STDOUT  ] 2018-01-09T12:24:15.892974521Z: [    0.000000] Dentry cache hash table entries: 131072 (order: 8, 1048576 bytes)
[STDOUT  ] 2018-01-09T12:24:15.892983858Z: [    0.000000] Inode-cache hash table entries: 65536 (order: 7, 524288 bytes)
[STDOUT  ] 2018-01-09T12:24:15.892993185Z: [    0.000000] Memory: 989700K/1048052K available (8053K kernel code, 1391K rwdata, 2700K rodata, 1396K init, 564K bss, 58352K reserved, 0K cma-reserved)
[STDOUT  ] 2018-01-09T12:24:15.893011794Z: [    0.000000] Hierarchical RCU implementation.
[STDOUT  ] 2018-01-09T12:24:15.893021172Z: [    0.000000] 	Build-time adjustment of leaf fanout to 64.
[STDOUT  ] 2018-01-09T12:24:15.893035961Z: [    0.000000] 	RCU restricting CPUs from NR_CPUS=128 to nr_cpu_ids=1.
[STDOUT  ] 2018-01-09T12:24:15.893045575Z: [    0.000000] RCU: Adjusting geometry for rcu_fanout_leaf=64, nr_cpu_ids=1
[STDOUT  ] 2018-01-09T12:24:15.893054495Z: [    0.000000] NR_IRQS:8448 nr_irqs:256 16
[STDOUT  ] 2018-01-09T12:24:15.893064414Z: [    0.000000] Console: colour VGA+ 80x25
[STDOUT  ] 2018-01-09T12:24:15.893073587Z: [    0.000000] console [ttyS0] enabled
[STDOUT  ] 2018-01-09T12:24:15.893082421Z: [    0.000000] clocksource: hpet: mask: 0xffffffff max_cycles: 0xffffffff, max_idle_ns: 19112604467 ns
[STDOUT  ] 2018-01-09T12:24:15.893092794Z: [    0.000000] tsc: Fast TSC calibration using PIT
[STDOUT  ] 2018-01-09T12:24:15.893101675Z: [    0.000000] tsc: Detected 2599.920 MHz processor
[STDOUT  ] 2018-01-09T12:24:15.89310973Z: [    0.022136] Calibrating delay loop (skipped), value calculated using timer frequency.. 5199.84 BogoMIPS (lpj=25999200)
[STDOUT  ] 2018-01-09T12:24:15.893118624Z: [    0.023177] pid_max: default: 32768 minimum: 301
[STDOUT  ] 2018-01-09T12:24:15.893126818Z: [    0.030497] ACPI: Core revision 20160831
[STDOUT  ] 2018-01-09T12:24:15.893135443Z: [    0.057469] ACPI: 1 ACPI AML tables successfully acquired and loaded
[STDOUT  ] 2018-01-09T12:24:15.89314443Z: [    0.062128] Security Framework initialized
[STDOUT  ] 2018-01-09T12:24:15.893153184Z: [    0.062497] Yama: becoming mindful.
[STDOUT  ] 2018-01-09T12:24:15.893161875Z: [    0.064478] Mount-cache hash table entries: 2048 (order: 2, 16384 bytes)
[STDOUT  ] 2018-01-09T12:24:15.893169941Z: [    0.065034] Mountpoint-cache hash table entries: 2048 (order: 2, 16384 bytes)
[STDOUT  ] 2018-01-09T12:24:15.893178576Z: [    0.085003] Last level iTLB entries: 4KB 0, 2MB 0, 4MB 0
[STDOUT  ] 2018-01-09T12:24:15.893187843Z: [    0.085454] Last level dTLB entries: 4KB 0, 2MB 0, 4MB 0, 1GB 0
[STDOUT  ] 2018-01-09T12:24:15.89319636Z: [    0.408611] Freeing SMP alternatives memory: 20K
[STDOUT  ] 2018-01-09T12:24:15.893204275Z: [    0.418062] ftrace: allocating 35550 entries in 139 pages
[STDOUT  ] 2018-01-09T12:24:15.893213215Z: [    0.488374] smpboot: Max logical packages: 1
[STDOUT  ] 2018-01-09T12:24:15.893223059Z: [    0.495274] ..TIMER: vector=0x30 apic1=0 pin1=2 apic2=-1 pin2=-1
[STDOUT  ] 2018-01-09T12:24:15.893239847Z: [    0.600000] smpboot: CPU0: AMD QEMU Virtual CPU version 2.5+ (family: 0x6, model: 0x6, stepping: 0x3)
[STDOUT  ] 2018-01-09T12:24:15.893248387Z: [    0.600000] Performance Events: PMU not available due to virtualization, using software events only.
[STDOUT  ] 2018-01-09T12:24:15.893257524Z: [    0.608096] NMI watchdog: disabled (cpu0): hardware events not enabled
[STDOUT  ] 2018-01-09T12:24:15.89326638Z: [    0.608562] NMI watchdog: Shutting down hard lockup detector on all cpus
[STDOUT  ] 2018-01-09T12:24:15.893274541Z: [    0.611242] x86: Booted up 1 node, 1 CPUs
[STDOUT  ] 2018-01-09T12:24:15.893284172Z: [    0.611661] smpboot: Total of 1 processors activated (5199.84 BogoMIPS)
[STDOUT  ] 2018-01-09T12:24:15.893294445Z: [    0.628636] devtmpfs: initialized
[STDOUT  ] 2018-01-09T12:24:15.893303908Z: [    0.635262] x86/mm: Memory block size: 128MB
[STDOUT  ] 2018-01-09T12:24:15.893313571Z: [    0.665933] clocksource: jiffies: mask: 0xffffffff max_cycles: 0xffffffff, max_idle_ns: 19112604462750000 ns
[STDOUT  ] 2018-01-09T12:24:15.893322312Z: [    0.666753] futex hash table entries: 256 (order: 2, 16384 bytes)
[STDOUT  ] 2018-01-09T12:24:15.893336215Z: [    0.676276] NET: Registered protocol family 16
[STDOUT  ] 2018-01-09T12:24:15.893345102Z: [    0.686485] cpuidle: using governor ladder
[STDOUT  ] 2018-01-09T12:24:15.893353664Z: [    0.686955] cpuidle: using governor menu
[STDOUT  ] 2018-01-09T12:24:15.893363255Z: [    0.688043] ACPI: bus type PCI registered
[STDOUT  ] 2018-01-09T12:24:15.893372315Z: [    0.691385] PCI: MMCONFIG for domain 0000 [bus 00-ff] at [mem 0xb0000000-0xbfffffff] (base 0xb0000000)
[STDOUT  ] 2018-01-09T12:24:15.893381681Z: [    0.692085] PCI: MMCONFIG at [mem 0xb0000000-0xbfffffff] reserved in E820
[STDOUT  ] 2018-01-09T12:24:15.893395115Z: [    0.692975] PCI: Using configuration type 1 for base access
[STDOUT  ] 2018-01-09T12:24:15.893404779Z: [    0.733584] HugeTLB registered 2 MB page size, pre-allocated 0 pages
[STDOUT  ] 2018-01-09T12:24:15.893414178Z: [    0.744948] ACPI: Added _OSI(Module Device)
[STDOUT  ] 2018-01-09T12:24:15.893422218Z: [    0.745250] ACPI: Added _OSI(Processor Device)
[STDOUT  ] 2018-01-09T12:24:15.893430373Z: [    0.745511] ACPI: Added _OSI(3.0 _SCP Extensions)
[STDOUT  ] 2018-01-09T12:24:15.893439136Z: [    0.745724] ACPI: Added _OSI(Processor Aggregator Device)
[STDOUT  ] 2018-01-09T12:24:15.893447472Z: [    0.797751] ACPI: Interpreter enabled
[STDOUT  ] 2018-01-09T12:24:15.893457055Z: [    0.798716] ACPI: (supports S0 S5)
[STDOUT  ] 2018-01-09T12:24:15.893465843Z: [    0.799025] ACPI: Using IOAPIC for interrupt routing
[STDOUT  ] 2018-01-09T12:24:15.893474799Z: [    0.802074] PCI: Using host bridge windows from ACPI; if necessary, use "pci=nocrs" and report a bug
[STDOUT  ] 2018-01-09T12:24:15.893484107Z: [    0.847849] ACPI: PCI Root Bridge [PCI0] (domain 0000 [bus 00-ff])
[STDOUT  ] 2018-01-09T12:24:15.893492414Z: [    0.849154] acpi PNP0A08:00: _OSC: OS supports [ExtendedConfig ASPM ClockPM Segments MSI]
[STDOUT  ] 2018-01-09T12:24:15.893500867Z: [    0.854775] acpi PNP0A08:00: _OSC: OS now controls [PCIeHotplug PME PCIeCapability]
[STDOUT  ] 2018-01-09T12:24:15.893509588Z: [    0.858370] PCI host bridge to bus 0000:00
[STDOUT  ] 2018-01-09T12:24:15.893518561Z: [    0.858902] pci_bus 0000:00: root bus resource [io  0x0000-0x0cf7 window]
[STDOUT  ] 2018-01-09T12:24:15.893527154Z: [    0.859324] pci_bus 0000:00: root bus resource [io  0x0d00-0xffff window]
[STDOUT  ] 2018-01-09T12:24:15.893542698Z: [    0.859648] pci_bus 0000:00: root bus resource [mem 0x000a0000-0x000bffff window]
[STDOUT  ] 2018-01-09T12:24:15.893552037Z: [    0.860085] pci_bus 0000:00: root bus resource [mem 0xc0000000-0xfebfffff window]
[STDOUT  ] 2018-01-09T12:24:15.893561091Z: [    0.860659] pci_bus 0000:00: root bus resource [bus 00-ff]
[STDOUT  ] 2018-01-09T12:24:15.893570214Z: [    1.027060] pci 0000:00:1f.0: quirk: [io  0x0600-0x067f] claimed by ICH6 ACPI/GPIO/TCO
[STDOUT  ] 2018-01-09T12:24:15.893579353Z: [    1.118176] ACPI: PCI Interrupt Link [LNKA] (IRQs 5 *10 11)
[STDOUT  ] 2018-01-09T12:24:15.893588786Z: [    1.121357] ACPI: PCI Interrupt Link [LNKB] (IRQs 5 *10 11)
[STDOUT  ] 2018-01-09T12:24:15.893597372Z: [    1.123313] ACPI: PCI Interrupt Link [LNKC] (IRQs 5 10 *11)
[STDOUT  ] 2018-01-09T12:24:15.893605237Z: [    1.124649] ACPI: PCI Interrupt Link [LNKD] (IRQs 5 10 *11)
[STDOUT  ] 2018-01-09T12:24:15.893611145Z: [    1.126006] ACPI: PCI Interrupt Link [LNKE] (IRQs 5 *10 11)
[STDOUT  ] 2018-01-09T12:24:15.893617023Z: [    1.127318] ACPI: PCI Interrupt Link [LNKF] (IRQs 5 *10 11)
[STDOUT  ] 2018-01-09T12:24:15.89362285Z: [    1.128662] ACPI: PCI Interrupt Link [LNKG] (IRQs 5 10 *11)
[STDOUT  ] 2018-01-09T12:24:15.893630036Z: [    1.131519] ACPI: PCI Interrupt Link [LNKH] (IRQs 5 10 *11)
[STDOUT  ] 2018-01-09T12:24:15.893635752Z: [    1.132239] ACPI: PCI Interrupt Link [GSIA] (IRQs *16)
[STDOUT  ] 2018-01-09T12:24:15.893642982Z: [    1.132784] ACPI: PCI Interrupt Link [GSIB] (IRQs *17)
[STDOUT  ] 2018-01-09T12:24:15.893648838Z: [    1.133310] ACPI: PCI Interrupt Link [GSIC] (IRQs *18)
[STDOUT  ] 2018-01-09T12:24:15.89365692Z: [    1.133859] ACPI: PCI Interrupt Link [GSID] (IRQs *19)
[STDOUT  ] 2018-01-09T12:24:15.893669058Z: [    1.134387] ACPI: PCI Interrupt Link [GSIE] (IRQs *20)
[STDOUT  ] 2018-01-09T12:24:15.893675159Z: [    1.134931] ACPI: PCI Interrupt Link [GSIF] (IRQs *21)
[STDOUT  ] 2018-01-09T12:24:15.893681954Z: [    1.135446] ACPI: PCI Interrupt Link [GSIG] (IRQs *22)
[STDOUT  ] 2018-01-09T12:24:15.893689862Z: [    1.135962] ACPI: PCI Interrupt Link [GSIH] (IRQs *23)
[STDOUT  ] 2018-01-09T12:24:15.893697054Z: [    1.139241] ACPI: Enabled 1 GPEs in block 00 to 3F
[STDOUT  ] 2018-01-09T12:24:15.893702973Z: [    1.142746] SCSI subsystem initialized
[STDOUT  ] 2018-01-09T12:24:15.893713864Z: [    1.144614] ACPI: bus type USB registered
[STDOUT  ] 2018-01-09T12:24:15.893719682Z: [    1.145634] usbcore: registered new interface driver usbfs
[STDOUT  ] 2018-01-09T12:24:15.893725566Z: [    1.146416] usbcore: registered new interface driver hub
[STDOUT  ] 2018-01-09T12:24:15.893731453Z: [    1.147128] usbcore: registered new device driver usb
[STDOUT  ] 2018-01-09T12:24:15.893737366Z: [    1.148190] pps_core: LinuxPPS API ver. 1 registered
[STDOUT  ] 2018-01-09T12:24:15.893744655Z: [    1.148463] pps_core: Software ver. 5.3.6 - Copyright 2005-2007 Rodolfo Giometti <giometti@linux.it>
[STDOUT  ] 2018-01-09T12:24:15.893752018Z: [    1.149045] PTP clock support registered
[STDOUT  ] 2018-01-09T12:24:15.893757562Z: [    1.150372] wmi: Mapper loaded
[STDOUT  ] 2018-01-09T12:24:15.89376373Z: [    1.151529] PCI: Using ACPI for IRQ routing
[STDOUT  ] 2018-01-09T12:24:15.893769348Z: [    1.165979] NetLabel: Initializing
[STDOUT  ] 2018-01-09T12:24:15.893774912Z: [    1.166192] NetLabel:  domain hash size = 128
[STDOUT  ] 2018-01-09T12:24:15.893780399Z: [    1.166490] NetLabel:  protocols = UNLABELED CIPSOv4
[STDOUT  ] 2018-01-09T12:24:15.893786022Z: [    1.168936] NetLabel:  unlabeled traffic allowed by default
[STDOUT  ] 2018-01-09T12:24:15.89379156Z: [    1.170351] HPET: 3 timers in total, 0 timers will be used for per-cpu timer
[STDOUT  ] 2018-01-09T12:24:15.893797585Z: [    1.171142] hpet0: at MMIO 0xfed00000, IRQs 2, 8, 0
[STDOUT  ] 2018-01-09T12:24:15.893803031Z: [    1.171573] hpet0: 3 comparators, 64-bit 100.000000 MHz counter
[STDOUT  ] 2018-01-09T12:24:15.893808729Z: [    1.179831] clocksource: Switched to clocksource hpet
[STDOUT  ] 2018-01-09T12:24:15.893814279Z: [    1.372359] VFS: Disk quotas dquot_6.6.0
[STDOUT  ] 2018-01-09T12:24:15.893820155Z: [    1.373096] VFS: Dquot-cache hash table entries: 512 (order 0, 4096 bytes)
[STDOUT  ] 2018-01-09T12:24:15.893825776Z: [    1.376592] FS-Cache: Loaded
[STDOUT  ] 2018-01-09T12:24:15.893831652Z: [    1.382107] CacheFiles: Loaded
[STDOUT  ] 2018-01-09T12:24:15.893837222Z: [    1.384175] pnp: PnP ACPI init
[STDOUT  ] 2018-01-09T12:24:15.893842826Z: [    1.394264] pnp: PnP ACPI: found 5 devices
[STDOUT  ] 2018-01-09T12:24:15.893849222Z: [    1.434280] clocksource: acpi_pm: mask: 0xffffff max_cycles: 0xffffff, max_idle_ns: 2085701024 ns
[STDOUT  ] 2018-01-09T12:24:15.893856625Z: [    1.437533] NET: Registered protocol family 2
[STDOUT  ] 2018-01-09T12:24:15.89386282Z: [    1.445474] TCP established hash table entries: 8192 (order: 4, 65536 bytes)
[STDOUT  ] 2018-01-09T12:24:15.893868454Z: [    1.446255] TCP bind hash table entries: 8192 (order: 5, 131072 bytes)
[STDOUT  ] 2018-01-09T12:24:15.893873916Z: [    1.446919] TCP: Hash tables configured (established 8192 bind 8192)
[STDOUT  ] 2018-01-09T12:24:15.893885928Z: [    1.448783] UDP hash table entries: 512 (order: 2, 16384 bytes)
[STDOUT  ] 2018-01-09T12:24:15.893891805Z: [    1.449338] UDP-Lite hash table entries: 512 (order: 2, 16384 bytes)
[STDOUT  ] 2018-01-09T12:24:15.893897615Z: [    1.452121] NET: Registered protocol family 1
[STDOUT  ] 2018-01-09T12:24:15.893903156Z: [    1.453154] pci 0000:00:01.0: Video device with shadowed ROM at [mem 0x000c0000-0x000dffff]
[STDOUT  ] 2018-01-09T12:24:15.893909521Z: [    1.459935] Unpacking initramfs...
[STDOUT  ] 2018-01-09T12:24:15.893915595Z: [    4.063629] Freeing initrd memory: 24432K
[STDOUT  ] 2018-01-09T12:24:15.893921719Z: [    4.085560] PCLMULQDQ-NI instructions are not detected.
[STDOUT  ] 2018-01-09T12:24:15.893930667Z: [    4.086625] AVX or AES-NI instructions are not detected.
[STDOUT  ] 2018-01-09T12:24:15.893936105Z: [    4.087046] CPU feature 'AVX registers' is not supported.
[STDOUT  ] 2018-01-09T12:24:15.893941597Z: [    4.087377] CPU feature 'AVX registers' is not supported.
[STDOUT  ] 2018-01-09T12:24:15.893947216Z: [    4.087689] CPU feature 'AVX registers' is not supported.
[STDOUT  ] 2018-01-09T12:24:15.893952608Z: [    4.087996] CPU feature 'AVX registers' is not supported.
[STDOUT  ] 2018-01-09T12:24:15.893962076Z: [    4.088272] AVX2 or AES-NI instructions are not detected.
[STDOUT  ] 2018-01-09T12:24:15.893967846Z: [    4.088581] AVX2 instructions are not detected.
[STDOUT  ] 2018-01-09T12:24:15.893973476Z: [    4.094342] audit: initializing netlink subsys (disabled)
[STDOUT  ] 2018-01-09T12:24:15.89397893Z: [    4.095998] audit: type=2000 audit(1515500636.090:1): initialized
[STDOUT  ] 2018-01-09T12:24:15.893991034Z: [    4.105307] workingset: timestamp_bits=46 max_order=18 bucket_order=0
[STDOUT  ] 2018-01-09T12:24:15.89400061Z: [    4.109920] squashfs: version 4.0 (2009/01/31) Phillip Lougher
[STDOUT  ] 2018-01-09T12:24:15.894009768Z: [    4.112789] FS-Cache: Netfs 'cifs' registered for caching
[STDOUT  ] 2018-01-09T12:24:15.894018878Z: [    4.113639] fuse init (API version 7.26)
[STDOUT  ] 2018-01-09T12:24:15.894027042Z: [    4.115778] SGI XFS with ACLs, security attributes, no debug enabled
[STDOUT  ] 2018-01-09T12:24:15.89403541Z: [    4.119911] 9p: Installing v9fs 9p2000 file system support
[STDOUT  ] 2018-01-09T12:24:15.894043808Z: [    4.120889] FS-Cache: Netfs '9p' registered for caching
[STDOUT  ] 2018-01-09T12:24:15.894050671Z: [    4.144883] NET: Registered protocol family 38
[STDOUT  ] 2018-01-09T12:24:15.894056676Z: [    4.145482] Key type asymmetric registered
[STDOUT  ] 2018-01-09T12:24:15.894062563Z: [    4.145776] Asymmetric key parser 'x509' registered
[STDOUT  ] 2018-01-09T12:24:15.894069619Z: [    4.146703] Block layer SCSI generic (bsg) driver version 0.4 loaded (major 251)
[STDOUT  ] 2018-01-09T12:24:15.894076182Z: [    4.148255] io scheduler noop registered
[STDOUT  ] 2018-01-09T12:24:15.894081979Z: [    4.148598] io scheduler deadline registered (default)
[STDOUT  ] 2018-01-09T12:24:15.894087951Z: [    4.149273] io scheduler cfq registered
[STDOUT  ] 2018-01-09T12:24:15.894093682Z: [    4.152769] pci_hotplug: PCI Hot Plug PCI Core version: 0.5
[STDOUT  ] 2018-01-09T12:24:15.894099314Z: [    4.153326] pciehp: PCI Express Hot Plug Controller Driver version: 0.4
[STDOUT  ] 2018-01-09T12:24:15.894105133Z: [    4.154038] shpchp: Standard Hot Plug PCI Controller Driver version: 0.4
[STDOUT  ] 2018-01-09T12:24:15.894110751Z: [    4.154751] hv_vmbus: registering driver hyperv_fb
[STDOUT  ] 2018-01-09T12:24:15.894116961Z: [    4.157442] input: Power Button as /devices/LNXSYSTM:00/LNXPWRBN:00/input/input0
[STDOUT  ] 2018-01-09T12:24:15.894122612Z: [    4.158394] ACPI: Power Button [PWRF]
[STDOUT  ] 2018-01-09T12:24:15.894128248Z: [    4.164397] GHES: HEST is not enabled!
[STDOUT  ] 2018-01-09T12:24:15.894134973Z: [    4.173302] ACPI: PCI Interrupt Link [GSIG] enabled at IRQ 22
[STDOUT  ] 2018-01-09T12:24:15.89414072Z: [    4.185046] ACPI: PCI Interrupt Link [GSIH] enabled at IRQ 23
[STDOUT  ] 2018-01-09T12:24:15.894146179Z: [    4.189788] xenfs: not registering filesystem on non-xen platform
[STDOUT  ] 2018-01-09T12:24:15.894151798Z: [    4.192325] Serial: 8250/16550 driver, 4 ports, IRQ sharing disabled
[STDOUT  ] 2018-01-09T12:24:15.894157356Z: [    4.216667] 00:04: ttyS0 at I/O 0x3f8 (irq = 4, base_baud = 115200) is a 16550A
[STDOUT  ] 2018-01-09T12:24:15.894163177Z: [    4.227231] Non-volatile memory driver v1.3
[STDOUT  ] 2018-01-09T12:24:15.894169007Z: [    4.233472] Hangcheck: starting hangcheck timer 0.9.1 (tick is 180 seconds, margin is 60 seconds).
[STDOUT  ] 2018-01-09T12:24:15.89417511Z: [    4.238013] random: fast init done
[STDOUT  ] 2018-01-09T12:24:15.894181179Z: [    4.239484] random: crng init done
[STDOUT  ] 2018-01-09T12:24:15.894190549Z: [    4.270009] loop: module loaded
[STDOUT  ] 2018-01-09T12:24:15.894196116Z: [    4.282844] nbd: registered device at major 43
[STDOUT  ] 2018-01-09T12:24:15.894202184Z: [    4.314025] lpc_ich 0000:00:1f.0: I/O space for GPIO uninitialized
[STDOUT  ] 2018-01-09T12:24:15.894208144Z: [    4.315829] VMware PVSCSI driver - version 1.0.7.0-k
[STDOUT  ] 2018-01-09T12:24:15.894213563Z: [    4.316538] hv_vmbus: registering driver hv_storvsc
[STDOUT  ] 2018-01-09T12:24:15.894218968Z: [    4.323756] ACPI: PCI Interrupt Link [GSIA] enabled at IRQ 16
[STDOUT  ] 2018-01-09T12:24:15.89422766Z: [    4.329954] ahci 0000:00:1f.2: AHCI 0001.0000 32 slots 6 ports 1.5 Gbps 0x3f impl SATA mode
[STDOUT  ] 2018-01-09T12:24:15.894234117Z: [    4.330922] ahci 0000:00:1f.2: flags: 64bit ncq only 
[STDOUT  ] 2018-01-09T12:24:15.894239882Z: [    4.346861] scsi host0: ahci
[STDOUT  ] 2018-01-09T12:24:15.894245995Z: [    4.349925] scsi host1: ahci
[STDOUT  ] 2018-01-09T12:24:15.894251448Z: [    4.351754] scsi host2: ahci
[STDOUT  ] 2018-01-09T12:24:15.894256976Z: [    4.353479] scsi host3: ahci
[STDOUT  ] 2018-01-09T12:24:15.894262377Z: [    4.355815] scsi host4: ahci
[STDOUT  ] 2018-01-09T12:24:15.894267758Z: [    4.358216] scsi host5: ahci
[STDOUT  ] 2018-01-09T12:24:15.894273199Z: [    4.359761] ata1: SATA max UDMA/133 abar m4096@0xfebd2000 port 0xfebd2100 irq 24
[STDOUT  ] 2018-01-09T12:24:15.894278803Z: [    4.360416] ata2: SATA max UDMA/133 abar m4096@0xfebd2000 port 0xfebd2180 irq 24
[STDOUT  ] 2018-01-09T12:24:15.89428449Z: [    4.360758] ata3: SATA max UDMA/133 abar m4096@0xfebd2000 port 0xfebd2200 irq 24
[STDOUT  ] 2018-01-09T12:24:15.894290505Z: [    4.361111] ata4: SATA max UDMA/133 abar m4096@0xfebd2000 port 0xfebd2280 irq 24
[STDOUT  ] 2018-01-09T12:24:15.894297829Z: [    4.361429] ata5: SATA max UDMA/133 abar m4096@0xfebd2000 port 0xfebd2300 irq 24
[STDOUT  ] 2018-01-09T12:24:15.894304029Z: [    4.361713] ata6: SATA max UDMA/133 abar m4096@0xfebd2000 port 0xfebd2380 irq 24
[STDOUT  ] 2018-01-09T12:24:15.894310697Z: [    4.372133] tun: Universal TUN/TAP device driver, 1.6
[STDOUT  ] 2018-01-09T12:24:15.894316407Z: [    4.372456] tun: (C) 1999-2004 Max Krasnyansky <maxk@qualcomm.com>
[STDOUT  ] 2018-01-09T12:24:15.894322376Z: [    4.383561] VMware vmxnet3 virtual NIC driver - version 1.4.a.0-k-NAPI
[STDOUT  ] 2018-01-09T12:24:15.894327814Z: [    4.384337] hv_vmbus: registering driver hv_netvsc
[STDOUT  ] 2018-01-09T12:24:15.894335006Z: [    4.384583] Fusion MPT base driver 3.04.20
[STDOUT  ] 2018-01-09T12:24:15.894342617Z: [    4.384730] Copyright (c) 1999-2008 LSI Corporation
[STDOUT  ] 2018-01-09T12:24:15.894348542Z: [    4.385265] Fusion MPT SPI Host driver 3.04.20
[STDOUT  ] 2018-01-09T12:24:15.89435435Z: [    4.386950] i8042: PNP: PS/2 Controller [PNP0303:KBD,PNP0f13:MOU] at 0x60,0x64 irq 1,12
[STDOUT  ] 2018-01-09T12:24:15.894361727Z: [    4.391177] serio: i8042 KBD port at 0x60,0x64 irq 1
[STDOUT  ] 2018-01-09T12:24:15.89436764Z: [    4.391708] serio: i8042 AUX port at 0x60,0x64 irq 12
[STDOUT  ] 2018-01-09T12:24:15.894373435Z: [    4.394144] hv_vmbus: registering driver hyperv_keyboard
[STDOUT  ] 2018-01-09T12:24:15.894378942Z: [    4.395949] mousedev: PS/2 mouse device common for all mice
[STDOUT  ] 2018-01-09T12:24:15.894384612Z: [    4.400624] input: AT Translated Set 2 keyboard as /devices/platform/i8042/serio0/input/input1
[STDOUT  ] 2018-01-09T12:24:15.894390503Z: [    4.403156] input: PC Speaker as /devices/platform/pcspkr/input/input2
[STDOUT  ] 2018-01-09T12:24:15.89439628Z: [    4.406362] rtc_cmos 00:00: RTC can wake from S4
[STDOUT  ] 2018-01-09T12:24:15.894407203Z: [    4.409594] rtc_cmos 00:00: rtc core: registered rtc_cmos as rtc0
[STDOUT  ] 2018-01-09T12:24:15.894416663Z: [    4.411139] rtc_cmos 00:00: alarms up to one day, y3k, 114 bytes nvram, hpet irqs
[STDOUT  ] 2018-01-09T12:24:15.894425342Z: [    4.411717] i2c /dev entries driver
[STDOUT  ] 2018-01-09T12:24:15.894434092Z: [    4.413425] device-mapper: ioctl: 4.35.0-ioctl (2016-06-23) initialised: dm-devel@redhat.com
[STDOUT  ] 2018-01-09T12:24:15.894448014Z: [    4.417375] usbcore: registered new interface driver usbhid
[STDOUT  ] 2018-01-09T12:24:15.894457464Z: [    4.417653] usbhid: USB HID core driver
[STDOUT  ] 2018-01-09T12:24:15.894464444Z: [    4.418127] hv_utils: Registering HyperV Utility Driver
[STDOUT  ] 2018-01-09T12:24:15.894471102Z: [    4.418352] hv_vmbus: registering driver hv_util
[STDOUT  ] 2018-01-09T12:24:15.894477025Z: [    4.418550] hv_vmbus: registering driver hv_balloon
[STDOUT  ] 2018-01-09T12:24:15.894482955Z: [    4.418955] oprofile: using NMI interrupt.
[STDOUT  ] 2018-01-09T12:24:15.894492905Z: [    4.419971] GACT probability on
[STDOUT  ] 2018-01-09T12:24:15.894498969Z: [    4.420681] Mirror/redirect action on
[STDOUT  ] 2018-01-09T12:24:15.894505317Z: [    4.421510] Simple TC action Loaded
[STDOUT  ] 2018-01-09T12:24:15.894510969Z: [    4.421969] u32 classifier
[STDOUT  ] 2018-01-09T12:24:15.894516595Z: [    4.422115]     Performance counters on
[STDOUT  ] 2018-01-09T12:24:15.894522296Z: [    4.422305]     input device check on
[STDOUT  ] 2018-01-09T12:24:15.894528086Z: [    4.422504]     Actions configured
[STDOUT  ] 2018-01-09T12:24:15.8945338Z: [    4.423076] Netfilter messages via NETLINK v0.30.
[STDOUT  ] 2018-01-09T12:24:15.894539546Z: [    4.423546] nfnl_acct: registering with nfnetlink.
[STDOUT  ] 2018-01-09T12:24:15.894545763Z: [    4.424835] nf_conntrack version 0.5.0 (8192 buckets, 32768 max)
[STDOUT  ] 2018-01-09T12:24:15.894551877Z: [    4.427891] ctnetlink v0.93: registering with nfnetlink.
[STDOUT  ] 2018-01-09T12:24:15.894558747Z: [    4.431035] nf_tables: (c) 2007-2009 Patrick McHardy <kaber@trash.net>
[STDOUT  ] 2018-01-09T12:24:15.894564922Z: [    4.431822] nf_tables_compat: (c) 2012 Pablo Neira Ayuso <pablo@netfilter.org>
[STDOUT  ] 2018-01-09T12:24:15.894570873Z: [    4.433922] xt_time: kernel timezone is -0000
[STDOUT  ] 2018-01-09T12:24:15.89460853Z: [    4.434389] ip_set: protocol 6
[STDOUT  ] 2018-01-09T12:24:15.894618989Z: [    4.435006] IPVS: Registered protocols (TCP, UDP, SCTP, AH, ESP)
[STDOUT  ] 2018-01-09T12:24:15.894627529Z: [    4.435538] IPVS: Connection hash table configured (size=4096, memory=64Kbytes)
[STDOUT  ] 2018-01-09T12:24:15.894637Z: [    4.437141] IPVS: Creating netns size=2104 id=0
[STDOUT  ] 2018-01-09T12:24:15.894644983Z: [    4.439846] IPVS: ipvs loaded.
[STDOUT  ] 2018-01-09T12:24:15.8946528Z: [    4.440538] IPVS: [rr] scheduler registered.
[STDOUT  ] 2018-01-09T12:24:15.894661256Z: [    4.440841] IPVS: [wrr] scheduler registered.
[STDOUT  ] 2018-01-09T12:24:15.894669624Z: [    4.441062] IPVS: [lc] scheduler registered.
[STDOUT  ] 2018-01-09T12:24:15.894678143Z: [    4.441295] IPVS: [wlc] scheduler registered.
[STDOUT  ] 2018-01-09T12:24:15.894686495Z: [    4.441485] IPVS: [fo] scheduler registered.
[STDOUT  ] 2018-01-09T12:24:15.894692623Z: [    4.441659] IPVS: [ovf] scheduler registered.
[STDOUT  ] 2018-01-09T12:24:15.894698497Z: [    4.442026] IPVS: [lblc] scheduler registered.
[STDOUT  ] 2018-01-09T12:24:15.894704532Z: [    4.442363] IPVS: [lblcr] scheduler registered.
[STDOUT  ] 2018-01-09T12:24:15.894710414Z: [    4.442595] IPVS: [dh] scheduler registered.
[STDOUT  ] 2018-01-09T12:24:15.894716193Z: [    4.442825] IPVS: [sh] scheduler registered.
[STDOUT  ] 2018-01-09T12:24:15.894722209Z: [    4.443015] IPVS: [sed] scheduler registered.
[STDOUT  ] 2018-01-09T12:24:15.894727851Z: [    4.443225] IPVS: [nq] scheduler registered.
[STDOUT  ] 2018-01-09T12:24:15.894734839Z: [    4.443835] IPVS: ftp: loaded support on port[0] = 21
[STDOUT  ] 2018-01-09T12:24:15.894741508Z: [    4.444565] ipip: IPv4 and MPLS over IPv4 tunneling driver
[STDOUT  ] 2018-01-09T12:24:15.89474728Z: [    4.448128] gre: GRE over IPv4 demultiplexor driver
[STDOUT  ] 2018-01-09T12:24:15.894752854Z: [    4.451287] ip_tables: (C) 2000-2006 Netfilter Core Team
[STDOUT  ] 2018-01-09T12:24:15.894763135Z: [    4.454254] ipt_CLUSTERIP: ClusterIP Version 0.8 loaded successfully
[STDOUT  ] 2018-01-09T12:24:15.894769397Z: [    4.454847] arp_tables: arp_tables: (C) 2002 David S. Miller
[STDOUT  ] 2018-01-09T12:24:15.894779298Z: [    4.456962] NET: Registered protocol family 10
[STDOUT  ] 2018-01-09T12:24:15.894786415Z: [    4.465934] ip6_tables: (C) 2000-2006 Netfilter Core Team
[STDOUT  ] 2018-01-09T12:24:15.894792275Z: [    4.474335] NET: Registered protocol family 17
[STDOUT  ] 2018-01-09T12:24:15.89479907Z: [    4.475355] Bridge firewalling registered
[STDOUT  ] 2018-01-09T12:24:15.894805213Z: [    4.475839] Ebtables v2.0 registered
[STDOUT  ] 2018-01-09T12:24:15.89481072Z: [    4.477683] 8021q: 802.1Q VLAN Support v1.8
[STDOUT  ] 2018-01-09T12:24:15.894816638Z: [    4.479018] 9pnet: Installing 9P2000 support
[STDOUT  ] 2018-01-09T12:24:15.89482704Z: [    4.480933] Key type dns_resolver registered
[STDOUT  ] 2018-01-09T12:24:15.894832868Z: [    4.481820] microcode: AMD CPU family 0x6 not supported
[STDOUT  ] 2018-01-09T12:24:15.894839622Z: [    4.484858] registered taskstats version 1
[STDOUT  ] 2018-01-09T12:24:15.894845313Z: [    4.645986] Key type big_key registered
[STDOUT  ] 2018-01-09T12:24:15.894850866Z: [    4.693979] ata2: SATA link down (SStatus 0 SControl 300)
[STDOUT  ] 2018-01-09T12:24:15.894857083Z: [    4.696574] ata1: SATA link down (SStatus 0 SControl 300)
[STDOUT  ] 2018-01-09T12:24:15.894862778Z: [    4.703962] ata4: SATA link down (SStatus 0 SControl 300)
[STDOUT  ] 2018-01-09T12:24:15.894868456Z: [    4.704768] ata3: SATA link up 1.5 Gbps (SStatus 113 SControl 300)
[STDOUT  ] 2018-01-09T12:24:15.894879714Z: [    4.708105] ata3.00: ATAPI: QEMU DVD-ROM, 2.5+, max UDMA/100
[STDOUT  ] 2018-01-09T12:24:15.894897692Z: [    4.708588] ata3.00: applying bridge limits
[STDOUT  ] 2018-01-09T12:24:15.894904053Z: [    4.710490] ata3.00: configured for UDMA/100
[STDOUT  ] 2018-01-09T12:24:15.894910421Z: [    4.711506] ata6: SATA link down (SStatus 0 SControl 300)
[STDOUT  ] 2018-01-09T12:24:15.894916269Z: [    4.711994] ata5: SATA link down (SStatus 0 SControl 300)
[STDOUT  ] 2018-01-09T12:24:15.894922075Z: [    4.727878] scsi 2:0:0:0: CD-ROM            QEMU     QEMU DVD-ROM     2.5+ PQ: 0 ANSI: 5
[STDOUT  ] 2018-01-09T12:24:15.894928661Z: [    4.763641] sr 2:0:0:0: [sr0] scsi3-mmc drive: 4x/4x cd/rw xa/form2 tray
[STDOUT  ] 2018-01-09T12:24:15.89493475Z: [    4.764304] cdrom: Uniform CD-ROM driver Revision: 3.20
[STDOUT  ] 2018-01-09T12:24:15.894941297Z: [    4.780889] sr 2:0:0:0: Attached scsi generic sg0 type 5
[STDOUT  ] 2018-01-09T12:24:15.894947516Z: [    4.799358] Key type encrypted registered
[STDOUT  ] 2018-01-09T12:24:15.894959552Z: [    4.805025] rtc_cmos 00:00: setting system clock to 2018-01-09 12:23:58 UTC (1515500638)
[STDOUT  ] 2018-01-09T12:24:15.89496894Z: [    4.944024] Freeing unused kernel memory: 1396K
[STDOUT  ] 2018-01-09T12:24:15.894977445Z: [    4.944398] Write protecting the kernel read-only data: 12288k
[STDOUT  ] 2018-01-09T12:24:15.89498742Z: [    4.949781] Freeing unused kernel memory: 124K
[STDOUT  ] 2018-01-09T12:24:15.894995559Z: [    5.035162] Freeing unused kernel memory: 1396K
[STDOUT  ] 2018-01-09T12:24:15.895004383Z: [    5.120595] tsc: Refined TSC clocksource calibration: 2599.923 MHz
[STDOUT  ] 2018-01-09T12:24:15.895010539Z: [    5.121107] clocksource: tsc: mask: 0xffffffffffffffff max_cycles: 0x2579f3804ef, max_idle_ns: 440795238082 ns
[STDOUT  ] 2018-01-09T12:24:15.895016954Z: [    6.134889] clocksource: Switched to clocksource tsc
[STDOUT  ] 2018-01-09T12:24:15.895023101Z: 
[STDOUT  ] 2018-01-09T12:24:15.895034446Z: Welcome to LinuxKit
[STDOUT  ] 2018-01-09T12:24:15.895040726Z: 
[STDOUT  ] 2018-01-09T12:24:15.895046762Z:                         ##         .
[STDOUT  ] 2018-01-09T12:24:15.895053144Z:                   ## ## ##        ==
[STDOUT  ] 2018-01-09T12:24:15.895059145Z:                ## ## ## ## ##    ===
[STDOUT  ] 2018-01-09T12:24:15.895066751Z:            /"""""""""""""""""\___/ ===
[STDOUT  ] 2018-01-09T12:24:15.895075121Z:           {                       /  ===-
[STDOUT  ] 2018-01-09T12:24:15.895083166Z:            \______ O           __/
[STDOUT  ] 2018-01-09T12:24:15.895091396Z:              \    \         __/
[STDOUT  ] 2018-01-09T12:24:15.8950992Z:               \____\_______/
[STDOUT  ] 2018-01-09T12:24:15.89511122Z: 
[STDOUT  ] 2018-01-09T12:24:15.895119764Z: ca-certificates test suite PASSED
[STDOUT  ] 2018-01-09T12:24:15.895128591Z: [   21.918947] ACPI: Preparing to enter system sleep state S5
[STDOUT  ] 2018-01-09T12:24:15.895137558Z: [   21.920933] reboot: Power down
[STDERR  ] 2018-01-09T12:24:15.895153636Z: + RESULT=[    0.000000] Linux version 4.9.75-linuxkit (root@912da39a9ad2) (gcc version 6.4.0 (Alpine 6.4.0) ) #1 SMP Sat Jan 6 12:14:29 UTC 2018
[STDERR  ] 2018-01-09T12:24:15.895164798Z: [    0.000000] Command line: console=ttyS0 console=ttyAMA0
[STDERR  ] 2018-01-09T12:24:15.895176093Z: [    0.000000] x86/fpu: Legacy x87 FPU detected.
[STDERR  ] 2018-01-09T12:24:15.895182197Z: [    0.000000] x86/fpu: Using 'eager' FPU context switches.
[STDERR  ] 2018-01-09T12:24:15.895189462Z: [    0.000000] e820: BIOS-provided physical RAM map:
[STDERR  ] 2018-01-09T12:24:15.895196569Z: [    0.000000] BIOS-e820: [mem 0x0000000000000000-0x000000000009fbff] usable
[STDERR  ] 2018-01-09T12:24:15.895204683Z: [    0.000000] BIOS-e820: [mem 0x000000000009fc00-0x000000000009ffff] reserved
[STDERR  ] 2018-01-09T12:24:15.895210519Z: [    0.000000] BIOS-e820: [mem 0x00000000000f0000-0x00000000000fffff] reserved
[STDERR  ] 2018-01-09T12:24:15.895217353Z: [    0.000000] BIOS-e820: [mem 0x0000000000100000-0x000000003ffdefff] usable
[STDERR  ] 2018-01-09T12:24:15.895223722Z: [    0.000000] BIOS-e820: [mem 0x000000003ffdf000-0x000000003fffffff] reserved
[STDERR  ] 2018-01-09T12:24:15.895229687Z: [    0.000000] BIOS-e820: [mem 0x00000000b0000000-0x00000000bfffffff] reserved
[STDERR  ] 2018-01-09T12:24:15.89523553Z: [    0.000000] BIOS-e820: [mem 0x00000000fed1c000-0x00000000fed1ffff] reserved
[STDERR  ] 2018-01-09T12:24:15.895243112Z: [    0.000000] BIOS-e820: [mem 0x00000000fffc0000-0x00000000ffffffff] reserved
[STDERR  ] 2018-01-09T12:24:15.895248962Z: [    0.000000] NX (Execute Disable) protection: active
[STDERR  ] 2018-01-09T12:24:15.895255293Z: [    0.000000] SMBIOS 2.8 present.
[STDERR  ] 2018-01-09T12:24:15.895260993Z: [    0.000000] Kernel/User page tables isolation: disabled
[STDERR  ] 2018-01-09T12:24:15.895267155Z: [    0.000000] e820: last_pfn = 0x3ffdf max_arch_pfn = 0x400000000
[STDERR  ] 2018-01-09T12:24:15.895274746Z: [    0.000000] x86/PAT: Configuration [0-7]: WB  WC  UC- UC  WB  WC  UC- WT  
[STDERR  ] 2018-01-09T12:24:15.89528184Z: [    0.000000] found SMP MP-table at [mem 0x000f6aa0-0x000f6aaf] mapped at [ffff8f41400f6aa0]
[STDERR  ] 2018-01-09T12:24:15.89528869Z: [    0.000000] RAMDISK: [mem 0x3e7f4000-0x3ffcffff]
[STDERR  ] 2018-01-09T12:24:15.895294769Z: [    0.000000] ACPI: Early table checksum verification disabled
[STDERR  ] 2018-01-09T12:24:15.895301432Z: [    0.000000] ACPI: RSDP 0x00000000000F68B0 000014 (v00 BOCHS )
[STDERR  ] 2018-01-09T12:24:15.895307435Z: [    0.000000] ACPI: RSDT 0x000000003FFE20A8 000034 (v01 BOCHS  BXPCRSDT 00000001 BXPC 00000001)
[STDERR  ] 2018-01-09T12:24:15.895315046Z: [    0.000000] ACPI: FACP 0x000000003FFE1EC8 0000F4 (v03 BOCHS  BXPCFACP 00000001 BXPC 00000001)
[STDERR  ] 2018-01-09T12:24:15.895321149Z: [    0.000000] ACPI: DSDT 0x000000003FFE0040 001E88 (v01 BOCHS  BXPCDSDT 00000001 BXPC 00000001)
[STDERR  ] 2018-01-09T12:24:15.895327934Z: [    0.000000] ACPI: FACS 0x000000003FFE0000 000040
[STDERR  ] 2018-01-09T12:24:15.895336459Z: [    0.000000] ACPI: APIC 0x000000003FFE1FBC 000078 (v01 BOCHS  BXPCAPIC 00000001 BXPC 00000001)
[STDERR  ] 2018-01-09T12:24:15.895344767Z: [    0.000000] ACPI: HPET 0x000000003FFE2034 000038 (v01 BOCHS  BXPCHPET 00000001 BXPC 00000001)
[STDERR  ] 2018-01-09T12:24:15.895352798Z: [    0.000000] ACPI: MCFG 0x000000003FFE206C 00003C (v01 BOCHS  BXPCMCFG 00000001 BXPC 00000001)
[STDERR  ] 2018-01-09T12:24:15.895361367Z: [    0.000000] Zone ranges:
[STDERR  ] 2018-01-09T12:24:15.89536951Z: [    0.000000]   DMA      [mem 0x0000000000001000-0x0000000000ffffff]
[STDERR  ] 2018-01-09T12:24:15.895378398Z: [    0.000000]   DMA32    [mem 0x0000000001000000-0x000000003ffdefff]
[STDERR  ] 2018-01-09T12:24:15.895393057Z: [    0.000000]   Normal   empty
[STDERR  ] 2018-01-09T12:24:15.895400727Z: [    0.000000] Movable zone start for each node
[STDERR  ] 2018-01-09T12:24:15.895406724Z: [    0.000000] Early memory node ranges
[STDERR  ] 2018-01-09T12:24:15.895414329Z: [    0.000000]   node   0: [mem 0x0000000000001000-0x000000000009efff]
[STDERR  ] 2018-01-09T12:24:15.89542285Z: [    0.000000]   node   0: [mem 0x0000000000100000-0x000000003ffdefff]
[STDERR  ] 2018-01-09T12:24:15.895431896Z: [    0.000000] Initmem setup node 0 [mem 0x0000000000001000-0x000000003ffdefff]
[STDERR  ] 2018-01-09T12:24:15.895444373Z: [    0.000000] ACPI: PM-Timer IO Port: 0x608
[STDERR  ] 2018-01-09T12:24:15.895458971Z: [    0.000000] ACPI: LAPIC_NMI (acpi_id[0xff] dfl dfl lint[0x1])
[STDERR  ] 2018-01-09T12:24:15.895468615Z: [    0.000000] IOAPIC[0]: apic_id 0, version 32, address 0xfec00000, GSI 0-23
[STDERR  ] 2018-01-09T12:24:15.895478513Z: [    0.000000] ACPI: INT_SRC_OVR (bus 0 bus_irq 0 global_irq 2 dfl dfl)
[STDERR  ] 2018-01-09T12:24:15.895486924Z: [    0.000000] ACPI: INT_SRC_OVR (bus 0 bus_irq 5 global_irq 5 high level)
[STDERR  ] 2018-01-09T12:24:15.8954927Z: [    0.000000] ACPI: INT_SRC_OVR (bus 0 bus_irq 9 global_irq 9 high level)
[STDERR  ] 2018-01-09T12:24:15.895499058Z: [    0.000000] ACPI: INT_SRC_OVR (bus 0 bus_irq 10 global_irq 10 high level)
[STDERR  ] 2018-01-09T12:24:15.895506108Z: [    0.000000] ACPI: INT_SRC_OVR (bus 0 bus_irq 11 global_irq 11 high level)
[STDERR  ] 2018-01-09T12:24:15.895512253Z: [    0.000000] Using ACPI (MADT) for SMP configuration information
[STDERR  ] 2018-01-09T12:24:15.895518465Z: [    0.000000] ACPI: HPET id: 0x8086a201 base: 0xfed00000
[STDERR  ] 2018-01-09T12:24:15.895524506Z: [    0.000000] smpboot: Allowing 1 CPUs, 0 hotplug CPUs
[STDERR  ] 2018-01-09T12:24:15.89552999Z: [    0.000000] e820: [mem 0x40000000-0xafffffff] available for PCI devices
[STDERR  ] 2018-01-09T12:24:15.89553612Z: [    0.000000] Booting paravirtualized kernel on bare hardware
[STDERR  ] 2018-01-09T12:24:15.895541791Z: [    0.000000] clocksource: refined-jiffies: mask: 0xffffffff max_cycles: 0xffffffff, max_idle_ns: 19112604462750000 ns
[STDERR  ] 2018-01-09T12:24:15.895548846Z: [    0.000000] setup_percpu: NR_CPUS:128 nr_cpumask_bits:128 nr_cpu_ids:1 nr_node_ids:1
[STDERR  ] 2018-01-09T12:24:15.895555557Z: [    0.000000] percpu: Embedded 36 pages/cpu @ffff8f417e400000 s106904 r8192 d32360 u2097152
[STDERR  ] 2018-01-09T12:24:15.895561958Z: [    0.000000] Built 1 zonelists in Zone order, mobility grouping on.  Total pages: 257896
[STDERR  ] 2018-01-09T12:24:15.895567344Z: [    0.000000] Kernel command line: console=ttyS0 console=ttyAMA0
[STDERR  ] 2018-01-09T12:24:15.895573249Z: [    0.000000] PID hash table entries: 4096 (order: 3, 32768 bytes)
[STDERR  ] 2018-01-09T12:24:15.895578868Z: [    0.000000] Dentry cache hash table entries: 131072 (order: 8, 1048576 bytes)
[STDERR  ] 2018-01-09T12:24:15.895584469Z: [    0.000000] Inode-cache hash table entries: 65536 (order: 7, 524288 bytes)
[STDERR  ] 2018-01-09T12:24:15.895590101Z: [    0.000000] Memory: 989700K/1048052K available (8053K kernel code, 1391K rwdata, 2700K rodata, 1396K init, 564K bss, 58352K reserved, 0K cma-reserved)
[STDERR  ] 2018-01-09T12:24:15.895596591Z: [    0.000000] Hierarchical RCU implementation.
[STDERR  ] 2018-01-09T12:24:15.89560287Z: [    0.000000] 	Build-time adjustment of leaf fanout to 64.
[STDERR  ] 2018-01-09T12:24:15.89560849Z: [    0.000000] 	RCU restricting CPUs from NR_CPUS=128 to nr_cpu_ids=1.
[STDERR  ] 2018-01-09T12:24:15.895614144Z: [    0.000000] RCU: Adjusting geometry for rcu_fanout_leaf=64, nr_cpu_ids=1
[STDERR  ] 2018-01-09T12:24:15.895619785Z: [    0.000000] NR_IRQS:8448 nr_irqs:256 16
[STDERR  ] 2018-01-09T12:24:15.895625537Z: [    0.000000] Console: colour VGA+ 80x25
[STDERR  ] 2018-01-09T12:24:15.895631523Z: [    0.000000] console [ttyS0] enabled
[STDERR  ] 2018-01-09T12:24:15.895637259Z: [    0.000000] clocksource: hpet: mask: 0xffffffff max_cycles: 0xffffffff, max_idle_ns: 19112604467 ns
[STDERR  ] 2018-01-09T12:24:15.895643706Z: [    0.000000] tsc: Fast TSC calibration using PIT
[STDERR  ] 2018-01-09T12:24:15.895652992Z: [    0.000000] tsc: Detected 2599.920 MHz processor
[STDERR  ] 2018-01-09T12:24:15.895658619Z: [    0.022136] Calibrating delay loop (skipped), value calculated using timer frequency.. 5199.84 BogoMIPS (lpj=25999200)
[STDERR  ] 2018-01-09T12:24:15.895664183Z: [    0.023177] pid_max: default: 32768 minimum: 301
[STDERR  ] 2018-01-09T12:24:15.895669697Z: [    0.030497] ACPI: Core revision 20160831
[STDERR  ] 2018-01-09T12:24:15.895675317Z: [    0.057469] ACPI: 1 ACPI AML tables successfully acquired and loaded
[STDERR  ] 2018-01-09T12:24:15.895684358Z: [    0.062128] Security Framework initialized
[STDERR  ] 2018-01-09T12:24:15.895689853Z: [    0.062497] Yama: becoming mindful.
[STDERR  ] 2018-01-09T12:24:15.895695387Z: [    0.064478] Mount-cache hash table entries: 2048 (order: 2, 16384 bytes)
[STDERR  ] 2018-01-09T12:24:15.895700872Z: [    0.065034] Mountpoint-cache hash table entries: 2048 (order: 2, 16384 bytes)
[STDERR  ] 2018-01-09T12:24:15.895706311Z: [    0.085003] Last level iTLB entries: 4KB 0, 2MB 0, 4MB 0
[STDERR  ] 2018-01-09T12:24:15.895712364Z: [    0.085454] Last level dTLB entries: 4KB 0, 2MB 0, 4MB 0, 1GB 0
[STDERR  ] 2018-01-09T12:24:15.895717891Z: [    0.408611] Freeing SMP alternatives memory: 20K
[STDERR  ] 2018-01-09T12:24:15.895723334Z: [    0.418062] ftrace: allocating 35550 entries in 139 pages
[STDERR  ] 2018-01-09T12:24:15.895729818Z: [    0.488374] smpboot: Max logical packages: 1
[STDERR  ] 2018-01-09T12:24:15.895735356Z: [    0.495274] ..TIMER: vector=0x30 apic1=0 pin1=2 apic2=-1 pin2=-1
[STDERR  ] 2018-01-09T12:24:15.895740873Z: [    0.600000] smpboot: CPU0: AMD QEMU Virtual CPU version 2.5+ (family: 0x6, model: 0x6, stepping: 0x3)
[STDERR  ] 2018-01-09T12:24:15.895746533Z: [    0.600000] Performance Events: PMU not available due to virtualization, using software events only.
[STDERR  ] 2018-01-09T12:24:15.895752Z: [    0.608096] NMI watchdog: disabled (cpu0): hardware events not enabled
[STDERR  ] 2018-01-09T12:24:15.895757507Z: [    0.608562] NMI watchdog: Shutting down hard lockup detector on all cpus
[STDERR  ] 2018-01-09T12:24:15.895762944Z: [    0.611242] x86: Booted up 1 node, 1 CPUs
[STDERR  ] 2018-01-09T12:24:15.89576845Z: [    0.611661] smpboot: Total of 1 processors activated (5199.84 BogoMIPS)
[STDERR  ] 2018-01-09T12:24:15.895774006Z: [    0.628636] devtmpfs: initialized
[STDERR  ] 2018-01-09T12:24:15.895779525Z: [    0.635262] x86/mm: Memory block size: 128MB
[STDERR  ] 2018-01-09T12:24:15.895785143Z: [    0.665933] clocksource: jiffies: mask: 0xffffffff max_cycles: 0xffffffff, max_idle_ns: 19112604462750000 ns
[STDERR  ] 2018-01-09T12:24:15.895791722Z: [    0.666753] futex hash table entries: 256 (order: 2, 16384 bytes)
[STDERR  ] 2018-01-09T12:24:15.895797301Z: [    0.676276] NET: Registered protocol family 16
[STDERR  ] 2018-01-09T12:24:15.895802734Z: [    0.686485] cpuidle: using governor ladder
[STDERR  ] 2018-01-09T12:24:15.895808914Z: [    0.686955] cpuidle: using governor menu
[STDERR  ] 2018-01-09T12:24:15.895819111Z: [    0.688043] ACPI: bus type PCI registered
[STDERR  ] 2018-01-09T12:24:15.895828001Z: [    0.691385] PCI: MMCONFIG for domain 0000 [bus 00-ff] at [mem 0xb0000000-0xbfffffff] (base 0xb0000000)
[STDERR  ] 2018-01-09T12:24:15.895836917Z: [    0.692085] PCI: MMCONFIG at [mem 0xb0000000-0xbfffffff] reserved in E820
[STDERR  ] 2018-01-09T12:24:15.895846225Z: [    0.692975] PCI: Using configuration type 1 for base access
[STDERR  ] 2018-01-09T12:24:15.895852633Z: [    0.733584] HugeTLB registered 2 MB page size, pre-allocated 0 pages
[STDERR  ] 2018-01-09T12:24:15.895859476Z: [    0.744948] ACPI: Added _OSI(Module Device)
[STDERR  ] 2018-01-09T12:24:15.895865127Z: [    0.745250] ACPI: Added _OSI(Processor Device)
[STDERR  ] 2018-01-09T12:24:15.895870816Z: [    0.745511] ACPI: Added _OSI(3.0 _SCP Extensions)
[STDERR  ] 2018-01-09T12:24:15.895881597Z: [    0.745724] ACPI: Added _OSI(Processor Aggregator Device)
[STDERR  ] 2018-01-09T12:24:15.895887458Z: [    0.797751] ACPI: Interpreter enabled
[STDERR  ] 2018-01-09T12:24:15.895897805Z: [    0.798716] ACPI: (supports S0 S5)
[STDERR  ] 2018-01-09T12:24:15.895904929Z: [    0.799025] ACPI: Using IOAPIC for interrupt routing
[STDERR  ] 2018-01-09T12:24:15.895911033Z: [    0.802074] PCI: Using host bridge windows from ACPI; if necessary, use "pci=nocrs" and report a bug
[STDERR  ] 2018-01-09T12:24:15.895916657Z: [    0.847849] ACPI: PCI Root Bridge [PCI0] (domain 0000 [bus 00-ff])
[STDERR  ] 2018-01-09T12:24:15.895922659Z: [    0.849154] acpi PNP0A08:00: _OSC: OS supports [ExtendedConfig ASPM ClockPM Segments MSI]
[STDERR  ] 2018-01-09T12:24:15.895932039Z: [    0.854775] acpi PNP0A08:00: _OSC: OS now controls [PCIeHotplug PME PCIeCapability]
[STDERR  ] 2018-01-09T12:24:15.895938348Z: [    0.858370] PCI host bridge to bus 0000:00
[STDERR  ] 2018-01-09T12:24:15.895944474Z: [    0.858902] pci_bus 0000:00: root bus resource [io  0x0000-0x0cf7 window]
[STDERR  ] 2018-01-09T12:24:15.895950411Z: [    0.859324] pci_bus 0000:00: root bus resource [io  0x0d00-0xffff window]
[STDERR  ] 2018-01-09T12:24:15.895956882Z: [    0.859648] pci_bus 0000:00: root bus resource [mem 0x000a0000-0x000bffff window]
[STDERR  ] 2018-01-09T12:24:15.895963758Z: [    0.860085] pci_bus 0000:00: root bus resource [mem 0xc0000000-0xfebfffff window]
[STDERR  ] 2018-01-09T12:24:15.895969495Z: [    0.860659] pci_bus 0000:00: root bus resource [bus 00-ff]
[STDERR  ] 2018-01-09T12:24:15.895976204Z: [    1.027060] pci 0000:00:1f.0: quirk: [io  0x0600-0x067f] claimed by ICH6 ACPI/GPIO/TCO
[STDERR  ] 2018-01-09T12:24:15.895982366Z: [    1.118176] ACPI: PCI Interrupt Link [LNKA] (IRQs 5 *10 11)
[STDERR  ] 2018-01-09T12:24:15.895988166Z: [    1.121357] ACPI: PCI Interrupt Link [LNKB] (IRQs 5 *10 11)
[STDERR  ] 2018-01-09T12:24:15.895993796Z: [    1.123313] ACPI: PCI Interrupt Link [LNKC] (IRQs 5 10 *11)
[STDERR  ] 2018-01-09T12:24:15.895999515Z: [    1.124649] ACPI: PCI Interrupt Link [LNKD] (IRQs 5 10 *11)
[STDERR  ] 2018-01-09T12:24:15.896005136Z: [    1.126006] ACPI: PCI Interrupt Link [LNKE] (IRQs 5 *10 11)
[STDERR  ] 2018-01-09T12:24:15.89601089Z: [    1.127318] ACPI: PCI Interrupt Link [LNKF] (IRQs 5 *10 11)
[STDERR  ] 2018-01-09T12:24:15.89601671Z: [    1.128662] ACPI: PCI Interrupt Link [LNKG] (IRQs 5 10 *11)
[STDERR  ] 2018-01-09T12:24:15.896022813Z: [    1.131519] ACPI: PCI Interrupt Link [LNKH] (IRQs 5 10 *11)
[STDERR  ] 2018-01-09T12:24:15.89602935Z: [    1.132239] ACPI: PCI Interrupt Link [GSIA] (IRQs *16)
[STDERR  ] 2018-01-09T12:24:15.89603582Z: [    1.132784] ACPI: PCI Interrupt Link [GSIB] (IRQs *17)
[STDERR  ] 2018-01-09T12:24:15.896041574Z: [    1.133310] ACPI: PCI Interrupt Link [GSIC] (IRQs *18)
[STDERR  ] 2018-01-09T12:24:15.89604713Z: [    1.133859] ACPI: PCI Interrupt Link [GSID] (IRQs *19)
[STDERR  ] 2018-01-09T12:24:15.896052687Z: [    1.134387] ACPI: PCI Interrupt Link [GSIE] (IRQs *20)
[STDERR  ] 2018-01-09T12:24:15.896058497Z: [    1.134931] ACPI: PCI Interrupt Link [GSIF] (IRQs *21)
[STDERR  ] 2018-01-09T12:24:15.896064048Z: [    1.135446] ACPI: PCI Interrupt Link [GSIG] (IRQs *22)
[STDERR  ] 2018-01-09T12:24:15.896069614Z: [    1.135962] ACPI: PCI Interrupt Link [GSIH] (IRQs *23)
[STDERR  ] 2018-01-09T12:24:15.896075179Z: [    1.139241] ACPI: Enabled 1 GPEs in block 00 to 3F
[STDERR  ] 2018-01-09T12:24:15.896081025Z: [    1.142746] SCSI subsystem initialized
[STDERR  ] 2018-01-09T12:24:15.896086762Z: [    1.144614] ACPI: bus type USB registered
[STDERR  ] 2018-01-09T12:24:15.896092515Z: [    1.145634] usbcore: registered new interface driver usbfs
[STDERR  ] 2018-01-09T12:24:15.896098492Z: [    1.146416] usbcore: registered new interface driver hub
[STDERR  ] 2018-01-09T12:24:15.896103855Z: [    1.147128] usbcore: registered new device driver usb
[STDERR  ] 2018-01-09T12:24:15.896109254Z: [    1.148190] pps_core: LinuxPPS API ver. 1 registered
[STDERR  ] 2018-01-09T12:24:15.896122443Z: [    1.148463] pps_core: Software ver. 5.3.6 - Copyright 2005-2007 Rodolfo Giometti <giometti@linux.it>
[STDERR  ] 2018-01-09T12:24:15.896128833Z: [    1.149045] PTP clock support registered
[STDERR  ] 2018-01-09T12:24:15.896137664Z: [    1.150372] wmi: Mapper loaded
[STDERR  ] 2018-01-09T12:24:15.896144297Z: [    1.151529] PCI: Using ACPI for IRQ routing
[STDERR  ] 2018-01-09T12:24:15.89614995Z: [    1.165979] NetLabel: Initializing
[STDERR  ] 2018-01-09T12:24:15.896155382Z: [    1.166192] NetLabel:  domain hash size = 128
[STDERR  ] 2018-01-09T12:24:15.896160847Z: [    1.166490] NetLabel:  protocols = UNLABELED CIPSOv4
[STDERR  ] 2018-01-09T12:24:15.896166301Z: [    1.168936] NetLabel:  unlabeled traffic allowed by default
[STDERR  ] 2018-01-09T12:24:15.896175041Z: [    1.170351] HPET: 3 timers in total, 0 timers will be used for per-cpu timer
[STDERR  ] 2018-01-09T12:24:15.896180664Z: [    1.171142] hpet0: at MMIO 0xfed00000, IRQs 2, 8, 0
[STDERR  ] 2018-01-09T12:24:15.896186184Z: [    1.171573] hpet0: 3 comparators, 64-bit 100.000000 MHz counter
[STDERR  ] 2018-01-09T12:24:15.896191682Z: [    1.179831] clocksource: Switched to clocksource hpet
[STDERR  ] 2018-01-09T12:24:15.896197082Z: [    1.372359] VFS: Disk quotas dquot_6.6.0
[STDERR  ] 2018-01-09T12:24:15.896202526Z: [    1.373096] VFS: Dquot-cache hash table entries: 512 (order 0, 4096 bytes)
[STDERR  ] 2018-01-09T12:24:15.8962084Z: [    1.376592] FS-Cache: Loaded
[STDERR  ] 2018-01-09T12:24:15.896213916Z: [    1.382107] CacheFiles: Loaded
[STDERR  ] 2018-01-09T12:24:15.896219403Z: [    1.384175] pnp: PnP ACPI init
[STDERR  ] 2018-01-09T12:24:15.896577801Z: [    1.394264] pnp: PnP ACPI: found 5 devices
[STDERR  ] 2018-01-09T12:24:15.89659354Z: [    1.434280] clocksource: acpi_pm: mask: 0xffffff max_cycles: 0xffffff, max_idle_ns: 2085701024 ns
[STDERR  ] 2018-01-09T12:24:15.896613465Z: [    1.437533] NET: Registered protocol family 2
[STDERR  ] 2018-01-09T12:24:15.896622184Z: [    1.445474] TCP established hash table entries: 8192 (order: 4, 65536 bytes)
[STDERR  ] 2018-01-09T12:24:15.896631108Z: [    1.446255] TCP bind hash table entries: 8192 (order: 5, 131072 bytes)
[STDERR  ] 2018-01-09T12:24:15.896640497Z: [    1.446919] TCP: Hash tables configured (established 8192 bind 8192)
[STDERR  ] 2018-01-09T12:24:15.896661241Z: [    1.448783] UDP hash table entries: 512 (order: 2, 16384 bytes)
[STDERR  ] 2018-01-09T12:24:15.896669707Z: [    1.449338] UDP-Lite hash table entries: 512 (order: 2, 16384 bytes)
[STDERR  ] 2018-01-09T12:24:15.896678236Z: [    1.452121] NET: Registered protocol family 1
[STDERR  ] 2018-01-09T12:24:15.896687057Z: [    1.453154] pci 0000:00:01.0: Video device with shadowed ROM at [mem 0x000c0000-0x000dffff]
[STDERR  ] 2018-01-09T12:24:15.896695449Z: [    1.459935] Unpacking initramfs...
[STDERR  ] 2018-01-09T12:24:15.8967041Z: [    4.063629] Freeing initrd memory: 24432K
[STDERR  ] 2018-01-09T12:24:15.896713248Z: [    4.085560] PCLMULQDQ-NI instructions are not detected.
[STDERR  ] 2018-01-09T12:24:15.89673113Z: [    4.086625] AVX or AES-NI instructions are not detected.
[STDERR  ] 2018-01-09T12:24:15.896739686Z: [    4.087046] CPU feature 'AVX registers' is not supported.
[STDERR  ] 2018-01-09T12:24:15.896748424Z: [    4.087377] CPU feature 'AVX registers' is not supported.
[STDERR  ] 2018-01-09T12:24:15.896756479Z: [    4.087689] CPU feature 'AVX registers' is not supported.
[STDERR  ] 2018-01-09T12:24:15.896764672Z: [    4.087996] CPU feature 'AVX registers' is not supported.
[STDERR  ] 2018-01-09T12:24:15.896772866Z: [    4.088272] AVX2 or AES-NI instructions are not detected.
[STDERR  ] 2018-01-09T12:24:15.896781616Z: [    4.088581] AVX2 instructions are not detected.
[STDERR  ] 2018-01-09T12:24:15.896790418Z: [    4.094342] audit: initializing netlink subsys (disabled)
[STDERR  ] 2018-01-09T12:24:15.896808471Z: [    4.095998] audit: type=2000 audit(1515500636.090:1): initialized
[STDERR  ] 2018-01-09T12:24:15.896817357Z: [    4.105307] workingset: timestamp_bits=46 max_order=18 bucket_order=0
[STDERR  ] 2018-01-09T12:24:15.896848441Z: [    4.109920] squashfs: version 4.0 (2009/01/31) Phillip Lougher
[STDERR  ] 2018-01-09T12:24:15.896857068Z: [    4.112789] FS-Cache: Netfs 'cifs' registered for caching
[STDERR  ] 2018-01-09T12:24:15.896871441Z: [    4.113639] fuse init (API version 7.26)
[STDERR  ] 2018-01-09T12:24:15.896895197Z: [    4.115778] SGI XFS with ACLs, security attributes, no debug enabled
[STDERR  ] 2018-01-09T12:24:15.896904038Z: [    4.119911] 9p: Installing v9fs 9p2000 file system support
[STDERR  ] 2018-01-09T12:24:15.896916666Z: [    4.120889] FS-Cache: Netfs '9p' registered for caching
[STDERR  ] 2018-01-09T12:24:15.896925483Z: [    4.144883] NET: Registered protocol family 38
[STDERR  ] 2018-01-09T12:24:15.896933992Z: [    4.145482] Key type asymmetric registered
[STDERR  ] 2018-01-09T12:24:15.896947606Z: [    4.145776] Asymmetric key parser 'x509' registered
[STDERR  ] 2018-01-09T12:24:15.8969562Z: [    4.146703] Block layer SCSI generic (bsg) driver version 0.4 loaded (major 251)
[STDERR  ] 2018-01-09T12:24:15.896975554Z: [    4.148255] io scheduler noop registered
[STDERR  ] 2018-01-09T12:24:15.896984127Z: [    4.148598] io scheduler deadline registered (default)
[STDERR  ] 2018-01-09T12:24:15.896992732Z: [    4.149273] io scheduler cfq registered
[STDERR  ] 2018-01-09T12:24:15.897001652Z: [    4.152769] pci_hotplug: PCI Hot Plug PCI Core version: 0.5
[STDERR  ] 2018-01-09T12:24:15.897010315Z: [    4.153326] pciehp: PCI Express Hot Plug Controller Driver version: 0.4
[STDERR  ] 2018-01-09T12:24:15.897018815Z: [    4.154038] shpchp: Standard Hot Plug PCI Controller Driver version: 0.4
[STDERR  ] 2018-01-09T12:24:15.897027283Z: [    4.154751] hv_vmbus: registering driver hyperv_fb
[STDERR  ] 2018-01-09T12:24:15.897044913Z: [    4.157442] input: Power Button as /devices/LNXSYSTM:00/LNXPWRBN:00/input/input0
[STDERR  ] 2018-01-09T12:24:15.897054003Z: [    4.158394] ACPI: Power Button [PWRF]
[STDERR  ] 2018-01-09T12:24:15.897061857Z: [    4.164397] GHES: HEST is not enabled!
[STDERR  ] 2018-01-09T12:24:15.897070298Z: [    4.173302] ACPI: PCI Interrupt Link [GSIG] enabled at IRQ 22
[STDERR  ] 2018-01-09T12:24:15.897078286Z: [    4.185046] ACPI: PCI Interrupt Link [GSIH] enabled at IRQ 23
[STDERR  ] 2018-01-09T12:24:15.897086416Z: [    4.189788] xenfs: not registering filesystem on non-xen platform
[STDERR  ] 2018-01-09T12:24:15.897094634Z: [    4.192325] Serial: 8250/16550 driver, 4 ports, IRQ sharing disabled
[STDERR  ] 2018-01-09T12:24:15.897102534Z: [    4.216667] 00:04: ttyS0 at I/O 0x3f8 (irq = 4, base_baud = 115200) is a 16550A
[STDERR  ] 2018-01-09T12:24:15.897110783Z: [    4.227231] Non-volatile memory driver v1.3
[STDERR  ] 2018-01-09T12:24:15.897128656Z: [    4.233472] Hangcheck: starting hangcheck timer 0.9.1 (tick is 180 seconds, margin is 60 seconds).
[STDERR  ] 2018-01-09T12:24:15.897137597Z: [    4.238013] random: fast init done
[STDERR  ] 2018-01-09T12:24:15.897145801Z: [    4.239484] random: crng init done
[STDERR  ] 2018-01-09T12:24:15.89715387Z: [    4.270009] loop: module loaded
[STDERR  ] 2018-01-09T12:24:15.897162069Z: [    4.282844] nbd: registered device at major 43
[STDERR  ] 2018-01-09T12:24:15.897170004Z: [    4.314025] lpc_ich 0000:00:1f.0: I/O space for GPIO uninitialized
[STDERR  ] 2018-01-09T12:24:15.897178026Z: [    4.315829] VMware PVSCSI driver - version 1.0.7.0-k
[STDERR  ] 2018-01-09T12:24:15.897186036Z: [    4.316538] hv_vmbus: registering driver hv_storvsc
[STDERR  ] 2018-01-09T12:24:15.897203823Z: [    4.323756] ACPI: PCI Interrupt Link [GSIA] enabled at IRQ 16
[STDERR  ] 2018-01-09T12:24:15.897211845Z: [    4.329954] ahci 0000:00:1f.2: AHCI 0001.0000 32 slots 6 ports 1.5 Gbps 0x3f impl SATA mode
[STDERR  ] 2018-01-09T12:24:15.897222771Z: [    4.330922] ahci 0000:00:1f.2: flags: 64bit ncq only 
[STDERR  ] 2018-01-09T12:24:15.897230707Z: [    4.346861] scsi host0: ahci
[STDERR  ] 2018-01-09T12:24:15.897238746Z: [    4.349925] scsi host1: ahci
[STDERR  ] 2018-01-09T12:24:15.897246813Z: [    4.351754] scsi host2: ahci
[STDERR  ] 2018-01-09T12:24:15.897254785Z: [    4.353479] scsi host3: ahci
[STDERR  ] 2018-01-09T12:24:15.897262743Z: [    4.355815] scsi host4: ahci
[STDERR  ] 2018-01-09T12:24:15.897280606Z: [    4.358216] scsi host5: ahci
[STDERR  ] 2018-01-09T12:24:15.897292814Z: [    4.359761] ata1: SATA max UDMA/133 abar m4096@0xfebd2000 port 0xfebd2100 irq 24
[STDERR  ] 2018-01-09T12:24:15.897301326Z: [    4.360416] ata2: SATA max UDMA/133 abar m4096@0xfebd2000 port 0xfebd2180 irq 24
[STDERR  ] 2018-01-09T12:24:15.897309434Z: [    4.360758] ata3: SATA max UDMA/133 abar m4096@0xfebd2000 port 0xfebd2200 irq 24
[STDERR  ] 2018-01-09T12:24:15.897320215Z: [    4.361111] ata4: SATA max UDMA/133 abar m4096@0xfebd2000 port 0xfebd2280 irq 24
[STDERR  ] 2018-01-09T12:24:15.897328218Z: [    4.361429] ata5: SATA max UDMA/133 abar m4096@0xfebd2000 port 0xfebd2300 irq 24
[STDERR  ] 2018-01-09T12:24:15.897339986Z: [    4.361713] ata6: SATA max UDMA/133 abar m4096@0xfebd2000 port 0xfebd2380 irq 24
[STDERR  ] 2018-01-09T12:24:15.8973576Z: [    4.372133] tun: Universal TUN/TAP device driver, 1.6
[STDERR  ] 2018-01-09T12:24:15.897365766Z: [    4.372456] tun: (C) 1999-2004 Max Krasnyansky <maxk@qualcomm.com>
[STDERR  ] 2018-01-09T12:24:15.897373824Z: [    4.383561] VMware vmxnet3 virtual NIC driver - version 1.4.a.0-k-NAPI
[STDERR  ] 2018-01-09T12:24:15.897382163Z: [    4.384337] hv_vmbus: registering driver hv_netvsc
[STDERR  ] 2018-01-09T12:24:15.897389919Z: [    4.384583] Fusion MPT base driver 3.04.20
[STDERR  ] 2018-01-09T12:24:15.897398238Z: [    4.384730] Copyright (c) 1999-2008 LSI Corporation
[STDERR  ] 2018-01-09T12:24:15.897406118Z: [    4.385265] Fusion MPT SPI Host driver 3.04.20
[STDERR  ] 2018-01-09T12:24:15.897414824Z: [    4.386950] i8042: PNP: PS/2 Controller [PNP0303:KBD,PNP0f13:MOU] at 0x60,0x64 irq 1,12
[STDERR  ] 2018-01-09T12:24:15.897432458Z: [    4.391177] serio: i8042 KBD port at 0x60,0x64 irq 1
[STDERR  ] 2018-01-09T12:24:15.897443119Z: [    4.391708] serio: i8042 AUX port at 0x60,0x64 irq 12
[STDERR  ] 2018-01-09T12:24:15.897451355Z: [    4.394144] hv_vmbus: registering driver hyperv_keyboard
[STDERR  ] 2018-01-09T12:24:15.897461909Z: [    4.395949] mousedev: PS/2 mouse device common for all mice
[STDERR  ] 2018-01-09T12:24:15.897470101Z: [    4.400624] input: AT Translated Set 2 keyboard as /devices/platform/i8042/serio0/input/input1
[STDERR  ] 2018-01-09T12:24:15.897478253Z: [    4.403156] input: PC Speaker as /devices/platform/pcspkr/input/input2
[STDERR  ] 2018-01-09T12:24:15.897487176Z: [    4.406362] rtc_cmos 00:00: RTC can wake from S4
[STDERR  ] 2018-01-09T12:24:15.897495442Z: [    4.409594] rtc_cmos 00:00: rtc core: registered rtc_cmos as rtc0
[STDERR  ] 2018-01-09T12:24:15.897513273Z: [    4.411139] rtc_cmos 00:00: alarms up to one day, y3k, 114 bytes nvram, hpet irqs
[STDERR  ] 2018-01-09T12:24:15.897521581Z: [    4.411717] i2c /dev entries driver
[STDERR  ] 2018-01-09T12:24:15.897529675Z: [    4.413425] device-mapper: ioctl: 4.35.0-ioctl (2016-06-23) initialised: dm-devel@redhat.com
[STDERR  ] 2018-01-09T12:24:15.897538147Z: [    4.417375] usbcore: registered new interface driver usbhid
[STDERR  ] 2018-01-09T12:24:15.897546168Z: [    4.417653] usbhid: USB HID core driver
[STDERR  ] 2018-01-09T12:24:15.897554149Z: [    4.418127] hv_utils: Registering HyperV Utility Driver
[STDERR  ] 2018-01-09T12:24:15.897562112Z: [    4.418352] hv_vmbus: registering driver hv_util
[STDERR  ] 2018-01-09T12:24:15.897570388Z: [    4.418550] hv_vmbus: registering driver hv_balloon
[STDERR  ] 2018-01-09T12:24:15.897588259Z: [    4.418955] oprofile: using NMI interrupt.
[STDERR  ] 2018-01-09T12:24:15.897596419Z: [    4.419971] GACT probability on
[STDERR  ] 2018-01-09T12:24:15.897604729Z: [    4.420681] Mirror/redirect action on
[STDERR  ] 2018-01-09T12:24:15.897612683Z: [    4.421510] Simple TC action Loaded
[STDERR  ] 2018-01-09T12:24:15.897620827Z: [    4.421969] u32 classifier
[STDERR  ] 2018-01-09T12:24:15.897628764Z: [    4.422115]     Performance counters on
[STDERR  ] 2018-01-09T12:24:15.897636847Z: [    4.422305]     input device check on
[STDERR  ] 2018-01-09T12:24:15.897644872Z: [    4.422504]     Actions configured
[STDERR  ] 2018-01-09T12:24:15.897663345Z: [    4.423076] Netfilter messages via NETLINK v0.30.
[STDERR  ] 2018-01-09T12:24:15.897671498Z: [    4.423546] nfnl_acct: registering with nfnetlink.
[STDERR  ] 2018-01-09T12:24:15.897683847Z: [    4.424835] nf_conntrack version 0.5.0 (8192 buckets, 32768 max)
[STDERR  ] 2018-01-09T12:24:15.897691985Z: [    4.427891] ctnetlink v0.93: registering with nfnetlink.
[STDERR  ] 2018-01-09T12:24:15.897699998Z: [    4.431035] nf_tables: (c) 2007-2009 Patrick McHardy <kaber@trash.net>
[STDERR  ] 2018-01-09T12:24:15.897708264Z: [    4.431822] nf_tables_compat: (c) 2012 Pablo Neira Ayuso <pablo@netfilter.org>
[STDERR  ] 2018-01-09T12:24:15.897716356Z: [    4.433922] xt_time: kernel timezone is -0000
[STDERR  ] 2018-01-09T12:24:15.897737757Z: [    4.434389] ip_set: protocol 6
[STDERR  ] 2018-01-09T12:24:15.897746292Z: [    4.435006] IPVS: Registered protocols (TCP, UDP, SCTP, AH, ESP)
[STDERR  ] 2018-01-09T12:24:15.897757431Z: [    4.435538] IPVS: Connection hash table configured (size=4096, memory=64Kbytes)
[STDERR  ] 2018-01-09T12:24:15.897765424Z: [    4.437141] IPVS: Creating netns size=2104 id=0
[STDERR  ] 2018-01-09T12:24:15.897773345Z: [    4.439846] IPVS: ipvs loaded.
[STDERR  ] 2018-01-09T12:24:15.897783223Z: [    4.440538] IPVS: [rr] scheduler registered.
[STDERR  ] 2018-01-09T12:24:15.89779325Z: [    4.440841] IPVS: [wrr] scheduler registered.
[STDERR  ] 2018-01-09T12:24:15.897801182Z: [    4.441062] IPVS: [lc] scheduler registered.
[STDERR  ] 2018-01-09T12:24:15.897818329Z: [    4.441295] IPVS: [wlc] scheduler registered.
[STDERR  ] 2018-01-09T12:24:15.897826718Z: [    4.441485] IPVS: [fo] scheduler registered.
[STDERR  ] 2018-01-09T12:24:15.897834608Z: [    4.441659] IPVS: [ovf] scheduler registered.
[STDERR  ] 2018-01-09T12:24:15.897842557Z: [    4.442026] IPVS: [lblc] scheduler registered.
[STDERR  ] 2018-01-09T12:24:15.897850598Z: [    4.442363] IPVS: [lblcr] scheduler registered.
[STDERR  ] 2018-01-09T12:24:15.897858626Z: [    4.442595] IPVS: [dh] scheduler registered.
[STDERR  ] 2018-01-09T12:24:15.897866564Z: [    4.442825] IPVS: [sh] scheduler registered.
[STDERR  ] 2018-01-09T12:24:15.89787967Z: [    4.443015] IPVS: [sed] scheduler registered.
[STDERR  ] 2018-01-09T12:24:15.897898296Z: [    4.443225] IPVS: [nq] scheduler registered.
[STDERR  ] 2018-01-09T12:24:15.897908324Z: [    4.443835] IPVS: ftp: loaded support on port[0] = 21
[STDERR  ] 2018-01-09T12:24:15.897916741Z: [    4.444565] ipip: IPv4 and MPLS over IPv4 tunneling driver
[STDERR  ] 2018-01-09T12:24:15.897924841Z: [    4.448128] gre: GRE over IPv4 demultiplexor driver
[STDERR  ] 2018-01-09T12:24:15.897932814Z: [    4.451287] ip_tables: (C) 2000-2006 Netfilter Core Team
[STDERR  ] 2018-01-09T12:24:15.897941629Z: [    4.454254] ipt_CLUSTERIP: ClusterIP Version 0.8 loaded successfully
[STDERR  ] 2018-01-09T12:24:15.897950053Z: [    4.454847] arp_tables: arp_tables: (C) 2002 David S. Miller
[STDERR  ] 2018-01-09T12:24:15.89795811Z: [    4.456962] NET: Registered protocol family 10
[STDERR  ] 2018-01-09T12:24:15.897977029Z: [    4.465934] ip6_tables: (C) 2000-2006 Netfilter Core Team
[STDERR  ] 2018-01-09T12:24:15.89798536Z: [    4.474335] NET: Registered protocol family 17
[STDERR  ] 2018-01-09T12:24:15.897994133Z: [    4.475355] Bridge firewalling registered
[STDERR  ] 2018-01-09T12:24:15.898002706Z: [    4.475839] Ebtables v2.0 registered
[STDERR  ] 2018-01-09T12:24:15.898014627Z: [    4.477683] 8021q: 802.1Q VLAN Support v1.8
[STDERR  ] 2018-01-09T12:24:15.898023035Z: [    4.479018] 9pnet: Installing 9P2000 support
[STDERR  ] 2018-01-09T12:24:15.898031742Z: [    4.480933] Key type dns_resolver registered
[STDERR  ] 2018-01-09T12:24:15.898050196Z: [    4.481820] microcode: AMD CPU family 0x6 not supported
[STDERR  ] 2018-01-09T12:24:15.898058423Z: [    4.484858] registered taskstats version 1
[STDERR  ] 2018-01-09T12:24:15.898067775Z: [    4.645986] Key type big_key registered
[STDERR  ] 2018-01-09T12:24:15.898075853Z: [    4.693979] ata2: SATA link down (SStatus 0 SControl 300)
[STDERR  ] 2018-01-09T12:24:15.89808394Z: [    4.696574] ata1: SATA link down (SStatus 0 SControl 300)
[STDERR  ] 2018-01-09T12:24:15.898094299Z: [    4.703962] ata4: SATA link down (SStatus 0 SControl 300)
[STDERR  ] 2018-01-09T12:24:15.898107749Z: [    4.704768] ata3: SATA link up 1.5 Gbps (SStatus 113 SControl 300)
[STDERR  ] 2018-01-09T12:24:15.898125948Z: [    4.708105] ata3.00: ATAPI: QEMU DVD-ROM, 2.5+, max UDMA/100
[STDERR  ] 2018-01-09T12:24:15.898134347Z: [    4.708588] ata3.00: applying bridge limits
[STDERR  ] 2018-01-09T12:24:15.898142481Z: [    4.710490] ata3.00: configured for UDMA/100
[STDERR  ] 2018-01-09T12:24:15.898150967Z: [    4.711506] ata6: SATA link down (SStatus 0 SControl 300)
[STDERR  ] 2018-01-09T12:24:15.898159145Z: [    4.711994] ata5: SATA link down (SStatus 0 SControl 300)
[STDERR  ] 2018-01-09T12:24:15.898171437Z: [    4.727878] scsi 2:0:0:0: CD-ROM            QEMU     QEMU DVD-ROM     2.5+ PQ: 0 ANSI: 5
[STDERR  ] 2018-01-09T12:24:15.898179941Z: [    4.763641] sr 2:0:0:0: [sr0] scsi3-mmc drive: 4x/4x cd/rw xa/form2 tray
[STDERR  ] 2018-01-09T12:24:15.898188655Z: [    4.764304] cdrom: Uniform CD-ROM driver Revision: 3.20
[STDERR  ] 2018-01-09T12:24:15.898206351Z: [    4.780889] sr 2:0:0:0: Attached scsi generic sg0 type 5
[STDERR  ] 2018-01-09T12:24:15.898214423Z: [    4.799358] Key type encrypted registered
[STDERR  ] 2018-01-09T12:24:15.898222417Z: [    4.805025] rtc_cmos 00:00: setting system clock to 2018-01-09 12:23:58 UTC (1515500638)
[STDERR  ] 2018-01-09T12:24:15.898230917Z: [    4.944024] Freeing unused kernel memory: 1396K
[STDERR  ] 2018-01-09T12:24:15.898239043Z: [    4.944398] Write protecting the kernel read-only data: 12288k
[STDERR  ] 2018-01-09T12:24:15.898247155Z: [    4.949781] Freeing unused kernel memory: 124K
[STDERR  ] 2018-01-09T12:24:15.898255247Z: [    5.035162] Freeing unused kernel memory: 1396K
[STDERR  ] 2018-01-09T12:24:15.898263443Z: [    5.120595] tsc: Refined TSC clocksource calibration: 2599.923 MHz
[STDERR  ] 2018-01-09T12:24:15.898281907Z: [    5.121107] clocksource: tsc: mask: 0xffffffffffffffff max_cycles: 0x2579f3804ef, max_idle_ns: 440795238082 ns
[STDERR  ] 2018-01-09T12:24:15.898290561Z: [    6.134889] clocksource: Switched to clocksource tsc
[STDERR  ] 2018-01-09T12:24:15.898298459Z: 
[STDERR  ] 2018-01-09T12:24:15.898307137Z: Welcome to LinuxKit
[STDERR  ] 2018-01-09T12:24:15.898315574Z: 
[STDERR  ] 2018-01-09T12:24:15.898323865Z:                         ##         .
[STDERR  ] 2018-01-09T12:24:15.89833196Z:                   ## ## ##        ==
[STDERR  ] 2018-01-09T12:24:15.898340354Z:                ## ## ## ## ##    ===
[STDERR  ] 2018-01-09T12:24:15.898362602Z:            /"""""""""""""""""\___/ ===
[STDERR  ] 2018-01-09T12:24:15.898370862Z:           {                       /  ===-
[STDERR  ] 2018-01-09T12:24:15.89837887Z:            \______ O           __/
[STDERR  ] 2018-01-09T12:24:15.898387951Z:              \    \         __/
[STDERR  ] 2018-01-09T12:24:15.898396106Z:               \____\_______/
[STDERR  ] 2018-01-09T12:24:15.898406352Z: 
[STDERR  ] 2018-01-09T12:24:15.898414073Z: ca-certificates test suite PASSED
[STDERR  ] 2018-01-09T12:24:15.898422464Z: [   21.918947] ACPI: Preparing to enter system sleep state S5
[STDERR  ] 2018-01-09T12:24:15.898478962Z: [   21.920933] reboot: Power down
[STDERR  ] 2018-01-09T12:24:15.898487489Z: + echo [    0.000000] Linux version 4.9.75-linuxkit (root@912da39a9ad2) (gcc version 6.4.0 (Alpine 6.4.0) ) #1 SMP Sat Jan 6 12:14:29 UTC 2018
[STDERR  ] 2018-01-09T12:24:15.89849715Z: [    0.000000] Command line: console=ttyS0 console=ttyAMA0
[STDERR  ] 2018-01-09T12:24:15.89850562Z: [    0.000000] x86/fpu: Legacy x87 FPU detected.
[STDERR  ] 2018-01-09T12:24:15.898513966Z: [    0.000000] x86/fpu: Using 'eager' FPU context switches.
[STDERR  ] 2018-01-09T12:24:15.898522697Z: [    0.000000] e820: BIOS-provided physical RAM map:
[STDERR  ] 2018-01-09T12:24:15.898530346Z: [    0.000000] BIOS-e820: [mem 0x0000000000000000-0x000000000009fbff] usable
[STDERR  ] 2018-01-09T12:24:15.8985382Z: [    0.000000] BIOS-e820: [mem 0x000000000009fc00-0x000000000009ffff] reserved
[STDERR  ] 2018-01-09T12:24:15.898543874Z: [    0.000000] BIOS-e820: [mem 0x00000000000f0000-0x00000000000fffff] reserved
[STDERR  ] 2018-01-09T12:24:15.898553004Z: [    0.000000] BIOS-e820: [mem 0x0000000000100000-0x000000003ffdefff] usable
[STDERR  ] 2018-01-09T12:24:15.89855858Z: [    0.000000] BIOS-e820: [mem 0x000000003ffdf000-0x000000003fffffff] reserved
[STDERR  ] 2018-01-09T12:24:15.898567491Z: [    0.000000] BIOS-e820: [mem 0x00000000b0000000-0x00000000bfffffff] reserved
[STDERR  ] 2018-01-09T12:24:15.898576091Z: [    0.000000] BIOS-e820: [mem 0x00000000fed1c000-0x00000000fed1ffff] reserved
[STDERR  ] 2018-01-09T12:24:15.898586298Z: [    0.000000] BIOS-e820: [mem 0x00000000fffc0000-0x00000000ffffffff] reserved
[STDERR  ] 2018-01-09T12:24:15.898599696Z: [    0.000000] NX (Execute Disable) protection: active
[STDERR  ] 2018-01-09T12:24:15.898608303Z: [    0.000000] SMBIOS 2.8 present.
[STDERR  ] 2018-01-09T12:24:15.898618296Z: [    0.000000] Kernel/User page tables isolation: disabled
[STDERR  ] 2018-01-09T12:24:15.898627302Z: [    0.000000] e820: last_pfn = 0x3ffdf max_arch_pfn = 0x400000000
[STDERR  ] 2018-01-09T12:24:15.898635653Z: [    0.000000] x86/PAT: Configuration [0-7]: WB  WC  UC- UC  WB  WC  UC- WT  
[STDERR  ] 2018-01-09T12:24:15.898643184Z: [    0.000000] found SMP MP-table at [mem 0x000f6aa0-0x000f6aaf] mapped at [ffff8f41400f6aa0]
[STDERR  ] 2018-01-09T12:24:15.898650005Z: [    0.000000] RAMDISK: [mem 0x3e7f4000-0x3ffcffff]
[STDERR  ] 2018-01-09T12:24:15.898661694Z: [    0.000000] ACPI: Early table checksum verification disabled
[STDERR  ] 2018-01-09T12:24:15.898670507Z: [    0.000000] ACPI: RSDP 0x00000000000F68B0 000014 (v00 BOCHS )
[STDERR  ] 2018-01-09T12:24:15.898679202Z: [    0.000000] ACPI: RSDT 0x000000003FFE20A8 000034 (v01 BOCHS  BXPCRSDT 00000001 BXPC 00000001)
[STDERR  ] 2018-01-09T12:24:15.898687804Z: [    0.000000] ACPI: FACP 0x000000003FFE1EC8 0000F4 (v03 BOCHS  BXPCFACP 00000001 BXPC 00000001)
[STDERR  ] 2018-01-09T12:24:15.898696268Z: [    0.000000] ACPI: DSDT 0x000000003FFE0040 001E88 (v01 BOCHS  BXPCDSDT 00000001 BXPC 00000001)
[STDERR  ] 2018-01-09T12:24:15.898713032Z: [    0.000000] ACPI: FACS 0x000000003FFE0000 000040
[STDERR  ] 2018-01-09T12:24:15.898721947Z: [    0.000000] ACPI: APIC 0x000000003FFE1FBC 000078 (v01 BOCHS  BXPCAPIC 00000001 BXPC 00000001)
[STDERR  ] 2018-01-09T12:24:15.898730188Z: [    0.000000] ACPI: HPET 0x000000003FFE2034 000038 (v01 BOCHS  BXPCHPET 00000001 BXPC 00000001)
[STDERR  ] 2018-01-09T12:24:15.898739119Z: [    0.000000] ACPI: MCFG 0x000000003FFE206C 00003C (v01 BOCHS  BXPCMCFG 00000001 BXPC 00000001)
[STDERR  ] 2018-01-09T12:24:15.898747998Z: [    0.000000] Zone ranges:
[STDERR  ] 2018-01-09T12:24:15.898756728Z: [    0.000000]   DMA      [mem 0x0000000000001000-0x0000000000ffffff]
[STDERR  ] 2018-01-09T12:24:15.8987652Z: [    0.000000]   DMA32    [mem 0x0000000001000000-0x000000003ffdefff]
[STDERR  ] 2018-01-09T12:24:15.89877359Z: [    0.000000]   Normal   empty
[STDERR  ] 2018-01-09T12:24:15.898782178Z: [    0.000000] Movable zone start for each node
[STDERR  ] 2018-01-09T12:24:15.898790515Z: [    0.000000] Early memory node ranges
[STDERR  ] 2018-01-09T12:24:15.898798806Z: [    0.000000]   node   0: [mem 0x0000000000001000-0x000000000009efff]
[STDERR  ] 2018-01-09T12:24:15.898807572Z: [    0.000000]   node   0: [mem 0x0000000000100000-0x000000003ffdefff]
[STDERR  ] 2018-01-09T12:24:15.898816269Z: [    0.000000] Initmem setup node 0 [mem 0x0000000000001000-0x000000003ffdefff]
[STDERR  ] 2018-01-09T12:24:15.898824851Z: [    0.000000] ACPI: PM-Timer IO Port: 0x608
[STDERR  ] 2018-01-09T12:24:15.898833138Z: [    0.000000] ACPI: LAPIC_NMI (acpi_id[0xff] dfl dfl lint[0x1])
[STDERR  ] 2018-01-09T12:24:15.898844259Z: [    0.000000] IOAPIC[0]: apic_id 0, version 32, address 0xfec00000, GSI 0-23
[STDERR  ] 2018-01-09T12:24:15.898852601Z: [    0.000000] ACPI: INT_SRC_OVR (bus 0 bus_irq 0 global_irq 2 dfl dfl)
[STDERR  ] 2018-01-09T12:24:15.89886129Z: [    0.000000] ACPI: INT_SRC_OVR (bus 0 bus_irq 5 global_irq 5 high level)
[STDERR  ] 2018-01-09T12:24:15.898869559Z: [    0.000000] ACPI: INT_SRC_OVR (bus 0 bus_irq 9 global_irq 9 high level)
[STDERR  ] 2018-01-09T12:24:15.898883997Z: [    0.000000] ACPI: INT_SRC_OVR (bus 0 bus_irq 10 global_irq 10 high level)
[STDERR  ] 2018-01-09T12:24:15.898897154Z: [    0.000000] ACPI: INT_SRC_OVR (bus 0 bus_irq 11 global_irq 11 high level)
[STDERR  ] 2018-01-09T12:24:15.898906324Z: [    0.000000] Using ACPI (MADT) for SMP configuration information
[STDERR  ] 2018-01-09T12:24:15.898914741Z: [    0.000000] ACPI: HPET id: 0x8086a201 base: 0xfed00000
[STDERR  ] 2018-01-09T12:24:15.898923019Z: [    0.000000] smpboot: Allowing 1 CPUs, 0 hotplug CPUs
[STDERR  ] 2018-01-09T12:24:15.898931229Z: [    0.000000] e820: [mem 0x40000000-0xafffffff] available for PCI devices
[STDERR  ] 2018-01-09T12:24:15.89894337Z: [    0.000000] Booting paravirtualized kernel on bare hardware
[STDERR  ] 2018-01-09T12:24:15.898951803Z: [    0.000000] clocksource: refined-jiffies: mask: 0xffffffff max_cycles: 0xffffffff, max_idle_ns: 19112604462750000 ns
[STDERR  ] 2018-01-09T12:24:15.898961378Z: [    0.000000] setup_percpu: NR_CPUS:128 nr_cpumask_bits:128 nr_cpu_ids:1 nr_node_ids:1
[STDERR  ] 2018-01-09T12:24:15.898969625Z: [    0.000000] percpu: Embedded 36 pages/cpu @ffff8f417e400000 s106904 r8192 d32360 u2097152
[STDERR  ] 2018-01-09T12:24:15.898980773Z: [    0.000000] Built 1 zonelists in Zone order, mobility grouping on.  Total pages: 257896
[STDERR  ] 2018-01-09T12:24:15.8989892Z: [    0.000000] Kernel command line: console=ttyS0 console=ttyAMA0
[STDERR  ] 2018-01-09T12:24:15.898997528Z: [    0.000000] PID hash table entries: 4096 (order: 3, 32768 bytes)
[STDERR  ] 2018-01-09T12:24:15.899005853Z: [    0.000000] Dentry cache hash table entries: 131072 (order: 8, 1048576 bytes)
[STDERR  ] 2018-01-09T12:24:15.89901446Z: [    0.000000] Inode-cache hash table entries: 65536 (order: 7, 524288 bytes)
[STDERR  ] 2018-01-09T12:24:15.899023841Z: [    0.000000] Memory: 989700K/1048052K available (8053K kernel code, 1391K rwdata, 2700K rodata, 1396K init, 564K bss, 58352K reserved, 0K cma-reserved)
[STDERR  ] 2018-01-09T12:24:15.899035194Z: [    0.000000] Hierarchical RCU implementation.
[STDERR  ] 2018-01-09T12:24:15.89904348Z: [    0.000000] 	Build-time adjustment of leaf fanout to 64.
[STDERR  ] 2018-01-09T12:24:15.899052148Z: [    0.000000] 	RCU restricting CPUs from NR_CPUS=128 to nr_cpu_ids=1.
[STDERR  ] 2018-01-09T12:24:15.899060596Z: [    0.000000] RCU: Adjusting geometry for rcu_fanout_leaf=64, nr_cpu_ids=1
[STDERR  ] 2018-01-09T12:24:15.899068776Z: [    0.000000] NR_IRQS:8448 nr_irqs:256 16
[STDERR  ] 2018-01-09T12:24:15.899077002Z: [    0.000000] Console: colour VGA+ 80x25
[STDERR  ] 2018-01-09T12:24:15.899085127Z: [    0.000000] console [ttyS0] enabled
[STDERR  ] 2018-01-09T12:24:15.899093571Z: [    0.000000] clocksource: hpet: mask: 0xffffffff max_cycles: 0xffffffff, max_idle_ns: 19112604467 ns
[STDERR  ] 2018-01-09T12:24:15.899102109Z: [    0.000000] tsc: Fast TSC calibration using PIT
[STDERR  ] 2018-01-09T12:24:15.899110325Z: [    0.000000] tsc: Detected 2599.920 MHz processor
[STDERR  ] 2018-01-09T12:24:15.899118603Z: [    0.022136] Calibrating delay loop (skipped), value calculated using timer frequency.. 5199.84 BogoMIPS (lpj=25999200)
[STDERR  ] 2018-01-09T12:24:15.899127205Z: [    0.023177] pid_max: default: 32768 minimum: 301
[STDERR  ] 2018-01-09T12:24:15.899135674Z: [    0.030497] ACPI: Core revision 20160831
[STDERR  ] 2018-01-09T12:24:15.899143872Z: [    0.057469] ACPI: 1 ACPI AML tables successfully acquired and loaded
[STDERR  ] 2018-01-09T12:24:15.899152114Z: [    0.062128] Security Framework initialized
[STDERR  ] 2018-01-09T12:24:15.899160449Z: [    0.062497] Yama: becoming mindful.
[STDERR  ] 2018-01-09T12:24:15.899168877Z: [    0.064478] Mount-cache hash table entries: 2048 (order: 2, 16384 bytes)
[STDERR  ] 2018-01-09T12:24:15.899177046Z: [    0.065034] Mountpoint-cache hash table entries: 2048 (order: 2, 16384 bytes)
[STDERR  ] 2018-01-09T12:24:15.899186103Z: [    0.085003] Last level iTLB entries: 4KB 0, 2MB 0, 4MB 0
[STDERR  ] 2018-01-09T12:24:15.89919452Z: [    0.085454] Last level dTLB entries: 4KB 0, 2MB 0, 4MB 0, 1GB 0
[STDERR  ] 2018-01-09T12:24:15.899202846Z: [    0.408611] Freeing SMP alternatives memory: 20K
[STDERR  ] 2018-01-09T12:24:15.899214106Z: [    0.418062] ftrace: allocating 35550 entries in 139 pages
[STDERR  ] 2018-01-09T12:24:15.8992225Z: [    0.488374] smpboot: Max logical packages: 1
[STDERR  ] 2018-01-09T12:24:15.899236344Z: [    0.495274] ..TIMER: vector=0x30 apic1=0 pin1=2 apic2=-1 pin2=-1
[STDERR  ] 2018-01-09T12:24:15.899245145Z: [    0.600000] smpboot: CPU0: AMD QEMU Virtual CPU version 2.5+ (family: 0x6, model: 0x6, stepping: 0x3)
[STDERR  ] 2018-01-09T12:24:15.899253414Z: [    0.600000] Performance Events: PMU not available due to virtualization, using software events only.
[STDERR  ] 2018-01-09T12:24:15.899265888Z: [    0.608096] NMI watchdog: disabled (cpu0): hardware events not enabled
[STDERR  ] 2018-01-09T12:24:15.899274431Z: [    0.608562] NMI watchdog: Shutting down hard lockup detector on all cpus
[STDERR  ] 2018-01-09T12:24:15.899282945Z: [    0.611242] x86: Booted up 1 node, 1 CPUs
[STDERR  ] 2018-01-09T12:24:15.899292085Z: [    0.611661] smpboot: Total of 1 processors activated (5199.84 BogoMIPS)
[STDERR  ] 2018-01-09T12:24:15.899300361Z: [    0.628636] devtmpfs: initialized
[STDERR  ] 2018-01-09T12:24:15.899308829Z: [    0.635262] x86/mm: Memory block size: 128MB
[STDERR  ] 2018-01-09T12:24:15.899317198Z: [    0.665933] clocksource: jiffies: mask: 0xffffffff max_cycles: 0xffffffff, max_idle_ns: 19112604462750000 ns
[STDERR  ] 2018-01-09T12:24:15.899325567Z: [    0.666753] futex hash table entries: 256 (order: 2, 16384 bytes)
[STDERR  ] 2018-01-09T12:24:15.899333857Z: [    0.676276] NET: Registered protocol family 16
[STDERR  ] 2018-01-09T12:24:15.899344138Z: [    0.686485] cpuidle: using governor ladder
[STDERR  ] 2018-01-09T12:24:15.899352384Z: [    0.686955] cpuidle: using governor menu
[STDERR  ] 2018-01-09T12:24:15.899360775Z: [    0.688043] ACPI: bus type PCI registered
[STDERR  ] 2018-01-09T12:24:15.899369533Z: [    0.691385] PCI: MMCONFIG for domain 0000 [bus 00-ff] at [mem 0xb0000000-0xbfffffff] (base 0xb0000000)
[STDERR  ] 2018-01-09T12:24:15.899377997Z: [    0.692085] PCI: MMCONFIG at [mem 0xb0000000-0xbfffffff] reserved in E820
[STDERR  ] 2018-01-09T12:24:15.8993864Z: [    0.692975] PCI: Using configuration type 1 for base access
[STDERR  ] 2018-01-09T12:24:15.899394648Z: [    0.733584] HugeTLB registered 2 MB page size, pre-allocated 0 pages
[STDERR  ] 2018-01-09T12:24:15.89940285Z: [    0.744948] ACPI: Added _OSI(Module Device)
[STDERR  ] 2018-01-09T12:24:15.899411028Z: [    0.745250] ACPI: Added _OSI(Processor Device)
[STDERR  ] 2018-01-09T12:24:15.899419256Z: [    0.745511] ACPI: Added _OSI(3.0 _SCP Extensions)
[STDERR  ] 2018-01-09T12:24:15.89942755Z: [    0.745724] ACPI: Added _OSI(Processor Aggregator Device)
[STDERR  ] 2018-01-09T12:24:15.899435936Z: [    0.797751] ACPI: Interpreter enabled
[STDERR  ] 2018-01-09T12:24:15.899444812Z: [    0.798716] ACPI: (supports S0 S5)
[STDERR  ] 2018-01-09T12:24:15.899453166Z: [    0.799025] ACPI: Using IOAPIC for interrupt routing
[STDERR  ] 2018-01-09T12:24:15.89946149Z: [    0.802074] PCI: Using host bridge windows from ACPI; if necessary, use "pci=nocrs" and report a bug
[STDERR  ] 2018-01-09T12:24:15.899469921Z: [    0.847849] ACPI: PCI Root Bridge [PCI0] (domain 0000 [bus 00-ff])
[STDERR  ] 2018-01-09T12:24:15.899478171Z: [    0.849154] acpi PNP0A08:00: _OSC: OS supports [ExtendedConfig ASPM ClockPM Segments MSI]
[STDERR  ] 2018-01-09T12:24:15.899486629Z: [    0.854775] acpi PNP0A08:00: _OSC: OS now controls [PCIeHotplug PME PCIeCapability]
[STDERR  ] 2018-01-09T12:24:15.899495014Z: [    0.858370] PCI host bridge to bus 0000:00
[STDERR  ] 2018-01-09T12:24:15.89950334Z: [    0.858902] pci_bus 0000:00: root bus resource [io  0x0000-0x0cf7 window]
[STDERR  ] 2018-01-09T12:24:15.899512128Z: [    0.859324] pci_bus 0000:00: root bus resource [io  0x0d00-0xffff window]
[STDERR  ] 2018-01-09T12:24:15.899520943Z: [    0.859648] pci_bus 0000:00: root bus resource [mem 0x000a0000-0x000bffff window]
[STDERR  ] 2018-01-09T12:24:15.899529509Z: [    0.860085] pci_bus 0000:00: root bus resource [mem 0xc0000000-0xfebfffff window]
[STDERR  ] 2018-01-09T12:24:15.89954254Z: [    0.860659] pci_bus 0000:00: root bus resource [bus 00-ff]
[STDERR  ] 2018-01-09T12:24:15.89955097Z: [    1.027060] pci 0000:00:1f.0: quirk: [io  0x0600-0x067f] claimed by ICH6 ACPI/GPIO/TCO
[STDERR  ] 2018-01-09T12:24:15.899559309Z: [    1.118176] ACPI: PCI Interrupt Link [LNKA] (IRQs 5 *10 11)
[STDERR  ] 2018-01-09T12:24:15.89956988Z: [    1.121357] ACPI: PCI Interrupt Link [LNKB] (IRQs 5 *10 11)
[STDERR  ] 2018-01-09T12:24:15.899578206Z: [    1.123313] ACPI: PCI Interrupt Link [LNKC] (IRQs 5 10 *11)
[STDERR  ] 2018-01-09T12:24:15.899589906Z: [    1.124649] ACPI: PCI Interrupt Link [LNKD] (IRQs 5 10 *11)
[STDERR  ] 2018-01-09T12:24:15.899600963Z: [    1.126006] ACPI: PCI Interrupt Link [LNKE] (IRQs 5 *10 11)
[STDERR  ] 2018-01-09T12:24:15.899609309Z: [    1.127318] ACPI: PCI Interrupt Link [LNKF] (IRQs 5 *10 11)
[STDERR  ] 2018-01-09T12:24:15.899617532Z: [    1.128662] ACPI: PCI Interrupt Link [LNKG] (IRQs 5 10 *11)
[STDERR  ] 2018-01-09T12:24:15.899625642Z: [    1.131519] ACPI: PCI Interrupt Link [LNKH] (IRQs 5 10 *11)
[STDERR  ] 2018-01-09T12:24:15.899633836Z: [    1.132239] ACPI: PCI Interrupt Link [GSIA] (IRQs *16)
[STDERR  ] 2018-01-09T12:24:15.899642073Z: [    1.132784] ACPI: PCI Interrupt Link [GSIB] (IRQs *17)
[STDERR  ] 2018-01-09T12:24:15.899650269Z: [    1.133310] ACPI: PCI Interrupt Link [GSIC] (IRQs *18)
[STDERR  ] 2018-01-09T12:24:15.899658963Z: [    1.133859] ACPI: PCI Interrupt Link [GSID] (IRQs *19)
[STDERR  ] 2018-01-09T12:24:15.899667206Z: [    1.134387] ACPI: PCI Interrupt Link [GSIE] (IRQs *20)
[STDERR  ] 2018-01-09T12:24:15.899675589Z: [    1.134931] ACPI: PCI Interrupt Link [GSIF] (IRQs *21)
[STDERR  ] 2018-01-09T12:24:15.89968408Z: [    1.135446] ACPI: PCI Interrupt Link [GSIG] (IRQs *22)
[STDERR  ] 2018-01-09T12:24:15.899692245Z: [    1.135962] ACPI: PCI Interrupt Link [GSIH] (IRQs *23)
[STDERR  ] 2018-01-09T12:24:15.899700527Z: [    1.139241] ACPI: Enabled 1 GPEs in block 00 to 3F
[STDERR  ] 2018-01-09T12:24:15.899709099Z: [    1.142746] SCSI subsystem initialized
[STDERR  ] 2018-01-09T12:24:15.899717281Z: [    1.144614] ACPI: bus type USB registered
[STDERR  ] 2018-01-09T12:24:15.899732655Z: [    1.145634] usbcore: registered new interface driver usbfs
[STDERR  ] 2018-01-09T12:24:15.899744192Z: [    1.146416] usbcore: registered new interface driver hub
[STDERR  ] 2018-01-09T12:24:15.899755275Z: [    1.147128] usbcore: registered new device driver usb
[STDERR  ] 2018-01-09T12:24:15.899763758Z: [    1.148190] pps_core: LinuxPPS API ver. 1 registered
[STDERR  ] 2018-01-09T12:24:15.899772013Z: [    1.148463] pps_core: Software ver. 5.3.6 - Copyright 2005-2007 Rodolfo Giometti <giometti@linux.it>
[STDERR  ] 2018-01-09T12:24:15.89978233Z: [    1.149045] PTP clock support registered
[STDERR  ] 2018-01-09T12:24:15.899796342Z: [    1.150372] wmi: Mapper loaded
[STDERR  ] 2018-01-09T12:24:15.899805285Z: [    1.151529] PCI: Using ACPI for IRQ routing
[STDERR  ] 2018-01-09T12:24:15.899813519Z: [    1.165979] NetLabel: Initializing
[STDERR  ] 2018-01-09T12:24:15.899821946Z: [    1.166192] NetLabel:  domain hash size = 128
[STDERR  ] 2018-01-09T12:24:15.899830628Z: [    1.166490] NetLabel:  protocols = UNLABELED CIPSOv4
[STDERR  ] 2018-01-09T12:24:15.899839101Z: [    1.168936] NetLabel:  unlabeled traffic allowed by default
[STDERR  ] 2018-01-09T12:24:15.899847295Z: [    1.170351] HPET: 3 timers in total, 0 timers will be used for per-cpu timer
[STDERR  ] 2018-01-09T12:24:15.899857587Z: [    1.171142] hpet0: at MMIO 0xfed00000, IRQs 2, 8, 0
[STDERR  ] 2018-01-09T12:24:15.899865824Z: [    1.171573] hpet0: 3 comparators, 64-bit 100.000000 MHz counter
[STDERR  ] 2018-01-09T12:24:15.899873977Z: [    1.179831] clocksource: Switched to clocksource hpet
[STDERR  ] 2018-01-09T12:24:15.899887812Z: [    1.372359] VFS: Disk quotas dquot_6.6.0
[STDERR  ] 2018-01-09T12:24:15.899896023Z: [    1.373096] VFS: Dquot-cache hash table entries: 512 (order 0, 4096 bytes)
[STDERR  ] 2018-01-09T12:24:15.899904468Z: [    1.376592] FS-Cache: Loaded
[STDERR  ] 2018-01-09T12:24:15.899916964Z: [    1.382107] CacheFiles: Loaded
[STDERR  ] 2018-01-09T12:24:15.89992619Z: [    1.384175] pnp: PnP ACPI init
[STDERR  ] 2018-01-09T12:24:15.899934552Z: [    1.394264] pnp: PnP ACPI: found 5 devices
[STDERR  ] 2018-01-09T12:24:15.899942841Z: [    1.434280] clocksource: acpi_pm: mask: 0xffffff max_cycles: 0xffffff, max_idle_ns: 2085701024 ns
[STDERR  ] 2018-01-09T12:24:15.899951216Z: [    1.437533] NET: Registered protocol family 2
[STDERR  ] 2018-01-09T12:24:15.899959435Z: [    1.445474] TCP established hash table entries: 8192 (order: 4, 65536 bytes)
[STDERR  ] 2018-01-09T12:24:15.899971483Z: [    1.446255] TCP bind hash table entries: 8192 (order: 5, 131072 bytes)
[STDERR  ] 2018-01-09T12:24:15.899979892Z: [    1.446919] TCP: Hash tables configured (established 8192 bind 8192)
[STDERR  ] 2018-01-09T12:24:15.899988904Z: [    1.448783] UDP hash table entries: 512 (order: 2, 16384 bytes)
[STDERR  ] 2018-01-09T12:24:15.899997229Z: [    1.449338] UDP-Lite hash table entries: 512 (order: 2, 16384 bytes)
[STDERR  ] 2018-01-09T12:24:15.900006146Z: [    1.452121] NET: Registered protocol family 1
[STDERR  ] 2018-01-09T12:24:15.900014424Z: [    1.453154] pci 0000:00:01.0: Video device with shadowed ROM at [mem 0x000c0000-0x000dffff]
[STDERR  ] 2018-01-09T12:24:15.90002275Z: [    1.459935] Unpacking initramfs...
[STDERR  ] 2018-01-09T12:24:15.900031118Z: [    4.063629] Freeing initrd memory: 24432K
[STDERR  ] 2018-01-09T12:24:15.900041752Z: [    4.085560] PCLMULQDQ-NI instructions are not detected.
[STDERR  ] 2018-01-09T12:24:15.900049924Z: [    4.086625] AVX or AES-NI instructions are not detected.
[STDERR  ] 2018-01-09T12:24:15.900058139Z: [    4.087046] CPU feature 'AVX registers' is not supported.
[STDERR  ] 2018-01-09T12:24:15.90006691Z: [    4.087377] CPU feature 'AVX registers' is not supported.
[STDERR  ] 2018-01-09T12:24:15.900075109Z: [    4.087689] CPU feature 'AVX registers' is not supported.
[STDERR  ] 2018-01-09T12:24:15.900083395Z: [    4.087996] CPU feature 'AVX registers' is not supported.
[STDERR  ] 2018-01-09T12:24:15.90009168Z: [    4.088272] AVX2 or AES-NI instructions are not detected.
[STDERR  ] 2018-01-09T12:24:15.900100364Z: [    4.088581] AVX2 instructions are not detected.
[STDERR  ] 2018-01-09T12:24:15.900108904Z: [    4.094342] audit: initializing netlink subsys (disabled)
[STDERR  ] 2018-01-09T12:24:15.900117235Z: [    4.095998] audit: type=2000 audit(1515500636.090:1): initialized
[STDERR  ] 2018-01-09T12:24:15.90012543Z: [    4.105307] workingset: timestamp_bits=46 max_order=18 bucket_order=0
[STDERR  ] 2018-01-09T12:24:15.900134007Z: [    4.109920] squashfs: version 4.0 (2009/01/31) Phillip Lougher
[STDERR  ] 2018-01-09T12:24:15.900145552Z: [    4.112789] FS-Cache: Netfs 'cifs' registered for caching
[STDERR  ] 2018-01-09T12:24:15.900153911Z: [    4.113639] fuse init (API version 7.26)
[STDERR  ] 2018-01-09T12:24:15.900162111Z: [    4.115778] SGI XFS with ACLs, security attributes, no debug enabled
[STDERR  ] 2018-01-09T12:24:15.900170715Z: [    4.119911] 9p: Installing v9fs 9p2000 file system support
[STDERR  ] 2018-01-09T12:24:15.900180912Z: [    4.120889] FS-Cache: Netfs '9p' registered for caching
[STDERR  ] 2018-01-09T12:24:15.900189173Z: [    4.144883] NET: Registered protocol family 38
[STDERR  ] 2018-01-09T12:24:15.900197352Z: [    4.145482] Key type asymmetric registered
[STDERR  ] 2018-01-09T12:24:15.900205525Z: [    4.145776] Asymmetric key parser 'x509' registered
[STDERR  ] 2018-01-09T12:24:15.900213749Z: [    4.146703] Block layer SCSI generic (bsg) driver version 0.4 loaded (major 251)
[STDERR  ] 2018-01-09T12:24:15.900222637Z: [    4.148255] io scheduler noop registered
[STDERR  ] 2018-01-09T12:24:15.900247749Z: [    4.148598] io scheduler deadline registered (default)
[STDERR  ] 2018-01-09T12:24:15.900255593Z: [    4.149273] io scheduler cfq registered
[STDERR  ] 2018-01-09T12:24:15.900263971Z: [    4.152769] pci_hotplug: PCI Hot Plug PCI Core version: 0.5
[STDERR  ] 2018-01-09T12:24:15.900271898Z: [    4.153326] pciehp: PCI Express Hot Plug Controller Driver version: 0.4
[STDERR  ] 2018-01-09T12:24:15.900284576Z: [    4.154038] shpchp: Standard Hot Plug PCI Controller Driver version: 0.4
[STDERR  ] 2018-01-09T12:24:15.90029279Z: [    4.154751] hv_vmbus: registering driver hyperv_fb
[STDERR  ] 2018-01-09T12:24:15.900301172Z: [    4.157442] input: Power Button as /devices/LNXSYSTM:00/LNXPWRBN:00/input/input0
[STDERR  ] 2018-01-09T12:24:15.900308901Z: [    4.158394] ACPI: Power Button [PWRF]
[STDERR  ] 2018-01-09T12:24:15.900316402Z: [    4.164397] GHES: HEST is not enabled!
[STDERR  ] 2018-01-09T12:24:15.90032898Z: [    4.173302] ACPI: PCI Interrupt Link [GSIG] enabled at IRQ 22
[STDERR  ] 2018-01-09T12:24:15.900336776Z: [    4.185046] ACPI: PCI Interrupt Link [GSIH] enabled at IRQ 23
[STDERR  ] 2018-01-09T12:24:15.900344366Z: [    4.189788] xenfs: not registering filesystem on non-xen platform
[STDERR  ] 2018-01-09T12:24:15.900351857Z: [    4.192325] Serial: 8250/16550 driver, 4 ports, IRQ sharing disabled
[STDERR  ] 2018-01-09T12:24:15.900360088Z: [    4.216667] 00:04: ttyS0 at I/O 0x3f8 (irq = 4, base_baud = 115200) is a 16550A
[STDERR  ] 2018-01-09T12:24:15.900368035Z: [    4.227231] Non-volatile memory driver v1.3
[STDERR  ] 2018-01-09T12:24:15.900376801Z: [    4.233472] Hangcheck: starting hangcheck timer 0.9.1 (tick is 180 seconds, margin is 60 seconds).
[STDERR  ] 2018-01-09T12:24:15.900385651Z: [    4.238013] random: fast init done
[STDERR  ] 2018-01-09T12:24:15.90039375Z: [    4.239484] random: crng init done
[STDERR  ] 2018-01-09T12:24:15.90040201Z: [    4.270009] loop: module loaded
