[INFO    ] 2017-06-13T16:54:50.701676486Z: Running Test linuxkit.security.ports in /tmp/build/test/cases/030_security/010_ports
[INFO    ] 2017-06-13T16:54:50.701730696Z: Running command: [/bin/sh -x /tmp/build/test/cases/030_security/010_ports/test.sh]
[STDERR  ] 2017-06-13T16:54:50.703896147Z: + set -e
[STDERR  ] 2017-06-13T16:54:50.703948837Z: + . /tmp/build/test/cases/_lib/lib.sh
[STDERR  ] 2017-06-13T16:54:50.703995827Z: + [ -f src/github.com/linuxkit/rtf/lib/lib.sh ]
[STDERR  ] 2017-06-13T16:54:50.704031239Z: + LINUXKIT_TMPDIR=/tmp/build/test/cases/_tmp
[STDERR  ] 2017-06-13T16:54:50.704063512Z: + [ -f /tmp/build/test/cases/_tmp/env.sh ]
[STDERR  ] 2017-06-13T16:54:50.704080402Z: + . /tmp/build/test/cases/_tmp/env.sh
[STDERR  ] 2017-06-13T16:54:50.704125641Z: + export LINUXKIT_EXAMPLES_DIR=/tmp/build/test/cases/../../examples
[STDERR  ] 2017-06-13T16:54:50.704146415Z: + RT_CANCEL=253
[STDERR  ] 2017-06-13T16:54:50.704159047Z: + NAME=lsof
[STDERR  ] 2017-06-13T16:54:50.704194105Z: + trap clean_up EXIT
[STDERR  ] 2017-06-13T16:54:50.704242957Z: + moby build -output kernel+initrd -name lsof test.yml
[STDERR  ] 2017-06-13T16:54:50.715067119Z: Extract kernel image: linuxkit/kernel:4.9.x
[STDERR  ] 2017-06-13T16:54:52.253873089Z: Add init containers:
[STDERR  ] 2017-06-13T16:54:52.253959906Z: Process init image: linuxkit/init:2599bcd5013ce5962aa155ee8929c26160de13bd
[STDERR  ] 2017-06-13T16:54:53.561445838Z: Process init image: linuxkit/runc:3a4e6cbf15470f62501b019b55e1caac5ee7689f
[STDERR  ] 2017-06-13T16:54:54.866261116Z: Process init image: linuxkit/containerd:b50181bc6e0084e5fcd6b6ad3cf433c4f66cae5a
[STDERR  ] 2017-06-13T16:54:56.471193811Z: Add onboot containers:
[STDERR  ] 2017-06-13T16:54:56.471233481Z:   Create OCI config for alpine:3.6
[STDERR  ] 2017-06-13T16:54:56.472220937Z: Pull image: alpine:3.6
[STDERR  ] 2017-06-13T16:54:58.670888686Z:   Create OCI config for linuxkit/poweroff:7404cf2295df89ccfa2dda41997a28307a90cf28
[STDERR  ] 2017-06-13T16:54:59.954582861Z: Add files:
[STDERR  ] 2017-06-13T16:54:59.954615732Z:   check.sh
[STDERR  ] 2017-06-13T16:54:59.971372184Z: Create outputs:
[STDERR  ] 2017-06-13T16:55:05.849567371Z:   lsof-kernel lsof-initrd.img lsof-cmdline
[STDERR  ] 2017-06-13T16:55:05.8920083Z: + linuxkit run qemu -kernel lsof
[STDERR  ] 2017-06-13T16:55:05.908179055Z: Unable to find qemu-system-x86_64 within the $PATH. Using a container
[STDOUT  ] 2017-06-13T16:55:07.707187276Z: [    0.000000] Linux version 4.9.31-linuxkit (root@84baa8e89c00) (gcc version 6.2.1 20160822 (Alpine 6.2.1) ) #1 SMP Wed Jun 7 21:45:43 UTC 2017
[STDOUT  ] 2017-06-13T16:55:07.76249069Z: [    0.000000] Command line: console=ttyS0 page_poison=1
[STDOUT  ] 2017-06-13T16:55:07.762498153Z: [    0.000000] x86/fpu: Legacy x87 FPU detected.
[STDOUT  ] 2017-06-13T16:55:07.762515968Z: [    0.000000] x86/fpu: Using 'eager' FPU context switches.
[STDOUT  ] 2017-06-13T16:55:07.762521864Z: [    0.000000] e820: BIOS-provided physical RAM map:
[STDOUT  ] 2017-06-13T16:55:07.762528557Z: [    0.000000] BIOS-e820: [mem 0x0000000000000000-0x000000000009fbff] usable
[STDOUT  ] 2017-06-13T16:55:07.762534117Z: [    0.000000] BIOS-e820: [mem 0x000000000009fc00-0x000000000009ffff] reserved
[STDOUT  ] 2017-06-13T16:55:07.762539931Z: [    0.000000] BIOS-e820: [mem 0x00000000000f0000-0x00000000000fffff] reserved
[STDOUT  ] 2017-06-13T16:55:07.76254306Z: [    0.000000] BIOS-e820: [mem 0x0000000000100000-0x000000003ffdefff] usable
[STDOUT  ] 2017-06-13T16:55:07.762570864Z: [    0.000000] BIOS-e820: [mem 0x000000003ffdf000-0x000000003fffffff] reserved
[STDOUT  ] 2017-06-13T16:55:07.76257627Z: [    0.000000] BIOS-e820: [mem 0x00000000b0000000-0x00000000bfffffff] reserved
[STDOUT  ] 2017-06-13T16:55:07.762578838Z: [    0.000000] BIOS-e820: [mem 0x00000000fed1c000-0x00000000fed1ffff] reserved
[STDOUT  ] 2017-06-13T16:55:07.762586764Z: [    0.000000] BIOS-e820: [mem 0x00000000fffc0000-0x00000000ffffffff] reserved
[STDOUT  ] 2017-06-13T16:55:07.762589556Z: [    0.000000] NX (Execute Disable) protection: active
[STDOUT  ] 2017-06-13T16:55:07.762598138Z: [    0.000000] SMBIOS 2.8 present.
[STDOUT  ] 2017-06-13T16:55:07.762605593Z: [    0.000000] e820: last_pfn = 0x3ffdf max_arch_pfn = 0x400000000
[STDOUT  ] 2017-06-13T16:55:07.762614738Z: [    0.000000] x86/PAT: Configuration [0-7]: WB  WC  UC- UC  WB  WC  UC- WT  
[STDOUT  ] 2017-06-13T16:55:07.762620433Z: [    0.000000] found SMP MP-table at [mem 0x000f6aa0-0x000f6aaf] mapped at [ffff958bc00f6aa0]
[STDOUT  ] 2017-06-13T16:55:07.762626007Z: [    0.000000] RAMDISK: [mem 0x3e143000-0x3ffcffff]
[STDOUT  ] 2017-06-13T16:55:07.762631637Z: [    0.000000] ACPI: Early table checksum verification disabled
[STDOUT  ] 2017-06-13T16:55:07.762634534Z: [    0.000000] ACPI: RSDP 0x00000000000F68C0 000014 (v00 BOCHS )
[STDOUT  ] 2017-06-13T16:55:07.762639594Z: [    0.000000] ACPI: RSDT 0x000000003FFE2404 000034 (v01 BOCHS  BXPCRSDT 00000001 BXPC 00000001)
[STDOUT  ] 2017-06-13T16:55:07.762658481Z: [    0.000000] ACPI: FACP 0x000000003FFE22A4 000074 (v01 BOCHS  BXPCFACP 00000001 BXPC 00000001)
[STDOUT  ] 2017-06-13T16:55:07.762664598Z: [    0.000000] ACPI: DSDT 0x000000003FFE0040 002264 (v01 BOCHS  BXPCDSDT 00000001 BXPC 00000001)
[STDOUT  ] 2017-06-13T16:55:07.762670528Z: [    0.000000] ACPI: FACS 0x000000003FFE0000 000040
[STDOUT  ] 2017-06-13T16:55:07.762675773Z: [    0.000000] ACPI: APIC 0x000000003FFE2318 000078 (v01 BOCHS  BXPCAPIC 00000001 BXPC 00000001)
[STDOUT  ] 2017-06-13T16:55:07.762680956Z: [    0.000000] ACPI: HPET 0x000000003FFE2390 000038 (v01 BOCHS  BXPCHPET 00000001 BXPC 00000001)
[STDOUT  ] 2017-06-13T16:55:07.76268593Z: [    0.000000] ACPI: MCFG 0x000000003FFE23C8 00003C (v01 BOCHS  BXPCMCFG 00000001 BXPC 00000001)
[STDOUT  ] 2017-06-13T16:55:07.762691343Z: [    0.000000] Zone ranges:
[STDOUT  ] 2017-06-13T16:55:07.762696438Z: [    0.000000]   DMA      [mem 0x0000000000001000-0x0000000000ffffff]
[STDOUT  ] 2017-06-13T16:55:07.762699247Z: [    0.000000]   DMA32    [mem 0x0000000001000000-0x000000003ffdefff]
[STDOUT  ] 2017-06-13T16:55:07.762708946Z: [    0.000000]   Normal   empty
[STDOUT  ] 2017-06-13T16:55:07.762714141Z: [    0.000000] Movable zone start for each node
[STDOUT  ] 2017-06-13T16:55:07.762719238Z: [    0.000000] Early memory node ranges
[STDOUT  ] 2017-06-13T16:55:07.762721961Z: [    0.000000]   node   0: [mem 0x0000000000001000-0x000000000009efff]
[STDOUT  ] 2017-06-13T16:55:07.762729817Z: [    0.000000]   node   0: [mem 0x0000000000100000-0x000000003ffdefff]
[STDOUT  ] 2017-06-13T16:55:07.762732467Z: [    0.000000] Initmem setup node 0 [mem 0x0000000000001000-0x000000003ffdefff]
[STDOUT  ] 2017-06-13T16:55:07.762739978Z: [    0.000000] ACPI: PM-Timer IO Port: 0x608
[STDOUT  ] 2017-06-13T16:55:07.762742657Z: [    0.000000] ACPI: LAPIC_NMI (acpi_id[0xff] dfl dfl lint[0x1])
[STDOUT  ] 2017-06-13T16:55:07.762750066Z: [    0.000000] IOAPIC[0]: apic_id 0, version 32, address 0xfec00000, GSI 0-23
[STDOUT  ] 2017-06-13T16:55:07.76275508Z: [    0.000000] ACPI: INT_SRC_OVR (bus 0 bus_irq 0 global_irq 2 dfl dfl)
[STDOUT  ] 2017-06-13T16:55:07.762760107Z: [    0.000000] ACPI: INT_SRC_OVR (bus 0 bus_irq 5 global_irq 5 high level)
[STDOUT  ] 2017-06-13T16:55:07.76276488Z: [    0.000000] ACPI: INT_SRC_OVR (bus 0 bus_irq 9 global_irq 9 high level)
[STDOUT  ] 2017-06-13T16:55:07.762769703Z: [    0.000000] ACPI: INT_SRC_OVR (bus 0 bus_irq 10 global_irq 10 high level)
[STDOUT  ] 2017-06-13T16:55:07.762774724Z: [    0.000000] ACPI: INT_SRC_OVR (bus 0 bus_irq 11 global_irq 11 high level)
[STDOUT  ] 2017-06-13T16:55:07.76278719Z: [    0.000000] Using ACPI (MADT) for SMP configuration information
[STDOUT  ] 2017-06-13T16:55:07.762795728Z: [    0.000000] ACPI: HPET id: 0x8086a201 base: 0xfed00000
[STDOUT  ] 2017-06-13T16:55:07.762801397Z: [    0.000000] smpboot: Allowing 1 CPUs, 0 hotplug CPUs
[STDOUT  ] 2017-06-13T16:55:07.762806504Z: [    0.000000] e820: [mem 0x40000000-0xafffffff] available for PCI devices
[STDOUT  ] 2017-06-13T16:55:07.76280901Z: [    0.000000] Booting paravirtualized kernel on bare hardware
[STDOUT  ] 2017-06-13T16:55:07.762821716Z: [    0.000000] clocksource: refined-jiffies: mask: 0xffffffff max_cycles: 0xffffffff, max_idle_ns: 19112604462750000 ns
[STDOUT  ] 2017-06-13T16:55:07.762831733Z: [    0.000000] setup_percpu: NR_CPUS:128 nr_cpumask_bits:128 nr_cpu_ids:1 nr_node_ids:1
[STDOUT  ] 2017-06-13T16:55:07.762841107Z: [    0.000000] percpu: Embedded 35 pages/cpu @ffff958bfde00000 s105240 r8192 d29928 u2097152
[STDOUT  ] 2017-06-13T16:55:07.762846404Z: [    0.000000] Built 1 zonelists in Zone order, mobility grouping on.  Total pages: 257896
[STDOUT  ] 2017-06-13T16:55:07.762851613Z: [    0.000000] Kernel command line: console=ttyS0 page_poison=1
[STDOUT  ] 2017-06-13T16:55:07.762856878Z: [    0.000000] PID hash table entries: 4096 (order: 3, 32768 bytes)
[STDOUT  ] 2017-06-13T16:55:07.762861938Z: [    0.000000] Dentry cache hash table entries: 131072 (order: 8, 1048576 bytes)
[STDOUT  ] 2017-06-13T16:55:07.7628694Z: [    0.000000] Inode-cache hash table entries: 65536 (order: 7, 524288 bytes)
[STDOUT  ] 2017-06-13T16:55:07.762882497Z: [    0.000000] Memory: 980496K/1048052K available (9526K kernel code, 1595K rwdata, 3120K rodata, 1456K init, 604K bss, 67556K reserved, 0K cma-reserved)
[STDOUT  ] 2017-06-13T16:55:07.762888907Z: [    0.000000] Hierarchical RCU implementation.
[STDOUT  ] 2017-06-13T16:55:07.762899493Z: [    0.000000] 	Build-time adjustment of leaf fanout to 64.
[STDOUT  ] 2017-06-13T16:55:07.762904917Z: [    0.000000] 	RCU restricting CPUs from NR_CPUS=128 to nr_cpu_ids=1.
[STDOUT  ] 2017-06-13T16:55:07.762910054Z: [    0.000000] RCU: Adjusting geometry for rcu_fanout_leaf=64, nr_cpu_ids=1
[STDOUT  ] 2017-06-13T16:55:07.762915211Z: [    0.000000] NR_IRQS:8448 nr_irqs:256 16
[STDOUT  ] 2017-06-13T16:55:07.762920518Z: [    0.000000] Console: colour VGA+ 80x25
[STDOUT  ] 2017-06-13T16:55:07.762925816Z: [    0.000000] console [ttyS0] enabled
[STDOUT  ] 2017-06-13T16:55:07.762930694Z: [    0.000000] allocated 2097152 bytes of page_ext
[STDOUT  ] 2017-06-13T16:55:07.76293627Z: [    0.000000] clocksource: hpet: mask: 0xffffffff max_cycles: 0xffffffff, max_idle_ns: 19112604467 ns
[STDOUT  ] 2017-06-13T16:55:07.763719965Z: [    0.000000] tsc: Fast TSC calibration failed
[STDOUT  ] 2017-06-13T16:55:07.836034292Z: [    0.000000] tsc: Unable to calibrate against PIT
[STDOUT  ] 2017-06-13T16:55:07.836045197Z: [    0.000000] tsc: using HPET reference calibration
[STDOUT  ] 2017-06-13T16:55:07.836922316Z: [    0.000000] tsc: Detected 2600.048 MHz processor
[STDOUT  ] 2017-06-13T16:55:07.840057572Z: [    0.051403] Calibrating delay loop (skipped), value calculated using timer frequency.. 5200.09 BogoMIPS (lpj=26000480)
[STDOUT  ] 2017-06-13T16:55:07.841056641Z: [    0.060214] pid_max: default: 32768 minimum: 301
[STDOUT  ] 2017-06-13T16:55:07.842314875Z: [    0.061536] ACPI: Core revision 20160831
[STDOUT  ] 2017-06-13T16:55:07.886665682Z: [    0.105660] ACPI: 1 ACPI AML tables successfully acquired and loaded
[STDOUT  ] 2017-06-13T16:55:07.890068434Z: [    0.109537] Security Framework initialized
[STDOUT  ] 2017-06-13T16:55:07.890800572Z: [    0.110247] Yama: becoming mindful.
[STDOUT  ] 2017-06-13T16:55:07.893199181Z: [    0.112339] Mount-cache hash table entries: 2048 (order: 2, 16384 bytes)
[STDOUT  ] 2017-06-13T16:55:07.894172749Z: [    0.113146] Mountpoint-cache hash table entries: 2048 (order: 2, 16384 bytes)
[STDOUT  ] 2017-06-13T16:55:07.914227739Z: [    0.132689] Last level iTLB entries: 4KB 0, 2MB 0, 4MB 0
[STDOUT  ] 2017-06-13T16:55:07.914237599Z: [    0.133422] Last level dTLB entries: 4KB 0, 2MB 0, 4MB 0, 1GB 0
[STDOUT  ] 2017-06-13T16:55:08.286579113Z: [    0.505468] Freeing SMP alternatives memory: 24K (ffffffff9b0fc000 - ffffffff9b102000)
[STDOUT  ] 2017-06-13T16:55:08.295751649Z: [    0.514971] ftrace: allocating 41866 entries in 164 pages
[STDOUT  ] 2017-06-13T16:55:08.634966231Z: [    0.693534] smpboot: Max logical packages: 1
[STDOUT  ] 2017-06-13T16:55:08.640500241Z: [    0.699235] ..TIMER: vector=0x30 apic1=0 pin1=2 apic2=-1 pin2=-1
[STDOUT  ] 2017-06-13T16:55:08.86234041Z: [    0.800000] smpboot: CPU0: AMD QEMU Virtual CPU version 2.5+ (family: 0x6, model: 0x6, stepping: 0x3)
[STDOUT  ] 2017-06-13T16:55:08.864170014Z: [    0.800000] Performance Events: PMU not available due to virtualization, using software events only.
[STDOUT  ] 2017-06-13T16:55:08.882674553Z: [    0.810401] NMI watchdog: disabled (cpu0): hardware events not enabled
[STDOUT  ] 2017-06-13T16:55:08.882684525Z: [    0.811242] NMI watchdog: Shutting down hard lockup detector on all cpus
[STDOUT  ] 2017-06-13T16:55:08.885293087Z: [    0.814164] x86: Booted up 1 node, 1 CPUs
[STDOUT  ] 2017-06-13T16:55:08.886107359Z: [    0.814796] smpboot: Total of 1 processors activated (5200.09 BogoMIPS)
[STDOUT  ] 2017-06-13T16:55:08.901493761Z: [    0.830196] devtmpfs: initialized
[STDOUT  ] 2017-06-13T16:55:08.906415459Z: [    0.835206] x86/mm: Memory block size: 128MB
[STDOUT  ] 2017-06-13T16:55:08.973599682Z: [    0.901673] clocksource: jiffies: mask: 0xffffffff max_cycles: 0xffffffff, max_idle_ns: 19112604462750000 ns
[STDOUT  ] 2017-06-13T16:55:08.974632143Z: [    0.903304] futex hash table entries: 256 (order: 2, 16384 bytes)
[STDOUT  ] 2017-06-13T16:55:08.98393352Z: [    0.912687] NET: Registered protocol family 16
[STDOUT  ] 2017-06-13T16:55:08.993588533Z: [    0.922451] cpuidle: using governor ladder
[STDOUT  ] 2017-06-13T16:55:08.994294307Z: [    0.923210] cpuidle: using governor menu
[STDOUT  ] 2017-06-13T16:55:08.995847067Z: [    0.924676] ACPI: bus type PCI registered
[STDOUT  ] 2017-06-13T16:55:08.999363662Z: [    0.927813] PCI: MMCONFIG for domain 0000 [bus 00-ff] at [mem 0xb0000000-0xbfffffff] (base 0xb0000000)
[STDOUT  ] 2017-06-13T16:55:09.000341053Z: [    0.929022] PCI: MMCONFIG at [mem 0xb0000000-0xbfffffff] reserved in E820
[STDOUT  ] 2017-06-13T16:55:09.002085828Z: [    0.930847] PCI: Using configuration type 1 for base access
[STDOUT  ] 2017-06-13T16:55:09.072416545Z: [    1.000705] HugeTLB registered 2 MB page size, pre-allocated 0 pages
[STDOUT  ] 2017-06-13T16:55:09.086915236Z: [    1.014234] ACPI: Added _OSI(Module Device)
[STDOUT  ] 2017-06-13T16:55:09.086925059Z: [    1.014756] ACPI: Added _OSI(Processor Device)
[STDOUT  ] 2017-06-13T16:55:09.086931191Z: [    1.015216] ACPI: Added _OSI(3.0 _SCP Extensions)
[STDOUT  ] 2017-06-13T16:55:09.086937858Z: [    1.015682] ACPI: Added _OSI(Processor Aggregator Device)
[STDOUT  ] 2017-06-13T16:55:09.167463455Z: [    1.096091] ACPI: Interpreter enabled
[STDOUT  ] 2017-06-13T16:55:09.168515755Z: [    1.097445] ACPI: (supports S0 S5)
[STDOUT  ] 2017-06-13T16:55:09.169209892Z: [    1.097931] ACPI: Using IOAPIC for interrupt routing
[STDOUT  ] 2017-06-13T16:55:09.172059907Z: [    1.100427] PCI: Using host bridge windows from ACPI; if necessary, use "pci=nocrs" and report a bug
[STDOUT  ] 2017-06-13T16:55:09.238683399Z: [    1.167217] ACPI: PCI Root Bridge [PCI0] (domain 0000 [bus 00-ff])
[STDOUT  ] 2017-06-13T16:55:09.24068168Z: [    1.169167] acpi PNP0A08:00: _OSC: OS supports [ExtendedConfig ASPM ClockPM Segments MSI]
[STDOUT  ] 2017-06-13T16:55:09.246994589Z: [    1.175448] acpi PNP0A08:00: _OSC: OS now controls [PCIeHotplug PME PCIeCapability]
[STDOUT  ] 2017-06-13T16:55:09.250776975Z: [    1.179585] PCI host bridge to bus 0000:00
[STDOUT  ] 2017-06-13T16:55:09.254187856Z: [    1.180380] pci_bus 0000:00: root bus resource [io  0x0000-0x0cf7 window]
[STDOUT  ] 2017-06-13T16:55:09.254203343Z: [    1.181101] pci_bus 0000:00: root bus resource [io  0x0d00-0xffff window]
[STDOUT  ] 2017-06-13T16:55:09.254218929Z: [    1.181780] pci_bus 0000:00: root bus resource [mem 0x000a0000-0x000bffff window]
[STDOUT  ] 2017-06-13T16:55:09.254224461Z: [    1.182578] pci_bus 0000:00: root bus resource [mem 0xc0000000-0xfebfffff window]
[STDOUT  ] 2017-06-13T16:55:09.25506505Z: [    1.183669] pci_bus 0000:00: root bus resource [bus 00-ff]
[STDOUT  ] 2017-06-13T16:55:09.348072997Z: [    1.274287] pci 0000:00:1f.0: quirk: [io  0x0600-0x067f] claimed by ICH6 ACPI/GPIO/TCO
[STDOUT  ] 2017-06-13T16:55:09.40616363Z: [    1.333917] ACPI: PCI Interrupt Link [LNKA] (IRQs 5 *10 11)
[STDOUT  ] 2017-06-13T16:55:09.408488098Z: [    1.336647] ACPI: PCI Interrupt Link [LNKB] (IRQs 5 *10 11)
[STDOUT  ] 2017-06-13T16:55:09.411028706Z: [    1.338880] ACPI: PCI Interrupt Link [LNKC] (IRQs 5 10 *11)
[STDOUT  ] 2017-06-13T16:55:09.413400817Z: [    1.342093] ACPI: PCI Interrupt Link [LNKD] (IRQs 5 10 *11)
[STDOUT  ] 2017-06-13T16:55:09.415557216Z: [    1.344273] ACPI: PCI Interrupt Link [LNKE] (IRQs 5 *10 11)
[STDOUT  ] 2017-06-13T16:55:09.417831606Z: [    1.346532] ACPI: PCI Interrupt Link [LNKF] (IRQs 5 *10 11)
[STDOUT  ] 2017-06-13T16:55:09.420046962Z: [    1.348756] ACPI: PCI Interrupt Link [LNKG] (IRQs 5 10 *11)
[STDOUT  ] 2017-06-13T16:55:09.422422329Z: [    1.351174] ACPI: PCI Interrupt Link [LNKH] (IRQs 5 10 *11)
[STDOUT  ] 2017-06-13T16:55:09.423636293Z: [    1.352465] ACPI: PCI Interrupt Link [GSIA] (IRQs *16)
[STDOUT  ] 2017-06-13T16:55:09.424627359Z: [    1.353464] ACPI: PCI Interrupt Link [GSIB] (IRQs *17)
[STDOUT  ] 2017-06-13T16:55:09.425617907Z: [    1.354449] ACPI: PCI Interrupt Link [GSIC] (IRQs *18)
[STDOUT  ] 2017-06-13T16:55:09.426627406Z: [    1.355447] ACPI: PCI Interrupt Link [GSID] (IRQs *19)
[STDOUT  ] 2017-06-13T16:55:09.427619603Z: [    1.356460] ACPI: PCI Interrupt Link [GSIE] (IRQs *20)
[STDOUT  ] 2017-06-13T16:55:09.428599717Z: [    1.357437] ACPI: PCI Interrupt Link [GSIF] (IRQs *21)
[STDOUT  ] 2017-06-13T16:55:09.429585962Z: [    1.358431] ACPI: PCI Interrupt Link [GSIG] (IRQs *22)
[STDOUT  ] 2017-06-13T16:55:09.430895695Z: [    1.359419] ACPI: PCI Interrupt Link [GSIH] (IRQs *23)
[STDOUT  ] 2017-06-13T16:55:09.435111015Z: [    1.363872] ACPI: Enabled 2 GPEs in block 00 to 3F
[STDOUT  ] 2017-06-13T16:55:09.439654878Z: [    1.368571] SCSI subsystem initialized
[STDOUT  ] 2017-06-13T16:55:09.444427008Z: [    1.372293] pps_core: LinuxPPS API ver. 1 registered
[STDOUT  ] 2017-06-13T16:55:09.444440881Z: [    1.372861] pps_core: Software ver. 5.3.6 - Copyright 2005-2007 Rodolfo Giometti <giometti@linux.it>
[STDOUT  ] 2017-06-13T16:55:09.445126696Z: [    1.374120] PTP clock support registered
[STDOUT  ] 2017-06-13T16:55:09.446555863Z: [    1.375615] wmi: Mapper loaded
[STDOUT  ] 2017-06-13T16:55:09.448065764Z: [    1.377062] PCI: Using ACPI for IRQ routing
[STDOUT  ] 2017-06-13T16:55:09.468290178Z: [    1.396090] NetLabel: Initializing
[STDOUT  ] 2017-06-13T16:55:09.468300393Z: [    1.396613] NetLabel:  domain hash size = 128
[STDOUT  ] 2017-06-13T16:55:09.468313828Z: [    1.397068] NetLabel:  protocols = UNLABELED CIPSOv4
[STDOUT  ] 2017-06-13T16:55:09.470727498Z: [    1.399483] NetLabel:  unlabeled traffic allowed by default
[STDOUT  ] 2017-06-13T16:55:09.472374098Z: [    1.400901] HPET: 3 timers in total, 0 timers will be used for per-cpu timer
[STDOUT  ] 2017-06-13T16:55:09.474166843Z: [    1.402051] hpet0: at MMIO 0xfed00000, IRQs 2, 8, 0
[STDOUT  ] 2017-06-13T16:55:09.474183559Z: [    1.402825] hpet0: 3 comparators, 64-bit 100.000000 MHz counter
[STDOUT  ] 2017-06-13T16:55:09.479963591Z: [    1.408585] clocksource: Switched to clocksource hpet
[STDOUT  ] 2017-06-13T16:55:09.762941127Z: [    1.683130] VFS: Disk quotas dquot_6.6.0
[STDOUT  ] 2017-06-13T16:55:09.764170022Z: [    1.684338] VFS: Dquot-cache hash table entries: 512 (order 0, 4096 bytes)
[STDOUT  ] 2017-06-13T16:55:09.766843281Z: [    1.687373] FS-Cache: Loaded
[STDOUT  ] 2017-06-13T16:55:09.772098912Z: [    1.692628] CacheFiles: Loaded
[STDOUT  ] 2017-06-13T16:55:09.773972527Z: [    1.694525] pnp: PnP ACPI init
[STDOUT  ] 2017-06-13T16:55:09.786850394Z: [    1.707111] pnp: PnP ACPI: found 5 devices
[STDOUT  ] 2017-06-13T16:55:09.83687704Z: [    1.756699] clocksource: acpi_pm: mask: 0xffffff max_cycles: 0xffffff, max_idle_ns: 2085701024 ns
[STDOUT  ] 2017-06-13T16:55:09.840110045Z: [    1.760425] NET: Registered protocol family 2
[STDOUT  ] 2017-06-13T16:55:09.847622869Z: [    1.767725] TCP established hash table entries: 8192 (order: 4, 65536 bytes)
[STDOUT  ] 2017-06-13T16:55:09.848853776Z: [    1.768972] TCP bind hash table entries: 8192 (order: 5, 131072 bytes)
[STDOUT  ] 2017-06-13T16:55:09.85085878Z: [    1.771098] TCP: Hash tables configured (established 8192 bind 8192)
[STDOUT  ] 2017-06-13T16:55:09.852597202Z: [    1.772921] UDP hash table entries: 512 (order: 2, 16384 bytes)
[STDOUT  ] 2017-06-13T16:55:09.853575169Z: [    1.773821] UDP-Lite hash table entries: 512 (order: 2, 16384 bytes)
[STDOUT  ] 2017-06-13T16:55:09.856074526Z: [    1.776478] NET: Registered protocol family 1
[STDOUT  ] 2017-06-13T16:55:09.860165192Z: [    1.780464] RPC: Registered named UNIX socket transport module.
[STDOUT  ] 2017-06-13T16:55:09.861913901Z: [    1.781118] RPC: Registered udp transport module.
[STDOUT  ] 2017-06-13T16:55:09.861930418Z: [    1.781726] RPC: Registered tcp transport module.
[STDOUT  ] 2017-06-13T16:55:09.861933689Z: [    1.782219] RPC: Registered tcp NFSv4.1 backchannel transport module.
[STDOUT  ] 2017-06-13T16:55:09.863279085Z: [    1.783390] pci 0000:00:01.0: Video device with shadowed ROM at [mem 0x000c0000-0x000dffff]
[STDOUT  ] 2017-06-13T16:55:09.872212021Z: [    1.792613] Unpacking initramfs...
[STDOUT  ] 2017-06-13T16:55:16.221939289Z: [    8.141886] Freeing initrd memory: 31284K (ffff958bfe143000 - ffff958bfffd0000)
[STDOUT  ] 2017-06-13T16:55:16.246204372Z: [    8.166445] PCLMULQDQ-NI instructions are not detected.
[STDOUT  ] 2017-06-13T16:55:16.247682383Z: [    8.168000] AVX or AES-NI instructions are not detected.
[STDOUT  ] 2017-06-13T16:55:16.248383652Z: [    8.168633] CPU feature 'AVX registers' is not supported.
[STDOUT  ] 2017-06-13T16:55:16.249118877Z: [    8.169341] CPU feature 'AVX registers' is not supported.
[STDOUT  ] 2017-06-13T16:55:16.2506052Z: [    8.170389] CPU feature 'AVX registers' is not supported.
[STDOUT  ] 2017-06-13T16:55:16.250628986Z: [    8.170996] CPU feature 'AVX registers' is not supported.
[STDOUT  ] 2017-06-13T16:55:16.25179948Z: [    8.171559] AVX2 or AES-NI instructions are not detected.
[STDOUT  ] 2017-06-13T16:55:16.251806896Z: [    8.172274] AVX2 instructions are not detected.
[STDOUT  ] 2017-06-13T16:55:16.257450385Z: [    8.177798] audit: initializing netlink subsys (disabled)
[STDOUT  ] 2017-06-13T16:55:16.262262156Z: [    8.182520] audit: type=2000 audit(1497372915.170:1): initialized
[STDOUT  ] 2017-06-13T16:55:16.269656569Z: [    8.189854] workingset: timestamp_bits=46 max_order=18 bucket_order=0
[STDOUT  ] 2017-06-13T16:55:16.275545171Z: [    8.195834] FS-Cache: Netfs 'nfs' registered for caching
[STDOUT  ] 2017-06-13T16:55:16.277829443Z: [    8.198123] NFS: Registering the id_resolver key type
[STDOUT  ] 2017-06-13T16:55:16.279269311Z: [    8.199675] Key type id_resolver registered
[STDOUT  ] 2017-06-13T16:55:16.280172234Z: [    8.200658] Key type id_legacy registered
[STDOUT  ] 2017-06-13T16:55:16.281136325Z: [    8.201337] nfs4filelayout_init: NFSv4 File Layout Driver Registering...
[STDOUT  ] 2017-06-13T16:55:16.282205608Z: [    8.202455] Installing knfsd (copyright (C) 1996 okir@monad.swb.de).
[STDOUT  ] 2017-06-13T16:55:16.285948178Z: [    8.206263] FS-Cache: Netfs 'cifs' registered for caching
[STDOUT  ] 2017-06-13T16:55:16.287163324Z: [    8.207554] ntfs: driver 2.1.32 [Flags: R/O].
[STDOUT  ] 2017-06-13T16:55:16.28791253Z: [    8.208409] fuse init (API version 7.26)
[STDOUT  ] 2017-06-13T16:55:16.291059244Z: [    8.211308] SGI XFS with ACLs, security attributes, no debug enabled
[STDOUT  ] 2017-06-13T16:55:16.295391037Z: [    8.215703] 9p: Installing v9fs 9p2000 file system support
[STDOUT  ] 2017-06-13T16:55:16.296210327Z: [    8.216503] FS-Cache: Netfs '9p' registered for caching
[STDOUT  ] 2017-06-13T16:55:16.332052863Z: [    8.252332] NET: Registered protocol family 38
[STDOUT  ] 2017-06-13T16:55:16.332794359Z: [    8.253289] Key type asymmetric registered
[STDOUT  ] 2017-06-13T16:55:16.333441129Z: [    8.253772] Asymmetric key parser 'x509' registered
[STDOUT  ] 2017-06-13T16:55:16.334856147Z: [    8.255032] Block layer SCSI generic (bsg) driver version 0.4 loaded (major 251)
[STDOUT  ] 2017-06-13T16:55:16.336875541Z: [    8.256704] io scheduler noop registered
[STDOUT  ] 2017-06-13T16:55:16.336883936Z: [    8.257175] io scheduler deadline registered (default)
[STDOUT  ] 2017-06-13T16:55:16.337643521Z: [    8.258121] io scheduler cfq registered
[STDOUT  ] 2017-06-13T16:55:16.341702221Z: [    8.262015] pci_hotplug: PCI Hot Plug PCI Core version: 0.5
[STDOUT  ] 2017-06-13T16:55:16.342686352Z: [    8.262922] pciehp: PCI Express Hot Plug Controller Driver version: 0.4
[STDOUT  ] 2017-06-13T16:55:16.343999663Z: [    8.264229] shpchp: Standard Hot Plug PCI Controller Driver version: 0.4
[STDOUT  ] 2017-06-13T16:55:16.345134271Z: [    8.265446] hv_vmbus: registering driver hyperv_fb
[STDOUT  ] 2017-06-13T16:55:16.348937921Z: [    8.268996] input: Power Button as /devices/LNXSYSTM:00/LNXPWRBN:00/input/input0
[STDOUT  ] 2017-06-13T16:55:16.350841454Z: [    8.271308] ACPI: Power Button [PWRF]
[STDOUT  ] 2017-06-13T16:55:16.355851229Z: [    8.276308] GHES: HEST is not enabled!
[STDOUT  ] 2017-06-13T16:55:16.367843053Z: [    8.288131] ACPI: PCI Interrupt Link [GSIH] enabled at IRQ 23
[STDOUT  ] 2017-06-13T16:55:16.374781801Z: [    8.294985] xenfs: not registering filesystem on non-xen platform
[STDOUT  ] 2017-06-13T16:55:16.377166883Z: [    8.297369] Serial: 8250/16550 driver, 4 ports, IRQ sharing disabled
[STDOUT  ] 2017-06-13T16:55:16.404385185Z: [    8.324469] 00:04: ttyS0 at I/O 0x3f8 (irq = 4, base_baud = 115200) is a 16550A
[STDOUT  ] 2017-06-13T16:55:16.411991504Z: [    8.332354] Initializing Nozomi driver 2.1d
[STDOUT  ] 2017-06-13T16:55:16.416485517Z: [    8.336937] Non-volatile memory driver v1.3
[STDOUT  ] 2017-06-13T16:55:16.423353293Z: [    8.343354] Hangcheck: starting hangcheck timer 0.9.1 (tick is 180 seconds, margin is 60 seconds).
[STDOUT  ] 2017-06-13T16:55:16.460664889Z: [    8.381123] loop: module loaded
[STDOUT  ] 2017-06-13T16:55:16.475311589Z: [    8.395653] nbd: registered device at major 43
[STDOUT  ] 2017-06-13T16:55:16.518033114Z: [    8.438153] lpc_ich 0000:00:1f.0: I/O space for GPIO uninitialized
[STDOUT  ] 2017-06-13T16:55:16.520148045Z: [    8.440544] VMware PVSCSI driver - version 1.0.7.0-k
[STDOUT  ] 2017-06-13T16:55:16.521206129Z: [    8.441613] hv_vmbus: registering driver hv_storvsc
[STDOUT  ] 2017-06-13T16:55:16.532365485Z: [    8.452647] ACPI: PCI Interrupt Link [GSIA] enabled at IRQ 16
[STDOUT  ] 2017-06-13T16:55:16.538987648Z: [    8.458954] ahci 0000:00:1f.2: AHCI 0001.0000 32 slots 6 ports 1.5 Gbps 0x3f impl SATA mode
[STDOUT  ] 2017-06-13T16:55:16.539933544Z: [    8.460106] ahci 0000:00:1f.2: flags: 64bit ncq only 
[STDOUT  ] 2017-06-13T16:55:16.56069285Z: [    8.481200] scsi host0: ahci
[STDOUT  ] 2017-06-13T16:55:16.564590798Z: [    8.485140] scsi host1: ahci
[STDOUT  ] 2017-06-13T16:55:16.567069859Z: [    8.487622] scsi host2: ahci
[STDOUT  ] 2017-06-13T16:55:16.569702207Z: [    8.490250] scsi host3: ahci
[STDOUT  ] 2017-06-13T16:55:16.572227807Z: [    8.492780] scsi host4: ahci
[STDOUT  ] 2017-06-13T16:55:16.574671157Z: [    8.495227] scsi host5: ahci
[STDOUT  ] 2017-06-13T16:55:16.577127754Z: [    8.497290] ata1: SATA max UDMA/133 abar m4096@0xfebf1000 port 0xfebf1100 irq 24
[STDOUT  ] 2017-06-13T16:55:16.579499951Z: [    8.498216] ata2: SATA max UDMA/133 abar m4096@0xfebf1000 port 0xfebf1180 irq 24
[STDOUT  ] 2017-06-13T16:55:16.579531165Z: [    8.498962] ata3: SATA max UDMA/133 abar m4096@0xfebf1000 port 0xfebf1200 irq 24
[STDOUT  ] 2017-06-13T16:55:16.57953776Z: [    8.499665] ata4: SATA max UDMA/133 abar m4096@0xfebf1000 port 0xfebf1280 irq 24
[STDOUT  ] 2017-06-13T16:55:16.581218843Z: [    8.500702] ata5: SATA max UDMA/133 abar m4096@0xfebf1000 port 0xfebf1300 irq 24
[STDOUT  ] 2017-06-13T16:55:16.581234799Z: [    8.501422] ata6: SATA max UDMA/133 abar m4096@0xfebf1000 port 0xfebf1380 irq 24
[STDOUT  ] 2017-06-13T16:55:16.591498789Z: [    8.511740] Ethernet Channel Bonding Driver: v3.7.1 (April 27, 2011)
[STDOUT  ] 2017-06-13T16:55:16.611077423Z: [    8.530655] tun: Universal TUN/TAP device driver, 1.6
[STDOUT  ] 2017-06-13T16:55:16.611084043Z: [    8.531253] tun: (C) 1999-2004 Max Krasnyansky <maxk@qualcomm.com>
[STDOUT  ] 2017-06-13T16:55:16.612935629Z: [    8.533313] ena: Elastic Network Adapter (ENA) v1.0.2
[STDOUT  ] 2017-06-13T16:55:16.615709944Z: [    8.535340] e1000: Intel(R) PRO/1000 Network Driver - version 7.3.21-k8-NAPI
[STDOUT  ] 2017-06-13T16:55:16.615732481Z: [    8.536055] e1000: Copyright (c) 1999-2006 Intel Corporation.
[STDOUT  ] 2017-06-13T16:55:16.624516714Z: [    8.544816] ACPI: PCI Interrupt Link [GSIG] enabled at IRQ 22
[STDOUT  ] 2017-06-13T16:55:16.915250264Z: [    8.835228] ata3: SATA link up 1.5 Gbps (SStatus 113 SControl 300)
[STDOUT  ] 2017-06-13T16:55:16.918393994Z: [    8.838700] ata2: SATA link down (SStatus 0 SControl 300)
[STDOUT  ] 2017-06-13T16:55:16.920246378Z: [    8.840566] ata1: SATA link down (SStatus 0 SControl 300)
[STDOUT  ] 2017-06-13T16:55:16.920978701Z: [    8.841342] ata5: SATA link down (SStatus 0 SControl 300)
[STDOUT  ] 2017-06-13T16:55:16.921831118Z: [    8.842169] ata4: SATA link down (SStatus 0 SControl 300)
[STDOUT  ] 2017-06-13T16:55:16.923486713Z: [    8.843809] ata6: SATA link down (SStatus 0 SControl 300)
[STDOUT  ] 2017-06-13T16:55:16.925429277Z: [    8.845745] ata3.00: ATAPI: QEMU DVD-ROM, 2.5+, max UDMA/100
[STDOUT  ] 2017-06-13T16:55:16.926146416Z: [    8.846566] ata3.00: applying bridge limits
[STDOUT  ] 2017-06-13T16:55:16.92801488Z: [    8.848432] ata3.00: configured for UDMA/100
[STDOUT  ] 2017-06-13T16:55:16.94069815Z: [    8.860754] scsi 2:0:0:0: CD-ROM            QEMU     QEMU DVD-ROM     2.5+ PQ: 0 ANSI: 5
[STDOUT  ] 2017-06-13T16:55:16.962555474Z: [    8.882645] sr 2:0:0:0: [sr0] scsi3-mmc drive: 4x/4x cd/rw xa/form2 tray
[STDOUT  ] 2017-06-13T16:55:16.963434386Z: [    8.883753] cdrom: Uniform CD-ROM driver Revision: 3.20
[STDOUT  ] 2017-06-13T16:55:16.970258458Z: [    8.890557] sr 2:0:0:0: Attached scsi generic sg0 type 5
[STDOUT  ] 2017-06-13T16:55:16.993663684Z: [    8.913711] e1000 0000:00:02.0 eth0: (PCI:33MHz:32-bit) 52:54:00:12:34:56
[STDOUT  ] 2017-06-13T16:55:16.994570011Z: [    8.914576] e1000 0000:00:02.0 eth0: Intel(R) PRO/1000 Network Connection
[STDOUT  ] 2017-06-13T16:55:16.996342071Z: [    8.916048] e1000e: Intel(R) PRO/1000 Network Driver - 3.2.6-k
[STDOUT  ] 2017-06-13T16:55:16.99635729Z: [    8.916646] e1000e: Copyright(c) 1999 - 2015 Intel Corporation.
[STDOUT  ] 2017-06-13T16:55:16.998146179Z: [    8.917777] igb: Intel(R) Gigabit Ethernet Network Driver - version 5.4.0-k
[STDOUT  ] 2017-06-13T16:55:16.998162544Z: [    8.918502] igb: Copyright (c) 2007-2014 Intel Corporation.
[STDOUT  ] 2017-06-13T16:55:16.999503518Z: [    8.919556] igbvf: Intel(R) Gigabit Virtual Function Network Driver - version 2.4.0-k
[STDOUT  ] 2017-06-13T16:55:17.000380632Z: [    8.920695] igbvf: Copyright (c) 2009 - 2012 Intel Corporation.
[STDOUT  ] 2017-06-13T16:55:17.002500519Z: [    8.921938] ixgbe: Intel(R) 10 Gigabit PCI Express Network Driver - version 4.4.0-k
[STDOUT  ] 2017-06-13T16:55:17.002516443Z: [    8.922783] ixgbe: Copyright (c) 1999-2016 Intel Corporation.
[STDOUT  ] 2017-06-13T16:55:17.005383739Z: [    8.924658] ixgbevf: Intel(R) 10 Gigabit PCI Express Virtual Function Network Driver - version 3.2.2-k
[STDOUT  ] 2017-06-13T16:55:17.005389086Z: [    8.925589] ixgbevf: Copyright (c) 2009 - 2015 Intel Corporation.
[STDOUT  ] 2017-06-13T16:55:17.007657624Z: [    8.927294] ixgb: Intel(R) PRO/10GbE Network Driver - version 1.0.135-k2-NAPI
[STDOUT  ] 2017-06-13T16:55:17.007683847Z: [    8.928015] ixgb: Copyright (c) 1999-2008 Intel Corporation.
[STDOUT  ] 2017-06-13T16:55:17.008992933Z: [    8.929396] PPP generic driver version 2.4.2
[STDOUT  ] 2017-06-13T16:55:17.010982372Z: [    8.931382] PPP BSD Compression module registered
[STDOUT  ] 2017-06-13T16:55:17.011797274Z: [    8.931965] PPP Deflate Compression module registered
[STDOUT  ] 2017-06-13T16:55:17.013130147Z: [    8.933066] PPP MPPE Compression module registered
[STDOUT  ] 2017-06-13T16:55:17.013134583Z: [    8.933599] NET: Registered protocol family 24
[STDOUT  ] 2017-06-13T16:55:17.013965947Z: [    8.934452] PPTP driver version 0.8.5
[STDOUT  ] 2017-06-13T16:55:17.015451874Z: [    8.935712] VMware vmxnet3 virtual NIC driver - version 1.4.a.0-k-NAPI
[STDOUT  ] 2017-06-13T16:55:17.017424767Z: [    8.936906] hv_vmbus: registering driver hv_netvsc
[STDOUT  ] 2017-06-13T16:55:17.017451301Z: [    8.937428] Fusion MPT base driver 3.04.20
[STDOUT  ] 2017-06-13T16:55:17.017454761Z: [    8.937844] Copyright (c) 1999-2008 LSI Corporation
[STDOUT  ] 2017-06-13T16:55:17.018310739Z: [    8.938727] Fusion MPT SPI Host driver 3.04.20
[STDOUT  ] 2017-06-13T16:55:17.024443942Z: [    8.944892] aoe: AoE v85 initialised.
[STDOUT  ] 2017-06-13T16:55:17.02754769Z: [    8.947643] i8042: PNP: PS/2 Controller [PNP0303:KBD,PNP0f13:MOU] at 0x60,0x64 irq 1,12
[STDOUT  ] 2017-06-13T16:55:17.031706974Z: [    8.952107] serio: i8042 KBD port at 0x60,0x64 irq 1
[STDOUT  ] 2017-06-13T16:55:17.032617214Z: [    8.953021] serio: i8042 AUX port at 0x60,0x64 irq 12
[STDOUT  ] 2017-06-13T16:55:17.036030582Z: [    8.956344] hv_vmbus: registering driver hyperv_keyboard
[STDOUT  ] 2017-06-13T16:55:17.03847503Z: [    8.958784] mousedev: PS/2 mouse device common for all mice
[STDOUT  ] 2017-06-13T16:55:17.044159189Z: [    8.964146] input: AT Translated Set 2 keyboard as /devices/platform/i8042/serio0/input/input1
[STDOUT  ] 2017-06-13T16:55:17.047185456Z: [    8.967404] input: PC Speaker as /devices/platform/pcspkr/input/input2
[STDOUT  ] 2017-06-13T16:55:17.05110922Z: [    8.971500] rtc_cmos 00:00: RTC can wake from S4
[STDOUT  ] 2017-06-13T16:55:17.054761883Z: [    8.974983] rtc_cmos 00:00: rtc core: registered rtc_cmos as rtc0
[STDOUT  ] 2017-06-13T16:55:17.056251635Z: [    8.976435] rtc_cmos 00:00: alarms up to one day, y3k, 114 bytes nvram, hpet irqs
[STDOUT  ] 2017-06-13T16:55:17.056980363Z: [    8.977511] i2c /dev entries driver
[STDOUT  ] 2017-06-13T16:55:17.059513191Z: [    8.979549] device-mapper: ioctl: 4.35.0-ioctl (2016-06-23) initialised: dm-devel@redhat.com
[STDOUT  ] 2017-06-13T16:55:17.065242177Z: [    8.984625] hv_utils: Registering HyperV Utility Driver
[STDOUT  ] 2017-06-13T16:55:17.065247645Z: [    8.985180] hv_vmbus: registering driver hv_util
[STDOUT  ] 2017-06-13T16:55:17.065256427Z: [    8.985656] hv_vmbus: registering driver hv_balloon
[STDOUT  ] 2017-06-13T16:55:17.065968702Z: [    8.986471] oprofile: using NMI interrupt.
[STDOUT  ] 2017-06-13T16:55:17.067211604Z: [    8.987770] GACT probability on
[STDOUT  ] 2017-06-13T16:55:17.067933115Z: [    8.988433] Mirror/redirect action on
[STDOUT  ] 2017-06-13T16:55:17.069038651Z: [    8.989562] Simple TC action Loaded
[STDOUT  ] 2017-06-13T16:55:17.072903518Z: [    8.993460] netem: version 1.3
[STDOUT  ] 2017-06-13T16:55:17.07450462Z: [    8.993864] u32 classifier
[STDOUT  ] 2017-06-13T16:55:17.074528652Z: [    8.994282]     Performance counters on
[STDOUT  ] 2017-06-13T16:55:17.07453187Z: [    8.994682]     input device check on
[STDOUT  ] 2017-06-13T16:55:17.074537274Z: [    8.995051]     Actions configured
[STDOUT  ] 2017-06-13T16:55:17.075539447Z: [    8.995853] Netfilter messages via NETLINK v0.30.
[STDOUT  ] 2017-06-13T16:55:17.076382104Z: [    8.996798] nfnl_acct: registering with nfnetlink.
[STDOUT  ] 2017-06-13T16:55:17.078085449Z: [    8.998334] nf_conntrack version 0.5.0 (8192 buckets, 32768 max)
[STDOUT  ] 2017-06-13T16:55:17.081534519Z: [    9.001841] ctnetlink v0.93: registering with nfnetlink.
[STDOUT  ] 2017-06-13T16:55:17.084973915Z: [    9.005218] nf_tables: (c) 2007-2009 Patrick McHardy <kaber@trash.net>
[STDOUT  ] 2017-06-13T16:55:17.086211155Z: [    9.006402] nf_tables_compat: (c) 2012 Pablo Neira Ayuso <pablo@netfilter.org>
[STDOUT  ] 2017-06-13T16:55:17.089184464Z: [    9.009560] xt_time: kernel timezone is -0000
[STDOUT  ] 2017-06-13T16:55:17.090116929Z: [    9.010689] ip_set: protocol 6
[STDOUT  ] 2017-06-13T16:55:17.091185359Z: [    9.011532] IPVS: Registered protocols (TCP, UDP, SCTP, AH, ESP)
[STDOUT  ] 2017-06-13T16:55:17.092300008Z: [    9.012471] IPVS: Connection hash table configured (size=4096, memory=64Kbytes)
[STDOUT  ] 2017-06-13T16:55:17.094134279Z: [    9.014537] IPVS: Creating netns size=2104 id=0
[STDOUT  ] 2017-06-13T16:55:17.096845646Z: [    9.017403] IPVS: ipvs loaded.
[STDOUT  ] 2017-06-13T16:55:17.099440569Z: [    9.017997] IPVS: [rr] scheduler registered.
[STDOUT  ] 2017-06-13T16:55:17.099448433Z: [    9.018498] IPVS: [wrr] scheduler registered.
[STDOUT  ] 2017-06-13T16:55:17.099451055Z: [    9.018975] IPVS: [lc] scheduler registered.
[STDOUT  ] 2017-06-13T16:55:17.099468902Z: [    9.019400] IPVS: [wlc] scheduler registered.
[STDOUT  ] 2017-06-13T16:55:17.099474477Z: [    9.019866] IPVS: [fo] scheduler registered.
[STDOUT  ] 2017-06-13T16:55:17.100449113Z: [    9.020856] IPVS: [ovf] scheduler registered.
[STDOUT  ] 2017-06-13T16:55:17.101137093Z: [    9.021542] IPVS: [lblc] scheduler registered.
[STDOUT  ] 2017-06-13T16:55:17.10361475Z: [    9.022256] IPVS: [lblcr] scheduler registered.
[STDOUT  ] 2017-06-13T16:55:17.103637983Z: [    9.022779] IPVS: [dh] scheduler registered.
[STDOUT  ] 2017-06-13T16:55:17.103644004Z: [    9.023225] IPVS: [sh] scheduler registered.
[STDOUT  ] 2017-06-13T16:55:17.103649427Z: [    9.023656] IPVS: [sed] scheduler registered.
[STDOUT  ] 2017-06-13T16:55:17.103652097Z: [    9.024103] IPVS: [nq] scheduler registered.
[STDOUT  ] 2017-06-13T16:55:17.10465596Z: [    9.025064] IPVS: ftp: loaded support on port[0] = 21
[STDOUT  ] 2017-06-13T16:55:17.105817448Z: [    9.026140] ipip: IPv4 and MPLS over IPv4 tunneling driver
[STDOUT  ] 2017-06-13T16:55:17.110744556Z: [    9.030591] gre: GRE over IPv4 demultiplexor driver
[STDOUT  ] 2017-06-13T16:55:17.110761009Z: [    9.031138] ip_gre: GRE over IPv4 tunneling driver
[STDOUT  ] 2017-06-13T16:55:17.116560195Z: [    9.036938] IPv4 over IPsec tunneling driver
[STDOUT  ] 2017-06-13T16:55:17.122444515Z: [    9.042761] ip_tables: (C) 2000-2006 Netfilter Core Team
[STDOUT  ] 2017-06-13T16:55:17.125872115Z: [    9.046107] ipt_CLUSTERIP: ClusterIP Version 0.8 loaded successfully
[STDOUT  ] 2017-06-13T16:55:17.126815726Z: [    9.047161] arp_tables: arp_tables: (C) 2002 David S. Miller
[STDOUT  ] 2017-06-13T16:55:17.12882584Z: [    9.049217] Initializing XFRM netlink socket
[STDOUT  ] 2017-06-13T16:55:17.130449153Z: [    9.050850] NET: Registered protocol family 10
[STDOUT  ] 2017-06-13T16:55:17.141823797Z: [    9.062348] mip6: Mobile IPv6
[STDOUT  ] 2017-06-13T16:55:17.143180493Z: [    9.063507] ip6_tables: (C) 2000-2006 Netfilter Core Team
[STDOUT  ] 2017-06-13T16:55:17.151281139Z: [    9.071580] sit: IPv6, IPv4 and MPLS over IPv4 tunneling driver
[STDOUT  ] 2017-06-13T16:55:17.15824783Z: [    9.078640] ip6_gre: GRE over IPv6 tunneling driver
[STDOUT  ] 2017-06-13T16:55:17.162358884Z: [    9.082751] NET: Registered protocol family 17
[STDOUT  ] 2017-06-13T16:55:17.163291843Z: [    9.083694] NET: Registered protocol family 15
[STDOUT  ] 2017-06-13T16:55:17.164471451Z: [    9.084952] Bridge firewalling registered
[STDOUT  ] 2017-06-13T16:55:17.165211376Z: [    9.085740] Ebtables v2.0 registered
[STDOUT  ] 2017-06-13T16:55:17.168537769Z: [    9.088935] l2tp_core: L2TP core driver, V2.0
[STDOUT  ] 2017-06-13T16:55:17.169342676Z: [    9.089666] l2tp_ppp: PPPoL2TP kernel driver, V2.0
[STDOUT  ] 2017-06-13T16:55:17.170101273Z: [    9.090580] 8021q: 802.1Q VLAN Support v1.8
[STDOUT  ] 2017-06-13T16:55:17.171907443Z: [    9.092319] 9pnet: Installing 9P2000 support
[STDOUT  ] 2017-06-13T16:55:17.173532686Z: [    9.093390] Key type dns_resolver registered
[STDOUT  ] 2017-06-13T16:55:17.17354938Z: [    9.093927] openvswitch: Open vSwitch switching datapath
[STDOUT  ] 2017-06-13T16:55:17.175582986Z: [    9.096061] mpls_gso: MPLS GSO support
[STDOUT  ] 2017-06-13T16:55:17.176582517Z: [    9.096930] microcode: AMD CPU family 0x6 not supported
[STDOUT  ] 2017-06-13T16:55:17.180664902Z: [    9.101136] registered taskstats version 1
[STDOUT  ] 2017-06-13T16:55:17.315420387Z: [    9.235520] tsc: Refined TSC clocksource calibration: 2599.997 MHz
[STDOUT  ] 2017-06-13T16:55:17.316582141Z: [    9.236539] clocksource: tsc: mask: 0xffffffffffffffff max_cycles: 0x257a391c223, max_idle_ns: 440795220104 ns
[STDOUT  ] 2017-06-13T16:55:17.3587185Z: [    9.279093] Key type big_key registered
[STDOUT  ] 2017-06-13T16:55:17.403496144Z: [    9.323753] Key type encrypted registered
[STDOUT  ] 2017-06-13T16:55:17.408354912Z: [    9.328401] rtc_cmos 00:00: setting system clock to 2017-06-13 16:55:17 UTC (1497372917)
[STDOUT  ] 2017-06-13T16:55:17.557952236Z: [    9.477895] Freeing unused kernel memory: 1456K (ffffffff9af90000 - ffffffff9b0fc000)
[STDOUT  ] 2017-06-13T16:55:17.558757487Z: [    9.479084] Write protecting the kernel read-only data: 14336k
[STDOUT  ] 2017-06-13T16:55:17.568505487Z: [    9.488625] Freeing unused kernel memory: 700K (ffff958bc6951000 - ffff958bc6a00000)
[STDOUT  ] 2017-06-13T16:55:17.631359675Z: [    9.551311] Freeing unused kernel memory: 976K (ffff958bc6d0c000 - ffff958bc6e00000)
[STDOUT  ] 2017-06-13T16:55:18.330451066Z: [   10.250627] clocksource: Switched to clocksource tsc
[STDOUT  ] 2017-06-13T16:55:23.058712575Z: 
[STDOUT  ] 2017-06-13T16:55:23.061243277Z: Starting containerd
[STDOUT  ] 2017-06-13T16:55:23.15585029Z: 
[STDOUT  ] 2017-06-13T16:55:23.155863491Z: Welcome to LinuxKit
[STDOUT  ] 2017-06-13T16:55:23.155869361Z: 
[STDOUT  ] 2017-06-13T16:55:23.155876418Z:                         ##         .
[STDOUT  ] 2017-06-13T16:55:23.15589506Z:                   ## ## ##        ==
[STDOUT  ] 2017-06-13T16:55:23.155921031Z:                ## ## ## ## ##    ===
[STDOUT  ] 2017-06-13T16:55:23.155934111Z:            /"""""""""""""""""\___/ ===
[STDOUT  ] 2017-06-13T16:55:23.155943465Z:       ~~~ {~~ ~~~~ ~~~ ~~~~ ~~~ ~ /  ===- ~~~
[STDOUT  ] 2017-06-13T16:55:23.155947013Z:            \______ o           __/
[STDOUT  ] 2017-06-13T16:55:23.15595491Z:              \    \         __/
[STDOUT  ] 2017-06-13T16:55:23.155957645Z:               \____\_______/
[STDOUT  ] 2017-06-13T16:55:23.15596567Z: 
[STDOUT  ] 2017-06-13T16:55:23.480164129Z: [34mINFO[0m[0000] starting containerd boot...                   [34mmodule[0m=containerd
[STDOUT  ] 2017-06-13T16:55:23.500647583Z: [34mINFO[0m[0000] starting debug API...                         [34mdebug[0m="/run/containerd/debug.sock" [34mmodule[0m=containerd
[STDOUT  ] 2017-06-13T16:55:23.502331519Z: [34mINFO[0m[0000] loading monitor plugin "cgroups"...           [34mmodule[0m=containerd
[STDOUT  ] 2017-06-13T16:55:23.559168171Z: [34mINFO[0m[0000] loading runtime plugin "linux"...             [34mmodule[0m=containerd
[STDOUT  ] 2017-06-13T16:55:23.568182977Z: [34mINFO[0m[0000] loading snapshot plugin "snapshot-overlay"...  [34mmodule[0m=containerd
[STDOUT  ] 2017-06-13T16:55:23.574445897Z: [34mINFO[0m[0000] loading differ plugin "diff-base"...          [34mmodule[0m=containerd
[STDOUT  ] 2017-06-13T16:55:23.57664006Z: [34mINFO[0m[0000] loading grpc service plugin "images-grpc"...  [34mmodule[0m=containerd
[STDOUT  ] 2017-06-13T16:55:23.578620371Z: [34mINFO[0m[0000] loading grpc service plugin "metrics-grpc"...  [34mmodule[0m=containerd
[STDOUT  ] 2017-06-13T16:55:23.580573448Z: [34mINFO[0m[0000] loading grpc service plugin "containers-grpc"...  [34mmodule[0m=containerd
[STDOUT  ] 2017-06-13T16:55:23.582199333Z: [34mINFO[0m[0000] loading grpc service plugin "diff-grpc"...    [34mmodule[0m=containerd
[STDOUT  ] 2017-06-13T16:55:23.584153774Z: [34mINFO[0m[0000] loading grpc service plugin "namespaces-grpc"...  [34mmodule[0m=containerd
[STDOUT  ] 2017-06-13T16:55:23.586085841Z: [34mINFO[0m[0000] loading grpc service plugin "version-grpc"...  [34mmodule[0m=containerd
[STDOUT  ] 2017-06-13T16:55:23.587567617Z: [34mINFO[0m[0000] loading grpc service plugin "tasks-grpc"...   [34mmodule[0m=containerd
[STDOUT  ] 2017-06-13T16:55:23.590130744Z: [34mINFO[0m[0000] loading grpc service plugin "healthcheck-grpc"...  [34mmodule[0m=containerd
[STDOUT  ] 2017-06-13T16:55:23.591756396Z: [34mINFO[0m[0000] loading grpc service plugin "content-grpc"...  [34mmodule[0m=containerd
[STDOUT  ] 2017-06-13T16:55:23.593310537Z: [34mINFO[0m[0000] loading grpc service plugin "snapshots-grpc"...  [34mmodule[0m=containerd
[STDOUT  ] 2017-06-13T16:55:23.593932245Z: [   15.514405] random: fast init done
[STDOUT  ] 2017-06-13T16:55:23.608613139Z: [34mINFO[0m[0000] starting GRPC API server...                   [34mmodule[0m=containerd
[STDOUT  ] 2017-06-13T16:55:23.618526553Z: [34mINFO[0m[0000] containerd successfully booted in 0.140462s   [34mmodule[0m=containerd
[STDOUT  ] 2017-06-13T16:55:24.81807571Z: Ports test case PASSED
[STDOUT  ] 2017-06-13T16:55:24.882013992Z:  - 000-test
[STDOUT  ] 2017-06-13T16:55:35.848925422Z: [   27.768798] ACPI: Preparing to enter system sleep state S5
[STDOUT  ] 2017-06-13T16:55:35.85081298Z: [   27.771343] reboot: Power down
[STDERR  ] 2017-06-13T16:55:35.952866539Z: + exit 0
[STDERR  ] 2017-06-13T16:55:35.952877255Z: + clean_up
[STDERR  ] 2017-06-13T16:55:35.952884146Z: + rm -rf lsof-cmdline lsof-initrd.img lsof-kernel
[PASS    ] linuxkit.security.ports 45.26s
