[INFO    ] 2017-06-13T16:52:41.841403868Z: Running Test linuxkit.kernel.config_4.11.x in /tmp/build/test/cases/020_kernel/003_config_4.11.x
[INFO    ] 2017-06-13T16:52:41.841486128Z: Running command: [/bin/sh -x /tmp/build/test/cases/020_kernel/003_config_4.11.x/test.sh]
[STDERR  ] 2017-06-13T16:52:41.887744764Z: + set -e
[STDERR  ] 2017-06-13T16:52:41.887800667Z: + . /tmp/build/test/cases/_lib/lib.sh
[STDERR  ] 2017-06-13T16:52:41.887880602Z: + [ -f src/github.com/linuxkit/rtf/lib/lib.sh ]
[STDERR  ] 2017-06-13T16:52:41.887938148Z: + LINUXKIT_TMPDIR=/tmp/build/test/cases/_tmp
[STDERR  ] 2017-06-13T16:52:41.887966068Z: + [ -f /tmp/build/test/cases/_tmp/env.sh ]
[STDERR  ] 2017-06-13T16:52:41.887995381Z: + . /tmp/build/test/cases/_tmp/env.sh
[STDERR  ] 2017-06-13T16:52:41.888056471Z: + export LINUXKIT_EXAMPLES_DIR=/tmp/build/test/cases/../../examples
[STDERR  ] 2017-06-13T16:52:41.88809537Z: + RT_CANCEL=253
[STDERR  ] 2017-06-13T16:52:41.888126537Z: + trap clean_up EXIT
[STDERR  ] 2017-06-13T16:52:41.888161454Z: + moby build -output kernel+initrd test-kernel-config.yml
[STDERR  ] 2017-06-13T16:52:41.900100058Z: Extract kernel image: linuxkit/kernel:4.11.x
[STDERR  ] 2017-06-13T16:52:44.18806561Z: Pull image: docker.io/linuxkit/kernel:4.11.x@sha256:5da32d617e2339924f86f423b2051c576596e4be73ed98fd9a6bbfc9702f5eb7
[STDERR  ] 2017-06-13T16:52:49.59497333Z: Add init containers:
[STDERR  ] 2017-06-13T16:52:49.595056507Z: Process init image: linuxkit/init:2599bcd5013ce5962aa155ee8929c26160de13bd
[STDERR  ] 2017-06-13T16:52:50.900334255Z: Process init image: linuxkit/runc:3a4e6cbf15470f62501b019b55e1caac5ee7689f
[STDERR  ] 2017-06-13T16:52:52.183309277Z: Process init image: linuxkit/containerd:b50181bc6e0084e5fcd6b6ad3cf433c4f66cae5a
[STDERR  ] 2017-06-13T16:52:53.841650528Z: Add onboot containers:
[STDERR  ] 2017-06-13T16:52:53.84169597Z:   Create OCI config for linuxkit/test-kernel-config:2acaa564c1801dd2ae1546c70c472dc58ac030a1
[STDERR  ] 2017-06-13T16:52:55.255703449Z:   Create OCI config for linuxkit/poweroff:7404cf2295df89ccfa2dda41997a28307a90cf28
[STDERR  ] 2017-06-13T16:52:56.500962091Z: Create outputs:
[STDERR  ] 2017-06-13T16:53:02.600514028Z:   test-kernel-config-kernel test-kernel-config-initrd.img test-kernel-config-cmdline
[STDERR  ] 2017-06-13T16:53:02.648037674Z: + linuxkit run test-kernel-config
[STDERR  ] 2017-06-13T16:53:02.663648309Z: Unable to find qemu-system-x86_64 within the $PATH. Using a container
[STDERR  ] 2017-06-13T16:53:47.886672266Z: + RESULT=[    0.000000] Linux version 4.11.4-linuxkit (root@84baa8e89c00) (gcc version 6.2.1 20160822 (Alpine 6.2.1) ) #1 SMP Mon Jun 12 13:03:26 UTC 2017
[STDERR  ] 2017-06-13T16:53:47.886712047Z: [    0.000000] Command line: console=ttyS0
[STDERR  ] 2017-06-13T16:53:47.886730074Z: [    0.000000] x86/fpu: x87 FPU will use FXSAVE
[STDERR  ] 2017-06-13T16:53:47.886738107Z: [    0.000000] e820: BIOS-provided physical RAM map:
[STDERR  ] 2017-06-13T16:53:47.88674143Z: [    0.000000] BIOS-e820: [mem 0x0000000000000000-0x000000000009fbff] usable
[STDERR  ] 2017-06-13T16:53:47.88675476Z: [    0.000000] BIOS-e820: [mem 0x000000000009fc00-0x000000000009ffff] reserved
[STDERR  ] 2017-06-13T16:53:47.886760363Z: [    0.000000] BIOS-e820: [mem 0x00000000000f0000-0x00000000000fffff] reserved
[STDERR  ] 2017-06-13T16:53:47.886765754Z: [    0.000000] BIOS-e820: [mem 0x0000000000100000-0x000000003ffdefff] usable
[STDERR  ] 2017-06-13T16:53:47.886771227Z: [    0.000000] BIOS-e820: [mem 0x000000003ffdf000-0x000000003fffffff] reserved
[STDERR  ] 2017-06-13T16:53:47.886784163Z: [    0.000000] BIOS-e820: [mem 0x00000000b0000000-0x00000000bfffffff] reserved
[STDERR  ] 2017-06-13T16:53:47.886790132Z: [    0.000000] BIOS-e820: [mem 0x00000000fed1c000-0x00000000fed1ffff] reserved
[STDERR  ] 2017-06-13T16:53:47.886795626Z: [    0.000000] BIOS-e820: [mem 0x00000000fffc0000-0x00000000ffffffff] reserved
[STDERR  ] 2017-06-13T16:53:47.886798427Z: [    0.000000] NX (Execute Disable) protection: active
[STDERR  ] 2017-06-13T16:53:47.886806934Z: [    0.000000] SMBIOS 2.8 present.
[STDERR  ] 2017-06-13T16:53:47.886815177Z: [    0.000000] DMI: QEMU Standard PC (Q35 + ICH9, 2009), BIOS rel-1.10.2-0-g5f4c7b1-prebuilt.qemu-project.org 04/01/2014
[STDERR  ] 2017-06-13T16:53:47.886824963Z: [    0.000000] e820: last_pfn = 0x3ffdf max_arch_pfn = 0x400000000
[STDERR  ] 2017-06-13T16:53:47.886827959Z: [    0.000000] x86/PAT: Configuration [0-7]: WB  WC  UC- UC  WB  WC  UC- WT  
[STDERR  ] 2017-06-13T16:53:47.88684166Z: [    0.000000] found SMP MP-table at [mem 0x000f6aa0-0x000f6aaf] mapped at [ffff8e1b000f6aa0]
[STDERR  ] 2017-06-13T16:53:47.88684709Z: [    0.000000] RAMDISK: [mem 0x3df37000-0x3ffcffff]
[STDERR  ] 2017-06-13T16:53:47.886849689Z: [    0.000000] ACPI: Early table checksum verification disabled
[STDERR  ] 2017-06-13T16:53:47.886857623Z: [    0.000000] ACPI: RSDP 0x00000000000F68C0 000014 (v00 BOCHS )
[STDERR  ] 2017-06-13T16:53:47.886860257Z: [    0.000000] ACPI: RSDT 0x000000003FFE2404 000034 (v01 BOCHS  BXPCRSDT 00000001 BXPC 00000001)
[STDERR  ] 2017-06-13T16:53:47.886865104Z: [    0.000000] ACPI: FACP 0x000000003FFE22A4 000074 (v01 BOCHS  BXPCFACP 00000001 BXPC 00000001)
[STDERR  ] 2017-06-13T16:53:47.886872352Z: [    0.000000] ACPI: DSDT 0x000000003FFE0040 002264 (v01 BOCHS  BXPCDSDT 00000001 BXPC 00000001)
[STDERR  ] 2017-06-13T16:53:47.886875026Z: [    0.000000] ACPI: FACS 0x000000003FFE0000 000040
[STDERR  ] 2017-06-13T16:53:47.886882219Z: [    0.000000] ACPI: APIC 0x000000003FFE2318 000078 (v01 BOCHS  BXPCAPIC 00000001 BXPC 00000001)
[STDERR  ] 2017-06-13T16:53:47.88688473Z: [    0.000000] ACPI: HPET 0x000000003FFE2390 000038 (v01 BOCHS  BXPCHPET 00000001 BXPC 00000001)
[STDERR  ] 2017-06-13T16:53:47.886891992Z: [    0.000000] ACPI: MCFG 0x000000003FFE23C8 00003C (v01 BOCHS  BXPCMCFG 00000001 BXPC 00000001)
[STDERR  ] 2017-06-13T16:53:47.886897031Z: [    0.000000] Zone ranges:
[STDERR  ] 2017-06-13T16:53:47.886902107Z: [    0.000000]   DMA      [mem 0x0000000000001000-0x0000000000ffffff]
[STDERR  ] 2017-06-13T16:53:47.886907275Z: [    0.000000]   DMA32    [mem 0x0000000001000000-0x000000003ffdefff]
[STDERR  ] 2017-06-13T16:53:47.8869142Z: [    0.000000]   Normal   empty
[STDERR  ] 2017-06-13T16:53:47.886919294Z: [    0.000000] Movable zone start for each node
[STDERR  ] 2017-06-13T16:53:47.88692412Z: [    0.000000] Early memory node ranges
[STDERR  ] 2017-06-13T16:53:47.886929089Z: [    0.000000]   node   0: [mem 0x0000000000001000-0x000000000009efff]
[STDERR  ] 2017-06-13T16:53:47.886933925Z: [    0.000000]   node   0: [mem 0x0000000000100000-0x000000003ffdefff]
[STDERR  ] 2017-06-13T16:53:47.886938669Z: [    0.000000] Initmem setup node 0 [mem 0x0000000000001000-0x000000003ffdefff]
[STDERR  ] 2017-06-13T16:53:47.886943557Z: [    0.000000] ACPI: PM-Timer IO Port: 0x608
[STDERR  ] 2017-06-13T16:53:47.886948529Z: [    0.000000] ACPI: LAPIC_NMI (acpi_id[0xff] dfl dfl lint[0x1])
[STDERR  ] 2017-06-13T16:53:47.886953403Z: [    0.000000] IOAPIC[0]: apic_id 0, version 32, address 0xfec00000, GSI 0-23
[STDERR  ] 2017-06-13T16:53:47.886958223Z: [    0.000000] ACPI: INT_SRC_OVR (bus 0 bus_irq 0 global_irq 2 dfl dfl)
[STDERR  ] 2017-06-13T16:53:47.886967091Z: [    0.000000] ACPI: INT_SRC_OVR (bus 0 bus_irq 5 global_irq 5 high level)
[STDERR  ] 2017-06-13T16:53:47.886972024Z: [    0.000000] ACPI: INT_SRC_OVR (bus 0 bus_irq 9 global_irq 9 high level)
[STDERR  ] 2017-06-13T16:53:47.886974525Z: [    0.000000] ACPI: INT_SRC_OVR (bus 0 bus_irq 10 global_irq 10 high level)
[STDERR  ] 2017-06-13T16:53:47.886981703Z: [    0.000000] ACPI: INT_SRC_OVR (bus 0 bus_irq 11 global_irq 11 high level)
[STDERR  ] 2017-06-13T16:53:47.88699017Z: [    0.000000] Using ACPI (MADT) for SMP configuration information
[STDERR  ] 2017-06-13T16:53:47.886998254Z: [    0.000000] ACPI: HPET id: 0x8086a201 base: 0xfed00000
[STDERR  ] 2017-06-13T16:53:47.887000917Z: [    0.000000] smpboot: Allowing 1 CPUs, 0 hotplug CPUs
[STDERR  ] 2017-06-13T16:53:47.887009914Z: [    0.000000] e820: [mem 0x40000000-0xafffffff] available for PCI devices
[STDERR  ] 2017-06-13T16:53:47.88701499Z: [    0.000000] Booting paravirtualized kernel on bare hardware
[STDERR  ] 2017-06-13T16:53:47.887020297Z: [    0.000000] clocksource: refined-jiffies: mask: 0xffffffff max_cycles: 0xffffffff, max_idle_ns: 19112604462750000 ns
[STDERR  ] 2017-06-13T16:53:47.887030031Z: [    0.000000] setup_percpu: NR_CPUS:128 nr_cpumask_bits:128 nr_cpu_ids:1 nr_node_ids:1
[STDERR  ] 2017-06-13T16:53:47.887032724Z: [    0.000000] percpu: Embedded 37 pages/cpu @ffff8e1b3dc00000 s113368 r8192 d29992 u2097152
[STDERR  ] 2017-06-13T16:53:47.88704397Z: [    0.000000] Built 1 zonelists in Zone order, mobility grouping on.  Total pages: 257896
[STDERR  ] 2017-06-13T16:53:47.887048591Z: [    0.000000] Kernel command line: console=ttyS0
[STDERR  ] 2017-06-13T16:53:47.887064587Z: [    0.000000] PID hash table entries: 4096 (order: 3, 32768 bytes)
[STDERR  ] 2017-06-13T16:53:47.887078519Z: [    0.000000] Dentry cache hash table entries: 131072 (order: 8, 1048576 bytes)
[STDERR  ] 2017-06-13T16:53:47.887088113Z: [    0.000000] Inode-cache hash table entries: 65536 (order: 7, 524288 bytes)
[STDERR  ] 2017-06-13T16:53:47.887092779Z: [    0.000000] Memory: 978360K/1048052K available (9795K kernel code, 1606K rwdata, 3188K rodata, 1488K init, 592K bss, 69692K reserved, 0K cma-reserved)
[STDERR  ] 2017-06-13T16:53:47.887106269Z: [    0.000000] Hierarchical RCU implementation.
[STDERR  ] 2017-06-13T16:53:47.887115244Z: [    0.000000] 	Build-time adjustment of leaf fanout to 64.
[STDERR  ] 2017-06-13T16:53:47.887119745Z: [    0.000000] 	RCU restricting CPUs from NR_CPUS=128 to nr_cpu_ids=1.
[STDERR  ] 2017-06-13T16:53:47.887138813Z: [    0.000000] RCU: Adjusting geometry for rcu_fanout_leaf=64, nr_cpu_ids=1
[STDERR  ] 2017-06-13T16:53:47.887146714Z: [    0.000000] NR_IRQS:8448 nr_irqs:256 16
[STDERR  ] 2017-06-13T16:53:47.88715165Z: [    0.000000] Console: colour VGA+ 80x25
[STDERR  ] 2017-06-13T16:53:47.887156486Z: [    0.000000] console [ttyS0] enabled
[STDERR  ] 2017-06-13T16:53:47.887165087Z: [    0.000000] clocksource: hpet: mask: 0xffffffff max_cycles: 0xffffffff, max_idle_ns: 19112604467 ns
[STDERR  ] 2017-06-13T16:53:47.88716855Z: [    0.010000] tsc: Fast TSC calibration failed
[STDERR  ] 2017-06-13T16:53:47.88717348Z: [    0.050000] tsc: Unable to calibrate against PIT
[STDERR  ] 2017-06-13T16:53:47.887180881Z: [    0.050000] tsc: using HPET reference calibration
[STDERR  ] 2017-06-13T16:53:47.887185917Z: [    0.050000] tsc: Detected 2600.038 MHz processor
[STDERR  ] 2017-06-13T16:53:47.887191121Z: [    0.050000] Calibrating delay loop (skipped), value calculated using timer frequency.. 5200.07 BogoMIPS (lpj=26000380)
[STDERR  ] 2017-06-13T16:53:47.88719676Z: [    0.061491] pid_max: default: 32768 minimum: 301
[STDERR  ] 2017-06-13T16:53:47.887199389Z: [    0.062662] ACPI: Core revision 20170119
[STDERR  ] 2017-06-13T16:53:47.887206549Z: [    0.105752] ACPI: 1 ACPI AML tables successfully acquired and loaded
[STDERR  ] 2017-06-13T16:53:47.887209014Z: [    0.109548] Security Framework initialized
[STDERR  ] 2017-06-13T16:53:47.887219489Z: [    0.110351] Yama: becoming mindful.
[STDERR  ] 2017-06-13T16:53:47.887224277Z: [    0.112514] Mount-cache hash table entries: 2048 (order: 2, 16384 bytes)
[STDERR  ] 2017-06-13T16:53:47.887229134Z: [    0.113414] Mountpoint-cache hash table entries: 2048 (order: 2, 16384 bytes)
[STDERR  ] 2017-06-13T16:53:47.887231769Z: [    0.131297] Last level iTLB entries: 4KB 0, 2MB 0, 4MB 0
[STDERR  ] 2017-06-13T16:53:47.887243556Z: [    0.131949] Last level dTLB entries: 4KB 0, 2MB 0, 4MB 0, 1GB 0
[STDERR  ] 2017-06-13T16:53:47.887251236Z: [    0.499059] Freeing SMP alternatives memory: 24K
[STDERR  ] 2017-06-13T16:53:47.88726249Z: [    0.508170] ftrace: allocating 42944 entries in 168 pages
[STDERR  ] 2017-06-13T16:53:47.887268037Z: [    0.694420] smpboot: Max logical packages: 1
[STDERR  ] 2017-06-13T16:53:47.8872729Z: [    0.701905] ..TIMER: vector=0x30 apic1=0 pin1=2 apic2=-1 pin2=-1
[STDERR  ] 2017-06-13T16:53:47.887281447Z: [    0.810000] smpboot: CPU0: AMD QEMU Virtual CPU version 2.5+ (family: 0x6, model: 0x6, stepping: 0x3)
[STDERR  ] 2017-06-13T16:53:47.887286856Z: [    0.810000] Performance Events: PMU not available due to virtualization, using software events only.
[STDERR  ] 2017-06-13T16:53:47.887294986Z: [    0.816089] NMI watchdog: disabled (cpu0): hardware events not enabled
[STDERR  ] 2017-06-13T16:53:47.887299966Z: [    0.816778] NMI watchdog: Shutting down hard lockup detector on all cpus
[STDERR  ] 2017-06-13T16:53:47.887304901Z: [    0.820039] smp: Bringing up secondary CPUs ...
[STDERR  ] 2017-06-13T16:53:47.88730979Z: [    0.820601] smp: Brought up 1 node, 1 CPU
[STDERR  ] 2017-06-13T16:53:47.887312327Z: [    0.821277] smpboot: Total of 1 processors activated (5200.07 BogoMIPS)
[STDERR  ] 2017-06-13T16:53:47.88731712Z: [    0.826680] sched_clock: Marking stable (820000000, 0)->(1052547034, -232547034)
[STDERR  ] 2017-06-13T16:53:47.887326186Z: [    0.836655] devtmpfs: initialized
[STDERR  ] 2017-06-13T16:53:47.887328807Z: [    0.841605] x86/mm: Memory block size: 128MB
[STDERR  ] 2017-06-13T16:53:47.887333703Z: [    0.901523] clocksource: jiffies: mask: 0xffffffff max_cycles: 0xffffffff, max_idle_ns: 19112604462750000 ns
[STDERR  ] 2017-06-13T16:53:47.887346381Z: [    0.903005] futex hash table entries: 256 (order: 2, 16384 bytes)
[STDERR  ] 2017-06-13T16:53:47.887351341Z: [    0.912044] NET: Registered protocol family 16
[STDERR  ] 2017-06-13T16:53:47.887355426Z: [    0.919957] cpuidle: using governor ladder
[STDERR  ] 2017-06-13T16:53:47.887362913Z: [    0.920742] cpuidle: using governor menu
[STDERR  ] 2017-06-13T16:53:47.88736771Z: [    0.921382] PCCT header not found.
[STDERR  ] 2017-06-13T16:53:47.887370133Z: [    0.922719] ACPI: bus type PCI registered
[STDERR  ] 2017-06-13T16:53:47.8873792Z: [    0.925548] PCI: MMCONFIG for domain 0000 [bus 00-ff] at [mem 0xb0000000-0xbfffffff] (base 0xb0000000)
[STDERR  ] 2017-06-13T16:53:47.88738181Z: [    0.926815] PCI: MMCONFIG at [mem 0xb0000000-0xbfffffff] reserved in E820
[STDERR  ] 2017-06-13T16:53:47.887386716Z: [    0.928464] PCI: Using configuration type 1 for base access
[STDERR  ] 2017-06-13T16:53:47.88739405Z: [    0.982752] HugeTLB registered 2 MB page size, pre-allocated 0 pages
[STDERR  ] 2017-06-13T16:53:47.887398879Z: [    0.994326] ACPI: Added _OSI(Module Device)
[STDERR  ] 2017-06-13T16:53:47.887403777Z: [    0.994854] ACPI: Added _OSI(Processor Device)
[STDERR  ] 2017-06-13T16:53:47.887413081Z: [    0.995311] ACPI: Added _OSI(3.0 _SCP Extensions)
[STDERR  ] 2017-06-13T16:53:47.887418186Z: [    0.995797] ACPI: Added _OSI(Processor Aggregator Device)
[STDERR  ] 2017-06-13T16:53:47.887425429Z: [    1.070028] ACPI: Interpreter enabled
[STDERR  ] 2017-06-13T16:53:47.887430224Z: [    1.071281] ACPI: (supports S0 S5)
[STDERR  ] 2017-06-13T16:53:47.88743512Z: [    1.071864] ACPI: Using IOAPIC for interrupt routing
[STDERR  ] 2017-06-13T16:53:47.88744003Z: [    1.074067] PCI: Using host bridge windows from ACPI; if necessary, use "pci=nocrs" and report a bug
[STDERR  ] 2017-06-13T16:53:47.887445011Z: [    1.135440] ACPI: PCI Root Bridge [PCI0] (domain 0000 [bus 00-ff])
[STDERR  ] 2017-06-13T16:53:47.887449917Z: [    1.136840] acpi PNP0A08:00: _OSC: OS supports [ExtendedConfig ASPM ClockPM Segments MSI]
[STDERR  ] 2017-06-13T16:53:47.887454833Z: [    1.142818] acpi PNP0A08:00: _OSC: OS now controls [PCIeHotplug PME PCIeCapability]
[STDERR  ] 2017-06-13T16:53:47.887459689Z: [    1.146873] PCI host bridge to bus 0000:00
[STDERR  ] 2017-06-13T16:53:47.887464611Z: [    1.147638] pci_bus 0000:00: root bus resource [io  0x0000-0x0cf7 window]
[STDERR  ] 2017-06-13T16:53:47.887472576Z: [    1.148331] pci_bus 0000:00: root bus resource [io  0x0d00-0xffff window]
[STDERR  ] 2017-06-13T16:53:47.88747795Z: [    1.148993] pci_bus 0000:00: root bus resource [mem 0x000a0000-0x000bffff window]
[STDERR  ] 2017-06-13T16:53:47.887482723Z: [    1.150078] pci_bus 0000:00: root bus resource [mem 0xc0000000-0xfebfffff window]
[STDERR  ] 2017-06-13T16:53:47.887487746Z: [    1.151093] pci_bus 0000:00: root bus resource [bus 00-ff]
[STDERR  ] 2017-06-13T16:53:47.887492567Z: [    1.241228] pci 0000:00:1f.0: quirk: [io  0x0600-0x067f] claimed by ICH6 ACPI/GPIO/TCO
[STDERR  ] 2017-06-13T16:53:47.887500206Z: [    1.295109] ACPI: PCI Interrupt Link [LNKA] (IRQs 5 *10 11)
[STDERR  ] 2017-06-13T16:53:47.887502936Z: [    1.297525] ACPI: PCI Interrupt Link [LNKB] (IRQs 5 *10 11)
[STDERR  ] 2017-06-13T16:53:47.887510171Z: [    1.299648] ACPI: PCI Interrupt Link [LNKC] (IRQs 5 10 *11)
[STDERR  ] 2017-06-13T16:53:47.88751449Z: [    1.301618] ACPI: PCI Interrupt Link [LNKD] (IRQs 5 10 *11)
[STDERR  ] 2017-06-13T16:53:47.887521934Z: [    1.303557] ACPI: PCI Interrupt Link [LNKE] (IRQs 5 *10 11)
[STDERR  ] 2017-06-13T16:53:47.887526789Z: [    1.305587] ACPI: PCI Interrupt Link [LNKF] (IRQs 5 *10 11)
[STDERR  ] 2017-06-13T16:53:47.887533211Z: [    1.307580] ACPI: PCI Interrupt Link [LNKG] (IRQs 5 10 *11)
[STDERR  ] 2017-06-13T16:53:47.887538153Z: [    1.309610] ACPI: PCI Interrupt Link [LNKH] (IRQs 5 10 *11)
[STDERR  ] 2017-06-13T16:53:47.887542983Z: [    1.310693] ACPI: PCI Interrupt Link [GSIA] (IRQs *16)
[STDERR  ] 2017-06-13T16:53:47.887549523Z: [    1.311616] ACPI: PCI Interrupt Link [GSIB] (IRQs *17)
[STDERR  ] 2017-06-13T16:53:47.887552276Z: [    1.312474] ACPI: PCI Interrupt Link [GSIC] (IRQs *18)
[STDERR  ] 2017-06-13T16:53:47.887559393Z: [    1.313340] ACPI: PCI Interrupt Link [GSID] (IRQs *19)
[STDERR  ] 2017-06-13T16:53:47.88756189Z: [    1.314244] ACPI: PCI Interrupt Link [GSIE] (IRQs *20)
[STDERR  ] 2017-06-13T16:53:47.88757181Z: [    1.315117] ACPI: PCI Interrupt Link [GSIF] (IRQs *21)
[STDERR  ] 2017-06-13T16:53:47.887579319Z: [    1.316008] ACPI: PCI Interrupt Link [GSIG] (IRQs *22)
[STDERR  ] 2017-06-13T16:53:47.887584191Z: [    1.316853] ACPI: PCI Interrupt Link [GSIH] (IRQs *23)
[STDERR  ] 2017-06-13T16:53:47.887586683Z: [    1.320672] ACPI: Enabled 2 GPEs in block 00 to 3F
[STDERR  ] 2017-06-13T16:53:47.887591447Z: [    1.324630] SCSI subsystem initialized
[STDERR  ] 2017-06-13T16:53:47.887598623Z: [    1.327731] pps_core: LinuxPPS API ver. 1 registered
[STDERR  ] 2017-06-13T16:53:47.88760349Z: [    1.328260] pps_core: Software ver. 5.3.6 - Copyright 2005-2007 Rodolfo Giometti <giometti@linux.it>
[STDERR  ] 2017-06-13T16:53:47.887608361Z: [    1.329380] PTP clock support registered
[STDERR  ] 2017-06-13T16:53:47.887613297Z: [    1.330923] wmi: Mapper loaded
[STDERR  ] 2017-06-13T16:53:47.887618181Z: [    1.332215] PCI: Using ACPI for IRQ routing
[STDERR  ] 2017-06-13T16:53:47.887628269Z: [    1.349387] NetLabel: Initializing
[STDERR  ] 2017-06-13T16:53:47.887635996Z: [    1.350245] NetLabel:  domain hash size = 128
[STDERR  ] 2017-06-13T16:53:47.887640769Z: [    1.350696] NetLabel:  protocols = UNLABELED CIPSOv4 CALIPSO
[STDERR  ] 2017-06-13T16:53:47.887643239Z: [    1.352908] NetLabel:  unlabeled traffic allowed by default
[STDERR  ] 2017-06-13T16:53:47.887650496Z: [    1.354160] HPET: 3 timers in total, 0 timers will be used for per-cpu timer
[STDERR  ] 2017-06-13T16:53:47.887657956Z: [    1.355233] hpet0: at MMIO 0xfed00000, IRQs 2, 8, 0
[STDERR  ] 2017-06-13T16:53:47.887662567Z: [    1.355826] hpet0: 3 comparators, 64-bit 100.000000 MHz counter
[STDERR  ] 2017-06-13T16:53:47.887669783Z: [    1.361327] clocksource: Switched to clocksource hpet
[STDERR  ] 2017-06-13T16:53:47.887674606Z: [    1.684463] VFS: Disk quotas dquot_6.6.0
[STDERR  ] 2017-06-13T16:53:47.88767706Z: [    1.685655] VFS: Dquot-cache hash table entries: 512 (order 0, 4096 bytes)
[STDERR  ] 2017-06-13T16:53:47.887684427Z: [    1.688453] FS-Cache: Loaded
[STDERR  ] 2017-06-13T16:53:47.887689347Z: [    1.693651] CacheFiles: Loaded
[STDERR  ] 2017-06-13T16:53:47.887694247Z: [    1.695412] pnp: PnP ACPI init
[STDERR  ] 2017-06-13T16:53:47.88769914Z: [    1.706283] pnp: PnP ACPI: found 5 devices
[STDERR  ] 2017-06-13T16:53:47.887709676Z: [    1.746526] clocksource: acpi_pm: mask: 0xffffff max_cycles: 0xffffff, max_idle_ns: 2085701024 ns
[STDERR  ] 2017-06-13T16:53:47.887716057Z: [    1.749971] NET: Registered protocol family 2
[STDERR  ] 2017-06-13T16:53:47.887720954Z: [    1.757036] TCP established hash table entries: 8192 (order: 4, 65536 bytes)
[STDERR  ] 2017-06-13T16:53:47.887725887Z: [    1.758156] TCP bind hash table entries: 8192 (order: 5, 131072 bytes)
[STDERR  ] 2017-06-13T16:53:47.88773324Z: [    1.759194] TCP: Hash tables configured (established 8192 bind 8192)
[STDERR  ] 2017-06-13T16:53:47.887738217Z: [    1.761627] UDP hash table entries: 512 (order: 2, 16384 bytes)
[STDERR  ] 2017-06-13T16:53:47.887745846Z: [    1.763019] UDP-Lite hash table entries: 512 (order: 2, 16384 bytes)
[STDERR  ] 2017-06-13T16:53:47.887750752Z: [    1.765576] NET: Registered protocol family 1
[STDERR  ] 2017-06-13T16:53:47.887755584Z: [    1.768988] RPC: Registered named UNIX socket transport module.
[STDERR  ] 2017-06-13T16:53:47.887760457Z: [    1.769687] RPC: Registered udp transport module.
[STDERR  ] 2017-06-13T16:53:47.887765394Z: [    1.770165] RPC: Registered tcp transport module.
[STDERR  ] 2017-06-13T16:53:47.887770224Z: [    1.770634] RPC: Registered tcp NFSv4.1 backchannel transport module.
[STDERR  ] 2017-06-13T16:53:47.887777469Z: [    1.771998] pci 0000:00:01.0: Video device with shadowed ROM at [mem 0x000c0000-0x000dffff]
[STDERR  ] 2017-06-13T16:53:47.88778266Z: [    1.779629] Unpacking initramfs...
[STDERR  ] 2017-06-13T16:53:47.887787507Z: [    8.301391] Freeing initrd memory: 33380K
[STDERR  ] 2017-06-13T16:53:47.887792264Z: [    8.324834] PCLMULQDQ-NI instructions are not detected.
[STDERR  ] 2017-06-13T16:53:47.887794827Z: [    8.326413] AVX or AES-NI instructions are not detected.
[STDERR  ] 2017-06-13T16:53:47.887801953Z: [    8.327149] CPU feature 'AVX registers' is not supported.
[STDERR  ] 2017-06-13T16:53:47.887806714Z: [    8.327747] CPU feature 'AVX registers' is not supported.
[STDERR  ] 2017-06-13T16:53:47.887809116Z: [    8.328325] CPU feature 'AVX registers' is not supported.
[STDERR  ] 2017-06-13T16:53:47.887820704Z: [    8.328988] CPU feature 'AVX registers' is not supported.
[STDERR  ] 2017-06-13T16:53:47.887823246Z: [    8.329557] AVX2 or AES-NI instructions are not detected.
[STDERR  ] 2017-06-13T16:53:47.887830279Z: [    8.330124] AVX2 instructions are not detected.
[STDERR  ] 2017-06-13T16:53:47.887834316Z: [    8.335494] audit: initializing netlink subsys (disabled)
[STDERR  ] 2017-06-13T16:53:47.887843306Z: [    8.342552] audit: type=2000 audit(1497372791.330:1): state=initialized audit_enabled=0 res=1
[STDERR  ] 2017-06-13T16:53:47.887848274Z: [    8.344471] workingset: timestamp_bits=46 max_order=18 bucket_order=0
[STDERR  ] 2017-06-13T16:53:47.887850862Z: [    8.349867] FS-Cache: Netfs 'nfs' registered for caching
[STDERR  ] 2017-06-13T16:53:47.887857912Z: [    8.352599] NFS: Registering the id_resolver key type
[STDERR  ] 2017-06-13T16:53:47.887860343Z: [    8.354080] Key type id_resolver registered
[STDERR  ] 2017-06-13T16:53:47.887867542Z: [    8.354551] Key type id_legacy registered
[STDERR  ] 2017-06-13T16:53:47.887872434Z: [    8.355183] nfs4filelayout_init: NFSv4 File Layout Driver Registering...
[STDERR  ] 2017-06-13T16:53:47.887878873Z: [    8.356225] Installing knfsd (copyright (C) 1996 okir@monad.swb.de).
[STDERR  ] 2017-06-13T16:53:47.887881386Z: [    8.359629] FS-Cache: Netfs 'cifs' registered for caching
[STDERR  ] 2017-06-13T16:53:47.887891109Z: [    8.360817] ntfs: driver 2.1.32 [Flags: R/O].
[STDERR  ] 2017-06-13T16:53:47.887893582Z: [    8.361886] fuse init (API version 7.26)
[STDERR  ] 2017-06-13T16:53:47.887900783Z: [    8.364160] SGI XFS with ACLs, security attributes, no debug enabled
[STDERR  ] 2017-06-13T16:53:47.887905619Z: [    8.368247] 9p: Installing v9fs 9p2000 file system support
[STDERR  ] 2017-06-13T16:53:47.887913102Z: [    8.369011] FS-Cache: Netfs '9p' registered for caching
[STDERR  ] 2017-06-13T16:53:47.887918372Z: [    8.405649] NET: Registered protocol family 38
[STDERR  ] 2017-06-13T16:53:47.887923243Z: [    8.406572] Key type asymmetric registered
[STDERR  ] 2017-06-13T16:53:47.887928057Z: [    8.407079] Asymmetric key parser 'x509' registered
[STDERR  ] 2017-06-13T16:53:47.887934402Z: [    8.408028] Block layer SCSI generic (bsg) driver version 0.4 loaded (major 251)
[STDERR  ] 2017-06-13T16:53:47.887939267Z: [    8.409641] io scheduler noop registered
[STDERR  ] 2017-06-13T16:53:47.887947934Z: [    8.410126] io scheduler deadline registered (default)
[STDERR  ] 2017-06-13T16:53:47.88795283Z: [    8.411823] io scheduler cfq registered
[STDERR  ] 2017-06-13T16:53:47.887957693Z: [    8.412281] io scheduler mq-deadline registered
[STDERR  ] 2017-06-13T16:53:47.887962537Z: [    8.415438] shpchp: Standard Hot Plug PCI Controller Driver version: 0.4
[STDERR  ] 2017-06-13T16:53:47.887965106Z: [    8.416490] hv_vmbus: registering driver hyperv_fb
[STDERR  ] 2017-06-13T16:53:47.887972257Z: [    8.419456] input: Power Button as /devices/LNXSYSTM:00/LNXPWRBN:00/input/input0
[STDERR  ] 2017-06-13T16:53:47.888408119Z: [    8.420861] ACPI: Power Button [PWRF]
[STDERR  ] 2017-06-13T16:53:47.888417207Z: [    8.425756] GHES: HEST is not enabled!
[STDERR  ] 2017-06-13T16:53:47.888435949Z: [    8.437098] ACPI: PCI Interrupt Link [GSIH] enabled at IRQ 23
[STDERR  ] 2017-06-13T16:53:47.888453793Z: [    8.443258] xenfs: not registering filesystem on non-xen platform
[STDERR  ] 2017-06-13T16:53:47.88846411Z: [    8.445342] Serial: 8250/16550 driver, 4 ports, IRQ sharing disabled
[STDERR  ] 2017-06-13T16:53:47.888474043Z: [    8.471752] 00:04: ttyS0 at I/O 0x3f8 (irq = 4, base_baud = 115200) is a 16550A
[STDERR  ] 2017-06-13T16:53:47.88849472Z: [    8.478038] Initializing Nozomi driver 2.1d
[STDERR  ] 2017-06-13T16:53:47.888504441Z: [    8.482249] Non-volatile memory driver v1.3
[STDERR  ] 2017-06-13T16:53:47.888518103Z: [    8.488581] Hangcheck: starting hangcheck timer 0.9.1 (tick is 180 seconds, margin is 60 seconds).
[STDERR  ] 2017-06-13T16:53:47.888528053Z: [    8.525207] loop: module loaded
[STDERR  ] 2017-06-13T16:53:47.888537573Z: [    8.580568] lpc_ich 0000:00:1f.0: I/O space for GPIO uninitialized
[STDERR  ] 2017-06-13T16:53:47.888546751Z: [    8.582776] VMware PVSCSI driver - version 1.0.7.0-k
[STDERR  ] 2017-06-13T16:53:47.888565717Z: [    8.583653] hv_vmbus: registering driver hv_storvsc
[STDERR  ] 2017-06-13T16:53:47.888580457Z: [    8.593508] ACPI: PCI Interrupt Link [GSIA] enabled at IRQ 16
[STDERR  ] 2017-06-13T16:53:47.888585763Z: [    8.599592] ahci 0000:00:1f.2: AHCI 0001.0000 32 slots 6 ports 1.5 Gbps 0x3f impl SATA mode
[STDERR  ] 2017-06-13T16:53:47.888600117Z: [    8.600618] ahci 0000:00:1f.2: flags: 64bit ncq only 
[STDERR  ] 2017-06-13T16:53:47.888605207Z: [    8.616555] scsi host0: ahci
[STDERR  ] 2017-06-13T16:53:47.888619167Z: [    8.620783] scsi host1: ahci
[STDERR  ] 2017-06-13T16:53:47.888642121Z: [    8.622939] scsi host2: ahci
[STDERR  ] 2017-06-13T16:53:47.888652287Z: [    8.624906] scsi host3: ahci
[STDERR  ] 2017-06-13T16:53:47.888661719Z: [    8.626870] scsi host4: ahci
[STDERR  ] 2017-06-13T16:53:47.888666859Z: [    8.628764] scsi host5: ahci
[STDERR  ] 2017-06-13T16:53:47.888676057Z: [    8.630250] ata1: SATA max UDMA/133 abar m4096@0xfebf1000 port 0xfebf1100 irq 24
[STDERR  ] 2017-06-13T16:53:47.888690443Z: [    8.631323] ata2: SATA max UDMA/133 abar m4096@0xfebf1000 port 0xfebf1180 irq 24
[STDERR  ] 2017-06-13T16:53:47.888699969Z: [    8.632071] ata3: SATA max UDMA/133 abar m4096@0xfebf1000 port 0xfebf1200 irq 24
[STDERR  ] 2017-06-13T16:53:47.888724854Z: [    8.632791] ata4: SATA max UDMA/133 abar m4096@0xfebf1000 port 0xfebf1280 irq 24
[STDERR  ] 2017-06-13T16:53:47.888735784Z: [    8.633513] ata5: SATA max UDMA/133 abar m4096@0xfebf1000 port 0xfebf1300 irq 24
[STDERR  ] 2017-06-13T16:53:47.888741001Z: [    8.634231] ata6: SATA max UDMA/133 abar m4096@0xfebf1000 port 0xfebf1380 irq 24
[STDERR  ] 2017-06-13T16:53:47.888763121Z: [    8.643256] Ethernet Channel Bonding Driver: v3.7.1 (April 27, 2011)
[STDERR  ] 2017-06-13T16:53:47.888769331Z: [    8.657793] tun: Universal TUN/TAP device driver, 1.6
[STDERR  ] 2017-06-13T16:53:47.888799466Z: [    8.659573] ena: Elastic Network Adapter (ENA) v1.1.2
[STDERR  ] 2017-06-13T16:53:47.888809417Z: [    8.661565] e1000: Intel(R) PRO/1000 Network Driver - version 7.3.21-k8-NAPI
[STDERR  ] 2017-06-13T16:53:47.888821101Z: [    8.662271] e1000: Copyright (c) 1999-2006 Intel Corporation.
[STDERR  ] 2017-06-13T16:53:47.888830797Z: [    8.669943] ACPI: PCI Interrupt Link [GSIG] enabled at IRQ 22
[STDERR  ] 2017-06-13T16:53:47.888844237Z: [    8.965751] ata3: SATA link up 1.5 Gbps (SStatus 113 SControl 300)
[STDERR  ] 2017-06-13T16:53:47.888854053Z: [    8.969074] ata2: SATA link down (SStatus 0 SControl 300)
[STDERR  ] 2017-06-13T16:53:47.888871589Z: [    8.970799] ata1: SATA link down (SStatus 0 SControl 300)
[STDERR  ] 2017-06-13T16:53:47.888881433Z: [    8.971759] ata5: SATA link down (SStatus 0 SControl 300)
[STDERR  ] 2017-06-13T16:53:47.888886716Z: [    8.972504] ata4: SATA link down (SStatus 0 SControl 300)
[STDERR  ] 2017-06-13T16:53:47.888896253Z: [    8.975204] ata3.00: ATAPI: QEMU DVD-ROM, 2.5+, max UDMA/100
[STDERR  ] 2017-06-13T16:53:47.888972551Z: [    8.975982] ata3.00: applying bridge limits
[STDERR  ] 2017-06-13T16:53:47.888987113Z: [    8.977804] ata3.00: configured for UDMA/100
[STDERR  ] 2017-06-13T16:53:47.889042309Z: [    8.981381] ata6: SATA link down (SStatus 0 SControl 300)
[STDERR  ] 2017-06-13T16:53:47.889061626Z: [    8.991618] scsi 2:0:0:0: CD-ROM            QEMU     QEMU DVD-ROM     2.5+ PQ: 0 ANSI: 5
[STDERR  ] 2017-06-13T16:53:47.889066706Z: [    9.013803] sr 2:0:0:0: [sr0] scsi3-mmc drive: 4x/4x cd/rw xa/form2 tray
[STDERR  ] 2017-06-13T16:53:47.889102212Z: [    9.014911] cdrom: Uniform CD-ROM driver Revision: 3.20
[STDERR  ] 2017-06-13T16:53:47.889111904Z: [    9.020498] sr 2:0:0:0: Attached scsi generic sg0 type 5
[STDERR  ] 2017-06-13T16:53:47.889121482Z: [    9.044288] e1000 0000:00:02.0 eth0: (PCI:33MHz:32-bit) 52:54:00:12:34:56
[STDERR  ] 2017-06-13T16:53:47.889131112Z: [    9.045240] e1000 0000:00:02.0 eth0: Intel(R) PRO/1000 Network Connection
[STDERR  ] 2017-06-13T16:53:47.889140673Z: [    9.046601] e1000e: Intel(R) PRO/1000 Network Driver - 3.2.6-k
[STDERR  ] 2017-06-13T16:53:47.889159256Z: [    9.047224] e1000e: Copyright(c) 1999 - 2015 Intel Corporation.
[STDERR  ] 2017-06-13T16:53:47.889178512Z: [    9.048234] igb: Intel(R) Gigabit Ethernet Network Driver - version 5.4.0-k
[STDERR  ] 2017-06-13T16:53:47.889183912Z: [    9.048959] igb: Copyright (c) 2007-2014 Intel Corporation.
[STDERR  ] 2017-06-13T16:53:47.889197989Z: [    9.049942] igbvf: Intel(R) Gigabit Virtual Function Network Driver - version 2.4.0-k
[STDERR  ] 2017-06-13T16:53:47.889212371Z: [    9.050747] igbvf: Copyright (c) 2009 - 2012 Intel Corporation.
[STDERR  ] 2017-06-13T16:53:47.889253703Z: [    9.052111] ixgbe: Intel(R) 10 Gigabit PCI Express Network Driver - version 5.0.0-k
[STDERR  ] 2017-06-13T16:53:47.889263911Z: [    9.052909] ixgbe: Copyright (c) 1999-2016 Intel Corporation.
[STDERR  ] 2017-06-13T16:53:47.889292111Z: [    9.054661] ixgbevf: Intel(R) 10 Gigabit PCI Express Virtual Function Network Driver - version 3.2.2-k
[STDERR  ] 2017-06-13T16:53:47.889326464Z: [    9.055607] ixgbevf: Copyright (c) 2009 - 2015 Intel Corporation.
[STDERR  ] 2017-06-13T16:53:47.889336676Z: [    9.057161] ixgb: Intel(R) PRO/10GbE Network Driver - version 1.0.135-k2-NAPI
[STDERR  ] 2017-06-13T16:53:47.889346383Z: [    9.057912] ixgb: Copyright (c) 1999-2008 Intel Corporation.
[STDERR  ] 2017-06-13T16:53:47.889361252Z: [    9.059063] PPP generic driver version 2.4.2
[STDERR  ] 2017-06-13T16:53:47.889370823Z: [    9.060777] PPP BSD Compression module registered
[STDERR  ] 2017-06-13T16:53:47.889380333Z: [    9.061672] PPP Deflate Compression module registered
[STDERR  ] 2017-06-13T16:53:47.889398635Z: [    9.062602] PPP MPPE Compression module registered
[STDERR  ] 2017-06-13T16:53:47.88941064Z: [    9.063162] NET: Registered protocol family 24
[STDERR  ] 2017-06-13T16:53:47.889425462Z: [    9.064029] PPTP driver version 0.8.5
[STDERR  ] 2017-06-13T16:53:47.889435905Z: [    9.065619] VMware vmxnet3 virtual NIC driver - version 1.4.a.0-k-NAPI
[STDERR  ] 2017-06-13T16:53:47.88944116Z: [    9.066710] hv_vmbus: registering driver hv_netvsc
[STDERR  ] 2017-06-13T16:53:47.889455202Z: [    9.067258] Fusion MPT base driver 3.04.20
[STDERR  ] 2017-06-13T16:53:47.88947384Z: [    9.067693] Copyright (c) 1999-2008 LSI Corporation
[STDERR  ] 2017-06-13T16:53:47.889479448Z: [    9.068487] Fusion MPT SPI Host driver 3.04.20
[STDERR  ] 2017-06-13T16:53:47.889497632Z: [    9.073970] aoe: AoE v85 initialised.
[STDERR  ] 2017-06-13T16:53:47.889507422Z: [    9.076622] i8042: PNP: PS/2 Controller [PNP0303:KBD,PNP0f13:MOU] at 0x60,0x64 irq 1,12
[STDERR  ] 2017-06-13T16:53:47.889512733Z: [    9.080749] serio: i8042 KBD port at 0x60,0x64 irq 1
[STDERR  ] 2017-06-13T16:53:47.88952654Z: [    9.081959] serio: i8042 AUX port at 0x60,0x64 irq 12
[STDERR  ] 2017-06-13T16:53:47.889531517Z: [    9.084571] hv_vmbus: registering driver hyperv_keyboard
[STDERR  ] 2017-06-13T16:53:47.889562195Z: [    9.086664] mousedev: PS/2 mouse device common for all mice
[STDERR  ] 2017-06-13T16:53:47.889575272Z: [    9.091506] input: AT Translated Set 2 keyboard as /devices/platform/i8042/serio0/input/input1
[STDERR  ] 2017-06-13T16:53:47.889585125Z: [    9.094214] input: PC Speaker as /devices/platform/pcspkr/input/input2
[STDERR  ] 2017-06-13T16:53:47.88960154Z: [    9.097883] rtc_cmos 00:00: RTC can wake from S4
[STDERR  ] 2017-06-13T16:53:47.889611245Z: [    9.100892] rtc_cmos 00:00: rtc core: registered rtc_cmos as rtc0
[STDERR  ] 2017-06-13T16:53:47.889630288Z: [    9.102550] rtc_cmos 00:00: alarms up to one day, y3k, 114 bytes nvram, hpet irqs
[STDERR  ] 2017-06-13T16:53:47.889640575Z: [    9.103632] i2c /dev entries driver
[STDERR  ] 2017-06-13T16:53:47.889650173Z: [    9.105651] device-mapper: ioctl: 4.35.0-ioctl (2016-06-23) initialised: dm-devel@redhat.com
[STDERR  ] 2017-06-13T16:53:47.889655505Z: [    9.109934] hv_utils: Registering HyperV Utility Driver
[STDERR  ] 2017-06-13T16:53:47.889666873Z: [    9.110543] hv_vmbus: registering driver hv_util
[STDERR  ] 2017-06-13T16:53:47.889681015Z: [    9.111324] hv_vmbus: registering driver hv_balloon
[STDERR  ] 2017-06-13T16:53:47.889690585Z: [    9.112203] oprofile: using NMI interrupt.
[STDERR  ] 2017-06-13T16:53:47.889709013Z: [    9.113532] GACT probability on
[STDERR  ] 2017-06-13T16:53:47.889718597Z: [    9.114249] Mirror/redirect action on
[STDERR  ] 2017-06-13T16:53:47.889731698Z: [    9.115283] Simple TC action Loaded
[STDERR  ] 2017-06-13T16:53:47.889736885Z: [    9.118217] netem: version 1.3
[STDERR  ] 2017-06-13T16:53:47.88974631Z: [    9.118617] u32 classifier
[STDERR  ] 2017-06-13T16:53:47.889760388Z: [    9.118913]     Performance counters on
[STDERR  ] 2017-06-13T16:53:47.889777866Z: [    9.119321]     input device check on
[STDERR  ] 2017-06-13T16:53:47.889788022Z: [    9.119714]     Actions configured
[STDERR  ] 2017-06-13T16:53:47.889799585Z: [    9.120488] Netfilter messages via NETLINK v0.30.
[STDERR  ] 2017-06-13T16:53:47.889809086Z: [    9.121667] nfnl_acct: registering with nfnetlink.
[STDERR  ] 2017-06-13T16:53:47.8898186Z: [    9.123763] nf_conntrack version 0.5.0 (8192 buckets, 32768 max)
[STDERR  ] 2017-06-13T16:53:47.889823852Z: [    9.126238] ctnetlink v0.93: registering with nfnetlink.
[STDERR  ] 2017-06-13T16:53:47.889837643Z: [    9.129285] nf_tables: (c) 2007-2009 Patrick McHardy <kaber@trash.net>
[STDERR  ] 2017-06-13T16:53:47.889858942Z: [    9.130428] nf_tables_compat: (c) 2012 Pablo Neira Ayuso <pablo@netfilter.org>
[STDERR  ] 2017-06-13T16:53:47.889864582Z: [    9.133638] xt_time: kernel timezone is -0000
[STDERR  ] 2017-06-13T16:53:47.88988125Z: [    9.134440] ip_set: protocol 6
[STDERR  ] 2017-06-13T16:53:47.88989082Z: [    9.135287] IPVS: Registered protocols (TCP, UDP, SCTP, AH, ESP)
[STDERR  ] 2017-06-13T16:53:47.889904917Z: [    9.136269] IPVS: Connection hash table configured (size=4096, memory=64Kbytes)
[STDERR  ] 2017-06-13T16:53:47.889915075Z: [    9.138240] IPVS: Creating netns size=2096 id=0
[STDERR  ] 2017-06-13T16:53:47.889939482Z: [    9.141789] IPVS: ipvs loaded.
[STDERR  ] 2017-06-13T16:53:47.889949323Z: [    9.142431] IPVS: [rr] scheduler registered.
[STDERR  ] 2017-06-13T16:53:47.889958856Z: [    9.142965] IPVS: [wrr] scheduler registered.
[STDERR  ] 2017-06-13T16:53:47.889964003Z: [    9.143433] IPVS: [lc] scheduler registered.
[STDERR  ] 2017-06-13T16:53:47.889974907Z: [    9.143875] IPVS: [wlc] scheduler registered.
[STDERR  ] 2017-06-13T16:53:47.889992576Z: [    9.144380] IPVS: [fo] scheduler registered.
[STDERR  ] 2017-06-13T16:53:47.890011296Z: [    9.144834] IPVS: [ovf] scheduler registered.
[STDERR  ] 2017-06-13T16:53:47.890020913Z: [    9.145552] IPVS: [lblc] scheduler registered.
[STDERR  ] 2017-06-13T16:53:47.890030318Z: [    9.146181] IPVS: [lblcr] scheduler registered.
[STDERR  ] 2017-06-13T16:53:47.890182532Z: [    9.146712] IPVS: [dh] scheduler registered.
[STDERR  ] 2017-06-13T16:53:47.890201573Z: [    9.147157] IPVS: [sh] scheduler registered.
[STDERR  ] 2017-06-13T16:53:47.890217312Z: [    9.147601] IPVS: [sed] scheduler registered.
[STDERR  ] 2017-06-13T16:53:47.890248302Z: [    9.148062] IPVS: [nq] scheduler registered.
[STDERR  ] 2017-06-13T16:53:47.890258552Z: [    9.149014] IPVS: ftp: loaded support on port[0] = 21
[STDERR  ] 2017-06-13T16:53:47.890268098Z: [    9.150073] ipip: IPv4 and MPLS over IPv4 tunneling driver
[STDERR  ] 2017-06-13T16:53:47.890277586Z: [    9.154055] gre: GRE over IPv4 demultiplexor driver
[STDERR  ] 2017-06-13T16:53:47.890293306Z: [    9.154615] ip_gre: GRE over IPv4 tunneling driver
[STDERR  ] 2017-06-13T16:53:47.890315922Z: [    9.158756] IPv4 over IPsec tunneling driver
[STDERR  ] 2017-06-13T16:53:47.890345465Z: [    9.164699] ip_tables: (C) 2000-2006 Netfilter Core Team
[STDERR  ] 2017-06-13T16:53:47.890364493Z: [    9.168139] ipt_CLUSTERIP: ClusterIP Version 0.8 loaded successfully
[STDERR  ] 2017-06-13T16:53:47.890394338Z: [    9.169143] arp_tables: arp_tables: (C) 2002 David S. Miller
[STDERR  ] 2017-06-13T16:53:47.890416691Z: [    9.171661] Initializing XFRM netlink socket
[STDERR  ] 2017-06-13T16:53:47.890426872Z: [    9.173041] NET: Registered protocol family 10
[STDERR  ] 2017-06-13T16:53:47.890436401Z: [    9.184207] Segment Routing with IPv6
[STDERR  ] 2017-06-13T16:53:47.890441633Z: [    9.185729] mip6: Mobile IPv6
[STDERR  ] 2017-06-13T16:53:47.890455433Z: [    9.186837] ip6_tables: (C) 2000-2006 Netfilter Core Team
[STDERR  ] 2017-06-13T16:53:47.890460386Z: [    9.194742] sit: IPv6, IPv4 and MPLS over IPv4 tunneling driver
[STDERR  ] 2017-06-13T16:53:47.890483413Z: [    9.200393] ip6_gre: GRE over IPv6 tunneling driver
[STDERR  ] 2017-06-13T16:53:47.890493072Z: [    9.203924] NET: Registered protocol family 17
[STDERR  ] 2017-06-13T16:53:47.890502518Z: [    9.204784] NET: Registered protocol family 15
[STDERR  ] 2017-06-13T16:53:47.890512005Z: [    9.205930] Bridge firewalling registered
[STDERR  ] 2017-06-13T16:53:47.890521553Z: [    9.206685] Ebtables v2.0 registered
[STDERR  ] 2017-06-13T16:53:47.890531062Z: [    9.209884] l2tp_core: L2TP core driver, V2.0
[STDERR  ] 2017-06-13T16:53:47.890548259Z: [    9.210603] l2tp_ppp: PPPoL2TP kernel driver, V2.0
[STDERR  ] 2017-06-13T16:53:47.890553898Z: [    9.211485] 8021q: 802.1Q VLAN Support v1.8
[STDERR  ] 2017-06-13T16:53:47.890563149Z: [    9.213151] 9pnet: Installing 9P2000 support
[STDERR  ] 2017-06-13T16:53:47.890577109Z: [    9.214180] Key type dns_resolver registered
[STDERR  ] 2017-06-13T16:53:47.890589528Z: [    9.214718] openvswitch: Open vSwitch switching datapath
[STDERR  ] 2017-06-13T16:53:47.890599196Z: [    9.216875] mpls_gso: MPLS GSO support
[STDERR  ] 2017-06-13T16:53:47.890608786Z: [    9.220368] registered taskstats version 1
[STDERR  ] 2017-06-13T16:53:47.890626695Z: [    9.362363] tsc: Refined TSC clocksource calibration: 2599.998 MHz
[STDERR  ] 2017-06-13T16:53:47.890641808Z: [    9.363394] clocksource: tsc: mask: 0xffffffffffffffff max_cycles: 0x257a3a7b45f, max_idle_ns: 440795312762 ns
[STDERR  ] 2017-06-13T16:53:47.890647589Z: [    9.402233] Key type big_key registered
[STDERR  ] 2017-06-13T16:53:47.890661576Z: [    9.442361] Key type encrypted registered
[STDERR  ] 2017-06-13T16:53:47.890666525Z: [    9.447079] rtc_cmos 00:00: setting system clock to 2017-06-13 16:53:13 UTC (1497372793)
[STDERR  ] 2017-06-13T16:53:47.890697198Z: [    9.598084] Freeing unused kernel memory: 1488K
[STDERR  ] 2017-06-13T16:53:47.890706705Z: [    9.598921] Write protecting the kernel read-only data: 14336k
[STDERR  ] 2017-06-13T16:53:47.890725372Z: [    9.608529] Freeing unused kernel memory: 432K
[STDERR  ] 2017-06-13T16:53:47.890734865Z: [    9.706882] Freeing unused kernel memory: 908K
[STDERR  ] 2017-06-13T16:53:47.890746308Z: [   10.381930] clocksource: Switched to clocksource tsc
[STDERR  ] 2017-06-13T16:53:47.890756346Z: 
[STDERR  ] 2017-06-13T16:53:47.890761385Z: Starting containerd
[STDERR  ] 2017-06-13T16:53:47.890785443Z: 
[STDERR  ] 2017-06-13T16:53:47.890794955Z: Welcome to LinuxKit
[STDERR  ] 2017-06-13T16:53:47.890800049Z: 
[STDERR  ] 2017-06-13T16:53:47.890813255Z:                         ##         .
[STDERR  ] 2017-06-13T16:53:47.89082743Z:                   ## ## ##        ==
[STDERR  ] 2017-06-13T16:53:47.890836882Z:                ## ## ## ## ##    ===
[STDERR  ] 2017-06-13T16:53:47.890855009Z:            /"""""""""""""""""\___/ ===
[STDERR  ] 2017-06-13T16:53:47.89086462Z:       ~~~ {~~ ~~~~ ~~~ ~~~~ ~~~ ~ /  ===- ~~~
[STDERR  ] 2017-06-13T16:53:47.890869846Z:            \______ o           __/
[STDERR  ] 2017-06-13T16:53:47.890881963Z:              \    \         __/
[STDERR  ] 2017-06-13T16:53:47.890898339Z:               \____\_______/
[STDERR  ] 2017-06-13T16:53:47.890907749Z: 
[STDERR  ] 2017-06-13T16:53:47.890925256Z: [34mINFO[0m[0000] starting containerd boot...                   [34mmodule[0m=containerd
[STDERR  ] 2017-06-13T16:53:47.890936465Z: [34mINFO[0m[0000] starting debug API...                         [34mdebug[0m="/run/containerd/debug.sock" [34mmodule[0m=containerd
[STDERR  ] 2017-06-13T16:53:47.890946049Z: [34mINFO[0m[0000] loading monitor plugin "cgroups"...           [34mmodule[0m=containerd
[STDERR  ] 2017-06-13T16:53:47.890955602Z: [34mINFO[0m[0000] loading runtime plugin "linux"...             [34mmodule[0m=containerd
[STDERR  ] 2017-06-13T16:53:47.890960716Z: [34mINFO[0m[0000] loading snapshot plugin "snapshot-overlay"...  [34mmodule[0m=containerd
[STDERR  ] 2017-06-13T16:53:47.890973225Z: [34mINFO[0m[0000] loading differ plugin "diff-base"...          [34mmodule[0m=containerd
[STDERR  ] 2017-06-13T16:53:47.89099082Z: [34mINFO[0m[0000] loading grpc service plugin "images-grpc"...  [34mmodule[0m=containerd
[STDERR  ] 2017-06-13T16:53:47.89109871Z: [34mINFO[0m[0000] loading grpc service plugin "metrics-grpc"...  [34mmodule[0m=containerd
[STDERR  ] 2017-06-13T16:53:47.891108319Z: [34mINFO[0m[0000] loading grpc service plugin "content-grpc"...  [34mmodule[0m=containerd
[STDERR  ] 2017-06-13T16:53:47.891113556Z: [34mINFO[0m[0000] loading grpc service plugin "namespaces-grpc"...  [34mmodule[0m=containerd
[STDERR  ] 2017-06-13T16:53:47.891127412Z: [34mINFO[0m[0000] loading grpc service plugin "version-grpc"...  [34mmodule[0m=containerd
[STDERR  ] 2017-06-13T16:53:47.891136896Z: [34mINFO[0m[0000] loading grpc service plugin "containers-grpc"...  [34mmodule[0m=containerd
[STDERR  ] 2017-06-13T16:53:47.891246489Z: [34mINFO[0m[0000] loading grpc service plugin "tasks-grpc"...   [34mmodule[0m=containerd
[STDERR  ] 2017-06-13T16:53:47.891256295Z: [34mINFO[0m[0000] loading grpc service plugin "healthcheck-grpc"...  [34mmodule[0m=containerd
[STDERR  ] 2017-06-13T16:53:47.891270866Z: [34mINFO[0m[0000] loading grpc service plugin "snapshots-grpc"...  [34mmodule[0m=containerd
[STDERR  ] 2017-06-13T16:53:47.89128228Z: [34mINFO[0m[0000] loading grpc service plugin "diff-grpc"...    [34mmodule[0m=containerd[   17.518223] random: fast init done
[STDERR  ] 2017-06-13T16:53:47.891292276Z: 
[STDERR  ] 2017-06-13T16:53:47.891972078Z: [34mINFO[0m[0000] starting GRPC API server...                   [34mmodule[0m=containerd
[STDERR  ] 2017-06-13T16:53:47.891987326Z: [34mINFO[0m[0000] containerd successfully booted in 0.183253s   [34mmodule[0m=containerd
[STDERR  ] 2017-06-13T16:53:47.891994366Z: starting kernel config sanity test with /proc/config.gz
[STDERR  ] 2017-06-13T16:53:47.892004309Z: kernel config test succeeded!
[STDERR  ] 2017-06-13T16:53:47.892010445Z: [37minfo: reading kernel config from /proc/config.gz ...[m
[STDERR  ] 2017-06-13T16:53:47.892021329Z: 
[STDERR  ] 2017-06-13T16:53:47.89202682Z: Generally Necessary:
[STDERR  ] 2017-06-13T16:53:47.89203329Z: - [37mcgroup hierarchy[m: [32mproperly mounted[m [/sys/fs/cgroup]
[STDERR  ] 2017-06-13T16:53:47.892036333Z: - [37mCONFIG_NAMESPACES[m: [32menabled[m
[STDERR  ] 2017-06-13T16:53:47.892228389Z: - [37mCONFIG_NET_NS[m: [32menabled[m
[STDERR  ] 2017-06-13T16:53:47.892251472Z: - [37mCONFIG_PID_NS[m: [32menabled[m
[STDERR  ] 2017-06-13T16:53:47.892261075Z: - [37mCONFIG_IPC_NS[m: [32menabled[m
[STDERR  ] 2017-06-13T16:53:47.892267794Z: - [37mCONFIG_UTS_NS[m: [32menabled[m
[STDERR  ] 2017-06-13T16:53:47.892273095Z: - [37mCONFIG_CGROUPS[m: [32menabled[m
[STDERR  ] 2017-06-13T16:53:47.89245585Z: - [37mCONFIG_CGROUP_CPUACCT[m: [32menabled[m
[STDERR  ] 2017-06-13T16:53:47.892470047Z: - [37mCONFIG_CGROUP_DEVICE[m: [32menabled[m
[STDERR  ] 2017-06-13T16:53:47.892475357Z: - [37mCONFIG_CGROUP_FREEZER[m: [32menabled[m
[STDERR  ] 2017-06-13T16:53:47.892484762Z: - [37mCONFIG_CGROUP_SCHED[m: [32menabled[m
[STDERR  ] 2017-06-13T16:53:47.892498992Z: - [37mCONFIG_CPUSETS[m: [32menabled[m
[STDERR  ] 2017-06-13T16:53:47.892508327Z: - [37mCONFIG_MEMCG[m: [32menabled[m
[STDERR  ] 2017-06-13T16:53:47.892687307Z: - [37mCONFIG_KEYS[m: [32menabled[m
[STDERR  ] 2017-06-13T16:53:47.892700495Z: - [37mCONFIG_VETH[m: [32menabled[m
[STDERR  ] 2017-06-13T16:53:47.892709127Z: - [37mCONFIG_BRIDGE[m: [32menabled[m
[STDERR  ] 2017-06-13T16:53:47.892714489Z: - [37mCONFIG_BRIDGE_NETFILTER[m: [32menabled[m
[STDERR  ] 2017-06-13T16:53:47.892717099Z: - [37mCONFIG_NF_NAT_IPV4[m: [32menabled[m
[STDERR  ] 2017-06-13T16:53:47.892724427Z: - [37mCONFIG_IP_NF_FILTER[m: [32menabled[m
[STDERR  ] 2017-06-13T16:53:47.8927291Z: - [37mCONFIG_IP_NF_TARGET_MASQUERADE[m: [32menabled[m
[STDERR  ] 2017-06-13T16:53:47.892737544Z: - [37mCONFIG_NETFILTER_XT_MATCH_ADDRTYPE[m: [32menabled[m
[STDERR  ] 2017-06-13T16:53:47.892743242Z: - [37mCONFIG_NETFILTER_XT_MATCH_CONNTRACK[m: [32menabled[m
[STDERR  ] 2017-06-13T16:53:47.892748847Z: - [37mCONFIG_NETFILTER_XT_MATCH_IPVS[m: [32menabled[m
[STDERR  ] 2017-06-13T16:53:47.892754238Z: - [37mCONFIG_IP_NF_NAT[m: [32menabled[m
[STDERR  ] 2017-06-13T16:53:47.892983099Z: - [37mCONFIG_NF_NAT[m: [32menabled[m
[STDERR  ] 2017-06-13T16:53:47.892988452Z: - [37mCONFIG_NF_NAT_NEEDED[m: [32menabled[m
[STDERR  ] 2017-06-13T16:53:47.8931688Z: - [37mCONFIG_POSIX_MQUEUE[m: [32menabled[m
[STDERR  ] 2017-06-13T16:53:47.893174995Z: 
[STDERR  ] 2017-06-13T16:53:47.893180292Z: Optional Features:
[STDERR  ] 2017-06-13T16:53:47.893185594Z: - [37mCONFIG_USER_NS[m: [32menabled[m
[STDERR  ] 2017-06-13T16:53:47.893188278Z: - [37mCONFIG_SECCOMP[m: [32menabled[m
[STDERR  ] 2017-06-13T16:53:47.893196434Z: - [37mCONFIG_CGROUP_PIDS[m: [32menabled[m
[STDERR  ] 2017-06-13T16:53:47.893201465Z: - [37mCONFIG_MEMCG_SWAP[m: [32menabled[m
[STDERR  ] 2017-06-13T16:53:47.893206397Z: - [37mCONFIG_MEMCG_SWAP_ENABLED[m: [32menabled[m
[STDERR  ] 2017-06-13T16:53:47.893214407Z:     [1;30m(cgroup swap accounting is currently enabled)[m
[STDERR  ] 2017-06-13T16:53:47.89321994Z: - [1mCONFIG_LEGACY_VSYSCALL_NONE[m: [1;31menabled[m
[STDERR  ] 2017-06-13T16:53:47.89322546Z:     [1;30m(containers using eglibc <= 2.13 will not work. Switch to[m
[STDERR  ] 2017-06-13T16:53:47.89341218Z:     [1;30m "CONFIG_VSYSCALL_[NATIVE|EMULATE]" or use "vsyscall=[native|emulate]"[m
[STDERR  ] 2017-06-13T16:53:47.89342431Z:     [1;30m on kernel command line. Note that this will disable ASLR for the,[m
[STDERR  ] 2017-06-13T16:53:47.893430628Z:     [1;30m VDSO which may assist in exploiting security vulnerabilities.)[m
[STDERR  ] 2017-06-13T16:53:47.89343745Z: - [37mCONFIG_BLK_CGROUP[m: [32menabled[m
[STDERR  ] 2017-06-13T16:53:47.893444405Z: - [37mCONFIG_BLK_DEV_THROTTLING[m: [32menabled[m
[STDERR  ] 2017-06-13T16:53:47.893449728Z: - [37mCONFIG_IOSCHED_CFQ[m: [32menabled[m
[STDERR  ] 2017-06-13T16:53:47.893454954Z: - [37mCONFIG_CFQ_GROUP_IOSCHED[m: [32menabled[m
[STDERR  ] 2017-06-13T16:53:47.893463322Z: - [37mCONFIG_CGROUP_PERF[m: [32menabled[m
[STDERR  ] 2017-06-13T16:53:47.893468574Z: - [37mCONFIG_CGROUP_HUGETLB[m: [32menabled[m
[STDERR  ] 2017-06-13T16:53:47.893654128Z: - [37mCONFIG_NET_CLS_CGROUP[m: [32menabled[m
[STDERR  ] 2017-06-13T16:53:47.893660059Z: - [37mCONFIG_CGROUP_NET_PRIO[m: [32menabled[m
[STDERR  ] 2017-06-13T16:53:47.893665308Z: - [37mCONFIG_CFS_BANDWIDTH[m: [32menabled[m
[STDERR  ] 2017-06-13T16:53:47.893670442Z: - [37mCONFIG_FAIR_GROUP_SCHED[m: [32menabled[m
[STDERR  ] 2017-06-13T16:53:47.893675547Z: - [37mCONFIG_RT_GROUP_SCHED[m: [32menabled[m
[STDERR  ] 2017-06-13T16:53:47.893683718Z: - [37mCONFIG_IP_VS[m: [32menabled[m
[STDERR  ] 2017-06-13T16:53:47.893689358Z: - [37mCONFIG_IP_VS_NFCT[m: [32menabled[m
[STDERR  ] 2017-06-13T16:53:47.893694499Z: - [37mCONFIG_IP_VS_RR[m: [32menabled[m
[STDERR  ] 2017-06-13T16:53:47.893697219Z: - [37mCONFIG_EXT4_FS[m: [32menabled[m
[STDERR  ] 2017-06-13T16:53:47.893704959Z: - [37mCONFIG_EXT4_FS_POSIX_ACL[m: [32menabled[m
[STDERR  ] 2017-06-13T16:53:47.893707457Z: - [37mCONFIG_EXT4_FS_SECURITY[m: [32menabled[m
[STDERR  ] 2017-06-13T16:53:47.893881485Z: - Network Drivers:
[STDERR  ] 2017-06-13T16:53:47.893886677Z:   - "[34moverlay[m":
[STDERR  ] 2017-06-13T16:53:47.893891967Z:     - [37mCONFIG_VXLAN[m: [32menabled[m
[STDERR  ] 2017-06-13T16:53:47.893894629Z:       Optional (for encrypted networks):
[STDERR  ] 2017-06-13T16:53:47.893902285Z:       - [37mCONFIG_CRYPTO[m: [32menabled[m
[STDERR  ] 2017-06-13T16:53:47.893907411Z:       - [37mCONFIG_CRYPTO_AEAD[m: [32menabled[m
[STDERR  ] 2017-06-13T16:53:47.893912359Z:       - [37mCONFIG_CRYPTO_GCM[m: [32menabled[m
[STDERR  ] 2017-06-13T16:53:47.893916289Z:       - [37mCONFIG_CRYPTO_SEQIV[m: [32menabled[m
[STDERR  ] 2017-06-13T16:53:47.893924151Z:       - [37mCONFIG_CRYPTO_GHASH[m: [32menabled[m
[STDERR  ] 2017-06-13T16:53:47.893933031Z:       - [37mCONFIG_XFRM[m: [32menabled[m
[STDERR  ] 2017-06-13T16:53:47.894025719Z:       - [37mCONFIG_XFRM_USER[m: [32menabled[m
[STDERR  ] 2017-06-13T16:53:47.894033252Z:       - [37mCONFIG_XFRM_ALGO[m: [32menabled[m
[STDERR  ] 2017-06-13T16:53:47.894038755Z:       - [37mCONFIG_INET_ESP[m: [32menabled[m
[STDERR  ] 2017-06-13T16:53:47.894044379Z:       - [37mCONFIG_INET_XFRM_MODE_TRANSPORT[m: [32menabled[m
[STDERR  ] 2017-06-13T16:53:47.894049737Z:   - "[34mipvlan[m":
[STDERR  ] 2017-06-13T16:53:47.894055222Z:     - [37mCONFIG_IPVLAN[m: [32menabled[m
[STDERR  ] 2017-06-13T16:53:47.894057875Z:   - "[34mmacvlan[m":
[STDERR  ] 2017-06-13T16:53:47.894063102Z:     - [37mCONFIG_MACVLAN[m: [32menabled[m
[STDERR  ] 2017-06-13T16:53:47.894070432Z:     - [37mCONFIG_DUMMY[m: [32menabled[m
[STDERR  ] 2017-06-13T16:53:47.894075295Z:   - "[34mftp,tftp client in container[m":
[STDERR  ] 2017-06-13T16:53:47.894082651Z:     - [37mCONFIG_NF_NAT_FTP[m: [32menabled[m
[STDERR  ] 2017-06-13T16:53:47.894088348Z:     - [37mCONFIG_NF_CONNTRACK_FTP[m: [32menabled[m
[STDERR  ] 2017-06-13T16:53:47.894180411Z:     - [37mCONFIG_NF_NAT_TFTP[m: [32menabled[m
[STDERR  ] 2017-06-13T16:53:47.894187802Z:     - [37mCONFIG_NF_CONNTRACK_TFTP[m: [32menabled[m
[STDERR  ] 2017-06-13T16:53:47.894195891Z: - Storage Drivers:
[STDERR  ] 2017-06-13T16:53:47.894200885Z:   - "[34maufs[m":
[STDERR  ] 2017-06-13T16:53:47.894206275Z:     - [1mCONFIG_AUFS_FS[m: [1;31mmissing[m
[STDERR  ] 2017-06-13T16:53:47.894216962Z:   - "[34mbtrfs[m":
[STDERR  ] 2017-06-13T16:53:47.894224327Z:     - [37mCONFIG_BTRFS_FS[m: [32menabled (as module)[m
[STDERR  ] 2017-06-13T16:53:47.894229814Z:     - [37mCONFIG_BTRFS_FS_POSIX_ACL[m: [32menabled[m
[STDERR  ] 2017-06-13T16:53:47.894241037Z:   - "[34mdevicemapper[m":
[STDERR  ] 2017-06-13T16:53:47.894488665Z:     - [37mCONFIG_BLK_DEV_DM[m: [32menabled[m
[STDERR  ] 2017-06-13T16:53:47.894499312Z:     - [37mCONFIG_DM_THIN_PROVISIONING[m: [32menabled[m
[STDERR  ] 2017-06-13T16:53:47.894512322Z:   - "[34moverlay[m":
[STDERR  ] 2017-06-13T16:53:47.894519197Z:     - [37mCONFIG_OVERLAY_FS[m: [32menabled[m
[STDERR  ] 2017-06-13T16:53:47.89452196Z:   - "[34mzfs[m":
[STDERR  ] 2017-06-13T16:53:47.894530168Z:     - [1m/dev/zfs[m: [1;31mmissing[m
[STDERR  ] 2017-06-13T16:53:47.894533147Z:     - [1mzfs command[m: [1;31mmissing[m
[STDERR  ] 2017-06-13T16:53:47.894540684Z:     - [1mzpool command[m: [1;31mmissing[m
[STDERR  ] 2017-06-13T16:53:47.894545554Z: 
[STDERR  ] 2017-06-13T16:53:47.894558677Z: Limits:
[STDERR  ] 2017-06-13T16:53:47.894566802Z: [37m- /proc/sys/kernel/keys/root_maxkeys[m: [32m1000000[m
[STDERR  ] 2017-06-13T16:53:47.894572198Z: 
[STDERR  ] 2017-06-13T16:53:47.894577285Z: Kernel config test suite PASSED
[STDERR  ] 2017-06-13T16:53:47.89458014Z:  - 000-check-kernel-config
[STDERR  ] 2017-06-13T16:53:47.894587968Z: [   42.827415] ACPI: Preparing to enter system sleep state S5
[STDERR  ] 2017-06-13T16:53:47.89459069Z: [   42.828946] reboot: Power down
[STDERR  ] 2017-06-13T16:53:47.89459834Z: + grep -q suite PASSED
[STDERR  ] 2017-06-13T16:53:47.894608277Z: + echo [    0.000000] Linux version 4.11.4-linuxkit (root@84baa8e89c00) (gcc version 6.2.1 20160822 (Alpine 6.2.1) ) #1 SMP Mon Jun 12 13:03:26 UTC 2017
[STDERR  ] 2017-06-13T16:53:47.894613738Z: [    0.000000] Command line: console=ttyS0
[STDERR  ] 2017-06-13T16:53:47.894618588Z: [    0.000000] x86/fpu: x87 FPU will use FXSAVE
[STDERR  ] 2017-06-13T16:53:47.894638454Z: [    0.000000] e820: BIOS-provided physical RAM map:
[STDERR  ] 2017-06-13T16:53:47.894652672Z: [    0.000000] BIOS-e820: [mem 0x0000000000000000-0x000000000009fbff] usable
[STDERR  ] 2017-06-13T16:53:47.89466231Z: [    0.000000] BIOS-e820: [mem 0x000000000009fc00-0x000000000009ffff] reserved
[STDERR  ] 2017-06-13T16:53:47.894672115Z: [    0.000000] BIOS-e820: [mem 0x00000000000f0000-0x00000000000fffff] reserved
[STDERR  ] 2017-06-13T16:53:47.894682557Z: [    0.000000] BIOS-e820: [mem 0x0000000000100000-0x000000003ffdefff] usable
[STDERR  ] 2017-06-13T16:53:47.894691477Z: [    0.000000] BIOS-e820: [mem 0x000000003ffdf000-0x000000003fffffff] reserved
[STDERR  ] 2017-06-13T16:53:47.894699215Z: [    0.000000] BIOS-e820: [mem 0x00000000b0000000-0x00000000bfffffff] reserved
[STDERR  ] 2017-06-13T16:53:47.894716105Z: [    0.000000] BIOS-e820: [mem 0x00000000fed1c000-0x00000000fed1ffff] reserved
[STDERR  ] 2017-06-13T16:53:47.894723107Z: [    0.000000] BIOS-e820: [mem 0x00000000fffc0000-0x00000000ffffffff] reserved
[STDERR  ] 2017-06-13T16:53:47.894728627Z: [    0.000000] NX (Execute Disable) protection: active
[STDERR  ] 2017-06-13T16:53:47.894731494Z: [    0.000000] SMBIOS 2.8 present.
[STDERR  ] 2017-06-13T16:53:47.894736448Z: [    0.000000] DMI: QEMU Standard PC (Q35 + ICH9, 2009), BIOS rel-1.10.2-0-g5f4c7b1-prebuilt.qemu-project.org 04/01/2014
[STDERR  ] 2017-06-13T16:53:47.89474539Z: [    0.000000] e820: last_pfn = 0x3ffdf max_arch_pfn = 0x400000000
[STDERR  ] 2017-06-13T16:53:47.89475077Z: [    0.000000] x86/PAT: Configuration [0-7]: WB  WC  UC- UC  WB  WC  UC- WT  
[STDERR  ] 2017-06-13T16:53:47.89475382Z: [    0.000000] found SMP MP-table at [mem 0x000f6aa0-0x000f6aaf] mapped at [ffff8e1b000f6aa0]
[STDERR  ] 2017-06-13T16:53:47.894759665Z: [    0.000000] RAMDISK: [mem 0x3df37000-0x3ffcffff]
[STDERR  ] 2017-06-13T16:53:47.894767972Z: [    0.000000] ACPI: Early table checksum verification disabled
[STDERR  ] 2017-06-13T16:53:47.894770685Z: [    0.000000] ACPI: RSDP 0x00000000000F68C0 000014 (v00 BOCHS )
[STDERR  ] 2017-06-13T16:53:47.894791134Z: [    0.000000] ACPI: RSDT 0x000000003FFE2404 000034 (v01 BOCHS  BXPCRSDT 00000001 BXPC 00000001)
[STDERR  ] 2017-06-13T16:53:47.89479916Z: [    0.000000] ACPI: FACP 0x000000003FFE22A4 000074 (v01 BOCHS  BXPCFACP 00000001 BXPC 00000001)
[STDERR  ] 2017-06-13T16:53:47.894805127Z: [    0.000000] ACPI: DSDT 0x000000003FFE0040 002264 (v01 BOCHS  BXPCDSDT 00000001 BXPC 00000001)
[STDERR  ] 2017-06-13T16:53:47.894807871Z: [    0.000000] ACPI: FACS 0x000000003FFE0000 000040
[STDERR  ] 2017-06-13T16:53:47.894815952Z: [    0.000000] ACPI: APIC 0x000000003FFE2318 000078 (v01 BOCHS  BXPCAPIC 00000001 BXPC 00000001)
[STDERR  ] 2017-06-13T16:53:47.894823584Z: [    0.000000] ACPI: HPET 0x000000003FFE2390 000038 (v01 BOCHS  BXPCHPET 00000001 BXPC 00000001)
[STDERR  ] 2017-06-13T16:53:47.894829027Z: [    0.000000] ACPI: MCFG 0x000000003FFE23C8 00003C (v01 BOCHS  BXPCMCFG 00000001 BXPC 00000001)
[STDERR  ] 2017-06-13T16:53:47.894831718Z: [    0.000000] Zone ranges:
[STDERR  ] 2017-06-13T16:53:47.894837152Z: [    0.000000]   DMA      [mem 0x0000000000001000-0x0000000000ffffff]
[STDERR  ] 2017-06-13T16:53:47.89484606Z: [    0.000000]   DMA32    [mem 0x0000000001000000-0x000000003ffdefff]
[STDERR  ] 2017-06-13T16:53:47.89485159Z: [    0.000000]   Normal   empty
[STDERR  ] 2017-06-13T16:53:47.894867685Z: [    0.000000] Movable zone start for each node
[STDERR  ] 2017-06-13T16:53:47.894870751Z: [    0.000000] Early memory node ranges
[STDERR  ] 2017-06-13T16:53:47.894876275Z: [    0.000000]   node   0: [mem 0x0000000000001000-0x000000000009efff]
[STDERR  ] 2017-06-13T16:53:47.894884427Z: [    0.000000]   node   0: [mem 0x0000000000100000-0x000000003ffdefff]
[STDERR  ] 2017-06-13T16:53:47.894889697Z: [    0.000000] Initmem setup node 0 [mem 0x0000000000001000-0x000000003ffdefff]
[STDERR  ] 2017-06-13T16:53:47.894895908Z: [    0.000000] ACPI: PM-Timer IO Port: 0x608
[STDERR  ] 2017-06-13T16:53:47.894902417Z: [    0.000000] ACPI: LAPIC_NMI (acpi_id[0xff] dfl dfl lint[0x1])
[STDERR  ] 2017-06-13T16:53:47.8949079Z: [    0.000000] IOAPIC[0]: apic_id 0, version 32, address 0xfec00000, GSI 0-23
[STDERR  ] 2017-06-13T16:53:47.894910768Z: [    0.000000] ACPI: INT_SRC_OVR (bus 0 bus_irq 0 global_irq 2 dfl dfl)
[STDERR  ] 2017-06-13T16:53:47.894916575Z: [    0.000000] ACPI: INT_SRC_OVR (bus 0 bus_irq 5 global_irq 5 high level)
[STDERR  ] 2017-06-13T16:53:47.894924505Z: [    0.000000] ACPI: INT_SRC_OVR (bus 0 bus_irq 9 global_irq 9 high level)
[STDERR  ] 2017-06-13T16:53:47.89493009Z: [    0.000000] ACPI: INT_SRC_OVR (bus 0 bus_irq 10 global_irq 10 high level)
[STDERR  ] 2017-06-13T16:53:47.89494359Z: [    0.000000] ACPI: INT_SRC_OVR (bus 0 bus_irq 11 global_irq 11 high level)
[STDERR  ] 2017-06-13T16:53:47.894946511Z: [    0.000000] Using ACPI (MADT) for SMP configuration information
[STDERR  ] 2017-06-13T16:53:47.894951973Z: [    0.000000] ACPI: HPET id: 0x8086a201 base: 0xfed00000
[STDERR  ] 2017-06-13T16:53:47.894960231Z: [    0.000000] smpboot: Allowing 1 CPUs, 0 hotplug CPUs
[STDERR  ] 2017-06-13T16:53:47.894965345Z: [    0.000000] e820: [mem 0x40000000-0xafffffff] available for PCI devices
[STDERR  ] 2017-06-13T16:53:47.894970618Z: [    0.000000] Booting paravirtualized kernel on bare hardware
[STDERR  ] 2017-06-13T16:53:47.894975815Z: [    0.000000] clocksource: refined-jiffies: mask: 0xffffffff max_cycles: 0xffffffff, max_idle_ns: 19112604462750000 ns
[STDERR  ] 2017-06-13T16:53:47.894981708Z: [    0.000000] setup_percpu: NR_CPUS:128 nr_cpumask_bits:128 nr_cpu_ids:1 nr_node_ids:1
[STDERR  ] 2017-06-13T16:53:47.894984758Z: [    0.000000] percpu: Embedded 37 pages/cpu @ffff8e1b3dc00000 s113368 r8192 d29992 u2097152
[STDERR  ] 2017-06-13T16:53:47.894993028Z: [    0.000000] Built 1 zonelists in Zone order, mobility grouping on.  Total pages: 257896
[STDERR  ] 2017-06-13T16:53:47.894998513Z: [    0.000000] Kernel command line: console=ttyS0
[STDERR  ] 2017-06-13T16:53:47.895005757Z: [    0.000000] PID hash table entries: 4096 (order: 3, 32768 bytes)
[STDERR  ] 2017-06-13T16:53:47.895016419Z: [    0.000000] Dentry cache hash table entries: 131072 (order: 8, 1048576 bytes)
[STDERR  ] 2017-06-13T16:53:47.895028893Z: [    0.000000] Inode-cache hash table entries: 65536 (order: 7, 524288 bytes)
[STDERR  ] 2017-06-13T16:53:47.895035561Z: [    0.000000] Memory: 978360K/1048052K available (9795K kernel code, 1606K rwdata, 3188K rodata, 1488K init, 592K bss, 69692K reserved, 0K cma-reserved)
[STDERR  ] 2017-06-13T16:53:47.895041495Z: [    0.000000] Hierarchical RCU implementation.
[STDERR  ] 2017-06-13T16:53:47.895046931Z: [    0.000000] 	Build-time adjustment of leaf fanout to 64.
[STDERR  ] 2017-06-13T16:53:47.895051741Z: [    0.000000] 	RCU restricting CPUs from NR_CPUS=128 to nr_cpu_ids=1.
[STDERR  ] 2017-06-13T16:53:47.895058183Z: [    0.000000] RCU: Adjusting geometry for rcu_fanout_leaf=64, nr_cpu_ids=1
[STDERR  ] 2017-06-13T16:53:47.895066695Z: [    0.000000] NR_IRQS:8448 nr_irqs:256 16
[STDERR  ] 2017-06-13T16:53:47.895071011Z: [    0.000000] Console: colour VGA+ 80x25
[STDERR  ] 2017-06-13T16:53:47.895076687Z: [    0.000000] console [ttyS0] enabled
[STDERR  ] 2017-06-13T16:53:47.895093331Z: [    0.000000] clocksource: hpet: mask: 0xffffffff max_cycles: 0xffffffff, max_idle_ns: 19112604467 ns
[STDERR  ] 2017-06-13T16:53:47.895099468Z: [    0.010000] tsc: Fast TSC calibration failed
[STDERR  ] 2017-06-13T16:53:47.895104745Z: [    0.050000] tsc: Unable to calibrate against PIT
[STDERR  ] 2017-06-13T16:53:47.895110305Z: [    0.050000] tsc: using HPET reference calibration
[STDERR  ] 2017-06-13T16:53:47.895115612Z: [    0.050000] tsc: Detected 2600.038 MHz processor
[STDERR  ] 2017-06-13T16:53:47.895122612Z: [    0.050000] Calibrating delay loop (skipped), value calculated using timer frequency.. 5200.07 BogoMIPS (lpj=26000380)
[STDERR  ] 2017-06-13T16:53:47.895129217Z: [    0.061491] pid_max: default: 32768 minimum: 301
[STDERR  ] 2017-06-13T16:53:47.895134519Z: [    0.062662] ACPI: Core revision 20170119
[STDERR  ] 2017-06-13T16:53:47.895139732Z: [    0.105752] ACPI: 1 ACPI AML tables successfully acquired and loaded
[STDERR  ] 2017-06-13T16:53:47.895145231Z: [    0.109548] Security Framework initialized
[STDERR  ] 2017-06-13T16:53:47.895150788Z: [    0.110351] Yama: becoming mindful.
[STDERR  ] 2017-06-13T16:53:47.895156845Z: [    0.112514] Mount-cache hash table entries: 2048 (order: 2, 16384 bytes)
[STDERR  ] 2017-06-13T16:53:47.895170073Z: [    0.113414] Mountpoint-cache hash table entries: 2048 (order: 2, 16384 bytes)
[STDERR  ] 2017-06-13T16:53:47.895175552Z: [    0.131297] Last level iTLB entries: 4KB 0, 2MB 0, 4MB 0
[STDERR  ] 2017-06-13T16:53:47.895183268Z: [    0.131949] Last level dTLB entries: 4KB 0, 2MB 0, 4MB 0, 1GB 0
[STDERR  ] 2017-06-13T16:53:47.895189429Z: [    0.499059] Freeing SMP alternatives memory: 24K
[STDERR  ] 2017-06-13T16:53:47.895194845Z: [    0.508170] ftrace: allocating 42944 entries in 168 pages
[STDERR  ] 2017-06-13T16:53:47.895200223Z: [    0.694420] smpboot: Max logical packages: 1
[STDERR  ] 2017-06-13T16:53:47.895205679Z: [    0.701905] ..TIMER: vector=0x30 apic1=0 pin1=2 apic2=-1 pin2=-1
[STDERR  ] 2017-06-13T16:53:47.895212164Z: [    0.810000] smpboot: CPU0: AMD QEMU Virtual CPU version 2.5+ (family: 0x6, model: 0x6, stepping: 0x3)
[STDERR  ] 2017-06-13T16:53:47.895217881Z: [    0.810000] Performance Events: PMU not available due to virtualization, using software events only.
[STDERR  ] 2017-06-13T16:53:47.895223267Z: [    0.816089] NMI watchdog: disabled (cpu0): hardware events not enabled
[STDERR  ] 2017-06-13T16:53:47.895226159Z: [    0.816778] NMI watchdog: Shutting down hard lockup detector on all cpus
[STDERR  ] 2017-06-13T16:53:47.895231428Z: [    0.820039] smp: Bringing up secondary CPUs ...
[STDERR  ] 2017-06-13T16:53:47.895252885Z: [    0.820601] smp: Brought up 1 node, 1 CPU
[STDERR  ] 2017-06-13T16:53:47.895258221Z: [    0.821277] smpboot: Total of 1 processors activated (5200.07 BogoMIPS)
[STDERR  ] 2017-06-13T16:53:47.895263345Z: [    0.826680] sched_clock: Marking stable (820000000, 0)->(1052547034, -232547034)
[STDERR  ] 2017-06-13T16:53:47.895266019Z: [    0.836655] devtmpfs: initialized
[STDERR  ] 2017-06-13T16:53:47.895271425Z: [    0.841605] x86/mm: Memory block size: 128MB
[STDERR  ] 2017-06-13T16:53:47.895283884Z: [    0.901523] clocksource: jiffies: mask: 0xffffffff max_cycles: 0xffffffff, max_idle_ns: 19112604462750000 ns
[STDERR  ] 2017-06-13T16:53:47.895289139Z: [    0.903005] futex hash table entries: 256 (order: 2, 16384 bytes)
[STDERR  ] 2017-06-13T16:53:47.895292002Z: [    0.912044] NET: Registered protocol family 16
[STDERR  ] 2017-06-13T16:53:47.895297771Z: [    0.919957] cpuidle: using governor ladder
[STDERR  ] 2017-06-13T16:53:47.895307717Z: [    0.920742] cpuidle: using governor menu
[STDERR  ] 2017-06-13T16:53:47.895312987Z: [    0.921382] PCCT header not found.
[STDERR  ] 2017-06-13T16:53:47.895328768Z: [    0.922719] ACPI: bus type PCI registered
[STDERR  ] 2017-06-13T16:53:47.895335325Z: [    0.925548] PCI: MMCONFIG for domain 0000 [bus 00-ff] at [mem 0xb0000000-0xbfffffff] (base 0xb0000000)
[STDERR  ] 2017-06-13T16:53:47.895340991Z: [    0.926815] PCI: MMCONFIG at [mem 0xb0000000-0xbfffffff] reserved in E820
[STDERR  ] 2017-06-13T16:53:47.895352258Z: [    0.928464] PCI: Using configuration type 1 for base access
[STDERR  ] 2017-06-13T16:53:47.895357558Z: [    0.982752] HugeTLB registered 2 MB page size, pre-allocated 0 pages
[STDERR  ] 2017-06-13T16:53:47.895363867Z: [    0.994326] ACPI: Added _OSI(Module Device)
[STDERR  ] 2017-06-13T16:53:47.895366962Z: [    0.994854] ACPI: Added _OSI(Processor Device)
[STDERR  ] 2017-06-13T16:53:47.895372522Z: [    0.995311] ACPI: Added _OSI(3.0 _SCP Extensions)
[STDERR  ] 2017-06-13T16:53:47.895380367Z: [    0.995797] ACPI: Added _OSI(Processor Aggregator Device)
[STDERR  ] 2017-06-13T16:53:47.895385619Z: [    1.070028] ACPI: Interpreter enabled
[STDERR  ] 2017-06-13T16:53:47.895398089Z: [    1.071281] ACPI: (supports S0 S5)
[STDERR  ] 2017-06-13T16:53:47.895405225Z: [    1.071864] ACPI: Using IOAPIC for interrupt routing
[STDERR  ] 2017-06-13T16:53:47.895410661Z: [    1.074067] PCI: Using host bridge windows from ACPI; if necessary, use "pci=nocrs" and report a bug
[STDERR  ] 2017-06-13T16:53:47.895413651Z: [    1.135440] ACPI: PCI Root Bridge [PCI0] (domain 0000 [bus 00-ff])
[STDERR  ] 2017-06-13T16:53:47.895418677Z: [    1.136840] acpi PNP0A08:00: _OSC: OS supports [ExtendedConfig ASPM ClockPM Segments MSI]
[STDERR  ] 2017-06-13T16:53:47.895428497Z: [    1.142818] acpi PNP0A08:00: _OSC: OS now controls [PCIeHotplug PME PCIeCapability]
[STDERR  ] 2017-06-13T16:53:47.895433707Z: [    1.146873] PCI host bridge to bus 0000:00
[STDERR  ] 2017-06-13T16:53:47.895438931Z: [    1.147638] pci_bus 0000:00: root bus resource [io  0x0000-0x0cf7 window]
[STDERR  ] 2017-06-13T16:53:47.895444007Z: [    1.148331] pci_bus 0000:00: root bus resource [io  0x0d00-0xffff window]
[STDERR  ] 2017-06-13T16:53:47.895449159Z: [    1.148993] pci_bus 0000:00: root bus resource [mem 0x000a0000-0x000bffff window]
[STDERR  ] 2017-06-13T16:53:47.895454172Z: [    1.150078] pci_bus 0000:00: root bus resource [mem 0xc0000000-0xfebfffff window]
[STDERR  ] 2017-06-13T16:53:47.895456929Z: [    1.151093] pci_bus 0000:00: root bus resource [bus 00-ff]
[STDERR  ] 2017-06-13T16:53:47.895463424Z: [    1.241228] pci 0000:00:1f.0: quirk: [io  0x0600-0x067f] claimed by ICH6 ACPI/GPIO/TCO
[STDERR  ] 2017-06-13T16:53:47.895479942Z: [    1.295109] ACPI: PCI Interrupt Link [LNKA] (IRQs 5 *10 11)
[STDERR  ] 2017-06-13T16:53:47.895485684Z: [    1.297525] ACPI: PCI Interrupt Link [LNKB] (IRQs 5 *10 11)
[STDERR  ] 2017-06-13T16:53:47.895490767Z: [    1.299648] ACPI: PCI Interrupt Link [LNKC] (IRQs 5 10 *11)
[STDERR  ] 2017-06-13T16:53:47.895495837Z: [    1.301618] ACPI: PCI Interrupt Link [LNKD] (IRQs 5 10 *11)
[STDERR  ] 2017-06-13T16:53:47.895500982Z: [    1.303557] ACPI: PCI Interrupt Link [LNKE] (IRQs 5 *10 11)
[STDERR  ] 2017-06-13T16:53:47.895503729Z: [    1.305587] ACPI: PCI Interrupt Link [LNKF] (IRQs 5 *10 11)
[STDERR  ] 2017-06-13T16:53:47.895511329Z: [    1.307580] ACPI: PCI Interrupt Link [LNKG] (IRQs 5 10 *11)
[STDERR  ] 2017-06-13T16:53:47.895519389Z: [    1.309610] ACPI: PCI Interrupt Link [LNKH] (IRQs 5 10 *11)
[STDERR  ] 2017-06-13T16:53:47.895524951Z: [    1.310693] ACPI: PCI Interrupt Link [GSIA] (IRQs *16)
[STDERR  ] 2017-06-13T16:53:47.895531735Z: [    1.311616] ACPI: PCI Interrupt Link [GSIB] (IRQs *17)
[STDERR  ] 2017-06-13T16:53:47.895534597Z: [    1.312474] ACPI: PCI Interrupt Link [GSIC] (IRQs *18)
[STDERR  ] 2017-06-13T16:53:47.895549967Z: [    1.313340] ACPI: PCI Interrupt Link [GSID] (IRQs *19)
[STDERR  ] 2017-06-13T16:53:47.895556049Z: [    1.314244] ACPI: PCI Interrupt Link [GSIE] (IRQs *20)
[STDERR  ] 2017-06-13T16:53:47.895563884Z: [    1.315117] ACPI: PCI Interrupt Link [GSIF] (IRQs *21)
[STDERR  ] 2017-06-13T16:53:47.895566919Z: [    1.316008] ACPI: PCI Interrupt Link [GSIG] (IRQs *22)
[STDERR  ] 2017-06-13T16:53:47.895572501Z: [    1.316853] ACPI: PCI Interrupt Link [GSIH] (IRQs *23)
[STDERR  ] 2017-06-13T16:53:47.895580145Z: [    1.320672] ACPI: Enabled 2 GPEs in block 00 to 3F
[STDERR  ] 2017-06-13T16:53:47.895585225Z: [    1.324630] SCSI subsystem initialized
[STDERR  ] 2017-06-13T16:53:47.895591392Z: [    1.327731] pps_core: LinuxPPS API ver. 1 registered
[STDERR  ] 2017-06-13T16:53:47.895594391Z: [    1.328260] pps_core: Software ver. 5.3.6 - Copyright 2005-2007 Rodolfo Giometti <giometti@linux.it>
[STDERR  ] 2017-06-13T16:53:47.895602939Z: [    1.329380] PTP clock support registered
[STDERR  ] 2017-06-13T16:53:47.895605624Z: [    1.330923] wmi: Mapper loaded
[STDERR  ] 2017-06-13T16:53:47.895613619Z: [    1.332215] PCI: Using ACPI for IRQ routing
[STDERR  ] 2017-06-13T16:53:47.895626014Z: [    1.349387] NetLabel: Initializing
[STDERR  ] 2017-06-13T16:53:47.895632107Z: [    1.350245] NetLabel:  domain hash size = 128
[STDERR  ] 2017-06-13T16:53:47.895635919Z: [    1.350696] NetLabel:  protocols = UNLABELED CIPSOv4 CALIPSO
[STDERR  ] 2017-06-13T16:53:47.895641852Z: [    1.352908] NetLabel:  unlabeled traffic allowed by default
[STDERR  ] 2017-06-13T16:53:47.895649929Z: [    1.354160] HPET: 3 timers in total, 0 timers will be used for per-cpu timer
[STDERR  ] 2017-06-13T16:53:47.895655171Z: [    1.355233] hpet0: at MMIO 0xfed00000, IRQs 2, 8, 0
[STDERR  ] 2017-06-13T16:53:47.895660319Z: [    1.355826] hpet0: 3 comparators, 64-bit 100.000000 MHz counter
[STDERR  ] 2017-06-13T16:53:47.895663079Z: [    1.361327] clocksource: Switched to clocksource hpet
[STDERR  ] 2017-06-13T16:53:47.895670781Z: [    1.684463] VFS: Disk quotas dquot_6.6.0
[STDERR  ] 2017-06-13T16:53:47.895673699Z: [    1.685655] VFS: Dquot-cache hash table entries: 512 (order 0, 4096 bytes)
[STDERR  ] 2017-06-13T16:53:47.895681609Z: [    1.688453] FS-Cache: Loaded
[STDERR  ] 2017-06-13T16:53:47.895687614Z: [    1.693651] CacheFiles: Loaded
[STDERR  ] 2017-06-13T16:53:47.895693412Z: [    1.695412] pnp: PnP ACPI init
[STDERR  ] 2017-06-13T16:53:47.895706952Z: [    1.706283] pnp: PnP ACPI: found 5 devices
[STDERR  ] 2017-06-13T16:53:47.895717089Z: [    1.746526] clocksource: acpi_pm: mask: 0xffffff max_cycles: 0xffffff, max_idle_ns: 2085701024 ns
[STDERR  ] 2017-06-13T16:53:47.895726524Z: [    1.749971] NET: Registered protocol family 2
[STDERR  ] 2017-06-13T16:53:47.895736816Z: [    1.757036] TCP established hash table entries: 8192 (order: 4, 65536 bytes)
[STDERR  ] 2017-06-13T16:53:47.895745816Z: [    1.758156] TCP bind hash table entries: 8192 (order: 5, 131072 bytes)
[STDERR  ] 2017-06-13T16:53:47.89575503Z: [    1.759194] TCP: Hash tables configured (established 8192 bind 8192)
[STDERR  ] 2017-06-13T16:53:47.895763892Z: [    1.761627] UDP hash table entries: 512 (order: 2, 16384 bytes)
[STDERR  ] 2017-06-13T16:53:47.895783921Z: [    1.763019] UDP-Lite hash table entries: 512 (order: 2, 16384 bytes)
[STDERR  ] 2017-06-13T16:53:47.895789637Z: [    1.765576] NET: Registered protocol family 1
[STDERR  ] 2017-06-13T16:53:47.895794871Z: [    1.768988] RPC: Registered named UNIX socket transport module.
[STDERR  ] 2017-06-13T16:53:47.895800017Z: [    1.769687] RPC: Registered udp transport module.
[STDERR  ] 2017-06-13T16:53:47.895802781Z: [    1.770165] RPC: Registered tcp transport module.
[STDERR  ] 2017-06-13T16:53:47.895807726Z: [    1.770634] RPC: Registered tcp NFSv4.1 backchannel transport module.
[STDERR  ] 2017-06-13T16:53:47.895823794Z: [    1.771998] pci 0000:00:01.0: Video device with shadowed ROM at [mem 0x000c0000-0x000dffff]
[STDERR  ] 2017-06-13T16:53:47.8958294Z: [    1.779629] Unpacking initramfs...
[STDERR  ] 2017-06-13T16:53:47.895832089Z: [    8.301391] Freeing initrd memory: 33380K
[STDERR  ] 2017-06-13T16:53:47.895839566Z: [    8.324834] PCLMULQDQ-NI instructions are not detected.
[STDERR  ] 2017-06-13T16:53:47.895846252Z: [    8.326413] AVX or AES-NI instructions are not detected.
[STDERR  ] 2017-06-13T16:53:47.89586003Z: [    8.327149] CPU feature 'AVX registers' is not supported.
[STDERR  ] 2017-06-13T16:53:47.895872792Z: [    8.327747] CPU feature 'AVX registers' is not supported.
[STDERR  ] 2017-06-13T16:53:47.89587833Z: [    8.328325] CPU feature 'AVX registers' is not supported.
[STDERR  ] 2017-06-13T16:53:47.895882784Z: [    8.328988] CPU feature 'AVX registers' is not supported.
[STDERR  ] 2017-06-13T16:53:47.895890267Z: [    8.329557] AVX2 or AES-NI instructions are not detected.
[STDERR  ] 2017-06-13T16:53:47.895895252Z: [    8.330124] AVX2 instructions are not detected.
[STDERR  ] 2017-06-13T16:53:47.895897837Z: [    8.335494] audit: initializing netlink subsys (disabled)
[STDERR  ] 2017-06-13T16:53:47.895905667Z: [    8.342552] audit: type=2000 audit(1497372791.330:1): state=initialized audit_enabled=0 res=1
[STDERR  ] 2017-06-13T16:53:47.895910767Z: [    8.344471] workingset: timestamp_bits=46 max_order=18 bucket_order=0
[STDERR  ] 2017-06-13T16:53:47.895915929Z: [    8.349867] FS-Cache: Netfs 'nfs' registered for caching
[STDERR  ] 2017-06-13T16:53:47.895922124Z: [    8.352599] NFS: Registering the id_resolver key type
[STDERR  ] 2017-06-13T16:53:47.8959338Z: [    8.354080] Key type id_resolver registered
[STDERR  ] 2017-06-13T16:53:47.895939594Z: [    8.354551] Key type id_legacy registered
[STDERR  ] 2017-06-13T16:53:47.89594749Z: [    8.355183] nfs4filelayout_init: NFSv4 File Layout Driver Registering...
[STDERR  ] 2017-06-13T16:53:47.895952657Z: [    8.356225] Installing knfsd (copyright (C) 1996 okir@monad.swb.de).
[STDERR  ] 2017-06-13T16:53:47.895962012Z: [    8.359629] FS-Cache: Netfs 'cifs' registered for caching
[STDERR  ] 2017-06-13T16:53:47.895967906Z: [    8.360817] ntfs: driver 2.1.32 [Flags: R/O].
[STDERR  ] 2017-06-13T16:53:47.895970416Z: [    8.361886] fuse init (API version 7.26)
[STDERR  ] 2017-06-13T16:53:47.895975397Z: [    8.364160] SGI XFS with ACLs, security attributes, no debug enabled
[STDERR  ] 2017-06-13T16:53:47.89598299Z: [    8.368247] 9p: Installing v9fs 9p2000 file system support
[STDERR  ] 2017-06-13T16:53:47.895987992Z: [    8.369011] FS-Cache: Netfs '9p' registered for caching
[STDERR  ] 2017-06-13T16:53:47.89599304Z: [    8.405649] NET: Registered protocol family 38
[STDERR  ] 2017-06-13T16:53:47.89599574Z: [    8.406572] Key type asymmetric registered
[STDERR  ] 2017-06-13T16:53:47.896011379Z: [    8.407079] Asymmetric key parser 'x509' registered
[STDERR  ] 2017-06-13T16:53:47.896014016Z: [    8.408028] Block layer SCSI generic (bsg) driver version 0.4 loaded (major 251)
[STDERR  ] 2017-06-13T16:53:47.896021687Z: [    8.409641] io scheduler noop registered
[STDERR  ] 2017-06-13T16:53:47.896026747Z: [    8.410126] io scheduler deadline registered (default)
[STDERR  ] 2017-06-13T16:53:47.896031552Z: [    8.411823] io scheduler cfq registered
[STDERR  ] 2017-06-13T16:53:47.896036646Z: [    8.412281] io scheduler mq-deadline registered
[STDERR  ] 2017-06-13T16:53:47.89604185Z: [    8.415438] shpchp: Standard Hot Plug PCI Controller Driver version: 0.4
[STDERR  ] 2017-06-13T16:53:47.896047122Z: [    8.416490] hv_vmbus: registering driver hyperv_fb
[STDERR  ] 2017-06-13T16:53:47.896052297Z: [    8.419456] input: Power Button as /devices/LNXSYSTM:00/LNXPWRBN:00/input/input0
[STDERR  ] 2017-06-13T16:53:47.896054827Z: [    8.420861] ACPI: Power Button [PWRF]
[STDERR  ] 2017-06-13T16:53:47.896059817Z: [    8.425756] GHES: HEST is not enabled!
[STDERR  ] 2017-06-13T16:53:47.89607019Z: [    8.437098] ACPI: PCI Interrupt Link [GSIH] enabled at IRQ 23
[STDERR  ] 2017-06-13T16:53:47.896073412Z: [    8.443258] xenfs: not registering filesystem on non-xen platform
[STDERR  ] 2017-06-13T16:53:47.896173272Z: [    8.445342] Serial: 8250/16550 driver, 4 ports, IRQ sharing disabled
[STDERR  ] 2017-06-13T16:53:47.896182287Z: [    8.471752] 00:04: ttyS0 at I/O 0x3f8 (irq = 4, base_baud = 115200) is a 16550A
[STDERR  ] 2017-06-13T16:53:47.896187434Z: [    8.478038] Initializing Nozomi driver 2.1d
[STDERR  ] 2017-06-13T16:53:47.89619663Z: [    8.482249] Non-volatile memory driver v1.3
[STDERR  ] 2017-06-13T16:53:47.896204532Z: [    8.488581] Hangcheck: starting hangcheck timer 0.9.1 (tick is 180 seconds, margin is 60 seconds).
[STDERR  ] 2017-06-13T16:53:47.896210064Z: [    8.525207] loop: module loaded
[STDERR  ] 2017-06-13T16:53:47.896215374Z: [    8.580568] lpc_ich 0000:00:1f.0: I/O space for GPIO uninitialized
[STDERR  ] 2017-06-13T16:53:47.896220552Z: [    8.582776] VMware PVSCSI driver - version 1.0.7.0-k
[STDERR  ] 2017-06-13T16:53:47.896227572Z: [    8.583653] hv_vmbus: registering driver hv_storvsc
[STDERR  ] 2017-06-13T16:53:47.896332636Z: [    8.593508] ACPI: PCI Interrupt Link [GSIA] enabled at IRQ 16
[STDERR  ] 2017-06-13T16:53:47.896337849Z: [    8.599592] ahci 0000:00:1f.2: AHCI 0001.0000 32 slots 6 ports 1.5 Gbps 0x3f impl SATA mode
[STDERR  ] 2017-06-13T16:53:47.896345968Z: [    8.600618] ahci 0000:00:1f.2: flags: 64bit ncq only 
[STDERR  ] 2017-06-13T16:53:47.896348907Z: [    8.616555] scsi host0: ahci
[STDERR  ] 2017-06-13T16:53:47.89635706Z: [    8.620783] scsi host1: ahci
[STDERR  ] 2017-06-13T16:53:47.896362025Z: [    8.622939] scsi host2: ahci
[STDERR  ] 2017-06-13T16:53:47.896367045Z: [    8.624906] scsi host3: ahci
[STDERR  ] 2017-06-13T16:53:47.896378795Z: [    8.626870] scsi host4: ahci
[STDERR  ] 2017-06-13T16:53:47.896384595Z: [    8.628764] scsi host5: ahci
[STDERR  ] 2017-06-13T16:53:47.896389833Z: [    8.630250] ata1: SATA max UDMA/133 abar m4096@0xfebf1000 port 0xfebf1100 irq 24
[STDERR  ] 2017-06-13T16:53:47.896493321Z: [    8.631323] ata2: SATA max UDMA/133 abar m4096@0xfebf1000 port 0xfebf1180 irq 24
[STDERR  ] 2017-06-13T16:53:47.896499351Z: [    8.632071] ata3: SATA max UDMA/133 abar m4096@0xfebf1000 port 0xfebf1200 irq 24
[STDERR  ] 2017-06-13T16:53:47.896502Z: [    8.632791] ata4: SATA max UDMA/133 abar m4096@0xfebf1000 port 0xfebf1280 irq 24
[STDERR  ] 2017-06-13T16:53:47.896507203Z: [    8.633513] ata5: SATA max UDMA/133 abar m4096@0xfebf1000 port 0xfebf1300 irq 24
[STDERR  ] 2017-06-13T16:53:47.896514793Z: [    8.634231] ata6: SATA max UDMA/133 abar m4096@0xfebf1000 port 0xfebf1380 irq 24
[STDERR  ] 2017-06-13T16:53:47.896519938Z: [    8.643256] Ethernet Channel Bonding Driver: v3.7.1 (April 27, 2011)
[STDERR  ] 2017-06-13T16:53:47.896526165Z: [    8.657793] tun: Universal TUN/TAP device driver, 1.6
[STDERR  ] 2017-06-13T16:53:47.896531607Z: [    8.659573] ena: Elastic Network Adapter (ENA) v1.1.2
[STDERR  ] 2017-06-13T16:53:47.896536591Z: [    8.661565] e1000: Intel(R) PRO/1000 Network Driver - version 7.3.21-k8-NAPI
[STDERR  ] 2017-06-13T16:53:47.896541621Z: [    8.662271] e1000: Copyright (c) 1999-2006 Intel Corporation.
[STDERR  ] 2017-06-13T16:53:47.89654665Z: [    8.669943] ACPI: PCI Interrupt Link [GSIG] enabled at IRQ 22
[STDERR  ] 2017-06-13T16:53:47.896643618Z: [    8.965751] ata3: SATA link up 1.5 Gbps (SStatus 113 SControl 300)
[STDERR  ] 2017-06-13T16:53:47.89665776Z: [    8.969074] ata2: SATA link down (SStatus 0 SControl 300)
[STDERR  ] 2017-06-13T16:53:47.89666537Z: [    8.970799] ata1: SATA link down (SStatus 0 SControl 300)
[STDERR  ] 2017-06-13T16:53:47.896668334Z: [    8.971759] ata5: SATA link down (SStatus 0 SControl 300)
[STDERR  ] 2017-06-13T16:53:47.896676265Z: [    8.972504] ata4: SATA link down (SStatus 0 SControl 300)
[STDERR  ] 2017-06-13T16:53:47.896681671Z: [    8.975204] ata3.00: ATAPI: QEMU DVD-ROM, 2.5+, max UDMA/100
[STDERR  ] 2017-06-13T16:53:47.896684339Z: [    8.975982] ata3.00: applying bridge limits
[STDERR  ] 2017-06-13T16:53:47.896696751Z: [    8.977804] ata3.00: configured for UDMA/100
[STDERR  ] 2017-06-13T16:53:47.89670241Z: [    8.981381] ata6: SATA link down (SStatus 0 SControl 300)
[STDERR  ] 2017-06-13T16:53:47.896704901Z: [    8.991618] scsi 2:0:0:0: CD-ROM            QEMU     QEMU DVD-ROM     2.5+ PQ: 0 ANSI: 5
[STDERR  ] 2017-06-13T16:53:47.896824444Z: [    9.013803] sr 2:0:0:0: [sr0] scsi3-mmc drive: 4x/4x cd/rw xa/form2 tray
[STDERR  ] 2017-06-13T16:53:47.89683662Z: [    9.014911] cdrom: Uniform CD-ROM driver Revision: 3.20
[STDERR  ] 2017-06-13T16:53:47.896855807Z: [    9.020498] sr 2:0:0:0: Attached scsi generic sg0 type 5
[STDERR  ] 2017-06-13T16:53:47.896858635Z: [    9.044288] e1000 0000:00:02.0 eth0: (PCI:33MHz:32-bit) 52:54:00:12:34:56
[STDERR  ] 2017-06-13T16:53:47.896866424Z: [    9.045240] e1000 0000:00:02.0 eth0: Intel(R) PRO/1000 Network Connection
[STDERR  ] 2017-06-13T16:53:47.896937473Z: [    9.046601] e1000e: Intel(R) PRO/1000 Network Driver - 3.2.6-k
[STDERR  ] 2017-06-13T16:53:47.896941476Z: [    9.047224] e1000e: Copyright(c) 1999 - 2015 Intel Corporation.
[STDERR  ] 2017-06-13T16:53:47.896946979Z: [    9.048234] igb: Intel(R) Gigabit Ethernet Network Driver - version 5.4.0-k
[STDERR  ] 2017-06-13T16:53:47.896954807Z: [    9.048959] igb: Copyright (c) 2007-2014 Intel Corporation.
[STDERR  ] 2017-06-13T16:53:47.896959947Z: [    9.049942] igbvf: Intel(R) Gigabit Virtual Function Network Driver - version 2.4.0-k
[STDERR  ] 2017-06-13T16:53:47.896965184Z: [    9.050747] igbvf: Copyright (c) 2009 - 2012 Intel Corporation.
[STDERR  ] 2017-06-13T16:53:47.896970213Z: [    9.052111] ixgbe: Intel(R) 10 Gigabit PCI Express Network Driver - version 5.0.0-k
[STDERR  ] 2017-06-13T16:53:47.896975154Z: [    9.052909] ixgbe: Copyright (c) 1999-2016 Intel Corporation.
[STDERR  ] 2017-06-13T16:53:47.896980336Z: [    9.054661] ixgbevf: Intel(R) 10 Gigabit PCI Express Virtual Function Network Driver - version 3.2.2-k
[STDERR  ] 2017-06-13T16:53:47.896985767Z: [    9.055607] ixgbevf: Copyright (c) 2009 - 2015 Intel Corporation.
[STDERR  ] 2017-06-13T16:53:47.89699096Z: [    9.057161] ixgb: Intel(R) PRO/10GbE Network Driver - version 1.0.135-k2-NAPI
[STDERR  ] 2017-06-13T16:53:47.897087457Z: [    9.057912] ixgb: Copyright (c) 1999-2008 Intel Corporation.
[STDERR  ] 2017-06-13T16:53:47.897093417Z: [    9.059063] PPP generic driver version 2.4.2
[STDERR  ] 2017-06-13T16:53:47.897101054Z: [    9.060777] PPP BSD Compression module registered
[STDERR  ] 2017-06-13T16:53:47.897106251Z: [    9.061672] PPP Deflate Compression module registered
[STDERR  ] 2017-06-13T16:53:47.897109033Z: [    9.062602] PPP MPPE Compression module registered
[STDERR  ] 2017-06-13T16:53:47.897113907Z: [    9.063162] NET: Registered protocol family 24
[STDERR  ] 2017-06-13T16:53:47.89712261Z: [    9.064029] PPTP driver version 0.8.5
[STDERR  ] 2017-06-13T16:53:47.89712779Z: [    9.065619] VMware vmxnet3 virtual NIC driver - version 1.4.a.0-k-NAPI
[STDERR  ] 2017-06-13T16:53:47.897134121Z: [    9.066710] hv_vmbus: registering driver hv_netvsc
[STDERR  ] 2017-06-13T16:53:47.897137014Z: [    9.067258] Fusion MPT base driver 3.04.20
[STDERR  ] 2017-06-13T16:53:47.8971422Z: [    9.067693] Copyright (c) 1999-2008 LSI Corporation
[STDERR  ] 2017-06-13T16:53:47.897256999Z: [    9.068487] Fusion MPT SPI Host driver 3.04.20
[STDERR  ] 2017-06-13T16:53:47.897262979Z: [    9.073970] aoe: AoE v85 initialised.
[STDERR  ] 2017-06-13T16:53:47.897268216Z: [    9.076622] i8042: PNP: PS/2 Controller [PNP0303:KBD,PNP0f13:MOU] at 0x60,0x64 irq 1,12
[STDERR  ] 2017-06-13T16:53:47.897273377Z: [    9.080749] serio: i8042 KBD port at 0x60,0x64 irq 1
[STDERR  ] 2017-06-13T16:53:47.897276149Z: [    9.081959] serio: i8042 AUX port at 0x60,0x64 irq 12
[STDERR  ] 2017-06-13T16:53:47.897281386Z: [    9.084571] hv_vmbus: registering driver hyperv_keyboard
[STDERR  ] 2017-06-13T16:53:47.897288861Z: [    9.086664] mousedev: PS/2 mouse device common for all mice
[STDERR  ] 2017-06-13T16:53:47.897298771Z: [    9.091506] input: AT Translated Set 2 keyboard as /devices/platform/i8042/serio0/input/input1
[STDERR  ] 2017-06-13T16:53:47.897320339Z: [    9.094214] input: PC Speaker as /devices/platform/pcspkr/input/input2
[STDERR  ] 2017-06-13T16:53:47.897328971Z: [    9.097883] rtc_cmos 00:00: RTC can wake from S4
[STDERR  ] 2017-06-13T16:53:47.897337187Z: [    9.100892] rtc_cmos 00:00: rtc core: registered rtc_cmos as rtc0
[STDERR  ] 2017-06-13T16:53:47.897339724Z: [    9.102550] rtc_cmos 00:00: alarms up to one day, y3k, 114 bytes nvram, hpet irqs
[STDERR  ] 2017-06-13T16:53:47.89734473Z: [    9.103632] i2c /dev entries driver
[STDERR  ] 2017-06-13T16:53:47.897355957Z: [    9.105651] device-mapper: ioctl: 4.35.0-ioctl (2016-06-23) initialised: dm-devel@redhat.com
[STDERR  ] 2017-06-13T16:53:47.897361224Z: [    9.109934] hv_utils: Registering HyperV Utility Driver
[STDERR  ] 2017-06-13T16:53:47.897369096Z: [    9.110543] hv_vmbus: registering driver hv_util
[STDERR  ] 2017-06-13T16:53:47.89737645Z: [    9.111324] hv_vmbus: registering driver hv_balloon
[STDERR  ] 2017-06-13T16:53:47.897392966Z: [    9.112203] oprofile: using NMI interrupt.
[STDERR  ] 2017-06-13T16:53:47.897398277Z: [    9.113532] GACT probability on
[STDERR  ] 2017-06-13T16:53:47.897401071Z: [    9.114249] Mirror/redirect action on
[STDERR  ] 2017-06-13T16:53:47.89740832Z: [    9.115283] Simple TC action Loaded
[STDERR  ] 2017-06-13T16:53:47.897413347Z: [    9.118217] netem: version 1.3
[STDERR  ] 2017-06-13T16:53:47.897418461Z: [    9.118617] u32 classifier
[STDERR  ] 2017-06-13T16:53:47.897423484Z: [    9.118913]     Performance counters on
[STDERR  ] 2017-06-13T16:53:47.897426094Z: [    9.119321]     input device check on
[STDERR  ] 2017-06-13T16:53:47.897433693Z: [    9.119714]     Actions configured
[STDERR  ] 2017-06-13T16:53:47.897438824Z: [    9.120488] Netfilter messages via NETLINK v0.30.
[STDERR  ] 2017-06-13T16:53:47.897443932Z: [    9.121667] nfnl_acct: registering with nfnetlink.
[STDERR  ] 2017-06-13T16:53:47.897449912Z: [    9.123763] nf_conntrack version 0.5.0 (8192 buckets, 32768 max)
[STDERR  ] 2017-06-13T16:53:47.89745482Z: [    9.126238] ctnetlink v0.93: registering with nfnetlink.
[STDERR  ] 2017-06-13T16:53:47.897470456Z: [    9.129285] nf_tables: (c) 2007-2009 Patrick McHardy <kaber@trash.net>
[STDERR  ] 2017-06-13T16:53:47.89747577Z: [    9.130428] nf_tables_compat: (c) 2012 Pablo Neira Ayuso <pablo@netfilter.org>
[STDERR  ] 2017-06-13T16:53:47.897480994Z: [    9.133638] xt_time: kernel timezone is -0000
[STDERR  ] 2017-06-13T16:53:47.897483657Z: [    9.134440] ip_set: protocol 6
[STDERR  ] 2017-06-13T16:53:47.897488584Z: [    9.135287] IPVS: Registered protocols (TCP, UDP, SCTP, AH, ESP)
[STDERR  ] 2017-06-13T16:53:47.897496184Z: [    9.136269] IPVS: Connection hash table configured (size=4096, memory=64Kbytes)
[STDERR  ] 2017-06-13T16:53:47.89750118Z: [    9.138240] IPVS: Creating netns size=2096 id=0
[STDERR  ] 2017-06-13T16:53:47.897507227Z: [    9.141789] IPVS: ipvs loaded.
[STDERR  ] 2017-06-13T16:53:47.897512287Z: [    9.142431] IPVS: [rr] scheduler registered.
[STDERR  ] 2017-06-13T16:53:47.89752193Z: [    9.142965] IPVS: [wrr] scheduler registered.
[STDERR  ] 2017-06-13T16:53:47.897527023Z: [    9.143433] IPVS: [lc] scheduler registered.
[STDERR  ] 2017-06-13T16:53:47.897539419Z: [    9.143875] IPVS: [wlc] scheduler registered.
[STDERR  ] 2017-06-13T16:53:47.8975456Z: [    9.144380] IPVS: [fo] scheduler registered.
[STDERR  ] 2017-06-13T16:53:47.897550653Z: [    9.144834] IPVS: [ovf] scheduler registered.
[STDERR  ] 2017-06-13T16:53:47.897555766Z: [    9.145552] IPVS: [lblc] scheduler registered.
[STDERR  ] 2017-06-13T16:53:47.897560764Z: [    9.146181] IPVS: [lblcr] scheduler registered.
[STDERR  ] 2017-06-13T16:53:47.897563399Z: [    9.146712] IPVS: [dh] scheduler registered.
[STDERR  ] 2017-06-13T16:53:47.897568429Z: [    9.147157] IPVS: [sh] scheduler registered.
[STDERR  ] 2017-06-13T16:53:47.897575986Z: [    9.147601] IPVS: [sed] scheduler registered.
[STDERR  ] 2017-06-13T16:53:47.897580926Z: [    9.148062] IPVS: [nq] scheduler registered.
[STDERR  ] 2017-06-13T16:53:47.897589803Z: [    9.149014] IPVS: ftp: loaded support on port[0] = 21
[STDERR  ] 2017-06-13T16:53:47.897599336Z: [    9.150073] ipip: IPv4 and MPLS over IPv4 tunneling driver
[STDERR  ] 2017-06-13T16:53:47.89760464Z: [    9.154055] gre: GRE over IPv4 demultiplexor driver
[STDERR  ] 2017-06-13T16:53:47.897618792Z: [    9.154615] ip_gre: GRE over IPv4 tunneling driver
[STDERR  ] 2017-06-13T16:53:47.897624621Z: [    9.158756] IPv4 over IPsec tunneling driver
[STDERR  ] 2017-06-13T16:53:47.897627468Z: [    9.164699] ip_tables: (C) 2000-2006 Netfilter Core Team
[STDERR  ] 2017-06-13T16:53:47.89763559Z: [    9.168139] ipt_CLUSTERIP: ClusterIP Version 0.8 loaded successfully
[STDERR  ] 2017-06-13T16:53:47.897643367Z: [    9.169143] arp_tables: arp_tables: (C) 2002 David S. Miller
[STDERR  ] 2017-06-13T16:53:47.897650014Z: [    9.171661] Initializing XFRM netlink socket
[STDERR  ] 2017-06-13T16:53:47.897655145Z: [    9.173041] NET: Registered protocol family 10
[STDERR  ] 2017-06-13T16:53:47.897660303Z: [    9.184207] Segment Routing with IPv6
[STDERR  ] 2017-06-13T16:53:47.897665638Z: [    9.185729] mip6: Mobile IPv6
[STDERR  ] 2017-06-13T16:53:47.897670927Z: [    9.186837] ip6_tables: (C) 2000-2006 Netfilter Core Team
[STDERR  ] 2017-06-13T16:53:47.897673661Z: [    9.194742] sit: IPv6, IPv4 and MPLS over IPv4 tunneling driver
[STDERR  ] 2017-06-13T16:53:47.897679253Z: [    9.200393] ip6_gre: GRE over IPv6 tunneling driver
[STDERR  ] 2017-06-13T16:53:47.897695177Z: [    9.203924] NET: Registered protocol family 17
[STDERR  ] 2017-06-13T16:53:47.897700203Z: [    9.204784] NET: Registered protocol family 15
[STDERR  ] 2017-06-13T16:53:47.897705015Z: [    9.205930] Bridge firewalling registered
[STDERR  ] 2017-06-13T16:53:47.897707615Z: [    9.206685] Ebtables v2.0 registered
[STDERR  ] 2017-06-13T16:53:47.897715275Z: [    9.209884] l2tp_core: L2TP core driver, V2.0
[STDERR  ] 2017-06-13T16:53:47.897723863Z: [    9.210603] l2tp_ppp: PPPoL2TP kernel driver, V2.0
[STDERR  ] 2017-06-13T16:53:47.897728198Z: [    9.211485] 8021q: 802.1Q VLAN Support v1.8
[STDERR  ] 2017-06-13T16:53:47.897746061Z: [    9.213151] 9pnet: Installing 9P2000 support
[STDERR  ] 2017-06-13T16:53:47.897754215Z: [    9.214180] Key type dns_resolver registered
[STDERR  ] 2017-06-13T16:53:47.89775918Z: [    9.214718] openvswitch: Open vSwitch switching datapath
[STDERR  ] 2017-06-13T16:53:47.897774214Z: [    9.216875] mpls_gso: MPLS GSO support
[STDERR  ] 2017-06-13T16:53:47.89777688Z: [    9.220368] registered taskstats version 1
[STDERR  ] 2017-06-13T16:53:47.897781823Z: [    9.362363] tsc: Refined TSC clocksource calibration: 2599.998 MHz
[STDERR  ] 2017-06-13T16:53:47.897790295Z: [    9.363394] clocksource: tsc: mask: 0xffffffffffffffff max_cycles: 0x257a3a7b45f, max_idle_ns: 440795312762 ns
[STDERR  ] 2017-06-13T16:53:47.897795523Z: [    9.402233] Key type big_key registered
[STDERR  ] 2017-06-13T16:53:47.897800438Z: [    9.442361] Key type encrypted registered
[STDERR  ] 2017-06-13T16:53:47.897805491Z: [    9.447079] rtc_cmos 00:00: setting system clock to 2017-06-13 16:53:13 UTC (1497372793)
[STDERR  ] 2017-06-13T16:53:47.8978105Z: [    9.598084] Freeing unused kernel memory: 1488K
[STDERR  ] 2017-06-13T16:53:47.897813235Z: [    9.598921] Write protecting the kernel read-only data: 14336k
[STDERR  ] 2017-06-13T16:53:47.897820697Z: [    9.608529] Freeing unused kernel memory: 432K
[STDERR  ] 2017-06-13T16:53:47.897825955Z: [    9.706882] Freeing unused kernel memory: 908K
[STDERR  ] 2017-06-13T16:53:47.897830987Z: [   10.381930] clocksource: Switched to clocksource tsc
[STDERR  ] 2017-06-13T16:53:47.897836074Z: 
[STDERR  ] 2017-06-13T16:53:47.897846178Z: Starting containerd
[STDERR  ] 2017-06-13T16:53:47.897854307Z: 
[STDERR  ] 2017-06-13T16:53:47.897859628Z: Welcome to LinuxKit
[STDERR  ] 2017-06-13T16:53:47.897868078Z: 
[STDERR  ] 2017-06-13T16:53:47.897877235Z:                         ##         .
[STDERR  ] 2017-06-13T16:53:47.897881821Z:                   ## ## ##        ==
[STDERR  ] 2017-06-13T16:53:47.897890833Z:                ## ## ## ## ##    ===
[STDERR  ] 2017-06-13T16:53:47.897909685Z:            /"""""""""""""""""\___/ ===
[STDERR  ] 2017-06-13T16:53:47.897934638Z:       ~~~ {~~ ~~~~ ~~~ ~~~~ ~~~ ~ /  ===- ~~~
[STDERR  ] 2017-06-13T16:53:47.897939927Z:            \______ o           __/
[STDERR  ] 2017-06-13T16:53:47.897945411Z:              \    \         __/
[STDERR  ] 2017-06-13T16:53:47.89795077Z:               \____\_______/
[STDERR  ] 2017-06-13T16:53:47.897955791Z: 
[STDERR  ] 2017-06-13T16:53:47.897963061Z: [34mINFO[0m[0000] starting containerd boot...                   [34mmodule[0m=containerd
[STDERR  ] 2017-06-13T16:53:47.897968898Z: [34mINFO[0m[0000] starting debug API...                         [34mdebug[0m="/run/containerd/debug.sock" [34mmodule[0m=containerd
[STDERR  ] 2017-06-13T16:53:47.89798147Z: [34mINFO[0m[0000] loading monitor plugin "cgroups"...           [34mmodule[0m=containerd
[STDERR  ] 2017-06-13T16:53:47.897986521Z: [34mINFO[0m[0000] loading runtime plugin "linux"...             [34mmodule[0m=containerd
[STDERR  ] 2017-06-13T16:53:47.897988993Z: [34mINFO[0m[0000] loading snapshot plugin "snapshot-overlay"...  [34mmodule[0m=containerd
[STDERR  ] 2017-06-13T16:53:47.898012918Z: [34mINFO[0m[0000] loading differ plugin "diff-base"...          [34mmodule[0m=containerd
[STDERR  ] 2017-06-13T16:53:47.898018327Z: [34mINFO[0m[0000] loading grpc service plugin "images-grpc"...  [34mmodule[0m=containerd
[STDERR  ] 2017-06-13T16:53:47.898023341Z: [34mINFO[0m[0000] loading grpc service plugin "metrics-grpc"...  [34mmodule[0m=containerd
[STDERR  ] 2017-06-13T16:53:47.898028273Z: [34mINFO[0m[0000] loading grpc service plugin "content-grpc"...  [34mmodule[0m=containerd
[STDERR  ] 2017-06-13T16:53:47.89803085Z: [34mINFO[0m[0000] loading grpc service plugin "namespaces-grpc"...  [34mmodule[0m=containerd
[STDERR  ] 2017-06-13T16:53:47.898038194Z: [34mINFO[0m[0000] loading grpc service plugin "version-grpc"...  [34mmodule[0m=containerd
[STDERR  ] 2017-06-13T16:53:47.898043207Z: [34mINFO[0m[0000] loading grpc service plugin "containers-grpc"...  [34mmodule[0m=containerd
[STDERR  ] 2017-06-13T16:53:47.898048205Z: [34mINFO[0m[0000] loading grpc service plugin "tasks-grpc"...   [34mmodule[0m=containerd
[STDERR  ] 2017-06-13T16:53:47.898053077Z: [34mINFO[0m[0000] loading grpc service plugin "healthcheck-grpc"...  [34mmodule[0m=containerd
[STDERR  ] 2017-06-13T16:53:47.898058203Z: [34mINFO[0m[0000] loading grpc service plugin "snapshots-grpc"...  [34mmodule[0m=containerd
[STDERR  ] 2017-06-13T16:53:47.898063727Z: [34mINFO[0m[0000] loading grpc service plugin "diff-grpc"...    [34mmodule[0m=containerd[   17.518223] random: fast init done
[STDERR  ] 2017-06-13T16:53:47.898066515Z: 
[STDERR  ] 2017-06-13T16:53:47.898083198Z: [34mINFO[0m[0000] starting GRPC API server...                   [34mmodule[0m=containerd
[STDERR  ] 2017-06-13T16:53:47.89808815Z: [34mINFO[0m[0000] containerd successfully booted in 0.183253s   [34mmodule[0m=containerd
[STDERR  ] 2017-06-13T16:53:47.89809078Z: starting kernel config sanity test with /proc/config.gz
[STDERR  ] 2017-06-13T16:53:47.898096198Z: kernel config test succeeded!
[STDERR  ] 2017-06-13T16:53:47.898103791Z: [37minfo: reading kernel config from /proc/config.gz ...[m
[STDERR  ] 2017-06-13T16:53:47.898108913Z: 
[STDERR  ] 2017-06-13T16:53:47.898114001Z: Generally Necessary:
[STDERR  ] 2017-06-13T16:53:47.898118985Z: - [37mcgroup hierarchy[m: [32mproperly mounted[m [/sys/fs/cgroup]
[STDERR  ] 2017-06-13T16:53:47.898124025Z: - [37mCONFIG_NAMESPACES[m: [32menabled[m
[STDERR  ] 2017-06-13T16:53:47.898128923Z: - [37mCONFIG_NET_NS[m: [32menabled[m
[STDERR  ] 2017-06-13T16:53:47.898133924Z: - [37mCONFIG_PID_NS[m: [32menabled[m
[STDERR  ] 2017-06-13T16:53:47.898138781Z: - [37mCONFIG_IPC_NS[m: [32menabled[m
[STDERR  ] 2017-06-13T16:53:47.898143657Z: - [37mCONFIG_UTS_NS[m: [32menabled[m
[STDERR  ] 2017-06-13T16:53:47.898156618Z: - [37mCONFIG_CGROUPS[m: [32menabled[m
[STDERR  ] 2017-06-13T16:53:47.898169731Z: - [37mCONFIG_CGROUP_CPUACCT[m: [32menabled[m
[STDERR  ] 2017-06-13T16:53:47.898173098Z: - [37mCONFIG_CGROUP_DEVICE[m: [32menabled[m
[STDERR  ] 2017-06-13T16:53:47.898177848Z: - [37mCONFIG_CGROUP_FREEZER[m: [32menabled[m
[STDERR  ] 2017-06-13T16:53:47.898185163Z: - [37mCONFIG_CGROUP_SCHED[m: [32menabled[m
[STDERR  ] 2017-06-13T16:53:47.898189877Z: - [37mCONFIG_CPUSETS[m: [32menabled[m
[STDERR  ] 2017-06-13T16:53:47.898194611Z: - [37mCONFIG_MEMCG[m: [32menabled[m
[STDERR  ] 2017-06-13T16:53:47.898199497Z: - [37mCONFIG_KEYS[m: [32menabled[m
[STDERR  ] 2017-06-13T16:53:47.898206465Z: - [37mCONFIG_VETH[m: [32menabled[m
[STDERR  ] 2017-06-13T16:53:47.898211403Z: - [37mCONFIG_BRIDGE[m: [32menabled[m
[STDERR  ] 2017-06-13T16:53:47.898214117Z: - [37mCONFIG_BRIDGE_NETFILTER[m: [32menabled[m
[STDERR  ] 2017-06-13T16:53:47.898229943Z: - [37mCONFIG_NF_NAT_IPV4[m: [32menabled[m
[STDERR  ] 2017-06-13T16:53:47.898240823Z: - [37mCONFIG_IP_NF_FILTER[m: [32menabled[m
[STDERR  ] 2017-06-13T16:53:47.898243766Z: - [37mCONFIG_IP_NF_TARGET_MASQUERADE[m: [32menabled[m
[STDERR  ] 2017-06-13T16:53:47.898255356Z: - [37mCONFIG_NETFILTER_XT_MATCH_ADDRTYPE[m: [32menabled[m
[STDERR  ] 2017-06-13T16:53:47.898260321Z: - [37mCONFIG_NETFILTER_XT_MATCH_CONNTRACK[m: [32menabled[m
[STDERR  ] 2017-06-13T16:53:47.898265254Z: - [37mCONFIG_NETFILTER_XT_MATCH_IPVS[m: [32menabled[m
[STDERR  ] 2017-06-13T16:53:47.898268054Z: - [37mCONFIG_IP_NF_NAT[m: [32menabled[m
[STDERR  ] 2017-06-13T16:53:47.898273034Z: - [37mCONFIG_NF_NAT[m: [32menabled[m
[STDERR  ] 2017-06-13T16:53:47.898280618Z: - [37mCONFIG_NF_NAT_NEEDED[m: [32menabled[m
[STDERR  ] 2017-06-13T16:53:47.898285484Z: - [37mCONFIG_POSIX_MQUEUE[m: [32menabled[m
[STDERR  ] 2017-06-13T16:53:47.898290513Z: 
[STDERR  ] 2017-06-13T16:53:47.898308243Z: Optional Features:
[STDERR  ] 2017-06-13T16:53:47.898313993Z: - [37mCONFIG_USER_NS[m: [32menabled[m
[STDERR  ] 2017-06-13T16:53:47.898318907Z: - [37mCONFIG_SECCOMP[m: [32menabled[m
[STDERR  ] 2017-06-13T16:53:47.898323761Z: - [37mCONFIG_CGROUP_PIDS[m: [32menabled[m
[STDERR  ] 2017-06-13T16:53:47.89832863Z: - [37mCONFIG_MEMCG_SWAP[m: [32menabled[m
