[INFO    ] 2017-08-15T14:24:43.69232897Z: Running Test linuxkit.packages.ca-certificates in /tmp/build/test/cases/040_packages/003_ca-certificates
[INFO    ] 2017-08-15T14:24:43.692447209Z: Running command: [/bin/sh -x /tmp/build/test/cases/040_packages/003_ca-certificates/test.sh]
[STDERR  ] 2017-08-15T14:24:43.702967898Z: + set -e
[STDERR  ] 2017-08-15T14:24:43.703036719Z: + . /tmp/build/test/cases/_lib/lib.sh
[STDERR  ] 2017-08-15T14:24:43.703050523Z: + [ -f src/github.com/linuxkit/rtf/lib/lib.sh ]
[STDERR  ] 2017-08-15T14:24:43.703058897Z: + LINUXKIT_TMPDIR=/tmp/build/test/cases/_tmp
[STDERR  ] 2017-08-15T14:24:43.703077591Z: + [ -f /tmp/build/test/cases/_tmp/env.sh ]
[STDERR  ] 2017-08-15T14:24:43.703088893Z: + . /tmp/build/test/cases/_tmp/env.sh
[STDERR  ] 2017-08-15T14:24:43.703097974Z: + export LINUXKIT_EXAMPLES_DIR=/tmp/build/test/cases/../../examples
[STDERR  ] 2017-08-15T14:24:43.703111853Z: + export LINUXKIT_BLUEPRINTS_DIR=/tmp/build/test/cases/../../blueprints
[STDERR  ] 2017-08-15T14:24:43.703125276Z: + RT_CANCEL=253
[STDERR  ] 2017-08-15T14:24:43.703134847Z: + trap clean_up EXIT
[STDERR  ] 2017-08-15T14:24:43.703144494Z: + moby build -output kernel+initrd test-ca-certificates.yml
[STDERR  ] 2017-08-15T14:24:43.724114139Z: Extract kernel image: linuxkit/kernel:4.9.43
[STDERR  ] 2017-08-15T14:24:45.367062407Z: Add init containers:
[STDERR  ] 2017-08-15T14:24:45.367110987Z: Process init image: linuxkit/init:c7d651da1a5e308c757bc61ce6a41804ea843426
[STDERR  ] 2017-08-15T14:24:46.633462639Z: Process init image: linuxkit/runc:838259153885c0c40460379d6cdb7baebaf3fa36
[STDERR  ] 2017-08-15T14:24:47.912978163Z: Process init image: linuxkit/ca-certificates:e44b0a66df5a102c0e220f0066b0d904710dcb10
[STDERR  ] 2017-08-15T14:24:49.141782378Z: Add onboot containers:
[STDERR  ] 2017-08-15T14:24:49.141820678Z:   Create OCI config for alpine:3.6
[STDERR  ] 2017-08-15T14:24:50.415110498Z:   Create OCI config for linuxkit/poweroff:1e9876c682c74d0602b7647c628bb0875fb13998
[STDERR  ] 2017-08-15T14:24:51.684623034Z: Add files:
[STDERR  ] 2017-08-15T14:24:51.684666745Z:   check.sh
[STDERR  ] 2017-08-15T14:24:51.705069271Z: Create outputs:
[STDERR  ] 2017-08-15T14:24:54.848162329Z:   test-ca-certificates-kernel test-ca-certificates-initrd.img test-ca-certificates-cmdline
[STDERR  ] 2017-08-15T14:24:54.884374658Z: + linuxkit run test-ca-certificates
[STDERR  ] 2017-08-15T14:24:54.902430141Z: Unable to find qemu-system-x86_64 within the $PATH. Using a container
[STDOUT  ] 2017-08-15T14:25:23.771620216Z: [    0.000000] Linux version 4.9.43-linuxkit (root@e1ede117fb1e) (gcc version 6.3.0 (Alpine 6.3.0) ) #1 SMP Mon Aug 14 11:26:59 UTC 2017
[STDOUT  ] 2017-08-15T14:25:23.771718244Z: [    0.000000] Command line: console=ttyS0 page_poison=1
[STDOUT  ] 2017-08-15T14:25:23.771733053Z: [    0.000000] x86/fpu: Legacy x87 FPU detected.
[STDOUT  ] 2017-08-15T14:25:23.771744244Z: [    0.000000] x86/fpu: Using 'eager' FPU context switches.
[STDOUT  ] 2017-08-15T14:25:23.771756287Z: [    0.000000] e820: BIOS-provided physical RAM map:
[STDOUT  ] 2017-08-15T14:25:23.771768297Z: [    0.000000] BIOS-e820: [mem 0x0000000000000000-0x000000000009fbff] usable
[STDOUT  ] 2017-08-15T14:25:23.771780853Z: [    0.000000] BIOS-e820: [mem 0x000000000009fc00-0x000000000009ffff] reserved
[STDOUT  ] 2017-08-15T14:25:23.771795303Z: [    0.000000] BIOS-e820: [mem 0x00000000000f0000-0x00000000000fffff] reserved
[STDERR  ] 2017-08-15T14:25:23.77178937Z: + RESULT=[    0.000000] Linux version 4.9.43-linuxkit (root@e1ede117fb1e) (gcc version 6.3.0 (Alpine 6.3.0) ) #1 SMP Mon Aug 14 11:26:59 UTC 2017
[STDOUT  ] 2017-08-15T14:25:23.771806177Z: [    0.000000] BIOS-e820: [mem 0x0000000000100000-0x000000003ffdefff] usable
[STDOUT  ] 2017-08-15T14:25:23.771816874Z: [    0.000000] BIOS-e820: [mem 0x000000003ffdf000-0x000000003fffffff] reserved
[STDERR  ] 2017-08-15T14:25:23.771815224Z: [    0.000000] Command line: console=ttyS0 page_poison=1
[STDOUT  ] 2017-08-15T14:25:23.771828036Z: [    0.000000] BIOS-e820: [mem 0x00000000b0000000-0x00000000bfffffff] reserved
[STDERR  ] 2017-08-15T14:25:23.771830584Z: [    0.000000] x86/fpu: Legacy x87 FPU detected.
[STDOUT  ] 2017-08-15T14:25:23.771839149Z: [    0.000000] BIOS-e820: [mem 0x00000000fed1c000-0x00000000fed1ffff] reserved
[STDOUT  ] 2017-08-15T14:25:23.771852886Z: [    0.000000] BIOS-e820: [mem 0x00000000fffc0000-0x00000000ffffffff] reserved
[STDERR  ] 2017-08-15T14:25:23.77185092Z: [    0.000000] x86/fpu: Using 'eager' FPU context switches.
[STDERR  ] 2017-08-15T14:25:23.771861544Z: [    0.000000] e820: BIOS-provided physical RAM map:
[STDOUT  ] 2017-08-15T14:25:23.771863451Z: [    0.000000] NX (Execute Disable) protection: active
[STDOUT  ] 2017-08-15T14:25:23.771874059Z: [    0.000000] SMBIOS 2.8 present.
[STDERR  ] 2017-08-15T14:25:23.771873161Z: [    0.000000] BIOS-e820: [mem 0x0000000000000000-0x000000000009fbff] usable
[STDOUT  ] 2017-08-15T14:25:23.77188412Z: [    0.000000] e820: last_pfn = 0x3ffdf max_arch_pfn = 0x400000000
[STDERR  ] 2017-08-15T14:25:23.771886367Z: [    0.000000] BIOS-e820: [mem 0x000000000009fc00-0x000000000009ffff] reserved
[STDOUT  ] 2017-08-15T14:25:23.771894727Z: [    0.000000] x86/PAT: Configuration [0-7]: WB  WC  UC- UC  WB  WC  UC- WT  
[STDERR  ] 2017-08-15T14:25:23.771896523Z: [    0.000000] BIOS-e820: [mem 0x00000000000f0000-0x00000000000fffff] reserved
[STDERR  ] 2017-08-15T14:25:23.771907399Z: [    0.000000] BIOS-e820: [mem 0x0000000000100000-0x000000003ffdefff] usable
[STDOUT  ] 2017-08-15T14:25:23.771914594Z: [    0.000000] found SMP MP-table at [mem 0x000f6aa0-0x000f6aaf] mapped at [ffff972b000f6aa0]
[STDOUT  ] 2017-08-15T14:25:23.771931874Z: [    0.000000] RAMDISK: [mem 0x3ed34000-0x3ffcffff]
[STDERR  ] 2017-08-15T14:25:23.771930166Z: [    0.000000] BIOS-e820: [mem 0x000000003ffdf000-0x000000003fffffff] reserved
[STDERR  ] 2017-08-15T14:25:23.771940457Z: [    0.000000] BIOS-e820: [mem 0x00000000b0000000-0x00000000bfffffff] reserved
[STDOUT  ] 2017-08-15T14:25:23.771941697Z: [    0.000000] ACPI: Early table checksum verification disabled
[STDERR  ] 2017-08-15T14:25:23.771950516Z: [    0.000000] BIOS-e820: [mem 0x00000000fed1c000-0x00000000fed1ffff] reserved
[STDERR  ] 2017-08-15T14:25:23.77196017Z: [    0.000000] BIOS-e820: [mem 0x00000000fffc0000-0x00000000ffffffff] reserved
[STDERR  ] 2017-08-15T14:25:23.771969994Z: [    0.000000] NX (Execute Disable) protection: active
[STDOUT  ] 2017-08-15T14:25:23.771952073Z: [    0.000000] ACPI: RSDP 0x00000000000F68C0 000014 (v00 BOCHS )
[STDOUT  ] 2017-08-15T14:25:23.771977324Z: [    0.000000] ACPI: RSDT 0x000000003FFE2404 000034 (v01 BOCHS  BXPCRSDT 00000001 BXPC 00000001)
[STDERR  ] 2017-08-15T14:25:23.771981289Z: [    0.000000] SMBIOS 2.8 present.
[STDOUT  ] 2017-08-15T14:25:23.771987279Z: [    0.000000] ACPI: FACP 0x000000003FFE22A4 000074 (v01 BOCHS  BXPCFACP 00000001 BXPC 00000001)
[STDOUT  ] 2017-08-15T14:25:23.771996701Z: [    0.000000] ACPI: DSDT 0x000000003FFE0040 002264 (v01 BOCHS  BXPCDSDT 00000001 BXPC 00000001)
[STDERR  ] 2017-08-15T14:25:23.771992633Z: [    0.000000] e820: last_pfn = 0x3ffdf max_arch_pfn = 0x400000000
[STDERR  ] 2017-08-15T14:25:23.772003424Z: [    0.000000] x86/PAT: Configuration [0-7]: WB  WC  UC- UC  WB  WC  UC- WT  
[STDOUT  ] 2017-08-15T14:25:23.772006381Z: [    0.000000] ACPI: FACS 0x000000003FFE0000 000040
[STDERR  ] 2017-08-15T14:25:23.772013234Z: [    0.000000] found SMP MP-table at [mem 0x000f6aa0-0x000f6aaf] mapped at [ffff972b000f6aa0]
[STDOUT  ] 2017-08-15T14:25:23.77201615Z: [    0.000000] ACPI: APIC 0x000000003FFE2318 000078 (v01 BOCHS  BXPCAPIC 00000001 BXPC 00000001)
[STDOUT  ] 2017-08-15T14:25:23.77202709Z: [    0.000000] ACPI: HPET 0x000000003FFE2390 000038 (v01 BOCHS  BXPCHPET 00000001 BXPC 00000001)
[STDERR  ] 2017-08-15T14:25:23.772025613Z: [    0.000000] RAMDISK: [mem 0x3ed34000-0x3ffcffff]
[STDOUT  ] 2017-08-15T14:25:23.772036779Z: [    0.000000] ACPI: MCFG 0x000000003FFE23C8 00003C (v01 BOCHS  BXPCMCFG 00000001 BXPC 00000001)
[STDERR  ] 2017-08-15T14:25:23.772040356Z: [    0.000000] ACPI: Early table checksum verification disabled
[STDOUT  ] 2017-08-15T14:25:23.772046154Z: [    0.000000] Zone ranges:
[STDERR  ] 2017-08-15T14:25:23.772050606Z: [    0.000000] ACPI: RSDP 0x00000000000F68C0 000014 (v00 BOCHS )
[STDOUT  ] 2017-08-15T14:25:23.772055874Z: [    0.000000]   DMA      [mem 0x0000000000001000-0x0000000000ffffff]
[STDERR  ] 2017-08-15T14:25:23.772072201Z: [    0.000000] ACPI: RSDT 0x000000003FFE2404 000034 (v01 BOCHS  BXPCRSDT 00000001 BXPC 00000001)
[STDOUT  ] 2017-08-15T14:25:23.772073696Z: [    0.000000]   DMA32    [mem 0x0000000001000000-0x000000003ffdefff]
[STDERR  ] 2017-08-15T14:25:23.772082173Z: [    0.000000] ACPI: FACP 0x000000003FFE22A4 000074 (v01 BOCHS  BXPCFACP 00000001 BXPC 00000001)
[STDOUT  ] 2017-08-15T14:25:23.772084221Z: [    0.000000]   Normal   empty
[STDERR  ] 2017-08-15T14:25:23.772092439Z: [    0.000000] ACPI: DSDT 0x000000003FFE0040 002264 (v01 BOCHS  BXPCDSDT 00000001 BXPC 00000001)
[STDOUT  ] 2017-08-15T14:25:23.772094091Z: [    0.000000] Movable zone start for each node
[STDERR  ] 2017-08-15T14:25:23.772102603Z: [    0.000000] ACPI: FACS 0x000000003FFE0000 000040
[STDOUT  ] 2017-08-15T14:25:23.772104197Z: [    0.000000] Early memory node ranges
[STDERR  ] 2017-08-15T14:25:23.772112006Z: [    0.000000] ACPI: APIC 0x000000003FFE2318 000078 (v01 BOCHS  BXPCAPIC 00000001 BXPC 00000001)
[STDOUT  ] 2017-08-15T14:25:23.772114009Z: [    0.000000]   node   0: [mem 0x0000000000001000-0x000000000009efff]
[STDOUT  ] 2017-08-15T14:25:23.772129094Z: [    0.000000]   node   0: [mem 0x0000000000100000-0x000000003ffdefff]
[STDERR  ] 2017-08-15T14:25:23.772121276Z: [    0.000000] ACPI: HPET 0x000000003FFE2390 000038 (v01 BOCHS  BXPCHPET 00000001 BXPC 00000001)
[STDERR  ] 2017-08-15T14:25:23.772136516Z: [    0.000000] ACPI: MCFG 0x000000003FFE23C8 00003C (v01 BOCHS  BXPCMCFG 00000001 BXPC 00000001)
[STDOUT  ] 2017-08-15T14:25:23.772139659Z: [    0.000000] Initmem setup node 0 [mem 0x0000000000001000-0x000000003ffdefff]
[STDERR  ] 2017-08-15T14:25:23.772145844Z: [    0.000000] Zone ranges:
[STDOUT  ] 2017-08-15T14:25:23.77214972Z: [    0.000000] ACPI: PM-Timer IO Port: 0x608
[STDERR  ] 2017-08-15T14:25:23.772157014Z: [    0.000000]   DMA      [mem 0x0000000000001000-0x0000000000ffffff]
[STDOUT  ] 2017-08-15T14:25:23.772159719Z: [    0.000000] ACPI: LAPIC_NMI (acpi_id[0xff] dfl dfl lint[0x1])
[STDOUT  ] 2017-08-15T14:25:23.772173724Z: [    0.000000] IOAPIC[0]: apic_id 0, version 32, address 0xfec00000, GSI 0-23
[STDERR  ] 2017-08-15T14:25:23.772171409Z: [    0.000000]   DMA32    [mem 0x0000000001000000-0x000000003ffdefff]
[STDERR  ] 2017-08-15T14:25:23.772181143Z: [    0.000000]   Normal   empty
[STDERR  ] 2017-08-15T14:25:23.772190621Z: [    0.000000] Movable zone start for each node
[STDOUT  ] 2017-08-15T14:25:23.77218395Z: [    0.000000] ACPI: INT_SRC_OVR (bus 0 bus_irq 0 global_irq 2 dfl dfl)
[STDOUT  ] 2017-08-15T14:25:23.772197099Z: [    0.000000] ACPI: INT_SRC_OVR (bus 0 bus_irq 5 global_irq 5 high level)
[STDERR  ] 2017-08-15T14:25:23.772199757Z: [    0.000000] Early memory node ranges
[STDERR  ] 2017-08-15T14:25:23.772209239Z: [    0.000000]   node   0: [mem 0x0000000000001000-0x000000000009efff]
[STDOUT  ] 2017-08-15T14:25:23.772206747Z: [    0.000000] ACPI: INT_SRC_OVR (bus 0 bus_irq 9 global_irq 9 high level)
[STDERR  ] 2017-08-15T14:25:23.77221937Z: [    0.000000]   node   0: [mem 0x0000000000100000-0x000000003ffdefff]
[STDOUT  ] 2017-08-15T14:25:23.772225171Z: [    0.000000] ACPI: INT_SRC_OVR (bus 0 bus_irq 10 global_irq 10 high level)
[STDERR  ] 2017-08-15T14:25:23.772229496Z: [    0.000000] Initmem setup node 0 [mem 0x0000000000001000-0x000000003ffdefff]
[STDOUT  ] 2017-08-15T14:25:23.772236563Z: [    0.000000] ACPI: INT_SRC_OVR (bus 0 bus_irq 11 global_irq 11 high level)
[STDERR  ] 2017-08-15T14:25:23.772239719Z: [    0.000000] ACPI: PM-Timer IO Port: 0x608
[STDOUT  ] 2017-08-15T14:25:23.772245864Z: [    0.000000] Using ACPI (MADT) for SMP configuration information
[STDERR  ] 2017-08-15T14:25:23.772249221Z: [    0.000000] ACPI: LAPIC_NMI (acpi_id[0xff] dfl dfl lint[0x1])
[STDOUT  ] 2017-08-15T14:25:23.77225565Z: [    0.000000] ACPI: HPET id: 0x8086a201 base: 0xfed00000
[STDERR  ] 2017-08-15T14:25:23.772258639Z: [    0.000000] IOAPIC[0]: apic_id 0, version 32, address 0xfec00000, GSI 0-23
[STDOUT  ] 2017-08-15T14:25:23.772265433Z: [    0.000000] smpboot: Allowing 1 CPUs, 0 hotplug CPUs
[STDOUT  ] 2017-08-15T14:25:23.772274936Z: [    0.000000] e820: [mem 0x40000000-0xafffffff] available for PCI devices
[STDERR  ] 2017-08-15T14:25:23.772272644Z: [    0.000000] ACPI: INT_SRC_OVR (bus 0 bus_irq 0 global_irq 2 dfl dfl)
[STDOUT  ] 2017-08-15T14:25:23.772284394Z: [    0.000000] Booting paravirtualized kernel on bare hardware
[STDERR  ] 2017-08-15T14:25:23.772284917Z: [    0.000000] ACPI: INT_SRC_OVR (bus 0 bus_irq 5 global_irq 5 high level)
[STDERR  ] 2017-08-15T14:25:23.772295816Z: [    0.000000] ACPI: INT_SRC_OVR (bus 0 bus_irq 9 global_irq 9 high level)
[STDOUT  ] 2017-08-15T14:25:23.772294033Z: [    0.000000] clocksource: refined-jiffies: mask: 0xffffffff max_cycles: 0xffffffff, max_idle_ns: 19112604462750000 ns
[STDERR  ] 2017-08-15T14:25:23.772305264Z: [    0.000000] ACPI: INT_SRC_OVR (bus 0 bus_irq 10 global_irq 10 high level)
[STDOUT  ] 2017-08-15T14:25:23.772308427Z: [    0.000000] setup_percpu: NR_CPUS:128 nr_cpumask_bits:128 nr_cpu_ids:1 nr_node_ids:1
[STDERR  ] 2017-08-15T14:25:23.772314663Z: [    0.000000] ACPI: INT_SRC_OVR (bus 0 bus_irq 11 global_irq 11 high level)
[STDOUT  ] 2017-08-15T14:25:23.772318156Z: [    0.000000] percpu: Embedded 35 pages/cpu @ffff972b3ea00000 s105240 r8192 d29928 u2097152
[STDOUT  ] 2017-08-15T14:25:23.772331911Z: [    0.000000] Built 1 zonelists in Zone order, mobility grouping on.  Total pages: 257896
[STDERR  ] 2017-08-15T14:25:23.772328801Z: [    0.000000] Using ACPI (MADT) for SMP configuration information
[STDERR  ] 2017-08-15T14:25:23.772343971Z: [    0.000000] ACPI: HPET id: 0x8086a201 base: 0xfed00000
[STDOUT  ] 2017-08-15T14:25:23.772342454Z: [    0.000000] Kernel command line: console=ttyS0 page_poison=1
[STDOUT  ] 2017-08-15T14:25:23.772353857Z: [    0.000000] PID hash table entries: 4096 (order: 3, 32768 bytes)
[STDERR  ] 2017-08-15T14:25:23.77235347Z: [    0.000000] smpboot: Allowing 1 CPUs, 0 hotplug CPUs
[STDERR  ] 2017-08-15T14:25:23.77236331Z: [    0.000000] e820: [mem 0x40000000-0xafffffff] available for PCI devices
[STDERR  ] 2017-08-15T14:25:23.772372647Z: [    0.000000] Booting paravirtualized kernel on bare hardware
[STDOUT  ] 2017-08-15T14:25:23.772370803Z: [    0.000000] Dentry cache hash table entries: 131072 (order: 8, 1048576 bytes)
[STDOUT  ] 2017-08-15T14:25:23.772382707Z: [    0.000000] Inode-cache hash table entries: 65536 (order: 7, 524288 bytes)
[STDERR  ] 2017-08-15T14:25:23.772382173Z: [    0.000000] clocksource: refined-jiffies: mask: 0xffffffff max_cycles: 0xffffffff, max_idle_ns: 19112604462750000 ns
[STDERR  ] 2017-08-15T14:25:23.772393943Z: [    0.000000] setup_percpu: NR_CPUS:128 nr_cpumask_bits:128 nr_cpu_ids:1 nr_node_ids:1
[STDOUT  ] 2017-08-15T14:25:23.772394587Z: [    0.000000] Memory: 995116K/1048052K available (8028K kernel code, 1366K rwdata, 2696K rodata, 1380K init, 568K bss, 52936K reserved, 0K cma-reserved)
[STDERR  ] 2017-08-15T14:25:23.772403371Z: [    0.000000] percpu: Embedded 35 pages/cpu @ffff972b3ea00000 s105240 r8192 d29928 u2097152
[STDOUT  ] 2017-08-15T14:25:23.772406771Z: [    0.000000] Hierarchical RCU implementation.
[STDERR  ] 2017-08-15T14:25:23.772412721Z: [    0.000000] Built 1 zonelists in Zone order, mobility grouping on.  Total pages: 257896
[STDOUT  ] 2017-08-15T14:25:23.772416893Z: [    0.000000] 	Build-time adjustment of leaf fanout to 64.
[STDERR  ] 2017-08-15T14:25:23.772421927Z: [    0.000000] Kernel command line: console=ttyS0 page_poison=1
[STDOUT  ] 2017-08-15T14:25:23.772428426Z: [    0.000000] 	RCU restricting CPUs from NR_CPUS=128 to nr_cpu_ids=1.
[STDERR  ] 2017-08-15T14:25:23.772431531Z: [    0.000000] PID hash table entries: 4096 (order: 3, 32768 bytes)
[STDOUT  ] 2017-08-15T14:25:23.772437814Z: [    0.000000] RCU: Adjusting geometry for rcu_fanout_leaf=64, nr_cpu_ids=1
[STDERR  ] 2017-08-15T14:25:23.77244111Z: [    0.000000] Dentry cache hash table entries: 131072 (order: 8, 1048576 bytes)
[STDOUT  ] 2017-08-15T14:25:23.772447191Z: [    0.000000] NR_IRQS:8448 nr_irqs:256 16
[STDERR  ] 2017-08-15T14:25:23.772454577Z: [    0.000000] Inode-cache hash table entries: 65536 (order: 7, 524288 bytes)
[STDOUT  ] 2017-08-15T14:25:23.772460791Z: [    0.000000] Console: colour VGA+ 80x25
[STDOUT  ] 2017-08-15T14:25:23.772470379Z: [    0.000000] console [ttyS0] enabled
[STDERR  ] 2017-08-15T14:25:23.772470994Z: [    0.000000] Memory: 995116K/1048052K available (8028K kernel code, 1366K rwdata, 2696K rodata, 1380K init, 568K bss, 52936K reserved, 0K cma-reserved)
[STDERR  ] 2017-08-15T14:25:23.772482526Z: [    0.000000] Hierarchical RCU implementation.
[STDOUT  ] 2017-08-15T14:25:23.772480434Z: [    0.000000] allocated 2097152 bytes of page_ext
[STDOUT  ] 2017-08-15T14:25:23.772490324Z: [    0.000000] clocksource: hpet: mask: 0xffffffff max_cycles: 0xffffffff, max_idle_ns: 19112604467 ns
[STDERR  ] 2017-08-15T14:25:23.772491791Z: [    0.000000] 	Build-time adjustment of leaf fanout to 64.
[STDOUT  ] 2017-08-15T14:25:23.772500597Z: [    0.000000] tsc: Fast TSC calibration using PIT
[STDERR  ] 2017-08-15T14:25:23.772500874Z: [    0.000000] 	RCU restricting CPUs from NR_CPUS=128 to nr_cpu_ids=1.
[STDOUT  ] 2017-08-15T14:25:23.772510104Z: [    0.000000] tsc: Detected 2600.024 MHz processor
[STDERR  ] 2017-08-15T14:25:23.772512004Z: [    0.000000] RCU: Adjusting geometry for rcu_fanout_leaf=64, nr_cpu_ids=1
[STDOUT  ] 2017-08-15T14:25:23.772524247Z: [    0.022232] Calibrating delay loop (skipped), value calculated using timer frequency.. 5200.04 BogoMIPS (lpj=26000240)
[STDERR  ] 2017-08-15T14:25:23.772528186Z: [    0.000000] NR_IRQS:8448 nr_irqs:256 16
[STDOUT  ] 2017-08-15T14:25:23.772535514Z: [    0.030544] pid_max: default: 32768 minimum: 301
[STDERR  ] 2017-08-15T14:25:23.772537663Z: [    0.000000] Console: colour VGA+ 80x25
[STDERR  ] 2017-08-15T14:25:23.772546999Z: [    0.000000] console [ttyS0] enabled
[STDOUT  ] 2017-08-15T14:25:23.772545129Z: [    0.031536] ACPI: Core revision 20160831
[STDERR  ] 2017-08-15T14:25:23.772556954Z: [    0.000000] allocated 2097152 bytes of page_ext
[STDOUT  ] 2017-08-15T14:25:23.772558991Z: [    0.075603] ACPI: 1 ACPI AML tables successfully acquired and loaded
[STDERR  ] 2017-08-15T14:25:23.772566476Z: [    0.000000] clocksource: hpet: mask: 0xffffffff max_cycles: 0xffffffff, max_idle_ns: 19112604467 ns
[STDOUT  ] 2017-08-15T14:25:23.772568607Z: [    0.080634] Security Framework initialized
[STDOUT  ] 2017-08-15T14:25:23.772577747Z: [    0.081087] Yama: becoming mindful.
[STDERR  ] 2017-08-15T14:25:23.772576571Z: [    0.000000] tsc: Fast TSC calibration using PIT
[STDERR  ] 2017-08-15T14:25:23.772586113Z: [    0.000000] tsc: Detected 2600.024 MHz processor
[STDOUT  ] 2017-08-15T14:25:23.772587071Z: [    0.083916] Mount-cache hash table entries: 2048 (order: 2, 16384 bytes)
[STDOUT  ] 2017-08-15T14:25:23.772596339Z: [    0.084523] Mountpoint-cache hash table entries: 2048 (order: 2, 16384 bytes)
[STDERR  ] 2017-08-15T14:25:23.772595634Z: [    0.022232] Calibrating delay loop (skipped), value calculated using timer frequency.. 5200.04 BogoMIPS (lpj=26000240)
[STDOUT  ] 2017-08-15T14:25:23.772605751Z: [    0.103664] Last level iTLB entries: 4KB 0, 2MB 0, 4MB 0
[STDERR  ] 2017-08-15T14:25:23.77260588Z: [    0.030544] pid_max: default: 32768 minimum: 301
[STDOUT  ] 2017-08-15T14:25:23.77261735Z: [    0.104207] Last level dTLB entries: 4KB 0, 2MB 0, 4MB 0, 1GB 0
[STDERR  ] 2017-08-15T14:25:23.772621247Z: [    0.031536] ACPI: Core revision 20160831
[STDERR  ] 2017-08-15T14:25:23.772630849Z: [    0.075603] ACPI: 1 ACPI AML tables successfully acquired and loaded
[STDOUT  ] 2017-08-15T14:25:23.772627266Z: [    0.398519] Freeing SMP alternatives memory: 20K
[STDERR  ] 2017-08-15T14:25:23.772640843Z: [    0.080634] Security Framework initialized
[STDOUT  ] 2017-08-15T14:25:23.772642373Z: [    0.408978] ftrace: allocating 35486 entries in 139 pages
[STDERR  ] 2017-08-15T14:25:23.772650639Z: [    0.081087] Yama: becoming mindful.
[STDOUT  ] 2017-08-15T14:25:23.772652193Z: [    0.571515] smpboot: Max logical packages: 1
[STDERR  ] 2017-08-15T14:25:23.77265997Z: [    0.083916] Mount-cache hash table entries: 2048 (order: 2, 16384 bytes)
[STDOUT  ] 2017-08-15T14:25:23.772665696Z: [    0.578647] ..TIMER: vector=0x30 apic1=0 pin1=2 apic2=-1 pin2=-1
[STDERR  ] 2017-08-15T14:25:23.772674394Z: [    0.084523] Mountpoint-cache hash table entries: 2048 (order: 2, 16384 bytes)
[STDOUT  ] 2017-08-15T14:25:23.772681496Z: [    0.680000] smpboot: CPU0: AMD QEMU Virtual CPU version 2.5+ (family: 0x6, model: 0x6, stepping: 0x3)
[STDERR  ] 2017-08-15T14:25:23.772684489Z: [    0.103664] Last level iTLB entries: 4KB 0, 2MB 0, 4MB 0
[STDERR  ] 2017-08-15T14:25:23.772694306Z: [    0.104207] Last level dTLB entries: 4KB 0, 2MB 0, 4MB 0, 1GB 0
[STDOUT  ] 2017-08-15T14:25:23.772692744Z: [    0.680000] Performance Events: PMU not available due to virtualization, using software events only.
[STDOUT  ] 2017-08-15T14:25:23.772705514Z: [    0.688917] NMI watchdog: disabled (cpu0): hardware events not enabled
[STDERR  ] 2017-08-15T14:25:23.772703649Z: [    0.398519] Freeing SMP alternatives memory: 20K
[STDOUT  ] 2017-08-15T14:25:23.77271493Z: [    0.689426] NMI watchdog: Shutting down hard lockup detector on all cpus
[STDERR  ] 2017-08-15T14:25:23.772713174Z: [    0.408978] ftrace: allocating 35486 entries in 139 pages
[STDERR  ] 2017-08-15T14:25:23.772722673Z: [    0.571515] smpboot: Max logical packages: 1
[STDOUT  ] 2017-08-15T14:25:23.772728436Z: [    0.693539] x86: Booted up 1 node, 1 CPUs
[STDERR  ] 2017-08-15T14:25:23.772734574Z: [    0.578647] ..TIMER: vector=0x30 apic1=0 pin1=2 apic2=-1 pin2=-1
[STDOUT  ] 2017-08-15T14:25:23.772738071Z: [    0.694015] smpboot: Total of 1 processors activated (5200.04 BogoMIPS)
[STDERR  ] 2017-08-15T14:25:23.77274388Z: [    0.680000] smpboot: CPU0: AMD QEMU Virtual CPU version 2.5+ (family: 0x6, model: 0x6, stepping: 0x3)
[STDOUT  ] 2017-08-15T14:25:23.772747703Z: [    0.710605] devtmpfs: initialized
[STDERR  ] 2017-08-15T14:25:23.77275348Z: [    0.680000] Performance Events: PMU not available due to virtualization, using software events only.
[STDOUT  ] 2017-08-15T14:25:23.772757196Z: [    0.716982] x86/mm: Memory block size: 128MB
[STDERR  ] 2017-08-15T14:25:23.772769333Z: [    0.688917] NMI watchdog: disabled (cpu0): hardware events not enabled
[STDOUT  ] 2017-08-15T14:25:23.772767057Z: [    0.778100] clocksource: jiffies: mask: 0xffffffff max_cycles: 0xffffffff, max_idle_ns: 19112604462750000 ns
[STDOUT  ] 2017-08-15T14:25:23.772776896Z: [    0.779234] futex hash table entries: 256 (order: 2, 16384 bytes)
[STDERR  ] 2017-08-15T14:25:23.772778656Z: [    0.689426] NMI watchdog: Shutting down hard lockup detector on all cpus
[STDOUT  ] 2017-08-15T14:25:23.772786484Z: [    0.789253] NET: Registered protocol family 16
[STDERR  ] 2017-08-15T14:25:23.772788071Z: [    0.693539] x86: Booted up 1 node, 1 CPUs
[STDOUT  ] 2017-08-15T14:25:23.772796033Z: [    0.798606] cpuidle: using governor ladder
[STDERR  ] 2017-08-15T14:25:23.772797259Z: [    0.694015] smpboot: Total of 1 processors activated (5200.04 BogoMIPS)
[STDERR  ] 2017-08-15T14:25:23.772807304Z: [    0.710605] devtmpfs: initialized
[STDOUT  ] 2017-08-15T14:25:23.772805576Z: [    0.799090] cpuidle: using governor menu
[STDERR  ] 2017-08-15T14:25:23.772816687Z: [    0.716982] x86/mm: Memory block size: 128MB
[STDOUT  ] 2017-08-15T14:25:23.772815073Z: [    0.800503] ACPI: bus type PCI registered
[STDOUT  ] 2017-08-15T14:25:23.772824353Z: [    0.803380] PCI: MMCONFIG for domain 0000 [bus 00-ff] at [mem 0xb0000000-0xbfffffff] (base 0xb0000000)
[STDERR  ] 2017-08-15T14:25:23.772829907Z: [    0.778100] clocksource: jiffies: mask: 0xffffffff max_cycles: 0xffffffff, max_idle_ns: 19112604462750000 ns
[STDOUT  ] 2017-08-15T14:25:23.77283457Z: [    0.804252] PCI: MMCONFIG at [mem 0xb0000000-0xbfffffff] reserved in E820
[STDERR  ] 2017-08-15T14:25:23.772840483Z: [    0.779234] futex hash table entries: 256 (order: 2, 16384 bytes)
[STDOUT  ] 2017-08-15T14:25:23.772844133Z: [    0.805600] PCI: Using configuration type 1 for base access
[STDERR  ] 2017-08-15T14:25:23.772849824Z: [    0.789253] NET: Registered protocol family 16
[STDOUT  ] 2017-08-15T14:25:23.772853704Z: [    0.862153] HugeTLB registered 2 MB page size, pre-allocated 0 pages
[STDERR  ] 2017-08-15T14:25:23.772865397Z: [    0.798606] cpuidle: using governor ladder
[STDOUT  ] 2017-08-15T14:25:23.77287319Z: [    0.873753] ACPI: Added _OSI(Module Device)
[STDERR  ] 2017-08-15T14:25:23.772874871Z: [    0.799090] cpuidle: using governor menu
[STDOUT  ] 2017-08-15T14:25:23.772882943Z: [    0.874115] ACPI: Added _OSI(Processor Device)
[STDERR  ] 2017-08-15T14:25:23.772884507Z: [    0.800503] ACPI: bus type PCI registered
[STDOUT  ] 2017-08-15T14:25:23.772892446Z: [    0.874423] ACPI: Added _OSI(3.0 _SCP Extensions)
[STDERR  ] 2017-08-15T14:25:23.772894051Z: [    0.803380] PCI: MMCONFIG for domain 0000 [bus 00-ff] at [mem 0xb0000000-0xbfffffff] (base 0xb0000000)
[STDOUT  ] 2017-08-15T14:25:23.77290192Z: [    0.874721] ACPI: Added _OSI(Processor Aggregator Device)
[STDERR  ] 2017-08-15T14:25:23.772905646Z: [    0.804252] PCI: MMCONFIG at [mem 0xb0000000-0xbfffffff] reserved in E820
[STDERR  ] 2017-08-15T14:25:23.772915396Z: [    0.805600] PCI: Using configuration type 1 for base access
[STDOUT  ] 2017-08-15T14:25:23.772911331Z: [    0.951084] ACPI: Interpreter enabled
[STDOUT  ] 2017-08-15T14:25:23.772921876Z: [    0.952127] ACPI: (supports S0 S5)
[STDERR  ] 2017-08-15T14:25:23.772929566Z: [    0.862153] HugeTLB registered 2 MB page size, pre-allocated 0 pages
[STDOUT  ] 2017-08-15T14:25:23.772935516Z: [    0.952443] ACPI: Using IOAPIC for interrupt routing
[STDERR  ] 2017-08-15T14:25:23.772939383Z: [    0.873753] ACPI: Added _OSI(Module Device)
[STDOUT  ] 2017-08-15T14:25:23.772944826Z: [    0.955206] PCI: Using host bridge windows from ACPI; if necessary, use "pci=nocrs" and report a bug
[STDERR  ] 2017-08-15T14:25:23.772948926Z: [    0.874115] ACPI: Added _OSI(Processor Device)
[STDOUT  ] 2017-08-15T14:25:23.772954641Z: [    1.017324] ACPI: PCI Root Bridge [PCI0] (domain 0000 [bus 00-ff])
[STDERR  ] 2017-08-15T14:25:23.772958673Z: [    0.874423] ACPI: Added _OSI(3.0 _SCP Extensions)
[STDERR  ] 2017-08-15T14:25:23.772967753Z: [    0.874721] ACPI: Added _OSI(Processor Aggregator Device)
[STDERR  ] 2017-08-15T14:25:23.772977334Z: [    0.951084] ACPI: Interpreter enabled
[STDERR  ] 2017-08-15T14:25:23.77298703Z: [    0.952127] ACPI: (supports S0 S5)
[STDOUT  ] 2017-08-15T14:25:23.772995449Z: [    1.018570] acpi PNP0A08:00: _OSC: OS supports [ExtendedConfig ASPM ClockPM Segments MSI]
[STDERR  ] 2017-08-15T14:25:23.772996647Z: [    0.952443] ACPI: Using IOAPIC for interrupt routing
[STDOUT  ] 2017-08-15T14:25:23.773005411Z: [    1.025523] acpi PNP0A08:00: _OSC: OS now controls [PCIeHotplug PME PCIeCapability]
[STDERR  ] 2017-08-15T14:25:23.77300701Z: [    0.955206] PCI: Using host bridge windows from ACPI; if necessary, use "pci=nocrs" and report a bug
[STDOUT  ] 2017-08-15T14:25:23.773015077Z: [    1.029328] PCI host bridge to bus 0000:00
[STDERR  ] 2017-08-15T14:25:23.773016511Z: [    1.017324] ACPI: PCI Root Bridge [PCI0] (domain 0000 [bus 00-ff])
[STDOUT  ] 2017-08-15T14:25:23.773024781Z: [    1.029934] pci_bus 0000:00: root bus resource [io  0x0000-0x0cf7 window]
[STDERR  ] 2017-08-15T14:25:23.773026283Z: [    1.018570] acpi PNP0A08:00: _OSC: OS supports [ExtendedConfig ASPM ClockPM Segments MSI]
[STDOUT  ] 2017-08-15T14:25:23.77303608Z: [    1.030552] pci_bus 0000:00: root bus resource [io  0x0d00-0xffff window]
[STDERR  ] 2017-08-15T14:25:23.773035874Z: [    1.025523] acpi PNP0A08:00: _OSC: OS now controls [PCIeHotplug PME PCIeCapability]
[STDERR  ] 2017-08-15T14:25:23.773045604Z: [    1.029328] PCI host bridge to bus 0000:00
[STDOUT  ] 2017-08-15T14:25:23.773045639Z: [    1.031047] pci_bus 0000:00: root bus resource [mem 0x000a0000-0x000bffff window]
[STDERR  ] 2017-08-15T14:25:23.77305531Z: [    1.029934] pci_bus 0000:00: root bus resource [io  0x0000-0x0cf7 window]
[STDOUT  ] 2017-08-15T14:25:23.77305527Z: [    1.031562] pci_bus 0000:00: root bus resource [mem 0xc0000000-0xfebfffff window]
[STDOUT  ] 2017-08-15T14:25:23.773064869Z: [    1.032331] pci_bus 0000:00: root bus resource [bus 00-ff]
[STDERR  ] 2017-08-15T14:25:23.773064907Z: [    1.030552] pci_bus 0000:00: root bus resource [io  0x0d00-0xffff window]
[STDERR  ] 2017-08-15T14:25:23.773076071Z: [    1.031047] pci_bus 0000:00: root bus resource [mem 0x000a0000-0x000bffff window]
[STDOUT  ] 2017-08-15T14:25:23.773078999Z: [    1.140899] pci 0000:00:1f.0: quirk: [io  0x0600-0x067f] claimed by ICH6 ACPI/GPIO/TCO
[STDERR  ] 2017-08-15T14:25:23.773085584Z: [    1.031562] pci_bus 0000:00: root bus resource [mem 0xc0000000-0xfebfffff window]
[STDOUT  ] 2017-08-15T14:25:23.77308861Z: [    1.201595] ACPI: PCI Interrupt Link [LNKA] (IRQs 5 *10 11)
[STDERR  ] 2017-08-15T14:25:23.773095193Z: [    1.032331] pci_bus 0000:00: root bus resource [bus 00-ff]
[STDOUT  ] 2017-08-15T14:25:23.773098219Z: [    1.204492] ACPI: PCI Interrupt Link [LNKB] (IRQs 5 *10 11)
[STDERR  ] 2017-08-15T14:25:23.773104533Z: [    1.140899] pci 0000:00:1f.0: quirk: [io  0x0600-0x067f] claimed by ICH6 ACPI/GPIO/TCO
[STDOUT  ] 2017-08-15T14:25:23.773107773Z: [    1.206782] ACPI: PCI Interrupt Link [LNKC] (IRQs 5 10 *11)
[STDERR  ] 2017-08-15T14:25:23.773114143Z: [    1.201595] ACPI: PCI Interrupt Link [LNKA] (IRQs 5 *10 11)
[STDOUT  ] 2017-08-15T14:25:23.773117229Z: [    1.208852] ACPI: PCI Interrupt Link [LNKD] (IRQs 5 10 *11)
[STDOUT  ] 2017-08-15T14:25:23.773130939Z: [    1.211703] ACPI: PCI Interrupt Link [LNKE] (IRQs 5 *10 11)
[STDERR  ] 2017-08-15T14:25:23.773129234Z: [    1.204492] ACPI: PCI Interrupt Link [LNKB] (IRQs 5 *10 11)
[STDOUT  ] 2017-08-15T14:25:23.77314008Z: [    1.214356] ACPI: PCI Interrupt Link [LNKF] (IRQs 5 *10 11)
[STDERR  ] 2017-08-15T14:25:23.773139246Z: [    1.206782] ACPI: PCI Interrupt Link [LNKC] (IRQs 5 10 *11)
[STDOUT  ] 2017-08-15T14:25:23.773150381Z: [    1.216691] ACPI: PCI Interrupt Link [LNKG] (IRQs 5 10 *11)
[STDERR  ] 2017-08-15T14:25:23.773154Z: [    1.208852] ACPI: PCI Interrupt Link [LNKD] (IRQs 5 10 *11)
[STDOUT  ] 2017-08-15T14:25:23.773160143Z: [    1.218557] ACPI: PCI Interrupt Link [LNKH] (IRQs 5 10 *11)
[STDERR  ] 2017-08-15T14:25:23.773163551Z: [    1.211703] ACPI: PCI Interrupt Link [LNKE] (IRQs 5 *10 11)
[STDOUT  ] 2017-08-15T14:25:23.77317137Z: [    1.219524] ACPI: PCI Interrupt Link [GSIA] (IRQs *16)
[STDERR  ] 2017-08-15T14:25:23.773172699Z: [    1.214356] ACPI: PCI Interrupt Link [LNKF] (IRQs 5 *10 11)
[STDOUT  ] 2017-08-15T14:25:23.773181099Z: [    1.220574] ACPI: PCI Interrupt Link [GSIB] (IRQs *17)
[STDERR  ] 2017-08-15T14:25:23.773182589Z: [    1.216691] ACPI: PCI Interrupt Link [LNKG] (IRQs 5 10 *11)
[STDOUT  ] 2017-08-15T14:25:23.773190586Z: [    1.221353] ACPI: PCI Interrupt Link [GSIC] (IRQs *18)
[STDERR  ] 2017-08-15T14:25:23.773191703Z: [    1.218557] ACPI: PCI Interrupt Link [LNKH] (IRQs 5 10 *11)
[STDERR  ] 2017-08-15T14:25:23.773201753Z: [    1.219524] ACPI: PCI Interrupt Link [GSIA] (IRQs *16)
[STDOUT  ] 2017-08-15T14:25:23.773200146Z: [    1.222100] ACPI: PCI Interrupt Link [GSID] (IRQs *19)
[STDERR  ] 2017-08-15T14:25:23.77321804Z: [    1.220574] ACPI: PCI Interrupt Link [GSIB] (IRQs *17)
[STDOUT  ] 2017-08-15T14:25:23.773221176Z: [    1.222860] ACPI: PCI Interrupt Link [GSIE] (IRQs *20)
[STDERR  ] 2017-08-15T14:25:23.773227887Z: [    1.221353] ACPI: PCI Interrupt Link [GSIC] (IRQs *18)
[STDERR  ] 2017-08-15T14:25:23.773237086Z: [    1.222100] ACPI: PCI Interrupt Link [GSID] (IRQs *19)
[STDERR  ] 2017-08-15T14:25:23.773245796Z: [    1.222860] ACPI: PCI Interrupt Link [GSIE] (IRQs *20)
[STDOUT  ] 2017-08-15T14:25:23.773230603Z: [    1.223617] ACPI: PCI Interrupt Link [GSIF] (IRQs *21)
[STDOUT  ] 2017-08-15T14:25:23.773252366Z: [    1.224367] ACPI: PCI Interrupt Link [GSIG] (IRQs *22)
[STDERR  ] 2017-08-15T14:25:23.773255263Z: [    1.223617] ACPI: PCI Interrupt Link [GSIF] (IRQs *21)
[STDERR  ] 2017-08-15T14:25:23.773264574Z: [    1.224367] ACPI: PCI Interrupt Link [GSIG] (IRQs *22)
[STDOUT  ] 2017-08-15T14:25:23.77326203Z: [    1.225138] ACPI: PCI Interrupt Link [GSIH] (IRQs *23)
[STDOUT  ] 2017-08-15T14:25:23.773271337Z: [    1.229021] ACPI: Enabled 2 GPEs in block 00 to 3F
[STDOUT  ] 2017-08-15T14:25:23.773284569Z: [    1.233750] SCSI subsystem initialized
[STDERR  ] 2017-08-15T14:25:23.773273923Z: [    1.225138] ACPI: PCI Interrupt Link [GSIH] (IRQs *23)
[STDOUT  ] 2017-08-15T14:25:23.773295001Z: [    1.235730] ACPI: bus type USB registered
[STDERR  ] 2017-08-15T14:25:23.773295977Z: [    1.229021] ACPI: Enabled 2 GPEs in block 00 to 3F
[STDOUT  ] 2017-08-15T14:25:23.773304779Z: [    1.237032] usbcore: registered new interface driver usbfs
[STDERR  ] 2017-08-15T14:25:23.773305361Z: [    1.233750] SCSI subsystem initialized
[STDOUT  ] 2017-08-15T14:25:23.773314323Z: [    1.238057] usbcore: registered new interface driver hub
[STDERR  ] 2017-08-15T14:25:23.773315894Z: [    1.235730] ACPI: bus type USB registered
[STDOUT  ] 2017-08-15T14:25:23.773323819Z: [    1.238944] usbcore: registered new device driver usb
[STDERR  ] 2017-08-15T14:25:23.773325361Z: [    1.237032] usbcore: registered new interface driver usbfs
[STDOUT  ] 2017-08-15T14:25:23.773333316Z: [    1.240356] pps_core: LinuxPPS API ver. 1 registered
[STDERR  ] 2017-08-15T14:25:23.773334763Z: [    1.238057] usbcore: registered new interface driver hub
[STDERR  ] 2017-08-15T14:25:23.773344376Z: [    1.238944] usbcore: registered new device driver usb
[STDOUT  ] 2017-08-15T14:25:23.77334284Z: [    1.240670] pps_core: Software ver. 5.3.6 - Copyright 2005-2007 Rodolfo Giometti <giometti@linux.it>
[STDOUT  ] 2017-08-15T14:25:23.77335818Z: [    1.241488] PTP clock support registered
[STDERR  ] 2017-08-15T14:25:23.773358293Z: [    1.240356] pps_core: LinuxPPS API ver. 1 registered
[STDOUT  ] 2017-08-15T14:25:23.773367876Z: [    1.242673] wmi: Mapper loaded
[STDERR  ] 2017-08-15T14:25:23.77336789Z: [    1.240670] pps_core: Software ver. 5.3.6 - Copyright 2005-2007 Rodolfo Giometti <giometti@linux.it>
[STDERR  ] 2017-08-15T14:25:23.773377526Z: [    1.241488] PTP clock support registered
[STDOUT  ] 2017-08-15T14:25:23.773377474Z: [    1.243902] PCI: Using ACPI for IRQ routing
[STDERR  ] 2017-08-15T14:25:23.773388709Z: [    1.242673] wmi: Mapper loaded
[STDOUT  ] 2017-08-15T14:25:23.773390806Z: [    1.262249] NetLabel: Initializing
[STDERR  ] 2017-08-15T14:25:23.773398467Z: [    1.243902] PCI: Using ACPI for IRQ routing
[STDOUT  ] 2017-08-15T14:25:23.7734051Z: [    1.262520] NetLabel:  domain hash size = 128
[STDERR  ] 2017-08-15T14:25:23.773407907Z: [    1.262249] NetLabel: Initializing
[STDOUT  ] 2017-08-15T14:25:23.773414621Z: [    1.262887] NetLabel:  protocols = UNLABELED CIPSOv4
[STDERR  ] 2017-08-15T14:25:23.773417297Z: [    1.262520] NetLabel:  domain hash size = 128
[STDOUT  ] 2017-08-15T14:25:23.773423991Z: [    1.265617] NetLabel:  unlabeled traffic allowed by default
[STDERR  ] 2017-08-15T14:25:23.773426791Z: [    1.262887] NetLabel:  protocols = UNLABELED CIPSOv4
[STDOUT  ] 2017-08-15T14:25:23.773433366Z: [    1.266953] HPET: 3 timers in total, 0 timers will be used for per-cpu timer
[STDERR  ] 2017-08-15T14:25:23.773436181Z: [    1.265617] NetLabel:  unlabeled traffic allowed by default
[STDOUT  ] 2017-08-15T14:25:23.773442881Z: [    1.267911] hpet0: at MMIO 0xfed00000, IRQs 2, 8, 0
[STDERR  ] 2017-08-15T14:25:23.773445564Z: [    1.266953] HPET: 3 timers in total, 0 timers will be used for per-cpu timer
[STDOUT  ] 2017-08-15T14:25:23.773452287Z: [    1.268521] hpet0: 3 comparators, 64-bit 100.000000 MHz counter
[STDERR  ] 2017-08-15T14:25:23.773454983Z: [    1.267911] hpet0: at MMIO 0xfed00000, IRQs 2, 8, 0
[STDOUT  ] 2017-08-15T14:25:23.773461589Z: [    1.273764] clocksource: Switched to clocksource hpet
[STDERR  ] 2017-08-15T14:25:23.773469893Z: [    1.268521] hpet0: 3 comparators, 64-bit 100.000000 MHz counter
[STDOUT  ] 2017-08-15T14:25:23.773471236Z: [    1.533597] VFS: Disk quotas dquot_6.6.0
[STDOUT  ] 2017-08-15T14:25:23.77348054Z: [    1.534407] VFS: Dquot-cache hash table entries: 512 (order 0, 4096 bytes)
[STDERR  ] 2017-08-15T14:25:23.77347951Z: [    1.273764] clocksource: Switched to clocksource hpet
[STDERR  ] 2017-08-15T14:25:23.773489087Z: [    1.533597] VFS: Disk quotas dquot_6.6.0
[STDOUT  ] 2017-08-15T14:25:23.773489884Z: [    1.538476] FS-Cache: Loaded
[STDOUT  ] 2017-08-15T14:25:23.773504791Z: [    1.543571] CacheFiles: Loaded
[STDERR  ] 2017-08-15T14:25:23.773503131Z: [    1.534407] VFS: Dquot-cache hash table entries: 512 (order 0, 4096 bytes)
[STDOUT  ] 2017-08-15T14:25:23.773514694Z: [    1.545331] pnp: PnP ACPI init
[STDERR  ] 2017-08-15T14:25:23.773517249Z: [    1.538476] FS-Cache: Loaded
[STDOUT  ] 2017-08-15T14:25:23.773524323Z: [    1.556713] pnp: PnP ACPI: found 5 devices
[STDERR  ] 2017-08-15T14:25:23.77352693Z: [    1.543571] CacheFiles: Loaded
[STDOUT  ] 2017-08-15T14:25:23.773533606Z: [    1.608641] clocksource: acpi_pm: mask: 0xffffff max_cycles: 0xffffff, max_idle_ns: 2085701024 ns
[STDERR  ] 2017-08-15T14:25:23.773536304Z: [    1.545331] pnp: PnP ACPI init
[STDOUT  ] 2017-08-15T14:25:23.773544836Z: [    1.613098] NET: Registered protocol family 2
[STDERR  ] 2017-08-15T14:25:23.773545503Z: [    1.556713] pnp: PnP ACPI: found 5 devices
[STDOUT  ] 2017-08-15T14:25:23.773554424Z: [    1.620566] TCP established hash table entries: 8192 (order: 4, 65536 bytes)
[STDERR  ] 2017-08-15T14:25:23.77355598Z: [    1.608641] clocksource: acpi_pm: mask: 0xffffff max_cycles: 0xffffff, max_idle_ns: 2085701024 ns
[STDOUT  ] 2017-08-15T14:25:23.773564207Z: [    1.621407] TCP bind hash table entries: 8192 (order: 5, 131072 bytes)
[STDERR  ] 2017-08-15T14:25:23.773569731Z: [    1.613098] NET: Registered protocol family 2
[STDOUT  ] 2017-08-15T14:25:23.773573989Z: [    1.622129] TCP: Hash tables configured (established 8192 bind 8192)
[STDERR  ] 2017-08-15T14:25:23.77357915Z: [    1.620566] TCP established hash table entries: 8192 (order: 4, 65536 bytes)
[STDOUT  ] 2017-08-15T14:25:23.773583586Z: [    1.624022] UDP hash table entries: 512 (order: 2, 16384 bytes)
[STDERR  ] 2017-08-15T14:25:23.773590284Z: [    1.621407] TCP bind hash table entries: 8192 (order: 5, 131072 bytes)
[STDOUT  ] 2017-08-15T14:25:23.773593333Z: [    1.624711] UDP-Lite hash table entries: 512 (order: 2, 16384 bytes)
[STDERR  ] 2017-08-15T14:25:23.773599686Z: [    1.622129] TCP: Hash tables configured (established 8192 bind 8192)
[STDOUT  ] 2017-08-15T14:25:23.773602864Z: [    1.627004] NET: Registered protocol family 1
[STDOUT  ] 2017-08-15T14:25:23.773612686Z: [    1.628009] pci 0000:00:01.0: Video device with shadowed ROM at [mem 0x000c0000-0x000dffff]
[STDERR  ] 2017-08-15T14:25:23.77360881Z: [    1.624022] UDP hash table entries: 512 (order: 2, 16384 bytes)
[STDERR  ] 2017-08-15T14:25:23.77361923Z: [    1.624711] UDP-Lite hash table entries: 512 (order: 2, 16384 bytes)
[STDOUT  ] 2017-08-15T14:25:23.773625941Z: [    1.634992] Unpacking initramfs...
[STDERR  ] 2017-08-15T14:25:23.773629011Z: [    1.627004] NET: Registered protocol family 1
[STDERR  ] 2017-08-15T14:25:23.77363859Z: [    1.628009] pci 0000:00:01.0: Video device with shadowed ROM at [mem 0x000c0000-0x000dffff]
[STDOUT  ] 2017-08-15T14:25:23.77363574Z: [    4.180824] Freeing initrd memory: 19056K
[STDOUT  ] 2017-08-15T14:25:23.773645289Z: [    4.206381] PCLMULQDQ-NI instructions are not detected.
[STDERR  ] 2017-08-15T14:25:23.773648474Z: [    1.634992] Unpacking initramfs...
[STDERR  ] 2017-08-15T14:25:23.773662399Z: [    4.180824] Freeing initrd memory: 19056K
[STDOUT  ] 2017-08-15T14:25:23.773654589Z: [    4.207911] AVX or AES-NI instructions are not detected.
[STDOUT  ] 2017-08-15T14:25:23.77366924Z: [    4.208434] CPU feature 'AVX registers' is not supported.
[STDERR  ] 2017-08-15T14:25:23.773672111Z: [    4.206381] PCLMULQDQ-NI instructions are not detected.
[STDOUT  ] 2017-08-15T14:25:23.773678731Z: [    4.208861] CPU feature 'AVX registers' is not supported.
[STDERR  ] 2017-08-15T14:25:23.773681494Z: [    4.207911] AVX or AES-NI instructions are not detected.
[STDOUT  ] 2017-08-15T14:25:23.773688163Z: [    4.209302] CPU feature 'AVX registers' is not supported.
[STDERR  ] 2017-08-15T14:25:23.773690873Z: [    4.208434] CPU feature 'AVX registers' is not supported.
[STDOUT  ] 2017-08-15T14:25:23.773697733Z: [    4.209711] CPU feature 'AVX registers' is not supported.
[STDERR  ] 2017-08-15T14:25:23.773703889Z: [    4.208861] CPU feature 'AVX registers' is not supported.
[STDOUT  ] 2017-08-15T14:25:23.77371136Z: [    4.210498] AVX2 or AES-NI instructions are not detected.
[STDERR  ] 2017-08-15T14:25:23.77371323Z: [    4.209302] CPU feature 'AVX registers' is not supported.
[STDOUT  ] 2017-08-15T14:25:23.773721003Z: [    4.210940] AVX2 instructions are not detected.
[STDERR  ] 2017-08-15T14:25:23.773722567Z: [    4.209711] CPU feature 'AVX registers' is not supported.
[STDERR  ] 2017-08-15T14:25:23.77373188Z: [    4.210498] AVX2 or AES-NI instructions are not detected.
[STDOUT  ] 2017-08-15T14:25:23.773730541Z: [    4.216608] audit: initializing netlink subsys (disabled)
[STDOUT  ] 2017-08-15T14:25:23.773741673Z: [    4.218759] audit: type=2000 audit(1502807100.210:1): initialized
[STDERR  ] 2017-08-15T14:25:23.773741214Z: [    4.210940] AVX2 instructions are not detected.
[STDERR  ] 2017-08-15T14:25:23.773750877Z: [    4.216608] audit: initializing netlink subsys (disabled)
[STDOUT  ] 2017-08-15T14:25:23.773750933Z: [    4.229621] workingset: timestamp_bits=46 max_order=18 bucket_order=0
[STDERR  ] 2017-08-15T14:25:23.773759957Z: [    4.218759] audit: type=2000 audit(1502807100.210:1): initialized
[STDERR  ] 2017-08-15T14:25:23.773769451Z: [    4.229621] workingset: timestamp_bits=46 max_order=18 bucket_order=0
[STDOUT  ] 2017-08-15T14:25:23.773770956Z: [    4.236602] FS-Cache: Netfs 'cifs' registered for caching
[STDERR  ] 2017-08-15T14:25:23.773779337Z: [    4.236602] FS-Cache: Netfs 'cifs' registered for caching
[STDOUT  ] 2017-08-15T14:25:23.773785706Z: [    4.237780] fuse init (API version 7.26)
[STDERR  ] 2017-08-15T14:25:23.773793191Z: [    4.237780] fuse init (API version 7.26)
[STDOUT  ] 2017-08-15T14:25:23.773795336Z: [    4.240991] SGI XFS with ACLs, security attributes, no debug enabled
[STDERR  ] 2017-08-15T14:25:23.773802813Z: [    4.240991] SGI XFS with ACLs, security attributes, no debug enabled
[STDOUT  ] 2017-08-15T14:25:23.77380517Z: [    4.245047] 9p: Installing v9fs 9p2000 file system support
[STDERR  ] 2017-08-15T14:25:23.773812129Z: [    4.245047] 9p: Installing v9fs 9p2000 file system support
[STDOUT  ] 2017-08-15T14:25:23.77381472Z: [    4.245645] FS-Cache: Netfs '9p' registered for caching
[STDERR  ] 2017-08-15T14:25:23.773821549Z: [    4.245645] FS-Cache: Netfs '9p' registered for caching
[STDOUT  ] 2017-08-15T14:25:23.773824073Z: [    4.279810] NET: Registered protocol family 38
[STDERR  ] 2017-08-15T14:25:23.773830831Z: [    4.279810] NET: Registered protocol family 38
[STDOUT  ] 2017-08-15T14:25:23.773833527Z: [    4.282925] Key type asymmetric registered
[STDERR  ] 2017-08-15T14:25:23.77384039Z: [    4.282925] Key type asymmetric registered
[STDOUT  ] 2017-08-15T14:25:23.773842973Z: [    4.283399] Asymmetric key parser 'x509' registered
[STDERR  ] 2017-08-15T14:25:23.773849753Z: [    4.283399] Asymmetric key parser 'x509' registered
[STDOUT  ] 2017-08-15T14:25:23.773852259Z: [    4.284501] Block layer SCSI generic (bsg) driver version 0.4 loaded (major 251)
[STDERR  ] 2017-08-15T14:25:23.77385914Z: [    4.284501] Block layer SCSI generic (bsg) driver version 0.4 loaded (major 251)
[STDOUT  ] 2017-08-15T14:25:23.773861744Z: [    4.286019] io scheduler noop registered
[STDERR  ] 2017-08-15T14:25:23.773868623Z: [    4.286019] io scheduler noop registered
[STDOUT  ] 2017-08-15T14:25:23.773871246Z: [    4.286406] io scheduler deadline registered (default)
[STDERR  ] 2017-08-15T14:25:23.773877976Z: [    4.286406] io scheduler deadline registered (default)
[STDOUT  ] 2017-08-15T14:25:23.773880687Z: [    4.287086] io scheduler cfq registered
[STDOUT  ] 2017-08-15T14:25:23.773890176Z: [    4.292217] pci_hotplug: PCI Hot Plug PCI Core version: 0.5
[STDERR  ] 2017-08-15T14:25:23.773887447Z: [    4.287086] io scheduler cfq registered
[STDERR  ] 2017-08-15T14:25:23.77389682Z: [    4.292217] pci_hotplug: PCI Hot Plug PCI Core version: 0.5
[STDOUT  ] 2017-08-15T14:25:23.773899569Z: [    4.292917] pciehp: PCI Express Hot Plug Controller Driver version: 0.4
[STDERR  ] 2017-08-15T14:25:23.773906216Z: [    4.292917] pciehp: PCI Express Hot Plug Controller Driver version: 0.4
[STDERR  ] 2017-08-15T14:25:23.773916154Z: [    4.293821] shpchp: Standard Hot Plug PCI Controller Driver version: 0.4
[STDOUT  ] 2017-08-15T14:25:23.773914377Z: [    4.293821] shpchp: Standard Hot Plug PCI Controller Driver version: 0.4
[STDOUT  ] 2017-08-15T14:25:23.773928596Z: [    4.294738] hv_vmbus: registering driver hyperv_fb
[STDERR  ] 2017-08-15T14:25:23.773926003Z: [    4.294738] hv_vmbus: registering driver hyperv_fb
[STDERR  ] 2017-08-15T14:25:23.773935421Z: [    4.297969] input: Power Button as /devices/LNXSYSTM:00/LNXPWRBN:00/input/input0
[STDOUT  ] 2017-08-15T14:25:23.773938227Z: [    4.297969] input: Power Button as /devices/LNXSYSTM:00/LNXPWRBN:00/input/input0
[STDERR  ] 2017-08-15T14:25:23.773944903Z: [    4.299123] ACPI: Power Button [PWRF]
[STDOUT  ] 2017-08-15T14:25:23.773947724Z: [    4.299123] ACPI: Power Button [PWRF]
[STDERR  ] 2017-08-15T14:25:23.773954119Z: [    4.304406] GHES: HEST is not enabled!
[STDOUT  ] 2017-08-15T14:25:23.773957304Z: [    4.304406] GHES: HEST is not enabled!
[STDERR  ] 2017-08-15T14:25:23.773963413Z: [    4.315770] ACPI: PCI Interrupt Link [GSIG] enabled at IRQ 22
[STDERR  ] 2017-08-15T14:25:23.773974066Z: [    4.329910] ACPI: PCI Interrupt Link [GSIH] enabled at IRQ 23
[STDOUT  ] 2017-08-15T14:25:23.773972651Z: [    4.315770] ACPI: PCI Interrupt Link [GSIG] enabled at IRQ 22
[STDERR  ] 2017-08-15T14:25:23.773983883Z: [    4.334865] xenfs: not registering filesystem on non-xen platform
[STDOUT  ] 2017-08-15T14:25:23.773986666Z: [    4.329910] ACPI: PCI Interrupt Link [GSIH] enabled at IRQ 23
[STDERR  ] 2017-08-15T14:25:23.773993331Z: [    4.336988] Serial: 8250/16550 driver, 4 ports, IRQ sharing disabled
[STDOUT  ] 2017-08-15T14:25:23.773996199Z: [    4.334865] xenfs: not registering filesystem on non-xen platform
[STDERR  ] 2017-08-15T14:25:23.77400265Z: [    4.360891] 00:04: ttyS0 at I/O 0x3f8 (irq = 4, base_baud = 115200) is a 16550A
[STDOUT  ] 2017-08-15T14:25:23.774005654Z: [    4.336988] Serial: 8250/16550 driver, 4 ports, IRQ sharing disabled
[STDERR  ] 2017-08-15T14:25:23.774012176Z: [    4.373257] Non-volatile memory driver v1.3
[STDOUT  ] 2017-08-15T14:25:23.77401511Z: [    4.360891] 00:04: ttyS0 at I/O 0x3f8 (irq = 4, base_baud = 115200) is a 16550A
[STDERR  ] 2017-08-15T14:25:23.774021729Z: [    4.379309] Hangcheck: starting hangcheck timer 0.9.1 (tick is 180 seconds, margin is 60 seconds).
[STDOUT  ] 2017-08-15T14:25:23.77402459Z: [    4.373257] Non-volatile memory driver v1.3
[STDERR  ] 2017-08-15T14:25:23.77403141Z: [    4.417574] loop: module loaded
[STDOUT  ] 2017-08-15T14:25:23.774033974Z: [    4.379309] Hangcheck: starting hangcheck timer 0.9.1 (tick is 180 seconds, margin is 60 seconds).
[STDERR  ] 2017-08-15T14:25:23.77404058Z: [    4.433780] nbd: registered device at major 43
[STDOUT  ] 2017-08-15T14:25:23.774048393Z: [    4.417574] loop: module loaded
[STDERR  ] 2017-08-15T14:25:23.774050309Z: [    4.477939] lpc_ich 0000:00:1f.0: I/O space for GPIO uninitialized
[STDOUT  ] 2017-08-15T14:25:23.774057927Z: [    4.433780] nbd: registered device at major 43
[STDERR  ] 2017-08-15T14:25:23.774059551Z: [    4.480859] VMware PVSCSI driver - version 1.0.7.0-k
[STDOUT  ] 2017-08-15T14:25:23.774067327Z: [    4.477939] lpc_ich 0000:00:1f.0: I/O space for GPIO uninitialized
[STDERR  ] 2017-08-15T14:25:23.774068941Z: [    4.481816] hv_vmbus: registering driver hv_storvsc
[STDERR  ] 2017-08-15T14:25:23.774078436Z: [    4.492942] ACPI: PCI Interrupt Link [GSIA] enabled at IRQ 16
[STDOUT  ] 2017-08-15T14:25:23.774076901Z: [    4.480859] VMware PVSCSI driver - version 1.0.7.0-k
[STDERR  ] 2017-08-15T14:25:23.774088209Z: [    4.499126] ahci 0000:00:1f.2: AHCI 0001.0000 32 slots 6 ports 1.5 Gbps 0x3f impl SATA mode
[STDOUT  ] 2017-08-15T14:25:23.774090431Z: [    4.481816] hv_vmbus: registering driver hv_storvsc
[STDERR  ] 2017-08-15T14:25:23.774097793Z: [    4.499882] ahci 0000:00:1f.2: flags: 64bit ncq only 
[STDOUT  ] 2017-08-15T14:25:23.774099863Z: [    4.492942] ACPI: PCI Interrupt Link [GSIA] enabled at IRQ 16
[STDERR  ] 2017-08-15T14:25:23.774107136Z: [    4.520846] scsi host0: ahci
[STDOUT  ] 2017-08-15T14:25:23.774113427Z: [    4.499126] ahci 0000:00:1f.2: AHCI 0001.0000 32 slots 6 ports 1.5 Gbps 0x3f impl SATA mode
[STDERR  ] 2017-08-15T14:25:23.774119661Z: [    4.526314] scsi host1: ahci
[STDOUT  ] 2017-08-15T14:25:23.774123227Z: [    4.499882] ahci 0000:00:1f.2: flags: 64bit ncq only 
[STDERR  ] 2017-08-15T14:25:23.774129574Z: [    4.528677] scsi host2: ahci
[STDOUT  ] 2017-08-15T14:25:23.774132596Z: [    4.520846] scsi host0: ahci
[STDERR  ] 2017-08-15T14:25:23.774138869Z: [    4.531357] scsi host3: ahci
[STDOUT  ] 2017-08-15T14:25:23.77414579Z: [    4.526314] scsi host1: ahci
[STDERR  ] 2017-08-15T14:25:23.774148319Z: [    4.533710] scsi host4: ahci
[STDERR  ] 2017-08-15T14:25:23.774157646Z: [    4.536021] scsi host5: ahci
[STDOUT  ] 2017-08-15T14:25:23.774155187Z: [    4.528677] scsi host2: ahci
[STDOUT  ] 2017-08-15T14:25:23.774164493Z: [    4.531357] scsi host3: ahci
[STDERR  ] 2017-08-15T14:25:23.774167153Z: [    4.537897] ata1: SATA max UDMA/133 abar m4096@0xfebd2000 port 0xfebd2100 irq 24
[STDERR  ] 2017-08-15T14:25:23.7741767Z: [    4.538400] ata2: SATA max UDMA/133 abar m4096@0xfebd2000 port 0xfebd2180 irq 24
[STDOUT  ] 2017-08-15T14:25:23.774173833Z: [    4.533710] scsi host4: ahci
[STDOUT  ] 2017-08-15T14:25:23.774187209Z: [    4.536021] scsi host5: ahci
[STDERR  ] 2017-08-15T14:25:23.774186616Z: [    4.538856] ata3: SATA max UDMA/133 abar m4096@0xfebd2000 port 0xfebd2200 irq 24
[STDOUT  ] 2017-08-15T14:25:23.7741972Z: [    4.537897] ata1: SATA max UDMA/133 abar m4096@0xfebd2000 port 0xfebd2100 irq 24
[STDERR  ] 2017-08-15T14:25:23.774205017Z: [    4.539319] ata4: SATA max UDMA/133 abar m4096@0xfebd2000 port 0xfebd2280 irq 24
[STDOUT  ] 2017-08-15T14:25:23.774207301Z: [    4.538400] ata2: SATA max UDMA/133 abar m4096@0xfebd2000 port 0xfebd2180 irq 24
[STDERR  ] 2017-08-15T14:25:23.774214481Z: [    4.539805] ata5: SATA max UDMA/133 abar m4096@0xfebd2000 port 0xfebd2300 irq 24
[STDOUT  ] 2017-08-15T14:25:23.77421688Z: [    4.538856] ata3: SATA max UDMA/133 abar m4096@0xfebd2000 port 0xfebd2200 irq 24
[STDOUT  ] 2017-08-15T14:25:23.774226189Z: [    4.539319] ata4: SATA max UDMA/133 abar m4096@0xfebd2000 port 0xfebd2280 irq 24
[STDERR  ] 2017-08-15T14:25:23.774223949Z: [    4.540617] ata6: SATA max UDMA/133 abar m4096@0xfebd2000 port 0xfebd2380 irq 24
[STDOUT  ] 2017-08-15T14:25:23.774235483Z: [    4.539805] ata5: SATA max UDMA/133 abar m4096@0xfebd2000 port 0xfebd2300 irq 24
[STDERR  ] 2017-08-15T14:25:23.774235179Z: [    4.554152] tun: Universal TUN/TAP device driver, 1.6
[STDERR  ] 2017-08-15T14:25:23.77424497Z: [    4.554591] tun: (C) 1999-2004 Max Krasnyansky <maxk@qualcomm.com>
[STDOUT  ] 2017-08-15T14:25:23.774244919Z: [    4.540617] ata6: SATA max UDMA/133 abar m4096@0xfebd2000 port 0xfebd2380 irq 24
[STDERR  ] 2017-08-15T14:25:23.774254347Z: [    4.565360] VMware vmxnet3 virtual NIC driver - version 1.4.a.0-k-NAPI
[STDOUT  ] 2017-08-15T14:25:23.774255879Z: [    4.554152] tun: Universal TUN/TAP device driver, 1.6
[STDERR  ] 2017-08-15T14:25:23.774264041Z: [    4.566399] hv_vmbus: registering driver hv_netvsc
[STDOUT  ] 2017-08-15T14:25:23.77426554Z: [    4.554591] tun: (C) 1999-2004 Max Krasnyansky <maxk@qualcomm.com>
[STDOUT  ] 2017-08-15T14:25:23.774274811Z: [    4.565360] VMware vmxnet3 virtual NIC driver - version 1.4.a.0-k-NAPI
[STDERR  ] 2017-08-15T14:25:23.774273579Z: [    4.566768] Fusion MPT base driver 3.04.20
[STDERR  ] 2017-08-15T14:25:23.774283096Z: [    4.567075] Copyright (c) 1999-2008 LSI Corporation
[STDOUT  ] 2017-08-15T14:25:23.774284177Z: [    4.566399] hv_vmbus: registering driver hv_netvsc
[STDERR  ] 2017-08-15T14:25:23.774292563Z: [    4.567743] Fusion MPT SPI Host driver 3.04.20
[STDOUT  ] 2017-08-15T14:25:23.774294164Z: [    4.566768] Fusion MPT base driver 3.04.20
[STDERR  ] 2017-08-15T14:25:23.774302589Z: [    4.569817] i8042: PNP: PS/2 Controller [PNP0303:KBD,PNP0f13:MOU] at 0x60,0x64 irq 1,12
[STDOUT  ] 2017-08-15T14:25:23.774309323Z: [    4.567075] Copyright (c) 1999-2008 LSI Corporation
[STDERR  ] 2017-08-15T14:25:23.774312173Z: [    4.574157] serio: i8042 KBD port at 0x60,0x64 irq 1
[STDOUT  ] 2017-08-15T14:25:23.774327999Z: [    4.567743] Fusion MPT SPI Host driver 3.04.20
[STDERR  ] 2017-08-15T14:25:23.774329121Z: [    4.574907] serio: i8042 AUX port at 0x60,0x64 irq 12
[STDOUT  ] 2017-08-15T14:25:23.774337879Z: [    4.569817] i8042: PNP: PS/2 Controller [PNP0303:KBD,PNP0f13:MOU] at 0x60,0x64 irq 1,12
[STDERR  ] 2017-08-15T14:25:23.774339483Z: [    4.578075] hv_vmbus: registering driver hyperv_keyboard
[STDERR  ] 2017-08-15T14:25:23.77434911Z: [    4.581095] mousedev: PS/2 mouse device common for all mice
[STDOUT  ] 2017-08-15T14:25:23.774347641Z: [    4.574157] serio: i8042 KBD port at 0x60,0x64 irq 1
[STDERR  ] 2017-08-15T14:25:23.774358341Z: [    4.585774] input: AT Translated Set 2 keyboard as /devices/platform/i8042/serio0/input/input1
[STDOUT  ] 2017-08-15T14:25:23.774357259Z: [    4.574907] serio: i8042 AUX port at 0x60,0x64 irq 12
[STDOUT  ] 2017-08-15T14:25:23.774366794Z: [    4.578075] hv_vmbus: registering driver hyperv_keyboard
[STDERR  ] 2017-08-15T14:25:23.774367813Z: [    4.588668] input: PC Speaker as /devices/platform/pcspkr/input/input2
[STDOUT  ] 2017-08-15T14:25:23.774376466Z: [    4.581095] mousedev: PS/2 mouse device common for all mice
[STDERR  ] 2017-08-15T14:25:23.774381893Z: [    4.592670] rtc_cmos 00:00: RTC can wake from S4
[STDOUT  ] 2017-08-15T14:25:23.774386186Z: [    4.585774] input: AT Translated Set 2 keyboard as /devices/platform/i8042/serio0/input/input1
[STDERR  ] 2017-08-15T14:25:23.77439149Z: [    4.595902] rtc_cmos 00:00: rtc core: registered rtc_cmos as rtc0
[STDOUT  ] 2017-08-15T14:25:23.774395918Z: [    4.588668] input: PC Speaker as /devices/platform/pcspkr/input/input2
[STDERR  ] 2017-08-15T14:25:23.774402483Z: [    4.597181] rtc_cmos 00:00: alarms up to one day, y3k, 114 bytes nvram, hpet irqs
[STDOUT  ] 2017-08-15T14:25:23.774405328Z: [    4.592670] rtc_cmos 00:00: RTC can wake from S4
[STDERR  ] 2017-08-15T14:25:23.774411902Z: [    4.597986] i2c /dev entries driver
[STDOUT  ] 2017-08-15T14:25:23.774414586Z: [    4.595902] rtc_cmos 00:00: rtc core: registered rtc_cmos as rtc0
[STDERR  ] 2017-08-15T14:25:23.774421312Z: [    4.599932] device-mapper: ioctl: 4.35.0-ioctl (2016-06-23) initialised: dm-devel@redhat.com
[STDOUT  ] 2017-08-15T14:25:23.774425638Z: [    4.597181] rtc_cmos 00:00: alarms up to one day, y3k, 114 bytes nvram, hpet irqs
[STDERR  ] 2017-08-15T14:25:23.774430776Z: [    4.605008] usbcore: registered new interface driver usbhid
[STDOUT  ] 2017-08-15T14:25:23.77443522Z: [    4.597986] i2c /dev entries driver
[STDERR  ] 2017-08-15T14:25:23.774440059Z: [    4.605476] usbhid: USB HID core driver
[STDOUT  ] 2017-08-15T14:25:23.774446663Z: [    4.599932] device-mapper: ioctl: 4.35.0-ioctl (2016-06-23) initialised: dm-devel@redhat.com
[STDERR  ] 2017-08-15T14:25:23.774449555Z: [    4.606122] hv_utils: Registering HyperV Utility Driver
[STDOUT  ] 2017-08-15T14:25:23.774456059Z: [    4.605008] usbcore: registered new interface driver usbhid
[STDERR  ] 2017-08-15T14:25:23.774459038Z: [    4.606458] hv_vmbus: registering driver hv_util
[STDOUT  ] 2017-08-15T14:25:23.7744651Z: [    4.605476] usbhid: USB HID core driver
[STDERR  ] 2017-08-15T14:25:23.774474316Z: [    4.606765] hv_vmbus: registering driver hv_balloon
[STDOUT  ] 2017-08-15T14:25:23.774481135Z: [    4.606122] hv_utils: Registering HyperV Utility Driver
[STDERR  ] 2017-08-15T14:25:23.774484168Z: [    4.607323] oprofile: using NMI interrupt.
[STDOUT  ] 2017-08-15T14:25:23.77449063Z: [    4.606458] hv_vmbus: registering driver hv_util
[STDOUT  ] 2017-08-15T14:25:23.774500499Z: [    4.606765] hv_vmbus: registering driver hv_balloon
[STDERR  ] 2017-08-15T14:25:23.774497956Z: [    4.608498] GACT probability on
[STDOUT  ] 2017-08-15T14:25:23.774509936Z: [    4.607323] oprofile: using NMI interrupt.
[STDERR  ] 2017-08-15T14:25:23.774507419Z: [    4.609063] Mirror/redirect action on
[STDERR  ] 2017-08-15T14:25:23.774516635Z: [    4.609993] Simple TC action Loaded
[STDOUT  ] 2017-08-15T14:25:23.774519465Z: [    4.608498] GACT probability on
[STDERR  ] 2017-08-15T14:25:23.77452979Z: [    4.610968] u32 classifier
[STDOUT  ] 2017-08-15T14:25:23.774531379Z: [    4.609063] Mirror/redirect action on
[STDERR  ] 2017-08-15T14:25:23.774539649Z: [    4.611202]     Performance counters on
[STDOUT  ] 2017-08-15T14:25:23.774540722Z: [    4.609993] Simple TC action Loaded
[STDERR  ] 2017-08-15T14:25:23.774549118Z: [    4.611483]     input device check on
[STDOUT  ] 2017-08-15T14:25:23.774550712Z: [    4.610968] u32 classifier
[STDERR  ] 2017-08-15T14:25:23.774563109Z: [    4.611717]     Actions configured
[STDOUT  ] 2017-08-15T14:25:23.774563283Z: [    4.611202]     Performance counters on
[STDOUT  ] 2017-08-15T14:25:23.774574426Z: [    4.611483]     input device check on
[STDERR  ] 2017-08-15T14:25:23.774572676Z: [    4.612340] Netfilter messages via NETLINK v0.30.
[STDERR  ] 2017-08-15T14:25:23.774582178Z: [    4.613355] nfnl_acct: registering with nfnetlink.
[STDOUT  ] 2017-08-15T14:25:23.774583843Z: [    4.611717]     Actions configured
[STDOUT  ] 2017-08-15T14:25:23.774593168Z: [    4.612340] Netfilter messages via NETLINK v0.30.
[STDERR  ] 2017-08-15T14:25:23.774591722Z: [    4.614734] nf_conntrack version 0.5.0 (8192 buckets, 32768 max)
[STDERR  ] 2017-08-15T14:25:23.774601288Z: [    4.617788] ctnetlink v0.93: registering with nfnetlink.
[STDOUT  ] 2017-08-15T14:25:23.774606242Z: [    4.613355] nfnl_acct: registering with nfnetlink.
[STDERR  ] 2017-08-15T14:25:23.774612462Z: [    4.621307] nf_tables: (c) 2007-2009 Patrick McHardy <kaber@trash.net>
[STDOUT  ] 2017-08-15T14:25:23.774616096Z: [    4.614734] nf_conntrack version 0.5.0 (8192 buckets, 32768 max)
[STDERR  ] 2017-08-15T14:25:23.774621893Z: [    4.622168] nf_tables_compat: (c) 2012 Pablo Neira Ayuso <pablo@netfilter.org>
[STDOUT  ] 2017-08-15T14:25:23.774625643Z: [    4.617788] ctnetlink v0.93: registering with nfnetlink.
[STDERR  ] 2017-08-15T14:25:23.774631313Z: [    4.624539] xt_time: kernel timezone is -0000
[STDOUT  ] 2017-08-15T14:25:23.774639959Z: [    4.621307] nf_tables: (c) 2007-2009 Patrick McHardy <kaber@trash.net>
[STDERR  ] 2017-08-15T14:25:23.774641513Z: [    4.625164] ip_set: protocol 6
[STDOUT  ] 2017-08-15T14:25:23.774649572Z: [    4.622168] nf_tables_compat: (c) 2012 Pablo Neira Ayuso <pablo@netfilter.org>
[STDERR  ] 2017-08-15T14:25:23.774651268Z: [    4.625968] IPVS: Registered protocols (TCP, UDP, SCTP, AH, ESP)
[STDOUT  ] 2017-08-15T14:25:23.774659173Z: [    4.624539] xt_time: kernel timezone is -0000
[STDERR  ] 2017-08-15T14:25:23.774660683Z: [    4.626618] IPVS: Connection hash table configured (size=4096, memory=64Kbytes)
[STDOUT  ] 2017-08-15T14:25:23.77466876Z: [    4.625164] ip_set: protocol 6
[STDERR  ] 2017-08-15T14:25:23.774670178Z: [    4.628475] IPVS: Creating netns size=2104 id=0
[STDOUT  ] 2017-08-15T14:25:23.774678289Z: [    4.625968] IPVS: Registered protocols (TCP, UDP, SCTP, AH, ESP)
[STDERR  ] 2017-08-15T14:25:23.77467945Z: [    4.631635] IPVS: ipvs loaded.
[STDOUT  ] 2017-08-15T14:25:23.774687978Z: [    4.626618] IPVS: Connection hash table configured (size=4096, memory=64Kbytes)
[STDERR  ] 2017-08-15T14:25:23.774693185Z: [    4.632067] IPVS: [rr] scheduler registered.
[STDOUT  ] 2017-08-15T14:25:23.774701209Z: [    4.628475] IPVS: Creating netns size=2104 id=0
[STDERR  ] 2017-08-15T14:25:23.774703229Z: [    4.632403] IPVS: [wrr] scheduler registered.
[STDOUT  ] 2017-08-15T14:25:23.774714542Z: [    4.631635] IPVS: ipvs loaded.
[STDERR  ] 2017-08-15T14:25:23.774712979Z: [    4.632752] IPVS: [lc] scheduler registered.
[STDERR  ] 2017-08-15T14:25:23.774724265Z: [    4.633048] IPVS: [wlc] scheduler registered.
[STDOUT  ] 2017-08-15T14:25:23.7747237Z: [    4.632067] IPVS: [rr] scheduler registered.
[STDOUT  ] 2017-08-15T14:25:23.774733435Z: [    4.632403] IPVS: [wrr] scheduler registered.
[STDERR  ] 2017-08-15T14:25:23.774739989Z: [    4.633353] IPVS: [fo] scheduler registered.
[STDOUT  ] 2017-08-15T14:25:23.774742928Z: [    4.632752] IPVS: [lc] scheduler registered.
[STDERR  ] 2017-08-15T14:25:23.774749483Z: [    4.633645] IPVS: [ovf] scheduler registered.
[STDOUT  ] 2017-08-15T14:25:23.774756409Z: [    4.633048] IPVS: [wlc] scheduler registered.
[STDERR  ] 2017-08-15T14:25:23.774759078Z: [    4.634110] IPVS: [lblc] scheduler registered.
[STDOUT  ] 2017-08-15T14:25:23.77476584Z: [    4.633353] IPVS: [fo] scheduler registered.
[STDERR  ] 2017-08-15T14:25:23.774768476Z: [    4.634578] IPVS: [lblcr] scheduler registered.
[STDOUT  ] 2017-08-15T14:25:23.774775119Z: [    4.633645] IPVS: [ovf] scheduler registered.
[STDERR  ] 2017-08-15T14:25:23.774778006Z: [    4.634928] IPVS: [dh] scheduler registered.
[STDERR  ] 2017-08-15T14:25:23.774788Z: [    4.635216] IPVS: [sh] scheduler registered.
[STDOUT  ] 2017-08-15T14:25:23.774788452Z: [    4.634110] IPVS: [lblc] scheduler registered.
[STDOUT  ] 2017-08-15T14:25:23.774799273Z: [    4.634578] IPVS: [lblcr] scheduler registered.
[STDERR  ] 2017-08-15T14:25:23.774797829Z: [    4.635524] IPVS: [sed] scheduler registered.
[STDERR  ] 2017-08-15T14:25:23.774807355Z: [    4.635844] IPVS: [nq] scheduler registered.
[STDOUT  ] 2017-08-15T14:25:23.774808508Z: [    4.634928] IPVS: [dh] scheduler registered.
[STDOUT  ] 2017-08-15T14:25:23.774818426Z: [    4.635216] IPVS: [sh] scheduler registered.
[STDERR  ] 2017-08-15T14:25:23.7748168Z: [    4.636647] IPVS: ftp: loaded support on port[0] = 21
[STDERR  ] 2017-08-15T14:25:23.774830818Z: [    4.637607] ipip: IPv4 and MPLS over IPv4 tunneling driver
[STDOUT  ] 2017-08-15T14:25:23.774827706Z: [    4.635524] IPVS: [sed] scheduler registered.
[STDOUT  ] 2017-08-15T14:25:23.774837448Z: [    4.635844] IPVS: [nq] scheduler registered.
[STDERR  ] 2017-08-15T14:25:23.774840338Z: [    4.642410] gre: GRE over IPv4 demultiplexor driver
[STDERR  ] 2017-08-15T14:25:23.77484979Z: [    4.645129] ip_tables: (C) 2000-2006 Netfilter Core Team
[STDOUT  ] 2017-08-15T14:25:23.774846669Z: [    4.636647] IPVS: ftp: loaded support on port[0] = 21
[STDERR  ] 2017-08-15T14:25:23.774859353Z: [    4.648344] ipt_CLUSTERIP: ClusterIP Version 0.8 loaded successfully
[STDOUT  ] 2017-08-15T14:25:23.774860849Z: [    4.637607] ipip: IPv4 and MPLS over IPv4 tunneling driver
[STDERR  ] 2017-08-15T14:25:23.77486913Z: [    4.649090] arp_tables: arp_tables: (C) 2002 David S. Miller
[STDOUT  ] 2017-08-15T14:25:23.774870589Z: [    4.642410] gre: GRE over IPv4 demultiplexor driver
[STDOUT  ] 2017-08-15T14:25:23.774880162Z: [    4.645129] ip_tables: (C) 2000-2006 Netfilter Core Team
[STDERR  ] 2017-08-15T14:25:23.774878588Z: [    4.651916] NET: Registered protocol family 10
[STDERR  ] 2017-08-15T14:25:23.77489206Z: [    4.661480] ip6_tables: (C) 2000-2006 Netfilter Core Team
[STDOUT  ] 2017-08-15T14:25:23.774890099Z: [    4.648344] ipt_CLUSTERIP: ClusterIP Version 0.8 loaded successfully
[STDERR  ] 2017-08-15T14:25:23.774901485Z: [    4.673475] NET: Registered protocol family 17
[STDOUT  ] 2017-08-15T14:25:23.774899662Z: [    4.649090] arp_tables: arp_tables: (C) 2002 David S. Miller
[STDOUT  ] 2017-08-15T14:25:23.77490907Z: [    4.651916] NET: Registered protocol family 10
[STDERR  ] 2017-08-15T14:25:23.77491081Z: [    4.674535] Bridge firewalling registered
[STDERR  ] 2017-08-15T14:25:23.774920278Z: [    4.675157] Ebtables v2.0 registered
[STDOUT  ] 2017-08-15T14:25:23.774918506Z: [    4.661480] ip6_tables: (C) 2000-2006 Netfilter Core Team
[STDOUT  ] 2017-08-15T14:25:23.774927869Z: [    4.673475] NET: Registered protocol family 17
[STDERR  ] 2017-08-15T14:25:23.774929736Z: [    4.677083] 8021q: 802.1Q VLAN Support v1.8
[STDERR  ] 2017-08-15T14:25:23.774939268Z: [    4.678588] 9pnet: Installing 9P2000 support
[STDOUT  ] 2017-08-15T14:25:23.774937225Z: [    4.674535] Bridge firewalling registered
[STDOUT  ] 2017-08-15T14:25:23.774946558Z: [    4.675157] Ebtables v2.0 registered
[STDERR  ] 2017-08-15T14:25:23.774948649Z: [    4.680617] Key type dns_resolver registered
[STDOUT  ] 2017-08-15T14:25:23.774955969Z: [    4.677083] 8021q: 802.1Q VLAN Support v1.8
[STDERR  ] 2017-08-15T14:25:23.774957959Z: [    4.681625] microcode: AMD CPU family 0x6 not supported
[STDERR  ] 2017-08-15T14:25:23.7749759Z: [    4.685392] registered taskstats version 1
[STDOUT  ] 2017-08-15T14:25:23.774971879Z: [    4.678588] 9pnet: Installing 9P2000 support
[STDOUT  ] 2017-08-15T14:25:23.774982682Z: [    4.680617] Key type dns_resolver registered
[STDERR  ] 2017-08-15T14:25:23.774987855Z: [    4.873679] ata2: SATA link down (SStatus 0 SControl 300)
[STDOUT  ] 2017-08-15T14:25:23.774992232Z: [    4.681625] microcode: AMD CPU family 0x6 not supported
[STDOUT  ] 2017-08-15T14:25:23.775001693Z: [    4.685392] registered taskstats version 1
[STDERR  ] 2017-08-15T14:25:23.774998129Z: [    4.876687] ata1: SATA link down (SStatus 0 SControl 300)
[STDOUT  ] 2017-08-15T14:25:23.775011173Z: [    4.873679] ata2: SATA link down (SStatus 0 SControl 300)
[STDERR  ] 2017-08-15T14:25:23.775008283Z: [    4.882664] ata6: SATA link down (SStatus 0 SControl 300)
[STDERR  ] 2017-08-15T14:25:23.775017743Z: [    4.883255] ata5: SATA link down (SStatus 0 SControl 300)
[STDOUT  ] 2017-08-15T14:25:23.775020622Z: [    4.876687] ata1: SATA link down (SStatus 0 SControl 300)
[STDOUT  ] 2017-08-15T14:25:23.775029918Z: [    4.882664] ata6: SATA link down (SStatus 0 SControl 300)
[STDERR  ] 2017-08-15T14:25:23.775026886Z: [    4.883796] ata4: SATA link down (SStatus 0 SControl 300)
[STDERR  ] 2017-08-15T14:25:23.775036568Z: [    4.884542] ata3: SATA link up 1.5 Gbps (SStatus 113 SControl 300)
[STDOUT  ] 2017-08-15T14:25:23.775043428Z: [    4.883255] ata5: SATA link down (SStatus 0 SControl 300)
[STDOUT  ] 2017-08-15T14:25:23.775053162Z: [    4.883796] ata4: SATA link down (SStatus 0 SControl 300)
[STDERR  ] 2017-08-15T14:25:23.775049738Z: [    4.887969] ata3.00: ATAPI: QEMU DVD-ROM, 2.5+, max UDMA/100
[STDERR  ] 2017-08-15T14:25:23.77505991Z: [    4.888459] ata3.00: applying bridge limits
[STDOUT  ] 2017-08-15T14:25:23.775062548Z: [    4.884542] ata3: SATA link up 1.5 Gbps (SStatus 113 SControl 300)
[STDERR  ] 2017-08-15T14:25:23.77506956Z: [    4.890615] ata3.00: configured for UDMA/100
[STDOUT  ] 2017-08-15T14:25:23.775072025Z: [    4.887969] ata3.00: ATAPI: QEMU DVD-ROM, 2.5+, max UDMA/100
[STDOUT  ] 2017-08-15T14:25:23.775081548Z: [    4.888459] ata3.00: applying bridge limits
[STDERR  ] 2017-08-15T14:25:23.775079066Z: [    4.916240] scsi 2:0:0:0: CD-ROM            QEMU     QEMU DVD-ROM     2.5+ PQ: 0 ANSI: 5
[STDOUT  ] 2017-08-15T14:25:23.775091008Z: [    4.890615] ata3.00: configured for UDMA/100
[STDERR  ] 2017-08-15T14:25:23.775093293Z: [    4.922118] Key type big_key registered
[STDOUT  ] 2017-08-15T14:25:23.775100392Z: [    4.916240] scsi 2:0:0:0: CD-ROM            QEMU     QEMU DVD-ROM     2.5+ PQ: 0 ANSI: 5
[STDERR  ] 2017-08-15T14:25:23.775102758Z: [    4.954322] sr 2:0:0:0: [sr0] scsi3-mmc drive: 4x/4x cd/rw xa/form2 tray
[STDOUT  ] 2017-08-15T14:25:23.775109938Z: [    4.922118] Key type big_key registered
[STDERR  ] 2017-08-15T14:25:23.775112085Z: [    4.955107] cdrom: Uniform CD-ROM driver Revision: 3.20
[STDOUT  ] 2017-08-15T14:25:23.775119369Z: [    4.954322] sr 2:0:0:0: [sr0] scsi3-mmc drive: 4x/4x cd/rw xa/form2 tray
[STDERR  ] 2017-08-15T14:25:23.775121265Z: [    4.972788] sr 2:0:0:0: Attached scsi generic sg0 type 5
[STDOUT  ] 2017-08-15T14:25:23.775128925Z: [    4.955107] cdrom: Uniform CD-ROM driver Revision: 3.20
[STDERR  ] 2017-08-15T14:25:23.77513057Z: [    4.993687] Key type encrypted registered
[STDERR  ] 2017-08-15T14:25:23.775139803Z: [    4.999668] rtc_cmos 00:00: setting system clock to 2017-08-15 14:25:01 UTC (1502807101)
[STDOUT  ] 2017-08-15T14:25:23.775138262Z: [    4.972788] sr 2:0:0:0: Attached scsi generic sg0 type 5
[STDERR  ] 2017-08-15T14:25:23.775149106Z: [    5.150702] Freeing unused kernel memory: 1380K
[STDOUT  ] 2017-08-15T14:25:23.77514777Z: [    4.993687] Key type encrypted registered
[STDOUT  ] 2017-08-15T14:25:23.77515723Z: [    4.999668] rtc_cmos 00:00: setting system clock to 2017-08-15 14:25:01 UTC (1502807101)
[STDERR  ] 2017-08-15T14:25:23.775158439Z: [    5.151167] Write protecting the kernel read-only data: 12288k
[STDERR  ] 2017-08-15T14:25:23.775167606Z: [    5.159623] Freeing unused kernel memory: 148K
[STDOUT  ] 2017-08-15T14:25:23.775166973Z: [    5.150702] Freeing unused kernel memory: 1380K
[STDERR  ] 2017-08-15T14:25:23.775181729Z: [    5.280380] Freeing unused kernel memory: 1400K
[STDOUT  ] 2017-08-15T14:25:23.775180622Z: [    5.151167] Write protecting the kernel read-only data: 12288k
[STDOUT  ] 2017-08-15T14:25:23.775190272Z: [    5.159623] Freeing unused kernel memory: 148K
[STDERR  ] 2017-08-15T14:25:23.77519113Z: [    5.281308] tsc: Refined TSC clocksource calibration: 2600.002 MHz
[STDERR  ] 2017-08-15T14:25:23.775201263Z: [    5.281810] clocksource: tsc: mask: 0xffffffffffffffff max_cycles: 0x257a3e40e8d, max_idle_ns: 440795298933 ns
[STDOUT  ] 2017-08-15T14:25:23.775199636Z: [    5.280380] Freeing unused kernel memory: 1400K
[STDERR  ] 2017-08-15T14:25:23.775211375Z: [    6.292181] clocksource: Switched to clocksource tsc
[STDOUT  ] 2017-08-15T14:25:23.775213Z: [    5.281308] tsc: Refined TSC clocksource calibration: 2600.002 MHz
[STDERR  ] 2017-08-15T14:25:23.775220996Z: 
[STDOUT  ] 2017-08-15T14:25:23.775222615Z: [    5.281810] clocksource: tsc: mask: 0xffffffffffffffff max_cycles: 0x257a3e40e8d, max_idle_ns: 440795298933 ns
[STDOUT  ] 2017-08-15T14:25:23.775232459Z: [    6.292181] clocksource: Switched to clocksource tsc
[STDERR  ] 2017-08-15T14:25:23.775230876Z: Welcome to LinuxKit
[STDOUT  ] 2017-08-15T14:25:23.775246296Z: 
[STDERR  ] 2017-08-15T14:25:23.775244702Z: 
[STDOUT  ] 2017-08-15T14:25:23.775255509Z: Welcome to LinuxKit
[STDERR  ] 2017-08-15T14:25:23.775254465Z:                         ##         .
[STDOUT  ] 2017-08-15T14:25:23.775265698Z: 
[STDERR  ] 2017-08-15T14:25:23.775268419Z:                   ## ## ##        ==
[STDOUT  ] 2017-08-15T14:25:23.775276312Z:                         ##         .
[STDERR  ] 2017-08-15T14:25:23.775277696Z:                ## ## ## ## ##    ===
[STDERR  ] 2017-08-15T14:25:23.77528768Z:            /"""""""""""""""""\___/ ===
[STDOUT  ] 2017-08-15T14:25:23.775286208Z:                   ## ## ##        ==
[STDERR  ] 2017-08-15T14:25:23.775297292Z:           {                       /  ===-
[STDOUT  ] 2017-08-15T14:25:23.775300239Z:                ## ## ## ## ##    ===
[STDERR  ] 2017-08-15T14:25:23.775306933Z:            \______ O           __/
[STDOUT  ] 2017-08-15T14:25:23.775309468Z:            /"""""""""""""""""\___/ ===
[STDERR  ] 2017-08-15T14:25:23.775316273Z:              \    \         __/
[STDOUT  ] 2017-08-15T14:25:23.77531883Z:           {                       /  ===-
[STDERR  ] 2017-08-15T14:25:23.77532569Z:               \____\_______/
[STDOUT  ] 2017-08-15T14:25:23.775328219Z:            \______ O           __/
[STDERR  ] 2017-08-15T14:25:23.775335079Z: 
[STDOUT  ] 2017-08-15T14:25:23.775337522Z:              \    \         __/
[STDERR  ] 2017-08-15T14:25:23.775345152Z: ca-certificates test suite PASSED
[STDOUT  ] 2017-08-15T14:25:23.775346783Z:               \____\_______/
[STDOUT  ] 2017-08-15T14:25:23.775356099Z: 
[STDOUT  ] 2017-08-15T14:25:23.775390876Z: ca-certificates test suite PASSED
[STDOUT  ] 2017-08-15T14:25:23.775404032Z: [   26.125613] ACPI: Preparing to enter system sleep state S5
[STDOUT  ] 2017-08-15T14:25:23.775412795Z: [   26.127212] reboot: Power down
[STDERR  ] 2017-08-15T14:25:23.775354579Z: [   26.125613] ACPI: Preparing to enter system sleep state S5
[STDERR  ] 2017-08-15T14:25:23.775658926Z: [   26.127212] reboot: Power down
[STDERR  ] 2017-08-15T14:25:23.775669206Z: + echo [    0.000000] Linux version 4.9.43-linuxkit (root@e1ede117fb1e) (gcc version 6.3.0 (Alpine 6.3.0) ) #1 SMP Mon Aug 14 11:26:59 UTC 2017
[STDERR  ] 2017-08-15T14:25:23.775679666Z: [    0.000000] Command line: console=ttyS0 page_poison=1
[STDERR  ] 2017-08-15T14:25:23.775688885Z: [    0.000000] x86/fpu: Legacy x87 FPU detected.
[STDERR  ] 2017-08-15T14:25:23.77569786Z: [    0.000000] x86/fpu: Using 'eager' FPU context switches.
[STDERR  ] 2017-08-15T14:25:23.775707216Z: [    0.000000] e820: BIOS-provided physical RAM map:
[STDERR  ] 2017-08-15T14:25:23.775716425Z: [    0.000000] BIOS-e820: [mem 0x0000000000000000-0x000000000009fbff] usable
[STDERR  ] 2017-08-15T14:25:23.775731403Z: [    0.000000] BIOS-e820: [mem 0x000000000009fc00-0x000000000009ffff] reserved
[STDERR  ] 2017-08-15T14:25:23.775741088Z: [    0.000000] BIOS-e820: [mem 0x00000000000f0000-0x00000000000fffff] reserved
[STDERR  ] 2017-08-15T14:25:23.775750063Z: [    0.000000] BIOS-e820: [mem 0x0000000000100000-0x000000003ffdefff] usable
[STDERR  ] 2017-08-15T14:25:23.775766002Z: [    0.000000] BIOS-e820: [mem 0x000000003ffdf000-0x000000003fffffff] reserved
[STDERR  ] 2017-08-15T14:25:23.775776686Z: [    0.000000] BIOS-e820: [mem 0x00000000b0000000-0x00000000bfffffff] reserved
[STDERR  ] 2017-08-15T14:25:23.775786106Z: [    0.000000] BIOS-e820: [mem 0x00000000fed1c000-0x00000000fed1ffff] reserved
[STDERR  ] 2017-08-15T14:25:23.775795429Z: [    0.000000] BIOS-e820: [mem 0x00000000fffc0000-0x00000000ffffffff] reserved
[STDERR  ] 2017-08-15T14:25:23.77580461Z: [    0.000000] NX (Execute Disable) protection: active
[STDERR  ] 2017-08-15T14:25:23.775813815Z: [    0.000000] SMBIOS 2.8 present.
[STDERR  ] 2017-08-15T14:25:23.775823529Z: [    0.000000] e820: last_pfn = 0x3ffdf max_arch_pfn = 0x400000000
[STDERR  ] 2017-08-15T14:25:23.775833169Z: [    0.000000] x86/PAT: Configuration [0-7]: WB  WC  UC- UC  WB  WC  UC- WT  
[STDERR  ] 2017-08-15T14:25:23.775848416Z: [    0.000000] found SMP MP-table at [mem 0x000f6aa0-0x000f6aaf] mapped at [ffff972b000f6aa0]
[STDERR  ] 2017-08-15T14:25:23.775859918Z: [    0.000000] RAMDISK: [mem 0x3ed34000-0x3ffcffff]
[STDERR  ] 2017-08-15T14:25:23.77586984Z: [    0.000000] ACPI: Early table checksum verification disabled
[STDERR  ] 2017-08-15T14:25:23.775879442Z: [    0.000000] ACPI: RSDP 0x00000000000F68C0 000014 (v00 BOCHS )
[STDERR  ] 2017-08-15T14:25:23.775888942Z: [    0.000000] ACPI: RSDT 0x000000003FFE2404 000034 (v01 BOCHS  BXPCRSDT 00000001 BXPC 00000001)
[STDERR  ] 2017-08-15T14:25:23.775898048Z: [    0.000000] ACPI: FACP 0x000000003FFE22A4 000074 (v01 BOCHS  BXPCFACP 00000001 BXPC 00000001)
[STDERR  ] 2017-08-15T14:25:23.775907622Z: [    0.000000] ACPI: DSDT 0x000000003FFE0040 002264 (v01 BOCHS  BXPCDSDT 00000001 BXPC 00000001)
[STDERR  ] 2017-08-15T14:25:23.775918016Z: [    0.000000] ACPI: FACS 0x000000003FFE0000 000040
[STDERR  ] 2017-08-15T14:25:23.775932818Z: [    0.000000] ACPI: APIC 0x000000003FFE2318 000078 (v01 BOCHS  BXPCAPIC 00000001 BXPC 00000001)
[STDERR  ] 2017-08-15T14:25:23.775943052Z: [    0.000000] ACPI: HPET 0x000000003FFE2390 000038 (v01 BOCHS  BXPCHPET 00000001 BXPC 00000001)
[STDERR  ] 2017-08-15T14:25:23.77595539Z: [    0.000000] ACPI: MCFG 0x000000003FFE23C8 00003C (v01 BOCHS  BXPCMCFG 00000001 BXPC 00000001)
[STDERR  ] 2017-08-15T14:25:23.775965766Z: [    0.000000] Zone ranges:
[STDERR  ] 2017-08-15T14:25:23.775975248Z: [    0.000000]   DMA      [mem 0x0000000000001000-0x0000000000ffffff]
[STDERR  ] 2017-08-15T14:25:23.775985602Z: [    0.000000]   DMA32    [mem 0x0000000001000000-0x000000003ffdefff]
[STDERR  ] 2017-08-15T14:25:23.775994466Z: [    0.000000]   Normal   empty
[STDERR  ] 2017-08-15T14:25:23.776003346Z: [    0.000000] Movable zone start for each node
[STDERR  ] 2017-08-15T14:25:23.776012138Z: [    0.000000] Early memory node ranges
[STDERR  ] 2017-08-15T14:25:23.776020842Z: [    0.000000]   node   0: [mem 0x0000000000001000-0x000000000009efff]
[STDERR  ] 2017-08-15T14:25:23.776037915Z: [    0.000000]   node   0: [mem 0x0000000000100000-0x000000003ffdefff]
[STDERR  ] 2017-08-15T14:25:23.776047865Z: [    0.000000] Initmem setup node 0 [mem 0x0000000000001000-0x000000003ffdefff]
[STDERR  ] 2017-08-15T14:25:23.776057116Z: [    0.000000] ACPI: PM-Timer IO Port: 0x608
[STDERR  ] 2017-08-15T14:25:23.776066296Z: [    0.000000] ACPI: LAPIC_NMI (acpi_id[0xff] dfl dfl lint[0x1])
[STDERR  ] 2017-08-15T14:25:23.77608118Z: [    0.000000] IOAPIC[0]: apic_id 0, version 32, address 0xfec00000, GSI 0-23
[STDERR  ] 2017-08-15T14:25:23.77609466Z: [    0.000000] ACPI: INT_SRC_OVR (bus 0 bus_irq 0 global_irq 2 dfl dfl)
[STDERR  ] 2017-08-15T14:25:23.776103919Z: [    0.000000] ACPI: INT_SRC_OVR (bus 0 bus_irq 5 global_irq 5 high level)
[STDERR  ] 2017-08-15T14:25:23.776119112Z: [    0.000000] ACPI: INT_SRC_OVR (bus 0 bus_irq 9 global_irq 9 high level)
[STDERR  ] 2017-08-15T14:25:23.776128256Z: [    0.000000] ACPI: INT_SRC_OVR (bus 0 bus_irq 10 global_irq 10 high level)
[STDERR  ] 2017-08-15T14:25:23.776137715Z: [    0.000000] ACPI: INT_SRC_OVR (bus 0 bus_irq 11 global_irq 11 high level)
[STDERR  ] 2017-08-15T14:25:23.776151965Z: [    0.000000] Using ACPI (MADT) for SMP configuration information
[STDERR  ] 2017-08-15T14:25:23.776161455Z: [    0.000000] ACPI: HPET id: 0x8086a201 base: 0xfed00000
[STDERR  ] 2017-08-15T14:25:23.77617473Z: [    0.000000] smpboot: Allowing 1 CPUs, 0 hotplug CPUs
[STDERR  ] 2017-08-15T14:25:23.77618387Z: [    0.000000] e820: [mem 0x40000000-0xafffffff] available for PCI devices
[STDERR  ] 2017-08-15T14:25:23.776193159Z: [    0.000000] Booting paravirtualized kernel on bare hardware
[STDERR  ] 2017-08-15T14:25:23.77620258Z: [    0.000000] clocksource: refined-jiffies: mask: 0xffffffff max_cycles: 0xffffffff, max_idle_ns: 19112604462750000 ns
[STDERR  ] 2017-08-15T14:25:23.776213298Z: [    0.000000] setup_percpu: NR_CPUS:128 nr_cpumask_bits:128 nr_cpu_ids:1 nr_node_ids:1
[STDERR  ] 2017-08-15T14:25:23.776222968Z: [    0.000000] percpu: Embedded 35 pages/cpu @ffff972b3ea00000 s105240 r8192 d29928 u2097152
[STDERR  ] 2017-08-15T14:25:23.77623745Z: [    0.000000] Built 1 zonelists in Zone order, mobility grouping on.  Total pages: 257896
[STDERR  ] 2017-08-15T14:25:23.776247135Z: [    0.000000] Kernel command line: console=ttyS0 page_poison=1
[STDERR  ] 2017-08-15T14:25:23.776256059Z: [    0.000000] PID hash table entries: 4096 (order: 3, 32768 bytes)
[STDERR  ] 2017-08-15T14:25:23.776264758Z: [    0.000000] Dentry cache hash table entries: 131072 (order: 8, 1048576 bytes)
[STDERR  ] 2017-08-15T14:25:23.776273386Z: [    0.000000] Inode-cache hash table entries: 65536 (order: 7, 524288 bytes)
[STDERR  ] 2017-08-15T14:25:23.776282486Z: [    0.000000] Memory: 995116K/1048052K available (8028K kernel code, 1366K rwdata, 2696K rodata, 1380K init, 568K bss, 52936K reserved, 0K cma-reserved)
[STDERR  ] 2017-08-15T14:25:23.776292675Z: [    0.000000] Hierarchical RCU implementation.
[STDERR  ] 2017-08-15T14:25:23.776301635Z: [    0.000000] 	Build-time adjustment of leaf fanout to 64.
[STDERR  ] 2017-08-15T14:25:23.776311279Z: [    0.000000] 	RCU restricting CPUs from NR_CPUS=128 to nr_cpu_ids=1.
[STDERR  ] 2017-08-15T14:25:23.776320562Z: [    0.000000] RCU: Adjusting geometry for rcu_fanout_leaf=64, nr_cpu_ids=1
[STDERR  ] 2017-08-15T14:25:23.776329856Z: [    0.000000] NR_IRQS:8448 nr_irqs:256 16
[STDERR  ] 2017-08-15T14:25:23.776339188Z: [    0.000000] Console: colour VGA+ 80x25
[STDERR  ] 2017-08-15T14:25:23.776348195Z: [    0.000000] console [ttyS0] enabled
[STDERR  ] 2017-08-15T14:25:23.776356836Z: [    0.000000] allocated 2097152 bytes of page_ext
[STDERR  ] 2017-08-15T14:25:23.776365346Z: [    0.000000] clocksource: hpet: mask: 0xffffffff max_cycles: 0xffffffff, max_idle_ns: 19112604467 ns
[STDERR  ] 2017-08-15T14:25:23.776374745Z: [    0.000000] tsc: Fast TSC calibration using PIT
[STDERR  ] 2017-08-15T14:25:23.776383788Z: [    0.000000] tsc: Detected 2600.024 MHz processor
[STDERR  ] 2017-08-15T14:25:23.776392569Z: [    0.022232] Calibrating delay loop (skipped), value calculated using timer frequency.. 5200.04 BogoMIPS (lpj=26000240)
[STDERR  ] 2017-08-15T14:25:23.77640806Z: [    0.030544] pid_max: default: 32768 minimum: 301
[STDERR  ] 2017-08-15T14:25:23.776417652Z: [    0.031536] ACPI: Core revision 20160831
[STDERR  ] 2017-08-15T14:25:23.776426298Z: [    0.075603] ACPI: 1 ACPI AML tables successfully acquired and loaded
[STDERR  ] 2017-08-15T14:25:23.776435753Z: [    0.080634] Security Framework initialized
[STDERR  ] 2017-08-15T14:25:23.776444546Z: [    0.081087] Yama: becoming mindful.
[STDERR  ] 2017-08-15T14:25:23.776453863Z: [    0.083916] Mount-cache hash table entries: 2048 (order: 2, 16384 bytes)
[STDERR  ] 2017-08-15T14:25:23.776470112Z: [    0.084523] Mountpoint-cache hash table entries: 2048 (order: 2, 16384 bytes)
[STDERR  ] 2017-08-15T14:25:23.77648631Z: [    0.103664] Last level iTLB entries: 4KB 0, 2MB 0, 4MB 0
[STDERR  ] 2017-08-15T14:25:23.776495686Z: [    0.104207] Last level dTLB entries: 4KB 0, 2MB 0, 4MB 0, 1GB 0
[STDERR  ] 2017-08-15T14:25:23.776505299Z: [    0.398519] Freeing SMP alternatives memory: 20K
[STDERR  ] 2017-08-15T14:25:23.776514455Z: [    0.408978] ftrace: allocating 35486 entries in 139 pages
[STDERR  ] 2017-08-15T14:25:23.776523573Z: [    0.571515] smpboot: Max logical packages: 1
[STDERR  ] 2017-08-15T14:25:23.776532666Z: [    0.578647] ..TIMER: vector=0x30 apic1=0 pin1=2 apic2=-1 pin2=-1
[STDERR  ] 2017-08-15T14:25:23.776542025Z: [    0.680000] smpboot: CPU0: AMD QEMU Virtual CPU version 2.5+ (family: 0x6, model: 0x6, stepping: 0x3)
[STDERR  ] 2017-08-15T14:25:23.77655316Z: [    0.680000] Performance Events: PMU not available due to virtualization, using software events only.
[STDERR  ] 2017-08-15T14:25:23.77656233Z: [    0.688917] NMI watchdog: disabled (cpu0): hardware events not enabled
[STDERR  ] 2017-08-15T14:25:23.776571792Z: [    0.689426] NMI watchdog: Shutting down hard lockup detector on all cpus
[STDERR  ] 2017-08-15T14:25:23.776581448Z: [    0.693539] x86: Booted up 1 node, 1 CPUs
[STDERR  ] 2017-08-15T14:25:23.776596349Z: [    0.694015] smpboot: Total of 1 processors activated (5200.04 BogoMIPS)
[STDERR  ] 2017-08-15T14:25:23.776606202Z: [    0.710605] devtmpfs: initialized
[STDERR  ] 2017-08-15T14:25:23.776615505Z: [    0.716982] x86/mm: Memory block size: 128MB
[STDERR  ] 2017-08-15T14:25:23.776631672Z: [    0.778100] clocksource: jiffies: mask: 0xffffffff max_cycles: 0xffffffff, max_idle_ns: 19112604462750000 ns
[STDERR  ] 2017-08-15T14:25:23.776640576Z: [    0.779234] futex hash table entries: 256 (order: 2, 16384 bytes)
[STDERR  ] 2017-08-15T14:25:23.776649599Z: [    0.789253] NET: Registered protocol family 16
[STDERR  ] 2017-08-15T14:25:23.776663989Z: [    0.798606] cpuidle: using governor ladder
[STDERR  ] 2017-08-15T14:25:23.776673668Z: [    0.799090] cpuidle: using governor menu
[STDERR  ] 2017-08-15T14:25:23.776682748Z: [    0.800503] ACPI: bus type PCI registered
[STDERR  ] 2017-08-15T14:25:23.776691965Z: [    0.803380] PCI: MMCONFIG for domain 0000 [bus 00-ff] at [mem 0xb0000000-0xbfffffff] (base 0xb0000000)
[STDERR  ] 2017-08-15T14:25:23.776701712Z: [    0.804252] PCI: MMCONFIG at [mem 0xb0000000-0xbfffffff] reserved in E820
[STDERR  ] 2017-08-15T14:25:23.776711415Z: [    0.805600] PCI: Using configuration type 1 for base access
[STDERR  ] 2017-08-15T14:25:23.776720738Z: [    0.862153] HugeTLB registered 2 MB page size, pre-allocated 0 pages
[STDERR  ] 2017-08-15T14:25:23.776729958Z: [    0.873753] ACPI: Added _OSI(Module Device)
[STDERR  ] 2017-08-15T14:25:23.776739269Z: [    0.874115] ACPI: Added _OSI(Processor Device)
[STDERR  ] 2017-08-15T14:25:23.776748522Z: [    0.874423] ACPI: Added _OSI(3.0 _SCP Extensions)
[STDERR  ] 2017-08-15T14:25:23.776757713Z: [    0.874721] ACPI: Added _OSI(Processor Aggregator Device)
[STDERR  ] 2017-08-15T14:25:23.776767143Z: [    0.951084] ACPI: Interpreter enabled
[STDERR  ] 2017-08-15T14:25:23.776776558Z: [    0.952127] ACPI: (supports S0 S5)
[STDERR  ] 2017-08-15T14:25:23.776786252Z: [    0.952443] ACPI: Using IOAPIC for interrupt routing
[STDERR  ] 2017-08-15T14:25:23.776795526Z: [    0.955206] PCI: Using host bridge windows from ACPI; if necessary, use "pci=nocrs" and report a bug
[STDERR  ] 2017-08-15T14:25:23.776809926Z: [    1.017324] ACPI: PCI Root Bridge [PCI0] (domain 0000 [bus 00-ff])
[STDERR  ] 2017-08-15T14:25:23.776819418Z: [    1.018570] acpi PNP0A08:00: _OSC: OS supports [ExtendedConfig ASPM ClockPM Segments MSI]
[STDERR  ] 2017-08-15T14:25:23.776828843Z: [    1.025523] acpi PNP0A08:00: _OSC: OS now controls [PCIeHotplug PME PCIeCapability]
[STDERR  ] 2017-08-15T14:25:23.776838263Z: [    1.029328] PCI host bridge to bus 0000:00
[STDERR  ] 2017-08-15T14:25:23.776847469Z: [    1.029934] pci_bus 0000:00: root bus resource [io  0x0000-0x0cf7 window]
[STDERR  ] 2017-08-15T14:25:23.776856969Z: [    1.030552] pci_bus 0000:00: root bus resource [io  0x0d00-0xffff window]
[STDERR  ] 2017-08-15T14:25:23.776875818Z: [    1.031047] pci_bus 0000:00: root bus resource [mem 0x000a0000-0x000bffff window]
[STDERR  ] 2017-08-15T14:25:23.776885392Z: [    1.031562] pci_bus 0000:00: root bus resource [mem 0xc0000000-0xfebfffff window]
[STDERR  ] 2017-08-15T14:25:23.776894675Z: [    1.032331] pci_bus 0000:00: root bus resource [bus 00-ff]
[STDERR  ] 2017-08-15T14:25:23.776948526Z: [    1.140899] pci 0000:00:1f.0: quirk: [io  0x0600-0x067f] claimed by ICH6 ACPI/GPIO/TCO
[STDERR  ] 2017-08-15T14:25:23.776962549Z: [    1.201595] ACPI: PCI Interrupt Link [LNKA] (IRQs 5 *10 11)
[STDERR  ] 2017-08-15T14:25:23.776971935Z: [    1.204492] ACPI: PCI Interrupt Link [LNKB] (IRQs 5 *10 11)
[STDERR  ] 2017-08-15T14:25:23.776981238Z: [    1.206782] ACPI: PCI Interrupt Link [LNKC] (IRQs 5 10 *11)
[STDERR  ] 2017-08-15T14:25:23.776990432Z: [    1.208852] ACPI: PCI Interrupt Link [LNKD] (IRQs 5 10 *11)
[STDERR  ] 2017-08-15T14:25:23.77699966Z: [    1.211703] ACPI: PCI Interrupt Link [LNKE] (IRQs 5 *10 11)
[STDERR  ] 2017-08-15T14:25:23.777008885Z: [    1.214356] ACPI: PCI Interrupt Link [LNKF] (IRQs 5 *10 11)
[STDERR  ] 2017-08-15T14:25:23.777018546Z: [    1.216691] ACPI: PCI Interrupt Link [LNKG] (IRQs 5 10 *11)
[STDERR  ] 2017-08-15T14:25:23.777033875Z: [    1.218557] ACPI: PCI Interrupt Link [LNKH] (IRQs 5 10 *11)
[STDERR  ] 2017-08-15T14:25:23.777043182Z: [    1.219524] ACPI: PCI Interrupt Link [GSIA] (IRQs *16)
[STDERR  ] 2017-08-15T14:25:23.777052568Z: [    1.220574] ACPI: PCI Interrupt Link [GSIB] (IRQs *17)
[STDERR  ] 2017-08-15T14:25:23.777061799Z: [    1.221353] ACPI: PCI Interrupt Link [GSIC] (IRQs *18)
[STDERR  ] 2017-08-15T14:25:23.777071056Z: [    1.222100] ACPI: PCI Interrupt Link [GSID] (IRQs *19)
[STDERR  ] 2017-08-15T14:25:23.777080252Z: [    1.222860] ACPI: PCI Interrupt Link [GSIE] (IRQs *20)
[STDERR  ] 2017-08-15T14:25:23.777089273Z: [    1.223617] ACPI: PCI Interrupt Link [GSIF] (IRQs *21)
[STDERR  ] 2017-08-15T14:25:23.777099032Z: [    1.224367] ACPI: PCI Interrupt Link [GSIG] (IRQs *22)
[STDERR  ] 2017-08-15T14:25:23.777112423Z: [    1.225138] ACPI: PCI Interrupt Link [GSIH] (IRQs *23)
[STDERR  ] 2017-08-15T14:25:23.777122293Z: [    1.229021] ACPI: Enabled 2 GPEs in block 00 to 3F
[STDERR  ] 2017-08-15T14:25:23.777131608Z: [    1.233750] SCSI subsystem initialized
[STDERR  ] 2017-08-15T14:25:23.777141066Z: [    1.235730] ACPI: bus type USB registered
[STDERR  ] 2017-08-15T14:25:23.777150333Z: [    1.237032] usbcore: registered new interface driver usbfs
[STDERR  ] 2017-08-15T14:25:23.77715948Z: [    1.238057] usbcore: registered new interface driver hub
[STDERR  ] 2017-08-15T14:25:23.777174032Z: [    1.238944] usbcore: registered new device driver usb
[STDERR  ] 2017-08-15T14:25:23.777183588Z: [    1.240356] pps_core: LinuxPPS API ver. 1 registered
[STDERR  ] 2017-08-15T14:25:23.777197079Z: [    1.240670] pps_core: Software ver. 5.3.6 - Copyright 2005-2007 Rodolfo Giometti <giometti@linux.it>
[STDERR  ] 2017-08-15T14:25:23.777206785Z: [    1.241488] PTP clock support registered
[STDERR  ] 2017-08-15T14:25:23.777216029Z: [    1.242673] wmi: Mapper loaded
[STDERR  ] 2017-08-15T14:25:23.777225435Z: [    1.243902] PCI: Using ACPI for IRQ routing
[STDERR  ] 2017-08-15T14:25:23.777234787Z: [    1.262249] NetLabel: Initializing
[STDERR  ] 2017-08-15T14:25:23.777243889Z: [    1.262520] NetLabel:  domain hash size = 128
[STDERR  ] 2017-08-15T14:25:23.777256257Z: [    1.262887] NetLabel:  protocols = UNLABELED CIPSOv4
[STDERR  ] 2017-08-15T14:25:23.777265664Z: [    1.265617] NetLabel:  unlabeled traffic allowed by default
[STDERR  ] 2017-08-15T14:25:23.777274862Z: [    1.266953] HPET: 3 timers in total, 0 timers will be used for per-cpu timer
[STDERR  ] 2017-08-15T14:25:23.777284165Z: [    1.267911] hpet0: at MMIO 0xfed00000, IRQs 2, 8, 0
[STDERR  ] 2017-08-15T14:25:23.777293428Z: [    1.268521] hpet0: 3 comparators, 64-bit 100.000000 MHz counter
[STDERR  ] 2017-08-15T14:25:23.777302684Z: [    1.273764] clocksource: Switched to clocksource hpet
[STDERR  ] 2017-08-15T14:25:23.777316431Z: [    1.533597] VFS: Disk quotas dquot_6.6.0
[STDERR  ] 2017-08-15T14:25:23.777330045Z: [    1.534407] VFS: Dquot-cache hash table entries: 512 (order 0, 4096 bytes)
[STDERR  ] 2017-08-15T14:25:23.777340607Z: [    1.538476] FS-Cache: Loaded
[STDERR  ] 2017-08-15T14:25:23.777350087Z: [    1.543571] CacheFiles: Loaded
[STDERR  ] 2017-08-15T14:25:23.777360281Z: [    1.545331] pnp: PnP ACPI init
[STDERR  ] 2017-08-15T14:25:23.777369779Z: [    1.556713] pnp: PnP ACPI: found 5 devices
[STDERR  ] 2017-08-15T14:25:23.777379032Z: [    1.608641] clocksource: acpi_pm: mask: 0xffffff max_cycles: 0xffffff, max_idle_ns: 2085701024 ns
[STDERR  ] 2017-08-15T14:25:23.777388521Z: [    1.613098] NET: Registered protocol family 2
[STDERR  ] 2017-08-15T14:25:23.777397848Z: [    1.620566] TCP established hash table entries: 8192 (order: 4, 65536 bytes)
[STDERR  ] 2017-08-15T14:25:23.777407508Z: [    1.621407] TCP bind hash table entries: 8192 (order: 5, 131072 bytes)
[STDERR  ] 2017-08-15T14:25:23.777416962Z: [    1.622129] TCP: Hash tables configured (established 8192 bind 8192)
[STDERR  ] 2017-08-15T14:25:23.777426254Z: [    1.624022] UDP hash table entries: 512 (order: 2, 16384 bytes)
[STDERR  ] 2017-08-15T14:25:23.777435545Z: [    1.624711] UDP-Lite hash table entries: 512 (order: 2, 16384 bytes)
[STDERR  ] 2017-08-15T14:25:23.777449657Z: [    1.627004] NET: Registered protocol family 1
[STDERR  ] 2017-08-15T14:25:23.777458974Z: [    1.628009] pci 0000:00:01.0: Video device with shadowed ROM at [mem 0x000c0000-0x000dffff]
[STDERR  ] 2017-08-15T14:25:23.777473941Z: [    1.634992] Unpacking initramfs...
[STDERR  ] 2017-08-15T14:25:23.777488168Z: [    4.180824] Freeing initrd memory: 19056K
[STDERR  ] 2017-08-15T14:25:23.777497947Z: [    4.206381] PCLMULQDQ-NI instructions are not detected.
[STDERR  ] 2017-08-15T14:25:23.777507241Z: [    4.207911] AVX or AES-NI instructions are not detected.
[STDERR  ] 2017-08-15T14:25:23.777523825Z: [    4.208434] CPU feature 'AVX registers' is not supported.
[STDERR  ] 2017-08-15T14:25:23.777533182Z: [    4.208861] CPU feature 'AVX registers' is not supported.
[STDERR  ] 2017-08-15T14:25:23.777542397Z: [    4.209302] CPU feature 'AVX registers' is not supported.
[STDERR  ] 2017-08-15T14:25:23.777551611Z: [    4.209711] CPU feature 'AVX registers' is not supported.
[STDERR  ] 2017-08-15T14:25:23.777561175Z: [    4.210498] AVX2 or AES-NI instructions are not detected.
[STDERR  ] 2017-08-15T14:25:23.777571047Z: [    4.210940] AVX2 instructions are not detected.
[STDERR  ] 2017-08-15T14:25:23.777580329Z: [    4.216608] audit: initializing netlink subsys (disabled)
[STDERR  ] 2017-08-15T14:25:23.777589699Z: [    4.218759] audit: type=2000 audit(1502807100.210:1): initialized
[STDERR  ] 2017-08-15T14:25:23.777604765Z: [    4.229621] workingset: timestamp_bits=46 max_order=18 bucket_order=0
[STDERR  ] 2017-08-15T14:25:23.777614154Z: [    4.236602] FS-Cache: Netfs 'cifs' registered for caching
[STDERR  ] 2017-08-15T14:25:23.777623541Z: [    4.237780] fuse init (API version 7.26)
[STDERR  ] 2017-08-15T14:25:23.777632622Z: [    4.240991] SGI XFS with ACLs, security attributes, no debug enabled
[STDERR  ] 2017-08-15T14:25:23.777642141Z: [    4.245047] 9p: Installing v9fs 9p2000 file system support
[STDERR  ] 2017-08-15T14:25:23.777651439Z: [    4.245645] FS-Cache: Netfs '9p' registered for caching
[STDERR  ] 2017-08-15T14:25:23.777660685Z: [    4.279810] NET: Registered protocol family 38
[STDERR  ] 2017-08-15T14:25:23.777669868Z: [    4.282925] Key type asymmetric registered
[STDERR  ] 2017-08-15T14:25:23.777679042Z: [    4.283399] Asymmetric key parser 'x509' registered
[STDERR  ] 2017-08-15T14:25:23.777689792Z: [    4.284501] Block layer SCSI generic (bsg) driver version 0.4 loaded (major 251)
[STDERR  ] 2017-08-15T14:25:23.777704339Z: [    4.286019] io scheduler noop registered
[STDERR  ] 2017-08-15T14:25:23.777713041Z: [    4.286406] io scheduler deadline registered (default)
[STDERR  ] 2017-08-15T14:25:23.777728637Z: [    4.287086] io scheduler cfq registered
[STDERR  ] 2017-08-15T14:25:23.777737937Z: [    4.292217] pci_hotplug: PCI Hot Plug PCI Core version: 0.5
[STDERR  ] 2017-08-15T14:25:23.777750132Z: [    4.292917] pciehp: PCI Express Hot Plug Controller Driver version: 0.4
[STDERR  ] 2017-08-15T14:25:23.777759581Z: [    4.293821] shpchp: Standard Hot Plug PCI Controller Driver version: 0.4
[STDERR  ] 2017-08-15T14:25:23.777768844Z: [    4.294738] hv_vmbus: registering driver hyperv_fb
[STDERR  ] 2017-08-15T14:25:23.777778185Z: [    4.297969] input: Power Button as /devices/LNXSYSTM:00/LNXPWRBN:00/input/input0
[STDERR  ] 2017-08-15T14:25:23.777787527Z: [    4.299123] ACPI: Power Button [PWRF]
[STDERR  ] 2017-08-15T14:25:23.777797152Z: [    4.304406] GHES: HEST is not enabled!
[STDERR  ] 2017-08-15T14:25:23.777806837Z: [    4.315770] ACPI: PCI Interrupt Link [GSIG] enabled at IRQ 22
[STDERR  ] 2017-08-15T14:25:23.777816084Z: [    4.329910] ACPI: PCI Interrupt Link [GSIH] enabled at IRQ 23
[STDERR  ] 2017-08-15T14:25:23.777825341Z: [    4.334865] xenfs: not registering filesystem on non-xen platform
[STDERR  ] 2017-08-15T14:25:23.777834548Z: [    4.336988] Serial: 8250/16550 driver, 4 ports, IRQ sharing disabled
[STDERR  ] 2017-08-15T14:25:23.777843919Z: [    4.360891] 00:04: ttyS0 at I/O 0x3f8 (irq = 4, base_baud = 115200) is a 16550A
[STDERR  ] 2017-08-15T14:25:23.777862957Z: [    4.373257] Non-volatile memory driver v1.3
[STDERR  ] 2017-08-15T14:25:23.777872775Z: [    4.379309] Hangcheck: starting hangcheck timer 0.9.1 (tick is 180 seconds, margin is 60 seconds).
[STDERR  ] 2017-08-15T14:25:23.777882778Z: [    4.417574] loop: module loaded
[STDERR  ] 2017-08-15T14:25:23.777892051Z: [    4.433780] nbd: registered device at major 43
[STDERR  ] 2017-08-15T14:25:23.777901314Z: [    4.477939] lpc_ich 0000:00:1f.0: I/O space for GPIO uninitialized
[STDERR  ] 2017-08-15T14:25:23.777910638Z: [    4.480859] VMware PVSCSI driver - version 1.0.7.0-k
[STDERR  ] 2017-08-15T14:25:23.777919807Z: [    4.481816] hv_vmbus: registering driver hv_storvsc
[STDERR  ] 2017-08-15T14:25:23.777929045Z: [    4.492942] ACPI: PCI Interrupt Link [GSIA] enabled at IRQ 16
[STDERR  ] 2017-08-15T14:25:23.777940391Z: [    4.499126] ahci 0000:00:1f.2: AHCI 0001.0000 32 slots 6 ports 1.5 Gbps 0x3f impl SATA mode
[STDERR  ] 2017-08-15T14:25:23.777949978Z: [    4.499882] ahci 0000:00:1f.2: flags: 64bit ncq only 
[STDERR  ] 2017-08-15T14:25:23.777959518Z: [    4.520846] scsi host0: ahci
[STDERR  ] 2017-08-15T14:25:23.777968508Z: [    4.526314] scsi host1: ahci
[STDERR  ] 2017-08-15T14:25:23.777977958Z: [    4.528677] scsi host2: ahci
[STDERR  ] 2017-08-15T14:25:23.777987262Z: [    4.531357] scsi host3: ahci
[STDERR  ] 2017-08-15T14:25:23.777996404Z: [    4.533710] scsi host4: ahci
[STDERR  ] 2017-08-15T14:25:23.778005548Z: [    4.536021] scsi host5: ahci
[STDERR  ] 2017-08-15T14:25:23.778014825Z: [    4.537897] ata1: SATA max UDMA/133 abar m4096@0xfebd2000 port 0xfebd2100 irq 24
[STDERR  ] 2017-08-15T14:25:23.778023877Z: [    4.538400] ata2: SATA max UDMA/133 abar m4096@0xfebd2000 port 0xfebd2180 irq 24
[STDERR  ] 2017-08-15T14:25:23.778033788Z: [    4.538856] ata3: SATA max UDMA/133 abar m4096@0xfebd2000 port 0xfebd2200 irq 24
[STDERR  ] 2017-08-15T14:25:23.778043202Z: [    4.539319] ata4: SATA max UDMA/133 abar m4096@0xfebd2000 port 0xfebd2280 irq 24
[STDERR  ] 2017-08-15T14:25:23.778052427Z: [    4.539805] ata5: SATA max UDMA/133 abar m4096@0xfebd2000 port 0xfebd2300 irq 24
[STDERR  ] 2017-08-15T14:25:23.778061667Z: [    4.540617] ata6: SATA max UDMA/133 abar m4096@0xfebd2000 port 0xfebd2380 irq 24
[STDERR  ] 2017-08-15T14:25:23.778070864Z: [    4.554152] tun: Universal TUN/TAP device driver, 1.6
[STDERR  ] 2017-08-15T14:25:23.778080098Z: [    4.554591] tun: (C) 1999-2004 Max Krasnyansky <maxk@qualcomm.com>
[STDERR  ] 2017-08-15T14:25:23.778089342Z: [    4.565360] VMware vmxnet3 virtual NIC driver - version 1.4.a.0-k-NAPI
[STDERR  ] 2017-08-15T14:25:23.778098562Z: [    4.566399] hv_vmbus: registering driver hv_netvsc
[STDERR  ] 2017-08-15T14:25:23.778108358Z: [    4.566768] Fusion MPT base driver 3.04.20
[STDERR  ] 2017-08-15T14:25:23.778118062Z: [    4.567075] Copyright (c) 1999-2008 LSI Corporation
[STDERR  ] 2017-08-15T14:25:23.778131828Z: [    4.567743] Fusion MPT SPI Host driver 3.04.20
[STDERR  ] 2017-08-15T14:25:23.778139927Z: [    4.569817] i8042: PNP: PS/2 Controller [PNP0303:KBD,PNP0f13:MOU] at 0x60,0x64 irq 1,12
[STDERR  ] 2017-08-15T14:25:23.778145678Z: [    4.574157] serio: i8042 KBD port at 0x60,0x64 irq 1
[STDERR  ] 2017-08-15T14:25:23.778156274Z: [    4.574907] serio: i8042 AUX port at 0x60,0x64 irq 12
[STDERR  ] 2017-08-15T14:25:23.778161979Z: [    4.578075] hv_vmbus: registering driver hyperv_keyboard
[STDERR  ] 2017-08-15T14:25:23.778167547Z: [    4.581095] mousedev: PS/2 mouse device common for all mice
[STDERR  ] 2017-08-15T14:25:23.778173118Z: [    4.585774] input: AT Translated Set 2 keyboard as /devices/platform/i8042/serio0/input/input1
[STDERR  ] 2017-08-15T14:25:23.778178884Z: [    4.588668] input: PC Speaker as /devices/platform/pcspkr/input/input2
[STDERR  ] 2017-08-15T14:25:23.778188018Z: [    4.592670] rtc_cmos 00:00: RTC can wake from S4
[STDERR  ] 2017-08-15T14:25:23.778197134Z: [    4.595902] rtc_cmos 00:00: rtc core: registered rtc_cmos as rtc0
[STDERR  ] 2017-08-15T14:25:23.778213448Z: [    4.597181] rtc_cmos 00:00: alarms up to one day, y3k, 114 bytes nvram, hpet irqs
[STDERR  ] 2017-08-15T14:25:23.778227965Z: [    4.597986] i2c /dev entries driver
[STDERR  ] 2017-08-15T14:25:23.778237421Z: [    4.599932] device-mapper: ioctl: 4.35.0-ioctl (2016-06-23) initialised: dm-devel@redhat.com
[STDERR  ] 2017-08-15T14:25:23.778246874Z: [    4.605008] usbcore: registered new interface driver usbhid
