[INFO    ] 2017-11-17T18:19:08.012740862Z: Running Test linuxkit.packages.dhcpcd in /tmp/with_clone33cbd1b4/test/cases/040_packages/004_dhcpcd
[INFO    ] 2017-11-17T18:19:08.012852518Z: Running command: [/bin/sh -x /tmp/with_clone33cbd1b4/test/cases/040_packages/004_dhcpcd/test.sh]
[STDERR  ] 2017-11-17T18:19:08.013618506Z: + set -e
[STDERR  ] 2017-11-17T18:19:08.013793359Z: + . /tmp/with_clone33cbd1b4/test/cases/_lib/lib.sh
[STDERR  ] 2017-11-17T18:19:08.013943858Z: + [ -f src/github.com/linuxkit/rtf/lib/lib.sh ]
[STDERR  ] 2017-11-17T18:19:08.014037821Z: + LINUXKIT_TMPDIR=/tmp/with_clone33cbd1b4/test/cases/_tmp
[STDERR  ] 2017-11-17T18:19:08.014188822Z: + [ -f /tmp/with_clone33cbd1b4/test/cases/_tmp/env.sh ]
[STDERR  ] 2017-11-17T18:19:08.014300227Z: + . /tmp/with_clone33cbd1b4/test/cases/_tmp/env.sh
[STDERR  ] 2017-11-17T18:19:08.014392636Z: + export LINUXKIT_EXAMPLES_DIR=/tmp/with_clone33cbd1b4/test/cases/../../examples
[STDERR  ] 2017-11-17T18:19:08.014510428Z: + export LINUXKIT_BLUEPRINTS_DIR=/tmp/with_clone33cbd1b4/test/cases/../../blueprints
[STDERR  ] 2017-11-17T18:19:08.014581471Z: + RT_CANCEL=253
[STDERR  ] 2017-11-17T18:19:08.014675587Z: + NAME=dhcpcd
[STDERR  ] 2017-11-17T18:19:08.014767065Z: + trap clean_up EXIT
[STDERR  ] 2017-11-17T18:19:08.014938646Z: + moby build -format kernel+initrd -name dhcpcd test.yml
[STDERR  ] 2017-11-17T18:19:08.0750572Z: Extract kernel image: linuxkit/kernel:4.9.62
[STDERR  ] 2017-11-17T18:19:16.681088488Z: Add init containers:
[STDERR  ] 2017-11-17T18:19:16.681156457Z: Process init image: linuxkit/init:42a92119e1ca10380e0d33e26c0cbcf85b9b3558
[STDERR  ] 2017-11-17T18:19:19.536752452Z: Process init image: linuxkit/runc:1b0741d07949c0acc444cd6a04ee7f833443579d
[STDERR  ] 2017-11-17T18:19:21.51592546Z: Add onboot containers:
[STDERR  ] 2017-11-17T18:19:21.515995998Z:   Create OCI config for linuxkit/dhcpcd:48831507404049660b960e4055f544917d90378e
[STDERR  ] 2017-11-17T18:19:23.391869971Z:   Create OCI config for alpine:3.6
[STDERR  ] 2017-11-17T18:19:25.484751407Z:   Create OCI config for linuxkit/poweroff:280bd01daa8776fbe1f4d912977f1886b8374834
[STDERR  ] 2017-11-17T18:19:26.551027804Z: time="2017-11-17T18:19:26Z" level=warning msg="certificate with CN Rolf Neugebauer is near expiry"
[STDERR  ] 2017-11-17T18:19:26.554545355Z: time="2017-11-17T18:19:26Z" level=warning msg="certificate with CN Rolf Neugebauer is near expiry"
[STDERR  ] 2017-11-17T18:19:27.459210301Z: Add files:
[STDERR  ] 2017-11-17T18:19:27.460162236Z:   check.sh
[STDERR  ] 2017-11-17T18:19:27.460263884Z: Create outputs:
[STDERR  ] 2017-11-17T18:19:34.022786446Z:   dhcpcd-kernel dhcpcd-initrd.img dhcpcd-cmdline
[STDERR  ] 2017-11-17T18:19:34.322234709Z: + linuxkit run dhcpcd
[STDOUT  ] 2017-11-17T18:20:27.271429156Z: [    0.000000] Linux version 4.9.62-linuxkit (root@71a3c458523b) (gcc version 6.3.0 (Alpine 6.3.0) ) #1 SMP Thu Nov 16 17:07:55 UTC 2017
[STDOUT  ] 2017-11-17T18:20:27.271532135Z: [    0.000000] Command line: console=ttyS0 page_poison=1
[STDOUT  ] 2017-11-17T18:20:27.27155003Z: [    0.000000] x86/fpu: Legacy x87 FPU detected.
[STDOUT  ] 2017-11-17T18:20:27.27156386Z: [    0.000000] x86/fpu: Using 'eager' FPU context switches.
[STDOUT  ] 2017-11-17T18:20:27.271577204Z: [    0.000000] e820: BIOS-provided physical RAM map:
[STDOUT  ] 2017-11-17T18:20:27.271591139Z: [    0.000000] BIOS-e820: [mem 0x0000000000000000-0x000000000009fbff] usable
[STDOUT  ] 2017-11-17T18:20:27.271606374Z: [    0.000000] BIOS-e820: [mem 0x000000000009fc00-0x000000000009ffff] reserved
[STDOUT  ] 2017-11-17T18:20:27.271620379Z: [    0.000000] BIOS-e820: [mem 0x00000000000f0000-0x00000000000fffff] reserved
[STDOUT  ] 2017-11-17T18:20:27.271634255Z: [    0.000000] BIOS-e820: [mem 0x0000000000100000-0x000000003ffdefff] usable
[STDOUT  ] 2017-11-17T18:20:27.271647979Z: [    0.000000] BIOS-e820: [mem 0x000000003ffdf000-0x000000003fffffff] reserved
[STDERR  ] 2017-11-17T18:20:27.271431422Z: + RESULT=[    0.000000] Linux version 4.9.62-linuxkit (root@71a3c458523b) (gcc version 6.3.0 (Alpine 6.3.0) ) #1 SMP Thu Nov 16 17:07:55 UTC 2017
[STDERR  ] 2017-11-17T18:20:27.271711321Z: [    0.000000] Command line: console=ttyS0 page_poison=1
[STDERR  ] 2017-11-17T18:20:27.271726134Z: [    0.000000] x86/fpu: Legacy x87 FPU detected.
[STDERR  ] 2017-11-17T18:20:27.271738807Z: [    0.000000] x86/fpu: Using 'eager' FPU context switches.
[STDERR  ] 2017-11-17T18:20:27.27175085Z: [    0.000000] e820: BIOS-provided physical RAM map:
[STDERR  ] 2017-11-17T18:20:27.271763657Z: [    0.000000] BIOS-e820: [mem 0x0000000000000000-0x000000000009fbff] usable
[STDERR  ] 2017-11-17T18:20:27.271777356Z: [    0.000000] BIOS-e820: [mem 0x000000000009fc00-0x000000000009ffff] reserved
[STDERR  ] 2017-11-17T18:20:27.271789989Z: [    0.000000] BIOS-e820: [mem 0x00000000000f0000-0x00000000000fffff] reserved
[STDERR  ] 2017-11-17T18:20:27.271802331Z: [    0.000000] BIOS-e820: [mem 0x0000000000100000-0x000000003ffdefff] usable
[STDERR  ] 2017-11-17T18:20:27.271827077Z: [    0.000000] BIOS-e820: [mem 0x000000003ffdf000-0x000000003fffffff] reserved
[STDERR  ] 2017-11-17T18:20:27.271840603Z: [    0.000000] BIOS-e820: [mem 0x00000000b0000000-0x00000000bfffffff] reserved
[STDERR  ] 2017-11-17T18:20:27.271853196Z: [    0.000000] BIOS-e820: [mem 0x00000000fed1c000-0x00000000fed1ffff] reserved
[STDERR  ] 2017-11-17T18:20:27.271865862Z: [    0.000000] BIOS-e820: [mem 0x00000000fffc0000-0x00000000ffffffff] reserved
[STDERR  ] 2017-11-17T18:20:27.271878748Z: [    0.000000] NX (Execute Disable) protection: active
[STDERR  ] 2017-11-17T18:20:27.271892507Z: [    0.000000] SMBIOS 2.8 present.
[STDERR  ] 2017-11-17T18:20:27.27190455Z: [    0.000000] e820: last_pfn = 0x3ffdf max_arch_pfn = 0x400000000
[STDERR  ] 2017-11-17T18:20:27.271917313Z: [    0.000000] x86/PAT: Configuration [0-7]: WB  WC  UC- UC  WB  WC  UC- WT  
[STDERR  ] 2017-11-17T18:20:27.271930489Z: [    0.000000] found SMP MP-table at [mem 0x000f6aa0-0x000f6aaf] mapped at [ffff898d000f6aa0]
[STDERR  ] 2017-11-17T18:20:27.271945047Z: [    0.000000] RAMDISK: [mem 0x3e6d3000-0x3ffcffff]
[STDERR  ] 2017-11-17T18:20:27.271957147Z: [    0.000000] ACPI: Early table checksum verification disabled
[STDERR  ] 2017-11-17T18:20:27.271969568Z: [    0.000000] ACPI: RSDP 0x00000000000F68C0 000014 (v00 BOCHS )
[STDERR  ] 2017-11-17T18:20:27.271981543Z: [    0.000000] ACPI: RSDT 0x000000003FFE2404 000034 (v01 BOCHS  BXPCRSDT 00000001 BXPC 00000001)
[STDERR  ] 2017-11-17T18:20:27.272001302Z: [    0.000000] ACPI: FACP 0x000000003FFE22A4 000074 (v01 BOCHS  BXPCFACP 00000001 BXPC 00000001)
[STDERR  ] 2017-11-17T18:20:27.272013789Z: [    0.000000] ACPI: DSDT 0x000000003FFE0040 002264 (v01 BOCHS  BXPCDSDT 00000001 BXPC 00000001)
[STDERR  ] 2017-11-17T18:20:27.272026262Z: [    0.000000] ACPI: FACS 0x000000003FFE0000 000040
[STDERR  ] 2017-11-17T18:20:27.272038452Z: [    0.000000] ACPI: APIC 0x000000003FFE2318 000078 (v01 BOCHS  BXPCAPIC 00000001 BXPC 00000001)
[STDERR  ] 2017-11-17T18:20:27.272051752Z: [    0.000000] ACPI: HPET 0x000000003FFE2390 000038 (v01 BOCHS  BXPCHPET 00000001 BXPC 00000001)
[STDERR  ] 2017-11-17T18:20:27.272063962Z: [    0.000000] ACPI: MCFG 0x000000003FFE23C8 00003C (v01 BOCHS  BXPCMCFG 00000001 BXPC 00000001)
[STDERR  ] 2017-11-17T18:20:27.272075388Z: [    0.000000] Zone ranges:
[STDERR  ] 2017-11-17T18:20:27.272087089Z: [    0.000000]   DMA      [mem 0x0000000000001000-0x0000000000ffffff]
[STDERR  ] 2017-11-17T18:20:27.272099412Z: [    0.000000]   DMA32    [mem 0x0000000001000000-0x000000003ffdefff]
[STDERR  ] 2017-11-17T18:20:27.272111814Z: [    0.000000]   Normal   empty
[STDERR  ] 2017-11-17T18:20:27.272124055Z: [    0.000000] Movable zone start for each node
[STDERR  ] 2017-11-17T18:20:27.272136013Z: [    0.000000] Early memory node ranges
[STDERR  ] 2017-11-17T18:20:27.272148992Z: [    0.000000]   node   0: [mem 0x0000000000001000-0x000000000009efff]
[STDERR  ] 2017-11-17T18:20:27.272160467Z: [    0.000000]   node   0: [mem 0x0000000000100000-0x000000003ffdefff]
[STDERR  ] 2017-11-17T18:20:27.272172255Z: [    0.000000] Initmem setup node 0 [mem 0x0000000000001000-0x000000003ffdefff]
[STDERR  ] 2017-11-17T18:20:27.272184151Z: [    0.000000] ACPI: PM-Timer IO Port: 0x608
[STDERR  ] 2017-11-17T18:20:27.272201934Z: [    0.000000] ACPI: LAPIC_NMI (acpi_id[0xff] dfl dfl lint[0x1])
[STDERR  ] 2017-11-17T18:20:27.272220843Z: [    0.000000] IOAPIC[0]: apic_id 0, version 32, address 0xfec00000, GSI 0-23
[STDERR  ] 2017-11-17T18:20:27.272235276Z: [    0.000000] ACPI: INT_SRC_OVR (bus 0 bus_irq 0 global_irq 2 dfl dfl)
[STDERR  ] 2017-11-17T18:20:27.272247545Z: [    0.000000] ACPI: INT_SRC_OVR (bus 0 bus_irq 5 global_irq 5 high level)
[STDERR  ] 2017-11-17T18:20:27.272259774Z: [    0.000000] ACPI: INT_SRC_OVR (bus 0 bus_irq 9 global_irq 9 high level)
[STDERR  ] 2017-11-17T18:20:27.272272344Z: [    0.000000] ACPI: INT_SRC_OVR (bus 0 bus_irq 10 global_irq 10 high level)
[STDERR  ] 2017-11-17T18:20:27.272284559Z: [    0.000000] ACPI: INT_SRC_OVR (bus 0 bus_irq 11 global_irq 11 high level)
[STDERR  ] 2017-11-17T18:20:27.272297507Z: [    0.000000] Using ACPI (MADT) for SMP configuration information
[STDERR  ] 2017-11-17T18:20:27.272310052Z: [    0.000000] ACPI: HPET id: 0x8086a201 base: 0xfed00000
[STDERR  ] 2017-11-17T18:20:27.27232206Z: [    0.000000] smpboot: Allowing 1 CPUs, 0 hotplug CPUs
[STDERR  ] 2017-11-17T18:20:27.272334843Z: [    0.000000] e820: [mem 0x40000000-0xafffffff] available for PCI devices
[STDERR  ] 2017-11-17T18:20:27.272347009Z: [    0.000000] Booting paravirtualized kernel on bare hardware
[STDERR  ] 2017-11-17T18:20:27.272359583Z: [    0.000000] clocksource: refined-jiffies: mask: 0xffffffff max_cycles: 0xffffffff, max_idle_ns: 19112604462750000 ns
[STDERR  ] 2017-11-17T18:20:27.27237569Z: [    0.000000] setup_percpu: NR_CPUS:128 nr_cpumask_bits:128 nr_cpu_ids:1 nr_node_ids:1
[STDERR  ] 2017-11-17T18:20:27.272388098Z: [    0.000000] percpu: Embedded 35 pages/cpu @ffff898d3e400000 s105112 r8192 d30056 u2097152
[STDERR  ] 2017-11-17T18:20:27.272400407Z: [    0.000000] Built 1 zonelists in Zone order, mobility grouping on.  Total pages: 257896
[STDERR  ] 2017-11-17T18:20:27.272412337Z: [    0.000000] Kernel command line: console=ttyS0 page_poison=1
[STDERR  ] 2017-11-17T18:20:27.272424478Z: [    0.000000] PID hash table entries: 4096 (order: 3, 32768 bytes)
[STDERR  ] 2017-11-17T18:20:27.272436802Z: [    0.000000] Dentry cache hash table entries: 131072 (order: 8, 1048576 bytes)
[STDERR  ] 2017-11-17T18:20:27.272448954Z: [    0.000000] Inode-cache hash table entries: 65536 (order: 7, 524288 bytes)
[STDERR  ] 2017-11-17T18:20:27.272467374Z: [    0.000000] Memory: 988592K/1048052K available (8049K kernel code, 1367K rwdata, 2700K rodata, 1380K init, 568K bss, 59460K reserved, 0K cma-reserved)
[STDERR  ] 2017-11-17T18:20:27.272484524Z: [    0.000000] Hierarchical RCU implementation.
[STDERR  ] 2017-11-17T18:20:27.272496607Z: [    0.000000] 	Build-time adjustment of leaf fanout to 64.
[STDERR  ] 2017-11-17T18:20:27.272508415Z: [    0.000000] 	RCU restricting CPUs from NR_CPUS=128 to nr_cpu_ids=1.
[STDERR  ] 2017-11-17T18:20:27.272520937Z: [    0.000000] RCU: Adjusting geometry for rcu_fanout_leaf=64, nr_cpu_ids=1
[STDERR  ] 2017-11-17T18:20:27.272532635Z: [    0.000000] NR_IRQS:8448 nr_irqs:256 16
[STDERR  ] 2017-11-17T18:20:27.272544427Z: [    0.000000] Console: colour VGA+ 80x25
[STDERR  ] 2017-11-17T18:20:27.272555909Z: [    0.000000] console [ttyS0] enabled
[STDERR  ] 2017-11-17T18:20:27.272567518Z: [    0.000000] allocated 2097152 bytes of page_ext
[STDERR  ] 2017-11-17T18:20:27.272578968Z: [    0.000000] clocksource: hpet: mask: 0xffffffff max_cycles: 0xffffffff, max_idle_ns: 19112604467 ns
[STDERR  ] 2017-11-17T18:20:27.272590787Z: [    0.000000] tsc: Unable to calibrate against PIT
[STDERR  ] 2017-11-17T18:20:27.272602549Z: [    0.000000] tsc: using HPET reference calibration
[STDERR  ] 2017-11-17T18:20:27.272614961Z: [    0.000000] tsc: Detected 2300.065 MHz processor
[STDERR  ] 2017-11-17T18:20:27.272627187Z: [    0.053149] Calibrating delay loop (skipped), value calculated using timer frequency.. 4600.13 BogoMIPS (lpj=23000650)
[STDERR  ] 2017-11-17T18:20:27.272639173Z: [    0.054944] pid_max: default: 32768 minimum: 301
[STDERR  ] 2017-11-17T18:20:27.272651393Z: [    0.056293] ACPI: Core revision 20160831
[STDERR  ] 2017-11-17T18:20:27.272667969Z: [    0.161620] ACPI: 1 ACPI AML tables successfully acquired and loaded
[STDERR  ] 2017-11-17T18:20:27.27268032Z: [    0.168650] Security Framework initialized
[STDERR  ] 2017-11-17T18:20:27.272692147Z: [    0.169289] Yama: becoming mindful.
[STDERR  ] 2017-11-17T18:20:27.272704385Z: [    0.173690] Mount-cache hash table entries: 2048 (order: 2, 16384 bytes)
[STDERR  ] 2017-11-17T18:20:27.272716922Z: [    0.174523] Mountpoint-cache hash table entries: 2048 (order: 2, 16384 bytes)
[STDERR  ] 2017-11-17T18:20:27.272729171Z: [    0.219139] Last level iTLB entries: 4KB 0, 2MB 0, 4MB 0
[STDERR  ] 2017-11-17T18:20:27.27274106Z: [    0.220098] Last level dTLB entries: 4KB 0, 2MB 0, 4MB 0, 1GB 0
[STDERR  ] 2017-11-17T18:20:27.272752472Z: [    0.903164] Freeing SMP alternatives memory: 20K
[STDERR  ] 2017-11-17T18:20:27.272764461Z: [    0.922590] ftrace: allocating 35542 entries in 139 pages
[STDERR  ] 2017-11-17T18:20:27.272775595Z: [    1.255610] smpboot: Max logical packages: 1
[STDERR  ] 2017-11-17T18:20:27.27278783Z: [    1.270000] ..TIMER: vector=0x30 apic1=0 pin1=2 apic2=-1 pin2=-1
[STDERR  ] 2017-11-17T18:20:27.272800749Z: [    1.370000] smpboot: CPU0: AMD QEMU Virtual CPU version 2.5+ (family: 0x6, model: 0x6, stepping: 0x3)
[STDERR  ] 2017-11-17T18:20:27.272812817Z: [    1.370000] Performance Events: PMU not available due to virtualization, using software events only.
[STDERR  ] 2017-11-17T18:20:27.272824621Z: [    1.401390] NMI watchdog: disabled (cpu0): hardware events not enabled
[STDERR  ] 2017-11-17T18:20:27.272837062Z: [    1.401926] NMI watchdog: Shutting down hard lockup detector on all cpus
[STDERR  ] 2017-11-17T18:20:27.272851621Z: [    1.407856] x86: Booted up 1 node, 1 CPUs
[STDERR  ] 2017-11-17T18:20:27.272863659Z: [    1.408378] smpboot: Total of 1 processors activated (4600.13 BogoMIPS)
[STDERR  ] 2017-11-17T18:20:27.272876139Z: [    1.441119] devtmpfs: initialized
[STDERR  ] 2017-11-17T18:20:27.272888534Z: [    1.453012] x86/mm: Memory block size: 128MB
[STDERR  ] 2017-11-17T18:20:27.272900548Z: [    1.602940] clocksource: jiffies: mask: 0xffffffff max_cycles: 0xffffffff, max_idle_ns: 19112604462750000 ns
[STDERR  ] 2017-11-17T18:20:27.272912317Z: [    1.604116] futex hash table entries: 256 (order: 2, 16384 bytes)
[STDERR  ] 2017-11-17T18:20:27.272929648Z: [    1.615239] NET: Registered protocol family 16
[STDERR  ] 2017-11-17T18:20:27.272941778Z: [    1.632716] cpuidle: using governor ladder
[STDERR  ] 2017-11-17T18:20:27.272958189Z: [    1.636401] cpuidle: using governor menu
[STDERR  ] 2017-11-17T18:20:27.272970622Z: [    1.640870] ACPI: bus type PCI registered
[STDERR  ] 2017-11-17T18:20:27.272982549Z: [    1.650281] PCI: MMCONFIG for domain 0000 [bus 00-ff] at [mem 0xb0000000-0xbfffffff] (base 0xb0000000)
[STDERR  ] 2017-11-17T18:20:27.2729945Z: [    1.652926] PCI: MMCONFIG at [mem 0xb0000000-0xbfffffff] reserved in E820
[STDERR  ] 2017-11-17T18:20:27.273006713Z: [    1.654883] PCI: Using configuration type 1 for base access
[STDERR  ] 2017-11-17T18:20:27.273018871Z: [    1.753412] HugeTLB registered 2 MB page size, pre-allocated 0 pages
[STDERR  ] 2017-11-17T18:20:27.273033741Z: [    1.769811] ACPI: Added _OSI(Module Device)
[STDERR  ] 2017-11-17T18:20:27.273045645Z: [    1.770100] ACPI: Added _OSI(Processor Device)
[STDERR  ] 2017-11-17T18:20:27.273057524Z: [    1.770561] ACPI: Added _OSI(3.0 _SCP Extensions)
[STDERR  ] 2017-11-17T18:20:27.273069232Z: [    1.771037] ACPI: Added _OSI(Processor Aggregator Device)
[STDERR  ] 2017-11-17T18:20:27.273080603Z: [    1.946254] ACPI: Interpreter enabled
[STDERR  ] 2017-11-17T18:20:27.273092163Z: [    1.947545] ACPI: (supports S0 S5)
[STDERR  ] 2017-11-17T18:20:27.273103329Z: [    1.948089] ACPI: Using IOAPIC for interrupt routing
[STDERR  ] 2017-11-17T18:20:27.273113775Z: [    1.951308] PCI: Using host bridge windows from ACPI; if necessary, use "pci=nocrs" and report a bug
[STDERR  ] 2017-11-17T18:20:27.273124698Z: [    2.064912] ACPI: PCI Root Bridge [PCI0] (domain 0000 [bus 00-ff])
[STDERR  ] 2017-11-17T18:20:27.273140631Z: [    2.066404] acpi PNP0A08:00: _OSC: OS supports [ExtendedConfig ASPM ClockPM Segments MSI]
[STDERR  ] 2017-11-17T18:20:27.273151999Z: [    2.076136] acpi PNP0A08:00: _OSC: OS now controls [PCIeHotplug PME PCIeCapability]
[STDERR  ] 2017-11-17T18:20:27.273162796Z: [    2.082443] PCI host bridge to bus 0000:00
[STDERR  ] 2017-11-17T18:20:27.273173978Z: [    2.083106] pci_bus 0000:00: root bus resource [io  0x0000-0x0cf7 window]
[STDERR  ] 2017-11-17T18:20:27.27318518Z: [    2.083837] pci_bus 0000:00: root bus resource [io  0x0d00-0xffff window]
[STDERR  ] 2017-11-17T18:20:27.273196317Z: [    2.084523] pci_bus 0000:00: root bus resource [mem 0x000a0000-0x000bffff window]
[STDERR  ] 2017-11-17T18:20:27.273207148Z: [    2.085259] pci_bus 0000:00: root bus resource [mem 0xc0000000-0xfebfffff window]
[STDERR  ] 2017-11-17T18:20:27.273219139Z: [    2.086190] pci_bus 0000:00: root bus resource [bus 00-ff]
[STDERR  ] 2017-11-17T18:20:27.273231005Z: [    2.255535] pci 0000:00:1f.0: quirk: [io  0x0600-0x067f] claimed by ICH6 ACPI/GPIO/TCO
[STDERR  ] 2017-11-17T18:20:27.273243543Z: [    2.356781] ACPI: PCI Interrupt Link [LNKA] (IRQs 5 *10 11)
[STDERR  ] 2017-11-17T18:20:27.273254863Z: [    2.360238] ACPI: PCI Interrupt Link [LNKB] (IRQs 5 *10 11)
[STDERR  ] 2017-11-17T18:20:27.273266319Z: [    2.363044] ACPI: PCI Interrupt Link [LNKC] (IRQs 5 10 *11)
[STDERR  ] 2017-11-17T18:20:27.273277513Z: [    2.365837] ACPI: PCI Interrupt Link [LNKD] (IRQs 5 10 *11)
[STDERR  ] 2017-11-17T18:20:27.273288738Z: [    2.368632] ACPI: PCI Interrupt Link [LNKE] (IRQs 5 *10 11)
[STDERR  ] 2017-11-17T18:20:27.2732996Z: [    2.371631] ACPI: PCI Interrupt Link [LNKF] (IRQs 5 *10 11)
[STDERR  ] 2017-11-17T18:20:27.273310807Z: [    2.374554] ACPI: PCI Interrupt Link [LNKG] (IRQs 5 10 *11)
[STDERR  ] 2017-11-17T18:20:27.273321676Z: [    2.377358] ACPI: PCI Interrupt Link [LNKH] (IRQs 5 10 *11)
[STDERR  ] 2017-11-17T18:20:27.273333847Z: [    2.378669] ACPI: PCI Interrupt Link [GSIA] (IRQs *16)
[STDERR  ] 2017-11-17T18:20:27.27334577Z: [    2.379705] ACPI: PCI Interrupt Link [GSIB] (IRQs *17)
[STDERR  ] 2017-11-17T18:20:27.273357754Z: [    2.380610] ACPI: PCI Interrupt Link [GSIC] (IRQs *18)
[STDERR  ] 2017-11-17T18:20:27.273369206Z: [    2.381603] ACPI: PCI Interrupt Link [GSID] (IRQs *19)
[STDERR  ] 2017-11-17T18:20:27.273387956Z: [    2.382596] ACPI: PCI Interrupt Link [GSIE] (IRQs *20)
[STDERR  ] 2017-11-17T18:20:27.273399604Z: [    2.383595] ACPI: PCI Interrupt Link [GSIF] (IRQs *21)
[STDERR  ] 2017-11-17T18:20:27.273411224Z: [    2.384591] ACPI: PCI Interrupt Link [GSIG] (IRQs *22)
[STDERR  ] 2017-11-17T18:20:27.273422604Z: [    2.385588] ACPI: PCI Interrupt Link [GSIH] (IRQs *23)
[STDERR  ] 2017-11-17T18:20:27.273434415Z: [    2.391897] ACPI: Enabled 2 GPEs in block 00 to 3F
[STDERR  ] 2017-11-17T18:20:27.273446943Z: [    2.399639] SCSI subsystem initialized
[STDERR  ] 2017-11-17T18:20:27.273459557Z: [    2.401476] ACPI: bus type USB registered
[STDERR  ] 2017-11-17T18:20:27.27347086Z: [    2.403247] usbcore: registered new interface driver usbfs
[STDERR  ] 2017-11-17T18:20:27.2734831Z: [    2.404629] usbcore: registered new interface driver hub
[STDERR  ] 2017-11-17T18:20:27.273496011Z: [    2.405838] usbcore: registered new device driver usb
[STDERR  ] 2017-11-17T18:20:27.273507849Z: [    2.407784] pps_core: LinuxPPS API ver. 1 registered
[STDERR  ] 2017-11-17T18:20:27.273519516Z: [    2.410065] pps_core: Software ver. 5.3.6 - Copyright 2005-2007 Rodolfo Giometti <giometti@linux.it>
[STDERR  ] 2017-11-17T18:20:27.27353106Z: [    2.411187] PTP clock support registered
[STDERR  ] 2017-11-17T18:20:27.273543208Z: [    2.413063] wmi: Mapper loaded
[STDERR  ] 2017-11-17T18:20:27.273555241Z: [    2.414710] PCI: Using ACPI for IRQ routing
[STDERR  ] 2017-11-17T18:20:27.273566688Z: [    2.447959] NetLabel: Initializing
[STDERR  ] 2017-11-17T18:20:27.273578223Z: [    2.448352] NetLabel:  domain hash size = 128
[STDERR  ] 2017-11-17T18:20:27.273590073Z: [    2.448799] NetLabel:  protocols = UNLABELED CIPSOv4
[STDERR  ] 2017-11-17T18:20:27.273606717Z: [    2.452025] NetLabel:  unlabeled traffic allowed by default
[STDERR  ] 2017-11-17T18:20:27.27361911Z: [    2.453493] HPET: 3 timers in total, 0 timers will be used for per-cpu timer
[STDERR  ] 2017-11-17T18:20:27.273631474Z: [    2.454641] hpet0: at MMIO 0xfed00000, IRQs 2, 8, 0
[STDERR  ] 2017-11-17T18:20:27.273643558Z: [    2.455379] hpet0: 3 comparators, 64-bit 100.000000 MHz counter
[STDERR  ] 2017-11-17T18:20:27.27365543Z: [    2.461958] clocksource: Switched to clocksource hpet
[STDERR  ] 2017-11-17T18:20:27.273666957Z: [    2.999488] VFS: Disk quotas dquot_6.6.0
[STDERR  ] 2017-11-17T18:20:27.273679035Z: [    3.000788] VFS: Dquot-cache hash table entries: 512 (order 0, 4096 bytes)
[STDERR  ] 2017-11-17T18:20:27.27369109Z: [    3.005201] FS-Cache: Loaded
[STDERR  ] 2017-11-17T18:20:27.273704265Z: [    3.013767] CacheFiles: Loaded
[STDERR  ] 2017-11-17T18:20:27.273716317Z: [    3.016403] pnp: PnP ACPI init
[STDERR  ] 2017-11-17T18:20:27.273727827Z: [    3.036667] pnp: PnP ACPI: found 5 devices
[STDERR  ] 2017-11-17T18:20:27.273742861Z: [    3.118103] clocksource: acpi_pm: mask: 0xffffff max_cycles: 0xffffff, max_idle_ns: 2085701024 ns
[STDERR  ] 2017-11-17T18:20:27.273755475Z: [    3.122912] NET: Registered protocol family 2
[STDERR  ] 2017-11-17T18:20:27.273767221Z: [    3.135317] TCP established hash table entries: 8192 (order: 4, 65536 bytes)
[STDERR  ] 2017-11-17T18:20:27.273780379Z: [    3.136462] TCP bind hash table entries: 8192 (order: 5, 131072 bytes)
[STDERR  ] 2017-11-17T18:20:27.273792421Z: [    3.137490] TCP: Hash tables configured (established 8192 bind 8192)
[STDERR  ] 2017-11-17T18:20:27.273807272Z: [    3.140484] UDP hash table entries: 512 (order: 2, 16384 bytes)
[STDERR  ] 2017-11-17T18:20:27.273819012Z: [    3.141344] UDP-Lite hash table entries: 512 (order: 2, 16384 bytes)
[STDERR  ] 2017-11-17T18:20:27.273831191Z: [    3.145172] NET: Registered protocol family 1
[STDERR  ] 2017-11-17T18:20:27.273843074Z: [    3.146674] pci 0000:00:01.0: Video device with shadowed ROM at [mem 0x000c0000-0x000dffff]
[STDERR  ] 2017-11-17T18:20:27.273855498Z: [    3.158939] Unpacking initramfs...
[STDERR  ] 2017-11-17T18:20:27.273867881Z: [    9.376131] Freeing initrd memory: 25588K
[STDERR  ] 2017-11-17T18:20:27.273880131Z: [    9.416637] PCLMULQDQ-NI instructions are not detected.
[STDERR  ] 2017-11-17T18:20:27.273895784Z: [    9.418278] AVX or AES-NI instructions are not detected.
[STDERR  ] 2017-11-17T18:20:27.273907568Z: [    9.418727] CPU feature 'AVX registers' is not supported.
[STDERR  ] 2017-11-17T18:20:27.273919125Z: [    9.419119] CPU feature 'AVX registers' is not supported.
[STDERR  ] 2017-11-17T18:20:27.273931164Z: [    9.419510] CPU feature 'AVX registers' is not supported.
[STDERR  ] 2017-11-17T18:20:27.273942803Z: [    9.419875] CPU feature 'AVX registers' is not supported.
[STDERR  ] 2017-11-17T18:20:27.273954687Z: [    9.420646] AVX2 or AES-NI instructions are not detected.
[STDERR  ] 2017-11-17T18:20:27.273966782Z: [    9.421128] AVX2 instructions are not detected.
[STDERR  ] 2017-11-17T18:20:27.273978915Z: [    9.431532] audit: initializing netlink subsys (disabled)
[STDERR  ] 2017-11-17T18:20:27.273990299Z: [    9.433900] audit: type=2000 audit(1510942785.430:1): initialized
[STDERR  ] 2017-11-17T18:20:27.274004119Z: [    9.446238] workingset: timestamp_bits=46 max_order=18 bucket_order=0
[STDERR  ] 2017-11-17T18:20:27.274016386Z: [    9.456964] squashfs: version 4.0 (2009/01/31) Phillip Lougher
[STDERR  ] 2017-11-17T18:20:27.274028039Z: [    9.461028] FS-Cache: Netfs 'cifs' registered for caching
[STDERR  ] 2017-11-17T18:20:27.274039635Z: [    9.462293] fuse init (API version 7.26)
[STDERR  ] 2017-11-17T18:20:27.2740515Z: [    9.465781] SGI XFS with ACLs, security attributes, no debug enabled
[STDERR  ] 2017-11-17T18:20:27.2740633Z: [    9.472434] 9p: Installing v9fs 9p2000 file system support
[STDERR  ] 2017-11-17T18:20:27.274074775Z: [    9.472989] FS-Cache: Netfs '9p' registered for caching
[STDERR  ] 2017-11-17T18:20:27.27408633Z: [    9.528491] NET: Registered protocol family 38
[STDERR  ] 2017-11-17T18:20:27.274107709Z: [    9.529140] Key type asymmetric registered
[STDERR  ] 2017-11-17T18:20:27.274119994Z: [    9.529483] Asymmetric key parser 'x509' registered
[STDERR  ] 2017-11-17T18:20:27.274131431Z: [    9.531165] Block layer SCSI generic (bsg) driver version 0.4 loaded (major 251)
[STDERR  ] 2017-11-17T18:20:27.274143126Z: [    9.532782] io scheduler noop registered
[STDERR  ] 2017-11-17T18:20:27.274155125Z: [    9.533098] io scheduler deadline registered (default)
[STDERR  ] 2017-11-17T18:20:27.274166512Z: [    9.534155] io scheduler cfq registered
[STDERR  ] 2017-11-17T18:20:27.274178306Z: [    9.538744] pci_hotplug: PCI Hot Plug PCI Core version: 0.5
[STDERR  ] 2017-11-17T18:20:27.27418985Z: [    9.539434] pciehp: PCI Express Hot Plug Controller Driver version: 0.4
[STDERR  ] 2017-11-17T18:20:27.274201968Z: [    9.541347] shpchp: Standard Hot Plug PCI Controller Driver version: 0.4
[STDERR  ] 2017-11-17T18:20:27.274213503Z: [    9.542330] hv_vmbus: registering driver hyperv_fb
[STDERR  ] 2017-11-17T18:20:27.274225087Z: [    9.547323] input: Power Button as /devices/LNXSYSTM:00/LNXPWRBN:00/input/input0
[STDERR  ] 2017-11-17T18:20:27.274236705Z: [    9.548786] ACPI: Power Button [PWRF]
[STDERR  ] 2017-11-17T18:20:27.274248406Z: [    9.556939] GHES: HEST is not enabled!
[STDERR  ] 2017-11-17T18:20:27.274259936Z: [    9.576674] ACPI: PCI Interrupt Link [GSIG] enabled at IRQ 22
[STDERR  ] 2017-11-17T18:20:27.27427133Z: [    9.598982] ACPI: PCI Interrupt Link [GSIH] enabled at IRQ 23
[STDERR  ] 2017-11-17T18:20:27.274282951Z: [    9.605295] xenfs: not registering filesystem on non-xen platform
[STDERR  ] 2017-11-17T18:20:27.274294519Z: [    9.608197] Serial: 8250/16550 driver, 4 ports, IRQ sharing disabled
[STDERR  ] 2017-11-17T18:20:27.274306033Z: [    9.641485] 00:04: ttyS0 at I/O 0x3f8 (irq = 4, base_baud = 115200) is a 16550A
[STDERR  ] 2017-11-17T18:20:27.274317462Z: [    9.658706] Non-volatile memory driver v1.3
[STDERR  ] 2017-11-17T18:20:27.274328841Z: [    9.668822] Hangcheck: starting hangcheck timer 0.9.1 (tick is 180 seconds, margin is 60 seconds).
[STDERR  ] 2017-11-17T18:20:27.274340473Z: [    9.677300] random: fast init done
[STDERR  ] 2017-11-17T18:20:27.274351876Z: [    9.678955] random: crng init done
[STDERR  ] 2017-11-17T18:20:27.274367062Z: [    9.738023] loop: module loaded
[STDERR  ] 2017-11-17T18:20:27.274378927Z: [    9.762500] nbd: registered device at major 43
[STDERR  ] 2017-11-17T18:20:27.274390602Z: [    9.854183] lpc_ich 0000:00:1f.0: I/O space for GPIO uninitialized
[STDERR  ] 2017-11-17T18:20:27.274405276Z: [    9.856677] VMware PVSCSI driver - version 1.0.7.0-k
[STDERR  ] 2017-11-17T18:20:27.274416886Z: [    9.857588] hv_vmbus: registering driver hv_storvsc
[STDERR  ] 2017-11-17T18:20:27.274428485Z: [    9.887701] ACPI: PCI Interrupt Link [GSIA] enabled at IRQ 16
[STDERR  ] 2017-11-17T18:20:27.274440145Z: [    9.898160] ahci 0000:00:1f.2: AHCI 0001.0000 32 slots 6 ports 1.5 Gbps 0x3f impl SATA mode
[STDERR  ] 2017-11-17T18:20:27.27445202Z: [    9.898904] ahci 0000:00:1f.2: flags: 64bit ncq only 
[STDERR  ] 2017-11-17T18:20:27.274463547Z: [    9.934238] scsi host0: ahci
[STDERR  ] 2017-11-17T18:20:27.274475054Z: [    9.940138] scsi host1: ahci
[STDERR  ] 2017-11-17T18:20:27.274486744Z: [    9.943871] scsi host2: ahci
[STDERR  ] 2017-11-17T18:20:27.274498254Z: [    9.947552] scsi host3: ahci
[STDERR  ] 2017-11-17T18:20:27.274509827Z: [    9.955182] scsi host4: ahci
[STDERR  ] 2017-11-17T18:20:27.274521369Z: [    9.958950] scsi host5: ahci
[STDERR  ] 2017-11-17T18:20:27.274532889Z: [    9.962214] ata1: SATA max UDMA/133 abar m4096@0xfebd2000 port 0xfebd2100 irq 24
[STDERR  ] 2017-11-17T18:20:27.274544734Z: [    9.962736] ata2: SATA max UDMA/133 abar m4096@0xfebd2000 port 0xfebd2180 irq 24
[STDERR  ] 2017-11-17T18:20:27.27456033Z: [    9.963160] ata3: SATA max UDMA/133 abar m4096@0xfebd2000 port 0xfebd2200 irq 24
[STDERR  ] 2017-11-17T18:20:27.274572932Z: [    9.963572] ata4: SATA max UDMA/133 abar m4096@0xfebd2000 port 0xfebd2280 irq 24
[STDERR  ] 2017-11-17T18:20:27.27459135Z: [    9.963935] ata5: SATA max UDMA/133 abar m4096@0xfebd2000 port 0xfebd2300 irq 24
[STDERR  ] 2017-11-17T18:20:27.274603999Z: [    9.964331] ata6: SATA max UDMA/133 abar m4096@0xfebd2000 port 0xfebd2380 irq 24
[STDERR  ] 2017-11-17T18:20:27.27461614Z: [    9.986960] tun: Universal TUN/TAP device driver, 1.6
[STDERR  ] 2017-11-17T18:20:27.274627792Z: [    9.987305] tun: (C) 1999-2004 Max Krasnyansky <maxk@qualcomm.com>
[STDERR  ] 2017-11-17T18:20:27.274639491Z: [   10.004224] VMware vmxnet3 virtual NIC driver - version 1.4.a.0-k-NAPI
[STDERR  ] 2017-11-17T18:20:27.274651006Z: [   10.005223] hv_vmbus: registering driver hv_netvsc
[STDERR  ] 2017-11-17T18:20:27.27466222Z: [   10.005554] Fusion MPT base driver 3.04.20
[STDERR  ] 2017-11-17T18:20:27.274674272Z: [   10.005816] Copyright (c) 1999-2008 LSI Corporation
[STDERR  ] 2017-11-17T18:20:27.274688683Z: [   10.006453] Fusion MPT SPI Host driver 3.04.20
[STDERR  ] 2017-11-17T18:20:27.274700863Z: [   10.009487] i8042: PNP: PS/2 Controller [PNP0303:KBD,PNP0f13:MOU] at 0x60,0x64 irq 1,12
[STDERR  ] 2017-11-17T18:20:27.274712263Z: [   10.016301] serio: i8042 KBD port at 0x60,0x64 irq 1
[STDERR  ] 2017-11-17T18:20:27.274723949Z: [   10.017015] serio: i8042 AUX port at 0x60,0x64 irq 12
[STDERR  ] 2017-11-17T18:20:27.274734998Z: [   10.020912] hv_vmbus: registering driver hyperv_keyboard
[STDERR  ] 2017-11-17T18:20:27.274746304Z: [   10.025621] mousedev: PS/2 mouse device common for all mice
[STDERR  ] 2017-11-17T18:20:27.274758533Z: [   10.033824] input: AT Translated Set 2 keyboard as /devices/platform/i8042/serio0/input/input1
[STDERR  ] 2017-11-17T18:20:27.274770228Z: [   10.038302] input: PC Speaker as /devices/platform/pcspkr/input/input2
[STDERR  ] 2017-11-17T18:20:27.27478112Z: [   10.044088] rtc_cmos 00:00: RTC can wake from S4
[STDERR  ] 2017-11-17T18:20:27.274792376Z: [   10.049901] rtc_cmos 00:00: rtc core: registered rtc_cmos as rtc0
[STDERR  ] 2017-11-17T18:20:27.274803994Z: [   10.051862] rtc_cmos 00:00: alarms up to one day, y3k, 114 bytes nvram, hpet irqs
[STDERR  ] 2017-11-17T18:20:27.274815903Z: [   10.052611] i2c /dev entries driver
[STDERR  ] 2017-11-17T18:20:27.274828135Z: [   10.055301] device-mapper: ioctl: 4.35.0-ioctl (2016-06-23) initialised: dm-devel@redhat.com
[STDERR  ] 2017-11-17T18:20:27.274847205Z: [   10.063151] usbcore: registered new interface driver usbhid
[STDERR  ] 2017-11-17T18:20:27.274861205Z: [   10.063545] usbhid: USB HID core driver
[STDERR  ] 2017-11-17T18:20:27.274874434Z: [   10.064222] hv_utils: Registering HyperV Utility Driver
[STDERR  ] 2017-11-17T18:20:27.274886877Z: [   10.064566] hv_vmbus: registering driver hv_util
[STDERR  ] 2017-11-17T18:20:27.274898133Z: [   10.064863] hv_vmbus: registering driver hv_balloon
[STDERR  ] 2017-11-17T18:20:27.274909286Z: [   10.065424] oprofile: using NMI interrupt.
[STDERR  ] 2017-11-17T18:20:27.274920349Z: [   10.066843] GACT probability on
[STDERR  ] 2017-11-17T18:20:27.274931245Z: [   10.067827] Mirror/redirect action on
[STDERR  ] 2017-11-17T18:20:27.274964946Z: [   10.069037] Simple TC action Loaded
[STDERR  ] 2017-11-17T18:20:27.274977517Z: [   10.069754] u32 classifier
[STDERR  ] 2017-11-17T18:20:27.274989447Z: [   10.069956]     Performance counters on
[STDERR  ] 2017-11-17T18:20:27.275001081Z: [   10.070490]     input device check on
[STDERR  ] 2017-11-17T18:20:27.275013346Z: [   10.070721]     Actions configured
[STDERR  ] 2017-11-17T18:20:27.275025005Z: [   10.071520] Netfilter messages via NETLINK v0.30.
[STDERR  ] 2017-11-17T18:20:27.275036612Z: [   10.072135] nfnl_acct: registering with nfnetlink.
[STDERR  ] 2017-11-17T18:20:27.275048865Z: [   10.073966] nf_conntrack version 0.5.0 (8192 buckets, 32768 max)
[STDERR  ] 2017-11-17T18:20:27.275060663Z: [   10.078930] ctnetlink v0.93: registering with nfnetlink.
[STDERR  ] 2017-11-17T18:20:27.275072128Z: [   10.084387] nf_tables: (c) 2007-2009 Patrick McHardy <kaber@trash.net>
[STDERR  ] 2017-11-17T18:20:27.275085421Z: [   10.086030] nf_tables_compat: (c) 2012 Pablo Neira Ayuso <pablo@netfilter.org>
[STDERR  ] 2017-11-17T18:20:27.275103491Z: [   10.089608] xt_time: kernel timezone is -0000
[STDERR  ] 2017-11-17T18:20:27.27511502Z: [   10.090627] ip_set: protocol 6
[STDERR  ] 2017-11-17T18:20:27.275127018Z: [   10.091467] IPVS: Registered protocols (TCP, UDP, SCTP, AH, ESP)
[STDERR  ] 2017-11-17T18:20:27.275138447Z: [   10.092084] IPVS: Connection hash table configured (size=4096, memory=64Kbytes)
[STDERR  ] 2017-11-17T18:20:27.275150886Z: [   10.094622] IPVS: Creating netns size=2104 id=0
[STDERR  ] 2017-11-17T18:20:27.275163343Z: [   10.098877] IPVS: ipvs loaded.
[STDERR  ] 2017-11-17T18:20:27.275175467Z: [   10.099265] IPVS: [rr] scheduler registered.
[STDERR  ] 2017-11-17T18:20:27.275187634Z: [   10.099586] IPVS: [wrr] scheduler registered.
[STDERR  ] 2017-11-17T18:20:27.27520022Z: [   10.099859] IPVS: [lc] scheduler registered.
[STDERR  ] 2017-11-17T18:20:27.275212023Z: [   10.100603] IPVS: [wlc] scheduler registered.
[STDERR  ] 2017-11-17T18:20:27.275224135Z: [   10.100900] IPVS: [fo] scheduler registered.
[STDERR  ] 2017-11-17T18:20:27.275235761Z: [   10.101185] IPVS: [ovf] scheduler registered.
[STDERR  ] 2017-11-17T18:20:27.275246957Z: [   10.101608] IPVS: [lblc] scheduler registered.
[STDERR  ] 2017-11-17T18:20:27.275257772Z: [   10.102040] IPVS: [lblcr] scheduler registered.
[STDERR  ] 2017-11-17T18:20:27.275268863Z: [   10.102361] IPVS: [dh] scheduler registered.
[STDERR  ] 2017-11-17T18:20:27.275279957Z: [   10.102642] IPVS: [sh] scheduler registered.
[STDERR  ] 2017-11-17T18:20:27.275291094Z: [   10.102921] IPVS: [sed] scheduler registered.
[STDERR  ] 2017-11-17T18:20:27.275305042Z: [   10.103205] IPVS: [nq] scheduler registered.
[STDERR  ] 2017-11-17T18:20:27.275316249Z: [   10.104078] IPVS: ftp: loaded support on port[0] = 21
[STDERR  ] 2017-11-17T18:20:27.275327649Z: [   10.105238] ipip: IPv4 and MPLS over IPv4 tunneling driver
[STDERR  ] 2017-11-17T18:20:27.275338681Z: [   10.112335] gre: GRE over IPv4 demultiplexor driver
[STDERR  ] 2017-11-17T18:20:27.275351781Z: [   10.116685] ip_tables: (C) 2000-2006 Netfilter Core Team
[STDERR  ] 2017-11-17T18:20:27.27536402Z: [   10.122331] ipt_CLUSTERIP: ClusterIP Version 0.8 loaded successfully
[STDERR  ] 2017-11-17T18:20:27.27537652Z: [   10.123246] arp_tables: arp_tables: (C) 2002 David S. Miller
[STDERR  ] 2017-11-17T18:20:27.27539847Z: [   10.126727] NET: Registered protocol family 10
[STDERR  ] 2017-11-17T18:20:27.275410504Z: [   10.143076] ip6_tables: (C) 2000-2006 Netfilter Core Team
[STDERR  ] 2017-11-17T18:20:27.275427972Z: [   10.157006] NET: Registered protocol family 17
[STDERR  ] 2017-11-17T18:20:27.275446812Z: [   10.158441] Bridge firewalling registered
[STDERR  ] 2017-11-17T18:20:27.275460129Z: [   10.159057] Ebtables v2.0 registered
[STDERR  ] 2017-11-17T18:20:27.275471287Z: [   10.162474] 8021q: 802.1Q VLAN Support v1.8
[STDERR  ] 2017-11-17T18:20:27.27548343Z: [   10.164691] 9pnet: Installing 9P2000 support
[STDERR  ] 2017-11-17T18:20:27.275495689Z: [   10.166797] Key type dns_resolver registered
[STDERR  ] 2017-11-17T18:20:27.275507123Z: [   10.168044] microcode: AMD CPU family 0x6 not supported
[STDERR  ] 2017-11-17T18:20:27.275521308Z: [   10.174324] registered taskstats version 1
[STDERR  ] 2017-11-17T18:20:27.275532449Z: [   10.306801] ata3: SATA link up 1.5 Gbps (SStatus 113 SControl 300)
[STDERR  ] 2017-11-17T18:20:27.275546332Z: [   10.311721] ata5: SATA link down (SStatus 0 SControl 300)
[STDERR  ] 2017-11-17T18:20:27.275558496Z: [   10.313946] ata4: SATA link down (SStatus 0 SControl 300)
[STDERR  ] 2017-11-17T18:20:27.275569904Z: [   10.314355] ata2: SATA link down (SStatus 0 SControl 300)
[STDERR  ] 2017-11-17T18:20:27.275583103Z: [   10.314717] ata1: SATA link down (SStatus 0 SControl 300)
[STDERR  ] 2017-11-17T18:20:27.275594879Z: [   10.315637] ata6: SATA link down (SStatus 0 SControl 300)
[STDERR  ] 2017-11-17T18:20:27.275607304Z: [   10.323657] ata3.00: ATAPI: QEMU DVD-ROM, 2.5+, max UDMA/100
[STDERR  ] 2017-11-17T18:20:27.27562046Z: [   10.324061] ata3.00: applying bridge limits
[STDERR  ] 2017-11-17T18:20:27.275635522Z: [   10.326331] ata3.00: configured for UDMA/100
[STDERR  ] 2017-11-17T18:20:27.275649245Z: [   10.407405] tsc: Refined TSC clocksource calibration: 2300.039 MHz
[STDERR  ] 2017-11-17T18:20:27.275661215Z: [   10.408280] clocksource: tsc: mask: 0xffffffffffffffff max_cycles: 0x21275a2a673, max_idle_ns: 440795322019 ns
[STDERR  ] 2017-11-17T18:20:27.275673754Z: [   10.411920] scsi 2:0:0:0: CD-ROM            QEMU     QEMU DVD-ROM     2.5+ PQ: 0 ANSI: 5
[STDERR  ] 2017-11-17T18:20:27.275687452Z: [   10.448900] sr 2:0:0:0: [sr0] scsi3-mmc drive: 4x/4x cd/rw xa/form2 tray
[STDERR  ] 2017-11-17T18:20:27.27569918Z: [   10.453071] cdrom: Uniform CD-ROM driver Revision: 3.20
[STDERR  ] 2017-11-17T18:20:27.275713248Z: [   10.480901] sr 2:0:0:0: Attached scsi generic sg0 type 5
[STDERR  ] 2017-11-17T18:20:27.275724447Z: [   10.620946] Key type big_key registered
[STDERR  ] 2017-11-17T18:20:27.275736995Z: [   10.855909] Key type encrypted registered
[STDERR  ] 2017-11-17T18:20:27.275749802Z: [   10.862974] rtc_cmos 00:00: setting system clock to 2017-11-17 18:19:48 UTC (1510942788)
[STDERR  ] 2017-11-17T18:20:27.27576237Z: [   11.125997] Freeing unused kernel memory: 1380K
[STDERR  ] 2017-11-17T18:20:27.275774552Z: [   11.126441] Write protecting the kernel read-only data: 12288k
[STDERR  ] 2017-11-17T18:20:27.275786946Z: [   11.138051] Freeing unused kernel memory: 128K
[STDERR  ] 2017-11-17T18:20:27.275799015Z: [   11.336118] Freeing unused kernel memory: 1396K
[STDERR  ] 2017-11-17T18:20:27.275811609Z: [   11.421931] clocksource: Switched to clocksource tsc
[STDERR  ] 2017-11-17T18:20:27.275823433Z: 
[STDERR  ] 2017-11-17T18:20:27.275836496Z: Welcome to LinuxKit
[STDERR  ] 2017-11-17T18:20:27.275848506Z: 
[STDERR  ] 2017-11-17T18:20:27.275861274Z:                         ##         .
[STDERR  ] 2017-11-17T18:20:27.275873995Z:                   ## ## ##        ==
[STDERR  ] 2017-11-17T18:20:27.275886403Z:                ## ## ## ## ##    ===
[STDERR  ] 2017-11-17T18:20:27.275898356Z:            /"""""""""""""""""\___/ ===
[STDERR  ] 2017-11-17T18:20:27.275910127Z:           {                       /  ===-
[STDERR  ] 2017-11-17T18:20:27.275922131Z:            \______ O           __/
[STDERR  ] 2017-11-17T18:20:27.275936944Z:              \    \         __/
[STDERR  ] 2017-11-17T18:20:27.275953554Z:               \____\_______/
[STDERR  ] 2017-11-17T18:20:27.275970313Z: 
[STDERR  ] 2017-11-17T18:20:27.275981723Z: [   32.672944] 8021q: adding VLAN 0 to HW filter on device eth0
[STDERR  ] 2017-11-17T18:20:27.275994994Z: eth0: waiting for carrier
[STDERR  ] 2017-11-17T18:20:27.276007442Z: eth0: carrier acquired
[STDERR  ] 2017-11-17T18:20:27.276020041Z: DUID 00:01:00:01:21:a1:e4:d9:e2:ba:9a:78:f6:a3
[STDERR  ] 2017-11-17T18:20:27.276033217Z: eth0: IAID 9a:78:f6:a3
[STDERR  ] 2017-11-17T18:20:27.276045255Z: eth0: adding address fe80::2808:a88f:2e0c:42db
[STDERR  ] 2017-11-17T18:20:27.276060764Z: eth0: soliciting an IPv6 router
[STDERR  ] 2017-11-17T18:20:27.276073084Z: eth0: soliciting a DHCP lease
[STDERR  ] 2017-11-17T18:20:27.276085632Z: eth0: offered 10.0.2.15 from 10.0.2.2
[STDERR  ] 2017-11-17T18:20:27.276098534Z: eth0: leased 10.0.2.15 for 86400 seconds
[STDERR  ] 2017-11-17T18:20:27.276110105Z: eth0: adding route to 10.0.2.0/24
[STDERR  ] 2017-11-17T18:20:27.276123333Z: eth0: adding default route via 10.0.2.2
[STDERR  ] 2017-11-17T18:20:27.276134961Z: exiting due to oneshot
[STDERR  ] 2017-11-17T18:20:27.276147576Z: dhcpcd exited
[STDERR  ] 2017-11-17T18:20:27.276160677Z: dhcpcd test suite PASSED
[STDERR  ] 2017-11-17T18:20:27.276172835Z: [   49.289078] ACPI: Preparing to enter system sleep state S5
[STDERR  ] 2017-11-17T18:20:27.276184745Z: [   49.291503] reboot: Power down
[STDERR  ] 2017-11-17T18:20:27.27619707Z: + echo [    0.000000] Linux version 4.9.62-linuxkit (root@71a3c458523b) (gcc version 6.3.0 (Alpine 6.3.0) ) #1 SMP Thu Nov 16 17:07:55 UTC 2017
[STDERR  ] 2017-11-17T18:20:27.276208931Z: [    0.000000] Command line: console=ttyS0 page_poison=1
[STDERR  ] 2017-11-17T18:20:27.276222834Z: [    0.000000] x86/fpu: Legacy x87 FPU detected.
[STDERR  ] 2017-11-17T18:20:27.276241966Z: [    0.000000] x86/fpu: Using 'eager' FPU context switches.
[STDERR  ] 2017-11-17T18:20:27.276253763Z: [    0.000000] e820: BIOS-provided physical RAM map:
[STDERR  ] 2017-11-17T18:20:27.276265163Z: [    0.000000] BIOS-e820: [mem 0x0000000000000000-0x000000000009fbff] usable
[STDERR  ] 2017-11-17T18:20:27.276278777Z: [    0.000000] BIOS-e820: [mem 0x000000000009fc00-0x000000000009ffff] reserved
[STDERR  ] 2017-11-17T18:20:27.276291649Z: [    0.000000] BIOS-e820: [mem 0x00000000000f0000-0x00000000000fffff] reserved
[STDERR  ] 2017-11-17T18:20:27.276305062Z: [    0.000000] BIOS-e820: [mem 0x0000000000100000-0x000000003ffdefff] usable
[STDERR  ] 2017-11-17T18:20:27.276319408Z: [    0.000000] BIOS-e820: [mem 0x000000003ffdf000-0x000000003fffffff] reserved
[STDERR  ] 2017-11-17T18:20:27.276331767Z: [    0.000000] BIOS-e820: [mem 0x00000000b0000000-0x00000000bfffffff] reserved
[STDERR  ] 2017-11-17T18:20:27.276346682Z: [    0.000000] BIOS-e820: [mem 0x00000000fed1c000-0x00000000fed1ffff] reserved
[STDERR  ] 2017-11-17T18:20:27.276358043Z: [    0.000000] BIOS-e820: [mem 0x00000000fffc0000-0x00000000ffffffff] reserved
[STDERR  ] 2017-11-17T18:20:27.276371987Z: [    0.000000] NX (Execute Disable) protection: active
[STDERR  ] 2017-11-17T18:20:27.276384243Z: [    0.000000] SMBIOS 2.8 present.
[STDERR  ] 2017-11-17T18:20:27.276395696Z: [    0.000000] e820: last_pfn = 0x3ffdf max_arch_pfn = 0x400000000
[STDERR  ] 2017-11-17T18:20:27.276409145Z: [    0.000000] x86/PAT: Configuration [0-7]: WB  WC  UC- UC  WB  WC  UC- WT  
[STDERR  ] 2017-11-17T18:20:27.276423526Z: [    0.000000] found SMP MP-table at [mem 0x000f6aa0-0x000f6aaf] mapped at [ffff898d000f6aa0]
[STDERR  ] 2017-11-17T18:20:27.276438322Z: [    0.000000] RAMDISK: [mem 0x3e6d3000-0x3ffcffff]
[STDERR  ] 2017-11-17T18:20:27.276449361Z: [    0.000000] ACPI: Early table checksum verification disabled
[STDERR  ] 2017-11-17T18:20:27.276461485Z: [    0.000000] ACPI: RSDP 0x00000000000F68C0 000014 (v00 BOCHS )
[STDERR  ] 2017-11-17T18:20:27.27648262Z: [    0.000000] ACPI: RSDT 0x000000003FFE2404 000034 (v01 BOCHS  BXPCRSDT 00000001 BXPC 00000001)
[STDERR  ] 2017-11-17T18:20:27.276496631Z: [    0.000000] ACPI: FACP 0x000000003FFE22A4 000074 (v01 BOCHS  BXPCFACP 00000001 BXPC 00000001)
[STDERR  ] 2017-11-17T18:20:27.276513363Z: [    0.000000] ACPI: DSDT 0x000000003FFE0040 002264 (v01 BOCHS  BXPCDSDT 00000001 BXPC 00000001)
[STDERR  ] 2017-11-17T18:20:27.276526802Z: [    0.000000] ACPI: FACS 0x000000003FFE0000 000040
[STDERR  ] 2017-11-17T18:20:27.276538842Z: [    0.000000] ACPI: APIC 0x000000003FFE2318 000078 (v01 BOCHS  BXPCAPIC 00000001 BXPC 00000001)
[STDERR  ] 2017-11-17T18:20:27.276551672Z: [    0.000000] ACPI: HPET 0x000000003FFE2390 000038 (v01 BOCHS  BXPCHPET 00000001 BXPC 00000001)
[STDERR  ] 2017-11-17T18:20:27.276566564Z: [    0.000000] ACPI: MCFG 0x000000003FFE23C8 00003C (v01 BOCHS  BXPCMCFG 00000001 BXPC 00000001)
[STDERR  ] 2017-11-17T18:20:27.276578738Z: [    0.000000] Zone ranges:
[STDERR  ] 2017-11-17T18:20:27.276591912Z: [    0.000000]   DMA      [mem 0x0000000000001000-0x0000000000ffffff]
[STDERR  ] 2017-11-17T18:20:27.276604129Z: [    0.000000]   DMA32    [mem 0x0000000001000000-0x000000003ffdefff]
[STDERR  ] 2017-11-17T18:20:27.276617258Z: [    0.000000]   Normal   empty
[STDERR  ] 2017-11-17T18:20:27.276630447Z: [    0.000000] Movable zone start for each node
[STDERR  ] 2017-11-17T18:20:27.27664199Z: [    0.000000] Early memory node ranges
[STDERR  ] 2017-11-17T18:20:27.276655867Z: [    0.000000]   node   0: [mem 0x0000000000001000-0x000000000009efff]
[STDERR  ] 2017-11-17T18:20:27.276667682Z: [    0.000000]   node   0: [mem 0x0000000000100000-0x000000003ffdefff]
[STDERR  ] 2017-11-17T18:20:27.276680493Z: [    0.000000] Initmem setup node 0 [mem 0x0000000000001000-0x000000003ffdefff]
[STDERR  ] 2017-11-17T18:20:27.276693872Z: [    0.000000] ACPI: PM-Timer IO Port: 0x608
[STDERR  ] 2017-11-17T18:20:27.276705716Z: [    0.000000] ACPI: LAPIC_NMI (acpi_id[0xff] dfl dfl lint[0x1])
[STDERR  ] 2017-11-17T18:20:27.276723388Z: [    0.000000] IOAPIC[0]: apic_id 0, version 32, address 0xfec00000, GSI 0-23
[STDERR  ] 2017-11-17T18:20:27.276735331Z: [    0.000000] ACPI: INT_SRC_OVR (bus 0 bus_irq 0 global_irq 2 dfl dfl)
[STDERR  ] 2017-11-17T18:20:27.276749222Z: [    0.000000] ACPI: INT_SRC_OVR (bus 0 bus_irq 5 global_irq 5 high level)
[STDERR  ] 2017-11-17T18:20:27.276761044Z: [    0.000000] ACPI: INT_SRC_OVR (bus 0 bus_irq 9 global_irq 9 high level)
[STDERR  ] 2017-11-17T18:20:27.276774098Z: [    0.000000] ACPI: INT_SRC_OVR (bus 0 bus_irq 10 global_irq 10 high level)
[STDERR  ] 2017-11-17T18:20:27.276786806Z: [    0.000000] ACPI: INT_SRC_OVR (bus 0 bus_irq 11 global_irq 11 high level)
[STDERR  ] 2017-11-17T18:20:27.276799822Z: [    0.000000] Using ACPI (MADT) for SMP configuration information
[STDERR  ] 2017-11-17T18:20:27.276811911Z: [    0.000000] ACPI: HPET id: 0x8086a201 base: 0xfed00000
[STDERR  ] 2017-11-17T18:20:27.27682371Z: [    0.000000] smpboot: Allowing 1 CPUs, 0 hotplug CPUs
[STDERR  ] 2017-11-17T18:20:27.27683611Z: [    0.000000] e820: [mem 0x40000000-0xafffffff] available for PCI devices
[STDERR  ] 2017-11-17T18:20:27.276849675Z: [    0.000000] Booting paravirtualized kernel on bare hardware
[STDERR  ] 2017-11-17T18:20:27.27686196Z: [    0.000000] clocksource: refined-jiffies: mask: 0xffffffff max_cycles: 0xffffffff, max_idle_ns: 19112604462750000 ns
[STDERR  ] 2017-11-17T18:20:27.276874636Z: [    0.000000] setup_percpu: NR_CPUS:128 nr_cpumask_bits:128 nr_cpu_ids:1 nr_node_ids:1
[STDERR  ] 2017-11-17T18:20:27.27688744Z: [    0.000000] percpu: Embedded 35 pages/cpu @ffff898d3e400000 s105112 r8192 d30056 u2097152
[STDERR  ] 2017-11-17T18:20:27.276900652Z: [    0.000000] Built 1 zonelists in Zone order, mobility grouping on.  Total pages: 257896
[STDERR  ] 2017-11-17T18:20:27.2769141Z: [    0.000000] Kernel command line: console=ttyS0 page_poison=1
[STDERR  ] 2017-11-17T18:20:27.276926421Z: [    0.000000] PID hash table entries: 4096 (order: 3, 32768 bytes)
[STDERR  ] 2017-11-17T18:20:27.276939252Z: [    0.000000] Dentry cache hash table entries: 131072 (order: 8, 1048576 bytes)
[STDERR  ] 2017-11-17T18:20:27.276951177Z: [    0.000000] Inode-cache hash table entries: 65536 (order: 7, 524288 bytes)
[STDERR  ] 2017-11-17T18:20:27.276964899Z: [    0.000000] Memory: 988592K/1048052K available (8049K kernel code, 1367K rwdata, 2700K rodata, 1380K init, 568K bss, 59460K reserved, 0K cma-reserved)
[STDERR  ] 2017-11-17T18:20:27.276981874Z: [    0.000000] Hierarchical RCU implementation.
[STDERR  ] 2017-11-17T18:20:27.276995895Z: [    0.000000] 	Build-time adjustment of leaf fanout to 64.
[STDERR  ] 2017-11-17T18:20:27.277008037Z: [    0.000000] 	RCU restricting CPUs from NR_CPUS=128 to nr_cpu_ids=1.
[STDERR  ] 2017-11-17T18:20:27.277019758Z: [    0.000000] RCU: Adjusting geometry for rcu_fanout_leaf=64, nr_cpu_ids=1
[STDERR  ] 2017-11-17T18:20:27.277035009Z: [    0.000000] NR_IRQS:8448 nr_irqs:256 16
[STDERR  ] 2017-11-17T18:20:27.27704646Z: [    0.000000] Console: colour VGA+ 80x25
[STDERR  ] 2017-11-17T18:20:27.277060612Z: [    0.000000] console [ttyS0] enabled
[STDERR  ] 2017-11-17T18:20:27.277072352Z: [    0.000000] allocated 2097152 bytes of page_ext
[STDERR  ] 2017-11-17T18:20:27.277087489Z: [    0.000000] clocksource: hpet: mask: 0xffffffff max_cycles: 0xffffffff, max_idle_ns: 19112604467 ns
[STDERR  ] 2017-11-17T18:20:27.277100499Z: [    0.000000] tsc: Unable to calibrate against PIT
[STDERR  ] 2017-11-17T18:20:27.277112313Z: [    0.000000] tsc: using HPET reference calibration
[STDERR  ] 2017-11-17T18:20:27.277126069Z: [    0.000000] tsc: Detected 2300.065 MHz processor
[STDERR  ] 2017-11-17T18:20:27.277137136Z: [    0.053149] Calibrating delay loop (skipped), value calculated using timer frequency.. 4600.13 BogoMIPS (lpj=23000650)
[STDERR  ] 2017-11-17T18:20:27.277150162Z: [    0.054944] pid_max: default: 32768 minimum: 301
[STDERR  ] 2017-11-17T18:20:27.277170269Z: [    0.056293] ACPI: Core revision 20160831
[STDERR  ] 2017-11-17T18:20:27.277183571Z: [    0.161620] ACPI: 1 ACPI AML tables successfully acquired and loaded
[STDERR  ] 2017-11-17T18:20:27.277200689Z: [    0.168650] Security Framework initialized
[STDERR  ] 2017-11-17T18:20:27.277213347Z: [    0.169289] Yama: becoming mindful.
[STDERR  ] 2017-11-17T18:20:27.277225461Z: [    0.173690] Mount-cache hash table entries: 2048 (order: 2, 16384 bytes)
[STDERR  ] 2017-11-17T18:20:27.277237456Z: [    0.174523] Mountpoint-cache hash table entries: 2048 (order: 2, 16384 bytes)
[STDERR  ] 2017-11-17T18:20:27.277251788Z: [    0.219139] Last level iTLB entries: 4KB 0, 2MB 0, 4MB 0
[STDERR  ] 2017-11-17T18:20:27.277263449Z: [    0.220098] Last level dTLB entries: 4KB 0, 2MB 0, 4MB 0, 1GB 0
[STDERR  ] 2017-11-17T18:20:27.277276803Z: [    0.903164] Freeing SMP alternatives memory: 20K
[STDERR  ] 2017-11-17T18:20:27.277288918Z: [    0.922590] ftrace: allocating 35542 entries in 139 pages
[STDERR  ] 2017-11-17T18:20:27.277300664Z: [    1.255610] smpboot: Max logical packages: 1
[STDERR  ] 2017-11-17T18:20:27.277315302Z: [    1.270000] ..TIMER: vector=0x30 apic1=0 pin1=2 apic2=-1 pin2=-1
[STDERR  ] 2017-11-17T18:20:27.277326805Z: [    1.370000] smpboot: CPU0: AMD QEMU Virtual CPU version 2.5+ (family: 0x6, model: 0x6, stepping: 0x3)
[STDERR  ] 2017-11-17T18:20:27.277339779Z: [    1.370000] Performance Events: PMU not available due to virtualization, using software events only.
[STDERR  ] 2017-11-17T18:20:27.277351898Z: [    1.401390] NMI watchdog: disabled (cpu0): hardware events not enabled
[STDERR  ] 2017-11-17T18:20:27.277418047Z: [    1.401926] NMI watchdog: Shutting down hard lockup detector on all cpus
[STDERR  ] 2017-11-17T18:20:27.277433363Z: [    1.407856] x86: Booted up 1 node, 1 CPUs
[STDERR  ] 2017-11-17T18:20:27.277445086Z: [    1.408378] smpboot: Total of 1 processors activated (4600.13 BogoMIPS)
[STDERR  ] 2017-11-17T18:20:27.27745897Z: [    1.441119] devtmpfs: initialized
[STDERR  ] 2017-11-17T18:20:27.277471404Z: [    1.453012] x86/mm: Memory block size: 128MB
[STDERR  ] 2017-11-17T18:20:27.277483872Z: [    1.602940] clocksource: jiffies: mask: 0xffffffff max_cycles: 0xffffffff, max_idle_ns: 19112604462750000 ns
[STDERR  ] 2017-11-17T18:20:27.277500265Z: [    1.604116] futex hash table entries: 256 (order: 2, 16384 bytes)
[STDERR  ] 2017-11-17T18:20:27.277512928Z: [    1.615239] NET: Registered protocol family 16
[STDERR  ] 2017-11-17T18:20:27.277532591Z: [    1.632716] cpuidle: using governor ladder
[STDOUT  ] 2017-11-17T18:20:27.271662041Z: [    0.000000] BIOS-e820: [mem 0x00000000b0000000-0x00000000bfffffff] reserved
[STDOUT  ] 2017-11-17T18:20:27.277573412Z: [    0.000000] BIOS-e820: [mem 0x00000000fed1c000-0x00000000fed1ffff] reserved
[STDOUT  ] 2017-11-17T18:20:27.277588476Z: [    0.000000] BIOS-e820: [mem 0x00000000fffc0000-0x00000000ffffffff] reserved
[STDOUT  ] 2017-11-17T18:20:27.277601662Z: [    0.000000] NX (Execute Disable) protection: active
[STDOUT  ] 2017-11-17T18:20:27.277615879Z: [    0.000000] SMBIOS 2.8 present.
[STDOUT  ] 2017-11-17T18:20:27.27762822Z: [    0.000000] e820: last_pfn = 0x3ffdf max_arch_pfn = 0x400000000
[STDOUT  ] 2017-11-17T18:20:27.277643001Z: [    0.000000] x86/PAT: Configuration [0-7]: WB  WC  UC- UC  WB  WC  UC- WT  
[STDOUT  ] 2017-11-17T18:20:27.277655258Z: [    0.000000] found SMP MP-table at [mem 0x000f6aa0-0x000f6aaf] mapped at [ffff898d000f6aa0]
[STDOUT  ] 2017-11-17T18:20:27.277668984Z: [    0.000000] RAMDISK: [mem 0x3e6d3000-0x3ffcffff]
[STDOUT  ] 2017-11-17T18:20:27.277682351Z: [    0.000000] ACPI: Early table checksum verification disabled
[STDOUT  ] 2017-11-17T18:20:27.277695308Z: [    0.000000] ACPI: RSDP 0x00000000000F68C0 000014 (v00 BOCHS )
[STDOUT  ] 2017-11-17T18:20:27.277707972Z: [    0.000000] ACPI: RSDT 0x000000003FFE2404 000034 (v01 BOCHS  BXPCRSDT 00000001 BXPC 00000001)
[STDOUT  ] 2017-11-17T18:20:27.277721056Z: [    0.000000] ACPI: FACP 0x000000003FFE22A4 000074 (v01 BOCHS  BXPCFACP 00000001 BXPC 00000001)
[STDOUT  ] 2017-11-17T18:20:27.277734861Z: [    0.000000] ACPI: DSDT 0x000000003FFE0040 002264 (v01 BOCHS  BXPCDSDT 00000001 BXPC 00000001)
[STDOUT  ] 2017-11-17T18:20:27.277747319Z: [    0.000000] ACPI: FACS 0x000000003FFE0000 000040
[STDOUT  ] 2017-11-17T18:20:27.277766076Z: [    0.000000] ACPI: APIC 0x000000003FFE2318 000078 (v01 BOCHS  BXPCAPIC 00000001 BXPC 00000001)
[STDOUT  ] 2017-11-17T18:20:27.277778745Z: [    0.000000] ACPI: HPET 0x000000003FFE2390 000038 (v01 BOCHS  BXPCHPET 00000001 BXPC 00000001)
[STDOUT  ] 2017-11-17T18:20:27.277791942Z: [    0.000000] ACPI: MCFG 0x000000003FFE23C8 00003C (v01 BOCHS  BXPCMCFG 00000001 BXPC 00000001)
[STDOUT  ] 2017-11-17T18:20:27.277805518Z: [    0.000000] Zone ranges:
[STDOUT  ] 2017-11-17T18:20:27.277817867Z: [    0.000000]   DMA      [mem 0x0000000000001000-0x0000000000ffffff]
[STDOUT  ] 2017-11-17T18:20:27.277832055Z: [    0.000000]   DMA32    [mem 0x0000000001000000-0x000000003ffdefff]
[STDOUT  ] 2017-11-17T18:20:27.277845425Z: [    0.000000]   Normal   empty
[STDOUT  ] 2017-11-17T18:20:27.277858292Z: [    0.000000] Movable zone start for each node
[STDOUT  ] 2017-11-17T18:20:27.277870224Z: [    0.000000] Early memory node ranges
[STDOUT  ] 2017-11-17T18:20:27.277887927Z: [    0.000000]   node   0: [mem 0x0000000000001000-0x000000000009efff]
[STDOUT  ] 2017-11-17T18:20:27.27790097Z: [    0.000000]   node   0: [mem 0x0000000000100000-0x000000003ffdefff]
[STDOUT  ] 2017-11-17T18:20:27.27791405Z: [    0.000000] Initmem setup node 0 [mem 0x0000000000001000-0x000000003ffdefff]
[STDOUT  ] 2017-11-17T18:20:27.277927224Z: [    0.000000] ACPI: PM-Timer IO Port: 0x608
[STDOUT  ] 2017-11-17T18:20:27.277938984Z: [    0.000000] ACPI: LAPIC_NMI (acpi_id[0xff] dfl dfl lint[0x1])
[STDOUT  ] 2017-11-17T18:20:27.27795317Z: [    0.000000] IOAPIC[0]: apic_id 0, version 32, address 0xfec00000, GSI 0-23
[STDOUT  ] 2017-11-17T18:20:27.277965044Z: [    0.000000] ACPI: INT_SRC_OVR (bus 0 bus_irq 0 global_irq 2 dfl dfl)
[STDOUT  ] 2017-11-17T18:20:27.277979619Z: [    0.000000] ACPI: INT_SRC_OVR (bus 0 bus_irq 5 global_irq 5 high level)
[STDOUT  ] 2017-11-17T18:20:27.277991013Z: [    0.000000] ACPI: INT_SRC_OVR (bus 0 bus_irq 9 global_irq 9 high level)
[STDOUT  ] 2017-11-17T18:20:27.278004779Z: [    0.000000] ACPI: INT_SRC_OVR (bus 0 bus_irq 10 global_irq 10 high level)
[STDOUT  ] 2017-11-17T18:20:27.278018167Z: [    0.000000] ACPI: INT_SRC_OVR (bus 0 bus_irq 11 global_irq 11 high level)
[STDOUT  ] 2017-11-17T18:20:27.278031014Z: [    0.000000] Using ACPI (MADT) for SMP configuration information
[STDOUT  ] 2017-11-17T18:20:27.278049821Z: [    0.000000] ACPI: HPET id: 0x8086a201 base: 0xfed00000
[STDOUT  ] 2017-11-17T18:20:27.278062732Z: [    0.000000] smpboot: Allowing 1 CPUs, 0 hotplug CPUs
[STDOUT  ] 2017-11-17T18:20:27.2780767Z: [    0.000000] e820: [mem 0x40000000-0xafffffff] available for PCI devices
[STDOUT  ] 2017-11-17T18:20:27.278088819Z: [    0.000000] Booting paravirtualized kernel on bare hardware
[STDOUT  ] 2017-11-17T18:20:27.27810346Z: [    0.000000] clocksource: refined-jiffies: mask: 0xffffffff max_cycles: 0xffffffff, max_idle_ns: 19112604462750000 ns
[STDOUT  ] 2017-11-17T18:20:27.278118438Z: [    0.000000] setup_percpu: NR_CPUS:128 nr_cpumask_bits:128 nr_cpu_ids:1 nr_node_ids:1
[STDOUT  ] 2017-11-17T18:20:27.278132134Z: [    0.000000] percpu: Embedded 35 pages/cpu @ffff898d3e400000 s105112 r8192 d30056 u2097152
[STDOUT  ] 2017-11-17T18:20:27.278144673Z: [    0.000000] Built 1 zonelists in Zone order, mobility grouping on.  Total pages: 257896
[STDOUT  ] 2017-11-17T18:20:27.278158173Z: [    0.000000] Kernel command line: console=ttyS0 page_poison=1
[STDOUT  ] 2017-11-17T18:20:27.278174838Z: [    0.000000] PID hash table entries: 4096 (order: 3, 32768 bytes)
[STDOUT  ] 2017-11-17T18:20:27.27818919Z: [    0.000000] Dentry cache hash table entries: 131072 (order: 8, 1048576 bytes)
[STDOUT  ] 2017-11-17T18:20:27.278201541Z: [    0.000000] Inode-cache hash table entries: 65536 (order: 7, 524288 bytes)
[STDOUT  ] 2017-11-17T18:20:27.278217968Z: [    0.000000] Memory: 988592K/1048052K available (8049K kernel code, 1367K rwdata, 2700K rodata, 1380K init, 568K bss, 59460K reserved, 0K cma-reserved)
[STDOUT  ] 2017-11-17T18:20:27.278238801Z: [    0.000000] Hierarchical RCU implementation.
[STDOUT  ] 2017-11-17T18:20:27.278256307Z: [    0.000000] 	Build-time adjustment of leaf fanout to 64.
[STDOUT  ] 2017-11-17T18:20:27.278268485Z: [    0.000000] 	RCU restricting CPUs from NR_CPUS=128 to nr_cpu_ids=1.
[STDOUT  ] 2017-11-17T18:20:27.278281944Z: [    0.000000] RCU: Adjusting geometry for rcu_fanout_leaf=64, nr_cpu_ids=1
[STDOUT  ] 2017-11-17T18:20:27.27829833Z: [    0.000000] NR_IRQS:8448 nr_irqs:256 16
[STDOUT  ] 2017-11-17T18:20:27.278311645Z: [    0.000000] Console: colour VGA+ 80x25
[STDOUT  ] 2017-11-17T18:20:27.278323842Z: [    0.000000] console [ttyS0] enabled
[STDOUT  ] 2017-11-17T18:20:27.278335668Z: [    0.000000] allocated 2097152 bytes of page_ext
[STDOUT  ] 2017-11-17T18:20:27.278349321Z: [    0.000000] clocksource: hpet: mask: 0xffffffff max_cycles: 0xffffffff, max_idle_ns: 19112604467 ns
[STDOUT  ] 2017-11-17T18:20:27.278360972Z: [    0.000000] tsc: Unable to calibrate against PIT
[STDOUT  ] 2017-11-17T18:20:27.278375667Z: [    0.000000] tsc: using HPET reference calibration
[STDOUT  ] 2017-11-17T18:20:27.278386956Z: [    0.000000] tsc: Detected 2300.065 MHz processor
[STDOUT  ] 2017-11-17T18:20:27.278399641Z: [    0.053149] Calibrating delay loop (skipped), value calculated using timer frequency.. 4600.13 BogoMIPS (lpj=23000650)
[STDOUT  ] 2017-11-17T18:20:27.278412937Z: [    0.054944] pid_max: default: 32768 minimum: 301
[STDOUT  ] 2017-11-17T18:20:27.278424382Z: [    0.056293] ACPI: Core revision 20160831
[STDOUT  ] 2017-11-17T18:20:27.278437485Z: [    0.161620] ACPI: 1 ACPI AML tables successfully acquired and loaded
[STDOUT  ] 2017-11-17T18:20:27.278450576Z: [    0.168650] Security Framework initialized
[STDOUT  ] 2017-11-17T18:20:27.278463336Z: [    0.169289] Yama: becoming mindful.
[STDOUT  ] 2017-11-17T18:20:27.278475266Z: [    0.173690] Mount-cache hash table entries: 2048 (order: 2, 16384 bytes)
[STDOUT  ] 2017-11-17T18:20:27.278487566Z: [    0.174523] Mountpoint-cache hash table entries: 2048 (order: 2, 16384 bytes)
[STDOUT  ] 2017-11-17T18:20:27.278502162Z: [    0.219139] Last level iTLB entries: 4KB 0, 2MB 0, 4MB 0
[STDOUT  ] 2017-11-17T18:20:27.278514401Z: [    0.220098] Last level dTLB entries: 4KB 0, 2MB 0, 4MB 0, 1GB 0
[STDOUT  ] 2017-11-17T18:20:27.278528071Z: [    0.903164] Freeing SMP alternatives memory: 20K
[STDOUT  ] 2017-11-17T18:20:27.278539948Z: [    0.922590] ftrace: allocating 35542 entries in 139 pages
[STDOUT  ] 2017-11-17T18:20:27.27855779Z: [    1.255610] smpboot: Max logical packages: 1
[STDOUT  ] 2017-11-17T18:20:27.278570112Z: [    1.270000] ..TIMER: vector=0x30 apic1=0 pin1=2 apic2=-1 pin2=-1
[STDOUT  ] 2017-11-17T18:20:27.27858781Z: [    1.370000] smpboot: CPU0: AMD QEMU Virtual CPU version 2.5+ (family: 0x6, model: 0x6, stepping: 0x3)
[STDOUT  ] 2017-11-17T18:20:27.278599537Z: [    1.370000] Performance Events: PMU not available due to virtualization, using software events only.
[STDOUT  ] 2017-11-17T18:20:27.278611857Z: [    1.401390] NMI watchdog: disabled (cpu0): hardware events not enabled
[STDOUT  ] 2017-11-17T18:20:27.278626462Z: [    1.401926] NMI watchdog: Shutting down hard lockup detector on all cpus
[STDOUT  ] 2017-11-17T18:20:27.278638576Z: [    1.407856] x86: Booted up 1 node, 1 CPUs
[STDOUT  ] 2017-11-17T18:20:27.278653048Z: [    1.408378] smpboot: Total of 1 processors activated (4600.13 BogoMIPS)
[STDOUT  ] 2017-11-17T18:20:27.278665032Z: [    1.441119] devtmpfs: initialized
[STDOUT  ] 2017-11-17T18:20:27.278676811Z: [    1.453012] x86/mm: Memory block size: 128MB
[STDOUT  ] 2017-11-17T18:20:27.278690131Z: [    1.602940] clocksource: jiffies: mask: 0xffffffff max_cycles: 0xffffffff, max_idle_ns: 19112604462750000 ns
[STDOUT  ] 2017-11-17T18:20:27.278701567Z: [    1.604116] futex hash table entries: 256 (order: 2, 16384 bytes)
[STDOUT  ] 2017-11-17T18:20:27.278715692Z: [    1.615239] NET: Registered protocol family 16
[STDOUT  ] 2017-11-17T18:20:27.278727455Z: [    1.632716] cpuidle: using governor ladder
[STDOUT  ] 2017-11-17T18:20:27.278739669Z: [    1.636401] cpuidle: using governor menu
[STDOUT  ] 2017-11-17T18:20:27.278755628Z: [    1.640870] ACPI: bus type PCI registered
[STDOUT  ] 2017-11-17T18:20:27.278771479Z: [    1.650281] PCI: MMCONFIG for domain 0000 [bus 00-ff] at [mem 0xb0000000-0xbfffffff] (base 0xb0000000)
[STDOUT  ] 2017-11-17T18:20:27.278784337Z: [    1.652926] PCI: MMCONFIG at [mem 0xb0000000-0xbfffffff] reserved in E820
[STDOUT  ] 2017-11-17T18:20:27.278796885Z: [    1.654883] PCI: Using configuration type 1 for base access
[STDOUT  ] 2017-11-17T18:20:27.278808964Z: [    1.753412] HugeTLB registered 2 MB page size, pre-allocated 0 pages
[STDOUT  ] 2017-11-17T18:20:27.278820932Z: [    1.769811] ACPI: Added _OSI(Module Device)
[STDOUT  ] 2017-11-17T18:20:27.278833661Z: [    1.770100] ACPI: Added _OSI(Processor Device)
[STDOUT  ] 2017-11-17T18:20:27.278845556Z: [    1.770561] ACPI: Added _OSI(3.0 _SCP Extensions)
[STDOUT  ] 2017-11-17T18:20:27.278857373Z: [    1.771037] ACPI: Added _OSI(Processor Aggregator Device)
[STDOUT  ] 2017-11-17T18:20:27.278870082Z: [    1.946254] ACPI: Interpreter enabled
[STDOUT  ] 2017-11-17T18:20:27.278881835Z: [    1.947545] ACPI: (supports S0 S5)
[STDOUT  ] 2017-11-17T18:20:27.278894325Z: [    1.948089] ACPI: Using IOAPIC for interrupt routing
[STDOUT  ] 2017-11-17T18:20:27.278907205Z: [    1.951308] PCI: Using host bridge windows from ACPI; if necessary, use "pci=nocrs" and report a bug
[STDOUT  ] 2017-11-17T18:20:27.278919959Z: [    2.064912] ACPI: PCI Root Bridge [PCI0] (domain 0000 [bus 00-ff])
[STDOUT  ] 2017-11-17T18:20:27.278933409Z: [    2.066404] acpi PNP0A08:00: _OSC: OS supports [ExtendedConfig ASPM ClockPM Segments MSI]
[STDOUT  ] 2017-11-17T18:20:27.278945932Z: [    2.076136] acpi PNP0A08:00: _OSC: OS now controls [PCIeHotplug PME PCIeCapability]
[STDOUT  ] 2017-11-17T18:20:27.278959055Z: [    2.082443] PCI host bridge to bus 0000:00
[STDOUT  ] 2017-11-17T18:20:27.278971216Z: [    2.083106] pci_bus 0000:00: root bus resource [io  0x0000-0x0cf7 window]
[STDOUT  ] 2017-11-17T18:20:27.278994916Z: [    2.083837] pci_bus 0000:00: root bus resource [io  0x0d00-0xffff window]
[STDOUT  ] 2017-11-17T18:20:27.279007515Z: [    2.084523] pci_bus 0000:00: root bus resource [mem 0x000a0000-0x000bffff window]
[STDOUT  ] 2017-11-17T18:20:27.27902036Z: [    2.085259] pci_bus 0000:00: root bus resource [mem 0xc0000000-0xfebfffff window]
[STDOUT  ] 2017-11-17T18:20:27.27903763Z: [    2.086190] pci_bus 0000:00: root bus resource [bus 00-ff]
[STDOUT  ] 2017-11-17T18:20:27.279056477Z: [    2.255535] pci 0000:00:1f.0: quirk: [io  0x0600-0x067f] claimed by ICH6 ACPI/GPIO/TCO
[STDOUT  ] 2017-11-17T18:20:27.279068328Z: [    2.356781] ACPI: PCI Interrupt Link [LNKA] (IRQs 5 *10 11)
[STDOUT  ] 2017-11-17T18:20:27.279081186Z: [    2.360238] ACPI: PCI Interrupt Link [LNKB] (IRQs 5 *10 11)
[STDOUT  ] 2017-11-17T18:20:27.279093265Z: [    2.363044] ACPI: PCI Interrupt Link [LNKC] (IRQs 5 10 *11)
[STDOUT  ] 2017-11-17T18:20:27.279104904Z: [    2.365837] ACPI: PCI Interrupt Link [LNKD] (IRQs 5 10 *11)
[STDOUT  ] 2017-11-17T18:20:27.279118837Z: [    2.368632] ACPI: PCI Interrupt Link [LNKE] (IRQs 5 *10 11)
[STDOUT  ] 2017-11-17T18:20:27.279130552Z: [    2.371631] ACPI: PCI Interrupt Link [LNKF] (IRQs 5 *10 11)
[STDOUT  ] 2017-11-17T18:20:27.279146882Z: [    2.374554] ACPI: PCI Interrupt Link [LNKG] (IRQs 5 10 *11)
[STDOUT  ] 2017-11-17T18:20:27.279157939Z: [    2.377358] ACPI: PCI Interrupt Link [LNKH] (IRQs 5 10 *11)
[STDOUT  ] 2017-11-17T18:20:27.279169264Z: [    2.378669] ACPI: PCI Interrupt Link [GSIA] (IRQs *16)
[STDOUT  ] 2017-11-17T18:20:27.27918357Z: [    2.379705] ACPI: PCI Interrupt Link [GSIB] (IRQs *17)
[STDOUT  ] 2017-11-17T18:20:27.279194719Z: [    2.380610] ACPI: PCI Interrupt Link [GSIC] (IRQs *18)
[STDOUT  ] 2017-11-17T18:20:27.279206963Z: [    2.381603] ACPI: PCI Interrupt Link [GSID] (IRQs *19)
[STDOUT  ] 2017-11-17T18:20:27.279221962Z: [    2.382596] ACPI: PCI Interrupt Link [GSIE] (IRQs *20)
[STDOUT  ] 2017-11-17T18:20:27.279233315Z: [    2.383595] ACPI: PCI Interrupt Link [GSIF] (IRQs *21)
[STDOUT  ] 2017-11-17T18:20:27.279246007Z: [    2.384591] ACPI: PCI Interrupt Link [GSIG] (IRQs *22)
[STDOUT  ] 2017-11-17T18:20:27.279261455Z: [    2.385588] ACPI: PCI Interrupt Link [GSIH] (IRQs *23)
[STDOUT  ] 2017-11-17T18:20:27.279274115Z: [    2.391897] ACPI: Enabled 2 GPEs in block 00 to 3F
[STDOUT  ] 2017-11-17T18:20:27.279286085Z: [    2.399639] SCSI subsystem initialized
[STDOUT  ] 2017-11-17T18:20:27.279297623Z: [    2.401476] ACPI: bus type USB registered
[STDOUT  ] 2017-11-17T18:20:27.279310052Z: [    2.403247] usbcore: registered new interface driver usbfs
[STDOUT  ] 2017-11-17T18:20:27.279321506Z: [    2.404629] usbcore: registered new interface driver hub
[STDOUT  ] 2017-11-17T18:20:27.279332984Z: [    2.405838] usbcore: registered new device driver usb
[STDOUT  ] 2017-11-17T18:20:27.279346433Z: [    2.407784] pps_core: LinuxPPS API ver. 1 registered
[STDOUT  ] 2017-11-17T18:20:27.27935758Z: [    2.410065] pps_core: Software ver. 5.3.6 - Copyright 2005-2007 Rodolfo Giometti <giometti@linux.it>
[STDOUT  ] 2017-11-17T18:20:27.279370252Z: [    2.411187] PTP clock support registered
[STDOUT  ] 2017-11-17T18:20:27.279382787Z: [    2.413063] wmi: Mapper loaded
[STDOUT  ] 2017-11-17T18:20:27.2793945Z: [    2.414710] PCI: Using ACPI for IRQ routing
[STDOUT  ] 2017-11-17T18:20:27.279407913Z: [    2.447959] NetLabel: Initializing
[STDOUT  ] 2017-11-17T18:20:27.279419867Z: [    2.448352] NetLabel:  domain hash size = 128
[STDOUT  ] 2017-11-17T18:20:27.279432063Z: [    2.448799] NetLabel:  protocols = UNLABELED CIPSOv4
[STDOUT  ] 2017-11-17T18:20:27.279443295Z: [    2.452025] NetLabel:  unlabeled traffic allowed by default
[STDOUT  ] 2017-11-17T18:20:27.279455303Z: [    2.453493] HPET: 3 timers in total, 0 timers will be used for per-cpu timer
[STDOUT  ] 2017-11-17T18:20:27.279468228Z: [    2.454641] hpet0: at MMIO 0xfed00000, IRQs 2, 8, 0
[STDOUT  ] 2017-11-17T18:20:27.279481285Z: [    2.455379] hpet0: 3 comparators, 64-bit 100.000000 MHz counter
[STDOUT  ] 2017-11-17T18:20:27.279492615Z: [    2.461958] clocksource: Switched to clocksource hpet
[STDOUT  ] 2017-11-17T18:20:27.279506033Z: [    2.999488] VFS: Disk quotas dquot_6.6.0
[STDOUT  ] 2017-11-17T18:20:27.279516893Z: [    3.000788] VFS: Dquot-cache hash table entries: 512 (order 0, 4096 bytes)
[STDOUT  ] 2017-11-17T18:20:27.279528873Z: [    3.005201] FS-Cache: Loaded
[STDOUT  ] 2017-11-17T18:20:27.279543568Z: [    3.013767] CacheFiles: Loaded
[STDOUT  ] 2017-11-17T18:20:27.27955921Z: [    3.016403] pnp: PnP ACPI init
[STDOUT  ] 2017-11-17T18:20:27.279573265Z: [    3.036667] pnp: PnP ACPI: found 5 devices
[STDOUT  ] 2017-11-17T18:20:27.279583798Z: [    3.118103] clocksource: acpi_pm: mask: 0xffffff max_cycles: 0xffffff, max_idle_ns: 2085701024 ns
[STDOUT  ] 2017-11-17T18:20:27.279596729Z: [    3.122912] NET: Registered protocol family 2
[STDOUT  ] 2017-11-17T18:20:27.279610185Z: [    3.135317] TCP established hash table entries: 8192 (order: 4, 65536 bytes)
[STDOUT  ] 2017-11-17T18:20:27.27962184Z: [    3.136462] TCP bind hash table entries: 8192 (order: 5, 131072 bytes)
[STDOUT  ] 2017-11-17T18:20:27.279635667Z: [    3.137490] TCP: Hash tables configured (established 8192 bind 8192)
[STDOUT  ] 2017-11-17T18:20:27.279647989Z: [    3.140484] UDP hash table entries: 512 (order: 2, 16384 bytes)
[STDOUT  ] 2017-11-17T18:20:27.279659969Z: [    3.141344] UDP-Lite hash table entries: 512 (order: 2, 16384 bytes)
[STDOUT  ] 2017-11-17T18:20:27.279672452Z: [    3.145172] NET: Registered protocol family 1
[STDOUT  ] 2017-11-17T18:20:27.279684823Z: [    3.146674] pci 0000:00:01.0: Video device with shadowed ROM at [mem 0x000c0000-0x000dffff]
[STDOUT  ] 2017-11-17T18:20:27.279697568Z: [    3.158939] Unpacking initramfs...
[STDOUT  ] 2017-11-17T18:20:27.279710784Z: [    9.376131] Freeing initrd memory: 25588K
[STDOUT  ] 2017-11-17T18:20:27.279721726Z: [    9.416637] PCLMULQDQ-NI instructions are not detected.
[STDOUT  ] 2017-11-17T18:20:27.279734089Z: [    9.418278] AVX or AES-NI instructions are not detected.
[STDOUT  ] 2017-11-17T18:20:27.279746528Z: [    9.418727] CPU feature 'AVX registers' is not supported.
[STDOUT  ] 2017-11-17T18:20:27.279760596Z: [    9.419119] CPU feature 'AVX registers' is not supported.
[STDOUT  ] 2017-11-17T18:20:27.279778538Z: [    9.419510] CPU feature 'AVX registers' is not supported.
[STDOUT  ] 2017-11-17T18:20:27.279790094Z: [    9.419875] CPU feature 'AVX registers' is not supported.
[STDOUT  ] 2017-11-17T18:20:27.279803372Z: [    9.420646] AVX2 or AES-NI instructions are not detected.
[STDOUT  ] 2017-11-17T18:20:27.279814698Z: [    9.421128] AVX2 instructions are not detected.
[STDOUT  ] 2017-11-17T18:20:27.279825899Z: [    9.431532] audit: initializing netlink subsys (disabled)
[STDOUT  ] 2017-11-17T18:20:27.279844279Z: [    9.433900] audit: type=2000 audit(1510942785.430:1): initialized
[STDOUT  ] 2017-11-17T18:20:27.279856046Z: [    9.446238] workingset: timestamp_bits=46 max_order=18 bucket_order=0
[STDOUT  ] 2017-11-17T18:20:27.279870384Z: [    9.456964] squashfs: version 4.0 (2009/01/31) Phillip Lougher
[STDOUT  ] 2017-11-17T18:20:27.279881078Z: [    9.461028] FS-Cache: Netfs 'cifs' registered for caching
[STDOUT  ] 2017-11-17T18:20:27.279893167Z: [    9.462293] fuse init (API version 7.26)
[STDOUT  ] 2017-11-17T18:20:27.279910374Z: [    9.465781] SGI XFS with ACLs, security attributes, no debug enabled
[STDOUT  ] 2017-11-17T18:20:27.279922587Z: [    9.472434] 9p: Installing v9fs 9p2000 file system support
[STDOUT  ] 2017-11-17T18:20:27.279936122Z: [    9.472989] FS-Cache: Netfs '9p' registered for caching
[STDOUT  ] 2017-11-17T18:20:27.279947387Z: [    9.528491] NET: Registered protocol family 38
[STDOUT  ] 2017-11-17T18:20:27.279960493Z: [    9.529140] Key type asymmetric registered
[STDOUT  ] 2017-11-17T18:20:27.279974264Z: [    9.529483] Asymmetric key parser 'x509' registered
[STDOUT  ] 2017-11-17T18:20:27.27998519Z: [    9.531165] Block layer SCSI generic (bsg) driver version 0.4 loaded (major 251)
[STDOUT  ] 2017-11-17T18:20:27.279998664Z: [    9.532782] io scheduler noop registered
[STDOUT  ] 2017-11-17T18:20:27.280010858Z: [    9.533098] io scheduler deadline registered (default)
[STDOUT  ] 2017-11-17T18:20:27.280022984Z: [    9.534155] io scheduler cfq registered
[STDOUT  ] 2017-11-17T18:20:27.280034946Z: [    9.538744] pci_hotplug: PCI Hot Plug PCI Core version: 0.5
[STDOUT  ] 2017-11-17T18:20:27.280047008Z: [    9.539434] pciehp: PCI Express Hot Plug Controller Driver version: 0.4
[STDOUT  ] 2017-11-17T18:20:27.28005998Z: [    9.541347] shpchp: Standard Hot Plug PCI Controller Driver version: 0.4
[STDOUT  ] 2017-11-17T18:20:27.280078398Z: [    9.542330] hv_vmbus: registering driver hyperv_fb
[STDOUT  ] 2017-11-17T18:20:27.280090694Z: [    9.547323] input: Power Button as /devices/LNXSYSTM:00/LNXPWRBN:00/input/input0
[STDOUT  ] 2017-11-17T18:20:27.280102721Z: [    9.548786] ACPI: Power Button [PWRF]
[STDOUT  ] 2017-11-17T18:20:27.280114428Z: [    9.556939] GHES: HEST is not enabled!
[STDOUT  ] 2017-11-17T18:20:27.280126921Z: [    9.576674] ACPI: PCI Interrupt Link [GSIG] enabled at IRQ 22
[STDOUT  ] 2017-11-17T18:20:27.280138944Z: [    9.598982] ACPI: PCI Interrupt Link [GSIH] enabled at IRQ 23
[STDOUT  ] 2017-11-17T18:20:27.280151154Z: [    9.605295] xenfs: not registering filesystem on non-xen platform
[STDOUT  ] 2017-11-17T18:20:27.280163133Z: [    9.608197] Serial: 8250/16550 driver, 4 ports, IRQ sharing disabled
[STDOUT  ] 2017-11-17T18:20:27.280175532Z: [    9.641485] 00:04: ttyS0 at I/O 0x3f8 (irq = 4, base_baud = 115200) is a 16550A
[STDOUT  ] 2017-11-17T18:20:27.280187568Z: [    9.658706] Non-volatile memory driver v1.3
[STDOUT  ] 2017-11-17T18:20:27.280240586Z: [    9.668822] Hangcheck: starting hangcheck timer 0.9.1 (tick is 180 seconds, margin is 60 seconds).
[STDOUT  ] 2017-11-17T18:20:27.280256196Z: [    9.677300] random: fast init done
[STDOUT  ] 2017-11-17T18:20:27.280268869Z: [    9.678955] random: crng init done
[STDOUT  ] 2017-11-17T18:20:27.280280332Z: [    9.738023] loop: module loaded
[STDOUT  ] 2017-11-17T18:20:27.280294535Z: [    9.762500] nbd: registered device at major 43
[STDOUT  ] 2017-11-17T18:20:27.280305935Z: [    9.854183] lpc_ich 0000:00:1f.0: I/O space for GPIO uninitialized
[STDOUT  ] 2017-11-17T18:20:27.280323743Z: [    9.856677] VMware PVSCSI driver - version 1.0.7.0-k
[STDOUT  ] 2017-11-17T18:20:27.280339427Z: [    9.857588] hv_vmbus: registering driver hv_storvsc
[STDOUT  ] 2017-11-17T18:20:27.280352536Z: [    9.887701] ACPI: PCI Interrupt Link [GSIA] enabled at IRQ 16
[STDOUT  ] 2017-11-17T18:20:27.280365338Z: [    9.898160] ahci 0000:00:1f.2: AHCI 0001.0000 32 slots 6 ports 1.5 Gbps 0x3f impl SATA mode
[STDOUT  ] 2017-11-17T18:20:27.280377905Z: [    9.898904] ahci 0000:00:1f.2: flags: 64bit ncq only 
[STDOUT  ] 2017-11-17T18:20:27.280411947Z: [    9.934238] scsi host0: ahci
[STDOUT  ] 2017-11-17T18:20:27.280426629Z: [    9.940138] scsi host1: ahci
[STDOUT  ] 2017-11-17T18:20:27.280438545Z: [    9.943871] scsi host2: ahci
[STDOUT  ] 2017-11-17T18:20:27.280451975Z: [    9.947552] scsi host3: ahci
[STDOUT  ] 2017-11-17T18:20:27.280464346Z: [    9.955182] scsi host4: ahci
[STDOUT  ] 2017-11-17T18:20:27.280475956Z: [    9.958950] scsi host5: ahci
[STDOUT  ] 2017-11-17T18:20:27.280489245Z: [    9.962214] ata1: SATA max UDMA/133 abar m4096@0xfebd2000 port 0xfebd2100 irq 24
[STDOUT  ] 2017-11-17T18:20:27.280502144Z: [    9.962736] ata2: SATA max UDMA/133 abar m4096@0xfebd2000 port 0xfebd2180 irq 24
[STDOUT  ] 2017-11-17T18:20:27.280514984Z: [    9.963160] ata3: SATA max UDMA/133 abar m4096@0xfebd2000 port 0xfebd2200 irq 24
[STDOUT  ] 2017-11-17T18:20:27.280528343Z: [    9.963572] ata4: SATA max UDMA/133 abar m4096@0xfebd2000 port 0xfebd2280 irq 24
[STDOUT  ] 2017-11-17T18:20:27.280540244Z: [    9.963935] ata5: SATA max UDMA/133 abar m4096@0xfebd2000 port 0xfebd2300 irq 24
[STDOUT  ] 2017-11-17T18:20:27.280573131Z: [    9.964331] ata6: SATA max UDMA/133 abar m4096@0xfebd2000 port 0xfebd2380 irq 24
[STDOUT  ] 2017-11-17T18:20:27.280587732Z: [    9.986960] tun: Universal TUN/TAP device driver, 1.6
[STDOUT  ] 2017-11-17T18:20:27.280598676Z: [    9.987305] tun: (C) 1999-2004 Max Krasnyansky <maxk@qualcomm.com>
[STDOUT  ] 2017-11-17T18:20:27.28061067Z: [   10.004224] VMware vmxnet3 virtual NIC driver - version 1.4.a.0-k-NAPI
[STDOUT  ] 2017-11-17T18:20:27.280625138Z: [   10.005223] hv_vmbus: registering driver hv_netvsc
[STDOUT  ] 2017-11-17T18:20:27.280656988Z: [   10.005554] Fusion MPT base driver 3.04.20
[STDOUT  ] 2017-11-17T18:20:27.280670232Z: [   10.005816] Copyright (c) 1999-2008 LSI Corporation
[STDOUT  ] 2017-11-17T18:20:27.280687565Z: [   10.006453] Fusion MPT SPI Host driver 3.04.20
[STDOUT  ] 2017-11-17T18:20:27.280699238Z: [   10.009487] i8042: PNP: PS/2 Controller [PNP0303:KBD,PNP0f13:MOU] at 0x60,0x64 irq 1,12
[STDOUT  ] 2017-11-17T18:20:27.280733928Z: [   10.016301] serio: i8042 KBD port at 0x60,0x64 irq 1
[STDOUT  ] 2017-11-17T18:20:27.280747946Z: [   10.017015] serio: i8042 AUX port at 0x60,0x64 irq 12
[STDOUT  ] 2017-11-17T18:20:27.280763406Z: [   10.020912] hv_vmbus: registering driver hyperv_keyboard
[STDOUT  ] 2017-11-17T18:20:27.280775148Z: [   10.025621] mousedev: PS/2 mouse device common for all mice
[STDOUT  ] 2017-11-17T18:20:27.280788438Z: [   10.033824] input: AT Translated Set 2 keyboard as /devices/platform/i8042/serio0/input/input1
[STDOUT  ] 2017-11-17T18:20:27.280800407Z: [   10.038302] input: PC Speaker as /devices/platform/pcspkr/input/input2
[STDOUT  ] 2017-11-17T18:20:27.280825686Z: [   10.044088] rtc_cmos 00:00: RTC can wake from S4
[STDOUT  ] 2017-11-17T18:20:27.280838433Z: [   10.049901] rtc_cmos 00:00: rtc core: registered rtc_cmos as rtc0
[STDOUT  ] 2017-11-17T18:20:27.280851522Z: [   10.051862] rtc_cmos 00:00: alarms up to one day, y3k, 114 bytes nvram, hpet irqs
[STDOUT  ] 2017-11-17T18:20:27.280863175Z: [   10.052611] i2c /dev entries driver
[STDOUT  ] 2017-11-17T18:20:27.280875635Z: [   10.055301] device-mapper: ioctl: 4.35.0-ioctl (2016-06-23) initialised: dm-devel@redhat.com
[STDOUT  ] 2017-11-17T18:20:27.280909267Z: [   10.063151] usbcore: registered new interface driver usbhid
[STDOUT  ] 2017-11-17T18:20:27.280922452Z: [   10.063545] usbhid: USB HID core driver
[STDOUT  ] 2017-11-17T18:20:27.280934664Z: [   10.064222] hv_utils: Registering HyperV Utility Driver
[STDOUT  ] 2017-11-17T18:20:27.280958736Z: [   10.064566] hv_vmbus: registering driver hv_util
[STDOUT  ] 2017-11-17T18:20:27.280970753Z: [   10.064863] hv_vmbus: registering driver hv_balloon
[STDOUT  ] 2017-11-17T18:20:27.280984009Z: [   10.065424] oprofile: using NMI interrupt.
[STDOUT  ] 2017-11-17T18:20:27.280995181Z: [   10.066843] GACT probability on
[STDOUT  ] 2017-11-17T18:20:27.281007784Z: [   10.067827] Mirror/redirect action on
[STDOUT  ] 2017-11-17T18:20:27.281022993Z: [   10.069037] Simple TC action Loaded
[STDOUT  ] 2017-11-17T18:20:27.281034698Z: [   10.069754] u32 classifier
[STDOUT  ] 2017-11-17T18:20:27.281068908Z: [   10.069956]     Performance counters on
[STDOUT  ] 2017-11-17T18:20:27.281082793Z: [   10.070490]     input device check on
[STDOUT  ] 2017-11-17T18:20:27.281093991Z: [   10.070721]     Actions configured
[STDOUT  ] 2017-11-17T18:20:27.281105857Z: [   10.071520] Netfilter messages via NETLINK v0.30.
[STDOUT  ] 2017-11-17T18:20:27.281117587Z: [   10.072135] nfnl_acct: registering with nfnetlink.
[STDOUT  ] 2017-11-17T18:20:27.281129068Z: [   10.073966] nf_conntrack version 0.5.0 (8192 buckets, 32768 max)
[STDOUT  ] 2017-11-17T18:20:27.28114159Z: [   10.078930] ctnetlink v0.93: registering with nfnetlink.
[STDOUT  ] 2017-11-17T18:20:27.281153766Z: [   10.084387] nf_tables: (c) 2007-2009 Patrick McHardy <kaber@trash.net>
[STDOUT  ] 2017-11-17T18:20:27.281168973Z: [   10.086030] nf_tables_compat: (c) 2012 Pablo Neira Ayuso <pablo@netfilter.org>
[STDOUT  ] 2017-11-17T18:20:27.28118154Z: [   10.089608] xt_time: kernel timezone is -0000
[STDOUT  ] 2017-11-17T18:20:27.28119355Z: [   10.090627] ip_set: protocol 6
[STDOUT  ] 2017-11-17T18:20:27.281216944Z: [   10.091467] IPVS: Registered protocols (TCP, UDP, SCTP, AH, ESP)
[STDOUT  ] 2017-11-17T18:20:27.281243889Z: [   10.092084] IPVS: Connection hash table configured (size=4096, memory=64Kbytes)
[STDOUT  ] 2017-11-17T18:20:27.281254647Z: [   10.094622] IPVS: Creating netns size=2104 id=0
[STDOUT  ] 2017-11-17T18:20:27.281266241Z: [   10.098877] IPVS: ipvs loaded.
[STDOUT  ] 2017-11-17T18:20:27.281280146Z: [   10.099265] IPVS: [rr] scheduler registered.
[STDOUT  ] 2017-11-17T18:20:27.281291477Z: [   10.099586] IPVS: [wrr] scheduler registered.
[STDOUT  ] 2017-11-17T18:20:27.281304045Z: [   10.099859] IPVS: [lc] scheduler registered.
[STDOUT  ] 2017-11-17T18:20:27.281316561Z: [   10.100603] IPVS: [wlc] scheduler registered.
[STDOUT  ] 2017-11-17T18:20:27.281332696Z: [   10.100900] IPVS: [fo] scheduler registered.
[STDOUT  ] 2017-11-17T18:20:27.281346432Z: [   10.101185] IPVS: [ovf] scheduler registered.
[STDOUT  ] 2017-11-17T18:20:27.281357244Z: [   10.101608] IPVS: [lblc] scheduler registered.
[STDOUT  ] 2017-11-17T18:20:27.281370523Z: [   10.102040] IPVS: [lblcr] scheduler registered.
[STDOUT  ] 2017-11-17T18:20:27.28140462Z: [   10.102361] IPVS: [dh] scheduler registered.
[STDOUT  ] 2017-11-17T18:20:27.281416555Z: [   10.102642] IPVS: [sh] scheduler registered.
[STDOUT  ] 2017-11-17T18:20:27.28142912Z: [   10.102921] IPVS: [sed] scheduler registered.
[STDOUT  ] 2017-11-17T18:20:27.281441643Z: [   10.103205] IPVS: [nq] scheduler registered.
[STDOUT  ] 2017-11-17T18:20:27.281452898Z: [   10.104078] IPVS: ftp: loaded support on port[0] = 21
[STDOUT  ] 2017-11-17T18:20:27.281465739Z: [   10.105238] ipip: IPv4 and MPLS over IPv4 tunneling driver
[STDOUT  ] 2017-11-17T18:20:27.281477489Z: [   10.112335] gre: GRE over IPv4 demultiplexor driver
[STDOUT  ] 2017-11-17T18:20:27.281489105Z: [   10.116685] ip_tables: (C) 2000-2006 Netfilter Core Team
[STDOUT  ] 2017-11-17T18:20:27.281502333Z: [   10.122331] ipt_CLUSTERIP: ClusterIP Version 0.8 loaded successfully
[STDOUT  ] 2017-11-17T18:20:27.281513681Z: [   10.123246] arp_tables: arp_tables: (C) 2002 David S. Miller
[STDOUT  ] 2017-11-17T18:20:27.281526284Z: [   10.126727] NET: Registered protocol family 10
[STDOUT  ] 2017-11-17T18:20:27.281560514Z: [   10.143076] ip6_tables: (C) 2000-2006 Netfilter Core Team
[STDOUT  ] 2017-11-17T18:20:27.281574729Z: [   10.157006] NET: Registered protocol family 17
[STDOUT  ] 2017-11-17T18:20:27.28159171Z: [   10.158441] Bridge firewalling registered
[STDOUT  ] 2017-11-17T18:20:27.281604666Z: [   10.159057] Ebtables v2.0 registered
[STDOUT  ] 2017-11-17T18:20:27.281615592Z: [   10.162474] 8021q: 802.1Q VLAN Support v1.8
[STDOUT  ] 2017-11-17T18:20:27.2816281Z: [   10.164691] 9pnet: Installing 9P2000 support
[STDOUT  ] 2017-11-17T18:20:27.281640637Z: [   10.166797] Key type dns_resolver registered
[STDOUT  ] 2017-11-17T18:20:27.281652016Z: [   10.168044] microcode: AMD CPU family 0x6 not supported
[STDOUT  ] 2017-11-17T18:20:27.281665982Z: [   10.174324] registered taskstats version 1
[STDOUT  ] 2017-11-17T18:20:27.281676968Z: [   10.306801] ata3: SATA link up 1.5 Gbps (SStatus 113 SControl 300)
[STDOUT  ] 2017-11-17T18:20:27.281688583Z: [   10.311721] ata5: SATA link down (SStatus 0 SControl 300)
[STDOUT  ] 2017-11-17T18:20:27.281720247Z: [   10.313946] ata4: SATA link down (SStatus 0 SControl 300)
[STDOUT  ] 2017-11-17T18:20:27.281735134Z: [   10.314355] ata2: SATA link down (SStatus 0 SControl 300)
[STDOUT  ] 2017-11-17T18:20:27.281746349Z: [   10.314717] ata1: SATA link down (SStatus 0 SControl 300)
[STDOUT  ] 2017-11-17T18:20:27.281766951Z: [   10.315637] ata6: SATA link down (SStatus 0 SControl 300)
[STDOUT  ] 2017-11-17T18:20:27.281778699Z: [   10.323657] ata3.00: ATAPI: QEMU DVD-ROM, 2.5+, max UDMA/100
[STDOUT  ] 2017-11-17T18:20:27.281791222Z: [   10.324061] ata3.00: applying bridge limits
[STDOUT  ] 2017-11-17T18:20:27.281803149Z: [   10.326331] ata3.00: configured for UDMA/100
[STDOUT  ] 2017-11-17T18:20:27.281815098Z: [   10.407405] tsc: Refined TSC clocksource calibration: 2300.039 MHz
[STDOUT  ] 2017-11-17T18:20:27.281827458Z: [   10.408280] clocksource: tsc: mask: 0xffffffffffffffff max_cycles: 0x21275a2a673, max_idle_ns: 440795322019 ns
[STDOUT  ] 2017-11-17T18:20:27.28183922Z: [   10.411920] scsi 2:0:0:0: CD-ROM            QEMU     QEMU DVD-ROM     2.5+ PQ: 0 ANSI: 5
[STDOUT  ] 2017-11-17T18:20:27.281852459Z: [   10.448900] sr 2:0:0:0: [sr0] scsi3-mmc drive: 4x/4x cd/rw xa/form2 tray
[STDOUT  ] 2017-11-17T18:20:27.281896158Z: [   10.453071] cdrom: Uniform CD-ROM driver Revision: 3.20
[STDOUT  ] 2017-11-17T18:20:27.281912347Z: [   10.480901] sr 2:0:0:0: Attached scsi generic sg0 type 5
[STDOUT  ] 2017-11-17T18:20:27.281924341Z: [   10.620946] Key type big_key registered
[STDOUT  ] 2017-11-17T18:20:27.281945025Z: [   10.855909] Key type encrypted registered
[STDOUT  ] 2017-11-17T18:20:27.281958633Z: [   10.862974] rtc_cmos 00:00: setting system clock to 2017-11-17 18:19:48 UTC (1510942788)
[STDOUT  ] 2017-11-17T18:20:27.281970902Z: [   11.125997] Freeing unused kernel memory: 1380K
[STDOUT  ] 2017-11-17T18:20:27.281982223Z: [   11.126441] Write protecting the kernel read-only data: 12288k
[STDOUT  ] 2017-11-17T18:20:27.28199519Z: [   11.138051] Freeing unused kernel memory: 128K
[STDOUT  ] 2017-11-17T18:20:27.282007041Z: [   11.336118] Freeing unused kernel memory: 1396K
[STDOUT  ] 2017-11-17T18:20:27.282018467Z: [   11.421931] clocksource: Switched to clocksource tsc
[STDOUT  ] 2017-11-17T18:20:27.282052741Z: 
[STDOUT  ] 2017-11-17T18:20:27.282066077Z: Welcome to LinuxKit
[STDOUT  ] 2017-11-17T18:20:27.282077215Z: 
[STDOUT  ] 2017-11-17T18:20:27.282089918Z:                         ##         .
[STDOUT  ] 2017-11-17T18:20:27.282103095Z:                   ## ## ##        ==
[STDOUT  ] 2017-11-17T18:20:27.282115062Z:                ## ## ## ## ##    ===
[STDOUT  ] 2017-11-17T18:20:27.282128158Z:            /"""""""""""""""""\___/ ===
[STDOUT  ] 2017-11-17T18:20:27.282139771Z:           {                       /  ===-
[STDOUT  ] 2017-11-17T18:20:27.282151695Z:            \______ O           __/
[STDOUT  ] 2017-11-17T18:20:27.282166215Z:              \    \         __/
[STDOUT  ] 2017-11-17T18:20:27.282177876Z:               \____\_______/
[STDOUT  ] 2017-11-17T18:20:27.282208469Z: 
[STDOUT  ] 2017-11-17T18:20:27.282223127Z: [   32.672944] 8021q: adding VLAN 0 to HW filter on device eth0
[STDOUT  ] 2017-11-17T18:20:27.282239031Z: eth0: waiting for carrier
[STDOUT  ] 2017-11-17T18:20:27.282257765Z: eth0: carrier acquired
[STDOUT  ] 2017-11-17T18:20:27.282269132Z: DUID 00:01:00:01:21:a1:e4:d9:e2:ba:9a:78:f6:a3
[STDOUT  ] 2017-11-17T18:20:27.282280926Z: eth0: IAID 9a:78:f6:a3
[STDOUT  ] 2017-11-17T18:20:27.282295518Z: eth0: adding address fe80::2808:a88f:2e0c:42db
[STDOUT  ] 2017-11-17T18:20:27.282306438Z: eth0: soliciting an IPv6 router
[STDOUT  ] 2017-11-17T18:20:27.282319437Z: eth0: soliciting a DHCP lease
[STDOUT  ] 2017-11-17T18:20:27.282331466Z: eth0: offered 10.0.2.15 from 10.0.2.2
[STDOUT  ] 2017-11-17T18:20:27.28234288Z: eth0: leased 10.0.2.15 for 86400 seconds
[STDOUT  ] 2017-11-17T18:20:27.282373374Z: eth0: adding route to 10.0.2.0/24
[STDOUT  ] 2017-11-17T18:20:27.282388915Z: eth0: adding default route via 10.0.2.2
[STDOUT  ] 2017-11-17T18:20:27.28240329Z: exiting due to oneshot
[STDOUT  ] 2017-11-17T18:20:27.282415715Z: dhcpcd exited
[STDOUT  ] 2017-11-17T18:20:27.282428711Z: dhcpcd test suite PASSED
[STDOUT  ] 2017-11-17T18:20:27.282440832Z: [   49.289078] ACPI: Preparing to enter system sleep state S5
[STDOUT  ] 2017-11-17T18:20:27.282454539Z: [   49.291503] reboot: Power down
[STDERR  ] 2017-11-17T18:20:27.277545248Z: [    1.636401] cpuidle: using governor menu
[STDERR  ] 2017-11-17T18:20:27.282483294Z: [    1.640870] ACPI: bus type PCI registered
[STDERR  ] 2017-11-17T18:20:27.282496423Z: [    1.650281] PCI: MMCONFIG for domain 0000 [bus 00-ff] at [mem 0xb0000000-0xbfffffff] (base 0xb0000000)
[STDERR  ] 2017-11-17T18:20:27.282508302Z: [    1.652926] PCI: MMCONFIG at [mem 0xb0000000-0xbfffffff] reserved in E820
[STDERR  ] 2017-11-17T18:20:27.282541588Z: [    1.654883] PCI: Using configuration type 1 for base access
[STDERR  ] 2017-11-17T18:20:27.282555462Z: [    1.753412] HugeTLB registered 2 MB page size, pre-allocated 0 pages
[STDERR  ] 2017-11-17T18:20:27.282567861Z: [    1.769811] ACPI: Added _OSI(Module Device)
[STDERR  ] 2017-11-17T18:20:27.282580716Z: [    1.770100] ACPI: Added _OSI(Processor Device)
[STDERR  ] 2017-11-17T18:20:27.282593513Z: [    1.770561] ACPI: Added _OSI(3.0 _SCP Extensions)
[STDERR  ] 2017-11-17T18:20:27.28260946Z: [    1.771037] ACPI: Added _OSI(Processor Aggregator Device)
[STDERR  ] 2017-11-17T18:20:27.282623137Z: [    1.946254] ACPI: Interpreter enabled
[STDERR  ] 2017-11-17T18:20:27.28263408Z: [    1.947545] ACPI: (supports S0 S5)
[STDERR  ] 2017-11-17T18:20:27.282646841Z: [    1.948089] ACPI: Using IOAPIC for interrupt routing
[STDERR  ] 2017-11-17T18:20:27.282667446Z: [    1.951308] PCI: Using host bridge windows from ACPI; if necessary, use "pci=nocrs" and report a bug
[STDERR  ] 2017-11-17T18:20:27.282695144Z: [    2.064912] ACPI: PCI Root Bridge [PCI0] (domain 0000 [bus 00-ff])
[STDERR  ] 2017-11-17T18:20:27.282907085Z: [    2.066404] acpi PNP0A08:00: _OSC: OS supports [ExtendedConfig ASPM ClockPM Segments MSI]
[STDERR  ] 2017-11-17T18:20:27.282919357Z: [    2.076136] acpi PNP0A08:00: _OSC: OS now controls [PCIeHotplug PME PCIeCapability]
[STDERR  ] 2017-11-17T18:20:27.282932534Z: [    2.082443] PCI host bridge to bus 0000:00
[STDERR  ] 2017-11-17T18:20:27.282945701Z: [    2.083106] pci_bus 0000:00: root bus resource [io  0x0000-0x0cf7 window]
[STDERR  ] 2017-11-17T18:20:27.282958485Z: [    2.083837] pci_bus 0000:00: root bus resource [io  0x0d00-0xffff window]
[STDERR  ] 2017-11-17T18:20:27.282972895Z: [    2.084523] pci_bus 0000:00: root bus resource [mem 0x000a0000-0x000bffff window]
[STDERR  ] 2017-11-17T18:20:27.28298443Z: [    2.085259] pci_bus 0000:00: root bus resource [mem 0xc0000000-0xfebfffff window]
[STDERR  ] 2017-11-17T18:20:27.282996556Z: [    2.086190] pci_bus 0000:00: root bus resource [bus 00-ff]
[STDERR  ] 2017-11-17T18:20:27.283010357Z: [    2.255535] pci 0000:00:1f.0: quirk: [io  0x0600-0x067f] claimed by ICH6 ACPI/GPIO/TCO
[STDERR  ] 2017-11-17T18:20:27.283022114Z: [    2.356781] ACPI: PCI Interrupt Link [LNKA] (IRQs 5 *10 11)
[STDERR  ] 2017-11-17T18:20:27.283234289Z: [    2.360238] ACPI: PCI Interrupt Link [LNKB] (IRQs 5 *10 11)
[STDERR  ] 2017-11-17T18:20:27.283247377Z: [    2.363044] ACPI: PCI Interrupt Link [LNKC] (IRQs 5 10 *11)
[STDERR  ] 2017-11-17T18:20:27.283266848Z: [    2.365837] ACPI: PCI Interrupt Link [LNKD] (IRQs 5 10 *11)
[STDERR  ] 2017-11-17T18:20:27.283278427Z: [    2.368632] ACPI: PCI Interrupt Link [LNKE] (IRQs 5 *10 11)
[STDERR  ] 2017-11-17T18:20:27.283291065Z: [    2.371631] ACPI: PCI Interrupt Link [LNKF] (IRQs 5 *10 11)
[STDERR  ] 2017-11-17T18:20:27.2833027Z: [    2.374554] ACPI: PCI Interrupt Link [LNKG] (IRQs 5 10 *11)
[STDERR  ] 2017-11-17T18:20:27.283315187Z: [    2.377358] ACPI: PCI Interrupt Link [LNKH] (IRQs 5 10 *11)
[STDERR  ] 2017-11-17T18:20:27.283328119Z: [    2.378669] ACPI: PCI Interrupt Link [GSIA] (IRQs *16)
[STDERR  ] 2017-11-17T18:20:27.283339616Z: [    2.379705] ACPI: PCI Interrupt Link [GSIB] (IRQs *17)
[STDERR  ] 2017-11-17T18:20:27.283357065Z: [    2.380610] ACPI: PCI Interrupt Link [GSIC] (IRQs *18)
[STDERR  ] 2017-11-17T18:20:27.283567962Z: [    2.381603] ACPI: PCI Interrupt Link [GSID] (IRQs *19)
[STDERR  ] 2017-11-17T18:20:27.283582213Z: [    2.382596] ACPI: PCI Interrupt Link [GSIE] (IRQs *20)
[STDERR  ] 2017-11-17T18:20:27.283672084Z: [    2.383595] ACPI: PCI Interrupt Link [GSIF] (IRQs *21)
[STDERR  ] 2017-11-17T18:20:27.283799841Z: [    2.384591] ACPI: PCI Interrupt Link [GSIG] (IRQs *22)
[STDERR  ] 2017-11-17T18:20:27.283820567Z: [    2.385588] ACPI: PCI Interrupt Link [GSIH] (IRQs *23)
[STDERR  ] 2017-11-17T18:20:27.28383301Z: [    2.391897] ACPI: Enabled 2 GPEs in block 00 to 3F
[STDERR  ] 2017-11-17T18:20:27.283844769Z: [    2.399639] SCSI subsystem initialized
[STDERR  ] 2017-11-17T18:20:27.28386774Z: [    2.401476] ACPI: bus type USB registered
[STDERR  ] 2017-11-17T18:20:27.283986104Z: [    2.403247] usbcore: registered new interface driver usbfs
[STDERR  ] 2017-11-17T18:20:27.283999158Z: [    2.404629] usbcore: registered new interface driver hub
[STDERR  ] 2017-11-17T18:20:27.284014275Z: [    2.405838] usbcore: registered new device driver usb
[STDERR  ] 2017-11-17T18:20:27.284124315Z: [    2.407784] pps_core: LinuxPPS API ver. 1 registered
[STDERR  ] 2017-11-17T18:20:27.28414095Z: [    2.410065] pps_core: Software ver. 5.3.6 - Copyright 2005-2007 Rodolfo Giometti <giometti@linux.it>
[STDERR  ] 2017-11-17T18:20:27.284153617Z: [    2.411187] PTP clock support registered
[STDERR  ] 2017-11-17T18:20:27.28417042Z: [    2.413063] wmi: Mapper loaded
[STDERR  ] 2017-11-17T18:20:27.284184197Z: [    2.414710] PCI: Using ACPI for IRQ routing
[STDERR  ] 2017-11-17T18:20:27.284399686Z: [    2.447959] NetLabel: Initializing
[STDERR  ] 2017-11-17T18:20:27.284421605Z: [    2.448352] NetLabel:  domain hash size = 128
[STDERR  ] 2017-11-17T18:20:27.284434429Z: [    2.448799] NetLabel:  protocols = UNLABELED CIPSOv4
[STDERR  ] 2017-11-17T18:20:27.284447118Z: [    2.452025] NetLabel:  unlabeled traffic allowed by default
[STDERR  ] 2017-11-17T18:20:27.28446136Z: [    2.453493] HPET: 3 timers in total, 0 timers will be used for per-cpu timer
[STDERR  ] 2017-11-17T18:20:27.284474304Z: [    2.454641] hpet0: at MMIO 0xfed00000, IRQs 2, 8, 0
[STDERR  ] 2017-11-17T18:20:27.284485559Z: [    2.455379] hpet0: 3 comparators, 64-bit 100.000000 MHz counter
[STDERR  ] 2017-11-17T18:20:27.284498321Z: [    2.461958] clocksource: Switched to clocksource hpet
[STDERR  ] 2017-11-17T18:20:27.284510581Z: [    2.999488] VFS: Disk quotas dquot_6.6.0
[STDERR  ] 2017-11-17T18:20:27.28452221Z: [    3.000788] VFS: Dquot-cache hash table entries: 512 (order 0, 4096 bytes)
[STDERR  ] 2017-11-17T18:20:27.284803999Z: [    3.005201] FS-Cache: Loaded
[STDERR  ] 2017-11-17T18:20:27.284817527Z: [    3.013767] CacheFiles: Loaded
[STDERR  ] 2017-11-17T18:20:27.284830059Z: [    3.016403] pnp: PnP ACPI init
[STDERR  ] 2017-11-17T18:20:27.284843076Z: [    3.036667] pnp: PnP ACPI: found 5 devices
[STDERR  ] 2017-11-17T18:20:27.284855431Z: [    3.118103] clocksource: acpi_pm: mask: 0xffffff max_cycles: 0xffffff, max_idle_ns: 2085701024 ns
[STDERR  ] 2017-11-17T18:20:27.284972633Z: [    3.122912] NET: Registered protocol family 2
[STDERR  ] 2017-11-17T18:20:27.28498479Z: [    3.135317] TCP established hash table entries: 8192 (order: 4, 65536 bytes)
[STDERR  ] 2017-11-17T18:20:27.28500532Z: [    3.136462] TCP bind hash table entries: 8192 (order: 5, 131072 bytes)
[STDERR  ] 2017-11-17T18:20:27.285018031Z: [    3.137490] TCP: Hash tables configured (established 8192 bind 8192)
[STDERR  ] 2017-11-17T18:20:27.285235463Z: [    3.140484] UDP hash table entries: 512 (order: 2, 16384 bytes)
[STDERR  ] 2017-11-17T18:20:27.28525167Z: [    3.141344] UDP-Lite hash table entries: 512 (order: 2, 16384 bytes)
[STDERR  ] 2017-11-17T18:20:27.28526401Z: [    3.145172] NET: Registered protocol family 1
[STDERR  ] 2017-11-17T18:20:27.28527637Z: [    3.146674] pci 0000:00:01.0: Video device with shadowed ROM at [mem 0x000c0000-0x000dffff]
[STDERR  ] 2017-11-17T18:20:27.285290292Z: [    3.158939] Unpacking initramfs...
[STDERR  ] 2017-11-17T18:20:27.285301766Z: [    9.376131] Freeing initrd memory: 25588K
[STDERR  ] 2017-11-17T18:20:27.28531388Z: [    9.416637] PCLMULQDQ-NI instructions are not detected.
[STDERR  ] 2017-11-17T18:20:27.285326864Z: [    9.418278] AVX or AES-NI instructions are not detected.
[STDERR  ] 2017-11-17T18:20:27.285339843Z: [    9.418727] CPU feature 'AVX registers' is not supported.
[STDERR  ] 2017-11-17T18:20:27.285352502Z: [    9.419119] CPU feature 'AVX registers' is not supported.
[STDERR  ] 2017-11-17T18:20:27.285618532Z: [    9.419510] CPU feature 'AVX registers' is not supported.
[STDERR  ] 2017-11-17T18:20:27.28563478Z: [    9.419875] CPU feature 'AVX registers' is not supported.
[STDERR  ] 2017-11-17T18:20:27.285646538Z: [    9.420646] AVX2 or AES-NI instructions are not detected.
[STDERR  ] 2017-11-17T18:20:27.285659028Z: [    9.421128] AVX2 instructions are not detected.
[STDERR  ] 2017-11-17T18:20:27.285672265Z: [    9.431532] audit: initializing netlink subsys (disabled)
[STDERR  ] 2017-11-17T18:20:27.28568384Z: [    9.433900] audit: type=2000 audit(1510942785.430:1): initialized
[STDERR  ] 2017-11-17T18:20:27.28589415Z: [    9.446238] workingset: timestamp_bits=46 max_order=18 bucket_order=0
[STDERR  ] 2017-11-17T18:20:27.285910954Z: [    9.456964] squashfs: version 4.0 (2009/01/31) Phillip Lougher
[STDERR  ] 2017-11-17T18:20:27.28592495Z: [    9.461028] FS-Cache: Netfs 'cifs' registered for caching
[STDERR  ] 2017-11-17T18:20:27.285936153Z: [    9.462293] fuse init (API version 7.26)
[STDERR  ] 2017-11-17T18:20:27.285947611Z: [    9.465781] SGI XFS with ACLs, security attributes, no debug enabled
[STDERR  ] 2017-11-17T18:20:27.285961153Z: [    9.472434] 9p: Installing v9fs 9p2000 file system support
[STDERR  ] 2017-11-17T18:20:27.285978709Z: [    9.472989] FS-Cache: Netfs '9p' registered for caching
[STDERR  ] 2017-11-17T18:20:27.285991681Z: [    9.528491] NET: Registered protocol family 38
[STDERR  ] 2017-11-17T18:20:27.28600299Z: [    9.529140] Key type asymmetric registered
[STDERR  ] 2017-11-17T18:20:27.286015179Z: [    9.529483] Asymmetric key parser 'x509' registered
[STDERR  ] 2017-11-17T18:20:27.286427356Z: [    9.531165] Block layer SCSI generic (bsg) driver version 0.4 loaded (major 251)
[STDERR  ] 2017-11-17T18:20:27.286445368Z: [    9.532782] io scheduler noop registered
[STDERR  ] 2017-11-17T18:20:27.286462087Z: [    9.533098] io scheduler deadline registered (default)
[STDERR  ] 2017-11-17T18:20:27.286475788Z: [    9.534155] io scheduler cfq registered
[STDERR  ] 2017-11-17T18:20:27.286487402Z: [    9.538744] pci_hotplug: PCI Hot Plug PCI Core version: 0.5
[STDERR  ] 2017-11-17T18:20:27.286501125Z: [    9.539434] pciehp: PCI Express Hot Plug Controller Driver version: 0.4
[STDERR  ] 2017-11-17T18:20:27.286512216Z: [    9.541347] shpchp: Standard Hot Plug PCI Controller Driver version: 0.4
[STDERR  ] 2017-11-17T18:20:27.286548505Z: [    9.542330] hv_vmbus: registering driver hyperv_fb
[STDERR  ] 2017-11-17T18:20:27.286561573Z: [    9.547323] input: Power Button as /devices/LNXSYSTM:00/LNXPWRBN:00/input/input0
[STDERR  ] 2017-11-17T18:20:27.286707343Z: [    9.548786] ACPI: Power Button [PWRF]
[STDERR  ] 2017-11-17T18:20:27.286730901Z: [    9.556939] GHES: HEST is not enabled!
[STDERR  ] 2017-11-17T18:20:27.286742125Z: [    9.576674] ACPI: PCI Interrupt Link [GSIG] enabled at IRQ 22
[STDERR  ] 2017-11-17T18:20:27.286761929Z: [    9.598982] ACPI: PCI Interrupt Link [GSIH] enabled at IRQ 23
[STDERR  ] 2017-11-17T18:20:27.286773972Z: [    9.605295] xenfs: not registering filesystem on non-xen platform
[STDERR  ] 2017-11-17T18:20:27.286786312Z: [    9.608197] Serial: 8250/16550 driver, 4 ports, IRQ sharing disabled
[STDERR  ] 2017-11-17T18:20:27.286798386Z: [    9.641485] 00:04: ttyS0 at I/O 0x3f8 (irq = 4, base_baud = 115200) is a 16550A
[STDERR  ] 2017-11-17T18:20:27.28680991Z: [    9.658706] Non-volatile memory driver v1.3
[STDERR  ] 2017-11-17T18:20:27.286823812Z: [    9.668822] Hangcheck: starting hangcheck timer 0.9.1 (tick is 180 seconds, margin is 60 seconds).
[STDERR  ] 2017-11-17T18:20:27.286835125Z: [    9.677300] random: fast init done
[STDERR  ] 2017-11-17T18:20:27.286848254Z: [    9.678955] random: crng init done
[STDERR  ] 2017-11-17T18:20:27.287074394Z: [    9.738023] loop: module loaded
[STDERR  ] 2017-11-17T18:20:27.287087208Z: [    9.762500] nbd: registered device at major 43
[STDERR  ] 2017-11-17T18:20:27.287100557Z: [    9.854183] lpc_ich 0000:00:1f.0: I/O space for GPIO uninitialized
[STDERR  ] 2017-11-17T18:20:27.287113007Z: [    9.856677] VMware PVSCSI driver - version 1.0.7.0-k
[STDERR  ] 2017-11-17T18:20:27.287124879Z: [    9.857588] hv_vmbus: registering driver hv_storvsc
[STDERR  ] 2017-11-17T18:20:27.287136803Z: [    9.887701] ACPI: PCI Interrupt Link [GSIA] enabled at IRQ 16
[STDERR  ] 2017-11-17T18:20:27.287148185Z: [    9.898160] ahci 0000:00:1f.2: AHCI 0001.0000 32 slots 6 ports 1.5 Gbps 0x3f impl SATA mode
