[INFO    ] 2017-11-07T11:16:06.784383957Z: Running Test linuxkit.packages.format_mount.btrfs in /tmp/build/test/cases/040_packages/006_format_mount/003_btrfs
[INFO    ] 2017-11-07T11:16:06.78448791Z: Running command: [/bin/sh -x /tmp/build/test/cases/040_packages/006_format_mount/003_btrfs/test.sh]
[STDERR  ] 2017-11-07T11:16:06.838462612Z: + set -e
[STDERR  ] 2017-11-07T11:16:06.838536841Z: + . /tmp/build/test/cases/_lib/lib.sh
[STDERR  ] 2017-11-07T11:16:06.838549793Z: + [ -f src/github.com/linuxkit/rtf/lib/lib.sh ]
[STDERR  ] 2017-11-07T11:16:06.838559195Z: + LINUXKIT_TMPDIR=/tmp/build/test/cases/_tmp
[STDERR  ] 2017-11-07T11:16:06.838567861Z: + [ -f /tmp/build/test/cases/_tmp/env.sh ]
[STDERR  ] 2017-11-07T11:16:06.838576244Z: + . /tmp/build/test/cases/_tmp/env.sh
[STDERR  ] 2017-11-07T11:16:06.838592658Z: + export LINUXKIT_EXAMPLES_DIR=/tmp/build/test/cases/../../examples
[STDERR  ] 2017-11-07T11:16:06.83860297Z: + export LINUXKIT_BLUEPRINTS_DIR=/tmp/build/test/cases/../../blueprints
[STDERR  ] 2017-11-07T11:16:06.83861206Z: + RT_CANCEL=253
[STDERR  ] 2017-11-07T11:16:06.838623295Z: + NAME=test-format
[STDERR  ] 2017-11-07T11:16:06.838631938Z: + DISK=disk.img
[STDERR  ] 2017-11-07T11:16:06.83864185Z: + trap clean_up EXIT
[STDERR  ] 2017-11-07T11:16:06.838650252Z: + moby build -format kernel+initrd -name test-format test.yml
[STDERR  ] 2017-11-07T11:16:06.854373524Z: Extract kernel image: linuxkit/kernel:4.9.60
[STDERR  ] 2017-11-07T11:16:08.776240251Z: Add init containers:
[STDERR  ] 2017-11-07T11:16:08.776297099Z: Process init image: linuxkit/init:42a92119e1ca10380e0d33e26c0cbcf85b9b3558
[STDERR  ] 2017-11-07T11:16:10.160888466Z: Process init image: linuxkit/runc:817fdc592eac6cb7804fa1721a43a7f6e23fb50f
[STDERR  ] 2017-11-07T11:16:11.408845544Z: Add onboot containers:
[STDERR  ] 2017-11-07T11:16:11.408897014Z:   Create OCI config for linuxkit/modprobe:2d153653d1111877a8f53704ef85063a44182ade
[STDERR  ] 2017-11-07T11:16:12.511378746Z: time="2017-11-07T11:16:12Z" level=warning msg="certificate with CN Moby CI is near expiry" 
[STDERR  ] 2017-11-07T11:16:12.511671262Z: time="2017-11-07T11:16:12Z" level=warning msg="certificate with CN Rolf Neugebauer is near expiry" 
[STDERR  ] 2017-11-07T11:16:12.513065911Z: time="2017-11-07T11:16:12Z" level=warning msg="certificate with CN Rolf Neugebauer is near expiry" 
[STDERR  ] 2017-11-07T11:16:12.662769305Z:   Create OCI config for linuxkit/format:10e75e78e1f134d310c62e9a0352df1c67b0dd81
[STDERR  ] 2017-11-07T11:16:13.781615388Z: time="2017-11-07T11:16:13Z" level=warning msg="certificate with CN Rolf Neugebauer is near expiry" 
[STDERR  ] 2017-11-07T11:16:13.784107599Z: time="2017-11-07T11:16:13Z" level=warning msg="certificate with CN Rolf Neugebauer is near expiry" 
[STDERR  ] 2017-11-07T11:16:14.112414729Z:   Create OCI config for linuxkit/mount:41685ecc8039643948e5dff46e17584753469a7a
[STDERR  ] 2017-11-07T11:16:15.21194303Z: time="2017-11-07T11:16:15Z" level=warning msg="certificate with CN Rolf Neugebauer is near expiry" 
[STDERR  ] 2017-11-07T11:16:15.214337665Z: time="2017-11-07T11:16:15Z" level=warning msg="certificate with CN Rolf Neugebauer is near expiry" 
[STDERR  ] 2017-11-07T11:16:15.37185573Z:   Create OCI config for alpine:3.6
[STDERR  ] 2017-11-07T11:16:16.595727364Z:   Create OCI config for linuxkit/poweroff:280bd01daa8776fbe1f4d912977f1886b8374834
[STDERR  ] 2017-11-07T11:16:17.655919204Z: time="2017-11-07T11:16:17Z" level=warning msg="certificate with CN Rolf Neugebauer is near expiry" 
[STDERR  ] 2017-11-07T11:16:17.657652934Z: time="2017-11-07T11:16:17Z" level=warning msg="certificate with CN Rolf Neugebauer is near expiry" 
[STDERR  ] 2017-11-07T11:16:17.831923207Z: Add files:
[STDERR  ] 2017-11-07T11:16:17.831974694Z:   check.sh
[STDERR  ] 2017-11-07T11:16:17.856167013Z: Create outputs:
[STDERR  ] 2017-11-07T11:16:23.119262143Z:   test-format-kernel test-format-initrd.img test-format-cmdline
[STDERR  ] 2017-11-07T11:16:23.184883079Z: + linuxkit run -disk file=disk.img,size=512M test-format
[STDERR  ] 2017-11-07T11:16:23.205525237Z: Unable to find qemu-system-x86_64 within the $PATH. Using a container
[STDERR  ] 2017-11-07T11:17:07.293034553Z: main-loop: WARNING: I/O thread spun for 1000 iterations
[STDERR  ] 2017-11-07T11:17:07.679763187Z: + RESULT=[    0.000000] Linux version 4.9.60-linuxkit (root@82cddbd9179e) (gcc version 6.3.0 (Alpine 6.3.0) ) #1 SMP Thu Nov 2 16:36:48 UTC 2017
[STDERR  ] 2017-11-07T11:17:07.679822858Z: [    0.000000] Command line: console=ttyS0
[STDERR  ] 2017-11-07T11:17:07.679834379Z: [    0.000000] x86/fpu: Legacy x87 FPU detected.
[STDERR  ] 2017-11-07T11:17:07.679844429Z: [    0.000000] x86/fpu: Using 'eager' FPU context switches.
[STDERR  ] 2017-11-07T11:17:07.679854497Z: [    0.000000] e820: BIOS-provided physical RAM map:
[STDERR  ] 2017-11-07T11:17:07.679886994Z: [    0.000000] BIOS-e820: [mem 0x0000000000000000-0x000000000009fbff] usable
[STDERR  ] 2017-11-07T11:17:07.679897237Z: [    0.000000] BIOS-e820: [mem 0x000000000009fc00-0x000000000009ffff] reserved
[STDERR  ] 2017-11-07T11:17:07.679906904Z: [    0.000000] BIOS-e820: [mem 0x00000000000f0000-0x00000000000fffff] reserved
[STDERR  ] 2017-11-07T11:17:07.679916277Z: [    0.000000] BIOS-e820: [mem 0x0000000000100000-0x000000003ffdefff] usable
[STDERR  ] 2017-11-07T11:17:07.679925765Z: [    0.000000] BIOS-e820: [mem 0x000000003ffdf000-0x000000003fffffff] reserved
[STDERR  ] 2017-11-07T11:17:07.67993527Z: [    0.000000] BIOS-e820: [mem 0x00000000b0000000-0x00000000bfffffff] reserved
[STDERR  ] 2017-11-07T11:17:07.679944408Z: [    0.000000] BIOS-e820: [mem 0x00000000fed1c000-0x00000000fed1ffff] reserved
[STDERR  ] 2017-11-07T11:17:07.679952994Z: [    0.000000] BIOS-e820: [mem 0x00000000fffc0000-0x00000000ffffffff] reserved
[STDERR  ] 2017-11-07T11:17:07.679961814Z: [    0.000000] NX (Execute Disable) protection: active
[STDERR  ] 2017-11-07T11:17:07.679970532Z: [    0.000000] SMBIOS 2.8 present.
[STDERR  ] 2017-11-07T11:17:07.679979109Z: [    0.000000] e820: last_pfn = 0x3ffdf max_arch_pfn = 0x400000000
[STDERR  ] 2017-11-07T11:17:07.679987772Z: [    0.000000] x86/PAT: Configuration [0-7]: WB  WC  UC- UC  WB  WC  UC- WT  
[STDERR  ] 2017-11-07T11:17:07.679997029Z: [    0.000000] found SMP MP-table at [mem 0x000f6aa0-0x000f6aaf] mapped at [ffff8b17400f6aa0]
[STDERR  ] 2017-11-07T11:17:07.680020565Z: [    0.000000] RAMDISK: [mem 0x3df69000-0x3ffcffff]
[STDERR  ] 2017-11-07T11:17:07.680029603Z: [    0.000000] ACPI: Early table checksum verification disabled
[STDERR  ] 2017-11-07T11:17:07.680038212Z: [    0.000000] ACPI: RSDP 0x00000000000F68C0 000014 (v00 BOCHS )
[STDERR  ] 2017-11-07T11:17:07.680047856Z: [    0.000000] ACPI: RSDT 0x000000003FFE2404 000034 (v01 BOCHS  BXPCRSDT 00000001 BXPC 00000001)
[STDERR  ] 2017-11-07T11:17:07.680057394Z: [    0.000000] ACPI: FACP 0x000000003FFE22A4 000074 (v01 BOCHS  BXPCFACP 00000001 BXPC 00000001)
[STDERR  ] 2017-11-07T11:17:07.680066265Z: [    0.000000] ACPI: DSDT 0x000000003FFE0040 002264 (v01 BOCHS  BXPCDSDT 00000001 BXPC 00000001)
[STDERR  ] 2017-11-07T11:17:07.680075003Z: [    0.000000] ACPI: FACS 0x000000003FFE0000 000040
[STDERR  ] 2017-11-07T11:17:07.680083737Z: [    0.000000] ACPI: APIC 0x000000003FFE2318 000078 (v01 BOCHS  BXPCAPIC 00000001 BXPC 00000001)
[STDERR  ] 2017-11-07T11:17:07.680092931Z: [    0.000000] ACPI: HPET 0x000000003FFE2390 000038 (v01 BOCHS  BXPCHPET 00000001 BXPC 00000001)
[STDERR  ] 2017-11-07T11:17:07.680102711Z: [    0.000000] ACPI: MCFG 0x000000003FFE23C8 00003C (v01 BOCHS  BXPCMCFG 00000001 BXPC 00000001)
[STDERR  ] 2017-11-07T11:17:07.680112351Z: [    0.000000] Zone ranges:
[STDERR  ] 2017-11-07T11:17:07.680122086Z: [    0.000000]   DMA      [mem 0x0000000000001000-0x0000000000ffffff]
[STDERR  ] 2017-11-07T11:17:07.680131361Z: [    0.000000]   DMA32    [mem 0x0000000001000000-0x000000003ffdefff]
[STDERR  ] 2017-11-07T11:17:07.680140562Z: [    0.000000]   Normal   empty
[STDERR  ] 2017-11-07T11:17:07.680149731Z: [    0.000000] Movable zone start for each node
[STDERR  ] 2017-11-07T11:17:07.680158897Z: [    0.000000] Early memory node ranges
[STDERR  ] 2017-11-07T11:17:07.680167812Z: [    0.000000]   node   0: [mem 0x0000000000001000-0x000000000009efff]
[STDERR  ] 2017-11-07T11:17:07.680181854Z: [    0.000000]   node   0: [mem 0x0000000000100000-0x000000003ffdefff]
[STDERR  ] 2017-11-07T11:17:07.680190521Z: [    0.000000] Initmem setup node 0 [mem 0x0000000000001000-0x000000003ffdefff]
[STDERR  ] 2017-11-07T11:17:07.680199093Z: [    0.000000] ACPI: PM-Timer IO Port: 0x608
[STDERR  ] 2017-11-07T11:17:07.680207622Z: [    0.000000] ACPI: LAPIC_NMI (acpi_id[0xff] dfl dfl lint[0x1])
[STDERR  ] 2017-11-07T11:17:07.680215994Z: [    0.000000] IOAPIC[0]: apic_id 0, version 32, address 0xfec00000, GSI 0-23
[STDERR  ] 2017-11-07T11:17:07.680225747Z: [    0.000000] ACPI: INT_SRC_OVR (bus 0 bus_irq 0 global_irq 2 dfl dfl)
[STDERR  ] 2017-11-07T11:17:07.680234248Z: [    0.000000] ACPI: INT_SRC_OVR (bus 0 bus_irq 5 global_irq 5 high level)
[STDERR  ] 2017-11-07T11:17:07.680242605Z: [    0.000000] ACPI: INT_SRC_OVR (bus 0 bus_irq 9 global_irq 9 high level)
[STDERR  ] 2017-11-07T11:17:07.680251134Z: [    0.000000] ACPI: INT_SRC_OVR (bus 0 bus_irq 10 global_irq 10 high level)
[STDERR  ] 2017-11-07T11:17:07.680259576Z: [    0.000000] ACPI: INT_SRC_OVR (bus 0 bus_irq 11 global_irq 11 high level)
[STDERR  ] 2017-11-07T11:17:07.680268469Z: [    0.000000] Using ACPI (MADT) for SMP configuration information
[STDERR  ] 2017-11-07T11:17:07.680277145Z: [    0.000000] ACPI: HPET id: 0x8086a201 base: 0xfed00000
[STDERR  ] 2017-11-07T11:17:07.680286134Z: [    0.000000] smpboot: Allowing 1 CPUs, 0 hotplug CPUs
[STDERR  ] 2017-11-07T11:17:07.68029439Z: [    0.000000] e820: [mem 0x40000000-0xafffffff] available for PCI devices
[STDERR  ] 2017-11-07T11:17:07.680302887Z: [    0.000000] Booting paravirtualized kernel on bare hardware
[STDERR  ] 2017-11-07T11:17:07.68031118Z: [    0.000000] clocksource: refined-jiffies: mask: 0xffffffff max_cycles: 0xffffffff, max_idle_ns: 19112604462750000 ns
[STDERR  ] 2017-11-07T11:17:07.680323145Z: [    0.000000] setup_percpu: NR_CPUS:128 nr_cpumask_bits:128 nr_cpu_ids:1 nr_node_ids:1
[STDERR  ] 2017-11-07T11:17:07.680331558Z: [    0.000000] percpu: Embedded 35 pages/cpu @ffff8b177dc00000 s105112 r8192 d30056 u2097152
[STDERR  ] 2017-11-07T11:17:07.680345211Z: [    0.000000] Built 1 zonelists in Zone order, mobility grouping on.  Total pages: 257896
[STDERR  ] 2017-11-07T11:17:07.680358111Z: [    0.000000] Kernel command line: console=ttyS0
[STDERR  ] 2017-11-07T11:17:07.680367062Z: [    0.000000] PID hash table entries: 4096 (order: 3, 32768 bytes)
[STDERR  ] 2017-11-07T11:17:07.680375615Z: [    0.000000] Dentry cache hash table entries: 131072 (order: 8, 1048576 bytes)
[STDERR  ] 2017-11-07T11:17:07.6803849Z: [    0.000000] Inode-cache hash table entries: 65536 (order: 7, 524288 bytes)
[STDERR  ] 2017-11-07T11:17:07.680396311Z: [    0.000000] Memory: 980992K/1048052K available (8053K kernel code, 1367K rwdata, 2704K rodata, 1380K init, 568K bss, 67060K reserved, 0K cma-reserved)
[STDERR  ] 2017-11-07T11:17:07.680407744Z: [    0.000000] Hierarchical RCU implementation.
[STDERR  ] 2017-11-07T11:17:07.680416566Z: [    0.000000] 	Build-time adjustment of leaf fanout to 64.
[STDERR  ] 2017-11-07T11:17:07.680426501Z: [    0.000000] 	RCU restricting CPUs from NR_CPUS=128 to nr_cpu_ids=1.
[STDERR  ] 2017-11-07T11:17:07.680435541Z: [    0.000000] RCU: Adjusting geometry for rcu_fanout_leaf=64, nr_cpu_ids=1
[STDERR  ] 2017-11-07T11:17:07.680443806Z: [    0.000000] NR_IRQS:8448 nr_irqs:256 16
[STDERR  ] 2017-11-07T11:17:07.680452281Z: [    0.000000] Console: colour VGA+ 80x25
[STDERR  ] 2017-11-07T11:17:07.680460946Z: [    0.000000] console [ttyS0] enabled
[STDERR  ] 2017-11-07T11:17:07.68046921Z: [    0.000000] clocksource: hpet: mask: 0xffffffff max_cycles: 0xffffffff, max_idle_ns: 19112604467 ns
[STDERR  ] 2017-11-07T11:17:07.6804779Z: [    0.000000] tsc: Fast TSC calibration using PIT
[STDERR  ] 2017-11-07T11:17:07.68048648Z: [    0.000000] tsc: Detected 2599.918 MHz processor
[STDERR  ] 2017-11-07T11:17:07.680494987Z: [    0.032214] Calibrating delay loop (skipped), value calculated using timer frequency.. 5199.83 BogoMIPS (lpj=25999180)
[STDERR  ] 2017-11-07T11:17:07.680507406Z: [    0.033047] pid_max: default: 32768 minimum: 301
[STDERR  ] 2017-11-07T11:17:07.680515874Z: [    0.034107] ACPI: Core revision 20160831
[STDERR  ] 2017-11-07T11:17:07.680524435Z: [    0.078988] ACPI: 1 ACPI AML tables successfully acquired and loaded
[STDERR  ] 2017-11-07T11:17:07.68053302Z: [    0.083885] Security Framework initialized
[STDERR  ] 2017-11-07T11:17:07.68054136Z: [    0.084351] Yama: becoming mindful.
[STDERR  ] 2017-11-07T11:17:07.680550035Z: [    0.086553] Mount-cache hash table entries: 2048 (order: 2, 16384 bytes)
[STDERR  ] 2017-11-07T11:17:07.680558559Z: [    0.087194] Mountpoint-cache hash table entries: 2048 (order: 2, 16384 bytes)
[STDERR  ] 2017-11-07T11:17:07.680567064Z: [    0.107281] Last level iTLB entries: 4KB 0, 2MB 0, 4MB 0
[STDERR  ] 2017-11-07T11:17:07.680575375Z: [    0.107882] Last level dTLB entries: 4KB 0, 2MB 0, 4MB 0, 1GB 0
[STDERR  ] 2017-11-07T11:17:07.680584006Z: [    0.390515] Freeing SMP alternatives memory: 20K
[STDERR  ] 2017-11-07T11:17:07.68059269Z: [    0.400906] ftrace: allocating 35584 entries in 140 pages
[STDERR  ] 2017-11-07T11:17:07.680601751Z: [    0.554729] smpboot: Max logical packages: 1
[STDERR  ] 2017-11-07T11:17:07.680610285Z: [    0.562661] ..TIMER: vector=0x30 apic1=0 pin1=2 apic2=-1 pin2=-1
[STDERR  ] 2017-11-07T11:17:07.680620378Z: [    0.670000] smpboot: CPU0: AMD QEMU Virtual CPU version 2.5+ (family: 0x6, model: 0x6, stepping: 0x3)
[STDERR  ] 2017-11-07T11:17:07.680628702Z: [    0.670000] Performance Events: PMU not available due to virtualization, using software events only.
[STDERR  ] 2017-11-07T11:17:07.680637189Z: [    0.678872] NMI watchdog: disabled (cpu0): hardware events not enabled
[STDERR  ] 2017-11-07T11:17:07.680646698Z: [    0.679312] NMI watchdog: Shutting down hard lockup detector on all cpus
[STDERR  ] 2017-11-07T11:17:07.680655039Z: [    0.682844] x86: Booted up 1 node, 1 CPUs
[STDERR  ] 2017-11-07T11:17:07.68066436Z: [    0.683370] smpboot: Total of 1 processors activated (5199.83 BogoMIPS)
[STDERR  ] 2017-11-07T11:17:07.680673902Z: [    0.697837] devtmpfs: initialized
[STDERR  ] 2017-11-07T11:17:07.680682418Z: [    0.704551] x86/mm: Memory block size: 128MB
[STDERR  ] 2017-11-07T11:17:07.680694815Z: [    0.765445] clocksource: jiffies: mask: 0xffffffff max_cycles: 0xffffffff, max_idle_ns: 19112604462750000 ns
[STDERR  ] 2017-11-07T11:17:07.680703178Z: [    0.766437] futex hash table entries: 256 (order: 2, 16384 bytes)
[STDERR  ] 2017-11-07T11:17:07.680712311Z: [    0.777061] NET: Registered protocol family 16
[STDERR  ] 2017-11-07T11:17:07.680721674Z: [    0.786950] cpuidle: using governor ladder
[STDERR  ] 2017-11-07T11:17:07.680731004Z: [    0.787384] cpuidle: using governor menu
[STDERR  ] 2017-11-07T11:17:07.680739238Z: [    0.788710] ACPI: bus type PCI registered
[STDERR  ] 2017-11-07T11:17:07.680748767Z: [    0.791956] PCI: MMCONFIG for domain 0000 [bus 00-ff] at [mem 0xb0000000-0xbfffffff] (base 0xb0000000)
[STDERR  ] 2017-11-07T11:17:07.680757006Z: [    0.792812] PCI: MMCONFIG at [mem 0xb0000000-0xbfffffff] reserved in E820
[STDERR  ] 2017-11-07T11:17:07.68076636Z: [    0.794227] PCI: Using configuration type 1 for base access
[STDERR  ] 2017-11-07T11:17:07.680777437Z: [    0.848076] HugeTLB registered 2 MB page size, pre-allocated 0 pages
[STDERR  ] 2017-11-07T11:17:07.680786353Z: [    0.859694] ACPI: Added _OSI(Module Device)
[STDERR  ] 2017-11-07T11:17:07.680795178Z: [    0.859882] ACPI: Added _OSI(Processor Device)
[STDERR  ] 2017-11-07T11:17:07.680804091Z: [    0.860069] ACPI: Added _OSI(3.0 _SCP Extensions)
[STDERR  ] 2017-11-07T11:17:07.680813447Z: [    0.860365] ACPI: Added _OSI(Processor Aggregator Device)
[STDERR  ] 2017-11-07T11:17:07.680822802Z: [    0.934045] ACPI: Interpreter enabled
[STDERR  ] 2017-11-07T11:17:07.680832167Z: [    0.935025] ACPI: (supports S0 S5)
[STDERR  ] 2017-11-07T11:17:07.680843242Z: [    0.935294] ACPI: Using IOAPIC for interrupt routing
[STDERR  ] 2017-11-07T11:17:07.680853952Z: [    0.937872] PCI: Using host bridge windows from ACPI; if necessary, use "pci=nocrs" and report a bug
[STDERR  ] 2017-11-07T11:17:07.680873612Z: [    1.001162] ACPI: PCI Root Bridge [PCI0] (domain 0000 [bus 00-ff])
[STDERR  ] 2017-11-07T11:17:07.680882932Z: [    1.002581] acpi PNP0A08:00: _OSC: OS supports [ExtendedConfig ASPM ClockPM Segments MSI]
[STDERR  ] 2017-11-07T11:17:07.680891192Z: [    1.009070] acpi PNP0A08:00: _OSC: OS now controls [PCIeHotplug PME PCIeCapability]
[STDERR  ] 2017-11-07T11:17:07.680899019Z: [    1.013393] PCI host bridge to bus 0000:00
[STDERR  ] 2017-11-07T11:17:07.680910319Z: [    1.013927] pci_bus 0000:00: root bus resource [io  0x0000-0x0cf7 window]
[STDERR  ] 2017-11-07T11:17:07.68091884Z: [    1.014248] pci_bus 0000:00: root bus resource [io  0x0d00-0xffff window]
[STDERR  ] 2017-11-07T11:17:07.680927106Z: [    1.014626] pci_bus 0000:00: root bus resource [mem 0x000a0000-0x000bffff window]
[STDERR  ] 2017-11-07T11:17:07.680936951Z: [    1.015040] pci_bus 0000:00: root bus resource [mem 0xc0000000-0xfebfffff window]
[STDERR  ] 2017-11-07T11:17:07.680947107Z: [    1.015621] pci_bus 0000:00: root bus resource [bus 00-ff]
[STDERR  ] 2017-11-07T11:17:07.680957084Z: [    1.156744] pci 0000:00:1f.0: quirk: [io  0x0600-0x067f] claimed by ICH6 ACPI/GPIO/TCO
[STDERR  ] 2017-11-07T11:17:07.680967186Z: [    1.237173] ACPI: PCI Interrupt Link [LNKA] (IRQs 5 *10 11)
[STDERR  ] 2017-11-07T11:17:07.680976683Z: [    1.240716] ACPI: PCI Interrupt Link [LNKB] (IRQs 5 *10 11)
[STDERR  ] 2017-11-07T11:17:07.680985839Z: [    1.242894] ACPI: PCI Interrupt Link [LNKC] (IRQs 5 10 *11)
[STDERR  ] 2017-11-07T11:17:07.680995753Z: [    1.244679] ACPI: PCI Interrupt Link [LNKD] (IRQs 5 10 *11)
[STDERR  ] 2017-11-07T11:17:07.681004468Z: [    1.246341] ACPI: PCI Interrupt Link [LNKE] (IRQs 5 *10 11)
[STDERR  ] 2017-11-07T11:17:07.681012888Z: [    1.248075] ACPI: PCI Interrupt Link [LNKF] (IRQs 5 *10 11)
[STDERR  ] 2017-11-07T11:17:07.681021607Z: [    1.249770] ACPI: PCI Interrupt Link [LNKG] (IRQs 5 10 *11)
[STDERR  ] 2017-11-07T11:17:07.681030061Z: [    1.251881] ACPI: PCI Interrupt Link [LNKH] (IRQs 5 10 *11)
[STDERR  ] 2017-11-07T11:17:07.681039949Z: [    1.252849] ACPI: PCI Interrupt Link [GSIA] (IRQs *16)
[STDERR  ] 2017-11-07T11:17:07.68105393Z: [    1.253540] ACPI: PCI Interrupt Link [GSIB] (IRQs *17)
[STDERR  ] 2017-11-07T11:17:07.681062535Z: [    1.254180] ACPI: PCI Interrupt Link [GSIC] (IRQs *18)
[STDERR  ] 2017-11-07T11:17:07.681071132Z: [    1.254833] ACPI: PCI Interrupt Link [GSID] (IRQs *19)
[STDERR  ] 2017-11-07T11:17:07.681079401Z: [    1.255487] ACPI: PCI Interrupt Link [GSIE] (IRQs *20)
[STDERR  ] 2017-11-07T11:17:07.681087806Z: [    1.256155] ACPI: PCI Interrupt Link [GSIF] (IRQs *21)
[STDERR  ] 2017-11-07T11:17:07.68109602Z: [    1.256821] ACPI: PCI Interrupt Link [GSIG] (IRQs *22)
[STDERR  ] 2017-11-07T11:17:07.681104297Z: [    1.257503] ACPI: PCI Interrupt Link [GSIH] (IRQs *23)
[STDERR  ] 2017-11-07T11:17:07.681113062Z: [    1.261763] ACPI: Enabled 2 GPEs in block 00 to 3F
[STDERR  ] 2017-11-07T11:17:07.681138917Z: [    1.266252] SCSI subsystem initialized
[STDERR  ] 2017-11-07T11:17:07.681146881Z: [    1.268385] ACPI: bus type USB registered
[STDERR  ] 2017-11-07T11:17:07.681154307Z: [    1.269571] usbcore: registered new interface driver usbfs
[STDERR  ] 2017-11-07T11:17:07.681162382Z: [    1.270666] usbcore: registered new interface driver hub
[STDERR  ] 2017-11-07T11:17:07.681170013Z: [    1.271502] usbcore: registered new device driver usb
[STDERR  ] 2017-11-07T11:17:07.681177798Z: [    1.272690] pps_core: LinuxPPS API ver. 1 registered
[STDERR  ] 2017-11-07T11:17:07.681185606Z: [    1.273014] pps_core: Software ver. 5.3.6 - Copyright 2005-2007 Rodolfo Giometti <giometti@linux.it>
[STDERR  ] 2017-11-07T11:17:07.681193633Z: [    1.273697] PTP clock support registered
[STDERR  ] 2017-11-07T11:17:07.681201354Z: [    1.274984] wmi: Mapper loaded
[STDERR  ] 2017-11-07T11:17:07.681209177Z: [    1.276350] PCI: Using ACPI for IRQ routing
[STDERR  ] 2017-11-07T11:17:07.681217573Z: [    1.297005] NetLabel: Initializing
[STDERR  ] 2017-11-07T11:17:07.681225572Z: [    1.297232] NetLabel:  domain hash size = 128
[STDERR  ] 2017-11-07T11:17:07.681238245Z: [    1.297539] NetLabel:  protocols = UNLABELED CIPSOv4
[STDERR  ] 2017-11-07T11:17:07.681247825Z: [    1.300379] NetLabel:  unlabeled traffic allowed by default
[STDERR  ] 2017-11-07T11:17:07.681256483Z: [    1.301562] HPET: 3 timers in total, 0 timers will be used for per-cpu timer
[STDERR  ] 2017-11-07T11:17:07.681265071Z: [    1.302388] hpet0: at MMIO 0xfed00000, IRQs 2, 8, 0
[STDERR  ] 2017-11-07T11:17:07.6812737Z: [    1.302887] hpet0: 3 comparators, 64-bit 100.000000 MHz counter
[STDERR  ] 2017-11-07T11:17:07.681282699Z: [    1.308197] clocksource: Switched to clocksource hpet
[STDERR  ] 2017-11-07T11:17:07.681293047Z: [    1.555949] VFS: Disk quotas dquot_6.6.0
[STDERR  ] 2017-11-07T11:17:07.681302387Z: [    1.556740] VFS: Dquot-cache hash table entries: 512 (order 0, 4096 bytes)
[STDERR  ] 2017-11-07T11:17:07.681310593Z: [    1.560703] FS-Cache: Loaded
[STDERR  ] 2017-11-07T11:17:07.681318551Z: [    1.566162] CacheFiles: Loaded
[STDERR  ] 2017-11-07T11:17:07.68132636Z: [    1.568634] pnp: PnP ACPI init
[STDERR  ] 2017-11-07T11:17:07.68133409Z: [    1.580628] pnp: PnP ACPI: found 5 devices
[STDERR  ] 2017-11-07T11:17:07.681342064Z: [    1.630040] clocksource: acpi_pm: mask: 0xffffff max_cycles: 0xffffff, max_idle_ns: 2085701024 ns
[STDERR  ] 2017-11-07T11:17:07.681350426Z: [    1.634392] NET: Registered protocol family 2
[STDERR  ] 2017-11-07T11:17:07.681358193Z: [    1.642496] TCP established hash table entries: 8192 (order: 4, 65536 bytes)
[STDERR  ] 2017-11-07T11:17:07.681367155Z: [    1.643355] TCP bind hash table entries: 8192 (order: 5, 131072 bytes)
[STDERR  ] 2017-11-07T11:17:07.681379404Z: [    1.644014] TCP: Hash tables configured (established 8192 bind 8192)
[STDERR  ] 2017-11-07T11:17:07.68138734Z: [    1.646503] UDP hash table entries: 512 (order: 2, 16384 bytes)
[STDERR  ] 2017-11-07T11:17:07.681395164Z: [    1.647074] UDP-Lite hash table entries: 512 (order: 2, 16384 bytes)
[STDERR  ] 2017-11-07T11:17:07.681403166Z: [    1.649792] NET: Registered protocol family 1
[STDERR  ] 2017-11-07T11:17:07.681412472Z: [    1.651211] pci 0000:00:01.0: Video device with shadowed ROM at [mem 0x000c0000-0x000dffff]
[STDERR  ] 2017-11-07T11:17:07.681425917Z: [    1.658526] Unpacking initramfs...
[STDERR  ] 2017-11-07T11:17:07.68143423Z: [    6.439769] Freeing initrd memory: 33180K
[STDERR  ] 2017-11-07T11:17:07.681442668Z: [    6.462911] PCLMULQDQ-NI instructions are not detected.
[STDERR  ] 2017-11-07T11:17:07.681451682Z: [    6.464338] AVX or AES-NI instructions are not detected.
[STDERR  ] 2017-11-07T11:17:07.681460995Z: [    6.464837] CPU feature 'AVX registers' is not supported.
[STDERR  ] 2017-11-07T11:17:07.681469232Z: [    6.465234] CPU feature 'AVX registers' is not supported.
[STDERR  ] 2017-11-07T11:17:07.68147791Z: [    6.465593] CPU feature 'AVX registers' is not supported.
[STDERR  ] 2017-11-07T11:17:07.681487246Z: [    6.465915] CPU feature 'AVX registers' is not supported.
[STDERR  ] 2017-11-07T11:17:07.681496767Z: [    6.466242] AVX2 or AES-NI instructions are not detected.
[STDERR  ] 2017-11-07T11:17:07.68150535Z: [    6.466600] AVX2 instructions are not detected.
[STDERR  ] 2017-11-07T11:17:07.681516336Z: [    6.472931] audit: initializing netlink subsys (disabled)
[STDERR  ] 2017-11-07T11:17:07.681525656Z: [    6.474597] audit: type=2000 audit(1510053391.470:1): initialized
[STDERR  ] 2017-11-07T11:17:07.681534378Z: [    6.484501] workingset: timestamp_bits=46 max_order=18 bucket_order=0
[STDERR  ] 2017-11-07T11:17:07.681544155Z: [    6.488873] squashfs: version 4.0 (2009/01/31) Phillip Lougher
[STDERR  ] 2017-11-07T11:17:07.681552638Z: [    6.494614] FS-Cache: Netfs 'cifs' registered for caching
[STDERR  ] 2017-11-07T11:17:07.681561636Z: [    6.495735] fuse init (API version 7.26)
[STDERR  ] 2017-11-07T11:17:07.681570303Z: [    6.498060] SGI XFS with ACLs, security attributes, no debug enabled
[STDERR  ] 2017-11-07T11:17:07.681578974Z: [    6.502480] 9p: Installing v9fs 9p2000 file system support
[STDERR  ] 2017-11-07T11:17:07.681587454Z: [    6.502772] FS-Cache: Netfs '9p' registered for caching
[STDERR  ] 2017-11-07T11:17:07.68159988Z: [    6.531152] NET: Registered protocol family 38
[STDERR  ] 2017-11-07T11:17:07.681608551Z: [    6.531971] Key type asymmetric registered
[STDERR  ] 2017-11-07T11:17:07.681616876Z: [    6.532323] Asymmetric key parser 'x509' registered
[STDERR  ] 2017-11-07T11:17:07.681626654Z: [    6.533301] Block layer SCSI generic (bsg) driver version 0.4 loaded (major 251)
[STDERR  ] 2017-11-07T11:17:07.681641879Z: [    6.534872] io scheduler noop registered
[STDERR  ] 2017-11-07T11:17:07.681650135Z: [    6.535213] io scheduler deadline registered (default)
[STDERR  ] 2017-11-07T11:17:07.681658719Z: [    6.536076] io scheduler cfq registered
[STDERR  ] 2017-11-07T11:17:07.681667122Z: [    6.538754] pci_hotplug: PCI Hot Plug PCI Core version: 0.5
[STDERR  ] 2017-11-07T11:17:07.681675704Z: [    6.539352] pciehp: PCI Express Hot Plug Controller Driver version: 0.4
[STDERR  ] 2017-11-07T11:17:07.681684517Z: [    6.541303] shpchp: Standard Hot Plug PCI Controller Driver version: 0.4
[STDERR  ] 2017-11-07T11:17:07.681693036Z: [    6.542240] hv_vmbus: registering driver hyperv_fb
[STDERR  ] 2017-11-07T11:17:07.68170141Z: [    6.545619] input: Power Button as /devices/LNXSYSTM:00/LNXPWRBN:00/input/input0
[STDERR  ] 2017-11-07T11:17:07.68170988Z: [    6.546754] ACPI: Power Button [PWRF]
[STDERR  ] 2017-11-07T11:17:07.681718306Z: [    6.553110] GHES: HEST is not enabled!
[STDERR  ] 2017-11-07T11:17:07.681727067Z: [    6.565376] ACPI: PCI Interrupt Link [GSIG] enabled at IRQ 22
[STDERR  ] 2017-11-07T11:17:07.681735379Z: [    6.580991] ACPI: PCI Interrupt Link [GSIH] enabled at IRQ 23
[STDERR  ] 2017-11-07T11:17:07.681744013Z: [    6.586998] xenfs: not registering filesystem on non-xen platform
[STDERR  ] 2017-11-07T11:17:07.681752388Z: [    6.589389] Serial: 8250/16550 driver, 4 ports, IRQ sharing disabled
[STDERR  ] 2017-11-07T11:17:07.681760651Z: [    6.614756] 00:04: ttyS0 at I/O 0x3f8 (irq = 4, base_baud = 115200) is a 16550A
[STDERR  ] 2017-11-07T11:17:07.681769092Z: [    6.627058] Non-volatile memory driver v1.3
[STDERR  ] 2017-11-07T11:17:07.681777463Z: [    6.635077] Hangcheck: starting hangcheck timer 0.9.1 (tick is 180 seconds, margin is 60 seconds).
[STDERR  ] 2017-11-07T11:17:07.681789905Z: [    6.640714] random: fast init done
[STDERR  ] 2017-11-07T11:17:07.681798224Z: [    6.642021] random: crng init done
[STDERR  ] 2017-11-07T11:17:07.681806513Z: [    6.677465] loop: module loaded
[STDERR  ] 2017-11-07T11:17:07.68181551Z: [    6.692455] nbd: registered device at major 43
[STDERR  ] 2017-11-07T11:17:07.681823846Z: [    6.733940] lpc_ich 0000:00:1f.0: I/O space for GPIO uninitialized
[STDERR  ] 2017-11-07T11:17:07.681832554Z: [    6.736298] VMware PVSCSI driver - version 1.0.7.0-k
[STDERR  ] 2017-11-07T11:17:07.681840961Z: [    6.737133] hv_vmbus: registering driver hv_storvsc
[STDERR  ] 2017-11-07T11:17:07.681849211Z: [    6.748207] ACPI: PCI Interrupt Link [GSIA] enabled at IRQ 16
[STDERR  ] 2017-11-07T11:17:07.681857319Z: [    6.756746] ahci 0000:00:1f.2: AHCI 0001.0000 32 slots 6 ports 1.5 Gbps 0x3f impl SATA mode
[STDERR  ] 2017-11-07T11:17:07.681873288Z: [    6.757548] ahci 0000:00:1f.2: flags: 64bit ncq only 
[STDERR  ] 2017-11-07T11:17:07.681881652Z: [    6.778221] scsi host0: ahci
[STDERR  ] 2017-11-07T11:17:07.681890239Z: [    6.783662] scsi host1: ahci
[STDERR  ] 2017-11-07T11:17:07.681898826Z: [    6.786133] scsi host2: ahci
[STDERR  ] 2017-11-07T11:17:07.681906957Z: [    6.788425] scsi host3: ahci
[STDERR  ] 2017-11-07T11:17:07.681915293Z: [    6.790192] scsi host4: ahci
[STDERR  ] 2017-11-07T11:17:07.681923507Z: [    6.790192] scsi host5: ahci
[STDERR  ] 2017-11-07T11:17:07.681932024Z: [    6.796129] ata1: SATA max UDMA/133 abar m4096@0xfebd2000 port 0xfebd2100 irq 24
[STDERR  ] 2017-11-07T11:17:07.68194027Z: [    6.796441] ata2: SATA max UDMA/133 abar m4096@0xfebd2000 port 0xfebd2180 irq 24
[STDERR  ] 2017-11-07T11:17:07.68194956Z: [    6.796698] ata3: SATA max UDMA/133 abar m4096@0xfebd2000 port 0xfebd2200 irq 24
[STDERR  ] 2017-11-07T11:17:07.681966102Z: [    6.797001] ata4: SATA max UDMA/133 abar m4096@0xfebd2000 port 0xfebd2280 irq 24
[STDERR  ] 2017-11-07T11:17:07.681975124Z: [    6.797228] ata5: SATA max UDMA/133 abar m4096@0xfebd2000 port 0xfebd2300 irq 24
[STDERR  ] 2017-11-07T11:17:07.681983665Z: [    6.797421] ata6: SATA max UDMA/133 abar m4096@0xfebd2000 port 0xfebd2380 irq 24
[STDERR  ] 2017-11-07T11:17:07.681992896Z: [    6.810727] tun: Universal TUN/TAP device driver, 1.6
[STDERR  ] 2017-11-07T11:17:07.682001235Z: [    6.811163] tun: (C) 1999-2004 Max Krasnyansky <maxk@qualcomm.com>
[STDERR  ] 2017-11-07T11:17:07.682009716Z: [    6.821774] VMware vmxnet3 virtual NIC driver - version 1.4.a.0-k-NAPI
[STDERR  ] 2017-11-07T11:17:07.682019353Z: [    6.822726] hv_vmbus: registering driver hv_netvsc
[STDERR  ] 2017-11-07T11:17:07.682027674Z: [    6.823117] Fusion MPT base driver 3.04.20
[STDERR  ] 2017-11-07T11:17:07.682036287Z: [    6.823394] Copyright (c) 1999-2008 LSI Corporation
[STDERR  ] 2017-11-07T11:17:07.682044933Z: [    6.824010] Fusion MPT SPI Host driver 3.04.20
[STDERR  ] 2017-11-07T11:17:07.682053068Z: [    6.826067] i8042: PNP: PS/2 Controller [PNP0303:KBD,PNP0f13:MOU] at 0x60,0x64 irq 1,12
[STDERR  ] 2017-11-07T11:17:07.682061553Z: [    6.830746] serio: i8042 KBD port at 0x60,0x64 irq 1
[STDERR  ] 2017-11-07T11:17:07.6820703Z: [    6.831469] serio: i8042 AUX port at 0x60,0x64 irq 12
[STDERR  ] 2017-11-07T11:17:07.682079908Z: [    6.834468] hv_vmbus: registering driver hyperv_keyboard
[STDERR  ] 2017-11-07T11:17:07.682088339Z: [    6.836729] mousedev: PS/2 mouse device common for all mice
[STDERR  ] 2017-11-07T11:17:07.682097042Z: [    6.841942] input: AT Translated Set 2 keyboard as /devices/platform/i8042/serio0/input/input1
[STDERR  ] 2017-11-07T11:17:07.682107986Z: [    6.844893] input: PC Speaker as /devices/platform/pcspkr/input/input2
[STDERR  ] 2017-11-07T11:17:07.682116859Z: [    6.848453] rtc_cmos 00:00: RTC can wake from S4
[STDERR  ] 2017-11-07T11:17:07.682125365Z: [    6.852228] rtc_cmos 00:00: rtc core: registered rtc_cmos as rtc0
[STDERR  ] 2017-11-07T11:17:07.682134823Z: [    6.853478] rtc_cmos 00:00: alarms up to one day, y3k, 114 bytes nvram, hpet irqs
[STDERR  ] 2017-11-07T11:17:07.682148915Z: [    6.854231] i2c /dev entries driver
[STDERR  ] 2017-11-07T11:17:07.682160183Z: [    6.856205] device-mapper: ioctl: 4.35.0-ioctl (2016-06-23) initialised: dm-devel@redhat.com
[STDERR  ] 2017-11-07T11:17:07.682168645Z: [    6.861295] usbcore: registered new interface driver usbhid
[STDERR  ] 2017-11-07T11:17:07.682176934Z: [    6.861737] usbhid: USB HID core driver
[STDERR  ] 2017-11-07T11:17:07.6821861Z: [    6.862326] hv_utils: Registering HyperV Utility Driver
[STDERR  ] 2017-11-07T11:17:07.682192663Z: [    6.862685] hv_vmbus: registering driver hv_util
[STDERR  ] 2017-11-07T11:17:07.682198648Z: [    6.862974] hv_vmbus: registering driver hv_balloon
[STDERR  ] 2017-11-07T11:17:07.6822046Z: [    6.863511] oprofile: using NMI interrupt.
[STDERR  ] 2017-11-07T11:17:07.682210053Z: [    6.864583] GACT probability on
[STDERR  ] 2017-11-07T11:17:07.682215637Z: [    6.865021] Mirror/redirect action on
[STDERR  ] 2017-11-07T11:17:07.682221534Z: [    6.865832] Simple TC action Loaded
[STDERR  ] 2017-11-07T11:17:07.682226853Z: [    6.866381] u32 classifier
[STDERR  ] 2017-11-07T11:17:07.682232533Z: [    6.866546]     Performance counters on
[STDERR  ] 2017-11-07T11:17:07.682237868Z: [    6.866817]     input device check on
[STDERR  ] 2017-11-07T11:17:07.682243238Z: [    6.867046]     Actions configured
[STDERR  ] 2017-11-07T11:17:07.682248613Z: [    6.867609] Netfilter messages via NETLINK v0.30.
[STDERR  ] 2017-11-07T11:17:07.6822542Z: [    6.868242] nfnl_acct: registering with nfnetlink.
[STDERR  ] 2017-11-07T11:17:07.682259541Z: [    6.869834] nf_conntrack version 0.5.0 (8192 buckets, 32768 max)
[STDERR  ] 2017-11-07T11:17:07.682264968Z: [    6.873242] ctnetlink v0.93: registering with nfnetlink.
[STDERR  ] 2017-11-07T11:17:07.682270295Z: [    6.876511] nf_tables: (c) 2007-2009 Patrick McHardy <kaber@trash.net>
[STDERR  ] 2017-11-07T11:17:07.682279364Z: [    6.877410] nf_tables_compat: (c) 2012 Pablo Neira Ayuso <pablo@netfilter.org>
[STDERR  ] 2017-11-07T11:17:07.682285403Z: [    6.879948] xt_time: kernel timezone is -0000
[STDERR  ] 2017-11-07T11:17:07.682290743Z: [    6.880961] ip_set: protocol 6
[STDERR  ] 2017-11-07T11:17:07.682295988Z: [    6.881682] IPVS: Registered protocols (TCP, UDP, SCTP, AH, ESP)
[STDERR  ] 2017-11-07T11:17:07.68230144Z: [    6.882255] IPVS: Connection hash table configured (size=4096, memory=64Kbytes)
[STDERR  ] 2017-11-07T11:17:07.682307247Z: [    6.884009] IPVS: Creating netns size=2104 id=0
[STDERR  ] 2017-11-07T11:17:07.682312628Z: [    6.886784] IPVS: ipvs loaded.
[STDERR  ] 2017-11-07T11:17:07.682318345Z: [    6.887120] IPVS: [rr] scheduler registered.
[STDERR  ] 2017-11-07T11:17:07.682323891Z: [    6.887467] IPVS: [wrr] scheduler registered.
[STDERR  ] 2017-11-07T11:17:07.682329504Z: [    6.887707] IPVS: [lc] scheduler registered.
[STDERR  ] 2017-11-07T11:17:07.682334948Z: [    6.887960] IPVS: [wlc] scheduler registered.
[STDERR  ] 2017-11-07T11:17:07.682340404Z: [    6.888210] IPVS: [fo] scheduler registered.
[STDERR  ] 2017-11-07T11:17:07.682345658Z: [    6.888401] IPVS: [ovf] scheduler registered.
[STDERR  ] 2017-11-07T11:17:07.682351011Z: [    6.888848] IPVS: [lblc] scheduler registered.
[STDERR  ] 2017-11-07T11:17:07.682356412Z: [    6.889269] IPVS: [lblcr] scheduler registered.
[STDERR  ] 2017-11-07T11:17:07.682364889Z: [    6.889573] IPVS: [dh] scheduler registered.
[STDERR  ] 2017-11-07T11:17:07.682373642Z: [    6.889814] IPVS: [sh] scheduler registered.
[STDERR  ] 2017-11-07T11:17:07.682381073Z: [    6.890043] IPVS: [sed] scheduler registered.
[STDERR  ] 2017-11-07T11:17:07.682386685Z: [    6.890865] IPVS: [nq] scheduler registered.
[STDERR  ] 2017-11-07T11:17:07.682392509Z: [    6.891669] IPVS: ftp: loaded support on port[0] = 21
[STDERR  ] 2017-11-07T11:17:07.682398417Z: [    6.892534] ipip: IPv4 and MPLS over IPv4 tunneling driver
[STDERR  ] 2017-11-07T11:17:07.682403734Z: [    6.896844] gre: GRE over IPv4 demultiplexor driver
[STDERR  ] 2017-11-07T11:17:07.682409135Z: [    6.899738] ip_tables: (C) 2000-2006 Netfilter Core Team
[STDERR  ] 2017-11-07T11:17:07.682419373Z: [    6.903442] ipt_CLUSTERIP: ClusterIP Version 0.8 loaded successfully
[STDERR  ] 2017-11-07T11:17:07.682427171Z: [    6.904232] arp_tables: arp_tables: (C) 2002 David S. Miller
[STDERR  ] 2017-11-07T11:17:07.682432847Z: [    6.906617] NET: Registered protocol family 10
[STDERR  ] 2017-11-07T11:17:07.682438118Z: [    6.916541] ip6_tables: (C) 2000-2006 Netfilter Core Team
[STDERR  ] 2017-11-07T11:17:07.682443508Z: [    6.925478] NET: Registered protocol family 17
[STDERR  ] 2017-11-07T11:17:07.682448798Z: [    6.926662] Bridge firewalling registered
[STDERR  ] 2017-11-07T11:17:07.682454097Z: [    6.927248] Ebtables v2.0 registered
[STDERR  ] 2017-11-07T11:17:07.682459441Z: [    6.929255] 8021q: 802.1Q VLAN Support v1.8
[STDERR  ] 2017-11-07T11:17:07.682465048Z: [    6.931119] 9pnet: Installing 9P2000 support
[STDERR  ] 2017-11-07T11:17:07.682470645Z: [    6.932767] Key type dns_resolver registered
[STDERR  ] 2017-11-07T11:17:07.68247608Z: [    6.933700] microcode: AMD CPU family 0x6 not supported
[STDERR  ] 2017-11-07T11:17:07.682481986Z: [    6.937322] registered taskstats version 1
[STDERR  ] 2017-11-07T11:17:07.682487491Z: [    7.112538] Key type big_key registered
[STDERR  ] 2017-11-07T11:17:07.682492836Z: [    7.131274] ata4: SATA link down (SStatus 0 SControl 300)
[STDERR  ] 2017-11-07T11:17:07.682499881Z: [    7.134381] ata3: SATA link up 1.5 Gbps (SStatus 113 SControl 300)
[STDERR  ] 2017-11-07T11:17:07.682505343Z: [    7.138396] ata3.00: ATAPI: QEMU DVD-ROM, 2.5+, max UDMA/100
[STDERR  ] 2017-11-07T11:17:07.682510768Z: [    7.138877] ata3.00: applying bridge limits
[STDERR  ] 2017-11-07T11:17:07.682516043Z: [    7.140542] ata2: SATA link down (SStatus 0 SControl 300)
[STDERR  ] 2017-11-07T11:17:07.682521336Z: [    7.141045] ata1: SATA link up 1.5 Gbps (SStatus 113 SControl 300)
[STDERR  ] 2017-11-07T11:17:07.682530301Z: [    7.142280] ata1.00: ATA-7: QEMU HARDDISK, 2.5+, max UDMA/100
[STDERR  ] 2017-11-07T11:17:07.682535734Z: [    7.142665] ata1.00: 1048576 sectors, multi 16: LBA48 NCQ (depth 31/32)
[STDERR  ] 2017-11-07T11:17:07.682541158Z: [    7.143146] ata1.00: applying bridge limits
[STDERR  ] 2017-11-07T11:17:07.682546544Z: [    7.144220] ata1.00: configured for UDMA/100
[STDERR  ] 2017-11-07T11:17:07.682551864Z: [    7.147041] ata6: SATA link down (SStatus 0 SControl 300)
[STDERR  ] 2017-11-07T11:17:07.682557528Z: [    7.147551] ata5: SATA link down (SStatus 0 SControl 300)
[STDERR  ] 2017-11-07T11:17:07.682563066Z: [    7.160891] ata3.00: configured for UDMA/100
[STDERR  ] 2017-11-07T11:17:07.682570483Z: [    7.172222] scsi 0:0:0:0: Direct-Access     ATA      QEMU HARDDISK    2.5+ PQ: 0 ANSI: 5
[STDERR  ] 2017-11-07T11:17:07.682576755Z: [    7.179767] sd 0:0:0:0: [sda] 1048576 512-byte logical blocks: (537 MB/512 MiB)
[STDERR  ] 2017-11-07T11:17:07.682582098Z: [    7.190881] sd 0:0:0:0: [sda] Write Protect is off
[STDERR  ] 2017-11-07T11:17:07.682587403Z: [    7.193615] sd 0:0:0:0: [sda] Write cache: enabled, read cache: enabled, doesn't support DPO or FUA
[STDERR  ] 2017-11-07T11:17:07.682593484Z: [    7.194713] sd 0:0:0:0: Attached scsi generic sg0 type 0
[STDERR  ] 2017-11-07T11:17:07.682598912Z: [    7.202126] scsi 2:0:0:0: CD-ROM            QEMU     QEMU DVD-ROM     2.5+ PQ: 0 ANSI: 5
[STDERR  ] 2017-11-07T11:17:07.682604595Z: [    7.224212] sr 2:0:0:0: [sr0] scsi3-mmc drive: 4x/4x cd/rw xa/form2 tray
[STDERR  ] 2017-11-07T11:17:07.68261015Z: [    7.224943] cdrom: Uniform CD-ROM driver Revision: 3.20
[STDERR  ] 2017-11-07T11:17:07.682615543Z: [    7.242410] sr 2:0:0:0: Attached scsi generic sg1 type 5
[STDERR  ] 2017-11-07T11:17:07.6826213Z: [    7.261994] sd 0:0:0:0: [sda] Attached SCSI disk
[STDERR  ] 2017-11-07T11:17:07.682626743Z: [    7.319004] Key type encrypted registered
[STDERR  ] 2017-11-07T11:17:07.682632135Z: [    7.325263] rtc_cmos 00:00: setting system clock to 2017-11-07 11:16:33 UTC (1510053393)
[STDERR  ] 2017-11-07T11:17:07.68263796Z: [    7.471124] Freeing unused kernel memory: 1380K
[STDERR  ] 2017-11-07T11:17:07.682649091Z: [    7.471416] Write protecting the kernel read-only data: 12288k
[STDERR  ] 2017-11-07T11:17:07.682654637Z: [    7.478154] Freeing unused kernel memory: 124K
[STDERR  ] 2017-11-07T11:17:07.682662221Z: [    7.569135] Freeing unused kernel memory: 1392K
[STDERR  ] 2017-11-07T11:17:07.682667679Z: [    7.569931] tsc: Refined TSC clocksource calibration: 2599.915 MHz
[STDERR  ] 2017-11-07T11:17:07.682673265Z: [    7.570929] clocksource: tsc: mask: 0xffffffffffffffff max_cycles: 0x2579ebf5280, max_idle_ns: 440795265740 ns
[STDERR  ] 2017-11-07T11:17:07.682678747Z: [    8.590976] clocksource: Switched to clocksource tsc
[STDERR  ] 2017-11-07T11:17:07.682684103Z: 
[STDERR  ] 2017-11-07T11:17:07.682689712Z: Welcome to LinuxKit
[STDERR  ] 2017-11-07T11:17:07.682695127Z: 
[STDERR  ] 2017-11-07T11:17:07.682700589Z:                         ##         .
[STDERR  ] 2017-11-07T11:17:07.682706396Z:                   ## ## ##        ==
[STDERR  ] 2017-11-07T11:17:07.682712019Z:                ## ## ## ## ##    ===
[STDERR  ] 2017-11-07T11:17:07.682717399Z:            /"""""""""""""""""\___/ ===
[STDERR  ] 2017-11-07T11:17:07.682722674Z:           {                       /  ===-
[STDERR  ] 2017-11-07T11:17:07.68272805Z:            \______ O           __/
[STDERR  ] 2017-11-07T11:17:07.68273336Z:              \    \         __/
[STDERR  ] 2017-11-07T11:17:07.682738694Z:               \____\_______/
[STDERR  ] 2017-11-07T11:17:07.682743996Z: 
[STDERR  ] 2017-11-07T11:17:07.682749694Z: [   19.940422] raid6: sse2x1   gen()   348 MB/s
[STDERR  ] 2017-11-07T11:17:07.682754998Z: [   20.110419] raid6: sse2x1   xor()   165 MB/s
[STDERR  ] 2017-11-07T11:17:07.682760246Z: [   20.280337] raid6: sse2x2   gen()   258 MB/s
[STDERR  ] 2017-11-07T11:17:07.682765466Z: [   20.450348] raid6: sse2x2   xor()   179 MB/s
[STDERR  ] 2017-11-07T11:17:07.682770733Z: [   20.620410] raid6: sse2x4   gen()   315 MB/s
[STDERR  ] 2017-11-07T11:17:07.682778561Z: [   20.793803] raid6: sse2x4   xor()   184 MB/s
[STDERR  ] 2017-11-07T11:17:07.682783946Z: [   20.794080] raid6: using algorithm sse2x1 gen() 348 MB/s
[STDERR  ] 2017-11-07T11:17:07.682789741Z: [   20.794480] raid6: .... xor() 165 MB/s, rmw enabled
[STDERR  ] 2017-11-07T11:17:07.682797666Z: [   20.794977] raid6: using intx1 recovery algorithm
[STDERR  ] 2017-11-07T11:17:07.682802986Z: [   20.816482] xor: measuring software checksum speed
[STDERR  ] 2017-11-07T11:17:07.682808235Z: [   20.910287]    prefetch64-sse:   644.400 MB/sec
[STDERR  ] 2017-11-07T11:17:07.682813533Z: [   21.010357]    generic_sse:   619.200 MB/sec
[STDERR  ] 2017-11-07T11:17:07.682818827Z: [   21.010787] xor: using function: prefetch64-sse (644.400 MB/sec)
[STDERR  ] 2017-11-07T11:17:07.682824094Z: [   21.172983] Btrfs loaded, crc32c=crc32c-generic
[STDERR  ] 2017-11-07T11:17:07.68282937Z: [   21.691380] IPVS: Creating netns size=2104 id=1
[STDERR  ] 2017-11-07T11:17:07.682834607Z: [   21.692474] IPVS: ftp: loaded support on port[0] = 21
[STDERR  ] 2017-11-07T11:17:07.682839853Z: 2017/11/07 11:16:47 Creating partition on /dev/sda
[STDERR  ] 2017-11-07T11:17:07.682845124Z: [   22.919427]  sda:
[STDERR  ] 2017-11-07T11:17:07.682850486Z: [   22.993081]  sda:
[STDERR  ] 2017-11-07T11:17:07.682855708Z: [   23.025862]  sda: sda1
[STDERR  ] 2017-11-07T11:17:07.682865321Z: [   23.100650]  sda: sda1
[STDERR  ] 2017-11-07T11:17:07.682870811Z: [   24.873916] BTRFS: device fsid a9ce47df-5872-4ff5-bf10-58ab020d3666 devid 1 transid 5 /dev/sda1
[STDERR  ] 2017-11-07T11:17:07.682878104Z: 2017/11/07 11:16:49 Partition /dev/sda1 successfully created!
[STDERR  ] 2017-11-07T11:17:07.682883458Z: [   25.636711] IPVS: Creating netns size=2104 id=2
[STDERR  ] 2017-11-07T11:17:07.682888808Z: [   25.637893] IPVS: ftp: loaded support on port[0] = 21
[STDERR  ] 2017-11-07T11:17:07.682894238Z: [   26.872600] FAT-fs (sda1): utf8 is not a recommended IO charset for FAT filesystems, filesystem will be case sensitive!
[STDERR  ] 2017-11-07T11:17:07.682900239Z: [   26.877525] FAT-fs (sda1): utf8 is not a recommended IO charset for FAT filesystems, filesystem will be case sensitive!
[STDERR  ] 2017-11-07T11:17:07.68290869Z: [   26.882251] mount: sending ioctl 5310 to a partition!
[STDERR  ] 2017-11-07T11:17:07.682914285Z: [   26.918515] mount: sending ioctl 5310 to a partition!
[STDERR  ] 2017-11-07T11:17:07.682920039Z: [   26.920546] UDF-fs: warning (device sda1): udf_fill_super: No partition found (2)
[STDERR  ] 2017-11-07T11:17:07.682928146Z: [   26.953223] BTRFS info (device sda1): disk space caching is enabled
[STDERR  ] 2017-11-07T11:17:07.682935744Z: [   26.953584] BTRFS info (device sda1): has skinny extents
[STDERR  ] 2017-11-07T11:17:07.682943294Z: [   26.953764] BTRFS info (device sda1): flagging fs with big metadata feature
[STDERR  ] 2017-11-07T11:17:07.682950618Z: [   27.001491] BTRFS info (device sda1): creating UUID tree
[STDERR  ] 2017-11-07T11:17:07.682958073Z: format_mount test suite PASSED
[STDERR  ] 2017-11-07T11:17:07.682965371Z: [   41.112170] sd 0:0:0:0: [sda] Synchronizing SCSI cache
[STDERR  ] 2017-11-07T11:17:07.682972589Z: [   41.114560] sd 0:0:0:0: [sda] Stopping disk
[STDERR  ] 2017-11-07T11:17:07.682979732Z: [   41.117879] ACPI: Preparing to enter system sleep state S5
[STDERR  ] 2017-11-07T11:17:07.682988282Z: [   41.119054] reboot: Power down
[STDERR  ] 2017-11-07T11:17:07.682997133Z: + echo [    0.000000] Linux version 4.9.60-linuxkit (root@82cddbd9179e) (gcc version 6.3.0 (Alpine 6.3.0) ) #1 SMP Thu Nov 2 16:36:48 UTC 2017
[STDERR  ] 2017-11-07T11:17:07.683005623Z: [    0.000000] Command line: console=ttyS0
[STDERR  ] 2017-11-07T11:17:07.683015794Z: [    0.000000] x86/fpu: Legacy x87 FPU detected.
[STDERR  ] 2017-11-07T11:17:07.683024153Z: [    0.000000] x86/fpu: Using 'eager' FPU context switches.
[STDERR  ] 2017-11-07T11:17:07.683042074Z: [    0.000000] e820: BIOS-provided physical RAM map:
[STDERR  ] 2017-11-07T11:17:07.683053149Z: [    0.000000] BIOS-e820: [mem 0x0000000000000000-0x000000000009fbff] usable
[STDERR  ] 2017-11-07T11:17:07.683065641Z: [    0.000000] BIOS-e820: [mem 0x000000000009fc00-0x000000000009ffff] reserved
[STDERR  ] 2017-11-07T11:17:07.683072117Z: [    0.000000] BIOS-e820: [mem 0x00000000000f0000-0x00000000000fffff] reserved
[STDERR  ] 2017-11-07T11:17:07.683077886Z: [    0.000000] BIOS-e820: [mem 0x0000000000100000-0x000000003ffdefff] usable
[STDERR  ] 2017-11-07T11:17:07.683083421Z: [    0.000000] BIOS-e820: [mem 0x000000003ffdf000-0x000000003fffffff] reserved
[STDERR  ] 2017-11-07T11:17:07.683089761Z: [    0.000000] BIOS-e820: [mem 0x00000000b0000000-0x00000000bfffffff] reserved
[STDERR  ] 2017-11-07T11:17:07.683095142Z: [    0.000000] BIOS-e820: [mem 0x00000000fed1c000-0x00000000fed1ffff] reserved
[STDERR  ] 2017-11-07T11:17:07.683100379Z: [    0.000000] BIOS-e820: [mem 0x00000000fffc0000-0x00000000ffffffff] reserved
[STDERR  ] 2017-11-07T11:17:07.683105744Z: [    0.000000] NX (Execute Disable) protection: active
[STDERR  ] 2017-11-07T11:17:07.683111874Z: [    0.000000] SMBIOS 2.8 present.
[STDERR  ] 2017-11-07T11:17:07.683117216Z: [    0.000000] e820: last_pfn = 0x3ffdf max_arch_pfn = 0x400000000
[STDERR  ] 2017-11-07T11:17:07.68312273Z: [    0.000000] x86/PAT: Configuration [0-7]: WB  WC  UC- UC  WB  WC  UC- WT  
[STDERR  ] 2017-11-07T11:17:07.683128284Z: [    0.000000] found SMP MP-table at [mem 0x000f6aa0-0x000f6aaf] mapped at [ffff8b17400f6aa0]
[STDERR  ] 2017-11-07T11:17:07.683133784Z: [    0.000000] RAMDISK: [mem 0x3df69000-0x3ffcffff]
[STDERR  ] 2017-11-07T11:17:07.683139255Z: [    0.000000] ACPI: Early table checksum verification disabled
[STDERR  ] 2017-11-07T11:17:07.683144789Z: [    0.000000] ACPI: RSDP 0x00000000000F68C0 000014 (v00 BOCHS )
[STDERR  ] 2017-11-07T11:17:07.683150221Z: [    0.000000] ACPI: RSDT 0x000000003FFE2404 000034 (v01 BOCHS  BXPCRSDT 00000001 BXPC 00000001)
[STDERR  ] 2017-11-07T11:17:07.683155594Z: [    0.000000] ACPI: FACP 0x000000003FFE22A4 000074 (v01 BOCHS  BXPCFACP 00000001 BXPC 00000001)
[STDERR  ] 2017-11-07T11:17:07.683161014Z: [    0.000000] ACPI: DSDT 0x000000003FFE0040 002264 (v01 BOCHS  BXPCDSDT 00000001 BXPC 00000001)
[STDERR  ] 2017-11-07T11:17:07.683166552Z: [    0.000000] ACPI: FACS 0x000000003FFE0000 000040
[STDERR  ] 2017-11-07T11:17:07.683176043Z: [    0.000000] ACPI: APIC 0x000000003FFE2318 000078 (v01 BOCHS  BXPCAPIC 00000001 BXPC 00000001)
[STDERR  ] 2017-11-07T11:17:07.683181415Z: [    0.000000] ACPI: HPET 0x000000003FFE2390 000038 (v01 BOCHS  BXPCHPET 00000001 BXPC 00000001)
[STDERR  ] 2017-11-07T11:17:07.683186668Z: [    0.000000] ACPI: MCFG 0x000000003FFE23C8 00003C (v01 BOCHS  BXPCMCFG 00000001 BXPC 00000001)
[STDERR  ] 2017-11-07T11:17:07.683191999Z: [    0.000000] Zone ranges:
[STDERR  ] 2017-11-07T11:17:07.683197335Z: [    0.000000]   DMA      [mem 0x0000000000001000-0x0000000000ffffff]
[STDERR  ] 2017-11-07T11:17:07.683202632Z: [    0.000000]   DMA32    [mem 0x0000000001000000-0x000000003ffdefff]
[STDERR  ] 2017-11-07T11:17:07.683207953Z: [    0.000000]   Normal   empty
[STDERR  ] 2017-11-07T11:17:07.683213571Z: [    0.000000] Movable zone start for each node
[STDERR  ] 2017-11-07T11:17:07.68322053Z: [    0.000000] Early memory node ranges
[STDERR  ] 2017-11-07T11:17:07.683225926Z: [    0.000000]   node   0: [mem 0x0000000000001000-0x000000000009efff]
[STDERR  ] 2017-11-07T11:17:07.683231776Z: [    0.000000]   node   0: [mem 0x0000000000100000-0x000000003ffdefff]
[STDERR  ] 2017-11-07T11:17:07.683237072Z: [    0.000000] Initmem setup node 0 [mem 0x0000000000001000-0x000000003ffdefff]
[STDERR  ] 2017-11-07T11:17:07.683242355Z: [    0.000000] ACPI: PM-Timer IO Port: 0x608
[STDERR  ] 2017-11-07T11:17:07.683247703Z: [    0.000000] ACPI: LAPIC_NMI (acpi_id[0xff] dfl dfl lint[0x1])
[STDERR  ] 2017-11-07T11:17:07.683252985Z: [    0.000000] IOAPIC[0]: apic_id 0, version 32, address 0xfec00000, GSI 0-23
[STDERR  ] 2017-11-07T11:17:07.683258302Z: [    0.000000] ACPI: INT_SRC_OVR (bus 0 bus_irq 0 global_irq 2 dfl dfl)
[STDERR  ] 2017-11-07T11:17:07.683263655Z: [    0.000000] ACPI: INT_SRC_OVR (bus 0 bus_irq 5 global_irq 5 high level)
[STDERR  ] 2017-11-07T11:17:07.683271686Z: [    0.000000] ACPI: INT_SRC_OVR (bus 0 bus_irq 9 global_irq 9 high level)
[STDERR  ] 2017-11-07T11:17:07.683277095Z: [    0.000000] ACPI: INT_SRC_OVR (bus 0 bus_irq 10 global_irq 10 high level)
[STDERR  ] 2017-11-07T11:17:07.683282391Z: [    0.000000] ACPI: INT_SRC_OVR (bus 0 bus_irq 11 global_irq 11 high level)
[STDERR  ] 2017-11-07T11:17:07.683287712Z: [    0.000000] Using ACPI (MADT) for SMP configuration information
[STDERR  ] 2017-11-07T11:17:07.683293214Z: [    0.000000] ACPI: HPET id: 0x8086a201 base: 0xfed00000
[STDERR  ] 2017-11-07T11:17:07.683299343Z: [    0.000000] smpboot: Allowing 1 CPUs, 0 hotplug CPUs
[STDERR  ] 2017-11-07T11:17:07.683304627Z: [    0.000000] e820: [mem 0x40000000-0xafffffff] available for PCI devices
[STDERR  ] 2017-11-07T11:17:07.683309941Z: [    0.000000] Booting paravirtualized kernel on bare hardware
[STDERR  ] 2017-11-07T11:17:07.683315307Z: [    0.000000] clocksource: refined-jiffies: mask: 0xffffffff max_cycles: 0xffffffff, max_idle_ns: 19112604462750000 ns
[STDERR  ] 2017-11-07T11:17:07.683343122Z: [    0.000000] setup_percpu: NR_CPUS:128 nr_cpumask_bits:128 nr_cpu_ids:1 nr_node_ids:1
[STDERR  ] 2017-11-07T11:17:07.683348593Z: [    0.000000] percpu: Embedded 35 pages/cpu @ffff8b177dc00000 s105112 r8192 d30056 u2097152
[STDERR  ] 2017-11-07T11:17:07.683353884Z: [    0.000000] Built 1 zonelists in Zone order, mobility grouping on.  Total pages: 257896
[STDERR  ] 2017-11-07T11:17:07.683359235Z: [    0.000000] Kernel command line: console=ttyS0
[STDERR  ] 2017-11-07T11:17:07.683368699Z: [    0.000000] PID hash table entries: 4096 (order: 3, 32768 bytes)
[STDERR  ] 2017-11-07T11:17:07.683374375Z: [    0.000000] Dentry cache hash table entries: 131072 (order: 8, 1048576 bytes)
[STDERR  ] 2017-11-07T11:17:07.683379788Z: [    0.000000] Inode-cache hash table entries: 65536 (order: 7, 524288 bytes)
[STDERR  ] 2017-11-07T11:17:07.683387365Z: [    0.000000] Memory: 980992K/1048052K available (8053K kernel code, 1367K rwdata, 2704K rodata, 1380K init, 568K bss, 67060K reserved, 0K cma-reserved)
[STDERR  ] 2017-11-07T11:17:07.683393768Z: [    0.000000] Hierarchical RCU implementation.
[STDERR  ] 2017-11-07T11:17:07.683402929Z: [    0.000000] 	Build-time adjustment of leaf fanout to 64.
[STDERR  ] 2017-11-07T11:17:07.683408899Z: [    0.000000] 	RCU restricting CPUs from NR_CPUS=128 to nr_cpu_ids=1.
[STDERR  ] 2017-11-07T11:17:07.683416589Z: [    0.000000] RCU: Adjusting geometry for rcu_fanout_leaf=64, nr_cpu_ids=1
[STDERR  ] 2017-11-07T11:17:07.683424324Z: [    0.000000] NR_IRQS:8448 nr_irqs:256 16
[STDERR  ] 2017-11-07T11:17:07.683431648Z: [    0.000000] Console: colour VGA+ 80x25
[STDERR  ] 2017-11-07T11:17:07.683439227Z: [    0.000000] console [ttyS0] enabled
[STDERR  ] 2017-11-07T11:17:07.683446818Z: [    0.000000] clocksource: hpet: mask: 0xffffffff max_cycles: 0xffffffff, max_idle_ns: 19112604467 ns
[STDERR  ] 2017-11-07T11:17:07.683455407Z: [    0.000000] tsc: Fast TSC calibration using PIT
[STDERR  ] 2017-11-07T11:17:07.683465844Z: [    0.000000] tsc: Detected 2599.918 MHz processor
[STDERR  ] 2017-11-07T11:17:07.683473915Z: [    0.032214] Calibrating delay loop (skipped), value calculated using timer frequency.. 5199.83 BogoMIPS (lpj=25999180)
[STDERR  ] 2017-11-07T11:17:07.683479799Z: [    0.033047] pid_max: default: 32768 minimum: 301
[STDERR  ] 2017-11-07T11:17:07.683487479Z: [    0.034107] ACPI: Core revision 20160831
[STDERR  ] 2017-11-07T11:17:07.683494853Z: [    0.078988] ACPI: 1 ACPI AML tables successfully acquired and loaded
[STDERR  ] 2017-11-07T11:17:07.683503732Z: [    0.083885] Security Framework initialized
[STDERR  ] 2017-11-07T11:17:07.683509619Z: [    0.084351] Yama: becoming mindful.
[STDERR  ] 2017-11-07T11:17:07.683515233Z: [    0.086553] Mount-cache hash table entries: 2048 (order: 2, 16384 bytes)
[STDERR  ] 2017-11-07T11:17:07.68352085Z: [    0.087194] Mountpoint-cache hash table entries: 2048 (order: 2, 16384 bytes)
[STDERR  ] 2017-11-07T11:17:07.683526378Z: [    0.107281] Last level iTLB entries: 4KB 0, 2MB 0, 4MB 0
[STDERR  ] 2017-11-07T11:17:07.683535366Z: [    0.107882] Last level dTLB entries: 4KB 0, 2MB 0, 4MB 0, 1GB 0
[STDERR  ] 2017-11-07T11:17:07.683541087Z: [    0.390515] Freeing SMP alternatives memory: 20K
[STDERR  ] 2017-11-07T11:17:07.683546552Z: [    0.400906] ftrace: allocating 35584 entries in 140 pages
[STDERR  ] 2017-11-07T11:17:07.683552055Z: [    0.554729] smpboot: Max logical packages: 1
[STDERR  ] 2017-11-07T11:17:07.683557461Z: [    0.562661] ..TIMER: vector=0x30 apic1=0 pin1=2 apic2=-1 pin2=-1
[STDERR  ] 2017-11-07T11:17:07.683563004Z: [    0.670000] smpboot: CPU0: AMD QEMU Virtual CPU version 2.5+ (family: 0x6, model: 0x6, stepping: 0x3)
[STDERR  ] 2017-11-07T11:17:07.683569684Z: [    0.670000] Performance Events: PMU not available due to virtualization, using software events only.
[STDERR  ] 2017-11-07T11:17:07.683577159Z: [    0.678872] NMI watchdog: disabled (cpu0): hardware events not enabled
[STDERR  ] 2017-11-07T11:17:07.683582702Z: [    0.679312] NMI watchdog: Shutting down hard lockup detector on all cpus
[STDERR  ] 2017-11-07T11:17:07.683588393Z: [    0.682844] x86: Booted up 1 node, 1 CPUs
[STDERR  ] 2017-11-07T11:17:07.683595992Z: [    0.683370] smpboot: Total of 1 processors activated (5199.83 BogoMIPS)
[STDERR  ] 2017-11-07T11:17:07.683602526Z: [    0.697837] devtmpfs: initialized
[STDERR  ] 2017-11-07T11:17:07.683608537Z: [    0.704551] x86/mm: Memory block size: 128MB
[STDERR  ] 2017-11-07T11:17:07.683614157Z: [    0.765445] clocksource: jiffies: mask: 0xffffffff max_cycles: 0xffffffff, max_idle_ns: 19112604462750000 ns
[STDERR  ] 2017-11-07T11:17:07.683619563Z: [    0.766437] futex hash table entries: 256 (order: 2, 16384 bytes)
[STDERR  ] 2017-11-07T11:17:07.683625229Z: [    0.777061] NET: Registered protocol family 16
[STDERR  ] 2017-11-07T11:17:07.683630679Z: [    0.786950] cpuidle: using governor ladder
[STDERR  ] 2017-11-07T11:17:07.683636173Z: [    0.787384] cpuidle: using governor menu
[STDERR  ] 2017-11-07T11:17:07.683641448Z: [    0.788710] ACPI: bus type PCI registered
[STDERR  ] 2017-11-07T11:17:07.68364852Z: [    0.791956] PCI: MMCONFIG for domain 0000 [bus 00-ff] at [mem 0xb0000000-0xbfffffff] (base 0xb0000000)
[STDERR  ] 2017-11-07T11:17:07.683658149Z: [    0.792812] PCI: MMCONFIG at [mem 0xb0000000-0xbfffffff] reserved in E820
[STDERR  ] 2017-11-07T11:17:07.683663936Z: [    0.794227] PCI: Using configuration type 1 for base access
[STDERR  ] 2017-11-07T11:17:07.683669353Z: [    0.848076] HugeTLB registered 2 MB page size, pre-allocated 0 pages
[STDERR  ] 2017-11-07T11:17:07.683675115Z: [    0.859694] ACPI: Added _OSI(Module Device)
[STDERR  ] 2017-11-07T11:17:07.683680556Z: [    0.859882] ACPI: Added _OSI(Processor Device)
[STDERR  ] 2017-11-07T11:17:07.683685841Z: [    0.860069] ACPI: Added _OSI(3.0 _SCP Extensions)
[STDERR  ] 2017-11-07T11:17:07.683691138Z: [    0.860365] ACPI: Added _OSI(Processor Aggregator Device)
[STDERR  ] 2017-11-07T11:17:07.683696669Z: [    0.934045] ACPI: Interpreter enabled
[STDERR  ] 2017-11-07T11:17:07.683702147Z: [    0.935025] ACPI: (supports S0 S5)
[STDERR  ] 2017-11-07T11:17:07.683707488Z: [    0.935294] ACPI: Using IOAPIC for interrupt routing
[STDERR  ] 2017-11-07T11:17:07.683713029Z: [    0.937872] PCI: Using host bridge windows from ACPI; if necessary, use "pci=nocrs" and report a bug
[STDERR  ] 2017-11-07T11:17:07.683718496Z: [    1.001162] ACPI: PCI Root Bridge [PCI0] (domain 0000 [bus 00-ff])
[STDERR  ] 2017-11-07T11:17:07.683723895Z: [    1.002581] acpi PNP0A08:00: _OSC: OS supports [ExtendedConfig ASPM ClockPM Segments MSI]
[STDERR  ] 2017-11-07T11:17:07.683729403Z: [    1.009070] acpi PNP0A08:00: _OSC: OS now controls [PCIeHotplug PME PCIeCapability]
[STDERR  ] 2017-11-07T11:17:07.683734917Z: [    1.013393] PCI host bridge to bus 0000:00
[STDERR  ] 2017-11-07T11:17:07.683740391Z: [    1.013927] pci_bus 0000:00: root bus resource [io  0x0000-0x0cf7 window]
[STDERR  ] 2017-11-07T11:17:07.683745728Z: [    1.014248] pci_bus 0000:00: root bus resource [io  0x0d00-0xffff window]
[STDERR  ] 2017-11-07T11:17:07.683751145Z: [    1.014626] pci_bus 0000:00: root bus resource [mem 0x000a0000-0x000bffff window]
[STDERR  ] 2017-11-07T11:17:07.683759332Z: [    1.015040] pci_bus 0000:00: root bus resource [mem 0xc0000000-0xfebfffff window]
[STDERR  ] 2017-11-07T11:17:07.683764696Z: [    1.015621] pci_bus 0000:00: root bus resource [bus 00-ff]
[STDERR  ] 2017-11-07T11:17:07.683771798Z: [    1.156744] pci 0000:00:1f.0: quirk: [io  0x0600-0x067f] claimed by ICH6 ACPI/GPIO/TCO
[STDERR  ] 2017-11-07T11:17:07.683777861Z: [    1.237173] ACPI: PCI Interrupt Link [LNKA] (IRQs 5 *10 11)
[STDERR  ] 2017-11-07T11:17:07.683783242Z: [    1.240716] ACPI: PCI Interrupt Link [LNKB] (IRQs 5 *10 11)
[STDERR  ] 2017-11-07T11:17:07.683789375Z: [    1.242894] ACPI: PCI Interrupt Link [LNKC] (IRQs 5 10 *11)
[STDERR  ] 2017-11-07T11:17:07.683794839Z: [    1.244679] ACPI: PCI Interrupt Link [LNKD] (IRQs 5 10 *11)
[STDERR  ] 2017-11-07T11:17:07.683800133Z: [    1.246341] ACPI: PCI Interrupt Link [LNKE] (IRQs 5 *10 11)
[STDERR  ] 2017-11-07T11:17:07.683805533Z: [    1.248075] ACPI: PCI Interrupt Link [LNKF] (IRQs 5 *10 11)
[STDERR  ] 2017-11-07T11:17:07.683810855Z: [    1.249770] ACPI: PCI Interrupt Link [LNKG] (IRQs 5 10 *11)
[STDERR  ] 2017-11-07T11:17:07.683816177Z: [    1.251881] ACPI: PCI Interrupt Link [LNKH] (IRQs 5 10 *11)
[STDERR  ] 2017-11-07T11:17:07.683821533Z: [    1.252849] ACPI: PCI Interrupt Link [GSIA] (IRQs *16)
[STDERR  ] 2017-11-07T11:17:07.683827121Z: [    1.253540] ACPI: PCI Interrupt Link [GSIB] (IRQs *17)
[STDERR  ] 2017-11-07T11:17:07.683832473Z: [    1.254180] ACPI: PCI Interrupt Link [GSIC] (IRQs *18)
[STDERR  ] 2017-11-07T11:17:07.683838066Z: [    1.254833] ACPI: PCI Interrupt Link [GSID] (IRQs *19)
[STDERR  ] 2017-11-07T11:17:07.683843467Z: [    1.255487] ACPI: PCI Interrupt Link [GSIE] (IRQs *20)
[STDERR  ] 2017-11-07T11:17:07.683849505Z: [    1.256155] ACPI: PCI Interrupt Link [GSIF] (IRQs *21)
[STDERR  ] 2017-11-07T11:17:07.683854835Z: [    1.256821] ACPI: PCI Interrupt Link [GSIG] (IRQs *22)
[STDERR  ] 2017-11-07T11:17:07.683864668Z: [    1.257503] ACPI: PCI Interrupt Link [GSIH] (IRQs *23)
[STDERR  ] 2017-11-07T11:17:07.683870343Z: [    1.261763] ACPI: Enabled 2 GPEs in block 00 to 3F
[STDERR  ] 2017-11-07T11:17:07.683879453Z: [    1.266252] SCSI subsystem initialized
[STDERR  ] 2017-11-07T11:17:07.683885131Z: [    1.268385] ACPI: bus type USB registered
[STDERR  ] 2017-11-07T11:17:07.683890616Z: [    1.269571] usbcore: registered new interface driver usbfs
[STDERR  ] 2017-11-07T11:17:07.68389607Z: [    1.270666] usbcore: registered new interface driver hub
[STDERR  ] 2017-11-07T11:17:07.683901713Z: [    1.271502] usbcore: registered new device driver usb
[STDERR  ] 2017-11-07T11:17:07.683907127Z: [    1.272690] pps_core: LinuxPPS API ver. 1 registered
[STDERR  ] 2017-11-07T11:17:07.683912709Z: [    1.273014] pps_core: Software ver. 5.3.6 - Copyright 2005-2007 Rodolfo Giometti <giometti@linux.it>
[STDERR  ] 2017-11-07T11:17:07.683918083Z: [    1.273697] PTP clock support registered
[STDERR  ] 2017-11-07T11:17:07.683923459Z: [    1.274984] wmi: Mapper loaded
[STDERR  ] 2017-11-07T11:17:07.683928976Z: [    1.276350] PCI: Using ACPI for IRQ routing
[STDERR  ] 2017-11-07T11:17:07.683934379Z: [    1.297005] NetLabel: Initializing
[STDERR  ] 2017-11-07T11:17:07.683939756Z: [    1.297232] NetLabel:  domain hash size = 128
[STDERR  ] 2017-11-07T11:17:07.683945287Z: [    1.297539] NetLabel:  protocols = UNLABELED CIPSOv4
[STDERR  ] 2017-11-07T11:17:07.68395097Z: [    1.300379] NetLabel:  unlabeled traffic allowed by default
[STDERR  ] 2017-11-07T11:17:07.683956502Z: [    1.301562] HPET: 3 timers in total, 0 timers will be used for per-cpu timer
[STDERR  ] 2017-11-07T11:17:07.683961958Z: [    1.302388] hpet0: at MMIO 0xfed00000, IRQs 2, 8, 0
[STDERR  ] 2017-11-07T11:17:07.683967424Z: [    1.302887] hpet0: 3 comparators, 64-bit 100.000000 MHz counter
[STDERR  ] 2017-11-07T11:17:07.683972965Z: [    1.308197] clocksource: Switched to clocksource hpet
[STDERR  ] 2017-11-07T11:17:07.683978378Z: [    1.555949] VFS: Disk quotas dquot_6.6.0
[STDERR  ] 2017-11-07T11:17:07.683988153Z: [    1.556740] VFS: Dquot-cache hash table entries: 512 (order 0, 4096 bytes)
[STDERR  ] 2017-11-07T11:17:07.683994641Z: [    1.560703] FS-Cache: Loaded
[STDERR  ] 2017-11-07T11:17:07.684000923Z: [    1.566162] CacheFiles: Loaded
[STDERR  ] 2017-11-07T11:17:07.684006471Z: [    1.568634] pnp: PnP ACPI init
[STDERR  ] 2017-11-07T11:17:07.684011816Z: [    1.580628] pnp: PnP ACPI: found 5 devices
[STDERR  ] 2017-11-07T11:17:07.684017286Z: [    1.630040] clocksource: acpi_pm: mask: 0xffffff max_cycles: 0xffffff, max_idle_ns: 2085701024 ns
[STDERR  ] 2017-11-07T11:17:07.684026225Z: [    1.634392] NET: Registered protocol family 2
[STDERR  ] 2017-11-07T11:17:07.684033247Z: [    1.642496] TCP established hash table entries: 8192 (order: 4, 65536 bytes)
[STDERR  ] 2017-11-07T11:17:07.68403883Z: [    1.643355] TCP bind hash table entries: 8192 (order: 5, 131072 bytes)
[STDERR  ] 2017-11-07T11:17:07.684044227Z: [    1.644014] TCP: Hash tables configured (established 8192 bind 8192)
[STDERR  ] 2017-11-07T11:17:07.68404955Z: [    1.646503] UDP hash table entries: 512 (order: 2, 16384 bytes)
[STDERR  ] 2017-11-07T11:17:07.684055005Z: [    1.647074] UDP-Lite hash table entries: 512 (order: 2, 16384 bytes)
[STDERR  ] 2017-11-07T11:17:07.68406127Z: [    1.649792] NET: Registered protocol family 1
[STDERR  ] 2017-11-07T11:17:07.684066676Z: [    1.651211] pci 0000:00:01.0: Video device with shadowed ROM at [mem 0x000c0000-0x000dffff]
[STDERR  ] 2017-11-07T11:17:07.684072171Z: [    1.658526] Unpacking initramfs...
[STDERR  ] 2017-11-07T11:17:07.684077515Z: [    6.439769] Freeing initrd memory: 33180K
[STDERR  ] 2017-11-07T11:17:07.684082945Z: [    6.462911] PCLMULQDQ-NI instructions are not detected.
[STDERR  ] 2017-11-07T11:17:07.684088266Z: [    6.464338] AVX or AES-NI instructions are not detected.
[STDERR  ] 2017-11-07T11:17:07.6840936Z: [    6.464837] CPU feature 'AVX registers' is not supported.
[STDERR  ] 2017-11-07T11:17:07.68410091Z: [    6.465234] CPU feature 'AVX registers' is not supported.
[STDERR  ] 2017-11-07T11:17:07.684106248Z: [    6.465593] CPU feature 'AVX registers' is not supported.
[STDERR  ] 2017-11-07T11:17:07.684111662Z: [    6.465915] CPU feature 'AVX registers' is not supported.
[STDERR  ] 2017-11-07T11:17:07.684120822Z: [    6.466242] AVX2 or AES-NI instructions are not detected.
[STDERR  ] 2017-11-07T11:17:07.684126271Z: [    6.466600] AVX2 instructions are not detected.
[STDERR  ] 2017-11-07T11:17:07.684131606Z: [    6.472931] audit: initializing netlink subsys (disabled)
[STDERR  ] 2017-11-07T11:17:07.684137009Z: [    6.474597] audit: type=2000 audit(1510053391.470:1): initialized
[STDERR  ] 2017-11-07T11:17:07.68414236Z: [    6.484501] workingset: timestamp_bits=46 max_order=18 bucket_order=0
[STDERR  ] 2017-11-07T11:17:07.684147887Z: [    6.488873] squashfs: version 4.0 (2009/01/31) Phillip Lougher
[STDERR  ] 2017-11-07T11:17:07.684153259Z: [    6.494614] FS-Cache: Netfs 'cifs' registered for caching
[STDERR  ] 2017-11-07T11:17:07.684158645Z: [    6.495735] fuse init (API version 7.26)
[STDERR  ] 2017-11-07T11:17:07.684165294Z: [    6.498060] SGI XFS with ACLs, security attributes, no debug enabled
[STDERR  ] 2017-11-07T11:17:07.684170887Z: [    6.502480] 9p: Installing v9fs 9p2000 file system support
[STDERR  ] 2017-11-07T11:17:07.684176278Z: [    6.502772] FS-Cache: Netfs '9p' registered for caching
[STDERR  ] 2017-11-07T11:17:07.684181617Z: [    6.531152] NET: Registered protocol family 38
[STDERR  ] 2017-11-07T11:17:07.684186929Z: [    6.531971] Key type asymmetric registered
[STDERR  ] 2017-11-07T11:17:07.684192808Z: [    6.532323] Asymmetric key parser 'x509' registered
[STDERR  ] 2017-11-07T11:17:07.684198155Z: [    6.533301] Block layer SCSI generic (bsg) driver version 0.4 loaded (major 251)
[STDERR  ] 2017-11-07T11:17:07.684203659Z: [    6.534872] io scheduler noop registered
[STDERR  ] 2017-11-07T11:17:07.684208968Z: [    6.535213] io scheduler deadline registered (default)
[STDERR  ] 2017-11-07T11:17:07.684214266Z: [    6.536076] io scheduler cfq registered
[STDERR  ] 2017-11-07T11:17:07.684224803Z: [    6.538754] pci_hotplug: PCI Hot Plug PCI Core version: 0.5
[STDERR  ] 2017-11-07T11:17:07.684230548Z: [    6.539352] pciehp: PCI Express Hot Plug Controller Driver version: 0.4
[STDERR  ] 2017-11-07T11:17:07.684235933Z: [    6.541303] shpchp: Standard Hot Plug PCI Controller Driver version: 0.4
[STDERR  ] 2017-11-07T11:17:07.684241266Z: [    6.542240] hv_vmbus: registering driver hyperv_fb
[STDERR  ] 2017-11-07T11:17:07.684246614Z: [    6.545619] input: Power Button as /devices/LNXSYSTM:00/LNXPWRBN:00/input/input0
[STDERR  ] 2017-11-07T11:17:07.684251966Z: [    6.546754] ACPI: Power Button [PWRF]
[STDERR  ] 2017-11-07T11:17:07.684257624Z: [    6.553110] GHES: HEST is not enabled!
[STDERR  ] 2017-11-07T11:17:07.684262932Z: [    6.565376] ACPI: PCI Interrupt Link [GSIG] enabled at IRQ 22
[STDERR  ] 2017-11-07T11:17:07.684268267Z: [    6.580991] ACPI: PCI Interrupt Link [GSIH] enabled at IRQ 23
[STDERR  ] 2017-11-07T11:17:07.684273807Z: [    6.586998] xenfs: not registering filesystem on non-xen platform
[STDERR  ] 2017-11-07T11:17:07.684279222Z: [    6.589389] Serial: 8250/16550 driver, 4 ports, IRQ sharing disabled
[STDERR  ] 2017-11-07T11:17:07.684284531Z: [    6.614756] 00:04: ttyS0 at I/O 0x3f8 (irq = 4, base_baud = 115200) is a 16550A
[STDERR  ] 2017-11-07T11:17:07.684290164Z: [    6.627058] Non-volatile memory driver v1.3
[STDERR  ] 2017-11-07T11:17:07.684295513Z: [    6.635077] Hangcheck: starting hangcheck timer 0.9.1 (tick is 180 seconds, margin is 60 seconds).
[STDERR  ] 2017-11-07T11:17:07.684301448Z: [    6.640714] random: fast init done
[STDERR  ] 2017-11-07T11:17:07.684306828Z: [    6.642021] random: crng init done
[STDERR  ] 2017-11-07T11:17:07.684312154Z: [    6.677465] loop: module loaded
[STDERR  ] 2017-11-07T11:17:07.684317725Z: [    6.692455] nbd: registered device at major 43
[STDERR  ] 2017-11-07T11:17:07.684323094Z: [    6.733940] lpc_ich 0000:00:1f.0: I/O space for GPIO uninitialized
[STDERR  ] 2017-11-07T11:17:07.684328491Z: [    6.736298] VMware PVSCSI driver - version 1.0.7.0-k
[STDERR  ] 2017-11-07T11:17:07.684335539Z: [    6.737133] hv_vmbus: registering driver hv_storvsc
[STDERR  ] 2017-11-07T11:17:07.684343952Z: [    6.748207] ACPI: PCI Interrupt Link [GSIA] enabled at IRQ 16
[STDERR  ] 2017-11-07T11:17:07.684349472Z: [    6.756746] ahci 0000:00:1f.2: AHCI 0001.0000 32 slots 6 ports 1.5 Gbps 0x3f impl SATA mode
[STDERR  ] 2017-11-07T11:17:07.684354948Z: [    6.757548] ahci 0000:00:1f.2: flags: 64bit ncq only 
[STDERR  ] 2017-11-07T11:17:07.6843605Z: [    6.778221] scsi host0: ahci
[STDERR  ] 2017-11-07T11:17:07.684369572Z: [    6.783662] scsi host1: ahci
[STDERR  ] 2017-11-07T11:17:07.684378394Z: [    6.786133] scsi host2: ahci
[STDERR  ] 2017-11-07T11:17:07.684386971Z: [    6.788425] scsi host3: ahci
[STDERR  ] 2017-11-07T11:17:07.684392757Z: [    6.790192] scsi host4: ahci
[STDERR  ] 2017-11-07T11:17:07.684398309Z: [    6.790192] scsi host5: ahci
[STDERR  ] 2017-11-07T11:17:07.684405213Z: [    6.796129] ata1: SATA max UDMA/133 abar m4096@0xfebd2000 port 0xfebd2100 irq 24
[STDERR  ] 2017-11-07T11:17:07.684411432Z: [    6.796441] ata2: SATA max UDMA/133 abar m4096@0xfebd2000 port 0xfebd2180 irq 24
[STDERR  ] 2017-11-07T11:17:07.68441703Z: [    6.796698] ata3: SATA max UDMA/133 abar m4096@0xfebd2000 port 0xfebd2200 irq 24
[STDERR  ] 2017-11-07T11:17:07.684422517Z: [    6.797001] ata4: SATA max UDMA/133 abar m4096@0xfebd2000 port 0xfebd2280 irq 24
[STDERR  ] 2017-11-07T11:17:07.684427825Z: [    6.797228] ata5: SATA max UDMA/133 abar m4096@0xfebd2000 port 0xfebd2300 irq 24
[STDERR  ] 2017-11-07T11:17:07.684433194Z: [    6.797421] ata6: SATA max UDMA/133 abar m4096@0xfebd2000 port 0xfebd2380 irq 24
[STDERR  ] 2017-11-07T11:17:07.684438528Z: [    6.810727] tun: Universal TUN/TAP device driver, 1.6
[STDERR  ] 2017-11-07T11:17:07.684444035Z: [    6.811163] tun: (C) 1999-2004 Max Krasnyansky <maxk@qualcomm.com>
[STDERR  ] 2017-11-07T11:17:07.684449482Z: [    6.821774] VMware vmxnet3 virtual NIC driver - version 1.4.a.0-k-NAPI
[STDERR  ] 2017-11-07T11:17:07.684455459Z: [    6.822726] hv_vmbus: registering driver hv_netvsc
[STDERR  ] 2017-11-07T11:17:07.684464164Z: [    6.823117] Fusion MPT base driver 3.04.20
[STDERR  ] 2017-11-07T11:17:07.68446973Z: [    6.823394] Copyright (c) 1999-2008 LSI Corporation
[STDERR  ] 2017-11-07T11:17:07.68447511Z: [    6.824010] Fusion MPT SPI Host driver 3.04.20
[STDERR  ] 2017-11-07T11:17:07.6844805Z: [    6.826067] i8042: PNP: PS/2 Controller [PNP0303:KBD,PNP0f13:MOU] at 0x60,0x64 irq 1,12
[STDERR  ] 2017-11-07T11:17:07.684485966Z: [    6.830746] serio: i8042 KBD port at 0x60,0x64 irq 1
[STDERR  ] 2017-11-07T11:17:07.684491288Z: [    6.831469] serio: i8042 AUX port at 0x60,0x64 irq 12
[STDERR  ] 2017-11-07T11:17:07.684496679Z: [    6.834468] hv_vmbus: registering driver hyperv_keyboard
[STDERR  ] 2017-11-07T11:17:07.684502034Z: [    6.836729] mousedev: PS/2 mouse device common for all mice
[STDERR  ] 2017-11-07T11:17:07.684507383Z: [    6.841942] input: AT Translated Set 2 keyboard as /devices/platform/i8042/serio0/input/input1
[STDERR  ] 2017-11-07T11:17:07.684512851Z: [    6.844893] input: PC Speaker as /devices/platform/pcspkr/input/input2
[STDERR  ] 2017-11-07T11:17:07.684518222Z: [    6.848453] rtc_cmos 00:00: RTC can wake from S4
[STDERR  ] 2017-11-07T11:17:07.684525113Z: [    6.852228] rtc_cmos 00:00: rtc core: registered rtc_cmos as rtc0
[STDERR  ] 2017-11-07T11:17:07.684530504Z: [    6.853478] rtc_cmos 00:00: alarms up to one day, y3k, 114 bytes nvram, hpet irqs
[STDERR  ] 2017-11-07T11:17:07.684535845Z: [    6.854231] i2c /dev entries driver
[STDERR  ] 2017-11-07T11:17:07.684541218Z: [    6.856205] device-mapper: ioctl: 4.35.0-ioctl (2016-06-23) initialised: dm-devel@redhat.com
[STDERR  ] 2017-11-07T11:17:07.684547976Z: [    6.861295] usbcore: registered new interface driver usbhid
[STDERR  ] 2017-11-07T11:17:07.684553487Z: [    6.861737] usbhid: USB HID core driver
[STDERR  ] 2017-11-07T11:17:07.684558875Z: [    6.862326] hv_utils: Registering HyperV Utility Driver
[STDERR  ] 2017-11-07T11:17:07.684564228Z: [    6.862685] hv_vmbus: registering driver hv_util
[STDERR  ] 2017-11-07T11:17:07.684569568Z: [    6.862974] hv_vmbus: registering driver hv_balloon
[STDERR  ] 2017-11-07T11:17:07.684583208Z: [    6.863511] oprofile: using NMI interrupt.
[STDERR  ] 2017-11-07T11:17:07.684588774Z: [    6.864583] GACT probability on
[STDERR  ] 2017-11-07T11:17:07.684594372Z: [    6.865021] Mirror/redirect action on
[STDERR  ] 2017-11-07T11:17:07.6845997Z: [    6.865832] Simple TC action Loaded
[STDERR  ] 2017-11-07T11:17:07.684606214Z: [    6.866381] u32 classifier
[STDERR  ] 2017-11-07T11:17:07.684614501Z: [    6.866546]     Performance counters on
[STDERR  ] 2017-11-07T11:17:07.684622977Z: [    6.866817]     input device check on
[STDERR  ] 2017-11-07T11:17:07.68463066Z: [    6.867046]     Actions configured
[STDERR  ] 2017-11-07T11:17:07.684638392Z: [    6.867609] Netfilter messages via NETLINK v0.30.
[STDERR  ] 2017-11-07T11:17:07.684645767Z: [    6.868242] nfnl_acct: registering with nfnetlink.
[STDERR  ] 2017-11-07T11:17:07.684653478Z: [    6.869834] nf_conntrack version 0.5.0 (8192 buckets, 32768 max)
[STDERR  ] 2017-11-07T11:17:07.684661377Z: [    6.873242] ctnetlink v0.93: registering with nfnetlink.
[STDERR  ] 2017-11-07T11:17:07.684669025Z: [    6.876511] nf_tables: (c) 2007-2009 Patrick McHardy <kaber@trash.net>
[STDERR  ] 2017-11-07T11:17:07.684677404Z: [    6.877410] nf_tables_compat: (c) 2012 Pablo Neira Ayuso <pablo@netfilter.org>
[STDERR  ] 2017-11-07T11:17:07.684685688Z: [    6.879948] xt_time: kernel timezone is -0000
[STDERR  ] 2017-11-07T11:17:07.684693615Z: [    6.880961] ip_set: protocol 6
[STDERR  ] 2017-11-07T11:17:07.684701514Z: [    6.881682] IPVS: Registered protocols (TCP, UDP, SCTP, AH, ESP)
[STDERR  ] 2017-11-07T11:17:07.684710936Z: [    6.882255] IPVS: Connection hash table configured (size=4096, memory=64Kbytes)
[STDERR  ] 2017-11-07T11:17:07.684716542Z: [    6.884009] IPVS: Creating netns size=2104 id=0
[STDERR  ] 2017-11-07T11:17:07.684722086Z: [    6.886784] IPVS: ipvs loaded.
[STDERR  ] 2017-11-07T11:17:07.68472802Z: [    6.887120] IPVS: [rr] scheduler registered.
[STDERR  ] 2017-11-07T11:17:07.684737059Z: [    6.887467] IPVS: [wrr] scheduler registered.
[STDERR  ] 2017-11-07T11:17:07.684742766Z: [    6.887707] IPVS: [lc] scheduler registered.
[STDERR  ] 2017-11-07T11:17:07.684748193Z: [    6.887960] IPVS: [wlc] scheduler registered.
[STDERR  ] 2017-11-07T11:17:07.684753702Z: [    6.888210] IPVS: [fo] scheduler registered.
[STDERR  ] 2017-11-07T11:17:07.684759339Z: [    6.888401] IPVS: [ovf] scheduler registered.
[STDERR  ] 2017-11-07T11:17:07.684764647Z: [    6.888848] IPVS: [lblc] scheduler registered.
[STDERR  ] 2017-11-07T11:17:07.684770044Z: [    6.889269] IPVS: [lblcr] scheduler registered.
[STDERR  ] 2017-11-07T11:17:07.684775475Z: [    6.889573] IPVS: [dh] scheduler registered.
[STDERR  ] 2017-11-07T11:17:07.684780944Z: [    6.889814] IPVS: [sh] scheduler registered.
[STDERR  ] 2017-11-07T11:17:07.684786583Z: [    6.890043] IPVS: [sed] scheduler registered.
[STDERR  ] 2017-11-07T11:17:07.684794022Z: [    6.890865] IPVS: [nq] scheduler registered.
[STDERR  ] 2017-11-07T11:17:07.684799347Z: [    6.891669] IPVS: ftp: loaded support on port[0] = 21
[STDERR  ] 2017-11-07T11:17:07.684804822Z: [    6.892534] ipip: IPv4 and MPLS over IPv4 tunneling driver
[STDERR  ] 2017-11-07T11:17:07.684812136Z: [    6.896844] gre: GRE over IPv4 demultiplexor driver
[STDERR  ] 2017-11-07T11:17:07.68481758Z: [    6.899738] ip_tables: (C) 2000-2006 Netfilter Core Team
[STDERR  ] 2017-11-07T11:17:07.684822918Z: [    6.903442] ipt_CLUSTERIP: ClusterIP Version 0.8 loaded successfully
[STDERR  ] 2017-11-07T11:17:07.684828761Z: [    6.904232] arp_tables: arp_tables: (C) 2002 David S. Miller
[STDERR  ] 2017-11-07T11:17:07.684834158Z: [    6.906617] NET: Registered protocol family 10
[STDERR  ] 2017-11-07T11:17:07.68483953Z: [    6.916541] ip6_tables: (C) 2000-2006 Netfilter Core Team
[STDERR  ] 2017-11-07T11:17:07.684844951Z: [    6.925478] NET: Registered protocol family 17
[STDERR  ] 2017-11-07T11:17:07.684850239Z: [    6.926662] Bridge firewalling registered
[STDERR  ] 2017-11-07T11:17:07.684855838Z: [    6.927248] Ebtables v2.0 registered
[STDERR  ] 2017-11-07T11:17:07.684865624Z: [    6.929255] 8021q: 802.1Q VLAN Support v1.8
[STDERR  ] 2017-11-07T11:17:07.68487445Z: [    6.931119] 9pnet: Installing 9P2000 support
[STDERR  ] 2017-11-07T11:17:07.684879836Z: [    6.932767] Key type dns_resolver registered
[STDERR  ] 2017-11-07T11:17:07.684885168Z: [    6.933700] microcode: AMD CPU family 0x6 not supported
[STDERR  ] 2017-11-07T11:17:07.684890517Z: [    6.937322] registered taskstats version 1
[STDERR  ] 2017-11-07T11:17:07.684895834Z: [    7.112538] Key type big_key registered
[STDERR  ] 2017-11-07T11:17:07.684901175Z: [    7.131274] ata4: SATA link down (SStatus 0 SControl 300)
[STDERR  ] 2017-11-07T11:17:07.684906531Z: [    7.134381] ata3: SATA link up 1.5 Gbps (SStatus 113 SControl 300)
[STDERR  ] 2017-11-07T11:17:07.684912465Z: [    7.138396] ata3.00: ATAPI: QEMU DVD-ROM, 2.5+, max UDMA/100
[STDERR  ] 2017-11-07T11:17:07.684917764Z: [    7.138877] ata3.00: applying bridge limits
[STDERR  ] 2017-11-07T11:17:07.684923002Z: [    7.140542] ata2: SATA link down (SStatus 0 SControl 300)
[STDERR  ] 2017-11-07T11:17:07.684928309Z: [    7.141045] ata1: SATA link up 1.5 Gbps (SStatus 113 SControl 300)
[STDERR  ] 2017-11-07T11:17:07.684933599Z: [    7.142280] ata1.00: ATA-7: QEMU HARDDISK, 2.5+, max UDMA/100
[STDERR  ] 2017-11-07T11:17:07.684938859Z: [    7.142665] ata1.00: 1048576 sectors, multi 16: LBA48 NCQ (depth 31/32)
[STDERR  ] 2017-11-07T11:17:07.684944169Z: [    7.143146] ata1.00: applying bridge limits
[STDERR  ] 2017-11-07T11:17:07.684949458Z: [    7.144220] ata1.00: configured for UDMA/100
[STDERR  ] 2017-11-07T11:17:07.68495489Z: [    7.147041] ata6: SATA link down (SStatus 0 SControl 300)
[STDERR  ] 2017-11-07T11:17:07.684960163Z: [    7.147551] ata5: SATA link down (SStatus 0 SControl 300)
[STDERR  ] 2017-11-07T11:17:07.684965493Z: [    7.160891] ata3.00: configured for UDMA/100
[STDERR  ] 2017-11-07T11:17:07.684970754Z: [    7.172222] scsi 0:0:0:0: Direct-Access     ATA      QEMU HARDDISK    2.5+ PQ: 0 ANSI: 5
[STDERR  ] 2017-11-07T11:17:07.68498077Z: [    7.179767] sd 0:0:0:0: [sda] 1048576 512-byte logical blocks: (537 MB/512 MiB)
[STDERR  ] 2017-11-07T11:17:07.68498923Z: [    7.190881] sd 0:0:0:0: [sda] Write Protect is off
[STDERR  ] 2017-11-07T11:17:07.685001651Z: [    7.193615] sd 0:0:0:0: [sda] Write cache: enabled, read cache: enabled, doesn't support DPO or FUA
[STDERR  ] 2017-11-07T11:17:07.685009815Z: [    7.194713] sd 0:0:0:0: Attached scsi generic sg0 type 0
[STDERR  ] 2017-11-07T11:17:07.685024207Z: [    7.202126] scsi 2:0:0:0: CD-ROM            QEMU     QEMU DVD-ROM     2.5+ PQ: 0 ANSI: 5
[STDERR  ] 2017-11-07T11:17:07.685032182Z: [    7.224212] sr 2:0:0:0: [sr0] scsi3-mmc drive: 4x/4x cd/rw xa/form2 tray
[STDERR  ] 2017-11-07T11:17:07.685040892Z: [    7.224943] cdrom: Uniform CD-ROM driver Revision: 3.20
[STDERR  ] 2017-11-07T11:17:07.685048201Z: [    7.242410] sr 2:0:0:0: Attached scsi generic sg1 type 5
[STDERR  ] 2017-11-07T11:17:07.68505603Z: [    7.261994] sd 0:0:0:0: [sda] Attached SCSI disk
[STDERR  ] 2017-11-07T11:17:07.68506395Z: [    7.319004] Key type encrypted registered
[STDERR  ] 2017-11-07T11:17:07.685071577Z: [    7.325263] rtc_cmos 00:00: setting system clock to 2017-11-07 11:16:33 UTC (1510053393)
[STDERR  ] 2017-11-07T11:17:07.685080273Z: [    7.471124] Freeing unused kernel memory: 1380K
[STDERR  ] 2017-11-07T11:17:07.685088431Z: [    7.471416] Write protecting the kernel read-only data: 12288k
[STDERR  ] 2017-11-07T11:17:07.685096081Z: [    7.478154] Freeing unused kernel memory: 124K
[STDERR  ] 2017-11-07T11:17:07.685103152Z: [    7.569135] Freeing unused kernel memory: 1392K
[STDERR  ] 2017-11-07T11:17:07.685110916Z: [    7.569931] tsc: Refined TSC clocksource calibration: 2599.915 MHz
[STDERR  ] 2017-11-07T11:17:07.685169505Z: [    7.570929] clocksource: tsc: mask: 0xffffffffffffffff max_cycles: 0x2579ebf5280, max_idle_ns: 440795265740 ns
[STDERR  ] 2017-11-07T11:17:07.685180076Z: [    8.590976] clocksource: Switched to clocksource tsc
[STDERR  ] 2017-11-07T11:17:07.685191647Z: 
[STDERR  ] 2017-11-07T11:17:07.685199875Z: Welcome to LinuxKit
[STDERR  ] 2017-11-07T11:17:07.685213578Z: 
[STDERR  ] 2017-11-07T11:17:07.685221765Z:                         ##         .
[STDERR  ] 2017-11-07T11:17:07.685240414Z:                   ## ## ##        ==
[STDERR  ] 2017-11-07T11:17:07.685249851Z:                ## ## ## ## ##    ===
[STDERR  ] 2017-11-07T11:17:07.685258615Z:            /"""""""""""""""""\___/ ===
[STDERR  ] 2017-11-07T11:17:07.685266959Z:           {                       /  ===-
[STDERR  ] 2017-11-07T11:17:07.685274778Z:            \______ O           __/
[STDERR  ] 2017-11-07T11:17:07.685283111Z:              \    \         __/
[STDERR  ] 2017-11-07T11:17:07.685291871Z:               \____\_______/
[STDERR  ] 2017-11-07T11:17:07.685300524Z: 
[STDERR  ] 2017-11-07T11:17:07.685318492Z: [   19.940422] raid6: sse2x1   gen()   348 MB/s
[STDERR  ] 2017-11-07T11:17:07.68532744Z: [   20.110419] raid6: sse2x1   xor()   165 MB/s
[STDERR  ] 2017-11-07T11:17:07.685335686Z: [   20.280337] raid6: sse2x2   gen()   258 MB/s
[STDERR  ] 2017-11-07T11:17:07.685343229Z: [   20.450348] raid6: sse2x2   xor()   179 MB/s
[STDERR  ] 2017-11-07T11:17:07.685350827Z: [   20.620410] raid6: sse2x4   gen()   315 MB/s
[STDERR  ] 2017-11-07T11:17:07.685359181Z: [   20.793803] raid6: sse2x4   xor()   184 MB/s
[STDERR  ] 2017-11-07T11:17:07.68537045Z: [   20.794080] raid6: using algorithm sse2x1 gen() 348 MB/s
[STDERR  ] 2017-11-07T11:17:07.685378493Z: [   20.794480] raid6: .... xor() 165 MB/s, rmw enabled
[STDERR  ] 2017-11-07T11:17:07.685397728Z: [   20.794977] raid6: using intx1 recovery algorithm
[STDERR  ] 2017-11-07T11:17:07.685406435Z: [   20.816482] xor: measuring software checksum speed
[STDERR  ] 2017-11-07T11:17:07.685414666Z: [   20.910287]    prefetch64-sse:   644.400 MB/sec
[STDERR  ] 2017-11-07T11:17:07.685422929Z: [   21.010357]    generic_sse:   619.200 MB/sec
[STDERR  ] 2017-11-07T11:17:07.685431016Z: [   21.010787] xor: using function: prefetch64-sse (644.400 MB/sec)
[STDERR  ] 2017-11-07T11:17:07.685445046Z: [   21.172983] Btrfs loaded, crc32c=crc32c-generic
[STDERR  ] 2017-11-07T11:17:07.685454015Z: [   21.691380] IPVS: Creating netns size=2104 id=1
[STDERR  ] 2017-11-07T11:17:07.68546192Z: [   21.692474] IPVS: ftp: loaded support on port[0] = 21
[STDERR  ] 2017-11-07T11:17:07.68548066Z: 2017/11/07 11:16:47 Creating partition on /dev/sda
[STDERR  ] 2017-11-07T11:17:07.685489224Z: [   22.919427]  sda:
[STDERR  ] 2017-11-07T11:17:07.685498291Z: [   22.993081]  sda:
[STDERR  ] 2017-11-07T11:17:07.685506864Z: [   23.025862]  sda: sda1
[STDERR  ] 2017-11-07T11:17:07.685515989Z: [   23.100650]  sda: sda1
[STDERR  ] 2017-11-07T11:17:07.685524672Z: [   24.873916] BTRFS: device fsid a9ce47df-5872-4ff5-bf10-58ab020d3666 devid 1 transid 5 /dev/sda1
[STDERR  ] 2017-11-07T11:17:07.685533782Z: 2017/11/07 11:16:49 Partition /dev/sda1 successfully created!
[STDERR  ] 2017-11-07T11:17:07.685551552Z: [   25.636711] IPVS: Creating netns size=2104 id=2
[STDERR  ] 2017-11-07T11:17:07.685560602Z: [   25.637893] IPVS: ftp: loaded support on port[0] = 21
[STDERR  ] 2017-11-07T11:17:07.685569299Z: [   26.872600] FAT-fs (sda1): utf8 is not a recommended IO charset for FAT filesystems, filesystem will be case sensitive!
[STDERR  ] 2017-11-07T11:17:07.685578447Z: [   26.877525] FAT-fs (sda1): utf8 is not a recommended IO charset for FAT filesystems, filesystem will be case sensitive!
[STDERR  ] 2017-11-07T11:17:07.685586481Z: [   26.882251] mount: sending ioctl 5310 to a partition!
[STDERR  ] 2017-11-07T11:17:07.68559479Z: [   26.918515] mount: sending ioctl 5310 to a partition!
[STDERR  ] 2017-11-07T11:17:07.685603485Z: [   26.920546] UDF-fs: warning (device sda1): udf_fill_super: No partition found (2)
[STDERR  ] 2017-11-07T11:17:07.685612395Z: [   26.953223] BTRFS info (device sda1): disk space caching is enabled
[STDERR  ] 2017-11-07T11:17:07.685631156Z: [   26.953584] BTRFS info (device sda1): has skinny extents
[STDERR  ] 2017-11-07T11:17:07.685640192Z: [   26.953764] BTRFS info (device sda1): flagging fs with big metadata feature
[STDERR  ] 2017-11-07T11:17:07.685649244Z: [   27.001491] BTRFS info (device sda1): creating UUID tree
[STDERR  ] 2017-11-07T11:17:07.685662227Z: format_mount test suite PASSED
[STDERR  ] 2017-11-07T11:17:07.685672143Z: [   41.112170] sd 0:0:0:0: [sda] Synchronizing SCSI cache
[STDERR  ] 2017-11-07T11:17:07.685680438Z: [   41.114560] sd 0:0:0:0: [sda] Stopping disk
[STDERR  ] 2017-11-07T11:17:07.685688577Z: [   41.117879] ACPI: Preparing to enter system sleep state S5
[STDERR  ] 2017-11-07T11:17:07.685706202Z: [   41.119054] reboot: Power down
[STDERR  ] 2017-11-07T11:17:07.685714805Z: + echo [    0.000000] Linux version 4.9.60-linuxkit (root@82cddbd9179e) (gcc version 6.3.0 (Alpine 6.3.0) ) #1 SMP Thu Nov 2 16:36:48 UTC 2017
[STDERR  ] 2017-11-07T11:17:07.685724008Z: [    0.000000] Command line: console=ttyS0
[STDERR  ] 2017-11-07T11:17:07.685732769Z: [    0.000000] x86/fpu: Legacy x87 FPU detected.
[STDERR  ] 2017-11-07T11:17:07.685741628Z: [    0.000000] x86/fpu: Using 'eager' FPU context switches.
[STDERR  ] 2017-11-07T11:17:07.685749769Z: [    0.000000] e820: BIOS-provided physical RAM map:
[STDERR  ] 2017-11-07T11:17:07.685758799Z: [    0.000000] BIOS-e820: [mem 0x0000000000000000-0x000000000009fbff] usable
[STDERR  ] 2017-11-07T11:17:07.685767818Z: [    0.000000] BIOS-e820: [mem 0x000000000009fc00-0x000000000009ffff] reserved
[STDERR  ] 2017-11-07T11:17:07.685790577Z: [    0.000000] BIOS-e820: [mem 0x00000000000f0000-0x00000000000fffff] reserved
[STDERR  ] 2017-11-07T11:17:07.685799474Z: [    0.000000] BIOS-e820: [mem 0x0000000000100000-0x000000003ffdefff] usable
[STDERR  ] 2017-11-07T11:17:07.685808381Z: [    0.000000] BIOS-e820: [mem 0x000000003ffdf000-0x000000003fffffff] reserved
[STDERR  ] 2017-11-07T11:17:07.685817885Z: [    0.000000] BIOS-e820: [mem 0x00000000b0000000-0x00000000bfffffff] reserved
[STDERR  ] 2017-11-07T11:17:07.685827889Z: [    0.000000] BIOS-e820: [mem 0x00000000fed1c000-0x00000000fed1ffff] reserved
[STDERR  ] 2017-11-07T11:17:07.685840162Z: [    0.000000] BIOS-e820: [mem 0x00000000fffc0000-0x00000000ffffffff] reserved
[STDERR  ] 2017-11-07T11:17:07.685848502Z: [    0.000000] NX (Execute Disable) protection: active
[STDERR  ] 2017-11-07T11:17:07.685872376Z: [    0.000000] SMBIOS 2.8 present.
[STDERR  ] 2017-11-07T11:17:07.685880888Z: [    0.000000] e820: last_pfn = 0x3ffdf max_arch_pfn = 0x400000000
[STDERR  ] 2017-11-07T11:17:07.685889233Z: [    0.000000] x86/PAT: Configuration [0-7]: WB  WC  UC- UC  WB  WC  UC- WT  
[STDERR  ] 2017-11-07T11:17:07.685897522Z: [    0.000000] found SMP MP-table at [mem 0x000f6aa0-0x000f6aaf] mapped at [ffff8b17400f6aa0]
[STDERR  ] 2017-11-07T11:17:07.685906322Z: [    0.000000] RAMDISK: [mem 0x3df69000-0x3ffcffff]
[STDERR  ] 2017-11-07T11:17:07.68591471Z: [    0.000000] ACPI: Early table checksum verification disabled
[STDERR  ] 2017-11-07T11:17:07.685923598Z: [    0.000000] ACPI: RSDP 0x00000000000F68C0 000014 (v00 BOCHS )
[STDERR  ] 2017-11-07T11:17:07.685946487Z: [    0.000000] ACPI: RSDT 0x000000003FFE2404 000034 (v01 BOCHS  BXPCRSDT 00000001 BXPC 00000001)
[STDERR  ] 2017-11-07T11:17:07.685954922Z: [    0.000000] ACPI: FACP 0x000000003FFE22A4 000074 (v01 BOCHS  BXPCFACP 00000001 BXPC 00000001)
[STDERR  ] 2017-11-07T11:17:07.685963563Z: [    0.000000] ACPI: DSDT 0x000000003FFE0040 002264 (v01 BOCHS  BXPCDSDT 00000001 BXPC 00000001)
[STDERR  ] 2017-11-07T11:17:07.68597185Z: [    0.000000] ACPI: FACS 0x000000003FFE0000 000040
[STDERR  ] 2017-11-07T11:17:07.685979573Z: [    0.000000] ACPI: APIC 0x000000003FFE2318 000078 (v01 BOCHS  BXPCAPIC 00000001 BXPC 00000001)
[STDERR  ] 2017-11-07T11:17:07.685990507Z: [    0.000000] ACPI: HPET 0x000000003FFE2390 000038 (v01 BOCHS  BXPCHPET 00000001 BXPC 00000001)
[STDERR  ] 2017-11-07T11:17:07.685998437Z: [    0.000000] ACPI: MCFG 0x000000003FFE23C8 00003C (v01 BOCHS  BXPCMCFG 00000001 BXPC 00000001)
[STDERR  ] 2017-11-07T11:17:07.686015313Z: [    0.000000] Zone ranges:
[STDERR  ] 2017-11-07T11:17:07.686024476Z: [    0.000000]   DMA      [mem 0x0000000000001000-0x0000000000ffffff]
[STDERR  ] 2017-11-07T11:17:07.686033216Z: [    0.000000]   DMA32    [mem 0x0000000001000000-0x000000003ffdefff]
[STDERR  ] 2017-11-07T11:17:07.68604947Z: [    0.000000]   Normal   empty
[STDERR  ] 2017-11-07T11:17:07.686058168Z: [    0.000000] Movable zone start for each node
[STDERR  ] 2017-11-07T11:17:07.686066787Z: [    0.000000] Early memory node ranges
[STDERR  ] 2017-11-07T11:17:07.686073923Z: [    0.000000]   node   0: [mem 0x0000000000001000-0x000000000009efff]
[STDERR  ] 2017-11-07T11:17:07.686092797Z: [    0.000000]   node   0: [mem 0x0000000000100000-0x000000003ffdefff]
[STDERR  ] 2017-11-07T11:17:07.686101167Z: [    0.000000] Initmem setup node 0 [mem 0x0000000000001000-0x000000003ffdefff]
[STDERR  ] 2017-11-07T11:17:07.686108665Z: [    0.000000] ACPI: PM-Timer IO Port: 0x608
[STDERR  ] 2017-11-07T11:17:07.68611635Z: [    0.000000] ACPI: LAPIC_NMI (acpi_id[0xff] dfl dfl lint[0x1])
[STDERR  ] 2017-11-07T11:17:07.686125062Z: [    0.000000] IOAPIC[0]: apic_id 0, version 32, address 0xfec00000, GSI 0-23
[STDERR  ] 2017-11-07T11:17:07.686133536Z: [    0.000000] ACPI: INT_SRC_OVR (bus 0 bus_irq 0 global_irq 2 dfl dfl)
[STDERR  ] 2017-11-07T11:17:07.68614228Z: [    0.000000] ACPI: INT_SRC_OVR (bus 0 bus_irq 5 global_irq 5 high level)
[STDERR  ] 2017-11-07T11:17:07.686150816Z: [    0.000000] ACPI: INT_SRC_OVR (bus 0 bus_irq 9 global_irq 9 high level)
[STDERR  ] 2017-11-07T11:17:07.68616867Z: [    0.000000] ACPI: INT_SRC_OVR (bus 0 bus_irq 10 global_irq 10 high level)
[STDERR  ] 2017-11-07T11:17:07.68617866Z: [    0.000000] ACPI: INT_SRC_OVR (bus 0 bus_irq 11 global_irq 11 high level)
[STDERR  ] 2017-11-07T11:17:07.686186456Z: [    0.000000] Using ACPI (MADT) for SMP configuration information
[STDERR  ] 2017-11-07T11:17:07.686195765Z: [    0.000000] ACPI: HPET id: 0x8086a201 base: 0xfed00000
[STDERR  ] 2017-11-07T11:17:07.686204504Z: [    0.000000] smpboot: Allowing 1 CPUs, 0 hotplug CPUs
[STDERR  ] 2017-11-07T11:17:07.686212468Z: [    0.000000] e820: [mem 0x40000000-0xafffffff] available for PCI devices
[STDERR  ] 2017-11-07T11:17:07.686227284Z: [    0.000000] Booting paravirtualized kernel on bare hardware
[STDERR  ] 2017-11-07T11:17:07.686245151Z: [    0.000000] clocksource: refined-jiffies: mask: 0xffffffff max_cycles: 0xffffffff, max_idle_ns: 19112604462750000 ns
[STDERR  ] 2017-11-07T11:17:07.686253953Z: [    0.000000] setup_percpu: NR_CPUS:128 nr_cpumask_bits:128 nr_cpu_ids:1 nr_node_ids:1
[STDERR  ] 2017-11-07T11:17:07.686262173Z: [    0.000000] percpu: Embedded 35 pages/cpu @ffff8b177dc00000 s105112 r8192 d30056 u2097152
[STDERR  ] 2017-11-07T11:17:07.68627029Z: [    0.000000] Built 1 zonelists in Zone order, mobility grouping on.  Total pages: 257896
[STDERR  ] 2017-11-07T11:17:07.686278451Z: [    0.000000] Kernel command line: console=ttyS0
[STDERR  ] 2017-11-07T11:17:07.686286831Z: [    0.000000] PID hash table entries: 4096 (order: 3, 32768 bytes)
[STDERR  ] 2017-11-07T11:17:07.686299611Z: [    0.000000] Dentry cache hash table entries: 131072 (order: 8, 1048576 bytes)
[STDERR  ] 2017-11-07T11:17:07.686308031Z: [    0.000000] Inode-cache hash table entries: 65536 (order: 7, 524288 bytes)
[STDERR  ] 2017-11-07T11:17:07.686324968Z: [    0.000000] Memory: 980992K/1048052K available (8053K kernel code, 1367K rwdata, 2704K rodata, 1380K init, 568K bss, 67060K reserved, 0K cma-reserved)
[STDERR  ] 2017-11-07T11:17:07.686333379Z: [    0.000000] Hierarchical RCU implementation.
[STDERR  ] 2017-11-07T11:17:07.686341045Z: [    0.000000] 	Build-time adjustment of leaf fanout to 64.
[STDERR  ] 2017-11-07T11:17:07.686349055Z: [    0.000000] 	RCU restricting CPUs from NR_CPUS=128 to nr_cpu_ids=1.
[STDERR  ] 2017-11-07T11:17:07.686360885Z: [    0.000000] RCU: Adjusting geometry for rcu_fanout_leaf=64, nr_cpu_ids=1
[STDERR  ] 2017-11-07T11:17:07.686370279Z: [    0.000000] NR_IRQS:8448 nr_irqs:256 16
[STDERR  ] 2017-11-07T11:17:07.68637945Z: [    0.000000] Console: colour VGA+ 80x25
[STDERR  ] 2017-11-07T11:17:07.686398987Z: [    0.000000] console [ttyS0] enabled
[STDERR  ] 2017-11-07T11:17:07.686407473Z: [    0.000000] clocksource: hpet: mask: 0xffffffff max_cycles: 0xffffffff, max_idle_ns: 19112604467 ns
[STDERR  ] 2017-11-07T11:17:07.686422521Z: [    0.000000] tsc: Fast TSC calibration using PIT
[STDERR  ] 2017-11-07T11:17:07.686430705Z: [    0.000000] tsc: Detected 2599.918 MHz processor
[STDERR  ] 2017-11-07T11:17:07.686439431Z: [    0.032214] Calibrating delay loop (skipped), value calculated using timer frequency.. 5199.83 BogoMIPS (lpj=25999180)
[STDERR  ] 2017-11-07T11:17:07.686448654Z: [    0.033047] pid_max: default: 32768 minimum: 301
[STDERR  ] 2017-11-07T11:17:07.686474923Z: [    0.034107] ACPI: Core revision 20160831
[STDERR  ] 2017-11-07T11:17:07.686483885Z: [    0.078988] ACPI: 1 ACPI AML tables successfully acquired and loaded
[STDERR  ] 2017-11-07T11:17:07.686493047Z: [    0.083885] Security Framework initialized
[STDERR  ] 2017-11-07T11:17:07.686502003Z: [    0.084351] Yama: becoming mindful.
[STDERR  ] 2017-11-07T11:17:07.686510257Z: [    0.086553] Mount-cache hash table entries: 2048 (order: 2, 16384 bytes)
[STDERR  ] 2017-11-07T11:17:07.686519851Z: [    0.087194] Mountpoint-cache hash table entries: 2048 (order: 2, 16384 bytes)
[STDERR  ] 2017-11-07T11:17:07.686528205Z: [    0.107281] Last level iTLB entries: 4KB 0, 2MB 0, 4MB 0
[STDERR  ] 2017-11-07T11:17:07.686536983Z: [    0.107882] Last level dTLB entries: 4KB 0, 2MB 0, 4MB 0, 1GB 0
[STDERR  ] 2017-11-07T11:17:07.686554759Z: [    0.390515] Freeing SMP alternatives memory: 20K
[STDERR  ] 2017-11-07T11:17:07.68656286Z: [    0.400906] ftrace: allocating 35584 entries in 140 pages
[STDERR  ] 2017-11-07T11:17:07.68657158Z: [    0.554729] smpboot: Max logical packages: 1
[STDERR  ] 2017-11-07T11:17:07.686580426Z: [    0.562661] ..TIMER: vector=0x30 apic1=0 pin1=2 apic2=-1 pin2=-1
[STDERR  ] 2017-11-07T11:17:07.686589453Z: [    0.670000] smpboot: CPU0: AMD QEMU Virtual CPU version 2.5+ (family: 0x6, model: 0x6, stepping: 0x3)
[STDERR  ] 2017-11-07T11:17:07.686598471Z: [    0.670000] Performance Events: PMU not available due to virtualization, using software events only.
[STDERR  ] 2017-11-07T11:17:07.686613087Z: [    0.678872] NMI watchdog: disabled (cpu0): hardware events not enabled
[STDERR  ] 2017-11-07T11:17:07.686632201Z: [    0.679312] NMI watchdog: Shutting down hard lockup detector on all cpus
[STDERR  ] 2017-11-07T11:17:07.686642163Z: [    0.682844] x86: Booted up 1 node, 1 CPUs
[STDERR  ] 2017-11-07T11:17:07.686651493Z: [    0.683370] smpboot: Total of 1 processors activated (5199.83 BogoMIPS)
[STDERR  ] 2017-11-07T11:17:07.686660247Z: [    0.697837] devtmpfs: initialized
[STDERR  ] 2017-11-07T11:17:07.686668917Z: [    0.704551] x86/mm: Memory block size: 128MB
[STDERR  ] 2017-11-07T11:17:07.686677526Z: [    0.765445] clocksource: jiffies: mask: 0xffffffff max_cycles: 0xffffffff, max_idle_ns: 19112604462750000 ns
[STDERR  ] 2017-11-07T11:17:07.686686029Z: [    0.766437] futex hash table entries: 256 (order: 2, 16384 bytes)
[STDERR  ] 2017-11-07T11:17:07.686694437Z: [    0.777061] NET: Registered protocol family 16
[STDERR  ] 2017-11-07T11:17:07.686735948Z: [    0.786950] cpuidle: using governor ladder
[STDERR  ] 2017-11-07T11:17:07.686747928Z: [    0.787384] cpuidle: using governor menu
[STDERR  ] 2017-11-07T11:17:07.686756375Z: [    0.788710] ACPI: bus type PCI registered
[STDERR  ] 2017-11-07T11:17:07.686765096Z: [    0.791956] PCI: MMCONFIG for domain 0000 [bus 00-ff] at [mem 0xb0000000-0xbfffffff] (base 0xb0000000)
[STDERR  ] 2017-11-07T11:17:07.686776078Z: [    0.792812] PCI: MMCONFIG at [mem 0xb0000000-0xbfffffff] reserved in E820
[STDERR  ] 2017-11-07T11:17:07.686785253Z: [    0.794227] PCI: Using configuration type 1 for base access
[STDERR  ] 2017-11-07T11:17:07.686803482Z: [    0.848076] HugeTLB registered 2 MB page size, pre-allocated 0 pages
[STDERR  ] 2017-11-07T11:17:07.686813154Z: [    0.859694] ACPI: Added _OSI(Module Device)
[STDERR  ] 2017-11-07T11:17:07.686821093Z: [    0.859882] ACPI: Added _OSI(Processor Device)
[STDERR  ] 2017-11-07T11:17:07.686829456Z: [    0.860069] ACPI: Added _OSI(3.0 _SCP Extensions)
[STDERR  ] 2017-11-07T11:17:07.68683728Z: [    0.860365] ACPI: Added _OSI(Processor Aggregator Device)
[STDERR  ] 2017-11-07T11:17:07.686845777Z: [    0.934045] ACPI: Interpreter enabled
[STDERR  ] 2017-11-07T11:17:07.686865588Z: [    0.935025] ACPI: (supports S0 S5)
[STDERR  ] 2017-11-07T11:17:07.686884726Z: [    0.935294] ACPI: Using IOAPIC for interrupt routing
[STDERR  ] 2017-11-07T11:17:07.686893465Z: [    0.937872] PCI: Using host bridge windows from ACPI; if necessary, use "pci=nocrs" and report a bug
[STDERR  ] 2017-11-07T11:17:07.686902034Z: [    1.001162] ACPI: PCI Root Bridge [PCI0] (domain 0000 [bus 00-ff])
[STDERR  ] 2017-11-07T11:17:07.686910474Z: [    1.002581] acpi PNP0A08:00: _OSC: OS supports [ExtendedConfig ASPM ClockPM Segments MSI]
[STDERR  ] 2017-11-07T11:17:07.686918609Z: [    1.009070] acpi PNP0A08:00: _OSC: OS now controls [PCIeHotplug PME PCIeCapability]
[STDERR  ] 2017-11-07T11:17:07.686927837Z: [    1.013393] PCI host bridge to bus 0000:00
[STDERR  ] 2017-11-07T11:17:07.686936092Z: [    1.013927] pci_bus 0000:00: root bus resource [io  0x0000-0x0cf7 window]
[STDERR  ] 2017-11-07T11:17:07.686945403Z: [    1.014248] pci_bus 0000:00: root bus resource [io  0x0d00-0xffff window]
[STDERR  ] 2017-11-07T11:17:07.686962673Z: [    1.014626] pci_bus 0000:00: root bus resource [mem 0x000a0000-0x000bffff window]
[STDERR  ] 2017-11-07T11:17:07.686970771Z: [    1.015040] pci_bus 0000:00: root bus resource [mem 0xc0000000-0xfebfffff window]
[STDERR  ] 2017-11-07T11:17:07.686978586Z: [    1.015621] pci_bus 0000:00: root bus resource [bus 00-ff]
[STDERR  ] 2017-11-07T11:17:07.686986537Z: [    1.156744] pci 0000:00:1f.0: quirk: [io  0x0600-0x067f] claimed by ICH6 ACPI/GPIO/TCO
[STDERR  ] 2017-11-07T11:17:07.68699522Z: [    1.237173] ACPI: PCI Interrupt Link [LNKA] (IRQs 5 *10 11)
[STDERR  ] 2017-11-07T11:17:07.68700636Z: [    1.240716] ACPI: PCI Interrupt Link [LNKB] (IRQs 5 *10 11)
[STDERR  ] 2017-11-07T11:17:07.687014424Z: [    1.242894] ACPI: PCI Interrupt Link [LNKC] (IRQs 5 10 *11)
[STDERR  ] 2017-11-07T11:17:07.687036556Z: [    1.244679] ACPI: PCI Interrupt Link [LNKD] (IRQs 5 10 *11)
[STDERR  ] 2017-11-07T11:17:07.687048421Z: [    1.246341] ACPI: PCI Interrupt Link [LNKE] (IRQs 5 *10 11)
[STDERR  ] 2017-11-07T11:17:07.687056326Z: [    1.248075] ACPI: PCI Interrupt Link [LNKF] (IRQs 5 *10 11)
[STDERR  ] 2017-11-07T11:17:07.68706401Z: [    1.249770] ACPI: PCI Interrupt Link [LNKG] (IRQs 5 10 *11)
[STDERR  ] 2017-11-07T11:17:07.687071977Z: [    1.251881] ACPI: PCI Interrupt Link [LNKH] (IRQs 5 10 *11)
[STDERR  ] 2017-11-07T11:17:07.687080423Z: [    1.252849] ACPI: PCI Interrupt Link [GSIA] (IRQs *16)
[STDERR  ] 2017-11-07T11:17:07.687088567Z: [    1.253540] ACPI: PCI Interrupt Link [GSIB] (IRQs *17)
[STDERR  ] 2017-11-07T11:17:07.687097141Z: [    1.254180] ACPI: PCI Interrupt Link [GSIC] (IRQs *18)
[STDERR  ] 2017-11-07T11:17:07.687113526Z: [    1.254833] ACPI: PCI Interrupt Link [GSID] (IRQs *19)
[STDERR  ] 2017-11-07T11:17:07.687121718Z: [    1.255487] ACPI: PCI Interrupt Link [GSIE] (IRQs *20)
[STDERR  ] 2017-11-07T11:17:07.687130101Z: [    1.256155] ACPI: PCI Interrupt Link [GSIF] (IRQs *21)
[STDERR  ] 2017-11-07T11:17:07.687138146Z: [    1.256821] ACPI: PCI Interrupt Link [GSIG] (IRQs *22)
[STDERR  ] 2017-11-07T11:17:07.687145923Z: [    1.257503] ACPI: PCI Interrupt Link [GSIH] (IRQs *23)
[STDERR  ] 2017-11-07T11:17:07.687154164Z: [    1.261763] ACPI: Enabled 2 GPEs in block 00 to 3F
[STDERR  ] 2017-11-07T11:17:07.68716196Z: [    1.266252] SCSI subsystem initialized
[STDERR  ] 2017-11-07T11:17:07.687170414Z: [    1.268385] ACPI: bus type USB registered
