[INFO    ] 2017-07-14T11:24:29.889670366Z: Running Test linuxkit.security.ports in /tmp/build/test/cases/030_security/010_ports
[INFO    ] 2017-07-14T11:24:29.889754334Z: Running command: [/bin/sh -x /tmp/build/test/cases/030_security/010_ports/test.sh]
[STDERR  ] 2017-07-14T11:24:29.902569587Z: + set -e
[STDERR  ] 2017-07-14T11:24:29.90259199Z: + . /tmp/build/test/cases/_lib/lib.sh
[STDERR  ] 2017-07-14T11:24:29.90260299Z: + [ -f src/github.com/linuxkit/rtf/lib/lib.sh ]
[STDERR  ] 2017-07-14T11:24:29.90261265Z: + LINUXKIT_TMPDIR=/tmp/build/test/cases/_tmp
[STDERR  ] 2017-07-14T11:24:29.90261785Z: + [ -f /tmp/build/test/cases/_tmp/env.sh ]
[STDERR  ] 2017-07-14T11:24:29.902628015Z: + . /tmp/build/test/cases/_tmp/env.sh
[STDERR  ] 2017-07-14T11:24:29.902661998Z: + export LINUXKIT_EXAMPLES_DIR=/tmp/build/test/cases/../../examples
[STDERR  ] 2017-07-14T11:24:29.902677164Z: + export LINUXKIT_BLUEPRINTS_DIR=/tmp/build/test/cases/../../blueprints
[STDERR  ] 2017-07-14T11:24:29.902687438Z: + RT_CANCEL=253
[STDERR  ] 2017-07-14T11:24:29.902691897Z: + NAME=lsof
[STDERR  ] 2017-07-14T11:24:29.902704292Z: + trap clean_up EXIT
[STDERR  ] 2017-07-14T11:24:29.902708772Z: + moby build -output kernel+initrd -name lsof test.yml
[STDERR  ] 2017-07-14T11:24:29.918498895Z: Extract kernel image: linuxkit/kernel:4.9.36
[STDERR  ] 2017-07-14T11:24:31.683085316Z: Add init containers:
[STDERR  ] 2017-07-14T11:24:31.683161496Z: Process init image: linuxkit/init:a626edd428b575d10b994be0d4c5b034838e9946
[STDERR  ] 2017-07-14T11:24:32.958397355Z: Process init image: linuxkit/runc:f5b28379fc969237e0fb11aa1ed946622150e9a0
[STDERR  ] 2017-07-14T11:24:34.194591197Z: Add onboot containers:
[STDERR  ] 2017-07-14T11:24:34.194672029Z:   Create OCI config for alpine:3.6
[STDERR  ] 2017-07-14T11:24:34.353982811Z:   Create OCI config for linuxkit/poweroff:bce51402e293da0b653923a43c3c7be6e0effa05
[STDERR  ] 2017-07-14T11:24:35.611596402Z: Add files:
[STDERR  ] 2017-07-14T11:24:35.611616472Z:   check.sh
[STDERR  ] 2017-07-14T11:24:35.646445573Z: Create outputs:
[STDERR  ] 2017-07-14T11:24:39.441462834Z:   lsof-kernel lsof-initrd.img lsof-cmdline
[STDERR  ] 2017-07-14T11:24:39.484990507Z: + linuxkit run qemu -kernel lsof
[STDERR  ] 2017-07-14T11:24:39.505527304Z: Unable to find qemu-system-x86_64 within the $PATH. Using a container
[STDOUT  ] 2017-07-14T11:24:41.868195126Z: [    0.000000] Linux version 4.9.36-linuxkit (root@e1ede117fb1e) (gcc version 6.3.0 (Alpine 6.3.0) ) #1 SMP Wed Jul 12 17:30:01 UTC 2017
[STDOUT  ] 2017-07-14T11:24:41.868507177Z: [    0.000000] Command line: console=ttyS0 page_poison=1
[STDOUT  ] 2017-07-14T11:24:41.868991557Z: [    0.000000] x86/fpu: Legacy x87 FPU detected.
[STDOUT  ] 2017-07-14T11:24:41.869333357Z: [    0.000000] x86/fpu: Using 'eager' FPU context switches.
[STDOUT  ] 2017-07-14T11:24:41.869351031Z: [    0.000000] e820: BIOS-provided physical RAM map:
[STDOUT  ] 2017-07-14T11:24:41.869486101Z: [    0.000000] BIOS-e820: [mem 0x0000000000000000-0x000000000009fbff] usable
[STDOUT  ] 2017-07-14T11:24:41.869788697Z: [    0.000000] BIOS-e820: [mem 0x000000000009fc00-0x000000000009ffff] reserved
[STDOUT  ] 2017-07-14T11:24:41.870122763Z: [    0.000000] BIOS-e820: [mem 0x00000000000f0000-0x00000000000fffff] reserved
[STDOUT  ] 2017-07-14T11:24:41.870297707Z: [    0.000000] BIOS-e820: [mem 0x0000000000100000-0x000000003ffdefff] usable
[STDOUT  ] 2017-07-14T11:24:41.870631625Z: [    0.000000] BIOS-e820: [mem 0x000000003ffdf000-0x000000003fffffff] reserved
[STDOUT  ] 2017-07-14T11:24:41.870830123Z: [    0.000000] BIOS-e820: [mem 0x00000000b0000000-0x00000000bfffffff] reserved
[STDOUT  ] 2017-07-14T11:24:41.87115665Z: [    0.000000] BIOS-e820: [mem 0x00000000fed1c000-0x00000000fed1ffff] reserved
[STDOUT  ] 2017-07-14T11:24:41.871268591Z: [    0.000000] BIOS-e820: [mem 0x00000000fffc0000-0x00000000ffffffff] reserved
[STDOUT  ] 2017-07-14T11:24:41.871455199Z: [    0.000000] NX (Execute Disable) protection: active
[STDOUT  ] 2017-07-14T11:24:41.871549301Z: [    0.000000] SMBIOS 2.8 present.
[STDOUT  ] 2017-07-14T11:24:41.871925599Z: [    0.000000] e820: last_pfn = 0x3ffdf max_arch_pfn = 0x400000000
[STDOUT  ] 2017-07-14T11:24:41.872110765Z: [    0.000000] x86/PAT: Configuration [0-7]: WB  WC  UC- UC  WB  WC  UC- WT  
[STDOUT  ] 2017-07-14T11:24:41.872458121Z: [    0.000000] found SMP MP-table at [mem 0x000f6aa0-0x000f6aaf] mapped at [ffff9b87800f6aa0]
[STDOUT  ] 2017-07-14T11:24:41.872703271Z: [    0.000000] RAMDISK: [mem 0x3ef20000-0x3ffcffff]
[STDOUT  ] 2017-07-14T11:24:41.8729603Z: [    0.000000] ACPI: Early table checksum verification disabled
[STDOUT  ] 2017-07-14T11:24:41.873114883Z: [    0.000000] ACPI: RSDP 0x00000000000F68C0 000014 (v00 BOCHS )
[STDOUT  ] 2017-07-14T11:24:41.873463163Z: [    0.000000] ACPI: RSDT 0x000000003FFE2404 000034 (v01 BOCHS  BXPCRSDT 00000001 BXPC 00000001)
[STDOUT  ] 2017-07-14T11:24:41.873773585Z: [    0.000000] ACPI: FACP 0x000000003FFE22A4 000074 (v01 BOCHS  BXPCFACP 00000001 BXPC 00000001)
[STDOUT  ] 2017-07-14T11:24:41.874091129Z: [    0.000000] ACPI: DSDT 0x000000003FFE0040 002264 (v01 BOCHS  BXPCDSDT 00000001 BXPC 00000001)
[STDOUT  ] 2017-07-14T11:24:41.874255608Z: [    0.000000] ACPI: FACS 0x000000003FFE0000 000040
[STDOUT  ] 2017-07-14T11:24:41.874559429Z: [    0.000000] ACPI: APIC 0x000000003FFE2318 000078 (v01 BOCHS  BXPCAPIC 00000001 BXPC 00000001)
[STDOUT  ] 2017-07-14T11:24:41.874906189Z: [    0.000000] ACPI: HPET 0x000000003FFE2390 000038 (v01 BOCHS  BXPCHPET 00000001 BXPC 00000001)
[STDOUT  ] 2017-07-14T11:24:41.87531895Z: [    0.000000] ACPI: MCFG 0x000000003FFE23C8 00003C (v01 BOCHS  BXPCMCFG 00000001 BXPC 00000001)
[STDOUT  ] 2017-07-14T11:24:41.87534042Z: [    0.000000] Zone ranges:
[STDOUT  ] 2017-07-14T11:24:41.87556647Z: [    0.000000]   DMA      [mem 0x0000000000001000-0x0000000000ffffff]
[STDOUT  ] 2017-07-14T11:24:41.875812128Z: [    0.000000]   DMA32    [mem 0x0000000001000000-0x000000003ffdefff]
[STDOUT  ] 2017-07-14T11:24:41.875977738Z: [    0.000000]   Normal   empty
[STDOUT  ] 2017-07-14T11:24:41.876133012Z: [    0.000000] Movable zone start for each node
[STDOUT  ] 2017-07-14T11:24:41.876302094Z: [    0.000000] Early memory node ranges
[STDOUT  ] 2017-07-14T11:24:41.87664978Z: [    0.000000]   node   0: [mem 0x0000000000001000-0x000000000009efff]
[STDOUT  ] 2017-07-14T11:24:41.87690117Z: [    0.000000]   node   0: [mem 0x0000000000100000-0x000000003ffdefff]
[STDOUT  ] 2017-07-14T11:24:41.877048128Z: [    0.000000] Initmem setup node 0 [mem 0x0000000000001000-0x000000003ffdefff]
[STDOUT  ] 2017-07-14T11:24:41.877240834Z: [    0.000000] ACPI: PM-Timer IO Port: 0x608
[STDOUT  ] 2017-07-14T11:24:41.877439199Z: [    0.000000] ACPI: LAPIC_NMI (acpi_id[0xff] dfl dfl lint[0x1])
[STDOUT  ] 2017-07-14T11:24:41.87776377Z: [    0.000000] IOAPIC[0]: apic_id 0, version 32, address 0xfec00000, GSI 0-23
[STDOUT  ] 2017-07-14T11:24:41.877882448Z: [    0.000000] ACPI: INT_SRC_OVR (bus 0 bus_irq 0 global_irq 2 dfl dfl)
[STDOUT  ] 2017-07-14T11:24:41.878260228Z: [    0.000000] ACPI: INT_SRC_OVR (bus 0 bus_irq 5 global_irq 5 high level)
[STDOUT  ] 2017-07-14T11:24:41.878404648Z: [    0.000000] ACPI: INT_SRC_OVR (bus 0 bus_irq 9 global_irq 9 high level)
[STDOUT  ] 2017-07-14T11:24:41.878748884Z: [    0.000000] ACPI: INT_SRC_OVR (bus 0 bus_irq 10 global_irq 10 high level)
[STDOUT  ] 2017-07-14T11:24:41.879050108Z: [    0.000000] ACPI: INT_SRC_OVR (bus 0 bus_irq 11 global_irq 11 high level)
[STDOUT  ] 2017-07-14T11:24:41.87921665Z: [    0.000000] Using ACPI (MADT) for SMP configuration information
[STDOUT  ] 2017-07-14T11:24:41.879377422Z: [    0.000000] ACPI: HPET id: 0x8086a201 base: 0xfed00000
[STDOUT  ] 2017-07-14T11:24:41.879531749Z: [    0.000000] smpboot: Allowing 1 CPUs, 0 hotplug CPUs
[STDOUT  ] 2017-07-14T11:24:41.87983Z: [    0.000000] e820: [mem 0x40000000-0xafffffff] available for PCI devices
[STDOUT  ] 2017-07-14T11:24:41.879994445Z: [    0.000000] Booting paravirtualized kernel on bare hardware
[STDOUT  ] 2017-07-14T11:24:41.880467706Z: [    0.000000] clocksource: refined-jiffies: mask: 0xffffffff max_cycles: 0xffffffff, max_idle_ns: 19112604462750000 ns
[STDOUT  ] 2017-07-14T11:24:41.880712059Z: [    0.000000] setup_percpu: NR_CPUS:128 nr_cpumask_bits:128 nr_cpu_ids:1 nr_node_ids:1
[STDOUT  ] 2017-07-14T11:24:41.881021948Z: [    0.000000] percpu: Embedded 35 pages/cpu @ffff9b87bec00000 s105176 r8192 d29992 u2097152
[STDOUT  ] 2017-07-14T11:24:41.881307198Z: [    0.000000] Built 1 zonelists in Zone order, mobility grouping on.  Total pages: 257896
[STDOUT  ] 2017-07-14T11:24:41.881528358Z: [    0.000000] Kernel command line: console=ttyS0 page_poison=1
[STDOUT  ] 2017-07-14T11:24:41.881854268Z: [    0.000000] PID hash table entries: 4096 (order: 3, 32768 bytes)
[STDOUT  ] 2017-07-14T11:24:41.882171857Z: [    0.000000] Dentry cache hash table entries: 131072 (order: 8, 1048576 bytes)
[STDOUT  ] 2017-07-14T11:24:41.882424381Z: [    0.000000] Inode-cache hash table entries: 65536 (order: 7, 524288 bytes)
[STDOUT  ] 2017-07-14T11:24:41.882883583Z: [    0.000000] Memory: 997092K/1048052K available (8026K kernel code, 1366K rwdata, 2696K rodata, 1380K init, 568K bss, 50960K reserved, 0K cma-reserved)
[STDOUT  ] 2017-07-14T11:24:41.882977787Z: [    0.000000] Hierarchical RCU implementation.
[STDOUT  ] 2017-07-14T11:24:41.883230358Z: [    0.000000] 	Build-time adjustment of leaf fanout to 64.
[STDOUT  ] 2017-07-14T11:24:41.883386437Z: [    0.000000] 	RCU restricting CPUs from NR_CPUS=128 to nr_cpu_ids=1.
[STDOUT  ] 2017-07-14T11:24:41.883794294Z: [    0.000000] RCU: Adjusting geometry for rcu_fanout_leaf=64, nr_cpu_ids=1
[STDOUT  ] 2017-07-14T11:24:41.883885515Z: [    0.000000] NR_IRQS:8448 nr_irqs:256 16
[STDOUT  ] 2017-07-14T11:24:41.884095051Z: [    0.000000] Console: colour VGA+ 80x25
[STDOUT  ] 2017-07-14T11:24:41.884474069Z: [    0.000000] console [ttyS0] enabled
[STDOUT  ] 2017-07-14T11:24:41.886999074Z: [    0.000000] allocated 2097152 bytes of page_ext
[STDOUT  ] 2017-07-14T11:24:41.89248821Z: [    0.000000] clocksource: hpet: mask: 0xffffffff max_cycles: 0xffffffff, max_idle_ns: 19112604467 ns
[STDOUT  ] 2017-07-14T11:24:41.937127698Z: [    0.000000] tsc: Fast TSC calibration using PIT
[STDOUT  ] 2017-07-14T11:24:41.943019762Z: [    0.000000] tsc: Detected 2600.009 MHz processor
[STDOUT  ] 2017-07-14T11:24:41.946221965Z: [    0.021785] Calibrating delay loop (skipped), value calculated using timer frequency.. 5200.01 BogoMIPS (lpj=26000090)
[STDOUT  ] 2017-07-14T11:24:41.946610219Z: [    0.023051] pid_max: default: 32768 minimum: 301
[STDOUT  ] 2017-07-14T11:24:41.947816349Z: [    0.024260] ACPI: Core revision 20160831
[STDOUT  ] 2017-07-14T11:24:42.002190663Z: [    0.077515] ACPI: 1 ACPI AML tables successfully acquired and loaded
[STDOUT  ] 2017-07-14T11:24:42.007717135Z: [    0.083002] Security Framework initialized
[STDOUT  ] 2017-07-14T11:24:42.008113641Z: [    0.083605] Yama: becoming mindful.
[STDOUT  ] 2017-07-14T11:24:42.010516762Z: [    0.085875] Mount-cache hash table entries: 2048 (order: 2, 16384 bytes)
[STDOUT  ] 2017-07-14T11:24:42.011232229Z: [    0.086546] Mountpoint-cache hash table entries: 2048 (order: 2, 16384 bytes)
[STDOUT  ] 2017-07-14T11:24:42.035196808Z: [    0.110709] Last level iTLB entries: 4KB 0, 2MB 0, 4MB 0
[STDOUT  ] 2017-07-14T11:24:42.035721008Z: [    0.111190] Last level dTLB entries: 4KB 0, 2MB 0, 4MB 0, 1GB 0
[STDOUT  ] 2017-07-14T11:24:42.440121887Z: [    0.515309] Freeing SMP alternatives memory: 20K (ffffffffb8eb0000 - ffffffffb8eb5000)
[STDOUT  ] 2017-07-14T11:24:42.45564689Z: [    0.530695] ftrace: allocating 35489 entries in 139 pages
[STDOUT  ] 2017-07-14T11:24:42.971181864Z: [    0.784892] smpboot: Max logical packages: 1
[STDOUT  ] 2017-07-14T11:24:42.979448975Z: [    0.795005] ..TIMER: vector=0x30 apic1=0 pin1=2 apic2=-1 pin2=-1
[STDOUT  ] 2017-07-14T11:24:43.196389441Z: [    0.900000] smpboot: CPU0: AMD QEMU Virtual CPU version 2.5+ (family: 0x6, model: 0x6, stepping: 0x3)
[STDOUT  ] 2017-07-14T11:24:43.198069322Z: [    0.900000] Performance Events: PMU not available due to virtualization, using software events only.
[STDOUT  ] 2017-07-14T11:24:43.226279287Z: [    0.920600] NMI watchdog: disabled (cpu0): hardware events not enabled
[STDOUT  ] 2017-07-14T11:24:43.226453995Z: [    0.920887] NMI watchdog: Shutting down hard lockup detector on all cpus
[STDOUT  ] 2017-07-14T11:24:43.230556484Z: [    0.924757] x86: Booted up 1 node, 1 CPUs
[STDOUT  ] 2017-07-14T11:24:43.231018407Z: [    0.925340] smpboot: Total of 1 processors activated (5200.01 BogoMIPS)
[STDOUT  ] 2017-07-14T11:24:43.256268438Z: [    0.950581] devtmpfs: initialized
[STDOUT  ] 2017-07-14T11:24:43.264018579Z: [    0.958457] x86/mm: Memory block size: 128MB
[STDOUT  ] 2017-07-14T11:24:43.373382235Z: [    1.067410] clocksource: jiffies: mask: 0xffffffff max_cycles: 0xffffffff, max_idle_ns: 19112604462750000 ns
[STDOUT  ] 2017-07-14T11:24:43.374250835Z: [    1.068782] futex hash table entries: 256 (order: 2, 16384 bytes)
[STDOUT  ] 2017-07-14T11:24:43.389290381Z: [    1.083439] NET: Registered protocol family 16
[STDOUT  ] 2017-07-14T11:24:43.406404224Z: [    1.100614] cpuidle: using governor ladder
[STDOUT  ] 2017-07-14T11:24:43.406935072Z: [    1.101364] cpuidle: using governor menu
[STDOUT  ] 2017-07-14T11:24:43.408815009Z: [    1.103348] ACPI: bus type PCI registered
[STDOUT  ] 2017-07-14T11:24:43.413906081Z: [    1.108046] PCI: MMCONFIG for domain 0000 [bus 00-ff] at [mem 0xb0000000-0xbfffffff] (base 0xb0000000)
[STDOUT  ] 2017-07-14T11:24:43.414782635Z: [    1.109110] PCI: MMCONFIG at [mem 0xb0000000-0xbfffffff] reserved in E820
[STDOUT  ] 2017-07-14T11:24:43.417003848Z: [    1.111376] PCI: Using configuration type 1 for base access
[STDOUT  ] 2017-07-14T11:24:43.51810448Z: [    1.212556] HugeTLB registered 2 MB page size, pre-allocated 0 pages
[STDOUT  ] 2017-07-14T11:24:43.535975009Z: [    1.230556] ACPI: Added _OSI(Module Device)
[STDOUT  ] 2017-07-14T11:24:43.536391905Z: [    1.230946] ACPI: Added _OSI(Processor Device)
[STDOUT  ] 2017-07-14T11:24:43.536772495Z: [    1.231395] ACPI: Added _OSI(3.0 _SCP Extensions)
[STDOUT  ] 2017-07-14T11:24:43.537164193Z: [    1.231776] ACPI: Added _OSI(Processor Aggregator Device)
[STDOUT  ] 2017-07-14T11:24:43.674388172Z: [    1.368943] ACPI: Interpreter enabled
[STDOUT  ] 2017-07-14T11:24:43.676294874Z: [    1.370648] ACPI: (supports S0 S5)
[STDOUT  ] 2017-07-14T11:24:43.676679632Z: [    1.371499] ACPI: Using IOAPIC for interrupt routing
[STDOUT  ] 2017-07-14T11:24:43.680064637Z: [    1.374584] PCI: Using host bridge windows from ACPI; if necessary, use "pci=nocrs" and report a bug
[STDOUT  ] 2017-07-14T11:24:43.798624155Z: [    1.493391] ACPI: PCI Root Bridge [PCI0] (domain 0000 [bus 00-ff])
[STDOUT  ] 2017-07-14T11:24:43.800341483Z: [    1.494798] acpi PNP0A08:00: _OSC: OS supports [ExtendedConfig ASPM ClockPM Segments MSI]
[STDOUT  ] 2017-07-14T11:24:43.809804917Z: [    1.504377] acpi PNP0A08:00: _OSC: OS now controls [PCIeHotplug PME PCIeCapability]
[STDOUT  ] 2017-07-14T11:24:43.815857824Z: [    1.510844] PCI host bridge to bus 0000:00
[STDOUT  ] 2017-07-14T11:24:43.816684033Z: [    1.511526] pci_bus 0000:00: root bus resource [io  0x0000-0x0cf7 window]
[STDOUT  ] 2017-07-14T11:24:43.817204424Z: [    1.512063] pci_bus 0000:00: root bus resource [io  0x0d00-0xffff window]
[STDOUT  ] 2017-07-14T11:24:43.817837562Z: [    1.512497] pci_bus 0000:00: root bus resource [mem 0x000a0000-0x000bffff window]
[STDOUT  ] 2017-07-14T11:24:43.818356907Z: [    1.513061] pci_bus 0000:00: root bus resource [mem 0xc0000000-0xfebfffff window]
[STDOUT  ] 2017-07-14T11:24:43.818949777Z: [    1.513795] pci_bus 0000:00: root bus resource [bus 00-ff]
[STDOUT  ] 2017-07-14T11:24:43.956823202Z: [    1.651443] pci 0000:00:1f.0: quirk: [io  0x0600-0x067f] claimed by ICH6 ACPI/GPIO/TCO
[STDOUT  ] 2017-07-14T11:24:44.025391027Z: [    1.719037] ACPI: PCI Interrupt Link [LNKA] (IRQs 5 *10 11)
[STDOUT  ] 2017-07-14T11:24:44.028512634Z: [    1.722716] ACPI: PCI Interrupt Link [LNKB] (IRQs 5 *10 11)
[STDOUT  ] 2017-07-14T11:24:44.03081359Z: [    1.725036] ACPI: PCI Interrupt Link [LNKC] (IRQs 5 10 *11)
[STDOUT  ] 2017-07-14T11:24:44.033012754Z: [    1.727393] ACPI: PCI Interrupt Link [LNKD] (IRQs 5 10 *11)
[STDOUT  ] 2017-07-14T11:24:44.035693234Z: [    1.730533] ACPI: PCI Interrupt Link [LNKE] (IRQs 5 *10 11)
[STDOUT  ] 2017-07-14T11:24:44.038430173Z: [    1.733223] ACPI: PCI Interrupt Link [LNKF] (IRQs 5 *10 11)
[STDOUT  ] 2017-07-14T11:24:44.040637217Z: [    1.735444] ACPI: PCI Interrupt Link [LNKG] (IRQs 5 10 *11)
[STDOUT  ] 2017-07-14T11:24:44.042831665Z: [    1.737605] ACPI: PCI Interrupt Link [LNKH] (IRQs 5 10 *11)
[STDOUT  ] 2017-07-14T11:24:44.043923469Z: [    1.738815] ACPI: PCI Interrupt Link [GSIA] (IRQs *16)
[STDOUT  ] 2017-07-14T11:24:44.045087555Z: [    1.739691] ACPI: PCI Interrupt Link [GSIB] (IRQs *17)
[STDOUT  ] 2017-07-14T11:24:44.045729762Z: [    1.740620] ACPI: PCI Interrupt Link [GSIC] (IRQs *18)
[STDOUT  ] 2017-07-14T11:24:44.046521882Z: [    1.741380] ACPI: PCI Interrupt Link [GSID] (IRQs *19)
[STDOUT  ] 2017-07-14T11:24:44.047440388Z: [    1.742144] ACPI: PCI Interrupt Link [GSIE] (IRQs *20)
[STDOUT  ] 2017-07-14T11:24:44.048183791Z: [    1.742964] ACPI: PCI Interrupt Link [GSIF] (IRQs *21)
[STDOUT  ] 2017-07-14T11:24:44.049105112Z: [    1.743746] ACPI: PCI Interrupt Link [GSIG] (IRQs *22)
[STDOUT  ] 2017-07-14T11:24:44.050015838Z: [    1.744619] ACPI: PCI Interrupt Link [GSIH] (IRQs *23)
[STDOUT  ] 2017-07-14T11:24:44.055727244Z: [    1.750616] ACPI: Enabled 2 GPEs in block 00 to 3F
[STDOUT  ] 2017-07-14T11:24:44.06080786Z: [    1.755720] SCSI subsystem initialized
[STDOUT  ] 2017-07-14T11:24:44.062958099Z: [    1.758070] ACPI: bus type USB registered
[STDOUT  ] 2017-07-14T11:24:44.064234666Z: [    1.759321] usbcore: registered new interface driver usbfs
[STDOUT  ] 2017-07-14T11:24:44.066301213Z: [    1.761061] usbcore: registered new interface driver hub
[STDOUT  ] 2017-07-14T11:24:44.067225945Z: [    1.762251] usbcore: registered new device driver usb
[STDOUT  ] 2017-07-14T11:24:44.068870965Z: [    1.763802] pps_core: LinuxPPS API ver. 1 registered
[STDOUT  ] 2017-07-14T11:24:44.069461241Z: [    1.764211] pps_core: Software ver. 5.3.6 - Copyright 2005-2007 Rodolfo Giometti <giometti@linux.it>
[STDOUT  ] 2017-07-14T11:24:44.069980516Z: [    1.765193] PTP clock support registered
[STDOUT  ] 2017-07-14T11:24:44.071532803Z: [    1.766716] wmi: Mapper loaded
[STDOUT  ] 2017-07-14T11:24:44.073180076Z: [    1.768261] PCI: Using ACPI for IRQ routing
[STDOUT  ] 2017-07-14T11:24:44.099094525Z: [    1.794150] NetLabel: Initializing
[STDOUT  ] 2017-07-14T11:24:44.099535234Z: [    1.794414] NetLabel:  domain hash size = 128
[STDOUT  ] 2017-07-14T11:24:44.099926741Z: [    1.794892] NetLabel:  protocols = UNLABELED CIPSOv4
[STDOUT  ] 2017-07-14T11:24:44.102824504Z: [    1.797787] NetLabel:  unlabeled traffic allowed by default
[STDOUT  ] 2017-07-14T11:24:44.104309538Z: [    1.799150] HPET: 3 timers in total, 0 timers will be used for per-cpu timer
[STDOUT  ] 2017-07-14T11:24:44.105575702Z: [    1.800268] hpet0: at MMIO 0xfed00000, IRQs 2, 8, 0
[STDOUT  ] 2017-07-14T11:24:44.105955144Z: [    1.800968] hpet0: 3 comparators, 64-bit 100.000000 MHz counter
[STDOUT  ] 2017-07-14T11:24:44.115990864Z: [    1.810988] clocksource: Switched to clocksource hpet
[STDOUT  ] 2017-07-14T11:24:44.448638144Z: [    2.142953] VFS: Disk quotas dquot_6.6.0
[STDOUT  ] 2017-07-14T11:24:44.449777266Z: [    2.143897] VFS: Dquot-cache hash table entries: 512 (order 0, 4096 bytes)
[STDOUT  ] 2017-07-14T11:24:44.453748714Z: [    2.148101] FS-Cache: Loaded
[STDOUT  ] 2017-07-14T11:24:44.459922388Z: [    2.154297] CacheFiles: Loaded
[STDOUT  ] 2017-07-14T11:24:44.46251763Z: [    2.156940] pnp: PnP ACPI init
[STDOUT  ] 2017-07-14T11:24:44.476461049Z: [    2.170873] pnp: PnP ACPI: found 5 devices
[STDOUT  ] 2017-07-14T11:24:44.536555754Z: [    2.230547] clocksource: acpi_pm: mask: 0xffffff max_cycles: 0xffffff, max_idle_ns: 2085701024 ns
[STDOUT  ] 2017-07-14T11:24:44.540609948Z: [    2.234996] NET: Registered protocol family 2
[STDOUT  ] 2017-07-14T11:24:44.550720234Z: [    2.244937] TCP established hash table entries: 8192 (order: 4, 65536 bytes)
[STDOUT  ] 2017-07-14T11:24:44.55159215Z: [    2.245850] TCP bind hash table entries: 8192 (order: 5, 131072 bytes)
[STDOUT  ] 2017-07-14T11:24:44.552361254Z: [    2.246627] TCP: Hash tables configured (established 8192 bind 8192)
[STDOUT  ] 2017-07-14T11:24:44.554415446Z: [    2.248712] UDP hash table entries: 512 (order: 2, 16384 bytes)
[STDOUT  ] 2017-07-14T11:24:44.555046925Z: [    2.249396] UDP-Lite hash table entries: 512 (order: 2, 16384 bytes)
[STDOUT  ] 2017-07-14T11:24:44.557909631Z: [    2.252399] NET: Registered protocol family 1
[STDOUT  ] 2017-07-14T11:24:44.559208478Z: [    2.253433] pci 0000:00:01.0: Video device with shadowed ROM at [mem 0x000c0000-0x000dffff]
[STDOUT  ] 2017-07-14T11:24:44.568664074Z: [    2.263108] Unpacking initramfs...
[STDOUT  ] 2017-07-14T11:24:48.173946689Z: [    5.868233] Freeing initrd memory: 17088K (ffff9b87bef20000 - ffff9b87bffd0000)
[STDOUT  ] 2017-07-14T11:24:48.206037772Z: [    5.900086] PCLMULQDQ-NI instructions are not detected.
[STDOUT  ] 2017-07-14T11:24:48.207914971Z: [    5.902240] AVX or AES-NI instructions are not detected.
[STDOUT  ] 2017-07-14T11:24:48.208399985Z: [    5.902800] CPU feature 'AVX registers' is not supported.
[STDOUT  ] 2017-07-14T11:24:48.208931425Z: [    5.903267] CPU feature 'AVX registers' is not supported.
[STDOUT  ] 2017-07-14T11:24:48.209457989Z: [    5.903822] CPU feature 'AVX registers' is not supported.
[STDOUT  ] 2017-07-14T11:24:48.210000557Z: [    5.904282] CPU feature 'AVX registers' is not supported.
[STDOUT  ] 2017-07-14T11:24:48.210333307Z: [    5.904691] AVX2 or AES-NI instructions are not detected.
[STDOUT  ] 2017-07-14T11:24:48.210738547Z: [    5.905180] AVX2 instructions are not detected.
[STDOUT  ] 2017-07-14T11:24:48.220457523Z: [    5.914639] audit: initializing netlink subsys (disabled)
[STDOUT  ] 2017-07-14T11:24:48.2223525Z: [    5.916714] audit: type=2000 audit(1500031485.910:1): initialized
[STDOUT  ] 2017-07-14T11:24:48.230828649Z: [    5.924989] workingset: timestamp_bits=46 max_order=18 bucket_order=0
[STDOUT  ] 2017-07-14T11:24:48.237790252Z: [    5.932149] FS-Cache: Netfs 'cifs' registered for caching
[STDOUT  ] 2017-07-14T11:24:48.241218861Z: [    5.935692] fuse init (API version 7.26)
[STDOUT  ] 2017-07-14T11:24:48.243800721Z: [    5.938157] SGI XFS with ACLs, security attributes, no debug enabled
[STDOUT  ] 2017-07-14T11:24:48.248168025Z: [    5.942540] 9p: Installing v9fs 9p2000 file system support
[STDOUT  ] 2017-07-14T11:24:48.248782313Z: [    5.943124] FS-Cache: Netfs '9p' registered for caching
[STDOUT  ] 2017-07-14T11:24:48.287402608Z: [    5.981695] NET: Registered protocol family 38
[STDOUT  ] 2017-07-14T11:24:48.287791943Z: [    5.982359] Key type asymmetric registered
[STDOUT  ] 2017-07-14T11:24:48.28832922Z: [    5.982721] Asymmetric key parser 'x509' registered
[STDOUT  ] 2017-07-14T11:24:48.289523508Z: [    5.983778] Block layer SCSI generic (bsg) driver version 0.4 loaded (major 251)
[STDOUT  ] 2017-07-14T11:24:48.291352138Z: [    5.985736] io scheduler noop registered
[STDOUT  ] 2017-07-14T11:24:48.291825104Z: [    5.986162] io scheduler deadline registered (default)
[STDOUT  ] 2017-07-14T11:24:48.29240896Z: [    5.986898] io scheduler cfq registered
[STDOUT  ] 2017-07-14T11:24:48.296953402Z: [    5.989874] pci_hotplug: PCI Hot Plug PCI Core version: 0.5
[STDOUT  ] 2017-07-14T11:24:48.299141473Z: [    5.993233] pciehp: PCI Express Hot Plug Controller Driver version: 0.4
[STDOUT  ] 2017-07-14T11:24:48.300067011Z: [    5.994395] shpchp: Standard Hot Plug PCI Controller Driver version: 0.4
[STDOUT  ] 2017-07-14T11:24:48.300887483Z: [    5.995287] hv_vmbus: registering driver hyperv_fb
[STDOUT  ] 2017-07-14T11:24:48.30484926Z: [    5.998895] input: Power Button as /devices/LNXSYSTM:00/LNXPWRBN:00/input/input0
[STDOUT  ] 2017-07-14T11:24:48.306170234Z: [    6.000720] ACPI: Power Button [PWRF]
[STDOUT  ] 2017-07-14T11:24:48.312343806Z: [    6.006690] GHES: HEST is not enabled!
[STDOUT  ] 2017-07-14T11:24:48.326534789Z: [    6.020723] ACPI: PCI Interrupt Link [GSIH] enabled at IRQ 23
[STDOUT  ] 2017-07-14T11:24:48.334840599Z: [    6.029174] xenfs: not registering filesystem on non-xen platform
[STDOUT  ] 2017-07-14T11:24:48.338706648Z: [    6.032929] Serial: 8250/16550 driver, 4 ports, IRQ sharing disabled
[STDOUT  ] 2017-07-14T11:24:48.364186476Z: [    6.058385] 00:04: ttyS0 at I/O 0x3f8 (irq = 4, base_baud = 115200) is a 16550A
[STDOUT  ] 2017-07-14T11:24:48.379183703Z: [    6.073441] Non-volatile memory driver v1.3
[STDOUT  ] 2017-07-14T11:24:48.387034477Z: [    6.080998] Hangcheck: starting hangcheck timer 0.9.1 (tick is 180 seconds, margin is 60 seconds).
[STDOUT  ] 2017-07-14T11:24:48.440582141Z: [    6.135070] loop: module loaded
[STDOUT  ] 2017-07-14T11:24:48.459097939Z: [    6.153444] nbd: registered device at major 43
[STDOUT  ] 2017-07-14T11:24:48.511455261Z: [    6.205787] lpc_ich 0000:00:1f.0: I/O space for GPIO uninitialized
[STDOUT  ] 2017-07-14T11:24:48.514106973Z: [    6.208372] VMware PVSCSI driver - version 1.0.7.0-k
[STDOUT  ] 2017-07-14T11:24:48.515021988Z: [    6.209366] hv_vmbus: registering driver hv_storvsc
[STDOUT  ] 2017-07-14T11:24:48.533569346Z: [    6.227880] ACPI: PCI Interrupt Link [GSIA] enabled at IRQ 16
[STDOUT  ] 2017-07-14T11:24:48.544417827Z: [    6.238365] ahci 0000:00:1f.2: AHCI 0001.0000 32 slots 6 ports 1.5 Gbps 0x3f impl SATA mode
[STDOUT  ] 2017-07-14T11:24:48.544768865Z: [    6.239294] ahci 0000:00:1f.2: flags: 64bit ncq only 
[STDOUT  ] 2017-07-14T11:24:48.588569169Z: [    6.282973] scsi host0: ahci
[STDOUT  ] 2017-07-14T11:24:48.595713281Z: [    6.290026] scsi host1: ahci
[STDOUT  ] 2017-07-14T11:24:48.601138059Z: [    6.295474] scsi host2: ahci
[STDOUT  ] 2017-07-14T11:24:48.606357071Z: [    6.300810] scsi host3: ahci
[STDOUT  ] 2017-07-14T11:24:48.611135522Z: [    6.305506] scsi host4: ahci
[STDOUT  ] 2017-07-14T11:24:48.616212666Z: [    6.310517] scsi host5: ahci
[STDOUT  ] 2017-07-14T11:24:48.61985954Z: [    6.314200] ata1: SATA max UDMA/133 abar m4096@0xfebf1000 port 0xfebf1100 irq 24
[STDOUT  ] 2017-07-14T11:24:48.62037728Z: [    6.314745] ata2: SATA max UDMA/133 abar m4096@0xfebf1000 port 0xfebf1180 irq 24
[STDOUT  ] 2017-07-14T11:24:48.620920442Z: [    6.315211] ata3: SATA max UDMA/133 abar m4096@0xfebf1000 port 0xfebf1200 irq 24
[STDOUT  ] 2017-07-14T11:24:48.621410052Z: [    6.315661] ata4: SATA max UDMA/133 abar m4096@0xfebf1000 port 0xfebf1280 irq 24
[STDOUT  ] 2017-07-14T11:24:48.621932398Z: [    6.316153] ata5: SATA max UDMA/133 abar m4096@0xfebf1000 port 0xfebf1300 irq 24
[STDOUT  ] 2017-07-14T11:24:48.622273305Z: [    6.316587] ata6: SATA max UDMA/133 abar m4096@0xfebf1000 port 0xfebf1380 irq 24
[STDOUT  ] 2017-07-14T11:24:48.647315838Z: [    6.341655] tun: Universal TUN/TAP device driver, 1.6
[STDOUT  ] 2017-07-14T11:24:48.647840253Z: [    6.342077] tun: (C) 1999-2004 Max Krasnyansky <maxk@qualcomm.com>
[STDOUT  ] 2017-07-14T11:24:48.650705819Z: [    6.344930] VMware vmxnet3 virtual NIC driver - version 1.4.a.0-k-NAPI
[STDOUT  ] 2017-07-14T11:24:48.651706367Z: [    6.346025] hv_vmbus: registering driver hv_netvsc
[STDOUT  ] 2017-07-14T11:24:48.651877259Z: [    6.346375] Fusion MPT base driver 3.04.20
[STDOUT  ] 2017-07-14T11:24:48.652249263Z: [    6.346694] Copyright (c) 1999-2008 LSI Corporation
[STDOUT  ] 2017-07-14T11:24:48.652949829Z: [    6.347442] Fusion MPT SPI Host driver 3.04.20
[STDOUT  ] 2017-07-14T11:24:48.657492765Z: [    6.351597] i8042: PNP: PS/2 Controller [PNP0303:KBD,PNP0f13:MOU] at 0x60,0x64 irq 1,12
[STDOUT  ] 2017-07-14T11:24:48.663977506Z: [    6.358227] serio: i8042 KBD port at 0x60,0x64 irq 1
[STDOUT  ] 2017-07-14T11:24:48.664613171Z: [    6.359100] serio: i8042 AUX port at 0x60,0x64 irq 12
[STDOUT  ] 2017-07-14T11:24:48.669416683Z: [    6.363662] hv_vmbus: registering driver hyperv_keyboard
[STDOUT  ] 2017-07-14T11:24:48.675363372Z: [    6.369634] mousedev: PS/2 mouse device common for all mice
[STDOUT  ] 2017-07-14T11:24:48.685218493Z: [    6.379319] input: AT Translated Set 2 keyboard as /devices/platform/i8042/serio0/input/input1
[STDOUT  ] 2017-07-14T11:24:48.689526138Z: [    6.383759] input: PC Speaker as /devices/platform/pcspkr/input/input2
[STDOUT  ] 2017-07-14T11:24:48.697018264Z: [    6.391477] rtc_cmos 00:00: RTC can wake from S4
[STDOUT  ] 2017-07-14T11:24:48.703849006Z: [    6.398135] rtc_cmos 00:00: rtc core: registered rtc_cmos as rtc0
[STDOUT  ] 2017-07-14T11:24:48.705469541Z: [    6.399749] rtc_cmos 00:00: alarms up to one day, y3k, 114 bytes nvram, hpet irqs
[STDOUT  ] 2017-07-14T11:24:48.706402293Z: [    6.400868] i2c /dev entries driver
[STDOUT  ] 2017-07-14T11:24:48.710238189Z: [    6.404277] device-mapper: ioctl: 4.35.0-ioctl (2016-06-23) initialised: dm-devel@redhat.com
[STDOUT  ] 2017-07-14T11:24:48.719577803Z: [    6.413904] usbcore: registered new interface driver usbhid
[STDOUT  ] 2017-07-14T11:24:48.719905023Z: [    6.414362] usbhid: USB HID core driver
[STDOUT  ] 2017-07-14T11:24:48.721028233Z: [    6.415555] hv_utils: Registering HyperV Utility Driver
[STDOUT  ] 2017-07-14T11:24:48.721360367Z: [    6.415866] hv_vmbus: registering driver hv_util
[STDOUT  ] 2017-07-14T11:24:48.721710608Z: [    6.416188] hv_vmbus: registering driver hv_balloon
[STDOUT  ] 2017-07-14T11:24:48.722413013Z: [    6.416775] oprofile: using NMI interrupt.
[STDOUT  ] 2017-07-14T11:24:48.723861895Z: [    6.418367] GACT probability on
[STDOUT  ] 2017-07-14T11:24:48.72437479Z: [    6.418870] Mirror/redirect action on
[STDOUT  ] 2017-07-14T11:24:48.725969468Z: [    6.420470] Simple TC action Loaded
[STDOUT  ] 2017-07-14T11:24:48.727001202Z: [    6.421447] u32 classifier
[STDOUT  ] 2017-07-14T11:24:48.72701819Z: [    6.421654]     Performance counters on
[STDOUT  ] 2017-07-14T11:24:48.727389353Z: [    6.421806]     input device check on
[STDOUT  ] 2017-07-14T11:24:48.72762582Z: [    6.422103]     Actions configured
[STDOUT  ] 2017-07-14T11:24:48.728179778Z: [    6.422745] Netfilter messages via NETLINK v0.30.
[STDOUT  ] 2017-07-14T11:24:48.728842622Z: [    6.423368] nfnl_acct: registering with nfnetlink.
[STDOUT  ] 2017-07-14T11:24:48.730966473Z: [    6.425300] nf_conntrack version 0.5.0 (8192 buckets, 32768 max)
[STDOUT  ] 2017-07-14T11:24:48.736323163Z: [    6.430709] ctnetlink v0.93: registering with nfnetlink.
[STDOUT  ] 2017-07-14T11:24:48.741329771Z: [    6.435738] nf_tables: (c) 2007-2009 Patrick McHardy <kaber@trash.net>
[STDOUT  ] 2017-07-14T11:24:48.742462039Z: [    6.436764] nf_tables_compat: (c) 2012 Pablo Neira Ayuso <pablo@netfilter.org>
[STDOUT  ] 2017-07-14T11:24:48.74697596Z: [    6.441368] xt_time: kernel timezone is -0000
[STDOUT  ] 2017-07-14T11:24:48.747477512Z: [    6.442008] ip_set: protocol 6
[STDOUT  ] 2017-07-14T11:24:48.748488648Z: [    6.442833] IPVS: Registered protocols (TCP, UDP, SCTP, AH, ESP)
[STDOUT  ] 2017-07-14T11:24:48.749202152Z: [    6.443581] IPVS: Connection hash table configured (size=4096, memory=64Kbytes)
[STDOUT  ] 2017-07-14T11:24:48.751571026Z: [    6.446043] IPVS: Creating netns size=2104 id=0
[STDOUT  ] 2017-07-14T11:24:48.756418714Z: [    6.450749] IPVS: ipvs loaded.
[STDOUT  ] 2017-07-14T11:24:48.757014379Z: [    6.451384] IPVS: [rr] scheduler registered.
[STDOUT  ] 2017-07-14T11:24:48.757400429Z: [    6.451779] IPVS: [wrr] scheduler registered.
[STDOUT  ] 2017-07-14T11:24:48.75757892Z: [    6.452149] IPVS: [lc] scheduler registered.
[STDOUT  ] 2017-07-14T11:24:48.757951241Z: [    6.452415] IPVS: [wlc] scheduler registered.
[STDOUT  ] 2017-07-14T11:24:48.758278185Z: [    6.452688] IPVS: [fo] scheduler registered.
[STDOUT  ] 2017-07-14T11:24:48.758452383Z: [    6.452996] IPVS: [ovf] scheduler registered.
[STDOUT  ] 2017-07-14T11:24:48.75894853Z: [    6.453489] IPVS: [lblc] scheduler registered.
[STDOUT  ] 2017-07-14T11:24:48.759570757Z: [    6.453909] IPVS: [lblcr] scheduler registered.
[STDOUT  ] 2017-07-14T11:24:48.759618873Z: [    6.454261] IPVS: [dh] scheduler registered.
[STDOUT  ] 2017-07-14T11:24:48.76002352Z: [    6.454410] IPVS: [sh] scheduler registered.
[STDOUT  ] 2017-07-14T11:24:48.760190151Z: [    6.454728] IPVS: [sed] scheduler registered.
[STDOUT  ] 2017-07-14T11:24:48.760521209Z: [    6.454962] IPVS: [nq] scheduler registered.
[STDOUT  ] 2017-07-14T11:24:48.761715974Z: [    6.455934] IPVS: ftp: loaded support on port[0] = 21
[STDOUT  ] 2017-07-14T11:24:48.762549983Z: [    6.457090] ipip: IPv4 and MPLS over IPv4 tunneling driver
[STDOUT  ] 2017-07-14T11:24:48.771906745Z: [    6.466190] gre: GRE over IPv4 demultiplexor driver
[STDOUT  ] 2017-07-14T11:24:48.776678121Z: [    6.471028] ip_tables: (C) 2000-2006 Netfilter Core Team
[STDOUT  ] 2017-07-14T11:24:48.781928658Z: [    6.476246] ipt_CLUSTERIP: ClusterIP Version 0.8 loaded successfully
[STDOUT  ] 2017-07-14T11:24:48.78294875Z: [    6.477246] arp_tables: arp_tables: (C) 2002 David S. Miller
[STDOUT  ] 2017-07-14T11:24:48.787206017Z: [    6.481537] NET: Registered protocol family 10
[STDOUT  ] 2017-07-14T11:24:48.803467362Z: [    6.497700] ip6_tables: (C) 2000-2006 Netfilter Core Team
[STDOUT  ] 2017-07-14T11:24:48.819815902Z: [    6.514115] NET: Registered protocol family 17
[STDOUT  ] 2017-07-14T11:24:48.821390163Z: [    6.515739] Bridge firewalling registered
[STDOUT  ] 2017-07-14T11:24:48.821942134Z: [    6.516428] Ebtables v2.0 registered
[STDOUT  ] 2017-07-14T11:24:48.825083139Z: [    6.519440] 8021q: 802.1Q VLAN Support v1.8
[STDOUT  ] 2017-07-14T11:24:48.828120897Z: [    6.522390] 9pnet: Installing 9P2000 support
[STDOUT  ] 2017-07-14T11:24:48.830368916Z: [    6.524692] Key type dns_resolver registered
[STDOUT  ] 2017-07-14T11:24:48.831780051Z: [    6.526106] microcode: AMD CPU family 0x6 not supported
[STDOUT  ] 2017-07-14T11:24:48.840351178Z: [    6.534751] registered taskstats version 1
[STDOUT  ] 2017-07-14T11:24:48.960107207Z: [    6.654391] ata4: SATA link down (SStatus 0 SControl 300)
[STDOUT  ] 2017-07-14T11:24:48.963120043Z: [    6.657411] ata2: SATA link down (SStatus 0 SControl 300)
[STDOUT  ] 2017-07-14T11:24:48.963751645Z: [    6.658119] ata1: SATA link down (SStatus 0 SControl 300)
[STDOUT  ] 2017-07-14T11:24:48.965388269Z: [    6.659659] ata3: SATA link up 1.5 Gbps (SStatus 113 SControl 300)
[STDOUT  ] 2017-07-14T11:24:48.970019409Z: [    6.664297] ata5: SATA link down (SStatus 0 SControl 300)
[STDOUT  ] 2017-07-14T11:24:48.972523222Z: [    6.666964] ata3.00: ATAPI: QEMU DVD-ROM, 2.5+, max UDMA/100
[STDOUT  ] 2017-07-14T11:24:48.972929676Z: [    6.667471] ata3.00: applying bridge limits
[STDOUT  ] 2017-07-14T11:24:48.975589475Z: [    6.670000] ata3.00: configured for UDMA/100
[STDOUT  ] 2017-07-14T11:24:48.977816464Z: [    6.672138] ata6: SATA link down (SStatus 0 SControl 300)
[STDOUT  ] 2017-07-14T11:24:49.013662475Z: [    6.707694] scsi 2:0:0:0: CD-ROM            QEMU     QEMU DVD-ROM     2.5+ PQ: 0 ANSI: 5
[STDOUT  ] 2017-07-14T11:24:49.050076067Z: [    6.744320] sr 2:0:0:0: [sr0] scsi3-mmc drive: 4x/4x cd/rw xa/form2 tray
[STDOUT  ] 2017-07-14T11:24:49.05073095Z: [    6.745100] cdrom: Uniform CD-ROM driver Revision: 3.20
[STDOUT  ] 2017-07-14T11:24:49.066482115Z: [    6.760684] sr 2:0:0:0: Attached scsi generic sg0 type 5
[STDOUT  ] 2017-07-14T11:24:49.186791842Z: [    6.881066] tsc: Refined TSC clocksource calibration: 2600.002 MHz
[STDOUT  ] 2017-07-14T11:24:49.187782899Z: [    6.881676] clocksource: tsc: mask: 0xffffffffffffffff max_cycles: 0x257a3e40e8d, max_idle_ns: 440795298933 ns
[STDOUT  ] 2017-07-14T11:24:49.259221745Z: [    6.953602] Key type big_key registered
[STDOUT  ] 2017-07-14T11:24:49.349194919Z: [    7.043573] Key type encrypted registered
[STDOUT  ] 2017-07-14T11:24:49.356551337Z: [    7.050772] rtc_cmos 00:00: setting system clock to 2017-07-14 11:24:48 UTC (1500031488)
[STDOUT  ] 2017-07-14T11:24:49.555477774Z: [    7.249659] Freeing unused kernel memory: 1380K (ffffffffb8d57000 - ffffffffb8eb0000)
[STDOUT  ] 2017-07-14T11:24:49.556183006Z: [    7.250323] Write protecting the kernel read-only data: 12288k
[STDOUT  ] 2017-07-14T11:24:49.565132493Z: [    7.259256] Freeing unused kernel memory: 152K (ffff9b87ba7da000 - ffff9b87ba800000)
[STDOUT  ] 2017-07-14T11:24:49.705898828Z: [    7.399937] Freeing unused kernel memory: 1400K (ffff9b87baaa2000 - ffff9b87bac00000)
[STDOUT  ] 2017-07-14T11:24:50.207423388Z: [    7.901676] clocksource: Switched to clocksource tsc
[STDOUT  ] 2017-07-14T11:24:55.655494446Z: [   13.349590] e1000: Intel(R) PRO/1000 Network Driver - version 7.3.21-k8-NAPI
[STDOUT  ] 2017-07-14T11:24:55.65649746Z: [   13.350745] e1000: Copyright (c) 1999-2006 Intel Corporation.
[STDOUT  ] 2017-07-14T11:24:55.677263953Z: [   13.371328] ACPI: PCI Interrupt Link [GSIG] enabled at IRQ 22
[STDOUT  ] 2017-07-14T11:24:56.043992862Z: [   13.738181] e1000 0000:00:02.0 eth0: (PCI:33MHz:32-bit) 52:54:00:12:34:56
[STDOUT  ] 2017-07-14T11:24:56.045030314Z: [   13.739202] e1000 0000:00:02.0 eth0: Intel(R) PRO/1000 Network Connection
[STDOUT  ] 2017-07-14T11:24:56.69191907Z: 
[STDOUT  ] 2017-07-14T11:24:56.692523856Z: Welcome to LinuxKit
[STDOUT  ] 2017-07-14T11:24:56.692539311Z: 
[STDOUT  ] 2017-07-14T11:24:56.692936049Z:                         ##         .
[STDOUT  ] 2017-07-14T11:24:56.693453527Z:                   ## ## ##        ==
[STDOUT  ] 2017-07-14T11:24:56.693817731Z:                ## ## ## ## ##    ===
[STDOUT  ] 2017-07-14T11:24:56.69432291Z:            /"""""""""""""""""\___/ ===
[STDOUT  ] 2017-07-14T11:24:56.694720525Z:           {                       /  ===-
[STDOUT  ] 2017-07-14T11:24:56.695199766Z:            \______ O           __/
[STDOUT  ] 2017-07-14T11:24:56.700223622Z:              \    \         __/
[STDOUT  ] 2017-07-14T11:24:56.700602446Z:               \____\_______/
[STDOUT  ] 2017-07-14T11:24:56.700640252Z: 
[STDOUT  ] 2017-07-14T11:24:58.106692286Z: Ports test case PASSED
[STDOUT  ] 2017-07-14T11:24:58.180785602Z:  - 000-test
[STDOUT  ] 2017-07-14T11:25:09.714832389Z: [   27.408976] ACPI: Preparing to enter system sleep state S5
[STDOUT  ] 2017-07-14T11:25:09.71692662Z: [   27.411484] reboot: Power down
[STDERR  ] 2017-07-14T11:25:10.036478319Z: + exit 0
[STDERR  ] 2017-07-14T11:25:10.036543917Z: + clean_up
[STDERR  ] 2017-07-14T11:25:10.036592751Z: + rm -rf lsof-cmdline lsof-initrd.img lsof-kernel
[PASS    ] linuxkit.security.ports 40.15s
