[INFO    ] 2017-09-18T10:59:22.268051662Z: Running Test linuxkit.kernel.kmod_4.9.x in /tmp/with_clone38104d69/test/cases/020_kernel/010_kmod_4.9.x
[INFO    ] 2017-09-18T10:59:22.268127358Z: Running command: [/bin/sh -x /tmp/with_clone38104d69/test/cases/020_kernel/010_kmod_4.9.x/test.sh]
[STDERR  ] 2017-09-18T10:59:22.271894941Z: + set -e
[STDERR  ] 2017-09-18T10:59:22.271953975Z: + . /tmp/with_clone38104d69/test/cases/_lib/lib.sh
[STDERR  ] 2017-09-18T10:59:22.271983328Z: + [ -f src/github.com/linuxkit/rtf/lib/lib.sh ]
[STDERR  ] 2017-09-18T10:59:22.271995555Z: + LINUXKIT_TMPDIR=/tmp/with_clone38104d69/test/cases/_tmp
[STDERR  ] 2017-09-18T10:59:22.272009513Z: + [ -f /tmp/with_clone38104d69/test/cases/_tmp/env.sh ]
[STDERR  ] 2017-09-18T10:59:22.272035351Z: + . /tmp/with_clone38104d69/test/cases/_tmp/env.sh
[STDERR  ] 2017-09-18T10:59:22.272050239Z: + export LINUXKIT_EXAMPLES_DIR=/tmp/with_clone38104d69/test/cases/../../examples
[STDERR  ] 2017-09-18T10:59:22.272067449Z: + export LINUXKIT_BLUEPRINTS_DIR=/tmp/with_clone38104d69/test/cases/../../blueprints
[STDERR  ] 2017-09-18T10:59:22.272085043Z: + RT_CANCEL=253
[STDERR  ] 2017-09-18T10:59:22.272098142Z: + IMAGE_NAME=kmod-test
[STDERR  ] 2017-09-18T10:59:22.27211054Z: + trap clean_up EXIT
[STDERR  ] 2017-09-18T10:59:22.272122358Z: + docker pull linuxkit/kernel:4.9.50
[STDOUT  ] 2017-09-18T10:59:23.67979572Z: 4.9.50: Pulling from linuxkit/kernel
[STDOUT  ] 2017-09-18T10:59:24.061052428Z: Digest: sha256:629d6ae93b7635caf0e46e7d4520463dd959b4f0b185c0afd6ba4997dd13089a
[STDOUT  ] 2017-09-18T10:59:24.061107816Z: Status: Image is up to date for linuxkit/kernel:4.9.50
[STDERR  ] 2017-09-18T10:59:24.081497247Z: + docker build -t kmod-test .
[STDOUT  ] 2017-09-18T10:59:24.093280058Z: Sending build context to Docker daemon 8.704 kB
[STDOUT  ] 2017-09-18T10:59:24.263051169Z: Step 1/12 : FROM linuxkit/kernel:4.9.50 AS ksrc
[STDOUT  ] 2017-09-18T10:59:24.325038037Z:  ---> 0a141d8549bd
[STDOUT  ] 2017-09-18T10:59:24.325080424Z: Step 2/12 : FROM linuxkit/alpine:f4f5b333fa1a8433334fcae996d1637173144a72 AS build
[STDOUT  ] 2017-09-18T10:59:24.32509494Z:  ---> 184945765e5a
[STDOUT  ] 2017-09-18T10:59:24.325104345Z: Step 3/12 : RUN apk add build-base
[STDOUT  ] 2017-09-18T10:59:24.325111927Z:  ---> Using cache
[STDOUT  ] 2017-09-18T10:59:24.325118719Z:  ---> bc1086ce9769
[STDOUT  ] 2017-09-18T10:59:24.32512876Z: Step 4/12 : COPY --from=ksrc /kernel-dev.tar /
[STDOUT  ] 2017-09-18T10:59:24.789122687Z:  ---> Using cache
[STDOUT  ] 2017-09-18T10:59:24.78917349Z:  ---> 89cb1391bdee
[STDOUT  ] 2017-09-18T10:59:24.789183871Z: Step 5/12 : RUN tar xf kernel-dev.tar
[STDOUT  ] 2017-09-18T10:59:24.806415819Z:  ---> Using cache
[STDOUT  ] 2017-09-18T10:59:24.806445533Z:  ---> ecfab95dc481
[STDOUT  ] 2017-09-18T10:59:24.806459658Z: Step 6/12 : WORKDIR /kmod
[STDOUT  ] 2017-09-18T10:59:24.806498545Z:  ---> Using cache
[STDOUT  ] 2017-09-18T10:59:24.806517405Z:  ---> be71df51af80
[STDOUT  ] 2017-09-18T10:59:24.806526488Z: Step 7/12 : COPY ./src/* ./
[STDOUT  ] 2017-09-18T10:59:24.806538308Z:  ---> Using cache
[STDOUT  ] 2017-09-18T10:59:24.806549432Z:  ---> 0612e658e9da
[STDOUT  ] 2017-09-18T10:59:24.806560225Z: Step 8/12 : RUN make all
[STDOUT  ] 2017-09-18T10:59:24.80657179Z:  ---> Using cache
[STDOUT  ] 2017-09-18T10:59:24.806582247Z:  ---> a776243f0117
[STDOUT  ] 2017-09-18T10:59:24.806588877Z: Step 9/12 : FROM alpine:3.5
[STDOUT  ] 2017-09-18T10:59:24.80659562Z:  ---> 074d602a59d7
[STDOUT  ] 2017-09-18T10:59:24.806603087Z: Step 10/12 : COPY --from=build /kmod/hello_world.ko /
[STDOUT  ] 2017-09-18T10:59:25.368513458Z:  ---> 772bffe2c5c2
[STDOUT  ] 2017-09-18T10:59:25.385812724Z: Removing intermediate container d195fc87cd6b
[STDOUT  ] 2017-09-18T10:59:25.385842673Z: Step 11/12 : COPY check.sh /check.sh
[STDOUT  ] 2017-09-18T10:59:25.928505136Z:  ---> 35b94663e0c9
[STDOUT  ] 2017-09-18T10:59:25.945832996Z: Removing intermediate container b0d9a0630823
[STDOUT  ] 2017-09-18T10:59:25.945864656Z: Step 12/12 : ENTRYPOINT /bin/sh /check.sh
[STDOUT  ] 2017-09-18T10:59:26.077930614Z:  ---> Running in 3dcf453e644f
[STDOUT  ] 2017-09-18T10:59:26.289388425Z:  ---> a9118298fe89
[STDOUT  ] 2017-09-18T10:59:26.306695978Z: Removing intermediate container 3dcf453e644f
[STDOUT  ] 2017-09-18T10:59:26.306724514Z: Successfully built a9118298fe89
[STDOUT  ] 2017-09-18T10:59:26.306733979Z: Successfully tagged kmod-test:latest
[STDERR  ] 2017-09-18T10:59:26.413365483Z: + moby build -format kernel+initrd kmod.yml
[STDERR  ] 2017-09-18T10:59:26.422755468Z: Extract kernel image: linuxkit/kernel:4.9.50
[STDERR  ] 2017-09-18T10:59:36.96609472Z: Add init containers:
[STDERR  ] 2017-09-18T10:59:36.966174533Z: Process init image: linuxkit/init:851e9c3ad0574d640b733b92fdb26c368d2f7f8f
[STDERR  ] 2017-09-18T10:59:39.428188008Z: Process init image: linuxkit/runc:a1b564248a0d0b118c11e61db9f84ecf41dd2d2a
[STDERR  ] 2017-09-18T10:59:41.430201622Z: Add onboot containers:
[STDERR  ] 2017-09-18T10:59:41.430306854Z:   Create OCI config for kmod-test
[STDERR  ] 2017-09-18T10:59:41.962605865Z:   Create OCI config for linuxkit/poweroff:1e9876c682c74d0602b7647c628bb0875fb13998
[STDERR  ] 2017-09-18T10:59:43.579323799Z: Create outputs:
[STDERR  ] 2017-09-18T10:59:47.511247126Z:   kmod-kernel kmod-initrd.img kmod-cmdline
[STDERR  ] 2017-09-18T10:59:47.688766548Z: + linuxkit run kmod
[STDERR  ] 2017-09-18T11:00:08.900105457Z: + RESULT=[    0.000000] Linux version 4.9.50-linuxkit (root@e1ede117fb1e) (gcc version 6.3.0 (Alpine 6.3.0) ) #1 SMP Thu Sep 14 16:36:02 UTC 2017
[STDERR  ] 2017-09-18T11:00:08.900189864Z: [    0.000000] Command line: console=ttyS0
[STDERR  ] 2017-09-18T11:00:08.900204274Z: [    0.000000] x86/fpu: Legacy x87 FPU detected.
[STDERR  ] 2017-09-18T11:00:08.900217184Z: [    0.000000] x86/fpu: Using 'eager' FPU context switches.
[STDERR  ] 2017-09-18T11:00:08.900229602Z: [    0.000000] e820: BIOS-provided physical RAM map:
[STDERR  ] 2017-09-18T11:00:08.900241012Z: [    0.000000] BIOS-e820: [mem 0x0000000000000000-0x000000000009fbff] usable
[STDERR  ] 2017-09-18T11:00:08.900252968Z: [    0.000000] BIOS-e820: [mem 0x000000000009fc00-0x000000000009ffff] reserved
[STDERR  ] 2017-09-18T11:00:08.900265496Z: [    0.000000] BIOS-e820: [mem 0x00000000000f0000-0x00000000000fffff] reserved
[STDERR  ] 2017-09-18T11:00:08.900277525Z: [    0.000000] BIOS-e820: [mem 0x0000000000100000-0x000000003ffdefff] usable
[STDERR  ] 2017-09-18T11:00:08.900289504Z: [    0.000000] BIOS-e820: [mem 0x000000003ffdf000-0x000000003fffffff] reserved
[STDERR  ] 2017-09-18T11:00:08.900301719Z: [    0.000000] BIOS-e820: [mem 0x00000000b0000000-0x00000000bfffffff] reserved
[STDERR  ] 2017-09-18T11:00:08.900314706Z: [    0.000000] BIOS-e820: [mem 0x00000000fed1c000-0x00000000fed1ffff] reserved
[STDERR  ] 2017-09-18T11:00:08.900326739Z: [    0.000000] BIOS-e820: [mem 0x00000000fffc0000-0x00000000ffffffff] reserved
[STDERR  ] 2017-09-18T11:00:08.900339109Z: [    0.000000] NX (Execute Disable) protection: active
[STDERR  ] 2017-09-18T11:00:08.900351122Z: [    0.000000] SMBIOS 2.8 present.
[STDERR  ] 2017-09-18T11:00:08.900368077Z: [    0.000000] e820: last_pfn = 0x3ffdf max_arch_pfn = 0x400000000
[STDERR  ] 2017-09-18T11:00:08.900380021Z: [    0.000000] x86/PAT: Configuration [0-7]: WB  WC  UC- UC  WB  WC  UC- WT  
[STDERR  ] 2017-09-18T11:00:08.900391657Z: [    0.000000] found SMP MP-table at [mem 0x000f6aa0-0x000f6aaf] mapped at [ffff9386800f6aa0]
[STDERR  ] 2017-09-18T11:00:08.900407623Z: [    0.000000] RAMDISK: [mem 0x3e968000-0x3ffcffff]
[STDERR  ] 2017-09-18T11:00:08.900429561Z: [    0.000000] ACPI: Early table checksum verification disabled
[STDERR  ] 2017-09-18T11:00:08.900441573Z: [    0.000000] ACPI: RSDP 0x00000000000F68C0 000014 (v00 BOCHS )
[STDERR  ] 2017-09-18T11:00:08.900452898Z: [    0.000000] ACPI: RSDT 0x000000003FFE2404 000034 (v01 BOCHS  BXPCRSDT 00000001 BXPC 00000001)
[STDERR  ] 2017-09-18T11:00:08.900465206Z: [    0.000000] ACPI: FACP 0x000000003FFE22A4 000074 (v01 BOCHS  BXPCFACP 00000001 BXPC 00000001)
[STDERR  ] 2017-09-18T11:00:08.90047702Z: [    0.000000] ACPI: DSDT 0x000000003FFE0040 002264 (v01 BOCHS  BXPCDSDT 00000001 BXPC 00000001)
[STDERR  ] 2017-09-18T11:00:08.900489232Z: [    0.000000] ACPI: FACS 0x000000003FFE0000 000040
[STDERR  ] 2017-09-18T11:00:08.900506987Z: [    0.000000] ACPI: APIC 0x000000003FFE2318 000078 (v01 BOCHS  BXPCAPIC 00000001 BXPC 00000001)
[STDERR  ] 2017-09-18T11:00:08.900523956Z: [    0.000000] ACPI: HPET 0x000000003FFE2390 000038 (v01 BOCHS  BXPCHPET 00000001 BXPC 00000001)
[STDERR  ] 2017-09-18T11:00:08.900536546Z: [    0.000000] ACPI: MCFG 0x000000003FFE23C8 00003C (v01 BOCHS  BXPCMCFG 00000001 BXPC 00000001)
[STDERR  ] 2017-09-18T11:00:08.900547321Z: [    0.000000] Zone ranges:
[STDERR  ] 2017-09-18T11:00:08.900557994Z: [    0.000000]   DMA      [mem 0x0000000000001000-0x0000000000ffffff]
[STDERR  ] 2017-09-18T11:00:08.900569766Z: [    0.000000]   DMA32    [mem 0x0000000001000000-0x000000003ffdefff]
[STDERR  ] 2017-09-18T11:00:08.900586843Z: [    0.000000]   Normal   empty
[STDERR  ] 2017-09-18T11:00:08.900598891Z: [    0.000000] Movable zone start for each node
[STDERR  ] 2017-09-18T11:00:08.900616542Z: [    0.000000] Early memory node ranges
[STDERR  ] 2017-09-18T11:00:08.900626247Z: [    0.000000]   node   0: [mem 0x0000000000001000-0x000000000009efff]
[STDERR  ] 2017-09-18T11:00:08.90063668Z: [    0.000000]   node   0: [mem 0x0000000000100000-0x000000003ffdefff]
[STDERR  ] 2017-09-18T11:00:08.900647166Z: [    0.000000] Initmem setup node 0 [mem 0x0000000000001000-0x000000003ffdefff]
[STDERR  ] 2017-09-18T11:00:08.900657923Z: [    0.000000] ACPI: PM-Timer IO Port: 0x608
[STDERR  ] 2017-09-18T11:00:08.900674083Z: [    0.000000] ACPI: LAPIC_NMI (acpi_id[0xff] dfl dfl lint[0x1])
[STDERR  ] 2017-09-18T11:00:08.900686308Z: [    0.000000] IOAPIC[0]: apic_id 0, version 32, address 0xfec00000, GSI 0-23
[STDERR  ] 2017-09-18T11:00:08.900697825Z: [    0.000000] ACPI: INT_SRC_OVR (bus 0 bus_irq 0 global_irq 2 dfl dfl)
[STDERR  ] 2017-09-18T11:00:08.900708371Z: [    0.000000] ACPI: INT_SRC_OVR (bus 0 bus_irq 5 global_irq 5 high level)
[STDERR  ] 2017-09-18T11:00:08.900722351Z: [    0.000000] ACPI: INT_SRC_OVR (bus 0 bus_irq 9 global_irq 9 high level)
[STDERR  ] 2017-09-18T11:00:08.900733104Z: [    0.000000] ACPI: INT_SRC_OVR (bus 0 bus_irq 10 global_irq 10 high level)
[STDERR  ] 2017-09-18T11:00:08.900743781Z: [    0.000000] ACPI: INT_SRC_OVR (bus 0 bus_irq 11 global_irq 11 high level)
[STDERR  ] 2017-09-18T11:00:08.900754998Z: [    0.000000] Using ACPI (MADT) for SMP configuration information
[STDERR  ] 2017-09-18T11:00:08.900766622Z: [    0.000000] ACPI: HPET id: 0x8086a201 base: 0xfed00000
[STDERR  ] 2017-09-18T11:00:08.900777943Z: [    0.000000] smpboot: Allowing 1 CPUs, 0 hotplug CPUs
[STDERR  ] 2017-09-18T11:00:08.900789176Z: [    0.000000] e820: [mem 0x40000000-0xafffffff] available for PCI devices
[STDERR  ] 2017-09-18T11:00:08.900799786Z: [    0.000000] Booting paravirtualized kernel on bare hardware
[STDERR  ] 2017-09-18T11:00:08.900810487Z: [    0.000000] clocksource: refined-jiffies: mask: 0xffffffff max_cycles: 0xffffffff, max_idle_ns: 19112604462750000 ns
[STDERR  ] 2017-09-18T11:00:08.900823904Z: [    0.000000] setup_percpu: NR_CPUS:128 nr_cpumask_bits:128 nr_cpu_ids:1 nr_node_ids:1
[STDERR  ] 2017-09-18T11:00:08.900835755Z: [    0.000000] percpu: Embedded 35 pages/cpu @ffff9386be600000 s105240 r8192 d29928 u2097152
[STDERR  ] 2017-09-18T11:00:08.900847141Z: [    0.000000] Built 1 zonelists in Zone order, mobility grouping on.  Total pages: 257896
[STDERR  ] 2017-09-18T11:00:08.90085851Z: [    0.000000] Kernel command line: console=ttyS0
[STDERR  ] 2017-09-18T11:00:08.90086988Z: [    0.000000] PID hash table entries: 4096 (order: 3, 32768 bytes)
[STDERR  ] 2017-09-18T11:00:08.900881856Z: [    0.000000] Dentry cache hash table entries: 131072 (order: 8, 1048576 bytes)
[STDERR  ] 2017-09-18T11:00:08.900893061Z: [    0.000000] Inode-cache hash table entries: 65536 (order: 7, 524288 bytes)
[STDERR  ] 2017-09-18T11:00:08.900904903Z: [    0.000000] Memory: 991228K/1048052K available (8033K kernel code, 1366K rwdata, 2696K rodata, 1380K init, 568K bss, 56824K reserved, 0K cma-reserved)
[STDERR  ] 2017-09-18T11:00:08.90092351Z: [    0.000000] Hierarchical RCU implementation.
[STDERR  ] 2017-09-18T11:00:08.900939993Z: [    0.000000] 	Build-time adjustment of leaf fanout to 64.
[STDERR  ] 2017-09-18T11:00:08.90095134Z: [    0.000000] 	RCU restricting CPUs from NR_CPUS=128 to nr_cpu_ids=1.
[STDERR  ] 2017-09-18T11:00:08.90096217Z: [    0.000000] RCU: Adjusting geometry for rcu_fanout_leaf=64, nr_cpu_ids=1
[STDERR  ] 2017-09-18T11:00:08.90097294Z: [    0.000000] NR_IRQS:8448 nr_irqs:256 16
[STDERR  ] 2017-09-18T11:00:08.90098379Z: [    0.000000] Console: colour VGA+ 80x25
[STDERR  ] 2017-09-18T11:00:08.900994684Z: [    0.000000] console [ttyS0] enabled
[STDERR  ] 2017-09-18T11:00:08.901005583Z: [    0.000000] clocksource: hpet: mask: 0xffffffff max_cycles: 0xffffffff, max_idle_ns: 19112604467 ns
[STDERR  ] 2017-09-18T11:00:08.901017227Z: [    0.000000] tsc: Fast TSC calibration using PIT
[STDERR  ] 2017-09-18T11:00:08.901027832Z: [    0.000000] tsc: Detected 2300.081 MHz processor
[STDERR  ] 2017-09-18T11:00:08.901038555Z: [    0.011303] Calibrating delay loop (skipped), value calculated using timer frequency.. 4600.16 BogoMIPS (lpj=23000810)
[STDERR  ] 2017-09-18T11:00:08.901050169Z: [    0.012290] pid_max: default: 32768 minimum: 301
[STDERR  ] 2017-09-18T11:00:08.901066863Z: [    0.013345] ACPI: Core revision 20160831
[STDERR  ] 2017-09-18T11:00:08.901077719Z: [    0.058739] ACPI: 1 ACPI AML tables successfully acquired and loaded
[STDERR  ] 2017-09-18T11:00:08.901092454Z: [    0.062017] Security Framework initialized
[STDERR  ] 2017-09-18T11:00:08.901103405Z: [    0.062386] Yama: becoming mindful.
[STDERR  ] 2017-09-18T11:00:08.90111409Z: [    0.064241] Mount-cache hash table entries: 2048 (order: 2, 16384 bytes)
[STDERR  ] 2017-09-18T11:00:08.901133598Z: [    0.064753] Mountpoint-cache hash table entries: 2048 (order: 2, 16384 bytes)
[STDERR  ] 2017-09-18T11:00:08.901144865Z: [    0.083486] Last level iTLB entries: 4KB 0, 2MB 0, 4MB 0
[STDERR  ] 2017-09-18T11:00:08.901156053Z: [    0.083908] Last level dTLB entries: 4KB 0, 2MB 0, 4MB 0, 1GB 0
[STDERR  ] 2017-09-18T11:00:08.901167443Z: [    0.384389] Freeing SMP alternatives memory: 20K
[STDERR  ] 2017-09-18T11:00:08.901178223Z: [    0.393062] ftrace: allocating 35518 entries in 139 pages
[STDERR  ] 2017-09-18T11:00:08.901189063Z: [    0.556428] smpboot: Max logical packages: 1
[STDERR  ] 2017-09-18T11:00:08.901200067Z: [    0.562436] ..TIMER: vector=0x30 apic1=0 pin1=2 apic2=-1 pin2=-1
[STDERR  ] 2017-09-18T11:00:08.901211001Z: [    0.670000] smpboot: CPU0: AMD QEMU Virtual CPU version 2.5+ (family: 0x6, model: 0x6, stepping: 0x3)
[STDERR  ] 2017-09-18T11:00:08.901222487Z: [    0.670000] Performance Events: PMU not available due to virtualization, using software events only.
[STDERR  ] 2017-09-18T11:00:08.901246129Z: [    0.676569] NMI watchdog: disabled (cpu0): hardware events not enabled
[STDERR  ] 2017-09-18T11:00:08.901256802Z: [    0.677013] NMI watchdog: Shutting down hard lockup detector on all cpus
[STDERR  ] 2017-09-18T11:00:08.901267395Z: [    0.679662] x86: Booted up 1 node, 1 CPUs
[STDERR  ] 2017-09-18T11:00:08.901279912Z: [    0.680110] smpboot: Total of 1 processors activated (4600.16 BogoMIPS)
[STDERR  ] 2017-09-18T11:00:08.901290872Z: [    0.693817] devtmpfs: initialized
[STDERR  ] 2017-09-18T11:00:08.901301762Z: [    0.698319] x86/mm: Memory block size: 128MB
[STDERR  ] 2017-09-18T11:00:08.901312337Z: [    0.761203] clocksource: jiffies: mask: 0xffffffff max_cycles: 0xffffffff, max_idle_ns: 19112604462750000 ns
[STDERR  ] 2017-09-18T11:00:08.901323096Z: [    0.762023] futex hash table entries: 256 (order: 2, 16384 bytes)
[STDERR  ] 2017-09-18T11:00:08.901333818Z: [    0.770747] NET: Registered protocol family 16
[STDERR  ] 2017-09-18T11:00:08.901344532Z: [    0.780095] cpuidle: using governor ladder
[STDERR  ] 2017-09-18T11:00:08.901355114Z: [    0.780507] cpuidle: using governor menu
[STDERR  ] 2017-09-18T11:00:08.901370564Z: [    0.781543] ACPI: bus type PCI registered
[STDERR  ] 2017-09-18T11:00:08.901388674Z: [    0.784196] PCI: MMCONFIG for domain 0000 [bus 00-ff] at [mem 0xb0000000-0xbfffffff] (base 0xb0000000)
[STDERR  ] 2017-09-18T11:00:08.901403839Z: [    0.784920] PCI: MMCONFIG at [mem 0xb0000000-0xbfffffff] reserved in E820
[STDERR  ] 2017-09-18T11:00:08.901414711Z: [    0.786211] PCI: Using configuration type 1 for base access
[STDERR  ] 2017-09-18T11:00:08.901428734Z: [    0.840470] HugeTLB registered 2 MB page size, pre-allocated 0 pages
[STDERR  ] 2017-09-18T11:00:08.901439868Z: [    0.850250] ACPI: Added _OSI(Module Device)
[STDERR  ] 2017-09-18T11:00:08.901450667Z: [    0.850607] ACPI: Added _OSI(Processor Device)
[STDERR  ] 2017-09-18T11:00:08.901461412Z: [    0.850916] ACPI: Added _OSI(3.0 _SCP Extensions)
[STDERR  ] 2017-09-18T11:00:08.901472023Z: [    0.851219] ACPI: Added _OSI(Processor Aggregator Device)
[STDERR  ] 2017-09-18T11:00:08.901482851Z: [    0.920287] ACPI: Interpreter enabled
[STDERR  ] 2017-09-18T11:00:08.901493533Z: [    0.921037] ACPI: (supports S0 S5)
[STDERR  ] 2017-09-18T11:00:08.90150421Z: [    0.921322] ACPI: Using IOAPIC for interrupt routing
[STDERR  ] 2017-09-18T11:00:08.901514938Z: [    0.923002] PCI: Using host bridge windows from ACPI; if necessary, use "pci=nocrs" and report a bug
[STDERR  ] 2017-09-18T11:00:08.901525721Z: [    0.984533] ACPI: PCI Root Bridge [PCI0] (domain 0000 [bus 00-ff])
[STDERR  ] 2017-09-18T11:00:08.901536445Z: [    0.985422] acpi PNP0A08:00: _OSC: OS supports [ExtendedConfig ASPM ClockPM Segments MSI]
[STDERR  ] 2017-09-18T11:00:08.901551806Z: [    0.990747] acpi PNP0A08:00: _OSC: OS now controls [PCIeHotplug PME PCIeCapability]
[STDERR  ] 2017-09-18T11:00:08.901564562Z: [    0.994193] PCI host bridge to bus 0000:00
[STDERR  ] 2017-09-18T11:00:08.901575182Z: [    0.994609] pci_bus 0000:00: root bus resource [io  0x0000-0x0cf7 window]
[STDERR  ] 2017-09-18T11:00:08.9015858Z: [    0.995064] pci_bus 0000:00: root bus resource [io  0x0d00-0xffff window]
[STDERR  ] 2017-09-18T11:00:08.901596601Z: [    0.995552] pci_bus 0000:00: root bus resource [mem 0x000a0000-0x000bffff window]
[STDERR  ] 2017-09-18T11:00:08.901607297Z: [    0.996029] pci_bus 0000:00: root bus resource [mem 0xc0000000-0xfebfffff window]
[STDERR  ] 2017-09-18T11:00:08.901617959Z: [    0.996662] pci_bus 0000:00: root bus resource [bus 00-ff]
[STDERR  ] 2017-09-18T11:00:08.901628648Z: [    1.100907] pci 0000:00:1f.0: quirk: [io  0x0600-0x067f] claimed by ICH6 ACPI/GPIO/TCO
[STDERR  ] 2017-09-18T11:00:08.901640313Z: [    1.159076] ACPI: PCI Interrupt Link [LNKA] (IRQs 5 *10 11)
[STDERR  ] 2017-09-18T11:00:08.901650955Z: [    1.161665] ACPI: PCI Interrupt Link [LNKB] (IRQs 5 *10 11)
[STDERR  ] 2017-09-18T11:00:08.901661612Z: [    1.163262] ACPI: PCI Interrupt Link [LNKC] (IRQs 5 10 *11)
[STDERR  ] 2017-09-18T11:00:08.901676899Z: [    1.164850] ACPI: PCI Interrupt Link [LNKD] (IRQs 5 10 *11)
[STDERR  ] 2017-09-18T11:00:08.90168766Z: [    1.166464] ACPI: PCI Interrupt Link [LNKE] (IRQs 5 *10 11)
[STDERR  ] 2017-09-18T11:00:08.901698202Z: [    1.168049] ACPI: PCI Interrupt Link [LNKF] (IRQs 5 *10 11)
[STDERR  ] 2017-09-18T11:00:08.901708976Z: [    1.169626] ACPI: PCI Interrupt Link [LNKG] (IRQs 5 10 *11)
[STDERR  ] 2017-09-18T11:00:08.901718898Z: [    1.171347] ACPI: PCI Interrupt Link [LNKH] (IRQs 5 10 *11)
[STDERR  ] 2017-09-18T11:00:08.901728898Z: [    1.172127] ACPI: PCI Interrupt Link [GSIA] (IRQs *16)
[STDERR  ] 2017-09-18T11:00:08.901738637Z: [    1.172732] ACPI: PCI Interrupt Link [GSIB] (IRQs *17)
[STDERR  ] 2017-09-18T11:00:08.901748373Z: [    1.173317] ACPI: PCI Interrupt Link [GSIC] (IRQs *18)
[STDERR  ] 2017-09-18T11:00:08.901758254Z: [    1.173902] ACPI: PCI Interrupt Link [GSID] (IRQs *19)
[STDERR  ] 2017-09-18T11:00:08.901768851Z: [    1.174487] ACPI: PCI Interrupt Link [GSIE] (IRQs *20)
[STDERR  ] 2017-09-18T11:00:08.901778608Z: [    1.175072] ACPI: PCI Interrupt Link [GSIF] (IRQs *21)
[STDERR  ] 2017-09-18T11:00:08.901795394Z: [    1.175692] ACPI: PCI Interrupt Link [GSIG] (IRQs *22)
[STDERR  ] 2017-09-18T11:00:08.901805698Z: [    1.176281] ACPI: PCI Interrupt Link [GSIH] (IRQs *23)
[STDERR  ] 2017-09-18T11:00:08.901815654Z: [    1.179598] ACPI: Enabled 2 GPEs in block 00 to 3F
[STDERR  ] 2017-09-18T11:00:08.901829248Z: [    1.183727] SCSI subsystem initialized
[STDERR  ] 2017-09-18T11:00:08.901840474Z: [    1.185524] ACPI: bus type USB registered
[STDERR  ] 2017-09-18T11:00:08.901850674Z: [    1.186557] usbcore: registered new interface driver usbfs
[STDERR  ] 2017-09-18T11:00:08.901860873Z: [    1.187410] usbcore: registered new interface driver hub
[STDERR  ] 2017-09-18T11:00:08.901871233Z: [    1.188161] usbcore: registered new device driver usb
[STDERR  ] 2017-09-18T11:00:08.901881444Z: [    1.189239] pps_core: LinuxPPS API ver. 1 registered
[STDERR  ] 2017-09-18T11:00:08.901891772Z: [    1.189574] pps_core: Software ver. 5.3.6 - Copyright 2005-2007 Rodolfo Giometti <giometti@linux.it>
[STDERR  ] 2017-09-18T11:00:08.90190201Z: [    1.190179] PTP clock support registered
[STDERR  ] 2017-09-18T11:00:08.901912182Z: [    1.191269] wmi: Mapper loaded
[STDERR  ] 2017-09-18T11:00:08.901922327Z: [    1.192257] PCI: Using ACPI for IRQ routing
[STDERR  ] 2017-09-18T11:00:08.901932257Z: [    1.210362] NetLabel: Initializing
[STDERR  ] 2017-09-18T11:00:08.901942219Z: [    1.210616] NetLabel:  domain hash size = 128
[STDERR  ] 2017-09-18T11:00:08.901953012Z: [    1.210905] NetLabel:  protocols = UNLABELED CIPSOv4
[STDERR  ] 2017-09-18T11:00:08.901963655Z: [    1.212656] NetLabel:  unlabeled traffic allowed by default
[STDERR  ] 2017-09-18T11:00:08.901974342Z: [    1.213526] HPET: 3 timers in total, 0 timers will be used for per-cpu timer
[STDERR  ] 2017-09-18T11:00:08.9019888Z: [    1.214228] hpet0: at MMIO 0xfed00000, IRQs 2, 8, 0
[STDERR  ] 2017-09-18T11:00:08.901999404Z: [    1.214681] hpet0: 3 comparators, 64-bit 100.000000 MHz counter
[STDERR  ] 2017-09-18T11:00:08.902010246Z: [    1.220954] clocksource: Switched to clocksource hpet
[STDERR  ] 2017-09-18T11:00:08.902021078Z: [    1.465483] VFS: Disk quotas dquot_6.6.0
[STDERR  ] 2017-09-18T11:00:08.902031681Z: [    1.466182] VFS: Dquot-cache hash table entries: 512 (order 0, 4096 bytes)
[STDERR  ] 2017-09-18T11:00:08.902042888Z: [    1.468676] FS-Cache: Loaded
[STDERR  ] 2017-09-18T11:00:08.902053836Z: [    1.474018] CacheFiles: Loaded
[STDERR  ] 2017-09-18T11:00:08.902066184Z: [    1.475565] pnp: PnP ACPI init
[STDERR  ] 2017-09-18T11:00:08.90207712Z: [    1.486493] pnp: PnP ACPI: found 5 devices
[STDERR  ] 2017-09-18T11:00:08.902088391Z: [    1.534903] clocksource: acpi_pm: mask: 0xffffff max_cycles: 0xffffff, max_idle_ns: 2085701024 ns
[STDERR  ] 2017-09-18T11:00:08.902100886Z: [    1.537562] NET: Registered protocol family 2
[STDERR  ] 2017-09-18T11:00:08.902111163Z: [    1.544626] TCP established hash table entries: 8192 (order: 4, 65536 bytes)
[STDERR  ] 2017-09-18T11:00:08.902121368Z: [    1.545358] TCP bind hash table entries: 8192 (order: 5, 131072 bytes)
[STDERR  ] 2017-09-18T11:00:08.902131927Z: [    1.546011] TCP: Hash tables configured (established 8192 bind 8192)
[STDERR  ] 2017-09-18T11:00:08.902150334Z: [    1.547909] UDP hash table entries: 512 (order: 2, 16384 bytes)
[STDERR  ] 2017-09-18T11:00:08.902161651Z: [    1.548437] UDP-Lite hash table entries: 512 (order: 2, 16384 bytes)
[STDERR  ] 2017-09-18T11:00:08.90217287Z: [    1.550840] NET: Registered protocol family 1
[STDERR  ] 2017-09-18T11:00:08.902183972Z: [    1.551786] pci 0000:00:01.0: Video device with shadowed ROM at [mem 0x000c0000-0x000dffff]
[STDERR  ] 2017-09-18T11:00:08.902195674Z: [    1.558612] Unpacking initramfs...
[STDERR  ] 2017-09-18T11:00:08.902206736Z: [    4.624068] Freeing initrd memory: 22944K
[STDERR  ] 2017-09-18T11:00:08.902224586Z: [    4.647425] PCLMULQDQ-NI instructions are not detected.
[STDERR  ] 2017-09-18T11:00:08.902235669Z: [    4.648469] AVX or AES-NI instructions are not detected.
[STDERR  ] 2017-09-18T11:00:08.902251492Z: [    4.648839] CPU feature 'AVX registers' is not supported.
[STDERR  ] 2017-09-18T11:00:08.902262755Z: [    4.649180] CPU feature 'AVX registers' is not supported.
[STDERR  ] 2017-09-18T11:00:08.902274005Z: [    4.649525] CPU feature 'AVX registers' is not supported.
[STDERR  ] 2017-09-18T11:00:08.902285095Z: [    4.649867] CPU feature 'AVX registers' is not supported.
[STDERR  ] 2017-09-18T11:00:08.902305997Z: [    4.650425] AVX2 or AES-NI instructions are not detected.
[STDERR  ] 2017-09-18T11:00:08.902317343Z: [    4.650767] AVX2 instructions are not detected.
[STDERR  ] 2017-09-18T11:00:08.902328588Z: [    4.655925] audit: initializing netlink subsys (disabled)
[STDERR  ] 2017-09-18T11:00:08.902339752Z: [    4.657372] audit: type=2000 audit(1505732392.650:1): initialized
[STDERR  ] 2017-09-18T11:00:08.902350659Z: [    4.665218] workingset: timestamp_bits=46 max_order=18 bucket_order=0
[STDERR  ] 2017-09-18T11:00:08.902361621Z: [    4.672443] FS-Cache: Netfs 'cifs' registered for caching
[STDERR  ] 2017-09-18T11:00:08.902372631Z: [    4.673214] fuse init (API version 7.26)
[STDERR  ] 2017-09-18T11:00:08.90238346Z: [    4.677323] SGI XFS with ACLs, security attributes, no debug enabled
[STDERR  ] 2017-09-18T11:00:08.902394556Z: [    4.684716] 9p: Installing v9fs 9p2000 file system support
[STDERR  ] 2017-09-18T11:00:08.902405456Z: [    4.685208] FS-Cache: Netfs '9p' registered for caching
[STDERR  ] 2017-09-18T11:00:08.902416261Z: [    4.717946] NET: Registered protocol family 38
[STDERR  ] 2017-09-18T11:00:08.902427241Z: [    4.718442] Key type asymmetric registered
[STDERR  ] 2017-09-18T11:00:08.902438048Z: [    4.718740] Asymmetric key parser 'x509' registered
[STDERR  ] 2017-09-18T11:00:08.90244898Z: [    4.719417] Block layer SCSI generic (bsg) driver version 0.4 loaded (major 251)
[STDERR  ] 2017-09-18T11:00:08.902464084Z: [    4.721060] io scheduler noop registered
[STDERR  ] 2017-09-18T11:00:08.902475093Z: [    4.721364] io scheduler deadline registered (default)
[STDERR  ] 2017-09-18T11:00:08.90248631Z: [    4.721883] io scheduler cfq registered
[STDERR  ] 2017-09-18T11:00:08.902497123Z: [    4.724223] pci_hotplug: PCI Hot Plug PCI Core version: 0.5
[STDERR  ] 2017-09-18T11:00:08.902508072Z: [    4.724735] pciehp: PCI Express Hot Plug Controller Driver version: 0.4
[STDERR  ] 2017-09-18T11:00:08.902518982Z: [    4.725442] shpchp: Standard Hot Plug PCI Controller Driver version: 0.4
[STDERR  ] 2017-09-18T11:00:08.902530028Z: [    4.726172] hv_vmbus: registering driver hyperv_fb
[STDERR  ] 2017-09-18T11:00:08.902540913Z: [    4.729058] input: Power Button as /devices/LNXSYSTM:00/LNXPWRBN:00/input/input0
[STDERR  ] 2017-09-18T11:00:08.902552019Z: [    4.730021] ACPI: Power Button [PWRF]
[STDERR  ] 2017-09-18T11:00:08.902562923Z: [    4.735385] GHES: HEST is not enabled!
[STDERR  ] 2017-09-18T11:00:08.902573949Z: [    4.746287] ACPI: PCI Interrupt Link [GSIG] enabled at IRQ 22
[STDERR  ] 2017-09-18T11:00:08.90258495Z: [    4.757969] ACPI: PCI Interrupt Link [GSIH] enabled at IRQ 23
[STDERR  ] 2017-09-18T11:00:08.902595881Z: [    4.761900] xenfs: not registering filesystem on non-xen platform
[STDERR  ] 2017-09-18T11:00:08.902606789Z: [    4.763819] Serial: 8250/16550 driver, 4 ports, IRQ sharing disabled
[STDERR  ] 2017-09-18T11:00:08.902617769Z: [    4.789759] 00:04: ttyS0 at I/O 0x3f8 (irq = 4, base_baud = 115200) is a 16550A
[STDERR  ] 2017-09-18T11:00:08.902628658Z: [    4.800074] Non-volatile memory driver v1.3
[STDERR  ] 2017-09-18T11:00:08.902639676Z: [    4.806074] Hangcheck: starting hangcheck timer 0.9.1 (tick is 180 seconds, margin is 60 seconds).
[STDERR  ] 2017-09-18T11:00:08.902650809Z: [    4.810703] random: fast init done
[STDERR  ] 2017-09-18T11:00:08.902661744Z: [    4.811849] random: crng init done
[STDERR  ] 2017-09-18T11:00:08.902672605Z: [    4.845499] loop: module loaded
[STDERR  ] 2017-09-18T11:00:08.902683492Z: [    4.859331] nbd: registered device at major 43
[STDERR  ] 2017-09-18T11:00:08.902701093Z: [    4.899248] lpc_ich 0000:00:1f.0: I/O space for GPIO uninitialized
[STDERR  ] 2017-09-18T11:00:08.902712453Z: [    4.901036] VMware PVSCSI driver - version 1.0.7.0-k
[STDERR  ] 2017-09-18T11:00:08.902723307Z: [    4.901682] hv_vmbus: registering driver hv_storvsc
[STDERR  ] 2017-09-18T11:00:08.902734128Z: [    4.910938] ACPI: PCI Interrupt Link [GSIA] enabled at IRQ 16
[STDERR  ] 2017-09-18T11:00:08.902744968Z: [    4.916714] ahci 0000:00:1f.2: AHCI 0001.0000 32 slots 6 ports 1.5 Gbps 0x3f impl SATA mode
[STDERR  ] 2017-09-18T11:00:08.902763905Z: [    4.917287] ahci 0000:00:1f.2: flags: 64bit ncq only 
[STDERR  ] 2017-09-18T11:00:08.902775243Z: [    4.936742] scsi host0: ahci
[STDERR  ] 2017-09-18T11:00:08.902786138Z: [    4.940290] scsi host1: ahci
[STDERR  ] 2017-09-18T11:00:08.902802401Z: [    4.942424] scsi host2: ahci
[STDERR  ] 2017-09-18T11:00:08.902813332Z: [    4.944406] scsi host3: ahci
[STDERR  ] 2017-09-18T11:00:08.902824264Z: [    4.946455] scsi host4: ahci
[STDERR  ] 2017-09-18T11:00:08.902835127Z: [    4.948464] scsi host5: ahci
[STDERR  ] 2017-09-18T11:00:08.902850879Z: [    4.950154] ata1: SATA max UDMA/133 abar m4096@0xfebd2000 port 0xfebd2100 irq 24
[STDERR  ] 2017-09-18T11:00:08.902862214Z: [    4.950753] ata2: SATA max UDMA/133 abar m4096@0xfebd2000 port 0xfebd2180 irq 24
[STDERR  ] 2017-09-18T11:00:08.90287314Z: [    4.951156] ata3: SATA max UDMA/133 abar m4096@0xfebd2000 port 0xfebd2200 irq 24
[STDERR  ] 2017-09-18T11:00:08.902884044Z: [    4.951488] ata4: SATA max UDMA/133 abar m4096@0xfebd2000 port 0xfebd2280 irq 24
[STDERR  ] 2017-09-18T11:00:08.902894966Z: [    4.951839] ata5: SATA max UDMA/133 abar m4096@0xfebd2000 port 0xfebd2300 irq 24
[STDERR  ] 2017-09-18T11:00:08.90290577Z: [    4.952198] ata6: SATA max UDMA/133 abar m4096@0xfebd2000 port 0xfebd2380 irq 24
[STDERR  ] 2017-09-18T11:00:08.902925422Z: [    4.966321] tun: Universal TUN/TAP device driver, 1.6
[STDERR  ] 2017-09-18T11:00:08.902943395Z: [    4.966633] tun: (C) 1999-2004 Max Krasnyansky <maxk@qualcomm.com>
[STDERR  ] 2017-09-18T11:00:08.902954968Z: [    4.976711] VMware vmxnet3 virtual NIC driver - version 1.4.a.0-k-NAPI
[STDERR  ] 2017-09-18T11:00:08.902966087Z: [    4.977436] hv_vmbus: registering driver hv_netvsc
[STDERR  ] 2017-09-18T11:00:08.902977129Z: [    4.977741] Fusion MPT base driver 3.04.20
[STDERR  ] 2017-09-18T11:00:08.902994155Z: [    4.977987] Copyright (c) 1999-2008 LSI Corporation
[STDERR  ] 2017-09-18T11:00:08.90300573Z: [    4.978472] Fusion MPT SPI Host driver 3.04.20
[STDERR  ] 2017-09-18T11:00:08.903016821Z: [    4.980646] i8042: PNP: PS/2 Controller [PNP0303:KBD,PNP0f13:MOU] at 0x60,0x64 irq 1,12
[STDERR  ] 2017-09-18T11:00:08.903028614Z: [    4.984501] serio: i8042 KBD port at 0x60,0x64 irq 1
[STDERR  ] 2017-09-18T11:00:08.903039576Z: [    4.985067] serio: i8042 AUX port at 0x60,0x64 irq 12
[STDERR  ] 2017-09-18T11:00:08.903050329Z: [    4.987825] hv_vmbus: registering driver hyperv_keyboard
[STDERR  ] 2017-09-18T11:00:08.903061229Z: [    4.989771] mousedev: PS/2 mouse device common for all mice
[STDERR  ] 2017-09-18T11:00:08.903072224Z: [    4.995042] input: AT Translated Set 2 keyboard as /devices/platform/i8042/serio0/input/input1
[STDERR  ] 2017-09-18T11:00:08.903083441Z: [    4.997676] input: PC Speaker as /devices/platform/pcspkr/input/input2
[STDERR  ] 2017-09-18T11:00:08.903094281Z: [    5.001244] rtc_cmos 00:00: RTC can wake from S4
[STDERR  ] 2017-09-18T11:00:08.903105208Z: [    5.004240] rtc_cmos 00:00: rtc core: registered rtc_cmos as rtc0
[STDERR  ] 2017-09-18T11:00:08.903116093Z: [    5.005420] rtc_cmos 00:00: alarms up to one day, y3k, 114 bytes nvram, hpet irqs
[STDERR  ] 2017-09-18T11:00:08.903127095Z: [    5.006018] i2c /dev entries driver
[STDERR  ] 2017-09-18T11:00:08.903138077Z: [    5.007720] device-mapper: ioctl: 4.35.0-ioctl (2016-06-23) initialised: dm-devel@redhat.com
[STDERR  ] 2017-09-18T11:00:08.903154294Z: [    5.012363] usbcore: registered new interface driver usbhid
[STDERR  ] 2017-09-18T11:00:08.903165172Z: [    5.012657] usbhid: USB HID core driver
[STDERR  ] 2017-09-18T11:00:08.903176237Z: [    5.013106] hv_utils: Registering HyperV Utility Driver
[STDERR  ] 2017-09-18T11:00:08.903187106Z: [    5.013361] hv_vmbus: registering driver hv_util
[STDERR  ] 2017-09-18T11:00:08.903204236Z: [    5.013583] hv_vmbus: registering driver hv_balloon
[STDERR  ] 2017-09-18T11:00:08.903215299Z: [    5.013970] oprofile: using NMI interrupt.
[STDERR  ] 2017-09-18T11:00:08.903225976Z: [    5.014895] GACT probability on
[STDERR  ] 2017-09-18T11:00:08.903240386Z: [    5.015307] Mirror/redirect action on
[STDERR  ] 2017-09-18T11:00:08.903251263Z: [    5.016047] Simple TC action Loaded
[STDERR  ] 2017-09-18T11:00:08.903261639Z: [    5.016519] u32 classifier
[STDERR  ] 2017-09-18T11:00:08.903272923Z: [    5.016692]     Performance counters on
[STDERR  ] 2017-09-18T11:00:08.903284495Z: [    5.016913]     input device check on
[STDERR  ] 2017-09-18T11:00:08.903294813Z: [    5.017131]     Actions configured
[STDERR  ] 2017-09-18T11:00:08.903305566Z: [    5.017602] Netfilter messages via NETLINK v0.30.
[STDERR  ] 2017-09-18T11:00:08.903316406Z: [    5.018046] nfnl_acct: registering with nfnetlink.
[STDERR  ] 2017-09-18T11:00:08.903327385Z: [    5.019206] nf_conntrack version 0.5.0 (8192 buckets, 32768 max)
[STDERR  ] 2017-09-18T11:00:08.903338104Z: [    5.022496] ctnetlink v0.93: registering with nfnetlink.
[STDERR  ] 2017-09-18T11:00:08.903348703Z: [    5.025374] nf_tables: (c) 2007-2009 Patrick McHardy <kaber@trash.net>
[STDERR  ] 2017-09-18T11:00:08.903359521Z: [    5.026101] nf_tables_compat: (c) 2012 Pablo Neira Ayuso <pablo@netfilter.org>
[STDERR  ] 2017-09-18T11:00:08.903371638Z: [    5.028237] xt_time: kernel timezone is -0000
[STDERR  ] 2017-09-18T11:00:08.903384081Z: [    5.028691] ip_set: protocol 6
[STDERR  ] 2017-09-18T11:00:08.903394792Z: [    5.029245] IPVS: Registered protocols (TCP, UDP, SCTP, AH, ESP)
[STDERR  ] 2017-09-18T11:00:08.903411581Z: [    5.029769] IPVS: Connection hash table configured (size=4096, memory=64Kbytes)
[STDERR  ] 2017-09-18T11:00:08.903422337Z: [    5.031539] IPVS: Creating netns size=2104 id=0
[STDERR  ] 2017-09-18T11:00:08.90343312Z: [    5.034054] IPVS: ipvs loaded.
[STDERR  ] 2017-09-18T11:00:08.903444793Z: [    5.034382] IPVS: [rr] scheduler registered.
[STDERR  ] 2017-09-18T11:00:08.903463151Z: [    5.034671] IPVS: [wrr] scheduler registered.
[STDERR  ] 2017-09-18T11:00:08.903474718Z: [    5.034999] IPVS: [lc] scheduler registered.
[STDERR  ] 2017-09-18T11:00:08.90348518Z: [    5.035244] IPVS: [wlc] scheduler registered.
[STDERR  ] 2017-09-18T11:00:08.903496237Z: [    5.035492] IPVS: [fo] scheduler registered.
[STDERR  ] 2017-09-18T11:00:08.903506982Z: [    5.035737] IPVS: [ovf] scheduler registered.
[STDERR  ] 2017-09-18T11:00:08.903517716Z: [    5.036092] IPVS: [lblc] scheduler registered.
[STDERR  ] 2017-09-18T11:00:08.903528217Z: [    5.036512] IPVS: [lblcr] scheduler registered.
[STDERR  ] 2017-09-18T11:00:08.903538788Z: [    5.036789] IPVS: [dh] scheduler registered.
[STDERR  ] 2017-09-18T11:00:08.903549346Z: [    5.037030] IPVS: [sh] scheduler registered.
[STDERR  ] 2017-09-18T11:00:08.903559704Z: [    5.037280] IPVS: [sed] scheduler registered.
[STDERR  ] 2017-09-18T11:00:08.903569933Z: [    5.037514] IPVS: [nq] scheduler registered.
[STDERR  ] 2017-09-18T11:00:08.903587253Z: [    5.038117] IPVS: ftp: loaded support on port[0] = 21
[STDERR  ] 2017-09-18T11:00:08.903598016Z: [    5.038896] ipip: IPv4 and MPLS over IPv4 tunneling driver
[STDERR  ] 2017-09-18T11:00:08.903608862Z: [    5.043256] gre: GRE over IPv4 demultiplexor driver
[STDERR  ] 2017-09-18T11:00:08.90361932Z: [    5.045774] ip_tables: (C) 2000-2006 Netfilter Core Team
[STDERR  ] 2017-09-18T11:00:08.903637525Z: [    5.048797] ipt_CLUSTERIP: ClusterIP Version 0.8 loaded successfully
[STDERR  ] 2017-09-18T11:00:08.903649067Z: [    5.049408] arp_tables: arp_tables: (C) 2002 David S. Miller
[STDERR  ] 2017-09-18T11:00:08.903660216Z: [    5.051981] NET: Registered protocol family 10
[STDERR  ] 2017-09-18T11:00:08.903671669Z: [    5.061093] ip6_tables: (C) 2000-2006 Netfilter Core Team
[STDERR  ] 2017-09-18T11:00:08.903682237Z: [    5.068827] NET: Registered protocol family 17
[STDERR  ] 2017-09-18T11:00:08.903692892Z: [    5.069750] Bridge firewalling registered
[STDERR  ] 2017-09-18T11:00:08.903703759Z: [    5.070546] Ebtables v2.0 registered
[STDERR  ] 2017-09-18T11:00:08.903714575Z: [    5.072304] 8021q: 802.1Q VLAN Support v1.8
[STDERR  ] 2017-09-18T11:00:08.903724954Z: [    5.073585] 9pnet: Installing 9P2000 support
[STDERR  ] 2017-09-18T11:00:08.90374076Z: [    5.074900] Key type dns_resolver registered
[STDERR  ] 2017-09-18T11:00:08.903752337Z: [    5.075771] microcode: AMD CPU family 0x6 not supported
[STDERR  ] 2017-09-18T11:00:08.903763014Z: [    5.079231] registered taskstats version 1
[STDERR  ] 2017-09-18T11:00:08.903773918Z: [    5.233217] Key type big_key registered
[STDERR  ] 2017-09-18T11:00:08.903789853Z: [    5.284267] ata2: SATA link down (SStatus 0 SControl 300)
[STDERR  ] 2017-09-18T11:00:08.903802079Z: [    5.287224] ata1: SATA link down (SStatus 0 SControl 300)
[STDERR  ] 2017-09-18T11:00:08.903813052Z: [    5.291503] Key type encrypted registered
[STDERR  ] 2017-09-18T11:00:08.903824297Z: [    5.293280] ata6: SATA link down (SStatus 0 SControl 300)
[STDERR  ] 2017-09-18T11:00:08.903836077Z: [    5.293659] ata5: SATA link down (SStatus 0 SControl 300)
[STDERR  ] 2017-09-18T11:00:08.90384756Z: [    5.294012] ata4: SATA link down (SStatus 0 SControl 300)
[STDERR  ] 2017-09-18T11:00:08.903859004Z: [    5.294621] ata3: SATA link up 1.5 Gbps (SStatus 113 SControl 300)
[STDERR  ] 2017-09-18T11:00:08.903870246Z: [    5.298360] ata3.00: ATAPI: QEMU DVD-ROM, 2.5+, max UDMA/100
[STDERR  ] 2017-09-18T11:00:08.90388148Z: [    5.298783] ata3.00: applying bridge limits
[STDERR  ] 2017-09-18T11:00:08.903893054Z: [    5.300592] ata3.00: configured for UDMA/100
[STDERR  ] 2017-09-18T11:00:08.903909909Z: [    5.304294] rtc_cmos 00:00: setting system clock to 2017-09-18 10:59:54 UTC (1505732394)
[STDERR  ] 2017-09-18T11:00:08.903922801Z: [    5.321406] scsi 2:0:0:0: CD-ROM            QEMU     QEMU DVD-ROM     2.5+ PQ: 0 ANSI: 5
[STDERR  ] 2017-09-18T11:00:08.903934353Z: [    5.342794] sr 2:0:0:0: [sr0] scsi3-mmc drive: 4x/4x cd/rw xa/form2 tray
[STDERR  ] 2017-09-18T11:00:08.903945813Z: [    5.343275] cdrom: Uniform CD-ROM driver Revision: 3.20
[STDERR  ] 2017-09-18T11:00:08.903957224Z: [    5.348955] sr 2:0:0:0: Attached scsi generic sg0 type 5
[STDERR  ] 2017-09-18T11:00:08.903968677Z: [    5.492192] Freeing unused kernel memory: 1380K
[STDERR  ] 2017-09-18T11:00:08.903980693Z: [    5.492511] Write protecting the kernel read-only data: 12288k
[STDERR  ] 2017-09-18T11:00:08.903992165Z: [    5.498332] Freeing unused kernel memory: 144K
[STDERR  ] 2017-09-18T11:00:08.904003608Z: [    5.624617] Freeing unused kernel memory: 1400K
[STDERR  ] 2017-09-18T11:00:08.904014902Z: [    5.681122] tsc: Refined TSC clocksource calibration: 2300.042 MHz
[STDERR  ] 2017-09-18T11:00:08.904026304Z: [    5.681670] clocksource: tsc: mask: 0xffffffffffffffff max_cycles: 0x21275cd9627, max_idle_ns: 440795323243 ns
[STDERR  ] 2017-09-18T11:00:08.90403816Z: [    6.700521] clocksource: Switched to clocksource tsc
[STDERR  ] 2017-09-18T11:00:08.904049361Z: 
[STDERR  ] 2017-09-18T11:00:08.904061082Z: Welcome to LinuxKit
[STDERR  ] 2017-09-18T11:00:08.904078343Z: 
[STDERR  ] 2017-09-18T11:00:08.904093583Z:                         ##         .
[STDERR  ] 2017-09-18T11:00:08.90410523Z:                   ## ## ##        ==
[STDERR  ] 2017-09-18T11:00:08.904116658Z:                ## ## ## ## ##    ===
[STDERR  ] 2017-09-18T11:00:08.904127877Z:            /"""""""""""""""""\___/ ===
[STDERR  ] 2017-09-18T11:00:08.904139642Z:           {                       /  ===-
[STDERR  ] 2017-09-18T11:00:08.904150933Z:            \______ O           __/
[STDERR  ] 2017-09-18T11:00:08.904162802Z:              \    \         __/
[STDERR  ] 2017-09-18T11:00:08.904181477Z:               \____\_______/
[STDERR  ] 2017-09-18T11:00:08.904193463Z: 
[STDERR  ] 2017-09-18T11:00:08.904205043Z: Linux linuxkit-56f5550f465f 4.9.50-linuxkit #1 SMP Thu Sep 14 16:36:02 UTC 2017 x86_64 Linux
[STDERR  ] 2017-09-18T11:00:08.904216743Z: filename:       hello_world.ko
[STDERR  ] 2017-09-18T11:00:08.90422828Z: author:         Rolf Neugebauer <rolf.neugebauer@docker.com>
[STDERR  ] 2017-09-18T11:00:08.904239051Z: description:    A simple Hello World kernel module for testing
[STDERR  ] 2017-09-18T11:00:08.904250455Z: license:        GPL
[STDERR  ] 2017-09-18T11:00:08.904261454Z: depends:        
[STDERR  ] 2017-09-18T11:00:08.904276611Z: vermagic:       4.9.50-linuxkit SMP mod_unload 
[STDERR  ] 2017-09-18T11:00:08.904288145Z: [   14.172659] hello_world: loading out-of-tree module taints kernel.
[STDERR  ] 2017-09-18T11:00:08.904299942Z: [   14.175251] Hello LinuxKit
[STDERR  ] 2017-09-18T11:00:08.904311347Z: [   14.271074] Goodbye LinuxKit.
[STDERR  ] 2017-09-18T11:00:08.90432199Z: Kernel module test suite PASSED
[STDERR  ] 2017-09-18T11:00:08.904333372Z: [   19.159497] ACPI: Preparing to enter system sleep state S5
[STDERR  ] 2017-09-18T11:00:08.904344851Z: [   19.161160] reboot: Power down
[STDERR  ] 2017-09-18T11:00:08.904359405Z: + grep -q Hello LinuxKit
[STDERR  ] 2017-09-18T11:00:08.904371865Z: + echo [    0.000000] Linux version 4.9.50-linuxkit (root@e1ede117fb1e) (gcc version 6.3.0 (Alpine 6.3.0) ) #1 SMP Thu Sep 14 16:36:02 UTC 2017
[STDERR  ] 2017-09-18T11:00:08.904384705Z: [    0.000000] Command line: console=ttyS0
[STDERR  ] 2017-09-18T11:00:08.904396285Z: [    0.000000] x86/fpu: Legacy x87 FPU detected.
[STDERR  ] 2017-09-18T11:00:08.904412814Z: [    0.000000] x86/fpu: Using 'eager' FPU context switches.
[STDERR  ] 2017-09-18T11:00:08.90442398Z: [    0.000000] e820: BIOS-provided physical RAM map:
[STDERR  ] 2017-09-18T11:00:08.904435246Z: [    0.000000] BIOS-e820: [mem 0x0000000000000000-0x000000000009fbff] usable
[STDERR  ] 2017-09-18T11:00:08.904451609Z: [    0.000000] BIOS-e820: [mem 0x000000000009fc00-0x000000000009ffff] reserved
[STDERR  ] 2017-09-18T11:00:08.90446324Z: [    0.000000] BIOS-e820: [mem 0x00000000000f0000-0x00000000000fffff] reserved
[STDERR  ] 2017-09-18T11:00:08.904474734Z: [    0.000000] BIOS-e820: [mem 0x0000000000100000-0x000000003ffdefff] usable
[STDERR  ] 2017-09-18T11:00:08.90449304Z: [    0.000000] BIOS-e820: [mem 0x000000003ffdf000-0x000000003fffffff] reserved
[STDERR  ] 2017-09-18T11:00:08.904508691Z: [    0.000000] BIOS-e820: [mem 0x00000000b0000000-0x00000000bfffffff] reserved
[STDERR  ] 2017-09-18T11:00:08.904520541Z: [    0.000000] BIOS-e820: [mem 0x00000000fed1c000-0x00000000fed1ffff] reserved
[STDERR  ] 2017-09-18T11:00:08.904532157Z: [    0.000000] BIOS-e820: [mem 0x00000000fffc0000-0x00000000ffffffff] reserved
[STDERR  ] 2017-09-18T11:00:08.904543649Z: [    0.000000] NX (Execute Disable) protection: active
[STDERR  ] 2017-09-18T11:00:08.904561301Z: [    0.000000] SMBIOS 2.8 present.
[STDERR  ] 2017-09-18T11:00:08.904595379Z: [    0.000000] e820: last_pfn = 0x3ffdf max_arch_pfn = 0x400000000
[STDERR  ] 2017-09-18T11:00:08.904612354Z: [    0.000000] x86/PAT: Configuration [0-7]: WB  WC  UC- UC  WB  WC  UC- WT  
[STDERR  ] 2017-09-18T11:00:08.90462392Z: [    0.000000] found SMP MP-table at [mem 0x000f6aa0-0x000f6aaf] mapped at [ffff9386800f6aa0]
[STDERR  ] 2017-09-18T11:00:08.90463618Z: [    0.000000] RAMDISK: [mem 0x3e968000-0x3ffcffff]
[STDERR  ] 2017-09-18T11:00:08.904646964Z: [    0.000000] ACPI: Early table checksum verification disabled
[STDERR  ] 2017-09-18T11:00:08.904658721Z: [    0.000000] ACPI: RSDP 0x00000000000F68C0 000014 (v00 BOCHS )
[STDERR  ] 2017-09-18T11:00:08.904670092Z: [    0.000000] ACPI: RSDT 0x000000003FFE2404 000034 (v01 BOCHS  BXPCRSDT 00000001 BXPC 00000001)
[STDERR  ] 2017-09-18T11:00:08.90468608Z: [    0.000000] ACPI: FACP 0x000000003FFE22A4 000074 (v01 BOCHS  BXPCFACP 00000001 BXPC 00000001)
[STDERR  ] 2017-09-18T11:00:08.904700308Z: [    0.000000] ACPI: DSDT 0x000000003FFE0040 002264 (v01 BOCHS  BXPCDSDT 00000001 BXPC 00000001)
[STDERR  ] 2017-09-18T11:00:08.904712026Z: [    0.000000] ACPI: FACS 0x000000003FFE0000 000040
[STDERR  ] 2017-09-18T11:00:08.904723212Z: [    0.000000] ACPI: APIC 0x000000003FFE2318 000078 (v01 BOCHS  BXPCAPIC 00000001 BXPC 00000001)
[STDERR  ] 2017-09-18T11:00:08.904735689Z: [    0.000000] ACPI: HPET 0x000000003FFE2390 000038 (v01 BOCHS  BXPCHPET 00000001 BXPC 00000001)
[STDERR  ] 2017-09-18T11:00:08.904753609Z: [    0.000000] ACPI: MCFG 0x000000003FFE23C8 00003C (v01 BOCHS  BXPCMCFG 00000001 BXPC 00000001)
[STDERR  ] 2017-09-18T11:00:08.904765134Z: [    0.000000] Zone ranges:
[STDERR  ] 2017-09-18T11:00:08.904782948Z: [    0.000000]   DMA      [mem 0x0000000000001000-0x0000000000ffffff]
[STDERR  ] 2017-09-18T11:00:08.904794885Z: [    0.000000]   DMA32    [mem 0x0000000001000000-0x000000003ffdefff]
[STDERR  ] 2017-09-18T11:00:08.904805815Z: [    0.000000]   Normal   empty
[STDERR  ] 2017-09-18T11:00:08.904817066Z: [    0.000000] Movable zone start for each node
[STDERR  ] 2017-09-18T11:00:08.90482846Z: [    0.000000] Early memory node ranges
[STDERR  ] 2017-09-18T11:00:08.904839646Z: [    0.000000]   node   0: [mem 0x0000000000001000-0x000000000009efff]
[STDERR  ] 2017-09-18T11:00:08.904850747Z: [    0.000000]   node   0: [mem 0x0000000000100000-0x000000003ffdefff]
[STDERR  ] 2017-09-18T11:00:08.904861562Z: [    0.000000] Initmem setup node 0 [mem 0x0000000000001000-0x000000003ffdefff]
[STDERR  ] 2017-09-18T11:00:08.904872799Z: [    0.000000] ACPI: PM-Timer IO Port: 0x608
[STDERR  ] 2017-09-18T11:00:08.904884582Z: [    0.000000] ACPI: LAPIC_NMI (acpi_id[0xff] dfl dfl lint[0x1])
[STDERR  ] 2017-09-18T11:00:08.904896034Z: [    0.000000] IOAPIC[0]: apic_id 0, version 32, address 0xfec00000, GSI 0-23
[STDERR  ] 2017-09-18T11:00:08.904906977Z: [    0.000000] ACPI: INT_SRC_OVR (bus 0 bus_irq 0 global_irq 2 dfl dfl)
[STDERR  ] 2017-09-18T11:00:08.904917847Z: [    0.000000] ACPI: INT_SRC_OVR (bus 0 bus_irq 5 global_irq 5 high level)
[STDERR  ] 2017-09-18T11:00:08.904928761Z: [    0.000000] ACPI: INT_SRC_OVR (bus 0 bus_irq 9 global_irq 9 high level)
[STDERR  ] 2017-09-18T11:00:08.904944174Z: [    0.000000] ACPI: INT_SRC_OVR (bus 0 bus_irq 10 global_irq 10 high level)
[STDERR  ] 2017-09-18T11:00:08.904955297Z: [    0.000000] ACPI: INT_SRC_OVR (bus 0 bus_irq 11 global_irq 11 high level)
[STDERR  ] 2017-09-18T11:00:08.904972226Z: [    0.000000] Using ACPI (MADT) for SMP configuration information
[STDERR  ] 2017-09-18T11:00:08.904983295Z: [    0.000000] ACPI: HPET id: 0x8086a201 base: 0xfed00000
[STDERR  ] 2017-09-18T11:00:08.904994825Z: [    0.000000] smpboot: Allowing 1 CPUs, 0 hotplug CPUs
[STDERR  ] 2017-09-18T11:00:08.905006243Z: [    0.000000] e820: [mem 0x40000000-0xafffffff] available for PCI devices
[STDERR  ] 2017-09-18T11:00:08.905017322Z: [    0.000000] Booting paravirtualized kernel on bare hardware
[STDERR  ] 2017-09-18T11:00:08.905028596Z: [    0.000000] clocksource: refined-jiffies: mask: 0xffffffff max_cycles: 0xffffffff, max_idle_ns: 19112604462750000 ns
[STDERR  ] 2017-09-18T11:00:08.905041096Z: [    0.000000] setup_percpu: NR_CPUS:128 nr_cpumask_bits:128 nr_cpu_ids:1 nr_node_ids:1
[STDERR  ] 2017-09-18T11:00:08.905052875Z: [    0.000000] percpu: Embedded 35 pages/cpu @ffff9386be600000 s105240 r8192 d29928 u2097152
[STDERR  ] 2017-09-18T11:00:08.905067453Z: [    0.000000] Built 1 zonelists in Zone order, mobility grouping on.  Total pages: 257896
[STDERR  ] 2017-09-18T11:00:08.905079695Z: [    0.000000] Kernel command line: console=ttyS0
[STDERR  ] 2017-09-18T11:00:08.905090989Z: [    0.000000] PID hash table entries: 4096 (order: 3, 32768 bytes)
[STDERR  ] 2017-09-18T11:00:08.905102218Z: [    0.000000] Dentry cache hash table entries: 131072 (order: 8, 1048576 bytes)
[STDERR  ] 2017-09-18T11:00:08.905113338Z: [    0.000000] Inode-cache hash table entries: 65536 (order: 7, 524288 bytes)
[STDERR  ] 2017-09-18T11:00:08.905124471Z: [    0.000000] Memory: 991228K/1048052K available (8033K kernel code, 1366K rwdata, 2696K rodata, 1380K init, 568K bss, 56824K reserved, 0K cma-reserved)
[STDERR  ] 2017-09-18T11:00:08.90513849Z: [    0.000000] Hierarchical RCU implementation.
[STDERR  ] 2017-09-18T11:00:08.905150343Z: [    0.000000] 	Build-time adjustment of leaf fanout to 64.
[STDERR  ] 2017-09-18T11:00:08.905161148Z: [    0.000000] 	RCU restricting CPUs from NR_CPUS=128 to nr_cpu_ids=1.
[STDERR  ] 2017-09-18T11:00:08.905172069Z: [    0.000000] RCU: Adjusting geometry for rcu_fanout_leaf=64, nr_cpu_ids=1
[STDERR  ] 2017-09-18T11:00:08.905183495Z: [    0.000000] NR_IRQS:8448 nr_irqs:256 16
[STDERR  ] 2017-09-18T11:00:08.905194605Z: [    0.000000] Console: colour VGA+ 80x25
[STDERR  ] 2017-09-18T11:00:08.90520582Z: [    0.000000] console [ttyS0] enabled
[STDERR  ] 2017-09-18T11:00:08.905221662Z: [    0.000000] clocksource: hpet: mask: 0xffffffff max_cycles: 0xffffffff, max_idle_ns: 19112604467 ns
[STDERR  ] 2017-09-18T11:00:08.9052338Z: [    0.000000] tsc: Fast TSC calibration using PIT
[STDERR  ] 2017-09-18T11:00:08.905245409Z: [    0.000000] tsc: Detected 2300.081 MHz processor
[STDERR  ] 2017-09-18T11:00:08.905257245Z: [    0.011303] Calibrating delay loop (skipped), value calculated using timer frequency.. 4600.16 BogoMIPS (lpj=23000810)
[STDERR  ] 2017-09-18T11:00:08.905269787Z: [    0.012290] pid_max: default: 32768 minimum: 301
[STDERR  ] 2017-09-18T11:00:08.905281052Z: [    0.013345] ACPI: Core revision 20160831
[STDERR  ] 2017-09-18T11:00:08.905292438Z: [    0.058739] ACPI: 1 ACPI AML tables successfully acquired and loaded
[STDERR  ] 2017-09-18T11:00:08.90530345Z: [    0.062017] Security Framework initialized
[STDERR  ] 2017-09-18T11:00:08.905314997Z: [    0.062386] Yama: becoming mindful.
[STDERR  ] 2017-09-18T11:00:08.905325589Z: [    0.064241] Mount-cache hash table entries: 2048 (order: 2, 16384 bytes)
[STDERR  ] 2017-09-18T11:00:08.905336396Z: [    0.064753] Mountpoint-cache hash table entries: 2048 (order: 2, 16384 bytes)
[STDERR  ] 2017-09-18T11:00:08.905347535Z: [    0.083486] Last level iTLB entries: 4KB 0, 2MB 0, 4MB 0
[STDERR  ] 2017-09-18T11:00:08.90536525Z: [    0.083908] Last level dTLB entries: 4KB 0, 2MB 0, 4MB 0, 1GB 0
[STDERR  ] 2017-09-18T11:00:08.905383587Z: [    0.384389] Freeing SMP alternatives memory: 20K
[STDERR  ] 2017-09-18T11:00:08.905395986Z: [    0.393062] ftrace: allocating 35518 entries in 139 pages
[STDERR  ] 2017-09-18T11:00:08.905406603Z: [    0.556428] smpboot: Max logical packages: 1
[STDERR  ] 2017-09-18T11:00:08.905423421Z: [    0.562436] ..TIMER: vector=0x30 apic1=0 pin1=2 apic2=-1 pin2=-1
[STDERR  ] 2017-09-18T11:00:08.905434563Z: [    0.670000] smpboot: CPU0: AMD QEMU Virtual CPU version 2.5+ (family: 0x6, model: 0x6, stepping: 0x3)
[STDERR  ] 2017-09-18T11:00:08.905446499Z: [    0.670000] Performance Events: PMU not available due to virtualization, using software events only.
[STDERR  ] 2017-09-18T11:00:08.905458096Z: [    0.676569] NMI watchdog: disabled (cpu0): hardware events not enabled
[STDERR  ] 2017-09-18T11:00:08.905469443Z: [    0.677013] NMI watchdog: Shutting down hard lockup detector on all cpus
[STDERR  ] 2017-09-18T11:00:08.905480549Z: [    0.679662] x86: Booted up 1 node, 1 CPUs
[STDERR  ] 2017-09-18T11:00:08.905491673Z: [    0.680110] smpboot: Total of 1 processors activated (4600.16 BogoMIPS)
[STDERR  ] 2017-09-18T11:00:08.905503032Z: [    0.693817] devtmpfs: initialized
[STDERR  ] 2017-09-18T11:00:08.905513736Z: [    0.698319] x86/mm: Memory block size: 128MB
[STDERR  ] 2017-09-18T11:00:08.905525378Z: [    0.761203] clocksource: jiffies: mask: 0xffffffff max_cycles: 0xffffffff, max_idle_ns: 19112604462750000 ns
[STDERR  ] 2017-09-18T11:00:08.905536517Z: [    0.762023] futex hash table entries: 256 (order: 2, 16384 bytes)
[STDERR  ] 2017-09-18T11:00:08.905547316Z: [    0.770747] NET: Registered protocol family 16
[STDERR  ] 2017-09-18T11:00:08.905558571Z: [    0.780095] cpuidle: using governor ladder
[STDERR  ] 2017-09-18T11:00:08.905569666Z: [    0.780507] cpuidle: using governor menu
[STDERR  ] 2017-09-18T11:00:08.905580895Z: [    0.781543] ACPI: bus type PCI registered
[STDERR  ] 2017-09-18T11:00:08.905592633Z: [    0.784196] PCI: MMCONFIG for domain 0000 [bus 00-ff] at [mem 0xb0000000-0xbfffffff] (base 0xb0000000)
[STDERR  ] 2017-09-18T11:00:08.905603561Z: [    0.784920] PCI: MMCONFIG at [mem 0xb0000000-0xbfffffff] reserved in E820
[STDERR  ] 2017-09-18T11:00:08.905614531Z: [    0.786211] PCI: Using configuration type 1 for base access
[STDERR  ] 2017-09-18T11:00:08.905625791Z: [    0.840470] HugeTLB registered 2 MB page size, pre-allocated 0 pages
[STDERR  ] 2017-09-18T11:00:08.905637167Z: [    0.850250] ACPI: Added _OSI(Module Device)
[STDERR  ] 2017-09-18T11:00:08.905648343Z: [    0.850607] ACPI: Added _OSI(Processor Device)
[STDERR  ] 2017-09-18T11:00:08.905659654Z: [    0.850916] ACPI: Added _OSI(3.0 _SCP Extensions)
[STDERR  ] 2017-09-18T11:00:08.905674875Z: [    0.851219] ACPI: Added _OSI(Processor Aggregator Device)
[STDERR  ] 2017-09-18T11:00:08.905690927Z: [    0.920287] ACPI: Interpreter enabled
[STDERR  ] 2017-09-18T11:00:08.905702996Z: [    0.921037] ACPI: (supports S0 S5)
[STDERR  ] 2017-09-18T11:00:08.905714113Z: [    0.921322] ACPI: Using IOAPIC for interrupt routing
[STDERR  ] 2017-09-18T11:00:08.905732477Z: [    0.923002] PCI: Using host bridge windows from ACPI; if necessary, use "pci=nocrs" and report a bug
[STDERR  ] 2017-09-18T11:00:08.905749484Z: [    0.984533] ACPI: PCI Root Bridge [PCI0] (domain 0000 [bus 00-ff])
[STDERR  ] 2017-09-18T11:00:08.905761478Z: [    0.985422] acpi PNP0A08:00: _OSC: OS supports [ExtendedConfig ASPM ClockPM Segments MSI]
[STDERR  ] 2017-09-18T11:00:08.905773785Z: [    0.990747] acpi PNP0A08:00: _OSC: OS now controls [PCIeHotplug PME PCIeCapability]
[STDERR  ] 2017-09-18T11:00:08.905785736Z: [    0.994193] PCI host bridge to bus 0000:00
[STDERR  ] 2017-09-18T11:00:08.905796704Z: [    0.994609] pci_bus 0000:00: root bus resource [io  0x0000-0x0cf7 window]
[STDERR  ] 2017-09-18T11:00:08.905813422Z: [    0.995064] pci_bus 0000:00: root bus resource [io  0x0d00-0xffff window]
[STDERR  ] 2017-09-18T11:00:08.905825134Z: [    0.995552] pci_bus 0000:00: root bus resource [mem 0x000a0000-0x000bffff window]
[STDERR  ] 2017-09-18T11:00:08.905841465Z: [    0.996029] pci_bus 0000:00: root bus resource [mem 0xc0000000-0xfebfffff window]
[STDERR  ] 2017-09-18T11:00:08.905852381Z: [    0.996662] pci_bus 0000:00: root bus resource [bus 00-ff]
[STDERR  ] 2017-09-18T11:00:08.905863559Z: [    1.100907] pci 0000:00:1f.0: quirk: [io  0x0600-0x067f] claimed by ICH6 ACPI/GPIO/TCO
[STDERR  ] 2017-09-18T11:00:08.905875694Z: [    1.159076] ACPI: PCI Interrupt Link [LNKA] (IRQs 5 *10 11)
[STDERR  ] 2017-09-18T11:00:08.905887094Z: [    1.161665] ACPI: PCI Interrupt Link [LNKB] (IRQs 5 *10 11)
[STDERR  ] 2017-09-18T11:00:08.905898717Z: [    1.163262] ACPI: PCI Interrupt Link [LNKC] (IRQs 5 10 *11)
[STDERR  ] 2017-09-18T11:00:08.905909437Z: [    1.164850] ACPI: PCI Interrupt Link [LNKD] (IRQs 5 10 *11)
[STDERR  ] 2017-09-18T11:00:08.905920429Z: [    1.166464] ACPI: PCI Interrupt Link [LNKE] (IRQs 5 *10 11)
[STDERR  ] 2017-09-18T11:00:08.905931592Z: [    1.168049] ACPI: PCI Interrupt Link [LNKF] (IRQs 5 *10 11)
[STDERR  ] 2017-09-18T11:00:08.905942554Z: [    1.169626] ACPI: PCI Interrupt Link [LNKG] (IRQs 5 10 *11)
[STDERR  ] 2017-09-18T11:00:08.90595391Z: [    1.171347] ACPI: PCI Interrupt Link [LNKH] (IRQs 5 10 *11)
[STDERR  ] 2017-09-18T11:00:08.905965029Z: [    1.172127] ACPI: PCI Interrupt Link [GSIA] (IRQs *16)
[STDERR  ] 2017-09-18T11:00:08.905976386Z: [    1.172732] ACPI: PCI Interrupt Link [GSIB] (IRQs *17)
[STDERR  ] 2017-09-18T11:00:08.905993425Z: [    1.173317] ACPI: PCI Interrupt Link [GSIC] (IRQs *18)
[STDERR  ] 2017-09-18T11:00:08.906004946Z: [    1.173902] ACPI: PCI Interrupt Link [GSID] (IRQs *19)
[STDERR  ] 2017-09-18T11:00:08.906016227Z: [    1.174487] ACPI: PCI Interrupt Link [GSIE] (IRQs *20)
[STDERR  ] 2017-09-18T11:00:08.906027367Z: [    1.175072] ACPI: PCI Interrupt Link [GSIF] (IRQs *21)
[STDERR  ] 2017-09-18T11:00:08.906038882Z: [    1.175692] ACPI: PCI Interrupt Link [GSIG] (IRQs *22)
[STDERR  ] 2017-09-18T11:00:08.906050452Z: [    1.176281] ACPI: PCI Interrupt Link [GSIH] (IRQs *23)
[STDERR  ] 2017-09-18T11:00:08.906067368Z: [    1.179598] ACPI: Enabled 2 GPEs in block 00 to 3F
[STDERR  ] 2017-09-18T11:00:08.90607939Z: [    1.183727] SCSI subsystem initialized
[STDERR  ] 2017-09-18T11:00:08.906090505Z: [    1.185524] ACPI: bus type USB registered
[STDERR  ] 2017-09-18T11:00:08.90610175Z: [    1.186557] usbcore: registered new interface driver usbfs
[STDERR  ] 2017-09-18T11:00:08.906113399Z: [    1.187410] usbcore: registered new interface driver hub
[STDERR  ] 2017-09-18T11:00:08.906124852Z: [    1.188161] usbcore: registered new device driver usb
[STDERR  ] 2017-09-18T11:00:08.906138228Z: [    1.189239] pps_core: LinuxPPS API ver. 1 registered
[STDERR  ] 2017-09-18T11:00:08.906154219Z: [    1.189574] pps_core: Software ver. 5.3.6 - Copyright 2005-2007 Rodolfo Giometti <giometti@linux.it>
[STDERR  ] 2017-09-18T11:00:08.906166449Z: [    1.190179] PTP clock support registered
[STDERR  ] 2017-09-18T11:00:08.906177936Z: [    1.191269] wmi: Mapper loaded
[STDERR  ] 2017-09-18T11:00:08.90618945Z: [    1.192257] PCI: Using ACPI for IRQ routing
[STDERR  ] 2017-09-18T11:00:08.906200602Z: [    1.210362] NetLabel: Initializing
[STDERR  ] 2017-09-18T11:00:08.906212202Z: [    1.210616] NetLabel:  domain hash size = 128
[STDERR  ] 2017-09-18T11:00:08.906223822Z: [    1.210905] NetLabel:  protocols = UNLABELED CIPSOv4
[STDERR  ] 2017-09-18T11:00:08.906235016Z: [    1.212656] NetLabel:  unlabeled traffic allowed by default
[STDERR  ] 2017-09-18T11:00:08.90624601Z: [    1.213526] HPET: 3 timers in total, 0 timers will be used for per-cpu timer
[STDERR  ] 2017-09-18T11:00:08.906257545Z: [    1.214228] hpet0: at MMIO 0xfed00000, IRQs 2, 8, 0
[STDERR  ] 2017-09-18T11:00:08.906269094Z: [    1.214681] hpet0: 3 comparators, 64-bit 100.000000 MHz counter
[STDERR  ] 2017-09-18T11:00:08.906280618Z: [    1.220954] clocksource: Switched to clocksource hpet
[STDERR  ] 2017-09-18T11:00:08.90629232Z: [    1.465483] VFS: Disk quotas dquot_6.6.0
[STDERR  ] 2017-09-18T11:00:08.90630361Z: [    1.466182] VFS: Dquot-cache hash table entries: 512 (order 0, 4096 bytes)
[STDERR  ] 2017-09-18T11:00:08.90631935Z: [    1.468676] FS-Cache: Loaded
[STDERR  ] 2017-09-18T11:00:08.906331313Z: [    1.474018] CacheFiles: Loaded
[STDERR  ] 2017-09-18T11:00:08.906342939Z: [    1.475565] pnp: PnP ACPI init
[STDERR  ] 2017-09-18T11:00:08.906353762Z: [    1.486493] pnp: PnP ACPI: found 5 devices
[STDERR  ] 2017-09-18T11:00:08.906370563Z: [    1.534903] clocksource: acpi_pm: mask: 0xffffff max_cycles: 0xffffff, max_idle_ns: 2085701024 ns
[STDERR  ] 2017-09-18T11:00:08.906383001Z: [    1.537562] NET: Registered protocol family 2
[STDERR  ] 2017-09-18T11:00:08.906393909Z: [    1.544626] TCP established hash table entries: 8192 (order: 4, 65536 bytes)
[STDERR  ] 2017-09-18T11:00:08.906405365Z: [    1.545358] TCP bind hash table entries: 8192 (order: 5, 131072 bytes)
[STDERR  ] 2017-09-18T11:00:08.906416653Z: [    1.546011] TCP: Hash tables configured (established 8192 bind 8192)
[STDERR  ] 2017-09-18T11:00:08.906428097Z: [    1.547909] UDP hash table entries: 512 (order: 2, 16384 bytes)
[STDERR  ] 2017-09-18T11:00:08.906439584Z: [    1.548437] UDP-Lite hash table entries: 512 (order: 2, 16384 bytes)
[STDERR  ] 2017-09-18T11:00:08.906451507Z: [    1.550840] NET: Registered protocol family 1
[STDERR  ] 2017-09-18T11:00:08.906462244Z: [    1.551786] pci 0000:00:01.0: Video device with shadowed ROM at [mem 0x000c0000-0x000dffff]
[STDERR  ] 2017-09-18T11:00:08.906474925Z: [    1.558612] Unpacking initramfs...
[STDERR  ] 2017-09-18T11:00:08.906486311Z: [    4.624068] Freeing initrd memory: 22944K
[STDERR  ] 2017-09-18T11:00:08.906498123Z: [    4.647425] PCLMULQDQ-NI instructions are not detected.
[STDERR  ] 2017-09-18T11:00:08.906509786Z: [    4.648469] AVX or AES-NI instructions are not detected.
[STDERR  ] 2017-09-18T11:00:08.906521101Z: [    4.648839] CPU feature 'AVX registers' is not supported.
[STDERR  ] 2017-09-18T11:00:08.90653273Z: [    4.649180] CPU feature 'AVX registers' is not supported.
[STDERR  ] 2017-09-18T11:00:08.90654434Z: [    4.649525] CPU feature 'AVX registers' is not supported.
[STDERR  ] 2017-09-18T11:00:08.906555899Z: [    4.649867] CPU feature 'AVX registers' is not supported.
[STDERR  ] 2017-09-18T11:00:08.906567007Z: [    4.650425] AVX2 or AES-NI instructions are not detected.
[STDERR  ] 2017-09-18T11:00:08.906585191Z: [    4.650767] AVX2 instructions are not detected.
[STDERR  ] 2017-09-18T11:00:08.906597178Z: [    4.655925] audit: initializing netlink subsys (disabled)
[STDERR  ] 2017-09-18T11:00:08.906613043Z: [    4.657372] audit: type=2000 audit(1505732392.650:1): initialized
[STDERR  ] 2017-09-18T11:00:08.906624621Z: [    4.665218] workingset: timestamp_bits=46 max_order=18 bucket_order=0
[STDERR  ] 2017-09-18T11:00:08.906639186Z: [    4.672443] FS-Cache: Netfs 'cifs' registered for caching
[STDERR  ] 2017-09-18T11:00:08.906650601Z: [    4.673214] fuse init (API version 7.26)
[STDERR  ] 2017-09-18T11:00:08.906662099Z: [    4.677323] SGI XFS with ACLs, security attributes, no debug enabled
[STDERR  ] 2017-09-18T11:00:08.906673454Z: [    4.684716] 9p: Installing v9fs 9p2000 file system support
[STDERR  ] 2017-09-18T11:00:08.906684663Z: [    4.685208] FS-Cache: Netfs '9p' registered for caching
[STDERR  ] 2017-09-18T11:00:08.90669599Z: [    4.717946] NET: Registered protocol family 38
[STDERR  ] 2017-09-18T11:00:08.906707838Z: [    4.718442] Key type asymmetric registered
[STDERR  ] 2017-09-18T11:00:08.906719339Z: [    4.718740] Asymmetric key parser 'x509' registered
[STDERR  ] 2017-09-18T11:00:08.906730507Z: [    4.719417] Block layer SCSI generic (bsg) driver version 0.4 loaded (major 251)
[STDERR  ] 2017-09-18T11:00:08.906742111Z: [    4.721060] io scheduler noop registered
[STDERR  ] 2017-09-18T11:00:08.906753623Z: [    4.721364] io scheduler deadline registered (default)
[STDERR  ] 2017-09-18T11:00:08.906765337Z: [    4.721883] io scheduler cfq registered
[STDERR  ] 2017-09-18T11:00:08.906776777Z: [    4.724223] pci_hotplug: PCI Hot Plug PCI Core version: 0.5
[STDERR  ] 2017-09-18T11:00:08.906788065Z: [    4.724735] pciehp: PCI Express Hot Plug Controller Driver version: 0.4
[STDERR  ] 2017-09-18T11:00:08.906803506Z: [    4.725442] shpchp: Standard Hot Plug PCI Controller Driver version: 0.4
[STDERR  ] 2017-09-18T11:00:08.906815327Z: [    4.726172] hv_vmbus: registering driver hyperv_fb
[STDERR  ] 2017-09-18T11:00:08.906826705Z: [    4.729058] input: Power Button as /devices/LNXSYSTM:00/LNXPWRBN:00/input/input0
[STDERR  ] 2017-09-18T11:00:08.906838526Z: [    4.730021] ACPI: Power Button [PWRF]
[STDERR  ] 2017-09-18T11:00:08.906852116Z: [    4.735385] GHES: HEST is not enabled!
[STDERR  ] 2017-09-18T11:00:08.906863805Z: [    4.746287] ACPI: PCI Interrupt Link [GSIG] enabled at IRQ 22
[STDERR  ] 2017-09-18T11:00:08.906874884Z: [    4.757969] ACPI: PCI Interrupt Link [GSIH] enabled at IRQ 23
[STDERR  ] 2017-09-18T11:00:08.906886404Z: [    4.761900] xenfs: not registering filesystem on non-xen platform
[STDERR  ] 2017-09-18T11:00:08.906897702Z: [    4.763819] Serial: 8250/16550 driver, 4 ports, IRQ sharing disabled
[STDERR  ] 2017-09-18T11:00:08.906914672Z: [    4.789759] 00:04: ttyS0 at I/O 0x3f8 (irq = 4, base_baud = 115200) is a 16550A
[STDERR  ] 2017-09-18T11:00:08.906926714Z: [    4.800074] Non-volatile memory driver v1.3
[STDERR  ] 2017-09-18T11:00:08.906940405Z: [    4.806074] Hangcheck: starting hangcheck timer 0.9.1 (tick is 180 seconds, margin is 60 seconds).
[STDERR  ] 2017-09-18T11:00:08.906953023Z: [    4.810703] random: fast init done
[STDERR  ] 2017-09-18T11:00:08.906964538Z: [    4.811849] random: crng init done
[STDERR  ] 2017-09-18T11:00:08.906976338Z: [    4.845499] loop: module loaded
[STDERR  ] 2017-09-18T11:00:08.906987414Z: [    4.859331] nbd: registered device at major 43
[STDERR  ] 2017-09-18T11:00:08.906998738Z: [    4.899248] lpc_ich 0000:00:1f.0: I/O space for GPIO uninitialized
[STDERR  ] 2017-09-18T11:00:08.907009957Z: [    4.901036] VMware PVSCSI driver - version 1.0.7.0-k
[STDERR  ] 2017-09-18T11:00:08.90702168Z: [    4.901682] hv_vmbus: registering driver hv_storvsc
[STDERR  ] 2017-09-18T11:00:08.907033097Z: [    4.910938] ACPI: PCI Interrupt Link [GSIA] enabled at IRQ 16
[STDERR  ] 2017-09-18T11:00:08.907044077Z: [    4.916714] ahci 0000:00:1f.2: AHCI 0001.0000 32 slots 6 ports 1.5 Gbps 0x3f impl SATA mode
[STDERR  ] 2017-09-18T11:00:08.907057775Z: [    4.917287] ahci 0000:00:1f.2: flags: 64bit ncq only 
[STDERR  ] 2017-09-18T11:00:08.907068752Z: [    4.936742] scsi host0: ahci
[STDERR  ] 2017-09-18T11:00:08.907080152Z: [    4.940290] scsi host1: ahci
[STDERR  ] 2017-09-18T11:00:08.907091649Z: [    4.942424] scsi host2: ahci
[STDERR  ] 2017-09-18T11:00:08.907103646Z: [    4.944406] scsi host3: ahci
[STDERR  ] 2017-09-18T11:00:08.907120871Z: [    4.946455] scsi host4: ahci
[STDERR  ] 2017-09-18T11:00:08.907136644Z: [    4.948464] scsi host5: ahci
[STDERR  ] 2017-09-18T11:00:08.907148404Z: [    4.950154] ata1: SATA max UDMA/133 abar m4096@0xfebd2000 port 0xfebd2100 irq 24
[STDERR  ] 2017-09-18T11:00:08.907159633Z: [    4.950753] ata2: SATA max UDMA/133 abar m4096@0xfebd2000 port 0xfebd2180 irq 24
[STDERR  ] 2017-09-18T11:00:08.907170675Z: [    4.951156] ata3: SATA max UDMA/133 abar m4096@0xfebd2000 port 0xfebd2200 irq 24
[STDERR  ] 2017-09-18T11:00:08.907182237Z: [    4.951488] ata4: SATA max UDMA/133 abar m4096@0xfebd2000 port 0xfebd2280 irq 24
[STDERR  ] 2017-09-18T11:00:08.907193887Z: [    4.951839] ata5: SATA max UDMA/133 abar m4096@0xfebd2000 port 0xfebd2300 irq 24
[STDERR  ] 2017-09-18T11:00:08.907205116Z: [    4.952198] ata6: SATA max UDMA/133 abar m4096@0xfebd2000 port 0xfebd2380 irq 24
[STDERR  ] 2017-09-18T11:00:08.90722128Z: [    4.966321] tun: Universal TUN/TAP device driver, 1.6
[STDERR  ] 2017-09-18T11:00:08.907234048Z: [    4.966633] tun: (C) 1999-2004 Max Krasnyansky <maxk@qualcomm.com>
[STDERR  ] 2017-09-18T11:00:08.907252962Z: [    4.976711] VMware vmxnet3 virtual NIC driver - version 1.4.a.0-k-NAPI
[STDERR  ] 2017-09-18T11:00:08.90726923Z: [    4.977436] hv_vmbus: registering driver hv_netvsc
[STDERR  ] 2017-09-18T11:00:08.907280361Z: [    4.977741] Fusion MPT base driver 3.04.20
[STDERR  ] 2017-09-18T11:00:08.907301773Z: [    4.977987] Copyright (c) 1999-2008 LSI Corporation
[STDERR  ] 2017-09-18T11:00:08.907318235Z: [    4.978472] Fusion MPT SPI Host driver 3.04.20
[STDERR  ] 2017-09-18T11:00:08.907329516Z: [    4.980646] i8042: PNP: PS/2 Controller [PNP0303:KBD,PNP0f13:MOU] at 0x60,0x64 irq 1,12
[STDERR  ] 2017-09-18T11:00:08.907341462Z: [    4.984501] serio: i8042 KBD port at 0x60,0x64 irq 1
[STDERR  ] 2017-09-18T11:00:08.907352429Z: [    4.985067] serio: i8042 AUX port at 0x60,0x64 irq 12
[STDERR  ] 2017-09-18T11:00:08.907429636Z: [    4.987825] hv_vmbus: registering driver hyperv_keyboard
[STDERR  ] 2017-09-18T11:00:08.907451137Z: [    4.989771] mousedev: PS/2 mouse device common for all mice
[STDERR  ] 2017-09-18T11:00:08.907463151Z: [    4.995042] input: AT Translated Set 2 keyboard as /devices/platform/i8042/serio0/input/input1
[STDERR  ] 2017-09-18T11:00:08.907475004Z: [    4.997676] input: PC Speaker as /devices/platform/pcspkr/input/input2
[STDERR  ] 2017-09-18T11:00:08.907486322Z: [    5.001244] rtc_cmos 00:00: RTC can wake from S4
[STDERR  ] 2017-09-18T11:00:08.907497614Z: [    5.004240] rtc_cmos 00:00: rtc core: registered rtc_cmos as rtc0
[STDERR  ] 2017-09-18T11:00:08.907508619Z: [    5.005420] rtc_cmos 00:00: alarms up to one day, y3k, 114 bytes nvram, hpet irqs
[STDERR  ] 2017-09-18T11:00:08.907520274Z: [    5.006018] i2c /dev entries driver
[STDERR  ] 2017-09-18T11:00:08.907531945Z: [    5.007720] device-mapper: ioctl: 4.35.0-ioctl (2016-06-23) initialised: dm-devel@redhat.com
[STDERR  ] 2017-09-18T11:00:08.907544255Z: [    5.012363] usbcore: registered new interface driver usbhid
[STDERR  ] 2017-09-18T11:00:08.907555278Z: [    5.012657] usbhid: USB HID core driver
[STDERR  ] 2017-09-18T11:00:08.907590682Z: [    5.013106] hv_utils: Registering HyperV Utility Driver
[STDERR  ] 2017-09-18T11:00:08.907602468Z: [    5.013361] hv_vmbus: registering driver hv_util
[STDERR  ] 2017-09-18T11:00:08.90761351Z: [    5.013583] hv_vmbus: registering driver hv_balloon
[STDERR  ] 2017-09-18T11:00:08.907624878Z: [    5.013970] oprofile: using NMI interrupt.
[STDERR  ] 2017-09-18T11:00:08.907636394Z: [    5.014895] GACT probability on
[STDERR  ] 2017-09-18T11:00:08.907647546Z: [    5.015307] Mirror/redirect action on
[STDERR  ] 2017-09-18T11:00:08.907657875Z: [    5.016047] Simple TC action Loaded
[STDERR  ] 2017-09-18T11:00:08.90766867Z: [    5.016519] u32 classifier
[STDERR  ] 2017-09-18T11:00:08.907679217Z: [    5.016692]     Performance counters on
[STDERR  ] 2017-09-18T11:00:08.907689557Z: [    5.016913]     input device check on
[STDERR  ] 2017-09-18T11:00:08.907699893Z: [    5.017131]     Actions configured
[STDERR  ] 2017-09-18T11:00:08.90771053Z: [    5.017602] Netfilter messages via NETLINK v0.30.
[STDERR  ] 2017-09-18T11:00:08.907725874Z: [    5.018046] nfnl_acct: registering with nfnetlink.
[STDERR  ] 2017-09-18T11:00:08.907758064Z: [    5.019206] nf_conntrack version 0.5.0 (8192 buckets, 32768 max)
[STDERR  ] 2017-09-18T11:00:08.907769207Z: [    5.022496] ctnetlink v0.93: registering with nfnetlink.
[STDERR  ] 2017-09-18T11:00:08.907780204Z: [    5.025374] nf_tables: (c) 2007-2009 Patrick McHardy <kaber@trash.net>
[STDERR  ] 2017-09-18T11:00:08.907791014Z: [    5.026101] nf_tables_compat: (c) 2012 Pablo Neira Ayuso <pablo@netfilter.org>
[STDERR  ] 2017-09-18T11:00:08.907801928Z: [    5.028237] xt_time: kernel timezone is -0000
[STDERR  ] 2017-09-18T11:00:08.907812411Z: [    5.028691] ip_set: protocol 6
[STDERR  ] 2017-09-18T11:00:08.907823065Z: [    5.029245] IPVS: Registered protocols (TCP, UDP, SCTP, AH, ESP)
[STDERR  ] 2017-09-18T11:00:08.907833629Z: [    5.029769] IPVS: Connection hash table configured (size=4096, memory=64Kbytes)
[STDERR  ] 2017-09-18T11:00:08.907844258Z: [    5.031539] IPVS: Creating netns size=2104 id=0
[STDERR  ] 2017-09-18T11:00:08.907854579Z: [    5.034054] IPVS: ipvs loaded.
[STDERR  ] 2017-09-18T11:00:08.907864896Z: [    5.034382] IPVS: [rr] scheduler registered.
[STDERR  ] 2017-09-18T11:00:08.907875422Z: [    5.034671] IPVS: [wrr] scheduler registered.
[STDERR  ] 2017-09-18T11:00:08.90791597Z: [    5.034999] IPVS: [lc] scheduler registered.
[STDERR  ] 2017-09-18T11:00:08.907930777Z: [    5.035244] IPVS: [wlc] scheduler registered.
[STDERR  ] 2017-09-18T11:00:08.907941297Z: [    5.035492] IPVS: [fo] scheduler registered.
[STDERR  ] 2017-09-18T11:00:08.907951424Z: [    5.035737] IPVS: [ovf] scheduler registered.
[STDERR  ] 2017-09-18T11:00:08.907967434Z: [    5.036092] IPVS: [lblc] scheduler registered.
[STDERR  ] 2017-09-18T11:00:08.90797869Z: [    5.036512] IPVS: [lblcr] scheduler registered.
[STDERR  ] 2017-09-18T11:00:08.907989407Z: [    5.036789] IPVS: [dh] scheduler registered.
[STDERR  ] 2017-09-18T11:00:08.908004673Z: [    5.037030] IPVS: [sh] scheduler registered.
[STDERR  ] 2017-09-18T11:00:08.908015364Z: [    5.037280] IPVS: [sed] scheduler registered.
[STDERR  ] 2017-09-18T11:00:08.908026074Z: [    5.037514] IPVS: [nq] scheduler registered.
[STDERR  ] 2017-09-18T11:00:08.908036906Z: [    5.038117] IPVS: ftp: loaded support on port[0] = 21
[STDERR  ] 2017-09-18T11:00:08.908047758Z: [    5.038896] ipip: IPv4 and MPLS over IPv4 tunneling driver
[STDERR  ] 2017-09-18T11:00:08.90805848Z: [    5.043256] gre: GRE over IPv4 demultiplexor driver
[STDERR  ] 2017-09-18T11:00:08.908090527Z: [    5.045774] ip_tables: (C) 2000-2006 Netfilter Core Team
[STDERR  ] 2017-09-18T11:00:08.908101475Z: [    5.048797] ipt_CLUSTERIP: ClusterIP Version 0.8 loaded successfully
[STDERR  ] 2017-09-18T11:00:08.908120037Z: [    5.049408] arp_tables: arp_tables: (C) 2002 David S. Miller
[STDERR  ] 2017-09-18T11:00:08.908131331Z: [    5.051981] NET: Registered protocol family 10
[STDERR  ] 2017-09-18T11:00:08.908142266Z: [    5.061093] ip6_tables: (C) 2000-2006 Netfilter Core Team
[STDERR  ] 2017-09-18T11:00:08.908158364Z: [    5.068827] NET: Registered protocol family 17
[STDERR  ] 2017-09-18T11:00:08.908169493Z: [    5.069750] Bridge firewalling registered
[STDERR  ] 2017-09-18T11:00:08.908180461Z: [    5.070546] Ebtables v2.0 registered
[STDERR  ] 2017-09-18T11:00:08.908191398Z: [    5.072304] 8021q: 802.1Q VLAN Support v1.8
[STDERR  ] 2017-09-18T11:00:08.908202021Z: [    5.073585] 9pnet: Installing 9P2000 support
[STDERR  ] 2017-09-18T11:00:08.90821291Z: [    5.074900] Key type dns_resolver registered
[STDERR  ] 2017-09-18T11:00:08.908223605Z: [    5.075771] microcode: AMD CPU family 0x6 not supported
[STDERR  ] 2017-09-18T11:00:08.908254004Z: [    5.079231] registered taskstats version 1
[STDERR  ] 2017-09-18T11:00:08.908265084Z: [    5.233217] Key type big_key registered
[STDERR  ] 2017-09-18T11:00:08.908275886Z: [    5.284267] ata2: SATA link down (SStatus 0 SControl 300)
[STDERR  ] 2017-09-18T11:00:08.90828663Z: [    5.287224] ata1: SATA link down (SStatus 0 SControl 300)
[STDERR  ] 2017-09-18T11:00:08.908302872Z: [    5.291503] Key type encrypted registered
[STDERR  ] 2017-09-18T11:00:08.908313933Z: [    5.293280] ata6: SATA link down (SStatus 0 SControl 300)
[STDERR  ] 2017-09-18T11:00:08.908324835Z: [    5.293659] ata5: SATA link down (SStatus 0 SControl 300)
[STDERR  ] 2017-09-18T11:00:08.908335765Z: [    5.294012] ata4: SATA link down (SStatus 0 SControl 300)
[STDERR  ] 2017-09-18T11:00:08.908346837Z: [    5.294621] ata3: SATA link up 1.5 Gbps (SStatus 113 SControl 300)
[STDERR  ] 2017-09-18T11:00:08.908357307Z: [    5.298360] ata3.00: ATAPI: QEMU DVD-ROM, 2.5+, max UDMA/100
[STDERR  ] 2017-09-18T11:00:08.908368496Z: [    5.298783] ata3.00: applying bridge limits
[STDERR  ] 2017-09-18T11:00:08.908379578Z: [    5.300592] ata3.00: configured for UDMA/100
[STDERR  ] 2017-09-18T11:00:08.908408184Z: [    5.304294] rtc_cmos 00:00: setting system clock to 2017-09-18 10:59:54 UTC (1505732394)
[STDERR  ] 2017-09-18T11:00:08.90842273Z: [    5.321406] scsi 2:0:0:0: CD-ROM            QEMU     QEMU DVD-ROM     2.5+ PQ: 0 ANSI: 5
[STDERR  ] 2017-09-18T11:00:08.908434598Z: [    5.342794] sr 2:0:0:0: [sr0] scsi3-mmc drive: 4x/4x cd/rw xa/form2 tray
[STDERR  ] 2017-09-18T11:00:08.908444823Z: [    5.343275] cdrom: Uniform CD-ROM driver Revision: 3.20
[STDERR  ] 2017-09-18T11:00:08.908455674Z: [    5.348955] sr 2:0:0:0: Attached scsi generic sg0 type 5
[STDERR  ] 2017-09-18T11:00:08.908472064Z: [    5.492192] Freeing unused kernel memory: 1380K
[STDERR  ] 2017-09-18T11:00:08.90848278Z: [    5.492511] Write protecting the kernel read-only data: 12288k
[STDERR  ] 2017-09-18T11:00:08.908493537Z: [    5.498332] Freeing unused kernel memory: 144K
[STDERR  ] 2017-09-18T11:00:08.908504187Z: [    5.624617] Freeing unused kernel memory: 1400K
[STDERR  ] 2017-09-18T11:00:08.90852025Z: [    5.681122] tsc: Refined TSC clocksource calibration: 2300.042 MHz
[STDERR  ] 2017-09-18T11:00:08.908531586Z: [    5.681670] clocksource: tsc: mask: 0xffffffffffffffff max_cycles: 0x21275cd9627, max_idle_ns: 440795323243 ns
[STDERR  ] 2017-09-18T11:00:08.908542884Z: [    6.700521] clocksource: Switched to clocksource tsc
[STDERR  ] 2017-09-18T11:00:08.908563409Z: 
[STDERR  ] 2017-09-18T11:00:08.908587617Z: Welcome to LinuxKit
[STDERR  ] 2017-09-18T11:00:08.908598863Z: 
[STDERR  ] 2017-09-18T11:00:08.908610366Z:                         ##         .
[STDERR  ] 2017-09-18T11:00:08.908621952Z:                   ## ## ##        ==
[STDERR  ] 2017-09-18T11:00:08.908633066Z:                ## ## ## ## ##    ===
[STDERR  ] 2017-09-18T11:00:08.90864363Z:            /"""""""""""""""""\___/ ===
[STDERR  ] 2017-09-18T11:00:08.908654237Z:           {                       /  ===-
[STDERR  ] 2017-09-18T11:00:08.908664668Z:            \______ O           __/
[STDERR  ] 2017-09-18T11:00:08.908683243Z:              \    \         __/
[STDERR  ] 2017-09-18T11:00:08.908693842Z:               \____\_______/
[STDERR  ] 2017-09-18T11:00:08.908704495Z: 
[STDERR  ] 2017-09-18T11:00:08.90871518Z: Linux linuxkit-56f5550f465f 4.9.50-linuxkit #1 SMP Thu Sep 14 16:36:02 UTC 2017 x86_64 Linux
[STDERR  ] 2017-09-18T11:00:08.908753344Z: filename:       hello_world.ko
[STDERR  ] 2017-09-18T11:00:08.908764878Z: author:         Rolf Neugebauer <rolf.neugebauer@docker.com>
[STDERR  ] 2017-09-18T11:00:08.908775436Z: description:    A simple Hello World kernel module for testing
[STDERR  ] 2017-09-18T11:00:08.908786336Z: license:        GPL
[STDERR  ] 2017-09-18T11:00:08.908797075Z: depends:        
[STDERR  ] 2017-09-18T11:00:08.908807431Z: vermagic:       4.9.50-linuxkit SMP mod_unload 
[STDERR  ] 2017-09-18T11:00:08.908818013Z: [   14.172659] hello_world: loading out-of-tree module taints kernel.
[STDERR  ] 2017-09-18T11:00:08.908829058Z: [   14.175251] Hello LinuxKit
[STDERR  ] 2017-09-18T11:00:08.90883981Z: [   14.271074] Goodbye LinuxKit.
[STDERR  ] 2017-09-18T11:00:08.908850771Z: Kernel module test suite PASSED
[STDERR  ] 2017-09-18T11:00:08.90886153Z: [   19.159497] ACPI: Preparing to enter system sleep state S5
[STDERR  ] 2017-09-18T11:00:08.908878697Z: [   19.161160] reboot: Power down
[STDERR  ] 2017-09-18T11:00:08.908913199Z: + exit 0
[STDERR  ] 2017-09-18T11:00:08.908924912Z: + clean_up
[STDERR  ] 2017-09-18T11:00:08.908935264Z: + docker rmi kmod-test
[STDOUT  ] 2017-09-18T11:00:08.960690932Z: Untagged: kmod-test:latest
[STDOUT  ] 2017-09-18T11:00:08.960746932Z: Deleted: sha256:a9118298fe898e70dbc4322135cc0ee5d5736d9740146a91cf6c2a11e495616a
[STDOUT  ] 2017-09-18T11:00:08.960773972Z: Deleted: sha256:35b94663e0c9373217f0e3c10ab076726744208a9b6d7d2520b3753e7c72f746
[STDOUT  ] 2017-09-18T11:00:08.960787517Z: Deleted: sha256:001a27d5931de140ffebbeb333f199973751637d50bacd11565e079d08071b9e
[STDOUT  ] 2017-09-18T11:00:08.960800106Z: Deleted: sha256:772bffe2c5c20e24c9564b574eb4aa1e22b4fcc42698f873914e9b465c3cf940
[STDOUT  ] 2017-09-18T11:00:08.960812103Z: Deleted: sha256:234e0f4dbba0ad17e624c24dea2d9d812d4c00bdd4b23de1936e62fa2f4246fe
[STDERR  ] 2017-09-18T11:00:08.962616359Z: + find . -depth -iname kmod* -not -iname *.yml -exec rm -rf {} ;
[PASS    ] linuxkit.kernel.kmod_4.9.x 46.71s
