[INFO    ] 2018-11-10T15:34:09.736033588Z: Running Test linuxkit.kernel.kmod_4.14.x in /tmp/with_clone11089e92/test/cases/020_kernel/012_kmod_4.14.x
[INFO    ] 2018-11-10T15:34:09.736278396Z: Running command: [/bin/sh -x /tmp/with_clone11089e92/test/cases/020_kernel/012_kmod_4.14.x/test.sh]
[STDERR  ] 2018-11-10T15:34:09.737156250Z: + set -e
[STDERR  ] 2018-11-10T15:34:09.737255041Z: + . /tmp/with_clone11089e92/test/cases/_lib/lib.sh
[STDERR  ] 2018-11-10T15:34:09.737289703Z: + [ -f src/github.com/linuxkit/rtf/lib/lib.sh ]
[STDERR  ] 2018-11-10T15:34:09.737316621Z: + LINUXKIT_TMPDIR=/tmp/with_clone11089e92/test/cases/_tmp
[STDERR  ] 2018-11-10T15:34:09.737347963Z: + [ -f /tmp/with_clone11089e92/test/cases/_tmp/env.sh ]
[STDERR  ] 2018-11-10T15:34:09.737379577Z: + . /tmp/with_clone11089e92/test/cases/_tmp/env.sh
[STDERR  ] 2018-11-10T15:34:09.737405824Z: + export LINUXKIT_EXAMPLES_DIR=/tmp/with_clone11089e92/test/cases/../../examples
[STDERR  ] 2018-11-10T15:34:09.737469851Z: + RT_CANCEL=253
[STDERR  ] 2018-11-10T15:34:09.737497014Z: + NAME=kmod
[STDERR  ] 2018-11-10T15:34:09.737525084Z: + IMAGE_NAME=kmod-test
[STDERR  ] 2018-11-10T15:34:09.737552749Z: + trap clean_up EXIT
[STDERR  ] 2018-11-10T15:34:09.737591562Z: + docker pull linuxkit/kernel:4.14.79
[STDOUT  ] 2018-11-10T15:34:11.131584057Z: 4.14.79: Pulling from linuxkit/kernel
[STDOUT  ] 2018-11-10T15:34:11.504077249Z: Digest: sha256:820ea0981f8d9f8b38293c472cb0f1e8435a0b9e485ba4e10ac6dc7d89e52db1
[STDOUT  ] 2018-11-10T15:34:11.504150844Z: Status: Image is up to date for linuxkit/kernel:4.14.79
[STDERR  ] 2018-11-10T15:34:11.506216781Z: + docker build -t kmod-test .
[STDOUT  ] 2018-11-10T15:34:11.525881636Z: Sending build context to Docker daemon 8.704 kB
[STDOUT  ] 2018-11-10T15:34:11.659375864Z: Step 1/12 : FROM linuxkit/kernel:4.14.79 AS ksrc
[STDOUT  ] 2018-11-10T15:34:11.699458963Z:  ---> 24a16fa6e842
[STDOUT  ] 2018-11-10T15:34:11.699532861Z: Step 2/12 : FROM linuxkit/alpine:3683c9a66cd4da40bd7d6c7da599b2dcd738b559 AS build
[STDOUT  ] 2018-11-10T15:34:11.699555378Z:  ---> 9e5cfc2c8a33
[STDOUT  ] 2018-11-10T15:34:11.699569525Z: Step 3/12 : RUN apk add build-base libelf-dev
[STDOUT  ] 2018-11-10T15:34:11.699592492Z:  ---> Using cache
[STDOUT  ] 2018-11-10T15:34:11.699709319Z:  ---> afebb2bfd3b5
[STDOUT  ] 2018-11-10T15:34:11.699723192Z: Step 4/12 : COPY --from=ksrc /kernel-dev.tar /
[STDOUT  ] 2018-11-10T15:34:13.547468418Z:  ---> 00ccdc320e7d
[STDOUT  ] 2018-11-10T15:34:13.573316751Z: Removing intermediate container 3ce905db0b5f
[STDOUT  ] 2018-11-10T15:34:13.573404566Z: Step 5/12 : RUN tar xf kernel-dev.tar
[STDOUT  ] 2018-11-10T15:34:13.697347171Z:  ---> Running in 781a63315295
[STDOUT  ] 2018-11-10T15:34:19.948937438Z:  ---> d95e2aaf38be
[STDOUT  ] 2018-11-10T15:34:20.425384043Z: Removing intermediate container 781a63315295
[STDOUT  ] 2018-11-10T15:34:20.425462611Z: Step 6/12 : WORKDIR /kmod
[STDOUT  ] 2018-11-10T15:34:20.844353959Z:  ---> 86ae45a0af5b
[STDOUT  ] 2018-11-10T15:34:20.854608339Z: Removing intermediate container c4e500536a04
[STDOUT  ] 2018-11-10T15:34:20.854679357Z: Step 7/12 : COPY ./src/* ./
[STDOUT  ] 2018-11-10T15:34:21.588390680Z:  ---> 5be4668858e8
[STDOUT  ] 2018-11-10T15:34:21.599100765Z: Removing intermediate container 7c54dfb8479f
[STDOUT  ] 2018-11-10T15:34:21.599181606Z: Step 8/12 : RUN make all
[STDOUT  ] 2018-11-10T15:34:21.755548063Z:  ---> Running in b2a8e9a6e39e
[STDOUT  ] 2018-11-10T15:34:22.245262814Z: make -C /usr/src/linux-headers-4.14.79-linuxkit M=/kmod modules
[STDOUT  ] 2018-11-10T15:34:22.246525475Z: make[1]: Entering directory '/usr/src/linux-headers-4.14.79-linuxkit'
[STDOUT  ] 2018-11-10T15:34:23.721078768Z:   CC [M]  /kmod/hello_world.o
[STDOUT  ] 2018-11-10T15:34:23.978620950Z:   Building modules, stage 2.
[STDOUT  ] 2018-11-10T15:34:23.988045418Z:   MODPOST 1 modules
[STDOUT  ] 2018-11-10T15:34:24.003793883Z:   CC      /kmod/hello_world.mod.o
[STDOUT  ] 2018-11-10T15:34:24.224382758Z:   LD [M]  /kmod/hello_world.ko
[STDOUT  ] 2018-11-10T15:34:24.227936270Z: make[1]: Leaving directory '/usr/src/linux-headers-4.14.79-linuxkit'
[STDOUT  ] 2018-11-10T15:34:24.980438805Z:  ---> 0a26922c1449
[STDOUT  ] 2018-11-10T15:34:24.991751595Z: Removing intermediate container b2a8e9a6e39e
[STDOUT  ] 2018-11-10T15:34:24.991824784Z: Step 9/12 : FROM alpine:3.8
[STDOUT  ] 2018-11-10T15:34:24.991840957Z:  ---> 196d12cf6ab1
[STDOUT  ] 2018-11-10T15:34:24.992340495Z: Step 10/12 : COPY --from=build /kmod/hello_world.ko /
[STDOUT  ] 2018-11-10T15:34:25.548173673Z:  ---> de170b29c31e
[STDOUT  ] 2018-11-10T15:34:25.558316076Z: Removing intermediate container f222d28a118e
[STDOUT  ] 2018-11-10T15:34:25.558398197Z: Step 11/12 : COPY check.sh /check.sh
[STDOUT  ] 2018-11-10T15:34:26.100488310Z:  ---> b22b21c59758
[STDOUT  ] 2018-11-10T15:34:26.110025275Z: Removing intermediate container 0faee3958ac5
[STDOUT  ] 2018-11-10T15:34:26.110100144Z: Step 12/12 : ENTRYPOINT /bin/sh /check.sh
[STDOUT  ] 2018-11-10T15:34:26.267483729Z:  ---> Running in 8a9da8580057
[STDOUT  ] 2018-11-10T15:34:26.485104845Z:  ---> a256bfb53076
[STDOUT  ] 2018-11-10T15:34:26.494917831Z: Removing intermediate container 8a9da8580057
[STDOUT  ] 2018-11-10T15:34:26.598689011Z: Successfully built a256bfb53076
[STDOUT  ] 2018-11-10T15:34:26.609547306Z: Successfully tagged kmod-test:latest
[STDERR  ] 2018-11-10T15:34:26.611297308Z: + linuxkit build -format kernel+initrd -name kmod test.yml
[STDERR  ] 2018-11-10T15:34:26.654500135Z: Extract kernel image: linuxkit/kernel:4.14.79
[STDERR  ] 2018-11-10T15:34:31.263553556Z: Add init containers:
[STDERR  ] 2018-11-10T15:34:31.263699127Z: Process init image: linuxkit/init:c563953a2277eb73a89d89f70e4b6dcdcfebc2d1
[STDERR  ] 2018-11-10T15:34:32.991521379Z: Process init image: linuxkit/runc:83d0edb4552b1a5df1f0976f05f442829eac38fe
[STDERR  ] 2018-11-10T15:34:34.607392809Z: Add onboot containers:
[STDERR  ] 2018-11-10T15:34:34.607508495Z:   Create OCI config for kmod-test
[STDERR  ] 2018-11-10T15:34:34.851866400Z:   Create OCI config for linuxkit/poweroff:afe8f7dd0d47a7991c54519b0f09124cb8c4e300
[STDERR  ] 2018-11-10T15:34:36.351607720Z: Create outputs:
[STDERR  ] 2018-11-10T15:34:41.803165807Z:   kmod-kernel kmod-initrd.img kmod-cmdline
[STDERR  ] 2018-11-10T15:34:41.871782054Z: + linuxkit run kmod
[STDERR  ] 2018-11-10T15:35:29.195471116Z: + RESULT=[    0.000000] Linux version 4.14.79-linuxkit (root@eb67e0f49475) (gcc version 6.4.0 (Alpine 6.4.0)) #1 SMP Sat Nov 10 11:07:35 UTC 2018
[STDERR  ] 2018-11-10T15:35:29.195620115Z: [    0.000000] Command line: console=ttyS0 console=ttyAMA0
[STDERR  ] 2018-11-10T15:35:29.195647523Z: [    0.000000] x86/fpu: x87 FPU will use FXSAVE
[STDERR  ] 2018-11-10T15:35:29.195675720Z: [    0.000000] e820: BIOS-provided physical RAM map:
[STDERR  ] 2018-11-10T15:35:29.195699986Z: [    0.000000] BIOS-e820: [mem 0x0000000000000000-0x000000000009fbff] usable
[STDERR  ] 2018-11-10T15:35:29.195720253Z: [    0.000000] BIOS-e820: [mem 0x000000000009fc00-0x000000000009ffff] reserved
[STDERR  ] 2018-11-10T15:35:29.195740290Z: [    0.000000] BIOS-e820: [mem 0x00000000000f0000-0x00000000000fffff] reserved
[STDERR  ] 2018-11-10T15:35:29.195759185Z: [    0.000000] BIOS-e820: [mem 0x0000000000100000-0x000000003ffdefff] usable
[STDERR  ] 2018-11-10T15:35:29.195778047Z: [    0.000000] BIOS-e820: [mem 0x000000003ffdf000-0x000000003fffffff] reserved
[STDERR  ] 2018-11-10T15:35:29.195796823Z: [    0.000000] BIOS-e820: [mem 0x00000000b0000000-0x00000000bfffffff] reserved
[STDERR  ] 2018-11-10T15:35:29.195818492Z: [    0.000000] BIOS-e820: [mem 0x00000000fed1c000-0x00000000fed1ffff] reserved
[STDERR  ] 2018-11-10T15:35:29.195837166Z: [    0.000000] BIOS-e820: [mem 0x00000000fffc0000-0x00000000ffffffff] reserved
[STDERR  ] 2018-11-10T15:35:29.195855594Z: [    0.000000] NX (Execute Disable) protection: active
[STDERR  ] 2018-11-10T15:35:29.195874389Z: [    0.000000] SMBIOS 2.8 present.
[STDERR  ] 2018-11-10T15:35:29.195892778Z: [    0.000000] DMI: QEMU Standard PC (Q35 + ICH9, 2009), BIOS rel-1.10.2-0-g5f4c7b1-prebuilt.qemu-project.org 04/01/2014
[STDERR  ] 2018-11-10T15:35:29.195913997Z: [    0.000000] tsc: Fast TSC calibration using PIT
[STDERR  ] 2018-11-10T15:35:29.195932888Z: [    0.000000] e820: last_pfn = 0x3ffdf max_arch_pfn = 0x400000000
[STDERR  ] 2018-11-10T15:35:29.195965770Z: [    0.000000] x86/PAT: Configuration [0-7]: WB  WC  UC- UC  WB  WP  UC- WT  
[STDERR  ] 2018-11-10T15:35:29.196074661Z: [    0.000000] found SMP MP-table at [mem 0x000f6aa0-0x000f6aaf] mapped at [ffffffffff200aa0]
[STDERR  ] 2018-11-10T15:35:29.196095959Z: [    0.000000] RAMDISK: [mem 0x3e394000-0x3ffcffff]
[STDERR  ] 2018-11-10T15:35:29.196114871Z: [    0.000000] ACPI: Early table checksum verification disabled
[STDERR  ] 2018-11-10T15:35:29.196133664Z: [    0.000000] ACPI: RSDP 0x00000000000F68C0 000014 (v00 BOCHS )
[STDERR  ] 2018-11-10T15:35:29.196152456Z: [    0.000000] ACPI: RSDT 0x000000003FFE2404 000034 (v01 BOCHS  BXPCRSDT 00000001 BXPC 00000001)
[STDERR  ] 2018-11-10T15:35:29.196171146Z: [    0.000000] ACPI: FACP 0x000000003FFE22A4 000074 (v01 BOCHS  BXPCFACP 00000001 BXPC 00000001)
[STDERR  ] 2018-11-10T15:35:29.196196732Z: [    0.000000] ACPI: DSDT 0x000000003FFE0040 002264 (v01 BOCHS  BXPCDSDT 00000001 BXPC 00000001)
[STDERR  ] 2018-11-10T15:35:29.196214706Z: [    0.000000] ACPI: FACS 0x000000003FFE0000 000040
[STDERR  ] 2018-11-10T15:35:29.196250051Z: [    0.000000] ACPI: APIC 0x000000003FFE2318 000078 (v01 BOCHS  BXPCAPIC 00000001 BXPC 00000001)
[STDERR  ] 2018-11-10T15:35:29.196268248Z: [    0.000000] ACPI: HPET 0x000000003FFE2390 000038 (v01 BOCHS  BXPCHPET 00000001 BXPC 00000001)
[STDERR  ] 2018-11-10T15:35:29.196286837Z: [    0.000000] ACPI: MCFG 0x000000003FFE23C8 00003C (v01 BOCHS  BXPCMCFG 00000001 BXPC 00000001)
[STDERR  ] 2018-11-10T15:35:29.196309564Z: [    0.000000] Zone ranges:
[STDERR  ] 2018-11-10T15:35:29.196327400Z: [    0.000000]   DMA      [mem 0x0000000000001000-0x0000000000ffffff]
[STDERR  ] 2018-11-10T15:35:29.196345536Z: [    0.000000]   DMA32    [mem 0x0000000001000000-0x000000003ffdefff]
[STDERR  ] 2018-11-10T15:35:29.196363484Z: [    0.000000]   Normal   empty
[STDERR  ] 2018-11-10T15:35:29.196381302Z: [    0.000000]   Device   empty
[STDERR  ] 2018-11-10T15:35:29.196399251Z: [    0.000000] Movable zone start for each node
[STDERR  ] 2018-11-10T15:35:29.196417355Z: [    0.000000] Early memory node ranges
[STDERR  ] 2018-11-10T15:35:29.196482135Z: [    0.000000]   node   0: [mem 0x0000000000001000-0x000000000009efff]
[STDERR  ] 2018-11-10T15:35:29.196508077Z: [    0.000000]   node   0: [mem 0x0000000000100000-0x000000003ffdefff]
[STDERR  ] 2018-11-10T15:35:29.196534335Z: [    0.000000] Initmem setup node 0 [mem 0x0000000000001000-0x000000003ffdefff]
[STDERR  ] 2018-11-10T15:35:29.196559872Z: [    0.000000] ACPI: PM-Timer IO Port: 0x608
[STDERR  ] 2018-11-10T15:35:29.196591437Z: [    0.000000] ACPI: LAPIC_NMI (acpi_id[0xff] dfl dfl lint[0x1])
[STDERR  ] 2018-11-10T15:35:29.196612083Z: [    0.000000] IOAPIC[0]: apic_id 0, version 32, address 0xfec00000, GSI 0-23
[STDERR  ] 2018-11-10T15:35:29.196630331Z: [    0.000000] ACPI: INT_SRC_OVR (bus 0 bus_irq 0 global_irq 2 dfl dfl)
[STDERR  ] 2018-11-10T15:35:29.196660258Z: [    0.000000] ACPI: INT_SRC_OVR (bus 0 bus_irq 5 global_irq 5 high level)
[STDERR  ] 2018-11-10T15:35:29.196681727Z: [    0.000000] ACPI: INT_SRC_OVR (bus 0 bus_irq 9 global_irq 9 high level)
[STDERR  ] 2018-11-10T15:35:29.196700449Z: [    0.000000] ACPI: INT_SRC_OVR (bus 0 bus_irq 10 global_irq 10 high level)
[STDERR  ] 2018-11-10T15:35:29.196718426Z: [    0.000000] ACPI: INT_SRC_OVR (bus 0 bus_irq 11 global_irq 11 high level)
[STDERR  ] 2018-11-10T15:35:29.196736648Z: [    0.000000] Using ACPI (MADT) for SMP configuration information
[STDERR  ] 2018-11-10T15:35:29.196757810Z: [    0.000000] ACPI: HPET id: 0x8086a201 base: 0xfed00000
[STDERR  ] 2018-11-10T15:35:29.196779329Z: [    0.000000] smpboot: Allowing 1 CPUs, 0 hotplug CPUs
[STDERR  ] 2018-11-10T15:35:29.196796948Z: [    0.000000] e820: [mem 0x40000000-0xafffffff] available for PCI devices
[STDERR  ] 2018-11-10T15:35:29.196814981Z: [    0.000000] Booting paravirtualized kernel on bare hardware
[STDERR  ] 2018-11-10T15:35:29.196833261Z: [    0.000000] clocksource: refined-jiffies: mask: 0xffffffff max_cycles: 0xffffffff, max_idle_ns: 1910969940391419 ns
[STDERR  ] 2018-11-10T15:35:29.196857834Z: [    0.000000] random: get_random_bytes called from start_kernel+0x92/0x4cb with crng_init=0
[STDERR  ] 2018-11-10T15:35:29.196876605Z: [    0.000000] setup_percpu: NR_CPUS:128 nr_cpumask_bits:128 nr_cpu_ids:1 nr_node_ids:1
[STDERR  ] 2018-11-10T15:35:29.196899273Z: [    0.000000] percpu: Embedded 45 pages/cpu @ffff96bb3e000000 s144280 r8192 d31848 u2097152
[STDERR  ] 2018-11-10T15:35:29.196918271Z: [    0.000000] Built 1 zonelists, mobility grouping on.  Total pages: 257896
[STDERR  ] 2018-11-10T15:35:29.196936140Z: [    0.000000] Kernel command line: console=ttyS0 console=ttyAMA0
[STDERR  ] 2018-11-10T15:35:29.196964877Z: [    0.000000] PID hash table entries: 4096 (order: 3, 32768 bytes)
[STDERR  ] 2018-11-10T15:35:29.196999268Z: [    0.000000] Dentry cache hash table entries: 131072 (order: 8, 1048576 bytes)
[STDERR  ] 2018-11-10T15:35:29.197024434Z: [    0.000000] Inode-cache hash table entries: 65536 (order: 7, 524288 bytes)
[STDERR  ] 2018-11-10T15:35:29.197042869Z: [    0.000000] Memory: 975980K/1048052K available (12300K kernel code, 1452K rwdata, 2968K rodata, 1508K init, 580K bss, 72072K reserved, 0K cma-reserved)
[STDERR  ] 2018-11-10T15:35:29.197064811Z: [    0.000000] ftrace: allocating 40646 entries in 159 pages
[STDERR  ] 2018-11-10T15:35:29.197083225Z: [    0.000000] Hierarchical RCU implementation.
[STDERR  ] 2018-11-10T15:35:29.197101719Z: [    0.000000] 	RCU restricting CPUs from NR_CPUS=128 to nr_cpu_ids=1.
[STDERR  ] 2018-11-10T15:35:29.197122990Z: [    0.000000] RCU: Adjusting geometry for rcu_fanout_leaf=16, nr_cpu_ids=1
[STDERR  ] 2018-11-10T15:35:29.197141064Z: [    0.000000] NR_IRQS: 8448, nr_irqs: 256, preallocated irqs: 16
[STDERR  ] 2018-11-10T15:35:29.197165992Z: [    0.000000] Console: colour VGA+ 80x25
[STDERR  ] 2018-11-10T15:35:29.197184160Z: [    0.000000] console [ttyS0] enabled
[STDERR  ] 2018-11-10T15:35:29.197202543Z: [    0.000000] clocksource: hpet: mask: 0xffffffff max_cycles: 0xffffffff, max_idle_ns: 19112604467 ns
[STDERR  ] 2018-11-10T15:35:29.197228493Z: [    0.004000] tsc: Fast TSC calibration using PIT
[STDERR  ] 2018-11-10T15:35:29.197246773Z: [    0.006000] tsc: Detected 2599.881 MHz processor
[STDERR  ] 2018-11-10T15:35:29.197265091Z: [    0.009466] Calibrating delay loop (skipped), value calculated using timer frequency.. 5199.76 BogoMIPS (lpj=2599881)
[STDERR  ] 2018-11-10T15:35:29.197283199Z: [    0.010155] pid_max: default: 32768 minimum: 301
[STDERR  ] 2018-11-10T15:35:29.197309953Z: [    0.011625] ACPI: Core revision 20170728
[STDERR  ] 2018-11-10T15:35:29.197328372Z: [    0.056577] ACPI: 1 ACPI AML tables successfully acquired and loaded
[STDERR  ] 2018-11-10T15:35:29.197349719Z: [    0.062359] Security Framework initialized
[STDERR  ] 2018-11-10T15:35:29.197367356Z: [    0.063191] Yama: becoming mindful.
[STDERR  ] 2018-11-10T15:35:29.197385252Z: [    0.066358] Mount-cache hash table entries: 2048 (order: 2, 16384 bytes)
[STDERR  ] 2018-11-10T15:35:29.197403589Z: [    0.067062] Mountpoint-cache hash table entries: 2048 (order: 2, 16384 bytes)
[STDERR  ] 2018-11-10T15:35:29.197422934Z: [    0.092526] Last level iTLB entries: 4KB 0, 2MB 0, 4MB 0
[STDERR  ] 2018-11-10T15:35:29.197448972Z: [    0.093060] Last level dTLB entries: 4KB 0, 2MB 0, 4MB 0, 1GB 0
[STDERR  ] 2018-11-10T15:35:29.197468256Z: [    0.094084] Spectre V2 : Spectre mitigation: LFENCE not serializing, switching to generic retpoline
[STDERR  ] 2018-11-10T15:35:29.197488327Z: [    0.094873] Spectre V2 : Mitigation: Full generic retpoline
[STDERR  ] 2018-11-10T15:35:29.197506591Z: [    0.095057] Spectre V2 : Spectre v2 / SpectreRSB mitigation: Filling RSB on context switch
[STDERR  ] 2018-11-10T15:35:29.197525171Z: [    0.096089] Speculative Store Bypass: Vulnerable
[STDERR  ] 2018-11-10T15:35:29.197553004Z: [    0.256392] random: fast init done
[STDERR  ] 2018-11-10T15:35:29.197583231Z: [    0.434310] Freeing SMP alternatives memory: 20K
[STDERR  ] 2018-11-10T15:35:29.197601656Z: [    0.459083] smpboot: Max logical packages: 1
[STDERR  ] 2018-11-10T15:35:29.197628517Z: [    0.466000] ..TIMER: vector=0x30 apic1=0 pin1=2 apic2=-1 pin2=-1
[STDERR  ] 2018-11-10T15:35:29.197647189Z: [    0.477000] smpboot: CPU0: AMD QEMU Virtual CPU version 2.5+ (family: 0x6, model: 0x6, stepping: 0x3)
[STDERR  ] 2018-11-10T15:35:29.197665794Z: [    0.484161] Performance Events: PMU not available due to virtualization, using software events only.
[STDERR  ] 2018-11-10T15:35:29.197684472Z: [    0.488132] Hierarchical SRCU implementation.
[STDERR  ] 2018-11-10T15:35:29.197708286Z: [    0.494610] NMI watchdog: Perf event create on CPU 0 failed with -2
[STDERR  ] 2018-11-10T15:35:29.197726817Z: [    0.495064] NMI watchdog: Perf NMI watchdog permanently disabled
[STDERR  ] 2018-11-10T15:35:29.197745313Z: [    0.501057] smp: Bringing up secondary CPUs ...
[STDERR  ] 2018-11-10T15:35:29.197763247Z: [    0.501528] smp: Brought up 1 node, 1 CPU
[STDERR  ] 2018-11-10T15:35:29.197791636Z: [    0.501981] smpboot: Total of 1 processors activated (5199.76 BogoMIPS)
[STDERR  ] 2018-11-10T15:35:29.197809775Z: [    0.519604] devtmpfs: initialized
[STDERR  ] 2018-11-10T15:35:29.197828471Z: [    0.524948] x86/mm: Memory block size: 128MB
[STDERR  ] 2018-11-10T15:35:29.197846343Z: [    0.532391] evm: security.ima
[STDERR  ] 2018-11-10T15:35:29.197874377Z: [    0.532677] evm: security.capability
[STDERR  ] 2018-11-10T15:35:29.197898743Z: [    0.536607] clocksource: jiffies: mask: 0xffffffff max_cycles: 0xffffffff, max_idle_ns: 1911260446275000 ns
[STDERR  ] 2018-11-10T15:35:29.197917350Z: [    0.537190] futex hash table entries: 256 (order: 2, 16384 bytes)
[STDERR  ] 2018-11-10T15:35:29.197935349Z: [    0.550717] NET: Registered protocol family 16
[STDERR  ] 2018-11-10T15:35:29.197952887Z: [    0.560265] cpuidle: using governor ladder
[STDERR  ] 2018-11-10T15:35:29.197981708Z: [    0.560774] cpuidle: using governor menu
[STDERR  ] 2018-11-10T15:35:29.198000635Z: [    0.563450] ACPI: bus type PCI registered
[STDERR  ] 2018-11-10T15:35:29.198018476Z: [    0.566703] PCI: MMCONFIG for domain 0000 [bus 00-ff] at [mem 0xb0000000-0xbfffffff] (base 0xb0000000)
[STDERR  ] 2018-11-10T15:35:29.198038909Z: [    0.567277] PCI: MMCONFIG at [mem 0xb0000000-0xbfffffff] reserved in E820
[STDERR  ] 2018-11-10T15:35:29.198060438Z: [    0.569229] PCI: Using configuration type 1 for base access
[STDERR  ] 2018-11-10T15:35:29.198078983Z: [    0.638749] HugeTLB registered 2.00 MiB page size, pre-allocated 0 pages
[STDERR  ] 2018-11-10T15:35:29.198097049Z: [    0.651396] ACPI: Added _OSI(Module Device)
[STDERR  ] 2018-11-10T15:35:29.198114772Z: [    0.652066] ACPI: Added _OSI(Processor Device)
[STDERR  ] 2018-11-10T15:35:29.198132479Z: [    0.652411] ACPI: Added _OSI(3.0 _SCP Extensions)
[STDERR  ] 2018-11-10T15:35:29.198150112Z: [    0.652728] ACPI: Added _OSI(Processor Aggregator Device)
[STDERR  ] 2018-11-10T15:35:29.198168086Z: [    0.743177] ACPI: Interpreter enabled
[STDERR  ] 2018-11-10T15:35:29.198185852Z: [    0.744296] ACPI: (supports S0 S5)
[STDERR  ] 2018-11-10T15:35:29.198203788Z: [    0.744716] ACPI: Using IOAPIC for interrupt routing
[STDERR  ] 2018-11-10T15:35:29.198221713Z: [    0.747570] PCI: Using host bridge windows from ACPI; if necessary, use "pci=nocrs" and report a bug
[STDERR  ] 2018-11-10T15:35:29.198240015Z: [    0.752508] ACPI: Enabled 2 GPEs in block 00 to 3F
[STDERR  ] 2018-11-10T15:35:29.198301780Z: [    0.837687] ACPI: PCI Root Bridge [PCI0] (domain 0000 [bus 00-ff])
[STDERR  ] 2018-11-10T15:35:29.198320335Z: [    0.838577] acpi PNP0A08:00: _OSC: OS supports [ExtendedConfig ASPM ClockPM Segments MSI]
[STDERR  ] 2018-11-10T15:35:29.198338569Z: [    0.844799] acpi PNP0A08:00: _OSC: OS now controls [PCIeHotplug PME PCIeCapability]
[STDERR  ] 2018-11-10T15:35:29.198370293Z: [    0.849545] PCI host bridge to bus 0000:00
[STDERR  ] 2018-11-10T15:35:29.198388512Z: [    0.850264] pci_bus 0000:00: root bus resource [io  0x0000-0x0cf7 window]
[STDERR  ] 2018-11-10T15:35:29.198406562Z: [    0.850768] pci_bus 0000:00: root bus resource [io  0x0d00-0xffff window]
[STDERR  ] 2018-11-10T15:35:29.198430282Z: [    0.851066] pci_bus 0000:00: root bus resource [mem 0x000a0000-0x000bffff window]
[STDERR  ] 2018-11-10T15:35:29.198448469Z: [    0.852058] pci_bus 0000:00: root bus resource [mem 0xc0000000-0xfebfffff window]
[STDERR  ] 2018-11-10T15:35:29.198470246Z: [    0.852716] pci_bus 0000:00: root bus resource [bus 00-ff]
[STDERR  ] 2018-11-10T15:35:29.198489662Z: [    0.917525] pci 0000:00:1f.0: quirk: [io  0x0600-0x067f] claimed by ICH6 ACPI/GPIO/TCO
[STDERR  ] 2018-11-10T15:35:29.198508322Z: [    0.974930] ACPI: PCI Interrupt Link [LNKA] (IRQs 5 *10 11)
[STDERR  ] 2018-11-10T15:35:29.198526851Z: [    0.977637] ACPI: PCI Interrupt Link [LNKB] (IRQs 5 *10 11)
[STDERR  ] 2018-11-10T15:35:29.198544702Z: [    0.979744] ACPI: PCI Interrupt Link [LNKC] (IRQs 5 10 *11)
[STDERR  ] 2018-11-10T15:35:29.198562828Z: [    0.982514] ACPI: PCI Interrupt Link [LNKD] (IRQs 5 10 *11)
[STDERR  ] 2018-11-10T15:35:29.198593966Z: [    0.984795] ACPI: PCI Interrupt Link [LNKE] (IRQs 5 *10 11)
[STDERR  ] 2018-11-10T15:35:29.198612177Z: [    0.988167] ACPI: PCI Interrupt Link [LNKF] (IRQs 5 *10 11)
[STDERR  ] 2018-11-10T15:35:29.198632863Z: [    0.990799] ACPI: PCI Interrupt Link [LNKG] (IRQs 5 10 *11)
[STDERR  ] 2018-11-10T15:35:29.198654954Z: [    0.993612] ACPI: PCI Interrupt Link [LNKH] (IRQs 5 10 *11)
[STDERR  ] 2018-11-10T15:35:29.198675640Z: [    0.994559] ACPI: PCI Interrupt Link [GSIA] (IRQs *16)
[STDERR  ] 2018-11-10T15:35:29.198693579Z: [    0.995356] ACPI: PCI Interrupt Link [GSIB] (IRQs *17)
[STDERR  ] 2018-11-10T15:35:29.198711330Z: [    0.996359] ACPI: PCI Interrupt Link [GSIC] (IRQs *18)
[STDERR  ] 2018-11-10T15:35:29.198729189Z: [    0.998082] ACPI: PCI Interrupt Link [GSID] (IRQs *19)
[STDERR  ] 2018-11-10T15:35:29.198747166Z: [    0.999294] ACPI: PCI Interrupt Link [GSIE] (IRQs *20)
[STDERR  ] 2018-11-10T15:35:29.198788062Z: [    1.000221] ACPI: PCI Interrupt Link [GSIF] (IRQs *21)
[STDERR  ] 2018-11-10T15:35:29.198805949Z: [    1.001416] ACPI: PCI Interrupt Link [GSIG] (IRQs *22)
[STDERR  ] 2018-11-10T15:35:29.198823755Z: [    1.002390] ACPI: PCI Interrupt Link [GSIH] (IRQs *23)
[STDERR  ] 2018-11-10T15:35:29.198841699Z: [    1.013912] SCSI subsystem initialized
[STDERR  ] 2018-11-10T15:35:29.198859781Z: [    1.018357] ACPI: bus type USB registered
[STDERR  ] 2018-11-10T15:35:29.198878247Z: [    1.020404] usbcore: registered new interface driver usbfs
[STDERR  ] 2018-11-10T15:35:29.198901495Z: [    1.021565] usbcore: registered new interface driver hub
[STDERR  ] 2018-11-10T15:35:29.198922771Z: [    1.023137] usbcore: registered new device driver usb
[STDERR  ] 2018-11-10T15:35:29.198940876Z: [    1.024476] pps_core: LinuxPPS API ver. 1 registered
[STDERR  ] 2018-11-10T15:35:29.198959638Z: [    1.024854] pps_core: Software ver. 5.3.6 - Copyright 2005-2007 Rodolfo Giometti <giometti@linux.it>
[STDERR  ] 2018-11-10T15:35:29.198986950Z: [    1.025206] PTP clock support registered
[STDERR  ] 2018-11-10T15:35:29.199005465Z: [    1.029244] PCI: Using ACPI for IRQ routing
[STDERR  ] 2018-11-10T15:35:29.199024006Z: [    1.053314] NetLabel: Initializing
[STDERR  ] 2018-11-10T15:35:29.199041767Z: [    1.053794] NetLabel:  domain hash size = 128
[STDERR  ] 2018-11-10T15:35:29.199063290Z: [    1.054401] NetLabel:  protocols = UNLABELED CIPSOv4 CALIPSO
[STDERR  ] 2018-11-10T15:35:29.199081552Z: [    1.057362] NetLabel:  unlabeled traffic allowed by default
[STDERR  ] 2018-11-10T15:35:29.199099967Z: [    1.059504] HPET: 3 timers in total, 0 timers will be used for per-cpu timer
[STDERR  ] 2018-11-10T15:35:29.199117865Z: [    1.060331] hpet0: at MMIO 0xfed00000, IRQs 2, 8, 0
[STDERR  ] 2018-11-10T15:35:29.199144770Z: [    1.061058] hpet0: 3 comparators, 64-bit 100.000000 MHz counter
[STDERR  ] 2018-11-10T15:35:29.199163026Z: [    1.066893] clocksource: Switched to clocksource hpet
[STDERR  ] 2018-11-10T15:35:29.199180995Z: [    1.446463] VFS: Disk quotas dquot_6.6.0
[STDERR  ] 2018-11-10T15:35:29.199205693Z: [    1.447466] VFS: Dquot-cache hash table entries: 512 (order 0, 4096 bytes)
[STDERR  ] 2018-11-10T15:35:29.199228879Z: [    1.450930] FS-Cache: Loaded
[STDERR  ] 2018-11-10T15:35:29.199249240Z: [    1.458304] CacheFiles: Loaded
[STDERR  ] 2018-11-10T15:35:29.199267116Z: [    1.460000] pnp: PnP ACPI init
[STDERR  ] 2018-11-10T15:35:29.199284891Z: [    1.474734] pnp: PnP ACPI: found 5 devices
[STDERR  ] 2018-11-10T15:35:29.199302967Z: [    1.526466] clocksource: acpi_pm: mask: 0xffffff max_cycles: 0xffffff, max_idle_ns: 2085701024 ns
[STDERR  ] 2018-11-10T15:35:29.199327068Z: [    1.530763] NET: Registered protocol family 2
[STDERR  ] 2018-11-10T15:35:29.199344777Z: [    1.540948] TCP established hash table entries: 8192 (order: 4, 65536 bytes)
[STDERR  ] 2018-11-10T15:35:29.199362774Z: [    1.542200] TCP bind hash table entries: 8192 (order: 5, 131072 bytes)
[STDERR  ] 2018-11-10T15:35:29.199380926Z: [    1.544007] TCP: Hash tables configured (established 8192 bind 8192)
[STDERR  ] 2018-11-10T15:35:29.199407777Z: [    1.546913] UDP hash table entries: 512 (order: 2, 16384 bytes)
[STDERR  ] 2018-11-10T15:35:29.199425604Z: [    1.547854] UDP-Lite hash table entries: 512 (order: 2, 16384 bytes)
[STDERR  ] 2018-11-10T15:35:29.199444273Z: [    1.551697] NET: Registered protocol family 1
[STDERR  ] 2018-11-10T15:35:29.199462321Z: [    1.552930] pci 0000:00:01.0: Video device with shadowed ROM at [mem 0x000c0000-0x000dffff]
[STDERR  ] 2018-11-10T15:35:29.199481914Z: [    1.561744] Trying to unpack rootfs image as initramfs...
[STDERR  ] 2018-11-10T15:35:29.199499996Z: [    9.304517] Freeing initrd memory: 28912K
[STDERR  ] 2018-11-10T15:35:29.199517656Z: [    9.346884] PCLMULQDQ-NI instructions are not detected.
[STDERR  ] 2018-11-10T15:35:29.199535720Z: [    9.348834] AVX or AES-NI instructions are not detected.
[STDERR  ] 2018-11-10T15:35:29.199558103Z: [    9.349737] CPU feature 'AVX registers' is not supported.
[STDERR  ] 2018-11-10T15:35:29.199587525Z: [    9.350428] CPU feature 'AVX registers' is not supported.
[STDERR  ] 2018-11-10T15:35:29.199605736Z: [    9.350844] CPU feature 'AVX registers' is not supported.
[STDERR  ] 2018-11-10T15:35:29.199624082Z: [    9.353879] CPU feature 'AVX registers' is not supported.
[STDERR  ] 2018-11-10T15:35:29.199642254Z: [    9.354845] AVX2 or AES-NI instructions are not detected.
[STDERR  ] 2018-11-10T15:35:29.199660869Z: [    9.355640] AVX2 instructions are not detected.
[STDERR  ] 2018-11-10T15:35:29.199678756Z: [    9.364748] audit: initializing netlink subsys (disabled)
[STDERR  ] 2018-11-10T15:35:29.199696698Z: [    9.371802] audit: type=2000 audit(1541864096.366:1): state=initialized audit_enabled=0 res=1
[STDERR  ] 2018-11-10T15:35:29.199714743Z: [    9.376700] workingset: timestamp_bits=46 max_order=18 bucket_order=0
[STDERR  ] 2018-11-10T15:35:29.199732763Z: [    9.384707] squashfs: version 4.0 (2009/01/31) Phillip Lougher
[STDERR  ] 2018-11-10T15:35:29.199750667Z: [    9.389054] FS-Cache: Netfs 'cifs' registered for caching
[STDERR  ] 2018-11-10T15:35:29.199769452Z: [    9.391764] fuse init (API version 7.26)
[STDERR  ] 2018-11-10T15:35:29.199789901Z: [    9.395675] SGI XFS with ACLs, security attributes, no debug enabled
[STDERR  ] 2018-11-10T15:35:29.199808346Z: [    9.401028] 9p: Installing v9fs 9p2000 file system support
[STDERR  ] 2018-11-10T15:35:29.199826401Z: [    9.402693] FS-Cache: Netfs '9p' registered for caching
[STDERR  ] 2018-11-10T15:35:29.199844205Z: [    9.463817] NET: Registered protocol family 38
[STDERR  ] 2018-11-10T15:35:29.199862214Z: [    9.464738] Key type asymmetric registered
[STDERR  ] 2018-11-10T15:35:29.199879976Z: [    9.465320] Asymmetric key parser 'x509' registered
[STDERR  ] 2018-11-10T15:35:29.199897823Z: [    9.466433] Block layer SCSI generic (bsg) driver version 0.4 loaded (major 247)
[STDERR  ] 2018-11-10T15:35:29.199916122Z: [    9.469967] io scheduler noop registered
[STDERR  ] 2018-11-10T15:35:29.199934117Z: [    9.470977] io scheduler deadline registered (default)
[STDERR  ] 2018-11-10T15:35:29.199951985Z: [    9.472785] io scheduler cfq registered
[STDERR  ] 2018-11-10T15:35:29.199969917Z: [    9.473421] io scheduler mq-deadline registered
[STDERR  ] 2018-11-10T15:35:29.199998737Z: [    9.473851] io scheduler kyber registered
[STDERR  ] 2018-11-10T15:35:29.200020415Z: [    9.478300] shpchp: Standard Hot Plug PCI Controller Driver version: 0.4
[STDERR  ] 2018-11-10T15:35:29.200041133Z: [    9.479422] hv_vmbus: registering driver hyperv_fb
[STDERR  ] 2018-11-10T15:35:29.200068248Z: [    9.484415] input: Power Button as /devices/LNXSYSTM:00/LNXPWRBN:00/input/input0
[STDERR  ] 2018-11-10T15:35:29.200086958Z: [    9.488269] ACPI: Power Button [PWRF]
[STDERR  ] 2018-11-10T15:35:29.200107260Z: [    9.513414] ACPI: PCI Interrupt Link [GSIG] enabled at IRQ 22
[STDERR  ] 2018-11-10T15:35:29.200125349Z: [    9.533649] ACPI: PCI Interrupt Link [GSIH] enabled at IRQ 23
[STDERR  ] 2018-11-10T15:35:29.200143407Z: [    9.545861] Serial: 8250/16550 driver, 4 ports, IRQ sharing disabled
[STDERR  ] 2018-11-10T15:35:29.200178471Z: [    9.571731] 00:04: ttyS0 at I/O 0x3f8 (irq = 4, base_baud = 115200) is a 16550A
[STDERR  ] 2018-11-10T15:35:29.200196569Z: [    9.586585] Non-volatile memory driver v1.3
[STDERR  ] 2018-11-10T15:35:29.200215147Z: [    9.597658] Hangcheck: starting hangcheck timer 0.9.1 (tick is 180 seconds, margin is 60 seconds).
[STDERR  ] 2018-11-10T15:35:29.200233197Z: [    9.605051] random: crng init done
[STDERR  ] 2018-11-10T15:35:29.200251734Z: [    9.691967] brd: module loaded
[STDERR  ] 2018-11-10T15:35:29.200269633Z: [    9.733469] loop: module loaded
[STDERR  ] 2018-11-10T15:35:29.200287493Z: [    9.809894] lpc_ich 0000:00:1f.0: I/O space for GPIO uninitialized
[STDERR  ] 2018-11-10T15:35:29.200305306Z: [    9.812808] VMware PVSCSI driver - version 1.0.7.0-k
[STDERR  ] 2018-11-10T15:35:29.200323280Z: [    9.813845] hv_vmbus: registering driver hv_storvsc
[STDERR  ] 2018-11-10T15:35:29.200341462Z: [    9.827653] ACPI: PCI Interrupt Link [GSIA] enabled at IRQ 16
[STDERR  ] 2018-11-10T15:35:29.200359428Z: [    9.837102] ahci 0000:00:1f.2: AHCI 0001.0000 32 slots 6 ports 1.5 Gbps 0x3f impl SATA mode
[STDERR  ] 2018-11-10T15:35:29.200380795Z: [    9.838463] ahci 0000:00:1f.2: flags: 64bit ncq only 
[STDERR  ] 2018-11-10T15:35:29.200398811Z: [    9.861457] scsi host0: ahci
[STDERR  ] 2018-11-10T15:35:29.200416865Z: [    9.866588] scsi host1: ahci
[STDERR  ] 2018-11-10T15:35:29.200434607Z: [    9.869445] scsi host2: ahci
[STDERR  ] 2018-11-10T15:35:29.200452453Z: [    9.872021] scsi host3: ahci
[STDERR  ] 2018-11-10T15:35:29.200470565Z: [    9.874898] scsi host4: ahci
[STDERR  ] 2018-11-10T15:35:29.200495735Z: [    9.878905] scsi host5: ahci
[STDERR  ] 2018-11-10T15:35:29.200514191Z: [    9.881018] ata1: SATA max UDMA/133 abar m4096@0xfebd2000 port 0xfebd2100 irq 24
[STDERR  ] 2018-11-10T15:35:29.200538293Z: [    9.881916] ata2: SATA max UDMA/133 abar m4096@0xfebd2000 port 0xfebd2180 irq 24
[STDERR  ] 2018-11-10T15:35:29.200556491Z: [    9.882761] ata3: SATA max UDMA/133 abar m4096@0xfebd2000 port 0xfebd2200 irq 24
[STDERR  ] 2018-11-10T15:35:29.200583130Z: [    9.883850] ata4: SATA max UDMA/133 abar m4096@0xfebd2000 port 0xfebd2280 irq 24
[STDERR  ] 2018-11-10T15:35:29.200601584Z: [    9.884671] ata5: SATA max UDMA/133 abar m4096@0xfebd2000 port 0xfebd2300 irq 24
[STDERR  ] 2018-11-10T15:35:29.200619571Z: [    9.885428] ata6: SATA max UDMA/133 abar m4096@0xfebd2000 port 0xfebd2380 irq 24
[STDERR  ] 2018-11-10T15:35:29.200637446Z: [    9.905546] tun: Universal TUN/TAP device driver, 1.6
[STDERR  ] 2018-11-10T15:35:29.200662466Z: [    9.919845] VMware vmxnet3 virtual NIC driver - version 1.4.a.0-k-NAPI
[STDERR  ] 2018-11-10T15:35:29.200683993Z: [    9.921386] hv_vmbus: registering driver hv_netvsc
[STDERR  ] 2018-11-10T15:35:29.200702413Z: [    9.921943] Fusion MPT base driver 3.04.20
[STDERR  ] 2018-11-10T15:35:29.200720322Z: [    9.922533] Copyright (c) 1999-2008 LSI Corporation
[STDERR  ] 2018-11-10T15:35:29.200738522Z: [    9.923976] Fusion MPT SPI Host driver 3.04.20
[STDERR  ] 2018-11-10T15:35:29.200756448Z: [    9.927678] i8042: PNP: PS/2 Controller [PNP0303:KBD,PNP0f13:MOU] at 0x60,0x64 irq 1,12
[STDERR  ] 2018-11-10T15:35:29.200774519Z: [    9.934028] serio: i8042 KBD port at 0x60,0x64 irq 1
[STDERR  ] 2018-11-10T15:35:29.200797189Z: [    9.935307] serio: i8042 AUX port at 0x60,0x64 irq 12
[STDERR  ] 2018-11-10T15:35:29.200815445Z: [    9.939654] hv_vmbus: registering driver hyperv_keyboard
[STDERR  ] 2018-11-10T15:35:29.200840215Z: [    9.942724] mousedev: PS/2 mouse device common for all mice
[STDERR  ] 2018-11-10T15:35:29.200858664Z: [    9.949537] input: PC Speaker as /devices/platform/pcspkr/input/input2
[STDERR  ] 2018-11-10T15:35:29.200876661Z: [    9.951605] input: AT Translated Set 2 keyboard as /devices/platform/i8042/serio0/input/input1
[STDERR  ] 2018-11-10T15:35:29.200894769Z: [    9.957050] rtc_cmos 00:00: RTC can wake from S4
[STDERR  ] 2018-11-10T15:35:29.200912799Z: [    9.963474] rtc_cmos 00:00: rtc core: registered rtc_cmos as rtc0
[STDERR  ] 2018-11-10T15:35:29.200930798Z: [    9.965029] rtc_cmos 00:00: alarms up to one day, y3k, 114 bytes nvram, hpet irqs
[STDERR  ] 2018-11-10T15:35:29.200955733Z: [    9.966342] i2c /dev entries driver
[STDERR  ] 2018-11-10T15:35:29.200977961Z: [    9.968702] device-mapper: ioctl: 4.37.0-ioctl (2017-09-20) initialised: dm-devel@redhat.com
[STDERR  ] 2018-11-10T15:35:29.200997088Z: [    9.975123] usbcore: registered new interface driver usbhid
[STDERR  ] 2018-11-10T15:35:29.201015005Z: [    9.975759] usbhid: USB HID core driver
[STDERR  ] 2018-11-10T15:35:29.201032840Z: [    9.976795] hv_utils: Registering HyperV Utility Driver
[STDERR  ] 2018-11-10T15:35:29.201052769Z: [    9.977407] hv_vmbus: registering driver hv_util
[STDERR  ] 2018-11-10T15:35:29.201077468Z: [    9.977836] hv_vmbus: registering driver hv_balloon
[STDERR  ] 2018-11-10T15:35:29.201096164Z: [    9.978593] oprofile: using NMI interrupt.
[STDERR  ] 2018-11-10T15:35:29.201120688Z: [    9.979902] GACT probability on
[STDERR  ] 2018-11-10T15:35:29.201139506Z: [    9.980700] Mirror/redirect action on
[STDERR  ] 2018-11-10T15:35:29.201162393Z: [    9.981454] Simple TC action Loaded
[STDERR  ] 2018-11-10T15:35:29.201184082Z: [    9.981959] u32 classifier
[STDERR  ] 2018-11-10T15:35:29.201203236Z: [    9.982415]     Performance counters on
[STDERR  ] 2018-11-10T15:35:29.201221618Z: [    9.982798]     input device check on
[STDERR  ] 2018-11-10T15:35:29.201244442Z: [    9.983178]     Actions configured
[STDERR  ] 2018-11-10T15:35:29.201262074Z: [    9.984042] Netfilter messages via NETLINK v0.30.
[STDERR  ] 2018-11-10T15:35:29.201279902Z: [    9.985026] nfnl_acct: registering with nfnetlink.
[STDERR  ] 2018-11-10T15:35:29.201297917Z: [    9.987036] nf_conntrack version 0.5.0 (8192 buckets, 32768 max)
[STDERR  ] 2018-11-10T15:35:29.201316016Z: [    9.990535] ctnetlink v0.93: registering with nfnetlink.
[STDERR  ] 2018-11-10T15:35:29.201339481Z: [    9.994743] nf_tables: (c) 2007-2009 Patrick McHardy <kaber@trash.net>
[STDERR  ] 2018-11-10T15:35:29.201357676Z: [    9.995857] nf_tables_compat: (c) 2012 Pablo Neira Ayuso <pablo@netfilter.org>
[STDERR  ] 2018-11-10T15:35:29.201382782Z: [    9.999526] xt_time: kernel timezone is -0000
[STDERR  ] 2018-11-10T15:35:29.201401128Z: [   10.000324] ip_set: protocol 6
[STDERR  ] 2018-11-10T15:35:29.201419373Z: [   10.001593] ipip: IPv4 and MPLS over IPv4 tunneling driver
[STDERR  ] 2018-11-10T15:35:29.201446241Z: [   10.007496] gre: GRE over IPv4 demultiplexor driver
[STDERR  ] 2018-11-10T15:35:29.201463999Z: [   10.011240] ip_tables: (C) 2000-2006 Netfilter Core Team
[STDERR  ] 2018-11-10T15:35:29.201483315Z: [   10.018376] arp_tables: arp_tables: (C) 2002 David S. Miller
[STDERR  ] 2018-11-10T15:35:29.201504137Z: [   10.021294] NET: Registered protocol family 10
[STDERR  ] 2018-11-10T15:35:29.201529004Z: [   10.035628] Segment Routing with IPv6
[STDERR  ] 2018-11-10T15:35:29.201547083Z: [   10.036894] ip6_tables: (C) 2000-2006 Netfilter Core Team
[STDERR  ] 2018-11-10T15:35:29.201565797Z: [   10.051257] NET: Registered protocol family 17
[STDERR  ] 2018-11-10T15:35:29.201594716Z: [   10.052726] Bridge firewalling registered
[STDERR  ] 2018-11-10T15:35:29.201612851Z: [   10.053914] 8021q: 802.1Q VLAN Support v1.8
[STDERR  ] 2018-11-10T15:35:29.201635559Z: [   10.056671] 9pnet: Installing 9P2000 support
[STDERR  ] 2018-11-10T15:35:29.201658751Z: [   10.059635] Key type dns_resolver registered
[STDERR  ] 2018-11-10T15:35:29.201676637Z: [   10.061673] sched_clock: Marking stable (10061157190, 0)->(10329130806, -267973616)
[STDERR  ] 2018-11-10T15:35:29.201700461Z: [   10.066946] registered taskstats version 1
[STDERR  ] 2018-11-10T15:35:29.201718540Z: [   10.202998] ata1: SATA link down (SStatus 0 SControl 300)
[STDERR  ] 2018-11-10T15:35:29.201736533Z: [   10.205579] ata6: SATA link down (SStatus 0 SControl 300)
[STDERR  ] 2018-11-10T15:35:29.201754693Z: [   10.206383] ata5: SATA link down (SStatus 0 SControl 300)
[STDERR  ] 2018-11-10T15:35:29.201772700Z: [   10.206944] ata4: SATA link down (SStatus 0 SControl 300)
[STDERR  ] 2018-11-10T15:35:29.201790718Z: [   10.207948] ata3: SATA link up 1.5 Gbps (SStatus 113 SControl 300)
[STDERR  ] 2018-11-10T15:35:29.201818716Z: [   10.211055] ata2: SATA link down (SStatus 0 SControl 300)
[STDERR  ] 2018-11-10T15:35:29.201843404Z: [   10.214552] ata3.00: ATAPI: QEMU DVD-ROM, 2.5+, max UDMA/100
[STDERR  ] 2018-11-10T15:35:29.201861637Z: [   10.215335] ata3.00: applying bridge limits
[STDERR  ] 2018-11-10T15:35:29.201882625Z: [   10.222940] ata3.00: configured for UDMA/100
[STDERR  ] 2018-11-10T15:35:29.201907105Z: [   10.250017] scsi 2:0:0:0: CD-ROM            QEMU     QEMU DVD-ROM     2.5+ PQ: 0 ANSI: 5
[STDERR  ] 2018-11-10T15:35:29.201930260Z: [   10.296249] sr 2:0:0:0: [sr0] scsi3-mmc drive: 4x/4x cd/rw xa/form2 tray
[STDERR  ] 2018-11-10T15:35:29.201948845Z: [   10.296971] cdrom: Uniform CD-ROM driver Revision: 3.20
[STDERR  ] 2018-11-10T15:35:29.201972385Z: [   10.316791] sr 2:0:0:0: Attached scsi generic sg0 type 5
[STDERR  ] 2018-11-10T15:35:29.201995150Z: [   10.336687] tsc: Refined TSC clocksource calibration: 2599.760 MHz
[STDERR  ] 2018-11-10T15:35:29.202013125Z: [   10.337630] clocksource: tsc: mask: 0xffffffffffffffff max_cycles: 0x2579598d9a4, max_idle_ns: 440795314135 ns
[STDERR  ] 2018-11-10T15:35:29.202031755Z: [   10.495960] Key type big_key registered
[STDERR  ] 2018-11-10T15:35:29.202054897Z: [   10.621977] Key type trusted registered
[STDERR  ] 2018-11-10T15:35:29.202073204Z: [   10.752955] Key type encrypted registered
[STDERR  ] 2018-11-10T15:35:29.202090981Z: [   10.754253] ima: No TPM chip found, activating TPM-bypass! (rc=-19)
[STDERR  ] 2018-11-10T15:35:29.202109012Z: [   10.754895] ima: Allocated hash algorithm: sha256
[STDERR  ] 2018-11-10T15:35:29.202126932Z: [   10.759830] evm: HMAC attrs: 0x1
[STDERR  ] 2018-11-10T15:35:29.202145430Z: [   10.766638] rtc_cmos 00:00: setting system clock to 2018-11-10 15:34:58 UTC (1541864098)
[STDERR  ] 2018-11-10T15:35:29.202163322Z: [   10.955347] Freeing unused kernel memory: 1508K
[STDERR  ] 2018-11-10T15:35:29.202180981Z: [   10.956606] Write protecting the kernel read-only data: 18432k
[STDERR  ] 2018-11-10T15:35:29.202198762Z: [   10.977688] Freeing unused kernel memory: 2024K
[STDERR  ] 2018-11-10T15:35:29.202216729Z: [   11.093616] Freeing unused kernel memory: 1128K
[STDERR  ] 2018-11-10T15:35:29.202234640Z: [   11.348490] clocksource: Switched to clocksource tsc
[STDERR  ] 2018-11-10T15:35:29.202274107Z: 
[STDERR  ] 2018-11-10T15:35:29.202293897Z: Welcome to LinuxKit
[STDERR  ] 2018-11-10T15:35:29.202311968Z: 
[STDERR  ] 2018-11-10T15:35:29.202330246Z:                         ##         .
[STDERR  ] 2018-11-10T15:35:29.202352490Z:                   ## ## ##        ==
[STDERR  ] 2018-11-10T15:35:29.202370329Z:                ## ## ## ## ##    ===
[STDERR  ] 2018-11-10T15:35:29.202394293Z:            /"""""""""""""""""\___/ ===
[STDERR  ] 2018-11-10T15:35:29.202412980Z:           {                       /  ===-
[STDERR  ] 2018-11-10T15:35:29.202431488Z:            \______ O           __/
[STDERR  ] 2018-11-10T15:35:29.202454454Z:              \    \         __/
[STDERR  ] 2018-11-10T15:35:29.202472507Z:               \____\_______/
[STDERR  ] 2018-11-10T15:35:29.202491502Z: 
[STDERR  ] 2018-11-10T15:35:29.202509507Z: [   35.728490] hello_world: loading out-of-tree module taints kernel.
[STDERR  ] 2018-11-10T15:35:29.202533456Z: [   35.740471] Hello LinuxKit
[STDERR  ] 2018-11-10T15:35:29.202558045Z: [   35.926420] Goodbye LinuxKit.
[STDERR  ] 2018-11-10T15:35:29.202584709Z: Linux linuxkit-5eec3bf126e0 4.14.79-linuxkit #1 SMP Sat Nov 10 11:07:35 UTC 2018 x86_64 Linux
[STDERR  ] 2018-11-10T15:35:29.202603003Z: filename:       hello_world.ko
[STDERR  ] 2018-11-10T15:35:29.202628165Z: author:         Rolf Neugebauer <rolf.neugebauer@docker.com>
[STDERR  ] 2018-11-10T15:35:29.202646133Z: description:    A simple Hello World kernel module for testing
[STDERR  ] 2018-11-10T15:35:29.202672326Z: license:        GPL
[STDERR  ] 2018-11-10T15:35:29.202690925Z: depends:        
[STDERR  ] 2018-11-10T15:35:29.202711732Z: vermagic:       4.14.79-linuxkit SMP mod_unload modversions RANDSTRUCT_PLUGIN_5750448b077562f623bcc5357fedb2ede5256c069985adf4aeb6b530f3ae7e0e
[STDERR  ] 2018-11-10T15:35:29.202741533Z: Kernel module test suite PASSED
[STDERR  ] 2018-11-10T15:35:29.202759447Z: [   41.219666] ACPI: Preparing to enter system sleep state S5
[STDERR  ] 2018-11-10T15:35:29.202779854Z: [   41.221944] reboot: Power down
[STDERR  ] 2018-11-10T15:35:29.202798071Z: + grep -q Hello LinuxKit
[STDERR  ] 2018-11-10T15:35:29.202816999Z: + echo [    0.000000] Linux version 4.14.79-linuxkit (root@eb67e0f49475) (gcc version 6.4.0 (Alpine 6.4.0)) #1 SMP Sat Nov 10 11:07:35 UTC 2018
[STDERR  ] 2018-11-10T15:35:29.202834936Z: [    0.000000] Command line: console=ttyS0 console=ttyAMA0
[STDERR  ] 2018-11-10T15:35:29.202852634Z: [    0.000000] x86/fpu: x87 FPU will use FXSAVE
[STDERR  ] 2018-11-10T15:35:29.202870352Z: [    0.000000] e820: BIOS-provided physical RAM map:
[STDERR  ] 2018-11-10T15:35:29.202887672Z: [    0.000000] BIOS-e820: [mem 0x0000000000000000-0x000000000009fbff] usable
[STDERR  ] 2018-11-10T15:35:29.202909406Z: [    0.000000] BIOS-e820: [mem 0x000000000009fc00-0x000000000009ffff] reserved
[STDERR  ] 2018-11-10T15:35:29.202927447Z: [    0.000000] BIOS-e820: [mem 0x00000000000f0000-0x00000000000fffff] reserved
[STDERR  ] 2018-11-10T15:35:29.202945182Z: [    0.000000] BIOS-e820: [mem 0x0000000000100000-0x000000003ffdefff] usable
[STDERR  ] 2018-11-10T15:35:29.202963208Z: [    0.000000] BIOS-e820: [mem 0x000000003ffdf000-0x000000003fffffff] reserved
[STDERR  ] 2018-11-10T15:35:29.202986067Z: [    0.000000] BIOS-e820: [mem 0x00000000b0000000-0x00000000bfffffff] reserved
[STDERR  ] 2018-11-10T15:35:29.203004542Z: [    0.000000] BIOS-e820: [mem 0x00000000fed1c000-0x00000000fed1ffff] reserved
[STDERR  ] 2018-11-10T15:35:29.203022592Z: [    0.000000] BIOS-e820: [mem 0x00000000fffc0000-0x00000000ffffffff] reserved
[STDERR  ] 2018-11-10T15:35:29.203040166Z: [    0.000000] NX (Execute Disable) protection: active
[STDERR  ] 2018-11-10T15:35:29.203057907Z: [    0.000000] SMBIOS 2.8 present.
[STDERR  ] 2018-11-10T15:35:29.203078073Z: [    0.000000] DMI: QEMU Standard PC (Q35 + ICH9, 2009), BIOS rel-1.10.2-0-g5f4c7b1-prebuilt.qemu-project.org 04/01/2014
[STDERR  ] 2018-11-10T15:35:29.203096822Z: [    0.000000] tsc: Fast TSC calibration using PIT
[STDERR  ] 2018-11-10T15:35:29.203117502Z: [    0.000000] e820: last_pfn = 0x3ffdf max_arch_pfn = 0x400000000
[STDERR  ] 2018-11-10T15:35:29.203135116Z: [    0.000000] x86/PAT: Configuration [0-7]: WB  WC  UC- UC  WB  WP  UC- WT  
[STDERR  ] 2018-11-10T15:35:29.203153096Z: [    0.000000] found SMP MP-table at [mem 0x000f6aa0-0x000f6aaf] mapped at [ffffffffff200aa0]
[STDERR  ] 2018-11-10T15:35:29.203171108Z: [    0.000000] RAMDISK: [mem 0x3e394000-0x3ffcffff]
[STDERR  ] 2018-11-10T15:35:29.203191626Z: [    0.000000] ACPI: Early table checksum verification disabled
[STDERR  ] 2018-11-10T15:35:29.203209483Z: [    0.000000] ACPI: RSDP 0x00000000000F68C0 000014 (v00 BOCHS )
[STDERR  ] 2018-11-10T15:35:29.203227066Z: [    0.000000] ACPI: RSDT 0x000000003FFE2404 000034 (v01 BOCHS  BXPCRSDT 00000001 BXPC 00000001)
[STDERR  ] 2018-11-10T15:35:29.203248113Z: [    0.000000] ACPI: FACP 0x000000003FFE22A4 000074 (v01 BOCHS  BXPCFACP 00000001 BXPC 00000001)
[STDERR  ] 2018-11-10T15:35:29.203277550Z: [    0.000000] ACPI: DSDT 0x000000003FFE0040 002264 (v01 BOCHS  BXPCDSDT 00000001 BXPC 00000001)
[STDERR  ] 2018-11-10T15:35:29.203295543Z: [    0.000000] ACPI: FACS 0x000000003FFE0000 000040
[STDERR  ] 2018-11-10T15:35:29.203313195Z: [    0.000000] ACPI: APIC 0x000000003FFE2318 000078 (v01 BOCHS  BXPCAPIC 00000001 BXPC 00000001)
[STDERR  ] 2018-11-10T15:35:29.203330808Z: [    0.000000] ACPI: HPET 0x000000003FFE2390 000038 (v01 BOCHS  BXPCHPET 00000001 BXPC 00000001)
[STDERR  ] 2018-11-10T15:35:29.203348899Z: [    0.000000] ACPI: MCFG 0x000000003FFE23C8 00003C (v01 BOCHS  BXPCMCFG 00000001 BXPC 00000001)
[STDERR  ] 2018-11-10T15:35:29.203367203Z: [    0.000000] Zone ranges:
[STDERR  ] 2018-11-10T15:35:29.203385120Z: [    0.000000]   DMA      [mem 0x0000000000001000-0x0000000000ffffff]
[STDERR  ] 2018-11-10T15:35:29.203407025Z: [    0.000000]   DMA32    [mem 0x0000000001000000-0x000000003ffdefff]
[STDERR  ] 2018-11-10T15:35:29.203424670Z: [    0.000000]   Normal   empty
[STDERR  ] 2018-11-10T15:35:29.203442860Z: [    0.000000]   Device   empty
[STDERR  ] 2018-11-10T15:35:29.203460710Z: [    0.000000] Movable zone start for each node
[STDERR  ] 2018-11-10T15:35:29.203481722Z: [    0.000000] Early memory node ranges
[STDERR  ] 2018-11-10T15:35:29.203499660Z: [    0.000000]   node   0: [mem 0x0000000000001000-0x000000000009efff]
[STDERR  ] 2018-11-10T15:35:29.203519930Z: [    0.000000]   node   0: [mem 0x0000000000100000-0x000000003ffdefff]
[STDERR  ] 2018-11-10T15:35:29.203537689Z: [    0.000000] Initmem setup node 0 [mem 0x0000000000001000-0x000000003ffdefff]
[STDERR  ] 2018-11-10T15:35:29.203555969Z: [    0.000000] ACPI: PM-Timer IO Port: 0x608
[STDERR  ] 2018-11-10T15:35:29.203582461Z: [    0.000000] ACPI: LAPIC_NMI (acpi_id[0xff] dfl dfl lint[0x1])
[STDERR  ] 2018-11-10T15:35:29.203600781Z: [    0.000000] IOAPIC[0]: apic_id 0, version 32, address 0xfec00000, GSI 0-23
[STDERR  ] 2018-11-10T15:35:29.203618579Z: [    0.000000] ACPI: INT_SRC_OVR (bus 0 bus_irq 0 global_irq 2 dfl dfl)
[STDERR  ] 2018-11-10T15:35:29.203636442Z: [    0.000000] ACPI: INT_SRC_OVR (bus 0 bus_irq 5 global_irq 5 high level)
[STDERR  ] 2018-11-10T15:35:29.203654179Z: [    0.000000] ACPI: INT_SRC_OVR (bus 0 bus_irq 9 global_irq 9 high level)
[STDERR  ] 2018-11-10T15:35:29.203671785Z: [    0.000000] ACPI: INT_SRC_OVR (bus 0 bus_irq 10 global_irq 10 high level)
[STDERR  ] 2018-11-10T15:35:29.203689797Z: [    0.000000] ACPI: INT_SRC_OVR (bus 0 bus_irq 11 global_irq 11 high level)
[STDERR  ] 2018-11-10T15:35:29.203707600Z: [    0.000000] Using ACPI (MADT) for SMP configuration information
[STDERR  ] 2018-11-10T15:35:29.203725337Z: [    0.000000] ACPI: HPET id: 0x8086a201 base: 0xfed00000
[STDERR  ] 2018-11-10T15:35:29.203743213Z: [    0.000000] smpboot: Allowing 1 CPUs, 0 hotplug CPUs
[STDERR  ] 2018-11-10T15:35:29.203760971Z: [    0.000000] e820: [mem 0x40000000-0xafffffff] available for PCI devices
[STDERR  ] 2018-11-10T15:35:29.203781633Z: [    0.000000] Booting paravirtualized kernel on bare hardware
[STDERR  ] 2018-11-10T15:35:29.203799499Z: [    0.000000] clocksource: refined-jiffies: mask: 0xffffffff max_cycles: 0xffffffff, max_idle_ns: 1910969940391419 ns
[STDERR  ] 2018-11-10T15:35:29.203817591Z: [    0.000000] random: get_random_bytes called from start_kernel+0x92/0x4cb with crng_init=0
[STDERR  ] 2018-11-10T15:35:29.203835420Z: [    0.000000] setup_percpu: NR_CPUS:128 nr_cpumask_bits:128 nr_cpu_ids:1 nr_node_ids:1
[STDERR  ] 2018-11-10T15:35:29.203853345Z: [    0.000000] percpu: Embedded 45 pages/cpu @ffff96bb3e000000 s144280 r8192 d31848 u2097152
[STDERR  ] 2018-11-10T15:35:29.203871152Z: [    0.000000] Built 1 zonelists, mobility grouping on.  Total pages: 257896
[STDERR  ] 2018-11-10T15:35:29.203892380Z: [    0.000000] Kernel command line: console=ttyS0 console=ttyAMA0
[STDERR  ] 2018-11-10T15:35:29.203913088Z: [    0.000000] PID hash table entries: 4096 (order: 3, 32768 bytes)
[STDERR  ] 2018-11-10T15:35:29.203931118Z: [    0.000000] Dentry cache hash table entries: 131072 (order: 8, 1048576 bytes)
[STDERR  ] 2018-11-10T15:35:29.203954142Z: [    0.000000] Inode-cache hash table entries: 65536 (order: 7, 524288 bytes)
[STDERR  ] 2018-11-10T15:35:29.203972388Z: [    0.000000] Memory: 975980K/1048052K available (12300K kernel code, 1452K rwdata, 2968K rodata, 1508K init, 580K bss, 72072K reserved, 0K cma-reserved)
[STDERR  ] 2018-11-10T15:35:29.203996329Z: [    0.000000] ftrace: allocating 40646 entries in 159 pages
[STDERR  ] 2018-11-10T15:35:29.204014145Z: [    0.000000] Hierarchical RCU implementation.
[STDERR  ] 2018-11-10T15:35:29.204032227Z: [    0.000000] 	RCU restricting CPUs from NR_CPUS=128 to nr_cpu_ids=1.
[STDERR  ] 2018-11-10T15:35:29.204050219Z: [    0.000000] RCU: Adjusting geometry for rcu_fanout_leaf=16, nr_cpu_ids=1
[STDERR  ] 2018-11-10T15:35:29.204067850Z: [    0.000000] NR_IRQS: 8448, nr_irqs: 256, preallocated irqs: 16
[STDERR  ] 2018-11-10T15:35:29.204090036Z: [    0.000000] Console: colour VGA+ 80x25
[STDERR  ] 2018-11-10T15:35:29.204107730Z: [    0.000000] console [ttyS0] enabled
[STDERR  ] 2018-11-10T15:35:29.204125688Z: [    0.000000] clocksource: hpet: mask: 0xffffffff max_cycles: 0xffffffff, max_idle_ns: 19112604467 ns
[STDERR  ] 2018-11-10T15:35:29.204144426Z: [    0.004000] tsc: Fast TSC calibration using PIT
[STDERR  ] 2018-11-10T15:35:29.204162439Z: [    0.006000] tsc: Detected 2599.881 MHz processor
[STDERR  ] 2018-11-10T15:35:29.204180374Z: [    0.009466] Calibrating delay loop (skipped), value calculated using timer frequency.. 5199.76 BogoMIPS (lpj=2599881)
[STDERR  ] 2018-11-10T15:35:29.204198279Z: [    0.010155] pid_max: default: 32768 minimum: 301
[STDERR  ] 2018-11-10T15:35:29.204216513Z: [    0.011625] ACPI: Core revision 20170728
[STDERR  ] 2018-11-10T15:35:29.204234033Z: [    0.056577] ACPI: 1 ACPI AML tables successfully acquired and loaded
[STDERR  ] 2018-11-10T15:35:29.204251880Z: [    0.062359] Security Framework initialized
[STDERR  ] 2018-11-10T15:35:29.204272547Z: [    0.063191] Yama: becoming mindful.
[STDERR  ] 2018-11-10T15:35:29.204290710Z: [    0.066358] Mount-cache hash table entries: 2048 (order: 2, 16384 bytes)
[STDERR  ] 2018-11-10T15:35:29.204308563Z: [    0.067062] Mountpoint-cache hash table entries: 2048 (order: 2, 16384 bytes)
[STDERR  ] 2018-11-10T15:35:29.204326359Z: [    0.092526] Last level iTLB entries: 4KB 0, 2MB 0, 4MB 0
[STDERR  ] 2018-11-10T15:35:29.204350065Z: [    0.093060] Last level dTLB entries: 4KB 0, 2MB 0, 4MB 0, 1GB 0
[STDERR  ] 2018-11-10T15:35:29.204368071Z: [    0.094084] Spectre V2 : Spectre mitigation: LFENCE not serializing, switching to generic retpoline
[STDERR  ] 2018-11-10T15:35:29.204386578Z: [    0.094873] Spectre V2 : Mitigation: Full generic retpoline
[STDERR  ] 2018-11-10T15:35:29.204404265Z: [    0.095057] Spectre V2 : Spectre v2 / SpectreRSB mitigation: Filling RSB on context switch
[STDERR  ] 2018-11-10T15:35:29.204422540Z: [    0.096089] Speculative Store Bypass: Vulnerable
[STDERR  ] 2018-11-10T15:35:29.204440330Z: [    0.256392] random: fast init done
[STDERR  ] 2018-11-10T15:35:29.204458093Z: [    0.434310] Freeing SMP alternatives memory: 20K
[STDERR  ] 2018-11-10T15:35:29.204478825Z: [    0.459083] smpboot: Max logical packages: 1
[STDERR  ] 2018-11-10T15:35:29.204497189Z: [    0.466000] ..TIMER: vector=0x30 apic1=0 pin1=2 apic2=-1 pin2=-1
[STDERR  ] 2018-11-10T15:35:29.204529038Z: [    0.477000] smpboot: CPU0: AMD QEMU Virtual CPU version 2.5+ (family: 0x6, model: 0x6, stepping: 0x3)
[STDERR  ] 2018-11-10T15:35:29.204547049Z: [    0.484161] Performance Events: PMU not available due to virtualization, using software events only.
[STDERR  ] 2018-11-10T15:35:29.204566239Z: [    0.488132] Hierarchical SRCU implementation.
[STDERR  ] 2018-11-10T15:35:29.204591540Z: [    0.494610] NMI watchdog: Perf event create on CPU 0 failed with -2
[STDERR  ] 2018-11-10T15:35:29.204610072Z: [    0.495064] NMI watchdog: Perf NMI watchdog permanently disabled
[STDERR  ] 2018-11-10T15:35:29.204628121Z: [    0.501057] smp: Bringing up secondary CPUs ...
[STDERR  ] 2018-11-10T15:35:29.204646183Z: [    0.501528] smp: Brought up 1 node, 1 CPU
[STDERR  ] 2018-11-10T15:35:29.204669676Z: [    0.501981] smpboot: Total of 1 processors activated (5199.76 BogoMIPS)
[STDERR  ] 2018-11-10T15:35:29.204687776Z: [    0.519604] devtmpfs: initialized
[STDERR  ] 2018-11-10T15:35:29.204705809Z: [    0.524948] x86/mm: Memory block size: 128MB
[STDERR  ] 2018-11-10T15:35:29.204727276Z: [    0.532391] evm: security.ima
[STDERR  ] 2018-11-10T15:35:29.204746967Z: [    0.532677] evm: security.capability
[STDERR  ] 2018-11-10T15:35:29.204764579Z: [    0.536607] clocksource: jiffies: mask: 0xffffffff max_cycles: 0xffffffff, max_idle_ns: 1911260446275000 ns
[STDERR  ] 2018-11-10T15:35:29.204782757Z: [    0.537190] futex hash table entries: 256 (order: 2, 16384 bytes)
[STDERR  ] 2018-11-10T15:35:29.204800561Z: [    0.550717] NET: Registered protocol family 16
[STDERR  ] 2018-11-10T15:35:29.204818453Z: [    0.560265] cpuidle: using governor ladder
[STDERR  ] 2018-11-10T15:35:29.204840003Z: [    0.560774] cpuidle: using governor menu
[STDERR  ] 2018-11-10T15:35:29.204857813Z: [    0.563450] ACPI: bus type PCI registered
[STDERR  ] 2018-11-10T15:35:29.204877848Z: [    0.566703] PCI: MMCONFIG for domain 0000 [bus 00-ff] at [mem 0xb0000000-0xbfffffff] (base 0xb0000000)
[STDERR  ] 2018-11-10T15:35:29.204899017Z: [    0.567277] PCI: MMCONFIG at [mem 0xb0000000-0xbfffffff] reserved in E820
[STDERR  ] 2018-11-10T15:35:29.204916831Z: [    0.569229] PCI: Using configuration type 1 for base access
[STDERR  ] 2018-11-10T15:35:29.204947185Z: [    0.638749] HugeTLB registered 2.00 MiB page size, pre-allocated 0 pages
[STDERR  ] 2018-11-10T15:35:29.204969237Z: [    0.651396] ACPI: Added _OSI(Module Device)
[STDERR  ] 2018-11-10T15:35:29.204992005Z: [    0.652066] ACPI: Added _OSI(Processor Device)
[STDERR  ] 2018-11-10T15:35:29.205016271Z: [    0.652411] ACPI: Added _OSI(3.0 _SCP Extensions)
[STDERR  ] 2018-11-10T15:35:29.205034847Z: [    0.652728] ACPI: Added _OSI(Processor Aggregator Device)
[STDERR  ] 2018-11-10T15:35:29.205055216Z: [    0.743177] ACPI: Interpreter enabled
[STDERR  ] 2018-11-10T15:35:29.205073179Z: [    0.744296] ACPI: (supports S0 S5)
[STDERR  ] 2018-11-10T15:35:29.205090958Z: [    0.744716] ACPI: Using IOAPIC for interrupt routing
[STDERR  ] 2018-11-10T15:35:29.205108873Z: [    0.747570] PCI: Using host bridge windows from ACPI; if necessary, use "pci=nocrs" and report a bug
[STDERR  ] 2018-11-10T15:35:29.205132073Z: [    0.752508] ACPI: Enabled 2 GPEs in block 00 to 3F
[STDERR  ] 2018-11-10T15:35:29.205149892Z: [    0.837687] ACPI: PCI Root Bridge [PCI0] (domain 0000 [bus 00-ff])
[STDERR  ] 2018-11-10T15:35:29.205167596Z: [    0.838577] acpi PNP0A08:00: _OSC: OS supports [ExtendedConfig ASPM ClockPM Segments MSI]
[STDERR  ] 2018-11-10T15:35:29.205189090Z: [    0.844799] acpi PNP0A08:00: _OSC: OS now controls [PCIeHotplug PME PCIeCapability]
[STDERR  ] 2018-11-10T15:35:29.205210155Z: [    0.849545] PCI host bridge to bus 0000:00
[STDERR  ] 2018-11-10T15:35:29.205228213Z: [    0.850264] pci_bus 0000:00: root bus resource [io  0x0000-0x0cf7 window]
[STDERR  ] 2018-11-10T15:35:29.205249393Z: [    0.850768] pci_bus 0000:00: root bus resource [io  0x0d00-0xffff window]
[STDERR  ] 2018-11-10T15:35:29.205267409Z: [    0.851066] pci_bus 0000:00: root bus resource [mem 0x000a0000-0x000bffff window]
[STDERR  ] 2018-11-10T15:35:29.205285279Z: [    0.852058] pci_bus 0000:00: root bus resource [mem 0xc0000000-0xfebfffff window]
[STDERR  ] 2018-11-10T15:35:29.205303026Z: [    0.852716] pci_bus 0000:00: root bus resource [bus 00-ff]
[STDERR  ] 2018-11-10T15:35:29.205321456Z: [    0.917525] pci 0000:00:1f.0: quirk: [io  0x0600-0x067f] claimed by ICH6 ACPI/GPIO/TCO
[STDERR  ] 2018-11-10T15:35:29.205339308Z: [    0.974930] ACPI: PCI Interrupt Link [LNKA] (IRQs 5 *10 11)
[STDERR  ] 2018-11-10T15:35:29.205357366Z: [    0.977637] ACPI: PCI Interrupt Link [LNKB] (IRQs 5 *10 11)
[STDERR  ] 2018-11-10T15:35:29.205380473Z: [    0.979744] ACPI: PCI Interrupt Link [LNKC] (IRQs 5 10 *11)
[STDERR  ] 2018-11-10T15:35:29.205398171Z: [    0.982514] ACPI: PCI Interrupt Link [LNKD] (IRQs 5 10 *11)
[STDERR  ] 2018-11-10T15:35:29.205421448Z: [    0.984795] ACPI: PCI Interrupt Link [LNKE] (IRQs 5 *10 11)
[STDERR  ] 2018-11-10T15:35:29.205439413Z: [    0.988167] ACPI: PCI Interrupt Link [LNKF] (IRQs 5 *10 11)
[STDERR  ] 2018-11-10T15:35:29.205457120Z: [    0.990799] ACPI: PCI Interrupt Link [LNKG] (IRQs 5 10 *11)
[STDERR  ] 2018-11-10T15:35:29.205475833Z: [    0.993612] ACPI: PCI Interrupt Link [LNKH] (IRQs 5 10 *11)
[STDERR  ] 2018-11-10T15:35:29.205494853Z: [    0.994559] ACPI: PCI Interrupt Link [GSIA] (IRQs *16)
[STDERR  ] 2018-11-10T15:35:29.205515500Z: [    0.995356] ACPI: PCI Interrupt Link [GSIB] (IRQs *17)
[STDERR  ] 2018-11-10T15:35:29.205533348Z: [    0.996359] ACPI: PCI Interrupt Link [GSIC] (IRQs *18)
[STDERR  ] 2018-11-10T15:35:29.205551368Z: [    0.998082] ACPI: PCI Interrupt Link [GSID] (IRQs *19)
[STDERR  ] 2018-11-10T15:35:29.205584271Z: [    0.999294] ACPI: PCI Interrupt Link [GSIE] (IRQs *20)
[STDERR  ] 2018-11-10T15:35:29.205607778Z: [    1.000221] ACPI: PCI Interrupt Link [GSIF] (IRQs *21)
[STDERR  ] 2018-11-10T15:35:29.205626059Z: [    1.001416] ACPI: PCI Interrupt Link [GSIG] (IRQs *22)
[STDERR  ] 2018-11-10T15:35:29.205643809Z: [    1.002390] ACPI: PCI Interrupt Link [GSIH] (IRQs *23)
[STDERR  ] 2018-11-10T15:35:29.205661772Z: [    1.013912] SCSI subsystem initialized
[STDERR  ] 2018-11-10T15:35:29.205679541Z: [    1.018357] ACPI: bus type USB registered
[STDERR  ] 2018-11-10T15:35:29.205697240Z: [    1.020404] usbcore: registered new interface driver usbfs
[STDERR  ] 2018-11-10T15:35:29.205715522Z: [    1.021565] usbcore: registered new interface driver hub
[STDERR  ] 2018-11-10T15:35:29.205734056Z: [    1.023137] usbcore: registered new device driver usb
[STDERR  ] 2018-11-10T15:35:29.205751592Z: [    1.024476] pps_core: LinuxPPS API ver. 1 registered
[STDERR  ] 2018-11-10T15:35:29.205769479Z: [    1.024854] pps_core: Software ver. 5.3.6 - Copyright 2005-2007 Rodolfo Giometti <giometti@linux.it>
[STDERR  ] 2018-11-10T15:35:29.205787439Z: [    1.025206] PTP clock support registered
[STDERR  ] 2018-11-10T15:35:29.205805225Z: [    1.029244] PCI: Using ACPI for IRQ routing
[STDERR  ] 2018-11-10T15:35:29.205823226Z: [    1.053314] NetLabel: Initializing
[STDERR  ] 2018-11-10T15:35:29.205841091Z: [    1.053794] NetLabel:  domain hash size = 128
[STDERR  ] 2018-11-10T15:35:29.205859342Z: [    1.054401] NetLabel:  protocols = UNLABELED CIPSOv4 CALIPSO
[STDERR  ] 2018-11-10T15:35:29.205879821Z: [    1.057362] NetLabel:  unlabeled traffic allowed by default
[STDERR  ] 2018-11-10T15:35:29.205898977Z: [    1.059504] HPET: 3 timers in total, 0 timers will be used for per-cpu timer
[STDERR  ] 2018-11-10T15:35:29.205919233Z: [    1.060331] hpet0: at MMIO 0xfed00000, IRQs 2, 8, 0
[STDERR  ] 2018-11-10T15:35:29.205937499Z: [    1.061058] hpet0: 3 comparators, 64-bit 100.000000 MHz counter
[STDERR  ] 2018-11-10T15:35:29.205956200Z: [    1.066893] clocksource: Switched to clocksource hpet
[STDERR  ] 2018-11-10T15:35:29.205979311Z: [    1.446463] VFS: Disk quotas dquot_6.6.0
[STDERR  ] 2018-11-10T15:35:29.205997657Z: [    1.447466] VFS: Dquot-cache hash table entries: 512 (order 0, 4096 bytes)
[STDERR  ] 2018-11-10T15:35:29.206015510Z: [    1.450930] FS-Cache: Loaded
[STDERR  ] 2018-11-10T15:35:29.206033992Z: [    1.458304] CacheFiles: Loaded
[STDERR  ] 2018-11-10T15:35:29.206054637Z: [    1.460000] pnp: PnP ACPI init
[STDERR  ] 2018-11-10T15:35:29.206072825Z: [    1.474734] pnp: PnP ACPI: found 5 devices
[STDERR  ] 2018-11-10T15:35:29.206093352Z: [    1.526466] clocksource: acpi_pm: mask: 0xffffff max_cycles: 0xffffff, max_idle_ns: 2085701024 ns
[STDERR  ] 2018-11-10T15:35:29.206111229Z: [    1.530763] NET: Registered protocol family 2
[STDERR  ] 2018-11-10T15:35:29.206128970Z: [    1.540948] TCP established hash table entries: 8192 (order: 4, 65536 bytes)
[STDERR  ] 2018-11-10T15:35:29.206146970Z: [    1.542200] TCP bind hash table entries: 8192 (order: 5, 131072 bytes)
[STDERR  ] 2018-11-10T15:35:29.206164939Z: [    1.544007] TCP: Hash tables configured (established 8192 bind 8192)
[STDERR  ] 2018-11-10T15:35:29.206187953Z: [    1.546913] UDP hash table entries: 512 (order: 2, 16384 bytes)
[STDERR  ] 2018-11-10T15:35:29.206205802Z: [    1.547854] UDP-Lite hash table entries: 512 (order: 2, 16384 bytes)
[STDERR  ] 2018-11-10T15:35:29.206225963Z: [    1.551697] NET: Registered protocol family 1
[STDERR  ] 2018-11-10T15:35:29.206286925Z: [    1.552930] pci 0000:00:01.0: Video device with shadowed ROM at [mem 0x000c0000-0x000dffff]
[STDERR  ] 2018-11-10T15:35:29.206308684Z: [    1.561744] Trying to unpack rootfs image as initramfs...
[STDERR  ] 2018-11-10T15:35:29.206327062Z: [    9.304517] Freeing initrd memory: 28912K
[STDERR  ] 2018-11-10T15:35:29.206345056Z: [    9.346884] PCLMULQDQ-NI instructions are not detected.
[STDERR  ] 2018-11-10T15:35:29.206363442Z: [    9.348834] AVX or AES-NI instructions are not detected.
[STDERR  ] 2018-11-10T15:35:29.206381406Z: [    9.349737] CPU feature 'AVX registers' is not supported.
[STDERR  ] 2018-11-10T15:35:29.206405540Z: [    9.350428] CPU feature 'AVX registers' is not supported.
[STDERR  ] 2018-11-10T15:35:29.206426836Z: [    9.350844] CPU feature 'AVX registers' is not supported.
[STDERR  ] 2018-11-10T15:35:29.206445465Z: [    9.353879] CPU feature 'AVX registers' is not supported.
[STDERR  ] 2018-11-10T15:35:29.206466088Z: [    9.354845] AVX2 or AES-NI instructions are not detected.
[STDERR  ] 2018-11-10T15:35:29.206485439Z: [    9.355640] AVX2 instructions are not detected.
[STDERR  ] 2018-11-10T15:35:29.206503747Z: [    9.364748] audit: initializing netlink subsys (disabled)
[STDERR  ] 2018-11-10T15:35:29.206521765Z: [    9.371802] audit: type=2000 audit(1541864096.366:1): state=initialized audit_enabled=0 res=1
[STDERR  ] 2018-11-10T15:35:29.206539862Z: [    9.376700] workingset: timestamp_bits=46 max_order=18 bucket_order=0
[STDERR  ] 2018-11-10T15:35:29.206557906Z: [    9.384707] squashfs: version 4.0 (2009/01/31) Phillip Lougher
[STDERR  ] 2018-11-10T15:35:29.206586580Z: [    9.389054] FS-Cache: Netfs 'cifs' registered for caching
[STDERR  ] 2018-11-10T15:35:29.206605207Z: [    9.391764] fuse init (API version 7.26)
[STDERR  ] 2018-11-10T15:35:29.206623218Z: [    9.395675] SGI XFS with ACLs, security attributes, no debug enabled
[STDERR  ] 2018-11-10T15:35:29.206641093Z: [    9.401028] 9p: Installing v9fs 9p2000 file system support
[STDERR  ] 2018-11-10T15:35:29.206661580Z: [    9.402693] FS-Cache: Netfs '9p' registered for caching
[STDERR  ] 2018-11-10T15:35:29.206681126Z: [    9.463817] NET: Registered protocol family 38
[STDERR  ] 2018-11-10T15:35:29.206701056Z: [    9.464738] Key type asymmetric registered
[STDERR  ] 2018-11-10T15:35:29.206719215Z: [    9.465320] Asymmetric key parser 'x509' registered
[STDERR  ] 2018-11-10T15:35:29.206737433Z: [    9.466433] Block layer SCSI generic (bsg) driver version 0.4 loaded (major 247)
[STDERR  ] 2018-11-10T15:35:29.206755761Z: [    9.469967] io scheduler noop registered
[STDERR  ] 2018-11-10T15:35:29.206773753Z: [    9.470977] io scheduler deadline registered (default)
[STDERR  ] 2018-11-10T15:35:29.206792194Z: [    9.472785] io scheduler cfq registered
[STDERR  ] 2018-11-10T15:35:29.206809949Z: [    9.473421] io scheduler mq-deadline registered
[STDERR  ] 2018-11-10T15:35:29.206827636Z: [    9.473851] io scheduler kyber registered
[STDERR  ] 2018-11-10T15:35:29.206845572Z: [    9.478300] shpchp: Standard Hot Plug PCI Controller Driver version: 0.4
[STDERR  ] 2018-11-10T15:35:29.206863417Z: [    9.479422] hv_vmbus: registering driver hyperv_fb
[STDERR  ] 2018-11-10T15:35:29.206881095Z: [    9.484415] input: Power Button as /devices/LNXSYSTM:00/LNXPWRBN:00/input/input0
[STDERR  ] 2018-11-10T15:35:29.206906766Z: [    9.488269] ACPI: Power Button [PWRF]
[STDERR  ] 2018-11-10T15:35:29.206925119Z: [    9.513414] ACPI: PCI Interrupt Link [GSIG] enabled at IRQ 22
[STDERR  ] 2018-11-10T15:35:29.206942839Z: [    9.533649] ACPI: PCI Interrupt Link [GSIH] enabled at IRQ 23
[STDERR  ] 2018-11-10T15:35:29.206960580Z: [    9.545861] Serial: 8250/16550 driver, 4 ports, IRQ sharing disabled
[STDERR  ] 2018-11-10T15:35:29.206984213Z: [    9.571731] 00:04: ttyS0 at I/O 0x3f8 (irq = 4, base_baud = 115200) is a 16550A
[STDERR  ] 2018-11-10T15:35:29.207006736Z: [    9.586585] Non-volatile memory driver v1.3
[STDERR  ] 2018-11-10T15:35:29.207027684Z: [    9.597658] Hangcheck: starting hangcheck timer 0.9.1 (tick is 180 seconds, margin is 60 seconds).
[STDERR  ] 2018-11-10T15:35:29.207045738Z: [    9.605051] random: crng init done
[STDERR  ] 2018-11-10T15:35:29.207063476Z: [    9.691967] brd: module loaded
[STDERR  ] 2018-11-10T15:35:29.207081732Z: [    9.733469] loop: module loaded
[STDERR  ] 2018-11-10T15:35:29.207099911Z: [    9.809894] lpc_ich 0000:00:1f.0: I/O space for GPIO uninitialized
[STDERR  ] 2018-11-10T15:35:29.207117642Z: [    9.812808] VMware PVSCSI driver - version 1.0.7.0-k
[STDERR  ] 2018-11-10T15:35:29.207138734Z: [    9.813845] hv_vmbus: registering driver hv_storvsc
[STDERR  ] 2018-11-10T15:35:29.207165752Z: [    9.827653] ACPI: PCI Interrupt Link [GSIA] enabled at IRQ 16
[STDERR  ] 2018-11-10T15:35:29.207183994Z: [    9.837102] ahci 0000:00:1f.2: AHCI 0001.0000 32 slots 6 ports 1.5 Gbps 0x3f impl SATA mode
[STDERR  ] 2018-11-10T15:35:29.207202061Z: [    9.838463] ahci 0000:00:1f.2: flags: 64bit ncq only 
[STDERR  ] 2018-11-10T15:35:29.207219971Z: [    9.861457] scsi host0: ahci
[STDERR  ] 2018-11-10T15:35:29.207238032Z: [    9.866588] scsi host1: ahci
[STDERR  ] 2018-11-10T15:35:29.207255802Z: [    9.869445] scsi host2: ahci
[STDERR  ] 2018-11-10T15:35:29.207273769Z: [    9.872021] scsi host3: ahci
[STDERR  ] 2018-11-10T15:35:29.207291268Z: [    9.874898] scsi host4: ahci
[STDERR  ] 2018-11-10T15:35:29.207309046Z: [    9.878905] scsi host5: ahci
[STDERR  ] 2018-11-10T15:35:29.207326756Z: [    9.881018] ata1: SATA max UDMA/133 abar m4096@0xfebd2000 port 0xfebd2100 irq 24
[STDERR  ] 2018-11-10T15:35:29.207344629Z: [    9.881916] ata2: SATA max UDMA/133 abar m4096@0xfebd2000 port 0xfebd2180 irq 24
[STDERR  ] 2018-11-10T15:35:29.207369082Z: [    9.882761] ata3: SATA max UDMA/133 abar m4096@0xfebd2000 port 0xfebd2200 irq 24
[STDERR  ] 2018-11-10T15:35:29.207387161Z: [    9.883850] ata4: SATA max UDMA/133 abar m4096@0xfebd2000 port 0xfebd2280 irq 24
[STDERR  ] 2018-11-10T15:35:29.207405079Z: [    9.884671] ata5: SATA max UDMA/133 abar m4096@0xfebd2000 port 0xfebd2300 irq 24
[STDERR  ] 2018-11-10T15:35:29.207422679Z: [    9.885428] ata6: SATA max UDMA/133 abar m4096@0xfebd2000 port 0xfebd2380 irq 24
[STDERR  ] 2018-11-10T15:35:29.207440393Z: [    9.905546] tun: Universal TUN/TAP device driver, 1.6
[STDERR  ] 2018-11-10T15:35:29.207458310Z: [    9.919845] VMware vmxnet3 virtual NIC driver - version 1.4.a.0-k-NAPI
[STDERR  ] 2018-11-10T15:35:29.207477165Z: [    9.921386] hv_vmbus: registering driver hv_netvsc
[STDERR  ] 2018-11-10T15:35:29.207495764Z: [    9.921943] Fusion MPT base driver 3.04.20
[STDERR  ] 2018-11-10T15:35:29.207513643Z: [    9.922533] Copyright (c) 1999-2008 LSI Corporation
[STDERR  ] 2018-11-10T15:35:29.207531414Z: [    9.923976] Fusion MPT SPI Host driver 3.04.20
[STDERR  ] 2018-11-10T15:35:29.207548690Z: [    9.927678] i8042: PNP: PS/2 Controller [PNP0303:KBD,PNP0f13:MOU] at 0x60,0x64 irq 1,12
[STDERR  ] 2018-11-10T15:35:29.207566874Z: [    9.934028] serio: i8042 KBD port at 0x60,0x64 irq 1
[STDERR  ] 2018-11-10T15:35:29.207593362Z: [    9.935307] serio: i8042 AUX port at 0x60,0x64 irq 12
[STDERR  ] 2018-11-10T15:35:29.207611452Z: [    9.939654] hv_vmbus: registering driver hyperv_keyboard
[STDERR  ] 2018-11-10T15:35:29.207629088Z: [    9.942724] mousedev: PS/2 mouse device common for all mice
[STDERR  ] 2018-11-10T15:35:29.207647086Z: [    9.949537] input: PC Speaker as /devices/platform/pcspkr/input/input2
[STDERR  ] 2018-11-10T15:35:29.207664963Z: [    9.951605] input: AT Translated Set 2 keyboard as /devices/platform/i8042/serio0/input/input1
[STDERR  ] 2018-11-10T15:35:29.207683320Z: [    9.957050] rtc_cmos 00:00: RTC can wake from S4
[STDERR  ] 2018-11-10T15:35:29.207701152Z: [    9.963474] rtc_cmos 00:00: rtc core: registered rtc_cmos as rtc0
[STDERR  ] 2018-11-10T15:35:29.207719001Z: [    9.965029] rtc_cmos 00:00: alarms up to one day, y3k, 114 bytes nvram, hpet irqs
[STDERR  ] 2018-11-10T15:35:29.207744213Z: [    9.966342] i2c /dev entries driver
[STDERR  ] 2018-11-10T15:35:29.207761542Z: [    9.968702] device-mapper: ioctl: 4.37.0-ioctl (2017-09-20) initialised: dm-devel@redhat.com
[STDERR  ] 2018-11-10T15:35:29.207782273Z: [    9.975123] usbcore: registered new interface driver usbhid
[STDERR  ] 2018-11-10T15:35:29.207803791Z: [    9.975759] usbhid: USB HID core driver
[STDERR  ] 2018-11-10T15:35:29.207821453Z: [    9.976795] hv_utils: Registering HyperV Utility Driver
[STDERR  ] 2018-11-10T15:35:29.207839015Z: [    9.977407] hv_vmbus: registering driver hv_util
[STDERR  ] 2018-11-10T15:35:29.207856611Z: [    9.977836] hv_vmbus: registering driver hv_balloon
[STDERR  ] 2018-11-10T15:35:29.207874305Z: [    9.978593] oprofile: using NMI interrupt.
[STDERR  ] 2018-11-10T15:35:29.207896336Z: [    9.979902] GACT probability on
[STDERR  ] 2018-11-10T15:35:29.207914015Z: [    9.980700] Mirror/redirect action on
[STDERR  ] 2018-11-10T15:35:29.207931711Z: [    9.981454] Simple TC action Loaded
[STDERR  ] 2018-11-10T15:35:29.207949419Z: [    9.981959] u32 classifier
[STDERR  ] 2018-11-10T15:35:29.207967405Z: [    9.982415]     Performance counters on
[STDERR  ] 2018-11-10T15:35:29.207991563Z: [    9.982798]     input device check on
[STDERR  ] 2018-11-10T15:35:29.208011855Z: [    9.983178]     Actions configured
[STDERR  ] 2018-11-10T15:35:29.208032187Z: [    9.984042] Netfilter messages via NETLINK v0.30.
[STDERR  ] 2018-11-10T15:35:29.208052224Z: [    9.985026] nfnl_acct: registering with nfnetlink.
[STDERR  ] 2018-11-10T15:35:29.208069894Z: [    9.987036] nf_conntrack version 0.5.0 (8192 buckets, 32768 max)
[STDERR  ] 2018-11-10T15:35:29.208087645Z: [    9.990535] ctnetlink v0.93: registering with nfnetlink.
[STDERR  ] 2018-11-10T15:35:29.208105319Z: [    9.994743] nf_tables: (c) 2007-2009 Patrick McHardy <kaber@trash.net>
[STDERR  ] 2018-11-10T15:35:29.208126436Z: [    9.995857] nf_tables_compat: (c) 2012 Pablo Neira Ayuso <pablo@netfilter.org>
[STDERR  ] 2018-11-10T15:35:29.208144491Z: [    9.999526] xt_time: kernel timezone is -0000
[STDERR  ] 2018-11-10T15:35:29.208162209Z: [   10.000324] ip_set: protocol 6
[STDERR  ] 2018-11-10T15:35:29.208179749Z: [   10.001593] ipip: IPv4 and MPLS over IPv4 tunneling driver
[STDERR  ] 2018-11-10T15:35:29.208203311Z: [   10.007496] gre: GRE over IPv4 demultiplexor driver
[STDERR  ] 2018-11-10T15:35:29.208228269Z: [   10.011240] ip_tables: (C) 2000-2006 Netfilter Core Team
[STDERR  ] 2018-11-10T15:35:29.208245977Z: [   10.018376] arp_tables: arp_tables: (C) 2002 David S. Miller
[STDERR  ] 2018-11-10T15:35:29.208263809Z: [   10.021294] NET: Registered protocol family 10
[STDERR  ] 2018-11-10T15:35:29.208281503Z: [   10.035628] Segment Routing with IPv6
[STDERR  ] 2018-11-10T15:35:29.208299071Z: [   10.036894] ip6_tables: (C) 2000-2006 Netfilter Core Team
[STDERR  ] 2018-11-10T15:35:29.208317107Z: [   10.051257] NET: Registered protocol family 17
[STDERR  ] 2018-11-10T15:35:29.208334488Z: [   10.052726] Bridge firewalling registered
[STDERR  ] 2018-11-10T15:35:29.208352075Z: [   10.053914] 8021q: 802.1Q VLAN Support v1.8
[STDERR  ] 2018-11-10T15:35:29.208369739Z: [   10.056671] 9pnet: Installing 9P2000 support
[STDERR  ] 2018-11-10T15:35:29.208387625Z: [   10.059635] Key type dns_resolver registered
[STDERR  ] 2018-11-10T15:35:29.208405323Z: [   10.061673] sched_clock: Marking stable (10061157190, 0)->(10329130806, -267973616)
[STDERR  ] 2018-11-10T15:35:29.208423170Z: [   10.066946] registered taskstats version 1
[STDERR  ] 2018-11-10T15:35:29.208440700Z: [   10.202998] ata1: SATA link down (SStatus 0 SControl 300)
[STDERR  ] 2018-11-10T15:35:29.208458511Z: [   10.205579] ata6: SATA link down (SStatus 0 SControl 300)
[STDERR  ] 2018-11-10T15:35:29.208480422Z: [   10.206383] ata5: SATA link down (SStatus 0 SControl 300)
[STDERR  ] 2018-11-10T15:35:29.208498369Z: [   10.206944] ata4: SATA link down (SStatus 0 SControl 300)
[STDERR  ] 2018-11-10T15:35:29.208516214Z: [   10.207948] ata3: SATA link up 1.5 Gbps (SStatus 113 SControl 300)
[STDERR  ] 2018-11-10T15:35:29.208539494Z: [   10.211055] ata2: SATA link down (SStatus 0 SControl 300)
[STDERR  ] 2018-11-10T15:35:29.208557208Z: [   10.214552] ata3.00: ATAPI: QEMU DVD-ROM, 2.5+, max UDMA/100
[STDERR  ] 2018-11-10T15:35:29.208582436Z: [   10.215335] ata3.00: applying bridge limits
[STDERR  ] 2018-11-10T15:35:29.208600505Z: [   10.222940] ata3.00: configured for UDMA/100
[STDERR  ] 2018-11-10T15:35:29.208618087Z: [   10.250017] scsi 2:0:0:0: CD-ROM            QEMU     QEMU DVD-ROM     2.5+ PQ: 0 ANSI: 5
[STDERR  ] 2018-11-10T15:35:29.208635625Z: [   10.296249] sr 2:0:0:0: [sr0] scsi3-mmc drive: 4x/4x cd/rw xa/form2 tray
[STDERR  ] 2018-11-10T15:35:29.208656280Z: [   10.296971] cdrom: Uniform CD-ROM driver Revision: 3.20
[STDERR  ] 2018-11-10T15:35:29.208673876Z: [   10.316791] sr 2:0:0:0: Attached scsi generic sg0 type 5
[STDERR  ] 2018-11-10T15:35:29.208695913Z: [   10.336687] tsc: Refined TSC clocksource calibration: 2599.760 MHz
[STDERR  ] 2018-11-10T15:35:29.208713616Z: [   10.337630] clocksource: tsc: mask: 0xffffffffffffffff max_cycles: 0x2579598d9a4, max_idle_ns: 440795314135 ns
[STDERR  ] 2018-11-10T15:35:29.208731482Z: [   10.495960] Key type big_key registered
[STDERR  ] 2018-11-10T15:35:29.208755737Z: [   10.621977] Key type trusted registered
[STDERR  ] 2018-11-10T15:35:29.208773543Z: [   10.752955] Key type encrypted registered
[STDERR  ] 2018-11-10T15:35:29.208791611Z: [   10.754253] ima: No TPM chip found, activating TPM-bypass! (rc=-19)
[STDERR  ] 2018-11-10T15:35:29.208809787Z: [   10.754895] ima: Allocated hash algorithm: sha256
[STDERR  ] 2018-11-10T15:35:29.208827543Z: [   10.759830] evm: HMAC attrs: 0x1
[STDERR  ] 2018-11-10T15:35:29.208845662Z: [   10.766638] rtc_cmos 00:00: setting system clock to 2018-11-10 15:34:58 UTC (1541864098)
[STDERR  ] 2018-11-10T15:35:29.208863286Z: [   10.955347] Freeing unused kernel memory: 1508K
[STDERR  ] 2018-11-10T15:35:29.208881090Z: [   10.956606] Write protecting the kernel read-only data: 18432k
[STDERR  ] 2018-11-10T15:35:29.208898937Z: [   10.977688] Freeing unused kernel memory: 2024K
[STDERR  ] 2018-11-10T15:35:29.208916354Z: [   11.093616] Freeing unused kernel memory: 1128K
[STDERR  ] 2018-11-10T15:35:29.208933746Z: [   11.348490] clocksource: Switched to clocksource tsc
[STDERR  ] 2018-11-10T15:35:29.208951352Z: 
[STDERR  ] 2018-11-10T15:35:29.208969488Z: Welcome to LinuxKit
[STDERR  ] 2018-11-10T15:35:29.208992773Z: 
[STDERR  ] 2018-11-10T15:35:29.209010453Z:                         ##         .
[STDERR  ] 2018-11-10T15:35:29.209031069Z:                   ## ## ##        ==
[STDERR  ] 2018-11-10T15:35:29.209048904Z:                ## ## ## ## ##    ===
[STDERR  ] 2018-11-10T15:35:29.209066606Z:            /"""""""""""""""""\___/ ===
[STDERR  ] 2018-11-10T15:35:29.209084894Z:           {                       /  ===-
[STDERR  ] 2018-11-10T15:35:29.209102322Z:            \______ O           __/
[STDERR  ] 2018-11-10T15:35:29.209120030Z:              \    \         __/
[STDERR  ] 2018-11-10T15:35:29.209137572Z:               \____\_______/
[STDERR  ] 2018-11-10T15:35:29.209155056Z: 
[STDERR  ] 2018-11-10T15:35:29.209173090Z: [   35.728490] hello_world: loading out-of-tree module taints kernel.
[STDERR  ] 2018-11-10T15:35:29.209190928Z: [   35.740471] Hello LinuxKit
[STDERR  ] 2018-11-10T15:35:29.209208753Z: [   35.926420] Goodbye LinuxKit.
[STDERR  ] 2018-11-10T15:35:29.209226445Z: Linux linuxkit-5eec3bf126e0 4.14.79-linuxkit #1 SMP Sat Nov 10 11:07:35 UTC 2018 x86_64 Linux
[STDERR  ] 2018-11-10T15:35:29.209244432Z: filename:       hello_world.ko
[STDERR  ] 2018-11-10T15:35:29.209262319Z: author:         Rolf Neugebauer <rolf.neugebauer@docker.com>
[STDERR  ] 2018-11-10T15:35:29.209280231Z: description:    A simple Hello World kernel module for testing
[STDERR  ] 2018-11-10T15:35:29.209297988Z: license:        GPL
[STDERR  ] 2018-11-10T15:35:29.209318389Z: depends:        
[STDERR  ] 2018-11-10T15:35:29.209336169Z: vermagic:       4.14.79-linuxkit SMP mod_unload modversions RANDSTRUCT_PLUGIN_5750448b077562f623bcc5357fedb2ede5256c069985adf4aeb6b530f3ae7e0e
[STDERR  ] 2018-11-10T15:35:29.209360362Z: Kernel module test suite PASSED
[STDERR  ] 2018-11-10T15:35:29.209378172Z: [   41.219666] ACPI: Preparing to enter system sleep state S5
[STDERR  ] 2018-11-10T15:35:29.209396009Z: [   41.221944] reboot: Power down
[STDERR  ] 2018-11-10T15:35:29.209413790Z: + exit 0
[STDERR  ] 2018-11-10T15:35:29.209434666Z: + clean_up
[STDERR  ] 2018-11-10T15:35:29.209452414Z: + docker rmi kmod-test
[STDOUT  ] 2018-11-10T15:35:29.235137752Z: Untagged: kmod-test:latest
[STDOUT  ] 2018-11-10T15:35:29.235223307Z: Deleted: sha256:a256bfb53076137ae1c7eba1557ed08b54958e31f119a1fa571a705f7596b79b
[STDOUT  ] 2018-11-10T15:35:29.235243377Z: Deleted: sha256:b22b21c59758c1620fdfb9208dc9aaa1269435a902e8b4ff881a0819948cb2be
[STDOUT  ] 2018-11-10T15:35:29.235260397Z: Deleted: sha256:62043262d99d228312e463c30ff14d6046432173d81ea457646980f1aaa7b41b
[STDOUT  ] 2018-11-10T15:35:29.235298475Z: Deleted: sha256:de170b29c31e82bad77f970e8b981069c3933eeac9f5417129b3cb546bc4e4cc
[STDOUT  ] 2018-11-10T15:35:29.235313530Z: Deleted: sha256:dcc11683f813b3ea257f9856045a69b0cc3a5705350ac7d28aee8bc170879ba2
[STDERR  ] 2018-11-10T15:35:29.236840737Z: + rm -rf kmod-cmdline kmod-initrd.img kmod-kernel kmod-state
[PASS    ] linuxkit.kernel.kmod_4.14.x 79.51s
