[INFO    ] 2018-04-25T10:05:40.618414703Z: Running Test linuxkit.kernel.kmod_4.4.x in /tmp/build/test/cases/020_kernel/010_kmod_4.4.x
[INFO    ] 2018-04-25T10:05:40.618524404Z: Running command: [/bin/sh -x /tmp/build/test/cases/020_kernel/010_kmod_4.4.x/test.sh]
[STDERR  ] 2018-04-25T10:05:40.619243655Z: + set -e
[STDERR  ] 2018-04-25T10:05:40.619301066Z: + . /tmp/build/test/cases/_lib/lib.sh
[STDERR  ] 2018-04-25T10:05:40.619320897Z: + [ -f src/github.com/linuxkit/rtf/lib/lib.sh ]
[STDERR  ] 2018-04-25T10:05:40.619334222Z: + LINUXKIT_TMPDIR=/tmp/build/test/cases/_tmp
[STDERR  ] 2018-04-25T10:05:40.619367829Z: + [ -f /tmp/build/test/cases/_tmp/env.sh ]
[STDERR  ] 2018-04-25T10:05:40.619381805Z: + . /tmp/build/test/cases/_tmp/env.sh
[STDERR  ] 2018-04-25T10:05:40.619396654Z: + export LINUXKIT_EXAMPLES_DIR=/tmp/build/test/cases/../../examples
[STDERR  ] 2018-04-25T10:05:40.619410482Z: + RT_CANCEL=253
[STDERR  ] 2018-04-25T10:05:40.619433165Z: + NAME=kmod
[STDERR  ] 2018-04-25T10:05:40.619447514Z: + IMAGE_NAME=kmod-test
[STDERR  ] 2018-04-25T10:05:40.619460446Z: + trap clean_up EXIT
[STDERR  ] 2018-04-25T10:05:40.619472274Z: + docker pull linuxkit/kernel:4.4.128
[STDOUT  ] 2018-04-25T10:05:41.828188917Z: 4.4.128: Pulling from linuxkit/kernel
[STDOUT  ] 2018-04-25T10:05:42.239685305Z: Digest: sha256:4e1a86794556a59367386d8fecd098f1f6873252b0cb0957bcaaf112c95e0165
[STDOUT  ] 2018-04-25T10:05:42.246009234Z: Status: Downloaded newer image for linuxkit/kernel:4.4.128
[STDERR  ] 2018-04-25T10:05:42.247355871Z: + docker build -t kmod-test .
[STDOUT  ] 2018-04-25T10:05:42.320582675Z: Sending build context to Docker daemon  8.704kB
[STDOUT  ] 2018-04-25T10:05:42.451090303Z: Step 1/12 : FROM linuxkit/kernel:4.4.128 AS ksrc
[STDOUT  ] 2018-04-25T10:05:42.497554494Z:  ---> 21d5be97266e
[STDOUT  ] 2018-04-25T10:05:42.497624345Z: Step 2/12 : FROM linuxkit/alpine:f3cd219615428b2bd943411723eb28875275fae7 AS build
[STDOUT  ] 2018-04-25T10:05:43.644841835Z: f3cd219615428b2bd943411723eb28875275fae7: Pulling from linuxkit/alpine
[STDOUT  ] 2018-04-25T10:05:44.048785693Z: ff3a5c916c92: Already exists
[STDOUT  ] 2018-04-25T10:05:44.055571427Z: f5fbb85e70cf: Already exists
[STDOUT  ] 2018-04-25T10:05:44.062170198Z: 2eea487b75da: Already exists
[STDOUT  ] 2018-04-25T10:05:44.068084699Z: b4ec3b7d524b: Already exists
[STDOUT  ] 2018-04-25T10:05:44.073663316Z: 74c1f6be2307: Already exists
[STDOUT  ] 2018-04-25T10:05:44.090244377Z: 6f81ea89410f: Already exists
[STDOUT  ] 2018-04-25T10:05:44.099100982Z: 04c41dec1ff3: Already exists
[STDOUT  ] 2018-04-25T10:05:44.106518667Z: 691cede15e24: Already exists
[STDOUT  ] 2018-04-25T10:05:44.113086057Z: eaeddc7e05b1: Already exists
[STDOUT  ] 2018-04-25T10:05:44.119771724Z: 667d3662d747: Already exists
[STDOUT  ] 2018-04-25T10:05:44.486890941Z: Digest: sha256:bd0f5c7b1c87a55ca0f3ca4e360214ce740cc2b3fa94eed7fd0b87be55d40765
[STDOUT  ] 2018-04-25T10:05:44.495556319Z: Status: Downloaded newer image for linuxkit/alpine:f3cd219615428b2bd943411723eb28875275fae7
[STDOUT  ] 2018-04-25T10:05:44.496365604Z:  ---> 9577d6001cc2
[STDOUT  ] 2018-04-25T10:05:44.496412218Z: Step 3/12 : RUN apk add build-base libelf-dev
[STDOUT  ] 2018-04-25T10:05:44.582255079Z:  ---> Running in ef11230f2d68
[STDOUT  ] 2018-04-25T10:05:45.055524393Z: (1/20) Installing binutils-libs (2.28-r3)
[STDOUT  ] 2018-04-25T10:05:45.122125663Z: (2/20) Installing binutils (2.28-r3)
[STDOUT  ] 2018-04-25T10:05:45.282917929Z: (3/20) Installing gmp (6.1.2-r1)
[STDOUT  ] 2018-04-25T10:05:45.369516752Z: (4/20) Installing isl (0.18-r0)
[STDOUT  ] 2018-04-25T10:05:45.385634130Z: (5/20) Installing libgomp (6.4.0-r5)
[STDOUT  ] 2018-04-25T10:05:45.387901670Z: (6/20) Installing libatomic (6.4.0-r5)
[STDOUT  ] 2018-04-25T10:05:45.388493468Z: (7/20) Installing pkgconf (1.3.10-r0)
[STDOUT  ] 2018-04-25T10:05:45.390427495Z: (8/20) Installing libgcc (6.4.0-r5)
[STDOUT  ] 2018-04-25T10:05:45.391652970Z: (9/20) Installing mpfr3 (3.1.5-r1)
[STDOUT  ] 2018-04-25T10:05:45.395867976Z: (10/20) Installing mpc1 (1.0.3-r1)
[STDOUT  ] 2018-04-25T10:05:45.397452295Z: (11/20) Installing libstdc++ (6.4.0-r5)
[STDOUT  ] 2018-04-25T10:05:45.409684994Z: (12/20) Installing gcc (6.4.0-r5)
[STDOUT  ] 2018-04-25T10:05:46.464175593Z: (13/20) Installing musl-dev (1.1.18-r3)
[STDOUT  ] 2018-04-25T10:05:46.538280999Z: (14/20) Installing libc-dev (0.7.1-r0)
[STDOUT  ] 2018-04-25T10:05:46.538614124Z: (15/20) Installing g++ (6.4.0-r5)
[STDOUT  ] 2018-04-25T10:05:47.321302843Z: (16/20) Installing make (4.2.1-r0)
[STDOUT  ] 2018-04-25T10:05:47.325370162Z: (17/20) Installing fortify-headers (0.9-r0)
[STDOUT  ] 2018-04-25T10:05:47.328527145Z: (18/20) Installing build-base (0.5-r0)
[STDOUT  ] 2018-04-25T10:05:47.353471989Z: (19/20) Installing libelf (0.8.13-r3)
[STDOUT  ] 2018-04-25T10:05:47.354782166Z: (20/20) Installing libelf-dev (0.8.13-r3)
[STDOUT  ] 2018-04-25T10:05:47.360028948Z: Executing busybox-1.27.2-r8.trigger
[STDOUT  ] 2018-04-25T10:05:47.368825640Z: OK: 159 MiB in 31 packages
[STDOUT  ] 2018-04-25T10:05:50.040563411Z:  ---> ef61a8809adf
[STDOUT  ] 2018-04-25T10:05:50.169492716Z: Removing intermediate container ef11230f2d68
[STDOUT  ] 2018-04-25T10:05:50.169561212Z: Step 4/12 : COPY --from=ksrc /kernel-dev.tar /
[STDOUT  ] 2018-04-25T10:05:51.540591537Z:  ---> 8232bb9a1885
[STDOUT  ] 2018-04-25T10:05:51.560826263Z: Removing intermediate container 2f0729d47437
[STDOUT  ] 2018-04-25T10:05:51.560885807Z: Step 5/12 : RUN tar xf kernel-dev.tar
[STDOUT  ] 2018-04-25T10:05:51.639142643Z:  ---> Running in 6bb6dad64f08
[STDOUT  ] 2018-04-25T10:05:57.777374981Z:  ---> c0dcbda4e04e
[STDOUT  ] 2018-04-25T10:05:58.171934465Z: Removing intermediate container 6bb6dad64f08
[STDOUT  ] 2018-04-25T10:05:58.172006959Z: Step 6/12 : WORKDIR /kmod
[STDOUT  ] 2018-04-25T10:05:58.476881763Z:  ---> 0d71195c5e50
[STDOUT  ] 2018-04-25T10:05:58.484740198Z: Removing intermediate container e212f8c66ef8
[STDOUT  ] 2018-04-25T10:05:58.484787470Z: Step 7/12 : COPY ./src/* ./
[STDOUT  ] 2018-04-25T10:05:59.007384443Z:  ---> 01313af3179b
[STDOUT  ] 2018-04-25T10:05:59.017333563Z: Removing intermediate container 60e05129ee21
[STDOUT  ] 2018-04-25T10:05:59.017384354Z: Step 8/12 : RUN make all
[STDOUT  ] 2018-04-25T10:05:59.118819583Z:  ---> Running in 3af56066ee31
[STDOUT  ] 2018-04-25T10:05:59.462066052Z: make -C /usr/src/linux-headers-4.4.128-linuxkit M=/kmod modules
[STDOUT  ] 2018-04-25T10:05:59.463718235Z: make[1]: Entering directory '/usr/src/linux-headers-4.4.128-linuxkit'
[STDOUT  ] 2018-04-25T10:06:00.380256454Z:   CC [M]  /kmod/hello_world.o
[STDOUT  ] 2018-04-25T10:06:00.624552461Z:   Building modules, stage 2.
[STDOUT  ] 2018-04-25T10:06:00.634957409Z:   MODPOST 1 modules
[STDOUT  ] 2018-04-25T10:06:00.650385599Z:   CC      /kmod/hello_world.mod.o
[STDOUT  ] 2018-04-25T10:06:00.876091671Z:   LD [M]  /kmod/hello_world.ko
[STDOUT  ] 2018-04-25T10:06:00.879360559Z: make[1]: Leaving directory '/usr/src/linux-headers-4.4.128-linuxkit'
[STDOUT  ] 2018-04-25T10:06:01.343816421Z:  ---> 1ef84e4a9d46
[STDOUT  ] 2018-04-25T10:06:01.352466157Z: Removing intermediate container 3af56066ee31
[STDOUT  ] 2018-04-25T10:06:01.352528084Z: Step 9/12 : FROM alpine:3.7
[STDOUT  ] 2018-04-25T10:06:01.352826163Z:  ---> 3fd9065eaf02
[STDOUT  ] 2018-04-25T10:06:01.352882020Z: Step 10/12 : COPY --from=build /kmod/hello_world.ko /
[STDOUT  ] 2018-04-25T10:06:01.758744239Z:  ---> 3b253d0e6ab2
[STDOUT  ] 2018-04-25T10:06:01.767330305Z: Removing intermediate container a7c09eb4ec4d
[STDOUT  ] 2018-04-25T10:06:01.767384146Z: Step 11/12 : COPY check.sh /check.sh
[STDOUT  ] 2018-04-25T10:06:02.220697497Z:  ---> 1e49ed43291e
[STDOUT  ] 2018-04-25T10:06:02.228687718Z: Removing intermediate container 064b4ae352f0
[STDOUT  ] 2018-04-25T10:06:02.228744752Z: Step 12/12 : ENTRYPOINT /bin/sh /check.sh
[STDOUT  ] 2018-04-25T10:06:02.337440034Z:  ---> Running in de4c25a22c15
[STDOUT  ] 2018-04-25T10:06:02.494630871Z:  ---> 9de0bc7cc292
[STDOUT  ] 2018-04-25T10:06:02.503109244Z: Removing intermediate container de4c25a22c15
[STDOUT  ] 2018-04-25T10:06:02.503167571Z: Successfully built 9de0bc7cc292
[STDOUT  ] 2018-04-25T10:06:02.508725188Z: Successfully tagged kmod-test:latest
[STDERR  ] 2018-04-25T10:06:02.548307095Z: + linuxkit build -format kernel+initrd -name kmod test.yml
[STDERR  ] 2018-04-25T10:06:02.582496536Z: Extract kernel image: linuxkit/kernel:4.4.128
[STDERR  ] 2018-04-25T10:06:04.319387439Z: Add init containers:
[STDERR  ] 2018-04-25T10:06:04.319448609Z: Process init image: linuxkit/init:11929b0007b87384f7372e9265067479c4616586
[STDERR  ] 2018-04-25T10:06:05.571312651Z: Process init image: linuxkit/runc:acba8886e4b1318457c711700f695a02fef9493d
[STDERR  ] 2018-04-25T10:06:06.778614291Z: Add onboot containers:
[STDERR  ] 2018-04-25T10:06:06.778682832Z:   Create OCI config for kmod-test
[STDERR  ] 2018-04-25T10:06:06.935814371Z:   Create OCI config for linuxkit/poweroff:5740687bf0a6a0480922c0f59b3a4ca77c866cae
[STDERR  ] 2018-04-25T10:06:08.153325200Z: Create outputs:
[STDERR  ] 2018-04-25T10:06:13.332973413Z:   kmod-kernel kmod-initrd.img kmod-cmdline
[STDERR  ] 2018-04-25T10:06:13.406768734Z: + linuxkit run kmod
[STDERR  ] 2018-04-25T10:06:13.435774346Z: Unable to find qemu-system-x86_64 within the $PATH. Using a container
[STDERR  ] 2018-04-25T10:06:23.088252519Z: + RESULT=[    0.000000] Initializing cgroup subsys cpuset
[STDERR  ] 2018-04-25T10:06:23.088335406Z: [    0.000000] Initializing cgroup subsys cpu
[STDERR  ] 2018-04-25T10:06:23.088352404Z: [    0.000000] Initializing cgroup subsys cpuacct
[STDERR  ] 2018-04-25T10:06:23.088368749Z: [    0.000000] Linux version 4.4.128-linuxkit (root@5ad5594f6c2e) (gcc version 6.4.0 (Alpine 6.4.0) ) #1 SMP Mon Apr 23 11:36:18 UTC 2018
[STDERR  ] 2018-04-25T10:06:23.088385473Z: [    0.000000] Command line: console=ttyS0 console=ttyAMA0
[STDERR  ] 2018-04-25T10:06:23.088398540Z: [    0.000000] x86/fpu: Legacy x87 FPU detected.
[STDERR  ] 2018-04-25T10:06:23.088413515Z: [    0.000000] x86/fpu: Using 'lazy' FPU context switches.
[STDERR  ] 2018-04-25T10:06:23.088429205Z: [    0.000000] e820: BIOS-provided physical RAM map:
[STDERR  ] 2018-04-25T10:06:23.088472618Z: [    0.000000] BIOS-e820: [mem 0x0000000000000000-0x000000000009fbff] usable
[STDERR  ] 2018-04-25T10:06:23.088492323Z: [    0.000000] BIOS-e820: [mem 0x000000000009fc00-0x000000000009ffff] reserved
[STDERR  ] 2018-04-25T10:06:23.088505938Z: [    0.000000] BIOS-e820: [mem 0x00000000000f0000-0x00000000000fffff] reserved
[STDERR  ] 2018-04-25T10:06:23.088520848Z: [    0.000000] BIOS-e820: [mem 0x0000000000100000-0x000000003ffdefff] usable
[STDERR  ] 2018-04-25T10:06:23.088535041Z: [    0.000000] BIOS-e820: [mem 0x000000003ffdf000-0x000000003fffffff] reserved
[STDERR  ] 2018-04-25T10:06:23.088556099Z: [    0.000000] BIOS-e820: [mem 0x00000000b0000000-0x00000000bfffffff] reserved
[STDERR  ] 2018-04-25T10:06:23.088569846Z: [    0.000000] BIOS-e820: [mem 0x00000000fed1c000-0x00000000fed1ffff] reserved
[STDERR  ] 2018-04-25T10:06:23.088582504Z: [    0.000000] BIOS-e820: [mem 0x00000000feffc000-0x00000000feffffff] reserved
[STDERR  ] 2018-04-25T10:06:23.088596547Z: [    0.000000] BIOS-e820: [mem 0x00000000fffc0000-0x00000000ffffffff] reserved
[STDERR  ] 2018-04-25T10:06:23.088674092Z: [    0.000000] NX (Execute Disable) protection: active
[STDERR  ] 2018-04-25T10:06:23.088692011Z: [    0.000000] SMBIOS 2.8 present.
[STDERR  ] 2018-04-25T10:06:23.088706382Z: [    0.000000] Hypervisor detected: KVM
[STDERR  ] 2018-04-25T10:06:23.088721175Z: [    0.000000] e820: last_pfn = 0x3ffdf max_arch_pfn = 0x400000000
[STDERR  ] 2018-04-25T10:06:23.088735263Z: [    0.000000] x86/PAT: PAT not supported by CPU.
[STDERR  ] 2018-04-25T10:06:23.088766642Z: [    0.000000] x86/PAT: Configuration [0-7]: WB  WT  UC- UC  WB  WT  UC- UC  
[STDERR  ] 2018-04-25T10:06:23.088780642Z: [    0.000000] found SMP MP-table at [mem 0x000f6aa0-0x000f6aaf] mapped at [ffff8800000f6aa0]
[STDERR  ] 2018-04-25T10:06:23.088795608Z: [    0.000000] RAMDISK: [mem 0x3e8ed000-0x3ffcffff]
[STDERR  ] 2018-04-25T10:06:23.088812934Z: [    0.000000] ACPI: Early table checksum verification disabled
[STDERR  ] 2018-04-25T10:06:23.088829924Z: [    0.000000] ACPI: RSDP 0x00000000000F68B0 000014 (v00 BOCHS )
[STDERR  ] 2018-04-25T10:06:23.088843341Z: [    0.000000] ACPI: RSDT 0x000000003FFE20A8 000034 (v01 BOCHS  BXPCRSDT 00000001 BXPC 00000001)
[STDERR  ] 2018-04-25T10:06:23.088862988Z: [    0.000000] ACPI: FACP 0x000000003FFE1EC8 0000F4 (v03 BOCHS  BXPCFACP 00000001 BXPC 00000001)
[STDERR  ] 2018-04-25T10:06:23.088876292Z: [    0.000000] ACPI: DSDT 0x000000003FFE0040 001E88 (v01 BOCHS  BXPCDSDT 00000001 BXPC 00000001)
[STDERR  ] 2018-04-25T10:06:23.088888932Z: [    0.000000] ACPI: FACS 0x000000003FFE0000 000040
[STDERR  ] 2018-04-25T10:06:23.088901893Z: [    0.000000] ACPI: APIC 0x000000003FFE1FBC 000078 (v01 BOCHS  BXPCAPIC 00000001 BXPC 00000001)
[STDERR  ] 2018-04-25T10:06:23.088917700Z: [    0.000000] ACPI: HPET 0x000000003FFE2034 000038 (v01 BOCHS  BXPCHPET 00000001 BXPC 00000001)
[STDERR  ] 2018-04-25T10:06:23.088930275Z: [    0.000000] ACPI: MCFG 0x000000003FFE206C 00003C (v01 BOCHS  BXPCMCFG 00000001 BXPC 00000001)
[STDERR  ] 2018-04-25T10:06:23.088942972Z: [    0.000000] kvm-clock: Using msrs 4b564d01 and 4b564d00
[STDERR  ] 2018-04-25T10:06:23.088955637Z: [    0.000000] kvm-clock: cpu 0, msr 0:3ffdd001, primary cpu clock
[STDERR  ] 2018-04-25T10:06:23.088969486Z: [    0.000000] clocksource: kvm-clock: mask: 0xffffffffffffffff max_cycles: 0x1cd42e4dffb, max_idle_ns: 881590591483 ns
[STDERR  ] 2018-04-25T10:06:23.088984171Z: [    0.000000] Zone ranges:
[STDERR  ] 2018-04-25T10:06:23.088998372Z: [    0.000000]   DMA      [mem 0x0000000000001000-0x0000000000ffffff]
[STDERR  ] 2018-04-25T10:06:23.089011696Z: [    0.000000]   DMA32    [mem 0x0000000001000000-0x000000003ffdefff]
[STDERR  ] 2018-04-25T10:06:23.089024823Z: [    0.000000]   Normal   empty
[STDERR  ] 2018-04-25T10:06:23.089041977Z: [    0.000000] Movable zone start for each node
[STDERR  ] 2018-04-25T10:06:23.089055817Z: [    0.000000] Early memory node ranges
[STDERR  ] 2018-04-25T10:06:23.089070364Z: [    0.000000]   node   0: [mem 0x0000000000001000-0x000000000009efff]
[STDERR  ] 2018-04-25T10:06:23.089105486Z: [    0.000000]   node   0: [mem 0x0000000000100000-0x000000003ffdefff]
[STDERR  ] 2018-04-25T10:06:23.089119281Z: [    0.000000] Initmem setup node 0 [mem 0x0000000000001000-0x000000003ffdefff]
[STDERR  ] 2018-04-25T10:06:23.089132663Z: [    0.000000] ACPI: PM-Timer IO Port: 0x608
[STDERR  ] 2018-04-25T10:06:23.089145806Z: [    0.000000] ACPI: LAPIC_NMI (acpi_id[0xff] dfl dfl lint[0x1])
[STDERR  ] 2018-04-25T10:06:23.089158827Z: [    0.000000] IOAPIC[0]: apic_id 0, version 17, address 0xfec00000, GSI 0-23
[STDERR  ] 2018-04-25T10:06:23.089174946Z: [    0.000000] ACPI: INT_SRC_OVR (bus 0 bus_irq 0 global_irq 2 dfl dfl)
[STDERR  ] 2018-04-25T10:06:23.089188800Z: [    0.000000] ACPI: INT_SRC_OVR (bus 0 bus_irq 5 global_irq 5 high level)
[STDERR  ] 2018-04-25T10:06:23.089202242Z: [    0.000000] ACPI: INT_SRC_OVR (bus 0 bus_irq 9 global_irq 9 high level)
[STDERR  ] 2018-04-25T10:06:23.089216331Z: [    0.000000] ACPI: INT_SRC_OVR (bus 0 bus_irq 10 global_irq 10 high level)
[STDERR  ] 2018-04-25T10:06:23.089230153Z: [    0.000000] ACPI: INT_SRC_OVR (bus 0 bus_irq 11 global_irq 11 high level)
[STDERR  ] 2018-04-25T10:06:23.089244368Z: [    0.000000] Using ACPI (MADT) for SMP configuration information
[STDERR  ] 2018-04-25T10:06:23.089259313Z: [    0.000000] ACPI: HPET id: 0x8086a201 base: 0xfed00000
[STDERR  ] 2018-04-25T10:06:23.089273670Z: [    0.000000] smpboot: Allowing 1 CPUs, 0 hotplug CPUs
[STDERR  ] 2018-04-25T10:06:23.089287212Z: [    0.000000] e820: [mem 0x40000000-0xafffffff] available for PCI devices
[STDERR  ] 2018-04-25T10:06:23.089307159Z: [    0.000000] Booting paravirtualized kernel on KVM
[STDERR  ] 2018-04-25T10:06:23.089321038Z: [    0.000000] clocksource: refined-jiffies: mask: 0xffffffff max_cycles: 0xffffffff, max_idle_ns: 19112604462750000 ns
[STDERR  ] 2018-04-25T10:06:23.089335343Z: [    0.000000] setup_percpu: NR_CPUS:128 nr_cpumask_bits:128 nr_cpu_ids:1 nr_node_ids:1
[STDERR  ] 2018-04-25T10:06:23.089348564Z: [    0.000000] PERCPU: Embedded 33 pages/cpu @ffff88003e600000 s97048 r8192 d29928 u2097152
[STDERR  ] 2018-04-25T10:06:23.089361761Z: [    0.000000] KVM setup async PF for cpu 0
[STDERR  ] 2018-04-25T10:06:23.089383083Z: [    0.000000] kvm-stealtime: cpu 0, msr 3e60fdc0
[STDERR  ] 2018-04-25T10:06:23.089399757Z: [    0.000000] Built 1 zonelists in Zone order, mobility grouping on.  Total pages: 257895
[STDERR  ] 2018-04-25T10:06:23.089413340Z: [    0.000000] Kernel command line: console=ttyS0 console=ttyAMA0
[STDERR  ] 2018-04-25T10:06:23.089426830Z: [    0.000000] PID hash table entries: 4096 (order: 3, 32768 bytes)
[STDERR  ] 2018-04-25T10:06:23.089441176Z: [    0.000000] Dentry cache hash table entries: 131072 (order: 8, 1048576 bytes)
[STDERR  ] 2018-04-25T10:06:23.089454669Z: [    0.000000] Inode-cache hash table entries: 65536 (order: 7, 524288 bytes)
[STDERR  ] 2018-04-25T10:06:23.089468267Z: [    0.000000] Memory: 990592K/1048052K available (7642K kernel code, 1279K rwdata, 2704K rodata, 1320K init, 688K bss, 57460K reserved, 0K cma-reserved)
[STDERR  ] 2018-04-25T10:06:23.089482718Z: [    0.000000] Kernel/User page tables isolation: enabled
[STDERR  ] 2018-04-25T10:06:23.089496678Z: [    0.000000] Hierarchical RCU implementation.
[STDERR  ] 2018-04-25T10:06:23.089510138Z: [    0.000000] 	Build-time adjustment of leaf fanout to 64.
[STDERR  ] 2018-04-25T10:06:23.089525627Z: [    0.000000] 	RCU restricting CPUs from NR_CPUS=128 to nr_cpu_ids=1.
[STDERR  ] 2018-04-25T10:06:23.089538924Z: [    0.000000] RCU: Adjusting geometry for rcu_fanout_leaf=64, nr_cpu_ids=1
[STDERR  ] 2018-04-25T10:06:23.089554133Z: [    0.000000] NR_IRQS:8448 nr_irqs:256 16
[STDERR  ] 2018-04-25T10:06:23.089567595Z: [    0.000000] Console: colour VGA+ 80x25
[STDERR  ] 2018-04-25T10:06:23.089581007Z: [    0.000000] console [ttyS0] enabled
[STDERR  ] 2018-04-25T10:06:23.089594294Z: [    0.000000] clocksource: hpet: mask: 0xffffffff max_cycles: 0xffffffff, max_idle_ns: 19112604467 ns
[STDERR  ] 2018-04-25T10:06:23.089616261Z: [    0.000000] tsc: Detected 2299.908 MHz processor
[STDERR  ] 2018-04-25T10:06:23.089628640Z: [    0.020000] Calibrating delay loop (skipped) preset value.. 4599.81 BogoMIPS (lpj=22999080)
[STDERR  ] 2018-04-25T10:06:23.089646268Z: [    0.020000] pid_max: default: 32768 minimum: 301
[STDERR  ] 2018-04-25T10:06:23.089662548Z: [    0.020054] ACPI: Core revision 20150930
[STDERR  ] 2018-04-25T10:06:23.089675890Z: [    0.023929] ACPI: 1 ACPI AML tables successfully acquired and loaded
[STDERR  ] 2018-04-25T10:06:23.089690353Z: [    0.030331] Security Framework initialized
[STDERR  ] 2018-04-25T10:06:23.089702815Z: [    0.033507] Yama: becoming mindful.
[STDERR  ] 2018-04-25T10:06:23.089715615Z: [    0.036266] Mount-cache hash table entries: 2048 (order: 2, 16384 bytes)
[STDERR  ] 2018-04-25T10:06:23.089728325Z: [    0.040037] Mountpoint-cache hash table entries: 2048 (order: 2, 16384 bytes)
[STDERR  ] 2018-04-25T10:06:23.089740824Z: [    0.050198] Initializing cgroup subsys io
[STDERR  ] 2018-04-25T10:06:23.089753039Z: [    0.053484] Initializing cgroup subsys memory
[STDERR  ] 2018-04-25T10:06:23.089766380Z: [    0.057022] Initializing cgroup subsys devices
[STDERR  ] 2018-04-25T10:06:23.089781462Z: [    0.060036] Initializing cgroup subsys freezer
[STDERR  ] 2018-04-25T10:06:23.089794117Z: [    0.063512] Initializing cgroup subsys net_cls
[STDERR  ] 2018-04-25T10:06:23.089806394Z: [    0.067016] Initializing cgroup subsys perf_event
[STDERR  ] 2018-04-25T10:06:23.089818956Z: [    0.070040] Initializing cgroup subsys net_prio
[STDERR  ] 2018-04-25T10:06:23.089837876Z: [    0.073672] Initializing cgroup subsys hugetlb
[STDERR  ] 2018-04-25T10:06:23.089850719Z: [    0.077290] Initializing cgroup subsys pids
[STDERR  ] 2018-04-25T10:06:23.089886716Z: [    0.081081] CPU: Physical Processor ID: 0
[STDERR  ] 2018-04-25T10:06:23.089899675Z: [    0.084592] Last level iTLB entries: 4KB 0, 2MB 0, 4MB 0
[STDERR  ] 2018-04-25T10:06:23.089912252Z: [    0.090033] Last level dTLB entries: 4KB 0, 2MB 0, 4MB 0, 1GB 0
[STDERR  ] 2018-04-25T10:06:23.089928290Z: [    0.094920] Spectre V2 : Vulnerable: Minimal generic ASM retpoline
[STDERR  ] 2018-04-25T10:06:23.089940595Z: [    0.207228] Freeing SMP alternatives memory: 20K
[STDERR  ] 2018-04-25T10:06:23.089961479Z: [    0.239189] ftrace: allocating 33482 entries in 131 pages
[STDERR  ] 2018-04-25T10:06:23.089973929Z: [    0.267253] ..TIMER: vector=0x30 apic1=0 pin1=2 apic2=-1 pin2=-1
[STDERR  ] 2018-04-25T10:06:23.089986303Z: [    0.270000] smpboot: CPU0: Intel QEMU Virtual CPU version 2.5+ (family: 0x6, model: 0x6, stepping: 0x3)
[STDERR  ] 2018-04-25T10:06:23.090002821Z: [    0.270000] Performance Events: Broken PMU hardware detected, using software events only.
[STDERR  ] 2018-04-25T10:06:23.090015084Z: [    0.280013] Failed to access perfctr msr (MSR c2 is 0)
[STDERR  ] 2018-04-25T10:06:23.090028541Z: [    0.284136] x86: Booted up 1 node, 1 CPUs
[STDERR  ] 2018-04-25T10:06:23.090041403Z: [    0.287238] smpboot: Total of 1 processors activated (4599.81 BogoMIPS)
[STDERR  ] 2018-04-25T10:06:23.090054458Z: [    0.292720] devtmpfs: initialized
[STDERR  ] 2018-04-25T10:06:23.090068742Z: [    0.304972] clocksource: jiffies: mask: 0xffffffff max_cycles: 0xffffffff, max_idle_ns: 19112604462750000 ns
[STDERR  ] 2018-04-25T10:06:23.090082381Z: [    0.310049] futex hash table entries: 256 (order: 2, 16384 bytes)
[STDERR  ] 2018-04-25T10:06:23.090095604Z: [    0.315291] NET: Registered protocol family 16
[STDERR  ] 2018-04-25T10:06:23.090108825Z: [    0.320329] cpuidle: using governor ladder
[STDERR  ] 2018-04-25T10:06:23.090121890Z: [    0.323619] cpuidle: using governor menu
[STDERR  ] 2018-04-25T10:06:23.090134463Z: [    0.326977] ACPI: bus type PCI registered
[STDERR  ] 2018-04-25T10:06:23.090147218Z: [    0.330536] PCI: MMCONFIG for domain 0000 [bus 00-ff] at [mem 0xb0000000-0xbfffffff] (base 0xb0000000)
[STDERR  ] 2018-04-25T10:06:23.090160403Z: [    0.340015] PCI: MMCONFIG at [mem 0xb0000000-0xbfffffff] reserved in E820
[STDERR  ] 2018-04-25T10:06:23.090173692Z: [    0.345519] PCI: Using configuration type 1 for base access
[STDERR  ] 2018-04-25T10:06:23.090186425Z: [    0.352234] ACPI: Added _OSI(Module Device)
[STDERR  ] 2018-04-25T10:06:23.090199042Z: [    0.355380] ACPI: Added _OSI(Processor Device)
[STDERR  ] 2018-04-25T10:06:23.090211592Z: [    0.358759] ACPI: Added _OSI(3.0 _SCP Extensions)
[STDERR  ] 2018-04-25T10:06:23.090224285Z: [    0.360011] ACPI: Added _OSI(Processor Aggregator Device)
[STDERR  ] 2018-04-25T10:06:23.090236995Z: [    0.374368] ACPI: Interpreter enabled
[STDERR  ] 2018-04-25T10:06:23.090249529Z: [    0.377198] ACPI: (supports S0 S5)
[STDERR  ] 2018-04-25T10:06:23.090262137Z: [    0.379697] ACPI: Using IOAPIC for interrupt routing
[STDERR  ] 2018-04-25T10:06:23.090274849Z: [    0.380084] PCI: Using host bridge windows from ACPI; if necessary, use "pci=nocrs" and report a bug
[STDERR  ] 2018-04-25T10:06:23.090288421Z: [    0.393647] ACPI: PCI Root Bridge [PCI0] (domain 0000 [bus 00-ff])
[STDERR  ] 2018-04-25T10:06:23.090304385Z: [    0.400022] acpi PNP0A08:00: _OSC: OS supports [ExtendedConfig ASPM ClockPM Segments MSI]
[STDERR  ] 2018-04-25T10:06:23.090317637Z: [    0.406985] acpi PNP0A08:00: _OSC: OS now controls [PCIeHotplug PME PCIeCapability]
[STDERR  ] 2018-04-25T10:06:23.090331541Z: [    0.410103] PCI host bridge to bus 0000:00
[STDERR  ] 2018-04-25T10:06:23.090344260Z: [    0.412995] pci_bus 0000:00: root bus resource [io  0x0000-0x0cf7 window]
[STDERR  ] 2018-04-25T10:06:23.090356791Z: [    0.420017] pci_bus 0000:00: root bus resource [io  0x0d00-0xffff window]
[STDERR  ] 2018-04-25T10:06:23.090369713Z: [    0.425510] pci_bus 0000:00: root bus resource [mem 0x000a0000-0x000bffff window]
[STDERR  ] 2018-04-25T10:06:23.090385886Z: [    0.430017] pci_bus 0000:00: root bus resource [mem 0xc0000000-0xfebfffff window]
[STDERR  ] 2018-04-25T10:06:23.090401212Z: [    0.435500] pci_bus 0000:00: root bus resource [bus 00-ff]
[STDERR  ] 2018-04-25T10:06:23.090416843Z: [    0.627191] pci 0000:00:1f.0: quirk: [io  0x0600-0x067f] claimed by ICH6 ACPI/GPIO/TCO
[STDERR  ] 2018-04-25T10:06:23.090433012Z: [    0.714904] ACPI: PCI Interrupt Link [LNKA] (IRQs 5 *10 11)
[STDERR  ] 2018-04-25T10:06:23.090448535Z: [    0.721104] ACPI: PCI Interrupt Link [LNKB] (IRQs 5 *10 11)
[STDERR  ] 2018-04-25T10:06:23.090465535Z: [    0.726450] ACPI: PCI Interrupt Link [LNKC] (IRQs 5 10 *11)
[STDERR  ] 2018-04-25T10:06:23.090478874Z: [    0.731642] ACPI: PCI Interrupt Link [LNKD] (IRQs 5 10 *11)
[STDERR  ] 2018-04-25T10:06:23.090491669Z: [    0.736862] ACPI: PCI Interrupt Link [LNKE] (IRQs 5 *10 11)
[STDERR  ] 2018-04-25T10:06:23.090504047Z: [    0.741779] ACPI: PCI Interrupt Link [LNKF] (IRQs 5 *10 11)
[STDERR  ] 2018-04-25T10:06:23.090516468Z: [    0.747275] ACPI: PCI Interrupt Link [LNKG] (IRQs 5 10 *11)
[STDERR  ] 2018-04-25T10:06:23.090528956Z: [    0.751662] ACPI: PCI Interrupt Link [LNKH] (IRQs 5 10 *11)
[STDERR  ] 2018-04-25T10:06:23.090543951Z: [    0.756523] ACPI: PCI Interrupt Link [GSIA] (IRQs *16)
[STDERR  ] 2018-04-25T10:06:23.090556393Z: [    0.760873] ACPI: PCI Interrupt Link [GSIB] (IRQs *17)
[STDERR  ] 2018-04-25T10:06:23.090569377Z: [    0.765688] ACPI: PCI Interrupt Link [GSIC] (IRQs *18)
[STDERR  ] 2018-04-25T10:06:23.090581645Z: [    0.770860] ACPI: PCI Interrupt Link [GSID] (IRQs *19)
[STDERR  ] 2018-04-25T10:06:23.090603420Z: [    0.775108] ACPI: PCI Interrupt Link [GSIE] (IRQs *20)
[STDERR  ] 2018-04-25T10:06:23.090618158Z: [    0.780424] ACPI: PCI Interrupt Link [GSIF] (IRQs *21)
[STDERR  ] 2018-04-25T10:06:23.090630588Z: [    0.784669] ACPI: PCI Interrupt Link [GSIG] (IRQs *22)
[STDERR  ] 2018-04-25T10:06:23.090642969Z: [    0.789443] ACPI: PCI Interrupt Link [GSIH] (IRQs *23)
[STDERR  ] 2018-04-25T10:06:23.090655214Z: [    0.791242] ACPI: Enabled 1 GPEs in block 00 to 3F
[STDERR  ] 2018-04-25T10:06:23.090667791Z: [    0.796140] SCSI subsystem initialized
[STDERR  ] 2018-04-25T10:06:23.090680341Z: [    0.800115] ACPI: bus type USB registered
[STDERR  ] 2018-04-25T10:06:23.090695237Z: [    0.803295] usbcore: registered new interface driver usbfs
[STDERR  ] 2018-04-25T10:06:23.090707595Z: [    0.810054] usbcore: registered new interface driver hub
[STDERR  ] 2018-04-25T10:06:23.090719971Z: [    0.814376] usbcore: registered new device driver usb
[STDERR  ] 2018-04-25T10:06:23.090732627Z: [    0.818552] pps_core: LinuxPPS API ver. 1 registered
[STDERR  ] 2018-04-25T10:06:23.090745309Z: [    0.820009] pps_core: Software ver. 5.3.6 - Copyright 2005-2007 Rodolfo Giometti <giometti@linux.it>
[STDERR  ] 2018-04-25T10:06:23.090758727Z: [    0.826729] PTP clock support registered
[STDERR  ] 2018-04-25T10:06:23.090771088Z: [    0.830083] wmi: Mapper loaded
[STDERR  ] 2018-04-25T10:06:23.090784638Z: [    0.832718] PCI: Using ACPI for IRQ routing
[STDERR  ] 2018-04-25T10:06:23.090797119Z: [    1.232615] NetLabel: Initializing
[STDERR  ] 2018-04-25T10:06:23.090809745Z: [    1.235574] NetLabel:  domain hash size = 128
[STDERR  ] 2018-04-25T10:06:23.090822408Z: [    1.239227] NetLabel:  protocols = UNLABELED CIPSOv4
[STDERR  ] 2018-04-25T10:06:23.090834866Z: [    1.240074] NetLabel:  unlabeled traffic allowed by default
[STDERR  ] 2018-04-25T10:06:23.090847525Z: [    1.244566] HPET: 3 timers in total, 0 timers will be used for per-cpu timer
[STDERR  ] 2018-04-25T10:06:23.090862521Z: [    1.250113] hpet0: at MMIO 0xfed00000, IRQs 2, 8, 0
[STDERR  ] 2018-04-25T10:06:23.090875158Z: [    1.254349] hpet0: 3 comparators, 64-bit 100.000000 MHz counter
[STDERR  ] 2018-04-25T10:06:23.090890008Z: [    1.264636] amd_nb: Cannot enumerate AMD northbridges
[STDERR  ] 2018-04-25T10:06:23.090902427Z: [    1.270037] clocksource: Switched to clocksource kvm-clock
[STDERR  ] 2018-04-25T10:06:23.090921486Z: [    1.296338] FS-Cache: Loaded
[STDERR  ] 2018-04-25T10:06:23.090934546Z: [    1.298996] CacheFiles: Loaded
[STDERR  ] 2018-04-25T10:06:23.090947318Z: [    1.301858] pnp: PnP ACPI init
[STDERR  ] 2018-04-25T10:06:23.090960017Z: [    1.305818] pnp: PnP ACPI: found 5 devices
[STDERR  ] 2018-04-25T10:06:23.090972504Z: [    1.315969] clocksource: acpi_pm: mask: 0xffffff max_cycles: 0xffffff, max_idle_ns: 2085701024 ns
[STDERR  ] 2018-04-25T10:06:23.090985031Z: [    1.323365] NET: Registered protocol family 2
[STDERR  ] 2018-04-25T10:06:23.090997347Z: [    1.327421] TCP established hash table entries: 8192 (order: 4, 65536 bytes)
[STDERR  ] 2018-04-25T10:06:23.091013771Z: [    1.333157] TCP bind hash table entries: 8192 (order: 5, 131072 bytes)
[STDERR  ] 2018-04-25T10:06:23.091026245Z: [    1.338206] TCP: Hash tables configured (established 8192 bind 8192)
[STDERR  ] 2018-04-25T10:06:23.091038836Z: [    1.343583] UDP hash table entries: 512 (order: 2, 16384 bytes)
[STDERR  ] 2018-04-25T10:06:23.091051175Z: [    1.348586] UDP-Lite hash table entries: 512 (order: 2, 16384 bytes)
[STDERR  ] 2018-04-25T10:06:23.091063676Z: [    1.353863] NET: Registered protocol family 1
[STDERR  ] 2018-04-25T10:06:23.091076082Z: [    1.357604] Unpacking initramfs...
[STDERR  ] 2018-04-25T10:06:23.091088508Z: [    2.321240] Freeing initrd memory: 23436K
[STDERR  ] 2018-04-25T10:06:23.091101337Z: [    2.331415] PCLMULQDQ-NI instructions are not detected.
[STDERR  ] 2018-04-25T10:06:23.091114442Z: [    2.336327] AVX or AES-NI instructions are not detected.
[STDERR  ] 2018-04-25T10:06:23.091126804Z: [    2.341108] CPU feature 'AVX registers' is not supported.
[STDERR  ] 2018-04-25T10:06:23.091139235Z: [    2.345508] CPU feature 'AVX registers' is not supported.
[STDERR  ] 2018-04-25T10:06:23.091151736Z: [    2.349834] CPU feature 'AVX registers' is not supported.
[STDERR  ] 2018-04-25T10:06:23.091164440Z: [    2.354424] CPU feature 'AVX registers' is not supported.
[STDERR  ] 2018-04-25T10:06:23.091176853Z: [    2.358888] AVX2 or AES-NI instructions are not detected.
[STDERR  ] 2018-04-25T10:06:23.091189674Z: [    2.363332] AVX2 instructions are not detected.
[STDERR  ] 2018-04-25T10:06:23.091202227Z: [    2.367539] audit: initializing netlink subsys (disabled)
[STDERR  ] 2018-04-25T10:06:23.091214568Z: [    2.372287] audit: type=2000 audit(1524650777.225:1): initialized
[STDERR  ] 2018-04-25T10:06:23.091229715Z: [    2.377916] HugeTLB registered 2 MB page size, pre-allocated 0 pages
[STDERR  ] 2018-04-25T10:06:23.091242231Z: [    2.383296] VFS: Disk quotas dquot_6.6.0
[STDERR  ] 2018-04-25T10:06:23.091254723Z: [    2.386818] VFS: Dquot-cache hash table entries: 512 (order 0, 4096 bytes)
[STDERR  ] 2018-04-25T10:06:23.091267059Z: [    2.392910] squashfs: version 4.0 (2009/01/31) Phillip Lougher
[STDERR  ] 2018-04-25T10:06:23.091279583Z: [    2.397777] FS-Cache: Netfs 'cifs' registered for caching
[STDERR  ] 2018-04-25T10:06:23.091292010Z: [    2.402089] fuse init (API version 7.23)
[STDERR  ] 2018-04-25T10:06:23.091304448Z: [    2.405676] SGI XFS with ACLs, security attributes, no debug enabled
[STDERR  ] 2018-04-25T10:06:23.091316985Z: [    2.411328] 9p: Installing v9fs 9p2000 file system support
[STDERR  ] 2018-04-25T10:06:23.091329507Z: [    2.415595] FS-Cache: Netfs '9p' registered for caching
[STDERR  ] 2018-04-25T10:06:23.091341874Z: [    2.419698] Key type big_key registered
[STDERR  ] 2018-04-25T10:06:23.091354425Z: [    2.434080] NET: Registered protocol family 38
[STDERR  ] 2018-04-25T10:06:23.091368861Z: [    2.437764] Key type asymmetric registered
[STDERR  ] 2018-04-25T10:06:23.091383363Z: [    2.441075] Asymmetric key parser 'x509' registered
[STDERR  ] 2018-04-25T10:06:23.091396101Z: [    2.444846] Block layer SCSI generic (bsg) driver version 0.4 loaded (major 251)
[STDERR  ] 2018-04-25T10:06:23.091408678Z: [    2.450808] io scheduler noop registered
[STDERR  ] 2018-04-25T10:06:23.091421212Z: [    2.453928] io scheduler deadline registered (default)
[STDERR  ] 2018-04-25T10:06:23.091438835Z: [    2.457943] io scheduler cfq registered
[STDERR  ] 2018-04-25T10:06:23.091451491Z: [    2.461413] pci_hotplug: PCI Hot Plug PCI Core version: 0.5
[STDERR  ] 2018-04-25T10:06:23.091463989Z: [    2.465741] pciehp: PCI Express Hot Plug Controller Driver version: 0.4
[STDERR  ] 2018-04-25T10:06:23.091476671Z: [    2.470568] shpchp: Standard Hot Plug PCI Controller Driver version: 0.4
[STDERR  ] 2018-04-25T10:06:23.091492492Z: [    2.475281] hv_vmbus: registering driver hyperv_fb
[STDERR  ] 2018-04-25T10:06:23.091504773Z: [    2.479098] input: Power Button as /devices/LNXSYSTM:00/LNXPWRBN:00/input/input0
[STDERR  ] 2018-04-25T10:06:23.091517279Z: [    2.484761] ACPI: Power Button [PWRF]
[STDERR  ] 2018-04-25T10:06:23.091535792Z: [    2.488365] GHES: HEST is not enabled!
[STDERR  ] 2018-04-25T10:06:23.091948101Z: [    2.492108] ACPI: PCI Interrupt Link [GSIG] enabled at IRQ 22
[STDERR  ] 2018-04-25T10:06:23.091973472Z: [    2.503029] ACPI: PCI Interrupt Link [GSIH] enabled at IRQ 23
[STDERR  ] 2018-04-25T10:06:23.092015167Z: [    2.513684] xenfs: not registering filesystem on non-xen platform
[STDERR  ] 2018-04-25T10:06:23.092041340Z: [    2.518727] Serial: 8250/16550 driver, 4 ports, IRQ sharing disabled
[STDERR  ] 2018-04-25T10:06:23.092079484Z: [    2.556274] 00:04: ttyS0 at I/O 0x3f8 (irq = 4, base_baud = 115200) is a 16550A
[STDERR  ] 2018-04-25T10:06:23.092107007Z: [    2.564145] Non-volatile memory driver v1.3
[STDERR  ] 2018-04-25T10:06:23.092132655Z: [    2.569632] Hangcheck: starting hangcheck timer 0.9.1 (tick is 180 seconds, margin is 60 seconds).
[STDERR  ] 2018-04-25T10:06:23.092172959Z: [    2.577592] random: nonblocking pool is initialized
[STDERR  ] 2018-04-25T10:06:23.092203952Z: [    2.591994] loop: module loaded
[STDERR  ] 2018-04-25T10:06:23.092241151Z: [    2.596584] nbd: registered device at major 43
[STDERR  ] 2018-04-25T10:06:23.092267665Z: [    2.602209] lpc_ich 0000:00:1f.0: I/O space for GPIO uninitialized
[STDERR  ] 2018-04-25T10:06:23.092294519Z: [    2.607307] VMware PVSCSI driver - version 1.0.5.0-k
[STDERR  ] 2018-04-25T10:06:23.092332020Z: [    2.611914] hv_vmbus: registering driver hv_storvsc
[STDERR  ] 2018-04-25T10:06:23.092467097Z: [    2.616692] ACPI: PCI Interrupt Link [GSIA] enabled at IRQ 16
[STDERR  ] 2018-04-25T10:06:23.092485004Z: [    2.624170] ahci 0000:00:1f.2: AHCI 0001.0000 32 slots 6 ports 1.5 Gbps 0x3f impl SATA mode
[STDERR  ] 2018-04-25T10:06:23.092499507Z: [    2.630777] ahci 0000:00:1f.2: flags: 64bit ncq only 
[STDERR  ] 2018-04-25T10:06:23.092517699Z: [    2.638584] scsi host0: ahci
[STDERR  ] 2018-04-25T10:06:23.092547107Z: [    2.641262] scsi host1: ahci
[STDERR  ] 2018-04-25T10:06:23.092565580Z: [    2.643693] scsi host2: ahci
[STDERR  ] 2018-04-25T10:06:23.092581344Z: [    2.646210] scsi host3: ahci
[STDERR  ] 2018-04-25T10:06:23.092595550Z: [    2.648820] scsi host4: ahci
[STDERR  ] 2018-04-25T10:06:23.092626823Z: [    2.651609] scsi host5: ahci
[STDERR  ] 2018-04-25T10:06:23.092641828Z: [    2.654301] ata1: SATA max UDMA/133 abar m4096@0xfebd2000 port 0xfebd2100 irq 24
[STDERR  ] 2018-04-25T10:06:23.092660419Z: [    2.660250] ata2: SATA max UDMA/133 abar m4096@0xfebd2000 port 0xfebd2180 irq 24
[STDERR  ] 2018-04-25T10:06:23.092674415Z: [    2.665934] ata3: SATA max UDMA/133 abar m4096@0xfebd2000 port 0xfebd2200 irq 24
[STDERR  ] 2018-04-25T10:06:23.092693469Z: [    2.671691] ata4: SATA max UDMA/133 abar m4096@0xfebd2000 port 0xfebd2280 irq 24
[STDERR  ] 2018-04-25T10:06:23.092708285Z: [    2.677662] ata5: SATA max UDMA/133 abar m4096@0xfebd2000 port 0xfebd2300 irq 24
[STDERR  ] 2018-04-25T10:06:23.092723432Z: [    2.683527] ata6: SATA max UDMA/133 abar m4096@0xfebd2000 port 0xfebd2380 irq 24
[STDERR  ] 2018-04-25T10:06:23.092742915Z: [    2.692920] tun: Universal TUN/TAP device driver, 1.6
[STDERR  ] 2018-04-25T10:06:23.092760177Z: [    2.697674] tun: (C) 1999-2004 Max Krasnyansky <maxk@qualcomm.com>
[STDERR  ] 2018-04-25T10:06:23.092776669Z: [    2.706570] VMware vmxnet3 virtual NIC driver - version 1.4.5.0-k-NAPI
[STDERR  ] 2018-04-25T10:06:23.092802759Z: [    2.712229] hv_vmbus: registering driver hv_netvsc
[STDERR  ] 2018-04-25T10:06:23.092820008Z: [    2.716192] Fusion MPT base driver 3.04.20
[STDERR  ] 2018-04-25T10:06:23.092834481Z: [    2.719505] Copyright (c) 1999-2008 LSI Corporation
[STDERR  ] 2018-04-25T10:06:23.092851379Z: [    2.723501] Fusion MPT SPI Host driver 3.04.20
[STDERR  ] 2018-04-25T10:06:23.092868490Z: [    2.727191] i8042: PNP: PS/2 Controller [PNP0303:KBD,PNP0f13:MOU] at 0x60,0x64 irq 1,12
[STDERR  ] 2018-04-25T10:06:23.092885521Z: [    2.736667] serio: i8042 KBD port at 0x60,0x64 irq 1
[STDERR  ] 2018-04-25T10:06:23.092899809Z: [    2.740936] serio: i8042 AUX port at 0x60,0x64 irq 12
[STDERR  ] 2018-04-25T10:06:23.092922605Z: [    2.745104] hv_vmbus: registering driver hyperv_keyboard
[STDERR  ] 2018-04-25T10:06:23.092939398Z: [    2.749350] mousedev: PS/2 mouse device common for all mice
[STDERR  ] 2018-04-25T10:06:23.092954049Z: [    2.754951] input: AT Translated Set 2 keyboard as /devices/platform/i8042/serio0/input/input1
[STDERR  ] 2018-04-25T10:06:23.092968845Z: [    2.762028] input: PC Speaker as /devices/platform/pcspkr/input/input2
[STDERR  ] 2018-04-25T10:06:23.092985856Z: [    2.768418] rtc_cmos 00:00: RTC can wake from S4
[STDERR  ] 2018-04-25T10:06:23.093002671Z: [    2.773726] rtc_cmos 00:00: rtc core: registered rtc_cmos as rtc0
[STDERR  ] 2018-04-25T10:06:23.093021621Z: [    2.779152] rtc_cmos 00:00: alarms up to one day, y3k, 114 bytes nvram, hpet irqs
[STDERR  ] 2018-04-25T10:06:23.093035786Z: [    2.785308] i2c /dev entries driver
[STDERR  ] 2018-04-25T10:06:23.093049946Z: [    2.788527] device-mapper: ioctl: 4.34.0-ioctl (2015-10-28) initialised: dm-devel@redhat.com
[STDERR  ] 2018-04-25T10:06:23.093066346Z: [    2.796012] usbcore: registered new interface driver usbhid
[STDERR  ] 2018-04-25T10:06:23.093080401Z: [    2.800572] usbhid: USB HID core driver
[STDERR  ] 2018-04-25T10:06:23.093099506Z: [    2.803798] hv_utils: Registering HyperV Utility Driver
[STDERR  ] 2018-04-25T10:06:23.093112103Z: [    2.807979] hv_vmbus: registering driver hv_util
[STDERR  ] 2018-04-25T10:06:23.093124782Z: [    2.811665] hv_vmbus: registering driver hv_balloon
[STDERR  ] 2018-04-25T10:06:23.093137834Z: [    2.815418] oprofile: using NMI interrupt.
[STDERR  ] 2018-04-25T10:06:23.093150188Z: [    2.818756] GACT probability on
[STDERR  ] 2018-04-25T10:06:23.093163651Z: [    2.821460] Mirror/redirect action on
[STDERR  ] 2018-04-25T10:06:23.093177708Z: [    2.824628] Simple TC action Loaded
[STDERR  ] 2018-04-25T10:06:23.093192308Z: [    2.827655] u32 classifier
[STDERR  ] 2018-04-25T10:06:23.093208593Z: [    2.829875]     Performance counters on
[STDERR  ] 2018-04-25T10:06:23.093225442Z: [    2.833072]     input device check on
[STDERR  ] 2018-04-25T10:06:23.093240652Z: [    2.835881]     Actions configured
[STDERR  ] 2018-04-25T10:06:23.093257291Z: [    2.838593] Netfilter messages via NETLINK v0.30.
[STDERR  ] 2018-04-25T10:06:23.093277103Z: [    2.842555] nfnl_acct: registering with nfnetlink.
[STDERR  ] 2018-04-25T10:06:23.093291263Z: [    2.846394] nf_conntrack version 0.5.0 (7922 buckets, 31688 max)
[STDERR  ] 2018-04-25T10:06:23.093307138Z: [    2.851202] ctnetlink v0.93: registering with nfnetlink.
[STDERR  ] 2018-04-25T10:06:23.093321618Z: [    2.855360] nf_tables: (c) 2007-2009 Patrick McHardy <kaber@trash.net>
[STDERR  ] 2018-04-25T10:06:23.093338772Z: [    2.860217] nf_tables_compat: (c) 2012 Pablo Neira Ayuso <pablo@netfilter.org>
[STDERR  ] 2018-04-25T10:06:23.093355699Z: [    2.865995] xt_time: kernel timezone is -0000
[STDERR  ] 2018-04-25T10:06:23.093369377Z: [    2.869332] ip_set: protocol 6
[STDERR  ] 2018-04-25T10:06:23.093385704Z: [    2.871837] IPVS: Registered protocols (TCP, UDP, SCTP, AH, ESP)
[STDERR  ] 2018-04-25T10:06:23.093400013Z: [    2.876279] IPVS: Connection hash table configured (size=4096, memory=64Kbytes)
[STDERR  ] 2018-04-25T10:06:23.093416665Z: [    2.881760] IPVS: Creating netns size=2096 id=0
[STDERR  ] 2018-04-25T10:06:23.093433147Z: [    2.885898] IPVS: ipvs loaded.
[STDERR  ] 2018-04-25T10:06:23.093453623Z: [    2.888272] IPVS: [rr] scheduler registered.
[STDERR  ] 2018-04-25T10:06:23.093468132Z: [    2.891753] IPVS: [wrr] scheduler registered.
[STDERR  ] 2018-04-25T10:06:23.093484723Z: [    2.895340] IPVS: [lc] scheduler registered.
[STDERR  ] 2018-04-25T10:06:23.093501550Z: [    2.898891] IPVS: [wlc] scheduler registered.
[STDERR  ] 2018-04-25T10:06:23.093518877Z: [    2.902557] IPVS: [fo] scheduler registered.
[STDERR  ] 2018-04-25T10:06:23.093532855Z: [    2.905949] IPVS: [ovf] scheduler registered.
[STDERR  ] 2018-04-25T10:06:23.093549838Z: [    2.909196] IPVS: [lblc] scheduler registered.
[STDERR  ] 2018-04-25T10:06:23.093564655Z: [    2.912585] IPVS: [lblcr] scheduler registered.
[STDERR  ] 2018-04-25T10:06:23.093587299Z: [    2.916087] IPVS: [dh] scheduler registered.
[STDERR  ] 2018-04-25T10:06:23.093608842Z: [    2.919482] IPVS: [sh] scheduler registered.
[STDERR  ] 2018-04-25T10:06:23.093622469Z: [    2.923243] IPVS: [sed] scheduler registered.
[STDERR  ] 2018-04-25T10:06:23.093636742Z: [    2.926908] IPVS: [nq] scheduler registered.
[STDERR  ] 2018-04-25T10:06:23.093656756Z: [    2.930201] IPVS: ftp: loaded support on port[0] = 21
[STDERR  ] 2018-04-25T10:06:23.093674510Z: [    2.934239] ipip: IPv4 over IPv4 tunneling driver
[STDERR  ] 2018-04-25T10:06:23.093691867Z: [    2.938210] gre: GRE over IPv4 demultiplexor driver
[STDERR  ] 2018-04-25T10:06:23.093706161Z: [    2.942815] ip_tables: (C) 2000-2006 Netfilter Core Team
[STDERR  ] 2018-04-25T10:06:23.093722480Z: [    2.947098] ipt_CLUSTERIP: ClusterIP Version 0.8 loaded successfully
[STDERR  ] 2018-04-25T10:06:23.093739311Z: [    2.951947] arp_tables: (C) 2002 David S. Miller
[STDERR  ] 2018-04-25T10:06:23.093756087Z: [    2.955826] NET: Registered protocol family 10
[STDERR  ] 2018-04-25T10:06:23.093772898Z: [    2.959981] ip6_tables: (C) 2000-2006 Netfilter Core Team
[STDERR  ] 2018-04-25T10:06:23.093787261Z: [    2.965621] NET: Registered protocol family 17
[STDERR  ] 2018-04-25T10:06:23.093804072Z: [    2.969332] bridge: automatic filtering via arp/ip/ip6tables has been deprecated. Update your scripts to load br_netfilter if you need this.
[STDERR  ] 2018-04-25T10:06:23.093822699Z: [    2.978737] Bridge firewalling registered
[STDERR  ] 2018-04-25T10:06:23.093837124Z: [    2.982156] Ebtables v2.0 registered
[STDERR  ] 2018-04-25T10:06:23.093891658Z: [    2.985455] 8021q: 802.1Q VLAN Support v1.8
[STDERR  ] 2018-04-25T10:06:23.093907943Z: [    2.988690] 9pnet: Installing 9P2000 support
[STDERR  ] 2018-04-25T10:06:23.093944828Z: [    2.991959] Key type dns_resolver registered
[STDERR  ] 2018-04-25T10:06:23.093958509Z: [    2.995252] registered taskstats version 1
[STDERR  ] 2018-04-25T10:06:23.093972389Z: [    3.004661] Key type encrypted registered
[STDERR  ] 2018-04-25T10:06:23.093985960Z: [    3.009733] rtc_cmos 00:00: setting system clock to 2018-04-25 10:06:18 UTC (1524650778)
[STDERR  ] 2018-04-25T10:06:23.094001892Z: [    3.040955] ata2: SATA link down (SStatus 0 SControl 300)
[STDERR  ] 2018-04-25T10:06:23.094018227Z: [    3.046570] ata1: SATA link down (SStatus 0 SControl 300)
[STDERR  ] 2018-04-25T10:06:23.094034286Z: [    3.051775] ata3: SATA link up 1.5 Gbps (SStatus 113 SControl 300)
[STDERR  ] 2018-04-25T10:06:23.094048295Z: [    3.056897] ata3.00: ATAPI: QEMU DVD-ROM, 2.5+, max UDMA/100
[STDERR  ] 2018-04-25T10:06:23.094061748Z: [    3.061591] ata3.00: applying bridge limits
[STDERR  ] 2018-04-25T10:06:23.094077714Z: [    3.065792] ata4: SATA link down (SStatus 0 SControl 300)
[STDERR  ] 2018-04-25T10:06:23.094093498Z: [    3.070789] ata5: SATA link down (SStatus 0 SControl 300)
[STDERR  ] 2018-04-25T10:06:23.094106836Z: [    3.075638] ata6: SATA link down (SStatus 0 SControl 300)
[STDERR  ] 2018-04-25T10:06:23.094120382Z: [    3.080341] ata3.00: configured for UDMA/100
[STDERR  ] 2018-04-25T10:06:23.094134461Z: [    3.084555] scsi 2:0:0:0: CD-ROM            QEMU     QEMU DVD-ROM     2.5+ PQ: 0 ANSI: 5
[STDERR  ] 2018-04-25T10:06:23.094150692Z: [    3.100988] sr 2:0:0:0: [sr0] scsi3-mmc drive: 4x/4x cd/rw xa/form2 tray
[STDERR  ] 2018-04-25T10:06:23.094172577Z: [    3.106091] cdrom: Uniform CD-ROM driver Revision: 3.20
[STDERR  ] 2018-04-25T10:06:23.094186171Z: [    3.110923] sr 2:0:0:0: Attached scsi generic sg0 type 5
[STDERR  ] 2018-04-25T10:06:23.094202218Z: [    3.117128] Freeing unused kernel memory: 1320K
[STDERR  ] 2018-04-25T10:06:23.094215682Z: [    3.120846] Write protecting the kernel read-only data: 12288k
[STDERR  ] 2018-04-25T10:06:23.094230944Z: [    3.125580] Freeing unused kernel memory: 540K
[STDERR  ] 2018-04-25T10:06:23.094244587Z: [    3.133347] Freeing unused kernel memory: 1392K
[STDERR  ] 2018-04-25T10:06:23.094267117Z: 
[STDERR  ] 2018-04-25T10:06:23.094280141Z: Welcome to LinuxKit
[STDERR  ] 2018-04-25T10:06:23.094298640Z: 
[STDERR  ] 2018-04-25T10:06:23.094312725Z:                         ##         .
[STDERR  ] 2018-04-25T10:06:23.094329401Z:                   ## ## ##        ==
[STDERR  ] 2018-04-25T10:06:23.094345173Z:                ## ## ## ## ##    ===
[STDERR  ] 2018-04-25T10:06:23.094358893Z:            /"""""""""""""""""\___/ ===
[STDERR  ] 2018-04-25T10:06:23.094375512Z:           {                       /  ===-
[STDERR  ] 2018-04-25T10:06:23.094391318Z:            \______ O           __/
[STDERR  ] 2018-04-25T10:06:23.094440312Z:              \    \         __/
[STDERR  ] 2018-04-25T10:06:23.094456633Z:               \____\_______/
[STDERR  ] 2018-04-25T10:06:23.094470660Z: 
[STDERR  ] 2018-04-25T10:06:23.094486547Z: [    3.643915] hello_world: loading out-of-tree module taints kernel.
[STDERR  ] 2018-04-25T10:06:23.094503895Z: [    3.650687] Hello LinuxKit
[STDERR  ] 2018-04-25T10:06:23.094519521Z: [    3.656607] Goodbye LinuxKit.
[STDERR  ] 2018-04-25T10:06:23.094537762Z: Linux linuxkit-02d9d0e43d2f 4.4.128-linuxkit #1 SMP Mon Apr 23 11:36:18 UTC 2018 x86_64 Linux
[STDERR  ] 2018-04-25T10:06:23.094556940Z: filename:       hello_world.ko
[STDERR  ] 2018-04-25T10:06:23.094570572Z: author:         Rolf Neugebauer <rolf.neugebauer@docker.com>
[STDERR  ] 2018-04-25T10:06:23.094586903Z: description:    A simple Hello World kernel module for testing
[STDERR  ] 2018-04-25T10:06:23.094608058Z: license:        GPL
[STDERR  ] 2018-04-25T10:06:23.094624073Z: depends:        
[STDERR  ] 2018-04-25T10:06:23.094640619Z: vermagic:       4.4.128-linuxkit SMP mod_unload 
[STDERR  ] 2018-04-25T10:06:23.094654351Z: Kernel module test suite PASSED
[STDERR  ] 2018-04-25T10:06:23.094670263Z: [    6.738272] ACPI: Preparing to enter system sleep state S5
[STDERR  ] 2018-04-25T10:06:23.094686117Z: [    6.743570] reboot: Power down
[STDERR  ] 2018-04-25T10:06:23.094698838Z: + echo [    0.000000] Initializing cgroup subsys cpuset
[STDERR  ] 2018-04-25T10:06:23.094716241Z: [    0.000000] Initializing cgroup subsys cpu
[STDERR  ] 2018-04-25T10:06:23.094733693Z: [    0.000000] Initializing cgroup subsys cpuacct
[STDERR  ] 2018-04-25T10:06:23.094749810Z: [    0.000000] Linux version 4.4.128-linuxkit (root@5ad5594f6c2e) (gcc version 6.4.0 (Alpine 6.4.0) ) #1 SMP Mon Apr 23 11:36:18 UTC 2018
[STDERR  ] 2018-04-25T10:06:23.094773463Z: [    0.000000] Command line: console=ttyS0 console=ttyAMA0
[STDERR  ] 2018-04-25T10:06:23.094785763Z: [    0.000000] x86/fpu: Legacy x87 FPU detected.
[STDERR  ] 2018-04-25T10:06:23.094798647Z: [    0.000000] x86/fpu: Using 'lazy' FPU context switches.
[STDERR  ] 2018-04-25T10:06:23.094811094Z: [    0.000000] e820: BIOS-provided physical RAM map:
[STDERR  ] 2018-04-25T10:06:23.094823078Z: [    0.000000] BIOS-e820: [mem 0x0000000000000000-0x000000000009fbff] usable
[STDERR  ] 2018-04-25T10:06:23.094836447Z: [    0.000000] BIOS-e820: [mem 0x000000000009fc00-0x000000000009ffff] reserved
[STDERR  ] 2018-04-25T10:06:23.094848973Z: [    0.000000] BIOS-e820: [mem 0x00000000000f0000-0x00000000000fffff] reserved
[STDERR  ] 2018-04-25T10:06:23.094861325Z: [    0.000000] BIOS-e820: [mem 0x0000000000100000-0x000000003ffdefff] usable
[STDERR  ] 2018-04-25T10:06:23.094873426Z: [    0.000000] BIOS-e820: [mem 0x000000003ffdf000-0x000000003fffffff] reserved
[STDERR  ] 2018-04-25T10:06:23.094886338Z: [    0.000000] BIOS-e820: [mem 0x00000000b0000000-0x00000000bfffffff] reserved
[STDERR  ] 2018-04-25T10:06:23.094914169Z: [    0.000000] BIOS-e820: [mem 0x00000000fed1c000-0x00000000fed1ffff] reserved
[STDERR  ] 2018-04-25T10:06:23.094927443Z: [    0.000000] BIOS-e820: [mem 0x00000000feffc000-0x00000000feffffff] reserved
[STDERR  ] 2018-04-25T10:06:23.094941457Z: [    0.000000] BIOS-e820: [mem 0x00000000fffc0000-0x00000000ffffffff] reserved
[STDERR  ] 2018-04-25T10:06:23.094955723Z: [    0.000000] NX (Execute Disable) protection: active
[STDERR  ] 2018-04-25T10:06:23.094978403Z: [    0.000000] SMBIOS 2.8 present.
[STDERR  ] 2018-04-25T10:06:23.094995279Z: [    0.000000] Hypervisor detected: KVM
[STDERR  ] 2018-04-25T10:06:23.095018256Z: [    0.000000] e820: last_pfn = 0x3ffdf max_arch_pfn = 0x400000000
[STDERR  ] 2018-04-25T10:06:23.095032464Z: [    0.000000] x86/PAT: PAT not supported by CPU.
[STDERR  ] 2018-04-25T10:06:23.095048290Z: [    0.000000] x86/PAT: Configuration [0-7]: WB  WT  UC- UC  WB  WT  UC- UC  
[STDERR  ] 2018-04-25T10:06:23.095064697Z: [    0.000000] found SMP MP-table at [mem 0x000f6aa0-0x000f6aaf] mapped at [ffff8800000f6aa0]
[STDERR  ] 2018-04-25T10:06:23.095081571Z: [    0.000000] RAMDISK: [mem 0x3e8ed000-0x3ffcffff]
[STDERR  ] 2018-04-25T10:06:23.095096058Z: [    0.000000] ACPI: Early table checksum verification disabled
[STDERR  ] 2018-04-25T10:06:23.095109207Z: [    0.000000] ACPI: RSDP 0x00000000000F68B0 000014 (v00 BOCHS )
[STDERR  ] 2018-04-25T10:06:23.095125514Z: [    0.000000] ACPI: RSDT 0x000000003FFE20A8 000034 (v01 BOCHS  BXPCRSDT 00000001 BXPC 00000001)
[STDERR  ] 2018-04-25T10:06:23.095145222Z: [    0.000000] ACPI: FACP 0x000000003FFE1EC8 0000F4 (v03 BOCHS  BXPCFACP 00000001 BXPC 00000001)
[STDERR  ] 2018-04-25T10:06:23.095161194Z: [    0.000000] ACPI: DSDT 0x000000003FFE0040 001E88 (v01 BOCHS  BXPCDSDT 00000001 BXPC 00000001)
[STDERR  ] 2018-04-25T10:06:23.095175105Z: [    0.000000] ACPI: FACS 0x000000003FFE0000 000040
[STDERR  ] 2018-04-25T10:06:23.095189499Z: [    0.000000] ACPI: APIC 0x000000003FFE1FBC 000078 (v01 BOCHS  BXPCAPIC 00000001 BXPC 00000001)
[STDERR  ] 2018-04-25T10:06:23.095205731Z: [    0.000000] ACPI: HPET 0x000000003FFE2034 000038 (v01 BOCHS  BXPCHPET 00000001 BXPC 00000001)
[STDERR  ] 2018-04-25T10:06:23.095221904Z: [    0.000000] ACPI: MCFG 0x000000003FFE206C 00003C (v01 BOCHS  BXPCMCFG 00000001 BXPC 00000001)
[STDERR  ] 2018-04-25T10:06:23.095238022Z: [    0.000000] kvm-clock: Using msrs 4b564d01 and 4b564d00
[STDERR  ] 2018-04-25T10:06:23.095256889Z: [    0.000000] kvm-clock: cpu 0, msr 0:3ffdd001, primary cpu clock
[STDERR  ] 2018-04-25T10:06:23.095272359Z: [    0.000000] clocksource: kvm-clock: mask: 0xffffffffffffffff max_cycles: 0x1cd42e4dffb, max_idle_ns: 881590591483 ns
[STDERR  ] 2018-04-25T10:06:23.095289389Z: [    0.000000] Zone ranges:
[STDERR  ] 2018-04-25T10:06:23.095302701Z: [    0.000000]   DMA      [mem 0x0000000000001000-0x0000000000ffffff]
[STDERR  ] 2018-04-25T10:06:23.095318985Z: [    0.000000]   DMA32    [mem 0x0000000001000000-0x000000003ffdefff]
[STDERR  ] 2018-04-25T10:06:23.095332648Z: [    0.000000]   Normal   empty
[STDERR  ] 2018-04-25T10:06:23.095345847Z: [    0.000000] Movable zone start for each node
[STDERR  ] 2018-04-25T10:06:23.095359585Z: [    0.000000] Early memory node ranges
[STDERR  ] 2018-04-25T10:06:23.095375542Z: [    0.000000]   node   0: [mem 0x0000000000001000-0x000000000009efff]
[STDERR  ] 2018-04-25T10:06:23.095391689Z: [    0.000000]   node   0: [mem 0x0000000000100000-0x000000003ffdefff]
[STDERR  ] 2018-04-25T10:06:23.095407472Z: [    0.000000] Initmem setup node 0 [mem 0x0000000000001000-0x000000003ffdefff]
[STDERR  ] 2018-04-25T10:06:23.095420437Z: [    0.000000] ACPI: PM-Timer IO Port: 0x608
[STDERR  ] 2018-04-25T10:06:23.095433365Z: [    0.000000] ACPI: LAPIC_NMI (acpi_id[0xff] dfl dfl lint[0x1])
[STDERR  ] 2018-04-25T10:06:23.095446890Z: [    0.000000] IOAPIC[0]: apic_id 0, version 17, address 0xfec00000, GSI 0-23
[STDERR  ] 2018-04-25T10:06:23.095463068Z: [    0.000000] ACPI: INT_SRC_OVR (bus 0 bus_irq 0 global_irq 2 dfl dfl)
[STDERR  ] 2018-04-25T10:06:23.095485324Z: [    0.000000] ACPI: INT_SRC_OVR (bus 0 bus_irq 5 global_irq 5 high level)
[STDERR  ] 2018-04-25T10:06:23.095501599Z: [    0.000000] ACPI: INT_SRC_OVR (bus 0 bus_irq 9 global_irq 9 high level)
[STDERR  ] 2018-04-25T10:06:23.095514704Z: [    0.000000] ACPI: INT_SRC_OVR (bus 0 bus_irq 10 global_irq 10 high level)
[STDERR  ] 2018-04-25T10:06:23.095528338Z: [    0.000000] ACPI: INT_SRC_OVR (bus 0 bus_irq 11 global_irq 11 high level)
[STDERR  ] 2018-04-25T10:06:23.095546279Z: [    0.000000] Using ACPI (MADT) for SMP configuration information
[STDERR  ] 2018-04-25T10:06:23.095560511Z: [    0.000000] ACPI: HPET id: 0x8086a201 base: 0xfed00000
[STDERR  ] 2018-04-25T10:06:23.095581698Z: [    0.000000] smpboot: Allowing 1 CPUs, 0 hotplug CPUs
[STDERR  ] 2018-04-25T10:06:23.095595894Z: [    0.000000] e820: [mem 0x40000000-0xafffffff] available for PCI devices
[STDERR  ] 2018-04-25T10:06:23.095619011Z: [    0.000000] Booting paravirtualized kernel on KVM
[STDERR  ] 2018-04-25T10:06:23.095634421Z: [    0.000000] clocksource: refined-jiffies: mask: 0xffffffff max_cycles: 0xffffffff, max_idle_ns: 19112604462750000 ns
[STDERR  ] 2018-04-25T10:06:23.095648540Z: [    0.000000] setup_percpu: NR_CPUS:128 nr_cpumask_bits:128 nr_cpu_ids:1 nr_node_ids:1
[STDERR  ] 2018-04-25T10:06:23.095662329Z: [    0.000000] PERCPU: Embedded 33 pages/cpu @ffff88003e600000 s97048 r8192 d29928 u2097152
[STDERR  ] 2018-04-25T10:06:23.095675593Z: [    0.000000] KVM setup async PF for cpu 0
[STDERR  ] 2018-04-25T10:06:23.095692159Z: [    0.000000] kvm-stealtime: cpu 0, msr 3e60fdc0
[STDERR  ] 2018-04-25T10:06:23.095712147Z: [    0.000000] Built 1 zonelists in Zone order, mobility grouping on.  Total pages: 257895
[STDERR  ] 2018-04-25T10:06:23.095730582Z: [    0.000000] Kernel command line: console=ttyS0 console=ttyAMA0
[STDERR  ] 2018-04-25T10:06:23.095749501Z: [    0.000000] PID hash table entries: 4096 (order: 3, 32768 bytes)
[STDERR  ] 2018-04-25T10:06:23.095763025Z: [    0.000000] Dentry cache hash table entries: 131072 (order: 8, 1048576 bytes)
[STDERR  ] 2018-04-25T10:06:23.095779481Z: [    0.000000] Inode-cache hash table entries: 65536 (order: 7, 524288 bytes)
[STDERR  ] 2018-04-25T10:06:23.095795946Z: [    0.000000] Memory: 990592K/1048052K available (7642K kernel code, 1279K rwdata, 2704K rodata, 1320K init, 688K bss, 57460K reserved, 0K cma-reserved)
[STDERR  ] 2018-04-25T10:06:23.095815020Z: [    0.000000] Kernel/User page tables isolation: enabled
[STDERR  ] 2018-04-25T10:06:23.095831189Z: [    0.000000] Hierarchical RCU implementation.
[STDERR  ] 2018-04-25T10:06:23.095844687Z: [    0.000000] 	Build-time adjustment of leaf fanout to 64.
[STDERR  ] 2018-04-25T10:06:23.095859784Z: [    0.000000] 	RCU restricting CPUs from NR_CPUS=128 to nr_cpu_ids=1.
[STDERR  ] 2018-04-25T10:06:23.095873656Z: [    0.000000] RCU: Adjusting geometry for rcu_fanout_leaf=64, nr_cpu_ids=1
[STDERR  ] 2018-04-25T10:06:23.095887561Z: [    0.000000] NR_IRQS:8448 nr_irqs:256 16
[STDERR  ] 2018-04-25T10:06:23.095902559Z: [    0.000000] Console: colour VGA+ 80x25
[STDERR  ] 2018-04-25T10:06:23.095915669Z: [    0.000000] console [ttyS0] enabled
[STDERR  ] 2018-04-25T10:06:23.095929341Z: [    0.000000] clocksource: hpet: mask: 0xffffffff max_cycles: 0xffffffff, max_idle_ns: 19112604467 ns
[STDERR  ] 2018-04-25T10:06:23.095947939Z: [    0.000000] tsc: Detected 2299.908 MHz processor
[STDERR  ] 2018-04-25T10:06:23.095964118Z: [    0.020000] Calibrating delay loop (skipped) preset value.. 4599.81 BogoMIPS (lpj=22999080)
[STDERR  ] 2018-04-25T10:06:23.095982823Z: [    0.020000] pid_max: default: 32768 minimum: 301
[STDERR  ] 2018-04-25T10:06:23.095996283Z: [    0.020054] ACPI: Core revision 20150930
[STDERR  ] 2018-04-25T10:06:23.096010276Z: [    0.023929] ACPI: 1 ACPI AML tables successfully acquired and loaded
[STDERR  ] 2018-04-25T10:06:23.096025933Z: [    0.030331] Security Framework initialized
[STDERR  ] 2018-04-25T10:06:23.096041859Z: [    0.033507] Yama: becoming mindful.
[STDERR  ] 2018-04-25T10:06:23.096057789Z: [    0.036266] Mount-cache hash table entries: 2048 (order: 2, 16384 bytes)
[STDERR  ] 2018-04-25T10:06:23.096077060Z: [    0.040037] Mountpoint-cache hash table entries: 2048 (order: 2, 16384 bytes)
[STDERR  ] 2018-04-25T10:06:23.096093495Z: [    0.050198] Initializing cgroup subsys io
[STDERR  ] 2018-04-25T10:06:23.096107331Z: [    0.053484] Initializing cgroup subsys memory
[STDERR  ] 2018-04-25T10:06:23.096123614Z: [    0.057022] Initializing cgroup subsys devices
[STDERR  ] 2018-04-25T10:06:23.096139727Z: [    0.060036] Initializing cgroup subsys freezer
[STDERR  ] 2018-04-25T10:06:23.096155474Z: [    0.063512] Initializing cgroup subsys net_cls
[STDERR  ] 2018-04-25T10:06:23.096169081Z: [    0.067016] Initializing cgroup subsys perf_event
[STDERR  ] 2018-04-25T10:06:23.096190211Z: [    0.070040] Initializing cgroup subsys net_prio
[STDERR  ] 2018-04-25T10:06:23.096202150Z: [    0.073672] Initializing cgroup subsys hugetlb
[STDERR  ] 2018-04-25T10:06:23.096215190Z: [    0.077290] Initializing cgroup subsys pids
[STDERR  ] 2018-04-25T10:06:23.096228871Z: [    0.081081] CPU: Physical Processor ID: 0
[STDERR  ] 2018-04-25T10:06:23.096242129Z: [    0.084592] Last level iTLB entries: 4KB 0, 2MB 0, 4MB 0
[STDERR  ] 2018-04-25T10:06:23.096258650Z: [    0.090033] Last level dTLB entries: 4KB 0, 2MB 0, 4MB 0, 1GB 0
[STDERR  ] 2018-04-25T10:06:23.096274657Z: [    0.094920] Spectre V2 : Vulnerable: Minimal generic ASM retpoline
[STDERR  ] 2018-04-25T10:06:23.096293431Z: [    0.207228] Freeing SMP alternatives memory: 20K
[STDERR  ] 2018-04-25T10:06:23.096309535Z: [    0.239189] ftrace: allocating 33482 entries in 131 pages
[STDERR  ] 2018-04-25T10:06:23.096322551Z: [    0.267253] ..TIMER: vector=0x30 apic1=0 pin1=2 apic2=-1 pin2=-1
[STDERR  ] 2018-04-25T10:06:23.096338659Z: [    0.270000] smpboot: CPU0: Intel QEMU Virtual CPU version 2.5+ (family: 0x6, model: 0x6, stepping: 0x3)
[STDERR  ] 2018-04-25T10:06:23.096355193Z: [    0.270000] Performance Events: Broken PMU hardware detected, using software events only.
[STDERR  ] 2018-04-25T10:06:23.096371206Z: [    0.280013] Failed to access perfctr msr (MSR c2 is 0)
[STDERR  ] 2018-04-25T10:06:23.096387447Z: [    0.284136] x86: Booted up 1 node, 1 CPUs
[STDERR  ] 2018-04-25T10:06:23.096403583Z: [    0.287238] smpboot: Total of 1 processors activated (4599.81 BogoMIPS)
[STDERR  ] 2018-04-25T10:06:23.096416728Z: [    0.292720] devtmpfs: initialized
[STDERR  ] 2018-04-25T10:06:23.096430723Z: [    0.304972] clocksource: jiffies: mask: 0xffffffff max_cycles: 0xffffffff, max_idle_ns: 19112604462750000 ns
[STDERR  ] 2018-04-25T10:06:23.096446856Z: [    0.310049] futex hash table entries: 256 (order: 2, 16384 bytes)
[STDERR  ] 2018-04-25T10:06:23.096462534Z: [    0.315291] NET: Registered protocol family 16
[STDERR  ] 2018-04-25T10:06:23.096478613Z: [    0.320329] cpuidle: using governor ladder
[STDERR  ] 2018-04-25T10:06:23.096494493Z: [    0.323619] cpuidle: using governor menu
[STDERR  ] 2018-04-25T10:06:23.096508561Z: [    0.326977] ACPI: bus type PCI registered
[STDERR  ] 2018-04-25T10:06:23.096524144Z: [    0.330536] PCI: MMCONFIG for domain 0000 [bus 00-ff] at [mem 0xb0000000-0xbfffffff] (base 0xb0000000)
[STDERR  ] 2018-04-25T10:06:23.096540375Z: [    0.340015] PCI: MMCONFIG at [mem 0xb0000000-0xbfffffff] reserved in E820
[STDERR  ] 2018-04-25T10:06:23.096556779Z: [    0.345519] PCI: Using configuration type 1 for base access
[STDERR  ] 2018-04-25T10:06:23.096573234Z: [    0.352234] ACPI: Added _OSI(Module Device)
[STDERR  ] 2018-04-25T10:06:23.096588951Z: [    0.355380] ACPI: Added _OSI(Processor Device)
[STDERR  ] 2018-04-25T10:06:23.096612539Z: [    0.358759] ACPI: Added _OSI(3.0 _SCP Extensions)
[STDERR  ] 2018-04-25T10:06:23.096628390Z: [    0.360011] ACPI: Added _OSI(Processor Aggregator Device)
[STDERR  ] 2018-04-25T10:06:23.096646930Z: [    0.374368] ACPI: Interpreter enabled
[STDERR  ] 2018-04-25T10:06:23.096660918Z: [    0.377198] ACPI: (supports S0 S5)
[STDERR  ] 2018-04-25T10:06:23.096676174Z: [    0.379697] ACPI: Using IOAPIC for interrupt routing
[STDERR  ] 2018-04-25T10:06:23.096692163Z: [    0.380084] PCI: Using host bridge windows from ACPI; if necessary, use "pci=nocrs" and report a bug
[STDERR  ] 2018-04-25T10:06:23.096716777Z: [    0.393647] ACPI: PCI Root Bridge [PCI0] (domain 0000 [bus 00-ff])
[STDERR  ] 2018-04-25T10:06:23.096733241Z: [    0.400022] acpi PNP0A08:00: _OSC: OS supports [ExtendedConfig ASPM ClockPM Segments MSI]
[STDERR  ] 2018-04-25T10:06:23.096749085Z: [    0.406985] acpi PNP0A08:00: _OSC: OS now controls [PCIeHotplug PME PCIeCapability]
[STDERR  ] 2018-04-25T10:06:23.096763046Z: [    0.410103] PCI host bridge to bus 0000:00
[STDERR  ] 2018-04-25T10:06:23.096776130Z: [    0.412995] pci_bus 0000:00: root bus resource [io  0x0000-0x0cf7 window]
[STDERR  ] 2018-04-25T10:06:23.096794747Z: [    0.420017] pci_bus 0000:00: root bus resource [io  0x0d00-0xffff window]
[STDERR  ] 2018-04-25T10:06:23.096810773Z: [    0.425510] pci_bus 0000:00: root bus resource [mem 0x000a0000-0x000bffff window]
[STDERR  ] 2018-04-25T10:06:23.096829751Z: [    0.430017] pci_bus 0000:00: root bus resource [mem 0xc0000000-0xfebfffff window]
[STDERR  ] 2018-04-25T10:06:23.096845708Z: [    0.435500] pci_bus 0000:00: root bus resource [bus 00-ff]
[STDERR  ] 2018-04-25T10:06:23.096874535Z: [    0.627191] pci 0000:00:1f.0: quirk: [io  0x0600-0x067f] claimed by ICH6 ACPI/GPIO/TCO
[STDERR  ] 2018-04-25T10:06:23.096892121Z: [    0.714904] ACPI: PCI Interrupt Link [LNKA] (IRQs 5 *10 11)
[STDERR  ] 2018-04-25T10:06:23.096907313Z: [    0.721104] ACPI: PCI Interrupt Link [LNKB] (IRQs 5 *10 11)
[STDERR  ] 2018-04-25T10:06:23.096922417Z: [    0.726450] ACPI: PCI Interrupt Link [LNKC] (IRQs 5 10 *11)
[STDERR  ] 2018-04-25T10:06:23.096937935Z: [    0.731642] ACPI: PCI Interrupt Link [LNKD] (IRQs 5 10 *11)
[STDERR  ] 2018-04-25T10:06:23.096953399Z: [    0.736862] ACPI: PCI Interrupt Link [LNKE] (IRQs 5 *10 11)
[STDERR  ] 2018-04-25T10:06:23.096966846Z: [    0.741779] ACPI: PCI Interrupt Link [LNKF] (IRQs 5 *10 11)
[STDERR  ] 2018-04-25T10:06:23.096981473Z: [    0.747275] ACPI: PCI Interrupt Link [LNKG] (IRQs 5 10 *11)
[STDERR  ] 2018-04-25T10:06:23.096996342Z: [    0.751662] ACPI: PCI Interrupt Link [LNKH] (IRQs 5 10 *11)
[STDERR  ] 2018-04-25T10:06:23.097009685Z: [    0.756523] ACPI: PCI Interrupt Link [GSIA] (IRQs *16)
[STDERR  ] 2018-04-25T10:06:23.097028941Z: [    0.760873] ACPI: PCI Interrupt Link [GSIB] (IRQs *17)
[STDERR  ] 2018-04-25T10:06:23.097045955Z: [    0.765688] ACPI: PCI Interrupt Link [GSIC] (IRQs *18)
[STDERR  ] 2018-04-25T10:06:23.097058980Z: [    0.770860] ACPI: PCI Interrupt Link [GSID] (IRQs *19)
[STDERR  ] 2018-04-25T10:06:23.097074177Z: [    0.775108] ACPI: PCI Interrupt Link [GSIE] (IRQs *20)
[STDERR  ] 2018-04-25T10:06:23.097089338Z: [    0.780424] ACPI: PCI Interrupt Link [GSIF] (IRQs *21)
[STDERR  ] 2018-04-25T10:06:23.097104391Z: [    0.784669] ACPI: PCI Interrupt Link [GSIG] (IRQs *22)
[STDERR  ] 2018-04-25T10:06:23.097119769Z: [    0.789443] ACPI: PCI Interrupt Link [GSIH] (IRQs *23)
[STDERR  ] 2018-04-25T10:06:23.097135369Z: [    0.791242] ACPI: Enabled 1 GPEs in block 00 to 3F
[STDERR  ] 2018-04-25T10:06:23.097150311Z: [    0.796140] SCSI subsystem initialized
[STDERR  ] 2018-04-25T10:06:23.097162976Z: [    0.800115] ACPI: bus type USB registered
[STDERR  ] 2018-04-25T10:06:23.097176552Z: [    0.803295] usbcore: registered new interface driver usbfs
[STDERR  ] 2018-04-25T10:06:23.097191309Z: [    0.810054] usbcore: registered new interface driver hub
[STDERR  ] 2018-04-25T10:06:23.097206220Z: [    0.814376] usbcore: registered new device driver usb
[STDERR  ] 2018-04-25T10:06:23.097219266Z: [    0.818552] pps_core: LinuxPPS API ver. 1 registered
[STDERR  ] 2018-04-25T10:06:23.097232773Z: [    0.820009] pps_core: Software ver. 5.3.6 - Copyright 2005-2007 Rodolfo Giometti <giometti@linux.it>
[STDERR  ] 2018-04-25T10:06:23.097247494Z: [    0.826729] PTP clock support registered
[STDERR  ] 2018-04-25T10:06:23.097262936Z: [    0.830083] wmi: Mapper loaded
[STDERR  ] 2018-04-25T10:06:23.097276435Z: [    0.832718] PCI: Using ACPI for IRQ routing
[STDERR  ] 2018-04-25T10:06:23.097291424Z: [    1.232615] NetLabel: Initializing
[STDERR  ] 2018-04-25T10:06:23.097312041Z: [    1.235574] NetLabel:  domain hash size = 128
[STDERR  ] 2018-04-25T10:06:23.097327575Z: [    1.239227] NetLabel:  protocols = UNLABELED CIPSOv4
[STDERR  ] 2018-04-25T10:06:23.097345130Z: [    1.240074] NetLabel:  unlabeled traffic allowed by default
[STDERR  ] 2018-04-25T10:06:23.097360398Z: [    1.244566] HPET: 3 timers in total, 0 timers will be used for per-cpu timer
[STDERR  ] 2018-04-25T10:06:23.097375927Z: [    1.250113] hpet0: at MMIO 0xfed00000, IRQs 2, 8, 0
[STDERR  ] 2018-04-25T10:06:23.097391225Z: [    1.254349] hpet0: 3 comparators, 64-bit 100.000000 MHz counter
[STDERR  ] 2018-04-25T10:06:23.097410492Z: [    1.264636] amd_nb: Cannot enumerate AMD northbridges
[STDERR  ] 2018-04-25T10:06:23.097426002Z: [    1.270037] clocksource: Switched to clocksource kvm-clock
[STDERR  ] 2018-04-25T10:06:23.097439130Z: [    1.296338] FS-Cache: Loaded
[STDERR  ] 2018-04-25T10:06:23.097456887Z: [    1.298996] CacheFiles: Loaded
[STDERR  ] 2018-04-25T10:06:23.097474308Z: [    1.301858] pnp: PnP ACPI init
[STDERR  ] 2018-04-25T10:06:23.097487425Z: [    1.305818] pnp: PnP ACPI: found 5 devices
[STDERR  ] 2018-04-25T10:06:23.097503352Z: [    1.315969] clocksource: acpi_pm: mask: 0xffffff max_cycles: 0xffffff, max_idle_ns: 2085701024 ns
[STDERR  ] 2018-04-25T10:06:23.097518431Z: [    1.323365] NET: Registered protocol family 2
[STDERR  ] 2018-04-25T10:06:23.097531637Z: [    1.327421] TCP established hash table entries: 8192 (order: 4, 65536 bytes)
[STDERR  ] 2018-04-25T10:06:23.097546883Z: [    1.333157] TCP bind hash table entries: 8192 (order: 5, 131072 bytes)
[STDERR  ] 2018-04-25T10:06:23.097562141Z: [    1.338206] TCP: Hash tables configured (established 8192 bind 8192)
[STDERR  ] 2018-04-25T10:06:23.097577411Z: [    1.343583] UDP hash table entries: 512 (order: 2, 16384 bytes)
[STDERR  ] 2018-04-25T10:06:23.097592882Z: [    1.348586] UDP-Lite hash table entries: 512 (order: 2, 16384 bytes)
[STDERR  ] 2018-04-25T10:06:23.097615663Z: [    1.353863] NET: Registered protocol family 1
[STDERR  ] 2018-04-25T10:06:23.097630916Z: [    1.357604] Unpacking initramfs...
[STDERR  ] 2018-04-25T10:06:23.097648235Z: [    2.321240] Freeing initrd memory: 23436K
[STDERR  ] 2018-04-25T10:06:23.097663161Z: [    2.331415] PCLMULQDQ-NI instructions are not detected.
[STDERR  ] 2018-04-25T10:06:23.097676345Z: [    2.336327] AVX or AES-NI instructions are not detected.
[STDERR  ] 2018-04-25T10:06:23.097691299Z: [    2.341108] CPU feature 'AVX registers' is not supported.
[STDERR  ] 2018-04-25T10:06:23.097706595Z: [    2.345508] CPU feature 'AVX registers' is not supported.
[STDERR  ] 2018-04-25T10:06:23.097722429Z: [    2.349834] CPU feature 'AVX registers' is not supported.
[STDERR  ] 2018-04-25T10:06:23.097737727Z: [    2.354424] CPU feature 'AVX registers' is not supported.
[STDERR  ] 2018-04-25T10:06:23.097755357Z: [    2.358888] AVX2 or AES-NI instructions are not detected.
[STDERR  ] 2018-04-25T10:06:23.097770743Z: [    2.363332] AVX2 instructions are not detected.
[STDERR  ] 2018-04-25T10:06:23.097786024Z: [    2.367539] audit: initializing netlink subsys (disabled)
[STDERR  ] 2018-04-25T10:06:23.097801334Z: [    2.372287] audit: type=2000 audit(1524650777.225:1): initialized
[STDERR  ] 2018-04-25T10:06:23.097816852Z: [    2.377916] HugeTLB registered 2 MB page size, pre-allocated 0 pages
[STDERR  ] 2018-04-25T10:06:23.097840403Z: [    2.383296] VFS: Disk quotas dquot_6.6.0
[STDERR  ] 2018-04-25T10:06:23.097867860Z: [    2.386818] VFS: Dquot-cache hash table entries: 512 (order 0, 4096 bytes)
[STDERR  ] 2018-04-25T10:06:23.097881060Z: [    2.392910] squashfs: version 4.0 (2009/01/31) Phillip Lougher
[STDERR  ] 2018-04-25T10:06:23.097897910Z: [    2.397777] FS-Cache: Netfs 'cifs' registered for caching
[STDERR  ] 2018-04-25T10:06:23.097911708Z: [    2.402089] fuse init (API version 7.23)
[STDERR  ] 2018-04-25T10:06:23.097924948Z: [    2.405676] SGI XFS with ACLs, security attributes, no debug enabled
[STDERR  ] 2018-04-25T10:06:23.097944497Z: [    2.411328] 9p: Installing v9fs 9p2000 file system support
[STDERR  ] 2018-04-25T10:06:23.097965925Z: [    2.415595] FS-Cache: Netfs '9p' registered for caching
[STDERR  ] 2018-04-25T10:06:23.097981237Z: [    2.419698] Key type big_key registered
[STDERR  ] 2018-04-25T10:06:23.097994722Z: [    2.434080] NET: Registered protocol family 38
[STDERR  ] 2018-04-25T10:06:23.098010159Z: [    2.437764] Key type asymmetric registered
[STDERR  ] 2018-04-25T10:06:23.098025549Z: [    2.441075] Asymmetric key parser 'x509' registered
[STDERR  ] 2018-04-25T10:06:23.098041119Z: [    2.444846] Block layer SCSI generic (bsg) driver version 0.4 loaded (major 251)
[STDERR  ] 2018-04-25T10:06:23.098059722Z: [    2.450808] io scheduler noop registered
[STDERR  ] 2018-04-25T10:06:23.098079700Z: [    2.453928] io scheduler deadline registered (default)
[STDERR  ] 2018-04-25T10:06:23.098095299Z: [    2.457943] io scheduler cfq registered
[STDERR  ] 2018-04-25T10:06:23.098108341Z: [    2.461413] pci_hotplug: PCI Hot Plug PCI Core version: 0.5
[STDERR  ] 2018-04-25T10:06:23.098123709Z: [    2.465741] pciehp: PCI Express Hot Plug Controller Driver version: 0.4
[STDERR  ] 2018-04-25T10:06:23.098137002Z: [    2.470568] shpchp: Standard Hot Plug PCI Controller Driver version: 0.4
[STDERR  ] 2018-04-25T10:06:23.098151738Z: [    2.475281] hv_vmbus: registering driver hyperv_fb
[STDERR  ] 2018-04-25T10:06:23.098165053Z: [    2.479098] input: Power Button as /devices/LNXSYSTM:00/LNXPWRBN:00/input/input0
[STDERR  ] 2018-04-25T10:06:23.098180294Z: [    2.484761] ACPI: Power Button [PWRF]
[STDERR  ] 2018-04-25T10:06:23.098195653Z: [    2.488365] GHES: HEST is not enabled!
[STDERR  ] 2018-04-25T10:06:23.098210989Z: [    2.492108] ACPI: PCI Interrupt Link [GSIG] enabled at IRQ 22
[STDERR  ] 2018-04-25T10:06:23.098228496Z: [    2.503029] ACPI: PCI Interrupt Link [GSIH] enabled at IRQ 23
[STDERR  ] 2018-04-25T10:06:23.098243672Z: [    2.513684] xenfs: not registering filesystem on non-xen platform
[STDERR  ] 2018-04-25T10:06:23.098257057Z: [    2.518727] Serial: 8250/16550 driver, 4 ports, IRQ sharing disabled
[STDERR  ] 2018-04-25T10:06:23.098271751Z: [    2.556274] 00:04: ttyS0 at I/O 0x3f8 (irq = 4, base_baud = 115200) is a 16550A
[STDERR  ] 2018-04-25T10:06:23.098286873Z: [    2.564145] Non-volatile memory driver v1.3
[STDERR  ] 2018-04-25T10:06:23.098300158Z: [    2.569632] Hangcheck: starting hangcheck timer 0.9.1 (tick is 180 seconds, margin is 60 seconds).
[STDERR  ] 2018-04-25T10:06:23.098315593Z: [    2.577592] random: nonblocking pool is initialized
[STDERR  ] 2018-04-25T10:06:23.098331014Z: [    2.591994] loop: module loaded
[STDERR  ] 2018-04-25T10:06:23.098346122Z: [    2.596584] nbd: registered device at major 43
[STDERR  ] 2018-04-25T10:06:23.098363628Z: [    2.602209] lpc_ich 0000:00:1f.0: I/O space for GPIO uninitialized
[STDERR  ] 2018-04-25T10:06:23.098378795Z: [    2.607307] VMware PVSCSI driver - version 1.0.5.0-k
[STDERR  ] 2018-04-25T10:06:23.098394018Z: [    2.611914] hv_vmbus: registering driver hv_storvsc
[STDERR  ] 2018-04-25T10:06:23.098409275Z: [    2.616692] ACPI: PCI Interrupt Link [GSIA] enabled at IRQ 16
[STDERR  ] 2018-04-25T10:06:23.098422504Z: [    2.624170] ahci 0000:00:1f.2: AHCI 0001.0000 32 slots 6 ports 1.5 Gbps 0x3f impl SATA mode
[STDERR  ] 2018-04-25T10:06:23.098437259Z: [    2.630777] ahci 0000:00:1f.2: flags: 64bit ncq only 
[STDERR  ] 2018-04-25T10:06:23.098450388Z: [    2.638584] scsi host0: ahci
[STDERR  ] 2018-04-25T10:06:23.098465647Z: [    2.641262] scsi host1: ahci
[STDERR  ] 2018-04-25T10:06:23.098480829Z: [    2.643693] scsi host2: ahci
[STDERR  ] 2018-04-25T10:06:23.098495986Z: [    2.646210] scsi host3: ahci
[STDERR  ] 2018-04-25T10:06:23.098511178Z: [    2.648820] scsi host4: ahci
[STDERR  ] 2018-04-25T10:06:23.098526481Z: [    2.651609] scsi host5: ahci
[STDERR  ] 2018-04-25T10:06:23.098541735Z: [    2.654301] ata1: SATA max UDMA/133 abar m4096@0xfebd2000 port 0xfebd2100 irq 24
[STDERR  ] 2018-04-25T10:06:23.098559891Z: [    2.660250] ata2: SATA max UDMA/133 abar m4096@0xfebd2000 port 0xfebd2180 irq 24
[STDERR  ] 2018-04-25T10:06:23.098580468Z: [    2.665934] ata3: SATA max UDMA/133 abar m4096@0xfebd2000 port 0xfebd2200 irq 24
[STDERR  ] 2018-04-25T10:06:23.098595949Z: [    2.671691] ata4: SATA max UDMA/133 abar m4096@0xfebd2000 port 0xfebd2280 irq 24
[STDERR  ] 2018-04-25T10:06:23.098619723Z: [    2.677662] ata5: SATA max UDMA/133 abar m4096@0xfebd2000 port 0xfebd2300 irq 24
[STDERR  ] 2018-04-25T10:06:23.098635150Z: [    2.683527] ata6: SATA max UDMA/133 abar m4096@0xfebd2000 port 0xfebd2380 irq 24
[STDERR  ] 2018-04-25T10:06:23.098650351Z: [    2.692920] tun: Universal TUN/TAP device driver, 1.6
[STDERR  ] 2018-04-25T10:06:23.098663678Z: [    2.697674] tun: (C) 1999-2004 Max Krasnyansky <maxk@qualcomm.com>
[STDERR  ] 2018-04-25T10:06:23.098683349Z: [    2.706570] VMware vmxnet3 virtual NIC driver - version 1.4.5.0-k-NAPI
[STDERR  ] 2018-04-25T10:06:23.098699369Z: [    2.712229] hv_vmbus: registering driver hv_netvsc
[STDERR  ] 2018-04-25T10:06:23.098714657Z: [    2.716192] Fusion MPT base driver 3.04.20
[STDERR  ] 2018-04-25T10:06:23.098729798Z: [    2.719505] Copyright (c) 1999-2008 LSI Corporation
[STDERR  ] 2018-04-25T10:06:23.098744728Z: [    2.723501] Fusion MPT SPI Host driver 3.04.20
[STDERR  ] 2018-04-25T10:06:23.098758114Z: [    2.727191] i8042: PNP: PS/2 Controller [PNP0303:KBD,PNP0f13:MOU] at 0x60,0x64 irq 1,12
[STDERR  ] 2018-04-25T10:06:23.098773395Z: [    2.736667] serio: i8042 KBD port at 0x60,0x64 irq 1
[STDERR  ] 2018-04-25T10:06:23.098788956Z: [    2.740936] serio: i8042 AUX port at 0x60,0x64 irq 12
[STDERR  ] 2018-04-25T10:06:23.098806981Z: [    2.745104] hv_vmbus: registering driver hyperv_keyboard
[STDERR  ] 2018-04-25T10:06:23.098822163Z: [    2.749350] mousedev: PS/2 mouse device common for all mice
[STDERR  ] 2018-04-25T10:06:23.098837565Z: [    2.754951] input: AT Translated Set 2 keyboard as /devices/platform/i8042/serio0/input/input1
[STDERR  ] 2018-04-25T10:06:23.098855640Z: [    2.762028] input: PC Speaker as /devices/platform/pcspkr/input/input2
[STDERR  ] 2018-04-25T10:06:23.098870970Z: [    2.768418] rtc_cmos 00:00: RTC can wake from S4
[STDERR  ] 2018-04-25T10:06:23.098884375Z: [    2.773726] rtc_cmos 00:00: rtc core: registered rtc_cmos as rtc0
[STDERR  ] 2018-04-25T10:06:23.098899327Z: [    2.779152] rtc_cmos 00:00: alarms up to one day, y3k, 114 bytes nvram, hpet irqs
[STDERR  ] 2018-04-25T10:06:23.098918134Z: [    2.785308] i2c /dev entries driver
[STDERR  ] 2018-04-25T10:06:23.098933906Z: [    2.788527] device-mapper: ioctl: 4.34.0-ioctl (2015-10-28) initialised: dm-devel@redhat.com
[STDERR  ] 2018-04-25T10:06:23.098949047Z: [    2.796012] usbcore: registered new interface driver usbhid
[STDERR  ] 2018-04-25T10:06:23.098964011Z: [    2.800572] usbhid: USB HID core driver
[STDERR  ] 2018-04-25T10:06:23.098977369Z: [    2.803798] hv_utils: Registering HyperV Utility Driver
[STDERR  ] 2018-04-25T10:06:23.098992163Z: [    2.807979] hv_vmbus: registering driver hv_util
[STDERR  ] 2018-04-25T10:06:23.099007070Z: [    2.811665] hv_vmbus: registering driver hv_balloon
[STDERR  ] 2018-04-25T10:06:23.099020158Z: [    2.815418] oprofile: using NMI interrupt.
[STDERR  ] 2018-04-25T10:06:23.099035399Z: [    2.818756] GACT probability on
[STDERR  ] 2018-04-25T10:06:23.099050416Z: [    2.821460] Mirror/redirect action on
[STDERR  ] 2018-04-25T10:06:23.099065429Z: [    2.824628] Simple TC action Loaded
[STDERR  ] 2018-04-25T10:06:23.099078753Z: [    2.827655] u32 classifier
[STDERR  ] 2018-04-25T10:06:23.099093799Z: [    2.829875]     Performance counters on
[STDERR  ] 2018-04-25T10:06:23.099106599Z: [    2.833072]     input device check on
[STDERR  ] 2018-04-25T10:06:23.099121832Z: [    2.835881]     Actions configured
[STDERR  ] 2018-04-25T10:06:23.099137129Z: [    2.838593] Netfilter messages via NETLINK v0.30.
[STDERR  ] 2018-04-25T10:06:23.099154994Z: [    2.842555] nfnl_acct: registering with nfnetlink.
[STDERR  ] 2018-04-25T10:06:23.099170220Z: [    2.846394] nf_conntrack version 0.5.0 (7922 buckets, 31688 max)
[STDERR  ] 2018-04-25T10:06:23.099188321Z: [    2.851202] ctnetlink v0.93: registering with nfnetlink.
[STDERR  ] 2018-04-25T10:06:23.099209658Z: [    2.855360] nf_tables: (c) 2007-2009 Patrick McHardy <kaber@trash.net>
[STDERR  ] 2018-04-25T10:06:23.099221787Z: [    2.860217] nf_tables_compat: (c) 2012 Pablo Neira Ayuso <pablo@netfilter.org>
[STDERR  ] 2018-04-25T10:06:23.099242160Z: [    2.865995] xt_time: kernel timezone is -0000
[STDERR  ] 2018-04-25T10:06:23.099257504Z: [    2.869332] ip_set: protocol 6
[STDERR  ] 2018-04-25T10:06:23.099272848Z: [    2.871837] IPVS: Registered protocols (TCP, UDP, SCTP, AH, ESP)
[STDERR  ] 2018-04-25T10:06:23.099286250Z: [    2.876279] IPVS: Connection hash table configured (size=4096, memory=64Kbytes)
[STDERR  ] 2018-04-25T10:06:23.099306232Z: [    2.881760] IPVS: Creating netns size=2096 id=0
[STDERR  ] 2018-04-25T10:06:23.099321224Z: [    2.885898] IPVS: ipvs loaded.
[STDERR  ] 2018-04-25T10:06:23.099334836Z: [    2.888272] IPVS: [rr] scheduler registered.
[STDERR  ] 2018-04-25T10:06:23.099349952Z: [    2.891753] IPVS: [wrr] scheduler registered.
[STDERR  ] 2018-04-25T10:06:23.099362090Z: [    2.895340] IPVS: [lc] scheduler registered.
[STDERR  ] 2018-04-25T10:06:23.099377660Z: [    2.898891] IPVS: [wlc] scheduler registered.
[STDERR  ] 2018-04-25T10:06:23.099392914Z: [    2.902557] IPVS: [fo] scheduler registered.
[STDERR  ] 2018-04-25T10:06:23.099408175Z: [    2.905949] IPVS: [ovf] scheduler registered.
[STDERR  ] 2018-04-25T10:06:23.099423489Z: [    2.909196] IPVS: [lblc] scheduler registered.
[STDERR  ] 2018-04-25T10:06:23.099438745Z: [    2.912585] IPVS: [lblcr] scheduler registered.
[STDERR  ] 2018-04-25T10:06:23.099453992Z: [    2.916087] IPVS: [dh] scheduler registered.
[STDERR  ] 2018-04-25T10:06:23.099469282Z: [    2.919482] IPVS: [sh] scheduler registered.
[STDERR  ] 2018-04-25T10:06:23.099484445Z: [    2.923243] IPVS: [sed] scheduler registered.
[STDERR  ] 2018-04-25T10:06:23.099499610Z: [    2.926908] IPVS: [nq] scheduler registered.
[STDERR  ] 2018-04-25T10:06:23.099517432Z: [    2.930201] IPVS: ftp: loaded support on port[0] = 21
[STDERR  ] 2018-04-25T10:06:23.099532928Z: [    2.934239] ipip: IPv4 over IPv4 tunneling driver
[STDERR  ] 2018-04-25T10:06:23.099546355Z: [    2.938210] gre: GRE over IPv4 demultiplexor driver
[STDERR  ] 2018-04-25T10:06:23.099563768Z: [    2.942815] ip_tables: (C) 2000-2006 Netfilter Core Team
[STDERR  ] 2018-04-25T10:06:23.099579060Z: [    2.947098] ipt_CLUSTERIP: ClusterIP Version 0.8 loaded successfully
[STDERR  ] 2018-04-25T10:06:23.099594377Z: [    2.951947] arp_tables: (C) 2002 David S. Miller
[STDERR  ] 2018-04-25T10:06:23.099614695Z: [    2.955826] NET: Registered protocol family 10
[STDERR  ] 2018-04-25T10:06:23.099629736Z: [    2.959981] ip6_tables: (C) 2000-2006 Netfilter Core Team
[STDERR  ] 2018-04-25T10:06:23.099642871Z: [    2.965621] NET: Registered protocol family 17
[STDERR  ] 2018-04-25T10:06:23.099657991Z: [    2.969332] bridge: automatic filtering via arp/ip/ip6tables has been deprecated. Update your scripts to load br_netfilter if you need this.
[STDERR  ] 2018-04-25T10:06:23.099676358Z: [    2.978737] Bridge firewalling registered
[STDERR  ] 2018-04-25T10:06:23.099691700Z: [    2.982156] Ebtables v2.0 registered
[STDERR  ] 2018-04-25T10:06:23.099704932Z: [    2.985455] 8021q: 802.1Q VLAN Support v1.8
[STDERR  ] 2018-04-25T10:06:23.099719789Z: [    2.988690] 9pnet: Installing 9P2000 support
[STDERR  ] 2018-04-25T10:06:23.099734925Z: [    2.991959] Key type dns_resolver registered
[STDERR  ] 2018-04-25T10:06:23.099752559Z: [    2.995252] registered taskstats version 1
[STDERR  ] 2018-04-25T10:06:23.099767848Z: [    3.004661] Key type encrypted registered
[STDERR  ] 2018-04-25T10:06:23.099783374Z: [    3.009733] rtc_cmos 00:00: setting system clock to 2018-04-25 10:06:18 UTC (1524650778)
[STDERR  ] 2018-04-25T10:06:23.099798714Z: [    3.040955] ata2: SATA link down (SStatus 0 SControl 300)
[STDERR  ] 2018-04-25T10:06:23.099814222Z: [    3.046570] ata1: SATA link down (SStatus 0 SControl 300)
[STDERR  ] 2018-04-25T10:06:23.099829239Z: [    3.051775] ata3: SATA link up 1.5 Gbps (SStatus 113 SControl 300)
[STDERR  ] 2018-04-25T10:06:23.099850187Z: [    3.056897] ata3.00: ATAPI: QEMU DVD-ROM, 2.5+, max UDMA/100
[STDERR  ] 2018-04-25T10:06:23.099863533Z: [    3.061591] ata3.00: applying bridge limits
[STDERR  ] 2018-04-25T10:06:23.099878416Z: [    3.065792] ata4: SATA link down (SStatus 0 SControl 300)
[STDERR  ] 2018-04-25T10:06:23.099893837Z: [    3.070789] ata5: SATA link down (SStatus 0 SControl 300)
[STDERR  ] 2018-04-25T10:06:23.099909403Z: [    3.075638] ata6: SATA link down (SStatus 0 SControl 300)
[STDERR  ] 2018-04-25T10:06:23.099924391Z: [    3.080341] ata3.00: configured for UDMA/100
[STDERR  ] 2018-04-25T10:06:23.099941890Z: [    3.084555] scsi 2:0:0:0: CD-ROM            QEMU     QEMU DVD-ROM     2.5+ PQ: 0 ANSI: 5
[STDERR  ] 2018-04-25T10:06:23.099961688Z: [    3.100988] sr 2:0:0:0: [sr0] scsi3-mmc drive: 4x/4x cd/rw xa/form2 tray
[STDERR  ] 2018-04-25T10:06:23.099974890Z: [    3.106091] cdrom: Uniform CD-ROM driver Revision: 3.20
[STDERR  ] 2018-04-25T10:06:23.099988290Z: [    3.110923] sr 2:0:0:0: Attached scsi generic sg0 type 5
[STDERR  ] 2018-04-25T10:06:23.100003348Z: [    3.117128] Freeing unused kernel memory: 1320K
[STDERR  ] 2018-04-25T10:06:23.100020388Z: [    3.120846] Write protecting the kernel read-only data: 12288k
[STDERR  ] 2018-04-25T10:06:23.100038630Z: [    3.125580] Freeing unused kernel memory: 540K
[STDERR  ] 2018-04-25T10:06:23.100054056Z: [    3.133347] Freeing unused kernel memory: 1392K
[STDERR  ] 2018-04-25T10:06:23.100069426Z: 
[STDERR  ] 2018-04-25T10:06:23.100084721Z: Welcome to LinuxKit
[STDERR  ] 2018-04-25T10:06:23.100097154Z: 
[STDERR  ] 2018-04-25T10:06:23.100108397Z:                         ##         .
[STDERR  ] 2018-04-25T10:06:23.100122033Z:                   ## ## ##        ==
[STDERR  ] 2018-04-25T10:06:23.100137192Z:                ## ## ## ## ##    ===
[STDERR  ] 2018-04-25T10:06:23.100152443Z:            /"""""""""""""""""\___/ ===
[STDERR  ] 2018-04-25T10:06:23.100167940Z:           {                       /  ===-
[STDERR  ] 2018-04-25T10:06:23.100183338Z:            \______ O           __/
[STDERR  ] 2018-04-25T10:06:23.100198543Z:              \    \         __/
[STDERR  ] 2018-04-25T10:06:23.100213824Z:               \____\_______/
[STDERR  ] 2018-04-25T10:06:23.100226573Z: 
[STDERR  ] 2018-04-25T10:06:23.100241694Z: [    3.643915] hello_world: loading out-of-tree module taints kernel.
[STDERR  ] 2018-04-25T10:06:23.100257107Z: [    3.650687] Hello LinuxKit
[STDERR  ] 2018-04-25T10:06:23.100270402Z: [    3.656607] Goodbye LinuxKit.
[STDERR  ] 2018-04-25T10:06:23.100285242Z: Linux linuxkit-02d9d0e43d2f 4.4.128-linuxkit #1 SMP Mon Apr 23 11:36:18 UTC 2018 x86_64 Linux
[STDERR  ] 2018-04-25T10:06:23.100300300Z: filename:       hello_world.ko
[STDERR  ] 2018-04-25T10:06:23.100313597Z: author:         Rolf Neugebauer <rolf.neugebauer@docker.com>
[STDERR  ] 2018-04-25T10:06:23.100333723Z: description:    A simple Hello World kernel module for testing
[STDERR  ] 2018-04-25T10:06:23.100349373Z: license:        GPL
[STDERR  ] 2018-04-25T10:06:23.100364042Z: depends:        
[STDERR  ] 2018-04-25T10:06:23.100377215Z: vermagic:       4.4.128-linuxkit SMP mod_unload 
[STDERR  ] 2018-04-25T10:06:23.100392574Z: Kernel module test suite PASSED
[STDERR  ] 2018-04-25T10:06:23.100407956Z: [    6.738272] ACPI: Preparing to enter system sleep state S5
[STDERR  ] 2018-04-25T10:06:23.100423308Z: [    6.743570] reboot: Power down
[STDERR  ] 2018-04-25T10:06:23.100700323Z: + grep -q Hello LinuxKit
[STDERR  ] 2018-04-25T10:06:23.101940595Z: + exit 0
[STDERR  ] 2018-04-25T10:06:23.101996359Z: + clean_up
[STDERR  ] 2018-04-25T10:06:23.102059313Z: + docker rmi kmod-test
[STDOUT  ] 2018-04-25T10:06:23.126074041Z: Untagged: kmod-test:latest
[STDOUT  ] 2018-04-25T10:06:23.126228000Z: Deleted: sha256:9de0bc7cc292cfec86df2e8a3c3116134702fa7c722be12545c79ebec7671266
[STDOUT  ] 2018-04-25T10:06:23.126238852Z: Deleted: sha256:1e49ed43291eb233bb79dfcce8a8ca11e7c4efd139b2a38703099caf38c82ce9
[STDOUT  ] 2018-04-25T10:06:23.126248402Z: Deleted: sha256:c1b0f56deb7ed915655f312b31e65ba6bee9fb69ac706d6679a2712cce87322e
[STDOUT  ] 2018-04-25T10:06:23.126270005Z: Deleted: sha256:3b253d0e6ab210ca1da2271bb8e378cff33b797437901b7f425ba5a7db6905c2
[STDOUT  ] 2018-04-25T10:06:23.126279598Z: Deleted: sha256:f13188df72a4c36903ebefde8b55f42b90216747d7b502272156d3900c0a8f83
[STDERR  ] 2018-04-25T10:06:23.127189829Z: + rm -rf kmod-cmdline kmod-initrd.img kmod-kernel kmod-state
[PASS    ] linuxkit.kernel.kmod_4.4.x 42.52s
