[INFO    ] 2018-12-23T11:52:25.200104049Z: Running Test linuxkit.packages.wireguard in /tmp/with_clone33cd8caf/test/cases/040_packages/023_wireguard
[STDERR  ] 2018-12-23T11:52:25.200281179Z:                   ## ## ##        ==
[STDERR  ] 2018-12-23T11:52:25.200323653Z:                ## ## ## ## ##    ===
[STDERR  ] 2018-12-23T11:52:25.200350397Z:            /"""""""""""""""""\___/ ===
[INFO    ] 2018-12-23T11:52:25.200373419Z: Running command: [/bin/sh -x /tmp/with_clone33cd8caf/test/cases/040_packages/023_wireguard/test.sh]
[STDERR  ] 2018-12-23T11:52:25.200377015Z:           {                       /  ===-
[STDERR  ] 2018-12-23T11:52:25.200435427Z:            \______ O           __/
[STDERR  ] 2018-12-23T11:52:25.200462815Z:              \    \         __/
[STDERR  ] 2018-12-23T11:52:25.200503964Z:               \____\_______/
[STDERR  ] 2018-12-23T11:52:25.200535503Z: 
[STDERR  ] 2018-12-23T11:52:25.200560753Z: sysctl test suite PASSED
[STDERR  ] 2018-12-23T11:52:25.200600767Z: [   46.968518] ACPI: Preparing to enter system sleep state S5
[STDERR  ] 2018-12-23T11:52:25.200629259Z: [   46.970360] reboot: Power down
[STDERR  ] 2018-12-23T11:52:25.200654034Z: + echo [    0.000000] Linux version 4.14.90-linuxkit (root@0ff365c31169) (gcc version 6.4.0 (Alpine 6.4.0)) #1 SMP Sat Dec 22 11:49:10 UTC 2018
[STDERR  ] 2018-12-23T11:52:25.200673857Z: [    0.000000] Command line: console=ttyS0 console=ttyAMA0
[STDERR  ] 2018-12-23T11:52:25.200693488Z: [    0.000000] x86/fpu: x87 FPU will use FXSAVE
[STDERR  ] 2018-12-23T11:52:25.200713085Z: [    0.000000] e820: BIOS-provided physical RAM map:
[STDERR  ] 2018-12-23T11:52:25.200742030Z: [    0.000000] BIOS-e820: [mem 0x0000000000000000-0x000000000009fbff] usable
[STDERR  ] 2018-12-23T11:52:25.200771659Z: [    0.000000] BIOS-e820: [mem 0x000000000009fc00-0x000000000009ffff] reserved
[STDERR  ] 2018-12-23T11:52:25.200801610Z: [    0.000000] BIOS-e820: [mem 0x00000000000f0000-0x00000000000fffff] reserved
[STDERR  ] 2018-12-23T11:52:25.200826497Z: [    0.000000] BIOS-e820: [mem 0x0000000000100000-0x000000003ffdefff] usable
[STDERR  ] 2018-12-23T11:52:25.200854449Z: [    0.000000] BIOS-e820: [mem 0x000000003ffdf000-0x000000003fffffff] reserved
[STDERR  ] 2018-12-23T11:52:25.200883497Z: [    0.000000] BIOS-e820: [mem 0x00000000b0000000-0x00000000bfffffff] reserved
[STDERR  ] 2018-12-23T11:52:25.200916785Z: [    0.000000] BIOS-e820: [mem 0x00000000fed1c000-0x00000000fed1ffff] reserved
[STDERR  ] 2018-12-23T11:52:25.200948537Z: [    0.000000] BIOS-e820: [mem 0x00000000fffc0000-0x00000000ffffffff] reserved
[STDERR  ] 2018-12-23T11:52:25.200972925Z: [    0.000000] NX (Execute Disable) protection: active
[STDERR  ] 2018-12-23T11:52:25.201005430Z: [    0.000000] SMBIOS 2.8 present.
[STDERR  ] 2018-12-23T11:52:25.201040897Z: [    0.000000] DMI: QEMU Standard PC (Q35 + ICH9, 2009), BIOS rel-1.10.2-0-g5f4c7b1-prebuilt.qemu-project.org 04/01/2014
[STDERR  ] 2018-12-23T11:52:25.201072996Z: [    0.000000] tsc: Fast TSC calibration failed
[STDERR  ] 2018-12-23T11:52:25.201097086Z: [    0.000000] tsc: Unable to calibrate against PIT
[STDERR  ] 2018-12-23T11:52:25.201124612Z: [    0.000000] tsc: No reference (HPET/PMTIMER) available
[STDERR  ] 2018-12-23T11:52:25.201157554Z: [    0.000000] e820: last_pfn = 0x3ffdf max_arch_pfn = 0x400000000
[STDERR  ] 2018-12-23T11:52:25.201188698Z: [    0.000000] x86/PAT: Configuration [0-7]: WB  WC  UC- UC  WB  WP  UC- WT  
[STDERR  ] 2018-12-23T11:52:25.201216558Z: [    0.000000] found SMP MP-table at [mem 0x000f6aa0-0x000f6aaf] mapped at [ffffffffff200aa0]
[STDERR  ] 2018-12-23T11:52:25.201242891Z: [    0.000000] RAMDISK: [mem 0x3e29d000-0x3ffcffff]
[STDERR  ] 2018-12-23T11:52:25.201268381Z: [    0.000000] ACPI: Early table checksum verification disabled
[STDERR  ] 2018-12-23T11:52:25.201296071Z: [    0.000000] ACPI: RSDP 0x00000000000F68C0 000014 (v00 BOCHS )
[STDERR  ] 2018-12-23T11:52:25.201324196Z: [    0.000000] ACPI: RSDT 0x000000003FFE2404 000034 (v01 BOCHS  BXPCRSDT 00000001 BXPC 00000001)
[STDERR  ] 2018-12-23T11:52:25.201351216Z: [    0.000000] ACPI: FACP 0x000000003FFE22A4 000074 (v01 BOCHS  BXPCFACP 00000001 BXPC 00000001)
[STDERR  ] 2018-12-23T11:52:25.201396072Z: [    0.000000] ACPI: DSDT 0x000000003FFE0040 002264 (v01 BOCHS  BXPCDSDT 00000001 BXPC 00000001)
[STDERR  ] 2018-12-23T11:52:25.201423037Z: [    0.000000] ACPI: FACS 0x000000003FFE0000 000040
[STDERR  ] 2018-12-23T11:52:25.201449329Z: [    0.000000] ACPI: APIC 0x000000003FFE2318 000078 (v01 BOCHS  BXPCAPIC 00000001 BXPC 00000001)
[STDERR  ] 2018-12-23T11:52:25.201481483Z: [    0.000000] ACPI: HPET 0x000000003FFE2390 000038 (v01 BOCHS  BXPCHPET 00000001 BXPC 00000001)
[STDERR  ] 2018-12-23T11:52:25.201519061Z: [    0.000000] ACPI: MCFG 0x000000003FFE23C8 00003C (v01 BOCHS  BXPCMCFG 00000001 BXPC 00000001)
[STDERR  ] 2018-12-23T11:52:25.201555857Z: [    0.000000] Zone
[STDERR  ] 2018-12-23T11:52:25.201629383Z: + set -e
[STDERR  ] 2018-12-23T11:52:25.201699084Z: + . /tmp/with_clone33cd8caf/test/cases/_lib/lib.sh
[STDERR  ] 2018-12-23T11:52:25.201726877Z: + [ -f src/github.com/linuxkit/rtf/lib/lib.sh ]
[STDERR  ] 2018-12-23T11:52:25.201755746Z: + LINUXKIT_TMPDIR=/tmp/with_clone33cd8caf/test/cases/_tmp
[STDERR  ] 2018-12-23T11:52:25.201785599Z: + [ -f /tmp/with_clone33cd8caf/test/cases/_tmp/env.sh ]
[STDERR  ] 2018-12-23T11:52:25.201816221Z: + . /tmp/with_clone33cd8caf/test/cases/_tmp/env.sh
[STDERR  ] 2018-12-23T11:52:25.201850081Z: + export LINUXKIT_EXAMPLES_DIR=/tmp/with_clone33cd8caf/test/cases/../../examples
[STDERR  ] 2018-12-23T11:52:25.201879629Z: + RT_CANCEL=253
[STDERR  ] 2018-12-23T11:52:25.201906154Z: + NAME=wireguard
[STDERR  ] 2018-12-23T11:52:25.201942654Z: + trap clean_up EXIT
[STDERR  ] 2018-12-23T11:52:25.201985772Z: + linuxkit build -format kernel+initrd -name wireguard test.yml
[STDERR  ] 2018-12-23T11:52:25.248486460Z: Extract kernel image: linuxkit/kernel:4.14.90
[STDERR  ] 2018-12-23T11:52:29.747311614Z: Add init containers:
[STDERR  ] 2018-12-23T11:52:29.747423510Z: Process init image: linuxkit/init:c563953a2277eb73a89d89f70e4b6dcdcfebc2d1
[STDERR  ] 2018-12-23T11:52:31.447349108Z: Process init image: linuxkit/runc:83d0edb4552b1a5df1f0976f05f442829eac38fe
[STDERR  ] 2018-12-23T11:52:33.007419305Z: Process init image: linuxkit/containerd:326b096cd5fbab0f864e52721d036cade67599d6
[STDERR  ] 2018-12-23T11:52:35.071418716Z: Process init image: linuxkit/ca-certificates:v0.6
[STDERR  ] 2018-12-23T11:52:36.535374223Z: Add onboot containers:
[STDERR  ] 2018-12-23T11:52:36.535489391Z:   Create OCI config for linuxkit/dhcpcd:v0.6
[STDERR  ] 2018-12-23T11:52:38.031873616Z:   Create OCI config for linuxkit/ip:v0.6
[STDERR  ] 2018-12-23T11:52:39.150027772Z: time="2018-12-23T11:52:39Z" level=warning msg="Error getting targets/rolf: valid signatures did not meet threshold for targets/rolf"
[STDERR  ] 2018-12-23T11:52:39.722954347Z:   Create OCI config for linuxkit/ip:v0.6
[STDERR  ] 2018-12-23T11:52:40.841679581Z: time="2018-12-23T11:52:40Z" level=warning msg="Error getting targets/rolf: valid signatures did not meet threshold for targets/rolf"
[STDERR  ] 2018-12-23T11:52:41.437580392Z: Add onshutdown containers:
[STDERR  ] 2018-12-23T11:52:41.437699706Z:   Create OCI config for alpine:3.8
[STDERR  ] 2018-12-23T11:52:42.943802988Z: Add service containers:
[STDERR  ] 2018-12-23T11:52:42.944002759Z:   Create OCI config for nginx:1.13.7
[STDERR  ] 2018-12-23T11:52:45.691799761Z:   Create OCI config for alpine:3.8
[STDERR  ] 2018-12-23T11:52:47.183701632Z: Add files:
[STDERR  ] 2018-12-23T11:52:47.183797724Z:   etc/wireguard/wg0.conf
[STDERR  ] 2018-12-23T11:52:47.183843905Z:   etc/wireguard/wg1.conf
[STDERR  ] 2018-12-23T11:52:47.183872852Z:   check.sh
[STDERR  ] 2018-12-23T11:52:47.183990582Z: Create outputs:
[STDERR  ] 2018-12-23T11:53:03.005992422Z:   wireguard-kernel wireguard-initrd.img wireguard-cmdline
[STDERR  ] 2018-12-23T11:53:04.495466834Z: + linuxkit run wireguard
[STDERR  ] 2018-12-23T11:55:25.390283125Z: + RESULT=[    0.000000] Linux version 4.14.90-linuxkit (root@0ff365c31169) (gcc version 6.4.0 (Alpine 6.4.0)) #1 SMP Sat Dec 22 11:49:10 UTC 2018
[STDERR  ] 2018-12-23T11:55:25.390447915Z: [    0.000000] Command line: console=ttyS0 console=ttyAMA0
[STDERR  ] 2018-12-23T11:55:25.390494701Z: [    0.000000] x86/fpu: x87 FPU will use FXSAVE
[STDERR  ] 2018-12-23T11:55:25.390554526Z: [    0.000000] e820: BIOS-provided physical RAM map:
[STDERR  ] 2018-12-23T11:55:25.390585168Z: [    0.000000] BIOS-e820: [mem 0x0000000000000000-0x000000000009fbff] usable
[STDERR  ] 2018-12-23T11:55:25.390628689Z: [    0.000000] BIOS-e820: [mem 0x000000000009fc00-0x000000000009ffff] reserved
[STDERR  ] 2018-12-23T11:55:25.390656130Z: [    0.000000] BIOS-e820: [mem 0x00000000000f0000-0x00000000000fffff] reserved
[STDERR  ] 2018-12-23T11:55:25.390683379Z: [    0.000000] BIOS-e820: [mem 0x0000000000100000-0x000000003ffdefff] usable
[STDERR  ] 2018-12-23T11:55:25.390710335Z: [    0.000000] BIOS-e820: [mem 0x000000003ffdf000-0x000000003fffffff] reserved
[STDERR  ] 2018-12-23T11:55:25.390754019Z: [    0.000000] BIOS-e820: [mem 0x00000000b0000000-0x00000000bfffffff] reserved
[STDERR  ] 2018-12-23T11:55:25.390781880Z: [    0.000000] BIOS-e820: [mem 0x00000000fed1c000-0x00000000fed1ffff] reserved
[STDERR  ] 2018-12-23T11:55:25.390811121Z: [    0.000000] BIOS-e820: [mem 0x00000000fffc0000-0x00000000ffffffff] reserved
[STDERR  ] 2018-12-23T11:55:25.390845407Z: [    0.000000] NX (Execute Disable) protection: active
[STDERR  ] 2018-12-23T11:55:25.390872460Z: [    0.000000] SMBIOS 2.8 present.
[STDERR  ] 2018-12-23T11:55:25.390904915Z: [    0.000000] DMI: QEMU Standard PC (Q35 + ICH9, 2009), BIOS rel-1.10.2-0-g5f4c7b1-prebuilt.qemu-project.org 04/01/2014
[STDERR  ] 2018-12-23T11:55:25.390938552Z: [    0.000000] tsc: Fast TSC calibration using PIT
[STDERR  ] 2018-12-23T11:55:25.390965339Z: [    0.000000] e820: last_pfn = 0x3ffdf max_arch_pfn = 0x400000000
[STDERR  ] 2018-12-23T11:55:25.391002232Z: [    0.000000] x86/PAT: Configuration [0-7]: WB  WC  UC- UC  WB  WP  UC- WT  
[STDERR  ] 2018-12-23T11:55:25.391033086Z: [    0.000000] found SMP MP-table at [mem 0x000f6aa0-0x000f6aaf] mapped at [ffffffffff200aa0]
[STDERR  ] 2018-12-23T11:55:25.391061215Z: [    0.000000] RAMDISK: [mem 0x3a04e000-0x3ffcffff]
[STDERR  ] 2018-12-23T11:55:25.391086938Z: [    0.000000] ACPI: Early table checksum verification disabled
[STDERR  ] 2018-12-23T11:55:25.391120258Z: [    0.000000] ACPI: RSDP 0x00000000000F68C0 000014 (v00 BOCHS )
[STDERR  ] 2018-12-23T11:55:25.391148096Z: [    0.000000] ACPI: RSDT 0x000000003FFE2404 000034 (v01 BOCHS  BXPCRSDT 00000001 BXPC 00000001)
[STDERR  ] 2018-12-23T11:55:25.391176711Z: [    0.000000] ACPI: FACP 0x000000003FFE22A4 000074 (v01 BOCHS  BXPCFACP 00000001 BXPC 00000001)
[STDERR  ] 2018-12-23T11:55:25.391204039Z: [    0.000000] ACPI: DSDT 0x000000003FFE0040 002264 (v01 BOCHS  BXPCDSDT 00000001 BXPC 00000001)
[STDERR  ] 2018-12-23T11:55:25.391238879Z: [    0.000000] ACPI: FACS 0x000000003FFE0000 000040
[STDERR  ] 2018-12-23T11:55:25.391264992Z: [    0.000000] ACPI: APIC 0x000000003FFE2318 000078 (v01 BOCHS  BXPCAPIC 00000001 BXPC 00000001)
[STDERR  ] 2018-12-23T11:55:25.391290930Z: [    0.000000] ACPI: HPET 0x000000003FFE2390 000038 (v01 BOCHS  BXPCHPET 00000001 BXPC 00000001)
[STDERR  ] 2018-12-23T11:55:25.391316871Z: [    0.000000] ACPI: MCFG 0x000000003FFE23C8 00003C (v01 BOCHS  BXPCMCFG 00000001 BXPC 00000001)
[STDERR  ] 2018-12-23T11:55:25.391344482Z: [    0.000000] Zone ranges:
[STDERR  ] 2018-12-23T11:55:25.391370968Z: [    0.000000]   DMA      [mem 0x0000000000001000-0x0000000000ffffff]
[STDERR  ] 2018-12-23T11:55:25.391407899Z: [    0.000000]   DMA32    [mem 0x0000000001000000-0x000000003ffdefff]
[STDERR  ] 2018-12-23T11:55:25.391436804Z: [    0.000000]   Normal   empty
[STDERR  ] 2018-12-23T11:55:25.391469562Z: [    0.000000]   Device   empty
[STDERR  ] 2018-12-23T11:55:25.391511773Z: [    0.000000] Movable zone start for each node
[STDERR  ] 2018-12-23T11:55:25.391543569Z: [    0.000000] Early memory node ranges
[STDERR  ] 2018-12-23T11:55:25.391571214Z: [    0.000000]   node   0: [mem 0x0000000000001000-0x000000000009efff]
[STDERR  ] 2018-12-23T11:55:25.391611371Z: [    0.000000]   node   0: [mem 0x0000000000100000-0x000000003ffdefff]
[STDERR  ] 2018-12-23T11:55:25.391652696Z: [    0.000000] Initmem setup node 0 [mem 0x0000000000001000-0x000000003ffdefff]
[STDERR  ] 2018-12-23T11:55:25.391684477Z: [    0.000000] ACPI: PM-Timer IO Port: 0x608
[STDERR  ] 2018-12-23T11:55:25.391712912Z: [    0.000000] ACPI: LAPIC_NMI (acpi_id[0xff] dfl dfl lint[0x1])
[STDERR  ] 2018-12-23T11:55:25.391741613Z: [    0.000000] IOAPIC[0]: apic_id 0, version 32, address 0xfec00000, GSI 0-23
[STDERR  ] 2018-12-23T11:55:25.391770079Z: [    0.000000] ACPI: INT_SRC_OVR (bus 0 bus_irq 0 global_irq 2 dfl dfl)
[STDERR  ] 2018-12-23T11:55:25.391796969Z: [    0.000000] ACPI: INT_SRC_OVR (bus 0 bus_irq 5 global_irq 5 high level)
[STDERR  ] 2018-12-23T11:55:25.391824525Z: [    0.000000] ACPI: INT_SRC_OVR (bus 0 bus_irq 9 global_irq 9 high level)
[STDERR  ] 2018-12-23T11:55:25.391857921Z: [    0.000000] ACPI: INT_SRC_OVR (bus 0 bus_irq 10 global_irq 10 high level)
[STDERR  ] 2018-12-23T11:55:25.391888399Z: [    0.000000] ACPI: INT_SRC_OVR (bus 0 bus_irq 11 global_irq 11 high level)
[STDERR  ] 2018-12-23T11:55:25.391920580Z: [    0.000000] Using ACPI (MADT) for SMP configuration information
[STDERR  ] 2018-12-23T11:55:25.391950344Z: [    0.000000] ACPI: HPET id: 0x8086a201 base: 0xfed00000
[STDERR  ] 2018-12-23T11:55:25.391978928Z: [    0.000000] smpboot: Allowing 1 CPUs, 0 hotplug CPUs
[STDERR  ] 2018-12-23T11:55:25.392078686Z: [    0.000000] e820: [mem 0x40000000-0xafffffff] available for PCI devices
[STDERR  ] 2018-12-23T11:55:25.392108330Z: [    0.000000] Booting paravirtualized kernel on bare hardware
[STDERR  ] 2018-12-23T11:55:25.392136227Z: [    0.000000] clocksource: refined-jiffies: mask: 0xffffffff max_cycles: 0xffffffff, max_idle_ns: 1910969940391419 ns
[STDERR  ] 2018-12-23T11:55:25.392165762Z: [    0.000000] random: get_random_bytes called from start_kernel+0x92/0x4d1 with crng_init=0
[STDERR  ] 2018-12-23T11:55:25.392193852Z: [    0.000000] setup_percpu: NR_CPUS:128 nr_cpumask_bits:128 nr_cpu_ids:1 nr_node_ids:1
[STDERR  ] 2018-12-23T11:55:25.392225699Z: [    0.000000] percpu: Embedded 45 pages/cpu @ffff88d939e00000 s144216 r8192 d31912 u2097152
[STDERR  ] 2018-12-23T11:55:25.392256730Z: [    0.000000] Built 1 zonelists, mobility grouping on.  Total pages: 257896
[STDERR  ] 2018-12-23T11:55:25.392283958Z: [    0.000000] Kernel command line: console=ttyS0 console=ttyAMA0
[STDERR  ] 2018-12-23T11:55:25.392311449Z: [    0.000000] PID hash table entries: 4096 (order: 3, 32768 bytes)
[STDERR  ] 2018-12-23T11:55:25.392344619Z: [    0.000000] Dentry cache hash table entries: 131072 (order: 8, 1048576 bytes)
[STDERR  ] 2018-12-23T11:55:25.392376853Z: [    0.000000] Inode-cache hash table entries: 65536 (order: 7, 524288 bytes)
[STDERR  ] 2018-12-23T11:55:25.392406167Z: [    0.000000] Memory: 907064K/1048052K available (12300K kernel code, 1451K rwdata, 2964K rodata, 1536K init, 580K bss, 140988K reserved, 0K cma-reserved)
[STDERR  ] 2018-12-23T11:55:25.392446729Z: [    0.000000] ftrace: allocating 40613 entries in 159 pages
[STDERR  ] 2018-12-23T11:55:25.392481045Z: [    0.000000] Hierarchical RCU implementation.
[STDERR  ] 2018-12-23T11:55:25.392507717Z: [    0.000000] 	RCU restricting CPUs from NR_CPUS=128 to nr_cpu_ids=1.
[STDERR  ] 2018-12-23T11:55:25.392534230Z: [    0.000000] RCU: Adjusting geometry for rcu_fanout_leaf=16, nr_cpu_ids=1
[STDERR  ] 2018-12-23T11:55:25.392565840Z: [    0.000000] NR_IRQS: 8448, nr_irqs: 256, preallocated irqs: 16
[STDERR  ] 2018-12-23T11:55:25.392604940Z: [    0.000000] Console: colour VGA+ 80x25
[STDERR  ] 2018-12-23T11:55:25.392632082Z: [    0.000000] console [ttyS0] enabled
[STDERR  ] 2018-12-23T11:55:25.392675192Z: [    0.000000] clocksource: hpet: mask: 0xffffffff max_cycles: 0xffffffff, max_idle_ns: 19112604467 ns
[STDERR  ] 2018-12-23T11:55:25.392702252Z: [    0.003000] tsc: Fast TSC calibration using PIT
[STDERR  ] 2018-12-23T11:55:25.392730576Z: [    0.004000] tsc: Detected 2599.707 MHz processor
[STDERR  ] 2018-12-23T11:55:25.392756647Z: [    0.007361] Calibrating delay loop (skipped), value calculated using timer frequency.. 5199.41 BogoMIPS (lpj=2599707)
[STDERR  ] 2018-12-23T11:55:25.392798100Z: [    0.008149] pid_max: default: 32768 minimum: 301
[STDERR  ] 2018-12-23T11:55:25.392825595Z: [    0.009587] ACPI: Core revision 20170728
[STDERR  ] 2018-12-23T11:55:25.392859095Z: [    0.053104] ACPI: 1 ACPI AML tables successfully acquired and loaded
[STDERR  ] 2018-12-23T11:55:25.392887324Z: [    0.057786] Security Framework initialized
[STDERR  ] 2018-12-23T11:55:25.392915559Z: [    0.058164] Yama: becoming mindful.
[STDERR  ] 2018-12-23T11:55:25.392947414Z: [    0.061309] Mount-cache hash table entries: 2048 (order: 2, 16384 bytes)
[STDERR  ] 2018-12-23T11:55:25.392973217Z: [    0.062084] Mountpoint-cache hash table entries: 2048 (order: 2, 16384 bytes)
[STDERR  ] 2018-12-23T11:55:25.393008701Z: [    0.083624] Last level iTLB entries: 4KB 0, 2MB 0, 4MB 0
[STDERR  ] 2018-12-23T11:55:25.393044013Z: [    0.084062] Last level dTLB entries: 4KB 0, 2MB 0, 4MB 0, 1GB 0
[STDERR  ] 2018-12-23T11:55:25.393073624Z: [    0.085187] Spectre V2 : Spectre mitigation: LFENCE not serializing, switching to generic retpoline
[STDERR  ] 2018-12-23T11:55:25.393101515Z: [    0.086058] Spectre V2 : Mitigation: Full generic retpoline
[STDERR  ] 2018-12-23T11:55:25.393132215Z: [    0.086641] Spectre V2 : Spectre v2 / SpectreRSB mitigation: Filling RSB on context switch
[STDERR  ] 2018-12-23T11:55:25.393160673Z: [    0.087129] Speculative Store Bypass: Vulnerable
[STDERR  ] 2018-12-23T11:55:25.393187606Z: [    0.256384] random: fast init done
[STDERR  ] 2018-12-23T11:55:25.393219769Z: [    0.423215] Freeing SMP alternatives memory: 20K
[STDERR  ] 2018-12-23T11:55:25.393246777Z: [    0.445474] smpboot: Max logical packages: 1
[STDERR  ] 2018-12-23T11:55:25.393277003Z: [    0.452000] ..TIMER: vector=0x30 apic1=0 pin1=2 apic2=-1 pin2=-1
[STDERR  ] 2018-12-23T11:55:25.393304578Z: [    0.462000] smpboot: CPU0: AMD QEMU Virtual CPU version 2.5+ (family: 0x6, model: 0x6, stepping: 0x3)
[STDERR  ] 2018-12-23T11:55:25.393340735Z: [    0.470108] Performance Events: PMU not available due to virtualization, using software events only.
[STDERR  ] 2018-12-23T11:55:25.393374494Z: [    0.473834] Hierarchical SRCU implementation.
[STDERR  ] 2018-12-23T11:55:25.393401953Z: [    0.481105] NMI watchdog: Perf event create on CPU 0 failed with -2
[STDERR  ] 2018-12-23T11:55:25.393429418Z: [    0.481767] NMI watchdog: Perf NMI watchdog permanently disabled
[STDERR  ] 2018-12-23T11:55:25.393462826Z: [    0.486650] smp: Bringing up secondary CPUs ...
[STDERR  ] 2018-12-23T11:55:25.393491035Z: [    0.487104] smp: Brought up 1 node, 1 CPU
[STDERR  ] 2018-12-23T11:55:25.393518211Z: [    0.488055] smpboot: Total of 1 processors activated (5199.41 BogoMIPS)
[STDERR  ] 2018-12-23T11:55:25.393543973Z: [    0.505676] devtmpfs: initialized
[STDERR  ] 2018-12-23T11:55:25.393570363Z: [    0.511319] x86/mm: Memory block size: 128MB
[STDERR  ] 2018-12-23T11:55:25.393610417Z: [    0.518657] evm: security.ima
[STDERR  ] 2018-12-23T11:55:25.393637802Z: [    0.519051] evm: security.capability
[STDERR  ] 2018-12-23T11:55:25.393677655Z: [    0.522840] clocksource: jiffies: mask: 0xffffffff max_cycles: 0xffffffff, max_idle_ns: 1911260446275000 ns
[STDERR  ] 2018-12-23T11:55:25.393706175Z: [    0.523187] futex hash table entries: 256 (order: 2, 16384 bytes)
[STDERR  ] 2018-12-23T11:55:25.393738785Z: [    0.536509] NET: Registered protocol family 16
[STDERR  ] 2018-12-23T11:55:25.393766174Z: [    0.544756] cpuidle: using governor ladder
[STDERR  ] 2018-12-23T11:55:25.393792973Z: [    0.545179] cpuidle: using governor menu
[STDERR  ] 2018-12-23T11:55:25.393820276Z: [    0.547427] ACPI: bus type PCI registered
[STDERR  ] 2018-12-23T11:55:25.393848272Z: [    0.551461] PCI: MMCONFIG for domain 0000 [bus 00-ff] at [mem 0xb0000000-0xbfffffff] (base 0xb0000000)
[STDERR  ] 2018-12-23T11:55:25.393875359Z: [    0.552347] PCI: MMCONFIG at [mem 0xb0000000-0xbfffffff] reserved in E820
[STDERR  ] 2018-12-23T11:55:25.393902619Z: [    0.554586] PCI: Using configuration type 1 for base access
[STDERR  ] 2018-12-23T11:55:25.393929745Z: [    0.621905] HugeTLB registered 2.00 MiB page size, pre-allocated 0 pages
[STDERR  ] 2018-12-23T11:55:25.393964282Z: [    0.633749] ACPI: Added _OSI(Module Device)
[STDERR  ] 2018-12-23T11:55:25.394000067Z: [    0.634071] ACPI: Added _OSI(Processor Device)
[STDERR  ] 2018-12-23T11:55:25.394032925Z: [    0.634540] ACPI: Added _OSI(3.0 _SCP Extensions)
[STDERR  ] 2018-12-23T11:55:25.394062658Z: [    0.635037] ACPI: Added _OSI(Processor Aggregator Device)
[STDERR  ] 2018-12-23T11:55:25.394090520Z: [    0.732581] ACPI: Interpreter enabled
[STDERR  ] 2018-12-23T11:55:25.394118763Z: [    0.733612] ACPI: (supports S0 S5)
[STDERR  ] 2018-12-23T11:55:25.394147272Z: [    0.734102] ACPI: Using IOAPIC for interrupt routing
[STDERR  ] 2018-12-23T11:55:25.394187799Z: [    0.736837] PCI: Using host bridge windows from ACPI; if necessary, use "pci=nocrs" and report a bug
[STDERR  ] 2018-12-23T11:55:25.394228234Z: [    0.742513] ACPI: Enabled 2 GPEs in block 00 to 3F
[STDERR  ] 2018-12-23T11:55:25.394288396Z: [    0.828548] ACPI: PCI Root Bridge [PCI0] (domain 0000 [bus 00-ff])
[STDERR  ] 2018-12-23T11:55:25.394320392Z: [    0.829567] acpi PNP0A08:00: _OSC: OS supports [ExtendedConfig ASPM ClockPM Segments MSI]
[STDERR  ] 2018-12-23T11:55:25.394349342Z: [    0.836061] acpi PNP0A08:00: _OSC: OS now controls [PCIeHotplug PME PCIeCapability]
[STDERR  ] 2018-12-23T11:55:25.394377134Z: [    0.840696] PCI host bridge to bus 0000:00
[STDERR  ] 2018-12-23T11:55:25.394408287Z: [    0.841291] pci_bus 0000:00: root bus resource [io  0x0000-0x0cf7 window]
[STDERR  ] 2018-12-23T11:55:25.394435914Z: [    0.842082] pci_bus 0000:00: root bus resource [io  0x0d00-0xffff window]
[STDERR  ] 2018-12-23T11:55:25.394463946Z: [    0.843090] pci_bus 0000:00: root bus resource [mem 0x000a0000-0x000bffff window]
[STDERR  ] 2018-12-23T11:55:25.394495570Z: [    0.843775] pci_bus 0000:00: root bus resource [mem 0xc0000000-0xfebfffff window]
[STDERR  ] 2018-12-23T11:55:25.394524451Z: [    0.844185] pci_bus 0000:00: root bus resource [bus 00-ff]
[STDERR  ] 2018-12-23T11:55:25.394556084Z: [    0.907535] pci 0000:00:1f.0: quirk: [io  0x0600-0x067f] claimed by ICH6 ACPI/GPIO/TCO
[STDERR  ] 2018-12-23T11:55:25.394583784Z: [    0.957046] ACPI: PCI Interrupt Link [LNKA] (IRQs 5 *10 11)
[STDERR  ] 2018-12-23T11:55:25.394628615Z: [    0.960215] ACPI: PCI Interrupt Link [LNKB] (IRQs 5 *10 11)
[STDERR  ] 2018-12-23T11:55:25.394655471Z: [    0.962360] ACPI: PCI Interrupt Link [LNKC] (IRQs 5 10 *11)
[STDERR  ] 2018-12-23T11:55:25.394683482Z: [    0.964465] ACPI: PCI Interrupt Link [LNKD] (IRQs 5 10 *11)
[STDERR  ] 2018-12-23T11:55:25.394709980Z: [    0.966556] ACPI: PCI Interrupt Link [LNKE] (IRQs 5 *10 11)
[STDERR  ] 2018-12-23T11:55:25.394736778Z: [    0.968707] ACPI: PCI Interrupt Link [LNKF] (IRQs 5 *10 11)
[STDERR  ] 2018-12-23T11:55:25.394765113Z: [    0.971336] ACPI: PCI Interrupt Link [LNKG] (IRQs 5 10 *11)
[STDERR  ] 2018-12-23T11:55:25.394792035Z: [    0.973545] ACPI: PCI Interrupt Link [LNKH] (IRQs 5 10 *11)
[STDERR  ] 2018-12-23T11:55:25.394820127Z: [    0.974502] ACPI: PCI Interrupt Link [GSIA] (IRQs *16)
[STDERR  ] 2018-12-23T11:55:25.394846927Z: [    0.975385] ACPI: PCI Interrupt Link [GSIB] (IRQs *17)
[STDERR  ] 2018-12-23T11:55:25.394877364Z: [    0.976357] ACPI: PCI Interrupt Link [GSIC] (IRQs *18)
[STDERR  ] 2018-12-23T11:55:25.394899971Z: [    0.977424] ACPI: PCI Interrupt Link [GSID] (IRQs *19)
[STDERR  ] 2018-12-23T11:55:25.394924028Z: [    0.978454] ACPI: PCI Interrupt Link [GSIE] (IRQs *20)
[STDERR  ] 2018-12-23T11:55:25.394948370Z: [    0.979370] ACPI: PCI Interrupt Link [GSIF] (IRQs *21)
[STDERR  ] 2018-12-23T11:55:25.394972722Z: [    0.980342] ACPI: PCI Interrupt Link [GSIG] (IRQs *22)
[STDERR  ] 2018-12-23T11:55:25.395004836Z: [    0.981302] ACPI: PCI Interrupt Link [GSIH] (IRQs *23)
[STDERR  ] 2018-12-23T11:55:25.395029616Z: [    0.991420] SCSI subsystem initialized
[STDERR  ] 2018-12-23T11:55:25.395057417Z: [    0.994531] ACPI: bus type USB registered
[STDERR  ] 2018-12-23T11:55:25.395083781Z: [    0.995731] usbcore: registered new interface driver usbfs
[STDERR  ] 2018-12-23T11:55:25.395118018Z: [    0.996648] usbcore: registered new interface driver hub
[STDERR  ] 2018-12-23T11:55:25.395151746Z: [    0.997855] usbcore: registered new device driver usb
[STDERR  ] 2018-12-23T11:55:25.395179191Z: [    0.999343] pps_core: LinuxPPS API ver. 1 registered
[STDERR  ] 2018-12-23T11:55:25.395205742Z: [    0.999728] pps_core: Software ver. 5.3.6 - Copyright 2005-2007 Rodolfo Giometti <giometti@linux.it>
[STDERR  ] 2018-12-23T11:55:25.395234060Z: [    1.000183] PTP clock support registered
[STDERR  ] 2018-12-23T11:55:25.395288855Z: [    1.003622] PCI: Using ACPI for IRQ routing
[STDERR  ] 2018-12-23T11:55:25.395320126Z: [    1.026391] NetLabel: Initializing
[STDERR  ] 2018-12-23T11:55:25.395347854Z: [    1.026746] NetLabel:  domain hash size = 128
[STDERR  ] 2018-12-23T11:55:25.395386338Z: [    1.027040] NetLabel:  protocols = UNLABELED CIPSOv4 CALIPSO
[STDERR  ] 2018-12-23T11:55:25.395414210Z: [    1.029738] NetLabel:  unlabeled traffic allowed by default
[STDERR  ] 2018-12-23T11:55:25.395442464Z: [    1.031168] HPET: 3 timers in total, 0 timers will be used for per-cpu timer
[STDERR  ] 2018-12-23T11:55:25.395469929Z: [    1.032034] hpet0: at MMIO 0xfed00000, IRQs 2, 8, 0
[STDERR  ] 2018-12-23T11:55:25.395500868Z: [    1.033031] hpet0: 3 comparators, 64-bit 100.000000 MHz counter
[STDERR  ] 2018-12-23T11:55:25.395528356Z: [    1.040841] clocksource: Switched to clocksource hpet
[STDERR  ] 2018-12-23T11:55:25.395555773Z: [    1.440771] VFS: Disk quotas dquot_6.6.0
[STDERR  ] 2018-12-23T11:55:25.395587489Z: [    1.441836] VFS: Dquot-cache hash table entries: 512 (order 0, 4096 bytes)
[STDERR  ] 2018-12-23T11:55:25.395624216Z: [    1.445380] FS-Cache: Loaded
[STDERR  ] 2018-12-23T11:55:25.395650911Z: [    1.452435] CacheFiles: Loaded
[STDERR  ] 2018-12-23T11:55:25.395678006Z: [    1.453764] pnp: PnP ACPI init
[STDERR  ] 2018-12-23T11:55:25.395712670Z: [    1.469530] pnp: PnP ACPI: found 5 devices
[STDERR  ] 2018-12-23T11:55:25.395738045Z: [    1.520757] clocksource: acpi_pm: mask: 0xffffff max_cycles: 0xffffff, max_idle_ns: 2085701024 ns
[STDERR  ] 2018-12-23T11:55:25.395769399Z: [    1.524694] NET: Registered protocol family 2
[STDERR  ] 2018-12-23T11:55:25.395797647Z: [    1.535705] TCP established hash table entries: 8192 (order: 4, 65536 bytes)
[STDERR  ] 2018-12-23T11:55:25.395828432Z: [    1.536841] TCP bind hash table entries: 8192 (order: 5, 131072 bytes)
[STDERR  ] 2018-12-23T11:55:25.395855077Z: [    1.538881] TCP: Hash tables configured (established 8192 bind 8192)
[STDERR  ] 2018-12-23T11:55:25.395881707Z: [    1.541591] UDP hash table entries: 512 (order: 2, 16384 bytes)
[STDERR  ] 2018-12-23T11:55:25.395909172Z: [    1.542468] UDP-Lite hash table entries: 512 (order: 2, 16384 bytes)
[STDERR  ] 2018-12-23T11:55:25.395936469Z: [    1.545599] NET: Registered protocol family 1
[STDERR  ] 2018-12-23T11:55:25.395963944Z: [    1.546858] pci 0000:00:01.0: Video device with shadowed ROM at [mem 0x000c0000-0x000dffff]
[STDERR  ] 2018-12-23T11:55:25.395999917Z: [    1.556746] Trying to unpack rootfs image as initramfs...
[STDERR  ] 2018-12-23T11:55:25.396028443Z: [   21.154532] Freeing initrd memory: 97800K
[STDERR  ] 2018-12-23T11:55:25.396055935Z: [   21.189504] PCLMULQDQ-NI instructions are not detected.
[STDERR  ] 2018-12-23T11:55:25.396088665Z: [   21.191318] AVX or AES-NI instructions are not detected.
[STDERR  ] 2018-12-23T11:55:25.396116538Z: [   21.191854] CPU feature 'AVX registers' is not supported.
[STDERR  ] 2018-12-23T11:55:25.396145889Z: [   21.192505] CPU feature 'AVX registers' is not supported.
[STDERR  ] 2018-12-23T11:55:25.396172843Z: [   21.192950] CPU feature 'AVX registers' is not supported.
[STDERR  ] 2018-12-23T11:55:25.396202292Z: [   21.193565] CPU feature 'AVX registers' is not supported.
[STDERR  ] 2018-12-23T11:55:25.396227535Z: [   21.194226] AVX2 or AES-NI instructions are not detected.
[STDERR  ] 2018-12-23T11:55:25.396253519Z: [   21.194755] AVX2 instructions are not detected.
[STDERR  ] 2018-12-23T11:55:25.396308987Z: [   21.201768] audit: initializing netlink subsys (disabled)
[STDERR  ] 2018-12-23T11:55:25.396342979Z: [   21.207625] audit: type=2000 audit(1545566010.203:1): state=initialized audit_enabled=0 res=1
[STDERR  ] 2018-12-23T11:55:25.396369792Z: [   21.212619] workingset: timestamp_bits=46 max_order=18 bucket_order=0
[STDERR  ] 2018-12-23T11:55:25.396396653Z: [   21.220660] squashfs: version 4.0 (2009/01/31) Phillip Lougher
[STDERR  ] 2018-12-23T11:55:25.396424101Z: [   21.223870] FS-Cache: Netfs 'cifs' registered for caching
[STDERR  ] 2018-12-23T11:55:25.396451589Z: [   21.225016] fuse init (API version 7.26)
[STDERR  ] 2018-12-23T11:55:25.396478575Z: [   21.227946] SGI XFS with ACLs, security attributes, no debug enabled
[STDERR  ] 2018-12-23T11:55:25.396505207Z: [   21.233460] 9p: Installing v9fs 9p2000 file system support
[STDERR  ] 2018-12-23T11:55:25.396538053Z: [   21.234272] FS-Cache: Netfs '9p' registered for caching
[STDERR  ] 2018-12-23T11:55:25.396564872Z: [   21.288679] NET: Registered protocol family 38
[STDERR  ] 2018-12-23T11:55:25.396602962Z: [   21.289712] Key type asymmetric registered
[STDERR  ] 2018-12-23T11:55:25.396630010Z: [   21.290429] Asymmetric key parser 'x509' registered
[STDERR  ] 2018-12-23T11:55:25.396661939Z: [   21.291580] Block layer SCSI generic (bsg) driver version 0.4 loaded (major 247)
[STDERR  ] 2018-12-23T11:55:25.396691708Z: [   21.294389] io scheduler noop registered
[STDERR  ] 2018-12-23T11:55:25.396720263Z: [   21.294826] io scheduler deadline registered (default)
[STDERR  ] 2018-12-23T11:55:25.396748141Z: [   21.296018] io scheduler cfq registered
[STDERR  ] 2018-12-23T11:55:25.396785858Z: [   21.296731] io scheduler mq-deadline registered
[STDERR  ] 2018-12-23T11:55:25.396818335Z: [   21.297357] io scheduler kyber registered
[STDERR  ] 2018-12-23T11:55:25.396847704Z: [   21.301833] shpchp: Standard Hot Plug PCI Controller Driver version: 0.4
[STDERR  ] 2018-12-23T11:55:25.396877003Z: [   21.302967] hv_vmbus: registering driver hyperv_fb
[STDERR  ] 2018-12-23T11:55:25.396904150Z: [   21.307587] input: Power Button as /devices/LNXSYSTM:00/LNXPWRBN:00/input/input0
[STDERR  ] 2018-12-23T11:55:25.396932799Z: [   21.311381] ACPI: Power Button [PWRF]
[STDERR  ] 2018-12-23T11:55:25.396961129Z: [   21.337472] ACPI: PCI Interrupt Link [GSIG] enabled at IRQ 22
[STDERR  ] 2018-12-23T11:55:25.397000496Z: [   21.354906] ACPI: PCI Interrupt Link [GSIH] enabled at IRQ 23
[STDERR  ] 2018-12-23T11:55:25.397029206Z: [   21.363702] Serial: 8250/16550 driver, 4 ports, IRQ sharing disabled
[STDERR  ] 2018-12-23T11:55:25.397057752Z: [   21.391416] 00:04: ttyS0 at I/O 0x3f8 (irq = 4, base_baud = 115200) is a 16550A
[STDERR  ] 2018-12-23T11:55:25.397091868Z: [   21.404359] Non-volatile memory driver v1.3
[STDERR  ] 2018-12-23T11:55:25.397117507Z: [   21.412817] Hangcheck: starting hangcheck timer 0.9.1 (tick is 180 seconds, margin is 60 seconds).
[STDERR  ] 2018-12-23T11:55:25.397148512Z: [   21.419607] random: crng init done
[STDERR  ] 2018-12-23T11:55:25.397180759Z: [   21.508000] brd: module loaded
[STDERR  ] 2018-12-23T11:55:25.397211694Z: [   21.552436] loop: module loaded
[STDERR  ] 2018-12-23T11:55:25.397237913Z: [   21.632575] lpc_ich 0000:00:1f.0: I/O space for GPIO uninitialized
[STDERR  ] 2018-12-23T11:55:25.397268902Z: [   21.635672] VMware PVSCSI driver - version 1.0.7.0-k
[STDERR  ] 2018-12-23T11:55:25.397318759Z: [   21.636583] hv_vmbus: registering driver hv_storvsc
[STDERR  ] 2018-12-23T11:55:25.397349489Z: [   21.651646] ACPI: PCI Interrupt Link [GSIA] enabled at IRQ 16
[STDERR  ] 2018-12-23T11:55:25.397376615Z: [   21.660457] ahci 0000:00:1f.2: AHCI 0001.0000 32 slots 6 ports 1.5 Gbps 0x3f impl SATA mode
[STDERR  ] 2018-12-23T11:55:25.397410716Z: [   21.661419] ahci 0000:00:1f.2: flags: 64bit ncq only 
[STDERR  ] 2018-12-23T11:55:25.397437610Z: [   21.682384] scsi host0: ahci
[STDERR  ] 2018-12-23T11:55:25.397464260Z: [   21.686842] scsi host1: ahci
[STDERR  ] 2018-12-23T11:55:25.397491039Z: [   21.689730] scsi host2: ahci
[STDERR  ] 2018-12-23T11:55:25.397516308Z: [   21.692475] scsi host3: ahci
[STDERR  ] 2018-12-23T11:55:25.397549026Z: [   21.695361] scsi host4: ahci
[STDERR  ] 2018-12-23T11:55:25.397573553Z: [   21.697740] scsi host5: ahci
[STDERR  ] 2018-12-23T11:55:25.397608825Z: [   21.699663] ata1: SATA max UDMA/133 abar m4096@0xfebd2000 port 0xfebd2100 irq 24
[STDERR  ] 2018-12-23T11:55:25.397636148Z: [   21.700477] ata2: SATA max UDMA/133 abar m4096@0xfebd2000 port 0xfebd2180 irq 24
[STDERR  ] 2018-12-23T11:55:25.397662740Z: [   21.701026] ata3: SATA max UDMA/133 abar m4096@0xfebd2000 port 0xfebd2200 irq 24
[STDERR  ] 2018-12-23T11:55:25.397687370Z: [   21.701783] ata4: SATA max UDMA/133 abar m4096@0xfebd2000 port 0xfebd2280 irq 24
[STDERR  ] 2018-12-23T11:55:25.397715849Z: [   21.702689] ata5: SATA max UDMA/133 abar m4096@0xfebd2000 port 0xfebd2300 irq 24
[STDERR  ] 2018-12-23T11:55:25.397750006Z: [   21.703421] ata6: SATA max UDMA/133 abar m4096@0xfebd2000 port 0xfebd2380 irq 24
[STDERR  ] 2018-12-23T11:55:25.397776538Z: [   21.720991] tun: Universal TUN/TAP device driver, 1.6
[STDERR  ] 2018-12-23T11:55:25.397803279Z: [   21.734300] VMware vmxnet3 virtual NIC driver - version 1.4.a.0-k-NAPI
[STDERR  ] 2018-12-23T11:55:25.397828517Z: [   21.735456] hv_vmbus: registering driver hv_netvsc
[STDERR  ] 2018-12-23T11:55:25.397854798Z: [   21.736008] Fusion MPT base driver 3.04.20
[STDERR  ] 2018-12-23T11:55:25.397883539Z: [   21.736609] Copyright (c) 1999-2008 LSI Corporation
[STDERR  ] 2018-12-23T11:55:25.397909642Z: [   21.737407] Fusion MPT SPI Host driver 3.04.20
[STDERR  ] 2018-12-23T11:55:25.397934956Z: [   21.739976] i8042: PNP: PS/2 Controller [PNP0303:KBD,PNP0f13:MOU] at 0x60,0x64 irq 1,12
[STDERR  ] 2018-12-23T11:55:25.397962493Z: [   21.746959] serio: i8042 KBD port at 0x60,0x64 irq 1
[STDERR  ] 2018-12-23T11:55:25.397990364Z: [   21.747904] serio: i8042 AUX port at 0x60,0x64 irq 12
[STDERR  ] 2018-12-23T11:55:25.398026997Z: [   21.751491] hv_vmbus: registering driver hyperv_keyboard
[STDERR  ] 2018-12-23T11:55:25.398053080Z: [   21.754429] mousedev: PS/2 mouse device common for all mice
[STDERR  ] 2018-12-23T11:55:25.398077744Z: [   21.761608] input: PC Speaker as /devices/platform/pcspkr/input/input2
[STDERR  ] 2018-12-23T11:55:25.398103645Z: [   21.763001] input: AT Translated Set 2 keyboard as /devices/platform/i8042/serio0/input/input1
[STDERR  ] 2018-12-23T11:55:25.398128740Z: [   21.767099] rtc_cmos 00:00: RTC can wake from S4
[STDERR  ] 2018-12-23T11:55:25.398155296Z: [   21.772795] rtc_cmos 00:00: rtc core: registered rtc_cmos as rtc0
[STDERR  ] 2018-12-23T11:55:25.398181142Z: [   21.774539] rtc_cmos 00:00: alarms up to one day, y3k, 114 bytes nvram, hpet irqs
[STDERR  ] 2018-12-23T11:55:25.398208667Z: [   21.775491] i2c /dev entries driver
[STDERR  ] 2018-12-23T11:55:25.398234041Z: [   21.778061] device-mapper: ioctl: 4.37.0-ioctl (2017-09-20) initialised: dm-devel@redhat.com
[STDERR  ] 2018-12-23T11:55:25.398283792Z: [   21.784693] usbcore: registered new interface driver usbhid
[STDERR  ] 2018-12-23T11:55:25.398311087Z: [   21.785393] usbhid: USB HID core driver
[STDERR  ] 2018-12-23T11:55:25.398336353Z: [   21.786473] hv_utils: Registering HyperV Utility Driver
[STDERR  ] 2018-12-23T11:55:25.398366826Z: [   21.786858] hv_vmbus: registering driver hv_util
[STDERR  ] 2018-12-23T11:55:25.398395007Z: [   21.787355] hv_vmbus: registering driver hv_balloon
[STDERR  ] 2018-12-23T11:55:25.398422341Z: [   21.787880] oprofile: using NMI interrupt.
[STDERR  ] 2018-12-23T11:55:25.398450467Z: [   21.789352] GACT probability on
[STDERR  ] 2018-12-23T11:55:25.398477298Z: [   21.790033] Mirror/redirect action on
[STDERR  ] 2018-12-23T11:55:25.398511731Z: [   21.790863] Simple TC action Loaded
[STDERR  ] 2018-12-23T11:55:25.398539305Z: [   21.791600] u32 classifier
[STDERR  ] 2018-12-23T11:55:25.398568167Z: [   21.791816]     Performance counters on
[STDERR  ] 2018-12-23T11:55:25.398605022Z: [   21.792352]     input device check on
[STDERR  ] 2018-12-23T11:55:25.398631505Z: [   21.792622]     Actions configured
[STDERR  ] 2018-12-23T11:55:25.398658433Z: [   21.793738] Netfilter messages via NETLINK v0.30.
[STDERR  ] 2018-12-23T11:55:25.398697033Z: [   21.794597] nfnl_acct: registering with nfnetlink.
[STDERR  ] 2018-12-23T11:55:25.398728872Z: [   21.796535] nf_conntrack version 0.5.0 (8192 buckets, 32768 max)
[STDERR  ] 2018-12-23T11:55:25.398755952Z: [   21.799719] ctnetlink v0.93: registering with nfnetlink.
[STDERR  ] 2018-12-23T11:55:25.398782589Z: [   21.804626] nf_tables: (c) 2007-2009 Patrick McHardy <kaber@trash.net>
[STDERR  ] 2018-12-23T11:55:25.398810918Z: [   21.805752] nf_tables_compat: (c) 2012 Pablo Neira Ayuso <pablo@netfilter.org>
[STDERR  ] 2018-12-23T11:55:25.398836645Z: [   21.809408] xt_time: kernel timezone is -0000
[STDERR  ] 2018-12-23T11:55:25.398862749Z: [   21.810020] ip_set: protocol 6
[STDERR  ] 2018-12-23T11:55:25.398889751Z: [   21.811504] ipip: IPv4 and MPLS over IPv4 tunneling driver
[STDERR  ] 2018-12-23T11:55:25.398933855Z: [   21.816636] gre: GRE over IPv4 demultiplexor driver
[STDERR  ] 2018-12-23T11:55:25.398958800Z: [   21.820599] ip_tables: (C) 2000-2006 Netfilter Core Team
[STDERR  ] 2018-12-23T11:55:25.398987706Z: [   21.827391] arp_tables: arp_tables: (C) 2002 David S. Miller
[STDERR  ] 2018-12-23T11:55:25.399019486Z: [   21.830441] NET: Registered protocol family 10
[STDERR  ] 2018-12-23T11:55:25.399045352Z: [   21.842931] Segment Routing with IPv6
[STDERR  ] 2018-12-23T11:55:25.399070968Z: [   21.844283] ip6_tables: (C) 2000-2006 Netfilter Core Team
[STDERR  ] 2018-12-23T11:55:25.399097323Z: [   21.856680] NET: Registered protocol family 17
[STDERR  ] 2018-12-23T11:55:25.399122433Z: [   21.858333] Bridge firewalling registered
[STDERR  ] 2018-12-23T11:55:25.399148629Z: [   21.859067] 8021q: 802.1Q VLAN Support v1.8
[STDERR  ] 2018-12-23T11:55:25.399175754Z: [   21.861308] 9pnet: Installing 9P2000 support
[STDERR  ] 2018-12-23T11:55:25.399202585Z: [   21.863610] Key type dns_resolver registered
[STDERR  ] 2018-12-23T11:55:25.399227210Z: [   21.865451] sched_clock: Marking stable (21865191840, 0)->(22124514057, -259322217)
[STDERR  ] 2018-12-23T11:55:25.399255928Z: [   21.870495] registered taskstats version 1
[STDERR  ] 2018-12-23T11:55:25.399306696Z: [   22.020576] ata1: SATA link down (SStatus 0 SControl 300)
[STDERR  ] 2018-12-23T11:55:25.399335707Z: [   22.024982] ata4: SATA link down (SStatus 0 SControl 300)
[STDERR  ] 2018-12-23T11:55:25.399361427Z: [   22.026653] ata3: SATA link up 1.5 Gbps (SStatus 113 SControl 300)
[STDERR  ] 2018-12-23T11:55:25.399390339Z: [   22.030191] ata2: SATA link down (SStatus 0 SControl 300)
[STDERR  ] 2018-12-23T11:55:25.399422333Z: [   22.030954] ata6: SATA link down (SStatus 0 SControl 300)
[STDERR  ] 2018-12-23T11:55:25.399449644Z: [   22.031830] ata5: SATA link down (SStatus 0 SControl 300)
[STDERR  ] 2018-12-23T11:55:25.399476972Z: [   22.038008] ata3.00: ATAPI: QEMU DVD-ROM, 2.5+, max UDMA/100
[STDERR  ] 2018-12-23T11:55:25.399502754Z: [   22.039314] ata3.00: applying bridge limits
[STDERR  ] 2018-12-23T11:55:25.399531090Z: [   22.045589] ata3.00: configured for UDMA/100
[STDERR  ] 2018-12-23T11:55:25.399555365Z: [   22.071917] scsi 2:0:0:0: CD-ROM            QEMU     QEMU DVD-ROM     2.5+ PQ: 0 ANSI: 5
[STDERR  ] 2018-12-23T11:55:25.399581618Z: [   22.109199] sr 2:0:0:0: [sr0] scsi3-mmc drive: 4x/4x cd/rw xa/form2 tray
[STDERR  ] 2018-12-23T11:55:25.399623496Z: [   22.110613] cdrom: Uniform CD-ROM driver Revision: 3.20
[STDERR  ] 2018-12-23T11:55:25.399649858Z: [   22.128739] sr 2:0:0:0: Attached scsi generic sg0 type 5
[STDERR  ] 2018-12-23T11:55:25.399676254Z: [   22.176529] tsc: Refined TSC clocksource calibration: 2599.760 MHz
[STDERR  ] 2018-12-23T11:55:25.399703448Z: [   22.177550] clocksource: tsc: mask: 0xffffffffffffffff max_cycles: 0x2579598d9a4, max_idle_ns: 440795314135 ns
[STDERR  ] 2018-12-23T11:55:25.399731166Z: [   22.272023] Key type big_key registered
[STDERR  ] 2018-12-23T11:55:25.399756046Z: [   22.391999] Key type trusted registered
[STDERR  ] 2018-12-23T11:55:25.399788807Z: [   22.514737] Key type encrypted registered
[STDERR  ] 2018-12-23T11:55:25.399813802Z: [   22.515889] ima: No TPM chip found, activating TPM-bypass! (rc=-19)
[STDERR  ] 2018-12-23T11:55:25.399846990Z: [   22.517437] ima: Allocated hash algorithm: sha256
[STDERR  ] 2018-12-23T11:55:25.399874215Z: [   22.522782] evm: HMAC attrs: 0x1
[STDERR  ] 2018-12-23T11:55:25.399901234Z: [   22.529342] rtc_cmos 00:00: setting system clock to 2018-12-23 11:53:32 UTC (1545566012)
[STDERR  ] 2018-12-23T11:55:25.399927785Z: [   22.714820] Freeing unused kernel memory: 1536K
[STDERR  ] 2018-12-23T11:55:25.399959072Z: [   22.716356] Write protecting the kernel read-only data: 18432k
[STDERR  ] 2018-12-23T11:55:25.399989163Z: [   22.735911] Freeing unused kernel memory: 2024K
[STDERR  ] 2018-12-23T11:55:25.400026667Z: [   22.837773] Freeing unused kernel memory: 1132K
[STDERR  ] 2018-12-23T11:55:25.400054058Z: [   23.189006] clocksource: Switched to clocksource tsc
[STDERR  ] 2018-12-23T11:55:25.400100068Z: 
[STDERR  ] 2018-12-23T11:55:25.400132562Z: Welcome to LinuxKit
[STDERR  ] 2018-12-23T11:55:25.400160585Z: 
[STDERR  ] 2018-12-23T11:55:25.400188686Z:                         ##         .
[STDERR  ] 2018-12-23T11:55:25.400224441Z:                   ## ## ##        ==
[STDERR  ] 2018-12-23T11:55:25.400253869Z:                ## ## ## ## ##    ===
[STDERR  ] 2018-12-23T11:55:25.400280650Z:            /"""""""""""""""""\___/ ===
[STDERR  ] 2018-12-23T11:55:25.400312642Z:           {                       /  ===-
[STDERR  ] 2018-12-23T11:55:25.400339204Z:            \______ O           __/
[STDERR  ] 2018-12-23T11:55:25.400366430Z:              \    \         __/
[STDERR  ] 2018-12-23T11:55:25.400397507Z:               \____\_______/
[STDERR  ] 2018-12-23T11:55:25.400424265Z: 
[STDERR  ] 2018-12-23T11:55:25.400450907Z: [  102.066782] 8021q: adding VLAN 0 to HW filter on device eth0
[STDERR  ] 2018-12-23T11:55:25.400477816Z: eth0: waiting for carrier
[STDERR  ] 2018-12-23T11:55:25.400503267Z: eth0: carrier acquired
[STDERR  ] 2018-12-23T11:55:25.400533733Z: DUID 00:04:9f:02:fa:db:c2:69:44:20:86:2f:91:b6:2f:5b:9b:ce
[STDERR  ] 2018-12-23T11:55:25.400558987Z: eth0: IAID 1f:bb:5d:d0
[STDERR  ] 2018-12-23T11:55:25.400584449Z: eth0: adding address fe80::1c03:b180:2166:8b70
[STDERR  ] 2018-12-23T11:55:25.400620852Z: eth0: soliciting an IPv6 router
[STDERR  ] 2018-12-23T11:55:25.400646717Z: eth0: soliciting a DHCP lease
[STDERR  ] 2018-12-23T11:55:25.400673552Z: eth0: offered 10.0.2.15 from 10.0.2.2
[STDERR  ] 2018-12-23T11:55:25.400704375Z: eth0: leased 10.0.2.15 for 86400 seconds
[STDERR  ] 2018-12-23T11:55:25.400728855Z: eth0: adding route to 10.0.2.0/24
[STDERR  ] 2018-12-23T11:55:25.400754513Z: eth0: adding default route via 10.0.2.2
[STDERR  ] 2018-12-23T11:55:25.400782592Z: exiting due to oneshot
[STDERR  ] 2018-12-23T11:55:25.400812562Z: dhcpcd exited
[STDERR  ] 2018-12-23T11:55:25.400840033Z: [  104.827470] wireguard: loading out-of-tree module taints kernel.
[STDERR  ] 2018-12-23T11:55:25.400869618Z: [  104.869061] wireguard: WireGuard 0.0.20181218 loaded. See www.wireguard.com for information.
[STDERR  ] 2018-12-23T11:55:25.400896349Z: [  104.870355] wireguard: Copyright (C) 2015-2018 Jason A. Donenfeld <Jason@zx2c4.com>. All Rights Reserved.
[STDERR  ] 2018-12-23T11:55:25.400921133Z: Created interface wg0 type wireguard
[STDERR  ] 2018-12-23T11:55:25.400944816Z: Moved interface wg0 to pid 324
[STDERR  ] 2018-12-23T11:55:25.400969755Z: [#] wg setconf wg0 /dev/fd/63
[STDERR  ] 2018-12-23T11:55:25.401002278Z: [#] ip address add 192.168.2.1/24 dev wg0
[STDERR  ] 2018-12-23T11:55:25.401026679Z: Warning: one or more unrecognized netlink attributes
[STDERR  ] 2018-12-23T11:55:25.401055189Z: [#] ip link set mtu 65456 dev wg0
[STDERR  ] 2018-12-23T11:55:25.401080284Z: [#] ip link set wg0 up
[STDERR  ] 2018-12-23T11:55:25.401105012Z: Warning: one or more unrecognized netlink attributes
[STDERR  ] 2018-12-23T11:55:25.401133287Z: [#] ip route add 0.0.0.0/0 dev wg0
[STDERR  ] 2018-12-23T11:55:25.401158978Z: Created interface wg1 type wireguard
[STDOUT  ] 2018-12-23T11:55:25.401193071Z: [    0.000000] Linux version 4.14.90-linuxkit (root@0ff365c31169) (gcc version 6.4.0 (Alpine 6.4.0)) #1 SMP Sat Dec 22 11:49:10 UTC 2018
[STDERR  ] 2018-12-23T11:55:25.401312262Z: Moved interface wg1 to pid 383
[STDERR  ] 2018-12-23T11:55:25.401347728Z: [#] wg setconf wg1 /dev/fd/63
[STDOUT  ] 2018-12-23T11:55:25.401431526Z: [    0.000000] Command line: console=ttyS0 console=ttyAMA0
[STDOUT  ] 2018-12-23T11:55:25.401477614Z: [    0.000000] x86/fpu: x87 FPU will use FXSAVE
[STDOUT  ] 2018-12-23T11:55:25.401493910Z: [    0.000000] e820: BIOS-provided physical RAM map:
[STDOUT  ] 2018-12-23T11:55:25.401509895Z: [    0.000000] BIOS-e820: [mem 0x0000000000000000-0x000000000009fbff] usable
[STDOUT  ] 2018-12-23T11:55:25.401525286Z: [    0.000000] BIOS-e820: [mem 0x000000000009fc00-0x000000000009ffff] reserved
[STDOUT  ] 2018-12-23T11:55:25.401539287Z: [    0.000000] BIOS-e820: [mem 0x00000000000f0000-0x00000000000fffff] reserved
[STDOUT  ] 2018-12-23T11:55:25.401571164Z: [    0.000000] BIOS-e820: [mem 0x0000000000100000-0x000000003ffdefff] usable
[STDOUT  ] 2018-12-23T11:55:25.401586316Z: [    0.000000] BIOS-e820: [mem 0x000000003ffdf000-0x000000003fffffff] reserved
[STDOUT  ] 2018-12-23T11:55:25.401613906Z: [    0.000000] BIOS-e820: [mem 0x00000000b0000000-0x00000000bfffffff] reserved
[STDERR  ] 2018-12-23T11:55:25.401370473Z: [#] ip address add 192.168.2.2/24 dev wg1
[STDERR  ] 2018-12-23T11:55:25.401646661Z: Warning: one or more unrecognized netlink attributes
[STDERR  ] 2018-12-23T11:55:25.401668655Z: [#] ip link set mtu 65456 dev wg1
[STDERR  ] 2018-12-23T11:55:25.401689415Z: [#] ip link set wg1 up
[STDERR  ] 2018-12-23T11:55:25.401709108Z: Warning: one or more unrecognized netlink attributes
[STDERR  ] 2018-12-23T11:55:25.401728679Z: [#] ip route add 0.0.0.0/0 dev wg1
[STDERR  ] 2018-12-23T11:55:25.401753234Z: [34mINFO[0m[2018-12-23T11:55:02.410882774Z] starting containerd                           [34mrevision[0m=c4446665cb9c30056f4998ed953e6d4ff22c7c39 [34mversion[0m=v1.2.0
[STDOUT  ] 2018-12-23T11:55:25.401631378Z: [    0.000000] BIOS-e820: [mem 0x00000000fed1c000-0x00000000fed1ffff] reserved
[STDOUT  ] 2018-12-23T11:55:25.401824517Z: [    0.000000] BIOS-e820: [mem 0x00000000fffc0000-0x00000000ffffffff] reserved
[STDOUT  ] 2018-12-23T11:55:25.401858203Z: [    0.000000] NX (Execute Disable) protection: active
[STDERR  ] 2018-12-23T11:55:25.401778313Z: [34mINFO[0m[2018-12-23T11:55:02.434857747Z] loading plugin "io.containerd.content.v1.content"...  [34mtype[0m=io.containerd.content.v1
[STDERR  ] 2018-12-23T11:55:25.401924535Z: [34mINFO[0m[2018-12-23T11:55:02.440865397Z] loading plugin "io.containerd.snapshotter.v1.btrfs"...  [34mtype[0m=io.containerd.snapshotter.v1
[STDERR  ] 2018-12-23T11:55:25.401986803Z: [33mWARN[0m[2018-12-23T11:55:02.452905178Z] failed to load plugin io.containerd.snapshotter.v1.btrfs  [33merror[0m="path /var/lib/containerd/io.containerd.snapshotter.v1.btrfs must be a btrfs filesystem to be used with the btrfs snapshotter"
[STDERR  ] 2018-12-23T11:55:25.402011180Z: [34mINFO[0m[2018-12-23T11:55:02.456585504Z] loading plugin "io.containerd.snapshotter.v1.aufs"...  [34mtype[0m=io.containerd.snapshotter.v1
[STDOUT  ] 2018-12-23T11:55:25.401874947Z: [    0.000000] SMBIOS 2.8 present.
[STDOUT  ] 2018-12-23T11:55:25.402083232Z: [    0.000000] DMI: QEMU Standard PC (Q35 + ICH9, 2009), BIOS rel-1.10.2-0-g5f4c7b1-prebuilt.qemu-project.org 04/01/2014
[STDOUT  ] 2018-12-23T11:55:25.402132766Z: [    0.000000] tsc: Fast TSC calibration using PIT
[STDOUT  ] 2018-12-23T11:55:25.402153829Z: [    0.000000] e820: last_pfn = 0x3ffdf max_arch_pfn = 0x400000000
[STDOUT  ] 2018-12-23T11:55:25.402176576Z: [    0.000000] x86/PAT: Configuration [0-7]: WB  WC  UC- UC  WB  WP  UC- WT  
[STDERR  ] 2018-12-23T11:55:25.402034692Z: [33mWARN[0m[2018-12-23T11:55:02.552797123Z] failed to load plugin io.containerd.snapshotter.v1.aufs  [33merror[0m="modprobe aufs failed: "modprobe: module aufs not found in modules.dep\n": exit status 1"
[STDERR  ] 2018-12-23T11:55:25.402208766Z: [34mINFO[0m[2018-12-23T11:55:02.572812477Z] loading plugin "io.containerd.snapshotter.v1.native"...  [34mtype[0m=io.containerd.snapshotter.v1
[STDOUT  ] 2018-12-23T11:55:25.402190790Z: [    0.000000] found SMP MP-table at [mem 0x000f6aa0-0x000f6aaf] mapped at [ffffffffff200aa0]
[STDOUT  ] 2018-12-23T11:55:25.402293806Z: [    0.000000] RAMDISK: [mem 0x3a04e000-0x3ffcffff]
[STDOUT  ] 2018-12-23T11:55:25.402313427Z: [    0.000000] ACPI: Early table checksum verification disabled
[STDOUT  ] 2018-12-23T11:55:25.402332289Z: [    0.000000] ACPI: RSDP 0x00000000000F68C0 000014 (v00 BOCHS )
[STDOUT  ] 2018-12-23T11:55:25.402350276Z: [    0.000000] ACPI: RSDT 0x000000003FFE2404 000034 (v01 BOCHS  BXPCRSDT 00000001 BXPC 00000001)
[STDOUT  ] 2018-12-23T11:55:25.402380127Z: [    0.000000] ACPI: FACP 0x000000003FFE22A4 000074 (v01 BOCHS  BXPCFACP 00000001 BXPC 00000001)
[STDOUT  ] 2018-12-23T11:55:25.402398144Z: [    0.000000] ACPI: DSDT 0x000000003FFE0040 002264 (v01 BOCHS  BXPCDSDT 00000001 BXPC 00000001)
[STDOUT  ] 2018-12-23T11:55:25.402413550Z: [    0.000000] ACPI: FACS 0x000000003FFE0000 000040
[STDERR  ] 2018-12-23T11:55:25.402262319Z: [34mINFO[0m[2018-12-23T11:55:02.595828271Z] loading plugin "io.containerd.snapshotter.v1.overlayfs"...  [34mtype[0m=io.containerd.snapshotter.v1
[STDOUT  ] 2018-12-23T11:55:25.402427845Z: [    0.000000] ACPI: APIC 0x000000003FFE2318 000078 (v01 BOCHS  BXPCAPIC 00000001 BXPC 00000001)
[STDERR  ] 2018-12-23T11:55:25.402429966Z: [34mINFO[0m[2018-12-23T11:55:02.646899780Z] loading plugin "io.containerd.snapshotter.v1.zfs"...  [34mtype[0m=io.containerd.snapshotter.v1
[STDOUT  ] 2018-12-23T11:55:25.402443130Z: [    0.000000] ACPI: HPET 0x000000003FFE2390 000038 (v01 BOCHS  BXPCHPET 00000001 BXPC 00000001)
[STDOUT  ] 2018-12-23T11:55:25.402477036Z: [    0.000000] ACPI: MCFG 0x000000003FFE23C8 00003C (v01 BOCHS  BXPCMCFG 00000001 BXPC 00000001)
[STDOUT  ] 2018-12-23T11:55:25.402495514Z: [    0.000000] Zone ranges:
[STDOUT  ] 2018-12-23T11:55:25.402515601Z: [    0.000000]   DMA      [mem 0x0000000000001000-0x0000000000ffffff]
[STDOUT  ] 2018-12-23T11:55:25.402535600Z: [    0.000000]   DMA32    [mem 0x0000000001000000-0x000000003ffdefff]
[STDOUT  ] 2018-12-23T11:55:25.402553735Z: [    0.000000]   Normal   empty
[STDOUT  ] 2018-12-23T11:55:25.402573876Z: [    0.000000]   Device   empty
[STDOUT  ] 2018-12-23T11:55:25.402602284Z: [    0.000000] Movable zone start for each node
[STDOUT  ] 2018-12-23T11:55:25.402620380Z: [    0.000000] Early memory node ranges
[STDERR  ] 2018-12-23T11:55:25.402672441Z: [33mWARN[0m[2018-12-23T11:55:02.656830429Z] failed to load plugin io.containerd.snapshotter.v1.zfs  [33merror[0m="path /var/lib/containerd/io.containerd.snapshotter.v1.zfs must be a zfs filesystem to be used with the zfs snapshotter"
[STDERR  ] 2018-12-23T11:55:25.402735748Z: [34mINFO[0m[2018-12-23T11:55:02.660588555Z] loading plugin "io.containerd.metadata.v1.bolt"...  [34mtype[0m=io.containerd.metadata.v1
[STDOUT  ] 2018-12-23T11:55:25.402636438Z: [    0.000000]   node   0: [mem 0x0000000000001000-0x000000000009efff]
[STDOUT  ] 2018-12-23T11:55:25.402773684Z: [    0.000000]   node   0: [mem 0x0000000000100000-0x000000003ffdefff]
[STDOUT  ] 2018-12-23T11:55:25.402793742Z: [    0.000000] Initmem setup node 0 [mem 0x0000000000001000-0x000000003ffdefff]
[STDERR  ] 2018-12-23T11:55:25.402757275Z: [33mWARN[0m[2018-12-23T11:55:02.664170231Z] could not use snapshotter btrfs in metadata plugin  [33merror[0m="path /var/lib/containerd/io.containerd.snapshotter.v1.btrfs must be a btrfs filesystem to be used with the btrfs snapshotter"
[STDERR  ] 2018-12-23T11:55:25.402840842Z: [33mWARN[0m[2018-12-23T11:55:02.668151662Z] could not use snapshotter aufs in metadata plugin  [33merror[0m="modprobe aufs failed: "modprobe: module aufs not found in modules.dep\n": exit status 1"
[STDERR  ] 2018-12-23T11:55:25.402880206Z: [33mWARN[0m[2018-12-23T11:55:02.677913528Z] could not use snapshotter zfs in metadata plugin  [33merror[0m="path /var/lib/containerd/io.containerd.snapshotter.v1.zfs must be a zfs filesystem to be used with the zfs snapshotter"
[STDOUT  ] 2018-12-23T11:55:25.402810720Z: [    0.000000] ACPI: PM-Timer IO Port: 0x608
[STDOUT  ] 2018-12-23T11:55:25.402940440Z: [    0.000000] ACPI: LAPIC_NMI (acpi_id[0xff] dfl dfl lint[0x1])
[STDOUT  ] 2018-12-23T11:55:25.402962672Z: [    0.000000] IOAPIC[0]: apic_id 0, version 32, address 0xfec00000, GSI 0-23
[STDOUT  ] 2018-12-23T11:55:25.402979941Z: [    0.000000] ACPI: INT_SRC_OVR (bus 0 bus_irq 0 global_irq 2 dfl dfl)
[STDOUT  ] 2018-12-23T11:55:25.403003965Z: [    0.000000] ACPI: INT_SRC_OVR (bus 0 bus_irq 5 global_irq 5 high level)
[STDERR  ] 2018-12-23T11:55:25.402901010Z: [34mINFO[0m[2018-12-23T11:55:02.703073483Z] loading plugin "io.containerd.differ.v1.walking"...  [34mtype[0m=io.containerd.differ.v1
[STDOUT  ] 2018-12-23T11:55:25.403020835Z: [    0.000000] ACPI: INT_SRC_OVR (bus 0 bus_irq 9 global_irq 9 high level)
[STDOUT  ] 2018-12-23T11:55:25.403064725Z: [    0.000000] ACPI: INT_SRC_OVR (bus 0 bus_irq 10 global_irq 10 high level)
[STDERR  ] 2018-12-23T11:55:25.403027760Z: [34mINFO[0m[2018-12-23T11:55:02.706099100Z] loading plugin "io.containerd.gc.v1.scheduler"...  [34mtype[0m=io.containerd.gc.v1
[STDERR  ] 2018-12-23T11:55:25.403106107Z: [34mINFO[0m[2018-12-23T11:55:02.712248921Z] loading plugin "io.containerd.service.v1.containers-service"...  [34mtype[0m=io.containerd.service.v1
[STDERR  ] 2018-12-23T11:55:25.403127421Z: [34mINFO[0m[2018-12-23T11:55:02.714873511Z] loading plugin "io.containerd.service.v1.content-service"...  [34mtype[0m=io.containerd.service.v1
[STDERR  ] 2018-12-23T11:55:25.403153369Z: [34mINFO[0m[2018-12-23T11:55:02.717587015Z] loading plugin "io.containerd.service.v1.diff-service"...  [34mtype[0m=io.containerd.service.v1
[STDERR  ] 2018-12-23T11:55:25.403174917Z: [34mINFO[0m[2018-12-23T11:55:02.722187422Z] loading plugin "io.containerd.service.v1.images-service"...  [34mtype[0m=io.containerd.service.v1
[STDERR  ] 2018-12-23T11:55:25.403195452Z: [34mINFO[0m[2018-12-23T11:55:02.724911824Z] loading plugin "io.containerd.service.v1.leases-service"...  [34mtype[0m=io.containerd.service.v1
[STDERR  ] 2018-12-23T11:55:25.403219972Z: [34mINFO[0m[2018-12-23T11:55:02.727102250Z] loading plugin "io.containerd.service.v1.namespaces-service"...  [34mtype[0m=io.containerd.service.v1
[STDERR  ] 2018-12-23T11:55:25.403240876Z: [34mINFO[0m[2018-12-23T11:55:02.729737924Z] loading plugin "io.containerd.service.v1.snapshots-service"...  [34mtype[0m=io.containerd.service.v1
[STDERR  ] 2018-12-23T11:55:25.403271513Z: [34mINFO[0m[2018-12-23T11:55:02.732636841Z] loading plugin "io.containerd.runtime.v1.linux"...  [34mtype[0m=io.containerd.runtime.v1
[STDERR  ] 2018-12-23T11:55:25.403299832Z: [34mINFO[0m[2018-12-23T11:55:02.737876674Z] loading plugin "io.containerd.runtime.v2.task"...  [34mtype[0m=io.containerd.runtime.v2
[STDERR  ] 2018-12-23T11:55:25.403320555Z: [34mINFO[0m[2018-12-23T11:55:02.743173611Z] loading plugin "io.containerd.monitor.v1.cgroups"...  [34mtype[0m=io.containerd.monitor.v1
[STDOUT  ] 2018-12-23T11:55:25.403239132Z: [    0.000000] ACPI: INT_SRC_OVR (bus 0 bus_irq 11 global_irq 11 high level)
[STDERR  ] 2018-12-23T11:55:25.403344757Z: [34mINFO[0m[2018-12-23T11:55:02.758784008Z] loading plugin "io.containerd.service.v1.tasks-service"...  [34mtype[0m=io.containerd.service.v1
[STDOUT  ] 2018-12-23T11:55:25.403354858Z: [    0.000000] Using ACPI (MADT) for SMP configuration information
[STDOUT  ] 2018-12-23T11:55:25.403378685Z: [    0.000000] ACPI: HPET id: 0x8086a201 base: 0xfed00000
[STDOUT  ] 2018-12-23T11:55:25.403398990Z: [    0.000000] smpboot: Allowing 1 CPUs, 0 hotplug CPUs
[STDOUT  ] 2018-12-23T11:55:25.403427344Z: [    0.000000] e820: [mem 0x40000000-0xafffffff] available for PCI devices
[STDOUT  ] 2018-12-23T11:55:25.403447510Z: [    0.000000] Booting paravirtualized kernel on bare hardware
[STDOUT  ] 2018-12-23T11:55:25.403465692Z: [    0.000000] clocksource: refined-jiffies: mask: 0xffffffff max_cycles: 0xffffffff, max_idle_ns: 1910969940391419 ns
[STDOUT  ] 2018-12-23T11:55:25.403482652Z: [    0.000000] random: get_random_bytes called from start_kernel+0x92/0x4d1 with crng_init=0
[STDERR  ] 2018-12-23T11:55:25.403392620Z: [34mINFO[0m[2018-12-23T11:55:02.762540534Z] loading plugin "io.containerd.internal.v1.restart"...  [34mtype[0m=io.containerd.internal.v1
[STDERR  ] 2018-12-23T11:55:25.403522896Z: [34mINFO[0m[2018-12-23T11:55:02.805875973Z] loading plugin "io.containerd.grpc.v1.containers"...  [34mtype[0m=io.containerd.grpc.v1
[STDOUT  ] 2018-12-23T11:55:25.403501408Z: [    0.000000] setup_percpu: NR_CPUS:128 nr_cpumask_bits:128 nr_cpu_ids:1 nr_node_ids:1
[STDERR  ] 2018-12-23T11:55:25.403598750Z: [34mINFO[0m[2018-12-23T11:55:02.816649847Z] loading plugin "io.containerd.grpc.v1.content"...  [34mtype[0m=io.containerd.grpc.v1
[STDOUT  ] 2018-12-23T11:55:25.403642387Z: [    0.000000] percpu: Embedded 45 pages/cpu @ffff88d939e00000 s144216 r8192 d31912 u2097152
[STDOUT  ] 2018-12-23T11:55:25.403690918Z: [    0.000000] Built 1 zonelists, mobility grouping on.  Total pages: 257896
[STDOUT  ] 2018-12-23T11:55:25.403709078Z: [    0.000000] Kernel command line: console=ttyS0 console=ttyAMA0
[STDOUT  ] 2018-12-23T11:55:25.403726381Z: [    0.000000] PID hash table entries: 4096 (order: 3, 32768 bytes)
[STDOUT  ] 2018-12-23T11:55:25.403744030Z: [    0.000000] Dentry cache hash table entries: 131072 (order: 8, 1048576 bytes)
[STDOUT  ] 2018-12-23T11:55:25.403761381Z: [    0.000000] Inode-cache hash table entries: 65536 (order: 7, 524288 bytes)
[STDERR  ] 2018-12-23T11:55:25.403654125Z: [34mINFO[0m[2018-12-23T11:55:02.845558663Z] loading plugin "io.containerd.grpc.v1.diff"...  [34mtype[0m=io.containerd.grpc.v1
[STDERR  ] 2018-12-23T11:55:25.403792466Z: [34mINFO[0m[2018-12-23T11:55:02.856013761Z] loading plugin "io.containerd.grpc.v1.events"...  [34mtype[0m=io.containerd.grpc.v1
[STDOUT  ] 2018-12-23T11:55:25.403790495Z: [    0.000000] Memory: 907064K/1048052K available (12300K kernel code, 1451K rwdata, 2964K rodata, 1536K init, 580K bss, 140988K reserved, 0K cma-reserved)
[STDERR  ] 2018-12-23T11:55:25.403820305Z: [34mINFO[0m[2018-12-23T11:55:02.867805226Z] loading plugin "io.containerd.grpc.v1.healthcheck"...  [34mtype[0m=io.containerd.grpc.v1
[STDERR  ] 2018-12-23T11:55:25.403868484Z: [34mINFO[0m[2018-12-23T11:55:02.886078779Z] loading plugin "io.containerd.grpc.v1.images"...  [34mtype[0m=io.containerd.grpc.v1
[STDERR  ] 2018-12-23T11:55:25.403891296Z: [34mINFO[0m[2018-12-23T11:55:02.904730312Z] loading plugin "io.containerd.grpc.v1.leases"...  [34mtype[0m=io.containerd.grpc.v1
[STDERR  ] 2018-12-23T11:55:25.403911273Z: [34mINFO[0m[2018-12-23T11:55:02.907092887Z] loading plugin "io.containerd.grpc.v1.namespaces"...  [34mtype[0m=io.containerd.grpc.v1
[STDERR  ] 2018-12-23T11:55:25.403930976Z: [34mINFO[0m[2018-12-23T11:55:02.910617403Z] loading plugin "io.containerd.internal.v1.opt"...  [34mtype[0m=io.containerd.internal.v1
[STDERR  ] 2018-12-23T11:55:25.403951783Z: [33mWARN[0m[2018-12-23T11:55:02.915121693Z] failed to load plugin io.containerd.internal.v1.opt  [33merror[0m="mkdir /opt: read-only file system"
[STDOUT  ] 2018-12-23T11:55:25.403819947Z: [    0.000000] ftrace: allocating 40613 entries in 159 pages
[STDERR  ] 2018-12-23T11:55:25.403972061Z: [34mINFO[0m[2018-12-23T11:55:02.917980252Z] loading plugin "io.containerd.grpc.v1.snapshots"...  [34mtype[0m=io.containerd.grpc.v1
[STDERR  ] 2018-12-23T11:55:25.404097862Z: [34mINFO[0m[2018-12-23T11:55:02.921183183Z] loading plugin "io.containerd.grpc.v1.tasks"...  [34mtype[0m=io.containerd.grpc.v1
[STDERR  ] 2018-12-23T11:55:25.404118542Z: [34mINFO[0m[2018-12-23T11:55:02.924094875Z] loading plugin "io.containerd.grpc.v1.version"...  [34mtype[0m=io.containerd.grpc.v1
[STDERR  ] 2018-12-23T11:55:25.404137792Z: [34mINFO[0m[2018-12-23T11:55:02.926747408Z] loading plugin "io.containerd.grpc.v1.introspection"...  [34mtype[0m=io.containerd.grpc.v1
[STDOUT  ] 2018-12-23T11:55:25.404074676Z: [    0.000000] Hierarchical RCU implementation.
[STDOUT  ] 2018-12-23T11:55:25.404187259Z: [    0.000000] 	RCU restricting CPUs from NR_CPUS=128 to nr_cpu_ids=1.
[STDOUT  ] 2018-12-23T11:55:25.404208116Z: [    0.000000] RCU: Adjusting geometry for rcu_fanout_leaf=16, nr_cpu_ids=1
[STDOUT  ] 2018-12-23T11:55:25.404232603Z: [    0.000000] NR_IRQS: 8448, nr_irqs: 256, preallocated irqs: 16
[STDOUT  ] 2018-12-23T11:55:25.404248090Z: [    0.000000] Console: colour VGA+ 80x25
[STDOUT  ] 2018-12-23T11:55:25.404262802Z: [    0.000000] console [ttyS0] enabled
[STDOUT  ] 2018-12-23T11:55:25.404278044Z: [    0.000000] clocksource: hpet: mask: 0xffffffff max_cycles: 0xffffffff, max_idle_ns: 19112604467 ns
[STDOUT  ] 2018-12-23T11:55:25.404293951Z: [    0.003000] tsc: Fast TSC calibration using PIT
[STDOUT  ] 2018-12-23T11:55:25.404308324Z: [    0.004000] tsc: Detected 2599.707 MHz processor
[STDOUT  ] 2018-12-23T11:55:25.404327888Z: [    0.007361] Calibrating delay loop (skipped), value calculated using timer frequency.. 5199.41 BogoMIPS (lpj=2599707)
[STDOUT  ] 2018-12-23T11:55:25.404343271Z: [    0.008149] pid_max: default: 32768 minimum: 301
[STDOUT  ] 2018-12-23T11:55:25.404357193Z: [    0.009587] ACPI: Core revision 20170728
[STDOUT  ] 2018-12-23T11:55:25.404371603Z: [    0.053104] ACPI: 1 ACPI AML tables successfully acquired and loaded
[STDOUT  ] 2018-12-23T11:55:25.404385748Z: [    0.057786] Security Framework initialized
[STDERR  ] 2018-12-23T11:55:25.404160454Z: [34mINFO[0m[2018-12-23T11:55:02.946120038Z] serving...                                    [34maddress[0m="/run/containerd/debug.sock"
[STDERR  ] 2018-12-23T11:55:25.404426986Z: [34mINFO[0m[2018-12-23T11:55:02.950049512Z] serving...                                    [34maddress[0m="/run/containerd/containerd.sock"
[STDERR  ] 2018-12-23T11:55:25.404496029Z: [34mINFO[0m[2018-12-23T11:55:02.954429944Z] containerd successfully booted in 0.583894s  
[STDERR  ] 2018-12-23T11:55:25.404517542Z: [34mINFO[0m[2018-12-23T11:55:03.915151854Z] shim containerd-shim started                  [34maddress[0m="/containerd-shim/services.linuxkit/nginx/shim.sock" [34mdebug[0m=false [34mpid[0m=440
[STDOUT  ] 2018-12-23T11:55:25.404400104Z: [    0.058164] Yama: becoming mindful.
[STDOUT  ] 2018-12-23T11:55:25.404570492Z: [    0.061309] Mount-cache hash table entries: 2048 (order: 2, 16384 bytes)
[STDOUT  ] 2018-12-23T11:55:25.404614724Z: [    0.062084] Mountpoint-cache hash table entries: 2048 (order: 2, 16384 bytes)
[STDERR  ] 2018-12-23T11:55:25.404540080Z: [34mINFO[0m[2018-12-23T11:55:09.675057070Z] shim containerd-shim started                  [34maddress[0m="/containerd-shim/services.linuxkit/test/shim.sock" [34mdebug[0m=false [34mpid[0m=482
[STDERR  ] 2018-12-23T11:55:25.404659415Z: wireguard test suite PASSED
[STDERR  ] 2018-12-23T11:55:25.404682555Z: The system is going down NOW!
[STDERR  ] 2018-12-23T11:55:25.404702014Z: Sent SIGTERM to all processes
[STDERR  ] 2018-12-23T11:55:25.404721630Z: Sent SIGKILL to all processes
[STDOUT  ] 2018-12-23T11:55:25.404633838Z: [    0.083624] Last level iTLB entries: 4KB 0, 2MB 0, 4MB 0
[STDOUT  ] 2018-12-23T11:55:25.404758435Z: [    0.084062] Last level dTLB entries: 4KB 0, 2MB 0, 4MB 0, 1GB 0
[STDOUT  ] 2018-12-23T11:55:25.404779766Z: [    0.085187] Spectre V2 : Spectre mitigation: LFENCE not serializing, switching to generic retpoline
[STDERR  ] 2018-12-23T11:55:25.404741722Z: Requesting system poweroff
[STDOUT  ] 2018-12-23T11:55:25.404797418Z: [    0.086058] Spectre V2 : Mitigation: Full generic retpoline
[STDERR  ] 2018-12-23T11:55:25.404807384Z: [  134.693800] ACPI: Preparing to enter system sleep state S5
[STDOUT  ] 2018-12-23T11:55:25.404819541Z: [    0.086641] Spectre V2 : Spectre v2 / SpectreRSB mitigation: Filling RSB on context switch
[STDOUT  ] 2018-12-23T11:55:25.404850061Z: [    0.087129] Speculative Store Bypass: Vulnerable
[STDOUT  ] 2018-12-23T11:55:25.404869411Z: [    0.256384] random: fast init done
[STDOUT  ] 2018-12-23T11:55:25.404885465Z: [    0.423215] Freeing SMP alternatives memory: 20K
[STDOUT  ] 2018-12-23T11:55:25.404900501Z: [    0.445474] smpboot: Max logical packages: 1
[STDOUT  ] 2018-12-23T11:55:25.404915611Z: [    0.452000] ..TIMER: vector=0x30 apic1=0 pin1=2 apic2=-1 pin2=-1
[STDOUT  ] 2018-12-23T11:55:25.404930526Z: [    0.462000] smpboot: CPU0: AMD QEMU Virtual CPU version 2.5+ (family: 0x6, model: 0x6, stepping: 0x3)
[STDOUT  ] 2018-12-23T11:55:25.404955289Z: [    0.470108] Performance Events: PMU not available due to virtualization, using software events only.
[STDOUT  ] 2018-12-23T11:55:25.404975538Z: [    0.473834] Hierarchical SRCU implementation.
[STDOUT  ] 2018-12-23T11:55:25.404995432Z: [    0.481105] NMI watchdog: Perf event create on CPU 0 failed with -2
[STDOUT  ] 2018-12-23T11:55:25.405020286Z: [    0.481767] NMI watchdog: Perf NMI watchdog permanently disabled
[STDOUT  ] 2018-12-23T11:55:25.405035114Z: [    0.486650] smp: Bringing up secondary CPUs ...
[STDOUT  ] 2018-12-23T11:55:25.405049558Z: [    0.487104] smp: Brought up 1 node, 1 CPU
[STDOUT  ] 2018-12-23T11:55:25.405063772Z: [    0.488055] smpboot: Total of 1 processors activated (5199.41 BogoMIPS)
[STDERR  ] 2018-12-23T11:55:25.405078768Z: [  134.699956] reboot: Power down
[STDERR  ] 2018-12-23T11:55:25.405131674Z: + echo [    0.000000] Linux version 4.14.90-linuxkit (root@0ff365c31169) (gcc version 6.4.0 (Alpine 6.4.0)) #1 SMP Sat Dec 22 11:49:10 UTC 2018
[STDERR  ] 2018-12-23T11:55:25.405153980Z: [    0.000000] Command line: console=ttyS0 console=ttyAMA0
[STDERR  ] 2018-12-23T11:55:25.405180494Z: [    0.000000] x86/fpu: x87 FPU will use FXSAVE
[STDERR  ] 2018-12-23T11:55:25.405200785Z: [    0.000000] e820: BIOS-provided physical RAM map:
[STDERR  ] 2018-12-23T11:55:25.405220193Z: [    0.000000] BIOS-e820: [mem 0x0000000000000000-0x000000000009fbff] usable
[STDERR  ] 2018-12-23T11:55:25.405239854Z: [    0.000000] BIOS-e820: [mem 0x000000000009fc00-0x000000000009ffff] reserved
[STDOUT  ] 2018-12-23T11:55:25.405165799Z: [    0.505676] devtmpfs: initialized
[STDOUT  ] 2018-12-23T11:55:25.405290856Z: [    0.511319] x86/mm: Memory block size: 128MB
[STDOUT  ] 2018-12-23T11:55:25.405309708Z: [    0.518657] evm: security.ima
[STDOUT  ] 2018-12-23T11:55:25.405329154Z: [    0.519051] evm: security.capability
[STDOUT  ] 2018-12-23T11:55:25.405345524Z: [    0.522840] clocksource: jiffies: mask: 0xffffffff max_cycles: 0xffffffff, max_idle_ns: 1911260446275000 ns
[STDOUT  ] 2018-12-23T11:55:25.405360065Z: [    0.523187] futex hash table entries: 256 (order: 2, 16384 bytes)
[STDOUT  ] 2018-12-23T11:55:25.405374767Z: [    0.536509] NET: Registered protocol family 16
[STDOUT  ] 2018-12-23T11:55:25.405388913Z: [    0.544756] cpuidle: using governor ladder
[STDOUT  ] 2018-12-23T11:55:25.405402964Z: [    0.545179] cpuidle: using governor menu
[STDERR  ] 2018-12-23T11:55:25.405258998Z: [    0.000000] BIOS-e820: [mem 0x00000000000f0000-0x00000000000fffff] reserved
[STDERR  ] 2018-12-23T11:55:25.405466744Z: [    0.000000] BIOS-e820: [mem 0x0000000000100000-0x000000003ffdefff] usable
[STDERR  ] 2018-12-23T11:55:25.405488692Z: [    0.000000] BIOS-e820: [mem 0x000000003ffdf000-0x000000003fffffff] reserved
[STDERR  ] 2018-12-23T11:55:25.405509039Z: [    0.000000] BIOS-e820: [mem 0x00000000b0000000-0x00000000bfffffff] reserved
[STDERR  ] 2018-12-23T11:55:25.405535527Z: [    0.000000] BIOS-e820: [mem 0x00000000fed1c000-0x00000000fed1ffff] reserved
[STDERR  ] 2018-12-23T11:55:25.405555928Z: [    0.000000] BIOS-e820: [mem 0x00000000fffc0000-0x00000000ffffffff] reserved
[STDERR  ] 2018-12-23T11:55:25.405583595Z: [    0.000000] NX (Execute Disable) protection: active
[STDERR  ] 2018-12-23T11:55:25.405641540Z: [    0.000000] SMBIOS 2.8 present.
[STDERR  ] 2018-12-23T11:55:25.405663518Z: [    0.000000] DMI: QEMU Standard PC (Q35 + ICH9, 2009), BIOS rel-1.10.2-0-g5f4c7b1-prebuilt.qemu-project.org 04/01/2014
[STDERR  ] 2018-12-23T11:55:25.405684455Z: [    0.000000] tsc: Fast TSC calibration using PIT
[STDERR  ] 2018-12-23T11:55:25.405710509Z: [    0.000000] e820: last_pfn = 0x3ffdf max_arch_pfn = 0x400000000
[STDERR  ] 2018-12-23T11:55:25.405730547Z: [    0.000000] x86/PAT: Configuration [0-7]: WB  WC  UC- UC  WB  WP  UC- WT  
[STDERR  ] 2018-12-23T11:55:25.405751086Z: [    0.000000] found SMP MP-table at [mem 0x000f6aa0-0x000f6aaf] mapped at [ffffffffff200aa0]
[STDERR  ] 2018-12-23T11:55:25.405771119Z: [    0.000000] RAMDISK: [mem 0x3a04e000-0x3ffcffff]
[STDERR  ] 2018-12-23T11:55:25.405801427Z: [    0.000000] ACPI: Early table checksum verification disabled
[STDERR  ] 2018-12-23T11:55:25.405824325Z: [    0.000000] ACPI: RSDP 0x00000000000F68C0 000014 (v00 BOCHS )
[STDERR  ] 2018-12-23T11:55:25.405845008Z: [    0.000000] ACPI: RSDT 0x000000003FFE2404 000034 (v01 BOCHS  BXPCRSDT 00000001 BXPC 00000001)
[STDERR  ] 2018-12-23T11:55:25.405868495Z: [    0.000000] ACPI: FACP 0x000000003FFE22A4 000074 (v01 BOCHS  BXPCFACP 00000001 BXPC 00000001)
[STDERR  ] 2018-12-23T11:55:25.405887634Z: [    0.000000] ACPI: DSDT 0x000000003FFE0040 002264 (v01 BOCHS  BXPCDSDT 00000001 BXPC 00000001)
[STDERR  ] 2018-12-23T11:55:25.405906681Z: [    0.000000] ACPI: FACS 0x000000003FFE0000 000040
[STDOUT  ] 2018-12-23T11:55:25.405553446Z: [    0.547427] ACPI: bus type PCI registered
[STDOUT  ] 2018-12-23T11:55:25.405953584Z: [    0.551461] PCI: MMCONFIG for domain 0000 [bus 00-ff] at [mem 0xb0000000-0xbfffffff] (base 0xb0000000)
[STDOUT  ] 2018-12-23T11:55:25.405969232Z: [    0.552347] PCI: MMCONFIG at [mem 0xb0000000-0xbfffffff] reserved in E820
[STDOUT  ] 2018-12-23T11:55:25.405984558Z: [    0.554586] PCI: Using configuration type 1 for base access
[STDOUT  ] 2018-12-23T11:55:25.406011151Z: [    0.621905] HugeTLB registered 2.00 MiB page size, pre-allocated 0 pages
[STDOUT  ] 2018-12-23T11:55:25.406025964Z: [    0.633749] ACPI: Added _OSI(Module Device)
[STDOUT  ] 2018-12-23T11:55:25.406040050Z: [    0.634071] ACPI: Added _OSI(Processor Device)
[STDOUT  ] 2018-12-23T11:55:25.406053977Z: [    0.634540] ACPI: Added _OSI(3.0 _SCP Extensions)
[STDOUT  ] 2018-12-23T11:55:25.406068062Z: [    0.635037] ACPI: Added _OSI(Processor Aggregator Device)
[STDOUT  ] 2018-12-23T11:55:25.406105614Z: [    0.732581] ACPI: Interpreter enabled
[STDOUT  ] 2018-12-23T11:55:25.406120566Z: [    0.733612] ACPI: (supports S0 S5)
[STDOUT  ] 2018-12-23T11:55:25.406134620Z: [    0.734102] ACPI: Using IOAPIC for interrupt routing
[STDOUT  ] 2018-12-23T11:55:25.406148501Z: [    0.736837] PCI: Using host bridge windows from ACPI; if necessary, use "pci=nocrs" and report a bug
[STDOUT  ] 2018-12-23T11:55:25.406162905Z: [    0.742513] ACPI: Enabled 2 GPEs in block 00 to 3F
[STDOUT  ] 2018-12-23T11:55:25.406177052Z: [    0.828548] ACPI: PCI Root Bridge [PCI0] (domain 0000 [bus 00-ff])
[STDOUT  ] 2018-12-23T11:55:25.406191666Z: [    0.829567] acpi PNP0A08:00: _OSC: OS supports [ExtendedConfig ASPM ClockPM Segments MSI]
[STDOUT  ] 2018-12-23T11:55:25.406206327Z: [    0.836061] acpi PNP0A08:00: _OSC: OS now controls [PCIeHotplug PME PCIeCapability]
[STDOUT  ] 2018-12-23T11:55:25.406220485Z: [    0.840696] PCI host bridge to bus 0000:00
[STDOUT  ] 2018-12-23T11:55:25.406234918Z: [    0.841291] pci_bus 0000:00: root bus resource [io  0x0000-0x0cf7 window]
[STDOUT  ] 2018-12-23T11:55:25.406276029Z: [    0.842082] pci_bus 0000:00: root bus resource [io  0x0d00-0xffff window]
[STDOUT  ] 2018-12-23T11:55:25.406291373Z: [    0.843090] pci_bus 0000:00: root bus resource [mem 0x000a0000-0x000bffff window]
[STDOUT  ] 2018-12-23T11:55:25.406305222Z: [    0.843775] pci_bus 0000:00: root bus resource [mem 0xc0000000-0xfebfffff window]
[STDOUT  ] 2018-12-23T11:55:25.406319332Z: [    0.844185] pci_bus 0000:00: root bus resource [bus 00-ff]
[STDOUT  ] 2018-12-23T11:55:25.406333305Z: [    0.907535] pci 0000:00:1f.0: quirk: [io  0x0600-0x067f] claimed by ICH6 ACPI/GPIO/TCO
[STDOUT  ] 2018-12-23T11:55:25.406349886Z: [    0.957046] ACPI: PCI Interrupt Link [LNKA] (IRQs 5 *10 11)
[STDOUT  ] 2018-12-23T11:55:25.406363752Z: [    0.960215] ACPI: PCI Interrupt Link [LNKB] (IRQs 5 *10 11)
[STDOUT  ] 2018-12-23T11:55:25.406377869Z: [    0.962360] ACPI: PCI Interrupt Link [LNKC] (IRQs 5 10 *11)
[STDOUT  ] 2018-12-23T11:55:25.406391730Z: [    0.964465] ACPI: PCI Interrupt Link [LNKD] (IRQs 5 10 *11)
[STDOUT  ] 2018-12-23T11:55:25.406405790Z: [    0.966556] ACPI: PCI Interrupt Link [LNKE] (IRQs 5 *10 11)
[STDOUT  ] 2018-12-23T11:55:25.406419665Z: [    0.968707] ACPI: PCI Interrupt Link [LNKF] (IRQs 5 *10 11)
[STDOUT  ] 2018-12-23T11:55:25.406439229Z: [    0.971336] ACPI: PCI Interrupt Link [LNKG] (IRQs 5 10 *11)
[STDOUT  ] 2018-12-23T11:55:25.406453190Z: [    0.973545] ACPI: PCI Interrupt Link [LNKH] (IRQs 5 10 *11)
[STDOUT  ] 2018-12-23T11:55:25.406466922Z: [    0.974502] ACPI: PCI Interrupt Link [GSIA] (IRQs *16)
[STDOUT  ] 2018-12-23T11:55:25.406480906Z: [    0.975385] ACPI: PCI Interrupt Link [GSIB] (IRQs *17)
[STDOUT  ] 2018-12-23T11:55:25.406495516Z: [    0.976357] ACPI: PCI Interrupt Link [GSIC] (IRQs *18)
[STDOUT  ] 2018-12-23T11:55:25.406510376Z: [    0.977424] ACPI: PCI Interrupt Link [GSID] (IRQs *19)
[STDOUT  ] 2018-12-23T11:55:25.406524400Z: [    0.978454] ACPI: PCI Interrupt Link [GSIE] (IRQs *20)
[STDOUT  ] 2018-12-23T11:55:25.406538117Z: [    0.979370] ACPI: PCI Interrupt Link [GSIF] (IRQs *21)
[STDOUT  ] 2018-12-23T11:55:25.406556132Z: [    0.980342] ACPI: PCI Interrupt Link [GSIG] (IRQs *22)
[STDOUT  ] 2018-12-23T11:55:25.406573552Z: [    0.981302] ACPI: PCI Interrupt Link [GSIH] (IRQs *23)
[STDOUT  ] 2018-12-23T11:55:25.406587509Z: [    0.991420] SCSI subsystem initialized
[STDOUT  ] 2018-12-23T11:55:25.406611395Z: [    0.994531] ACPI: bus type USB registered
[STDOUT  ] 2018-12-23T11:55:25.406625226Z: [    0.995731] usbcore: registered new interface driver usbfs
[STDOUT  ] 2018-12-23T11:55:25.406639101Z: [    0.996648] usbcore: registered new interface driver hub
[STDOUT  ] 2018-12-23T11:55:25.406652946Z: [    0.997855] usbcore: registered new device driver usb
[STDOUT  ] 2018-12-23T11:55:25.406671201Z: [    0.999343] pps_core: LinuxPPS API ver. 1 registered
[STDOUT  ] 2018-12-23T11:55:25.406685246Z: [    0.999728] pps_core: Software ver. 5.3.6 - Copyright 2005-2007 Rodolfo Giometti <giometti@linux.it>
[STDOUT  ] 2018-12-23T11:55:25.406699606Z: [    1.000183] PTP clock support registered
[STDOUT  ] 2018-12-23T11:55:25.406713475Z: [    1.003622] PCI: Using ACPI for IRQ routing
[STDOUT  ] 2018-12-23T11:55:25.406731569Z: [    1.026391] NetLabel: Initializing
[STDOUT  ] 2018-12-23T11:55:25.406745934Z: [    1.026746] NetLabel:  domain hash size = 128
[STDOUT  ] 2018-12-23T11:55:25.406763051Z: [    1.027040] NetLabel:  protocols = UNLABELED CIPSOv4 CALIPSO
[STDOUT  ] 2018-12-23T11:55:25.406777412Z: [    1.029738] NetLabel:  unlabeled traffic allowed by default
[STDOUT  ] 2018-12-23T11:55:25.406791415Z: [    1.031168] HPET: 3 timers in total, 0 timers will be used for per-cpu timer
[STDOUT  ] 2018-12-23T11:55:25.406805832Z: [    1.032034] hpet0: at MMIO 0xfed00000, IRQs 2, 8, 0
[STDOUT  ] 2018-12-23T11:55:25.406819713Z: [    1.033031] hpet0: 3 comparators, 64-bit 100.000000 MHz counter
[STDOUT  ] 2018-12-23T11:55:25.406833709Z: [    1.040841] clocksource: Switched to clocksource hpet
[STDOUT  ] 2018-12-23T11:55:25.406847755Z: [    1.440771] VFS: Disk quotas dquot_6.6.0
[STDOUT  ] 2018-12-23T11:55:25.406861544Z: [    1.441836] VFS: Dquot-cache hash table entries: 512 (order 0, 4096 bytes)
[STDOUT  ] 2018-12-23T11:55:25.406875576Z: [    1.445380] FS-Cache: Loaded
[STDOUT  ] 2018-12-23T11:55:25.406889675Z: [    1.452435] CacheFiles: Loaded
[STDOUT  ] 2018-12-23T11:55:25.406903621Z: [    1.453764] pnp: PnP ACPI init
[STDOUT  ] 2018-12-23T11:55:25.406917718Z: [    1.469530] pnp: PnP ACPI: found 5 devices
[STDOUT  ] 2018-12-23T11:55:25.406931525Z: [    1.520757] clocksource: acpi_pm: mask: 0xffffff max_cycles: 0xffffff, max_idle_ns: 2085701024 ns
[STDOUT  ] 2018-12-23T11:55:25.406955622Z: [    1.524694] NET: Registered protocol family 2
[STDOUT  ] 2018-12-23T11:55:25.406969899Z: [    1.535705] TCP established hash table entries: 8192 (order: 4, 65536 bytes)
[STDOUT  ] 2018-12-23T11:55:25.406983806Z: [    1.536841] TCP bind hash table entries: 8192 (order: 5, 131072 bytes)
[STDOUT  ] 2018-12-23T11:55:25.407003384Z: [    1.538881] TCP: Hash tables configured (established 8192 bind 8192)
[STDOUT  ] 2018-12-23T11:55:25.407025186Z: [    1.541591] UDP hash table entries: 512 (order: 2, 16384 bytes)
[STDOUT  ] 2018-12-23T11:55:25.407039491Z: [    1.542468] UDP-Lite hash table entries: 512 (order: 2, 16384 bytes)
[STDOUT  ] 2018-12-23T11:55:25.407057949Z: [    1.545599] NET: Registered protocol family 1
[STDOUT  ] 2018-12-23T11:55:25.407072278Z: [    1.546858] pci 0000:00:01.0: Video device with shadowed ROM at [mem 0x000c0000-0x000dffff]
[STDOUT  ] 2018-12-23T11:55:25.407086381Z: [    1.556746] Trying to unpack rootfs image as initramfs...
[STDOUT  ] 2018-12-23T11:55:25.407120895Z: [   21.154532] Freeing initrd memory: 97800K
[STDOUT  ] 2018-12-23T11:55:25.407135724Z: [   21.189504] PCLMULQDQ-NI instructions are not detected.
[STDOUT  ] 2018-12-23T11:55:25.407150141Z: [   21.191318] AVX or AES-NI instructions are not detected.
[STDOUT  ] 2018-12-23T11:55:25.407164315Z: [   21.191854] CPU feature 'AVX registers' is not supported.
[STDOUT  ] 2018-12-23T11:55:25.407178261Z: [   21.192505] CPU feature 'AVX registers' is not supported.
[STDOUT  ] 2018-12-23T11:55:25.407192175Z: [   21.192950] CPU feature 'AVX registers' is not supported.
[STDOUT  ] 2018-12-23T11:55:25.407218589Z: [   21.193565] CPU feature 'AVX registers' is not supported.
[STDOUT  ] 2018-12-23T11:55:25.407232786Z: [   21.194226] AVX2 or AES-NI instructions are not detected.
[STDOUT  ] 2018-12-23T11:55:25.407246977Z: [   21.194755] AVX2 instructions are not detected.
[STDOUT  ] 2018-12-23T11:55:25.407260947Z: [   21.201768] audit: initializing netlink subsys (disabled)
[STDOUT  ] 2018-12-23T11:55:25.407275039Z: [   21.207625] audit: type=2000 audit(1545566010.203:1): state=initialized audit_enabled=0 res=1
[STDOUT  ] 2018-12-23T11:55:25.407289111Z: [   21.212619] workingset: timestamp_bits=46 max_order=18 bucket_order=0
[STDOUT  ] 2018-12-23T11:55:25.407303235Z: [   21.220660] squashfs: version 4.0 (2009/01/31) Phillip Lougher
[STDOUT  ] 2018-12-23T11:55:25.407317278Z: [   21.223870] FS-Cache: Netfs 'cifs' registered for caching
[STDOUT  ] 2018-12-23T11:55:25.407331435Z: [   21.225016] fuse init (API version 7.26)
[STDOUT  ] 2018-12-23T11:55:25.407345864Z: [   21.227946] SGI XFS with ACLs, security attributes, no debug enabled
[STDOUT  ] 2018-12-23T11:55:25.407359657Z: [   21.233460] 9p: Installing v9fs 9p2000 file system support
[STDOUT  ] 2018-12-23T11:55:25.407373809Z: [   21.234272] FS-Cache: Netfs '9p' registered for caching
[STDOUT  ] 2018-12-23T11:55:25.407387817Z: [   21.288679] NET: Registered protocol family 38
[STDOUT  ] 2018-12-23T11:55:25.407411534Z: [   21.289712] Key type asymmetric registered
[STDOUT  ] 2018-12-23T11:55:25.407425460Z: [   21.290429] Asymmetric key parser 'x509' registered
[STDOUT  ] 2018-12-23T11:55:25.407439556Z: [   21.291580] Block layer SCSI generic (bsg) driver version 0.4 loaded (major 247)
[STDOUT  ] 2018-12-23T11:55:25.407453773Z: [   21.294389] io scheduler noop registered
[STDOUT  ] 2018-12-23T11:55:25.407467657Z: [   21.294826] io scheduler deadline registered (default)
[STDOUT  ] 2018-12-23T11:55:25.407481979Z: [   21.296018] io scheduler cfq registered
[STDOUT  ] 2018-12-23T11:55:25.407497094Z: [   21.296731] io scheduler mq-deadline registered
[STDOUT  ] 2018-12-23T11:55:25.407511341Z: [   21.297357] io scheduler kyber registered
[STDOUT  ] 2018-12-23T11:55:25.407525793Z: [   21.301833] shpchp: Standard Hot Plug PCI Controller Driver version: 0.4
[STDOUT  ] 2018-12-23T11:55:25.407540077Z: [   21.302967] hv_vmbus: registering driver hyperv_fb
[STDOUT  ] 2018-12-23T11:55:25.407554168Z: [   21.307587] input: Power Button as /devices/LNXSYSTM:00/LNXPWRBN:00/input/input0
[STDOUT  ] 2018-12-23T11:55:25.407568413Z: [   21.311381] ACPI: Power Button [PWRF]
[STDOUT  ] 2018-12-23T11:55:25.407582304Z: [   21.337472] ACPI: PCI Interrupt Link [GSIG] enabled at IRQ 22
[STDOUT  ] 2018-12-23T11:55:25.407604224Z: [   21.354906] ACPI: PCI Interrupt Link [GSIH] enabled at IRQ 23
[STDOUT  ] 2018-12-23T11:55:25.407618269Z: [   21.363702] Serial: 8250/16550 driver, 4 ports, IRQ sharing disabled
[STDOUT  ] 2018-12-23T11:55:25.407632152Z: [   21.391416] 00:04: ttyS0 at I/O 0x3f8 (irq = 4, base_baud = 115200) is a 16550A
[STDOUT  ] 2018-12-23T11:55:25.407646184Z: [   21.404359] Non-volatile memory driver v1.3
[STDOUT  ] 2018-12-23T11:55:25.407660324Z: [   21.412817] Hangcheck: starting hangcheck timer 0.9.1 (tick is 180 seconds, margin is 60 seconds).
[STDOUT  ] 2018-12-23T11:55:25.407680428Z: [   21.419607] random: crng init done
[STDOUT  ] 2018-12-23T11:55:25.407694394Z: [   21.508000] brd: module loaded
[STDOUT  ] 2018-12-23T11:55:25.407708838Z: [   21.552436] loop: module loaded
[STDOUT  ] 2018-12-23T11:55:25.407723155Z: [   21.632575] lpc_ich 0000:00:1f.0: I/O space for GPIO uninitialized
[STDOUT  ] 2018-12-23T11:55:25.407737381Z: [   21.635672] VMware PVSCSI driver - version 1.0.7.0-k
[STDOUT  ] 2018-12-23T11:55:25.407761177Z: [   21.636583] hv_vmbus: registering driver hv_storvsc
[STDOUT  ] 2018-12-23T11:55:25.407775360Z: [   21.651646] ACPI: PCI Interrupt Link [GSIA] enabled at IRQ 16
[STDOUT  ] 2018-12-23T11:55:25.407794251Z: [   21.660457] ahci 0000:00:1f.2: AHCI 0001.0000 32 slots 6 ports 1.5 Gbps 0x3f impl SATA mode
[STDOUT  ] 2018-12-23T11:55:25.407813010Z: [   21.661419] ahci 0000:00:1f.2: flags: 64bit ncq only 
[STDOUT  ] 2018-12-23T11:55:25.407827410Z: [   21.682384] scsi host0: ahci
[STDOUT  ] 2018-12-23T11:55:25.407841823Z: [   21.686842] scsi host1: ahci
[STDOUT  ] 2018-12-23T11:55:25.407856688Z: [   21.689730] scsi host2: ahci
[STDOUT  ] 2018-12-23T11:55:25.407872672Z: [   21.692475] scsi host3: ahci
[STDOUT  ] 2018-12-23T11:55:25.407886920Z: [   21.695361] scsi host4: ahci
[STDOUT  ] 2018-12-23T11:55:25.407901110Z: [   21.697740] scsi host5: ahci
[STDOUT  ] 2018-12-23T11:55:25.407914839Z: [   21.699663] ata1: SATA max UDMA/133 abar m4096@0xfebd2000 port 0xfebd2100 irq 24
[STDOUT  ] 2018-12-23T11:55:25.407929465Z: [   21.700477] ata2: SATA max UDMA/133 abar m4096@0xfebd2000 port 0xfebd2180 irq 24
[STDOUT  ] 2018-12-23T11:55:25.407943501Z: [   21.701026] ata3: SATA max UDMA/133 abar m4096@0xfebd2000 port 0xfebd2200 irq 24
[STDOUT  ] 2018-12-23T11:55:25.407957710Z: [   21.701783] ata4: SATA max UDMA/133 abar m4096@0xfebd2000 port 0xfebd2280 irq 24
[STDOUT  ] 2018-12-23T11:55:25.407971859Z: [   21.702689] ata5: SATA max UDMA/133 abar m4096@0xfebd2000 port 0xfebd2300 irq 24
[STDOUT  ] 2018-12-23T11:55:25.407986577Z: [   21.703421] ata6: SATA max UDMA/133 abar m4096@0xfebd2000 port 0xfebd2380 irq 24
[STDOUT  ] 2018-12-23T11:55:25.408006021Z: [   21.720991] tun: Universal TUN/TAP device driver, 1.6
[STDOUT  ] 2018-12-23T11:55:25.408020288Z: [   21.734300] VMware vmxnet3 virtual NIC driver - version 1.4.a.0-k-NAPI
[STDOUT  ] 2018-12-23T11:55:25.408043991Z: [   21.735456] hv_vmbus: registering driver hv_netvsc
[STDOUT  ] 2018-12-23T11:55:25.408066273Z: [   21.736008] Fusion MPT base driver 3.04.20
[STDOUT  ] 2018-12-23T11:55:25.408079995Z: [   21.736609] Copyright (c) 1999-2008 LSI Corporation
[STDOUT  ] 2018-12-23T11:55:25.408094066Z: [   21.737407] Fusion MPT SPI Host driver 3.04.20
[STDOUT  ] 2018-12-23T11:55:25.408112722Z: [   21.739976] i8042: PNP: PS/2 Controller [PNP0303:KBD,PNP0f13:MOU] at 0x60,0x64 irq 1,12
[STDOUT  ] 2018-12-23T11:55:25.408126871Z: [   21.746959] serio: i8042 KBD port at 0x60,0x64 irq 1
[STDOUT  ] 2018-12-23T11:55:25.408140819Z: [   21.747904] serio: i8042 AUX port at 0x60,0x64 irq 12
[STDOUT  ] 2018-12-23T11:55:25.408174204Z: [   21.751491] hv_vmbus: registering driver hyperv_keyboard
[STDOUT  ] 2018-12-23T11:55:25.408188750Z: [   21.754429] mousedev: PS/2 mouse device common for all mice
[STDOUT  ] 2018-12-23T11:55:25.408202877Z: [   21.761608] input: PC Speaker as /devices/platform/pcspkr/input/input2
[STDOUT  ] 2018-12-23T11:55:25.408216709Z: [   21.763001] input: AT Translated Set 2 keyboard as /devices/platform/i8042/serio0/input/input1
[STDOUT  ] 2018-12-23T11:55:25.408231050Z: [   21.767099] rtc_cmos 00:00: RTC can wake from S4
[STDOUT  ] 2018-12-23T11:55:25.408245295Z: [   21.772795] rtc_cmos 00:00: rtc core: registered rtc_cmos as rtc0
[STDOUT  ] 2018-12-23T11:55:25.408259161Z: [   21.774539] rtc_cmos 00:00: alarms up to one day, y3k, 114 bytes nvram, hpet irqs
[STDOUT  ] 2018-12-23T11:55:25.408273224Z: [   21.775491] i2c /dev entries driver
[STDOUT  ] 2018-12-23T11:55:25.408286981Z: [   21.778061] device-mapper: ioctl: 4.37.0-ioctl (2017-09-20) initialised: dm-devel@redhat.com
[STDOUT  ] 2018-12-23T11:55:25.408305780Z: [   21.784693] usbcore: registered new interface driver usbhid
[STDOUT  ] 2018-12-23T11:55:25.408320464Z: [   21.785393] usbhid: USB HID core driver
[STDOUT  ] 2018-12-23T11:55:25.408335040Z: [   21.786473] hv_utils: Registering HyperV Utility Driver
[STDOUT  ] 2018-12-23T11:55:25.408348976Z: [   21.786858] hv_vmbus: registering driver hv_util
[STDOUT  ] 2018-12-23T11:55:25.408363007Z: [   21.787355] hv_vmbus: registering driver hv_balloon
[STDOUT  ] 2018-12-23T11:55:25.408376941Z: [   21.787880] oprofile: using NMI interrupt.
[STDOUT  ] 2018-12-23T11:55:25.408390981Z: [   21.789352] GACT probability on
[STDOUT  ] 2018-12-23T11:55:25.408404708Z: [   21.790033] Mirror/redirect action on
[STDOUT  ] 2018-12-23T11:55:25.408418804Z: [   21.790863] Simple TC action Loaded
[STDOUT  ] 2018-12-23T11:55:25.408436824Z: [   21.791600] u32 classifier
[STDOUT  ] 2018-12-23T11:55:25.408450981Z: [   21.791816]     Performance counters on
[STDOUT  ] 2018-12-23T11:55:25.408473345Z: [   21.792352]     input device check on
[STDOUT  ] 2018-12-23T11:55:25.408487504Z: [   21.792622]     Actions configured
[STDOUT  ] 2018-12-23T11:55:25.408502857Z: [   21.793738] Netfilter messages via NETLINK v0.30.
[STDOUT  ] 2018-12-23T11:55:25.408516872Z: [   21.794597] nfnl_acct: registering with nfnetlink.
[STDOUT  ] 2018-12-23T11:55:25.408530519Z: [   21.796535] nf_conntrack version 0.5.0 (8192 buckets, 32768 max)
[STDOUT  ] 2018-12-23T11:55:25.408544527Z: [   21.799719] ctnetlink v0.93: registering with nfnetlink.
[STDOUT  ] 2018-12-23T11:55:25.408558555Z: [   21.804626] nf_tables: (c) 2007-2009 Patrick McHardy <kaber@trash.net>
[STDOUT  ] 2018-12-23T11:55:25.408572569Z: [   21.805752] nf_tables_compat: (c) 2012 Pablo Neira Ayuso <pablo@netfilter.org>
[STDOUT  ] 2018-12-23T11:55:25.408586643Z: [   21.809408] xt_time: kernel timezone is -0000
[STDOUT  ] 2018-12-23T11:55:25.408607500Z: [   21.810020] ip_set: protocol 6
[STDOUT  ] 2018-12-23T11:55:25.408621412Z: [   21.811504] ipip: IPv4 and MPLS over IPv4 tunneling driver
[STDOUT  ] 2018-12-23T11:55:25.408635555Z: [   21.816636] gre: GRE over IPv4 demultiplexor driver
[STDOUT  ] 2018-12-23T11:55:25.408649957Z: [   21.820599] ip_tables: (C) 2000-2006 Netfilter Core Team
[STDOUT  ] 2018-12-23T11:55:25.408673131Z: [   21.827391] arp_tables: arp_tables: (C) 2002 David S. Miller
[STDOUT  ] 2018-12-23T11:55:25.408687317Z: [   21.830441] NET: Registered protocol family 10
[STDOUT  ] 2018-12-23T11:55:25.408701248Z: [   21.842931] Segment Routing with IPv6
[STDOUT  ] 2018-12-23T11:55:25.408715396Z: [   21.844283] ip6_tables: (C) 2000-2006 Netfilter Core Team
[STDOUT  ] 2018-12-23T11:55:25.408734097Z: [   21.856680] NET: Registered protocol family 17
[STDOUT  ] 2018-12-23T11:55:25.408749359Z: [   21.858333] Bridge firewalling registered
[STDOUT  ] 2018-12-23T11:55:25.408773352Z: [   21.859067] 8021q: 802.1Q VLAN Support v1.8
[STDOUT  ] 2018-12-23T11:55:25.408787751Z: [   21.861308] 9pnet: Installing 9P2000 support
[STDOUT  ] 2018-12-23T11:55:25.408801681Z: [   21.863610] Key type dns_resolver registered
[STDOUT  ] 2018-12-23T11:55:25.408815558Z: [   21.865451] sched_clock: Marking stable (21865191840, 0)->(22124514057, -259322217)
[STDOUT  ] 2018-12-23T11:55:25.408829496Z: [   21.870495] registered taskstats version 1
[STDOUT  ] 2018-12-23T11:55:25.408843751Z: [   22.020576] ata1: SATA link down (SStatus 0 SControl 300)
[STDOUT  ] 2018-12-23T11:55:25.408866653Z: [   22.024982] ata4: SATA link down (SStatus 0 SControl 300)
[STDOUT  ] 2018-12-23T11:55:25.408880749Z: [   22.026653] ata3: SATA link up 1.5 Gbps (SStatus 113 SControl 300)
[STDOUT  ] 2018-12-23T11:55:25.408894674Z: [   22.030191] ata2: SATA link down (SStatus 0 SControl 300)
[STDOUT  ] 2018-12-23T11:55:25.408914528Z: [   22.030954] ata6: SATA link down (SStatus 0 SControl 300)
[STDOUT  ] 2018-12-23T11:55:25.408928622Z: [   22.031830] ata5: SATA link down (SStatus 0 SControl 300)
[STDOUT  ] 2018-12-23T11:55:25.408942674Z: [   22.038008] ata3.00: ATAPI: QEMU DVD-ROM, 2.5+, max UDMA/100
[STDOUT  ] 2018-12-23T11:55:25.408961545Z: [   22.039314] ata3.00: applying bridge limits
[STDOUT  ] 2018-12-23T11:55:25.408975510Z: [   22.045589] ata3.00: configured for UDMA/100
[STDOUT  ] 2018-12-23T11:55:25.408989593Z: [   22.071917] scsi 2:0:0:0: CD-ROM            QEMU     QEMU DVD-ROM     2.5+ PQ: 0 ANSI: 5
[STDOUT  ] 2018-12-23T11:55:25.409008271Z: [   22.109199] sr 2:0:0:0: [sr0] scsi3-mmc drive: 4x/4x cd/rw xa/form2 tray
[STDOUT  ] 2018-12-23T11:55:25.409022388Z: [   22.110613] cdrom: Uniform CD-ROM driver Revision: 3.20
[STDOUT  ] 2018-12-23T11:55:25.409036607Z: [   22.128739] sr 2:0:0:0: Attached scsi generic sg0 type 5
[STDOUT  ] 2018-12-23T11:55:25.409050506Z: [   22.176529] tsc: Refined TSC clocksource calibration: 2599.760 MHz
[STDOUT  ] 2018-12-23T11:55:25.409064689Z: [   22.177550] clocksource: tsc: mask: 0xffffffffffffffff max_cycles: 0x2579598d9a4, max_idle_ns: 440795314135 ns
[STDOUT  ] 2018-12-23T11:55:25.409082593Z: [   22.272023] Key type big_key registered
[STDOUT  ] 2018-12-23T11:55:25.409096515Z: [   22.391999] Key type trusted registered
[STDOUT  ] 2018-12-23T11:55:25.409110306Z: [   22.514737] Key type encrypted registered
[STDOUT  ] 2018-12-23T11:55:25.409124006Z: [   22.515889] ima: No TPM chip found, activating TPM-bypass! (rc=-19)
[STDOUT  ] 2018-12-23T11:55:25.409137860Z: [   22.517437] ima: Allocated hash algorithm: sha256
[STDOUT  ] 2018-12-23T11:55:25.409151729Z: [   22.522782] evm: HMAC attrs: 0x1
[STDOUT  ] 2018-12-23T11:55:25.409165990Z: [   22.529342] rtc_cmos 00:00: setting system clock to 2018-12-23 11:53:32 UTC (1545566012)
[STDOUT  ] 2018-12-23T11:55:25.409181107Z: [   22.714820] Freeing unused kernel memory: 1536K
[STDOUT  ] 2018-12-23T11:55:25.409195291Z: [   22.716356] Write protecting the kernel read-only data: 18432k
[STDOUT  ] 2018-12-23T11:55:25.409209363Z: [   22.735911] Freeing unused kernel memory: 2024K
[STDOUT  ] 2018-12-23T11:55:25.409252835Z: [   22.837773] Freeing unused kernel memory: 1132K
[STDOUT  ] 2018-12-23T11:55:25.409267238Z: [   23.189006] clocksource: Switched to clocksource tsc
[STDOUT  ] 2018-12-23T11:55:25.409281290Z: 
[STDOUT  ] 2018-12-23T11:55:25.409296266Z: Welcome to LinuxKit
[STDOUT  ] 2018-12-23T11:55:25.409310300Z: 
[STDOUT  ] 2018-12-23T11:55:25.409324844Z:                         ##         .
[STDOUT  ] 2018-12-23T11:55:25.409339432Z:                   ## ## ##        ==
[STDOUT  ] 2018-12-23T11:55:25.409353398Z:                ## ## ## ## ##    ===
[STDOUT  ] 2018-12-23T11:55:25.409367065Z:            /"""""""""""""""""\___/ ===
[STDOUT  ] 2018-12-23T11:55:25.409381045Z:           {                       /  ===-
[STDOUT  ] 2018-12-23T11:55:25.409395015Z:            \______ O           __/
[STDOUT  ] 2018-12-23T11:55:25.409409280Z:              \    \         __/
[STDOUT  ] 2018-12-23T11:55:25.409423227Z:               \____\_______/
[STDOUT  ] 2018-12-23T11:55:25.409436988Z: 
[STDOUT  ] 2018-12-23T11:55:25.409450863Z: [  102.066782] 8021q: adding VLAN 0 to HW filter on device eth0
[STDOUT  ] 2018-12-23T11:55:25.409464598Z: eth0: waiting for carrier
[STDOUT  ] 2018-12-23T11:55:25.409478589Z: eth0: carrier acquired
[STDOUT  ] 2018-12-23T11:55:25.409492580Z: DUID 00:04:9f:02:fa:db:c2:69:44:20:86:2f:91:b6:2f:5b:9b:ce
[STDOUT  ] 2018-12-23T11:55:25.409507324Z: eth0: IAID 1f:bb:5d:d0
[STDOUT  ] 2018-12-23T11:55:25.409521550Z: eth0: adding address fe80::1c03:b180:2166:8b70
[STDOUT  ] 2018-12-23T11:55:25.409535445Z: eth0: soliciting an IPv6 router
[STDOUT  ] 2018-12-23T11:55:25.409549104Z: eth0: soliciting a DHCP lease
[STDOUT  ] 2018-12-23T11:55:25.409563130Z: eth0: offered 10.0.2.15 from 10.0.2.2
[STDOUT  ] 2018-12-23T11:55:25.409577164Z: eth0: leased 10.0.2.15 for 86400 seconds
[STDOUT  ] 2018-12-23T11:55:25.409598254Z: eth0: adding route to 10.0.2.0/24
[STDOUT  ] 2018-12-23T11:55:25.409612690Z: eth0: adding default route via 10.0.2.2
[STDOUT  ] 2018-12-23T11:55:25.409626727Z: exiting due to oneshot
[STDOUT  ] 2018-12-23T11:55:25.409642010Z: dhcpcd exited
[STDOUT  ] 2018-12-23T11:55:25.409656220Z: [  104.827470] wireguard: loading out-of-tree module taints kernel.
[STDOUT  ] 2018-12-23T11:55:25.409675013Z: [  104.869061] wireguard: WireGuard 0.0.20181218 loaded. See www.wireguard.com for information.
[STDOUT  ] 2018-12-23T11:55:25.409689186Z: [  104.870355] wireguard: Copyright (C) 2015-2018 Jason A. Donenfeld <Jason@zx2c4.com>. All Rights Reserved.
[STDOUT  ] 2018-12-23T11:55:25.409703518Z: Created interface wg0 type wireguard
[STDOUT  ] 2018-12-23T11:55:25.409717581Z: Moved interface wg0 to pid 324
[STDOUT  ] 2018-12-23T11:55:25.409731586Z: [#] wg setconf wg0 /dev/fd/63
[STDOUT  ] 2018-12-23T11:55:25.409745467Z: [#] ip address add 192.168.2.1/24 dev wg0
[STDOUT  ] 2018-12-23T11:55:25.409769998Z: Warning: one or more unrecognized netlink attributes
[STDOUT  ] 2018-12-23T11:55:25.409784222Z: [#] ip link set mtu 65456 dev wg0
[STDOUT  ] 2018-12-23T11:55:25.409798430Z: [#] ip link set wg0 up
[STDOUT  ] 2018-12-23T11:55:25.409817077Z: Warning: one or more unrecognized netlink attributes
[STDOUT  ] 2018-12-23T11:55:25.409831349Z: [#] ip route add 0.0.0.0/0 dev wg0
[STDOUT  ] 2018-12-23T11:55:25.409845269Z: Created interface wg1 type wireguard
[STDOUT  ] 2018-12-23T11:55:25.409859268Z: Moved interface wg1 to pid 383
[STDOUT  ] 2018-12-23T11:55:25.409873163Z: [#] wg setconf wg1 /dev/fd/63
[STDOUT  ] 2018-12-23T11:55:25.409887661Z: [#] ip address add 192.168.2.2/24 dev wg1
[STDOUT  ] 2018-12-23T11:55:25.409901552Z: Warning: one or more unrecognized netlink attributes
[STDOUT  ] 2018-12-23T11:55:25.409915351Z: [#] ip link set mtu 65456 dev wg1
[STDOUT  ] 2018-12-23T11:55:25.409929365Z: [#] ip link set wg1 up
[STDOUT  ] 2018-12-23T11:55:25.409943175Z: Warning: one or more unrecognized netlink attributes
[STDOUT  ] 2018-12-23T11:55:25.409957320Z: [#] ip route add 0.0.0.0/0 dev wg1
[STDOUT  ] 2018-12-23T11:55:25.409972095Z: [34mINFO[0m[2018-12-23T11:55:02.410882774Z] starting containerd                           [34mrevision[0m=c4446665cb9c30056f4998ed953e6d4ff22c7c39 [34mversion[0m=v1.2.0
[STDOUT  ] 2018-12-23T11:55:25.410000447Z: [34mINFO[0m[2018-12-23T11:55:02.434857747Z] loading plugin "io.containerd.content.v1.content"...  [34mtype[0m=io.containerd.content.v1
[STDOUT  ] 2018-12-23T11:55:25.410025388Z: [34mINFO[0m[2018-12-23T11:55:02.440865397Z] loading plugin "io.containerd.snapshotter.v1.btrfs"...  [34mtype[0m=io.containerd.snapshotter.v1
[STDOUT  ] 2018-12-23T11:55:25.410079423Z: [33mWARN[0m[2018-12-23T11:55:02.452905178Z] failed to load plugin io.containerd.snapshotter.v1.btrfs  [33merror[0m="path /var/lib/containerd/io.containerd.snapshotter.v1.btrfs must be a btrfs filesystem to be used with the btrfs snapshotter"
[STDOUT  ] 2018-12-23T11:55:25.410104449Z: [34mINFO[0m[2018-12-23T11:55:02.456585504Z] loading plugin "io.containerd.snapshotter.v1.aufs"...  [34mtype[0m=io.containerd.snapshotter.v1
[STDOUT  ] 2018-12-23T11:55:25.410119359Z: [33mWARN[0m[2018-12-23T11:55:02.552797123Z] failed to load plugin io.containerd.snapshotter.v1.aufs  [33merror[0m="modprobe aufs failed: "modprobe: module aufs not found in modules.dep\n": exit status 1"
[STDOUT  ] 2018-12-23T11:55:25.410133761Z: [34mINFO[0m[2018-12-23T11:55:02.572812477Z] loading plugin "io.containerd.snapshotter.v1.native"...  [34mtype[0m=io.containerd.snapshotter.v1
[STDOUT  ] 2018-12-23T11:55:25.410147925Z: [34mINFO[0m[2018-12-23T11:55:02.595828271Z] loading plugin "io.containerd.snapshotter.v1.overlayfs"...  [34mtype[0m=io.containerd.snapshotter.v1
[STDOUT  ] 2018-12-23T11:55:25.410161883Z: [34mINFO[0m[2018-12-23T11:55:02.646899780Z] loading plugin "io.containerd.snapshotter.v1.zfs"...  [34mtype[0m=io.containerd.snapshotter.v1
[STDOUT  ] 2018-12-23T11:55:25.410179506Z: [33mWARN[0m[2018-12-23T11:55:02.656830429Z] failed to load plugin io.containerd.snapshotter.v1.zfs  [33merror[0m="path /var/lib/containerd/io.containerd.snapshotter.v1.zfs must be a zfs filesystem to be used with the zfs snapshotter"
[STDOUT  ] 2018-12-23T11:55:25.410196794Z: [34mINFO[0m[2018-12-23T11:55:02.660588555Z] loading plugin "io.containerd.metadata.v1.bolt"...  [34mtype[0m=io.containerd.metadata.v1
[STDOUT  ] 2018-12-23T11:55:25.410217394Z: [33mWARN[0m[2018-12-23T11:55:02.664170231Z] could not use snapshotter btrfs in metadata plugin  [33merror[0m="path /var/lib/containerd/io.containerd.snapshotter.v1.btrfs must be a btrfs filesystem to be used with the btrfs snapshotter"
[STDOUT  ] 2018-12-23T11:55:25.410268975Z: [33mWARN[0m[2018-12-23T11:55:02.668151662Z] could not use snapshotter aufs in metadata plugin  [33merror[0m="modprobe aufs failed: "modprobe: module aufs not found in modules.dep\n": exit status 1"
[STDOUT  ] 2018-12-23T11:55:25.410287433Z: [33mWARN[0m[2018-12-23T11:55:02.677913528Z] could not use snapshotter zfs in metadata plugin  [33merror[0m="path /var/lib/containerd/io.containerd.snapshotter.v1.zfs must be a zfs filesystem to be used with the zfs snapshotter"
[STDOUT  ] 2018-12-23T11:55:25.410302822Z: [34mINFO[0m[2018-12-23T11:55:02.703073483Z] loading plugin "io.containerd.differ.v1.walking"...  [34mtype[0m=io.containerd.differ.v1
[STDOUT  ] 2018-12-23T11:55:25.410323003Z: [34mINFO[0m[2018-12-23T11:55:02.706099100Z] loading plugin "io.containerd.gc.v1.scheduler"...  [34mtype[0m=io.containerd.gc.v1
[STDOUT  ] 2018-12-23T11:55:25.410337762Z: [34mINFO[0m[2018-12-23T11:55:02.712248921Z] loading plugin "io.containerd.service.v1.containers-service"...  [34mtype[0m=io.containerd.service.v1
[STDOUT  ] 2018-12-23T11:55:25.410352027Z: [34mINFO[0m[2018-12-23T11:55:02.714873511Z] loading plugin "io.containerd.service.v1.content-service"...  [34mtype[0m=io.containerd.service.v1
