[INFO    ] 2019-03-30T20:22:52.921848941Z: Running Test linuxkit.packages.mkimage in /tmp/build/test/cases/040_packages/013_mkimage
[INFO    ] 2019-03-30T20:22:52.922012915Z: Running command: [/bin/sh -x /tmp/build/test/cases/040_packages/013_mkimage/test.sh]
[STDERR  ] 2019-03-30T20:22:52.934366111Z: + set -e
[STDERR  ] 2019-03-30T20:22:52.934469739Z: + . /tmp/build/test/cases/_lib/lib.sh
[STDERR  ] 2019-03-30T20:22:52.934486397Z: + [ -f src/github.com/linuxkit/rtf/lib/lib.sh ]
[STDERR  ] 2019-03-30T20:22:52.934499667Z: + LINUXKIT_TMPDIR=/tmp/build/test/cases/_tmp
[STDERR  ] 2019-03-30T20:22:52.934512140Z: + [ -f /tmp/build/test/cases/_tmp/env.sh ]
[STDERR  ] 2019-03-30T20:22:52.934531391Z: + . /tmp/build/test/cases/_tmp/env.sh
[STDERR  ] 2019-03-30T20:22:52.934650827Z: + export LINUXKIT_EXAMPLES_DIR=/tmp/build/test/cases/../../examples
[STDERR  ] 2019-03-30T20:22:52.934680724Z: + RT_CANCEL=253
[STDERR  ] 2019-03-30T20:22:52.934695595Z: + trap clean_up EXIT
[STDERR  ] 2019-03-30T20:22:52.934711115Z: + linuxkit build -format kernel+initrd run.yml
[STDERR  ] 2019-03-30T20:22:52.971734594Z: Extract kernel image: linuxkit/kernel:4.19.28
[STDERR  ] 2019-03-30T20:22:54.930245040Z: Add init containers:
[STDERR  ] 2019-03-30T20:22:54.930318169Z: Process init image: linuxkit/init:629fdad56e62ae72bf8becf0c8a668241480d3ff
[STDERR  ] 2019-03-30T20:22:56.135147096Z: Process init image: linuxkit/runc:606971451ea29b4238029804ca638f9f85caf5af
[STDERR  ] 2019-03-30T20:22:57.310212233Z: Add onboot containers:
[STDERR  ] 2019-03-30T20:22:57.310289935Z:   Create OCI config for linuxkit/poweroff:9f4e04f09bbb4a028f0a1f57d430e1ad3095ace1
[STDERR  ] 2019-03-30T20:22:58.488963625Z: Create outputs:
[STDERR  ] 2019-03-30T20:23:04.072887332Z:   run-kernel run-initrd.img run-cmdline
[STDERR  ] 2019-03-30T20:23:04.138177563Z: + linuxkit build -format kernel+initrd mkimage.yml
[STDERR  ] 2019-03-30T20:23:04.195766082Z: Extract kernel image: linuxkit/kernel:4.19.28
[STDERR  ] 2019-03-30T20:23:06.117630774Z: Add init containers:
[STDERR  ] 2019-03-30T20:23:06.117748100Z: Process init image: linuxkit/init:629fdad56e62ae72bf8becf0c8a668241480d3ff
[STDERR  ] 2019-03-30T20:23:07.333254402Z: Process init image: linuxkit/runc:606971451ea29b4238029804ca638f9f85caf5af
[STDERR  ] 2019-03-30T20:23:08.526056447Z: Add onboot containers:
[STDERR  ] 2019-03-30T20:23:08.526136385Z:   Create OCI config for linuxkit/mkimage:a8680e89070591c8b9e80d54e185787c19921668
[STDERR  ] 2019-03-30T20:23:11.702331829Z:   Create OCI config for linuxkit/poweroff:9f4e04f09bbb4a028f0a1f57d430e1ad3095ace1
[STDERR  ] 2019-03-30T20:23:12.897569562Z: Create outputs:
[STDERR  ] 2019-03-30T20:23:20.001350955Z:   mkimage-kernel mkimage-initrd.img mkimage-cmdline
[STDERR  ] 2019-03-30T20:23:20.077626665Z: + tar cf tarball.img run-kernel run-initrd.img run-cmdline
[STDERR  ] 2019-03-30T20:23:20.160719283Z: + linuxkit run qemu -disk disk.qcow2,size=200M,format=qcow2 -disk tarball.img,format=raw -kernel mkimage
[STDERR  ] 2019-03-30T20:23:20.208607595Z: Using existing disk [tarball.img] format raw
[STDOUT  ] 2019-03-30T20:23:21.076138835Z: [    0.000000] Linux version 4.19.28-linuxkit (root@3baba29b60ee) (gcc version 8.2.0 (Alpine 8.2.0)) #1 SMP Sun Mar 24 00:25:45 UTC 2019
[STDOUT  ] 2019-03-30T20:23:21.080951766Z: [    0.000000] Command line: console=ttyS0 console=ttyAMA0
[STDOUT  ] 2019-03-30T20:23:21.084949415Z: [    0.000000] x86/fpu: x87 FPU will use FXSAVE
[STDOUT  ] 2019-03-30T20:23:21.088835491Z: [    0.000000] BIOS-provided physical RAM map:
[STDOUT  ] 2019-03-30T20:23:21.095064225Z: [    0.000000] BIOS-e820: [mem 0x0000000000000000-0x000000000009fbff] usable
[STDOUT  ] 2019-03-30T20:23:21.101444483Z: [    0.000000] BIOS-e820: [mem 0x000000000009fc00-0x000000000009ffff] reserved
[STDOUT  ] 2019-03-30T20:23:21.107983595Z: [    0.000000] BIOS-e820: [mem 0x00000000000f0000-0x00000000000fffff] reserved
[STDOUT  ] 2019-03-30T20:23:21.114297829Z: [    0.000000] BIOS-e820: [mem 0x0000000000100000-0x000000003ffddfff] usable
[STDOUT  ] 2019-03-30T20:23:21.120836622Z: [    0.000000] BIOS-e820: [mem 0x000000003ffde000-0x000000003fffffff] reserved
[STDOUT  ] 2019-03-30T20:23:21.127353140Z: [    0.000000] BIOS-e820: [mem 0x00000000b0000000-0x00000000bfffffff] reserved
[STDOUT  ] 2019-03-30T20:23:21.133784615Z: [    0.000000] BIOS-e820: [mem 0x00000000fed1c000-0x00000000fed1ffff] reserved
[STDOUT  ] 2019-03-30T20:23:21.140211761Z: [    0.000000] BIOS-e820: [mem 0x00000000feffc000-0x00000000feffffff] reserved
[STDOUT  ] 2019-03-30T20:23:21.146544786Z: [    0.000000] BIOS-e820: [mem 0x00000000fffc0000-0x00000000ffffffff] reserved
[STDOUT  ] 2019-03-30T20:23:21.151075620Z: [    0.000000] NX (Execute Disable) protection: active
[STDOUT  ] 2019-03-30T20:23:21.154034339Z: [    0.000000] SMBIOS 2.8 present.
[STDOUT  ] 2019-03-30T20:23:21.160644940Z: [    0.000000] DMI: QEMU Standard PC (Q35 + ICH9, 2009), BIOS 1.10.2-1 04/01/2014
[STDOUT  ] 2019-03-30T20:23:21.163978870Z: [    0.000000] Hypervisor detected: KVM
[STDOUT  ] 2019-03-30T20:23:21.168800097Z: [    0.000000] kvm-clock: Using msrs 4b564d01 and 4b564d00
[STDOUT  ] 2019-03-30T20:23:21.174090990Z: [    0.572082] kvm-clock: cpu 0, msr 2281c001, primary cpu clock
[STDOUT  ] 2019-03-30T20:23:21.183647859Z: [    0.572082] clocksource: kvm-clock: mask: 0xffffffffffffffff max_cycles: 0x1cd42e4dffb, max_idle_ns: 881590591483 ns
[STDOUT  ] 2019-03-30T20:23:21.187944450Z: [    0.572086] tsc: Detected 2299.902 MHz processor
[STDOUT  ] 2019-03-30T20:23:21.192933276Z: [    0.575371] last_pfn = 0x3ffde max_arch_pfn = 0x400000000
[STDOUT  ] 2019-03-30T20:23:21.197048934Z: [    0.575963] x86/PAT: PAT not supported by CPU.
[STDOUT  ] 2019-03-30T20:23:21.203330464Z: [    0.576012] x86/PAT: Configuration [0-7]: WB  WT  UC- UC  WB  WT  UC- UC  
[STDOUT  ] 2019-03-30T20:23:21.210837708Z: [    0.587780] found SMP MP-table at [mem 0x000f6a90-0x000f6a9f] mapped at [(____ptrval____)]
[STDOUT  ] 2019-03-30T20:23:21.215101825Z: [    0.588041] RAMDISK: [mem 0x3dabf000-0x3ffcffff]
[STDOUT  ] 2019-03-30T20:23:21.220324090Z: [    0.588298] ACPI: Early table checksum verification disabled
[STDOUT  ] 2019-03-30T20:23:21.227779138Z: [    0.588423] ACPI: RSDP 0x00000000000F68D0 000014 (v00 BOCHS )
[STDOUT  ] 2019-03-30T20:23:21.235724333Z: [    0.588433] ACPI: RSDT 0x000000003FFE2404 000034 (v01 BOCHS  BXPCRSDT 00000001 BXPC 00000001)
[STDOUT  ] 2019-03-30T20:23:21.243439043Z: [    0.588441] ACPI: FACP 0x000000003FFE22A4 000074 (v01 BOCHS  BXPCFACP 00000001 BXPC 00000001)
[STDOUT  ] 2019-03-30T20:23:21.251285107Z: [    0.588448] ACPI: DSDT 0x000000003FFE0040 002264 (v01 BOCHS  BXPCDSDT 00000001 BXPC 00000001)
[STDOUT  ] 2019-03-30T20:23:21.255594904Z: [    0.588452] ACPI: FACS 0x000000003FFE0000 000040
[STDOUT  ] 2019-03-30T20:23:21.263427602Z: [    0.588456] ACPI: APIC 0x000000003FFE2318 000078 (v01 BOCHS  BXPCAPIC 00000001 BXPC 00000001)
[STDOUT  ] 2019-03-30T20:23:21.271256420Z: [    0.588461] ACPI: HPET 0x000000003FFE2390 000038 (v01 BOCHS  BXPCHPET 00000001 BXPC 00000001)
[STDOUT  ] 2019-03-30T20:23:21.279109375Z: [    0.588464] ACPI: MCFG 0x000000003FFE23C8 00003C (v01 BOCHS  BXPCMCFG 00000001 BXPC 00000001)
[STDOUT  ] 2019-03-30T20:23:21.281507580Z: [    0.589332] Zone ranges:
[STDOUT  ] 2019-03-30T20:23:21.287219703Z: [    0.589334]   DMA      [mem 0x0000000000001000-0x0000000000ffffff]
[STDOUT  ] 2019-03-30T20:23:21.292929876Z: [    0.589337]   DMA32    [mem 0x0000000001000000-0x000000003ffddfff]
[STDOUT  ] 2019-03-30T20:23:21.295594201Z: [    0.589338]   Normal   empty
[STDOUT  ] 2019-03-30T20:23:21.298353508Z: [    0.589340]   Device   empty
[STDOUT  ] 2019-03-30T20:23:21.302285025Z: [    0.589341] Movable zone start for each node
[STDOUT  ] 2019-03-30T20:23:21.305653248Z: [    0.589342] Early memory node ranges
[STDOUT  ] 2019-03-30T20:23:21.311383737Z: [    0.589343]   node   0: [mem 0x0000000000001000-0x000000000009efff]
[STDOUT  ] 2019-03-30T20:23:21.317211621Z: [    0.589344]   node   0: [mem 0x0000000000100000-0x000000003ffddfff]
[STDOUT  ] 2019-03-30T20:23:21.321360261Z: [    0.589902] Reserved but unavailable: 98 pages
[STDOUT  ] 2019-03-30T20:23:21.327820869Z: [    0.589904] Initmem setup node 0 [mem 0x0000000000001000-0x000000003ffddfff]
[STDOUT  ] 2019-03-30T20:23:21.331535605Z: [    0.601703] ACPI: PM-Timer IO Port: 0x608
[STDOUT  ] 2019-03-30T20:23:21.336894149Z: [    0.601756] ACPI: LAPIC_NMI (acpi_id[0xff] dfl dfl lint[0x1])
[STDOUT  ] 2019-03-30T20:23:21.343182878Z: [    0.601988] IOAPIC[0]: apic_id 0, version 17, address 0xfec00000, GSI 0-23
[STDOUT  ] 2019-03-30T20:23:21.349053777Z: [    0.601992] ACPI: INT_SRC_OVR (bus 0 bus_irq 0 global_irq 2 dfl dfl)
[STDOUT  ] 2019-03-30T20:23:21.355119116Z: [    0.601994] ACPI: INT_SRC_OVR (bus 0 bus_irq 5 global_irq 5 high level)
[STDOUT  ] 2019-03-30T20:23:21.361206495Z: [    0.601995] ACPI: INT_SRC_OVR (bus 0 bus_irq 9 global_irq 9 high level)
[STDOUT  ] 2019-03-30T20:23:21.367431153Z: [    0.601997] ACPI: INT_SRC_OVR (bus 0 bus_irq 10 global_irq 10 high level)
[STDOUT  ] 2019-03-30T20:23:21.373677087Z: [    0.601999] ACPI: INT_SRC_OVR (bus 0 bus_irq 11 global_irq 11 high level)
[STDOUT  ] 2019-03-30T20:23:21.379112481Z: [    0.602006] Using ACPI (MADT) for SMP configuration information
[STDOUT  ] 2019-03-30T20:23:21.383848687Z: [    0.602008] ACPI: HPET id: 0x8086a201 base: 0xfed00000
[STDOUT  ] 2019-03-30T20:23:21.388429125Z: [    0.602044] smpboot: Allowing 1 CPUs, 0 hotplug CPUs
[STDOUT  ] 2019-03-30T20:23:21.394049682Z: [    0.602137] [mem 0x40000000-0xafffffff] available for PCI devices
[STDOUT  ] 2019-03-30T20:23:21.398367762Z: [    0.602138] Booting paravirtualized kernel on KVM
[STDOUT  ] 2019-03-30T20:23:21.407837467Z: [    0.602141] clocksource: refined-jiffies: mask: 0xffffffff max_cycles: 0xffffffff, max_idle_ns: 1910969940391419 ns
[STDOUT  ] 2019-03-30T20:23:21.415530636Z: [    0.711796] random: get_random_bytes called from start_kernel+0x91/0x517 with crng_init=0
[STDOUT  ] 2019-03-30T20:23:21.422590399Z: [    0.711808] setup_percpu: NR_CPUS:128 nr_cpumask_bits:128 nr_cpu_ids:1 nr_node_ids:1
[STDOUT  ] 2019-03-30T20:23:21.430108832Z: [    0.712636] percpu: Embedded 45 pages/cpu @(____ptrval____) s145112 r8192 d31016 u2097152
[STDOUT  ] 2019-03-30T20:23:21.433801037Z: [    0.712735] KVM setup async PF for cpu 0
[STDOUT  ] 2019-03-30T20:23:21.437934149Z: [    0.712786] kvm-stealtime: cpu 0, msr 3c615e80
[STDOUT  ] 2019-03-30T20:23:21.444202575Z: [    0.712809] Built 1 zonelists, mobility grouping on.  Total pages: 257895
[STDOUT  ] 2019-03-30T20:23:21.449574622Z: [    0.712812] Kernel command line: console=ttyS0 console=ttyAMA0
[STDOUT  ] 2019-03-30T20:23:21.456103336Z: [    0.712950] Dentry cache hash table entries: 131072 (order: 8, 1048576 bytes)
[STDOUT  ] 2019-03-30T20:23:21.462408141Z: [    0.713034] Inode-cache hash table entries: 65536 (order: 7, 524288 bytes)
[STDOUT  ] 2019-03-30T20:23:21.474778548Z: [    0.716945] Memory: 963880K/1048048K available (12300K kernel code, 1579K rwdata, 3056K rodata, 1588K init, 2028K bss, 84168K reserved, 0K cma-reserved)
[STDOUT  ] 2019-03-30T20:23:21.479511857Z: [    0.717747] Kernel/User page tables isolation: enabled
[STDOUT  ] 2019-03-30T20:23:21.484535253Z: [    0.717826] ftrace: allocating 43041 entries in 169 pages
[STDOUT  ] 2019-03-30T20:23:21.488985105Z: [    0.737203] rcu: Hierarchical RCU implementation.
[STDOUT  ] 2019-03-30T20:23:21.495140000Z: [    0.737206] rcu: 	RCU restricting CPUs from NR_CPUS=128 to nr_cpu_ids=1.
[STDOUT  ] 2019-03-30T20:23:21.501329402Z: [    0.737208] rcu: Adjusting geometry for rcu_fanout_leaf=16, nr_cpu_ids=1
[STDOUT  ] 2019-03-30T20:23:21.506727320Z: [    0.740674] NR_IRQS: 8448, nr_irqs: 256, preallocated irqs: 16
[STDOUT  ] 2019-03-30T20:23:21.510233288Z: [    0.767488] Console: colour VGA+ 80x25
[STDOUT  ] 2019-03-30T20:23:21.513556524Z: [    1.212868] console [ttyS0] enabled
[STDOUT  ] 2019-03-30T20:23:21.517230919Z: [    1.216200] ACPI: Core revision 20180810
[STDOUT  ] 2019-03-30T20:23:21.526263741Z: [    1.220671] clocksource: hpet: mask: 0xffffffff max_cycles: 0xffffffff, max_idle_ns: 19112604467 ns
[STDOUT  ] 2019-03-30T20:23:21.531485113Z: [    1.229559] APIC: Switch to symmetric I/O mode setup
[STDOUT  ] 2019-03-30T20:23:21.536625425Z: [    1.236687] x2apic enabled
[STDOUT  ] 2019-03-30T20:23:21.543498674Z: [    1.241522] Switched APIC routing to physical x2apic.
[STDOUT  ] 2019-03-30T20:23:21.559454709Z: [    1.256590] ..TIMER: vector=0x30 apic1=0 pin1=2 apic2=-1 pin2=-1
[STDOUT  ] 2019-03-30T20:23:21.569313303Z: [    1.262364] clocksource: tsc-early: mask: 0xffffffffffffffff max_cycles: 0x2126d88f36e, max_idle_ns: 440795303662 ns
[STDOUT  ] 2019-03-30T20:23:21.577063015Z: [    1.272057] Calibrating delay loop (skipped) preset value.. 4599.80 BogoMIPS (lpj=2299902)
[STDOUT  ] 2019-03-30T20:23:21.581420905Z: [    1.273034] pid_max: default: 32768 minimum: 301
[STDOUT  ] 2019-03-30T20:23:21.585406437Z: [    1.274146] Security Framework initialized
[STDOUT  ] 2019-03-30T20:23:21.588772979Z: [    1.275033] Yama: becoming mindful.
[STDOUT  ] 2019-03-30T20:23:21.595123405Z: [    1.276094] Mount-cache hash table entries: 2048 (order: 2, 16384 bytes)
[STDOUT  ] 2019-03-30T20:23:21.601787679Z: [    1.277037] Mountpoint-cache hash table entries: 2048 (order: 2, 16384 bytes)
[STDOUT  ] 2019-03-30T20:23:21.616866700Z: [    1.280073] Last level iTLB entries: 4KB 0, 2MB 0, 4MB 0
[STDOUT  ] 2019-03-30T20:23:21.622389228Z: [    1.281032] Last level dTLB entries: 4KB 0, 2MB 0, 4MB 0, 1GB 0
[STDOUT  ] 2019-03-30T20:23:21.627596672Z: [    1.282033] Spectre V2 : Mitigation: Full generic retpoline
[STDOUT  ] 2019-03-30T20:23:21.635204273Z: [    1.283032] Spectre V2 : Spectre v2 / SpectreRSB mitigation: Filling RSB on context switch
[STDOUT  ] 2019-03-30T20:23:21.639563766Z: [    1.284033] Speculative Store Bypass: Vulnerable
[STDOUT  ] 2019-03-30T20:23:21.653042605Z: [    1.294794] Freeing SMP alternatives memory: 20K
[STDOUT  ] 2019-03-30T20:23:21.764804136Z: [    1.297025] smpboot: CPU0: Intel QEMU Virtual CPU version 2.5+ (family: 0x6, model: 0x6, stepping: 0x3)
[STDOUT  ] 2019-03-30T20:23:21.783281936Z: [    1.297240] Performance Events: PMU not available due to virtualization, using software events only.
[STDOUT  ] 2019-03-30T20:23:21.788165103Z: [    1.300397] rcu: Hierarchical SRCU implementation.
[STDOUT  ] 2019-03-30T20:23:21.793918001Z: [    1.301176] NMI watchdog: Perf NMI watchdog permanently disabled
[STDOUT  ] 2019-03-30T20:23:21.799141629Z: [    1.303114] smp: Bringing up secondary CPUs ...
[STDOUT  ] 2019-03-30T20:23:21.802956239Z: [    1.304036] smp: Brought up 1 node, 1 CPU
[STDOUT  ] 2019-03-30T20:23:21.807001694Z: [    1.305032] smpboot: Max logical packages: 1
[STDOUT  ] 2019-03-30T20:23:21.813148246Z: [    1.306033] smpboot: Total of 1 processors activated (4599.80 BogoMIPS)
[STDOUT  ] 2019-03-30T20:23:21.817206161Z: [    1.307862] devtmpfs: initialized
[STDOUT  ] 2019-03-30T20:23:21.821331748Z: [    1.308116] x86/mm: Memory block size: 128MB
[STDOUT  ] 2019-03-30T20:23:21.830769315Z: [    1.309461] clocksource: jiffies: mask: 0xffffffff max_cycles: 0xffffffff, max_idle_ns: 1911260446275000 ns
[STDOUT  ] 2019-03-30T20:23:21.836435476Z: [    1.310041] futex hash table entries: 256 (order: 2, 16384 bytes)
[STDOUT  ] 2019-03-30T20:23:21.841003779Z: [    1.311365] NET: Registered protocol family 16
[STDOUT  ] 2019-03-30T20:23:21.846265414Z: [    1.313172] audit: initializing netlink subsys (disabled)
[STDOUT  ] 2019-03-30T20:23:21.850297713Z: [    1.314188] cpuidle: using governor ladder
[STDOUT  ] 2019-03-30T20:23:21.853982781Z: [    1.315033] cpuidle: using governor menu
[STDOUT  ] 2019-03-30T20:23:21.861968738Z: [    1.317054] audit: type=2000 audit(1553977401.098:1): state=initialized audit_enabled=0 res=1
[STDOUT  ] 2019-03-30T20:23:21.865966400Z: [    1.319032] ACPI: bus type PCI registered
[STDOUT  ] 2019-03-30T20:23:21.875028012Z: [    1.321296] PCI: MMCONFIG for domain 0000 [bus 00-ff] at [mem 0xb0000000-0xbfffffff] (base 0xb0000000)
[STDOUT  ] 2019-03-30T20:23:21.881351195Z: [    1.322037] PCI: MMCONFIG at [mem 0xb0000000-0xbfffffff] reserved in E820
[STDOUT  ] 2019-03-30T20:23:21.886544043Z: [    1.323048] PCI: Using configuration type 1 for base access
[STDOUT  ] 2019-03-30T20:23:21.895128846Z: [    1.326846] HugeTLB registered 2.00 MiB page size, pre-allocated 0 pages
[STDOUT  ] 2019-03-30T20:23:21.899381205Z: [    1.327207] cryptd: max_cpu_qlen set to 1000
[STDOUT  ] 2019-03-30T20:23:21.903596445Z: [    1.328251] ACPI: Added _OSI(Module Device)
[STDOUT  ] 2019-03-30T20:23:21.907802864Z: [    1.329042] ACPI: Added _OSI(Processor Device)
[STDOUT  ] 2019-03-30T20:23:21.912160747Z: [    1.330031] ACPI: Added _OSI(3.0 _SCP Extensions)
[STDOUT  ] 2019-03-30T20:23:21.917244182Z: [    1.331031] ACPI: Added _OSI(Processor Aggregator Device)
[STDOUT  ] 2019-03-30T20:23:21.921407672Z: [    1.332053] ACPI: Added _OSI(Linux-Dell-Video)
[STDOUT  ] 2019-03-30T20:23:21.926351994Z: [    1.333033] ACPI: Added _OSI(Linux-Lenovo-NV-HDMI-Audio)
[STDOUT  ] 2019-03-30T20:23:21.933680251Z: [    1.335754] ACPI: 1 ACPI AML tables successfully acquired and loaded
[STDOUT  ] 2019-03-30T20:23:21.940416659Z: [    1.339207] ACPI: Interpreter enabled
[STDOUT  ] 2019-03-30T20:23:21.943594753Z: [    1.340041] ACPI: (supports S0 S5)
[STDOUT  ] 2019-03-30T20:23:21.948403034Z: [    1.341032] ACPI: Using IOAPIC for interrupt routing
[STDOUT  ] 2019-03-30T20:23:21.969413638Z: [    1.342086] PCI: Using host bridge windows from ACPI; if necessary, use "pci=nocrs" and report a bug
[STDOUT  ] 2019-03-30T20:23:21.974092087Z: [    1.343268] ACPI: Enabled 2 GPEs in block 00 to 3F
[STDOUT  ] 2019-03-30T20:23:21.983664007Z: [    1.347856] ACPI: PCI Root Bridge [PCI0] (domain 0000 [bus 00-ff])
[STDOUT  ] 2019-03-30T20:23:21.991296656Z: [    1.348043] acpi PNP0A08:00: _OSC: OS supports [ExtendedConfig ASPM ClockPM Segments MSI]
[STDOUT  ] 2019-03-30T20:23:21.998210286Z: [    1.349173] acpi PNP0A08:00: _OSC: platform does not support [SHPCHotplug LTR]
[STDOUT  ] 2019-03-30T20:23:22.005438342Z: [    1.350152] acpi PNP0A08:00: _OSC: OS now controls [PCIeHotplug PME PCIeCapability]
[STDOUT  ] 2019-03-30T20:23:22.009419262Z: [    1.351121] PCI host bridge to bus 0000:00
[STDOUT  ] 2019-03-30T20:23:22.015671700Z: [    1.352037] pci_bus 0000:00: root bus resource [io  0x0000-0x0cf7 window]
[STDOUT  ] 2019-03-30T20:23:22.022002146Z: [    1.353035] pci_bus 0000:00: root bus resource [io  0x0d00-0xffff window]
[STDOUT  ] 2019-03-30T20:23:22.028925139Z: [    1.354035] pci_bus 0000:00: root bus resource [mem 0x000a0000-0x000bffff window]
[STDOUT  ] 2019-03-30T20:23:22.035822010Z: [    1.355036] pci_bus 0000:00: root bus resource [mem 0xc0000000-0xfebfffff window]
[STDOUT  ] 2019-03-30T20:23:22.040954104Z: [    1.356037] pci_bus 0000:00: root bus resource [bus 00-ff]
[STDOUT  ] 2019-03-30T20:23:22.128538569Z: [    1.431032] pci 0000:00:1f.0: quirk: [io  0x0600-0x067f] claimed by ICH6 ACPI/GPIO/TCO
[STDOUT  ] 2019-03-30T20:23:22.161574204Z: [    1.460124] ACPI: PCI Interrupt Link [LNKA] (IRQs 5 *10 11)
[STDOUT  ] 2019-03-30T20:23:22.167280798Z: [    1.461380] ACPI: PCI Interrupt Link [LNKB] (IRQs 5 *10 11)
[STDOUT  ] 2019-03-30T20:23:22.172808292Z: [    1.462405] ACPI: PCI Interrupt Link [LNKC] (IRQs 5 10 *11)
[STDOUT  ] 2019-03-30T20:23:22.178291500Z: [    1.464049] ACPI: PCI Interrupt Link [LNKD] (IRQs 5 10 *11)
[STDOUT  ] 2019-03-30T20:23:22.183863839Z: [    1.465371] ACPI: PCI Interrupt Link [LNKE] (IRQs 5 *10 11)
[STDOUT  ] 2019-03-30T20:23:22.189373854Z: [    1.467180] ACPI: PCI Interrupt Link [LNKF] (IRQs 5 *10 11)
[STDOUT  ] 2019-03-30T20:23:22.194834258Z: [    1.468368] ACPI: PCI Interrupt Link [LNKG] (IRQs 5 10 *11)
[STDOUT  ] 2019-03-30T20:23:22.200366950Z: [    1.470122] ACPI: PCI Interrupt Link [LNKH] (IRQs 5 10 *11)
[STDOUT  ] 2019-03-30T20:23:22.205327005Z: [    1.471191] ACPI: PCI Interrupt Link [GSIA] (IRQs *16)
[STDOUT  ] 2019-03-30T20:23:22.210137042Z: [    1.472056] ACPI: PCI Interrupt Link [GSIB] (IRQs *17)
[STDOUT  ] 2019-03-30T20:23:22.214976891Z: [    1.473055] ACPI: PCI Interrupt Link [GSIC] (IRQs *18)
[STDOUT  ] 2019-03-30T20:23:22.219804147Z: [    1.474057] ACPI: PCI Interrupt Link [GSID] (IRQs *19)
[STDOUT  ] 2019-03-30T20:23:22.224752683Z: [    1.475056] ACPI: PCI Interrupt Link [GSIE] (IRQs *20)
[STDOUT  ] 2019-03-30T20:23:22.229576040Z: [    1.476055] ACPI: PCI Interrupt Link [GSIF] (IRQs *21)
[STDOUT  ] 2019-03-30T20:23:22.234435184Z: [    1.477054] ACPI: PCI Interrupt Link [GSIG] (IRQs *22)
[STDOUT  ] 2019-03-30T20:23:22.239238761Z: [    1.478055] ACPI: PCI Interrupt Link [GSIH] (IRQs *23)
[STDOUT  ] 2019-03-30T20:23:22.243273439Z: [    1.479551] SCSI subsystem initialized
[STDOUT  ] 2019-03-30T20:23:22.247270193Z: [    1.480149] ACPI: bus type USB registered
[STDOUT  ] 2019-03-30T20:23:22.252451620Z: [    1.481072] usbcore: registered new interface driver usbfs
[STDOUT  ] 2019-03-30T20:23:22.257512083Z: [    1.482061] usbcore: registered new interface driver hub
[STDOUT  ] 2019-03-30T20:23:22.262269888Z: [    1.483076] usbcore: registered new device driver usb
[STDOUT  ] 2019-03-30T20:23:22.266932263Z: [    1.484072] pps_core: LinuxPPS API ver. 1 registered
[STDOUT  ] 2019-03-30T20:23:22.275324275Z: [    1.485032] pps_core: Software ver. 5.3.6 - Copyright 2005-2007 Rodolfo Giometti <giometti@linux.it>
[STDOUT  ] 2019-03-30T20:23:22.279030945Z: [    1.486052] PTP clock support registered
[STDOUT  ] 2019-03-30T20:23:22.283123192Z: [    1.488142] PCI: Using ACPI for IRQ routing
[STDOUT  ] 2019-03-30T20:23:22.742804417Z: [    1.945299] NetLabel: Initializing
[STDOUT  ] 2019-03-30T20:23:22.746846988Z: [    1.946033] NetLabel:  domain hash size = 128
[STDOUT  ] 2019-03-30T20:23:22.752114063Z: [    1.947032] NetLabel:  protocols = UNLABELED CIPSOv4 CALIPSO
[STDOUT  ] 2019-03-30T20:23:22.757571190Z: [    1.948074] NetLabel:  unlabeled traffic allowed by default
[STDOUT  ] 2019-03-30T20:23:22.764368580Z: [    1.949266] HPET: 3 timers in total, 0 timers will be used for per-cpu timer
[STDOUT  ] 2019-03-30T20:23:22.769072167Z: [    1.950151] hpet0: at MMIO 0xfed00000, IRQs 2, 8, 0
[STDOUT  ] 2019-03-30T20:23:22.774542891Z: [    1.951033] hpet0: 3 comparators, 64-bit 100.000000 MHz counter
[STDOUT  ] 2019-03-30T20:23:22.782099127Z: [    1.954074] clocksource: Switched to clocksource kvm-clock
[STDOUT  ] 2019-03-30T20:23:22.809254813Z: [    1.982505] VFS: Disk quotas dquot_6.6.0
[STDOUT  ] 2019-03-30T20:23:22.815570560Z: [    1.986339] VFS: Dquot-cache hash table entries: 512 (order 0, 4096 bytes)
[STDOUT  ] 2019-03-30T20:23:22.818463126Z: [    1.992753] FS-Cache: Loaded
[STDOUT  ] 2019-03-30T20:23:22.821476629Z: [    1.995624] CacheFiles: Loaded
[STDOUT  ] 2019-03-30T20:23:22.824535329Z: [    1.998559] pnp: PnP ACPI init
[STDOUT  ] 2019-03-30T20:23:22.829568366Z: [    2.002786] pnp: PnP ACPI: found 5 devices
[STDOUT  ] 2019-03-30T20:23:22.844025787Z: [    2.012980] clocksource: acpi_pm: mask: 0xffffff max_cycles: 0xffffff, max_idle_ns: 2085701024 ns
[STDOUT  ] 2019-03-30T20:23:22.848231211Z: [    2.021202] NET: Registered protocol family 2
[STDOUT  ] 2019-03-30T20:23:22.856375874Z: [    2.026328] tcp_listen_portaddr_hash hash table entries: 512 (order: 1, 8192 bytes)
[STDOUT  ] 2019-03-30T20:23:22.862885208Z: [    2.033447] TCP established hash table entries: 8192 (order: 4, 65536 bytes)
[STDOUT  ] 2019-03-30T20:23:22.868967279Z: [    2.039974] TCP bind hash table entries: 8192 (order: 5, 131072 bytes)
[STDOUT  ] 2019-03-30T20:23:22.875399107Z: [    2.046031] TCP: Hash tables configured (established 8192 bind 8192)
[STDOUT  ] 2019-03-30T20:23:22.881320086Z: [    2.052491] UDP hash table entries: 512 (order: 2, 16384 bytes)
[STDOUT  ] 2019-03-30T20:23:22.888093427Z: [    2.058387] UDP-Lite hash table entries: 512 (order: 2, 16384 bytes)
[STDOUT  ] 2019-03-30T20:23:22.892543022Z: [    2.065194] NET: Registered protocol family 1
[STDOUT  ] 2019-03-30T20:23:22.896696644Z: [    2.069596] NET: Registered protocol family 44
[STDOUT  ] 2019-03-30T20:23:22.904593702Z: [    2.074000] pci 0000:00:01.0: Video device with shadowed ROM at [mem 0x000c0000-0x000dffff]
[STDOUT  ] 2019-03-30T20:23:22.910043617Z: [    2.082109] Trying to unpack rootfs image as initramfs...
[STDOUT  ] 2019-03-30T20:23:23.666923244Z: [    2.840129] Freeing initrd memory: 37956K
[STDOUT  ] 2019-03-30T20:23:23.676110958Z: [    2.844176] clocksource: tsc: mask: 0xffffffffffffffff max_cycles: 0x2126d88f36e, max_idle_ns: 440795303662 ns
[STDOUT  ] 2019-03-30T20:23:23.681485679Z: [    2.853712] PCLMULQDQ-NI instructions are not detected.
[STDOUT  ] 2019-03-30T20:23:23.686417546Z: [    2.858551] AVX or AES-NI instructions are not detected.
[STDOUT  ] 2019-03-30T20:23:23.691355426Z: [    2.863430] CPU feature 'AVX registers' is not supported.
[STDOUT  ] 2019-03-30T20:23:23.696246336Z: [    2.868362] CPU feature 'AVX registers' is not supported.
[STDOUT  ] 2019-03-30T20:23:23.701125074Z: [    2.873275] CPU feature 'AVX registers' is not supported.
[STDOUT  ] 2019-03-30T20:23:23.706017907Z: [    2.878153] CPU feature 'AVX registers' is not supported.
[STDOUT  ] 2019-03-30T20:23:23.711018701Z: [    2.883108] AVX2 or AES-NI instructions are not detected.
[STDOUT  ] 2019-03-30T20:23:23.715152247Z: [    2.888032] AVX2 instructions are not detected.
[STDOUT  ] 2019-03-30T20:23:23.721614256Z: [    2.892745] workingset: timestamp_bits=46 max_order=18 bucket_order=0
[STDOUT  ] 2019-03-30T20:23:23.727369283Z: [    2.899134] squashfs: version 4.0 (2009/01/31) Phillip Lougher
[STDOUT  ] 2019-03-30T20:23:23.732429791Z: [    2.904541] FS-Cache: Netfs 'cifs' registered for caching
[STDOUT  ] 2019-03-30T20:23:23.736132727Z: [    2.909497] fuse init (API version 7.27)
[STDOUT  ] 2019-03-30T20:23:23.741970401Z: [    2.913254] SGI XFS with ACLs, security attributes, no debug enabled
[STDOUT  ] 2019-03-30T20:23:23.747216380Z: [    2.919261] 9p: Installing v9fs 9p2000 file system support
[STDOUT  ] 2019-03-30T20:23:23.752003842Z: [    2.924259] FS-Cache: Netfs '9p' registered for caching
[STDOUT  ] 2019-03-30T20:23:23.755991081Z: [    2.929023] pstore: using deflate compression
[STDOUT  ] 2019-03-30T20:23:23.761477749Z: [    2.934416] NET: Registered protocol family 38
[STDOUT  ] 2019-03-30T20:23:23.765249142Z: [    2.938510] Key type asymmetric registered
[STDOUT  ] 2019-03-30T20:23:23.769802053Z: [    2.942375] Asymmetric key parser 'x509' registered
[STDOUT  ] 2019-03-30T20:23:23.776483598Z: [    2.946840] Block layer SCSI generic (bsg) driver version 0.4 loaded (major 247)
[STDOUT  ] 2019-03-30T20:23:23.780188682Z: [    2.953573] io scheduler noop registered
[STDOUT  ] 2019-03-30T20:23:23.784907631Z: [    2.957199] io scheduler deadline registered (default)
[STDOUT  ] 2019-03-30T20:23:23.788508747Z: [    2.961982] io scheduler cfq registered
[STDOUT  ] 2019-03-30T20:23:23.793505925Z: [    2.965535] io scheduler mq-deadline registered (default)
[STDOUT  ] 2019-03-30T20:23:23.797202663Z: [    2.970513] io scheduler kyber registered
[STDOUT  ] 2019-03-30T20:23:23.803363757Z: [    2.974375] shpchp: Standard Hot Plug PCI Controller Driver version: 0.4
[STDOUT  ] 2019-03-30T20:23:23.807805105Z: [    2.980422] hv_vmbus: registering driver hyperv_fb
[STDOUT  ] 2019-03-30T20:23:23.814555294Z: [    2.984958] input: Power Button as /devices/LNXSYSTM:00/LNXPWRBN:00/input/input0
[STDOUT  ] 2019-03-30T20:23:23.817944066Z: [    2.991590] ACPI: Power Button [PWRF]
[STDOUT  ] 2019-03-30T20:23:23.823493139Z: [    2.995755] PCI Interrupt Link [GSIG] enabled at IRQ 22
[STDOUT  ] 2019-03-30T20:23:23.834011772Z: [    3.006309] PCI Interrupt Link [GSIH] enabled at IRQ 23
[STDOUT  ] 2019-03-30T20:23:23.845385254Z: [    3.016700] Serial: 8250/16550 driver, 4 ports, IRQ sharing disabled
[STDOUT  ] 2019-03-30T20:23:23.885667829Z: [    3.056100] 00:04: ttyS0 at I/O 0x3f8 (irq = 4, base_baud = 115200) is a 16550A
[STDOUT  ] 2019-03-30T20:23:23.890505281Z: [    3.063657] Non-volatile memory driver v1.3
[STDOUT  ] 2019-03-30T20:23:23.900258857Z: [    3.069222] Hangcheck: starting hangcheck timer 0.9.1 (tick is 180 seconds, margin is 60 seconds).
[STDOUT  ] 2019-03-30T20:23:23.903610603Z: [    3.077484] random: fast init done
[STDOUT  ] 2019-03-30T20:23:23.907712132Z: [    3.081556] random: crng init done
[STDOUT  ] 2019-03-30T20:23:23.911948298Z: [    3.086005] brd: module loaded
[STDOUT  ] 2019-03-30T20:23:23.917406799Z: [    3.091478] loop: module loaded
[STDOUT  ] 2019-03-30T20:23:23.927009533Z: [    3.098416] lpc_ich 0000:00:1f.0: I/O space for GPIO uninitialized
[STDOUT  ] 2019-03-30T20:23:23.931735381Z: [    3.104169] VMware PVSCSI driver - version 1.0.7.0-k
[STDOUT  ] 2019-03-30T20:23:23.936225999Z: [    3.108770] hv_vmbus: registering driver hv_storvsc
[STDOUT  ] 2019-03-30T20:23:23.941595204Z: [    3.113879] PCI Interrupt Link [GSIA] enabled at IRQ 16
[STDOUT  ] 2019-03-30T20:23:23.952473835Z: [    3.122101] ahci 0000:00:1f.2: AHCI 0001.0000 32 slots 6 ports 1.5 Gbps 0x3f impl SATA mode
[STDOUT  ] 2019-03-30T20:23:23.957051290Z: [    3.129498] ahci 0000:00:1f.2: flags: 64bit ncq only 
[STDOUT  ] 2019-03-30T20:23:23.963492384Z: [    3.137812] scsi host0: ahci
[STDOUT  ] 2019-03-30T20:23:23.966382249Z: [    3.140679] scsi host1: ahci
[STDOUT  ] 2019-03-30T20:23:23.969205081Z: [    3.143487] scsi host2: ahci
[STDOUT  ] 2019-03-30T20:23:23.972264726Z: [    3.146309] scsi host3: ahci
[STDOUT  ] 2019-03-30T20:23:23.975142393Z: [    3.149366] scsi host4: ahci
[STDOUT  ] 2019-03-30T20:23:23.977936717Z: [    3.152246] scsi host5: ahci
[STDOUT  ] 2019-03-30T20:23:23.991666528Z: [    3.155094] ata1: SATA max UDMA/133 abar m4096@0xfebd2000 port 0xfebd2100 irq 24
[STDOUT  ] 2019-03-30T20:23:23.991720128Z: [    3.161626] ata2: SATA max UDMA/133 abar m4096@0xfebd2000 port 0xfebd2180 irq 24
[STDOUT  ] 2019-03-30T20:23:23.995699252Z: [    3.166633] ata3: SATA max UDMA/133 abar m4096@0xfebd2000 port 0xfebd2200 irq 24
[STDOUT  ] 2019-03-30T20:23:24.002397882Z: [    3.172834] ata4: SATA max UDMA/133 abar m4096@0xfebd2000 port 0xfebd2280 irq 24
[STDOUT  ] 2019-03-30T20:23:24.009130294Z: [    3.179533] ata5: SATA max UDMA/133 abar m4096@0xfebd2000 port 0xfebd2300 irq 24
[STDOUT  ] 2019-03-30T20:23:24.015881443Z: [    3.186286] ata6: SATA max UDMA/133 abar m4096@0xfebd2000 port 0xfebd2380 irq 24
[STDOUT  ] 2019-03-30T20:23:24.022883800Z: [    3.195302] tun: Universal TUN/TAP device driver, 1.6
[STDOUT  ] 2019-03-30T20:23:24.033955501Z: [    3.204951] VMware vmxnet3 virtual NIC driver - version 1.4.16.0-k-NAPI
[STDOUT  ] 2019-03-30T20:23:24.038441017Z: [    3.211101] hv_vmbus: registering driver hv_netvsc
[STDOUT  ] 2019-03-30T20:23:24.042230690Z: [    3.215531] Fusion MPT base driver 3.04.20
[STDOUT  ] 2019-03-30T20:23:24.046755145Z: [    3.219334] Copyright (c) 1999-2008 LSI Corporation
[STDOUT  ] 2019-03-30T20:23:24.050870486Z: [    3.223848] Fusion MPT SPI Host driver 3.04.20
[STDOUT  ] 2019-03-30T20:23:24.060746785Z: [    3.228106] i8042: PNP: PS/2 Controller [PNP0303:KBD,PNP0f13:MOU] at 0x60,0x64 irq 1,12
[STDOUT  ] 2019-03-30T20:23:24.069020246Z: [    3.241548] serio: i8042 KBD port at 0x60,0x64 irq 1
[STDOUT  ] 2019-03-30T20:23:24.073689716Z: [    3.246132] serio: i8042 AUX port at 0x60,0x64 irq 12
[STDOUT  ] 2019-03-30T20:23:24.078707698Z: [    3.250938] hv_vmbus: registering driver hyperv_keyboard
[STDOUT  ] 2019-03-30T20:23:24.083971500Z: [    3.255887] mousedev: PS/2 mouse device common for all mice
[STDOUT  ] 2019-03-30T20:23:24.093070177Z: [    3.262411] input: AT Translated Set 2 keyboard as /devices/platform/i8042/serio0/input/input1
[STDOUT  ] 2019-03-30T20:23:24.099114320Z: [    3.270240] input: PC Speaker as /devices/platform/pcspkr/input/input2
[STDOUT  ] 2019-03-30T20:23:24.104360575Z: [    3.277234] rtc_cmos 00:00: RTC can wake from S4
[STDOUT  ] 2019-03-30T20:23:24.110884340Z: [    3.283910] rtc_cmos 00:00: registered as rtc0
[STDOUT  ] 2019-03-30T20:23:24.117770373Z: [    3.288014] rtc_cmos 00:00: alarms up to one day, y3k, 114 bytes nvram, hpet irqs
[STDOUT  ] 2019-03-30T20:23:24.121137886Z: [    3.294870] i2c /dev entries driver
[STDOUT  ] 2019-03-30T20:23:24.129112681Z: [    3.298589] device-mapper: ioctl: 4.39.0-ioctl (2018-04-03) initialised: dm-devel@redhat.com
[STDOUT  ] 2019-03-30T20:23:24.134944954Z: [    3.306949] usbcore: registered new interface driver usbhid
[STDOUT  ] 2019-03-30T20:23:24.138569097Z: [    3.312079] usbhid: USB HID core driver
[STDOUT  ] 2019-03-30T20:23:24.143410565Z: [    3.315743] hv_utils: Registering HyperV Utility Driver
[STDOUT  ] 2019-03-30T20:23:24.147705456Z: [    3.320520] hv_vmbus: registering driver hv_util
[STDOUT  ] 2019-03-30T20:23:24.152200015Z: [    3.324819] hv_vmbus: registering driver hv_balloon
[STDOUT  ] 2019-03-30T20:23:24.156013704Z: [    3.329308] oprofile: using NMI interrupt.
[STDOUT  ] 2019-03-30T20:23:24.159016261Z: [    3.333152] GACT probability on
[STDOUT  ] 2019-03-30T20:23:24.162427216Z: [    3.336124] Mirror/redirect action on
[STDOUT  ] 2019-03-30T20:23:24.165670900Z: [    3.339514] Simple TC action Loaded
[STDOUT  ] 2019-03-30T20:23:24.168309327Z: [    3.342794] u32 classifier
[STDOUT  ] 2019-03-30T20:23:24.171860112Z: [    3.345390]     Performance counters on
[STDOUT  ] 2019-03-30T20:23:24.175231456Z: [    3.348959]     input device check on
[STDOUT  ] 2019-03-30T20:23:24.178463815Z: [    3.352329]     Actions configured
[STDOUT  ] 2019-03-30T20:23:24.182817606Z: [    3.355851] xt_time: kernel timezone is -0000
[STDOUT  ] 2019-03-30T20:23:24.188311781Z: [    3.359928] IPVS: Registered protocols (TCP, UDP, SCTP, AH, ESP)
[STDOUT  ] 2019-03-30T20:23:24.194995637Z: [    3.365427] IPVS: Connection hash table configured (size=4096, memory=64Kbytes)
[STDOUT  ] 2019-03-30T20:23:24.198054175Z: [    3.372199] IPVS: ipvs loaded.
[STDOUT  ] 2019-03-30T20:23:24.202055912Z: [    3.375137] IPVS: [rr] scheduler registered.
[STDOUT  ] 2019-03-30T20:23:24.206139277Z: [    3.379166] IPVS: [wrr] scheduler registered.
[STDOUT  ] 2019-03-30T20:23:24.210131158Z: [    3.383255] IPVS: [lc] scheduler registered.
[STDOUT  ] 2019-03-30T20:23:24.214175779Z: [    3.387210] IPVS: [wlc] scheduler registered.
[STDOUT  ] 2019-03-30T20:23:24.218109884Z: [    3.391255] IPVS: [fo] scheduler registered.
[STDOUT  ] 2019-03-30T20:23:24.222454296Z: [    3.395188] IPVS: [ovf] scheduler registered.
[STDOUT  ] 2019-03-30T20:23:24.226790065Z: [    3.399799] IPVS: [lblc] scheduler registered.
[STDOUT  ] 2019-03-30T20:23:24.230936198Z: [    3.403880] IPVS: [lblcr] scheduler registered.
[STDOUT  ] 2019-03-30T20:23:24.235272420Z: [    3.408423] IPVS: [dh] scheduler registered.
[STDOUT  ] 2019-03-30T20:23:24.239233300Z: [    3.412370] IPVS: [sh] scheduler registered.
[STDOUT  ] 2019-03-30T20:23:24.243396857Z: [    3.416556] IPVS: [mh] scheduler registered.
[STDOUT  ] 2019-03-30T20:23:24.247390514Z: [    3.420495] IPVS: [sed] scheduler registered.
[STDOUT  ] 2019-03-30T20:23:24.251562696Z: [    3.424762] IPVS: [nq] scheduler registered.
[STDOUT  ] 2019-03-30T20:23:24.256196906Z: [    3.428680] IPVS: ftp: loaded support on port[0] = 21
[STDOUT  ] 2019-03-30T20:23:24.261501672Z: [    3.433628] ipip: IPv4 and MPLS over IPv4 tunneling driver
[STDOUT  ] 2019-03-30T20:23:24.266376456Z: [    3.438991] gre: GRE over IPv4 demultiplexor driver
[STDOUT  ] 2019-03-30T20:23:24.272240563Z: [    3.443551] ipt_CLUSTERIP: ClusterIP Version 0.8 loaded successfully
[STDOUT  ] 2019-03-30T20:23:24.276650420Z: [    3.449628] NET: Registered protocol family 10
[STDOUT  ] 2019-03-30T20:23:24.280508408Z: [    3.454185] Segment Routing with IPv6
[STDOUT  ] 2019-03-30T20:23:24.285218259Z: [    3.458206] NET: Registered protocol family 17
[STDOUT  ] 2019-03-30T20:23:24.288985299Z: [    3.462330] Bridge firewalling registered
[STDOUT  ] 2019-03-30T20:23:24.293087011Z: [    3.466347] 8021q: 802.1Q VLAN Support v1.8
[STDOUT  ] 2019-03-30T20:23:24.297134496Z: [    3.470227] 9pnet: Installing 9P2000 support
[STDOUT  ] 2019-03-30T20:23:24.301330333Z: [    3.474471] Key type dns_resolver registered
[STDOUT  ] 2019-03-30T20:23:24.305431816Z: [    3.478646] registered taskstats version 1
[STDOUT  ] 2019-03-30T20:23:24.317215708Z: [    3.490678] Key type big_key registered
[STDOUT  ] 2019-03-30T20:23:24.324615998Z: [    3.498146] Key type trusted registered
[STDOUT  ] 2019-03-30T20:23:24.330895086Z: [    3.502402] ata3: SATA link up 1.5 Gbps (SStatus 113 SControl 300)
[STDOUT  ] 2019-03-30T20:23:24.337594900Z: [    3.509082] ata2: SATA link up 1.5 Gbps (SStatus 113 SControl 300)
[STDOUT  ] 2019-03-30T20:23:24.344218383Z: [    3.515703] ata1: SATA link up 1.5 Gbps (SStatus 113 SControl 300)
[STDOUT  ] 2019-03-30T20:23:24.350093037Z: [    3.522282] ata6: SATA link down (SStatus 0 SControl 300)
[STDOUT  ] 2019-03-30T20:23:24.355861660Z: [    3.527971] ata5: SATA link down (SStatus 0 SControl 300)
[STDOUT  ] 2019-03-30T20:23:24.361604595Z: [    3.533747] ata4: SATA link down (SStatus 0 SControl 300)
[STDOUT  ] 2019-03-30T20:23:24.369109547Z: [    3.540923] ata1.00: ATA-7: QEMU HARDDISK, 2.5+, max UDMA/100
[STDOUT  ] 2019-03-30T20:23:24.374824019Z: [    3.546193] ata1.00: 409600 sectors, multi 16: LBA48 NCQ (depth 32)
[STDOUT  ] 2019-03-30T20:23:24.378672516Z: [    3.551925] ata1.00: applying bridge limits
[STDOUT  ] 2019-03-30T20:23:24.384264724Z: [    3.556121] ata3.00: ATAPI: QEMU DVD-ROM, 2.5+, max UDMA/100
[STDOUT  ] 2019-03-30T20:23:24.388155270Z: [    3.561353] ata3.00: applying bridge limits
[STDOUT  ] 2019-03-30T20:23:24.393670877Z: [    3.565523] ata2.00: ATA-7: QEMU HARDDISK, 2.5+, max UDMA/100
[STDOUT  ] 2019-03-30T20:23:24.399312195Z: [    3.570794] ata2.00: 76600 sectors, multi 16: LBA48 NCQ (depth 32)
[STDOUT  ] 2019-03-30T20:23:24.403227193Z: [    3.576389] ata2.00: applying bridge limits
[STDOUT  ] 2019-03-30T20:23:24.409684545Z: [    3.582847] ata3.00: configured for UDMA/100
[STDOUT  ] 2019-03-30T20:23:24.413821805Z: [    3.587208] Key type encrypted registered
[STDOUT  ] 2019-03-30T20:23:24.418938788Z: [    3.590978] ima: No TPM chip found, activating TPM-bypass!
[STDOUT  ] 2019-03-30T20:23:24.423723830Z: [    3.596832] ata2.00: configured for UDMA/100
[STDOUT  ] 2019-03-30T20:23:24.428176061Z: [    3.601294] ata1.00: configured for UDMA/100
[STDOUT  ] 2019-03-30T20:23:24.435699851Z: [    3.605397] scsi 0:0:0:0: Direct-Access     ATA      QEMU HARDDISK    2.5+ PQ: 0 ANSI: 5
[STDOUT  ] 2019-03-30T20:23:24.440049532Z: [    3.612801] ima: Allocated hash algorithm: sha256
[STDOUT  ] 2019-03-30T20:23:24.444763107Z: [    3.617164] evm: Initialising EVM extended attributes:
[STDOUT  ] 2019-03-30T20:23:24.447510706Z: [    3.621845] evm: security.ima
[STDOUT  ] 2019-03-30T20:23:24.450862345Z: [    3.624618] evm: security.capability
[STDOUT  ] 2019-03-30T20:23:24.453876511Z: [    3.627932] evm: HMAC attrs: 0x1
[STDOUT  ] 2019-03-30T20:23:24.460689163Z: [    3.631239] sd 0:0:0:0: [sda] 409600 512-byte logical blocks: (210 MB/200 MiB)
[STDOUT  ] 2019-03-30T20:23:24.465641497Z: [    3.637873] sd 0:0:0:0: Attached scsi generic sg0 type 0
[STDOUT  ] 2019-03-30T20:23:24.470173017Z: [    3.642763] sd 0:0:0:0: [sda] Write Protect is off
[STDOUT  ] 2019-03-30T20:23:24.477656140Z: [    3.647450] scsi 1:0:0:0: Direct-Access     ATA      QEMU HARDDISK    2.5+ PQ: 0 ANSI: 5
[STDOUT  ] 2019-03-30T20:23:24.485810517Z: [    3.654808] sd 0:0:0:0: [sda] Write cache: enabled, read cache: enabled, doesn't support DPO or FUA
[STDOUT  ] 2019-03-30T20:23:24.492716532Z: [    3.663184] sd 1:0:0:0: [sdb] 76600 512-byte logical blocks: (39.2 MB/37.4 MiB)
[STDOUT  ] 2019-03-30T20:23:24.497674117Z: [    3.669903] sd 1:0:0:0: Attached scsi generic sg1 type 0
[STDOUT  ] 2019-03-30T20:23:24.502110372Z: [    3.674790] sd 1:0:0:0: [sdb] Write Protect is off
[STDOUT  ] 2019-03-30T20:23:24.510235334Z: [    3.680018] rtc_cmos 00:00: setting system clock to 2019-03-30 20:23:24 UTC (1553977404)
[STDOUT  ] 2019-03-30T20:23:24.518047373Z: [    3.687779] scsi 2:0:0:0: CD-ROM            QEMU     QEMU DVD-ROM     2.5+ PQ: 0 ANSI: 5
[STDOUT  ] 2019-03-30T20:23:24.526791184Z: [    3.695563] sd 1:0:0:0: [sdb] Write cache: enabled, read cache: enabled, doesn't support DPO or FUA
[STDOUT  ] 2019-03-30T20:23:24.531347400Z: [    3.704156] sd 0:0:0:0: [sda] Attached SCSI disk
[STDOUT  ] 2019-03-30T20:23:24.539482864Z: [    3.709884] Unstable clock detected, switching default tracing clock to "global"
[STDOUT  ] 2019-03-30T20:23:24.544741361Z: [    3.709884] If you want to keep using the local clock, then add:
[STDOUT  ] 2019-03-30T20:23:24.547664097Z: [    3.709884]   "trace_clock=local"
[STDOUT  ] 2019-03-30T20:23:24.550912491Z: [    3.709884] on the kernel command line
[STDOUT  ] 2019-03-30T20:23:24.556112412Z: [    3.728906] sd 1:0:0:0: [sdb] Attached SCSI disk
[STDOUT  ] 2019-03-30T20:23:24.564421757Z: [    3.735416] sr 2:0:0:0: [sr0] scsi3-mmc drive: 4x/4x cd/rw xa/form2 tray
[STDOUT  ] 2019-03-30T20:23:24.569183747Z: [    3.741504] cdrom: Uniform CD-ROM driver Revision: 3.20
[STDOUT  ] 2019-03-30T20:23:24.574593051Z: [    3.746813] sr 2:0:0:0: Attached scsi generic sg2 type 5
[STDOUT  ] 2019-03-30T20:23:24.582194735Z: [    3.754589] Freeing unused kernel image memory: 1588K
[STDOUT  ] 2019-03-30T20:23:24.589393312Z: [    3.761108] Write protecting the kernel read-only data: 18432k
[STDOUT  ] 2019-03-30T20:23:24.594910779Z: [    3.767325] Freeing unused kernel image memory: 2028K
[STDOUT  ] 2019-03-30T20:23:24.599940449Z: [    3.772388] Freeing unused kernel image memory: 1040K
[STDOUT  ] 2019-03-30T20:23:24.603425780Z: [    3.777135] Run /init as init process
[STDOUT  ] 2019-03-30T20:23:25.101870859Z: 
[STDOUT  ] 2019-03-30T20:23:25.103374542Z: Welcome to LinuxKit
[STDOUT  ] 2019-03-30T20:23:25.103905257Z: 
[STDOUT  ] 2019-03-30T20:23:25.106266626Z:                         ##         .
[STDOUT  ] 2019-03-30T20:23:25.108701003Z:                   ## ## ##        ==
[STDOUT  ] 2019-03-30T20:23:25.111072795Z:                ## ## ## ## ##    ===
[STDOUT  ] 2019-03-30T20:23:25.113508428Z:            /"""""""""""""""""\___/ ===
[STDOUT  ] 2019-03-30T20:23:25.116075751Z:           {                       /  ===-
[STDOUT  ] 2019-03-30T20:23:25.118374867Z:            \______ O           __/
[STDOUT  ] 2019-03-30T20:23:25.120395885Z:              \    \         __/
[STDOUT  ] 2019-03-30T20:23:25.122364986Z:               \____\_______/
[STDOUT  ] 2019-03-30T20:23:25.122879129Z: 
[STDOUT  ] 2019-03-30T20:23:26.252300636Z: [    5.427450]  sda:
[STDOUT  ] 2019-03-30T20:23:26.257476826Z: [    5.432675]  sda:
[STDOUT  ] 2019-03-30T20:23:26.529843651Z: [    5.704620]  sda: sda1
[STDOUT  ] 2019-03-30T20:23:26.539835663Z: [    5.714530]  sda: sda1
[STDOUT  ] 2019-03-30T20:23:32.684957068Z: [   11.855028] EXT4-fs (sda1): mounted filesystem with ordered data mode. Opts: (null)
[STDOUT  ] 2019-03-30T20:23:33.636382613Z: [   12.811116]  sda: sda1
[STDOUT  ] 2019-03-30T20:23:33.642138512Z: The bootable flag on partition 1 is enabled now.
[STDOUT  ] 2019-03-30T20:23:33.642868983Z: 
[STDOUT  ] 2019-03-30T20:23:33.645390305Z: The partition table has been altered.
[STDOUT  ] 2019-03-30T20:23:33.648043900Z: Calling ioctl() to re-read partition table.
[STDOUT  ] 2019-03-30T20:23:33.649327040Z: Syncing disks.
[STDOUT  ] 2019-03-30T20:23:33.651601021Z: /mnt is device /dev/sda1
[STDOUT  ] 2019-03-30T20:23:33.652972373Z: 1+0 records in
[STDOUT  ] 2019-03-30T20:23:33.654381038Z: 1+0 records out
[STDOUT  ] 2019-03-30T20:24:03.738842471Z: [   42.910317] sd 1:0:0:0: [sdb] Synchronizing SCSI cache
[STDOUT  ] 2019-03-30T20:24:03.743103420Z: [   42.915549] sd 1:0:0:0: [sdb] Stopping disk
[STDOUT  ] 2019-03-30T20:24:03.748157274Z: [   42.919766] sd 0:0:0:0: [sda] Synchronizing SCSI cache
[STDOUT  ] 2019-03-30T20:24:03.752333776Z: [   42.924829] sd 0:0:0:0: [sda] Stopping disk
[STDOUT  ] 2019-03-30T20:24:03.758612042Z: [   42.929906] ACPI: Preparing to enter system sleep state S5
[STDOUT  ] 2019-03-30T20:24:03.761838282Z: [   42.935292] reboot: Power down
[STDERR  ] 2019-03-30T20:24:03.783660476Z: + linuxkit run qemu disk.qcow2
[STDERR  ] 2019-03-30T20:24:03.815839770Z: Using existing disk [disk.qcow2] format 
[STDOUT  ] 2019-03-30T20:24:05.192596630Z: [    0.000000] Linux version 4.19.28-linuxkit (root@3baba29b60ee) (gcc version 8.2.0 (Alpine 8.2.0)) #1 SMP Sun Mar 24 00:25:45 UTC 2019
[STDOUT  ] 2019-03-30T20:24:05.200355020Z: [    0.000000] Command line: BOOT_IMAGE=/kernel console=ttyS0 console=ttyAMA0 initrd=/initrd.img
[STDOUT  ] 2019-03-30T20:24:05.204529414Z: [    0.000000] x86/fpu: x87 FPU will use FXSAVE
[STDOUT  ] 2019-03-30T20:24:05.208482455Z: [    0.000000] BIOS-provided physical RAM map:
[STDOUT  ] 2019-03-30T20:24:05.214689819Z: [    0.000000] BIOS-e820: [mem 0x0000000000000000-0x000000000009fbff] usable
[STDOUT  ] 2019-03-30T20:24:05.221073786Z: [    0.000000] BIOS-e820: [mem 0x000000000009fc00-0x000000000009ffff] reserved
[STDOUT  ] 2019-03-30T20:24:05.227410760Z: [    0.000000] BIOS-e820: [mem 0x00000000000f0000-0x00000000000fffff] reserved
[STDOUT  ] 2019-03-30T20:24:05.233512948Z: [    0.000000] BIOS-e820: [mem 0x0000000000100000-0x000000003ffdefff] usable
[STDOUT  ] 2019-03-30T20:24:05.239864908Z: [    0.000000] BIOS-e820: [mem 0x000000003ffdf000-0x000000003fffffff] reserved
[STDOUT  ] 2019-03-30T20:24:05.246152215Z: [    0.000000] BIOS-e820: [mem 0x00000000b0000000-0x00000000bfffffff] reserved
[STDOUT  ] 2019-03-30T20:24:05.252455143Z: [    0.000000] BIOS-e820: [mem 0x00000000fed1c000-0x00000000fed1ffff] reserved
[STDOUT  ] 2019-03-30T20:24:05.258738720Z: [    0.000000] BIOS-e820: [mem 0x00000000feffc000-0x00000000feffffff] reserved
[STDOUT  ] 2019-03-30T20:24:05.265019254Z: [    0.000000] BIOS-e820: [mem 0x00000000fffc0000-0x00000000ffffffff] reserved
[STDOUT  ] 2019-03-30T20:24:05.269538534Z: [    0.000000] NX (Execute Disable) protection: active
[STDOUT  ] 2019-03-30T20:24:05.272472254Z: [    0.000000] SMBIOS 2.8 present.
[STDOUT  ] 2019-03-30T20:24:05.278959896Z: [    0.000000] DMI: QEMU Standard PC (Q35 + ICH9, 2009), BIOS 1.10.2-1 04/01/2014
[STDOUT  ] 2019-03-30T20:24:05.282223230Z: [    0.000000] Hypervisor detected: KVM
[STDOUT  ] 2019-03-30T20:24:05.286964246Z: [    0.000000] kvm-clock: Using msrs 4b564d01 and 4b564d00
[STDOUT  ] 2019-03-30T20:24:05.292149901Z: [    1.128712] kvm-clock: cpu 0, msr 3581c001, primary cpu clock
[STDOUT  ] 2019-03-30T20:24:05.301658551Z: [    1.128713] clocksource: kvm-clock: mask: 0xffffffffffffffff max_cycles: 0x1cd42e4dffb, max_idle_ns: 881590591483 ns
[STDOUT  ] 2019-03-30T20:24:05.305886152Z: [    1.128717] tsc: Detected 2299.902 MHz processor
[STDOUT  ] 2019-03-30T20:24:05.310790789Z: [    1.131941] last_pfn = 0x3ffdf max_arch_pfn = 0x400000000
[STDOUT  ] 2019-03-30T20:24:05.314825342Z: [    1.132555] x86/PAT: PAT not supported by CPU.
[STDOUT  ] 2019-03-30T20:24:05.321070062Z: [    1.132606] x86/PAT: Configuration [0-7]: WB  WT  UC- UC  WB  WT  UC- UC  
[STDOUT  ] 2019-03-30T20:24:05.328483378Z: [    1.144111] found SMP MP-table at [mem 0x000f6a90-0x000f6a9f] mapped at [(____ptrval____)]
[STDOUT  ] 2019-03-30T20:24:05.332705361Z: [    1.144447] RAMDISK: [mem 0x3e21e000-0x3ffdefff]
[STDOUT  ] 2019-03-30T20:24:05.337847899Z: [    1.144524] ACPI: Early table checksum verification disabled
[STDOUT  ] 2019-03-30T20:24:05.343039600Z: [    1.144645] ACPI: RSDP 0x00000000000F68D0 000014 (v00 BOCHS )
[STDOUT  ] 2019-03-30T20:24:05.350712849Z: [    1.144656] ACPI: RSDT 0x000000003FFE2404 000034 (v01 BOCHS  BXPCRSDT 00000001 BXPC 00000001)
[STDOUT  ] 2019-03-30T20:24:05.358348784Z: [    1.144663] ACPI: FACP 0x000000003FFE22A4 000074 (v01 BOCHS  BXPCFACP 00000001 BXPC 00000001)
[STDOUT  ] 2019-03-30T20:24:05.366082618Z: [    1.144669] ACPI: DSDT 0x000000003FFE0040 002264 (v01 BOCHS  BXPCDSDT 00000001 BXPC 00000001)
[STDOUT  ] 2019-03-30T20:24:05.370302583Z: [    1.144674] ACPI: FACS 0x000000003FFE0000 000040
[STDOUT  ] 2019-03-30T20:24:05.377960904Z: [    1.144678] ACPI: APIC 0x000000003FFE2318 000078 (v01 BOCHS  BXPCAPIC 00000001 BXPC 00000001)
[STDOUT  ] 2019-03-30T20:24:05.385620449Z: [    1.144682] ACPI: HPET 0x000000003FFE2390 000038 (v01 BOCHS  BXPCHPET 00000001 BXPC 00000001)
[STDOUT  ] 2019-03-30T20:24:05.393337239Z: [    1.144687] ACPI: MCFG 0x000000003FFE23C8 00003C (v01 BOCHS  BXPCMCFG 00000001 BXPC 00000001)
[STDOUT  ] 2019-03-30T20:24:05.395777227Z: [    1.146050] Zone ranges:
[STDOUT  ] 2019-03-30T20:24:05.401354791Z: [    1.146053]   DMA      [mem 0x0000000000001000-0x0000000000ffffff]
[STDOUT  ] 2019-03-30T20:24:05.406928827Z: [    1.146055]   DMA32    [mem 0x0000000001000000-0x000000003ffdefff]
[STDOUT  ] 2019-03-30T20:24:05.409586769Z: [    1.146056]   Normal   empty
[STDOUT  ] 2019-03-30T20:24:05.412264351Z: [    1.146058]   Device   empty
[STDOUT  ] 2019-03-30T20:24:05.416161660Z: [    1.146059] Movable zone start for each node
[STDOUT  ] 2019-03-30T20:24:05.419393684Z: [    1.146060] Early memory node ranges
[STDOUT  ] 2019-03-30T20:24:05.425120074Z: [    1.146061]   node   0: [mem 0x0000000000001000-0x000000000009efff]
[STDOUT  ] 2019-03-30T20:24:05.430825710Z: [    1.146063]   node   0: [mem 0x0000000000100000-0x000000003ffdefff]
[STDOUT  ] 2019-03-30T20:24:05.434928777Z: [    1.146632] Reserved but unavailable: 98 pages
[STDOUT  ] 2019-03-30T20:24:05.441290594Z: [    1.146634] Initmem setup node 0 [mem 0x0000000000001000-0x000000003ffdefff]
[STDOUT  ] 2019-03-30T20:24:05.444951670Z: [    1.158238] ACPI: PM-Timer IO Port: 0x608
[STDOUT  ] 2019-03-30T20:24:05.450186525Z: [    1.158299] ACPI: LAPIC_NMI (acpi_id[0xff] dfl dfl lint[0x1])
[STDOUT  ] 2019-03-30T20:24:05.456368175Z: [    1.158560] IOAPIC[0]: apic_id 0, version 17, address 0xfec00000, GSI 0-23
[STDOUT  ] 2019-03-30T20:24:05.462121151Z: [    1.158564] ACPI: INT_SRC_OVR (bus 0 bus_irq 0 global_irq 2 dfl dfl)
[STDOUT  ] 2019-03-30T20:24:05.468093338Z: [    1.158566] ACPI: INT_SRC_OVR (bus 0 bus_irq 5 global_irq 5 high level)
[STDOUT  ] 2019-03-30T20:24:05.474040898Z: [    1.158568] ACPI: INT_SRC_OVR (bus 0 bus_irq 9 global_irq 9 high level)
[STDOUT  ] 2019-03-30T20:24:05.480150929Z: [    1.158569] ACPI: INT_SRC_OVR (bus 0 bus_irq 10 global_irq 10 high level)
[STDOUT  ] 2019-03-30T20:24:05.486292870Z: [    1.158571] ACPI: INT_SRC_OVR (bus 0 bus_irq 11 global_irq 11 high level)
[STDOUT  ] 2019-03-30T20:24:05.491706689Z: [    1.158578] Using ACPI (MADT) for SMP configuration information
[STDOUT  ] 2019-03-30T20:24:05.496364295Z: [    1.158580] ACPI: HPET id: 0x8086a201 base: 0xfed00000
[STDOUT  ] 2019-03-30T20:24:05.500886864Z: [    1.158617] smpboot: Allowing 1 CPUs, 0 hotplug CPUs
[STDOUT  ] 2019-03-30T20:24:05.506361451Z: [    1.158710] [mem 0x40000000-0xafffffff] available for PCI devices
[STDOUT  ] 2019-03-30T20:24:05.510707206Z: [    1.158712] Booting paravirtualized kernel on KVM
[STDOUT  ] 2019-03-30T20:24:05.520027723Z: [    1.158715] clocksource: refined-jiffies: mask: 0xffffffff max_cycles: 0xffffffff, max_idle_ns: 1910969940391419 ns
[STDOUT  ] 2019-03-30T20:24:05.527384272Z: [    1.266726] random: get_random_bytes called from start_kernel+0x91/0x517 with crng_init=0
[STDOUT  ] 2019-03-30T20:24:05.534358034Z: [    1.266744] setup_percpu: NR_CPUS:128 nr_cpumask_bits:128 nr_cpu_ids:1 nr_node_ids:1
[STDOUT  ] 2019-03-30T20:24:05.541677991Z: [    1.267547] percpu: Embedded 45 pages/cpu @(____ptrval____) s145112 r8192 d31016 u2097152
[STDOUT  ] 2019-03-30T20:24:05.545284728Z: [    1.267651] KVM setup async PF for cpu 0
[STDOUT  ] 2019-03-30T20:24:05.549308314Z: [    1.267702] kvm-stealtime: cpu 0, msr 3ce15e80
[STDOUT  ] 2019-03-30T20:24:05.555496095Z: [    1.267723] Built 1 zonelists, mobility grouping on.  Total pages: 257896
[STDOUT  ] 2019-03-30T20:24:05.563707479Z: [    1.267726] Kernel command line: BOOT_IMAGE=/kernel console=ttyS0 console=ttyAMA0 initrd=/initrd.img
[STDOUT  ] 2019-03-30T20:24:05.570089957Z: [    1.267948] Dentry cache hash table entries: 131072 (order: 8, 1048576 bytes)
[STDOUT  ] 2019-03-30T20:24:05.576311468Z: [    1.267974] Inode-cache hash table entries: 65536 (order: 7, 524288 bytes)
[STDOUT  ] 2019-03-30T20:24:05.588462394Z: [    1.271769] Memory: 970692K/1048052K available (12300K kernel code, 1579K rwdata, 3056K rodata, 1588K init, 2028K bss, 77360K reserved, 0K cma-reserved)
[STDOUT  ] 2019-03-30T20:24:05.593119872Z: [    1.272519] Kernel/User page tables isolation: enabled
[STDOUT  ] 2019-03-30T20:24:05.597969931Z: [    1.272607] ftrace: allocating 43041 entries in 169 pages
[STDOUT  ] 2019-03-30T20:24:05.602232758Z: [    1.291257] rcu: Hierarchical RCU implementation.
[STDOUT  ] 2019-03-30T20:24:05.608317600Z: [    1.291261] rcu: 	RCU restricting CPUs from NR_CPUS=128 to nr_cpu_ids=1.
[STDOUT  ] 2019-03-30T20:24:05.614330224Z: [    1.291262] rcu: Adjusting geometry for rcu_fanout_leaf=16, nr_cpu_ids=1
[STDOUT  ] 2019-03-30T20:24:05.619703926Z: [    1.294148] NR_IRQS: 8448, nr_irqs: 256, preallocated irqs: 16
[STDOUT  ] 2019-03-30T20:24:05.623156630Z: [    1.315392] Console: colour VGA+ 80x25
[STDOUT  ] 2019-03-30T20:24:05.626343819Z: [    1.756961] console [ttyS0] enabled
[STDOUT  ] 2019-03-30T20:24:05.629957591Z: [    1.760177] ACPI: Core revision 20180810
[STDOUT  ] 2019-03-30T20:24:05.638841699Z: [    1.764539] clocksource: hpet: mask: 0xffffffff max_cycles: 0xffffffff, max_idle_ns: 19112604467 ns
[STDOUT  ] 2019-03-30T20:24:05.643913040Z: [    1.773254] APIC: Switch to symmetric I/O mode setup
[STDOUT  ] 2019-03-30T20:24:05.648801058Z: [    1.780036] x2apic enabled
[STDOUT  ] 2019-03-30T20:24:05.656641124Z: [    1.784993] Switched APIC routing to physical x2apic.
[STDOUT  ] 2019-03-30T20:24:05.671983040Z: [    1.800272] ..TIMER: vector=0x30 apic1=0 pin1=2 apic2=-1 pin2=-1
[STDOUT  ] 2019-03-30T20:24:05.682425263Z: [    1.805984] clocksource: tsc-early: mask: 0xffffffffffffffff max_cycles: 0x2126d88f36e, max_idle_ns: 440795303662 ns
[STDOUT  ] 2019-03-30T20:24:05.690787899Z: [    1.816329] Calibrating delay loop (skipped) preset value.. 4599.80 BogoMIPS (lpj=2299902)
[STDOUT  ] 2019-03-30T20:24:05.695178609Z: [    1.817297] pid_max: default: 32768 minimum: 301
[STDOUT  ] 2019-03-30T20:24:05.699147872Z: [    1.819337] Security Framework initialized
[STDOUT  ] 2019-03-30T20:24:05.702441022Z: [    1.820294] Yama: becoming mindful.
[STDOUT  ] 2019-03-30T20:24:05.708613514Z: [    1.821352] Mount-cache hash table entries: 2048 (order: 2, 16384 bytes)
[STDOUT  ] 2019-03-30T20:24:05.715192749Z: [    1.822299] Mountpoint-cache hash table entries: 2048 (order: 2, 16384 bytes)
[STDOUT  ] 2019-03-30T20:24:05.729836824Z: [    1.826331] Last level iTLB entries: 4KB 0, 2MB 0, 4MB 0
[STDOUT  ] 2019-03-30T20:24:05.735781715Z: [    1.827294] Last level dTLB entries: 4KB 0, 2MB 0, 4MB 0, 1GB 0
[STDOUT  ] 2019-03-30T20:24:05.741181599Z: [    1.828296] Spectre V2 : Mitigation: Full generic retpoline
[STDOUT  ] 2019-03-30T20:24:05.748716318Z: [    1.829294] Spectre V2 : Spectre v2 / SpectreRSB mitigation: Filling RSB on context switch
[STDOUT  ] 2019-03-30T20:24:05.753025588Z: [    1.830297] Speculative Store Bypass: Vulnerable
[STDOUT  ] 2019-03-30T20:24:05.766226433Z: [    1.840907] Freeing SMP alternatives memory: 20K
[STDOUT  ] 2019-03-30T20:24:05.877289316Z: [    1.843288] smpboot: CPU0: Intel QEMU Virtual CPU version 2.5+ (family: 0x6, model: 0x6, stepping: 0x3)
[STDOUT  ] 2019-03-30T20:24:05.896396009Z: [    1.843504] Performance Events: PMU not available due to virtualization, using software events only.
[STDOUT  ] 2019-03-30T20:24:05.901403693Z: [    1.846441] rcu: Hierarchical SRCU implementation.
[STDOUT  ] 2019-03-30T20:24:05.907301882Z: [    1.847452] NMI watchdog: Perf NMI watchdog permanently disabled
[STDOUT  ] 2019-03-30T20:24:05.912406125Z: [    1.849382] smp: Bringing up secondary CPUs ...
[STDOUT  ] 2019-03-30T20:24:05.916467111Z: [    1.850295] smp: Brought up 1 node, 1 CPU
[STDOUT  ] 2019-03-30T20:24:05.920441823Z: [    1.851294] smpboot: Max logical packages: 1
[STDOUT  ] 2019-03-30T20:24:05.926452134Z: [    1.852295] smpboot: Total of 1 processors activated (4599.80 BogoMIPS)
[STDOUT  ] 2019-03-30T20:24:05.930394929Z: [    1.854521] devtmpfs: initialized
[STDOUT  ] 2019-03-30T20:24:05.934383535Z: [    1.855374] x86/mm: Memory block size: 128MB
[STDOUT  ] 2019-03-30T20:24:05.943798122Z: [    1.857604] clocksource: jiffies: mask: 0xffffffff max_cycles: 0xffffffff, max_idle_ns: 1911260446275000 ns
[STDOUT  ] 2019-03-30T20:24:05.949397134Z: [    1.858300] futex hash table entries: 256 (order: 2, 16384 bytes)
[STDOUT  ] 2019-03-30T20:24:05.953866220Z: [    1.860411] NET: Registered protocol family 16
[STDOUT  ] 2019-03-30T20:24:05.959702122Z: [    1.861596] audit: initializing netlink subsys (disabled)
[STDOUT  ] 2019-03-30T20:24:05.967413295Z: [    1.862383] audit: type=2000 audit(1553977445.222:1): state=initialized audit_enabled=0 res=1
[STDOUT  ] 2019-03-30T20:24:05.971347366Z: [    1.863434] cpuidle: using governor ladder
[STDOUT  ] 2019-03-30T20:24:05.974965622Z: [    1.864295] cpuidle: using governor menu
[STDOUT  ] 2019-03-30T20:24:05.978867535Z: [    1.865502] ACPI: bus type PCI registered
[STDOUT  ] 2019-03-30T20:24:05.988015727Z: [    1.866759] PCI: MMCONFIG for domain 0000 [bus 00-ff] at [mem 0xb0000000-0xbfffffff] (base 0xb0000000)
[STDOUT  ] 2019-03-30T20:24:05.994181478Z: [    1.867300] PCI: MMCONFIG at [mem 0xb0000000-0xbfffffff] reserved in E820
[STDOUT  ] 2019-03-30T20:24:05.999254263Z: [    1.868311] PCI: Using configuration type 1 for base access
[STDOUT  ] 2019-03-30T20:24:06.007800531Z: [    1.872012] HugeTLB registered 2.00 MiB page size, pre-allocated 0 pages
[STDOUT  ] 2019-03-30T20:24:06.011983332Z: [    1.872491] cryptd: max_cpu_qlen set to 1000
[STDOUT  ] 2019-03-30T20:24:06.016008403Z: [    1.873470] ACPI: Added _OSI(Module Device)
[STDOUT  ] 2019-03-30T20:24:06.020111990Z: [    1.874304] ACPI: Added _OSI(Processor Device)
[STDOUT  ] 2019-03-30T20:24:06.024464150Z: [    1.875294] ACPI: Added _OSI(3.0 _SCP Extensions)
[STDOUT  ] 2019-03-30T20:24:06.029743384Z: [    1.876293] ACPI: Added _OSI(Processor Aggregator Device)
[STDOUT  ] 2019-03-30T20:24:06.033836041Z: [    1.877316] ACPI: Added _OSI(Linux-Dell-Video)
[STDOUT  ] 2019-03-30T20:24:06.038727552Z: [    1.878294] ACPI: Added _OSI(Linux-Lenovo-NV-HDMI-Audio)
[STDOUT  ] 2019-03-30T20:24:06.045875176Z: [    1.880800] ACPI: 1 ACPI AML tables successfully acquired and loaded
[STDOUT  ] 2019-03-30T20:24:06.052136224Z: [    1.884359] ACPI: Interpreter enabled
[STDOUT  ] 2019-03-30T20:24:06.058306503Z: [    1.885302] ACPI: (supports S0 S5)
[STDOUT  ] 2019-03-30T20:24:06.063139816Z: [    1.886295] ACPI: Using IOAPIC for interrupt routing
[STDOUT  ] 2019-03-30T20:24:06.071548977Z: [    1.887363] PCI: Using host bridge windows from ACPI; if necessary, use "pci=nocrs" and report a bug
[STDOUT  ] 2019-03-30T20:24:06.076227768Z: [    1.889532] ACPI: Enabled 2 GPEs in block 00 to 3F
[STDOUT  ] 2019-03-30T20:24:06.085502662Z: [    1.894591] ACPI: PCI Root Bridge [PCI0] (domain 0000 [bus 00-ff])
[STDOUT  ] 2019-03-30T20:24:06.092979785Z: [    1.895303] acpi PNP0A08:00: _OSC: OS supports [ExtendedConfig ASPM ClockPM Segments MSI]
[STDOUT  ] 2019-03-30T20:24:06.099770810Z: [    1.896431] acpi PNP0A08:00: _OSC: platform does not support [SHPCHotplug LTR]
[STDOUT  ] 2019-03-30T20:24:06.106798789Z: [    1.897404] acpi PNP0A08:00: _OSC: OS now controls [PCIeHotplug PME PCIeCapability]
[STDOUT  ] 2019-03-30T20:24:06.110660875Z: [    1.898379] PCI host bridge to bus 0000:00
[STDOUT  ] 2019-03-30T20:24:06.117207967Z: [    1.899297] pci_bus 0000:00: root bus resource [io  0x0000-0x0cf7 window]
[STDOUT  ] 2019-03-30T20:24:06.123395601Z: [    1.900298] pci_bus 0000:00: root bus resource [io  0x0d00-0xffff window]
[STDOUT  ] 2019-03-30T20:24:06.130229326Z: [    1.901296] pci_bus 0000:00: root bus resource [mem 0x000a0000-0x000bffff window]
[STDOUT  ] 2019-03-30T20:24:06.137052799Z: [    1.902296] pci_bus 0000:00: root bus resource [mem 0xc0000000-0xfebfffff window]
[STDOUT  ] 2019-03-30T20:24:06.142053992Z: [    1.903297] pci_bus 0000:00: root bus resource [bus 00-ff]
[STDOUT  ] 2019-03-30T20:24:06.222214100Z: [    1.971676] pci 0000:00:1f.0: quirk: [io  0x0600-0x067f] claimed by ICH6 ACPI/GPIO/TCO
[STDOUT  ] 2019-03-30T20:24:06.254621337Z: [    2.000182] ACPI: PCI Interrupt Link [LNKA] (IRQs 5 *10 11)
[STDOUT  ] 2019-03-30T20:24:06.260328133Z: [    2.000607] ACPI: PCI Interrupt Link [LNKB] (IRQs 5 *10 11)
[STDOUT  ] 2019-03-30T20:24:06.265925456Z: [    2.002382] ACPI: PCI Interrupt Link [LNKC] (IRQs 5 10 *11)
[STDOUT  ] 2019-03-30T20:24:06.271365585Z: [    2.003589] ACPI: PCI Interrupt Link [LNKD] (IRQs 5 10 *11)
[STDOUT  ] 2019-03-30T20:24:06.276890815Z: [    2.005385] ACPI: PCI Interrupt Link [LNKE] (IRQs 5 *10 11)
[STDOUT  ] 2019-03-30T20:24:06.282338972Z: [    2.006611] ACPI: PCI Interrupt Link [LNKF] (IRQs 5 *10 11)
[STDOUT  ] 2019-03-30T20:24:06.287749691Z: [    2.008310] ACPI: PCI Interrupt Link [LNKG] (IRQs 5 10 *11)
[STDOUT  ] 2019-03-30T20:24:06.293239614Z: [    2.009583] ACPI: PCI Interrupt Link [LNKH] (IRQs 5 10 *11)
[STDOUT  ] 2019-03-30T20:24:06.298384288Z: [    2.010444] ACPI: PCI Interrupt Link [GSIA] (IRQs *16)
[STDOUT  ] 2019-03-30T20:24:06.303207594Z: [    2.011317] ACPI: PCI Interrupt Link [GSIB] (IRQs *17)
[STDOUT  ] 2019-03-30T20:24:06.308045833Z: [    2.012313] ACPI: PCI Interrupt Link [GSIC] (IRQs *18)
[STDOUT  ] 2019-03-30T20:24:06.312845117Z: [    2.013312] ACPI: PCI Interrupt Link [GSID] (IRQs *19)
[STDOUT  ] 2019-03-30T20:24:06.317552404Z: [    2.014312] ACPI: PCI Interrupt Link [GSIE] (IRQs *20)
[STDOUT  ] 2019-03-30T20:24:06.322338490Z: [    2.015312] ACPI: PCI Interrupt Link [GSIF] (IRQs *21)
[STDOUT  ] 2019-03-30T20:24:06.327133309Z: [    2.016312] ACPI: PCI Interrupt Link [GSIG] (IRQs *22)
[STDOUT  ] 2019-03-30T20:24:06.331922691Z: [    2.017312] ACPI: PCI Interrupt Link [GSIH] (IRQs *23)
[STDOUT  ] 2019-03-30T20:24:06.335837885Z: [    2.018735] SCSI subsystem initialized
[STDOUT  ] 2019-03-30T20:24:06.339654090Z: [    2.019404] ACPI: bus type USB registered
[STDOUT  ] 2019-03-30T20:24:06.344739446Z: [    2.020330] usbcore: registered new interface driver usbfs
[STDOUT  ] 2019-03-30T20:24:06.349613775Z: [    2.021317] usbcore: registered new interface driver hub
[STDOUT  ] 2019-03-30T20:24:06.354333082Z: [    2.022332] usbcore: registered new device driver usb
[STDOUT  ] 2019-03-30T20:24:06.358919164Z: [    2.023326] pps_core: LinuxPPS API ver. 1 registered
[STDOUT  ] 2019-03-30T20:24:06.367156499Z: [    2.024293] pps_core: Software ver. 5.3.6 - Copyright 2005-2007 Rodolfo Giometti <giometti@linux.it>
[STDOUT  ] 2019-03-30T20:24:06.370882091Z: [    2.025307] PTP clock support registered
[STDOUT  ] 2019-03-30T20:24:06.374913047Z: [    2.026401] PCI: Using ACPI for IRQ routing
[STDOUT  ] 2019-03-30T20:24:06.819319474Z: [    2.468827] NetLabel: Initializing
[STDOUT  ] 2019-03-30T20:24:06.823370016Z: [    2.469293] NetLabel:  domain hash size = 128
[STDOUT  ] 2019-03-30T20:24:06.828610580Z: [    2.470292] NetLabel:  protocols = UNLABELED CIPSOv4 CALIPSO
[STDOUT  ] 2019-03-30T20:24:06.833917174Z: [    2.471332] NetLabel:  unlabeled traffic allowed by default
[STDOUT  ] 2019-03-30T20:24:06.840620722Z: [    2.472541] HPET: 3 timers in total, 0 timers will be used for per-cpu timer
[STDOUT  ] 2019-03-30T20:24:06.845214408Z: [    2.473411] hpet0: at MMIO 0xfed00000, IRQs 2, 8, 0
[STDOUT  ] 2019-03-30T20:24:06.850634984Z: [    2.474294] hpet0: 3 comparators, 64-bit 100.000000 MHz counter
[STDOUT  ] 2019-03-30T20:24:06.860387944Z: [    2.479335] clocksource: Switched to clocksource kvm-clock
[STDOUT  ] 2019-03-30T20:24:06.885701851Z: [    2.505911] VFS: Disk quotas dquot_6.6.0
[STDOUT  ] 2019-03-30T20:24:06.892068748Z: [    2.509707] VFS: Dquot-cache hash table entries: 512 (order 0, 4096 bytes)
[STDOUT  ] 2019-03-30T20:24:06.894899949Z: [    2.516115] FS-Cache: Loaded
[STDOUT  ] 2019-03-30T20:24:06.897969536Z: [    2.518940] CacheFiles: Loaded
[STDOUT  ] 2019-03-30T20:24:06.901070054Z: [    2.521949] pnp: PnP ACPI init
[STDOUT  ] 2019-03-30T20:24:06.906197259Z: [    2.526233] pnp: PnP ACPI: found 5 devices
[STDOUT  ] 2019-03-30T20:24:06.920592899Z: [    2.536496] clocksource: acpi_pm: mask: 0xffffff max_cycles: 0xffffff, max_idle_ns: 2085701024 ns
[STDOUT  ] 2019-03-30T20:24:06.924743764Z: [    2.544640] NET: Registered protocol family 2
[STDOUT  ] 2019-03-30T20:24:06.932756326Z: [    2.549689] tcp_listen_portaddr_hash hash table entries: 512 (order: 1, 8192 bytes)
[STDOUT  ] 2019-03-30T20:24:06.939213910Z: [    2.556734] TCP established hash table entries: 8192 (order: 4, 65536 bytes)
[STDOUT  ] 2019-03-30T20:24:06.945220949Z: [    2.563173] TCP bind hash table entries: 8192 (order: 5, 131072 bytes)
[STDOUT  ] 2019-03-30T20:24:06.951050394Z: [    2.569180] TCP: Hash tables configured (established 8192 bind 8192)
[STDOUT  ] 2019-03-30T20:24:06.956498843Z: [    2.575042] UDP hash table entries: 512 (order: 2, 16384 bytes)
[STDOUT  ] 2019-03-30T20:24:06.962299982Z: [    2.580466] UDP-Lite hash table entries: 512 (order: 2, 16384 bytes)
[STDOUT  ] 2019-03-30T20:24:06.966542340Z: [    2.586417] NET: Registered protocol family 1
[STDOUT  ] 2019-03-30T20:24:06.970748675Z: [    2.590559] NET: Registered protocol family 44
[STDOUT  ] 2019-03-30T20:24:06.978573855Z: [    2.594927] pci 0000:00:01.0: Video device with shadowed ROM at [mem 0x000c0000-0x000dffff]
[STDOUT  ] 2019-03-30T20:24:06.983924726Z: [    2.602936] Trying to unpack rootfs image as initramfs...
[STDOUT  ] 2019-03-30T20:24:07.547024934Z: [    3.167147] Freeing initrd memory: 30468K
[STDOUT  ] 2019-03-30T20:24:07.556179257Z: [    3.171132] clocksource: tsc: mask: 0xffffffffffffffff max_cycles: 0x2126d88f36e, max_idle_ns: 440795303662 ns
[STDOUT  ] 2019-03-30T20:24:07.561682541Z: [    3.180810] PCLMULQDQ-NI instructions are not detected.
[STDOUT  ] 2019-03-30T20:24:07.566611445Z: [    3.185691] AVX or AES-NI instructions are not detected.
[STDOUT  ] 2019-03-30T20:24:07.571578126Z: [    3.190537] CPU feature 'AVX registers' is not supported.
[STDOUT  ] 2019-03-30T20:24:07.576473653Z: [    3.195514] CPU feature 'AVX registers' is not supported.
[STDOUT  ] 2019-03-30T20:24:07.581393674Z: [    3.200411] CPU feature 'AVX registers' is not supported.
[STDOUT  ] 2019-03-30T20:24:07.586276251Z: [    3.205329] CPU feature 'AVX registers' is not supported.
[STDOUT  ] 2019-03-30T20:24:07.591176586Z: [    3.210211] AVX2 or AES-NI instructions are not detected.
[STDOUT  ] 2019-03-30T20:24:07.595279313Z: [    3.215094] AVX2 instructions are not detected.
[STDOUT  ] 2019-03-30T20:24:07.601863676Z: [    3.219925] workingset: timestamp_bits=46 max_order=18 bucket_order=0
[STDOUT  ] 2019-03-30T20:24:07.607591012Z: [    3.226152] squashfs: version 4.0 (2009/01/31) Phillip Lougher
[STDOUT  ] 2019-03-30T20:24:07.612719688Z: [    3.231682] FS-Cache: Netfs 'cifs' registered for caching
[STDOUT  ] 2019-03-30T20:24:07.616395735Z: [    3.236714] fuse init (API version 7.27)
[STDOUT  ] 2019-03-30T20:24:07.622322878Z: [    3.240455] SGI XFS with ACLs, security attributes, no debug enabled
[STDOUT  ] 2019-03-30T20:24:07.628367485Z: [    3.247282] 9p: Installing v9fs 9p2000 file system support
[STDOUT  ] 2019-03-30T20:24:07.633240609Z: [    3.252399] FS-Cache: Netfs '9p' registered for caching
[STDOUT  ] 2019-03-30T20:24:07.637244647Z: [    3.257162] pstore: using deflate compression
[STDOUT  ] 2019-03-30T20:24:07.642822888Z: [    3.262634] NET: Registered protocol family 38
[STDOUT  ] 2019-03-30T20:24:07.646713272Z: [    3.266793] Key type asymmetric registered
[STDOUT  ] 2019-03-30T20:24:07.651296203Z: [    3.270751] Asymmetric key parser 'x509' registered
[STDOUT  ] 2019-03-30T20:24:07.658059706Z: [    3.275267] Block layer SCSI generic (bsg) driver version 0.4 loaded (major 247)
[STDOUT  ] 2019-03-30T20:24:07.661776712Z: [    3.282072] io scheduler noop registered
[STDOUT  ] 2019-03-30T20:24:07.666478010Z: [    3.285720] io scheduler deadline registered (default)
[STDOUT  ] 2019-03-30T20:24:07.670142405Z: [    3.290461] io scheduler cfq registered
[STDOUT  ] 2019-03-30T20:24:07.675076681Z: [    3.294050] io scheduler mq-deadline registered (default)
[STDOUT  ] 2019-03-30T20:24:07.678807551Z: [    3.299013] io scheduler kyber registered
[STDOUT  ] 2019-03-30T20:24:07.685019888Z: [    3.302890] shpchp: Standard Hot Plug PCI Controller Driver version: 0.4
[STDOUT  ] 2019-03-30T20:24:07.689386039Z: [    3.308960] hv_vmbus: registering driver hyperv_fb
[STDOUT  ] 2019-03-30T20:24:07.696213812Z: [    3.313458] input: Power Button as /devices/LNXSYSTM:00/LNXPWRBN:00/input/input0
[STDOUT  ] 2019-03-30T20:24:07.699674276Z: [    3.320175] ACPI: Power Button [PWRF]
[STDOUT  ] 2019-03-30T20:24:07.705250311Z: [    3.324388] PCI Interrupt Link [GSIG] enabled at IRQ 22
[STDOUT  ] 2019-03-30T20:24:07.715685764Z: [    3.334819] PCI Interrupt Link [GSIH] enabled at IRQ 23
[STDOUT  ] 2019-03-30T20:24:07.726932108Z: [    3.345119] Serial: 8250/16550 driver, 4 ports, IRQ sharing disabled
[STDOUT  ] 2019-03-30T20:24:07.767535594Z: [    3.384842] 00:04: ttyS0 at I/O 0x3f8 (irq = 4, base_baud = 115200) is a 16550A
[STDOUT  ] 2019-03-30T20:24:07.772447301Z: [    3.392476] Non-volatile memory driver v1.3
[STDOUT  ] 2019-03-30T20:24:07.782170471Z: [    3.398056] Hangcheck: starting hangcheck timer 0.9.1 (tick is 180 seconds, margin is 60 seconds).
[STDOUT  ] 2019-03-30T20:24:07.785740975Z: [    3.406461] random: fast init done
[STDOUT  ] 2019-03-30T20:24:07.789867523Z: [    3.410580] random: crng init done
[STDOUT  ] 2019-03-30T20:24:07.794088909Z: [    3.415134] brd: module loaded
[STDOUT  ] 2019-03-30T20:24:07.799763969Z: [    3.420620] loop: module loaded
[STDOUT  ] 2019-03-30T20:24:07.809446582Z: [    3.427697] lpc_ich 0000:00:1f.0: I/O space for GPIO uninitialized
[STDOUT  ] 2019-03-30T20:24:07.814096660Z: [    3.433487] VMware PVSCSI driver - version 1.0.7.0-k
[STDOUT  ] 2019-03-30T20:24:07.818593725Z: [    3.438036] hv_vmbus: registering driver hv_storvsc
[STDOUT  ] 2019-03-30T20:24:07.824022204Z: [    3.443138] PCI Interrupt Link [GSIA] enabled at IRQ 16
[STDOUT  ] 2019-03-30T20:24:07.834902312Z: [    3.451288] ahci 0000:00:1f.2: AHCI 0001.0000 32 slots 6 ports 1.5 Gbps 0x3f impl SATA mode
[STDOUT  ] 2019-03-30T20:24:07.839513465Z: [    3.458840] ahci 0000:00:1f.2: flags: 64bit ncq only 
[STDOUT  ] 2019-03-30T20:24:07.846036609Z: [    3.467209] scsi host0: ahci
[STDOUT  ] 2019-03-30T20:24:07.848924307Z: [    3.470095] scsi host1: ahci
[STDOUT  ] 2019-03-30T20:24:07.851746384Z: [    3.472952] scsi host2: ahci
[STDOUT  ] 2019-03-30T20:24:07.854568356Z: [    3.475794] scsi host3: ahci
[STDOUT  ] 2019-03-30T20:24:07.857411628Z: [    3.478581] scsi host4: ahci
[STDOUT  ] 2019-03-30T20:24:07.860325229Z: [    3.481470] scsi host5: ahci
[STDOUT  ] 2019-03-30T20:24:07.867187429Z: [    3.484360] ata1: SATA max UDMA/133 abar m4096@0xfebd2000 port 0xfebd2100 irq 24
[STDOUT  ] 2019-03-30T20:24:07.873856217Z: [    3.491144] ata2: SATA max UDMA/133 abar m4096@0xfebd2000 port 0xfebd2180 irq 24
[STDOUT  ] 2019-03-30T20:24:07.880600224Z: [    3.497838] ata3: SATA max UDMA/133 abar m4096@0xfebd2000 port 0xfebd2200 irq 24
[STDOUT  ] 2019-03-30T20:24:07.887388367Z: [    3.504589] ata4: SATA max UDMA/133 abar m4096@0xfebd2000 port 0xfebd2280 irq 24
[STDOUT  ] 2019-03-30T20:24:07.894172457Z: [    3.511388] ata5: SATA max UDMA/133 abar m4096@0xfebd2000 port 0xfebd2300 irq 24
[STDOUT  ] 2019-03-30T20:24:07.900920057Z: [    3.518151] ata6: SATA max UDMA/133 abar m4096@0xfebd2000 port 0xfebd2380 irq 24
[STDOUT  ] 2019-03-30T20:24:07.907791476Z: [    3.527013] tun: Universal TUN/TAP device driver, 1.6
[STDOUT  ] 2019-03-30T20:24:07.918796645Z: [    3.536723] VMware vmxnet3 virtual NIC driver - version 1.4.16.0-k-NAPI
[STDOUT  ] 2019-03-30T20:24:07.923188981Z: [    3.542766] hv_vmbus: registering driver hv_netvsc
[STDOUT  ] 2019-03-30T20:24:07.927046626Z: [    3.547098] Fusion MPT base driver 3.04.20
[STDOUT  ] 2019-03-30T20:24:07.931469744Z: [    3.550953] Copyright (c) 1999-2008 LSI Corporation
[STDOUT  ] 2019-03-30T20:24:07.935580448Z: [    3.555403] Fusion MPT SPI Host driver 3.04.20
[STDOUT  ] 2019-03-30T20:24:07.943529597Z: [    3.559602] i8042: PNP: PS/2 Controller [PNP0303:KBD,PNP0f13:MOU] at 0x60,0x64 irq 1,12
[STDOUT  ] 2019-03-30T20:24:07.951721788Z: [    3.571107] serio: i8042 KBD port at 0x60,0x64 irq 1
[STDOUT  ] 2019-03-30T20:24:07.956319530Z: [    3.575669] serio: i8042 AUX port at 0x60,0x64 irq 12
[STDOUT  ] 2019-03-30T20:24:07.961421662Z: [    3.580447] hv_vmbus: registering driver hyperv_keyboard
[STDOUT  ] 2019-03-30T20:24:07.966657613Z: [    3.585416] mousedev: PS/2 mouse device common for all mice
[STDOUT  ] 2019-03-30T20:24:07.975929337Z: [    3.591893] input: AT Translated Set 2 keyboard as /devices/platform/i8042/serio0/input/input1
[STDOUT  ] 2019-03-30T20:24:07.981681135Z: [    3.599715] input: PC Speaker as /devices/platform/pcspkr/input/input2
[STDOUT  ] 2019-03-30T20:24:07.986987321Z: [    3.606644] rtc_cmos 00:00: RTC can wake from S4
[STDOUT  ] 2019-03-30T20:24:07.993699857Z: [    3.613446] rtc_cmos 00:00: registered as rtc0
[STDOUT  ] 2019-03-30T20:24:08.000441447Z: [    3.617666] rtc_cmos 00:00: alarms up to one day, y3k, 114 bytes nvram, hpet irqs
[STDOUT  ] 2019-03-30T20:24:08.003709445Z: [    3.624388] i2c /dev entries driver
[STDOUT  ] 2019-03-30T20:24:08.011685105Z: [    3.628003] device-mapper: ioctl: 4.39.0-ioctl (2018-04-03) initialised: dm-devel@redhat.com
[STDOUT  ] 2019-03-30T20:24:08.017262544Z: [    3.636086] usbcore: registered new interface driver usbhid
[STDOUT  ] 2019-03-30T20:24:08.020821012Z: [    3.641199] usbhid: USB HID core driver
[STDOUT  ] 2019-03-30T20:24:08.025721744Z: [    3.644822] hv_utils: Registering HyperV Utility Driver
[STDOUT  ] 2019-03-30T20:24:08.029964368Z: [    3.649630] hv_vmbus: registering driver hv_util
[STDOUT  ] 2019-03-30T20:24:08.034440140Z: [    3.653869] hv_vmbus: registering driver hv_balloon
[STDOUT  ] 2019-03-30T20:24:08.038236535Z: [    3.658350] oprofile: using NMI interrupt.
[STDOUT  ] 2019-03-30T20:24:08.041244441Z: [    3.662187] GACT probability on
[STDOUT  ] 2019-03-30T20:24:08.044648741Z: [    3.665151] Mirror/redirect action on
[STDOUT  ] 2019-03-30T20:24:08.047881834Z: [    3.668561] Simple TC action Loaded
[STDOUT  ] 2019-03-30T20:24:08.050462394Z: [    3.671820] u32 classifier
[STDOUT  ] 2019-03-30T20:24:08.054016899Z: [    3.674388]     Performance counters on
[STDOUT  ] 2019-03-30T20:24:08.059786325Z: [    3.677943]     input device check on
[STDOUT  ] 2019-03-30T20:24:08.062980100Z: [    3.683722]     Actions configured
[STDOUT  ] 2019-03-30T20:24:08.067348822Z: [    3.687184] xt_time: kernel timezone is -0000
[STDOUT  ] 2019-03-30T20:24:08.072853511Z: [    3.691280] IPVS: Registered protocols (TCP, UDP, SCTP, AH, ESP)
[STDOUT  ] 2019-03-30T20:24:08.079492454Z: [    3.696808] IPVS: Connection hash table configured (size=4096, memory=64Kbytes)
[STDOUT  ] 2019-03-30T20:24:08.082522408Z: [    3.703561] IPVS: ipvs loaded.
[STDOUT  ] 2019-03-30T20:24:08.086502348Z: [    3.706441] IPVS: [rr] scheduler registered.
[STDOUT  ] 2019-03-30T20:24:08.090508368Z: [    3.710411] IPVS: [wrr] scheduler registered.
[STDOUT  ] 2019-03-30T20:24:08.094492131Z: [    3.714444] IPVS: [lc] scheduler registered.
[STDOUT  ] 2019-03-30T20:24:08.098588433Z: [    3.718417] IPVS: [wlc] scheduler registered.
[STDOUT  ] 2019-03-30T20:24:08.102527806Z: [    3.722497] IPVS: [fo] scheduler registered.
[STDOUT  ] 2019-03-30T20:24:08.106562892Z: [    3.726433] IPVS: [ovf] scheduler registered.
[STDOUT  ] 2019-03-30T20:24:08.110850132Z: [    3.730686] IPVS: [lblc] scheduler registered.
[STDOUT  ] 2019-03-30T20:24:08.115018555Z: [    3.734773] IPVS: [lblcr] scheduler registered.
[STDOUT  ] 2019-03-30T20:24:08.119385331Z: [    3.739290] IPVS: [dh] scheduler registered.
[STDOUT  ] 2019-03-30T20:24:08.123314270Z: [    3.743289] IPVS: [sh] scheduler registered.
[STDOUT  ] 2019-03-30T20:24:08.127480049Z: [    3.747502] IPVS: [mh] scheduler registered.
[STDOUT  ] 2019-03-30T20:24:08.131492781Z: [    3.751401] IPVS: [sed] scheduler registered.
[STDOUT  ] 2019-03-30T20:24:08.135670829Z: [    3.755668] IPVS: [nq] scheduler registered.
[STDOUT  ] 2019-03-30T20:24:08.140281165Z: [    3.759587] IPVS: ftp: loaded support on port[0] = 21
[STDOUT  ] 2019-03-30T20:24:08.145649810Z: [    3.764541] ipip: IPv4 and MPLS over IPv4 tunneling driver
[STDOUT  ] 2019-03-30T20:24:08.150521501Z: [    3.769947] gre: GRE over IPv4 demultiplexor driver
[STDOUT  ] 2019-03-30T20:24:08.156418091Z: [    3.774541] ipt_CLUSTERIP: ClusterIP Version 0.8 loaded successfully
[STDOUT  ] 2019-03-30T20:24:08.160837531Z: [    3.780622] NET: Registered protocol family 10
[STDOUT  ] 2019-03-30T20:24:08.164648099Z: [    3.785124] Segment Routing with IPv6
[STDOUT  ] 2019-03-30T20:24:08.169318160Z: [    3.789109] NET: Registered protocol family 17
[STDOUT  ] 2019-03-30T20:24:08.173063661Z: [    3.793271] Bridge firewalling registered
[STDOUT  ] 2019-03-30T20:24:08.177196804Z: [    3.797237] 8021q: 802.1Q VLAN Support v1.8
[STDOUT  ] 2019-03-30T20:24:08.181206274Z: [    3.801155] 9pnet: Installing 9P2000 support
[STDOUT  ] 2019-03-30T20:24:08.185547184Z: [    3.805448] Key type dns_resolver registered
[STDOUT  ] 2019-03-30T20:24:08.189621117Z: [    3.809751] registered taskstats version 1
[STDOUT  ] 2019-03-30T20:24:08.201375307Z: [    3.821646] Key type big_key registered
[STDOUT  ] 2019-03-30T20:24:08.208785850Z: [    3.829128] Key type trusted registered
[STDOUT  ] 2019-03-30T20:24:08.214347029Z: [    3.833353] ata2: SATA link down (SStatus 0 SControl 300)
[STDOUT  ] 2019-03-30T20:24:08.220806467Z: [    3.839134] ata1: SATA link up 1.5 Gbps (SStatus 113 SControl 300)
[STDOUT  ] 2019-03-30T20:24:08.226626110Z: [    3.845698] ata6: SATA link down (SStatus 0 SControl 300)
[STDOUT  ] 2019-03-30T20:24:08.232154452Z: [    3.851296] ata5: SATA link down (SStatus 0 SControl 300)
[STDOUT  ] 2019-03-30T20:24:08.237804209Z: [    3.856844] ata4: SATA link down (SStatus 0 SControl 300)
[STDOUT  ] 2019-03-30T20:24:08.244206080Z: [    3.862545] ata3: SATA link up 1.5 Gbps (SStatus 113 SControl 300)
[STDOUT  ] 2019-03-30T20:24:08.251979474Z: [    3.870649] ata1.00: ATA-7: QEMU HARDDISK, 2.5+, max UDMA/100
[STDOUT  ] 2019-03-30T20:24:08.257600117Z: [    3.875882] ata1.00: 409600 sectors, multi 16: LBA48 NCQ (depth 32)
[STDOUT  ] 2019-03-30T20:24:08.261406789Z: [    3.881514] ata1.00: applying bridge limits
[STDOUT  ] 2019-03-30T20:24:08.266893292Z: [    3.885649] ata3.00: ATAPI: QEMU DVD-ROM, 2.5+, max UDMA/100
[STDOUT  ] 2019-03-30T20:24:08.270758934Z: [    3.890817] ata3.00: applying bridge limits
[STDOUT  ] 2019-03-30T20:24:08.277220425Z: [    3.897179] ata3.00: configured for UDMA/100
[STDOUT  ] 2019-03-30T20:24:08.281338482Z: [    3.901525] Key type encrypted registered
[STDOUT  ] 2019-03-30T20:24:08.286627406Z: [    3.905270] ima: No TPM chip found, activating TPM-bypass!
[STDOUT  ] 2019-03-30T20:24:08.291299664Z: [    3.911250] ata1.00: configured for UDMA/100
[STDOUT  ] 2019-03-30T20:24:08.298939924Z: [    3.915465] scsi 0:0:0:0: Direct-Access     ATA      QEMU HARDDISK    2.5+ PQ: 0 ANSI: 5
[STDOUT  ] 2019-03-30T20:24:08.303309443Z: [    3.922885] ima: Allocated hash algorithm: sha256
[STDOUT  ] 2019-03-30T20:24:08.308069745Z: [    3.927269] evm: Initialising EVM extended attributes:
[STDOUT  ] 2019-03-30T20:24:08.310928460Z: [    3.931992] evm: security.ima
[STDOUT  ] 2019-03-30T20:24:08.314293754Z: [    3.934826] evm: security.capability
[STDOUT  ] 2019-03-30T20:24:08.317321829Z: [    3.938190] evm: HMAC attrs: 0x1
[STDOUT  ] 2019-03-30T20:24:08.324286080Z: [    3.941572] sd 0:0:0:0: [sda] 409600 512-byte logical blocks: (210 MB/200 MiB)
[STDOUT  ] 2019-03-30T20:24:08.329236853Z: [    3.948292] sd 0:0:0:0: Attached scsi generic sg0 type 0
[STDOUT  ] 2019-03-30T20:24:08.333673636Z: [    3.953180] sd 0:0:0:0: [sda] Write Protect is off
[STDOUT  ] 2019-03-30T20:24:08.341413242Z: [    3.958041] scsi 2:0:0:0: CD-ROM            QEMU     QEMU DVD-ROM     2.5+ PQ: 0 ANSI: 5
[STDOUT  ] 2019-03-30T20:24:08.349680211Z: [    3.965420] sd 0:0:0:0: [sda] Write cache: enabled, read cache: enabled, doesn't support DPO or FUA
[STDOUT  ] 2019-03-30T20:24:08.359102838Z: [    3.975775] rtc_cmos 00:00: setting system clock to 2019-03-30 20:24:07 UTC (1553977447)
[STDOUT  ] 2019-03-30T20:24:08.362076154Z: [    3.983700]  sda: sda1
[STDOUT  ] 2019-03-30T20:24:08.366512343Z: [    3.986199] sd 0:0:0:0: [sda] Attached SCSI disk
[STDOUT  ] 2019-03-30T20:24:08.373308562Z: [    3.990532] Unstable clock detected, switching default tracing clock to "global"
[STDOUT  ] 2019-03-30T20:24:08.378626113Z: [    3.990532] If you want to keep using the local clock, then add:
[STDOUT  ] 2019-03-30T20:24:08.381550068Z: [    3.990532]   "trace_clock=local"
[STDOUT  ] 2019-03-30T20:24:08.384786693Z: [    3.990532] on the kernel command line
[STDOUT  ] 2019-03-30T20:24:08.391750767Z: [    4.009567] sr 2:0:0:0: [sr0] scsi3-mmc drive: 4x/4x cd/rw xa/form2 tray
[STDOUT  ] 2019-03-30T20:24:08.396511451Z: [    4.015648] cdrom: Uniform CD-ROM driver Revision: 3.20
[STDOUT  ] 2019-03-30T20:24:08.401860879Z: [    4.020944] sr 2:0:0:0: Attached scsi generic sg1 type 5
[STDOUT  ] 2019-03-30T20:24:08.410919517Z: [    4.030161] Freeing unused kernel image memory: 1588K
[STDOUT  ] 2019-03-30T20:24:08.417838255Z: [    4.036383] Write protecting the kernel read-only data: 18432k
[STDOUT  ] 2019-03-30T20:24:08.423274787Z: [    4.042624] Freeing unused kernel image memory: 2028K
[STDOUT  ] 2019-03-30T20:24:08.428436264Z: [    4.047688] Freeing unused kernel image memory: 1040K
[STDOUT  ] 2019-03-30T20:24:08.431894606Z: [    4.052397] Run /init as init process
[STDOUT  ] 2019-03-30T20:24:08.731426970Z: 
[STDOUT  ] 2019-03-30T20:24:08.733105395Z: Welcome to LinuxKit
[STDOUT  ] 2019-03-30T20:24:08.733612578Z: 
[STDOUT  ] 2019-03-30T20:24:08.736105417Z:                         ##         .
[STDOUT  ] 2019-03-30T20:24:08.738461225Z:                   ## ## ##        ==
[STDOUT  ] 2019-03-30T20:24:08.740977033Z:                ## ## ## ## ##    ===
[STDOUT  ] 2019-03-30T20:24:08.743494669Z:            /"""""""""""""""""\___/ ===
[STDOUT  ] 2019-03-30T20:24:08.746201953Z:           {                       /  ===-
[STDOUT  ] 2019-03-30T20:24:08.748552220Z:            \______ O           __/
[STDOUT  ] 2019-03-30T20:24:08.750629927Z:              \    \         __/
[STDOUT  ] 2019-03-30T20:24:08.752584081Z:               \____\_______/
[STDOUT  ] 2019-03-30T20:24:08.753155691Z: 
[STDOUT  ] 2019-03-30T20:24:38.857703507Z: [   34.476114] sd 0:0:0:0: [sda] Synchronizing SCSI cache
[STDOUT  ] 2019-03-30T20:24:38.862151003Z: [   34.481394] sd 0:0:0:0: [sda] Stopping disk
[STDOUT  ] 2019-03-30T20:24:38.868496996Z: [   34.486647] ACPI: Preparing to enter system sleep state S5
[STDOUT  ] 2019-03-30T20:24:38.871665784Z: [   34.492018] reboot: Power down
[STDERR  ] 2019-03-30T20:24:38.889414616Z: + exit 0
[STDERR  ] 2019-03-30T20:24:38.889606845Z: + clean_up
[STDERR  ] 2019-03-30T20:24:38.889675213Z: + find . -depth -iname run* -not -iname *.yml -exec rm -rf {} ;
[STDERR  ] 2019-03-30T20:24:38.932308315Z: + find . -depth -iname mkimage* -not -iname *.yml -exec rm -rf {} ;
[STDERR  ] 2019-03-30T20:24:38.942478918Z: + find . -depth -iname disk.qcow2* -not -iname *.yml -exec rm -rf {} ;
[STDERR  ] 2019-03-30T20:24:38.951916698Z: + rm -f tarball.img
[PASS    ] linuxkit.packages.mkimage 106.04s
