[INFO    ] 2017-11-14T12:52:09.725960481Z: Running Test linuxkit.packages.extend.xfs in /tmp/build/test/cases/040_packages/005_extend/002_xfs
[INFO    ] 2017-11-14T12:52:09.72609291Z: Running command: [/bin/sh -x /tmp/build/test/cases/040_packages/005_extend/002_xfs/test.sh]
[STDERR  ] 2017-11-14T12:52:09.749407391Z: + set -ex
[STDERR  ] 2017-11-14T12:52:09.749491105Z: + . /tmp/build/test/cases/_lib/lib.sh
[STDERR  ] 2017-11-14T12:52:09.749503717Z: + [ -f src/github.com/linuxkit/rtf/lib/lib.sh ]
[STDERR  ] 2017-11-14T12:52:09.749529048Z: + LINUXKIT_TMPDIR=/tmp/build/test/cases/_tmp
[STDERR  ] 2017-11-14T12:52:09.749542207Z: + [ -f /tmp/build/test/cases/_tmp/env.sh ]
[STDERR  ] 2017-11-14T12:52:09.749556597Z: + . /tmp/build/test/cases/_tmp/env.sh
[STDERR  ] 2017-11-14T12:52:09.749571261Z: + export LINUXKIT_EXAMPLES_DIR=/tmp/build/test/cases/../../examples
[STDERR  ] 2017-11-14T12:52:09.749581675Z: + export LINUXKIT_BLUEPRINTS_DIR=/tmp/build/test/cases/../../blueprints
[STDERR  ] 2017-11-14T12:52:09.749592323Z: + RT_CANCEL=253
[STDERR  ] 2017-11-14T12:52:09.749603177Z: + NAME_CREATE=extend-xfs
[STDERR  ] 2017-11-14T12:52:09.749615068Z: + NAME_EXTEND=extend-xfs
[STDERR  ] 2017-11-14T12:52:09.749624386Z: + DISK=disk.img
[STDERR  ] 2017-11-14T12:52:09.749632708Z: + trap clean_up EXIT
[STDERR  ] 2017-11-14T12:52:09.749642505Z: + moby build -name extend-xfs -format kernel+initrd test-create.yml
[STDERR  ] 2017-11-14T12:52:09.761382853Z: Extract kernel image: linuxkit/kernel:4.9.61
[STDERR  ] 2017-11-14T12:52:11.458547015Z: Add init containers:
[STDERR  ] 2017-11-14T12:52:11.458633393Z: Process init image: linuxkit/init:42a92119e1ca10380e0d33e26c0cbcf85b9b3558
[STDERR  ] 2017-11-14T12:52:12.737546711Z: Process init image: linuxkit/runc:817fdc592eac6cb7804fa1721a43a7f6e23fb50f
[STDERR  ] 2017-11-14T12:52:13.912958299Z: Add onboot containers:
[STDERR  ] 2017-11-14T12:52:13.913005115Z:   Create OCI config for linuxkit/format:10e75e78e1f134d310c62e9a0352df1c67b0dd81
[STDERR  ] 2017-11-14T12:52:14.941127129Z: time="2017-11-14T12:52:14Z" level=warning msg="certificate with CN Rolf Neugebauer is near expiry" 
[STDERR  ] 2017-11-14T12:52:14.943186759Z: time="2017-11-14T12:52:14Z" level=warning msg="certificate with CN Rolf Neugebauer is near expiry" 
[STDERR  ] 2017-11-14T12:52:15.277212051Z:   Create OCI config for linuxkit/mount:41685ecc8039643948e5dff46e17584753469a7a
[STDERR  ] 2017-11-14T12:52:16.329316589Z: time="2017-11-14T12:52:16Z" level=warning msg="certificate with CN Rolf Neugebauer is near expiry" 
[STDERR  ] 2017-11-14T12:52:16.332154461Z: time="2017-11-14T12:52:16Z" level=warning msg="certificate with CN Rolf Neugebauer is near expiry" 
[STDERR  ] 2017-11-14T12:52:16.492318869Z:   Create OCI config for alpine:3.6
[STDERR  ] 2017-11-14T12:52:17.698261568Z:   Create OCI config for linuxkit/poweroff:280bd01daa8776fbe1f4d912977f1886b8374834
[STDERR  ] 2017-11-14T12:52:18.738238501Z: time="2017-11-14T12:52:18Z" level=warning msg="certificate with CN Rolf Neugebauer is near expiry" 
[STDERR  ] 2017-11-14T12:52:18.740061889Z: time="2017-11-14T12:52:18Z" level=warning msg="certificate with CN Rolf Neugebauer is near expiry" 
[STDERR  ] 2017-11-14T12:52:18.885277371Z: Create outputs:
[STDERR  ] 2017-11-14T12:52:24.524869796Z:   extend-xfs-kernel extend-xfs-initrd.img extend-xfs-cmdline
[STDERR  ] 2017-11-14T12:52:24.592254749Z: + linuxkit run -disk file=disk.img,format=raw,size=256M extend-xfs
[STDERR  ] 2017-11-14T12:52:24.611714744Z: Unable to find qemu-system-x86_64 within the $PATH. Using a container
[STDOUT  ] 2017-11-14T12:52:27.300734423Z: [    0.000000] Linux version 4.9.61-linuxkit (root@f63baf0520f0) (gcc version 6.3.0 (Alpine 6.3.0) ) #1 SMP Fri Nov 10 13:47:55 UTC 2017
[STDOUT  ] 2017-11-14T12:52:27.300963815Z: [    0.000000] Command line: console=ttyS0
[STDOUT  ] 2017-11-14T12:52:27.30098342Z: [    0.000000] x86/fpu: Legacy x87 FPU detected.
[STDOUT  ] 2017-11-14T12:52:27.301293154Z: [    0.000000] x86/fpu: Using 'eager' FPU context switches.
[STDOUT  ] 2017-11-14T12:52:27.301324431Z: [    0.000000] e820: BIOS-provided physical RAM map:
[STDOUT  ] 2017-11-14T12:52:27.301665637Z: [    0.000000] BIOS-e820: [mem 0x0000000000000000-0x000000000009fbff] usable
[STDOUT  ] 2017-11-14T12:52:27.301798674Z: [    0.000000] BIOS-e820: [mem 0x000000000009fc00-0x000000000009ffff] reserved
[STDOUT  ] 2017-11-14T12:52:27.302115467Z: [    0.000000] BIOS-e820: [mem 0x00000000000f0000-0x00000000000fffff] reserved
[STDOUT  ] 2017-11-14T12:52:27.302352045Z: [    0.000000] BIOS-e820: [mem 0x0000000000100000-0x000000003ffdefff] usable
[STDOUT  ] 2017-11-14T12:52:27.302593079Z: [    0.000000] BIOS-e820: [mem 0x000000003ffdf000-0x000000003fffffff] reserved
[STDOUT  ] 2017-11-14T12:52:27.302932049Z: [    0.000000] BIOS-e820: [mem 0x00000000b0000000-0x00000000bfffffff] reserved
[STDOUT  ] 2017-11-14T12:52:27.303033814Z: [    0.000000] BIOS-e820: [mem 0x00000000fed1c000-0x00000000fed1ffff] reserved
[STDOUT  ] 2017-11-14T12:52:27.303376419Z: [    0.000000] BIOS-e820: [mem 0x00000000fffc0000-0x00000000ffffffff] reserved
[STDOUT  ] 2017-11-14T12:52:27.303630962Z: [    0.000000] NX (Execute Disable) protection: active
[STDOUT  ] 2017-11-14T12:52:27.303741321Z: [    0.000000] SMBIOS 2.8 present.
[STDOUT  ] 2017-11-14T12:52:27.303959123Z: [    0.000000] e820: last_pfn = 0x3ffdf max_arch_pfn = 0x400000000
[STDOUT  ] 2017-11-14T12:52:27.304231241Z: [    0.000000] x86/PAT: Configuration [0-7]: WB  WC  UC- UC  WB  WC  UC- WT  
[STDOUT  ] 2017-11-14T12:52:27.304478132Z: [    0.000000] found SMP MP-table at [mem 0x000f6aa0-0x000f6aaf] mapped at [ffff8a85000f6aa0]
[STDOUT  ] 2017-11-14T12:52:27.304618587Z: [    0.000000] RAMDISK: [mem 0x3e03d000-0x3ffcffff]
[STDOUT  ] 2017-11-14T12:52:27.304900658Z: [    0.000000] ACPI: Early table checksum verification disabled
[STDOUT  ] 2017-11-14T12:52:27.305057363Z: [    0.000000] ACPI: RSDP 0x00000000000F68C0 000014 (v00 BOCHS )
[STDOUT  ] 2017-11-14T12:52:27.305312664Z: [    0.000000] ACPI: RSDT 0x000000003FFE2404 000034 (v01 BOCHS  BXPCRSDT 00000001 BXPC 00000001)
[STDOUT  ] 2017-11-14T12:52:27.305587776Z: [    0.000000] ACPI: FACP 0x000000003FFE22A4 000074 (v01 BOCHS  BXPCFACP 00000001 BXPC 00000001)
[STDOUT  ] 2017-11-14T12:52:27.305927192Z: [    0.000000] ACPI: DSDT 0x000000003FFE0040 002264 (v01 BOCHS  BXPCDSDT 00000001 BXPC 00000001)
[STDOUT  ] 2017-11-14T12:52:27.306025807Z: [    0.000000] ACPI: FACS 0x000000003FFE0000 000040
[STDOUT  ] 2017-11-14T12:52:27.30641Z: [    0.000000] ACPI: APIC 0x000000003FFE2318 000078 (v01 BOCHS  BXPCAPIC 00000001 BXPC 00000001)
[STDOUT  ] 2017-11-14T12:52:27.30662972Z: [    0.000000] ACPI: HPET 0x000000003FFE2390 000038 (v01 BOCHS  BXPCHPET 00000001 BXPC 00000001)
[STDOUT  ] 2017-11-14T12:52:27.307045199Z: [    0.000000] ACPI: MCFG 0x000000003FFE23C8 00003C (v01 BOCHS  BXPCMCFG 00000001 BXPC 00000001)
[STDOUT  ] 2017-11-14T12:52:27.307064769Z: [    0.000000] Zone ranges:
[STDOUT  ] 2017-11-14T12:52:27.307364022Z: [    0.000000]   DMA      [mem 0x0000000000001000-0x0000000000ffffff]
[STDOUT  ] 2017-11-14T12:52:27.3076491Z: [    0.000000]   DMA32    [mem 0x0000000001000000-0x000000003ffdefff]
[STDOUT  ] 2017-11-14T12:52:27.307668204Z: [    0.000000]   Normal   empty
[STDOUT  ] 2017-11-14T12:52:27.307871205Z: [    0.000000] Movable zone start for each node
[STDOUT  ] 2017-11-14T12:52:27.30809523Z: [    0.000000] Early memory node ranges
[STDOUT  ] 2017-11-14T12:52:27.308231787Z: [    0.000000]   node   0: [mem 0x0000000000001000-0x000000000009efff]
[STDOUT  ] 2017-11-14T12:52:27.308441086Z: [    0.000000]   node   0: [mem 0x0000000000100000-0x000000003ffdefff]
[STDOUT  ] 2017-11-14T12:52:27.308621543Z: [    0.000000] Initmem setup node 0 [mem 0x0000000000001000-0x000000003ffdefff]
[STDOUT  ] 2017-11-14T12:52:27.308759504Z: [    0.000000] ACPI: PM-Timer IO Port: 0x608
[STDOUT  ] 2017-11-14T12:52:27.309026391Z: [    0.000000] ACPI: LAPIC_NMI (acpi_id[0xff] dfl dfl lint[0x1])
[STDOUT  ] 2017-11-14T12:52:27.309305768Z: [    0.000000] IOAPIC[0]: apic_id 0, version 32, address 0xfec00000, GSI 0-23
[STDOUT  ] 2017-11-14T12:52:27.309763665Z: [    0.000000] ACPI: INT_SRC_OVR (bus 0 bus_irq 0 global_irq 2 dfl dfl)
[STDOUT  ] 2017-11-14T12:52:27.310422528Z: [    0.000000] ACPI: INT_SRC_OVR (bus 0 bus_irq 5 global_irq 5 high level)
[STDOUT  ] 2017-11-14T12:52:27.310878171Z: [    0.000000] ACPI: INT_SRC_OVR (bus 0 bus_irq 9 global_irq 9 high level)
[STDOUT  ] 2017-11-14T12:52:27.311359802Z: [    0.000000] ACPI: INT_SRC_OVR (bus 0 bus_irq 10 global_irq 10 high level)
[STDOUT  ] 2017-11-14T12:52:27.311930706Z: [    0.000000] ACPI: INT_SRC_OVR (bus 0 bus_irq 11 global_irq 11 high level)
[STDOUT  ] 2017-11-14T12:52:27.312264254Z: [    0.000000] Using ACPI (MADT) for SMP configuration information
[STDOUT  ] 2017-11-14T12:52:27.312682755Z: [    0.000000] ACPI: HPET id: 0x8086a201 base: 0xfed00000
[STDOUT  ] 2017-11-14T12:52:27.313148797Z: [    0.000000] smpboot: Allowing 1 CPUs, 0 hotplug CPUs
[STDOUT  ] 2017-11-14T12:52:27.313635736Z: [    0.000000] e820: [mem 0x40000000-0xafffffff] available for PCI devices
[STDOUT  ] 2017-11-14T12:52:27.314075946Z: [    0.000000] Booting paravirtualized kernel on bare hardware
[STDOUT  ] 2017-11-14T12:52:27.314994211Z: [    0.000000] clocksource: refined-jiffies: mask: 0xffffffff max_cycles: 0xffffffff, max_idle_ns: 19112604462750000 ns
[STDOUT  ] 2017-11-14T12:52:27.315581731Z: [    0.000000] setup_percpu: NR_CPUS:128 nr_cpumask_bits:128 nr_cpu_ids:1 nr_node_ids:1
[STDOUT  ] 2017-11-14T12:52:27.316217874Z: [    0.000000] percpu: Embedded 35 pages/cpu @ffff8a853de00000 s105112 r8192 d30056 u2097152
[STDOUT  ] 2017-11-14T12:52:27.31688558Z: [    0.000000] Built 1 zonelists in Zone order, mobility grouping on.  Total pages: 257896
[STDOUT  ] 2017-11-14T12:52:27.317255971Z: [    0.000000] Kernel command line: console=ttyS0
[STDOUT  ] 2017-11-14T12:52:27.317697153Z: [    0.000000] PID hash table entries: 4096 (order: 3, 32768 bytes)
[STDOUT  ] 2017-11-14T12:52:27.318349135Z: [    0.000000] Dentry cache hash table entries: 131072 (order: 8, 1048576 bytes)
[STDOUT  ] 2017-11-14T12:52:27.31885462Z: [    0.000000] Inode-cache hash table entries: 65536 (order: 7, 524288 bytes)
[STDOUT  ] 2017-11-14T12:52:27.319904958Z: [    0.000000] Memory: 981840K/1048052K available (8048K kernel code, 1367K rwdata, 2700K rodata, 1380K init, 568K bss, 66212K reserved, 0K cma-reserved)
[STDOUT  ] 2017-11-14T12:52:27.320277873Z: [    0.000000] Hierarchical RCU implementation.
[STDOUT  ] 2017-11-14T12:52:27.320807375Z: [    0.000000] 	Build-time adjustment of leaf fanout to 64.
[STDOUT  ] 2017-11-14T12:52:27.321267412Z: [    0.000000] 	RCU restricting CPUs from NR_CPUS=128 to nr_cpu_ids=1.
[STDOUT  ] 2017-11-14T12:52:27.321827221Z: [    0.000000] RCU: Adjusting geometry for rcu_fanout_leaf=64, nr_cpu_ids=1
[STDOUT  ] 2017-11-14T12:52:27.322052674Z: [    0.000000] NR_IRQS:8448 nr_irqs:256 16
[STDOUT  ] 2017-11-14T12:52:27.322376088Z: [    0.000000] Console: colour VGA+ 80x25
[STDOUT  ] 2017-11-14T12:52:27.323097079Z: [    0.000000] console [ttyS0] enabled
[STDOUT  ] 2017-11-14T12:52:27.326866072Z: [    0.000000] clocksource: hpet: mask: 0xffffffff max_cycles: 0xffffffff, max_idle_ns: 19112604467 ns
[STDOUT  ] 2017-11-14T12:52:27.365300229Z: [    0.000000] tsc: Fast TSC calibration using PIT
[STDOUT  ] 2017-11-14T12:52:27.36625305Z: [    0.000000] tsc: Detected 2600.016 MHz processor
[STDOUT  ] 2017-11-14T12:52:27.370007239Z: [    0.032562] Calibrating delay loop (skipped), value calculated using timer frequency.. 5200.03 BogoMIPS (lpj=26000160)
[STDOUT  ] 2017-11-14T12:52:27.37054799Z: [    0.033868] pid_max: default: 32768 minimum: 301
[STDOUT  ] 2017-11-14T12:52:27.371617061Z: [    0.034942] ACPI: Core revision 20160831
[STDOUT  ] 2017-11-14T12:52:27.41584035Z: [    0.077030] ACPI: 1 ACPI AML tables successfully acquired and loaded
[STDOUT  ] 2017-11-14T12:52:27.420958802Z: [    0.082395] Security Framework initialized
[STDOUT  ] 2017-11-14T12:52:27.421497873Z: [    0.082911] Yama: becoming mindful.
[STDOUT  ] 2017-11-14T12:52:27.423850293Z: [    0.085202] Mount-cache hash table entries: 2048 (order: 2, 16384 bytes)
[STDOUT  ] 2017-11-14T12:52:27.42461822Z: [    0.085812] Mountpoint-cache hash table entries: 2048 (order: 2, 16384 bytes)
[STDOUT  ] 2017-11-14T12:52:27.443533579Z: [    0.104875] Last level iTLB entries: 4KB 0, 2MB 0, 4MB 0
[STDOUT  ] 2017-11-14T12:52:27.444257959Z: [    0.105453] Last level dTLB entries: 4KB 0, 2MB 0, 4MB 0, 1GB 0
[STDOUT  ] 2017-11-14T12:52:27.753446331Z: [    0.414840] Freeing SMP alternatives memory: 20K
[STDOUT  ] 2017-11-14T12:52:27.764212828Z: [    0.425371] ftrace: allocating 35542 entries in 139 pages
[STDOUT  ] 2017-11-14T12:52:28.059965149Z: [    0.591035] smpboot: Max logical packages: 1
[STDOUT  ] 2017-11-14T12:52:28.067101439Z: [    0.598200] ..TIMER: vector=0x30 apic1=0 pin1=2 apic2=-1 pin2=-1
[STDOUT  ] 2017-11-14T12:52:28.290103075Z: [    0.710000] smpboot: CPU0: AMD QEMU Virtual CPU version 2.5+ (family: 0x6, model: 0x6, stepping: 0x3)
[STDOUT  ] 2017-11-14T12:52:28.291686112Z: [    0.710000] Performance Events: PMU not available due to virtualization, using software events only.
[STDOUT  ] 2017-11-14T12:52:28.310568596Z: [    0.720952] NMI watchdog: disabled (cpu0): hardware events not enabled
[STDOUT  ] 2017-11-14T12:52:28.311040125Z: [    0.721544] NMI watchdog: Shutting down hard lockup detector on all cpus
[STDOUT  ] 2017-11-14T12:52:28.314942374Z: [    0.725625] x86: Booted up 1 node, 1 CPUs
[STDOUT  ] 2017-11-14T12:52:28.315525703Z: [    0.726136] smpboot: Total of 1 processors activated (5200.03 BogoMIPS)
[STDOUT  ] 2017-11-14T12:52:28.33009333Z: [    0.740836] devtmpfs: initialized
[STDOUT  ] 2017-11-14T12:52:28.334761446Z: [    0.745542] x86/mm: Memory block size: 128MB
[STDOUT  ] 2017-11-14T12:52:28.395276201Z: [    0.805623] clocksource: jiffies: mask: 0xffffffff max_cycles: 0xffffffff, max_idle_ns: 19112604462750000 ns
[STDOUT  ] 2017-11-14T12:52:28.396137442Z: [    0.806648] futex hash table entries: 256 (order: 2, 16384 bytes)
[STDOUT  ] 2017-11-14T12:52:28.406593971Z: [    0.817354] NET: Registered protocol family 16
[STDOUT  ] 2017-11-14T12:52:28.416883234Z: [    0.827624] cpuidle: using governor ladder
[STDOUT  ] 2017-11-14T12:52:28.417538776Z: [    0.828097] cpuidle: using governor menu
[STDOUT  ] 2017-11-14T12:52:28.418619399Z: [    0.829483] ACPI: bus type PCI registered
[STDOUT  ] 2017-11-14T12:52:28.423722865Z: [    0.834098] PCI: MMCONFIG for domain 0000 [bus 00-ff] at [mem 0xb0000000-0xbfffffff] (base 0xb0000000)
[STDOUT  ] 2017-11-14T12:52:28.424484248Z: [    0.835049] PCI: MMCONFIG at [mem 0xb0000000-0xbfffffff] reserved in E820
[STDOUT  ] 2017-11-14T12:52:28.426021266Z: [    0.836575] PCI: Using configuration type 1 for base access
[STDOUT  ] 2017-11-14T12:52:28.48365989Z: [    0.894301] HugeTLB registered 2 MB page size, pre-allocated 0 pages
[STDOUT  ] 2017-11-14T12:52:28.496411834Z: [    0.907075] ACPI: Added _OSI(Module Device)
[STDOUT  ] 2017-11-14T12:52:28.49681717Z: [    0.907407] ACPI: Added _OSI(Processor Device)
[STDOUT  ] 2017-11-14T12:52:28.497204137Z: [    0.907816] ACPI: Added _OSI(3.0 _SCP Extensions)
[STDOUT  ] 2017-11-14T12:52:28.49749835Z: [    0.908173] ACPI: Added _OSI(Processor Aggregator Device)
[STDOUT  ] 2017-11-14T12:52:28.582146607Z: [    0.992684] ACPI: Interpreter enabled
[STDOUT  ] 2017-11-14T12:52:28.583064081Z: [    0.993697] ACPI: (supports S0 S5)
[STDOUT  ] 2017-11-14T12:52:28.583510358Z: [    0.994081] ACPI: Using IOAPIC for interrupt routing
[STDOUT  ] 2017-11-14T12:52:28.586699121Z: [    0.996975] PCI: Using host bridge windows from ACPI; if necessary, use "pci=nocrs" and report a bug
[STDOUT  ] 2017-11-14T12:52:28.658251163Z: [    1.068605] ACPI: PCI Root Bridge [PCI0] (domain 0000 [bus 00-ff])
[STDOUT  ] 2017-11-14T12:52:28.659731906Z: [    1.070214] acpi PNP0A08:00: _OSC: OS supports [ExtendedConfig ASPM ClockPM Segments MSI]
[STDOUT  ] 2017-11-14T12:52:28.667128217Z: [    1.077460] acpi PNP0A08:00: _OSC: OS now controls [PCIeHotplug PME PCIeCapability]
[STDOUT  ] 2017-11-14T12:52:28.67142192Z: [    1.082135] PCI host bridge to bus 0000:00
[STDOUT  ] 2017-11-14T12:52:28.672165239Z: [    1.082662] pci_bus 0000:00: root bus resource [io  0x0000-0x0cf7 window]
[STDOUT  ] 2017-11-14T12:52:28.672624927Z: [    1.083140] pci_bus 0000:00: root bus resource [io  0x0d00-0xffff window]
[STDOUT  ] 2017-11-14T12:52:28.673229519Z: [    1.083604] pci_bus 0000:00: root bus resource [mem 0x000a0000-0x000bffff window]
[STDOUT  ] 2017-11-14T12:52:28.673628008Z: [    1.084147] pci_bus 0000:00: root bus resource [mem 0xc0000000-0xfebfffff window]
[STDOUT  ] 2017-11-14T12:52:28.67442384Z: [    1.084903] pci_bus 0000:00: root bus resource [bus 00-ff]
[STDOUT  ] 2017-11-14T12:52:28.806582039Z: [    1.213794] pci 0000:00:1f.0: quirk: [io  0x0600-0x067f] claimed by ICH6 ACPI/GPIO/TCO
[STDOUT  ] 2017-11-14T12:52:28.874612823Z: [    1.284128] ACPI: PCI Interrupt Link [LNKA] (IRQs 5 *10 11)
[STDOUT  ] 2017-11-14T12:52:28.877288341Z: [    1.287114] ACPI: PCI Interrupt Link [LNKB] (IRQs 5 *10 11)
[STDOUT  ] 2017-11-14T12:52:28.880220326Z: [    1.290460] ACPI: PCI Interrupt Link [LNKC] (IRQs 5 10 *11)
[STDOUT  ] 2017-11-14T12:52:28.882774491Z: [    1.293095] ACPI: PCI Interrupt Link [LNKD] (IRQs 5 10 *11)
[STDOUT  ] 2017-11-14T12:52:28.884881817Z: [    1.295172] ACPI: PCI Interrupt Link [LNKE] (IRQs 5 *10 11)
[STDOUT  ] 2017-11-14T12:52:28.886799995Z: [    1.297135] ACPI: PCI Interrupt Link [LNKF] (IRQs 5 *10 11)
[STDOUT  ] 2017-11-14T12:52:28.888641237Z: [    1.299061] ACPI: PCI Interrupt Link [LNKG] (IRQs 5 10 *11)
[STDOUT  ] 2017-11-14T12:52:28.890831829Z: [    1.301302] ACPI: PCI Interrupt Link [LNKH] (IRQs 5 10 *11)
[STDOUT  ] 2017-11-14T12:52:28.891727743Z: [    1.302376] ACPI: PCI Interrupt Link [GSIA] (IRQs *16)
[STDOUT  ] 2017-11-14T12:52:28.89258595Z: [    1.303087] ACPI: PCI Interrupt Link [GSIB] (IRQs *17)
[STDOUT  ] 2017-11-14T12:52:28.893418737Z: [    1.303903] ACPI: PCI Interrupt Link [GSIC] (IRQs *18)
[STDOUT  ] 2017-11-14T12:52:28.894160753Z: [    1.304730] ACPI: PCI Interrupt Link [GSID] (IRQs *19)
[STDOUT  ] 2017-11-14T12:52:28.89500773Z: [    1.305564] ACPI: PCI Interrupt Link [GSIE] (IRQs *20)
[STDOUT  ] 2017-11-14T12:52:28.895814457Z: [    1.306355] ACPI: PCI Interrupt Link [GSIF] (IRQs *21)
[STDOUT  ] 2017-11-14T12:52:28.896543324Z: [    1.307097] ACPI: PCI Interrupt Link [GSIG] (IRQs *22)
[STDOUT  ] 2017-11-14T12:52:28.897344923Z: [    1.307842] ACPI: PCI Interrupt Link [GSIH] (IRQs *23)
[STDOUT  ] 2017-11-14T12:52:28.901390369Z: [    1.311939] ACPI: Enabled 2 GPEs in block 00 to 3F
[STDOUT  ] 2017-11-14T12:52:28.905948768Z: [    1.316550] SCSI subsystem initialized
[STDOUT  ] 2017-11-14T12:52:28.908040741Z: [    1.318654] ACPI: bus type USB registered
[STDOUT  ] 2017-11-14T12:52:28.909500729Z: [    1.320119] usbcore: registered new interface driver usbfs
[STDOUT  ] 2017-11-14T12:52:28.910530555Z: [    1.321159] usbcore: registered new interface driver hub
[STDOUT  ] 2017-11-14T12:52:28.911351271Z: [    1.322108] usbcore: registered new device driver usb
[STDOUT  ] 2017-11-14T12:52:28.912599891Z: [    1.323318] pps_core: LinuxPPS API ver. 1 registered
[STDOUT  ] 2017-11-14T12:52:28.913250981Z: [    1.323595] pps_core: Software ver. 5.3.6 - Copyright 2005-2007 Rodolfo Giometti <giometti@linux.it>
[STDOUT  ] 2017-11-14T12:52:28.913636854Z: [    1.324436] PTP clock support registered
[STDOUT  ] 2017-11-14T12:52:28.914908109Z: [    1.325690] wmi: Mapper loaded
[STDOUT  ] 2017-11-14T12:52:28.916538195Z: [    1.327087] PCI: Using ACPI for IRQ routing
[STDOUT  ] 2017-11-14T12:52:28.935526896Z: [    1.346177] NetLabel: Initializing
[STDOUT  ] 2017-11-14T12:52:28.93600826Z: [    1.346427] NetLabel:  domain hash size = 128
[STDOUT  ] 2017-11-14T12:52:28.936550158Z: [    1.346902] NetLabel:  protocols = UNLABELED CIPSOv4
[STDOUT  ] 2017-11-14T12:52:28.939698705Z: [    1.350208] NetLabel:  unlabeled traffic allowed by default
[STDOUT  ] 2017-11-14T12:52:28.941036884Z: [    1.351446] HPET: 3 timers in total, 0 timers will be used for per-cpu timer
[STDOUT  ] 2017-11-14T12:52:28.941925455Z: [    1.352344] hpet0: at MMIO 0xfed00000, IRQs 2, 8, 0
[STDOUT  ] 2017-11-14T12:52:28.942402902Z: [    1.352977] hpet0: 3 comparators, 64-bit 100.000000 MHz counter
[STDOUT  ] 2017-11-14T12:52:28.947873159Z: [    1.358345] clocksource: Switched to clocksource hpet
[STDOUT  ] 2017-11-14T12:52:29.243886996Z: [    1.646312] VFS: Disk quotas dquot_6.6.0
[STDOUT  ] 2017-11-14T12:52:29.2446112Z: [    1.647104] VFS: Dquot-cache hash table entries: 512 (order 0, 4096 bytes)
[STDOUT  ] 2017-11-14T12:52:29.249028166Z: [    1.651523] FS-Cache: Loaded
[STDOUT  ] 2017-11-14T12:52:29.254391276Z: [    1.656863] CacheFiles: Loaded
[STDOUT  ] 2017-11-14T12:52:29.256080375Z: [    1.658696] pnp: PnP ACPI init
[STDOUT  ] 2017-11-14T12:52:29.268390861Z: [    1.670857] pnp: PnP ACPI: found 5 devices
[STDOUT  ] 2017-11-14T12:52:29.319440235Z: [    1.721691] clocksource: acpi_pm: mask: 0xffffff max_cycles: 0xffffff, max_idle_ns: 2085701024 ns
[STDOUT  ] 2017-11-14T12:52:29.323803309Z: [    1.726190] NET: Registered protocol family 2
[STDOUT  ] 2017-11-14T12:52:29.333609054Z: [    1.735835] TCP established hash table entries: 8192 (order: 4, 65536 bytes)
[STDOUT  ] 2017-11-14T12:52:29.334441398Z: [    1.736799] TCP bind hash table entries: 8192 (order: 5, 131072 bytes)
[STDOUT  ] 2017-11-14T12:52:29.335163149Z: [    1.737582] TCP: Hash tables configured (established 8192 bind 8192)
[STDOUT  ] 2017-11-14T12:52:29.337332204Z: [    1.739542] UDP hash table entries: 512 (order: 2, 16384 bytes)
[STDOUT  ] 2017-11-14T12:52:29.338398023Z: [    1.740740] UDP-Lite hash table entries: 512 (order: 2, 16384 bytes)
[STDOUT  ] 2017-11-14T12:52:29.340868303Z: [    1.743417] NET: Registered protocol family 1
[STDOUT  ] 2017-11-14T12:52:29.342134466Z: [    1.744470] pci 0000:00:01.0: Video device with shadowed ROM at [mem 0x000c0000-0x000dffff]
[STDOUT  ] 2017-11-14T12:52:29.350847403Z: [    1.753268] Unpacking initramfs...
[STDOUT  ] 2017-11-14T12:52:34.830449762Z: [    7.232815] Freeing initrd memory: 32332K
[STDOUT  ] 2017-11-14T12:52:34.858164939Z: [    7.260642] PCLMULQDQ-NI instructions are not detected.
[STDOUT  ] 2017-11-14T12:52:34.859922773Z: [    7.262406] AVX or AES-NI instructions are not detected.
[STDOUT  ] 2017-11-14T12:52:34.860413221Z: [    7.262884] CPU feature 'AVX registers' is not supported.
[STDOUT  ] 2017-11-14T12:52:34.860989925Z: [    7.263352] CPU feature 'AVX registers' is not supported.
[STDOUT  ] 2017-11-14T12:52:34.861462341Z: [    7.263746] CPU feature 'AVX registers' is not supported.
[STDOUT  ] 2017-11-14T12:52:34.861890864Z: [    7.264222] CPU feature 'AVX registers' is not supported.
[STDOUT  ] 2017-11-14T12:52:34.862308556Z: [    7.264677] AVX2 or AES-NI instructions are not detected.
[STDOUT  ] 2017-11-14T12:52:34.862740789Z: [    7.265171] AVX2 instructions are not detected.
[STDOUT  ] 2017-11-14T12:52:34.870769472Z: [    7.273162] audit: initializing netlink subsys (disabled)
[STDOUT  ] 2017-11-14T12:52:34.872372594Z: [    7.274839] audit: type=2000 audit(1510663953.270:1): initialized
[STDOUT  ] 2017-11-14T12:52:34.881905425Z: [    7.284313] workingset: timestamp_bits=46 max_order=18 bucket_order=0
[STDOUT  ] 2017-11-14T12:52:34.886301186Z: [    7.288797] squashfs: version 4.0 (2009/01/31) Phillip Lougher
[STDOUT  ] 2017-11-14T12:52:34.889506003Z: [    7.292030] FS-Cache: Netfs 'cifs' registered for caching
[STDOUT  ] 2017-11-14T12:52:34.890509123Z: [    7.292974] fuse init (API version 7.26)
[STDOUT  ] 2017-11-14T12:52:34.892970482Z: [    7.295446] SGI XFS with ACLs, security attributes, no debug enabled
[STDOUT  ] 2017-11-14T12:52:34.900021515Z: [    7.302361] 9p: Installing v9fs 9p2000 file system support
[STDOUT  ] 2017-11-14T12:52:34.900462177Z: [    7.302885] FS-Cache: Netfs '9p' registered for caching
[STDOUT  ] 2017-11-14T12:52:34.934875494Z: [    7.337299] NET: Registered protocol family 38
[STDOUT  ] 2017-11-14T12:52:34.93524508Z: [    7.337898] Key type asymmetric registered
[STDOUT  ] 2017-11-14T12:52:34.9357605Z: [    7.338234] Asymmetric key parser 'x509' registered
[STDOUT  ] 2017-11-14T12:52:34.937087847Z: [    7.339302] Block layer SCSI generic (bsg) driver version 0.4 loaded (major 251)
[STDOUT  ] 2017-11-14T12:52:34.939861001Z: [    7.342440] io scheduler noop registered
[STDOUT  ] 2017-11-14T12:52:34.94035495Z: [    7.342816] io scheduler deadline registered (default)
[STDOUT  ] 2017-11-14T12:52:34.941517915Z: [    7.344038] io scheduler cfq registered
[STDOUT  ] 2017-11-14T12:52:34.945385659Z: [    7.347871] pci_hotplug: PCI Hot Plug PCI Core version: 0.5
[STDOUT  ] 2017-11-14T12:52:34.946229942Z: [    7.348571] pciehp: PCI Express Hot Plug Controller Driver version: 0.4
[STDOUT  ] 2017-11-14T12:52:34.947021144Z: [    7.349511] shpchp: Standard Hot Plug PCI Controller Driver version: 0.4
[STDOUT  ] 2017-11-14T12:52:34.949489485Z: [    7.351936] hv_vmbus: registering driver hyperv_fb
[STDOUT  ] 2017-11-14T12:52:34.953116622Z: [    7.355459] input: Power Button as /devices/LNXSYSTM:00/LNXPWRBN:00/input/input0
[STDOUT  ] 2017-11-14T12:52:34.953973068Z: [    7.356542] ACPI: Power Button [PWRF]
[STDOUT  ] 2017-11-14T12:52:34.959754602Z: [    7.362308] GHES: HEST is not enabled!
[STDOUT  ] 2017-11-14T12:52:34.971322033Z: [    7.373581] ACPI: PCI Interrupt Link [GSIG] enabled at IRQ 22
[STDOUT  ] 2017-11-14T12:52:34.985827606Z: [    7.388164] ACPI: PCI Interrupt Link [GSIH] enabled at IRQ 23
[STDOUT  ] 2017-11-14T12:52:34.992070627Z: [    7.394513] xenfs: not registering filesystem on non-xen platform
[STDOUT  ] 2017-11-14T12:52:34.994186096Z: [    7.396619] Serial: 8250/16550 driver, 4 ports, IRQ sharing disabled
[STDOUT  ] 2017-11-14T12:52:35.018778914Z: [    7.420848] 00:04: ttyS0 at I/O 0x3f8 (irq = 4, base_baud = 115200) is a 16550A
[STDOUT  ] 2017-11-14T12:52:35.030971895Z: [    7.433500] Non-volatile memory driver v1.3
[STDOUT  ] 2017-11-14T12:52:35.037739997Z: [    7.439734] Hangcheck: starting hangcheck timer 0.9.1 (tick is 180 seconds, margin is 60 seconds).
[STDOUT  ] 2017-11-14T12:52:35.042976158Z: [    7.445525] random: fast init done
[STDOUT  ] 2017-11-14T12:52:35.044390117Z: [    7.446962] random: crng init done
[STDOUT  ] 2017-11-14T12:52:35.079885891Z: [    7.482351] loop: module loaded
[STDOUT  ] 2017-11-14T12:52:35.096404386Z: [    7.498798] nbd: registered device at major 43
[STDOUT  ] 2017-11-14T12:52:35.141895843Z: [    7.544242] lpc_ich 0000:00:1f.0: I/O space for GPIO uninitialized
[STDOUT  ] 2017-11-14T12:52:35.144090024Z: [    7.546591] VMware PVSCSI driver - version 1.0.7.0-k
[STDOUT  ] 2017-11-14T12:52:35.145063453Z: [    7.547551] hv_vmbus: registering driver hv_storvsc
[STDOUT  ] 2017-11-14T12:52:35.155476761Z: [    7.557896] ACPI: PCI Interrupt Link [GSIA] enabled at IRQ 16
[STDOUT  ] 2017-11-14T12:52:35.162727643Z: [    7.565024] ahci 0000:00:1f.2: AHCI 0001.0000 32 slots 6 ports 1.5 Gbps 0x3f impl SATA mode
[STDOUT  ] 2017-11-14T12:52:35.163464029Z: [    7.565820] ahci 0000:00:1f.2: flags: 64bit ncq only 
[STDOUT  ] 2017-11-14T12:52:35.184578735Z: [    7.587066] scsi host0: ahci
[STDOUT  ] 2017-11-14T12:52:35.19001611Z: [    7.592580] scsi host1: ahci
[STDOUT  ] 2017-11-14T12:52:35.192390867Z: [    7.595033] scsi host2: ahci
[STDOUT  ] 2017-11-14T12:52:35.194956702Z: [    7.597492] scsi host3: ahci
[STDOUT  ] 2017-11-14T12:52:35.197432603Z: [    7.599921] scsi host4: ahci
[STDOUT  ] 2017-11-14T12:52:35.201436028Z: [    7.604017] scsi host5: ahci
[STDOUT  ] 2017-11-14T12:52:35.204019757Z: [    7.606297] ata1: SATA max UDMA/133 abar m4096@0xfebd2000 port 0xfebd2100 irq 24
[STDOUT  ] 2017-11-14T12:52:35.204492153Z: [    7.606855] ata2: SATA max UDMA/133 abar m4096@0xfebd2000 port 0xfebd2180 irq 24
[STDOUT  ] 2017-11-14T12:52:35.204974466Z: [    7.607402] ata3: SATA max UDMA/133 abar m4096@0xfebd2000 port 0xfebd2200 irq 24
[STDOUT  ] 2017-11-14T12:52:35.205543686Z: [    7.607889] ata4: SATA max UDMA/133 abar m4096@0xfebd2000 port 0xfebd2280 irq 24
[STDOUT  ] 2017-11-14T12:52:35.206005019Z: [    7.608336] ata5: SATA max UDMA/133 abar m4096@0xfebd2000 port 0xfebd2300 irq 24
[STDOUT  ] 2017-11-14T12:52:35.206446323Z: [    7.608828] ata6: SATA max UDMA/133 abar m4096@0xfebd2000 port 0xfebd2380 irq 24
[STDOUT  ] 2017-11-14T12:52:35.221650142Z: [    7.623913] tun: Universal TUN/TAP device driver, 1.6
[STDOUT  ] 2017-11-14T12:52:35.222265752Z: [    7.624497] tun: (C) 1999-2004 Max Krasnyansky <maxk@qualcomm.com>
[STDOUT  ] 2017-11-14T12:52:35.234206426Z: [    7.636436] VMware vmxnet3 virtual NIC driver - version 1.4.a.0-k-NAPI
[STDOUT  ] 2017-11-14T12:52:35.235026821Z: [    7.637487] hv_vmbus: registering driver hv_netvsc
[STDOUT  ] 2017-11-14T12:52:35.235442998Z: [    7.637915] Fusion MPT base driver 3.04.20
[STDOUT  ] 2017-11-14T12:52:35.235779619Z: [    7.638219] Copyright (c) 1999-2008 LSI Corporation
[STDOUT  ] 2017-11-14T12:52:35.236394164Z: [    7.638898] Fusion MPT SPI Host driver 3.04.20
[STDOUT  ] 2017-11-14T12:52:35.239096589Z: [    7.641420] i8042: PNP: PS/2 Controller [PNP0303:KBD,PNP0f13:MOU] at 0x60,0x64 irq 1,12
[STDOUT  ] 2017-11-14T12:52:35.243420485Z: [    7.645880] serio: i8042 KBD port at 0x60,0x64 irq 1
[STDOUT  ] 2017-11-14T12:52:35.244072513Z: [    7.646592] serio: i8042 AUX port at 0x60,0x64 irq 12
[STDOUT  ] 2017-11-14T12:52:35.247211423Z: [    7.649706] hv_vmbus: registering driver hyperv_keyboard
[STDOUT  ] 2017-11-14T12:52:35.251060184Z: [    7.653425] mousedev: PS/2 mouse device common for all mice
[STDOUT  ] 2017-11-14T12:52:35.256837057Z: [    7.658966] input: AT Translated Set 2 keyboard as /devices/platform/i8042/serio0/input/input1
[STDOUT  ] 2017-11-14T12:52:35.259427911Z: [    7.661776] input: PC Speaker as /devices/platform/pcspkr/input/input2
[STDOUT  ] 2017-11-14T12:52:35.26374858Z: [    7.666158] rtc_cmos 00:00: RTC can wake from S4
[STDOUT  ] 2017-11-14T12:52:35.26772374Z: [    7.669839] rtc_cmos 00:00: rtc core: registered rtc_cmos as rtc0
[STDOUT  ] 2017-11-14T12:52:35.269263022Z: [    7.671716] rtc_cmos 00:00: alarms up to one day, y3k, 114 bytes nvram, hpet irqs
[STDOUT  ] 2017-11-14T12:52:35.269772156Z: [    7.672456] i2c /dev entries driver
[STDOUT  ] 2017-11-14T12:52:35.2721702Z: [    7.674445] device-mapper: ioctl: 4.35.0-ioctl (2016-06-23) initialised: dm-devel@redhat.com
[STDOUT  ] 2017-11-14T12:52:35.276766131Z: [    7.679124] usbcore: registered new interface driver usbhid
[STDOUT  ] 2017-11-14T12:52:35.276947496Z: [    7.679568] usbhid: USB HID core driver
[STDOUT  ] 2017-11-14T12:52:35.278086024Z: [    7.680593] hv_utils: Registering HyperV Utility Driver
[STDOUT  ] 2017-11-14T12:52:35.27840276Z: [    7.680909] hv_vmbus: registering driver hv_util
[STDOUT  ] 2017-11-14T12:52:35.27873811Z: [    7.681244] hv_vmbus: registering driver hv_balloon
[STDOUT  ] 2017-11-14T12:52:35.279300151Z: [    7.681844] oprofile: using NMI interrupt.
[STDOUT  ] 2017-11-14T12:52:35.280260573Z: [    7.682921] GACT probability on
[STDOUT  ] 2017-11-14T12:52:35.2807539Z: [    7.683438] Mirror/redirect action on
[STDOUT  ] 2017-11-14T12:52:35.281643844Z: [    7.684316] Simple TC action Loaded
[STDOUT  ] 2017-11-14T12:52:35.282275624Z: [    7.684957] u32 classifier
[STDOUT  ] 2017-11-14T12:52:35.282592108Z: [    7.685178]     Performance counters on
[STDOUT  ] 2017-11-14T12:52:35.282898091Z: [    7.685464]     input device check on
[STDOUT  ] 2017-11-14T12:52:35.283219127Z: [    7.685723]     Actions configured
[STDOUT  ] 2017-11-14T12:52:35.283751584Z: [    7.686409] Netfilter messages via NETLINK v0.30.
[STDOUT  ] 2017-11-14T12:52:35.284721575Z: [    7.687216] nfnl_acct: registering with nfnetlink.
[STDOUT  ] 2017-11-14T12:52:35.286277745Z: [    7.688626] nf_conntrack version 0.5.0 (8192 buckets, 32768 max)
[STDOUT  ] 2017-11-14T12:52:35.289648281Z: [    7.692128] ctnetlink v0.93: registering with nfnetlink.
[STDOUT  ] 2017-11-14T12:52:35.292885228Z: [    7.695237] nf_tables: (c) 2007-2009 Patrick McHardy <kaber@trash.net>
[STDOUT  ] 2017-11-14T12:52:35.293724393Z: [    7.696166] nf_tables_compat: (c) 2012 Pablo Neira Ayuso <pablo@netfilter.org>
[STDOUT  ] 2017-11-14T12:52:35.295874249Z: [    7.698502] xt_time: kernel timezone is -0000
[STDOUT  ] 2017-11-14T12:52:35.296399088Z: [    7.699080] ip_set: protocol 6
[STDOUT  ] 2017-11-14T12:52:35.297356101Z: [    7.699756] IPVS: Registered protocols (TCP, UDP, SCTP, AH, ESP)
[STDOUT  ] 2017-11-14T12:52:35.29847781Z: [    7.700799] IPVS: Connection hash table configured (size=4096, memory=64Kbytes)
[STDOUT  ] 2017-11-14T12:52:35.300203076Z: [    7.702678] IPVS: Creating netns size=2104 id=0
[STDOUT  ] 2017-11-14T12:52:35.302795743Z: [    7.705386] IPVS: ipvs loaded.
[STDOUT  ] 2017-11-14T12:52:35.303326416Z: [    7.705799] IPVS: [rr] scheduler registered.
[STDOUT  ] 2017-11-14T12:52:35.303628949Z: [    7.706146] IPVS: [wrr] scheduler registered.
[STDOUT  ] 2017-11-14T12:52:35.303964518Z: [    7.706448] IPVS: [lc] scheduler registered.
[STDOUT  ] 2017-11-14T12:52:35.304275044Z: [    7.706774] IPVS: [wlc] scheduler registered.
[STDOUT  ] 2017-11-14T12:52:35.304583974Z: [    7.707066] IPVS: [fo] scheduler registered.
[STDOUT  ] 2017-11-14T12:52:35.304957327Z: [    7.707412] IPVS: [ovf] scheduler registered.
[STDOUT  ] 2017-11-14T12:52:35.305351716Z: [    7.707891] IPVS: [lblc] scheduler registered.
[STDOUT  ] 2017-11-14T12:52:35.305835367Z: [    7.708368] IPVS: [lblcr] scheduler registered.
[STDOUT  ] 2017-11-14T12:52:35.306305793Z: [    7.708746] IPVS: [dh] scheduler registered.
[STDOUT  ] 2017-11-14T12:52:35.306639607Z: [    7.709067] IPVS: [sh] scheduler registered.
[STDOUT  ] 2017-11-14T12:52:35.30680227Z: [    7.709420] IPVS: [sed] scheduler registered.
[STDOUT  ] 2017-11-14T12:52:35.307079479Z: [    7.709718] IPVS: [nq] scheduler registered.
[STDOUT  ] 2017-11-14T12:52:35.308433755Z: [    7.710915] IPVS: ftp: loaded support on port[0] = 21
[STDOUT  ] 2017-11-14T12:52:35.309351123Z: [    7.711846] ipip: IPv4 and MPLS over IPv4 tunneling driver
[STDOUT  ] 2017-11-14T12:52:35.31354145Z: [    7.716011] gre: GRE over IPv4 demultiplexor driver
[STDOUT  ] 2017-11-14T12:52:35.316291659Z: [    7.718782] ip_tables: (C) 2000-2006 Netfilter Core Team
[STDOUT  ] 2017-11-14T12:52:35.320151621Z: [    7.722549] ipt_CLUSTERIP: ClusterIP Version 0.8 loaded successfully
[STDOUT  ] 2017-11-14T12:52:35.320860002Z: [    7.723383] arp_tables: arp_tables: (C) 2002 David S. Miller
[STDOUT  ] 2017-11-14T12:52:35.323254881Z: [    7.725741] NET: Registered protocol family 10
[STDOUT  ] 2017-11-14T12:52:35.33308145Z: [    7.735629] ip6_tables: (C) 2000-2006 Netfilter Core Team
[STDOUT  ] 2017-11-14T12:52:35.341738749Z: [    7.744192] NET: Registered protocol family 17
[STDOUT  ] 2017-11-14T12:52:35.342866817Z: [    7.745348] Bridge firewalling registered
[STDOUT  ] 2017-11-14T12:52:35.34340747Z: [    7.745957] Ebtables v2.0 registered
[STDOUT  ] 2017-11-14T12:52:35.345412596Z: [    7.747913] 8021q: 802.1Q VLAN Support v1.8
[STDOUT  ] 2017-11-14T12:52:35.34674524Z: [    7.749412] 9pnet: Installing 9P2000 support
[STDOUT  ] 2017-11-14T12:52:35.348896876Z: [    7.751358] Key type dns_resolver registered
[STDOUT  ] 2017-11-14T12:52:35.349851342Z: [    7.752320] microcode: AMD CPU family 0x6 not supported
[STDOUT  ] 2017-11-14T12:52:35.353742764Z: [    7.756401] registered taskstats version 1
[STDOUT  ] 2017-11-14T12:52:35.529974753Z: [    7.932458] Key type big_key registered
[STDOUT  ] 2017-11-14T12:52:35.539405258Z: [    7.941703] ata3: SATA link up 1.5 Gbps (SStatus 113 SControl 300)
[STDOUT  ] 2017-11-14T12:52:35.54432282Z: [    7.946733] ata3.00: ATAPI: QEMU DVD-ROM, 2.5+, max UDMA/100
[STDOUT  ] 2017-11-14T12:52:35.544828639Z: [    7.947349] ata3.00: applying bridge limits
[STDOUT  ] 2017-11-14T12:52:35.546296605Z: [    7.948782] ata2: SATA link down (SStatus 0 SControl 300)
[STDOUT  ] 2017-11-14T12:52:35.548088342Z: [    7.950551] ata1: SATA link up 1.5 Gbps (SStatus 113 SControl 300)
[STDOUT  ] 2017-11-14T12:52:35.549061149Z: [    7.951547] ata1.00: ATA-7: QEMU HARDDISK, 2.5+, max UDMA/100
[STDOUT  ] 2017-11-14T12:52:35.549585658Z: [    7.951928] ata1.00: 524288 sectors, multi 16: LBA48 NCQ (depth 31/32)
[STDOUT  ] 2017-11-14T12:52:35.549996128Z: [    7.952514] ata1.00: applying bridge limits
[STDOUT  ] 2017-11-14T12:52:35.551237503Z: [    7.953683] ata1.00: configured for UDMA/100
[STDOUT  ] 2017-11-14T12:52:35.553432888Z: [    7.955920] ata4: SATA link down (SStatus 0 SControl 300)
[STDOUT  ] 2017-11-14T12:52:35.554042451Z: [    7.956541] ata5: SATA link down (SStatus 0 SControl 300)
[STDOUT  ] 2017-11-14T12:52:35.554836914Z: [    7.957436] ata6: SATA link down (SStatus 0 SControl 300)
[STDOUT  ] 2017-11-14T12:52:35.563614683Z: [    7.966034] ata3.00: configured for UDMA/100
[STDOUT  ] 2017-11-14T12:52:35.569742373Z: [    7.972070] scsi 0:0:0:0: Direct-Access     ATA      QEMU HARDDISK    2.5+ PQ: 0 ANSI: 5
[STDOUT  ] 2017-11-14T12:52:35.58674635Z: [    7.988973] sd 0:0:0:0: [sda] 524288 512-byte logical blocks: (268 MB/256 MiB)
[STDOUT  ] 2017-11-14T12:52:35.588637147Z: [    7.990965] sd 0:0:0:0: Attached scsi generic sg0 type 0
[STDOUT  ] 2017-11-14T12:52:35.602594775Z: [    8.004981] sd 0:0:0:0: [sda] Write Protect is off
[STDOUT  ] 2017-11-14T12:52:35.60655841Z: [    8.008804] scsi 2:0:0:0: CD-ROM            QEMU     QEMU DVD-ROM     2.5+ PQ: 0 ANSI: 5
[STDOUT  ] 2017-11-14T12:52:35.608858662Z: [    8.011174] sd 0:0:0:0: [sda] Write cache: enabled, read cache: enabled, doesn't support DPO or FUA
[STDOUT  ] 2017-11-14T12:52:35.630643517Z: [    8.032943] sr 2:0:0:0: [sr0] scsi3-mmc drive: 4x/4x cd/rw xa/form2 tray
[STDOUT  ] 2017-11-14T12:52:35.631211856Z: [    8.033712] cdrom: Uniform CD-ROM driver Revision: 3.20
[STDOUT  ] 2017-11-14T12:52:35.661046137Z: [    8.063412] sr 2:0:0:0: Attached scsi generic sg1 type 5
[STDOUT  ] 2017-11-14T12:52:35.683134534Z: [    8.085560] sd 0:0:0:0: [sda] Attached SCSI disk
[STDOUT  ] 2017-11-14T12:52:35.756498285Z: [    8.158918] Key type encrypted registered
[STDOUT  ] 2017-11-14T12:52:35.7630113Z: [    8.165318] rtc_cmos 00:00: setting system clock to 2017-11-14 12:52:34 UTC (1510663954)
[STDOUT  ] 2017-11-14T12:52:35.914706258Z: [    8.316892] Freeing unused kernel memory: 1380K
[STDOUT  ] 2017-11-14T12:52:35.915034753Z: [    8.317502] Write protecting the kernel read-only data: 12288k
[STDOUT  ] 2017-11-14T12:52:35.918322552Z: [    8.320104] tsc: Refined TSC clocksource calibration: 2600.005 MHz
[STDOUT  ] 2017-11-14T12:52:35.919030368Z: [    8.321170] clocksource: tsc: mask: 0xffffffffffffffff max_cycles: 0x257a40ff313, max_idle_ns: 440795330741 ns
[STDOUT  ] 2017-11-14T12:52:35.923387432Z: [    8.325843] Freeing unused kernel memory: 128K
[STDOUT  ] 2017-11-14T12:52:36.031011377Z: [    8.433488] Freeing unused kernel memory: 1396K
[STDOUT  ] 2017-11-14T12:52:36.930168157Z: [    9.332627] clocksource: Switched to clocksource tsc
[STDOUT  ] 2017-11-14T12:52:58.765670432Z: 
[STDOUT  ] 2017-11-14T12:52:58.766489661Z: Welcome to LinuxKit
[STDOUT  ] 2017-11-14T12:52:58.766528502Z: 
[STDOUT  ] 2017-11-14T12:52:58.767011608Z:                         ##         .
[STDOUT  ] 2017-11-14T12:52:58.767313152Z:                   ## ## ##        ==
[STDOUT  ] 2017-11-14T12:52:58.768714909Z:                ## ## ## ## ##    ===
[STDOUT  ] 2017-11-14T12:52:58.769200896Z:            /"""""""""""""""""\___/ ===
[STDOUT  ] 2017-11-14T12:52:58.769711563Z:           {                       /  ===-
[STDOUT  ] 2017-11-14T12:52:58.77032934Z:            \______ O           __/
[STDOUT  ] 2017-11-14T12:52:58.770643172Z:              \    \         __/
[STDOUT  ] 2017-11-14T12:52:58.770987395Z:               \____\_______/
[STDOUT  ] 2017-11-14T12:52:58.771005313Z: 
[STDOUT  ] 2017-11-14T12:52:59.610820708Z: [   32.013239] IPVS: Creating netns size=2104 id=1
[STDOUT  ] 2017-11-14T12:52:59.611361028Z: [   32.013788] IPVS: ftp: loaded support on port[0] = 21
[STDOUT  ] 2017-11-14T12:53:00.868753034Z: 2017/11/14 12:52:59 Creating partition on /dev/sda
[STDOUT  ] 2017-11-14T12:53:00.989095857Z: [   33.391695]  sda:
[STDOUT  ] 2017-11-14T12:53:01.067946472Z: [   33.470530]  sda:
[STDOUT  ] 2017-11-14T12:53:01.09968073Z: [   33.502113]  sda: sda1
[STDOUT  ] 2017-11-14T12:53:01.178516202Z: [   33.580910]  sda: sda1
[STDOUT  ] 2017-11-14T12:53:02.850485473Z: [   35.252956] mkfs.xfs: sending ioctl 1261 to a partition!
[STDOUT  ] 2017-11-14T12:53:02.859326742Z: 2017/11/14 12:53:01 Partition /dev/sda1 successfully created!
[STDOUT  ] 2017-11-14T12:53:03.736143445Z: [   36.138593] IPVS: Creating netns size=2104 id=2
[STDOUT  ] 2017-11-14T12:53:03.736356442Z: [   36.138918] IPVS: ftp: loaded support on port[0] = 21
[STDOUT  ] 2017-11-14T12:53:05.284303539Z: [   37.686563] FAT-fs (sda1): utf8 is not a recommended IO charset for FAT filesystems, filesystem will be case sensitive!
[STDOUT  ] 2017-11-14T12:53:05.290431283Z: [   37.692912] FAT-fs (sda1): utf8 is not a recommended IO charset for FAT filesystems, filesystem will be case sensitive!
[STDOUT  ] 2017-11-14T12:53:05.296736472Z: [   37.699100] mount: sending ioctl 5310 to a partition!
[STDOUT  ] 2017-11-14T12:53:05.342157419Z: [   37.744587] mount: sending ioctl 5310 to a partition!
[STDOUT  ] 2017-11-14T12:53:05.343784957Z: [   37.746418] UDF-fs: warning (device sda1): udf_fill_super: No partition found (2)
[STDOUT  ] 2017-11-14T12:53:05.368911358Z: [   37.771221] XFS (sda1): Mounting V5 Filesystem
[STDOUT  ] 2017-11-14T12:53:05.402950584Z: [   37.805305] XFS (sda1): Ending clean mount
[STDERR  ] 2017-11-14T12:53:05.408914295Z: main-loop: WARNING: I/O thread spun for 1000 iterations
[STDOUT  ] 2017-11-14T12:53:20.174776093Z: [   52.577089] sd 0:0:0:0: [sda] Synchronizing SCSI cache
[STDOUT  ] 2017-11-14T12:53:20.17604713Z: [   52.578365] sd 0:0:0:0: [sda] Stopping disk
[STDOUT  ] 2017-11-14T12:53:20.180227628Z: [   52.582543] ACPI: Preparing to enter system sleep state S5
[STDOUT  ] 2017-11-14T12:53:20.181173623Z: [   52.583826] reboot: Power down
[STDERR  ] 2017-11-14T12:53:20.49000525Z: + [ -f disk.img ]
[STDERR  ] 2017-11-14T12:53:20.490059127Z: + dd if=/dev/zero bs=1048576 count=256
[STDERR  ] 2017-11-14T12:53:20.692409595Z: 256+0 records in
[STDERR  ] 2017-11-14T12:53:20.692458355Z: 256+0 records out
[STDERR  ] 2017-11-14T12:53:20.692467178Z: 268435456 bytes (268 MB) copied, 0.200496 s, 1.3 GB/s
[STDERR  ] 2017-11-14T12:53:20.692659886Z: + moby build -format kernel+initrd -name extend-xfs test.yml
[STDERR  ] 2017-11-14T12:53:20.728820006Z: Extract kernel image: linuxkit/kernel:4.9.61
[STDERR  ] 2017-11-14T12:53:22.456791448Z: Add init containers:
[STDERR  ] 2017-11-14T12:53:22.456856601Z: Process init image: linuxkit/init:42a92119e1ca10380e0d33e26c0cbcf85b9b3558
[STDERR  ] 2017-11-14T12:53:23.740361555Z: Process init image: linuxkit/runc:817fdc592eac6cb7804fa1721a43a7f6e23fb50f
[STDERR  ] 2017-11-14T12:53:25.119876077Z: Add onboot containers:
[STDERR  ] 2017-11-14T12:53:25.119928331Z:   Create OCI config for linuxkit/extend:8b6db5bf68330cc4e91c74532732a7e227ae12fd
[STDERR  ] 2017-11-14T12:53:26.157976376Z: time="2017-11-14T12:53:26Z" level=warning msg="certificate with CN Rolf Neugebauer is near expiry" 
[STDERR  ] 2017-11-14T12:53:26.158149674Z: time="2017-11-14T12:53:26Z" level=warning msg="certificate with CN Moby CI is near expiry" 
[STDERR  ] 2017-11-14T12:53:26.161153295Z: time="2017-11-14T12:53:26Z" level=warning msg="certificate with CN Rolf Neugebauer is near expiry" 
[STDERR  ] 2017-11-14T12:53:26.499039967Z:   Create OCI config for linuxkit/mount:41685ecc8039643948e5dff46e17584753469a7a
[STDERR  ] 2017-11-14T12:53:27.535958222Z: time="2017-11-14T12:53:27Z" level=warning msg="certificate with CN Rolf Neugebauer is near expiry" 
[STDERR  ] 2017-11-14T12:53:27.539650353Z: time="2017-11-14T12:53:27Z" level=warning msg="certificate with CN Rolf Neugebauer is near expiry" 
[STDERR  ] 2017-11-14T12:53:27.69085731Z:   Create OCI config for alpine:3.6
[STDERR  ] 2017-11-14T12:53:28.936262912Z:   Create OCI config for linuxkit/poweroff:280bd01daa8776fbe1f4d912977f1886b8374834
[STDERR  ] 2017-11-14T12:53:29.969107969Z: time="2017-11-14T12:53:29Z" level=warning msg="certificate with CN Rolf Neugebauer is near expiry" 
[STDERR  ] 2017-11-14T12:53:29.971309265Z: time="2017-11-14T12:53:29Z" level=warning msg="certificate with CN Rolf Neugebauer is near expiry" 
[STDERR  ] 2017-11-14T12:53:30.125495763Z: Add files:
[STDERR  ] 2017-11-14T12:53:30.125542206Z:   check.sh
[STDERR  ] 2017-11-14T12:53:30.141814451Z: Create outputs:
[STDERR  ] 2017-11-14T12:53:35.805361652Z:   extend-xfs-kernel extend-xfs-initrd.img extend-xfs-cmdline
[STDERR  ] 2017-11-14T12:53:36.314008003Z: + linuxkit run -disk file=disk.img extend-xfs
[STDERR  ] 2017-11-14T12:53:36.333691379Z: Unable to find qemu-system-x86_64 within the $PATH. Using a container
[STDERR  ] 2017-11-14T12:53:36.333751559Z: Using existing disk [disk.img] format 
[STDERR  ] 2017-11-14T12:53:37.584476462Z: WARNING: Image format was not specified for 'disk.img' and probing guessed raw.
[STDERR  ] 2017-11-14T12:53:37.584538703Z:          Automatically detecting the format is dangerous for raw images, write operations on block 0 will be restricted.
[STDERR  ] 2017-11-14T12:53:37.584554055Z:          Specify the 'raw' format explicitly to remove the restrictions.
[STDOUT  ] 2017-11-14T12:54:27.245582216Z: [    0.000000] Linux version 4.9.61-linuxkit (root@f63baf0520f0) (gcc version 6.3.0 (Alpine 6.3.0) ) #1 SMP Fri Nov 10 13:47:55 UTC 2017
[STDOUT  ] 2017-11-14T12:54:27.245662407Z: [    0.000000] Command line: console=ttyS0
[STDOUT  ] 2017-11-14T12:54:27.245691664Z: [    0.000000] x86/fpu: Legacy x87 FPU detected.
[STDOUT  ] 2017-11-14T12:54:27.245705334Z: [    0.000000] x86/fpu: Using 'eager' FPU context switches.
[STDOUT  ] 2017-11-14T12:54:27.245727342Z: [    0.000000] e820: BIOS-provided physical RAM map:
[STDOUT  ] 2017-11-14T12:54:27.245745066Z: [    0.000000] BIOS-e820: [mem 0x0000000000000000-0x000000000009fbff] usable
[STDOUT  ] 2017-11-14T12:54:27.245759292Z: [    0.000000] BIOS-e820: [mem 0x000000000009fc00-0x000000000009ffff] reserved
[STDOUT  ] 2017-11-14T12:54:27.245784792Z: [    0.000000] BIOS-e820: [mem 0x00000000000f0000-0x00000000000fffff] reserved
[STDOUT  ] 2017-11-14T12:54:27.245801849Z: [    0.000000] BIOS-e820: [mem 0x0000000000100000-0x000000003ffdefff] usable
[STDOUT  ] 2017-11-14T12:54:27.245818764Z: [    0.000000] BIOS-e820: [mem 0x000000003ffdf000-0x000000003fffffff] reserved
[STDOUT  ] 2017-11-14T12:54:27.245840172Z: [    0.000000] BIOS-e820: [mem 0x00000000b0000000-0x00000000bfffffff] reserved
[STDOUT  ] 2017-11-14T12:54:27.245853941Z: [    0.000000] BIOS-e820: [mem 0x00000000fed1c000-0x00000000fed1ffff] reserved
[STDOUT  ] 2017-11-14T12:54:27.245867444Z: [    0.000000] BIOS-e820: [mem 0x00000000fffc0000-0x00000000ffffffff] reserved
[STDOUT  ] 2017-11-14T12:54:27.245880162Z: [    0.000000] NX (Execute Disable) protection: active
[STDOUT  ] 2017-11-14T12:54:27.245893789Z: [    0.000000] SMBIOS 2.8 present.
[STDOUT  ] 2017-11-14T12:54:27.245911852Z: [    0.000000] e820: last_pfn = 0x3ffdf max_arch_pfn = 0x400000000
[STDOUT  ] 2017-11-14T12:54:27.245925376Z: [    0.000000] x86/PAT: Configuration [0-7]: WB  WC  UC- UC  WB  WC  UC- WT  
[STDOUT  ] 2017-11-14T12:54:27.245938451Z: [    0.000000] found SMP MP-table at [mem 0x000f6aa0-0x000f6aaf] mapped at [ffff8f8a400f6aa0]
[STDOUT  ] 2017-11-14T12:54:27.245969844Z: [    0.000000] RAMDISK: [mem 0x3df2a000-0x3ffcffff]
[STDOUT  ] 2017-11-14T12:54:27.245982579Z: [    0.000000] ACPI: Early table checksum verification disabled
[STDOUT  ] 2017-11-14T12:54:27.246001039Z: [    0.000000] ACPI: RSDP 0x00000000000F68C0 000014 (v00 BOCHS )
[STDOUT  ] 2017-11-14T12:54:27.246013991Z: [    0.000000] ACPI: RSDT 0x000000003FFE2404 000034 (v01 BOCHS  BXPCRSDT 00000001 BXPC 00000001)
[STDOUT  ] 2017-11-14T12:54:27.246027149Z: [    0.000000] ACPI: FACP 0x000000003FFE22A4 000074 (v01 BOCHS  BXPCFACP 00000001 BXPC 00000001)
[STDOUT  ] 2017-11-14T12:54:27.246040027Z: [    0.000000] ACPI: DSDT 0x000000003FFE0040 002264 (v01 BOCHS  BXPCDSDT 00000001 BXPC 00000001)
[STDOUT  ] 2017-11-14T12:54:27.246052511Z: [    0.000000] ACPI: FACS 0x000000003FFE0000 000040
[STDOUT  ] 2017-11-14T12:54:27.246064599Z: [    0.000000] ACPI: APIC 0x000000003FFE2318 000078 (v01 BOCHS  BXPCAPIC 00000001 BXPC 00000001)
[STDOUT  ] 2017-11-14T12:54:27.246087381Z: [    0.000000] ACPI: HPET 0x000000003FFE2390 000038 (v01 BOCHS  BXPCHPET 00000001 BXPC 00000001)
[STDOUT  ] 2017-11-14T12:54:27.246100424Z: [    0.000000] ACPI: MCFG 0x000000003FFE23C8 00003C (v01 BOCHS  BXPCMCFG 00000001 BXPC 00000001)
[STDOUT  ] 2017-11-14T12:54:27.246112801Z: [    0.000000] Zone ranges:
[STDOUT  ] 2017-11-14T12:54:27.246125297Z: [    0.000000]   DMA      [mem 0x0000000000001000-0x0000000000ffffff]
[STDOUT  ] 2017-11-14T12:54:27.246142067Z: [    0.000000]   DMA32    [mem 0x0000000001000000-0x000000003ffdefff]
[STDOUT  ] 2017-11-14T12:54:27.246154434Z: [    0.000000]   Normal   empty
[STDOUT  ] 2017-11-14T12:54:27.246171852Z: [    0.000000] Movable zone start for each node
[STDOUT  ] 2017-11-14T12:54:27.246188764Z: [    0.000000] Early memory node ranges
[STDOUT  ] 2017-11-14T12:54:27.246200916Z: [    0.000000]   node   0: [mem 0x0000000000001000-0x000000000009efff]
[STDOUT  ] 2017-11-14T12:54:27.246212902Z: [    0.000000]   node   0: [mem 0x0000000000100000-0x000000003ffdefff]
[STDOUT  ] 2017-11-14T12:54:27.246228376Z: [    0.000000] Initmem setup node 0 [mem 0x0000000000001000-0x000000003ffdefff]
[STDOUT  ] 2017-11-14T12:54:27.246240849Z: [    0.000000] ACPI: PM-Timer IO Port: 0x608
[STDOUT  ] 2017-11-14T12:54:27.246258189Z: [    0.000000] ACPI: LAPIC_NMI (acpi_id[0xff] dfl dfl lint[0x1])
[STDOUT  ] 2017-11-14T12:54:27.246275758Z: [    0.000000] IOAPIC[0]: apic_id 0, version 32, address 0xfec00000, GSI 0-23
[STDOUT  ] 2017-11-14T12:54:27.24628788Z: [    0.000000] ACPI: INT_SRC_OVR (bus 0 bus_irq 0 global_irq 2 dfl dfl)
[STDOUT  ] 2017-11-14T12:54:27.246299871Z: [    0.000000] ACPI: INT_SRC_OVR (bus 0 bus_irq 5 global_irq 5 high level)
[STDOUT  ] 2017-11-14T12:54:27.24631169Z: [    0.000000] ACPI: INT_SRC_OVR (bus 0 bus_irq 9 global_irq 9 high level)
[STDOUT  ] 2017-11-14T12:54:27.246323493Z: [    0.000000] ACPI: INT_SRC_OVR (bus 0 bus_irq 10 global_irq 10 high level)
[STDOUT  ] 2017-11-14T12:54:27.246339306Z: [    0.000000] ACPI: INT_SRC_OVR (bus 0 bus_irq 11 global_irq 11 high level)
[STDOUT  ] 2017-11-14T12:54:27.246352005Z: [    0.000000] Using ACPI (MADT) for SMP configuration information
[STDOUT  ] 2017-11-14T12:54:27.246364023Z: [    0.000000] ACPI: HPET id: 0x8086a201 base: 0xfed00000
[STDOUT  ] 2017-11-14T12:54:27.246375945Z: [    0.000000] smpboot: Allowing 1 CPUs, 0 hotplug CPUs
[STDOUT  ] 2017-11-14T12:54:27.246387835Z: [    0.000000] e820: [mem 0x40000000-0xafffffff] available for PCI devices
[STDOUT  ] 2017-11-14T12:54:27.246399816Z: [    0.000000] Booting paravirtualized kernel on bare hardware
[STDOUT  ] 2017-11-14T12:54:27.246411808Z: [    0.000000] clocksource: refined-jiffies: mask: 0xffffffff max_cycles: 0xffffffff, max_idle_ns: 19112604462750000 ns
[STDOUT  ] 2017-11-14T12:54:27.246428935Z: [    0.000000] setup_percpu: NR_CPUS:128 nr_cpumask_bits:128 nr_cpu_ids:1 nr_node_ids:1
[STDOUT  ] 2017-11-14T12:54:27.246445753Z: [    0.000000] percpu: Embedded 35 pages/cpu @ffff8f8a7dc00000 s105112 r8192 d30056 u2097152
[STDOUT  ] 2017-11-14T12:54:27.246457773Z: [    0.000000] Built 1 zonelists in Zone order, mobility grouping on.  Total pages: 257896
[STDOUT  ] 2017-11-14T12:54:27.246474425Z: [    0.000000] Kernel command line: console=ttyS0
[STDOUT  ] 2017-11-14T12:54:27.246489958Z: [    0.000000] PID hash table entries: 4096 (order: 3, 32768 bytes)
[STDOUT  ] 2017-11-14T12:54:27.246502405Z: [    0.000000] Dentry cache hash table entries: 131072 (order: 8, 1048576 bytes)
[STDOUT  ] 2017-11-14T12:54:27.246519736Z: [    0.000000] Inode-cache hash table entries: 65536 (order: 7, 524288 bytes)
[STDOUT  ] 2017-11-14T12:54:27.246532171Z: [    0.000000] Memory: 980740K/1048052K available (8048K kernel code, 1367K rwdata, 2700K rodata, 1380K init, 568K bss, 67312K reserved, 0K cma-reserved)
[STDOUT  ] 2017-11-14T12:54:27.246545405Z: [    0.000000] Hierarchical RCU implementation.
[STDOUT  ] 2017-11-14T12:54:27.246557506Z: [    0.000000] 	Build-time adjustment of leaf fanout to 64.
[STDOUT  ] 2017-11-14T12:54:27.2465692Z: [    0.000000] 	RCU restricting CPUs from NR_CPUS=128 to nr_cpu_ids=1.
[STDOUT  ] 2017-11-14T12:54:27.246581186Z: [    0.000000] RCU: Adjusting geometry for rcu_fanout_leaf=64, nr_cpu_ids=1
[STDOUT  ] 2017-11-14T12:54:27.246594105Z: [    0.000000] NR_IRQS:8448 nr_irqs:256 16
[STDOUT  ] 2017-11-14T12:54:27.246609898Z: [    0.000000] Console: colour VGA+ 80x25
[STDOUT  ] 2017-11-14T12:54:27.246621741Z: [    0.000000] console [ttyS0] enabled
[STDOUT  ] 2017-11-14T12:54:27.246633483Z: [    0.000000] clocksource: hpet: mask: 0xffffffff max_cycles: 0xffffffff, max_idle_ns: 19112604467 ns
[STDOUT  ] 2017-11-14T12:54:27.246646041Z: [    0.000000] tsc: Unable to calibrate against PIT
[STDOUT  ] 2017-11-14T12:54:27.24665803Z: [    0.000000] tsc: using HPET reference calibration
[STDOUT  ] 2017-11-14T12:54:27.246673718Z: [    0.000000] tsc: Detected 2600.090 MHz processor
[STDOUT  ] 2017-11-14T12:54:27.246695668Z: [    0.032264] Calibrating delay loop (skipped), value calculated using timer frequency.. 5200.18 BogoMIPS (lpj=26000900)
[STDOUT  ] 2017-11-14T12:54:27.246708628Z: [    0.040944] pid_max: default: 32768 minimum: 301
[STDOUT  ] 2017-11-14T12:54:27.246720581Z: [    0.041996] ACPI: Core revision 20160831
[STDOUT  ] 2017-11-14T12:54:27.246732495Z: [    0.099626] ACPI: 1 ACPI AML tables successfully acquired and loaded
[STDOUT  ] 2017-11-14T12:54:27.246744538Z: [    0.104341] Security Framework initialized
[STDOUT  ] 2017-11-14T12:54:27.246756263Z: [    0.104776] Yama: becoming mindful.
[STDOUT  ] 2017-11-14T12:54:27.246779758Z: [    0.106803] Mount-cache hash table entries: 2048 (order: 2, 16384 bytes)
[STDOUT  ] 2017-11-14T12:54:27.246796325Z: [    0.107141] Mountpoint-cache hash table entries: 2048 (order: 2, 16384 bytes)
[STDOUT  ] 2017-11-14T12:54:27.246808448Z: [    0.134874] Last level iTLB entries: 4KB 0, 2MB 0, 4MB 0
[STDOUT  ] 2017-11-14T12:54:27.246820228Z: [    0.135168] Last level dTLB entries: 4KB 0, 2MB 0, 4MB 0, 1GB 0
[STDOUT  ] 2017-11-14T12:54:27.24683202Z: [    0.538347] Freeing SMP alternatives memory: 20K
[STDOUT  ] 2017-11-14T12:54:27.246843883Z: [    0.548950] ftrace: allocating 35542 entries in 139 pages
[STDOUT  ] 2017-11-14T12:54:27.246859036Z: [    0.780640] smpboot: Max logical packages: 1
[STDOUT  ] 2017-11-14T12:54:27.246872845Z: [    0.788523] ..TIMER: vector=0x30 apic1=0 pin1=2 apic2=-1 pin2=-1
[STDOUT  ] 2017-11-14T12:54:27.246884696Z: [    0.900000] smpboot: CPU0: AMD QEMU Virtual CPU version 2.5+ (family: 0x6, model: 0x6, stepping: 0x3)
[STDOUT  ] 2017-11-14T12:54:27.246897305Z: [    0.900000] Performance Events: PMU not available due to virtualization, using software events only.
[STDOUT  ] 2017-11-14T12:54:27.246914018Z: [    0.911953] NMI watchdog: disabled (cpu0): hardware events not enabled
[STDOUT  ] 2017-11-14T12:54:27.246925838Z: [    0.912469] NMI watchdog: Shutting down hard lockup detector on all cpus
[STDOUT  ] 2017-11-14T12:54:27.246937871Z: [    0.916293] x86: Booted up 1 node, 1 CPUs
[STDOUT  ] 2017-11-14T12:54:27.246958245Z: [    0.916745] smpboot: Total of 1 processors activated (5200.18 BogoMIPS)
[STDOUT  ] 2017-11-14T12:54:27.246970396Z: [    0.933529] devtmpfs: initialized
[STDOUT  ] 2017-11-14T12:54:27.246987348Z: [    0.940513] x86/mm: Memory block size: 128MB
[STDOUT  ] 2017-11-14T12:54:27.246999538Z: [    1.013032] clocksource: jiffies: mask: 0xffffffff max_cycles: 0xffffffff, max_idle_ns: 19112604462750000 ns
[STDOUT  ] 2017-11-14T12:54:27.247011468Z: [    1.013983] futex hash table entries: 256 (order: 2, 16384 bytes)
[STDOUT  ] 2017-11-14T12:54:27.247023426Z: [    1.024917] NET: Registered protocol family 16
[STDOUT  ] 2017-11-14T12:54:27.247040456Z: [    1.038559] cpuidle: using governor ladder
[STDOUT  ] 2017-11-14T12:54:27.247052406Z: [    1.039125] cpuidle: using governor menu
[STDOUT  ] 2017-11-14T12:54:27.247064285Z: [    1.041091] ACPI: bus type PCI registered
[STDOUT  ] 2017-11-14T12:54:27.247076118Z: [    1.045208] PCI: MMCONFIG for domain 0000 [bus 00-ff] at [mem 0xb0000000-0xbfffffff] (base 0xb0000000)
[STDOUT  ] 2017-11-14T12:54:27.247088085Z: [    1.046075] PCI: MMCONFIG at [mem 0xb0000000-0xbfffffff] reserved in E820
[STDOUT  ] 2017-11-14T12:54:27.247104778Z: [    1.047891] PCI: Using configuration type 1 for base access
[STDOUT  ] 2017-11-14T12:54:27.247121018Z: [    1.116698] HugeTLB registered 2 MB page size, pre-allocated 0 pages
[STDOUT  ] 2017-11-14T12:54:27.247134238Z: [    1.130320] ACPI: Added _OSI(Module Device)
[STDOUT  ] 2017-11-14T12:54:27.247150966Z: [    1.130552] ACPI: Added _OSI(Processor Device)
[STDOUT  ] 2017-11-14T12:54:27.247162785Z: [    1.130905] ACPI: Added _OSI(3.0 _SCP Extensions)
[STDOUT  ] 2017-11-14T12:54:27.247174558Z: [    1.131223] ACPI: Added _OSI(Processor Aggregator Device)
[STDOUT  ] 2017-11-14T12:54:27.247186293Z: [    1.231196] ACPI: Interpreter enabled
[STDOUT  ] 2017-11-14T12:54:27.247203063Z: [    1.232208] ACPI: (supports S0 S5)
[STDOUT  ] 2017-11-14T12:54:27.24721891Z: [    1.232531] ACPI: Using IOAPIC for interrupt routing
[STDOUT  ] 2017-11-14T12:54:27.247230746Z: [    1.235368] PCI: Using host bridge windows from ACPI; if necessary, use "pci=nocrs" and report a bug
[STDOUT  ] 2017-11-14T12:54:27.247242881Z: [    1.312663] ACPI: PCI Root Bridge [PCI0] (domain 0000 [bus 00-ff])
[STDOUT  ] 2017-11-14T12:54:27.247254766Z: [    1.313913] acpi PNP0A08:00: _OSC: OS supports [ExtendedConfig ASPM ClockPM Segments MSI]
[STDOUT  ] 2017-11-14T12:54:27.247266716Z: [    1.321511] acpi PNP0A08:00: _OSC: OS now controls [PCIeHotplug PME PCIeCapability]
[STDOUT  ] 2017-11-14T12:54:27.247278488Z: [    1.325197] PCI host bridge to bus 0000:00
[STDOUT  ] 2017-11-14T12:54:27.247298958Z: [    1.325666] pci_bus 0000:00: root bus resource [io  0x0000-0x0cf7 window]
[STDOUT  ] 2017-11-14T12:54:27.247314313Z: [    1.326129] pci_bus 0000:00: root bus resource [io  0x0d00-0xffff window]
[STDOUT  ] 2017-11-14T12:54:27.247331345Z: [    1.326567] pci_bus 0000:00: root bus resource [mem 0x000a0000-0x000bffff window]
[STDOUT  ] 2017-11-14T12:54:27.247343306Z: [    1.326992] pci_bus 0000:00: root bus resource [mem 0xc0000000-0xfebfffff window]
[STDOUT  ] 2017-11-14T12:54:27.247354923Z: [    1.327671] pci_bus 0000:00: root bus resource [bus 00-ff]
[STDOUT  ] 2017-11-14T12:54:27.247366806Z: [    1.453098] pci 0000:00:1f.0: quirk: [io  0x0600-0x067f] claimed by ICH6 ACPI/GPIO/TCO
[STDOUT  ] 2017-11-14T12:54:27.247383363Z: [    1.541471] ACPI: PCI Interrupt Link [LNKA] (IRQs 5 *10 11)
[STDOUT  ] 2017-11-14T12:54:27.247400998Z: [    1.544551] ACPI: PCI Interrupt Link [LNKB] (IRQs 5 *10 11)
[STDOUT  ] 2017-11-14T12:54:27.24741301Z: [    1.546913] ACPI: PCI Interrupt Link [LNKC] (IRQs 5 10 *11)
[STDOUT  ] 2017-11-14T12:54:27.247424838Z: [    1.550145] ACPI: PCI Interrupt Link [LNKD] (IRQs 5 10 *11)
[STDOUT  ] 2017-11-14T12:54:27.247436695Z: [    1.552513] ACPI: PCI Interrupt Link [LNKE] (IRQs 5 *10 11)
[STDOUT  ] 2017-11-14T12:54:27.247448495Z: [    1.554564] ACPI: PCI Interrupt Link [LNKF] (IRQs 5 *10 11)
[STDOUT  ] 2017-11-14T12:54:27.247460981Z: [    1.557013] ACPI: PCI Interrupt Link [LNKG] (IRQs 5 10 *11)
[STDOUT  ] 2017-11-14T12:54:27.247477188Z: [    1.558965] ACPI: PCI Interrupt Link [LNKH] (IRQs 5 10 *11)
[STDOUT  ] 2017-11-14T12:54:27.247493038Z: [    1.560200] ACPI: PCI Interrupt Link [GSIA] (IRQs *16)
[STDOUT  ] 2017-11-14T12:54:27.247504896Z: [    1.561018] ACPI: PCI Interrupt Link [GSIB] (IRQs *17)
[STDOUT  ] 2017-11-14T12:54:27.24751679Z: [    1.561749] ACPI: PCI Interrupt Link [GSIC] (IRQs *18)
[STDOUT  ] 2017-11-14T12:54:27.247528516Z: [    1.562477] ACPI: PCI Interrupt Link [GSID] (IRQs *19)
[STDOUT  ] 2017-11-14T12:54:27.247540338Z: [    1.563217] ACPI: PCI Interrupt Link [GSIE] (IRQs *20)
[STDOUT  ] 2017-11-14T12:54:27.247556361Z: [    1.563929] ACPI: PCI Interrupt Link [GSIF] (IRQs *21)
[STDOUT  ] 2017-11-14T12:54:27.247568818Z: [    1.564680] ACPI: PCI Interrupt Link [GSIG] (IRQs *22)
[STDOUT  ] 2017-11-14T12:54:27.247580356Z: [    1.565485] ACPI: PCI Interrupt Link [GSIH] (IRQs *23)
[STDOUT  ] 2017-11-14T12:54:27.24759206Z: [    1.570860] ACPI: Enabled 2 GPEs in block 00 to 3F
[STDOUT  ] 2017-11-14T12:54:27.247603928Z: [    1.577050] SCSI subsystem initialized
[STDOUT  ] 2017-11-14T12:54:27.247615608Z: [    1.580341] ACPI: bus type USB registered
[STDOUT  ] 2017-11-14T12:54:27.24762731Z: [    1.581816] usbcore: registered new interface driver usbfs
[STDOUT  ] 2017-11-14T12:54:27.24764377Z: [    1.582842] usbcore: registered new interface driver hub
[STDOUT  ] 2017-11-14T12:54:27.247655858Z: [    1.583803] usbcore: registered new device driver usb
[STDOUT  ] 2017-11-14T12:54:27.247671983Z: [    1.585104] pps_core: LinuxPPS API ver. 1 registered
[STDOUT  ] 2017-11-14T12:54:27.247689833Z: [    1.585494] pps_core: Software ver. 5.3.6 - Copyright 2005-2007 Rodolfo Giometti <giometti@linux.it>
[STDOUT  ] 2017-11-14T12:54:27.247701826Z: [    1.586362] PTP clock support registered
[STDOUT  ] 2017-11-14T12:54:27.247717043Z: [    1.588026] wmi: Mapper loaded
[STDOUT  ] 2017-11-14T12:54:27.247734646Z: [    1.589454] PCI: Using ACPI for IRQ routing
[STDOUT  ] 2017-11-14T12:54:27.247746555Z: [    1.614891] NetLabel: Initializing
[STDOUT  ] 2017-11-14T12:54:27.247762963Z: [    1.615151] NetLabel:  domain hash size = 128
[STDOUT  ] 2017-11-14T12:54:27.247774628Z: [    1.615619] NetLabel:  protocols = UNLABELED CIPSOv4
[STDOUT  ] 2017-11-14T12:54:27.247805563Z: [    1.618525] NetLabel:  unlabeled traffic allowed by default
[STDOUT  ] 2017-11-14T12:54:27.24782318Z: [    1.620080] HPET: 3 timers in total, 0 timers will be used for per-cpu timer
[STDOUT  ] 2017-11-14T12:54:27.247835268Z: [    1.620838] hpet0: at MMIO 0xfed00000, IRQs 2, 8, 0
[STDOUT  ] 2017-11-14T12:54:27.247846938Z: [    1.621435] hpet0: 3 comparators, 64-bit 100.000000 MHz counter
[STDOUT  ] 2017-11-14T12:54:27.247858668Z: [    1.629230] clocksource: Switched to clocksource hpet
[STDOUT  ] 2017-11-14T12:54:27.24787101Z: [    2.008941] VFS: Disk quotas dquot_6.6.0
[STDOUT  ] 2017-11-14T12:54:27.247882931Z: [    2.009795] VFS: Dquot-cache hash table entries: 512 (order 0, 4096 bytes)
[STDOUT  ] 2017-11-14T12:54:27.24789566Z: [    2.014155] FS-Cache: Loaded
[STDOUT  ] 2017-11-14T12:54:27.247911558Z: [    2.020770] CacheFiles: Loaded
[STDOUT  ] 2017-11-14T12:54:27.247923431Z: [    2.022587] pnp: PnP ACPI init
[STDOUT  ] 2017-11-14T12:54:27.247935313Z: [    2.035167] pnp: PnP ACPI: found 5 devices
[STDOUT  ] 2017-11-14T12:54:27.247947023Z: [    2.100935] clocksource: acpi_pm: mask: 0xffffff max_cycles: 0xffffff, max_idle_ns: 2085701024 ns
[STDOUT  ] 2017-11-14T12:54:27.247958886Z: [    2.105263] NET: Registered protocol family 2
[STDOUT  ] 2017-11-14T12:54:27.247970761Z: [    2.115533] TCP established hash table entries: 8192 (order: 4, 65536 bytes)
[STDOUT  ] 2017-11-14T12:54:27.247984238Z: [    2.116380] TCP bind hash table entries: 8192 (order: 5, 131072 bytes)
[STDOUT  ] 2017-11-14T12:54:27.247999285Z: [    2.117150] TCP: Hash tables configured (established 8192 bind 8192)
[STDOUT  ] 2017-11-14T12:54:27.248015968Z: [    2.119562] UDP hash table entries: 512 (order: 2, 16384 bytes)
[STDOUT  ] 2017-11-14T12:54:27.248027768Z: [    2.120453] UDP-Lite hash table entries: 512 (order: 2, 16384 bytes)
[STDOUT  ] 2017-11-14T12:54:27.248039583Z: [    2.123473] NET: Registered protocol family 1
[STDOUT  ] 2017-11-14T12:54:27.248055615Z: [    2.124532] pci 0000:00:01.0: Video device with shadowed ROM at [mem 0x000c0000-0x000dffff]
[STDOUT  ] 2017-11-14T12:54:27.248068003Z: [    2.135852] Unpacking initramfs...
[STDOUT  ] 2017-11-14T12:54:27.248084598Z: [    9.043079] Freeing initrd memory: 33432K
[STDOUT  ] 2017-11-14T12:54:27.248100791Z: [    9.076581] PCLMULQDQ-NI instructions are not detected.
[STDOUT  ] 2017-11-14T12:54:27.248113336Z: [    9.078142] AVX or AES-NI instructions are not detected.
[STDOUT  ] 2017-11-14T12:54:27.24812513Z: [    9.078680] CPU feature 'AVX registers' is not supported.
[STDOUT  ] 2017-11-14T12:54:27.248137186Z: [    9.079121] CPU feature 'AVX registers' is not supported.
[STDOUT  ] 2017-11-14T12:54:27.24814885Z: [    9.079568] CPU feature 'AVX registers' is not supported.
[STDOUT  ] 2017-11-14T12:54:27.248165241Z: [    9.080001] CPU feature 'AVX registers' is not supported.
[STDOUT  ] 2017-11-14T12:54:27.248177451Z: [    9.081774] AVX2 or AES-NI instructions are not detected.
[STDOUT  ] 2017-11-14T12:54:27.248189081Z: [    9.082126] AVX2 instructions are not detected.
[STDOUT  ] 2017-11-14T12:54:27.248206053Z: [    9.089601] audit: initializing netlink subsys (disabled)
[STDOUT  ] 2017-11-14T12:54:27.24822086Z: [    9.092311] audit: type=2000 audit(1510664027.090:1): initialized
[STDOUT  ] 2017-11-14T12:54:27.248233086Z: [    9.100571] workingset: timestamp_bits=46 max_order=18 bucket_order=0
[STDOUT  ] 2017-11-14T12:54:27.248248323Z: [    9.105846] squashfs: version 4.0 (2009/01/31) Phillip Lougher
[STDOUT  ] 2017-11-14T12:54:27.248261828Z: [    9.108761] FS-Cache: Netfs 'cifs' registered for caching
[STDOUT  ] 2017-11-14T12:54:27.248282853Z: [    9.109806] fuse init (API version 7.26)
[STDOUT  ] 2017-11-14T12:54:27.24829497Z: [    9.115770] SGI XFS with ACLs, security attributes, no debug enabled
[STDOUT  ] 2017-11-14T12:54:27.248306926Z: [    9.121445] 9p: Installing v9fs 9p2000 file system support
[STDOUT  ] 2017-11-14T12:54:27.248318845Z: [    9.122044] FS-Cache: Netfs '9p' registered for caching
[STDOUT  ] 2017-11-14T12:54:27.24833299Z: [    9.159095] NET: Registered protocol family 38
[STDOUT  ] 2017-11-14T12:54:27.248350048Z: [    9.159852] Key type asymmetric registered
[STDOUT  ] 2017-11-14T12:54:27.248361779Z: [    9.161972] Asymmetric key parser 'x509' registered
[STDOUT  ] 2017-11-14T12:54:27.248373527Z: [    9.163293] Block layer SCSI generic (bsg) driver version 0.4 loaded (major 251)
[STDOUT  ] 2017-11-14T12:54:27.24839031Z: [    9.165147] io scheduler noop registered
[STDOUT  ] 2017-11-14T12:54:27.248402435Z: [    9.165613] io scheduler deadline registered (default)
[STDOUT  ] 2017-11-14T12:54:27.248414579Z: [    9.166781] io scheduler cfq registered
[STDOUT  ] 2017-11-14T12:54:27.248431267Z: [    9.172970] pci_hotplug: PCI Hot Plug PCI Core version: 0.5
[STDOUT  ] 2017-11-14T12:54:27.24844808Z: [    9.173860] pciehp: PCI Express Hot Plug Controller Driver version: 0.4
[STDOUT  ] 2017-11-14T12:54:27.248460289Z: [    9.174969] shpchp: Standard Hot Plug PCI Controller Driver version: 0.4
[STDOUT  ] 2017-11-14T12:54:27.248472007Z: [    9.175901] hv_vmbus: registering driver hyperv_fb
[STDOUT  ] 2017-11-14T12:54:27.248483937Z: [    9.179544] input: Power Button as /devices/LNXSYSTM:00/LNXPWRBN:00/input/input0
[STDOUT  ] 2017-11-14T12:54:27.248495757Z: [    9.181333] ACPI: Power Button [PWRF]
[STDOUT  ] 2017-11-14T12:54:27.248512267Z: [    9.187275] GHES: HEST is not enabled!
[STDOUT  ] 2017-11-14T12:54:27.24852453Z: [    9.199386] ACPI: PCI Interrupt Link [GSIG] enabled at IRQ 22
[STDOUT  ] 2017-11-14T12:54:27.248536304Z: [    9.213959] ACPI: PCI Interrupt Link [GSIH] enabled at IRQ 23
[STDOUT  ] 2017-11-14T12:54:27.248547995Z: [    9.218432] xenfs: not registering filesystem on non-xen platform
[STDOUT  ] 2017-11-14T12:54:27.248559804Z: [    9.221003] Serial: 8250/16550 driver, 4 ports, IRQ sharing disabled
[STDOUT  ] 2017-11-14T12:54:27.248571747Z: [    9.246246] 00:04: ttyS0 at I/O 0x3f8 (irq = 4, base_baud = 115200) is a 16550A
[STDOUT  ] 2017-11-14T12:54:27.248587949Z: [    9.258822] Non-volatile memory driver v1.3
[STDOUT  ] 2017-11-14T12:54:27.248604967Z: [    9.267519] Hangcheck: starting hangcheck timer 0.9.1 (tick is 180 seconds, margin is 60 seconds).
[STDOUT  ] 2017-11-14T12:54:27.248617057Z: [    9.271106] random: fast init done
[STDOUT  ] 2017-11-14T12:54:27.248628597Z: [    9.272420] random: crng init done
[STDOUT  ] 2017-11-14T12:54:27.248640282Z: [    9.321523] loop: module loaded
[STDOUT  ] 2017-11-14T12:54:27.248652105Z: [    9.339201] nbd: registered device at major 43
[STDOUT  ] 2017-11-14T12:54:27.248663769Z: [    9.386805] lpc_ich 0000:00:1f.0: I/O space for GPIO uninitialized
[STDOUT  ] 2017-11-14T12:54:27.24867636Z: [    9.389286] VMware PVSCSI driver - version 1.0.7.0-k
[STDOUT  ] 2017-11-14T12:54:27.248696667Z: [    9.390621] hv_vmbus: registering driver hv_storvsc
[STDOUT  ] 2017-11-14T12:54:27.248708477Z: [    9.401483] ACPI: PCI Interrupt Link [GSIA] enabled at IRQ 16
[STDOUT  ] 2017-11-14T12:54:27.248720185Z: [    9.408461] ahci 0000:00:1f.2: AHCI 0001.0000 32 slots 6 ports 1.5 Gbps 0x3f impl SATA mode
[STDOUT  ] 2017-11-14T12:54:27.248732255Z: [    9.409242] ahci 0000:00:1f.2: flags: 64bit ncq only 
[STDOUT  ] 2017-11-14T12:54:27.248744152Z: [    9.432264] scsi host0: ahci
[STDOUT  ] 2017-11-14T12:54:27.248755705Z: [    9.437740] scsi host1: ahci
[STDOUT  ] 2017-11-14T12:54:27.24877154Z: [    9.441602] scsi host2: ahci
[STDOUT  ] 2017-11-14T12:54:27.248783712Z: [    9.444436] scsi host3: ahci
[STDOUT  ] 2017-11-14T12:54:27.248795389Z: [    9.446893] scsi host4: ahci
[STDOUT  ] 2017-11-14T12:54:27.248806967Z: [    9.449290] scsi host5: ahci
[STDOUT  ] 2017-11-14T12:54:27.248818707Z: [    9.451395] ata1: SATA max UDMA/133 abar m4096@0xfebd2000 port 0xfebd2100 irq 24
[STDOUT  ] 2017-11-14T12:54:27.248842887Z: [    9.451879] ata2: SATA max UDMA/133 abar m4096@0xfebd2000 port 0xfebd2180 irq 24
[STDOUT  ] 2017-11-14T12:54:27.24886033Z: [    9.452275] ata3: SATA max UDMA/133 abar m4096@0xfebd2000 port 0xfebd2200 irq 24
[STDOUT  ] 2017-11-14T12:54:27.248872505Z: [    9.452666] ata4: SATA max UDMA/133 abar m4096@0xfebd2000 port 0xfebd2280 irq 24
[STDOUT  ] 2017-11-14T12:54:27.248884237Z: [    9.453130] ata5: SATA max UDMA/133 abar m4096@0xfebd2000 port 0xfebd2300 irq 24
[STDOUT  ] 2017-11-14T12:54:27.248895825Z: [    9.453537] ata6: SATA max UDMA/133 abar m4096@0xfebd2000 port 0xfebd2380 irq 24
[STDOUT  ] 2017-11-14T12:54:27.248911955Z: [    9.467430] tun: Universal TUN/TAP device driver, 1.6
[STDOUT  ] 2017-11-14T12:54:27.248923907Z: [    9.467863] tun: (C) 1999-2004 Max Krasnyansky <maxk@qualcomm.com>
[STDOUT  ] 2017-11-14T12:54:27.248936224Z: [    9.479188] VMware vmxnet3 virtual NIC driver - version 1.4.a.0-k-NAPI
[STDOUT  ] 2017-11-14T12:54:27.248952142Z: [    9.480641] hv_vmbus: registering driver hv_netvsc
[STDOUT  ] 2017-11-14T12:54:27.248964127Z: [    9.480948] Fusion MPT base driver 3.04.20
[STDOUT  ] 2017-11-14T12:54:27.248975917Z: [    9.481225] Copyright (c) 1999-2008 LSI Corporation
[STDOUT  ] 2017-11-14T12:54:27.248987699Z: [    9.481865] Fusion MPT SPI Host driver 3.04.20
[STDOUT  ] 2017-11-14T12:54:27.248999355Z: [    9.484101] i8042: PNP: PS/2 Controller [PNP0303:KBD,PNP0f13:MOU] at 0x60,0x64 irq 1,12
[STDOUT  ] 2017-11-14T12:54:27.249011235Z: [    9.488441] serio: i8042 KBD port at 0x60,0x64 irq 1
[STDOUT  ] 2017-11-14T12:54:27.249023709Z: [    9.489236] serio: i8042 AUX port at 0x60,0x64 irq 12
[STDOUT  ] 2017-11-14T12:54:27.249044857Z: [    9.492286] hv_vmbus: registering driver hyperv_keyboard
[STDOUT  ] 2017-11-14T12:54:27.249056842Z: [    9.495748] mousedev: PS/2 mouse device common for all mice
[STDOUT  ] 2017-11-14T12:54:27.24907261Z: [    9.501094] input: AT Translated Set 2 keyboard as /devices/platform/i8042/serio0/input/input1
[STDOUT  ] 2017-11-14T12:54:27.249084662Z: [    9.504015] input: PC Speaker as /devices/platform/pcspkr/input/input2
[STDOUT  ] 2017-11-14T12:54:27.249098699Z: [    9.507664] rtc_cmos 00:00: RTC can wake from S4
[STDOUT  ] 2017-11-14T12:54:27.24911176Z: [    9.511271] rtc_cmos 00:00: rtc core: registered rtc_cmos as rtc0
[STDOUT  ] 2017-11-14T12:54:27.249131115Z: [    9.512584] rtc_cmos 00:00: alarms up to one day, y3k, 114 bytes nvram, hpet irqs
[STDOUT  ] 2017-11-14T12:54:27.249143204Z: [    9.513253] i2c /dev entries driver
[STDOUT  ] 2017-11-14T12:54:27.249154907Z: [    9.515210] device-mapper: ioctl: 4.35.0-ioctl (2016-06-23) initialised: dm-devel@redhat.com
[STDOUT  ] 2017-11-14T12:54:27.249171404Z: [    9.519907] usbcore: registered new interface driver usbhid
[STDOUT  ] 2017-11-14T12:54:27.249183225Z: [    9.520630] usbhid: USB HID core driver
[STDOUT  ] 2017-11-14T12:54:27.249194857Z: [    9.521456] hv_utils: Registering HyperV Utility Driver
[STDOUT  ] 2017-11-14T12:54:27.249211579Z: [    9.521806] hv_vmbus: registering driver hv_util
[STDOUT  ] 2017-11-14T12:54:27.249223274Z: [    9.522107] hv_vmbus: registering driver hv_balloon
[STDOUT  ] 2017-11-14T12:54:27.249235064Z: [    9.522637] oprofile: using NMI interrupt.
[STDOUT  ] 2017-11-14T12:54:27.249246769Z: [    9.523731] GACT probability on
[STDOUT  ] 2017-11-14T12:54:27.249258429Z: [    9.524242] Mirror/redirect action on
[STDOUT  ] 2017-11-14T12:54:27.24927003Z: [    9.525073] Simple TC action Loaded
[STDOUT  ] 2017-11-14T12:54:27.249281782Z: [    9.525700] u32 classifier
[STDOUT  ] 2017-11-14T12:54:27.24929847Z: [    9.525910]     Performance counters on
[STDOUT  ] 2017-11-14T12:54:27.24931024Z: [    9.526140]     input device check on
[STDOUT  ] 2017-11-14T12:54:27.249321947Z: [    9.526391]     Actions configured
[STDOUT  ] 2017-11-14T12:54:27.24933354Z: [    9.526963] Netfilter messages via NETLINK v0.30.
[STDOUT  ] 2017-11-14T12:54:27.249345125Z: [    9.527568] nfnl_acct: registering with nfnetlink.
[STDOUT  ] 2017-11-14T12:54:27.249360125Z: [    9.529244] nf_conntrack version 0.5.0 (8192 buckets, 32768 max)
[STDOUT  ] 2017-11-14T12:54:27.249374644Z: [    9.532565] ctnetlink v0.93: registering with nfnetlink.
[STDOUT  ] 2017-11-14T12:54:27.249389054Z: [    9.535605] nf_tables: (c) 2007-2009 Patrick McHardy <kaber@trash.net>
[STDOUT  ] 2017-11-14T12:54:27.24940084Z: [    9.536482] nf_tables_compat: (c) 2012 Pablo Neira Ayuso <pablo@netfilter.org>
[STDOUT  ] 2017-11-14T12:54:27.249412522Z: [    9.538813] xt_time: kernel timezone is -0000
[STDOUT  ] 2017-11-14T12:54:27.249424264Z: [    9.539389] ip_set: protocol 6
[STDOUT  ] 2017-11-14T12:54:27.249435932Z: [    9.540037] IPVS: Registered protocols (TCP, UDP, SCTP, AH, ESP)
[STDOUT  ] 2017-11-14T12:54:27.249447547Z: [    9.540973] IPVS: Connection hash table configured (size=4096, memory=64Kbytes)
[STDOUT  ] 2017-11-14T12:54:27.249461785Z: [    9.542820] IPVS: Creating netns size=2104 id=0
[STDOUT  ] 2017-11-14T12:54:27.249475759Z: [    9.545665] IPVS: ipvs loaded.
[STDOUT  ] 2017-11-14T12:54:27.249487487Z: [    9.546102] IPVS: [rr] scheduler registered.
[STDOUT  ] 2017-11-14T12:54:27.24949906Z: [    9.546506] IPVS: [wrr] scheduler registered.
[STDOUT  ] 2017-11-14T12:54:27.249510695Z: [    9.546918] IPVS: [lc] scheduler registered.
[STDOUT  ] 2017-11-14T12:54:27.249522349Z: [    9.547223] IPVS: [wlc] scheduler registered.
[STDOUT  ] 2017-11-14T12:54:27.24953869Z: [    9.547550] IPVS: [fo] scheduler registered.
[STDOUT  ] 2017-11-14T12:54:27.249555269Z: [    9.547907] IPVS: [ovf] scheduler registered.
[STDOUT  ] 2017-11-14T12:54:27.249567135Z: [    9.548353] IPVS: [lblc] scheduler registered.
[STDOUT  ] 2017-11-14T12:54:27.249579004Z: [    9.548830] IPVS: [lblcr] scheduler registered.
[STDOUT  ] 2017-11-14T12:54:27.249590912Z: [    9.549135] IPVS: [dh] scheduler registered.
[STDOUT  ] 2017-11-14T12:54:27.249607405Z: [    9.549427] IPVS: [sh] scheduler registered.
[STDOUT  ] 2017-11-14T12:54:27.249619987Z: [    9.549698] IPVS: [sed] scheduler registered.
[STDOUT  ] 2017-11-14T12:54:27.249633282Z: [    9.549971] IPVS: [nq] scheduler registered.
[STDOUT  ] 2017-11-14T12:54:27.249648612Z: [    9.551258] IPVS: ftp: loaded support on port[0] = 21
[STDOUT  ] 2017-11-14T12:54:27.249665145Z: [    9.552206] ipip: IPv4 and MPLS over IPv4 tunneling driver
[STDOUT  ] 2017-11-14T12:54:27.249681555Z: [    9.556687] gre: GRE over IPv4 demultiplexor driver
[STDOUT  ] 2017-11-14T12:54:27.249697785Z: [    9.559571] ip_tables: (C) 2000-2006 Netfilter Core Team
[STDOUT  ] 2017-11-14T12:54:27.249710107Z: [    9.563256] ipt_CLUSTERIP: ClusterIP Version 0.8 loaded successfully
[STDOUT  ] 2017-11-14T12:54:27.249726619Z: [    9.564051] arp_tables: arp_tables: (C) 2002 David S. Miller
[STDOUT  ] 2017-11-14T12:54:27.249741625Z: [    9.566339] NET: Registered protocol family 10
[STDOUT  ] 2017-11-14T12:54:27.249753265Z: [    9.576301] ip6_tables: (C) 2000-2006 Netfilter Core Team
[STDOUT  ] 2017-11-14T12:54:27.249765055Z: [    9.585081] NET: Registered protocol family 17
[STDERR  ] 2017-11-14T12:54:27.251482656Z: + RESULT=[    0.000000] Linux version 4.9.61-linuxkit (root@f63baf0520f0) (gcc version 6.3.0 (Alpine 6.3.0) ) #1 SMP Fri Nov 10 13:47:55 UTC 2017
[STDERR  ] 2017-11-14T12:54:27.251507363Z: [    0.000000] Command line: console=ttyS0
[STDERR  ] 2017-11-14T12:54:27.251513736Z: [    0.000000] x86/fpu: Legacy x87 FPU detected.
[STDERR  ] 2017-11-14T12:54:27.251520226Z: [    0.000000] x86/fpu: Using 'eager' FPU context switches.
[STDERR  ] 2017-11-14T12:54:27.251526233Z: [    0.000000] e820: BIOS-provided physical RAM map:
[STDERR  ] 2017-11-14T12:54:27.251532173Z: [    0.000000] BIOS-e820: [mem 0x0000000000000000-0x000000000009fbff] usable
[STDERR  ] 2017-11-14T12:54:27.251538154Z: [    0.000000] BIOS-e820: [mem 0x000000000009fc00-0x000000000009ffff] reserved
[STDERR  ] 2017-11-14T12:54:27.251555016Z: [    0.000000] BIOS-e820: [mem 0x00000000000f0000-0x00000000000fffff] reserved
[STDERR  ] 2017-11-14T12:54:27.251561134Z: [    0.000000] BIOS-e820: [mem 0x0000000000100000-0x000000003ffdefff] usable
[STDERR  ] 2017-11-14T12:54:27.251572896Z: [    0.000000] BIOS-e820: [mem 0x000000003ffdf000-0x000000003fffffff] reserved
[STDERR  ] 2017-11-14T12:54:27.251578349Z: [    0.000000] BIOS-e820: [mem 0x00000000b0000000-0x00000000bfffffff] reserved
[STDERR  ] 2017-11-14T12:54:27.251584834Z: [    0.000000] BIOS-e820: [mem 0x00000000fed1c000-0x00000000fed1ffff] reserved
[STDERR  ] 2017-11-14T12:54:27.251590378Z: [    0.000000] BIOS-e820: [mem 0x00000000fffc0000-0x00000000ffffffff] reserved
[STDERR  ] 2017-11-14T12:54:27.251597336Z: [    0.000000] NX (Execute Disable) protection: active
[STDERR  ] 2017-11-14T12:54:27.251603793Z: [    0.000000] SMBIOS 2.8 present.
[STDERR  ] 2017-11-14T12:54:27.251609403Z: [    0.000000] e820: last_pfn = 0x3ffdf max_arch_pfn = 0x400000000
[STDERR  ] 2017-11-14T12:54:27.251615188Z: [    0.000000] x86/PAT: Configuration [0-7]: WB  WC  UC- UC  WB  WC  UC- WT  
[STDERR  ] 2017-11-14T12:54:27.251628598Z: [    0.000000] found SMP MP-table at [mem 0x000f6aa0-0x000f6aaf] mapped at [ffff8f8a400f6aa0]
[STDERR  ] 2017-11-14T12:54:27.251636144Z: [    0.000000] RAMDISK: [mem 0x3df2a000-0x3ffcffff]
[STDERR  ] 2017-11-14T12:54:27.251641856Z: [    0.000000] ACPI: Early table checksum verification disabled
[STDERR  ] 2017-11-14T12:54:27.251647406Z: [    0.000000] ACPI: RSDP 0x00000000000F68C0 000014 (v00 BOCHS )
[STDERR  ] 2017-11-14T12:54:27.251653196Z: [    0.000000] ACPI: RSDT 0x000000003FFE2404 000034 (v01 BOCHS  BXPCRSDT 00000001 BXPC 00000001)
[STDERR  ] 2017-11-14T12:54:27.251659216Z: [    0.000000] ACPI: FACP 0x000000003FFE22A4 000074 (v01 BOCHS  BXPCFACP 00000001 BXPC 00000001)
[STDERR  ] 2017-11-14T12:54:27.251664966Z: [    0.000000] ACPI: DSDT 0x000000003FFE0040 002264 (v01 BOCHS  BXPCDSDT 00000001 BXPC 00000001)
[STDERR  ] 2017-11-14T12:54:27.251670681Z: [    0.000000] ACPI: FACS 0x000000003FFE0000 000040
[STDERR  ] 2017-11-14T12:54:27.251684333Z: [    0.000000] ACPI: APIC 0x000000003FFE2318 000078 (v01 BOCHS  BXPCAPIC 00000001 BXPC 00000001)
[STDERR  ] 2017-11-14T12:54:27.251690314Z: [    0.000000] ACPI: HPET 0x000000003FFE2390 000038 (v01 BOCHS  BXPCHPET 00000001 BXPC 00000001)
[STDERR  ] 2017-11-14T12:54:27.251696093Z: [    0.000000] ACPI: MCFG 0x000000003FFE23C8 00003C (v01 BOCHS  BXPCMCFG 00000001 BXPC 00000001)
[STDERR  ] 2017-11-14T12:54:27.251713296Z: [    0.000000] Zone ranges:
[STDERR  ] 2017-11-14T12:54:27.251719243Z: [    0.000000]   DMA      [mem 0x0000000000001000-0x0000000000ffffff]
[STDERR  ] 2017-11-14T12:54:27.251763286Z: [    0.000000]   DMA32    [mem 0x0000000001000000-0x000000003ffdefff]
[STDOUT  ] 2017-11-14T12:54:27.251482311Z: [    9.586192] Bridge firewalling registered
[STDOUT  ] 2017-11-14T12:54:27.251818096Z: [    9.586789] Ebtables v2.0 registered
[STDOUT  ] 2017-11-14T12:54:27.251828811Z: [    9.588744] 8021q: 802.1Q VLAN Support v1.8
[STDOUT  ] 2017-11-14T12:54:27.251838636Z: [    9.590705] 9pnet: Installing 9P2000 support
[STDERR  ] 2017-11-14T12:54:27.251770094Z: [    0.000000]   Normal   empty
[STDERR  ] 2017-11-14T12:54:27.251865373Z: [    0.000000] Movable zone start for each node
[STDERR  ] 2017-11-14T12:54:27.251873416Z: [    0.000000] Early memory node ranges
[STDERR  ] 2017-11-14T12:54:27.251878908Z: [    0.000000]   node   0: [mem 0x0000000000001000-0x000000000009efff]
[STDERR  ] 2017-11-14T12:54:27.251884859Z: [    0.000000]   node   0: [mem 0x0000000000100000-0x000000003ffdefff]
[STDERR  ] 2017-11-14T12:54:27.251890438Z: [    0.000000] Initmem setup node 0 [mem 0x0000000000001000-0x000000003ffdefff]
[STDERR  ] 2017-11-14T12:54:27.251895896Z: [    0.000000] ACPI: PM-Timer IO Port: 0x608
[STDERR  ] 2017-11-14T12:54:27.251901531Z: [    0.000000] ACPI: LAPIC_NMI (acpi_id[0xff] dfl dfl lint[0x1])
[STDERR  ] 2017-11-14T12:54:27.251907359Z: [    0.000000] IOAPIC[0]: apic_id 0, version 32, address 0xfec00000, GSI 0-23
[STDERR  ] 2017-11-14T12:54:27.251913098Z: [    0.000000] ACPI: INT_SRC_OVR (bus 0 bus_irq 0 global_irq 2 dfl dfl)
[STDERR  ] 2017-11-14T12:54:27.251918738Z: [    0.000000] ACPI: INT_SRC_OVR (bus 0 bus_irq 5 global_irq 5 high level)
[STDERR  ] 2017-11-14T12:54:27.251929136Z: [    0.000000] ACPI: INT_SRC_OVR (bus 0 bus_irq 9 global_irq 9 high level)
[STDERR  ] 2017-11-14T12:54:27.251934874Z: [    0.000000] ACPI: INT_SRC_OVR (bus 0 bus_irq 10 global_irq 10 high level)
[STDOUT  ] 2017-11-14T12:54:27.251848301Z: [    9.592344] Key type dns_resolver registered
[STDOUT  ] 2017-11-14T12:54:27.251957646Z: [    9.593243] microcode: AMD CPU family 0x6 not supported
[STDOUT  ] 2017-11-14T12:54:27.251974803Z: [    9.597113] registered taskstats version 1
[STDOUT  ] 2017-11-14T12:54:27.251984616Z: [    9.775931] Key type big_key registered
[STDOUT  ] 2017-11-14T12:54:27.251994211Z: [    9.785384] ata2: SATA link down (SStatus 0 SControl 300)
[STDOUT  ] 2017-11-14T12:54:27.252003286Z: [    9.787818] ata1: SATA link up 1.5 Gbps (SStatus 113 SControl 300)
[STDOUT  ] 2017-11-14T12:54:27.252013111Z: [    9.790806] ata5: SATA link down (SStatus 0 SControl 300)
[STDOUT  ] 2017-11-14T12:54:27.252029454Z: [    9.791283] ata4: SATA link down (SStatus 0 SControl 300)
[STDOUT  ] 2017-11-14T12:54:27.252039668Z: [    9.791794] ata3: SATA link up 1.5 Gbps (SStatus 113 SControl 300)
[STDOUT  ] 2017-11-14T12:54:27.252048836Z: [    9.793552] ata3.00: ATAPI: QEMU DVD-ROM, 2.5+, max UDMA/100
[STDOUT  ] 2017-11-14T12:54:27.252058718Z: [    9.793990] ata3.00: applying bridge limits
[STDOUT  ] 2017-11-14T12:54:27.252068361Z: [    9.796024] ata3.00: configured for UDMA/100
[STDOUT  ] 2017-11-14T12:54:27.252076514Z: [    9.801658] ata1.00: ATA-7: QEMU HARDDISK, 2.5+, max UDMA/100
[STDERR  ] 2017-11-14T12:54:27.251940574Z: [    0.000000] ACPI: INT_SRC_OVR (bus 0 bus_irq 11 global_irq 11 high level)
[STDERR  ] 2017-11-14T12:54:27.252087598Z: [    0.000000] Using ACPI (MADT) for SMP configuration information
[STDERR  ] 2017-11-14T12:54:27.252095481Z: [    0.000000] ACPI: HPET id: 0x8086a201 base: 0xfed00000
[STDERR  ] 2017-11-14T12:54:27.252101303Z: [    0.000000] smpboot: Allowing 1 CPUs, 0 hotplug CPUs
[STDERR  ] 2017-11-14T12:54:27.252106944Z: [    0.000000] e820: [mem 0x40000000-0xafffffff] available for PCI devices
[STDOUT  ] 2017-11-14T12:54:27.252085213Z: [    9.802065] ata1.00: 1048576 sectors, multi 16: LBA48 NCQ (depth 31/32)
[STDOUT  ] 2017-11-14T12:54:27.252130688Z: [    9.802800] ata1.00: applying bridge limits
[STDOUT  ] 2017-11-14T12:54:27.252140721Z: [    9.803405] ata6: SATA link down (SStatus 0 SControl 300)
[STDERR  ] 2017-11-14T12:54:27.252112978Z: [    0.000000] Booting paravirtualized kernel on bare hardware
[STDOUT  ] 2017-11-14T12:54:27.252161606Z: [    9.804902] ata1.00: configured for UDMA/100
[STDERR  ] 2017-11-14T12:54:27.252167108Z: [    0.000000] clocksource: refined-jiffies: mask: 0xffffffff max_cycles: 0xffffffff, max_idle_ns: 19112604462750000 ns
[STDOUT  ] 2017-11-14T12:54:27.252173503Z: [    9.822280] scsi 0:0:0:0: Direct-Access     ATA      QEMU HARDDISK    2.5+ PQ: 0 ANSI: 5
[STDERR  ] 2017-11-14T12:54:27.252176271Z: [    0.000000] setup_percpu: NR_CPUS:128 nr_cpumask_bits:128 nr_cpu_ids:1 nr_node_ids:1
[STDOUT  ] 2017-11-14T12:54:27.252200661Z: [    9.844375] sd 0:0:0:0: [sda] 1048576 512-byte logical blocks: (537 MB/512 MiB)
[STDOUT  ] 2017-11-14T12:54:27.252214911Z: [    9.847603] sd 0:0:0:0: Attached scsi generic sg0 type 0
[STDOUT  ] 2017-11-14T12:54:27.252225371Z: [    9.851422] sd 0:0:0:0: [sda] Write Protect is off
[STDERR  ] 2017-11-14T12:54:27.252183464Z: [    0.000000] percpu: Embedded 35 pages/cpu @ffff8f8a7dc00000 s105112 r8192 d30056 u2097152
[STDOUT  ] 2017-11-14T12:54:27.252235083Z: [    9.854327] sd 0:0:0:0: [sda] Write cache: enabled, read cache: enabled, doesn't support DPO or FUA
[STDERR  ] 2017-11-14T12:54:27.252242344Z: [    0.000000] Built 1 zonelists in Zone order, mobility grouping on.  Total pages: 257896
[STDOUT  ] 2017-11-14T12:54:27.252247833Z: [    9.862322] scsi 2:0:0:0: CD-ROM            QEMU     QEMU DVD-ROM     2.5+ PQ: 0 ANSI: 5
[STDOUT  ] 2017-11-14T12:54:27.252265199Z: [    9.886025] sr 2:0:0:0: [sr0] scsi3-mmc drive: 4x/4x cd/rw xa/form2 tray
[STDOUT  ] 2017-11-14T12:54:27.252275368Z: [    9.887057] cdrom: Uniform CD-ROM driver Revision: 3.20
[STDOUT  ] 2017-11-14T12:54:27.252294894Z: [    9.907415]  sda: sda1
[STDOUT  ] 2017-11-14T12:54:27.252306851Z: [    9.909785] sr 2:0:0:0: Attached scsi generic sg1 type 5
[STDOUT  ] 2017-11-14T12:54:27.252323646Z: [    9.935021] sd 0:0:0:0: [sda] Attached SCSI disk
[STDOUT  ] 2017-11-14T12:54:27.252333808Z: [   10.017957] Key type encrypted registered
[STDOUT  ] 2017-11-14T12:54:27.252344489Z: [   10.024489] rtc_cmos 00:00: setting system clock to 2017-11-14 12:53:49 UTC (1510664029)
[STDOUT  ] 2017-11-14T12:54:27.252354486Z: [   10.210596] Freeing unused kernel memory: 1380K
[STDOUT  ] 2017-11-14T12:54:27.252364894Z: [   10.210984] Write protecting the kernel read-only data: 12288k
[STDOUT  ] 2017-11-14T12:54:27.252375079Z: [   10.213509] tsc: Refined TSC clocksource calibration: 2599.999 MHz
[STDERR  ] 2017-11-14T12:54:27.252250394Z: [    0.000000] Kernel command line: console=ttyS0
[STDERR  ] 2017-11-14T12:54:27.252389904Z: [    0.000000] PID hash table entries: 4096 (order: 3, 32768 bytes)
[STDERR  ] 2017-11-14T12:54:27.252395876Z: [    0.000000] Dentry cache hash table entries: 131072 (order: 8, 1048576 bytes)
[STDERR  ] 2017-11-14T12:54:27.252403076Z: [    0.000000] Inode-cache hash table entries: 65536 (order: 7, 524288 bytes)
[STDERR  ] 2017-11-14T12:54:27.252409198Z: [    0.000000] Memory: 980740K/1048052K available (8048K kernel code, 1367K rwdata, 2700K rodata, 1380K init, 568K bss, 67312K reserved, 0K cma-reserved)
[STDERR  ] 2017-11-14T12:54:27.252416751Z: [    0.000000] Hierarchical RCU implementation.
[STDERR  ] 2017-11-14T12:54:27.252422469Z: [    0.000000] 	Build-time adjustment of leaf fanout to 64.
[STDERR  ] 2017-11-14T12:54:27.252428551Z: [    0.000000] 	RCU restricting CPUs from NR_CPUS=128 to nr_cpu_ids=1.
[STDERR  ] 2017-11-14T12:54:27.252434011Z: [    0.000000] RCU: Adjusting geometry for rcu_fanout_leaf=64, nr_cpu_ids=1
[STDERR  ] 2017-11-14T12:54:27.252439859Z: [    0.000000] NR_IRQS:8448 nr_irqs:256 16
[STDERR  ] 2017-11-14T12:54:27.252445658Z: [    0.000000] Console: colour VGA+ 80x25
[STDERR  ] 2017-11-14T12:54:27.252461856Z: [    0.000000] console [ttyS0] enabled
[STDERR  ] 2017-11-14T12:54:27.252467524Z: [    0.000000] clocksource: hpet: mask: 0xffffffff max_cycles: 0xffffffff, max_idle_ns: 19112604467 ns
[STDERR  ] 2017-11-14T12:54:27.252473864Z: [    0.000000] tsc: Unable to calibrate against PIT
[STDOUT  ] 2017-11-14T12:54:27.252384876Z: [   10.214038] clocksource: tsc: mask: 0xffffffffffffffff max_cycles: 0x257a3b2ad7e, max_idle_ns: 440795282337 ns
[STDOUT  ] 2017-11-14T12:54:27.252502451Z: [   10.221998] Freeing unused kernel memory: 128K
[STDOUT  ] 2017-11-14T12:54:27.252509121Z: [   10.325956] Freeing unused kernel memory: 1396K
[STDOUT  ] 2017-11-14T12:54:27.252515086Z: [   11.230690] clocksource: Switched to clocksource tsc
[STDOUT  ] 2017-11-14T12:54:27.252521036Z: 
[STDOUT  ] 2017-11-14T12:54:27.252527478Z: Welcome to LinuxKit
[STDOUT  ] 2017-11-14T12:54:27.252537508Z: 
[STDERR  ] 2017-11-14T12:54:27.252484501Z: [    0.000000] tsc: using HPET reference calibration
[STDOUT  ] 2017-11-14T12:54:27.252546741Z:                         ##         .
[STDOUT  ] 2017-11-14T12:54:27.252572094Z:                   ## ## ##        ==
[STDOUT  ] 2017-11-14T12:54:27.252582126Z:                ## ## ## ## ##    ===
[STDOUT  ] 2017-11-14T12:54:27.252588598Z:            /"""""""""""""""""\___/ ===
[STDOUT  ] 2017-11-14T12:54:27.252594231Z:           {                       /  ===-
[STDOUT  ] 2017-11-14T12:54:27.252600241Z:            \______ O           __/
[STDOUT  ] 2017-11-14T12:54:27.252610089Z:              \    \         __/
[STDOUT  ] 2017-11-14T12:54:27.252619884Z:               \____\_______/
[STDOUT  ] 2017-11-14T12:54:27.252636204Z: 
[STDOUT  ] 2017-11-14T12:54:27.252645531Z: [   25.938149] IPVS: Creating netns size=2104 id=1
[STDOUT  ] 2017-11-14T12:54:27.252654454Z: [   25.938579] IPVS: ftp: loaded support on port[0] = 21
[STDOUT  ] 2017-11-14T12:54:27.252664106Z: [   27.444169]  sda:
[STDOUT  ] 2017-11-14T12:54:27.252673613Z: [   27.545443]  sda:
[STDOUT  ] 2017-11-14T12:54:27.252690271Z: [   27.577412]  sda: sda1
[STDOUT  ] 2017-11-14T12:54:27.252713861Z: [   27.670797]  sda: sda1
[STDOUT  ] 2017-11-14T12:54:27.252725936Z: [   27.745053]  sda: sda1
[STDOUT  ] 2017-11-14T12:54:27.252735779Z: [   29.455075] XFS (sda1): Mounting V5 Filesystem
[STDOUT  ] 2017-11-14T12:54:27.252745334Z: [   29.492014] XFS (sda1): Starting recovery (logdev: internal)
[STDOUT  ] 2017-11-14T12:54:27.252754661Z: [   29.517738] XFS (sda1): Ending recovery (logdev: internal)
[STDOUT  ] 2017-11-14T12:54:27.252769089Z: [   29.705878] XFS (sda1): Unmounting Filesystem
[STDOUT  ] 2017-11-14T12:54:27.252776391Z: 2017/11/14 12:54:08 Successfully resized /dev/sda
[STDOUT  ] 2017-11-14T12:54:27.252782956Z: [   30.876374] IPVS: Creating netns size=2104 id=2
[STDOUT  ] 2017-11-14T12:54:27.252789554Z: [   30.876692] IPVS: ftp: loaded support on port[0] = 21
[STDOUT  ] 2017-11-14T12:54:27.252798854Z: [   32.189229] FAT-fs (sda1): utf8 is not a recommended IO charset for FAT filesystems, filesystem will be case sensitive!
[STDOUT  ] 2017-11-14T12:54:27.252807846Z: [   32.195071] FAT-fs (sda1): utf8 is not a recommended IO charset for FAT filesystems, filesystem will be case sensitive!
[STDOUT  ] 2017-11-14T12:54:27.252813543Z: [   32.198748] mount: sending ioctl 5310 to a partition!
[STDOUT  ] 2017-11-14T12:54:27.252819604Z: [   32.244135] mount: sending ioctl 5310 to a partition!
[STDOUT  ] 2017-11-14T12:54:27.252825719Z: [   32.246290] UDF-fs: warning (device sda1): udf_fill_super: No partition found (2)
[STDERR  ] 2017-11-14T12:54:27.252691908Z: [    0.000000] tsc: Detected 2600.090 MHz processor
[STDERR  ] 2017-11-14T12:54:27.252832106Z: [    0.032264] Calibrating delay loop (skipped), value calculated using timer frequency.. 5200.18 BogoMIPS (lpj=26000900)
[STDERR  ] 2017-11-14T12:54:27.252840204Z: [    0.040944] pid_max: default: 32768 minimum: 301
[STDERR  ] 2017-11-14T12:54:27.252846028Z: [    0.041996] ACPI: Core revision 20160831
[STDERR  ] 2017-11-14T12:54:27.252851948Z: [    0.099626] ACPI: 1 ACPI AML tables successfully acquired and loaded
[STDERR  ] 2017-11-14T12:54:27.252858279Z: [    0.104341] Security Framework initialized
[STDERR  ] 2017-11-14T12:54:27.252867184Z: [    0.104776] Yama: becoming mindful.
[STDERR  ] 2017-11-14T12:54:27.252873091Z: [    0.106803] Mount-cache hash table entries: 2048 (order: 2, 16384 bytes)
[STDERR  ] 2017-11-14T12:54:27.252882596Z: [    0.107141] Mountpoint-cache hash table entries: 2048 (order: 2, 16384 bytes)
[STDERR  ] 2017-11-14T12:54:27.252888628Z: [    0.134874] Last level iTLB entries: 4KB 0, 2MB 0, 4MB 0
[STDERR  ] 2017-11-14T12:54:27.252894419Z: [    0.135168] Last level dTLB entries: 4KB 0, 2MB 0, 4MB 0, 1GB 0
[STDERR  ] 2017-11-14T12:54:27.252900138Z: [    0.538347] Freeing SMP alternatives memory: 20K
[STDERR  ] 2017-11-14T12:54:27.252905854Z: [    0.548950] ftrace: allocating 35542 entries in 139 pages
[STDOUT  ] 2017-11-14T12:54:27.252832954Z: [   32.257909] XFS (sda1): Mounting V5 Filesystem
[STDOUT  ] 2017-11-14T12:54:27.252924548Z: [   32.287980] XFS (sda1): Ending clean mount
[STDOUT  ] 2017-11-14T12:54:27.252930579Z: + [ -f /var/lib/docker/bar ]
[STDOUT  ] 2017-11-14T12:54:27.252939454Z: + touch /var/lib/docker/foo
[STDOUT  ] 2017-11-14T12:54:27.252947978Z: + df -h
[STDOUT  ] 2017-11-14T12:54:27.252957591Z: + grep -qE [4-5][0-9]{2}\.[0-9]{1,}M
[STDOUT  ] 2017-11-14T12:54:27.252965456Z: + printf extend test suite PASSED
[STDOUT  ] 2017-11-14T12:54:27.252971198Z: 
[STDOUT  ] 2017-11-14T12:54:27.252977098Z: extend test suite PASSED
[STDOUT  ] 2017-11-14T12:54:27.252994349Z: [   47.029198] sd 0:0:0:0: [sda] Synchronizing SCSI cache
[STDOUT  ] 2017-11-14T12:54:27.253000008Z: [   47.030901] sd 0:0:0:0: [sda] Stopping disk
[STDOUT  ] 2017-11-14T12:54:27.253006161Z: [   47.034595] ACPI: Preparing to enter system sleep state S5
[STDOUT  ] 2017-11-14T12:54:27.253011794Z: [   47.036004] reboot: Power down
[STDERR  ] 2017-11-14T12:54:27.252911358Z: [    0.780640] smpboot: Max logical packages: 1
[STDERR  ] 2017-11-14T12:54:27.253022376Z: [    0.788523] ..TIMER: vector=0x30 apic1=0 pin1=2 apic2=-1 pin2=-1
[STDERR  ] 2017-11-14T12:54:27.253033628Z: [    0.900000] smpboot: CPU0: AMD QEMU Virtual CPU version 2.5+ (family: 0x6, model: 0x6, stepping: 0x3)
[STDERR  ] 2017-11-14T12:54:27.253040296Z: [    0.900000] Performance Events: PMU not available due to virtualization, using software events only.
[STDERR  ] 2017-11-14T12:54:27.253046086Z: [    0.911953] NMI watchdog: disabled (cpu0): hardware events not enabled
[STDERR  ] 2017-11-14T12:54:27.253052163Z: [    0.912469] NMI watchdog: Shutting down hard lockup detector on all cpus
[STDERR  ] 2017-11-14T12:54:27.253066416Z: [    0.916293] x86: Booted up 1 node, 1 CPUs
[STDERR  ] 2017-11-14T12:54:27.253073339Z: [    0.916745] smpboot: Total of 1 processors activated (5200.18 BogoMIPS)
[STDERR  ] 2017-11-14T12:54:27.253078871Z: [    0.933529] devtmpfs: initialized
[STDERR  ] 2017-11-14T12:54:27.253084783Z: [    0.940513] x86/mm: Memory block size: 128MB
[STDERR  ] 2017-11-14T12:54:27.253121731Z: [    1.013032] clocksource: jiffies: mask: 0xffffffff max_cycles: 0xffffffff, max_idle_ns: 19112604462750000 ns
[STDERR  ] 2017-11-14T12:54:27.253127581Z: [    1.013983] futex hash table entries: 256 (order: 2, 16384 bytes)
[STDERR  ] 2017-11-14T12:54:27.253133886Z: [    1.024917] NET: Registered protocol family 16
[STDERR  ] 2017-11-14T12:54:27.253140696Z: [    1.038559] cpuidle: using governor ladder
[STDERR  ] 2017-11-14T12:54:27.253146889Z: [    1.039125] cpuidle: using governor menu
[STDERR  ] 2017-11-14T12:54:27.253153206Z: [    1.041091] ACPI: bus type PCI registered
[STDERR  ] 2017-11-14T12:54:27.253158964Z: [    1.045208] PCI: MMCONFIG for domain 0000 [bus 00-ff] at [mem 0xb0000000-0xbfffffff] (base 0xb0000000)
[STDERR  ] 2017-11-14T12:54:27.253164874Z: [    1.046075] PCI: MMCONFIG at [mem 0xb0000000-0xbfffffff] reserved in E820
[STDERR  ] 2017-11-14T12:54:27.253170716Z: [    1.047891] PCI: Using configuration type 1 for base access
[STDERR  ] 2017-11-14T12:54:27.253177613Z: [    1.116698] HugeTLB registered 2 MB page size, pre-allocated 0 pages
[STDERR  ] 2017-11-14T12:54:27.253183801Z: [    1.130320] ACPI: Added _OSI(Module Device)
[STDERR  ] 2017-11-14T12:54:27.253189963Z: [    1.130552] ACPI: Added _OSI(Processor Device)
[STDERR  ] 2017-11-14T12:54:27.253195448Z: [    1.130905] ACPI: Added _OSI(3.0 _SCP Extensions)
[STDERR  ] 2017-11-14T12:54:27.253200963Z: [    1.131223] ACPI: Added _OSI(Processor Aggregator Device)
[STDERR  ] 2017-11-14T12:54:27.253212366Z: [    1.231196] ACPI: Interpreter enabled
[STDERR  ] 2017-11-14T12:54:27.253219126Z: [    1.232208] ACPI: (supports S0 S5)
[STDERR  ] 2017-11-14T12:54:27.253224818Z: [    1.232531] ACPI: Using IOAPIC for interrupt routing
[STDERR  ] 2017-11-14T12:54:27.253231389Z: [    1.235368] PCI: Using host bridge windows from ACPI; if necessary, use "pci=nocrs" and report a bug
[STDERR  ] 2017-11-14T12:54:27.253237608Z: [    1.312663] ACPI: PCI Root Bridge [PCI0] (domain 0000 [bus 00-ff])
[STDERR  ] 2017-11-14T12:54:27.253243874Z: [    1.313913] acpi PNP0A08:00: _OSC: OS supports [ExtendedConfig ASPM ClockPM Segments MSI]
[STDERR  ] 2017-11-14T12:54:27.253249896Z: [    1.321511] acpi PNP0A08:00: _OSC: OS now controls [PCIeHotplug PME PCIeCapability]
[STDERR  ] 2017-11-14T12:54:27.253255654Z: [    1.325197] PCI host bridge to bus 0000:00
[STDERR  ] 2017-11-14T12:54:27.253261531Z: [    1.325666] pci_bus 0000:00: root bus resource [io  0x0000-0x0cf7 window]
[STDERR  ] 2017-11-14T12:54:27.253270453Z: [    1.326129] pci_bus 0000:00: root bus resource [io  0x0d00-0xffff window]
[STDERR  ] 2017-11-14T12:54:27.253276283Z: [    1.326567] pci_bus 0000:00: root bus resource [mem 0x000a0000-0x000bffff window]
[STDERR  ] 2017-11-14T12:54:27.253281903Z: [    1.326992] pci_bus 0000:00: root bus resource [mem 0xc0000000-0xfebfffff window]
[STDERR  ] 2017-11-14T12:54:27.253287399Z: [    1.327671] pci_bus 0000:00: root bus resource [bus 00-ff]
[STDERR  ] 2017-11-14T12:54:27.253293434Z: [    1.453098] pci 0000:00:1f.0: quirk: [io  0x0600-0x067f] claimed by ICH6 ACPI/GPIO/TCO
[STDERR  ] 2017-11-14T12:54:27.253302519Z: [    1.541471] ACPI: PCI Interrupt Link [LNKA] (IRQs 5 *10 11)
[STDERR  ] 2017-11-14T12:54:27.253309226Z: [    1.544551] ACPI: PCI Interrupt Link [LNKB] (IRQs 5 *10 11)
[STDERR  ] 2017-11-14T12:54:27.253315158Z: [    1.546913] ACPI: PCI Interrupt Link [LNKC] (IRQs 5 10 *11)
[STDERR  ] 2017-11-14T12:54:27.253320916Z: [    1.550145] ACPI: PCI Interrupt Link [LNKD] (IRQs 5 10 *11)
[STDERR  ] 2017-11-14T12:54:27.253326388Z: [    1.552513] ACPI: PCI Interrupt Link [LNKE] (IRQs 5 *10 11)
[STDERR  ] 2017-11-14T12:54:27.253332001Z: [    1.554564] ACPI: PCI Interrupt Link [LNKF] (IRQs 5 *10 11)
[STDERR  ] 2017-11-14T12:54:27.253337848Z: [    1.557013] ACPI: PCI Interrupt Link [LNKG] (IRQs 5 10 *11)
[STDERR  ] 2017-11-14T12:54:27.253343378Z: [    1.558965] ACPI: PCI Interrupt Link [LNKH] (IRQs 5 10 *11)
[STDERR  ] 2017-11-14T12:54:27.253348734Z: [    1.560200] ACPI: PCI Interrupt Link [GSIA] (IRQs *16)
[STDERR  ] 2017-11-14T12:54:27.253357419Z: [    1.561018] ACPI: PCI Interrupt Link [GSIB] (IRQs *17)
[STDERR  ] 2017-11-14T12:54:27.253363578Z: [    1.561749] ACPI: PCI Interrupt Link [GSIC] (IRQs *18)
[STDERR  ] 2017-11-14T12:54:27.253369193Z: [    1.562477] ACPI: PCI Interrupt Link [GSID] (IRQs *19)
[STDERR  ] 2017-11-14T12:54:27.253374788Z: [    1.563217] ACPI: PCI Interrupt Link [GSIE] (IRQs *20)
[STDERR  ] 2017-11-14T12:54:27.253380658Z: [    1.563929] ACPI: PCI Interrupt Link [GSIF] (IRQs *21)
[STDERR  ] 2017-11-14T12:54:27.253386969Z: [    1.564680] ACPI: PCI Interrupt Link [GSIG] (IRQs *22)
[STDERR  ] 2017-11-14T12:54:27.253392703Z: [    1.565485] ACPI: PCI Interrupt Link [GSIH] (IRQs *23)
