=== Test LinuxKit on GCP
[2017-06-11 09:02.37] Starting...
INFO:root:Connecting to storage
INFO:root:Getting bucket
INFO:root:Uploading /build-cache/5ce86202b72282c17a6c4e7329223d89c27dd529809095fd0bbe76d1edc1d50b -> linuxkit-ci-3.tar.gz
INFO:root:Removing old image
INFO:oauth2client.transport:Attempting refresh to obtain initial access_token
INFO:oauth2client.client:Refreshing access_token
INFO:root:Waiting for global operation to finish
INFO:root:Operation in progress... waiting...
INFO:root:Creating image: {'name': 'linuxkit-ci-3-test-image', 'rawDisk': {'source': u'https://www.googleapis.com/storage/v1/b/linuxkit-gcp-test-bucket/o/linuxkit-ci-3.tar.gz'}}
INFO:root:Waiting for global operation to finish
INFO:root:Operation in progress... waiting...
INFO:root:Operation in progress... waiting...
INFO:root:Operation in progress... waiting...
INFO:root:Operation in progress... waiting...
INFO:root:Operation in progress... waiting...
INFO:root:Operation in progress... waiting...
INFO:root:Operation in progress... waiting...
INFO:root:Creating VM
INFO:root:Error getting serial output (resourceNotReady): The resource 'projects/moby-datakit-ci/zones/europe-west1-b/instances/linuxkit-ci-3' is not ready
INFO:root:Error getting serial output (resourceNotReady): The resource 'projects/moby-datakit-ci/zones/europe-west1-b/instances/linuxkit-ci-3' is not ready
INFO:root:Error getting serial output (resourceNotReady): The resource 'projects/moby-datakit-ci/zones/europe-west1-b/instances/linuxkit-ci-3' is not ready
INFO:root:Error getting serial output (resourceNotReady): The resource 'projects/moby-datakit-ci/zones/europe-west1-b/instances/linuxkit-ci-3' is not ready
INFO:root:Error getting serial output (resourceNotReady): The resource 'projects/moby-datakit-ci/zones/europe-west1-b/instances/linuxkit-ci-3' is not ready
INFO:root:Error getting serial output (resourceNotReady): The resource 'projects/moby-datakit-ci/zones/europe-west1-b/instances/linuxkit-ci-3' is not ready
INFO:root:Error getting serial output (resourceNotReady): The resource 'projects/moby-datakit-ci/zones/europe-west1-b/instances/linuxkit-ci-3' is not ready
SeaBIOS (version 1.8.2-20170320_223604-google)
Total RAM Size = 0x00000000f0000000 = 3840 MiB
CPUs found: 1     Max CPUs supported: 1
found virtio-scsi at 0:3
virtio-scsi vendor='Google' product='PersistentDisk' rev='1' type=0 removable=0
virtio-scsi blksize=512 sectors=2097152 = 1024 MiB
drive 0x000f31d0: PCHS=0/0/0 translation=lba LCHS=1024/32/63 s=2097152
Booting from Hard Disk 0...
[    0.000000] Linux version 4.9.31-linuxkit (root@84baa8e89c00) (gcc version 6.2.1 20160822 (Alpine 6.2.1) ) #1 SMP Wed Jun 7 21:45:43 UTC 2017
[    0.000000] Command line: BOOT_IMAGE=/kernel console=ttyS0 initrd=/initrd.img
[    0.000000] x86/fpu: Supporting XSAVE feature 0x001: 'x87 floating point registers'
[    0.000000] x86/fpu: Supporting XSAVE feature 0x002: 'SSE registers'
[    0.000000] x86/fpu: Supporting XSAVE feature 0x004: 'AVX registers'
[    0.000000] x86/fpu: xstate_offset[2]:  576, xstate_sizes[2]:  256
[    0.000000] x86/fpu: Enabled xstate features 0x7, context size is 832 bytes, using 'standard' format.
[    0.000000] x86/fpu: Using 'eager' FPU context switches.
[    0.000000] e820: BIOS-provided physical RAM map:
[    0.000000] BIOS-e820: [mem 0x0000000000000000-0x000000000009fbff] usable
[    0.000000] BIOS-e820: [mem 0x000000000009fc00-0x000000000009ffff] reserved
[    0.000000] BIOS-e820: [mem 0x00000000000f0000-0x00000000000fffff] reserved
[    0.000000] BIOS-e820: [mem 0x0000000000100000-0x00000000bfffcfff] usable
[    0.000000] BIOS-e820: [mem 0x00000000bfffd000-0x00000000bfffffff] reserved
[    0.000000] BIOS-e820: [mem 0x00000000fffbc000-0x00000000ffffffff] reserved
[    0.000000] BIOS-e820: [mem 0x0000000100000000-0x000000012fffffff] usable
[    0.000000] NX (Execute Disable) protection: active
[    0.000000] SMBIOS 2.4 present.
[    0.000000] Hypervisor detected: KVM
[    0.000000] e820: last_pfn = 0x130000 max_arch_pfn = 0x400000000
[    0.000000] x86/PAT: Configuration [0-7]: WB  WC  UC- UC  WB  WC  UC- WT  
[    0.000000] e820: last_pfn = 0xbfffd max_arch_pfn = 0x400000000
[    0.000000] found SMP MP-table at [mem 0x000f3420-0x000f342f] mapped at [ffff9f4f400f3420]
[    0.000000] Using GB pages for direct mapping
[    0.000000] RAMDISK: [mem 0x7de88000-0x7fffffff]
[    0.000000] ACPI: Early table checksum verification disabled
[    0.000000] ACPI: RSDP 0x00000000000F3210 000014 (v00 Google)
[    0.000000] ACPI: RSDT 0x00000000BFFFDF60 000034 (v01 Google GOOGRSDT 00000001 GOOG 00000001)
[    0.000000] ACPI: FACP 0x00000000BFFFFF00 0000F4 (v02 Google GOOGFACP 00000001 GOOG 00000001)
[    0.000000] ACPI: DSDT 0x00000000BFFFDFA0 0015A3 (v01 Google GOOGDSDT 00000001 GOOG 00000001)
[    0.000000] ACPI: FACS 0x00000000BFFFFEC0 000040
[    0.000000] ACPI: FACS 0x00000000BFFFFEC0 000040
[    0.000000] ACPI: SSDT 0x00000000BFFFF670 000843 (v01 Google GOOGSSDT 00000001 GOOG 00000001)
[    0.000000] ACPI: APIC 0x00000000BFFFF580 00006E (v01 Google GOOGAPIC 00000001 GOOG 00000001)
[    0.000000] ACPI: WAET 0x00000000BFFFF550 000028 (v01 Google GOOGWAET 00000001 GOOG 00000001)
[    0.000000] kvm-clock: Using msrs 4b564d01 and 4b564d00
[    0.000000] kvm-clock: cpu 0, msr 1:2fffc001, primary cpu clock
[    0.000000] kvm-clock: using sched offset of 1982293730 cycles
[    0.000000] clocksource: kvm-clock: mask: 0xffffffffffffffff max_cycles: 0x1cd42e4dffb, max_idle_ns: 881590591483 ns
[    0.000000] Zone ranges:
[    0.000000]   DMA      [mem 0x0000000000001000-0x0000000000ffffff]
[    0.000000]   DMA32    [mem 0x0000000001000000-0x00000000ffffffff]
[    0.000000]   Normal   [mem 0x0000000100000000-0x000000012fffffff]
[    0.000000] Movable zone start for each node
[    0.000000] Early memory node ranges
[    0.000000]   node   0: [mem 0x0000000000001000-0x000000000009efff]
[    0.000000]   node   0: [mem 0x0000000000100000-0x00000000bfffcfff]
[    0.000000]   node   0: [mem 0x0000000100000000-0x000000012fffffff]
[    0.000000] Initmem setup node 0 [mem 0x0000000000001000-0x000000012fffffff]
[    0.000000] ACPI: PM-Timer IO Port: 0xb008
[    0.000000] ACPI: LAPIC_NMI (acpi_id[0xff] dfl dfl lint[0x1])
[    0.000000] IOAPIC[0]: apic_id 0, version 17, address 0xfec00000, GSI 0-23
[    0.000000] ACPI: INT_SRC_OVR (bus 0 bus_irq 5 global_irq 5 high level)
[    0.000000] ACPI: INT_SRC_OVR (bus 0 bus_irq 9 global_irq 9 high level)
[    0.000000] ACPI: INT_SRC_OVR (bus 0 bus_irq 10 global_irq 10 high level)
[    0.000000] ACPI: INT_SRC_OVR (bus 0 bus_irq 11 global_irq 11 high level)
[    0.000000] Using ACPI (MADT) for SMP configuration information
[    0.000000] smpboot: Allowing 1 CPUs, 0 hotplug CPUs
[    0.000000] e820: [mem 0xc0000000-0xfffbbfff] available for PCI devices
[    0.000000] Booting paravirtualized kernel on KVM
[    0.000000] clocksource: refined-jiffies: mask: 0xffffffff max_cycles: 0xffffffff, max_idle_ns: 19112604462750000 ns
[    0.000000] setup_percpu: NR_CPUS:128 nr_cpumask_bits:128 nr_cpu_ids:1 nr_node_ids:1
[    0.000000] percpu: Embedded 35 pages/cpu @ffff9f506fc00000 s105240 r8192 d29928 u2097152
[    0.000000] Built 1 zonelists in Zone order, mobility grouping on.  Total pages: 967558
[    0.000000] Kernel command line: BOOT_IMAGE=/kernel console=ttyS0 initrd=/initrd.img
[    0.000000] PID hash table entries: 4096 (order: 3, 32768 bytes)
[    0.000000] Dentry cache hash table entries: 524288 (order: 10, 4194304 bytes)
[    0.000000] Inode-cache hash table entries: 262144 (order: 9, 2097152 bytes)
[    0.000000] Memory: 3745580K/3931756K available (9526K kernel code, 1595K rwdata, 3120K rodata, 1456K init, 604K bss, 186176K reserved, 0K cma-reserved)
[    0.000000] Hierarchical RCU implementation.
[    0.000000] 	Build-time adjustment of leaf fanout to 64.
[    0.000000] 	RCU restricting CPUs from NR_CPUS=128 to nr_cpu_ids=1.
[    0.000000] RCU: Adjusting geometry for rcu_fanout_leaf=64, nr_cpu_ids=1
[    0.000000] NR_IRQS:8448 nr_irqs:256 16
[    0.000000] Console: colour *CGA 80x25
[    0.000000] console [ttyS0] enabled
[    0.000000] tsc: Detected 2600.000 MHz processor
[    0.159212] Calibrating delay loop (skipped) preset value.. 5200.00 BogoMIPS (lpj=26000000)
[    0.160364] pid_max: default: 32768 minimum: 301
[    0.161063] ACPI: Core revision 20160831
[    0.162708] ACPI: 2 ACPI AML tables successfully acquired and loaded
[    0.163826] Security Framework initialized
[    0.164422] Yama: becoming mindful.
[    0.164926] Mount-cache hash table entries: 8192 (order: 4, 65536 bytes)
[    0.165828] Mountpoint-cache hash table entries: 8192 (order: 4, 65536 bytes)
[    0.167074] CPU: Physical Processor ID: 0
[    0.167634] CPU: Processor Core ID: 0
[    0.168177] Last level iTLB entries: 4KB 512, 2MB 8, 4MB 8
[    0.169025] Last level dTLB entries: 4KB 512, 2MB 32, 4MB 32, 1GB 0
[    0.179764] Freeing SMP alternatives memory: 24K (ffffffffbb0fc000 - ffffffffbb102000)
[    0.182659] ftrace: allocating 41866 entries in 164 pages
[    0.225686] smpboot: Max logical packages: 1
[    0.229041] ..TIMER: vector=0x30 apic1=0 pin1=0 apic2=-1 pin2=-1
[    0.348519] smpboot: CPU0: Intel(R) Xeon(R) CPU @ 2.60GHz (family: 0x6, model: 0x2d, stepping: 0x7)
[    0.350088] Performance Events: unsupported p6 CPU model 45 no PMU driver, software events only.
[    0.352370] x86: Booted up 1 node, 1 CPUs
[    0.352963] smpboot: Total of 1 processors activated (5200.00 BogoMIPS)
[    0.354649] devtmpfs: initialized
[    0.355229] x86/mm: Memory block size: 128MB
[    0.359397] clocksource: jiffies: mask: 0xffffffff max_cycles: 0xffffffff, max_idle_ns: 19112604462750000 ns
[    0.360899] futex hash table entries: 256 (order: 2, 16384 bytes)
[    0.361834] NET: Registered protocol family 16
[    0.362839] cpuidle: using governor ladder
[    0.363696] cpuidle: using governor menu
[    0.364335] ACPI: bus type PCI registered
[    0.365007] PCI: Using configuration type 1 for base access
[    0.367509] HugeTLB registered 1 GB page size, pre-allocated 0 pages
[    0.368513] HugeTLB registered 2 MB page size, pre-allocated 0 pages
[    0.369557] ACPI: Added _OSI(Module Device)
[    0.370140] ACPI: Added _OSI(Processor Device)
[    0.370800] ACPI: Added _OSI(3.0 _SCP Extensions)
[    0.371444] ACPI: Added _OSI(Processor Aggregator Device)
[    0.372555] ACPI: Executed 2 blocks of module-level executable AML code
[    0.374666] ACPI: Interpreter enabled
[    0.375324] ACPI: (supports S0 S5)
[    0.375817] ACPI: Using IOAPIC for interrupt routing
[    0.376512] PCI: Using host bridge windows from ACPI; if necessary, use "pci=nocrs" and report a bug
[    0.379755] ACPI: PCI Root Bridge [PCI0] (domain 0000 [bus 00-ff])
[    0.380621] acpi PNP0A03:00: _OSC: OS supports [ASPM ClockPM Segments MSI]
[    0.381563] acpi PNP0A03:00: _OSC failed (AE_NOT_FOUND); disabling ASPM
[    0.382471] acpi PNP0A03:00: fail to add MMCONFIG information, can't access extended PCI configuration space under this bridge.
[    0.384108] PCI host bridge to bus 0000:00
[    0.384679] pci_bus 0000:00: root bus resource [io  0x0000-0x0cf7 window]
[    0.385588] pci_bus 0000:00: root bus resource [io  0x0d00-0xffff window]
[    0.386495] pci_bus 0000:00: root bus resource [mem 0x000a0000-0x000bffff window]
[    0.387552] pci_bus 0000:00: root bus resource [mem 0xc0000000-0xfebfffff window]
[    0.388618] pci_bus 0000:00: root bus resource [bus 00-ff]
[    0.416983] pci 0000:00:01.3: quirk: [io  0xb000-0xb03f] claimed by PIIX4 ACPI
[    0.460619] ACPI: PCI Interrupt Link [LNKA] (IRQs 5 *10 11)
[    0.462903] ACPI: PCI Interrupt Link [LNKB] (IRQs 5 *10 11)
[    0.465046] ACPI: PCI Interrupt Link [LNKC] (IRQs 5 10 *11)
[    0.467318] ACPI: PCI Interrupt Link [LNKD] (IRQs 5 10 *11)
[    0.469475] ACPI: PCI Interrupt Link [LNKS] (IRQs *9)
[    0.470811] ACPI: Enabled 16 GPEs in block 00 to 0F
[    0.471807] SCSI subsystem initialized
[    0.472422] pps_core: LinuxPPS API ver. 1 registered
[    0.473195] pps_core: Software ver. 5.3.6 - Copyright 2005-2007 Rodolfo Giometti <giometti@linux.it>
[    0.474709] PTP clock support registered
[    0.475305] wmi: Mapper loaded
[    0.475784] PCI: Using ACPI for IRQ routing
[    0.476647] NetLabel: Initializing
[    0.477220] NetLabel:  domain hash size = 128
[    0.477848] NetLabel:  protocols = UNLABELED CIPSOv4
[    0.478631] NetLabel:  unlabeled traffic allowed by default
[    0.479699] clocksource: Switched to clocksource kvm-clock
[    0.494179] VFS: Disk quotas dquot_6.6.0
[    0.494833] VFS: Dquot-cache hash table entries: 512 (order 0, 4096 bytes)
[    0.496173] FS-Cache: Loaded
[    0.496660] CacheFiles: Loaded
[    0.497150] pnp: PnP ACPI init
[    0.498102] pnp: PnP ACPI: found 7 devices
[    0.504395] clocksource: acpi_pm: mask: 0xffffff max_cycles: 0xffffff, max_idle_ns: 2085701024 ns
[    0.505968] NET: Registered protocol family 2
[    0.506730] TCP established hash table entries: 32768 (order: 6, 262144 bytes)
[    0.508571] TCP bind hash table entries: 32768 (order: 7, 524288 bytes)
[    0.509684] TCP: Hash tables configured (established 32768 bind 32768)
[    0.510684] UDP hash table entries: 2048 (order: 4, 65536 bytes)
[    0.511519] UDP-Lite hash table entries: 2048 (order: 4, 65536 bytes)
[    0.512459] NET: Registered protocol family 1
[    0.513193] RPC: Registered named UNIX socket transport module.
[    0.514034] RPC: Registered udp transport module.
[    0.514790] RPC: Registered tcp transport module.
[    0.515452] RPC: Registered tcp NFSv4.1 backchannel transport module.
[    0.516494] pci 0000:00:00.0: Limiting direct PCI/PCI transfers
[    0.517512] Unpacking initramfs...
[    1.047187] Freeing initrd memory: 34272K (ffff9f4fbde88000 - ffff9f4fc0000000)
[    1.048521] PCI-DMA: Using software bounce buffering for IO (SWIOTLB)
[    1.049389] software IO TLB [mem 0xbbffd000-0xbfffd000] (64MB) mapped at [ffff9f4ffbffd000-ffff9f4fffffcfff]
[    1.051194] RAPL PMU: API unit is 2^-32 Joules, 3 fixed counters, 10737418240 ms ovfl timer
[    1.052536] RAPL PMU: hw unit of domain pp0-core 2^-0 Joules
[    1.053313] RAPL PMU: hw unit of domain package 2^-0 Joules
[    1.054079] RAPL PMU: hw unit of domain dram 2^-0 Joules
[    1.055979] AVX2 or AES-NI instructions are not detected.
[    1.056795] AVX2 instructions are not detected.
[    1.057586] audit: initializing netlink subsys (disabled)
[    1.058367] audit: type=2000 audit(1497171826.285:1): initialized
[    1.059571] workingset: timestamp_bits=46 max_order=20 bucket_order=0
[    1.060904] FS-Cache: Netfs 'nfs' registered for caching
[    1.061768] NFS: Registering the id_resolver key type
[    1.062817] Key type id_resolver registered
[    1.063411] Key type id_legacy registered
[    1.064148] nfs4filelayout_init: NFSv4 File Layout Driver Registering...
[    1.065246] Installing knfsd (copyright (C) 1996 okir@monad.swb.de).
[    1.066293] FS-Cache: Netfs 'cifs' registered for caching
[    1.067295] ntfs: driver 2.1.32 [Flags: R/O].
[    1.067939] fuse init (API version 7.26)
[    1.068566] SGI XFS with ACLs, security attributes, no debug enabled
[    1.069630] 9p: Installing v9fs 9p2000 file system support
[    1.070681] FS-Cache: Netfs '9p' registered for caching
[    1.072379] NET: Registered protocol family 38
[    1.073235] Key type asymmetric registered
[    1.073798] Asymmetric key parser 'x509' registered
[    1.074526] Block layer SCSI generic (bsg) driver version 0.4 loaded (major 251)
[    1.075559] io scheduler noop registered
[    1.076168] io scheduler deadline registered (default)
[    1.076929] io scheduler cfq registered
[    1.077569] pci_hotplug: PCI Hot Plug PCI Core version: 0.5
[    1.078425] pciehp: PCI Express Hot Plug Controller Driver version: 0.4
[    1.079344] shpchp: Standard Hot Plug PCI Controller Driver version: 0.4
[    1.080401] hv_vmbus: registering driver hyperv_fb
[    1.081277] input: Power Button as /devices/LNXSYSTM:00/LNXPWRBN:00/input/input0
[    1.082269] ACPI: Power Button [PWRF]
[    1.082938] input: Sleep Button as /devices/LNXSYSTM:00/LNXSLPBN:00/input/input1
[    1.084183] ACPI: Sleep Button [SLPF]
[    1.085015] GHES: HEST is not enabled!
[    1.087240] ACPI: PCI Interrupt Link [LNKC] enabled at IRQ 11
[    1.088183] virtio-pci 0000:00:03.0: virtio_pci: leaving for legacy driver
[    1.092369] ACPI: PCI Interrupt Link [LNKD] enabled at IRQ 10
[    1.093301] virtio-pci 0000:00:04.0: virtio_pci: leaving for legacy driver
[    1.097349] xenfs: not registering filesystem on non-xen platform
[    1.098277] Serial: 8250/16550 driver, 4 ports, IRQ sharing disabled
[    1.120721] 00:03: ttyS0 at I/O 0x3f8 (irq = 4, base_baud = 115200) is a 16550A
[    1.143978] 00:04: ttyS1 at I/O 0x2f8 (irq = 3, base_baud = 115200) is a 16550A
[    1.167347] 00:05: ttyS2 at I/O 0x3e8 (irq = 6, base_baud = 115200) is a 16550A
[    1.190651] 00:06: ttyS3 at I/O 0x2e8 (irq = 7, base_baud = 115200) is a 16550A
[    1.192562] Initializing Nozomi driver 2.1d
[    1.193614] Non-volatile memory driver v1.3
[    1.194634] Hangcheck: starting hangcheck timer 0.9.1 (tick is 180 seconds, margin is 60 seconds).
[    1.198152] loop: module loaded
[    1.199867] nbd: registered device at major 43
[    1.210868] scsi host0: Virtio SCSI HBA
[    1.213304] scsi 0:0:1:0: Direct-Access     Google   PersistentDisk   1    PQ: 0 ANSI: 6
[    1.229457] random: fast init done
[    1.231916] VMware PVSCSI driver - version 1.0.7.0-k
[    1.233134] hv_vmbus: registering driver hv_storvsc
[    1.234533] sd 0:0:1:0: [sda] 2097152 512-byte logical blocks: (1.07 GB/1.00 GiB)
[    1.236425] sd 0:0:1:0: [sda] 4096-byte physical blocks
[    1.237690] sd 0:0:1:0: Attached scsi generic sg0 type 0
[    1.239179] Ethernet Channel Bonding Driver: v3.7.1 (April 27, 2011)
[    1.241936] sd 0:0:1:0: [sda] Write Protect is off
[    1.243453] sd 0:0:1:0: [sda] Write cache: enabled, read cache: enabled, doesn't support DPO or FUA
[    1.245805] tun: Universal TUN/TAP device driver, 1.6
[    1.247202] tun: (C) 1999-2004 Max Krasnyansky <maxk@qualcomm.com>
[    1.277523] ena: Elastic Network Adapter (ENA) v1.0.2
[    1.278832]  sda: sda1
[    1.279739] e1000: Intel(R) PRO/1000 Network Driver - version 7.3.21-k8-NAPI
[    1.281509] e1000: Copyright (c) 1999-2006 Intel Corporation.
[    1.282695] e1000e: Intel(R) PRO/1000 Network Driver - 3.2.6-k
[    1.284009] e1000e: Copyright(c) 1999 - 2015 Intel Corporation.
[    1.285716] igb: Intel(R) Gigabit Ethernet Network Driver - version 5.4.0-k
[    1.287409] igb: Copyright (c) 2007-2014 Intel Corporation.
[    1.288761] igbvf: Intel(R) Gigabit Virtual Function Network Driver - version 2.4.0-k
[    1.290476] igbvf: Copyright (c) 2009 - 2012 Intel Corporation.
[    1.291783] sd 0:0:1:0: [sda] Attached SCSI disk
[    1.292790] ixgbe: Intel(R) 10 Gigabit PCI Express Network Driver - version 4.4.0-k
[    1.294481] ixgbe: Copyright (c) 1999-2016 Intel Corporation.
[    1.295826] ixgbevf: Intel(R) 10 Gigabit PCI Express Virtual Function Network Driver - version 3.2.2-k
[    1.298151] ixgbevf: Copyright (c) 2009 - 2015 Intel Corporation.
[    1.299744] ixgb: Intel(R) PRO/10GbE Network Driver - version 1.0.135-k2-NAPI
[    1.301431] ixgb: Copyright (c) 1999-2008 Intel Corporation.
[    1.302728] PPP generic driver version 2.4.2
[    1.303761] PPP BSD Compression module registered
[    1.304904] PPP Deflate Compression module registered
[    1.306120] PPP MPPE Compression module registered
[    1.307164] NET: Registered protocol family 24
[    1.308223] PPTP driver version 0.8.5
[    1.309297] VMware vmxnet3 virtual NIC driver - version 1.4.a.0-k-NAPI
[    1.310828] hv_vmbus: registering driver hv_netvsc
[    1.312111] Fusion MPT base driver 3.04.20
[    1.313075] Copyright (c) 1999-2008 LSI Corporation
[    1.314265] Fusion MPT SPI Host driver 3.04.20
[    1.315375] aoe: AoE v85 initialised.
[    1.316291] i8042: PNP: PS/2 Controller [PNP0303:KBD,PNP0f13:MOU] at 0x60,0x64 irq 1,12
[    1.318427] i8042: Warning: Keylock active
[    1.320321] serio: i8042 KBD port at 0x60,0x64 irq 1
[    1.321532] serio: i8042 AUX port at 0x60,0x64 irq 12
[    1.322894] hv_vmbus: registering driver hyperv_keyboard
[    1.324114] mousedev: PS/2 mouse device common for all mice
[    1.325501] input: PC Speaker as /devices/platform/pcspkr/input/input3
[    1.327180] rtc_cmos 00:00: RTC can wake from S4
[    1.328517] rtc_cmos 00:00: rtc core: registered rtc_cmos as rtc0
[    1.330398] rtc_cmos 00:00: alarms up to one day, 114 bytes nvram
[    1.331711] i2c /dev entries driver
[    1.332585] device-mapper: ioctl: 4.35.0-ioctl (2016-06-23) initialised: dm-devel@redhat.com
[    1.334716] hv_utils: Registering HyperV Utility Driver
[    1.335752] hv_vmbus: registering driver hv_util
[    1.336789] hv_vmbus: registering driver hv_balloon
[    1.337807] oprofile: using timer interrupt.
[    1.338917] GACT probability on
[    1.339731] Mirror/redirect action on
[    1.340586] Simple TC action Loaded
[    1.341523] netem: version 1.3
[    1.342242] u32 classifier
[    1.342988]     Performance counters on
[    1.344104]     input device check on
[    1.344962]     Actions configured
[    1.345797] Netfilter messages via NETLINK v0.30.
[    1.346945] nfnl_acct: registering with nfnetlink.
[    1.348326] nf_conntrack version 0.5.0 (16384 buckets, 65536 max)
[    1.349884] ctnetlink v0.93: registering with nfnetlink.
[    1.350996] nf_tables: (c) 2007-2009 Patrick McHardy <kaber@trash.net>
[    1.352506] nf_tables_compat: (c) 2012 Pablo Neira Ayuso <pablo@netfilter.org>
[    1.354194] xt_time: kernel timezone is -0000
[    1.355140] ip_set: protocol 6
[    1.355916] IPVS: Registered protocols (TCP, UDP, SCTP, AH, ESP)
[    1.357383] IPVS: Connection hash table configured (size=4096, memory=64Kbytes)
[    1.359171] IPVS: Creating netns size=2104 id=0
[    1.360318] IPVS: ipvs loaded.
[    1.361040] IPVS: [rr] scheduler registered.
[    1.361841] IPVS: [wrr] scheduler registered.
[    1.362952] IPVS: [lc] scheduler registered.
[    1.363924] IPVS: [wlc] scheduler registered.
[    1.364778] IPVS: [fo] scheduler registered.
[    1.365858] IPVS: [ovf] scheduler registered.
[    1.367010] IPVS: [lblc] scheduler registered.
[    1.368075] IPVS: [lblcr] scheduler registered.
[    1.369092] IPVS: [dh] scheduler registered.
[    1.370166] IPVS: [sh] scheduler registered.
[    1.371094] IPVS: [sed] scheduler registered.
[    1.372027] IPVS: [nq] scheduler registered.
[    1.373008] IPVS: ftp: loaded support on port[0] = 21
[    1.374728] ipip: IPv4 and MPLS over IPv4 tunneling driver
[    1.376185] gre: GRE over IPv4 demultiplexor driver
[    1.377410] ip_gre: GRE over IPv4 tunneling driver
[    1.378774] IPv4 over IPsec tunneling driver
[    1.380006] ip_tables: (C) 2000-2006 Netfilter Core Team
[    1.381214] ipt_CLUSTERIP: ClusterIP Version 0.8 loaded successfully
[    1.382740] arp_tables: arp_tables: (C) 2002 David S. Miller
[    1.384195] Initializing XFRM netlink socket
[    1.385203] NET: Registered protocol family 10
[    1.386629] mip6: Mobile IPv6
[    1.387339] ip6_tables: (C) 2000-2006 Netfilter Core Team
[    1.388850] sit: IPv6, IPv4 and MPLS over IPv4 tunneling driver
[    1.390484] ip6_gre: GRE over IPv6 tunneling driver
[    1.391795] NET: Registered protocol family 17
[    1.392948] NET: Registered protocol family 15
[    1.394028] Bridge firewalling registered
[    1.394985] Ebtables v2.0 registered
[    1.395945] l2tp_core: L2TP core driver, V2.0
[    1.396992] l2tp_ppp: PPPoL2TP kernel driver, V2.0
[    1.398131] 8021q: 802.1Q VLAN Support v1.8
[    1.399187] 9pnet: Installing 9P2000 support
[    1.400151] Key type dns_resolver registered
[    1.401284] openvswitch: Open vSwitch switching datapath
[    1.402622] mpls_gso: MPLS GSO support
[    1.403656] microcode: sig=0x206d7, pf=0x1, revision=0x1
[    1.405117] microcode: Microcode Update Driver: v2.01 <tigran@aivazian.fsnet.co.uk>, Peter Oruba
[    1.407224] AVX version of gcm_enc/dec engaged.
[    1.408355] AES CTR mode by8 optimization enabled
[    1.409805] registered taskstats version 1
[    1.412224] Key type big_key registered
[    1.413813] Key type encrypted registered
[    1.414937] rtc_cmos 00:00: setting system clock to 2017-06-11 09:03:46 UTC (1497171826)
[    1.418651] Freeing unused kernel memory: 1456K (ffffffffbaf90000 - ffffffffbb0fc000)
[    1.419968] Write protecting the kernel read-only data: 14336k
[    1.421082] Freeing unused kernel memory: 700K (ffff9f4ff0951000 - ffff9f4ff0a00000)
[    1.424926] Freeing unused kernel memory: 976K (ffff9f4ff0d0c000 - ffff9f4ff0e00000)
[    1.530009] input: AT Translated Set 2 keyboard as /devices/platform/i8042/serio0/input/input2

Starting containerd

Welcome to LinuxKit

                        ##         .
                  ## ## ##        ==
               ## ## ## ## ##    ===
           /"""""""""""""""""\___/ ===
      ~~~ {~~ ~~~~ ~~~ ~~~~ ~~~ ~ /  ===- ~~~
           \______ o           __/
             \    \         __/
              \____\_______/

[34mINFO[0m[0000] starting containerd boot...                   [34mmodule[0m=containerd
[34mINFO[0m[0000] starting debug API...                         [34mdebug[0m="/run/containerd/debug.sock" [34mmodule[0m=containerd
[34mINFO[0m[0000] loading monitor plugin "cgroups"...           [34mmodule[0m=containerd
[34mINFO[0m[0000] loading runtime plugin "linux"...             [34mmodule[0m=containerd
[34mINFO[0m[0000] loading snapshot plugin "snapshot-overlay"...  [34mmodule[0m=containerd
[34mINFO[0m[0000] loading differ plugin "diff-base"...          [34mmodule[0m=containerd
[34mINFO[0m[0000] loading grpc service plugin "content-grpc"...  [34mmodule[0m=containerd
[34mINFO[0m[0000] loading grpc service plugin "images-grpc"...  [34mmodule[0m=containerd
[34mINFO[0m[0000] loading grpc service plugin "version-grpc"...  [34mmodule[0m=containerd
[34mINFO[0m[0000] loading grpc service plugin "containers-grpc"...  [34mmodule[0m=containerd
[34mINFO[0m[0000] loading grpc service plugin "healthcheck-grpc"...  [34mmodule[0m=containerd
[34mINFO[0m[0000] loading grpc service plugin "namespaces-grpc"...  [34mmodule[0m=containerd
[34mINFO[0m[0000] loading grpc service plugin "snapshots-grpc"...  [34mmodule[0m=containerd
[34mINFO[0m[0000] loading grpc service plugin "diff-grpc"...    [34mmodule[0m=containerd
[34mINFO[0m[0000] loading grpc service plugin "tasks-grpc"...   [34mmodule[0m=containerd
[34mINFO[0m[0000] loading grpc service plugin "metrics-grpc"...  [34mmodule[0m=containerd
[34mINFO[0m[0000] starting GRPC API server...                   [34mmodule[0m=containerd
[34mINFO[0m[0000] containerd successfully booted in 0.005247s   [34mmodule[0m=containerd
eth0: waiting for carrier
eth0: could not detect a useable init system
eth0: carrier acquired
DUID 00:01:00:01:20:cf:c3:f3:42:01:0a:84:00:04
eth0: IAID 0a:84:00:04
eth0: adding address fe80::9cdb:98ca:6b61:be6a
eth0: soliciting an IPv6 router
eth0: soliciting a DHCP lease
eth0: offered 10.132.0.4 from 169.254.169.254
eth0: leased 10.132.0.4 for 86400 seconds
eth0: adding host route to 10.132.0.1
eth0: adding default route via 10.132.0.1
exiting due to oneshot
dhcpcd exited
 - 000-dhcpcd
starting kernel config sanity test with /proc/config.gz
kernel config test succeeded!
[37minfo: reading kernel config from /proc/config.gz ...[m

Generally Necessary:
- [37mcgroup hierarchy[m: [32mproperly mounted[m [/sys/fs/cgroup]
- [37mCONFIG_NAMESPACES[m: [32menabled[m
- [37mCONFIG_NET_NS[m: [32menabled[m
- [37mCONFIG_PID_NS[m: [32menabled[m
- [37mCONFIG_IPC_NS[m: [32menabled[m
- [37mCONFIG_UTS_NS[m: [32menabled[m
- [37mCONFIG_CGROUPS[m: [32menabled[m
- [37mCONFIG_CGROUP_CPUACCT[m: [32menabled[m
- [37mCONFIG_CGROUP_DEVICE[m: [32menabled[m
- [    2.129761] tsc: Refined TSC clocksource calibration: 2600.003 MHz
[    2.130617] clocksource: tsc: mask: 0xffffffffffffffff max_cycles: 0x257a3ef07ae, max_idle_ns: 440795268508 ns
[37mCONFIG_CGROUP_FREEZER[m: [32menabled[m
- [37mCONFIG_CGROUP_SCHED[m: [32menabled[m
- [37mCONFIG_CPUSETS[m: [32menabled[m
- [37mCONFIG_MEMCG[m: [32menabled[m
- [37mCONFIG_KEYS[m: [32menabled[m
- [37mCONFIG_VETH[m: [32menabled[m
- [37mCONFIG_BRIDGE[m: [32menabled[m
- [37mCONFIG_BRIDGE_NETFILTER[m: [32menabled[m
- [37mCONFIG_NF_NAT_IPV4[m: [32menabled[m
- [37mCONFIG_IP_NF_FILTER[m: [32menabled[m
- [37mCONFIG_IP_NF_TARGET_MASQUERADE[m: [32menabled[m
- [37mCONFIG_NETFILTER_XT_MATCH_ADDRTYPE[m: [32menabled[m
- [37mCONFIG_NETFILTER_XT_MATCH_CONNTRACK[m: [32menabled[m
- [37mCONFIG_NETFILTER_XT_MATCH_IPVS[m: [32menabled[m
- [37mCONFIG_IP_NF_NAT[m: [32menabled[m
- [37mCONFIG_NF_NAT[m: [32menabled[m
- [37mCONFIG_NF_NAT_NEEDED[m: [32menabled[m
- [37mCONFIG_POSIX_MQUEUE[m: [32menabled[m

Optional Features:
- [37mCONFIG_USER_NS[m: [32menabled[m
- [37mCONFIG_SECCOMP[m: [32menabled[m
- [37mCONFIG_CGROUP_PIDS[m: [32menabled[m
- [37mCONFIG_MEMCG_SWAP[m: [32menabled[m
- [37mCONFIG_MEMCG_SWAP_ENABLED[m: [32menabled[m
    [1;30m(cgroup swap accounting is currently enabled)[m
- [1mCONFIG_LEGACY_VSYSCALL_NONE[m: [1;31menabled[m
    [1;30m(containers using eglibc <= 2.13 will not work. Switch to[m
    [1;30m "CONFIG_VSYSCALL_[NATIVE|EMULATE]" or use "vsyscall=[native|emulate]"[m
    [1;30m on kernel command line. Note that this will disable ASLR for the,[m
    [1;30m VDSO which may assist in exploiting security vulnerabilities.)[m
- [37mCONFIG_BLK_CGROUP[m: [32menabled[m
- [37mCONFIG_BLK_DEV_THROTTLING[m: [32menabled[m
- [37mCONFIG_IOSCHED_CFQ[m: [32menabled[m
- [37mCONFIG_CFQ_GROUP_IOSCHED[m: [32menabled[m
- [37mCONFIG_CGROUP_PERF[m: [32menabled[m
- [37mCONFIG_CGROUP_HUGETLB[m: [32menabled[m
- [37mCONFIG_NET_CLS_CGROUP[m: [32menabled[m
- [37mCONFIG_CGROUP_NET_PRIO[m: [32menabled[m
- [37mCONFIG_CFS_BANDWIDTH[m: [32menabled[m
- [37mCONFIG_FAIR_GROUP_SCHED[m: [32menabled[m
- [37mCONFIG_RT_GROUP_SCHED[m: [32menabled[m
- [37mCONFIG_IP_VS[m: [32menabled[m
- [37mCONFIG_IP_VS_NFCT[m: [32menabled[m
- [37mCONFIG_IP_VS_RR[m: [32menabled[m
- [37mCONFIG_EXT4_FS[m: [32menabled[m
- [37mCONFIG_EXT4_FS_POSIX_ACL[m: [32menabled[m
- [37mCONFIG_EXT4_FS_SECURITY[m: [32menabled[m
- Network Drivers:
  - "[34moverlay[m":
    - [37mCONFIG_VXLAN[m: [32menabled[m
      Optional (for encrypted networks):
      - [37mCONFIG_CRYPTO[m: [32menabled[m
      - [37mCONFIG_CRYPTO_AEAD[m: [32menabled[m
      - [37mCONFIG_CRYPTO_GCM[m: [32menabled[m
      - [37mCONFIG_CRYPTO_SEQIV[m: [32menabled[m
      - [37mCONFIG_CRYPTO_GHASH[m: [32menabled[m
      - [37mCONFIG_XFRM[m: [32menabled[m
      - [37mCONFIG_XFRM_USER[m: [32menabled[m
      - [37mCONFIG_XFRM_ALGO[m: [32menabled[m
      - [37mCONFIG_INET_ESP[m: [32menabled[m
      - [37mCONFIG_INET_XFRM_MODE_TRANSPORT[m: [32menabled[m
  - "[34mipvlan[m":
    - [37mCONFIG_IPVLAN[m: [32menabled[m
  - "[34mmacvlan[m":
    - [37mCONFIG_MACVLAN[m: [32menabled[m
    - [37mCONFIG_DUMMY[m: [32menabled[m
  - "[34mftp,tftp client in container[m":
    - [37mCONFIG_NF_NAT_FTP[m: [32menabled[m
    - [37mCONFIG_NF_CONNTRACK_FTP[m: [32menabled[m
    - [37mCONFIG_NF_NAT_TFTP[m: [32menabled[m
    - [37mCONFIG_NF_CONNTRACK_TFTP[m: [32menabled[m
- Storage Drivers:
  - "[34maufs[m":
    - [1mCONFIG_AUFS_FS[m: [1;31mmissing[m
  - "[34mbtrfs[m":
    - [37mCONFIG_BTRFS_FS[m: [32menabled (as module)[m
    - [37mCONFIG_BTRFS_FS_POSIX_ACL[m: [32menabled[m
  - "[34mdevicemapper[m":
    - [37mCONFIG_BLK_DEV_DM[m: [32menabled[m
    - [37mCONFIG_DM_THIN_PROVISIONING[m: [32menabled[m
  - "[34moverlay[m":
    - [37mCONFIG_OVERLAY_FS[m: [32menabled[m
  - "[34mzfs[m":
    - [1m/dev/zfs[m: [1;31mmissing[m
    - [1mzfs command[m: [1;31mmissing[m
    - [1mzpool command[m: [1;31mmissing[m

Limits:
[37m- /proc/sys/kernel/keys/root_maxkeys[m: [32m1000000[m

Kernel config test suite PASSED

                        ##         .
                  ## ## ##        ==[2017-06-11 09:03.48] Tests passed!
[2017-06-11 09:03.48] Removing test VM...
[2017-06-11 09:03.48] Running "/gcloud/destroy.py" "linuxkit-ci-3"
INFO:root:Destroying VM
INFO:oauth2client.transport:Attempting refresh to obtain initial access_token
INFO:oauth2client.client:Refreshing access_token
INFO:root:Waiting for zone operation to finish
INFO:root:Operation in progress... waiting...
INFO:root:Operation in progress... waiting...
INFO:root:Operation in progress... waiting...
INFO:root:Operation in progress... waiting...
INFO:root:Operation in progress... waiting...
INFO:root:Operation in progress... waiting...
INFO:root:Operation in progress... waiting...
[2017-06-11 09:04.27] Success
