=== Build LinuxKit
[2017-06-28 16:58.28] Starting...
Cloning into '/tmp/with_clonec813d83'...
done.
HEAD is now at d113ff7d DEBUG: Log the git version too
[2017-06-28 17:30.38] Running "cp" "-p" "--" "/gcloud/ci-setup.sh" "/tmp/with_clonec813d83/ci-setup.sh"
[2017-06-28 17:30.38] Building with timeout of 120 minutes
[2017-06-28 17:30.38] Running "/gcloud/create.py" "linuxkit-ci-3"
INFO:oauth2client.transport:Attempting refresh to obtain initial access_token
INFO:oauth2client.client:Refreshing access_token
INFO:root:Using source disk image https://www.googleapis.com/compute/v1/projects/moby-datakit-ci/global/images/linuxkit-ci-builder-4
INFO:root:Creating VM
INFO:root:Waiting for zone operation to finish
INFO:root:Operation in progress... waiting...
INFO:root:Operation in progress... waiting...
INFO:root:Operation in progress... waiting...
INFO:root:Operation in progress... waiting...
INFO:root:Getting VM details
[2017-06-28 17:31.03] Created new VM linuxkit-ci-3
[2017-06-28 17:31.03] Running "ssh" "-i" "/run/secrets/builder-ssh" "-o" "StrictHostKeyChecking=no" "root@35.189.222.19" "/usr/local/bin/test.sh"

[+  1m 29s] Warning: Permanently added '35.189.222.19' (ECDSA) to the list of known hosts.
[+  1m 30s] + rm -rf /tmp/build
[+  1m 30s] + mkdir /tmp/build
[+  1m 30s] + cd /tmp/build
[+  1m 30s] + tar xf -
[+  1m 39s] + '[' -x ci-setup.sh ']'
[+  1m 39s] + ./ci-setup.sh
[+  1m 39s] + mkdir -p /tmp/build/test/_results /tmp/build/artifacts
[+  1m 39s] + sysctl vm.overcommit_memory=1
[+  1m 39s] vm.overcommit_memory = 1
[+  1m 39s] + make ci-pr
[+  1m 40s] make clean
[+  1m 40s] make[1]: Entering directory '/tmp/build'
[+  1m 40s] rm -rf bin *.log *-kernel *-cmdline *-state *.img *.iso *.gz *.qcow2 *.vhd *.vmx *.vmdk *.tar 
[+  1m 40s] make[1]: Leaving directory '/tmp/build'
[+  1m 40s] make -j 3 GOOS=darwin tmp_moby_bin.tar tmp_rtf_bin.tar tmp_linuxkit_bin.tar
[+  1m 40s] make[1]: Entering directory '/tmp/build'
[+  1m 40s] docker run --rm --log-driver=none -e GOOS=darwin linuxkit/go-compile:6579a00b44686d0e504d513fc4860094769fe7df --clone-path github.com/moby/tool --clone https://github.com/moby/tool.git --commit d8cc1b3f08df02ad563d3f548ac2527931a925a6 --package github.com/moby/tool/cmd/moby --ldflags "-X main.GitCommit=d8cc1b3f08df02ad563d3f548ac2527931a925a6 -X main.Version=0.0" -o bin/moby > tmp_moby_bin.tar
[+  1m 40s] docker run --rm --log-driver=none -e GOOS=darwin linuxkit/go-compile:6579a00b44686d0e504d513fc4860094769fe7df --clone-path github.com/linuxkit/rtf --clone https://github.com/linuxkit/rtf.git --commit 34ec986e726d661f2a25ff085d669e057e3e5345 --package github.com/linuxkit/rtf --ldflags "-X github.com/linuxkit/rtf/cmd.GitCommit=34ec986e726d661f2a25ff085d669e057e3e5345 -X github.com/linuxkit/rtf/cmd.Version=0.0" -o bin/rtf > tmp_rtf_bin.tar
[+  1m 40s] tar cf - vendor -C src/cmd/linuxkit . | docker run --rm --net=none --log-driver=none -i -e GOOS=darwin linuxkit/go-compile:6579a00b44686d0e504d513fc4860094769fe7df --package github.com/linuxkit/linuxkit --ldflags "-X main.GitCommit=d113ff7dc52ab49f3a74dec30a9c3f3ba79b7aaf -X main.Version="0.0" " -o bin/linuxkit > tmp_linuxkit_bin.tar
[+  1m 41s] Unable to find image 'linuxkit/go-compile:6579a00b44686d0e504d513fc4860094769fe7df' locally
[+  1m 41s] Unable to find image 'linuxkit/go-compile:6579a00b44686d0e504d513fc4860094769fe7df' locally
[+  1m 41s] Unable to find image 'linuxkit/go-compile:6579a00b44686d0e504d513fc4860094769fe7df' locally
[+  1m 42s] 6579a00b44686d0e504d513fc4860094769fe7df: Pulling from linuxkit/go-compile
[+  1m 42s] 6579a00b44686d0e504d513fc4860094769fe7df: Pulling from linuxkit/go-compile
[+  1m 42s] 7bee6021d73b: Pulling fs layer
[+  1m 42s] bc2351846d69: Pulling fs layer
[+  1m 42s] f445d9c10f23: Pulling fs layer
[+  1m 42s] 7bee6021d73b: Pulling fs layer
[+  1m 42s] bc2351846d69: Pulling fs layer
[+  1m 42s] f445d9c10f23: Pulling fs layer
[+  1m 42s] 6579a00b44686d0e504d513fc4860094769fe7df: Pulling from linuxkit/go-compile
[+  1m 42s] 7bee6021d73b: Pulling fs layer
[+  1m 42s] bc2351846d69: Pulling fs layer
[+  1m 42s] f445d9c10f23: Pulling fs layer
[+  1m 43s] f445d9c10f23: Download complete
[+  1m 43s] f445d9c10f23: Download complete
[+  1m 43s] f445d9c10f23: Download complete
[+  1m 43s] bc2351846d69: Verifying Checksum
[+  1m 43s] bc2351846d69: Verifying Checksum
[+  1m 43s] bc2351846d69: Verifying Checksum
[+  1m 43s] bc2351846d69: Download complete
[+  1m 43s] bc2351846d69: Download complete
[+  1m 43s] bc2351846d69: Download complete
[+  1m 56s] 7bee6021d73b: Download complete
[+  1m 56s] 7bee6021d73b: Verifying Checksum
[+  1m 56s] 7bee6021d73b: Download complete
[+  1m 56s] 7bee6021d73b: Download complete
[+  2m 03s] 7bee6021d73b: 7bee6021d73b: Pull complete
[+  2m 03s] Pull complete
[+  2m 03s] 7bee6021d73b: Pull complete
[+  2m 03s] bc2351846d69: bc2351846d69: Pull complete
[+  2m 03s] Pull complete
[+  2m 03s] bc2351846d69: Pull complete
[+  2m 04s] f445d9c10f23: f445d9c10f23: Pull complete
[+  2m 04s] Pull complete
[+  2m 04s] f445d9c10f23: Pull complete
[+  2m 04s] Digest: sha256:65aa61308f71f509fd003bac05d60644243c863def805992948a0e5a02b95c09
[+  2m 04s] Digest: sha256:65aa61308f71f509fd003bac05d60644243c863def805992948a0e5a02b95c09
[+  2m 04s] Digest: sha256:65aa61308f71f509fd003bac05d60644243c863def805992948a0e5a02b95c09
[+  2m 04s] Status: Image is up to date for linuxkit/go-compile:6579a00b44686d0e504d513fc4860094769fe7df
[+  2m 04s] Status: Downloaded newer image for linuxkit/go-compile:6579a00b44686d0e504d513fc4860094769fe7df
[+  2m 04s] Status: Image is up to date for linuxkit/go-compile:6579a00b44686d0e504d513fc4860094769fe7df
[+  2m 05s] Cloning into '.'...
[+  2m 05s] Cloning into '.'...
[+  2m 05s] gofmt...
[+  2m 06s] Note: checking out '34ec986e726d661f2a25ff085d669e057e3e5345'.
[+  2m 06s] 
[+  2m 06s] You are in 'detached HEAD' state. You can look around, make experimental
[+  2m 06s] changes and commit them, and you can discard any commits you make in this
[+  2m 06s] state without impacting any branches by performing another checkout.
[+  2m 06s] 
[+  2m 06s] If you want to create a new branch to retain commits you create, you may
[+  2m 06s] do so (now or later) by using -b with the checkout command again. Example:
[+  2m 06s] 
[+  2m 06s]   git checkout -b <new-branch-name>
[+  2m 06s] 
[+  2m 06s] HEAD is now at 34ec986... Merge pull request #18 from dave-tucker/label-fix
[+  2m 06s] gofmt...
[+  2m 06s] Note: checking out 'd8cc1b3f08df02ad563d3f548ac2527931a925a6'.
[+  2m 06s] 
[+  2m 06s] You are in 'detached HEAD' state. You can look around, make experimental
[+  2m 06s] changes and commit them, and you can discard any commits you make in this
[+  2m 06s] state without impacting any branches by performing another checkout.
[+  2m 06s] 
[+  2m 06s] If you want to create a new branch to retain commits you create, you may
[+  2m 06s] do so (now or later) by using -b with the checkout command again. Example:
[+  2m 06s] 
[+  2m 06s]   git checkout -b <new-branch-name>
[+  2m 06s] 
[+  2m 06s] HEAD is now at d8cc1b3... Merge pull request #82 from justincormack/source-ifpresent
[+  2m 06s] gofmt...
[+  2m 06s] govet...
[+  2m 07s] golint...
[+  2m 07s] ineffassign...
[+  2m 07s] go build...
[+  2m 10s] govet...
[+  2m 13s] govet...
[+  2m 13s] golint...
[+  2m 13s] ineffassign...
[+  2m 13s] go build...
[+  2m 22s] golint...
[+  2m 23s] ineffassign...
[+  2m 23s] go build...
[+  3m 48s] make[1]: Leaving directory '/tmp/build'
[+  3m 48s] make clean
[+  3m 48s] make[1]: Entering directory '/tmp/build'
[+  3m 48s] rm -rf bin *.log *-kernel *-cmdline *-state *.img *.iso *.gz *.qcow2 *.vhd *.vmx *.vmdk *.tar 
[+  3m 48s] make[1]: Leaving directory '/tmp/build'
[+  3m 48s] make -j 3 GOOS=windows tmp_moby_bin.tar tmp_rtf_bin.tar tmp_linuxkit_bin.tar
[+  3m 48s] make[1]: Entering directory '/tmp/build'
[+  3m 48s] docker run --rm --log-driver=none -e GOOS=windows linuxkit/go-compile:6579a00b44686d0e504d513fc4860094769fe7df --clone-path github.com/moby/tool --clone https://github.com/moby/tool.git --commit d8cc1b3f08df02ad563d3f548ac2527931a925a6 --package github.com/moby/tool/cmd/moby --ldflags "-X main.GitCommit=d8cc1b3f08df02ad563d3f548ac2527931a925a6 -X main.Version=0.0" -o bin/moby > tmp_moby_bin.tar
[+  3m 48s] docker run --rm --log-driver=none -e GOOS=windows linuxkit/go-compile:6579a00b44686d0e504d513fc4860094769fe7df --clone-path github.com/linuxkit/rtf --clone https://github.com/linuxkit/rtf.git --commit 34ec986e726d661f2a25ff085d669e057e3e5345 --package github.com/linuxkit/rtf --ldflags "-X github.com/linuxkit/rtf/cmd.GitCommit=34ec986e726d661f2a25ff085d669e057e3e5345 -X github.com/linuxkit/rtf/cmd.Version=0.0" -o bin/rtf > tmp_rtf_bin.tar
[+  3m 48s] tar cf - vendor -C src/cmd/linuxkit . | docker run --rm --net=none --log-driver=none -i -e GOOS=windows linuxkit/go-compile:6579a00b44686d0e504d513fc4860094769fe7df --package github.com/linuxkit/linuxkit --ldflags "-X main.GitCommit=d113ff7dc52ab49f3a74dec30a9c3f3ba79b7aaf -X main.Version="0.0" " -o bin/linuxkit > tmp_linuxkit_bin.tar
[+  3m 49s] gofmt...
[+  3m 49s] Cloning into '.'...
[+  3m 49s] Cloning into '.'...
[+  3m 50s] Note: checking out '34ec986e726d661f2a25ff085d669e057e3e5345'.
[+  3m 50s] 
[+  3m 50s] You are in 'detached HEAD' state. You can look around, make experimental
[+  3m 50s] changes and commit them, and you can discard any commits you make in this
[+  3m 50s] state without impacting any branches by performing another checkout.
[+  3m 50s] 
[+  3m 50s] If you want to create a new branch to retain commits you create, you may
[+  3m 50s] do so (now or later) by using -b with the checkout command again. Example:
[+  3m 50s] 
[+  3m 50s]   git checkout -b <new-branch-name>
[+  3m 50s] 
[+  3m 50s] HEAD is now at 34ec986... Merge pull request #18 from dave-tucker/label-fix
[+  3m 50s] gofmt...
[+  3m 51s] Note: checking out 'd8cc1b3f08df02ad563d3f548ac2527931a925a6'.
[+  3m 51s] 
[+  3m 51s] You are in 'detached HEAD' state. You can look around, make experimental
[+  3m 51s] changes and commit them, and you can discard any commits you make in this
[+  3m 51s] state without impacting any branches by performing another checkout.
[+  3m 51s] 
[+  3m 51s] If you want to create a new branch to retain commits you create, you may
[+  3m 51s] do so (now or later) by using -b with the checkout command again. Example:
[+  3m 51s] 
[+  3m 51s]   git checkout -b <new-branch-name>
[+  3m 51s] 
[+  3m 51s] HEAD is now at d8cc1b3... Merge pull request #82 from justincormack/source-ifpresent
[+  3m 51s] gofmt...
[+  3m 51s] govet...
[+  3m 51s] golint...
[+  3m 51s] ineffassign...
[+  3m 52s] go build...
[+  3m 54s] govet...
[+  3m 57s] golint...
[+  3m 57s] ineffassign...
[+  3m 57s] govet...
[+  3m 58s] go build...
[+  4m 08s] golint...
[+  4m 08s] ineffassign...
[+  4m 09s] go build...
[+  5m 37s] make[1]: Leaving directory '/tmp/build'
[+  5m 37s] make clean
[+  5m 37s] make[1]: Entering directory '/tmp/build'
[+  5m 37s] rm -rf bin *.log *-kernel *-cmdline *-state *.img *.iso *.gz *.qcow2 *.vhd *.vmx *.vmdk *.tar 
[+  5m 37s] make[1]: Leaving directory '/tmp/build'
[+  5m 37s] make -j 3 GOOS=linux tmp_moby_bin.tar tmp_rtf_bin.tar tmp_linuxkit_bin.tar
[+  5m 37s] make[1]: Entering directory '/tmp/build'
[+  5m 37s] docker run --rm --log-driver=none  linuxkit/go-compile:6579a00b44686d0e504d513fc4860094769fe7df --clone-path github.com/moby/tool --clone https://github.com/moby/tool.git --commit d8cc1b3f08df02ad563d3f548ac2527931a925a6 --package github.com/moby/tool/cmd/moby --ldflags "-X main.GitCommit=d8cc1b3f08df02ad563d3f548ac2527931a925a6 -X main.Version=0.0" -o bin/moby > tmp_moby_bin.tar
[+  5m 37s] docker run --rm --log-driver=none  linuxkit/go-compile:6579a00b44686d0e504d513fc4860094769fe7df --clone-path github.com/linuxkit/rtf --clone https://github.com/linuxkit/rtf.git --commit 34ec986e726d661f2a25ff085d669e057e3e5345 --package github.com/linuxkit/rtf --ldflags "-X github.com/linuxkit/rtf/cmd.GitCommit=34ec986e726d661f2a25ff085d669e057e3e5345 -X github.com/linuxkit/rtf/cmd.Version=0.0" -o bin/rtf > tmp_rtf_bin.tar
[+  5m 37s] tar cf - vendor -C src/cmd/linuxkit . | docker run --rm --net=none --log-driver=none -i  linuxkit/go-compile:6579a00b44686d0e504d513fc4860094769fe7df --package github.com/linuxkit/linuxkit --ldflags "-X main.GitCommit=d113ff7dc52ab49f3a74dec30a9c3f3ba79b7aaf -X main.Version="0.0" " -o bin/linuxkit > tmp_linuxkit_bin.tar
[+  5m 38s] Cloning into '.'...
[+  5m 38s] Cloning into '.'...
[+  5m 38s] gofmt...
[+  5m 39s] Note: checking out '34ec986e726d661f2a25ff085d669e057e3e5345'.
[+  5m 39s] 
[+  5m 39s] You are in 'detached HEAD' state. You can look around, make experimental
[+  5m 39s] changes and commit them, and you can discard any commits you make in this
[+  5m 39s] state without impacting any branches by performing another checkout.
[+  5m 39s] 
[+  5m 39s] If you want to create a new branch to retain commits you create, you may
[+  5m 39s] do so (now or later) by using -b with the checkout command again. Example:
[+  5m 39s] 
[+  5m 39s]   git checkout -b <new-branch-name>
[+  5m 39s] 
[+  5m 39s] HEAD is now at 34ec986... Merge pull request #18 from dave-tucker/label-fix
[+  5m 39s] gofmt...
[+  5m 40s] Note: checking out 'd8cc1b3f08df02ad563d3f548ac2527931a925a6'.
[+  5m 40s] 
[+  5m 40s] You are in 'detached HEAD' state. You can look around, make experimental
[+  5m 40s] changes and commit them, and you can discard any commits you make in this
[+  5m 40s] state without impacting any branches by performing another checkout.
[+  5m 40s] 
[+  5m 40s] If you want to create a new branch to retain commits you create, you may
[+  5m 40s] do so (now or later) by using -b with the checkout command again. Example:
[+  5m 40s] 
[+  5m 40s]   git checkout -b <new-branch-name>
[+  5m 40s] 
[+  5m 40s] HEAD is now at d8cc1b3... Merge pull request #82 from justincormack/source-ifpresent
[+  5m 40s] gofmt...
[+  5m 40s] govet...
[+  5m 40s] golint...
[+  5m 41s] ineffassign...
[+  5m 41s] go build...
[+  5m 43s] govet...
[+  5m 46s] govet...
[+  5m 46s] golint...
[+  5m 46s] ineffassign...
[+  5m 46s] go build...
[+  5m 55s] golint...
[+  5m 56s] ineffassign...
[+  5m 57s] go build...
[+  7m 21s] make[1]: Leaving directory '/tmp/build'
[+  7m 21s] make clean
[+  7m 21s] make[1]: Entering directory '/tmp/build'
[+  7m 21s] rm -rf bin *.log *-kernel *-cmdline *-state *.img *.iso *.gz *.qcow2 *.vhd *.vmx *.vmdk *.tar 
[+  7m 21s] make[1]: Leaving directory '/tmp/build'
[+  7m 21s] git version
[+  7m 21s] git version 2.1.4
[+  7m 21s] git status
[+  7m 21s] On branch master
[+  7m 21s] Your branch is ahead of 'origin/master' by 585 commits.
[+  7m 21s]   (use "git push" to publish your local commits)
[+  7m 21s] Untracked files:
[+  7m 21s]   (use "git add <file>..." to include in what will be committed)
[+  7m 21s] 
[+  7m 21s] 	ci-setup.sh
[+  7m 21s] 
[+  7m 21s] nothing added to commit but untracked files present (use "git add" to track)
[+  7m 21s] make
[+  7m 21s] make[1]: Entering directory '/tmp/build'
[+  7m 21s] docker run --rm --log-driver=none  linuxkit/go-compile:6579a00b44686d0e504d513fc4860094769fe7df --clone-path github.com/moby/tool --clone https://github.com/moby/tool.git --commit d8cc1b3f08df02ad563d3f548ac2527931a925a6 --package github.com/moby/tool/cmd/moby --ldflags "-X main.GitCommit=d8cc1b3f08df02ad563d3f548ac2527931a925a6 -X main.Version=0.0" -o bin/moby > tmp_moby_bin.tar
[+  7m 21s] Cloning into '.'...
[+  7m 23s] Note: checking out 'd8cc1b3f08df02ad563d3f548ac2527931a925a6'.
[+  7m 23s] 
[+  7m 23s] You are in 'detached HEAD' state. You can look around, make experimental
[+  7m 23s] changes and commit them, and you can discard any commits you make in this
[+  7m 23s] state without impacting any branches by performing another checkout.
[+  7m 23s] 
[+  7m 23s] If you want to create a new branch to retain commits you create, you may
[+  7m 23s] do so (now or later) by using -b with the checkout command again. Example:
[+  7m 23s] 
[+  7m 23s]   git checkout -b <new-branch-name>
[+  7m 23s] 
[+  7m 23s] HEAD is now at d8cc1b3... Merge pull request #82 from justincormack/source-ifpresent
[+  7m 23s] gofmt...
[+  7m 23s] govet...
[+  7m 23s] golint...
[+  7m 23s] ineffassign...
[+  7m 23s] go build...
[+  7m 46s] mkdir -p bin
[+  7m 46s] tar xf tmp_moby_bin.tar
[+  7m 46s] rm tmp_moby_bin.tar
[+  7m 46s] touch bin/moby
[+  7m 46s] tar cf - vendor -C src/cmd/linuxkit . | docker run --rm --net=none --log-driver=none -i  linuxkit/go-compile:6579a00b44686d0e504d513fc4860094769fe7df --package github.com/linuxkit/linuxkit --ldflags "-X main.GitCommit=d113ff7dc52ab49f3a74dec30a9c3f3ba79b7aaf -X main.Version="0.0" " -o bin/linuxkit > tmp_linuxkit_bin.tar
[+  7m 46s] gofmt...
[+  7m 50s] govet...
[+  7m 53s] golint...
[+  7m 53s] ineffassign...
[+  7m 53s] go build...
[+  8m 47s] tar xf tmp_linuxkit_bin.tar
[+  8m 47s] rm tmp_linuxkit_bin.tar
[+  8m 47s] touch bin/linuxkit
[+  8m 47s] docker run --rm --log-driver=none  linuxkit/go-compile:6579a00b44686d0e504d513fc4860094769fe7df --clone-path github.com/linuxkit/rtf --clone https://github.com/linuxkit/rtf.git --commit 34ec986e726d661f2a25ff085d669e057e3e5345 --package github.com/linuxkit/rtf --ldflags "-X github.com/linuxkit/rtf/cmd.GitCommit=34ec986e726d661f2a25ff085d669e057e3e5345 -X github.com/linuxkit/rtf/cmd.Version=0.0" -o bin/rtf > tmp_rtf_bin.tar
[+  8m 48s] Cloning into '.'...
[+  8m 49s] Note: checking out '34ec986e726d661f2a25ff085d669e057e3e5345'.
[+  8m 49s] 
[+  8m 49s] You are in 'detached HEAD' state. You can look around, make experimental
[+  8m 49s] changes and commit them, and you can discard any commits you make in this
[+  8m 49s] state without impacting any branches by performing another checkout.
[+  8m 49s] 
[+  8m 49s] If you want to create a new branch to retain commits you create, you may
[+  8m 49s] do so (now or later) by using -b with the checkout command again. Example:
[+  8m 49s] 
[+  8m 49s]   git checkout -b <new-branch-name>
[+  8m 49s] 
[+  8m 49s] HEAD is now at 34ec986... Merge pull request #18 from dave-tucker/label-fix
[+  8m 49s] gofmt...
[+  8m 50s] govet...
[+  8m 51s] golint...
[+  8m 51s] ineffassign...
[+  8m 51s] go build...
[+  9m 09s] tar xf tmp_rtf_bin.tar
[+  9m 09s] rm tmp_rtf_bin.tar
[+  9m 09s] touch bin/rtf
[+  9m 09s] make[1]: Leaving directory '/tmp/build'
[+  9m 09s] git status
[+  9m 09s] On branch master
[+  9m 09s] Your branch is ahead of 'origin/master' by 585 commits.
[+  9m 09s]   (use "git push" to publish your local commits)
[+  9m 09s] Untracked files:
[+  9m 09s]   (use "git add <file>..." to include in what will be committed)
[+  9m 09s] 
[+  9m 09s] 	ci-setup.sh
[+  9m 09s] 
[+  9m 09s] nothing added to commit but untracked files present (use "git add" to track)
[+  9m 09s] make install
[+  9m 09s] make[1]: Entering directory '/tmp/build'
[+  9m 09s] cp -R ./bin/* /usr/local//bin
[+  9m 09s] make[1]: Leaving directory '/tmp/build'
[+  9m 09s] git status
[+  9m 09s] On branch master
[+  9m 09s] Your branch is ahead of 'origin/master' by 585 commits.
[+  9m 09s]   (use "git push" to publish your local commits)
[+  9m 09s] Untracked files:
[+  9m 09s]   (use "git add <file>..." to include in what will be committed)
[+  9m 09s] 
[+  9m 09s] 	ci-setup.sh
[+  9m 09s] 
[+  9m 09s] nothing added to commit but untracked files present (use "git add" to track)
[+  9m 09s] make -C test pr
[+  9m 09s] make[1]: Entering directory '/tmp/build/test'
[+  9m 09s] rm -rf ../artifacts
[+  9m 09s] mkdir -p ../artifacts
[+  9m 09s] /usr/local/bin/moby build -output gcp -pull -name ../artifacts/test hack/test.yml
[+  9m 09s] Extract kernel image: linuxkit/kernel:4.9.34
[+  9m 16s] Pull image: docker.io/linuxkit/kernel:4.9.34@sha256:d1e0b542fd21b71dd99639c46535ada6335bc8abcd397ad09c40229e66fe7d6b
[+  9m 26s] Add init containers:
[+  9m 26s] Process init image: linuxkit/init:36c56f0664d49c5a6adc1120d1bf5ba6ac30b389
[+  9m 28s] Pull image: docker.io/linuxkit/init:36c56f0664d49c5a6adc1120d1bf5ba6ac30b389@sha256:6ca9b70e9d4f802fcac9f8bc6006302fd8d6c2e79b0ed6d20d16e685b9355ff7
[+  9m 31s] Process init image: linuxkit/runc:2649198589ef0020d99f613adaeda45ce0093a38
[+  9m 38s] Pull image: docker.io/linuxkit/runc:2649198589ef0020d99f613adaeda45ce0093a38@sha256:dd096c6ea03e6da232a0c6d01c1e0d2290c4031408f9c6000c89c9e6590a39da
[+  9m 50s] Process init image: linuxkit/containerd:1e3e8f207421de8deac8cedc26a138d6b1661a0d
[+  9m 51s] Pull image: docker.io/linuxkit/containerd:1e3e8f207421de8deac8cedc26a138d6b1661a0d@sha256:cb0def679f5a26b02842c0c6cac919d792e052d44d3de941af618b5beb29fb60
[+  9m 58s] Add onboot containers:
[+  9m 58s]   Create OCI config for linuxkit/dhcpcd:6c1ca76dbf808d5c27d10cbf22a8d4399be5c8ae
[+ 10m 00s] Pull image: docker.io/linuxkit/dhcpcd:6c1ca76dbf808d5c27d10cbf22a8d4399be5c8ae@sha256:129a415917480edacc3751d0dbbcd9c27b21a0def79546e5c9945d872923e4ea
[+ 10m 08s] Pull image: docker.io/linuxkit/dhcpcd:6c1ca76dbf808d5c27d10cbf22a8d4399be5c8ae@sha256:129a415917480edacc3751d0dbbcd9c27b21a0def79546e5c9945d872923e4ea
[+ 10m 09s]   Create OCI config for linuxkit/test-kernel-config:9f08e3b99f8ac2f422251b3e8c94ce874ee34119
[+ 10m 09s] Pull image: linuxkit/test-kernel-config:9f08e3b99f8ac2f422251b3e8c94ce874ee34119
[+ 10m 12s] Pull image: linuxkit/test-kernel-config:9f08e3b99f8ac2f422251b3e8c94ce874ee34119
[+ 10m 19s]   Create OCI config for linuxkit/poweroff:7404cf2295df89ccfa2dda41997a28307a90cf28
[+ 10m 19s] Pull image: linuxkit/poweroff:7404cf2295df89ccfa2dda41997a28307a90cf28
[+ 10m 26s] Pull image: linuxkit/poweroff:7404cf2295df89ccfa2dda41997a28307a90cf28
[+ 10m 32s] Create outputs:
[+ 10m 40s]   ../artifacts/test.img.tar.gz
[+ 12m 00s] LABELS: 8.7, amd64, build, linux, Debian
[+ 12m 00s] ID: b69436f6-6775-4421-925d-2b2b1508f578
[+ 12m 26s] [PASS    ] linuxkit.build.examples.minimal 25.49s
[+ 13m 41s] [PASS    ] linuxkit.build.examples.docker 75.59s
[+ 14m 09s] [PASS    ] linuxkit.build.examples.sshd 27.56s
[+ 14m 34s] [PASS    ] linuxkit.build.examples.redis 24.50s
[+ 15m 16s] [PASS    ] linuxkit.build.examples.swap 42.01s
[+ 15m 43s] [PASS    ] linuxkit.build.examples.node_exporter 27.11s
[+ 16m 45s] [PASS    ] linuxkit.build.blueprints.docker_for_mac 62.47s
[+ 23m 04s] [PASS    ] linuxkit.build.outputs 378.59s
[+ 23m 44s] [PASS    ] linuxkit.platforms.qemu.run_kernel 40.55s
[+ 24m 30s] [PASS    ] linuxkit.platforms.qemu.run_iso 45.87s
[+ 24m 30s] [CANCEL  ] linuxkit.platforms.qemu.run_efi 0.07s
[+ 26m 38s] [PASS    ] linuxkit.platforms.qemu.run_qcow 127.34s
[+ 28m 41s] [PASS    ] linuxkit.platforms.qemu.run_raw 122.96s
[+ 28m 41s] [CANCEL  ] linuxkit.platforms.qemu.container 0.06s
[+ 29m 53s] [PASS    ] linuxkit.kernel.config_4.4.x 72.22s
[+ 31m 00s] [PASS    ] linuxkit.kernel.config_4.9.x 67.49s
[+ 32m 13s] [PASS    ] linuxkit.kernel.config_4.11.x 72.84s
[+ 33m 27s] [PASS    ] linuxkit.kernel.kmod_4.9.x 73.33s
[+ 33m 27s] [SKIP    ] linuxkit.security.docker-bench 0.00s
[+ 34m 16s] [PASS    ] linuxkit.security.ports 48.95s
[+ 35m 10s] [PASS    ] linuxkit.packages.binfmt 54.20s
[+ 36m 01s] [PASS    ] linuxkit.packages.ca-certificates 51.36s
[+ 44m 12s] [PASS    ] linuxkit.packages.containerd 490.72s
[+ 45m 12s] [PASS    ] linuxkit.packages.dhcpcd 60.37s
[+ 46m 47s] [PASS    ] linuxkit.packages.getty-containerd 94.59s
[+ 49m 53s] [PASS    ] linuxkit.packages.mkimage 186.65s
[+ 50m 49s] [PASS    ] linuxkit.packages.sysctl 55.87s
[+ 50m 50s] [SUMMARY ] LogDir: b69436f6-6775-4421-925d-2b2b1508f578
[+ 50m 50s] [SUMMARY ] Version: 8.7
[+ 50m 50s] [SUMMARY ] Passed: 24
[+ 50m 50s] [SUMMARY ] Failed: 0
[+ 50m 50s] [SUMMARY ] Cancelled: 2
[+ 50m 50s] [SUMMARY ] Skipped: 3
[+ 50m 50s] [SUMMARY ] Duration: 2329.20s
[+ 50m 50s] make[1]: Leaving directory '/tmp/build/test'
[+ 50m 50s] git status
[+ 50m 54s] On branch master
[+ 50m 54s] Your branch is ahead of 'origin/master' by 585 commits.
[+ 50m 54s]   (use "git push" to publish your local commits)
[+ 50m 54s] Untracked files:
[+ 50m 54s]   (use "git add <file>..." to include in what will be committed)
[+ 50m 54s] 
[+ 50m 54s] 	ci-setup.sh
[+ 50m 54s] 
[+ 50m 54s] nothing added to commit but untracked files present (use "git add" to track)
[+ 50m 54s] make -C pkg tag
[+ 50m 54s] make[1]: Entering directory '/tmp/build/pkg'
[+ 50m 54s] make[2]: Entering directory '/tmp/build/pkg/containerd'
[+ 50m 54s] git status /tmp/build/pkg/containerd
[+ 50m 54s] On branch master
[+ 50m 54s] Your branch is ahead of 'origin/master' by 585 commits.
[+ 50m 54s]   (use "git push" to publish your local commits)
[+ 50m 54s] nothing to commit, working directory clean
[+ 50m 54s] DOCKER_CONTENT_TRUST=1 docker pull linuxkit/containerd:1e3e8f207421de8deac8cedc26a138d6b1661a0d || \
[+ 50m 54s] docker build  -t linuxkit/containerd:1e3e8f207421de8deac8cedc26a138d6b1661a0d .
[+ 50m 59s] Pull (1 of 1): linuxkit/containerd:1e3e8f207421de8deac8cedc26a138d6b1661a0d@sha256:cb0def679f5a26b02842c0c6cac919d792e052d44d3de941af618b5beb29fb60
[+ 51m 00s] sha256:cb0def679f5a26b02842c0c6cac919d792e052d44d3de941af618b5beb29fb60: Pulling from linuxkit/containerd
[+ 51m 00s] Digest: sha256:cb0def679f5a26b02842c0c6cac919d792e052d44d3de941af618b5beb29fb60
[+ 51m 00s] Status: Image is up to date for linuxkit/containerd@sha256:cb0def679f5a26b02842c0c6cac919d792e052d44d3de941af618b5beb29fb60
[+ 51m 00s] Tagging linuxkit/containerd@sha256:cb0def679f5a26b02842c0c6cac919d792e052d44d3de941af618b5beb29fb60 as linuxkit/containerd:1e3e8f207421de8deac8cedc26a138d6b1661a0d
[+ 51m 00s] make[2]: Leaving directory '/tmp/build/pkg/containerd'
[+ 51m 00s] make[2]: Entering directory '/tmp/build/pkg/binfmt'
[+ 51m 00s] git status /tmp/build/pkg/binfmt
[+ 51m 00s] On branch master
[+ 51m 00s] Your branch is ahead of 'origin/master' by 585 commits.
[+ 51m 00s]   (use "git push" to publish your local commits)
[+ 51m 00s] nothing to commit, working directory clean
[+ 51m 00s] DOCKER_CONTENT_TRUST=1 docker pull linuxkit/binfmt:24e2b996f7d6ad20bfa9c9f1564a3c6172db47ce || \
[+ 51m 00s] docker build  -t linuxkit/binfmt:24e2b996f7d6ad20bfa9c9f1564a3c6172db47ce .
[+ 51m 03s] Pull (1 of 1): linuxkit/binfmt:24e2b996f7d6ad20bfa9c9f1564a3c6172db47ce@sha256:58ef6511f893e3d867f1b3aef6d6065a914a67a8ad301945de8fed029549bee3
[+ 51m 04s] sha256:58ef6511f893e3d867f1b3aef6d6065a914a67a8ad301945de8fed029549bee3: Pulling from linuxkit/binfmt
[+ 51m 04s] Digest: sha256:58ef6511f893e3d867f1b3aef6d6065a914a67a8ad301945de8fed029549bee3
[+ 51m 04s] Status: Image is up to date for linuxkit/binfmt@sha256:58ef6511f893e3d867f1b3aef6d6065a914a67a8ad301945de8fed029549bee3
[+ 51m 04s] Tagging linuxkit/binfmt@sha256:58ef6511f893e3d867f1b3aef6d6065a914a67a8ad301945de8fed029549bee3 as linuxkit/binfmt:24e2b996f7d6ad20bfa9c9f1564a3c6172db47ce
[+ 51m 04s] make[2]: Leaving directory '/tmp/build/pkg/binfmt'
[+ 51m 04s] make[2]: Entering directory '/tmp/build/pkg/docker-ce'
[+ 51m 04s] git status /tmp/build/pkg/docker-ce
[+ 51m 04s] On branch master
[+ 51m 04s] Your branch is ahead of 'origin/master' by 585 commits.
[+ 51m 04s]   (use "git push" to publish your local commits)
[+ 51m 04s] nothing to commit, working directory clean
[+ 51m 04s] DOCKER_CONTENT_TRUST=1 docker pull linuxkit/docker-ce:f75d2ad5f46729b10209ec5cfec65305b91259b6 || \
[+ 51m 04s] docker build  -t linuxkit/docker-ce:f75d2ad5f46729b10209ec5cfec65305b91259b6 .
[+ 51m 08s] No trust data for f75d2ad5f46729b10209ec5cfec65305b91259b6
[+ 51m 08s] Sending build context to Docker daemon  4.608kB
[+ 51m 08s] Step 1/14 : FROM linuxkit/alpine:c608d404c1cb36cce0c7d9303e30b52c9d81ccf0 AS mirror
[+ 51m 09s] c608d404c1cb36cce0c7d9303e30b52c9d81ccf0: Pulling from linuxkit/alpine
[+ 51m 09s] 43d680a959df: Already exists
[+ 51m 09s] 323f576e1608: Pulling fs layer
[+ 51m 09s] af5614ae1ad5: Pulling fs layer
[+ 51m 09s] ae0020479fdc: Pulling fs layer
[+ 51m 09s] 9008469259e6: Pulling fs layer
[+ 51m 09s] 5d0ca6618bef: Pulling fs layer
[+ 51m 09s] fa46c4e4ddea: Pulling fs layer
[+ 51m 09s] b20314dd3626: Pulling fs layer
[+ 51m 09s] 93689da83721: Pulling fs layer
[+ 51m 09s] 3313942780a0: Pulling fs layer
[+ 51m 09s] 9008469259e6: Waiting
[+ 51m 09s] 5d0ca6618bef: Waiting
[+ 51m 09s] fa46c4e4ddea: Waiting
[+ 51m 09s] b20314dd3626: Waiting
[+ 51m 09s] 93689da83721: Waiting
[+ 51m 09s] 3313942780a0: Waiting
[+ 51m 09s] 323f576e1608: Verifying Checksum
[+ 51m 09s] 323f576e1608: Download complete
[+ 51m 09s] af5614ae1ad5: Download complete
[+ 51m 10s] 323f576e1608: Pull complete
[+ 51m 10s] af5614ae1ad5: Pull complete
[+ 51m 10s] 5d0ca6618bef: Verifying Checksum
[+ 51m 10s] 5d0ca6618bef: Download complete
[+ 51m 10s] 9008469259e6: Verifying Checksum
[+ 51m 10s] 9008469259e6: Download complete
[+ 51m 11s] fa46c4e4ddea: Verifying Checksum
[+ 51m 11s] fa46c4e4ddea: Download complete
[+ 51m 11s] b20314dd3626: Verifying Checksum
[+ 51m 11s] b20314dd3626: Download complete
[+ 51m 11s] 93689da83721: Verifying Checksum
[+ 51m 11s] 93689da83721: Download complete
[+ 51m 11s] 3313942780a0: Download complete
[+ 51m 17s] ae0020479fdc: Verifying Checksum
[+ 51m 17s] ae0020479fdc: Download complete
[+ 51m 20s] ae0020479fdc: Pull complete
[+ 51m 21s] 9008469259e6: Pull complete
[+ 51m 21s] 5d0ca6618bef: Pull complete
[+ 51m 22s] fa46c4e4ddea: Pull complete
[+ 51m 22s] b20314dd3626: Pull complete
[+ 51m 23s] 93689da83721: Pull complete
[+ 51m 23s] 3313942780a0: Pull complete
[+ 51m 23s] Digest: sha256:4a731e68a86959a93e4dd38036aa879af12ea9bbc8ccdb7007e97104f37cec33
[+ 51m 23s] Status: Downloaded newer image for linuxkit/alpine:c608d404c1cb36cce0c7d9303e30b52c9d81ccf0
[+ 51m 23s]  ---> b5fd1502dd6c
[+ 51m 23s] Step 2/14 : RUN mkdir -p /out/etc/apk && cp -r /etc/apk/* /out/etc/apk/
[+ 51m 24s]  ---> Running in 7820196007fe
[+ 51m 26s]  ---> 19f0bf7e20db
[+ 51m 26s] Removing intermediate container 7820196007fe
[+ 51m 26s] Step 3/14 : RUN apk add --no-cache --initdb -p /out 	alpine-baselayout 	btrfs-progs 	busybox 	ca-certificates 	curl 	e2fsprogs 	e2fsprogs-extra 	iptables 	musl 	xfsprogs 	xz
[+ 51m 26s]  ---> Running in da6282b4c377
[+ 51m 27s] (1/24) Installing musl (1.1.16-r10)
[+ 51m 27s] (2/24) Installing busybox (1.26.2-r5)
[+ 51m 27s] Executing busybox-1.26.2-r5.post-install
[+ 51m 27s] (3/24) Installing alpine-baselayout (3.0.4-r0)
[+ 51m 27s] Executing alpine-baselayout-3.0.4-r0.pre-install
[+ 51m 27s] Executing alpine-baselayout-3.0.4-r0.post-install
[+ 51m 27s] (4/24) Installing libuuid (2.28.2-r2)
[+ 51m 27s] (5/24) Installing libblkid (2.28.2-r2)
[+ 51m 27s] (6/24) Installing lzo (2.10-r0)
[+ 51m 27s] (7/24) Installing zlib (1.2.11-r0)
[+ 51m 27s] (8/24) Installing btrfs-progs (4.10.2-r0)
[+ 51m 27s] (9/24) Installing libressl2.5-libcrypto (2.5.4-r0)
[+ 51m 27s] (10/24) Installing ca-certificates (20161130-r2)
[+ 51m 27s] (11/24) Installing libssh2 (1.8.0-r1)
[+ 51m 27s] (12/24) Installing libressl2.5-libssl (2.5.4-r0)
[+ 51m 27s] (13/24) Installing libcurl (7.54.0-r0)
[+ 51m 27s] (14/24) Installing curl (7.54.0-r0)
[+ 51m 27s] (15/24) Installing libcom_err (1.43.4-r0)
[+ 51m 27s] (16/24) Installing e2fsprogs-libs (1.43.4-r0)
[+ 51m 27s] (17/24) Installing e2fsprogs (1.43.4-r0)
[+ 51m 27s] (18/24) Installing e2fsprogs-extra (1.43.4-r0)
[+ 51m 27s] (19/24) Installing libmnl (1.0.4-r0)
[+ 51m 27s] (20/24) Installing libnftnl-libs (1.0.7-r0)
[+ 51m 27s] (21/24) Installing iptables (1.6.1-r0)
[+ 51m 27s] (22/24) Installing xfsprogs (4.5.0-r0)
[+ 51m 27s] (23/24) Installing xz-libs (5.2.3-r0)
[+ 51m 27s] (24/24) Installing xz (5.2.3-r0)
[+ 51m 27s] Executing busybox-1.26.2-r5.trigger
[+ 51m 27s] Executing ca-certificates-20161130-r2.trigger
[+ 51m 27s] OK: 11 MiB in 24 packages
[+ 51m 28s]  ---> c1e90cd5108e
[+ 51m 28s] Removing intermediate container da6282b4c377
[+ 51m 28s] Step 4/14 : RUN rm -rf /out/etc/apk /out/lib/apk /out/var/cache
[+ 51m 28s]  ---> Running in a49efd593bf5
[+ 51m 30s]  ---> 3b9fbbb15609
[+ 51m 30s] Removing intermediate container a49efd593bf5
[+ 51m 30s] Step 5/14 : FROM linuxkit/vpnkit-forwarder:e2776b82ddfe82ed7f90e55d7a2b424e62e9a279 AS vpnkit
[+ 51m 30s]  ---> 388f9f3af889
[+ 51m 30s] Step 6/14 : FROM scratch
[+ 51m 30s]  ---> 
[+ 51m 30s] Step 7/14 : COPY --from=mirror /out/ /
[+ 51m 31s]  ---> 59a7765c102d
[+ 51m 31s] Removing intermediate container 270dfa83526d
[+ 51m 31s] Step 8/14 : COPY --from=vpnkit /vpnkit-expose-port /usr/bin/vpnkit-expose-port
[+ 51m 32s]  ---> 272a97fc751f
[+ 51m 32s] Removing intermediate container 8a92e31c314c
[+ 51m 32s] Step 9/14 : RUN set -x 	&& addgroup -S docker 	&& addgroup -S dockremap 	&& adduser -S -G dockremap dockremap 	&& echo 'dockremap:165536:65536' >> /etc/subuid 	&& echo 'dockremap:165536:65536' >> /etc/subgid
[+ 51m 32s]  ---> Running in 7b866033dcd8
[+ 51m 33s] [91m+ addgroup -S docker
[+ 51m 33s] [0m[91m+ addgroup -S dockremap
[+ 51m 33s] [0m[91m+ adduser -S -G dockremap dockremap
[+ 51m 33s] [0m[91m+ echo dockremap:165536:65536
[+ 51m 33s] + echo dockremap:165536:65536
[+ 51m 33s] [0m ---> 78ce3470290f
[+ 51m 33s] Removing intermediate container 7b866033dcd8
[+ 51m 33s] Step 10/14 : ENV DOCKER_BUCKET get.docker.com
[+ 51m 33s]  ---> Running in 81514cef6ac1
[+ 51m 33s]  ---> a2830630b658
[+ 51m 33s] Removing intermediate container 81514cef6ac1
[+ 51m 33s] Step 11/14 : ENV DOCKER_VERSION 17.05.0-ce
[+ 51m 34s]  ---> Running in f9941d9035bc
[+ 51m 34s]  ---> fceb90133d75
[+ 51m 34s] Removing intermediate container f9941d9035bc
[+ 51m 34s] Step 12/14 : ENV DOCKER_SHA256 340e0b5a009ba70e1b644136b94d13824db0aeb52e09071410f35a95d94316d9
[+ 51m 34s]  ---> Running in d14d3684c3f6
[+ 51m 34s]  ---> 26d684bf764b
[+ 51m 34s] Removing intermediate container d14d3684c3f6
[+ 51m 34s] Step 13/14 : RUN set -x 	&& curl -fSL "https://${DOCKER_BUCKET}/builds/Linux/x86_64/docker-${DOCKER_VERSION}.tgz" -o docker.tgz 	&& echo "${DOCKER_SHA256} *docker.tgz" | sha256sum -c - 	&& tar -xzvf docker.tgz 	&& mv docker/* /usr/bin/ 	&& rmdir docker 	&& rm docker.tgz 	&& docker -v
[+ 51m 34s]  ---> Running in ea5ac0fac93f
[+ 51m 35s] [91m+ curl -fSL https://get.docker.com/builds/Linux/x86_64/docker-17.05.0-ce.tgz -o docker.tgz
[+ 51m 35s] [0m[91m  % Total    % Received % Xferd  Average Speed   Time    Time     Time  Current
[+ 51m 35s]                                  Dload  Upload   Total   Spent    Left  Speed
[+ 51m 35s]   0     0    0     0    0     0      0      0 --:--:-- --:--:-- --:--:--     0[0m[91m  0     0    0     0    0     0      0      0 --:--:-- --:--:-- --:--:--     0[0m[91m 97 27.1M   97 26.5M    0     0  22.7M      0  0:00:01  0:00:01 --:--:-- 23.7M[0m[91m100 27.1M  100 27.1M    0     0  23.1M      0  0:00:01  0:00:01 --:--:-- 24.1M
[+ 51m 36s] [0m[91m+ echo 340e0b5a009ba70e1b644136b94d13824db0aeb52e09071410f35a95d94316d9 *docker.tgz
[+ 51m 36s] + sha256sum -c -
[+ 51m 36s] [0mdocker.tgz: OK
[+ 51m 36s] [91m+ tar -xzvf docker.tgz
[+ 51m 36s] [0mdocker/
[+ 51m 37s] docker/docker-init
[+ 51m 37s] docker/completion/
[+ 51m 37s] docker/completion/zsh/
[+ 51m 37s] docker/completion/zsh/_docker
[+ 51m 37s] docker/completion/fish/
[+ 51m 37s] docker/completion/fish/docker.fish
[+ 51m 37s] docker/completion/bash/
[+ 51m 37s] docker/completion/bash/docker
[+ 51m 37s] docker/docker
[+ 51m 37s] docker/docker-containerd-shim
[+ 51m 37s] docker/docker-containerd
[+ 51m 37s] docker/docker-proxy
[+ 51m 37s] docker/docker-containerd-ctr
[+ 51m 37s] docker/dockerd
[+ 51m 37s] docker/docker-runc
[+ 51m 37s] [91m+ mv docker/completion docker/docker docker/docker-containerd docker/docker-containerd-ctr docker/docker-containerd-shim docker/docker-init docker/docker-proxy docker/docker-runc docker/dockerd /usr/bin/
[+ 51m 37s] [0m[91m+ rmdir docker
[+ 51m 37s] [0m[91m+ rm docker.tgz
[+ 51m 37s] [0m[91m+ docker -v
[+ 51m 37s] [0mDocker version 17.05.0-ce, build 89658be
[+ 51m 38s]  ---> e15b4f7b1830
[+ 51m 38s] Removing intermediate container ea5ac0fac93f
[+ 51m 38s] Step 14/14 : ENTRYPOINT /usr/bin/docker-init /usr/bin/dockerd
[+ 51m 38s]  ---> Running in 23245b083560
[+ 51m 39s]  ---> db78c3a20d1d
[+ 51m 39s] Removing intermediate container 23245b083560
[+ 51m 39s] Successfully built db78c3a20d1d
[+ 51m 39s] Successfully tagged linuxkit/docker-ce:f75d2ad5f46729b10209ec5cfec65305b91259b6
[+ 51m 39s] make[2]: Leaving directory '/tmp/build/pkg/docker-ce'
[+ 51m 39s] make[2]: Entering directory '/tmp/build/pkg/getty'
[+ 51m 39s] git status /tmp/build/pkg/getty
[+ 51m 39s] On branch master
[+ 51m 39s] Your branch is ahead of 'origin/master' by 585 commits.
[+ 51m 39s]   (use "git push" to publish your local commits)
[+ 51m 39s] nothing to commit, working directory clean
[+ 51m 39s] DOCKER_CONTENT_TRUST=1 docker pull linuxkit/getty:6cbeee0392b0670053ce2bf05a5a0d67ec2bce05 || \
[+ 51m 39s] docker build  -t linuxkit/getty:6cbeee0392b0670053ce2bf05a5a0d67ec2bce05 .
[+ 51m 43s] Pull (1 of 1): linuxkit/getty:6cbeee0392b0670053ce2bf05a5a0d67ec2bce05@sha256:8358bf542a0a65151aa44cc76ba2c9baf0326b8ebac6b61f00f8f522f630a78e
[+ 51m 44s] sha256:8358bf542a0a65151aa44cc76ba2c9baf0326b8ebac6b61f00f8f522f630a78e: Pulling from linuxkit/getty
[+ 51m 44s] Digest: sha256:8358bf542a0a65151aa44cc76ba2c9baf0326b8ebac6b61f00f8f522f630a78e
[+ 51m 44s] Status: Image is up to date for linuxkit/getty@sha256:8358bf542a0a65151aa44cc76ba2c9baf0326b8ebac6b61f00f8f522f630a78e
[+ 51m 44s] Tagging linuxkit/getty@sha256:8358bf542a0a65151aa44cc76ba2c9baf0326b8ebac6b61f00f8f522f630a78e as linuxkit/getty:6cbeee0392b0670053ce2bf05a5a0d67ec2bce05
[+ 51m 44s] make[2]: Leaving directory '/tmp/build/pkg/getty'
[+ 51m 44s] make[2]: Entering directory '/tmp/build/pkg/mount'
[+ 51m 44s] git status /tmp/build/pkg/mount
[+ 51m 44s] On branch master
[+ 51m 44s] Your branch is ahead of 'origin/master' by 585 commits.
[+ 51m 44s]   (use "git push" to publish your local commits)
[+ 51m 44s] nothing to commit, working directory clean
[+ 51m 44s] DOCKER_CONTENT_TRUST=1 docker pull linuxkit/mount:fe22dc5cbf109b4637b1caaafc76ccbf5140c3da || \
[+ 51m 44s] docker build  -t linuxkit/mount:fe22dc5cbf109b4637b1caaafc76ccbf5140c3da .
[+ 51m 47s] Pull (1 of 1): linuxkit/mount:fe22dc5cbf109b4637b1caaafc76ccbf5140c3da@sha256:685e42352da20b83f80bf379b0376a8f81b4dc9e378b9fb0da9a6326bd9b4b40
[+ 51m 48s] sha256:685e42352da20b83f80bf379b0376a8f81b4dc9e378b9fb0da9a6326bd9b4b40: Pulling from linuxkit/mount
[+ 51m 48s] Digest: sha256:685e42352da20b83f80bf379b0376a8f81b4dc9e378b9fb0da9a6326bd9b4b40
[+ 51m 48s] Status: Image is up to date for linuxkit/mount@sha256:685e42352da20b83f80bf379b0376a8f81b4dc9e378b9fb0da9a6326bd9b4b40
[+ 51m 48s] Tagging linuxkit/mount@sha256:685e42352da20b83f80bf379b0376a8f81b4dc9e378b9fb0da9a6326bd9b4b40 as linuxkit/mount:fe22dc5cbf109b4637b1caaafc76ccbf5140c3da
[+ 51m 48s] make[2]: Leaving directory '/tmp/build/pkg/mount'
[+ 51m 48s] make[2]: Entering directory '/tmp/build/pkg/trim-after-delete'
[+ 51m 49s] git status /tmp/build/pkg/trim-after-delete
[+ 51m 49s] On branch master
[+ 51m 49s] Your branch is ahead of 'origin/master' by 585 commits.
[+ 51m 49s]   (use "git push" to publish your local commits)
[+ 51m 49s] nothing to commit, working directory clean
[+ 51m 49s] DOCKER_CONTENT_TRUST=1 docker pull linuxkit/trim-after-delete:6cc6131300c287fcd40041a28119fee2fc874539 || \
[+ 51m 49s] docker build  -t linuxkit/trim-after-delete:6cc6131300c287fcd40041a28119fee2fc874539 .
[+ 51m 52s] Pull (1 of 1): linuxkit/trim-after-delete:6cc6131300c287fcd40041a28119fee2fc874539@sha256:3054f2a60fa466639e3d68aebb086f3be139aeaeb4133024800a01a98ff949ca
[+ 51m 53s] sha256:3054f2a60fa466639e3d68aebb086f3be139aeaeb4133024800a01a98ff949ca: Pulling from linuxkit/trim-after-delete
[+ 51m 53s] Digest: sha256:3054f2a60fa466639e3d68aebb086f3be139aeaeb4133024800a01a98ff949ca
[+ 51m 53s] Status: Image is up to date for linuxkit/trim-after-delete@sha256:3054f2a60fa466639e3d68aebb086f3be139aeaeb4133024800a01a98ff949ca
[+ 51m 53s] Tagging linuxkit/trim-after-delete@sha256:3054f2a60fa466639e3d68aebb086f3be139aeaeb4133024800a01a98ff949ca as linuxkit/trim-after-delete:6cc6131300c287fcd40041a28119fee2fc874539
[+ 51m 53s] make[2]: Leaving directory '/tmp/build/pkg/trim-after-delete'
[+ 51m 53s] make[2]: Entering directory '/tmp/build/pkg/metadata'
[+ 51m 53s] git status /tmp/build/pkg/metadata
[+ 51m 53s] On branch master
[+ 51m 53s] Your branch is ahead of 'origin/master' by 585 commits.
[+ 51m 53s]   (use "git push" to publish your local commits)
[+ 51m 53s] nothing to commit, working directory clean
[+ 51m 53s] DOCKER_CONTENT_TRUST=1 docker pull linuxkit/metadata:09781c8a8097e5aa3ae522c74856d80e1da3b915 || \
[+ 51m 53s] docker build  -t linuxkit/metadata:09781c8a8097e5aa3ae522c74856d80e1da3b915 .
[+ 51m 57s] Pull (1 of 1): linuxkit/metadata:09781c8a8097e5aa3ae522c74856d80e1da3b915@sha256:a300ef03ff81eabd9fd76bc12243553f4a7038f25572176f2f564bce631770ef
[+ 51m 58s] sha256:a300ef03ff81eabd9fd76bc12243553f4a7038f25572176f2f564bce631770ef: Pulling from linuxkit/metadata
[+ 51m 58s] cf3245a2b924: Pulling fs layer
[+ 51m 59s] cf3245a2b924: Download complete
[+ 51m 59s] cf3245a2b924: Pull complete
[+ 51m 59s] Digest: sha256:a300ef03ff81eabd9fd76bc12243553f4a7038f25572176f2f564bce631770ef
[+ 51m 59s] Status: Downloaded newer image for linuxkit/metadata@sha256:a300ef03ff81eabd9fd76bc12243553f4a7038f25572176f2f564bce631770ef
[+ 51m 59s] Tagging linuxkit/metadata@sha256:a300ef03ff81eabd9fd76bc12243553f4a7038f25572176f2f564bce631770ef as linuxkit/metadata:09781c8a8097e5aa3ae522c74856d80e1da3b915
[+ 51m 59s] make[2]: Leaving directory '/tmp/build/pkg/metadata'
[+ 51m 59s] make[2]: Entering directory '/tmp/build/pkg/rngd'
[+ 51m 59s] git status /tmp/build/pkg/rngd
[+ 51m 59s] On branch master
[+ 51m 59s] Your branch is ahead of 'origin/master' by 585 commits.
[+ 51m 59s]   (use "git push" to publish your local commits)
[+ 51m 59s] nothing to commit, working directory clean
[+ 51m 59s] DOCKER_CONTENT_TRUST=1 docker pull linuxkit/rngd:b50b22dd574c5377708977af769f053009fff6d5 || \
[+ 51m 59s] docker build  -t linuxkit/rngd:b50b22dd574c5377708977af769f053009fff6d5 .
[+ 52m 03s] Pull (1 of 1): linuxkit/rngd:b50b22dd574c5377708977af769f053009fff6d5@sha256:5d2c415ebd4f911b9adab2c7dcc07426dc7823ae648d42b9c1b5beff71baf92a
[+ 52m 04s] sha256:5d2c415ebd4f911b9adab2c7dcc07426dc7823ae648d42b9c1b5beff71baf92a: Pulling from linuxkit/rngd
[+ 52m 04s] Digest: sha256:5d2c415ebd4f911b9adab2c7dcc07426dc7823ae648d42b9c1b5beff71baf92a
[+ 52m 04s] Status: Image is up to date for linuxkit/rngd@sha256:5d2c415ebd4f911b9adab2c7dcc07426dc7823ae648d42b9c1b5beff71baf92a
[+ 52m 04s] Tagging linuxkit/rngd@sha256:5d2c415ebd4f911b9adab2c7dcc07426dc7823ae648d42b9c1b5beff71baf92a as linuxkit/rngd:b50b22dd574c5377708977af769f053009fff6d5
[+ 52m 04s] make[2]: Leaving directory '/tmp/build/pkg/rngd'
[+ 52m 04s] make[2]: Entering directory '/tmp/build/pkg/qemu-ga'
[+ 52m 04s] git status /tmp/build/pkg/qemu-ga
[+ 52m 04s] On branch master
[+ 52m 04s] Your branch is ahead of 'origin/master' by 585 commits.
[+ 52m 04s]   (use "git push" to publish your local commits)
[+ 52m 04s] nothing to commit, working directory clean
[+ 52m 04s] DOCKER_CONTENT_TRUST=1 docker pull linuxkit/qemu-ga:2dbdc6523df576773b7c7d56d3a394429a4488ce || \
[+ 52m 04s] docker build  -t linuxkit/qemu-ga:2dbdc6523df576773b7c7d56d3a394429a4488ce .
[+ 52m 07s] Pull (1 of 1): linuxkit/qemu-ga:2dbdc6523df576773b7c7d56d3a394429a4488ce@sha256:909ac5b9c58c913cd34e8f9a28323777594e526f44bf353e7c86dc24d99ed986
[+ 52m 08s] sha256:909ac5b9c58c913cd34e8f9a28323777594e526f44bf353e7c86dc24d99ed986: Pulling from linuxkit/qemu-ga
[+ 52m 08s] 49b0c21d72ab: Pulling fs layer
[+ 52m 09s] 49b0c21d72ab: Verifying Checksum
[+ 52m 09s] 49b0c21d72ab: Download complete
[+ 52m 09s] 49b0c21d72ab: Pull complete
[+ 52m 09s] Digest: sha256:909ac5b9c58c913cd34e8f9a28323777594e526f44bf353e7c86dc24d99ed986
[+ 52m 09s] Status: Downloaded newer image for linuxkit/qemu-ga@sha256:909ac5b9c58c913cd34e8f9a28323777594e526f44bf353e7c86dc24d99ed986
[+ 52m 09s] Tagging linuxkit/qemu-ga@sha256:909ac5b9c58c913cd34e8f9a28323777594e526f44bf353e7c86dc24d99ed986 as linuxkit/qemu-ga:2dbdc6523df576773b7c7d56d3a394429a4488ce
[+ 52m 09s] make[2]: Leaving directory '/tmp/build/pkg/qemu-ga'
[+ 52m 09s] make[2]: Entering directory '/tmp/build/pkg/runc'
[+ 52m 09s] git status /tmp/build/pkg/runc
[+ 52m 09s] On branch master
[+ 52m 09s] Your branch is ahead of 'origin/master' by 585 commits.
[+ 52m 09s]   (use "git push" to publish your local commits)
[+ 52m 09s] nothing to commit, working directory clean
[+ 52m 09s] DOCKER_CONTENT_TRUST=1 docker pull linuxkit/runc:291131ec026430371e7c36165c3f43734fbc2541 || \
[+ 52m 09s] docker build  -t linuxkit/runc:291131ec026430371e7c36165c3f43734fbc2541 .
[+ 52m 13s] Pull (1 of 1): linuxkit/runc:291131ec026430371e7c36165c3f43734fbc2541@sha256:0cadf177b083e0afa25a14056b5de19a82d2e20a0dc5c571c1570c7662d81070
[+ 52m 14s] sha256:0cadf177b083e0afa25a14056b5de19a82d2e20a0dc5c571c1570c7662d81070: Pulling from linuxkit/runc
[+ 52m 14s] Digest: sha256:0cadf177b083e0afa25a14056b5de19a82d2e20a0dc5c571c1570c7662d81070
[+ 52m 14s] Status: Image is up to date for linuxkit/runc@sha256:0cadf177b083e0afa25a14056b5de19a82d2e20a0dc5c571c1570c7662d81070
[+ 52m 14s] Tagging linuxkit/runc@sha256:0cadf177b083e0afa25a14056b5de19a82d2e20a0dc5c571c1570c7662d81070 as linuxkit/runc:291131ec026430371e7c36165c3f43734fbc2541
[+ 52m 14s] make[2]: Leaving directory '/tmp/build/pkg/runc'
[+ 52m 14s] make[2]: Entering directory '/tmp/build/pkg/sysctl'
[+ 52m 14s] git status /tmp/build/pkg/sysctl
[+ 52m 14s] On branch master
[+ 52m 14s] Your branch is ahead of 'origin/master' by 585 commits.
[+ 52m 14s]   (use "git push" to publish your local commits)
[+ 52m 14s] nothing to commit, working directory clean
[+ 52m 14s] DOCKER_CONTENT_TRUST=1 docker pull linuxkit/sysctl:0633d72d7ea416ec858d75f8691ed636b5d4446d || \
[+ 52m 14s] docker build  -t linuxkit/sysctl:0633d72d7ea416ec858d75f8691ed636b5d4446d .
[+ 52m 17s] Pull (1 of 1): linuxkit/sysctl:0633d72d7ea416ec858d75f8691ed636b5d4446d@sha256:f3a67786d8c2f6a22175d1fbbfbf6e7dee1f621225c930c05a368b8e12f76b14
[+ 52m 18s] sha256:f3a67786d8c2f6a22175d1fbbfbf6e7dee1f621225c930c05a368b8e12f76b14: Pulling from linuxkit/sysctl
[+ 52m 18s] 20ccde067bea: Pulling fs layer
[+ 52m 18s] 9a54a81952ef: Pulling fs layer
[+ 52m 19s] 9a54a81952ef: Verifying Checksum
[+ 52m 19s] 9a54a81952ef: Download complete
[+ 52m 19s] 20ccde067bea: Download complete
[+ 52m 19s] 20ccde067bea: Pull complete
[+ 52m 19s] 9a54a81952ef: Pull complete
[+ 52m 19s] Digest: sha256:f3a67786d8c2f6a22175d1fbbfbf6e7dee1f621225c930c05a368b8e12f76b14
[+ 52m 19s] Status: Downloaded newer image for linuxkit/sysctl@sha256:f3a67786d8c2f6a22175d1fbbfbf6e7dee1f621225c930c05a368b8e12f76b14
[+ 52m 19s] Tagging linuxkit/sysctl@sha256:f3a67786d8c2f6a22175d1fbbfbf6e7dee1f621225c930c05a368b8e12f76b14 as linuxkit/sysctl:0633d72d7ea416ec858d75f8691ed636b5d4446d
[+ 52m 19s] make[2]: Leaving directory '/tmp/build/pkg/sysctl'
[+ 52m 19s] make[2]: Entering directory '/tmp/build/pkg/format'
[+ 52m 19s] git status /tmp/build/pkg/format
[+ 52m 19s] On branch master
[+ 52m 19s] Your branch is ahead of 'origin/master' by 585 commits.
[+ 52m 19s]   (use "git push" to publish your local commits)
[+ 52m 19s] nothing to commit, working directory clean
[+ 52m 19s] DOCKER_CONTENT_TRUST=1 docker pull linuxkit/format:ba085fdcac31c383acee3b4b91d78eb7095e5ac3 || \
[+ 52m 19s] docker build  -t linuxkit/format:ba085fdcac31c383acee3b4b91d78eb7095e5ac3 .
[+ 52m 22s] Pull (1 of 1): linuxkit/format:ba085fdcac31c383acee3b4b91d78eb7095e5ac3@sha256:2e46f01b6a89c1f4343c44841af22246fe905ebe5d1cf82e289ebd18e4cfab55
[+ 52m 23s] sha256:2e46f01b6a89c1f4343c44841af22246fe905ebe5d1cf82e289ebd18e4cfab55: Pulling from linuxkit/format
[+ 52m 23s] Digest: sha256:2e46f01b6a89c1f4343c44841af22246fe905ebe5d1cf82e289ebd18e4cfab55
[+ 52m 23s] Status: Image is up to date for linuxkit/format@sha256:2e46f01b6a89c1f4343c44841af22246fe905ebe5d1cf82e289ebd18e4cfab55
[+ 52m 23s] Tagging linuxkit/format@sha256:2e46f01b6a89c1f4343c44841af22246fe905ebe5d1cf82e289ebd18e4cfab55 as linuxkit/format:ba085fdcac31c383acee3b4b91d78eb7095e5ac3
[+ 52m 23s] make[2]: Leaving directory '/tmp/build/pkg/format'
[+ 52m 23s] make[2]: Entering directory '/tmp/build/pkg/openntpd'
[+ 52m 23s] git status /tmp/build/pkg/openntpd
[+ 52m 23s] On branch master
[+ 52m 23s] Your branch is ahead of 'origin/master' by 585 commits.
[+ 52m 23s]   (use "git push" to publish your local commits)
[+ 52m 23s] nothing to commit, working directory clean
[+ 52m 23s] DOCKER_CONTENT_TRUST=1 docker pull linuxkit/openntpd:a4c642d52e985922fcd97db52e471db123cc6841 || \
[+ 52m 23s] docker build  -t linuxkit/openntpd:a4c642d52e985922fcd97db52e471db123cc6841 .
[+ 52m 27s] Pull (1 of 1): linuxkit/openntpd:a4c642d52e985922fcd97db52e471db123cc6841@sha256:7ec0416aa53d8feadb9cdfd3e81439565b725dc41d127f29acbe8fcfa36a98ee
[+ 52m 28s] sha256:7ec0416aa53d8feadb9cdfd3e81439565b725dc41d127f29acbe8fcfa36a98ee: Pulling from linuxkit/openntpd
[+ 52m 28s] Digest: sha256:7ec0416aa53d8feadb9cdfd3e81439565b725dc41d127f29acbe8fcfa36a98ee
[+ 52m 28s] Status: Image is up to date for linuxkit/openntpd@sha256:7ec0416aa53d8feadb9cdfd3e81439565b725dc41d127f29acbe8fcfa36a98ee
[+ 52m 28s] Tagging linuxkit/openntpd@sha256:7ec0416aa53d8feadb9cdfd3e81439565b725dc41d127f29acbe8fcfa36a98ee as linuxkit/openntpd:a4c642d52e985922fcd97db52e471db123cc6841
[+ 52m 28s] make[2]: Leaving directory '/tmp/build/pkg/openntpd'
[+ 52m 28s] make[2]: Entering directory '/tmp/build/pkg/vsudd'
[+ 52m 28s] git status /tmp/build/pkg/vsudd
[+ 52m 28s] On branch master
[+ 52m 28s] Your branch is ahead of 'origin/master' by 585 commits.
[+ 52m 28s]   (use "git push" to publish your local commits)
[+ 52m 28s] nothing to commit, working directory clean
[+ 52m 28s] DOCKER_CONTENT_TRUST=1 docker pull linuxkit/vsudd:9e5882b4450a97836e113bcad231f497aa7bdba4 || \
[+ 52m 28s] docker build  -t linuxkit/vsudd:9e5882b4450a97836e113bcad231f497aa7bdba4 .
[+ 52m 32s] Pull (1 of 1): linuxkit/vsudd:9e5882b4450a97836e113bcad231f497aa7bdba4@sha256:6bba0fc6e05ab22d971cbb1581cb7bd74a2d75f2bf879f73898282c1efae1166
[+ 52m 33s] sha256:6bba0fc6e05ab22d971cbb1581cb7bd74a2d75f2bf879f73898282c1efae1166: Pulling from linuxkit/vsudd
[+ 52m 33s] Digest: sha256:6bba0fc6e05ab22d971cbb1581cb7bd74a2d75f2bf879f73898282c1efae1166
[+ 52m 33s] Status: Image is up to date for linuxkit/vsudd@sha256:6bba0fc6e05ab22d971cbb1581cb7bd74a2d75f2bf879f73898282c1efae1166
[+ 52m 33s] Tagging linuxkit/vsudd@sha256:6bba0fc6e05ab22d971cbb1581cb7bd74a2d75f2bf879f73898282c1efae1166 as linuxkit/vsudd:9e5882b4450a97836e113bcad231f497aa7bdba4
[+ 52m 33s] make[2]: Leaving directory '/tmp/build/pkg/vsudd'
[+ 52m 33s] make[2]: Entering directory '/tmp/build/pkg/sshd'
[+ 52m 33s] git status /tmp/build/pkg/sshd
[+ 52m 33s] On branch master
[+ 52m 33s] Your branch is ahead of 'origin/master' by 585 commits.
[+ 52m 33s]   (use "git push" to publish your local commits)
[+ 52m 33s] nothing to commit, working directory clean
[+ 52m 33s] DOCKER_CONTENT_TRUST=1 docker pull linuxkit/sshd:f095b62ddca658e99d5751872c933ef3d5d18cec || \
[+ 52m 33s] docker build  -t linuxkit/sshd:f095b62ddca658e99d5751872c933ef3d5d18cec .
[+ 52m 36s] Pull (1 of 1): linuxkit/sshd:f095b62ddca658e99d5751872c933ef3d5d18cec@sha256:183ca642212a57f687b009ff41a90df60eab47abd01dce298533f59ffb5e5ef2
[+ 52m 37s] sha256:183ca642212a57f687b009ff41a90df60eab47abd01dce298533f59ffb5e5ef2: Pulling from linuxkit/sshd
[+ 52m 37s] Digest: sha256:183ca642212a57f687b009ff41a90df60eab47abd01dce298533f59ffb5e5ef2
[+ 52m 37s] Status: Image is up to date for linuxkit/sshd@sha256:183ca642212a57f687b009ff41a90df60eab47abd01dce298533f59ffb5e5ef2
[+ 52m 37s] Tagging linuxkit/sshd@sha256:183ca642212a57f687b009ff41a90df60eab47abd01dce298533f59ffb5e5ef2 as linuxkit/sshd:f095b62ddca658e99d5751872c933ef3d5d18cec
[+ 52m 37s] make[2]: Leaving directory '/tmp/build/pkg/sshd'
[+ 52m 38s] make[2]: Entering directory '/tmp/build/pkg/node_exporter'
[+ 52m 38s] git status /tmp/build/pkg/node_exporter
[+ 52m 38s] On branch master
[+ 52m 38s] Your branch is ahead of 'origin/master' by 585 commits.
[+ 52m 38s]   (use "git push" to publish your local commits)
[+ 52m 38s] nothing to commit, working directory clean
[+ 52m 38s] DOCKER_CONTENT_TRUST=1 docker pull linuxkit/node_exporter:0e8d0f1d979507837ad88943864c02b310f7a78f || \
[+ 52m 38s] docker build  -t linuxkit/node_exporter:0e8d0f1d979507837ad88943864c02b310f7a78f .
[+ 52m 41s] Pull (1 of 1): linuxkit/node_exporter:0e8d0f1d979507837ad88943864c02b310f7a78f@sha256:c3d1e0db85207d53336b68a199b4303e12185a3b16e51eaa42f4c92591fef445
[+ 52m 42s] sha256:c3d1e0db85207d53336b68a199b4303e12185a3b16e51eaa42f4c92591fef445: Pulling from linuxkit/node_exporter
[+ 52m 42s] Digest: sha256:c3d1e0db85207d53336b68a199b4303e12185a3b16e51eaa42f4c92591fef445
[+ 52m 42s] Status: Image is up to date for linuxkit/node_exporter@sha256:c3d1e0db85207d53336b68a199b4303e12185a3b16e51eaa42f4c92591fef445
[+ 52m 42s] Tagging linuxkit/node_exporter@sha256:c3d1e0db85207d53336b68a199b4303e12185a3b16e51eaa42f4c92591fef445 as linuxkit/node_exporter:0e8d0f1d979507837ad88943864c02b310f7a78f
[+ 52m 42s] make[2]: Leaving directory '/tmp/build/pkg/node_exporter'
[+ 52m 42s] make[2]: Entering directory '/tmp/build/pkg/init'
[+ 52m 43s] git status /tmp/build/pkg/init
[+ 52m 43s] On branch master
[+ 52m 43s] Your branch is ahead of 'origin/master' by 585 commits.
[+ 52m 43s]   (use "git push" to publish your local commits)
[+ 52m 43s] nothing to commit, working directory clean
[+ 52m 43s] DOCKER_CONTENT_TRUST=1 docker pull linuxkit/init:3e39b754a66e023e702500985d32a03ad2af8807 || \
[+ 52m 43s] docker build  -t linuxkit/init:3e39b754a66e023e702500985d32a03ad2af8807 .
[+ 52m 46s] No trust data for 3e39b754a66e023e702500985d32a03ad2af8807
[+ 52m 46s] Sending build context to Docker daemon  18.94kB
[+ 52m 46s] Step 1/17 : FROM linuxkit/alpine:c608d404c1cb36cce0c7d9303e30b52c9d81ccf0 AS build
[+ 52m 46s]  ---> b5fd1502dd6c
[+ 52m 46s] Step 2/17 : RUN apk add --no-cache --initdb alpine-baselayout make gcc musl-dev
[+ 52m 47s]  ---> Running in bba60c93e724
[+ 52m 47s] (1/14) Installing binutils-libs (2.28-r2)
[+ 52m 47s] (2/14) Installing binutils (2.28-r2)
[+ 52m 47s] (3/14) Installing gmp (6.1.2-r0)
[+ 52m 47s] (4/14) Installing isl (0.17.1-r0)
[+ 52m 47s] (5/14) Installing libgomp (6.3.0-r4)
[+ 52m 47s] (6/14) Installing libatomic (6.3.0-r4)
[+ 52m 47s] (7/14) Installing pkgconf (1.3.7-r0)
[+ 52m 47s] (8/14) Installing libgcc (6.3.0-r4)
[+ 52m 47s] (9/14) Installing mpfr3 (3.1.5-r0)
[+ 52m 47s] (10/14) Installing mpc1 (1.0.3-r0)
[+ 52m 47s] (11/14) Installing libstdc++ (6.3.0-r4)
[+ 52m 47s] (12/14) Installing gcc (6.3.0-r4)
[+ 52m 48s] (13/14) Installing make (4.2.1-r0)
[+ 52m 48s] (14/14) Installing musl-dev (1.1.16-r10)
[+ 52m 48s] Executing busybox-1.26.2-r5.trigger
[+ 52m 48s] OK: 97 MiB in 25 packages
[+ 52m 50s]  ---> 32881b520557
[+ 52m 50s] Removing intermediate container bba60c93e724
[+ 52m 50s] Step 3/17 : ADD usermode-helper.c .
[+ 52m 50s]  ---> b2998e05e4c9
[+ 52m 50s] Removing intermediate container c205caab3249
[+ 52m 50s] Step 4/17 : RUN make usermode-helper
[+ 52m 51s]  ---> Running in 1ff9cc23b46c
[+ 52m 51s] cc     usermode-helper.c   -o usermode-helper
[+ 52m 52s]  ---> 865c2a31123c
[+ 52m 52s] Removing intermediate container 1ff9cc23b46c
[+ 52m 52s] Step 5/17 : FROM linuxkit/alpine:c608d404c1cb36cce0c7d9303e30b52c9d81ccf0 AS mirror
[+ 52m 52s]  ---> b5fd1502dd6c
[+ 52m 52s] Step 6/17 : RUN mkdir -p /out/etc/apk && cp -r /etc/apk/* /out/etc/apk/
[+ 52m 52s]  ---> Using cache
[+ 52m 52s]  ---> 19f0bf7e20db
[+ 52m 52s] Step 7/17 : RUN apk add --no-cache --initdb -p /out alpine-baselayout busybox musl
[+ 52m 52s]  ---> Running in 2448cfe348c1
[+ 52m 53s] (1/3) Installing musl (1.1.16-r10)
[+ 52m 53s] (2/3) Installing busybox (1.26.2-r5)
[+ 52m 53s] Executing busybox-1.26.2-r5.post-install
[+ 52m 53s] (3/3) Installing alpine-baselayout (3.0.4-r0)
[+ 52m 53s] Executing alpine-baselayout-3.0.4-r0.pre-install
[+ 52m 53s] Executing alpine-baselayout-3.0.4-r0.post-install
[+ 52m 53s] Executing busybox-1.26.2-r5.trigger
[+ 52m 53s] OK: 1 MiB in 3 packages
[+ 52m 53s]  ---> 1f6f2ca7d4d1
[+ 52m 54s] Removing intermediate container 2448cfe348c1
[+ 52m 54s] Step 8/17 : RUN rm -rf /out/etc/apk /out/lib/apk /out/var/cache
[+ 52m 54s]  ---> Running in b46d2bf4d4a1
[+ 52m 55s]  ---> 7f494a8a5c98
[+ 52m 55s] Removing intermediate container b46d2bf4d4a1
[+ 52m 55s] Step 9/17 : FROM scratch
[+ 52m 55s]  ---> 
[+ 52m 55s] Step 10/17 : ENTRYPOINT 
[+ 52m 55s]  ---> Running in 9495c0fc310c
[+ 52m 56s]  ---> 092818c9dd98
[+ 52m 56s] Removing intermediate container 9495c0fc310c
[+ 52m 56s] Step 11/17 : CMD 
[+ 52m 56s]  ---> Running in 6f0a805641ba
[+ 52m 56s]  ---> 8c741d17406b
[+ 52m 56s] Removing intermediate container 6f0a805641ba
[+ 52m 56s] Step 12/17 : WORKDIR /
[+ 52m 56s]  ---> 6df0381a122b
[+ 52m 56s] Removing intermediate container af51d5180e6a
[+ 52m 56s] Step 13/17 : COPY --from=build usermode-helper /sbin/
[+ 52m 57s]  ---> da72899f6aa4
[+ 52m 57s] Removing intermediate container 3e84f96cf5c9
[+ 52m 57s] Step 14/17 : COPY --from=mirror /out/ /
[+ 52m 58s]  ---> d9094d25f332
[+ 52m 58s] Removing intermediate container 37772d9015cf
[+ 52m 58s] Step 15/17 : COPY init /
[+ 52m 59s]  ---> 96a7bfa5b14e
[+ 52m 59s] Removing intermediate container 398b9b650737
[+ 52m 59s] Step 16/17 : COPY etc etc/
[+ 52m 59s]  ---> dd09e1bb9b44
[+ 52m 59s] Removing intermediate container 9f0a21c589a5
[+ 52m 59s] Step 17/17 : COPY bin bin/
[+ 53m 00s]  ---> 0291ac9b79f1
[+ 53m 00s] Removing intermediate container 2363df90f651
[+ 53m 00s] Successfully built 0291ac9b79f1
[+ 53m 00s] Successfully tagged linuxkit/init:3e39b754a66e023e702500985d32a03ad2af8807
[+ 53m 00s] make[2]: Leaving directory '/tmp/build/pkg/init'
[+ 53m 00s] make[2]: Entering directory '/tmp/build/pkg/swap'
[+ 53m 00s] git status /tmp/build/pkg/swap
[+ 53m 00s] On branch master
[+ 53m 00s] Your branch is ahead of 'origin/master' by 585 commits.
[+ 53m 00s]   (use "git push" to publish your local commits)
[+ 53m 00s] nothing to commit, working directory clean
[+ 53m 00s] DOCKER_CONTENT_TRUST=1 docker pull linuxkit/swap:cfdce4b41db13ce996cfa986b12b69b94f56f718 || \
[+ 53m 00s] docker build  -t linuxkit/swap:cfdce4b41db13ce996cfa986b12b69b94f56f718 .
[+ 53m 04s] Pull (1 of 1): linuxkit/swap:cfdce4b41db13ce996cfa986b12b69b94f56f718@sha256:ec59c2b3b4a3b5c626e5eb0b67c9215f36b77f67f40e3098de2be8dad6fb23eb
[+ 53m 05s] sha256:ec59c2b3b4a3b5c626e5eb0b67c9215f36b77f67f40e3098de2be8dad6fb23eb: Pulling from linuxkit/swap
[+ 53m 05s] Digest: sha256:ec59c2b3b4a3b5c626e5eb0b67c9215f36b77f67f40e3098de2be8dad6fb23eb
[+ 53m 05s] Status: Image is up to date for linuxkit/swap@sha256:ec59c2b3b4a3b5c626e5eb0b67c9215f36b77f67f40e3098de2be8dad6fb23eb
[+ 53m 05s] Tagging linuxkit/swap@sha256:ec59c2b3b4a3b5c626e5eb0b67c9215f36b77f67f40e3098de2be8dad6fb23eb as linuxkit/swap:cfdce4b41db13ce996cfa986b12b69b94f56f718
[+ 53m 05s] make[2]: Leaving directory '/tmp/build/pkg/swap'
[+ 53m 05s] make[2]: Entering directory '/tmp/build/pkg/ca-certificates'
[+ 53m 05s] git status /tmp/build/pkg/ca-certificates
[+ 53m 05s] On branch master
[+ 53m 05s] Your branch is ahead of 'origin/master' by 585 commits.
[+ 53m 05s]   (use "git push" to publish your local commits)
[+ 53m 05s] nothing to commit, working directory clean
[+ 53m 05s] DOCKER_CONTENT_TRUST=1 docker pull linuxkit/ca-certificates:46b59484919bfa9af700e54e042048cb06261de4 || \
[+ 53m 05s] docker build  -t linuxkit/ca-certificates:46b59484919bfa9af700e54e042048cb06261de4 .
[+ 53m 08s] Pull (1 of 1): linuxkit/ca-certificates:46b59484919bfa9af700e54e042048cb06261de4@sha256:2dad10080e79c5de3cd2afc56e2229dfbb773b5979b8a0a970da5eb487249d8b
[+ 53m 10s] sha256:2dad10080e79c5de3cd2afc56e2229dfbb773b5979b8a0a970da5eb487249d8b: Pulling from linuxkit/ca-certificates
[+ 53m 10s] Digest: sha256:2dad10080e79c5de3cd2afc56e2229dfbb773b5979b8a0a970da5eb487249d8b
[+ 53m 10s] Status: Image is up to date for linuxkit/ca-certificates@sha256:2dad10080e79c5de3cd2afc56e2229dfbb773b5979b8a0a970da5eb487249d8b
[+ 53m 10s] Tagging linuxkit/ca-certificates@sha256:2dad10080e79c5de3cd2afc56e2229dfbb773b5979b8a0a970da5eb487249d8b as linuxkit/ca-certificates:46b59484919bfa9af700e54e042048cb06261de4
[+ 53m 10s] make[2]: Leaving directory '/tmp/build/pkg/ca-certificates'
[+ 53m 10s] make[2]: Entering directory '/tmp/build/pkg/dhcpcd'
[+ 53m 10s] git status /tmp/build/pkg/dhcpcd
[+ 53m 10s] On branch master
[+ 53m 10s] Your branch is ahead of 'origin/master' by 585 commits.
[+ 53m 10s]   (use "git push" to publish your local commits)
[+ 53m 10s] nothing to commit, working directory clean
[+ 53m 10s] DOCKER_CONTENT_TRUST=1 docker pull linuxkit/dhcpcd:6c1ca76dbf808d5c27d10cbf22a8d4399be5c8ae || \
[+ 53m 10s] docker build  -t linuxkit/dhcpcd:6c1ca76dbf808d5c27d10cbf22a8d4399be5c8ae .
[+ 53m 13s] Pull (1 of 1): linuxkit/dhcpcd:6c1ca76dbf808d5c27d10cbf22a8d4399be5c8ae@sha256:129a415917480edacc3751d0dbbcd9c27b21a0def79546e5c9945d872923e4ea
[+ 53m 14s] sha256:129a415917480edacc3751d0dbbcd9c27b21a0def79546e5c9945d872923e4ea: Pulling from linuxkit/dhcpcd
[+ 53m 14s] Digest: sha256:129a415917480edacc3751d0dbbcd9c27b21a0def79546e5c9945d872923e4ea
[+ 53m 14s] Status: Image is up to date for linuxkit/dhcpcd@sha256:129a415917480edacc3751d0dbbcd9c27b21a0def79546e5c9945d872923e4ea
[+ 53m 14s] Tagging linuxkit/dhcpcd@sha256:129a415917480edacc3751d0dbbcd9c27b21a0def79546e5c9945d872923e4ea as linuxkit/dhcpcd:6c1ca76dbf808d5c27d10cbf22a8d4399be5c8ae
[+ 53m 14s] make[2]: Leaving directory '/tmp/build/pkg/dhcpcd'
[+ 53m 14s] make[2]: Entering directory '/tmp/build/pkg/sysfs'
[+ 53m 14s] git status /tmp/build/pkg/sysfs
[+ 53m 14s] On branch master
[+ 53m 14s] Your branch is ahead of 'origin/master' by 585 commits.
[+ 53m 14s]   (use "git push" to publish your local commits)
[+ 53m 14s] nothing to commit, working directory clean
[+ 53m 14s] DOCKER_CONTENT_TRUST=1 docker pull linuxkit/sysfs:b4091d81261f4582ff899a8510110fc4f2be2b49 || \
[+ 53m 14s] docker build  -t linuxkit/sysfs:b4091d81261f4582ff899a8510110fc4f2be2b49 .
[+ 53m 18s] Pull (1 of 1): linuxkit/sysfs:b4091d81261f4582ff899a8510110fc4f2be2b49@sha256:a2342662e2b5a247c688844eaf361437ef5e9e259a680c3bc33ed0715927c983
[+ 53m 19s] sha256:a2342662e2b5a247c688844eaf361437ef5e9e259a680c3bc33ed0715927c983: Pulling from linuxkit/sysfs
[+ 53m 19s] Digest: sha256:a2342662e2b5a247c688844eaf361437ef5e9e259a680c3bc33ed0715927c983
[+ 53m 19s] Status: Image is up to date for linuxkit/sysfs@sha256:a2342662e2b5a247c688844eaf361437ef5e9e259a680c3bc33ed0715927c983
[+ 53m 19s] Tagging linuxkit/sysfs@sha256:a2342662e2b5a247c688844eaf361437ef5e9e259a680c3bc33ed0715927c983 as linuxkit/sysfs:b4091d81261f4582ff899a8510110fc4f2be2b49
[+ 53m 19s] make[2]: Leaving directory '/tmp/build/pkg/sysfs'
[+ 53m 19s] make[2]: Entering directory '/tmp/build/pkg/mkimage'
[+ 53m 19s] git status /tmp/build/pkg/mkimage
[+ 53m 19s] On branch master
[+ 53m 19s] Your branch is ahead of 'origin/master' by 585 commits.
[+ 53m 19s]   (use "git push" to publish your local commits)
[+ 53m 19s] nothing to commit, working directory clean
[+ 53m 19s] DOCKER_CONTENT_TRUST=1 docker pull linuxkit/mkimage:3c01548c7166e710f8332e18773a28284bc13179 || \
[+ 53m 19s] docker build  -t linuxkit/mkimage:3c01548c7166e710f8332e18773a28284bc13179 .
[+ 53m 22s] Pull (1 of 1): linuxkit/mkimage:3c01548c7166e710f8332e18773a28284bc13179@sha256:c57a441e47a2266ab7d4f8f92fed69a7525d1ab28ab3496577c3440eb451fbe5
[+ 53m 23s] sha256:c57a441e47a2266ab7d4f8f92fed69a7525d1ab28ab3496577c3440eb451fbe5: Pulling from linuxkit/mkimage
[+ 53m 23s] Digest: sha256:c57a441e47a2266ab7d4f8f92fed69a7525d1ab28ab3496577c3440eb451fbe5
[+ 53m 23s] Status: Image is up to date for linuxkit/mkimage@sha256:c57a441e47a2266ab7d4f8f92fed69a7525d1ab28ab3496577c3440eb451fbe5
[+ 53m 23s] Tagging linuxkit/mkimage@sha256:c57a441e47a2266ab7d4f8f92fed69a7525d1ab28ab3496577c3440eb451fbe5 as linuxkit/mkimage:3c01548c7166e710f8332e18773a28284bc13179
[+ 53m 24s] make[2]: Leaving directory '/tmp/build/pkg/mkimage'
[+ 53m 24s] make[2]: Entering directory '/tmp/build/pkg/vpnkit-forwarder'
[+ 53m 24s] git status /tmp/build/pkg/vpnkit-forwarder
[+ 53m 24s] On branch master
[+ 53m 24s] Your branch is ahead of 'origin/master' by 585 commits.
[+ 53m 24s]   (use "git push" to publish your local commits)
[+ 53m 24s] nothing to commit, working directory clean
[+ 53m 24s] DOCKER_CONTENT_TRUST=1 docker pull linuxkit/vpnkit-forwarder:e2776b82ddfe82ed7f90e55d7a2b424e62e9a279 || \
[+ 53m 24s] docker build  -t linuxkit/vpnkit-forwarder:e2776b82ddfe82ed7f90e55d7a2b424e62e9a279 .
[+ 53m 27s] Pull (1 of 1): linuxkit/vpnkit-forwarder:e2776b82ddfe82ed7f90e55d7a2b424e62e9a279@sha256:c0479e44cc8870a92966229623b8afbd2e56461e0ff53a5391b26e445497b52f
[+ 53m 28s] sha256:c0479e44cc8870a92966229623b8afbd2e56461e0ff53a5391b26e445497b52f: Pulling from linuxkit/vpnkit-forwarder
[+ 53m 28s] Digest: sha256:c0479e44cc8870a92966229623b8afbd2e56461e0ff53a5391b26e445497b52f
[+ 53m 28s] Status: Image is up to date for linuxkit/vpnkit-forwarder@sha256:c0479e44cc8870a92966229623b8afbd2e56461e0ff53a5391b26e445497b52f
[+ 53m 28s] Tagging linuxkit/vpnkit-forwarder@sha256:c0479e44cc8870a92966229623b8afbd2e56461e0ff53a5391b26e445497b52f as linuxkit/vpnkit-forwarder:e2776b82ddfe82ed7f90e55d7a2b424e62e9a279
[+ 53m 28s] make[2]: Leaving directory '/tmp/build/pkg/vpnkit-forwarder'
[+ 53m 28s] make[2]: Entering directory '/tmp/build/pkg/open-vm-tools'
[+ 53m 28s] git status /tmp/build/pkg/open-vm-tools
[+ 53m 28s] On branch master
[+ 53m 28s] Your branch is ahead of 'origin/master' by 585 commits.
[+ 53m 28s]   (use "git push" to publish your local commits)
[+ 53m 28s] nothing to commit, working directory clean
[+ 53m 28s] DOCKER_CONTENT_TRUST=1 docker pull linuxkit/open-vm-tools:dbb93b76bd86fb3fe47abbd407f8853660ce7bdc || \
[+ 53m 28s] docker build  -t linuxkit/open-vm-tools:dbb93b76bd86fb3fe47abbd407f8853660ce7bdc .
[+ 53m 32s] Pull (1 of 1): linuxkit/open-vm-tools:dbb93b76bd86fb3fe47abbd407f8853660ce7bdc@sha256:3c2128e90f39ca60e130e156c3c4d34aaee19f3fe5c8a9b30869cd7e7e883cb1
[+ 53m 33s] sha256:3c2128e90f39ca60e130e156c3c4d34aaee19f3fe5c8a9b30869cd7e7e883cb1: Pulling from linuxkit/open-vm-tools
[+ 53m 33s] adfb6cfae4b3: Pulling fs layer
[+ 53m 34s] adfb6cfae4b3: Verifying Checksum
[+ 53m 34s] adfb6cfae4b3: Download complete
[+ 53m 36s] adfb6cfae4b3: Pull complete
[+ 53m 36s] Digest: sha256:3c2128e90f39ca60e130e156c3c4d34aaee19f3fe5c8a9b30869cd7e7e883cb1
[+ 53m 36s] Status: Downloaded newer image for linuxkit/open-vm-tools@sha256:3c2128e90f39ca60e130e156c3c4d34aaee19f3fe5c8a9b30869cd7e7e883cb1
[+ 53m 36s] Tagging linuxkit/open-vm-tools@sha256:3c2128e90f39ca60e130e156c3c4d34aaee19f3fe5c8a9b30869cd7e7e883cb1 as linuxkit/open-vm-tools:dbb93b76bd86fb3fe47abbd407f8853660ce7bdc
[+ 53m 36s] make[2]: Leaving directory '/tmp/build/pkg/open-vm-tools'
[+ 53m 36s] make[1]: Leaving directory '/tmp/build/pkg'
[+ 53m 36s] git status
[+ 53m 36s] On branch master
[+ 53m 36s] Your branch is ahead of 'origin/master' by 585 commits.
[+ 53m 36s]   (use "git push" to publish your local commits)
[+ 53m 36s] Untracked files:
[+ 53m 36s]   (use "git add <file>..." to include in what will be committed)
[+ 53m 36s] 
[+ 53m 36s] 	ci-setup.sh
[+ 53m 36s] 
[+ 53m 36s] nothing added to commit but untracked files present (use "git add" to track)[2017-06-28 18:24.15] Fetching results
[2017-06-28 18:24.15] Running "scp" "-r" "-i" "/run/secrets/builder-ssh" "-o" "StrictHostKeyChecking=no" "root@35.189.222.19:/tmp/build/test/_results" "root@35.189.222.19:/tmp/build/artifacts" "."
[2017-06-28 18:24.20] Removing test VM...
[2017-06-28 18:24.20] Running "/gcloud/destroy.py" "linuxkit-ci-3"
INFO:root:Destroying VM
INFO:oauth2client.transport:Attempting refresh to obtain initial access_token
INFO:oauth2client.client:Refreshing access_token
INFO:root:Waiting for zone operation to finish
INFO:root:Operation in progress... waiting...
INFO:root:Operation in progress... waiting...
INFO:root:Operation in progress... waiting...
INFO:root:Operation in progress... waiting...
INFO:root:Operation in progress... waiting...
INFO:root:Operation in progress... waiting...
INFO:root:Operation in progress... waiting...
INFO:root:Operation in progress... waiting...
INFO:root:Operation in progress... waiting...
[2017-06-28 18:25.09] Saved build result test.img.tar.gz (a81f35985408668e3f32655dca6f5a18cbd9f93dfe3e7b2471cf33099f091bb2)
[2017-06-28 18:25.09] Success
