=== Test LinuxKit on GCP
[2017-07-27 20:02.07] Starting...
INFO:root:Connecting to storage
INFO:root:Getting bucket
INFO:root:Uploading /build-cache/cff6abbe788b830154eac49f3543a3233d70570bb28d0c2396a9e66ccaf6e6d7 -> linuxkit-ci-2.tar.gz
INFO:root:Removing old image
INFO:oauth2client.transport:Attempting refresh to obtain initial access_token
INFO:oauth2client.client:Refreshing access_token
INFO:root:Waiting for global operation to finish
INFO:root:Operation in progress... waiting...
INFO:root:Creating image: {'name': 'linuxkit-ci-2-test-image', 'rawDisk': {'source': u'https://www.googleapis.com/storage/v1/b/linuxkit-gcp-test-bucket/o/linuxkit-ci-2.tar.gz'}}
INFO:root:Waiting for global operation to finish
INFO:root:Operation in progress... waiting...
INFO:root:Operation in progress... waiting...
INFO:root:Operation in progress... waiting...
INFO:root:Operation in progress... waiting...
INFO:root:Operation in progress... waiting...
INFO:root:Operation in progress... waiting...
INFO:root:Operation in progress... waiting...
INFO:root:Operation in progress... waiting...
INFO:root:Operation in progress... waiting...
INFO:root:Operation in progress... waiting...
INFO:root:Operation in progress... waiting...
INFO:root:Operation in progress... waiting...
INFO:root:Operation in progress... waiting...
INFO:root:Creating VM
INFO:root:Error getting serial output (resourceNotReady): The resource 'projects/moby-datakit-ci/zones/europe-west1-b/instances/linuxkit-ci-2' is not ready
INFO:root:Error getting serial output (resourceNotReady): The resource 'projects/moby-datakit-ci/zones/europe-west1-b/instances/linuxkit-ci-2' is not ready
INFO:root:Error getting serial output (resourceNotReady): The resource 'projects/moby-datakit-ci/zones/europe-west1-b/instances/linuxkit-ci-2' is not ready
INFO:root:Error getting serial output (resourceNotReady): The resource 'projects/moby-datakit-ci/zones/europe-west1-b/instances/linuxkit-ci-2' is not ready
INFO:root:Error getting serial output (resourceNotReady): The resource 'projects/moby-datakit-ci/zones/europe-west1-b/instances/linuxkit-ci-2' is not ready
SeaBIOS (version 1.8.2-20170524_173944-google)
Total RAM Size = 0x00000000f0000000 = 3840 MiB
CPUs found: 1     Max CPUs supported: 1
found virtio-scsi at 0:3
virtio-scsi vendor='Google' product='PersistentDisk' rev='1' type=0 removable=0
virtio-scsi blksize=512 sectors=2097152 = 1024 MiB
drive 0x000f3200: PCHS=0/0/0 translation=lba LCHS=1024/32/63 s=2097152
Booting from Hard Disk 0...
[    0.000000] Linux version 4.9.39-linuxkit (root@e1ede117fb1e) (gcc version 6.3.0 (Alpine 6.3.0) ) #1 SMP Wed Jul 26 10:03:32 UTC 2017
[    0.000000] Command line: BOOT_IMAGE=/kernel console=ttyS0 initrd=/initrd.img
[    0.000000] x86/fpu: Supporting XSAVE feature 0x001: 'x87 floating point registers'
[    0.000000] x86/fpu: Supporting XSAVE feature 0x002: 'SSE registers'
[    0.000000] x86/fpu: Supporting XSAVE feature 0x004: 'AVX registers'
[    0.000000] x86/fpu: xstate_offset[2]:  576, xstate_sizes[2]:  256
[    0.000000] x86/fpu: Enabled xstate features 0x7, context size is 832 bytes, using 'standard' format.
[    0.000000] x86/fpu: Using 'eager' FPU context switches.
[    0.000000] e820: BIOS-provided physical RAM map:
[    0.000000] BIOS-e820: [mem 0x0000000000000000-0x000000000009fbff] usable
[    0.000000] BIOS-e820: [mem 0x000000000009fc00-0x000000000009ffff] reserved
[    0.000000] BIOS-e820: [mem 0x00000000000f0000-0x00000000000fffff] reserved
[    0.000000] BIOS-e820: [mem 0x0000000000100000-0x00000000bfffcfff] usable
[    0.000000] BIOS-e820: [mem 0x00000000bfffd000-0x00000000bfffffff] reserved
[    0.000000] BIOS-e820: [mem 0x00000000fffbc000-0x00000000ffffffff] reserved
[    0.000000] BIOS-e820: [mem 0x0000000100000000-0x000000012fffffff] usable
[    0.000000] NX (Execute Disable) protection: active
[    0.000000] SMBIOS 2.4 present.
[    0.000000] Hypervisor detected: KVM
[    0.000000] e820: last_pfn = 0x130000 max_arch_pfn = 0x400000000
[    0.000000] x86/PAT: Configuration [0-7]: WB  WC  UC- UC  WB  WC  UC- WT  
[    0.000000] e820: last_pfn = 0xbfffd max_arch_pfn = 0x400000000
[    0.000000] found SMP MP-table at [mem 0x000f3450-0x000f345f] mapped at [ffff9a0e800f3450]
[    0.000000] Using GB pages for direct mapping
[    0.000000] RAMDISK: [mem 0x7d62d000-0x7fffffff]
[    0.000000] ACPI: Early table checksum verification disabled
[    0.000000] ACPI: RSDP 0x00000000000F3240 000014 (v00 Google)
[    0.000000] ACPI: RSDT 0x00000000BFFFDF60 000034 (v01 Google GOOGRSDT 00000001 GOOG 00000001)
[    0.000000] ACPI: FACP 0x00000000BFFFFF00 0000F4 (v02 Google GOOGFACP 00000001 GOOG 00000001)
[    0.000000] ACPI: DSDT 0x00000000BFFFDFA0 0015A3 (v01 Google GOOGDSDT 00000001 GOOG 00000001)
[    0.000000] ACPI: FACS 0x00000000BFFFFEC0 000040
[    0.000000] ACPI: FACS 0x00000000BFFFFEC0 000040
[    0.000000] ACPI: SSDT 0x00000000BFFFF670 000843 (v01 Google GOOGSSDT 00000001 GOOG 00000001)
[    0.000000] ACPI: APIC 0x00000000BFFFF580 00006E (v01 Google GOOGAPIC 00000001 GOOG 00000001)
[    0.000000] ACPI: WAET 0x00000000BFFFF550 000028 (v01 Google GOOGWAET 00000001 GOOG 00000001)
[    0.000000] kvm-clock: Using msrs 4b564d01 and 4b564d00
[    0.000000] kvm-clock: cpu 0, msr 1:2fffc001, primary cpu clock
[    0.000000] kvm-clock: using sched offset of 2431033008 cycles
[    0.000000] clocksource: kvm-clock: mask: 0xffffffffffffffff max_cycles: 0x1cd42e4dffb, max_idle_ns: 881590591483 ns
[    0.000000] Zone ranges:
[    0.000000]   DMA      [mem 0x0000000000001000-0x0000000000ffffff]
[    0.000000]   DMA32    [mem 0x0000000001000000-0x00000000ffffffff]
[    0.000000]   Normal   [mem 0x0000000100000000-0x000000012fffffff]
[    0.000000] Movable zone start for each node
[    0.000000] Early memory node ranges
[    0.000000]   node   0: [mem 0x0000000000001000-0x000000000009efff]
[    0.000000]   node   0: [mem 0x0000000000100000-0x00000000bfffcfff]
[    0.000000]   node   0: [mem 0x0000000100000000-0x000000012fffffff]
[    0.000000] Initmem setup node 0 [mem 0x0000000000001000-0x000000012fffffff]
[    0.000000] ACPI: PM-Timer IO Port: 0xb008
[    0.000000] ACPI: LAPIC_NMI (acpi_id[0xff] dfl dfl lint[0x1])
[    0.000000] IOAPIC[0]: apic_id 0, version 17, address 0xfec00000, GSI 0-23
[    0.000000] ACPI: INT_SRC_OVR (bus 0 bus_irq 5 global_irq 5 high level)
[    0.000000] ACPI: INT_SRC_OVR (bus 0 bus_irq 9 global_irq 9 high level)
[    0.000000] ACPI: INT_SRC_OVR (bus 0 bus_irq 10 global_irq 10 high level)
[    0.000000] ACPI: INT_SRC_OVR (bus 0 bus_irq 11 global_irq 11 high level)
[    0.000000] Using ACPI (MADT) for SMP configuration information
[    0.000000] smpboot: Allowing 1 CPUs, 0 hotplug CPUs
[    0.000000] e820: [mem 0xc0000000-0xfffbbfff] available for PCI devices
[    0.000000] Booting paravirtualized kernel on KVM
[    0.000000] clocksource: refined-jiffies: mask: 0xffffffff max_cycles: 0xffffffff, max_idle_ns: 19112604462750000 ns
[    0.000000] setup_percpu: NR_CPUS:128 nr_cpumask_bits:128 nr_cpu_ids:1 nr_node_ids:1
[    0.000000] percpu: Embedded 35 pages/cpu @ffff9a0fafc00000 s105240 r8192 d29928 u2097152
[    0.000000] Built 1 zonelists in Zone order, mobility grouping on.  Total pages: 967558
[    0.000000] Kernel command line: BOOT_IMAGE=/kernel console=ttyS0 initrd=/initrd.img
[    0.000000] PID hash table entries: 4096 (order: 3, 32768 bytes)
[    0.000000] Dentry cache hash table entries: 524288 (order: 10, 4194304 bytes)
[    0.000000] Inode-cache hash table entries: 262144 (order: 9, 2097152 bytes)
[    0.000000] Memory: 3739420K/3931756K available (8027K kernel code, 1366K rwdata, 2696K rodata, 1376K init, 568K bss, 192336K reserved, 0K cma-reserved)
[    0.000000] Hierarchical RCU implementation.
[    0.000000] 	Build-time adjustment of leaf fanout to 64.
[    0.000000] 	RCU restricting CPUs from NR_CPUS=128 to nr_cpu_ids=1.
[    0.000000] RCU: Adjusting geometry for rcu_fanout_leaf=64, nr_cpu_ids=1
[    0.000000] NR_IRQS:8448 nr_irqs:256 16
[    0.000000] Console: colour *CGA 80x25
[    0.000000] console [ttyS0] enabled
[    0.000000] tsc: Detected 2600.000 MHz processor
[    0.161853] Calibrating delay loop (skipped) preset value.. 5200.00 BogoMIPS (lpj=26000000)
[    0.163037] pid_max: default: 32768 minimum: 301
[    0.163758] ACPI: Core revision 20160831
[    0.165336] ACPI: 2 ACPI AML tables successfully acquired and loaded
[    0.166420] Security Framework initialized
[    0.167093] Yama: becoming mindful.
[    0.167614] Mount-cache hash table entries: 8192 (order: 4, 65536 bytes)
[    0.168785] Mountpoint-cache hash table entries: 8192 (order: 4, 65536 bytes)
[    0.170222] CPU: Physical Processor ID: 0
[    0.170819] CPU: Processor Core ID: 0
[    0.171462] Last level iTLB entries: 4KB 512, 2MB 8, 4MB 8
[    0.172299] Last level dTLB entries: 4KB 512, 2MB 32, 4MB 32, 1GB 0
[    0.180598] Freeing SMP alternatives memory: 20K (ffffffff92eaf000 - ffffffff92eb4000)
[    0.183286] ftrace: allocating 35482 entries in 139 pages
[    0.217875] smpboot: Max logical packages: 1
[    0.218959] x2apic enabled
[    0.220241] Switched APIC routing to physical x2apic.
[    0.223255] ..TIMER: vector=0x30 apic1=0 pin1=0 apic2=-1 pin2=-1
[    0.341167] smpboot: CPU0: Intel(R) Xeon(R) CPU @ 2.60GHz (family: 0x6, model: 0x2d, stepping: 0x7)
[    0.342601] Performance Events: unsupported p6 CPU model 45 no PMU driver, software events only.
[    0.344741] x86: Booted up 1 node, 1 CPUs
[    0.345335] smpboot: Total of 1 processors activated (5200.00 BogoMIPS)
[    0.347070] devtmpfs: initialized
[    0.347604] x86/mm: Memory block size: 128MB
[    0.351549] clocksource: jiffies: mask: 0xffffffff max_cycles: 0xffffffff, max_idle_ns: 19112604462750000 ns
[    0.353143] futex hash table entries: 256 (order: 2, 16384 bytes)
[    0.354172] NET: Registered protocol family 16
[    0.355024] cpuidle: using governor ladder
[    0.355775] cpuidle: using governor menu
[    0.356389] ACPI: bus type PCI registered
[    0.357083] PCI: Using configuration type 1 for base access
[    0.359289] HugeTLB registered 1 GB page size, pre-allocated 0 pages
[    0.360225] HugeTLB registered 2 MB page size, pre-allocated 0 pages
[    0.361350] ACPI: Added _OSI(Module Device)
[    0.361926] ACPI: Added _OSI(Processor Device)
[    0.362525] ACPI: Added _OSI(3.0 _SCP Extensions)
[    0.363215] ACPI: Added _OSI(Processor Aggregator Device)
[    0.364351] ACPI: Executed 2 blocks of module-level executable AML code
[    0.366447] ACPI: Interpreter enabled
[    0.367012] ACPI: (supports S0 S5)
[    0.367583] ACPI: Using IOAPIC for interrupt routing
[    0.368295] PCI: Using host bridge windows from ACPI; if necessary, use "pci=nocrs" and report a bug
[    0.371543] ACPI: PCI Root Bridge [PCI0] (domain 0000 [bus 00-ff])
[    0.372607] acpi PNP0A03:00: _OSC: OS supports [ASPM ClockPM Segments MSI]
[    0.373584] acpi PNP0A03:00: _OSC failed (AE_NOT_FOUND); disabling ASPM
[    0.374554] acpi PNP0A03:00: fail to add MMCONFIG information, can't access extended PCI configuration space under this bridge.
[    0.376236] PCI host bridge to bus 0000:00
[    0.376820] pci_bus 0000:00: root bus resource [io  0x0000-0x0cf7 window]
[    0.377756] pci_bus 0000:00: root bus resource [io  0x0d00-0xffff window]
[    0.378738] pci_bus 0000:00: root bus resource [mem 0x000a0000-0x000bffff window]
[    0.379754] pci_bus 0000:00: root bus resource [mem 0xc0000000-0xfebfffff window]
[    0.380769] pci_bus 0000:00: root bus resource [bus 00-ff]
[    0.413043] pci 0000:00:01.3: quirk: [io  0xb000-0xb03f] claimed by PIIX4 ACPI
[    0.458236] ACPI: PCI Interrupt Link [LNKA] (IRQs 5 *10 11)
[    0.460230] ACPI: PCI Interrupt Link [LNKB] (IRQs 5 *10 11)
[    0.462502] ACPI: PCI Interrupt Link [LNKC] (IRQs 5 10 *11)
[    0.467697] ACPI: PCI Interrupt Link [LNKD] (IRQs 5 10 *11)
[    0.469718] ACPI: PCI Interrupt Link [LNKS] (IRQs *9)
[    0.470880] ACPI: Enabled 16 GPEs in block 00 to 0F
[    0.471899] SCSI subsystem initialized
[    0.472489] ACPI: bus type USB registered
[    0.473340] usbcore: registered new interface driver usbfs
[    0.474194] usbcore: registered new interface driver hub
[    0.475066] usbcore: registered new device driver usb
[    0.475833] pps_core: LinuxPPS API ver. 1 registered
[    0.476601] pps_core: Software ver. 5.3.6 - Copyright 2005-2007 Rodolfo Giometti <giometti@linux.it>
[    0.478004] PTP clock support registered
[    0.478691] wmi: Mapper loaded
[    0.479201] PCI: Using ACPI for IRQ routing
[    0.480317] NetLabel: Initializing
[    0.480841] NetLabel:  domain hash size = 128
[    0.481565] NetLabel:  protocols = UNLABELED CIPSOv4
[    0.482323] NetLabel:  unlabeled traffic allowed by default
[    0.483241] clocksource: Switched to clocksource kvm-clock
[    0.495898] VFS: Disk quotas dquot_6.6.0
[    0.496615] VFS: Dquot-cache hash table entries: 512 (order 0, 4096 bytes)
[    0.497734] FS-Cache: Loaded
[    0.498289] CacheFiles: Loaded
[    0.498741] pnp: PnP ACPI init
[    0.499718] pnp: PnP ACPI: found 7 devices
[    0.505884] clocksource: acpi_pm: mask: 0xffffff max_cycles: 0xffffff, max_idle_ns: 2085701024 ns
[    0.507271] NET: Registered protocol family 2
[    0.508077] TCP established hash table entries: 32768 (order: 6, 262144 bytes)
[    0.509092] TCP bind hash table entries: 32768 (order: 7, 524288 bytes)
[    0.510783] TCP: Hash tables configured (established 32768 bind 32768)
[    0.511745] UDP hash table entries: 2048 (order: 4, 65536 bytes)
[    0.512714] UDP-Lite hash table entries: 2048 (order: 4, 65536 bytes)
[    0.513850] NET: Registered protocol family 1
[    0.514561] pci 0000:00:00.0: Limiting direct PCI/PCI transfers
[    0.515479] Unpacking initramfs...
[    1.211604] Freeing initrd memory: 42828K (ffff9a0efd62d000 - ffff9a0f00000000)
[    1.212883] PCI-DMA: Using software bounce buffering for IO (SWIOTLB)
[    1.213845] software IO TLB [mem 0xbbffd000-0xbfffd000] (64MB) mapped at [ffff9a0f3bffd000-ffff9a0f3fffcfff]
[    1.215759] RAPL PMU: API unit is 2^-32 Joules, 3 fixed counters, 10737418240 ms ovfl timer
[    1.217166] RAPL PMU: hw unit of domain pp0-core 2^-0 Joules
[    1.217989] RAPL PMU: hw unit of domain package 2^-0 Joules
[    1.218805] RAPL PMU: hw unit of domain dram 2^-0 Joules
[    1.220652] AVX2 or AES-NI instructions are not detected.
[    1.221510] AVX2 instructions are not detected.
[    1.222419] audit: initializing netlink subsys (disabled)
[    1.223325] audit: type=2000 audit(1501185826.213:1): initialized
[    1.224764] workingset: timestamp_bits=46 max_order=20 bucket_order=0
[    1.226145] FS-Cache: Netfs 'cifs' registered for caching
[    1.226948] fuse init (API version 7.26)
[    1.227648] SGI XFS with ACLs, security attributes, no debug enabled
[    1.228697] 9p: Installing v9fs 9p2000 file system support
[    1.229646] FS-Cache: Netfs '9p' registered for caching
[    1.231474] NET: Registered protocol family 38
[    1.232187] Key type asymmetric registered
[    1.232804] Asymmetric key parser 'x509' registered
[    1.233731] Block layer SCSI generic (bsg) driver version 0.4 loaded (major 251)
[    1.234863] io scheduler noop registered
[    1.235564] io scheduler deadline registered (default)
[    1.236402] io scheduler cfq registered
[    1.237051] pci_hotplug: PCI Hot Plug PCI Core version: 0.5
[    1.237877] pciehp: PCI Express Hot Plug Controller Driver version: 0.4
[    1.238872] shpchp: Standard Hot Plug PCI Controller Driver version: 0.4
[    1.239930] hv_vmbus: registering driver hyperv_fb
[    1.240737] input: Power Button as /devices/LNXSYSTM:00/LNXPWRBN:00/input/input0
[    1.242081] ACPI: Power Button [PWRF]
[    1.242773] input: Sleep Button as /devices/LNXSYSTM:00/LNXSLPBN:00/input/input1
[    1.244162] ACPI: Sleep Button [SLPF]
[    1.244942] GHES: HEST is not enabled!
[    1.247072] ACPI: PCI Interrupt Link [LNKC] enabled at IRQ 11
[    1.247965] virtio-pci 0000:00:03.0: virtio_pci: leaving for legacy driver
[    1.251750] ACPI: PCI Interrupt Link [LNKD] enabled at IRQ 10
[    1.252761] virtio-pci 0000:00:04.0: virtio_pci: leaving for legacy driver
[    1.260264] xenfs: not registering filesystem on non-xen platform
[    1.261328] Serial: 8250/16550 driver, 4 ports, IRQ sharing disabled
[    1.283377] 00:03: ttyS0 at I/O 0x3f8 (irq = 4, base_baud = 115200) is a 16550A
[    1.305289] 00:04: ttyS1 at I/O 0x2f8 (irq = 3, base_baud = 115200) is a 16550A
[    1.327222] 00:05: ttyS2 at I/O 0x3e8 (irq = 6, base_baud = 115200) is a 16550A
[    1.349652] 00:06: ttyS3 at I/O 0x2e8 (irq = 7, base_baud = 115200) is a 16550A
[    1.350743] Non-volatile memory driver v1.3
[    1.351275] Hangcheck: starting hangcheck timer 0.9.1 (tick is 180 seconds, margin is 60 seconds).
[    1.353913] loop: module loaded
[    1.354724] nbd: registered device at major 43
[    1.369462] scsi host0: Virtio SCSI HBA
[    1.371310] scsi 0:0:1:0: Direct-Access     Google   PersistentDisk   1    PQ: 0 ANSI: 6
[    1.388850] random: fast init done
[    1.391352] VMware PVSCSI driver - version 1.0.7.0-k
[    1.392008] hv_vmbus: registering driver hv_storvsc
[    1.392695] sd 0:0:1:0: [sda] 2097152 512-byte logical blocks: (1.07 GB/1.00 GiB)
[    1.393502] sd 0:0:1:0: [sda] 4096-byte physical blocks
[    1.395011] sd 0:0:1:0: Attached scsi generic sg0 type 0
[    1.395813] sd 0:0:1:0: [sda] Write Protect is off
[    1.396346] sd 0:0:1:0: [sda] Write cache: enabled, read cache: enabled, doesn't support DPO or FUA
[    1.397438] tun: Universal TUN/TAP device driver, 1.6
[    1.398050] tun: (C) 1999-2004 Max Krasnyansky <maxk@qualcomm.com>
[    1.436503]  sda: sda1
[    1.460222] VMware vmxnet3 virtual NIC driver - version 1.4.a.0-k-NAPI
[    1.461012] sd 0:0:1:0: [sda] Attached SCSI disk
[    1.461526] hv_vmbus: registering driver hv_netvsc
[    1.462106] Fusion MPT base driver 3.04.20
[    1.462538] Copyright (c) 1999-2008 LSI Corporation
[    1.463090] Fusion MPT SPI Host driver 3.04.20
[    1.463613] i8042: PNP: PS/2 Controller [PNP0303:KBD,PNP0f13:MOU] at 0x60,0x64 irq 1,12
[    1.466787] i8042: Warning: Keylock active
[    1.467909] serio: i8042 KBD port at 0x60,0x64 irq 1
[    1.468757] serio: i8042 AUX port at 0x60,0x64 irq 12
[    1.469411] hv_vmbus: registering driver hyperv_keyboard
[    1.470098] mousedev: PS/2 mouse device common for all mice
[    1.470899] input: PC Speaker as /devices/platform/pcspkr/input/input3
[    1.471605] rtc_cmos 00:00: RTC can wake from S4
[    1.472342] rtc_cmos 00:00: rtc core: registered rtc_cmos as rtc0
[    1.473174] rtc_cmos 00:00: alarms up to one day, 114 bytes nvram
[    1.473812] i2c /dev entries driver
[    1.474238] device-mapper: ioctl: 4.35.0-ioctl (2016-06-23) initialised: dm-devel@redhat.com
[    1.475194] usbcore: registered new interface driver usbhid
[    1.475776] usbhid: USB HID core driver
[    1.476171] hv_utils: Registering HyperV Utility Driver
[    1.476701] hv_vmbus: registering driver hv_util
[    1.477223] hv_vmbus: registering driver hv_balloon
[    1.477712] oprofile: using timer interrupt.
[    1.478163] GACT probability on
[    1.478492] Mirror/redirect action on
[    1.478855] Simple TC action Loaded
[    1.479218] u32 classifier
[    1.479528]     Performance counters on
[    1.479941]     input device check on
[    1.480372]     Actions configured
[    1.480730] Netfilter messages via NETLINK v0.30.
[    1.481184] nfnl_acct: registering with nfnetlink.
[    1.481692] nf_conntrack version 0.5.0 (16384 buckets, 65536 max)
[    1.482330] ctnetlink v0.93: registering with nfnetlink.
[    1.482944] nf_tables: (c) 2007-2009 Patrick McHardy <kaber@trash.net>
[    1.483624] nf_tables_compat: (c) 2012 Pablo Neira Ayuso <pablo@netfilter.org>
[    1.484352] xt_time: kernel timezone is -0000
[    1.484775] ip_set: protocol 6
[    1.485103] IPVS: Registered protocols (TCP, UDP, SCTP, AH, ESP)
[    1.485682] IPVS: Connection hash table configured (size=4096, memory=64Kbytes)
[    1.486393] IPVS: Creating netns size=2104 id=0
[    1.486941] IPVS: ipvs loaded.
[    1.487256] IPVS: [rr] scheduler registered.
[    1.487710] IPVS: [wrr] scheduler registered.
[    1.488181] IPVS: [lc] scheduler registered.
[    1.488632] IPVS: [wlc] scheduler registered.
[    1.489050] IPVS: [fo] scheduler registered.
[    1.489516] IPVS: [ovf] scheduler registered.
[    1.490025] IPVS: [lblc] scheduler registered.
[    1.490668] IPVS: [lblcr] scheduler registered.
[    1.491176] IPVS: [dh] scheduler registered.
[    1.491593] IPVS: [sh] scheduler registered.
[    1.492047] IPVS: [sed] scheduler registered.
[    1.492465] IPVS: [nq] scheduler registered.
[    1.492899] IPVS: ftp: loaded support on port[0] = 21
[    1.493506] ipip: IPv4 and MPLS over IPv4 tunneling driver
[    1.494161] gre: GRE over IPv4 demultiplexor driver
[    1.494726] ip_tables: (C) 2000-2006 Netfilter Core Team
[    1.495402] ipt_CLUSTERIP: ClusterIP Version 0.8 loaded successfully
[    1.496050] arp_tables: arp_tables: (C) 2002 David S. Miller
[    1.496661] NET: Registered protocol family 10
[    1.497331] ip6_tables: (C) 2000-2006 Netfilter Core Team
[    1.498057] NET: Registered protocol family 17
[    1.498559] Bridge firewalling registered
[    1.498952] Ebtables v2.0 registered
[    1.499339] 8021q: 802.1Q VLAN Support v1.8
[    1.499800] 9pnet: Installing 9P2000 support
[    1.500483] Key type dns_resolver registered
[    1.501097] microcode: sig=0x206d7, pf=0x1, revision=0x1
[    1.501871] microcode: Microcode Update Driver: v2.01 <tigran@aivazian.fsnet.co.uk>, Peter Oruba
[    1.503272] AVX version of gcm_enc/dec engaged.
[    1.503729] AES CTR mode by8 optimization enabled
[    1.504600] registered taskstats version 1
[    1.507883] Key type big_key registered
[    1.509683] Key type encrypted registered
[    1.510406] rtc_cmos 00:00: setting system clock to 2017-07-27 20:03:46 UTC (1501185826)
[    1.513479] Freeing unused kernel memory: 1376K (ffffffff92d57000 - ffffffff92eaf000)
[    1.514566] Write protecting the kernel read-only data: 12288k
[    1.515552] Freeing unused kernel memory: 152K (ffff9a0e8f7da000 - ffff9a0e8f800000)
[    1.520491] Freeing unused kernel memory: 1400K (ffff9a0e8faa2000 - ffff9a0e8fc00000)
[    1.673497] input: AT Translated Set 2 keyboard as /devices/platform/i8042/serio0/input/input2

Welcome to LinuxKit

                        ##         .
                  ## ## ##        ==
               ## ## ## ## ##    ===
           /"""""""""""""""""\___/ ===
          {                       /  ===-
           \______ O           __/
             \    \         __/
              \____\_______/

eth0: waiting for carrier
[    2.293327] tsc: Refined TSC clocksource calibration: 2600.006 MHz
[    2.294458] clocksource: tsc: mask: 0xffffffffffffffff max_cycles: 0x257a42068c7, max_idle_ns: 440795285103 ns
eth0: could not detect a useable init system
eth0: carrier acquired
DUID 00:01:00:01:21:0d:03:a2:42:01:0a:84:00:04
eth0: IAID 0a:84:00:04
eth0: adding address fe80::2909:f48b:3d3f:60f7
eth0: soliciting an IPv6 router
eth0: soliciting a DHCP lease
eth0: offered 10.132.0.4 from 169.254.169.254
eth0: leased 10.132.0.4 for 86400 seconds
eth0: adding host route to 10.132.0.1
eth0: adding default route via 10.132.0.1
exiting due to oneshot
dhcpcd exited
starting kernel config sanity test with /proc/config.gz
[    2.823570] RPC: Registered named UNIX socket transport module.
[    2.825334] RPC: Registered udp transport module.
[    2.826405] RPC: Registered tcp transport module.
[    2.827927] RPC: Registered tcp NFSv4.1 backchannel transport module.
[    2.833022] FS-Cache: Netfs 'nfs' registered for caching
[    2.838133] Installing knfsd (copyright (C) 1996 okir@monad.swb.de).
[    2.842071] ntfs: driver 2.1.32 [Flags: R/O MODULE].
kernel config test succeeded!
[37minfo: reading kernel config from /proc/config.gz ...[m

Generally Necessary:
- [37mcgroup hierarchy[m: [32mproperly mounted[m [/sys/fs/cgroup]
- [37mCONFIG_NAMESPACES[m: [32menabled[m
- [37mCONFIG_NET_NS[m: [32menabled[m
- [37mCONFIG_PID_NS[m: [32menabled[m
- [37mCONFIG_IPC_NS[m: [32menabled[m
- [37mCONFIG_UTS_NS[m: [32menabled[m
- [37mCONFIG_CGROUPS[m: [32menabled[m
- [37mCONFIG_CGROUP_CPUACCT[m: [32menabled[m
- [37mCONFIG_CGROUP_DEVICE[m: [32menabled[m
- [37mCONFIG_CGROUP_FREEZER[m: [32menabled[m
- [37mCONFIG_CGROUP_SCHED[m: [32menabled[m
- [37mCONFIG_CPUSETS[m: [32menabled[m
- [37mCONFIG_MEMCG[m: [32menabled[m
- [37mCONFIG_KEYS[m: [32menabled[m
- [37mCONFIG_VETH[m: [32menabled[m
- [37mCONFIG_BRIDGE[m: [32menabled[m
- [37mCONFIG_BRIDGE_NETFILTER[m: [32menabled[m
- [37mCONFIG_NF_NAT_IPV4[m: [32menabled[m
- [37mCONFIG_IP_NF_FILTER[m: [32menabled[m
- [37mCONFIG_IP_NF_TARGET_MASQUERADE[m: [32menabled[m
- [37mCONFIG_NETFILTER_XT_MATCH_ADDRTYPE[m: [32menabled[m
- [37mCONFIG_NETFILTER_XT_MATCH_CONNTRACK[m: [32menabled[m
- [37mCONFIG_NETFILTER_XT_MATCH_IPVS[m: [32menabled[m
- [37mCONFIG_IP_NF_NAT[m: [32menabled[m
- [37mCONFIG_NF_NAT[m: [32menabled[m
- [37mCONFIG_NF_NAT_NEEDED[m: [32menabled[m
- [37mCONFIG_POSIX_MQUEUE[m: [32menabled[m

Optional Features:
- [37mCONFIG_USER_NS[m: [32menabled[m
- [37mCONFIG_SECCOMP[m: [32menabled[m
- [37mCONFIG_CGROUP_PIDS[m: [32menabled[m
- [37mCONFIG_MEMCG_SWAP[m: [32menabled[m
- [37mCONFIG_MEMCG_SWAP_ENABLED[m: [32menabled[m
    [1;30m(cgroup swap accounting is currently enabled)[m
- [1mCONFIG_LEGACY_VSYSCALL_NONE[m: [1;31menabled[m
    [1;30m(containers using eglibc <= 2.13 will not work. Switch to[m
    [1;30m "CONFIG_VSYSCALL_[NATIVE|EMULATE]" or use "vsyscall=[native|emulate]"[m
    [1;30m on kernel command line. Note that this will disable ASLR for the,[m
    [1;30m VDSO which may assist in exploiting security vulnerabilities.)[m
- [37mCONFIG_BLK_CGROUP[m: [32menabled[m
- [37mCONFIG_BLK_DEV_THROTTLING[m: [32menabled[m
- [37mCONFIG_IOSCHED_CFQ[m: [32menabled[m
- [37mCONFIG_CFQ_GROUP_IOSCHED[m: [32menabled[m
- [37mCONFIG_CGROUP_PERF[m: [32menabled[m
- [37mCONFIG_CGROUP_HUGETLB[m: [32menabled[m
- [37mCONFIG_NET_CLS_CGROUP[m: [32menabled[m
- [37mCONFIG_CGROUP_NET_PRIO[m: [32menabled[m
- [37mCONFIG_CFS_BANDWIDTH[m: [32menabled[m
- [37mCONFIG_FAIR_GROUP_SCHED[m: [32menabled[m
- [37mCONFIG_RT_GROUP_SCHED[m: [32menabled[m
- [37mCONFIG_IP_VS[m: [32menabled[m
- [37mCONFIG_IP_VS_NFCT[m: [32menabled[m
- [37mCONFIG_IP_VS_RR[m: [32menabled[m
- [37mCONFIG_EXT4_FS[m: [32menabled[m
- [37mCONFIG_EXT4_FS_POSIX_ACL[m: [32menabled[m
- [37mCONFIG_EXT4_FS_SECURITY[m: [32menabled[m
- Network Drivers:
  - "[34moverlay[m":
    - [37mCONFIG_VXLAN[m: [32menabled[m
      Optional (for encrypted networks):
      - [37mCONFIG_CRYPTO[m: [32menabled[m
      - [37mCONFIG_CRYPTO_AEAD[m: [32menabled[m
      - [37mCONFIG_CRYPTO_GCM[m: [32menabled[m
      - [37mCONFIG_CRYPTO_SEQIV[m: [32menabled[m
      - [37mCONFIG_CRYPTO_GHASH[m: [32menabled[m
      - [37mCONFIG_XFRM[m: [32menabled[m
      - [37mCONFIG_XFRM_USER[m: [32menabled (as module)[m
      - [37mCONFIG_XFRM_ALGO[m: [32menabled (as module)[m
      - [37mCONFIG_INET_ESP[m: [32menabled (as module)[m
      - [37mCONFIG_INET_XFRM_MODE_TRANSPORT[m: [32menabled (as module)[m
  - "[34mipvlan[m":
    - [37mCONFIG_IPVLAN[m: [32menabled[m
  - "[34mmacvlan[m":
    - [37mCONFIG_MACVLAN[m: [32menabled[m
    - [37mCONFIG_DUMMY[m: [32menabled (as module)[m
  - "[34mftp,tftp client in container[m":
    - [37mCONFIG_NF_NAT_FTP[m: [32menabled[m
    - [37mCONFIG_NF_CONNTRACK_FTP[m: [32menabled[m
    - [37mCONFIG_NF_NAT_TFTP[m: [32menabled[m
    - [37mCONFIG_NF_CONNTRACK_TFTP[m: [32menabled[m
- Storage Drivers:
  - "[34maufs[m":
    - [1mCONFIG_AUFS_FS[m: [1;31mmissing[m
  - "[34mbtrfs[m":
    - [37mCONFIG_BTRFS_FS[m: [32menabled (as module)[m
    - [37mCONFIG_BTRFS_FS_POSIX_ACL[m: [32menabled[m
  - "[34mdevicemapper[m":
    - [37mCONFIG_BLK_DEV_DM[m: [32menabled[m
    - [37mCONFIG_DM_THIN_PROVISIONING[m: [32menabled[m
  - "[34moverlay[m":
    - [37mCONFIG_OVERLAY_FS[m: [32menabled[m
  - "[34mzfs[m":
    - [1m/dev/zfs[m: [1;31mmissing[m
    - [1mzfs command[m: [1;31mmissing[m
    - [1mzpool command[m: [1;31mmissing[m

Limits:
[37m- /proc/sys/kernel/keys/root_maxkeys[m: [32m1000000[m

Kernel config test suite PASSED
[2017-07-27 20:03.49] Tests passed!
[2017-07-27 20:03.49] Removing test VM...
[2017-07-27 20:03.49] Running "/gcloud/destroy.py" "linuxkit-ci-2"
INFO:root:Destroying VM
INFO:oauth2client.transport:Attempting refresh to obtain initial access_token
INFO:oauth2client.client:Refreshing access_token
INFO:root:Waiting for zone operation to finish
INFO:root:Operation in progress... waiting...
INFO:root:Operation in progress... waiting...
INFO:root:Operation in progress... waiting...
INFO:root:Operation in progress... waiting...
INFO:root:Operation in progress... waiting...
INFO:root:Operation in progress... waiting...
INFO:root:Operation in progress... waiting...
INFO:root:Operation in progress... waiting...
INFO:root:Operation in progress... waiting...
[2017-07-27 20:04.37] Success
