=== Build LinuxKit
[2017-06-28 16:33.30] Starting...
Cloning into '/tmp/with_clone3f8cd5ed'...
done.
HEAD is now at 8ae874f7 DEBUG: Sprinkle `git status` about to diagnose unexpected dirtiness.
[2017-06-28 16:33.31] Running "cp" "-p" "--" "/gcloud/ci-setup.sh" "/tmp/with_clone3f8cd5ed/ci-setup.sh"
[2017-06-28 16:33.31] Building with timeout of 120 minutes
[2017-06-28 16:33.31] Running "/gcloud/create.py" "linuxkit-ci-3"
INFO:oauth2client.transport:Attempting refresh to obtain initial access_token
INFO:oauth2client.client:Refreshing access_token
INFO:root:Using source disk image https://www.googleapis.com/compute/v1/projects/moby-datakit-ci/global/images/linuxkit-ci-builder-4
INFO:root:Creating VM
INFO:root:Waiting for zone operation to finish
INFO:root:Operation in progress... waiting...
INFO:root:Operation in progress... waiting...
INFO:root:Operation in progress... waiting...
INFO:root:Operation in progress... waiting...
INFO:root:Getting VM details
[2017-06-28 16:33.55] Created new VM linuxkit-ci-3
[2017-06-28 16:33.55] Running "ssh" "-i" "/run/secrets/builder-ssh" "-o" "StrictHostKeyChecking=no" "root@35.189.239.162" "/usr/local/bin/test.sh"

[+  1m 28s] @@@@@@@@@@@@@@@@@@@@@@@@@@@@@@@@@@@@@@@@@@@@@@@@@@@@@@@@@@@
[+  1m 28s] @    WARNING: REMOTE HOST IDENTIFICATION HAS CHANGED!     @
[+  1m 28s] @@@@@@@@@@@@@@@@@@@@@@@@@@@@@@@@@@@@@@@@@@@@@@@@@@@@@@@@@@@
[+  1m 28s] IT IS POSSIBLE THAT SOMEONE IS DOING SOMETHING NASTY!
[+  1m 28s] Someone could be eavesdropping on you right now (man-in-the-middle attack)!
[+  1m 28s] It is also possible that a host key has just been changed.
[+  1m 28s] The fingerprint for the ECDSA key sent by the remote host is
[+  1m 28s] SHA256:AgIBMHHwucOi6TwU8rHgi07b55EuigwGaY0pK8h+xPw.
[+  1m 28s] Please contact your system administrator.
[+  1m 28s] Add correct host key in /root/.ssh/known_hosts to get rid of this message.
[+  1m 28s] Offending ECDSA key in /root/.ssh/known_hosts:2
[+  1m 28s] Password authentication is disabled to avoid man-in-the-middle attacks.
[+  1m 28s] Keyboard-interactive authentication is disabled to avoid man-in-the-middle attacks.
[+  1m 29s] + rm -rf /tmp/build
[+  1m 29s] + mkdir /tmp/build
[+  1m 29s] + cd /tmp/build
[+  1m 29s] + tar xf -
[+  1m 38s] + '[' -x ci-setup.sh ']'
[+  1m 38s] + ./ci-setup.sh
[+  1m 38s] + mkdir -p /tmp/build/test/_results /tmp/build/artifacts
[+  1m 38s] + sysctl vm.overcommit_memory=1
[+  1m 38s] vm.overcommit_memory = 1
[+  1m 38s] + make ci-pr
[+  1m 38s] make clean
[+  1m 38s] make[1]: Entering directory '/tmp/build'
[+  1m 38s] rm -rf bin *.log *-kernel *-cmdline *-state *.img *.iso *.gz *.qcow2 *.vhd *.vmx *.vmdk *.tar 
[+  1m 38s] make[1]: Leaving directory '/tmp/build'
[+  1m 38s] make -j 3 GOOS=darwin tmp_moby_bin.tar tmp_rtf_bin.tar tmp_linuxkit_bin.tar
[+  1m 38s] make[1]: Entering directory '/tmp/build'
[+  1m 38s] docker run --rm --log-driver=none -e GOOS=darwin linuxkit/go-compile:6579a00b44686d0e504d513fc4860094769fe7df --clone-path github.com/moby/tool --clone https://github.com/moby/tool.git --commit d8cc1b3f08df02ad563d3f548ac2527931a925a6 --package github.com/moby/tool/cmd/moby --ldflags "-X main.GitCommit=d8cc1b3f08df02ad563d3f548ac2527931a925a6 -X main.Version=0.0" -o bin/moby > tmp_moby_bin.tar
[+  1m 38s] docker run --rm --log-driver=none -e GOOS=darwin linuxkit/go-compile:6579a00b44686d0e504d513fc4860094769fe7df --clone-path github.com/linuxkit/rtf --clone https://github.com/linuxkit/rtf.git --commit 34ec986e726d661f2a25ff085d669e057e3e5345 --package github.com/linuxkit/rtf --ldflags "-X github.com/linuxkit/rtf/cmd.GitCommit=34ec986e726d661f2a25ff085d669e057e3e5345 -X github.com/linuxkit/rtf/cmd.Version=0.0" -o bin/rtf > tmp_rtf_bin.tar
[+  1m 38s] tar cf - vendor -C src/cmd/linuxkit . | docker run --rm --net=none --log-driver=none -i -e GOOS=darwin linuxkit/go-compile:6579a00b44686d0e504d513fc4860094769fe7df --package github.com/linuxkit/linuxkit --ldflags "-X main.GitCommit=8ae874f7e42023e9f7ee50c0c712846e441bdf65 -X main.Version="0.0" " -o bin/linuxkit > tmp_linuxkit_bin.tar
[+  1m 39s] Unable to find image 'linuxkit/go-compile:6579a00b44686d0e504d513fc4860094769fe7df' locally
[+  1m 39s] Unable to find image 'linuxkit/go-compile:6579a00b44686d0e504d513fc4860094769fe7df' locally
[+  1m 39s] Unable to find image 'linuxkit/go-compile:6579a00b44686d0e504d513fc4860094769fe7df' locally
[+  1m 41s] 6579a00b44686d0e504d513fc4860094769fe7df: Pulling from linuxkit/go-compile
[+  1m 41s] 6579a00b44686d0e504d513fc4860094769fe7df: Pulling from linuxkit/go-compile
[+  1m 41s] 6579a00b44686d0e504d513fc4860094769fe7df: Pulling from linuxkit/go-compile
[+  1m 41s] 7bee6021d73b: Pulling fs layer
[+  1m 41s] bc2351846d69: Pulling fs layer
[+  1m 41s] f445d9c10f23: Pulling fs layer
[+  1m 41s] 7bee6021d73b: Pulling fs layer
[+  1m 41s] bc2351846d69: Pulling fs layer
[+  1m 41s] f445d9c10f23: Pulling fs layer
[+  1m 41s] 7bee6021d73b: Pulling fs layer
[+  1m 41s] bc2351846d69: Pulling fs layer
[+  1m 41s] f445d9c10f23: Pulling fs layer
[+  1m 41s] f445d9c10f23: f445d9c10f23: Download complete
[+  1m 41s] Download complete
[+  1m 41s] f445d9c10f23: Download complete
[+  1m 43s] bc2351846d69: Verifying Checksum
[+  1m 43s] bc2351846d69: Verifying Checksum
[+  1m 43s] bc2351846d69: Verifying Checksum
[+  1m 43s] bc2351846d69: Download complete
[+  1m 43s] bc2351846d69: Download complete
[+  1m 43s] bc2351846d69: Download complete
[+  1m 50s] 7bee6021d73b: 7bee6021d73b: Verifying Checksum
[+  1m 50s] Verifying Checksum
[+  1m 50s] 7bee6021d73b: Download complete
[+  1m 50s] 7bee6021d73b: Download complete
[+  1m 50s] 7bee6021d73b: Download complete
[+  1m 57s] 7bee6021d73b: 7bee6021d73b: Pull complete
[+  1m 57s] Pull complete
[+  1m 57s] 7bee6021d73b: Pull complete
[+  1m 58s] bc2351846d69: Pull complete
[+  1m 58s] bc2351846d69: Pull complete
[+  1m 58s] bc2351846d69: Pull complete
[+  1m 58s] f445d9c10f23: Pull complete
[+  1m 58s] f445d9c10f23: Pull complete
[+  1m 58s] f445d9c10f23: Pull complete
[+  1m 58s] Digest: sha256:65aa61308f71f509fd003bac05d60644243c863def805992948a0e5a02b95c09
[+  1m 58s] Digest: sha256:65aa61308f71f509fd003bac05d60644243c863def805992948a0e5a02b95c09
[+  1m 58s] Status: Image is up to date for linuxkit/go-compile:6579a00b44686d0e504d513fc4860094769fe7df
[+  1m 58s] Status: Image is up to date for linuxkit/go-compile:6579a00b44686d0e504d513fc4860094769fe7df
[+  1m 58s] Digest: sha256:65aa61308f71f509fd003bac05d60644243c863def805992948a0e5a02b95c09
[+  1m 58s] Status: Downloaded newer image for linuxkit/go-compile:6579a00b44686d0e504d513fc4860094769fe7df
[+  1m 59s] Cloning into '.'...
[+  1m 59s] Cloning into '.'...
[+  1m 59s] gofmt...
[+  2m 01s] Note: checking out '34ec986e726d661f2a25ff085d669e057e3e5345'.
[+  2m 01s] 
[+  2m 01s] You are in 'detached HEAD' state. You can look around, make experimental
[+  2m 01s] changes and commit them, and you can discard any commits you make in this
[+  2m 01s] state without impacting any branches by performing another checkout.
[+  2m 01s] 
[+  2m 01s] If you want to create a new branch to retain commits you create, you may
[+  2m 01s] do so (now or later) by using -b with the checkout command again. Example:
[+  2m 01s] 
[+  2m 01s]   git checkout -b <new-branch-name>
[+  2m 01s] 
[+  2m 01s] HEAD is now at 34ec986... Merge pull request #18 from dave-tucker/label-fix
[+  2m 01s] gofmt...
[+  2m 01s] Note: checking out 'd8cc1b3f08df02ad563d3f548ac2527931a925a6'.
[+  2m 01s] 
[+  2m 01s] You are in 'detached HEAD' state. You can look around, make experimental
[+  2m 01s] changes and commit them, and you can discard any commits you make in this
[+  2m 01s] state without impacting any branches by performing another checkout.
[+  2m 01s] 
[+  2m 01s] If you want to create a new branch to retain commits you create, you may
[+  2m 01s] do so (now or later) by using -b with the checkout command again. Example:
[+  2m 01s] 
[+  2m 01s]   git checkout -b <new-branch-name>
[+  2m 01s] 
[+  2m 01s] HEAD is now at d8cc1b3... Merge pull request #82 from justincormack/source-ifpresent
[+  2m 01s] gofmt...
[+  2m 01s] govet...
[+  2m 01s] golint...
[+  2m 01s] ineffassign...
[+  2m 02s] go build...
[+  2m 04s] govet...
[+  2m 07s] golint...
[+  2m 07s] govet...
[+  2m 07s] ineffassign...
[+  2m 07s] go build...
[+  2m 18s] golint...
[+  2m 18s] ineffassign...
[+  2m 18s] go build...
[+  3m 44s] make[1]: Leaving directory '/tmp/build'
[+  3m 44s] make clean
[+  3m 44s] make[1]: Entering directory '/tmp/build'
[+  3m 44s] rm -rf bin *.log *-kernel *-cmdline *-state *.img *.iso *.gz *.qcow2 *.vhd *.vmx *.vmdk *.tar 
[+  3m 44s] make[1]: Leaving directory '/tmp/build'
[+  3m 44s] make -j 3 GOOS=windows tmp_moby_bin.tar tmp_rtf_bin.tar tmp_linuxkit_bin.tar
[+  3m 44s] make[1]: Entering directory '/tmp/build'
[+  3m 44s] docker run --rm --log-driver=none -e GOOS=windows linuxkit/go-compile:6579a00b44686d0e504d513fc4860094769fe7df --clone-path github.com/moby/tool --clone https://github.com/moby/tool.git --commit d8cc1b3f08df02ad563d3f548ac2527931a925a6 --package github.com/moby/tool/cmd/moby --ldflags "-X main.GitCommit=d8cc1b3f08df02ad563d3f548ac2527931a925a6 -X main.Version=0.0" -o bin/moby > tmp_moby_bin.tar
[+  3m 44s] docker run --rm --log-driver=none -e GOOS=windows linuxkit/go-compile:6579a00b44686d0e504d513fc4860094769fe7df --clone-path github.com/linuxkit/rtf --clone https://github.com/linuxkit/rtf.git --commit 34ec986e726d661f2a25ff085d669e057e3e5345 --package github.com/linuxkit/rtf --ldflags "-X github.com/linuxkit/rtf/cmd.GitCommit=34ec986e726d661f2a25ff085d669e057e3e5345 -X github.com/linuxkit/rtf/cmd.Version=0.0" -o bin/rtf > tmp_rtf_bin.tar
[+  3m 44s] tar cf - vendor -C src/cmd/linuxkit . | docker run --rm --net=none --log-driver=none -i -e GOOS=windows linuxkit/go-compile:6579a00b44686d0e504d513fc4860094769fe7df --package github.com/linuxkit/linuxkit --ldflags "-X main.GitCommit=8ae874f7e42023e9f7ee50c0c712846e441bdf65 -X main.Version="0.0" " -o bin/linuxkit > tmp_linuxkit_bin.tar
[+  3m 44s] gofmt...
[+  3m 44s] Cloning into '.'...
[+  3m 45s] Cloning into '.'...
[+  3m 46s] Note: checking out '34ec986e726d661f2a25ff085d669e057e3e5345'.
[+  3m 46s] 
[+  3m 46s] You are in 'detached HEAD' state. You can look around, make experimental
[+  3m 46s] changes and commit them, and you can discard any commits you make in this
[+  3m 46s] state without impacting any branches by performing another checkout.
[+  3m 46s] 
[+  3m 46s] If you want to create a new branch to retain commits you create, you may
[+  3m 46s] do so (now or later) by using -b with the checkout command again. Example:
[+  3m 46s] 
[+  3m 46s]   git checkout -b <new-branch-name>
[+  3m 46s] 
[+  3m 46s] HEAD is now at 34ec986... Merge pull request #18 from dave-tucker/label-fix
[+  3m 46s] gofmt...
[+  3m 46s] Note: checking out 'd8cc1b3f08df02ad563d3f548ac2527931a925a6'.
[+  3m 46s] 
[+  3m 46s] You are in 'detached HEAD' state. You can look around, make experimental
[+  3m 46s] changes and commit them, and you can discard any commits you make in this
[+  3m 46s] state without impacting any branches by performing another checkout.
[+  3m 46s] 
[+  3m 46s] If you want to create a new branch to retain commits you create, you may
[+  3m 46s] do so (now or later) by using -b with the checkout command again. Example:
[+  3m 46s] 
[+  3m 46s]   git checkout -b <new-branch-name>
[+  3m 46s] 
[+  3m 46s] HEAD is now at d8cc1b3... Merge pull request #82 from justincormack/source-ifpresent
[+  3m 46s] gofmt...
[+  3m 46s] govet...
[+  3m 46s] golint...
[+  3m 47s] ineffassign...
[+  3m 47s] go build...
[+  3m 50s] govet...
[+  3m 52s] govet...
[+  3m 52s] golint...
[+  3m 52s] ineffassign...
[+  3m 53s] go build...
[+  4m 02s] golint...
[+  4m 03s] ineffassign...
[+  4m 03s] go build...
[+  5m 29s] make[1]: Leaving directory '/tmp/build'
[+  5m 29s] make clean
[+  5m 29s] make[1]: Entering directory '/tmp/build'
[+  5m 29s] rm -rf bin *.log *-kernel *-cmdline *-state *.img *.iso *.gz *.qcow2 *.vhd *.vmx *.vmdk *.tar 
[+  5m 29s] make[1]: Leaving directory '/tmp/build'
[+  5m 29s] make -j 3 GOOS=linux tmp_moby_bin.tar tmp_rtf_bin.tar tmp_linuxkit_bin.tar
[+  5m 29s] make[1]: Entering directory '/tmp/build'
[+  5m 29s] docker run --rm --log-driver=none  linuxkit/go-compile:6579a00b44686d0e504d513fc4860094769fe7df --clone-path github.com/moby/tool --clone https://github.com/moby/tool.git --commit d8cc1b3f08df02ad563d3f548ac2527931a925a6 --package github.com/moby/tool/cmd/moby --ldflags "-X main.GitCommit=d8cc1b3f08df02ad563d3f548ac2527931a925a6 -X main.Version=0.0" -o bin/moby > tmp_moby_bin.tar
[+  5m 29s] docker run --rm --log-driver=none  linuxkit/go-compile:6579a00b44686d0e504d513fc4860094769fe7df --clone-path github.com/linuxkit/rtf --clone https://github.com/linuxkit/rtf.git --commit 34ec986e726d661f2a25ff085d669e057e3e5345 --package github.com/linuxkit/rtf --ldflags "-X github.com/linuxkit/rtf/cmd.GitCommit=34ec986e726d661f2a25ff085d669e057e3e5345 -X github.com/linuxkit/rtf/cmd.Version=0.0" -o bin/rtf > tmp_rtf_bin.tar
[+  5m 29s] tar cf - vendor -C src/cmd/linuxkit . | docker run --rm --net=none --log-driver=none -i  linuxkit/go-compile:6579a00b44686d0e504d513fc4860094769fe7df --package github.com/linuxkit/linuxkit --ldflags "-X main.GitCommit=8ae874f7e42023e9f7ee50c0c712846e441bdf65 -X main.Version="0.0" " -o bin/linuxkit > tmp_linuxkit_bin.tar
[+  5m 30s] Cloning into '.'...
[+  5m 30s] Cloning into '.'...
[+  5m 30s] gofmt...
[+  5m 31s] Note: checking out '34ec986e726d661f2a25ff085d669e057e3e5345'.
[+  5m 31s] 
[+  5m 31s] You are in 'detached HEAD' state. You can look around, make experimental
[+  5m 31s] changes and commit them, and you can discard any commits you make in this
[+  5m 31s] state without impacting any branches by performing another checkout.
[+  5m 31s] 
[+  5m 31s] If you want to create a new branch to retain commits you create, you may
[+  5m 31s] do so (now or later) by using -b with the checkout command again. Example:
[+  5m 31s] 
[+  5m 31s]   git checkout -b <new-branch-name>
[+  5m 31s] 
[+  5m 31s] HEAD is now at 34ec986... Merge pull request #18 from dave-tucker/label-fix
[+  5m 31s] gofmt...
[+  5m 32s] Note: checking out 'd8cc1b3f08df02ad563d3f548ac2527931a925a6'.
[+  5m 32s] 
[+  5m 32s] You are in 'detached HEAD' state. You can look around, make experimental
[+  5m 32s] changes and commit them, and you can discard any commits you make in this
[+  5m 32s] state without impacting any branches by performing another checkout.
[+  5m 32s] 
[+  5m 32s] If you want to create a new branch to retain commits you create, you may
[+  5m 32s] do so (now or later) by using -b with the checkout command again. Example:
[+  5m 32s] 
[+  5m 32s]   git checkout -b <new-branch-name>
[+  5m 32s] 
[+  5m 32s] HEAD is now at d8cc1b3... Merge pull request #82 from justincormack/source-ifpresent
[+  5m 32s] gofmt...
[+  5m 32s] govet...
[+  5m 32s] golint...
[+  5m 33s] ineffassign...
[+  5m 33s] go build...
[+  5m 35s] govet...
[+  5m 37s] govet...
[+  5m 38s] golint...
[+  5m 39s] ineffassign...
[+  5m 39s] go build...
[+  5m 48s] golint...
[+  5m 49s] ineffassign...
[+  5m 49s] go build...
[+  7m 16s] make[1]: Leaving directory '/tmp/build'
[+  7m 16s] make clean
[+  7m 16s] make[1]: Entering directory '/tmp/build'
[+  7m 16s] rm -rf bin *.log *-kernel *-cmdline *-state *.img *.iso *.gz *.qcow2 *.vhd *.vmx *.vmdk *.tar 
[+  7m 16s] make[1]: Leaving directory '/tmp/build'
[+  7m 16s] git status
[+  7m 16s] On branch master
[+  7m 16s] Your branch is ahead of 'origin/master' by 584 commits.
[+  7m 16s]   (use "git push" to publish your local commits)
[+  7m 16s] Untracked files:
[+  7m 16s]   (use "git add <file>..." to include in what will be committed)
[+  7m 16s] 
[+  7m 16s] 	ci-setup.sh
[+  7m 16s] 
[+  7m 16s] nothing added to commit but untracked files present (use "git add" to track)
[+  7m 16s] make
[+  7m 16s] make[1]: Entering directory '/tmp/build'
[+  7m 16s] docker run --rm --log-driver=none  linuxkit/go-compile:6579a00b44686d0e504d513fc4860094769fe7df --clone-path github.com/moby/tool --clone https://github.com/moby/tool.git --commit d8cc1b3f08df02ad563d3f548ac2527931a925a6 --package github.com/moby/tool/cmd/moby --ldflags "-X main.GitCommit=d8cc1b3f08df02ad563d3f548ac2527931a925a6 -X main.Version=0.0" -o bin/moby > tmp_moby_bin.tar
[+  7m 17s] Cloning into '.'...
[+  7m 18s] Note: checking out 'd8cc1b3f08df02ad563d3f548ac2527931a925a6'.
[+  7m 18s] 
[+  7m 18s] You are in 'detached HEAD' state. You can look around, make experimental
[+  7m 18s] changes and commit them, and you can discard any commits you make in this
[+  7m 18s] state without impacting any branches by performing another checkout.
[+  7m 18s] 
[+  7m 18s] If you want to create a new branch to retain commits you create, you may
[+  7m 18s] do so (now or later) by using -b with the checkout command again. Example:
[+  7m 18s] 
[+  7m 18s]   git checkout -b <new-branch-name>
[+  7m 18s] 
[+  7m 18s] HEAD is now at d8cc1b3... Merge pull request #82 from justincormack/source-ifpresent
[+  7m 18s] gofmt...
[+  7m 18s] govet...
[+  7m 19s] golint...
[+  7m 19s] ineffassign...
[+  7m 19s] go build...
[+  7m 42s] mkdir -p bin
[+  7m 42s] tar xf tmp_moby_bin.tar
[+  7m 42s] rm tmp_moby_bin.tar
[+  7m 42s] touch bin/moby
[+  7m 42s] tar cf - vendor -C src/cmd/linuxkit . | docker run --rm --net=none --log-driver=none -i  linuxkit/go-compile:6579a00b44686d0e504d513fc4860094769fe7df --package github.com/linuxkit/linuxkit --ldflags "-X main.GitCommit=8ae874f7e42023e9f7ee50c0c712846e441bdf65 -X main.Version="0.0" " -o bin/linuxkit > tmp_linuxkit_bin.tar
[+  7m 43s] gofmt...
[+  7m 46s] govet...
[+  7m 50s] golint...
[+  7m 51s] ineffassign...
[+  7m 51s] go build...
[+  8m 46s] tar xf tmp_linuxkit_bin.tar
[+  8m 46s] rm tmp_linuxkit_bin.tar
[+  8m 46s] touch bin/linuxkit
[+  8m 46s] docker run --rm --log-driver=none  linuxkit/go-compile:6579a00b44686d0e504d513fc4860094769fe7df --clone-path github.com/linuxkit/rtf --clone https://github.com/linuxkit/rtf.git --commit 34ec986e726d661f2a25ff085d669e057e3e5345 --package github.com/linuxkit/rtf --ldflags "-X github.com/linuxkit/rtf/cmd.GitCommit=34ec986e726d661f2a25ff085d669e057e3e5345 -X github.com/linuxkit/rtf/cmd.Version=0.0" -o bin/rtf > tmp_rtf_bin.tar
[+  8m 46s] Cloning into '.'...
[+  8m 47s] Note: checking out '34ec986e726d661f2a25ff085d669e057e3e5345'.
[+  8m 47s] 
[+  8m 47s] You are in 'detached HEAD' state. You can look around, make experimental
[+  8m 47s] changes and commit them, and you can discard any commits you make in this
[+  8m 47s] state without impacting any branches by performing another checkout.
[+  8m 47s] 
[+  8m 47s] If you want to create a new branch to retain commits you create, you may
[+  8m 47s] do so (now or later) by using -b with the checkout command again. Example:
[+  8m 47s] 
[+  8m 47s]   git checkout -b <new-branch-name>
[+  8m 47s] 
[+  8m 47s] HEAD is now at 34ec986... Merge pull request #18 from dave-tucker/label-fix
[+  8m 47s] gofmt...
[+  8m 49s] govet...
[+  8m 50s] golint...
[+  8m 50s] ineffassign...
[+  8m 50s] go build...
[+  9m 08s] tar xf tmp_rtf_bin.tar
[+  9m 08s] rm tmp_rtf_bin.tar
[+  9m 08s] touch bin/rtf
[+  9m 08s] make[1]: Leaving directory '/tmp/build'
[+  9m 08s] git status
[+  9m 08s] On branch master
[+  9m 08s] Your branch is ahead of 'origin/master' by 584 commits.
[+  9m 08s]   (use "git push" to publish your local commits)
[+  9m 08s] Untracked files:
[+  9m 08s]   (use "git add <file>..." to include in what will be committed)
[+  9m 08s] 
[+  9m 08s] 	ci-setup.sh
[+  9m 08s] 
[+  9m 08s] nothing added to commit but untracked files present (use "git add" to track)
[+  9m 08s] make install
[+  9m 08s] make[1]: Entering directory '/tmp/build'
[+  9m 08s] cp -R ./bin/* /usr/local//bin
[+  9m 08s] make[1]: Leaving directory '/tmp/build'
[+  9m 08s] git status
[+  9m 08s] On branch master
[+  9m 08s] Your branch is ahead of 'origin/master' by 584 commits.
[+  9m 08s]   (use "git push" to publish your local commits)
[+  9m 08s] Untracked files:
[+  9m 08s]   (use "git add <file>..." to include in what will be committed)
[+  9m 08s] 
[+  9m 08s] 	ci-setup.sh
[+  9m 08s] 
[+  9m 08s] nothing added to commit but untracked files present (use "git add" to track)
[+  9m 08s] make -C test pr
[+  9m 08s] make[1]: Entering directory '/tmp/build/test'
[+  9m 08s] rm -rf ../artifacts
[+  9m 08s] mkdir -p ../artifacts
[+  9m 08s] /usr/local/bin/moby build -output gcp -pull -name ../artifacts/test hack/test.yml
[+  9m 08s] Extract kernel image: linuxkit/kernel:4.9.34
[+  9m 10s] Pull image: docker.io/linuxkit/kernel:4.9.34@sha256:d1e0b542fd21b71dd99639c46535ada6335bc8abcd397ad09c40229e66fe7d6b
[+  9m 17s] Add init containers:
[+  9m 17s] Process init image: linuxkit/init:36c56f0664d49c5a6adc1120d1bf5ba6ac30b389
[+  9m 19s] Pull image: docker.io/linuxkit/init:36c56f0664d49c5a6adc1120d1bf5ba6ac30b389@sha256:6ca9b70e9d4f802fcac9f8bc6006302fd8d6c2e79b0ed6d20d16e685b9355ff7
[+  9m 23s] Process init image: linuxkit/runc:2649198589ef0020d99f613adaeda45ce0093a38
[+  9m 25s] Pull image: docker.io/linuxkit/runc:2649198589ef0020d99f613adaeda45ce0093a38@sha256:dd096c6ea03e6da232a0c6d01c1e0d2290c4031408f9c6000c89c9e6590a39da
[+  9m 27s] Process init image: linuxkit/containerd:1e3e8f207421de8deac8cedc26a138d6b1661a0d
[+  9m 29s] Pull image: docker.io/linuxkit/containerd:1e3e8f207421de8deac8cedc26a138d6b1661a0d@sha256:cb0def679f5a26b02842c0c6cac919d792e052d44d3de941af618b5beb29fb60
[+  9m 40s] Add onboot containers:
[+  9m 40s]   Create OCI config for linuxkit/dhcpcd:6c1ca76dbf808d5c27d10cbf22a8d4399be5c8ae
[+  9m 41s] Pull image: docker.io/linuxkit/dhcpcd:6c1ca76dbf808d5c27d10cbf22a8d4399be5c8ae@sha256:129a415917480edacc3751d0dbbcd9c27b21a0def79546e5c9945d872923e4ea
[+  9m 45s] Pull image: docker.io/linuxkit/dhcpcd:6c1ca76dbf808d5c27d10cbf22a8d4399be5c8ae@sha256:129a415917480edacc3751d0dbbcd9c27b21a0def79546e5c9945d872923e4ea
[+  9m 46s]   Create OCI config for linuxkit/test-kernel-config:9f08e3b99f8ac2f422251b3e8c94ce874ee34119
[+  9m 46s] Pull image: linuxkit/test-kernel-config:9f08e3b99f8ac2f422251b3e8c94ce874ee34119
[+  9m 50s] Pull image: linuxkit/test-kernel-config:9f08e3b99f8ac2f422251b3e8c94ce874ee34119
[+  9m 52s]   Create OCI config for linuxkit/poweroff:7404cf2295df89ccfa2dda41997a28307a90cf28
[+  9m 52s] Pull image: linuxkit/poweroff:7404cf2295df89ccfa2dda41997a28307a90cf28
[+  9m 54s] Pull image: linuxkit/poweroff:7404cf2295df89ccfa2dda41997a28307a90cf28
[+  9m 55s] Create outputs:
[+ 10m 03s]   ../artifacts/test.img.tar.gz
[+ 11m 24s] LABELS: build, linux, Debian, 8.7, amd64
[+ 11m 24s] ID: 1fdd732f-7c04-4423-9380-c1431dddf73f
[+ 11m 50s] [PASS    ] linuxkit.build.examples.minimal 25.67s
[+ 13m 18s] [PASS    ] linuxkit.build.examples.docker 88.25s
[+ 13m 47s] [PASS    ] linuxkit.build.examples.sshd 28.96s
[+ 14m 12s] [PASS    ] linuxkit.build.examples.redis 24.98s
[+ 14m 56s] [PASS    ] linuxkit.build.examples.swap 43.56s
[+ 15m 23s] [PASS    ] linuxkit.build.examples.node_exporter 27.38s
[+ 16m 48s] [PASS    ] linuxkit.build.blueprints.docker_for_mac 84.93s
[+ 23m 49s] [PASS    ] linuxkit.build.outputs 420.57s
[+ 24m 33s] [PASS    ] linuxkit.platforms.qemu.run_kernel 44.21s
[+ 25m 26s] [PASS    ] linuxkit.platforms.qemu.run_iso 53.10s
[+ 25m 26s] [CANCEL  ] linuxkit.platforms.qemu.run_efi 0.07s
[+ 27m 37s] [PASS    ] linuxkit.platforms.qemu.run_qcow 131.44s
[+ 29m 49s] [PASS    ] linuxkit.platforms.qemu.run_raw 131.84s
[+ 29m 49s] [CANCEL  ] linuxkit.platforms.qemu.container 0.05s
[+ 31m 09s] [PASS    ] linuxkit.kernel.config_4.4.x 80.06s
[+ 32m 25s] [PASS    ] linuxkit.kernel.config_4.9.x 75.99s
[+ 33m 47s] [PASS    ] linuxkit.kernel.config_4.11.x 81.85s
[+ 35m 05s] [PASS    ] linuxkit.kernel.kmod_4.9.x 77.93s
[+ 35m 05s] [SKIP    ] linuxkit.security.docker-bench 0.00s
[+ 35m 57s] [PASS    ] linuxkit.security.ports 51.63s
[+ 36m 55s] [PASS    ] linuxkit.packages.binfmt 57.87s
[+ 37m 48s] [PASS    ] linuxkit.packages.ca-certificates 52.80s
[+ 46m 31s] [PASS    ] linuxkit.packages.containerd 523.71s
[+ 47m 29s] [PASS    ] linuxkit.packages.dhcpcd 57.27s
[+ 49m 00s] [PASS    ] linuxkit.packages.getty-containerd 91.28s
[+ 52m 09s] [PASS    ] linuxkit.packages.mkimage 188.66s
[+ 53m 04s] [PASS    ] linuxkit.packages.sysctl 55.42s
[+ 53m 04s] [SUMMARY ] LogDir: 1fdd732f-7c04-4423-9380-c1431dddf73f
[+ 53m 04s] [SUMMARY ] Version: 8.7
[+ 53m 04s] [SUMMARY ] Passed: 24
[+ 53m 04s] [SUMMARY ] Failed: 0
[+ 53m 04s] [SUMMARY ] Cancelled: 2
[+ 53m 04s] [SUMMARY ] Skipped: 3
[+ 53m 04s] [SUMMARY ] Duration: 2499.94s
[+ 53m 04s] make[1]: Leaving directory '/tmp/build/test'
[+ 53m 04s] git status
[+ 53m 07s] On branch master
[+ 53m 07s] Your branch is ahead of 'origin/master' by 584 commits.
[+ 53m 07s]   (use "git push" to publish your local commits)
[+ 53m 07s] Untracked files:
[+ 53m 07s]   (use "git add <file>..." to include in what will be committed)
[+ 53m 07s] 
[+ 53m 07s] 	ci-setup.sh
[+ 53m 07s] 
[+ 53m 07s] nothing added to commit but untracked files present (use "git add" to track)
[+ 53m 07s] make -C pkg tag
[+ 53m 07s] make[1]: Entering directory '/tmp/build/pkg'
[+ 53m 07s] make[2]: Entering directory '/tmp/build/pkg/containerd'
[+ 53m 08s] git status /tmp/build/pkg/containerd
[+ 53m 08s] On branch master
[+ 53m 08s] Your branch is ahead of 'origin/master' by 584 commits.
[+ 53m 08s]   (use "git push" to publish your local commits)
[+ 53m 08s] nothing to commit, working directory clean
[+ 53m 08s] DOCKER_CONTENT_TRUST=1 docker pull linuxkit/containerd:1e3e8f207421de8deac8cedc26a138d6b1661a0d || \
[+ 53m 08s] docker build  -t linuxkit/containerd:1e3e8f207421de8deac8cedc26a138d6b1661a0d .
[+ 53m 12s] Pull (1 of 1): linuxkit/containerd:1e3e8f207421de8deac8cedc26a138d6b1661a0d@sha256:cb0def679f5a26b02842c0c6cac919d792e052d44d3de941af618b5beb29fb60
[+ 53m 13s] sha256:cb0def679f5a26b02842c0c6cac919d792e052d44d3de941af618b5beb29fb60: Pulling from linuxkit/containerd
[+ 53m 13s] Digest: sha256:cb0def679f5a26b02842c0c6cac919d792e052d44d3de941af618b5beb29fb60
[+ 53m 13s] Status: Image is up to date for linuxkit/containerd@sha256:cb0def679f5a26b02842c0c6cac919d792e052d44d3de941af618b5beb29fb60
[+ 53m 13s] Tagging linuxkit/containerd@sha256:cb0def679f5a26b02842c0c6cac919d792e052d44d3de941af618b5beb29fb60 as linuxkit/containerd:1e3e8f207421de8deac8cedc26a138d6b1661a0d
[+ 53m 13s] make[2]: Leaving directory '/tmp/build/pkg/containerd'
[+ 53m 13s] make[2]: Entering directory '/tmp/build/pkg/binfmt'
[+ 53m 13s] git status /tmp/build/pkg/binfmt
[+ 53m 13s] On branch master
[+ 53m 13s] Your branch is ahead of 'origin/master' by 584 commits.
[+ 53m 13s]   (use "git push" to publish your local commits)
[+ 53m 13s] nothing to commit, working directory clean
[+ 53m 13s] DOCKER_CONTENT_TRUST=1 docker pull linuxkit/binfmt:24e2b996f7d6ad20bfa9c9f1564a3c6172db47ce || \
[+ 53m 13s] docker build  -t linuxkit/binfmt:24e2b996f7d6ad20bfa9c9f1564a3c6172db47ce .
[+ 53m 16s] Pull (1 of 1): linuxkit/binfmt:24e2b996f7d6ad20bfa9c9f1564a3c6172db47ce@sha256:58ef6511f893e3d867f1b3aef6d6065a914a67a8ad301945de8fed029549bee3
[+ 53m 18s] sha256:58ef6511f893e3d867f1b3aef6d6065a914a67a8ad301945de8fed029549bee3: Pulling from linuxkit/binfmt
[+ 53m 18s] Digest: sha256:58ef6511f893e3d867f1b3aef6d6065a914a67a8ad301945de8fed029549bee3
[+ 53m 18s] Status: Image is up to date for linuxkit/binfmt@sha256:58ef6511f893e3d867f1b3aef6d6065a914a67a8ad301945de8fed029549bee3
[+ 53m 18s] Tagging linuxkit/binfmt@sha256:58ef6511f893e3d867f1b3aef6d6065a914a67a8ad301945de8fed029549bee3 as linuxkit/binfmt:24e2b996f7d6ad20bfa9c9f1564a3c6172db47ce
[+ 53m 18s] make[2]: Leaving directory '/tmp/build/pkg/binfmt'
[+ 53m 18s] make[2]: Entering directory '/tmp/build/pkg/docker-ce'
[+ 53m 18s] git status /tmp/build/pkg/docker-ce
[+ 53m 18s] On branch master
[+ 53m 18s] Your branch is ahead of 'origin/master' by 584 commits.
[+ 53m 18s]   (use "git push" to publish your local commits)
[+ 53m 18s] nothing to commit, working directory clean
[+ 53m 18s] DOCKER_CONTENT_TRUST=1 docker pull linuxkit/docker-ce:f75d2ad5f46729b10209ec5cfec65305b91259b6 || \
[+ 53m 18s] docker build  -t linuxkit/docker-ce:f75d2ad5f46729b10209ec5cfec65305b91259b6 .
[+ 53m 21s] No trust data for f75d2ad5f46729b10209ec5cfec65305b91259b6
[+ 53m 21s] Sending build context to Docker daemon  4.608kB
[+ 53m 21s] Step 1/14 : FROM linuxkit/alpine:c608d404c1cb36cce0c7d9303e30b52c9d81ccf0 AS mirror
[+ 53m 22s] c608d404c1cb36cce0c7d9303e30b52c9d81ccf0: Pulling from linuxkit/alpine
[+ 53m 23s] 43d680a959df: Already exists
[+ 53m 23s] 323f576e1608: Pulling fs layer
[+ 53m 23s] af5614ae1ad5: Pulling fs layer
[+ 53m 23s] ae0020479fdc: Pulling fs layer
[+ 53m 23s] 9008469259e6: Pulling fs layer
[+ 53m 23s] 5d0ca6618bef: Pulling fs layer
[+ 53m 23s] fa46c4e4ddea: Pulling fs layer
[+ 53m 23s] b20314dd3626: Pulling fs layer
[+ 53m 23s] 93689da83721: Pulling fs layer
[+ 53m 23s] 3313942780a0: Pulling fs layer
[+ 53m 23s] 9008469259e6: Waiting
[+ 53m 23s] 5d0ca6618bef: Waiting
[+ 53m 23s] fa46c4e4ddea: Waiting
[+ 53m 23s] b20314dd3626: Waiting
[+ 53m 23s] 93689da83721: Waiting
[+ 53m 23s] 3313942780a0: Waiting
[+ 53m 23s] af5614ae1ad5: Download complete
[+ 53m 23s] 323f576e1608: Verifying Checksum
[+ 53m 23s] 323f576e1608: Pull complete
[+ 53m 24s] af5614ae1ad5: Pull complete
[+ 53m 24s] 5d0ca6618bef: Verifying Checksum
[+ 53m 24s] 5d0ca6618bef: Download complete
[+ 53m 24s] fa46c4e4ddea: Verifying Checksum
[+ 53m 24s] fa46c4e4ddea: Download complete
[+ 53m 25s] b20314dd3626: Verifying Checksum
[+ 53m 25s] b20314dd3626: Download complete
[+ 53m 26s] 93689da83721: Verifying Checksum
[+ 53m 26s] 93689da83721: Download complete
[+ 53m 29s] 9008469259e6: Verifying Checksum
[+ 53m 29s] 9008469259e6: Download complete
[+ 53m 31s] 3313942780a0: Verifying Checksum
[+ 53m 31s] 3313942780a0: Download complete
[+ 53m 32s] ae0020479fdc: Verifying Checksum
[+ 53m 32s] ae0020479fdc: Download complete
[+ 53m 35s] ae0020479fdc: Pull complete
[+ 53m 36s] 9008469259e6: Pull complete
[+ 53m 36s] 5d0ca6618bef: Pull complete
[+ 53m 36s] fa46c4e4ddea: Pull complete
[+ 53m 37s] b20314dd3626: Pull complete
[+ 53m 37s] 93689da83721: Pull complete
[+ 53m 38s] 3313942780a0: Pull complete
[+ 53m 38s] Digest: sha256:4a731e68a86959a93e4dd38036aa879af12ea9bbc8ccdb7007e97104f37cec33
[+ 53m 38s] Status: Downloaded newer image for linuxkit/alpine:c608d404c1cb36cce0c7d9303e30b52c9d81ccf0
[+ 53m 38s]  ---> b5fd1502dd6c
[+ 53m 38s] Step 2/14 : RUN mkdir -p /out/etc/apk && cp -r /etc/apk/* /out/etc/apk/
[+ 53m 38s]  ---> Running in fac61fc2475b
[+ 53m 40s]  ---> 932291c56210
[+ 53m 40s] Removing intermediate container fac61fc2475b
[+ 53m 40s] Step 3/14 : RUN apk add --no-cache --initdb -p /out 	alpine-baselayout 	btrfs-progs 	busybox 	ca-certificates 	curl 	e2fsprogs 	e2fsprogs-extra 	iptables 	musl 	xfsprogs 	xz
[+ 53m 40s]  ---> Running in 903d6beceb18
[+ 53m 41s] (1/24) Installing musl (1.1.16-r10)
[+ 53m 41s] (2/24) Installing busybox (1.26.2-r5)
[+ 53m 41s] Executing busybox-1.26.2-r5.post-install
[+ 53m 41s] (3/24) Installing alpine-baselayout (3.0.4-r0)
[+ 53m 41s] Executing alpine-baselayout-3.0.4-r0.pre-install
[+ 53m 41s] Executing alpine-baselayout-3.0.4-r0.post-install
[+ 53m 41s] (4/24) Installing libuuid (2.28.2-r2)
[+ 53m 41s] (5/24) Installing libblkid (2.28.2-r2)
[+ 53m 41s] (6/24) Installing lzo (2.10-r0)
[+ 53m 41s] (7/24) Installing zlib (1.2.11-r0)
[+ 53m 41s] (8/24) Installing btrfs-progs (4.10.2-r0)
[+ 53m 41s] (9/24) Installing libressl2.5-libcrypto (2.5.4-r0)
[+ 53m 41s] (10/24) Installing ca-certificates (20161130-r2)
[+ 53m 41s] (11/24) Installing libssh2 (1.8.0-r1)
[+ 53m 41s] (12/24) Installing libressl2.5-libssl (2.5.4-r0)
[+ 53m 41s] (13/24) Installing libcurl (7.54.0-r0)
[+ 53m 41s] (14/24) Installing curl (7.54.0-r0)
[+ 53m 41s] (15/24) Installing libcom_err (1.43.4-r0)
[+ 53m 41s] (16/24) Installing e2fsprogs-libs (1.43.4-r0)
[+ 53m 41s] (17/24) Installing e2fsprogs (1.43.4-r0)
[+ 53m 41s] (18/24) Installing e2fsprogs-extra (1.43.4-r0)
[+ 53m 41s] (19/24) Installing libmnl (1.0.4-r0)
[+ 53m 41s] (20/24) Installing libnftnl-libs (1.0.7-r0)
[+ 53m 41s] (21/24) Installing iptables (1.6.1-r0)
[+ 53m 41s] (22/24) Installing xfsprogs (4.5.0-r0)
[+ 53m 41s] (23/24) Installing xz-libs (5.2.3-r0)
[+ 53m 41s] (24/24) Installing xz (5.2.3-r0)
[+ 53m 41s] Executing busybox-1.26.2-r5.trigger
[+ 53m 41s] Executing ca-certificates-20161130-r2.trigger
[+ 53m 41s] OK: 11 MiB in 24 packages
[+ 53m 42s]  ---> d5db4d5657e9
[+ 53m 42s] Removing intermediate container 903d6beceb18
[+ 53m 42s] Step 4/14 : RUN rm -rf /out/etc/apk /out/lib/apk /out/var/cache
[+ 53m 42s]  ---> Running in 8f5451b92b26
[+ 53m 43s]  ---> afa9ff91baf8
[+ 53m 44s] Removing intermediate container 8f5451b92b26
[+ 53m 44s] Step 5/14 : FROM linuxkit/vpnkit-forwarder:e2776b82ddfe82ed7f90e55d7a2b424e62e9a279 AS vpnkit
[+ 53m 44s]  ---> 388f9f3af889
[+ 53m 44s] Step 6/14 : FROM scratch
[+ 53m 44s]  ---> 
[+ 53m 44s] Step 7/14 : COPY --from=mirror /out/ /
[+ 53m 44s]  ---> 4d5698e39aa7
[+ 53m 45s] Removing intermediate container f6156950359e
[+ 53m 45s] Step 8/14 : COPY --from=vpnkit /vpnkit-expose-port /usr/bin/vpnkit-expose-port
[+ 53m 45s]  ---> 2cb4a89b035a
[+ 53m 45s] Removing intermediate container 288ef6c3575d
[+ 53m 45s] Step 9/14 : RUN set -x 	&& addgroup -S docker 	&& addgroup -S dockremap 	&& adduser -S -G dockremap dockremap 	&& echo 'dockremap:165536:65536' >> /etc/subuid 	&& echo 'dockremap:165536:65536' >> /etc/subgid
[+ 53m 46s]  ---> Running in d60d7db309b8
[+ 53m 46s] [91m+ addgroup -S docker
[+ 53m 46s] [0m[91m+ addgroup -S dockremap
[+ 53m 46s] [0m[91m+ adduser -S -G dockremap dockremap
[+ 53m 46s] [0m[91m+ echo dockremap:165536:65536
[+ 53m 46s] + echo dockremap:165536:65536
[+ 53m 46s] [0m ---> 7def482f47e2
[+ 53m 47s] Removing intermediate container d60d7db309b8
[+ 53m 47s] Step 10/14 : ENV DOCKER_BUCKET get.docker.com
[+ 53m 47s]  ---> Running in 1822428f5860
[+ 53m 48s]  ---> af6b233e0d6e
[+ 53m 48s] Removing intermediate container 1822428f5860
[+ 53m 48s] Step 11/14 : ENV DOCKER_VERSION 17.05.0-ce
[+ 53m 48s]  ---> Running in 032ea7c33774
[+ 53m 48s]  ---> 934dc91c55cd
[+ 53m 48s] Removing intermediate container 032ea7c33774
[+ 53m 48s] Step 12/14 : ENV DOCKER_SHA256 340e0b5a009ba70e1b644136b94d13824db0aeb52e09071410f35a95d94316d9
[+ 53m 48s]  ---> Running in 01a8cd5058bf
[+ 53m 49s]  ---> b6579db6c034
[+ 53m 49s] Removing intermediate container 01a8cd5058bf
[+ 53m 49s] Step 13/14 : RUN set -x 	&& curl -fSL "https://${DOCKER_BUCKET}/builds/Linux/x86_64/docker-${DOCKER_VERSION}.tgz" -o docker.tgz 	&& echo "${DOCKER_SHA256} *docker.tgz" | sha256sum -c - 	&& tar -xzvf docker.tgz 	&& mv docker/* /usr/bin/ 	&& rmdir docker 	&& rm docker.tgz 	&& docker -v
[+ 53m 49s]  ---> Running in f4f7b78ef76e
[+ 53m 49s] [91m+ curl -fSL https://get.docker.com/builds/Linux/x86_64/docker-17.05.0-ce.tgz -o docker.tgz
[+ 53m 49s] [0m[91m  % Total    % Received % Xferd  Average Speed   Time    Time     Time  Current
[+ 53m 49s]                                  Dload  Upload   Total   Spent    Left  Speed
[+ 53m 49s]   0     0    0     0    0     0      0      0 --:--:-- --:--:-- --:--:--     0[0m[91m  0 27.1M    0  110k    0     0   517k      0  0:00:53 --:--:--  0:00:53  572k[0m[91m 63 27.1M   63 17.2M    0     0  14.1M      0  0:00:01  0:00:01 --:--:-- 14.3M[0m[91m100 27.1M  100 27.1M    0     0  15.6M      0  0:00:01  0:00:01 --:--:-- 15.8M
[+ 53m 51s] [0m[91m+ echo 340e0b5a009ba70e1b644136b94d13824db0aeb52e09071410f35a95d94316d9 *docker.tgz
[+ 53m 51s] [0m[91m+ [0m[91msha256sum -c -
[+ 53m 51s] [0mdocker.tgz: OK
[+ 53m 51s] [91m+ tar -xzvf docker.tgz
[+ 53m 51s] [0mdocker/
[+ 53m 53s] docker/docker-init
[+ 53m 53s] docker/completion/
[+ 53m 53s] docker/completion/zsh/
[+ 53m 53s] docker/completion/zsh/_docker
[+ 53m 53s] docker/completion/fish/
[+ 53m 53s] docker/completion/fish/docker.fish
[+ 53m 53s] docker/completion/bash/
[+ 53m 53s] docker/completion/bash/docker
[+ 53m 53s] docker/docker
[+ 53m 53s] docker/docker-containerd-shim
[+ 53m 53s] docker/docker-containerd
[+ 53m 53s] docker/docker-proxy
[+ 53m 53s] docker/docker-containerd-ctr
[+ 53m 53s] docker/dockerd
[+ 53m 53s] docker/docker-runc
[+ 53m 53s] [91m+ mv docker/completion docker/docker docker/docker-containerd docker/docker-containerd-ctr docker/docker-containerd-shim docker/docker-init docker/docker-proxy docker/docker-runc docker/dockerd /usr/bin/
[+ 53m 53s] [0m[91m+ rmdir docker
[+ 53m 53s] [0m[91m+ rm docker.tgz
[+ 53m 53s] [0m[91m+ docker -v
[+ 53m 53s] [0mDocker version 17.05.0-ce, build 89658be
[+ 53m 54s]  ---> 6eeb42e597c3
[+ 53m 54s] Removing intermediate container f4f7b78ef76e
[+ 53m 54s] Step 14/14 : ENTRYPOINT /usr/bin/docker-init /usr/bin/dockerd
[+ 53m 55s]  ---> Running in d8f97a525d33
[+ 53m 55s]  ---> 06961ad9a373
[+ 53m 55s] Removing intermediate container d8f97a525d33
[+ 53m 55s] Successfully built 06961ad9a373
[+ 53m 55s] Successfully tagged linuxkit/docker-ce:f75d2ad5f46729b10209ec5cfec65305b91259b6
[+ 53m 55s] make[2]: Leaving directory '/tmp/build/pkg/docker-ce'
[+ 53m 55s] make[2]: Entering directory '/tmp/build/pkg/getty'
[+ 53m 55s] git status /tmp/build/pkg/getty
[+ 53m 55s] On branch master
[+ 53m 55s] Your branch is ahead of 'origin/master' by 584 commits.
[+ 53m 55s]   (use "git push" to publish your local commits)
[+ 53m 55s] nothing to commit, working directory clean
[+ 53m 55s] DOCKER_CONTENT_TRUST=1 docker pull linuxkit/getty:6cbeee0392b0670053ce2bf05a5a0d67ec2bce05 || \
[+ 53m 55s] docker build  -t linuxkit/getty:6cbeee0392b0670053ce2bf05a5a0d67ec2bce05 .
[+ 53m 59s] Pull (1 of 1): linuxkit/getty:6cbeee0392b0670053ce2bf05a5a0d67ec2bce05@sha256:8358bf542a0a65151aa44cc76ba2c9baf0326b8ebac6b61f00f8f522f630a78e
[+ 54m 00s] sha256:8358bf542a0a65151aa44cc76ba2c9baf0326b8ebac6b61f00f8f522f630a78e: Pulling from linuxkit/getty
[+ 54m 00s] Digest: sha256:8358bf542a0a65151aa44cc76ba2c9baf0326b8ebac6b61f00f8f522f630a78e
[+ 54m 00s] Status: Image is up to date for linuxkit/getty@sha256:8358bf542a0a65151aa44cc76ba2c9baf0326b8ebac6b61f00f8f522f630a78e
[+ 54m 00s] Tagging linuxkit/getty@sha256:8358bf542a0a65151aa44cc76ba2c9baf0326b8ebac6b61f00f8f522f630a78e as linuxkit/getty:6cbeee0392b0670053ce2bf05a5a0d67ec2bce05
[+ 54m 00s] make[2]: Leaving directory '/tmp/build/pkg/getty'
[+ 54m 00s] make[2]: Entering directory '/tmp/build/pkg/mount'
[+ 54m 00s] git status /tmp/build/pkg/mount
[+ 54m 00s] On branch master
[+ 54m 00s] Your branch is ahead of 'origin/master' by 584 commits.
[+ 54m 00s]   (use "git push" to publish your local commits)
[+ 54m 00s] nothing to commit, working directory clean
[+ 54m 00s] DOCKER_CONTENT_TRUST=1 docker pull linuxkit/mount:fe22dc5cbf109b4637b1caaafc76ccbf5140c3da || \
[+ 54m 00s] docker build  -t linuxkit/mount:fe22dc5cbf109b4637b1caaafc76ccbf5140c3da .
[+ 54m 04s] Pull (1 of 1): linuxkit/mount:fe22dc5cbf109b4637b1caaafc76ccbf5140c3da@sha256:685e42352da20b83f80bf379b0376a8f81b4dc9e378b9fb0da9a6326bd9b4b40
[+ 54m 05s] sha256:685e42352da20b83f80bf379b0376a8f81b4dc9e378b9fb0da9a6326bd9b4b40: Pulling from linuxkit/mount
[+ 54m 05s] Digest: sha256:685e42352da20b83f80bf379b0376a8f81b4dc9e378b9fb0da9a6326bd9b4b40
[+ 54m 05s] Status: Image is up to date for linuxkit/mount@sha256:685e42352da20b83f80bf379b0376a8f81b4dc9e378b9fb0da9a6326bd9b4b40
[+ 54m 05s] Tagging linuxkit/mount@sha256:685e42352da20b83f80bf379b0376a8f81b4dc9e378b9fb0da9a6326bd9b4b40 as linuxkit/mount:fe22dc5cbf109b4637b1caaafc76ccbf5140c3da
[+ 54m 05s] make[2]: Leaving directory '/tmp/build/pkg/mount'
[+ 54m 05s] make[2]: Entering directory '/tmp/build/pkg/trim-after-delete'
[+ 54m 05s] git status /tmp/build/pkg/trim-after-delete
[+ 54m 05s] On branch master
[+ 54m 05s] Your branch is ahead of 'origin/master' by 584 commits.
[+ 54m 05s]   (use "git push" to publish your local commits)
[+ 54m 05s] nothing to commit, working directory clean
[+ 54m 05s] DOCKER_CONTENT_TRUST=1 docker pull linuxkit/trim-after-delete:6cc6131300c287fcd40041a28119fee2fc874539 || \
[+ 54m 05s] docker build  -t linuxkit/trim-after-delete:6cc6131300c287fcd40041a28119fee2fc874539 .
[+ 54m 08s] Pull (1 of 1): linuxkit/trim-after-delete:6cc6131300c287fcd40041a28119fee2fc874539@sha256:3054f2a60fa466639e3d68aebb086f3be139aeaeb4133024800a01a98ff949ca
[+ 54m 09s] sha256:3054f2a60fa466639e3d68aebb086f3be139aeaeb4133024800a01a98ff949ca: Pulling from linuxkit/trim-after-delete
[+ 54m 09s] Digest: sha256:3054f2a60fa466639e3d68aebb086f3be139aeaeb4133024800a01a98ff949ca
[+ 54m 09s] Status: Image is up to date for linuxkit/trim-after-delete@sha256:3054f2a60fa466639e3d68aebb086f3be139aeaeb4133024800a01a98ff949ca
[+ 54m 09s] Tagging linuxkit/trim-after-delete@sha256:3054f2a60fa466639e3d68aebb086f3be139aeaeb4133024800a01a98ff949ca as linuxkit/trim-after-delete:6cc6131300c287fcd40041a28119fee2fc874539
[+ 54m 09s] make[2]: Leaving directory '/tmp/build/pkg/trim-after-delete'
[+ 54m 09s] make[2]: Entering directory '/tmp/build/pkg/metadata'
[+ 54m 09s] git status /tmp/build/pkg/metadata
[+ 54m 09s] On branch master
[+ 54m 09s] Your branch is ahead of 'origin/master' by 584 commits.
[+ 54m 09s]   (use "git push" to publish your local commits)
[+ 54m 09s] nothing to commit, working directory clean
[+ 54m 09s] DOCKER_CONTENT_TRUST=1 docker pull linuxkit/metadata:09781c8a8097e5aa3ae522c74856d80e1da3b915 || \
[+ 54m 09s] docker build  -t linuxkit/metadata:09781c8a8097e5aa3ae522c74856d80e1da3b915 .
[+ 54m 13s] Pull (1 of 1): linuxkit/metadata:09781c8a8097e5aa3ae522c74856d80e1da3b915@sha256:a300ef03ff81eabd9fd76bc12243553f4a7038f25572176f2f564bce631770ef
[+ 54m 14s] sha256:a300ef03ff81eabd9fd76bc12243553f4a7038f25572176f2f564bce631770ef: Pulling from linuxkit/metadata
[+ 54m 14s] cf3245a2b924: Pulling fs layer
[+ 54m 17s] cf3245a2b924: Verifying Checksum
[+ 54m 17s] cf3245a2b924: Download complete
[+ 54m 17s] cf3245a2b924: Pull complete
[+ 54m 17s] Digest: sha256:a300ef03ff81eabd9fd76bc12243553f4a7038f25572176f2f564bce631770ef
[+ 54m 17s] Status: Downloaded newer image for linuxkit/metadata@sha256:a300ef03ff81eabd9fd76bc12243553f4a7038f25572176f2f564bce631770ef
[+ 54m 17s] Tagging linuxkit/metadata@sha256:a300ef03ff81eabd9fd76bc12243553f4a7038f25572176f2f564bce631770ef as linuxkit/metadata:09781c8a8097e5aa3ae522c74856d80e1da3b915
[+ 54m 17s] make[2]: Leaving directory '/tmp/build/pkg/metadata'
[+ 54m 18s] make[2]: Entering directory '/tmp/build/pkg/rngd'
[+ 54m 18s] git status /tmp/build/pkg/rngd
[+ 54m 18s] On branch master
[+ 54m 18s] Your branch is ahead of 'origin/master' by 584 commits.
[+ 54m 18s]   (use "git push" to publish your local commits)
[+ 54m 18s] nothing to commit, working directory clean
[+ 54m 18s] DOCKER_CONTENT_TRUST=1 docker pull linuxkit/rngd:b50b22dd574c5377708977af769f053009fff6d5 || \
[+ 54m 18s] docker build  -t linuxkit/rngd:b50b22dd574c5377708977af769f053009fff6d5 .
[+ 54m 21s] Pull (1 of 1): linuxkit/rngd:b50b22dd574c5377708977af769f053009fff6d5@sha256:5d2c415ebd4f911b9adab2c7dcc07426dc7823ae648d42b9c1b5beff71baf92a
[+ 54m 22s] sha256:5d2c415ebd4f911b9adab2c7dcc07426dc7823ae648d42b9c1b5beff71baf92a: Pulling from linuxkit/rngd
[+ 54m 22s] Digest: sha256:5d2c415ebd4f911b9adab2c7dcc07426dc7823ae648d42b9c1b5beff71baf92a
[+ 54m 22s] Status: Image is up to date for linuxkit/rngd@sha256:5d2c415ebd4f911b9adab2c7dcc07426dc7823ae648d42b9c1b5beff71baf92a
[+ 54m 22s] Tagging linuxkit/rngd@sha256:5d2c415ebd4f911b9adab2c7dcc07426dc7823ae648d42b9c1b5beff71baf92a as linuxkit/rngd:b50b22dd574c5377708977af769f053009fff6d5
[+ 54m 22s] make[2]: Leaving directory '/tmp/build/pkg/rngd'
[+ 54m 22s] make[2]: Entering directory '/tmp/build/pkg/qemu-ga'
[+ 54m 22s] git status /tmp/build/pkg/qemu-ga
[+ 54m 22s] On branch master
[+ 54m 22s] Your branch is ahead of 'origin/master' by 584 commits.
[+ 54m 22s]   (use "git push" to publish your local commits)
[+ 54m 22s] nothing to commit, working directory clean
[+ 54m 22s] DOCKER_CONTENT_TRUST=1 docker pull linuxkit/qemu-ga:2dbdc6523df576773b7c7d56d3a394429a4488ce || \
[+ 54m 22s] docker build  -t linuxkit/qemu-ga:2dbdc6523df576773b7c7d56d3a394429a4488ce .
[+ 54m 25s] Pull (1 of 1): linuxkit/qemu-ga:2dbdc6523df576773b7c7d56d3a394429a4488ce@sha256:909ac5b9c58c913cd34e8f9a28323777594e526f44bf353e7c86dc24d99ed986
[+ 54m 26s] sha256:909ac5b9c58c913cd34e8f9a28323777594e526f44bf353e7c86dc24d99ed986: Pulling from linuxkit/qemu-ga
[+ 54m 26s] 49b0c21d72ab: Pulling fs layer
[+ 54m 29s] 49b0c21d72ab: Verifying Checksum
[+ 54m 29s] 49b0c21d72ab: Download complete
[+ 54m 29s] 49b0c21d72ab: Pull complete
[+ 54m 29s] Digest: sha256:909ac5b9c58c913cd34e8f9a28323777594e526f44bf353e7c86dc24d99ed986
[+ 54m 29s] Status: Downloaded newer image for linuxkit/qemu-ga@sha256:909ac5b9c58c913cd34e8f9a28323777594e526f44bf353e7c86dc24d99ed986
[+ 54m 29s] Tagging linuxkit/qemu-ga@sha256:909ac5b9c58c913cd34e8f9a28323777594e526f44bf353e7c86dc24d99ed986 as linuxkit/qemu-ga:2dbdc6523df576773b7c7d56d3a394429a4488ce
[+ 54m 29s] make[2]: Leaving directory '/tmp/build/pkg/qemu-ga'
[+ 54m 29s] make[2]: Entering directory '/tmp/build/pkg/runc'
[+ 54m 29s] git status /tmp/build/pkg/runc
[+ 54m 29s] On branch master
[+ 54m 29s] Your branch is ahead of 'origin/master' by 584 commits.
[+ 54m 29s]   (use "git push" to publish your local commits)
[+ 54m 29s] nothing to commit, working directory clean
[+ 54m 29s] DOCKER_CONTENT_TRUST=1 docker pull linuxkit/runc:291131ec026430371e7c36165c3f43734fbc2541 || \
[+ 54m 29s] docker build  -t linuxkit/runc:291131ec026430371e7c36165c3f43734fbc2541 .
[+ 54m 33s] Pull (1 of 1): linuxkit/runc:291131ec026430371e7c36165c3f43734fbc2541@sha256:0cadf177b083e0afa25a14056b5de19a82d2e20a0dc5c571c1570c7662d81070
[+ 54m 34s] sha256:0cadf177b083e0afa25a14056b5de19a82d2e20a0dc5c571c1570c7662d81070: Pulling from linuxkit/runc
[+ 54m 34s] Digest: sha256:0cadf177b083e0afa25a14056b5de19a82d2e20a0dc5c571c1570c7662d81070
[+ 54m 34s] Status: Image is up to date for linuxkit/runc@sha256:0cadf177b083e0afa25a14056b5de19a82d2e20a0dc5c571c1570c7662d81070
[+ 54m 34s] Tagging linuxkit/runc@sha256:0cadf177b083e0afa25a14056b5de19a82d2e20a0dc5c571c1570c7662d81070 as linuxkit/runc:291131ec026430371e7c36165c3f43734fbc2541
[+ 54m 34s] make[2]: Leaving directory '/tmp/build/pkg/runc'
[+ 54m 34s] make[2]: Entering directory '/tmp/build/pkg/sysctl'
[+ 54m 34s] git status /tmp/build/pkg/sysctl
[+ 54m 34s] On branch master
[+ 54m 34s] Your branch is ahead of 'origin/master' by 584 commits.
[+ 54m 34s]   (use "git push" to publish your local commits)
[+ 54m 34s] nothing to commit, working directory clean
[+ 54m 34s] DOCKER_CONTENT_TRUST=1 docker pull linuxkit/sysctl:0633d72d7ea416ec858d75f8691ed636b5d4446d || \
[+ 54m 34s] docker build  -t linuxkit/sysctl:0633d72d7ea416ec858d75f8691ed636b5d4446d .
[+ 54m 37s] Pull (1 of 1): linuxkit/sysctl:0633d72d7ea416ec858d75f8691ed636b5d4446d@sha256:f3a67786d8c2f6a22175d1fbbfbf6e7dee1f621225c930c05a368b8e12f76b14
[+ 54m 38s] sha256:f3a67786d8c2f6a22175d1fbbfbf6e7dee1f621225c930c05a368b8e12f76b14: Pulling from linuxkit/sysctl
[+ 54m 38s] 20ccde067bea: Pulling fs layer
[+ 54m 38s] 9a54a81952ef: Pulling fs layer
[+ 54m 39s] 9a54a81952ef: Verifying Checksum
[+ 54m 39s] 9a54a81952ef: Download complete
[+ 54m 40s] 20ccde067bea: Download complete
[+ 54m 41s] 20ccde067bea: Pull complete
[+ 54m 41s] 9a54a81952ef: Pull complete
[+ 54m 41s] Digest: sha256:f3a67786d8c2f6a22175d1fbbfbf6e7dee1f621225c930c05a368b8e12f76b14
[+ 54m 41s] Status: Downloaded newer image for linuxkit/sysctl@sha256:f3a67786d8c2f6a22175d1fbbfbf6e7dee1f621225c930c05a368b8e12f76b14
[+ 54m 41s] Tagging linuxkit/sysctl@sha256:f3a67786d8c2f6a22175d1fbbfbf6e7dee1f621225c930c05a368b8e12f76b14 as linuxkit/sysctl:0633d72d7ea416ec858d75f8691ed636b5d4446d
[+ 54m 41s] make[2]: Leaving directory '/tmp/build/pkg/sysctl'
[+ 54m 41s] make[2]: Entering directory '/tmp/build/pkg/format'
[+ 54m 41s] git status /tmp/build/pkg/format
[+ 54m 41s] On branch master
[+ 54m 41s] Your branch is ahead of 'origin/master' by 584 commits.
[+ 54m 41s]   (use "git push" to publish your local commits)
[+ 54m 41s] nothing to commit, working directory clean
[+ 54m 41s] DOCKER_CONTENT_TRUST=1 docker pull linuxkit/format:ba085fdcac31c383acee3b4b91d78eb7095e5ac3 || \
[+ 54m 41s] docker build  -t linuxkit/format:ba085fdcac31c383acee3b4b91d78eb7095e5ac3 .
[+ 54m 44s] Pull (1 of 1): linuxkit/format:ba085fdcac31c383acee3b4b91d78eb7095e5ac3@sha256:2e46f01b6a89c1f4343c44841af22246fe905ebe5d1cf82e289ebd18e4cfab55
[+ 54m 45s] sha256:2e46f01b6a89c1f4343c44841af22246fe905ebe5d1cf82e289ebd18e4cfab55: Pulling from linuxkit/format
[+ 54m 45s] Digest: sha256:2e46f01b6a89c1f4343c44841af22246fe905ebe5d1cf82e289ebd18e4cfab55
[+ 54m 45s] Status: Image is up to date for linuxkit/format@sha256:2e46f01b6a89c1f4343c44841af22246fe905ebe5d1cf82e289ebd18e4cfab55
[+ 54m 45s] Tagging linuxkit/format@sha256:2e46f01b6a89c1f4343c44841af22246fe905ebe5d1cf82e289ebd18e4cfab55 as linuxkit/format:ba085fdcac31c383acee3b4b91d78eb7095e5ac3
[+ 54m 45s] make[2]: Leaving directory '/tmp/build/pkg/format'
[+ 54m 45s] make[2]: Entering directory '/tmp/build/pkg/openntpd'
[+ 54m 45s] git status /tmp/build/pkg/openntpd
[+ 54m 45s] On branch master
[+ 54m 45s] Your branch is ahead of 'origin/master' by 584 commits.
[+ 54m 45s]   (use "git push" to publish your local commits)
[+ 54m 45s] nothing to commit, working directory clean
[+ 54m 45s] DOCKER_CONTENT_TRUST=1 docker pull linuxkit/openntpd:a4c642d52e985922fcd97db52e471db123cc6841 || \
[+ 54m 45s] docker build  -t linuxkit/openntpd:a4c642d52e985922fcd97db52e471db123cc6841 .
[+ 54m 49s] Pull (1 of 1): linuxkit/openntpd:a4c642d52e985922fcd97db52e471db123cc6841@sha256:7ec0416aa53d8feadb9cdfd3e81439565b725dc41d127f29acbe8fcfa36a98ee
[+ 54m 50s] sha256:7ec0416aa53d8feadb9cdfd3e81439565b725dc41d127f29acbe8fcfa36a98ee: Pulling from linuxkit/openntpd
[+ 54m 50s] Digest: sha256:7ec0416aa53d8feadb9cdfd3e81439565b725dc41d127f29acbe8fcfa36a98ee
[+ 54m 50s] Status: Image is up to date for linuxkit/openntpd@sha256:7ec0416aa53d8feadb9cdfd3e81439565b725dc41d127f29acbe8fcfa36a98ee
[+ 54m 50s] Tagging linuxkit/openntpd@sha256:7ec0416aa53d8feadb9cdfd3e81439565b725dc41d127f29acbe8fcfa36a98ee as linuxkit/openntpd:a4c642d52e985922fcd97db52e471db123cc6841
[+ 54m 50s] make[2]: Leaving directory '/tmp/build/pkg/openntpd'
[+ 54m 50s] make[2]: Entering directory '/tmp/build/pkg/vsudd'
[+ 54m 50s] git status /tmp/build/pkg/vsudd
[+ 54m 50s] On branch master
[+ 54m 50s] Your branch is ahead of 'origin/master' by 584 commits.
[+ 54m 50s]   (use "git push" to publish your local commits)
[+ 54m 50s] nothing to commit, working directory clean
[+ 54m 50s] DOCKER_CONTENT_TRUST=1 docker pull linuxkit/vsudd:9e5882b4450a97836e113bcad231f497aa7bdba4 || \
[+ 54m 50s] docker build  -t linuxkit/vsudd:9e5882b4450a97836e113bcad231f497aa7bdba4 .
[+ 54m 53s] Pull (1 of 1): linuxkit/vsudd:9e5882b4450a97836e113bcad231f497aa7bdba4@sha256:6bba0fc6e05ab22d971cbb1581cb7bd74a2d75f2bf879f73898282c1efae1166
[+ 54m 55s] sha256:6bba0fc6e05ab22d971cbb1581cb7bd74a2d75f2bf879f73898282c1efae1166: Pulling from linuxkit/vsudd
[+ 54m 55s] Digest: sha256:6bba0fc6e05ab22d971cbb1581cb7bd74a2d75f2bf879f73898282c1efae1166
[+ 54m 55s] Status: Image is up to date for linuxkit/vsudd@sha256:6bba0fc6e05ab22d971cbb1581cb7bd74a2d75f2bf879f73898282c1efae1166
[+ 54m 55s] Tagging linuxkit/vsudd@sha256:6bba0fc6e05ab22d971cbb1581cb7bd74a2d75f2bf879f73898282c1efae1166 as linuxkit/vsudd:9e5882b4450a97836e113bcad231f497aa7bdba4
[+ 54m 55s] make[2]: Leaving directory '/tmp/build/pkg/vsudd'
[+ 54m 55s] make[2]: Entering directory '/tmp/build/pkg/sshd'
[+ 54m 55s] git status /tmp/build/pkg/sshd
[+ 54m 55s] On branch master
[+ 54m 55s] Your branch is ahead of 'origin/master' by 584 commits.
[+ 54m 55s]   (use "git push" to publish your local commits)
[+ 54m 55s] nothing to commit, working directory clean
[+ 54m 55s] DOCKER_CONTENT_TRUST=1 docker pull linuxkit/sshd:f095b62ddca658e99d5751872c933ef3d5d18cec || \
[+ 54m 55s] docker build  -t linuxkit/sshd:f095b62ddca658e99d5751872c933ef3d5d18cec .
[+ 54m 58s] Pull (1 of 1): linuxkit/sshd:f095b62ddca658e99d5751872c933ef3d5d18cec@sha256:183ca642212a57f687b009ff41a90df60eab47abd01dce298533f59ffb5e5ef2
[+ 55m 00s] sha256:183ca642212a57f687b009ff41a90df60eab47abd01dce298533f59ffb5e5ef2: Pulling from linuxkit/sshd
[+ 55m 00s] Digest: sha256:183ca642212a57f687b009ff41a90df60eab47abd01dce298533f59ffb5e5ef2
[+ 55m 00s] Status: Image is up to date for linuxkit/sshd@sha256:183ca642212a57f687b009ff41a90df60eab47abd01dce298533f59ffb5e5ef2
[+ 55m 00s] Tagging linuxkit/sshd@sha256:183ca642212a57f687b009ff41a90df60eab47abd01dce298533f59ffb5e5ef2 as linuxkit/sshd:f095b62ddca658e99d5751872c933ef3d5d18cec
[+ 55m 00s] make[2]: Leaving directory '/tmp/build/pkg/sshd'
[+ 55m 00s] make[2]: Entering directory '/tmp/build/pkg/node_exporter'
[+ 55m 00s] git status /tmp/build/pkg/node_exporter
[+ 55m 00s] On branch master
[+ 55m 00s] Your branch is ahead of 'origin/master' by 584 commits.
[+ 55m 00s]   (use "git push" to publish your local commits)
[+ 55m 00s] nothing to commit, working directory clean
[+ 55m 00s] DOCKER_CONTENT_TRUST=1 docker pull linuxkit/node_exporter:0e8d0f1d979507837ad88943864c02b310f7a78f || \
[+ 55m 00s] docker build  -t linuxkit/node_exporter:0e8d0f1d979507837ad88943864c02b310f7a78f .
[+ 55m 03s] Pull (1 of 1): linuxkit/node_exporter:0e8d0f1d979507837ad88943864c02b310f7a78f@sha256:c3d1e0db85207d53336b68a199b4303e12185a3b16e51eaa42f4c92591fef445
[+ 55m 05s] sha256:c3d1e0db85207d53336b68a199b4303e12185a3b16e51eaa42f4c92591fef445: Pulling from linuxkit/node_exporter
[+ 55m 05s] Digest: sha256:c3d1e0db85207d53336b68a199b4303e12185a3b16e51eaa42f4c92591fef445
[+ 55m 05s] Status: Image is up to date for linuxkit/node_exporter@sha256:c3d1e0db85207d53336b68a199b4303e12185a3b16e51eaa42f4c92591fef445
[+ 55m 05s] Tagging linuxkit/node_exporter@sha256:c3d1e0db85207d53336b68a199b4303e12185a3b16e51eaa42f4c92591fef445 as linuxkit/node_exporter:0e8d0f1d979507837ad88943864c02b310f7a78f
[+ 55m 05s] make[2]: Leaving directory '/tmp/build/pkg/node_exporter'
[+ 55m 05s] make[2]: Entering directory '/tmp/build/pkg/init'
[+ 55m 05s] git status /tmp/build/pkg/init
[+ 55m 05s] On branch master
[+ 55m 05s] Your branch is ahead of 'origin/master' by 584 commits.
[+ 55m 05s]   (use "git push" to publish your local commits)
[+ 55m 05s] nothing to commit, working directory clean
[+ 55m 05s] DOCKER_CONTENT_TRUST=1 docker pull linuxkit/init:3e39b754a66e023e702500985d32a03ad2af8807 || \
[+ 55m 05s] docker build  -t linuxkit/init:3e39b754a66e023e702500985d32a03ad2af8807 .
[+ 55m 08s] No trust data for 3e39b754a66e023e702500985d32a03ad2af8807
[+ 55m 08s] Sending build context to Docker daemon  18.94kB
[+ 55m 09s] Step 1/17 : FROM linuxkit/alpine:c608d404c1cb36cce0c7d9303e30b52c9d81ccf0 AS build
[+ 55m 09s]  ---> b5fd1502dd6c
[+ 55m 09s] Step 2/17 : RUN apk add --no-cache --initdb alpine-baselayout make gcc musl-dev
[+ 55m 09s]  ---> Running in 31457c460631
[+ 55m 09s] (1/14) Installing binutils-libs (2.28-r2)
[+ 55m 09s] (2/14) Installing binutils (2.28-r2)
[+ 55m 09s] (3/14) Installing gmp (6.1.2-r0)
[+ 55m 09s] (4/14) Installing isl (0.17.1-r0)
[+ 55m 09s] (5/14) Installing libgomp (6.3.0-r4)
[+ 55m 09s] (6/14) Installing libatomic (6.3.0-r4)
[+ 55m 09s] (7/14) Installing pkgconf (1.3.7-r0)
[+ 55m 09s] (8/14) Installing libgcc (6.3.0-r4)
[+ 55m 09s] (9/14) Installing mpfr3 (3.1.5-r0)
[+ 55m 09s] (10/14) Installing mpc1 (1.0.3-r0)
[+ 55m 09s] (11/14) Installing libstdc++ (6.3.0-r4)
[+ 55m 09s] (12/14) Installing gcc (6.3.0-r4)
[+ 55m 10s] (13/14) Installing make (4.2.1-r0)
[+ 55m 10s] (14/14) Installing musl-dev (1.1.16-r10)
[+ 55m 10s] Executing busybox-1.26.2-r5.trigger
[+ 55m 10s] OK: 97 MiB in 25 packages
[+ 55m 12s]  ---> 64b4a78c340a
[+ 55m 12s] Removing intermediate container 31457c460631
[+ 55m 12s] Step 3/17 : ADD usermode-helper.c .
[+ 55m 13s]  ---> a684044a37ab
[+ 55m 13s] Removing intermediate container eed66abe25db
[+ 55m 13s] Step 4/17 : RUN make usermode-helper
[+ 55m 13s]  ---> Running in 9e385da0c887
[+ 55m 13s] cc     usermode-helper.c   -o usermode-helper
[+ 55m 14s]  ---> b49ba4cce60d
[+ 55m 14s] Removing intermediate container 9e385da0c887
[+ 55m 14s] Step 5/17 : FROM linuxkit/alpine:c608d404c1cb36cce0c7d9303e30b52c9d81ccf0 AS mirror
[+ 55m 14s]  ---> b5fd1502dd6c
[+ 55m 14s] Step 6/17 : RUN mkdir -p /out/etc/apk && cp -r /etc/apk/* /out/etc/apk/
[+ 55m 14s]  ---> Using cache
[+ 55m 14s]  ---> 932291c56210
[+ 55m 14s] Step 7/17 : RUN apk add --no-cache --initdb -p /out alpine-baselayout busybox musl
[+ 55m 15s]  ---> Running in 8cf071c8bd70
[+ 55m 15s] (1/3) Installing musl (1.1.16-r10)
[+ 55m 15s] (2/3) Installing busybox (1.26.2-r5)
[+ 55m 15s] Executing busybox-1.26.2-r5.post-install
[+ 55m 15s] (3/3) Installing alpine-baselayout (3.0.4-r0)
[+ 55m 15s] Executing alpine-baselayout-3.0.4-r0.pre-install
[+ 55m 15s] Executing alpine-baselayout-3.0.4-r0.post-install
[+ 55m 15s] Executing busybox-1.26.2-r5.trigger
[+ 55m 15s] OK: 1 MiB in 3 packages
[+ 55m 16s]  ---> 1f8c7e30c9e6
[+ 55m 16s] Removing intermediate container 8cf071c8bd70
[+ 55m 16s] Step 8/17 : RUN rm -rf /out/etc/apk /out/lib/apk /out/var/cache
[+ 55m 16s]  ---> Running in 323ba8732fb3
[+ 55m 17s]  ---> f4a6fd798c99
[+ 55m 18s] Removing intermediate container 323ba8732fb3
[+ 55m 18s] Step 9/17 : FROM scratch
[+ 55m 18s]  ---> 
[+ 55m 18s] Step 10/17 : ENTRYPOINT 
[+ 55m 18s]  ---> Running in 4c9e7bfbb2d5
[+ 55m 18s]  ---> 09a43e1347fd
[+ 55m 18s] Removing intermediate container 4c9e7bfbb2d5
[+ 55m 18s] Step 11/17 : CMD 
[+ 55m 18s]  ---> Running in 3858bfb23baa
[+ 55m 18s]  ---> 718f816aec03
[+ 55m 18s] Removing intermediate container 3858bfb23baa
[+ 55m 18s] Step 12/17 : WORKDIR /
[+ 55m 19s]  ---> 1cf3d9ae7fdb
[+ 55m 19s] Removing intermediate container af6695f5c75d
[+ 55m 19s] Step 13/17 : COPY --from=build usermode-helper /sbin/
[+ 55m 19s]  ---> aa6cb0d215f4
[+ 55m 19s] Removing intermediate container ba85df7a130c
[+ 55m 19s] Step 14/17 : COPY --from=mirror /out/ /
[+ 55m 20s]  ---> 4b5b51f0dd8e
[+ 55m 20s] Removing intermediate container 7c0cde1a72fc
[+ 55m 20s] Step 15/17 : COPY init /
[+ 55m 20s]  ---> 3c2daf13ce08
[+ 55m 20s] Removing intermediate container 166365c9b8fc
[+ 55m 20s] Step 16/17 : COPY etc etc/
[+ 55m 21s]  ---> a269ec77d4c1
[+ 55m 21s] Removing intermediate container 5beae3fe99d1
[+ 55m 21s] Step 17/17 : COPY bin bin/
[+ 55m 21s]  ---> eb23d4ef35ed
[+ 55m 21s] Removing intermediate container 1c9f5b8a39b9
[+ 55m 21s] Successfully built eb23d4ef35ed
[+ 55m 21s] Successfully tagged linuxkit/init:3e39b754a66e023e702500985d32a03ad2af8807
[+ 55m 21s] make[2]: Leaving directory '/tmp/build/pkg/init'
[+ 55m 21s] make[2]: Entering directory '/tmp/build/pkg/swap'
[+ 55m 21s] git status /tmp/build/pkg/swap
[+ 55m 21s] On branch master
[+ 55m 21s] Your branch is ahead of 'origin/master' by 584 commits.
[+ 55m 21s]   (use "git push" to publish your local commits)
[+ 55m 21s] nothing to commit, working directory clean
[+ 55m 21s] DOCKER_CONTENT_TRUST=1 docker pull linuxkit/swap:cfdce4b41db13ce996cfa986b12b69b94f56f718 || \
[+ 55m 21s] docker build  -t linuxkit/swap:cfdce4b41db13ce996cfa986b12b69b94f56f718 .
[+ 55m 25s] Pull (1 of 1): linuxkit/swap:cfdce4b41db13ce996cfa986b12b69b94f56f718@sha256:ec59c2b3b4a3b5c626e5eb0b67c9215f36b77f67f40e3098de2be8dad6fb23eb
[+ 55m 26s] sha256:ec59c2b3b4a3b5c626e5eb0b67c9215f36b77f67f40e3098de2be8dad6fb23eb: Pulling from linuxkit/swap
[+ 55m 26s] Digest: sha256:ec59c2b3b4a3b5c626e5eb0b67c9215f36b77f67f40e3098de2be8dad6fb23eb
[+ 55m 26s] Status: Image is up to date for linuxkit/swap@sha256:ec59c2b3b4a3b5c626e5eb0b67c9215f36b77f67f40e3098de2be8dad6fb23eb
[+ 55m 26s] Tagging linuxkit/swap@sha256:ec59c2b3b4a3b5c626e5eb0b67c9215f36b77f67f40e3098de2be8dad6fb23eb as linuxkit/swap:cfdce4b41db13ce996cfa986b12b69b94f56f718
[+ 55m 26s] make[2]: Leaving directory '/tmp/build/pkg/swap'
[+ 55m 26s] make[2]: Entering directory '/tmp/build/pkg/ca-certificates'
[+ 55m 26s] git status /tmp/build/pkg/ca-certificates
[+ 55m 26s] On branch master
[+ 55m 26s] Your branch is ahead of 'origin/master' by 584 commits.
[+ 55m 26s]   (use "git push" to publish your local commits)
[+ 55m 26s] nothing to commit, working directory clean
[+ 55m 26s] DOCKER_CONTENT_TRUST=1 docker pull linuxkit/ca-certificates:46b59484919bfa9af700e54e042048cb06261de4 || \
[+ 55m 26s] docker build  -t linuxkit/ca-certificates:46b59484919bfa9af700e54e042048cb06261de4 .
[+ 55m 29s] Pull (1 of 1): linuxkit/ca-certificates:46b59484919bfa9af700e54e042048cb06261de4@sha256:2dad10080e79c5de3cd2afc56e2229dfbb773b5979b8a0a970da5eb487249d8b
[+ 55m 31s] sha256:2dad10080e79c5de3cd2afc56e2229dfbb773b5979b8a0a970da5eb487249d8b: Pulling from linuxkit/ca-certificates
[+ 55m 31s] Digest: sha256:2dad10080e79c5de3cd2afc56e2229dfbb773b5979b8a0a970da5eb487249d8b
[+ 55m 31s] Status: Image is up to date for linuxkit/ca-certificates@sha256:2dad10080e79c5de3cd2afc56e2229dfbb773b5979b8a0a970da5eb487249d8b
[+ 55m 31s] Tagging linuxkit/ca-certificates@sha256:2dad10080e79c5de3cd2afc56e2229dfbb773b5979b8a0a970da5eb487249d8b as linuxkit/ca-certificates:46b59484919bfa9af700e54e042048cb06261de4
[+ 55m 31s] make[2]: Leaving directory '/tmp/build/pkg/ca-certificates'
[+ 55m 31s] make[2]: Entering directory '/tmp/build/pkg/dhcpcd'
[+ 55m 31s] git status /tmp/build/pkg/dhcpcd
[+ 55m 31s] On branch master
[+ 55m 31s] Your branch is ahead of 'origin/master' by 584 commits.
[+ 55m 31s]   (use "git push" to publish your local commits)
[+ 55m 31s] nothing to commit, working directory clean
[+ 55m 31s] DOCKER_CONTENT_TRUST=1 docker pull linuxkit/dhcpcd:6c1ca76dbf808d5c27d10cbf22a8d4399be5c8ae || \
[+ 55m 31s] docker build  -t linuxkit/dhcpcd:6c1ca76dbf808d5c27d10cbf22a8d4399be5c8ae .
[+ 55m 34s] Pull (1 of 1): linuxkit/dhcpcd:6c1ca76dbf808d5c27d10cbf22a8d4399be5c8ae@sha256:129a415917480edacc3751d0dbbcd9c27b21a0def79546e5c9945d872923e4ea
[+ 55m 35s] sha256:129a415917480edacc3751d0dbbcd9c27b21a0def79546e5c9945d872923e4ea: Pulling from linuxkit/dhcpcd
[+ 55m 35s] Digest: sha256:129a415917480edacc3751d0dbbcd9c27b21a0def79546e5c9945d872923e4ea
[+ 55m 35s] Status: Image is up to date for linuxkit/dhcpcd@sha256:129a415917480edacc3751d0dbbcd9c27b21a0def79546e5c9945d872923e4ea
[+ 55m 35s] Tagging linuxkit/dhcpcd@sha256:129a415917480edacc3751d0dbbcd9c27b21a0def79546e5c9945d872923e4ea as linuxkit/dhcpcd:6c1ca76dbf808d5c27d10cbf22a8d4399be5c8ae
[+ 55m 35s] make[2]: Leaving directory '/tmp/build/pkg/dhcpcd'
[+ 55m 35s] make[2]: Entering directory '/tmp/build/pkg/sysfs'
[+ 55m 35s] git status /tmp/build/pkg/sysfs
[+ 55m 35s] On branch master
[+ 55m 35s] Your branch is ahead of 'origin/master' by 584 commits.
[+ 55m 35s]   (use "git push" to publish your local commits)
[+ 55m 35s] nothing to commit, working directory clean
[+ 55m 35s] DOCKER_CONTENT_TRUST=1 docker pull linuxkit/sysfs:b4091d81261f4582ff899a8510110fc4f2be2b49 || \
[+ 55m 35s] docker build  -t linuxkit/sysfs:b4091d81261f4582ff899a8510110fc4f2be2b49 .
[+ 55m 38s] Pull (1 of 1): linuxkit/sysfs:b4091d81261f4582ff899a8510110fc4f2be2b49@sha256:a2342662e2b5a247c688844eaf361437ef5e9e259a680c3bc33ed0715927c983
[+ 55m 40s] sha256:a2342662e2b5a247c688844eaf361437ef5e9e259a680c3bc33ed0715927c983: Pulling from linuxkit/sysfs
[+ 55m 40s] Digest: sha256:a2342662e2b5a247c688844eaf361437ef5e9e259a680c3bc33ed0715927c983
[+ 55m 40s] Status: Image is up to date for linuxkit/sysfs@sha256:a2342662e2b5a247c688844eaf361437ef5e9e259a680c3bc33ed0715927c983
[+ 55m 40s] Tagging linuxkit/sysfs@sha256:a2342662e2b5a247c688844eaf361437ef5e9e259a680c3bc33ed0715927c983 as linuxkit/sysfs:b4091d81261f4582ff899a8510110fc4f2be2b49
[+ 55m 40s] make[2]: Leaving directory '/tmp/build/pkg/sysfs'
[+ 55m 40s] make[2]: Entering directory '/tmp/build/pkg/mkimage'
[+ 55m 40s] git status /tmp/build/pkg/mkimage
[+ 55m 40s] On branch master
[+ 55m 40s] Your branch is ahead of 'origin/master' by 584 commits.
[+ 55m 40s]   (use "git push" to publish your local commits)
[+ 55m 40s] nothing to commit, working directory clean
[+ 55m 40s] DOCKER_CONTENT_TRUST=1 docker pull linuxkit/mkimage:3c01548c7166e710f8332e18773a28284bc13179 || \
[+ 55m 40s] docker build  -t linuxkit/mkimage:3c01548c7166e710f8332e18773a28284bc13179 .
[+ 55m 43s] Pull (1 of 1): linuxkit/mkimage:3c01548c7166e710f8332e18773a28284bc13179@sha256:c57a441e47a2266ab7d4f8f92fed69a7525d1ab28ab3496577c3440eb451fbe5
[+ 55m 44s] sha256:c57a441e47a2266ab7d4f8f92fed69a7525d1ab28ab3496577c3440eb451fbe5: Pulling from linuxkit/mkimage
[+ 55m 44s] Digest: sha256:c57a441e47a2266ab7d4f8f92fed69a7525d1ab28ab3496577c3440eb451fbe5
[+ 55m 44s] Status: Image is up to date for linuxkit/mkimage@sha256:c57a441e47a2266ab7d4f8f92fed69a7525d1ab28ab3496577c3440eb451fbe5
[+ 55m 44s] Tagging linuxkit/mkimage@sha256:c57a441e47a2266ab7d4f8f92fed69a7525d1ab28ab3496577c3440eb451fbe5 as linuxkit/mkimage:3c01548c7166e710f8332e18773a28284bc13179
[+ 55m 45s] make[2]: Leaving directory '/tmp/build/pkg/mkimage'
[+ 55m 45s] make[2]: Entering directory '/tmp/build/pkg/vpnkit-forwarder'
[+ 55m 45s] git status /tmp/build/pkg/vpnkit-forwarder
[+ 55m 45s] On branch master
[+ 55m 45s] Your branch is ahead of 'origin/master' by 584 commits.
[+ 55m 45s]   (use "git push" to publish your local commits)
[+ 55m 45s] nothing to commit, working directory clean
[+ 55m 45s] DOCKER_CONTENT_TRUST=1 docker pull linuxkit/vpnkit-forwarder:e2776b82ddfe82ed7f90e55d7a2b424e62e9a279 || \
[+ 55m 45s] docker build  -t linuxkit/vpnkit-forwarder:e2776b82ddfe82ed7f90e55d7a2b424e62e9a279 .
[+ 55m 48s] Pull (1 of 1): linuxkit/vpnkit-forwarder:e2776b82ddfe82ed7f90e55d7a2b424e62e9a279@sha256:c0479e44cc8870a92966229623b8afbd2e56461e0ff53a5391b26e445497b52f
[+ 55m 49s] sha256:c0479e44cc8870a92966229623b8afbd2e56461e0ff53a5391b26e445497b52f: Pulling from linuxkit/vpnkit-forwarder
[+ 55m 49s] Digest: sha256:c0479e44cc8870a92966229623b8afbd2e56461e0ff53a5391b26e445497b52f
[+ 55m 49s] Status: Image is up to date for linuxkit/vpnkit-forwarder@sha256:c0479e44cc8870a92966229623b8afbd2e56461e0ff53a5391b26e445497b52f
[+ 55m 49s] Tagging linuxkit/vpnkit-forwarder@sha256:c0479e44cc8870a92966229623b8afbd2e56461e0ff53a5391b26e445497b52f as linuxkit/vpnkit-forwarder:e2776b82ddfe82ed7f90e55d7a2b424e62e9a279
[+ 55m 49s] make[2]: Leaving directory '/tmp/build/pkg/vpnkit-forwarder'
[+ 55m 49s] make[2]: Entering directory '/tmp/build/pkg/open-vm-tools'
[+ 55m 49s] git status /tmp/build/pkg/open-vm-tools
[+ 55m 49s] On branch master
[+ 55m 49s] Your branch is ahead of 'origin/master' by 584 commits.
[+ 55m 49s]   (use "git push" to publish your local commits)
[+ 55m 49s] nothing to commit, working directory clean
[+ 55m 49s] DOCKER_CONTENT_TRUST=1 docker pull linuxkit/open-vm-tools:dbb93b76bd86fb3fe47abbd407f8853660ce7bdc || \
[+ 55m 49s] docker build  -t linuxkit/open-vm-tools:dbb93b76bd86fb3fe47abbd407f8853660ce7bdc .
[+ 55m 53s] Pull (1 of 1): linuxkit/open-vm-tools:dbb93b76bd86fb3fe47abbd407f8853660ce7bdc@sha256:3c2128e90f39ca60e130e156c3c4d34aaee19f3fe5c8a9b30869cd7e7e883cb1
[+ 55m 54s] sha256:3c2128e90f39ca60e130e156c3c4d34aaee19f3fe5c8a9b30869cd7e7e883cb1: Pulling from linuxkit/open-vm-tools
[+ 55m 54s] adfb6cfae4b3: Pulling fs layer
[+ 55m 59s] adfb6cfae4b3: Verifying Checksum
[+ 55m 59s] adfb6cfae4b3: Download complete
[+ 56m 01s] adfb6cfae4b3: Pull complete
[+ 56m 01s] Digest: sha256:3c2128e90f39ca60e130e156c3c4d34aaee19f3fe5c8a9b30869cd7e7e883cb1
[+ 56m 01s] Status: Downloaded newer image for linuxkit/open-vm-tools@sha256:3c2128e90f39ca60e130e156c3c4d34aaee19f3fe5c8a9b30869cd7e7e883cb1
[+ 56m 01s] Tagging linuxkit/open-vm-tools@sha256:3c2128e90f39ca60e130e156c3c4d34aaee19f3fe5c8a9b30869cd7e7e883cb1 as linuxkit/open-vm-tools:dbb93b76bd86fb3fe47abbd407f8853660ce7bdc
[+ 56m 01s] make[2]: Leaving directory '/tmp/build/pkg/open-vm-tools'
[+ 56m 01s] make[1]: Leaving directory '/tmp/build/pkg'
[+ 56m 01s] git status
[+ 56m 01s] On branch master
[+ 56m 01s] Your branch is ahead of 'origin/master' by 584 commits.
[+ 56m 01s]   (use "git push" to publish your local commits)
[+ 56m 01s] Untracked files:
[+ 56m 01s]   (use "git add <file>..." to include in what will be committed)
[+ 56m 01s] 
[+ 56m 01s] 	ci-setup.sh
[+ 56m 01s] 
[+ 56m 01s] nothing added to commit but untracked files present (use "git add" to track)[2017-06-28 17:29.33] Fetching results
[2017-06-28 17:29.33] Running "scp" "-r" "-i" "/run/secrets/builder-ssh" "-o" "StrictHostKeyChecking=no" "root@35.189.239.162:/tmp/build/test/_results" "root@35.189.239.162:/tmp/build/artifacts" "."
@@@@@@@@@@@@@@@@@@@@@@@@@@@@@@@@@@@@@@@@@@@@@@@@@@@@@@@@@@@
@    WARNING: REMOTE HOST IDENTIFICATION HAS CHANGED!     @
@@@@@@@@@@@@@@@@@@@@@@@@@@@@@@@@@@@@@@@@@@@@@@@@@@@@@@@@@@@
IT IS POSSIBLE THAT SOMEONE IS DOING SOMETHING NASTY!
Someone could be eavesdropping on you right now (man-in-the-middle attack)!
It is also possible that a host key has just been changed.
The fingerprint for the ECDSA key sent by the remote host is
SHA256:AgIBMHHwucOi6TwU8rHgi07b55EuigwGaY0pK8h+xPw.
Please contact your system administrator.
Add correct host key in /root/.ssh/known_hosts to get rid of this message.
Offending ECDSA key in /root/.ssh/known_hosts:2
Password authentication is disabled to avoid man-in-the-middle attacks.
Keyboard-interactive authentication is disabled to avoid man-in-the-middle attacks.
@@@@@@@@@@@@@@@@@@@@@@@@@@@@@@@@@@@@@@@@@@@@@@@@@@@@@@@@@@@
@    WARNING: REMOTE HOST IDENTIFICATION HAS CHANGED!     @
@@@@@@@@@@@@@@@@@@@@@@@@@@@@@@@@@@@@@@@@@@@@@@@@@@@@@@@@@@@
IT IS POSSIBLE THAT SOMEONE IS DOING SOMETHING NASTY!
Someone could be eavesdropping on you right now (man-in-the-middle attack)!
It is also possible that a host key has just been changed.
The fingerprint for the ECDSA key sent by the remote host is
SHA256:AgIBMHHwucOi6TwU8rHgi07b55EuigwGaY0pK8h+xPw.
Please contact your system administrator.
Add correct host key in /root/.ssh/known_hosts to get rid of this message.
Offending ECDSA key in /root/.ssh/known_hosts:2
Password authentication is disabled to avoid man-in-the-middle attacks.
Keyboard-interactive authentication is disabled to avoid man-in-the-middle attacks.
[2017-06-28 17:29.38] Removing test VM...
[2017-06-28 17:29.38] Running "/gcloud/destroy.py" "linuxkit-ci-3"
INFO:root:Destroying VM
INFO:oauth2client.transport:Attempting refresh to obtain initial access_token
INFO:oauth2client.client:Refreshing access_token
INFO:root:Waiting for zone operation to finish
INFO:root:Operation in progress... waiting...
INFO:root:Operation in progress... waiting...
INFO:root:Operation in progress... waiting...
INFO:root:Operation in progress... waiting...
INFO:root:Operation in progress... waiting...
INFO:root:Operation in progress... waiting...
INFO:root:Operation in progress... waiting...
INFO:root:Operation in progress... waiting...
INFO:root:Operation in progress... waiting...
INFO:root:Operation in progress... waiting...
INFO:root:Operation in progress... waiting...
[2017-06-28 17:30.38] Saved build result test.img.tar.gz (326adee3c724bf9be1e41561d4075a3992fc0893fc3dd3fa8c5e2107870df928)
[2017-06-28 17:30.38] Success
