=== Test LinuxKit on GCP
[2018-01-19 16:13.24] Starting...
INFO:root:Connecting to storage
INFO:root:Getting bucket
INFO:root:Uploading /build-cache/f4245b78fc3556ad13f79a206ab9933c85520654ae0a1874285d95e6a8538ed5 -> linuxkit-ci-1.tar.gz
INFO:root:Removing old image
INFO:oauth2client.transport:Attempting refresh to obtain initial access_token
INFO:oauth2client.client:Refreshing access_token
INFO:root:Waiting for global operation to finish
INFO:root:Operation in progress... waiting...
INFO:root:Creating image: {'name': 'linuxkit-ci-1-test-image', 'rawDisk': {'source': u'https://www.googleapis.com/storage/v1/b/linuxkit-gcp-test-bucket/o/linuxkit-ci-1.tar.gz'}}
INFO:root:Waiting for global operation to finish
INFO:root:Operation in progress... waiting...
INFO:root:Operation in progress... waiting...
INFO:root:Operation in progress... waiting...
INFO:root:Operation in progress... waiting...
INFO:root:Operation in progress... waiting...
INFO:root:Operation in progress... waiting...
INFO:root:Creating VM
INFO:root:Error getting serial output (resourceNotReady): The resource 'projects/moby-datakit-ci/zones/europe-west1-b/instances/linuxkit-ci-1' is not ready
INFO:root:Error getting serial output (resourceNotReady): The resource 'projects/moby-datakit-ci/zones/europe-west1-b/instances/linuxkit-ci-1' is not ready
INFO:root:Error getting serial output (resourceNotReady): The resource 'projects/moby-datakit-ci/zones/europe-west1-b/instances/linuxkit-ci-1' is not ready
INFO:root:Error getting serial output (resourceNotReady): The resource 'projects/moby-datakit-ci/zones/europe-west1-b/instances/linuxkit-ci-1' is not ready
SeaBIOS (version 1.8.2-20171130_102032-google)
Total RAM Size = 0x00000000f0000000 = 3840 MiB
CPUs found: 1     Max CPUs supported: 1
found virtio-scsi at 0:3
virtio-scsi vendor='Google' product='PersistentDisk' rev='1' type=0 removable=0
virtio-scsi blksize=512 sectors=2097152 = 1024 MiB
drive 0x000f3070: PCHS=0/0/0 translation=lba LCHS=1024/32/63 s=2097152
Booting from Hard Disk 0...
[    0.000000] Linux version 4.9.77-linuxkit (root@8aa31b9489e8) (gcc version 6.4.0 (Alpine 6.4.0) ) #1 SMP Wed Jan 17 14:57:17 UTC 2018
[    0.000000] Command line: BOOT_IMAGE=/kernel console=ttyS0 initrd=/initrd.img
[    0.000000] x86/fpu: Supporting XSAVE feature 0x001: 'x87 floating point registers'
[    0.000000] x86/fpu: Supporting XSAVE feature 0x002: 'SSE registers'
[    0.000000] x86/fpu: Supporting XSAVE feature 0x004: 'AVX registers'
[    0.000000] x86/fpu: xstate_offset[2]:  576, xstate_sizes[2]:  256
[    0.000000] x86/fpu: Enabled xstate features 0x7, context size is 832 bytes, using 'standard' format.
[    0.000000] x86/fpu: Using 'eager' FPU context switches.
[    0.000000] e820: BIOS-provided physical RAM map:
[    0.000000] BIOS-e820: [mem 0x0000000000000000-0x000000000009fbff] usable
[    0.000000] BIOS-e820: [mem 0x000000000009fc00-0x000000000009ffff] reserved
[    0.000000] BIOS-e820: [mem 0x00000000000f0000-0x00000000000fffff] reserved
[    0.000000] BIOS-e820: [mem 0x0000000000100000-0x00000000bfffcfff] usable
[    0.000000] BIOS-e820: [mem 0x00000000bfffd000-0x00000000bfffffff] reserved
[    0.000000] BIOS-e820: [mem 0x00000000fffbc000-0x00000000ffffffff] reserved
[    0.000000] BIOS-e820: [mem 0x0000000100000000-0x000000012fffffff] usable
[    0.000000] NX (Execute Disable) protection: active
[    0.000000] SMBIOS 2.4 present.
[    0.000000] Hypervisor detected: KVM
[    0.000000] e820: last_pfn = 0x130000 max_arch_pfn = 0x400000000
[    0.000000] x86/PAT: Configuration [0-7]: WB  WC  UC- UC  WB  WC  UC- WT  
[    0.000000] e820: last_pfn = 0xbfffd max_arch_pfn = 0x400000000
[    0.000000] found SMP MP-table at [mem 0x000f32c0-0x000f32cf] mapped at [ffff9f72400f32c0]
[    0.000000] Using GB pages for direct mapping
[    0.000000] RAMDISK: [mem 0x7dc38000-0x7fffffff]
[    0.000000] ACPI: Early table checksum verification disabled
[    0.000000] ACPI: RSDP 0x00000000000F30B0 000014 (v00 Google)
[    0.000000] ACPI: RSDT 0x00000000BFFFDCD0 000034 (v01 Google GOOGRSDT 00000001 GOOG 00000001)
[    0.000000] ACPI: FACP 0x00000000BFFFFF00 0000F4 (v02 Google GOOGFACP 00000001 GOOG 00000001)
[    0.000000] ACPI: DSDT 0x00000000BFFFDD10 0017B2 (v01 Google GOOGDSDT 00000001 GOOG 00000001)
[    0.000000] ACPI: FACS 0x00000000BFFFFEC0 000040
[    0.000000] ACPI: FACS 0x00000000BFFFFEC0 000040
[    0.000000] ACPI: SSDT 0x00000000BFFFF5F0 0008CF (v01 Google GOOGSSDT 00000001 GOOG 00000001)
[    0.000000] ACPI: APIC 0x00000000BFFFF500 00006E (v01 Google GOOGAPIC 00000001 GOOG 00000001)
[    0.000000] ACPI: WAET 0x00000000BFFFF4D0 000028 (v01 Google GOOGWAET 00000001 GOOG 00000001)
[    0.000000] kvm-clock: Using msrs 4b564d01 and 4b564d00
[    0.000000] kvm-clock: cpu 0, msr 1:2fffc001, primary cpu clock
[    0.000000] kvm-clock: using sched offset of 890667641 cycles
[    0.000000] clocksource: kvm-clock: mask: 0xffffffffffffffff max_cycles: 0x1cd42e4dffb, max_idle_ns: 881590591483 ns
[    0.000000] Zone ranges:
[    0.000000]   DMA      [mem 0x0000000000001000-0x0000000000ffffff]
[    0.000000]   DMA32    [mem 0x0000000001000000-0x00000000ffffffff]
[    0.000000]   Normal   [mem 0x0000000100000000-0x000000012fffffff]
[    0.000000] Movable zone start for each node
[    0.000000] Early memory node ranges
[    0.000000]   node   0: [mem 0x0000000000001000-0x000000000009efff]
[    0.000000]   node   0: [mem 0x0000000000100000-0x00000000bfffcfff]
[    0.000000]   node   0: [mem 0x0000000100000000-0x000000012fffffff]
[    0.000000] Initmem setup node 0 [mem 0x0000000000001000-0x000000012fffffff]
[    0.000000] ACPI: PM-Timer IO Port: 0xb008
[    0.000000] ACPI: LAPIC_NMI (acpi_id[0xff] dfl dfl lint[0x1])
[    0.000000] IOAPIC[0]: apic_id 0, version 17, address 0xfec00000, GSI 0-23
[    0.000000] ACPI: INT_SRC_OVR (bus 0 bus_irq 5 global_irq 5 high level)
[    0.000000] ACPI: INT_SRC_OVR (bus 0 bus_irq 9 global_irq 9 high level)
[    0.000000] ACPI: INT_SRC_OVR (bus 0 bus_irq 10 global_irq 10 high level)
[    0.000000] ACPI: INT_SRC_OVR (bus 0 bus_irq 11 global_irq 11 high level)
[    0.000000] Using ACPI (MADT) for SMP configuration information
[    0.000000] smpboot: Allowing 1 CPUs, 0 hotplug CPUs
[    0.000000] e820: [mem 0xc0000000-0xfffbbfff] available for PCI devices
[    0.000000] Booting paravirtualized kernel on KVM
[    0.000000] clocksource: refined-jiffies: mask: 0xffffffff max_cycles: 0xffffffff, max_idle_ns: 19112604462750000 ns
[    0.000000] setup_percpu: NR_CPUS:128 nr_cpumask_bits:128 nr_cpu_ids:1 nr_node_ids:1
[    0.000000] percpu: Embedded 36 pages/cpu @ffff9f736fc00000 s106904 r8192 d32360 u2097152
[    0.000000] Built 1 zonelists in Zone order, mobility grouping on.  Total pages: 967558
[    0.000000] Kernel command line: BOOT_IMAGE=/kernel console=ttyS0 initrd=/initrd.img
[    0.000000] PID hash table entries: 4096 (order: 3, 32768 bytes)
[    0.000000] Dentry cache hash table entries: 524288 (order: 10, 4194304 bytes)
[    0.000000] Inode-cache hash table entries: 262144 (order: 9, 2097152 bytes)
[    0.000000] Memory: 3745564K/3931756K available (8054K kernel code, 1391K rwdata, 2700K rodata, 1396K init, 564K bss, 186192K reserved, 0K cma-reserved)
[    0.000000] Kernel/User page tables isolation: enabled
[    0.000000] Hierarchical RCU implementation.
[    0.000000] 	Build-time adjustment of leaf fanout to 64.
[    0.000000] 	RCU restricting CPUs from NR_CPUS=128 to nr_cpu_ids=1.
[    0.000000] RCU: Adjusting geometry for rcu_fanout_leaf=64, nr_cpu_ids=1
[    0.000000] NR_IRQS:8448 nr_irqs:256 16
[    0.000000] Console: colour *CGA 80x25
[    0.000000] console [ttyS0] enabled
[    0.000000] tsc: Detected 2600.000 MHz processor
[    0.184962] Calibrating delay loop (skipped) preset value.. 5200.00 BogoMIPS (lpj=26000000)
[    0.186277] pid_max: default: 32768 minimum: 301
[    0.186979] ACPI: Core revision 20160831
[    0.188781] ACPI: 2 ACPI AML tables successfully acquired and loaded
[    0.189906] Security Framework initialized
[    0.190545] Yama: becoming mindful.
[    0.191075] Mount-cache hash table entries: 8192 (order: 4, 65536 bytes)
[    0.192048] Mountpoint-cache hash table entries: 8192 (order: 4, 65536 bytes)
[    0.194411] CPU: Physical Processor ID: 0
[    0.195025] Last level iTLB entries: 4KB 512, 2MB 8, 4MB 8
[    0.195859] Last level dTLB entries: 4KB 512, 2MB 32, 4MB 32, 1GB 0
[    0.197052] Spectre V2 mitigation: Vulnerable: Minimal generic ASM retpoline
[    0.209894] Freeing SMP alternatives memory: 20K
[    0.212421] ftrace: allocating 35560 entries in 139 pages
[    0.259006] smpboot: x86_max_cores == zero !?!?[    0.259679] smpboot: Max logical packages: 1
[    0.260817] x2apic enabled
[    0.262393] Switched APIC routing to physical x2apic.
[    0.265806] ..TIMER: vector=0x30 apic1=0 pin1=0 apic2=-1 pin2=-1
[    0.383841] smpboot: CPU0: Intel(R) Xeon(R) CPU @ 2.60GHz (family: 0x6, model: 0x2d, stepping: 0x7)
[    0.385337] Performance Events: unsupported p6 CPU model 45 no PMU driver, software events only.
[    0.386919] x86: Booted up 1 node, 1 CPUs
[    0.387696] smpboot: Total of 1 processors activated (5200.00 BogoMIPS)
[    0.389665] devtmpfs: initialized
[    0.390244] x86/mm: Memory block size: 128MB
[    0.394752] clocksource: jiffies: mask: 0xffffffff max_cycles: 0xffffffff, max_idle_ns: 19112604462750000 ns
[    0.396232] futex hash table entries: 256 (order: 2, 16384 bytes)
[    0.398101] NET: Registered protocol family 16
[    0.399311] cpuidle: using governor ladder
[    0.399903] cpuidle: using governor menu
[    0.400657] ACPI: bus type PCI registered
[    0.401363] PCI: Using configuration type 1 for base access
[    0.403860] HugeTLB registered 1 GB page size, pre-allocated 0 pages
[    0.404760] HugeTLB registered 2 MB page size, pre-allocated 0 pages
[    0.405948] ACPI: Added _OSI(Module Device)
[    0.406682] ACPI: Added _OSI(Processor Device)
[    0.407346] ACPI: Added _OSI(3.0 _SCP Extensions)
[    0.408023] ACPI: Added _OSI(Processor Aggregator Device)
[    0.409161] ACPI: Executed 2 blocks of module-level executable AML code
[    0.411287] ACPI: Interpreter enabled
[    0.411801] ACPI: (supports S0 S5)
[    0.412272] ACPI: Using IOAPIC for interrupt routing
[    0.412990] PCI: Using host bridge windows from ACPI; if necessary, use "pci=nocrs" and report a bug
[    0.417270] ACPI: PCI Root Bridge [PCI0] (domain 0000 [bus 00-ff])
[    0.418172] acpi PNP0A03:00: _OSC: OS supports [ASPM ClockPM Segments MSI]
[    0.419172] acpi PNP0A03:00: _OSC failed (AE_NOT_FOUND); disabling ASPM
[    0.420102] acpi PNP0A03:00: fail to add MMCONFIG information, can't access extended PCI configuration space under this bridge.
[    0.421798] PCI host bridge to bus 0000:00
[    0.422363] pci_bus 0000:00: root bus resource [io  0x0000-0x0cf7 window]
[    0.423411] pci_bus 0000:00: root bus resource [io  0x0d00-0xffff window]
[    0.424442] pci_bus 0000:00: root bus resource [mem 0x000a0000-0x000bffff window]
[    0.425638] pci_bus 0000:00: root bus resource [mem 0xc0000000-0xfebfffff window]
[    0.426797] pci_bus 0000:00: root bus resource [bus 00-ff]
[    0.459649] pci 0000:00:01.3: quirk: [io  0xb000-0xb03f] claimed by PIIX4 ACPI
[    0.508414] ACPI: PCI Interrupt Link [LNKA] (IRQs 5 *10 11)
[    0.510567] ACPI: PCI Interrupt Link [LNKB] (IRQs 5 *10 11)
[    0.512695] ACPI: PCI Interrupt Link [LNKC] (IRQs 5 10 *11)
[    0.514743] ACPI: PCI Interrupt Link [LNKD] (IRQs 5 10 *11)
[    0.517022] ACPI: PCI Interrupt Link [LNKS] (IRQs *9)
[    0.518319] ACPI: Enabled 16 GPEs in block 00 to 0F
[    0.519361] SCSI subsystem initialized
[    0.520010] ACPI: bus type USB registered
[    0.520667] usbcore: registered new interface driver usbfs
[    0.521584] usbcore: registered new interface driver hub
[    0.522462] usbcore: registered new device driver usb
[    0.523351] pps_core: LinuxPPS API ver. 1 registered
[    0.524606] pps_core: Software ver. 5.3.6 - Copyright 2005-2007 Rodolfo Giometti <giometti@linux.it>
[    0.525970] PTP clock support registered
[    0.526663] PCI: Using ACPI for IRQ routing
[    0.527487] NetLabel: Initializing
[    0.528083] NetLabel:  domain hash size = 128
[    0.528857] NetLabel:  protocols = UNLABELED CIPSOv4
[    0.529571] NetLabel:  unlabeled traffic allowed by default
[    0.530375] wmi: Mapper loaded
[    0.530910] clocksource: Switched to clocksource kvm-clock
[    0.546802] VFS: Disk quotas dquot_6.6.0
[    0.547445] VFS: Dquot-cache hash table entries: 512 (order 0, 4096 bytes)
[    0.548418] FS-Cache: Loaded
[    0.548901] CacheFiles: Loaded
[    0.549366] pnp: PnP ACPI init
[    0.550316] pnp: PnP ACPI: found 7 devices
[    0.557178] clocksource: acpi_pm: mask: 0xffffff max_cycles: 0xffffff, max_idle_ns: 2085701024 ns
[    0.558858] NET: Registered protocol family 2
[    0.559689] TCP established hash table entries: 32768 (order: 6, 262144 bytes)
[    0.560953] TCP bind hash table entries: 32768 (order: 7, 524288 bytes)
[    0.562037] TCP: Hash tables configured (established 32768 bind 32768)
[    0.562970] UDP hash table entries: 2048 (order: 4, 65536 bytes)
[    0.563974] UDP-Lite hash table entries: 2048 (order: 4, 65536 bytes)
[    0.564978] NET: Registered protocol family 1
[    0.565749] pci 0000:00:00.0: Limiting direct PCI/PCI transfers
[    0.567176] Unpacking initramfs...
[    1.203877] Freeing initrd memory: 36640K
[    1.204543] PCI-DMA: Using software bounce buffering for IO (SWIOTLB)
[    1.205435] software IO TLB [mem 0xbbffd000-0xbfffd000] (64MB) mapped at [ffff9f72fbffd000-ffff9f72ffffcfff]
[    1.206869] RAPL PMU: API unit is 2^-32 Joules, 3 fixed counters, 10737418240 ms ovfl timer
[    1.208028] RAPL PMU: hw unit of domain pp0-core 2^-0 Joules
[    1.208851] RAPL PMU: hw unit of domain package 2^-0 Joules
[    1.209600] RAPL PMU: hw unit of domain dram 2^-0 Joules
[    1.212330] AVX2 or AES-NI instructions are not detected.
[    1.213152] AVX2 instructions are not detected.
[    1.213994] audit: initializing netlink subsys (disabled)
[    1.214790] audit: type=2000 audit(1516378457.814:1): initialized
[    1.216087] workingset: timestamp_bits=46 max_order=20 bucket_order=0
[    1.218137] squashfs: version 4.0 (2009/01/31) Phillip Lougher
[    1.219044] FS-Cache: Netfs 'cifs' registered for caching
[    1.219821] fuse init (API version 7.26)
[    1.220439] SGI XFS with ACLs, security attributes, no debug enabled
[    1.221940] 9p: Installing v9fs 9p2000 file system support
[    1.223119] FS-Cache: Netfs '9p' registered for caching
[    1.224733] NET: Registered protocol family 38
[    1.225374] Key type asymmetric registered
[    1.225935] Asymmetric key parser 'x509' registered
[    1.226753] Block layer SCSI generic (bsg) driver version 0.4 loaded (major 251)
[    1.227769] io scheduler noop registered
[    1.228311] io scheduler deadline registered (default)
[    1.229012] io scheduler cfq registered
[    1.229656] pci_hotplug: PCI Hot Plug PCI Core version: 0.5
[    1.230454] pciehp: PCI Express Hot Plug Controller Driver version: 0.4
[    1.231479] shpchp: Standard Hot Plug PCI Controller Driver version: 0.4
[    1.232505] hv_vmbus: registering driver hyperv_fb
[    1.233297] input: Power Button as /devices/LNXSYSTM:00/LNXPWRBN:00/input/input0
[    1.234411] ACPI: Power Button [PWRF]
[    1.235033] input: Sleep Button as /devices/LNXSYSTM:00/LNXSLPBN:00/input/input1
[    1.236163] ACPI: Sleep Button [SLPF]
[    1.236824] GHES: HEST is not enabled!
[    1.239119] ACPI: PCI Interrupt Link [LNKC] enabled at IRQ 11
[    1.240004] virtio-pci 0000:00:03.0: virtio_pci: leaving for legacy driver
[    1.244032] ACPI: PCI Interrupt Link [LNKD] enabled at IRQ 10
[    1.244925] virtio-pci 0000:00:04.0: virtio_pci: leaving for legacy driver
[    1.248762] xenfs: not registering filesystem on non-xen platform
[    1.249791] Serial: 8250/16550 driver, 4 ports, IRQ sharing disabled
[    1.271965] 00:03: ttyS0 at I/O 0x3f8 (irq = 4, base_baud = 115200) is a 16550A
[    1.294898] 00:04: ttyS1 at I/O 0x2f8 (irq = 3, base_baud = 115200) is a 16550A
[    1.317142] 00:05: ttyS2 at I/O 0x3e8 (irq = 6, base_baud = 115200) is a 16550A
[    1.340124] 00:06: ttyS3 at I/O 0x2e8 (irq = 7, base_baud = 115200) is a 16550A
[    1.342196] Non-volatile memory driver v1.3
[    1.343028] Hangcheck: starting hangcheck timer 0.9.1 (tick is 180 seconds, margin is 60 seconds).
[    1.345687] loop: module loaded
[    1.347502] nbd: registered device at major 43
[    1.360744] scsi host0: Virtio SCSI HBA
[    1.362375] scsi 0:0:1:0: Direct-Access     Google   PersistentDisk   1    PQ: 0 ANSI: 6
[    1.375356] random: fast init done
[    1.377386] VMware PVSCSI driver - version 1.0.7.0-k
[    1.378098] hv_vmbus: registering driver hv_storvsc
[    1.379256] sd 0:0:1:0: [sda] 2097152 512-byte logical blocks: (1.07 GB/1.00 GiB)
[    1.380505] sd 0:0:1:0: [sda] 4096-byte physical blocks
[    1.381423] sd 0:0:1:0: Attached scsi generic sg0 type 0
[    1.382612] tun: Universal TUN/TAP device driver, 1.6
[    1.383441] tun: (C) 1999-2004 Max Krasnyansky <maxk@qualcomm.com>
[    1.392655] sd 0:0:1:0: [sda] Write Protect is off
[    1.394584] sd 0:0:1:0: [sda] Write cache: enabled, read cache: enabled, doesn't support DPO or FUA
[    1.406042] VMware vmxnet3 virtual NIC driver - version 1.4.a.0-k-NAPI
[    1.407406] hv_vmbus: registering driver hv_netvsc
[    1.408316] Fusion MPT base driver 3.04.20
[    1.409310] Copyright (c) 1999-2008 LSI Corporation
[    1.410450]  sda: sda1
[    1.410984] Fusion MPT SPI Host driver 3.04.20
[    1.411850] i8042: PNP: PS/2 Controller [PNP0303:KBD,PNP0f13:MOU] at 0x60,0x64 irq 1,12
[    1.414382] i8042: Warning: Keylock active
[    1.415892] serio: i8042 KBD port at 0x60,0x64 irq 1
[    1.416715] serio: i8042 AUX port at 0x60,0x64 irq 12
[    1.417838] hv_vmbus: registering driver hyperv_keyboard
[    1.419154] sd 0:0:1:0: [sda] Attached SCSI disk
[    1.420696] mousedev: PS/2 mouse device common for all mice
[    1.422267] input: PC Speaker as /devices/platform/pcspkr/input/input3
[    1.423222] rtc_cmos 00:00: RTC can wake from S4
[    1.424174] rtc_cmos 00:00: rtc core: registered rtc_cmos as rtc0
[    1.425693] rtc_cmos 00:00: alarms up to one day, 114 bytes nvram
[    1.426938] i2c /dev entries driver
[    1.427673] device-mapper: ioctl: 4.35.0-ioctl (2016-06-23) initialised: dm-devel@redhat.com
[    1.429108] usbcore: registered new interface driver usbhid
[    1.429804] usbhid: USB HID core driver
[    1.430553] hv_utils: Registering HyperV Utility Driver
[    1.431210] hv_vmbus: registering driver hv_util
[    1.431848] hv_vmbus: registering driver hv_balloon
[    1.432580] oprofile: using timer interrupt.
[    1.433523] GACT probability on
[    1.434007] Mirror/redirect action on
[    1.434937] Simple TC action Loaded
[    1.435401] u32 classifier
[    1.436054]     Performance counters on
[    1.436523]     input device check on
[    1.437430]     Actions configured
[    1.438162] Netfilter messages via NETLINK v0.30.
[    1.439197] nfnl_acct: registering with nfnetlink.
[    1.440239] nf_conntrack version 0.5.0 (16384 buckets, 65536 max)
[    1.441266] ctnetlink v0.93: registering with nfnetlink.
[    1.442423] nf_tables: (c) 2007-2009 Patrick McHardy <kaber@trash.net>
[    1.443630] nf_tables_compat: (c) 2012 Pablo Neira Ayuso <pablo@netfilter.org>
[    1.444978] xt_time: kernel timezone is -0000
[    1.445892] ip_set: protocol 6
[    1.446398] IPVS: Registered protocols (TCP, UDP, SCTP, AH, ESP)
[    1.447648] IPVS: Connection hash table configured (size=4096, memory=64Kbytes)
[    1.449178] IPVS: Creating netns size=2104 id=0
[    1.449815] IPVS: ipvs loaded.
[    1.450549] IPVS: [rr] scheduler registered.
[    1.451198] IPVS: [wrr] scheduler registered.
[    1.452083] IPVS: [lc] scheduler registered.
[    1.452926] IPVS: [wlc] scheduler registered.
[    1.453962] IPVS: [fo] scheduler registered.
[    1.454919] IPVS: [ovf] scheduler registered.
[    1.455957] IPVS: [lblc] scheduler registered.
[    1.457026] IPVS: [lblcr] scheduler registered.
[    1.458101] IPVS: [dh] scheduler registered.
[    1.458807] IPVS: [sh] scheduler registered.
[    1.459587] IPVS: [sed] scheduler registered.
[    1.460525] IPVS: [nq] scheduler registered.
[    1.460950] IPVS: ftp: loaded support on port[0] = 21
[    1.461859] ipip: IPv4 and MPLS over IPv4 tunneling driver
[    1.463803] gre: GRE over IPv4 demultiplexor driver
[    1.464975] ip_tables: (C) 2000-2006 Netfilter Core Team
[    1.465857] ipt_CLUSTERIP: ClusterIP Version 0.8 loaded successfully
[    1.467280] arp_tables: arp_tables: (C) 2002 David S. Miller
[    1.468176] NET: Registered protocol family 10
[    1.469133] ip6_tables: (C) 2000-2006 Netfilter Core Team
[    1.470454] NET: Registered protocol family 17
[    1.471101] Bridge firewalling registered
[    1.471838] Ebtables v2.0 registered
[    1.472587] 8021q: 802.1Q VLAN Support v1.8
[    1.473517] 9pnet: Installing 9P2000 support
[    1.474018] Key type dns_resolver registered
[    1.474864] microcode: sig=0x206d7, pf=0x1, revision=0x1
[    1.475498] microcode: Microcode Update Driver: v2.01 <tigran@aivazian.fsnet.co.uk>, Peter Oruba
[    1.477242] AVX version of gcm_enc/dec engaged.
[    1.477931] AES CTR mode by8 optimization enabled
[    1.478909] registered taskstats version 1
[    1.484874] Key type big_key registered
[    1.490284] Key type encrypted registered
[    1.490992] rtc_cmos 00:00: setting system clock to 2018-01-19 16:14:18 UTC (1516378458)
[    1.494516] Freeing unused kernel memory: 1396K
[    1.495163] Write protecting the kernel read-only data: 12288k
[    1.496130] Freeing unused kernel memory: 124K
[    1.500062] Freeing unused kernel memory: 1396K
[    1.631168] input: AT Translated Set 2 keyboard as /devices/platform/i8042/serio0/input/input2

Welcome to LinuxKit

                        ##         .
                  ## ## ##        ==
               ## ## ## ## ##    ===
           /"""""""""""""""""\___/ ===
          {                       /  ===-
           \______ O           __/
             \    \         __/
              \____\_______/

[    1.885541] IPv6: ADDRCONF(NETDEV_UP): eth0: link is not ready
eth0: waiting for carrier
[    2.251008] tsc: Refined TSC clocksource calibration: 2599.768 MHz
[    2.251957] clocksource: tsc: mask: 0xffffffffffffffff max_cycles: 0x25796118863, max_idle_ns: 440795286478 ns
[    2.410974] IPv6: ADDRCONF(NETDEV_CHANGE): eth0: link becomes ready
eth0: carrier acquired
DUID 00:01:00:01:21:f4:d5:da:42:01:0a:84:00:03
eth0: IAID 0a:84:00:03
eth0: adding address fe80::7a8a:cd3c:7f5:4bcb
eth0: soliciting an IPv6 router
eth0: soliciting a DHCP lease
eth0: offered 10.132.0.3 from 169.254.169.254
eth0: leased 10.132.0.3 for 86400 seconds
eth0: adding host route to 10.132.0.1
eth0: adding default route via 10.132.0.1
eth0: could not detect a useable init system
exiting due to oneshot
dhcpcd exited
starting kernel config sanity test with /proc/config.gz
[    2.697952] RPC: Registered named UNIX socket transport module.
[    2.698958] RPC: Registered udp transport module.
[    2.699598] RPC: Registered tcp transport module.
[    2.700249] RPC: Registered tcp NFSv4.1 backchannel transport module.
[    2.705928] FS-Cache: Netfs 'nfs' registered for caching
[    2.711248] Installing knfsd (copyright (C) 1996 okir@monad.swb.de).
[    2.713852] ntfs: driver 2.1.32 [Flags: R/O MODULE].
kernel config test succeeded!
[37minfo: reading kernel config from /proc/config.gz ...[m

Generally Necessary:
- [37mcgroup hierarchy[m: [32mproperly mounted[m [/sys/fs/cgroup]
- [37mCONFIG_NAMESPACES[m: [32menabled[m
- [37mCONFIG_NET_NS[m: [32menabled[m
- [37mCONFIG_PID_NS[m: [32menabled[m
- [37mCONFIG_IPC_NS[m: [32menabled[m
- [37mCONFIG_UTS_NS[m: [32menabled[m
- [37mCONFIG_CGROUPS[m: [32menabled[m
- [37mCONFIG_CGROUP_CPUACCT[m: [32menabled[m
- [37mCONFIG_CGROUP_DEVICE[m: [32menabled[m
- [37mCONFIG_CGROUP_FREEZER[m: [32menabled[m
- [37mCONFIG_CGROUP_SCHED[m: [32menabled[m
- [37mCONFIG_CPUSETS[m: [32menabled[m
- [37mCONFIG_MEMCG[m: [32menabled[m
- [37mCONFIG_KEYS[m: [32menabled[m
- [37mCONFIG_VETH[m: [32menabled[m
- [37mCONFIG_BRIDGE[m: [32menabled[m
- [37mCONFIG_BRIDGE_NETFILTER[m: [32menabled[m
- [37mCONFIG_NF_NAT_IPV4[m: [32menabled[m
- [37mCONFIG_IP_NF_FILTER[m: [32menabled[m
- [37mCONFIG_IP_NF_TARGET_MASQUERADE[m: [32menabled[m
- [37mCONFIG_NETFILTER_XT_MATCH_ADDRTYPE[m: [32menabled[m
- [37mCONFIG_NETFILTER_XT_MATCH_CONNTRACK[m: [32menabled[m
- [37mCONFIG_NETFILTER_XT_MATCH_IPVS[m: [32menabled[m
- [37mCONFIG_IP_NF_NAT[m: [32menabled[m
- [37mCONFIG_NF_NAT[m: [32menabled[m
- [37mCONFIG_NF_NAT_NEEDED[m: [32menabled[m
- [37mCONFIG_POSIX_MQUEUE[m: [32menabled[m

Optional Features:
- [37mCONFIG_USER_NS[m: [32menabled[m
- [37mCONFIG_SECCOMP[m: [32menabled[m
- [37mCONFIG_CGROUP_PIDS[m: [32menabled[m
- [37mCONFIG_MEMCG_SWAP[m: [32menabled[m
- [37mCONFIG_MEMCG_SWAP_ENABLED[m: [32menabled[m
    [1;30m(cgroup swap accounting is currently enabled)[m
- [1mCONFIG_LEGACY_VSYSCALL_NONE[m: [1;31menabled[m
    [1;30m(containers using eglibc <= 2.13 will not work. Switch to[m
    [1;30m "CONFIG_VSYSCALL_[NATIVE|EMULATE]" or use "vsyscall=[native|emulate]"[m
    [1;30m on kernel command line. Note that this will disable ASLR for the,[m
    [1;30m VDSO which may assist in exploiting security vulnerabilities.)[m
- [37mCONFIG_BLK_CGROUP[m: [32menabled[m
- [37mCONFIG_BLK_DEV_THROTTLING[m: [32menabled[m
- [37mCONFIG_IOSCHED_CFQ[m: [32menabled[m
- [37mCONFIG_CFQ_GROUP_IOSCHED[m: [32menabled[m
- [37mCONFIG_CGROUP_PERF[m: [32menabled[m
- [37mCONFIG_CGROUP_HUGETLB[m: [32menabled[m
- [37mCONFIG_NET_CLS_CGROUP[m: [32menabled[m
- [37mCONFIG_CGROUP_NET_PRIO[m: [32menabled[m
- [37mCONFIG_CFS_BANDWIDTH[m: [32menabled[m
- [37mCONFIG_FAIR_GROUP_SCHED[m: [32menabled[m
- [37mCONFIG_RT_GROUP_SCHED[m: [32menabled[m
- [37mCONFIG_IP_VS[m: [32menabled[m
- [37mCONFIG_IP_VS_NFCT[m: [32menabled[m
- [37mCONFIG_IP_VS_RR[m: [32menabled[m
- [37mCONFIG_EXT4_FS[m: [32menabled[m
- [37mCONFIG_EXT4_FS_POSIX_ACL[m: [32menabled[m
- [37mCONFIG_EXT4_FS_SECURITY[m: [32menabled[m
- Network Drivers:
  - "[34moverlay[m":
    - [37mCONFIG_VXLAN[m: [32menabled[m
      Optional (for encrypted networks):
      - [37mCONFIG_CRYPTO[m: [32menabled[m
      - [37mCONFIG_CRYPTO_AEAD[m: [32menabled[m
      - [37mCONFIG_CRYPTO_GCM[m: [32menabled[m
      - [37mCONFIG_CRYPTO_SEQIV[m: [32menabled[m
      - [37mCONFIG_CRYPTO_GHASH[m: [32menabled[m
      - [37mCONFIG_XFRM[m: [32menabled[m
      - [37mCONFIG_XFRM_USER[m: [32menabled (as module)[m
      - [37mCONFIG_XFRM_ALGO[m: [32menabled (as module)[m
      - [37mCONFIG_INET_ESP[m: [32menabled (as module)[m
      - [37mCONFIG_INET_XFRM_MODE_TRANSPORT[m: [32menabled (as module)[m
  - "[34mipvlan[m":
    - [37mCONFIG_IPVLAN[m: [32menabled[m
  - "[34mmacvlan[m":
    - [37mCONFIG_MACVLAN[m: [32menabled[m
    - [37mCONFIG_DUMMY[m: [32menabled (as module)[m
  - "[34mftp,tftp client in container[m":
    - [37mCONFIG_NF_NAT_FTP[m: [32menabled[m
    - [37mCONFIG_NF_CONNTRACK_FTP[m: [32menabled[m
    - [37mCONFIG_NF_NAT_TFTP[m: [32menabled[m
    - [37mCONFIG_NF_CONNTRACK_TFTP[m: [32menabled[m
- Storage Drivers:
  - "[34maufs[m":
    - [1mCONFIG_AUFS_FS[m: [1;31mmissing[m
  - "[34mbtrfs[m":
    - [37mCONFIG_BTRFS_FS[m: [32menabled (as module)[m
    - [37mCONFIG_BTRFS_FS_POSIX_ACL[m: [32menabled[m
  - "[34mdevicemapper[m":
    - [37mCONFIG_BLK_DEV_DM[m: [32menabled[m
    - [37mCONFIG_DM_THIN_PROVISIONING[m: [32menabled[m
  - "[34moverlay[m":
    - [37mCONFIG_OVERLAY_FS[m: [32menabled[m
  - "[34mzfs[m":
    - [1m/dev/zfs[m: [1;31mmissing[m
    - [1mzfs command[m: [1;31mmissing[m
    - [1mzpool command[m: [1;31mmissing[m

Limits:
[37m- /proc/sys/kernel/keys/root_maxkeys[m: [32m1000000[m

Kernel config test suite PASSED
[2018-01-19 16:14.20] Tests passed!
[2018-01-19 16:14.20] Removing test VM...
[2018-01-19 16:14.20] Running "/gcloud/destroy.py" "linuxkit-ci-1"
INFO:root:Destroying VM
INFO:oauth2client.transport:Attempting refresh to obtain initial access_token
INFO:oauth2client.client:Refreshing access_token
INFO:root:Waiting for zone operation to finish
INFO:root:Operation in progress... waiting...
INFO:root:Operation in progress... waiting...
INFO:root:Operation in progress... waiting...
INFO:root:Operation in progress... waiting...
INFO:root:Operation in progress... waiting...
INFO:root:Operation in progress... waiting...
[2018-01-19 16:14.54] Success
