=== Test LinuxKit on GCP
[2017-05-08 09:49.38] Starting...
INFO:root:Connecting to storage
INFO:root:Getting bucket
INFO:root:Uploading /build-cache/89e96f05a98c5cf978cba4d5bacfb1e38eefa09b7d74ad387897950ccaca0c06 -> linuxkit-ci-1.tar.gz
INFO:root:Removing old image
INFO:oauth2client.transport:Attempting refresh to obtain initial access_token
INFO:oauth2client.client:Refreshing access_token
INFO:root:Waiting for global operation to finish
INFO:root:Operation in progress... waiting...
INFO:root:Creating image: {'name': 'linuxkit-ci-1-test-image', 'rawDisk': {'source': u'https://www.googleapis.com/storage/v1/b/linuxkit-gcp-test-bucket/o/linuxkit-ci-1.tar.gz'}}
INFO:root:Waiting for global operation to finish
INFO:root:Operation in progress... waiting...
INFO:root:Operation in progress... waiting...
INFO:root:Operation in progress... waiting...
INFO:root:Operation in progress... waiting...
INFO:root:Operation in progress... waiting...
INFO:root:Operation in progress... waiting...
INFO:root:Operation in progress... waiting...
INFO:root:Operation in progress... waiting...
INFO:root:Operation in progress... waiting...
INFO:root:Creating VM
INFO:root:Error getting serial output (resourceNotReady): The resource 'projects/moby-datakit-ci/zones/europe-west1-b/instances/linuxkit-ci-1' is not ready
INFO:root:Error getting serial output (resourceNotReady): The resource 'projects/moby-datakit-ci/zones/europe-west1-b/instances/linuxkit-ci-1' is not ready
INFO:root:Error getting serial output (resourceNotReady): The resource 'projects/moby-datakit-ci/zones/europe-west1-b/instances/linuxkit-ci-1' is not ready
INFO:root:Error getting serial output (resourceNotReady): The resource 'projects/moby-datakit-ci/zones/europe-west1-b/instances/linuxkit-ci-1' is not ready
INFO:root:Error getting serial output (resourceNotReady): The resource 'projects/moby-datakit-ci/zones/europe-west1-b/instances/linuxkit-ci-1' is not ready
INFO:root:Error getting serial output (resourceNotReady): The resource 'projects/moby-datakit-ci/zones/europe-west1-b/instances/linuxkit-ci-1' is not ready
INFO:root:Error getting serial output (resourceNotReady): The resource 'projects/moby-datakit-ci/zones/europe-west1-b/instances/linuxkit-ci-1' is not ready
INFO:root:Error getting serial output (resourceNotReady): The resource 'projects/moby-datakit-ci/zones/europe-west1-b/instances/linuxkit-ci-1' is not ready
INFO:root:Error getting serial output (resourceNotReady): The resource 'projects/moby-datakit-ci/zones/europe-west1-b/instances/linuxkit-ci-1' is not ready
INFO:root:Error getting serial output (resourceNotReady): The resource 'projects/moby-datakit-ci/zones/europe-west1-b/instances/linuxkit-ci-1' is not ready
INFO:root:Error getting serial output (resourceNotReady): The resource 'projects/moby-datakit-ci/zones/europe-west1-b/instances/linuxkit-ci-1' is not ready
SeaBIOS (version 1.8.2-20161003_105447-google)
Total RAM Size = 0x00000000f0000000 = 3840 MiB
CPUs found: 1     Max CPUs supported: 1
found virtio-scsi at 0:3
virtio-scsi vendor='Google' product='PersistentDisk' rev='1' type=0 removable=0
virtio-scsi blksize=512 sectors=2097152 = 1024 MiB
drive 0x000f31a0: PCHS=0/0/0 translation=lba LCHS=1024/32/63 s=2097152
Booting from Hard Disk 0...
[    0.000000] Linux version 4.9.26-linuxkit (root@84baa8e89c00) (gcc version 6.2.1 20160822 (Alpine 6.2.1) ) #1 SMP Thu May 4 10:25:44 UTC 2017
[    0.000000] Command line: BOOT_IMAGE=/kernel console=ttyS0 initrd=/initrd.img
[    0.000000] x86/fpu: Supporting XSAVE feature 0x001: 'x87 floating point registers'
[    0.000000] x86/fpu: Supporting XSAVE feature 0x002: 'SSE registers'
[    0.000000] x86/fpu: Supporting XSAVE feature 0x004: 'AVX registers'
[    0.000000] x86/fpu: xstate_offset[2]:  576, xstate_sizes[2]:  256
[    0.000000] x86/fpu: Enabled xstate features 0x7, context size is 832 bytes, using 'standard' format.
[    0.000000] x86/fpu: Using 'eager' FPU context switches.
[    0.000000] e820: BIOS-provided physical RAM map:
[    0.000000] BIOS-e820: [mem 0x0000000000000000-0x000000000009fbff] usable
[    0.000000] BIOS-e820: [mem 0x000000000009fc00-0x000000000009ffff] reserved
[    0.000000] BIOS-e820: [mem 0x00000000000f0000-0x00000000000fffff] reserved
[    0.000000] BIOS-e820: [mem 0x0000000000100000-0x00000000bfffcfff] usable
[    0.000000] BIOS-e820: [mem 0x00000000bfffd000-0x00000000bfffffff] reserved
[    0.000000] BIOS-e820: [mem 0x00000000fffbc000-0x00000000ffffffff] reserved
[    0.000000] BIOS-e820: [mem 0x0000000100000000-0x000000012fffffff] usable
[    0.000000] NX (Execute Disable) protection: active
[    0.000000] SMBIOS 2.4 present.
[    0.000000] Hypervisor detected: KVM
[    0.000000] e820: last_pfn = 0x130000 max_arch_pfn = 0x400000000
[    0.000000] x86/PAT: Configuration [0-7]: WB  WC  UC- UC  WB  WC  UC- WT  
[    0.000000] e820: last_pfn = 0xbfffd max_arch_pfn = 0x400000000
[    0.000000] found SMP MP-table at [mem 0x000f33f0-0x000f33ff] mapped at [ffff8be9800f33f0]
[    0.000000] Using GB pages for direct mapping
[    0.000000] RAMDISK: [mem 0x7e00a000-0x7fffffff]
[    0.000000] ACPI: Early table checksum verification disabled
[    0.000000] ACPI: RSDP 0x00000000000F31E0 000014 (v00 Google)
[    0.000000] ACPI: RSDT 0x00000000BFFFDF60 000034 (v01 Google GOOGRSDT 00000001 GOOG 00000001)
[    0.000000] ACPI: FACP 0x00000000BFFFFF00 0000F4 (v02 Google GOOGFACP 00000001 GOOG 00000001)
[    0.000000] ACPI: DSDT 0x00000000BFFFDFA0 0015A3 (v01 Google GOOGDSDT 00000001 GOOG 00000001)
[    0.000000] ACPI: FACS 0x00000000BFFFFEC0 000040
[    0.000000] ACPI: FACS 0x00000000BFFFFEC0 000040
[    0.000000] ACPI: SSDT 0x00000000BFFFF670 000843 (v01 Google GOOGSSDT 00000001 GOOG 00000001)
[    0.000000] ACPI: APIC 0x00000000BFFFF580 00006E (v01 Google GOOGAPIC 00000001 GOOG 00000001)
[    0.000000] ACPI: WAET 0x00000000BFFFF550 000028 (v01 Google GOOGWAET 00000001 GOOG 00000001)
[    0.000000] kvm-clock: Using msrs 4b564d01 and 4b564d00
[    0.000000] kvm-clock: cpu 0, msr 1:2fffc001, primary cpu clock
[    0.000000] kvm-clock: using sched offset of 1950363655 cycles
[    0.000000] clocksource: kvm-clock: mask: 0xffffffffffffffff max_cycles: 0x1cd42e4dffb, max_idle_ns: 881590591483 ns
[    0.000000] Zone ranges:
[    0.000000]   DMA      [mem 0x0000000000001000-0x0000000000ffffff]
[    0.000000]   DMA32    [mem 0x0000000001000000-0x00000000ffffffff]
[    0.000000]   Normal   [mem 0x0000000100000000-0x000000012fffffff]
[    0.000000] Movable zone start for each node
[    0.000000] Early memory node ranges
[    0.000000]   node   0: [mem 0x0000000000001000-0x000000000009efff]
[    0.000000]   node   0: [mem 0x0000000000100000-0x00000000bfffcfff]
[    0.000000]   node   0: [mem 0x0000000100000000-0x000000012fffffff]
[    0.000000] Initmem setup node 0 [mem 0x0000000000001000-0x000000012fffffff]
[    0.000000] ACPI: PM-Timer IO Port: 0xb008
[    0.000000] ACPI: LAPIC_NMI (acpi_id[0xff] dfl dfl lint[0x1])
[    0.000000] IOAPIC[0]: apic_id 0, version 17, address 0xfec00000, GSI 0-23
[    0.000000] ACPI: INT_SRC_OVR (bus 0 bus_irq 5 global_irq 5 high level)
[    0.000000] ACPI: INT_SRC_OVR (bus 0 bus_irq 9 global_irq 9 high level)
[    0.000000] ACPI: INT_SRC_OVR (bus 0 bus_irq 10 global_irq 10 high level)
[    0.000000] ACPI: INT_SRC_OVR (bus 0 bus_irq 11 global_irq 11 high level)
[    0.000000] Using ACPI (MADT) for SMP configuration information
[    0.000000] smpboot: Allowing 1 CPUs, 0 hotplug CPUs
[    0.000000] e820: [mem 0xc0000000-0xfffbbfff] available for PCI devices
[    0.000000] Booting paravirtualized kernel on KVM
[    0.000000] clocksource: refined-jiffies: mask: 0xffffffff max_cycles: 0xffffffff, max_idle_ns: 19112604462750000 ns
[    0.000000] setup_percpu: NR_CPUS:128 nr_cpumask_bits:128 nr_cpu_ids:1 nr_node_ids:1
[    0.000000] percpu: Embedded 35 pages/cpu @ffff8beaafc00000 s105240 r8192 d29928 u2097152
[    0.000000] Built 1 zonelists in Zone order, mobility grouping on.  Total pages: 967558
[    0.000000] Kernel command line: BOOT_IMAGE=/kernel console=ttyS0 initrd=/initrd.img
[    0.000000] PID hash table entries: 4096 (order: 3, 32768 bytes)
[    0.000000] Dentry cache hash table entries: 524288 (order: 10, 4194304 bytes)
[    0.000000] Inode-cache hash table entries: 262144 (order: 9, 2097152 bytes)
[    0.000000] Memory: 3747124K/3931756K available (9406K kernel code, 1592K rwdata, 3084K rodata, 1456K init, 604K bss, 184632K reserved, 0K cma-reserved)
[    0.000000] Hierarchical RCU implementation.
[    0.000000] 	Build-time adjustment of leaf fanout to 64.
[    0.000000] 	RCU restricting CPUs from NR_CPUS=128 to nr_cpu_ids=1.
[    0.000000] RCU: Adjusting geometry for rcu_fanout_leaf=64, nr_cpu_ids=1
[    0.000000] NR_IRQS:8448 nr_irqs:256 16
[    0.000000] Console: colour *CGA 80x25
[    0.000000] console [ttyS0] enabled
[    0.000000] tsc: Detected 2600.000 MHz processor
[    0.159490] Calibrating delay loop (skipped) preset value.. 5200.00 BogoMIPS (lpj=26000000)
[    0.160638] pid_max: default: 32768 minimum: 301
[    0.161289] ACPI: Core revision 20160831
[    0.162966] ACPI: 2 ACPI AML tables successfully acquired and loaded
[    0.163971] Security Framework initialized
[    0.164535] Yama: becoming mindful.
[    0.165121] Mount-cache hash table entries: 8192 (order: 4, 65536 bytes)
[    0.166199] Mountpoint-cache hash table entries: 8192 (order: 4, 65536 bytes)
[    0.167440] CPU: Physical Processor ID: 0
[    0.167998] CPU: Processor Core ID: 0
[    0.168626] Last level iTLB entries: 4KB 512, 2MB 8, 4MB 8
[    0.169503] Last level dTLB entries: 4KB 512, 2MB 32, 4MB 32, 1GB 0
[    0.180003] Freeing SMP alternatives memory: 24K (ffffffff950fc000 - ffffffff95102000)
[    0.183034] ftrace: allocating 41520 entries in 163 pages
[    0.225206] smpboot: Max logical packages: 1
[    0.228369] ..TIMER: vector=0x30 apic1=0 pin1=0 apic2=-1 pin2=-1
[    0.348860] smpboot: CPU0: Intel(R) Xeon(R) CPU @ 2.60GHz (family: 0x6, model: 0x2d, stepping: 0x7)
[    0.350297] Performance Events: unsupported p6 CPU model 45 no PMU driver, software events only.
[    0.352444] x86: Booted up 1 node, 1 CPUs
[    0.353021] smpboot: Total of 1 processors activated (5200.00 BogoMIPS)
[    0.354732] devtmpfs: initialized
[    0.355288] x86/mm: Memory block size: 128MB
[    0.358430] clocksource: jiffies: mask: 0xffffffff max_cycles: 0xffffffff, max_idle_ns: 19112604462750000 ns
[    0.359931] futex hash table entries: 256 (order: 2, 16384 bytes)
[    0.360906] NET: Registered protocol family 16
[    0.361687] cpuidle: using governor ladder
[    0.362271] cpuidle: using governor menu
[    0.362863] ACPI: bus type PCI registered
[    0.363547] PCI: Using configuration type 1 for base access
[    0.366068] HugeTLB registered 1 GB page size, pre-allocated 0 pages
[    0.367064] HugeTLB registered 2 MB page size, pre-allocated 0 pages
[    0.368097] ACPI: Added _OSI(Module Device)
[    0.368883] ACPI: Added _OSI(Processor Device)
[    0.369510] ACPI: Added _OSI(3.0 _SCP Extensions)
[    0.370169] ACPI: Added _OSI(Processor Aggregator Device)
[    0.371473] ACPI: Executed 2 blocks of module-level executable AML code
[    0.373560] ACPI: Interpreter enabled
[    0.374288] ACPI: (supports S0 S5)
[    0.374762] ACPI: Using IOAPIC for interrupt routing
[    0.375465] PCI: Using host bridge windows from ACPI; if necessary, use "pci=nocrs" and report a bug
[    0.378773] ACPI: PCI Root Bridge [PCI0] (domain 0000 [bus 00-ff])
[    0.379750] acpi PNP0A03:00: _OSC: OS supports [ASPM ClockPM Segments MSI]
[    0.380677] acpi PNP0A03:00: _OSC failed (AE_NOT_FOUND); disabling ASPM
[    0.381565] acpi PNP0A03:00: fail to add MMCONFIG information, can't access extended PCI configuration space under this bridge.
[    0.383158] PCI host bridge to bus 0000:00
[    0.383744] pci_bus 0000:00: root bus resource [io  0x0000-0x0cf7 window]
[    0.384651] pci_bus 0000:00: root bus resource [io  0x0d00-0xffff window]
[    0.385728] pci_bus 0000:00: root bus resource [mem 0x000a0000-0x000bffff window]
[    0.386725] pci_bus 0000:00: root bus resource [mem 0xc0000000-0xfebfffff window]
[    0.387722] pci_bus 0000:00: root bus resource [bus 00-ff]
[    0.413606] pci 0000:00:01.3: quirk: [io  0xb000-0xb03f] claimed by PIIX4 ACPI
[    0.456891] ACPI: PCI Interrupt Link [LNKA] (IRQs 5 *10 11)
[    0.459080] ACPI: PCI Interrupt Link [LNKB] (IRQs 5 *10 11)
[    0.461112] ACPI: PCI Interrupt Link [LNKC] (IRQs 5 10 *11)
[    0.463954] ACPI: PCI Interrupt Link [LNKD] (IRQs 5 10 *11)
[    0.466210] ACPI: PCI Interrupt Link [LNKS] (IRQs *9)
[    0.467601] ACPI: Enabled 16 GPEs in block 00 to 0F
[    0.468856] SCSI subsystem initialized
[    0.469737] pps_core: LinuxPPS API ver. 1 registered
[    0.470695] pps_core: Software ver. 5.3.6 - Copyright 2005-2007 Rodolfo Giometti <giometti@linux.it>
[    0.472270] PTP clock support registered
[    0.473341] wmi: Mapper loaded
[    0.473919] PCI: Using ACPI for IRQ routing
[    0.474967] NetLabel: Initializing
[    0.475606] NetLabel:  domain hash size = 128
[    0.476352] NetLabel:  protocols = UNLABELED CIPSOv4
[    0.477342] NetLabel:  unlabeled traffic allowed by default
[    0.478268] clocksource: Switched to clocksource kvm-clock
[    0.492884] VFS: Disk quotas dquot_6.6.0
[    0.493868] VFS: Dquot-cache hash table entries: 512 (order 0, 4096 bytes)
[    0.495618] FS-Cache: Loaded
[    0.496153] CacheFiles: Loaded
[    0.496764] pnp: PnP ACPI init
[    0.497931] pnp: PnP ACPI: found 7 devices
[    0.504505] clocksource: acpi_pm: mask: 0xffffff max_cycles: 0xffffff, max_idle_ns: 2085701024 ns
[    0.506071] NET: Registered protocol family 2
[    0.507010] TCP established hash table entries: 32768 (order: 6, 262144 bytes)
[    0.508830] TCP bind hash table entries: 32768 (order: 7, 524288 bytes)
[    0.510030] TCP: Hash tables configured (established 32768 bind 32768)
[    0.510978] UDP hash table entries: 2048 (order: 4, 65536 bytes)
[    0.511886] UDP-Lite hash table entries: 2048 (order: 4, 65536 bytes)
[    0.513376] NET: Registered protocol family 1
[    0.514272] RPC: Registered named UNIX socket transport module.
[    0.515431] RPC: Registered udp transport module.
[    0.516161] RPC: Registered tcp transport module.
[    0.516914] RPC: Registered tcp NFSv4.1 backchannel transport module.
[    0.518132] pci 0000:00:00.0: Limiting direct PCI/PCI transfers
[    0.519482] Unpacking initramfs...
[    1.033105] Freeing initrd memory: 32728K (ffff8be9fe00a000 - ffff8bea00000000)
[    1.034264] PCI-DMA: Using software bounce buffering for IO (SWIOTLB)
[    1.035158] software IO TLB [mem 0xbbffd000-0xbfffd000] (64MB) mapped at [ffff8bea3bffd000-ffff8bea3fffcfff]
[    1.037263] RAPL PMU: API unit is 2^-32 Joules, 3 fixed counters, 10737418240 ms ovfl timer
[    1.038659] RAPL PMU: hw unit of domain pp0-core 2^-0 Joules
[    1.040867] RAPL PMU: hw unit of domain package 2^-0 Joules
[    1.041683] RAPL PMU: hw unit of domain dram 2^-0 Joules
[    1.043559] AVX2 or AES-NI instructions are not detected.
[    1.044522] AVX2 instructions are not detected.
[    1.045814] audit: initializing netlink subsys (disabled)
[    1.046736] audit: type=2000 audit(1494237061.898:1): initialized
[    1.047924] workingset: timestamp_bits=46 max_order=20 bucket_order=0
[    1.049065] FS-Cache: Netfs 'nfs' registered for caching
[    1.049989] NFS: Registering the id_resolver key type
[    1.050687] Key type id_resolver registered
[    1.051277] Key type id_legacy registered
[    1.051872] nfs4filelayout_init: NFSv4 File Layout Driver Registering...
[    1.053199] Installing knfsd (copyright (C) 1996 okir@monad.swb.de).
[    1.054225] FS-Cache: Netfs 'cifs' registered for caching
[    1.055020] ntfs: driver 2.1.32 [Flags: R/O].
[    1.055716] fuse init (API version 7.26)
[    1.056363] SGI XFS with ACLs, security attributes, no debug enabled
[    1.057435] 9p: Installing v9fs 9p2000 file system support
[    1.058205] FS-Cache: Netfs '9p' registered for caching
[    1.060066] NET: Registered protocol family 38
[    1.060819] Key type asymmetric registered
[    1.061381] Asymmetric key parser 'x509' registered
[    1.062168] Block layer SCSI generic (bsg) driver version 0.4 loaded (major 251)
[    1.063209] io scheduler noop registered
[    1.063841] io scheduler deadline registered (default)
[    1.064595] io scheduler cfq registered
[    1.065290] pci_hotplug: PCI Hot Plug PCI Core version: 0.5
[    1.066157] pciehp: PCI Express Hot Plug Controller Driver version: 0.4
[    1.067090] shpchp: Standard Hot Plug PCI Controller Driver version: 0.4
[    1.068000] hv_vmbus: registering driver hyperv_fb
[    1.069000] input: Power Button as /devices/LNXSYSTM:00/LNXPWRBN:00/input/input0
[    1.070167] ACPI: Power Button [PWRF]
[    1.070766] input: Sleep Button as /devices/LNXSYSTM:00/LNXSLPBN:00/input/input1
[    1.071938] ACPI: Sleep Button [SLPF]
[    1.072739] GHES: HEST is not enabled!
[    1.075657] ACPI: PCI Interrupt Link [LNKC] enabled at IRQ 11
[    1.077350] virtio-pci 0000:00:03.0: virtio_pci: leaving for legacy driver
[    1.081760] ACPI: PCI Interrupt Link [LNKD] enabled at IRQ 10
[    1.082847] virtio-pci 0000:00:04.0: virtio_pci: leaving for legacy driver
[    1.087453] xenfs: not registering filesystem on non-xen platform
[    1.088837] Serial: 8250/16550 driver, 4 ports, IRQ sharing disabled
[    1.111391] 00:03: ttyS0 at I/O 0x3f8 (irq = 4, base_baud = 115200) is a 16550A
[    1.134529] 00:04: ttyS1 at I/O 0x2f8 (irq = 3, base_baud = 115200) is a 16550A
[    1.157731] 00:05: ttyS2 at I/O 0x3e8 (irq = 6, base_baud = 115200) is a 16550A
[    1.181367] 00:06: ttyS3 at I/O 0x2e8 (irq = 7, base_baud = 115200) is a 16550A
[    1.183309] Initializing Nozomi driver 2.1d
[    1.184507] Non-volatile memory driver v1.3
[    1.185499] Hangcheck: starting hangcheck timer 0.9.1 (tick is 180 seconds, margin is 60 seconds).
[    1.189549] loop: module loaded
[    1.191462] nbd: registered device at major 43
[    1.201156] scsi host0: Virtio SCSI HBA
[    1.203719] scsi 0:0:1:0: Direct-Access     Google   PersistentDisk   1    PQ: 0 ANSI: 6
[    1.218987] random: fast init done
[    1.221058] VMware PVSCSI driver - version 1.0.7.0-k
[    1.222287] hv_vmbus: registering driver hv_storvsc
[    1.223572] sd 0:0:1:0: [sda] 2097152 512-byte logical blocks: (1.07 GB/1.00 GiB)
[    1.225210] sd 0:0:1:0: [sda] 4096-byte physical blocks
[    1.226251] sd 0:0:1:0: Attached scsi generic sg0 type 0
[    1.227725] sd 0:0:1:0: [sda] Write Protect is off
[    1.230207] Ethernet Channel Bonding Driver: v3.7.1 (April 27, 2011)
[    1.232004] sd 0:0:1:0: [sda] Write cache: enabled, read cache: enabled, doesn't support DPO or FUA
[    1.233843] tun: Universal TUN/TAP device driver, 1.6
[    1.234804] tun: (C) 1999-2004 Max Krasnyansky <maxk@qualcomm.com>
[    1.306569]  sda: sda1
[    1.307510] ena: Elastic Network Adapter (ENA) v1.0.2
[    1.308924] e1000: Intel(R) PRO/1000 Network Driver - version 7.3.21-k8-NAPI
[    1.310269] e1000: Copyright (c) 1999-2006 Intel Corporation.
[    1.311345] e1000e: Intel(R) PRO/1000 Network Driver - 3.2.6-k
[    1.312601] e1000e: Copyright(c) 1999 - 2015 Intel Corporation.
[    1.314049] igb: Intel(R) Gigabit Ethernet Network Driver - version 5.4.0-k
[    1.315791] igb: Copyright (c) 2007-2014 Intel Corporation.
[    1.317091] igbvf: Intel(R) Gigabit Virtual Function Network Driver - version 2.4.0-k
[    1.318708] igbvf: Copyright (c) 2009 - 2012 Intel Corporation.
[    1.319918] sd 0:0:1:0: [sda] Attached SCSI disk
[    1.320995] ixgbe: Intel(R) 10 Gigabit PCI Express Network Driver - version 4.4.0-k
[    1.322662] ixgbe: Copyright (c) 1999-2016 Intel Corporation.
[    1.323985] ixgbevf: Intel(R) 10 Gigabit PCI Express Virtual Function Network Driver - version 3.2.2-k
[    1.326157] ixgbevf: Copyright (c) 2009 - 2015 Intel Corporation.
[    1.327601] ixgb: Intel(R) PRO/10GbE Network Driver - version 1.0.135-k2-NAPI
[    1.329327] ixgb: Copyright (c) 1999-2008 Intel Corporation.
[    1.330538] PPP generic driver version 2.4.2
[    1.331555] PPP BSD Compression module registered
[    1.332576] PPP Deflate Compression module registered
[    1.333539] PPP MPPE Compression module registered
[    1.334621] NET: Registered protocol family 24
[    1.335775] PPTP driver version 0.8.5
[    1.336543] VMware vmxnet3 virtual NIC driver - version 1.4.a.0-k-NAPI
[    1.338049] hv_vmbus: registering driver hv_netvsc
[    1.339314] Fusion MPT base driver 3.04.20
[    1.340236] Copyright (c) 1999-2008 LSI Corporation
[    1.341231] Fusion MPT SPI Host driver 3.04.20
[    1.342505] aoe: AoE v85 initialised.
[    1.343398] i8042: PNP: PS/2 Controller [PNP0303:KBD,PNP0f13:MOU] at 0x60,0x64 irq 1,12
[    1.345259] i8042: Warning: Keylock active
[    1.346844] serio: i8042 KBD port at 0x60,0x64 irq 1
[    1.348003] serio: i8042 AUX port at 0x60,0x64 irq 12
[    1.349025] hv_vmbus: registering driver hyperv_keyboard
[    1.349830] mousedev: PS/2 mouse device common for all mice
[    1.351405] input: PC Speaker as /devices/platform/pcspkr/input/input3
[    1.352984] rtc_cmos 00:00: RTC can wake from S4
[    1.354319] rtc_cmos 00:00: rtc core: registered rtc_cmos as rtc0
[    1.355885] rtc_cmos 00:00: alarms up to one day, 114 bytes nvram
[    1.357440] i2c /dev entries driver
[    1.358476] device-mapper: ioctl: 4.35.0-ioctl (2016-06-23) initialised: dm-devel@redhat.com
[    1.360394] hv_utils: Registering HyperV Utility Driver
[    1.361521] hv_vmbus: registering driver hv_util
[    1.362344] hv_vmbus: registering driver hv_balloon
[    1.363499] oprofile: using timer interrupt.
[    1.364536] GACT probability on
[    1.365173] Mirror/redirect action on
[    1.366093] Simple TC action Loaded
[    1.367014] netem: version 1.3
[    1.367837] u32 classifier
[    1.368543]     Performance counters on
[    1.369522]     input device check on
[    1.370410]     Actions configured
[    1.371268] Netfilter messages via NETLINK v0.30.
[    1.372212] nfnl_acct: registering with nfnetlink.
[    1.373079] nf_conntrack version 0.5.0 (16384 buckets, 65536 max)
[    1.374704] ctnetlink v0.93: registering with nfnetlink.
[    1.376069] nf_tables: (c) 2007-2009 Patrick McHardy <kaber@trash.net>
[    1.377730] nf_tables_compat: (c) 2012 Pablo Neira Ayuso <pablo@netfilter.org>
[    1.379280] xt_time: kernel timezone is -0000
[    1.380426] ip_set: protocol 6
[    1.380858] IPVS: Registered protocols (TCP, UDP, SCTP, AH, ESP)
[    1.381981] IPVS: Connection hash table configured (size=4096, memory=64Kbytes)
[    1.383794] IPVS: Creating netns size=2104 id=0
[    1.384938] IPVS: ipvs loaded.
[    1.385645] IPVS: [rr] scheduler registered.
[    1.386754] IPVS: [wrr] scheduler registered.
[    1.387828] IPVS: [lc] scheduler registered.
[    1.388782] IPVS: [wlc] scheduler registered.
[    1.389684] IPVS: [fo] scheduler registered.
[    1.390697] IPVS: [ovf] scheduler registered.
[    1.391714] IPVS: [lblc] scheduler registered.
[    1.392790] IPVS: [lblcr] scheduler registered.
[    1.393492] IPVS: [dh] scheduler registered.
[    1.394169] IPVS: [sh] scheduler registered.
[    1.395244] IPVS: [sed] scheduler registered.
[    1.396240] IPVS: [nq] scheduler registered.
[    1.397227] IPVS: ftp: loaded support on port[0] = 21
[    1.398393] ipip: IPv4 and MPLS over IPv4 tunneling driver
[    1.399895] gre: GRE over IPv4 demultiplexor driver
[    1.401188] ip_gre: GRE over IPv4 tunneling driver
[    1.402511] IPv4 over IPsec tunneling driver
[    1.403722] ip_tables: (C) 2000-2006 Netfilter Core Team
[    1.404861] ipt_CLUSTERIP: ClusterIP Version 0.8 loaded successfully
[    1.406376] arp_tables: arp_tables: (C) 2002 David S. Miller
[    1.407646] Initializing XFRM netlink socket
[    1.408760] NET: Registered protocol family 10
[    1.410145] mip6: Mobile IPv6
[    1.410870] ip6_tables: (C) 2000-2006 Netfilter Core Team
[    1.412077] sit: IPv6, IPv4 and MPLS over IPv4 tunneling driver
[    1.413225] ip6_gre: GRE over IPv6 tunneling driver
[    1.414256] NET: Registered protocol family 17
[    1.415388] NET: Registered protocol family 15
[    1.416498] Bridge firewalling registered
[    1.417573] Ebtables v2.0 registered
[    1.418841] l2tp_core: L2TP core driver, V2.0
[    1.419924] l2tp_ppp: PPPoL2TP kernel driver, V2.0
[    1.421190] 8021q: 802.1Q VLAN Support v1.8
[    1.422028] 9pnet: Installing 9P2000 support
[    1.423092] Key type dns_resolver registered
[    1.424154] openvswitch: Open vSwitch switching datapath
[    1.425388] mpls_gso: MPLS GSO support
[    1.426214] microcode: sig=0x206d7, pf=0x1, revision=0x1
[    1.427507] microcode: Microcode Update Driver: v2.01 <tigran@aivazian.fsnet.co.uk>, Peter Oruba
[    1.428869] AVX version of gcm_enc/dec engaged.
[    1.429980] AES CTR mode by8 optimization enabled
[    1.431515] registered taskstats version 1
[    1.433891] Key type big_key registered
[    1.435437] Key type encrypted registered
[    1.436308] rtc_cmos 00:00: setting system clock to 2017-05-08 09:51:02 UTC (1494237062)
[    1.440526] Freeing unused kernel memory: 1456K (ffffffff94f90000 - ffffffff950fc000)
[    1.441697] Write protecting the kernel read-only data: 14336k
[    1.443000] Freeing unused kernel memory: 820K (ffff8bea32933000 - ffff8bea32a00000)
[    1.446947] Freeing unused kernel memory: 1012K (ffff8bea32d03000 - ffff8bea32e00000)
[    1.558858] input: AT Translated Set 2 keyboard as /devices/platform/i8042/serio0/input/input2

Starting containerd

Welcome to Linux
/ # [6n[34mINFO[0m[0000] starting containerd boot...                   [34mmodule[0m=containerd
[34mINFO[0m[0000] starting debug API...                         [34mdebug[0m="/run/containerd/debug.sock" [34mmodule[0m=containerd
[34mINFO[0m[0000] loading monitor plugin "cgroups"...           [34mmodule[0m=containerd
[34mINFO[0m[0000] loading runtime plugin "linux"...             [34mmodule[0m=containerd
[34mINFO[0m[0000] loading snapshot plugin "snapshot-overlay"...  [34mmodule[0m=containerd
[34mINFO[0m[0000] loading grpc service plugin "rootfs-grpc"...  [34mmodule[0m=containerd
[34mINFO[0m[0000] loading grpc service plugin "content-grpc"...  [34mmodule[0m=containerd
[34mINFO[0m[0000] loading grpc service plugin "runtime-grpc"...  [34mmodule[0m=containerd
[34mINFO[0m[0000] loading grpc service plugin "images-grpc"...  [34mmodule[0m=containerd
[34mINFO[0m[0000] loading grpc service plugin "metrics-grpc"...  [34mmodule[0m=containerd
[34mINFO[0m[0000] loading grpc service plugin "healthcheck-grpc"...  [34mmodule[0m=containerd
[34mINFO[0m[0000] starting GRPC API server...                   [34mmodule[0m=containerd
[34mINFO[0m[0000] containerd successfully booted in 0.003159s   [34mmodule[0m=containerd
eth0: waiting for carrier
eth0: eth0: MTU set to 1460
eth0: could not detect a useable init system
eth0: carrier acquired
DUID 00:01:00:01:20:a2:fc:06:42:01:0a:84:00:04
eth0: IAID 0a:84:00:04
eth0: adding address fe80::426c:403f:3e50:8f02
eth0: soliciting an IPv6 router
eth0: soliciting a DHCP lease
eth0: offered 10.132.0.4 from 169.254.169.254
eth0: leased 10.132.0.4 for 86400 seconds
eth0: adding host route to 10.132.0.1
eth0: adding default route via 10.132.0.1
exiting due to oneshot
dhcpcd exited
 - 000-dhcpcd
[    1.750527] IPVS: Creating netns size=2104 id=1
[    1.751246] IPVS: ftp: loaded support on port[0] = 21
starting kernel config sanity test with /proc/config.gz
kernel config test succeeded!
[37minfo: reading kernel config from /proc/config.gz ...[m

Generally Necessary:
- [37mcgroup hierarchy[m: [32mproperly mounted[m [/sys/fs/cgroup]
- [37mCONFIG_NAMESPACES[m: [32menabled[m
- [37mCONFIG_NET_NS[m: [32menabled[m
- [37mCONFIG_PID_NS[m: [32menabled[m
- [37mCONFIG_IPC_NS[m: [32menabled[m
- [37mCONFIG_UTS_NS[m: [32menabled[m
- [    2.068336] tsc: Refined TSC clocksource calibration: 2600.001 MHz
[    2.069299] clocksource: tsc: mask: 0xffffffffffffffff max_cycles: 0x257a3ce1c4c, max_idle_ns: 440795206275 ns
[37mCONFIG_CGROUPS[m: [32menabled[m
- [37mCONFIG_CGROUP_CPUACCT[m: [32menabled[m
- [37mCONFIG_CGROUP_DEVICE[m: [32menabled[m
- [37mCONFIG_CGROUP_FREEZER[m: [32menabled[m
- [37mCONFIG_CGROUP_SCHED[m: [32menabled[m
- [37mCONFIG_CPUSETS[m: [32menabled[m
- [37mCONFIG_MEMCG[m: [32menabled[m
- [37mCONFIG_KEYS[m: [32menabled[m
- [37mCONFIG_VETH[m: [32menabled[m
- [37mCONFIG_BRIDGE[m: [32menabled[m
- [37mCONFIG_BRIDGE_NETFILTER[m: [32menabled[m
- [37mCONFIG_NF_NAT_IPV4[m: [32menabled[m
- [37mCONFIG_IP_NF_FILTER[m: [32menabled[m
- [37mCONFIG_IP_NF_TARGET_MASQUERADE[m: [32menabled[m
- [37mCONFIG_NETFILTER_XT_MATCH_ADDRTYPE[m: [32menabled[m
- [37mCONFIG_NETFILTER_XT_MATCH_CONNTRACK[m: [32menabled[m
- [37mCONFIG_NETFILTER_XT_MATCH_IPVS[m: [32menabled[m
- [37mCONFIG_IP_NF_NAT[m: [32menabled[m
- [37mCONFIG_NF_NAT[m: [32menabled[m
- [37mCONFIG_NF_NAT_NEEDED[m: [32menabled[m
- [37mCONFIG_POSIX_MQUEUE[m: [32menabled[m

Optional Features:
- [37mCONFIG_USER_NS[m: [32menabled[m
- [37mCONFIG_SECCOMP[m: [32menabled[m
- [37mCONFIG_CGROUP_PIDS[m: [32menabled[m
- [37mCONFIG_MEMCG_SWAP[m: [32menabled[m
- [37mCONFIG_MEMCG_SWAP_ENABLED[m: [32menabled[m
    [1;30m(cgroup swap accounting is currently enabled)[m
- [1mCONFIG_LEGACY_VSYSCALL_NONE[m: [1;31menabled[m
    [1;30m(containers using eglibc <= 2.13 will not work. Switch to[m
    [1;30m "CONFIG_VSYSCALL_[NATIVE|EMULATE]" or use "vsyscall=[native|emulate]"[m
    [1;30m on kernel command line. Note that this will disable ASLR for the,[m
    [1;30m VDSO which may assist in exploiting security vulnerabilities.)[m
- [37mCONFIG_BLK_CGROUP[m: [32menabled[m
- [37mCONFIG_BLK_DEV_THROTTLING[m: [32menabled[m
- [37mCONFIG_IOSCHED_CFQ[m: [32menabled[m
- [37mCONFIG_CFQ_GROUP_IOSCHED[m: [32menabled[m
- [37mCONFIG_CGROUP_PERF[m: [32menabled[m
- [37mCONFIG_CGROUP_HUGETLB[m: [32menabled[m
- [37mCONFIG_NET_CLS_CGROUP[m: [32menabled[m
- [37mCONFIG_CGROUP_NET_PRIO[m: [32menabled[m
- [37mCONFIG_CFS_BANDWIDTH[m: [32menabled[m
- [37mCONFIG_FAIR_GROUP_SCHED[m: [32menabled[m
- [37mCONFIG_RT_GROUP_SCHED[m: [32menabled[m
- [37mCONFIG_IP_VS[m: [32menabled[m
- [37mCONFIG_IP_VS_NFCT[m: [32menabled[m
- [37mCONFIG_IP_VS_RR[m: [32menabled[m
- [37mCONFIG_EXT4_FS[m: [32menabled[m
- [37mCONFIG_EXT4_FS_POSIX_ACL[m: [32menabled[m
- [37mCONFIG_EXT4_FS_SECURITY[m: [32menabled[m
- Network Drivers:
  - "[34moverlay[m":
    - [37mCONFIG_VXLAN[m: [32menabled[m
      Optional (for encrypted networks):
      - [37mCONFIG_CRYPTO[m: [32menabled[m
      - [37mCONFIG_CRYPTO_AEAD[m: [32menabled[m
      - [37mCONFIG_CRYPTO_GCM[m: [32menabled[m
      - [37mCONFIG_CRYPTO_SEQIV[m: [32menabled[m
      - [37mCONFIG_CRYPTO_GHASH[m: [32menabled[m
      - [37mCONFIG_XFRM[m: [32menabled[m
      - [37mCONFIG_XFRM_USER[m: [32menabled[m
      - [37mCONFIG_XFRM_ALGO[m: [32menabled[m
      - [37mCONFIG_INET_ESP[m: [32menabled[m
      - [37mCONFIG_INET_XFRM_MODE_TRANSPORT[m: [32menabled[m
  - "[34mipvlan[m":
    - [37mCONFIG_IPVLAN[m: [32menabled[m
  - "[34mmacvlan[m":
    - [37mCONFIG_MACVLAN[m: [32menabled[m
    - [37mCONFIG_DUMMY[m: [32menabled[m
  - "[34mftp,tftp client in container[m":
    - [37mCONFIG_NF_NAT_FTP[m: [32menabled[m
    - [37mCONFIG_NF_CONNTRACK_FTP[m: [32menabled[m
    - [37mCONFIG_NF_NAT_TFTP[m: [32menabled[m
    - [37mCONFIG_NF_CONNTRACK_TFTP[m: [32menabled[m
- Storage Drivers:
  - "[34maufs[m":
    - [1mCONFIG_AUFS_FS[m: [1;31mmissing[m
  - "[34mbtrfs[m":
    - [37mCONFIG_BTRFS_FS[m: [32menabled (as module)[m
    - [37mCONFIG_BTRFS_FS_POSIX_ACL[m: [32menabled[m
  - "[34mdevicemapper[m":
    - [37mCONFIG_BLK_DEV_DM[m: [32menabled[m
    - [37mCONFIG_DM_THIN_PROVISIONING[m: [32menabled[m
  - "[34moverlay[m":
    - [37mCONFIG_OVERLAY_FS[m: [32menabled[m
  - "[34mzfs[m":
    - [1m/dev/zfs[m: [1;31mmissing[m
    - [1mzfs command[m: [1;31mmissing[m
    - [1mzpool command[m: [1;31mmissing[m

Limits:
[37m- /proc/sys/kernel/keys/root_maxkeys[m: [32m1000000[m

Kernel config test suite PASSED

                        ##         .
                  ## ## ##        ==
               ## ## ## ## ##    ===
           /"""""""""""""""""\___/ ===
      ~~~ {~~ ~~~~ ~~~ ~~~~ ~~~ ~ /  ===- ~~~
           \______ o           __/
             \    \         __/
              \____\_______/
 - 001-check-kernel-config
 - poweroff
[2017-05-08 09:51.04] Tests passed!
[2017-05-08 09:51.04] Removing test VM...
[2017-05-08 09:51.04] Running "/gcloud/destroy.py" "linuxkit-ci-1"
INFO:root:Destroying VM
INFO:oauth2client.transport:Attempting refresh to obtain initial access_token
INFO:oauth2client.client:Refreshing access_token
INFO:root:Waiting for zone operation to finish
INFO:root:Operation in progress... waiting...
INFO:root:Operation in progress... waiting...
INFO:root:Operation in progress... waiting...
INFO:root:Operation in progress... waiting...
INFO:root:Operation in progress... waiting...
INFO:root:Operation in progress... waiting...
INFO:root:Operation in progress... waiting...
INFO:root:Operation in progress... waiting...
[2017-05-08 09:51.48] Success
