[INFO    ] 2018-01-25T16:26:22.675862806Z: Running Test linuxkit.packages.wireguard in /tmp/build/test/cases/040_packages/023_wireguard
[INFO    ] 2018-01-25T16:26:22.675948773Z: Running command: [/bin/sh -x /tmp/build/test/cases/040_packages/023_wireguard/test.sh]
[STDERR  ] 2018-01-25T16:26:22.70191957Z: + set -e
[STDERR  ] 2018-01-25T16:26:22.701989204Z: + . /tmp/build/test/cases/_lib/lib.sh
[STDERR  ] 2018-01-25T16:26:22.702002144Z: + [ -f src/github.com/linuxkit/rtf/lib/lib.sh ]
[STDERR  ] 2018-01-25T16:26:22.702096866Z: + LINUXKIT_TMPDIR=/tmp/build/test/cases/_tmp
[STDERR  ] 2018-01-25T16:26:22.702110103Z: + [ -f /tmp/build/test/cases/_tmp/env.sh ]
[STDERR  ] 2018-01-25T16:26:22.702119223Z: + . /tmp/build/test/cases/_tmp/env.sh
[STDERR  ] 2018-01-25T16:26:22.702130435Z: + export LINUXKIT_EXAMPLES_DIR=/tmp/build/test/cases/../../examples
[STDERR  ] 2018-01-25T16:26:22.70214083Z: + RT_CANCEL=253
[STDERR  ] 2018-01-25T16:26:22.70215081Z: + NAME=wireguard
[STDERR  ] 2018-01-25T16:26:22.702160293Z: + trap clean_up EXIT
[STDERR  ] 2018-01-25T16:26:22.702182735Z: + linuxkit build -format kernel+initrd -name wireguard test.yml
[STDERR  ] 2018-01-25T16:26:22.741685201Z: Extract kernel image: linuxkit/kernel:4.9.78
[STDERR  ] 2018-01-25T16:26:23.875744349Z: time="2018-01-25T16:26:23Z" level=warning msg="certificate with CN Justin Cormack is near expiry"
[STDERR  ] 2018-01-25T16:26:23.875786964Z: time="2018-01-25T16:26:23Z" level=warning msg="certificate with CN  is near expiry"
[STDERR  ] 2018-01-25T16:26:23.87581323Z: time="2018-01-25T16:26:23Z" level=warning msg="certificate with CN  is near expiry"
[STDERR  ] 2018-01-25T16:26:23.915251587Z: time="2018-01-25T16:26:23Z" level=warning msg="certificate with CN Justin Cormack is near expiry"
[STDERR  ] 2018-01-25T16:26:24.251652609Z: Add init containers:
[STDERR  ] 2018-01-25T16:26:24.251701643Z: Process init image: linuxkit/init:v0.2
[STDERR  ] 2018-01-25T16:26:25.2754342Z: time="2018-01-25T16:26:25Z" level=warning msg="certificate with CN Justin Cormack is near expiry"
[STDERR  ] 2018-01-25T16:26:25.275527907Z: time="2018-01-25T16:26:25Z" level=warning msg="certificate with CN  is near expiry"
[STDERR  ] 2018-01-25T16:26:25.275536211Z: time="2018-01-25T16:26:25Z" level=warning msg="certificate with CN  is near expiry"
[STDERR  ] 2018-01-25T16:26:25.279627097Z: time="2018-01-25T16:26:25Z" level=warning msg="certificate with CN Justin Cormack is near expiry"
[STDERR  ] 2018-01-25T16:26:25.281115294Z: time="2018-01-25T16:26:25Z" level=warning msg="certificate with CN  is near expiry"
[STDERR  ] 2018-01-25T16:26:25.440840738Z: Process init image: linuxkit/runc:v0.2
[STDERR  ] 2018-01-25T16:26:26.469123643Z: time="2018-01-25T16:26:26Z" level=warning msg="certificate with CN Justin Cormack is near expiry"
[STDERR  ] 2018-01-25T16:26:26.46918728Z: time="2018-01-25T16:26:26Z" level=warning msg="certificate with CN  is near expiry"
[STDERR  ] 2018-01-25T16:26:26.469240546Z: time="2018-01-25T16:26:26Z" level=warning msg="certificate with CN  is near expiry"
[STDERR  ] 2018-01-25T16:26:26.471274972Z: time="2018-01-25T16:26:26Z" level=warning msg="certificate with CN Justin Cormack is near expiry"
[STDERR  ] 2018-01-25T16:26:26.472451486Z: time="2018-01-25T16:26:26Z" level=warning msg="certificate with CN  is near expiry"
[STDERR  ] 2018-01-25T16:26:26.606932084Z: Process init image: linuxkit/containerd:v0.2
[STDERR  ] 2018-01-25T16:26:27.662244014Z: time="2018-01-25T16:26:27Z" level=warning msg="certificate with CN Justin Cormack is near expiry"
[STDERR  ] 2018-01-25T16:26:27.662320243Z: time="2018-01-25T16:26:27Z" level=warning msg="certificate with CN  is near expiry"
[STDERR  ] 2018-01-25T16:26:27.662389087Z: time="2018-01-25T16:26:27Z" level=warning msg="certificate with CN  is near expiry"
[STDERR  ] 2018-01-25T16:26:27.662441143Z: time="2018-01-25T16:26:27Z" level=warning msg="certificate with CN  is near expiry"
[STDERR  ] 2018-01-25T16:26:27.667303651Z: time="2018-01-25T16:26:27Z" level=warning msg="certificate with CN Justin Cormack is near expiry"
[STDERR  ] 2018-01-25T16:26:27.668666195Z: time="2018-01-25T16:26:27Z" level=warning msg="certificate with CN  is near expiry"
[STDERR  ] 2018-01-25T16:26:27.830271629Z: Process init image: linuxkit/ca-certificates:v0.2
[STDERR  ] 2018-01-25T16:26:28.8539877Z: time="2018-01-25T16:26:28Z" level=warning msg="certificate with CN Justin Cormack is near expiry"
[STDERR  ] 2018-01-25T16:26:28.854224724Z: time="2018-01-25T16:26:28Z" level=warning msg="certificate with CN  is near expiry"
[STDERR  ] 2018-01-25T16:26:28.855889347Z: time="2018-01-25T16:26:28Z" level=warning msg="certificate with CN Justin Cormack is near expiry"
[STDERR  ] 2018-01-25T16:26:28.85678293Z: time="2018-01-25T16:26:28Z" level=warning msg="certificate with CN  is near expiry"
[STDERR  ] 2018-01-25T16:26:28.987524112Z: Add onboot containers:
[STDERR  ] 2018-01-25T16:26:28.987569424Z:   Create OCI config for linuxkit/dhcpcd:v0.2
[STDERR  ] 2018-01-25T16:26:30.011923693Z: time="2018-01-25T16:26:30Z" level=warning msg="certificate with CN  is near expiry"
[STDERR  ] 2018-01-25T16:26:30.012102545Z: time="2018-01-25T16:26:30Z" level=warning msg="certificate with CN  is near expiry"
[STDERR  ] 2018-01-25T16:26:30.012442262Z: time="2018-01-25T16:26:30Z" level=warning msg="certificate with CN Justin Cormack is near expiry"
[STDERR  ] 2018-01-25T16:26:30.014026056Z: time="2018-01-25T16:26:30Z" level=warning msg="certificate with CN Justin Cormack is near expiry"
[STDERR  ] 2018-01-25T16:26:30.014493586Z: time="2018-01-25T16:26:30Z" level=warning msg="certificate with CN  is near expiry"
[STDERR  ] 2018-01-25T16:26:30.180769023Z:   Create OCI config for linuxkit/ip:v0.2
[STDERR  ] 2018-01-25T16:26:31.419034617Z: time="2018-01-25T16:26:31Z" level=warning msg="certificate with CN  is near expiry"
[STDERR  ] 2018-01-25T16:26:31.419292387Z: time="2018-01-25T16:26:31Z" level=warning msg="certificate with CN  is near expiry"
[STDERR  ] 2018-01-25T16:26:31.419350632Z: time="2018-01-25T16:26:31Z" level=warning msg="certificate with CN Justin Cormack is near expiry"
[STDERR  ] 2018-01-25T16:26:31.504725244Z: time="2018-01-25T16:26:31Z" level=warning msg="certificate with CN  is near expiry"
[STDERR  ] 2018-01-25T16:26:31.504779502Z: time="2018-01-25T16:26:31Z" level=warning msg="certificate with CN Justin Cormack is near expiry"
[STDERR  ] 2018-01-25T16:26:31.504897448Z: time="2018-01-25T16:26:31Z" level=warning msg="certificate with CN  is near expiry"
[STDERR  ] 2018-01-25T16:26:31.507741116Z: time="2018-01-25T16:26:31Z" level=warning msg="certificate with CN  is near expiry"
[STDERR  ] 2018-01-25T16:26:31.508389491Z: time="2018-01-25T16:26:31Z" level=warning msg="certificate with CN Justin Cormack is near expiry"
[STDERR  ] 2018-01-25T16:26:31.509119586Z: time="2018-01-25T16:26:31Z" level=warning msg="certificate with CN  is near expiry"
[STDERR  ] 2018-01-25T16:26:31.526079076Z: Pull image: docker.io/linuxkit/ip:v0.2@sha256:c59a611051128b70147ea26b93bfc26b5c61523e4b878e4b2c8de10622bb891e
[STDERR  ] 2018-01-25T16:26:36.613171984Z:   Create OCI config for linuxkit/ip:v0.2
[STDERR  ] 2018-01-25T16:26:37.633857751Z: time="2018-01-25T16:26:37Z" level=warning msg="certificate with CN  is near expiry"
[STDERR  ] 2018-01-25T16:26:37.633928118Z: time="2018-01-25T16:26:37Z" level=warning msg="certificate with CN Justin Cormack is near expiry"
[STDERR  ] 2018-01-25T16:26:37.634060959Z: time="2018-01-25T16:26:37Z" level=warning msg="certificate with CN  is near expiry"
[STDERR  ] 2018-01-25T16:26:37.635858093Z: time="2018-01-25T16:26:37Z" level=warning msg="certificate with CN  is near expiry"
[STDERR  ] 2018-01-25T16:26:37.636432226Z: time="2018-01-25T16:26:37Z" level=warning msg="certificate with CN Justin Cormack is near expiry"
[STDERR  ] 2018-01-25T16:26:37.637141049Z: time="2018-01-25T16:26:37Z" level=warning msg="certificate with CN  is near expiry"
[STDERR  ] 2018-01-25T16:26:37.995551681Z: Add onshutdown containers:
[STDERR  ] 2018-01-25T16:26:37.995596813Z:   Create OCI config for alpine:3.7
[STDERR  ] 2018-01-25T16:26:39.196549152Z: Add service containers:
[STDERR  ] 2018-01-25T16:26:39.196592176Z:   Create OCI config for nginx:1.13.7
[STDERR  ] 2018-01-25T16:26:40.548873501Z: Pull image: docker.io/library/nginx:1.13.7@sha256:edc8182581fdaa985a39b3021836aa09a69f9b966d1a0ff2f338be6f2fbfe238
[STDERR  ] 2018-01-25T16:26:46.061755678Z:   Create OCI config for alpine:3.7
[STDERR  ] 2018-01-25T16:26:47.240664755Z: Add files:
[STDERR  ] 2018-01-25T16:26:47.240720062Z:   etc/wireguard/wg0.conf
[STDERR  ] 2018-01-25T16:26:47.240733704Z:   etc/wireguard/wg1.conf
[STDERR  ] 2018-01-25T16:26:47.240742269Z:   check.sh
[STDERR  ] 2018-01-25T16:26:47.250726534Z: Create outputs:
[STDERR  ] 2018-01-25T16:27:00.826022383Z:   wireguard-kernel wireguard-initrd.img wireguard-cmdline
[STDERR  ] 2018-01-25T16:27:00.941671813Z: + linuxkit run wireguard
[STDERR  ] 2018-01-25T16:27:00.968863978Z: Unable to find qemu-system-x86_64 within the $PATH. Using a container
[STDERR  ] 2018-01-25T16:27:15.07072154Z: + RESULT=[    0.000000] Linux version 4.9.78-linuxkit (root@9ac57ca26f22) (gcc version 6.4.0 (Alpine 6.4.0) ) #1 SMP Wed Jan 24 12:49:16 UTC 2018
[STDERR  ] 2018-01-25T16:27:15.070798889Z: [    0.000000] Command line: console=ttyS0 console=ttyAMA0
[STDERR  ] 2018-01-25T16:27:15.070810849Z: [    0.000000] x86/fpu: Legacy x87 FPU detected.
[STDERR  ] 2018-01-25T16:27:15.070823846Z: [    0.000000] x86/fpu: Using 'eager' FPU context switches.
[STDERR  ] 2018-01-25T16:27:15.070834623Z: [    0.000000] e820: BIOS-provided physical RAM map:
[STDERR  ] 2018-01-25T16:27:15.07084469Z: [    0.000000] BIOS-e820: [mem 0x0000000000000000-0x000000000009fbff] usable
[STDERR  ] 2018-01-25T16:27:15.070854784Z: [    0.000000] BIOS-e820: [mem 0x000000000009fc00-0x000000000009ffff] reserved
[STDERR  ] 2018-01-25T16:27:15.070864488Z: [    0.000000] BIOS-e820: [mem 0x00000000000f0000-0x00000000000fffff] reserved
[STDERR  ] 2018-01-25T16:27:15.070874176Z: [    0.000000] BIOS-e820: [mem 0x0000000000100000-0x000000003ffdefff] usable
[STDERR  ] 2018-01-25T16:27:15.070883532Z: [    0.000000] BIOS-e820: [mem 0x000000003ffdf000-0x000000003fffffff] reserved
[STDERR  ] 2018-01-25T16:27:15.070892991Z: [    0.000000] BIOS-e820: [mem 0x00000000b0000000-0x00000000bfffffff] reserved
[STDERR  ] 2018-01-25T16:27:15.070902001Z: [    0.000000] BIOS-e820: [mem 0x00000000fed1c000-0x00000000fed1ffff] reserved
[STDERR  ] 2018-01-25T16:27:15.070911483Z: [    0.000000] BIOS-e820: [mem 0x00000000feffc000-0x00000000feffffff] reserved
[STDERR  ] 2018-01-25T16:27:15.070920732Z: [    0.000000] BIOS-e820: [mem 0x00000000fffc0000-0x00000000ffffffff] reserved
[STDERR  ] 2018-01-25T16:27:15.070929982Z: [    0.000000] NX (Execute Disable) protection: active
[STDERR  ] 2018-01-25T16:27:15.070949005Z: [    0.000000] SMBIOS 2.8 present.
[STDERR  ] 2018-01-25T16:27:15.070957919Z: [    0.000000] Hypervisor detected: KVM
[STDERR  ] 2018-01-25T16:27:15.070966195Z: [    0.000000] e820: last_pfn = 0x3ffdf max_arch_pfn = 0x400000000
[STDERR  ] 2018-01-25T16:27:15.070974614Z: [    0.000000] x86/PAT: PAT not supported by CPU.
[STDERR  ] 2018-01-25T16:27:15.070982927Z: [    0.000000] x86/PAT: Configuration [0-7]: WB  WT  UC- UC  WB  WT  UC- UC  
[STDERR  ] 2018-01-25T16:27:15.07099134Z: [    0.000000] found SMP MP-table at [mem 0x000f6aa0-0x000f6aaf] mapped at [ffff9436c00f6aa0]
[STDERR  ] 2018-01-25T16:27:15.07100046Z: [    0.000000] RAMDISK: [mem 0x3aa5e000-0x3ffcffff]
[STDERR  ] 2018-01-25T16:27:15.071008969Z: [    0.000000] ACPI: Early table checksum verification disabled
[STDERR  ] 2018-01-25T16:27:15.071018125Z: [    0.000000] ACPI: RSDP 0x00000000000F68B0 000014 (v00 BOCHS )
[STDERR  ] 2018-01-25T16:27:15.071027688Z: [    0.000000] ACPI: RSDT 0x000000003FFE20A8 000034 (v01 BOCHS  BXPCRSDT 00000001 BXPC 00000001)
[STDERR  ] 2018-01-25T16:27:15.071037018Z: [    0.000000] ACPI: FACP 0x000000003FFE1EC8 0000F4 (v03 BOCHS  BXPCFACP 00000001 BXPC 00000001)
[STDERR  ] 2018-01-25T16:27:15.071046701Z: [    0.000000] ACPI: DSDT 0x000000003FFE0040 001E88 (v01 BOCHS  BXPCDSDT 00000001 BXPC 00000001)
[STDERR  ] 2018-01-25T16:27:15.071055892Z: [    0.000000] ACPI: FACS 0x000000003FFE0000 000040
[STDERR  ] 2018-01-25T16:27:15.071064115Z: [    0.000000] ACPI: APIC 0x000000003FFE1FBC 000078 (v01 BOCHS  BXPCAPIC 00000001 BXPC 00000001)
[STDERR  ] 2018-01-25T16:27:15.071078922Z: [    0.000000] ACPI: HPET 0x000000003FFE2034 000038 (v01 BOCHS  BXPCHPET 00000001 BXPC 00000001)
[STDERR  ] 2018-01-25T16:27:15.071087225Z: [    0.000000] ACPI: MCFG 0x000000003FFE206C 00003C (v01 BOCHS  BXPCMCFG 00000001 BXPC 00000001)
[STDERR  ] 2018-01-25T16:27:15.071096099Z: [    0.000000] kvm-clock: Using msrs 4b564d01 and 4b564d00
[STDERR  ] 2018-01-25T16:27:15.071104454Z: [    0.000000] kvm-clock: cpu 0, msr 0:3ffdd001, primary cpu clock
[STDERR  ] 2018-01-25T16:27:15.071113223Z: [    0.000000] clocksource: kvm-clock: mask: 0xffffffffffffffff max_cycles: 0x1cd42e4dffb, max_idle_ns: 881590591483 ns
[STDERR  ] 2018-01-25T16:27:15.071125841Z: [    0.000000] Zone ranges:
[STDERR  ] 2018-01-25T16:27:15.07113497Z: [    0.000000]   DMA      [mem 0x0000000000001000-0x0000000000ffffff]
[STDERR  ] 2018-01-25T16:27:15.071146437Z: [    0.000000]   DMA32    [mem 0x0000000001000000-0x000000003ffdefff]
[STDERR  ] 2018-01-25T16:27:15.07115502Z: [    0.000000]   Normal   empty
[STDERR  ] 2018-01-25T16:27:15.071164434Z: [    0.000000] Movable zone start for each node
[STDERR  ] 2018-01-25T16:27:15.071172816Z: [    0.000000] Early memory node ranges
[STDERR  ] 2018-01-25T16:27:15.071182467Z: [    0.000000]   node   0: [mem 0x0000000000001000-0x000000000009efff]
[STDERR  ] 2018-01-25T16:27:15.071194165Z: [    0.000000]   node   0: [mem 0x0000000000100000-0x000000003ffdefff]
[STDERR  ] 2018-01-25T16:27:15.071205523Z: [    0.000000] Initmem setup node 0 [mem 0x0000000000001000-0x000000003ffdefff]
[STDERR  ] 2018-01-25T16:27:15.071214473Z: [    0.000000] ACPI: PM-Timer IO Port: 0x608
[STDERR  ] 2018-01-25T16:27:15.071223078Z: [    0.000000] ACPI: LAPIC_NMI (acpi_id[0xff] dfl dfl lint[0x1])
[STDERR  ] 2018-01-25T16:27:15.071231777Z: [    0.000000] IOAPIC[0]: apic_id 0, version 17, address 0xfec00000, GSI 0-23
[STDERR  ] 2018-01-25T16:27:15.071241328Z: [    0.000000] ACPI: INT_SRC_OVR (bus 0 bus_irq 0 global_irq 2 dfl dfl)
[STDERR  ] 2018-01-25T16:27:15.071249844Z: [    0.000000] ACPI: INT_SRC_OVR (bus 0 bus_irq 5 global_irq 5 high level)
[STDERR  ] 2018-01-25T16:27:15.071258301Z: [    0.000000] ACPI: INT_SRC_OVR (bus 0 bus_irq 9 global_irq 9 high level)
[STDERR  ] 2018-01-25T16:27:15.071266831Z: [    0.000000] ACPI: INT_SRC_OVR (bus 0 bus_irq 10 global_irq 10 high level)
[STDERR  ] 2018-01-25T16:27:15.07127539Z: [    0.000000] ACPI: INT_SRC_OVR (bus 0 bus_irq 11 global_irq 11 high level)
[STDERR  ] 2018-01-25T16:27:15.071284024Z: [    0.000000] Using ACPI (MADT) for SMP configuration information
[STDERR  ] 2018-01-25T16:27:15.071299603Z: [    0.000000] ACPI: HPET id: 0x8086a201 base: 0xfed00000
[STDERR  ] 2018-01-25T16:27:15.071308423Z: [    0.000000] smpboot: Allowing 1 CPUs, 0 hotplug CPUs
[STDERR  ] 2018-01-25T16:27:15.071316946Z: [    0.000000] e820: [mem 0x40000000-0xafffffff] available for PCI devices
[STDERR  ] 2018-01-25T16:27:15.071325626Z: [    0.000000] Booting paravirtualized kernel on KVM
[STDERR  ] 2018-01-25T16:27:15.07133418Z: [    0.000000] clocksource: refined-jiffies: mask: 0xffffffff max_cycles: 0xffffffff, max_idle_ns: 19112604462750000 ns
[STDERR  ] 2018-01-25T16:27:15.071342738Z: [    0.000000] setup_percpu: NR_CPUS:128 nr_cpumask_bits:128 nr_cpu_ids:1 nr_node_ids:1
[STDERR  ] 2018-01-25T16:27:15.07135127Z: [    0.000000] percpu: Embedded 36 pages/cpu @ffff9436fa800000 s106904 r8192 d32360 u2097152
[STDERR  ] 2018-01-25T16:27:15.071361917Z: [    0.000000] KVM setup async PF for cpu 0
[STDERR  ] 2018-01-25T16:27:15.071370296Z: [    0.000000] kvm-stealtime: cpu 0, msr 3a80fd80
[STDERR  ] 2018-01-25T16:27:15.071378497Z: [    0.000000] Built 1 zonelists in Zone order, mobility grouping on.  Total pages: 257896
[STDERR  ] 2018-01-25T16:27:15.071386816Z: [    0.000000] Kernel command line: console=ttyS0 console=ttyAMA0
[STDERR  ] 2018-01-25T16:27:15.071395138Z: [    0.000000] PID hash table entries: 4096 (order: 3, 32768 bytes)
[STDERR  ] 2018-01-25T16:27:15.071403354Z: [    0.000000] Dentry cache hash table entries: 131072 (order: 8, 1048576 bytes)
[STDERR  ] 2018-01-25T16:27:15.071415507Z: [    0.000000] Inode-cache hash table entries: 65536 (order: 7, 524288 bytes)
[STDERR  ] 2018-01-25T16:27:15.071424159Z: [    0.000000] Memory: 926624K/1048052K available (8055K kernel code, 1391K rwdata, 2704K rodata, 1400K init, 564K bss, 121428K reserved, 0K cma-reserved)
[STDERR  ] 2018-01-25T16:27:15.071435119Z: [    0.000000] Kernel/User page tables isolation: enabled
[STDERR  ] 2018-01-25T16:27:15.071443386Z: [    0.000000] Hierarchical RCU implementation.
[STDERR  ] 2018-01-25T16:27:15.071451682Z: [    0.000000] 	Build-time adjustment of leaf fanout to 64.
[STDERR  ] 2018-01-25T16:27:15.07145985Z: [    0.000000] 	RCU restricting CPUs from NR_CPUS=128 to nr_cpu_ids=1.
[STDERR  ] 2018-01-25T16:27:15.071468111Z: [    0.000000] RCU: Adjusting geometry for rcu_fanout_leaf=64, nr_cpu_ids=1
[STDERR  ] 2018-01-25T16:27:15.071476306Z: [    0.000000] NR_IRQS:8448 nr_irqs:256 16
[STDERR  ] 2018-01-25T16:27:15.071484755Z: [    0.000000] Console: colour VGA+ 80x25
[STDERR  ] 2018-01-25T16:27:15.071493016Z: [    0.000000] console [ttyS0] enabled
[STDERR  ] 2018-01-25T16:27:15.071501325Z: [    0.000000] clocksource: hpet: mask: 0xffffffff max_cycles: 0xffffffff, max_idle_ns: 19112604467 ns
[STDERR  ] 2018-01-25T16:27:15.071509779Z: [    0.000000] tsc: Detected 2299.940 MHz processor
[STDERR  ] 2018-01-25T16:27:15.071572097Z: [    0.020000] Calibrating delay loop (skipped) preset value.. 4599.88 BogoMIPS (lpj=22999400)
[STDERR  ] 2018-01-25T16:27:15.071580743Z: [    0.020034] pid_max: default: 32768 minimum: 301
[STDERR  ] 2018-01-25T16:27:15.071589285Z: [    0.024031] ACPI: Core revision 20160831
[STDERR  ] 2018-01-25T16:27:15.071600014Z: [    0.028155] ACPI: 1 ACPI AML tables successfully acquired and loaded
[STDERR  ] 2018-01-25T16:27:15.071608664Z: [    0.034082] Security Framework initialized
[STDERR  ] 2018-01-25T16:27:15.071617099Z: [    0.037584] Yama: becoming mindful.
[STDERR  ] 2018-01-25T16:27:15.071625448Z: [    0.040083] Mount-cache hash table entries: 2048 (order: 2, 16384 bytes)
[STDERR  ] 2018-01-25T16:27:15.071633926Z: [    0.045893] Mountpoint-cache hash table entries: 2048 (order: 2, 16384 bytes)
[STDERR  ] 2018-01-25T16:27:15.07164246Z: [    0.050952] CPU: Physical Processor ID: 0
[STDERR  ] 2018-01-25T16:27:15.071651087Z: [    0.054679] Last level iTLB entries: 4KB 0, 2MB 0, 4MB 0
[STDERR  ] 2018-01-25T16:27:15.071660898Z: [    0.060032] Last level dTLB entries: 4KB 0, 2MB 0, 4MB 0, 1GB 0
[STDERR  ] 2018-01-25T16:27:15.071668824Z: [    0.065137] Spectre V2 mitigation: Vulnerable: Minimal generic ASM retpoline
[STDERR  ] 2018-01-25T16:27:15.0716815Z: [    0.196129] Freeing SMP alternatives memory: 20K
[STDERR  ] 2018-01-25T16:27:15.071689959Z: [    0.231162] ftrace: allocating 35561 entries in 139 pages
[STDERR  ] 2018-01-25T16:27:15.071699106Z: [    0.250152] smpboot: Max logical packages: 1
[STDERR  ] 2018-01-25T16:27:15.071707641Z: [    0.260763] x2apic enabled
[STDERR  ] 2018-01-25T16:27:15.071715844Z: [    0.265695] Switched APIC routing to physical x2apic.
[STDERR  ] 2018-01-25T16:27:15.071724207Z: [    0.282351] ..TIMER: vector=0x30 apic1=0 pin1=2 apic2=-1 pin2=-1
[STDERR  ] 2018-01-25T16:27:15.071732911Z: [    0.290000] smpboot: CPU0: Intel QEMU Virtual CPU version 2.5+ (family: 0x6, model: 0x6, stepping: 0x3)
[STDERR  ] 2018-01-25T16:27:15.071742854Z: [    0.290000] Performance Events: PMU not available due to virtualization, using software events only.
[STDERR  ] 2018-01-25T16:27:15.07175168Z: [    0.300688] x86: Booted up 1 node, 1 CPUs
[STDERR  ] 2018-01-25T16:27:15.071759515Z: [    0.304327] smpboot: Total of 1 processors activated (4599.88 BogoMIPS)
[STDERR  ] 2018-01-25T16:27:15.071768743Z: [    0.312451] devtmpfs: initialized
[STDERR  ] 2018-01-25T16:27:15.071779447Z: [    0.320089] x86/mm: Memory block size: 128MB
[STDERR  ] 2018-01-25T16:27:15.071788312Z: [    0.327768] clocksource: jiffies: mask: 0xffffffff max_cycles: 0xffffffff, max_idle_ns: 19112604462750000 ns
[STDERR  ] 2018-01-25T16:27:15.071801349Z: [    0.330018] futex hash table entries: 256 (order: 2, 16384 bytes)
[STDERR  ] 2018-01-25T16:27:15.071809927Z: [    0.340228] NET: Registered protocol family 16
[STDERR  ] 2018-01-25T16:27:15.071818776Z: [    0.344415] cpuidle: using governor ladder
[STDERR  ] 2018-01-25T16:27:15.071827377Z: [    0.347960] cpuidle: using governor menu
[STDERR  ] 2018-01-25T16:27:15.071839018Z: [    0.350308] ACPI: bus type PCI registered
[STDERR  ] 2018-01-25T16:27:15.071847583Z: [    0.354230] PCI: MMCONFIG for domain 0000 [bus 00-ff] at [mem 0xb0000000-0xbfffffff] (base 0xb0000000)
[STDERR  ] 2018-01-25T16:27:15.071856606Z: [    0.360012] PCI: MMCONFIG at [mem 0xb0000000-0xbfffffff] reserved in E820
[STDERR  ] 2018-01-25T16:27:15.071864727Z: [    0.370030] PCI: Using configuration type 1 for base access
[STDERR  ] 2018-01-25T16:27:15.071873284Z: [    0.376602] HugeTLB registered 2 MB page size, pre-allocated 0 pages
[STDERR  ] 2018-01-25T16:27:15.0718829Z: [    0.380271] ACPI: Added _OSI(Module Device)
[STDERR  ] 2018-01-25T16:27:15.071891567Z: [    0.383873] ACPI: Added _OSI(Processor Device)
[STDERR  ] 2018-01-25T16:27:15.071900627Z: [    0.390010] ACPI: Added _OSI(3.0 _SCP Extensions)
[STDERR  ] 2018-01-25T16:27:15.071910265Z: [    0.394010] ACPI: Added _OSI(Processor Aggregator Device)
[STDERR  ] 2018-01-25T16:27:15.071919639Z: [    0.405601] ACPI: Interpreter enabled
[STDERR  ] 2018-01-25T16:27:15.071927705Z: [    0.408845] ACPI: (supports S0 S5)
[STDERR  ] 2018-01-25T16:27:15.071936745Z: [    0.410010] ACPI: Using IOAPIC for interrupt routing
[STDERR  ] 2018-01-25T16:27:15.071945452Z: [    0.414545] PCI: Using host bridge windows from ACPI; if necessary, use "pci=nocrs" and report a bug
[STDERR  ] 2018-01-25T16:27:15.071955093Z: [    0.422953] ACPI: PCI Root Bridge [PCI0] (domain 0000 [bus 00-ff])
[STDERR  ] 2018-01-25T16:27:15.071963264Z: [    0.430023] acpi PNP0A08:00: _OSC: OS supports [ExtendedConfig ASPM ClockPM Segments MSI]
[STDERR  ] 2018-01-25T16:27:15.071971639Z: [    0.440177] acpi PNP0A08:00: _OSC: OS now controls [PCIeHotplug PME PCIeCapability]
[STDERR  ] 2018-01-25T16:27:15.071979506Z: [    0.446740] PCI host bridge to bus 0000:00
[STDERR  ] 2018-01-25T16:27:15.071990848Z: [    0.450012] pci_bus 0000:00: root bus resource [io  0x0000-0x0cf7 window]
[STDERR  ] 2018-01-25T16:27:15.071998684Z: [    0.455661] pci_bus 0000:00: root bus resource [io  0x0d00-0xffff window]
[STDERR  ] 2018-01-25T16:27:15.072006642Z: [    0.460013] pci_bus 0000:00: root bus resource [mem 0x000a0000-0x000bffff window]
[STDERR  ] 2018-01-25T16:27:15.072015202Z: [    0.470012] pci_bus 0000:00: root bus resource [mem 0xc0000000-0xfebfffff window]
[STDERR  ] 2018-01-25T16:27:15.072028502Z: [    0.476287] pci_bus 0000:00: root bus resource [bus 00-ff]
[STDERR  ] 2018-01-25T16:27:15.072036371Z: [    0.644841] pci 0000:00:1f.0: quirk: [io  0x0600-0x067f] claimed by ICH6 ACPI/GPIO/TCO
[STDERR  ] 2018-01-25T16:27:15.072044843Z: [    0.727755] ACPI: PCI Interrupt Link [LNKA] (IRQs 5 *10 11)
[STDERR  ] 2018-01-25T16:27:15.072055952Z: [    0.731905] ACPI: PCI Interrupt Link [LNKB] (IRQs 5 *10 11)
[STDERR  ] 2018-01-25T16:27:15.072064618Z: [    0.740656] ACPI: PCI Interrupt Link [LNKC] (IRQs 5 10 *11)
[STDERR  ] 2018-01-25T16:27:15.072074261Z: [    0.747026] ACPI: PCI Interrupt Link [LNKD] (IRQs 5 10 *11)
[STDERR  ] 2018-01-25T16:27:15.072082389Z: [    0.752074] ACPI: PCI Interrupt Link [LNKE] (IRQs 5 *10 11)
[STDERR  ] 2018-01-25T16:27:15.072090048Z: [    0.760025] ACPI: PCI Interrupt Link [LNKF] (IRQs 5 *10 11)
[STDERR  ] 2018-01-25T16:27:15.072098744Z: [    0.766640] ACPI: PCI Interrupt Link [LNKG] (IRQs 5 10 *11)
[STDERR  ] 2018-01-25T16:27:15.072107532Z: [    0.771995] ACPI: PCI Interrupt Link [LNKH] (IRQs 5 10 *11)
[STDERR  ] 2018-01-25T16:27:15.072116052Z: [    0.778335] ACPI: PCI Interrupt Link [GSIA] (IRQs *16)
[STDERR  ] 2018-01-25T16:27:15.072124907Z: [    0.780981] ACPI: PCI Interrupt Link [GSIB] (IRQs *17)
[STDERR  ] 2018-01-25T16:27:15.072133145Z: [    0.791053] ACPI: PCI Interrupt Link [GSIC] (IRQs *18)
[STDERR  ] 2018-01-25T16:27:15.072145463Z: [    0.796641] ACPI: PCI Interrupt Link [GSID] (IRQs *19)
[STDERR  ] 2018-01-25T16:27:15.072153905Z: [    0.801073] ACPI: PCI Interrupt Link [GSIE] (IRQs *20)
[STDERR  ] 2018-01-25T16:27:15.072161981Z: [    0.806545] ACPI: PCI Interrupt Link [GSIF] (IRQs *21)
[STDERR  ] 2018-01-25T16:27:15.072169885Z: [    0.811049] ACPI: PCI Interrupt Link [GSIG] (IRQs *22)
[STDERR  ] 2018-01-25T16:27:15.072178413Z: [    0.816443] ACPI: PCI Interrupt Link [GSIH] (IRQs *23)
[STDERR  ] 2018-01-25T16:27:15.072186375Z: [    0.821314] ACPI: Enabled 1 GPEs in block 00 to 3F
[STDERR  ] 2018-01-25T16:27:15.072194379Z: [    0.830020] SCSI subsystem initialized
[STDERR  ] 2018-01-25T16:27:15.072202241Z: [    0.834120] ACPI: bus type USB registered
[STDERR  ] 2018-01-25T16:27:15.07221038Z: [    0.838152] usbcore: registered new interface driver usbfs
[STDERR  ] 2018-01-25T16:27:15.072218673Z: [    0.840051] usbcore: registered new interface driver hub
[STDERR  ] 2018-01-25T16:27:15.072230493Z: [    0.845500] usbcore: registered new device driver usb
[STDERR  ] 2018-01-25T16:27:15.072239274Z: [    0.850068] pps_core: LinuxPPS API ver. 1 registered
[STDERR  ] 2018-01-25T16:27:15.07224849Z: [    0.854977] pps_core: Software ver. 5.3.6 - Copyright 2005-2007 Rodolfo Giometti <giometti@linux.it>
[STDERR  ] 2018-01-25T16:27:15.072257351Z: [    0.860029] PTP clock support registered
[STDERR  ] 2018-01-25T16:27:15.072268244Z: [    0.870099] PCI: Using ACPI for IRQ routing
[STDERR  ] 2018-01-25T16:27:15.072277282Z: [    1.284919] NetLabel: Initializing
[STDERR  ] 2018-01-25T16:27:15.072285349Z: [    1.287866] NetLabel:  domain hash size = 128
[STDERR  ] 2018-01-25T16:27:15.072294258Z: [    1.290009] NetLabel:  protocols = UNLABELED CIPSOv4
[STDERR  ] 2018-01-25T16:27:15.072303333Z: [    1.294258] NetLabel:  unlabeled traffic allowed by default
[STDERR  ] 2018-01-25T16:27:15.072316062Z: [    1.300067] wmi: Mapper loaded
[STDERR  ] 2018-01-25T16:27:15.072324104Z: [    1.302879] HPET: 3 timers in total, 0 timers will be used for per-cpu timer
[STDERR  ] 2018-01-25T16:27:15.072332593Z: [    1.308989] hpet0: at MMIO 0xfed00000, IRQs 2, 8, 0
[STDERR  ] 2018-01-25T16:27:15.072340832Z: [    1.311249] hpet0: 3 comparators, 64-bit 100.000000 MHz counter
[STDERR  ] 2018-01-25T16:27:15.07235335Z: [    1.322290] clocksource: Switched to clocksource kvm-clock
[STDERR  ] 2018-01-25T16:27:15.072364433Z: [    1.341906] VFS: Disk quotas dquot_6.6.0
[STDERR  ] 2018-01-25T16:27:15.072373424Z: [    1.345459] VFS: Dquot-cache hash table entries: 512 (order 0, 4096 bytes)
[STDERR  ] 2018-01-25T16:27:15.072383016Z: [    1.351555] FS-Cache: Loaded
[STDERR  ] 2018-01-25T16:27:15.072397429Z: [    1.354212] CacheFiles: Loaded
[STDERR  ] 2018-01-25T16:27:15.072406067Z: [    1.356983] pnp: PnP ACPI init
[STDERR  ] 2018-01-25T16:27:15.072413961Z: [    1.360761] pnp: PnP ACPI: found 5 devices
[STDERR  ] 2018-01-25T16:27:15.072424473Z: [    1.370405] clocksource: acpi_pm: mask: 0xffffff max_cycles: 0xffffff, max_idle_ns: 2085701024 ns
[STDERR  ] 2018-01-25T16:27:15.072432741Z: [    1.377908] NET: Registered protocol family 2
[STDERR  ] 2018-01-25T16:27:15.072440833Z: [    1.381918] TCP established hash table entries: 8192 (order: 4, 65536 bytes)
[STDERR  ] 2018-01-25T16:27:15.072449397Z: [    1.387888] TCP bind hash table entries: 8192 (order: 5, 131072 bytes)
[STDERR  ] 2018-01-25T16:27:15.072473636Z: [    1.393444] TCP: Hash tables configured (established 8192 bind 8192)
[STDERR  ] 2018-01-25T16:27:15.072483133Z: [    1.398875] UDP hash table entries: 512 (order: 2, 16384 bytes)
[STDERR  ] 2018-01-25T16:27:15.072492079Z: [    1.403945] UDP-Lite hash table entries: 512 (order: 2, 16384 bytes)
[STDERR  ] 2018-01-25T16:27:15.072500941Z: [    1.409371] NET: Registered protocol family 1
[STDERR  ] 2018-01-25T16:27:15.072509928Z: [    1.413431] pci 0000:00:01.0: Video device with shadowed ROM at [mem 0x000c0000-0x000dffff]
[STDERR  ] 2018-01-25T16:27:15.072529184Z: [    1.420848] Unpacking initramfs...
[STDERR  ] 2018-01-25T16:27:15.072538406Z: [    2.963569] Freeing initrd memory: 87496K
[STDERR  ] 2018-01-25T16:27:15.072550893Z: [    2.968350] PCLMULQDQ-NI instructions are not detected.
[STDERR  ] 2018-01-25T16:27:15.072559913Z: [    2.972995] AVX or AES-NI instructions are not detected.
[STDERR  ] 2018-01-25T16:27:15.07256843Z: [    2.977466] CPU feature 'AVX registers' is not supported.
[STDERR  ] 2018-01-25T16:27:15.07257729Z: [    2.982148] CPU feature 'AVX registers' is not supported.
[STDERR  ] 2018-01-25T16:27:15.072585812Z: [    2.986651] CPU feature 'AVX registers' is not supported.
[STDERR  ] 2018-01-25T16:27:15.072594692Z: [    2.991302] CPU feature 'AVX registers' is not supported.
[STDERR  ] 2018-01-25T16:27:15.072602941Z: [    2.995940] AVX2 or AES-NI instructions are not detected.
[STDERR  ] 2018-01-25T16:27:15.072611411Z: [    3.000607] AVX2 instructions are not detected.
[STDERR  ] 2018-01-25T16:27:15.072619464Z: [    3.004680] audit: initializing netlink subsys (disabled)
[STDERR  ] 2018-01-25T16:27:15.072628191Z: [    3.009361] audit: type=2000 audit(1516897625.629:1): initialized
[STDERR  ] 2018-01-25T16:27:15.072635715Z: [    3.014985] workingset: timestamp_bits=46 max_order=18 bucket_order=0
[STDERR  ] 2018-01-25T16:27:15.072647397Z: [    3.020698] squashfs: version 4.0 (2009/01/31) Phillip Lougher
[STDERR  ] 2018-01-25T16:27:15.072659499Z: [    3.025708] FS-Cache: Netfs 'cifs' registered for caching
[STDERR  ] 2018-01-25T16:27:15.072667526Z: [    3.030423] fuse init (API version 7.26)
[STDERR  ] 2018-01-25T16:27:15.07267571Z: [    3.033951] SGI XFS with ACLs, security attributes, no debug enabled
[STDERR  ] 2018-01-25T16:27:15.072683693Z: [    3.039469] 9p: Installing v9fs 9p2000 file system support
[STDERR  ] 2018-01-25T16:27:15.072691841Z: [    3.044197] FS-Cache: Netfs '9p' registered for caching
[STDERR  ] 2018-01-25T16:27:15.072699696Z: [    3.049648] NET: Registered protocol family 38
[STDERR  ] 2018-01-25T16:27:15.072708623Z: [    3.053563] Key type asymmetric registered
[STDERR  ] 2018-01-25T16:27:15.07271724Z: [    3.056993] Asymmetric key parser 'x509' registered
[STDERR  ] 2018-01-25T16:27:15.072725384Z: [    3.061204] Block layer SCSI generic (bsg) driver version 0.4 loaded (major 251)
[STDERR  ] 2018-01-25T16:27:15.07273361Z: [    3.067470] io scheduler noop registered
[STDERR  ] 2018-01-25T16:27:15.072741909Z: [    3.070909] io scheduler deadline registered (default)
[STDERR  ] 2018-01-25T16:27:15.072749612Z: [    3.075321] io scheduler cfq registered
[STDERR  ] 2018-01-25T16:27:15.072757312Z: [    3.078744] pci_hotplug: PCI Hot Plug PCI Core version: 0.5
[STDERR  ] 2018-01-25T16:27:15.072765222Z: [    3.083516] pciehp: PCI Express Hot Plug Controller Driver version: 0.4
[STDERR  ] 2018-01-25T16:27:15.072779276Z: [    3.089041] shpchp: Standard Hot Plug PCI Controller Driver version: 0.4
[STDERR  ] 2018-01-25T16:27:15.072787919Z: [    3.094760] hv_vmbus: registering driver hyperv_fb
[STDERR  ] 2018-01-25T16:27:15.072795654Z: [    3.098991] input: Power Button as /devices/LNXSYSTM:00/LNXPWRBN:00/input/input0
[STDERR  ] 2018-01-25T16:27:15.072803687Z: [    3.105207] ACPI: Power Button [PWRF]
[STDERR  ] 2018-01-25T16:27:15.072812343Z: [    3.108687] GHES: HEST is not enabled!
[STDERR  ] 2018-01-25T16:27:15.072821058Z: [    3.112479] ACPI: PCI Interrupt Link [GSIG] enabled at IRQ 22
[STDERR  ] 2018-01-25T16:27:15.0728289Z: [    3.125650] ACPI: PCI Interrupt Link [GSIH] enabled at IRQ 23
[STDERR  ] 2018-01-25T16:27:15.07283769Z: [    3.139173] xenfs: not registering filesystem on non-xen platform
[STDERR  ] 2018-01-25T16:27:15.072846602Z: [    3.144775] Serial: 8250/16550 driver, 4 ports, IRQ sharing disabled
[STDERR  ] 2018-01-25T16:27:15.072854779Z: [    3.183329] 00:04: ttyS0 at I/O 0x3f8 (irq = 4, base_baud = 115200) is a 16550A
[STDERR  ] 2018-01-25T16:27:15.072863165Z: [    3.190593] Non-volatile memory driver v1.3
[STDERR  ] 2018-01-25T16:27:15.072872522Z: [    3.195742] Hangcheck: starting hangcheck timer 0.9.1 (tick is 180 seconds, margin is 60 seconds).
[STDERR  ] 2018-01-25T16:27:15.072882214Z: [    3.203815] random: fast init done
[STDERR  ] 2018-01-25T16:27:15.07289443Z: [    3.207189] random: crng init done
[STDERR  ] 2018-01-25T16:27:15.072903637Z: [    3.212019] loop: module loaded
[STDERR  ] 2018-01-25T16:27:15.072912298Z: [    3.215549] nbd: registered device at major 43
[STDERR  ] 2018-01-25T16:27:15.072921893Z: [    3.221089] lpc_ich 0000:00:1f.0: I/O space for GPIO uninitialized
[STDERR  ] 2018-01-25T16:27:15.072930569Z: [    3.226476] VMware PVSCSI driver - version 1.0.7.0-k
[STDERR  ] 2018-01-25T16:27:15.072939157Z: [    3.230875] hv_vmbus: registering driver hv_storvsc
[STDERR  ] 2018-01-25T16:27:15.072947602Z: [    3.235479] ACPI: PCI Interrupt Link [GSIA] enabled at IRQ 16
[STDERR  ] 2018-01-25T16:27:15.072959169Z: [    3.243450] ahci 0000:00:1f.2: AHCI 0001.0000 32 slots 6 ports 1.5 Gbps 0x3f impl SATA mode
[STDERR  ] 2018-01-25T16:27:15.072967891Z: [    3.250639] ahci 0000:00:1f.2: flags: 64bit ncq only 
[STDERR  ] 2018-01-25T16:27:15.072975817Z: [    3.258438] scsi host0: ahci
[STDERR  ] 2018-01-25T16:27:15.072984431Z: [    3.261255] scsi host1: ahci
[STDERR  ] 2018-01-25T16:27:15.072993181Z: [    3.263967] scsi host2: ahci
[STDERR  ] 2018-01-25T16:27:15.07300621Z: [    3.266662] scsi host3: ahci
[STDERR  ] 2018-01-25T16:27:15.073012368Z: [    3.269335] scsi host4: ahci
[STDERR  ] 2018-01-25T16:27:15.073021269Z: [    3.272064] scsi host5: ahci
[STDERR  ] 2018-01-25T16:27:15.073027137Z: [    3.274688] ata1: SATA max UDMA/133 abar m4096@0xfebd2000 port 0xfebd2100 irq 24
[STDERR  ] 2018-01-25T16:27:15.073032955Z: [    3.281013] ata2: SATA max UDMA/133 abar m4096@0xfebd2000 port 0xfebd2180 irq 24
[STDERR  ] 2018-01-25T16:27:15.073045847Z: [    3.287404] ata3: SATA max UDMA/133 abar m4096@0xfebd2000 port 0xfebd2200 irq 24
[STDERR  ] 2018-01-25T16:27:15.07305198Z: [    3.293953] ata4: SATA max UDMA/133 abar m4096@0xfebd2000 port 0xfebd2280 irq 24
[STDERR  ] 2018-01-25T16:27:15.0730578Z: [    3.300364] ata5: SATA max UDMA/133 abar m4096@0xfebd2000 port 0xfebd2300 irq 24
[STDERR  ] 2018-01-25T16:27:15.073063563Z: [    3.306826] ata6: SATA max UDMA/133 abar m4096@0xfebd2000 port 0xfebd2380 irq 24
[STDERR  ] 2018-01-25T16:27:15.07306949Z: [    3.316213] tun: Universal TUN/TAP device driver, 1.6
[STDERR  ] 2018-01-25T16:27:15.073075768Z: [    3.320732] tun: (C) 1999-2004 Max Krasnyansky <maxk@qualcomm.com>
[STDERR  ] 2018-01-25T16:27:15.073081519Z: [    3.331397] VMware vmxnet3 virtual NIC driver - version 1.4.a.0-k-NAPI
[STDERR  ] 2018-01-25T16:27:15.073089449Z: [    3.336960] hv_vmbus: registering driver hv_netvsc
[STDERR  ] 2018-01-25T16:27:15.073095293Z: [    3.341199] Fusion MPT base driver 3.04.20
[STDERR  ] 2018-01-25T16:27:15.073105464Z: [    3.344880] Copyright (c) 1999-2008 LSI Corporation
[STDERR  ] 2018-01-25T16:27:15.073121627Z: [    3.349123] Fusion MPT SPI Host driver 3.04.20
[STDERR  ] 2018-01-25T16:27:15.073127475Z: [    3.353196] i8042: PNP: PS/2 Controller [PNP0303:KBD,PNP0f13:MOU] at 0x60,0x64 irq 1,12
[STDERR  ] 2018-01-25T16:27:15.07313407Z: [    3.363650] serio: i8042 KBD port at 0x60,0x64 irq 1
[STDERR  ] 2018-01-25T16:27:15.073142078Z: [    3.368031] serio: i8042 AUX port at 0x60,0x64 irq 12
[STDERR  ] 2018-01-25T16:27:15.073147852Z: [    3.372724] hv_vmbus: registering driver hyperv_keyboard
[STDERR  ] 2018-01-25T16:27:15.073153667Z: [    3.377356] mousedev: PS/2 mouse device common for all mice
[STDERR  ] 2018-01-25T16:27:15.073159366Z: [    3.383654] input: AT Translated Set 2 keyboard as /devices/platform/i8042/serio0/input/input1
[STDERR  ] 2018-01-25T16:27:15.073165438Z: [    3.391179] input: PC Speaker as /devices/platform/pcspkr/input/input2
[STDERR  ] 2018-01-25T16:27:15.073173453Z: [    3.397627] rtc_cmos 00:00: RTC can wake from S4
[STDERR  ] 2018-01-25T16:27:15.073179339Z: [    3.403271] rtc_cmos 00:00: rtc core: registered rtc_cmos as rtc0
[STDERR  ] 2018-01-25T16:27:15.073185118Z: [    3.409229] rtc_cmos 00:00: alarms up to one day, y3k, 114 bytes nvram, hpet irqs
[STDERR  ] 2018-01-25T16:27:15.073190887Z: [    3.415601] i2c /dev entries driver
[STDERR  ] 2018-01-25T16:27:15.073196716Z: [    3.418785] device-mapper: ioctl: 4.35.0-ioctl (2016-06-23) initialised: dm-devel@redhat.com
[STDERR  ] 2018-01-25T16:27:15.073205988Z: [    3.427031] usbcore: registered new interface driver usbhid
[STDERR  ] 2018-01-25T16:27:15.073211745Z: [    3.433754] usbhid: USB HID core driver
[STDERR  ] 2018-01-25T16:27:15.073217374Z: [    3.437291] hv_utils: Registering HyperV Utility Driver
[STDERR  ] 2018-01-25T16:27:15.073222981Z: [    3.442036] hv_vmbus: registering driver hv_util
[STDERR  ] 2018-01-25T16:27:15.07322871Z: [    3.446082] hv_vmbus: registering driver hv_balloon
[STDERR  ] 2018-01-25T16:27:15.073234448Z: [    3.450648] oprofile: using NMI interrupt.
[STDERR  ] 2018-01-25T16:27:15.073250694Z: [    3.454561] GACT probability on
[STDERR  ] 2018-01-25T16:27:15.073256428Z: [    3.457427] Mirror/redirect action on
[STDERR  ] 2018-01-25T16:27:15.07326205Z: [    3.461216] Simple TC action Loaded
[STDERR  ] 2018-01-25T16:27:15.073267642Z: [    3.464606] u32 classifier
[STDERR  ] 2018-01-25T16:27:15.07327368Z: [    3.467248]     Performance counters on
[STDERR  ] 2018-01-25T16:27:15.073279225Z: [    3.471844]     input device check on
[STDERR  ] 2018-01-25T16:27:15.073284878Z: [    3.475412]     Actions configured
[STDERR  ] 2018-01-25T16:27:15.073290492Z: [    3.478711] Netfilter messages via NETLINK v0.30.
[STDERR  ] 2018-01-25T16:27:15.073296087Z: [    3.483105] nfnl_acct: registering with nfnetlink.
[STDERR  ] 2018-01-25T16:27:15.073301709Z: [    3.487452] nf_conntrack version 0.5.0 (8192 buckets, 32768 max)
[STDERR  ] 2018-01-25T16:27:15.073307288Z: [    3.492876] ctnetlink v0.93: registering with nfnetlink.
[STDERR  ] 2018-01-25T16:27:15.073313278Z: [    3.497667] nf_tables: (c) 2007-2009 Patrick McHardy <kaber@trash.net>
[STDERR  ] 2018-01-25T16:27:15.073318857Z: [    3.503651] nf_tables_compat: (c) 2012 Pablo Neira Ayuso <pablo@netfilter.org>
[STDERR  ] 2018-01-25T16:27:15.073324554Z: [    3.509966] xt_time: kernel timezone is -0000
[STDERR  ] 2018-01-25T16:27:15.073330257Z: [    3.515026] ip_set: protocol 6
[STDERR  ] 2018-01-25T16:27:15.073335972Z: [    3.518653] IPVS: Registered protocols (TCP, UDP, SCTP, AH, ESP)
[STDERR  ] 2018-01-25T16:27:15.073341546Z: [    3.526307] IPVS: Connection hash table configured (size=4096, memory=64Kbytes)
[STDERR  ] 2018-01-25T16:27:15.073347123Z: [    3.532180] IPVS: Creating netns size=2104 id=0
[STDERR  ] 2018-01-25T16:27:15.073352882Z: [    3.536791] IPVS: ipvs loaded.
[STDERR  ] 2018-01-25T16:27:15.073358538Z: [    3.540449] IPVS: [rr] scheduler registered.
[STDERR  ] 2018-01-25T16:27:15.073364254Z: [    3.544819] IPVS: [wrr] scheduler registered.
[STDERR  ] 2018-01-25T16:27:15.073377598Z: [    3.549458] IPVS: [lc] scheduler registered.
[STDERR  ] 2018-01-25T16:27:15.073383196Z: [    3.553885] IPVS: [wlc] scheduler registered.
[STDERR  ] 2018-01-25T16:27:15.073391456Z: [    3.558196] IPVS: [fo] scheduler registered.
[STDERR  ] 2018-01-25T16:27:15.073397045Z: [    3.562225] IPVS: [ovf] scheduler registered.
[STDERR  ] 2018-01-25T16:27:15.073402759Z: [    3.566400] IPVS: [lblc] scheduler registered.
[STDERR  ] 2018-01-25T16:27:15.07340826Z: [    3.570565] IPVS: [lblcr] scheduler registered.
[STDERR  ] 2018-01-25T16:27:15.073413946Z: [    3.574974] IPVS: [dh] scheduler registered.
[STDERR  ] 2018-01-25T16:27:15.073419636Z: [    3.579029] IPVS: [sh] scheduler registered.
[STDERR  ] 2018-01-25T16:27:15.073425401Z: [    3.583515] IPVS: [sed] scheduler registered.
[STDERR  ] 2018-01-25T16:27:15.073431019Z: [    3.587774] IPVS: [nq] scheduler registered.
[STDERR  ] 2018-01-25T16:27:15.073436705Z: [    3.592194] IPVS: ftp: loaded support on port[0] = 21
[STDERR  ] 2018-01-25T16:27:15.073445338Z: [    3.597538] ipip: IPv4 and MPLS over IPv4 tunneling driver
[STDERR  ] 2018-01-25T16:27:15.073451226Z: [    3.602984] gre: GRE over IPv4 demultiplexor driver
[STDERR  ] 2018-01-25T16:27:15.073456821Z: [    3.608018] ip_tables: (C) 2000-2006 Netfilter Core Team
[STDERR  ] 2018-01-25T16:27:15.073463846Z: [    3.613342] ipt_CLUSTERIP: ClusterIP Version 0.8 loaded successfully
[STDERR  ] 2018-01-25T16:27:15.073469602Z: [    3.619328] arp_tables: arp_tables: (C) 2002 David S. Miller
[STDERR  ] 2018-01-25T16:27:15.07347802Z: [    3.624882] NET: Registered protocol family 10
[STDERR  ] 2018-01-25T16:27:15.073483661Z: [    3.629406] ip6_tables: (C) 2000-2006 Netfilter Core Team
[STDERR  ] 2018-01-25T16:27:15.073489336Z: [    3.635266] NET: Registered protocol family 17
[STDERR  ] 2018-01-25T16:27:15.073494915Z: [    3.639252] Bridge firewalling registered
[STDERR  ] 2018-01-25T16:27:15.073500462Z: [    3.643634] ata5: SATA link down (SStatus 0 SControl 300)
[STDERR  ] 2018-01-25T16:27:15.073508945Z: [    3.649206] ata4: SATA link down (SStatus 0 SControl 300)
[STDERR  ] 2018-01-25T16:27:15.073519468Z: [    3.654868] ata3: SATA link up 1.5 Gbps (SStatus 113 SControl 300)
[STDERR  ] 2018-01-25T16:27:15.073525088Z: [    3.661414] ata2: SATA link down (SStatus 0 SControl 300)
[STDERR  ] 2018-01-25T16:27:15.073530655Z: [    3.667071] ata1: SATA link down (SStatus 0 SControl 300)
[STDERR  ] 2018-01-25T16:27:15.073536166Z: [    3.672904] ata6: SATA link down (SStatus 0 SControl 300)
[STDERR  ] 2018-01-25T16:27:15.073541814Z: [    3.679006] Ebtables v2.0 registered
[STDERR  ] 2018-01-25T16:27:15.073547431Z: [    3.682738] ata3.00: ATAPI: QEMU DVD-ROM, 2.5+, max UDMA/100
[STDERR  ] 2018-01-25T16:27:15.073553052Z: [    3.688524] ata3.00: applying bridge limits
[STDERR  ] 2018-01-25T16:27:15.073558576Z: [    3.694113] 8021q: 802.1Q VLAN Support v1.8
[STDERR  ] 2018-01-25T16:27:15.073564071Z: [    3.698549] 9pnet: Installing 9P2000 support
[STDERR  ] 2018-01-25T16:27:15.073569696Z: [    3.703049] Key type dns_resolver registered
[STDERR  ] 2018-01-25T16:27:15.073575291Z: [    3.708120] ata3.00: configured for UDMA/100
[STDERR  ] 2018-01-25T16:27:15.073580883Z: [    3.713302] microcode: sig=0x663, pf=0x1, revision=0x1
[STDERR  ] 2018-01-25T16:27:15.073586404Z: [    3.719432] scsi 2:0:0:0: CD-ROM            QEMU     QEMU DVD-ROM     2.5+ PQ: 0 ANSI: 5
[STDERR  ] 2018-01-25T16:27:15.073592104Z: [    3.727911] microcode: Microcode Update Driver: v2.01 <tigran@aivazian.fsnet.co.uk>, Peter Oruba
[STDERR  ] 2018-01-25T16:27:15.073597706Z: [    3.738348] registered taskstats version 1
[STDERR  ] 2018-01-25T16:27:15.073603219Z: [    3.748035] Key type big_key registered
[STDERR  ] 2018-01-25T16:27:15.073608822Z: [    3.752930] sr 2:0:0:0: [sr0] scsi3-mmc drive: 4x/4x cd/rw xa/form2 tray
[STDERR  ] 2018-01-25T16:27:15.073614361Z: [    3.759742] cdrom: Uniform CD-ROM driver Revision: 3.20
[STDERR  ] 2018-01-25T16:27:15.07361988Z: [    3.769860] sr 2:0:0:0: Attached scsi generic sg0 type 5
[STDERR  ] 2018-01-25T16:27:15.073628814Z: [    3.776742] Key type encrypted registered
[STDERR  ] 2018-01-25T16:27:15.073634471Z: [    3.782903] rtc_cmos 00:00: setting system clock to 2018-01-25 16:27:07 UTC (1516897627)
[STDERR  ] 2018-01-25T16:27:15.073642938Z: [    3.794426] Freeing unused kernel memory: 1400K
[STDERR  ] 2018-01-25T16:27:15.073651031Z: [    3.799326] Write protecting the kernel read-only data: 12288k
[STDERR  ] 2018-01-25T16:27:15.073656624Z: [    3.805565] Freeing unused kernel memory: 124K
[STDERR  ] 2018-01-25T16:27:15.073662145Z: [    3.814012] Freeing unused kernel memory: 1392K
[STDERR  ] 2018-01-25T16:27:15.073668105Z: 
[STDERR  ] 2018-01-25T16:27:15.073673868Z: Welcome to LinuxKit
[STDERR  ] 2018-01-25T16:27:15.07367944Z: 
[STDERR  ] 2018-01-25T16:27:15.073685168Z:                         ##         .
[STDERR  ] 2018-01-25T16:27:15.073690894Z:                   ## ## ##        ==
[STDERR  ] 2018-01-25T16:27:15.073696421Z:                ## ## ## ## ##    ===
[STDERR  ] 2018-01-25T16:27:15.073704061Z:            /"""""""""""""""""\___/ ===
[STDERR  ] 2018-01-25T16:27:15.073709633Z:           {                       /  ===-
[STDERR  ] 2018-01-25T16:27:15.073715159Z:            \______ O           __/
[STDERR  ] 2018-01-25T16:27:15.073720681Z:              \    \         __/
[STDERR  ] 2018-01-25T16:27:15.073726306Z:               \____\_______/
[STDERR  ] 2018-01-25T16:27:15.073733628Z: 
[STDERR  ] 2018-01-25T16:27:15.073741341Z: [    4.811468] 8021q: adding VLAN 0 to HW filter on device eth0
[STDERR  ] 2018-01-25T16:27:15.073752782Z: eth0: waiting for carrier
[STDERR  ] 2018-01-25T16:27:15.073760856Z: eth0: carrier acquired
[STDERR  ] 2018-01-25T16:27:15.073769129Z: DUID 00:01:00:01:21:fc:c1:dc:e6:c0:92:b9:a7:48
[STDERR  ] 2018-01-25T16:27:15.073776915Z: eth0: IAID 92:b9:a7:48
[STDERR  ] 2018-01-25T16:27:15.07378494Z: eth0: adding address fe80::cdb:ddac:e0d0:9620
[STDERR  ] 2018-01-25T16:27:15.073792373Z: eth0: soliciting an IPv6 router
[STDERR  ] 2018-01-25T16:27:15.073799917Z: eth0: soliciting a DHCP lease
[STDERR  ] 2018-01-25T16:27:15.073808359Z: eth0: offered 10.0.2.15 from 10.0.2.2
[STDERR  ] 2018-01-25T16:27:15.07381713Z: eth0: leased 10.0.2.15 for 86400 seconds
[STDERR  ] 2018-01-25T16:27:15.073825669Z: eth0: adding route to 10.0.2.0/24
[STDERR  ] 2018-01-25T16:27:15.073834394Z: eth0: adding default route via 10.0.2.2
[STDERR  ] 2018-01-25T16:27:15.073843016Z: exiting due to oneshot
[STDERR  ] 2018-01-25T16:27:15.073850902Z: dhcpcd exited
[STDERR  ] 2018-01-25T16:27:15.073858617Z: [    4.893028] IPVS: Creating netns size=2104 id=1
[STDERR  ] 2018-01-25T16:27:15.073866851Z: [    4.897678] IPVS: ftp: loaded support on port[0] = 21
[STDERR  ] 2018-01-25T16:27:15.073873934Z: [    4.921677] wireguard: loading out-of-tree module taints kernel.
[STDERR  ] 2018-01-25T16:27:15.0738823Z: [    4.932373] wireguard: WireGuard 0.0.20180118 loaded. See www.wireguard.com for information.
[STDERR  ] 2018-01-25T16:27:15.073888108Z: [    4.941404] wireguard: Copyright (C) 2015-2018 Jason A. Donenfeld <Jason@zx2c4.com>. All Rights Reserved.
[STDERR  ] 2018-01-25T16:27:15.073894317Z: Created interface wg0 type wireguard
[STDERR  ] 2018-01-25T16:27:15.073900098Z: Moved interface wg0 to pid 339
[STDERR  ] 2018-01-25T16:27:15.073905743Z: [#] wg setconf wg0 /dev/fd/63
[STDERR  ] 2018-01-25T16:27:15.073911728Z: [#] ip address add 192.168.2.1/24 dev wg0
[STDERR  ] 2018-01-25T16:27:15.073917705Z: [#] ip link set mtu 65456 dev wg0
[STDERR  ] 2018-01-25T16:27:15.073923411Z: [#] ip link set wg0 up
[STDERR  ] 2018-01-25T16:27:15.07392918Z: [#] ip route add 0.0.0.0/0 dev wg0
[STDERR  ] 2018-01-25T16:27:15.073934748Z: [    5.086529] IPVS: Creating netns size=2104 id=2
[STDERR  ] 2018-01-25T16:27:15.073940508Z: [    5.090868] IPVS: ftp: loaded support on port[0] = 21
[STDERR  ] 2018-01-25T16:27:15.073946442Z: Created interface wg1 type wireguard
[STDERR  ] 2018-01-25T16:27:15.073951968Z: Moved interface wg1 to pid 396
[STDERR  ] 2018-01-25T16:27:15.073957569Z: [#] wg setconf wg1 /dev/fd/63
[STDERR  ] 2018-01-25T16:27:15.073963227Z: [#] ip address add 192.168.2.2/24 dev wg1
[STDERR  ] 2018-01-25T16:27:15.073972507Z: [#] ip link set mtu 65456 dev wg1
[STDERR  ] 2018-01-25T16:27:15.073978407Z: [#] ip link set wg1 up
[STDERR  ] 2018-01-25T16:27:15.073984137Z: [#] ip route add 0.0.0.0/0 dev wg1
[STDERR  ] 2018-01-25T16:27:15.073990109Z: [34mINFO[0m[0000] starting containerd                           [34mmodule[0m=containerd [34mrevision[0m=9b55aab90508bd389d7654c4baf173a981477d55 [34mversion[0m=v1.0.1
[STDERR  ] 2018-01-25T16:27:15.07399915Z: [34mINFO[0m[0000] loading plugin "io.containerd.content.v1.content"...  [34mmodule[0m=containerd [34mtype[0m=io.containerd.content.v1
[STDERR  ] 2018-01-25T16:27:15.074007778Z: [34mINFO[0m[0000] loading plugin "io.containerd.snapshotter.v1.btrfs"...  [34mmodule[0m=containerd [34mtype[0m=io.containerd.snapshotter.v1
[STDERR  ] 2018-01-25T16:27:15.074013929Z: [33mWARN[0m[0000] failed to load plugin io.containerd.snapshotter.v1.btrfs  [33merror[0m="path /var/lib/containerd/io.containerd.snapshotter.v1.btrfs must be a btrfs filesystem to be used with the btrfs snapshotter" [33mmodule[0m=containerd
[STDERR  ] 2018-01-25T16:27:15.074025482Z: [34mINFO[0m[0000] loading plugin "io.containerd.snapshotter.v1.overlayfs"...  [34mmodule[0m=containerd [34mtype[0m=io.containerd.snapshotter.v1
[STDERR  ] 2018-01-25T16:27:15.07403179Z: [34mINFO[0m[0000] loading plugin "io.containerd.metadata.v1.bolt"...  [34mmodule[0m=containerd [34mtype[0m=io.containerd.metadata.v1
[STDERR  ] 2018-01-25T16:27:15.074042349Z: [33mWARN[0m[0000] could not use snapshotter btrfs in metadata plugin  [33merror[0m="path /var/lib/containerd/io.containerd.snapshotter.v1.btrfs must be a btrfs filesystem to be used with the btrfs snapshotter" [33mmodule[0m="containerd/io.containerd.metadata.v1.bolt"
[STDERR  ] 2018-01-25T16:27:15.074048417Z: [34mINFO[0m[0000] loading plugin "io.containerd.differ.v1.walking"...  [34mmodule[0m=containerd [34mtype[0m=io.containerd.differ.v1
[STDERR  ] 2018-01-25T16:27:15.074054618Z: [34mINFO[0m[0000] loading plugin "io.containerd.gc.v1.scheduler"...  [34mmodule[0m=containerd [34mtype[0m=io.containerd.gc.v1
[STDERR  ] 2018-01-25T16:27:15.074060705Z: [34mINFO[0m[0000] loading plugin "io.containerd.grpc.v1.containers"...  [34mmodule[0m=containerd [34mtype[0m=io.containerd.grpc.v1
[STDERR  ] 2018-01-25T16:27:15.074066768Z: [34mINFO[0m[0000] loading plugin "io.containerd.grpc.v1.content"...  [34mmodule[0m=containerd [34mtype[0m=io.containerd.grpc.v1
[STDERR  ] 2018-01-25T16:27:15.074072528Z: [34mINFO[0m[0000] loading plugin "io.containerd.grpc.v1.diff"...  [34mmodule[0m=containerd [34mtype[0m=io.containerd.grpc.v1
[STDERR  ] 2018-01-25T16:27:15.074078424Z: [34mINFO[0m[0000] loading plugin "io.containerd.grpc.v1.events"...  [34mmodule[0m=containerd [34mtype[0m=io.containerd.grpc.v1
[STDERR  ] 2018-01-25T16:27:15.074084522Z: [34mINFO[0m[0000] loading plugin "io.containerd.grpc.v1.healthcheck"...  [34mmodule[0m=containerd [34mtype[0m=io.containerd.grpc.v1
[STDERR  ] 2018-01-25T16:27:15.074090478Z: [34mINFO[0m[0000] loading plugin "io.containerd.grpc.v1.images"...  [34mmodule[0m=containerd [34mtype[0m=io.containerd.grpc.v1
[STDERR  ] 2018-01-25T16:27:15.07409638Z: [34mINFO[0m[0000] loading plugin "io.containerd.grpc.v1.leases"...  [34mmodule[0m=containerd [34mtype[0m=io.containerd.grpc.v1
[STDERR  ] 2018-01-25T16:27:15.07410222Z: [34mINFO[0m[0000] loading plugin "io.containerd.grpc.v1.namespaces"...  [34mmodule[0m=containerd [34mtype[0m=io.containerd.grpc.v1
[STDERR  ] 2018-01-25T16:27:15.074107879Z: [34mINFO[0m[0000] loading plugin "io.containerd.grpc.v1.snapshots"...  [34mmodule[0m=containerd [34mtype[0m=io.containerd.grpc.v1
[STDERR  ] 2018-01-25T16:27:15.074113676Z: [34mINFO[0m[0000] loading plugin "io.containerd.monitor.v1.cgroups"...  [34mmodule[0m=containerd [34mtype[0m=io.containerd.monitor.v1
[STDERR  ] 2018-01-25T16:27:15.074121771Z: [34mINFO[0m[0000] loading plugin "io.containerd.runtime.v1.linux"...  [34mmodule[0m=containerd [34mtype[0m=io.containerd.runtime.v1
[STDERR  ] 2018-01-25T16:27:15.074130398Z: [34mINFO[0m[0000] loading plugin "io.containerd.grpc.v1.tasks"...  [34mmodule[0m=containerd [34mtype[0m=io.containerd.grpc.v1
[STDERR  ] 2018-01-25T16:27:15.074136192Z: [34mINFO[0m[0000] loading plugin "io.containerd.grpc.v1.version"...  [34mmodule[0m=containerd [34mtype[0m=io.containerd.grpc.v1
[STDERR  ] 2018-01-25T16:27:15.074142037Z: [34mINFO[0m[0000] loading plugin "io.containerd.grpc.v1.introspection"...  [34mmodule[0m=containerd [34mtype[0m=io.containerd.grpc.v1
[STDERR  ] 2018-01-25T16:27:15.074147606Z: [34mINFO[0m[0000] serving...                                    [34maddress[0m="/run/containerd/debug.sock" [34mmodule[0m="containerd/debug"
[STDERR  ] 2018-01-25T16:27:15.074153512Z: [34mINFO[0m[0000] serving...                                    [34maddress[0m="/run/containerd/containerd.sock" [34mmodule[0m="containerd/grpc"
[STDERR  ] 2018-01-25T16:27:15.074159152Z: [34mINFO[0m[0000] containerd successfully booted in 0.203221s   [34mmodule[0m=containerd
[STDERR  ] 2018-01-25T16:27:15.074167208Z: [34mINFO[0m[0000] shim containerd-shim started                  [34maddress[0m="/containerd-shim/services.linuxkit/nginx/shim.sock" [34mdebug[0m=false [34mmodule[0m="containerd/tasks" [34mpid[0m=448
[STDERR  ] 2018-01-25T16:27:15.074173486Z: [34mINFO[0m[0000] shim containerd-shim started                  [34maddress[0m="/containerd-shim/services.linuxkit/test/shim.sock" [34mdebug[0m=false [34mmodule[0m="containerd/tasks" [34mpid[0m=483
[STDERR  ] 2018-01-25T16:27:15.074182619Z: wireguard test suite PASSED
[STDERR  ] 2018-01-25T16:27:15.074188391Z: [   10.778862] ACPI: Preparing to enter system sleep state S5
[STDERR  ] 2018-01-25T16:27:15.074194392Z: [   10.785447] reboot: Power down
[STDERR  ] 2018-01-25T16:27:15.074201295Z: + echo [    0.000000] Linux version 4.9.78-linuxkit (root@9ac57ca26f22) (gcc version 6.4.0 (Alpine 6.4.0) ) #1 SMP Wed Jan 24 12:49:16 UTC 2018
[STDERR  ] 2018-01-25T16:27:15.074207068Z: [    0.000000] Command line: console=ttyS0 console=ttyAMA0
[STDERR  ] 2018-01-25T16:27:15.074215082Z: [    0.000000] x86/fpu: Legacy x87 FPU detected.
[STDERR  ] 2018-01-25T16:27:15.074220758Z: [    0.000000] x86/fpu: Using 'eager' FPU context switches.
[STDERR  ] 2018-01-25T16:27:15.074226327Z: [    0.000000] e820: BIOS-provided physical RAM map:
[STDERR  ] 2018-01-25T16:27:15.074231967Z: [    0.000000] BIOS-e820: [mem 0x0000000000000000-0x000000000009fbff] usable
[STDERR  ] 2018-01-25T16:27:15.074240177Z: [    0.000000] BIOS-e820: [mem 0x000000000009fc00-0x000000000009ffff] reserved
[STDERR  ] 2018-01-25T16:27:15.074245943Z: [    0.000000] BIOS-e820: [mem 0x00000000000f0000-0x00000000000fffff] reserved
[STDERR  ] 2018-01-25T16:27:15.0742515Z: [    0.000000] BIOS-e820: [mem 0x0000000000100000-0x000000003ffdefff] usable
[STDERR  ] 2018-01-25T16:27:15.074257091Z: [    0.000000] BIOS-e820: [mem 0x000000003ffdf000-0x000000003fffffff] reserved
[STDERR  ] 2018-01-25T16:27:15.074262646Z: [    0.000000] BIOS-e820: [mem 0x00000000b0000000-0x00000000bfffffff] reserved
[STDERR  ] 2018-01-25T16:27:15.074268161Z: [    0.000000] BIOS-e820: [mem 0x00000000fed1c000-0x00000000fed1ffff] reserved
[STDERR  ] 2018-01-25T16:27:15.074273711Z: [    0.000000] BIOS-e820: [mem 0x00000000feffc000-0x00000000feffffff] reserved
[STDERR  ] 2018-01-25T16:27:15.074280919Z: [    0.000000] BIOS-e820: [mem 0x00000000fffc0000-0x00000000ffffffff] reserved
[STDERR  ] 2018-01-25T16:27:15.074286467Z: [    0.000000] NX (Execute Disable) protection: active
[STDERR  ] 2018-01-25T16:27:15.074296086Z: [    0.000000] SMBIOS 2.8 present.
[STDERR  ] 2018-01-25T16:27:15.074301764Z: [    0.000000] Hypervisor detected: KVM
[STDERR  ] 2018-01-25T16:27:15.074307299Z: [    0.000000] e820: last_pfn = 0x3ffdf max_arch_pfn = 0x400000000
[STDERR  ] 2018-01-25T16:27:15.074312849Z: [    0.000000] x86/PAT: PAT not supported by CPU.
[STDERR  ] 2018-01-25T16:27:15.074318412Z: [    0.000000] x86/PAT: Configuration [0-7]: WB  WT  UC- UC  WB  WT  UC- UC  
[STDERR  ] 2018-01-25T16:27:15.074326951Z: [    0.000000] found SMP MP-table at [mem 0x000f6aa0-0x000f6aaf] mapped at [ffff9436c00f6aa0]
[STDERR  ] 2018-01-25T16:27:15.074332785Z: [    0.000000] RAMDISK: [mem 0x3aa5e000-0x3ffcffff]
[STDERR  ] 2018-01-25T16:27:15.074338392Z: [    0.000000] ACPI: Early table checksum verification disabled
[STDERR  ] 2018-01-25T16:27:15.074343984Z: [    0.000000] ACPI: RSDP 0x00000000000F68B0 000014 (v00 BOCHS )
[STDERR  ] 2018-01-25T16:27:15.074349519Z: [    0.000000] ACPI: RSDT 0x000000003FFE20A8 000034 (v01 BOCHS  BXPCRSDT 00000001 BXPC 00000001)
[STDERR  ] 2018-01-25T16:27:15.074355113Z: [    0.000000] ACPI: FACP 0x000000003FFE1EC8 0000F4 (v03 BOCHS  BXPCFACP 00000001 BXPC 00000001)
[STDERR  ] 2018-01-25T16:27:15.074360765Z: [    0.000000] ACPI: DSDT 0x000000003FFE0040 001E88 (v01 BOCHS  BXPCDSDT 00000001 BXPC 00000001)
[STDERR  ] 2018-01-25T16:27:15.074366321Z: [    0.000000] ACPI: FACS 0x000000003FFE0000 000040
[STDERR  ] 2018-01-25T16:27:15.074374216Z: [    0.000000] ACPI: APIC 0x000000003FFE1FBC 000078 (v01 BOCHS  BXPCAPIC 00000001 BXPC 00000001)
[STDERR  ] 2018-01-25T16:27:15.074379847Z: [    0.000000] ACPI: HPET 0x000000003FFE2034 000038 (v01 BOCHS  BXPCHPET 00000001 BXPC 00000001)
[STDERR  ] 2018-01-25T16:27:15.074385485Z: [    0.000000] ACPI: MCFG 0x000000003FFE206C 00003C (v01 BOCHS  BXPCMCFG 00000001 BXPC 00000001)
[STDERR  ] 2018-01-25T16:27:15.074391078Z: [    0.000000] kvm-clock: Using msrs 4b564d01 and 4b564d00
[STDERR  ] 2018-01-25T16:27:15.074399262Z: [    0.000000] kvm-clock: cpu 0, msr 0:3ffdd001, primary cpu clock
[STDERR  ] 2018-01-25T16:27:15.074404915Z: [    0.000000] clocksource: kvm-clock: mask: 0xffffffffffffffff max_cycles: 0x1cd42e4dffb, max_idle_ns: 881590591483 ns
[STDERR  ] 2018-01-25T16:27:15.074410575Z: [    0.000000] Zone ranges:
[STDERR  ] 2018-01-25T16:27:15.074416121Z: [    0.000000]   DMA      [mem 0x0000000000001000-0x0000000000ffffff]
[STDERR  ] 2018-01-25T16:27:15.074421734Z: [    0.000000]   DMA32    [mem 0x0000000001000000-0x000000003ffdefff]
[STDERR  ] 2018-01-25T16:27:15.074427233Z: [    0.000000]   Normal   empty
[STDERR  ] 2018-01-25T16:27:15.074432821Z: [    0.000000] Movable zone start for each node
[STDERR  ] 2018-01-25T16:27:15.07443846Z: [    0.000000] Early memory node ranges
[STDERR  ] 2018-01-25T16:27:15.074444045Z: [    0.000000]   node   0: [mem 0x0000000000001000-0x000000000009efff]
[STDERR  ] 2018-01-25T16:27:15.074449538Z: [    0.000000]   node   0: [mem 0x0000000000100000-0x000000003ffdefff]
[STDERR  ] 2018-01-25T16:27:15.074455012Z: [    0.000000] Initmem setup node 0 [mem 0x0000000000001000-0x000000003ffdefff]
[STDERR  ] 2018-01-25T16:27:15.074460601Z: [    0.000000] ACPI: PM-Timer IO Port: 0x608
[STDERR  ] 2018-01-25T16:27:15.074466172Z: [    0.000000] ACPI: LAPIC_NMI (acpi_id[0xff] dfl dfl lint[0x1])
[STDERR  ] 2018-01-25T16:27:15.074471746Z: [    0.000000] IOAPIC[0]: apic_id 0, version 17, address 0xfec00000, GSI 0-23
[STDERR  ] 2018-01-25T16:27:15.074477338Z: [    0.000000] ACPI: INT_SRC_OVR (bus 0 bus_irq 0 global_irq 2 dfl dfl)
[STDERR  ] 2018-01-25T16:27:15.074482913Z: [    0.000000] ACPI: INT_SRC_OVR (bus 0 bus_irq 5 global_irq 5 high level)
[STDERR  ] 2018-01-25T16:27:15.074488391Z: [    0.000000] ACPI: INT_SRC_OVR (bus 0 bus_irq 9 global_irq 9 high level)
[STDERR  ] 2018-01-25T16:27:15.074493926Z: [    0.000000] ACPI: INT_SRC_OVR (bus 0 bus_irq 10 global_irq 10 high level)
[STDERR  ] 2018-01-25T16:27:15.074499503Z: [    0.000000] ACPI: INT_SRC_OVR (bus 0 bus_irq 11 global_irq 11 high level)
[STDERR  ] 2018-01-25T16:27:15.074505033Z: [    0.000000] Using ACPI (MADT) for SMP configuration information
[STDERR  ] 2018-01-25T16:27:15.074516664Z: [    0.000000] ACPI: HPET id: 0x8086a201 base: 0xfed00000
[STDERR  ] 2018-01-25T16:27:15.074522591Z: [    0.000000] smpboot: Allowing 1 CPUs, 0 hotplug CPUs
[STDERR  ] 2018-01-25T16:27:15.074528197Z: [    0.000000] e820: [mem 0x40000000-0xafffffff] available for PCI devices
[STDERR  ] 2018-01-25T16:27:15.074533779Z: [    0.000000] Booting paravirtualized kernel on KVM
[STDERR  ] 2018-01-25T16:27:15.074543889Z: [    0.000000] clocksource: refined-jiffies: mask: 0xffffffff max_cycles: 0xffffffff, max_idle_ns: 19112604462750000 ns
[STDERR  ] 2018-01-25T16:27:15.074549776Z: [    0.000000] setup_percpu: NR_CPUS:128 nr_cpumask_bits:128 nr_cpu_ids:1 nr_node_ids:1
[STDERR  ] 2018-01-25T16:27:15.074557328Z: [    0.000000] percpu: Embedded 36 pages/cpu @ffff9436fa800000 s106904 r8192 d32360 u2097152
[STDERR  ] 2018-01-25T16:27:15.07456294Z: [    0.000000] KVM setup async PF for cpu 0
[STDERR  ] 2018-01-25T16:27:15.074568778Z: [    0.000000] kvm-stealtime: cpu 0, msr 3a80fd80
[STDERR  ] 2018-01-25T16:27:15.074574355Z: [    0.000000] Built 1 zonelists in Zone order, mobility grouping on.  Total pages: 257896
[STDERR  ] 2018-01-25T16:27:15.07457993Z: [    0.000000] Kernel command line: console=ttyS0 console=ttyAMA0
[STDERR  ] 2018-01-25T16:27:15.074585491Z: [    0.000000] PID hash table entries: 4096 (order: 3, 32768 bytes)
[STDERR  ] 2018-01-25T16:27:15.07459104Z: [    0.000000] Dentry cache hash table entries: 131072 (order: 8, 1048576 bytes)
[STDERR  ] 2018-01-25T16:27:15.074599565Z: [    0.000000] Inode-cache hash table entries: 65536 (order: 7, 524288 bytes)
[STDERR  ] 2018-01-25T16:27:15.074605428Z: [    0.000000] Memory: 926624K/1048052K available (8055K kernel code, 1391K rwdata, 2704K rodata, 1400K init, 564K bss, 121428K reserved, 0K cma-reserved)
[STDERR  ] 2018-01-25T16:27:15.074611331Z: [    0.000000] Kernel/User page tables isolation: enabled
[STDERR  ] 2018-01-25T16:27:15.074620118Z: [    0.000000] Hierarchical RCU implementation.
[STDERR  ] 2018-01-25T16:27:15.074625818Z: [    0.000000] 	Build-time adjustment of leaf fanout to 64.
[STDERR  ] 2018-01-25T16:27:15.074631382Z: [    0.000000] 	RCU restricting CPUs from NR_CPUS=128 to nr_cpu_ids=1.
[STDERR  ] 2018-01-25T16:27:15.074637014Z: [    0.000000] RCU: Adjusting geometry for rcu_fanout_leaf=64, nr_cpu_ids=1
[STDERR  ] 2018-01-25T16:27:15.074642518Z: [    0.000000] NR_IRQS:8448 nr_irqs:256 16
[STDERR  ] 2018-01-25T16:27:15.074648124Z: [    0.000000] Console: colour VGA+ 80x25
[STDERR  ] 2018-01-25T16:27:15.074653933Z: [    0.000000] console [ttyS0] enabled
[STDERR  ] 2018-01-25T16:27:15.074659493Z: [    0.000000] clocksource: hpet: mask: 0xffffffff max_cycles: 0xffffffff, max_idle_ns: 19112604467 ns
[STDERR  ] 2018-01-25T16:27:15.074666939Z: [    0.000000] tsc: Detected 2299.940 MHz processor
[STDERR  ] 2018-01-25T16:27:15.074672521Z: [    0.020000] Calibrating delay loop (skipped) preset value.. 4599.88 BogoMIPS (lpj=22999400)
[STDERR  ] 2018-01-25T16:27:15.074678166Z: [    0.020034] pid_max: default: 32768 minimum: 301
[STDERR  ] 2018-01-25T16:27:15.074686785Z: [    0.024031] ACPI: Core revision 20160831
[STDERR  ] 2018-01-25T16:27:15.074692425Z: [    0.028155] ACPI: 1 ACPI AML tables successfully acquired and loaded
[STDERR  ] 2018-01-25T16:27:15.07469802Z: [    0.034082] Security Framework initialized
[STDERR  ] 2018-01-25T16:27:15.074703707Z: [    0.037584] Yama: becoming mindful.
[STDERR  ] 2018-01-25T16:27:15.074709277Z: [    0.040083] Mount-cache hash table entries: 2048 (order: 2, 16384 bytes)
[STDERR  ] 2018-01-25T16:27:15.074714893Z: [    0.045893] Mountpoint-cache hash table entries: 2048 (order: 2, 16384 bytes)
[STDERR  ] 2018-01-25T16:27:15.074720459Z: [    0.050952] CPU: Physical Processor ID: 0
[STDERR  ] 2018-01-25T16:27:15.07472604Z: [    0.054679] Last level iTLB entries: 4KB 0, 2MB 0, 4MB 0
[STDERR  ] 2018-01-25T16:27:15.074753808Z: [    0.060032] Last level dTLB entries: 4KB 0, 2MB 0, 4MB 0, 1GB 0
[STDERR  ] 2018-01-25T16:27:15.074759483Z: [    0.065137] Spectre V2 mitigation: Vulnerable: Minimal generic ASM retpoline
[STDERR  ] 2018-01-25T16:27:15.074765239Z: [    0.196129] Freeing SMP alternatives memory: 20K
[STDERR  ] 2018-01-25T16:27:15.074770871Z: [    0.231162] ftrace: allocating 35561 entries in 139 pages
[STDERR  ] 2018-01-25T16:27:15.074776535Z: [    0.250152] smpboot: Max logical packages: 1
[STDERR  ] 2018-01-25T16:27:15.074782214Z: [    0.260763] x2apic enabled
[STDERR  ] 2018-01-25T16:27:15.074791701Z: [    0.265695] Switched APIC routing to physical x2apic.
[STDERR  ] 2018-01-25T16:27:15.074797362Z: [    0.282351] ..TIMER: vector=0x30 apic1=0 pin1=2 apic2=-1 pin2=-1
[STDERR  ] 2018-01-25T16:27:15.074805211Z: [    0.290000] smpboot: CPU0: Intel QEMU Virtual CPU version 2.5+ (family: 0x6, model: 0x6, stepping: 0x3)
[STDERR  ] 2018-01-25T16:27:15.074810997Z: [    0.290000] Performance Events: PMU not available due to virtualization, using software events only.
[STDERR  ] 2018-01-25T16:27:15.074816628Z: [    0.300688] x86: Booted up 1 node, 1 CPUs
[STDERR  ] 2018-01-25T16:27:15.074822389Z: [    0.304327] smpboot: Total of 1 processors activated (4599.88 BogoMIPS)
[STDERR  ] 2018-01-25T16:27:15.074828021Z: [    0.312451] devtmpfs: initialized
[STDERR  ] 2018-01-25T16:27:15.074833678Z: [    0.320089] x86/mm: Memory block size: 128MB
[STDERR  ] 2018-01-25T16:27:15.074841564Z: [    0.327768] clocksource: jiffies: mask: 0xffffffff max_cycles: 0xffffffff, max_idle_ns: 19112604462750000 ns
[STDERR  ] 2018-01-25T16:27:15.074847349Z: [    0.330018] futex hash table entries: 256 (order: 2, 16384 bytes)
[STDERR  ] 2018-01-25T16:27:15.074853229Z: [    0.340228] NET: Registered protocol family 16
[STDERR  ] 2018-01-25T16:27:15.074858907Z: [    0.344415] cpuidle: using governor ladder
[STDERR  ] 2018-01-25T16:27:15.074864488Z: [    0.347960] cpuidle: using governor menu
[STDERR  ] 2018-01-25T16:27:15.074870235Z: [    0.350308] ACPI: bus type PCI registered
[STDERR  ] 2018-01-25T16:27:15.07487878Z: [    0.354230] PCI: MMCONFIG for domain 0000 [bus 00-ff] at [mem 0xb0000000-0xbfffffff] (base 0xb0000000)
[STDERR  ] 2018-01-25T16:27:15.074884634Z: [    0.360012] PCI: MMCONFIG at [mem 0xb0000000-0xbfffffff] reserved in E820
[STDERR  ] 2018-01-25T16:27:15.074890494Z: [    0.370030] PCI: Using configuration type 1 for base access
[STDERR  ] 2018-01-25T16:27:15.074896133Z: [    0.376602] HugeTLB registered 2 MB page size, pre-allocated 0 pages
[STDERR  ] 2018-01-25T16:27:15.074902088Z: [    0.380271] ACPI: Added _OSI(Module Device)
[STDERR  ] 2018-01-25T16:27:15.074907898Z: [    0.383873] ACPI: Added _OSI(Processor Device)
[STDERR  ] 2018-01-25T16:27:15.074913576Z: [    0.390010] ACPI: Added _OSI(3.0 _SCP Extensions)
[STDERR  ] 2018-01-25T16:27:15.074919194Z: [    0.394010] ACPI: Added _OSI(Processor Aggregator Device)
[STDERR  ] 2018-01-25T16:27:15.074924919Z: [    0.405601] ACPI: Interpreter enabled
[STDERR  ] 2018-01-25T16:27:15.074930546Z: [    0.408845] ACPI: (supports S0 S5)
[STDERR  ] 2018-01-25T16:27:15.074938236Z: [    0.410010] ACPI: Using IOAPIC for interrupt routing
[STDERR  ] 2018-01-25T16:27:15.074943936Z: [    0.414545] PCI: Using host bridge windows from ACPI; if necessary, use "pci=nocrs" and report a bug
[STDERR  ] 2018-01-25T16:27:15.074949834Z: [    0.422953] ACPI: PCI Root Bridge [PCI0] (domain 0000 [bus 00-ff])
[STDERR  ] 2018-01-25T16:27:15.074955522Z: [    0.430023] acpi PNP0A08:00: _OSC: OS supports [ExtendedConfig ASPM ClockPM Segments MSI]
[STDERR  ] 2018-01-25T16:27:15.074963561Z: [    0.440177] acpi PNP0A08:00: _OSC: OS now controls [PCIeHotplug PME PCIeCapability]
[STDERR  ] 2018-01-25T16:27:15.074969457Z: [    0.446740] PCI host bridge to bus 0000:00
[STDERR  ] 2018-01-25T16:27:15.074975136Z: [    0.450012] pci_bus 0000:00: root bus resource [io  0x0000-0x0cf7 window]
[STDERR  ] 2018-01-25T16:27:15.074980781Z: [    0.455661] pci_bus 0000:00: root bus resource [io  0x0d00-0xffff window]
[STDERR  ] 2018-01-25T16:27:15.074986375Z: [    0.460013] pci_bus 0000:00: root bus resource [mem 0x000a0000-0x000bffff window]
[STDERR  ] 2018-01-25T16:27:15.074992981Z: [    0.470012] pci_bus 0000:00: root bus resource [mem 0xc0000000-0xfebfffff window]
[STDERR  ] 2018-01-25T16:27:15.075001147Z: [    0.476287] pci_bus 0000:00: root bus resource [bus 00-ff]
[STDERR  ] 2018-01-25T16:27:15.075009268Z: [    0.644841] pci 0000:00:1f.0: quirk: [io  0x0600-0x067f] claimed by ICH6 ACPI/GPIO/TCO
[STDERR  ] 2018-01-25T16:27:15.075017386Z: [    0.727755] ACPI: PCI Interrupt Link [LNKA] (IRQs 5 *10 11)
[STDERR  ] 2018-01-25T16:27:15.075031051Z: [    0.731905] ACPI: PCI Interrupt Link [LNKB] (IRQs 5 *10 11)
[STDERR  ] 2018-01-25T16:27:15.075039285Z: [    0.740656] ACPI: PCI Interrupt Link [LNKC] (IRQs 5 10 *11)
[STDERR  ] 2018-01-25T16:27:15.075047831Z: [    0.747026] ACPI: PCI Interrupt Link [LNKD] (IRQs 5 10 *11)
[STDERR  ] 2018-01-25T16:27:15.075053943Z: [    0.752074] ACPI: PCI Interrupt Link [LNKE] (IRQs 5 *10 11)
[STDERR  ] 2018-01-25T16:27:15.075059571Z: [    0.760025] ACPI: PCI Interrupt Link [LNKF] (IRQs 5 *10 11)
[STDERR  ] 2018-01-25T16:27:15.075065257Z: [    0.766640] ACPI: PCI Interrupt Link [LNKG] (IRQs 5 10 *11)
[STDERR  ] 2018-01-25T16:27:15.075071036Z: [    0.771995] ACPI: PCI Interrupt Link [LNKH] (IRQs 5 10 *11)
[STDERR  ] 2018-01-25T16:27:15.075076757Z: [    0.778335] ACPI: PCI Interrupt Link [GSIA] (IRQs *16)
[STDERR  ] 2018-01-25T16:27:15.075082517Z: [    0.780981] ACPI: PCI Interrupt Link [GSIB] (IRQs *17)
[STDERR  ] 2018-01-25T16:27:15.075088282Z: [    0.791053] ACPI: PCI Interrupt Link [GSIC] (IRQs *18)
[STDERR  ] 2018-01-25T16:27:15.075093851Z: [    0.796641] ACPI: PCI Interrupt Link [GSID] (IRQs *19)
[STDERR  ] 2018-01-25T16:27:15.075101419Z: [    0.801073] ACPI: PCI Interrupt Link [GSIE] (IRQs *20)
[STDERR  ] 2018-01-25T16:27:15.075107011Z: [    0.806545] ACPI: PCI Interrupt Link [GSIF] (IRQs *21)
[STDERR  ] 2018-01-25T16:27:15.075114525Z: [    0.811049] ACPI: PCI Interrupt Link [GSIG] (IRQs *22)
[STDERR  ] 2018-01-25T16:27:15.075120194Z: [    0.816443] ACPI: PCI Interrupt Link [GSIH] (IRQs *23)
[STDERR  ] 2018-01-25T16:27:15.075129685Z: [    0.821314] ACPI: Enabled 1 GPEs in block 00 to 3F
[STDERR  ] 2018-01-25T16:27:15.075135492Z: [    0.830020] SCSI subsystem initialized
[STDERR  ] 2018-01-25T16:27:15.075141032Z: [    0.834120] ACPI: bus type USB registered
[STDERR  ] 2018-01-25T16:27:15.075146562Z: [    0.838152] usbcore: registered new interface driver usbfs
[STDERR  ] 2018-01-25T16:27:15.075152106Z: [    0.840051] usbcore: registered new interface driver hub
[STDERR  ] 2018-01-25T16:27:15.075157676Z: [    0.845500] usbcore: registered new device driver usb
[STDERR  ] 2018-01-25T16:27:15.075163295Z: [    0.850068] pps_core: LinuxPPS API ver. 1 registered
[STDERR  ] 2018-01-25T16:27:15.075168875Z: [    0.854977] pps_core: Software ver. 5.3.6 - Copyright 2005-2007 Rodolfo Giometti <giometti@linux.it>
[STDERR  ] 2018-01-25T16:27:15.075174756Z: [    0.860029] PTP clock support registered
[STDERR  ] 2018-01-25T16:27:15.075180462Z: [    0.870099] PCI: Using ACPI for IRQ routing
[STDERR  ] 2018-01-25T16:27:15.075186192Z: [    1.284919] NetLabel: Initializing
[STDERR  ] 2018-01-25T16:27:15.075191802Z: [    1.287866] NetLabel:  domain hash size = 128
[STDERR  ] 2018-01-25T16:27:15.075197449Z: [    1.290009] NetLabel:  protocols = UNLABELED CIPSOv4
[STDERR  ] 2018-01-25T16:27:15.075203007Z: [    1.294258] NetLabel:  unlabeled traffic allowed by default
[STDERR  ] 2018-01-25T16:27:15.075208753Z: [    1.300067] wmi: Mapper loaded
[STDERR  ] 2018-01-25T16:27:15.075214442Z: [    1.302879] HPET: 3 timers in total, 0 timers will be used for per-cpu timer
[STDERR  ] 2018-01-25T16:27:15.075222157Z: [    1.308989] hpet0: at MMIO 0xfed00000, IRQs 2, 8, 0
[STDERR  ] 2018-01-25T16:27:15.075227785Z: [    1.311249] hpet0: 3 comparators, 64-bit 100.000000 MHz counter
[STDERR  ] 2018-01-25T16:27:15.075233394Z: [    1.322290] clocksource: Switched to clocksource kvm-clock
[STDERR  ] 2018-01-25T16:27:15.075239075Z: [    1.341906] VFS: Disk quotas dquot_6.6.0
[STDERR  ] 2018-01-25T16:27:15.075244671Z: [    1.345459] VFS: Dquot-cache hash table entries: 512 (order 0, 4096 bytes)
[STDERR  ] 2018-01-25T16:27:15.075250308Z: [    1.351555] FS-Cache: Loaded
[STDERR  ] 2018-01-25T16:27:15.075258549Z: [    1.354212] CacheFiles: Loaded
[STDERR  ] 2018-01-25T16:27:15.075265895Z: [    1.356983] pnp: PnP ACPI init
[STDERR  ] 2018-01-25T16:27:15.075271605Z: [    1.360761] pnp: PnP ACPI: found 5 devices
[STDERR  ] 2018-01-25T16:27:15.075277183Z: [    1.370405] clocksource: acpi_pm: mask: 0xffffff max_cycles: 0xffffff, max_idle_ns: 2085701024 ns
[STDERR  ] 2018-01-25T16:27:15.075285945Z: [    1.377908] NET: Registered protocol family 2
[STDERR  ] 2018-01-25T16:27:15.07529158Z: [    1.381918] TCP established hash table entries: 8192 (order: 4, 65536 bytes)
[STDERR  ] 2018-01-25T16:27:15.075297245Z: [    1.387888] TCP bind hash table entries: 8192 (order: 5, 131072 bytes)
[STDERR  ] 2018-01-25T16:27:15.07530282Z: [    1.393444] TCP: Hash tables configured (established 8192 bind 8192)
[STDERR  ] 2018-01-25T16:27:15.07530844Z: [    1.398875] UDP hash table entries: 512 (order: 2, 16384 bytes)
[STDERR  ] 2018-01-25T16:27:15.075314023Z: [    1.403945] UDP-Lite hash table entries: 512 (order: 2, 16384 bytes)
[STDERR  ] 2018-01-25T16:27:15.075319672Z: [    1.409371] NET: Registered protocol family 1
[STDERR  ] 2018-01-25T16:27:15.075327197Z: [    1.413431] pci 0000:00:01.0: Video device with shadowed ROM at [mem 0x000c0000-0x000dffff]
[STDERR  ] 2018-01-25T16:27:15.075332865Z: [    1.420848] Unpacking initramfs...
[STDERR  ] 2018-01-25T16:27:15.075338457Z: [    2.963569] Freeing initrd memory: 87496K
[STDERR  ] 2018-01-25T16:27:15.0753453Z: [    2.968350] PCLMULQDQ-NI instructions are not detected.
[STDERR  ] 2018-01-25T16:27:15.075351175Z: [    2.972995] AVX or AES-NI instructions are not detected.
[STDERR  ] 2018-01-25T16:27:15.075356715Z: [    2.977466] CPU feature 'AVX registers' is not supported.
[STDERR  ] 2018-01-25T16:27:15.075364263Z: [    2.982148] CPU feature 'AVX registers' is not supported.
[STDERR  ] 2018-01-25T16:27:15.075373351Z: [    2.986651] CPU feature 'AVX registers' is not supported.
[STDERR  ] 2018-01-25T16:27:15.075378967Z: [    2.991302] CPU feature 'AVX registers' is not supported.
[STDERR  ] 2018-01-25T16:27:15.075384477Z: [    2.995940] AVX2 or AES-NI instructions are not detected.
[STDERR  ] 2018-01-25T16:27:15.075389992Z: [    3.000607] AVX2 instructions are not detected.
[STDERR  ] 2018-01-25T16:27:15.075395544Z: [    3.004680] audit: initializing netlink subsys (disabled)
[STDERR  ] 2018-01-25T16:27:15.075401083Z: [    3.009361] audit: type=2000 audit(1516897625.629:1): initialized
[STDERR  ] 2018-01-25T16:27:15.075406716Z: [    3.014985] workingset: timestamp_bits=46 max_order=18 bucket_order=0
[STDERR  ] 2018-01-25T16:27:15.075412347Z: [    3.020698] squashfs: version 4.0 (2009/01/31) Phillip Lougher
[STDERR  ] 2018-01-25T16:27:15.075417867Z: [    3.025708] FS-Cache: Netfs 'cifs' registered for caching
[STDERR  ] 2018-01-25T16:27:15.075423654Z: [    3.030423] fuse init (API version 7.26)
[STDERR  ] 2018-01-25T16:27:15.075429246Z: [    3.033951] SGI XFS with ACLs, security attributes, no debug enabled
[STDERR  ] 2018-01-25T16:27:15.075434846Z: [    3.039469] 9p: Installing v9fs 9p2000 file system support
[STDERR  ] 2018-01-25T16:27:15.075440384Z: [    3.044197] FS-Cache: Netfs '9p' registered for caching
[STDERR  ] 2018-01-25T16:27:15.075445899Z: [    3.049648] NET: Registered protocol family 38
[STDERR  ] 2018-01-25T16:27:15.075451574Z: [    3.053563] Key type asymmetric registered
[STDERR  ] 2018-01-25T16:27:15.075457295Z: [    3.056993] Asymmetric key parser 'x509' registered
[STDERR  ] 2018-01-25T16:27:15.075462844Z: [    3.061204] Block layer SCSI generic (bsg) driver version 0.4 loaded (major 251)
[STDERR  ] 2018-01-25T16:27:15.075468394Z: [    3.067470] io scheduler noop registered
[STDERR  ] 2018-01-25T16:27:15.075474075Z: [    3.070909] io scheduler deadline registered (default)
[STDERR  ] 2018-01-25T16:27:15.075479667Z: [    3.075321] io scheduler cfq registered
[STDERR  ] 2018-01-25T16:27:15.0754855Z: [    3.078744] pci_hotplug: PCI Hot Plug PCI Core version: 0.5
[STDERR  ] 2018-01-25T16:27:15.075491055Z: [    3.083516] pciehp: PCI Express Hot Plug Controller Driver version: 0.4
[STDERR  ] 2018-01-25T16:27:15.075498681Z: [    3.089041] shpchp: Standard Hot Plug PCI Controller Driver version: 0.4
[STDERR  ] 2018-01-25T16:27:15.075504541Z: [    3.094760] hv_vmbus: registering driver hyperv_fb
[STDERR  ] 2018-01-25T16:27:15.075514149Z: [    3.098991] input: Power Button as /devices/LNXSYSTM:00/LNXPWRBN:00/input/input0
[STDERR  ] 2018-01-25T16:27:15.075523196Z: [    3.105207] ACPI: Power Button [PWRF]
[STDERR  ] 2018-01-25T16:27:15.075529211Z: [    3.108687] GHES: HEST is not enabled!
[STDERR  ] 2018-01-25T16:27:15.075535386Z: [    3.112479] ACPI: PCI Interrupt Link [GSIG] enabled at IRQ 22
[STDERR  ] 2018-01-25T16:27:15.075541061Z: [    3.125650] ACPI: PCI Interrupt Link [GSIH] enabled at IRQ 23
[STDERR  ] 2018-01-25T16:27:15.075546757Z: [    3.139173] xenfs: not registering filesystem on non-xen platform
[STDERR  ] 2018-01-25T16:27:15.075552597Z: [    3.144775] Serial: 8250/16550 driver, 4 ports, IRQ sharing disabled
[STDERR  ] 2018-01-25T16:27:15.075558365Z: [    3.183329] 00:04: ttyS0 at I/O 0x3f8 (irq = 4, base_baud = 115200) is a 16550A
[STDERR  ] 2018-01-25T16:27:15.075564126Z: [    3.190593] Non-volatile memory driver v1.3
[STDERR  ] 2018-01-25T16:27:15.075569872Z: [    3.195742] Hangcheck: starting hangcheck timer 0.9.1 (tick is 180 seconds, margin is 60 seconds).
[STDERR  ] 2018-01-25T16:27:15.075575669Z: [    3.203815] random: fast init done
[STDERR  ] 2018-01-25T16:27:15.075581355Z: [    3.207189] random: crng init done
[STDERR  ] 2018-01-25T16:27:15.075587031Z: [    3.212019] loop: module loaded
[STDERR  ] 2018-01-25T16:27:15.075592778Z: [    3.215549] nbd: registered device at major 43
[STDERR  ] 2018-01-25T16:27:15.075598505Z: [    3.221089] lpc_ich 0000:00:1f.0: I/O space for GPIO uninitialized
[STDERR  ] 2018-01-25T16:27:15.075604131Z: [    3.226476] VMware PVSCSI driver - version 1.0.7.0-k
[STDERR  ] 2018-01-25T16:27:15.075614331Z: [    3.230875] hv_vmbus: registering driver hv_storvsc
[STDERR  ] 2018-01-25T16:27:15.075620117Z: [    3.235479] ACPI: PCI Interrupt Link [GSIA] enabled at IRQ 16
[STDERR  ] 2018-01-25T16:27:15.075625845Z: [    3.243450] ahci 0000:00:1f.2: AHCI 0001.0000 32 slots 6 ports 1.5 Gbps 0x3f impl SATA mode
[STDERR  ] 2018-01-25T16:27:15.075631707Z: [    3.250639] ahci 0000:00:1f.2: flags: 64bit ncq only 
[STDERR  ] 2018-01-25T16:27:15.075637407Z: [    3.258438] scsi host0: ahci
[STDERR  ] 2018-01-25T16:27:15.075644905Z: [    3.261255] scsi host1: ahci
[STDERR  ] 2018-01-25T16:27:15.075650661Z: [    3.263967] scsi host2: ahci
[STDERR  ] 2018-01-25T16:27:15.075656276Z: [    3.266662] scsi host3: ahci
[STDERR  ] 2018-01-25T16:27:15.075661916Z: [    3.269335] scsi host4: ahci
[STDERR  ] 2018-01-25T16:27:15.075667559Z: [    3.272064] scsi host5: ahci
[STDERR  ] 2018-01-25T16:27:15.075673202Z: [    3.274688] ata1: SATA max UDMA/133 abar m4096@0xfebd2000 port 0xfebd2100 irq 24
[STDERR  ] 2018-01-25T16:27:15.075679413Z: [    3.281013] ata2: SATA max UDMA/133 abar m4096@0xfebd2000 port 0xfebd2180 irq 24
[STDERR  ] 2018-01-25T16:27:15.075688302Z: [    3.287404] ata3: SATA max UDMA/133 abar m4096@0xfebd2000 port 0xfebd2200 irq 24
[STDERR  ] 2018-01-25T16:27:15.075694018Z: [    3.293953] ata4: SATA max UDMA/133 abar m4096@0xfebd2000 port 0xfebd2280 irq 24
[STDERR  ] 2018-01-25T16:27:15.075699706Z: [    3.300364] ata5: SATA max UDMA/133 abar m4096@0xfebd2000 port 0xfebd2300 irq 24
[STDERR  ] 2018-01-25T16:27:15.075705334Z: [    3.306826] ata6: SATA max UDMA/133 abar m4096@0xfebd2000 port 0xfebd2380 irq 24
[STDERR  ] 2018-01-25T16:27:15.075711002Z: [    3.316213] tun: Universal TUN/TAP device driver, 1.6
[STDERR  ] 2018-01-25T16:27:15.075716737Z: [    3.320732] tun: (C) 1999-2004 Max Krasnyansky <maxk@qualcomm.com>
[STDERR  ] 2018-01-25T16:27:15.075722435Z: [    3.331397] VMware vmxnet3 virtual NIC driver - version 1.4.a.0-k-NAPI
[STDERR  ] 2018-01-25T16:27:15.075728092Z: [    3.336960] hv_vmbus: registering driver hv_netvsc
[STDERR  ] 2018-01-25T16:27:15.075735923Z: [    3.341199] Fusion MPT base driver 3.04.20
[STDERR  ] 2018-01-25T16:27:15.075746857Z: [    3.344880] Copyright (c) 1999-2008 LSI Corporation
[STDERR  ] 2018-01-25T16:27:15.075755184Z: [    3.349123] Fusion MPT SPI Host driver 3.04.20
[STDERR  ] 2018-01-25T16:27:15.075765805Z: [    3.353196] i8042: PNP: PS/2 Controller [PNP0303:KBD,PNP0f13:MOU] at 0x60,0x64 irq 1,12
[STDERR  ] 2018-01-25T16:27:15.075776163Z: [    3.363650] serio: i8042 KBD port at 0x60,0x64 irq 1
[STDERR  ] 2018-01-25T16:27:15.075787895Z: [    3.368031] serio: i8042 AUX port at 0x60,0x64 irq 12
[STDERR  ] 2018-01-25T16:27:15.075795256Z: [    3.372724] hv_vmbus: registering driver hyperv_keyboard
[STDERR  ] 2018-01-25T16:27:15.075803086Z: [    3.377356] mousedev: PS/2 mouse device common for all mice
[STDERR  ] 2018-01-25T16:27:15.07581066Z: [    3.383654] input: AT Translated Set 2 keyboard as /devices/platform/i8042/serio0/input/input1
[STDERR  ] 2018-01-25T16:27:15.075819395Z: [    3.391179] input: PC Speaker as /devices/platform/pcspkr/input/input2
[STDERR  ] 2018-01-25T16:27:15.075827923Z: [    3.397627] rtc_cmos 00:00: RTC can wake from S4
[STDERR  ] 2018-01-25T16:27:15.075836545Z: [    3.403271] rtc_cmos 00:00: rtc core: registered rtc_cmos as rtc0
[STDERR  ] 2018-01-25T16:27:15.075844452Z: [    3.409229] rtc_cmos 00:00: alarms up to one day, y3k, 114 bytes nvram, hpet irqs
[STDERR  ] 2018-01-25T16:27:15.075856151Z: [    3.415601] i2c /dev entries driver
[STDERR  ] 2018-01-25T16:27:15.075866626Z: [    3.418785] device-mapper: ioctl: 4.35.0-ioctl (2016-06-23) initialised: dm-devel@redhat.com
[STDERR  ] 2018-01-25T16:27:15.075873929Z: [    3.427031] usbcore: registered new interface driver usbhid
[STDERR  ] 2018-01-25T16:27:15.075879689Z: [    3.433754] usbhid: USB HID core driver
[STDERR  ] 2018-01-25T16:27:15.075885223Z: [    3.437291] hv_utils: Registering HyperV Utility Driver
[STDERR  ] 2018-01-25T16:27:15.075890795Z: [    3.442036] hv_vmbus: registering driver hv_util
[STDERR  ] 2018-01-25T16:27:15.075899831Z: [    3.446082] hv_vmbus: registering driver hv_balloon
[STDERR  ] 2018-01-25T16:27:15.07590555Z: [    3.450648] oprofile: using NMI interrupt.
[STDERR  ] 2018-01-25T16:27:15.075911141Z: [    3.454561] GACT probability on
[STDERR  ] 2018-01-25T16:27:15.07591687Z: [    3.457427] Mirror/redirect action on
[STDERR  ] 2018-01-25T16:27:15.07592236Z: [    3.461216] Simple TC action Loaded
[STDERR  ] 2018-01-25T16:27:15.0759283Z: [    3.464606] u32 classifier
[STDERR  ] 2018-01-25T16:27:15.075934048Z: [    3.467248]     Performance counters on
[STDERR  ] 2018-01-25T16:27:15.075941729Z: [    3.471844]     input device check on
[STDERR  ] 2018-01-25T16:27:15.075947672Z: [    3.475412]     Actions configured
[STDERR  ] 2018-01-25T16:27:15.075953468Z: [    3.478711] Netfilter messages via NETLINK v0.30.
[STDERR  ] 2018-01-25T16:27:15.075958977Z: [    3.483105] nfnl_acct: registering with nfnetlink.
[STDERR  ] 2018-01-25T16:27:15.075964524Z: [    3.487452] nf_conntrack version 0.5.0 (8192 buckets, 32768 max)
[STDERR  ] 2018-01-25T16:27:15.075970296Z: [    3.492876] ctnetlink v0.93: registering with nfnetlink.
[STDERR  ] 2018-01-25T16:27:15.075976148Z: [    3.497667] nf_tables: (c) 2007-2009 Patrick McHardy <kaber@trash.net>
[STDERR  ] 2018-01-25T16:27:15.075982299Z: [    3.503651] nf_tables_compat: (c) 2012 Pablo Neira Ayuso <pablo@netfilter.org>
[STDERR  ] 2018-01-25T16:27:15.075988045Z: [    3.509966] xt_time: kernel timezone is -0000
[STDERR  ] 2018-01-25T16:27:15.075993576Z: [    3.515026] ip_set: protocol 6
[STDERR  ] 2018-01-25T16:27:15.075999125Z: [    3.518653] IPVS: Registered protocols (TCP, UDP, SCTP, AH, ESP)
[STDERR  ] 2018-01-25T16:27:15.076006521Z: [    3.526307] IPVS: Connection hash table configured (size=4096, memory=64Kbytes)
[STDERR  ] 2018-01-25T16:27:15.076014147Z: [    3.532180] IPVS: Creating netns size=2104 id=0
[STDERR  ] 2018-01-25T16:27:15.07602297Z: [    3.536791] IPVS: ipvs loaded.
[STDERR  ] 2018-01-25T16:27:15.076031128Z: [    3.540449] IPVS: [rr] scheduler registered.
[STDERR  ] 2018-01-25T16:27:15.076040258Z: [    3.544819] IPVS: [wrr] scheduler registered.
[STDERR  ] 2018-01-25T16:27:15.076048655Z: [    3.549458] IPVS: [lc] scheduler registered.
[STDERR  ] 2018-01-25T16:27:15.076054638Z: [    3.553885] IPVS: [wlc] scheduler registered.
[STDERR  ] 2018-01-25T16:27:15.076060298Z: [    3.558196] IPVS: [fo] scheduler registered.
[STDERR  ] 2018-01-25T16:27:15.076065892Z: [    3.562225] IPVS: [ovf] scheduler registered.
[STDERR  ] 2018-01-25T16:27:15.076071461Z: [    3.566400] IPVS: [lblc] scheduler registered.
[STDERR  ] 2018-01-25T16:27:15.076080504Z: [    3.570565] IPVS: [lblcr] scheduler registered.
[STDERR  ] 2018-01-25T16:27:15.076086125Z: [    3.574974] IPVS: [dh] scheduler registered.
[STDERR  ] 2018-01-25T16:27:15.076094246Z: [    3.579029] IPVS: [sh] scheduler registered.
[STDERR  ] 2018-01-25T16:27:15.076099965Z: [    3.583515] IPVS: [sed] scheduler registered.
[STDERR  ] 2018-01-25T16:27:15.076105518Z: [    3.587774] IPVS: [nq] scheduler registered.
[STDERR  ] 2018-01-25T16:27:15.076111183Z: [    3.592194] IPVS: ftp: loaded support on port[0] = 21
[STDERR  ] 2018-01-25T16:27:15.076116738Z: [    3.597538] ipip: IPv4 and MPLS over IPv4 tunneling driver
[STDERR  ] 2018-01-25T16:27:15.076122302Z: [    3.602984] gre: GRE over IPv4 demultiplexor driver
[STDERR  ] 2018-01-25T16:27:15.076129945Z: [    3.608018] ip_tables: (C) 2000-2006 Netfilter Core Team
[STDERR  ] 2018-01-25T16:27:15.076136397Z: [    3.613342] ipt_CLUSTERIP: ClusterIP Version 0.8 loaded successfully
[STDERR  ] 2018-01-25T16:27:15.076142217Z: [    3.619328] arp_tables: arp_tables: (C) 2002 David S. Miller
[STDERR  ] 2018-01-25T16:27:15.076147787Z: [    3.624882] NET: Registered protocol family 10
[STDERR  ] 2018-01-25T16:27:15.076153316Z: [    3.629406] ip6_tables: (C) 2000-2006 Netfilter Core Team
[STDERR  ] 2018-01-25T16:27:15.076158894Z: [    3.635266] NET: Registered protocol family 17
[STDERR  ] 2018-01-25T16:27:15.076164402Z: [    3.639252] Bridge firewalling registered
[STDERR  ] 2018-01-25T16:27:15.076173191Z: [    3.643634] ata5: SATA link down (SStatus 0 SControl 300)
[STDERR  ] 2018-01-25T16:27:15.076178815Z: [    3.649206] ata4: SATA link down (SStatus 0 SControl 300)
[STDERR  ] 2018-01-25T16:27:15.076184409Z: [    3.654868] ata3: SATA link up 1.5 Gbps (SStatus 113 SControl 300)
[STDERR  ] 2018-01-25T16:27:15.076190023Z: [    3.661414] ata2: SATA link down (SStatus 0 SControl 300)
[STDERR  ] 2018-01-25T16:27:15.076195635Z: [    3.667071] ata1: SATA link down (SStatus 0 SControl 300)
[STDERR  ] 2018-01-25T16:27:15.07620118Z: [    3.672904] ata6: SATA link down (SStatus 0 SControl 300)
[STDERR  ] 2018-01-25T16:27:15.076206753Z: [    3.679006] Ebtables v2.0 registered
[STDERR  ] 2018-01-25T16:27:15.076212428Z: [    3.682738] ata3.00: ATAPI: QEMU DVD-ROM, 2.5+, max UDMA/100
[STDERR  ] 2018-01-25T16:27:15.076217932Z: [    3.688524] ata3.00: applying bridge limits
[STDERR  ] 2018-01-25T16:27:15.076223597Z: [    3.694113] 8021q: 802.1Q VLAN Support v1.8
[STDERR  ] 2018-01-25T16:27:15.076229705Z: [    3.698549] 9pnet: Installing 9P2000 support
[STDERR  ] 2018-01-25T16:27:15.076237962Z: [    3.703049] Key type dns_resolver registered
[STDERR  ] 2018-01-25T16:27:15.076246642Z: [    3.708120] ata3.00: configured for UDMA/100
[STDERR  ] 2018-01-25T16:27:15.076256648Z: [    3.713302] microcode: sig=0x663, pf=0x1, revision=0x1
[STDERR  ] 2018-01-25T16:27:15.076262536Z: [    3.719432] scsi 2:0:0:0: CD-ROM            QEMU     QEMU DVD-ROM     2.5+ PQ: 0 ANSI: 5
[STDERR  ] 2018-01-25T16:27:15.076268426Z: [    3.727911] microcode: Microcode Update Driver: v2.01 <tigran@aivazian.fsnet.co.uk>, Peter Oruba
[STDERR  ] 2018-01-25T16:27:15.076276947Z: [    3.738348] registered taskstats version 1
[STDERR  ] 2018-01-25T16:27:15.076282565Z: [    3.748035] Key type big_key registered
[STDERR  ] 2018-01-25T16:27:15.076288131Z: [    3.752930] sr 2:0:0:0: [sr0] scsi3-mmc drive: 4x/4x cd/rw xa/form2 tray
[STDERR  ] 2018-01-25T16:27:15.076294868Z: [    3.759742] cdrom: Uniform CD-ROM driver Revision: 3.20
[STDERR  ] 2018-01-25T16:27:15.07630285Z: [    3.769860] sr 2:0:0:0: Attached scsi generic sg0 type 5
[STDERR  ] 2018-01-25T16:27:15.076308396Z: [    3.776742] Key type encrypted registered
[STDERR  ] 2018-01-25T16:27:15.076313982Z: [    3.782903] rtc_cmos 00:00: setting system clock to 2018-01-25 16:27:07 UTC (1516897627)
[STDERR  ] 2018-01-25T16:27:15.076319641Z: [    3.794426] Freeing unused kernel memory: 1400K
[STDERR  ] 2018-01-25T16:27:15.076325253Z: [    3.799326] Write protecting the kernel read-only data: 12288k
[STDERR  ] 2018-01-25T16:27:15.076333901Z: [    3.805565] Freeing unused kernel memory: 124K
[STDERR  ] 2018-01-25T16:27:15.076339738Z: [    3.814012] Freeing unused kernel memory: 1392K
[STDERR  ] 2018-01-25T16:27:15.076345372Z: 
[STDERR  ] 2018-01-25T16:27:15.076353744Z: Welcome to LinuxKit
[STDERR  ] 2018-01-25T16:27:15.076359544Z: 
[STDERR  ] 2018-01-25T16:27:15.076365045Z:                         ##         .
[STDERR  ] 2018-01-25T16:27:15.076370741Z:                   ## ## ##        ==
[STDERR  ] 2018-01-25T16:27:15.076376465Z:                ## ## ## ## ##    ===
[STDERR  ] 2018-01-25T16:27:15.076382261Z:            /"""""""""""""""""\___/ ===
[STDERR  ] 2018-01-25T16:27:15.076388466Z:           {                       /  ===-
[STDERR  ] 2018-01-25T16:27:15.076396286Z:            \______ O           __/
[STDERR  ] 2018-01-25T16:27:15.076403855Z:              \    \         __/
[STDERR  ] 2018-01-25T16:27:15.07641208Z:               \____\_______/
[STDERR  ] 2018-01-25T16:27:15.07641986Z: 
[STDERR  ] 2018-01-25T16:27:15.076428193Z: [    4.811468] 8021q: adding VLAN 0 to HW filter on device eth0
[STDERR  ] 2018-01-25T16:27:15.076433984Z: eth0: waiting for carrier
[STDERR  ] 2018-01-25T16:27:15.076439569Z: eth0: carrier acquired
[STDERR  ] 2018-01-25T16:27:15.076445156Z: DUID 00:01:00:01:21:fc:c1:dc:e6:c0:92:b9:a7:48
[STDERR  ] 2018-01-25T16:27:15.076452989Z: eth0: IAID 92:b9:a7:48
[STDERR  ] 2018-01-25T16:27:15.076494927Z: eth0: adding address fe80::cdb:ddac:e0d0:9620
[STDERR  ] 2018-01-25T16:27:15.076508668Z: eth0: soliciting an IPv6 router
[STDERR  ] 2018-01-25T16:27:15.076524486Z: eth0: soliciting a DHCP lease
[STDERR  ] 2018-01-25T16:27:15.076532846Z: eth0: offered 10.0.2.15 from 10.0.2.2
[STDERR  ] 2018-01-25T16:27:15.076540872Z: eth0: leased 10.0.2.15 for 86400 seconds
[STDERR  ] 2018-01-25T16:27:15.076548496Z: eth0: adding route to 10.0.2.0/24
[STDERR  ] 2018-01-25T16:27:15.076568499Z: eth0: adding default route via 10.0.2.2
[STDERR  ] 2018-01-25T16:27:15.076576264Z: exiting due to oneshot
[STDERR  ] 2018-01-25T16:27:15.076584266Z: dhcpcd exited
[STDERR  ] 2018-01-25T16:27:15.07659344Z: [    4.893028] IPVS: Creating netns size=2104 id=1
[STDERR  ] 2018-01-25T16:27:15.076602731Z: [    4.897678] IPVS: ftp: loaded support on port[0] = 21
[STDERR  ] 2018-01-25T16:27:15.076615171Z: [    4.921677] wireguard: loading out-of-tree module taints kernel.
[STDERR  ] 2018-01-25T16:27:15.076624783Z: [    4.932373] wireguard: WireGuard 0.0.20180118 loaded. See www.wireguard.com for information.
[STDERR  ] 2018-01-25T16:27:15.076645066Z: [    4.941404] wireguard: Copyright (C) 2015-2018 Jason A. Donenfeld <Jason@zx2c4.com>. All Rights Reserved.
[STDERR  ] 2018-01-25T16:27:15.076654401Z: Created interface wg0 type wireguard
[STDERR  ] 2018-01-25T16:27:15.076666375Z: Moved interface wg0 to pid 339
[STDERR  ] 2018-01-25T16:27:15.076674926Z: [#] wg setconf wg0 /dev/fd/63
[STDERR  ] 2018-01-25T16:27:15.076685649Z: [#] ip address add 192.168.2.1/24 dev wg0
[STDERR  ] 2018-01-25T16:27:15.076694086Z: [#] ip link set mtu 65456 dev wg0
[STDERR  ] 2018-01-25T16:27:15.076702499Z: [#] ip link set wg0 up
[STDERR  ] 2018-01-25T16:27:15.076721759Z: [#] ip route add 0.0.0.0/0 dev wg0
[STDERR  ] 2018-01-25T16:27:15.076730435Z: [    5.086529] IPVS: Creating netns size=2104 id=2
[STDERR  ] 2018-01-25T16:27:15.076738592Z: [    5.090868] IPVS: ftp: loaded support on port[0] = 21
[STDERR  ] 2018-01-25T16:27:15.07674681Z: Created interface wg1 type wireguard
[STDERR  ] 2018-01-25T16:27:15.076755161Z: Moved interface wg1 to pid 396
[STDERR  ] 2018-01-25T16:27:15.07676363Z: [#] wg setconf wg1 /dev/fd/63
[STDERR  ] 2018-01-25T16:27:15.076772624Z: [#] ip address add 192.168.2.2/24 dev wg1
[STDERR  ] 2018-01-25T16:27:15.076781004Z: [#] ip link set mtu 65456 dev wg1
[STDERR  ] 2018-01-25T16:27:15.076800107Z: [#] ip link set wg1 up
[STDERR  ] 2018-01-25T16:27:15.076808884Z: [#] ip route add 0.0.0.0/0 dev wg1
[STDERR  ] 2018-01-25T16:27:15.076817522Z: [34mINFO[0m[0000] starting containerd                           [34mmodule[0m=containerd [34mrevision[0m=9b55aab90508bd389d7654c4baf173a981477d55 [34mversion[0m=v1.0.1
[STDERR  ] 2018-01-25T16:27:15.076831921Z: [34mINFO[0m[0000] loading plugin "io.containerd.content.v1.content"...  [34mmodule[0m=containerd [34mtype[0m=io.containerd.content.v1
[STDERR  ] 2018-01-25T16:27:15.076841036Z: [34mINFO[0m[0000] loading plugin "io.containerd.snapshotter.v1.btrfs"...  [34mmodule[0m=containerd [34mtype[0m=io.containerd.snapshotter.v1
[STDERR  ] 2018-01-25T16:27:15.076849886Z: [33mWARN[0m[0000] failed to load plugin io.containerd.snapshotter.v1.btrfs  [33merror[0m="path /var/lib/containerd/io.containerd.snapshotter.v1.btrfs must be a btrfs filesystem to be used with the btrfs snapshotter" [33mmodule[0m=containerd
[STDERR  ] 2018-01-25T16:27:15.076859208Z: [34mINFO[0m[0000] loading plugin "io.containerd.snapshotter.v1.overlayfs"...  [34mmodule[0m=containerd [34mtype[0m=io.containerd.snapshotter.v1
[STDERR  ] 2018-01-25T16:27:15.076878587Z: [34mINFO[0m[0000] loading plugin "io.containerd.metadata.v1.bolt"...  [34mmodule[0m=containerd [34mtype[0m=io.containerd.metadata.v1
[STDERR  ] 2018-01-25T16:27:15.076887961Z: [33mWARN[0m[0000] could not use snapshotter btrfs in metadata plugin  [33merror[0m="path /var/lib/containerd/io.containerd.snapshotter.v1.btrfs must be a btrfs filesystem to be used with the btrfs snapshotter" [33mmodule[0m="containerd/io.containerd.metadata.v1.bolt"
[STDERR  ] 2018-01-25T16:27:15.076900285Z: [34mINFO[0m[0000] loading plugin "io.containerd.differ.v1.walking"...  [34mmodule[0m=containerd [34mtype[0m=io.containerd.differ.v1
[STDERR  ] 2018-01-25T16:27:15.076911763Z: [34mINFO[0m[0000] loading plugin "io.containerd.gc.v1.scheduler"...  [34mmodule[0m=containerd [34mtype[0m=io.containerd.gc.v1
[STDERR  ] 2018-01-25T16:27:15.076919949Z: [34mINFO[0m[0000] loading plugin "io.containerd.grpc.v1.containers"...  [34mmodule[0m=containerd [34mtype[0m=io.containerd.grpc.v1
[STDERR  ] 2018-01-25T16:27:15.076928529Z: [34mINFO[0m[0000] loading plugin "io.containerd.grpc.v1.content"...  [34mmodule[0m=containerd [34mtype[0m=io.containerd.grpc.v1
[STDERR  ] 2018-01-25T16:27:15.076938968Z: [34mINFO[0m[0000] loading plugin "io.containerd.grpc.v1.diff"...  [34mmodule[0m=containerd [34mtype[0m=io.containerd.grpc.v1
[STDERR  ] 2018-01-25T16:27:15.076959642Z: [34mINFO[0m[0000] loading plugin "io.containerd.grpc.v1.events"...  [34mmodule[0m=containerd [34mtype[0m=io.containerd.grpc.v1
[STDERR  ] 2018-01-25T16:27:15.076967932Z: [34mINFO[0m[0000] loading plugin "io.containerd.grpc.v1.healthcheck"...  [34mmodule[0m=containerd [34mtype[0m=io.containerd.grpc.v1
[STDERR  ] 2018-01-25T16:27:15.076975732Z: [34mINFO[0m[0000] loading plugin "io.containerd.grpc.v1.images"...  [34mmodule[0m=containerd [34mtype[0m=io.containerd.grpc.v1
[STDERR  ] 2018-01-25T16:27:15.076983612Z: [34mINFO[0m[0000] loading plugin "io.containerd.grpc.v1.leases"...  [34mmodule[0m=containerd [34mtype[0m=io.containerd.grpc.v1
[STDERR  ] 2018-01-25T16:27:15.076991482Z: [34mINFO[0m[0000] loading plugin "io.containerd.grpc.v1.namespaces"...  [34mmodule[0m=containerd [34mtype[0m=io.containerd.grpc.v1
[STDERR  ] 2018-01-25T16:27:15.076999321Z: [34mINFO[0m[0000] loading plugin "io.containerd.grpc.v1.snapshots"...  [34mmodule[0m=containerd [34mtype[0m=io.containerd.grpc.v1
[STDERR  ] 2018-01-25T16:27:15.077007159Z: [34mINFO[0m[0000] loading plugin "io.containerd.monitor.v1.cgroups"...  [34mmodule[0m=containerd [34mtype[0m=io.containerd.monitor.v1
[STDERR  ] 2018-01-25T16:27:15.07701793Z: [34mINFO[0m[0000] loading plugin "io.containerd.runtime.v1.linux"...  [34mmodule[0m=containerd [34mtype[0m=io.containerd.runtime.v1
[STDERR  ] 2018-01-25T16:27:15.077036722Z: [34mINFO[0m[0000] loading plugin "io.containerd.grpc.v1.tasks"...  [34mmodule[0m=containerd [34mtype[0m=io.containerd.grpc.v1
[STDERR  ] 2018-01-25T16:27:15.077045155Z: [34mINFO[0m[0000] loading plugin "io.containerd.grpc.v1.version"...  [34mmodule[0m=containerd [34mtype[0m=io.containerd.grpc.v1
[STDERR  ] 2018-01-25T16:27:15.077060073Z: [34mINFO[0m[0000] loading plugin "io.containerd.grpc.v1.introspection"...  [34mmodule[0m=containerd [34mtype[0m=io.containerd.grpc.v1
[STDERR  ] 2018-01-25T16:27:15.077067988Z: [34mINFO[0m[0000] serving...                                    [34maddress[0m="/run/containerd/debug.sock" [34mmodule[0m="containerd/debug"
[STDERR  ] 2018-01-25T16:27:15.077076124Z: [34mINFO[0m[0000] serving...                                    [34maddress[0m="/run/containerd/containerd.sock" [34mmodule[0m="containerd/grpc"
[STDERR  ] 2018-01-25T16:27:15.077084847Z: [34mINFO[0m[0000] containerd successfully booted in 0.203221s   [34mmodule[0m=containerd
[STDERR  ] 2018-01-25T16:27:15.077093619Z: [34mINFO[0m[0000] shim containerd-shim started                  [34maddress[0m="/containerd-shim/services.linuxkit/nginx/shim.sock" [34mdebug[0m=false [34mmodule[0m="containerd/tasks" [34mpid[0m=448
[STDERR  ] 2018-01-25T16:27:15.077113152Z: [34mINFO[0m[0000] shim containerd-shim started                  [34maddress[0m="/containerd-shim/services.linuxkit/test/shim.sock" [34mdebug[0m=false [34mmodule[0m="containerd/tasks" [34mpid[0m=483
[STDERR  ] 2018-01-25T16:27:15.077121809Z: wireguard test suite PASSED
[STDERR  ] 2018-01-25T16:27:15.077129986Z: [   10.778862] ACPI: Preparing to enter system sleep state S5
[STDERR  ] 2018-01-25T16:27:15.077138247Z: [   10.785447] reboot: Power down
[STDERR  ] 2018-01-25T16:27:15.077147266Z: + grep -q suite PASSED
[STDOUT  ] 2018-01-25T16:27:15.07718972Z: [    0.000000] Linux version 4.9.78-linuxkit (root@9ac57ca26f22) (gcc version 6.4.0 (Alpine 6.4.0) ) #1 SMP Wed Jan 24 12:49:16 UTC 2018
[STDOUT  ] 2018-01-25T16:27:15.077220955Z: [    0.000000] Command line: console=ttyS0 console=ttyAMA0
[STDOUT  ] 2018-01-25T16:27:15.077229983Z: [    0.000000] x86/fpu: Legacy x87 FPU detected.
[STDOUT  ] 2018-01-25T16:27:15.077238676Z: [    0.000000] x86/fpu: Using 'eager' FPU context switches.
[STDOUT  ] 2018-01-25T16:27:15.077247214Z: [    0.000000] e820: BIOS-provided physical RAM map:
[STDOUT  ] 2018-01-25T16:27:15.077255951Z: [    0.000000] BIOS-e820: [mem 0x0000000000000000-0x000000000009fbff] usable
[STDOUT  ] 2018-01-25T16:27:15.077275459Z: [    0.000000] BIOS-e820: [mem 0x000000000009fc00-0x000000000009ffff] reserved
[STDOUT  ] 2018-01-25T16:27:15.077286707Z: [    0.000000] BIOS-e820: [mem 0x00000000000f0000-0x00000000000fffff] reserved
[STDOUT  ] 2018-01-25T16:27:15.077295204Z: [    0.000000] BIOS-e820: [mem 0x0000000000100000-0x000000003ffdefff] usable
[STDOUT  ] 2018-01-25T16:27:15.077303847Z: [    0.000000] BIOS-e820: [mem 0x000000003ffdf000-0x000000003fffffff] reserved
[STDOUT  ] 2018-01-25T16:27:15.077312427Z: [    0.000000] BIOS-e820: [mem 0x00000000b0000000-0x00000000bfffffff] reserved
[STDOUT  ] 2018-01-25T16:27:15.077321036Z: [    0.000000] BIOS-e820: [mem 0x00000000fed1c000-0x00000000fed1ffff] reserved
[STDOUT  ] 2018-01-25T16:27:15.07732949Z: [    0.000000] BIOS-e820: [mem 0x00000000feffc000-0x00000000feffffff] reserved
