[INFO    ] 2017-07-19T14:11:34.021497762Z: Running Test linuxkit.packages.sysctl in /tmp/build/test/cases/040_packages/019_sysctl
[INFO    ] 2017-07-19T14:11:34.021579292Z: Running command: [/bin/sh -x /tmp/build/test/cases/040_packages/019_sysctl/test.sh]
[STDERR  ] 2017-07-19T14:11:34.06492155Z: + set -e
[STDERR  ] 2017-07-19T14:11:34.06500405Z: + . /tmp/build/test/cases/_lib/lib.sh
[STDERR  ] 2017-07-19T14:11:34.06501804Z: + [ -f src/github.com/linuxkit/rtf/lib/lib.sh ]
[STDERR  ] 2017-07-19T14:11:34.072381826Z: + LINUXKIT_TMPDIR=/tmp/build/test/cases/_tmp
[STDERR  ] 2017-07-19T14:11:34.072436018Z: + [ -f /tmp/build/test/cases/_tmp/env.sh ]
[STDERR  ] 2017-07-19T14:11:34.072445418Z: + . /tmp/build/test/cases/_tmp/env.sh
[STDERR  ] 2017-07-19T14:11:34.072452495Z: + export LINUXKIT_EXAMPLES_DIR=/tmp/build/test/cases/../../examples
[STDERR  ] 2017-07-19T14:11:34.072468656Z: + export LINUXKIT_BLUEPRINTS_DIR=/tmp/build/test/cases/../../blueprints
[STDERR  ] 2017-07-19T14:11:34.07247654Z: + RT_CANCEL=253
[STDERR  ] 2017-07-19T14:11:34.072483156Z: + trap clean_up EXIT
[STDERR  ] 2017-07-19T14:11:34.072489525Z: + moby build -output kernel+initrd test-sysctl.yml
[STDERR  ] 2017-07-19T14:11:34.084193009Z: Extract kernel image: linuxkit/kernel:4.9.38
[STDERR  ] 2017-07-19T14:11:35.716663006Z: Add init containers:
[STDERR  ] 2017-07-19T14:11:35.716715504Z: Process init image: linuxkit/init:d049e7b2074da5cd699a27defb47eb101142455d
[STDERR  ] 2017-07-19T14:11:36.927857851Z: Process init image: linuxkit/runc:d5cbeb95bdafedb82ad2cf11cff1a5da7fcae630
[STDERR  ] 2017-07-19T14:11:38.182317963Z: Add onboot containers:
[STDERR  ] 2017-07-19T14:11:38.182372856Z:   Create OCI config for linuxkit/sysctl:d1a43c7c91e92374766f962dc8534cf9508756b0
[STDERR  ] 2017-07-19T14:11:39.388746737Z:   Create OCI config for alpine:3.6
[STDERR  ] 2017-07-19T14:11:40.664379971Z:   Create OCI config for linuxkit/poweroff:bce51402e293da0b653923a43c3c7be6e0effa05
[STDERR  ] 2017-07-19T14:11:41.924278143Z: Add files:
[STDERR  ] 2017-07-19T14:11:41.924337653Z:   check.sh
[STDERR  ] 2017-07-19T14:11:41.945003817Z: Create outputs:
[STDERR  ] 2017-07-19T14:11:45.36147043Z:   test-sysctl-kernel test-sysctl-initrd.img test-sysctl-cmdline
[STDERR  ] 2017-07-19T14:11:45.410236885Z: + linuxkit run test-sysctl
[STDERR  ] 2017-07-19T14:11:45.429489946Z: Unable to find qemu-system-x86_64 within the $PATH. Using a container
[STDERR  ] 2017-07-19T14:12:14.253158532Z: + RESULT=[    0.000000] Linux version 4.9.38-linuxkit (root@e1ede117fb1e) (gcc version 6.3.0 (Alpine 6.3.0) ) #1 SMP Tue Jul 18 09:12:54 UTC 2017
[STDERR  ] 2017-07-19T14:12:14.253226049Z: [    0.000000] Command line: console=ttyS0 page_poison=1
[STDERR  ] 2017-07-19T14:12:14.253235566Z: [    0.000000] x86/fpu: Legacy x87 FPU detected.
[STDERR  ] 2017-07-19T14:12:14.253243413Z: [    0.000000] x86/fpu: Using 'eager' FPU context switches.
[STDERR  ] 2017-07-19T14:12:14.2532507Z: [    0.000000] e820: BIOS-provided physical RAM map:
[STDERR  ] 2017-07-19T14:12:14.253259082Z: [    0.000000] BIOS-e820: [mem 0x0000000000000000-0x000000000009fbff] usable
[STDERR  ] 2017-07-19T14:12:14.253267959Z: [    0.000000] BIOS-e820: [mem 0x000000000009fc00-0x000000000009ffff] reserved
[STDERR  ] 2017-07-19T14:12:14.253288385Z: [    0.000000] BIOS-e820: [mem 0x00000000000f0000-0x00000000000fffff] reserved
[STDERR  ] 2017-07-19T14:12:14.253295597Z: [    0.000000] BIOS-e820: [mem 0x0000000000100000-0x000000003ffdefff] usable
[STDERR  ] 2017-07-19T14:12:14.25330306Z: [    0.000000] BIOS-e820: [mem 0x000000003ffdf000-0x000000003fffffff] reserved
[STDERR  ] 2017-07-19T14:12:14.25330974Z: [    0.000000] BIOS-e820: [mem 0x00000000b0000000-0x00000000bfffffff] reserved
[STDERR  ] 2017-07-19T14:12:14.253316472Z: [    0.000000] BIOS-e820: [mem 0x00000000fed1c000-0x00000000fed1ffff] reserved
[STDERR  ] 2017-07-19T14:12:14.253322919Z: [    0.000000] BIOS-e820: [mem 0x00000000fffc0000-0x00000000ffffffff] reserved
[STDERR  ] 2017-07-19T14:12:14.253329316Z: [    0.000000] NX (Execute Disable) protection: active
[STDERR  ] 2017-07-19T14:12:14.25333638Z: [    0.000000] SMBIOS 2.8 present.
[STDERR  ] 2017-07-19T14:12:14.25334789Z: [    0.000000] e820: last_pfn = 0x3ffdf max_arch_pfn = 0x400000000
[STDERR  ] 2017-07-19T14:12:14.253354536Z: [    0.000000] x86/PAT: Configuration [0-7]: WB  WC  UC- UC  WB  WC  UC- WT  
[STDERR  ] 2017-07-19T14:12:14.253368599Z: [    0.000000] found SMP MP-table at [mem 0x000f6aa0-0x000f6aaf] mapped at [ffff9791400f6aa0]
[STDERR  ] 2017-07-19T14:12:14.253384556Z: [    0.000000] RAMDISK: [mem 0x3ee44000-0x3ffcffff]
[STDERR  ] 2017-07-19T14:12:14.253391462Z: [    0.000000] ACPI: Early table checksum verification disabled
[STDERR  ] 2017-07-19T14:12:14.253398167Z: [    0.000000] ACPI: RSDP 0x00000000000F68C0 000014 (v00 BOCHS )
[STDERR  ] 2017-07-19T14:12:14.253404339Z: [    0.000000] ACPI: RSDT 0x000000003FFE2404 000034 (v01 BOCHS  BXPCRSDT 00000001 BXPC 00000001)
[STDERR  ] 2017-07-19T14:12:14.253410785Z: [    0.000000] ACPI: FACP 0x000000003FFE22A4 000074 (v01 BOCHS  BXPCFACP 00000001 BXPC 00000001)
[STDERR  ] 2017-07-19T14:12:14.253416946Z: [    0.000000] ACPI: DSDT 0x000000003FFE0040 002264 (v01 BOCHS  BXPCDSDT 00000001 BXPC 00000001)
[STDERR  ] 2017-07-19T14:12:14.253422986Z: [    0.000000] ACPI: FACS 0x000000003FFE0000 000040
[STDERR  ] 2017-07-19T14:12:14.253428979Z: [    0.000000] ACPI: APIC 0x000000003FFE2318 000078 (v01 BOCHS  BXPCAPIC 00000001 BXPC 00000001)
[STDERR  ] 2017-07-19T14:12:14.253434763Z: [    0.000000] ACPI: HPET 0x000000003FFE2390 000038 (v01 BOCHS  BXPCHPET 00000001 BXPC 00000001)
[STDERR  ] 2017-07-19T14:12:14.253441549Z: [    0.000000] ACPI: MCFG 0x000000003FFE23C8 00003C (v01 BOCHS  BXPCMCFG 00000001 BXPC 00000001)
[STDERR  ] 2017-07-19T14:12:14.253447985Z: [    0.000000] Zone ranges:
[STDERR  ] 2017-07-19T14:12:14.253464599Z: [    0.000000]   DMA      [mem 0x0000000000001000-0x0000000000ffffff]
[STDERR  ] 2017-07-19T14:12:14.253470687Z: [    0.000000]   DMA32    [mem 0x0000000001000000-0x000000003ffdefff]
[STDERR  ] 2017-07-19T14:12:14.253476669Z: [    0.000000]   Normal   empty
[STDERR  ] 2017-07-19T14:12:14.253483412Z: [    0.000000] Movable zone start for each node
[STDERR  ] 2017-07-19T14:12:14.253489432Z: [    0.000000] Early memory node ranges
[STDERR  ] 2017-07-19T14:12:14.253495455Z: [    0.000000]   node   0: [mem 0x0000000000001000-0x000000000009efff]
[STDERR  ] 2017-07-19T14:12:14.25350136Z: [    0.000000]   node   0: [mem 0x0000000000100000-0x000000003ffdefff]
[STDERR  ] 2017-07-19T14:12:14.253507172Z: [    0.000000] Initmem setup node 0 [mem 0x0000000000001000-0x000000003ffdefff]
[STDERR  ] 2017-07-19T14:12:14.253513099Z: [    0.000000] ACPI: PM-Timer IO Port: 0x608
[STDERR  ] 2017-07-19T14:12:14.25351927Z: [    0.000000] ACPI: LAPIC_NMI (acpi_id[0xff] dfl dfl lint[0x1])
[STDERR  ] 2017-07-19T14:12:14.253526507Z: [    0.000000] IOAPIC[0]: apic_id 0, version 32, address 0xfec00000, GSI 0-23
[STDERR  ] 2017-07-19T14:12:14.253532562Z: [    0.000000] ACPI: INT_SRC_OVR (bus 0 bus_irq 0 global_irq 2 dfl dfl)
[STDERR  ] 2017-07-19T14:12:14.253544829Z: [    0.000000] ACPI: INT_SRC_OVR (bus 0 bus_irq 5 global_irq 5 high level)
[STDERR  ] 2017-07-19T14:12:14.253551125Z: [    0.000000] ACPI: INT_SRC_OVR (bus 0 bus_irq 9 global_irq 9 high level)
[STDERR  ] 2017-07-19T14:12:14.253562599Z: [    0.000000] ACPI: INT_SRC_OVR (bus 0 bus_irq 10 global_irq 10 high level)
[STDERR  ] 2017-07-19T14:12:14.253568619Z: [    0.000000] ACPI: INT_SRC_OVR (bus 0 bus_irq 11 global_irq 11 high level)
[STDERR  ] 2017-07-19T14:12:14.253574372Z: [    0.000000] Using ACPI (MADT) for SMP configuration information
[STDERR  ] 2017-07-19T14:12:14.253580647Z: [    0.000000] ACPI: HPET id: 0x8086a201 base: 0xfed00000
[STDERR  ] 2017-07-19T14:12:14.253586845Z: [    0.000000] smpboot: Allowing 1 CPUs, 0 hotplug CPUs
[STDERR  ] 2017-07-19T14:12:14.253592793Z: [    0.000000] e820: [mem 0x40000000-0xafffffff] available for PCI devices
[STDERR  ] 2017-07-19T14:12:14.25359862Z: [    0.000000] Booting paravirtualized kernel on bare hardware
[STDERR  ] 2017-07-19T14:12:14.253604587Z: [    0.000000] clocksource: refined-jiffies: mask: 0xffffffff max_cycles: 0xffffffff, max_idle_ns: 19112604462750000 ns
[STDERR  ] 2017-07-19T14:12:14.253619847Z: [    0.000000] setup_percpu: NR_CPUS:128 nr_cpumask_bits:128 nr_cpu_ids:1 nr_node_ids:1
[STDERR  ] 2017-07-19T14:12:14.253626083Z: [    0.000000] percpu: Embedded 35 pages/cpu @ffff97917ec00000 s105176 r8192 d29992 u2097152
[STDERR  ] 2017-07-19T14:12:14.253632073Z: [    0.000000] Built 1 zonelists in Zone order, mobility grouping on.  Total pages: 257896
[STDERR  ] 2017-07-19T14:12:14.253638089Z: [    0.000000] Kernel command line: console=ttyS0 page_poison=1
[STDERR  ] 2017-07-19T14:12:14.253644179Z: [    0.000000] PID hash table entries: 4096 (order: 3, 32768 bytes)
[STDERR  ] 2017-07-19T14:12:14.253650107Z: [    0.000000] Dentry cache hash table entries: 131072 (order: 8, 1048576 bytes)
[STDERR  ] 2017-07-19T14:12:14.253655947Z: [    0.000000] Inode-cache hash table entries: 65536 (order: 7, 524288 bytes)
[STDERR  ] 2017-07-19T14:12:14.253661933Z: [    0.000000] Memory: 996204K/1048052K available (8026K kernel code, 1366K rwdata, 2696K rodata, 1380K init, 568K bss, 51848K reserved, 0K cma-reserved)
[STDERR  ] 2017-07-19T14:12:14.253669933Z: [    0.000000] Hierarchical RCU implementation.
[STDERR  ] 2017-07-19T14:12:14.253675812Z: [    0.000000] 	Build-time adjustment of leaf fanout to 64.
[STDERR  ] 2017-07-19T14:12:14.253681867Z: [    0.000000] 	RCU restricting CPUs from NR_CPUS=128 to nr_cpu_ids=1.
[STDERR  ] 2017-07-19T14:12:14.253690393Z: [    0.000000] RCU: Adjusting geometry for rcu_fanout_leaf=64, nr_cpu_ids=1
[STDERR  ] 2017-07-19T14:12:14.25370006Z: [    0.000000] NR_IRQS:8448 nr_irqs:256 16
[STDERR  ] 2017-07-19T14:12:14.25370616Z: [    0.000000] Console: colour VGA+ 80x25
[STDERR  ] 2017-07-19T14:12:14.253712433Z: [    0.000000] console [ttyS0] enabled
[STDERR  ] 2017-07-19T14:12:14.25371836Z: [    0.000000] allocated 2097152 bytes of page_ext
[STDERR  ] 2017-07-19T14:12:14.253728429Z: [    0.000000] clocksource: hpet: mask: 0xffffffff max_cycles: 0xffffffff, max_idle_ns: 19112604467 ns
[STDERR  ] 2017-07-19T14:12:14.253735129Z: [    0.000000] tsc: Fast TSC calibration using PIT
[STDERR  ] 2017-07-19T14:12:14.2537458Z: [    0.000000] tsc: Detected 2599.979 MHz processor
[STDERR  ] 2017-07-19T14:12:14.25375179Z: [    0.011668] Calibrating delay loop (skipped), value calculated using timer frequency.. 5199.95 BogoMIPS (lpj=25999790)
[STDERR  ] 2017-07-19T14:12:14.253757722Z: [    0.020755] pid_max: default: 32768 minimum: 301
[STDERR  ] 2017-07-19T14:12:14.253763542Z: [    0.021721] ACPI: Core revision 20160831
[STDERR  ] 2017-07-19T14:12:14.253769412Z: [    0.072491] ACPI: 1 ACPI AML tables successfully acquired and loaded
[STDERR  ] 2017-07-19T14:12:14.253775162Z: [    0.077391] Security Framework initialized
[STDOUT  ] 2017-07-19T14:12:14.253742646Z: [    0.000000] Linux version 4.9.38-linuxkit (root@e1ede117fb1e) (gcc version 6.3.0 (Alpine 6.3.0) ) #1 SMP Tue Jul 18 09:12:54 UTC 2017
[STDERR  ] 2017-07-19T14:12:14.253784059Z: [    0.077695] Yama: becoming mindful.
[STDERR  ] 2017-07-19T14:12:14.253794525Z: [    0.079795] Mount-cache hash table entries: 2048 (order: 2, 16384 bytes)
[STDOUT  ] 2017-07-19T14:12:14.25379725Z: [    0.000000] Command line: console=ttyS0 page_poison=1
[STDERR  ] 2017-07-19T14:12:14.253801623Z: [    0.080386] Mountpoint-cache hash table entries: 2048 (order: 2, 16384 bytes)
[STDERR  ] 2017-07-19T14:12:14.253817617Z: [    0.103091] Last level iTLB entries: 4KB 0, 2MB 0, 4MB 0
[STDOUT  ] 2017-07-19T14:12:14.253816957Z: [    0.000000] x86/fpu: Legacy x87 FPU detected.
[STDOUT  ] 2017-07-19T14:12:14.25382792Z: [    0.000000] x86/fpu: Using 'eager' FPU context switches.
[STDERR  ] 2017-07-19T14:12:14.253824363Z: [    0.103359] Last level dTLB entries: 4KB 0, 2MB 0, 4MB 0, 1GB 0
[STDERR  ] 2017-07-19T14:12:14.253836405Z: [    0.448256] Freeing SMP alternatives memory: 20K (ffffffffa5eb0000 - ffffffffa5eb5000)
[STDOUT  ] 2017-07-19T14:12:14.253835559Z: [    0.000000] e820: BIOS-provided physical RAM map:
[STDERR  ] 2017-07-19T14:12:14.253843612Z: [    0.459441] ftrace: allocating 35489 entries in 139 pages
[STDOUT  ] 2017-07-19T14:12:14.253846113Z: [    0.000000] BIOS-e820: [mem 0x0000000000000000-0x000000000009fbff] usable
[STDERR  ] 2017-07-19T14:12:14.253854369Z: [    0.641493] smpboot: Max logical packages: 1
[STDERR  ] 2017-07-19T14:12:14.253862381Z: [    0.648804] ..TIMER: vector=0x30 apic1=0 pin1=2 apic2=-1 pin2=-1
[STDERR  ] 2017-07-19T14:12:14.253869286Z: [    0.750000] smpboot: CPU0: AMD QEMU Virtual CPU version 2.5+ (family: 0x6, model: 0x6, stepping: 0x3)
[STDOUT  ] 2017-07-19T14:12:14.253857658Z: [    0.000000] BIOS-e820: [mem 0x000000000009fc00-0x000000000009ffff] reserved
[STDERR  ] 2017-07-19T14:12:14.253875835Z: [    0.750000] Performance Events: PMU not available due to virtualization, using software events only.
[STDOUT  ] 2017-07-19T14:12:14.253879461Z: [    0.000000] BIOS-e820: [mem 0x00000000000f0000-0x00000000000fffff] reserved
[STDERR  ] 2017-07-19T14:12:14.253884054Z: [    0.762120] NMI watchdog: disabled (cpu0): hardware events not enabled
[STDOUT  ] 2017-07-19T14:12:14.253892968Z: [    0.000000] BIOS-e820: [mem 0x0000000000100000-0x000000003ffdefff] usable
[STDERR  ] 2017-07-19T14:12:14.253894695Z: [    0.762647] NMI watchdog: Shutting down hard lockup detector on all cpus
[STDERR  ] 2017-07-19T14:12:14.253919675Z: [    0.766711] x86: Booted up 1 node, 1 CPUs
[STDOUT  ] 2017-07-19T14:12:14.253914136Z: [    0.000000] BIOS-e820: [mem 0x000000003ffdf000-0x000000003fffffff] reserved
[STDERR  ] 2017-07-19T14:12:14.253927018Z: [    0.767212] smpboot: Total of 1 processors activated (5199.95 BogoMIPS)
[STDOUT  ] 2017-07-19T14:12:14.253926466Z: [    0.000000] BIOS-e820: [mem 0x00000000b0000000-0x00000000bfffffff] reserved
[STDERR  ] 2017-07-19T14:12:14.253934291Z: [    0.785549] devtmpfs: initialized
[STDERR  ] 2017-07-19T14:12:14.253943104Z: [    0.793648] x86/mm: Memory block size: 128MB
[STDOUT  ] 2017-07-19T14:12:14.253941726Z: [    0.000000] BIOS-e820: [mem 0x00000000fed1c000-0x00000000fed1ffff] reserved
[STDERR  ] 2017-07-19T14:12:14.253949621Z: [    0.867935] clocksource: jiffies: mask: 0xffffffff max_cycles: 0xffffffff, max_idle_ns: 19112604462750000 ns
[STDERR  ] 2017-07-19T14:12:14.253957386Z: [    0.868572] futex hash table entries: 256 (order: 2, 16384 bytes)
[STDOUT  ] 2017-07-19T14:12:14.253955781Z: [    0.000000] BIOS-e820: [mem 0x00000000fffc0000-0x00000000ffffffff] reserved
[STDERR  ] 2017-07-19T14:12:14.253964335Z: [    0.879116] NET: Registered protocol family 16
[STDOUT  ] 2017-07-19T14:12:14.253967795Z: [    0.000000] NX (Execute Disable) protection: active
[STDERR  ] 2017-07-19T14:12:14.253972411Z: [    0.891544] cpuidle: using governor ladder
[STDERR  ] 2017-07-19T14:12:14.253982369Z: [    0.892064] cpuidle: using governor menu
[STDOUT  ] 2017-07-19T14:12:14.253980204Z: [    0.000000] SMBIOS 2.8 present.
[STDOUT  ] 2017-07-19T14:12:14.253988344Z: [    0.000000] e820: last_pfn = 0x3ffdf max_arch_pfn = 0x400000000
[STDERR  ] 2017-07-19T14:12:14.253989381Z: [    0.893566] ACPI: bus type PCI registered
[STDOUT  ] 2017-07-19T14:12:14.253995841Z: [    0.000000] x86/PAT: Configuration [0-7]: WB  WC  UC- UC  WB  WC  UC- WT  
[STDOUT  ] 2017-07-19T14:12:14.254004848Z: [    0.000000] found SMP MP-table at [mem 0x000f6aa0-0x000f6aaf] mapped at [ffff9791400f6aa0]
[STDERR  ] 2017-07-19T14:12:14.254000549Z: [    0.897696] PCI: MMCONFIG for domain 0000 [bus 00-ff] at [mem 0xb0000000-0xbfffffff] (base 0xb0000000)
[STDERR  ] 2017-07-19T14:12:14.254015589Z: [    0.898422] PCI: MMCONFIG at [mem 0xb0000000-0xbfffffff] reserved in E820
[STDOUT  ] 2017-07-19T14:12:14.254017778Z: [    0.000000] RAMDISK: [mem 0x3ee44000-0x3ffcffff]
[STDERR  ] 2017-07-19T14:12:14.254023121Z: [    0.899870] PCI: Using configuration type 1 for base access
[STDOUT  ] 2017-07-19T14:12:14.254026618Z: [    0.000000] ACPI: Early table checksum verification disabled
[STDERR  ] 2017-07-19T14:12:14.254031126Z: [    0.973134] HugeTLB registered 2 MB page size, pre-allocated 0 pages
[STDERR  ] 2017-07-19T14:12:14.254039032Z: [    0.988123] ACPI: Added _OSI(Module Device)
[STDOUT  ] 2017-07-19T14:12:14.254035258Z: [    0.000000] ACPI: RSDP 0x00000000000F68C0 000014 (v00 BOCHS )
[STDERR  ] 2017-07-19T14:12:14.254047882Z: [    0.988754] ACPI: Added _OSI(Processor Device)
[STDOUT  ] 2017-07-19T14:12:14.254050465Z: [    0.000000] ACPI: RSDT 0x000000003FFE2404 000034 (v01 BOCHS  BXPCRSDT 00000001 BXPC 00000001)
[STDERR  ] 2017-07-19T14:12:14.254055401Z: [    0.989091] ACPI: Added _OSI(3.0 _SCP Extensions)
[STDOUT  ] 2017-07-19T14:12:14.254059339Z: [    0.000000] ACPI: FACP 0x000000003FFE22A4 000074 (v01 BOCHS  BXPCFACP 00000001 BXPC 00000001)
[STDERR  ] 2017-07-19T14:12:14.254063602Z: [    0.989405] ACPI: Added _OSI(Processor Aggregator Device)
[STDOUT  ] 2017-07-19T14:12:14.254067824Z: [    0.000000] ACPI: DSDT 0x000000003FFE0040 002264 (v01 BOCHS  BXPCDSDT 00000001 BXPC 00000001)
[STDERR  ] 2017-07-19T14:12:14.254071654Z: [    1.067399] ACPI: Interpreter enabled
[STDOUT  ] 2017-07-19T14:12:14.254075891Z: [    0.000000] ACPI: FACS 0x000000003FFE0000 000040
[STDERR  ] 2017-07-19T14:12:14.254080001Z: [    1.068453] ACPI: (supports S0 S5)
[STDERR  ] 2017-07-19T14:12:14.254087785Z: [    1.069056] ACPI: Using IOAPIC for interrupt routing
[STDOUT  ] 2017-07-19T14:12:14.254084264Z: [    0.000000] ACPI: APIC 0x000000003FFE2318 000078 (v01 BOCHS  BXPCAPIC 00000001 BXPC 00000001)
[STDOUT  ] 2017-07-19T14:12:14.254093682Z: [    0.000000] ACPI: HPET 0x000000003FFE2390 000038 (v01 BOCHS  BXPCHPET 00000001 BXPC 00000001)
[STDERR  ] 2017-07-19T14:12:14.254097735Z: [    1.072331] PCI: Using host bridge windows from ACPI; if necessary, use "pci=nocrs" and report a bug
[STDOUT  ] 2017-07-19T14:12:14.254102366Z: [    0.000000] ACPI: MCFG 0x000000003FFE23C8 00003C (v01 BOCHS  BXPCMCFG 00000001 BXPC 00000001)
[STDOUT  ] 2017-07-19T14:12:14.254109428Z: [    0.000000] Zone ranges:
[STDERR  ] 2017-07-19T14:12:14.254112138Z: [    1.138357] ACPI: PCI Root Bridge [PCI0] (domain 0000 [bus 00-ff])
[STDOUT  ] 2017-07-19T14:12:14.254117375Z: [    0.000000]   DMA      [mem 0x0000000000001000-0x0000000000ffffff]
[STDERR  ] 2017-07-19T14:12:14.254120049Z: [    1.139750] acpi PNP0A08:00: _OSC: OS supports [ExtendedConfig ASPM ClockPM Segments MSI]
[STDOUT  ] 2017-07-19T14:12:14.254125198Z: [    0.000000]   DMA32    [mem 0x0000000001000000-0x000000003ffdefff]
[STDERR  ] 2017-07-19T14:12:14.254128121Z: [    1.146817] acpi PNP0A08:00: _OSC: OS now controls [PCIeHotplug PME PCIeCapability]
[STDOUT  ] 2017-07-19T14:12:14.254132796Z: [    0.000000]   Normal   empty
[STDERR  ] 2017-07-19T14:12:14.254142018Z: [    1.151146] PCI host bridge to bus 0000:00
[STDOUT  ] 2017-07-19T14:12:14.254143721Z: [    0.000000] Movable zone start for each node
[STDERR  ] 2017-07-19T14:12:14.254155175Z: [    1.151641] pci_bus 0000:00: root bus resource [io  0x0000-0x0cf7 window]
[STDOUT  ] 2017-07-19T14:12:14.254156799Z: [    0.000000] Early memory node ranges
[STDERR  ] 2017-07-19T14:12:14.254167546Z: [    1.152073] pci_bus 0000:00: root bus resource [io  0x0d00-0xffff window]
[STDOUT  ] 2017-07-19T14:12:14.254169218Z: [    0.000000]   node   0: [mem 0x0000000000001000-0x000000000009efff]
[STDERR  ] 2017-07-19T14:12:14.254179454Z: [    1.152470] pci_bus 0000:00: root bus resource [mem 0x000a0000-0x000bffff window]
[STDOUT  ] 2017-07-19T14:12:14.254181092Z: [    0.000000]   node   0: [mem 0x0000000000100000-0x000000003ffdefff]
[STDERR  ] 2017-07-19T14:12:14.254199126Z: [    1.152998] pci_bus 0000:00: root bus resource [mem 0xc0000000-0xfebfffff window]
[STDOUT  ] 2017-07-19T14:12:14.254200798Z: [    0.000000] Initmem setup node 0 [mem 0x0000000000001000-0x000000003ffdefff]
[STDOUT  ] 2017-07-19T14:12:14.254216445Z: [    0.000000] ACPI: PM-Timer IO Port: 0x608
[STDERR  ] 2017-07-19T14:12:14.254210534Z: [    1.153695] pci_bus 0000:00: root bus resource [bus 00-ff]
[STDOUT  ] 2017-07-19T14:12:14.254224599Z: [    0.000000] ACPI: LAPIC_NMI (acpi_id[0xff] dfl dfl lint[0x1])
[STDOUT  ] 2017-07-19T14:12:14.254231875Z: [    0.000000] IOAPIC[0]: apic_id 0, version 32, address 0xfec00000, GSI 0-23
[STDOUT  ] 2017-07-19T14:12:14.254238182Z: [    0.000000] ACPI: INT_SRC_OVR (bus 0 bus_irq 0 global_irq 2 dfl dfl)
[STDERR  ] 2017-07-19T14:12:14.254223316Z: [    1.250678] pci 0000:00:1f.0: quirk: [io  0x0600-0x067f] claimed by ICH6 ACPI/GPIO/TCO
[STDOUT  ] 2017-07-19T14:12:14.254248968Z: [    0.000000] ACPI: INT_SRC_OVR (bus 0 bus_irq 5 global_irq 5 high level)
[STDERR  ] 2017-07-19T14:12:14.254252918Z: [    1.308926] ACPI: PCI Interrupt Link [LNKA] (IRQs 5 *10 11)
[STDOUT  ] 2017-07-19T14:12:14.254256155Z: [    0.000000] ACPI: INT_SRC_OVR (bus 0 bus_irq 9 global_irq 9 high level)
[STDERR  ] 2017-07-19T14:12:14.254266469Z: [    1.312776] ACPI: PCI Interrupt Link [LNKB] (IRQs 5 *10 11)
[STDOUT  ] 2017-07-19T14:12:14.254268362Z: [    0.000000] ACPI: INT_SRC_OVR (bus 0 bus_irq 10 global_irq 10 high level)
[STDERR  ] 2017-07-19T14:12:14.254279149Z: [    1.315191] ACPI: PCI Interrupt Link [LNKC] (IRQs 5 10 *11)
[STDOUT  ] 2017-07-19T14:12:14.254280819Z: [    0.000000] ACPI: INT_SRC_OVR (bus 0 bus_irq 11 global_irq 11 high level)
[STDOUT  ] 2017-07-19T14:12:14.254293498Z: [    0.000000] Using ACPI (MADT) for SMP configuration information
[STDOUT  ] 2017-07-19T14:12:14.254301899Z: [    0.000000] ACPI: HPET id: 0x8086a201 base: 0xfed00000
[STDERR  ] 2017-07-19T14:12:14.254291868Z: [    1.317792] ACPI: PCI Interrupt Link [LNKD] (IRQs 5 10 *11)
[STDOUT  ] 2017-07-19T14:12:14.254308101Z: [    0.000000] smpboot: Allowing 1 CPUs, 0 hotplug CPUs
[STDERR  ] 2017-07-19T14:12:14.254312979Z: [    1.320969] ACPI: PCI Interrupt Link [LNKE] (IRQs 5 *10 11)
[STDOUT  ] 2017-07-19T14:12:14.254315158Z: [    0.000000] e820: [mem 0x40000000-0xafffffff] available for PCI devices
[STDOUT  ] 2017-07-19T14:12:14.254322238Z: [    0.000000] Booting paravirtualized kernel on bare hardware
[STDERR  ] 2017-07-19T14:12:14.254327112Z: [    1.322960] ACPI: PCI Interrupt Link [LNKF] (IRQs 5 *10 11)
[STDOUT  ] 2017-07-19T14:12:14.254331878Z: [    0.000000] clocksource: refined-jiffies: mask: 0xffffffff max_cycles: 0xffffffff, max_idle_ns: 19112604462750000 ns
[STDERR  ] 2017-07-19T14:12:14.254340628Z: [    1.325119] ACPI: PCI Interrupt Link [LNKG] (IRQs 5 10 *11)
[STDOUT  ] 2017-07-19T14:12:14.254341455Z: [    0.000000] setup_percpu: NR_CPUS:128 nr_cpumask_bits:128 nr_cpu_ids:1 nr_node_ids:1
[STDERR  ] 2017-07-19T14:12:14.254353262Z: [    1.326970] ACPI: PCI Interrupt Link [LNKH] (IRQs 5 10 *11)
[STDOUT  ] 2017-07-19T14:12:14.254357619Z: [    0.000000] percpu: Embedded 35 pages/cpu @ffff97917ec00000 s105176 r8192 d29992 u2097152
[STDERR  ] 2017-07-19T14:12:14.254360491Z: [    1.327923] ACPI: PCI Interrupt Link [GSIA] (IRQs *16)
[STDOUT  ] 2017-07-19T14:12:14.254367108Z: [    0.000000] Built 1 zonelists in Zone order, mobility grouping on.  Total pages: 257896
[STDERR  ] 2017-07-19T14:12:14.254368941Z: [    1.328798] ACPI: PCI Interrupt Link [GSIB] (IRQs *17)
[STDOUT  ] 2017-07-19T14:12:14.254375015Z: [    0.000000] Kernel command line: console=ttyS0 page_poison=1
[STDERR  ] 2017-07-19T14:12:14.254381234Z: [    1.329583] ACPI: PCI Interrupt Link [GSIC] (IRQs *18)
[STDOUT  ] 2017-07-19T14:12:14.254385156Z: [    0.000000] PID hash table entries: 4096 (order: 3, 32768 bytes)
[STDERR  ] 2017-07-19T14:12:14.254389045Z: [    1.330573] ACPI: PCI Interrupt Link [GSID] (IRQs *19)
[STDOUT  ] 2017-07-19T14:12:14.254393578Z: [    0.000000] Dentry cache hash table entries: 131072 (order: 8, 1048576 bytes)
[STDERR  ] 2017-07-19T14:12:14.254397051Z: [    1.331365] ACPI: PCI Interrupt Link [GSIE] (IRQs *20)
[STDERR  ] 2017-07-19T14:12:14.254409682Z: [    1.332103] ACPI: PCI Interrupt Link [GSIF] (IRQs *21)
[STDOUT  ] 2017-07-19T14:12:14.254408256Z: [    0.000000] Inode-cache hash table entries: 65536 (order: 7, 524288 bytes)
[STDERR  ] 2017-07-19T14:12:14.254416795Z: [    1.332809] ACPI: PCI Interrupt Link [GSIG] (IRQs *22)
[STDERR  ] 2017-07-19T14:12:14.254423696Z: [    1.333485] ACPI: PCI Interrupt Link [GSIH] (IRQs *23)
[STDOUT  ] 2017-07-19T14:12:14.254421794Z: [    0.000000] Memory: 996204K/1048052K available (8026K kernel code, 1366K rwdata, 2696K rodata, 1380K init, 568K bss, 51848K reserved, 0K cma-reserved)
[STDERR  ] 2017-07-19T14:12:14.254429862Z: [    1.337967] ACPI: Enabled 2 GPEs in block 00 to 3F
[STDOUT  ] 2017-07-19T14:12:14.254435125Z: [    0.000000] Hierarchical RCU implementation.
[STDOUT  ] 2017-07-19T14:12:14.254443965Z: [    0.000000] 	Build-time adjustment of leaf fanout to 64.
[STDERR  ] 2017-07-19T14:12:14.254441608Z: [    1.343355] SCSI subsystem initialized
[STDOUT  ] 2017-07-19T14:12:14.254453316Z: [    0.000000] 	RCU restricting CPUs from NR_CPUS=128 to nr_cpu_ids=1.
[STDERR  ] 2017-07-19T14:12:14.254455006Z: [    1.345584] ACPI: bus type USB registered
[STDOUT  ] 2017-07-19T14:12:14.254460722Z: [    0.000000] RCU: Adjusting geometry for rcu_fanout_leaf=64, nr_cpu_ids=1
[STDERR  ] 2017-07-19T14:12:14.254463705Z: [    1.346840] usbcore: registered new interface driver usbfs
[STDOUT  ] 2017-07-19T14:12:14.254468449Z: [    0.000000] NR_IRQS:8448 nr_irqs:256 16
[STDERR  ] 2017-07-19T14:12:14.254472778Z: [    1.347885] usbcore: registered new interface driver hub
[STDERR  ] 2017-07-19T14:12:14.254480638Z: [    1.348821] usbcore: registered new device driver usb
[STDOUT  ] 2017-07-19T14:12:14.254476596Z: [    0.000000] Console: colour VGA+ 80x25
[STDERR  ] 2017-07-19T14:12:14.254486968Z: [    1.350293] pps_core: LinuxPPS API ver. 1 registered
[STDOUT  ] 2017-07-19T14:12:14.254490371Z: [    0.000000] console [ttyS0] enabled
[STDOUT  ] 2017-07-19T14:12:14.254498409Z: [    0.000000] allocated 2097152 bytes of page_ext
[STDERR  ] 2017-07-19T14:12:14.254494704Z: [    1.350637] pps_core: Software ver. 5.3.6 - Copyright 2005-2007 Rodolfo Giometti <giometti@linux.it>
[STDERR  ] 2017-07-19T14:12:14.254505959Z: [    1.351387] PTP clock support registered
[STDOUT  ] 2017-07-19T14:12:14.254507914Z: [    0.000000] clocksource: hpet: mask: 0xffffffff max_cycles: 0xffffffff, max_idle_ns: 19112604467 ns
[STDERR  ] 2017-07-19T14:12:14.254513194Z: [    1.352650] wmi: Mapper loaded
[STDOUT  ] 2017-07-19T14:12:14.254516548Z: [    0.000000] tsc: Fast TSC calibration using PIT
[STDERR  ] 2017-07-19T14:12:14.254521348Z: [    1.354163] PCI: Using ACPI for IRQ routing
[STDOUT  ] 2017-07-19T14:12:14.254524545Z: [    0.000000] tsc: Detected 2599.979 MHz processor
[STDERR  ] 2017-07-19T14:12:14.254529026Z: [    1.374690] NetLabel: Initializing
[STDOUT  ] 2017-07-19T14:12:14.254532289Z: [    0.011668] Calibrating delay loop (skipped), value calculated using timer frequency.. 5199.95 BogoMIPS (lpj=25999790)
[STDERR  ] 2017-07-19T14:12:14.254536892Z: [    1.374950] NetLabel:  domain hash size = 128
[STDOUT  ] 2017-07-19T14:12:14.254540675Z: [    0.020755] pid_max: default: 32768 minimum: 301
[STDERR  ] 2017-07-19T14:12:14.254544965Z: [    1.375344] NetLabel:  protocols = UNLABELED CIPSOv4
[STDOUT  ] 2017-07-19T14:12:14.254548931Z: [    0.021721] ACPI: Core revision 20160831
[STDERR  ] 2017-07-19T14:12:14.254554454Z: [    1.378172] NetLabel:  unlabeled traffic allowed by default
[STDOUT  ] 2017-07-19T14:12:14.254556238Z: [    0.072491] ACPI: 1 ACPI AML tables successfully acquired and loaded
[STDOUT  ] 2017-07-19T14:12:14.254564022Z: [    0.077391] Security Framework initialized
[STDERR  ] 2017-07-19T14:12:14.254561346Z: [    1.379541] HPET: 3 timers in total, 0 timers will be used for per-cpu timer
[STDERR  ] 2017-07-19T14:12:14.254569724Z: [    1.380448] hpet0: at MMIO 0xfed00000, IRQs 2, 8, 0
[STDOUT  ] 2017-07-19T14:12:14.254571231Z: [    0.077695] Yama: becoming mindful.
[STDOUT  ] 2017-07-19T14:12:14.254583444Z: [    0.079795] Mount-cache hash table entries: 2048 (order: 2, 16384 bytes)
[STDERR  ] 2017-07-19T14:12:14.254581754Z: [    1.381012] hpet0: 3 comparators, 64-bit 100.000000 MHz counter
[STDERR  ] 2017-07-19T14:12:14.254588884Z: [    1.386358] clocksource: Switched to clocksource hpet
[STDOUT  ] 2017-07-19T14:12:14.254590824Z: [    0.080386] Mountpoint-cache hash table entries: 2048 (order: 2, 16384 bytes)
[STDERR  ] 2017-07-19T14:12:14.254596189Z: [    1.669899] VFS: Disk quotas dquot_6.6.0
[STDOUT  ] 2017-07-19T14:12:14.254599354Z: [    0.103091] Last level iTLB entries: 4KB 0, 2MB 0, 4MB 0
[STDERR  ] 2017-07-19T14:12:14.254604125Z: [    1.671153] VFS: Dquot-cache hash table entries: 512 (order 0, 4096 bytes)
[STDOUT  ] 2017-07-19T14:12:14.254607799Z: [    0.103359] Last level dTLB entries: 4KB 0, 2MB 0, 4MB 0, 1GB 0
[STDOUT  ] 2017-07-19T14:12:14.254617676Z: [    0.448256] Freeing SMP alternatives memory: 20K (ffffffffa5eb0000 - ffffffffa5eb5000)
[STDERR  ] 2017-07-19T14:12:14.254615532Z: [    1.675317] FS-Cache: Loaded
[STDERR  ] 2017-07-19T14:12:14.254627318Z: [    1.680893] CacheFiles: Loaded
[STDOUT  ] 2017-07-19T14:12:14.254624316Z: [    0.459441] ftrace: allocating 35489 entries in 139 pages
[STDERR  ] 2017-07-19T14:12:14.254633748Z: [    1.682533] pnp: PnP ACPI init
[STDOUT  ] 2017-07-19T14:12:14.254637516Z: [    0.641493] smpboot: Max logical packages: 1
[STDERR  ] 2017-07-19T14:12:14.254642001Z: [    1.694661] pnp: PnP ACPI: found 5 devices
[STDERR  ] 2017-07-19T14:12:14.254649775Z: [    1.745541] clocksource: acpi_pm: mask: 0xffffff max_cycles: 0xffffff, max_idle_ns: 2085701024 ns
[STDOUT  ] 2017-07-19T14:12:14.254645821Z: [    0.648804] ..TIMER: vector=0x30 apic1=0 pin1=2 apic2=-1 pin2=-1
[STDERR  ] 2017-07-19T14:12:14.254657218Z: [    1.749639] NET: Registered protocol family 2
[STDOUT  ] 2017-07-19T14:12:14.254655408Z: [    0.750000] smpboot: CPU0: AMD QEMU Virtual CPU version 2.5+ (family: 0x6, model: 0x6, stepping: 0x3)
[STDOUT  ] 2017-07-19T14:12:14.254663855Z: [    0.750000] Performance Events: PMU not available due to virtualization, using software events only.
[STDOUT  ] 2017-07-19T14:12:14.254671131Z: [    0.762120] NMI watchdog: disabled (cpu0): hardware events not enabled
[STDERR  ] 2017-07-19T14:12:14.254667205Z: [    1.757963] TCP established hash table entries: 8192 (order: 4, 65536 bytes)
[STDERR  ] 2017-07-19T14:12:14.254680852Z: [    1.758966] TCP bind hash table entries: 8192 (order: 5, 131072 bytes)
[STDOUT  ] 2017-07-19T14:12:14.254677682Z: [    0.762647] NMI watchdog: Shutting down hard lockup detector on all cpus
[STDOUT  ] 2017-07-19T14:12:14.254690614Z: [    0.766711] x86: Booted up 1 node, 1 CPUs
[STDERR  ] 2017-07-19T14:12:14.254687612Z: [    1.759737] TCP: Hash tables configured (established 8192 bind 8192)
[STDOUT  ] 2017-07-19T14:12:14.254697878Z: [    0.767212] smpboot: Total of 1 processors activated (5199.95 BogoMIPS)
[STDERR  ] 2017-07-19T14:12:14.254698312Z: [    1.762362] UDP hash table entries: 512 (order: 2, 16384 bytes)
[STDERR  ] 2017-07-19T14:12:14.254706316Z: [    1.763015] UDP-Lite hash table entries: 512 (order: 2, 16384 bytes)
[STDOUT  ] 2017-07-19T14:12:14.254705985Z: [    0.785549] devtmpfs: initialized
[STDERR  ] 2017-07-19T14:12:14.254714598Z: [    1.765523] NET: Registered protocol family 1
[STDOUT  ] 2017-07-19T14:12:14.254716598Z: [    0.793648] x86/mm: Memory block size: 128MB
[STDERR  ] 2017-07-19T14:12:14.254722326Z: [    1.766551] pci 0000:00:01.0: Video device with shadowed ROM at [mem 0x000c0000-0x000dffff]
[STDOUT  ] 2017-07-19T14:12:14.254724438Z: [    0.867935] clocksource: jiffies: mask: 0xffffffff max_cycles: 0xffffffff, max_idle_ns: 19112604462750000 ns
[STDOUT  ] 2017-07-19T14:12:14.254734092Z: [    0.868572] futex hash table entries: 256 (order: 2, 16384 bytes)
[STDERR  ] 2017-07-19T14:12:14.254730189Z: [    1.774037] Unpacking initramfs...
[STDOUT  ] 2017-07-19T14:12:14.254746292Z: [    0.879116] NET: Registered protocol family 16
[STDERR  ] 2017-07-19T14:12:14.254742321Z: [    4.387970] Freeing initrd memory: 17968K (ffff97917ee44000 - ffff97917ffd0000)
[STDOUT  ] 2017-07-19T14:12:14.254754746Z: [    0.891544] cpuidle: using governor ladder
[STDERR  ] 2017-07-19T14:12:14.254752899Z: [    4.416814] PCLMULQDQ-NI instructions are not detected.
[STDOUT  ] 2017-07-19T14:12:14.254761698Z: [    0.892064] cpuidle: using governor menu
[STDERR  ] 2017-07-19T14:12:14.254765256Z: [    4.418547] AVX or AES-NI instructions are not detected.
[STDERR  ] 2017-07-19T14:12:14.254773786Z: [    4.419134] CPU feature 'AVX registers' is not supported.
[STDOUT  ] 2017-07-19T14:12:14.254771475Z: [    0.893566] ACPI: bus type PCI registered
[STDERR  ] 2017-07-19T14:12:14.254780775Z: [    4.419641] CPU feature 'AVX registers' is not supported.
[STDERR  ] 2017-07-19T14:12:14.254787671Z: [    4.420576] CPU feature 'AVX registers' is not supported.
[STDOUT  ] 2017-07-19T14:12:14.254781868Z: [    0.897696] PCI: MMCONFIG for domain 0000 [bus 00-ff] at [mem 0xb0000000-0xbfffffff] (base 0xb0000000)
[STDERR  ] 2017-07-19T14:12:14.254799067Z: [    4.421074] CPU feature 'AVX registers' is not supported.
[STDOUT  ] 2017-07-19T14:12:14.254798174Z: [    0.898422] PCI: MMCONFIG at [mem 0xb0000000-0xbfffffff] reserved in E820
[STDERR  ] 2017-07-19T14:12:14.254806505Z: [    4.421564] AVX2 or AES-NI instructions are not detected.
[STDERR  ] 2017-07-19T14:12:14.254813607Z: [    4.421988] AVX2 instructions are not detected.
[STDOUT  ] 2017-07-19T14:12:14.25481328Z: [    0.899870] PCI: Using configuration type 1 for base access
[STDERR  ] 2017-07-19T14:12:14.254821054Z: [    4.429229] audit: initializing netlink subsys (disabled)
[STDOUT  ] 2017-07-19T14:12:14.254825471Z: [    0.973134] HugeTLB registered 2 MB page size, pre-allocated 0 pages
[STDERR  ] 2017-07-19T14:12:14.254827905Z: [    4.432551] audit: type=2000 audit(1500473511.430:1): initialized
[STDOUT  ] 2017-07-19T14:12:14.254838121Z: [    0.988123] ACPI: Added _OSI(Module Device)
[STDERR  ] 2017-07-19T14:12:14.254840031Z: [    4.439918] workingset: timestamp_bits=46 max_order=18 bucket_order=0
[STDERR  ] 2017-07-19T14:12:14.254846944Z: [    4.451223] FS-Cache: Netfs 'cifs' registered for caching
[STDOUT  ] 2017-07-19T14:12:14.254849944Z: [    0.988754] ACPI: Added _OSI(Processor Device)
[STDERR  ] 2017-07-19T14:12:14.254854908Z: [    4.452438] fuse init (API version 7.26)
[STDOUT  ] 2017-07-19T14:12:14.254862157Z: [    0.989091] ACPI: Added _OSI(3.0 _SCP Extensions)
[STDERR  ] 2017-07-19T14:12:14.254863855Z: [    4.455270] SGI XFS with ACLs, security attributes, no debug enabled
[STDERR  ] 2017-07-19T14:12:14.254876801Z: [    4.459458] 9p: Installing v9fs 9p2000 file system support
[STDERR  ] 2017-07-19T14:12:14.254883243Z: [    4.460025] FS-Cache: Netfs '9p' registered for caching
[STDOUT  ] 2017-07-19T14:12:14.254875391Z: [    0.989405] ACPI: Added _OSI(Processor Aggregator Device)
[STDERR  ] 2017-07-19T14:12:14.254890338Z: [    4.497034] NET: Registered protocol family 38
[STDERR  ] 2017-07-19T14:12:14.254897613Z: [    4.497607] Key type asymmetric registered
[STDERR  ] 2017-07-19T14:12:14.254903565Z: [    4.497933] Asymmetric key parser 'x509' registered
[STDERR  ] 2017-07-19T14:12:14.254915934Z: [    4.499101] Block layer SCSI generic (bsg) driver version 0.4 loaded (major 251)
[STDERR  ] 2017-07-19T14:12:14.254922383Z: [    4.503318] io scheduler noop registered
[STDERR  ] 2017-07-19T14:12:14.254928455Z: [    4.503591] io scheduler deadline registered (default)
[STDERR  ] 2017-07-19T14:12:14.254934351Z: [    4.504378] io scheduler cfq registered
[STDERR  ] 2017-07-19T14:12:14.25494024Z: [    4.507275] pci_hotplug: PCI Hot Plug PCI Core version: 0.5
[STDERR  ] 2017-07-19T14:12:14.254946285Z: [    4.507929] pciehp: PCI Express Hot Plug Controller Driver version: 0.4
[STDOUT  ] 2017-07-19T14:12:14.254889578Z: [    1.067399] ACPI: Interpreter enabled
[STDERR  ] 2017-07-19T14:12:14.254952711Z: [    4.509021] shpchp: Standard Hot Plug PCI Controller Driver version: 0.4
[STDOUT  ] 2017-07-19T14:12:14.254955583Z: [    1.068453] ACPI: (supports S0 S5)
[STDERR  ] 2017-07-19T14:12:14.254964205Z: [    4.510089] hv_vmbus: registering driver hyperv_fb
[STDOUT  ] 2017-07-19T14:12:14.254966363Z: [    1.069056] ACPI: Using IOAPIC for interrupt routing
[STDERR  ] 2017-07-19T14:12:14.25497257Z: [    4.514679] input: Power Button as /devices/LNXSYSTM:00/LNXPWRBN:00/input/input0
[STDOUT  ] 2017-07-19T14:12:14.254973461Z: [    1.072331] PCI: Using host bridge windows from ACPI; if necessary, use "pci=nocrs" and report a bug
[STDERR  ] 2017-07-19T14:12:14.254979424Z: [    4.515939] ACPI: Power Button [PWRF]
[STDERR  ] 2017-07-19T14:12:14.254989091Z: [    4.521649] GHES: HEST is not enabled!
[STDOUT  ] 2017-07-19T14:12:14.254987387Z: [    1.138357] ACPI: PCI Root Bridge [PCI0] (domain 0000 [bus 00-ff])
[STDOUT  ] 2017-07-19T14:12:14.254995307Z: [    1.139750] acpi PNP0A08:00: _OSC: OS supports [ExtendedConfig ASPM ClockPM Segments MSI]
[STDERR  ] 2017-07-19T14:12:14.254996084Z: [    4.534170] ACPI: PCI Interrupt Link [GSIH] enabled at IRQ 23
[STDERR  ] 2017-07-19T14:12:14.25501178Z: [    4.542821] xenfs: not registering filesystem on non-xen platform
[STDOUT  ] 2017-07-19T14:12:14.255011491Z: [    1.146817] acpi PNP0A08:00: _OSC: OS now controls [PCIeHotplug PME PCIeCapability]
[STDERR  ] 2017-07-19T14:12:14.255018521Z: [    4.545088] Serial: 8250/16550 driver, 4 ports, IRQ sharing disabled
[STDOUT  ] 2017-07-19T14:12:14.255021551Z: [    1.151146] PCI host bridge to bus 0000:00
[STDERR  ] 2017-07-19T14:12:14.25502631Z: [    4.570330] 00:04: ttyS0 at I/O 0x3f8 (irq = 4, base_baud = 115200) is a 16550A
[STDERR  ] 2017-07-19T14:12:14.255034368Z: [    4.584929] Non-volatile memory driver v1.3
[STDOUT  ] 2017-07-19T14:12:14.255031187Z: [    1.151641] pci_bus 0000:00: root bus resource [io  0x0000-0x0cf7 window]
[STDOUT  ] 2017-07-19T14:12:14.255041963Z: [    1.152073] pci_bus 0000:00: root bus resource [io  0x0d00-0xffff window]
[STDERR  ] 2017-07-19T14:12:14.255041603Z: [    4.593073] Hangcheck: starting hangcheck timer 0.9.1 (tick is 180 seconds, margin is 60 seconds).
[STDOUT  ] 2017-07-19T14:12:14.255049641Z: [    1.152470] pci_bus 0000:00: root bus resource [mem 0x000a0000-0x000bffff window]
[STDERR  ] 2017-07-19T14:12:14.255049017Z: [    4.635163] loop: module loaded
[STDOUT  ] 2017-07-19T14:12:14.255057587Z: [    1.152998] pci_bus 0000:00: root bus resource [mem 0xc0000000-0xfebfffff window]
[STDERR  ] 2017-07-19T14:12:14.255057338Z: [    4.652983] nbd: registered device at major 43
[STDOUT  ] 2017-07-19T14:12:14.255064857Z: [    1.153695] pci_bus 0000:00: root bus resource [bus 00-ff]
[STDERR  ] 2017-07-19T14:12:14.255070788Z: [    4.699147] lpc_ich 0000:00:1f.0: I/O space for GPIO uninitialized
[STDOUT  ] 2017-07-19T14:12:14.255072Z: [    1.250678] pci 0000:00:1f.0: quirk: [io  0x0600-0x067f] claimed by ICH6 ACPI/GPIO/TCO
[STDOUT  ] 2017-07-19T14:12:14.255080757Z: [    1.308926] ACPI: PCI Interrupt Link [LNKA] (IRQs 5 *10 11)
[STDERR  ] 2017-07-19T14:12:14.255078331Z: [    4.701866] VMware PVSCSI driver - version 1.0.7.0-k
[STDOUT  ] 2017-07-19T14:12:14.255087113Z: [    1.312776] ACPI: PCI Interrupt Link [LNKB] (IRQs 5 *10 11)
[STDOUT  ] 2017-07-19T14:12:14.255094637Z: [    1.315191] ACPI: PCI Interrupt Link [LNKC] (IRQs 5 10 *11)
[STDERR  ] 2017-07-19T14:12:14.255093914Z: [    4.702862] hv_vmbus: registering driver hv_storvsc
[STDOUT  ] 2017-07-19T14:12:14.255101884Z: [    1.317792] ACPI: PCI Interrupt Link [LNKD] (IRQs 5 10 *11)
[STDERR  ] 2017-07-19T14:12:14.255107131Z: [    4.716495] ACPI: PCI Interrupt Link [GSIA] enabled at IRQ 16
[STDOUT  ] 2017-07-19T14:12:14.255112493Z: [    1.320969] ACPI: PCI Interrupt Link [LNKE] (IRQs 5 *10 11)
[STDERR  ] 2017-07-19T14:12:14.255119813Z: [    4.724724] ahci 0000:00:1f.2: AHCI 0001.0000 32 slots 6 ports 1.5 Gbps 0x3f impl SATA mode
[STDOUT  ] 2017-07-19T14:12:14.255121537Z: [    1.322960] ACPI: PCI Interrupt Link [LNKF] (IRQs 5 *10 11)
[STDOUT  ] 2017-07-19T14:12:14.255128421Z: [    1.325119] ACPI: PCI Interrupt Link [LNKG] (IRQs 5 10 *11)
[STDERR  ] 2017-07-19T14:12:14.255132743Z: [    4.725527] ahci 0000:00:1f.2: flags: 64bit ncq only 
[STDOUT  ] 2017-07-19T14:12:14.255145618Z: [    1.326970] ACPI: PCI Interrupt Link [LNKH] (IRQs 5 10 *11)
[STDERR  ] 2017-07-19T14:12:14.255149574Z: [    4.747007] scsi host0: ahci
[STDOUT  ] 2017-07-19T14:12:14.255153628Z: [    1.327923] ACPI: PCI Interrupt Link [GSIA] (IRQs *16)
[STDERR  ] 2017-07-19T14:12:14.255162477Z: [    4.752879] scsi host1: ahci
[STDOUT  ] 2017-07-19T14:12:14.255164065Z: [    1.328798] ACPI: PCI Interrupt Link [GSIB] (IRQs *17)
[STDERR  ] 2017-07-19T14:12:14.255175805Z: [    4.755350] scsi host2: ahci
[STDOUT  ] 2017-07-19T14:12:14.255177358Z: [    1.329583] ACPI: PCI Interrupt Link [GSIC] (IRQs *18)
[STDERR  ] 2017-07-19T14:12:14.255187515Z: [    4.757754] scsi host3: ahci
[STDOUT  ] 2017-07-19T14:12:14.255190017Z: [    1.330573] ACPI: PCI Interrupt Link [GSID] (IRQs *19)
[STDERR  ] 2017-07-19T14:12:14.255198967Z: [    4.761023] scsi host4: ahci
[STDOUT  ] 2017-07-19T14:12:14.255205998Z: [    1.331365] ACPI: PCI Interrupt Link [GSIE] (IRQs *20)
[STDERR  ] 2017-07-19T14:12:14.255214075Z: [    4.763469] scsi host5: ahci
[STDOUT  ] 2017-07-19T14:12:14.255215691Z: [    1.332103] ACPI: PCI Interrupt Link [GSIF] (IRQs *21)
[STDOUT  ] 2017-07-19T14:12:14.255230381Z: [    1.332809] ACPI: PCI Interrupt Link [GSIG] (IRQs *22)
[STDERR  ] 2017-07-19T14:12:14.255227167Z: [    4.765433] ata1: SATA max UDMA/133 abar m4096@0xfebf1000 port 0xfebf1100 irq 24
[STDOUT  ] 2017-07-19T14:12:14.255236677Z: [    1.333485] ACPI: PCI Interrupt Link [GSIH] (IRQs *23)
[STDOUT  ] 2017-07-19T14:12:14.255248565Z: [    1.337967] ACPI: Enabled 2 GPEs in block 00 to 3F
[STDERR  ] 2017-07-19T14:12:14.255247087Z: [    4.766031] ata2: SATA max UDMA/133 abar m4096@0xfebf1000 port 0xfebf1180 irq 24
[STDOUT  ] 2017-07-19T14:12:14.255254923Z: [    1.343355] SCSI subsystem initialized
[STDOUT  ] 2017-07-19T14:12:14.255262854Z: [    1.345584] ACPI: bus type USB registered
[STDERR  ] 2017-07-19T14:12:14.255260487Z: [    4.766557] ata3: SATA max UDMA/133 abar m4096@0xfebf1000 port 0xfebf1200 irq 24
[STDOUT  ] 2017-07-19T14:12:14.255268684Z: [    1.346840] usbcore: registered new interface driver usbfs
[STDOUT  ] 2017-07-19T14:12:14.255280157Z: [    1.347885] usbcore: registered new interface driver hub
[STDERR  ] 2017-07-19T14:12:14.255278635Z: [    4.767066] ata4: SATA max UDMA/133 abar m4096@0xfebf1000 port 0xfebf1280 irq 24
[STDOUT  ] 2017-07-19T14:12:14.255287217Z: [    1.348821] usbcore: registered new device driver usb
[STDOUT  ] 2017-07-19T14:12:14.255294307Z: [    1.350293] pps_core: LinuxPPS API ver. 1 registered
[STDERR  ] 2017-07-19T14:12:14.255291074Z: [    4.767548] ata5: SATA max UDMA/133 abar m4096@0xfebf1000 port 0xfebf1300 irq 24
[STDOUT  ] 2017-07-19T14:12:14.255301213Z: [    1.350637] pps_core: Software ver. 5.3.6 - Copyright 2005-2007 Rodolfo Giometti <giometti@linux.it>
[STDOUT  ] 2017-07-19T14:12:14.255308658Z: [    1.351387] PTP clock support registered
[STDOUT  ] 2017-07-19T14:12:14.255315094Z: [    1.352650] wmi: Mapper loaded
[STDERR  ] 2017-07-19T14:12:14.255307275Z: [    4.768042] ata6: SATA max UDMA/133 abar m4096@0xfebf1000 port 0xfebf1380 irq 24
[STDERR  ] 2017-07-19T14:12:14.255323183Z: [    4.782434] tun: Universal TUN/TAP device driver, 1.6
[STDOUT  ] 2017-07-19T14:12:14.255324835Z: [    1.354163] PCI: Using ACPI for IRQ routing
[STDOUT  ] 2017-07-19T14:12:14.255331977Z: [    1.374690] NetLabel: Initializing
[STDERR  ] 2017-07-19T14:12:14.255336293Z: [    4.782914] tun: (C) 1999-2004 Max Krasnyansky <maxk@qualcomm.com>
[STDOUT  ] 2017-07-19T14:12:14.255340888Z: [    1.374950] NetLabel:  domain hash size = 128
[STDOUT  ] 2017-07-19T14:12:14.255352555Z: [    1.375344] NetLabel:  protocols = UNLABELED CIPSOv4
[STDERR  ] 2017-07-19T14:12:14.255350698Z: [    4.786003] VMware vmxnet3 virtual NIC driver - version 1.4.a.0-k-NAPI
[STDOUT  ] 2017-07-19T14:12:14.255359371Z: [    1.378172] NetLabel:  unlabeled traffic allowed by default
[STDOUT  ] 2017-07-19T14:12:14.255369545Z: [    1.379541] HPET: 3 timers in total, 0 timers will be used for per-cpu timer
[STDERR  ] 2017-07-19T14:12:14.255366338Z: [    4.787218] hv_vmbus: registering driver hv_netvsc
[STDOUT  ] 2017-07-19T14:12:14.255381624Z: [    1.380448] hpet0: at MMIO 0xfed00000, IRQs 2, 8, 0
[STDOUT  ] 2017-07-19T14:12:14.255391587Z: [    1.381012] hpet0: 3 comparators, 64-bit 100.000000 MHz counter
[STDERR  ] 2017-07-19T14:12:14.255384581Z: [    4.787583] Fusion MPT base driver 3.04.20
[STDERR  ] 2017-07-19T14:12:14.25540012Z: [    4.787934] Copyright (c) 1999-2008 LSI Corporation
[STDOUT  ] 2017-07-19T14:12:14.25539792Z: [    1.386358] clocksource: Switched to clocksource hpet
[STDOUT  ] 2017-07-19T14:12:14.255406373Z: [    1.669899] VFS: Disk quotas dquot_6.6.0
[STDERR  ] 2017-07-19T14:12:14.255407995Z: [    4.788632] Fusion MPT SPI Host driver 3.04.20
[STDERR  ] 2017-07-19T14:12:14.255416598Z: [    4.791282] i8042: PNP: PS/2 Controller [PNP0303:KBD,PNP0f13:MOU] at 0x60,0x64 irq 1,12
[STDOUT  ] 2017-07-19T14:12:14.255413825Z: [    1.671153] VFS: Dquot-cache hash table entries: 512 (order 0, 4096 bytes)
[STDOUT  ] 2017-07-19T14:12:14.255425895Z: [    1.675317] FS-Cache: Loaded
[STDERR  ] 2017-07-19T14:12:14.255427685Z: [    4.795442] serio: i8042 KBD port at 0x60,0x64 irq 1
[STDOUT  ] 2017-07-19T14:12:14.255433463Z: [    1.680893] CacheFiles: Loaded
[STDERR  ] 2017-07-19T14:12:14.25543623Z: [    4.796171] serio: i8042 AUX port at 0x60,0x64 irq 12
[STDOUT  ] 2017-07-19T14:12:14.255441468Z: [    1.682533] pnp: PnP ACPI init
[STDERR  ] 2017-07-19T14:12:14.25544414Z: [    4.799359] hv_vmbus: registering driver hyperv_keyboard
[STDOUT  ] 2017-07-19T14:12:14.255449574Z: [    1.694661] pnp: PnP ACPI: found 5 devices
[STDERR  ] 2017-07-19T14:12:14.255451903Z: [    4.802134] mousedev: PS/2 mouse device common for all mice
[STDERR  ] 2017-07-19T14:12:14.255460024Z: [    4.806918] input: AT Translated Set 2 keyboard as /devices/platform/i8042/serio0/input/input1
[STDERR  ] 2017-07-19T14:12:14.255469287Z: [    4.809884] input: PC Speaker as /devices/platform/pcspkr/input/input2
[STDOUT  ] 2017-07-19T14:12:14.255464201Z: [    1.745541] clocksource: acpi_pm: mask: 0xffffff max_cycles: 0xffffff, max_idle_ns: 2085701024 ns
[STDERR  ] 2017-07-19T14:12:14.255476304Z: [    4.813759] rtc_cmos 00:00: RTC can wake from S4
[STDOUT  ] 2017-07-19T14:12:14.255480438Z: [    1.749639] NET: Registered protocol family 2
[STDERR  ] 2017-07-19T14:12:14.255483554Z: [    4.817911] rtc_cmos 00:00: rtc core: registered rtc_cmos as rtc0
[STDOUT  ] 2017-07-19T14:12:14.255488904Z: [    1.757963] TCP established hash table entries: 8192 (order: 4, 65536 bytes)
[STDERR  ] 2017-07-19T14:12:14.255491523Z: [    4.819363] rtc_cmos 00:00: alarms up to one day, y3k, 114 bytes nvram, hpet irqs
[STDOUT  ] 2017-07-19T14:12:14.255497753Z: [    1.758966] TCP bind hash table entries: 8192 (order: 5, 131072 bytes)
[STDERR  ] 2017-07-19T14:12:14.255498661Z: [    4.820561] i2c /dev entries driver
[STDOUT  ] 2017-07-19T14:12:14.255505633Z: [    1.759737] TCP: Hash tables configured (established 8192 bind 8192)
[STDERR  ] 2017-07-19T14:12:14.255507348Z: [    4.823022] device-mapper: ioctl: 4.35.0-ioctl (2016-06-23) initialised: dm-devel@redhat.com
[STDOUT  ] 2017-07-19T14:12:14.255513301Z: [    1.762362] UDP hash table entries: 512 (order: 2, 16384 bytes)
[STDERR  ] 2017-07-19T14:12:14.255516198Z: [    4.827985] usbcore: registered new interface driver usbhid
[STDOUT  ] 2017-07-19T14:12:14.255521168Z: [    1.763015] UDP-Lite hash table entries: 512 (order: 2, 16384 bytes)
[STDERR  ] 2017-07-19T14:12:14.255529878Z: [    4.828403] usbhid: USB HID core driver
[STDOUT  ] 2017-07-19T14:12:14.255528205Z: [    1.765523] NET: Registered protocol family 1
[STDERR  ] 2017-07-19T14:12:14.25554179Z: [    4.829102] hv_utils: Registering HyperV Utility Driver
[STDOUT  ] 2017-07-19T14:12:14.255546001Z: [    1.766551] pci 0000:00:01.0: Video device with shadowed ROM at [mem 0x000c0000-0x000dffff]
[STDOUT  ] 2017-07-19T14:12:14.255554933Z: [    1.774037] Unpacking initramfs...
[STDOUT  ] 2017-07-19T14:12:14.255561058Z: [    4.387970] Freeing initrd memory: 17968K (ffff97917ee44000 - ffff97917ffd0000)
[STDERR  ] 2017-07-19T14:12:14.25555606Z: [    4.829487] hv_vmbus: registering driver hv_util
[STDOUT  ] 2017-07-19T14:12:14.25557629Z: [    4.416814] PCLMULQDQ-NI instructions are not detected.
[STDERR  ] 2017-07-19T14:12:14.2555794Z: [    4.829708] hv_vmbus: registering driver hv_balloon
[STDOUT  ] 2017-07-19T14:12:14.255587644Z: [    4.418547] AVX or AES-NI instructions are not detected.
[STDERR  ] 2017-07-19T14:12:14.255591375Z: [    4.830954] oprofile: using NMI interrupt.
[STDERR  ] 2017-07-19T14:12:14.255608203Z: [    4.832244] GACT probability on
[STDOUT  ] 2017-07-19T14:12:14.255604823Z: [    4.419134] CPU feature 'AVX registers' is not supported.
[STDOUT  ] 2017-07-19T14:12:14.25562572Z: [    4.419641] CPU feature 'AVX registers' is not supported.
[STDERR  ] 2017-07-19T14:12:14.255622108Z: [    4.832815] Mirror/redirect action on
[STDERR  ] 2017-07-19T14:12:14.255641193Z: [    4.833714] Simple TC action Loaded
[STDOUT  ] 2017-07-19T14:12:14.255638057Z: [    4.420576] CPU feature 'AVX registers' is not supported.
[STDOUT  ] 2017-07-19T14:12:14.255656064Z: [    4.421074] CPU feature 'AVX registers' is not supported.
[STDERR  ] 2017-07-19T14:12:14.255653883Z: [    4.834643] u32 classifier
[STDERR  ] 2017-07-19T14:12:14.255664161Z: [    4.835130]     Performance counters on
[STDOUT  ] 2017-07-19T14:12:14.25566612Z: [    4.421564] AVX2 or AES-NI instructions are not detected.
[STDERR  ] 2017-07-19T14:12:14.255671533Z: [    4.835411]     input device check on
[STDOUT  ] 2017-07-19T14:12:14.25567474Z: [    4.421988] AVX2 instructions are not detected.
[STDERR  ] 2017-07-19T14:12:14.255679287Z: [    4.835676]     Actions configured
[STDOUT  ] 2017-07-19T14:12:14.255682988Z: [    4.429229] audit: initializing netlink subsys (disabled)
[STDERR  ] 2017-07-19T14:12:14.255687275Z: [    4.836393] Netfilter messages via NETLINK v0.30.
[STDOUT  ] 2017-07-19T14:12:14.255693244Z: [    4.432551] audit: type=2000 audit(1500473511.430:1): initialized
[STDERR  ] 2017-07-19T14:12:14.255696468Z: [    4.837058] nfnl_acct: registering with nfnetlink.
[STDERR  ] 2017-07-19T14:12:14.255704194Z: [    4.838565] nf_conntrack version 0.5.0 (8192 buckets, 32768 max)
[STDOUT  ] 2017-07-19T14:12:14.25570153Z: [    4.439918] workingset: timestamp_bits=46 max_order=18 bucket_order=0
[STDERR  ] 2017-07-19T14:12:14.255710331Z: [    4.842223] ctnetlink v0.93: registering with nfnetlink.
[STDOUT  ] 2017-07-19T14:12:14.255714797Z: [    4.451223] FS-Cache: Netfs 'cifs' registered for caching
[STDERR  ] 2017-07-19T14:12:14.255718251Z: [    4.845427] nf_tables: (c) 2007-2009 Patrick McHardy <kaber@trash.net>
[STDOUT  ] 2017-07-19T14:12:14.255723992Z: [    4.452438] fuse init (API version 7.26)
[STDERR  ] 2017-07-19T14:12:14.255725356Z: [    4.846374] nf_tables_compat: (c) 2012 Pablo Neira Ayuso <pablo@netfilter.org>
[STDOUT  ] 2017-07-19T14:12:14.255731156Z: [    4.455270] SGI XFS with ACLs, security attributes, no debug enabled
[STDERR  ] 2017-07-19T14:12:14.255733257Z: [    4.848871] xt_time: kernel timezone is -0000
[STDOUT  ] 2017-07-19T14:12:14.255738914Z: [    4.459458] 9p: Installing v9fs 9p2000 file system support
[STDERR  ] 2017-07-19T14:12:14.255741163Z: [    4.849491] ip_set: protocol 6
[STDOUT  ] 2017-07-19T14:12:14.255746687Z: [    4.460025] FS-Cache: Netfs '9p' registered for caching
[STDERR  ] 2017-07-19T14:12:14.255749146Z: [    4.850679] IPVS: Registered protocols (TCP, UDP, SCTP, AH, ESP)
[STDOUT  ] 2017-07-19T14:12:14.255754382Z: [    4.497034] NET: Registered protocol family 38
[STDERR  ] 2017-07-19T14:12:14.255756934Z: [    4.851572] IPVS: Connection hash table configured (size=4096, memory=64Kbytes)
[STDOUT  ] 2017-07-19T14:12:14.255762072Z: [    4.497607] Key type asymmetric registered
[STDERR  ] 2017-07-19T14:12:14.255764913Z: [    4.853332] IPVS: Creating netns size=2104 id=0
[STDOUT  ] 2017-07-19T14:12:14.255770647Z: [    4.497933] Asymmetric key parser 'x509' registered
[STDERR  ] 2017-07-19T14:12:14.25577175Z: [    4.856098] IPVS: ipvs loaded.
[STDOUT  ] 2017-07-19T14:12:14.255778493Z: [    4.499101] Block layer SCSI generic (bsg) driver version 0.4 loaded (major 251)
[STDERR  ] 2017-07-19T14:12:14.255779424Z: [    4.856530] IPVS: [rr] scheduler registered.
[STDOUT  ] 2017-07-19T14:12:14.255791497Z: [    4.503318] io scheduler noop registered
[STDOUT  ] 2017-07-19T14:12:14.255799179Z: [    4.503591] io scheduler deadline registered (default)
[STDERR  ] 2017-07-19T14:12:14.255793367Z: [    4.856962] IPVS: [wrr] scheduler registered.
[STDOUT  ] 2017-07-19T14:12:14.255805459Z: [    4.504378] io scheduler cfq registered
[STDERR  ] 2017-07-19T14:12:14.255811533Z: [    4.857287] IPVS: [lc] scheduler registered.
[STDOUT  ] 2017-07-19T14:12:14.255812722Z: [    4.507275] pci_hotplug: PCI Hot Plug PCI Core version: 0.5
[STDOUT  ] 2017-07-19T14:12:14.255821373Z: [    4.507929] pciehp: PCI Express Hot Plug Controller Driver version: 0.4
[STDERR  ] 2017-07-19T14:12:14.255819107Z: [    4.857593] IPVS: [wlc] scheduler registered.
[STDOUT  ] 2017-07-19T14:12:14.255827472Z: [    4.509021] shpchp: Standard Hot Plug PCI Controller Driver version: 0.4
[STDERR  ] 2017-07-19T14:12:14.25583725Z: [    4.857918] IPVS: [fo] scheduler registered.
[STDOUT  ] 2017-07-19T14:12:14.255839443Z: [    4.510089] hv_vmbus: registering driver hyperv_fb
[STDOUT  ] 2017-07-19T14:12:14.25584662Z: [    4.514679] input: Power Button as /devices/LNXSYSTM:00/LNXPWRBN:00/input/input0
[STDERR  ] 2017-07-19T14:12:14.25584874Z: [    4.858201] IPVS: [ovf] scheduler registered.
[STDOUT  ] 2017-07-19T14:12:14.25585398Z: [    4.515939] ACPI: Power Button [PWRF]
[STDERR  ] 2017-07-19T14:12:14.255861006Z: [    4.858695] IPVS: [lblc] scheduler registered.
[STDOUT  ] 2017-07-19T14:12:14.255862697Z: [    4.521649] GHES: HEST is not enabled!
[STDERR  ] 2017-07-19T14:12:14.25587382Z: [    4.859172] IPVS: [lblcr] scheduler registered.
[STDOUT  ] 2017-07-19T14:12:14.255874649Z: [    4.534170] ACPI: PCI Interrupt Link [GSIH] enabled at IRQ 23
[STDOUT  ] 2017-07-19T14:12:14.255882914Z: [    4.542821] xenfs: not registering filesystem on non-xen platform
[STDERR  ] 2017-07-19T14:12:14.255886613Z: [    4.859527] IPVS: [dh] scheduler registered.
[STDERR  ] 2017-07-19T14:12:14.255898947Z: [    4.859824] IPVS: [sh] scheduler registered.
[STDOUT  ] 2017-07-19T14:12:14.255891344Z: [    4.545088] Serial: 8250/16550 driver, 4 ports, IRQ sharing disabled
[STDOUT  ] 2017-07-19T14:12:14.255909076Z: [    4.570330] 00:04: ttyS0 at I/O 0x3f8 (irq = 4, base_baud = 115200) is a 16550A
[STDOUT  ] 2017-07-19T14:12:14.2559793Z: [    4.584929] Non-volatile memory driver v1.3
[STDOUT  ] 2017-07-19T14:12:14.255986009Z: [    4.593073] Hangcheck: starting hangcheck timer 0.9.1 (tick is 180 seconds, margin is 60 seconds).
[STDERR  ] 2017-07-19T14:12:14.255975656Z: [    4.860784] IPVS: [sed] scheduler registered.
[STDERR  ] 2017-07-19T14:12:14.255992656Z: [    4.861105] IPVS: [nq] scheduler registered.
[STDOUT  ] 2017-07-19T14:12:14.255993716Z: [    4.635163] loop: module loaded
[STDOUT  ] 2017-07-19T14:12:14.256001546Z: [    4.652983] nbd: registered device at major 43
[STDOUT  ] 2017-07-19T14:12:14.256008474Z: [    4.699147] lpc_ich 0000:00:1f.0: I/O space for GPIO uninitialized
[STDERR  ] 2017-07-19T14:12:14.25600294Z: [    4.861913] IPVS: ftp: loaded support on port[0] = 21
[STDOUT  ] 2017-07-19T14:12:14.256015156Z: [    4.701866] VMware PVSCSI driver - version 1.0.7.0-k
[STDERR  ] 2017-07-19T14:12:14.256021249Z: [    4.862908] ipip: IPv4 and MPLS over IPv4 tunneling driver
[STDERR  ] 2017-07-19T14:12:14.256036573Z: [    4.867573] gre: GRE over IPv4 demultiplexor driver
[STDOUT  ] 2017-07-19T14:12:14.256034189Z: [    4.702862] hv_vmbus: registering driver hv_storvsc
[STDOUT  ] 2017-07-19T14:12:14.256045283Z: [    4.716495] ACPI: PCI Interrupt Link [GSIA] enabled at IRQ 16
[STDERR  ] 2017-07-19T14:12:14.256048144Z: [    4.870963] ip_tables: (C) 2000-2006 Netfilter Core Team
[STDOUT  ] 2017-07-19T14:12:14.256053323Z: [    4.724724] ahci 0000:00:1f.2: AHCI 0001.0000 32 slots 6 ports 1.5 Gbps 0x3f impl SATA mode
[STDERR  ] 2017-07-19T14:12:14.256060144Z: [    4.874357] ipt_CLUSTERIP: ClusterIP Version 0.8 loaded successfully
[STDOUT  ] 2017-07-19T14:12:14.256061889Z: [    4.725527] ahci 0000:00:1f.2: flags: 64bit ncq only 
[STDERR  ] 2017-07-19T14:12:14.25607272Z: [    4.875170] arp_tables: arp_tables: (C) 2002 David S. Miller
[STDOUT  ] 2017-07-19T14:12:14.25607372Z: [    4.747007] scsi host0: ahci
[STDERR  ] 2017-07-19T14:12:14.256083837Z: [    4.878009] NET: Registered protocol family 10
[STDOUT  ] 2017-07-19T14:12:14.256085597Z: [    4.752879] scsi host1: ahci
[STDOUT  ] 2017-07-19T14:12:14.256097514Z: [    4.755350] scsi host2: ahci
[STDOUT  ] 2017-07-19T14:12:14.256103896Z: [    4.757754] scsi host3: ahci
[STDERR  ] 2017-07-19T14:12:14.256095746Z: [    4.887437] ip6_tables: (C) 2000-2006 Netfilter Core Team
[STDOUT  ] 2017-07-19T14:12:14.256110442Z: [    4.761023] scsi host4: ahci
[STDERR  ] 2017-07-19T14:12:14.25611615Z: [    4.896649] NET: Registered protocol family 17
[STDOUT  ] 2017-07-19T14:12:14.256123462Z: [    4.763469] scsi host5: ahci
[STDERR  ] 2017-07-19T14:12:14.256135274Z: [    4.897888] Bridge firewalling registered
[STDOUT  ] 2017-07-19T14:12:14.256136833Z: [    4.765433] ata1: SATA max UDMA/133 abar m4096@0xfebf1000 port 0xfebf1100 irq 24
[STDOUT  ] 2017-07-19T14:12:14.256144566Z: [    4.766031] ata2: SATA max UDMA/133 abar m4096@0xfebf1000 port 0xfebf1180 irq 24
[STDERR  ] 2017-07-19T14:12:14.256148719Z: [    4.898533] Ebtables v2.0 registered
[STDOUT  ] 2017-07-19T14:12:14.256151914Z: [    4.766557] ata3: SATA max UDMA/133 abar m4096@0xfebf1000 port 0xfebf1200 irq 24
[STDERR  ] 2017-07-19T14:12:14.256160496Z: [    4.901130] 8021q: 802.1Q VLAN Support v1.8
[STDOUT  ] 2017-07-19T14:12:14.256162254Z: [    4.767066] ata4: SATA max UDMA/133 abar m4096@0xfebf1000 port 0xfebf1280 irq 24
[STDOUT  ] 2017-07-19T14:12:14.25617454Z: [    4.767548] ata5: SATA max UDMA/133 abar m4096@0xfebf1000 port 0xfebf1300 irq 24
[STDERR  ] 2017-07-19T14:12:14.25617294Z: [    4.902727] 9pnet: Installing 9P2000 support
[STDOUT  ] 2017-07-19T14:12:14.256181646Z: [    4.768042] ata6: SATA max UDMA/133 abar m4096@0xfebf1000 port 0xfebf1380 irq 24
[STDERR  ] 2017-07-19T14:12:14.256185463Z: [    4.904315] Key type dns_resolver registered
[STDOUT  ] 2017-07-19T14:12:14.256190094Z: [    4.782434] tun: Universal TUN/TAP device driver, 1.6
[STDERR  ] 2017-07-19T14:12:14.256200727Z: [    4.905346] microcode: AMD CPU family 0x6 not supported
[STDOUT  ] 2017-07-19T14:12:14.256201406Z: [    4.782914] tun: (C) 1999-2004 Max Krasnyansky <maxk@qualcomm.com>
[STDERR  ] 2017-07-19T14:12:14.256213122Z: [    4.909372] registered taskstats version 1
[STDERR  ] 2017-07-19T14:12:14.256224782Z: [    5.101269] ata2: SATA link down (SStatus 0 SControl 300)
[STDOUT  ] 2017-07-19T14:12:14.256219764Z: [    4.786003] VMware vmxnet3 virtual NIC driver - version 1.4.a.0-k-NAPI
[STDERR  ] 2017-07-19T14:12:14.256235913Z: [    5.104162] ata1: SATA link down (SStatus 0 SControl 300)
[STDOUT  ] 2017-07-19T14:12:14.256246427Z: [    4.787218] hv_vmbus: registering driver hv_netvsc
[STDERR  ] 2017-07-19T14:12:14.256249209Z: [    5.111611] ata3: SATA link up 1.5 Gbps (SStatus 113 SControl 300)
[STDOUT  ] 2017-07-19T14:12:14.256257932Z: [    4.787583] Fusion MPT base driver 3.04.20
[STDERR  ] 2017-07-19T14:12:14.256261533Z: [    5.115166] ata3.00: ATAPI: QEMU DVD-ROM, 2.5+, max UDMA/100
[STDOUT  ] 2017-07-19T14:12:14.256267179Z: [    4.787934] Copyright (c) 1999-2008 LSI Corporation
[STDOUT  ] 2017-07-19T14:12:14.256274366Z: [    4.788632] Fusion MPT SPI Host driver 3.04.20
[STDERR  ] 2017-07-19T14:12:14.256273672Z: [    5.115680] ata3.00: applying bridge limits
[STDOUT  ] 2017-07-19T14:12:14.256283662Z: [    4.791282] i8042: PNP: PS/2 Controller [PNP0303:KBD,PNP0f13:MOU] at 0x60,0x64 irq 1,12
[STDERR  ] 2017-07-19T14:12:14.256284199Z: [    5.117677] ata3.00: configured for UDMA/100
[STDOUT  ] 2017-07-19T14:12:14.256292477Z: [    4.795442] serio: i8042 KBD port at 0x60,0x64 irq 1
[STDERR  ] 2017-07-19T14:12:14.256295853Z: [    5.121400] ata6: SATA link down (SStatus 0 SControl 300)
[STDOUT  ] 2017-07-19T14:12:14.256299837Z: [    4.796171] serio: i8042 AUX port at 0x60,0x64 irq 12
[STDOUT  ] 2017-07-19T14:12:14.256306884Z: [    4.799359] hv_vmbus: registering driver hyperv_keyboard
[STDERR  ] 2017-07-19T14:12:14.256315982Z: [    5.122027] ata5: SATA link down (SStatus 0 SControl 300)
[STDOUT  ] 2017-07-19T14:12:14.25631751Z: [    4.802134] mousedev: PS/2 mouse device common for all mice
[STDOUT  ] 2017-07-19T14:12:14.256325039Z: [    4.806918] input: AT Translated Set 2 keyboard as /devices/platform/i8042/serio0/input/input1
[STDERR  ] 2017-07-19T14:12:14.256329652Z: [    5.122586] ata4: SATA link down (SStatus 0 SControl 300)
[STDOUT  ] 2017-07-19T14:12:14.256332359Z: [    4.809884] input: PC Speaker as /devices/platform/pcspkr/input/input2
[STDOUT  ] 2017-07-19T14:12:14.256343567Z: [    4.813759] rtc_cmos 00:00: RTC can wake from S4
[STDERR  ] 2017-07-19T14:12:14.256341614Z: [    5.141896] scsi 2:0:0:0: CD-ROM            QEMU     QEMU DVD-ROM     2.5+ PQ: 0 ANSI: 5
[STDOUT  ] 2017-07-19T14:12:14.256353133Z: [    4.817911] rtc_cmos 00:00: rtc core: registered rtc_cmos as rtc0
[STDERR  ] 2017-07-19T14:12:14.256359827Z: [    5.163711] sr 2:0:0:0: [sr0] scsi3-mmc drive: 4x/4x cd/rw xa/form2 tray
[STDOUT  ] 2017-07-19T14:12:14.256364176Z: [    4.819363] rtc_cmos 00:00: alarms up to one day, y3k, 114 bytes nvram, hpet irqs
[STDOUT  ] 2017-07-19T14:12:14.256371647Z: [    4.820561] i2c /dev entries driver
[STDERR  ] 2017-07-19T14:12:14.256373129Z: [    5.164212] cdrom: Uniform CD-ROM driver Revision: 3.20
[STDERR  ] 2017-07-19T14:12:14.25638554Z: [    5.182497] sr 2:0:0:0: Attached scsi generic sg0 type 5
[STDOUT  ] 2017-07-19T14:12:14.256383109Z: [    4.823022] device-mapper: ioctl: 4.35.0-ioctl (2016-06-23) initialised: dm-devel@redhat.com
[STDOUT  ] 2017-07-19T14:12:14.25639543Z: [    4.827985] usbcore: registered new interface driver usbhid
[STDOUT  ] 2017-07-19T14:12:14.256406397Z: [    4.828403] usbhid: USB HID core driver
[STDERR  ] 2017-07-19T14:12:14.256396702Z: [    5.187290] Key type big_key registered
[STDOUT  ] 2017-07-19T14:12:14.256416897Z: [    4.829102] hv_utils: Registering HyperV Utility Driver
[STDERR  ] 2017-07-19T14:12:14.256418689Z: [    5.241556] Key type encrypted registered
[STDERR  ] 2017-07-19T14:12:14.256432132Z: [    5.247774] rtc_cmos 00:00: setting system clock to 2017-07-19 14:11:52 UTC (1500473512)
[STDOUT  ] 2017-07-19T14:12:14.256428324Z: [    4.829487] hv_vmbus: registering driver hv_util
[STDOUT  ] 2017-07-19T14:12:14.256440904Z: [    4.829708] hv_vmbus: registering driver hv_balloon
[STDERR  ] 2017-07-19T14:12:14.256444016Z: [    5.402294] Freeing unused kernel memory: 1380K (ffffffffa5d57000 - ffffffffa5eb0000)
[STDERR  ] 2017-07-19T14:12:14.256454019Z: [    5.402959] Write protecting the kernel read-only data: 12288k
[STDOUT  ] 2017-07-19T14:12:14.256455077Z: [    4.830954] oprofile: using NMI interrupt.
[STDERR  ] 2017-07-19T14:12:14.256464204Z: [    5.411340] Freeing unused kernel memory: 152K (ffff97915e7da000 - ffff97915e800000)
[STDOUT  ] 2017-07-19T14:12:14.25646804Z: [    4.832244] GACT probability on
[STDERR  ] 2017-07-19T14:12:14.25647663Z: [    5.537090] Freeing unused kernel memory: 1400K (ffff97915eaa2000 - ffff97915ec00000)
[STDOUT  ] 2017-07-19T14:12:14.25648051Z: [    4.832815] Mirror/redirect action on
[STDERR  ] 2017-07-19T14:12:14.256484062Z: [    5.537956] tsc: Refined TSC clocksource calibration: 2600.005 MHz
[STDOUT  ] 2017-07-19T14:12:14.256491937Z: [    4.833714] Simple TC action Loaded
[STDERR  ] 2017-07-19T14:12:14.256495473Z: [    5.538522] clocksource: tsc: mask: 0xffffffffffffffff max_cycles: 0x257a40ff313, max_idle_ns: 440795330741 ns
[STDOUT  ] 2017-07-19T14:12:14.25650367Z: [    4.834643] u32 classifier
[STDERR  ] 2017-07-19T14:12:14.256505523Z: [    6.551311] clocksource: Switched to clocksource tsc
[STDERR  ] 2017-07-19T14:12:14.25651842Z: [   10.515092] e1000: Intel(R) PRO/1000 Network Driver - version 7.3.21-k8-NAPI
[STDOUT  ] 2017-07-19T14:12:14.256516616Z: [    4.835130]     Performance counters on
[STDERR  ] 2017-07-19T14:12:14.256525574Z: [   10.515743] e1000: Copyright (c) 1999-2006 Intel Corporation.
[STDOUT  ] 2017-07-19T14:12:14.25652951Z: [    4.835411]     input device check on
[STDERR  ] 2017-07-19T14:12:14.256542734Z: [   10.525703] ACPI: PCI Interrupt Link [GSIG] enabled at IRQ 22
[STDOUT  ] 2017-07-19T14:12:14.256548693Z: [    4.835676]     Actions configured
[STDERR  ] 2017-07-19T14:12:14.256556686Z: [   10.932079] e1000 0000:00:02.0 eth0: (PCI:33MHz:32-bit) 52:54:00:12:34:56
[STDOUT  ] 2017-07-19T14:12:14.256559847Z: [    4.836393] Netfilter messages via NETLINK v0.30.
[STDERR  ] 2017-07-19T14:12:14.256568047Z: [   10.933335] e1000 0000:00:02.0 eth0: Intel(R) PRO/1000 Network Connection
[STDOUT  ] 2017-07-19T14:12:14.256572769Z: [    4.837058] nfnl_acct: registering with nfnetlink.
[STDERR  ] 2017-07-19T14:12:14.256575952Z: 
[STDERR  ] 2017-07-19T14:12:14.25658801Z: Welcome to LinuxKit
[STDERR  ] 2017-07-19T14:12:14.256596439Z: 
[STDOUT  ] 2017-07-19T14:12:14.25658631Z: [    4.838565] nf_conntrack version 0.5.0 (8192 buckets, 32768 max)
[STDERR  ] 2017-07-19T14:12:14.256602523Z:                         ##         .
[STDERR  ] 2017-07-19T14:12:14.256615292Z:                   ## ## ##        ==
[STDOUT  ] 2017-07-19T14:12:14.256613767Z: [    4.842223] ctnetlink v0.93: registering with nfnetlink.
[STDERR  ] 2017-07-19T14:12:14.256623459Z:                ## ## ## ## ##    ===
[STDERR  ] 2017-07-19T14:12:14.256632254Z:            /"""""""""""""""""\___/ ===
[STDOUT  ] 2017-07-19T14:12:14.256628083Z: [    4.845427] nf_tables: (c) 2007-2009 Patrick McHardy <kaber@trash.net>
[STDOUT  ] 2017-07-19T14:12:14.256640714Z: [    4.846374] nf_tables_compat: (c) 2012 Pablo Neira Ayuso <pablo@netfilter.org>
[STDERR  ] 2017-07-19T14:12:14.256639416Z:           {                       /  ===-
[STDERR  ] 2017-07-19T14:12:14.256648633Z:            \______ O           __/
[STDOUT  ] 2017-07-19T14:12:14.256652406Z: [    4.848871] xt_time: kernel timezone is -0000
[STDERR  ] 2017-07-19T14:12:14.256655716Z:              \    \         __/
[STDERR  ] 2017-07-19T14:12:14.256662913Z:               \____\_______/
[STDOUT  ] 2017-07-19T14:12:14.256664555Z: [    4.849491] ip_set: protocol 6
[STDERR  ] 2017-07-19T14:12:14.256670242Z: 
[STDERR  ] 2017-07-19T14:12:14.256684185Z:  - 000-sysctl
[STDOUT  ] 2017-07-19T14:12:14.256676948Z: [    4.850679] IPVS: Registered protocols (TCP, UDP, SCTP, AH, ESP)
[STDERR  ] 2017-07-19T14:12:14.256691573Z: sysctl test suite PASSED
[STDOUT  ] 2017-07-19T14:12:14.256696181Z: [    4.851572] IPVS: Connection hash table configured (size=4096, memory=64Kbytes)
[STDERR  ] 2017-07-19T14:12:14.256701493Z:  - 001-test
[STDERR  ] 2017-07-19T14:12:14.256714045Z: [   25.536598] ACPI: Preparing to enter system sleep state S5
[STDOUT  ] 2017-07-19T14:12:14.256708876Z: [    4.853332] IPVS: Creating netns size=2104 id=0
[STDOUT  ] 2017-07-19T14:12:14.256725218Z: [    4.856098] IPVS: ipvs loaded.
[STDERR  ] 2017-07-19T14:12:14.256725611Z: [   25.538404] reboot: Power down
[STDOUT  ] 2017-07-19T14:12:14.256735625Z: [    4.856530] IPVS: [rr] scheduler registered.
[STDOUT  ] 2017-07-19T14:12:14.256747479Z: [    4.856962] IPVS: [wrr] scheduler registered.
[STDERR  ] 2017-07-19T14:12:14.256739866Z: + echo [    0.000000] Linux version 4.9.38-linuxkit (root@e1ede117fb1e) (gcc version 6.3.0 (Alpine 6.3.0) ) #1 SMP Tue Jul 18 09:12:54 UTC 2017
[STDOUT  ] 2017-07-19T14:12:14.256754892Z: [    4.857287] IPVS: [lc] scheduler registered.
[STDERR  ] 2017-07-19T14:12:14.256754105Z: [    0.000000] Command line: console=ttyS0 page_poison=1
[STDOUT  ] 2017-07-19T14:12:14.256762861Z: [    4.857593] IPVS: [wlc] scheduler registered.
[STDERR  ] 2017-07-19T14:12:14.256766849Z: [    0.000000] x86/fpu: Legacy x87 FPU detected.
[STDOUT  ] 2017-07-19T14:12:14.256770011Z: [    4.857918] IPVS: [fo] scheduler registered.
[STDERR  ] 2017-07-19T14:12:14.256779496Z: [    0.000000] x86/fpu: Using 'eager' FPU context switches.
[STDOUT  ] 2017-07-19T14:12:14.256781243Z: [    4.858201] IPVS: [ovf] scheduler registered.
[STDOUT  ] 2017-07-19T14:12:14.256794156Z: [    4.858695] IPVS: [lblc] scheduler registered.
[STDOUT  ] 2017-07-19T14:12:14.256800685Z: [    4.859172] IPVS: [lblcr] scheduler registered.
[STDERR  ] 2017-07-19T14:12:14.256792528Z: [    0.000000] e820: BIOS-provided physical RAM map:
[STDOUT  ] 2017-07-19T14:12:14.256820992Z: [    4.859527] IPVS: [dh] scheduler registered.
[STDERR  ] 2017-07-19T14:12:14.256825881Z: [    0.000000] BIOS-e820: [mem 0x0000000000000000-0x000000000009fbff] usable
[STDOUT  ] 2017-07-19T14:12:14.256828053Z: [    4.859824] IPVS: [sh] scheduler registered.
[STDERR  ] 2017-07-19T14:12:14.256839443Z: [    0.000000] BIOS-e820: [mem 0x000000000009fc00-0x000000000009ffff] reserved
[STDOUT  ] 2017-07-19T14:12:14.256841213Z: [    4.860784] IPVS: [sed] scheduler registered.
[STDERR  ] 2017-07-19T14:12:14.256851393Z: [    0.000000] BIOS-e820: [mem 0x00000000000f0000-0x00000000000fffff] reserved
[STDOUT  ] 2017-07-19T14:12:14.256852969Z: [    4.861105] IPVS: [nq] scheduler registered.
[STDERR  ] 2017-07-19T14:12:14.256864092Z: [    0.000000] BIOS-e820: [mem 0x0000000000100000-0x000000003ffdefff] usable
[STDOUT  ] 2017-07-19T14:12:14.256865696Z: [    4.861913] IPVS: ftp: loaded support on port[0] = 21
[STDOUT  ] 2017-07-19T14:12:14.256883875Z: [    4.862908] ipip: IPv4 and MPLS over IPv4 tunneling driver
[STDERR  ] 2017-07-19T14:12:14.256882343Z: [    0.000000] BIOS-e820: [mem 0x000000003ffdf000-0x000000003fffffff] reserved
[STDOUT  ] 2017-07-19T14:12:14.256890646Z: [    4.867573] gre: GRE over IPv4 demultiplexor driver
[STDERR  ] 2017-07-19T14:12:14.256903629Z: [    0.000000] BIOS-e820: [mem 0x00000000b0000000-0x00000000bfffffff] reserved
[STDOUT  ] 2017-07-19T14:12:14.256907275Z: [    4.870963] ip_tables: (C) 2000-2006 Netfilter Core Team
[STDOUT  ] 2017-07-19T14:12:14.256922649Z: [    4.874357] ipt_CLUSTERIP: ClusterIP Version 0.8 loaded successfully
[STDOUT  ] 2017-07-19T14:12:14.256930481Z: [    4.875170] arp_tables: arp_tables: (C) 2002 David S. Miller
[STDERR  ] 2017-07-19T14:12:14.256928973Z: [    0.000000] BIOS-e820: [mem 0x00000000fed1c000-0x00000000fed1ffff] reserved
[STDOUT  ] 2017-07-19T14:12:14.256938152Z: [    4.878009] NET: Registered protocol family 10
[STDERR  ] 2017-07-19T14:12:14.256942213Z: [    0.000000] BIOS-e820: [mem 0x00000000fffc0000-0x00000000ffffffff] reserved
[STDOUT  ] 2017-07-19T14:12:14.256945378Z: [    4.887437] ip6_tables: (C) 2000-2006 Netfilter Core Team
[STDOUT  ] 2017-07-19T14:12:14.256956211Z: [    4.896649] NET: Registered protocol family 17
[STDERR  ] 2017-07-19T14:12:14.256954762Z: [    0.000000] NX (Execute Disable) protection: active
[STDOUT  ] 2017-07-19T14:12:14.256962752Z: [    4.897888] Bridge firewalling registered
[STDOUT  ] 2017-07-19T14:12:14.256970521Z: [    4.898533] Ebtables v2.0 registered
[STDERR  ] 2017-07-19T14:12:14.256968859Z: [    0.000000] SMBIOS 2.8 present.
[STDERR  ] 2017-07-19T14:12:14.256980355Z: [    0.000000] e820: last_pfn = 0x3ffdf max_arch_pfn = 0x400000000
[STDOUT  ] 2017-07-19T14:12:14.256977748Z: [    4.901130] 8021q: 802.1Q VLAN Support v1.8
[STDOUT  ] 2017-07-19T14:12:14.256985955Z: [    4.902727] 9pnet: Installing 9P2000 support
[STDERR  ] 2017-07-19T14:12:14.256987958Z: [    0.000000] x86/PAT: Configuration [0-7]: WB  WC  UC- UC  WB  WC  UC- WT  
[STDOUT  ] 2017-07-19T14:12:14.256993503Z: [    4.904315] Key type dns_resolver registered
[STDERR  ] 2017-07-19T14:12:14.256995331Z: [    0.000000] found SMP MP-table at [mem 0x000f6aa0-0x000f6aaf] mapped at [ffff9791400f6aa0]
[STDOUT  ] 2017-07-19T14:12:14.257002895Z: [    4.905346] microcode: AMD CPU family 0x6 not supported
[STDERR  ] 2017-07-19T14:12:14.257006063Z: [    0.000000] RAMDISK: [mem 0x3ee44000-0x3ffcffff]
[STDOUT  ] 2017-07-19T14:12:14.257010969Z: [    4.909372] registered taskstats version 1
[STDOUT  ] 2017-07-19T14:12:14.257020546Z: [    5.101269] ata2: SATA link down (SStatus 0 SControl 300)
[STDERR  ] 2017-07-19T14:12:14.257019145Z: [    0.000000] ACPI: Early table checksum verification disabled
[STDOUT  ] 2017-07-19T14:12:14.257027266Z: [    5.104162] ata1: SATA link down (SStatus 0 SControl 300)
[STDOUT  ] 2017-07-19T14:12:14.257035281Z: [    5.111611] ata3: SATA link up 1.5 Gbps (SStatus 113 SControl 300)
[STDERR  ] 2017-07-19T14:12:14.257033446Z: [    0.000000] ACPI: RSDP 0x00000000000F68C0 000014 (v00 BOCHS )
[STDOUT  ] 2017-07-19T14:12:14.257052669Z: [    5.115166] ata3.00: ATAPI: QEMU DVD-ROM, 2.5+, max UDMA/100
[STDOUT  ] 2017-07-19T14:12:14.257059676Z: [    5.115680] ata3.00: applying bridge limits
[STDOUT  ] 2017-07-19T14:12:14.257066129Z: [    5.117677] ata3.00: configured for UDMA/100
[STDERR  ] 2017-07-19T14:12:14.257059563Z: [    0.000000] ACPI: RSDT 0x000000003FFE2404 000034 (v01 BOCHS  BXPCRSDT 00000001 BXPC 00000001)
[STDOUT  ] 2017-07-19T14:12:14.257077469Z: [    5.121400] ata6: SATA link down (SStatus 0 SControl 300)
[STDERR  ] 2017-07-19T14:12:14.257082468Z: [    0.000000] ACPI: FACP 0x000000003FFE22A4 000074 (v01 BOCHS  BXPCFACP 00000001 BXPC 00000001)
[STDOUT  ] 2017-07-19T14:12:14.257084706Z: [    5.122027] ata5: SATA link down (SStatus 0 SControl 300)
[STDERR  ] 2017-07-19T14:12:14.257096263Z: [    0.000000] ACPI: DSDT 0x000000003FFE0040 002264 (v01 BOCHS  BXPCDSDT 00000001 BXPC 00000001)
[STDOUT  ] 2017-07-19T14:12:14.257102903Z: [    5.122586] ata4: SATA link down (SStatus 0 SControl 300)
[STDERR  ] 2017-07-19T14:12:14.257111822Z: [    0.000000] ACPI: FACS 0x000000003FFE0000 000040
[STDOUT  ] 2017-07-19T14:12:14.257110029Z: [    5.141896] scsi 2:0:0:0: CD-ROM            QEMU     QEMU DVD-ROM     2.5+ PQ: 0 ANSI: 5
[STDERR  ] 2017-07-19T14:12:14.257122588Z: [    0.000000] ACPI: APIC 0x000000003FFE2318 000078 (v01 BOCHS  BXPCAPIC 00000001 BXPC 00000001)
[STDOUT  ] 2017-07-19T14:12:14.257125579Z: [    5.163711] sr 2:0:0:0: [sr0] scsi3-mmc drive: 4x/4x cd/rw xa/form2 tray
[STDERR  ] 2017-07-19T14:12:14.257135545Z: [    0.000000] ACPI: HPET 0x000000003FFE2390 000038 (v01 BOCHS  BXPCHPET 00000001 BXPC 00000001)
[STDOUT  ] 2017-07-19T14:12:14.257137409Z: [    5.164212] cdrom: Uniform CD-ROM driver Revision: 3.20
[STDOUT  ] 2017-07-19T14:12:14.257149751Z: [    5.182497] sr 2:0:0:0: Attached scsi generic sg0 type 5
[STDERR  ] 2017-07-19T14:12:14.257148041Z: [    0.000000] ACPI: MCFG 0x000000003FFE23C8 00003C (v01 BOCHS  BXPCMCFG 00000001 BXPC 00000001)
[STDERR  ] 2017-07-19T14:12:14.257160763Z: [    0.000000] Zone ranges:
[STDOUT  ] 2017-07-19T14:12:14.257156841Z: [    5.187290] Key type big_key registered
[STDOUT  ] 2017-07-19T14:12:14.257168845Z: [    5.241556] Key type encrypted registered
[STDERR  ] 2017-07-19T14:12:14.257173045Z: [    0.000000]   DMA      [mem 0x0000000000001000-0x0000000000ffffff]
[STDOUT  ] 2017-07-19T14:12:14.257177825Z: [    5.247774] rtc_cmos 00:00: setting system clock to 2017-07-19 14:11:52 UTC (1500473512)
[STDOUT  ] 2017-07-19T14:12:14.257186853Z: [    5.402294] Freeing unused kernel memory: 1380K (ffffffffa5d57000 - ffffffffa5eb0000)
[STDERR  ] 2017-07-19T14:12:14.257184903Z: [    0.000000]   DMA32    [mem 0x0000000001000000-0x000000003ffdefff]
[STDOUT  ] 2017-07-19T14:12:14.257193142Z: [    5.402959] Write protecting the kernel read-only data: 12288k
[STDOUT  ] 2017-07-19T14:12:14.257217186Z: [    5.411340] Freeing unused kernel memory: 152K (ffff97915e7da000 - ffff97915e800000)
[STDERR  ] 2017-07-19T14:12:14.257247981Z: [    0.000000]   Normal   empty
[STDOUT  ] 2017-07-19T14:12:14.257262341Z: [    5.537090] Freeing unused kernel memory: 1400K (ffff97915eaa2000 - ffff97915ec00000)
[STDERR  ] 2017-07-19T14:12:14.257265135Z: [    0.000000] Movable zone start for each node
[STDOUT  ] 2017-07-19T14:12:14.257270676Z: [    5.537956] tsc: Refined TSC clocksource calibration: 2600.005 MHz
[STDERR  ] 2017-07-19T14:12:14.257276813Z: [    0.000000] Early memory node ranges
[STDOUT  ] 2017-07-19T14:12:14.257278818Z: [    5.538522] clocksource: tsc: mask: 0xffffffffffffffff max_cycles: 0x257a40ff313, max_idle_ns: 440795330741 ns
[STDOUT  ] 2017-07-19T14:12:14.257290578Z: [    6.551311] clocksource: Switched to clocksource tsc
[STDOUT  ] 2017-07-19T14:12:14.257296878Z: [   10.515092] e1000: Intel(R) PRO/1000 Network Driver - version 7.3.21-k8-NAPI
[STDERR  ] 2017-07-19T14:12:14.257290526Z: [    0.000000]   node   0: [mem 0x0000000000001000-0x000000000009efff]
[STDERR  ] 2017-07-19T14:12:14.257324463Z: [    0.000000]   node   0: [mem 0x0000000000100000-0x000000003ffdefff]
[STDOUT  ] 2017-07-19T14:12:14.257320302Z: [   10.515743] e1000: Copyright (c) 1999-2006 Intel Corporation.
[STDERR  ] 2017-07-19T14:12:14.257336188Z: [    0.000000] Initmem setup node 0 [mem 0x0000000000001000-0x000000003ffdefff]
[STDOUT  ] 2017-07-19T14:12:14.257332895Z: [   10.525703] ACPI: PCI Interrupt Link [GSIG] enabled at IRQ 22
[STDERR  ] 2017-07-19T14:12:14.257348053Z: [    0.000000] ACPI: PM-Timer IO Port: 0x608
[STDOUT  ] 2017-07-19T14:12:14.257352088Z: [   10.932079] e1000 0000:00:02.0 eth0: (PCI:33MHz:32-bit) 52:54:00:12:34:56
[STDERR  ] 2017-07-19T14:12:14.257359099Z: [    0.000000] ACPI: LAPIC_NMI (acpi_id[0xff] dfl dfl lint[0x1])
[STDOUT  ] 2017-07-19T14:12:14.257370695Z: [   10.933335] e1000 0000:00:02.0 eth0: Intel(R) PRO/1000 Network Connection
[STDOUT  ] 2017-07-19T14:12:14.257380609Z: 
[STDOUT  ] 2017-07-19T14:12:14.257392335Z: Welcome to LinuxKit
[STDOUT  ] 2017-07-19T14:12:14.257398783Z: 
[STDERR  ] 2017-07-19T14:12:14.257370853Z: [    0.000000] IOAPIC[0]: apic_id 0, version 32, address 0xfec00000, GSI 0-23
[STDOUT  ] 2017-07-19T14:12:14.257406305Z:                         ##         .
[STDERR  ] 2017-07-19T14:12:14.257410325Z: [    0.000000] ACPI: INT_SRC_OVR (bus 0 bus_irq 0 global_irq 2 dfl dfl)
[STDOUT  ] 2017-07-19T14:12:14.257414465Z:                   ## ## ##        ==
[STDERR  ] 2017-07-19T14:12:14.257423501Z: [    0.000000] ACPI: INT_SRC_OVR (bus 0 bus_irq 5 global_irq 5 high level)
[STDOUT  ] 2017-07-19T14:12:14.257425151Z:                ## ## ## ## ##    ===
[STDOUT  ] 2017-07-19T14:12:14.257432022Z:            /"""""""""""""""""\___/ ===
[STDOUT  ] 2017-07-19T14:12:14.257438592Z:           {                       /  ===-
[STDERR  ] 2017-07-19T14:12:14.257438719Z: [    0.000000] ACPI: INT_SRC_OVR (bus 0 bus_irq 9 global_irq 9 high level)
[STDOUT  ] 2017-07-19T14:12:14.257445861Z:            \______ O           __/
[STDERR  ] 2017-07-19T14:12:14.257451153Z: [    0.000000] ACPI: INT_SRC_OVR (bus 0 bus_irq 10 global_irq 10 high level)
[STDOUT  ] 2017-07-19T14:12:14.257453461Z:              \    \         __/
[STDERR  ] 2017-07-19T14:12:14.257482789Z: [    0.000000] ACPI: INT_SRC_OVR (bus 0 bus_irq 11 global_irq 11 high level)
[STDOUT  ] 2017-07-19T14:12:14.257486829Z:               \____\_______/
[STDOUT  ] 2017-07-19T14:12:14.257495218Z: 
[STDOUT  ] 2017-07-19T14:12:14.257502633Z:  - 000-sysctl
[STDERR  ] 2017-07-19T14:12:14.257497289Z: [    0.000000] Using ACPI (MADT) for SMP configuration information
[STDERR  ] 2017-07-19T14:12:14.257509691Z: [    0.000000] ACPI: HPET id: 0x8086a201 base: 0xfed00000
[STDOUT  ] 2017-07-19T14:12:14.257509412Z: sysctl test suite PASSED
[STDOUT  ] 2017-07-19T14:12:14.257516998Z:  - 001-test
[STDERR  ] 2017-07-19T14:12:14.257521166Z: [    0.000000] smpboot: Allowing 1 CPUs, 0 hotplug CPUs
[STDOUT  ] 2017-07-19T14:12:14.257523842Z: [   25.536598] ACPI: Preparing to enter system sleep state S5
[STDOUT  ] 2017-07-19T14:12:14.257534979Z: [   25.538404] reboot: Power down
[STDERR  ] 2017-07-19T14:12:14.257533661Z: [    0.000000] e820: [mem 0x40000000-0xafffffff] available for PCI devices
[STDERR  ] 2017-07-19T14:12:14.257559981Z: [    0.000000] Booting paravirtualized kernel on bare hardware
[STDERR  ] 2017-07-19T14:12:14.257572691Z: [    0.000000] clocksource: refined-jiffies: mask: 0xffffffff max_cycles: 0xffffffff, max_idle_ns: 19112604462750000 ns
[STDERR  ] 2017-07-19T14:12:14.257582791Z: [    0.000000] setup_percpu: NR_CPUS:128 nr_cpumask_bits:128 nr_cpu_ids:1 nr_node_ids:1
[STDERR  ] 2017-07-19T14:12:14.257592482Z: [    0.000000] percpu: Embedded 35 pages/cpu @ffff97917ec00000 s105176 r8192 d29992 u2097152
[STDERR  ] 2017-07-19T14:12:14.257601958Z: [    0.000000] Built 1 zonelists in Zone order, mobility grouping on.  Total pages: 257896
[STDERR  ] 2017-07-19T14:12:14.257612085Z: [    0.000000] Kernel command line: console=ttyS0 page_poison=1
[STDERR  ] 2017-07-19T14:12:14.257622654Z: [    0.000000] PID hash table entries: 4096 (order: 3, 32768 bytes)
[STDERR  ] 2017-07-19T14:12:14.257665567Z: [    0.000000] Dentry cache hash table entries: 131072 (order: 8, 1048576 bytes)
[STDERR  ] 2017-07-19T14:12:14.257675562Z: [    0.000000] Inode-cache hash table entries: 65536 (order: 7, 524288 bytes)
[STDERR  ] 2017-07-19T14:12:14.25768485Z: [    0.000000] Memory: 996204K/1048052K available (8026K kernel code, 1366K rwdata, 2696K rodata, 1380K init, 568K bss, 51848K reserved, 0K cma-reserved)
[STDERR  ] 2017-07-19T14:12:14.257695821Z: [    0.000000] Hierarchical RCU implementation.
[STDERR  ] 2017-07-19T14:12:14.257705715Z: [    0.000000] 	Build-time adjustment of leaf fanout to 64.
[STDERR  ] 2017-07-19T14:12:14.257734024Z: [    0.000000] 	RCU restricting CPUs from NR_CPUS=128 to nr_cpu_ids=1.
[STDERR  ] 2017-07-19T14:12:14.257743755Z: [    0.000000] RCU: Adjusting geometry for rcu_fanout_leaf=64, nr_cpu_ids=1
[STDERR  ] 2017-07-19T14:12:14.25775346Z: [    0.000000] NR_IRQS:8448 nr_irqs:256 16
[STDERR  ] 2017-07-19T14:12:14.257769847Z: [    0.000000] Console: colour VGA+ 80x25
[STDERR  ] 2017-07-19T14:12:14.257780331Z: [    0.000000] console [ttyS0] enabled
[STDERR  ] 2017-07-19T14:12:14.257789192Z: [    0.000000] allocated 2097152 bytes of page_ext
[STDERR  ] 2017-07-19T14:12:14.257822278Z: [    0.000000] clocksource: hpet: mask: 0xffffffff max_cycles: 0xffffffff, max_idle_ns: 19112604467 ns
[STDERR  ] 2017-07-19T14:12:14.257835901Z: [    0.000000] tsc: Fast TSC calibration using PIT
[STDERR  ] 2017-07-19T14:12:14.257846332Z: [    0.000000] tsc: Detected 2599.979 MHz processor
[STDERR  ] 2017-07-19T14:12:14.257856038Z: [    0.011668] Calibrating delay loop (skipped), value calculated using timer frequency.. 5199.95 BogoMIPS (lpj=25999790)
[STDERR  ] 2017-07-19T14:12:14.257866577Z: [    0.020755] pid_max: default: 32768 minimum: 301
[STDERR  ] 2017-07-19T14:12:14.25790267Z: [    0.021721] ACPI: Core revision 20160831
[STDERR  ] 2017-07-19T14:12:14.25791999Z: [    0.072491] ACPI: 1 ACPI AML tables successfully acquired and loaded
[STDERR  ] 2017-07-19T14:12:14.257929934Z: [    0.077391] Security Framework initialized
[STDERR  ] 2017-07-19T14:12:14.257939497Z: [    0.077695] Yama: becoming mindful.
[STDERR  ] 2017-07-19T14:12:14.257949295Z: [    0.079795] Mount-cache hash table entries: 2048 (order: 2, 16384 bytes)
[STDERR  ] 2017-07-19T14:12:14.257970474Z: [    0.080386] Mountpoint-cache hash table entries: 2048 (order: 2, 16384 bytes)
[STDERR  ] 2017-07-19T14:12:14.257986095Z: [    0.103091] Last level iTLB entries: 4KB 0, 2MB 0, 4MB 0
[STDERR  ] 2017-07-19T14:12:14.25799741Z: [    0.103359] Last level dTLB entries: 4KB 0, 2MB 0, 4MB 0, 1GB 0
[STDERR  ] 2017-07-19T14:12:14.25800725Z: [    0.448256] Freeing SMP alternatives memory: 20K (ffffffffa5eb0000 - ffffffffa5eb5000)
[STDERR  ] 2017-07-19T14:12:14.258017508Z: [    0.459441] ftrace: allocating 35489 entries in 139 pages
[STDERR  ] 2017-07-19T14:12:14.258035522Z: [    0.641493] smpboot: Max logical packages: 1
[STDERR  ] 2017-07-19T14:12:14.258058028Z: [    0.648804] ..TIMER: vector=0x30 apic1=0 pin1=2 apic2=-1 pin2=-1
[STDERR  ] 2017-07-19T14:12:14.258064237Z: [    0.750000] smpboot: CPU0: AMD QEMU Virtual CPU version 2.5+ (family: 0x6, model: 0x6, stepping: 0x3)
[STDERR  ] 2017-07-19T14:12:14.258070674Z: [    0.750000] Performance Events: PMU not available due to virtualization, using software events only.
[STDERR  ] 2017-07-19T14:12:14.258081175Z: [    0.762120] NMI watchdog: disabled (cpu0): hardware events not enabled
[STDERR  ] 2017-07-19T14:12:14.258087585Z: [    0.762647] NMI watchdog: Shutting down hard lockup detector on all cpus
[STDERR  ] 2017-07-19T14:12:14.258097904Z: [    0.766711] x86: Booted up 1 node, 1 CPUs
[STDERR  ] 2017-07-19T14:12:14.258106594Z: [    0.767212] smpboot: Total of 1 processors activated (5199.95 BogoMIPS)
[STDERR  ] 2017-07-19T14:12:14.258112637Z: [    0.785549] devtmpfs: initialized
[STDERR  ] 2017-07-19T14:12:14.258128562Z: [    0.793648] x86/mm: Memory block size: 128MB
[STDERR  ] 2017-07-19T14:12:14.25813815Z: [    0.867935] clocksource: jiffies: mask: 0xffffffff max_cycles: 0xffffffff, max_idle_ns: 19112604462750000 ns
[STDERR  ] 2017-07-19T14:12:14.258151925Z: [    0.868572] futex hash table entries: 256 (order: 2, 16384 bytes)
[STDERR  ] 2017-07-19T14:12:14.258158904Z: [    0.879116] NET: Registered protocol family 16
[STDERR  ] 2017-07-19T14:12:14.258165088Z: [    0.891544] cpuidle: using governor ladder
[STDERR  ] 2017-07-19T14:12:14.258170992Z: [    0.892064] cpuidle: using governor menu
[STDERR  ] 2017-07-19T14:12:14.258176862Z: [    0.893566] ACPI: bus type PCI registered
[STDERR  ] 2017-07-19T14:12:14.258183744Z: [    0.897696] PCI: MMCONFIG for domain 0000 [bus 00-ff] at [mem 0xb0000000-0xbfffffff] (base 0xb0000000)
[STDERR  ] 2017-07-19T14:12:14.258191331Z: [    0.898422] PCI: MMCONFIG at [mem 0xb0000000-0xbfffffff] reserved in E820
[STDERR  ] 2017-07-19T14:12:14.258207278Z: [    0.899870] PCI: Using configuration type 1 for base access
[STDERR  ] 2017-07-19T14:12:14.258216237Z: [    0.973134] HugeTLB registered 2 MB page size, pre-allocated 0 pages
[STDERR  ] 2017-07-19T14:12:14.258226622Z: [    0.988123] ACPI: Added _OSI(Module Device)
[STDERR  ] 2017-07-19T14:12:14.258232752Z: [    0.988754] ACPI: Added _OSI(Processor Device)
[STDERR  ] 2017-07-19T14:12:14.258238634Z: [    0.989091] ACPI: Added _OSI(3.0 _SCP Extensions)
[STDERR  ] 2017-07-19T14:12:14.258245632Z: [    0.989405] ACPI: Added _OSI(Processor Aggregator Device)
[STDERR  ] 2017-07-19T14:12:14.258257665Z: [    1.067399] ACPI: Interpreter enabled
[STDERR  ] 2017-07-19T14:12:14.25826344Z: [    1.068453] ACPI: (supports S0 S5)
[STDERR  ] 2017-07-19T14:12:14.258281367Z: [    1.069056] ACPI: Using IOAPIC for interrupt routing
[STDERR  ] 2017-07-19T14:12:14.258292911Z: [    1.072331] PCI: Using host bridge windows from ACPI; if necessary, use "pci=nocrs" and report a bug
[STDERR  ] 2017-07-19T14:12:14.258302888Z: [    1.138357] ACPI: PCI Root Bridge [PCI0] (domain 0000 [bus 00-ff])
[STDERR  ] 2017-07-19T14:12:14.258313594Z: [    1.139750] acpi PNP0A08:00: _OSC: OS supports [ExtendedConfig ASPM ClockPM Segments MSI]
[STDERR  ] 2017-07-19T14:12:14.25832376Z: [    1.146817] acpi PNP0A08:00: _OSC: OS now controls [PCIeHotplug PME PCIeCapability]
[STDERR  ] 2017-07-19T14:12:14.258330208Z: [    1.151146] PCI host bridge to bus 0000:00
[STDERR  ] 2017-07-19T14:12:14.258336678Z: [    1.151641] pci_bus 0000:00: root bus resource [io  0x0000-0x0cf7 window]
[STDERR  ] 2017-07-19T14:12:14.258344725Z: [    1.152073] pci_bus 0000:00: root bus resource [io  0x0d00-0xffff window]
[STDERR  ] 2017-07-19T14:12:14.258361348Z: [    1.152470] pci_bus 0000:00: root bus resource [mem 0x000a0000-0x000bffff window]
[STDERR  ] 2017-07-19T14:12:14.258367457Z: [    1.152998] pci_bus 0000:00: root bus resource [mem 0xc0000000-0xfebfffff window]
[STDERR  ] 2017-07-19T14:12:14.258375874Z: [    1.153695] pci_bus 0000:00: root bus resource [bus 00-ff]
[STDERR  ] 2017-07-19T14:12:14.25838542Z: [    1.250678] pci 0000:00:1f.0: quirk: [io  0x0600-0x067f] claimed by ICH6 ACPI/GPIO/TCO
[STDERR  ] 2017-07-19T14:12:14.258396334Z: [    1.308926] ACPI: PCI Interrupt Link [LNKA] (IRQs 5 *10 11)
[STDERR  ] 2017-07-19T14:12:14.258413973Z: [    1.312776] ACPI: PCI Interrupt Link [LNKB] (IRQs 5 *10 11)
[STDERR  ] 2017-07-19T14:12:14.258421074Z: [    1.315191] ACPI: PCI Interrupt Link [LNKC] (IRQs 5 10 *11)
[STDERR  ] 2017-07-19T14:12:14.258437329Z: [    1.317792] ACPI: PCI Interrupt Link [LNKD] (IRQs 5 10 *11)
[STDERR  ] 2017-07-19T14:12:14.258443907Z: [    1.320969] ACPI: PCI Interrupt Link [LNKE] (IRQs 5 *10 11)
[STDERR  ] 2017-07-19T14:12:14.258450001Z: [    1.322960] ACPI: PCI Interrupt Link [LNKF] (IRQs 5 *10 11)
[STDERR  ] 2017-07-19T14:12:14.258459557Z: [    1.325119] ACPI: PCI Interrupt Link [LNKG] (IRQs 5 10 *11)
[STDERR  ] 2017-07-19T14:12:14.258469666Z: [    1.326970] ACPI: PCI Interrupt Link [LNKH] (IRQs 5 10 *11)
[STDERR  ] 2017-07-19T14:12:14.258479197Z: [    1.327923] ACPI: PCI Interrupt Link [GSIA] (IRQs *16)
[STDERR  ] 2017-07-19T14:12:14.258488469Z: [    1.328798] ACPI: PCI Interrupt Link [GSIB] (IRQs *17)
[STDERR  ] 2017-07-19T14:12:14.258497614Z: [    1.329583] ACPI: PCI Interrupt Link [GSIC] (IRQs *18)
[STDERR  ] 2017-07-19T14:12:14.258541173Z: [    1.330573] ACPI: PCI Interrupt Link [GSID] (IRQs *19)
[STDERR  ] 2017-07-19T14:12:14.258549821Z: [    1.331365] ACPI: PCI Interrupt Link [GSIE] (IRQs *20)
[STDERR  ] 2017-07-19T14:12:14.258564887Z: [    1.332103] ACPI: PCI Interrupt Link [GSIF] (IRQs *21)
[STDERR  ] 2017-07-19T14:12:14.258574147Z: [    1.332809] ACPI: PCI Interrupt Link [GSIG] (IRQs *22)
[STDERR  ] 2017-07-19T14:12:14.258583124Z: [    1.333485] ACPI: PCI Interrupt Link [GSIH] (IRQs *23)
[STDERR  ] 2017-07-19T14:12:14.25859274Z: [    1.337967] ACPI: Enabled 2 GPEs in block 00 to 3F
[STDERR  ] 2017-07-19T14:12:14.258602867Z: [    1.343355] SCSI subsystem initialized
[STDERR  ] 2017-07-19T14:12:14.258611999Z: [    1.345584] ACPI: bus type USB registered
[STDERR  ] 2017-07-19T14:12:14.258624713Z: [    1.346840] usbcore: registered new interface driver usbfs
[STDERR  ] 2017-07-19T14:12:14.258640803Z: [    1.347885] usbcore: registered new interface driver hub
[STDERR  ] 2017-07-19T14:12:14.258651351Z: [    1.348821] usbcore: registered new device driver usb
[STDERR  ] 2017-07-19T14:12:14.258660899Z: [    1.350293] pps_core: LinuxPPS API ver. 1 registered
[STDERR  ] 2017-07-19T14:12:14.25867Z: [    1.350637] pps_core: Software ver. 5.3.6 - Copyright 2005-2007 Rodolfo Giometti <giometti@linux.it>
[STDERR  ] 2017-07-19T14:12:14.25867985Z: [    1.351387] PTP clock support registered
[STDERR  ] 2017-07-19T14:12:14.25869555Z: [    1.352650] wmi: Mapper loaded
[STDERR  ] 2017-07-19T14:12:14.2587092Z: [    1.354163] PCI: Using ACPI for IRQ routing
[STDERR  ] 2017-07-19T14:12:14.258719087Z: [    1.374690] NetLabel: Initializing
[STDERR  ] 2017-07-19T14:12:14.258728587Z: [    1.374950] NetLabel:  domain hash size = 128
[STDERR  ] 2017-07-19T14:12:14.258738011Z: [    1.375344] NetLabel:  protocols = UNLABELED CIPSOv4
[STDERR  ] 2017-07-19T14:12:14.25874774Z: [    1.378172] NetLabel:  unlabeled traffic allowed by default
[STDERR  ] 2017-07-19T14:12:14.258756901Z: [    1.379541] HPET: 3 timers in total, 0 timers will be used for per-cpu timer
[STDERR  ] 2017-07-19T14:12:14.258766534Z: [    1.380448] hpet0: at MMIO 0xfed00000, IRQs 2, 8, 0
[STDERR  ] 2017-07-19T14:12:14.258776004Z: [    1.381012] hpet0: 3 comparators, 64-bit 100.000000 MHz counter
[STDERR  ] 2017-07-19T14:12:14.258785336Z: [    1.386358] clocksource: Switched to clocksource hpet
[STDERR  ] 2017-07-19T14:12:14.258794634Z: [    1.669899] VFS: Disk quotas dquot_6.6.0
[STDERR  ] 2017-07-19T14:12:14.258804871Z: [    1.671153] VFS: Dquot-cache hash table entries: 512 (order 0, 4096 bytes)
[STDERR  ] 2017-07-19T14:12:14.258814894Z: [    1.675317] FS-Cache: Loaded
[STDERR  ] 2017-07-19T14:12:14.258825126Z: [    1.680893] CacheFiles: Loaded
[STDERR  ] 2017-07-19T14:12:14.258835257Z: [    1.682533] pnp: PnP ACPI init
[STDERR  ] 2017-07-19T14:12:14.25884526Z: [    1.694661] pnp: PnP ACPI: found 5 devices
[STDERR  ] 2017-07-19T14:12:14.258855546Z: [    1.745541] clocksource: acpi_pm: mask: 0xffffff max_cycles: 0xffffff, max_idle_ns: 2085701024 ns
[STDERR  ] 2017-07-19T14:12:14.258871759Z: [    1.749639] NET: Registered protocol family 2
[STDERR  ] 2017-07-19T14:12:14.25888058Z: [    1.757963] TCP established hash table entries: 8192 (order: 4, 65536 bytes)
[STDERR  ] 2017-07-19T14:12:14.258886587Z: [    1.758966] TCP bind hash table entries: 8192 (order: 5, 131072 bytes)
[STDERR  ] 2017-07-19T14:12:14.258892607Z: [    1.759737] TCP: Hash tables configured (established 8192 bind 8192)
[STDERR  ] 2017-07-19T14:12:14.25889837Z: [    1.762362] UDP hash table entries: 512 (order: 2, 16384 bytes)
[STDERR  ] 2017-07-19T14:12:14.258904707Z: [    1.763015] UDP-Lite hash table entries: 512 (order: 2, 16384 bytes)
[STDERR  ] 2017-07-19T14:12:14.25891759Z: [    1.765523] NET: Registered protocol family 1
[STDERR  ] 2017-07-19T14:12:14.258923794Z: [    1.766551] pci 0000:00:01.0: Video device with shadowed ROM at [mem 0x000c0000-0x000dffff]
[STDERR  ] 2017-07-19T14:12:14.25892987Z: [    1.774037] Unpacking initramfs...
[STDERR  ] 2017-07-19T14:12:14.258942541Z: [    4.387970] Freeing initrd memory: 17968K (ffff97917ee44000 - ffff97917ffd0000)
[STDERR  ] 2017-07-19T14:12:14.258948933Z: [    4.416814] PCLMULQDQ-NI instructions are not detected.
[STDERR  ] 2017-07-19T14:12:14.258954947Z: [    4.418547] AVX or AES-NI instructions are not detected.
[STDERR  ] 2017-07-19T14:12:14.258960741Z: [    4.419134] CPU feature 'AVX registers' is not supported.
[STDERR  ] 2017-07-19T14:12:14.25897162Z: [    4.419641] CPU feature 'AVX registers' is not supported.
[STDERR  ] 2017-07-19T14:12:14.258977479Z: [    4.420576] CPU feature 'AVX registers' is not supported.
[STDERR  ] 2017-07-19T14:12:14.258983249Z: [    4.421074] CPU feature 'AVX registers' is not supported.
[STDERR  ] 2017-07-19T14:12:14.258989113Z: [    4.421564] AVX2 or AES-NI instructions are not detected.
[STDERR  ] 2017-07-19T14:12:14.258994899Z: [    4.421988] AVX2 instructions are not detected.
[STDERR  ] 2017-07-19T14:12:14.25900447Z: [    4.429229] audit: initializing netlink subsys (disabled)
[STDERR  ] 2017-07-19T14:12:14.259010534Z: [    4.432551] audit: type=2000 audit(1500473511.430:1): initialized
[STDERR  ] 2017-07-19T14:12:14.259016359Z: [    4.439918] workingset: timestamp_bits=46 max_order=18 bucket_order=0
[STDERR  ] 2017-07-19T14:12:14.25902569Z: [    4.451223] FS-Cache: Netfs 'cifs' registered for caching
[STDERR  ] 2017-07-19T14:12:14.259031623Z: [    4.452438] fuse init (API version 7.26)
[STDERR  ] 2017-07-19T14:12:14.259041304Z: [    4.455270] SGI XFS with ACLs, security attributes, no debug enabled
[STDERR  ] 2017-07-19T14:12:14.259047136Z: [    4.459458] 9p: Installing v9fs 9p2000 file system support
[STDERR  ] 2017-07-19T14:12:14.259052841Z: [    4.460025] FS-Cache: Netfs '9p' registered for caching
[STDERR  ] 2017-07-19T14:12:14.259058639Z: [    4.497034] NET: Registered protocol family 38
[STDERR  ] 2017-07-19T14:12:14.25906442Z: [    4.497607] Key type asymmetric registered
[STDERR  ] 2017-07-19T14:12:14.25907029Z: [    4.497933] Asymmetric key parser 'x509' registered
[STDERR  ] 2017-07-19T14:12:14.259076084Z: [    4.499101] Block layer SCSI generic (bsg) driver version 0.4 loaded (major 251)
[STDERR  ] 2017-07-19T14:12:14.259082003Z: [    4.503318] io scheduler noop registered
[STDERR  ] 2017-07-19T14:12:14.259087827Z: [    4.503591] io scheduler deadline registered (default)
[STDERR  ] 2017-07-19T14:12:14.259093503Z: [    4.504378] io scheduler cfq registered
[STDERR  ] 2017-07-19T14:12:14.259099289Z: [    4.507275] pci_hotplug: PCI Hot Plug PCI Core version: 0.5
[STDERR  ] 2017-07-19T14:12:14.259105183Z: [    4.507929] pciehp: PCI Express Hot Plug Controller Driver version: 0.4
[STDERR  ] 2017-07-19T14:12:14.259111144Z: [    4.509021] shpchp: Standard Hot Plug PCI Controller Driver version: 0.4
[STDERR  ] 2017-07-19T14:12:14.259120443Z: [    4.510089] hv_vmbus: registering driver hyperv_fb
[STDERR  ] 2017-07-19T14:12:14.259129914Z: [    4.514679] input: Power Button as /devices/LNXSYSTM:00/LNXPWRBN:00/input/input0
[STDERR  ] 2017-07-19T14:12:14.259139257Z: [    4.515939] ACPI: Power Button [PWRF]
[STDERR  ] 2017-07-19T14:12:14.259149016Z: [    4.521649] GHES: HEST is not enabled!
[STDERR  ] 2017-07-19T14:12:14.259158969Z: [    4.534170] ACPI: PCI Interrupt Link [GSIH] enabled at IRQ 23
[STDERR  ] 2017-07-19T14:12:14.259169359Z: [    4.542821] xenfs: not registering filesystem on non-xen platform
[STDERR  ] 2017-07-19T14:12:14.259179904Z: [    4.545088] Serial: 8250/16550 driver, 4 ports, IRQ sharing disabled
[STDERR  ] 2017-07-19T14:12:14.259192293Z: [    4.570330] 00:04: ttyS0 at I/O 0x3f8 (irq = 4, base_baud = 115200) is a 16550A
[STDERR  ] 2017-07-19T14:12:14.259198679Z: [    4.584929] Non-volatile memory driver v1.3
[STDERR  ] 2017-07-19T14:12:14.259204494Z: [    4.593073] Hangcheck: starting hangcheck timer 0.9.1 (tick is 180 seconds, margin is 60 seconds).
[STDERR  ] 2017-07-19T14:12:14.259210513Z: [    4.635163] loop: module loaded
[STDERR  ] 2017-07-19T14:12:14.259216709Z: [    4.652983] nbd: registered device at major 43
[STDERR  ] 2017-07-19T14:12:14.259222691Z: [    4.699147] lpc_ich 0000:00:1f.0: I/O space for GPIO uninitialized
[STDERR  ] 2017-07-19T14:12:14.259233613Z: [    4.701866] VMware PVSCSI driver - version 1.0.7.0-k
[STDERR  ] 2017-07-19T14:12:14.259240038Z: [    4.702862] hv_vmbus: registering driver hv_storvsc
[STDERR  ] 2017-07-19T14:12:14.259246029Z: [    4.716495] ACPI: PCI Interrupt Link [GSIA] enabled at IRQ 16
[STDERR  ] 2017-07-19T14:12:14.25925659Z: [    4.724724] ahci 0000:00:1f.2: AHCI 0001.0000 32 slots 6 ports 1.5 Gbps 0x3f impl SATA mode
[STDERR  ] 2017-07-19T14:12:14.259264122Z: [    4.725527] ahci 0000:00:1f.2: flags: 64bit ncq only 
[STDERR  ] 2017-07-19T14:12:14.259270073Z: [    4.747007] scsi host0: ahci
[STDERR  ] 2017-07-19T14:12:14.259276073Z: [    4.752879] scsi host1: ahci
[STDERR  ] 2017-07-19T14:12:14.259281873Z: [    4.755350] scsi host2: ahci
[STDERR  ] 2017-07-19T14:12:14.259288413Z: [    4.757754] scsi host3: ahci
[STDERR  ] 2017-07-19T14:12:14.259298466Z: [    4.761023] scsi host4: ahci
[STDERR  ] 2017-07-19T14:12:14.259304616Z: [    4.763469] scsi host5: ahci
[STDERR  ] 2017-07-19T14:12:14.259310899Z: [    4.765433] ata1: SATA max UDMA/133 abar m4096@0xfebf1000 port 0xfebf1100 irq 24
[STDERR  ] 2017-07-19T14:12:14.259316902Z: [    4.766031] ata2: SATA max UDMA/133 abar m4096@0xfebf1000 port 0xfebf1180 irq 24
[STDERR  ] 2017-07-19T14:12:14.259322719Z: [    4.766557] ata3: SATA max UDMA/133 abar m4096@0xfebf1000 port 0xfebf1200 irq 24
[STDERR  ] 2017-07-19T14:12:14.259328489Z: [    4.767066] ata4: SATA max UDMA/133 abar m4096@0xfebf1000 port 0xfebf1280 irq 24
[STDERR  ] 2017-07-19T14:12:14.259334239Z: [    4.767548] ata5: SATA max UDMA/133 abar m4096@0xfebf1000 port 0xfebf1300 irq 24
[STDERR  ] 2017-07-19T14:12:14.259339992Z: [    4.768042] ata6: SATA max UDMA/133 abar m4096@0xfebf1000 port 0xfebf1380 irq 24
[STDERR  ] 2017-07-19T14:12:14.259345873Z: [    4.782434] tun: Universal TUN/TAP device driver, 1.6
[STDERR  ] 2017-07-19T14:12:14.25935165Z: [    4.782914] tun: (C) 1999-2004 Max Krasnyansky <maxk@qualcomm.com>
[STDERR  ] 2017-07-19T14:12:14.259361329Z: [    4.786003] VMware vmxnet3 virtual NIC driver - version 1.4.a.0-k-NAPI
[STDERR  ] 2017-07-19T14:12:14.259367262Z: [    4.787218] hv_vmbus: registering driver hv_netvsc
[STDERR  ] 2017-07-19T14:12:14.259372985Z: [    4.787583] Fusion MPT base driver 3.04.20
[STDERR  ] 2017-07-19T14:12:14.25937881Z: [    4.787934] Copyright (c) 1999-2008 LSI Corporation
[STDERR  ] 2017-07-19T14:12:14.259384546Z: [    4.788632] Fusion MPT SPI Host driver 3.04.20
