[INFO    ] 2017-06-18T03:34:07.345694376Z: Running Test linuxkit.packages.binfmt in /tmp/build/test/cases/040_packages/002_binfmt
[INFO    ] 2017-06-18T03:34:07.345779481Z: Running command: [/bin/sh -x /tmp/build/test/cases/040_packages/002_binfmt/test.sh]
[STDERR  ] 2017-06-18T03:34:07.347344152Z: + set -e
[STDERR  ] 2017-06-18T03:34:07.347381209Z: + . /tmp/build/test/cases/_lib/lib.sh
[STDERR  ] 2017-06-18T03:34:07.347429642Z: + [ -f src/github.com/linuxkit/rtf/lib/lib.sh ]
[STDERR  ] 2017-06-18T03:34:07.34746463Z: + LINUXKIT_TMPDIR=/tmp/build/test/cases/_tmp
[STDERR  ] 2017-06-18T03:34:07.347493682Z: + [ -f /tmp/build/test/cases/_tmp/env.sh ]
[STDERR  ] 2017-06-18T03:34:07.347516842Z: + . /tmp/build/test/cases/_tmp/env.sh
[STDERR  ] 2017-06-18T03:34:07.347554856Z: + export LINUXKIT_EXAMPLES_DIR=/tmp/build/test/cases/../../examples
[STDERR  ] 2017-06-18T03:34:07.347580955Z: + RT_CANCEL=253
[STDERR  ] 2017-06-18T03:34:07.347607362Z: + trap clean_up EXIT
[STDERR  ] 2017-06-18T03:34:07.347646956Z: + moby build -output kernel+initrd test-binfmt.yml
[STDERR  ] 2017-06-18T03:34:07.35914989Z: Extract kernel image: linuxkit/kernel:4.9.x
[STDERR  ] 2017-06-18T03:34:08.902098115Z: Add init containers:
[STDERR  ] 2017-06-18T03:34:08.902134118Z: Process init image: linuxkit/init:17693d233dd009b2a3a8d23673cb85969e1dce80
[STDERR  ] 2017-06-18T03:34:10.069446389Z: Process init image: linuxkit/runc:3a4e6cbf15470f62501b019b55e1caac5ee7689f
[STDERR  ] 2017-06-18T03:34:11.275287286Z: Process init image: linuxkit/containerd:be69ded7ed4437e2989da850581b631bac877d3e
[STDERR  ] 2017-06-18T03:34:12.84150065Z: Add onboot containers:
[STDERR  ] 2017-06-18T03:34:12.84155032Z:   Create OCI config for linuxkit/binfmt:8ac5535f57f0c6f5fe88317b9d22a7677093c765
[STDERR  ] 2017-06-18T03:34:14.127898616Z:   Create OCI config for alpine:3.6
[STDERR  ] 2017-06-18T03:34:15.67315949Z:   Create OCI config for linuxkit/poweroff:7404cf2295df89ccfa2dda41997a28307a90cf28
[STDERR  ] 2017-06-18T03:34:16.874459376Z: Add files:
[STDERR  ] 2017-06-18T03:34:16.874493893Z:   check.sh
[STDERR  ] 2017-06-18T03:34:16.894449206Z: Create outputs:
[STDERR  ] 2017-06-18T03:34:24.137439381Z:   test-binfmt-kernel test-binfmt-initrd.img test-binfmt-cmdline
[STDERR  ] 2017-06-18T03:34:24.185738735Z: + linuxkit run test-binfmt
[STDERR  ] 2017-06-18T03:34:24.200819902Z: Unable to find qemu-system-x86_64 within the $PATH. Using a container
[STDERR  ] 2017-06-18T03:34:58.594569772Z: + RESULT=[    0.000000] Linux version 4.9.32-linuxkit (root@9ac68176ac52) (gcc version 6.3.0 (Alpine 6.3.0) ) #1 SMP Thu Jun 15 20:49:23 UTC 2017
[STDERR  ] 2017-06-18T03:34:58.594584009Z: [    0.000000] Command line: console=ttyS0 page_poison=1
[STDERR  ] 2017-06-18T03:34:58.594591745Z: [    0.000000] x86/fpu: Legacy x87 FPU detected.
[STDERR  ] 2017-06-18T03:34:58.594598127Z: [    0.000000] x86/fpu: Using 'eager' FPU context switches.
[STDERR  ] 2017-06-18T03:34:58.59460401Z: [    0.000000] e820: BIOS-provided physical RAM map:
[STDERR  ] 2017-06-18T03:34:58.594611572Z: [    0.000000] BIOS-e820: [mem 0x0000000000000000-0x000000000009fbff] usable
[STDERR  ] 2017-06-18T03:34:58.594617889Z: [    0.000000] BIOS-e820: [mem 0x000000000009fc00-0x000000000009ffff] reserved
[STDERR  ] 2017-06-18T03:34:58.594621169Z: [    0.000000] BIOS-e820: [mem 0x00000000000f0000-0x00000000000fffff] reserved
[STDERR  ] 2017-06-18T03:34:58.594643062Z: [    0.000000] BIOS-e820: [mem 0x0000000000100000-0x000000003ffdefff] usable
[STDERR  ] 2017-06-18T03:34:58.59464648Z: [    0.000000] BIOS-e820: [mem 0x000000003ffdf000-0x000000003fffffff] reserved
[STDERR  ] 2017-06-18T03:34:58.594654727Z: [    0.000000] BIOS-e820: [mem 0x00000000b0000000-0x00000000bfffffff] reserved
[STDERR  ] 2017-06-18T03:34:58.594658328Z: [    0.000000] BIOS-e820: [mem 0x00000000fed1c000-0x00000000fed1ffff] reserved
[STDERR  ] 2017-06-18T03:34:58.594668602Z: [    0.000000] BIOS-e820: [mem 0x00000000fffc0000-0x00000000ffffffff] reserved
[STDERR  ] 2017-06-18T03:34:58.594672089Z: [    0.000000] NX (Execute Disable) protection: active
[STDERR  ] 2017-06-18T03:34:58.594681Z: [    0.000000] SMBIOS 2.8 present.
[STDERR  ] 2017-06-18T03:34:58.594691729Z: [    0.000000] e820: last_pfn = 0x3ffdf max_arch_pfn = 0x400000000
[STDERR  ] 2017-06-18T03:34:58.594697442Z: [    0.000000] x86/PAT: Configuration [0-7]: WB  WC  UC- UC  WB  WC  UC- WT  
[STDERR  ] 2017-06-18T03:34:58.594700452Z: [    0.000000] found SMP MP-table at [mem 0x000f6aa0-0x000f6aaf] mapped at [ffff96a5c00f6aa0]
[STDERR  ] 2017-06-18T03:34:58.594712235Z: [    0.000000] RAMDISK: [mem 0x3d9ee000-0x3ffcffff]
[STDERR  ] 2017-06-18T03:34:58.594715514Z: [    0.000000] ACPI: Early table checksum verification disabled
[STDERR  ] 2017-06-18T03:34:58.59472427Z: [    0.000000] ACPI: RSDP 0x00000000000F68C0 000014 (v00 BOCHS )
[STDERR  ] 2017-06-18T03:34:58.594737404Z: [    0.000000] ACPI: RSDT 0x000000003FFE2404 000034 (v01 BOCHS  BXPCRSDT 00000001 BXPC 00000001)
[STDERR  ] 2017-06-18T03:34:58.594740958Z: [    0.000000] ACPI: FACP 0x000000003FFE22A4 000074 (v01 BOCHS  BXPCFACP 00000001 BXPC 00000001)
[STDERR  ] 2017-06-18T03:34:58.59474651Z: [    0.000000] ACPI: DSDT 0x000000003FFE0040 002264 (v01 BOCHS  BXPCDSDT 00000001 BXPC 00000001)
[STDERR  ] 2017-06-18T03:34:58.594755544Z: [    0.000000] ACPI: FACS 0x000000003FFE0000 000040
[STDERR  ] 2017-06-18T03:34:58.594761625Z: [    0.000000] ACPI: APIC 0x000000003FFE2318 000078 (v01 BOCHS  BXPCAPIC 00000001 BXPC 00000001)
[STDERR  ] 2017-06-18T03:34:58.594767602Z: [    0.000000] ACPI: HPET 0x000000003FFE2390 000038 (v01 BOCHS  BXPCHPET 00000001 BXPC 00000001)
[STDERR  ] 2017-06-18T03:34:58.594774047Z: [    0.000000] ACPI: MCFG 0x000000003FFE23C8 00003C (v01 BOCHS  BXPCMCFG 00000001 BXPC 00000001)
[STDERR  ] 2017-06-18T03:34:58.594784769Z: [    0.000000] Zone ranges:
[STDERR  ] 2017-06-18T03:34:58.594792688Z: [    0.000000]   DMA      [mem 0x0000000000001000-0x0000000000ffffff]
[STDERR  ] 2017-06-18T03:34:58.594798562Z: [    0.000000]   DMA32    [mem 0x0000000001000000-0x000000003ffdefff]
[STDERR  ] 2017-06-18T03:34:58.594803934Z: [    0.000000]   Normal   empty
[STDERR  ] 2017-06-18T03:34:58.594806907Z: [    0.000000] Movable zone start for each node
[STDERR  ] 2017-06-18T03:34:58.594812408Z: [    0.000000] Early memory node ranges
[STDERR  ] 2017-06-18T03:34:58.594820274Z: [    0.000000]   node   0: [mem 0x0000000000001000-0x000000000009efff]
[STDERR  ] 2017-06-18T03:34:58.594823114Z: [    0.000000]   node   0: [mem 0x0000000000100000-0x000000003ffdefff]
[STDERR  ] 2017-06-18T03:34:58.594828118Z: [    0.000000] Initmem setup node 0 [mem 0x0000000000001000-0x000000003ffdefff]
[STDERR  ] 2017-06-18T03:34:58.594836368Z: [    0.000000] ACPI: PM-Timer IO Port: 0x608
[STDERR  ] 2017-06-18T03:34:58.594842579Z: [    0.000000] ACPI: LAPIC_NMI (acpi_id[0xff] dfl dfl lint[0x1])
[STDERR  ] 2017-06-18T03:34:58.594857502Z: [    0.000000] IOAPIC[0]: apic_id 0, version 32, address 0xfec00000, GSI 0-23
[STDERR  ] 2017-06-18T03:34:58.59486273Z: [    0.000000] ACPI: INT_SRC_OVR (bus 0 bus_irq 0 global_irq 2 dfl dfl)
[STDERR  ] 2017-06-18T03:34:58.5948714Z: [    0.000000] ACPI: INT_SRC_OVR (bus 0 bus_irq 5 global_irq 5 high level)
[STDERR  ] 2017-06-18T03:34:58.594876459Z: [    0.000000] ACPI: INT_SRC_OVR (bus 0 bus_irq 9 global_irq 9 high level)
[STDERR  ] 2017-06-18T03:34:58.594886759Z: [    0.000000] ACPI: INT_SRC_OVR (bus 0 bus_irq 10 global_irq 10 high level)
[STDERR  ] 2017-06-18T03:34:58.594892474Z: [    0.000000] ACPI: INT_SRC_OVR (bus 0 bus_irq 11 global_irq 11 high level)
[STDERR  ] 2017-06-18T03:34:58.594897895Z: [    0.000000] Using ACPI (MADT) for SMP configuration information
[STDERR  ] 2017-06-18T03:34:58.594903164Z: [    0.000000] ACPI: HPET id: 0x8086a201 base: 0xfed00000
[STDERR  ] 2017-06-18T03:34:58.594911164Z: [    0.000000] smpboot: Allowing 1 CPUs, 0 hotplug CPUs
[STDERR  ] 2017-06-18T03:34:58.594916768Z: [    0.000000] e820: [mem 0x40000000-0xafffffff] available for PCI devices
[STDERR  ] 2017-06-18T03:34:58.594922039Z: [    0.000000] Booting paravirtualized kernel on bare hardware
[STDERR  ] 2017-06-18T03:34:58.594929442Z: [    0.000000] clocksource: refined-jiffies: mask: 0xffffffff max_cycles: 0xffffffff, max_idle_ns: 19112604462750000 ns
[STDERR  ] 2017-06-18T03:34:58.594938175Z: [    0.000000] setup_percpu: NR_CPUS:128 nr_cpumask_bits:128 nr_cpu_ids:1 nr_node_ids:1
[STDERR  ] 2017-06-18T03:34:58.594943745Z: [    0.000000] percpu: Embedded 35 pages/cpu @ffff96a5fd600000 s105240 r8192 d29928 u2097152
[STDERR  ] 2017-06-18T03:34:58.594949224Z: [    0.000000] Built 1 zonelists in Zone order, mobility grouping on.  Total pages: 257896
[STDERR  ] 2017-06-18T03:34:58.594952107Z: [    0.000000] Kernel command line: console=ttyS0 page_poison=1
[STDERR  ] 2017-06-18T03:34:58.594957957Z: [    0.000000] PID hash table entries: 4096 (order: 3, 32768 bytes)
[STDERR  ] 2017-06-18T03:34:58.594966658Z: [    0.000000] Dentry cache hash table entries: 131072 (order: 8, 1048576 bytes)
[STDERR  ] 2017-06-18T03:34:58.594970292Z: [    0.000000] Inode-cache hash table entries: 65536 (order: 7, 524288 bytes)
[STDERR  ] 2017-06-18T03:34:58.594986815Z: [    0.000000] Memory: 972988K/1048052K available (9526K kernel code, 1595K rwdata, 3120K rodata, 1456K init, 604K bss, 75064K reserved, 0K cma-reserved)
[STDERR  ] 2017-06-18T03:34:58.594992944Z: [    0.000000] Hierarchical RCU implementation.
[STDERR  ] 2017-06-18T03:34:58.595000268Z: [    0.000000] 	Build-time adjustment of leaf fanout to 64.
[STDERR  ] 2017-06-18T03:34:58.595006014Z: [    0.000000] 	RCU restricting CPUs from NR_CPUS=128 to nr_cpu_ids=1.
[STDERR  ] 2017-06-18T03:34:58.595011635Z: [    0.000000] RCU: Adjusting geometry for rcu_fanout_leaf=64, nr_cpu_ids=1
[STDERR  ] 2017-06-18T03:34:58.595014242Z: [    0.000000] NR_IRQS:8448 nr_irqs:256 16
[STDERR  ] 2017-06-18T03:34:58.595022739Z: [    0.000000] Console: colour VGA+ 80x25
[STDERR  ] 2017-06-18T03:34:58.595027928Z: [    0.000000] console [ttyS0] enabled
[STDERR  ] 2017-06-18T03:34:58.595030779Z: [    0.000000] allocated 2097152 bytes of page_ext
[STDERR  ] 2017-06-18T03:34:58.595037632Z: [    0.000000] clocksource: hpet: mask: 0xffffffff max_cycles: 0xffffffff, max_idle_ns: 19112604467 ns
[STDERR  ] 2017-06-18T03:34:58.595047018Z: [    0.000000] tsc: Fast TSC calibration failed
[STDERR  ] 2017-06-18T03:34:58.595052547Z: [    0.000000] tsc: Unable to calibrate against PIT
[STDERR  ] 2017-06-18T03:34:58.595057795Z: [    0.000000] tsc: using HPET reference calibration
[STDERR  ] 2017-06-18T03:34:58.595063137Z: [    0.000000] tsc: Detected 2600.050 MHz processor
[STDERR  ] 2017-06-18T03:34:58.595088582Z: [    0.051325] Calibrating delay loop (skipped), value calculated using timer frequency.. 5200.10 BogoMIPS (lpj=26000500)
[STDERR  ] 2017-06-18T03:34:58.595097135Z: [    0.052831] pid_max: default: 32768 minimum: 301
[STDERR  ] 2017-06-18T03:34:58.595102924Z: [    0.061242] ACPI: Core revision 20160831
[STDERR  ] 2017-06-18T03:34:58.595105758Z: [    0.104521] ACPI: 1 ACPI AML tables successfully acquired and loaded
[STDERR  ] 2017-06-18T03:34:58.59511588Z: [    0.108142] Security Framework initialized
[STDERR  ] 2017-06-18T03:34:58.595121728Z: [    0.108646] Yama: becoming mindful.
[STDERR  ] 2017-06-18T03:34:58.595124762Z: [    0.110851] Mount-cache hash table entries: 2048 (order: 2, 16384 bytes)
[STDERR  ] 2017-06-18T03:34:58.59513734Z: [    0.111610] Mountpoint-cache hash table entries: 2048 (order: 2, 16384 bytes)
[STDERR  ] 2017-06-18T03:34:58.595143764Z: [    0.130191] Last level iTLB entries: 4KB 0, 2MB 0, 4MB 0
[STDERR  ] 2017-06-18T03:34:58.595149714Z: [    0.130806] Last level dTLB entries: 4KB 0, 2MB 0, 4MB 0, 1GB 0
[STDERR  ] 2017-06-18T03:34:58.595155094Z: [    0.495587] Freeing SMP alternatives memory: 24K (ffffffffbf0fc000 - ffffffffbf102000)
[STDERR  ] 2017-06-18T03:34:58.595165602Z: [    0.505571] ftrace: allocating 41868 entries in 164 pages
[STDERR  ] 2017-06-18T03:34:58.595168385Z: [    0.700920] smpboot: Max logical packages: 1
[STDERR  ] 2017-06-18T03:34:58.595174067Z: [    0.706360] ..TIMER: vector=0x30 apic1=0 pin1=2 apic2=-1 pin2=-1
[STDERR  ] 2017-06-18T03:34:58.595184725Z: [    0.810000] smpboot: CPU0: AMD QEMU Virtual CPU version 2.5+ (family: 0x6, model: 0x6, stepping: 0x3)
[STDERR  ] 2017-06-18T03:34:58.595188319Z: [    0.810000] Performance Events: PMU not available due to virtualization, using software events only.
[STDERR  ] 2017-06-18T03:34:58.595200018Z: [    0.819553] NMI watchdog: disabled (cpu0): hardware events not enabled
[STDERR  ] 2017-06-18T03:34:58.595216497Z: [    0.820098] NMI watchdog: Shutting down hard lockup detector on all cpus
[STDERR  ] 2017-06-18T03:34:58.595230097Z: [    0.822846] x86: Booted up 1 node, 1 CPUs
[STDERR  ] 2017-06-18T03:34:58.595235742Z: [    0.823339] smpboot: Total of 1 processors activated (5200.10 BogoMIPS)
[STDERR  ] 2017-06-18T03:34:58.595241519Z: [    0.837498] devtmpfs: initialized
[STDERR  ] 2017-06-18T03:34:58.595247427Z: [    0.842958] x86/mm: Memory block size: 128MB
[STDERR  ] 2017-06-18T03:34:58.595253972Z: [    0.903483] clocksource: jiffies: mask: 0xffffffff max_cycles: 0xffffffff, max_idle_ns: 19112604462750000 ns
[STDERR  ] 2017-06-18T03:34:58.595259737Z: [    0.904874] futex hash table entries: 256 (order: 2, 16384 bytes)
[STDERR  ] 2017-06-18T03:34:58.595265254Z: [    0.913859] NET: Registered protocol family 16
[STDERR  ] 2017-06-18T03:34:58.595268055Z: [    0.923426] cpuidle: using governor ladder
[STDERR  ] 2017-06-18T03:34:58.595274817Z: [    0.924134] cpuidle: using governor menu
[STDERR  ] 2017-06-18T03:34:58.595286597Z: [    0.925528] ACPI: bus type PCI registered
[STDERR  ] 2017-06-18T03:34:58.595294439Z: [    0.928431] PCI: MMCONFIG for domain 0000 [bus 00-ff] at [mem 0xb0000000-0xbfffffff] (base 0xb0000000)
[STDERR  ] 2017-06-18T03:34:58.59530048Z: [    0.929551] PCI: MMCONFIG at [mem 0xb0000000-0xbfffffff] reserved in E820
[STDERR  ] 2017-06-18T03:34:58.595306065Z: [    0.931045] PCI: Using configuration type 1 for base access
[STDERR  ] 2017-06-18T03:34:58.595311758Z: [    0.997787] HugeTLB registered 2 MB page size, pre-allocated 0 pages
[STDERR  ] 2017-06-18T03:34:58.595317444Z: [    1.010983] ACPI: Added _OSI(Module Device)
[STDERR  ] 2017-06-18T03:34:58.595323107Z: [    1.011478] ACPI: Added _OSI(Processor Device)
[STDERR  ] 2017-06-18T03:34:58.59532853Z: [    1.011896] ACPI: Added _OSI(3.0 _SCP Extensions)
[STDERR  ] 2017-06-18T03:34:58.595333948Z: [    1.012335] ACPI: Added _OSI(Processor Aggregator Device)
[STDERR  ] 2017-06-18T03:34:58.595339339Z: [    1.085330] ACPI: Interpreter enabled
[STDERR  ] 2017-06-18T03:34:58.595344697Z: [    1.086502] ACPI: (supports S0 S5)
[STDERR  ] 2017-06-18T03:34:58.595350125Z: [    1.086910] ACPI: Using IOAPIC for interrupt routing
[STDERR  ] 2017-06-18T03:34:58.59535562Z: [    1.089086] PCI: Using host bridge windows from ACPI; if necessary, use "pci=nocrs" and report a bug
[STDERR  ] 2017-06-18T03:34:58.59535845Z: [    1.154360] ACPI: PCI Root Bridge [PCI0] (domain 0000 [bus 00-ff])
[STDERR  ] 2017-06-18T03:34:58.595363438Z: [    1.155750] acpi PNP0A08:00: _OSC: OS supports [ExtendedConfig ASPM ClockPM Segments MSI]
[STDERR  ] 2017-06-18T03:34:58.595371038Z: [    1.161839] acpi PNP0A08:00: _OSC: OS now controls [PCIeHotplug PME PCIeCapability]
[STDERR  ] 2017-06-18T03:34:58.595376244Z: [    1.165826] PCI host bridge to bus 0000:00
[STDERR  ] 2017-06-18T03:34:58.595381615Z: [    1.166493] pci_bus 0000:00: root bus resource [io  0x0000-0x0cf7 window]
[STDERR  ] 2017-06-18T03:34:58.595391707Z: [    1.167166] pci_bus 0000:00: root bus resource [io  0x0d00-0xffff window]
[STDERR  ] 2017-06-18T03:34:58.595397888Z: [    1.167800] pci_bus 0000:00: root bus resource [mem 0x000a0000-0x000bffff window]
[STDERR  ] 2017-06-18T03:34:58.595402832Z: [    1.168490] pci_bus 0000:00: root bus resource [mem 0xc0000000-0xfebfffff window]
[STDERR  ] 2017-06-18T03:34:58.595407935Z: [    1.169390] pci_bus 0000:00: root bus resource [bus 00-ff]
[STDERR  ] 2017-06-18T03:34:58.595414684Z: [    1.257995] pci 0000:00:1f.0: quirk: [io  0x0600-0x067f] claimed by ICH6 ACPI/GPIO/TCO
[STDERR  ] 2017-06-18T03:34:58.59541991Z: [    1.314726] ACPI: PCI Interrupt Link [LNKA] (IRQs 5 *10 11)
[STDERR  ] 2017-06-18T03:34:58.59542618Z: [    1.317267] ACPI: PCI Interrupt Link [LNKB] (IRQs 5 *10 11)
[STDERR  ] 2017-06-18T03:34:58.595431797Z: [    1.319441] ACPI: PCI Interrupt Link [LNKC] (IRQs 5 10 *11)
[STDERR  ] 2017-06-18T03:34:58.595443048Z: [    1.321770] ACPI: PCI Interrupt Link [LNKD] (IRQs 5 10 *11)
[STDERR  ] 2017-06-18T03:34:58.595448969Z: [    1.323825] ACPI: PCI Interrupt Link [LNKE] (IRQs 5 *10 11)
[STDERR  ] 2017-06-18T03:34:58.595451955Z: [    1.325870] ACPI: PCI Interrupt Link [LNKF] (IRQs 5 *10 11)
[STDERR  ] 2017-06-18T03:34:58.59545723Z: [    1.327921] ACPI: PCI Interrupt Link [LNKG] (IRQs 5 10 *11)
[STDERR  ] 2017-06-18T03:34:58.595465534Z: [    1.330569] ACPI: PCI Interrupt Link [LNKH] (IRQs 5 10 *11)
[STDERR  ] 2017-06-18T03:34:58.595470652Z: [    1.331784] ACPI: PCI Interrupt Link [GSIA] (IRQs *16)
[STDERR  ] 2017-06-18T03:34:58.595473394Z: [    1.332710] ACPI: PCI Interrupt Link [GSIB] (IRQs *17)
[STDERR  ] 2017-06-18T03:34:58.595480948Z: [    1.333643] ACPI: PCI Interrupt Link [GSIC] (IRQs *18)
[STDERR  ] 2017-06-18T03:34:58.595486165Z: [    1.334571] ACPI: PCI Interrupt Link [GSID] (IRQs *19)
[STDERR  ] 2017-06-18T03:34:58.595491955Z: [    1.335487] ACPI: PCI Interrupt Link [GSIE] (IRQs *20)
[STDERR  ] 2017-06-18T03:34:58.595497765Z: [    1.336402] ACPI: PCI Interrupt Link [GSIF] (IRQs *21)
[STDERR  ] 2017-06-18T03:34:58.595500402Z: [    1.337322] ACPI: PCI Interrupt Link [GSIG] (IRQs *22)
[STDERR  ] 2017-06-18T03:34:58.595507805Z: [    1.338233] ACPI: PCI Interrupt Link [GSIH] (IRQs *23)
[STDERR  ] 2017-06-18T03:34:58.595512824Z: [    1.342340] ACPI: Enabled 2 GPEs in block 00 to 3F
[STDERR  ] 2017-06-18T03:34:58.595517854Z: [    1.347283] SCSI subsystem initialized
[STDERR  ] 2017-06-18T03:34:58.595522772Z: [    1.350814] pps_core: LinuxPPS API ver. 1 registered
[STDERR  ] 2017-06-18T03:34:58.5955254Z: [    1.351315] pps_core: Software ver. 5.3.6 - Copyright 2005-2007 Rodolfo Giometti <giometti@linux.it>
[STDERR  ] 2017-06-18T03:34:58.59553297Z: [    1.352364] PTP clock support registered
[STDERR  ] 2017-06-18T03:34:58.595538447Z: [    1.353764] wmi: Mapper loaded
[STDERR  ] 2017-06-18T03:34:58.595545622Z: [    1.355024] PCI: Using ACPI for IRQ routing
[STDERR  ] 2017-06-18T03:34:58.59554834Z: [    1.372534] NetLabel: Initializing
[STDERR  ] 2017-06-18T03:34:58.595555744Z: [    1.372931] NetLabel:  domain hash size = 128
[STDERR  ] 2017-06-18T03:34:58.595558355Z: [    1.373340] NetLabel:  protocols = UNLABELED CIPSOv4
[STDERR  ] 2017-06-18T03:34:58.595568468Z: [    1.375482] NetLabel:  unlabeled traffic allowed by default
[STDERR  ] 2017-06-18T03:34:58.595571179Z: [    1.377253] HPET: 3 timers in total, 0 timers will be used for per-cpu timer
[STDERR  ] 2017-06-18T03:34:58.595584034Z: [    1.378260] hpet0: at MMIO 0xfed00000, IRQs 2, 8, 0
[STDERR  ] 2017-06-18T03:34:58.595589467Z: [    1.378937] hpet0: 3 comparators, 64-bit 100.000000 MHz counter
[STDERR  ] 2017-06-18T03:34:58.595594832Z: [    1.384608] clocksource: Switched to clocksource hpet
[STDERR  ] 2017-06-18T03:34:58.595600228Z: [    1.650747] VFS: Disk quotas dquot_6.6.0
[STDERR  ] 2017-06-18T03:34:58.595605604Z: [    1.651785] VFS: Dquot-cache hash table entries: 512 (order 0, 4096 bytes)
[STDERR  ] 2017-06-18T03:34:58.59561095Z: [    1.654703] FS-Cache: Loaded
[STDERR  ] 2017-06-18T03:34:58.59561413Z: [    1.659641] CacheFiles: Loaded
[STDERR  ] 2017-06-18T03:34:58.595625584Z: [    1.661648] pnp: PnP ACPI init
[STDERR  ] 2017-06-18T03:34:58.595630432Z: [    1.673538] pnp: PnP ACPI: found 5 devices
[STDERR  ] 2017-06-18T03:34:58.595638122Z: [    1.722290] clocksource: acpi_pm: mask: 0xffffff max_cycles: 0xffffff, max_idle_ns: 2085701024 ns
[STDERR  ] 2017-06-18T03:34:58.595641038Z: [    1.725592] NET: Registered protocol family 2
[STDERR  ] 2017-06-18T03:34:58.595646437Z: [    1.733246] TCP established hash table entries: 8192 (order: 4, 65536 bytes)
[STDERR  ] 2017-06-18T03:34:58.595654374Z: [    1.734375] TCP bind hash table entries: 8192 (order: 5, 131072 bytes)
[STDERR  ] 2017-06-18T03:34:58.595658879Z: [    1.735688] TCP: Hash tables configured (established 8192 bind 8192)
[STDERR  ] 2017-06-18T03:34:58.595664194Z: [    1.737397] UDP hash table entries: 512 (order: 2, 16384 bytes)
[STDERR  ] 2017-06-18T03:34:58.595675029Z: [    1.738211] UDP-Lite hash table entries: 512 (order: 2, 16384 bytes)
[STDERR  ] 2017-06-18T03:34:58.59568072Z: [    1.741047] NET: Registered protocol family 1
[STDERR  ] 2017-06-18T03:34:58.595686452Z: [    1.744705] RPC: Registered named UNIX socket transport module.
[STDERR  ] 2017-06-18T03:34:58.595689332Z: [    1.745340] RPC: Registered udp transport module.
[STDERR  ] 2017-06-18T03:34:58.595697299Z: [    1.745789] RPC: Registered tcp transport module.
[STDERR  ] 2017-06-18T03:34:58.59570265Z: [    1.746232] RPC: Registered tcp NFSv4.1 backchannel transport module.
[STDERR  ] 2017-06-18T03:34:58.595705334Z: [    1.747320] pci 0000:00:01.0: Video device with shadowed ROM at [mem 0x000c0000-0x000dffff]
[STDERR  ] 2017-06-18T03:34:58.595713137Z: [    1.755053] Unpacking initramfs...
[STDERR  ] 2017-06-18T03:34:58.595715869Z: [    9.291865] Freeing initrd memory: 38792K (ffff96a5fd9ee000 - ffff96a5fffd0000)
[STDERR  ] 2017-06-18T03:34:58.59572461Z: [    9.315668] PCLMULQDQ-NI instructions are not detected.
[STDERR  ] 2017-06-18T03:34:58.595736352Z: [    9.317240] AVX or AES-NI instructions are not detected.
[STDERR  ] 2017-06-18T03:34:58.59574181Z: [    9.317921] CPU feature 'AVX registers' is not supported.
[STDERR  ] 2017-06-18T03:34:58.595744484Z: [    9.318474] CPU feature 'AVX registers' is not supported.
[STDERR  ] 2017-06-18T03:34:58.595752687Z: [    9.319084] CPU feature 'AVX registers' is not supported.
[STDERR  ] 2017-06-18T03:34:58.595758235Z: [    9.319632] CPU feature 'AVX registers' is not supported.
[STDERR  ] 2017-06-18T03:34:58.595764474Z: [    9.320621] AVX2 or AES-NI instructions are not detected.
[STDERR  ] 2017-06-18T03:34:58.59577067Z: [    9.321170] AVX2 instructions are not detected.
[STDERR  ] 2017-06-18T03:34:58.59577545Z: [    9.329250] audit: initializing netlink subsys (disabled)
[STDERR  ] 2017-06-18T03:34:58.595789307Z: [    9.332252] audit: type=2000 audit(1497756874.330:1): initialized
[STDERR  ] 2017-06-18T03:34:58.595795185Z: [    9.339280] workingset: timestamp_bits=46 max_order=18 bucket_order=0
[STDERR  ] 2017-06-18T03:34:58.595802394Z: [    9.345010] FS-Cache: Netfs 'nfs' registered for caching
[STDERR  ] 2017-06-18T03:34:58.595810935Z: [    9.347283] NFS: Registering the id_resolver key type
[STDERR  ] 2017-06-18T03:34:58.595816497Z: [    9.348730] Key type id_resolver registered
[STDERR  ] 2017-06-18T03:34:58.595822489Z: [    9.349179] Key type id_legacy registered
[STDERR  ] 2017-06-18T03:34:58.595827762Z: [    9.349789] nfs4filelayout_init: NFSv4 File Layout Driver Registering...
[STDERR  ] 2017-06-18T03:34:58.595832978Z: [    9.351329] Installing knfsd (copyright (C) 1996 okir@monad.swb.de).
[STDERR  ] 2017-06-18T03:34:58.59583818Z: [    9.354971] FS-Cache: Netfs 'cifs' registered for caching
[STDERR  ] 2017-06-18T03:34:58.595843444Z: [    9.356164] ntfs: driver 2.1.32 [Flags: R/O].
[STDERR  ] 2017-06-18T03:34:58.595848702Z: [    9.356907] fuse init (API version 7.26)
[STDERR  ] 2017-06-18T03:34:58.595854024Z: [    9.359357] SGI XFS with ACLs, security attributes, no debug enabled
[STDERR  ] 2017-06-18T03:34:58.59586272Z: [    9.363800] 9p: Installing v9fs 9p2000 file system support
[STDERR  ] 2017-06-18T03:34:58.595865799Z: [    9.364626] FS-Cache: Netfs '9p' registered for caching
[STDERR  ] 2017-06-18T03:34:58.595876962Z: [    9.398606] NET: Registered protocol family 38
[STDERR  ] 2017-06-18T03:34:58.59587999Z: [    9.399525] Key type asymmetric registered
[STDERR  ] 2017-06-18T03:34:58.59588915Z: [    9.399976] Asymmetric key parser 'x509' registered
[STDERR  ] 2017-06-18T03:34:58.595892397Z: [    9.401794] Block layer SCSI generic (bsg) driver version 0.4 loaded (major 251)
[STDERR  ] 2017-06-18T03:34:58.595900565Z: [    9.403388] io scheduler noop registered
[STDERR  ] 2017-06-18T03:34:58.595906912Z: [    9.403838] io scheduler deadline registered (default)
[STDERR  ] 2017-06-18T03:34:58.59590973Z: [    9.404647] io scheduler cfq registered
[STDERR  ] 2017-06-18T03:34:58.595917217Z: [    9.407460] pci_hotplug: PCI Hot Plug PCI Core version: 0.5
[STDERR  ] 2017-06-18T03:34:58.595925341Z: [    9.408308] pciehp: PCI Express Hot Plug Controller Driver version: 0.4
[STDERR  ] 2017-06-18T03:34:58.595930706Z: [    9.409477] shpchp: Standard Hot Plug PCI Controller Driver version: 0.4
[STDERR  ] 2017-06-18T03:34:58.595936228Z: [    9.411454] hv_vmbus: registering driver hyperv_fb
[STDERR  ] 2017-06-18T03:34:58.595941524Z: [    9.414798] input: Power Button as /devices/LNXSYSTM:00/LNXPWRBN:00/input/input0
[STDERR  ] 2017-06-18T03:34:58.595944391Z: [    9.416170] ACPI: Power Button [PWRF]
[STDERR  ] 2017-06-18T03:34:58.595949937Z: [    9.421528] GHES: HEST is not enabled!
[STDERR  ] 2017-06-18T03:34:58.595959384Z: [    9.432815] ACPI: PCI Interrupt Link [GSIH] enabled at IRQ 23
[STDERR  ] 2017-06-18T03:34:58.595964671Z: [    9.439676] xenfs: not registering filesystem on non-xen platform
[STDERR  ] 2017-06-18T03:34:58.595969883Z: [    9.442746] Serial: 8250/16550 driver, 4 ports, IRQ sharing disabled
[STDERR  ] 2017-06-18T03:34:58.595974966Z: [    9.469367] 00:04: ttyS0 at I/O 0x3f8 (irq = 4, base_baud = 115200) is a 16550A
[STDERR  ] 2017-06-18T03:34:58.595980399Z: [    9.477155] Initializing Nozomi driver 2.1d
[STDERR  ] 2017-06-18T03:34:58.595986181Z: [    9.481795] Non-volatile memory driver v1.3
[STDERR  ] 2017-06-18T03:34:58.595991601Z: [    9.487857] Hangcheck: starting hangcheck timer 0.9.1 (tick is 180 seconds, margin is 60 seconds).
[STDERR  ] 2017-06-18T03:34:58.595997518Z: [    9.525800] loop: module loaded
[STDERR  ] 2017-06-18T03:34:58.596000507Z: [    9.541005] nbd: registered device at major 43
[STDERR  ] 2017-06-18T03:34:58.596009531Z: [    9.583406] lpc_ich 0000:00:1f.0: I/O space for GPIO uninitialized
[STDERR  ] 2017-06-18T03:34:58.596012404Z: [    9.585547] VMware PVSCSI driver - version 1.0.7.0-k
[STDERR  ] 2017-06-18T03:34:58.596020506Z: [    9.586501] hv_vmbus: registering driver hv_storvsc
[STDERR  ] 2017-06-18T03:34:58.596023521Z: [    9.596724] ACPI: PCI Interrupt Link [GSIA] enabled at IRQ 16
[STDERR  ] 2017-06-18T03:34:58.596028636Z: [    9.603483] ahci 0000:00:1f.2: AHCI 0001.0000 32 slots 6 ports 1.5 Gbps 0x3f impl SATA mode
[STDERR  ] 2017-06-18T03:34:58.596036884Z: [    9.604518] ahci 0000:00:1f.2: flags: 64bit ncq only 
[STDERR  ] 2017-06-18T03:34:58.596042246Z: [    9.625034] scsi host0: ahci
[STDERR  ] 2017-06-18T03:34:58.596045203Z: [    9.629055] scsi host1: ahci
[STDERR  ] 2017-06-18T03:34:58.596050706Z: [    9.631752] scsi host2: ahci
[STDERR  ] 2017-06-18T03:34:58.596058188Z: [    9.634324] scsi host3: ahci
[STDERR  ] 2017-06-18T03:34:58.596064963Z: [    9.636661] scsi host4: ahci
[STDERR  ] 2017-06-18T03:34:58.596069924Z: [    9.639045] scsi host5: ahci
[STDERR  ] 2017-06-18T03:34:58.596072561Z: [    9.641245] ata1: SATA max UDMA/133 abar m4096@0xfebf1000 port 0xfebf1100 irq 24
[STDERR  ] 2017-06-18T03:34:58.596080153Z: [    9.642006] ata2: SATA max UDMA/133 abar m4096@0xfebf1000 port 0xfebf1180 irq 24
[STDERR  ] 2017-06-18T03:34:58.596085299Z: [    9.642685] ata3: SATA max UDMA/133 abar m4096@0xfebf1000 port 0xfebf1200 irq 24
[STDERR  ] 2017-06-18T03:34:58.596087797Z: [    9.643351] ata4: SATA max UDMA/133 abar m4096@0xfebf1000 port 0xfebf1280 irq 24
[STDERR  ] 2017-06-18T03:34:58.596099928Z: [    9.644013] ata5: SATA max UDMA/133 abar m4096@0xfebf1000 port 0xfebf1300 irq 24
[STDERR  ] 2017-06-18T03:34:58.596105301Z: [    9.644672] ata6: SATA max UDMA/133 abar m4096@0xfebf1000 port 0xfebf1380 irq 24
[STDERR  ] 2017-06-18T03:34:58.596115079Z: [    9.654884] Ethernet Channel Bonding Driver: v3.7.1 (April 27, 2011)
[STDERR  ] 2017-06-18T03:34:58.596120758Z: [    9.673673] tun: Universal TUN/TAP device driver, 1.6
[STDERR  ] 2017-06-18T03:34:58.596124261Z: [    9.674291] tun: (C) 1999-2004 Max Krasnyansky <maxk@qualcomm.com>
[STDERR  ] 2017-06-18T03:34:58.596132486Z: [    9.676257] ena: Elastic Network Adapter (ENA) v1.0.2
[STDERR  ] 2017-06-18T03:34:58.596135211Z: [    9.678258] e1000: Intel(R) PRO/1000 Network Driver - version 7.3.21-k8-NAPI
[STDERR  ] 2017-06-18T03:34:58.596142954Z: [    9.678932] e1000: Copyright (c) 1999-2006 Intel Corporation.
[STDERR  ] 2017-06-18T03:34:58.596151307Z: [    9.686941] ACPI: PCI Interrupt Link [GSIG] enabled at IRQ 22
[STDERR  ] 2017-06-18T03:34:58.596154078Z: [    9.974960] ata1: SATA link down (SStatus 0 SControl 300)
[STDERR  ] 2017-06-18T03:34:58.596160868Z: [    9.984678] ata5: SATA link down (SStatus 0 SControl 300)
[STDERR  ] 2017-06-18T03:34:58.596169109Z: [    9.985577] ata4: SATA link down (SStatus 0 SControl 300)
[STDERR  ] 2017-06-18T03:34:58.596174421Z: [    9.986659] ata3: SATA link up 1.5 Gbps (SStatus 113 SControl 300)
[STDERR  ] 2017-06-18T03:34:58.596183848Z: [    9.990350] ata3.00: ATAPI: QEMU DVD-ROM, 2.5+, max UDMA/100
[STDERR  ] 2017-06-18T03:34:58.596186866Z: [    9.990994] ata3.00: applying bridge limits
[STDERR  ] 2017-06-18T03:34:58.596192157Z: [    9.992414] ata2: SATA link down (SStatus 0 SControl 300)
[STDERR  ] 2017-06-18T03:34:58.596200238Z: [    9.993150] ata6: SATA link down (SStatus 0 SControl 300)
[STDERR  ] 2017-06-18T03:34:58.596219813Z: [    9.998960] ata3.00: configured for UDMA/100
[STDERR  ] 2017-06-18T03:34:58.596225351Z: [   10.011825] scsi 2:0:0:0: CD-ROM            QEMU     QEMU DVD-ROM     2.5+ PQ: 0 ANSI: 5
[STDERR  ] 2017-06-18T03:34:58.596230896Z: [   10.032824] sr 2:0:0:0: [sr0] scsi3-mmc drive: 4x/4x cd/rw xa/form2 tray
[STDERR  ] 2017-06-18T03:34:58.596233908Z: [   10.033954] cdrom: Uniform CD-ROM driver Revision: 3.20
[STDERR  ] 2017-06-18T03:34:58.596241988Z: [   10.040851] sr 2:0:0:0: Attached scsi generic sg0 type 5
[STDERR  ] 2017-06-18T03:34:58.596244766Z: [   10.063973] e1000 0000:00:02.0 eth0: (PCI:33MHz:32-bit) 52:54:00:12:34:56
[STDERR  ] 2017-06-18T03:34:58.596253249Z: [   10.064825] e1000 0000:00:02.0 eth0: Intel(R) PRO/1000 Network Connection
[STDERR  ] 2017-06-18T03:34:58.596256027Z: [   10.066183] e1000e: Intel(R) PRO/1000 Network Driver - 3.2.6-k
[STDERR  ] 2017-06-18T03:34:58.596261301Z: [   10.066743] e1000e: Copyright(c) 1999 - 2015 Intel Corporation.
[STDERR  ] 2017-06-18T03:34:58.596269087Z: [   10.067757] igb: Intel(R) Gigabit Ethernet Network Driver - version 5.4.0-k
[STDERR  ] 2017-06-18T03:34:58.596274389Z: [   10.068399] igb: Copyright (c) 2007-2014 Intel Corporation.
[STDERR  ] 2017-06-18T03:34:58.596277127Z: [   10.069355] igbvf: Intel(R) Gigabit Virtual Function Network Driver - version 2.4.0-k
[STDERR  ] 2017-06-18T03:34:58.596285109Z: [   10.070436] igbvf: Copyright (c) 2009 - 2012 Intel Corporation.
[STDERR  ] 2017-06-18T03:34:58.596287904Z: [   10.071555] ixgbe: Intel(R) 10 Gigabit PCI Express Network Driver - version 4.4.0-k
[STDERR  ] 2017-06-18T03:34:58.596295861Z: [   10.072302] ixgbe: Copyright (c) 1999-2016 Intel Corporation.
[STDERR  ] 2017-06-18T03:34:58.596301104Z: [   10.074090] ixgbevf: Intel(R) 10 Gigabit PCI Express Virtual Function Network Driver - version 3.2.2-k
[STDERR  ] 2017-06-18T03:34:58.596306236Z: [   10.074949] ixgbevf: Copyright (c) 2009 - 2015 Intel Corporation.
[STDERR  ] 2017-06-18T03:34:58.596309027Z: [   10.076536] ixgb: Intel(R) PRO/10GbE Network Driver - version 1.0.135-k2-NAPI
[STDERR  ] 2017-06-18T03:34:58.596320677Z: [   10.077211] ixgb: Copyright (c) 1999-2008 Intel Corporation.
[STDERR  ] 2017-06-18T03:34:58.596329336Z: [   10.078495] PPP generic driver version 2.4.2
[STDERR  ] 2017-06-18T03:34:58.596335118Z: [   10.080420] PPP BSD Compression module registered
[STDERR  ] 2017-06-18T03:34:58.596340479Z: [   10.080942] PPP Deflate Compression module registered
[STDERR  ] 2017-06-18T03:34:58.596345576Z: [   10.081830] PPP MPPE Compression module registered
[STDERR  ] 2017-06-18T03:34:58.596348324Z: [   10.082368] NET: Registered protocol family 24
[STDERR  ] 2017-06-18T03:34:58.596357377Z: [   10.083137] PPTP driver version 0.8.5
[STDERR  ] 2017-06-18T03:34:58.596362591Z: [   10.084312] VMware vmxnet3 virtual NIC driver - version 1.4.a.0-k-NAPI
[STDERR  ] 2017-06-18T03:34:58.596367704Z: [   10.085427] hv_vmbus: registering driver hv_netvsc
[STDERR  ] 2017-06-18T03:34:58.596372824Z: [   10.085926] Fusion MPT base driver 3.04.20
[STDERR  ] 2017-06-18T03:34:58.596377903Z: [   10.086323] Copyright (c) 1999-2008 LSI Corporation
[STDERR  ] 2017-06-18T03:34:58.596386149Z: [   10.087092] Fusion MPT SPI Host driver 3.04.20
[STDERR  ] 2017-06-18T03:34:58.596391199Z: [   10.093123] aoe: AoE v85 initialised.
[STDERR  ] 2017-06-18T03:34:58.596396318Z: [   10.095827] i8042: PNP: PS/2 Controller [PNP0303:KBD,PNP0f13:MOU] at 0x60,0x64 irq 1,12
[STDERR  ] 2017-06-18T03:34:58.596399273Z: [   10.099977] serio: i8042 KBD port at 0x60,0x64 irq 1
[STDERR  ] 2017-06-18T03:34:58.596406684Z: [   10.101164] serio: i8042 AUX port at 0x60,0x64 irq 12
[STDERR  ] 2017-06-18T03:34:58.596415426Z: [   10.104478] hv_vmbus: registering driver hyperv_keyboard
[STDERR  ] 2017-06-18T03:34:58.596420648Z: [   10.106868] mousedev: PS/2 mouse device common for all mice
[STDERR  ] 2017-06-18T03:34:58.596425738Z: [   10.112104] input: AT Translated Set 2 keyboard as /devices/platform/i8042/serio0/input/input1
[STDERR  ] 2017-06-18T03:34:58.596430903Z: [   10.115275] input: PC Speaker as /devices/platform/pcspkr/input/input2
[STDERR  ] 2017-06-18T03:34:58.596435509Z: [   10.118927] rtc_cmos 00:00: RTC can wake from S4
[STDERR  ] 2017-06-18T03:34:58.596443421Z: [   10.122611] rtc_cmos 00:00: rtc core: registered rtc_cmos as rtc0
[STDERR  ] 2017-06-18T03:34:58.596448507Z: [   10.123964] rtc_cmos 00:00: alarms up to one day, y3k, 114 bytes nvram, hpet irqs
[STDERR  ] 2017-06-18T03:34:58.596453778Z: [   10.124958] i2c /dev entries driver
[STDERR  ] 2017-06-18T03:34:58.596456621Z: [   10.126991] device-mapper: ioctl: 4.35.0-ioctl (2016-06-23) initialised: dm-devel@redhat.com
[STDERR  ] 2017-06-18T03:34:58.596464349Z: [   10.132106] hv_utils: Registering HyperV Utility Driver
[STDERR  ] 2017-06-18T03:34:58.596467154Z: [   10.132647] hv_vmbus: registering driver hv_util
[STDERR  ] 2017-06-18T03:34:58.596474757Z: [   10.133092] hv_vmbus: registering driver hv_balloon
[STDERR  ] 2017-06-18T03:34:58.596477457Z: [   10.133838] oprofile: using NMI interrupt.
[STDERR  ] 2017-06-18T03:34:58.596485233Z: [   10.135112] GACT probability on
[STDERR  ] 2017-06-18T03:34:58.596487988Z: [   10.135733] Mirror/redirect action on
[STDERR  ] 2017-06-18T03:34:58.596496444Z: [   10.136762] Simple TC action Loaded
[STDERR  ] 2017-06-18T03:34:58.596501903Z: [   10.140594] netem: version 1.3
[STDERR  ] 2017-06-18T03:34:58.596504943Z: [   10.140972] u32 classifier
[STDERR  ] 2017-06-18T03:34:58.596510981Z: [   10.141245]     Performance counters on
[STDERR  ] 2017-06-18T03:34:58.596518536Z: [   10.141633]     input device check on
[STDERR  ] 2017-06-18T03:34:58.596523439Z: [   10.141995]     Actions configured
[STDERR  ] 2017-06-18T03:34:58.596528398Z: [   10.142731] Netfilter messages via NETLINK v0.30.
[STDERR  ] 2017-06-18T03:34:58.596531033Z: [   10.143521] nfnl_acct: registering with nfnetlink.
[STDERR  ] 2017-06-18T03:34:58.596535921Z: [   10.144988] nf_conntrack version 0.5.0 (8192 buckets, 32768 max)
[STDERR  ] 2017-06-18T03:34:58.596543383Z: [   10.148094] ctnetlink v0.93: registering with nfnetlink.
[STDERR  ] 2017-06-18T03:34:58.596546028Z: [   10.151717] nf_tables: (c) 2007-2009 Patrick McHardy <kaber@trash.net>
[STDERR  ] 2017-06-18T03:34:58.596557356Z: [   10.152823] nf_tables_compat: (c) 2012 Pablo Neira Ayuso <pablo@netfilter.org>
[STDERR  ] 2017-06-18T03:34:58.596560216Z: [   10.155538] xt_time: kernel timezone is -0000
[STDERR  ] 2017-06-18T03:34:58.596567923Z: [   10.156245] ip_set: protocol 6
[STDERR  ] 2017-06-18T03:34:58.596570573Z: [   10.157023] IPVS: Registered protocols (TCP, UDP, SCTP, AH, ESP)
[STDERR  ] 2017-06-18T03:34:58.596577857Z: [   10.157907] IPVS: Connection hash table configured (size=4096, memory=64Kbytes)
[STDERR  ] 2017-06-18T03:34:58.596582766Z: [   10.159863] IPVS: Creating netns size=2104 id=0
[STDERR  ] 2017-06-18T03:34:58.596585381Z: [   10.163067] IPVS: ipvs loaded.
[STDERR  ] 2017-06-18T03:34:58.596592839Z: [   10.163610] IPVS: [rr] scheduler registered.
[STDERR  ] 2017-06-18T03:34:58.596595647Z: [   10.164062] IPVS: [wrr] scheduler registered.
[STDERR  ] 2017-06-18T03:34:58.596607936Z: [   10.164481] IPVS: [lc] scheduler registered.
[STDERR  ] 2017-06-18T03:34:58.596613564Z: [   10.164907] IPVS: [wlc] scheduler registered.
[STDERR  ] 2017-06-18T03:34:58.596621489Z: [   10.165324] IPVS: [fo] scheduler registered.
[STDERR  ] 2017-06-18T03:34:58.596626759Z: [   10.165721] IPVS: [ovf] scheduler registered.
[STDERR  ] 2017-06-18T03:34:58.596631713Z: [   10.166382] IPVS: [lblc] scheduler registered.
[STDERR  ] 2017-06-18T03:34:58.596636631Z: [   10.166993] IPVS: [lblcr] scheduler registered.
[STDERR  ] 2017-06-18T03:34:58.596641933Z: [   10.167448] IPVS: [dh] scheduler registered.
[STDERR  ] 2017-06-18T03:34:58.596647196Z: [   10.167854] IPVS: [sh] scheduler registered.
[STDERR  ] 2017-06-18T03:34:58.596652189Z: [   10.168273] IPVS: [sed] scheduler registered.
[STDERR  ] 2017-06-18T03:34:58.596657214Z: [   10.168689] IPVS: [nq] scheduler registered.
[STDERR  ] 2017-06-18T03:34:58.596662289Z: [   10.169586] IPVS: ftp: loaded support on port[0] = 21
[STDERR  ] 2017-06-18T03:34:58.596667317Z: [   10.171140] ipip: IPv4 and MPLS over IPv4 tunneling driver
[STDERR  ] 2017-06-18T03:34:58.596669906Z: [   10.175395] gre: GRE over IPv4 demultiplexor driver
[STDERR  ] 2017-06-18T03:34:58.596674943Z: [   10.175921] ip_gre: GRE over IPv4 tunneling driver
[STDERR  ] 2017-06-18T03:34:58.596682736Z: [   10.182113] IPv4 over IPsec tunneling driver
[STDERR  ] 2017-06-18T03:34:58.596685319Z: [   10.187708] ip_tables: (C) 2000-2006 Netfilter Core Team
[STDERR  ] 2017-06-18T03:34:58.596692716Z: [   10.191506] ipt_CLUSTERIP: ClusterIP Version 0.8 loaded successfully
[STDERR  ] 2017-06-18T03:34:58.596701504Z: [   10.192555] arp_tables: arp_tables: (C) 2002 David S. Miller
[STDERR  ] 2017-06-18T03:34:58.596704139Z: [   10.194598] Initializing XFRM netlink socket
[STDERR  ] 2017-06-18T03:34:58.596715603Z: [   10.195896] NET: Registered protocol family 10
[STDERR  ] 2017-06-18T03:34:58.596720538Z: [   10.207815] mip6: Mobile IPv6
[STDERR  ] 2017-06-18T03:34:58.596725694Z: [   10.209084] ip6_tables: (C) 2000-2006 Netfilter Core Team
[STDERR  ] 2017-06-18T03:34:58.596738841Z: [   10.217088] sit: IPv6, IPv4 and MPLS over IPv4 tunneling driver
[STDERR  ] 2017-06-18T03:34:58.596741554Z: [   10.224506] ip6_gre: GRE over IPv6 tunneling driver
[STDERR  ] 2017-06-18T03:34:58.596751311Z: [   10.228320] NET: Registered protocol family 17
[STDERR  ] 2017-06-18T03:34:58.596756279Z: [   10.229178] NET: Registered protocol family 15
[STDERR  ] 2017-06-18T03:34:58.596761367Z: [   10.230706] Bridge firewalling registered
[STDERR  ] 2017-06-18T03:34:58.596766539Z: [   10.231453] Ebtables v2.0 registered
[STDERR  ] 2017-06-18T03:34:58.596772746Z: [   10.234634] l2tp_core: L2TP core driver, V2.0
[STDERR  ] 2017-06-18T03:34:58.596789484Z: [   10.235358] l2tp_ppp: PPPoL2TP kernel driver, V2.0
[STDERR  ] 2017-06-18T03:34:58.596795508Z: [   10.235832] 8021q: 802.1Q VLAN Support v1.8
[STDERR  ] 2017-06-18T03:34:58.596800449Z: [   10.237401] 9pnet: Installing 9P2000 support
[STDERR  ] 2017-06-18T03:34:58.596803024Z: [   10.238437] Key type dns_resolver registered
[STDERR  ] 2017-06-18T03:34:58.596810458Z: [   10.238909] openvswitch: Open vSwitch switching datapath
[STDERR  ] 2017-06-18T03:34:58.596819241Z: [   10.241532] mpls_gso: MPLS GSO support
[STDERR  ] 2017-06-18T03:34:58.596824724Z: [   10.242767] microcode: AMD CPU family 0x6 not supported
[STDERR  ] 2017-06-18T03:34:58.596829789Z: [   10.246636] registered taskstats version 1
[STDERR  ] 2017-06-18T03:34:58.596835074Z: [   10.321418] tsc: Refined TSC clocksource calibration: 2600.001 MHz
[STDERR  ] 2017-06-18T03:34:58.596840233Z: [   10.322402] clocksource: tsc: mask: 0xffffffffffffffff max_cycles: 0x257a3ce1c4c, max_idle_ns: 440795206275 ns
[STDERR  ] 2017-06-18T03:34:58.596843124Z: [   10.426068] Key type big_key registered
[STDERR  ] 2017-06-18T03:34:58.596850694Z: [   10.466404] Key type encrypted registered
[STDERR  ] 2017-06-18T03:34:58.596857843Z: [   10.471560] rtc_cmos 00:00: setting system clock to 2017-06-18 03:34:36 UTC (1497756876)
[STDERR  ] 2017-06-18T03:34:58.596864991Z: [   10.621226] Freeing unused kernel memory: 1456K (ffffffffbef90000 - ffffffffbf0fc000)
[STDERR  ] 2017-06-18T03:34:58.596890991Z: [   10.622154] Write protecting the kernel read-only data: 14336k
[STDERR  ] 2017-06-18T03:34:58.596899441Z: [   10.631669] Freeing unused kernel memory: 700K (ffff96a5d1951000 - ffff96a5d1a00000)
[STDERR  ] 2017-06-18T03:34:58.596904641Z: [   10.693727] Freeing unused kernel memory: 976K (ffff96a5d1d0c000 - ffff96a5d1e00000)
[STDERR  ] 2017-06-18T03:34:58.596916029Z: [   11.340845] clocksource: Switched to clocksource tsc
[STDERR  ] 2017-06-18T03:34:58.596929363Z: 
[STDERR  ] 2017-06-18T03:34:58.596939036Z: Starting containerd
[STDERR  ] 2017-06-18T03:34:58.596948733Z: 
[STDERR  ] 2017-06-18T03:34:58.596954348Z: Welcome to LinuxKit
[STDERR  ] 2017-06-18T03:34:58.596957058Z: 
[STDERR  ] 2017-06-18T03:34:58.596966676Z:                         ##         .
[STDERR  ] 2017-06-18T03:34:58.596974884Z:                   ## ## ##        ==
[STDERR  ] 2017-06-18T03:34:58.596980281Z:                ## ## ## ## ##    ===
[STDERR  ] 2017-06-18T03:34:58.596985403Z:            /"""""""""""""""""\___/ ===
[STDERR  ] 2017-06-18T03:34:58.596988137Z:       ~~~ {~~ ~~~~ ~~~ ~~~~ ~~~ ~ /  ===- ~~~
[STDERR  ] 2017-06-18T03:34:58.596993503Z:            \______ o           __/
[STDERR  ] 2017-06-18T03:34:58.597001304Z:              \    \         __/
[STDERR  ] 2017-06-18T03:34:58.597006486Z:               \____\_______/
[STDERR  ] 2017-06-18T03:34:58.597011653Z: 
[STDERR  ] 2017-06-18T03:34:58.597014279Z: [34mINFO[0m[0000] starting containerd boot...                   [34mmodule[0m=containerd
[STDERR  ] 2017-06-18T03:34:58.597022834Z: [34mINFO[0m[0000] starting debug API...                         [34mdebug[0m="/run/containerd/debug.sock" [34mmodule[0m=containerd
[STDERR  ] 2017-06-18T03:34:58.597028097Z: [34mINFO[0m[0000] loading plugin "io.containerd.content.v1.content"...  [34mmodule[0m=containerd [34mtype[0m=io.containerd.content.v1
[STDERR  ] 2017-06-18T03:34:58.597030764Z: [34mINFO[0m[0000] skipping plugin "io.containerd.snapshotter.v1.btrfs"...  [34mmodule[0m=containerd [34mtype[0m=io.containerd.snapshotter.v1
[STDERR  ] 2017-06-18T03:34:58.597040803Z: [34mINFO[0m[0000] loading plugin "io.containerd.snapshotter.v1.overlayfs"...  [34mmodule[0m=containerd [34mtype[0m=io.containerd.snapshotter.v1
[STDERR  ] 2017-06-18T03:34:58.597045974Z: [34mINFO[0m[0000] loading plugin "io.containerd.differ.v1.base-diff"...  [34mmodule[0m=containerd [34mtype[0m=io.containerd.differ.v1
[STDERR  ] 2017-06-18T03:34:58.597050009Z: [34mINFO[0m[0000] loading plugin "io.containerd.metadata.v1.bolt"...  [34mmodule[0m=containerd [34mtype[0m=io.containerd.metadata.v1
[STDERR  ] 2017-06-18T03:34:58.597054979Z: [34mINFO[0m[0000] loading plugin "io.containerd.grpc.v1.containers"...  [34mmodule[0m=containerd [34mtype[0m=io.containerd.grpc.v1
[STDERR  ] 2017-06-18T03:34:58.597062444Z: [34mINFO[0m[0000] loading plugin "io.containerd.grpc.v1.content"...  [34mmodule[0m=containerd [34mtype[0m=io.containerd.grpc.v1
[STDERR  ] 2017-06-18T03:34:58.597072197Z: [34mINFO[0m[0000] loading plugin "io.containerd.grpc.v1.diff"...  [34mmodule[0m=containerd [34mtype[0m=io.containerd.grpc.v1
[STDERR  ] 2017-06-18T03:34:58.597078099Z: [34mINFO[0m[0000] loading plugin "io.containerd.monitor.v1.cgroups"...  [34mmodule[0m=containerd [34mtype[0m=io.containerd.monitor.v1
[STDERR  ] 2017-06-18T03:34:58.597083208Z: [34mINFO[0m[0000] loading plugin "io.containerd.runtime.v1.linux"...  [34mmodule[0m=containerd [34mtype[0m=io.containerd.runtime.v1
[STDERR  ] 2017-06-18T03:34:58.597092928Z: [34mINFO[0m[0000] loading plugin "io.containerd.grpc.v1.tasks"...  [34mmodule[0m=containerd [34mtype[0m=io.containerd.grpc.v1
[STDERR  ] 2017-06-18T03:34:58.597098851Z: [34mINFO[0m[0000] loading plugin "io.containerd.grpc.v1.healthcheck"...  [34mmodule[0m=containerd [34mtype[0m=io.containerd.grpc.v1
[STDERR  ] 2017-06-18T03:34:58.597104224Z: [34mINFO[0m[0000] loading plugin "io.containerd.grpc.v1.images"...  [34mmodule[0m=containerd [34mtype[0m=io.containerd.grpc.v1
[STDERR  ] 2017-06-18T03:34:58.597114559Z: [34mINFO[0m[0000] loading plugin "io.containerd.grpc.v1.namespaces"...  [34mmodule[0m=containerd [34mtype[0m=io.containerd.grpc.v1[   17.554146] random: fast init done
[STDERR  ] 2017-06-18T03:34:58.597120261Z: 
[STDERR  ] 2017-06-18T03:34:58.597125433Z: [34mINFO[0m[0000] loading plugin "io.containerd.grpc.v1.snapshots"...  [34mmodule[0m=containerd [34mtype[0m=io.containerd.grpc.v1
[STDERR  ] 2017-06-18T03:34:58.597128103Z: [34mINFO[0m[0000] loading plugin "io.containerd.grpc.v1.version"...  [34mmodule[0m=containerd [34mtype[0m=io.containerd.grpc.v1
[STDERR  ] 2017-06-18T03:34:58.597133163Z: [34mINFO[0m[0000] starting GRPC API server...                   [34mmodule[0m=containerd
[STDERR  ] 2017-06-18T03:34:58.597141066Z: [34mINFO[0m[0000] containerd successfully booted in 0.246548s   [34mmodule[0m=containerd
[STDERR  ] 2017-06-18T03:34:58.597146261Z: [   18.087028] IPVS: Creating netns size=2104 id=1
[STDERR  ] 2017-06-18T03:34:58.597151484Z: [   18.088022] IPVS: ftp: loaded support on port[0] = 21
[STDERR  ] 2017-06-18T03:34:58.597157039Z:  - 000-binfmt
[STDERR  ] 2017-06-18T03:34:58.597163064Z: binfmt test suite PASSED
[STDERR  ] 2017-06-18T03:34:58.597168649Z:  - 001-test
[STDERR  ] 2017-06-18T03:34:58.597173659Z: [   31.897496] ACPI: Preparing to enter system sleep state S5
[STDERR  ] 2017-06-18T03:34:58.597179088Z: [   31.899309] reboot: Power down
[STDERR  ] 2017-06-18T03:34:58.597184404Z: + echo [    0.000000] Linux version 4.9.32-linuxkit (root@9ac68176ac52) (gcc version 6.3.0 (Alpine 6.3.0) ) #1 SMP Thu Jun 15 20:49:23 UTC 2017
[STDERR  ] 2017-06-18T03:34:58.597189493Z: [    0.000000] Command line: console=ttyS0 page_poison=1
[STDERR  ] 2017-06-18T03:34:58.597194639Z: [    0.000000] x86/fpu: Legacy x87 FPU detected.
[STDERR  ] 2017-06-18T03:34:58.597199573Z: [    0.000000] x86/fpu: Using 'eager' FPU context switches.
[STDERR  ] 2017-06-18T03:34:58.597219989Z: [    0.000000] e820: BIOS-provided physical RAM map:
[STDERR  ] 2017-06-18T03:34:58.597228034Z: [    0.000000] BIOS-e820: [mem 0x0000000000000000-0x000000000009fbff] usable
[STDERR  ] 2017-06-18T03:34:58.597230731Z: [    0.000000] BIOS-e820: [mem 0x000000000009fc00-0x000000000009ffff] reserved
[STDERR  ] 2017-06-18T03:34:58.597238386Z: [    0.000000] BIOS-e820: [mem 0x00000000000f0000-0x00000000000fffff] reserved
[STDERR  ] 2017-06-18T03:34:58.597243473Z: [    0.000000] BIOS-e820: [mem 0x0000000000100000-0x000000003ffdefff] usable
[STDERR  ] 2017-06-18T03:34:58.597248528Z: [    0.000000] BIOS-e820: [mem 0x000000003ffdf000-0x000000003fffffff] reserved
[STDERR  ] 2017-06-18T03:34:58.597253711Z: [    0.000000] BIOS-e820: [mem 0x00000000b0000000-0x00000000bfffffff] reserved
[STDERR  ] 2017-06-18T03:34:58.597256406Z: [    0.000000] BIOS-e820: [mem 0x00000000fed1c000-0x00000000fed1ffff] reserved
[STDERR  ] 2017-06-18T03:34:58.597264094Z: [    0.000000] BIOS-e820: [mem 0x00000000fffc0000-0x00000000ffffffff] reserved
[STDERR  ] 2017-06-18T03:34:58.597273516Z: [    0.000000] NX (Execute Disable) protection: active
[STDERR  ] 2017-06-18T03:34:58.597280221Z: [    0.000000] SMBIOS 2.8 present.
[STDERR  ] 2017-06-18T03:34:58.597289696Z: [    0.000000] e820: last_pfn = 0x3ffdf max_arch_pfn = 0x400000000
[STDERR  ] 2017-06-18T03:34:58.597295446Z: [    0.000000] x86/PAT: Configuration [0-7]: WB  WC  UC- UC  WB  WC  UC- WT  
[STDERR  ] 2017-06-18T03:34:58.597300878Z: [    0.000000] found SMP MP-table at [mem 0x000f6aa0-0x000f6aaf] mapped at [ffff96a5c00f6aa0]
[STDERR  ] 2017-06-18T03:34:58.597306044Z: [    0.000000] RAMDISK: [mem 0x3d9ee000-0x3ffcffff]
[STDERR  ] 2017-06-18T03:34:58.597314896Z: [    0.000000] ACPI: Early table checksum verification disabled
[STDERR  ] 2017-06-18T03:34:58.597320303Z: [    0.000000] ACPI: RSDP 0x00000000000F68C0 000014 (v00 BOCHS )
[STDERR  ] 2017-06-18T03:34:58.597325687Z: [    0.000000] ACPI: RSDT 0x000000003FFE2404 000034 (v01 BOCHS  BXPCRSDT 00000001 BXPC 00000001)
[STDERR  ] 2017-06-18T03:34:58.597328453Z: [    0.000000] ACPI: FACP 0x000000003FFE22A4 000074 (v01 BOCHS  BXPCFACP 00000001 BXPC 00000001)
[STDERR  ] 2017-06-18T03:34:58.597339374Z: [    0.000000] ACPI: DSDT 0x000000003FFE0040 002264 (v01 BOCHS  BXPCDSDT 00000001 BXPC 00000001)
[STDERR  ] 2017-06-18T03:34:58.597342118Z: [    0.000000] ACPI: FACS 0x000000003FFE0000 000040
[STDERR  ] 2017-06-18T03:34:58.597349759Z: [    0.000000] ACPI: APIC 0x000000003FFE2318 000078 (v01 BOCHS  BXPCAPIC 00000001 BXPC 00000001)
[STDERR  ] 2017-06-18T03:34:58.597359067Z: [    0.000000] ACPI: HPET 0x000000003FFE2390 000038 (v01 BOCHS  BXPCHPET 00000001 BXPC 00000001)
[STDERR  ] 2017-06-18T03:34:58.597364374Z: [    0.000000] ACPI: MCFG 0x000000003FFE23C8 00003C (v01 BOCHS  BXPCMCFG 00000001 BXPC 00000001)
[STDERR  ] 2017-06-18T03:34:58.597370161Z: [    0.000000] Zone ranges:
[STDERR  ] 2017-06-18T03:34:58.597375907Z: [    0.000000]   DMA      [mem 0x0000000000001000-0x0000000000ffffff]
[STDERR  ] 2017-06-18T03:34:58.597381264Z: [    0.000000]   DMA32    [mem 0x0000000001000000-0x000000003ffdefff]
[STDERR  ] 2017-06-18T03:34:58.597386513Z: [    0.000000]   Normal   empty
[STDERR  ] 2017-06-18T03:34:58.597391893Z: [    0.000000] Movable zone start for each node
[STDERR  ] 2017-06-18T03:34:58.597397058Z: [    0.000000] Early memory node ranges
[STDERR  ] 2017-06-18T03:34:58.597402196Z: [    0.000000]   node   0: [mem 0x0000000000001000-0x000000000009efff]
[STDERR  ] 2017-06-18T03:34:58.597407331Z: [    0.000000]   node   0: [mem 0x0000000000100000-0x000000003ffdefff]
[STDERR  ] 2017-06-18T03:34:58.597412501Z: [    0.000000] Initmem setup node 0 [mem 0x0000000000001000-0x000000003ffdefff]
[STDERR  ] 2017-06-18T03:34:58.597415323Z: [    0.000000] ACPI: PM-Timer IO Port: 0x608
[STDERR  ] 2017-06-18T03:34:58.597420259Z: [    0.000000] ACPI: LAPIC_NMI (acpi_id[0xff] dfl dfl lint[0x1])
[STDERR  ] 2017-06-18T03:34:58.597431894Z: [    0.000000] IOAPIC[0]: apic_id 0, version 32, address 0xfec00000, GSI 0-23
[STDERR  ] 2017-06-18T03:34:58.597436977Z: [    0.000000] ACPI: INT_SRC_OVR (bus 0 bus_irq 0 global_irq 2 dfl dfl)
[STDERR  ] 2017-06-18T03:34:58.597439616Z: [    0.000000] ACPI: INT_SRC_OVR (bus 0 bus_irq 5 global_irq 5 high level)
[STDERR  ] 2017-06-18T03:34:58.597447058Z: [    0.000000] ACPI: INT_SRC_OVR (bus 0 bus_irq 9 global_irq 9 high level)
[STDERR  ] 2017-06-18T03:34:58.597452133Z: [    0.000000] ACPI: INT_SRC_OVR (bus 0 bus_irq 10 global_irq 10 high level)
[STDERR  ] 2017-06-18T03:34:58.597454659Z: [    0.000000] ACPI: INT_SRC_OVR (bus 0 bus_irq 11 global_irq 11 high level)
[STDERR  ] 2017-06-18T03:34:58.597466996Z: [    0.000000] Using ACPI (MADT) for SMP configuration information
[STDERR  ] 2017-06-18T03:34:58.597472336Z: [    0.000000] ACPI: HPET id: 0x8086a201 base: 0xfed00000
[STDERR  ] 2017-06-18T03:34:58.597477634Z: [    0.000000] smpboot: Allowing 1 CPUs, 0 hotplug CPUs
[STDERR  ] 2017-06-18T03:34:58.597480311Z: [    0.000000] e820: [mem 0x40000000-0xafffffff] available for PCI devices
[STDERR  ] 2017-06-18T03:34:58.597487864Z: [    0.000000] Booting paravirtualized kernel on bare hardware
[STDERR  ] 2017-06-18T03:34:58.597497051Z: [    0.000000] clocksource: refined-jiffies: mask: 0xffffffff max_cycles: 0xffffffff, max_idle_ns: 19112604462750000 ns
[STDERR  ] 2017-06-18T03:34:58.597504044Z: [    0.000000] setup_percpu: NR_CPUS:128 nr_cpumask_bits:128 nr_cpu_ids:1 nr_node_ids:1
[STDERR  ] 2017-06-18T03:34:58.597512104Z: [    0.000000] percpu: Embedded 35 pages/cpu @ffff96a5fd600000 s105240 r8192 d29928 u2097152
[STDERR  ] 2017-06-18T03:34:58.597517238Z: [    0.000000] Built 1 zonelists in Zone order, mobility grouping on.  Total pages: 257896
[STDERR  ] 2017-06-18T03:34:58.597522373Z: [    0.000000] Kernel command line: console=ttyS0 page_poison=1
[STDERR  ] 2017-06-18T03:34:58.597530898Z: [    0.000000] PID hash table entries: 4096 (order: 3, 32768 bytes)
[STDERR  ] 2017-06-18T03:34:58.597536337Z: [    0.000000] Dentry cache hash table entries: 131072 (order: 8, 1048576 bytes)
[STDERR  ] 2017-06-18T03:34:58.597544451Z: [    0.000000] Inode-cache hash table entries: 65536 (order: 7, 524288 bytes)
[STDERR  ] 2017-06-18T03:34:58.597553227Z: [    0.000000] Memory: 972988K/1048052K available (9526K kernel code, 1595K rwdata, 3120K rodata, 1456K init, 604K bss, 75064K reserved, 0K cma-reserved)
[STDERR  ] 2017-06-18T03:34:58.597558114Z: [    0.000000] Hierarchical RCU implementation.
[STDERR  ] 2017-06-18T03:34:58.597563511Z: [    0.000000] 	Build-time adjustment of leaf fanout to 64.
[STDERR  ] 2017-06-18T03:34:58.597571507Z: [    0.000000] 	RCU restricting CPUs from NR_CPUS=128 to nr_cpu_ids=1.
[STDERR  ] 2017-06-18T03:34:58.597576726Z: [    0.000000] RCU: Adjusting geometry for rcu_fanout_leaf=64, nr_cpu_ids=1
[STDERR  ] 2017-06-18T03:34:58.597582029Z: [    0.000000] NR_IRQS:8448 nr_irqs:256 16
[STDERR  ] 2017-06-18T03:34:58.597584866Z: [    0.000000] Console: colour VGA+ 80x25
[STDERR  ] 2017-06-18T03:34:58.597594185Z: [    0.000000] console [ttyS0] enabled
[STDERR  ] 2017-06-18T03:34:58.597602057Z: [    0.000000] allocated 2097152 bytes of page_ext
[STDERR  ] 2017-06-18T03:34:58.597607403Z: [    0.000000] clocksource: hpet: mask: 0xffffffff max_cycles: 0xffffffff, max_idle_ns: 19112604467 ns
[STDERR  ] 2017-06-18T03:34:58.59761274Z: [    0.000000] tsc: Fast TSC calibration failed
[STDERR  ] 2017-06-18T03:34:58.597618022Z: [    0.000000] tsc: Unable to calibrate against PIT
[STDERR  ] 2017-06-18T03:34:58.597623225Z: [    0.000000] tsc: using HPET reference calibration
[STDERR  ] 2017-06-18T03:34:58.597628435Z: [    0.000000] tsc: Detected 2600.050 MHz processor
[STDERR  ] 2017-06-18T03:34:58.597633702Z: [    0.051325] Calibrating delay loop (skipped), value calculated using timer frequency.. 5200.10 BogoMIPS (lpj=26000500)
[STDERR  ] 2017-06-18T03:34:58.597640703Z: [    0.052831] pid_max: default: 32768 minimum: 301
[STDERR  ] 2017-06-18T03:34:58.597645722Z: [    0.061242] ACPI: Core revision 20160831
[STDERR  ] 2017-06-18T03:34:58.59765095Z: [    0.104521] ACPI: 1 ACPI AML tables successfully acquired and loaded
[STDERR  ] 2017-06-18T03:34:58.597655992Z: [    0.108142] Security Framework initialized
[STDERR  ] 2017-06-18T03:34:58.597661242Z: [    0.108646] Yama: becoming mindful.
[STDERR  ] 2017-06-18T03:34:58.597666292Z: [    0.110851] Mount-cache hash table entries: 2048 (order: 2, 16384 bytes)
[STDERR  ] 2017-06-18T03:34:58.597671265Z: [    0.111610] Mountpoint-cache hash table entries: 2048 (order: 2, 16384 bytes)
[STDERR  ] 2017-06-18T03:34:58.597676388Z: [    0.130191] Last level iTLB entries: 4KB 0, 2MB 0, 4MB 0
[STDERR  ] 2017-06-18T03:34:58.597681357Z: [    0.130806] Last level dTLB entries: 4KB 0, 2MB 0, 4MB 0, 1GB 0
[STDERR  ] 2017-06-18T03:34:58.597684005Z: [    0.495587] Freeing SMP alternatives memory: 24K (ffffffffbf0fc000 - ffffffffbf102000)
[STDERR  ] 2017-06-18T03:34:58.597688933Z: [    0.505571] ftrace: allocating 41868 entries in 164 pages
[STDERR  ] 2017-06-18T03:34:58.597696495Z: [    0.700920] smpboot: Max logical packages: 1
[STDERR  ] 2017-06-18T03:34:58.59770144Z: [    0.706360] ..TIMER: vector=0x30 apic1=0 pin1=2 apic2=-1 pin2=-1
[STDERR  ] 2017-06-18T03:34:58.597706763Z: [    0.810000] smpboot: CPU0: AMD QEMU Virtual CPU version 2.5+ (family: 0x6, model: 0x6, stepping: 0x3)
[STDERR  ] 2017-06-18T03:34:58.597709747Z: [    0.810000] Performance Events: PMU not available due to virtualization, using software events only.
[STDERR  ] 2017-06-18T03:34:58.597722Z: [    0.819553] NMI watchdog: disabled (cpu0): hardware events not enabled
[STDERR  ] 2017-06-18T03:34:58.597724586Z: [    0.820098] NMI watchdog: Shutting down hard lockup detector on all cpus
[STDERR  ] 2017-06-18T03:34:58.597747438Z: [    0.822846] x86: Booted up 1 node, 1 CPUs
[STDERR  ] 2017-06-18T03:34:58.597752563Z: [    0.823339] smpboot: Total of 1 processors activated (5200.10 BogoMIPS)
[STDERR  ] 2017-06-18T03:34:58.597757717Z: [    0.837498] devtmpfs: initialized
[STDERR  ] 2017-06-18T03:34:58.597762736Z: [    0.842958] x86/mm: Memory block size: 128MB
[STDERR  ] 2017-06-18T03:34:58.597767927Z: [    0.903483] clocksource: jiffies: mask: 0xffffffff max_cycles: 0xffffffff, max_idle_ns: 19112604462750000 ns
[STDERR  ] 2017-06-18T03:34:58.597779382Z: [    0.904874] futex hash table entries: 256 (order: 2, 16384 bytes)
[STDERR  ] 2017-06-18T03:34:58.597789125Z: [    0.913859] NET: Registered protocol family 16
[STDERR  ] 2017-06-18T03:34:58.59779435Z: [    0.923426] cpuidle: using governor ladder
[STDERR  ] 2017-06-18T03:34:58.597799377Z: [    0.924134] cpuidle: using governor menu
[STDERR  ] 2017-06-18T03:34:58.597804262Z: [    0.925528] ACPI: bus type PCI registered
[STDERR  ] 2017-06-18T03:34:58.597809287Z: [    0.928431] PCI: MMCONFIG for domain 0000 [bus 00-ff] at [mem 0xb0000000-0xbfffffff] (base 0xb0000000)
[STDERR  ] 2017-06-18T03:34:58.597814805Z: [    0.929551] PCI: MMCONFIG at [mem 0xb0000000-0xbfffffff] reserved in E820
[STDERR  ] 2017-06-18T03:34:58.597819927Z: [    0.931045] PCI: Using configuration type 1 for base access
[STDERR  ] 2017-06-18T03:34:58.597825352Z: [    0.997787] HugeTLB registered 2 MB page size, pre-allocated 0 pages
[STDERR  ] 2017-06-18T03:34:58.597830638Z: [    1.010983] ACPI: Added _OSI(Module Device)
[STDERR  ] 2017-06-18T03:34:58.597833548Z: [    1.011478] ACPI: Added _OSI(Processor Device)
[STDERR  ] 2017-06-18T03:34:58.597838522Z: [    1.011896] ACPI: Added _OSI(3.0 _SCP Extensions)
[STDERR  ] 2017-06-18T03:34:58.597846262Z: [    1.012335] ACPI: Added _OSI(Processor Aggregator Device)
[STDERR  ] 2017-06-18T03:34:58.597851366Z: [    1.085330] ACPI: Interpreter enabled
[STDERR  ] 2017-06-18T03:34:58.597856588Z: [    1.086502] ACPI: (supports S0 S5)
[STDERR  ] 2017-06-18T03:34:58.597861667Z: [    1.086910] ACPI: Using IOAPIC for interrupt routing
[STDERR  ] 2017-06-18T03:34:58.597864377Z: [    1.089086] PCI: Using host bridge windows from ACPI; if necessary, use "pci=nocrs" and report a bug
[STDERR  ] 2017-06-18T03:34:58.597869783Z: [    1.154360] ACPI: PCI Root Bridge [PCI0] (domain 0000 [bus 00-ff])
[STDERR  ] 2017-06-18T03:34:58.597877477Z: [    1.155750] acpi PNP0A08:00: _OSC: OS supports [ExtendedConfig ASPM ClockPM Segments MSI]
[STDERR  ] 2017-06-18T03:34:58.597882608Z: [    1.161839] acpi PNP0A08:00: _OSC: OS now controls [PCIeHotplug PME PCIeCapability]
[STDERR  ] 2017-06-18T03:34:58.597887697Z: [    1.165826] PCI host bridge to bus 0000:00
[STDERR  ] 2017-06-18T03:34:58.597895146Z: [    1.166493] pci_bus 0000:00: root bus resource [io  0x0000-0x0cf7 window]
[STDERR  ] 2017-06-18T03:34:58.597902527Z: [    1.167166] pci_bus 0000:00: root bus resource [io  0x0d00-0xffff window]
[STDERR  ] 2017-06-18T03:34:58.597907433Z: [    1.167800] pci_bus 0000:00: root bus resource [mem 0x000a0000-0x000bffff window]
[STDERR  ] 2017-06-18T03:34:58.597912382Z: [    1.168490] pci_bus 0000:00: root bus resource [mem 0xc0000000-0xfebfffff window]
[STDERR  ] 2017-06-18T03:34:58.597916956Z: [    1.169390] pci_bus 0000:00: root bus resource [bus 00-ff]
[STDERR  ] 2017-06-18T03:34:58.597924695Z: [    1.257995] pci 0000:00:1f.0: quirk: [io  0x0600-0x067f] claimed by ICH6 ACPI/GPIO/TCO
[STDERR  ] 2017-06-18T03:34:58.597929836Z: [    1.314726] ACPI: PCI Interrupt Link [LNKA] (IRQs 5 *10 11)
[STDERR  ] 2017-06-18T03:34:58.597935017Z: [    1.317267] ACPI: PCI Interrupt Link [LNKB] (IRQs 5 *10 11)
[STDERR  ] 2017-06-18T03:34:58.597943806Z: [    1.319441] ACPI: PCI Interrupt Link [LNKC] (IRQs 5 10 *11)
[STDERR  ] 2017-06-18T03:34:58.59794699Z: [    1.321770] ACPI: PCI Interrupt Link [LNKD] (IRQs 5 10 *11)
[STDERR  ] 2017-06-18T03:34:58.59795217Z: [    1.323825] ACPI: PCI Interrupt Link [LNKE] (IRQs 5 *10 11)
[STDERR  ] 2017-06-18T03:34:58.597963666Z: [    1.325870] ACPI: PCI Interrupt Link [LNKF] (IRQs 5 *10 11)
[STDERR  ] 2017-06-18T03:34:58.597966612Z: [    1.327921] ACPI: PCI Interrupt Link [LNKG] (IRQs 5 10 *11)
[STDERR  ] 2017-06-18T03:34:58.597971717Z: [    1.330569] ACPI: PCI Interrupt Link [LNKH] (IRQs 5 10 *11)
[STDERR  ] 2017-06-18T03:34:58.597980076Z: [    1.331784] ACPI: PCI Interrupt Link [GSIA] (IRQs *16)
[STDERR  ] 2017-06-18T03:34:58.597982786Z: [    1.332710] ACPI: PCI Interrupt Link [GSIB] (IRQs *17)
[STDERR  ] 2017-06-18T03:34:58.597987638Z: [    1.333643] ACPI: PCI Interrupt Link [GSIC] (IRQs *18)
[STDERR  ] 2017-06-18T03:34:58.597999545Z: [    1.334571] ACPI: PCI Interrupt Link [GSID] (IRQs *19)
[STDERR  ] 2017-06-18T03:34:58.598004743Z: [    1.335487] ACPI: PCI Interrupt Link [GSIE] (IRQs *20)
[STDERR  ] 2017-06-18T03:34:58.598009927Z: [    1.336402] ACPI: PCI Interrupt Link [GSIF] (IRQs *21)
[STDERR  ] 2017-06-18T03:34:58.598015033Z: [    1.337322] ACPI: PCI Interrupt Link [GSIG] (IRQs *22)
[STDERR  ] 2017-06-18T03:34:58.59802009Z: [    1.338233] ACPI: PCI Interrupt Link [GSIH] (IRQs *23)
[STDERR  ] 2017-06-18T03:34:58.598022837Z: [    1.342340] ACPI: Enabled 2 GPEs in block 00 to 3F
[STDERR  ] 2017-06-18T03:34:58.598030597Z: [    1.347283] SCSI subsystem initialized
[STDERR  ] 2017-06-18T03:34:58.598033292Z: [    1.350814] pps_core: LinuxPPS API ver. 1 registered
[STDERR  ] 2017-06-18T03:34:58.598045138Z: [    1.351315] pps_core: Software ver. 5.3.6 - Copyright 2005-2007 Rodolfo Giometti <giometti@linux.it>
[STDERR  ] 2017-06-18T03:34:58.598048117Z: [    1.352364] PTP clock support registered
[STDERR  ] 2017-06-18T03:34:58.598056123Z: [    1.353764] wmi: Mapper loaded
[STDERR  ] 2017-06-18T03:34:58.598058855Z: [    1.355024] PCI: Using ACPI for IRQ routing
[STDERR  ] 2017-06-18T03:34:58.598066347Z: [    1.372534] NetLabel: Initializing
[STDERR  ] 2017-06-18T03:34:58.598071523Z: [    1.372931] NetLabel:  domain hash size = 128
[STDERR  ] 2017-06-18T03:34:58.598076702Z: [    1.373340] NetLabel:  protocols = UNLABELED CIPSOv4
[STDERR  ] 2017-06-18T03:34:58.598082025Z: [    1.375482] NetLabel:  unlabeled traffic allowed by default
[STDERR  ] 2017-06-18T03:34:58.598087528Z: [    1.377253] HPET: 3 timers in total, 0 timers will be used for per-cpu timer
[STDERR  ] 2017-06-18T03:34:58.598092935Z: [    1.378260] hpet0: at MMIO 0xfed00000, IRQs 2, 8, 0
[STDERR  ] 2017-06-18T03:34:58.59809829Z: [    1.378937] hpet0: 3 comparators, 64-bit 100.000000 MHz counter
[STDERR  ] 2017-06-18T03:34:58.598101073Z: [    1.384608] clocksource: Switched to clocksource hpet
[STDERR  ] 2017-06-18T03:34:58.598105973Z: [    1.650747] VFS: Disk quotas dquot_6.6.0
[STDERR  ] 2017-06-18T03:34:58.598113523Z: [    1.651785] VFS: Dquot-cache hash table entries: 512 (order 0, 4096 bytes)
[STDERR  ] 2017-06-18T03:34:58.598118486Z: [    1.654703] FS-Cache: Loaded
[STDERR  ] 2017-06-18T03:34:58.598123447Z: [    1.659641] CacheFiles: Loaded
[STDERR  ] 2017-06-18T03:34:58.598128392Z: [    1.661648] pnp: PnP ACPI init
[STDERR  ] 2017-06-18T03:34:58.598133222Z: [    1.673538] pnp: PnP ACPI: found 5 devices
[STDERR  ] 2017-06-18T03:34:58.598138193Z: [    1.722290] clocksource: acpi_pm: mask: 0xffffff max_cycles: 0xffffff, max_idle_ns: 2085701024 ns
[STDERR  ] 2017-06-18T03:34:58.598143327Z: [    1.725592] NET: Registered protocol family 2
[STDERR  ] 2017-06-18T03:34:58.598148357Z: [    1.733246] TCP established hash table entries: 8192 (order: 4, 65536 bytes)
[STDERR  ] 2017-06-18T03:34:58.598153348Z: [    1.734375] TCP bind hash table entries: 8192 (order: 5, 131072 bytes)
[STDERR  ] 2017-06-18T03:34:58.598156026Z: [    1.735688] TCP: Hash tables configured (established 8192 bind 8192)
[STDERR  ] 2017-06-18T03:34:58.598161188Z: [    1.737397] UDP hash table entries: 512 (order: 2, 16384 bytes)
[STDERR  ] 2017-06-18T03:34:58.598175852Z: [    1.738211] UDP-Lite hash table entries: 512 (order: 2, 16384 bytes)
[STDERR  ] 2017-06-18T03:34:58.59818118Z: [    1.741047] NET: Registered protocol family 1
[STDERR  ] 2017-06-18T03:34:58.598190507Z: [    1.744705] RPC: Registered named UNIX socket transport module.
[STDERR  ] 2017-06-18T03:34:58.59820107Z: [    1.745340] RPC: Registered udp transport module.
[STDERR  ] 2017-06-18T03:34:58.598220582Z: [    1.745789] RPC: Registered tcp transport module.
[STDERR  ] 2017-06-18T03:34:58.598225942Z: [    1.746232] RPC: Registered tcp NFSv4.1 backchannel transport module.
[STDERR  ] 2017-06-18T03:34:58.598231392Z: [    1.747320] pci 0000:00:01.0: Video device with shadowed ROM at [mem 0x000c0000-0x000dffff]
[STDERR  ] 2017-06-18T03:34:58.59823411Z: [    1.755053] Unpacking initramfs...
[STDERR  ] 2017-06-18T03:34:58.598239746Z: [    9.291865] Freeing initrd memory: 38792K (ffff96a5fd9ee000 - ffff96a5fffd0000)
[STDERR  ] 2017-06-18T03:34:58.598255788Z: [    9.315668] PCLMULQDQ-NI instructions are not detected.
[STDERR  ] 2017-06-18T03:34:58.598258605Z: [    9.317240] AVX or AES-NI instructions are not detected.
[STDERR  ] 2017-06-18T03:34:58.598263923Z: [    9.317921] CPU feature 'AVX registers' is not supported.
[STDERR  ] 2017-06-18T03:34:58.598271472Z: [    9.318474] CPU feature 'AVX registers' is not supported.
[STDERR  ] 2017-06-18T03:34:58.598276738Z: [    9.319084] CPU feature 'AVX registers' is not supported.
[STDERR  ] 2017-06-18T03:34:58.59827959Z: [    9.319632] CPU feature 'AVX registers' is not supported.
[STDERR  ] 2017-06-18T03:34:58.598284762Z: [    9.320621] AVX2 or AES-NI instructions are not detected.
[STDERR  ] 2017-06-18T03:34:58.598292623Z: [    9.321170] AVX2 instructions are not detected.
[STDERR  ] 2017-06-18T03:34:58.59829537Z: [    9.329250] audit: initializing netlink subsys (disabled)
[STDERR  ] 2017-06-18T03:34:58.598300505Z: [    9.332252] audit: type=2000 audit(1497756874.330:1): initialized
[STDERR  ] 2017-06-18T03:34:58.598308078Z: [    9.339280] workingset: timestamp_bits=46 max_order=18 bucket_order=0
[STDERR  ] 2017-06-18T03:34:58.598313198Z: [    9.345010] FS-Cache: Netfs 'nfs' registered for caching
[STDERR  ] 2017-06-18T03:34:58.598317898Z: [    9.347283] NFS: Registering the id_resolver key type
[STDERR  ] 2017-06-18T03:34:58.598323283Z: [    9.348730] Key type id_resolver registered
[STDERR  ] 2017-06-18T03:34:58.59833075Z: [    9.349179] Key type id_legacy registered
[STDERR  ] 2017-06-18T03:34:58.598335815Z: [    9.349789] nfs4filelayout_init: NFSv4 File Layout Driver Registering...
[STDERR  ] 2017-06-18T03:34:58.598338556Z: [    9.351329] Installing knfsd (copyright (C) 1996 okir@monad.swb.de).
[STDERR  ] 2017-06-18T03:34:58.598343332Z: [    9.354971] FS-Cache: Netfs 'cifs' registered for caching
[STDERR  ] 2017-06-18T03:34:58.598350686Z: [    9.356164] ntfs: driver 2.1.32 [Flags: R/O].
[STDERR  ] 2017-06-18T03:34:58.598355806Z: [    9.356907] fuse init (API version 7.26)
[STDERR  ] 2017-06-18T03:34:58.59836338Z: [    9.359357] SGI XFS with ACLs, security attributes, no debug enabled
[STDERR  ] 2017-06-18T03:34:58.59836852Z: [    9.363800] 9p: Installing v9fs 9p2000 file system support
[STDERR  ] 2017-06-18T03:34:58.59837367Z: [    9.364626] FS-Cache: Netfs '9p' registered for caching
[STDERR  ] 2017-06-18T03:34:58.598378867Z: [    9.398606] NET: Registered protocol family 38
[STDERR  ] 2017-06-18T03:34:58.598381627Z: [    9.399525] Key type asymmetric registered
[STDERR  ] 2017-06-18T03:34:58.598386907Z: [    9.399976] Asymmetric key parser 'x509' registered
[STDERR  ] 2017-06-18T03:34:58.598394473Z: [    9.401794] Block layer SCSI generic (bsg) driver version 0.4 loaded (major 251)
[STDERR  ] 2017-06-18T03:34:58.598399497Z: [    9.403388] io scheduler noop registered
[STDERR  ] 2017-06-18T03:34:58.598404868Z: [    9.403838] io scheduler deadline registered (default)
[STDERR  ] 2017-06-18T03:34:58.59840751Z: [    9.404647] io scheduler cfq registered
[STDERR  ] 2017-06-18T03:34:58.598418802Z: [    9.407460] pci_hotplug: PCI Hot Plug PCI Core version: 0.5
[STDERR  ] 2017-06-18T03:34:58.598427366Z: [    9.408308] pciehp: PCI Express Hot Plug Controller Driver version: 0.4
[STDERR  ] 2017-06-18T03:34:58.598432703Z: [    9.409477] shpchp: Standard Hot Plug PCI Controller Driver version: 0.4
[STDERR  ] 2017-06-18T03:34:58.598437695Z: [    9.411454] hv_vmbus: registering driver hyperv_fb
[STDERR  ] 2017-06-18T03:34:58.598442762Z: [    9.414798] input: Power Button as /devices/LNXSYSTM:00/LNXPWRBN:00/input/input0
[STDERR  ] 2017-06-18T03:34:58.598447882Z: [    9.416170] ACPI: Power Button [PWRF]
[STDERR  ] 2017-06-18T03:34:58.5984505Z: [    9.421528] GHES: HEST is not enabled!
[STDERR  ] 2017-06-18T03:34:58.598458157Z: [    9.432815] ACPI: PCI Interrupt Link [GSIH] enabled at IRQ 23
[STDERR  ] 2017-06-18T03:34:58.598463402Z: [    9.439676] xenfs: not registering filesystem on non-xen platform
[STDERR  ] 2017-06-18T03:34:58.598471676Z: [    9.442746] Serial: 8250/16550 driver, 4 ports, IRQ sharing disabled
[STDERR  ] 2017-06-18T03:34:58.59847673Z: [    9.469367] 00:04: ttyS0 at I/O 0x3f8 (irq = 4, base_baud = 115200) is a 16550A
[STDERR  ] 2017-06-18T03:34:58.598481873Z: [    9.477155] Initializing Nozomi driver 2.1d
[STDERR  ] 2017-06-18T03:34:58.598486957Z: [    9.481795] Non-volatile memory driver v1.3
[STDERR  ] 2017-06-18T03:34:58.598489755Z: [    9.487857] Hangcheck: starting hangcheck timer 0.9.1 (tick is 180 seconds, margin is 60 seconds).
[STDERR  ] 2017-06-18T03:34:58.598501638Z: [    9.525800] loop: module loaded
[STDERR  ] 2017-06-18T03:34:58.598504538Z: [    9.541005] nbd: registered device at major 43
[STDERR  ] 2017-06-18T03:34:58.598512056Z: [    9.583406] lpc_ich 0000:00:1f.0: I/O space for GPIO uninitialized
[STDERR  ] 2017-06-18T03:34:58.598517162Z: [    9.585547] VMware PVSCSI driver - version 1.0.7.0-k
[STDERR  ] 2017-06-18T03:34:58.598522357Z: [    9.586501] hv_vmbus: registering driver hv_storvsc
[STDERR  ] 2017-06-18T03:34:58.598527516Z: [    9.596724] ACPI: PCI Interrupt Link [GSIA] enabled at IRQ 16
[STDERR  ] 2017-06-18T03:34:58.598532665Z: [    9.603483] ahci 0000:00:1f.2: AHCI 0001.0000 32 slots 6 ports 1.5 Gbps 0x3f impl SATA mode
[STDERR  ] 2017-06-18T03:34:58.598538015Z: [    9.604518] ahci 0000:00:1f.2: flags: 64bit ncq only 
[STDERR  ] 2017-06-18T03:34:58.598544518Z: [    9.625034] scsi host0: ahci
[STDERR  ] 2017-06-18T03:34:58.59854754Z: [    9.629055] scsi host1: ahci
[STDERR  ] 2017-06-18T03:34:58.598555762Z: [    9.631752] scsi host2: ahci
[STDERR  ] 2017-06-18T03:34:58.59855838Z: [    9.634324] scsi host3: ahci
[STDERR  ] 2017-06-18T03:34:58.598565846Z: [    9.636661] scsi host4: ahci
[STDERR  ] 2017-06-18T03:34:58.598572986Z: [    9.639045] scsi host5: ahci
[STDERR  ] 2017-06-18T03:34:58.598581043Z: [    9.641245] ata1: SATA max UDMA/133 abar m4096@0xfebf1000 port 0xfebf1100 irq 24
[STDERR  ] 2017-06-18T03:34:58.598585248Z: [    9.642006] ata2: SATA max UDMA/133 abar m4096@0xfebf1000 port 0xfebf1180 irq 24
[STDERR  ] 2017-06-18T03:34:58.598593413Z: [    9.642685] ata3: SATA max UDMA/133 abar m4096@0xfebf1000 port 0xfebf1200 irq 24
[STDERR  ] 2017-06-18T03:34:58.59860664Z: [    9.643351] ata4: SATA max UDMA/133 abar m4096@0xfebf1000 port 0xfebf1280 irq 24
[STDERR  ] 2017-06-18T03:34:58.598615427Z: [    9.644013] ata5: SATA max UDMA/133 abar m4096@0xfebf1000 port 0xfebf1300 irq 24
[STDERR  ] 2017-06-18T03:34:58.598629315Z: [    9.644672] ata6: SATA max UDMA/133 abar m4096@0xfebf1000 port 0xfebf1380 irq 24
[STDERR  ] 2017-06-18T03:34:58.598637536Z: [    9.654884] Ethernet Channel Bonding Driver: v3.7.1 (April 27, 2011)
[STDERR  ] 2017-06-18T03:34:58.598640932Z: [    9.673673] tun: Universal TUN/TAP device driver, 1.6
[STDERR  ] 2017-06-18T03:34:58.598645976Z: [    9.674291] tun: (C) 1999-2004 Max Krasnyansky <maxk@qualcomm.com>
[STDERR  ] 2017-06-18T03:34:58.598653585Z: [    9.676257] ena: Elastic Network Adapter (ENA) v1.0.2
[STDERR  ] 2017-06-18T03:34:58.598658702Z: [    9.678258] e1000: Intel(R) PRO/1000 Network Driver - version 7.3.21-k8-NAPI
[STDERR  ] 2017-06-18T03:34:58.5986616Z: [    9.678932] e1000: Copyright (c) 1999-2006 Intel Corporation.
[STDERR  ] 2017-06-18T03:34:58.598673828Z: [    9.686941] ACPI: PCI Interrupt Link [GSIG] enabled at IRQ 22
[STDERR  ] 2017-06-18T03:34:58.59867663Z: [    9.974960] ata1: SATA link down (SStatus 0 SControl 300)
[STDERR  ] 2017-06-18T03:34:58.598684095Z: [    9.984678] ata5: SATA link down (SStatus 0 SControl 300)
[STDERR  ] 2017-06-18T03:34:58.598689243Z: [    9.985577] ata4: SATA link down (SStatus 0 SControl 300)
[STDERR  ] 2017-06-18T03:34:58.598692018Z: [    9.986659] ata3: SATA link up 1.5 Gbps (SStatus 113 SControl 300)
[STDERR  ] 2017-06-18T03:34:58.598699528Z: [    9.990350] ata3.00: ATAPI: QEMU DVD-ROM, 2.5+, max UDMA/100
[STDERR  ] 2017-06-18T03:34:58.598702205Z: [    9.990994] ata3.00: applying bridge limits
[STDERR  ] 2017-06-18T03:34:58.598709895Z: [    9.992414] ata2: SATA link down (SStatus 0 SControl 300)
[STDERR  ] 2017-06-18T03:34:58.598721375Z: [    9.993150] ata6: SATA link down (SStatus 0 SControl 300)
[STDERR  ] 2017-06-18T03:34:58.598734766Z: [    9.998960] ata3.00: configured for UDMA/100
[STDERR  ] 2017-06-18T03:34:58.598742013Z: [   10.011825] scsi 2:0:0:0: CD-ROM            QEMU     QEMU DVD-ROM     2.5+ PQ: 0 ANSI: 5
[STDERR  ] 2017-06-18T03:34:58.598750503Z: [   10.032824] sr 2:0:0:0: [sr0] scsi3-mmc drive: 4x/4x cd/rw xa/form2 tray
[STDERR  ] 2017-06-18T03:34:58.598759962Z: [   10.033954] cdrom: Uniform CD-ROM driver Revision: 3.20
[STDERR  ] 2017-06-18T03:34:58.598762827Z: [   10.040851] sr 2:0:0:0: Attached scsi generic sg0 type 5
[STDERR  ] 2017-06-18T03:34:58.598770267Z: [   10.063973] e1000 0000:00:02.0 eth0: (PCI:33MHz:32-bit) 52:54:00:12:34:56
[STDERR  ] 2017-06-18T03:34:58.598773908Z: [   10.064825] e1000 0000:00:02.0 eth0: Intel(R) PRO/1000 Network Connection
[STDERR  ] 2017-06-18T03:34:58.598788707Z: [   10.066183] e1000e: Intel(R) PRO/1000 Network Driver - 3.2.6-k
[STDERR  ] 2017-06-18T03:34:58.598795737Z: [   10.066743] e1000e: Copyright(c) 1999 - 2015 Intel Corporation.
[STDERR  ] 2017-06-18T03:34:58.598803546Z: [   10.067757] igb: Intel(R) Gigabit Ethernet Network Driver - version 5.4.0-k
[STDERR  ] 2017-06-18T03:34:58.598808833Z: [   10.068399] igb: Copyright (c) 2007-2014 Intel Corporation.
[STDERR  ] 2017-06-18T03:34:58.598814406Z: [   10.069355] igbvf: Intel(R) Gigabit Virtual Function Network Driver - version 2.4.0-k
[STDERR  ] 2017-06-18T03:34:58.59881964Z: [   10.070436] igbvf: Copyright (c) 2009 - 2012 Intel Corporation.
[STDERR  ] 2017-06-18T03:34:58.598830718Z: [   10.071555] ixgbe: Intel(R) 10 Gigabit PCI Express Network Driver - version 4.4.0-k
[STDERR  ] 2017-06-18T03:34:58.598836046Z: [   10.072302] ixgbe: Copyright (c) 1999-2016 Intel Corporation.
[STDERR  ] 2017-06-18T03:34:58.598838637Z: [   10.074090] ixgbevf: Intel(R) 10 Gigabit PCI Express Virtual Function Network Driver - version 3.2.2-k
[STDERR  ] 2017-06-18T03:34:58.598843665Z: [   10.074949] ixgbevf: Copyright (c) 2009 - 2015 Intel Corporation.
[STDERR  ] 2017-06-18T03:34:58.59885512Z: [   10.076536] ixgb: Intel(R) PRO/10GbE Network Driver - version 1.0.135-k2-NAPI
[STDERR  ] 2017-06-18T03:34:58.598857875Z: [   10.077211] ixgb: Copyright (c) 1999-2008 Intel Corporation.
[STDERR  ] 2017-06-18T03:34:58.598865368Z: [   10.078495] PPP generic driver version 2.4.2
[STDERR  ] 2017-06-18T03:34:58.59886812Z: [   10.080420] PPP BSD Compression module registered
[STDERR  ] 2017-06-18T03:34:58.598875663Z: [   10.080942] PPP Deflate Compression module registered
[STDERR  ] 2017-06-18T03:34:58.598880878Z: [   10.081830] PPP MPPE Compression module registered
[STDERR  ] 2017-06-18T03:34:58.5988853Z: [   10.082368] NET: Registered protocol family 24
[STDERR  ] 2017-06-18T03:34:58.598892805Z: [   10.083137] PPTP driver version 0.8.5
[STDERR  ] 2017-06-18T03:34:58.598895312Z: [   10.084312] VMware vmxnet3 virtual NIC driver - version 1.4.a.0-k-NAPI
[STDERR  ] 2017-06-18T03:34:58.598903033Z: [   10.085427] hv_vmbus: registering driver hv_netvsc
[STDERR  ] 2017-06-18T03:34:58.598908293Z: [   10.085926] Fusion MPT base driver 3.04.20
[STDERR  ] 2017-06-18T03:34:58.598911013Z: [   10.086323] Copyright (c) 1999-2008 LSI Corporation
[STDERR  ] 2017-06-18T03:34:58.598922535Z: [   10.087092] Fusion MPT SPI Host driver 3.04.20
[STDERR  ] 2017-06-18T03:34:58.598927692Z: [   10.093123] aoe: AoE v85 initialised.
[STDERR  ] 2017-06-18T03:34:58.59893169Z: [   10.095827] i8042: PNP: PS/2 Controller [PNP0303:KBD,PNP0f13:MOU] at 0x60,0x64 irq 1,12
[STDERR  ] 2017-06-18T03:34:58.598939555Z: [   10.099977] serio: i8042 KBD port at 0x60,0x64 irq 1
[STDERR  ] 2017-06-18T03:34:58.598944675Z: [   10.101164] serio: i8042 AUX port at 0x60,0x64 irq 12
[STDERR  ] 2017-06-18T03:34:58.59894976Z: [   10.104478] hv_vmbus: registering driver hyperv_keyboard
[STDERR  ] 2017-06-18T03:34:58.598954882Z: [   10.106868] mousedev: PS/2 mouse device common for all mice
[STDERR  ] 2017-06-18T03:34:58.598960816Z: [   10.112104] input: AT Translated Set 2 keyboard as /devices/platform/i8042/serio0/input/input1
[STDERR  ] 2017-06-18T03:34:58.598969142Z: [   10.115275] input: PC Speaker as /devices/platform/pcspkr/input/input2
[STDERR  ] 2017-06-18T03:34:58.59897207Z: [   10.118927] rtc_cmos 00:00: RTC can wake from S4
[STDERR  ] 2017-06-18T03:34:58.59897937Z: [   10.122611] rtc_cmos 00:00: rtc core: registered rtc_cmos as rtc0
[STDERR  ] 2017-06-18T03:34:58.598984462Z: [   10.123964] rtc_cmos 00:00: alarms up to one day, y3k, 114 bytes nvram, hpet irqs
[STDERR  ] 2017-06-18T03:34:58.598987118Z: [   10.124958] i2c /dev entries driver
[STDERR  ] 2017-06-18T03:34:58.598994807Z: [   10.126991] device-mapper: ioctl: 4.35.0-ioctl (2016-06-23) initialised: dm-devel@redhat.com
[STDERR  ] 2017-06-18T03:34:58.599004352Z: [   10.132106] hv_utils: Registering HyperV Utility Driver
[STDERR  ] 2017-06-18T03:34:58.599009453Z: [   10.132647] hv_vmbus: registering driver hv_util
[STDERR  ] 2017-06-18T03:34:58.599014622Z: [   10.133092] hv_vmbus: registering driver hv_balloon
[STDERR  ] 2017-06-18T03:34:58.599019726Z: [   10.133838] oprofile: using NMI interrupt.
[STDERR  ] 2017-06-18T03:34:58.599024856Z: [   10.135112] GACT probability on
[STDERR  ] 2017-06-18T03:34:58.599030088Z: [   10.135733] Mirror/redirect action on
[STDERR  ] 2017-06-18T03:34:58.599035108Z: [   10.136762] Simple TC action Loaded
[STDERR  ] 2017-06-18T03:34:58.59904032Z: [   10.140594] netem: version 1.3
[STDERR  ] 2017-06-18T03:34:58.599045526Z: [   10.140972] u32 classifier
[STDERR  ] 2017-06-18T03:34:58.59905068Z: [   10.141245]     Performance counters on
[STDERR  ] 2017-06-18T03:34:58.599055897Z: [   10.141633]     input device check on
[STDERR  ] 2017-06-18T03:34:58.59905848Z: [   10.141995]     Actions configured
[STDERR  ] 2017-06-18T03:34:58.599065805Z: [   10.142731] Netfilter messages via NETLINK v0.30.
[STDERR  ] 2017-06-18T03:34:58.59906842Z: [   10.143521] nfnl_acct: registering with nfnetlink.
[STDOUT  ] 2017-06-18T03:34:58.599132348Z: [    0.000000] Linux version 4.9.32-linuxkit (root@9ac68176ac52) (gcc version 6.3.0 (Alpine 6.3.0) ) #1 SMP Thu Jun 15 20:49:23 UTC 2017
[STDOUT  ] 2017-06-18T03:34:58.601055828Z: [    0.000000] Command line: console=ttyS0 page_poison=1
[STDOUT  ] 2017-06-18T03:34:58.601062593Z: [    0.000000] x86/fpu: Legacy x87 FPU detected.
[STDOUT  ] 2017-06-18T03:34:58.601067886Z: [    0.000000] x86/fpu: Using 'eager' FPU context switches.
[STDOUT  ] 2017-06-18T03:34:58.601073046Z: [    0.000000] e820: BIOS-provided physical RAM map:
[STDOUT  ] 2017-06-18T03:34:58.601076188Z: [    0.000000] BIOS-e820: [mem 0x0000000000000000-0x000000000009fbff] usable
[STDOUT  ] 2017-06-18T03:34:58.60108471Z: [    0.000000] BIOS-e820: [mem 0x000000000009fc00-0x000000000009ffff] reserved
[STDOUT  ] 2017-06-18T03:34:58.601090066Z: [    0.000000] BIOS-e820: [mem 0x00000000000f0000-0x00000000000fffff] reserved
[STDOUT  ] 2017-06-18T03:34:58.601100131Z: [    0.000000] BIOS-e820: [mem 0x0000000000100000-0x000000003ffdefff] usable
[STDOUT  ] 2017-06-18T03:34:58.601107918Z: [    0.000000] BIOS-e820: [mem 0x000000003ffdf000-0x000000003fffffff] reserved
[STDOUT  ] 2017-06-18T03:34:58.601113624Z: [    0.000000] BIOS-e820: [mem 0x00000000b0000000-0x00000000bfffffff] reserved
[STDOUT  ] 2017-06-18T03:34:58.601116685Z: [    0.000000] BIOS-e820: [mem 0x00000000fed1c000-0x00000000fed1ffff] reserved
[STDOUT  ] 2017-06-18T03:34:58.601126505Z: [    0.000000] BIOS-e820: [mem 0x00000000fffc0000-0x00000000ffffffff] reserved
[STDOUT  ] 2017-06-18T03:34:58.601142555Z: [    0.000000] NX (Execute Disable) protection: active
[STDOUT  ] 2017-06-18T03:34:58.601148021Z: [    0.000000] SMBIOS 2.8 present.
[STDOUT  ] 2017-06-18T03:34:58.601150855Z: [    0.000000] e820: last_pfn = 0x3ffdf max_arch_pfn = 0x400000000
[STDOUT  ] 2017-06-18T03:34:58.601158388Z: [    0.000000] x86/PAT: Configuration [0-7]: WB  WC  UC- UC  WB  WC  UC- WT  
[STDOUT  ] 2017-06-18T03:34:58.601161076Z: [    0.000000] found SMP MP-table at [mem 0x000f6aa0-0x000f6aaf] mapped at [ffff96a5c00f6aa0]
[STDOUT  ] 2017-06-18T03:34:58.601169418Z: [    0.000000] RAMDISK: [mem 0x3d9ee000-0x3ffcffff]
[STDOUT  ] 2017-06-18T03:34:58.601177625Z: [    0.000000] ACPI: Early table checksum verification disabled
[STDOUT  ] 2017-06-18T03:34:58.601182935Z: [    0.000000] ACPI: RSDP 0x00000000000F68C0 000014 (v00 BOCHS )
[STDOUT  ] 2017-06-18T03:34:58.601192085Z: [    0.000000] ACPI: RSDT 0x000000003FFE2404 000034 (v01 BOCHS  BXPCRSDT 00000001 BXPC 00000001)
[STDOUT  ] 2017-06-18T03:34:58.601195016Z: [    0.000000] ACPI: FACP 0x000000003FFE22A4 000074 (v01 BOCHS  BXPCFACP 00000001 BXPC 00000001)
[STDOUT  ] 2017-06-18T03:34:58.60120004Z: [    0.000000] ACPI: DSDT 0x000000003FFE0040 002264 (v01 BOCHS  BXPCDSDT 00000001 BXPC 00000001)
[STDOUT  ] 2017-06-18T03:34:58.601224165Z: [    0.000000] ACPI: FACS 0x000000003FFE0000 000040
[STDOUT  ] 2017-06-18T03:34:58.601229361Z: [    0.000000] ACPI: APIC 0x000000003FFE2318 000078 (v01 BOCHS  BXPCAPIC 00000001 BXPC 00000001)
[STDOUT  ] 2017-06-18T03:34:58.601234695Z: [    0.000000] ACPI: HPET 0x000000003FFE2390 000038 (v01 BOCHS  BXPCHPET 00000001 BXPC 00000001)
[STDOUT  ] 2017-06-18T03:34:58.601239874Z: [    0.000000] ACPI: MCFG 0x000000003FFE23C8 00003C (v01 BOCHS  BXPCMCFG 00000001 BXPC 00000001)
[STDOUT  ] 2017-06-18T03:34:58.601242756Z: [    0.000000] Zone ranges:
[STDOUT  ] 2017-06-18T03:34:58.601248021Z: [    0.000000]   DMA      [mem 0x0000000000001000-0x0000000000ffffff]
[STDOUT  ] 2017-06-18T03:34:58.60125572Z: [    0.000000]   DMA32    [mem 0x0000000001000000-0x000000003ffdefff]
[STDOUT  ] 2017-06-18T03:34:58.601261058Z: [    0.000000]   Normal   empty
[STDOUT  ] 2017-06-18T03:34:58.601266343Z: [    0.000000] Movable zone start for each node
[STDOUT  ] 2017-06-18T03:34:58.601271425Z: [    0.000000] Early memory node ranges
[STDOUT  ] 2017-06-18T03:34:58.60127643Z: [    0.000000]   node   0: [mem 0x0000000000001000-0x000000000009efff]
[STDOUT  ] 2017-06-18T03:34:58.60128151Z: [    0.000000]   node   0: [mem 0x0000000000100000-0x000000003ffdefff]
[STDOUT  ] 2017-06-18T03:34:58.601286433Z: [    0.000000] Initmem setup node 0 [mem 0x0000000000001000-0x000000003ffdefff]
[STDOUT  ] 2017-06-18T03:34:58.601291406Z: [    0.000000] ACPI: PM-Timer IO Port: 0x608
[STDOUT  ] 2017-06-18T03:34:58.601294126Z: [    0.000000] ACPI: LAPIC_NMI (acpi_id[0xff] dfl dfl lint[0x1])
[STDOUT  ] 2017-06-18T03:34:58.601299278Z: [    0.000000] IOAPIC[0]: apic_id 0, version 32, address 0xfec00000, GSI 0-23
[STDOUT  ] 2017-06-18T03:34:58.601306813Z: [    0.000000] ACPI: INT_SRC_OVR (bus 0 bus_irq 0 global_irq 2 dfl dfl)
[STDOUT  ] 2017-06-18T03:34:58.60131313Z: [    0.000000] ACPI: INT_SRC_OVR (bus 0 bus_irq 5 global_irq 5 high level)
[STDOUT  ] 2017-06-18T03:34:58.601318133Z: [    0.000000] ACPI: INT_SRC_OVR (bus 0 bus_irq 9 global_irq 9 high level)
[STDOUT  ] 2017-06-18T03:34:58.601323115Z: [    0.000000] ACPI: INT_SRC_OVR (bus 0 bus_irq 10 global_irq 10 high level)
[STDOUT  ] 2017-06-18T03:34:58.601332445Z: [    0.000000] ACPI: INT_SRC_OVR (bus 0 bus_irq 11 global_irq 11 high level)
[STDOUT  ] 2017-06-18T03:34:58.601335225Z: [    0.000000] Using ACPI (MADT) for SMP configuration information
[STDOUT  ] 2017-06-18T03:34:58.601340175Z: [    0.000000] ACPI: HPET id: 0x8086a201 base: 0xfed00000
[STDOUT  ] 2017-06-18T03:34:58.601347654Z: [    0.000000] smpboot: Allowing 1 CPUs, 0 hotplug CPUs
[STDOUT  ] 2017-06-18T03:34:58.601355535Z: [    0.000000] e820: [mem 0x40000000-0xafffffff] available for PCI devices
[STDOUT  ] 2017-06-18T03:34:58.601360916Z: [    0.000000] Booting paravirtualized kernel on bare hardware
[STDOUT  ] 2017-06-18T03:34:58.601366814Z: [    0.000000] clocksource: refined-jiffies: mask: 0xffffffff max_cycles: 0xffffffff, max_idle_ns: 19112604462750000 ns
[STDOUT  ] 2017-06-18T03:34:58.601372195Z: [    0.000000] setup_percpu: NR_CPUS:128 nr_cpumask_bits:128 nr_cpu_ids:1 nr_node_ids:1
[STDOUT  ] 2017-06-18T03:34:58.60137482Z: [    0.000000] percpu: Embedded 35 pages/cpu @ffff96a5fd600000 s105240 r8192 d29928 u2097152
[STDOUT  ] 2017-06-18T03:34:58.601379606Z: [    0.000000] Built 1 zonelists in Zone order, mobility grouping on.  Total pages: 257896
[STDOUT  ] 2017-06-18T03:34:58.60139153Z: [    0.000000] Kernel command line: console=ttyS0 page_poison=1
[STDOUT  ] 2017-06-18T03:34:58.601401986Z: [    0.000000] PID hash table entries: 4096 (order: 3, 32768 bytes)
[STDOUT  ] 2017-06-18T03:34:58.601407231Z: [    0.000000] Dentry cache hash table entries: 131072 (order: 8, 1048576 bytes)
[STDOUT  ] 2017-06-18T03:34:58.601412321Z: [    0.000000] Inode-cache hash table entries: 65536 (order: 7, 524288 bytes)
[STDOUT  ] 2017-06-18T03:34:58.601418525Z: [    0.000000] Memory: 972988K/1048052K available (9526K kernel code, 1595K rwdata, 3120K rodata, 1456K init, 604K bss, 75064K reserved, 0K cma-reserved)
[STDOUT  ] 2017-06-18T03:34:58.601421865Z: [    0.000000] Hierarchical RCU implementation.
[STDOUT  ] 2017-06-18T03:34:58.601426883Z: [    0.000000] 	Build-time adjustment of leaf fanout to 64.
[STDOUT  ] 2017-06-18T03:34:58.601434733Z: [    0.000000] 	RCU restricting CPUs from NR_CPUS=128 to nr_cpu_ids=1.
[STDOUT  ] 2017-06-18T03:34:58.601437615Z: [    0.000000] RCU: Adjusting geometry for rcu_fanout_leaf=64, nr_cpu_ids=1
[STDOUT  ] 2017-06-18T03:34:58.60144901Z: [    0.000000] NR_IRQS:8448 nr_irqs:256 16
[STDOUT  ] 2017-06-18T03:34:58.601451566Z: [    0.000000] Console: colour VGA+ 80x25
[STDOUT  ] 2017-06-18T03:34:58.601459414Z: [    0.000000] console [ttyS0] enabled
[STDOUT  ] 2017-06-18T03:34:58.60146476Z: [    0.000000] allocated 2097152 bytes of page_ext
[STDOUT  ] 2017-06-18T03:34:58.601470301Z: [    0.000000] clocksource: hpet: mask: 0xffffffff max_cycles: 0xffffffff, max_idle_ns: 19112604467 ns
[STDOUT  ] 2017-06-18T03:34:58.60147581Z: [    0.000000] tsc: Fast TSC calibration failed
[STDOUT  ] 2017-06-18T03:34:58.60148124Z: [    0.000000] tsc: Unable to calibrate against PIT
[STDOUT  ] 2017-06-18T03:34:58.601483975Z: [    0.000000] tsc: using HPET reference calibration
[STDOUT  ] 2017-06-18T03:34:58.601491691Z: [    0.000000] tsc: Detected 2600.050 MHz processor
[STDOUT  ] 2017-06-18T03:34:58.601497004Z: [    0.051325] Calibrating delay loop (skipped), value calculated using timer frequency.. 5200.10 BogoMIPS (lpj=26000500)
[STDOUT  ] 2017-06-18T03:34:58.601502925Z: [    0.052831] pid_max: default: 32768 minimum: 301
[STDOUT  ] 2017-06-18T03:34:58.601508175Z: [    0.061242] ACPI: Core revision 20160831
[STDOUT  ] 2017-06-18T03:34:58.601513201Z: [    0.104521] ACPI: 1 ACPI AML tables successfully acquired and loaded
[STDOUT  ] 2017-06-18T03:34:58.601518264Z: [    0.108142] Security Framework initialized
[STDOUT  ] 2017-06-18T03:34:58.601523205Z: [    0.108646] Yama: becoming mindful.
[STDOUT  ] 2017-06-18T03:34:58.601525683Z: [    0.110851] Mount-cache hash table entries: 2048 (order: 2, 16384 bytes)
[STDOUT  ] 2017-06-18T03:34:58.601533095Z: [    0.111610] Mountpoint-cache hash table entries: 2048 (order: 2, 16384 bytes)
[STDOUT  ] 2017-06-18T03:34:58.601538424Z: [    0.130191] Last level iTLB entries: 4KB 0, 2MB 0, 4MB 0
[STDOUT  ] 2017-06-18T03:34:58.601543574Z: [    0.130806] Last level dTLB entries: 4KB 0, 2MB 0, 4MB 0, 1GB 0
[STDOUT  ] 2017-06-18T03:34:58.601553854Z: [    0.495587] Freeing SMP alternatives memory: 24K (ffffffffbf0fc000 - ffffffffbf102000)
[STDOUT  ] 2017-06-18T03:34:58.601556614Z: [    0.505571] ftrace: allocating 41868 entries in 164 pages
[STDOUT  ] 2017-06-18T03:34:58.601563723Z: [    0.700920] smpboot: Max logical packages: 1
[STDOUT  ] 2017-06-18T03:34:58.601571076Z: [    0.706360] ..TIMER: vector=0x30 apic1=0 pin1=2 apic2=-1 pin2=-1
[STDOUT  ] 2017-06-18T03:34:58.601576551Z: [    0.810000] smpboot: CPU0: AMD QEMU Virtual CPU version 2.5+ (family: 0x6, model: 0x6, stepping: 0x3)
[STDOUT  ] 2017-06-18T03:34:58.60157938Z: [    0.810000] Performance Events: PMU not available due to virtualization, using software events only.
[STDOUT  ] 2017-06-18T03:34:58.601587001Z: [    0.819553] NMI watchdog: disabled (cpu0): hardware events not enabled
[STDOUT  ] 2017-06-18T03:34:58.601592115Z: [    0.820098] NMI watchdog: Shutting down hard lockup detector on all cpus
[STDOUT  ] 2017-06-18T03:34:58.601597386Z: [    0.822846] x86: Booted up 1 node, 1 CPUs
[STDOUT  ] 2017-06-18T03:34:58.601602395Z: [    0.823339] smpboot: Total of 1 processors activated (5200.10 BogoMIPS)
[STDOUT  ] 2017-06-18T03:34:58.601609891Z: [    0.837498] devtmpfs: initialized
[STDOUT  ] 2017-06-18T03:34:58.601620241Z: [    0.842958] x86/mm: Memory block size: 128MB
[STDOUT  ] 2017-06-18T03:34:58.601625913Z: [    0.903483] clocksource: jiffies: mask: 0xffffffff max_cycles: 0xffffffff, max_idle_ns: 19112604462750000 ns
[STDOUT  ] 2017-06-18T03:34:58.601631296Z: [    0.904874] futex hash table entries: 256 (order: 2, 16384 bytes)
[STDOUT  ] 2017-06-18T03:34:58.601634031Z: [    0.913859] NET: Registered protocol family 16
[STDOUT  ] 2017-06-18T03:34:58.601638995Z: [    0.923426] cpuidle: using governor ladder
[STDOUT  ] 2017-06-18T03:34:58.601646635Z: [    0.924134] cpuidle: using governor menu
[STDOUT  ] 2017-06-18T03:34:58.601651816Z: [    0.925528] ACPI: bus type PCI registered
[STDOUT  ] 2017-06-18T03:34:58.601657083Z: [    0.928431] PCI: MMCONFIG for domain 0000 [bus 00-ff] at [mem 0xb0000000-0xbfffffff] (base 0xb0000000)
[STDOUT  ] 2017-06-18T03:34:58.601662154Z: [    0.929551] PCI: MMCONFIG at [mem 0xb0000000-0xbfffffff] reserved in E820
[STDOUT  ] 2017-06-18T03:34:58.601667658Z: [    0.931045] PCI: Using configuration type 1 for base access
[STDOUT  ] 2017-06-18T03:34:58.601672718Z: [    0.997787] HugeTLB registered 2 MB page size, pre-allocated 0 pages
[STDOUT  ] 2017-06-18T03:34:58.601675435Z: [    1.010983] ACPI: Added _OSI(Module Device)
[STDOUT  ] 2017-06-18T03:34:58.601683931Z: [    1.011478] ACPI: Added _OSI(Processor Device)
[STDOUT  ] 2017-06-18T03:34:58.601689048Z: [    1.011896] ACPI: Added _OSI(3.0 _SCP Extensions)
[STDOUT  ] 2017-06-18T03:34:58.601694188Z: [    1.012335] ACPI: Added _OSI(Processor Aggregator Device)
[STDOUT  ] 2017-06-18T03:34:58.601696798Z: [    1.085330] ACPI: Interpreter enabled
[STDOUT  ] 2017-06-18T03:34:58.601704373Z: [    1.086502] ACPI: (supports S0 S5)
[STDOUT  ] 2017-06-18T03:34:58.601709503Z: [    1.086910] ACPI: Using IOAPIC for interrupt routing
[STDOUT  ] 2017-06-18T03:34:58.601714566Z: [    1.089086] PCI: Using host bridge windows from ACPI; if necessary, use "pci=nocrs" and report a bug
[STDOUT  ] 2017-06-18T03:34:58.601719748Z: [    1.154360] ACPI: PCI Root Bridge [PCI0] (domain 0000 [bus 00-ff])
[STDOUT  ] 2017-06-18T03:34:58.601724831Z: [    1.155750] acpi PNP0A08:00: _OSC: OS supports [ExtendedConfig ASPM ClockPM Segments MSI]
[STDOUT  ] 2017-06-18T03:34:58.601740586Z: [    1.161839] acpi PNP0A08:00: _OSC: OS now controls [PCIeHotplug PME PCIeCapability]
[STDOUT  ] 2017-06-18T03:34:58.60174825Z: [    1.165826] PCI host bridge to bus 0000:00
[STDOUT  ] 2017-06-18T03:34:58.60175105Z: [    1.166493] pci_bus 0000:00: root bus resource [io  0x0000-0x0cf7 window]
[STDOUT  ] 2017-06-18T03:34:58.601762691Z: [    1.167166] pci_bus 0000:00: root bus resource [io  0x0d00-0xffff window]
[STDOUT  ] 2017-06-18T03:34:58.601767706Z: [    1.167800] pci_bus 0000:00: root bus resource [mem 0x000a0000-0x000bffff window]
[STDOUT  ] 2017-06-18T03:34:58.601773164Z: [    1.168490] pci_bus 0000:00: root bus resource [mem 0xc0000000-0xfebfffff window]
[STDOUT  ] 2017-06-18T03:34:58.601783021Z: [    1.169390] pci_bus 0000:00: root bus resource [bus 00-ff]
[STDOUT  ] 2017-06-18T03:34:58.601791641Z: [    1.257995] pci 0000:00:1f.0: quirk: [io  0x0600-0x067f] claimed by ICH6 ACPI/GPIO/TCO
[STDOUT  ] 2017-06-18T03:34:58.60179439Z: [    1.314726] ACPI: PCI Interrupt Link [LNKA] (IRQs 5 *10 11)
[STDOUT  ] 2017-06-18T03:34:58.601805658Z: [    1.317267] ACPI: PCI Interrupt Link [LNKB] (IRQs 5 *10 11)
[STDOUT  ] 2017-06-18T03:34:58.601811006Z: [    1.319441] ACPI: PCI Interrupt Link [LNKC] (IRQs 5 10 *11)
[STDOUT  ] 2017-06-18T03:34:58.601813671Z: [    1.321770] ACPI: PCI Interrupt Link [LNKD] (IRQs 5 10 *11)
[STDOUT  ] 2017-06-18T03:34:58.60181869Z: [    1.323825] ACPI: PCI Interrupt Link [LNKE] (IRQs 5 *10 11)
[STDOUT  ] 2017-06-18T03:34:58.601826448Z: [    1.325870] ACPI: PCI Interrupt Link [LNKF] (IRQs 5 *10 11)
[STDOUT  ] 2017-06-18T03:34:58.601831515Z: [    1.327921] ACPI: PCI Interrupt Link [LNKG] (IRQs 5 10 *11)
[STDOUT  ] 2017-06-18T03:34:58.601838944Z: [    1.330569] ACPI: PCI Interrupt Link [LNKH] (IRQs 5 10 *11)
[STDOUT  ] 2017-06-18T03:34:58.601844108Z: [    1.331784] ACPI: PCI Interrupt Link [GSIA] (IRQs *16)
[STDOUT  ] 2017-06-18T03:34:58.601849246Z: [    1.332710] ACPI: PCI Interrupt Link [GSIB] (IRQs *17)
[STDOUT  ] 2017-06-18T03:34:58.601858101Z: [    1.333643] ACPI: PCI Interrupt Link [GSIC] (IRQs *18)
[STDOUT  ] 2017-06-18T03:34:58.60186321Z: [    1.334571] ACPI: PCI Interrupt Link [GSID] (IRQs *19)
[STDOUT  ] 2017-06-18T03:34:58.601865941Z: [    1.335487] ACPI: PCI Interrupt Link [GSIE] (IRQs *20)
[STDOUT  ] 2017-06-18T03:34:58.601870868Z: [    1.336402] ACPI: PCI Interrupt Link [GSIF] (IRQs *21)
[STDOUT  ] 2017-06-18T03:34:58.601878543Z: [    1.337322] ACPI: PCI Interrupt Link [GSIG] (IRQs *22)
[STDOUT  ] 2017-06-18T03:34:58.601884018Z: [    1.338233] ACPI: PCI Interrupt Link [GSIH] (IRQs *23)
[STDOUT  ] 2017-06-18T03:34:58.601890118Z: [    1.342340] ACPI: Enabled 2 GPEs in block 00 to 3F
[STDOUT  ] 2017-06-18T03:34:58.601895184Z: [    1.347283] SCSI subsystem initialized
[STDOUT  ] 2017-06-18T03:34:58.601900196Z: [    1.350814] pps_core: LinuxPPS API ver. 1 registered
[STDOUT  ] 2017-06-18T03:34:58.601902911Z: [    1.351315] pps_core: Software ver. 5.3.6 - Copyright 2005-2007 Rodolfo Giometti <giometti@linux.it>
[STDOUT  ] 2017-06-18T03:34:58.601908131Z: [    1.352364] PTP clock support registered
[STDOUT  ] 2017-06-18T03:34:58.601915823Z: [    1.353764] wmi: Mapper loaded
[STDOUT  ] 2017-06-18T03:34:58.601920904Z: [    1.355024] PCI: Using ACPI for IRQ routing
[STDOUT  ] 2017-06-18T03:34:58.601926133Z: [    1.372534] NetLabel: Initializing
[STDOUT  ] 2017-06-18T03:34:58.601931156Z: [    1.372931] NetLabel:  domain hash size = 128
[STDOUT  ] 2017-06-18T03:34:58.601936313Z: [    1.373340] NetLabel:  protocols = UNLABELED CIPSOv4
[STDOUT  ] 2017-06-18T03:34:58.601941406Z: [    1.375482] NetLabel:  unlabeled traffic allowed by default
[STDOUT  ] 2017-06-18T03:34:58.601944296Z: [    1.377253] HPET: 3 timers in total, 0 timers will be used for per-cpu timer
[STDOUT  ] 2017-06-18T03:34:58.601949305Z: [    1.378260] hpet0: at MMIO 0xfed00000, IRQs 2, 8, 0
[STDOUT  ] 2017-06-18T03:34:58.601957074Z: [    1.378937] hpet0: 3 comparators, 64-bit 100.000000 MHz counter
[STDOUT  ] 2017-06-18T03:34:58.601962231Z: [    1.384608] clocksource: Switched to clocksource hpet
[STDOUT  ] 2017-06-18T03:34:58.601967346Z: [    1.650747] VFS: Disk quotas dquot_6.6.0
[STDOUT  ] 2017-06-18T03:34:58.601972665Z: [    1.651785] VFS: Dquot-cache hash table entries: 512 (order 0, 4096 bytes)
[STDOUT  ] 2017-06-18T03:34:58.601978246Z: [    1.654703] FS-Cache: Loaded
[STDOUT  ] 2017-06-18T03:34:58.601983245Z: [    1.659641] CacheFiles: Loaded
[STDOUT  ] 2017-06-18T03:34:58.601988271Z: [    1.661648] pnp: PnP ACPI init
[STDOUT  ] 2017-06-18T03:34:58.601997438Z: [    1.673538] pnp: PnP ACPI: found 5 devices
[STDOUT  ] 2017-06-18T03:34:58.602002405Z: [    1.722290] clocksource: acpi_pm: mask: 0xffffff max_cycles: 0xffffff, max_idle_ns: 2085701024 ns
[STDOUT  ] 2017-06-18T03:34:58.602007521Z: [    1.725592] NET: Registered protocol family 2
[STDOUT  ] 2017-06-18T03:34:58.602012341Z: [    1.733246] TCP established hash table entries: 8192 (order: 4, 65536 bytes)
[STDOUT  ] 2017-06-18T03:34:58.602014978Z: [    1.734375] TCP bind hash table entries: 8192 (order: 5, 131072 bytes)
[STDOUT  ] 2017-06-18T03:34:58.60202512Z: [    1.735688] TCP: Hash tables configured (established 8192 bind 8192)
[STDOUT  ] 2017-06-18T03:34:58.602030463Z: [    1.737397] UDP hash table entries: 512 (order: 2, 16384 bytes)
[STDOUT  ] 2017-06-18T03:34:58.602039998Z: [    1.738211] UDP-Lite hash table entries: 512 (order: 2, 16384 bytes)
[STDOUT  ] 2017-06-18T03:34:58.60204288Z: [    1.741047] NET: Registered protocol family 1
[STDOUT  ] 2017-06-18T03:34:58.602050496Z: [    1.744705] RPC: Registered named UNIX socket transport module.
[STDOUT  ] 2017-06-18T03:34:58.602059503Z: [    1.745340] RPC: Registered udp transport module.
[STDOUT  ] 2017-06-18T03:34:58.602064791Z: [    1.745789] RPC: Registered tcp transport module.
[STDOUT  ] 2017-06-18T03:34:58.602069468Z: [    1.746232] RPC: Registered tcp NFSv4.1 backchannel transport module.
[STDOUT  ] 2017-06-18T03:34:58.602077531Z: [    1.747320] pci 0000:00:01.0: Video device with shadowed ROM at [mem 0x000c0000-0x000dffff]
[STDOUT  ] 2017-06-18T03:34:58.602082688Z: [    1.755053] Unpacking initramfs...
[STDOUT  ] 2017-06-18T03:34:58.602087695Z: [    9.291865] Freeing initrd memory: 38792K (ffff96a5fd9ee000 - ffff96a5fffd0000)
[STDOUT  ] 2017-06-18T03:34:58.602092918Z: [    9.315668] PCLMULQDQ-NI instructions are not detected.
[STDOUT  ] 2017-06-18T03:34:58.602098025Z: [    9.317240] AVX or AES-NI instructions are not detected.
[STDOUT  ] 2017-06-18T03:34:58.602106943Z: [    9.317921] CPU feature 'AVX registers' is not supported.
[STDOUT  ] 2017-06-18T03:34:58.602109594Z: [    9.318474] CPU feature 'AVX registers' is not supported.
[STDOUT  ] 2017-06-18T03:34:58.602117085Z: [    9.319084] CPU feature 'AVX registers' is not supported.
[STDOUT  ] 2017-06-18T03:34:58.60211979Z: [    9.319632] CPU feature 'AVX registers' is not supported.
[STDOUT  ] 2017-06-18T03:34:58.60212671Z: [    9.320621] AVX2 or AES-NI instructions are not detected.
[STDOUT  ] 2017-06-18T03:34:58.60213457Z: [    9.321170] AVX2 instructions are not detected.
[STDOUT  ] 2017-06-18T03:34:58.60213969Z: [    9.329250] audit: initializing netlink subsys (disabled)
[STDOUT  ] 2017-06-18T03:34:58.602144684Z: [    9.332252] audit: type=2000 audit(1497756874.330:1): initialized
[STDOUT  ] 2017-06-18T03:34:58.602149741Z: [    9.339280] workingset: timestamp_bits=46 max_order=18 bucket_order=0
