[INFO    ] 2017-12-14T23:51:00.414398631Z: Running Test linuxkit.security.ports in /tmp/with_clonef8404/test/cases/030_security/010_ports
[INFO    ] 2017-12-14T23:51:00.414497258Z: Running command: [/bin/sh -x /tmp/with_clonef8404/test/cases/030_security/010_ports/test.sh]
[STDERR  ] 2017-12-14T23:51:00.414928725Z: + set -e
[STDERR  ] 2017-12-14T23:51:00.414980274Z: + . /tmp/with_clonef8404/test/cases/_lib/lib.sh
[STDERR  ] 2017-12-14T23:51:00.414994909Z: + [ -f src/github.com/linuxkit/rtf/lib/lib.sh ]
[STDERR  ] 2017-12-14T23:51:00.415009316Z: + LINUXKIT_TMPDIR=/tmp/with_clonef8404/test/cases/_tmp
[STDERR  ] 2017-12-14T23:51:00.415023345Z: + [ -f /tmp/with_clonef8404/test/cases/_tmp/env.sh ]
[STDERR  ] 2017-12-14T23:51:00.415036967Z: + . /tmp/with_clonef8404/test/cases/_tmp/env.sh
[STDERR  ] 2017-12-14T23:51:00.415057023Z: + export LINUXKIT_EXAMPLES_DIR=/tmp/with_clonef8404/test/cases/../../examples
[STDERR  ] 2017-12-14T23:51:00.41507219Z: + export LINUXKIT_BLUEPRINTS_DIR=/tmp/with_clonef8404/test/cases/../../blueprints
[STDERR  ] 2017-12-14T23:51:00.415087089Z: + RT_CANCEL=253
[STDERR  ] 2017-12-14T23:51:00.415100941Z: + NAME=lsof
[STDERR  ] 2017-12-14T23:51:00.415115087Z: + trap clean_up EXIT
[STDERR  ] 2017-12-14T23:51:00.415138923Z: + linuxkit build -format kernel+initrd -name lsof test.yml
[STDERR  ] 2017-12-14T23:51:00.4494934Z: Extract kernel image: linuxkit/kernel:4.9.69
[STDERR  ] 2017-12-14T23:51:01.604885412Z: time="2017-12-14T23:51:01Z" level=warning msg="certificate with CN  is near expiry" 
[STDERR  ] 2017-12-14T23:51:01.605587193Z: time="2017-12-14T23:51:01Z" level=warning msg="certificate with CN Justin Cormack is near expiry" 
[STDERR  ] 2017-12-14T23:51:01.605722483Z: time="2017-12-14T23:51:01Z" level=warning msg="certificate with CN  is near expiry" 
[STDERR  ] 2017-12-14T23:51:01.680913467Z: time="2017-12-14T23:51:01Z" level=warning msg="certificate with CN Justin Cormack is near expiry" 
[STDERR  ] 2017-12-14T23:51:09.174846671Z: Add init containers:
[STDERR  ] 2017-12-14T23:51:09.174919789Z: Process init image: linuxkit/init:9250948d0de494df8a811edb3242b4584057cfe4
[STDERR  ] 2017-12-14T23:51:10.162219685Z: time="2017-12-14T23:51:10Z" level=warning msg="certificate with CN  is near expiry" 
[STDERR  ] 2017-12-14T23:51:10.162367038Z: time="2017-12-14T23:51:10Z" level=warning msg="certificate with CN  is near expiry" 
[STDERR  ] 2017-12-14T23:51:10.162679662Z: time="2017-12-14T23:51:10Z" level=warning msg="certificate with CN Justin Cormack is near expiry" 
[STDERR  ] 2017-12-14T23:51:10.166309038Z: time="2017-12-14T23:51:10Z" level=warning msg="certificate with CN Justin Cormack is near expiry" 
[STDERR  ] 2017-12-14T23:51:10.167965364Z: time="2017-12-14T23:51:10Z" level=warning msg="certificate with CN  is near expiry" 
[STDERR  ] 2017-12-14T23:51:11.613442353Z: Process init image: linuxkit/runc:abc3f292653e64a2fd488e9675ace19a55ec7023
[STDERR  ] 2017-12-14T23:51:12.624672286Z: time="2017-12-14T23:51:12Z" level=warning msg="certificate with CN  is near expiry" 
[STDERR  ] 2017-12-14T23:51:12.624809513Z: time="2017-12-14T23:51:12Z" level=warning msg="certificate with CN  is near expiry" 
[STDERR  ] 2017-12-14T23:51:12.625127831Z: time="2017-12-14T23:51:12Z" level=warning msg="certificate with CN Justin Cormack is near expiry" 
[STDERR  ] 2017-12-14T23:51:12.627203691Z: time="2017-12-14T23:51:12Z" level=warning msg="certificate with CN Justin Cormack is near expiry" 
[STDERR  ] 2017-12-14T23:51:12.628691676Z: time="2017-12-14T23:51:12Z" level=warning msg="certificate with CN  is near expiry" 
[STDERR  ] 2017-12-14T23:51:13.624710133Z: Add onboot containers:
[STDERR  ] 2017-12-14T23:51:13.624770959Z:   Create OCI config for alpine:3.7
[STDERR  ] 2017-12-14T23:51:14.185021185Z:   Create OCI config for linuxkit/poweroff:bccfe1cb04fc7bb9f03613d2314f38abd2620f29
[STDERR  ] 2017-12-14T23:51:15.185721572Z: time="2017-12-14T23:51:15Z" level=warning msg="certificate with CN Justin Cormack is near expiry" 
[STDERR  ] 2017-12-14T23:51:15.185982635Z: time="2017-12-14T23:51:15Z" level=warning msg="certificate with CN Rolf Neugebauer is near expiry" 
[STDERR  ] 2017-12-14T23:51:15.186165808Z: time="2017-12-14T23:51:15Z" level=warning msg="certificate with CN  is near expiry" 
[STDERR  ] 2017-12-14T23:51:15.186284747Z: time="2017-12-14T23:51:15Z" level=warning msg="certificate with CN  is near expiry" 
[STDERR  ] 2017-12-14T23:51:15.188040214Z: time="2017-12-14T23:51:15Z" level=warning msg="certificate with CN Rolf Neugebauer is near expiry" 
[STDERR  ] 2017-12-14T23:51:15.188799702Z: time="2017-12-14T23:51:15Z" level=warning msg="certificate with CN  is near expiry" 
[STDERR  ] 2017-12-14T23:51:15.795366814Z: Add files:
[STDERR  ] 2017-12-14T23:51:15.795417837Z:   check.sh
[STDERR  ] 2017-12-14T23:51:15.795433851Z: Create outputs:
[STDERR  ] 2017-12-14T23:51:19.938010512Z:   lsof-kernel lsof-initrd.img lsof-cmdline
[STDERR  ] 2017-12-14T23:51:20.116777782Z: + linuxkit run qemu -kernel lsof
[STDOUT  ] 2017-12-14T23:51:21.753952394Z: [    0.000000] Linux version 4.9.69-linuxkit (root@f0b45cdb4ecc) (gcc version 6.4.0 (Alpine 6.4.0) ) #1 SMP Thu Dec 14 11:49:57 UTC 2017
[STDOUT  ] 2017-12-14T23:51:21.754738702Z: [    0.000000] Command line: console=ttyS0 page_poison=1
[STDOUT  ] 2017-12-14T23:51:21.755296948Z: [    0.000000] x86/fpu: Legacy x87 FPU detected.
[STDOUT  ] 2017-12-14T23:51:21.755963218Z: [    0.000000] x86/fpu: Using 'eager' FPU context switches.
[STDOUT  ] 2017-12-14T23:51:21.756548606Z: [    0.000000] e820: BIOS-provided physical RAM map:
[STDOUT  ] 2017-12-14T23:51:21.757405788Z: [    0.000000] BIOS-e820: [mem 0x0000000000000000-0x000000000009fbff] usable
[STDOUT  ] 2017-12-14T23:51:21.758328288Z: [    0.000000] BIOS-e820: [mem 0x000000000009fc00-0x000000000009ffff] reserved
[STDOUT  ] 2017-12-14T23:51:21.759186323Z: [    0.000000] BIOS-e820: [mem 0x00000000000f0000-0x00000000000fffff] reserved
[STDOUT  ] 2017-12-14T23:51:21.760024091Z: [    0.000000] BIOS-e820: [mem 0x0000000000100000-0x000000003ffdefff] usable
[STDOUT  ] 2017-12-14T23:51:21.760880963Z: [    0.000000] BIOS-e820: [mem 0x000000003ffdf000-0x000000003fffffff] reserved
[STDOUT  ] 2017-12-14T23:51:21.76182125Z: [    0.000000] BIOS-e820: [mem 0x00000000b0000000-0x00000000bfffffff] reserved
[STDOUT  ] 2017-12-14T23:51:21.762682677Z: [    0.000000] BIOS-e820: [mem 0x00000000fed1c000-0x00000000fed1ffff] reserved
[STDOUT  ] 2017-12-14T23:51:21.763550366Z: [    0.000000] BIOS-e820: [mem 0x00000000fffc0000-0x00000000ffffffff] reserved
[STDOUT  ] 2017-12-14T23:51:21.764172499Z: [    0.000000] NX (Execute Disable) protection: active
[STDOUT  ] 2017-12-14T23:51:21.764584779Z: [    0.000000] SMBIOS 2.8 present.
[STDOUT  ] 2017-12-14T23:51:21.765406212Z: [    0.000000] e820: last_pfn = 0x3ffdf max_arch_pfn = 0x400000000
[STDOUT  ] 2017-12-14T23:51:21.766338135Z: [    0.000000] x86/PAT: Configuration [0-7]: WB  WC  UC- UC  WB  WC  UC- WT  
[STDOUT  ] 2017-12-14T23:51:21.76747981Z: [    0.000000] found SMP MP-table at [mem 0x000f6aa0-0x000f6aaf] mapped at [ffff9488c00f6aa0]
[STDOUT  ] 2017-12-14T23:51:21.768084593Z: [    0.000000] RAMDISK: [mem 0x3e815000-0x3ffcffff]
[STDOUT  ] 2017-12-14T23:51:21.768784377Z: [    0.000000] ACPI: Early table checksum verification disabled
[STDOUT  ] 2017-12-14T23:51:21.769514267Z: [    0.000000] ACPI: RSDP 0x00000000000F68C0 000014 (v00 BOCHS )
[STDOUT  ] 2017-12-14T23:51:21.770552268Z: [    0.000000] ACPI: RSDT 0x000000003FFE2404 000034 (v01 BOCHS  BXPCRSDT 00000001 BXPC 00000001)
[STDOUT  ] 2017-12-14T23:51:21.771585941Z: [    0.000000] ACPI: FACP 0x000000003FFE22A4 000074 (v01 BOCHS  BXPCFACP 00000001 BXPC 00000001)
[STDOUT  ] 2017-12-14T23:51:21.772623106Z: [    0.000000] ACPI: DSDT 0x000000003FFE0040 002264 (v01 BOCHS  BXPCDSDT 00000001 BXPC 00000001)
[STDOUT  ] 2017-12-14T23:51:21.773197774Z: [    0.000000] ACPI: FACS 0x000000003FFE0000 000040
[STDOUT  ] 2017-12-14T23:51:21.774273046Z: [    0.000000] ACPI: APIC 0x000000003FFE2318 000078 (v01 BOCHS  BXPCAPIC 00000001 BXPC 00000001)
[STDOUT  ] 2017-12-14T23:51:21.775418704Z: [    0.000000] ACPI: HPET 0x000000003FFE2390 000038 (v01 BOCHS  BXPCHPET 00000001 BXPC 00000001)
[STDOUT  ] 2017-12-14T23:51:21.77654045Z: [    0.000000] ACPI: MCFG 0x000000003FFE23C8 00003C (v01 BOCHS  BXPCMCFG 00000001 BXPC 00000001)
[STDOUT  ] 2017-12-14T23:51:21.776920841Z: [    0.000000] Zone ranges:
[STDOUT  ] 2017-12-14T23:51:21.777748025Z: [    0.000000]   DMA      [mem 0x0000000000001000-0x0000000000ffffff]
[STDOUT  ] 2017-12-14T23:51:21.778507425Z: [    0.000000]   DMA32    [mem 0x0000000001000000-0x000000003ffdefff]
[STDOUT  ] 2017-12-14T23:51:21.778880523Z: [    0.000000]   Normal   empty
[STDOUT  ] 2017-12-14T23:51:21.779522156Z: [    0.000000] Movable zone start for each node
[STDOUT  ] 2017-12-14T23:51:21.779973119Z: [    0.000000] Early memory node ranges
[STDOUT  ] 2017-12-14T23:51:21.780773549Z: [    0.000000]   node   0: [mem 0x0000000000001000-0x000000000009efff]
[STDOUT  ] 2017-12-14T23:51:21.781539Z: [    0.000000]   node   0: [mem 0x0000000000100000-0x000000003ffdefff]
[STDOUT  ] 2017-12-14T23:51:21.782406392Z: [    0.000000] Initmem setup node 0 [mem 0x0000000000001000-0x000000003ffdefff]
[STDOUT  ] 2017-12-14T23:51:21.78291964Z: [    0.000000] ACPI: PM-Timer IO Port: 0x608
[STDOUT  ] 2017-12-14T23:51:21.783640502Z: [    0.000000] ACPI: LAPIC_NMI (acpi_id[0xff] dfl dfl lint[0x1])
[STDOUT  ] 2017-12-14T23:51:21.784488623Z: [    0.000000] IOAPIC[0]: apic_id 0, version 32, address 0xfec00000, GSI 0-23
[STDOUT  ] 2017-12-14T23:51:21.785293011Z: [    0.000000] ACPI: INT_SRC_OVR (bus 0 bus_irq 0 global_irq 2 dfl dfl)
[STDOUT  ] 2017-12-14T23:51:21.786111821Z: [    0.000000] ACPI: INT_SRC_OVR (bus 0 bus_irq 5 global_irq 5 high level)
[STDOUT  ] 2017-12-14T23:51:21.786920733Z: [    0.000000] ACPI: INT_SRC_OVR (bus 0 bus_irq 9 global_irq 9 high level)
[STDOUT  ] 2017-12-14T23:51:21.787826526Z: [    0.000000] ACPI: INT_SRC_OVR (bus 0 bus_irq 10 global_irq 10 high level)
[STDOUT  ] 2017-12-14T23:51:21.788666759Z: [    0.000000] ACPI: INT_SRC_OVR (bus 0 bus_irq 11 global_irq 11 high level)
[STDOUT  ] 2017-12-14T23:51:21.789396816Z: [    0.000000] Using ACPI (MADT) for SMP configuration information
[STDOUT  ] 2017-12-14T23:51:21.790052778Z: [    0.000000] ACPI: HPET id: 0x8086a201 base: 0xfed00000
[STDOUT  ] 2017-12-14T23:51:21.790673463Z: [    0.000000] smpboot: Allowing 1 CPUs, 0 hotplug CPUs
[STDOUT  ] 2017-12-14T23:51:21.791553804Z: [    0.000000] e820: [mem 0x40000000-0xafffffff] available for PCI devices
[STDOUT  ] 2017-12-14T23:51:21.792252973Z: [    0.000000] Booting paravirtualized kernel on bare hardware
[STDOUT  ] 2017-12-14T23:51:21.793633081Z: [    0.000000] clocksource: refined-jiffies: mask: 0xffffffff max_cycles: 0xffffffff, max_idle_ns: 19112604462750000 ns
[STDOUT  ] 2017-12-14T23:51:21.794584983Z: [    0.000000] setup_percpu: NR_CPUS:128 nr_cpumask_bits:128 nr_cpu_ids:1 nr_node_ids:1
[STDOUT  ] 2017-12-14T23:51:21.795581294Z: [    0.000000] percpu: Embedded 35 pages/cpu @ffff9488fe600000 s105048 r8192 d30120 u2097152
[STDOUT  ] 2017-12-14T23:51:21.796529905Z: [    0.000000] Built 1 zonelists in Zone order, mobility grouping on.  Total pages: 257896
[STDOUT  ] 2017-12-14T23:51:21.797217546Z: [    0.000000] Kernel command line: console=ttyS0 page_poison=1
[STDOUT  ] 2017-12-14T23:51:21.798019054Z: [    0.000000] PID hash table entries: 4096 (order: 3, 32768 bytes)
[STDOUT  ] 2017-12-14T23:51:21.79891145Z: [    0.000000] Dentry cache hash table entries: 131072 (order: 8, 1048576 bytes)
[STDOUT  ] 2017-12-14T23:51:21.799753884Z: [    0.000000] Inode-cache hash table entries: 65536 (order: 7, 524288 bytes)
[STDOUT  ] 2017-12-14T23:51:21.801405286Z: [    0.000000] Memory: 989872K/1048052K available (8048K kernel code, 1367K rwdata, 2700K rodata, 1380K init, 568K bss, 58180K reserved, 0K cma-reserved)
[STDOUT  ] 2017-12-14T23:51:21.80192477Z: [    0.000000] Hierarchical RCU implementation.
[STDOUT  ] 2017-12-14T23:51:21.802247559Z: [    0.000000] 	Build-time adjustment of leaf fanout to 64.
[STDOUT  ] 2017-12-14T23:51:21.802572791Z: [    0.000000] 	RCU restricting CPUs from NR_CPUS=128 to nr_cpu_ids=1.
[STDOUT  ] 2017-12-14T23:51:21.802916239Z: [    0.000000] RCU: Adjusting geometry for rcu_fanout_leaf=64, nr_cpu_ids=1
[STDOUT  ] 2017-12-14T23:51:21.803121496Z: [    0.000000] NR_IRQS:8448 nr_irqs:256 16
[STDOUT  ] 2017-12-14T23:51:21.803323597Z: [    0.000000] Console: colour VGA+ 80x25
[STDOUT  ] 2017-12-14T23:51:21.803629887Z: [    0.000000] console [ttyS0] enabled
[STDOUT  ] 2017-12-14T23:51:21.805756184Z: [    0.000000] allocated 2097152 bytes of page_ext
[STDOUT  ] 2017-12-14T23:51:21.809235916Z: [    0.000000] clocksource: hpet: mask: 0xffffffff max_cycles: 0xffffffff, max_idle_ns: 19112604467 ns
[STDOUT  ] 2017-12-14T23:51:21.854684486Z: [    0.000000] tsc: Fast TSC calibration using PIT
[STDOUT  ] 2017-12-14T23:51:21.855263157Z: [    0.000000] tsc: Detected 2300.135 MHz processor
[STDOUT  ] 2017-12-14T23:51:21.85754732Z: [    0.021389] Calibrating delay loop (skipped), value calculated using timer frequency.. 4600.27 BogoMIPS (lpj=23001350)
[STDOUT  ] 2017-12-14T23:51:21.857929253Z: [    0.022286] pid_max: default: 32768 minimum: 301
[STDOUT  ] 2017-12-14T23:51:21.858737793Z: [    0.023128] ACPI: Core revision 20160831
[STDOUT  ] 2017-12-14T23:51:21.903140725Z: [    0.072225] ACPI: 1 ACPI AML tables successfully acquired and loaded
[STDOUT  ] 2017-12-14T23:51:21.906091129Z: [    0.075322] Security Framework initialized
[STDOUT  ] 2017-12-14T23:51:21.906362343Z: [    0.075662] Yama: becoming mindful.
[STDOUT  ] 2017-12-14T23:51:21.908306573Z: [    0.077454] Mount-cache hash table entries: 2048 (order: 2, 16384 bytes)
[STDOUT  ] 2017-12-14T23:51:21.908752109Z: [    0.077883] Mountpoint-cache hash table entries: 2048 (order: 2, 16384 bytes)
[STDOUT  ] 2017-12-14T23:51:21.928031507Z: [    0.097225] Last level iTLB entries: 4KB 0, 2MB 0, 4MB 0
[STDOUT  ] 2017-12-14T23:51:21.928397519Z: [    0.097558] Last level dTLB entries: 4KB 0, 2MB 0, 4MB 0, 1GB 0
[STDOUT  ] 2017-12-14T23:51:22.269452359Z: [    0.438264] Freeing SMP alternatives memory: 20K
[STDOUT  ] 2017-12-14T23:51:22.278270137Z: [    0.446971] ftrace: allocating 35540 entries in 139 pages
[STDOUT  ] 2017-12-14T23:51:22.583558138Z: [    0.622224] smpboot: Max logical packages: 1
[STDOUT  ] 2017-12-14T23:51:22.589836062Z: [    0.628566] ..TIMER: vector=0x30 apic1=0 pin1=2 apic2=-1 pin2=-1
[STDOUT  ] 2017-12-14T23:51:22.802691143Z: [    0.730000] smpboot: CPU0: AMD QEMU Virtual CPU version 2.5+ (family: 0x6, model: 0x6, stepping: 0x3)
[STDOUT  ] 2017-12-14T23:51:22.804463588Z: [    0.730000] Performance Events: PMU not available due to virtualization, using software events only.
[STDOUT  ] 2017-12-14T23:51:22.820863774Z: [    0.738533] NMI watchdog: disabled (cpu0): hardware events not enabled
[STDOUT  ] 2017-12-14T23:51:22.821792545Z: [    0.739451] NMI watchdog: Shutting down hard lockup detector on all cpus
[STDOUT  ] 2017-12-14T23:51:22.824439365Z: [    0.742079] x86: Booted up 1 node, 1 CPUs
[STDOUT  ] 2017-12-14T23:51:22.825318527Z: [    0.742698] smpboot: Total of 1 processors activated (4600.27 BogoMIPS)
[STDOUT  ] 2017-12-14T23:51:22.839590996Z: [    0.757050] devtmpfs: initialized
[STDOUT  ] 2017-12-14T23:51:22.844646766Z: [    0.762849] x86/mm: Memory block size: 128MB
[STDOUT  ] 2017-12-14T23:51:22.909587126Z: [    0.827141] clocksource: jiffies: mask: 0xffffffff max_cycles: 0xffffffff, max_idle_ns: 19112604462750000 ns
[STDOUT  ] 2017-12-14T23:51:22.910576998Z: [    0.828668] futex hash table entries: 256 (order: 2, 16384 bytes)
[STDOUT  ] 2017-12-14T23:51:22.919674488Z: [    0.836744] NET: Registered protocol family 16
[STDOUT  ] 2017-12-14T23:51:22.929654371Z: [    0.847843] cpuidle: using governor ladder
[STDOUT  ] 2017-12-14T23:51:22.930300041Z: [    0.848540] cpuidle: using governor menu
[STDOUT  ] 2017-12-14T23:51:22.931926842Z: [    0.850151] ACPI: bus type PCI registered
[STDOUT  ] 2017-12-14T23:51:22.9355007Z: [    0.853165] PCI: MMCONFIG for domain 0000 [bus 00-ff] at [mem 0xb0000000-0xbfffffff] (base 0xb0000000)
[STDOUT  ] 2017-12-14T23:51:22.936476054Z: [    0.854421] PCI: MMCONFIG at [mem 0xb0000000-0xbfffffff] reserved in E820
[STDOUT  ] 2017-12-14T23:51:22.938069276Z: [    0.856132] PCI: Using configuration type 1 for base access
[STDOUT  ] 2017-12-14T23:51:23.001745081Z: [    0.919629] HugeTLB registered 2 MB page size, pre-allocated 0 pages
[STDOUT  ] 2017-12-14T23:51:23.014704092Z: [    0.932900] ACPI: Added _OSI(Module Device)
[STDOUT  ] 2017-12-14T23:51:23.015301406Z: [    0.933518] ACPI: Added _OSI(Processor Device)
[STDOUT  ] 2017-12-14T23:51:23.015881429Z: [    0.934082] ACPI: Added _OSI(3.0 _SCP Extensions)
[STDOUT  ] 2017-12-14T23:51:23.016549714Z: [    0.934643] ACPI: Added _OSI(Processor Aggregator Device)
[STDOUT  ] 2017-12-14T23:51:23.093510382Z: [    1.011712] ACPI: Interpreter enabled
[STDOUT  ] 2017-12-14T23:51:23.094541798Z: [    1.012813] ACPI: (supports S0 S5)
[STDOUT  ] 2017-12-14T23:51:23.095198659Z: [    1.013338] ACPI: Using IOAPIC for interrupt routing
[STDOUT  ] 2017-12-14T23:51:23.097785193Z: [    1.015413] PCI: Using host bridge windows from ACPI; if necessary, use "pci=nocrs" and report a bug
[STDOUT  ] 2017-12-14T23:51:23.162981577Z: [    1.080929] ACPI: PCI Root Bridge [PCI0] (domain 0000 [bus 00-ff])
[STDOUT  ] 2017-12-14T23:51:23.164468496Z: [    1.082253] acpi PNP0A08:00: _OSC: OS supports [ExtendedConfig ASPM ClockPM Segments MSI]
[STDOUT  ] 2017-12-14T23:51:23.170584436Z: [    1.088424] acpi PNP0A08:00: _OSC: OS now controls [PCIeHotplug PME PCIeCapability]
[STDOUT  ] 2017-12-14T23:51:23.174306873Z: [    1.092543] PCI host bridge to bus 0000:00
[STDOUT  ] 2017-12-14T23:51:23.175274632Z: [    1.093233] pci_bus 0000:00: root bus resource [io  0x0000-0x0cf7 window]
[STDOUT  ] 2017-12-14T23:51:23.176115658Z: [    1.094074] pci_bus 0000:00: root bus resource [io  0x0d00-0xffff window]
[STDOUT  ] 2017-12-14T23:51:23.177031227Z: [    1.094905] pci_bus 0000:00: root bus resource [mem 0x000a0000-0x000bffff window]
[STDOUT  ] 2017-12-14T23:51:23.177952079Z: [    1.095809] pci_bus 0000:00: root bus resource [mem 0xc0000000-0xfebfffff window]
[STDOUT  ] 2017-12-14T23:51:23.178757582Z: [    1.096869] pci_bus 0000:00: root bus resource [bus 00-ff]
[STDOUT  ] 2017-12-14T23:51:23.286819028Z: [    1.202525] pci 0000:00:1f.0: quirk: [io  0x0600-0x067f] claimed by ICH6 ACPI/GPIO/TCO
[STDOUT  ] 2017-12-14T23:51:23.345431915Z: [    1.263251] ACPI: PCI Interrupt Link [LNKA] (IRQs 5 *10 11)
[STDOUT  ] 2017-12-14T23:51:23.347780501Z: [    1.265729] ACPI: PCI Interrupt Link [LNKB] (IRQs 5 *10 11)
[STDOUT  ] 2017-12-14T23:51:23.349858004Z: [    1.267857] ACPI: PCI Interrupt Link [LNKC] (IRQs 5 10 *11)
[STDOUT  ] 2017-12-14T23:51:23.35213993Z: [    1.270000] ACPI: PCI Interrupt Link [LNKD] (IRQs 5 10 *11)
[STDOUT  ] 2017-12-14T23:51:23.354199791Z: [    1.272085] ACPI: PCI Interrupt Link [LNKE] (IRQs 5 *10 11)
[STDOUT  ] 2017-12-14T23:51:23.356240309Z: [    1.274128] ACPI: PCI Interrupt Link [LNKF] (IRQs 5 *10 11)
[STDOUT  ] 2017-12-14T23:51:23.358330154Z: [    1.276210] ACPI: PCI Interrupt Link [LNKG] (IRQs 5 10 *11)
[STDOUT  ] 2017-12-14T23:51:23.360371547Z: [    1.278258] ACPI: PCI Interrupt Link [LNKH] (IRQs 5 10 *11)
[STDOUT  ] 2017-12-14T23:51:23.361570929Z: [    1.279395] ACPI: PCI Interrupt Link [GSIA] (IRQs *16)
[STDOUT  ] 2017-12-14T23:51:23.362513031Z: [    1.280454] ACPI: PCI Interrupt Link [GSIB] (IRQs *17)
[STDOUT  ] 2017-12-14T23:51:23.363439798Z: [    1.281380] ACPI: PCI Interrupt Link [GSIC] (IRQs *18)
[STDOUT  ] 2017-12-14T23:51:23.364391057Z: [    1.282305] ACPI: PCI Interrupt Link [GSID] (IRQs *19)
[STDOUT  ] 2017-12-14T23:51:23.365317329Z: [    1.283256] ACPI: PCI Interrupt Link [GSIE] (IRQs *20)
[STDOUT  ] 2017-12-14T23:51:23.366242049Z: [    1.284182] ACPI: PCI Interrupt Link [GSIF] (IRQs *21)
[STDOUT  ] 2017-12-14T23:51:23.367164381Z: [    1.285108] ACPI: PCI Interrupt Link [GSIG] (IRQs *22)
[STDOUT  ] 2017-12-14T23:51:23.368145304Z: [    1.286082] ACPI: PCI Interrupt Link [GSIH] (IRQs *23)
[STDOUT  ] 2017-12-14T23:51:23.372121Z: [    1.290000] ACPI: Enabled 2 GPEs in block 00 to 3F
[STDOUT  ] 2017-12-14T23:51:23.376404645Z: [    1.293674] SCSI subsystem initialized
[STDOUT  ] 2017-12-14T23:51:23.37852472Z: [    1.295777] ACPI: bus type USB registered
[STDOUT  ] 2017-12-14T23:51:23.380001216Z: [    1.297103] usbcore: registered new interface driver usbfs
[STDOUT  ] 2017-12-14T23:51:23.381189867Z: [    1.298300] usbcore: registered new interface driver hub
[STDOUT  ] 2017-12-14T23:51:23.382391289Z: [    1.300461] usbcore: registered new device driver usb
[STDOUT  ] 2017-12-14T23:51:23.383843406Z: [    1.301925] pps_core: LinuxPPS API ver. 1 registered
[STDOUT  ] 2017-12-14T23:51:23.384908882Z: [    1.302567] pps_core: Software ver. 5.3.6 - Copyright 2005-2007 Rodolfo Giometti <giometti@linux.it>
[STDOUT  ] 2017-12-14T23:51:23.385576094Z: [    1.303784] PTP clock support registered
[STDOUT  ] 2017-12-14T23:51:23.386851102Z: [    1.305153] wmi: Mapper loaded
[STDOUT  ] 2017-12-14T23:51:23.388353409Z: [    1.306497] PCI: Using ACPI for IRQ routing
[STDOUT  ] 2017-12-14T23:51:23.408466225Z: [    1.326680] NetLabel: Initializing
[STDOUT  ] 2017-12-14T23:51:23.409041251Z: [    1.327236] NetLabel:  domain hash size = 128
[STDOUT  ] 2017-12-14T23:51:23.409655907Z: [    1.327773] NetLabel:  protocols = UNLABELED CIPSOv4
[STDOUT  ] 2017-12-14T23:51:23.412060327Z: [    1.330073] NetLabel:  unlabeled traffic allowed by default
[STDOUT  ] 2017-12-14T23:51:23.413497782Z: [    1.331354] HPET: 3 timers in total, 0 timers will be used for per-cpu timer
[STDOUT  ] 2017-12-14T23:51:23.414540186Z: [    1.332486] hpet0: at MMIO 0xfed00000, IRQs 2, 8, 0
[STDOUT  ] 2017-12-14T23:51:23.415280708Z: [    1.333279] hpet0: 3 comparators, 64-bit 100.000000 MHz counter
[STDOUT  ] 2017-12-14T23:51:23.422908615Z: [    1.341028] clocksource: Switched to clocksource hpet
[STDOUT  ] 2017-12-14T23:51:23.698807584Z: [    1.616201] VFS: Disk quotas dquot_6.6.0
[STDOUT  ] 2017-12-14T23:51:23.700028563Z: [    1.617158] VFS: Dquot-cache hash table entries: 512 (order 0, 4096 bytes)
[STDOUT  ] 2017-12-14T23:51:23.702773146Z: [    1.620334] FS-Cache: Loaded
[STDOUT  ] 2017-12-14T23:51:23.707851288Z: [    1.625391] CacheFiles: Loaded
[STDOUT  ] 2017-12-14T23:51:23.709596816Z: [    1.627139] pnp: PnP ACPI init
[STDOUT  ] 2017-12-14T23:51:23.721383656Z: [    1.638793] pnp: PnP ACPI: found 5 devices
[STDOUT  ] 2017-12-14T23:51:23.773118324Z: [    1.689324] clocksource: acpi_pm: mask: 0xffffff max_cycles: 0xffffff, max_idle_ns: 2085701024 ns
[STDOUT  ] 2017-12-14T23:51:23.776055929Z: [    1.693451] NET: Registered protocol family 2
[STDOUT  ] 2017-12-14T23:51:23.784302606Z: [    1.701381] TCP established hash table entries: 8192 (order: 4, 65536 bytes)
[STDOUT  ] 2017-12-14T23:51:23.785456037Z: [    1.702562] TCP bind hash table entries: 8192 (order: 5, 131072 bytes)
[STDOUT  ] 2017-12-14T23:51:23.786558573Z: [    1.703686] TCP: Hash tables configured (established 8192 bind 8192)
[STDOUT  ] 2017-12-14T23:51:23.788829865Z: [    1.706060] UDP hash table entries: 512 (order: 2, 16384 bytes)
[STDOUT  ] 2017-12-14T23:51:23.789743148Z: [    1.706943] UDP-Lite hash table entries: 512 (order: 2, 16384 bytes)
[STDOUT  ] 2017-12-14T23:51:23.792093466Z: [    1.709492] NET: Registered protocol family 1
[STDOUT  ] 2017-12-14T23:51:23.794071085Z: [    1.711035] pci 0000:00:01.0: Video device with shadowed ROM at [mem 0x000c0000-0x000dffff]
[STDOUT  ] 2017-12-14T23:51:23.800861766Z: [    1.718348] Unpacking initramfs...
[STDOUT  ] 2017-12-14T23:51:27.04301302Z: [    4.959652] Freeing initrd memory: 24300K
[STDOUT  ] 2017-12-14T23:51:27.066291801Z: [    4.983874] PCLMULQDQ-NI instructions are not detected.
[STDOUT  ] 2017-12-14T23:51:27.067450192Z: [    4.984996] AVX or AES-NI instructions are not detected.
[STDOUT  ] 2017-12-14T23:51:27.06784745Z: [    4.985469] CPU feature 'AVX registers' is not supported.
[STDOUT  ] 2017-12-14T23:51:27.068213528Z: [    4.985834] CPU feature 'AVX registers' is not supported.
[STDOUT  ] 2017-12-14T23:51:27.068534847Z: [    4.986194] CPU feature 'AVX registers' is not supported.
[STDOUT  ] 2017-12-14T23:51:27.068874118Z: [    4.986528] CPU feature 'AVX registers' is not supported.
[STDOUT  ] 2017-12-14T23:51:27.069222906Z: [    4.986862] AVX2 or AES-NI instructions are not detected.
[STDOUT  ] 2017-12-14T23:51:27.069516644Z: [    4.987200] AVX2 instructions are not detected.
[STDOUT  ] 2017-12-14T23:51:27.075357001Z: [    4.992963] audit: initializing netlink subsys (disabled)
[STDOUT  ] 2017-12-14T23:51:27.076900521Z: [    4.994486] audit: type=2000 audit(1513295485.990:1): initialized
[STDOUT  ] 2017-12-14T23:51:27.084928905Z: [    5.002493] workingset: timestamp_bits=46 max_order=18 bucket_order=0
[STDOUT  ] 2017-12-14T23:51:27.089163538Z: [    5.006740] squashfs: version 4.0 (2009/01/31) Phillip Lougher
[STDOUT  ] 2017-12-14T23:51:27.091359107Z: [    5.008967] FS-Cache: Netfs 'cifs' registered for caching
[STDOUT  ] 2017-12-14T23:51:27.092138064Z: [    5.009852] fuse init (API version 7.26)
[STDOUT  ] 2017-12-14T23:51:27.097355563Z: [    5.014918] SGI XFS with ACLs, security attributes, no debug enabled
[STDOUT  ] 2017-12-14T23:51:27.101138949Z: [    5.018736] 9p: Installing v9fs 9p2000 file system support
[STDOUT  ] 2017-12-14T23:51:27.101583152Z: [    5.019219] FS-Cache: Netfs '9p' registered for caching
[STDOUT  ] 2017-12-14T23:51:27.13424343Z: [    5.051904] NET: Registered protocol family 38
[STDOUT  ] 2017-12-14T23:51:27.134737056Z: [    5.052446] Key type asymmetric registered
[STDOUT  ] 2017-12-14T23:51:27.135082716Z: [    5.052755] Asymmetric key parser 'x509' registered
[STDOUT  ] 2017-12-14T23:51:27.135975951Z: [    5.053477] Block layer SCSI generic (bsg) driver version 0.4 loaded (major 251)
[STDOUT  ] 2017-12-14T23:51:27.136974562Z: [    5.054682] io scheduler noop registered
[STDOUT  ] 2017-12-14T23:51:27.137333518Z: [    5.054974] io scheduler deadline registered (default)
[STDOUT  ] 2017-12-14T23:51:27.138063658Z: [    5.055774] io scheduler cfq registered
[STDOUT  ] 2017-12-14T23:51:27.140698771Z: [    5.058295] pci_hotplug: PCI Hot Plug PCI Core version: 0.5
[STDOUT  ] 2017-12-14T23:51:27.141281229Z: [    5.058867] pciehp: PCI Express Hot Plug Controller Driver version: 0.4
[STDOUT  ] 2017-12-14T23:51:27.142005376Z: [    5.059590] shpchp: Standard Hot Plug PCI Controller Driver version: 0.4
[STDOUT  ] 2017-12-14T23:51:27.143518486Z: [    5.061165] hv_vmbus: registering driver hyperv_fb
[STDOUT  ] 2017-12-14T23:51:27.146743108Z: [    5.064286] input: Power Button as /devices/LNXSYSTM:00/LNXPWRBN:00/input/input0
[STDOUT  ] 2017-12-14T23:51:27.147565005Z: [    5.065259] ACPI: Power Button [PWRF]
[STDOUT  ] 2017-12-14T23:51:27.152070042Z: [    5.069774] GHES: HEST is not enabled!
[STDOUT  ] 2017-12-14T23:51:27.164518281Z: [    5.082110] ACPI: PCI Interrupt Link [GSIG] enabled at IRQ 22
[STDOUT  ] 2017-12-14T23:51:27.177225257Z: [    5.094816] ACPI: PCI Interrupt Link [GSIH] enabled at IRQ 23
[STDOUT  ] 2017-12-14T23:51:27.18108569Z: [    5.098657] xenfs: not registering filesystem on non-xen platform
[STDOUT  ] 2017-12-14T23:51:27.183194062Z: [    5.100779] Serial: 8250/16550 driver, 4 ports, IRQ sharing disabled
[STDOUT  ] 2017-12-14T23:51:27.209388449Z: [    5.126928] 00:04: ttyS0 at I/O 0x3f8 (irq = 4, base_baud = 115200) is a 16550A
[STDOUT  ] 2017-12-14T23:51:27.219755912Z: [    5.137443] Non-volatile memory driver v1.3
[STDOUT  ] 2017-12-14T23:51:27.226116041Z: [    5.143567] Hangcheck: starting hangcheck timer 0.9.1 (tick is 180 seconds, margin is 60 seconds).
[STDOUT  ] 2017-12-14T23:51:27.230844381Z: [    5.148559] random: fast init done
[STDOUT  ] 2017-12-14T23:51:27.231996107Z: [    5.149724] random: crng init done
[STDOUT  ] 2017-12-14T23:51:27.266088566Z: [    5.183799] loop: module loaded
[STDOUT  ] 2017-12-14T23:51:27.279910623Z: [    5.197581] nbd: registered device at major 43
[STDOUT  ] 2017-12-14T23:51:27.324328146Z: [    5.241888] lpc_ich 0000:00:1f.0: I/O space for GPIO uninitialized
[STDOUT  ] 2017-12-14T23:51:27.325891706Z: [    5.243519] VMware PVSCSI driver - version 1.0.7.0-k
[STDOUT  ] 2017-12-14T23:51:27.3266132Z: [    5.244253] hv_vmbus: registering driver hv_storvsc
[STDOUT  ] 2017-12-14T23:51:27.336690093Z: [    5.254289] ACPI: PCI Interrupt Link [GSIA] enabled at IRQ 16
[STDOUT  ] 2017-12-14T23:51:27.343151944Z: [    5.260665] ahci 0000:00:1f.2: AHCI 0001.0000 32 slots 6 ports 1.5 Gbps 0x3f impl SATA mode
[STDOUT  ] 2017-12-14T23:51:27.343624674Z: [    5.261270] ahci 0000:00:1f.2: flags: 64bit ncq only 
[STDOUT  ] 2017-12-14T23:51:27.364163544Z: [    5.281887] scsi host0: ahci
[STDOUT  ] 2017-12-14T23:51:27.367700656Z: [    5.285433] scsi host1: ahci
[STDOUT  ] 2017-12-14T23:51:27.369866441Z: [    5.287605] scsi host2: ahci
[STDOUT  ] 2017-12-14T23:51:27.371988167Z: [    5.289728] scsi host3: ahci
[STDOUT  ] 2017-12-14T23:51:27.37436525Z: [    5.292101] scsi host4: ahci
[STDOUT  ] 2017-12-14T23:51:27.376528524Z: [    5.294271] scsi host5: ahci
[STDOUT  ] 2017-12-14T23:51:27.378517801Z: [    5.296076] ata1: SATA max UDMA/133 abar m4096@0xfebd2000 port 0xfebd2100 irq 24
[STDOUT  ] 2017-12-14T23:51:27.378967898Z: [    5.296535] ata2: SATA max UDMA/133 abar m4096@0xfebd2000 port 0xfebd2180 irq 24
[STDOUT  ] 2017-12-14T23:51:27.379350013Z: [    5.296910] ata3: SATA max UDMA/133 abar m4096@0xfebd2000 port 0xfebd2200 irq 24
[STDOUT  ] 2017-12-14T23:51:27.37972574Z: [    5.297289] ata4: SATA max UDMA/133 abar m4096@0xfebd2000 port 0xfebd2280 irq 24
[STDOUT  ] 2017-12-14T23:51:27.380114531Z: [    5.297681] ata5: SATA max UDMA/133 abar m4096@0xfebd2000 port 0xfebd2300 irq 24
[STDOUT  ] 2017-12-14T23:51:27.38049279Z: [    5.298053] ata6: SATA max UDMA/133 abar m4096@0xfebd2000 port 0xfebd2380 irq 24
[STDOUT  ] 2017-12-14T23:51:27.394165935Z: [    5.311784] tun: Universal TUN/TAP device driver, 1.6
[STDOUT  ] 2017-12-14T23:51:27.394709169Z: [    5.312318] tun: (C) 1999-2004 Max Krasnyansky <maxk@qualcomm.com>
[STDOUT  ] 2017-12-14T23:51:27.405428778Z: [    5.322966] VMware vmxnet3 virtual NIC driver - version 1.4.a.0-k-NAPI
[STDOUT  ] 2017-12-14T23:51:27.406137446Z: [    5.323797] hv_vmbus: registering driver hv_netvsc
[STDOUT  ] 2017-12-14T23:51:27.406407927Z: [    5.324110] Fusion MPT base driver 3.04.20
[STDOUT  ] 2017-12-14T23:51:27.40667169Z: [    5.324345] Copyright (c) 1999-2008 LSI Corporation
[STDOUT  ] 2017-12-14T23:51:27.407155141Z: [    5.324858] Fusion MPT SPI Host driver 3.04.20
[STDOUT  ] 2017-12-14T23:51:27.409453348Z: [    5.326971] i8042: PNP: PS/2 Controller [PNP0303:KBD,PNP0f13:MOU] at 0x60,0x64 irq 1,12
[STDOUT  ] 2017-12-14T23:51:27.413553386Z: [    5.331177] serio: i8042 KBD port at 0x60,0x64 irq 1
[STDOUT  ] 2017-12-14T23:51:27.414117956Z: [    5.331757] serio: i8042 AUX port at 0x60,0x64 irq 12
[STDOUT  ] 2017-12-14T23:51:27.417058137Z: [    5.334674] hv_vmbus: registering driver hyperv_keyboard
[STDOUT  ] 2017-12-14T23:51:27.419208194Z: [    5.336807] mousedev: PS/2 mouse device common for all mice
[STDOUT  ] 2017-12-14T23:51:27.42429511Z: [    5.341794] input: AT Translated Set 2 keyboard as /devices/platform/i8042/serio0/input/input1
[STDOUT  ] 2017-12-14T23:51:27.427234332Z: [    5.344811] input: PC Speaker as /devices/platform/pcspkr/input/input2
[STDOUT  ] 2017-12-14T23:51:27.430544422Z: [    5.348229] rtc_cmos 00:00: RTC can wake from S4
[STDOUT  ] 2017-12-14T23:51:27.434161271Z: [    5.351762] rtc_cmos 00:00: rtc core: registered rtc_cmos as rtc0
[STDOUT  ] 2017-12-14T23:51:27.435367979Z: [    5.352917] rtc_cmos 00:00: alarms up to one day, y3k, 114 bytes nvram, hpet irqs
[STDOUT  ] 2017-12-14T23:51:27.43578345Z: [    5.353518] i2c /dev entries driver
[STDOUT  ] 2017-12-14T23:51:27.437875171Z: [    5.355390] device-mapper: ioctl: 4.35.0-ioctl (2016-06-23) initialised: dm-devel@redhat.com
[STDOUT  ] 2017-12-14T23:51:27.442408364Z: [    5.359933] usbcore: registered new interface driver usbhid
[STDOUT  ] 2017-12-14T23:51:27.442791417Z: [    5.360515] usbhid: USB HID core driver
[STDOUT  ] 2017-12-14T23:51:27.443522936Z: [    5.361150] hv_utils: Registering HyperV Utility Driver
[STDOUT  ] 2017-12-14T23:51:27.443783728Z: [    5.361466] hv_vmbus: registering driver hv_util
[STDOUT  ] 2017-12-14T23:51:27.444076916Z: [    5.361727] hv_vmbus: registering driver hv_balloon
[STDOUT  ] 2017-12-14T23:51:27.444594835Z: [    5.362205] oprofile: using NMI interrupt.
[STDOUT  ] 2017-12-14T23:51:27.445508228Z: [    5.363248] GACT probability on
[STDOUT  ] 2017-12-14T23:51:27.445930834Z: [    5.363660] Mirror/redirect action on
[STDOUT  ] 2017-12-14T23:51:27.446689206Z: [    5.364422] Simple TC action Loaded
[STDOUT  ] 2017-12-14T23:51:27.44716802Z: [    5.364929] u32 classifier
[STDOUT  ] 2017-12-14T23:51:27.447432263Z: [    5.365106]     Performance counters on
[STDOUT  ] 2017-12-14T23:51:27.447658562Z: [    5.365376]     input device check on
[STDOUT  ] 2017-12-14T23:51:27.447870988Z: [    5.365595]     Actions configured
[STDOUT  ] 2017-12-14T23:51:27.448449372Z: [    5.366115] Netfilter messages via NETLINK v0.30.
[STDOUT  ] 2017-12-14T23:51:27.44896067Z: [    5.366626] nfnl_acct: registering with nfnetlink.
[STDOUT  ] 2017-12-14T23:51:27.450263087Z: [    5.367865] nf_conntrack version 0.5.0 (8192 buckets, 32768 max)
[STDOUT  ] 2017-12-14T23:51:27.453651201Z: [    5.371267] ctnetlink v0.93: registering with nfnetlink.
[STDOUT  ] 2017-12-14T23:51:27.456982976Z: [    5.374612] nf_tables: (c) 2007-2009 Patrick McHardy <kaber@trash.net>
[STDOUT  ] 2017-12-14T23:51:27.457791063Z: [    5.375352] nf_tables_compat: (c) 2012 Pablo Neira Ayuso <pablo@netfilter.org>
[STDOUT  ] 2017-12-14T23:51:27.459845441Z: [    5.377537] xt_time: kernel timezone is -0000
[STDOUT  ] 2017-12-14T23:51:27.460283991Z: [    5.378034] ip_set: protocol 6
[STDOUT  ] 2017-12-14T23:51:27.461013728Z: [    5.378621] IPVS: Registered protocols (TCP, UDP, SCTP, AH, ESP)
[STDOUT  ] 2017-12-14T23:51:27.461617601Z: [    5.379185] IPVS: Connection hash table configured (size=4096, memory=64Kbytes)
[STDOUT  ] 2017-12-14T23:51:27.4633704Z: [    5.381041] IPVS: Creating netns size=2104 id=0
[STDOUT  ] 2017-12-14T23:51:27.466035412Z: [    5.383727] IPVS: ipvs loaded.
[STDOUT  ] 2017-12-14T23:51:27.466375917Z: [    5.384082] IPVS: [rr] scheduler registered.
[STDOUT  ] 2017-12-14T23:51:27.466677644Z: [    5.384364] IPVS: [wrr] scheduler registered.
[STDOUT  ] 2017-12-14T23:51:27.466934658Z: [    5.384622] IPVS: [lc] scheduler registered.
[STDOUT  ] 2017-12-14T23:51:27.467184119Z: [    5.384880] IPVS: [wlc] scheduler registered.
[STDOUT  ] 2017-12-14T23:51:27.467424898Z: [    5.385128] IPVS: [fo] scheduler registered.
[STDOUT  ] 2017-12-14T23:51:27.46771533Z: [    5.385393] IPVS: [ovf] scheduler registered.
[STDOUT  ] 2017-12-14T23:51:27.468072294Z: [    5.385764] IPVS: [lblc] scheduler registered.
[STDOUT  ] 2017-12-14T23:51:27.468460881Z: [    5.386120] IPVS: [lblcr] scheduler registered.
[STDOUT  ] 2017-12-14T23:51:27.468721406Z: [    5.386417] IPVS: [dh] scheduler registered.
[STDOUT  ] 2017-12-14T23:51:27.468975788Z: [    5.386666] IPVS: [sh] scheduler registered.
[STDOUT  ] 2017-12-14T23:51:27.469233366Z: [    5.386926] IPVS: [sed] scheduler registered.
[STDOUT  ] 2017-12-14T23:51:27.469478259Z: [    5.387175] IPVS: [nq] scheduler registered.
[STDOUT  ] 2017-12-14T23:51:27.470147363Z: [    5.387789] IPVS: ftp: loaded support on port[0] = 21
[STDOUT  ] 2017-12-14T23:51:27.470971751Z: [    5.388598] ipip: IPv4 and MPLS over IPv4 tunneling driver
[STDOUT  ] 2017-12-14T23:51:27.475335751Z: [    5.392979] gre: GRE over IPv4 demultiplexor driver
[STDOUT  ] 2017-12-14T23:51:27.478019292Z: [    5.395614] ip_tables: (C) 2000-2006 Netfilter Core Team
[STDOUT  ] 2017-12-14T23:51:27.481178547Z: [    5.398754] ipt_CLUSTERIP: ClusterIP Version 0.8 loaded successfully
[STDOUT  ] 2017-12-14T23:51:27.48178514Z: [    5.399408] arp_tables: arp_tables: (C) 2002 David S. Miller
[STDOUT  ] 2017-12-14T23:51:27.484376259Z: [    5.402058] NET: Registered protocol family 10
[STDOUT  ] 2017-12-14T23:51:27.495424161Z: [    5.413035] ip6_tables: (C) 2000-2006 Netfilter Core Team
[STDOUT  ] 2017-12-14T23:51:27.503698314Z: [    5.421339] NET: Registered protocol family 17
[STDOUT  ] 2017-12-14T23:51:27.50462954Z: [    5.422335] Bridge firewalling registered
[STDOUT  ] 2017-12-14T23:51:27.50507115Z: [    5.422801] Ebtables v2.0 registered
[STDOUT  ] 2017-12-14T23:51:27.506954837Z: [    5.424643] 8021q: 802.1Q VLAN Support v1.8
[STDOUT  ] 2017-12-14T23:51:27.508424718Z: [    5.426119] 9pnet: Installing 9P2000 support
[STDOUT  ] 2017-12-14T23:51:27.509803814Z: [    5.427497] Key type dns_resolver registered
[STDOUT  ] 2017-12-14T23:51:27.510747572Z: [    5.428367] microcode: AMD CPU family 0x6 not supported
[STDOUT  ] 2017-12-14T23:51:27.514940535Z: [    5.432616] registered taskstats version 1
[STDOUT  ] 2017-12-14T23:51:27.712899067Z: [    5.630566] Key type big_key registered
[STDOUT  ] 2017-12-14T23:51:27.714368094Z: [    5.631991] ata2: SATA link down (SStatus 0 SControl 300)
[STDOUT  ] 2017-12-14T23:51:27.716339452Z: [    5.633966] ata1: SATA link down (SStatus 0 SControl 300)
[STDOUT  ] 2017-12-14T23:51:27.727180203Z: [    5.644713] ata5: SATA link down (SStatus 0 SControl 300)
[STDOUT  ] 2017-12-14T23:51:27.727852324Z: [    5.645480] ata4: SATA link down (SStatus 0 SControl 300)
[STDOUT  ] 2017-12-14T23:51:27.728588831Z: [    5.646192] ata3: SATA link up 1.5 Gbps (SStatus 113 SControl 300)
[STDOUT  ] 2017-12-14T23:51:27.731886336Z: [    5.649502] ata3.00: ATAPI: QEMU DVD-ROM, 2.5+, max UDMA/100
[STDOUT  ] 2017-12-14T23:51:27.732231516Z: [    5.649948] ata3.00: applying bridge limits
[STDOUT  ] 2017-12-14T23:51:27.734220738Z: [    5.651842] ata6: SATA link down (SStatus 0 SControl 300)
[STDOUT  ] 2017-12-14T23:51:27.743424441Z: [    5.661120] ata3.00: configured for UDMA/100
[STDOUT  ] 2017-12-14T23:51:27.764164204Z: [    5.681653] scsi 2:0:0:0: CD-ROM            QEMU     QEMU DVD-ROM     2.5+ PQ: 0 ANSI: 5
[STDOUT  ] 2017-12-14T23:51:27.785880018Z: [    5.703421] sr 2:0:0:0: [sr0] scsi3-mmc drive: 4x/4x cd/rw xa/form2 tray
[STDOUT  ] 2017-12-14T23:51:27.786388557Z: [    5.704028] cdrom: Uniform CD-ROM driver Revision: 3.20
[STDOUT  ] 2017-12-14T23:51:27.796978511Z: [    5.714584] sr 2:0:0:0: Attached scsi generic sg0 type 5
[STDOUT  ] 2017-12-14T23:51:27.884865649Z: [    5.802508] Key type encrypted registered
[STDOUT  ] 2017-12-14T23:51:27.888977952Z: [    5.806488] rtc_cmos 00:00: setting system clock to 2017-12-14 23:51:27 UTC (1513295487)
[STDOUT  ] 2017-12-14T23:51:28.037658302Z: [    5.955230] Freeing unused kernel memory: 1380K
[STDOUT  ] 2017-12-14T23:51:28.038047118Z: [    5.955666] Write protecting the kernel read-only data: 12288k
[STDOUT  ] 2017-12-14T23:51:28.044163124Z: [    5.961800] Freeing unused kernel memory: 128K
[STDOUT  ] 2017-12-14T23:51:28.169629683Z: [    6.087245] Freeing unused kernel memory: 1396K
[STDOUT  ] 2017-12-14T23:51:28.170344615Z: [    6.087918] tsc: Refined TSC clocksource calibration: 2300.045 MHz
[STDOUT  ] 2017-12-14T23:51:28.170855929Z: [    6.088376] clocksource: tsc: mask: 0xffffffffffffffff max_cycles: 0x21275fcd10f, max_idle_ns: 440795311009 ns
[STDOUT  ] 2017-12-14T23:51:29.180840858Z: [    7.098501] clocksource: Switched to clocksource tsc
[STDOUT  ] 2017-12-14T23:51:36.150862988Z: 
[STDOUT  ] 2017-12-14T23:51:36.151338186Z: Welcome to LinuxKit
[STDOUT  ] 2017-12-14T23:51:36.151435873Z: 
[STDOUT  ] 2017-12-14T23:51:36.151721073Z:                         ##         .
[STDOUT  ] 2017-12-14T23:51:36.152014095Z:                   ## ## ##        ==
[STDOUT  ] 2017-12-14T23:51:36.152717601Z:                ## ## ## ## ##    ===
[STDOUT  ] 2017-12-14T23:51:36.153019396Z:            /"""""""""""""""""\___/ ===
[STDOUT  ] 2017-12-14T23:51:36.153333506Z:           {                       /  ===-
[STDOUT  ] 2017-12-14T23:51:36.153603713Z:            \______ O           __/
[STDOUT  ] 2017-12-14T23:51:36.153833247Z:              \    \         __/
[STDOUT  ] 2017-12-14T23:51:36.15405859Z:               \____\_______/
[STDOUT  ] 2017-12-14T23:51:36.154150652Z: 
[STDOUT  ] 2017-12-14T23:51:37.327852291Z: container_linux.go:296: starting container process caused "process_linux.go:398: container init caused \"rootfs_linux.go:58: mounting \\\"/check.sh\\\" to rootfs \\\"/containers/onboot/000-test/rootfs\\\" at \\\"/containers/onboot/000-test/rootfs/check.sh\\\" caused \\\"open /containers/onboot/000-test/rootfs/check.sh: read-only file system\\\"\""
[STDOUT  ] 2017-12-14T23:51:37.361743749Z: 2017/12/14 23:51:36 Error creating 000-test: exit status 1
[STDOUT  ] 2017-12-14T23:51:49.077301869Z: [   26.994438] ACPI: Preparing to enter system sleep state S5
[STDOUT  ] 2017-12-14T23:51:49.078516165Z: [   26.995981] reboot: Power down
[STDERR  ] 2017-12-14T23:51:49.183625644Z: + exit 0
[STDERR  ] 2017-12-14T23:51:49.183683463Z: + clean_up
[STDERR  ] 2017-12-14T23:51:49.183696451Z: + rm -rf lsof-cmdline lsof-initrd.img lsof-kernel lsof-state
[PASS    ] linuxkit.security.ports 48.78s
