[INFO    ] 2017-09-29T01:11:46.45894049Z: Running Test linuxkit.kernel.config_4.4.x in /tmp/build/test/cases/020_kernel/000_config_4.4.x
[INFO    ] 2017-09-29T01:11:46.459016114Z: Running command: [/bin/sh -x /tmp/build/test/cases/020_kernel/000_config_4.4.x/test.sh]
[STDERR  ] 2017-09-29T01:11:46.459830445Z: + set -e
[STDERR  ] 2017-09-29T01:11:46.459908847Z: + . /tmp/build/test/cases/_lib/lib.sh
[STDERR  ] 2017-09-29T01:11:46.459958134Z: + [ -f src/github.com/linuxkit/rtf/lib/lib.sh ]
[STDERR  ] 2017-09-29T01:11:46.46001601Z: + LINUXKIT_TMPDIR=/tmp/build/test/cases/_tmp
[STDERR  ] 2017-09-29T01:11:46.460055186Z: + [ -f /tmp/build/test/cases/_tmp/env.sh ]
[STDERR  ] 2017-09-29T01:11:46.460095827Z: + . /tmp/build/test/cases/_tmp/env.sh
[STDERR  ] 2017-09-29T01:11:46.460131384Z: + export LINUXKIT_EXAMPLES_DIR=/tmp/build/test/cases/../../examples
[STDERR  ] 2017-09-29T01:11:46.46017273Z: + export LINUXKIT_BLUEPRINTS_DIR=/tmp/build/test/cases/../../blueprints
[STDERR  ] 2017-09-29T01:11:46.460202952Z: + RT_CANCEL=253
[STDERR  ] 2017-09-29T01:11:46.460237909Z: + NAME=kconfig
[STDERR  ] 2017-09-29T01:11:46.460272632Z: + trap clean_up EXIT
[STDERR  ] 2017-09-29T01:11:46.460332363Z: + moby build -format kernel+initrd -name kconfig test.yml
[STDERR  ] 2017-09-29T01:11:46.483595061Z: Extract kernel image: linuxkit/kernel:4.4.88
[STDERR  ] 2017-09-29T01:11:48.88480044Z: Pull image: docker.io/linuxkit/kernel:4.4.88@sha256:f496afaa90c810dd9fbc9371167be6ce86f006426647dc2bb1b2e5a746722a51
[STDERR  ] 2017-09-29T01:11:55.977791231Z: Add init containers:
[STDERR  ] 2017-09-29T01:11:55.977917091Z: Process init image: linuxkit/init:6fe9d31a53bbd200183bb31edd795305e868d5a7
[STDERR  ] 2017-09-29T01:11:57.42983929Z: Process init image: linuxkit/runc:a1b564248a0d0b118c11e61db9f84ecf41dd2d2a
[STDERR  ] 2017-09-29T01:11:58.657621249Z: Add onboot containers:
[STDERR  ] 2017-09-29T01:11:58.657684827Z:   Create OCI config for linuxkit/test-kernel-config:d58766bb6c0def3df9e6ffc645ee11677f127faa
[STDERR  ] 2017-09-29T01:12:01.317893965Z:   Create OCI config for linuxkit/poweroff:1e9876c682c74d0602b7647c628bb0875fb13998
[STDERR  ] 2017-09-29T01:12:02.591573024Z: Create outputs:
[STDERR  ] 2017-09-29T01:12:06.808783097Z:   kconfig-kernel kconfig-initrd.img kconfig-cmdline
[STDERR  ] 2017-09-29T01:12:06.849939602Z: + linuxkit run kconfig
[STDERR  ] 2017-09-29T01:12:06.870210943Z: Unable to find qemu-system-x86_64 within the $PATH. Using a container
[STDERR  ] 2017-09-29T01:12:50.247031794Z: + RESULT=[    0.000000] Initializing cgroup subsys cpuset
[STDERR  ] 2017-09-29T01:12:50.247121553Z: [    0.000000] Initializing cgroup subsys cpu
[STDERR  ] 2017-09-29T01:12:50.247144044Z: [    0.000000] Initializing cgroup subsys cpuacct
[STDERR  ] 2017-09-29T01:12:50.247174705Z: [    0.000000] Linux version 4.4.88-linuxkit (root@5f135cb3b391) (gcc version 6.3.0 (Alpine 6.3.0) ) #1 SMP Wed Sep 20 11:42:22 UTC 2017
[STDERR  ] 2017-09-29T01:12:50.247199815Z: [    0.000000] Command line: console=ttyS0
[STDERR  ] 2017-09-29T01:12:50.247222619Z: [    0.000000] x86/fpu: Legacy x87 FPU detected.
[STDERR  ] 2017-09-29T01:12:50.24724376Z: [    0.000000] x86/fpu: Using 'lazy' FPU context switches.
[STDERR  ] 2017-09-29T01:12:50.247263456Z: [    0.000000] e820: BIOS-provided physical RAM map:
[STDERR  ] 2017-09-29T01:12:50.247285355Z: [    0.000000] BIOS-e820: [mem 0x0000000000000000-0x000000000009fbff] usable
[STDERR  ] 2017-09-29T01:12:50.247307292Z: [    0.000000] BIOS-e820: [mem 0x000000000009fc00-0x000000000009ffff] reserved
[STDERR  ] 2017-09-29T01:12:50.247327095Z: [    0.000000] BIOS-e820: [mem 0x00000000000f0000-0x00000000000fffff] reserved
[STDERR  ] 2017-09-29T01:12:50.247350833Z: [    0.000000] BIOS-e820: [mem 0x0000000000100000-0x000000003ffdefff] usable
[STDERR  ] 2017-09-29T01:12:50.247366827Z: [    0.000000] BIOS-e820: [mem 0x000000003ffdf000-0x000000003fffffff] reserved
[STDERR  ] 2017-09-29T01:12:50.247381305Z: [    0.000000] BIOS-e820: [mem 0x00000000b0000000-0x00000000bfffffff] reserved
[STDERR  ] 2017-09-29T01:12:50.247407493Z: [    0.000000] BIOS-e820: [mem 0x00000000fed1c000-0x00000000fed1ffff] reserved
[STDERR  ] 2017-09-29T01:12:50.247445052Z: [    0.000000] BIOS-e820: [mem 0x00000000fffc0000-0x00000000ffffffff] reserved
[STDERR  ] 2017-09-29T01:12:50.247466417Z: [    0.000000] NX (Execute Disable) protection: active
[STDERR  ] 2017-09-29T01:12:50.247482053Z: [    0.000000] SMBIOS 2.8 present.
[STDERR  ] 2017-09-29T01:12:50.247497427Z: [    0.000000] e820: last_pfn = 0x3ffdf max_arch_pfn = 0x400000000
[STDERR  ] 2017-09-29T01:12:50.247522515Z: [    0.000000] x86/PAT: Configuration [0-7]: WB  WC  UC- UC  WB  WC  UC- WT  
[STDERR  ] 2017-09-29T01:12:50.247535587Z: [    0.000000] found SMP MP-table at [mem 0x000f6aa0-0x000f6aaf] mapped at [ffff8800000f6aa0]
[STDERR  ] 2017-09-29T01:12:50.247549228Z: [    0.000000] RAMDISK: [mem 0x3eacb000-0x3ffcffff]
[STDERR  ] 2017-09-29T01:12:50.247562235Z: [    0.000000] ACPI: Early table checksum verification disabled
[STDERR  ] 2017-09-29T01:12:50.247574913Z: [    0.000000] ACPI: RSDP 0x00000000000F68C0 000014 (v00 BOCHS )
[STDERR  ] 2017-09-29T01:12:50.247586945Z: [    0.000000] ACPI: RSDT 0x000000003FFE2404 000034 (v01 BOCHS  BXPCRSDT 00000001 BXPC 00000001)
[STDERR  ] 2017-09-29T01:12:50.24763301Z: [    0.000000] ACPI: FACP 0x000000003FFE22A4 000074 (v01 BOCHS  BXPCFACP 00000001 BXPC 00000001)
[STDERR  ] 2017-09-29T01:12:50.247645208Z: [    0.000000] ACPI: DSDT 0x000000003FFE0040 002264 (v01 BOCHS  BXPCDSDT 00000001 BXPC 00000001)
[STDERR  ] 2017-09-29T01:12:50.247657355Z: [    0.000000] ACPI: FACS 0x000000003FFE0000 000040
[STDERR  ] 2017-09-29T01:12:50.247669452Z: [    0.000000] ACPI: APIC 0x000000003FFE2318 000078 (v01 BOCHS  BXPCAPIC 00000001 BXPC 00000001)
[STDERR  ] 2017-09-29T01:12:50.247682379Z: [    0.000000] ACPI: HPET 0x000000003FFE2390 000038 (v01 BOCHS  BXPCHPET 00000001 BXPC 00000001)
[STDERR  ] 2017-09-29T01:12:50.24769417Z: [    0.000000] ACPI: MCFG 0x000000003FFE23C8 00003C (v01 BOCHS  BXPCMCFG 00000001 BXPC 00000001)
[STDERR  ] 2017-09-29T01:12:50.247706226Z: [    0.000000] Zone ranges:
[STDERR  ] 2017-09-29T01:12:50.247719837Z: [    0.000000]   DMA      [mem 0x0000000000001000-0x0000000000ffffff]
[STDERR  ] 2017-09-29T01:12:50.247731949Z: [    0.000000]   DMA32    [mem 0x0000000001000000-0x000000003ffdefff]
[STDERR  ] 2017-09-29T01:12:50.247744031Z: [    0.000000]   Normal   empty
[STDERR  ] 2017-09-29T01:12:50.247756294Z: [    0.000000] Movable zone start for each node
[STDERR  ] 2017-09-29T01:12:50.247768114Z: [    0.000000] Early memory node ranges
[STDERR  ] 2017-09-29T01:12:50.247779985Z: [    0.000000]   node   0: [mem 0x0000000000001000-0x000000000009efff]
[STDERR  ] 2017-09-29T01:12:50.247791959Z: [    0.000000]   node   0: [mem 0x0000000000100000-0x000000003ffdefff]
[STDERR  ] 2017-09-29T01:12:50.247803956Z: [    0.000000] Initmem setup node 0 [mem 0x0000000000001000-0x000000003ffdefff]
[STDERR  ] 2017-09-29T01:12:50.247816709Z: [    0.000000] ACPI: PM-Timer IO Port: 0x608
[STDERR  ] 2017-09-29T01:12:50.247828917Z: [    0.000000] ACPI: LAPIC_NMI (acpi_id[0xff] dfl dfl lint[0x1])
[STDERR  ] 2017-09-29T01:12:50.24784458Z: [    0.000000] IOAPIC[0]: apic_id 0, version 32, address 0xfec00000, GSI 0-23
[STDERR  ] 2017-09-29T01:12:50.247856676Z: [    0.000000] ACPI: INT_SRC_OVR (bus 0 bus_irq 0 global_irq 2 dfl dfl)
[STDERR  ] 2017-09-29T01:12:50.247868537Z: [    0.000000] ACPI: INT_SRC_OVR (bus 0 bus_irq 5 global_irq 5 high level)
[STDERR  ] 2017-09-29T01:12:50.247898858Z: [    0.000000] ACPI: INT_SRC_OVR (bus 0 bus_irq 9 global_irq 9 high level)
[STDERR  ] 2017-09-29T01:12:50.247910857Z: [    0.000000] ACPI: INT_SRC_OVR (bus 0 bus_irq 10 global_irq 10 high level)
[STDERR  ] 2017-09-29T01:12:50.247922281Z: [    0.000000] ACPI: INT_SRC_OVR (bus 0 bus_irq 11 global_irq 11 high level)
[STDERR  ] 2017-09-29T01:12:50.247934758Z: [    0.000000] Using ACPI (MADT) for SMP configuration information
[STDERR  ] 2017-09-29T01:12:50.247946349Z: [    0.000000] ACPI: HPET id: 0x8086a201 base: 0xfed00000
[STDERR  ] 2017-09-29T01:12:50.247958304Z: [    0.000000] smpboot: Allowing 1 CPUs, 0 hotplug CPUs
[STDERR  ] 2017-09-29T01:12:50.247970901Z: [    0.000000] e820: [mem 0x40000000-0xafffffff] available for PCI devices
[STDERR  ] 2017-09-29T01:12:50.247986544Z: [    0.000000] Booting paravirtualized kernel on bare hardware
[STDERR  ] 2017-09-29T01:12:50.248001975Z: [    0.000000] clocksource: refined-jiffies: mask: 0xffffffff max_cycles: 0xffffffff, max_idle_ns: 19112604462750000 ns
[STDERR  ] 2017-09-29T01:12:50.248018984Z: [    0.000000] setup_percpu: NR_CPUS:128 nr_cpumask_bits:128 nr_cpu_ids:1 nr_node_ids:1
[STDERR  ] 2017-09-29T01:12:50.248033812Z: [    0.000000] PERCPU: Embedded 33 pages/cpu @ffff88003e800000 s95896 r8192 d31080 u2097152
[STDERR  ] 2017-09-29T01:12:50.248045544Z: [    0.000000] Built 1 zonelists in Zone order, mobility grouping on.  Total pages: 257896
[STDERR  ] 2017-09-29T01:12:50.248057078Z: [    0.000000] Kernel command line: console=ttyS0
[STDERR  ] 2017-09-29T01:12:50.248072664Z: [    0.000000] PID hash table entries: 4096 (order: 3, 32768 bytes)
[STDERR  ] 2017-09-29T01:12:50.248084777Z: [    0.000000] Dentry cache hash table entries: 131072 (order: 8, 1048576 bytes)
[STDERR  ] 2017-09-29T01:12:50.248097338Z: [    0.000000] Inode-cache hash table entries: 65536 (order: 7, 524288 bytes)
[STDERR  ] 2017-09-29T01:12:50.24811021Z: [    0.000000] Memory: 992552K/1048052K available (7633K kernel code, 1263K rwdata, 2704K rodata, 1300K init, 688K bss, 55500K reserved, 0K cma-reserved)
[STDERR  ] 2017-09-29T01:12:50.248125589Z: [    0.000000] Hierarchical RCU implementation.
[STDERR  ] 2017-09-29T01:12:50.248142849Z: [    0.000000] 	Build-time adjustment of leaf fanout to 64.
[STDERR  ] 2017-09-29T01:12:50.248161817Z: [    0.000000] 	RCU restricting CPUs from NR_CPUS=128 to nr_cpu_ids=1.
[STDERR  ] 2017-09-29T01:12:50.248179252Z: [    0.000000] RCU: Adjusting geometry for rcu_fanout_leaf=64, nr_cpu_ids=1
[STDERR  ] 2017-09-29T01:12:50.248195453Z: [    0.000000] NR_IRQS:8448 nr_irqs:256 16
[STDERR  ] 2017-09-29T01:12:50.248211546Z: [    0.000000] Console: colour VGA+ 80x25
[STDERR  ] 2017-09-29T01:12:50.248223764Z: [    0.000000] console [ttyS0] enabled
[STDERR  ] 2017-09-29T01:12:50.248235572Z: [    0.000000] clocksource: hpet: mask: 0xffffffff max_cycles: 0xffffffff, max_idle_ns: 19112604467 ns
[STDERR  ] 2017-09-29T01:12:50.248248498Z: [    0.000000] tsc: Unable to calibrate against PIT
[STDERR  ] 2017-09-29T01:12:50.24826608Z: [    0.000000] tsc: using HPET reference calibration
[STDERR  ] 2017-09-29T01:12:50.248277736Z: [    0.000000] tsc: Detected 2599.964 MHz processor
[STDERR  ] 2017-09-29T01:12:50.248289659Z: [    0.043145] Calibrating delay loop (skipped), value calculated using timer frequency.. 5199.92 BogoMIPS (lpj=25999640)
[STDERR  ] 2017-09-29T01:12:50.248301791Z: [    0.051761] pid_max: default: 32768 minimum: 301
[STDERR  ] 2017-09-29T01:12:50.248314718Z: [    0.052706] ACPI: Core revision 20150930
[STDERR  ] 2017-09-29T01:12:50.248338555Z: [    0.105848] ACPI: 1 ACPI AML tables successfully acquired and loaded
[STDERR  ] 2017-09-29T01:12:50.248357225Z: [    0.108130] Security Framework initialized
[STDERR  ] 2017-09-29T01:12:50.248369608Z: [    0.108610] Yama: becoming mindful.
[STDERR  ] 2017-09-29T01:12:50.248382274Z: [    0.113736] Mount-cache hash table entries: 2048 (order: 2, 16384 bytes)
[STDERR  ] 2017-09-29T01:12:50.248399284Z: [    0.114364] Mountpoint-cache hash table entries: 2048 (order: 2, 16384 bytes)
[STDERR  ] 2017-09-29T01:12:50.248412936Z: [    0.130668] Initializing cgroup subsys io
[STDERR  ] 2017-09-29T01:12:50.248424868Z: [    0.131773] Initializing cgroup subsys memory
[STDERR  ] 2017-09-29T01:12:50.248436676Z: [    0.132855] Initializing cgroup subsys devices
[STDERR  ] 2017-09-29T01:12:50.248450352Z: [    0.133446] Initializing cgroup subsys freezer
[STDERR  ] 2017-09-29T01:12:50.248462384Z: [    0.133994] Initializing cgroup subsys net_cls
[STDERR  ] 2017-09-29T01:12:50.248474083Z: [    0.134499] Initializing cgroup subsys perf_event
[STDERR  ] 2017-09-29T01:12:50.248485706Z: [    0.135007] Initializing cgroup subsys net_prio
[STDERR  ] 2017-09-29T01:12:50.248497232Z: [    0.135550] Initializing cgroup subsys hugetlb
[STDERR  ] 2017-09-29T01:12:50.248512163Z: [    0.136025] Initializing cgroup subsys pids
[STDERR  ] 2017-09-29T01:12:50.248524105Z: [    0.138660] Last level iTLB entries: 4KB 0, 2MB 0, 4MB 0
[STDERR  ] 2017-09-29T01:12:50.248538209Z: [    0.139229] Last level dTLB entries: 4KB 0, 2MB 0, 4MB 0, 1GB 0
[STDERR  ] 2017-09-29T01:12:50.248550033Z: [    0.382856] Freeing SMP alternatives memory: 20K
[STDERR  ] 2017-09-29T01:12:50.248561909Z: [    0.391934] ftrace: allocating 33495 entries in 131 pages
[STDERR  ] 2017-09-29T01:12:50.248582562Z: [    0.542412] ..TIMER: vector=0x30 apic1=0 pin1=2 apic2=-1 pin2=-1
[STDERR  ] 2017-09-29T01:12:50.24859799Z: [    0.650000] smpboot: CPU0: AMD QEMU Virtual CPU version 2.5+ (family: 0x6, model: 0x6, stepping: 0x3)
[STDERR  ] 2017-09-29T01:12:50.248613493Z: [    0.650000] Performance Events: Broken PMU hardware detected, using software events only.
[STDERR  ] 2017-09-29T01:12:50.248629092Z: [    0.650000] Failed to access perfctr msr (MSR c0010007 is 0)
[STDERR  ] 2017-09-29T01:12:50.248644459Z: [    0.656542] x86: Booted up 1 node, 1 CPUs
[STDERR  ] 2017-09-29T01:12:50.248660503Z: [    0.657012] smpboot: Total of 1 processors activated (5199.92 BogoMIPS)
[STDERR  ] 2017-09-29T01:12:50.24867711Z: [    0.664742] NMI watchdog: disabled (cpu0): hardware events not enabled
[STDERR  ] 2017-09-29T01:12:50.248704774Z: [    0.665267] NMI watchdog: Shutting down hard lockup detector on all cpus
[STDERR  ] 2017-09-29T01:12:50.248722054Z: [    0.676087] devtmpfs: initialized
[STDERR  ] 2017-09-29T01:12:50.248738849Z: [    0.748976] clocksource: jiffies: mask: 0xffffffff max_cycles: 0xffffffff, max_idle_ns: 19112604462750000 ns
[STDERR  ] 2017-09-29T01:12:50.248755375Z: [    0.750194] futex hash table entries: 256 (order: 2, 16384 bytes)
[STDERR  ] 2017-09-29T01:12:50.248777409Z: [    0.763487] NET: Registered protocol family 16
[STDERR  ] 2017-09-29T01:12:50.248796813Z: [    0.772358] cpuidle: using governor ladder
[STDERR  ] 2017-09-29T01:12:50.248808903Z: [    0.772931] cpuidle: using governor menu
[STDERR  ] 2017-09-29T01:12:50.248820848Z: [    0.774551] ACPI: bus type PCI registered
[STDERR  ] 2017-09-29T01:12:50.248834038Z: [    0.777826] PCI: MMCONFIG for domain 0000 [bus 00-ff] at [mem 0xb0000000-0xbfffffff] (base 0xb0000000)
[STDERR  ] 2017-09-29T01:12:50.248847054Z: [    0.778841] PCI: MMCONFIG at [mem 0xb0000000-0xbfffffff] reserved in E820
[STDERR  ] 2017-09-29T01:12:50.248859509Z: [    0.780446] PCI: Using configuration type 1 for base access
[STDERR  ] 2017-09-29T01:12:50.248871974Z: [    0.836108] ACPI: Added _OSI(Module Device)
[STDERR  ] 2017-09-29T01:12:50.248888501Z: [    0.836395] ACPI: Added _OSI(Processor Device)
[STDERR  ] 2017-09-29T01:12:50.248900433Z: [    0.836730] ACPI: Added _OSI(3.0 _SCP Extensions)
[STDERR  ] 2017-09-29T01:12:50.248913803Z: [    0.837011] ACPI: Added _OSI(Processor Aggregator Device)
[STDERR  ] 2017-09-29T01:12:50.248929361Z: [    0.922376] ACPI: Interpreter enabled
[STDERR  ] 2017-09-29T01:12:50.248950591Z: [    0.923416] ACPI: (supports S0 S5)
[STDERR  ] 2017-09-29T01:12:50.248965252Z: [    0.923790] ACPI: Using IOAPIC for interrupt routing
[STDERR  ] 2017-09-29T01:12:50.248982052Z: [    0.926399] PCI: Using host bridge windows from ACPI; if necessary, use "pci=nocrs" and report a bug
[STDERR  ] 2017-09-29T01:12:50.249007796Z: [    0.994964] ACPI: PCI Root Bridge [PCI0] (domain 0000 [bus 00-ff])
[STDERR  ] 2017-09-29T01:12:50.249020794Z: [    0.996118] acpi PNP0A08:00: _OSC: OS supports [ExtendedConfig ASPM ClockPM Segments MSI]
[STDERR  ] 2017-09-29T01:12:50.249036643Z: [    1.002970] acpi PNP0A08:00: _OSC: OS now controls [PCIeHotplug PME PCIeCapability]
[STDERR  ] 2017-09-29T01:12:50.249053298Z: [    1.006911] PCI host bridge to bus 0000:00
[STDERR  ] 2017-09-29T01:12:50.249068525Z: [    1.007428] pci_bus 0000:00: root bus resource [io  0x0000-0x0cf7 window]
[STDERR  ] 2017-09-29T01:12:50.249084941Z: [    1.007923] pci_bus 0000:00: root bus resource [io  0x0d00-0xffff window]
[STDERR  ] 2017-09-29T01:12:50.249102413Z: [    1.008390] pci_bus 0000:00: root bus resource [mem 0x000a0000-0x000bffff window]
[STDERR  ] 2017-09-29T01:12:50.249138563Z: [    1.008855] pci_bus 0000:00: root bus resource [mem 0xc0000000-0xfebfffff window]
[STDERR  ] 2017-09-29T01:12:50.249170994Z: [    1.010295] pci_bus 0000:00: root bus resource [bus 00-ff]
[STDERR  ] 2017-09-29T01:12:50.2491885Z: [    1.162611] pci 0000:00:1f.0: quirk: [io  0x0600-0x067f] claimed by ICH6 ACPI/GPIO/TCO
[STDERR  ] 2017-09-29T01:12:50.249210162Z: [    1.247199] ACPI: PCI Interrupt Link [LNKA] (IRQs 5 *10 11)
[STDERR  ] 2017-09-29T01:12:50.24922658Z: [    1.250635] ACPI: PCI Interrupt Link [LNKB] (IRQs 5 *10 11)
[STDERR  ] 2017-09-29T01:12:50.249242894Z: [    1.252770] ACPI: PCI Interrupt Link [LNKC] (IRQs 5 10 *11)
[STDERR  ] 2017-09-29T01:12:50.249256184Z: [    1.254586] ACPI: PCI Interrupt Link [LNKD] (IRQs 5 10 *11)
[STDERR  ] 2017-09-29T01:12:50.249269315Z: [    1.256684] ACPI: PCI Interrupt Link [LNKE] (IRQs 5 *10 11)
[STDERR  ] 2017-09-29T01:12:50.249280794Z: [    1.258367] ACPI: PCI Interrupt Link [LNKF] (IRQs 5 *10 11)
[STDERR  ] 2017-09-29T01:12:50.249292267Z: [    1.260667] ACPI: PCI Interrupt Link [LNKG] (IRQs 5 10 *11)
[STDERR  ] 2017-09-29T01:12:50.249303654Z: [    1.262355] ACPI: PCI Interrupt Link [LNKH] (IRQs 5 10 *11)
[STDERR  ] 2017-09-29T01:12:50.249315026Z: [    1.263214] ACPI: PCI Interrupt Link [GSIA] (IRQs *16)
[STDERR  ] 2017-09-29T01:12:50.249328588Z: [    1.263885] ACPI: PCI Interrupt Link [GSIB] (IRQs *17)
[STDERR  ] 2017-09-29T01:12:50.249340498Z: [    1.264549] ACPI: PCI Interrupt Link [GSIC] (IRQs *18)
[STDERR  ] 2017-09-29T01:12:50.249351571Z: [    1.265234] ACPI: PCI Interrupt Link [GSID] (IRQs *19)
[STDERR  ] 2017-09-29T01:12:50.249362599Z: [    1.265967] ACPI: PCI Interrupt Link [GSIE] (IRQs *20)
[STDERR  ] 2017-09-29T01:12:50.249373584Z: [    1.266605] ACPI: PCI Interrupt Link [GSIF] (IRQs *21)
[STDERR  ] 2017-09-29T01:12:50.249405268Z: [    1.267220] ACPI: PCI Interrupt Link [GSIG] (IRQs *22)
[STDERR  ] 2017-09-29T01:12:50.249422135Z: [    1.267703] ACPI: PCI Interrupt Link [GSIH] (IRQs *23)
[STDERR  ] 2017-09-29T01:12:50.249439588Z: [    1.272109] ACPI: Enabled 2 GPEs in block 00 to 3F
[STDERR  ] 2017-09-29T01:12:50.249456057Z: [    1.276255] SCSI subsystem initialized
[STDERR  ] 2017-09-29T01:12:50.249540979Z: [    1.278817] ACPI: bus type USB registered
[STDERR  ] 2017-09-29T01:12:50.249558049Z: [    1.280218] usbcore: registered new interface driver usbfs
[STDERR  ] 2017-09-29T01:12:50.24957029Z: [    1.281218] usbcore: registered new interface driver hub
[STDERR  ] 2017-09-29T01:12:50.249579103Z: [    1.282159] usbcore: registered new device driver usb
[STDERR  ] 2017-09-29T01:12:50.24958779Z: [    1.283544] pps_core: LinuxPPS API ver. 1 registered
[STDERR  ] 2017-09-29T01:12:50.249597569Z: [    1.283835] pps_core: Software ver. 5.3.6 - Copyright 2005-2007 Rodolfo Giometti <giometti@linux.it>
[STDERR  ] 2017-09-29T01:12:50.249608298Z: [    1.284579] PTP clock support registered
[STDERR  ] 2017-09-29T01:12:50.249617181Z: [    1.285830] wmi: Mapper loaded
[STDERR  ] 2017-09-29T01:12:50.24962759Z: [    1.287150] PCI: Using ACPI for IRQ routing
[STDERR  ] 2017-09-29T01:12:50.249636824Z: [    1.306883] NetLabel: Initializing
[STDERR  ] 2017-09-29T01:12:50.249645808Z: [    1.307053] NetLabel:  domain hash size = 128
[STDERR  ] 2017-09-29T01:12:50.249655007Z: [    1.307432] NetLabel:  protocols = UNLABELED CIPSOv4
[STDERR  ] 2017-09-29T01:12:50.249663682Z: [    1.310133] NetLabel:  unlabeled traffic allowed by default
[STDERR  ] 2017-09-29T01:12:50.24967229Z: [    1.311389] HPET: 3 timers in total, 0 timers will be used for per-cpu timer
[STDERR  ] 2017-09-29T01:12:50.249681798Z: [    1.312265] hpet0: at MMIO 0xfed00000, IRQs 2, 8, 0
[STDERR  ] 2017-09-29T01:12:50.24968988Z: [    1.312735] hpet0: 3 comparators, 64-bit 100.000000 MHz counter
[STDERR  ] 2017-09-29T01:12:50.249698034Z: [    1.318762] amd_nb: Cannot enumerate AMD northbridges
[STDERR  ] 2017-09-29T01:12:50.249711126Z: [    1.319542] clocksource: Switched to clocksource hpet
[STDERR  ] 2017-09-29T01:12:50.249728177Z: [    1.523229] FS-Cache: Loaded
[STDERR  ] 2017-09-29T01:12:50.249737205Z: [    1.528904] CacheFiles: Loaded
[STDERR  ] 2017-09-29T01:12:50.249746145Z: [    1.532057] pnp: PnP ACPI init
[STDERR  ] 2017-09-29T01:12:50.249755214Z: [    1.543690] pnp: PnP ACPI: found 5 devices
[STDERR  ] 2017-09-29T01:12:50.249764253Z: [    1.589889] clocksource: acpi_pm: mask: 0xffffff max_cycles: 0xffffff, max_idle_ns: 2085701024 ns
[STDERR  ] 2017-09-29T01:12:50.249783189Z: [    1.593025] NET: Registered protocol family 2
[STDERR  ] 2017-09-29T01:12:50.249792139Z: [    1.601231] TCP established hash table entries: 8192 (order: 4, 65536 bytes)
[STDERR  ] 2017-09-29T01:12:50.249801208Z: [    1.602073] TCP bind hash table entries: 8192 (order: 5, 131072 bytes)
[STDERR  ] 2017-09-29T01:12:50.249810722Z: [    1.602801] TCP: Hash tables configured (established 8192 bind 8192)
[STDERR  ] 2017-09-29T01:12:50.249819169Z: [    1.604338] UDP hash table entries: 512 (order: 2, 16384 bytes)
[STDERR  ] 2017-09-29T01:12:50.249827858Z: [    1.604929] UDP-Lite hash table entries: 512 (order: 2, 16384 bytes)
[STDERR  ] 2017-09-29T01:12:50.24983583Z: [    1.607358] NET: Registered protocol family 1
[STDERR  ] 2017-09-29T01:12:50.249843661Z: [    1.614678] Unpacking initramfs...
[STDERR  ] 2017-09-29T01:12:50.249851773Z: [    4.779707] Freeing initrd memory: 21524K
[STDERR  ] 2017-09-29T01:12:50.249861586Z: [    4.802234] PCLMULQDQ-NI instructions are not detected.
[STDERR  ] 2017-09-29T01:12:50.249870326Z: [    4.803840] AVX or AES-NI instructions are not detected.
[STDERR  ] 2017-09-29T01:12:50.249878558Z: [    4.804422] CPU feature 'AVX registers' is not supported.
[STDERR  ] 2017-09-29T01:12:50.249887029Z: [    4.804826] CPU feature 'AVX registers' is not supported.
[STDERR  ] 2017-09-29T01:12:50.24989662Z: [    4.805240] CPU feature 'AVX registers' is not supported.
[STDERR  ] 2017-09-29T01:12:50.249905753Z: [    4.805678] CPU feature 'AVX registers' is not supported.
[STDERR  ] 2017-09-29T01:12:50.24991597Z: [    4.806117] AVX2 or AES-NI instructions are not detected.
[STDERR  ] 2017-09-29T01:12:50.249924189Z: [    4.806512] AVX2 instructions are not detected.
[STDERR  ] 2017-09-29T01:12:50.249932679Z: [    4.813399] audit: initializing netlink subsys (disabled)
[STDERR  ] 2017-09-29T01:12:50.249940769Z: [    4.815118] audit: type=2000 audit(1506647532.810:1): initialized
[STDERR  ] 2017-09-29T01:12:50.249949635Z: [    4.823760] HugeTLB registered 2 MB page size, pre-allocated 0 pages
[STDERR  ] 2017-09-29T01:12:50.249958387Z: [    4.827780] VFS: Disk quotas dquot_6.6.0
[STDERR  ] 2017-09-29T01:12:50.249967329Z: [    4.828582] VFS: Dquot-cache hash table entries: 512 (order 0, 4096 bytes)
[STDERR  ] 2017-09-29T01:12:50.249975726Z: [    4.834942] FS-Cache: Netfs 'cifs' registered for caching
[STDERR  ] 2017-09-29T01:12:50.249983629Z: [    4.835887] fuse init (API version 7.23)
[STDERR  ] 2017-09-29T01:12:50.249991703Z: [    4.838297] SGI XFS with ACLs, security attributes, no debug enabled
[STDERR  ] 2017-09-29T01:12:50.249999786Z: [    4.841556] 9p: Installing v9fs 9p2000 file system support
[STDERR  ] 2017-09-29T01:12:50.250007633Z: [    4.842128] FS-Cache: Netfs '9p' registered for caching
[STDERR  ] 2017-09-29T01:12:50.250015456Z: [    4.843936] Key type big_key registered
[STDERR  ] 2017-09-29T01:12:50.250025201Z: [    4.874285] NET: Registered protocol family 38
[STDERR  ] 2017-09-29T01:12:50.250034684Z: [    4.874899] Key type asymmetric registered
[STDERR  ] 2017-09-29T01:12:50.250042692Z: [    4.875308] Asymmetric key parser 'x509' registered
[STDERR  ] 2017-09-29T01:12:50.250051917Z: [    4.876239] Block layer SCSI generic (bsg) driver version 0.4 loaded (major 251)
[STDERR  ] 2017-09-29T01:12:50.250061577Z: [    4.877952] io scheduler noop registered
[STDERR  ] 2017-09-29T01:12:50.250069177Z: [    4.878328] io scheduler deadline registered (default)
[STDERR  ] 2017-09-29T01:12:50.250076894Z: [    4.879041] io scheduler cfq registered
[STDERR  ] 2017-09-29T01:12:50.250084665Z: [    4.882699] pci_hotplug: PCI Hot Plug PCI Core version: 0.5
[STDERR  ] 2017-09-29T01:12:50.250096855Z: [    4.883385] pciehp: PCI Express Hot Plug Controller Driver version: 0.4
[STDERR  ] 2017-09-29T01:12:50.250105295Z: [    4.884360] shpchp: Standard Hot Plug PCI Controller Driver version: 0.4
[STDERR  ] 2017-09-29T01:12:50.250113627Z: [    4.885273] hv_vmbus: registering driver hyperv_fb
[STDERR  ] 2017-09-29T01:12:50.250121517Z: [    4.889265] input: Power Button as /devices/LNXSYSTM:00/LNXPWRBN:00/input/input0
[STDERR  ] 2017-09-29T01:12:50.250134514Z: [    4.891139] ACPI: Power Button [PWRF]
[STDERR  ] 2017-09-29T01:12:50.250142875Z: [    4.896192] GHES: HEST is not enabled!
[STDERR  ] 2017-09-29T01:12:50.250150706Z: [    4.911283] ACPI: PCI Interrupt Link [GSIG] enabled at IRQ 22
[STDERR  ] 2017-09-29T01:12:50.250158639Z: [    4.926155] ACPI: PCI Interrupt Link [GSIH] enabled at IRQ 23
[STDERR  ] 2017-09-29T01:12:50.250178213Z: [    4.931219] xenfs: not registering filesystem on non-xen platform
[STDERR  ] 2017-09-29T01:12:50.250186752Z: [    4.934389] Serial: 8250/16550 driver, 4 ports, IRQ sharing disabled
[STDERR  ] 2017-09-29T01:12:50.250194249Z: [    4.960000] 00:04: ttyS0 at I/O 0x3f8 (irq = 4, base_baud = 115200) is a 16550A
[STDERR  ] 2017-09-29T01:12:50.250201963Z: [    4.971847] Non-volatile memory driver v1.3
[STDERR  ] 2017-09-29T01:12:50.250211104Z: [    4.979665] Hangcheck: starting hangcheck timer 0.9.1 (tick is 180 seconds, margin is 60 seconds).
[STDERR  ] 2017-09-29T01:12:50.25022101Z: [    5.021306] loop: module loaded
[STDERR  ] 2017-09-29T01:12:50.250229504Z: [    5.034741] nbd: registered device at major 43
[STDERR  ] 2017-09-29T01:12:50.250237645Z: [    5.075106] lpc_ich 0000:00:1f.0: I/O space for GPIO uninitialized
[STDERR  ] 2017-09-29T01:12:50.250245876Z: [    5.077258] VMware PVSCSI driver - version 1.0.5.0-k
[STDERR  ] 2017-09-29T01:12:50.250254305Z: [    5.078176] hv_vmbus: registering driver hv_storvsc
[STDERR  ] 2017-09-29T01:12:50.25026352Z: [    5.089267] ACPI: PCI Interrupt Link [GSIA] enabled at IRQ 16
[STDERR  ] 2017-09-29T01:12:50.250271554Z: [    5.095944] ahci 0000:00:1f.2: AHCI 0001.0000 32 slots 6 ports 1.5 Gbps 0x3f impl SATA mode
[STDERR  ] 2017-09-29T01:12:50.250280873Z: [    5.096707] ahci 0000:00:1f.2: flags: 64bit ncq only 
[STDERR  ] 2017-09-29T01:12:50.250288738Z: [    5.115945] scsi host0: ahci
[STDERR  ] 2017-09-29T01:12:50.250297435Z: [    5.120286] scsi host1: ahci
[STDERR  ] 2017-09-29T01:12:50.250305592Z: [    5.123234] scsi host2: ahci
[STDERR  ] 2017-09-29T01:12:50.250313373Z: [    5.125398] scsi host3: ahci
[STDERR  ] 2017-09-29T01:12:50.250320987Z: [    5.128197] scsi host4: ahci
[STDERR  ] 2017-09-29T01:12:50.250328595Z: [    5.131183] scsi host5: ahci
[STDERR  ] 2017-09-29T01:12:50.250338731Z: [    5.132896] ata1: SATA max UDMA/133 abar m4096@0xfebd2000 port 0xfebd2100 irq 24
[STDERR  ] 2017-09-29T01:12:50.250346751Z: [    5.133409] ata2: SATA max UDMA/133 abar m4096@0xfebd2000 port 0xfebd2180 irq 24
[STDERR  ] 2017-09-29T01:12:50.250355919Z: [    5.133883] ata3: SATA max UDMA/133 abar m4096@0xfebd2000 port 0xfebd2200 irq 24
[STDERR  ] 2017-09-29T01:12:50.250363605Z: [    5.134273] ata4: SATA max UDMA/133 abar m4096@0xfebd2000 port 0xfebd2280 irq 24
[STDERR  ] 2017-09-29T01:12:50.250371845Z: [    5.134698] ata5: SATA max UDMA/133 abar m4096@0xfebd2000 port 0xfebd2300 irq 24
[STDERR  ] 2017-09-29T01:12:50.250440235Z: [    5.135094] ata6: SATA max UDMA/133 abar m4096@0xfebd2000 port 0xfebd2380 irq 24
[STDERR  ] 2017-09-29T01:12:50.250448667Z: [    5.146529] tun: Universal TUN/TAP device driver, 1.6
[STDERR  ] 2017-09-29T01:12:50.250459694Z: [    5.146882] tun: (C) 1999-2004 Max Krasnyansky <maxk@qualcomm.com>
[STDERR  ] 2017-09-29T01:12:50.250467917Z: [    5.158076] VMware vmxnet3 virtual NIC driver - version 1.4.5.0-k-NAPI
[STDERR  ] 2017-09-29T01:12:50.250475951Z: [    5.159059] hv_vmbus: registering driver hv_netvsc
[STDERR  ] 2017-09-29T01:12:50.250483749Z: [    5.159340] Fusion MPT base driver 3.04.20
[STDERR  ] 2017-09-29T01:12:50.250491791Z: [    5.159651] Copyright (c) 1999-2008 LSI Corporation
[STDERR  ] 2017-09-29T01:12:50.250503939Z: [    5.160957] Fusion MPT SPI Host driver 3.04.20
[STDERR  ] 2017-09-29T01:12:50.250512327Z: [    5.163246] i8042: PNP: PS/2 Controller [PNP0303:KBD,PNP0f13:MOU] at 0x60,0x64 irq 1,12
[STDERR  ] 2017-09-29T01:12:50.250520662Z: [    5.167675] serio: i8042 KBD port at 0x60,0x64 irq 1
[STDERR  ] 2017-09-29T01:12:50.250528734Z: [    5.168360] serio: i8042 AUX port at 0x60,0x64 irq 12
[STDERR  ] 2017-09-29T01:12:50.250541384Z: [    5.171886] hv_vmbus: registering driver hyperv_keyboard
[STDERR  ] 2017-09-29T01:12:50.250549422Z: [    5.174109] mousedev: PS/2 mouse device common for all mice
[STDERR  ] 2017-09-29T01:12:50.250558673Z: [    5.178883] input: AT Translated Set 2 keyboard as /devices/platform/i8042/serio0/input/input1
[STDERR  ] 2017-09-29T01:12:50.250566852Z: [    5.181795] input: PC Speaker as /devices/platform/pcspkr/input/input2
[STDERR  ] 2017-09-29T01:12:50.250575786Z: [    5.185927] rtc_cmos 00:00: RTC can wake from S4
[STDERR  ] 2017-09-29T01:12:50.250583818Z: [    5.189152] rtc_cmos 00:00: rtc core: registered rtc_cmos as rtc0
[STDERR  ] 2017-09-29T01:12:50.250592014Z: [    5.190702] rtc_cmos 00:00: alarms up to one day, y3k, 114 bytes nvram, hpet irqs
[STDERR  ] 2017-09-29T01:12:50.250600354Z: [    5.191487] i2c /dev entries driver
[STDERR  ] 2017-09-29T01:12:50.250608523Z: [    5.193505] device-mapper: ioctl: 4.34.0-ioctl (2015-10-28) initialised: dm-devel@redhat.com
[STDERR  ] 2017-09-29T01:12:50.250617039Z: [    5.198404] usbcore: registered new interface driver usbhid
[STDERR  ] 2017-09-29T01:12:50.250624898Z: [    5.198777] usbhid: USB HID core driver
[STDERR  ] 2017-09-29T01:12:50.250632529Z: [    5.199553] hv_utils: Registering HyperV Utility Driver
[STDERR  ] 2017-09-29T01:12:50.250640179Z: [    5.199863] hv_vmbus: registering driver hv_util
[STDERR  ] 2017-09-29T01:12:50.250648039Z: [    5.200681] hv_vmbus: registering driver hv_balloon
[STDERR  ] 2017-09-29T01:12:50.250656465Z: [    5.201306] oprofile: using NMI interrupt.
[STDERR  ] 2017-09-29T01:12:50.250664226Z: [    5.202387] GACT probability on
[STDERR  ] 2017-09-29T01:12:50.250671949Z: [    5.202787] Mirror/redirect action on
[STDERR  ] 2017-09-29T01:12:50.250680033Z: [    5.203231] Simple TC action Loaded
[STDERR  ] 2017-09-29T01:12:50.250688371Z: [    5.203573] u32 classifier
[STDERR  ] 2017-09-29T01:12:50.2506989Z: [    5.203750]     Performance counters on
[STDERR  ] 2017-09-29T01:12:50.250707756Z: [    5.203994]     input device check on
[STDERR  ] 2017-09-29T01:12:50.250715607Z: [    5.204210]     Actions configured
[STDERR  ] 2017-09-29T01:12:50.250723483Z: [    5.205023] Netfilter messages via NETLINK v0.30.
[STDERR  ] 2017-09-29T01:12:50.250736148Z: [    5.205753] nfnl_acct: registering with nfnetlink.
[STDERR  ] 2017-09-29T01:12:50.250746002Z: [    5.207008] nf_conntrack version 0.5.0 (7922 buckets, 31688 max)
[STDERR  ] 2017-09-29T01:12:50.250754073Z: [    5.210969] ctnetlink v0.93: registering with nfnetlink.
[STDERR  ] 2017-09-29T01:12:50.250762205Z: [    5.214990] nf_tables: (c) 2007-2009 Patrick McHardy <kaber@trash.net>
[STDERR  ] 2017-09-29T01:12:50.250770557Z: [    5.216127] nf_tables_compat: (c) 2012 Pablo Neira Ayuso <pablo@netfilter.org>
[STDERR  ] 2017-09-29T01:12:50.250779112Z: [    5.219377] xt_time: kernel timezone is -0000
[STDERR  ] 2017-09-29T01:12:50.250786834Z: [    5.219975] ip_set: protocol 6
[STDERR  ] 2017-09-29T01:12:50.250794823Z: [    5.221196] IPVS: Registered protocols (TCP, UDP, SCTP, AH, ESP)
[STDERR  ] 2017-09-29T01:12:50.25080265Z: [    5.221906] IPVS: Connection hash table configured (size=4096, memory=64Kbytes)
[STDERR  ] 2017-09-29T01:12:50.25081082Z: [    5.223742] IPVS: Creating netns size=2096 id=0
[STDERR  ] 2017-09-29T01:12:50.250818877Z: [    5.226086] IPVS: ipvs loaded.
[STDERR  ] 2017-09-29T01:12:50.250826634Z: [    5.226558] IPVS: [rr] scheduler registered.
[STDERR  ] 2017-09-29T01:12:50.25083447Z: [    5.226903] IPVS: [wrr] scheduler registered.
[STDERR  ] 2017-09-29T01:12:50.250842781Z: [    5.227216] IPVS: [lc] scheduler registered.
[STDERR  ] 2017-09-29T01:12:50.250855578Z: [    5.227522] IPVS: [wlc] scheduler registered.
[STDERR  ] 2017-09-29T01:12:50.250863987Z: [    5.227821] IPVS: [fo] scheduler registered.
[STDERR  ] 2017-09-29T01:12:50.250871811Z: [    5.228111] IPVS: [ovf] scheduler registered.
[STDERR  ] 2017-09-29T01:12:50.250880569Z: [    5.228605] IPVS: [lblc] scheduler registered.
[STDERR  ] 2017-09-29T01:12:50.250888717Z: [    5.229074] IPVS: [lblcr] scheduler registered.
[STDERR  ] 2017-09-29T01:12:50.250900653Z: [    5.229417] IPVS: [dh] scheduler registered.
[STDERR  ] 2017-09-29T01:12:50.250908416Z: [    5.229710] IPVS: [sh] scheduler registered.
[STDERR  ] 2017-09-29T01:12:50.250916164Z: [    5.230008] IPVS: [sed] scheduler registered.
[STDERR  ] 2017-09-29T01:12:50.25092409Z: [    5.230674] IPVS: [nq] scheduler registered.
[STDERR  ] 2017-09-29T01:12:50.250932647Z: [    5.231505] IPVS: ftp: loaded support on port[0] = 21
[STDERR  ] 2017-09-29T01:12:50.250940698Z: [    5.232284] ipip: IPv4 over IPv4 tunneling driver
[STDERR  ] 2017-09-29T01:12:50.250949948Z: [    5.236220] gre: GRE over IPv4 demultiplexor driver
[STDERR  ] 2017-09-29T01:12:50.250957644Z: [    5.239537] ip_tables: (C) 2000-2006 Netfilter Core Team
[STDERR  ] 2017-09-29T01:12:50.250966395Z: [    5.243165] ipt_CLUSTERIP: ClusterIP Version 0.8 loaded successfully
[STDERR  ] 2017-09-29T01:12:50.250976216Z: [    5.244104] arp_tables: (C) 2002 David S. Miller
[STDERR  ] 2017-09-29T01:12:50.250985909Z: [    5.246630] NET: Registered protocol family 10
[STDERR  ] 2017-09-29T01:12:50.250993705Z: [    5.255882] ip6_tables: (C) 2000-2006 Netfilter Core Team
[STDERR  ] 2017-09-29T01:12:50.251004638Z: [    5.264439] NET: Registered protocol family 17
[STDERR  ] 2017-09-29T01:12:50.251013272Z: [    5.265540] bridge: automatic filtering via arp/ip/ip6tables has been deprecated. Update your scripts to load br_netfilter if you need this.
[STDERR  ] 2017-09-29T01:12:50.25102172Z: [    5.267022] Bridge firewalling registered
[STDERR  ] 2017-09-29T01:12:50.251029709Z: [    5.267686] Ebtables v2.0 registered
[STDERR  ] 2017-09-29T01:12:50.251037609Z: [    5.270610] 8021q: 802.1Q VLAN Support v1.8
[STDERR  ] 2017-09-29T01:12:50.251049531Z: [    5.272057] 9pnet: Installing 9P2000 support
[STDERR  ] 2017-09-29T01:12:50.251057491Z: [    5.273610] Key type dns_resolver registered
[STDERR  ] 2017-09-29T01:12:50.251065415Z: [    5.274466] hv_sock: failed to load: VMBus 4 or later is required
[STDERR  ] 2017-09-29T01:12:50.25107351Z: [    5.275110] microcode: AMD CPU family 0x6 not supported
[STDERR  ] 2017-09-29T01:12:50.251081593Z: [    5.278719] registered taskstats version 1
[STDERR  ] 2017-09-29T01:12:50.251090416Z: [    5.424698] Key type encrypted registered
[STDERR  ] 2017-09-29T01:12:50.251098552Z: [    5.431706] rtc_cmos 00:00: setting system clock to 2017-09-29 01:12:14 UTC (1506647534)
[STDERR  ] 2017-09-29T01:12:50.251106537Z: [    5.481244] ata1: SATA link down (SStatus 0 SControl 300)
[STDERR  ] 2017-09-29T01:12:50.251114707Z: [    5.484360] ata2: SATA link down (SStatus 0 SControl 300)
[STDERR  ] 2017-09-29T01:12:50.25112255Z: [    5.490630] ata4: SATA link down (SStatus 0 SControl 300)
[STDERR  ] 2017-09-29T01:12:50.251130264Z: [    5.491581] ata6: SATA link down (SStatus 0 SControl 300)
[STDERR  ] 2017-09-29T01:12:50.251138036Z: [    5.492644] ata3: SATA link up 1.5 Gbps (SStatus 113 SControl 300)
[STDERR  ] 2017-09-29T01:12:50.251145776Z: [    5.497047] ata3.00: ATAPI: QEMU DVD-ROM, 2.5+, max UDMA/100
[STDERR  ] 2017-09-29T01:12:50.251155102Z: [    5.497607] ata3.00: applying bridge limits
[STDERR  ] 2017-09-29T01:12:50.251163039Z: [    5.499553] ata3.00: configured for UDMA/100
[STDERR  ] 2017-09-29T01:12:50.251171367Z: [    5.501024] ata5: SATA link down (SStatus 0 SControl 300)
[STDERR  ] 2017-09-29T01:12:50.251179381Z: [    5.513318] scsi 2:0:0:0: CD-ROM            QEMU     QEMU DVD-ROM     2.5+ PQ: 0 ANSI: 5
[STDERR  ] 2017-09-29T01:12:50.251191967Z: [    5.523028] sr 2:0:0:0: [sr0] scsi3-mmc drive: 4x/4x cd/rw xa/form2 tray
[STDERR  ] 2017-09-29T01:12:50.251199729Z: [    5.523831] cdrom: Uniform CD-ROM driver Revision: 3.20
[STDERR  ] 2017-09-29T01:12:50.25121067Z: [    5.530379] sr 2:0:0:0: Attached scsi generic sg0 type 5
[STDERR  ] 2017-09-29T01:12:50.251218437Z: [    5.656951] Freeing unused kernel memory: 1300K
[STDERR  ] 2017-09-29T01:12:50.251226048Z: [    5.657359] Write protecting the kernel read-only data: 12288k
[STDERR  ] 2017-09-29T01:12:50.251233886Z: [    5.666819] Freeing unused kernel memory: 548K
[STDERR  ] 2017-09-29T01:12:50.251245795Z: [    5.776146] Freeing unused kernel memory: 1392K
[STDERR  ] 2017-09-29T01:12:50.251254092Z: [    5.781455] tsc: Refined TSC clocksource calibration: 2599.924 MHz
[STDERR  ] 2017-09-29T01:12:50.251261869Z: [    5.781981] clocksource: tsc: mask: 0xffffffffffffffff max_cycles: 0x2579f42fde4, max_idle_ns: 440795207658 ns
[STDERR  ] 2017-09-29T01:12:50.25126967Z: [    6.788678] clocksource: Switched to clocksource tsc
[STDERR  ] 2017-09-29T01:12:50.25127725Z: 
[STDERR  ] 2017-09-29T01:12:50.251285235Z: Welcome to LinuxKit
[STDERR  ] 2017-09-29T01:12:50.251293069Z: 
[STDERR  ] 2017-09-29T01:12:50.251302012Z:                         ##         .
[STDERR  ] 2017-09-29T01:12:50.251310001Z:                   ## ## ##        ==
[STDERR  ] 2017-09-29T01:12:50.2513177Z:                ## ## ## ## ##    ===
[STDERR  ] 2017-09-29T01:12:50.251325951Z:            /"""""""""""""""""\___/ ===
[STDERR  ] 2017-09-29T01:12:50.251334039Z:           {                       /  ===-
[STDERR  ] 2017-09-29T01:12:50.25134166Z:            \______ O           __/
[STDERR  ] 2017-09-29T01:12:50.251349537Z:              \    \         __/
[STDERR  ] 2017-09-29T01:12:50.251357289Z:               \____\_______/
[STDERR  ] 2017-09-29T01:12:50.251364872Z: 
[STDERR  ] 2017-09-29T01:12:50.251372458Z: starting kernel config sanity test with /proc/config.gz
[STDERR  ] 2017-09-29T01:12:50.251385792Z: [   18.722566] RPC: Registered named UNIX socket transport module.
[STDERR  ] 2017-09-29T01:12:50.251393795Z: [   18.723178] RPC: Registered udp transport module.
[STDERR  ] 2017-09-29T01:12:50.251401656Z: [   18.723585] RPC: Registered tcp transport module.
[STDERR  ] 2017-09-29T01:12:50.251410306Z: [   18.723912] RPC: Registered tcp NFSv4.1 backchannel transport module.
[STDERR  ] 2017-09-29T01:12:50.251418224Z: [   18.807568] FS-Cache: Netfs 'nfs' registered for caching
[STDERR  ] 2017-09-29T01:12:50.251425925Z: [   18.904353] Installing knfsd (copyright (C) 1996 okir@monad.swb.de).
[STDERR  ] 2017-09-29T01:12:50.251433556Z: [   18.955777] ntfs: driver 2.1.32 [Flags: R/O MODULE].
[STDERR  ] 2017-09-29T01:12:50.251441204Z: kernel config test succeeded!
[STDERR  ] 2017-09-29T01:12:50.251448849Z: [37minfo: reading kernel config from /proc/config.gz ...[m
[STDERR  ] 2017-09-29T01:12:50.251456543Z: 
[STDERR  ] 2017-09-29T01:12:50.251464262Z: Generally Necessary:
[STDERR  ] 2017-09-29T01:12:50.251472365Z: - [37mcgroup hierarchy[m: [32mproperly mounted[m [/sys/fs/cgroup]
[STDERR  ] 2017-09-29T01:12:50.251482077Z: - [37mCONFIG_NAMESPACES[m: [32menabled[m
[STDERR  ] 2017-09-29T01:12:50.251490491Z: - [37mCONFIG_NET_NS[m: [32menabled[m
[STDERR  ] 2017-09-29T01:12:50.251498207Z: - [37mCONFIG_PID_NS[m: [32menabled[m
[STDERR  ] 2017-09-29T01:12:50.251505853Z: - [37mCONFIG_IPC_NS[m: [32menabled[m
[STDERR  ] 2017-09-29T01:12:50.251513549Z: - [37mCONFIG_UTS_NS[m: [32menabled[m
[STDERR  ] 2017-09-29T01:12:50.251521207Z: - [37mCONFIG_CGROUPS[m: [32menabled[m
[STDERR  ] 2017-09-29T01:12:50.251528902Z: - [37mCONFIG_CGROUP_CPUACCT[m: [32menabled[m
[STDERR  ] 2017-09-29T01:12:50.251536524Z: - [37mCONFIG_CGROUP_DEVICE[m: [32menabled[m
[STDERR  ] 2017-09-29T01:12:50.251548657Z: - [37mCONFIG_CGROUP_FREEZER[m: [32menabled[m
[STDERR  ] 2017-09-29T01:12:50.251556276Z: - [37mCONFIG_CGROUP_SCHED[m: [32menabled[m
[STDERR  ] 2017-09-29T01:12:50.25157142Z: - [37mCONFIG_CPUSETS[m: [32menabled[m
[STDERR  ] 2017-09-29T01:12:50.251579403Z: - [37mCONFIG_MEMCG[m: [32menabled[m
[STDERR  ] 2017-09-29T01:12:50.251587169Z: - [37mCONFIG_KEYS[m: [32menabled[m
[STDERR  ] 2017-09-29T01:12:50.251598468Z: - [37mCONFIG_VETH[m: [32menabled[m
[STDERR  ] 2017-09-29T01:12:50.251606387Z: - [37mCONFIG_BRIDGE[m: [32menabled[m
[STDERR  ] 2017-09-29T01:12:50.251614036Z: - [37mCONFIG_BRIDGE_NETFILTER[m: [32menabled[m
[STDERR  ] 2017-09-29T01:12:50.251621702Z: - [37mCONFIG_NF_NAT_IPV4[m: [32menabled[m
[STDERR  ] 2017-09-29T01:12:50.251633813Z: - [37mCONFIG_IP_NF_FILTER[m: [32menabled[m
[STDERR  ] 2017-09-29T01:12:50.251645497Z: - [37mCONFIG_IP_NF_TARGET_MASQUERADE[m: [32menabled[m
[STDERR  ] 2017-09-29T01:12:50.251653617Z: - [37mCONFIG_NETFILTER_XT_MATCH_ADDRTYPE[m: [32menabled[m
[STDERR  ] 2017-09-29T01:12:50.251663366Z: - [37mCONFIG_NETFILTER_XT_MATCH_CONNTRACK[m: [32menabled[m
[STDERR  ] 2017-09-29T01:12:50.251672729Z: - [37mCONFIG_NETFILTER_XT_MATCH_IPVS[m: [32menabled[m
[STDERR  ] 2017-09-29T01:12:50.251680728Z: - [37mCONFIG_IP_NF_NAT[m: [32menabled[m
[STDERR  ] 2017-09-29T01:12:50.251688609Z: - [37mCONFIG_NF_NAT[m: [32menabled[m
[STDERR  ] 2017-09-29T01:12:50.25169634Z: - [37mCONFIG_NF_NAT_NEEDED[m: [32menabled[m
[STDERR  ] 2017-09-29T01:12:50.251703954Z: - [37mCONFIG_POSIX_MQUEUE[m: [32menabled[m
[STDERR  ] 2017-09-29T01:12:50.251711731Z: - [37mCONFIG_DEVPTS_MULTIPLE_INSTANCES[m: [32menabled[m
[STDERR  ] 2017-09-29T01:12:50.251719791Z: 
[STDERR  ] 2017-09-29T01:12:50.251728088Z: Optional Features:
[STDERR  ] 2017-09-29T01:12:50.251736069Z: - [37mCONFIG_USER_NS[m: [32menabled[m
[STDERR  ] 2017-09-29T01:12:50.251743736Z: - [37mCONFIG_SECCOMP[m: [32menabled[m
[STDERR  ] 2017-09-29T01:12:50.251751368Z: - [37mCONFIG_CGROUP_PIDS[m: [32menabled[m
[STDERR  ] 2017-09-29T01:12:50.25175905Z: - [37mCONFIG_MEMCG_SWAP[m: [32menabled[m
[STDERR  ] 2017-09-29T01:12:50.251766838Z: - [37mCONFIG_MEMCG_SWAP_ENABLED[m: [32menabled[m
[STDERR  ] 2017-09-29T01:12:50.251774668Z:     [1;30m(cgroup swap accounting is currently enabled)[m
[STDERR  ] 2017-09-29T01:12:50.251783472Z: - [1mCONFIG_LEGACY_VSYSCALL_NONE[m: [1;31menabled[m
[STDERR  ] 2017-09-29T01:12:50.251791841Z:     [1;30m(containers using eglibc <= 2.13 will not work. Switch to[m
[STDERR  ] 2017-09-29T01:12:50.251800815Z:     [1;30m "CONFIG_VSYSCALL_[NATIVE|EMULATE]" or use "vsyscall=[native|emulate]"[m
[STDERR  ] 2017-09-29T01:12:50.251811367Z:     [1;30m on kernel command line. Note that this will disable ASLR for the,[m
[STDERR  ] 2017-09-29T01:12:50.251819205Z:     [1;30m VDSO which may assist in exploiting security vulnerabilities.)[m
[STDERR  ] 2017-09-29T01:12:50.251827087Z: - [37mCONFIG_MEMCG_KMEM[m: [32menabled[m
[STDERR  ] 2017-09-29T01:12:50.251834907Z: - [37mCONFIG_BLK_CGROUP[m: [32menabled[m
[STDERR  ] 2017-09-29T01:12:50.251846653Z: - [37mCONFIG_BLK_DEV_THROTTLING[m: [32menabled[m
[STDERR  ] 2017-09-29T01:12:50.251854311Z: - [37mCONFIG_IOSCHED_CFQ[m: [32menabled[m
[STDERR  ] 2017-09-29T01:12:50.251862067Z: - [37mCONFIG_CFQ_GROUP_IOSCHED[m: [32menabled[m
[STDERR  ] 2017-09-29T01:12:50.251869786Z: - [37mCONFIG_CGROUP_PERF[m: [32menabled[m
[STDERR  ] 2017-09-29T01:12:50.251877861Z: - [37mCONFIG_CGROUP_HUGETLB[m: [32menabled[m
[STDERR  ] 2017-09-29T01:12:50.251886411Z: - [37mCONFIG_NET_CLS_CGROUP[m: [32menabled[m
[STDERR  ] 2017-09-29T01:12:50.251894774Z: - [37mCONFIG_CGROUP_NET_PRIO[m: [32menabled[m
[STDERR  ] 2017-09-29T01:12:50.25190304Z: - [37mCONFIG_CFS_BANDWIDTH[m: [32menabled[m
[STDERR  ] 2017-09-29T01:12:50.251911125Z: - [37mCONFIG_FAIR_GROUP_SCHED[m: [32menabled[m
[STDERR  ] 2017-09-29T01:12:50.25191928Z: - [37mCONFIG_RT_GROUP_SCHED[m: [32menabled[m
[STDERR  ] 2017-09-29T01:12:50.251927631Z: - [37mCONFIG_IP_VS[m: [32menabled[m
[STDERR  ] 2017-09-29T01:12:50.251935917Z: - [37mCONFIG_IP_VS_NFCT[m: [32menabled[m
[STDERR  ] 2017-09-29T01:12:50.251943951Z: - [37mCONFIG_IP_VS_RR[m: [32menabled[m
[STDERR  ] 2017-09-29T01:12:50.251951661Z: - [37mCONFIG_EXT4_FS[m: [32menabled[m
[STDERR  ] 2017-09-29T01:12:50.251959789Z: - [37mCONFIG_EXT4_FS_POSIX_ACL[m: [32menabled[m
[STDERR  ] 2017-09-29T01:12:50.251971409Z: - [37mCONFIG_EXT4_FS_SECURITY[m: [32menabled[m
[STDERR  ] 2017-09-29T01:12:50.251981197Z: - Network Drivers:
[STDERR  ] 2017-09-29T01:12:50.25198911Z:   - "[34moverlay[m":
[STDERR  ] 2017-09-29T01:12:50.251997359Z:     - [37mCONFIG_VXLAN[m: [32menabled[m
[STDERR  ] 2017-09-29T01:12:50.252005426Z:       Optional (for encrypted networks):
[STDERR  ] 2017-09-29T01:12:50.252013927Z:       - [37mCONFIG_CRYPTO[m: [32menabled[m
[STDERR  ] 2017-09-29T01:12:50.252028064Z:       - [37mCONFIG_CRYPTO_AEAD[m: [32menabled[m
[STDERR  ] 2017-09-29T01:12:50.252035914Z:       - [37mCONFIG_CRYPTO_GCM[m: [32menabled[m
[STDERR  ] 2017-09-29T01:12:50.252050733Z:       - [37mCONFIG_CRYPTO_SEQIV[m: [32menabled[m
[STDERR  ] 2017-09-29T01:12:50.252058619Z:       - [37mCONFIG_CRYPTO_GHASH[m: [32menabled[m
[STDERR  ] 2017-09-29T01:12:50.252066292Z:       - [37mCONFIG_XFRM[m: [32menabled[m
[STDERR  ] 2017-09-29T01:12:50.252080885Z:       - [37mCONFIG_XFRM_USER[m: [32menabled (as module)[m
[STDERR  ] 2017-09-29T01:12:50.252089293Z:       - [37mCONFIG_XFRM_ALGO[m: [32menabled (as module)[m
[STDERR  ] 2017-09-29T01:12:50.252097728Z:       - [37mCONFIG_INET_ESP[m: [32menabled (as module)[m
[STDERR  ] 2017-09-29T01:12:50.252105593Z:       - [37mCONFIG_INET_XFRM_MODE_TRANSPORT[m: [32menabled (as module)[m
[STDERR  ] 2017-09-29T01:12:50.252113645Z:   - "[34mipvlan[m":
[STDERR  ] 2017-09-29T01:12:50.252121524Z:     - [37mCONFIG_IPVLAN[m: [32menabled[m
[STDERR  ] 2017-09-29T01:12:50.252129319Z:   - "[34mmacvlan[m":
[STDERR  ] 2017-09-29T01:12:50.25213741Z:     - [37mCONFIG_MACVLAN[m: [32menabled[m
[STDERR  ] 2017-09-29T01:12:50.252145407Z:     - [37mCONFIG_DUMMY[m: [32menabled (as module)[m
[STDERR  ] 2017-09-29T01:12:50.252153221Z:   - "[34mftp,tftp client in container[m":
[STDERR  ] 2017-09-29T01:12:50.252160968Z:     - [37mCONFIG_NF_NAT_FTP[m: [32menabled[m
[STDERR  ] 2017-09-29T01:12:50.252168855Z:     - [37mCONFIG_NF_CONNTRACK_FTP[m: [32menabled[m
[STDERR  ] 2017-09-29T01:12:50.252177477Z:     - [37mCONFIG_NF_NAT_TFTP[m: [32menabled[m
[STDERR  ] 2017-09-29T01:12:50.252185255Z:     - [37mCONFIG_NF_CONNTRACK_TFTP[m: [32menabled[m
[STDERR  ] 2017-09-29T01:12:50.252193128Z: - Storage Drivers:
[STDERR  ] 2017-09-29T01:12:50.252200981Z:   - "[34maufs[m":
[STDERR  ] 2017-09-29T01:12:50.252208789Z:     - [1mCONFIG_AUFS_FS[m: [1;31mmissing[m
[STDERR  ] 2017-09-29T01:12:50.252216655Z:   - "[34mbtrfs[m":
[STDERR  ] 2017-09-29T01:12:50.2522243Z:     - [37mCONFIG_BTRFS_FS[m: [32menabled (as module)[m
[STDERR  ] 2017-09-29T01:12:50.252234126Z:     - [37mCONFIG_BTRFS_FS_POSIX_ACL[m: [32menabled[m
[STDERR  ] 2017-09-29T01:12:50.252241884Z:   - "[34mdevicemapper[m":
[STDERR  ] 2017-09-29T01:12:50.25225007Z:     - [37mCONFIG_BLK_DEV_DM[m: [32menabled[m
[STDERR  ] 2017-09-29T01:12:50.252258198Z:     - [37mCONFIG_DM_THIN_PROVISIONING[m: [32menabled[m
[STDERR  ] 2017-09-29T01:12:50.252265856Z:   - "[34moverlay[m":
[STDERR  ] 2017-09-29T01:12:50.252273647Z:     - [37mCONFIG_OVERLAY_FS[m: [32menabled[m
[STDERR  ] 2017-09-29T01:12:50.252281351Z:   - "[34mzfs[m":
[STDERR  ] 2017-09-29T01:12:50.252289942Z:     - [1m/dev/zfs[m: [1;31mmissing[m
[STDERR  ] 2017-09-29T01:12:50.252297708Z:     - [1mzfs command[m: [1;31mmissing[m
[STDERR  ] 2017-09-29T01:12:50.252305416Z:     - [1mzpool command[m: [1;31mmissing[m
[STDERR  ] 2017-09-29T01:12:50.252313106Z: 
[STDERR  ] 2017-09-29T01:12:50.25232112Z: Limits:
[STDERR  ] 2017-09-29T01:12:50.252329342Z: [37m- /proc/sys/kernel/keys/root_maxkeys[m: [32m1000000[m
[STDERR  ] 2017-09-29T01:12:50.252337347Z: 
[STDERR  ] 2017-09-29T01:12:50.252344959Z: Kernel config test suite PASSED
[STDERR  ] 2017-09-29T01:12:50.25235371Z: [   40.786422] ACPI: Preparing to enter system sleep state S5
[STDERR  ] 2017-09-29T01:12:50.252361468Z: [   40.792958] reboot: Power down
[STDERR  ] 2017-09-29T01:12:50.252369501Z: + grep -q suite PASSED
[STDERR  ] 2017-09-29T01:12:50.253468992Z: + echo [    0.000000] Initializing cgroup subsys cpuset
[STDERR  ] 2017-09-29T01:12:50.253499906Z: [    0.000000] Initializing cgroup subsys cpu
[STDERR  ] 2017-09-29T01:12:50.25350801Z: [    0.000000] Initializing cgroup subsys cpuacct
[STDERR  ] 2017-09-29T01:12:50.253528883Z: [    0.000000] Linux version 4.4.88-linuxkit (root@5f135cb3b391) (gcc version 6.3.0 (Alpine 6.3.0) ) #1 SMP Wed Sep 20 11:42:22 UTC 2017
[STDERR  ] 2017-09-29T01:12:50.253539343Z: [    0.000000] Command line: console=ttyS0
[STDERR  ] 2017-09-29T01:12:50.253554145Z: [    0.000000] x86/fpu: Legacy x87 FPU detected.
[STDERR  ] 2017-09-29T01:12:50.253563008Z: [    0.000000] x86/fpu: Using 'lazy' FPU context switches.
[STDERR  ] 2017-09-29T01:12:50.253571463Z: [    0.000000] e820: BIOS-provided physical RAM map:
[STDERR  ] 2017-09-29T01:12:50.253584362Z: [    0.000000] BIOS-e820: [mem 0x0000000000000000-0x000000000009fbff] usable
[STDERR  ] 2017-09-29T01:12:50.253602289Z: [    0.000000] BIOS-e820: [mem 0x000000000009fc00-0x000000000009ffff] reserved
[STDERR  ] 2017-09-29T01:12:50.253611352Z: [    0.000000] BIOS-e820: [mem 0x00000000000f0000-0x00000000000fffff] reserved
[STDERR  ] 2017-09-29T01:12:50.253620591Z: [    0.000000] BIOS-e820: [mem 0x0000000000100000-0x000000003ffdefff] usable
[STDERR  ] 2017-09-29T01:12:50.253628616Z: [    0.000000] BIOS-e820: [mem 0x000000003ffdf000-0x000000003fffffff] reserved
[STDERR  ] 2017-09-29T01:12:50.25363713Z: [    0.000000] BIOS-e820: [mem 0x00000000b0000000-0x00000000bfffffff] reserved
[STDERR  ] 2017-09-29T01:12:50.253652396Z: [    0.000000] BIOS-e820: [mem 0x00000000fed1c000-0x00000000fed1ffff] reserved
[STDERR  ] 2017-09-29T01:12:50.253660627Z: [    0.000000] BIOS-e820: [mem 0x00000000fffc0000-0x00000000ffffffff] reserved
[STDERR  ] 2017-09-29T01:12:50.253677253Z: [    0.000000] NX (Execute Disable) protection: active
[STDERR  ] 2017-09-29T01:12:50.253686261Z: [    0.000000] SMBIOS 2.8 present.
[STDERR  ] 2017-09-29T01:12:50.253695536Z: [    0.000000] e820: last_pfn = 0x3ffdf max_arch_pfn = 0x400000000
[STDERR  ] 2017-09-29T01:12:50.253703675Z: [    0.000000] x86/PAT: Configuration [0-7]: WB  WC  UC- UC  WB  WC  UC- WT  
[STDERR  ] 2017-09-29T01:12:50.253714138Z: [    0.000000] found SMP MP-table at [mem 0x000f6aa0-0x000f6aaf] mapped at [ffff8800000f6aa0]
[STDERR  ] 2017-09-29T01:12:50.253723011Z: [    0.000000] RAMDISK: [mem 0x3eacb000-0x3ffcffff]
[STDERR  ] 2017-09-29T01:12:50.253731162Z: [    0.000000] ACPI: Early table checksum verification disabled
[STDERR  ] 2017-09-29T01:12:50.253740095Z: [    0.000000] ACPI: RSDP 0x00000000000F68C0 000014 (v00 BOCHS )
[STDERR  ] 2017-09-29T01:12:50.253747586Z: [    0.000000] ACPI: RSDT 0x000000003FFE2404 000034 (v01 BOCHS  BXPCRSDT 00000001 BXPC 00000001)
[STDERR  ] 2017-09-29T01:12:50.253774715Z: [    0.000000] ACPI: FACP 0x000000003FFE22A4 000074 (v01 BOCHS  BXPCFACP 00000001 BXPC 00000001)
[STDERR  ] 2017-09-29T01:12:50.253783265Z: [    0.000000] ACPI: DSDT 0x000000003FFE0040 002264 (v01 BOCHS  BXPCDSDT 00000001 BXPC 00000001)
[STDERR  ] 2017-09-29T01:12:50.2537909Z: [    0.000000] ACPI: FACS 0x000000003FFE0000 000040
[STDERR  ] 2017-09-29T01:12:50.253799038Z: [    0.000000] ACPI: APIC 0x000000003FFE2318 000078 (v01 BOCHS  BXPCAPIC 00000001 BXPC 00000001)
[STDERR  ] 2017-09-29T01:12:50.253807741Z: [    0.000000] ACPI: HPET 0x000000003FFE2390 000038 (v01 BOCHS  BXPCHPET 00000001 BXPC 00000001)
[STDERR  ] 2017-09-29T01:12:50.253814988Z: [    0.000000] ACPI: MCFG 0x000000003FFE23C8 00003C (v01 BOCHS  BXPCMCFG 00000001 BXPC 00000001)
[STDERR  ] 2017-09-29T01:12:50.253822949Z: [    0.000000] Zone ranges:
[STDERR  ] 2017-09-29T01:12:50.253832691Z: [    0.000000]   DMA      [mem 0x0000000000001000-0x0000000000ffffff]
[STDERR  ] 2017-09-29T01:12:50.253841264Z: [    0.000000]   DMA32    [mem 0x0000000001000000-0x000000003ffdefff]
[STDERR  ] 2017-09-29T01:12:50.2538492Z: [    0.000000]   Normal   empty
[STDERR  ] 2017-09-29T01:12:50.2538572Z: [    0.000000] Movable zone start for each node
[STDERR  ] 2017-09-29T01:12:50.253865148Z: [    0.000000] Early memory node ranges
[STDERR  ] 2017-09-29T01:12:50.25387298Z: [    0.000000]   node   0: [mem 0x0000000000001000-0x000000000009efff]
[STDERR  ] 2017-09-29T01:12:50.253890894Z: [    0.000000]   node   0: [mem 0x0000000000100000-0x000000003ffdefff]
[STDERR  ] 2017-09-29T01:12:50.253909203Z: [    0.000000] Initmem setup node 0 [mem 0x0000000000001000-0x000000003ffdefff]
[STDERR  ] 2017-09-29T01:12:50.253920241Z: [    0.000000] ACPI: PM-Timer IO Port: 0x608
[STDERR  ] 2017-09-29T01:12:50.25392906Z: [    0.000000] ACPI: LAPIC_NMI (acpi_id[0xff] dfl dfl lint[0x1])
[STDERR  ] 2017-09-29T01:12:50.253943263Z: [    0.000000] IOAPIC[0]: apic_id 0, version 32, address 0xfec00000, GSI 0-23
[STDERR  ] 2017-09-29T01:12:50.253951432Z: [    0.000000] ACPI: INT_SRC_OVR (bus 0 bus_irq 0 global_irq 2 dfl dfl)
[STDERR  ] 2017-09-29T01:12:50.253960143Z: [    0.000000] ACPI: INT_SRC_OVR (bus 0 bus_irq 5 global_irq 5 high level)
[STDERR  ] 2017-09-29T01:12:50.253970549Z: [    0.000000] ACPI: INT_SRC_OVR (bus 0 bus_irq 9 global_irq 9 high level)
[STDERR  ] 2017-09-29T01:12:50.253979718Z: [    0.000000] ACPI: INT_SRC_OVR (bus 0 bus_irq 10 global_irq 10 high level)
[STDERR  ] 2017-09-29T01:12:50.25398787Z: [    0.000000] ACPI: INT_SRC_OVR (bus 0 bus_irq 11 global_irq 11 high level)
[STDERR  ] 2017-09-29T01:12:50.253997058Z: [    0.000000] Using ACPI (MADT) for SMP configuration information
[STDERR  ] 2017-09-29T01:12:50.254005591Z: [    0.000000] ACPI: HPET id: 0x8086a201 base: 0xfed00000
[STDERR  ] 2017-09-29T01:12:50.254013897Z: [    0.000000] smpboot: Allowing 1 CPUs, 0 hotplug CPUs
[STDERR  ] 2017-09-29T01:12:50.254021979Z: [    0.000000] e820: [mem 0x40000000-0xafffffff] available for PCI devices
[STDERR  ] 2017-09-29T01:12:50.254030376Z: [    0.000000] Booting paravirtualized kernel on bare hardware
[STDERR  ] 2017-09-29T01:12:50.254039134Z: [    0.000000] clocksource: refined-jiffies: mask: 0xffffffff max_cycles: 0xffffffff, max_idle_ns: 19112604462750000 ns
[STDERR  ] 2017-09-29T01:12:50.254050925Z: [    0.000000] setup_percpu: NR_CPUS:128 nr_cpumask_bits:128 nr_cpu_ids:1 nr_node_ids:1
[STDERR  ] 2017-09-29T01:12:50.254058785Z: [    0.000000] PERCPU: Embedded 33 pages/cpu @ffff88003e800000 s95896 r8192 d31080 u2097152
[STDERR  ] 2017-09-29T01:12:50.25406968Z: [    0.000000] Built 1 zonelists in Zone order, mobility grouping on.  Total pages: 257896
[STDERR  ] 2017-09-29T01:12:50.254078841Z: [    0.000000] Kernel command line: console=ttyS0
[STDERR  ] 2017-09-29T01:12:50.254086861Z: [    0.000000] PID hash table entries: 4096 (order: 3, 32768 bytes)
[STDERR  ] 2017-09-29T01:12:50.254094653Z: [    0.000000] Dentry cache hash table entries: 131072 (order: 8, 1048576 bytes)
[STDERR  ] 2017-09-29T01:12:50.254103268Z: [    0.000000] Inode-cache hash table entries: 65536 (order: 7, 524288 bytes)
[STDERR  ] 2017-09-29T01:12:50.254113339Z: [    0.000000] Memory: 992552K/1048052K available (7633K kernel code, 1263K rwdata, 2704K rodata, 1300K init, 688K bss, 55500K reserved, 0K cma-reserved)
[STDERR  ] 2017-09-29T01:12:50.254148501Z: [    0.000000] Hierarchical RCU implementation.
[STDERR  ] 2017-09-29T01:12:50.254156937Z: [    0.000000] 	Build-time adjustment of leaf fanout to 64.
[STDERR  ] 2017-09-29T01:12:50.254171202Z: [    0.000000] 	RCU restricting CPUs from NR_CPUS=128 to nr_cpu_ids=1.
[STDERR  ] 2017-09-29T01:12:50.254187767Z: [    0.000000] RCU: Adjusting geometry for rcu_fanout_leaf=64, nr_cpu_ids=1
[STDERR  ] 2017-09-29T01:12:50.254196212Z: [    0.000000] NR_IRQS:8448 nr_irqs:256 16
[STDERR  ] 2017-09-29T01:12:50.254204172Z: [    0.000000] Console: colour VGA+ 80x25
[STDERR  ] 2017-09-29T01:12:50.254212122Z: [    0.000000] console [ttyS0] enabled
[STDERR  ] 2017-09-29T01:12:50.254220043Z: [    0.000000] clocksource: hpet: mask: 0xffffffff max_cycles: 0xffffffff, max_idle_ns: 19112604467 ns
[STDERR  ] 2017-09-29T01:12:50.254229394Z: [    0.000000] tsc: Unable to calibrate against PIT
[STDERR  ] 2017-09-29T01:12:50.254238941Z: [    0.000000] tsc: using HPET reference calibration
[STDERR  ] 2017-09-29T01:12:50.254247858Z: [    0.000000] tsc: Detected 2599.964 MHz processor
[STDERR  ] 2017-09-29T01:12:50.254261081Z: [    0.043145] Calibrating delay loop (skipped), value calculated using timer frequency.. 5199.92 BogoMIPS (lpj=25999640)
[STDERR  ] 2017-09-29T01:12:50.254272899Z: [    0.051761] pid_max: default: 32768 minimum: 301
[STDERR  ] 2017-09-29T01:12:50.254282015Z: [    0.052706] ACPI: Core revision 20150930
[STDERR  ] 2017-09-29T01:12:50.254290083Z: [    0.105848] ACPI: 1 ACPI AML tables successfully acquired and loaded
[STDERR  ] 2017-09-29T01:12:50.254303314Z: [    0.108130] Security Framework initialized
[STDERR  ] 2017-09-29T01:12:50.254311502Z: [    0.108610] Yama: becoming mindful.
[STDERR  ] 2017-09-29T01:12:50.254319502Z: [    0.113736] Mount-cache hash table entries: 2048 (order: 2, 16384 bytes)
[STDERR  ] 2017-09-29T01:12:50.254327343Z: [    0.114364] Mountpoint-cache hash table entries: 2048 (order: 2, 16384 bytes)
[STDERR  ] 2017-09-29T01:12:50.25433572Z: [    0.130668] Initializing cgroup subsys io
[STDERR  ] 2017-09-29T01:12:50.254343211Z: [    0.131773] Initializing cgroup subsys memory
[STDERR  ] 2017-09-29T01:12:50.254351401Z: [    0.132855] Initializing cgroup subsys devices
[STDERR  ] 2017-09-29T01:12:50.254359673Z: [    0.133446] Initializing cgroup subsys freezer
[STDERR  ] 2017-09-29T01:12:50.254374041Z: [    0.133994] Initializing cgroup subsys net_cls
[STDERR  ] 2017-09-29T01:12:50.254382012Z: [    0.134499] Initializing cgroup subsys perf_event
[STDERR  ] 2017-09-29T01:12:50.254389818Z: [    0.135007] Initializing cgroup subsys net_prio
[STDERR  ] 2017-09-29T01:12:50.254397774Z: [    0.135550] Initializing cgroup subsys hugetlb
[STDERR  ] 2017-09-29T01:12:50.254405346Z: [    0.136025] Initializing cgroup subsys pids
[STDERR  ] 2017-09-29T01:12:50.254412808Z: [    0.138660] Last level iTLB entries: 4KB 0, 2MB 0, 4MB 0
[STDERR  ] 2017-09-29T01:12:50.254420862Z: [    0.139229] Last level dTLB entries: 4KB 0, 2MB 0, 4MB 0, 1GB 0
[STDERR  ] 2017-09-29T01:12:50.254429307Z: [    0.382856] Freeing SMP alternatives memory: 20K
[STDERR  ] 2017-09-29T01:12:50.254437649Z: [    0.391934] ftrace: allocating 33495 entries in 131 pages
[STDERR  ] 2017-09-29T01:12:50.254445712Z: [    0.542412] ..TIMER: vector=0x30 apic1=0 pin1=2 apic2=-1 pin2=-1
[STDERR  ] 2017-09-29T01:12:50.254453958Z: [    0.650000] smpboot: CPU0: AMD QEMU Virtual CPU version 2.5+ (family: 0x6, model: 0x6, stepping: 0x3)
[STDERR  ] 2017-09-29T01:12:50.254461918Z: [    0.650000] Performance Events: Broken PMU hardware detected, using software events only.
[STDERR  ] 2017-09-29T01:12:50.254469778Z: [    0.650000] Failed to access perfctr msr (MSR c0010007 is 0)
[STDERR  ] 2017-09-29T01:12:50.254476987Z: [    0.656542] x86: Booted up 1 node, 1 CPUs
[STDERR  ] 2017-09-29T01:12:50.254485807Z: [    0.657012] smpboot: Total of 1 processors activated (5199.92 BogoMIPS)
[STDERR  ] 2017-09-29T01:12:50.254493497Z: [    0.664742] NMI watchdog: disabled (cpu0): hardware events not enabled
[STDERR  ] 2017-09-29T01:12:50.254516314Z: [    0.665267] NMI watchdog: Shutting down hard lockup detector on all cpus
[STDERR  ] 2017-09-29T01:12:50.254525748Z: [    0.676087] devtmpfs: initialized
[STDERR  ] 2017-09-29T01:12:50.25453418Z: [    0.748976] clocksource: jiffies: mask: 0xffffffff max_cycles: 0xffffffff, max_idle_ns: 19112604462750000 ns
[STDERR  ] 2017-09-29T01:12:50.254544844Z: [    0.750194] futex hash table entries: 256 (order: 2, 16384 bytes)
[STDERR  ] 2017-09-29T01:12:50.254553592Z: [    0.763487] NET: Registered protocol family 16
[STDERR  ] 2017-09-29T01:12:50.254561451Z: [    0.772358] cpuidle: using governor ladder
[STDERR  ] 2017-09-29T01:12:50.254569688Z: [    0.772931] cpuidle: using governor menu
[STDERR  ] 2017-09-29T01:12:50.254578486Z: [    0.774551] ACPI: bus type PCI registered
[STDERR  ] 2017-09-29T01:12:50.254587796Z: [    0.777826] PCI: MMCONFIG for domain 0000 [bus 00-ff] at [mem 0xb0000000-0xbfffffff] (base 0xb0000000)
[STDERR  ] 2017-09-29T01:12:50.254596865Z: [    0.778841] PCI: MMCONFIG at [mem 0xb0000000-0xbfffffff] reserved in E820
[STDERR  ] 2017-09-29T01:12:50.254605883Z: [    0.780446] PCI: Using configuration type 1 for base access
[STDERR  ] 2017-09-29T01:12:50.254618446Z: [    0.836108] ACPI: Added _OSI(Module Device)
[STDERR  ] 2017-09-29T01:12:50.25462668Z: [    0.836395] ACPI: Added _OSI(Processor Device)
[STDERR  ] 2017-09-29T01:12:50.254634565Z: [    0.836730] ACPI: Added _OSI(3.0 _SCP Extensions)
[STDERR  ] 2017-09-29T01:12:50.254642561Z: [    0.837011] ACPI: Added _OSI(Processor Aggregator Device)
[STDERR  ] 2017-09-29T01:12:50.254657008Z: [    0.922376] ACPI: Interpreter enabled
[STDERR  ] 2017-09-29T01:12:50.254670127Z: [    0.923416] ACPI: (supports S0 S5)
[STDERR  ] 2017-09-29T01:12:50.254677854Z: [    0.923790] ACPI: Using IOAPIC for interrupt routing
[STDERR  ] 2017-09-29T01:12:50.254688126Z: [    0.926399] PCI: Using host bridge windows from ACPI; if necessary, use "pci=nocrs" and report a bug
[STDERR  ] 2017-09-29T01:12:50.254696866Z: [    0.994964] ACPI: PCI Root Bridge [PCI0] (domain 0000 [bus 00-ff])
[STDERR  ] 2017-09-29T01:12:50.254705145Z: [    0.996118] acpi PNP0A08:00: _OSC: OS supports [ExtendedConfig ASPM ClockPM Segments MSI]
[STDERR  ] 2017-09-29T01:12:50.254713359Z: [    1.002970] acpi PNP0A08:00: _OSC: OS now controls [PCIeHotplug PME PCIeCapability]
[STDERR  ] 2017-09-29T01:12:50.254721748Z: [    1.006911] PCI host bridge to bus 0000:00
[STDERR  ] 2017-09-29T01:12:50.254729756Z: [    1.007428] pci_bus 0000:00: root bus resource [io  0x0000-0x0cf7 window]
[STDERR  ] 2017-09-29T01:12:50.254737966Z: [    1.007923] pci_bus 0000:00: root bus resource [io  0x0d00-0xffff window]
[STDERR  ] 2017-09-29T01:12:50.254746302Z: [    1.008390] pci_bus 0000:00: root bus resource [mem 0x000a0000-0x000bffff window]
[STDERR  ] 2017-09-29T01:12:50.254754969Z: [    1.008855] pci_bus 0000:00: root bus resource [mem 0xc0000000-0xfebfffff window]
[STDERR  ] 2017-09-29T01:12:50.254762798Z: [    1.010295] pci_bus 0000:00: root bus resource [bus 00-ff]
[STDERR  ] 2017-09-29T01:12:50.254770908Z: [    1.162611] pci 0000:00:1f.0: quirk: [io  0x0600-0x067f] claimed by ICH6 ACPI/GPIO/TCO
[STDERR  ] 2017-09-29T01:12:50.25477948Z: [    1.247199] ACPI: PCI Interrupt Link [LNKA] (IRQs 5 *10 11)
[STDERR  ] 2017-09-29T01:12:50.254787352Z: [    1.250635] ACPI: PCI Interrupt Link [LNKB] (IRQs 5 *10 11)
[STDERR  ] 2017-09-29T01:12:50.254801509Z: [    1.252770] ACPI: PCI Interrupt Link [LNKC] (IRQs 5 10 *11)
[STDERR  ] 2017-09-29T01:12:50.254809131Z: [    1.254586] ACPI: PCI Interrupt Link [LNKD] (IRQs 5 10 *11)
[STDERR  ] 2017-09-29T01:12:50.254817195Z: [    1.256684] ACPI: PCI Interrupt Link [LNKE] (IRQs 5 *10 11)
[STDERR  ] 2017-09-29T01:12:50.25482546Z: [    1.258367] ACPI: PCI Interrupt Link [LNKF] (IRQs 5 *10 11)
[STDERR  ] 2017-09-29T01:12:50.254833249Z: [    1.260667] ACPI: PCI Interrupt Link [LNKG] (IRQs 5 10 *11)
[STDERR  ] 2017-09-29T01:12:50.254849603Z: [    1.262355] ACPI: PCI Interrupt Link [LNKH] (IRQs 5 10 *11)
[STDERR  ] 2017-09-29T01:12:50.2548573Z: [    1.263214] ACPI: PCI Interrupt Link [GSIA] (IRQs *16)
[STDERR  ] 2017-09-29T01:12:50.254865064Z: [    1.263885] ACPI: PCI Interrupt Link [GSIB] (IRQs *17)
[STDERR  ] 2017-09-29T01:12:50.254873062Z: [    1.264549] ACPI: PCI Interrupt Link [GSIC] (IRQs *18)
[STDERR  ] 2017-09-29T01:12:50.2548867Z: [    1.265234] ACPI: PCI Interrupt Link [GSID] (IRQs *19)
[STDERR  ] 2017-09-29T01:12:50.254894971Z: [    1.265967] ACPI: PCI Interrupt Link [GSIE] (IRQs *20)
[STDERR  ] 2017-09-29T01:12:50.254902869Z: [    1.266605] ACPI: PCI Interrupt Link [GSIF] (IRQs *21)
[STDERR  ] 2017-09-29T01:12:50.254910369Z: [    1.267220] ACPI: PCI Interrupt Link [GSIG] (IRQs *22)
[STDERR  ] 2017-09-29T01:12:50.254918624Z: [    1.267703] ACPI: PCI Interrupt Link [GSIH] (IRQs *23)
[STDERR  ] 2017-09-29T01:12:50.254926872Z: [    1.272109] ACPI: Enabled 2 GPEs in block 00 to 3F
[STDERR  ] 2017-09-29T01:12:50.25493428Z: [    1.276255] SCSI subsystem initialized
[STDERR  ] 2017-09-29T01:12:50.254942294Z: [    1.278817] ACPI: bus type USB registered
[STDERR  ] 2017-09-29T01:12:50.254950268Z: [    1.280218] usbcore: registered new interface driver usbfs
[STDERR  ] 2017-09-29T01:12:50.254958613Z: [    1.281218] usbcore: registered new interface driver hub
[STDERR  ] 2017-09-29T01:12:50.254971391Z: [    1.282159] usbcore: registered new device driver usb
[STDERR  ] 2017-09-29T01:12:50.254979393Z: [    1.283544] pps_core: LinuxPPS API ver. 1 registered
[STDERR  ] 2017-09-29T01:12:50.254987291Z: [    1.283835] pps_core: Software ver. 5.3.6 - Copyright 2005-2007 Rodolfo Giometti <giometti@linux.it>
[STDERR  ] 2017-09-29T01:12:50.254996187Z: [    1.284579] PTP clock support registered
[STDERR  ] 2017-09-29T01:12:50.25501537Z: [    1.285830] wmi: Mapper loaded
[STDERR  ] 2017-09-29T01:12:50.2550241Z: [    1.287150] PCI: Using ACPI for IRQ routing
[STDERR  ] 2017-09-29T01:12:50.25503229Z: [    1.306883] NetLabel: Initializing
[STDERR  ] 2017-09-29T01:12:50.255040594Z: [    1.307053] NetLabel:  domain hash size = 128
[STDERR  ] 2017-09-29T01:12:50.255048693Z: [    1.307432] NetLabel:  protocols = UNLABELED CIPSOv4
[STDERR  ] 2017-09-29T01:12:50.255056696Z: [    1.310133] NetLabel:  unlabeled traffic allowed by default
[STDERR  ] 2017-09-29T01:12:50.255064902Z: [    1.311389] HPET: 3 timers in total, 0 timers will be used for per-cpu timer
[STDERR  ] 2017-09-29T01:12:50.255074642Z: [    1.312265] hpet0: at MMIO 0xfed00000, IRQs 2, 8, 0
[STDERR  ] 2017-09-29T01:12:50.255083166Z: [    1.312735] hpet0: 3 comparators, 64-bit 100.000000 MHz counter
[STDERR  ] 2017-09-29T01:12:50.255097815Z: [    1.318762] amd_nb: Cannot enumerate AMD northbridges
[STDERR  ] 2017-09-29T01:12:50.255106587Z: [    1.319542] clocksource: Switched to clocksource hpet
[STDERR  ] 2017-09-29T01:12:50.255114547Z: [    1.523229] FS-Cache: Loaded
[STDERR  ] 2017-09-29T01:12:50.255128618Z: [    1.528904] CacheFiles: Loaded
[STDERR  ] 2017-09-29T01:12:50.255139167Z: [    1.532057] pnp: PnP ACPI init
[STDERR  ] 2017-09-29T01:12:50.255147869Z: [    1.543690] pnp: PnP ACPI: found 5 devices
[STDERR  ] 2017-09-29T01:12:50.255155955Z: [    1.589889] clocksource: acpi_pm: mask: 0xffffff max_cycles: 0xffffff, max_idle_ns: 2085701024 ns
[STDERR  ] 2017-09-29T01:12:50.255164799Z: [    1.593025] NET: Registered protocol family 2
[STDERR  ] 2017-09-29T01:12:50.255173812Z: [    1.601231] TCP established hash table entries: 8192 (order: 4, 65536 bytes)
[STDERR  ] 2017-09-29T01:12:50.255181954Z: [    1.602073] TCP bind hash table entries: 8192 (order: 5, 131072 bytes)
[STDERR  ] 2017-09-29T01:12:50.255190226Z: [    1.602801] TCP: Hash tables configured (established 8192 bind 8192)
[STDERR  ] 2017-09-29T01:12:50.255211421Z: [    1.604338] UDP hash table entries: 512 (order: 2, 16384 bytes)
[STDERR  ] 2017-09-29T01:12:50.255220168Z: [    1.604929] UDP-Lite hash table entries: 512 (order: 2, 16384 bytes)
[STDERR  ] 2017-09-29T01:12:50.255228505Z: [    1.607358] NET: Registered protocol family 1
[STDERR  ] 2017-09-29T01:12:50.255236676Z: [    1.614678] Unpacking initramfs...
[STDERR  ] 2017-09-29T01:12:50.255244904Z: [    4.779707] Freeing initrd memory: 21524K
[STDERR  ] 2017-09-29T01:12:50.255252955Z: [    4.802234] PCLMULQDQ-NI instructions are not detected.
[STDERR  ] 2017-09-29T01:12:50.255260945Z: [    4.803840] AVX or AES-NI instructions are not detected.
[STDERR  ] 2017-09-29T01:12:50.255269159Z: [    4.804422] CPU feature 'AVX registers' is not supported.
[STDERR  ] 2017-09-29T01:12:50.255276751Z: [    4.804826] CPU feature 'AVX registers' is not supported.
[STDERR  ] 2017-09-29T01:12:50.255286892Z: [    4.805240] CPU feature 'AVX registers' is not supported.
[STDERR  ] 2017-09-29T01:12:50.255296154Z: [    4.805678] CPU feature 'AVX registers' is not supported.
[STDERR  ] 2017-09-29T01:12:50.255303716Z: [    4.806117] AVX2 or AES-NI instructions are not detected.
[STDERR  ] 2017-09-29T01:12:50.255311715Z: [    4.806512] AVX2 instructions are not detected.
[STDERR  ] 2017-09-29T01:12:50.255319407Z: [    4.813399] audit: initializing netlink subsys (disabled)
[STDERR  ] 2017-09-29T01:12:50.255327084Z: [    4.815118] audit: type=2000 audit(1506647532.810:1): initialized
[STDERR  ] 2017-09-29T01:12:50.2553349Z: [    4.823760] HugeTLB registered 2 MB page size, pre-allocated 0 pages
[STDERR  ] 2017-09-29T01:12:50.255347154Z: [    4.827780] VFS: Disk quotas dquot_6.6.0
[STDERR  ] 2017-09-29T01:12:50.255355211Z: [    4.828582] VFS: Dquot-cache hash table entries: 512 (order 0, 4096 bytes)
[STDERR  ] 2017-09-29T01:12:50.255363626Z: [    4.834942] FS-Cache: Netfs 'cifs' registered for caching
[STDERR  ] 2017-09-29T01:12:50.255371223Z: [    4.835887] fuse init (API version 7.23)
[STDERR  ] 2017-09-29T01:12:50.255379194Z: [    4.838297] SGI XFS with ACLs, security attributes, no debug enabled
[STDERR  ] 2017-09-29T01:12:50.25539343Z: [    4.841556] 9p: Installing v9fs 9p2000 file system support
[STDERR  ] 2017-09-29T01:12:50.255401966Z: [    4.842128] FS-Cache: Netfs '9p' registered for caching
[STDERR  ] 2017-09-29T01:12:50.255409829Z: [    4.843936] Key type big_key registered
[STDERR  ] 2017-09-29T01:12:50.255417616Z: [    4.874285] NET: Registered protocol family 38
[STDERR  ] 2017-09-29T01:12:50.255425643Z: [    4.874899] Key type asymmetric registered
[STDERR  ] 2017-09-29T01:12:50.25543328Z: [    4.875308] Asymmetric key parser 'x509' registered
[STDERR  ] 2017-09-29T01:12:50.25544144Z: [    4.876239] Block layer SCSI generic (bsg) driver version 0.4 loaded (major 251)
[STDERR  ] 2017-09-29T01:12:50.255449802Z: [    4.877952] io scheduler noop registered
[STDERR  ] 2017-09-29T01:12:50.255457409Z: [    4.878328] io scheduler deadline registered (default)
[STDERR  ] 2017-09-29T01:12:50.255484271Z: [    4.879041] io scheduler cfq registered
[STDERR  ] 2017-09-29T01:12:50.255492795Z: [    4.882699] pci_hotplug: PCI Hot Plug PCI Core version: 0.5
[STDERR  ] 2017-09-29T01:12:50.255508181Z: [    4.883385] pciehp: PCI Express Hot Plug Controller Driver version: 0.4
[STDERR  ] 2017-09-29T01:12:50.255517286Z: [    4.884360] shpchp: Standard Hot Plug PCI Controller Driver version: 0.4
[STDERR  ] 2017-09-29T01:12:50.255525592Z: [    4.885273] hv_vmbus: registering driver hyperv_fb
[STDERR  ] 2017-09-29T01:12:50.255533638Z: [    4.889265] input: Power Button as /devices/LNXSYSTM:00/LNXPWRBN:00/input/input0
[STDERR  ] 2017-09-29T01:12:50.255542042Z: [    4.891139] ACPI: Power Button [PWRF]
[STDERR  ] 2017-09-29T01:12:50.25555Z: [    4.896192] GHES: HEST is not enabled!
[STDERR  ] 2017-09-29T01:12:50.255558337Z: [    4.911283] ACPI: PCI Interrupt Link [GSIG] enabled at IRQ 22
[STDERR  ] 2017-09-29T01:12:50.255566633Z: [    4.926155] ACPI: PCI Interrupt Link [GSIH] enabled at IRQ 23
[STDERR  ] 2017-09-29T01:12:50.255574545Z: [    4.931219] xenfs: not registering filesystem on non-xen platform
[STDERR  ] 2017-09-29T01:12:50.255583146Z: [    4.934389] Serial: 8250/16550 driver, 4 ports, IRQ sharing disabled
[STDERR  ] 2017-09-29T01:12:50.25559182Z: [    4.960000] 00:04: ttyS0 at I/O 0x3f8 (irq = 4, base_baud = 115200) is a 16550A
[STDERR  ] 2017-09-29T01:12:50.255600064Z: [    4.971847] Non-volatile memory driver v1.3
[STDERR  ] 2017-09-29T01:12:50.255615826Z: [    4.979665] Hangcheck: starting hangcheck timer 0.9.1 (tick is 180 seconds, margin is 60 seconds).
[STDERR  ] 2017-09-29T01:12:50.25562479Z: [    5.021306] loop: module loaded
[STDERR  ] 2017-09-29T01:12:50.255633795Z: [    5.034741] nbd: registered device at major 43
[STDERR  ] 2017-09-29T01:12:50.255642319Z: [    5.075106] lpc_ich 0000:00:1f.0: I/O space for GPIO uninitialized
[STDERR  ] 2017-09-29T01:12:50.25565017Z: [    5.077258] VMware PVSCSI driver - version 1.0.5.0-k
[STDERR  ] 2017-09-29T01:12:50.25565873Z: [    5.078176] hv_vmbus: registering driver hv_storvsc
[STDERR  ] 2017-09-29T01:12:50.255666959Z: [    5.089267] ACPI: PCI Interrupt Link [GSIA] enabled at IRQ 16
[STDERR  ] 2017-09-29T01:12:50.255674635Z: [    5.095944] ahci 0000:00:1f.2: AHCI 0001.0000 32 slots 6 ports 1.5 Gbps 0x3f impl SATA mode
[STDERR  ] 2017-09-29T01:12:50.255689691Z: [    5.096707] ahci 0000:00:1f.2: flags: 64bit ncq only 
[STDERR  ] 2017-09-29T01:12:50.25569766Z: [    5.115945] scsi host0: ahci
[STDERR  ] 2017-09-29T01:12:50.255706763Z: [    5.120286] scsi host1: ahci
[STDERR  ] 2017-09-29T01:12:50.255715619Z: [    5.123234] scsi host2: ahci
[STDERR  ] 2017-09-29T01:12:50.255727849Z: [    5.125398] scsi host3: ahci
[STDERR  ] 2017-09-29T01:12:50.255736482Z: [    5.128197] scsi host4: ahci
[STDERR  ] 2017-09-29T01:12:50.255747802Z: [    5.131183] scsi host5: ahci
[STDERR  ] 2017-09-29T01:12:50.255756326Z: [    5.132896] ata1: SATA max UDMA/133 abar m4096@0xfebd2000 port 0xfebd2100 irq 24
[STDERR  ] 2017-09-29T01:12:50.255772854Z: [    5.133409] ata2: SATA max UDMA/133 abar m4096@0xfebd2000 port 0xfebd2180 irq 24
[STDERR  ] 2017-09-29T01:12:50.255785707Z: [    5.133883] ata3: SATA max UDMA/133 abar m4096@0xfebd2000 port 0xfebd2200 irq 24
[STDERR  ] 2017-09-29T01:12:50.255794644Z: [    5.134273] ata4: SATA max UDMA/133 abar m4096@0xfebd2000 port 0xfebd2280 irq 24
[STDERR  ] 2017-09-29T01:12:50.255803329Z: [    5.134698] ata5: SATA max UDMA/133 abar m4096@0xfebd2000 port 0xfebd2300 irq 24
[STDERR  ] 2017-09-29T01:12:50.255811957Z: [    5.135094] ata6: SATA max UDMA/133 abar m4096@0xfebd2000 port 0xfebd2380 irq 24
[STDERR  ] 2017-09-29T01:12:50.255820785Z: [    5.146529] tun: Universal TUN/TAP device driver, 1.6
[STDERR  ] 2017-09-29T01:12:50.255829281Z: [    5.146882] tun: (C) 1999-2004 Max Krasnyansky <maxk@qualcomm.com>
[STDERR  ] 2017-09-29T01:12:50.255837905Z: [    5.158076] VMware vmxnet3 virtual NIC driver - version 1.4.5.0-k-NAPI
[STDERR  ] 2017-09-29T01:12:50.255848315Z: [    5.159059] hv_vmbus: registering driver hv_netvsc
[STDERR  ] 2017-09-29T01:12:50.255856464Z: [    5.159340] Fusion MPT base driver 3.04.20
[STDERR  ] 2017-09-29T01:12:50.255864738Z: [    5.159651] Copyright (c) 1999-2008 LSI Corporation
[STDERR  ] 2017-09-29T01:12:50.25587345Z: [    5.160957] Fusion MPT SPI Host driver 3.04.20
[STDERR  ] 2017-09-29T01:12:50.255886808Z: [    5.163246] i8042: PNP: PS/2 Controller [PNP0303:KBD,PNP0f13:MOU] at 0x60,0x64 irq 1,12
[STDERR  ] 2017-09-29T01:12:50.255895792Z: [    5.167675] serio: i8042 KBD port at 0x60,0x64 irq 1
[STDERR  ] 2017-09-29T01:12:50.255904087Z: [    5.168360] serio: i8042 AUX port at 0x60,0x64 irq 12
[STDERR  ] 2017-09-29T01:12:50.255914142Z: [    5.171886] hv_vmbus: registering driver hyperv_keyboard
[STDERR  ] 2017-09-29T01:12:50.255922887Z: [    5.174109] mousedev: PS/2 mouse device common for all mice
[STDERR  ] 2017-09-29T01:12:50.255931191Z: [    5.178883] input: AT Translated Set 2 keyboard as /devices/platform/i8042/serio0/input/input1
[STDERR  ] 2017-09-29T01:12:50.255939742Z: [    5.181795] input: PC Speaker as /devices/platform/pcspkr/input/input2
[STDERR  ] 2017-09-29T01:12:50.255948381Z: [    5.185927] rtc_cmos 00:00: RTC can wake from S4
[STDERR  ] 2017-09-29T01:12:50.255956704Z: [    5.189152] rtc_cmos 00:00: rtc core: registered rtc_cmos as rtc0
[STDERR  ] 2017-09-29T01:12:50.255965277Z: [    5.190702] rtc_cmos 00:00: alarms up to one day, y3k, 114 bytes nvram, hpet irqs
[STDERR  ] 2017-09-29T01:12:50.255974387Z: [    5.191487] i2c /dev entries driver
[STDERR  ] 2017-09-29T01:12:50.255983045Z: [    5.193505] device-mapper: ioctl: 4.34.0-ioctl (2015-10-28) initialised: dm-devel@redhat.com
[STDERR  ] 2017-09-29T01:12:50.255992035Z: [    5.198404] usbcore: registered new interface driver usbhid
[STDERR  ] 2017-09-29T01:12:50.25600083Z: [    5.198777] usbhid: USB HID core driver
[STDERR  ] 2017-09-29T01:12:50.25600955Z: [    5.199553] hv_utils: Registering HyperV Utility Driver
[STDERR  ] 2017-09-29T01:12:50.256025297Z: [    5.199863] hv_vmbus: registering driver hv_util
[STDERR  ] 2017-09-29T01:12:50.256033984Z: [    5.200681] hv_vmbus: registering driver hv_balloon
[STDERR  ] 2017-09-29T01:12:50.256042035Z: [    5.201306] oprofile: using NMI interrupt.
[STDERR  ] 2017-09-29T01:12:50.25605058Z: [    5.202387] GACT probability on
[STDERR  ] 2017-09-29T01:12:50.256061321Z: [    5.202787] Mirror/redirect action on
[STDERR  ] 2017-09-29T01:12:50.256069912Z: [    5.203231] Simple TC action Loaded
[STDERR  ] 2017-09-29T01:12:50.256078345Z: [    5.203573] u32 classifier
[STDERR  ] 2017-09-29T01:12:50.256087067Z: [    5.203750]     Performance counters on
[STDERR  ] 2017-09-29T01:12:50.256101563Z: [    5.203994]     input device check on
[STDERR  ] 2017-09-29T01:12:50.256114823Z: [    5.204210]     Actions configured
[STDERR  ] 2017-09-29T01:12:50.256123963Z: [    5.205023] Netfilter messages via NETLINK v0.30.
[STDERR  ] 2017-09-29T01:12:50.256132582Z: [    5.205753] nfnl_acct: registering with nfnetlink.
[STDERR  ] 2017-09-29T01:12:50.25614106Z: [    5.207008] nf_conntrack version 0.5.0 (7922 buckets, 31688 max)
[STDERR  ] 2017-09-29T01:12:50.256149738Z: [    5.210969] ctnetlink v0.93: registering with nfnetlink.
[STDERR  ] 2017-09-29T01:12:50.256162004Z: [    5.214990] nf_tables: (c) 2007-2009 Patrick McHardy <kaber@trash.net>
[STDERR  ] 2017-09-29T01:12:50.256170981Z: [    5.216127] nf_tables_compat: (c) 2012 Pablo Neira Ayuso <pablo@netfilter.org>
[STDERR  ] 2017-09-29T01:12:50.256179652Z: [    5.219377] xt_time: kernel timezone is -0000
[STDERR  ] 2017-09-29T01:12:50.256188618Z: [    5.219975] ip_set: protocol 6
[STDERR  ] 2017-09-29T01:12:50.256197582Z: [    5.221196] IPVS: Registered protocols (TCP, UDP, SCTP, AH, ESP)
[STDERR  ] 2017-09-29T01:12:50.256206167Z: [    5.221906] IPVS: Connection hash table configured (size=4096, memory=64Kbytes)
[STDERR  ] 2017-09-29T01:12:50.256214089Z: [    5.223742] IPVS: Creating netns size=2096 id=0
[STDERR  ] 2017-09-29T01:12:50.256222896Z: [    5.226086] IPVS: ipvs loaded.
[STDERR  ] 2017-09-29T01:12:50.256232231Z: [    5.226558] IPVS: [rr] scheduler registered.
[STDERR  ] 2017-09-29T01:12:50.25624049Z: [    5.226903] IPVS: [wrr] scheduler registered.
[STDERR  ] 2017-09-29T01:12:50.256249112Z: [    5.227216] IPVS: [lc] scheduler registered.
[STDERR  ] 2017-09-29T01:12:50.256258091Z: [    5.227522] IPVS: [wlc] scheduler registered.
[STDERR  ] 2017-09-29T01:12:50.256273202Z: [    5.227821] IPVS: [fo] scheduler registered.
[STDERR  ] 2017-09-29T01:12:50.256281948Z: [    5.228111] IPVS: [ovf] scheduler registered.
[STDERR  ] 2017-09-29T01:12:50.256290353Z: [    5.228605] IPVS: [lblc] scheduler registered.
[STDERR  ] 2017-09-29T01:12:50.256298556Z: [    5.229074] IPVS: [lblcr] scheduler registered.
[STDERR  ] 2017-09-29T01:12:50.256308014Z: [    5.229417] IPVS: [dh] scheduler registered.
[STDERR  ] 2017-09-29T01:12:50.25631634Z: [    5.229710] IPVS: [sh] scheduler registered.
[STDERR  ] 2017-09-29T01:12:50.256324845Z: [    5.230008] IPVS: [sed] scheduler registered.
[STDERR  ] 2017-09-29T01:12:50.256333525Z: [    5.230674] IPVS: [nq] scheduler registered.
[STDERR  ] 2017-09-29T01:12:50.256341856Z: [    5.231505] IPVS: ftp: loaded support on port[0] = 21
[STDERR  ] 2017-09-29T01:12:50.256350072Z: [    5.232284] ipip: IPv4 over IPv4 tunneling driver
[STDERR  ] 2017-09-29T01:12:50.256359006Z: [    5.236220] gre: GRE over IPv4 demultiplexor driver
[STDERR  ] 2017-09-29T01:12:50.256367372Z: [    5.239537] ip_tables: (C) 2000-2006 Netfilter Core Team
[STDERR  ] 2017-09-29T01:12:50.256375966Z: [    5.243165] ipt_CLUSTERIP: ClusterIP Version 0.8 loaded successfully
[STDERR  ] 2017-09-29T01:12:50.256384502Z: [    5.244104] arp_tables: (C) 2002 David S. Miller
[STDERR  ] 2017-09-29T01:12:50.256393201Z: [    5.246630] NET: Registered protocol family 10
[STDERR  ] 2017-09-29T01:12:50.256401532Z: [    5.255882] ip6_tables: (C) 2000-2006 Netfilter Core Team
[STDERR  ] 2017-09-29T01:12:50.25641018Z: [    5.264439] NET: Registered protocol family 17
[STDERR  ] 2017-09-29T01:12:50.256418637Z: [    5.265540] bridge: automatic filtering via arp/ip/ip6tables has been deprecated. Update your scripts to load br_netfilter if you need this.
[STDERR  ] 2017-09-29T01:12:50.256428759Z: [    5.267022] Bridge firewalling registered
[STDERR  ] 2017-09-29T01:12:50.256437415Z: [    5.267686] Ebtables v2.0 registered
[STDERR  ] 2017-09-29T01:12:50.256446367Z: [    5.270610] 8021q: 802.1Q VLAN Support v1.8
[STDERR  ] 2017-09-29T01:12:50.256455002Z: [    5.272057] 9pnet: Installing 9P2000 support
[STDERR  ] 2017-09-29T01:12:50.256463516Z: [    5.273610] Key type dns_resolver registered
[STDERR  ] 2017-09-29T01:12:50.256472363Z: [    5.274466] hv_sock: failed to load: VMBus 4 or later is required
[STDERR  ] 2017-09-29T01:12:50.256480911Z: [    5.275110] microcode: AMD CPU family 0x6 not supported
[STDERR  ] 2017-09-29T01:12:50.25649417Z: [    5.278719] registered taskstats version 1
[STDERR  ] 2017-09-29T01:12:50.256503234Z: [    5.424698] Key type encrypted registered
[STDERR  ] 2017-09-29T01:12:50.256511885Z: [    5.431706] rtc_cmos 00:00: setting system clock to 2017-09-29 01:12:14 UTC (1506647534)
[STDERR  ] 2017-09-29T01:12:50.256520671Z: [    5.481244] ata1: SATA link down (SStatus 0 SControl 300)
[STDERR  ] 2017-09-29T01:12:50.256534571Z: [    5.484360] ata2: SATA link down (SStatus 0 SControl 300)
[STDERR  ] 2017-09-29T01:12:50.256556806Z: [    5.490630] ata4: SATA link down (SStatus 0 SControl 300)
[STDERR  ] 2017-09-29T01:12:50.256565781Z: [    5.491581] ata6: SATA link down (SStatus 0 SControl 300)
[STDERR  ] 2017-09-29T01:12:50.256574545Z: [    5.492644] ata3: SATA link up 1.5 Gbps (SStatus 113 SControl 300)
[STDERR  ] 2017-09-29T01:12:50.256594164Z: [    5.497047] ata3.00: ATAPI: QEMU DVD-ROM, 2.5+, max UDMA/100
[STDERR  ] 2017-09-29T01:12:50.25660297Z: [    5.497607] ata3.00: applying bridge limits
[STDERR  ] 2017-09-29T01:12:50.256611597Z: [    5.499553] ata3.00: configured for UDMA/100
[STDERR  ] 2017-09-29T01:12:50.256626133Z: [    5.501024] ata5: SATA link down (SStatus 0 SControl 300)
[STDERR  ] 2017-09-29T01:12:50.25663501Z: [    5.513318] scsi 2:0:0:0: CD-ROM            QEMU     QEMU DVD-ROM     2.5+ PQ: 0 ANSI: 5
[STDERR  ] 2017-09-29T01:12:50.256643651Z: [    5.523028] sr 2:0:0:0: [sr0] scsi3-mmc drive: 4x/4x cd/rw xa/form2 tray
[STDERR  ] 2017-09-29T01:12:50.256652474Z: [    5.523831] cdrom: Uniform CD-ROM driver Revision: 3.20
[STDERR  ] 2017-09-29T01:12:50.256667037Z: [    5.530379] sr 2:0:0:0: Attached scsi generic sg0 type 5
[STDERR  ] 2017-09-29T01:12:50.256675767Z: [    5.656951] Freeing unused kernel memory: 1300K
[STDERR  ] 2017-09-29T01:12:50.256684135Z: [    5.657359] Write protecting the kernel read-only data: 12288k
[STDERR  ] 2017-09-29T01:12:50.256692969Z: [    5.666819] Freeing unused kernel memory: 548K
[STDERR  ] 2017-09-29T01:12:50.256703798Z: [    5.776146] Freeing unused kernel memory: 1392K
[STDERR  ] 2017-09-29T01:12:50.256712457Z: [    5.781455] tsc: Refined TSC clocksource calibration: 2599.924 MHz
[STDERR  ] 2017-09-29T01:12:50.256721143Z: [    5.781981] clocksource: tsc: mask: 0xffffffffffffffff max_cycles: 0x2579f42fde4, max_idle_ns: 440795207658 ns
[STDERR  ] 2017-09-29T01:12:50.256730032Z: [    6.788678] clocksource: Switched to clocksource tsc
[STDERR  ] 2017-09-29T01:12:50.25673865Z: 
[STDERR  ] 2017-09-29T01:12:50.256747551Z: Welcome to LinuxKit
[STDERR  ] 2017-09-29T01:12:50.256756164Z: 
[STDERR  ] 2017-09-29T01:12:50.256764664Z:                         ##         .
[STDERR  ] 2017-09-29T01:12:50.256773529Z:                   ## ## ##        ==
[STDERR  ] 2017-09-29T01:12:50.256782933Z:                ## ## ## ## ##    ===
[STDERR  ] 2017-09-29T01:12:50.256791531Z:            /"""""""""""""""""\___/ ===
[STDERR  ] 2017-09-29T01:12:50.256800485Z:           {                       /  ===-
[STDERR  ] 2017-09-29T01:12:50.256808953Z:            \______ O           __/
[STDERR  ] 2017-09-29T01:12:50.256817666Z:              \    \         __/
[STDERR  ] 2017-09-29T01:12:50.25682651Z:               \____\_______/
[STDERR  ] 2017-09-29T01:12:50.25683528Z: 
[STDERR  ] 2017-09-29T01:12:50.256844146Z: starting kernel config sanity test with /proc/config.gz
[STDERR  ] 2017-09-29T01:12:50.256852917Z: [   18.722566] RPC: Registered named UNIX socket transport module.
[STDERR  ] 2017-09-29T01:12:50.25686182Z: [   18.723178] RPC: Registered udp transport module.
[STDERR  ] 2017-09-29T01:12:50.256870199Z: [   18.723585] RPC: Registered tcp transport module.
[STDERR  ] 2017-09-29T01:12:50.256884756Z: [   18.723912] RPC: Registered tcp NFSv4.1 backchannel transport module.
[STDERR  ] 2017-09-29T01:12:50.256894395Z: [   18.807568] FS-Cache: Netfs 'nfs' registered for caching
[STDERR  ] 2017-09-29T01:12:50.256902654Z: [   18.904353] Installing knfsd (copyright (C) 1996 okir@monad.swb.de).
[STDERR  ] 2017-09-29T01:12:50.256911213Z: [   18.955777] ntfs: driver 2.1.32 [Flags: R/O MODULE].
[STDERR  ] 2017-09-29T01:12:50.256923588Z: kernel config test succeeded!
[STDERR  ] 2017-09-29T01:12:50.256932542Z: [37minfo: reading kernel config from /proc/config.gz ...[m
[STDERR  ] 2017-09-29T01:12:50.256941111Z: 
[STDERR  ] 2017-09-29T01:12:50.256950009Z: Generally Necessary:
[STDERR  ] 2017-09-29T01:12:50.256958677Z: - [37mcgroup hierarchy[m: [32mproperly mounted[m [/sys/fs/cgroup]
[STDERR  ] 2017-09-29T01:12:50.256971471Z: - [37mCONFIG_NAMESPACES[m: [32menabled[m
[STDERR  ] 2017-09-29T01:12:50.256979913Z: - [37mCONFIG_NET_NS[m: [32menabled[m
[STDERR  ] 2017-09-29T01:12:50.256987934Z: - [37mCONFIG_PID_NS[m: [32menabled[m
[STDERR  ] 2017-09-29T01:12:50.256996065Z: - [37mCONFIG_IPC_NS[m: [32menabled[m
[STDERR  ] 2017-09-29T01:12:50.25700438Z: - [37mCONFIG_UTS_NS[m: [32menabled[m
[STDERR  ] 2017-09-29T01:12:50.257012566Z: - [37mCONFIG_CGROUPS[m: [32menabled[m
[STDERR  ] 2017-09-29T01:12:50.257020773Z: - [37mCONFIG_CGROUP_CPUACCT[m: [32menabled[m
[STDERR  ] 2017-09-29T01:12:50.257028955Z: - [37mCONFIG_CGROUP_DEVICE[m: [32menabled[m
[STDERR  ] 2017-09-29T01:12:50.257036875Z: - [37mCONFIG_CGROUP_FREEZER[m: [32menabled[m
[STDERR  ] 2017-09-29T01:12:50.257045209Z: - [37mCONFIG_CGROUP_SCHED[m: [32menabled[m
[STDERR  ] 2017-09-29T01:12:50.257053492Z: - [37mCONFIG_CPUSETS[m: [32menabled[m
[STDERR  ] 2017-09-29T01:12:50.257070837Z: - [37mCONFIG_MEMCG[m: [32menabled[m
[STDERR  ] 2017-09-29T01:12:50.25707964Z: - [37mCONFIG_KEYS[m: [32menabled[m
[STDERR  ] 2017-09-29T01:12:50.25708797Z: - [37mCONFIG_VETH[m: [32menabled[m
[STDERR  ] 2017-09-29T01:12:50.257102935Z: - [37mCONFIG_BRIDGE[m: [32menabled[m
[STDERR  ] 2017-09-29T01:12:50.257111173Z: - [37mCONFIG_BRIDGE_NETFILTER[m: [32menabled[m
[STDERR  ] 2017-09-29T01:12:50.257119304Z: - [37mCONFIG_NF_NAT_IPV4[m: [32menabled[m
[STDERR  ] 2017-09-29T01:12:50.257127649Z: - [37mCONFIG_IP_NF_FILTER[m: [32menabled[m
[STDERR  ] 2017-09-29T01:12:50.257136372Z: - [37mCONFIG_IP_NF_TARGET_MASQUERADE[m: [32menabled[m
[STDERR  ] 2017-09-29T01:12:50.257144686Z: - [37mCONFIG_NETFILTER_XT_MATCH_ADDRTYPE[m: [32menabled[m
[STDERR  ] 2017-09-29T01:12:50.257153176Z: - [37mCONFIG_NETFILTER_XT_MATCH_CONNTRACK[m: [32menabled[m
[STDERR  ] 2017-09-29T01:12:50.257161615Z: - [37mCONFIG_NETFILTER_XT_MATCH_IPVS[m: [32menabled[m
[STDERR  ] 2017-09-29T01:12:50.257170369Z: - [37mCONFIG_IP_NF_NAT[m: [32menabled[m
[STDERR  ] 2017-09-29T01:12:50.257178835Z: - [37mCONFIG_NF_NAT[m: [32menabled[m
[STDERR  ] 2017-09-29T01:12:50.25718706Z: - [37mCONFIG_NF_NAT_NEEDED[m: [32menabled[m
[STDERR  ] 2017-09-29T01:12:50.257195908Z: - [37mCONFIG_POSIX_MQUEUE[m: [32menabled[m
[STDERR  ] 2017-09-29T01:12:50.257204424Z: - [37mCONFIG_DEVPTS_MULTIPLE_INSTANCES[m: [32menabled[m
[STDERR  ] 2017-09-29T01:12:50.257212442Z: 
[STDERR  ] 2017-09-29T01:12:50.257222057Z: Optional Features:
[STDERR  ] 2017-09-29T01:12:50.257230852Z: - [37mCONFIG_USER_NS[m: [32menabled[m
[STDERR  ] 2017-09-29T01:12:50.257239073Z: - [37mCONFIG_SECCOMP[m: [32menabled[m
[STDERR  ] 2017-09-29T01:12:50.257247498Z: - [37mCONFIG_CGROUP_PIDS[m: [32menabled[m
[STDERR  ] 2017-09-29T01:12:50.257255986Z: - [37mCONFIG_MEMCG_SWAP[m: [32menabled[m
[STDERR  ] 2017-09-29T01:12:50.257264371Z: - [37mCONFIG_MEMCG_SWAP_ENABLED[m: [32menabled[m
[STDERR  ] 2017-09-29T01:12:50.257272928Z:     [1;30m(cgroup swap accounting is currently enabled)[m
[STDERR  ] 2017-09-29T01:12:50.257281396Z: - [1mCONFIG_LEGACY_VSYSCALL_NONE[m: [1;31menabled[m
[STDERR  ] 2017-09-29T01:12:50.257290198Z:     [1;30m(containers using eglibc <= 2.13 will not work. Switch to[m
[STDERR  ] 2017-09-29T01:12:50.257299179Z:     [1;30m "CONFIG_VSYSCALL_[NATIVE|EMULATE]" or use "vsyscall=[native|emulate]"[m
[STDERR  ] 2017-09-29T01:12:50.25730926Z:     [1;30m on kernel command line. Note that this will disable ASLR for the,[m
[STDERR  ] 2017-09-29T01:12:50.257318048Z:     [1;30m VDSO which may assist in exploiting security vulnerabilities.)[m
[STDERR  ] 2017-09-29T01:12:50.257330092Z: - [37mCONFIG_MEMCG_KMEM[m: [32menabled[m
[STDERR  ] 2017-09-29T01:12:50.257338735Z: - [37mCONFIG_BLK_CGROUP[m: [32menabled[m
[STDERR  ] 2017-09-29T01:12:50.257349857Z: - [37mCONFIG_BLK_DEV_THROTTLING[m: [32menabled[m
[STDERR  ] 2017-09-29T01:12:50.257359043Z: - [37mCONFIG_IOSCHED_CFQ[m: [32menabled[m
[STDERR  ] 2017-09-29T01:12:50.257367403Z: - [37mCONFIG_CFQ_GROUP_IOSCHED[m: [32menabled[m
[STDERR  ] 2017-09-29T01:12:50.257380176Z: - [37mCONFIG_CGROUP_PERF[m: [32menabled[m
[STDERR  ] 2017-09-29T01:12:50.257416109Z: - [37mCONFIG_CGROUP_HUGETLB[m: [32menabled[m
[STDERR  ] 2017-09-29T01:12:50.257425444Z: - [37mCONFIG_NET_CLS_CGROUP[m: [32menabled[m
[STDERR  ] 2017-09-29T01:12:50.257440663Z: - [37mCONFIG_CGROUP_NET_PRIO[m: [32menabled[m
[STDERR  ] 2017-09-29T01:12:50.257449363Z: - [37mCONFIG_CFS_BANDWIDTH[m: [32menabled[m
[STDERR  ] 2017-09-29T01:12:50.257457692Z: - [37mCONFIG_FAIR_GROUP_SCHED[m: [32menabled[m
[STDERR  ] 2017-09-29T01:12:50.257465858Z: - [37mCONFIG_RT_GROUP_SCHED[m: [32menabled[m
[STDERR  ] 2017-09-29T01:12:50.257475054Z: - [37mCONFIG_IP_VS[m: [32menabled[m
[STDERR  ] 2017-09-29T01:12:50.257483625Z: - [37mCONFIG_IP_VS_NFCT[m: [32menabled[m
[STDERR  ] 2017-09-29T01:12:50.257491802Z: - [37mCONFIG_IP_VS_RR[m: [32menabled[m
[STDERR  ] 2017-09-29T01:12:50.257500166Z: - [37mCONFIG_EXT4_FS[m: [32menabled[m
[STDERR  ] 2017-09-29T01:12:50.257508369Z: - [37mCONFIG_EXT4_FS_POSIX_ACL[m: [32menabled[m
[STDERR  ] 2017-09-29T01:12:50.257516982Z: - [37mCONFIG_EXT4_FS_SECURITY[m: [32menabled[m
[STDERR  ] 2017-09-29T01:12:50.257525294Z: - Network Drivers:
[STDERR  ] 2017-09-29T01:12:50.257534293Z:   - "[34moverlay[m":
[STDERR  ] 2017-09-29T01:12:50.257542979Z:     - [37mCONFIG_VXLAN[m: [32menabled[m
[STDERR  ] 2017-09-29T01:12:50.257551306Z:       Optional (for encrypted networks):
[STDERR  ] 2017-09-29T01:12:50.257566487Z:       - [37mCONFIG_CRYPTO[m: [32menabled[m
[STDERR  ] 2017-09-29T01:12:50.257574921Z:       - [37mCONFIG_CRYPTO_AEAD[m: [32menabled[m
[STDERR  ] 2017-09-29T01:12:50.257583985Z:       - [37mCONFIG_CRYPTO_GCM[m: [32menabled[m
[STDERR  ] 2017-09-29T01:12:50.257592218Z:       - [37mCONFIG_CRYPTO_SEQIV[m: [32menabled[m
[STDERR  ] 2017-09-29T01:12:50.257600405Z:       - [37mCONFIG_CRYPTO_GHASH[m: [32menabled[m
[STDERR  ] 2017-09-29T01:12:50.257609149Z:       - [37mCONFIG_XFRM[m: [32menabled[m
[STDERR  ] 2017-09-29T01:12:50.257617483Z:       - [37mCONFIG_XFRM_USER[m: [32menabled (as module)[m
[STDERR  ] 2017-09-29T01:12:50.257625924Z:       - [37mCONFIG_XFRM_ALGO[m: [32menabled (as module)[m
[STDERR  ] 2017-09-29T01:12:50.257634596Z:       - [37mCONFIG_INET_ESP[m: [32menabled (as module)[m
[STDERR  ] 2017-09-29T01:12:50.257649742Z:       - [37mCONFIG_INET_XFRM_MODE_TRANSPORT[m: [32menabled (as module)[m
[STDERR  ] 2017-09-29T01:12:50.257658517Z:   - "[34mipvlan[m":
[STDERR  ] 2017-09-29T01:12:50.257668907Z:     - [37mCONFIG_IPVLAN[m: [32menabled[m
[STDERR  ] 2017-09-29T01:12:50.257677139Z:   - "[34mmacvlan[m":
[STDERR  ] 2017-09-29T01:12:50.257686213Z:     - [37mCONFIG_MACVLAN[m: [32menabled[m
[STDERR  ] 2017-09-29T01:12:50.257695281Z:     - [37mCONFIG_DUMMY[m: [32menabled (as module)[m
[STDERR  ] 2017-09-29T01:12:50.257703743Z:   - "[34mftp,tftp client in container[m":
[STDERR  ] 2017-09-29T01:12:50.257712282Z:     - [37mCONFIG_NF_NAT_FTP[m: [32menabled[m
[STDERR  ] 2017-09-29T01:12:50.257728917Z:     - [37mCONFIG_NF_CONNTRACK_FTP[m: [32menabled[m
[STDERR  ] 2017-09-29T01:12:50.257737308Z:     - [37mCONFIG_NF_NAT_TFTP[m: [32menabled[m
[STDERR  ] 2017-09-29T01:12:50.257745582Z:     - [37mCONFIG_NF_CONNTRACK_TFTP[m: [32menabled[m
[STDERR  ] 2017-09-29T01:12:50.257754004Z: - Storage Drivers:
[STDERR  ] 2017-09-29T01:12:50.257763015Z:   - "[34maufs[m":
[STDERR  ] 2017-09-29T01:12:50.257771553Z:     - [1mCONFIG_AUFS_FS[m: [1;31mmissing[m
[STDERR  ] 2017-09-29T01:12:50.257780221Z:   - "[34mbtrfs[m":
[STDERR  ] 2017-09-29T01:12:50.257792954Z:     - [37mCONFIG_BTRFS_FS[m: [32menabled (as module)[m
[STDERR  ] 2017-09-29T01:12:50.25780157Z:     - [37mCONFIG_BTRFS_FS_POSIX_ACL[m: [32menabled[m
[STDERR  ] 2017-09-29T01:12:50.257810184Z:   - "[34mdevicemapper[m":
[STDERR  ] 2017-09-29T01:12:50.257819037Z:     - [37mCONFIG_BLK_DEV_DM[m: [32menabled[m
[STDERR  ] 2017-09-29T01:12:50.257827077Z:     - [37mCONFIG_DM_THIN_PROVISIONING[m: [32menabled[m
[STDERR  ] 2017-09-29T01:12:50.257838906Z:   - "[34moverlay[m":
[STDERR  ] 2017-09-29T01:12:50.257847903Z:     - [37mCONFIG_OVERLAY_FS[m: [32menabled[m
[STDERR  ] 2017-09-29T01:12:50.257856464Z:   - "[34mzfs[m":
[STDERR  ] 2017-09-29T01:12:50.257865287Z:     - [1m/dev/zfs[m: [1;31mmissing[m
[STDERR  ] 2017-09-29T01:12:50.257873772Z:     - [1mzfs command[m: [1;31mmissing[m
[STDERR  ] 2017-09-29T01:12:50.257886852Z:     - [1mzpool command[m: [1;31mmissing[m
[STDERR  ] 2017-09-29T01:12:50.257895268Z: 
[STDERR  ] 2017-09-29T01:12:50.257904539Z: Limits:
[STDERR  ] 2017-09-29T01:12:50.257913185Z: [37m- /proc/sys/kernel/keys/root_maxkeys[m: [32m1000000[m
[STDERR  ] 2017-09-29T01:12:50.25792141Z: 
[STDERR  ] 2017-09-29T01:12:50.257930408Z: Kernel config test suite PASSED
[STDERR  ] 2017-09-29T01:12:50.257939459Z: [   40.786422] ACPI: Preparing to enter system sleep state S5
[STDERR  ] 2017-09-29T01:12:50.257947659Z: [   40.792958] reboot: Power down
[STDERR  ] 2017-09-29T01:12:50.257956925Z: + exit 0
[STDERR  ] 2017-09-29T01:12:50.257965418Z: + clean_up
[STDERR  ] 2017-09-29T01:12:50.257974289Z: + rm -rf kconfig-cmdline kconfig-initrd.img kconfig-kernel kconfig-state
[PASS    ] linuxkit.kernel.config_4.4.x 63.80s
