[INFO    ] 2017-12-25T19:46:28.51933474Z: Running Test linuxkit.packages.format_mount.multiple in /tmp/build/test/cases/040_packages/006_format_mount/010_multiple
[INFO    ] 2017-12-25T19:46:28.519564504Z: Running command: [/bin/sh -x /tmp/build/test/cases/040_packages/006_format_mount/010_multiple/test.sh]
[STDERR  ] 2017-12-25T19:46:28.557079554Z: + set -e
[STDERR  ] 2017-12-25T19:46:28.557164127Z: + . /tmp/build/test/cases/_lib/lib.sh
[STDERR  ] 2017-12-25T19:46:28.557176107Z: + [ -f src/github.com/linuxkit/rtf/lib/lib.sh ]
[STDERR  ] 2017-12-25T19:46:28.557183354Z: + LINUXKIT_TMPDIR=/tmp/build/test/cases/_tmp
[STDERR  ] 2017-12-25T19:46:28.557189714Z: + [ -f /tmp/build/test/cases/_tmp/env.sh ]
[STDERR  ] 2017-12-25T19:46:28.557196197Z: + . /tmp/build/test/cases/_tmp/env.sh
[STDERR  ] 2017-12-25T19:46:28.557225837Z: + export LINUXKIT_EXAMPLES_DIR=/tmp/build/test/cases/../../examples
[STDERR  ] 2017-12-25T19:46:28.557238203Z: + export LINUXKIT_BLUEPRINTS_DIR=/tmp/build/test/cases/../../blueprints
[STDERR  ] 2017-12-25T19:46:28.557246386Z: + RT_CANCEL=253
[STDERR  ] 2017-12-25T19:46:28.557253219Z: + NAME=test-format
[STDERR  ] 2017-12-25T19:46:28.557259655Z: + DISK1=disk1.img
[STDERR  ] 2017-12-25T19:46:28.557265837Z: + DISK2=disk2.img
[STDERR  ] 2017-12-25T19:46:28.557273434Z: + trap clean_up EXIT
[STDERR  ] 2017-12-25T19:46:28.557279747Z: + linuxkit build -format kernel+initrd -name test-format test.yml
[STDERR  ] 2017-12-25T19:46:28.586260145Z: Extract kernel image: linuxkit/kernel:4.9.70
[STDERR  ] 2017-12-25T19:46:29.80550691Z: time="2017-12-25T19:46:29Z" level=warning msg="certificate with CN Justin Cormack is near expiry" 
[STDERR  ] 2017-12-25T19:46:29.805643062Z: time="2017-12-25T19:46:29Z" level=warning msg="certificate with CN  is near expiry" 
[STDERR  ] 2017-12-25T19:46:29.80569168Z: time="2017-12-25T19:46:29Z" level=warning msg="certificate with CN  is near expiry" 
[STDERR  ] 2017-12-25T19:46:29.855126057Z: time="2017-12-25T19:46:29Z" level=warning msg="certificate with CN Justin Cormack is near expiry" 
[STDERR  ] 2017-12-25T19:46:30.311994017Z: Add init containers:
[STDERR  ] 2017-12-25T19:46:30.312043558Z: Process init image: linuxkit/init:9250948d0de494df8a811edb3242b4584057cfe4
[STDERR  ] 2017-12-25T19:46:31.355041561Z: time="2017-12-25T19:46:31Z" level=warning msg="certificate with CN Justin Cormack is near expiry" 
[STDERR  ] 2017-12-25T19:46:31.355114031Z: time="2017-12-25T19:46:31Z" level=warning msg="certificate with CN  is near expiry" 
[STDERR  ] 2017-12-25T19:46:31.355121889Z: time="2017-12-25T19:46:31Z" level=warning msg="certificate with CN  is near expiry" 
[STDERR  ] 2017-12-25T19:46:31.358701787Z: time="2017-12-25T19:46:31Z" level=warning msg="certificate with CN Justin Cormack is near expiry" 
[STDERR  ] 2017-12-25T19:46:31.359989704Z: time="2017-12-25T19:46:31Z" level=warning msg="certificate with CN  is near expiry" 
[STDERR  ] 2017-12-25T19:46:31.537680322Z: Process init image: linuxkit/runc:abc3f292653e64a2fd488e9675ace19a55ec7023
[STDERR  ] 2017-12-25T19:46:32.563112147Z: time="2017-12-25T19:46:32Z" level=warning msg="certificate with CN Justin Cormack is near expiry" 
[STDERR  ] 2017-12-25T19:46:32.563406347Z: time="2017-12-25T19:46:32Z" level=warning msg="certificate with CN  is near expiry" 
[STDERR  ] 2017-12-25T19:46:32.563464114Z: time="2017-12-25T19:46:32Z" level=warning msg="certificate with CN  is near expiry" 
[STDERR  ] 2017-12-25T19:46:32.565527086Z: time="2017-12-25T19:46:32Z" level=warning msg="certificate with CN Justin Cormack is near expiry" 
[STDERR  ] 2017-12-25T19:46:32.566760051Z: time="2017-12-25T19:46:32Z" level=warning msg="certificate with CN  is near expiry" 
[STDERR  ] 2017-12-25T19:46:32.748274479Z: Add onboot containers:
[STDERR  ] 2017-12-25T19:46:32.748314604Z:   Create OCI config for linuxkit/format:e945016ec780a788a71dcddc81497d54d3b14bc7
[STDERR  ] 2017-12-25T19:46:33.779449311Z: time="2017-12-25T19:46:33Z" level=warning msg="certificate with CN Justin Cormack is near expiry" 
[STDERR  ] 2017-12-25T19:46:33.779623085Z: time="2017-12-25T19:46:33Z" level=warning msg="certificate with CN Rolf Neugebauer is near expiry" 
[STDERR  ] 2017-12-25T19:46:33.779669764Z: time="2017-12-25T19:46:33Z" level=warning msg="certificate with CN  is near expiry" 
[STDERR  ] 2017-12-25T19:46:33.779722566Z: time="2017-12-25T19:46:33Z" level=warning msg="certificate with CN  is near expiry" 
[STDERR  ] 2017-12-25T19:46:33.781161653Z: time="2017-12-25T19:46:33Z" level=warning msg="certificate with CN Justin Cormack is near expiry" 
[STDERR  ] 2017-12-25T19:46:33.782122466Z: time="2017-12-25T19:46:33Z" level=warning msg="certificate with CN Rolf Neugebauer is near expiry" 
[STDERR  ] 2017-12-25T19:46:33.782896817Z: time="2017-12-25T19:46:33Z" level=warning msg="certificate with CN  is near expiry" 
[STDERR  ] 2017-12-25T19:46:34.11527843Z:   Create OCI config for linuxkit/format:e945016ec780a788a71dcddc81497d54d3b14bc7
[STDERR  ] 2017-12-25T19:46:35.182287084Z: time="2017-12-25T19:46:35Z" level=warning msg="certificate with CN  is near expiry" 
[STDERR  ] 2017-12-25T19:46:35.182682847Z: time="2017-12-25T19:46:35Z" level=warning msg="certificate with CN Justin Cormack is near expiry" 
[STDERR  ] 2017-12-25T19:46:35.182765984Z: time="2017-12-25T19:46:35Z" level=warning msg="certificate with CN Rolf Neugebauer is near expiry" 
[STDERR  ] 2017-12-25T19:46:35.182806787Z: time="2017-12-25T19:46:35Z" level=warning msg="certificate with CN  is near expiry" 
[STDERR  ] 2017-12-25T19:46:35.184186865Z: time="2017-12-25T19:46:35Z" level=warning msg="certificate with CN Justin Cormack is near expiry" 
[STDERR  ] 2017-12-25T19:46:35.185173115Z: time="2017-12-25T19:46:35Z" level=warning msg="certificate with CN Rolf Neugebauer is near expiry" 
[STDERR  ] 2017-12-25T19:46:35.185972729Z: time="2017-12-25T19:46:35Z" level=warning msg="certificate with CN  is near expiry" 
[STDERR  ] 2017-12-25T19:46:35.591334229Z:   Create OCI config for linuxkit/mount:b346ec277b7074e5c9986128a879c10a1d18742b
[STDERR  ] 2017-12-25T19:46:36.620199201Z: time="2017-12-25T19:46:36Z" level=warning msg="certificate with CN Rolf Neugebauer is near expiry" 
[STDERR  ] 2017-12-25T19:46:36.620258953Z: time="2017-12-25T19:46:36Z" level=warning msg="certificate with CN  is near expiry" 
[STDERR  ] 2017-12-25T19:46:36.620374982Z: time="2017-12-25T19:46:36Z" level=warning msg="certificate with CN  is near expiry" 
[STDERR  ] 2017-12-25T19:46:36.620481878Z: time="2017-12-25T19:46:36Z" level=warning msg="certificate with CN Justin Cormack is near expiry" 
[STDERR  ] 2017-12-25T19:46:36.621865667Z: time="2017-12-25T19:46:36Z" level=warning msg="certificate with CN Justin Cormack is near expiry" 
[STDERR  ] 2017-12-25T19:46:36.622792155Z: time="2017-12-25T19:46:36Z" level=warning msg="certificate with CN Rolf Neugebauer is near expiry" 
[STDERR  ] 2017-12-25T19:46:36.623437001Z: time="2017-12-25T19:46:36Z" level=warning msg="certificate with CN  is near expiry" 
[STDERR  ] 2017-12-25T19:46:37.003765291Z:   Create OCI config for linuxkit/mount:b346ec277b7074e5c9986128a879c10a1d18742b
[STDERR  ] 2017-12-25T19:46:38.041765405Z: time="2017-12-25T19:46:38Z" level=warning msg="certificate with CN Justin Cormack is near expiry" 
[STDERR  ] 2017-12-25T19:46:38.04201533Z: time="2017-12-25T19:46:38Z" level=warning msg="certificate with CN Rolf Neugebauer is near expiry" 
[STDERR  ] 2017-12-25T19:46:38.042055784Z: time="2017-12-25T19:46:38Z" level=warning msg="certificate with CN  is near expiry" 
[STDERR  ] 2017-12-25T19:46:38.042119451Z: time="2017-12-25T19:46:38Z" level=warning msg="certificate with CN  is near expiry" 
[STDERR  ] 2017-12-25T19:46:38.043791893Z: time="2017-12-25T19:46:38Z" level=warning msg="certificate with CN Justin Cormack is near expiry" 
[STDERR  ] 2017-12-25T19:46:38.044849369Z: time="2017-12-25T19:46:38Z" level=warning msg="certificate with CN Rolf Neugebauer is near expiry" 
[STDERR  ] 2017-12-25T19:46:38.045581028Z: time="2017-12-25T19:46:38Z" level=warning msg="certificate with CN  is near expiry" 
[STDERR  ] 2017-12-25T19:46:38.429851565Z:   Create OCI config for alpine:3.7
[STDERR  ] 2017-12-25T19:46:39.633423748Z:   Create OCI config for linuxkit/poweroff:bccfe1cb04fc7bb9f03613d2314f38abd2620f29
[STDERR  ] 2017-12-25T19:46:40.667567022Z: time="2017-12-25T19:46:40Z" level=warning msg="certificate with CN Justin Cormack is near expiry" 
[STDERR  ] 2017-12-25T19:46:40.667931669Z: time="2017-12-25T19:46:40Z" level=warning msg="certificate with CN Rolf Neugebauer is near expiry" 
[STDERR  ] 2017-12-25T19:46:40.668058712Z: time="2017-12-25T19:46:40Z" level=warning msg="certificate with CN  is near expiry" 
[STDERR  ] 2017-12-25T19:46:40.668222281Z: time="2017-12-25T19:46:40Z" level=warning msg="certificate with CN  is near expiry" 
[STDERR  ] 2017-12-25T19:46:40.671735923Z: time="2017-12-25T19:46:40Z" level=warning msg="certificate with CN Rolf Neugebauer is near expiry" 
[STDERR  ] 2017-12-25T19:46:40.672404462Z: time="2017-12-25T19:46:40Z" level=warning msg="certificate with CN  is near expiry" 
[STDERR  ] 2017-12-25T19:46:40.834295097Z: Add files:
[STDERR  ] 2017-12-25T19:46:40.834338575Z:   check.sh
[STDERR  ] 2017-12-25T19:46:40.843086219Z: Create outputs:
[STDERR  ] 2017-12-25T19:46:47.696670835Z:   test-format-kernel test-format-initrd.img test-format-cmdline
[STDERR  ] 2017-12-25T19:46:47.771460825Z: + linuxkit run -disk file=disk1.img,size=512M -disk file=disk2.img,size=512M test-format
[STDERR  ] 2017-12-25T19:46:47.795707006Z: Unable to find qemu-system-x86_64 within the $PATH. Using a container
[STDOUT  ] 2017-12-25T19:47:43.04958938Z: [    0.000000] Linux version 4.9.70-linuxkit (root@76d0ab89f7bc) (gcc version 6.4.0 (Alpine 6.4.0) ) #1 SMP Mon Dec 18 14:18:58 UTC 2017
[STDOUT  ] 2017-12-25T19:47:43.049690492Z: [    0.000000] Command line: console=ttyS0 console=ttyAMA0
[STDOUT  ] 2017-12-25T19:47:43.04970406Z: [    0.000000] x86/fpu: Legacy x87 FPU detected.
[STDOUT  ] 2017-12-25T19:47:43.049716006Z: [    0.000000] x86/fpu: Using 'eager' FPU context switches.
[STDOUT  ] 2017-12-25T19:47:43.049725626Z: [    0.000000] e820: BIOS-provided physical RAM map:
[STDOUT  ] 2017-12-25T19:47:43.04974918Z: [    0.000000] BIOS-e820: [mem 0x0000000000000000-0x000000000009fbff] usable
[STDOUT  ] 2017-12-25T19:47:43.049759155Z: [    0.000000] BIOS-e820: [mem 0x000000000009fc00-0x000000000009ffff] reserved
[STDOUT  ] 2017-12-25T19:47:43.049768658Z: [    0.000000] BIOS-e820: [mem 0x00000000000f0000-0x00000000000fffff] reserved
[STDOUT  ] 2017-12-25T19:47:43.049779362Z: [    0.000000] BIOS-e820: [mem 0x0000000000100000-0x000000003ffddfff] usable
[STDOUT  ] 2017-12-25T19:47:43.049789129Z: [    0.000000] BIOS-e820: [mem 0x000000003ffde000-0x000000003fffffff] reserved
[STDOUT  ] 2017-12-25T19:47:43.049799621Z: [    0.000000] BIOS-e820: [mem 0x00000000b0000000-0x00000000bfffffff] reserved
[STDOUT  ] 2017-12-25T19:47:43.049811436Z: [    0.000000] BIOS-e820: [mem 0x00000000fed1c000-0x00000000fed1ffff] reserved
[STDOUT  ] 2017-12-25T19:47:43.049821069Z: [    0.000000] BIOS-e820: [mem 0x00000000fffc0000-0x00000000ffffffff] reserved
[STDOUT  ] 2017-12-25T19:47:43.049830344Z: [    0.000000] NX (Execute Disable) protection: active
[STDOUT  ] 2017-12-25T19:47:43.0498399Z: [    0.000000] SMBIOS 2.8 present.
[STDOUT  ] 2017-12-25T19:47:43.049849635Z: [    0.000000] e820: last_pfn = 0x3ffde max_arch_pfn = 0x400000000
[STDOUT  ] 2017-12-25T19:47:43.049858824Z: [    0.000000] x86/PAT: Configuration [0-7]: WB  WC  UC- UC  WB  WC  UC- WT  
[STDOUT  ] 2017-12-25T19:47:43.049868399Z: [    0.000000] found SMP MP-table at [mem 0x000f6aa0-0x000f6aaf] mapped at [ffff89ebc00f6aa0]
[STDOUT  ] 2017-12-25T19:47:43.049878573Z: [    0.000000] RAMDISK: [mem 0x3d7f9000-0x3ffcffff]
[STDOUT  ] 2017-12-25T19:47:43.049888225Z: [    0.000000] ACPI: Early table checksum verification disabled
[STDOUT  ] 2017-12-25T19:47:43.049897821Z: [    0.000000] ACPI: RSDP 0x00000000000F68B0 000014 (v00 BOCHS )
[STDOUT  ] 2017-12-25T19:47:43.049906652Z: [    0.000000] ACPI: RSDT 0x000000003FFE20A8 000034 (v01 BOCHS  BXPCRSDT 00000001 BXPC 00000001)
[STDOUT  ] 2017-12-25T19:47:43.049915893Z: [    0.000000] ACPI: FACP 0x000000003FFE1EC8 0000F4 (v03 BOCHS  BXPCFACP 00000001 BXPC 00000001)
[STDOUT  ] 2017-12-25T19:47:43.049924125Z: [    0.000000] ACPI: DSDT 0x000000003FFE0040 001E88 (v01 BOCHS  BXPCDSDT 00000001 BXPC 00000001)
[STDOUT  ] 2017-12-25T19:47:43.049937945Z: [    0.000000] ACPI: FACS 0x000000003FFE0000 000040
[STDOUT  ] 2017-12-25T19:47:43.049946523Z: [    0.000000] ACPI: APIC 0x000000003FFE1FBC 000078 (v01 BOCHS  BXPCAPIC 00000001 BXPC 00000001)
[STDOUT  ] 2017-12-25T19:47:43.049954966Z: [    0.000000] ACPI: HPET 0x000000003FFE2034 000038 (v01 BOCHS  BXPCHPET 00000001 BXPC 00000001)
[STDOUT  ] 2017-12-25T19:47:43.049964085Z: [    0.000000] ACPI: MCFG 0x000000003FFE206C 00003C (v01 BOCHS  BXPCMCFG 00000001 BXPC 00000001)
[STDOUT  ] 2017-12-25T19:47:43.04997412Z: [    0.000000] Zone ranges:
[STDOUT  ] 2017-12-25T19:47:43.049982759Z: [    0.000000]   DMA      [mem 0x0000000000001000-0x0000000000ffffff]
[STDOUT  ] 2017-12-25T19:47:43.049991467Z: [    0.000000]   DMA32    [mem 0x0000000001000000-0x000000003ffddfff]
[STDOUT  ] 2017-12-25T19:47:43.050000795Z: [    0.000000]   Normal   empty
[STDOUT  ] 2017-12-25T19:47:43.0500098Z: [    0.000000] Movable zone start for each node
[STDOUT  ] 2017-12-25T19:47:43.050019376Z: [    0.000000] Early memory node ranges
[STDOUT  ] 2017-12-25T19:47:43.050028149Z: [    0.000000]   node   0: [mem 0x0000000000001000-0x000000000009efff]
[STDOUT  ] 2017-12-25T19:47:43.050037407Z: [    0.000000]   node   0: [mem 0x0000000000100000-0x000000003ffddfff]
[STDOUT  ] 2017-12-25T19:47:43.050046438Z: [    0.000000] Initmem setup node 0 [mem 0x0000000000001000-0x000000003ffddfff]
[STDOUT  ] 2017-12-25T19:47:43.050055003Z: [    0.000000] ACPI: PM-Timer IO Port: 0x608
[STDOUT  ] 2017-12-25T19:47:43.050063769Z: [    0.000000] ACPI: LAPIC_NMI (acpi_id[0xff] dfl dfl lint[0x1])
[STDOUT  ] 2017-12-25T19:47:43.050072471Z: [    0.000000] IOAPIC[0]: apic_id 0, version 32, address 0xfec00000, GSI 0-23
[STDOUT  ] 2017-12-25T19:47:43.050081124Z: [    0.000000] ACPI: INT_SRC_OVR (bus 0 bus_irq 0 global_irq 2 dfl dfl)
[STDOUT  ] 2017-12-25T19:47:43.050094467Z: [    0.000000] ACPI: INT_SRC_OVR (bus 0 bus_irq 5 global_irq 5 high level)
[STDOUT  ] 2017-12-25T19:47:43.050105486Z: [    0.000000] ACPI: INT_SRC_OVR (bus 0 bus_irq 9 global_irq 9 high level)
[STDOUT  ] 2017-12-25T19:47:43.050114278Z: [    0.000000] ACPI: INT_SRC_OVR (bus 0 bus_irq 10 global_irq 10 high level)
[STDOUT  ] 2017-12-25T19:47:43.050122303Z: [    0.000000] ACPI: INT_SRC_OVR (bus 0 bus_irq 11 global_irq 11 high level)
[STDOUT  ] 2017-12-25T19:47:43.05013007Z: [    0.000000] Using ACPI (MADT) for SMP configuration information
[STDOUT  ] 2017-12-25T19:47:43.050138059Z: [    0.000000] ACPI: HPET id: 0x8086a201 base: 0xfed00000
[STDOUT  ] 2017-12-25T19:47:43.050146357Z: [    0.000000] smpboot: Allowing 1 CPUs, 0 hotplug CPUs
[STDOUT  ] 2017-12-25T19:47:43.05015501Z: [    0.000000] e820: [mem 0x40000000-0xafffffff] available for PCI devices
[STDOUT  ] 2017-12-25T19:47:43.050163199Z: [    0.000000] Booting paravirtualized kernel on bare hardware
[STDOUT  ] 2017-12-25T19:47:43.050171281Z: [    0.000000] clocksource: refined-jiffies: mask: 0xffffffff max_cycles: 0xffffffff, max_idle_ns: 19112604462750000 ns
[STDOUT  ] 2017-12-25T19:47:43.050181519Z: [    0.000000] setup_percpu: NR_CPUS:128 nr_cpumask_bits:128 nr_cpu_ids:1 nr_node_ids:1
[STDOUT  ] 2017-12-25T19:47:43.05019049Z: [    0.000000] percpu: Embedded 35 pages/cpu @ffff89ebfd400000 s105048 r8192 d30120 u2097152
[STDOUT  ] 2017-12-25T19:47:43.050198684Z: [    0.000000] Built 1 zonelists in Zone order, mobility grouping on.  Total pages: 257895
[STDOUT  ] 2017-12-25T19:47:43.05020681Z: [    0.000000] Kernel command line: console=ttyS0 console=ttyAMA0
[STDOUT  ] 2017-12-25T19:47:43.050219079Z: [    0.000000] PID hash table entries: 4096 (order: 3, 32768 bytes)
[STDOUT  ] 2017-12-25T19:47:43.050228278Z: [    0.000000] Dentry cache hash table entries: 131072 (order: 8, 1048576 bytes)
[STDOUT  ] 2017-12-25T19:47:43.050237823Z: [    0.000000] Inode-cache hash table entries: 65536 (order: 7, 524288 bytes)
[STDOUT  ] 2017-12-25T19:47:43.050249276Z: [    0.000000] Memory: 973372K/1048048K available (8048K kernel code, 1367K rwdata, 2700K rodata, 1380K init, 568K bss, 74676K reserved, 0K cma-reserved)
[STDOUT  ] 2017-12-25T19:47:43.050267742Z: [    0.000000] Hierarchical RCU implementation.
[STDOUT  ] 2017-12-25T19:47:43.050277249Z: [    0.000000] 	Build-time adjustment of leaf fanout to 64.
[STDOUT  ] 2017-12-25T19:47:43.0502878Z: [    0.000000] 	RCU restricting CPUs from NR_CPUS=128 to nr_cpu_ids=1.
[STDOUT  ] 2017-12-25T19:47:43.050296402Z: [    0.000000] RCU: Adjusting geometry for rcu_fanout_leaf=64, nr_cpu_ids=1
[STDOUT  ] 2017-12-25T19:47:43.050305938Z: [    0.000000] NR_IRQS:8448 nr_irqs:256 16
[STDOUT  ] 2017-12-25T19:47:43.050314158Z: [    0.000000] Console: colour VGA+ 80x25
[STDOUT  ] 2017-12-25T19:47:43.050326137Z: [    0.000000] console [ttyS0] enabled
[STDOUT  ] 2017-12-25T19:47:43.050336015Z: [    0.000000] clocksource: hpet: mask: 0xffffffff max_cycles: 0xffffffff, max_idle_ns: 19112604467 ns
[STDOUT  ] 2017-12-25T19:47:43.050345953Z: [    0.000000] tsc: Fast TSC calibration using PIT
[STDOUT  ] 2017-12-25T19:47:43.050355369Z: [    0.000000] tsc: Detected 2599.882 MHz processor
[STDOUT  ] 2017-12-25T19:47:43.050364386Z: [    0.011558] Calibrating delay loop (skipped), value calculated using timer frequency.. 5199.76 BogoMIPS (lpj=25998820)
[STDOUT  ] 2017-12-25T19:47:43.050373417Z: [    0.012483] pid_max: default: 32768 minimum: 301
[STDOUT  ] 2017-12-25T19:47:43.050382324Z: [    0.020564] ACPI: Core revision 20160831
[STDOUT  ] 2017-12-25T19:47:43.050391019Z: [    0.045377] ACPI: 1 ACPI AML tables successfully acquired and loaded
[STDOUT  ] 2017-12-25T19:47:43.050400457Z: [    0.049603] Security Framework initialized
[STDOUT  ] 2017-12-25T19:47:43.050409149Z: [    0.050195] Yama: becoming mindful.
[STDOUT  ] 2017-12-25T19:47:43.050418093Z: [    0.052778] Mount-cache hash table entries: 2048 (order: 2, 16384 bytes)
[STDOUT  ] 2017-12-25T19:47:43.050426801Z: [    0.053343] Mountpoint-cache hash table entries: 2048 (order: 2, 16384 bytes)
[STDOUT  ] 2017-12-25T19:47:43.050439667Z: [    0.072900] Last level iTLB entries: 4KB 0, 2MB 0, 4MB 0
[STDOUT  ] 2017-12-25T19:47:43.050448823Z: [    0.073354] Last level dTLB entries: 4KB 0, 2MB 0, 4MB 0, 1GB 0
[STDOUT  ] 2017-12-25T19:47:43.050457847Z: [    0.394402] Freeing SMP alternatives memory: 20K
[STDOUT  ] 2017-12-25T19:47:43.050466532Z: [    0.403536] ftrace: allocating 35540 entries in 139 pages
[STDOUT  ] 2017-12-25T19:47:43.050478619Z: [    0.480386] smpboot: Max logical packages: 1
[STDOUT  ] 2017-12-25T19:47:43.050488527Z: [    0.487636] ..TIMER: vector=0x30 apic1=0 pin1=2 apic2=-1 pin2=-1
[STDOUT  ] 2017-12-25T19:47:43.050498023Z: [    0.590000] smpboot: CPU0: AMD QEMU Virtual CPU version 2.5+ (family: 0x6, model: 0x6, stepping: 0x3)
[STDOUT  ] 2017-12-25T19:47:43.050506969Z: [    0.590000] Performance Events: PMU not available due to virtualization, using software events only.
[STDOUT  ] 2017-12-25T19:47:43.05051598Z: [    0.597045] NMI watchdog: disabled (cpu0): hardware events not enabled
[STDOUT  ] 2017-12-25T19:47:43.050524639Z: [    0.597486] NMI watchdog: Shutting down hard lockup detector on all cpus
[STDOUT  ] 2017-12-25T19:47:43.05053338Z: [    0.601135] x86: Booted up 1 node, 1 CPUs
[STDOUT  ] 2017-12-25T19:47:43.050542521Z: [    0.601470] smpboot: Total of 1 processors activated (5199.76 BogoMIPS)
[STDOUT  ] 2017-12-25T19:47:43.050551534Z: [    0.615569] devtmpfs: initialized
[STDOUT  ] 2017-12-25T19:47:43.05056065Z: [    0.621368] x86/mm: Memory block size: 128MB
[STDOUT  ] 2017-12-25T19:47:43.050569497Z: [    0.645357] clocksource: jiffies: mask: 0xffffffff max_cycles: 0xffffffff, max_idle_ns: 19112604462750000 ns
[STDOUT  ] 2017-12-25T19:47:43.05057864Z: [    0.646329] futex hash table entries: 256 (order: 2, 16384 bytes)
[STDOUT  ] 2017-12-25T19:47:43.050587458Z: [    0.656253] NET: Registered protocol family 16
[STDOUT  ] 2017-12-25T19:47:43.050602668Z: [    0.666101] cpuidle: using governor ladder
[STDOUT  ] 2017-12-25T19:47:43.050611729Z: [    0.666530] cpuidle: using governor menu
[STDOUT  ] 2017-12-25T19:47:43.050620184Z: [    0.667627] ACPI: bus type PCI registered
[STDOUT  ] 2017-12-25T19:47:43.050632976Z: [    0.671106] PCI: MMCONFIG for domain 0000 [bus 00-ff] at [mem 0xb0000000-0xbfffffff] (base 0xb0000000)
[STDOUT  ] 2017-12-25T19:47:43.050642394Z: [    0.671837] PCI: MMCONFIG at [mem 0xb0000000-0xbfffffff] reserved in E820
[STDOUT  ] 2017-12-25T19:47:43.050651668Z: [    0.672662] PCI: Using configuration type 1 for base access
[STDOUT  ] 2017-12-25T19:47:43.050660624Z: [    0.712194] HugeTLB registered 2 MB page size, pre-allocated 0 pages
[STDOUT  ] 2017-12-25T19:47:43.050671824Z: [    0.722762] ACPI: Added _OSI(Module Device)
[STDOUT  ] 2017-12-25T19:47:43.050680751Z: [    0.723122] ACPI: Added _OSI(Processor Device)
[STDOUT  ] 2017-12-25T19:47:43.050689974Z: [    0.723370] ACPI: Added _OSI(3.0 _SCP Extensions)
[STDOUT  ] 2017-12-25T19:47:43.05069899Z: [    0.723584] ACPI: Added _OSI(Processor Aggregator Device)
[STDOUT  ] 2017-12-25T19:47:43.050707915Z: [    0.766975] ACPI: Interpreter enabled
[STDOUT  ] 2017-12-25T19:47:43.050716681Z: [    0.770245] ACPI: (supports S0 S5)
[STDOUT  ] 2017-12-25T19:47:43.050726017Z: [    0.770560] ACPI: Using IOAPIC for interrupt routing
[STDOUT  ] 2017-12-25T19:47:43.050734721Z: [    0.772868] PCI: Using host bridge windows from ACPI; if necessary, use "pci=nocrs" and report a bug
[STDOUT  ] 2017-12-25T19:47:43.050744049Z: [    0.815206] ACPI: PCI Root Bridge [PCI0] (domain 0000 [bus 00-ff])
[STDOUT  ] 2017-12-25T19:47:43.050786193Z: [    0.816168] acpi PNP0A08:00: _OSC: OS supports [ExtendedConfig ASPM ClockPM Segments MSI]
[STDOUT  ] 2017-12-25T19:47:43.050798238Z: [    0.821318] acpi PNP0A08:00: _OSC: OS now controls [PCIeHotplug PME PCIeCapability]
[STDOUT  ] 2017-12-25T19:47:43.050807439Z: [    0.824764] PCI host bridge to bus 0000:00
[STDOUT  ] 2017-12-25T19:47:43.050816578Z: [    0.825209] pci_bus 0000:00: root bus resource [io  0x0000-0x0cf7 window]
[STDOUT  ] 2017-12-25T19:47:43.050826203Z: [    0.825583] pci_bus 0000:00: root bus resource [io  0x0d00-0xffff window]
[STDOUT  ] 2017-12-25T19:47:43.050880352Z: [    0.825905] pci_bus 0000:00: root bus resource [mem 0x000a0000-0x000bffff window]
[STDOUT  ] 2017-12-25T19:47:43.050889907Z: [    0.826190] pci_bus 0000:00: root bus resource [mem 0xc0000000-0xfebfffff window]
[STDOUT  ] 2017-12-25T19:47:43.050899087Z: [    0.826717] pci_bus 0000:00: root bus resource [bus 00-ff]
[STDOUT  ] 2017-12-25T19:47:43.050908596Z: [    0.992006] pci 0000:00:1f.0: quirk: [io  0x0600-0x067f] claimed by ICH6 ACPI/GPIO/TCO
[STDOUT  ] 2017-12-25T19:47:43.050917673Z: [    1.087614] ACPI: PCI Interrupt Link [LNKA] (IRQs 5 *10 11)
[STDOUT  ] 2017-12-25T19:47:43.050926094Z: [    1.090320] ACPI: PCI Interrupt Link [LNKB] (IRQs 5 *10 11)
[STDOUT  ] 2017-12-25T19:47:43.050932295Z: [    1.091823] ACPI: PCI Interrupt Link [LNKC] (IRQs 5 10 *11)
[STDOUT  ] 2017-12-25T19:47:43.050938512Z: [    1.093059] ACPI: PCI Interrupt Link [LNKD] (IRQs 5 10 *11)
[STDOUT  ] 2017-12-25T19:47:43.050944458Z: [    1.094227] ACPI: PCI Interrupt Link [LNKE] (IRQs 5 *10 11)
[STDOUT  ] 2017-12-25T19:47:43.050950652Z: [    1.095519] ACPI: PCI Interrupt Link [LNKF] (IRQs 5 *10 11)
[STDOUT  ] 2017-12-25T19:47:43.050956668Z: [    1.096765] ACPI: PCI Interrupt Link [LNKG] (IRQs 5 10 *11)
[STDOUT  ] 2017-12-25T19:47:43.050962935Z: [    1.098144] ACPI: PCI Interrupt Link [LNKH] (IRQs 5 10 *11)
[STDOUT  ] 2017-12-25T19:47:43.050971049Z: [    1.098807] ACPI: PCI Interrupt Link [GSIA] (IRQs *16)
[STDOUT  ] 2017-12-25T19:47:43.050978889Z: [    1.100081] ACPI: PCI Interrupt Link [GSIB] (IRQs *17)
[STDOUT  ] 2017-12-25T19:47:43.050984914Z: [    1.100607] ACPI: PCI Interrupt Link [GSIC] (IRQs *18)
[STDOUT  ] 2017-12-25T19:47:43.050992318Z: [    1.101087] ACPI: PCI Interrupt Link [GSID] (IRQs *19)
[STDOUT  ] 2017-12-25T19:47:43.050998267Z: [    1.101580] ACPI: PCI Interrupt Link [GSIE] (IRQs *20)
[STDOUT  ] 2017-12-25T19:47:43.051003813Z: [    1.102091] ACPI: PCI Interrupt Link [GSIF] (IRQs *21)
[STDOUT  ] 2017-12-25T19:47:43.051009917Z: [    1.102605] ACPI: PCI Interrupt Link [GSIG] (IRQs *22)
[STDOUT  ] 2017-12-25T19:47:43.051018298Z: [    1.103102] ACPI: PCI Interrupt Link [GSIH] (IRQs *23)
[STDOUT  ] 2017-12-25T19:47:43.051031729Z: [    1.106162] ACPI: Enabled 1 GPEs in block 00 to 3F
[STDOUT  ] 2017-12-25T19:47:43.051040569Z: [    1.111162] SCSI subsystem initialized
[STDOUT  ] 2017-12-25T19:47:43.051049579Z: [    1.112967] ACPI: bus type USB registered
[STDOUT  ] 2017-12-25T19:47:43.051058146Z: [    1.114004] usbcore: registered new interface driver usbfs
[STDOUT  ] 2017-12-25T19:47:43.051065638Z: [    1.114812] usbcore: registered new interface driver hub
[STDOUT  ] 2017-12-25T19:47:43.051071373Z: [    1.115541] usbcore: registered new device driver usb
[STDOUT  ] 2017-12-25T19:47:43.051077533Z: [    1.116662] pps_core: LinuxPPS API ver. 1 registered
[STDOUT  ] 2017-12-25T19:47:43.051083514Z: [    1.116930] pps_core: Software ver. 5.3.6 - Copyright 2005-2007 Rodolfo Giometti <giometti@linux.it>
[STDOUT  ] 2017-12-25T19:47:43.051090065Z: [    1.117519] PTP clock support registered
[STDOUT  ] 2017-12-25T19:47:43.051097009Z: [    1.118839] wmi: Mapper loaded
[STDOUT  ] 2017-12-25T19:47:43.051106898Z: [    1.119839] PCI: Using ACPI for IRQ routing
[STDOUT  ] 2017-12-25T19:47:43.051114566Z: [    1.133026] NetLabel: Initializing
[STDOUT  ] 2017-12-25T19:47:43.051120776Z: [    1.133234] NetLabel:  domain hash size = 128
[STDOUT  ] 2017-12-25T19:47:43.051126658Z: [    1.133618] NetLabel:  protocols = UNLABELED CIPSOv4
[STDOUT  ] 2017-12-25T19:47:43.051133193Z: [    1.135405] NetLabel:  unlabeled traffic allowed by default
[STDOUT  ] 2017-12-25T19:47:43.051139307Z: [    1.136395] HPET: 3 timers in total, 0 timers will be used for per-cpu timer
[STDOUT  ] 2017-12-25T19:47:43.051151596Z: [    1.137150] hpet0: at MMIO 0xfed00000, IRQs 2, 8, 0
[STDOUT  ] 2017-12-25T19:47:43.051157714Z: [    1.137537] hpet0: 3 comparators, 64-bit 100.000000 MHz counter
[STDOUT  ] 2017-12-25T19:47:43.051164259Z: [    1.144059] clocksource: Switched to clocksource hpet
[STDOUT  ] 2017-12-25T19:47:43.05117386Z: [    1.322675] VFS: Disk quotas dquot_6.6.0
[STDOUT  ] 2017-12-25T19:47:43.0511801Z: [    1.323307] VFS: Dquot-cache hash table entries: 512 (order 0, 4096 bytes)
[STDOUT  ] 2017-12-25T19:47:43.051186305Z: [    1.326562] FS-Cache: Loaded
[STDOUT  ] 2017-12-25T19:47:43.051192931Z: [    1.333078] CacheFiles: Loaded
[STDOUT  ] 2017-12-25T19:47:43.051198953Z: [    1.334998] pnp: PnP ACPI init
[STDOUT  ] 2017-12-25T19:47:43.051205093Z: [    1.344298] pnp: PnP ACPI: found 5 devices
[STDOUT  ] 2017-12-25T19:47:43.051213137Z: [    1.387011] clocksource: acpi_pm: mask: 0xffffff max_cycles: 0xffffff, max_idle_ns: 2085701024 ns
[STDOUT  ] 2017-12-25T19:47:43.051220779Z: [    1.390447] NET: Registered protocol family 2
[STDOUT  ] 2017-12-25T19:47:43.051226898Z: [    1.398110] TCP established hash table entries: 8192 (order: 4, 65536 bytes)
[STDOUT  ] 2017-12-25T19:47:43.051233497Z: [    1.398968] TCP bind hash table entries: 8192 (order: 5, 131072 bytes)
[STDOUT  ] 2017-12-25T19:47:43.051239227Z: [    1.399727] TCP: Hash tables configured (established 8192 bind 8192)
[STDOUT  ] 2017-12-25T19:47:43.051244993Z: [    1.402179] UDP hash table entries: 512 (order: 2, 16384 bytes)
[STDOUT  ] 2017-12-25T19:47:43.051250722Z: [    1.402736] UDP-Lite hash table entries: 512 (order: 2, 16384 bytes)
[STDOUT  ] 2017-12-25T19:47:43.051256601Z: [    1.404949] NET: Registered protocol family 1
[STDOUT  ] 2017-12-25T19:47:43.051262381Z: [    1.405949] pci 0000:00:01.0: Video device with shadowed ROM at [mem 0x000c0000-0x000dffff]
[STDOUT  ] 2017-12-25T19:47:43.051268604Z: [    1.414145] Unpacking initramfs...
[STDOUT  ] 2017-12-25T19:47:43.051274763Z: [    8.540075] Freeing initrd memory: 40796K
[STDOUT  ] 2017-12-25T19:47:43.051280665Z: [    8.559687] PCLMULQDQ-NI instructions are not detected.
[STDOUT  ] 2017-12-25T19:47:43.051286505Z: [    8.561345] AVX or AES-NI instructions are not detected.
[STDOUT  ] 2017-12-25T19:47:43.05129429Z: [    8.561806] CPU feature 'AVX registers' is not supported.
[STDOUT  ] 2017-12-25T19:47:43.051300289Z: [    8.562212] CPU feature 'AVX registers' is not supported.
[STDOUT  ] 2017-12-25T19:47:43.05130926Z: [    8.562568] CPU feature 'AVX registers' is not supported.
[STDOUT  ] 2017-12-25T19:47:43.051315403Z: [    8.562871] CPU feature 'AVX registers' is not supported.
[STDOUT  ] 2017-12-25T19:47:43.051321272Z: [    8.563176] AVX2 or AES-NI instructions are not detected.
[STDOUT  ] 2017-12-25T19:47:43.051327009Z: [    8.563449] AVX2 instructions are not detected.
[STDOUT  ] 2017-12-25T19:47:43.051332737Z: [    8.568339] audit: initializing netlink subsys (disabled)
[STDOUT  ] 2017-12-25T19:47:43.051338442Z: [    8.570006] audit: type=2000 audit(1514231218.560:1): initialized
[STDOUT  ] 2017-12-25T19:47:43.051350015Z: [    8.576289] workingset: timestamp_bits=46 max_order=18 bucket_order=0
[STDOUT  ] 2017-12-25T19:47:43.051358725Z: [    8.579559] squashfs: version 4.0 (2009/01/31) Phillip Lougher
[STDOUT  ] 2017-12-25T19:47:43.051367735Z: [    8.586217] FS-Cache: Netfs 'cifs' registered for caching
[STDOUT  ] 2017-12-25T19:47:43.051374663Z: [    8.587131] fuse init (API version 7.26)
[STDOUT  ] 2017-12-25T19:47:43.051380329Z: [    8.589149] SGI XFS with ACLs, security attributes, no debug enabled
[STDOUT  ] 2017-12-25T19:47:43.051386109Z: [    8.592835] 9p: Installing v9fs 9p2000 file system support
[STDOUT  ] 2017-12-25T19:47:43.051392219Z: [    8.593403] FS-Cache: Netfs '9p' registered for caching
[STDOUT  ] 2017-12-25T19:47:43.051398022Z: [    8.614867] NET: Registered protocol family 38
[STDOUT  ] 2017-12-25T19:47:43.05140376Z: [    8.615421] Key type asymmetric registered
[STDOUT  ] 2017-12-25T19:47:43.051409846Z: [    8.615791] Asymmetric key parser 'x509' registered
[STDOUT  ] 2017-12-25T19:47:43.051415685Z: [    8.616669] Block layer SCSI generic (bsg) driver version 0.4 loaded (major 251)
[STDOUT  ] 2017-12-25T19:47:43.051422291Z: [    8.618097] io scheduler noop registered
[STDOUT  ] 2017-12-25T19:47:43.05142875Z: [    8.618388] io scheduler deadline registered (default)
[STDOUT  ] 2017-12-25T19:47:43.051438095Z: [    8.619341] io scheduler cfq registered
[STDOUT  ] 2017-12-25T19:47:43.051444518Z: [    8.622121] pci_hotplug: PCI Hot Plug PCI Core version: 0.5
[STDOUT  ] 2017-12-25T19:47:43.051450165Z: [    8.622655] pciehp: PCI Express Hot Plug Controller Driver version: 0.4
[STDOUT  ] 2017-12-25T19:47:43.051458391Z: [    8.623420] shpchp: Standard Hot Plug PCI Controller Driver version: 0.4
[STDOUT  ] 2017-12-25T19:47:43.051464199Z: [    8.624243] hv_vmbus: registering driver hyperv_fb
[STDOUT  ] 2017-12-25T19:47:43.051470267Z: [    8.626899] input: Power Button as /devices/LNXSYSTM:00/LNXPWRBN:00/input/input0
[STDOUT  ] 2017-12-25T19:47:43.051475977Z: [    8.627975] ACPI: Power Button [PWRF]
[STDOUT  ] 2017-12-25T19:47:43.051482253Z: [    8.633524] GHES: HEST is not enabled!
[STDOUT  ] 2017-12-25T19:47:43.051487934Z: [    8.643231] ACPI: PCI Interrupt Link [GSIG] enabled at IRQ 22
[STDOUT  ] 2017-12-25T19:47:43.051493734Z: [    8.652796] ACPI: PCI Interrupt Link [GSIH] enabled at IRQ 23
[STDOUT  ] 2017-12-25T19:47:43.051499368Z: [    8.657311] xenfs: not registering filesystem on non-xen platform
[STDOUT  ] 2017-12-25T19:47:43.051506852Z: [    8.659318] Serial: 8250/16550 driver, 4 ports, IRQ sharing disabled
[STDOUT  ] 2017-12-25T19:47:43.051512468Z: [    8.683541] 00:04: ttyS0 at I/O 0x3f8 (irq = 4, base_baud = 115200) is a 16550A
[STDOUT  ] 2017-12-25T19:47:43.051518302Z: [    8.694028] Non-volatile memory driver v1.3
[STDOUT  ] 2017-12-25T19:47:43.051524128Z: [    8.701297] Hangcheck: starting hangcheck timer 0.9.1 (tick is 180 seconds, margin is 60 seconds).
[STDOUT  ] 2017-12-25T19:47:43.051530179Z: [    8.706248] random: fast init done
[STDOUT  ] 2017-12-25T19:47:43.051535745Z: [    8.707635] random: crng init done
[STDOUT  ] 2017-12-25T19:47:43.05154194Z: [    8.734292] loop: module loaded
[STDOUT  ] 2017-12-25T19:47:43.051548063Z: [    8.745939] nbd: registered device at major 43
[STDOUT  ] 2017-12-25T19:47:43.051553982Z: [    8.780756] lpc_ich 0000:00:1f.0: I/O space for GPIO uninitialized
[STDOUT  ] 2017-12-25T19:47:43.051559836Z: [    8.782633] VMware PVSCSI driver - version 1.0.7.0-k
[STDOUT  ] 2017-12-25T19:47:43.051569374Z: [    8.783462] hv_vmbus: registering driver hv_storvsc
[STDOUT  ] 2017-12-25T19:47:43.05157528Z: [    8.789520] ACPI: PCI Interrupt Link [GSIA] enabled at IRQ 16
[STDOUT  ] 2017-12-25T19:47:43.051581105Z: [    8.797549] ahci 0000:00:1f.2: AHCI 0001.0000 32 slots 6 ports 1.5 Gbps 0x3f impl SATA mode
[STDOUT  ] 2017-12-25T19:47:43.051586864Z: [    8.798247] ahci 0000:00:1f.2: flags: 64bit ncq only 
[STDOUT  ] 2017-12-25T19:47:43.051592575Z: [    8.816133] scsi host0: ahci
[STDOUT  ] 2017-12-25T19:47:43.051603244Z: [    8.820905] scsi host1: ahci
[STDOUT  ] 2017-12-25T19:47:43.051610809Z: [    8.822776] scsi host2: ahci
[STDOUT  ] 2017-12-25T19:47:43.051616625Z: [    8.824545] scsi host3: ahci
[STDOUT  ] 2017-12-25T19:47:43.051622394Z: [    8.826269] scsi host4: ahci
[STDOUT  ] 2017-12-25T19:47:43.051628528Z: [    8.827997] scsi host5: ahci
[STDOUT  ] 2017-12-25T19:47:43.051634644Z: [    8.829563] ata1: SATA max UDMA/133 abar m4096@0xfebd2000 port 0xfebd2100 irq 24
[STDOUT  ] 2017-12-25T19:47:43.051640511Z: [    8.830444] ata2: SATA max UDMA/133 abar m4096@0xfebd2000 port 0xfebd2180 irq 24
[STDOUT  ] 2017-12-25T19:47:43.05164631Z: [    8.830775] ata3: SATA max UDMA/133 abar m4096@0xfebd2000 port 0xfebd2200 irq 24
[STDOUT  ] 2017-12-25T19:47:43.0516525Z: [    8.831154] ata4: SATA max UDMA/133 abar m4096@0xfebd2000 port 0xfebd2280 irq 24
[STDOUT  ] 2017-12-25T19:47:43.051658512Z: [    8.831462] ata5: SATA max UDMA/133 abar m4096@0xfebd2000 port 0xfebd2300 irq 24
[STDOUT  ] 2017-12-25T19:47:43.051664371Z: [    8.831775] ata6: SATA max UDMA/133 abar m4096@0xfebd2000 port 0xfebd2380 irq 24
[STDOUT  ] 2017-12-25T19:47:43.051670291Z: [    8.843003] tun: Universal TUN/TAP device driver, 1.6
[STDOUT  ] 2017-12-25T19:47:43.051676095Z: [    8.843341] tun: (C) 1999-2004 Max Krasnyansky <maxk@qualcomm.com>
[STDOUT  ] 2017-12-25T19:47:43.051681659Z: [    8.853630] VMware vmxnet3 virtual NIC driver - version 1.4.a.0-k-NAPI
[STDOUT  ] 2017-12-25T19:47:43.051690626Z: [    8.854452] hv_vmbus: registering driver hv_netvsc
[STDOUT  ] 2017-12-25T19:47:43.051696549Z: [    8.854688] Fusion MPT base driver 3.04.20
[STDOUT  ] 2017-12-25T19:47:43.051702685Z: [    8.854906] Copyright (c) 1999-2008 LSI Corporation
[STDOUT  ] 2017-12-25T19:47:43.051708438Z: [    8.855396] Fusion MPT SPI Host driver 3.04.20
[STDOUT  ] 2017-12-25T19:47:43.051715865Z: [    8.857048] i8042: PNP: PS/2 Controller [PNP0303:KBD,PNP0f13:MOU] at 0x60,0x64 irq 1,12
[STDOUT  ] 2017-12-25T19:47:43.051722147Z: [    8.861056] serio: i8042 KBD port at 0x60,0x64 irq 1
[STDOUT  ] 2017-12-25T19:47:43.051727986Z: [    8.861738] serio: i8042 AUX port at 0x60,0x64 irq 12
[STDOUT  ] 2017-12-25T19:47:43.051734718Z: [    8.864300] hv_vmbus: registering driver hyperv_keyboard
[STDOUT  ] 2017-12-25T19:47:43.051740338Z: [    8.866189] mousedev: PS/2 mouse device common for all mice
[STDOUT  ] 2017-12-25T19:47:43.051745921Z: [    8.871299] input: AT Translated Set 2 keyboard as /devices/platform/i8042/serio0/input/input1
[STDOUT  ] 2017-12-25T19:47:43.051752036Z: [    8.873769] input: PC Speaker as /devices/platform/pcspkr/input/input2
[STDOUT  ] 2017-12-25T19:47:43.051757732Z: [    8.876880] rtc_cmos 00:00: RTC can wake from S4
[STDOUT  ] 2017-12-25T19:47:43.051768989Z: [    8.879893] rtc_cmos 00:00: rtc core: registered rtc_cmos as rtc0
[STDOUT  ] 2017-12-25T19:47:43.051778061Z: [    8.881364] rtc_cmos 00:00: alarms up to one day, y3k, 114 bytes nvram, hpet irqs
[STDOUT  ] 2017-12-25T19:47:43.051787372Z: [    8.882017] i2c /dev entries driver
[STDOUT  ] 2017-12-25T19:47:43.051795936Z: [    8.883626] device-mapper: ioctl: 4.35.0-ioctl (2016-06-23) initialised: dm-devel@redhat.com
[STDOUT  ] 2017-12-25T19:47:43.051804916Z: [    8.887458] usbcore: registered new interface driver usbhid
[STDOUT  ] 2017-12-25T19:47:43.051812748Z: [    8.887633] usbhid: USB HID core driver
[STDOUT  ] 2017-12-25T19:47:43.051822661Z: [    8.888217] hv_utils: Registering HyperV Utility Driver
[STDOUT  ] 2017-12-25T19:47:43.051830147Z: [    8.888509] hv_vmbus: registering driver hv_util
[STDOUT  ] 2017-12-25T19:47:43.051840281Z: [    8.888706] hv_vmbus: registering driver hv_balloon
[STDOUT  ] 2017-12-25T19:47:43.051847096Z: [    8.889160] oprofile: using NMI interrupt.
[STDOUT  ] 2017-12-25T19:47:43.051855021Z: [    8.890416] GACT probability on
[STDOUT  ] 2017-12-25T19:47:43.05186092Z: [    8.890876] Mirror/redirect action on
[STDOUT  ] 2017-12-25T19:47:43.051866766Z: [    8.891772] Simple TC action Loaded
[STDOUT  ] 2017-12-25T19:47:43.051872613Z: [    8.892315] u32 classifier
[STDOUT  ] 2017-12-25T19:47:43.051878439Z: [    8.892453]     Performance counters on
[STDOUT  ] 2017-12-25T19:47:43.051884134Z: [    8.892656]     input device check on
[STDOUT  ] 2017-12-25T19:47:43.051889812Z: [    8.892816]     Actions configured
[STDOUT  ] 2017-12-25T19:47:43.051895801Z: [    8.893349] Netfilter messages via NETLINK v0.30.
[STDOUT  ] 2017-12-25T19:47:43.051902188Z: [    8.893816] nfnl_acct: registering with nfnetlink.
[STDOUT  ] 2017-12-25T19:47:43.051908252Z: [    8.895030] nf_conntrack version 0.5.0 (8192 buckets, 32768 max)
[STDOUT  ] 2017-12-25T19:47:43.05191399Z: [    8.898119] ctnetlink v0.93: registering with nfnetlink.
[STDOUT  ] 2017-12-25T19:47:43.051922762Z: [    8.901207] nf_tables: (c) 2007-2009 Patrick McHardy <kaber@trash.net>
[STDOUT  ] 2017-12-25T19:47:43.051930176Z: [    8.901997] nf_tables_compat: (c) 2012 Pablo Neira Ayuso <pablo@netfilter.org>
[STDOUT  ] 2017-12-25T19:47:43.051936007Z: [    8.904118] xt_time: kernel timezone is -0000
[STDOUT  ] 2017-12-25T19:47:43.051941804Z: [    8.904626] ip_set: protocol 6
[STDOUT  ] 2017-12-25T19:47:43.0519473Z: [    8.905260] IPVS: Registered protocols (TCP, UDP, SCTP, AH, ESP)
[STDOUT  ] 2017-12-25T19:47:43.051956162Z: [    8.905837] IPVS: Connection hash table configured (size=4096, memory=64Kbytes)
[STDOUT  ] 2017-12-25T19:47:43.051964642Z: [    8.907451] IPVS: Creating netns size=2104 id=0
[STDOUT  ] 2017-12-25T19:47:43.051976518Z: [    8.909934] IPVS: ipvs loaded.
[STDOUT  ] 2017-12-25T19:47:43.051986205Z: [    8.910865] IPVS: [rr] scheduler registered.
[STDOUT  ] 2017-12-25T19:47:43.051994647Z: [    8.911263] IPVS: [wrr] scheduler registered.
[STDOUT  ] 2017-12-25T19:47:43.052001299Z: [    8.911524] IPVS: [lc] scheduler registered.
[STDOUT  ] 2017-12-25T19:47:43.052007117Z: [    8.911757] IPVS: [wlc] scheduler registered.
[STDOUT  ] 2017-12-25T19:47:43.052012781Z: [    8.911988] IPVS: [fo] scheduler registered.
[STDOUT  ] 2017-12-25T19:47:43.052018486Z: [    8.912193] IPVS: [ovf] scheduler registered.
[STDOUT  ] 2017-12-25T19:47:43.052024176Z: [    8.912758] IPVS: [lblc] scheduler registered.
[STDOUT  ] 2017-12-25T19:47:43.052030196Z: [    8.913182] IPVS: [lblcr] scheduler registered.
[STDOUT  ] 2017-12-25T19:47:43.052038227Z: [    8.913471] IPVS: [dh] scheduler registered.
[STDOUT  ] 2017-12-25T19:47:43.052044287Z: [    8.913733] IPVS: [sh] scheduler registered.
[STDOUT  ] 2017-12-25T19:47:43.052050387Z: [    8.913967] IPVS: [sed] scheduler registered.
[STDOUT  ] 2017-12-25T19:47:43.052056251Z: [    8.914199] IPVS: [nq] scheduler registered.
[STDOUT  ] 2017-12-25T19:47:43.052062038Z: [    8.914950] IPVS: ftp: loaded support on port[0] = 21
[STDOUT  ] 2017-12-25T19:47:43.052067836Z: [    8.915824] ipip: IPv4 and MPLS over IPv4 tunneling driver
[STDOUT  ] 2017-12-25T19:47:43.052074018Z: [    8.919481] gre: GRE over IPv4 demultiplexor driver
[STDOUT  ] 2017-12-25T19:47:43.052080343Z: [    8.922566] ip_tables: (C) 2000-2006 Netfilter Core Team
[STDOUT  ] 2017-12-25T19:47:43.052085963Z: [    8.925592] ipt_CLUSTERIP: ClusterIP Version 0.8 loaded successfully
[STDOUT  ] 2017-12-25T19:47:43.052091853Z: [    8.926278] arp_tables: arp_tables: (C) 2002 David S. Miller
[STDOUT  ] 2017-12-25T19:47:43.052098766Z: [    8.928476] NET: Registered protocol family 10
[STDOUT  ] 2017-12-25T19:47:43.05210581Z: [    8.939580] ip6_tables: (C) 2000-2006 Netfilter Core Team
[STDOUT  ] 2017-12-25T19:47:43.052111644Z: [    8.948649] NET: Registered protocol family 17
[STDOUT  ] 2017-12-25T19:47:43.052117776Z: [    8.949968] Bridge firewalling registered
[STDOUT  ] 2017-12-25T19:47:43.052127307Z: [    8.951083] Ebtables v2.0 registered
[STDOUT  ] 2017-12-25T19:47:43.052133304Z: [    8.952984] 8021q: 802.1Q VLAN Support v1.8
[STDOUT  ] 2017-12-25T19:47:43.052139089Z: [    8.954492] 9pnet: Installing 9P2000 support
[STDOUT  ] 2017-12-25T19:47:43.052144656Z: [    8.955984] Key type dns_resolver registered
[STDOUT  ] 2017-12-25T19:47:43.052150288Z: [    8.956909] microcode: AMD CPU family 0x6 not supported
[STDOUT  ] 2017-12-25T19:47:43.052155988Z: [    8.960750] registered taskstats version 1
[STDOUT  ] 2017-12-25T19:47:43.052161626Z: [    9.118851] Key type big_key registered
[STDOUT  ] 2017-12-25T19:47:43.05216747Z: [    9.163950] ata2: SATA link up 1.5 Gbps (SStatus 113 SControl 300)
[STDOUT  ] 2017-12-25T19:47:43.052173155Z: [    9.169641] ata2.00: ATA-7: QEMU HARDDISK, 2.5+, max UDMA/100
[STDOUT  ] 2017-12-25T19:47:43.052178696Z: [    9.170400] ata2.00: 1048576 sectors, multi 16: LBA48 NCQ (depth 31/32)
[STDOUT  ] 2017-12-25T19:47:43.052184455Z: [    9.170955] ata2.00: applying bridge limits
[STDOUT  ] 2017-12-25T19:47:43.052190083Z: [    9.172298] ata1: SATA link up 1.5 Gbps (SStatus 113 SControl 300)
[STDOUT  ] 2017-12-25T19:47:43.052195733Z: [    9.172811] ata1.00: ATA-7: QEMU HARDDISK, 2.5+, max UDMA/100
[STDOUT  ] 2017-12-25T19:47:43.052201263Z: [    9.173121] ata1.00: 1048576 sectors, multi 16: LBA48 NCQ (depth 31/32)
[STDOUT  ] 2017-12-25T19:47:43.052206841Z: [    9.173419] ata1.00: applying bridge limits
[STDOUT  ] 2017-12-25T19:47:43.052212633Z: [    9.174285] ata1.00: configured for UDMA/100
[STDOUT  ] 2017-12-25T19:47:43.052218347Z: [    9.177062] ata3: SATA link up 1.5 Gbps (SStatus 113 SControl 300)
[STDOUT  ] 2017-12-25T19:47:43.052224158Z: [    9.178059] ata3.00: ATAPI: QEMU DVD-ROM, 2.5+, max UDMA/100
[STDOUT  ] 2017-12-25T19:47:43.052229899Z: [    9.178387] ata3.00: applying bridge limits
[STDOUT  ] 2017-12-25T19:47:43.052238569Z: [    9.178880] ata3.00: configured for UDMA/100
[STDOUT  ] 2017-12-25T19:47:43.052244285Z: [    9.180707] ata4: SATA link down (SStatus 0 SControl 300)
[STDOUT  ] 2017-12-25T19:47:43.052249958Z: [    9.181279] ata5: SATA link down (SStatus 0 SControl 300)
[STDOUT  ] 2017-12-25T19:47:43.052260808Z: [    9.182056] ata6: SATA link down (SStatus 0 SControl 300)
[STDOUT  ] 2017-12-25T19:47:43.052271363Z: [    9.198458] ata2.00: configured for UDMA/100
[STDOUT  ] 2017-12-25T19:47:43.052281Z: [    9.201296] scsi 0:0:0:0: Direct-Access     ATA      QEMU HARDDISK    2.5+ PQ: 0 ANSI: 5
[STDOUT  ] 2017-12-25T19:47:43.052290171Z: [    9.212259] sd 0:0:0:0: [sda] 1048576 512-byte logical blocks: (537 MB/512 MiB)
[STDOUT  ] 2017-12-25T19:47:43.052297803Z: [    9.217094] sd 0:0:0:0: [sda] Write Protect is off
[STDOUT  ] 2017-12-25T19:47:43.052304241Z: [    9.219741] sd 0:0:0:0: Attached scsi generic sg0 type 0
[STDOUT  ] 2017-12-25T19:47:43.05231204Z: [    9.220694] sd 0:0:0:0: [sda] Write cache: enabled, read cache: enabled, doesn't support DPO or FUA
[STDOUT  ] 2017-12-25T19:47:43.052319194Z: [    9.234248] scsi 1:0:0:0: Direct-Access     ATA      QEMU HARDDISK    2.5+ PQ: 0 ANSI: 5
[STDOUT  ] 2017-12-25T19:47:43.052326432Z: [    9.237897] sd 1:0:0:0: [sdb] 1048576 512-byte logical blocks: (537 MB/512 MiB)
[STDOUT  ] 2017-12-25T19:47:43.052332408Z: [    9.241260] sd 1:0:0:0: Attached scsi generic sg1 type 0
[STDOUT  ] 2017-12-25T19:47:43.052338406Z: [    9.242647] sd 1:0:0:0: [sdb] Write Protect is off
[STDOUT  ] 2017-12-25T19:47:43.05234414Z: [    9.243413] sd 1:0:0:0: [sdb] Write cache: enabled, read cache: enabled, doesn't support DPO or FUA
[STDOUT  ] 2017-12-25T19:47:43.052350027Z: [    9.249186] scsi 2:0:0:0: CD-ROM            QEMU     QEMU DVD-ROM     2.5+ PQ: 0 ANSI: 5
[STDOUT  ] 2017-12-25T19:47:43.052356317Z: [    9.273187] sr 2:0:0:0: [sr0] scsi3-mmc drive: 4x/4x cd/rw xa/form2 tray
[STDOUT  ] 2017-12-25T19:47:43.052362124Z: [    9.273846] cdrom: Uniform CD-ROM driver Revision: 3.20
[STDOUT  ] 2017-12-25T19:47:43.052367728Z: [    9.286486] sr 2:0:0:0: Attached scsi generic sg2 type 5
[STDOUT  ] 2017-12-25T19:47:43.052377554Z: [    9.292658] sd 0:0:0:0: [sda] Attached SCSI disk
[STDOUT  ] 2017-12-25T19:47:43.052383764Z: [    9.293061] sd 1:0:0:0: [sdb] Attached SCSI disk
[STDOUT  ] 2017-12-25T19:47:43.052389691Z: [    9.329453] Key type encrypted registered
[STDOUT  ] 2017-12-25T19:47:43.052396489Z: [    9.335224] rtc_cmos 00:00: setting system clock to 2017-12-25 19:46:59 UTC (1514231219)
[STDOUT  ] 2017-12-25T19:47:43.052402239Z: [    9.470488] Freeing unused kernel memory: 1380K
[STDOUT  ] 2017-12-25T19:47:43.052408112Z: [    9.470826] Write protecting the kernel read-only data: 12288k
[STDOUT  ] 2017-12-25T19:47:43.052414272Z: [    9.475185] Freeing unused kernel memory: 128K
[STDOUT  ] 2017-12-25T19:47:43.05242076Z: [    9.534687] Freeing unused kernel memory: 1396K
[STDOUT  ] 2017-12-25T19:47:43.052427234Z: [    9.600631] tsc: Refined TSC clocksource calibration: 2599.888 MHz
[STDOUT  ] 2017-12-25T19:47:43.052433147Z: [    9.601130] clocksource: tsc: mask: 0xffffffffffffffff max_cycles: 0x2579d2958cf, max_idle_ns: 440795316906 ns
[STDOUT  ] 2017-12-25T19:47:43.052438928Z: [   10.619606] clocksource: Switched to clocksource tsc
[STDOUT  ] 2017-12-25T19:47:43.052445342Z: 
[STDOUT  ] 2017-12-25T19:47:43.052451337Z: Welcome to LinuxKit
[STDOUT  ] 2017-12-25T19:47:43.052457474Z: 
[STDOUT  ] 2017-12-25T19:47:43.05246359Z:                         ##         .
[STDOUT  ] 2017-12-25T19:47:43.052469792Z:                   ## ## ##        ==
[STDOUT  ] 2017-12-25T19:47:43.052484762Z:                ## ## ## ## ##    ===
[STDOUT  ] 2017-12-25T19:47:43.052490842Z:            /"""""""""""""""""\___/ ===
[STDOUT  ] 2017-12-25T19:47:43.052496494Z:           {                       /  ===-
[STDOUT  ] 2017-12-25T19:47:43.052502922Z:            \______ O           __/
[STDOUT  ] 2017-12-25T19:47:43.052508632Z:              \    \         __/
[STDOUT  ] 2017-12-25T19:47:43.05251428Z:               \____\_______/
[STDOUT  ] 2017-12-25T19:47:43.052524252Z: 
[STDOUT  ] 2017-12-25T19:47:43.052530137Z: [   24.804562] IPVS: Creating netns size=2104 id=1
[STDOUT  ] 2017-12-25T19:47:43.052537191Z: [   24.804943] IPVS: ftp: loaded support on port[0] = 21
[STDOUT  ] 2017-12-25T19:47:43.052543902Z: 2017/12/25 19:47:15 Creating partition on /dev/sda
[STDOUT  ] 2017-12-25T19:47:43.052549557Z: [   26.025385]  sda:
[STDOUT  ] 2017-12-25T19:47:43.052557286Z: [   26.097000]  sda:
[STDOUT  ] 2017-12-25T19:47:43.05256422Z: [   26.156660]  sda: sda1
[STDOUT  ] 2017-12-25T19:47:43.052572735Z: [   26.220903]  sda: sda1
[STDOUT  ] 2017-12-25T19:47:43.052580428Z: 2017/12/25 19:47:18 Partition /dev/sda1 successfully created!
[STDOUT  ] 2017-12-25T19:47:43.052589423Z: [   28.572056] IPVS: Creating netns size=2104 id=2
[STDOUT  ] 2017-12-25T19:47:43.052604589Z: [   28.572312] IPVS: ftp: loaded support on port[0] = 21
[STDOUT  ] 2017-12-25T19:47:43.052614121Z: 2017/12/25 19:47:19 /dev/sda has content. blkid returned: /dev/sda: PTUUID="ad67455a" PTTYPE="dos"
[STDOUT  ] 2017-12-25T19:47:43.052622688Z: 2017/12/25 19:47:19 Creating partition on /dev/sdb
[STDOUT  ] 2017-12-25T19:47:43.05262904Z: [   29.712879]  sdb:
[STDOUT  ] 2017-12-25T19:47:43.052635172Z: [   29.779209]  sdb:
[STDOUT  ] 2017-12-25T19:47:43.052641658Z: [   29.837764]  sdb: sdb1
[STDOUT  ] 2017-12-25T19:47:43.052647714Z: [   29.900810]  sdb: sdb1
[STDOUT  ] 2017-12-25T19:47:43.052653705Z: 2017/12/25 19:47:21 Partition /dev/sdb1 successfully created!
[STDOUT  ] 2017-12-25T19:47:43.052660215Z: [   32.695672] IPVS: Creating netns size=2104 id=3
[STDOUT  ] 2017-12-25T19:47:43.052668677Z: [   32.695912] IPVS: ftp: loaded support on port[0] = 21
[STDOUT  ] 2017-12-25T19:47:43.05267443Z: [   34.012402] EXT4-fs (sda1): couldn't mount as ext3 due to feature incompatibilities
[STDOUT  ] 2017-12-25T19:47:43.052680248Z: [   34.020511] EXT4-fs (sda1): couldn't mount as ext2 due to feature incompatibilities
[STDOUT  ] 2017-12-25T19:47:43.05268647Z: [   34.048621] EXT4-fs (sda1): mounted filesystem with ordered data mode. Opts: (null)
[STDOUT  ] 2017-12-25T19:47:43.052692571Z: [   36.179748] IPVS: Creating netns size=2104 id=4
[STDOUT  ] 2017-12-25T19:47:43.052701749Z: [   36.182528] IPVS: ftp: loaded support on port[0] = 21
[STDOUT  ] 2017-12-25T19:47:43.052707998Z: [   37.680056] EXT4-fs (sdb1): couldn't mount as ext3 due to feature incompatibilities
[STDOUT  ] 2017-12-25T19:47:43.052715075Z: [   37.688658] EXT4-fs (sdb1): couldn't mount as ext2 due to feature incompatibilities
[STDOUT  ] 2017-12-25T19:47:43.052720992Z: [   37.715108] EXT4-fs (sdb1): mounted filesystem with ordered data mode. Opts: (null)
[STDOUT  ] 2017-12-25T19:47:43.052726694Z: 2017/12/25 19:47:28 Failed to create "symlink ../../sda1 /dev/disk/by-uuid/3d757f75-c84b-40f2-8d6a-f74ce8e2dae3: file exists": %!v(MISSING)
[STDOUT  ] 2017-12-25T19:47:43.052733386Z: 2017/12/25 19:47:28 Failed to create "symlink ../../sdb1 /dev/disk/by-uuid/f35563ec-6408-4a50-9549-3dff74270e45: file exists": %!v(MISSING)
[STDOUT  ] 2017-12-25T19:47:43.052738966Z: format_mount test suite PASSED
[STDOUT  ] 2017-12-25T19:47:43.052744956Z: [   51.453729] sd 1:0:0:0: [sdb] Synchronizing SCSI cache
[STDOUT  ] 2017-12-25T19:47:43.052756115Z: [   51.455021] sd 1:0:0:0: [sdb] Stopping disk
[STDOUT  ] 2017-12-25T19:47:43.052765349Z: [   51.455757] sd 0:0:0:0: [sda] Synchronizing SCSI cache
[STDOUT  ] 2017-12-25T19:47:43.052774719Z: [   51.459032] sd 0:0:0:0: [sda] Stopping disk
[STDOUT  ] 2017-12-25T19:47:43.052784208Z: [   51.463120] ACPI: Preparing to enter system sleep state S5
[STDOUT  ] 2017-12-25T19:47:43.052793392Z: [   51.466164] reboot: Power down
[STDERR  ] 2017-12-25T19:47:43.052807355Z: + RESULT=[    0.000000] Linux version 4.9.70-linuxkit (root@76d0ab89f7bc) (gcc version 6.4.0 (Alpine 6.4.0) ) #1 SMP Mon Dec 18 14:18:58 UTC 2017
[STDERR  ] 2017-12-25T19:47:43.052813675Z: [    0.000000] Command line: console=ttyS0 console=ttyAMA0
[STDERR  ] 2017-12-25T19:47:43.053154919Z: [    0.000000] x86/fpu: Legacy x87 FPU detected.
[STDERR  ] 2017-12-25T19:47:43.053164191Z: [    0.000000] x86/fpu: Using 'eager' FPU context switches.
[STDERR  ] 2017-12-25T19:47:43.053176373Z: [    0.000000] e820: BIOS-provided physical RAM map:
[STDERR  ] 2017-12-25T19:47:43.053183123Z: [    0.000000] BIOS-e820: [mem 0x0000000000000000-0x000000000009fbff] usable
[STDERR  ] 2017-12-25T19:47:43.053189841Z: [    0.000000] BIOS-e820: [mem 0x000000000009fc00-0x000000000009ffff] reserved
[STDERR  ] 2017-12-25T19:47:43.053196534Z: [    0.000000] BIOS-e820: [mem 0x00000000000f0000-0x00000000000fffff] reserved
[STDERR  ] 2017-12-25T19:47:43.053203592Z: [    0.000000] BIOS-e820: [mem 0x0000000000100000-0x000000003ffddfff] usable
[STDERR  ] 2017-12-25T19:47:43.053220474Z: [    0.000000] BIOS-e820: [mem 0x000000003ffde000-0x000000003fffffff] reserved
[STDERR  ] 2017-12-25T19:47:43.053229893Z: [    0.000000] BIOS-e820: [mem 0x00000000b0000000-0x00000000bfffffff] reserved
[STDERR  ] 2017-12-25T19:47:43.053239688Z: [    0.000000] BIOS-e820: [mem 0x00000000fed1c000-0x00000000fed1ffff] reserved
[STDERR  ] 2017-12-25T19:47:43.05324858Z: [    0.000000] BIOS-e820: [mem 0x00000000fffc0000-0x00000000ffffffff] reserved
[STDERR  ] 2017-12-25T19:47:43.053257118Z: [    0.000000] NX (Execute Disable) protection: active
[STDERR  ] 2017-12-25T19:47:43.053264212Z: [    0.000000] SMBIOS 2.8 present.
[STDERR  ] 2017-12-25T19:47:43.053270776Z: [    0.000000] e820: last_pfn = 0x3ffde max_arch_pfn = 0x400000000
[STDERR  ] 2017-12-25T19:47:43.053277159Z: [    0.000000] x86/PAT: Configuration [0-7]: WB  WC  UC- UC  WB  WC  UC- WT  
[STDERR  ] 2017-12-25T19:47:43.053283145Z: [    0.000000] found SMP MP-table at [mem 0x000f6aa0-0x000f6aaf] mapped at [ffff89ebc00f6aa0]
[STDERR  ] 2017-12-25T19:47:43.053289511Z: [    0.000000] RAMDISK: [mem 0x3d7f9000-0x3ffcffff]
[STDERR  ] 2017-12-25T19:47:43.053296098Z: [    0.000000] ACPI: Early table checksum verification disabled
[STDERR  ] 2017-12-25T19:47:43.053305023Z: [    0.000000] ACPI: RSDP 0x00000000000F68B0 000014 (v00 BOCHS )
[STDERR  ] 2017-12-25T19:47:43.05331297Z: [    0.000000] ACPI: RSDT 0x000000003FFE20A8 000034 (v01 BOCHS  BXPCRSDT 00000001 BXPC 00000001)
[STDERR  ] 2017-12-25T19:47:43.053322056Z: [    0.000000] ACPI: FACP 0x000000003FFE1EC8 0000F4 (v03 BOCHS  BXPCFACP 00000001 BXPC 00000001)
[STDERR  ] 2017-12-25T19:47:43.053335301Z: [    0.000000] ACPI: DSDT 0x000000003FFE0040 001E88 (v01 BOCHS  BXPCDSDT 00000001 BXPC 00000001)
[STDERR  ] 2017-12-25T19:47:43.053344456Z: [    0.000000] ACPI: FACS 0x000000003FFE0000 000040
[STDERR  ] 2017-12-25T19:47:43.053352941Z: [    0.000000] ACPI: APIC 0x000000003FFE1FBC 000078 (v01 BOCHS  BXPCAPIC 00000001 BXPC 00000001)
[STDERR  ] 2017-12-25T19:47:43.053361992Z: [    0.000000] ACPI: HPET 0x000000003FFE2034 000038 (v01 BOCHS  BXPCHPET 00000001 BXPC 00000001)
[STDERR  ] 2017-12-25T19:47:43.053371283Z: [    0.000000] ACPI: MCFG 0x000000003FFE206C 00003C (v01 BOCHS  BXPCMCFG 00000001 BXPC 00000001)
[STDERR  ] 2017-12-25T19:47:43.053380843Z: [    0.000000] Zone ranges:
[STDERR  ] 2017-12-25T19:47:43.053393788Z: [    0.000000]   DMA      [mem 0x0000000000001000-0x0000000000ffffff]
[STDERR  ] 2017-12-25T19:47:43.05340327Z: [    0.000000]   DMA32    [mem 0x0000000001000000-0x000000003ffddfff]
[STDERR  ] 2017-12-25T19:47:43.05341238Z: [    0.000000]   Normal   empty
[STDERR  ] 2017-12-25T19:47:43.053420642Z: [    0.000000] Movable zone start for each node
[STDERR  ] 2017-12-25T19:47:43.053440172Z: [    0.000000] Early memory node ranges
[STDERR  ] 2017-12-25T19:47:43.053457696Z: [    0.000000]   node   0: [mem 0x0000000000001000-0x000000000009efff]
[STDERR  ] 2017-12-25T19:47:43.05346663Z: [    0.000000]   node   0: [mem 0x0000000000100000-0x000000003ffddfff]
[STDERR  ] 2017-12-25T19:47:43.053474984Z: [    0.000000] Initmem setup node 0 [mem 0x0000000000001000-0x000000003ffddfff]
[STDERR  ] 2017-12-25T19:47:43.053483843Z: [    0.000000] ACPI: PM-Timer IO Port: 0x608
[STDERR  ] 2017-12-25T19:47:43.053492728Z: [    0.000000] ACPI: LAPIC_NMI (acpi_id[0xff] dfl dfl lint[0x1])
[STDERR  ] 2017-12-25T19:47:43.053500857Z: [    0.000000] IOAPIC[0]: apic_id 0, version 32, address 0xfec00000, GSI 0-23
[STDERR  ] 2017-12-25T19:47:43.053511738Z: [    0.000000] ACPI: INT_SRC_OVR (bus 0 bus_irq 0 global_irq 2 dfl dfl)
[STDERR  ] 2017-12-25T19:47:43.05351788Z: [    0.000000] ACPI: INT_SRC_OVR (bus 0 bus_irq 5 global_irq 5 high level)
[STDERR  ] 2017-12-25T19:47:43.053524209Z: [    0.000000] ACPI: INT_SRC_OVR (bus 0 bus_irq 9 global_irq 9 high level)
[STDERR  ] 2017-12-25T19:47:43.053532829Z: [    0.000000] ACPI: INT_SRC_OVR (bus 0 bus_irq 10 global_irq 10 high level)
[STDERR  ] 2017-12-25T19:47:43.053543084Z: [    0.000000] ACPI: INT_SRC_OVR (bus 0 bus_irq 11 global_irq 11 high level)
[STDERR  ] 2017-12-25T19:47:43.053552346Z: [    0.000000] Using ACPI (MADT) for SMP configuration information
[STDERR  ] 2017-12-25T19:47:43.053560952Z: [    0.000000] ACPI: HPET id: 0x8086a201 base: 0xfed00000
[STDERR  ] 2017-12-25T19:47:43.053569641Z: [    0.000000] smpboot: Allowing 1 CPUs, 0 hotplug CPUs
[STDERR  ] 2017-12-25T19:47:43.053578852Z: [    0.000000] e820: [mem 0x40000000-0xafffffff] available for PCI devices
[STDERR  ] 2017-12-25T19:47:43.053587135Z: [    0.000000] Booting paravirtualized kernel on bare hardware
[STDERR  ] 2017-12-25T19:47:43.053603837Z: [    0.000000] clocksource: refined-jiffies: mask: 0xffffffff max_cycles: 0xffffffff, max_idle_ns: 19112604462750000 ns
[STDERR  ] 2017-12-25T19:47:43.05361164Z: [    0.000000] setup_percpu: NR_CPUS:128 nr_cpumask_bits:128 nr_cpu_ids:1 nr_node_ids:1
[STDERR  ] 2017-12-25T19:47:43.05362029Z: [    0.000000] percpu: Embedded 35 pages/cpu @ffff89ebfd400000 s105048 r8192 d30120 u2097152
[STDERR  ] 2017-12-25T19:47:43.053629788Z: [    0.000000] Built 1 zonelists in Zone order, mobility grouping on.  Total pages: 257895
[STDERR  ] 2017-12-25T19:47:43.053638748Z: [    0.000000] Kernel command line: console=ttyS0 console=ttyAMA0
[STDERR  ] 2017-12-25T19:47:43.053647443Z: [    0.000000] PID hash table entries: 4096 (order: 3, 32768 bytes)
[STDERR  ] 2017-12-25T19:47:43.053656414Z: [    0.000000] Dentry cache hash table entries: 131072 (order: 8, 1048576 bytes)
[STDERR  ] 2017-12-25T19:47:43.053664738Z: [    0.000000] Inode-cache hash table entries: 65536 (order: 7, 524288 bytes)
[STDERR  ] 2017-12-25T19:47:43.053677603Z: [    0.000000] Memory: 973372K/1048048K available (8048K kernel code, 1367K rwdata, 2700K rodata, 1380K init, 568K bss, 74676K reserved, 0K cma-reserved)
[STDERR  ] 2017-12-25T19:47:43.053686598Z: [    0.000000] Hierarchical RCU implementation.
[STDERR  ] 2017-12-25T19:47:43.05369486Z: [    0.000000] 	Build-time adjustment of leaf fanout to 64.
[STDERR  ] 2017-12-25T19:47:43.053703795Z: [    0.000000] 	RCU restricting CPUs from NR_CPUS=128 to nr_cpu_ids=1.
[STDERR  ] 2017-12-25T19:47:43.053712296Z: [    0.000000] RCU: Adjusting geometry for rcu_fanout_leaf=64, nr_cpu_ids=1
[STDERR  ] 2017-12-25T19:47:43.053721074Z: [    0.000000] NR_IRQS:8448 nr_irqs:256 16
[STDERR  ] 2017-12-25T19:47:43.053729317Z: [    0.000000] Console: colour VGA+ 80x25
[STDERR  ] 2017-12-25T19:47:43.05373741Z: [    0.000000] console [ttyS0] enabled
[STDERR  ] 2017-12-25T19:47:43.053745531Z: [    0.000000] clocksource: hpet: mask: 0xffffffff max_cycles: 0xffffffff, max_idle_ns: 19112604467 ns
[STDERR  ] 2017-12-25T19:47:43.053754389Z: [    0.000000] tsc: Fast TSC calibration using PIT
[STDERR  ] 2017-12-25T19:47:43.053762513Z: [    0.000000] tsc: Detected 2599.882 MHz processor
[STDERR  ] 2017-12-25T19:47:43.053770663Z: [    0.011558] Calibrating delay loop (skipped), value calculated using timer frequency.. 5199.76 BogoMIPS (lpj=25998820)
[STDERR  ] 2017-12-25T19:47:43.053779344Z: [    0.012483] pid_max: default: 32768 minimum: 301
[STDERR  ] 2017-12-25T19:47:43.053788247Z: [    0.020564] ACPI: Core revision 20160831
[STDERR  ] 2017-12-25T19:47:43.0537963Z: [    0.045377] ACPI: 1 ACPI AML tables successfully acquired and loaded
[STDERR  ] 2017-12-25T19:47:43.053804838Z: [    0.049603] Security Framework initialized
[STDERR  ] 2017-12-25T19:47:43.053813031Z: [    0.050195] Yama: becoming mindful.
[STDERR  ] 2017-12-25T19:47:43.053821057Z: [    0.052778] Mount-cache hash table entries: 2048 (order: 2, 16384 bytes)
[STDERR  ] 2017-12-25T19:47:43.053833867Z: [    0.053343] Mountpoint-cache hash table entries: 2048 (order: 2, 16384 bytes)
[STDERR  ] 2017-12-25T19:47:43.053842282Z: [    0.072900] Last level iTLB entries: 4KB 0, 2MB 0, 4MB 0
[STDERR  ] 2017-12-25T19:47:43.053850704Z: [    0.073354] Last level dTLB entries: 4KB 0, 2MB 0, 4MB 0, 1GB 0
[STDERR  ] 2017-12-25T19:47:43.053859611Z: [    0.394402] Freeing SMP alternatives memory: 20K
[STDERR  ] 2017-12-25T19:47:43.05386793Z: [    0.403536] ftrace: allocating 35540 entries in 139 pages
[STDERR  ] 2017-12-25T19:47:43.053876234Z: [    0.480386] smpboot: Max logical packages: 1
[STDERR  ] 2017-12-25T19:47:43.053884313Z: [    0.487636] ..TIMER: vector=0x30 apic1=0 pin1=2 apic2=-1 pin2=-1
[STDERR  ] 2017-12-25T19:47:43.053892463Z: [    0.590000] smpboot: CPU0: AMD QEMU Virtual CPU version 2.5+ (family: 0x6, model: 0x6, stepping: 0x3)
[STDERR  ] 2017-12-25T19:47:43.053903099Z: [    0.590000] Performance Events: PMU not available due to virtualization, using software events only.
[STDERR  ] 2017-12-25T19:47:43.053911381Z: [    0.597045] NMI watchdog: disabled (cpu0): hardware events not enabled
[STDERR  ] 2017-12-25T19:47:43.053919456Z: [    0.597486] NMI watchdog: Shutting down hard lockup detector on all cpus
[STDERR  ] 2017-12-25T19:47:43.053927681Z: [    0.601135] x86: Booted up 1 node, 1 CPUs
[STDERR  ] 2017-12-25T19:47:43.053936539Z: [    0.601470] smpboot: Total of 1 processors activated (5199.76 BogoMIPS)
[STDERR  ] 2017-12-25T19:47:43.053944741Z: [    0.615569] devtmpfs: initialized
[STDERR  ] 2017-12-25T19:47:43.05395285Z: [    0.621368] x86/mm: Memory block size: 128MB
[STDERR  ] 2017-12-25T19:47:43.05396991Z: [    0.645357] clocksource: jiffies: mask: 0xffffffff max_cycles: 0xffffffff, max_idle_ns: 19112604462750000 ns
[STDERR  ] 2017-12-25T19:47:43.053978622Z: [    0.646329] futex hash table entries: 256 (order: 2, 16384 bytes)
[STDERR  ] 2017-12-25T19:47:43.053988979Z: [    0.656253] NET: Registered protocol family 16
[STDERR  ] 2017-12-25T19:47:43.053997279Z: [    0.666101] cpuidle: using governor ladder
[STDERR  ] 2017-12-25T19:47:43.05400553Z: [    0.666530] cpuidle: using governor menu
[STDERR  ] 2017-12-25T19:47:43.054018769Z: [    0.667627] ACPI: bus type PCI registered
[STDERR  ] 2017-12-25T19:47:43.054027156Z: [    0.671106] PCI: MMCONFIG for domain 0000 [bus 00-ff] at [mem 0xb0000000-0xbfffffff] (base 0xb0000000)
[STDERR  ] 2017-12-25T19:47:43.05403538Z: [    0.671837] PCI: MMCONFIG at [mem 0xb0000000-0xbfffffff] reserved in E820
[STDERR  ] 2017-12-25T19:47:43.05404347Z: [    0.672662] PCI: Using configuration type 1 for base access
[STDERR  ] 2017-12-25T19:47:43.054052549Z: [    0.712194] HugeTLB registered 2 MB page size, pre-allocated 0 pages
[STDERR  ] 2017-12-25T19:47:43.054060813Z: [    0.722762] ACPI: Added _OSI(Module Device)
[STDERR  ] 2017-12-25T19:47:43.054071081Z: [    0.723122] ACPI: Added _OSI(Processor Device)
[STDERR  ] 2017-12-25T19:47:43.054079183Z: [    0.723370] ACPI: Added _OSI(3.0 _SCP Extensions)
[STDERR  ] 2017-12-25T19:47:43.054087635Z: [    0.723584] ACPI: Added _OSI(Processor Aggregator Device)
[STDERR  ] 2017-12-25T19:47:43.054096169Z: [    0.766975] ACPI: Interpreter enabled
[STDERR  ] 2017-12-25T19:47:43.054104487Z: [    0.770245] ACPI: (supports S0 S5)
[STDERR  ] 2017-12-25T19:47:43.054112555Z: [    0.770560] ACPI: Using IOAPIC for interrupt routing
[STDERR  ] 2017-12-25T19:47:43.054120757Z: [    0.772868] PCI: Using host bridge windows from ACPI; if necessary, use "pci=nocrs" and report a bug
[STDERR  ] 2017-12-25T19:47:43.054128984Z: [    0.815206] ACPI: PCI Root Bridge [PCI0] (domain 0000 [bus 00-ff])
[STDERR  ] 2017-12-25T19:47:43.054145251Z: [    0.816168] acpi PNP0A08:00: _OSC: OS supports [ExtendedConfig ASPM ClockPM Segments MSI]
[STDERR  ] 2017-12-25T19:47:43.054154259Z: [    0.821318] acpi PNP0A08:00: _OSC: OS now controls [PCIeHotplug PME PCIeCapability]
[STDERR  ] 2017-12-25T19:47:43.054163461Z: [    0.824764] PCI host bridge to bus 0000:00
[STDERR  ] 2017-12-25T19:47:43.054171739Z: [    0.825209] pci_bus 0000:00: root bus resource [io  0x0000-0x0cf7 window]
[STDERR  ] 2017-12-25T19:47:43.054185676Z: [    0.825583] pci_bus 0000:00: root bus resource [io  0x0d00-0xffff window]
[STDERR  ] 2017-12-25T19:47:43.054194048Z: [    0.825905] pci_bus 0000:00: root bus resource [mem 0x000a0000-0x000bffff window]
[STDERR  ] 2017-12-25T19:47:43.054202891Z: [    0.826190] pci_bus 0000:00: root bus resource [mem 0xc0000000-0xfebfffff window]
[STDERR  ] 2017-12-25T19:47:43.05421121Z: [    0.826717] pci_bus 0000:00: root bus resource [bus 00-ff]
[STDERR  ] 2017-12-25T19:47:43.054220119Z: [    0.992006] pci 0000:00:1f.0: quirk: [io  0x0600-0x067f] claimed by ICH6 ACPI/GPIO/TCO
[STDERR  ] 2017-12-25T19:47:43.054228893Z: [    1.087614] ACPI: PCI Interrupt Link [LNKA] (IRQs 5 *10 11)
[STDERR  ] 2017-12-25T19:47:43.054237863Z: [    1.090320] ACPI: PCI Interrupt Link [LNKB] (IRQs 5 *10 11)
[STDERR  ] 2017-12-25T19:47:43.054246146Z: [    1.091823] ACPI: PCI Interrupt Link [LNKC] (IRQs 5 10 *11)
[STDERR  ] 2017-12-25T19:47:43.054254903Z: [    1.093059] ACPI: PCI Interrupt Link [LNKD] (IRQs 5 10 *11)
[STDERR  ] 2017-12-25T19:47:43.054263334Z: [    1.094227] ACPI: PCI Interrupt Link [LNKE] (IRQs 5 *10 11)
[STDERR  ] 2017-12-25T19:47:43.054271492Z: [    1.095519] ACPI: PCI Interrupt Link [LNKF] (IRQs 5 *10 11)
[STDERR  ] 2017-12-25T19:47:43.054280288Z: [    1.096765] ACPI: PCI Interrupt Link [LNKG] (IRQs 5 10 *11)
[STDERR  ] 2017-12-25T19:47:43.054288499Z: [    1.098144] ACPI: PCI Interrupt Link [LNKH] (IRQs 5 10 *11)
[STDERR  ] 2017-12-25T19:47:43.054296696Z: [    1.098807] ACPI: PCI Interrupt Link [GSIA] (IRQs *16)
[STDERR  ] 2017-12-25T19:47:43.054305192Z: [    1.100081] ACPI: PCI Interrupt Link [GSIB] (IRQs *17)
[STDERR  ] 2017-12-25T19:47:43.054313603Z: [    1.100607] ACPI: PCI Interrupt Link [GSIC] (IRQs *18)
[STDERR  ] 2017-12-25T19:47:43.054322408Z: [    1.101087] ACPI: PCI Interrupt Link [GSID] (IRQs *19)
[STDERR  ] 2017-12-25T19:47:43.05433173Z: [    1.101580] ACPI: PCI Interrupt Link [GSIE] (IRQs *20)
[STDERR  ] 2017-12-25T19:47:43.054340544Z: [    1.102091] ACPI: PCI Interrupt Link [GSIF] (IRQs *21)
[STDERR  ] 2017-12-25T19:47:43.054351606Z: [    1.102605] ACPI: PCI Interrupt Link [GSIG] (IRQs *22)
[STDERR  ] 2017-12-25T19:47:43.054358671Z: [    1.103102] ACPI: PCI Interrupt Link [GSIH] (IRQs *23)
[STDERR  ] 2017-12-25T19:47:43.054364411Z: [    1.106162] ACPI: Enabled 1 GPEs in block 00 to 3F
[STDERR  ] 2017-12-25T19:47:43.05437039Z: [    1.111162] SCSI subsystem initialized
[STDERR  ] 2017-12-25T19:47:43.054376186Z: [    1.112967] ACPI: bus type USB registered
[STDERR  ] 2017-12-25T19:47:43.054381815Z: [    1.114004] usbcore: registered new interface driver usbfs
[STDERR  ] 2017-12-25T19:47:43.054387448Z: [    1.114812] usbcore: registered new interface driver hub
[STDERR  ] 2017-12-25T19:47:43.054393377Z: [    1.115541] usbcore: registered new device driver usb
[STDERR  ] 2017-12-25T19:47:43.054400713Z: [    1.116662] pps_core: LinuxPPS API ver. 1 registered
[STDERR  ] 2017-12-25T19:47:43.054409486Z: [    1.116930] pps_core: Software ver. 5.3.6 - Copyright 2005-2007 Rodolfo Giometti <giometti@linux.it>
[STDERR  ] 2017-12-25T19:47:43.054418341Z: [    1.117519] PTP clock support registered
[STDERR  ] 2017-12-25T19:47:43.054426855Z: [    1.118839] wmi: Mapper loaded
[STDERR  ] 2017-12-25T19:47:43.054435637Z: [    1.119839] PCI: Using ACPI for IRQ routing
[STDERR  ] 2017-12-25T19:47:43.054443695Z: [    1.133026] NetLabel: Initializing
[STDERR  ] 2017-12-25T19:47:43.054451937Z: [    1.133234] NetLabel:  domain hash size = 128
[STDERR  ] 2017-12-25T19:47:43.054460009Z: [    1.133618] NetLabel:  protocols = UNLABELED CIPSOv4
[STDERR  ] 2017-12-25T19:47:43.054468226Z: [    1.135405] NetLabel:  unlabeled traffic allowed by default
[STDERR  ] 2017-12-25T19:47:43.054476489Z: [    1.136395] HPET: 3 timers in total, 0 timers will be used for per-cpu timer
[STDERR  ] 2017-12-25T19:47:43.054484993Z: [    1.137150] hpet0: at MMIO 0xfed00000, IRQs 2, 8, 0
[STDERR  ] 2017-12-25T19:47:43.054493461Z: [    1.137537] hpet0: 3 comparators, 64-bit 100.000000 MHz counter
[STDERR  ] 2017-12-25T19:47:43.05450562Z: [    1.144059] clocksource: Switched to clocksource hpet
[STDERR  ] 2017-12-25T19:47:43.054513869Z: [    1.322675] VFS: Disk quotas dquot_6.6.0
[STDERR  ] 2017-12-25T19:47:43.054530063Z: [    1.323307] VFS: Dquot-cache hash table entries: 512 (order 0, 4096 bytes)
[STDERR  ] 2017-12-25T19:47:43.054541492Z: [    1.326562] FS-Cache: Loaded
[STDERR  ] 2017-12-25T19:47:43.054552223Z: [    1.333078] CacheFiles: Loaded
[STDERR  ] 2017-12-25T19:47:43.054562173Z: [    1.334998] pnp: PnP ACPI init
[STDERR  ] 2017-12-25T19:47:43.054571063Z: [    1.344298] pnp: PnP ACPI: found 5 devices
[STDERR  ] 2017-12-25T19:47:43.054579325Z: [    1.387011] clocksource: acpi_pm: mask: 0xffffff max_cycles: 0xffffff, max_idle_ns: 2085701024 ns
[STDERR  ] 2017-12-25T19:47:43.054588347Z: [    1.390447] NET: Registered protocol family 2
[STDERR  ] 2017-12-25T19:47:43.054601892Z: [    1.398110] TCP established hash table entries: 8192 (order: 4, 65536 bytes)
[STDERR  ] 2017-12-25T19:47:43.054610274Z: [    1.398968] TCP bind hash table entries: 8192 (order: 5, 131072 bytes)
[STDERR  ] 2017-12-25T19:47:43.054618783Z: [    1.399727] TCP: Hash tables configured (established 8192 bind 8192)
[STDERR  ] 2017-12-25T19:47:43.054627006Z: [    1.402179] UDP hash table entries: 512 (order: 2, 16384 bytes)
[STDERR  ] 2017-12-25T19:47:43.054635556Z: [    1.402736] UDP-Lite hash table entries: 512 (order: 2, 16384 bytes)
[STDERR  ] 2017-12-25T19:47:43.05464444Z: [    1.404949] NET: Registered protocol family 1
[STDERR  ] 2017-12-25T19:47:43.054652969Z: [    1.405949] pci 0000:00:01.0: Video device with shadowed ROM at [mem 0x000c0000-0x000dffff]
[STDERR  ] 2017-12-25T19:47:43.054661211Z: [    1.414145] Unpacking initramfs...
[STDERR  ] 2017-12-25T19:47:43.054668643Z: [    8.540075] Freeing initrd memory: 40796K
[STDERR  ] 2017-12-25T19:47:43.054674429Z: [    8.559687] PCLMULQDQ-NI instructions are not detected.
[STDERR  ] 2017-12-25T19:47:43.054680337Z: [    8.561345] AVX or AES-NI instructions are not detected.
[STDERR  ] 2017-12-25T19:47:43.054687443Z: [    8.561806] CPU feature 'AVX registers' is not supported.
[STDERR  ] 2017-12-25T19:47:43.054697082Z: [    8.562212] CPU feature 'AVX registers' is not supported.
[STDERR  ] 2017-12-25T19:47:43.054703149Z: [    8.562568] CPU feature 'AVX registers' is not supported.
[STDERR  ] 2017-12-25T19:47:43.05470904Z: [    8.562871] CPU feature 'AVX registers' is not supported.
[STDERR  ] 2017-12-25T19:47:43.054716479Z: [    8.563176] AVX2 or AES-NI instructions are not detected.
[STDERR  ] 2017-12-25T19:47:43.054725066Z: [    8.563449] AVX2 instructions are not detected.
[STDERR  ] 2017-12-25T19:47:43.054734132Z: [    8.568339] audit: initializing netlink subsys (disabled)
[STDERR  ] 2017-12-25T19:47:43.054742371Z: [    8.570006] audit: type=2000 audit(1514231218.560:1): initialized
[STDERR  ] 2017-12-25T19:47:43.054750808Z: [    8.576289] workingset: timestamp_bits=46 max_order=18 bucket_order=0
[STDERR  ] 2017-12-25T19:47:43.054759138Z: [    8.579559] squashfs: version 4.0 (2009/01/31) Phillip Lougher
[STDERR  ] 2017-12-25T19:47:43.054767483Z: [    8.586217] FS-Cache: Netfs 'cifs' registered for caching
[STDERR  ] 2017-12-25T19:47:43.054776413Z: [    8.587131] fuse init (API version 7.26)
[STDERR  ] 2017-12-25T19:47:43.054785228Z: [    8.589149] SGI XFS with ACLs, security attributes, no debug enabled
[STDERR  ] 2017-12-25T19:47:43.054793541Z: [    8.592835] 9p: Installing v9fs 9p2000 file system support
[STDERR  ] 2017-12-25T19:47:43.054804327Z: [    8.593403] FS-Cache: Netfs '9p' registered for caching
[STDERR  ] 2017-12-25T19:47:43.054812652Z: [    8.614867] NET: Registered protocol family 38
[STDERR  ] 2017-12-25T19:47:43.054823021Z: [    8.615421] Key type asymmetric registered
[STDERR  ] 2017-12-25T19:47:43.054831367Z: [    8.615791] Asymmetric key parser 'x509' registered
[STDERR  ] 2017-12-25T19:47:43.054839664Z: [    8.616669] Block layer SCSI generic (bsg) driver version 0.4 loaded (major 251)
[STDERR  ] 2017-12-25T19:47:43.054847792Z: [    8.618097] io scheduler noop registered
[STDERR  ] 2017-12-25T19:47:43.05486015Z: [    8.618388] io scheduler deadline registered (default)
[STDERR  ] 2017-12-25T19:47:43.054868285Z: [    8.619341] io scheduler cfq registered
[STDERR  ] 2017-12-25T19:47:43.054876631Z: [    8.622121] pci_hotplug: PCI Hot Plug PCI Core version: 0.5
[STDERR  ] 2017-12-25T19:47:43.054886211Z: [    8.622655] pciehp: PCI Express Hot Plug Controller Driver version: 0.4
[STDERR  ] 2017-12-25T19:47:43.05489462Z: [    8.623420] shpchp: Standard Hot Plug PCI Controller Driver version: 0.4
[STDERR  ] 2017-12-25T19:47:43.054902825Z: [    8.624243] hv_vmbus: registering driver hyperv_fb
[STDERR  ] 2017-12-25T19:47:43.054910929Z: [    8.626899] input: Power Button as /devices/LNXSYSTM:00/LNXPWRBN:00/input/input0
[STDERR  ] 2017-12-25T19:47:43.054919742Z: [    8.627975] ACPI: Power Button [PWRF]
[STDERR  ] 2017-12-25T19:47:43.05492776Z: [    8.633524] GHES: HEST is not enabled!
[STDERR  ] 2017-12-25T19:47:43.054936113Z: [    8.643231] ACPI: PCI Interrupt Link [GSIG] enabled at IRQ 22
[STDERR  ] 2017-12-25T19:47:43.054943901Z: [    8.652796] ACPI: PCI Interrupt Link [GSIH] enabled at IRQ 23
[STDERR  ] 2017-12-25T19:47:43.054951764Z: [    8.657311] xenfs: not registering filesystem on non-xen platform
[STDERR  ] 2017-12-25T19:47:43.054960576Z: [    8.659318] Serial: 8250/16550 driver, 4 ports, IRQ sharing disabled
[STDERR  ] 2017-12-25T19:47:43.054968902Z: [    8.683541] 00:04: ttyS0 at I/O 0x3f8 (irq = 4, base_baud = 115200) is a 16550A
[STDERR  ] 2017-12-25T19:47:43.054981487Z: [    8.694028] Non-volatile memory driver v1.3
[STDERR  ] 2017-12-25T19:47:43.054989825Z: [    8.701297] Hangcheck: starting hangcheck timer 0.9.1 (tick is 180 seconds, margin is 60 seconds).
[STDERR  ] 2017-12-25T19:47:43.054998785Z: [    8.706248] random: fast init done
[STDERR  ] 2017-12-25T19:47:43.05500715Z: [    8.707635] random: crng init done
[STDERR  ] 2017-12-25T19:47:43.055014328Z: [    8.734292] loop: module loaded
[STDERR  ] 2017-12-25T19:47:43.055020454Z: [    8.745939] nbd: registered device at major 43
[STDERR  ] 2017-12-25T19:47:43.055027553Z: [    8.780756] lpc_ich 0000:00:1f.0: I/O space for GPIO uninitialized
[STDERR  ] 2017-12-25T19:47:43.05504008Z: [    8.782633] VMware PVSCSI driver - version 1.0.7.0-k
[STDERR  ] 2017-12-25T19:47:43.055049697Z: [    8.783462] hv_vmbus: registering driver hv_storvsc
[STDERR  ] 2017-12-25T19:47:43.05505794Z: [    8.789520] ACPI: PCI Interrupt Link [GSIA] enabled at IRQ 16
[STDERR  ] 2017-12-25T19:47:43.055066788Z: [    8.797549] ahci 0000:00:1f.2: AHCI 0001.0000 32 slots 6 ports 1.5 Gbps 0x3f impl SATA mode
[STDERR  ] 2017-12-25T19:47:43.055073688Z: [    8.798247] ahci 0000:00:1f.2: flags: 64bit ncq only 
[STDERR  ] 2017-12-25T19:47:43.055079961Z: [    8.816133] scsi host0: ahci
[STDERR  ] 2017-12-25T19:47:43.055085824Z: [    8.820905] scsi host1: ahci
[STDERR  ] 2017-12-25T19:47:43.055094081Z: [    8.822776] scsi host2: ahci
[STDERR  ] 2017-12-25T19:47:43.055101931Z: [    8.824545] scsi host3: ahci
[STDERR  ] 2017-12-25T19:47:43.055121243Z: [    8.826269] scsi host4: ahci
[STDERR  ] 2017-12-25T19:47:43.055129913Z: [    8.827997] scsi host5: ahci
[STDERR  ] 2017-12-25T19:47:43.055138419Z: [    8.829563] ata1: SATA max UDMA/133 abar m4096@0xfebd2000 port 0xfebd2100 irq 24
[STDERR  ] 2017-12-25T19:47:43.055147049Z: [    8.830444] ata2: SATA max UDMA/133 abar m4096@0xfebd2000 port 0xfebd2180 irq 24
[STDERR  ] 2017-12-25T19:47:43.055156022Z: [    8.830775] ata3: SATA max UDMA/133 abar m4096@0xfebd2000 port 0xfebd2200 irq 24
[STDERR  ] 2017-12-25T19:47:43.055167305Z: [    8.831154] ata4: SATA max UDMA/133 abar m4096@0xfebd2000 port 0xfebd2280 irq 24
[STDERR  ] 2017-12-25T19:47:43.055176485Z: [    8.831462] ata5: SATA max UDMA/133 abar m4096@0xfebd2000 port 0xfebd2300 irq 24
[STDERR  ] 2017-12-25T19:47:43.055184546Z: [    8.831775] ata6: SATA max UDMA/133 abar m4096@0xfebd2000 port 0xfebd2380 irq 24
[STDERR  ] 2017-12-25T19:47:43.055192922Z: [    8.843003] tun: Universal TUN/TAP device driver, 1.6
[STDERR  ] 2017-12-25T19:47:43.055209017Z: [    8.843341] tun: (C) 1999-2004 Max Krasnyansky <maxk@qualcomm.com>
[STDERR  ] 2017-12-25T19:47:43.055217631Z: [    8.853630] VMware vmxnet3 virtual NIC driver - version 1.4.a.0-k-NAPI
[STDERR  ] 2017-12-25T19:47:43.055225876Z: [    8.854452] hv_vmbus: registering driver hv_netvsc
[STDERR  ] 2017-12-25T19:47:43.055234918Z: [    8.854688] Fusion MPT base driver 3.04.20
[STDERR  ] 2017-12-25T19:47:43.055243274Z: [    8.854906] Copyright (c) 1999-2008 LSI Corporation
[STDERR  ] 2017-12-25T19:47:43.055251589Z: [    8.855396] Fusion MPT SPI Host driver 3.04.20
[STDERR  ] 2017-12-25T19:47:43.055259735Z: [    8.857048] i8042: PNP: PS/2 Controller [PNP0303:KBD,PNP0f13:MOU] at 0x60,0x64 irq 1,12
[STDERR  ] 2017-12-25T19:47:43.055268387Z: [    8.861056] serio: i8042 KBD port at 0x60,0x64 irq 1
[STDERR  ] 2017-12-25T19:47:43.05527669Z: [    8.861738] serio: i8042 AUX port at 0x60,0x64 irq 12
[STDERR  ] 2017-12-25T19:47:43.05528489Z: [    8.864300] hv_vmbus: registering driver hyperv_keyboard
[STDERR  ] 2017-12-25T19:47:43.05529295Z: [    8.866189] mousedev: PS/2 mouse device common for all mice
[STDERR  ] 2017-12-25T19:47:43.055301374Z: [    8.871299] input: AT Translated Set 2 keyboard as /devices/platform/i8042/serio0/input/input1
[STDERR  ] 2017-12-25T19:47:43.055309848Z: [    8.873769] input: PC Speaker as /devices/platform/pcspkr/input/input2
[STDERR  ] 2017-12-25T19:47:43.055319352Z: [    8.876880] rtc_cmos 00:00: RTC can wake from S4
[STDERR  ] 2017-12-25T19:47:43.055327795Z: [    8.879893] rtc_cmos 00:00: rtc core: registered rtc_cmos as rtc0
[STDERR  ] 2017-12-25T19:47:43.055335233Z: [    8.881364] rtc_cmos 00:00: alarms up to one day, y3k, 114 bytes nvram, hpet irqs
[STDERR  ] 2017-12-25T19:47:43.055343193Z: [    8.882017] i2c /dev entries driver
[STDERR  ] 2017-12-25T19:47:43.055348843Z: [    8.883626] device-mapper: ioctl: 4.35.0-ioctl (2016-06-23) initialised: dm-devel@redhat.com
[STDERR  ] 2017-12-25T19:47:43.055354845Z: [    8.887458] usbcore: registered new interface driver usbhid
[STDERR  ] 2017-12-25T19:47:43.05536057Z: [    8.887633] usbhid: USB HID core driver
[STDERR  ] 2017-12-25T19:47:43.055366393Z: [    8.888217] hv_utils: Registering HyperV Utility Driver
[STDERR  ] 2017-12-25T19:47:43.055375514Z: [    8.888509] hv_vmbus: registering driver hv_util
[STDERR  ] 2017-12-25T19:47:43.055381289Z: [    8.888706] hv_vmbus: registering driver hv_balloon
[STDERR  ] 2017-12-25T19:47:43.05538869Z: [    8.889160] oprofile: using NMI interrupt.
[STDERR  ] 2017-12-25T19:47:43.055397195Z: [    8.890416] GACT probability on
[STDERR  ] 2017-12-25T19:47:43.055405988Z: [    8.890876] Mirror/redirect action on
[STDERR  ] 2017-12-25T19:47:43.055414128Z: [    8.891772] Simple TC action Loaded
[STDERR  ] 2017-12-25T19:47:43.055422323Z: [    8.892315] u32 classifier
[STDERR  ] 2017-12-25T19:47:43.055430626Z: [    8.892453]     Performance counters on
[STDERR  ] 2017-12-25T19:47:43.055441617Z: [    8.892656]     input device check on
[STDERR  ] 2017-12-25T19:47:43.055449756Z: [    8.892816]     Actions configured
[STDERR  ] 2017-12-25T19:47:43.055457867Z: [    8.893349] Netfilter messages via NETLINK v0.30.
[STDERR  ] 2017-12-25T19:47:43.055466063Z: [    8.893816] nfnl_acct: registering with nfnetlink.
[STDERR  ] 2017-12-25T19:47:43.055474883Z: [    8.895030] nf_conntrack version 0.5.0 (8192 buckets, 32768 max)
[STDERR  ] 2017-12-25T19:47:43.055484065Z: [    8.898119] ctnetlink v0.93: registering with nfnetlink.
[STDERR  ] 2017-12-25T19:47:43.055492432Z: [    8.901207] nf_tables: (c) 2007-2009 Patrick McHardy <kaber@trash.net>
[STDERR  ] 2017-12-25T19:47:43.055501814Z: [    8.901997] nf_tables_compat: (c) 2012 Pablo Neira Ayuso <pablo@netfilter.org>
[STDERR  ] 2017-12-25T19:47:43.055510362Z: [    8.904118] xt_time: kernel timezone is -0000
[STDERR  ] 2017-12-25T19:47:43.055518704Z: [    8.904626] ip_set: protocol 6
[STDERR  ] 2017-12-25T19:47:43.055526736Z: [    8.905260] IPVS: Registered protocols (TCP, UDP, SCTP, AH, ESP)
[STDERR  ] 2017-12-25T19:47:43.055534888Z: [    8.905837] IPVS: Connection hash table configured (size=4096, memory=64Kbytes)
[STDERR  ] 2017-12-25T19:47:43.055547978Z: [    8.907451] IPVS: Creating netns size=2104 id=0
[STDERR  ] 2017-12-25T19:47:43.055557003Z: [    8.909934] IPVS: ipvs loaded.
[STDERR  ] 2017-12-25T19:47:43.055565776Z: [    8.910865] IPVS: [rr] scheduler registered.
[STDERR  ] 2017-12-25T19:47:43.055573719Z: [    8.911263] IPVS: [wrr] scheduler registered.
[STDERR  ] 2017-12-25T19:47:43.055581979Z: [    8.911524] IPVS: [lc] scheduler registered.
[STDERR  ] 2017-12-25T19:47:43.055590313Z: [    8.911757] IPVS: [wlc] scheduler registered.
[STDERR  ] 2017-12-25T19:47:43.055604846Z: [    8.911988] IPVS: [fo] scheduler registered.
[STDERR  ] 2017-12-25T19:47:43.055613014Z: [    8.912193] IPVS: [ovf] scheduler registered.
[STDERR  ] 2017-12-25T19:47:43.055621065Z: [    8.912758] IPVS: [lblc] scheduler registered.
[STDERR  ] 2017-12-25T19:47:43.055629785Z: [    8.913182] IPVS: [lblcr] scheduler registered.
[STDERR  ] 2017-12-25T19:47:43.055638317Z: [    8.913471] IPVS: [dh] scheduler registered.
[STDERR  ] 2017-12-25T19:47:43.05564662Z: [    8.913733] IPVS: [sh] scheduler registered.
[STDERR  ] 2017-12-25T19:47:43.055657764Z: [    8.913967] IPVS: [sed] scheduler registered.
[STDERR  ] 2017-12-25T19:47:43.055666009Z: [    8.914199] IPVS: [nq] scheduler registered.
[STDERR  ] 2017-12-25T19:47:43.055674236Z: [    8.914950] IPVS: ftp: loaded support on port[0] = 21
[STDERR  ] 2017-12-25T19:47:43.055682406Z: [    8.915824] ipip: IPv4 and MPLS over IPv4 tunneling driver
[STDERR  ] 2017-12-25T19:47:43.055691701Z: [    8.919481] gre: GRE over IPv4 demultiplexor driver
[STDERR  ] 2017-12-25T19:47:43.055700134Z: [    8.922566] ip_tables: (C) 2000-2006 Netfilter Core Team
[STDERR  ] 2017-12-25T19:47:43.055708661Z: [    8.925592] ipt_CLUSTERIP: ClusterIP Version 0.8 loaded successfully
[STDERR  ] 2017-12-25T19:47:43.055724552Z: [    8.926278] arp_tables: arp_tables: (C) 2002 David S. Miller
[STDERR  ] 2017-12-25T19:47:43.05573373Z: [    8.928476] NET: Registered protocol family 10
[STDERR  ] 2017-12-25T19:47:43.055741992Z: [    8.939580] ip6_tables: (C) 2000-2006 Netfilter Core Team
[STDERR  ] 2017-12-25T19:47:43.055750988Z: [    8.948649] NET: Registered protocol family 17
[STDERR  ] 2017-12-25T19:47:43.055763193Z: [    8.949968] Bridge firewalling registered
[STDERR  ] 2017-12-25T19:47:43.055772689Z: [    8.951083] Ebtables v2.0 registered
[STDERR  ] 2017-12-25T19:47:43.05578375Z: [    8.952984] 8021q: 802.1Q VLAN Support v1.8
[STDERR  ] 2017-12-25T19:47:43.055792134Z: [    8.954492] 9pnet: Installing 9P2000 support
[STDERR  ] 2017-12-25T19:47:43.055800222Z: [    8.955984] Key type dns_resolver registered
[STDERR  ] 2017-12-25T19:47:43.055809747Z: [    8.956909] microcode: AMD CPU family 0x6 not supported
[STDERR  ] 2017-12-25T19:47:43.055820143Z: [    8.960750] registered taskstats version 1
[STDERR  ] 2017-12-25T19:47:43.055828882Z: [    9.118851] Key type big_key registered
[STDERR  ] 2017-12-25T19:47:43.055836401Z: [    9.163950] ata2: SATA link up 1.5 Gbps (SStatus 113 SControl 300)
[STDERR  ] 2017-12-25T19:47:43.055845446Z: [    9.169641] ata2.00: ATA-7: QEMU HARDDISK, 2.5+, max UDMA/100
[STDERR  ] 2017-12-25T19:47:43.055853726Z: [    9.170400] ata2.00: 1048576 sectors, multi 16: LBA48 NCQ (depth 31/32)
[STDERR  ] 2017-12-25T19:47:43.055862918Z: [    9.170955] ata2.00: applying bridge limits
[STDERR  ] 2017-12-25T19:47:43.055871444Z: [    9.172298] ata1: SATA link up 1.5 Gbps (SStatus 113 SControl 300)
[STDERR  ] 2017-12-25T19:47:43.055880152Z: [    9.172811] ata1.00: ATA-7: QEMU HARDDISK, 2.5+, max UDMA/100
[STDERR  ] 2017-12-25T19:47:43.055888876Z: [    9.173121] ata1.00: 1048576 sectors, multi 16: LBA48 NCQ (depth 31/32)
[STDERR  ] 2017-12-25T19:47:43.05589731Z: [    9.173419] ata1.00: applying bridge limits
[STDERR  ] 2017-12-25T19:47:43.055908813Z: [    9.174285] ata1.00: configured for UDMA/100
[STDERR  ] 2017-12-25T19:47:43.055916935Z: [    9.177062] ata3: SATA link up 1.5 Gbps (SStatus 113 SControl 300)
[STDERR  ] 2017-12-25T19:47:43.055925163Z: [    9.178059] ata3.00: ATAPI: QEMU DVD-ROM, 2.5+, max UDMA/100
[STDERR  ] 2017-12-25T19:47:43.055938019Z: [    9.178387] ata3.00: applying bridge limits
[STDERR  ] 2017-12-25T19:47:43.05594645Z: [    9.178880] ata3.00: configured for UDMA/100
[STDERR  ] 2017-12-25T19:47:43.055954676Z: [    9.180707] ata4: SATA link down (SStatus 0 SControl 300)
[STDERR  ] 2017-12-25T19:47:43.05596299Z: [    9.181279] ata5: SATA link down (SStatus 0 SControl 300)
[STDERR  ] 2017-12-25T19:47:43.055971232Z: [    9.182056] ata6: SATA link down (SStatus 0 SControl 300)
[STDERR  ] 2017-12-25T19:47:43.055980186Z: [    9.198458] ata2.00: configured for UDMA/100
[STDERR  ] 2017-12-25T19:47:43.055988661Z: [    9.201296] scsi 0:0:0:0: Direct-Access     ATA      QEMU HARDDISK    2.5+ PQ: 0 ANSI: 5
[STDERR  ] 2017-12-25T19:47:43.055997202Z: [    9.212259] sd 0:0:0:0: [sda] 1048576 512-byte logical blocks: (537 MB/512 MiB)
[STDERR  ] 2017-12-25T19:47:43.056005957Z: [    9.217094] sd 0:0:0:0: [sda] Write Protect is off
[STDERR  ] 2017-12-25T19:47:43.056014957Z: [    9.219741] sd 0:0:0:0: Attached scsi generic sg0 type 0
[STDERR  ] 2017-12-25T19:47:43.056023588Z: [    9.220694] sd 0:0:0:0: [sda] Write cache: enabled, read cache: enabled, doesn't support DPO or FUA
[STDERR  ] 2017-12-25T19:47:43.056032388Z: [    9.234248] scsi 1:0:0:0: Direct-Access     ATA      QEMU HARDDISK    2.5+ PQ: 0 ANSI: 5
[STDERR  ] 2017-12-25T19:47:43.056043405Z: [    9.237897] sd 1:0:0:0: [sdb] 1048576 512-byte logical blocks: (537 MB/512 MiB)
[STDERR  ] 2017-12-25T19:47:43.056052508Z: [    9.241260] sd 1:0:0:0: Attached scsi generic sg1 type 0
[STDERR  ] 2017-12-25T19:47:43.056061071Z: [    9.242647] sd 1:0:0:0: [sdb] Write Protect is off
[STDERR  ] 2017-12-25T19:47:43.05606928Z: [    9.243413] sd 1:0:0:0: [sdb] Write cache: enabled, read cache: enabled, doesn't support DPO or FUA
[STDERR  ] 2017-12-25T19:47:43.05607754Z: [    9.249186] scsi 2:0:0:0: CD-ROM            QEMU     QEMU DVD-ROM     2.5+ PQ: 0 ANSI: 5
[STDERR  ] 2017-12-25T19:47:43.056085811Z: [    9.273187] sr 2:0:0:0: [sr0] scsi3-mmc drive: 4x/4x cd/rw xa/form2 tray
[STDERR  ] 2017-12-25T19:47:43.056094147Z: [    9.273846] cdrom: Uniform CD-ROM driver Revision: 3.20
[STDERR  ] 2017-12-25T19:47:43.056106323Z: [    9.286486] sr 2:0:0:0: Attached scsi generic sg2 type 5
[STDERR  ] 2017-12-25T19:47:43.056115121Z: [    9.292658] sd 0:0:0:0: [sda] Attached SCSI disk
[STDERR  ] 2017-12-25T19:47:43.056123497Z: [    9.293061] sd 1:0:0:0: [sdb] Attached SCSI disk
[STDERR  ] 2017-12-25T19:47:43.056132057Z: [    9.329453] Key type encrypted registered
[STDERR  ] 2017-12-25T19:47:43.056140353Z: [    9.335224] rtc_cmos 00:00: setting system clock to 2017-12-25 19:46:59 UTC (1514231219)
[STDERR  ] 2017-12-25T19:47:43.056148539Z: [    9.470488] Freeing unused kernel memory: 1380K
[STDERR  ] 2017-12-25T19:47:43.05615667Z: [    9.470826] Write protecting the kernel read-only data: 12288k
[STDERR  ] 2017-12-25T19:47:43.056164911Z: [    9.475185] Freeing unused kernel memory: 128K
[STDERR  ] 2017-12-25T19:47:43.056172928Z: [    9.534687] Freeing unused kernel memory: 1396K
[STDERR  ] 2017-12-25T19:47:43.056190068Z: [    9.600631] tsc: Refined TSC clocksource calibration: 2599.888 MHz
[STDERR  ] 2017-12-25T19:47:43.056198365Z: [    9.601130] clocksource: tsc: mask: 0xffffffffffffffff max_cycles: 0x2579d2958cf, max_idle_ns: 440795316906 ns
[STDERR  ] 2017-12-25T19:47:43.056207166Z: [   10.619606] clocksource: Switched to clocksource tsc
[STDERR  ] 2017-12-25T19:47:43.056215331Z: 
[STDERR  ] 2017-12-25T19:47:43.056224235Z: Welcome to LinuxKit
[STDERR  ] 2017-12-25T19:47:43.05623235Z: 
[STDERR  ] 2017-12-25T19:47:43.056240704Z:                         ##         .
[STDERR  ] 2017-12-25T19:47:43.056251709Z:                   ## ## ##        ==
[STDERR  ] 2017-12-25T19:47:43.056259738Z:                ## ## ## ## ##    ===
[STDERR  ] 2017-12-25T19:47:43.056269009Z:            /"""""""""""""""""\___/ ===
[STDERR  ] 2017-12-25T19:47:43.056277332Z:           {                       /  ===-
[STDERR  ] 2017-12-25T19:47:43.056285905Z:            \______ O           __/
[STDERR  ] 2017-12-25T19:47:43.056298903Z:              \    \         __/
[STDERR  ] 2017-12-25T19:47:43.056307157Z:               \____\_______/
[STDERR  ] 2017-12-25T19:47:43.056315155Z: 
[STDERR  ] 2017-12-25T19:47:43.056323349Z: [   24.804562] IPVS: Creating netns size=2104 id=1
[STDERR  ] 2017-12-25T19:47:43.056334005Z: [   24.804943] IPVS: ftp: loaded support on port[0] = 21
[STDERR  ] 2017-12-25T19:47:43.056342137Z: 2017/12/25 19:47:15 Creating partition on /dev/sda
[STDERR  ] 2017-12-25T19:47:43.056350239Z: [   26.025385]  sda:
[STDERR  ] 2017-12-25T19:47:43.056359218Z: [   26.097000]  sda:
[STDERR  ] 2017-12-25T19:47:43.056367404Z: [   26.156660]  sda: sda1
[STDERR  ] 2017-12-25T19:47:43.056375497Z: [   26.220903]  sda: sda1
[STDERR  ] 2017-12-25T19:47:43.056383636Z: 2017/12/25 19:47:18 Partition /dev/sda1 successfully created!
[STDERR  ] 2017-12-25T19:47:43.056401499Z: [   28.572056] IPVS: Creating netns size=2104 id=2
[STDERR  ] 2017-12-25T19:47:43.056420068Z: [   28.572312] IPVS: ftp: loaded support on port[0] = 21
[STDERR  ] 2017-12-25T19:47:43.056427957Z: 2017/12/25 19:47:19 /dev/sda has content. blkid returned: /dev/sda: PTUUID="ad67455a" PTTYPE="dos"
[STDERR  ] 2017-12-25T19:47:43.056436509Z: 2017/12/25 19:47:19 Creating partition on /dev/sdb
[STDERR  ] 2017-12-25T19:47:43.056444212Z: [   29.712879]  sdb:
[STDERR  ] 2017-12-25T19:47:43.056461363Z: [   29.779209]  sdb:
[STDERR  ] 2017-12-25T19:47:43.05646938Z: [   29.837764]  sdb: sdb1
[STDERR  ] 2017-12-25T19:47:43.056477014Z: [   29.900810]  sdb: sdb1
[STDERR  ] 2017-12-25T19:47:43.056485101Z: 2017/12/25 19:47:21 Partition /dev/sdb1 successfully created!
[STDERR  ] 2017-12-25T19:47:43.056493489Z: [   32.695672] IPVS: Creating netns size=2104 id=3
[STDERR  ] 2017-12-25T19:47:43.056501787Z: [   32.695912] IPVS: ftp: loaded support on port[0] = 21
[STDERR  ] 2017-12-25T19:47:43.056510839Z: [   34.012402] EXT4-fs (sda1): couldn't mount as ext3 due to feature incompatibilities
[STDERR  ] 2017-12-25T19:47:43.056519529Z: [   34.020511] EXT4-fs (sda1): couldn't mount as ext2 due to feature incompatibilities
[STDERR  ] 2017-12-25T19:47:43.056527896Z: [   34.048621] EXT4-fs (sda1): mounted filesystem with ordered data mode. Opts: (null)
[STDERR  ] 2017-12-25T19:47:43.056540113Z: [   36.179748] IPVS: Creating netns size=2104 id=4
[STDERR  ] 2017-12-25T19:47:43.056548644Z: [   36.182528] IPVS: ftp: loaded support on port[0] = 21
[STDERR  ] 2017-12-25T19:47:43.056556816Z: [   37.680056] EXT4-fs (sdb1): couldn't mount as ext3 due to feature incompatibilities
[STDERR  ] 2017-12-25T19:47:43.056565093Z: [   37.688658] EXT4-fs (sdb1): couldn't mount as ext2 due to feature incompatibilities
[STDERR  ] 2017-12-25T19:47:43.056573111Z: [   37.715108] EXT4-fs (sdb1): mounted filesystem with ordered data mode. Opts: (null)
[STDERR  ] 2017-12-25T19:47:43.056581598Z: 2017/12/25 19:47:28 Failed to create "symlink ../../sda1 /dev/disk/by-uuid/3d757f75-c84b-40f2-8d6a-f74ce8e2dae3: file exists": %!v(MISSING)
[STDERR  ] 2017-12-25T19:47:43.056591108Z: 2017/12/25 19:47:28 Failed to create "symlink ../../sdb1 /dev/disk/by-uuid/f35563ec-6408-4a50-9549-3dff74270e45: file exists": %!v(MISSING)
[STDERR  ] 2017-12-25T19:47:43.056605965Z: format_mount test suite PASSED
[STDERR  ] 2017-12-25T19:47:43.056614522Z: [   51.453729] sd 1:0:0:0: [sdb] Synchronizing SCSI cache
[STDERR  ] 2017-12-25T19:47:43.056622689Z: [   51.455021] sd 1:0:0:0: [sdb] Stopping disk
[STDERR  ] 2017-12-25T19:47:43.056630927Z: [   51.455757] sd 0:0:0:0: [sda] Synchronizing SCSI cache
[STDERR  ] 2017-12-25T19:47:43.05663928Z: [   51.459032] sd 0:0:0:0: [sda] Stopping disk
[STDERR  ] 2017-12-25T19:47:43.056647604Z: [   51.463120] ACPI: Preparing to enter system sleep state S5
[STDERR  ] 2017-12-25T19:47:43.056656484Z: [   51.466164] reboot: Power down
[STDERR  ] 2017-12-25T19:47:43.056665781Z: + echo [    0.000000] Linux version 4.9.70-linuxkit (root@76d0ab89f7bc) (gcc version 6.4.0 (Alpine 6.4.0) ) #1 SMP Mon Dec 18 14:18:58 UTC 2017
[STDERR  ] 2017-12-25T19:47:43.056674588Z: [    0.000000] Command line: console=ttyS0 console=ttyAMA0
[STDERR  ] 2017-12-25T19:47:43.056686846Z: [    0.000000] x86/fpu: Legacy x87 FPU detected.
[STDERR  ] 2017-12-25T19:47:43.056695195Z: [    0.000000] x86/fpu: Using 'eager' FPU context switches.
[STDERR  ] 2017-12-25T19:47:43.056706316Z: [    0.000000] e820: BIOS-provided physical RAM map:
[STDERR  ] 2017-12-25T19:47:43.056714773Z: [    0.000000] BIOS-e820: [mem 0x0000000000000000-0x000000000009fbff] usable
[STDERR  ] 2017-12-25T19:47:43.056723136Z: [    0.000000] BIOS-e820: [mem 0x000000000009fc00-0x000000000009ffff] reserved
[STDERR  ] 2017-12-25T19:47:43.056731558Z: [    0.000000] BIOS-e820: [mem 0x00000000000f0000-0x00000000000fffff] reserved
[STDERR  ] 2017-12-25T19:47:43.056740773Z: [    0.000000] BIOS-e820: [mem 0x0000000000100000-0x000000003ffddfff] usable
[STDERR  ] 2017-12-25T19:47:43.056749779Z: [    0.000000] BIOS-e820: [mem 0x000000003ffde000-0x000000003fffffff] reserved
[STDERR  ] 2017-12-25T19:47:43.05675941Z: [    0.000000] BIOS-e820: [mem 0x00000000b0000000-0x00000000bfffffff] reserved
[STDERR  ] 2017-12-25T19:47:43.056767774Z: [    0.000000] BIOS-e820: [mem 0x00000000fed1c000-0x00000000fed1ffff] reserved
[STDERR  ] 2017-12-25T19:47:43.056776053Z: [    0.000000] BIOS-e820: [mem 0x00000000fffc0000-0x00000000ffffffff] reserved
[STDERR  ] 2017-12-25T19:47:43.056784489Z: [    0.000000] NX (Execute Disable) protection: active
[STDERR  ] 2017-12-25T19:47:43.05679282Z: [    0.000000] SMBIOS 2.8 present.
[STDERR  ] 2017-12-25T19:47:43.056801835Z: [    0.000000] e820: last_pfn = 0x3ffde max_arch_pfn = 0x400000000
[STDERR  ] 2017-12-25T19:47:43.056809962Z: [    0.000000] x86/PAT: Configuration [0-7]: WB  WC  UC- UC  WB  WC  UC- WT  
[STDERR  ] 2017-12-25T19:47:43.056828765Z: [    0.000000] found SMP MP-table at [mem 0x000f6aa0-0x000f6aaf] mapped at [ffff89ebc00f6aa0]
[STDERR  ] 2017-12-25T19:47:43.056839262Z: [    0.000000] RAMDISK: [mem 0x3d7f9000-0x3ffcffff]
[STDERR  ] 2017-12-25T19:47:43.056848046Z: [    0.000000] ACPI: Early table checksum verification disabled
[STDERR  ] 2017-12-25T19:47:43.05685965Z: [    0.000000] ACPI: RSDP 0x00000000000F68B0 000014 (v00 BOCHS )
[STDERR  ] 2017-12-25T19:47:43.05686784Z: [    0.000000] ACPI: RSDT 0x000000003FFE20A8 000034 (v01 BOCHS  BXPCRSDT 00000001 BXPC 00000001)
[STDERR  ] 2017-12-25T19:47:43.056880205Z: [    0.000000] ACPI: FACP 0x000000003FFE1EC8 0000F4 (v03 BOCHS  BXPCFACP 00000001 BXPC 00000001)
[STDERR  ] 2017-12-25T19:47:43.056888809Z: [    0.000000] ACPI: DSDT 0x000000003FFE0040 001E88 (v01 BOCHS  BXPCDSDT 00000001 BXPC 00000001)
[STDERR  ] 2017-12-25T19:47:43.056900311Z: [    0.000000] ACPI: FACS 0x000000003FFE0000 000040
[STDERR  ] 2017-12-25T19:47:43.056908779Z: [    0.000000] ACPI: APIC 0x000000003FFE1FBC 000078 (v01 BOCHS  BXPCAPIC 00000001 BXPC 00000001)
[STDERR  ] 2017-12-25T19:47:43.056917376Z: [    0.000000] ACPI: HPET 0x000000003FFE2034 000038 (v01 BOCHS  BXPCHPET 00000001 BXPC 00000001)
[STDERR  ] 2017-12-25T19:47:43.056925519Z: [    0.000000] ACPI: MCFG 0x000000003FFE206C 00003C (v01 BOCHS  BXPCMCFG 00000001 BXPC 00000001)
[STDERR  ] 2017-12-25T19:47:43.056933922Z: [    0.000000] Zone ranges:
[STDERR  ] 2017-12-25T19:47:43.056942083Z: [    0.000000]   DMA      [mem 0x0000000000001000-0x0000000000ffffff]
[STDERR  ] 2017-12-25T19:47:43.056956582Z: [    0.000000]   DMA32    [mem 0x0000000001000000-0x000000003ffddfff]
[STDERR  ] 2017-12-25T19:47:43.056966383Z: [    0.000000]   Normal   empty
[STDERR  ] 2017-12-25T19:47:43.056975341Z: [    0.000000] Movable zone start for each node
[STDERR  ] 2017-12-25T19:47:43.056983673Z: [    0.000000] Early memory node ranges
[STDERR  ] 2017-12-25T19:47:43.05699242Z: [    0.000000]   node   0: [mem 0x0000000000001000-0x000000000009efff]
[STDERR  ] 2017-12-25T19:47:43.057001348Z: [    0.000000]   node   0: [mem 0x0000000000100000-0x000000003ffddfff]
[STDERR  ] 2017-12-25T19:47:43.057010523Z: [    0.000000] Initmem setup node 0 [mem 0x0000000000001000-0x000000003ffddfff]
[STDERR  ] 2017-12-25T19:47:43.057018598Z: [    0.000000] ACPI: PM-Timer IO Port: 0x608
[STDERR  ] 2017-12-25T19:47:43.0570271Z: [    0.000000] ACPI: LAPIC_NMI (acpi_id[0xff] dfl dfl lint[0x1])
[STDERR  ] 2017-12-25T19:47:43.057043361Z: [    0.000000] IOAPIC[0]: apic_id 0, version 32, address 0xfec00000, GSI 0-23
[STDERR  ] 2017-12-25T19:47:43.057051443Z: [    0.000000] ACPI: INT_SRC_OVR (bus 0 bus_irq 0 global_irq 2 dfl dfl)
[STDERR  ] 2017-12-25T19:47:43.057059974Z: [    0.000000] ACPI: INT_SRC_OVR (bus 0 bus_irq 5 global_irq 5 high level)
[STDERR  ] 2017-12-25T19:47:43.057070151Z: [    0.000000] ACPI: INT_SRC_OVR (bus 0 bus_irq 9 global_irq 9 high level)
[STDERR  ] 2017-12-25T19:47:43.057079902Z: [    0.000000] ACPI: INT_SRC_OVR (bus 0 bus_irq 10 global_irq 10 high level)
[STDERR  ] 2017-12-25T19:47:43.057088492Z: [    0.000000] ACPI: INT_SRC_OVR (bus 0 bus_irq 11 global_irq 11 high level)
[STDERR  ] 2017-12-25T19:47:43.057097645Z: [    0.000000] Using ACPI (MADT) for SMP configuration information
[STDERR  ] 2017-12-25T19:47:43.057106393Z: [    0.000000] ACPI: HPET id: 0x8086a201 base: 0xfed00000
[STDERR  ] 2017-12-25T19:47:43.057114956Z: [    0.000000] smpboot: Allowing 1 CPUs, 0 hotplug CPUs
[STDERR  ] 2017-12-25T19:47:43.057123369Z: [    0.000000] e820: [mem 0x40000000-0xafffffff] available for PCI devices
[STDERR  ] 2017-12-25T19:47:43.057132659Z: [    0.000000] Booting paravirtualized kernel on bare hardware
[STDERR  ] 2017-12-25T19:47:43.057141143Z: [    0.000000] clocksource: refined-jiffies: mask: 0xffffffff max_cycles: 0xffffffff, max_idle_ns: 19112604462750000 ns
[STDERR  ] 2017-12-25T19:47:43.057150996Z: [    0.000000] setup_percpu: NR_CPUS:128 nr_cpumask_bits:128 nr_cpu_ids:1 nr_node_ids:1
[STDERR  ] 2017-12-25T19:47:43.057160583Z: [    0.000000] percpu: Embedded 35 pages/cpu @ffff89ebfd400000 s105048 r8192 d30120 u2097152
[STDERR  ] 2017-12-25T19:47:43.057168631Z: [    0.000000] Built 1 zonelists in Zone order, mobility grouping on.  Total pages: 257895
[STDERR  ] 2017-12-25T19:47:43.057177475Z: [    0.000000] Kernel command line: console=ttyS0 console=ttyAMA0
[STDERR  ] 2017-12-25T19:47:43.057186202Z: [    0.000000] PID hash table entries: 4096 (order: 3, 32768 bytes)
[STDERR  ] 2017-12-25T19:47:43.057195328Z: [    0.000000] Dentry cache hash table entries: 131072 (order: 8, 1048576 bytes)
[STDERR  ] 2017-12-25T19:47:43.057210061Z: [    0.000000] Inode-cache hash table entries: 65536 (order: 7, 524288 bytes)
[STDERR  ] 2017-12-25T19:47:43.057219996Z: [    0.000000] Memory: 973372K/1048048K available (8048K kernel code, 1367K rwdata, 2700K rodata, 1380K init, 568K bss, 74676K reserved, 0K cma-reserved)
[STDERR  ] 2017-12-25T19:47:43.057229772Z: [    0.000000] Hierarchical RCU implementation.
[STDERR  ] 2017-12-25T19:47:43.05723959Z: [    0.000000] 	Build-time adjustment of leaf fanout to 64.
[STDERR  ] 2017-12-25T19:47:43.057248192Z: [    0.000000] 	RCU restricting CPUs from NR_CPUS=128 to nr_cpu_ids=1.
[STDERR  ] 2017-12-25T19:47:43.057256406Z: [    0.000000] RCU: Adjusting geometry for rcu_fanout_leaf=64, nr_cpu_ids=1
[STDERR  ] 2017-12-25T19:47:43.05726486Z: [    0.000000] NR_IRQS:8448 nr_irqs:256 16
[STDERR  ] 2017-12-25T19:47:43.057273937Z: [    0.000000] Console: colour VGA+ 80x25
[STDERR  ] 2017-12-25T19:47:43.057286471Z: [    0.000000] console [ttyS0] enabled
[STDERR  ] 2017-12-25T19:47:43.057294969Z: [    0.000000] clocksource: hpet: mask: 0xffffffff max_cycles: 0xffffffff, max_idle_ns: 19112604467 ns
[STDERR  ] 2017-12-25T19:47:43.057304457Z: [    0.000000] tsc: Fast TSC calibration using PIT
[STDERR  ] 2017-12-25T19:47:43.057313255Z: [    0.000000] tsc: Detected 2599.882 MHz processor
[STDERR  ] 2017-12-25T19:47:43.057321828Z: [    0.011558] Calibrating delay loop (skipped), value calculated using timer frequency.. 5199.76 BogoMIPS (lpj=25998820)
[STDERR  ] 2017-12-25T19:47:43.057331938Z: [    0.012483] pid_max: default: 32768 minimum: 301
