[INFO    ] 2017-11-09T11:15:49.317318196Z: Running Test linuxkit.packages.format_mount.by_device_force in /tmp/build/test/cases/040_packages/006_format_mount/005_by_device_force
[INFO    ] 2017-11-09T11:15:49.317485378Z: Running command: [/bin/sh -x /tmp/build/test/cases/040_packages/006_format_mount/005_by_device_force/test.sh]
[STDERR  ] 2017-11-09T11:15:49.345686708Z: + set -e
[STDERR  ] 2017-11-09T11:15:49.345783904Z: + . /tmp/build/test/cases/_lib/lib.sh
[STDERR  ] 2017-11-09T11:15:49.345794866Z: + [ -f src/github.com/linuxkit/rtf/lib/lib.sh ]
[STDERR  ] 2017-11-09T11:15:49.345804528Z: + LINUXKIT_TMPDIR=/tmp/build/test/cases/_tmp
[STDERR  ] 2017-11-09T11:15:49.345814402Z: + [ -f /tmp/build/test/cases/_tmp/env.sh ]
[STDERR  ] 2017-11-09T11:15:49.345829502Z: + . /tmp/build/test/cases/_tmp/env.sh
[STDERR  ] 2017-11-09T11:15:49.345840797Z: + export LINUXKIT_EXAMPLES_DIR=/tmp/build/test/cases/../../examples
[STDERR  ] 2017-11-09T11:15:49.345865975Z: + export LINUXKIT_BLUEPRINTS_DIR=/tmp/build/test/cases/../../blueprints
[STDERR  ] 2017-11-09T11:15:49.345876328Z: + RT_CANCEL=253
[STDERR  ] 2017-11-09T11:15:49.345884571Z: + NAME=test-format
[STDERR  ] 2017-11-09T11:15:49.345895139Z: + DISK1=disk1.img
[STDERR  ] 2017-11-09T11:15:49.345904628Z: + DISK2=disk2.img
[STDERR  ] 2017-11-09T11:15:49.345914325Z: + trap clean_up EXIT
[STDERR  ] 2017-11-09T11:15:49.345923376Z: + moby build -format kernel+initrd -name test-format test.yml
[STDERR  ] 2017-11-09T11:15:49.374422365Z: Extract kernel image: linuxkit/kernel:4.9.51
[STDERR  ] 2017-11-09T11:15:50.623041253Z: Pull image: docker.io/linuxkit/kernel:4.9.51@sha256:ccb086aa7796a25e96d0f059be97ece643c58d5d2dd04cbfc57e05b88b2446ec
[STDERR  ] 2017-11-09T11:16:01.169062234Z: Add init containers:
[STDERR  ] 2017-11-09T11:16:01.16912727Z: Process init image: linuxkit/init:42a92119e1ca10380e0d33e26c0cbcf85b9b3558
[STDERR  ] 2017-11-09T11:16:02.541251617Z: Process init image: linuxkit/runc:817fdc592eac6cb7804fa1721a43a7f6e23fb50f
[STDERR  ] 2017-11-09T11:16:03.856027189Z: Add onboot containers:
[STDERR  ] 2017-11-09T11:16:03.856081922Z:   Create OCI config for linuxkit/format:10e75e78e1f134d310c62e9a0352df1c67b0dd81
[STDERR  ] 2017-11-09T11:16:04.943264778Z: time="2017-11-09T11:16:04Z" level=warning msg="certificate with CN Rolf Neugebauer is near expiry" 
[STDERR  ] 2017-11-09T11:16:04.9459677Z: time="2017-11-09T11:16:04Z" level=warning msg="certificate with CN Rolf Neugebauer is near expiry" 
[STDERR  ] 2017-11-09T11:16:05.283979569Z:   Create OCI config for linuxkit/format:10e75e78e1f134d310c62e9a0352df1c67b0dd81
[STDERR  ] 2017-11-09T11:16:06.339804852Z: time="2017-11-09T11:16:06Z" level=warning msg="certificate with CN Rolf Neugebauer is near expiry" 
[STDERR  ] 2017-11-09T11:16:06.342152506Z: time="2017-11-09T11:16:06Z" level=warning msg="certificate with CN Rolf Neugebauer is near expiry" 
[STDERR  ] 2017-11-09T11:16:06.658655803Z:   Create OCI config for linuxkit/format:10e75e78e1f134d310c62e9a0352df1c67b0dd81
[STDERR  ] 2017-11-09T11:16:07.775074799Z: time="2017-11-09T11:16:07Z" level=warning msg="certificate with CN Rolf Neugebauer is near expiry" 
[STDERR  ] 2017-11-09T11:16:07.778247987Z: time="2017-11-09T11:16:07Z" level=warning msg="certificate with CN Rolf Neugebauer is near expiry" 
[STDERR  ] 2017-11-09T11:16:08.10235204Z:   Create OCI config for linuxkit/format:10e75e78e1f134d310c62e9a0352df1c67b0dd81
[STDERR  ] 2017-11-09T11:16:09.195173944Z: time="2017-11-09T11:16:09Z" level=warning msg="certificate with CN Rolf Neugebauer is near expiry" 
[STDERR  ] 2017-11-09T11:16:09.197562187Z: time="2017-11-09T11:16:09Z" level=warning msg="certificate with CN Rolf Neugebauer is near expiry" 
[STDERR  ] 2017-11-09T11:16:09.537058973Z:   Create OCI config for linuxkit/format:10e75e78e1f134d310c62e9a0352df1c67b0dd81
[STDERR  ] 2017-11-09T11:16:10.625532412Z: time="2017-11-09T11:16:10Z" level=warning msg="certificate with CN Rolf Neugebauer is near expiry" 
[STDERR  ] 2017-11-09T11:16:10.627939125Z: time="2017-11-09T11:16:10Z" level=warning msg="certificate with CN Rolf Neugebauer is near expiry" 
[STDERR  ] 2017-11-09T11:16:11.080700674Z:   Create OCI config for linuxkit/poweroff:280bd01daa8776fbe1f4d912977f1886b8374834
[STDERR  ] 2017-11-09T11:16:12.136547487Z: time="2017-11-09T11:16:12Z" level=warning msg="certificate with CN Rolf Neugebauer is near expiry" 
[STDERR  ] 2017-11-09T11:16:12.138099897Z: time="2017-11-09T11:16:12Z" level=warning msg="certificate with CN Rolf Neugebauer is near expiry" 
[STDERR  ] 2017-11-09T11:16:12.307730666Z: Add files:
[STDERR  ] 2017-11-09T11:16:12.307778522Z:   check.sh
[STDERR  ] 2017-11-09T11:16:12.328055996Z: Create outputs:
[STDERR  ] 2017-11-09T11:16:19.798059188Z:   test-format-kernel test-format-initrd.img test-format-cmdline
[STDERR  ] 2017-11-09T11:16:19.887424172Z: + linuxkit run -disk file=disk1.img,size=512M -disk file=disk2.img,size=512M test-format
[STDERR  ] 2017-11-09T11:16:19.908624587Z: Unable to find qemu-system-x86_64 within the $PATH. Using a container
[STDERR  ] 2017-11-09T11:17:24.039788106Z: + RESULT=[    0.000000] Linux version 4.9.51-linuxkit (root@3253c0754a54) (gcc version 6.3.0 (Alpine 6.3.0) ) #1 SMP Wed Sep 20 11:32:07 UTC 2017
[STDERR  ] 2017-11-09T11:17:24.039860605Z: [    0.000000] Command line: console=ttyS0
[STDERR  ] 2017-11-09T11:17:24.039872373Z: [    0.000000] x86/fpu: Legacy x87 FPU detected.
[STDERR  ] 2017-11-09T11:17:24.039882779Z: [    0.000000] x86/fpu: Using 'eager' FPU context switches.
[STDERR  ] 2017-11-09T11:17:24.03989429Z: [    0.000000] e820: BIOS-provided physical RAM map:
[STDERR  ] 2017-11-09T11:17:24.039904902Z: [    0.000000] BIOS-e820: [mem 0x0000000000000000-0x000000000009fbff] usable
[STDERR  ] 2017-11-09T11:17:24.039915701Z: [    0.000000] BIOS-e820: [mem 0x000000000009fc00-0x000000000009ffff] reserved
[STDERR  ] 2017-11-09T11:17:24.03992535Z: [    0.000000] BIOS-e820: [mem 0x00000000000f0000-0x00000000000fffff] reserved
[STDERR  ] 2017-11-09T11:17:24.039935181Z: [    0.000000] BIOS-e820: [mem 0x0000000000100000-0x000000003ffddfff] usable
[STDERR  ] 2017-11-09T11:17:24.039944671Z: [    0.000000] BIOS-e820: [mem 0x000000003ffde000-0x000000003fffffff] reserved
[STDERR  ] 2017-11-09T11:17:24.039953974Z: [    0.000000] BIOS-e820: [mem 0x00000000b0000000-0x00000000bfffffff] reserved
[STDERR  ] 2017-11-09T11:17:24.039963178Z: [    0.000000] BIOS-e820: [mem 0x00000000fed1c000-0x00000000fed1ffff] reserved
[STDERR  ] 2017-11-09T11:17:24.039972494Z: [    0.000000] BIOS-e820: [mem 0x00000000fffc0000-0x00000000ffffffff] reserved
[STDERR  ] 2017-11-09T11:17:24.039982406Z: [    0.000000] NX (Execute Disable) protection: active
[STDERR  ] 2017-11-09T11:17:24.039991987Z: [    0.000000] SMBIOS 2.8 present.
[STDERR  ] 2017-11-09T11:17:24.040001151Z: [    0.000000] e820: last_pfn = 0x3ffde max_arch_pfn = 0x400000000
[STDERR  ] 2017-11-09T11:17:24.040010814Z: [    0.000000] x86/PAT: Configuration [0-7]: WB  WC  UC- UC  WB  WC  UC- WT  
[STDERR  ] 2017-11-09T11:17:24.040020003Z: [    0.000000] found SMP MP-table at [mem 0x000f6aa0-0x000f6aaf] mapped at [ffff988b800f6aa0]
[STDERR  ] 2017-11-09T11:17:24.040030359Z: [    0.000000] RAMDISK: [mem 0x3d0b9000-0x3ffcffff]
[STDERR  ] 2017-11-09T11:17:24.040039503Z: [    0.000000] ACPI: Early table checksum verification disabled
[STDERR  ] 2017-11-09T11:17:24.040048624Z: [    0.000000] ACPI: RSDP 0x00000000000F68C0 000014 (v00 BOCHS )
[STDERR  ] 2017-11-09T11:17:24.04005776Z: [    0.000000] ACPI: RSDT 0x000000003FFE2404 000034 (v01 BOCHS  BXPCRSDT 00000001 BXPC 00000001)
[STDERR  ] 2017-11-09T11:17:24.040067015Z: [    0.000000] ACPI: FACP 0x000000003FFE22A4 000074 (v01 BOCHS  BXPCFACP 00000001 BXPC 00000001)
[STDERR  ] 2017-11-09T11:17:24.040075675Z: [    0.000000] ACPI: DSDT 0x000000003FFE0040 002264 (v01 BOCHS  BXPCDSDT 00000001 BXPC 00000001)
[STDERR  ] 2017-11-09T11:17:24.040084243Z: [    0.000000] ACPI: FACS 0x000000003FFE0000 000040
[STDERR  ] 2017-11-09T11:17:24.040092803Z: [    0.000000] ACPI: APIC 0x000000003FFE2318 000078 (v01 BOCHS  BXPCAPIC 00000001 BXPC 00000001)
[STDERR  ] 2017-11-09T11:17:24.040101228Z: [    0.000000] ACPI: HPET 0x000000003FFE2390 000038 (v01 BOCHS  BXPCHPET 00000001 BXPC 00000001)
[STDERR  ] 2017-11-09T11:17:24.040120995Z: [    0.000000] ACPI: MCFG 0x000000003FFE23C8 00003C (v01 BOCHS  BXPCMCFG 00000001 BXPC 00000001)
[STDERR  ] 2017-11-09T11:17:24.040129421Z: [    0.000000] Zone ranges:
[STDERR  ] 2017-11-09T11:17:24.040137729Z: [    0.000000]   DMA      [mem 0x0000000000001000-0x0000000000ffffff]
[STDERR  ] 2017-11-09T11:17:24.040145987Z: [    0.000000]   DMA32    [mem 0x0000000001000000-0x000000003ffddfff]
[STDERR  ] 2017-11-09T11:17:24.040154027Z: [    0.000000]   Normal   empty
[STDERR  ] 2017-11-09T11:17:24.040162618Z: [    0.000000] Movable zone start for each node
[STDERR  ] 2017-11-09T11:17:24.040171496Z: [    0.000000] Early memory node ranges
[STDERR  ] 2017-11-09T11:17:24.04017967Z: [    0.000000]   node   0: [mem 0x0000000000001000-0x000000000009efff]
[STDERR  ] 2017-11-09T11:17:24.040188096Z: [    0.000000]   node   0: [mem 0x0000000000100000-0x000000003ffddfff]
[STDERR  ] 2017-11-09T11:17:24.040204622Z: [    0.000000] Initmem setup node 0 [mem 0x0000000000001000-0x000000003ffddfff]
[STDERR  ] 2017-11-09T11:17:24.040214053Z: [    0.000000] ACPI: PM-Timer IO Port: 0x608
[STDERR  ] 2017-11-09T11:17:24.040271764Z: [    0.000000] ACPI: LAPIC_NMI (acpi_id[0xff] dfl dfl lint[0x1])
[STDERR  ] 2017-11-09T11:17:24.04028122Z: [    0.000000] IOAPIC[0]: apic_id 0, version 32, address 0xfec00000, GSI 0-23
[STDERR  ] 2017-11-09T11:17:24.040290005Z: [    0.000000] ACPI: INT_SRC_OVR (bus 0 bus_irq 0 global_irq 2 dfl dfl)
[STDERR  ] 2017-11-09T11:17:24.040298514Z: [    0.000000] ACPI: INT_SRC_OVR (bus 0 bus_irq 5 global_irq 5 high level)
[STDERR  ] 2017-11-09T11:17:24.040307061Z: [    0.000000] ACPI: INT_SRC_OVR (bus 0 bus_irq 9 global_irq 9 high level)
[STDERR  ] 2017-11-09T11:17:24.040315577Z: [    0.000000] ACPI: INT_SRC_OVR (bus 0 bus_irq 10 global_irq 10 high level)
[STDERR  ] 2017-11-09T11:17:24.04032442Z: [    0.000000] ACPI: INT_SRC_OVR (bus 0 bus_irq 11 global_irq 11 high level)
[STDERR  ] 2017-11-09T11:17:24.040333604Z: [    0.000000] Using ACPI (MADT) for SMP configuration information
[STDERR  ] 2017-11-09T11:17:24.040345294Z: [    0.000000] ACPI: HPET id: 0x8086a201 base: 0xfed00000
[STDERR  ] 2017-11-09T11:17:24.040354062Z: [    0.000000] smpboot: Allowing 1 CPUs, 0 hotplug CPUs
[STDERR  ] 2017-11-09T11:17:24.040363185Z: [    0.000000] e820: [mem 0x40000000-0xafffffff] available for PCI devices
[STDERR  ] 2017-11-09T11:17:24.040371727Z: [    0.000000] Booting paravirtualized kernel on bare hardware
[STDERR  ] 2017-11-09T11:17:24.040380956Z: [    0.000000] clocksource: refined-jiffies: mask: 0xffffffff max_cycles: 0xffffffff, max_idle_ns: 19112604462750000 ns
[STDERR  ] 2017-11-09T11:17:24.040392105Z: [    0.000000] setup_percpu: NR_CPUS:128 nr_cpumask_bits:128 nr_cpu_ids:1 nr_node_ids:1
[STDERR  ] 2017-11-09T11:17:24.040401127Z: [    0.000000] percpu: Embedded 35 pages/cpu @ffff988bbce00000 s105240 r8192 d29928 u2097152
[STDERR  ] 2017-11-09T11:17:24.040412194Z: [    0.000000] Built 1 zonelists in Zone order, mobility grouping on.  Total pages: 257895
[STDERR  ] 2017-11-09T11:17:24.040420994Z: [    0.000000] Kernel command line: console=ttyS0
[STDERR  ] 2017-11-09T11:17:24.040430015Z: [    0.000000] PID hash table entries: 4096 (order: 3, 32768 bytes)
[STDERR  ] 2017-11-09T11:17:24.040438787Z: [    0.000000] Dentry cache hash table entries: 131072 (order: 8, 1048576 bytes)
[STDERR  ] 2017-11-09T11:17:24.040448028Z: [    0.000000] Inode-cache hash table entries: 65536 (order: 7, 524288 bytes)
[STDERR  ] 2017-11-09T11:17:24.040456627Z: [    0.000000] Memory: 965956K/1048048K available (8036K kernel code, 1367K rwdata, 2696K rodata, 1380K init, 568K bss, 82092K reserved, 0K cma-reserved)
[STDERR  ] 2017-11-09T11:17:24.040470408Z: [    0.000000] Hierarchical RCU implementation.
[STDERR  ] 2017-11-09T11:17:24.040479227Z: [    0.000000] 	Build-time adjustment of leaf fanout to 64.
[STDERR  ] 2017-11-09T11:17:24.040488326Z: [    0.000000] 	RCU restricting CPUs from NR_CPUS=128 to nr_cpu_ids=1.
[STDERR  ] 2017-11-09T11:17:24.040496857Z: [    0.000000] RCU: Adjusting geometry for rcu_fanout_leaf=64, nr_cpu_ids=1
[STDERR  ] 2017-11-09T11:17:24.040510396Z: [    0.000000] NR_IRQS:8448 nr_irqs:256 16
[STDERR  ] 2017-11-09T11:17:24.040520656Z: [    0.000000] Console: colour VGA+ 80x25
[STDERR  ] 2017-11-09T11:17:24.040530286Z: [    0.000000] console [ttyS0] enabled
[STDERR  ] 2017-11-09T11:17:24.040538964Z: [    0.000000] clocksource: hpet: mask: 0xffffffff max_cycles: 0xffffffff, max_idle_ns: 19112604467 ns
[STDERR  ] 2017-11-09T11:17:24.040547562Z: [    0.000000] tsc: Fast TSC calibration using PIT
[STDERR  ] 2017-11-09T11:17:24.040555927Z: [    0.000000] tsc: Detected 2599.884 MHz processor
[STDERR  ] 2017-11-09T11:17:24.040564309Z: [    0.021497] Calibrating delay loop (skipped), value calculated using timer frequency.. 5199.76 BogoMIPS (lpj=25998840)
[STDERR  ] 2017-11-09T11:17:24.040573199Z: [    0.022212] pid_max: default: 32768 minimum: 301
[STDERR  ] 2017-11-09T11:17:24.040586209Z: [    0.022982] ACPI: Core revision 20160831
[STDERR  ] 2017-11-09T11:17:24.040594902Z: [    0.066977] ACPI: 1 ACPI AML tables successfully acquired and loaded
[STDERR  ] 2017-11-09T11:17:24.040603392Z: [    0.071775] Security Framework initialized
[STDERR  ] 2017-11-09T11:17:24.040611858Z: [    0.072253] Yama: becoming mindful.
[STDERR  ] 2017-11-09T11:17:24.040620723Z: [    0.074505] Mount-cache hash table entries: 2048 (order: 2, 16384 bytes)
[STDERR  ] 2017-11-09T11:17:24.040629147Z: [    0.075057] Mountpoint-cache hash table entries: 2048 (order: 2, 16384 bytes)
[STDERR  ] 2017-11-09T11:17:24.040637576Z: [    0.094921] Last level iTLB entries: 4KB 0, 2MB 0, 4MB 0
[STDERR  ] 2017-11-09T11:17:24.040646078Z: [    0.095413] Last level dTLB entries: 4KB 0, 2MB 0, 4MB 0, 1GB 0
[STDERR  ] 2017-11-09T11:17:24.040654561Z: [    0.379399] Freeing SMP alternatives memory: 20K
[STDERR  ] 2017-11-09T11:17:24.040662865Z: [    0.390611] ftrace: allocating 35528 entries in 139 pages
[STDERR  ] 2017-11-09T11:17:24.040671247Z: [    0.558287] smpboot: Max logical packages: 1
[STDERR  ] 2017-11-09T11:17:24.04067979Z: [    0.565675] ..TIMER: vector=0x30 apic1=0 pin1=2 apic2=-1 pin2=-1
[STDERR  ] 2017-11-09T11:17:24.040688354Z: [    0.670000] smpboot: CPU0: AMD QEMU Virtual CPU version 2.5+ (family: 0x6, model: 0x6, stepping: 0x3)
[STDERR  ] 2017-11-09T11:17:24.040696747Z: [    0.670000] Performance Events: PMU not available due to virtualization, using software events only.
[STDERR  ] 2017-11-09T11:17:24.040705164Z: [    0.680103] NMI watchdog: disabled (cpu0): hardware events not enabled
[STDERR  ] 2017-11-09T11:17:24.04071429Z: [    0.680594] NMI watchdog: Shutting down hard lockup detector on all cpus
[STDERR  ] 2017-11-09T11:17:24.040723241Z: [    0.684162] x86: Booted up 1 node, 1 CPUs
[STDERR  ] 2017-11-09T11:17:24.040731687Z: [    0.684626] smpboot: Total of 1 processors activated (5199.76 BogoMIPS)
[STDERR  ] 2017-11-09T11:17:24.040740338Z: [    0.699317] devtmpfs: initialized
[STDERR  ] 2017-11-09T11:17:24.040748722Z: [    0.705813] x86/mm: Memory block size: 128MB
[STDERR  ] 2017-11-09T11:17:24.040757717Z: [    0.767461] clocksource: jiffies: mask: 0xffffffff max_cycles: 0xffffffff, max_idle_ns: 19112604462750000 ns
[STDERR  ] 2017-11-09T11:17:24.040766138Z: [    0.768057] futex hash table entries: 256 (order: 2, 16384 bytes)
[STDERR  ] 2017-11-09T11:17:24.040775573Z: [    0.777319] NET: Registered protocol family 16
[STDERR  ] 2017-11-09T11:17:24.040784343Z: [    0.788893] cpuidle: using governor ladder
[STDERR  ] 2017-11-09T11:17:24.040792922Z: [    0.789454] cpuidle: using governor menu
[STDERR  ] 2017-11-09T11:17:24.040801437Z: [    0.790905] ACPI: bus type PCI registered
[STDERR  ] 2017-11-09T11:17:24.040809902Z: [    0.793932] PCI: MMCONFIG for domain 0000 [bus 00-ff] at [mem 0xb0000000-0xbfffffff] (base 0xb0000000)
[STDERR  ] 2017-11-09T11:17:24.040818461Z: [    0.794581] PCI: MMCONFIG at [mem 0xb0000000-0xbfffffff] reserved in E820
[STDERR  ] 2017-11-09T11:17:24.040827434Z: [    0.795936] PCI: Using configuration type 1 for base access
[STDERR  ] 2017-11-09T11:17:24.040836186Z: [    0.851557] HugeTLB registered 2 MB page size, pre-allocated 0 pages
[STDERR  ] 2017-11-09T11:17:24.040848083Z: [    0.864131] ACPI: Added _OSI(Module Device)
[STDERR  ] 2017-11-09T11:17:24.040856715Z: [    0.864341] ACPI: Added _OSI(Processor Device)
[STDERR  ] 2017-11-09T11:17:24.040866324Z: [    0.864522] ACPI: Added _OSI(3.0 _SCP Extensions)
[STDERR  ] 2017-11-09T11:17:24.040875436Z: [    0.864798] ACPI: Added _OSI(Processor Aggregator Device)
[STDERR  ] 2017-11-09T11:17:24.040886273Z: [    0.938924] ACPI: Interpreter enabled
[STDERR  ] 2017-11-09T11:17:24.040895082Z: [    0.939894] ACPI: (supports S0 S5)
[STDERR  ] 2017-11-09T11:17:24.040903533Z: [    0.940479] ACPI: Using IOAPIC for interrupt routing
[STDERR  ] 2017-11-09T11:17:24.040912157Z: [    0.943048] PCI: Using host bridge windows from ACPI; if necessary, use "pci=nocrs" and report a bug
[STDERR  ] 2017-11-09T11:17:24.040921218Z: [    1.006380] ACPI: PCI Root Bridge [PCI0] (domain 0000 [bus 00-ff])
[STDERR  ] 2017-11-09T11:17:24.040933774Z: [    1.007474] acpi PNP0A08:00: _OSC: OS supports [ExtendedConfig ASPM ClockPM Segments MSI]
[STDERR  ] 2017-11-09T11:17:24.040942406Z: [    1.014360] acpi PNP0A08:00: _OSC: OS now controls [PCIeHotplug PME PCIeCapability]
[STDERR  ] 2017-11-09T11:17:24.040950978Z: [    1.018591] PCI host bridge to bus 0000:00
[STDERR  ] 2017-11-09T11:17:24.040959531Z: [    1.019177] pci_bus 0000:00: root bus resource [io  0x0000-0x0cf7 window]
[STDERR  ] 2017-11-09T11:17:24.04096801Z: [    1.019748] pci_bus 0000:00: root bus resource [io  0x0d00-0xffff window]
[STDERR  ] 2017-11-09T11:17:24.040977054Z: [    1.020000] pci_bus 0000:00: root bus resource [mem 0x000a0000-0x000bffff window]
[STDERR  ] 2017-11-09T11:17:24.040989426Z: [    1.020000] pci_bus 0000:00: root bus resource [mem 0xc0000000-0xfebfffff window]
[STDERR  ] 2017-11-09T11:17:24.040997957Z: [    1.020000] pci_bus 0000:00: root bus resource [bus 00-ff]
[STDERR  ] 2017-11-09T11:17:24.041006287Z: [    1.172750] pci 0000:00:1f.0: quirk: [io  0x0600-0x067f] claimed by ICH6 ACPI/GPIO/TCO
[STDERR  ] 2017-11-09T11:17:24.041014877Z: [    1.253835] ACPI: PCI Interrupt Link [LNKA] (IRQs 5 *10 11)
[STDERR  ] 2017-11-09T11:17:24.041023559Z: [    1.256453] ACPI: PCI Interrupt Link [LNKB] (IRQs 5 *10 11)
[STDERR  ] 2017-11-09T11:17:24.041032211Z: [    1.258716] ACPI: PCI Interrupt Link [LNKC] (IRQs 5 10 *11)
[STDERR  ] 2017-11-09T11:17:24.041041274Z: [    1.260774] ACPI: PCI Interrupt Link [LNKD] (IRQs 5 10 *11)
[STDERR  ] 2017-11-09T11:17:24.04104984Z: [    1.262487] ACPI: PCI Interrupt Link [LNKE] (IRQs 5 *10 11)
[STDERR  ] 2017-11-09T11:17:24.04105808Z: [    1.264184] ACPI: PCI Interrupt Link [LNKF] (IRQs 5 *10 11)
[STDERR  ] 2017-11-09T11:17:24.041066217Z: [    1.265902] ACPI: PCI Interrupt Link [LNKG] (IRQs 5 10 *11)
[STDERR  ] 2017-11-09T11:17:24.041075385Z: [    1.267580] ACPI: PCI Interrupt Link [LNKH] (IRQs 5 10 *11)
[STDERR  ] 2017-11-09T11:17:24.041087224Z: [    1.268561] ACPI: PCI Interrupt Link [GSIA] (IRQs *16)
[STDERR  ] 2017-11-09T11:17:24.041097603Z: [    1.269369] ACPI: PCI Interrupt Link [GSIB] (IRQs *17)
[STDERR  ] 2017-11-09T11:17:24.041105887Z: [    1.270221] ACPI: PCI Interrupt Link [GSIC] (IRQs *18)
[STDERR  ] 2017-11-09T11:17:24.041114768Z: [    1.270899] ACPI: PCI Interrupt Link [GSID] (IRQs *19)
[STDERR  ] 2017-11-09T11:17:24.041123591Z: [    1.271558] ACPI: PCI Interrupt Link [GSIE] (IRQs *20)
[STDERR  ] 2017-11-09T11:17:24.041131561Z: [    1.272257] ACPI: PCI Interrupt Link [GSIF] (IRQs *21)
[STDERR  ] 2017-11-09T11:17:24.041140045Z: [    1.272932] ACPI: PCI Interrupt Link [GSIG] (IRQs *22)
[STDERR  ] 2017-11-09T11:17:24.041149356Z: [    1.273641] ACPI: PCI Interrupt Link [GSIH] (IRQs *23)
[STDERR  ] 2017-11-09T11:17:24.041161214Z: [    1.277445] ACPI: Enabled 2 GPEs in block 00 to 3F
[STDERR  ] 2017-11-09T11:17:24.041169562Z: [    1.282262] SCSI subsystem initialized
[STDERR  ] 2017-11-09T11:17:24.041179978Z: [    1.284486] ACPI: bus type USB registered
[STDERR  ] 2017-11-09T11:17:24.04119018Z: [    1.286583] usbcore: registered new interface driver usbfs
[STDERR  ] 2017-11-09T11:17:24.041200931Z: [    1.287615] usbcore: registered new interface driver hub
[STDERR  ] 2017-11-09T11:17:24.041214548Z: [    1.288512] usbcore: registered new device driver usb
[STDERR  ] 2017-11-09T11:17:24.04123152Z: [    1.290049] pps_core: LinuxPPS API ver. 1 registered
[STDERR  ] 2017-11-09T11:17:24.041240141Z: [    1.290369] pps_core: Software ver. 5.3.6 - Copyright 2005-2007 Rodolfo Giometti <giometti@linux.it>
[STDERR  ] 2017-11-09T11:17:24.041248374Z: [    1.291258] PTP clock support registered
[STDERR  ] 2017-11-09T11:17:24.041257739Z: [    1.292805] wmi: Mapper loaded
[STDERR  ] 2017-11-09T11:17:24.041266796Z: [    1.294177] PCI: Using ACPI for IRQ routing
[STDERR  ] 2017-11-09T11:17:24.041277785Z: [    1.314878] NetLabel: Initializing
[STDERR  ] 2017-11-09T11:17:24.041288101Z: [    1.315221] NetLabel:  domain hash size = 128
[STDERR  ] 2017-11-09T11:17:24.041297338Z: [    1.315630] NetLabel:  protocols = UNLABELED CIPSOv4
[STDERR  ] 2017-11-09T11:17:24.041314103Z: [    1.318244] NetLabel:  unlabeled traffic allowed by default
[STDERR  ] 2017-11-09T11:17:24.041324601Z: [    1.319474] HPET: 3 timers in total, 0 timers will be used for per-cpu timer
[STDERR  ] 2017-11-09T11:17:24.041334414Z: [    1.320494] hpet0: at MMIO 0xfed00000, IRQs 2, 8, 0
[STDERR  ] 2017-11-09T11:17:24.041343769Z: [    1.320973] hpet0: 3 comparators, 64-bit 100.000000 MHz counter
[STDERR  ] 2017-11-09T11:17:24.041353045Z: [    1.326572] clocksource: Switched to clocksource hpet
[STDERR  ] 2017-11-09T11:17:24.041361672Z: [    1.585558] VFS: Disk quotas dquot_6.6.0
[STDERR  ] 2017-11-09T11:17:24.041369672Z: [    1.586404] VFS: Dquot-cache hash table entries: 512 (order 0, 4096 bytes)
[STDERR  ] 2017-11-09T11:17:24.041377953Z: [    1.590443] FS-Cache: Loaded
[STDERR  ] 2017-11-09T11:17:24.041386572Z: [    1.597280] CacheFiles: Loaded
[STDERR  ] 2017-11-09T11:17:24.041394612Z: [    1.599220] pnp: PnP ACPI init
[STDERR  ] 2017-11-09T11:17:24.041402672Z: [    1.611415] pnp: PnP ACPI: found 5 devices
[STDERR  ] 2017-11-09T11:17:24.041410691Z: [    1.664970] clocksource: acpi_pm: mask: 0xffffff max_cycles: 0xffffff, max_idle_ns: 2085701024 ns
[STDERR  ] 2017-11-09T11:17:24.041418552Z: [    1.669704] NET: Registered protocol family 2
[STDERR  ] 2017-11-09T11:17:24.041426715Z: [    1.677686] TCP established hash table entries: 8192 (order: 4, 65536 bytes)
[STDERR  ] 2017-11-09T11:17:24.041435297Z: [    1.678651] TCP bind hash table entries: 8192 (order: 5, 131072 bytes)
[STDERR  ] 2017-11-09T11:17:24.041444598Z: [    1.679418] TCP: Hash tables configured (established 8192 bind 8192)
[STDERR  ] 2017-11-09T11:17:24.041453096Z: [    1.681864] UDP hash table entries: 512 (order: 2, 16384 bytes)
[STDERR  ] 2017-11-09T11:17:24.041463608Z: [    1.682515] UDP-Lite hash table entries: 512 (order: 2, 16384 bytes)
[STDERR  ] 2017-11-09T11:17:24.041477577Z: [    1.684995] NET: Registered protocol family 1
[STDERR  ] 2017-11-09T11:17:24.041486853Z: [    1.686078] pci 0000:00:01.0: Video device with shadowed ROM at [mem 0x000c0000-0x000dffff]
[STDERR  ] 2017-11-09T11:17:24.041496447Z: [    1.695406] Unpacking initramfs...
[STDERR  ] 2017-11-09T11:17:24.041507665Z: [   10.776272] Freeing initrd memory: 48220K
[STDERR  ] 2017-11-09T11:17:24.041516887Z: [   10.799807] PCLMULQDQ-NI instructions are not detected.
[STDERR  ] 2017-11-09T11:17:24.041526159Z: [   10.801629] AVX or AES-NI instructions are not detected.
[STDERR  ] 2017-11-09T11:17:24.04153412Z: [   10.802134] CPU feature 'AVX registers' is not supported.
[STDERR  ] 2017-11-09T11:17:24.041542126Z: [   10.802537] CPU feature 'AVX registers' is not supported.
[STDERR  ] 2017-11-09T11:17:24.04155148Z: [   10.802942] CPU feature 'AVX registers' is not supported.
[STDERR  ] 2017-11-09T11:17:24.041560711Z: [   10.803373] CPU feature 'AVX registers' is not supported.
[STDERR  ] 2017-11-09T11:17:24.041569118Z: [   10.803763] AVX2 or AES-NI instructions are not detected.
[STDERR  ] 2017-11-09T11:17:24.041577787Z: [   10.804125] AVX2 instructions are not detected.
[STDERR  ] 2017-11-09T11:17:24.041585766Z: [   10.809572] audit: initializing netlink subsys (disabled)
[STDERR  ] 2017-11-09T11:17:24.041598769Z: [   10.812718] audit: type=2000 audit(1510226193.810:1): initialized
[STDERR  ] 2017-11-09T11:17:24.041606722Z: [   10.819998] workingset: timestamp_bits=46 max_order=18 bucket_order=0
[STDERR  ] 2017-11-09T11:17:24.041615272Z: [   10.830739] FS-Cache: Netfs 'cifs' registered for caching
[STDERR  ] 2017-11-09T11:17:24.041624506Z: [   10.831924] fuse init (API version 7.26)
[STDERR  ] 2017-11-09T11:17:24.041632628Z: [   10.834481] SGI XFS with ACLs, security attributes, no debug enabled
[STDERR  ] 2017-11-09T11:17:24.041641116Z: [   10.838457] 9p: Installing v9fs 9p2000 file system support
[STDERR  ] 2017-11-09T11:17:24.041649713Z: [   10.839025] FS-Cache: Netfs '9p' registered for caching
[STDERR  ] 2017-11-09T11:17:24.041659068Z: [   10.869493] NET: Registered protocol family 38
[STDERR  ] 2017-11-09T11:17:24.041672671Z: [   10.870862] Key type asymmetric registered
[STDERR  ] 2017-11-09T11:17:24.041681043Z: [   10.871327] Asymmetric key parser 'x509' registered
[STDERR  ] 2017-11-09T11:17:24.041689299Z: [   10.872335] Block layer SCSI generic (bsg) driver version 0.4 loaded (major 251)
[STDERR  ] 2017-11-09T11:17:24.041699053Z: [   10.874049] io scheduler noop registered
[STDERR  ] 2017-11-09T11:17:24.041708338Z: [   10.874402] io scheduler deadline registered (default)
[STDERR  ] 2017-11-09T11:17:24.041716434Z: [   10.875351] io scheduler cfq registered
[STDERR  ] 2017-11-09T11:17:24.041725157Z: [   10.877928] pci_hotplug: PCI Hot Plug PCI Core version: 0.5
[STDERR  ] 2017-11-09T11:17:24.041734842Z: [   10.878651] pciehp: PCI Express Hot Plug Controller Driver version: 0.4
[STDERR  ] 2017-11-09T11:17:24.041744015Z: [   10.879505] shpchp: Standard Hot Plug PCI Controller Driver version: 0.4
[STDERR  ] 2017-11-09T11:17:24.041753034Z: [   10.882382] hv_vmbus: registering driver hyperv_fb
[STDERR  ] 2017-11-09T11:17:24.041761607Z: [   10.885651] input: Power Button as /devices/LNXSYSTM:00/LNXPWRBN:00/input/input0
[STDERR  ] 2017-11-09T11:17:24.041770165Z: [   10.886810] ACPI: Power Button [PWRF]
[STDERR  ] 2017-11-09T11:17:24.041779244Z: [   10.892204] GHES: HEST is not enabled!
[STDERR  ] 2017-11-09T11:17:24.041788924Z: [   10.904571] ACPI: PCI Interrupt Link [GSIG] enabled at IRQ 22
[STDERR  ] 2017-11-09T11:17:24.041798581Z: [   10.918290] ACPI: PCI Interrupt Link [GSIH] enabled at IRQ 23
[STDERR  ] 2017-11-09T11:17:24.041807048Z: [   10.923658] xenfs: not registering filesystem on non-xen platform
[STDERR  ] 2017-11-09T11:17:24.041816345Z: [   10.925895] Serial: 8250/16550 driver, 4 ports, IRQ sharing disabled
[STDERR  ] 2017-11-09T11:17:24.041825489Z: [   10.950493] 00:04: ttyS0 at I/O 0x3f8 (irq = 4, base_baud = 115200) is a 16550A
[STDERR  ] 2017-11-09T11:17:24.041834407Z: [   10.962724] Non-volatile memory driver v1.3
[STDERR  ] 2017-11-09T11:17:24.041843587Z: [   10.969258] Hangcheck: starting hangcheck timer 0.9.1 (tick is 180 seconds, margin is 60 seconds).
[STDERR  ] 2017-11-09T11:17:24.041852656Z: [   10.974907] random: fast init done
[STDERR  ] 2017-11-09T11:17:24.04186095Z: [   10.976595] random: crng init done
[STDERR  ] 2017-11-09T11:17:24.041870351Z: [   11.012601] loop: module loaded
[STDERR  ] 2017-11-09T11:17:24.041878648Z: [   11.028421] nbd: registered device at major 43
[STDERR  ] 2017-11-09T11:17:24.041887176Z: [   11.072223] lpc_ich 0000:00:1f.0: I/O space for GPIO uninitialized
[STDERR  ] 2017-11-09T11:17:24.041895208Z: [   11.074495] VMware PVSCSI driver - version 1.0.7.0-k
[STDERR  ] 2017-11-09T11:17:24.041903271Z: [   11.075406] hv_vmbus: registering driver hv_storvsc
[STDERR  ] 2017-11-09T11:17:24.041912284Z: [   11.086282] ACPI: PCI Interrupt Link [GSIA] enabled at IRQ 16
[STDERR  ] 2017-11-09T11:17:24.041921577Z: [   11.093210] ahci 0000:00:1f.2: AHCI 0001.0000 32 slots 6 ports 1.5 Gbps 0x3f impl SATA mode
[STDERR  ] 2017-11-09T11:17:24.041929916Z: [   11.093976] ahci 0000:00:1f.2: flags: 64bit ncq only 
[STDERR  ] 2017-11-09T11:17:24.041939212Z: [   11.114637] scsi host0: ahci
[STDERR  ] 2017-11-09T11:17:24.04194807Z: [   11.119942] scsi host1: ahci
[STDERR  ] 2017-11-09T11:17:24.041969938Z: [   11.123524] scsi host2: ahci
[STDERR  ] 2017-11-09T11:17:24.041978876Z: [   11.125875] scsi host3: ahci
[STDERR  ] 2017-11-09T11:17:24.041988111Z: [   11.128970] scsi host4: ahci
[STDERR  ] 2017-11-09T11:17:24.041998736Z: [   11.131864] scsi host5: ahci
[STDERR  ] 2017-11-09T11:17:24.042007697Z: [   11.133865] ata1: SATA max UDMA/133 abar m4096@0xfebd2000 port 0xfebd2100 irq 24
[STDERR  ] 2017-11-09T11:17:24.042017061Z: [   11.134417] ata2: SATA max UDMA/133 abar m4096@0xfebd2000 port 0xfebd2180 irq 24
[STDERR  ] 2017-11-09T11:17:24.042026412Z: [   11.134888] ata3: SATA max UDMA/133 abar m4096@0xfebd2000 port 0xfebd2200 irq 24
[STDERR  ] 2017-11-09T11:17:24.042035162Z: [   11.135324] ata4: SATA max UDMA/133 abar m4096@0xfebd2000 port 0xfebd2280 irq 24
[STDERR  ] 2017-11-09T11:17:24.042049551Z: [   11.135738] ata5: SATA max UDMA/133 abar m4096@0xfebd2000 port 0xfebd2300 irq 24
[STDERR  ] 2017-11-09T11:17:24.042063665Z: [   11.136174] ata6: SATA max UDMA/133 abar m4096@0xfebd2000 port 0xfebd2380 irq 24
[STDERR  ] 2017-11-09T11:17:24.042072447Z: [   11.148657] tun: Universal TUN/TAP device driver, 1.6
[STDERR  ] 2017-11-09T11:17:24.042084331Z: [   11.149062] tun: (C) 1999-2004 Max Krasnyansky <maxk@qualcomm.com>
[STDERR  ] 2017-11-09T11:17:24.042092282Z: [   11.160493] VMware vmxnet3 virtual NIC driver - version 1.4.a.0-k-NAPI
[STDERR  ] 2017-11-09T11:17:24.042100595Z: [   11.161828] hv_vmbus: registering driver hv_netvsc
[STDERR  ] 2017-11-09T11:17:24.042109658Z: [   11.162164] Fusion MPT base driver 3.04.20
[STDERR  ] 2017-11-09T11:17:24.042117954Z: [   11.162436] Copyright (c) 1999-2008 LSI Corporation
[STDERR  ] 2017-11-09T11:17:24.042126711Z: [   11.163102] Fusion MPT SPI Host driver 3.04.20
[STDERR  ] 2017-11-09T11:17:24.04213844Z: [   11.165647] i8042: PNP: PS/2 Controller [PNP0303:KBD,PNP0f13:MOU] at 0x60,0x64 irq 1,12
[STDERR  ] 2017-11-09T11:17:24.042147031Z: [   11.169774] serio: i8042 KBD port at 0x60,0x64 irq 1
[STDERR  ] 2017-11-09T11:17:24.042156223Z: [   11.170912] serio: i8042 AUX port at 0x60,0x64 irq 12
[STDERR  ] 2017-11-09T11:17:24.042164885Z: [   11.173902] hv_vmbus: registering driver hyperv_keyboard
[STDERR  ] 2017-11-09T11:17:24.042173069Z: [   11.176062] mousedev: PS/2 mouse device common for all mice
[STDERR  ] 2017-11-09T11:17:24.042181732Z: [   11.181187] input: AT Translated Set 2 keyboard as /devices/platform/i8042/serio0/input/input1
[STDERR  ] 2017-11-09T11:17:24.042189928Z: [   11.184099] input: PC Speaker as /devices/platform/pcspkr/input/input2
[STDERR  ] 2017-11-09T11:17:24.042197594Z: [   11.187649] rtc_cmos 00:00: RTC can wake from S4
[STDERR  ] 2017-11-09T11:17:24.042206042Z: [   11.191350] rtc_cmos 00:00: rtc core: registered rtc_cmos as rtc0
[STDERR  ] 2017-11-09T11:17:24.042213591Z: [   11.192686] rtc_cmos 00:00: alarms up to one day, y3k, 114 bytes nvram, hpet irqs
[STDERR  ] 2017-11-09T11:17:24.042228443Z: [   11.193468] i2c /dev entries driver
[STDERR  ] 2017-11-09T11:17:24.042239754Z: [   11.195454] device-mapper: ioctl: 4.35.0-ioctl (2016-06-23) initialised: dm-devel@redhat.com
[STDERR  ] 2017-11-09T11:17:24.042248235Z: [   11.200612] usbcore: registered new interface driver usbhid
[STDERR  ] 2017-11-09T11:17:24.042256843Z: [   11.200997] usbhid: USB HID core driver
[STDERR  ] 2017-11-09T11:17:24.042264694Z: [   11.201693] hv_utils: Registering HyperV Utility Driver
[STDERR  ] 2017-11-09T11:17:24.042273972Z: [   11.202021] hv_vmbus: registering driver hv_util
[STDERR  ] 2017-11-09T11:17:24.042281685Z: [   11.202283] hv_vmbus: registering driver hv_balloon
[STDERR  ] 2017-11-09T11:17:24.042289639Z: [   11.202841] oprofile: using NMI interrupt.
[STDERR  ] 2017-11-09T11:17:24.042299099Z: [   11.203988] GACT probability on
[STDERR  ] 2017-11-09T11:17:24.042308213Z: [   11.204497] Mirror/redirect action on
[STDERR  ] 2017-11-09T11:17:24.042316435Z: [   11.205386] Simple TC action Loaded
[STDERR  ] 2017-11-09T11:17:24.04232477Z: [   11.205918] u32 classifier
[STDERR  ] 2017-11-09T11:17:24.042334332Z: [   11.206090]     Performance counters on
[STDERR  ] 2017-11-09T11:17:24.042348343Z: [   11.206327]     input device check on
[STDERR  ] 2017-11-09T11:17:24.042356469Z: [   11.206547]     Actions configured
[STDERR  ] 2017-11-09T11:17:24.042364011Z: [   11.207186] Netfilter messages via NETLINK v0.30.
[STDERR  ] 2017-11-09T11:17:24.042371741Z: [   11.207799] nfnl_acct: registering with nfnetlink.
[STDERR  ] 2017-11-09T11:17:24.042385485Z: [   11.209339] nf_conntrack version 0.5.0 (8192 buckets, 32768 max)
[STDERR  ] 2017-11-09T11:17:24.042394903Z: [   11.212845] ctnetlink v0.93: registering with nfnetlink.
[STDERR  ] 2017-11-09T11:17:24.042403675Z: [   11.216108] nf_tables: (c) 2007-2009 Patrick McHardy <kaber@trash.net>
[STDERR  ] 2017-11-09T11:17:24.042412383Z: [   11.217036] nf_tables_compat: (c) 2012 Pablo Neira Ayuso <pablo@netfilter.org>
[STDERR  ] 2017-11-09T11:17:24.042421607Z: [   11.219937] xt_time: kernel timezone is -0000
[STDERR  ] 2017-11-09T11:17:24.042434659Z: [   11.220969] ip_set: protocol 6
[STDERR  ] 2017-11-09T11:17:24.042443539Z: [   11.221654] IPVS: Registered protocols (TCP, UDP, SCTP, AH, ESP)
[STDERR  ] 2017-11-09T11:17:24.042452118Z: [   11.222267] IPVS: Connection hash table configured (size=4096, memory=64Kbytes)
[STDERR  ] 2017-11-09T11:17:24.04246071Z: [   11.224093] IPVS: Creating netns size=2104 id=0
[STDERR  ] 2017-11-09T11:17:24.042469743Z: [   11.226841] IPVS: ipvs loaded.
[STDERR  ] 2017-11-09T11:17:24.042477146Z: [   11.227256] IPVS: [rr] scheduler registered.
[STDERR  ] 2017-11-09T11:17:24.042483007Z: [   11.227569] IPVS: [wrr] scheduler registered.
[STDERR  ] 2017-11-09T11:17:24.042488776Z: [   11.227877] IPVS: [lc] scheduler registered.
[STDERR  ] 2017-11-09T11:17:24.042494531Z: [   11.228161] IPVS: [wlc] scheduler registered.
[STDERR  ] 2017-11-09T11:17:24.042500393Z: [   11.228417] IPVS: [fo] scheduler registered.
[STDERR  ] 2017-11-09T11:17:24.042506274Z: [   11.228675] IPVS: [ovf] scheduler registered.
[STDERR  ] 2017-11-09T11:17:24.042512305Z: [   11.229132] IPVS: [lblc] scheduler registered.
[STDERR  ] 2017-11-09T11:17:24.042518108Z: [   11.229565] IPVS: [lblcr] scheduler registered.
[STDERR  ] 2017-11-09T11:17:24.042523748Z: [   11.229870] IPVS: [dh] scheduler registered.
[STDERR  ] 2017-11-09T11:17:24.042529343Z: [   11.230766] IPVS: [sh] scheduler registered.
[STDERR  ] 2017-11-09T11:17:24.042537401Z: [   11.231027] IPVS: [sed] scheduler registered.
[STDERR  ] 2017-11-09T11:17:24.042542982Z: [   11.231337] IPVS: [nq] scheduler registered.
[STDERR  ] 2017-11-09T11:17:24.042548758Z: [   11.232138] IPVS: ftp: loaded support on port[0] = 21
[STDERR  ] 2017-11-09T11:17:24.042554836Z: [   11.233018] ipip: IPv4 and MPLS over IPv4 tunneling driver
[STDERR  ] 2017-11-09T11:17:24.042560838Z: [   11.237027] gre: GRE over IPv4 demultiplexor driver
[STDERR  ] 2017-11-09T11:17:24.042567018Z: [   11.239580] ip_tables: (C) 2000-2006 Netfilter Core Team
[STDERR  ] 2017-11-09T11:17:24.042573439Z: [   11.243436] ipt_CLUSTERIP: ClusterIP Version 0.8 loaded successfully
[STDERR  ] 2017-11-09T11:17:24.042579724Z: [   11.244329] arp_tables: arp_tables: (C) 2002 David S. Miller
[STDERR  ] 2017-11-09T11:17:24.042585352Z: [   11.246690] NET: Registered protocol family 10
[STDERR  ] 2017-11-09T11:17:24.042590953Z: [   11.256408] ip6_tables: (C) 2000-2006 Netfilter Core Team
[STDERR  ] 2017-11-09T11:17:24.042596659Z: [   11.264883] NET: Registered protocol family 17
[STDERR  ] 2017-11-09T11:17:24.042604586Z: [   11.266003] Bridge firewalling registered
[STDERR  ] 2017-11-09T11:17:24.04261019Z: [   11.266543] Ebtables v2.0 registered
[STDERR  ] 2017-11-09T11:17:24.042615736Z: [   11.268457] 8021q: 802.1Q VLAN Support v1.8
[STDERR  ] 2017-11-09T11:17:24.042621456Z: [   11.269921] 9pnet: Installing 9P2000 support
[STDERR  ] 2017-11-09T11:17:24.042626993Z: [   11.271936] Key type dns_resolver registered
[STDERR  ] 2017-11-09T11:17:24.042632528Z: [   11.272864] microcode: AMD CPU family 0x6 not supported
[STDERR  ] 2017-11-09T11:17:24.042638229Z: [   11.276547] registered taskstats version 1
[STDERR  ] 2017-11-09T11:17:24.04264869Z: [   11.449722] Key type big_key registered
[STDERR  ] 2017-11-09T11:17:24.042654468Z: [   11.474758] ata4: SATA link down (SStatus 0 SControl 300)
[STDERR  ] 2017-11-09T11:17:24.042660122Z: [   11.477937] ata3: SATA link up 1.5 Gbps (SStatus 113 SControl 300)
[STDERR  ] 2017-11-09T11:17:24.042665882Z: [   11.481473] ata2: SATA link up 1.5 Gbps (SStatus 113 SControl 300)
[STDERR  ] 2017-11-09T11:17:24.042671419Z: [   11.483717] ata2.00: ATA-7: QEMU HARDDISK, 2.5+, max UDMA/100
[STDERR  ] 2017-11-09T11:17:24.042677065Z: [   11.484154] ata2.00: 1048576 sectors, multi 16: LBA48 NCQ (depth 31/32)
[STDERR  ] 2017-11-09T11:17:24.042682596Z: [   11.484783] ata2.00: applying bridge limits
[STDERR  ] 2017-11-09T11:17:24.042691007Z: [   11.486620] ata2.00: configured for UDMA/100
[STDERR  ] 2017-11-09T11:17:24.042696732Z: [   11.487345] ata1: SATA link up 1.5 Gbps (SStatus 113 SControl 300)
[STDERR  ] 2017-11-09T11:17:24.0427058Z: [   11.488017] ata1.00: ATA-7: QEMU HARDDISK, 2.5+, max UDMA/100
[STDERR  ] 2017-11-09T11:17:24.042711791Z: [   11.488387] ata1.00: 1048576 sectors, multi 16: LBA48 NCQ (depth 31/32)
[STDERR  ] 2017-11-09T11:17:24.042718324Z: [   11.488826] ata1.00: applying bridge limits
[STDERR  ] 2017-11-09T11:17:24.042723943Z: [   11.489368] ata1.00: configured for UDMA/100
[STDERR  ] 2017-11-09T11:17:24.042729422Z: [   11.491605] ata6: SATA link down (SStatus 0 SControl 300)
[STDERR  ] 2017-11-09T11:17:24.042735125Z: [   11.492181] ata5: SATA link down (SStatus 0 SControl 300)
[STDERR  ] 2017-11-09T11:17:24.042741343Z: [   11.499999] ata3.00: ATAPI: QEMU DVD-ROM, 2.5+, max UDMA/100
[STDERR  ] 2017-11-09T11:17:24.042747485Z: [   11.501051] ata3.00: applying bridge limits
[STDERR  ] 2017-11-09T11:17:24.042753219Z: [   11.509980] ata3.00: configured for UDMA/100
[STDERR  ] 2017-11-09T11:17:24.042758776Z: [   11.523341] scsi 0:0:0:0: Direct-Access     ATA      QEMU HARDDISK    2.5+ PQ: 0 ANSI: 5
[STDERR  ] 2017-11-09T11:17:24.042764969Z: [   11.542849] sd 0:0:0:0: Attached scsi generic sg0 type 0
[STDERR  ] 2017-11-09T11:17:24.042770757Z: [   11.547740] sd 0:0:0:0: [sda] 1048576 512-byte logical blocks: (537 MB/512 MiB)
[STDERR  ] 2017-11-09T11:17:24.042776649Z: [   11.552779] sd 0:0:0:0: [sda] Write Protect is off
[STDERR  ] 2017-11-09T11:17:24.04278232Z: [   11.554717] scsi 1:0:0:0: Direct-Access     ATA      QEMU HARDDISK    2.5+ PQ: 0 ANSI: 5
[STDERR  ] 2017-11-09T11:17:24.042788097Z: [   11.558113] sd 1:0:0:0: [sdb] 1048576 512-byte logical blocks: (537 MB/512 MiB)
[STDERR  ] 2017-11-09T11:17:24.042793797Z: [   11.559697] sd 0:0:0:0: [sda] Write cache: enabled, read cache: enabled, doesn't support DPO or FUA
[STDERR  ] 2017-11-09T11:17:24.042800045Z: [   11.561443] sd 1:0:0:0: [sdb] Write Protect is off
[STDERR  ] 2017-11-09T11:17:24.042806049Z: [   11.564288] sd 1:0:0:0: [sdb] Write cache: enabled, read cache: enabled, doesn't support DPO or FUA
[STDERR  ] 2017-11-09T11:17:24.042811876Z: [   11.568013] sd 1:0:0:0: Attached scsi generic sg1 type 0
[STDERR  ] 2017-11-09T11:17:24.042817784Z: [   11.583397] scsi 2:0:0:0: CD-ROM            QEMU     QEMU DVD-ROM     2.5+ PQ: 0 ANSI: 5
[STDERR  ] 2017-11-09T11:17:24.042823277Z: [   11.593549] Key type encrypted registered
[STDERR  ] 2017-11-09T11:17:24.042828986Z: [   11.611691] rtc_cmos 00:00: setting system clock to 2017-11-09 11:16:35 UTC (1510226195)
[STDERR  ] 2017-11-09T11:17:24.042837164Z: [   11.621216] sr 2:0:0:0: [sr0] scsi3-mmc drive: 4x/4x cd/rw xa/form2 tray
[STDERR  ] 2017-11-09T11:17:24.042843105Z: [   11.621687] cdrom: Uniform CD-ROM driver Revision: 3.20
[STDERR  ] 2017-11-09T11:17:24.0428514Z: [   11.632479] sd 0:0:0:0: [sda] Attached SCSI disk
[STDERR  ] 2017-11-09T11:17:24.042857183Z: [   11.633228] sr 2:0:0:0: Attached scsi generic sg2 type 5
[STDERR  ] 2017-11-09T11:17:24.042863168Z: [   11.637597] sd 1:0:0:0: [sdb] Attached SCSI disk
[STDERR  ] 2017-11-09T11:17:24.04287232Z: [   11.777338] Freeing unused kernel memory: 1380K
[STDERR  ] 2017-11-09T11:17:24.042878051Z: [   11.777611] Write protecting the kernel read-only data: 12288k
[STDERR  ] 2017-11-09T11:17:24.042886943Z: [   11.785536] Freeing unused kernel memory: 140K
[STDERR  ] 2017-11-09T11:17:24.042892742Z: [   11.905631] Freeing unused kernel memory: 1400K
[STDERR  ] 2017-11-09T11:17:24.042898474Z: [   11.906364] tsc: Refined TSC clocksource calibration: 2599.889 MHz
[STDERR  ] 2017-11-09T11:17:24.042904106Z: [   11.906904] clocksource: tsc: mask: 0xffffffffffffffff max_cycles: 0x2579d3451b1, max_idle_ns: 440795286482 ns
[STDERR  ] 2017-11-09T11:17:24.04290981Z: [   12.920936] clocksource: Switched to clocksource tsc
[STDERR  ] 2017-11-09T11:17:24.042919689Z: 
[STDERR  ] 2017-11-09T11:17:24.042926105Z: Welcome to LinuxKit
[STDERR  ] 2017-11-09T11:17:24.042931711Z: 
[STDERR  ] 2017-11-09T11:17:24.042937402Z:                         ##         .
[STDERR  ] 2017-11-09T11:17:24.042943562Z:                   ## ## ##        ==
[STDERR  ] 2017-11-09T11:17:24.042953472Z:                ## ## ## ## ##    ===
[STDERR  ] 2017-11-09T11:17:24.042959138Z:            /"""""""""""""""""\___/ ===
[STDERR  ] 2017-11-09T11:17:24.042964853Z:           {                       /  ===-
[STDERR  ] 2017-11-09T11:17:24.042970325Z:            \______ O           __/
[STDERR  ] 2017-11-09T11:17:24.042975996Z:              \    \         __/
[STDERR  ] 2017-11-09T11:17:24.042981676Z:               \____\_______/
[STDERR  ] 2017-11-09T11:17:24.042987533Z: 
[STDERR  ] 2017-11-09T11:17:24.042993091Z: [   32.328891] IPVS: Creating netns size=2104 id=1
[STDERR  ] 2017-11-09T11:17:24.04299882Z: [   32.329287] IPVS: ftp: loaded support on port[0] = 21
[STDERR  ] 2017-11-09T11:17:24.043024874Z: 2017/11/09 11:16:57 Considering auto format for device /dev/sda
[STDERR  ] 2017-11-09T11:17:24.043034829Z: 2017/11/09 11:16:57 Checking if /dev/sda is empty
[STDERR  ] 2017-11-09T11:17:24.043042947Z: 2017/11/09 11:16:57 blkid did not find any existing content on /dev/sda.
[STDERR  ] 2017-11-09T11:17:24.043051324Z: 2017/11/09 11:16:57 Creating partition on /dev/sda
[STDERR  ] 2017-11-09T11:17:24.0430588Z: [   33.587972]  sda:
[STDERR  ] 2017-11-09T11:17:24.043066907Z: [   33.662221]  sda:
[STDERR  ] 2017-11-09T11:17:24.043074483Z: [   33.693465]  sda: sda1
[STDERR  ] 2017-11-09T11:17:24.043082214Z: [   33.770958]  sda: sda1
[STDERR  ] 2017-11-09T11:17:24.04309009Z: 2017/11/09 11:16:59 Partition /dev/sda1 successfully created!
[STDERR  ] 2017-11-09T11:17:24.043098652Z: [   36.388119] IPVS: Creating netns size=2104 id=2
[STDERR  ] 2017-11-09T11:17:24.043107088Z: [   36.388403] IPVS: ftp: loaded support on port[0] = 21
[STDERR  ] 2017-11-09T11:17:24.043115346Z: 2017/11/09 11:17:01 Considering auto format for device /dev/sdb
[STDERR  ] 2017-11-09T11:17:24.043124492Z: 2017/11/09 11:17:01 Checking if /dev/sdb is empty
[STDERR  ] 2017-11-09T11:17:24.043132516Z: 2017/11/09 11:17:01 blkid did not find any existing content on /dev/sdb.
[STDERR  ] 2017-11-09T11:17:24.043141154Z: 2017/11/09 11:17:01 Creating partition on /dev/sdb
[STDERR  ] 2017-11-09T11:17:24.043149366Z: [   37.666983]  sdb:
[STDERR  ] 2017-11-09T11:17:24.043157683Z: [   37.738526]  sdb:
[STDERR  ] 2017-11-09T11:17:24.043165786Z: [   37.770798]  sdb: sdb1
[STDERR  ] 2017-11-09T11:17:24.043174456Z: [   37.840767]  sdb: sdb1
[STDERR  ] 2017-11-09T11:17:24.043182694Z: 2017/11/09 11:17:03 Partition /dev/sdb1 successfully created!
[STDERR  ] 2017-11-09T11:17:24.043190641Z: [   40.462004] IPVS: Creating netns size=2104 id=3
[STDERR  ] 2017-11-09T11:17:24.043198653Z: [   40.462358] IPVS: ftp: loaded support on port[0] = 21
[STDERR  ] 2017-11-09T11:17:24.043206602Z: 2017/11/09 11:17:05 Considering auto format for device /dev/sda
[STDERR  ] 2017-11-09T11:17:24.043214668Z: 2017/11/09 11:17:05 Checking if /dev/sda is empty
[STDERR  ] 2017-11-09T11:17:24.04323254Z: 2017/11/09 11:17:05 /dev/sda has content. blkid returned: /dev/sda: PTUUID="a8eaac45" PTTYPE="dos"
[STDERR  ] 2017-11-09T11:17:24.043240842Z: 2017/11/09 11:17:05 No eligible disks found
[STDERR  ] 2017-11-09T11:17:24.0432487Z: [   42.152638] IPVS: Creating netns size=2104 id=4
[STDERR  ] 2017-11-09T11:17:24.043256745Z: [   42.152930] IPVS: ftp: loaded support on port[0] = 21
[STDERR  ] 2017-11-09T11:17:24.043269287Z: 2017/11/09 11:17:07 Clearing partitions on /dev/sdb because forced format was requested
[STDERR  ] 2017-11-09T11:17:24.043277864Z: [   43.240713]  sdb:
[STDERR  ] 2017-11-09T11:17:24.043285859Z: 2017/11/09 11:17:07 Creating partition on /dev/sdb
[STDERR  ] 2017-11-09T11:17:24.043293921Z: [   43.348386]  sdb:
[STDERR  ] 2017-11-09T11:17:24.043302485Z: [   43.416494]  sdb:
[STDERR  ] 2017-11-09T11:17:24.043311215Z: [   43.447258]  sdb: sdb1
[STDERR  ] 2017-11-09T11:17:24.043319096Z: [   43.520794]  sdb: sdb1
[STDERR  ] 2017-11-09T11:17:24.043327654Z: [   45.112992] mkfs.xfs: sending ioctl 1261 to a partition!
[STDERR  ] 2017-11-09T11:17:24.043335738Z: 2017/11/09 11:17:09 Partition /dev/sdb1 successfully created!
[STDERR  ] 2017-11-09T11:17:24.043343834Z: [   45.744754] IPVS: Creating netns size=2104 id=5
[STDERR  ] 2017-11-09T11:17:24.043355546Z: [   45.745062] IPVS: ftp: loaded support on port[0] = 21
[STDERR  ] 2017-11-09T11:17:24.043364026Z: === forcing device discovery (attempt 1) ===
[STDERR  ] 2017-11-09T11:17:24.043372192Z: === /dev list (attempt 1) ===
[STDERR  ] 2017-11-09T11:17:24.043381066Z: total 0
[STDERR  ] 2017-11-09T11:17:24.04338911Z: drwxr-xr-x    8 root     root          2840 Nov  9 11:17 [1;34m.[0m
[STDERR  ] 2017-11-09T11:17:24.043397485Z: drwxr-xr-x    1 root     root            60 Nov  9 11:17 [1;34m..[0m
[STDERR  ] 2017-11-09T11:17:24.043405677Z: drwxr-xr-x    2 root     root           100 Nov  9 11:17 [1;34mbsg[0m
[STDERR  ] 2017-11-09T11:17:24.043413561Z: crw-rw----    1 root     root       10,  63 Nov  9 11:17 [1;35mcachefiles[0m
[STDERR  ] 2017-11-09T11:17:24.04342149Z: crw-rw----    1 root     root        5,   1 Nov  9 11:17 [1;35mconsole[0m
[STDERR  ] 2017-11-09T11:17:24.043429612Z: lrwxrwxrwx    1 root     root            11 Nov  9 11:17 [1;36mcore[0m -> [0;0m/proc/kcore[0m
[STDERR  ] 2017-11-09T11:17:24.043438265Z: drwxr-xr-x    3 root     root            60 Nov  9 11:17 [1;34mcpu[0m
[STDERR  ] 2017-11-09T11:17:24.043446232Z: crw-rw----    1 root     root       10,  62 Nov  9 11:17 [1;35mcpu_dma_latency[0m
[STDERR  ] 2017-11-09T11:17:24.043454169Z: crw-rw----    1 root     root       10, 203 Nov  9 11:17 [1;35mcuse[0m
[STDERR  ] 2017-11-09T11:17:24.04346217Z: lrwxrwxrwx    1 root     root            13 Nov  9 11:17 [1;36mfd[0m -> [1;34m/proc/self/fd[0m
[STDERR  ] 2017-11-09T11:17:24.043470287Z: crw-rw----    1 root     root        1,   7 Nov  9 11:17 [1;35mfull[0m
[STDERR  ] 2017-11-09T11:17:24.043478469Z: crw-rw----    1 root     root       10, 229 Nov  9 11:17 [1;35mfuse[0m
[STDERR  ] 2017-11-09T11:17:24.043487243Z: crw-rw----    1 root     root       10, 228 Nov  9 11:17 [1;35mhpet[0m
[STDERR  ] 2017-11-09T11:17:24.043495153Z: crw-rw----    1 root     root       10, 183 Nov  9 11:17 [1;35mhwrng[0m
[STDERR  ] 2017-11-09T11:17:24.043503223Z: drwxr-xr-x    2 root     root           120 Nov  9 11:17 [1;34minput[0m
[STDERR  ] 2017-11-09T11:17:24.043511139Z: crw-rw----    1 root     root        1,  11 Nov  9 11:17 [1;35mkmsg[0m
[STDERR  ] 2017-11-09T11:17:24.043519037Z: crw-rw----    1 root     root       10, 237 Nov  9 11:17 [1;35mloop-control[0m
[STDERR  ] 2017-11-09T11:17:24.043527038Z: brw-rw----    1 root     root        7,   0 Nov  9 11:17 [1;35mloop0[0m
[STDERR  ] 2017-11-09T11:17:24.043534933Z: brw-rw----    1 root     root        7,   1 Nov  9 11:17 [1;35mloop1[0m
[STDERR  ] 2017-11-09T11:17:24.043542841Z: brw-rw----    1 root     root        7,   2 Nov  9 11:17 [1;35mloop2[0m
[STDERR  ] 2017-11-09T11:17:24.043550903Z: brw-rw----    1 root     root        7,   3 Nov  9 11:17 [1;35mloop3[0m
[STDERR  ] 2017-11-09T11:17:24.043558887Z: brw-rw----    1 root     root        7,   4 Nov  9 11:17 [1;35mloop4[0m
[STDERR  ] 2017-11-09T11:17:24.043569413Z: brw-rw----    1 root     root        7,   5 Nov  9 11:17 [1;35mloop5[0m
[STDERR  ] 2017-11-09T11:17:24.043577281Z: brw-rw----    1 root     root        7,   6 Nov  9 11:17 [1;35mloop6[0m
[STDERR  ] 2017-11-09T11:17:24.043589114Z: brw-rw----    1 root     root        7,   7 Nov  9 11:17 [1;35mloop7[0m
[STDERR  ] 2017-11-09T11:17:24.04359733Z: drwxr-xr-x    2 root     root            60 Nov  9 11:17 [1;34mmapper[0m
[STDERR  ] 2017-11-09T11:17:24.043605303Z: crw-rw----    1 root     root        1,   1 Nov  9 11:17 [1;35mmem[0m
[STDERR  ] 2017-11-09T11:17:24.043613632Z: crw-rw----    1 root     root       10,  59 Nov  9 11:17 [1;35mmemory_bandwidth[0m
[STDERR  ] 2017-11-09T11:17:24.043621593Z: brw-rw----    1 root     root       43,   0 Nov  9 11:17 [1;35mnbd0[0m
[STDERR  ] 2017-11-09T11:17:24.043629548Z: brw-rw----    1 root     root       43,   1 Nov  9 11:17 [1;35mnbd1[0m
[STDERR  ] 2017-11-09T11:17:24.043637471Z: brw-rw----    1 root     root       43,  10 Nov  9 11:17 [1;35mnbd10[0m
[STDERR  ] 2017-11-09T11:17:24.043645456Z: brw-rw----    1 root     root       43,  11 Nov  9 11:17 [1;35mnbd11[0m
[STDERR  ] 2017-11-09T11:17:24.043656779Z: brw-rw----    1 root     root       43,  12 Nov  9 11:17 [1;35mnbd12[0m
[STDERR  ] 2017-11-09T11:17:24.043664856Z: brw-rw----    1 root     root       43,  13 Nov  9 11:17 [1;35mnbd13[0m
[STDERR  ] 2017-11-09T11:17:24.043672782Z: brw-rw----    1 root     root       43,  14 Nov  9 11:17 [1;35mnbd14[0m
[STDERR  ] 2017-11-09T11:17:24.043680687Z: brw-rw----    1 root     root       43,  15 Nov  9 11:17 [1;35mnbd15[0m
[STDERR  ] 2017-11-09T11:17:24.043688613Z: brw-rw----    1 root     root       43,   2 Nov  9 11:17 [1;35mnbd2[0m
[STDERR  ] 2017-11-09T11:17:24.043696534Z: brw-rw----    1 root     root       43,   3 Nov  9 11:17 [1;35mnbd3[0m
[STDERR  ] 2017-11-09T11:17:24.043704503Z: brw-rw----    1 root     root       43,   4 Nov  9 11:17 [1;35mnbd4[0m
[STDERR  ] 2017-11-09T11:17:24.04371241Z: brw-rw----    1 root     root       43,   5 Nov  9 11:17 [1;35mnbd5[0m
[STDERR  ] 2017-11-09T11:17:24.043720286Z: brw-rw----    1 root     root       43,   6 Nov  9 11:17 [1;35mnbd6[0m
[STDERR  ] 2017-11-09T11:17:24.043729351Z: brw-rw----    1 root     root       43,   7 Nov  9 11:17 [1;35mnbd7[0m
[STDERR  ] 2017-11-09T11:17:24.043740309Z: brw-rw----    1 root     root       43,   8 Nov  9 11:17 [1;35mnbd8[0m
[STDERR  ] 2017-11-09T11:17:24.043748874Z: brw-rw----    1 root     root       43,   9 Nov  9 11:17 [1;35mnbd9[0m
[STDERR  ] 2017-11-09T11:17:24.043757535Z: drwxr-xr-x    2 root     root            60 Nov  9 11:17 [1;34mnet[0m
[STDERR  ] 2017-11-09T11:17:24.043766139Z: crw-rw----    1 root     root       10,  61 Nov  9 11:17 [1;35mnetwork_latency[0m
[STDERR  ] 2017-11-09T11:17:24.043774683Z: crw-rw----    1 root     root       10,  60 Nov  9 11:17 [1;35mnetwork_throughput[0m
[STDERR  ] 2017-11-09T11:17:24.043782644Z: crw-rw----    1 root     root        1,   3 Nov  9 11:17 [1;35mnull[0m
[STDERR  ] 2017-11-09T11:17:24.043790744Z: crw-rw----    1 root     root       10, 144 Nov  9 11:17 [1;35mnvram[0m
[STDERR  ] 2017-11-09T11:17:24.043799074Z: crw-rw----    1 root     root        1,   4 Nov  9 11:17 [1;35mport[0m
[STDERR  ] 2017-11-09T11:17:24.043807285Z: crw-rw----    1 root     root       10,   1 Nov  9 11:17 [1;35mpsaux[0m
[STDERR  ] 2017-11-09T11:17:24.043815278Z: lrwxrwxrwx    1 root     root             8 Nov  9 11:17 [1;36mptmx[0m -> [1;35mpts/ptmx[0m
[STDERR  ] 2017-11-09T11:17:24.043823338Z: drwxr-xr-x    2 root     root             0 Nov  9 11:17 [1;34mpts[0m
[STDERR  ] 2017-11-09T11:17:24.0438338Z: crw-rw----    1 root     root        1,   8 Nov  9 11:17 [1;35mrandom[0m
[STDERR  ] 2017-11-09T11:17:24.043841806Z: crw-rw----    1 root     root      254,   0 Nov  9 11:17 [1;35mrtc0[0m
[STDERR  ] 2017-11-09T11:17:24.043850026Z: brw-rw----    1 root     root        8,   0 Nov  9 11:17 [1;35msda[0m
[STDERR  ] 2017-11-09T11:17:24.043857921Z: brw-rw----    1 root     root        8,   1 Nov  9 11:17 [1;35msda1[0m
[STDERR  ] 2017-11-09T11:17:24.043866263Z: brw-rw----    1 root     root        8,  16 Nov  9 11:17 [1;35msdb[0m
[STDERR  ] 2017-11-09T11:17:24.043875207Z: brw-rw----    1 root     root        8,  17 Nov  9 11:17 [1;35msdb1[0m
[STDERR  ] 2017-11-09T11:17:24.043886728Z: crw-rw----    1 root     root       21,   0 Nov  9 11:17 [1;35msg0[0m
[STDERR  ] 2017-11-09T11:17:24.04389477Z: crw-rw----    1 root     root       21,   1 Nov  9 11:17 [1;35msg1[0m
[STDERR  ] 2017-11-09T11:17:24.043902815Z: crw-rw----    1 root     root       21,   2 Nov  9 11:17 [1;35msg2[0m
[STDERR  ] 2017-11-09T11:17:24.043915831Z: brw-rw----    1 root     root       11,   0 Nov  9 11:17 [1;35msr0[0m
[STDERR  ] 2017-11-09T11:17:24.043923829Z: lrwxrwxrwx    1 root     root            15 Nov  9 11:17 [1;36mstderr[0m -> [1;35m/proc/self/fd/2[0m
[STDERR  ] 2017-11-09T11:17:24.043932167Z: lrwxrwxrwx    1 root     root            15 Nov  9 11:17 [1;36mstdin[0m -> [1;35m/proc/self/fd/0[0m
[STDERR  ] 2017-11-09T11:17:24.043943326Z: lrwxrwxrwx    1 root     root            15 Nov  9 11:17 [1;36mstdout[0m -> [1;35m/proc/self/fd/1[0m
[STDERR  ] 2017-11-09T11:17:24.043955228Z: crw-rw----    1 root     root        5,   0 Nov  9 11:17 [1;35mtty[0m
[STDERR  ] 2017-11-09T11:17:24.043963433Z: crw-rw----    1 root     root        4,   0 Nov  9 11:17 [1;35mtty0[0m
[STDERR  ] 2017-11-09T11:17:24.043971457Z: crw-rw----    1 root     root        4,   1 Nov  9 11:17 [1;35mtty1[0m
[STDERR  ] 2017-11-09T11:17:24.043979981Z: crw-rw----    1 root     root        4,  10 Nov  9 11:17 [1;35mtty10[0m
[STDERR  ] 2017-11-09T11:17:24.043988069Z: crw-rw----    1 root     root        4,  11 Nov  9 11:17 [1;35mtty11[0m
[STDERR  ] 2017-11-09T11:17:24.043996447Z: crw-rw----    1 root     root        4,  12 Nov  9 11:17 [1;35mtty12[0m
[STDERR  ] 2017-11-09T11:17:24.044004436Z: crw-rw----    1 root     root        4,  13 Nov  9 11:17 [1;35mtty13[0m
[STDERR  ] 2017-11-09T11:17:24.044012481Z: crw-rw----    1 root     root        4,  14 Nov  9 11:17 [1;35mtty14[0m
[STDERR  ] 2017-11-09T11:17:24.044020544Z: crw-rw----    1 root     root        4,  15 Nov  9 11:17 [1;35mtty15[0m
[STDERR  ] 2017-11-09T11:17:24.044028528Z: crw-rw----    1 root     root        4,  16 Nov  9 11:17 [1;35mtty16[0m
[STDERR  ] 2017-11-09T11:17:24.044037638Z: crw-rw----    1 root     root        4,  17 Nov  9 11:17 [1;35mtty17[0m
[STDERR  ] 2017-11-09T11:17:24.044045922Z: crw-rw----    1 root     root        4,  18 Nov  9 11:17 [1;35mtty18[0m
[STDERR  ] 2017-11-09T11:17:24.044053924Z: crw-rw----    1 root     root        4,  19 Nov  9 11:17 [1;35mtty19[0m
[STDERR  ] 2017-11-09T11:17:24.044061883Z: crw-rw----    1 root     root        4,   2 Nov  9 11:17 [1;35mtty2[0m
[STDERR  ] 2017-11-09T11:17:24.044069848Z: crw-rw----    1 root     root        4,  20 Nov  9 11:17 [1;35mtty20[0m
[STDERR  ] 2017-11-09T11:17:24.04407784Z: crw-rw----    1 root     root        4,  21 Nov  9 11:17 [1;35mtty21[0m
[STDERR  ] 2017-11-09T11:17:24.044086013Z: crw-rw----    1 root     root        4,  22 Nov  9 11:17 [1;35mtty22[0m
[STDERR  ] 2017-11-09T11:17:24.044094398Z: crw-rw----    1 root     root        4,  23 Nov  9 11:17 [1;35mtty23[0m
[STDERR  ] 2017-11-09T11:17:24.044102469Z: crw-rw----    1 root     root        4,  24 Nov  9 11:17 [1;35mtty24[0m
[STDERR  ] 2017-11-09T11:17:24.044110534Z: crw-rw----    1 root     root        4,  25 Nov  9 11:17 [1;35mtty25[0m
[STDERR  ] 2017-11-09T11:17:24.044120936Z: crw-rw----    1 root     root        4,  26 Nov  9 11:17 [1;35mtty26[0m
[STDERR  ] 2017-11-09T11:17:24.044128858Z: crw-rw----    1 root     root        4,  27 Nov  9 11:17 [1;35mtty27[0m
[STDERR  ] 2017-11-09T11:17:24.044136809Z: crw-rw----    1 root     root        4,  28 Nov  9 11:17 [1;35mtty28[0m
[STDERR  ] 2017-11-09T11:17:24.044144677Z: crw-rw----    1 root     root        4,  29 Nov  9 11:17 [1;35mtty29[0m
[STDERR  ] 2017-11-09T11:17:24.044152729Z: crw-rw----    1 root     root        4,   3 Nov  9 11:17 [1;35mtty3[0m
[STDERR  ] 2017-11-09T11:17:24.044161361Z: crw-rw----    1 root     root        4,  30 Nov  9 11:17 [1;35mtty30[0m
[STDERR  ] 2017-11-09T11:17:24.044174303Z: crw-rw----    1 root     root        4,  31 Nov  9 11:17 [1;35mtty31[0m
[STDERR  ] 2017-11-09T11:17:24.044185792Z: crw-rw----    1 root     root        4,  32 Nov  9 11:17 [1;35mtty32[0m
[STDERR  ] 2017-11-09T11:17:24.044194168Z: crw-rw----    1 root     root        4,  33 Nov  9 11:17 [1;35mtty33[0m
[STDERR  ] 2017-11-09T11:17:24.044204403Z: crw-rw----    1 root     root        4,  34 Nov  9 11:17 [1;35mtty34[0m
[STDERR  ] 2017-11-09T11:17:24.044212489Z: crw-rw----    1 root     root        4,  35 Nov  9 11:17 [1;35mtty35[0m
[STDERR  ] 2017-11-09T11:17:24.044225629Z: crw-rw----    1 root     root        4,  36 Nov  9 11:17 [1;35mtty36[0m
[STDERR  ] 2017-11-09T11:17:24.044234056Z: crw-rw----    1 root     root        4,  37 Nov  9 11:17 [1;35mtty37[0m
[STDERR  ] 2017-11-09T11:17:24.044242402Z: crw-rw----    1 root     root        4,  38 Nov  9 11:17 [1;35mtty38[0m
[STDERR  ] 2017-11-09T11:17:24.044250393Z: crw-rw----    1 root     root        4,  39 Nov  9 11:17 [1;35mtty39[0m
[STDERR  ] 2017-11-09T11:17:24.044262175Z: crw-rw----    1 root     root        4,   4 Nov  9 11:17 [1;35mtty4[0m
[STDERR  ] 2017-11-09T11:17:24.044270758Z: crw-rw----    1 root     root        4,  40 Nov  9 11:17 [1;35mtty40[0m
[STDERR  ] 2017-11-09T11:17:24.044278942Z: crw-rw----    1 root     root        4,  41 Nov  9 11:17 [1;35mtty41[0m
[STDERR  ] 2017-11-09T11:17:24.044287084Z: crw-rw----    1 root     root        4,  42 Nov  9 11:17 [1;35mtty42[0m
[STDERR  ] 2017-11-09T11:17:24.044295102Z: crw-rw----    1 root     root        4,  43 Nov  9 11:17 [1;35mtty43[0m
[STDERR  ] 2017-11-09T11:17:24.044303399Z: crw-rw----    1 root     root        4,  44 Nov  9 11:17 [1;35mtty44[0m
[STDERR  ] 2017-11-09T11:17:24.044311598Z: crw-rw----    1 root     root        4,  45 Nov  9 11:17 [1;35mtty45[0m
[STDERR  ] 2017-11-09T11:17:24.044319479Z: crw-rw----    1 root     root        4,  46 Nov  9 11:17 [1;35mtty46[0m
[STDERR  ] 2017-11-09T11:17:24.044328164Z: crw-rw----    1 root     root        4,  47 Nov  9 11:17 [1;35mtty47[0m
[STDERR  ] 2017-11-09T11:17:24.044336158Z: crw-rw----    1 root     root        4,  48 Nov  9 11:17 [1;35mtty48[0m
[STDERR  ] 2017-11-09T11:17:24.044344108Z: crw-rw----    1 root     root        4,  49 Nov  9 11:17 [1;35mtty49[0m
[STDERR  ] 2017-11-09T11:17:24.044352337Z: crw-rw----    1 root     root        4,   5 Nov  9 11:17 [1;35mtty5[0m
[STDERR  ] 2017-11-09T11:17:24.044360569Z: crw-rw----    1 root     root        4,  50 Nov  9 11:17 [1;35mtty50[0m
[STDERR  ] 2017-11-09T11:17:24.044368681Z: crw-rw----    1 root     root        4,  51 Nov  9 11:17 [1;35mtty51[0m
[STDERR  ] 2017-11-09T11:17:24.044376729Z: crw-rw----    1 root     root        4,  52 Nov  9 11:17 [1;35mtty52[0m
[STDERR  ] 2017-11-09T11:17:24.044384776Z: crw-rw----    1 root     root        4,  53 Nov  9 11:17 [1;35mtty53[0m
[STDERR  ] 2017-11-09T11:17:24.04439285Z: crw-rw----    1 root     root        4,  54 Nov  9 11:17 [1;35mtty54[0m
[STDERR  ] 2017-11-09T11:17:24.044400892Z: crw-rw----    1 root     root        4,  55 Nov  9 11:17 [1;35mtty55[0m
[STDERR  ] 2017-11-09T11:17:24.044408853Z: crw-rw----    1 root     root        4,  56 Nov  9 11:17 [1;35mtty56[0m
[STDERR  ] 2017-11-09T11:17:24.044418102Z: crw-rw----    1 root     root        4,  57 Nov  9 11:17 [1;35mtty57[0m
[STDERR  ] 2017-11-09T11:17:24.044426116Z: crw-rw----    1 root     root        4,  58 Nov  9 11:17 [1;35mtty58[0m
[STDERR  ] 2017-11-09T11:17:24.044434208Z: crw-rw----    1 root     root        4,  59 Nov  9 11:17 [1;35mtty59[0m
[STDERR  ] 2017-11-09T11:17:24.044442245Z: crw-rw----    1 root     root        4,   6 Nov  9 11:17 [1;35mtty6[0m
[STDERR  ] 2017-11-09T11:17:24.044450105Z: crw-rw----    1 root     root        4,  60 Nov  9 11:17 [1;35mtty60[0m
[STDERR  ] 2017-11-09T11:17:24.044458119Z: crw-rw----    1 root     root        4,  61 Nov  9 11:17 [1;35mtty61[0m
[STDERR  ] 2017-11-09T11:17:24.044465997Z: crw-rw----    1 root     root        4,  62 Nov  9 11:17 [1;35mtty62[0m
[STDERR  ] 2017-11-09T11:17:24.044474672Z: crw-rw----    1 root     root        4,  63 Nov  9 11:17 [1;35mtty63[0m
[STDERR  ] 2017-11-09T11:17:24.044482854Z: crw-rw----    1 root     root        4,   7 Nov  9 11:17 [1;35mtty7[0m
[STDERR  ] 2017-11-09T11:17:24.04449547Z: crw-rw----    1 root     root        4,   8 Nov  9 11:17 [1;35mtty8[0m
[STDERR  ] 2017-11-09T11:17:24.044503437Z: crw-rw----    1 root     root        4,   9 Nov  9 11:17 [1;35mtty9[0m
[STDERR  ] 2017-11-09T11:17:24.044511416Z: crw-rw----    1 root     root        4,  64 Nov  9 11:17 [1;35mttyS0[0m
[STDERR  ] 2017-11-09T11:17:24.044519576Z: crw-rw----    1 root     root        4,  65 Nov  9 11:17 [1;35mttyS1[0m
[STDERR  ] 2017-11-09T11:17:24.044527449Z: crw-rw----    1 root     root        4,  66 Nov  9 11:17 [1;35mttyS2[0m
[STDERR  ] 2017-11-09T11:17:24.04453644Z: crw-rw----    1 root     root        4,  67 Nov  9 11:17 [1;35mttyS3[0m
[STDERR  ] 2017-11-09T11:17:24.044544415Z: crw-rw----    1 root     root       10, 223 Nov  9 11:17 [1;35muinput[0m
[STDERR  ] 2017-11-09T11:17:24.044556261Z: crw-rw----    1 root     root        1,   9 Nov  9 11:17 [1;35murandom[0m
[STDERR  ] 2017-11-09T11:17:24.044564494Z: crw-rw----    1 root     root        7,   0 Nov  9 11:17 [1;35mvcs[0m
[STDERR  ] 2017-11-09T11:17:24.044572362Z: crw-rw----    1 root     root        7,   1 Nov  9 11:17 [1;35mvcs1[0m
[STDERR  ] 2017-11-09T11:17:24.044580532Z: crw-rw----    1 root     root        7, 128 Nov  9 11:17 [1;35mvcsa[0m
[STDERR  ] 2017-11-09T11:17:24.044588412Z: crw-rw----    1 root     root        7, 129 Nov  9 11:17 [1;35mvcsa1[0m
[STDERR  ] 2017-11-09T11:17:24.044596478Z: crw-rw----    1 root     root        1,   5 Nov  9 11:17 [1;35mzero[0m
[STDERR  ] 2017-11-09T11:17:24.044604613Z: Found /dev/sda1 and /dev/sdb1 block devices
[STDERR  ] 2017-11-09T11:17:24.044612766Z: === /dev/sda1 ===
[STDERR  ] 2017-11-09T11:17:24.044620634Z: DEVNAME=/dev/sda1
[STDERR  ] 2017-11-09T11:17:24.044628674Z: UUID=92f626da-f9bc-418d-bbfb-0a60a84db4fb
[STDERR  ] 2017-11-09T11:17:24.044638261Z: TYPE=ext4
[STDERR  ] 2017-11-09T11:17:24.044646333Z: PARTUUID=a8eaac45-01
[STDERR  ] 2017-11-09T11:17:24.044654365Z: === /dev/sdb1 ===
[STDERR  ] 2017-11-09T11:17:24.044662222Z: DEVNAME=/dev/sdb1
[STDERR  ] 2017-11-09T11:17:24.044672273Z: UUID=f6c3ed81-4a20-4cb0-8aca-6d44cac6056b
[STDERR  ] 2017-11-09T11:17:24.044680393Z: TYPE=xfs
[STDERR  ] 2017-11-09T11:17:24.044688273Z: PARTUUID=e9bf282c-01
[STDERR  ] 2017-11-09T11:17:24.044696397Z: === /dev/sda1 test ===
[STDERR  ] 2017-11-09T11:17:24.044704279Z: === /dev/sdb1 test ===
[STDERR  ] 2017-11-09T11:17:24.044712273Z: format_force test suite PASSED
[STDERR  ] 2017-11-09T11:17:24.044720391Z: [   59.343431] sd 1:0:0:0: [sdb] Synchronizing SCSI cache
[STDERR  ] 2017-11-09T11:17:24.044728925Z: [   59.354090] sd 1:0:0:0: [sdb] Stopping disk
[STDERR  ] 2017-11-09T11:17:24.044736959Z: [   59.355083] sd 0:0:0:0: [sda] Synchronizing SCSI cache
[STDERR  ] 2017-11-09T11:17:24.044744915Z: [   59.356054] sd 0:0:0:0: [sda] Stopping disk
[STDERR  ] 2017-11-09T11:17:24.044754629Z: [   59.361061] ACPI: Preparing to enter system sleep state S5
[STDERR  ] 2017-11-09T11:17:24.044762631Z: [   59.364394] reboot: Power down
[STDERR  ] 2017-11-09T11:17:24.044770736Z: + echo [    0.000000] Linux version 4.9.51-linuxkit (root@3253c0754a54) (gcc version 6.3.0 (Alpine 6.3.0) ) #1 SMP Wed Sep 20 11:32:07 UTC 2017
[STDERR  ] 2017-11-09T11:17:24.044779016Z: [    0.000000] Command line: console=ttyS0
[STDERR  ] 2017-11-09T11:17:24.044786931Z: [    0.000000] x86/fpu: Legacy x87 FPU detected.
[STDERR  ] 2017-11-09T11:17:24.044794834Z: [    0.000000] x86/fpu: Using 'eager' FPU context switches.
[STDERR  ] 2017-11-09T11:17:24.044802886Z: [    0.000000] e820: BIOS-provided physical RAM map:
[STDERR  ] 2017-11-09T11:17:24.044811033Z: [    0.000000] BIOS-e820: [mem 0x0000000000000000-0x000000000009fbff] usable
[STDERR  ] 2017-11-09T11:17:24.044819076Z: [    0.000000] BIOS-e820: [mem 0x000000000009fc00-0x000000000009ffff] reserved
[STDERR  ] 2017-11-09T11:17:24.044826997Z: [    0.000000] BIOS-e820: [mem 0x00000000000f0000-0x00000000000fffff] reserved
[STDERR  ] 2017-11-09T11:17:24.0448351Z: [    0.000000] BIOS-e820: [mem 0x0000000000100000-0x000000003ffddfff] usable
[STDERR  ] 2017-11-09T11:17:24.044847745Z: [    0.000000] BIOS-e820: [mem 0x000000003ffde000-0x000000003fffffff] reserved
[STDERR  ] 2017-11-09T11:17:24.044855918Z: [    0.000000] BIOS-e820: [mem 0x00000000b0000000-0x00000000bfffffff] reserved
[STDERR  ] 2017-11-09T11:17:24.044864474Z: [    0.000000] BIOS-e820: [mem 0x00000000fed1c000-0x00000000fed1ffff] reserved
[STDERR  ] 2017-11-09T11:17:24.044872494Z: [    0.000000] BIOS-e820: [mem 0x00000000fffc0000-0x00000000ffffffff] reserved
[STDERR  ] 2017-11-09T11:17:24.044880371Z: [    0.000000] NX (Execute Disable) protection: active
[STDERR  ] 2017-11-09T11:17:24.044888648Z: [    0.000000] SMBIOS 2.8 present.
[STDERR  ] 2017-11-09T11:17:24.044898682Z: [    0.000000] e820: last_pfn = 0x3ffde max_arch_pfn = 0x400000000
[STDERR  ] 2017-11-09T11:17:24.044906596Z: [    0.000000] x86/PAT: Configuration [0-7]: WB  WC  UC- UC  WB  WC  UC- WT  
[STDERR  ] 2017-11-09T11:17:24.044918154Z: [    0.000000] found SMP MP-table at [mem 0x000f6aa0-0x000f6aaf] mapped at [ffff988b800f6aa0]
[STDERR  ] 2017-11-09T11:17:24.04492649Z: [    0.000000] RAMDISK: [mem 0x3d0b9000-0x3ffcffff]
[STDERR  ] 2017-11-09T11:17:24.044934917Z: [    0.000000] ACPI: Early table checksum verification disabled
[STDERR  ] 2017-11-09T11:17:24.044943536Z: [    0.000000] ACPI: RSDP 0x00000000000F68C0 000014 (v00 BOCHS )
[STDERR  ] 2017-11-09T11:17:24.044951673Z: [    0.000000] ACPI: RSDT 0x000000003FFE2404 000034 (v01 BOCHS  BXPCRSDT 00000001 BXPC 00000001)
[STDERR  ] 2017-11-09T11:17:24.044959684Z: [    0.000000] ACPI: FACP 0x000000003FFE22A4 000074 (v01 BOCHS  BXPCFACP 00000001 BXPC 00000001)
[STDERR  ] 2017-11-09T11:17:24.044967704Z: [    0.000000] ACPI: DSDT 0x000000003FFE0040 002264 (v01 BOCHS  BXPCDSDT 00000001 BXPC 00000001)
[STDERR  ] 2017-11-09T11:17:24.044975685Z: [    0.000000] ACPI: FACS 0x000000003FFE0000 000040
[STDERR  ] 2017-11-09T11:17:24.044983612Z: [    0.000000] ACPI: APIC 0x000000003FFE2318 000078 (v01 BOCHS  BXPCAPIC 00000001 BXPC 00000001)
[STDERR  ] 2017-11-09T11:17:24.044991641Z: [    0.000000] ACPI: HPET 0x000000003FFE2390 000038 (v01 BOCHS  BXPCHPET 00000001 BXPC 00000001)
[STDERR  ] 2017-11-09T11:17:24.044999533Z: [    0.000000] ACPI: MCFG 0x000000003FFE23C8 00003C (v01 BOCHS  BXPCMCFG 00000001 BXPC 00000001)
[STDERR  ] 2017-11-09T11:17:24.04500786Z: [    0.000000] Zone ranges:
[STDERR  ] 2017-11-09T11:17:24.045015975Z: [    0.000000]   DMA      [mem 0x0000000000001000-0x0000000000ffffff]
[STDERR  ] 2017-11-09T11:17:24.045023985Z: [    0.000000]   DMA32    [mem 0x0000000001000000-0x000000003ffddfff]
[STDERR  ] 2017-11-09T11:17:24.045031941Z: [    0.000000]   Normal   empty
[STDERR  ] 2017-11-09T11:17:24.045039907Z: [    0.000000] Movable zone start for each node
[STDERR  ] 2017-11-09T11:17:24.045047853Z: [    0.000000] Early memory node ranges
[STDERR  ] 2017-11-09T11:17:24.045055801Z: [    0.000000]   node   0: [mem 0x0000000000001000-0x000000000009efff]
[STDERR  ] 2017-11-09T11:17:24.045063704Z: [    0.000000]   node   0: [mem 0x0000000000100000-0x000000003ffddfff]
[STDERR  ] 2017-11-09T11:17:24.045071814Z: [    0.000000] Initmem setup node 0 [mem 0x0000000000001000-0x000000003ffddfff]
[STDERR  ] 2017-11-09T11:17:24.045079669Z: [    0.000000] ACPI: PM-Timer IO Port: 0x608
[STDERR  ] 2017-11-09T11:17:24.045087015Z: [    0.000000] ACPI: LAPIC_NMI (acpi_id[0xff] dfl dfl lint[0x1])
[STDERR  ] 2017-11-09T11:17:24.045095255Z: [    0.000000] IOAPIC[0]: apic_id 0, version 32, address 0xfec00000, GSI 0-23
[STDERR  ] 2017-11-09T11:17:24.045103299Z: [    0.000000] ACPI: INT_SRC_OVR (bus 0 bus_irq 0 global_irq 2 dfl dfl)
[STDERR  ] 2017-11-09T11:17:24.045110915Z: [    0.000000] ACPI: INT_SRC_OVR (bus 0 bus_irq 5 global_irq 5 high level)
[STDERR  ] 2017-11-09T11:17:24.045118618Z: [    0.000000] ACPI: INT_SRC_OVR (bus 0 bus_irq 9 global_irq 9 high level)
[STDERR  ] 2017-11-09T11:17:24.045126995Z: [    0.000000] ACPI: INT_SRC_OVR (bus 0 bus_irq 10 global_irq 10 high level)
[STDERR  ] 2017-11-09T11:17:24.045135037Z: [    0.000000] ACPI: INT_SRC_OVR (bus 0 bus_irq 11 global_irq 11 high level)
[STDERR  ] 2017-11-09T11:17:24.045147558Z: [    0.000000] Using ACPI (MADT) for SMP configuration information
[STDERR  ] 2017-11-09T11:17:24.045155544Z: [    0.000000] ACPI: HPET id: 0x8086a201 base: 0xfed00000
[STDERR  ] 2017-11-09T11:17:24.045163449Z: [    0.000000] smpboot: Allowing 1 CPUs, 0 hotplug CPUs
[STDERR  ] 2017-11-09T11:17:24.045171764Z: [    0.000000] e820: [mem 0x40000000-0xafffffff] available for PCI devices
[STDERR  ] 2017-11-09T11:17:24.045180221Z: [    0.000000] Booting paravirtualized kernel on bare hardware
[STDERR  ] 2017-11-09T11:17:24.045189655Z: [    0.000000] clocksource: refined-jiffies: mask: 0xffffffff max_cycles: 0xffffffff, max_idle_ns: 19112604462750000 ns
[STDERR  ] 2017-11-09T11:17:24.04519844Z: [    0.000000] setup_percpu: NR_CPUS:128 nr_cpumask_bits:128 nr_cpu_ids:1 nr_node_ids:1
[STDERR  ] 2017-11-09T11:17:24.045217111Z: [    0.000000] percpu: Embedded 35 pages/cpu @ffff988bbce00000 s105240 r8192 d29928 u2097152
[STDERR  ] 2017-11-09T11:17:24.045233773Z: [    0.000000] Built 1 zonelists in Zone order, mobility grouping on.  Total pages: 257895
[STDERR  ] 2017-11-09T11:17:24.045245168Z: [    0.000000] Kernel command line: console=ttyS0
[STDERR  ] 2017-11-09T11:17:24.045254104Z: [    0.000000] PID hash table entries: 4096 (order: 3, 32768 bytes)
[STDERR  ] 2017-11-09T11:17:24.045263244Z: [    0.000000] Dentry cache hash table entries: 131072 (order: 8, 1048576 bytes)
[STDERR  ] 2017-11-09T11:17:24.045272202Z: [    0.000000] Inode-cache hash table entries: 65536 (order: 7, 524288 bytes)
[STDERR  ] 2017-11-09T11:17:24.045280574Z: [    0.000000] Memory: 965956K/1048048K available (8036K kernel code, 1367K rwdata, 2696K rodata, 1380K init, 568K bss, 82092K reserved, 0K cma-reserved)
[STDERR  ] 2017-11-09T11:17:24.045289792Z: [    0.000000] Hierarchical RCU implementation.
[STDERR  ] 2017-11-09T11:17:24.045298475Z: [    0.000000] 	Build-time adjustment of leaf fanout to 64.
[STDERR  ] 2017-11-09T11:17:24.045306777Z: [    0.000000] 	RCU restricting CPUs from NR_CPUS=128 to nr_cpu_ids=1.
[STDERR  ] 2017-11-09T11:17:24.045315116Z: [    0.000000] RCU: Adjusting geometry for rcu_fanout_leaf=64, nr_cpu_ids=1
[STDERR  ] 2017-11-09T11:17:24.04532341Z: [    0.000000] NR_IRQS:8448 nr_irqs:256 16
[STDERR  ] 2017-11-09T11:17:24.045336404Z: [    0.000000] Console: colour VGA+ 80x25
[STDERR  ] 2017-11-09T11:17:24.045344875Z: [    0.000000] console [ttyS0] enabled
[STDERR  ] 2017-11-09T11:17:24.045353115Z: [    0.000000] clocksource: hpet: mask: 0xffffffff max_cycles: 0xffffffff, max_idle_ns: 19112604467 ns
[STDERR  ] 2017-11-09T11:17:24.045361622Z: [    0.000000] tsc: Fast TSC calibration using PIT
[STDERR  ] 2017-11-09T11:17:24.045370387Z: [    0.000000] tsc: Detected 2599.884 MHz processor
[STDERR  ] 2017-11-09T11:17:24.045381719Z: [    0.021497] Calibrating delay loop (skipped), value calculated using timer frequency.. 5199.76 BogoMIPS (lpj=25998840)
[STDERR  ] 2017-11-09T11:17:24.045390795Z: [    0.022212] pid_max: default: 32768 minimum: 301
[STDERR  ] 2017-11-09T11:17:24.045399288Z: [    0.022982] ACPI: Core revision 20160831
[STDERR  ] 2017-11-09T11:17:24.045407497Z: [    0.066977] ACPI: 1 ACPI AML tables successfully acquired and loaded
[STDERR  ] 2017-11-09T11:17:24.045415932Z: [    0.071775] Security Framework initialized
[STDERR  ] 2017-11-09T11:17:24.045424284Z: [    0.072253] Yama: becoming mindful.
[STDERR  ] 2017-11-09T11:17:24.045432672Z: [    0.074505] Mount-cache hash table entries: 2048 (order: 2, 16384 bytes)
[STDERR  ] 2017-11-09T11:17:24.045441091Z: [    0.075057] Mountpoint-cache hash table entries: 2048 (order: 2, 16384 bytes)
[STDERR  ] 2017-11-09T11:17:24.045449501Z: [    0.094921] Last level iTLB entries: 4KB 0, 2MB 0, 4MB 0
[STDERR  ] 2017-11-09T11:17:24.045458976Z: [    0.095413] Last level dTLB entries: 4KB 0, 2MB 0, 4MB 0, 1GB 0
[STDERR  ] 2017-11-09T11:17:24.045467299Z: [    0.379399] Freeing SMP alternatives memory: 20K
[STDERR  ] 2017-11-09T11:17:24.045475576Z: [    0.390611] ftrace: allocating 35528 entries in 139 pages
[STDERR  ] 2017-11-09T11:17:24.045487551Z: [    0.558287] smpboot: Max logical packages: 1
[STDERR  ] 2017-11-09T11:17:24.045496105Z: [    0.565675] ..TIMER: vector=0x30 apic1=0 pin1=2 apic2=-1 pin2=-1
[STDERR  ] 2017-11-09T11:17:24.045504459Z: [    0.670000] smpboot: CPU0: AMD QEMU Virtual CPU version 2.5+ (family: 0x6, model: 0x6, stepping: 0x3)
[STDERR  ] 2017-11-09T11:17:24.045512853Z: [    0.670000] Performance Events: PMU not available due to virtualization, using software events only.
[STDERR  ] 2017-11-09T11:17:24.045521239Z: [    0.680103] NMI watchdog: disabled (cpu0): hardware events not enabled
[STDERR  ] 2017-11-09T11:17:24.045529935Z: [    0.680594] NMI watchdog: Shutting down hard lockup detector on all cpus
[STDERR  ] 2017-11-09T11:17:24.045538173Z: [    0.684162] x86: Booted up 1 node, 1 CPUs
[STDERR  ] 2017-11-09T11:17:24.045546236Z: [    0.684626] smpboot: Total of 1 processors activated (5199.76 BogoMIPS)
[STDERR  ] 2017-11-09T11:17:24.045559063Z: [    0.699317] devtmpfs: initialized
[STDERR  ] 2017-11-09T11:17:24.045567214Z: [    0.705813] x86/mm: Memory block size: 128MB
[STDERR  ] 2017-11-09T11:17:24.045575008Z: [    0.767461] clocksource: jiffies: mask: 0xffffffff max_cycles: 0xffffffff, max_idle_ns: 19112604462750000 ns
[STDERR  ] 2017-11-09T11:17:24.045583015Z: [    0.768057] futex hash table entries: 256 (order: 2, 16384 bytes)
[STDERR  ] 2017-11-09T11:17:24.045591203Z: [    0.777319] NET: Registered protocol family 16
[STDERR  ] 2017-11-09T11:17:24.04559891Z: [    0.788893] cpuidle: using governor ladder
[STDERR  ] 2017-11-09T11:17:24.045606712Z: [    0.789454] cpuidle: using governor menu
[STDERR  ] 2017-11-09T11:17:24.045614341Z: [    0.790905] ACPI: bus type PCI registered
[STDERR  ] 2017-11-09T11:17:24.045622091Z: [    0.793932] PCI: MMCONFIG for domain 0000 [bus 00-ff] at [mem 0xb0000000-0xbfffffff] (base 0xb0000000)
[STDERR  ] 2017-11-09T11:17:24.045630329Z: [    0.794581] PCI: MMCONFIG at [mem 0xb0000000-0xbfffffff] reserved in E820
[STDERR  ] 2017-11-09T11:17:24.045639011Z: [    0.795936] PCI: Using configuration type 1 for base access
[STDERR  ] 2017-11-09T11:17:24.045646826Z: [    0.851557] HugeTLB registered 2 MB page size, pre-allocated 0 pages
[STDERR  ] 2017-11-09T11:17:24.0456557Z: [    0.864131] ACPI: Added _OSI(Module Device)
[STDERR  ] 2017-11-09T11:17:24.045663706Z: [    0.864341] ACPI: Added _OSI(Processor Device)
[STDERR  ] 2017-11-09T11:17:24.045671397Z: [    0.864522] ACPI: Added _OSI(3.0 _SCP Extensions)
[STDERR  ] 2017-11-09T11:17:24.045679349Z: [    0.864798] ACPI: Added _OSI(Processor Aggregator Device)
[STDERR  ] 2017-11-09T11:17:24.045687203Z: [    0.938924] ACPI: Interpreter enabled
[STDERR  ] 2017-11-09T11:17:24.045696629Z: [    0.939894] ACPI: (supports S0 S5)
[STDERR  ] 2017-11-09T11:17:24.045704439Z: [    0.940479] ACPI: Using IOAPIC for interrupt routing
[STDERR  ] 2017-11-09T11:17:24.045712049Z: [    0.943048] PCI: Using host bridge windows from ACPI; if necessary, use "pci=nocrs" and report a bug
[STDERR  ] 2017-11-09T11:17:24.04572031Z: [    1.006380] ACPI: PCI Root Bridge [PCI0] (domain 0000 [bus 00-ff])
[STDERR  ] 2017-11-09T11:17:24.045729197Z: [    1.007474] acpi PNP0A08:00: _OSC: OS supports [ExtendedConfig ASPM ClockPM Segments MSI]
[STDERR  ] 2017-11-09T11:17:24.045738Z: [    1.014360] acpi PNP0A08:00: _OSC: OS now controls [PCIeHotplug PME PCIeCapability]
[STDERR  ] 2017-11-09T11:17:24.045747075Z: [    1.018591] PCI host bridge to bus 0000:00
[STDERR  ] 2017-11-09T11:17:24.045755705Z: [    1.019177] pci_bus 0000:00: root bus resource [io  0x0000-0x0cf7 window]
[STDERR  ] 2017-11-09T11:17:24.045767123Z: [    1.019748] pci_bus 0000:00: root bus resource [io  0x0d00-0xffff window]
[STDERR  ] 2017-11-09T11:17:24.045776003Z: [    1.020000] pci_bus 0000:00: root bus resource [mem 0x000a0000-0x000bffff window]
[STDERR  ] 2017-11-09T11:17:24.045786427Z: [    1.020000] pci_bus 0000:00: root bus resource [mem 0xc0000000-0xfebfffff window]
[STDERR  ] 2017-11-09T11:17:24.045795064Z: [    1.020000] pci_bus 0000:00: root bus resource [bus 00-ff]
[STDERR  ] 2017-11-09T11:17:24.045803835Z: [    1.172750] pci 0000:00:1f.0: quirk: [io  0x0600-0x067f] claimed by ICH6 ACPI/GPIO/TCO
[STDERR  ] 2017-11-09T11:17:24.045816852Z: [    1.253835] ACPI: PCI Interrupt Link [LNKA] (IRQs 5 *10 11)
[STDERR  ] 2017-11-09T11:17:24.045825497Z: [    1.256453] ACPI: PCI Interrupt Link [LNKB] (IRQs 5 *10 11)
[STDERR  ] 2017-11-09T11:17:24.045834472Z: [    1.258716] ACPI: PCI Interrupt Link [LNKC] (IRQs 5 10 *11)
[STDERR  ] 2017-11-09T11:17:24.045843407Z: [    1.260774] ACPI: PCI Interrupt Link [LNKD] (IRQs 5 10 *11)
[STDERR  ] 2017-11-09T11:17:24.04585211Z: [    1.262487] ACPI: PCI Interrupt Link [LNKE] (IRQs 5 *10 11)
[STDERR  ] 2017-11-09T11:17:24.04586065Z: [    1.264184] ACPI: PCI Interrupt Link [LNKF] (IRQs 5 *10 11)
[STDERR  ] 2017-11-09T11:17:24.045868565Z: [    1.265902] ACPI: PCI Interrupt Link [LNKG] (IRQs 5 10 *11)
[STDERR  ] 2017-11-09T11:17:24.045877487Z: [    1.267580] ACPI: PCI Interrupt Link [LNKH] (IRQs 5 10 *11)
[STDERR  ] 2017-11-09T11:17:24.045890755Z: [    1.268561] ACPI: PCI Interrupt Link [GSIA] (IRQs *16)
[STDERR  ] 2017-11-09T11:17:24.04589931Z: [    1.269369] ACPI: PCI Interrupt Link [GSIB] (IRQs *17)
[STDERR  ] 2017-11-09T11:17:24.045907925Z: [    1.270221] ACPI: PCI Interrupt Link [GSIC] (IRQs *18)
[STDERR  ] 2017-11-09T11:17:24.045916398Z: [    1.270899] ACPI: PCI Interrupt Link [GSID] (IRQs *19)
[STDERR  ] 2017-11-09T11:17:24.045924796Z: [    1.271558] ACPI: PCI Interrupt Link [GSIE] (IRQs *20)
[STDERR  ] 2017-11-09T11:17:24.045935036Z: [    1.272257] ACPI: PCI Interrupt Link [GSIF] (IRQs *21)
[STDERR  ] 2017-11-09T11:17:24.045943713Z: [    1.272932] ACPI: PCI Interrupt Link [GSIG] (IRQs *22)
[STDERR  ] 2017-11-09T11:17:24.04595217Z: [    1.273641] ACPI: PCI Interrupt Link [GSIH] (IRQs *23)
[STDERR  ] 2017-11-09T11:17:24.045962018Z: [    1.277445] ACPI: Enabled 2 GPEs in block 00 to 3F
[STDERR  ] 2017-11-09T11:17:24.04597064Z: [    1.282262] SCSI subsystem initialized
[STDERR  ] 2017-11-09T11:17:24.045979135Z: [    1.284486] ACPI: bus type USB registered
[STDERR  ] 2017-11-09T11:17:24.045989643Z: [    1.286583] usbcore: registered new interface driver usbfs
[STDERR  ] 2017-11-09T11:17:24.045998075Z: [    1.287615] usbcore: registered new interface driver hub
[STDERR  ] 2017-11-09T11:17:24.046006603Z: [    1.288512] usbcore: registered new device driver usb
[STDERR  ] 2017-11-09T11:17:24.046015125Z: [    1.290049] pps_core: LinuxPPS API ver. 1 registered
[STDERR  ] 2017-11-09T11:17:24.046025567Z: [    1.290369] pps_core: Software ver. 5.3.6 - Copyright 2005-2007 Rodolfo Giometti <giometti@linux.it>
[STDERR  ] 2017-11-09T11:17:24.046034264Z: [    1.291258] PTP clock support registered
[STDERR  ] 2017-11-09T11:17:24.046042606Z: [    1.292805] wmi: Mapper loaded
[STDERR  ] 2017-11-09T11:17:24.046051895Z: [    1.294177] PCI: Using ACPI for IRQ routing
[STDERR  ] 2017-11-09T11:17:24.046060239Z: [    1.314878] NetLabel: Initializing
[STDERR  ] 2017-11-09T11:17:24.046068569Z: [    1.315221] NetLabel:  domain hash size = 128
[STDERR  ] 2017-11-09T11:17:24.046077174Z: [    1.315630] NetLabel:  protocols = UNLABELED CIPSOv4
[STDERR  ] 2017-11-09T11:17:24.046086805Z: [    1.318244] NetLabel:  unlabeled traffic allowed by default
[STDERR  ] 2017-11-09T11:17:24.046095194Z: [    1.319474] HPET: 3 timers in total, 0 timers will be used for per-cpu timer
[STDERR  ] 2017-11-09T11:17:24.04610411Z: [    1.320494] hpet0: at MMIO 0xfed00000, IRQs 2, 8, 0
[STDERR  ] 2017-11-09T11:17:24.046112423Z: [    1.320973] hpet0: 3 comparators, 64-bit 100.000000 MHz counter
[STDERR  ] 2017-11-09T11:17:24.046123046Z: [    1.326572] clocksource: Switched to clocksource hpet
[STDERR  ] 2017-11-09T11:17:24.046131313Z: [    1.585558] VFS: Disk quotas dquot_6.6.0
[STDERR  ] 2017-11-09T11:17:24.04613966Z: [    1.586404] VFS: Dquot-cache hash table entries: 512 (order 0, 4096 bytes)
[STDERR  ] 2017-11-09T11:17:24.046148153Z: [    1.590443] FS-Cache: Loaded
[STDERR  ] 2017-11-09T11:17:24.0461577Z: [    1.597280] CacheFiles: Loaded
[STDERR  ] 2017-11-09T11:17:24.04616627Z: [    1.599220] pnp: PnP ACPI init
[STDERR  ] 2017-11-09T11:17:24.046178247Z: [    1.611415] pnp: PnP ACPI: found 5 devices
[STDERR  ] 2017-11-09T11:17:24.046186692Z: [    1.664970] clocksource: acpi_pm: mask: 0xffffff max_cycles: 0xffffff, max_idle_ns: 2085701024 ns
[STDERR  ] 2017-11-09T11:17:24.046195202Z: [    1.669704] NET: Registered protocol family 2
[STDERR  ] 2017-11-09T11:17:24.046203542Z: [    1.677686] TCP established hash table entries: 8192 (order: 4, 65536 bytes)
[STDERR  ] 2017-11-09T11:17:24.046211818Z: [    1.678651] TCP bind hash table entries: 8192 (order: 5, 131072 bytes)
[STDERR  ] 2017-11-09T11:17:24.046226379Z: [    1.679418] TCP: Hash tables configured (established 8192 bind 8192)
[STDERR  ] 2017-11-09T11:17:24.046234861Z: [    1.681864] UDP hash table entries: 512 (order: 2, 16384 bytes)
[STDERR  ] 2017-11-09T11:17:24.046243117Z: [    1.682515] UDP-Lite hash table entries: 512 (order: 2, 16384 bytes)
[STDERR  ] 2017-11-09T11:17:24.046255134Z: [    1.684995] NET: Registered protocol family 1
[STDERR  ] 2017-11-09T11:17:24.046263644Z: [    1.686078] pci 0000:00:01.0: Video device with shadowed ROM at [mem 0x000c0000-0x000dffff]
[STDERR  ] 2017-11-09T11:17:24.046272165Z: [    1.695406] Unpacking initramfs...
[STDERR  ] 2017-11-09T11:17:24.046280542Z: [   10.776272] Freeing initrd memory: 48220K
[STDERR  ] 2017-11-09T11:17:24.046288759Z: [   10.799807] PCLMULQDQ-NI instructions are not detected.
[STDERR  ] 2017-11-09T11:17:24.046297255Z: [   10.801629] AVX or AES-NI instructions are not detected.
[STDERR  ] 2017-11-09T11:17:24.046305629Z: [   10.802134] CPU feature 'AVX registers' is not supported.
[STDERR  ] 2017-11-09T11:17:24.046313968Z: [   10.802537] CPU feature 'AVX registers' is not supported.
[STDERR  ] 2017-11-09T11:17:24.046322536Z: [   10.802942] CPU feature 'AVX registers' is not supported.
[STDERR  ] 2017-11-09T11:17:24.046331087Z: [   10.803373] CPU feature 'AVX registers' is not supported.
[STDERR  ] 2017-11-09T11:17:24.046339584Z: [   10.803763] AVX2 or AES-NI instructions are not detected.
[STDERR  ] 2017-11-09T11:17:24.046348064Z: [   10.804125] AVX2 instructions are not detected.
[STDERR  ] 2017-11-09T11:17:24.046356498Z: [   10.809572] audit: initializing netlink subsys (disabled)
[STDERR  ] 2017-11-09T11:17:24.046369665Z: [   10.812718] audit: type=2000 audit(1510226193.810:1): initialized
[STDERR  ] 2017-11-09T11:17:24.046378462Z: [   10.819998] workingset: timestamp_bits=46 max_order=18 bucket_order=0
[STDERR  ] 2017-11-09T11:17:24.046387071Z: [   10.830739] FS-Cache: Netfs 'cifs' registered for caching
[STDERR  ] 2017-11-09T11:17:24.046395525Z: [   10.831924] fuse init (API version 7.26)
[STDERR  ] 2017-11-09T11:17:24.046404012Z: [   10.834481] SGI XFS with ACLs, security attributes, no debug enabled
[STDERR  ] 2017-11-09T11:17:24.046412568Z: [   10.838457] 9p: Installing v9fs 9p2000 file system support
[STDERR  ] 2017-11-09T11:17:24.046421103Z: [   10.839025] FS-Cache: Netfs '9p' registered for caching
[STDERR  ] 2017-11-09T11:17:24.046429522Z: [   10.869493] NET: Registered protocol family 38
[STDERR  ] 2017-11-09T11:17:24.046438022Z: [   10.870862] Key type asymmetric registered
[STDERR  ] 2017-11-09T11:17:24.046446504Z: [   10.871327] Asymmetric key parser 'x509' registered
[STDERR  ] 2017-11-09T11:17:24.046454972Z: [   10.872335] Block layer SCSI generic (bsg) driver version 0.4 loaded (major 251)
[STDERR  ] 2017-11-09T11:17:24.046463485Z: [   10.874049] io scheduler noop registered
[STDERR  ] 2017-11-09T11:17:24.046471888Z: [   10.874402] io scheduler deadline registered (default)
[STDERR  ] 2017-11-09T11:17:24.04648026Z: [   10.875351] io scheduler cfq registered
[STDERR  ] 2017-11-09T11:17:24.046488779Z: [   10.877928] pci_hotplug: PCI Hot Plug PCI Core version: 0.5
[STDERR  ] 2017-11-09T11:17:24.046497215Z: [   10.878651] pciehp: PCI Express Hot Plug Controller Driver version: 0.4
[STDERR  ] 2017-11-09T11:17:24.046506935Z: [   10.879505] shpchp: Standard Hot Plug PCI Controller Driver version: 0.4
[STDERR  ] 2017-11-09T11:17:24.046517559Z: [   10.882382] hv_vmbus: registering driver hyperv_fb
[STDERR  ] 2017-11-09T11:17:24.046530692Z: [   10.885651] input: Power Button as /devices/LNXSYSTM:00/LNXPWRBN:00/input/input0
[STDERR  ] 2017-11-09T11:17:24.046542429Z: [   10.886810] ACPI: Power Button [PWRF]
[STDERR  ] 2017-11-09T11:17:24.046550715Z: [   10.892204] GHES: HEST is not enabled!
[STDERR  ] 2017-11-09T11:17:24.046558786Z: [   10.904571] ACPI: PCI Interrupt Link [GSIG] enabled at IRQ 22
[STDERR  ] 2017-11-09T11:17:24.046567221Z: [   10.918290] ACPI: PCI Interrupt Link [GSIH] enabled at IRQ 23
[STDERR  ] 2017-11-09T11:17:24.046575104Z: [   10.923658] xenfs: not registering filesystem on non-xen platform
[STDERR  ] 2017-11-09T11:17:24.046583384Z: [   10.925895] Serial: 8250/16550 driver, 4 ports, IRQ sharing disabled
[STDERR  ] 2017-11-09T11:17:24.046592413Z: [   10.950493] 00:04: ttyS0 at I/O 0x3f8 (irq = 4, base_baud = 115200) is a 16550A
[STDERR  ] 2017-11-09T11:17:24.046600445Z: [   10.962724] Non-volatile memory driver v1.3
[STDERR  ] 2017-11-09T11:17:24.046618995Z: [   10.969258] Hangcheck: starting hangcheck timer 0.9.1 (tick is 180 seconds, margin is 60 seconds).
[STDERR  ] 2017-11-09T11:17:24.046631512Z: [   10.974907] random: fast init done
[STDERR  ] 2017-11-09T11:17:24.046641566Z: [   10.976595] random: crng init done
[STDERR  ] 2017-11-09T11:17:24.046652186Z: [   11.012601] loop: module loaded
[STDERR  ] 2017-11-09T11:17:24.046663603Z: [   11.028421] nbd: registered device at major 43
[STDERR  ] 2017-11-09T11:17:24.046672698Z: [   11.072223] lpc_ich 0000:00:1f.0: I/O space for GPIO uninitialized
[STDERR  ] 2017-11-09T11:17:24.046681775Z: [   11.074495] VMware PVSCSI driver - version 1.0.7.0-k
[STDERR  ] 2017-11-09T11:17:24.046689513Z: [   11.075406] hv_vmbus: registering driver hv_storvsc
[STDERR  ] 2017-11-09T11:17:24.046697066Z: [   11.086282] ACPI: PCI Interrupt Link [GSIA] enabled at IRQ 16
[STDERR  ] 2017-11-09T11:17:24.046704656Z: [   11.093210] ahci 0000:00:1f.2: AHCI 0001.0000 32 slots 6 ports 1.5 Gbps 0x3f impl SATA mode
[STDERR  ] 2017-11-09T11:17:24.046712995Z: [   11.093976] ahci 0000:00:1f.2: flags: 64bit ncq only 
[STDERR  ] 2017-11-09T11:17:24.046720356Z: [   11.114637] scsi host0: ahci
[STDERR  ] 2017-11-09T11:17:24.046728829Z: [   11.119942] scsi host1: ahci
[STDERR  ] 2017-11-09T11:17:24.046736886Z: [   11.123524] scsi host2: ahci
[STDERR  ] 2017-11-09T11:17:24.046744915Z: [   11.125875] scsi host3: ahci
[STDERR  ] 2017-11-09T11:17:24.046752595Z: [   11.128970] scsi host4: ahci
[STDERR  ] 2017-11-09T11:17:24.046760866Z: [   11.131864] scsi host5: ahci
[STDERR  ] 2017-11-09T11:17:24.046768808Z: [   11.133865] ata1: SATA max UDMA/133 abar m4096@0xfebd2000 port 0xfebd2100 irq 24
[STDERR  ] 2017-11-09T11:17:24.046777613Z: [   11.134417] ata2: SATA max UDMA/133 abar m4096@0xfebd2000 port 0xfebd2180 irq 24
[STDERR  ] 2017-11-09T11:17:24.04679094Z: [   11.134888] ata3: SATA max UDMA/133 abar m4096@0xfebd2000 port 0xfebd2200 irq 24
[STDERR  ] 2017-11-09T11:17:24.04679842Z: [   11.135324] ata4: SATA max UDMA/133 abar m4096@0xfebd2000 port 0xfebd2280 irq 24
[STDERR  ] 2017-11-09T11:17:24.046807008Z: [   11.135738] ata5: SATA max UDMA/133 abar m4096@0xfebd2000 port 0xfebd2300 irq 24
[STDERR  ] 2017-11-09T11:17:24.046815765Z: [   11.136174] ata6: SATA max UDMA/133 abar m4096@0xfebd2000 port 0xfebd2380 irq 24
[STDERR  ] 2017-11-09T11:17:24.046824062Z: [   11.148657] tun: Universal TUN/TAP device driver, 1.6
[STDERR  ] 2017-11-09T11:17:24.046832789Z: [   11.149062] tun: (C) 1999-2004 Max Krasnyansky <maxk@qualcomm.com>
[STDERR  ] 2017-11-09T11:17:24.046841379Z: [   11.160493] VMware vmxnet3 virtual NIC driver - version 1.4.a.0-k-NAPI
[STDERR  ] 2017-11-09T11:17:24.04684938Z: [   11.161828] hv_vmbus: registering driver hv_netvsc
[STDERR  ] 2017-11-09T11:17:24.046857113Z: [   11.162164] Fusion MPT base driver 3.04.20
[STDERR  ] 2017-11-09T11:17:24.04686519Z: [   11.162436] Copyright (c) 1999-2008 LSI Corporation
[STDERR  ] 2017-11-09T11:17:24.046873381Z: [   11.163102] Fusion MPT SPI Host driver 3.04.20
[STDERR  ] 2017-11-09T11:17:24.046881651Z: [   11.165647] i8042: PNP: PS/2 Controller [PNP0303:KBD,PNP0f13:MOU] at 0x60,0x64 irq 1,12
[STDERR  ] 2017-11-09T11:17:24.04689533Z: [   11.169774] serio: i8042 KBD port at 0x60,0x64 irq 1
[STDERR  ] 2017-11-09T11:17:24.046904327Z: [   11.170912] serio: i8042 AUX port at 0x60,0x64 irq 12
[STDERR  ] 2017-11-09T11:17:24.046912377Z: [   11.173902] hv_vmbus: registering driver hyperv_keyboard
[STDERR  ] 2017-11-09T11:17:24.046920896Z: [   11.176062] mousedev: PS/2 mouse device common for all mice
[STDERR  ] 2017-11-09T11:17:24.046928679Z: [   11.181187] input: AT Translated Set 2 keyboard as /devices/platform/i8042/serio0/input/input1
[STDERR  ] 2017-11-09T11:17:24.046937788Z: [   11.184099] input: PC Speaker as /devices/platform/pcspkr/input/input2
[STDERR  ] 2017-11-09T11:17:24.046953933Z: [   11.187649] rtc_cmos 00:00: RTC can wake from S4
[STDERR  ] 2017-11-09T11:17:24.046965716Z: [   11.191350] rtc_cmos 00:00: rtc core: registered rtc_cmos as rtc0
[STDERR  ] 2017-11-09T11:17:24.046978241Z: [   11.192686] rtc_cmos 00:00: alarms up to one day, y3k, 114 bytes nvram, hpet irqs
[STDERR  ] 2017-11-09T11:17:24.046986947Z: [   11.193468] i2c /dev entries driver
[STDERR  ] 2017-11-09T11:17:24.046995238Z: [   11.195454] device-mapper: ioctl: 4.35.0-ioctl (2016-06-23) initialised: dm-devel@redhat.com
[STDERR  ] 2017-11-09T11:17:24.04705209Z: [   11.200612] usbcore: registered new interface driver usbhid
[STDERR  ] 2017-11-09T11:17:24.047062539Z: [   11.200997] usbhid: USB HID core driver
[STDERR  ] 2017-11-09T11:17:24.04707207Z: [   11.201693] hv_utils: Registering HyperV Utility Driver
[STDERR  ] 2017-11-09T11:17:24.04708055Z: [   11.202021] hv_vmbus: registering driver hv_util
[STDERR  ] 2017-11-09T11:17:24.047088943Z: [   11.202283] hv_vmbus: registering driver hv_balloon
[STDERR  ] 2017-11-09T11:17:24.047097647Z: [   11.202841] oprofile: using NMI interrupt.
[STDERR  ] 2017-11-09T11:17:24.047117588Z: [   11.203988] GACT probability on
[STDERR  ] 2017-11-09T11:17:24.047127912Z: [   11.204497] Mirror/redirect action on
[STDERR  ] 2017-11-09T11:17:24.047137285Z: [   11.205386] Simple TC action Loaded
[STDERR  ] 2017-11-09T11:17:24.047147142Z: [   11.205918] u32 classifier
[STDERR  ] 2017-11-09T11:17:24.047155342Z: [   11.206090]     Performance counters on
[STDERR  ] 2017-11-09T11:17:24.047164115Z: [   11.206327]     input device check on
[STDERR  ] 2017-11-09T11:17:24.047173208Z: [   11.206547]     Actions configured
[STDERR  ] 2017-11-09T11:17:24.047182038Z: [   11.207186] Netfilter messages via NETLINK v0.30.
[STDERR  ] 2017-11-09T11:17:24.047200473Z: [   11.207799] nfnl_acct: registering with nfnetlink.
[STDERR  ] 2017-11-09T11:17:24.047211381Z: [   11.209339] nf_conntrack version 0.5.0 (8192 buckets, 32768 max)
[STDERR  ] 2017-11-09T11:17:24.047228302Z: [   11.212845] ctnetlink v0.93: registering with nfnetlink.
[STDERR  ] 2017-11-09T11:17:24.047240803Z: [   11.216108] nf_tables: (c) 2007-2009 Patrick McHardy <kaber@trash.net>
[STDERR  ] 2017-11-09T11:17:24.047249653Z: [   11.217036] nf_tables_compat: (c) 2012 Pablo Neira Ayuso <pablo@netfilter.org>
[STDERR  ] 2017-11-09T11:17:24.04725802Z: [   11.219937] xt_time: kernel timezone is -0000
[STDERR  ] 2017-11-09T11:17:24.047338162Z: [   11.220969] ip_set: protocol 6
[STDERR  ] 2017-11-09T11:17:24.047346277Z: [   11.221654] IPVS: Registered protocols (TCP, UDP, SCTP, AH, ESP)
[STDERR  ] 2017-11-09T11:17:24.047354718Z: [   11.222267] IPVS: Connection hash table configured (size=4096, memory=64Kbytes)
[STDERR  ] 2017-11-09T11:17:24.047363353Z: [   11.224093] IPVS: Creating netns size=2104 id=0
[STDERR  ] 2017-11-09T11:17:24.047372131Z: [   11.226841] IPVS: ipvs loaded.
[STDERR  ] 2017-11-09T11:17:24.047377841Z: [   11.227256] IPVS: [rr] scheduler registered.
[STDERR  ] 2017-11-09T11:17:24.047387683Z: [   11.227569] IPVS: [wrr] scheduler registered.
[STDERR  ] 2017-11-09T11:17:24.04739352Z: [   11.227877] IPVS: [lc] scheduler registered.
[STDERR  ] 2017-11-09T11:17:24.047399948Z: [   11.228161] IPVS: [wlc] scheduler registered.
[STDERR  ] 2017-11-09T11:17:24.047405499Z: [   11.228417] IPVS: [fo] scheduler registered.
[STDERR  ] 2017-11-09T11:17:24.047411485Z: [   11.228675] IPVS: [ovf] scheduler registered.
[STDERR  ] 2017-11-09T11:17:24.047426349Z: [   11.229132] IPVS: [lblc] scheduler registered.
[STDERR  ] 2017-11-09T11:17:24.047435041Z: [   11.229565] IPVS: [lblcr] scheduler registered.
[STDERR  ] 2017-11-09T11:17:24.047443764Z: [   11.229870] IPVS: [dh] scheduler registered.
[STDERR  ] 2017-11-09T11:17:24.047452402Z: [   11.230766] IPVS: [sh] scheduler registered.
[STDERR  ] 2017-11-09T11:17:24.04746086Z: [   11.231027] IPVS: [sed] scheduler registered.
[STDERR  ] 2017-11-09T11:17:24.047469617Z: [   11.231337] IPVS: [nq] scheduler registered.
[STDERR  ] 2017-11-09T11:17:24.047477895Z: [   11.232138] IPVS: ftp: loaded support on port[0] = 21
[STDERR  ] 2017-11-09T11:17:24.04748425Z: [   11.233018] ipip: IPv4 and MPLS over IPv4 tunneling driver
[STDERR  ] 2017-11-09T11:17:24.047490118Z: [   11.237027] gre: GRE over IPv4 demultiplexor driver
[STDERR  ] 2017-11-09T11:17:24.04750066Z: [   11.239580] ip_tables: (C) 2000-2006 Netfilter Core Team
[STDERR  ] 2017-11-09T11:17:24.047507872Z: [   11.243436] ipt_CLUSTERIP: ClusterIP Version 0.8 loaded successfully
[STDERR  ] 2017-11-09T11:17:24.047516865Z: [   11.244329] arp_tables: arp_tables: (C) 2002 David S. Miller
[STDERR  ] 2017-11-09T11:17:24.047528675Z: [   11.246690] NET: Registered protocol family 10
[STDERR  ] 2017-11-09T11:17:24.047537117Z: [   11.256408] ip6_tables: (C) 2000-2006 Netfilter Core Team
[STDERR  ] 2017-11-09T11:17:24.047545448Z: [   11.264883] NET: Registered protocol family 17
[STDERR  ] 2017-11-09T11:17:24.04755373Z: [   11.266003] Bridge firewalling registered
[STDERR  ] 2017-11-09T11:17:24.047561891Z: [   11.266543] Ebtables v2.0 registered
[STDERR  ] 2017-11-09T11:17:24.047568837Z: [   11.268457] 8021q: 802.1Q VLAN Support v1.8
[STDERR  ] 2017-11-09T11:17:24.047574663Z: [   11.269921] 9pnet: Installing 9P2000 support
[STDERR  ] 2017-11-09T11:17:24.047580481Z: [   11.271936] Key type dns_resolver registered
[STDERR  ] 2017-11-09T11:17:24.047586124Z: [   11.272864] microcode: AMD CPU family 0x6 not supported
[STDERR  ] 2017-11-09T11:17:24.047595179Z: [   11.276547] registered taskstats version 1
[STDERR  ] 2017-11-09T11:17:24.047603682Z: [   11.449722] Key type big_key registered
[STDERR  ] 2017-11-09T11:17:24.047611825Z: [   11.474758] ata4: SATA link down (SStatus 0 SControl 300)
[STDERR  ] 2017-11-09T11:17:24.047619866Z: [   11.477937] ata3: SATA link up 1.5 Gbps (SStatus 113 SControl 300)
[STDERR  ] 2017-11-09T11:17:24.047628063Z: [   11.481473] ata2: SATA link up 1.5 Gbps (SStatus 113 SControl 300)
[STDERR  ] 2017-11-09T11:17:24.047636337Z: [   11.483717] ata2.00: ATA-7: QEMU HARDDISK, 2.5+, max UDMA/100
[STDERR  ] 2017-11-09T11:17:24.047644343Z: [   11.484154] ata2.00: 1048576 sectors, multi 16: LBA48 NCQ (depth 31/32)
[STDERR  ] 2017-11-09T11:17:24.047655207Z: [   11.484783] ata2.00: applying bridge limits
[STDERR  ] 2017-11-09T11:17:24.047665918Z: [   11.486620] ata2.00: configured for UDMA/100
[STDERR  ] 2017-11-09T11:17:24.047674405Z: [   11.487345] ata1: SATA link up 1.5 Gbps (SStatus 113 SControl 300)
[STDERR  ] 2017-11-09T11:17:24.047682822Z: [   11.488017] ata1.00: ATA-7: QEMU HARDDISK, 2.5+, max UDMA/100
[STDERR  ] 2017-11-09T11:17:24.047690871Z: [   11.488387] ata1.00: 1048576 sectors, multi 16: LBA48 NCQ (depth 31/32)
[STDERR  ] 2017-11-09T11:17:24.047699021Z: [   11.488826] ata1.00: applying bridge limits
[STDERR  ] 2017-11-09T11:17:24.047726519Z: [   11.489368] ata1.00: configured for UDMA/100
[STDERR  ] 2017-11-09T11:17:24.047735072Z: [   11.491605] ata6: SATA link down (SStatus 0 SControl 300)
[STDERR  ] 2017-11-09T11:17:24.047742915Z: [   11.492181] ata5: SATA link down (SStatus 0 SControl 300)
[STDERR  ] 2017-11-09T11:17:24.047751344Z: [   11.499999] ata3.00: ATAPI: QEMU DVD-ROM, 2.5+, max UDMA/100
[STDERR  ] 2017-11-09T11:17:24.047763777Z: [   11.501051] ata3.00: applying bridge limits
[STDERR  ] 2017-11-09T11:17:24.047772011Z: [   11.509980] ata3.00: configured for UDMA/100
[STDERR  ] 2017-11-09T11:17:24.04778008Z: [   11.523341] scsi 0:0:0:0: Direct-Access     ATA      QEMU HARDDISK    2.5+ PQ: 0 ANSI: 5
[STDERR  ] 2017-11-09T11:17:24.047793723Z: [   11.542849] sd 0:0:0:0: Attached scsi generic sg0 type 0
[STDERR  ] 2017-11-09T11:17:24.047801791Z: [   11.547740] sd 0:0:0:0: [sda] 1048576 512-byte logical blocks: (537 MB/512 MiB)
[STDERR  ] 2017-11-09T11:17:24.047809914Z: [   11.552779] sd 0:0:0:0: [sda] Write Protect is off
[STDERR  ] 2017-11-09T11:17:24.047820192Z: [   11.554717] scsi 1:0:0:0: Direct-Access     ATA      QEMU HARDDISK    2.5+ PQ: 0 ANSI: 5
[STDERR  ] 2017-11-09T11:17:24.04782867Z: [   11.558113] sd 1:0:0:0: [sdb] 1048576 512-byte logical blocks: (537 MB/512 MiB)
[STDERR  ] 2017-11-09T11:17:24.047836947Z: [   11.559697] sd 0:0:0:0: [sda] Write cache: enabled, read cache: enabled, doesn't support DPO or FUA
[STDERR  ] 2017-11-09T11:17:24.04784594Z: [   11.561443] sd 1:0:0:0: [sdb] Write Protect is off
[STDERR  ] 2017-11-09T11:17:24.047858153Z: [   11.564288] sd 1:0:0:0: [sdb] Write cache: enabled, read cache: enabled, doesn't support DPO or FUA
[STDERR  ] 2017-11-09T11:17:24.047867555Z: [   11.568013] sd 1:0:0:0: Attached scsi generic sg1 type 0
[STDERR  ] 2017-11-09T11:17:24.047875807Z: [   11.583397] scsi 2:0:0:0: CD-ROM            QEMU     QEMU DVD-ROM     2.5+ PQ: 0 ANSI: 5
[STDERR  ] 2017-11-09T11:17:24.047884261Z: [   11.593549] Key type encrypted registered
[STDERR  ] 2017-11-09T11:17:24.047892529Z: [   11.611691] rtc_cmos 00:00: setting system clock to 2017-11-09 11:16:35 UTC (1510226195)
[STDERR  ] 2017-11-09T11:17:24.047904127Z: [   11.621216] sr 2:0:0:0: [sr0] scsi3-mmc drive: 4x/4x cd/rw xa/form2 tray
