[INFO    ] 2017-05-23T00:14:18.782257607Z: Running Test linuxkit.kernel.config_4.10.x in /tmp/build/test/cases/020_kernel/002_config_4.10.x
[INFO    ] 2017-05-23T00:14:18.782316286Z: Running command: [/bin/sh -x /tmp/build/test/cases/020_kernel/002_config_4.10.x/test.sh]
[STDERR  ] 2017-05-23T00:14:18.812496193Z: + set -e
[STDERR  ] 2017-05-23T00:14:18.812541005Z: + . /tmp/build/test/cases/_lib/lib.sh
[STDERR  ] 2017-05-23T00:14:18.812600725Z: + [ -f src/github.com/linuxkit/rtf/lib/lib.sh ]
[STDERR  ] 2017-05-23T00:14:18.812634384Z: + LINUXKIT_TMPDIR=/tmp/build/test/cases/_tmp
[STDERR  ] 2017-05-23T00:14:18.812676422Z: + [ -f /tmp/build/test/cases/_tmp/env.sh ]
[STDERR  ] 2017-05-23T00:14:18.812695809Z: + . /tmp/build/test/cases/_tmp/env.sh
[STDERR  ] 2017-05-23T00:14:18.812720649Z: + export LINUXKIT_EXAMPLES_DIR=/tmp/build/test/cases/../../examples
[STDERR  ] 2017-05-23T00:14:18.812756333Z: + RT_CANCEL=253
[STDERR  ] 2017-05-23T00:14:18.81278486Z: + trap clean_up EXIT
[STDERR  ] 2017-05-23T00:14:18.812814675Z: + moby build test-kernel-config
[STDERR  ] 2017-05-23T00:14:18.822819926Z: Extract kernel image: linuxkit/kernel:4.10.x
[STDERR  ] 2017-05-23T00:14:18.824554656Z: Pull image: linuxkit/kernel:4.10.x
[STDERR  ] 2017-05-23T00:14:27.235459572Z: Add init containers:
[STDERR  ] 2017-05-23T00:14:27.23550648Z: Process init image: linuxkit/init:cbd7ae748f0a082516501a3e914fa0c924ee941e
[STDERR  ] 2017-05-23T00:14:27.336526922Z: Process init image: linuxkit/runc:24dfe632ed3ff53a026ee3fac046fd544434e2d6
[STDERR  ] 2017-05-23T00:14:27.453904113Z: Process init image: linuxkit/containerd:f1130450206d4f64f0ddc13d15bb68435aa1ff61
[STDERR  ] 2017-05-23T00:14:27.885405082Z: Add onboot containers:
[STDERR  ] 2017-05-23T00:14:27.885495235Z:   Create OCI config for linuxkit/test-kernel-config:ecff41279ccbc408079a3996a956432651c6eb9c
[STDERR  ] 2017-05-23T00:14:28.179996709Z:   Create OCI config for linuxkit/poweroff:a8f1e4ad8d459f1fdaad9e4b007512cb3b504ae8
[STDERR  ] 2017-05-23T00:14:28.293303056Z: Create outputs:
[STDERR  ] 2017-05-23T00:14:34.154729815Z:   test-kernel-config-kernel test-kernel-config-initrd.img test-kernel-config-cmdline
[STDERR  ] 2017-05-23T00:14:34.205322837Z: + linuxkit run qemu test-kernel-config
[STDERR  ] 2017-05-23T00:14:34.211625603Z: Unable to find qemu-system-x86_64 within the $PATH. Using a container
[STDERR  ] 2017-05-23T00:15:18.686954707Z: + RESULT=[    0.000000] Linux version 4.10.17-linuxkit (root@84baa8e89c00) (gcc version 6.2.1 20160822 (Alpine 6.2.1) ) #1 SMP Mon May 22 13:59:32 UTC 2017
[STDERR  ] 2017-05-23T00:15:18.686965727Z: [    0.000000] Command line: console=ttyS0
[STDERR  ] 2017-05-23T00:15:18.686973208Z: [    0.000000] x86/fpu: Legacy x87 FPU detected.
[STDERR  ] 2017-05-23T00:15:18.686983405Z: [    0.000000] e820: BIOS-provided physical RAM map:
[STDERR  ] 2017-05-23T00:15:18.686992379Z: [    0.000000] BIOS-e820: [mem 0x0000000000000000-0x000000000009fbff] usable
[STDERR  ] 2017-05-23T00:15:18.68699592Z: [    0.000000] BIOS-e820: [mem 0x000000000009fc00-0x000000000009ffff] reserved
[STDERR  ] 2017-05-23T00:15:18.687004854Z: [    0.000000] BIOS-e820: [mem 0x00000000000f0000-0x00000000000fffff] reserved
[STDERR  ] 2017-05-23T00:15:18.687022484Z: [    0.000000] BIOS-e820: [mem 0x0000000000100000-0x000000003ffdefff] usable
[STDERR  ] 2017-05-23T00:15:18.687028416Z: [    0.000000] BIOS-e820: [mem 0x000000003ffdf000-0x000000003fffffff] reserved
[STDERR  ] 2017-05-23T00:15:18.68703421Z: [    0.000000] BIOS-e820: [mem 0x00000000b0000000-0x00000000bfffffff] reserved
[STDERR  ] 2017-05-23T00:15:18.687039841Z: [    0.000000] BIOS-e820: [mem 0x00000000fed1c000-0x00000000fed1ffff] reserved
[STDERR  ] 2017-05-23T00:15:18.687045541Z: [    0.000000] BIOS-e820: [mem 0x00000000fffc0000-0x00000000ffffffff] reserved
[STDERR  ] 2017-05-23T00:15:18.687048957Z: [    0.000000] NX (Execute Disable) protection: active
[STDERR  ] 2017-05-23T00:15:18.687055811Z: [    0.000000] SMBIOS 2.8 present.
[STDERR  ] 2017-05-23T00:15:18.687072046Z: [    0.000000] DMI: QEMU Standard PC (Q35 + ICH9, 2009), BIOS rel-1.10.2-0-g5f4c7b1-prebuilt.qemu-project.org 04/01/2014
[STDERR  ] 2017-05-23T00:15:18.687082Z: [    0.000000] e820: last_pfn = 0x3ffdf max_arch_pfn = 0x400000000
[STDERR  ] 2017-05-23T00:15:18.687087718Z: [    0.000000] x86/PAT: Configuration [0-7]: WB  WC  UC- UC  WB  WC  UC- WT  
[STDERR  ] 2017-05-23T00:15:18.687093978Z: [    0.000000] found SMP MP-table at [mem 0x000f6aa0-0x000f6aaf] mapped at [ffff9269c00f6aa0]
[STDERR  ] 2017-05-23T00:15:18.687099951Z: [    0.000000] RAMDISK: [mem 0x3df36000-0x3ffcffff]
[STDERR  ] 2017-05-23T00:15:18.687106082Z: [    0.000000] ACPI: Early table checksum verification disabled
[STDERR  ] 2017-05-23T00:15:18.687114843Z: [    0.000000] ACPI: RSDP 0x00000000000F68C0 000014 (v00 BOCHS )
[STDERR  ] 2017-05-23T00:15:18.687121003Z: [    0.000000] ACPI: RSDT 0x000000003FFE2404 000034 (v01 BOCHS  BXPCRSDT 00000001 BXPC 00000001)
[STDERR  ] 2017-05-23T00:15:18.687126525Z: [    0.000000] ACPI: FACP 0x000000003FFE22A4 000074 (v01 BOCHS  BXPCFACP 00000001 BXPC 00000001)
[STDERR  ] 2017-05-23T00:15:18.687135016Z: [    0.000000] ACPI: DSDT 0x000000003FFE0040 002264 (v01 BOCHS  BXPCDSDT 00000001 BXPC 00000001)
[STDERR  ] 2017-05-23T00:15:18.687140264Z: [    0.000000] ACPI: FACS 0x000000003FFE0000 000040
[STDERR  ] 2017-05-23T00:15:18.687145464Z: [    0.000000] ACPI: APIC 0x000000003FFE2318 000078 (v01 BOCHS  BXPCAPIC 00000001 BXPC 00000001)
[STDERR  ] 2017-05-23T00:15:18.6871507Z: [    0.000000] ACPI: HPET 0x000000003FFE2390 000038 (v01 BOCHS  BXPCHPET 00000001 BXPC 00000001)
[STDERR  ] 2017-05-23T00:15:18.687157628Z: [    0.000000] ACPI: MCFG 0x000000003FFE23C8 00003C (v01 BOCHS  BXPCMCFG 00000001 BXPC 00000001)
[STDERR  ] 2017-05-23T00:15:18.687162844Z: [    0.000000] Zone ranges:
[STDERR  ] 2017-05-23T00:15:18.6871682Z: [    0.000000]   DMA      [mem 0x0000000000001000-0x0000000000ffffff]
[STDERR  ] 2017-05-23T00:15:18.687175082Z: [    0.000000]   DMA32    [mem 0x0000000001000000-0x000000003ffdefff]
[STDERR  ] 2017-05-23T00:15:18.687180622Z: [    0.000000]   Normal   empty
[STDERR  ] 2017-05-23T00:15:18.687186048Z: [    0.000000] Movable zone start for each node
[STDERR  ] 2017-05-23T00:15:18.687191275Z: [    0.000000] Early memory node ranges
[STDERR  ] 2017-05-23T00:15:18.687196643Z: [    0.000000]   node   0: [mem 0x0000000000001000-0x000000000009efff]
[STDERR  ] 2017-05-23T00:15:18.687199404Z: [    0.000000]   node   0: [mem 0x0000000000100000-0x000000003ffdefff]
[STDERR  ] 2017-05-23T00:15:18.687207082Z: [    0.000000] Initmem setup node 0 [mem 0x0000000000001000-0x000000003ffdefff]
[STDERR  ] 2017-05-23T00:15:18.687209808Z: [    0.000000] ACPI: PM-Timer IO Port: 0x608
[STDERR  ] 2017-05-23T00:15:18.687217759Z: [    0.000000] ACPI: LAPIC_NMI (acpi_id[0xff] dfl dfl lint[0x1])
[STDERR  ] 2017-05-23T00:15:18.687222914Z: [    0.000000] IOAPIC[0]: apic_id 0, version 32, address 0xfec00000, GSI 0-23
[STDERR  ] 2017-05-23T00:15:18.687230268Z: [    0.000000] ACPI: INT_SRC_OVR (bus 0 bus_irq 0 global_irq 2 dfl dfl)
[STDERR  ] 2017-05-23T00:15:18.687235429Z: [    0.000000] ACPI: INT_SRC_OVR (bus 0 bus_irq 5 global_irq 5 high level)
[STDERR  ] 2017-05-23T00:15:18.687240496Z: [    0.000000] ACPI: INT_SRC_OVR (bus 0 bus_irq 9 global_irq 9 high level)
[STDERR  ] 2017-05-23T00:15:18.687250958Z: [    0.000000] ACPI: INT_SRC_OVR (bus 0 bus_irq 10 global_irq 10 high level)
[STDERR  ] 2017-05-23T00:15:18.687256551Z: [    0.000000] ACPI: INT_SRC_OVR (bus 0 bus_irq 11 global_irq 11 high level)
[STDERR  ] 2017-05-23T00:15:18.68726342Z: [    0.000000] Using ACPI (MADT) for SMP configuration information
[STDERR  ] 2017-05-23T00:15:18.687268757Z: [    0.000000] ACPI: HPET id: 0x8086a201 base: 0xfed00000
[STDERR  ] 2017-05-23T00:15:18.687273905Z: [    0.000000] smpboot: Allowing 1 CPUs, 0 hotplug CPUs
[STDERR  ] 2017-05-23T00:15:18.687279046Z: [    0.000000] e820: [mem 0x40000000-0xafffffff] available for PCI devices
[STDERR  ] 2017-05-23T00:15:18.687284214Z: [    0.000000] Booting paravirtualized kernel on bare hardware
[STDERR  ] 2017-05-23T00:15:18.687289445Z: [    0.000000] clocksource: refined-jiffies: mask: 0xffffffff max_cycles: 0xffffffff, max_idle_ns: 19112604462750000 ns
[STDERR  ] 2017-05-23T00:15:18.687298206Z: [    0.000000] setup_percpu: NR_CPUS:128 nr_cpumask_bits:128 nr_cpu_ids:1 nr_node_ids:1
[STDERR  ] 2017-05-23T00:15:18.687305415Z: [    0.000000] percpu: Embedded 35 pages/cpu @ffff9269fdc00000 s105432 r8192 d29736 u2097152
[STDERR  ] 2017-05-23T00:15:18.687308218Z: [    0.000000] Built 1 zonelists in Zone order, mobility grouping on.  Total pages: 257896
[STDERR  ] 2017-05-23T00:15:18.687313239Z: [    0.000000] Kernel command line: console=ttyS0
[STDERR  ] 2017-05-23T00:15:18.687320968Z: [    0.000000] PID hash table entries: 4096 (order: 3, 32768 bytes)
[STDERR  ] 2017-05-23T00:15:18.687329634Z: [    0.000000] Dentry cache hash table entries: 131072 (order: 8, 1048576 bytes)
[STDERR  ] 2017-05-23T00:15:18.687334752Z: [    0.000000] Inode-cache hash table entries: 65536 (order: 7, 524288 bytes)
[STDERR  ] 2017-05-23T00:15:18.687340108Z: [    0.000000] Memory: 978392K/1048052K available (9540K kernel code, 1593K rwdata, 3108K rodata, 1460K init, 604K bss, 69660K reserved, 0K cma-reserved)
[STDERR  ] 2017-05-23T00:15:18.687345398Z: [    0.000000] Hierarchical RCU implementation.
[STDERR  ] 2017-05-23T00:15:18.687350543Z: [    0.000000] 	Build-time adjustment of leaf fanout to 64.
[STDERR  ] 2017-05-23T00:15:18.687355657Z: [    0.000000] 	RCU restricting CPUs from NR_CPUS=128 to nr_cpu_ids=1.
[STDERR  ] 2017-05-23T00:15:18.687358312Z: [    0.000000] RCU: Adjusting geometry for rcu_fanout_leaf=64, nr_cpu_ids=1
[STDERR  ] 2017-05-23T00:15:18.687363393Z: [    0.000000] NR_IRQS:8448 nr_irqs:256 16
[STDERR  ] 2017-05-23T00:15:18.687380646Z: [    0.000000] Console: colour VGA+ 80x25
[STDERR  ] 2017-05-23T00:15:18.687386104Z: [    0.000000] console [ttyS0] enabled
[STDERR  ] 2017-05-23T00:15:18.687391461Z: [    0.000000] clocksource: hpet: mask: 0xffffffff max_cycles: 0xffffffff, max_idle_ns: 19112604467 ns
[STDERR  ] 2017-05-23T00:15:18.687396929Z: [    0.000000] tsc: Fast TSC calibration failed
[STDERR  ] 2017-05-23T00:15:18.687402046Z: [    0.000000] tsc: Unable to calibrate against PIT
[STDERR  ] 2017-05-23T00:15:18.687407174Z: [    0.000000] tsc: using HPET reference calibration
[STDERR  ] 2017-05-23T00:15:18.687412322Z: [    0.000000] tsc: Detected 2599.765 MHz processor
[STDERR  ] 2017-05-23T00:15:18.68742015Z: [    0.051452] Calibrating delay loop (skipped), value calculated using timer frequency.. 5199.53 BogoMIPS (lpj=25997650)
[STDERR  ] 2017-05-23T00:15:18.687425278Z: [    0.060209] pid_max: default: 32768 minimum: 301
[STDERR  ] 2017-05-23T00:15:18.687430529Z: [    0.061378] ACPI: Core revision 20160930
[STDERR  ] 2017-05-23T00:15:18.687435687Z: [    0.108335] ACPI: 1 ACPI AML tables successfully acquired and loaded
[STDERR  ] 2017-05-23T00:15:18.687442734Z: [    0.110963] Security Framework initialized
[STDERR  ] 2017-05-23T00:15:18.687445411Z: [    0.111568] Yama: becoming mindful.
[STDERR  ] 2017-05-23T00:15:18.687453162Z: [    0.113932] Mount-cache hash table entries: 2048 (order: 2, 16384 bytes)
[STDERR  ] 2017-05-23T00:15:18.68745849Z: [    0.114721] Mountpoint-cache hash table entries: 2048 (order: 2, 16384 bytes)
[STDERR  ] 2017-05-23T00:15:18.687467286Z: [    0.134174] Last level iTLB entries: 4KB 0, 2MB 0, 4MB 0
[STDERR  ] 2017-05-23T00:15:18.68747172Z: [    0.134901] Last level dTLB entries: 4KB 0, 2MB 0, 4MB 0, 1GB 0
[STDERR  ] 2017-05-23T00:15:18.687479729Z: [    0.490820] Freeing SMP alternatives memory: 24K
[STDERR  ] 2017-05-23T00:15:18.68748726Z: [    0.500705] ftrace: allocating 41987 entries in 165 pages
[STDERR  ] 2017-05-23T00:15:18.687492353Z: [    0.689766] smpboot: Max logical packages: 1
[STDERR  ] 2017-05-23T00:15:18.687495163Z: [    0.695209] ..TIMER: vector=0x30 apic1=0 pin1=2 apic2=-1 pin2=-1
[STDERR  ] 2017-05-23T00:15:18.687500251Z: [    0.800000] smpboot: CPU0: AMD QEMU Virtual CPU version 2.5+ (family: 0x6, model: 0x6, stepping: 0x3)
[STDERR  ] 2017-05-23T00:15:18.687508669Z: [    0.800000] Performance Events: PMU not available due to virtualization, using software events only.
[STDERR  ] 2017-05-23T00:15:18.687511501Z: [    0.806782] NMI watchdog: disabled (cpu0): hardware events not enabled
[STDERR  ] 2017-05-23T00:15:18.687522652Z: [    0.807543] NMI watchdog: Shutting down hard lockup detector on all cpus
[STDERR  ] 2017-05-23T00:15:18.687525386Z: [    0.811034] smp: Bringing up secondary CPUs ...
[STDERR  ] 2017-05-23T00:15:18.687533203Z: [    0.811618] smp: Brought up 1 node, 1 CPU
[STDERR  ] 2017-05-23T00:15:18.687535917Z: [    0.812221] smpboot: Total of 1 processors activated (5199.53 BogoMIPS)
[STDERR  ] 2017-05-23T00:15:18.687543526Z: [    0.827332] devtmpfs: initialized
[STDERR  ] 2017-05-23T00:15:18.68754872Z: [    0.832392] x86/mm: Memory block size: 128MB
[STDERR  ] 2017-05-23T00:15:18.687554207Z: [    0.896204] clocksource: jiffies: mask: 0xffffffff max_cycles: 0xffffffff, max_idle_ns: 19112604462750000 ns
[STDERR  ] 2017-05-23T00:15:18.687559622Z: [    0.897696] futex hash table entries: 256 (order: 2, 16384 bytes)
[STDERR  ] 2017-05-23T00:15:18.687562306Z: [    0.906316] NET: Registered protocol family 16
[STDERR  ] 2017-05-23T00:15:18.687573046Z: [    0.915722] cpuidle: using governor ladder
[STDERR  ] 2017-05-23T00:15:18.68757814Z: [    0.916549] cpuidle: using governor menu
[STDERR  ] 2017-05-23T00:15:18.687584543Z: [    0.917127] PCCT header not found.
[STDERR  ] 2017-05-23T00:15:18.687589748Z: [    0.918501] ACPI: bus type PCI registered
[STDERR  ] 2017-05-23T00:15:18.687596602Z: [    0.921740] PCI: MMCONFIG for domain 0000 [bus 00-ff] at [mem 0xb0000000-0xbfffffff] (base 0xb0000000)
[STDERR  ] 2017-05-23T00:15:18.687601897Z: [    0.923076] PCI: MMCONFIG at [mem 0xb0000000-0xbfffffff] reserved in E820
[STDERR  ] 2017-05-23T00:15:18.687607207Z: [    0.924742] PCI: Using configuration type 1 for base access
[STDERR  ] 2017-05-23T00:15:18.687612378Z: [    0.979191] HugeTLB registered 2 MB page size, pre-allocated 0 pages
[STDERR  ] 2017-05-23T00:15:18.68761749Z: [    0.989532] ACPI: Added _OSI(Module Device)
[STDERR  ] 2017-05-23T00:15:18.68762925Z: [    0.990186] ACPI: Added _OSI(Processor Device)
[STDERR  ] 2017-05-23T00:15:18.68763457Z: [    0.990619] ACPI: Added _OSI(3.0 _SCP Extensions)
[STDERR  ] 2017-05-23T00:15:18.687639722Z: [    0.991067] ACPI: Added _OSI(Processor Aggregator Device)
[STDERR  ] 2017-05-23T00:15:18.687644909Z: [    1.065684] ACPI: Interpreter enabled
[STDERR  ] 2017-05-23T00:15:18.68764999Z: [    1.066941] ACPI: (supports S0 S5)
[STDERR  ] 2017-05-23T00:15:18.687655208Z: [    1.067348] ACPI: Using IOAPIC for interrupt routing
[STDERR  ] 2017-05-23T00:15:18.687660416Z: [    1.069593] PCI: Using host bridge windows from ACPI; if necessary, use "pci=nocrs" and report a bug
[STDERR  ] 2017-05-23T00:15:18.687665758Z: [    1.130741] ACPI: PCI Root Bridge [PCI0] (domain 0000 [bus 00-ff])
[STDERR  ] 2017-05-23T00:15:18.687672679Z: [    1.132150] acpi PNP0A08:00: _OSC: OS supports [ExtendedConfig ASPM ClockPM Segments MSI]
[STDERR  ] 2017-05-23T00:15:18.687680563Z: [    1.137915] acpi PNP0A08:00: _OSC: OS now controls [PCIeHotplug PME PCIeCapability]
[STDERR  ] 2017-05-23T00:15:18.687689636Z: [    1.142420] PCI host bridge to bus 0000:00
[STDERR  ] 2017-05-23T00:15:18.687692309Z: [    1.143215] pci_bus 0000:00: root bus resource [io  0x0000-0x0cf7 window]
[STDERR  ] 2017-05-23T00:15:18.687704008Z: [    1.143912] pci_bus 0000:00: root bus resource [io  0x0d00-0xffff window]
[STDERR  ] 2017-05-23T00:15:18.687709209Z: [    1.144555] pci_bus 0000:00: root bus resource [mem 0x000a0000-0x000bffff window]
[STDERR  ] 2017-05-23T00:15:18.687714357Z: [    1.145240] pci_bus 0000:00: root bus resource [mem 0xc0000000-0xfebfffff window]
[STDERR  ] 2017-05-23T00:15:18.687719557Z: [    1.146181] pci_bus 0000:00: root bus resource [bus 00-ff]
[STDERR  ] 2017-05-23T00:15:18.687730069Z: [    1.264859] pci 0000:00:1f.0: quirk: [io  0x0600-0x067f] claimed by ICH6 ACPI/GPIO/TCO
[STDERR  ] 2017-05-23T00:15:18.687737781Z: [    1.337548] ACPI: PCI Interrupt Link [LNKA] (IRQs 5 *10 11)
[STDERR  ] 2017-05-23T00:15:18.687740637Z: [    1.340414] ACPI: PCI Interrupt Link [LNKB] (IRQs 5 *10 11)
[STDERR  ] 2017-05-23T00:15:18.687745842Z: [    1.342467] ACPI: PCI Interrupt Link [LNKC] (IRQs 5 10 *11)
[STDERR  ] 2017-05-23T00:15:18.687756823Z: [    1.344440] ACPI: PCI Interrupt Link [LNKD] (IRQs 5 10 *11)
[STDERR  ] 2017-05-23T00:15:18.687762044Z: [    1.346397] ACPI: PCI Interrupt Link [LNKE] (IRQs 5 *10 11)
[STDERR  ] 2017-05-23T00:15:18.687767388Z: [    1.348330] ACPI: PCI Interrupt Link [LNKF] (IRQs 5 *10 11)
[STDERR  ] 2017-05-23T00:15:18.687775785Z: [    1.350688] ACPI: PCI Interrupt Link [LNKG] (IRQs 5 10 *11)
[STDERR  ] 2017-05-23T00:15:18.687780964Z: [    1.352681] ACPI: PCI Interrupt Link [LNKH] (IRQs 5 10 *11)
[STDERR  ] 2017-05-23T00:15:18.687786035Z: [    1.353760] ACPI: PCI Interrupt Link [GSIA] (IRQs *16)
[STDERR  ] 2017-05-23T00:15:18.687792866Z: [    1.354707] ACPI: PCI Interrupt Link [GSIB] (IRQs *17)
[STDERR  ] 2017-05-23T00:15:18.687797964Z: [    1.355546] ACPI: PCI Interrupt Link [GSIC] (IRQs *18)
[STDERR  ] 2017-05-23T00:15:18.687803092Z: [    1.356373] ACPI: PCI Interrupt Link [GSID] (IRQs *19)
[STDERR  ] 2017-05-23T00:15:18.687808158Z: [    1.357429] ACPI: PCI Interrupt Link [GSIE] (IRQs *20)
[STDERR  ] 2017-05-23T00:15:18.687813247Z: [    1.358651] ACPI: PCI Interrupt Link [GSIF] (IRQs *21)
[STDERR  ] 2017-05-23T00:15:18.687818296Z: [    1.359559] ACPI: PCI Interrupt Link [GSIG] (IRQs *22)
[STDERR  ] 2017-05-23T00:15:18.687823312Z: [    1.360401] ACPI: PCI Interrupt Link [GSIH] (IRQs *23)
[STDERR  ] 2017-05-23T00:15:18.687828533Z: [    1.364202] ACPI: Enabled 2 GPEs in block 00 to 3F
[STDERR  ] 2017-05-23T00:15:18.687833683Z: [    1.368761] SCSI subsystem initialized
[STDERR  ] 2017-05-23T00:15:18.687838778Z: [    1.371867] pps_core: LinuxPPS API ver. 1 registered
[STDERR  ] 2017-05-23T00:15:18.687849551Z: [    1.372428] pps_core: Software ver. 5.3.6 - Copyright 2005-2007 Rodolfo Giometti <giometti@linux.it>
[STDERR  ] 2017-05-23T00:15:18.687854714Z: [    1.373492] PTP clock support registered
[STDERR  ] 2017-05-23T00:15:18.687857371Z: [    1.374762] wmi: Mapper loaded
[STDERR  ] 2017-05-23T00:15:18.687865027Z: [    1.376090] PCI: Using ACPI for IRQ routing
[STDERR  ] 2017-05-23T00:15:18.687870226Z: [    1.395086] NetLabel: Initializing
[STDERR  ] 2017-05-23T00:15:18.687872845Z: [    1.395502] NetLabel:  domain hash size = 128
[STDERR  ] 2017-05-23T00:15:18.687882901Z: [    1.395920] NetLabel:  protocols = UNLABELED CIPSOv4 CALIPSO
[STDERR  ] 2017-05-23T00:15:18.687888032Z: [    1.398214] NetLabel:  unlabeled traffic allowed by default
[STDERR  ] 2017-05-23T00:15:18.687893196Z: [    1.399526] HPET: 3 timers in total, 0 timers will be used for per-cpu timer
[STDERR  ] 2017-05-23T00:15:18.687895891Z: [    1.400398] hpet0: at MMIO 0xfed00000, IRQs 2, 8, 0
[STDERR  ] 2017-05-23T00:15:18.687903556Z: [    1.400964] hpet0: 3 comparators, 64-bit 100.000000 MHz counter
[STDERR  ] 2017-05-23T00:15:18.688023415Z: [    1.406481] clocksource: Switched to clocksource hpet
[STDERR  ] 2017-05-23T00:15:18.68803196Z: [    1.667591] VFS: Disk quotas dquot_6.6.0
[STDERR  ] 2017-05-23T00:15:18.688034805Z: [    1.668691] VFS: Dquot-cache hash table entries: 512 (order 0, 4096 bytes)
[STDERR  ] 2017-05-23T00:15:18.68803994Z: [    1.671869] FS-Cache: Loaded
[STDERR  ] 2017-05-23T00:15:18.688052405Z: [    1.677073] CacheFiles: Loaded
[STDERR  ] 2017-05-23T00:15:18.688057755Z: [    1.678834] pnp: PnP ACPI init
[STDERR  ] 2017-05-23T00:15:18.688062865Z: [    1.689931] pnp: PnP ACPI: found 5 devices
[STDERR  ] 2017-05-23T00:15:18.688068258Z: [    1.730656] clocksource: acpi_pm: mask: 0xffffff max_cycles: 0xffffff, max_idle_ns: 2085701024 ns
[STDERR  ] 2017-05-23T00:15:18.688084547Z: [    1.733931] NET: Registered protocol family 2
[STDERR  ] 2017-05-23T00:15:18.688088445Z: [    1.742188] TCP established hash table entries: 8192 (order: 4, 65536 bytes)
[STDERR  ] 2017-05-23T00:15:18.688093638Z: [    1.743293] TCP bind hash table entries: 8192 (order: 5, 131072 bytes)
[STDERR  ] 2017-05-23T00:15:18.688106146Z: [    1.744225] TCP: Hash tables configured (established 8192 bind 8192)
[STDERR  ] 2017-05-23T00:15:18.688111429Z: [    1.746823] UDP hash table entries: 512 (order: 2, 16384 bytes)
[STDERR  ] 2017-05-23T00:15:18.688119408Z: [    1.747691] UDP-Lite hash table entries: 512 (order: 2, 16384 bytes)
[STDERR  ] 2017-05-23T00:15:18.688122403Z: [    1.750359] NET: Registered protocol family 1
[STDERR  ] 2017-05-23T00:15:18.688130034Z: [    1.753991] RPC: Registered named UNIX socket transport module.
[STDERR  ] 2017-05-23T00:15:18.688132654Z: [    1.754632] RPC: Registered udp transport module.
[STDERR  ] 2017-05-23T00:15:18.688140471Z: [    1.755154] RPC: Registered tcp transport module.
[STDERR  ] 2017-05-23T00:15:18.68814568Z: [    1.755601] RPC: Registered tcp NFSv4.1 backchannel transport module.
[STDERR  ] 2017-05-23T00:15:18.688158272Z: [    1.756665] pci 0000:00:01.0: Video device with shadowed ROM at [mem 0x000c0000-0x000dffff]
[STDERR  ] 2017-05-23T00:15:18.688167256Z: [    1.765708] Unpacking initramfs...
[STDERR  ] 2017-05-23T00:15:18.688170057Z: [    8.595681] Freeing initrd memory: 33384K
[STDERR  ] 2017-05-23T00:15:18.688175138Z: [    8.620923] PCLMULQDQ-NI instructions are not detected.
[STDERR  ] 2017-05-23T00:15:18.688182823Z: [    8.622487] AVX or AES-NI instructions are not detected.
[STDERR  ] 2017-05-23T00:15:18.688189814Z: [    8.623131] CPU feature 'AVX registers' is not supported.
[STDERR  ] 2017-05-23T00:15:18.688194961Z: [    8.623806] CPU feature 'AVX registers' is not supported.
[STDERR  ] 2017-05-23T00:15:18.68820024Z: [    8.624354] CPU feature 'AVX registers' is not supported.
[STDERR  ] 2017-05-23T00:15:18.688207984Z: [    8.624900] CPU feature 'AVX registers' is not supported.
[STDERR  ] 2017-05-23T00:15:18.688213197Z: [    8.625452] AVX2 or AES-NI instructions are not detected.
[STDERR  ] 2017-05-23T00:15:18.688218321Z: [    8.625988] AVX2 instructions are not detected.
[STDERR  ] 2017-05-23T00:15:18.688223503Z: [    8.632686] audit: initializing netlink subsys (disabled)
[STDERR  ] 2017-05-23T00:15:18.688235885Z: [    8.639495] audit: type=2000 audit(1495498483.630:1): initialized
[STDERR  ] 2017-05-23T00:15:18.688242832Z: [    8.643161] workingset: timestamp_bits=46 max_order=18 bucket_order=0
[STDERR  ] 2017-05-23T00:15:18.688248083Z: [    8.648934] FS-Cache: Netfs 'nfs' registered for caching
[STDERR  ] 2017-05-23T00:15:18.688253208Z: [    8.651805] NFS: Registering the id_resolver key type
[STDERR  ] 2017-05-23T00:15:18.688261035Z: [    8.653455] Key type id_resolver registered
[STDERR  ] 2017-05-23T00:15:18.688266188Z: [    8.653909] Key type id_legacy registered
[STDERR  ] 2017-05-23T00:15:18.688274229Z: [    8.654580] nfs4filelayout_init: NFSv4 File Layout Driver Registering...
[STDERR  ] 2017-05-23T00:15:18.68827951Z: [    8.655620] Installing knfsd (copyright (C) 1996 okir@monad.swb.de).
[STDERR  ] 2017-05-23T00:15:18.688284733Z: [    8.659117] FS-Cache: Netfs 'cifs' registered for caching
[STDERR  ] 2017-05-23T00:15:18.688289892Z: [    8.661599] ntfs: driver 2.1.32 [Flags: R/O].
[STDERR  ] 2017-05-23T00:15:18.688295031Z: [    8.662411] fuse init (API version 7.26)
[STDERR  ] 2017-05-23T00:15:18.688297747Z: [    8.664753] SGI XFS with ACLs, security attributes, no debug enabled
[STDERR  ] 2017-05-23T00:15:18.688309711Z: [    8.668868] 9p: Installing v9fs 9p2000 file system support
[STDERR  ] 2017-05-23T00:15:18.688321435Z: [    8.669678] FS-Cache: Netfs '9p' registered for caching
[STDERR  ] 2017-05-23T00:15:18.688326566Z: [    8.703262] NET: Registered protocol family 38
[STDERR  ] 2017-05-23T00:15:18.688333457Z: [    8.704230] Key type asymmetric registered
[STDERR  ] 2017-05-23T00:15:18.688338532Z: [    8.704693] Asymmetric key parser 'x509' registered
[STDERR  ] 2017-05-23T00:15:18.68834372Z: [    8.705770] Block layer SCSI generic (bsg) driver version 0.4 loaded (major 251)
[STDERR  ] 2017-05-23T00:15:18.688348673Z: [    8.707482] io scheduler noop registered
[STDERR  ] 2017-05-23T00:15:18.688356547Z: [    8.707963] io scheduler deadline registered (default)
[STDERR  ] 2017-05-23T00:15:18.688361658Z: [    8.708806] io scheduler cfq registered
[STDERR  ] 2017-05-23T00:15:18.688364249Z: [    8.712816] shpchp: Standard Hot Plug PCI Controller Driver version: 0.4
[STDERR  ] 2017-05-23T00:15:18.688385409Z: [    8.713935] hv_vmbus: registering driver hyperv_fb
[STDERR  ] 2017-05-23T00:15:18.688390853Z: [    8.717105] input: Power Button as /devices/LNXSYSTM:00/LNXPWRBN:00/input/input0
[STDERR  ] 2017-05-23T00:15:18.688395983Z: [    8.718625] ACPI: Power Button [PWRF]
[STDERR  ] 2017-05-23T00:15:18.688401038Z: [    8.725604] GHES: HEST is not enabled!
[STDERR  ] 2017-05-23T00:15:18.688406207Z: [    8.737878] ACPI: PCI Interrupt Link [GSIH] enabled at IRQ 23
[STDERR  ] 2017-05-23T00:15:18.688411404Z: [    8.745497] xenfs: not registering filesystem on non-xen platform
[STDERR  ] 2017-05-23T00:15:18.688416623Z: [    8.748143] Serial: 8250/16550 driver, 4 ports, IRQ sharing disabled
[STDERR  ] 2017-05-23T00:15:18.688419324Z: [    8.775839] 00:04: ttyS0 at I/O 0x3f8 (irq = 4, base_baud = 115200) is a 16550A
[STDERR  ] 2017-05-23T00:15:18.688424357Z: [    8.782965] Initializing Nozomi driver 2.1d
[STDERR  ] 2017-05-23T00:15:18.688434777Z: [    8.787426] Non-volatile memory driver v1.3
[STDERR  ] 2017-05-23T00:15:18.688440208Z: [    8.794194] Hangcheck: starting hangcheck timer 0.9.1 (tick is 180 seconds, margin is 60 seconds).
[STDERR  ] 2017-05-23T00:15:18.688445476Z: [    8.829903] loop: module loaded
[STDERR  ] 2017-05-23T00:15:18.688448149Z: [    8.844388] nbd: registered device at major 43
[STDERR  ] 2017-05-23T00:15:18.6884648Z: [    8.881405] lpc_ich 0000:00:1f.0: I/O space for GPIO uninitialized
[STDERR  ] 2017-05-23T00:15:18.688467485Z: [    8.883601] VMware PVSCSI driver - version 1.0.7.0-k
[STDERR  ] 2017-05-23T00:15:18.688478066Z: [    8.884661] hv_vmbus: registering driver hv_storvsc
[STDERR  ] 2017-05-23T00:15:18.688483376Z: [    8.896033] ACPI: PCI Interrupt Link [GSIA] enabled at IRQ 16
[STDERR  ] 2017-05-23T00:15:18.688486061Z: [    8.903105] ahci 0000:00:1f.2: AHCI 0001.0000 32 slots 6 ports 1.5 Gbps 0x3f impl SATA mode
[STDERR  ] 2017-05-23T00:15:18.688493813Z: [    8.904305] ahci 0000:00:1f.2: flags: 64bit ncq only 
[STDERR  ] 2017-05-23T00:15:18.688499607Z: [    8.922450] scsi host0: ahci
[STDERR  ] 2017-05-23T00:15:18.688507537Z: [    8.926325] scsi host1: ahci
[STDERR  ] 2017-05-23T00:15:18.688512766Z: [    8.928677] scsi host2: ahci
[STDERR  ] 2017-05-23T00:15:18.688517841Z: [    8.931098] scsi host3: ahci
[STDERR  ] 2017-05-23T00:15:18.68852302Z: [    8.933256] scsi host4: ahci
[STDERR  ] 2017-05-23T00:15:18.688528109Z: [    8.935444] scsi host5: ahci
[STDERR  ] 2017-05-23T00:15:18.688540129Z: [    8.937305] ata1: SATA max UDMA/133 abar m4096@0xfebf1000 port 0xfebf1100 irq 24
[STDERR  ] 2017-05-23T00:15:18.688544224Z: [    8.938104] ata2: SATA max UDMA/133 abar m4096@0xfebf1000 port 0xfebf1180 irq 24
[STDERR  ] 2017-05-23T00:15:18.688549362Z: [    8.938897] ata3: SATA max UDMA/133 abar m4096@0xfebf1000 port 0xfebf1200 irq 24
[STDERR  ] 2017-05-23T00:15:18.688559115Z: [    8.939590] ata4: SATA max UDMA/133 abar m4096@0xfebf1000 port 0xfebf1280 irq 24
[STDERR  ] 2017-05-23T00:15:18.688564347Z: [    8.940645] ata5: SATA max UDMA/133 abar m4096@0xfebf1000 port 0xfebf1300 irq 24
[STDERR  ] 2017-05-23T00:15:18.688567083Z: [    8.941343] ata6: SATA max UDMA/133 abar m4096@0xfebf1000 port 0xfebf1380 irq 24
[STDERR  ] 2017-05-23T00:15:18.688577649Z: [    8.952107] Ethernet Channel Bonding Driver: v3.7.1 (April 27, 2011)
[STDERR  ] 2017-05-23T00:15:18.688580313Z: [    8.969400] tun: Universal TUN/TAP device driver, 1.6
[STDERR  ] 2017-05-23T00:15:18.688588086Z: [    8.970474] tun: (C) 1999-2004 Max Krasnyansky <maxk@qualcomm.com>
[STDERR  ] 2017-05-23T00:15:18.688593287Z: [    8.972459] ena: Elastic Network Adapter (ENA) v1.0.2
[STDERR  ] 2017-05-23T00:15:18.688600778Z: [    8.974166] e1000: Intel(R) PRO/1000 Network Driver - version 7.3.21-k8-NAPI
[STDERR  ] 2017-05-23T00:15:18.688610138Z: [    8.974938] e1000: Copyright (c) 1999-2006 Intel Corporation.
[STDERR  ] 2017-05-23T00:15:18.688618189Z: [    8.983815] ACPI: PCI Interrupt Link [GSIG] enabled at IRQ 22
[STDERR  ] 2017-05-23T00:15:18.688623385Z: [    9.274700] ata4: SATA link down (SStatus 0 SControl 300)
[STDERR  ] 2017-05-23T00:15:18.68862946Z: [    9.277440] ata3: SATA link up 1.5 Gbps (SStatus 113 SControl 300)
[STDERR  ] 2017-05-23T00:15:18.688745387Z: [    9.280274] ata2: SATA link down (SStatus 0 SControl 300)
[STDERR  ] 2017-05-23T00:15:18.689577266Z: [    9.281042] ata1: SATA link down (SStatus 0 SControl 300)
[STDERR  ] 2017-05-23T00:15:18.689601101Z: [    9.281727] ata5: SATA link down (SStatus 0 SControl 300)
[STDERR  ] 2017-05-23T00:15:18.689606547Z: [    9.283120] ata6: SATA link down (SStatus 0 SControl 300)
[STDERR  ] 2017-05-23T00:15:18.68961197Z: [    9.285430] ata3.00: ATAPI: QEMU DVD-ROM, 2.5+, max UDMA/100
[STDERR  ] 2017-05-23T00:15:18.689616526Z: [    9.286185] ata3.00: applying bridge limits
[STDERR  ] 2017-05-23T00:15:18.689625903Z: [    9.288109] ata3.00: configured for UDMA/100
[STDERR  ] 2017-05-23T00:15:18.689628696Z: [    9.302744] scsi 2:0:0:0: CD-ROM            QEMU     QEMU DVD-ROM     2.5+ PQ: 0 ANSI: 5
[STDERR  ] 2017-05-23T00:15:18.689648972Z: [    9.323451] sr 2:0:0:0: [sr0] scsi3-mmc drive: 4x/4x cd/rw xa/form2 tray
[STDERR  ] 2017-05-23T00:15:18.689652077Z: [    9.324641] cdrom: Uniform CD-ROM driver Revision: 3.20
[STDERR  ] 2017-05-23T00:15:18.689659873Z: [    9.331464] sr 2:0:0:0: Attached scsi generic sg0 type 5
[STDERR  ] 2017-05-23T00:15:18.689670449Z: [    9.354319] e1000 0000:00:02.0 eth0: (PCI:33MHz:32-bit) 52:54:00:12:34:56
[STDERR  ] 2017-05-23T00:15:18.68967843Z: [    9.355428] e1000 0000:00:02.0 eth0: Intel(R) PRO/1000 Network Connection
[STDERR  ] 2017-05-23T00:15:18.689681107Z: [    9.356633] e1000e: Intel(R) PRO/1000 Network Driver - 3.2.6-k
[STDERR  ] 2017-05-23T00:15:18.689689205Z: [    9.357224] e1000e: Copyright(c) 1999 - 2015 Intel Corporation.
[STDERR  ] 2017-05-23T00:15:18.689694777Z: [    9.358266] igb: Intel(R) Gigabit Ethernet Network Driver - version 5.4.0-k
[STDERR  ] 2017-05-23T00:15:18.689702656Z: [    9.358939] igb: Copyright (c) 2007-2014 Intel Corporation.
[STDERR  ] 2017-05-23T00:15:18.689705369Z: [    9.359871] igbvf: Intel(R) Gigabit Virtual Function Network Driver - version 2.4.0-k
[STDERR  ] 2017-05-23T00:15:18.689713355Z: [    9.361052] igbvf: Copyright (c) 2009 - 2012 Intel Corporation.
[STDERR  ] 2017-05-23T00:15:18.689718562Z: [    9.362167] ixgbe: Intel(R) 10 Gigabit PCI Express Network Driver - version 4.4.0-k
[STDERR  ] 2017-05-23T00:15:18.689723934Z: [    9.362910] ixgbe: Copyright (c) 1999-2016 Intel Corporation.
[STDERR  ] 2017-05-23T00:15:18.689729823Z: [    9.364758] ixgbevf: Intel(R) 10 Gigabit PCI Express Virtual Function Network Driver - version 3.2.2-k
[STDERR  ] 2017-05-23T00:15:18.689746532Z: [    9.365709] ixgbevf: Copyright (c) 2009 - 2015 Intel Corporation.
[STDERR  ] 2017-05-23T00:15:18.689749501Z: [    9.367393] ixgb: Intel(R) PRO/10GbE Network Driver - version 1.0.135-k2-NAPI
[STDERR  ] 2017-05-23T00:15:18.68975731Z: [    9.368128] ixgb: Copyright (c) 1999-2008 Intel Corporation.
[STDERR  ] 2017-05-23T00:15:18.689764932Z: [    9.369304] PPP generic driver version 2.4.2
[STDERR  ] 2017-05-23T00:15:18.689770454Z: [    9.371309] PPP BSD Compression module registered
[STDERR  ] 2017-05-23T00:15:18.689781819Z: [    9.371871] PPP Deflate Compression module registered
[STDERR  ] 2017-05-23T00:15:18.689787424Z: [    9.372695] PPP MPPE Compression module registered
[STDERR  ] 2017-05-23T00:15:18.689792803Z: [    9.373233] NET: Registered protocol family 24
[STDERR  ] 2017-05-23T00:15:18.689795445Z: [    9.374073] PPTP driver version 0.8.5
[STDERR  ] 2017-05-23T00:15:18.68980344Z: [    9.375443] VMware vmxnet3 virtual NIC driver - version 1.4.a.0-k-NAPI
[STDERR  ] 2017-05-23T00:15:18.689808687Z: [    9.376621] hv_vmbus: registering driver hv_netvsc
[STDERR  ] 2017-05-23T00:15:18.689811481Z: [    9.377133] Fusion MPT base driver 3.04.20
[STDERR  ] 2017-05-23T00:15:18.689826453Z: [    9.377531] Copyright (c) 1999-2008 LSI Corporation
[STDERR  ] 2017-05-23T00:15:18.689829272Z: [    9.378312] Fusion MPT SPI Host driver 3.04.20
[STDERR  ] 2017-05-23T00:15:18.689837144Z: [    9.384031] aoe: AoE v85 initialised.
[STDERR  ] 2017-05-23T00:15:18.689846831Z: [    9.386879] i8042: PNP: PS/2 Controller [PNP0303:KBD,PNP0f13:MOU] at 0x60,0x64 irq 1,12
[STDERR  ] 2017-05-23T00:15:18.68985523Z: [    9.391770] serio: i8042 KBD port at 0x60,0x64 irq 1
[STDERR  ] 2017-05-23T00:15:18.689861118Z: [    9.392756] serio: i8042 AUX port at 0x60,0x64 irq 12
[STDERR  ] 2017-05-23T00:15:18.689866374Z: [    9.395850] hv_vmbus: registering driver hyperv_keyboard
[STDERR  ] 2017-05-23T00:15:18.689871592Z: [    9.398167] mousedev: PS/2 mouse device common for all mice
[STDERR  ] 2017-05-23T00:15:18.689877053Z: [    9.403425] input: AT Translated Set 2 keyboard as /devices/platform/i8042/serio0/input/input1
[STDERR  ] 2017-05-23T00:15:18.689882502Z: [    9.406697] input: PC Speaker as /devices/platform/pcspkr/input/input2
[STDERR  ] 2017-05-23T00:15:18.689885229Z: [    9.411126] rtc_cmos 00:00: RTC can wake from S4
[STDERR  ] 2017-05-23T00:15:18.689898145Z: [    9.414611] rtc_cmos 00:00: rtc core: registered rtc_cmos as rtc0
[STDERR  ] 2017-05-23T00:15:18.689910972Z: [    9.416149] rtc_cmos 00:00: alarms up to one day, y3k, 114 bytes nvram, hpet irqs
[STDERR  ] 2017-05-23T00:15:18.689916416Z: [    9.417190] i2c /dev entries driver
[STDERR  ] 2017-05-23T00:15:18.68992208Z: [    9.419383] device-mapper: ioctl: 4.35.0-ioctl (2016-06-23) initialised: dm-devel@redhat.com
[STDERR  ] 2017-05-23T00:15:18.689924917Z: [    9.424506] hv_utils: Registering HyperV Utility Driver
[STDERR  ] 2017-05-23T00:15:18.68993335Z: [    9.425093] hv_vmbus: registering driver hv_util
[STDERR  ] 2017-05-23T00:15:18.689939861Z: [    9.425547] hv_vmbus: registering driver hv_balloon
[STDERR  ] 2017-05-23T00:15:18.689945439Z: [    9.426409] oprofile: using NMI interrupt.
[STDERR  ] 2017-05-23T00:15:18.689952325Z: [    9.427895] GACT probability on
[STDERR  ] 2017-05-23T00:15:18.689957985Z: [    9.428663] Mirror/redirect action on
[STDERR  ] 2017-05-23T00:15:18.689971724Z: [    9.429715] Simple TC action Loaded
[STDERR  ] 2017-05-23T00:15:18.689977355Z: [    9.433671] netem: version 1.3
[STDERR  ] 2017-05-23T00:15:18.689982567Z: [    9.434073] u32 classifier
[STDERR  ] 2017-05-23T00:15:18.68998892Z: [    9.434351]     Performance counters on
[STDERR  ] 2017-05-23T00:15:18.689991694Z: [    9.434712]     input device check on
[STDERR  ] 2017-05-23T00:15:18.689999567Z: [    9.435064]     Actions configured
[STDERR  ] 2017-05-23T00:15:18.690004753Z: [    9.435921] Netfilter messages via NETLINK v0.30.
[STDERR  ] 2017-05-23T00:15:18.690010015Z: [    9.436725] nfnl_acct: registering with nfnetlink.
[STDERR  ] 2017-05-23T00:15:18.690017208Z: [    9.438173] nf_conntrack version 0.5.0 (8192 buckets, 32768 max)
[STDERR  ] 2017-05-23T00:15:18.690022631Z: [    9.441218] ctnetlink v0.93: registering with nfnetlink.
[STDERR  ] 2017-05-23T00:15:18.69002793Z: [    9.444497] nf_tables: (c) 2007-2009 Patrick McHardy <kaber@trash.net>
[STDERR  ] 2017-05-23T00:15:18.690033223Z: [    9.445625] nf_tables_compat: (c) 2012 Pablo Neira Ayuso <pablo@netfilter.org>
[STDERR  ] 2017-05-23T00:15:18.690046422Z: [    9.448462] xt_time: kernel timezone is -0000
[STDERR  ] 2017-05-23T00:15:18.690056365Z: [    9.449236] ip_set: protocol 6
[STDERR  ] 2017-05-23T00:15:18.690065891Z: [    9.450354] IPVS: Registered protocols (TCP, UDP, SCTP, AH, ESP)
[STDERR  ] 2017-05-23T00:15:18.69006875Z: [    9.451381] IPVS: Connection hash table configured (size=4096, memory=64Kbytes)
[STDERR  ] 2017-05-23T00:15:18.690077015Z: [    9.453380] IPVS: Creating netns size=2096 id=0
[STDERR  ] 2017-05-23T00:15:18.69007993Z: [    9.456284] IPVS: ipvs loaded.
[STDERR  ] 2017-05-23T00:15:18.690087895Z: [    9.456863] IPVS: [rr] scheduler registered.
[STDERR  ] 2017-05-23T00:15:18.690093206Z: [    9.457338] IPVS: [wrr] scheduler registered.
[STDERR  ] 2017-05-23T00:15:18.690098517Z: [    9.457790] IPVS: [lc] scheduler registered.
[STDERR  ] 2017-05-23T00:15:18.690101329Z: [    9.458202] IPVS: [wlc] scheduler registered.
[STDERR  ] 2017-05-23T00:15:18.690106531Z: [    9.458617] IPVS: [fo] scheduler registered.
[STDERR  ] 2017-05-23T00:15:18.690123828Z: [    9.459041] IPVS: [ovf] scheduler registered.
[STDERR  ] 2017-05-23T00:15:18.690130365Z: [    9.459711] IPVS: [lblc] scheduler registered.
[STDERR  ] 2017-05-23T00:15:18.690135666Z: [    9.460810] IPVS: [lblcr] scheduler registered.
[STDERR  ] 2017-05-23T00:15:18.690138497Z: [    9.461289] IPVS: [dh] scheduler registered.
[STDERR  ] 2017-05-23T00:15:18.690143772Z: [    9.461721] IPVS: [sh] scheduler registered.
[STDERR  ] 2017-05-23T00:15:18.690151518Z: [    9.462158] IPVS: [sed] scheduler registered.
[STDERR  ] 2017-05-23T00:15:18.690154203Z: [    9.462580] IPVS: [nq] scheduler registered.
[STDERR  ] 2017-05-23T00:15:18.690161915Z: [    9.463553] IPVS: ftp: loaded support on port[0] = 21
[STDERR  ] 2017-05-23T00:15:18.690164925Z: [    9.464595] ipip: IPv4 and MPLS over IPv4 tunneling driver
[STDERR  ] 2017-05-23T00:15:18.690172662Z: [    9.468593] gre: GRE over IPv4 demultiplexor driver
[STDERR  ] 2017-05-23T00:15:18.690180242Z: [    9.469133] ip_gre: GRE over IPv4 tunneling driver
[STDERR  ] 2017-05-23T00:15:18.69018534Z: [    9.474332] IPv4 over IPsec tunneling driver
[STDERR  ] 2017-05-23T00:15:18.690197012Z: [    9.480908] ip_tables: (C) 2000-2006 Netfilter Core Team
[STDERR  ] 2017-05-23T00:15:18.690200106Z: [    9.484587] ipt_CLUSTERIP: ClusterIP Version 0.8 loaded successfully
[STDERR  ] 2017-05-23T00:15:18.690205249Z: [    9.485675] arp_tables: arp_tables: (C) 2002 David S. Miller
[STDERR  ] 2017-05-23T00:15:18.690212986Z: [    9.487831] Initializing XFRM netlink socket
[STDERR  ] 2017-05-23T00:15:18.69021917Z: [    9.489221] NET: Registered protocol family 10
[STDERR  ] 2017-05-23T00:15:18.690224355Z: [    9.500896] Segment Routing with IPv6
[STDERR  ] 2017-05-23T00:15:18.690229559Z: [    9.502451] mip6: Mobile IPv6
[STDERR  ] 2017-05-23T00:15:18.690234695Z: [    9.503500] ip6_tables: (C) 2000-2006 Netfilter Core Team
[STDERR  ] 2017-05-23T00:15:18.690237445Z: [    9.512745] sit: IPv6, IPv4 and MPLS over IPv4 tunneling driver
[STDERR  ] 2017-05-23T00:15:18.690242558Z: [    9.519555] ip6_gre: GRE over IPv6 tunneling driver
[STDERR  ] 2017-05-23T00:15:18.690253622Z: [    9.523732] NET: Registered protocol family 17
[STDERR  ] 2017-05-23T00:15:18.690259343Z: [    9.524639] NET: Registered protocol family 15
[STDERR  ] 2017-05-23T00:15:18.690270941Z: [    9.525771] Bridge firewalling registered
[STDERR  ] 2017-05-23T00:15:18.690276494Z: [    9.526487] Ebtables v2.0 registered
[STDERR  ] 2017-05-23T00:15:18.690281614Z: [    9.529750] l2tp_core: L2TP core driver, V2.0
[STDERR  ] 2017-05-23T00:15:18.690286795Z: [    9.530908] l2tp_ppp: PPPoL2TP kernel driver, V2.0
[STDERR  ] 2017-05-23T00:15:18.690293002Z: [    9.531424] 8021q: 802.1Q VLAN Support v1.8
[STDERR  ] 2017-05-23T00:15:18.690298296Z: [    9.533055] 9pnet: Installing 9P2000 support
[STDERR  ] 2017-05-23T00:15:18.69030347Z: [    9.534101] Key type dns_resolver registered
[STDERR  ] 2017-05-23T00:15:18.690308841Z: [    9.534582] openvswitch: Open vSwitch switching datapath
[STDERR  ] 2017-05-23T00:15:18.690314054Z: [    9.536910] mpls_gso: MPLS GSO support
[STDERR  ] 2017-05-23T00:15:18.690319391Z: [    9.540838] registered taskstats version 1
[STDERR  ] 2017-05-23T00:15:18.690327658Z: [    9.602801] tsc: Refined TSC clocksource calibration: 2599.770 MHz
[STDERR  ] 2017-05-23T00:15:18.690333143Z: [    9.603888] clocksource: tsc: mask: 0xffffffffffffffff max_cycles: 0x257962cf5f2, max_idle_ns: 440795210423 ns
[STDERR  ] 2017-05-23T00:15:18.690335947Z: [    9.731996] Key type big_key registered
[STDERR  ] 2017-05-23T00:15:18.690349112Z: [    9.776725] Key type encrypted registered
[STDERR  ] 2017-05-23T00:15:18.690357182Z: [    9.781743] rtc_cmos 00:00: setting system clock to 2017-05-23 00:14:45 UTC (1495498485)
[STDERR  ] 2017-05-23T00:15:18.690362409Z: [    9.928514] Freeing unused kernel memory: 1460K
[STDERR  ] 2017-05-23T00:15:18.690367643Z: [    9.929339] Write protecting the kernel read-only data: 14336k
[STDERR  ] 2017-05-23T00:15:18.690372907Z: [    9.939238] Freeing unused kernel memory: 684K
[STDERR  ] 2017-05-23T00:15:18.690385858Z: [   10.058289] Freeing unused kernel memory: 988K
[STDERR  ] 2017-05-23T00:15:18.690396078Z: [   10.621024] clocksource: Switched to clocksource tsc
[STDERR  ] 2017-05-23T00:15:18.69040188Z: 
[STDERR  ] 2017-05-23T00:15:18.690407663Z: Welcome to LinuxKit
[STDERR  ] 2017-05-23T00:15:18.690412895Z: 
[STDERR  ] 2017-05-23T00:15:18.690425413Z:                         ##         .
[STDERR  ] 2017-05-23T00:15:18.69043254Z:                   ## ## ##        ==
[STDERR  ] 2017-05-23T00:15:18.690438747Z:                ## ## ## ## ##    ===
[STDERR  ] 2017-05-23T00:15:18.69044406Z:            /"""""""""""""""""\___/ ===
[STDERR  ] 2017-05-23T00:15:18.690449365Z:       ~~~ {~~ ~~~~ ~~~ ~~~~ ~~~ ~ /  ===- ~~~
[STDERR  ] 2017-05-23T00:15:18.690454737Z:            \______ o           __/
[STDERR  ] 2017-05-23T00:15:18.690464747Z:              \    \         __/
[STDERR  ] 2017-05-23T00:15:18.690470287Z:               \____\_______/
[STDERR  ] 2017-05-23T00:15:18.690475455Z: 
[STDERR  ] 2017-05-23T00:15:18.690480493Z: 
[STDERR  ] 2017-05-23T00:15:18.690485704Z: Starting containerd
[STDERR  ] 2017-05-23T00:15:18.690488418Z: 
[STDERR  ] 2017-05-23T00:15:18.690500424Z: / # [6n[   17.522682] IPVS: Creating netns size=2096 id=1
[STDERR  ] 2017-05-23T00:15:18.690508654Z: [   17.523574] IPVS: ftp: loaded support on port[0] = 21
[STDERR  ] 2017-05-23T00:15:18.690516333Z: [34mINFO[0m[0000] starting containerd boot...                   [34mmodule[0m=containerd
[STDERR  ] 2017-05-23T00:15:18.690522459Z: [34mINFO[0m[0000] starting debug API...                         [34mdebug[0m="/run/containerd/debug.sock" [34mmodule[0m=containerd
[STDERR  ] 2017-05-23T00:15:18.690525641Z: [34mINFO[0m[0000] loading monitor plugin "cgroups"...           [34mmodule[0m=containerd
[STDERR  ] 2017-05-23T00:15:18.690530911Z: [34mINFO[0m[0000] loading runtime plugin "linux"...             [34mmodule[0m=containerd
[STDERR  ] 2017-05-23T00:15:18.69053879Z: [34mINFO[0m[0000] loading snapshot plugin "snapshot-overlay"...  [34mmodule[0m=containerd
[STDERR  ] 2017-05-23T00:15:18.69054405Z: [34mINFO[0m[0001] loading grpc service plugin "content-grpc"...  [34mmodule[0m=containerd
[STDERR  ] 2017-05-23T00:15:18.690546836Z: [34mINFO[0m[0001] loading grpc service plugin "diff-grpc"...    [34mmodule[0m=containerd
[STDERR  ] 2017-05-23T00:15:18.690555993Z: [34mINFO[0m[0001] loading grpc service plugin "runtime-grpc"...  [34mmodule[0m=containerd
[STDERR  ] 2017-05-23T00:15:18.690563482Z: [34mINFO[0m[0001] loading grpc service plugin "healthcheck-grpc"...  [34mmodule[0m=containerd
[STDERR  ] 2017-05-23T00:15:18.690573366Z: [34mINFO[0m[0001] loading grpc service plugin "images-grpc"...  [34mmodule[0m=containerd
[STDERR  ] 2017-05-23T00:15:18.690581468Z: [34mINFO[0m[0001] loading grpc service plugin "version-grpc"...  [34mmodule[0m=containerd
[STDERR  ] 2017-05-23T00:15:18.690586689Z: [34mINFO[0m[0001] loading grpc service plugin "metrics-grpc"...  [34mmodule[0m=containerd
[STDERR  ] 2017-05-23T00:15:18.690593507Z: [34mINFO[0m[0001] loading grpc service plugin "snapshots-grpc"...  [34mmodule[0m=containerd
[STDERR  ] 2017-05-23T00:15:18.69060272Z: [34mINFO[0m[0001] starting GRPC API server...                   [34mmodule[0m=containerd
[STDERR  ] 2017-05-23T00:15:18.690608303Z: [   18.265113] random: fast init done
[STDERR  ] 2017-05-23T00:15:18.690616807Z: [34mINFO[0m[0001] starting metrics API...                       [34mmetrics[0m=":13337" [34mmodule[0m=containerd
[STDERR  ] 2017-05-23T00:15:18.690622009Z: [34mINFO[0m[0001] containerd successfully booted in 0.759820s   [34mmodule[0m=containerd
[STDERR  ] 2017-05-23T00:15:18.690628449Z: starting kernel config sanity test with /proc/config.gz
[STDERR  ] 2017-05-23T00:15:18.690633662Z: CONFIG_BUG_ON_DATA_CORRUPTION=y
[STDERR  ] 2017-05-23T00:15:18.690645473Z: kernel config test succeeded!
[STDERR  ] 2017-05-23T00:15:18.690651103Z: [37minfo: reading kernel config from /proc/config.gz ...[m
[STDERR  ] 2017-05-23T00:15:18.690656519Z: 
[STDERR  ] 2017-05-23T00:15:18.690661693Z: Generally Necessary:
[STDERR  ] 2017-05-23T00:15:18.690671121Z: - [37mcgroup hierarchy[m: [32mproperly mounted[m [/sys/fs/cgroup]
[STDERR  ] 2017-05-23T00:15:18.690676582Z: - [37mCONFIG_NAMESPACES[m: [32menabled[m
[STDERR  ] 2017-05-23T00:15:18.690679398Z: - [37mCONFIG_NET_NS[m: [32menabled[m
[STDERR  ] 2017-05-23T00:15:18.690687877Z: - [37mCONFIG_PID_NS[m: [32menabled[m
[STDERR  ] 2017-05-23T00:15:18.69069322Z: - [37mCONFIG_IPC_NS[m: [32menabled[m
[STDERR  ] 2017-05-23T00:15:18.690698401Z: - [37mCONFIG_UTS_NS[m: [32menabled[m
[STDERR  ] 2017-05-23T00:15:18.690703535Z: - [37mCONFIG_CGROUPS[m: [32menabled[m
[STDERR  ] 2017-05-23T00:15:18.690708732Z: - [37mCONFIG_CGROUP_CPUACCT[m: [32menabled[m
[STDERR  ] 2017-05-23T00:15:18.690711346Z: - [37mCONFIG_CGROUP_DEVICE[m: [32menabled[m
[STDERR  ] 2017-05-23T00:15:18.690727818Z: - [37mCONFIG_CGROUP_FREEZER[m: [32menabled[m
[STDERR  ] 2017-05-23T00:15:18.690733085Z: - [37mCONFIG_CGROUP_SCHED[m: [32menabled[m
[STDERR  ] 2017-05-23T00:15:18.690739605Z: - [37mCONFIG_CPUSETS[m: [32menabled[m
[STDERR  ] 2017-05-23T00:15:18.690745101Z: - [37mCONFIG_MEMCG[m: [32menabled[m
[STDERR  ] 2017-05-23T00:15:18.690750267Z: - [37mCONFIG_KEYS[m: [32menabled[m
[STDERR  ] 2017-05-23T00:15:18.690753022Z: - [37mCONFIG_VETH[m: [32menabled[m
[STDERR  ] 2017-05-23T00:15:18.690760902Z: - [37mCONFIG_BRIDGE[m: [32menabled[m
[STDERR  ] 2017-05-23T00:15:18.690765357Z: - [37mCONFIG_BRIDGE_NETFILTER[m: [32menabled[m
[STDERR  ] 2017-05-23T00:15:18.690773478Z: - [37mCONFIG_NF_NAT_IPV4[m: [32menabled[m
[STDERR  ] 2017-05-23T00:15:18.690778719Z: - [37mCONFIG_IP_NF_FILTER[m: [32menabled[m
[STDERR  ] 2017-05-23T00:15:18.690786028Z: - [37mCONFIG_IP_NF_TARGET_MASQUERADE[m: [32menabled[m
[STDERR  ] 2017-05-23T00:15:18.69079889Z: - [37mCONFIG_NETFILTER_XT_MATCH_ADDRTYPE[m: [32menabled[m
[STDERR  ] 2017-05-23T00:15:18.690804336Z: - [37mCONFIG_NETFILTER_XT_MATCH_CONNTRACK[m: [32menabled[m
[STDERR  ] 2017-05-23T00:15:18.690807056Z: - [37mCONFIG_NETFILTER_XT_MATCH_IPVS[m: [32menabled[m
[STDERR  ] 2017-05-23T00:15:18.690812393Z: - [37mCONFIG_IP_NF_NAT[m: [32menabled[m
[STDERR  ] 2017-05-23T00:15:18.690820226Z: - [37mCONFIG_NF_NAT[m: [32menabled[m
[STDERR  ] 2017-05-23T00:15:18.690827989Z: - [37mCONFIG_NF_NAT_NEEDED[m: [32menabled[m
[STDERR  ] 2017-05-23T00:15:18.6908336Z: - [37mCONFIG_POSIX_MQUEUE[m: [32menabled[m
[STDERR  ] 2017-05-23T00:15:18.690838979Z: 
[STDERR  ] 2017-05-23T00:15:18.690844238Z: Optional Features:
[STDERR  ] 2017-05-23T00:15:18.69084938Z: - [37mCONFIG_USER_NS[m: [32menabled[m
[STDERR  ] 2017-05-23T00:15:18.690854516Z: - [37mCONFIG_SECCOMP[m: [32menabled[m
[STDERR  ] 2017-05-23T00:15:18.690859601Z: - [37mCONFIG_CGROUP_PIDS[m: [32menabled[m
[STDERR  ] 2017-05-23T00:15:18.690871521Z: - [37mCONFIG_MEMCG_SWAP[m: [32menabled[m
[STDERR  ] 2017-05-23T00:15:18.69087452Z: - [37mCONFIG_MEMCG_SWAP_ENABLED[m: [32menabled[m
[STDERR  ] 2017-05-23T00:15:18.69088356Z:     [1;30m(cgroup swap accounting is currently enabled)[m
[STDERR  ] 2017-05-23T00:15:18.690886376Z: - [1mCONFIG_LEGACY_VSYSCALL_NONE[m: [1;31menabled[m
[STDERR  ] 2017-05-23T00:15:18.690898568Z:     [1;30m(containers using eglibc <= 2.13 will not work. Switch to[m
[STDERR  ] 2017-05-23T00:15:18.690906485Z:     [1;30m "CONFIG_VSYSCALL_[NATIVE|EMULATE]" or use "vsyscall=[native|emulate]"[m
[STDERR  ] 2017-05-23T00:15:18.69091181Z:     [1;30m on kernel command line. Note that this will disable ASLR for the,[m
[STDERR  ] 2017-05-23T00:15:18.690917048Z:     [1;30m VDSO which may assist in exploiting security vulnerabilities.)[m
[STDERR  ] 2017-05-23T00:15:18.690922301Z: - [37mCONFIG_BLK_CGROUP[m: [32menabled[m
[STDERR  ] 2017-05-23T00:15:18.690927546Z: - [37mCONFIG_BLK_DEV_THROTTLING[m: [32menabled[m
[STDERR  ] 2017-05-23T00:15:18.690932952Z: - [37mCONFIG_IOSCHED_CFQ[m: [32menabled[m
[STDERR  ] 2017-05-23T00:15:18.690938156Z: - [37mCONFIG_CFQ_GROUP_IOSCHED[m: [32menabled[m
[STDERR  ] 2017-05-23T00:15:18.690955077Z: - [37mCONFIG_CGROUP_PERF[m: [32menabled[m
[STDERR  ] 2017-05-23T00:15:18.690960349Z: - [37mCONFIG_CGROUP_HUGETLB[m: [32menabled[m
[STDERR  ] 2017-05-23T00:15:18.690965765Z: - [37mCONFIG_NET_CLS_CGROUP[m: [32menabled[m
[STDERR  ] 2017-05-23T00:15:18.69096847Z: - [37mCONFIG_CGROUP_NET_PRIO[m: [32menabled[m
[STDERR  ] 2017-05-23T00:15:18.690976089Z: - [37mCONFIG_CFS_BANDWIDTH[m: [32menabled[m
[STDERR  ] 2017-05-23T00:15:18.69098133Z: - [37mCONFIG_FAIR_GROUP_SCHED[m: [32menabled[m
[STDERR  ] 2017-05-23T00:15:18.690986498Z: - [37mCONFIG_RT_GROUP_SCHED[m: [32menabled[m
[STDERR  ] 2017-05-23T00:15:18.690991595Z: - [37mCONFIG_IP_VS[m: [32menabled[m
[STDERR  ] 2017-05-23T00:15:18.690994257Z: - [37mCONFIG_IP_VS_NFCT[m: [32menabled[m
[STDERR  ] 2017-05-23T00:15:18.691004557Z: - [37mCONFIG_IP_VS_RR[m: [32menabled[m
[STDERR  ] 2017-05-23T00:15:18.691023176Z: - [37mCONFIG_EXT4_FS[m: [32menabled[m
[STDERR  ] 2017-05-23T00:15:18.691029636Z: - [37mCONFIG_EXT4_FS_POSIX_ACL[m: [32menabled[m
[STDERR  ] 2017-05-23T00:15:18.691035112Z: - [37mCONFIG_EXT4_FS_SECURITY[m: [32menabled[m
[STDERR  ] 2017-05-23T00:15:18.691040599Z: - Network Drivers:
[STDERR  ] 2017-05-23T00:15:18.691046536Z:   - "[34moverlay[m":
[STDERR  ] 2017-05-23T00:15:18.691053391Z:     - [37mCONFIG_VXLAN[m: [32menabled[m
[STDERR  ] 2017-05-23T00:15:18.69105893Z:       Optional (for encrypted networks):
[STDERR  ] 2017-05-23T00:15:18.691064274Z:       - [37mCONFIG_CRYPTO[m: [32menabled[m
[STDERR  ] 2017-05-23T00:15:18.691069857Z:       - [37mCONFIG_CRYPTO_AEAD[m: [32menabled[m
[STDERR  ] 2017-05-23T00:15:18.691075017Z:       - [37mCONFIG_CRYPTO_GCM[m: [32menabled[m
[STDERR  ] 2017-05-23T00:15:18.691080194Z:       - [37mCONFIG_CRYPTO_SEQIV[m: [32menabled[m
[STDERR  ] 2017-05-23T00:15:18.691085519Z:       - [37mCONFIG_CRYPTO_GHASH[m: [32menabled[m
[STDERR  ] 2017-05-23T00:15:18.691088239Z:       - [37mCONFIG_XFRM[m: [32menabled[m
[STDERR  ] 2017-05-23T00:15:18.691103837Z:       - [37mCONFIG_XFRM_USER[m: [32menabled[m
[STDERR  ] 2017-05-23T00:15:18.691109197Z:       - [37mCONFIG_XFRM_ALGO[m: [32menabled[m
[STDERR  ] 2017-05-23T00:15:18.691114305Z:       - [37mCONFIG_INET_ESP[m: [32menabled[m
[STDERR  ] 2017-05-23T00:15:18.69111696Z:       - [37mCONFIG_INET_XFRM_MODE_TRANSPORT[m: [32menabled[m
[STDERR  ] 2017-05-23T00:15:18.691124822Z:   - "[34mipvlan[m":
[STDERR  ] 2017-05-23T00:15:18.691130047Z:     - [37mCONFIG_IPVLAN[m: [32menabled[m
[STDERR  ] 2017-05-23T00:15:18.691135192Z:   - "[34mmacvlan[m":
[STDERR  ] 2017-05-23T00:15:18.691137958Z:     - [37mCONFIG_MACVLAN[m: [32menabled[m
[STDERR  ] 2017-05-23T00:15:18.691143143Z:     - [37mCONFIG_DUMMY[m: [32menabled[m
[STDERR  ] 2017-05-23T00:15:18.691150954Z:   - "[34mftp,tftp client in container[m":
[STDERR  ] 2017-05-23T00:15:18.691156154Z:     - [37mCONFIG_NF_NAT_FTP[m: [32menabled[m
[STDERR  ] 2017-05-23T00:15:18.691161377Z:     - [37mCONFIG_NF_CONNTRACK_FTP[m: [32menabled[m
[STDERR  ] 2017-05-23T00:15:18.691175423Z:     - [37mCONFIG_NF_NAT_TFTP[m: [32menabled[m
[STDERR  ] 2017-05-23T00:15:18.691184088Z:     - [37mCONFIG_NF_CONNTRACK_TFTP[m: [32menabled[m
[STDERR  ] 2017-05-23T00:15:18.691187044Z: - Storage Drivers:
[STDERR  ] 2017-05-23T00:15:18.691192437Z:   - "[34maufs[m":
[STDERR  ] 2017-05-23T00:15:18.691200125Z:     - [1mCONFIG_AUFS_FS[m: [1;31mmissing[m
[STDERR  ] 2017-05-23T00:15:18.691206685Z:   - "[34mbtrfs[m":
[STDERR  ] 2017-05-23T00:15:18.691213676Z:     - [37mCONFIG_BTRFS_FS[m: [32menabled (as module)[m
[STDERR  ] 2017-05-23T00:15:18.691220797Z:     - [37mCONFIG_BTRFS_FS_POSIX_ACL[m: [32menabled[m
[STDERR  ] 2017-05-23T00:15:18.691226257Z:   - "[34mdevicemapper[m":
[STDERR  ] 2017-05-23T00:15:18.691233391Z:     - [37mCONFIG_BLK_DEV_DM[m: [32menabled[m
[STDERR  ] 2017-05-23T00:15:18.691238717Z:     - [37mCONFIG_DM_THIN_PROVISIONING[m: [32menabled[m
[STDERR  ] 2017-05-23T00:15:18.69161106Z:   - "[34moverlay[m":
[STDERR  ] 2017-05-23T00:15:18.691617221Z:     - [37mCONFIG_OVERLAY_FS[m: [32menabled[m
[STDERR  ] 2017-05-23T00:15:18.691627505Z:   - "[34mzfs[m":
[STDERR  ] 2017-05-23T00:15:18.691633025Z:     - [1m/dev/zfs[m: [1;31mmissing[m
[STDERR  ] 2017-05-23T00:15:18.6916382Z:     - [1mzfs command[m: [1;31mmissing[m
[STDERR  ] 2017-05-23T00:15:18.691643403Z:     - [1mzpool command[m: [1;31mmissing[m
[STDERR  ] 2017-05-23T00:15:18.691648647Z: 
[STDERR  ] 2017-05-23T00:15:18.691654049Z: Limits:
[STDERR  ] 2017-05-23T00:15:18.691659628Z: [37m- /proc/sys/kernel/keys/root_maxkeys[m: [32m1000000[m
[STDERR  ] 2017-05-23T00:15:18.691665154Z: 
[STDERR  ] 2017-05-23T00:15:18.691670546Z: Kernel config test suite PASSED
[STDERR  ] 2017-05-23T00:15:18.691764821Z: 
[STDERR  ] 2017-05-23T00:15:18.691771148Z:                         ##         .
[STDERR  ] 2017-05-23T00:15:18.691779352Z:                   ## ## ##        ==
[STDERR  ] 2017-05-23T00:15:18.691784686Z:                ## ## ## ## ##    ===
[STDERR  ] 2017-05-23T00:15:18.691789955Z:            /"""""""""""""""""\___/ ===
[STDERR  ] 2017-05-23T00:15:18.691793014Z:       ~~~ {~~ ~~~~ ~~~ ~~~~ ~~~ ~ /  ===- ~~~
[STDERR  ] 2017-05-23T00:15:18.691802183Z:            \______ o           __/
[STDERR  ] 2017-05-23T00:15:18.691805022Z:              \    \         __/
[STDERR  ] 2017-05-23T00:15:18.69181027Z:               \____\_______/
[STDERR  ] 2017-05-23T00:15:18.691819312Z:  - 000-check-kernel-config
[STDERR  ] 2017-05-23T00:15:18.69182495Z: [   42.002035] ACPI: Preparing to enter system sleep state S5
[STDERR  ] 2017-05-23T00:15:18.692306646Z: [   42.003728] reboot: Power down
[STDERR  ] 2017-05-23T00:15:18.692314575Z: + grep -q suite PASSED
[STDERR  ] 2017-05-23T00:15:18.694013229Z: + echo [    0.000000] Linux version 4.10.17-linuxkit (root@84baa8e89c00) (gcc version 6.2.1 20160822 (Alpine 6.2.1) ) #1 SMP Mon May 22 13:59:32 UTC 2017
[STDERR  ] 2017-05-23T00:15:18.694022526Z: [    0.000000] Command line: console=ttyS0
[STDERR  ] 2017-05-23T00:15:18.69402874Z: [    0.000000] x86/fpu: Legacy x87 FPU detected.
[STDERR  ] 2017-05-23T00:15:18.694034711Z: [    0.000000] e820: BIOS-provided physical RAM map:
[STDERR  ] 2017-05-23T00:15:18.694041248Z: [    0.000000] BIOS-e820: [mem 0x0000000000000000-0x000000000009fbff] usable
[STDERR  ] 2017-05-23T00:15:18.694047274Z: [    0.000000] BIOS-e820: [mem 0x000000000009fc00-0x000000000009ffff] reserved
[STDERR  ] 2017-05-23T00:15:18.694052692Z: [    0.000000] BIOS-e820: [mem 0x00000000000f0000-0x00000000000fffff] reserved
[STDERR  ] 2017-05-23T00:15:18.694055718Z: [    0.000000] BIOS-e820: [mem 0x0000000000100000-0x000000003ffdefff] usable
[STDERR  ] 2017-05-23T00:15:18.69407496Z: [    0.000000] BIOS-e820: [mem 0x000000003ffdf000-0x000000003fffffff] reserved
[STDERR  ] 2017-05-23T00:15:18.69407822Z: [    0.000000] BIOS-e820: [mem 0x00000000b0000000-0x00000000bfffffff] reserved
[STDERR  ] 2017-05-23T00:15:18.694086416Z: [    0.000000] BIOS-e820: [mem 0x00000000fed1c000-0x00000000fed1ffff] reserved
[STDERR  ] 2017-05-23T00:15:18.694092136Z: [    0.000000] BIOS-e820: [mem 0x00000000fffc0000-0x00000000ffffffff] reserved
[STDERR  ] 2017-05-23T00:15:18.694104149Z: [    0.000000] NX (Execute Disable) protection: active
[STDERR  ] 2017-05-23T00:15:18.69411086Z: [    0.000000] SMBIOS 2.8 present.
[STDERR  ] 2017-05-23T00:15:18.694117975Z: [    0.000000] DMI: QEMU Standard PC (Q35 + ICH9, 2009), BIOS rel-1.10.2-0-g5f4c7b1-prebuilt.qemu-project.org 04/01/2014
[STDERR  ] 2017-05-23T00:15:18.694123984Z: [    0.000000] e820: last_pfn = 0x3ffdf max_arch_pfn = 0x400000000
[STDERR  ] 2017-05-23T00:15:18.694129548Z: [    0.000000] x86/PAT: Configuration [0-7]: WB  WC  UC- UC  WB  WC  UC- WT  
[STDERR  ] 2017-05-23T00:15:18.694135108Z: [    0.000000] found SMP MP-table at [mem 0x000f6aa0-0x000f6aaf] mapped at [ffff9269c00f6aa0]
[STDERR  ] 2017-05-23T00:15:18.694147894Z: [    0.000000] RAMDISK: [mem 0x3df36000-0x3ffcffff]
[STDERR  ] 2017-05-23T00:15:18.694154587Z: [    0.000000] ACPI: Early table checksum verification disabled
[STDERR  ] 2017-05-23T00:15:18.694160409Z: [    0.000000] ACPI: RSDP 0x00000000000F68C0 000014 (v00 BOCHS )
[STDERR  ] 2017-05-23T00:15:18.694170131Z: [    0.000000] ACPI: RSDT 0x000000003FFE2404 000034 (v01 BOCHS  BXPCRSDT 00000001 BXPC 00000001)
[STDERR  ] 2017-05-23T00:15:18.694178872Z: [    0.000000] ACPI: FACP 0x000000003FFE22A4 000074 (v01 BOCHS  BXPCFACP 00000001 BXPC 00000001)
[STDERR  ] 2017-05-23T00:15:18.694186898Z: [    0.000000] ACPI: DSDT 0x000000003FFE0040 002264 (v01 BOCHS  BXPCDSDT 00000001 BXPC 00000001)
[STDERR  ] 2017-05-23T00:15:18.694196743Z: [    0.000000] ACPI: FACS 0x000000003FFE0000 000040
[STDERR  ] 2017-05-23T00:15:18.694210094Z: [    0.000000] ACPI: APIC 0x000000003FFE2318 000078 (v01 BOCHS  BXPCAPIC 00000001 BXPC 00000001)
[STDERR  ] 2017-05-23T00:15:18.694224073Z: [    0.000000] ACPI: HPET 0x000000003FFE2390 000038 (v01 BOCHS  BXPCHPET 00000001 BXPC 00000001)
[STDERR  ] 2017-05-23T00:15:18.694233823Z: [    0.000000] ACPI: MCFG 0x000000003FFE23C8 00003C (v01 BOCHS  BXPCMCFG 00000001 BXPC 00000001)
[STDERR  ] 2017-05-23T00:15:18.694236663Z: [    0.000000] Zone ranges:
[STDERR  ] 2017-05-23T00:15:18.694242417Z: [    0.000000]   DMA      [mem 0x0000000000001000-0x0000000000ffffff]
[STDERR  ] 2017-05-23T00:15:18.694250821Z: [    0.000000]   DMA32    [mem 0x0000000001000000-0x000000003ffdefff]
[STDERR  ] 2017-05-23T00:15:18.694256412Z: [    0.000000]   Normal   empty
[STDERR  ] 2017-05-23T00:15:18.694262027Z: [    0.000000] Movable zone start for each node
[STDERR  ] 2017-05-23T00:15:18.694267931Z: [    0.000000] Early memory node ranges
[STDERR  ] 2017-05-23T00:15:18.694273399Z: [    0.000000]   node   0: [mem 0x0000000000001000-0x000000000009efff]
[STDERR  ] 2017-05-23T00:15:18.694281031Z: [    0.000000]   node   0: [mem 0x0000000000100000-0x000000003ffdefff]
[STDERR  ] 2017-05-23T00:15:18.69428666Z: [    0.000000] Initmem setup node 0 [mem 0x0000000000001000-0x000000003ffdefff]
[STDERR  ] 2017-05-23T00:15:18.694299352Z: [    0.000000] ACPI: PM-Timer IO Port: 0x608
[STDERR  ] 2017-05-23T00:15:18.694306466Z: [    0.000000] ACPI: LAPIC_NMI (acpi_id[0xff] dfl dfl lint[0x1])
[STDERR  ] 2017-05-23T00:15:18.694312177Z: [    0.000000] IOAPIC[0]: apic_id 0, version 32, address 0xfec00000, GSI 0-23
[STDERR  ] 2017-05-23T00:15:18.694317384Z: [    0.000000] ACPI: INT_SRC_OVR (bus 0 bus_irq 0 global_irq 2 dfl dfl)
[STDERR  ] 2017-05-23T00:15:18.69432014Z: [    0.000000] ACPI: INT_SRC_OVR (bus 0 bus_irq 5 global_irq 5 high level)
[STDERR  ] 2017-05-23T00:15:18.69432793Z: [    0.000000] ACPI: INT_SRC_OVR (bus 0 bus_irq 9 global_irq 9 high level)
[STDERR  ] 2017-05-23T00:15:18.694330534Z: [    0.000000] ACPI: INT_SRC_OVR (bus 0 bus_irq 10 global_irq 10 high level)
[STDERR  ] 2017-05-23T00:15:18.694338393Z: [    0.000000] ACPI: INT_SRC_OVR (bus 0 bus_irq 11 global_irq 11 high level)
[STDERR  ] 2017-05-23T00:15:18.694341423Z: [    0.000000] Using ACPI (MADT) for SMP configuration information
[STDERR  ] 2017-05-23T00:15:18.694352772Z: [    0.000000] ACPI: HPET id: 0x8086a201 base: 0xfed00000
[STDERR  ] 2017-05-23T00:15:18.694358131Z: [    0.000000] smpboot: Allowing 1 CPUs, 0 hotplug CPUs
[STDERR  ] 2017-05-23T00:15:18.694378327Z: [    0.000000] e820: [mem 0x40000000-0xafffffff] available for PCI devices
[STDERR  ] 2017-05-23T00:15:18.694381859Z: [    0.000000] Booting paravirtualized kernel on bare hardware
[STDERR  ] 2017-05-23T00:15:18.694389961Z: [    0.000000] clocksource: refined-jiffies: mask: 0xffffffff max_cycles: 0xffffffff, max_idle_ns: 19112604462750000 ns
[STDERR  ] 2017-05-23T00:15:18.69439693Z: [    0.000000] setup_percpu: NR_CPUS:128 nr_cpumask_bits:128 nr_cpu_ids:1 nr_node_ids:1
[STDERR  ] 2017-05-23T00:15:18.694399872Z: [    0.000000] percpu: Embedded 35 pages/cpu @ffff9269fdc00000 s105432 r8192 d29736 u2097152
[STDERR  ] 2017-05-23T00:15:18.694407863Z: [    0.000000] Built 1 zonelists in Zone order, mobility grouping on.  Total pages: 257896
[STDERR  ] 2017-05-23T00:15:18.694412073Z: [    0.000000] Kernel command line: console=ttyS0
[STDERR  ] 2017-05-23T00:15:18.694420119Z: [    0.000000] PID hash table entries: 4096 (order: 3, 32768 bytes)
[STDERR  ] 2017-05-23T00:15:18.694429079Z: [    0.000000] Dentry cache hash table entries: 131072 (order: 8, 1048576 bytes)
[STDERR  ] 2017-05-23T00:15:18.694434858Z: [    0.000000] Inode-cache hash table entries: 65536 (order: 7, 524288 bytes)
[STDERR  ] 2017-05-23T00:15:18.694447881Z: [    0.000000] Memory: 978392K/1048052K available (9540K kernel code, 1593K rwdata, 3108K rodata, 1460K init, 604K bss, 69660K reserved, 0K cma-reserved)
[STDERR  ] 2017-05-23T00:15:18.694454078Z: [    0.000000] Hierarchical RCU implementation.
[STDERR  ] 2017-05-23T00:15:18.694459393Z: [    0.000000] 	Build-time adjustment of leaf fanout to 64.
[STDERR  ] 2017-05-23T00:15:18.694462146Z: [    0.000000] 	RCU restricting CPUs from NR_CPUS=128 to nr_cpu_ids=1.
[STDERR  ] 2017-05-23T00:15:18.694467296Z: [    0.000000] RCU: Adjusting geometry for rcu_fanout_leaf=64, nr_cpu_ids=1
[STDERR  ] 2017-05-23T00:15:18.69447539Z: [    0.000000] NR_IRQS:8448 nr_irqs:256 16
[STDERR  ] 2017-05-23T00:15:18.694478639Z: [    0.000000] Console: colour VGA+ 80x25
[STDERR  ] 2017-05-23T00:15:18.694487776Z: [    0.000000] console [ttyS0] enabled
[STDERR  ] 2017-05-23T00:15:18.69449075Z: [    0.000000] clocksource: hpet: mask: 0xffffffff max_cycles: 0xffffffff, max_idle_ns: 19112604467 ns
[STDERR  ] 2017-05-23T00:15:18.69449919Z: [    0.000000] tsc: Fast TSC calibration failed
[STDERR  ] 2017-05-23T00:15:18.694502061Z: [    0.000000] tsc: Unable to calibrate against PIT
[STDERR  ] 2017-05-23T00:15:18.694509731Z: [    0.000000] tsc: using HPET reference calibration
[STDERR  ] 2017-05-23T00:15:18.694512335Z: [    0.000000] tsc: Detected 2599.765 MHz processor
[STDERR  ] 2017-05-23T00:15:18.694528987Z: [    0.051452] Calibrating delay loop (skipped), value calculated using timer frequency.. 5199.53 BogoMIPS (lpj=25997650)
[STDERR  ] 2017-05-23T00:15:18.694535053Z: [    0.060209] pid_max: default: 32768 minimum: 301
[STDERR  ] 2017-05-23T00:15:18.694537863Z: [    0.061378] ACPI: Core revision 20160930
[STDERR  ] 2017-05-23T00:15:18.69454628Z: [    0.108335] ACPI: 1 ACPI AML tables successfully acquired and loaded
[STDERR  ] 2017-05-23T00:15:18.694551612Z: [    0.110963] Security Framework initialized
[STDERR  ] 2017-05-23T00:15:18.69455849Z: [    0.111568] Yama: becoming mindful.
[STDERR  ] 2017-05-23T00:15:18.694563843Z: [    0.113932] Mount-cache hash table entries: 2048 (order: 2, 16384 bytes)
[STDERR  ] 2017-05-23T00:15:18.694566515Z: [    0.114721] Mountpoint-cache hash table entries: 2048 (order: 2, 16384 bytes)
[STDERR  ] 2017-05-23T00:15:18.694577853Z: [    0.134174] Last level iTLB entries: 4KB 0, 2MB 0, 4MB 0
[STDERR  ] 2017-05-23T00:15:18.694583142Z: [    0.134901] Last level dTLB entries: 4KB 0, 2MB 0, 4MB 0, 1GB 0
[STDERR  ] 2017-05-23T00:15:18.694588442Z: [    0.490820] Freeing SMP alternatives memory: 24K
[STDERR  ] 2017-05-23T00:15:18.694600786Z: [    0.500705] ftrace: allocating 41987 entries in 165 pages
[STDERR  ] 2017-05-23T00:15:18.694606254Z: [    0.689766] smpboot: Max logical packages: 1
[STDERR  ] 2017-05-23T00:15:18.694611645Z: [    0.695209] ..TIMER: vector=0x30 apic1=0 pin1=2 apic2=-1 pin2=-1
[STDERR  ] 2017-05-23T00:15:18.694619236Z: [    0.800000] smpboot: CPU0: AMD QEMU Virtual CPU version 2.5+ (family: 0x6, model: 0x6, stepping: 0x3)
[STDERR  ] 2017-05-23T00:15:18.694625044Z: [    0.800000] Performance Events: PMU not available due to virtualization, using software events only.
[STDERR  ] 2017-05-23T00:15:18.69463038Z: [    0.806782] NMI watchdog: disabled (cpu0): hardware events not enabled
[STDERR  ] 2017-05-23T00:15:18.694635649Z: [    0.807543] NMI watchdog: Shutting down hard lockup detector on all cpus
[STDERR  ] 2017-05-23T00:15:18.694640919Z: [    0.811034] smp: Bringing up secondary CPUs ...
[STDERR  ] 2017-05-23T00:15:18.694646201Z: [    0.811618] smp: Brought up 1 node, 1 CPU
[STDERR  ] 2017-05-23T00:15:18.694651365Z: [    0.812221] smpboot: Total of 1 processors activated (5199.53 BogoMIPS)
[STDERR  ] 2017-05-23T00:15:18.694654111Z: [    0.827332] devtmpfs: initialized
[STDERR  ] 2017-05-23T00:15:18.694659258Z: [    0.832392] x86/mm: Memory block size: 128MB
[STDERR  ] 2017-05-23T00:15:18.694676043Z: [    0.896204] clocksource: jiffies: mask: 0xffffffff max_cycles: 0xffffffff, max_idle_ns: 19112604462750000 ns
[STDERR  ] 2017-05-23T00:15:18.694681406Z: [    0.897696] futex hash table entries: 256 (order: 2, 16384 bytes)
[STDERR  ] 2017-05-23T00:15:18.694691109Z: [    0.906316] NET: Registered protocol family 16
[STDERR  ] 2017-05-23T00:15:18.694696395Z: [    0.915722] cpuidle: using governor ladder
[STDERR  ] 2017-05-23T00:15:18.69470184Z: [    0.916549] cpuidle: using governor menu
[STDERR  ] 2017-05-23T00:15:18.694707001Z: [    0.917127] PCCT header not found.
[STDERR  ] 2017-05-23T00:15:18.694712084Z: [    0.918501] ACPI: bus type PCI registered
[STDERR  ] 2017-05-23T00:15:18.694717271Z: [    0.921740] PCI: MMCONFIG for domain 0000 [bus 00-ff] at [mem 0xb0000000-0xbfffffff] (base 0xb0000000)
[STDERR  ] 2017-05-23T00:15:18.694722448Z: [    0.923076] PCI: MMCONFIG at [mem 0xb0000000-0xbfffffff] reserved in E820
[STDERR  ] 2017-05-23T00:15:18.694727701Z: [    0.924742] PCI: Using configuration type 1 for base access
[STDERR  ] 2017-05-23T00:15:18.694732896Z: [    0.979191] HugeTLB registered 2 MB page size, pre-allocated 0 pages
[STDERR  ] 2017-05-23T00:15:18.694738049Z: [    0.989532] ACPI: Added _OSI(Module Device)
[STDERR  ] 2017-05-23T00:15:18.694825161Z: [    0.990186] ACPI: Added _OSI(Processor Device)
[STDERR  ] 2017-05-23T00:15:18.694831119Z: [    0.990619] ACPI: Added _OSI(3.0 _SCP Extensions)
[STDERR  ] 2017-05-23T00:15:18.694841331Z: [    0.991067] ACPI: Added _OSI(Processor Aggregator Device)
[STDERR  ] 2017-05-23T00:15:18.694844224Z: [    1.065684] ACPI: Interpreter enabled
[STDERR  ] 2017-05-23T00:15:18.694849648Z: [    1.066941] ACPI: (supports S0 S5)
[STDERR  ] 2017-05-23T00:15:18.694857492Z: [    1.067348] ACPI: Using IOAPIC for interrupt routing
[STDERR  ] 2017-05-23T00:15:18.694860252Z: [    1.069593] PCI: Using host bridge windows from ACPI; if necessary, use "pci=nocrs" and report a bug
[STDERR  ] 2017-05-23T00:15:18.694865763Z: [    1.130741] ACPI: PCI Root Bridge [PCI0] (domain 0000 [bus 00-ff])
[STDERR  ] 2017-05-23T00:15:18.694873606Z: [    1.132150] acpi PNP0A08:00: _OSC: OS supports [ExtendedConfig ASPM ClockPM Segments MSI]
[STDERR  ] 2017-05-23T00:15:18.69487764Z: [    1.137915] acpi PNP0A08:00: _OSC: OS now controls [PCIeHotplug PME PCIeCapability]
[STDERR  ] 2017-05-23T00:15:18.694885777Z: [    1.142420] PCI host bridge to bus 0000:00
[STDERR  ] 2017-05-23T00:15:18.694888437Z: [    1.143215] pci_bus 0000:00: root bus resource [io  0x0000-0x0cf7 window]
[STDERR  ] 2017-05-23T00:15:18.69503782Z: [    1.143912] pci_bus 0000:00: root bus resource [io  0x0d00-0xffff window]
[STDERR  ] 2017-05-23T00:15:18.695043425Z: [    1.144555] pci_bus 0000:00: root bus resource [mem 0x000a0000-0x000bffff window]
[STDERR  ] 2017-05-23T00:15:18.695046449Z: [    1.145240] pci_bus 0000:00: root bus resource [mem 0xc0000000-0xfebfffff window]
[STDERR  ] 2017-05-23T00:15:18.695051925Z: [    1.146181] pci_bus 0000:00: root bus resource [bus 00-ff]
[STDERR  ] 2017-05-23T00:15:18.695064408Z: [    1.264859] pci 0000:00:1f.0: quirk: [io  0x0600-0x067f] claimed by ICH6 ACPI/GPIO/TCO
[STDERR  ] 2017-05-23T00:15:18.695070012Z: [    1.337548] ACPI: PCI Interrupt Link [LNKA] (IRQs 5 *10 11)
[STDERR  ] 2017-05-23T00:15:18.695077799Z: [    1.340414] ACPI: PCI Interrupt Link [LNKB] (IRQs 5 *10 11)
[STDERR  ] 2017-05-23T00:15:18.695083732Z: [    1.342467] ACPI: PCI Interrupt Link [LNKC] (IRQs 5 10 *11)
[STDERR  ] 2017-05-23T00:15:18.69508904Z: [    1.344440] ACPI: PCI Interrupt Link [LNKD] (IRQs 5 10 *11)
[STDERR  ] 2017-05-23T00:15:18.695101932Z: [    1.346397] ACPI: PCI Interrupt Link [LNKE] (IRQs 5 *10 11)
[STDERR  ] 2017-05-23T00:15:18.695107466Z: [    1.348330] ACPI: PCI Interrupt Link [LNKF] (IRQs 5 *10 11)
[STDERR  ] 2017-05-23T00:15:18.695110258Z: [    1.350688] ACPI: PCI Interrupt Link [LNKG] (IRQs 5 10 *11)
[STDERR  ] 2017-05-23T00:15:18.695115398Z: [    1.352681] ACPI: PCI Interrupt Link [LNKH] (IRQs 5 10 *11)
[STDERR  ] 2017-05-23T00:15:18.695126068Z: [    1.353760] ACPI: PCI Interrupt Link [GSIA] (IRQs *16)
[STDERR  ] 2017-05-23T00:15:18.695128865Z: [    1.354707] ACPI: PCI Interrupt Link [GSIB] (IRQs *17)
[STDERR  ] 2017-05-23T00:15:18.695138589Z: [    1.355546] ACPI: PCI Interrupt Link [GSIC] (IRQs *18)
[STDERR  ] 2017-05-23T00:15:18.695141218Z: [    1.356373] ACPI: PCI Interrupt Link [GSID] (IRQs *19)
[STDERR  ] 2017-05-23T00:15:18.695149166Z: [    1.357429] ACPI: PCI Interrupt Link [GSIE] (IRQs *20)
[STDERR  ] 2017-05-23T00:15:18.695151806Z: [    1.358651] ACPI: PCI Interrupt Link [GSIF] (IRQs *21)
[STDERR  ] 2017-05-23T00:15:18.695157039Z: [    1.359559] ACPI: PCI Interrupt Link [GSIG] (IRQs *22)
[STDERR  ] 2017-05-23T00:15:18.695164882Z: [    1.360401] ACPI: PCI Interrupt Link [GSIH] (IRQs *23)
[STDERR  ] 2017-05-23T00:15:18.695167633Z: [    1.364202] ACPI: Enabled 2 GPEs in block 00 to 3F
[STDERR  ] 2017-05-23T00:15:18.695183111Z: [    1.368761] SCSI subsystem initialized
[STDERR  ] 2017-05-23T00:15:18.695188609Z: [    1.371867] pps_core: LinuxPPS API ver. 1 registered
[STDERR  ] 2017-05-23T00:15:18.695191283Z: [    1.372428] pps_core: Software ver. 5.3.6 - Copyright 2005-2007 Rodolfo Giometti <giometti@linux.it>
[STDERR  ] 2017-05-23T00:15:18.695199316Z: [    1.373492] PTP clock support registered
[STDERR  ] 2017-05-23T00:15:18.695204711Z: [    1.374762] wmi: Mapper loaded
[STDERR  ] 2017-05-23T00:15:18.695210201Z: [    1.376090] PCI: Using ACPI for IRQ routing
[STDERR  ] 2017-05-23T00:15:18.69521557Z: [    1.395086] NetLabel: Initializing
[STDERR  ] 2017-05-23T00:15:18.695218679Z: [    1.395502] NetLabel:  domain hash size = 128
[STDERR  ] 2017-05-23T00:15:18.695232765Z: [    1.395920] NetLabel:  protocols = UNLABELED CIPSOv4 CALIPSO
[STDERR  ] 2017-05-23T00:15:18.695235653Z: [    1.398214] NetLabel:  unlabeled traffic allowed by default
[STDERR  ] 2017-05-23T00:15:18.69524996Z: [    1.399526] HPET: 3 timers in total, 0 timers will be used for per-cpu timer
[STDERR  ] 2017-05-23T00:15:18.695255644Z: [    1.400398] hpet0: at MMIO 0xfed00000, IRQs 2, 8, 0
[STDERR  ] 2017-05-23T00:15:18.695260904Z: [    1.400964] hpet0: 3 comparators, 64-bit 100.000000 MHz counter
[STDERR  ] 2017-05-23T00:15:18.695266069Z: [    1.406481] clocksource: Switched to clocksource hpet
[STDERR  ] 2017-05-23T00:15:18.695271435Z: [    1.667591] VFS: Disk quotas dquot_6.6.0
[STDERR  ] 2017-05-23T00:15:18.695275199Z: [    1.668691] VFS: Dquot-cache hash table entries: 512 (order 0, 4096 bytes)
[STDERR  ] 2017-05-23T00:15:18.695283722Z: [    1.671869] FS-Cache: Loaded
[STDERR  ] 2017-05-23T00:15:18.695286723Z: [    1.677073] CacheFiles: Loaded
[STDERR  ] 2017-05-23T00:15:18.695294843Z: [    1.678834] pnp: PnP ACPI init
[STDERR  ] 2017-05-23T00:15:18.695297685Z: [    1.689931] pnp: PnP ACPI: found 5 devices
[STDERR  ] 2017-05-23T00:15:18.695305763Z: [    1.730656] clocksource: acpi_pm: mask: 0xffffff max_cycles: 0xffffff, max_idle_ns: 2085701024 ns
[STDERR  ] 2017-05-23T00:15:18.695308498Z: [    1.733931] NET: Registered protocol family 2
[STDERR  ] 2017-05-23T00:15:18.69531638Z: [    1.742188] TCP established hash table entries: 8192 (order: 4, 65536 bytes)
[STDERR  ] 2017-05-23T00:15:18.695325596Z: [    1.743293] TCP bind hash table entries: 8192 (order: 5, 131072 bytes)
[STDERR  ] 2017-05-23T00:15:18.695333281Z: [    1.744225] TCP: Hash tables configured (established 8192 bind 8192)
[STDERR  ] 2017-05-23T00:15:18.695341304Z: [    1.746823] UDP hash table entries: 512 (order: 2, 16384 bytes)
[STDERR  ] 2017-05-23T00:15:18.695350275Z: [    1.747691] UDP-Lite hash table entries: 512 (order: 2, 16384 bytes)
[STDERR  ] 2017-05-23T00:15:18.695355802Z: [    1.750359] NET: Registered protocol family 1
[STDERR  ] 2017-05-23T00:15:18.695358508Z: [    1.753991] RPC: Registered named UNIX socket transport module.
[STDERR  ] 2017-05-23T00:15:18.695366309Z: [    1.754632] RPC: Registered udp transport module.
[STDERR  ] 2017-05-23T00:15:18.695371511Z: [    1.755154] RPC: Registered tcp transport module.
[STDERR  ] 2017-05-23T00:15:18.695382135Z: [    1.755601] RPC: Registered tcp NFSv4.1 backchannel transport module.
[STDERR  ] 2017-05-23T00:15:18.695389795Z: [    1.756665] pci 0000:00:01.0: Video device with shadowed ROM at [mem 0x000c0000-0x000dffff]
[STDERR  ] 2017-05-23T00:15:18.695403781Z: [    1.765708] Unpacking initramfs...
[STDERR  ] 2017-05-23T00:15:18.695406726Z: [    8.595681] Freeing initrd memory: 33384K
[STDERR  ] 2017-05-23T00:15:18.695414602Z: [    8.620923] PCLMULQDQ-NI instructions are not detected.
[STDERR  ] 2017-05-23T00:15:18.695417423Z: [    8.622487] AVX or AES-NI instructions are not detected.
[STDERR  ] 2017-05-23T00:15:18.695426586Z: [    8.623131] CPU feature 'AVX registers' is not supported.
[STDERR  ] 2017-05-23T00:15:18.69543207Z: [    8.623806] CPU feature 'AVX registers' is not supported.
[STDERR  ] 2017-05-23T00:15:18.695434792Z: [    8.624354] CPU feature 'AVX registers' is not supported.
[STDERR  ] 2017-05-23T00:15:18.695444322Z: [    8.624900] CPU feature 'AVX registers' is not supported.
[STDERR  ] 2017-05-23T00:15:18.695449582Z: [    8.625452] AVX2 or AES-NI instructions are not detected.
[STDERR  ] 2017-05-23T00:15:18.695454718Z: [    8.625988] AVX2 instructions are not detected.
[STDERR  ] 2017-05-23T00:15:18.695459858Z: [    8.632686] audit: initializing netlink subsys (disabled)
[STDERR  ] 2017-05-23T00:15:18.695465115Z: [    8.639495] audit: type=2000 audit(1495498483.630:1): initialized
[STDERR  ] 2017-05-23T00:15:18.695477579Z: [    8.643161] workingset: timestamp_bits=46 max_order=18 bucket_order=0
[STDERR  ] 2017-05-23T00:15:18.695483207Z: [    8.648934] FS-Cache: Netfs 'nfs' registered for caching
[STDERR  ] 2017-05-23T00:15:18.695488438Z: [    8.651805] NFS: Registering the id_resolver key type
[STDERR  ] 2017-05-23T00:15:18.695497796Z: [    8.653455] Key type id_resolver registered
[STDERR  ] 2017-05-23T00:15:18.69550346Z: [    8.653909] Key type id_legacy registered
[STDERR  ] 2017-05-23T00:15:18.695508784Z: [    8.654580] nfs4filelayout_init: NFSv4 File Layout Driver Registering...
[STDERR  ] 2017-05-23T00:15:18.695513926Z: [    8.655620] Installing knfsd (copyright (C) 1996 okir@monad.swb.de).
[STDERR  ] 2017-05-23T00:15:18.69551921Z: [    8.659117] FS-Cache: Netfs 'cifs' registered for caching
[STDERR  ] 2017-05-23T00:15:18.695526092Z: [    8.661599] ntfs: driver 2.1.32 [Flags: R/O].
[STDERR  ] 2017-05-23T00:15:18.695531679Z: [    8.662411] fuse init (API version 7.26)
[STDERR  ] 2017-05-23T00:15:18.69553681Z: [    8.664753] SGI XFS with ACLs, security attributes, no debug enabled
[STDERR  ] 2017-05-23T00:15:18.695542132Z: [    8.668868] 9p: Installing v9fs 9p2000 file system support
[STDERR  ] 2017-05-23T00:15:18.695554419Z: [    8.669678] FS-Cache: Netfs '9p' registered for caching
[STDERR  ] 2017-05-23T00:15:18.695557223Z: [    8.703262] NET: Registered protocol family 38
[STDERR  ] 2017-05-23T00:15:18.695568756Z: [    8.704230] Key type asymmetric registered
[STDERR  ] 2017-05-23T00:15:18.695574086Z: [    8.704693] Asymmetric key parser 'x509' registered
[STDERR  ] 2017-05-23T00:15:18.695579436Z: [    8.705770] Block layer SCSI generic (bsg) driver version 0.4 loaded (major 251)
[STDERR  ] 2017-05-23T00:15:18.695582155Z: [    8.707482] io scheduler noop registered
[STDERR  ] 2017-05-23T00:15:18.695592721Z: [    8.707963] io scheduler deadline registered (default)
[STDERR  ] 2017-05-23T00:15:18.695595615Z: [    8.708806] io scheduler cfq registered
[STDERR  ] 2017-05-23T00:15:18.695600875Z: [    8.712816] shpchp: Standard Hot Plug PCI Controller Driver version: 0.4
[STDERR  ] 2017-05-23T00:15:18.695608887Z: [    8.713935] hv_vmbus: registering driver hyperv_fb
[STDERR  ] 2017-05-23T00:15:18.695614036Z: [    8.717105] input: Power Button as /devices/LNXSYSTM:00/LNXPWRBN:00/input/input0
[STDERR  ] 2017-05-23T00:15:18.695626173Z: [    8.718625] ACPI: Power Button [PWRF]
[STDERR  ] 2017-05-23T00:15:18.695629302Z: [    8.725604] GHES: HEST is not enabled!
[STDERR  ] 2017-05-23T00:15:18.69563446Z: [    8.737878] ACPI: PCI Interrupt Link [GSIH] enabled at IRQ 23
[STDERR  ] 2017-05-23T00:15:18.695642241Z: [    8.745497] xenfs: not registering filesystem on non-xen platform
[STDERR  ] 2017-05-23T00:15:18.69565012Z: [    8.748143] Serial: 8250/16550 driver, 4 ports, IRQ sharing disabled
[STDERR  ] 2017-05-23T00:15:18.695652912Z: [    8.775839] 00:04: ttyS0 at I/O 0x3f8 (irq = 4, base_baud = 115200) is a 16550A
[STDERR  ] 2017-05-23T00:15:18.69565805Z: [    8.782965] Initializing Nozomi driver 2.1d
[STDERR  ] 2017-05-23T00:15:18.695665952Z: [    8.787426] Non-volatile memory driver v1.3
[STDERR  ] 2017-05-23T00:15:18.695672344Z: [    8.794194] Hangcheck: starting hangcheck timer 0.9.1 (tick is 180 seconds, margin is 60 seconds).
[STDERR  ] 2017-05-23T00:15:18.695677519Z: [    8.829903] loop: module loaded
[STDERR  ] 2017-05-23T00:15:18.695682951Z: [    8.844388] nbd: registered device at major 43
[STDERR  ] 2017-05-23T00:15:18.69568812Z: [    8.881405] lpc_ich 0000:00:1f.0: I/O space for GPIO uninitialized
[STDERR  ] 2017-05-23T00:15:18.69569087Z: [    8.883601] VMware PVSCSI driver - version 1.0.7.0-k
[STDERR  ] 2017-05-23T00:15:18.695705697Z: [    8.884661] hv_vmbus: registering driver hv_storvsc
[STDERR  ] 2017-05-23T00:15:18.69571092Z: [    8.896033] ACPI: PCI Interrupt Link [GSIA] enabled at IRQ 16
[STDERR  ] 2017-05-23T00:15:18.695713504Z: [    8.903105] ahci 0000:00:1f.2: AHCI 0001.0000 32 slots 6 ports 1.5 Gbps 0x3f impl SATA mode
[STDERR  ] 2017-05-23T00:15:18.69572131Z: [    8.904305] ahci 0000:00:1f.2: flags: 64bit ncq only 
[STDERR  ] 2017-05-23T00:15:18.695726565Z: [    8.922450] scsi host0: ahci
[STDERR  ] 2017-05-23T00:15:18.695731777Z: [    8.926325] scsi host1: ahci
[STDERR  ] 2017-05-23T00:15:18.695736951Z: [    8.928677] scsi host2: ahci
[STDERR  ] 2017-05-23T00:15:18.695739628Z: [    8.931098] scsi host3: ahci
[STDERR  ] 2017-05-23T00:15:18.695749016Z: [    8.933256] scsi host4: ahci
[STDERR  ] 2017-05-23T00:15:18.695754205Z: [    8.935444] scsi host5: ahci
[STDERR  ] 2017-05-23T00:15:18.695759395Z: [    8.937305] ata1: SATA max UDMA/133 abar m4096@0xfebf1000 port 0xfebf1100 irq 24
[STDERR  ] 2017-05-23T00:15:18.695764528Z: [    8.938104] ata2: SATA max UDMA/133 abar m4096@0xfebf1000 port 0xfebf1180 irq 24
[STDERR  ] 2017-05-23T00:15:18.695777363Z: [    8.938897] ata3: SATA max UDMA/133 abar m4096@0xfebf1000 port 0xfebf1200 irq 24
[STDERR  ] 2017-05-23T00:15:18.695780182Z: [    8.939590] ata4: SATA max UDMA/133 abar m4096@0xfebf1000 port 0xfebf1280 irq 24
[STDERR  ] 2017-05-23T00:15:18.695788008Z: [    8.940645] ata5: SATA max UDMA/133 abar m4096@0xfebf1000 port 0xfebf1300 irq 24
[STDERR  ] 2017-05-23T00:15:18.695797953Z: [    8.941343] ata6: SATA max UDMA/133 abar m4096@0xfebf1000 port 0xfebf1380 irq 24
[STDERR  ] 2017-05-23T00:15:18.695803171Z: [    8.952107] Ethernet Channel Bonding Driver: v3.7.1 (April 27, 2011)
[STDERR  ] 2017-05-23T00:15:18.695808254Z: [    8.969400] tun: Universal TUN/TAP device driver, 1.6
[STDERR  ] 2017-05-23T00:15:18.695813392Z: [    8.970474] tun: (C) 1999-2004 Max Krasnyansky <maxk@qualcomm.com>
[STDERR  ] 2017-05-23T00:15:18.695818502Z: [    8.972459] ena: Elastic Network Adapter (ENA) v1.0.2
[STDERR  ] 2017-05-23T00:15:18.695823688Z: [    8.974166] e1000: Intel(R) PRO/1000 Network Driver - version 7.3.21-k8-NAPI
[STDERR  ] 2017-05-23T00:15:18.69583108Z: [    8.974938] e1000: Copyright (c) 1999-2006 Intel Corporation.
[STDERR  ] 2017-05-23T00:15:18.695836663Z: [    8.983815] ACPI: PCI Interrupt Link [GSIG] enabled at IRQ 22
[STDERR  ] 2017-05-23T00:15:18.695841926Z: [    9.274700] ata4: SATA link down (SStatus 0 SControl 300)
[STDERR  ] 2017-05-23T00:15:18.69585337Z: [    9.277440] ata3: SATA link up 1.5 Gbps (SStatus 113 SControl 300)
[STDERR  ] 2017-05-23T00:15:18.695863704Z: [    9.280274] ata2: SATA link down (SStatus 0 SControl 300)
[STDERR  ] 2017-05-23T00:15:18.695868923Z: [    9.281042] ata1: SATA link down (SStatus 0 SControl 300)
[STDERR  ] 2017-05-23T00:15:18.695874316Z: [    9.281727] ata5: SATA link down (SStatus 0 SControl 300)
[STDERR  ] 2017-05-23T00:15:18.695877183Z: [    9.283120] ata6: SATA link down (SStatus 0 SControl 300)
[STDERR  ] 2017-05-23T00:15:18.695886554Z: [    9.285430] ata3.00: ATAPI: QEMU DVD-ROM, 2.5+, max UDMA/100
[STDERR  ] 2017-05-23T00:15:18.695896641Z: [    9.286185] ata3.00: applying bridge limits
[STDERR  ] 2017-05-23T00:15:18.695901781Z: [    9.288109] ata3.00: configured for UDMA/100
[STDERR  ] 2017-05-23T00:15:18.695920735Z: [    9.302744] scsi 2:0:0:0: CD-ROM            QEMU     QEMU DVD-ROM     2.5+ PQ: 0 ANSI: 5
[STDERR  ] 2017-05-23T00:15:18.695926484Z: [    9.323451] sr 2:0:0:0: [sr0] scsi3-mmc drive: 4x/4x cd/rw xa/form2 tray
[STDERR  ] 2017-05-23T00:15:18.695931773Z: [    9.324641] cdrom: Uniform CD-ROM driver Revision: 3.20
[STDERR  ] 2017-05-23T00:15:18.69593696Z: [    9.331464] sr 2:0:0:0: Attached scsi generic sg0 type 5
[STDERR  ] 2017-05-23T00:15:18.695942182Z: [    9.354319] e1000 0000:00:02.0 eth0: (PCI:33MHz:32-bit) 52:54:00:12:34:56
[STDERR  ] 2017-05-23T00:15:18.695944909Z: [    9.355428] e1000 0000:00:02.0 eth0: Intel(R) PRO/1000 Network Connection
[STDERR  ] 2017-05-23T00:15:18.695949947Z: [    9.356633] e1000e: Intel(R) PRO/1000 Network Driver - 3.2.6-k
[STDERR  ] 2017-05-23T00:15:18.69595779Z: [    9.357224] e1000e: Copyright(c) 1999 - 2015 Intel Corporation.
[STDERR  ] 2017-05-23T00:15:18.695963043Z: [    9.358266] igb: Intel(R) Gigabit Ethernet Network Driver - version 5.4.0-k
[STDERR  ] 2017-05-23T00:15:18.695968177Z: [    9.358939] igb: Copyright (c) 2007-2014 Intel Corporation.
[STDERR  ] 2017-05-23T00:15:18.69597356Z: [    9.359871] igbvf: Intel(R) Gigabit Virtual Function Network Driver - version 2.4.0-k
[STDERR  ] 2017-05-23T00:15:18.695990113Z: [    9.361052] igbvf: Copyright (c) 2009 - 2012 Intel Corporation.
[STDERR  ] 2017-05-23T00:15:18.69599579Z: [    9.362167] ixgbe: Intel(R) 10 Gigabit PCI Express Network Driver - version 4.4.0-k
[STDERR  ] 2017-05-23T00:15:18.696000989Z: [    9.362910] ixgbe: Copyright (c) 1999-2016 Intel Corporation.
[STDERR  ] 2017-05-23T00:15:18.696006296Z: [    9.364758] ixgbevf: Intel(R) 10 Gigabit PCI Express Virtual Function Network Driver - version 3.2.2-k
[STDERR  ] 2017-05-23T00:15:18.696009167Z: [    9.365709] ixgbevf: Copyright (c) 2009 - 2015 Intel Corporation.
[STDERR  ] 2017-05-23T00:15:18.69601699Z: [    9.367393] ixgb: Intel(R) PRO/10GbE Network Driver - version 1.0.135-k2-NAPI
[STDERR  ] 2017-05-23T00:15:18.69601965Z: [    9.368128] ixgb: Copyright (c) 1999-2008 Intel Corporation.
[STDERR  ] 2017-05-23T00:15:18.696027483Z: [    9.369304] PPP generic driver version 2.4.2
[STDERR  ] 2017-05-23T00:15:18.696032637Z: [    9.371309] PPP BSD Compression module registered
[STDERR  ] 2017-05-23T00:15:18.696037794Z: [    9.371871] PPP Deflate Compression module registered
[STDERR  ] 2017-05-23T00:15:18.696042925Z: [    9.372695] PPP MPPE Compression module registered
[STDERR  ] 2017-05-23T00:15:18.696048435Z: [    9.373233] NET: Registered protocol family 24
[STDERR  ] 2017-05-23T00:15:18.69605376Z: [    9.374073] PPTP driver version 0.8.5
[STDERR  ] 2017-05-23T00:15:18.696056415Z: [    9.375443] VMware vmxnet3 virtual NIC driver - version 1.4.a.0-k-NAPI
[STDERR  ] 2017-05-23T00:15:18.696068595Z: [    9.376621] hv_vmbus: registering driver hv_netvsc
[STDERR  ] 2017-05-23T00:15:18.696079363Z: [    9.377133] Fusion MPT base driver 3.04.20
[STDERR  ] 2017-05-23T00:15:18.696085695Z: [    9.377531] Copyright (c) 1999-2008 LSI Corporation
[STDERR  ] 2017-05-23T00:15:18.696094413Z: [    9.378312] Fusion MPT SPI Host driver 3.04.20
[STDERR  ] 2017-05-23T00:15:18.69610241Z: [    9.384031] aoe: AoE v85 initialised.
[STDERR  ] 2017-05-23T00:15:18.696107609Z: [    9.386879] i8042: PNP: PS/2 Controller [PNP0303:KBD,PNP0f13:MOU] at 0x60,0x64 irq 1,12
[STDERR  ] 2017-05-23T00:15:18.696112899Z: [    9.391770] serio: i8042 KBD port at 0x60,0x64 irq 1
[STDERR  ] 2017-05-23T00:15:18.696118135Z: [    9.392756] serio: i8042 AUX port at 0x60,0x64 irq 12
[STDERR  ] 2017-05-23T00:15:18.696123395Z: [    9.395850] hv_vmbus: registering driver hyperv_keyboard
[STDERR  ] 2017-05-23T00:15:18.696128685Z: [    9.398167] mousedev: PS/2 mouse device common for all mice
[STDERR  ] 2017-05-23T00:15:18.696140696Z: [    9.403425] input: AT Translated Set 2 keyboard as /devices/platform/i8042/serio0/input/input1
[STDERR  ] 2017-05-23T00:15:18.696148652Z: [    9.406697] input: PC Speaker as /devices/platform/pcspkr/input/input2
[STDERR  ] 2017-05-23T00:15:18.69615444Z: [    9.411126] rtc_cmos 00:00: RTC can wake from S4
[STDERR  ] 2017-05-23T00:15:18.696159602Z: [    9.414611] rtc_cmos 00:00: rtc core: registered rtc_cmos as rtc0
[STDERR  ] 2017-05-23T00:15:18.696164824Z: [    9.416149] rtc_cmos 00:00: alarms up to one day, y3k, 114 bytes nvram, hpet irqs
[STDERR  ] 2017-05-23T00:15:18.69617002Z: [    9.417190] i2c /dev entries driver
[STDERR  ] 2017-05-23T00:15:18.696175187Z: [    9.419383] device-mapper: ioctl: 4.35.0-ioctl (2016-06-23) initialised: dm-devel@redhat.com
[STDERR  ] 2017-05-23T00:15:18.696180524Z: [    9.424506] hv_utils: Registering HyperV Utility Driver
[STDERR  ] 2017-05-23T00:15:18.696185733Z: [    9.425093] hv_vmbus: registering driver hv_util
[STDERR  ] 2017-05-23T00:15:18.696191545Z: [    9.425547] hv_vmbus: registering driver hv_balloon
[STDERR  ] 2017-05-23T00:15:18.696194265Z: [    9.426409] oprofile: using NMI interrupt.
[STDERR  ] 2017-05-23T00:15:18.696199522Z: [    9.427895] GACT probability on
[STDERR  ] 2017-05-23T00:15:18.696208096Z: [    9.428663] Mirror/redirect action on
[STDERR  ] 2017-05-23T00:15:18.696218035Z: [    9.429715] Simple TC action Loaded
[STDERR  ] 2017-05-23T00:15:18.696230209Z: [    9.433671] netem: version 1.3
[STDERR  ] 2017-05-23T00:15:18.696232848Z: [    9.434073] u32 classifier
[STDERR  ] 2017-05-23T00:15:18.696240626Z: [    9.434351]     Performance counters on
[STDERR  ] 2017-05-23T00:15:18.696243393Z: [    9.434712]     input device check on
[STDERR  ] 2017-05-23T00:15:18.696250928Z: [    9.435064]     Actions configured
[STDERR  ] 2017-05-23T00:15:18.696253596Z: [    9.435921] Netfilter messages via NETLINK v0.30.
[STDERR  ] 2017-05-23T00:15:18.696261416Z: [    9.436725] nfnl_acct: registering with nfnetlink.
[STDERR  ] 2017-05-23T00:15:18.696264116Z: [    9.438173] nf_conntrack version 0.5.0 (8192 buckets, 32768 max)
[STDERR  ] 2017-05-23T00:15:18.696272217Z: [    9.441218] ctnetlink v0.93: registering with nfnetlink.
[STDERR  ] 2017-05-23T00:15:18.696276231Z: [    9.444497] nf_tables: (c) 2007-2009 Patrick McHardy <kaber@trash.net>
[STDERR  ] 2017-05-23T00:15:18.696290855Z: [    9.445625] nf_tables_compat: (c) 2012 Pablo Neira Ayuso <pablo@netfilter.org>
[STDERR  ] 2017-05-23T00:15:18.696296757Z: [    9.448462] xt_time: kernel timezone is -0000
[STDERR  ] 2017-05-23T00:15:18.696302959Z: [    9.449236] ip_set: protocol 6
[STDERR  ] 2017-05-23T00:15:18.696308252Z: [    9.450354] IPVS: Registered protocols (TCP, UDP, SCTP, AH, ESP)
[STDERR  ] 2017-05-23T00:15:18.696313466Z: [    9.451381] IPVS: Connection hash table configured (size=4096, memory=64Kbytes)
[STDERR  ] 2017-05-23T00:15:18.696316219Z: [    9.453380] IPVS: Creating netns size=2096 id=0
[STDERR  ] 2017-05-23T00:15:18.696321288Z: [    9.456284] IPVS: ipvs loaded.
[STDERR  ] 2017-05-23T00:15:18.696328936Z: [    9.456863] IPVS: [rr] scheduler registered.
[STDERR  ] 2017-05-23T00:15:18.69633164Z: [    9.457338] IPVS: [wrr] scheduler registered.
[STDERR  ] 2017-05-23T00:15:18.696341641Z: [    9.457790] IPVS: [lc] scheduler registered.
[STDERR  ] 2017-05-23T00:15:18.696346885Z: [    9.458202] IPVS: [wlc] scheduler registered.
[STDERR  ] 2017-05-23T00:15:18.696352054Z: [    9.458617] IPVS: [fo] scheduler registered.
[STDERR  ] 2017-05-23T00:15:18.696368292Z: [    9.459041] IPVS: [ovf] scheduler registered.
[STDERR  ] 2017-05-23T00:15:18.696377995Z: [    9.459711] IPVS: [lblc] scheduler registered.
[STDERR  ] 2017-05-23T00:15:18.696383364Z: [    9.460810] IPVS: [lblcr] scheduler registered.
[STDERR  ] 2017-05-23T00:15:18.696386065Z: [    9.461289] IPVS: [dh] scheduler registered.
[STDERR  ] 2017-05-23T00:15:18.696394032Z: [    9.461721] IPVS: [sh] scheduler registered.
[STDERR  ] 2017-05-23T00:15:18.696399296Z: [    9.462158] IPVS: [sed] scheduler registered.
[STDERR  ] 2017-05-23T00:15:18.696404498Z: [    9.462580] IPVS: [nq] scheduler registered.
[STDERR  ] 2017-05-23T00:15:18.696409936Z: [    9.463553] IPVS: ftp: loaded support on port[0] = 21
[STDERR  ] 2017-05-23T00:15:18.696417637Z: [    9.464595] ipip: IPv4 and MPLS over IPv4 tunneling driver
[STDERR  ] 2017-05-23T00:15:18.69642022Z: [    9.468593] gre: GRE over IPv4 demultiplexor driver
[STDERR  ] 2017-05-23T00:15:18.696428033Z: [    9.469133] ip_gre: GRE over IPv4 tunneling driver
[STDERR  ] 2017-05-23T00:15:18.696433558Z: [    9.474332] IPv4 over IPsec tunneling driver
[STDERR  ] 2017-05-23T00:15:18.696447032Z: [    9.480908] ip_tables: (C) 2000-2006 Netfilter Core Team
[STDERR  ] 2017-05-23T00:15:18.696456033Z: [    9.484587] ipt_CLUSTERIP: ClusterIP Version 0.8 loaded successfully
[STDERR  ] 2017-05-23T00:15:18.696458976Z: [    9.485675] arp_tables: arp_tables: (C) 2002 David S. Miller
[STDERR  ] 2017-05-23T00:15:18.696466864Z: [    9.487831] Initializing XFRM netlink socket
[STDERR  ] 2017-05-23T00:15:18.696472011Z: [    9.489221] NET: Registered protocol family 10
[STDERR  ] 2017-05-23T00:15:18.696474617Z: [    9.500896] Segment Routing with IPv6
[STDERR  ] 2017-05-23T00:15:18.69648253Z: [    9.502451] mip6: Mobile IPv6
[STDERR  ] 2017-05-23T00:15:18.696485265Z: [    9.503500] ip6_tables: (C) 2000-2006 Netfilter Core Team
[STDERR  ] 2017-05-23T00:15:18.696490311Z: [    9.512745] sit: IPv6, IPv4 and MPLS over IPv4 tunneling driver
[STDERR  ] 2017-05-23T00:15:18.696502187Z: [    9.519555] ip6_gre: GRE over IPv6 tunneling driver
[STDERR  ] 2017-05-23T00:15:18.696507367Z: [    9.523732] NET: Registered protocol family 17
[STDERR  ] 2017-05-23T00:15:18.696519371Z: [    9.524639] NET: Registered protocol family 15
[STDERR  ] 2017-05-23T00:15:18.696522098Z: [    9.525771] Bridge firewalling registered
[STDERR  ] 2017-05-23T00:15:18.696527166Z: [    9.526487] Ebtables v2.0 registered
[STDERR  ] 2017-05-23T00:15:18.696534935Z: [    9.529750] l2tp_core: L2TP core driver, V2.0
[STDERR  ] 2017-05-23T00:15:18.696537652Z: [    9.530908] l2tp_ppp: PPPoL2TP kernel driver, V2.0
[STDERR  ] 2017-05-23T00:15:18.6965427Z: [    9.531424] 8021q: 802.1Q VLAN Support v1.8
[STDERR  ] 2017-05-23T00:15:18.696554346Z: [    9.533055] 9pnet: Installing 9P2000 support
[STDERR  ] 2017-05-23T00:15:18.696559463Z: [    9.534101] Key type dns_resolver registered
[STDERR  ] 2017-05-23T00:15:18.696564832Z: [    9.534582] openvswitch: Open vSwitch switching datapath
[STDERR  ] 2017-05-23T00:15:18.696570012Z: [    9.536910] mpls_gso: MPLS GSO support
[STDERR  ] 2017-05-23T00:15:18.696575188Z: [    9.540838] registered taskstats version 1
[STDERR  ] 2017-05-23T00:15:18.696577966Z: [    9.602801] tsc: Refined TSC clocksource calibration: 2599.770 MHz
[STDERR  ] 2017-05-23T00:15:18.696671923Z: [    9.603888] clocksource: tsc: mask: 0xffffffffffffffff max_cycles: 0x257962cf5f2, max_idle_ns: 440795210423 ns
[STDERR  ] 2017-05-23T00:15:18.696677748Z: [    9.731996] Key type big_key registered
[STDERR  ] 2017-05-23T00:15:18.696689876Z: [    9.776725] Key type encrypted registered
[STDERR  ] 2017-05-23T00:15:18.696695215Z: [    9.781743] rtc_cmos 00:00: setting system clock to 2017-05-23 00:14:45 UTC (1495498485)
[STDERR  ] 2017-05-23T00:15:18.696703522Z: [    9.928514] Freeing unused kernel memory: 1460K
[STDERR  ] 2017-05-23T00:15:18.696709029Z: [    9.929339] Write protecting the kernel read-only data: 14336k
[STDERR  ] 2017-05-23T00:15:18.69671191Z: [    9.939238] Freeing unused kernel memory: 684K
[STDERR  ] 2017-05-23T00:15:18.696717361Z: [   10.058289] Freeing unused kernel memory: 988K
[STDERR  ] 2017-05-23T00:15:18.696725395Z: [   10.621024] clocksource: Switched to clocksource tsc
[STDERR  ] 2017-05-23T00:15:18.696728171Z: 
[STDERR  ] 2017-05-23T00:15:18.696827581Z: Welcome to LinuxKit
[STDERR  ] 2017-05-23T00:15:18.696832721Z: 
[STDERR  ] 2017-05-23T00:15:18.696842824Z:                         ##         .
[STDERR  ] 2017-05-23T00:15:18.696848043Z:                   ## ## ##        ==
[STDERR  ] 2017-05-23T00:15:18.696853344Z:                ## ## ## ## ##    ===
[STDERR  ] 2017-05-23T00:15:18.696859017Z:            /"""""""""""""""""\___/ ===
[STDERR  ] 2017-05-23T00:15:18.696867468Z:       ~~~ {~~ ~~~~ ~~~ ~~~~ ~~~ ~ /  ===- ~~~
[STDERR  ] 2017-05-23T00:15:18.696870363Z:            \______ o           __/
[STDERR  ] 2017-05-23T00:15:18.696878267Z:              \    \         __/
[STDERR  ] 2017-05-23T00:15:18.696881014Z:               \____\_______/
[STDERR  ] 2017-05-23T00:15:18.6968892Z: 
[STDERR  ] 2017-05-23T00:15:18.696978744Z: 
[STDERR  ] 2017-05-23T00:15:18.696985178Z: Starting containerd
[STDERR  ] 2017-05-23T00:15:18.696995802Z: 
[STDERR  ] 2017-05-23T00:15:18.697001742Z: / # [6n[   17.522682] IPVS: Creating netns size=2096 id=1
[STDERR  ] 2017-05-23T00:15:18.697007084Z: [   17.523574] IPVS: ftp: loaded support on port[0] = 21
[STDERR  ] 2017-05-23T00:15:18.697009953Z: [34mINFO[0m[0000] starting containerd boot...                   [34mmodule[0m=containerd
[STDERR  ] 2017-05-23T00:15:18.697018749Z: [34mINFO[0m[0000] starting debug API...                         [34mdebug[0m="/run/containerd/debug.sock" [34mmodule[0m=containerd
[STDERR  ] 2017-05-23T00:15:18.69702432Z: [34mINFO[0m[0000] loading monitor plugin "cgroups"...           [34mmodule[0m=containerd
[STDERR  ] 2017-05-23T00:15:18.697027209Z: [34mINFO[0m[0000] loading runtime plugin "linux"...             [34mmodule[0m=containerd
[STDERR  ] 2017-05-23T00:15:18.697037291Z: [34mINFO[0m[0000] loading snapshot plugin "snapshot-overlay"...  [34mmodule[0m=containerd
[STDERR  ] 2017-05-23T00:15:18.697126773Z: [34mINFO[0m[0001] loading grpc service plugin "content-grpc"...  [34mmodule[0m=containerd
[STDERR  ] 2017-05-23T00:15:18.697135289Z: [34mINFO[0m[0001] loading grpc service plugin "diff-grpc"...    [34mmodule[0m=containerd
[STDERR  ] 2017-05-23T00:15:18.697140756Z: [34mINFO[0m[0001] loading grpc service plugin "runtime-grpc"...  [34mmodule[0m=containerd
[STDERR  ] 2017-05-23T00:15:18.697146097Z: [34mINFO[0m[0001] loading grpc service plugin "healthcheck-grpc"...  [34mmodule[0m=containerd
[STDERR  ] 2017-05-23T00:15:18.697155589Z: [34mINFO[0m[0001] loading grpc service plugin "images-grpc"...  [34mmodule[0m=containerd
[STDERR  ] 2017-05-23T00:15:18.697158539Z: [34mINFO[0m[0001] loading grpc service plugin "version-grpc"...  [34mmodule[0m=containerd
[STDERR  ] 2017-05-23T00:15:18.697163669Z: [34mINFO[0m[0001] loading grpc service plugin "metrics-grpc"...  [34mmodule[0m=containerd
[STDERR  ] 2017-05-23T00:15:18.697171582Z: [34mINFO[0m[0001] loading grpc service plugin "snapshots-grpc"...  [34mmodule[0m=containerd
[STDERR  ] 2017-05-23T00:15:18.69717431Z: [34mINFO[0m[0001] starting GRPC API server...                   [34mmodule[0m=containerd
[STDERR  ] 2017-05-23T00:15:18.697182169Z: [   18.265113] random: fast init done
[STDERR  ] 2017-05-23T00:15:18.69718819Z: [34mINFO[0m[0001] starting metrics API...                       [34mmetrics[0m=":13337" [34mmodule[0m=containerd
[STDERR  ] 2017-05-23T00:15:18.697193598Z: [34mINFO[0m[0001] containerd successfully booted in 0.759820s   [34mmodule[0m=containerd
[STDERR  ] 2017-05-23T00:15:18.697284978Z: starting kernel config sanity test with /proc/config.gz
[STDERR  ] 2017-05-23T00:15:18.697294654Z: CONFIG_BUG_ON_DATA_CORRUPTION=y
[STDERR  ] 2017-05-23T00:15:18.697305503Z: kernel config test succeeded!
[STDERR  ] 2017-05-23T00:15:18.697310894Z: [37minfo: reading kernel config from /proc/config.gz ...[m
[STDERR  ] 2017-05-23T00:15:18.697316208Z: 
[STDERR  ] 2017-05-23T00:15:18.697322059Z: Generally Necessary:
[STDERR  ] 2017-05-23T00:15:18.697324872Z: - [37mcgroup hierarchy[m: [32mproperly mounted[m [/sys/fs/cgroup]
[STDERR  ] 2017-05-23T00:15:18.697332883Z: - [37mCONFIG_NAMESPACES[m: [32menabled[m
[STDERR  ] 2017-05-23T00:15:18.697338252Z: - [37mCONFIG_NET_NS[m: [32menabled[m
[STDERR  ] 2017-05-23T00:15:18.697343433Z: - [37mCONFIG_PID_NS[m: [32menabled[m
[STDERR  ] 2017-05-23T00:15:18.697437731Z: - [37mCONFIG_IPC_NS[m: [32menabled[m
[STDERR  ] 2017-05-23T00:15:18.697443151Z: - [37mCONFIG_UTS_NS[m: [32menabled[m
[STDERR  ] 2017-05-23T00:15:18.697449012Z: - [37mCONFIG_CGROUPS[m: [32menabled[m
[STDERR  ] 2017-05-23T00:15:18.697457739Z: - [37mCONFIG_CGROUP_CPUACCT[m: [32menabled[m
[STDERR  ] 2017-05-23T00:15:18.69746303Z: - [37mCONFIG_CGROUP_DEVICE[m: [32menabled[m
[STDERR  ] 2017-05-23T00:15:18.697468563Z: - [37mCONFIG_CGROUP_FREEZER[m: [32menabled[m
[STDERR  ] 2017-05-23T00:15:18.697473854Z: - [37mCONFIG_CGROUP_SCHED[m: [32menabled[m
[STDERR  ] 2017-05-23T00:15:18.697483342Z: - [37mCONFIG_CPUSETS[m: [32menabled[m
[STDERR  ] 2017-05-23T00:15:18.697489194Z: - [37mCONFIG_MEMCG[m: [32menabled[m
[STDERR  ] 2017-05-23T00:15:18.697492001Z: - [37mCONFIG_KEYS[m: [32menabled[m
[STDERR  ] 2017-05-23T00:15:18.697497224Z: - [37mCONFIG_VETH[m: [32menabled[m
[STDERR  ] 2017-05-23T00:15:18.69751256Z: - [37mCONFIG_BRIDGE[m: [32menabled[m
[STDERR  ] 2017-05-23T00:15:18.697515402Z: - [37mCONFIG_BRIDGE_NETFILTER[m: [32menabled[m
[STDERR  ] 2017-05-23T00:15:18.697520724Z: - [37mCONFIG_NF_NAT_IPV4[m: [32menabled[m
[STDERR  ] 2017-05-23T00:15:18.697528985Z: - [37mCONFIG_IP_NF_FILTER[m: [32menabled[m
[STDERR  ] 2017-05-23T00:15:18.697534306Z: - [37mCONFIG_IP_NF_TARGET_MASQUERADE[m: [32menabled[m
[STDERR  ] 2017-05-23T00:15:18.697539669Z: - [37mCONFIG_NETFILTER_XT_MATCH_ADDRTYPE[m: [32menabled[m
[STDERR  ] 2017-05-23T00:15:18.697542482Z: - [37mCONFIG_NETFILTER_XT_MATCH_CONNTRACK[m: [32menabled[m
[STDERR  ] 2017-05-23T00:15:18.697547674Z: - [37mCONFIG_NETFILTER_XT_MATCH_IPVS[m: [32menabled[m
[STDERR  ] 2017-05-23T00:15:18.697555486Z: - [37mCONFIG_IP_NF_NAT[m: [32menabled[m
[STDERR  ] 2017-05-23T00:15:18.697561098Z: - [37mCONFIG_NF_NAT[m: [32menabled[m
