[INFO    ] 2017-06-29T00:05:12.934318103Z: Running Test linuxkit.kernel.config_4.4.x in /tmp/with_clone1508391a/test/cases/020_kernel/000_config_4.4.x
[INFO    ] 2017-06-29T00:05:12.934382086Z: Running command: [/bin/sh -x /tmp/with_clone1508391a/test/cases/020_kernel/000_config_4.4.x/test.sh]
[STDERR  ] 2017-06-29T00:05:12.93511574Z: + set -e
[STDERR  ] 2017-06-29T00:05:12.935120873Z: + . /tmp/with_clone1508391a/test/cases/_lib/lib.sh
[STDERR  ] 2017-06-29T00:05:12.935166523Z: + [ -f src/github.com/linuxkit/rtf/lib/lib.sh ]
[STDERR  ] 2017-06-29T00:05:12.935210629Z: + LINUXKIT_TMPDIR=/tmp/with_clone1508391a/test/cases/_tmp
[STDERR  ] 2017-06-29T00:05:12.935277352Z: + [ -f /tmp/with_clone1508391a/test/cases/_tmp/env.sh ]
[STDERR  ] 2017-06-29T00:05:12.935317741Z: + . /tmp/with_clone1508391a/test/cases/_tmp/env.sh
[STDERR  ] 2017-06-29T00:05:12.935363884Z: + export LINUXKIT_EXAMPLES_DIR=/tmp/with_clone1508391a/test/cases/../../examples
[STDERR  ] 2017-06-29T00:05:12.935405425Z: + export LINUXKIT_BLUEPRINTS_DIR=/tmp/with_clone1508391a/test/cases/../../blueprints
[STDERR  ] 2017-06-29T00:05:12.935441686Z: + RT_CANCEL=253
[STDERR  ] 2017-06-29T00:05:12.935482576Z: + trap clean_up EXIT
[STDERR  ] 2017-06-29T00:05:12.935518682Z: + moby build -output kernel+initrd test-kernel-config.yml
[STDERR  ] 2017-06-29T00:05:12.945737959Z: Extract kernel image: linuxkit/kernel:4.4.74
[STDERR  ] 2017-06-29T00:05:18.907239312Z: Add init containers:
[STDERR  ] 2017-06-29T00:05:18.907280202Z: Process init image: linuxkit/init:36c56f0664d49c5a6adc1120d1bf5ba6ac30b389
[STDERR  ] 2017-06-29T00:05:20.382686633Z: Process init image: linuxkit/runc:291131ec026430371e7c36165c3f43734fbc2541
[STDERR  ] 2017-06-29T00:05:22.062112988Z: Process init image: linuxkit/containerd:1e3e8f207421de8deac8cedc26a138d6b1661a0d
[STDERR  ] 2017-06-29T00:05:27.493690535Z: Add onboot containers:
[STDERR  ] 2017-06-29T00:05:27.493728938Z:   Create OCI config for linuxkit/test-kernel-config:9f08e3b99f8ac2f422251b3e8c94ce874ee34119
[STDERR  ] 2017-06-29T00:05:29.390484676Z:   Create OCI config for linuxkit/poweroff:7404cf2295df89ccfa2dda41997a28307a90cf28
[STDERR  ] 2017-06-29T00:05:30.883683826Z: Create outputs:
[STDERR  ] 2017-06-29T00:05:39.135658942Z:   test-kernel-config-kernel test-kernel-config-initrd.img test-kernel-config-cmdline
[STDERR  ] 2017-06-29T00:05:39.397432565Z: + linuxkit run test-kernel-config
[STDERR  ] 2017-06-29T00:06:27.723456215Z: + RESULT=[    0.000000] Initializing cgroup subsys cpuset
[STDERR  ] 2017-06-29T00:06:27.723477487Z: [    0.000000] Initializing cgroup subsys cpu
[STDERR  ] 2017-06-29T00:06:27.723491841Z: [    0.000000] Initializing cgroup subsys cpuacct
[STDERR  ] 2017-06-29T00:06:27.723500324Z: [    0.000000] Linux version 4.4.74-linuxkit (root@b147ce67977e) (gcc version 6.3.0 (Alpine 6.3.0) ) #1 SMP Tue Jun 27 15:11:59 UTC 2017
[STDERR  ] 2017-06-29T00:06:27.723536226Z: [    0.000000] Command line: console=ttyS0
[STDERR  ] 2017-06-29T00:06:27.723550344Z: [    0.000000] x86/fpu: Legacy x87 FPU detected.
[STDERR  ] 2017-06-29T00:06:27.723557003Z: [    0.000000] x86/fpu: Using 'lazy' FPU context switches.
[STDERR  ] 2017-06-29T00:06:27.723578584Z: [    0.000000] e820: BIOS-provided physical RAM map:
[STDERR  ] 2017-06-29T00:06:27.723593103Z: [    0.000000] BIOS-e820: [mem 0x0000000000000000-0x000000000009fbff] usable
[STDERR  ] 2017-06-29T00:06:27.723607631Z: [    0.000000] BIOS-e820: [mem 0x000000000009fc00-0x000000000009ffff] reserved
[STDERR  ] 2017-06-29T00:06:27.723621421Z: [    0.000000] BIOS-e820: [mem 0x00000000000f0000-0x00000000000fffff] reserved
[STDERR  ] 2017-06-29T00:06:27.723635379Z: [    0.000000] BIOS-e820: [mem 0x0000000000100000-0x000000003ffdefff] usable
[STDERR  ] 2017-06-29T00:06:27.723649039Z: [    0.000000] BIOS-e820: [mem 0x000000003ffdf000-0x000000003fffffff] reserved
[STDERR  ] 2017-06-29T00:06:27.72366258Z: [    0.000000] BIOS-e820: [mem 0x00000000b0000000-0x00000000bfffffff] reserved
[STDERR  ] 2017-06-29T00:06:27.723677923Z: [    0.000000] BIOS-e820: [mem 0x00000000fed1c000-0x00000000fed1ffff] reserved
[STDERR  ] 2017-06-29T00:06:27.723685323Z: [    0.000000] BIOS-e820: [mem 0x00000000fffc0000-0x00000000ffffffff] reserved
[STDERR  ] 2017-06-29T00:06:27.723718948Z: [    0.000000] NX (Execute Disable) protection: active
[STDERR  ] 2017-06-29T00:06:27.72373276Z: [    0.000000] SMBIOS 2.8 present.
[STDERR  ] 2017-06-29T00:06:27.723739234Z: [    0.000000] e820: last_pfn = 0x3ffdf max_arch_pfn = 0x400000000
[STDERR  ] 2017-06-29T00:06:27.723760205Z: [    0.000000] x86/PAT: Configuration [0-7]: WB  WC  UC- UC  WB  WC  UC- WT  
[STDERR  ] 2017-06-29T00:06:27.723767618Z: [    0.000000] found SMP MP-table at [mem 0x000f6aa0-0x000f6aaf] mapped at [ffff8800000f6aa0]
[STDERR  ] 2017-06-29T00:06:27.72378827Z: [    0.000000] RAMDISK: [mem 0x3d4e0000-0x3ffcffff]
[STDERR  ] 2017-06-29T00:06:27.723802175Z: [    0.000000] ACPI: Early table checksum verification disabled
[STDERR  ] 2017-06-29T00:06:27.723822453Z: [    0.000000] ACPI: RSDP 0x00000000000F68C0 000014 (v00 BOCHS )
[STDERR  ] 2017-06-29T00:06:27.723829495Z: [    0.000000] ACPI: RSDT 0x000000003FFE2404 000034 (v01 BOCHS  BXPCRSDT 00000001 BXPC 00000001)
[STDERR  ] 2017-06-29T00:06:27.723850126Z: [    0.000000] ACPI: FACP 0x000000003FFE22A4 000074 (v01 BOCHS  BXPCFACP 00000001 BXPC 00000001)
[STDERR  ] 2017-06-29T00:06:27.723857336Z: [    0.000000] ACPI: DSDT 0x000000003FFE0040 002264 (v01 BOCHS  BXPCDSDT 00000001 BXPC 00000001)
[STDERR  ] 2017-06-29T00:06:27.723869244Z: [    0.000000] ACPI: FACS 0x000000003FFE0000 000040
[STDERR  ] 2017-06-29T00:06:27.723892874Z: [    0.000000] ACPI: APIC 0x000000003FFE2318 000078 (v01 BOCHS  BXPCAPIC 00000001 BXPC 00000001)
[STDERR  ] 2017-06-29T00:06:27.72390921Z: [    0.000000] ACPI: HPET 0x000000003FFE2390 000038 (v01 BOCHS  BXPCHPET 00000001 BXPC 00000001)
[STDERR  ] 2017-06-29T00:06:27.72392436Z: [    0.000000] ACPI: MCFG 0x000000003FFE23C8 00003C (v01 BOCHS  BXPCMCFG 00000001 BXPC 00000001)
[STDERR  ] 2017-06-29T00:06:27.723937604Z: [    0.000000] Zone ranges:
[STDERR  ] 2017-06-29T00:06:27.723952278Z: [    0.000000]   DMA      [mem 0x0000000000001000-0x0000000000ffffff]
[STDERR  ] 2017-06-29T00:06:27.723965769Z: [    0.000000]   DMA32    [mem 0x0000000001000000-0x000000003ffdefff]
[STDERR  ] 2017-06-29T00:06:27.72397885Z: [    0.000000]   Normal   empty
[STDERR  ] 2017-06-29T00:06:27.723985892Z: [    0.000000] Movable zone start for each node
[STDERR  ] 2017-06-29T00:06:27.723997931Z: [    0.000000] Early memory node ranges
[STDERR  ] 2017-06-29T00:06:27.724018131Z: [    0.000000]   node   0: [mem 0x0000000000001000-0x000000000009efff]
[STDERR  ] 2017-06-29T00:06:27.724030732Z: [    0.000000]   node   0: [mem 0x0000000000100000-0x000000003ffdefff]
[STDERR  ] 2017-06-29T00:06:27.724043196Z: [    0.000000] Initmem setup node 0 [mem 0x0000000000001000-0x000000003ffdefff]
[STDERR  ] 2017-06-29T00:06:27.724055819Z: [    0.000000] ACPI: PM-Timer IO Port: 0x608
[STDERR  ] 2017-06-29T00:06:27.724062694Z: [    0.000000] ACPI: LAPIC_NMI (acpi_id[0xff] dfl dfl lint[0x1])
[STDERR  ] 2017-06-29T00:06:27.724078945Z: [    0.000000] IOAPIC[0]: apic_id 0, version 32, address 0xfec00000, GSI 0-23
[STDERR  ] 2017-06-29T00:06:27.724098403Z: [    0.000000] ACPI: INT_SRC_OVR (bus 0 bus_irq 0 global_irq 2 dfl dfl)
[STDERR  ] 2017-06-29T00:06:27.724116198Z: [    0.000000] ACPI: INT_SRC_OVR (bus 0 bus_irq 5 global_irq 5 high level)
[STDERR  ] 2017-06-29T00:06:27.724123624Z: [    0.000000] ACPI: INT_SRC_OVR (bus 0 bus_irq 9 global_irq 9 high level)
[STDERR  ] 2017-06-29T00:06:27.724135568Z: [    0.000000] ACPI: INT_SRC_OVR (bus 0 bus_irq 10 global_irq 10 high level)
[STDERR  ] 2017-06-29T00:06:27.724154771Z: [    0.000000] ACPI: INT_SRC_OVR (bus 0 bus_irq 11 global_irq 11 high level)
[STDERR  ] 2017-06-29T00:06:27.724161588Z: [    0.000000] Using ACPI (MADT) for SMP configuration information
[STDERR  ] 2017-06-29T00:06:27.724173339Z: [    0.000000] ACPI: HPET id: 0x8086a201 base: 0xfed00000
[STDERR  ] 2017-06-29T00:06:27.724192821Z: [    0.000000] smpboot: Allowing 1 CPUs, 0 hotplug CPUs
[STDERR  ] 2017-06-29T00:06:27.724199584Z: [    0.000000] e820: [mem 0x40000000-0xafffffff] available for PCI devices
[STDERR  ] 2017-06-29T00:06:27.724216118Z: [    0.000000] Booting paravirtualized kernel on bare hardware
[STDERR  ] 2017-06-29T00:06:27.724239466Z: [    0.000000] clocksource: refined-jiffies: mask: 0xffffffff max_cycles: 0xffffffff, max_idle_ns: 19112604462750000 ns
[STDERR  ] 2017-06-29T00:06:27.724252791Z: [    0.000000] setup_percpu: NR_CPUS:128 nr_cpumask_bits:128 nr_cpu_ids:1 nr_node_ids:1
[STDERR  ] 2017-06-29T00:06:27.724265683Z: [    0.000000] PERCPU: Embedded 33 pages/cpu @ffff88003d200000 s95832 r8192 d31144 u2097152
[STDERR  ] 2017-06-29T00:06:27.724281552Z: [    0.000000] Built 1 zonelists in Zone order, mobility grouping on.  Total pages: 257896
[STDERR  ] 2017-06-29T00:06:27.724297536Z: [    0.000000] Kernel command line: console=ttyS0
[STDERR  ] 2017-06-29T00:06:27.724304474Z: [    0.000000] PID hash table entries: 4096 (order: 3, 32768 bytes)
[STDERR  ] 2017-06-29T00:06:27.724327339Z: [    0.000000] Dentry cache hash table entries: 131072 (order: 8, 1048576 bytes)
[STDERR  ] 2017-06-29T00:06:27.724333621Z: [    0.000000] Inode-cache hash table entries: 65536 (order: 7, 524288 bytes)
[STDERR  ] 2017-06-29T00:06:27.724357579Z: [    0.000000] Memory: 970144K/1048052K available (7600K kernel code, 1237K rwdata, 2696K rodata, 1292K init, 684K bss, 77908K reserved, 0K cma-reserved)
[STDERR  ] 2017-06-29T00:06:27.724364833Z: [    0.000000] Hierarchical RCU implementation.
[STDERR  ] 2017-06-29T00:06:27.724384234Z: [    0.000000] 	Build-time adjustment of leaf fanout to 64.
[STDERR  ] 2017-06-29T00:06:27.724390629Z: [    0.000000] 	RCU restricting CPUs from NR_CPUS=128 to nr_cpu_ids=1.
[STDERR  ] 2017-06-29T00:06:27.724412611Z: [    0.000000] RCU: Adjusting geometry for rcu_fanout_leaf=64, nr_cpu_ids=1
[STDERR  ] 2017-06-29T00:06:27.724419823Z: [    0.000000] NR_IRQS:8448 nr_irqs:256 16
[STDERR  ] 2017-06-29T00:06:27.724432223Z: [    0.000000] Console: colour VGA+ 80x25
[STDERR  ] 2017-06-29T00:06:27.724450301Z: [    0.000000] console [ttyS0] enabled
[STDERR  ] 2017-06-29T00:06:27.724456986Z: [    0.000000] clocksource: hpet: mask: 0xffffffff max_cycles: 0xffffffff, max_idle_ns: 19112604467 ns
[STDERR  ] 2017-06-29T00:06:27.724474786Z: [    0.000000] tsc: Fast TSC calibration using PIT
[STDERR  ] 2017-06-29T00:06:27.7244889Z: [    0.000000] tsc: Detected 2300.120 MHz processor
[STDERR  ] 2017-06-29T00:06:27.724501062Z: [    0.020698] Calibrating delay loop (skipped), value calculated using timer frequency.. 4600.24 BogoMIPS (lpj=23001200)
[STDERR  ] 2017-06-29T00:06:27.724507203Z: [    0.022042] pid_max: default: 32768 minimum: 301
[STDERR  ] 2017-06-29T00:06:27.724525977Z: [    0.022731] ACPI: Core revision 20150930
[STDERR  ] 2017-06-29T00:06:27.724538507Z: [    0.071147] ACPI: 1 ACPI AML tables successfully acquired and loaded
[STDERR  ] 2017-06-29T00:06:27.724551309Z: [    0.072633] Security Framework initialized
[STDERR  ] 2017-06-29T00:06:27.724563567Z: [    0.072953] Yama: becoming mindful.
[STDERR  ] 2017-06-29T00:06:27.724576248Z: [    0.074803] Mount-cache hash table entries: 2048 (order: 2, 16384 bytes)
[STDERR  ] 2017-06-29T00:06:27.724588325Z: [    0.075278] Mountpoint-cache hash table entries: 2048 (order: 2, 16384 bytes)
[STDERR  ] 2017-06-29T00:06:27.724600439Z: [    0.090980] Initializing cgroup subsys io
[STDERR  ] 2017-06-29T00:06:27.72461552Z: [    0.091734] Initializing cgroup subsys memory
[STDERR  ] 2017-06-29T00:06:27.724628639Z: [    0.092545] Initializing cgroup subsys devices
[STDERR  ] 2017-06-29T00:06:27.72463535Z: [    0.092935] Initializing cgroup subsys freezer
[STDERR  ] 2017-06-29T00:06:27.724653139Z: [    0.093322] Initializing cgroup subsys net_cls
[STDERR  ] 2017-06-29T00:06:27.724659321Z: [    0.093674] Initializing cgroup subsys perf_event
[STDERR  ] 2017-06-29T00:06:27.724682221Z: [    0.094051] Initializing cgroup subsys net_prio
[STDERR  ] 2017-06-29T00:06:27.724696142Z: [    0.094434] Initializing cgroup subsys hugetlb
[STDERR  ] 2017-06-29T00:06:27.724708411Z: [    0.094782] Initializing cgroup subsys pids
[STDERR  ] 2017-06-29T00:06:27.724720734Z: [    0.097093] Last level iTLB entries: 4KB 0, 2MB 0, 4MB 0
[STDERR  ] 2017-06-29T00:06:27.724743558Z: [    0.097502] Last level dTLB entries: 4KB 0, 2MB 0, 4MB 0, 1GB 0
[STDERR  ] 2017-06-29T00:06:27.724756484Z: [    0.360696] Freeing SMP alternatives memory: 20K (ffffffff9ee7a000 - ffffffff9ee7f000)
[STDERR  ] 2017-06-29T00:06:27.724769534Z: [    0.367712] ftrace: allocating 33308 entries in 131 pages
[STDERR  ] 2017-06-29T00:06:27.724782317Z: [    0.534005] ..TIMER: vector=0x30 apic1=0 pin1=2 apic2=-1 pin2=-1
[STDERR  ] 2017-06-29T00:06:27.724795474Z: [    0.640000] smpboot: CPU0: AMD QEMU Virtual CPU version 2.5+ (family: 0x6, model: 0x6, stepping: 0x3)
[STDERR  ] 2017-06-29T00:06:27.724808406Z: [    0.640000] Performance Events: Broken PMU hardware detected, using software events only.
[STDERR  ] 2017-06-29T00:06:27.724827433Z: [    0.640000] Failed to access perfctr msr (MSR c0010007 is 0)
[STDERR  ] 2017-06-29T00:06:27.724840233Z: [    0.644233] x86: Booted up 1 node, 1 CPUs
[STDERR  ] 2017-06-29T00:06:27.724852634Z: [    0.644598] smpboot: Total of 1 processors activated (4600.24 BogoMIPS)
[STDERR  ] 2017-06-29T00:06:27.724865081Z: [    0.651938] NMI watchdog: disabled (cpu0): hardware events not enabled
[STDERR  ] 2017-06-29T00:06:27.724877835Z: [    0.652345] NMI watchdog: Shutting down hard lockup detector on all cpus
[STDERR  ] 2017-06-29T00:06:27.724892715Z: [    0.661464] devtmpfs: initialized
[STDERR  ] 2017-06-29T00:06:27.7248998Z: [    0.732335] clocksource: jiffies: mask: 0xffffffff max_cycles: 0xffffffff, max_idle_ns: 19112604462750000 ns
[STDERR  ] 2017-06-29T00:06:27.724918071Z: [    0.733120] futex hash table entries: 256 (order: 2, 16384 bytes)
[STDERR  ] 2017-06-29T00:06:27.724938085Z: [    0.744395] NET: Registered protocol family 16
[STDERR  ] 2017-06-29T00:06:27.72495125Z: [    0.751152] cpuidle: using governor ladder
[STDERR  ] 2017-06-29T00:06:27.724964111Z: [    0.751561] cpuidle: using governor menu
[STDERR  ] 2017-06-29T00:06:27.724981571Z: [    0.752838] ACPI: bus type PCI registered
[STDERR  ] 2017-06-29T00:06:27.724995186Z: [    0.755706] PCI: MMCONFIG for domain 0000 [bus 00-ff] at [mem 0xb0000000-0xbfffffff] (base 0xb0000000)
[STDERR  ] 2017-06-29T00:06:27.725008589Z: [    0.756512] PCI: MMCONFIG at [mem 0xb0000000-0xbfffffff] reserved in E820
[STDERR  ] 2017-06-29T00:06:27.725026264Z: [    0.757715] PCI: Using configuration type 1 for base access
[STDERR  ] 2017-06-29T00:06:27.725041202Z: [    0.815710] ACPI: Added _OSI(Module Device)
[STDERR  ] 2017-06-29T00:06:27.725055677Z: [    0.815990] ACPI: Added _OSI(Processor Device)
[STDERR  ] 2017-06-29T00:06:27.725062527Z: [    0.816265] ACPI: Added _OSI(3.0 _SCP Extensions)
[STDERR  ] 2017-06-29T00:06:27.725080788Z: [    0.816531] ACPI: Added _OSI(Processor Aggregator Device)
[STDERR  ] 2017-06-29T00:06:27.725094225Z: [    0.893820] ACPI: Interpreter enabled
[STDERR  ] 2017-06-29T00:06:27.725100458Z: [    0.894581] ACPI: (supports S0 S5)
[STDERR  ] 2017-06-29T00:06:27.725119296Z: [    0.894842] ACPI: Using IOAPIC for interrupt routing
[STDERR  ] 2017-06-29T00:06:27.72513223Z: [    0.896584] PCI: Using host bridge windows from ACPI; if necessary, use "pci=nocrs" and report a bug
[STDERR  ] 2017-06-29T00:06:27.725139599Z: [    0.959735] ACPI: PCI Root Bridge [PCI0] (domain 0000 [bus 00-ff])
[STDERR  ] 2017-06-29T00:06:27.725152416Z: [    0.960533] acpi PNP0A08:00: _OSC: OS supports [ExtendedConfig ASPM ClockPM Segments MSI]
[STDERR  ] 2017-06-29T00:06:27.725175271Z: [    0.965784] acpi PNP0A08:00: _OSC: OS now controls [PCIeHotplug PME PCIeCapability]
[STDERR  ] 2017-06-29T00:06:27.725189261Z: [    0.969668] PCI host bridge to bus 0000:00
[STDERR  ] 2017-06-29T00:06:27.725203475Z: [    0.970190] pci_bus 0000:00: root bus resource [io  0x0000-0x0cf7 window]
[STDERR  ] 2017-06-29T00:06:27.725216974Z: [    0.970533] pci_bus 0000:00: root bus resource [io  0x0d00-0xffff window]
[STDERR  ] 2017-06-29T00:06:27.72522906Z: [    0.970854] pci_bus 0000:00: root bus resource [mem 0x000a0000-0x000bffff window]
[STDERR  ] 2017-06-29T00:06:27.725241937Z: [    0.971197] pci_bus 0000:00: root bus resource [mem 0xc0000000-0xfebfffff window]
[STDERR  ] 2017-06-29T00:06:27.725264416Z: [    0.971652] pci_bus 0000:00: root bus resource [bus 00-ff]
[STDERR  ] 2017-06-29T00:06:27.725277365Z: [    1.061369] pci 0000:00:1f.0: quirk: [io  0x0600-0x067f] claimed by ICH6 ACPI/GPIO/TCO
[STDERR  ] 2017-06-29T00:06:27.72529161Z: [    1.115083] ACPI: PCI Interrupt Link [LNKA] (IRQs 5 *10 11)
[STDERR  ] 2017-06-29T00:06:27.725305009Z: [    1.116978] ACPI: PCI Interrupt Link [LNKB] (IRQs 5 *10 11)
[STDERR  ] 2017-06-29T00:06:27.72531755Z: [    1.118605] ACPI: PCI Interrupt Link [LNKC] (IRQs 5 10 *11)
[STDERR  ] 2017-06-29T00:06:27.725333122Z: [    1.120776] ACPI: PCI Interrupt Link [LNKD] (IRQs 5 10 *11)
[STDERR  ] 2017-06-29T00:06:27.725346075Z: [    1.122400] ACPI: PCI Interrupt Link [LNKE] (IRQs 5 *10 11)
[STDERR  ] 2017-06-29T00:06:27.725364801Z: [    1.124024] ACPI: PCI Interrupt Link [LNKF] (IRQs 5 *10 11)
[STDERR  ] 2017-06-29T00:06:27.725378699Z: [    1.125649] ACPI: PCI Interrupt Link [LNKG] (IRQs 5 10 *11)
[STDERR  ] 2017-06-29T00:06:27.725391658Z: [    1.127311] ACPI: PCI Interrupt Link [LNKH] (IRQs 5 10 *11)
[STDERR  ] 2017-06-29T00:06:27.72540498Z: [    1.128081] ACPI: PCI Interrupt Link [GSIA] (IRQs *16)
[STDERR  ] 2017-06-29T00:06:27.725423608Z: [    1.128640] ACPI: PCI Interrupt Link [GSIB] (IRQs *17)
[STDERR  ] 2017-06-29T00:06:27.725437146Z: [    1.129198] ACPI: PCI Interrupt Link [GSIC] (IRQs *18)
[STDERR  ] 2017-06-29T00:06:27.725450037Z: [    1.129761] ACPI: PCI Interrupt Link [GSID] (IRQs *19)
[STDERR  ] 2017-06-29T00:06:27.725463224Z: [    1.130361] ACPI: PCI Interrupt Link [GSIE] (IRQs *20)
[STDERR  ] 2017-06-29T00:06:27.725476059Z: [    1.130895] ACPI: PCI Interrupt Link [GSIF] (IRQs *21)
[STDERR  ] 2017-06-29T00:06:27.725488416Z: [    1.131428] ACPI: PCI Interrupt Link [GSIG] (IRQs *22)
[STDERR  ] 2017-06-29T00:06:27.725500653Z: [    1.131956] ACPI: PCI Interrupt Link [GSIH] (IRQs *23)
[STDERR  ] 2017-06-29T00:06:27.725513734Z: [    1.135600] ACPI: Enabled 2 GPEs in block 00 to 3F
[STDERR  ] 2017-06-29T00:06:27.725526377Z: [    1.139420] SCSI subsystem initialized
[STDERR  ] 2017-06-29T00:06:27.725539573Z: [    1.141357] ACPI: bus type USB registered
[STDERR  ] 2017-06-29T00:06:27.725552162Z: [    1.142385] usbcore: registered new interface driver usbfs
[STDERR  ] 2017-06-29T00:06:27.725561671Z: [    1.143303] usbcore: registered new interface driver hub
[STDERR  ] 2017-06-29T00:06:27.725580052Z: [    1.144019] usbcore: registered new device driver usb
[STDERR  ] 2017-06-29T00:06:27.725591869Z: [    1.145103] pps_core: LinuxPPS API ver. 1 registered
[STDERR  ] 2017-06-29T00:06:27.725605286Z: [    1.145403] pps_core: Software ver. 5.3.6 - Copyright 2005-2007 Rodolfo Giometti <giometti@linux.it>
[STDERR  ] 2017-06-29T00:06:27.725628648Z: [    1.146064] PTP clock support registered
[STDERR  ] 2017-06-29T00:06:27.725656808Z: [    1.147284] wmi: Mapper loaded
[STDERR  ] 2017-06-29T00:06:27.72566994Z: [    1.148228] PCI: Using ACPI for IRQ routing
[STDERR  ] 2017-06-29T00:06:27.725682785Z: [    1.166986] NetLabel: Initializing
[STDERR  ] 2017-06-29T00:06:27.725695345Z: [    1.167211] NetLabel:  domain hash size = 128
[STDERR  ] 2017-06-29T00:06:27.725718124Z: [    1.167460] NetLabel:  protocols = UNLABELED CIPSOv4
[STDERR  ] 2017-06-29T00:06:27.725724367Z: [    1.169066] NetLabel:  unlabeled traffic allowed by default
[STDERR  ] 2017-06-29T00:06:27.725744462Z: [    1.170062] HPET: 3 timers in total, 0 timers will be used for per-cpu timer
[STDERR  ] 2017-06-29T00:06:27.725757741Z: [    1.170666] hpet0: at MMIO 0xfed00000, IRQs 2, 8, 0
[STDERR  ] 2017-06-29T00:06:27.725771192Z: [    1.171060] hpet0: 3 comparators, 64-bit 100.000000 MHz counter
[STDERR  ] 2017-06-29T00:06:27.725784386Z: [    1.176434] amd_nb: Cannot enumerate AMD northbridges
[STDERR  ] 2017-06-29T00:06:27.725797825Z: [    1.177358] clocksource: Switched to clocksource hpet
[STDERR  ] 2017-06-29T00:06:27.725816627Z: [    1.393711] FS-Cache: Loaded
[STDERR  ] 2017-06-29T00:06:27.725833061Z: [    1.397274] CacheFiles: Loaded
[STDERR  ] 2017-06-29T00:06:27.725852631Z: [    1.399231] pnp: PnP ACPI init
[STDERR  ] 2017-06-29T00:06:27.725866137Z: [    1.410651] pnp: PnP ACPI: found 5 devices
[STDERR  ] 2017-06-29T00:06:27.725873357Z: [    1.457239] clocksource: acpi_pm: mask: 0xffffff max_cycles: 0xffffff, max_idle_ns: 2085701024 ns
[STDERR  ] 2017-06-29T00:06:27.725893196Z: [    1.459298] NET: Registered protocol family 2
[STDERR  ] 2017-06-29T00:06:27.725906583Z: [    1.466163] TCP established hash table entries: 8192 (order: 4, 65536 bytes)
[STDERR  ] 2017-06-29T00:06:27.725919943Z: [    1.466838] TCP bind hash table entries: 8192 (order: 5, 131072 bytes)
[STDERR  ] 2017-06-29T00:06:27.725928301Z: [    1.467456] TCP: Hash tables configured (established 8192 bind 8192)
[STDERR  ] 2017-06-29T00:06:27.725948766Z: [    1.468820] UDP hash table entries: 512 (order: 2, 16384 bytes)
[STDERR  ] 2017-06-29T00:06:27.725966255Z: [    1.469359] UDP-Lite hash table entries: 512 (order: 2, 16384 bytes)
[STDERR  ] 2017-06-29T00:06:27.725980736Z: [    1.471739] NET: Registered protocol family 1
[STDERR  ] 2017-06-29T00:06:27.725987637Z: [    1.478277] Unpacking initramfs...
[STDERR  ] 2017-06-29T00:06:27.726007015Z: [   10.179724] Freeing initrd memory: 43968K (ffff88003d4e0000 - ffff88003ffd0000)
[STDERR  ] 2017-06-29T00:06:27.726013398Z: [   10.201641] PCLMULQDQ-NI instructions are not detected.
[STDERR  ] 2017-06-29T00:06:27.726033717Z: [   10.202771] AVX or AES-NI instructions are not detected.
[STDERR  ] 2017-06-29T00:06:27.726046629Z: [   10.203180] CPU feature 'AVX registers' is not supported.
[STDERR  ] 2017-06-29T00:06:27.726059388Z: [   10.203571] CPU feature 'AVX registers' is not supported.
[STDERR  ] 2017-06-29T00:06:27.726072116Z: [   10.203955] CPU feature 'AVX registers' is not supported.
[STDERR  ] 2017-06-29T00:06:27.726090739Z: [   10.204320] CPU feature 'AVX registers' is not supported.
[STDERR  ] 2017-06-29T00:06:27.726097788Z: [   10.204675] AVX2 or AES-NI instructions are not detected.
[STDERR  ] 2017-06-29T00:06:27.726109636Z: [   10.205028] AVX2 instructions are not detected.
[STDERR  ] 2017-06-29T00:06:27.726131856Z: [   10.210035] audit: initializing netlink subsys (disabled)
[STDERR  ] 2017-06-29T00:06:27.726139448Z: [   10.212480] audit: type=2000 audit(1498694750.210:1): initialized
[STDERR  ] 2017-06-29T00:06:27.72615901Z: [   10.218884] HugeTLB registered 2 MB page size, pre-allocated 0 pages
[STDERR  ] 2017-06-29T00:06:27.726172564Z: [   10.223361] VFS: Disk quotas dquot_6.6.0
[STDERR  ] 2017-06-29T00:06:27.726178857Z: [   10.223893] VFS: Dquot-cache hash table entries: 512 (order 0, 4096 bytes)
[STDERR  ] 2017-06-29T00:06:27.726199416Z: [   10.229730] FS-Cache: Netfs 'cifs' registered for caching
[STDERR  ] 2017-06-29T00:06:27.726206361Z: [   10.230902] fuse init (API version 7.23)
[STDERR  ] 2017-06-29T00:06:27.726225839Z: [   10.232913] SGI XFS with ACLs, security attributes, no debug enabled
[STDERR  ] 2017-06-29T00:06:27.726231949Z: [   10.235336] 9p: Installing v9fs 9p2000 file system support
[STDERR  ] 2017-06-29T00:06:27.726251382Z: [   10.235748] FS-Cache: Netfs '9p' registered for caching
[STDERR  ] 2017-06-29T00:06:27.726258335Z: [   10.237308] Key type big_key registered
[STDERR  ] 2017-06-29T00:06:27.726277027Z: [   10.271343] NET: Registered protocol family 38
[STDERR  ] 2017-06-29T00:06:27.726282839Z: [   10.271867] Key type asymmetric registered
[STDERR  ] 2017-06-29T00:06:27.726305575Z: [   10.272181] Asymmetric key parser 'x509' registered
[STDERR  ] 2017-06-29T00:06:27.726312628Z: [   10.272877] Block layer SCSI generic (bsg) driver version 0.4 loaded (major 251)
[STDERR  ] 2017-06-29T00:06:27.726324496Z: [   10.274077] io scheduler noop registered
[STDERR  ] 2017-06-29T00:06:27.726344369Z: [   10.274395] io scheduler deadline registered (default)
[STDERR  ] 2017-06-29T00:06:27.726357648Z: [   10.274954] io scheduler cfq registered
[STDERR  ] 2017-06-29T00:06:27.72636454Z: [   10.277414] pci_hotplug: PCI Hot Plug PCI Core version: 0.5
[STDERR  ] 2017-06-29T00:06:27.726383482Z: [   10.277958] pciehp: PCI Express Hot Plug Controller Driver version: 0.4
[STDERR  ] 2017-06-29T00:06:27.726398241Z: [   10.278715] shpchp: Standard Hot Plug PCI Controller Driver version: 0.4
[STDERR  ] 2017-06-29T00:06:27.726418661Z: [   10.279526] hv_vmbus: registering driver hyperv_fb
[STDERR  ] 2017-06-29T00:06:27.726434924Z: [   10.283502] input: Power Button as /devices/LNXSYSTM:00/LNXPWRBN:00/input/input0
[STDERR  ] 2017-06-29T00:06:27.726447819Z: [   10.284489] ACPI: Power Button [PWRF]
[STDERR  ] 2017-06-29T00:06:27.726455369Z: [   10.288871] GHES: HEST is not enabled!
[STDERR  ] 2017-06-29T00:06:27.72647579Z: [   10.302585] ACPI: PCI Interrupt Link [GSIH] enabled at IRQ 23
[STDERR  ] 2017-06-29T00:06:27.726496676Z: [   10.308276] xenfs: not registering filesystem on non-xen platform
[STDERR  ] 2017-06-29T00:06:27.726515112Z: [   10.310683] Serial: 8250/16550 driver, 4 ports, IRQ sharing disabled
[STDERR  ] 2017-06-29T00:06:27.72652169Z: [   10.336888] 00:04: ttyS0 at I/O 0x3f8 (irq = 4, base_baud = 115200) is a 16550A
[STDERR  ] 2017-06-29T00:06:27.726542354Z: [   10.346479] Non-volatile memory driver v1.3
[STDERR  ] 2017-06-29T00:06:27.726555934Z: [   10.352991] Hangcheck: starting hangcheck timer 0.9.1 (tick is 180 seconds, margin is 60 seconds).
[STDERR  ] 2017-06-29T00:06:27.726569549Z: [   10.358323] random: nonblocking pool is initialized
[STDERR  ] 2017-06-29T00:06:27.726582589Z: [   10.391262] loop: module loaded
[STDERR  ] 2017-06-29T00:06:27.726595807Z: [   10.402381] nbd: registered device at major 43
[STDERR  ] 2017-06-29T00:06:27.726602869Z: [   10.438411] lpc_ich 0000:00:1f.0: I/O space for GPIO uninitialized
[STDERR  ] 2017-06-29T00:06:27.726615268Z: [   10.440016] VMware PVSCSI driver - version 1.0.5.0-k
[STDERR  ] 2017-06-29T00:06:27.726636092Z: [   10.440882] hv_vmbus: registering driver hv_storvsc
[STDERR  ] 2017-06-29T00:06:27.726649433Z: [   10.449469] ACPI: PCI Interrupt Link [GSIA] enabled at IRQ 16
[STDERR  ] 2017-06-29T00:06:27.726662783Z: [   10.454992] ahci 0000:00:1f.2: AHCI 0001.0000 32 slots 6 ports 1.5 Gbps 0x3f impl SATA mode
[STDERR  ] 2017-06-29T00:06:27.726670278Z: [   10.455582] ahci 0000:00:1f.2: flags: 64bit ncq only 
[STDERR  ] 2017-06-29T00:06:27.72668266Z: [   10.474817] scsi host0: ahci
[STDERR  ] 2017-06-29T00:06:27.726703167Z: [   10.479111] scsi host1: ahci
[STDERR  ] 2017-06-29T00:06:27.726715994Z: [   10.480169] scsi host2: ahci
[STDERR  ] 2017-06-29T00:06:27.726731008Z: [   10.480169] scsi host3: ahci
[STDERR  ] 2017-06-29T00:06:27.726738054Z: [   10.480169] scsi host4: ahci
[STDERR  ] 2017-06-29T00:06:27.726750204Z: [   10.491832] scsi host5: ahci
[STDERR  ] 2017-06-29T00:06:27.726770438Z: [   10.494523] ata1: SATA max UDMA/133 abar m4096@0xfebf1000 port 0xfebf1100 irq 24
[STDERR  ] 2017-06-29T00:06:27.726787395Z: [   10.495060] ata2: SATA max UDMA/133 abar m4096@0xfebf1000 port 0xfebf1180 irq 24
[STDERR  ] 2017-06-29T00:06:27.726803455Z: [   10.495509] ata3: SATA max UDMA/133 abar m4096@0xfebf1000 port 0xfebf1200 irq 24
[STDERR  ] 2017-06-29T00:06:27.726818388Z: [   10.495950] ata4: SATA max UDMA/133 abar m4096@0xfebf1000 port 0xfebf1280 irq 24
[STDERR  ] 2017-06-29T00:06:27.726831463Z: [   10.496393] ata5: SATA max UDMA/133 abar m4096@0xfebf1000 port 0xfebf1300 irq 24
[STDERR  ] 2017-06-29T00:06:27.726838424Z: [   10.496758] ata6: SATA max UDMA/133 abar m4096@0xfebf1000 port 0xfebf1380 irq 24
[STDERR  ] 2017-06-29T00:06:27.726850362Z: [   10.514082] tun: Universal TUN/TAP device driver, 1.6
[STDERR  ] 2017-06-29T00:06:27.726869876Z: [   10.514458] tun: (C) 1999-2004 Max Krasnyansky <maxk@qualcomm.com>
[STDERR  ] 2017-06-29T00:06:27.726876891Z: [   10.516487] VMware vmxnet3 virtual NIC driver - version 1.4.5.0-k-NAPI
[STDERR  ] 2017-06-29T00:06:27.726888635Z: [   10.517479] hv_vmbus: registering driver hv_netvsc
[STDERR  ] 2017-06-29T00:06:27.726908152Z: [   10.517790] Fusion MPT base driver 3.04.20
[STDERR  ] 2017-06-29T00:06:27.726922413Z: [   10.518059] Copyright (c) 1999-2008 LSI Corporation
[STDERR  ] 2017-06-29T00:06:27.726947782Z: [   10.518704] Fusion MPT SPI Host driver 3.04.20
[STDERR  ] 2017-06-29T00:06:27.726966653Z: [   10.522303] i8042: PNP: PS/2 Controller [PNP0303:KBD,PNP0f13:MOU] at 0x60,0x64 irq 1,12
[STDERR  ] 2017-06-29T00:06:27.726974245Z: [   10.527931] serio: i8042 KBD port at 0x60,0x64 irq 1
[STDERR  ] 2017-06-29T00:06:27.726992942Z: [   10.528621] serio: i8042 AUX port at 0x60,0x64 irq 12
[STDERR  ] 2017-06-29T00:06:27.727005729Z: [   10.532689] hv_vmbus: registering driver hyperv_keyboard
[STDERR  ] 2017-06-29T00:06:27.727011751Z: [   10.536728] mousedev: PS/2 mouse device common for all mice
[STDERR  ] 2017-06-29T00:06:27.727031871Z: [   10.544214] input: AT Translated Set 2 keyboard as /devices/platform/i8042/serio0/input/input1
[STDERR  ] 2017-06-29T00:06:27.727042639Z: [   10.548360] input: PC Speaker as /devices/platform/pcspkr/input/input2
[STDERR  ] 2017-06-29T00:06:27.727055057Z: [   10.553683] rtc_cmos 00:00: RTC can wake from S4
[STDERR  ] 2017-06-29T00:06:27.727078447Z: [   10.556793] rtc_cmos 00:00: rtc core: registered rtc_cmos as rtc0
[STDERR  ] 2017-06-29T00:06:27.72709152Z: [   10.557953] rtc_cmos 00:00: alarms up to one day, y3k, 114 bytes nvram, hpet irqs
[STDERR  ] 2017-06-29T00:06:27.727104643Z: [   10.558625] i2c /dev entries driver
[STDERR  ] 2017-06-29T00:06:27.727117933Z: [   10.560626] device-mapper: ioctl: 4.34.0-ioctl (2015-10-28) initialised: dm-devel@redhat.com
[STDERR  ] 2017-06-29T00:06:27.72713154Z: [   10.565924] usbcore: registered new interface driver usbhid
[STDERR  ] 2017-06-29T00:06:27.7271445Z: [   10.566284] usbhid: USB HID core driver
[STDERR  ] 2017-06-29T00:06:27.727161494Z: [   10.566849] hv_utils: Registering HyperV Utility Driver
[STDERR  ] 2017-06-29T00:06:27.727174931Z: [   10.567173] hv_vmbus: registering driver hv_util
[STDERR  ] 2017-06-29T00:06:27.727187575Z: [   10.567467] hv_vmbus: registering driver hv_balloon
[STDERR  ] 2017-06-29T00:06:27.727200407Z: [   10.567960] oprofile: using NMI interrupt.
[STDERR  ] 2017-06-29T00:06:27.727213197Z: [   10.568944] GACT probability on
[STDERR  ] 2017-06-29T00:06:27.727225927Z: [   10.569317] Mirror/redirect action on
[STDERR  ] 2017-06-29T00:06:27.727238525Z: [   10.569699] Simple TC action Loaded
[STDERR  ] 2017-06-29T00:06:27.727251247Z: [   10.570010] u32 classifier
[STDERR  ] 2017-06-29T00:06:27.727258238Z: [   10.570359]     Performance counters on
[STDERR  ] 2017-06-29T00:06:27.727276874Z: [   10.570599]     input device check on
[STDERR  ] 2017-06-29T00:06:27.727291952Z: [   10.570816]     Actions configured
[STDERR  ] 2017-06-29T00:06:27.727298276Z: [   10.571563] Netfilter messages via NETLINK v0.30.
[STDERR  ] 2017-06-29T00:06:27.727322748Z: [   10.572050] nfnl_acct: registering with nfnetlink.
[STDERR  ] 2017-06-29T00:06:27.727330333Z: [   10.572940] nf_conntrack version 0.5.0 (7922 buckets, 31688 max)
[STDERR  ] 2017-06-29T00:06:27.727348623Z: [   10.576416] ctnetlink v0.93: registering with nfnetlink.
[STDERR  ] 2017-06-29T00:06:27.727404546Z: [   10.579583] nf_tables: (c) 2007-2009 Patrick McHardy <kaber@trash.net>
[STDERR  ] 2017-06-29T00:06:27.727415691Z: [   10.580650] nf_tables_compat: (c) 2012 Pablo Neira Ayuso <pablo@netfilter.org>
[STDERR  ] 2017-06-29T00:06:27.727442463Z: [   10.583789] xt_time: kernel timezone is -0000
[STDERR  ] 2017-06-29T00:06:27.727455181Z: [   10.584280] ip_set: protocol 6
[STDERR  ] 2017-06-29T00:06:27.727468428Z: [   10.584956] IPVS: Registered protocols (TCP, UDP, SCTP, AH, ESP)
[STDERR  ] 2017-06-29T00:06:27.727481811Z: [   10.585486] IPVS: Connection hash table configured (size=4096, memory=64Kbytes)
[STDERR  ] 2017-06-29T00:06:27.727488744Z: [   10.587120] IPVS: Creating netns size=2096 id=0
[STDERR  ] 2017-06-29T00:06:27.727500445Z: [   10.587936] IPVS: ipvs loaded.
[STDERR  ] 2017-06-29T00:06:27.727519844Z: [   10.588247] IPVS: [rr] scheduler registered.
[STDERR  ] 2017-06-29T00:06:27.727532806Z: [   10.588550] IPVS: [wrr] scheduler registered.
[STDERR  ] 2017-06-29T00:06:27.727545344Z: [   10.588833] IPVS: [lc] scheduler registered.
[STDERR  ] 2017-06-29T00:06:27.727552416Z: [   10.589240] IPVS: [wlc] scheduler registered.
[STDERR  ] 2017-06-29T00:06:27.72757888Z: [   10.589531] IPVS: [fo] scheduler registered.
[STDERR  ] 2017-06-29T00:06:27.727590998Z: [   10.589809] IPVS: [ovf] scheduler registered.
[STDERR  ] 2017-06-29T00:06:27.727597103Z: [   10.590352] IPVS: [lblc] scheduler registered.
[STDERR  ] 2017-06-29T00:06:27.727620722Z: [   10.590754] IPVS: [lblcr] scheduler registered.
[STDERR  ] 2017-06-29T00:06:27.727627317Z: [   10.591059] IPVS: [dh] scheduler registered.
[STDERR  ] 2017-06-29T00:06:27.727638929Z: [   10.591324] IPVS: [sh] scheduler registered.
[STDERR  ] 2017-06-29T00:06:27.727657929Z: [   10.591601] IPVS: [sed] scheduler registered.
[STDERR  ] 2017-06-29T00:06:27.727670242Z: [   10.591877] IPVS: [nq] scheduler registered.
[STDERR  ] 2017-06-29T00:06:27.727683186Z: [   10.592518] IPVS: ftp: loaded support on port[0] = 21
[STDERR  ] 2017-06-29T00:06:27.727700755Z: [   10.593231] ipip: IPv4 over IPv4 tunneling driver
[STDERR  ] 2017-06-29T00:06:27.727713848Z: [   10.597267] gre: GRE over IPv4 demultiplexor driver
[STDERR  ] 2017-06-29T00:06:27.727725616Z: [   10.599827] ip_tables: (C) 2000-2006 Netfilter Core Team
[STDERR  ] 2017-06-29T00:06:27.727738695Z: [   10.602867] ipt_CLUSTERIP: ClusterIP Version 0.8 loaded successfully
[STDERR  ] 2017-06-29T00:06:27.727751469Z: [   10.603506] arp_tables: (C) 2002 David S. Miller
[STDERR  ] 2017-06-29T00:06:27.727763979Z: [   10.605454] NET: Registered protocol family 10
[STDERR  ] 2017-06-29T00:06:27.727776581Z: [   10.613525] ip6_tables: (C) 2000-2006 Netfilter Core Team
[STDERR  ] 2017-06-29T00:06:27.727793951Z: [   10.616683] NET: Registered protocol family 17
[STDERR  ] 2017-06-29T00:06:27.727801316Z: [   10.617599] bridge: automatic filtering via arp/ip/ip6tables has been deprecated. Update your scripts to load br_netfilter if you need this.
[STDERR  ] 2017-06-29T00:06:27.727821382Z: [   10.618433] Bridge firewalling registered
[STDERR  ] 2017-06-29T00:06:27.727836346Z: [   10.618958] Ebtables v2.0 registered
[STDERR  ] 2017-06-29T00:06:27.727842472Z: [   10.620872] 8021q: 802.1Q VLAN Support v1.8
[STDERR  ] 2017-06-29T00:06:27.727861214Z: [   10.622208] 9pnet: Installing 9P2000 support
[STDERR  ] 2017-06-29T00:06:27.72787425Z: [   10.623708] Key type dns_resolver registered
[STDERR  ] 2017-06-29T00:06:27.727892981Z: [   10.624376] hv_sock: failed to load: VMBus 4 or later is required
[STDERR  ] 2017-06-29T00:06:27.727907685Z: [   10.624914] microcode: AMD CPU family 0x6 not supported
[STDERR  ] 2017-06-29T00:06:27.727925527Z: [   10.628522] registered taskstats version 1
[STDERR  ] 2017-06-29T00:06:27.727932195Z: [   10.794350] Key type encrypted registered
[STDERR  ] 2017-06-29T00:06:27.727952306Z: [   10.799233] rtc_cmos 00:00: setting system clock to 2017-06-29 00:05:51 UTC (1498694751)
[STDERR  ] 2017-06-29T00:06:27.727965393Z: [   10.850850] ata1: SATA link down (SStatus 0 SControl 300)
[STDERR  ] 2017-06-29T00:06:27.727978396Z: [   10.852655] ata2: SATA link down (SStatus 0 SControl 300)
[STDERR  ] 2017-06-29T00:06:27.727985336Z: [   10.860331] ata4: SATA link down (SStatus 0 SControl 300)
[STDERR  ] 2017-06-29T00:06:27.728003674Z: [   10.860779] ata5: SATA link down (SStatus 0 SControl 300)
[STDERR  ] 2017-06-29T00:06:27.728015792Z: [   10.861210] ata6: SATA link down (SStatus 0 SControl 300)
[STDERR  ] 2017-06-29T00:06:27.728021654Z: [   10.861878] ata3: SATA link up 1.5 Gbps (SStatus 113 SControl 300)
[STDERR  ] 2017-06-29T00:06:27.72803951Z: [   10.865328] ata3.00: ATAPI: QEMU DVD-ROM, 2.5+, max UDMA/100
[STDERR  ] 2017-06-29T00:06:27.72805054Z: [   10.865768] ata3.00: applying bridge limits
[STDERR  ] 2017-06-29T00:06:27.728062116Z: [   10.867425] ata3.00: configured for UDMA/100
[STDERR  ] 2017-06-29T00:06:27.728074939Z: [   10.878725] scsi 2:0:0:0: CD-ROM            QEMU     QEMU DVD-ROM     2.5+ PQ: 0 ANSI: 5
[STDERR  ] 2017-06-29T00:06:27.72808822Z: [   10.892668] sr 2:0:0:0: [sr0] scsi3-mmc drive: 4x/4x cd/rw xa/form2 tray
[STDERR  ] 2017-06-29T00:06:27.728100779Z: [   10.893244] cdrom: Uniform CD-ROM driver Revision: 3.20
[STDERR  ] 2017-06-29T00:06:27.728113049Z: [   10.898815] sr 2:0:0:0: Attached scsi generic sg0 type 5
[STDERR  ] 2017-06-29T00:06:27.728124985Z: [   11.031752] Freeing unused kernel memory: 1292K (ffffffff9ed37000 - ffffffff9ee7a000)
[STDERR  ] 2017-06-29T00:06:27.728138006Z: [   11.032343] Write protecting the kernel read-only data: 12288k
[STDERR  ] 2017-06-29T00:06:27.728162998Z: [   11.049574] Freeing unused kernel memory: 580K (ffff88001e76f000 - ffff88001e800000)
[STDERR  ] 2017-06-29T00:06:27.728169639Z: [   11.197698] Freeing unused kernel memory: 1400K (ffff88001eaa2000 - ffff88001ec00000)
[STDERR  ] 2017-06-29T00:06:27.728181321Z: [   11.198406] tsc: Refined TSC clocksource calibration: 2300.037 MHz
[STDERR  ] 2017-06-29T00:06:27.728201566Z: [   11.198795] clocksource: tsc: mask: 0xffffffffffffffff max_cycles: 0x21275849845, max_idle_ns: 440795280423 ns
[STDERR  ] 2017-06-29T00:06:27.728209157Z: [   12.200917] clocksource: Switched to clocksource tsc
[STDERR  ] 2017-06-29T00:06:27.728233804Z: [   17.383902] e1000: Intel(R) PRO/1000 Network Driver - version 7.3.21-k8-NAPI
[STDERR  ] 2017-06-29T00:06:27.728240266Z: [   17.384359] e1000: Copyright (c) 1999-2006 Intel Corporation.
[STDERR  ] 2017-06-29T00:06:27.728265064Z: [   17.402368] ACPI: PCI Interrupt Link [GSIG] enabled at IRQ 22
[STDERR  ] 2017-06-29T00:06:27.728278744Z: [   17.715934] e1000 0000:00:02.0 eth0: (PCI:33MHz:32-bit) 52:54:00:12:34:56
[STDERR  ] 2017-06-29T00:06:27.728294223Z: [   17.716591] e1000 0000:00:02.0 eth0: Intel(R) PRO/1000 Network Connection
[STDERR  ] 2017-06-29T00:06:27.72830705Z: 
[STDERR  ] 2017-06-29T00:06:27.728320073Z: Starting containerd
[STDERR  ] 2017-06-29T00:06:27.728332483Z: 
[STDERR  ] 2017-06-29T00:06:27.728344799Z: Welcome to LinuxKit
[STDERR  ] 2017-06-29T00:06:27.72835766Z: 
[STDERR  ] 2017-06-29T00:06:27.728364392Z:                         ##         .
[STDERR  ] 2017-06-29T00:06:27.728383774Z:                   ## ## ##        ==
[STDERR  ] 2017-06-29T00:06:27.728401986Z:                ## ## ## ## ##    ===
[STDERR  ] 2017-06-29T00:06:27.728414932Z:            /"""""""""""""""""\___/ ===
[STDERR  ] 2017-06-29T00:06:27.728432163Z:           {                       /  ===-
[STDERR  ] 2017-06-29T00:06:27.72844593Z:            \______ O           __/
[STDERR  ] 2017-06-29T00:06:27.728458975Z:              \    \         __/
[STDERR  ] 2017-06-29T00:06:27.728471113Z:               \____\_______/
[STDERR  ] 2017-06-29T00:06:27.728476999Z: 
[STDERR  ] 2017-06-29T00:06:27.728497912Z: [34mINFO[0m[0000] starting containerd boot...                   [34mmodule[0m=containerd
[STDERR  ] 2017-06-29T00:06:27.728504858Z: [34mINFO[0m[0000] loading plugin "io.containerd.content.v1.content"...  [34mmodule[0m=containerd [34mtype[0m=io.containerd.content.v1
[STDERR  ] 2017-06-29T00:06:27.72851701Z: [34mINFO[0m[0000] skip loading plugin "io.containerd.snapshotter.v1.btrfs"...  [34mmodule[0m=containerd [34mtype[0m=io.containerd.snapshotter.v1
[STDERR  ] 2017-06-29T00:06:27.728536835Z: [34mINFO[0m[0000] loading plugin "io.containerd.snapshotter.v1.overlayfs"...  [34mmodule[0m=containerd [34mtype[0m=io.containerd.snapshotter.v1
[STDERR  ] 2017-06-29T00:06:27.728542926Z: [34mINFO[0m[0000] loading plugin "io.containerd.differ.v1.base-diff"...  [34mmodule[0m=containerd [34mtype[0m=io.containerd.differ.v1
[STDERR  ] 2017-06-29T00:06:27.728553928Z: [34mINFO[0m[0000] loading plugin "io.containerd.metadata.v1.bolt"...  [34mmodule[0m=containerd [34mtype[0m=io.containerd.metadata.v1
[STDERR  ] 2017-06-29T00:06:27.728574638Z: [34mINFO[0m[0000] loading plugin "io.containerd.grpc.v1.containers"...  [34mmodule[0m=containerd [34mtype[0m=io.containerd.grpc.v1
[STDERR  ] 2017-06-29T00:06:27.728581526Z: [34mINFO[0m[0000] loading plugin "io.containerd.grpc.v1.content"...  [34mmodule[0m=containerd [34mtype[0m=io.containerd.grpc.v1
[STDERR  ] 2017-06-29T00:06:27.728605706Z: [34mINFO[0m[0000] loading plugin "io.containerd.grpc.v1.diff"...  [34mmodule[0m=containerd [34mtype[0m=io.containerd.grpc.v1
[STDERR  ] 2017-06-29T00:06:27.728617644Z: [34mINFO[0m[0000] loading plugin "io.containerd.grpc.v1.events"...  [34mmodule[0m=containerd [34mtype[0m=io.containerd.grpc.v1
[STDERR  ] 2017-06-29T00:06:27.72864413Z: [34mINFO[0m[0000] loading plugin "io.containerd.grpc.v1.healthcheck"...  [34mmodule[0m=containerd [34mtype[0m=io.containerd.grpc.v1
[STDERR  ] 2017-06-29T00:06:27.728651005Z: [34mINFO[0m[0000] loading plugin "io.containerd.grpc.v1.images"...  [34mmodule[0m=containerd [34mtype[0m=io.containerd.grpc.v1
[STDERR  ] 2017-06-29T00:06:27.728667191Z: [34mINFO[0m[0000] loading plugin "io.containerd.grpc.v1.namespaces"...  [34mmodule[0m=containerd [34mtype[0m=io.containerd.grpc.v1
[STDERR  ] 2017-06-29T00:06:27.728686935Z: [34mINFO[0m[0000] loading plugin "io.containerd.grpc.v1.snapshots"...  [34mmodule[0m=containerd [34mtype[0m=io.containerd.grpc.v1
[STDERR  ] 2017-06-29T00:06:27.72871314Z: [34mINFO[0m[0000] loading plugin "io.containerd.monitor.v1.cgroups"...  [34mmodule[0m=containerd [34mtype[0m=io.containerd.monitor.v1
[STDERR  ] 2017-06-29T00:06:27.728834287Z: [34mINFO[0m[0000] loading plugin "io.containerd.runtime.v1.linux"...  [34mmodule[0m=containerd [34mtype[0m=io.containerd.runtime.v1
[STDERR  ] 2017-06-29T00:06:27.72884915Z: [34mINFO[0m[0000] loading plugin "io.containerd.grpc.v1.tasks"...  [34mmodule[0m=containerd [34mtype[0m=io.containerd.grpc.v1
[STDERR  ] 2017-06-29T00:06:27.728864823Z: [34mINFO[0m[0000] loading plugin "io.containerd.grpc.v1.version"...  [34mmodule[0m=containerd [34mtype[0m=io.containerd.grpc.v1
[STDERR  ] 2017-06-29T00:06:27.728877491Z: [34mINFO[0m[0000] serving...                                    [34maddress[0m="/run/containerd/debug.sock" [34mmodule[0m="containerd/debug"
[STDERR  ] 2017-06-29T00:06:27.72889194Z: [34mINFO[0m[0000] serving...                                    [34maddress[0m="/run/containerd/containerd.sock" [34mmodule[0m="containerd/grpc"
[STDERR  ] 2017-06-29T00:06:27.728905061Z: [34mINFO[0m[0000] containerd successfully booted in 0.171409s   [34mmodule[0m=containerd
[STDERR  ] 2017-06-29T00:06:27.72891791Z: starting kernel config sanity test with /proc/config.gz
[STDERR  ] 2017-06-29T00:06:27.72892568Z: [   24.912926] RPC: Registered named UNIX socket transport module.
[STDERR  ] 2017-06-29T00:06:27.728938204Z: [   24.913405] RPC: Registered udp transport module.
[STDERR  ] 2017-06-29T00:06:27.728957959Z: [   24.913686] RPC: Registered tcp transport module.
[STDERR  ] 2017-06-29T00:06:27.728965009Z: [   24.913959] RPC: Registered tcp NFSv4.1 backchannel transport module.
[STDERR  ] 2017-06-29T00:06:27.728976912Z: [   25.021634] FS-Cache: Netfs 'nfs' registered for caching
[STDERR  ] 2017-06-29T00:06:27.728996757Z: [   25.134264] Installing knfsd (copyright (C) 1996 okir@monad.swb.de).
[STDERR  ] 2017-06-29T00:06:27.72900987Z: [   25.194586] ntfs: driver 2.1.32 [Flags: R/O MODULE].
[STDERR  ] 2017-06-29T00:06:27.729016347Z: kernel config test succeeded!
[STDERR  ] 2017-06-29T00:06:27.729034425Z: [37minfo: reading kernel config from /proc/config.gz ...[m
[STDERR  ] 2017-06-29T00:06:27.72904684Z: 
[STDERR  ] 2017-06-29T00:06:27.729052972Z: Generally Necessary:
[STDERR  ] 2017-06-29T00:06:27.729071744Z: - [37mcgroup hierarchy[m: [32mproperly mounted[m [/sys/fs/cgroup]
[STDERR  ] 2017-06-29T00:06:27.729088629Z: - [37mCONFIG_NAMESPACES[m: [32menabled[m
[STDERR  ] 2017-06-29T00:06:27.729103786Z: - [37mCONFIG_NET_NS[m: [32menabled[m
[STDERR  ] 2017-06-29T00:06:27.72911795Z: - [37mCONFIG_PID_NS[m: [32menabled[m
[STDERR  ] 2017-06-29T00:06:27.729130682Z: - [37mCONFIG_IPC_NS[m: [32menabled[m
[STDERR  ] 2017-06-29T00:06:27.72914393Z: - [37mCONFIG_UTS_NS[m: [32menabled[m
[STDERR  ] 2017-06-29T00:06:27.729152351Z: - [37mCONFIG_CGROUPS[m: [32menabled[m
[STDERR  ] 2017-06-29T00:06:27.729166431Z: - [37mCONFIG_CGROUP_CPUACCT[m: [32menabled[m
[STDERR  ] 2017-06-29T00:06:27.729189706Z: - [37mCONFIG_CGROUP_DEVICE[m: [32menabled[m
[STDERR  ] 2017-06-29T00:06:27.729196174Z: - [37mCONFIG_CGROUP_FREEZER[m: [32menabled[m
[STDERR  ] 2017-06-29T00:06:27.729221601Z: - [37mCONFIG_CGROUP_SCHED[m: [32menabled[m
[STDERR  ] 2017-06-29T00:06:27.72922962Z: - [37mCONFIG_CPUSETS[m: [32menabled[m
[STDERR  ] 2017-06-29T00:06:27.729249677Z: - [37mCONFIG_MEMCG[m: [32menabled[m
[STDERR  ] 2017-06-29T00:06:27.729262896Z: - [37mCONFIG_KEYS[m: [32menabled[m
[STDERR  ] 2017-06-29T00:06:27.729269612Z: - [37mCONFIG_VETH[m: [32menabled[m
[STDERR  ] 2017-06-29T00:06:27.729288305Z: - [37mCONFIG_BRIDGE[m: [32menabled[m
[STDERR  ] 2017-06-29T00:06:27.729302134Z: - [37mCONFIG_BRIDGE_NETFILTER[m: [32menabled[m
[STDERR  ] 2017-06-29T00:06:27.729316506Z: - [37mCONFIG_NF_NAT_IPV4[m: [32menabled[m
[STDERR  ] 2017-06-29T00:06:27.729322353Z: - [37mCONFIG_IP_NF_FILTER[m: [32menabled[m
[STDERR  ] 2017-06-29T00:06:27.729345652Z: - [37mCONFIG_IP_NF_TARGET_MASQUERADE[m: [32menabled[m
[STDERR  ] 2017-06-29T00:06:27.72936421Z: - [37mCONFIG_NETFILTER_XT_MATCH_ADDRTYPE[m: [32menabled[m
[STDERR  ] 2017-06-29T00:06:27.729378657Z: - [37mCONFIG_NETFILTER_XT_MATCH_CONNTRACK[m: [32menabled[m
[STDERR  ] 2017-06-29T00:06:27.729385068Z: - [37mCONFIG_NETFILTER_XT_MATCH_IPVS[m: [32menabled[m
[STDERR  ] 2017-06-29T00:06:27.729409995Z: - [37mCONFIG_IP_NF_NAT[m: [32menabled[m
[STDERR  ] 2017-06-29T00:06:27.729416263Z: - [37mCONFIG_NF_NAT[m: [32menabled[m
[STDERR  ] 2017-06-29T00:06:27.729437764Z: - [37mCONFIG_NF_NAT_NEEDED[m: [32menabled[m
[STDERR  ] 2017-06-29T00:06:27.729450748Z: - [37mCONFIG_POSIX_MQUEUE[m: [32menabled[m
[STDERR  ] 2017-06-29T00:06:27.729469886Z: - [37mCONFIG_DEVPTS_MULTIPLE_INSTANCES[m: [32menabled[m
[STDERR  ] 2017-06-29T00:06:27.72948322Z: 
[STDERR  ] 2017-06-29T00:06:27.729496139Z: Optional Features:
[STDERR  ] 2017-06-29T00:06:27.729511312Z: - [37mCONFIG_USER_NS[m: [32menabled[m
[STDERR  ] 2017-06-29T00:06:27.72952488Z: - [37mCONFIG_SECCOMP[m: [32menabled[m
[STDERR  ] 2017-06-29T00:06:27.729533306Z: - [37mCONFIG_CGROUP_PIDS[m: [32menabled[m
[STDERR  ] 2017-06-29T00:06:27.729544859Z: - [37mCONFIG_MEMCG_SWAP[m: [32menabled[m
[STDERR  ] 2017-06-29T00:06:27.729569009Z: - [37mCONFIG_MEMCG_SWAP_ENABLED[m: [32menabled[m
[STDERR  ] 2017-06-29T00:06:27.72958257Z:     [1;30m(cgroup swap accounting is currently enabled)[m
[STDERR  ] 2017-06-29T00:06:27.729600332Z: - [1mCONFIG_LEGACY_VSYSCALL_NONE[m: [1;31menabled[m
[STDERR  ] 2017-06-29T00:06:27.729614452Z:     [1;30m(containers using eglibc <= 2.13 will not work. Switch to[m
[STDERR  ] 2017-06-29T00:06:27.729629301Z:     [1;30m "CONFIG_VSYSCALL_[NATIVE|EMULATE]" or use "vsyscall=[native|emulate]"[m
[STDERR  ] 2017-06-29T00:06:27.729642113Z:     [1;30m on kernel command line. Note that this will disable ASLR for the,[m
[STDERR  ] 2017-06-29T00:06:27.729656364Z:     [1;30m VDSO which may assist in exploiting security vulnerabilities.)[m
[STDERR  ] 2017-06-29T00:06:27.729664462Z: - [37mCONFIG_MEMCG_KMEM[m: [32menabled[m
[STDERR  ] 2017-06-29T00:06:27.729676366Z: - [37mCONFIG_BLK_CGROUP[m: [32menabled[m
[STDERR  ] 2017-06-29T00:06:27.729700717Z: - [37mCONFIG_BLK_DEV_THROTTLING[m: [32menabled[m
[STDERR  ] 2017-06-29T00:06:27.729708431Z: - [37mCONFIG_IOSCHED_CFQ[m: [32menabled[m
[STDERR  ] 2017-06-29T00:06:27.729730533Z: - [37mCONFIG_CFQ_GROUP_IOSCHED[m: [32menabled[m
[STDERR  ] 2017-06-29T00:06:27.729756072Z: - [37mCONFIG_CGROUP_PERF[m: [32menabled[m
[STDERR  ] 2017-06-29T00:06:27.729770373Z: - [37mCONFIG_CGROUP_HUGETLB[m: [32menabled[m
[STDERR  ] 2017-06-29T00:06:27.729784046Z: - [37mCONFIG_NET_CLS_CGROUP[m: [32menabled[m
[STDERR  ] 2017-06-29T00:06:27.729796872Z: - [37mCONFIG_CGROUP_NET_PRIO[m: [32menabled[m
[STDERR  ] 2017-06-29T00:06:27.729803802Z: - [37mCONFIG_CFS_BANDWIDTH[m: [32menabled[m
[STDERR  ] 2017-06-29T00:06:27.729818434Z: - [37mCONFIG_FAIR_GROUP_SCHED[m: [32menabled[m
[STDERR  ] 2017-06-29T00:06:27.729837961Z: - [37mCONFIG_RT_GROUP_SCHED[m: [32menabled[m
[STDERR  ] 2017-06-29T00:06:27.729859382Z: - [37mCONFIG_IP_VS[m: [32menabled[m
[STDERR  ] 2017-06-29T00:06:27.729867494Z: - [37mCONFIG_IP_VS_NFCT[m: [32menabled[m
[STDERR  ] 2017-06-29T00:06:27.729893061Z: - [37mCONFIG_IP_VS_RR[m: [32menabled[m
[STDERR  ] 2017-06-29T00:06:27.729901204Z: - [37mCONFIG_EXT4_FS[m: [32menabled[m
[STDERR  ] 2017-06-29T00:06:27.729919948Z: - [37mCONFIG_EXT4_FS_POSIX_ACL[m: [32menabled[m
[STDERR  ] 2017-06-29T00:06:27.729928446Z: - [37mCONFIG_EXT4_FS_SECURITY[m: [32menabled[m
[STDERR  ] 2017-06-29T00:06:27.729940611Z: - Network Drivers:
[STDERR  ] 2017-06-29T00:06:27.729960778Z:   - "[34moverlay[m":
[STDERR  ] 2017-06-29T00:06:27.729974919Z:     - [37mCONFIG_VXLAN[m: [32menabled[m
[STDERR  ] 2017-06-29T00:06:27.729981806Z:       Optional (for encrypted networks):
[STDERR  ] 2017-06-29T00:06:27.729993655Z:       - [37mCONFIG_CRYPTO[m: [32menabled[m
[STDERR  ] 2017-06-29T00:06:27.730015207Z:       - [37mCONFIG_CRYPTO_AEAD[m: [32menabled[m
[STDERR  ] 2017-06-29T00:06:27.730035533Z:       - [37mCONFIG_CRYPTO_GCM[m: [32menabled[m
[STDERR  ] 2017-06-29T00:06:27.730051635Z:       - [37mCONFIG_CRYPTO_SEQIV[m: [32menabled[m
[STDERR  ] 2017-06-29T00:06:27.730065838Z:       - [37mCONFIG_CRYPTO_GHASH[m: [32menabled[m
[STDERR  ] 2017-06-29T00:06:27.730072477Z:       - [37mCONFIG_XFRM[m: [32menabled[m
[STDERR  ] 2017-06-29T00:06:27.730087436Z:       - [37mCONFIG_XFRM_USER[m: [32menabled (as module)[m
[STDERR  ] 2017-06-29T00:06:27.730107545Z:       - [37mCONFIG_XFRM_ALGO[m: [32menabled (as module)[m
[STDERR  ] 2017-06-29T00:06:27.730125056Z:       - [37mCONFIG_INET_ESP[m: [32menabled (as module)[m
[STDERR  ] 2017-06-29T00:06:27.730138168Z:       - [37mCONFIG_INET_XFRM_MODE_TRANSPORT[m: [32menabled (as module)[m
[STDERR  ] 2017-06-29T00:06:27.730158727Z:   - "[34mipvlan[m":
[STDERR  ] 2017-06-29T00:06:27.73017074Z:     - [37mCONFIG_IPVLAN[m: [32menabled[m
[STDERR  ] 2017-06-29T00:06:27.730184528Z:   - "[34mmacvlan[m":
[STDERR  ] 2017-06-29T00:06:27.730197407Z:     - [37mCONFIG_MACVLAN[m: [32menabled[m
[STDERR  ] 2017-06-29T00:06:27.730212011Z:     - [37mCONFIG_DUMMY[m: [32menabled (as module)[m
[STDERR  ] 2017-06-29T00:06:27.730227797Z:   - "[34mftp,tftp client in container[m":
[STDERR  ] 2017-06-29T00:06:27.730242882Z:     - [37mCONFIG_NF_NAT_FTP[m: [32menabled[m
[STDERR  ] 2017-06-29T00:06:27.730255092Z:     - [37mCONFIG_NF_CONNTRACK_FTP[m: [32menabled[m
[STDERR  ] 2017-06-29T00:06:27.730262944Z:     - [37mCONFIG_NF_NAT_TFTP[m: [32menabled[m
[STDERR  ] 2017-06-29T00:06:27.730282044Z:     - [37mCONFIG_NF_CONNTRACK_TFTP[m: [32menabled[m
[STDERR  ] 2017-06-29T00:06:27.730289074Z: - Storage Drivers:
[STDERR  ] 2017-06-29T00:06:27.730309192Z:   - "[34maufs[m":
[STDERR  ] 2017-06-29T00:06:27.730321971Z:     - [1mCONFIG_AUFS_FS[m: [1;31mmissing[m
[STDERR  ] 2017-06-29T00:06:27.730328712Z:   - "[34mbtrfs[m":
[STDERR  ] 2017-06-29T00:06:27.730350066Z:     - [37mCONFIG_BTRFS_FS[m: [32menabled (as module)[m
[STDERR  ] 2017-06-29T00:06:27.730363492Z:     - [37mCONFIG_BTRFS_FS_POSIX_ACL[m: [32menabled[m
[STDERR  ] 2017-06-29T00:06:27.730370496Z:   - "[34mdevicemapper[m":
[STDERR  ] 2017-06-29T00:06:27.730390355Z:     - [37mCONFIG_BLK_DEV_DM[m: [32menabled[m
[STDERR  ] 2017-06-29T00:06:27.730405506Z:     - [37mCONFIG_DM_THIN_PROVISIONING[m: [32menabled[m
[STDERR  ] 2017-06-29T00:06:27.730419369Z:   - "[34moverlay[m":
[STDERR  ] 2017-06-29T00:06:27.730437019Z:     - [37mCONFIG_OVERLAY_FS[m: [32menabled[m
[STDERR  ] 2017-06-29T00:06:27.730452693Z:   - "[34mzfs[m":
[STDERR  ] 2017-06-29T00:06:27.730464883Z:     - [1m/dev/zfs[m: [1;31mmissing[m
[STDERR  ] 2017-06-29T00:06:27.730493859Z:     - [1mzfs command[m: [1;31mmissing[m
[STDERR  ] 2017-06-29T00:06:27.73051243Z:     - [1mzpool command[m: [1;31mmissing[m
[STDERR  ] 2017-06-29T00:06:27.730525055Z: 
[STDERR  ] 2017-06-29T00:06:27.730540229Z: Limits:
[STDERR  ] 2017-06-29T00:06:27.730552552Z: [37m- /proc/sys/kernel/keys/root_maxkeys[m: [32m1000000[m
[STDERR  ] 2017-06-29T00:06:27.730567267Z: 
[STDERR  ] 2017-06-29T00:06:27.730579095Z: Kernel config test suite PASSED
[STDERR  ] 2017-06-29T00:06:27.730601855Z:  - 000-check-kernel-config
[STDERR  ] 2017-06-29T00:06:27.73062089Z: [   46.402210] ACPI: Preparing to enter system sleep state S5
[STDERR  ] 2017-06-29T00:06:27.730633285Z: [   46.404760] reboot: Power down
[STDERR  ] 2017-06-29T00:06:27.730639615Z: + echo [    0.000000] Initializing cgroup subsys cpuset
[STDERR  ] 2017-06-29T00:06:27.730663676Z: [    0.000000] Initializing cgroup subsys cpu
[STDERR  ] 2017-06-29T00:06:27.730676194Z: [    0.000000] Initializing cgroup subsys cpuacct
[STDERR  ] 2017-06-29T00:06:27.730689828Z: [    0.000000] Linux version 4.4.74-linuxkit (root@b147ce67977e) (gcc version 6.3.0 (Alpine 6.3.0) ) #1 SMP Tue Jun 27 15:11:59 UTC 2017
[STDERR  ] 2017-06-29T00:06:27.730698294Z: [    0.000000] Command line: console=ttyS0
[STDERR  ] 2017-06-29T00:06:27.730724168Z: [    0.000000] x86/fpu: Legacy x87 FPU detected.
[STDERR  ] 2017-06-29T00:06:27.730736759Z: [    0.000000] x86/fpu: Using 'lazy' FPU context switches.
[STDERR  ] 2017-06-29T00:06:27.730752668Z: [    0.000000] e820: BIOS-provided physical RAM map:
[STDERR  ] 2017-06-29T00:06:27.730765019Z: [    0.000000] BIOS-e820: [mem 0x0000000000000000-0x000000000009fbff] usable
[STDERR  ] 2017-06-29T00:06:27.730781168Z: [    0.000000] BIOS-e820: [mem 0x000000000009fc00-0x000000000009ffff] reserved
[STDERR  ] 2017-06-29T00:06:27.730793647Z: [    0.000000] BIOS-e820: [mem 0x00000000000f0000-0x00000000000fffff] reserved
[STDERR  ] 2017-06-29T00:06:27.730801268Z: [    0.000000] BIOS-e820: [mem 0x0000000000100000-0x000000003ffdefff] usable
[STDERR  ] 2017-06-29T00:06:27.730825846Z: [    0.000000] BIOS-e820: [mem 0x000000003ffdf000-0x000000003fffffff] reserved
[STDERR  ] 2017-06-29T00:06:27.730832246Z: [    0.000000] BIOS-e820: [mem 0x00000000b0000000-0x00000000bfffffff] reserved
[STDERR  ] 2017-06-29T00:06:27.730853493Z: [    0.000000] BIOS-e820: [mem 0x00000000fed1c000-0x00000000fed1ffff] reserved
[STDERR  ] 2017-06-29T00:06:27.730866374Z: [    0.000000] BIOS-e820: [mem 0x00000000fffc0000-0x00000000ffffffff] reserved
[STDERR  ] 2017-06-29T00:06:27.730876697Z: [    0.000000] NX (Execute Disable) protection: active
[STDERR  ] 2017-06-29T00:06:27.73089695Z: [    0.000000] SMBIOS 2.8 present.
[STDERR  ] 2017-06-29T00:06:27.730912188Z: [    0.000000] e820: last_pfn = 0x3ffdf max_arch_pfn = 0x400000000
[STDERR  ] 2017-06-29T00:06:27.730918241Z: [    0.000000] x86/PAT: Configuration [0-7]: WB  WC  UC- UC  WB  WC  UC- WT  
[STDERR  ] 2017-06-29T00:06:27.730940392Z: [    0.000000] found SMP MP-table at [mem 0x000f6aa0-0x000f6aaf] mapped at [ffff8800000f6aa0]
[STDERR  ] 2017-06-29T00:06:27.730947337Z: [    0.000000] RAMDISK: [mem 0x3d4e0000-0x3ffcffff]
[STDERR  ] 2017-06-29T00:06:27.730968371Z: [    0.000000] ACPI: Early table checksum verification disabled
[STDERR  ] 2017-06-29T00:06:27.730974415Z: [    0.000000] ACPI: RSDP 0x00000000000F68C0 000014 (v00 BOCHS )
[STDERR  ] 2017-06-29T00:06:27.731011186Z: [    0.000000] ACPI: RSDT 0x000000003FFE2404 000034 (v01 BOCHS  BXPCRSDT 00000001 BXPC 00000001)
[STDERR  ] 2017-06-29T00:06:27.731024809Z: [    0.000000] ACPI: FACP 0x000000003FFE22A4 000074 (v01 BOCHS  BXPCFACP 00000001 BXPC 00000001)
[STDERR  ] 2017-06-29T00:06:27.731042549Z: [    0.000000] ACPI: DSDT 0x000000003FFE0040 002264 (v01 BOCHS  BXPCDSDT 00000001 BXPC 00000001)
[STDERR  ] 2017-06-29T00:06:27.731055019Z: [    0.000000] ACPI: FACS 0x000000003FFE0000 000040
[STDERR  ] 2017-06-29T00:06:27.731070621Z: [    0.000000] ACPI: APIC 0x000000003FFE2318 000078 (v01 BOCHS  BXPCAPIC 00000001 BXPC 00000001)
[STDERR  ] 2017-06-29T00:06:27.731083363Z: [    0.000000] ACPI: HPET 0x000000003FFE2390 000038 (v01 BOCHS  BXPCHPET 00000001 BXPC 00000001)
[STDERR  ] 2017-06-29T00:06:27.731099263Z: [    0.000000] ACPI: MCFG 0x000000003FFE23C8 00003C (v01 BOCHS  BXPCMCFG 00000001 BXPC 00000001)
[STDERR  ] 2017-06-29T00:06:27.73111234Z: [    0.000000] Zone ranges:
[STDERR  ] 2017-06-29T00:06:27.731126652Z: [    0.000000]   DMA      [mem 0x0000000000001000-0x0000000000ffffff]
[STDERR  ] 2017-06-29T00:06:27.73113983Z: [    0.000000]   DMA32    [mem 0x0000000001000000-0x000000003ffdefff]
[STDERR  ] 2017-06-29T00:06:27.731159348Z: [    0.000000]   Normal   empty
[STDERR  ] 2017-06-29T00:06:27.731172131Z: [    0.000000] Movable zone start for each node
[STDERR  ] 2017-06-29T00:06:27.731186265Z: [    0.000000] Early memory node ranges
[STDERR  ] 2017-06-29T00:06:27.731201491Z: [    0.000000]   node   0: [mem 0x0000000000001000-0x000000000009efff]
[STDERR  ] 2017-06-29T00:06:27.731215421Z: [    0.000000]   node   0: [mem 0x0000000000100000-0x000000003ffdefff]
[STDERR  ] 2017-06-29T00:06:27.731230225Z: [    0.000000] Initmem setup node 0 [mem 0x0000000000001000-0x000000003ffdefff]
[STDERR  ] 2017-06-29T00:06:27.731243698Z: [    0.000000] ACPI: PM-Timer IO Port: 0x608
[STDERR  ] 2017-06-29T00:06:27.731258335Z: [    0.000000] ACPI: LAPIC_NMI (acpi_id[0xff] dfl dfl lint[0x1])
[STDERR  ] 2017-06-29T00:06:27.73127666Z: [    0.000000] IOAPIC[0]: apic_id 0, version 32, address 0xfec00000, GSI 0-23
[STDERR  ] 2017-06-29T00:06:27.731289999Z: [    0.000000] ACPI: INT_SRC_OVR (bus 0 bus_irq 0 global_irq 2 dfl dfl)
[STDERR  ] 2017-06-29T00:06:27.731311287Z: [    0.000000] ACPI: INT_SRC_OVR (bus 0 bus_irq 5 global_irq 5 high level)
[STDERR  ] 2017-06-29T00:06:27.731324477Z: [    0.000000] ACPI: INT_SRC_OVR (bus 0 bus_irq 9 global_irq 9 high level)
[STDERR  ] 2017-06-29T00:06:27.73133904Z: [    0.000000] ACPI: INT_SRC_OVR (bus 0 bus_irq 10 global_irq 10 high level)
[STDERR  ] 2017-06-29T00:06:27.731352597Z: [    0.000000] ACPI: INT_SRC_OVR (bus 0 bus_irq 11 global_irq 11 high level)
[STDERR  ] 2017-06-29T00:06:27.731365001Z: [    0.000000] Using ACPI (MADT) for SMP configuration information
[STDERR  ] 2017-06-29T00:06:27.731382759Z: [    0.000000] ACPI: HPET id: 0x8086a201 base: 0xfed00000
[STDERR  ] 2017-06-29T00:06:27.731399238Z: [    0.000000] smpboot: Allowing 1 CPUs, 0 hotplug CPUs
[STDERR  ] 2017-06-29T00:06:27.731408108Z: [    0.000000] e820: [mem 0x40000000-0xafffffff] available for PCI devices
[STDERR  ] 2017-06-29T00:06:27.731419827Z: [    0.000000] Booting paravirtualized kernel on bare hardware
[STDERR  ] 2017-06-29T00:06:27.731442426Z: [    0.000000] clocksource: refined-jiffies: mask: 0xffffffff max_cycles: 0xffffffff, max_idle_ns: 19112604462750000 ns
[STDERR  ] 2017-06-29T00:06:27.731456626Z: [    0.000000] setup_percpu: NR_CPUS:128 nr_cpumask_bits:128 nr_cpu_ids:1 nr_node_ids:1
[STDERR  ] 2017-06-29T00:06:27.731472808Z: [    0.000000] PERCPU: Embedded 33 pages/cpu @ffff88003d200000 s95832 r8192 d31144 u2097152
[STDERR  ] 2017-06-29T00:06:27.731480313Z: [    0.000000] Built 1 zonelists in Zone order, mobility grouping on.  Total pages: 257896
[STDERR  ] 2017-06-29T00:06:27.731495061Z: [    0.000000] Kernel command line: console=ttyS0
[STDERR  ] 2017-06-29T00:06:27.731513875Z: [    0.000000] PID hash table entries: 4096 (order: 3, 32768 bytes)
[STDERR  ] 2017-06-29T00:06:27.731527198Z: [    0.000000] Dentry cache hash table entries: 131072 (order: 8, 1048576 bytes)
[STDERR  ] 2017-06-29T00:06:27.731541868Z: [    0.000000] Inode-cache hash table entries: 65536 (order: 7, 524288 bytes)
[STDERR  ] 2017-06-29T00:06:27.731560283Z: [    0.000000] Memory: 970144K/1048052K available (7600K kernel code, 1237K rwdata, 2696K rodata, 1292K init, 684K bss, 77908K reserved, 0K cma-reserved)
[STDERR  ] 2017-06-29T00:06:27.731574531Z: [    0.000000] Hierarchical RCU implementation.
[STDERR  ] 2017-06-29T00:06:27.731588122Z: [    0.000000] 	Build-time adjustment of leaf fanout to 64.
[STDERR  ] 2017-06-29T00:06:27.731596203Z: [    0.000000] 	RCU restricting CPUs from NR_CPUS=128 to nr_cpu_ids=1.
[STDERR  ] 2017-06-29T00:06:27.731611382Z: [    0.000000] RCU: Adjusting geometry for rcu_fanout_leaf=64, nr_cpu_ids=1
[STDERR  ] 2017-06-29T00:06:27.731631708Z: [    0.000000] NR_IRQS:8448 nr_irqs:256 16
[STDERR  ] 2017-06-29T00:06:27.731647539Z: [    0.000000] Console: colour VGA+ 80x25
[STDERR  ] 2017-06-29T00:06:27.731663712Z: [    0.000000] console [ttyS0] enabled
[STDERR  ] 2017-06-29T00:06:27.731677411Z: [    0.000000] clocksource: hpet: mask: 0xffffffff max_cycles: 0xffffffff, max_idle_ns: 19112604467 ns
[STDERR  ] 2017-06-29T00:06:27.731705386Z: [    0.000000] tsc: Fast TSC calibration using PIT
[STDERR  ] 2017-06-29T00:06:27.731713141Z: [    0.000000] tsc: Detected 2300.120 MHz processor
[STDERR  ] 2017-06-29T00:06:27.731733258Z: [    0.020698] Calibrating delay loop (skipped), value calculated using timer frequency.. 4600.24 BogoMIPS (lpj=23001200)
[STDERR  ] 2017-06-29T00:06:27.731747547Z: [    0.022042] pid_max: default: 32768 minimum: 301
[STDERR  ] 2017-06-29T00:06:27.731754536Z: [    0.022731] ACPI: Core revision 20150930
[STDERR  ] 2017-06-29T00:06:27.731778612Z: [    0.071147] ACPI: 1 ACPI AML tables successfully acquired and loaded
[STDERR  ] 2017-06-29T00:06:27.731791569Z: [    0.072633] Security Framework initialized
[STDERR  ] 2017-06-29T00:06:27.731805805Z: [    0.072953] Yama: becoming mindful.
[STDERR  ] 2017-06-29T00:06:27.731822434Z: [    0.074803] Mount-cache hash table entries: 2048 (order: 2, 16384 bytes)
[STDERR  ] 2017-06-29T00:06:27.731841538Z: [    0.075278] Mountpoint-cache hash table entries: 2048 (order: 2, 16384 bytes)
[STDERR  ] 2017-06-29T00:06:27.731854166Z: [    0.090980] Initializing cgroup subsys io
[STDERR  ] 2017-06-29T00:06:27.73186733Z: [    0.091734] Initializing cgroup subsys memory
[STDERR  ] 2017-06-29T00:06:27.731882768Z: [    0.092545] Initializing cgroup subsys devices
[STDERR  ] 2017-06-29T00:06:27.73189546Z: [    0.092935] Initializing cgroup subsys freezer
[STDERR  ] 2017-06-29T00:06:27.731910572Z: [    0.093322] Initializing cgroup subsys net_cls
[STDERR  ] 2017-06-29T00:06:27.731925553Z: [    0.093674] Initializing cgroup subsys perf_event
[STDERR  ] 2017-06-29T00:06:27.731941269Z: [    0.094051] Initializing cgroup subsys net_prio
[STDERR  ] 2017-06-29T00:06:27.731953582Z: [    0.094434] Initializing cgroup subsys hugetlb
[STDERR  ] 2017-06-29T00:06:27.731962457Z: [    0.094782] Initializing cgroup subsys pids
[STDERR  ] 2017-06-29T00:06:27.731982266Z: [    0.097093] Last level iTLB entries: 4KB 0, 2MB 0, 4MB 0
[STDERR  ] 2017-06-29T00:06:27.73199793Z: [    0.097502] Last level dTLB entries: 4KB 0, 2MB 0, 4MB 0, 1GB 0
[STDERR  ] 2017-06-29T00:06:27.732010345Z: [    0.360696] Freeing SMP alternatives memory: 20K (ffffffff9ee7a000 - ffffffff9ee7f000)
[STDERR  ] 2017-06-29T00:06:27.732024661Z: [    0.367712] ftrace: allocating 33308 entries in 131 pages
[STDERR  ] 2017-06-29T00:06:27.73203896Z: [    0.534005] ..TIMER: vector=0x30 apic1=0 pin1=2 apic2=-1 pin2=-1
[STDERR  ] 2017-06-29T00:06:27.732045402Z: [    0.640000] smpboot: CPU0: AMD QEMU Virtual CPU version 2.5+ (family: 0x6, model: 0x6, stepping: 0x3)
[STDERR  ] 2017-06-29T00:06:27.732066796Z: [    0.640000] Performance Events: Broken PMU hardware detected, using software events only.
[STDERR  ] 2017-06-29T00:06:27.732080501Z: [    0.640000] Failed to access perfctr msr (MSR c0010007 is 0)
[STDERR  ] 2017-06-29T00:06:27.732091256Z: [    0.644233] x86: Booted up 1 node, 1 CPUs
[STDERR  ] 2017-06-29T00:06:27.732104362Z: [    0.644598] smpboot: Total of 1 processors activated (4600.24 BogoMIPS)
[STDERR  ] 2017-06-29T00:06:27.732126721Z: [    0.651938] NMI watchdog: disabled (cpu0): hardware events not enabled
[STDERR  ] 2017-06-29T00:06:27.732140862Z: [    0.652345] NMI watchdog: Shutting down hard lockup detector on all cpus
[STDERR  ] 2017-06-29T00:06:27.732156079Z: [    0.661464] devtmpfs: initialized
[STDERR  ] 2017-06-29T00:06:27.73216823Z: [    0.732335] clocksource: jiffies: mask: 0xffffffff max_cycles: 0xffffffff, max_idle_ns: 19112604462750000 ns
[STDERR  ] 2017-06-29T00:06:27.732183601Z: [    0.733120] futex hash table entries: 256 (order: 2, 16384 bytes)
[STDERR  ] 2017-06-29T00:06:27.732190134Z: [    0.744395] NET: Registered protocol family 16
[STDERR  ] 2017-06-29T00:06:27.732208682Z: [    0.751152] cpuidle: using governor ladder
[STDERR  ] 2017-06-29T00:06:27.732223831Z: [    0.751561] cpuidle: using governor menu
[STDERR  ] 2017-06-29T00:06:27.732230033Z: [    0.752838] ACPI: bus type PCI registered
[STDERR  ] 2017-06-29T00:06:27.732250534Z: [    0.755706] PCI: MMCONFIG for domain 0000 [bus 00-ff] at [mem 0xb0000000-0xbfffffff] (base 0xb0000000)
[STDERR  ] 2017-06-29T00:06:27.732269117Z: [    0.756512] PCI: MMCONFIG at [mem 0xb0000000-0xbfffffff] reserved in E820
[STDERR  ] 2017-06-29T00:06:27.732289451Z: [    0.757715] PCI: Using configuration type 1 for base access
[STDERR  ] 2017-06-29T00:06:27.732302958Z: [    0.815710] ACPI: Added _OSI(Module Device)
[STDERR  ] 2017-06-29T00:06:27.732319519Z: [    0.815990] ACPI: Added _OSI(Processor Device)
[STDERR  ] 2017-06-29T00:06:27.732333299Z: [    0.816265] ACPI: Added _OSI(3.0 _SCP Extensions)
[STDERR  ] 2017-06-29T00:06:27.732346803Z: [    0.816531] ACPI: Added _OSI(Processor Aggregator Device)
[STDERR  ] 2017-06-29T00:06:27.732359682Z: [    0.893820] ACPI: Interpreter enabled
[STDERR  ] 2017-06-29T00:06:27.732368483Z: [    0.894581] ACPI: (supports S0 S5)
[STDERR  ] 2017-06-29T00:06:27.73239276Z: [    0.894842] ACPI: Using IOAPIC for interrupt routing
[STDERR  ] 2017-06-29T00:06:27.732407457Z: [    0.896584] PCI: Using host bridge windows from ACPI; if necessary, use "pci=nocrs" and report a bug
[STDERR  ] 2017-06-29T00:06:27.732414995Z: [    0.959735] ACPI: PCI Root Bridge [PCI0] (domain 0000 [bus 00-ff])
[STDERR  ] 2017-06-29T00:06:27.732436344Z: [    0.960533] acpi PNP0A08:00: _OSC: OS supports [ExtendedConfig ASPM ClockPM Segments MSI]
[STDERR  ] 2017-06-29T00:06:27.732443639Z: [    0.965784] acpi PNP0A08:00: _OSC: OS now controls [PCIeHotplug PME PCIeCapability]
[STDERR  ] 2017-06-29T00:06:27.732463744Z: [    0.969668] PCI host bridge to bus 0000:00
[STDERR  ] 2017-06-29T00:06:27.732477071Z: [    0.970190] pci_bus 0000:00: root bus resource [io  0x0000-0x0cf7 window]
[STDERR  ] 2017-06-29T00:06:27.7324842Z: [    0.970533] pci_bus 0000:00: root bus resource [io  0x0d00-0xffff window]
[STDERR  ] 2017-06-29T00:06:27.732507241Z: [    0.970854] pci_bus 0000:00: root bus resource [mem 0x000a0000-0x000bffff window]
[STDERR  ] 2017-06-29T00:06:27.732527147Z: [    0.971197] pci_bus 0000:00: root bus resource [mem 0xc0000000-0xfebfffff window]
[STDERR  ] 2017-06-29T00:06:27.732533671Z: [    0.971652] pci_bus 0000:00: root bus resource [bus 00-ff]
[STDERR  ] 2017-06-29T00:06:27.732545951Z: [    1.061369] pci 0000:00:1f.0: quirk: [io  0x0600-0x067f] claimed by ICH6 ACPI/GPIO/TCO
[STDERR  ] 2017-06-29T00:06:27.732568009Z: [    1.115083] ACPI: PCI Interrupt Link [LNKA] (IRQs 5 *10 11)
[STDERR  ] 2017-06-29T00:06:27.732583824Z: [    1.116978] ACPI: PCI Interrupt Link [LNKB] (IRQs 5 *10 11)
[STDERR  ] 2017-06-29T00:06:27.732599479Z: [    1.118605] ACPI: PCI Interrupt Link [LNKC] (IRQs 5 10 *11)
[STDERR  ] 2017-06-29T00:06:27.732606175Z: [    1.120776] ACPI: PCI Interrupt Link [LNKD] (IRQs 5 10 *11)
[STDERR  ] 2017-06-29T00:06:27.732626662Z: [    1.122400] ACPI: PCI Interrupt Link [LNKE] (IRQs 5 *10 11)
[STDERR  ] 2017-06-29T00:06:27.732646845Z: [    1.124024] ACPI: PCI Interrupt Link [LNKF] (IRQs 5 *10 11)
[STDERR  ] 2017-06-29T00:06:27.732660247Z: [    1.125649] ACPI: PCI Interrupt Link [LNKG] (IRQs 5 10 *11)
[STDERR  ] 2017-06-29T00:06:27.732674267Z: [    1.127311] ACPI: PCI Interrupt Link [LNKH] (IRQs 5 10 *11)
[STDERR  ] 2017-06-29T00:06:27.732688642Z: [    1.128081] ACPI: PCI Interrupt Link [GSIA] (IRQs *16)
[STDERR  ] 2017-06-29T00:06:27.732700728Z: [    1.128640] ACPI: PCI Interrupt Link [GSIB] (IRQs *17)
[STDERR  ] 2017-06-29T00:06:27.732716979Z: [    1.129198] ACPI: PCI Interrupt Link [GSIC] (IRQs *18)
[STDERR  ] 2017-06-29T00:06:27.732729496Z: [    1.129761] ACPI: PCI Interrupt Link [GSID] (IRQs *19)
[STDERR  ] 2017-06-29T00:06:27.732746848Z: [    1.130361] ACPI: PCI Interrupt Link [GSIE] (IRQs *20)
[STDERR  ] 2017-06-29T00:06:27.73276104Z: [    1.130895] ACPI: PCI Interrupt Link [GSIF] (IRQs *21)
[STDERR  ] 2017-06-29T00:06:27.73277497Z: [    1.131428] ACPI: PCI Interrupt Link [GSIG] (IRQs *22)
[STDERR  ] 2017-06-29T00:06:27.732789144Z: [    1.131956] ACPI: PCI Interrupt Link [GSIH] (IRQs *23)
[STDERR  ] 2017-06-29T00:06:27.732802142Z: [    1.135600] ACPI: Enabled 2 GPEs in block 00 to 3F
[STDERR  ] 2017-06-29T00:06:27.732816586Z: [    1.139420] SCSI subsystem initialized
[STDERR  ] 2017-06-29T00:06:27.732844836Z: [    1.141357] ACPI: bus type USB registered
[STDERR  ] 2017-06-29T00:06:27.732851661Z: [    1.142385] usbcore: registered new interface driver usbfs
[STDERR  ] 2017-06-29T00:06:27.732872215Z: [    1.143303] usbcore: registered new interface driver hub
[STDERR  ] 2017-06-29T00:06:27.732884999Z: [    1.144019] usbcore: registered new device driver usb
[STDERR  ] 2017-06-29T00:06:27.732900398Z: [    1.145103] pps_core: LinuxPPS API ver. 1 registered
[STDERR  ] 2017-06-29T00:06:27.732916113Z: [    1.145403] pps_core: Software ver. 5.3.6 - Copyright 2005-2007 Rodolfo Giometti <giometti@linux.it>
[STDERR  ] 2017-06-29T00:06:27.732922296Z: [    1.146064] PTP clock support registered
[STDERR  ] 2017-06-29T00:06:27.732944071Z: [    1.147284] wmi: Mapper loaded
[STDERR  ] 2017-06-29T00:06:27.732962774Z: [    1.148228] PCI: Using ACPI for IRQ routing
[STDERR  ] 2017-06-29T00:06:27.732978162Z: [    1.166986] NetLabel: Initializing
[STDERR  ] 2017-06-29T00:06:27.732986854Z: [    1.167211] NetLabel:  domain hash size = 128
[STDERR  ] 2017-06-29T00:06:27.733010734Z: [    1.167460] NetLabel:  protocols = UNLABELED CIPSOv4
[STDERR  ] 2017-06-29T00:06:27.73301972Z: [    1.169066] NetLabel:  unlabeled traffic allowed by default
[STDERR  ] 2017-06-29T00:06:27.733039668Z: [    1.170062] HPET: 3 timers in total, 0 timers will be used for per-cpu timer
[STDERR  ] 2017-06-29T00:06:27.733047813Z: [    1.170666] hpet0: at MMIO 0xfed00000, IRQs 2, 8, 0
[STDERR  ] 2017-06-29T00:06:27.733061875Z: [    1.171060] hpet0: 3 comparators, 64-bit 100.000000 MHz counter
[STDERR  ] 2017-06-29T00:06:27.73308129Z: [    1.176434] amd_nb: Cannot enumerate AMD northbridges
[STDERR  ] 2017-06-29T00:06:27.733097756Z: [    1.177358] clocksource: Switched to clocksource hpet
[STDERR  ] 2017-06-29T00:06:27.73310439Z: [    1.393711] FS-Cache: Loaded
[STDERR  ] 2017-06-29T00:06:27.733126168Z: [    1.397274] CacheFiles: Loaded
[STDERR  ] 2017-06-29T00:06:27.7331392Z: [    1.399231] pnp: PnP ACPI init
[STDERR  ] 2017-06-29T00:06:27.733154677Z: [    1.410651] pnp: PnP ACPI: found 5 devices
[STDERR  ] 2017-06-29T00:06:27.733160836Z: [    1.457239] clocksource: acpi_pm: mask: 0xffffff max_cycles: 0xffffff, max_idle_ns: 2085701024 ns
[STDERR  ] 2017-06-29T00:06:27.733187298Z: [    1.459298] NET: Registered protocol family 2
[STDERR  ] 2017-06-29T00:06:27.733201944Z: [    1.466163] TCP established hash table entries: 8192 (order: 4, 65536 bytes)
[STDERR  ] 2017-06-29T00:06:27.733215825Z: [    1.466838] TCP bind hash table entries: 8192 (order: 5, 131072 bytes)
[STDERR  ] 2017-06-29T00:06:27.733225195Z: [    1.467456] TCP: Hash tables configured (established 8192 bind 8192)
[STDERR  ] 2017-06-29T00:06:27.733237522Z: [    1.468820] UDP hash table entries: 512 (order: 2, 16384 bytes)
[STDERR  ] 2017-06-29T00:06:27.733259678Z: [    1.469359] UDP-Lite hash table entries: 512 (order: 2, 16384 bytes)
[STDERR  ] 2017-06-29T00:06:27.733266541Z: [    1.471739] NET: Registered protocol family 1
[STDERR  ] 2017-06-29T00:06:27.733281126Z: [    1.478277] Unpacking initramfs...
[STDERR  ] 2017-06-29T00:06:27.733308961Z: [   10.179724] Freeing initrd memory: 43968K (ffff88003d4e0000 - ffff88003ffd0000)
[STDERR  ] 2017-06-29T00:06:27.733321703Z: [   10.201641] PCLMULQDQ-NI instructions are not detected.
[STDERR  ] 2017-06-29T00:06:27.733337401Z: [   10.202771] AVX or AES-NI instructions are not detected.
[STDERR  ] 2017-06-29T00:06:27.733352184Z: [   10.203180] CPU feature 'AVX registers' is not supported.
[STDERR  ] 2017-06-29T00:06:27.733361549Z: [   10.203571] CPU feature 'AVX registers' is not supported.
[STDERR  ] 2017-06-29T00:06:27.733373071Z: [   10.203955] CPU feature 'AVX registers' is not supported.
[STDERR  ] 2017-06-29T00:06:27.733392196Z: [   10.204320] CPU feature 'AVX registers' is not supported.
[STDERR  ] 2017-06-29T00:06:27.733408345Z: [   10.204675] AVX2 or AES-NI instructions are not detected.
[STDERR  ] 2017-06-29T00:06:27.733414868Z: [   10.205028] AVX2 instructions are not detected.
[STDERR  ] 2017-06-29T00:06:27.733441574Z: [   10.210035] audit: initializing netlink subsys (disabled)
[STDERR  ] 2017-06-29T00:06:27.733453998Z: [   10.212480] audit: type=2000 audit(1498694750.210:1): initialized
[STDERR  ] 2017-06-29T00:06:27.733467372Z: [   10.218884] HugeTLB registered 2 MB page size, pre-allocated 0 pages
[STDERR  ] 2017-06-29T00:06:27.733487835Z: [   10.223361] VFS: Disk quotas dquot_6.6.0
[STDERR  ] 2017-06-29T00:06:27.73350242Z: [   10.223893] VFS: Dquot-cache hash table entries: 512 (order 0, 4096 bytes)
[STDERR  ] 2017-06-29T00:06:27.733517218Z: [   10.229730] FS-Cache: Netfs 'cifs' registered for caching
[STDERR  ] 2017-06-29T00:06:27.733530087Z: [   10.230902] fuse init (API version 7.23)
[STDERR  ] 2017-06-29T00:06:27.733543489Z: [   10.232913] SGI XFS with ACLs, security attributes, no debug enabled
[STDERR  ] 2017-06-29T00:06:27.733565685Z: [   10.235336] 9p: Installing v9fs 9p2000 file system support
[STDERR  ] 2017-06-29T00:06:27.733583558Z: [   10.235748] FS-Cache: Netfs '9p' registered for caching
[STDERR  ] 2017-06-29T00:06:27.733599452Z: [   10.237308] Key type big_key registered
[STDERR  ] 2017-06-29T00:06:27.733609201Z: [   10.271343] NET: Registered protocol family 38
[STDERR  ] 2017-06-29T00:06:27.73363406Z: [   10.271867] Key type asymmetric registered
[STDERR  ] 2017-06-29T00:06:27.733648905Z: [   10.272181] Asymmetric key parser 'x509' registered
[STDERR  ] 2017-06-29T00:06:27.73365544Z: [   10.272877] Block layer SCSI generic (bsg) driver version 0.4 loaded (major 251)
[STDERR  ] 2017-06-29T00:06:27.733677496Z: [   10.274077] io scheduler noop registered
[STDERR  ] 2017-06-29T00:06:27.733691816Z: [   10.274395] io scheduler deadline registered (default)
[STDERR  ] 2017-06-29T00:06:27.733707465Z: [   10.274954] io scheduler cfq registered
[STDERR  ] 2017-06-29T00:06:27.733719578Z: [   10.277414] pci_hotplug: PCI Hot Plug PCI Core version: 0.5
[STDERR  ] 2017-06-29T00:06:27.733732533Z: [   10.277958] pciehp: PCI Express Hot Plug Controller Driver version: 0.4
[STDERR  ] 2017-06-29T00:06:27.733753929Z: [   10.278715] shpchp: Standard Hot Plug PCI Controller Driver version: 0.4
[STDERR  ] 2017-06-29T00:06:27.733766463Z: [   10.279526] hv_vmbus: registering driver hyperv_fb
[STDERR  ] 2017-06-29T00:06:27.73378176Z: [   10.283502] input: Power Button as /devices/LNXSYSTM:00/LNXPWRBN:00/input/input0
[STDERR  ] 2017-06-29T00:06:27.733794324Z: [   10.284489] ACPI: Power Button [PWRF]
[STDERR  ] 2017-06-29T00:06:27.733809671Z: [   10.288871] GHES: HEST is not enabled!
[STDERR  ] 2017-06-29T00:06:27.733823395Z: [   10.302585] ACPI: PCI Interrupt Link [GSIH] enabled at IRQ 23
[STDERR  ] 2017-06-29T00:06:27.733837847Z: [   10.308276] xenfs: not registering filesystem on non-xen platform
[STDERR  ] 2017-06-29T00:06:27.733844999Z: [   10.310683] Serial: 8250/16550 driver, 4 ports, IRQ sharing disabled
[STDERR  ] 2017-06-29T00:06:27.733859804Z: [   10.336888] 00:04: ttyS0 at I/O 0x3f8 (irq = 4, base_baud = 115200) is a 16550A
[STDERR  ] 2017-06-29T00:06:27.733880126Z: [   10.346479] Non-volatile memory driver v1.3
[STDERR  ] 2017-06-29T00:06:27.733886968Z: [   10.352991] Hangcheck: starting hangcheck timer 0.9.1 (tick is 180 seconds, margin is 60 seconds).
[STDERR  ] 2017-06-29T00:06:27.733905867Z: [   10.358323] random: nonblocking pool is initialized
[STDERR  ] 2017-06-29T00:06:27.733926283Z: [   10.391262] loop: module loaded
[STDERR  ] 2017-06-29T00:06:27.733943144Z: [   10.402381] nbd: registered device at major 43
[STDERR  ] 2017-06-29T00:06:27.733958Z: [   10.438411] lpc_ich 0000:00:1f.0: I/O space for GPIO uninitialized
[STDERR  ] 2017-06-29T00:06:27.733966999Z: [   10.440016] VMware PVSCSI driver - version 1.0.5.0-k
[STDERR  ] 2017-06-29T00:06:27.733979474Z: [   10.440882] hv_vmbus: registering driver hv_storvsc
[STDERR  ] 2017-06-29T00:06:27.734000708Z: [   10.449469] ACPI: PCI Interrupt Link [GSIA] enabled at IRQ 16
[STDERR  ] 2017-06-29T00:06:27.734008807Z: [   10.454992] ahci 0000:00:1f.2: AHCI 0001.0000 32 slots 6 ports 1.5 Gbps 0x3f impl SATA mode
[STDERR  ] 2017-06-29T00:06:27.734033908Z: [   10.455582] ahci 0000:00:1f.2: flags: 64bit ncq only 
[STDERR  ] 2017-06-29T00:06:27.734041875Z: [   10.474817] scsi host0: ahci
[STDERR  ] 2017-06-29T00:06:27.734068596Z: [   10.479111] scsi host1: ahci
[STDERR  ] 2017-06-29T00:06:27.734075903Z: [   10.480169] scsi host2: ahci
[STDERR  ] 2017-06-29T00:06:27.734087385Z: [   10.480169] scsi host3: ahci
[STDERR  ] 2017-06-29T00:06:27.73410786Z: [   10.480169] scsi host4: ahci
[STDERR  ] 2017-06-29T00:06:27.734122923Z: [   10.491832] scsi host5: ahci
[STDERR  ] 2017-06-29T00:06:27.734135386Z: [   10.494523] ata1: SATA max UDMA/133 abar m4096@0xfebf1000 port 0xfebf1100 irq 24
[STDERR  ] 2017-06-29T00:06:27.734151069Z: [   10.495060] ata2: SATA max UDMA/133 abar m4096@0xfebf1000 port 0xfebf1180 irq 24
[STDERR  ] 2017-06-29T00:06:27.734170359Z: [   10.495509] ata3: SATA max UDMA/133 abar m4096@0xfebf1000 port 0xfebf1200 irq 24
[STDERR  ] 2017-06-29T00:06:27.734178772Z: [   10.495950] ata4: SATA max UDMA/133 abar m4096@0xfebf1000 port 0xfebf1280 irq 24
[STDERR  ] 2017-06-29T00:06:27.734202609Z: [   10.496393] ata5: SATA max UDMA/133 abar m4096@0xfebf1000 port 0xfebf1300 irq 24
[STDERR  ] 2017-06-29T00:06:27.734215875Z: [   10.496758] ata6: SATA max UDMA/133 abar m4096@0xfebf1000 port 0xfebf1380 irq 24
[STDERR  ] 2017-06-29T00:06:27.734231056Z: [   10.514082] tun: Universal TUN/TAP device driver, 1.6
[STDERR  ] 2017-06-29T00:06:27.734243991Z: [   10.514458] tun: (C) 1999-2004 Max Krasnyansky <maxk@qualcomm.com>
[STDERR  ] 2017-06-29T00:06:27.734259958Z: [   10.516487] VMware vmxnet3 virtual NIC driver - version 1.4.5.0-k-NAPI
[STDERR  ] 2017-06-29T00:06:27.734266174Z: [   10.517479] hv_vmbus: registering driver hv_netvsc
[STDERR  ] 2017-06-29T00:06:27.734287637Z: [   10.517790] Fusion MPT base driver 3.04.20
[STDERR  ] 2017-06-29T00:06:27.734301855Z: [   10.518059] Copyright (c) 1999-2008 LSI Corporation
[STDERR  ] 2017-06-29T00:06:27.734316705Z: [   10.518704] Fusion MPT SPI Host driver 3.04.20
[STDERR  ] 2017-06-29T00:06:27.734330298Z: [   10.522303] i8042: PNP: PS/2 Controller [PNP0303:KBD,PNP0f13:MOU] at 0x60,0x64 irq 1,12
[STDERR  ] 2017-06-29T00:06:27.734345349Z: [   10.527931] serio: i8042 KBD port at 0x60,0x64 irq 1
[STDERR  ] 2017-06-29T00:06:27.734352327Z: [   10.528621] serio: i8042 AUX port at 0x60,0x64 irq 12
[STDERR  ] 2017-06-29T00:06:27.734364146Z: [   10.532689] hv_vmbus: registering driver hyperv_keyboard
[STDERR  ] 2017-06-29T00:06:27.73439516Z: [   10.536728] mousedev: PS/2 mouse device common for all mice
[STDERR  ] 2017-06-29T00:06:27.734411125Z: [   10.544214] input: AT Translated Set 2 keyboard as /devices/platform/i8042/serio0/input/input1
[STDERR  ] 2017-06-29T00:06:27.73442427Z: [   10.548360] input: PC Speaker as /devices/platform/pcspkr/input/input2
[STDERR  ] 2017-06-29T00:06:27.734440362Z: [   10.553683] rtc_cmos 00:00: RTC can wake from S4
[STDERR  ] 2017-06-29T00:06:27.734455186Z: [   10.556793] rtc_cmos 00:00: rtc core: registered rtc_cmos as rtc0
[STDERR  ] 2017-06-29T00:06:27.734470933Z: [   10.557953] rtc_cmos 00:00: alarms up to one day, y3k, 114 bytes nvram, hpet irqs
[STDERR  ] 2017-06-29T00:06:27.734477726Z: [   10.558625] i2c /dev entries driver
[STDERR  ] 2017-06-29T00:06:27.73449184Z: [   10.560626] device-mapper: ioctl: 4.34.0-ioctl (2015-10-28) initialised: dm-devel@redhat.com
[STDERR  ] 2017-06-29T00:06:27.734512625Z: [   10.565924] usbcore: registered new interface driver usbhid
[STDERR  ] 2017-06-29T00:06:27.734528251Z: [   10.566284] usbhid: USB HID core driver
[STDERR  ] 2017-06-29T00:06:27.73454249Z: [   10.566849] hv_utils: Registering HyperV Utility Driver
[STDERR  ] 2017-06-29T00:06:27.734556163Z: [   10.567173] hv_vmbus: registering driver hv_util
[STDERR  ] 2017-06-29T00:06:27.73456952Z: [   10.567467] hv_vmbus: registering driver hv_balloon
[STDERR  ] 2017-06-29T00:06:27.734588158Z: [   10.567960] oprofile: using NMI interrupt.
[STDERR  ] 2017-06-29T00:06:27.734603403Z: [   10.568944] GACT probability on
[STDERR  ] 2017-06-29T00:06:27.7346164Z: [   10.569317] Mirror/redirect action on
[STDERR  ] 2017-06-29T00:06:27.734636789Z: [   10.569699] Simple TC action Loaded
[STDERR  ] 2017-06-29T00:06:27.73464943Z: [   10.570010] u32 classifier
[STDERR  ] 2017-06-29T00:06:27.734664356Z: [   10.570359]     Performance counters on
[STDERR  ] 2017-06-29T00:06:27.734678117Z: [   10.570599]     input device check on
[STDERR  ] 2017-06-29T00:06:27.734697016Z: [   10.570816]     Actions configured
[STDERR  ] 2017-06-29T00:06:27.734712053Z: [   10.571563] Netfilter messages via NETLINK v0.30.
[STDERR  ] 2017-06-29T00:06:27.734724668Z: [   10.572050] nfnl_acct: registering with nfnetlink.
[STDERR  ] 2017-06-29T00:06:27.734739353Z: [   10.572940] nf_conntrack version 0.5.0 (7922 buckets, 31688 max)
[STDERR  ] 2017-06-29T00:06:27.734753245Z: [   10.576416] ctnetlink v0.93: registering with nfnetlink.
[STDERR  ] 2017-06-29T00:06:27.734778426Z: [   10.579583] nf_tables: (c) 2007-2009 Patrick McHardy <kaber@trash.net>
[STDERR  ] 2017-06-29T00:06:27.734794128Z: [   10.580650] nf_tables_compat: (c) 2012 Pablo Neira Ayuso <pablo@netfilter.org>
[STDERR  ] 2017-06-29T00:06:27.73481051Z: [   10.583789] xt_time: kernel timezone is -0000
[STDERR  ] 2017-06-29T00:06:27.734823432Z: [   10.584280] ip_set: protocol 6
[STDERR  ] 2017-06-29T00:06:27.734843206Z: [   10.584956] IPVS: Registered protocols (TCP, UDP, SCTP, AH, ESP)
[STDERR  ] 2017-06-29T00:06:27.734855886Z: [   10.585486] IPVS: Connection hash table configured (size=4096, memory=64Kbytes)
[STDERR  ] 2017-06-29T00:06:27.73487227Z: [   10.587120] IPVS: Creating netns size=2096 id=0
[STDERR  ] 2017-06-29T00:06:27.734884755Z: [   10.587936] IPVS: ipvs loaded.
[STDERR  ] 2017-06-29T00:06:27.734899983Z: [   10.588247] IPVS: [rr] scheduler registered.
[STDERR  ] 2017-06-29T00:06:27.734912535Z: [   10.588550] IPVS: [wrr] scheduler registered.
[STDERR  ] 2017-06-29T00:06:27.734928312Z: [   10.588833] IPVS: [lc] scheduler registered.
[STDERR  ] 2017-06-29T00:06:27.734940536Z: [   10.589240] IPVS: [wlc] scheduler registered.
[STDERR  ] 2017-06-29T00:06:27.734948273Z: [   10.589531] IPVS: [fo] scheduler registered.
[STDERR  ] 2017-06-29T00:06:27.734968535Z: [   10.589809] IPVS: [ovf] scheduler registered.
[STDERR  ] 2017-06-29T00:06:27.734979146Z: [   10.590352] IPVS: [lblc] scheduler registered.
[STDERR  ] 2017-06-29T00:06:27.734998979Z: [   10.590754] IPVS: [lblcr] scheduler registered.
[STDERR  ] 2017-06-29T00:06:27.735014197Z: [   10.591059] IPVS: [dh] scheduler registered.
[STDERR  ] 2017-06-29T00:06:27.735026759Z: [   10.591324] IPVS: [sh] scheduler registered.
[STDERR  ] 2017-06-29T00:06:27.735035174Z: [   10.591601] IPVS: [sed] scheduler registered.
[STDERR  ] 2017-06-29T00:06:27.735054437Z: [   10.591877] IPVS: [nq] scheduler registered.
[STDERR  ] 2017-06-29T00:06:27.735069417Z: [   10.592518] IPVS: ftp: loaded support on port[0] = 21
[STDERR  ] 2017-06-29T00:06:27.735075456Z: [   10.593231] ipip: IPv4 over IPv4 tunneling driver
[STDERR  ] 2017-06-29T00:06:27.735097466Z: [   10.597267] gre: GRE over IPv4 demultiplexor driver
[STDERR  ] 2017-06-29T00:06:27.735104093Z: [   10.599827] ip_tables: (C) 2000-2006 Netfilter Core Team
[STDERR  ] 2017-06-29T00:06:27.735118495Z: [   10.602867] ipt_CLUSTERIP: ClusterIP Version 0.8 loaded successfully
[STDERR  ] 2017-06-29T00:06:27.735138591Z: [   10.603506] arp_tables: (C) 2002 David S. Miller
[STDERR  ] 2017-06-29T00:06:27.735153474Z: [   10.605454] NET: Registered protocol family 10
[STDERR  ] 2017-06-29T00:06:27.735167261Z: [   10.613525] ip6_tables: (C) 2000-2006 Netfilter Core Team
[STDERR  ] 2017-06-29T00:06:27.735181431Z: [   10.616683] NET: Registered protocol family 17
[STDERR  ] 2017-06-29T00:06:27.735188321Z: [   10.617599] bridge: automatic filtering via arp/ip/ip6tables has been deprecated. Update your scripts to load br_netfilter if you need this.
[STDERR  ] 2017-06-29T00:06:27.73521683Z: [   10.618433] Bridge firewalling registered
[STDERR  ] 2017-06-29T00:06:27.735232667Z: [   10.618958] Ebtables v2.0 registered
[STDERR  ] 2017-06-29T00:06:27.735246106Z: [   10.620872] 8021q: 802.1Q VLAN Support v1.8
[STDERR  ] 2017-06-29T00:06:27.735253695Z: [   10.622208] 9pnet: Installing 9P2000 support
[STDERR  ] 2017-06-29T00:06:27.735279676Z: [   10.623708] Key type dns_resolver registered
[STDERR  ] 2017-06-29T00:06:27.735293483Z: [   10.624376] hv_sock: failed to load: VMBus 4 or later is required
[STDERR  ] 2017-06-29T00:06:27.735307108Z: [   10.624914] microcode: AMD CPU family 0x6 not supported
[STDERR  ] 2017-06-29T00:06:27.735315863Z: [   10.628522] registered taskstats version 1
[STDERR  ] 2017-06-29T00:06:27.735341919Z: [   10.794350] Key type encrypted registered
[STDERR  ] 2017-06-29T00:06:27.735354931Z: [   10.799233] rtc_cmos 00:00: setting system clock to 2017-06-29 00:05:51 UTC (1498694751)
[STDERR  ] 2017-06-29T00:06:27.735370345Z: [   10.850850] ata1: SATA link down (SStatus 0 SControl 300)
[STDERR  ] 2017-06-29T00:06:27.73538337Z: [   10.852655] ata2: SATA link down (SStatus 0 SControl 300)
[STDERR  ] 2017-06-29T00:06:27.735405979Z: [   10.860331] ata4: SATA link down (SStatus 0 SControl 300)
[STDERR  ] 2017-06-29T00:06:27.735413332Z: [   10.860779] ata5: SATA link down (SStatus 0 SControl 300)
[STDERR  ] 2017-06-29T00:06:27.735435719Z: [   10.861210] ata6: SATA link down (SStatus 0 SControl 300)
[STDERR  ] 2017-06-29T00:06:27.735451341Z: [   10.861878] ata3: SATA link up 1.5 Gbps (SStatus 113 SControl 300)
[STDERR  ] 2017-06-29T00:06:27.735464678Z: [   10.865328] ata3.00: ATAPI: QEMU DVD-ROM, 2.5+, max UDMA/100
[STDERR  ] 2017-06-29T00:06:27.735480168Z: [   10.865768] ata3.00: applying bridge limits
[STDERR  ] 2017-06-29T00:06:27.735492924Z: [   10.867425] ata3.00: configured for UDMA/100
[STDERR  ] 2017-06-29T00:06:27.735509595Z: [   10.878725] scsi 2:0:0:0: CD-ROM            QEMU     QEMU DVD-ROM     2.5+ PQ: 0 ANSI: 5
[STDERR  ] 2017-06-29T00:06:27.735522368Z: [   10.892668] sr 2:0:0:0: [sr0] scsi3-mmc drive: 4x/4x cd/rw xa/form2 tray
[STDERR  ] 2017-06-29T00:06:27.735538066Z: [   10.893244] cdrom: Uniform CD-ROM driver Revision: 3.20
[STDERR  ] 2017-06-29T00:06:27.735550409Z: [   10.898815] sr 2:0:0:0: Attached scsi generic sg0 type 5
[STDERR  ] 2017-06-29T00:06:27.735566764Z: [   11.031752] Freeing unused kernel memory: 1292K (ffffffff9ed37000 - ffffffff9ee7a000)
[STDERR  ] 2017-06-29T00:06:27.735588999Z: [   11.032343] Write protecting the kernel read-only data: 12288k
[STDERR  ] 2017-06-29T00:06:27.73560335Z: [   11.049574] Freeing unused kernel memory: 580K (ffff88001e76f000 - ffff88001e800000)
[STDERR  ] 2017-06-29T00:06:27.73562164Z: [   11.197698] Freeing unused kernel memory: 1400K (ffff88001eaa2000 - ffff88001ec00000)
[STDERR  ] 2017-06-29T00:06:27.73563772Z: [   11.198406] tsc: Refined TSC clocksource calibration: 2300.037 MHz
[STDERR  ] 2017-06-29T00:06:27.735654394Z: [   11.198795] clocksource: tsc: mask: 0xffffffffffffffff max_cycles: 0x21275849845, max_idle_ns: 440795280423 ns
[STDERR  ] 2017-06-29T00:06:27.735669363Z: [   12.200917] clocksource: Switched to clocksource tsc
[STDERR  ] 2017-06-29T00:06:27.735682752Z: [   17.383902] e1000: Intel(R) PRO/1000 Network Driver - version 7.3.21-k8-NAPI
[STDERR  ] 2017-06-29T00:06:27.735699239Z: [   17.384359] e1000: Copyright (c) 1999-2006 Intel Corporation.
[STDERR  ] 2017-06-29T00:06:27.735713274Z: [   17.402368] ACPI: PCI Interrupt Link [GSIG] enabled at IRQ 22
[STDERR  ] 2017-06-29T00:06:27.735728096Z: [   17.715934] e1000 0000:00:02.0 eth0: (PCI:33MHz:32-bit) 52:54:00:12:34:56
[STDERR  ] 2017-06-29T00:06:27.735734925Z: [   17.716591] e1000 0000:00:02.0 eth0: Intel(R) PRO/1000 Network Connection
[STDERR  ] 2017-06-29T00:06:27.735755814Z: 
[STDERR  ] 2017-06-29T00:06:27.735761666Z: Starting containerd
[STDERR  ] 2017-06-29T00:06:27.73578354Z: 
[STDERR  ] 2017-06-29T00:06:27.735790261Z: Welcome to LinuxKit
[STDERR  ] 2017-06-29T00:06:27.735804898Z: 
[STDERR  ] 2017-06-29T00:06:27.735826028Z:                         ##         .
[STDERR  ] 2017-06-29T00:06:27.735839889Z:                   ## ## ##        ==
[STDERR  ] 2017-06-29T00:06:27.735846658Z:                ## ## ## ## ##    ===
[STDERR  ] 2017-06-29T00:06:27.735867935Z:            /"""""""""""""""""\___/ ===
[STDERR  ] 2017-06-29T00:06:27.73588142Z:           {                       /  ===-
[STDERR  ] 2017-06-29T00:06:27.735902791Z:            \______ O           __/
[STDERR  ] 2017-06-29T00:06:27.735918559Z:              \    \         __/
[STDERR  ] 2017-06-29T00:06:27.735932182Z:               \____\_______/
[STDERR  ] 2017-06-29T00:06:27.735946235Z: 
[STDERR  ] 2017-06-29T00:06:27.735959416Z: [34mINFO[0m[0000] starting containerd boot...                   [34mmodule[0m=containerd
[STDERR  ] 2017-06-29T00:06:27.735975233Z: [34mINFO[0m[0000] loading plugin "io.containerd.content.v1.content"...  [34mmodule[0m=containerd [34mtype[0m=io.containerd.content.v1
[STDERR  ] 2017-06-29T00:06:27.735992455Z: [34mINFO[0m[0000] skip loading plugin "io.containerd.snapshotter.v1.btrfs"...  [34mmodule[0m=containerd [34mtype[0m=io.containerd.snapshotter.v1
[STDERR  ] 2017-06-29T00:06:27.736001192Z: [34mINFO[0m[0000] loading plugin "io.containerd.snapshotter.v1.overlayfs"...  [34mmodule[0m=containerd [34mtype[0m=io.containerd.snapshotter.v1
[STDERR  ] 2017-06-29T00:06:27.73602683Z: [34mINFO[0m[0000] loading plugin "io.containerd.differ.v1.base-diff"...  [34mmodule[0m=containerd [34mtype[0m=io.containerd.differ.v1
[STDERR  ] 2017-06-29T00:06:27.736048326Z: [34mINFO[0m[0000] loading plugin "io.containerd.metadata.v1.bolt"...  [34mmodule[0m=containerd [34mtype[0m=io.containerd.metadata.v1
[STDERR  ] 2017-06-29T00:06:27.736055402Z: [34mINFO[0m[0000] loading plugin "io.containerd.grpc.v1.containers"...  [34mmodule[0m=containerd [34mtype[0m=io.containerd.grpc.v1
[STDERR  ] 2017-06-29T00:06:27.736081855Z: [34mINFO[0m[0000] loading plugin "io.containerd.grpc.v1.content"...  [34mmodule[0m=containerd [34mtype[0m=io.containerd.grpc.v1
[STDERR  ] 2017-06-29T00:06:27.73609655Z: [34mINFO[0m[0000] loading plugin "io.containerd.grpc.v1.diff"...  [34mmodule[0m=containerd [34mtype[0m=io.containerd.grpc.v1
[STDERR  ] 2017-06-29T00:06:27.736112059Z: [34mINFO[0m[0000] loading plugin "io.containerd.grpc.v1.events"...  [34mmodule[0m=containerd [34mtype[0m=io.containerd.grpc.v1
[STDERR  ] 2017-06-29T00:06:27.736118707Z: [34mINFO[0m[0000] loading plugin "io.containerd.grpc.v1.healthcheck"...  [34mmodule[0m=containerd [34mtype[0m=io.containerd.grpc.v1
[STDERR  ] 2017-06-29T00:06:27.736142566Z: [34mINFO[0m[0000] loading plugin "io.containerd.grpc.v1.images"...  [34mmodule[0m=containerd [34mtype[0m=io.containerd.grpc.v1
[STDERR  ] 2017-06-29T00:06:27.736158172Z: [34mINFO[0m[0000] loading plugin "io.containerd.grpc.v1.namespaces"...  [34mmodule[0m=containerd [34mtype[0m=io.containerd.grpc.v1
[STDERR  ] 2017-06-29T00:06:27.736171436Z: [34mINFO[0m[0000] loading plugin "io.containerd.grpc.v1.snapshots"...  [34mmodule[0m=containerd [34mtype[0m=io.containerd.grpc.v1
[STDERR  ] 2017-06-29T00:06:27.736186386Z: [34mINFO[0m[0000] loading plugin "io.containerd.monitor.v1.cgroups"...  [34mmodule[0m=containerd [34mtype[0m=io.containerd.monitor.v1
[STDERR  ] 2017-06-29T00:06:27.736203357Z: [34mINFO[0m[0000] loading plugin "io.containerd.runtime.v1.linux"...  [34mmodule[0m=containerd [34mtype[0m=io.containerd.runtime.v1
[STDERR  ] 2017-06-29T00:06:27.736221099Z: [34mINFO[0m[0000] loading plugin "io.containerd.grpc.v1.tasks"...  [34mmodule[0m=containerd [34mtype[0m=io.containerd.grpc.v1
[STDERR  ] 2017-06-29T00:06:27.736234883Z: [34mINFO[0m[0000] loading plugin "io.containerd.grpc.v1.version"...  [34mmodule[0m=containerd [34mtype[0m=io.containerd.grpc.v1
[STDERR  ] 2017-06-29T00:06:27.736249615Z: [34mINFO[0m[0000] serving...                                    [34maddress[0m="/run/containerd/debug.sock" [34mmodule[0m="containerd/debug"
[STDERR  ] 2017-06-29T00:06:27.736262454Z: [34mINFO[0m[0000] serving...                                    [34maddress[0m="/run/containerd/containerd.sock" [34mmodule[0m="containerd/grpc"
[STDERR  ] 2017-06-29T00:06:27.736271206Z: [34mINFO[0m[0000] containerd successfully booted in 0.171409s   [34mmodule[0m=containerd
[STDERR  ] 2017-06-29T00:06:27.736288548Z: starting kernel config sanity test with /proc/config.gz
[STDERR  ] 2017-06-29T00:06:27.736312839Z: [   24.912926] RPC: Registered named UNIX socket transport module.
[STDERR  ] 2017-06-29T00:06:27.736329311Z: [   24.913405] RPC: Registered udp transport module.
[STDERR  ] 2017-06-29T00:06:27.736341832Z: [   24.913686] RPC: Registered tcp transport module.
[STDERR  ] 2017-06-29T00:06:27.736359257Z: [   24.913959] RPC: Registered tcp NFSv4.1 backchannel transport module.
[STDERR  ] 2017-06-29T00:06:27.736375985Z: [   25.021634] FS-Cache: Netfs 'nfs' registered for caching
[STDERR  ] 2017-06-29T00:06:27.73639107Z: [   25.134264] Installing knfsd (copyright (C) 1996 okir@monad.swb.de).
[STDERR  ] 2017-06-29T00:06:27.736409559Z: [   25.194586] ntfs: driver 2.1.32 [Flags: R/O MODULE].
[STDERR  ] 2017-06-29T00:06:27.736416775Z: kernel config test succeeded!
[STDERR  ] 2017-06-29T00:06:27.736429854Z: [37minfo: reading kernel config from /proc/config.gz ...[m
[STDERR  ] 2017-06-29T00:06:27.736460103Z: 
[STDERR  ] 2017-06-29T00:06:27.736473978Z: Generally Necessary:
[STDERR  ] 2017-06-29T00:06:27.736488331Z: - [37mcgroup hierarchy[m: [32mproperly mounted[m [/sys/fs/cgroup]
[STDERR  ] 2017-06-29T00:06:27.736495776Z: - [37mCONFIG_NAMESPACES[m: [32menabled[m
[STDERR  ] 2017-06-29T00:06:27.736508077Z: - [37mCONFIG_NET_NS[m: [32menabled[m
[STDERR  ] 2017-06-29T00:06:27.736530725Z: - [37mCONFIG_PID_NS[m: [32menabled[m
[STDERR  ] 2017-06-29T00:06:27.736546564Z: - [37mCONFIG_IPC_NS[m: [32menabled[m
[STDERR  ] 2017-06-29T00:06:27.736559677Z: - [37mCONFIG_UTS_NS[m: [32menabled[m
[STDERR  ] 2017-06-29T00:06:27.736578319Z: - [37mCONFIG_CGROUPS[m: [32menabled[m
[STDERR  ] 2017-06-29T00:06:27.736591393Z: - [37mCONFIG_CGROUP_CPUACCT[m: [32menabled[m
[STDERR  ] 2017-06-29T00:06:27.736610348Z: - [37mCONFIG_CGROUP_DEVICE[m: [32menabled[m
[STDERR  ] 2017-06-29T00:06:27.736623943Z: - [37mCONFIG_CGROUP_FREEZER[m: [32menabled[m
[STDERR  ] 2017-06-29T00:06:27.73663855Z: - [37mCONFIG_CGROUP_SCHED[m: [32menabled[m
[STDERR  ] 2017-06-29T00:06:27.736653106Z: - [37mCONFIG_CPUSETS[m: [32menabled[m
[STDERR  ] 2017-06-29T00:06:27.736667148Z: - [37mCONFIG_MEMCG[m: [32menabled[m
[STDERR  ] 2017-06-29T00:06:27.736679677Z: - [37mCONFIG_KEYS[m: [32menabled[m
[STDERR  ] 2017-06-29T00:06:27.736694142Z: - [37mCONFIG_VETH[m: [32menabled[m
[STDERR  ] 2017-06-29T00:06:27.736700868Z: - [37mCONFIG_BRIDGE[m: [32menabled[m
[STDERR  ] 2017-06-29T00:06:27.736715475Z: - [37mCONFIG_BRIDGE_NETFILTER[m: [32menabled[m
[STDERR  ] 2017-06-29T00:06:27.736735918Z: - [37mCONFIG_NF_NAT_IPV4[m: [32menabled[m
[STDERR  ] 2017-06-29T00:06:27.736744889Z: - [37mCONFIG_IP_NF_FILTER[m: [32menabled[m
[STDERR  ] 2017-06-29T00:06:27.736759273Z: - [37mCONFIG_IP_NF_TARGET_MASQUERADE[m: [32menabled[m
[STDERR  ] 2017-06-29T00:06:27.736786699Z: - [37mCONFIG_NETFILTER_XT_MATCH_ADDRTYPE[m: [32menabled[m
[STDERR  ] 2017-06-29T00:06:27.736807052Z: - [37mCONFIG_NETFILTER_XT_MATCH_CONNTRACK[m: [32menabled[m
[STDERR  ] 2017-06-29T00:06:27.736822924Z: - [37mCONFIG_NETFILTER_XT_MATCH_IPVS[m: [32menabled[m
[STDERR  ] 2017-06-29T00:06:27.736830286Z: - [37mCONFIG_IP_NF_NAT[m: [32menabled[m
[STDERR  ] 2017-06-29T00:06:27.736843163Z: - [37mCONFIG_NF_NAT[m: [32menabled[m
[STDERR  ] 2017-06-29T00:06:27.73686378Z: - [37mCONFIG_NF_NAT_NEEDED[m: [32menabled[m
[STDERR  ] 2017-06-29T00:06:27.736878163Z: - [37mCONFIG_POSIX_MQUEUE[m: [32menabled[m
[STDERR  ] 2017-06-29T00:06:27.736891139Z: - [37mCONFIG_DEVPTS_MULTIPLE_INSTANCES[m: [32menabled[m
[STDERR  ] 2017-06-29T00:06:27.736905066Z: 
[STDERR  ] 2017-06-29T00:06:27.736918545Z: Optional Features:
[STDERR  ] 2017-06-29T00:06:27.736932182Z: - [37mCONFIG_USER_NS[m: [32menabled[m
[STDERR  ] 2017-06-29T00:06:27.73694637Z: - [37mCONFIG_SECCOMP[m: [32menabled[m
[STDERR  ] 2017-06-29T00:06:27.736953397Z: - [37mCONFIG_CGROUP_PIDS[m: [32menabled[m
[STDERR  ] 2017-06-29T00:06:27.736965973Z: - [37mCONFIG_MEMCG_SWAP[m: [32menabled[m
[STDERR  ] 2017-06-29T00:06:27.736991441Z: - [37mCONFIG_MEMCG_SWAP_ENABLED[m: [32menabled[m
[STDERR  ] 2017-06-29T00:06:27.737006426Z:     [1;30m(cgroup swap accounting is currently enabled)[m
[STDERR  ] 2017-06-29T00:06:27.737014277Z: - [1mCONFIG_LEGACY_VSYSCALL_NONE[m: [1;31menabled[m
[STDERR  ] 2017-06-29T00:06:27.737035191Z:     [1;30m(containers using eglibc <= 2.13 will not work. Switch to[m
[STDERR  ] 2017-06-29T00:06:27.737048281Z:     [1;30m "CONFIG_VSYSCALL_[NATIVE|EMULATE]" or use "vsyscall=[native|emulate]"[m
[STDERR  ] 2017-06-29T00:06:27.737055873Z:     [1;30m on kernel command line. Note that this will disable ASLR for the,[m
[STDERR  ] 2017-06-29T00:06:27.737077262Z:     [1;30m VDSO which may assist in exploiting security vulnerabilities.)[m
[STDERR  ] 2017-06-29T00:06:27.737092683Z: - [37mCONFIG_MEMCG_KMEM[m: [32menabled[m
[STDERR  ] 2017-06-29T00:06:27.737116158Z: - [37mCONFIG_BLK_CGROUP[m: [32menabled[m
[STDERR  ] 2017-06-29T00:06:27.737131071Z: - [37mCONFIG_BLK_DEV_THROTTLING[m: [32menabled[m
[STDERR  ] 2017-06-29T00:06:27.737144471Z: - [37mCONFIG_IOSCHED_CFQ[m: [32menabled[m
[STDERR  ] 2017-06-29T00:06:27.737153234Z: - [37mCONFIG_CFQ_GROUP_IOSCHED[m: [32menabled[m
[STDERR  ] 2017-06-29T00:06:27.737177527Z: - [37mCONFIG_CGROUP_PERF[m: [32menabled[m
[STDERR  ] 2017-06-29T00:06:27.737191125Z: - [37mCONFIG_CGROUP_HUGETLB[m: [32menabled[m
[STDERR  ] 2017-06-29T00:06:27.737206158Z: - [37mCONFIG_NET_CLS_CGROUP[m: [32menabled[m
[STDERR  ] 2017-06-29T00:06:27.737212262Z: - [37mCONFIG_CGROUP_NET_PRIO[m: [32menabled[m
