[INFO    ] 2017-12-07T10:58:20.517208784Z: Running Test linuxkit.packages.format_mount.auto in /tmp/build/test/cases/040_packages/006_format_mount/000_auto
[INFO    ] 2017-12-07T10:58:20.517359879Z: Running command: [/bin/sh -x /tmp/build/test/cases/040_packages/006_format_mount/000_auto/test.sh]
[STDERR  ] 2017-12-07T10:58:20.54516977Z: + set -e
[STDERR  ] 2017-12-07T10:58:20.5452568Z: + . /tmp/build/test/cases/_lib/lib.sh
[STDERR  ] 2017-12-07T10:58:20.54527212Z: + [ -f src/github.com/linuxkit/rtf/lib/lib.sh ]
[STDERR  ] 2017-12-07T10:58:20.545283721Z: + LINUXKIT_TMPDIR=/tmp/build/test/cases/_tmp
[STDERR  ] 2017-12-07T10:58:20.545294049Z: + [ -f /tmp/build/test/cases/_tmp/env.sh ]
[STDERR  ] 2017-12-07T10:58:20.545304559Z: + . /tmp/build/test/cases/_tmp/env.sh
[STDERR  ] 2017-12-07T10:58:20.54531661Z: + export LINUXKIT_EXAMPLES_DIR=/tmp/build/test/cases/../../examples
[STDERR  ] 2017-12-07T10:58:20.545327435Z: + export LINUXKIT_BLUEPRINTS_DIR=/tmp/build/test/cases/../../blueprints
[STDERR  ] 2017-12-07T10:58:20.545338667Z: + RT_CANCEL=253
[STDERR  ] 2017-12-07T10:58:20.545352802Z: + NAME=test-format
[STDERR  ] 2017-12-07T10:58:20.545361647Z: + DISK=disk.img
[STDERR  ] 2017-12-07T10:58:20.545371865Z: + trap clean_up EXIT
[STDERR  ] 2017-12-07T10:58:20.545381189Z: + linuxkit build -format kernel+initrd -name test-format test.yml
[STDERR  ] 2017-12-07T10:58:20.573060302Z: Extract kernel image: linuxkit/kernel:4.9.66
[STDERR  ] 2017-12-07T10:58:21.720900579Z: time="2017-12-07T10:58:21Z" level=warning msg="certificate with CN Justin Cormack is near expiry" 
[STDERR  ] 2017-12-07T10:58:21.720968546Z: time="2017-12-07T10:58:21Z" level=warning msg="certificate with CN  is near expiry" 
[STDERR  ] 2017-12-07T10:58:21.762958369Z: time="2017-12-07T10:58:21Z" level=warning msg="certificate with CN Justin Cormack is near expiry" 
[STDERR  ] 2017-12-07T10:58:22.350292003Z: Add init containers:
[STDERR  ] 2017-12-07T10:58:22.350341302Z: Process init image: linuxkit/init:19ab525233763e1740cd3b9d60cd17141d316776
[STDERR  ] 2017-12-07T10:58:23.47509194Z: time="2017-12-07T10:58:23Z" level=warning msg="certificate with CN Justin Cormack is near expiry" 
[STDERR  ] 2017-12-07T10:58:23.475220937Z: time="2017-12-07T10:58:23Z" level=warning msg="certificate with CN  is near expiry" 
[STDERR  ] 2017-12-07T10:58:23.478655693Z: time="2017-12-07T10:58:23Z" level=warning msg="certificate with CN Justin Cormack is near expiry" 
[STDERR  ] 2017-12-07T10:58:23.480069278Z: time="2017-12-07T10:58:23Z" level=warning msg="certificate with CN  is near expiry" 
[STDERR  ] 2017-12-07T10:58:23.732538756Z: Process init image: linuxkit/runc:1b0741d07949c0acc444cd6a04ee7f833443579d
[STDERR  ] 2017-12-07T10:58:24.819990552Z: time="2017-12-07T10:58:24Z" level=warning msg="certificate with CN  is near expiry" 
[STDERR  ] 2017-12-07T10:58:24.820254956Z: time="2017-12-07T10:58:24Z" level=warning msg="certificate with CN Justin Cormack is near expiry" 
[STDERR  ] 2017-12-07T10:58:24.822285656Z: time="2017-12-07T10:58:24Z" level=warning msg="certificate with CN Justin Cormack is near expiry" 
[STDERR  ] 2017-12-07T10:58:24.823705494Z: time="2017-12-07T10:58:24Z" level=warning msg="certificate with CN  is near expiry" 
[STDERR  ] 2017-12-07T10:58:24.976710283Z: Add onboot containers:
[STDERR  ] 2017-12-07T10:58:24.976756076Z:   Create OCI config for linuxkit/format:6b46d0450082f397177da36be6b4d74d93eacd1e
[STDERR  ] 2017-12-07T10:58:26.00669062Z: time="2017-12-07T10:58:26Z" level=warning msg="certificate with CN  is near expiry" 
[STDERR  ] 2017-12-07T10:58:26.007006438Z: time="2017-12-07T10:58:26Z" level=warning msg="certificate with CN Justin Cormack is near expiry" 
[STDERR  ] 2017-12-07T10:58:26.007142157Z: time="2017-12-07T10:58:26Z" level=warning msg="certificate with CN Rolf Neugebauer is near expiry" 
[STDERR  ] 2017-12-07T10:58:26.008425205Z: time="2017-12-07T10:58:26Z" level=warning msg="certificate with CN Justin Cormack is near expiry" 
[STDERR  ] 2017-12-07T10:58:26.0094837Z: time="2017-12-07T10:58:26Z" level=warning msg="certificate with CN Rolf Neugebauer is near expiry" 
[STDERR  ] 2017-12-07T10:58:26.010269806Z: time="2017-12-07T10:58:26Z" level=warning msg="certificate with CN  is near expiry" 
[STDERR  ] 2017-12-07T10:58:26.337975624Z:   Create OCI config for linuxkit/mount:41685ecc8039643948e5dff46e17584753469a7a
[STDERR  ] 2017-12-07T10:58:27.362626496Z: time="2017-12-07T10:58:27Z" level=warning msg="certificate with CN  is near expiry" 
[STDERR  ] 2017-12-07T10:58:27.362843712Z: time="2017-12-07T10:58:27Z" level=warning msg="certificate with CN Justin Cormack is near expiry" 
[STDERR  ] 2017-12-07T10:58:27.362964549Z: time="2017-12-07T10:58:27Z" level=warning msg="certificate with CN Rolf Neugebauer is near expiry" 
[STDERR  ] 2017-12-07T10:58:27.364070019Z: time="2017-12-07T10:58:27Z" level=warning msg="certificate with CN Justin Cormack is near expiry" 
[STDERR  ] 2017-12-07T10:58:27.365127076Z: time="2017-12-07T10:58:27Z" level=warning msg="certificate with CN Rolf Neugebauer is near expiry" 
[STDERR  ] 2017-12-07T10:58:27.365773997Z: time="2017-12-07T10:58:27Z" level=warning msg="certificate with CN  is near expiry" 
[STDERR  ] 2017-12-07T10:58:27.529837945Z:   Create OCI config for alpine:3.6
[STDERR  ] 2017-12-07T10:58:28.703555092Z:   Create OCI config for linuxkit/poweroff:280bd01daa8776fbe1f4d912977f1886b8374834
[STDERR  ] 2017-12-07T10:58:29.733043365Z: time="2017-12-07T10:58:29Z" level=warning msg="certificate with CN Rolf Neugebauer is near expiry" 
[STDERR  ] 2017-12-07T10:58:29.733088744Z: time="2017-12-07T10:58:29Z" level=warning msg="certificate with CN  is near expiry" 
[STDERR  ] 2017-12-07T10:58:29.73323885Z: time="2017-12-07T10:58:29Z" level=warning msg="certificate with CN Justin Cormack is near expiry" 
[STDERR  ] 2017-12-07T10:58:29.735093281Z: time="2017-12-07T10:58:29Z" level=warning msg="certificate with CN Rolf Neugebauer is near expiry" 
[STDERR  ] 2017-12-07T10:58:29.735860913Z: time="2017-12-07T10:58:29Z" level=warning msg="certificate with CN  is near expiry" 
[STDERR  ] 2017-12-07T10:58:29.899487319Z: Add files:
[STDERR  ] 2017-12-07T10:58:29.899563623Z:   check.sh
[STDERR  ] 2017-12-07T10:58:29.919541432Z: Create outputs:
[STDERR  ] 2017-12-07T10:58:36.429606175Z:   test-format-kernel test-format-initrd.img test-format-cmdline
[STDERR  ] 2017-12-07T10:58:36.497903442Z: + linuxkit run -disk file=disk.img,size=512M test-format
[STDERR  ] 2017-12-07T10:58:36.521061612Z: Unable to find qemu-system-x86_64 within the $PATH. Using a container
[STDERR  ] 2017-12-07T10:59:19.682041322Z: + RESULT=[    0.000000] Linux version 4.9.66-linuxkit (root@31ee3cd32651) (gcc version 6.3.0 (Alpine 6.3.0) ) #1 SMP Fri Dec 1 11:24:49 UTC 2017
[STDERR  ] 2017-12-07T10:59:19.682098592Z: [    0.000000] Command line: console=ttyS0
[STDERR  ] 2017-12-07T10:59:19.682110847Z: [    0.000000] x86/fpu: Legacy x87 FPU detected.
[STDERR  ] 2017-12-07T10:59:19.682121639Z: [    0.000000] x86/fpu: Using 'eager' FPU context switches.
[STDERR  ] 2017-12-07T10:59:19.682132299Z: [    0.000000] e820: BIOS-provided physical RAM map:
[STDERR  ] 2017-12-07T10:59:19.682151137Z: [    0.000000] BIOS-e820: [mem 0x0000000000000000-0x000000000009fbff] usable
[STDERR  ] 2017-12-07T10:59:19.682162342Z: [    0.000000] BIOS-e820: [mem 0x000000000009fc00-0x000000000009ffff] reserved
[STDERR  ] 2017-12-07T10:59:19.682172796Z: [    0.000000] BIOS-e820: [mem 0x00000000000f0000-0x00000000000fffff] reserved
[STDERR  ] 2017-12-07T10:59:19.682186596Z: [    0.000000] BIOS-e820: [mem 0x0000000000100000-0x000000003ffdefff] usable
[STDERR  ] 2017-12-07T10:59:19.682198277Z: [    0.000000] BIOS-e820: [mem 0x000000003ffdf000-0x000000003fffffff] reserved
[STDERR  ] 2017-12-07T10:59:19.682208535Z: [    0.000000] BIOS-e820: [mem 0x00000000b0000000-0x00000000bfffffff] reserved
[STDERR  ] 2017-12-07T10:59:19.682218872Z: [    0.000000] BIOS-e820: [mem 0x00000000fed1c000-0x00000000fed1ffff] reserved
[STDERR  ] 2017-12-07T10:59:19.682229814Z: [    0.000000] BIOS-e820: [mem 0x00000000fffc0000-0x00000000ffffffff] reserved
[STDERR  ] 2017-12-07T10:59:19.682240072Z: [    0.000000] NX (Execute Disable) protection: active
[STDERR  ] 2017-12-07T10:59:19.682261627Z: [    0.000000] SMBIOS 2.8 present.
[STDERR  ] 2017-12-07T10:59:19.682273225Z: [    0.000000] e820: last_pfn = 0x3ffdf max_arch_pfn = 0x400000000
[STDERR  ] 2017-12-07T10:59:19.682294257Z: [    0.000000] x86/PAT: Configuration [0-7]: WB  WC  UC- UC  WB  WC  UC- WT  
[STDERR  ] 2017-12-07T10:59:19.682303949Z: [    0.000000] found SMP MP-table at [mem 0x000f6aa0-0x000f6aaf] mapped at [ffff910a800f6aa0]
[STDERR  ] 2017-12-07T10:59:19.682314016Z: [    0.000000] RAMDISK: [mem 0x3e120000-0x3ffcffff]
[STDERR  ] 2017-12-07T10:59:19.682323725Z: [    0.000000] ACPI: Early table checksum verification disabled
[STDERR  ] 2017-12-07T10:59:19.682333151Z: [    0.000000] ACPI: RSDP 0x00000000000F68C0 000014 (v00 BOCHS )
[STDERR  ] 2017-12-07T10:59:19.682348509Z: [    0.000000] ACPI: RSDT 0x000000003FFE2404 000034 (v01 BOCHS  BXPCRSDT 00000001 BXPC 00000001)
[STDERR  ] 2017-12-07T10:59:19.682359551Z: [    0.000000] ACPI: FACP 0x000000003FFE22A4 000074 (v01 BOCHS  BXPCFACP 00000001 BXPC 00000001)
[STDERR  ] 2017-12-07T10:59:19.682370517Z: [    0.000000] ACPI: DSDT 0x000000003FFE0040 002264 (v01 BOCHS  BXPCDSDT 00000001 BXPC 00000001)
[STDERR  ] 2017-12-07T10:59:19.682380919Z: [    0.000000] ACPI: FACS 0x000000003FFE0000 000040
[STDERR  ] 2017-12-07T10:59:19.682390814Z: [    0.000000] ACPI: APIC 0x000000003FFE2318 000078 (v01 BOCHS  BXPCAPIC 00000001 BXPC 00000001)
[STDERR  ] 2017-12-07T10:59:19.682402561Z: [    0.000000] ACPI: HPET 0x000000003FFE2390 000038 (v01 BOCHS  BXPCHPET 00000001 BXPC 00000001)
[STDERR  ] 2017-12-07T10:59:19.682413581Z: [    0.000000] ACPI: MCFG 0x000000003FFE23C8 00003C (v01 BOCHS  BXPCMCFG 00000001 BXPC 00000001)
[STDERR  ] 2017-12-07T10:59:19.682424495Z: [    0.000000] Zone ranges:
[STDERR  ] 2017-12-07T10:59:19.682434725Z: [    0.000000]   DMA      [mem 0x0000000000001000-0x0000000000ffffff]
[STDERR  ] 2017-12-07T10:59:19.682445463Z: [    0.000000]   DMA32    [mem 0x0000000001000000-0x000000003ffdefff]
[STDERR  ] 2017-12-07T10:59:19.682460055Z: [    0.000000]   Normal   empty
[STDERR  ] 2017-12-07T10:59:19.682470331Z: [    0.000000] Movable zone start for each node
[STDERR  ] 2017-12-07T10:59:19.682480534Z: [    0.000000] Early memory node ranges
[STDERR  ] 2017-12-07T10:59:19.682490614Z: [    0.000000]   node   0: [mem 0x0000000000001000-0x000000000009efff]
[STDERR  ] 2017-12-07T10:59:19.682509663Z: [    0.000000]   node   0: [mem 0x0000000000100000-0x000000003ffdefff]
[STDERR  ] 2017-12-07T10:59:19.68252044Z: [    0.000000] Initmem setup node 0 [mem 0x0000000000001000-0x000000003ffdefff]
[STDERR  ] 2017-12-07T10:59:19.682530603Z: [    0.000000] ACPI: PM-Timer IO Port: 0x608
[STDERR  ] 2017-12-07T10:59:19.682540293Z: [    0.000000] ACPI: LAPIC_NMI (acpi_id[0xff] dfl dfl lint[0x1])
[STDERR  ] 2017-12-07T10:59:19.682550133Z: [    0.000000] IOAPIC[0]: apic_id 0, version 32, address 0xfec00000, GSI 0-23
[STDERR  ] 2017-12-07T10:59:19.682559494Z: [    0.000000] ACPI: INT_SRC_OVR (bus 0 bus_irq 0 global_irq 2 dfl dfl)
[STDERR  ] 2017-12-07T10:59:19.682569328Z: [    0.000000] ACPI: INT_SRC_OVR (bus 0 bus_irq 5 global_irq 5 high level)
[STDERR  ] 2017-12-07T10:59:19.682578973Z: [    0.000000] ACPI: INT_SRC_OVR (bus 0 bus_irq 9 global_irq 9 high level)
[STDERR  ] 2017-12-07T10:59:19.68258858Z: [    0.000000] ACPI: INT_SRC_OVR (bus 0 bus_irq 10 global_irq 10 high level)
[STDERR  ] 2017-12-07T10:59:19.682598815Z: [    0.000000] ACPI: INT_SRC_OVR (bus 0 bus_irq 11 global_irq 11 high level)
[STDERR  ] 2017-12-07T10:59:19.682608453Z: [    0.000000] Using ACPI (MADT) for SMP configuration information
[STDERR  ] 2017-12-07T10:59:19.682618876Z: [    0.000000] ACPI: HPET id: 0x8086a201 base: 0xfed00000
[STDERR  ] 2017-12-07T10:59:19.682629165Z: [    0.000000] smpboot: Allowing 1 CPUs, 0 hotplug CPUs
[STDERR  ] 2017-12-07T10:59:19.682642814Z: [    0.000000] e820: [mem 0x40000000-0xafffffff] available for PCI devices
[STDERR  ] 2017-12-07T10:59:19.682652268Z: [    0.000000] Booting paravirtualized kernel on bare hardware
[STDERR  ] 2017-12-07T10:59:19.6826612Z: [    0.000000] clocksource: refined-jiffies: mask: 0xffffffff max_cycles: 0xffffffff, max_idle_ns: 19112604462750000 ns
[STDERR  ] 2017-12-07T10:59:19.682677624Z: [    0.000000] setup_percpu: NR_CPUS:128 nr_cpumask_bits:128 nr_cpu_ids:1 nr_node_ids:1
[STDERR  ] 2017-12-07T10:59:19.682688045Z: [    0.000000] percpu: Embedded 35 pages/cpu @ffff910abde00000 s105048 r8192 d30120 u2097152
[STDERR  ] 2017-12-07T10:59:19.682698493Z: [    0.000000] Built 1 zonelists in Zone order, mobility grouping on.  Total pages: 257896
[STDERR  ] 2017-12-07T10:59:19.682712481Z: [    0.000000] Kernel command line: console=ttyS0
[STDERR  ] 2017-12-07T10:59:19.682721221Z: [    0.000000] PID hash table entries: 4096 (order: 3, 32768 bytes)
[STDERR  ] 2017-12-07T10:59:19.682730421Z: [    0.000000] Dentry cache hash table entries: 131072 (order: 8, 1048576 bytes)
[STDERR  ] 2017-12-07T10:59:19.682739945Z: [    0.000000] Inode-cache hash table entries: 65536 (order: 7, 524288 bytes)
[STDERR  ] 2017-12-07T10:59:19.682750381Z: [    0.000000] Memory: 982748K/1048052K available (8047K kernel code, 1367K rwdata, 2700K rodata, 1380K init, 568K bss, 65304K reserved, 0K cma-reserved)
[STDERR  ] 2017-12-07T10:59:19.682798861Z: [    0.000000] Hierarchical RCU implementation.
[STDERR  ] 2017-12-07T10:59:19.682808701Z: [    0.000000] 	Build-time adjustment of leaf fanout to 64.
[STDERR  ] 2017-12-07T10:59:19.682817441Z: [    0.000000] 	RCU restricting CPUs from NR_CPUS=128 to nr_cpu_ids=1.
[STDERR  ] 2017-12-07T10:59:19.682828114Z: [    0.000000] RCU: Adjusting geometry for rcu_fanout_leaf=64, nr_cpu_ids=1
[STDERR  ] 2017-12-07T10:59:19.682838413Z: [    0.000000] NR_IRQS:8448 nr_irqs:256 16
[STDERR  ] 2017-12-07T10:59:19.68286232Z: [    0.000000] Console: colour VGA+ 80x25
[STDERR  ] 2017-12-07T10:59:19.682872577Z: [    0.000000] console [ttyS0] enabled
[STDERR  ] 2017-12-07T10:59:19.682881674Z: [    0.000000] clocksource: hpet: mask: 0xffffffff max_cycles: 0xffffffff, max_idle_ns: 19112604467 ns
[STDERR  ] 2017-12-07T10:59:19.682891874Z: [    0.000000] tsc: Fast TSC calibration using PIT
[STDERR  ] 2017-12-07T10:59:19.682900749Z: [    0.000000] tsc: Detected 2600.027 MHz processor
[STDERR  ] 2017-12-07T10:59:19.682909287Z: [    0.032427] Calibrating delay loop (skipped), value calculated using timer frequency.. 5200.05 BogoMIPS (lpj=26000270)
[STDERR  ] 2017-12-07T10:59:19.682919264Z: [    0.033770] pid_max: default: 32768 minimum: 301
[STDERR  ] 2017-12-07T10:59:19.682934414Z: [    0.034927] ACPI: Core revision 20160831
[STDERR  ] 2017-12-07T10:59:19.682943663Z: [    0.078296] ACPI: 1 ACPI AML tables successfully acquired and loaded
[STDERR  ] 2017-12-07T10:59:19.682954314Z: [    0.083515] Security Framework initialized
[STDERR  ] 2017-12-07T10:59:19.68296348Z: [    0.084020] Yama: becoming mindful.
[STDERR  ] 2017-12-07T10:59:19.68297285Z: [    0.087184] Mount-cache hash table entries: 2048 (order: 2, 16384 bytes)
[STDERR  ] 2017-12-07T10:59:19.682982493Z: [    0.087864] Mountpoint-cache hash table entries: 2048 (order: 2, 16384 bytes)
[STDERR  ] 2017-12-07T10:59:19.682991712Z: [    0.106983] Last level iTLB entries: 4KB 0, 2MB 0, 4MB 0
[STDERR  ] 2017-12-07T10:59:19.683000704Z: [    0.107507] Last level dTLB entries: 4KB 0, 2MB 0, 4MB 0, 1GB 0
[STDERR  ] 2017-12-07T10:59:19.683009794Z: [    0.437818] Freeing SMP alternatives memory: 20K
[STDERR  ] 2017-12-07T10:59:19.683018549Z: [    0.448426] ftrace: allocating 35538 entries in 139 pages
[STDERR  ] 2017-12-07T10:59:19.683028604Z: [    0.604806] smpboot: Max logical packages: 1
[STDERR  ] 2017-12-07T10:59:19.683038125Z: [    0.614668] ..TIMER: vector=0x30 apic1=0 pin1=2 apic2=-1 pin2=-1
[STDERR  ] 2017-12-07T10:59:19.683048089Z: [    0.720000] smpboot: CPU0: AMD QEMU Virtual CPU version 2.5+ (family: 0x6, model: 0x6, stepping: 0x3)
[STDERR  ] 2017-12-07T10:59:19.68305838Z: [    0.720000] Performance Events: PMU not available due to virtualization, using software events only.
[STDERR  ] 2017-12-07T10:59:19.683067954Z: [    0.728938] NMI watchdog: disabled (cpu0): hardware events not enabled
[STDERR  ] 2017-12-07T10:59:19.683078332Z: [    0.729513] NMI watchdog: Shutting down hard lockup detector on all cpus
[STDERR  ] 2017-12-07T10:59:19.683096384Z: [    0.733643] x86: Booted up 1 node, 1 CPUs
[STDERR  ] 2017-12-07T10:59:19.683109805Z: [    0.734117] smpboot: Total of 1 processors activated (5200.05 BogoMIPS)
[STDERR  ] 2017-12-07T10:59:19.683119489Z: [    0.748337] devtmpfs: initialized
[STDERR  ] 2017-12-07T10:59:19.683130983Z: [    0.753629] x86/mm: Memory block size: 128MB
[STDERR  ] 2017-12-07T10:59:19.683140425Z: [    0.819284] clocksource: jiffies: mask: 0xffffffff max_cycles: 0xffffffff, max_idle_ns: 19112604462750000 ns
[STDERR  ] 2017-12-07T10:59:19.683150235Z: [    0.820410] futex hash table entries: 256 (order: 2, 16384 bytes)
[STDERR  ] 2017-12-07T10:59:19.683158902Z: [    0.830150] NET: Registered protocol family 16
[STDERR  ] 2017-12-07T10:59:19.683168354Z: [    0.839847] cpuidle: using governor ladder
[STDERR  ] 2017-12-07T10:59:19.683177854Z: [    0.840663] cpuidle: using governor menu
[STDERR  ] 2017-12-07T10:59:19.683187283Z: [    0.841991] ACPI: bus type PCI registered
[STDERR  ] 2017-12-07T10:59:19.68319752Z: [    0.844929] PCI: MMCONFIG for domain 0000 [bus 00-ff] at [mem 0xb0000000-0xbfffffff] (base 0xb0000000)
[STDERR  ] 2017-12-07T10:59:19.683207793Z: [    0.845759] PCI: MMCONFIG at [mem 0xb0000000-0xbfffffff] reserved in E820
[STDERR  ] 2017-12-07T10:59:19.68321772Z: [    0.847183] PCI: Using configuration type 1 for base access
[STDERR  ] 2017-12-07T10:59:19.683227983Z: [    0.904876] HugeTLB registered 2 MB page size, pre-allocated 0 pages
[STDERR  ] 2017-12-07T10:59:19.683238464Z: [    0.917312] ACPI: Added _OSI(Module Device)
[STDERR  ] 2017-12-07T10:59:19.683248935Z: [    0.917723] ACPI: Added _OSI(Processor Device)
[STDERR  ] 2017-12-07T10:59:19.683258804Z: [    0.918044] ACPI: Added _OSI(3.0 _SCP Extensions)
[STDERR  ] 2017-12-07T10:59:19.683268582Z: [    0.918342] ACPI: Added _OSI(Processor Aggregator Device)
[STDERR  ] 2017-12-07T10:59:19.683278324Z: [    0.995386] ACPI: Interpreter enabled
[STDERR  ] 2017-12-07T10:59:19.683297449Z: [    0.996465] ACPI: (supports S0 S5)
[STDERR  ] 2017-12-07T10:59:19.683308243Z: [    0.996830] ACPI: Using IOAPIC for interrupt routing
[STDERR  ] 2017-12-07T10:59:19.683318216Z: [    0.999647] PCI: Using host bridge windows from ACPI; if necessary, use "pci=nocrs" and report a bug
[STDERR  ] 2017-12-07T10:59:19.683335224Z: [    1.065885] ACPI: PCI Root Bridge [PCI0] (domain 0000 [bus 00-ff])
[STDERR  ] 2017-12-07T10:59:19.683346208Z: [    1.067212] acpi PNP0A08:00: _OSC: OS supports [ExtendedConfig ASPM ClockPM Segments MSI]
[STDERR  ] 2017-12-07T10:59:19.683362379Z: [    1.074356] acpi PNP0A08:00: _OSC: OS now controls [PCIeHotplug PME PCIeCapability]
[STDERR  ] 2017-12-07T10:59:19.683371589Z: [    1.078115] PCI host bridge to bus 0000:00
[STDERR  ] 2017-12-07T10:59:19.683380231Z: [    1.078704] pci_bus 0000:00: root bus resource [io  0x0000-0x0cf7 window]
[STDERR  ] 2017-12-07T10:59:19.683389273Z: [    1.079171] pci_bus 0000:00: root bus resource [io  0x0d00-0xffff window]
[STDERR  ] 2017-12-07T10:59:19.683398263Z: [    1.079590] pci_bus 0000:00: root bus resource [mem 0x000a0000-0x000bffff window]
[STDERR  ] 2017-12-07T10:59:19.683407359Z: [    1.080169] pci_bus 0000:00: root bus resource [mem 0xc0000000-0xfebfffff window]
[STDERR  ] 2017-12-07T10:59:19.683416901Z: [    1.080954] pci_bus 0000:00: root bus resource [bus 00-ff]
[STDERR  ] 2017-12-07T10:59:19.683428592Z: [    1.192344] pci 0000:00:1f.0: quirk: [io  0x0600-0x067f] claimed by ICH6 ACPI/GPIO/TCO
[STDERR  ] 2017-12-07T10:59:19.683441694Z: [    1.254706] ACPI: PCI Interrupt Link [LNKA] (IRQs 5 *10 11)
[STDERR  ] 2017-12-07T10:59:19.683451163Z: [    1.257807] ACPI: PCI Interrupt Link [LNKB] (IRQs 5 *10 11)
[STDERR  ] 2017-12-07T10:59:19.683460184Z: [    1.260963] ACPI: PCI Interrupt Link [LNKC] (IRQs 5 10 *11)
[STDERR  ] 2017-12-07T10:59:19.683469323Z: [    1.262906] ACPI: PCI Interrupt Link [LNKD] (IRQs 5 10 *11)
[STDERR  ] 2017-12-07T10:59:19.683479009Z: [    1.264809] ACPI: PCI Interrupt Link [LNKE] (IRQs 5 *10 11)
[STDERR  ] 2017-12-07T10:59:19.683495616Z: [    1.266737] ACPI: PCI Interrupt Link [LNKF] (IRQs 5 *10 11)
[STDERR  ] 2017-12-07T10:59:19.683505364Z: [    1.268689] ACPI: PCI Interrupt Link [LNKG] (IRQs 5 10 *11)
[STDERR  ] 2017-12-07T10:59:19.683514428Z: [    1.270984] ACPI: PCI Interrupt Link [LNKH] (IRQs 5 10 *11)
[STDERR  ] 2017-12-07T10:59:19.683523499Z: [    1.272025] ACPI: PCI Interrupt Link [GSIA] (IRQs *16)
[STDERR  ] 2017-12-07T10:59:19.683532718Z: [    1.272814] ACPI: PCI Interrupt Link [GSIB] (IRQs *17)
[STDERR  ] 2017-12-07T10:59:19.683541844Z: [    1.273634] ACPI: PCI Interrupt Link [GSIC] (IRQs *18)
[STDERR  ] 2017-12-07T10:59:19.683550888Z: [    1.274417] ACPI: PCI Interrupt Link [GSID] (IRQs *19)
[STDERR  ] 2017-12-07T10:59:19.683564054Z: [    1.275195] ACPI: PCI Interrupt Link [GSIE] (IRQs *20)
[STDERR  ] 2017-12-07T10:59:19.683573229Z: [    1.275985] ACPI: PCI Interrupt Link [GSIF] (IRQs *21)
[STDERR  ] 2017-12-07T10:59:19.683582526Z: [    1.276785] ACPI: PCI Interrupt Link [GSIG] (IRQs *22)
[STDERR  ] 2017-12-07T10:59:19.683591874Z: [    1.277531] ACPI: PCI Interrupt Link [GSIH] (IRQs *23)
[STDERR  ] 2017-12-07T10:59:19.683600456Z: [    1.281693] ACPI: Enabled 2 GPEs in block 00 to 3F
[STDERR  ] 2017-12-07T10:59:19.683612493Z: [    1.286050] SCSI subsystem initialized
[STDERR  ] 2017-12-07T10:59:19.683620906Z: [    1.287916] ACPI: bus type USB registered
[STDERR  ] 2017-12-07T10:59:19.683629318Z: [    1.289158] usbcore: registered new interface driver usbfs
[STDERR  ] 2017-12-07T10:59:19.683638643Z: [    1.290399] usbcore: registered new interface driver hub
[STDERR  ] 2017-12-07T10:59:19.683648116Z: [    1.291320] usbcore: registered new device driver usb
[STDERR  ] 2017-12-07T10:59:19.683657361Z: [    1.292600] pps_core: LinuxPPS API ver. 1 registered
[STDERR  ] 2017-12-07T10:59:19.683666992Z: [    1.292959] pps_core: Software ver. 5.3.6 - Copyright 2005-2007 Rodolfo Giometti <giometti@linux.it>
[STDERR  ] 2017-12-07T10:59:19.683676903Z: [    1.293727] PTP clock support registered
[STDERR  ] 2017-12-07T10:59:19.683685536Z: [    1.294950] wmi: Mapper loaded
[STDERR  ] 2017-12-07T10:59:19.68369408Z: [    1.296219] PCI: Using ACPI for IRQ routing
[STDERR  ] 2017-12-07T10:59:19.683702401Z: [    1.315504] NetLabel: Initializing
[STDERR  ] 2017-12-07T10:59:19.683710765Z: [    1.315742] NetLabel:  domain hash size = 128
[STDERR  ] 2017-12-07T10:59:19.683725918Z: [    1.316220] NetLabel:  protocols = UNLABELED CIPSOv4
[STDERR  ] 2017-12-07T10:59:19.683741651Z: [    1.319068] NetLabel:  unlabeled traffic allowed by default
[STDERR  ] 2017-12-07T10:59:19.683754038Z: [    1.320520] HPET: 3 timers in total, 0 timers will be used for per-cpu timer
[STDERR  ] 2017-12-07T10:59:19.683771222Z: [    1.321341] hpet0: at MMIO 0xfed00000, IRQs 2, 8, 0
[STDERR  ] 2017-12-07T10:59:19.683779583Z: [    1.321945] hpet0: 3 comparators, 64-bit 100.000000 MHz counter
[STDERR  ] 2017-12-07T10:59:19.683788753Z: [    1.327291] clocksource: Switched to clocksource hpet
[STDERR  ] 2017-12-07T10:59:19.68380112Z: [    1.620843] VFS: Disk quotas dquot_6.6.0
[STDERR  ] 2017-12-07T10:59:19.683809897Z: [    1.621767] VFS: Dquot-cache hash table entries: 512 (order 0, 4096 bytes)
[STDERR  ] 2017-12-07T10:59:19.683820093Z: [    1.625878] FS-Cache: Loaded
[STDERR  ] 2017-12-07T10:59:19.683829627Z: [    1.631553] CacheFiles: Loaded
[STDERR  ] 2017-12-07T10:59:19.683838463Z: [    1.634035] pnp: PnP ACPI init
[STDERR  ] 2017-12-07T10:59:19.683847111Z: [    1.647969] pnp: PnP ACPI: found 5 devices
[STDERR  ] 2017-12-07T10:59:19.683855322Z: [    1.705216] clocksource: acpi_pm: mask: 0xffffff max_cycles: 0xffffff, max_idle_ns: 2085701024 ns
[STDERR  ] 2017-12-07T10:59:19.683863988Z: [    1.709614] NET: Registered protocol family 2
[STDERR  ] 2017-12-07T10:59:19.683878033Z: [    1.717419] TCP established hash table entries: 8192 (order: 4, 65536 bytes)
[STDERR  ] 2017-12-07T10:59:19.683888443Z: [    1.718485] TCP bind hash table entries: 8192 (order: 5, 131072 bytes)
[STDERR  ] 2017-12-07T10:59:19.683897965Z: [    1.719330] TCP: Hash tables configured (established 8192 bind 8192)
[STDERR  ] 2017-12-07T10:59:19.683913882Z: [    1.721534] UDP hash table entries: 512 (order: 2, 16384 bytes)
[STDERR  ] 2017-12-07T10:59:19.683924145Z: [    1.722218] UDP-Lite hash table entries: 512 (order: 2, 16384 bytes)
[STDERR  ] 2017-12-07T10:59:19.68393344Z: [    1.724775] NET: Registered protocol family 1
[STDERR  ] 2017-12-07T10:59:19.683942557Z: [    1.726000] pci 0000:00:01.0: Video device with shadowed ROM at [mem 0x000c0000-0x000dffff]
[STDERR  ] 2017-12-07T10:59:19.683951523Z: [    1.735010] Unpacking initramfs...
[STDERR  ] 2017-12-07T10:59:19.683960881Z: [    6.895238] Freeing initrd memory: 31424K
[STDERR  ] 2017-12-07T10:59:19.683970333Z: [    6.924218] PCLMULQDQ-NI instructions are not detected.
[STDERR  ] 2017-12-07T10:59:19.683979477Z: [    6.925944] AVX or AES-NI instructions are not detected.
[STDERR  ] 2017-12-07T10:59:19.683988445Z: [    6.926496] CPU feature 'AVX registers' is not supported.
[STDERR  ] 2017-12-07T10:59:19.683996863Z: [    6.926958] CPU feature 'AVX registers' is not supported.
[STDERR  ] 2017-12-07T10:59:19.684002608Z: [    6.927428] CPU feature 'AVX registers' is not supported.
[STDERR  ] 2017-12-07T10:59:19.6840083Z: [    6.927840] CPU feature 'AVX registers' is not supported.
[STDERR  ] 2017-12-07T10:59:19.684013888Z: [    6.928294] AVX2 or AES-NI instructions are not detected.
[STDERR  ] 2017-12-07T10:59:19.684019411Z: [    6.928743] AVX2 instructions are not detected.
[STDERR  ] 2017-12-07T10:59:19.68402496Z: [    6.935628] audit: initializing netlink subsys (disabled)
[STDERR  ] 2017-12-07T10:59:19.684030493Z: [    6.937443] audit: type=2000 audit(1512644324.930:1): initialized
[STDERR  ] 2017-12-07T10:59:19.684036011Z: [    6.946434] workingset: timestamp_bits=46 max_order=18 bucket_order=0
[STDERR  ] 2017-12-07T10:59:19.684044783Z: [    6.951795] squashfs: version 4.0 (2009/01/31) Phillip Lougher
[STDERR  ] 2017-12-07T10:59:19.684050523Z: [    6.957344] FS-Cache: Netfs 'cifs' registered for caching
[STDERR  ] 2017-12-07T10:59:19.684056017Z: [    6.958474] fuse init (API version 7.26)
[STDERR  ] 2017-12-07T10:59:19.684061505Z: [    6.961865] SGI XFS with ACLs, security attributes, no debug enabled
[STDERR  ] 2017-12-07T10:59:19.684067598Z: [    6.967502] 9p: Installing v9fs 9p2000 file system support
[STDERR  ] 2017-12-07T10:59:19.684075675Z: [    6.968232] FS-Cache: Netfs '9p' registered for caching
[STDERR  ] 2017-12-07T10:59:19.684091337Z: [    7.007153] NET: Registered protocol family 38
[STDERR  ] 2017-12-07T10:59:19.684101307Z: [    7.007901] Key type asymmetric registered
[STDERR  ] 2017-12-07T10:59:19.68411048Z: [    7.008376] Asymmetric key parser 'x509' registered
[STDERR  ] 2017-12-07T10:59:19.684122446Z: [    7.009499] Block layer SCSI generic (bsg) driver version 0.4 loaded (major 251)
[STDERR  ] 2017-12-07T10:59:19.684132207Z: [    7.013496] io scheduler noop registered
[STDERR  ] 2017-12-07T10:59:19.68414098Z: [    7.013889] io scheduler deadline registered (default)
[STDERR  ] 2017-12-07T10:59:19.684149661Z: [    7.014867] io scheduler cfq registered
[STDERR  ] 2017-12-07T10:59:19.684166242Z: [    7.017702] pci_hotplug: PCI Hot Plug PCI Core version: 0.5
[STDERR  ] 2017-12-07T10:59:19.684172012Z: [    7.018376] pciehp: PCI Express Hot Plug Controller Driver version: 0.4
[STDERR  ] 2017-12-07T10:59:19.684178156Z: [    7.019317] shpchp: Standard Hot Plug PCI Controller Driver version: 0.4
[STDERR  ] 2017-12-07T10:59:19.684183854Z: [    7.020665] hv_vmbus: registering driver hyperv_fb
[STDERR  ] 2017-12-07T10:59:19.684189371Z: [    7.024256] input: Power Button as /devices/LNXSYSTM:00/LNXPWRBN:00/input/input0
[STDERR  ] 2017-12-07T10:59:19.684194949Z: [    7.025435] ACPI: Power Button [PWRF]
[STDERR  ] 2017-12-07T10:59:19.684200604Z: [    7.031274] GHES: HEST is not enabled!
[STDERR  ] 2017-12-07T10:59:19.684228596Z: [    7.042985] ACPI: PCI Interrupt Link [GSIG] enabled at IRQ 22
[STDERR  ] 2017-12-07T10:59:19.684234346Z: [    7.058137] ACPI: PCI Interrupt Link [GSIH] enabled at IRQ 23
[STDERR  ] 2017-12-07T10:59:19.684239906Z: [    7.064251] xenfs: not registering filesystem on non-xen platform
[STDERR  ] 2017-12-07T10:59:19.684249912Z: [    7.066645] Serial: 8250/16550 driver, 4 ports, IRQ sharing disabled
[STDERR  ] 2017-12-07T10:59:19.684255849Z: [    7.090939] 00:04: ttyS0 at I/O 0x3f8 (irq = 4, base_baud = 115200) is a 16550A
[STDERR  ] 2017-12-07T10:59:19.684261414Z: [    7.103478] Non-volatile memory driver v1.3
[STDERR  ] 2017-12-07T10:59:19.684266976Z: [    7.111632] Hangcheck: starting hangcheck timer 0.9.1 (tick is 180 seconds, margin is 60 seconds).
[STDERR  ] 2017-12-07T10:59:19.684273329Z: [    7.117043] random: fast init done
[STDERR  ] 2017-12-07T10:59:19.684278759Z: [    7.118343] random: crng init done
[STDERR  ] 2017-12-07T10:59:19.684284247Z: [    7.156533] loop: module loaded
[STDERR  ] 2017-12-07T10:59:19.684289821Z: [    7.174089] nbd: registered device at major 43
[STDERR  ] 2017-12-07T10:59:19.684297714Z: [    7.220797] lpc_ich 0000:00:1f.0: I/O space for GPIO uninitialized
[STDERR  ] 2017-12-07T10:59:19.684307727Z: [    7.223447] VMware PVSCSI driver - version 1.0.7.0-k
[STDERR  ] 2017-12-07T10:59:19.684316964Z: [    7.224440] hv_vmbus: registering driver hv_storvsc
[STDERR  ] 2017-12-07T10:59:19.684331434Z: [    7.236855] ACPI: PCI Interrupt Link [GSIA] enabled at IRQ 16
[STDERR  ] 2017-12-07T10:59:19.684341651Z: [    7.245550] ahci 0000:00:1f.2: AHCI 0001.0000 32 slots 6 ports 1.5 Gbps 0x3f impl SATA mode
[STDERR  ] 2017-12-07T10:59:19.684351161Z: [    7.246495] ahci 0000:00:1f.2: flags: 64bit ncq only 
[STDERR  ] 2017-12-07T10:59:19.684360621Z: [    7.270000] scsi host0: ahci
[STDERR  ] 2017-12-07T10:59:19.684366734Z: [    7.276084] scsi host1: ahci
[STDERR  ] 2017-12-07T10:59:19.68437232Z: [    7.278906] scsi host2: ahci
[STDERR  ] 2017-12-07T10:59:19.684383414Z: [    7.282675] scsi host3: ahci
[STDERR  ] 2017-12-07T10:59:19.684389176Z: [    7.285143] scsi host4: ahci
[STDERR  ] 2017-12-07T10:59:19.684394704Z: [    7.288551] scsi host5: ahci
[STDERR  ] 2017-12-07T10:59:19.684400277Z: [    7.291253] ata1: SATA max UDMA/133 abar m4096@0xfebd2000 port 0xfebd2100 irq 24
[STDERR  ] 2017-12-07T10:59:19.684406889Z: [    7.291880] ata2: SATA max UDMA/133 abar m4096@0xfebd2000 port 0xfebd2180 irq 24
[STDERR  ] 2017-12-07T10:59:19.684412922Z: [    7.292408] ata3: SATA max UDMA/133 abar m4096@0xfebd2000 port 0xfebd2200 irq 24
[STDERR  ] 2017-12-07T10:59:19.684422806Z: [    7.292896] ata4: SATA max UDMA/133 abar m4096@0xfebd2000 port 0xfebd2280 irq 24
[STDERR  ] 2017-12-07T10:59:19.684428584Z: [    7.293311] ata5: SATA max UDMA/133 abar m4096@0xfebd2000 port 0xfebd2300 irq 24
[STDERR  ] 2017-12-07T10:59:19.684434592Z: [    7.293826] ata6: SATA max UDMA/133 abar m4096@0xfebd2000 port 0xfebd2380 irq 24
[STDERR  ] 2017-12-07T10:59:19.684440097Z: [    7.307995] tun: Universal TUN/TAP device driver, 1.6
[STDERR  ] 2017-12-07T10:59:19.684445704Z: [    7.308786] tun: (C) 1999-2004 Max Krasnyansky <maxk@qualcomm.com>
[STDERR  ] 2017-12-07T10:59:19.684451177Z: [    7.320696] VMware vmxnet3 virtual NIC driver - version 1.4.a.0-k-NAPI
[STDERR  ] 2017-12-07T10:59:19.684456714Z: [    7.321706] hv_vmbus: registering driver hv_netvsc
[STDERR  ] 2017-12-07T10:59:19.684464769Z: [    7.322059] Fusion MPT base driver 3.04.20
[STDERR  ] 2017-12-07T10:59:19.684470501Z: [    7.322366] Copyright (c) 1999-2008 LSI Corporation
[STDERR  ] 2017-12-07T10:59:19.684476102Z: [    7.323068] Fusion MPT SPI Host driver 3.04.20
[STDERR  ] 2017-12-07T10:59:19.684481591Z: [    7.326083] i8042: PNP: PS/2 Controller [PNP0303:KBD,PNP0f13:MOU] at 0x60,0x64 irq 1,12
[STDERR  ] 2017-12-07T10:59:19.684487196Z: [    7.331052] serio: i8042 KBD port at 0x60,0x64 irq 1
[STDERR  ] 2017-12-07T10:59:19.684492847Z: [    7.331783] serio: i8042 AUX port at 0x60,0x64 irq 12
[STDERR  ] 2017-12-07T10:59:19.68449842Z: [    7.334935] hv_vmbus: registering driver hyperv_keyboard
[STDERR  ] 2017-12-07T10:59:19.684504031Z: [    7.337209] mousedev: PS/2 mouse device common for all mice
[STDERR  ] 2017-12-07T10:59:19.684513496Z: [    7.342508] input: AT Translated Set 2 keyboard as /devices/platform/i8042/serio0/input/input1
[STDERR  ] 2017-12-07T10:59:19.684522572Z: [    7.345510] input: PC Speaker as /devices/platform/pcspkr/input/input2
[STDERR  ] 2017-12-07T10:59:19.684529033Z: [    7.349158] rtc_cmos 00:00: RTC can wake from S4
[STDERR  ] 2017-12-07T10:59:19.68453934Z: [    7.352967] rtc_cmos 00:00: rtc core: registered rtc_cmos as rtc0
[STDERR  ] 2017-12-07T10:59:19.684547298Z: [    7.354405] rtc_cmos 00:00: alarms up to one day, y3k, 114 bytes nvram, hpet irqs
[STDERR  ] 2017-12-07T10:59:19.684553193Z: [    7.355237] i2c /dev entries driver
[STDERR  ] 2017-12-07T10:59:19.684558761Z: [    7.357171] device-mapper: ioctl: 4.35.0-ioctl (2016-06-23) initialised: dm-devel@redhat.com
[STDERR  ] 2017-12-07T10:59:19.684565258Z: [    7.362185] usbcore: registered new interface driver usbhid
[STDERR  ] 2017-12-07T10:59:19.68457084Z: [    7.362674] usbhid: USB HID core driver
[STDERR  ] 2017-12-07T10:59:19.68457645Z: [    7.363351] hv_utils: Registering HyperV Utility Driver
[STDERR  ] 2017-12-07T10:59:19.684582031Z: [    7.363710] hv_vmbus: registering driver hv_util
[STDERR  ] 2017-12-07T10:59:19.6845875Z: [    7.364021] hv_vmbus: registering driver hv_balloon
[STDERR  ] 2017-12-07T10:59:19.684593106Z: [    7.364649] oprofile: using NMI interrupt.
[STDERR  ] 2017-12-07T10:59:19.684598746Z: [    7.365767] GACT probability on
[STDERR  ] 2017-12-07T10:59:19.684604329Z: [    7.366264] Mirror/redirect action on
[STDERR  ] 2017-12-07T10:59:19.68460984Z: [    7.367229] Simple TC action Loaded
[STDERR  ] 2017-12-07T10:59:19.684615426Z: [    7.367924] u32 classifier
[STDERR  ] 2017-12-07T10:59:19.684621085Z: [    7.368128]     Performance counters on
[STDERR  ] 2017-12-07T10:59:19.684626679Z: [    7.368398]     input device check on
[STDERR  ] 2017-12-07T10:59:19.684632236Z: [    7.368640]     Actions configured
[STDERR  ] 2017-12-07T10:59:19.684637915Z: [    7.369306] Netfilter messages via NETLINK v0.30.
[STDERR  ] 2017-12-07T10:59:19.684643518Z: [    7.370617] nfnl_acct: registering with nfnetlink.
[STDERR  ] 2017-12-07T10:59:19.68464895Z: [    7.372034] nf_conntrack version 0.5.0 (8192 buckets, 32768 max)
[STDERR  ] 2017-12-07T10:59:19.684654531Z: [    7.374985] ctnetlink v0.93: registering with nfnetlink.
[STDERR  ] 2017-12-07T10:59:19.684659999Z: [    7.378005] nf_tables: (c) 2007-2009 Patrick McHardy <kaber@trash.net>
[STDERR  ] 2017-12-07T10:59:19.684669108Z: [    7.378957] nf_tables_compat: (c) 2012 Pablo Neira Ayuso <pablo@netfilter.org>
[STDERR  ] 2017-12-07T10:59:19.684675016Z: [    7.381832] xt_time: kernel timezone is -0000
[STDERR  ] 2017-12-07T10:59:19.684680576Z: [    7.382529] ip_set: protocol 6
[STDERR  ] 2017-12-07T10:59:19.684685999Z: [    7.383189] IPVS: Registered protocols (TCP, UDP, SCTP, AH, ESP)
[STDERR  ] 2017-12-07T10:59:19.684691539Z: [    7.383848] IPVS: Connection hash table configured (size=4096, memory=64Kbytes)
[STDERR  ] 2017-12-07T10:59:19.684697301Z: [    7.385740] IPVS: Creating netns size=2104 id=0
[STDERR  ] 2017-12-07T10:59:19.684702729Z: [    7.388602] IPVS: ipvs loaded.
[STDERR  ] 2017-12-07T10:59:19.684708158Z: [    7.388968] IPVS: [rr] scheduler registered.
[STDERR  ] 2017-12-07T10:59:19.684713683Z: [    7.389223] IPVS: [wrr] scheduler registered.
[STDERR  ] 2017-12-07T10:59:19.684719155Z: [    7.389571] IPVS: [lc] scheduler registered.
[STDERR  ] 2017-12-07T10:59:19.684724673Z: [    7.389886] IPVS: [wlc] scheduler registered.
[STDERR  ] 2017-12-07T10:59:19.684730285Z: [    7.390900] IPVS: [fo] scheduler registered.
[STDERR  ] 2017-12-07T10:59:19.684735751Z: [    7.391161] IPVS: [ovf] scheduler registered.
[STDERR  ] 2017-12-07T10:59:19.684741213Z: [    7.391641] IPVS: [lblc] scheduler registered.
[STDERR  ] 2017-12-07T10:59:19.684748868Z: [    7.392091] IPVS: [lblcr] scheduler registered.
[STDERR  ] 2017-12-07T10:59:19.68475458Z: [    7.392419] IPVS: [dh] scheduler registered.
[STDERR  ] 2017-12-07T10:59:19.684766411Z: [    7.392726] IPVS: [sh] scheduler registered.
[STDERR  ] 2017-12-07T10:59:19.684772053Z: [    7.393026] IPVS: [sed] scheduler registered.
[STDERR  ] 2017-12-07T10:59:19.684777595Z: [    7.393308] IPVS: [nq] scheduler registered.
[STDERR  ] 2017-12-07T10:59:19.684786703Z: [    7.394028] IPVS: ftp: loaded support on port[0] = 21
[STDERR  ] 2017-12-07T10:59:19.684792373Z: [    7.394864] ipip: IPv4 and MPLS over IPv4 tunneling driver
[STDERR  ] 2017-12-07T10:59:19.684797973Z: [    7.398985] gre: GRE over IPv4 demultiplexor driver
[STDERR  ] 2017-12-07T10:59:19.684803469Z: [    7.402603] ip_tables: (C) 2000-2006 Netfilter Core Team
[STDERR  ] 2017-12-07T10:59:19.684810855Z: [    7.406024] ipt_CLUSTERIP: ClusterIP Version 0.8 loaded successfully
[STDERR  ] 2017-12-07T10:59:19.684816533Z: [    7.406787] arp_tables: arp_tables: (C) 2002 David S. Miller
[STDERR  ] 2017-12-07T10:59:19.684821995Z: [    7.409227] NET: Registered protocol family 10
[STDERR  ] 2017-12-07T10:59:19.684827511Z: [    7.424059] ip6_tables: (C) 2000-2006 Netfilter Core Team
[STDERR  ] 2017-12-07T10:59:19.68483301Z: [    7.434747] NET: Registered protocol family 17
[STDERR  ] 2017-12-07T10:59:19.684838469Z: [    7.435895] Bridge firewalling registered
[STDERR  ] 2017-12-07T10:59:19.684844005Z: [    7.436411] Ebtables v2.0 registered
[STDERR  ] 2017-12-07T10:59:19.684849705Z: [    7.438268] 8021q: 802.1Q VLAN Support v1.8
[STDERR  ] 2017-12-07T10:59:19.684855221Z: [    7.439834] 9pnet: Installing 9P2000 support
[STDERR  ] 2017-12-07T10:59:19.684860806Z: [    7.441808] Key type dns_resolver registered
[STDERR  ] 2017-12-07T10:59:19.68486634Z: [    7.442715] microcode: AMD CPU family 0x6 not supported
[STDERR  ] 2017-12-07T10:59:19.684875566Z: [    7.446570] registered taskstats version 1
[STDERR  ] 2017-12-07T10:59:19.684881111Z: [    7.623413] ata2: SATA link down (SStatus 0 SControl 300)
[STDERR  ] 2017-12-07T10:59:19.68488659Z: [    7.626823] ata1: SATA link up 1.5 Gbps (SStatus 113 SControl 300)
[STDERR  ] 2017-12-07T10:59:19.684892176Z: [    7.641107] ata1.00: ATA-7: QEMU HARDDISK, 2.5+, max UDMA/100
[STDERR  ] 2017-12-07T10:59:19.684897768Z: [    7.641650] ata1.00: 1048576 sectors, multi 16: LBA48 NCQ (depth 31/32)
[STDERR  ] 2017-12-07T10:59:19.68490359Z: [    7.642347] ata1.00: applying bridge limits
[STDERR  ] 2017-12-07T10:59:19.684909233Z: [    7.644511] ata5: SATA link down (SStatus 0 SControl 300)
[STDERR  ] 2017-12-07T10:59:19.684914876Z: [    7.645218] ata4: SATA link down (SStatus 0 SControl 300)
[STDERR  ] 2017-12-07T10:59:19.68492851Z: [    7.645884] ata3: SATA link up 1.5 Gbps (SStatus 113 SControl 300)
[STDERR  ] 2017-12-07T10:59:19.684934415Z: [    7.646834] ata3.00: ATAPI: QEMU DVD-ROM, 2.5+, max UDMA/100
[STDERR  ] 2017-12-07T10:59:19.68493991Z: [    7.647296] ata3.00: applying bridge limits
[STDERR  ] 2017-12-07T10:59:19.684945479Z: [    7.648391] ata3.00: configured for UDMA/100
[STDERR  ] 2017-12-07T10:59:19.684951055Z: [    7.650612] ata6: SATA link down (SStatus 0 SControl 300)
[STDERR  ] 2017-12-07T10:59:19.684956532Z: [    7.653609] ata1.00: configured for UDMA/100
[STDERR  ] 2017-12-07T10:59:19.684962105Z: [    7.656669] Key type big_key registered
[STDERR  ] 2017-12-07T10:59:19.684967588Z: [    7.671006] scsi 0:0:0:0: Direct-Access     ATA      QEMU HARDDISK    2.5+ PQ: 0 ANSI: 5
[STDERR  ] 2017-12-07T10:59:19.68497349Z: [    7.686105] sd 0:0:0:0: Attached scsi generic sg0 type 0
[STDERR  ] 2017-12-07T10:59:19.684978922Z: [    7.689732] sd 0:0:0:0: [sda] 1048576 512-byte logical blocks: (537 MB/512 MiB)
[STDERR  ] 2017-12-07T10:59:19.684985854Z: [    7.703366] sd 0:0:0:0: [sda] Write Protect is off
[STDERR  ] 2017-12-07T10:59:19.684991328Z: [    7.706620] scsi 2:0:0:0: CD-ROM            QEMU     QEMU DVD-ROM     2.5+ PQ: 0 ANSI: 5
[STDERR  ] 2017-12-07T10:59:19.684996938Z: [    7.710914] sd 0:0:0:0: [sda] Write cache: enabled, read cache: enabled, doesn't support DPO or FUA
[STDERR  ] 2017-12-07T10:59:19.685003317Z: [    7.732717] sr 2:0:0:0: [sr0] scsi3-mmc drive: 4x/4x cd/rw xa/form2 tray
[STDERR  ] 2017-12-07T10:59:19.68500898Z: [    7.733493] cdrom: Uniform CD-ROM driver Revision: 3.20
[STDERR  ] 2017-12-07T10:59:19.685014605Z: [    7.748123] sr 2:0:0:0: Attached scsi generic sg1 type 5
[STDERR  ] 2017-12-07T10:59:19.685023275Z: [    7.765365] sd 0:0:0:0: [sda] Attached SCSI disk
[STDERR  ] 2017-12-07T10:59:19.685029019Z: [    7.837396] Key type encrypted registered
[STDERR  ] 2017-12-07T10:59:19.685034592Z: [    7.843562] rtc_cmos 00:00: setting system clock to 2017-12-07 10:58:46 UTC (1512644326)
[STDERR  ] 2017-12-07T10:59:19.685040469Z: [    7.988481] Freeing unused kernel memory: 1380K
[STDERR  ] 2017-12-07T10:59:19.685047712Z: [    7.988776] Write protecting the kernel read-only data: 12288k
[STDERR  ] 2017-12-07T10:59:19.685053249Z: [    7.991234] tsc: Refined TSC clocksource calibration: 2600.009 MHz
[STDERR  ] 2017-12-07T10:59:19.685058745Z: [    7.991838] clocksource: tsc: mask: 0xffffffffffffffff max_cycles: 0x257a44c4d56, max_idle_ns: 440795316911 ns
[STDERR  ] 2017-12-07T10:59:19.685065017Z: [    7.997141] Freeing unused kernel memory: 128K
[STDERR  ] 2017-12-07T10:59:19.685070534Z: [    8.102046] Freeing unused kernel memory: 1396K
[STDERR  ] 2017-12-07T10:59:19.685076075Z: [    9.011111] clocksource: Switched to clocksource tsc
[STDERR  ] 2017-12-07T10:59:19.68508157Z: 
[STDERR  ] 2017-12-07T10:59:19.685088289Z: Welcome to LinuxKit
[STDERR  ] 2017-12-07T10:59:19.685093984Z: 
[STDERR  ] 2017-12-07T10:59:19.685099419Z:                         ##         .
[STDERR  ] 2017-12-07T10:59:19.685104862Z:                   ## ## ##        ==
[STDERR  ] 2017-12-07T10:59:19.685110309Z:                ## ## ## ## ##    ===
[STDERR  ] 2017-12-07T10:59:19.685115714Z:            /"""""""""""""""""\___/ ===
[STDERR  ] 2017-12-07T10:59:19.685121204Z:           {                       /  ===-
[STDERR  ] 2017-12-07T10:59:19.685126644Z:            \______ O           __/
[STDERR  ] 2017-12-07T10:59:19.685132105Z:              \    \         __/
[STDERR  ] 2017-12-07T10:59:19.68513767Z:               \____\_______/
[STDERR  ] 2017-12-07T10:59:19.685143149Z: 
[STDERR  ] 2017-12-07T10:59:19.685148709Z: [   20.051306] IPVS: Creating netns size=2104 id=1
[STDERR  ] 2017-12-07T10:59:19.685154137Z: [   20.051912] IPVS: ftp: loaded support on port[0] = 21
[STDERR  ] 2017-12-07T10:59:19.685159515Z: 2017/12/07 10:58:59 Creating partition on /dev/sda
[STDERR  ] 2017-12-07T10:59:19.685164982Z: [   21.453313]  sda:
[STDERR  ] 2017-12-07T10:59:19.685170448Z: [   21.533933]  sda:
[STDERR  ] 2017-12-07T10:59:19.685181228Z: [   21.565561]  sda: sda1
[STDERR  ] 2017-12-07T10:59:19.68518677Z: [   21.640830]  sda: sda1
[STDERR  ] 2017-12-07T10:59:19.68519234Z: 2017/12/07 10:59:01 Partition /dev/sda1 successfully created!
[STDERR  ] 2017-12-07T10:59:19.685197818Z: [   24.406418] IPVS: Creating netns size=2104 id=2
[STDERR  ] 2017-12-07T10:59:19.685203302Z: [   24.406734] IPVS: ftp: loaded support on port[0] = 21
[STDERR  ] 2017-12-07T10:59:19.685208759Z: [   25.759856] EXT4-fs (sda1): couldn't mount as ext3 due to feature incompatibilities
[STDERR  ] 2017-12-07T10:59:19.68521665Z: [   25.772172] EXT4-fs (sda1): couldn't mount as ext2 due to feature incompatibilities
[STDERR  ] 2017-12-07T10:59:19.685222298Z: [   25.801550] EXT4-fs (sda1): mounted filesystem with ordered data mode. Opts: (null)
[STDERR  ] 2017-12-07T10:59:19.685227852Z: format_mount test suite PASSED
[STDERR  ] 2017-12-07T10:59:19.685233387Z: [   39.808959] sd 0:0:0:0: [sda] Synchronizing SCSI cache
[STDERR  ] 2017-12-07T10:59:19.685238827Z: [   39.809912] sd 0:0:0:0: [sda] Stopping disk
[STDERR  ] 2017-12-07T10:59:19.685244255Z: [   39.814062] ACPI: Preparing to enter system sleep state S5
[STDERR  ] 2017-12-07T10:59:19.68524975Z: [   39.815336] reboot: Power down
[STDERR  ] 2017-12-07T10:59:19.685256634Z: + echo [    0.000000] Linux version 4.9.66-linuxkit (root@31ee3cd32651) (gcc version 6.3.0 (Alpine 6.3.0) ) #1 SMP Fri Dec 1 11:24:49 UTC 2017
[STDERR  ] 2017-12-07T10:59:19.685263262Z: [    0.000000] Command line: console=ttyS0
[STDERR  ] 2017-12-07T10:59:19.685268705Z: [    0.000000] x86/fpu: Legacy x87 FPU detected.
[STDERR  ] 2017-12-07T10:59:19.685274199Z: [    0.000000] x86/fpu: Using 'eager' FPU context switches.
[STDERR  ] 2017-12-07T10:59:19.685279638Z: [    0.000000] e820: BIOS-provided physical RAM map:
[STDERR  ] 2017-12-07T10:59:19.685288299Z: [    0.000000] BIOS-e820: [mem 0x0000000000000000-0x000000000009fbff] usable
[STDERR  ] 2017-12-07T10:59:19.685294297Z: [    0.000000] BIOS-e820: [mem 0x000000000009fc00-0x000000000009ffff] reserved
[STDERR  ] 2017-12-07T10:59:19.685300102Z: [    0.000000] BIOS-e820: [mem 0x00000000000f0000-0x00000000000fffff] reserved
[STDERR  ] 2017-12-07T10:59:19.68530553Z: [    0.000000] BIOS-e820: [mem 0x0000000000100000-0x000000003ffdefff] usable
[STDERR  ] 2017-12-07T10:59:19.685313592Z: [    0.000000] BIOS-e820: [mem 0x000000003ffdf000-0x000000003fffffff] reserved
[STDERR  ] 2017-12-07T10:59:19.685319604Z: [    0.000000] BIOS-e820: [mem 0x00000000b0000000-0x00000000bfffffff] reserved
[STDERR  ] 2017-12-07T10:59:19.685325062Z: [    0.000000] BIOS-e820: [mem 0x00000000fed1c000-0x00000000fed1ffff] reserved
[STDERR  ] 2017-12-07T10:59:19.685330532Z: [    0.000000] BIOS-e820: [mem 0x00000000fffc0000-0x00000000ffffffff] reserved
[STDERR  ] 2017-12-07T10:59:19.685336Z: [    0.000000] NX (Execute Disable) protection: active
[STDERR  ] 2017-12-07T10:59:19.685341564Z: [    0.000000] SMBIOS 2.8 present.
[STDERR  ] 2017-12-07T10:59:19.685347039Z: [    0.000000] e820: last_pfn = 0x3ffdf max_arch_pfn = 0x400000000
[STDERR  ] 2017-12-07T10:59:19.6853525Z: [    0.000000] x86/PAT: Configuration [0-7]: WB  WC  UC- UC  WB  WC  UC- WT  
[STDERR  ] 2017-12-07T10:59:19.685358005Z: [    0.000000] found SMP MP-table at [mem 0x000f6aa0-0x000f6aaf] mapped at [ffff910a800f6aa0]
[STDERR  ] 2017-12-07T10:59:19.685363629Z: [    0.000000] RAMDISK: [mem 0x3e120000-0x3ffcffff]
[STDERR  ] 2017-12-07T10:59:19.685369088Z: [    0.000000] ACPI: Early table checksum verification disabled
[STDERR  ] 2017-12-07T10:59:19.685374581Z: [    0.000000] ACPI: RSDP 0x00000000000F68C0 000014 (v00 BOCHS )
[STDERR  ] 2017-12-07T10:59:19.685384126Z: [    0.000000] ACPI: RSDT 0x000000003FFE2404 000034 (v01 BOCHS  BXPCRSDT 00000001 BXPC 00000001)
[STDERR  ] 2017-12-07T10:59:19.685392088Z: [    0.000000] ACPI: FACP 0x000000003FFE22A4 000074 (v01 BOCHS  BXPCFACP 00000001 BXPC 00000001)
[STDERR  ] 2017-12-07T10:59:19.685397599Z: [    0.000000] ACPI: DSDT 0x000000003FFE0040 002264 (v01 BOCHS  BXPCDSDT 00000001 BXPC 00000001)
[STDERR  ] 2017-12-07T10:59:19.685403231Z: [    0.000000] ACPI: FACS 0x000000003FFE0000 000040
[STDERR  ] 2017-12-07T10:59:19.685412334Z: [    0.000000] ACPI: APIC 0x000000003FFE2318 000078 (v01 BOCHS  BXPCAPIC 00000001 BXPC 00000001)
[STDERR  ] 2017-12-07T10:59:19.685417874Z: [    0.000000] ACPI: HPET 0x000000003FFE2390 000038 (v01 BOCHS  BXPCHPET 00000001 BXPC 00000001)
[STDERR  ] 2017-12-07T10:59:19.685423454Z: [    0.000000] ACPI: MCFG 0x000000003FFE23C8 00003C (v01 BOCHS  BXPCMCFG 00000001 BXPC 00000001)
[STDERR  ] 2017-12-07T10:59:19.685428926Z: [    0.000000] Zone ranges:
[STDERR  ] 2017-12-07T10:59:19.685436208Z: [    0.000000]   DMA      [mem 0x0000000000001000-0x0000000000ffffff]
[STDERR  ] 2017-12-07T10:59:19.685442003Z: [    0.000000]   DMA32    [mem 0x0000000001000000-0x000000003ffdefff]
[STDERR  ] 2017-12-07T10:59:19.685448298Z: [    0.000000]   Normal   empty
[STDERR  ] 2017-12-07T10:59:19.685453846Z: [    0.000000] Movable zone start for each node
[STDERR  ] 2017-12-07T10:59:19.685459367Z: [    0.000000] Early memory node ranges
[STDERR  ] 2017-12-07T10:59:19.685464833Z: [    0.000000]   node   0: [mem 0x0000000000001000-0x000000000009efff]
[STDERR  ] 2017-12-07T10:59:19.685471041Z: [    0.000000]   node   0: [mem 0x0000000000100000-0x000000003ffdefff]
[STDERR  ] 2017-12-07T10:59:19.685476496Z: [    0.000000] Initmem setup node 0 [mem 0x0000000000001000-0x000000003ffdefff]
[STDERR  ] 2017-12-07T10:59:19.685481973Z: [    0.000000] ACPI: PM-Timer IO Port: 0x608
[STDERR  ] 2017-12-07T10:59:19.685487456Z: [    0.000000] ACPI: LAPIC_NMI (acpi_id[0xff] dfl dfl lint[0x1])
[STDERR  ] 2017-12-07T10:59:19.685492908Z: [    0.000000] IOAPIC[0]: apic_id 0, version 32, address 0xfec00000, GSI 0-23
[STDERR  ] 2017-12-07T10:59:19.685498483Z: [    0.000000] ACPI: INT_SRC_OVR (bus 0 bus_irq 0 global_irq 2 dfl dfl)
[STDERR  ] 2017-12-07T10:59:19.685507864Z: [    0.000000] ACPI: INT_SRC_OVR (bus 0 bus_irq 5 global_irq 5 high level)
[STDERR  ] 2017-12-07T10:59:19.685513489Z: [    0.000000] ACPI: INT_SRC_OVR (bus 0 bus_irq 9 global_irq 9 high level)
[STDERR  ] 2017-12-07T10:59:19.685519173Z: [    0.000000] ACPI: INT_SRC_OVR (bus 0 bus_irq 10 global_irq 10 high level)
[STDERR  ] 2017-12-07T10:59:19.685524661Z: [    0.000000] ACPI: INT_SRC_OVR (bus 0 bus_irq 11 global_irq 11 high level)
[STDERR  ] 2017-12-07T10:59:19.685530187Z: [    0.000000] Using ACPI (MADT) for SMP configuration information
[STDERR  ] 2017-12-07T10:59:19.685535603Z: [    0.000000] ACPI: HPET id: 0x8086a201 base: 0xfed00000
[STDERR  ] 2017-12-07T10:59:19.685541081Z: [    0.000000] smpboot: Allowing 1 CPUs, 0 hotplug CPUs
[STDERR  ] 2017-12-07T10:59:19.685546488Z: [    0.000000] e820: [mem 0x40000000-0xafffffff] available for PCI devices
[STDERR  ] 2017-12-07T10:59:19.685551938Z: [    0.000000] Booting paravirtualized kernel on bare hardware
[STDERR  ] 2017-12-07T10:59:19.685557441Z: [    0.000000] clocksource: refined-jiffies: mask: 0xffffffff max_cycles: 0xffffffff, max_idle_ns: 19112604462750000 ns
[STDERR  ] 2017-12-07T10:59:19.685563724Z: [    0.000000] setup_percpu: NR_CPUS:128 nr_cpumask_bits:128 nr_cpu_ids:1 nr_node_ids:1
[STDERR  ] 2017-12-07T10:59:19.685569286Z: [    0.000000] percpu: Embedded 35 pages/cpu @ffff910abde00000 s105048 r8192 d30120 u2097152
[STDERR  ] 2017-12-07T10:59:19.685574964Z: [    0.000000] Built 1 zonelists in Zone order, mobility grouping on.  Total pages: 257896
[STDERR  ] 2017-12-07T10:59:19.685580543Z: [    0.000000] Kernel command line: console=ttyS0
[STDERR  ] 2017-12-07T10:59:19.685588161Z: [    0.000000] PID hash table entries: 4096 (order: 3, 32768 bytes)
[STDERR  ] 2017-12-07T10:59:19.685595536Z: [    0.000000] Dentry cache hash table entries: 131072 (order: 8, 1048576 bytes)
[STDERR  ] 2017-12-07T10:59:19.685601288Z: [    0.000000] Inode-cache hash table entries: 65536 (order: 7, 524288 bytes)
[STDERR  ] 2017-12-07T10:59:19.685607121Z: [    0.000000] Memory: 982748K/1048052K available (8047K kernel code, 1367K rwdata, 2700K rodata, 1380K init, 568K bss, 65304K reserved, 0K cma-reserved)
[STDERR  ] 2017-12-07T10:59:19.685613529Z: [    0.000000] Hierarchical RCU implementation.
[STDERR  ] 2017-12-07T10:59:19.685622649Z: [    0.000000] 	Build-time adjustment of leaf fanout to 64.
[STDERR  ] 2017-12-07T10:59:19.685628229Z: [    0.000000] 	RCU restricting CPUs from NR_CPUS=128 to nr_cpu_ids=1.
[STDERR  ] 2017-12-07T10:59:19.685634224Z: [    0.000000] RCU: Adjusting geometry for rcu_fanout_leaf=64, nr_cpu_ids=1
[STDERR  ] 2017-12-07T10:59:19.685640661Z: [    0.000000] NR_IRQS:8448 nr_irqs:256 16
[STDERR  ] 2017-12-07T10:59:19.685646089Z: [    0.000000] Console: colour VGA+ 80x25
[STDERR  ] 2017-12-07T10:59:19.685651573Z: [    0.000000] console [ttyS0] enabled
[STDERR  ] 2017-12-07T10:59:19.685656926Z: [    0.000000] clocksource: hpet: mask: 0xffffffff max_cycles: 0xffffffff, max_idle_ns: 19112604467 ns
[STDERR  ] 2017-12-07T10:59:19.685665306Z: [    0.000000] tsc: Fast TSC calibration using PIT
[STDERR  ] 2017-12-07T10:59:19.685670968Z: [    0.000000] tsc: Detected 2600.027 MHz processor
[STDERR  ] 2017-12-07T10:59:19.685676476Z: [    0.032427] Calibrating delay loop (skipped), value calculated using timer frequency.. 5200.05 BogoMIPS (lpj=26000270)
[STDERR  ] 2017-12-07T10:59:19.685684239Z: [    0.033770] pid_max: default: 32768 minimum: 301
[STDERR  ] 2017-12-07T10:59:19.685689907Z: [    0.034927] ACPI: Core revision 20160831
[STDERR  ] 2017-12-07T10:59:19.685695338Z: [    0.078296] ACPI: 1 ACPI AML tables successfully acquired and loaded
[STDERR  ] 2017-12-07T10:59:19.685703313Z: [    0.083515] Security Framework initialized
[STDERR  ] 2017-12-07T10:59:19.685708818Z: [    0.084020] Yama: becoming mindful.
[STDERR  ] 2017-12-07T10:59:19.685714404Z: [    0.087184] Mount-cache hash table entries: 2048 (order: 2, 16384 bytes)
[STDERR  ] 2017-12-07T10:59:19.685725244Z: [    0.087864] Mountpoint-cache hash table entries: 2048 (order: 2, 16384 bytes)
[STDERR  ] 2017-12-07T10:59:19.685788516Z: [    0.106983] Last level iTLB entries: 4KB 0, 2MB 0, 4MB 0
[STDERR  ] 2017-12-07T10:59:19.685795078Z: [    0.107507] Last level dTLB entries: 4KB 0, 2MB 0, 4MB 0, 1GB 0
[STDERR  ] 2017-12-07T10:59:19.685800792Z: [    0.437818] Freeing SMP alternatives memory: 20K
[STDERR  ] 2017-12-07T10:59:19.685806332Z: [    0.448426] ftrace: allocating 35538 entries in 139 pages
[STDERR  ] 2017-12-07T10:59:19.68581208Z: [    0.604806] smpboot: Max logical packages: 1
[STDERR  ] 2017-12-07T10:59:19.685817673Z: [    0.614668] ..TIMER: vector=0x30 apic1=0 pin1=2 apic2=-1 pin2=-1
[STDERR  ] 2017-12-07T10:59:19.685836458Z: [    0.720000] smpboot: CPU0: AMD QEMU Virtual CPU version 2.5+ (family: 0x6, model: 0x6, stepping: 0x3)
[STDERR  ] 2017-12-07T10:59:19.685847578Z: [    0.720000] Performance Events: PMU not available due to virtualization, using software events only.
[STDERR  ] 2017-12-07T10:59:19.685857547Z: [    0.728938] NMI watchdog: disabled (cpu0): hardware events not enabled
[STDERR  ] 2017-12-07T10:59:19.685867215Z: [    0.729513] NMI watchdog: Shutting down hard lockup detector on all cpus
[STDERR  ] 2017-12-07T10:59:19.685878027Z: [    0.733643] x86: Booted up 1 node, 1 CPUs
[STDERR  ] 2017-12-07T10:59:19.68588827Z: [    0.734117] smpboot: Total of 1 processors activated (5200.05 BogoMIPS)
[STDERR  ] 2017-12-07T10:59:19.68589816Z: [    0.748337] devtmpfs: initialized
[STDERR  ] 2017-12-07T10:59:19.685905703Z: [    0.753629] x86/mm: Memory block size: 128MB
[STDERR  ] 2017-12-07T10:59:19.685911278Z: [    0.819284] clocksource: jiffies: mask: 0xffffffff max_cycles: 0xffffffff, max_idle_ns: 19112604462750000 ns
[STDERR  ] 2017-12-07T10:59:19.685917177Z: [    0.820410] futex hash table entries: 256 (order: 2, 16384 bytes)
[STDERR  ] 2017-12-07T10:59:19.685926525Z: [    0.830150] NET: Registered protocol family 16
[STDERR  ] 2017-12-07T10:59:19.685936183Z: [    0.839847] cpuidle: using governor ladder
[STDERR  ] 2017-12-07T10:59:19.685945988Z: [    0.840663] cpuidle: using governor menu
[STDERR  ] 2017-12-07T10:59:19.685955276Z: [    0.841991] ACPI: bus type PCI registered
[STDERR  ] 2017-12-07T10:59:19.685965448Z: [    0.844929] PCI: MMCONFIG for domain 0000 [bus 00-ff] at [mem 0xb0000000-0xbfffffff] (base 0xb0000000)
[STDERR  ] 2017-12-07T10:59:19.68598293Z: [    0.845759] PCI: MMCONFIG at [mem 0xb0000000-0xbfffffff] reserved in E820
[STDERR  ] 2017-12-07T10:59:19.685989412Z: [    0.847183] PCI: Using configuration type 1 for base access
[STDERR  ] 2017-12-07T10:59:19.685994953Z: [    0.904876] HugeTLB registered 2 MB page size, pre-allocated 0 pages
[STDERR  ] 2017-12-07T10:59:19.686000713Z: [    0.917312] ACPI: Added _OSI(Module Device)
[STDERR  ] 2017-12-07T10:59:19.686006628Z: [    0.917723] ACPI: Added _OSI(Processor Device)
[STDERR  ] 2017-12-07T10:59:19.686016156Z: [    0.918044] ACPI: Added _OSI(3.0 _SCP Extensions)
[STDERR  ] 2017-12-07T10:59:19.686031043Z: [    0.918342] ACPI: Added _OSI(Processor Aggregator Device)
[STDERR  ] 2017-12-07T10:59:19.686040692Z: [    0.995386] ACPI: Interpreter enabled
[STDERR  ] 2017-12-07T10:59:19.686049918Z: [    0.996465] ACPI: (supports S0 S5)
[STDERR  ] 2017-12-07T10:59:19.686059042Z: [    0.996830] ACPI: Using IOAPIC for interrupt routing
[STDERR  ] 2017-12-07T10:59:19.686068323Z: [    0.999647] PCI: Using host bridge windows from ACPI; if necessary, use "pci=nocrs" and report a bug
[STDERR  ] 2017-12-07T10:59:19.686076413Z: [    1.065885] ACPI: PCI Root Bridge [PCI0] (domain 0000 [bus 00-ff])
[STDERR  ] 2017-12-07T10:59:19.686082095Z: [    1.067212] acpi PNP0A08:00: _OSC: OS supports [ExtendedConfig ASPM ClockPM Segments MSI]
[STDERR  ] 2017-12-07T10:59:19.686087746Z: [    1.074356] acpi PNP0A08:00: _OSC: OS now controls [PCIeHotplug PME PCIeCapability]
[STDERR  ] 2017-12-07T10:59:19.686093438Z: [    1.078115] PCI host bridge to bus 0000:00
[STDERR  ] 2017-12-07T10:59:19.686103043Z: [    1.078704] pci_bus 0000:00: root bus resource [io  0x0000-0x0cf7 window]
[STDERR  ] 2017-12-07T10:59:19.686113396Z: [    1.079171] pci_bus 0000:00: root bus resource [io  0x0d00-0xffff window]
[STDERR  ] 2017-12-07T10:59:19.686128085Z: [    1.079590] pci_bus 0000:00: root bus resource [mem 0x000a0000-0x000bffff window]
[STDERR  ] 2017-12-07T10:59:19.686141832Z: [    1.080169] pci_bus 0000:00: root bus resource [mem 0xc0000000-0xfebfffff window]
[STDERR  ] 2017-12-07T10:59:19.686151692Z: [    1.080954] pci_bus 0000:00: root bus resource [bus 00-ff]
[STDERR  ] 2017-12-07T10:59:19.686161016Z: [    1.192344] pci 0000:00:1f.0: quirk: [io  0x0600-0x067f] claimed by ICH6 ACPI/GPIO/TCO
[STDERR  ] 2017-12-07T10:59:19.686170457Z: [    1.254706] ACPI: PCI Interrupt Link [LNKA] (IRQs 5 *10 11)
[STDERR  ] 2017-12-07T10:59:19.686185015Z: [    1.257807] ACPI: PCI Interrupt Link [LNKB] (IRQs 5 *10 11)
[STDERR  ] 2017-12-07T10:59:19.686195059Z: [    1.260963] ACPI: PCI Interrupt Link [LNKC] (IRQs 5 10 *11)
[STDERR  ] 2017-12-07T10:59:19.686209426Z: [    1.262906] ACPI: PCI Interrupt Link [LNKD] (IRQs 5 10 *11)
[STDERR  ] 2017-12-07T10:59:19.686218666Z: [    1.264809] ACPI: PCI Interrupt Link [LNKE] (IRQs 5 *10 11)
[STDERR  ] 2017-12-07T10:59:19.686227901Z: [    1.266737] ACPI: PCI Interrupt Link [LNKF] (IRQs 5 *10 11)
[STDERR  ] 2017-12-07T10:59:19.686237127Z: [    1.268689] ACPI: PCI Interrupt Link [LNKG] (IRQs 5 10 *11)
[STDERR  ] 2017-12-07T10:59:19.686246334Z: [    1.270984] ACPI: PCI Interrupt Link [LNKH] (IRQs 5 10 *11)
[STDERR  ] 2017-12-07T10:59:19.686255535Z: [    1.272025] ACPI: PCI Interrupt Link [GSIA] (IRQs *16)
[STDERR  ] 2017-12-07T10:59:19.686265414Z: [    1.272814] ACPI: PCI Interrupt Link [GSIB] (IRQs *17)
[STDERR  ] 2017-12-07T10:59:19.686276262Z: [    1.273634] ACPI: PCI Interrupt Link [GSIC] (IRQs *18)
[STDERR  ] 2017-12-07T10:59:19.686285645Z: [    1.274417] ACPI: PCI Interrupt Link [GSID] (IRQs *19)
[STDERR  ] 2017-12-07T10:59:19.686295816Z: [    1.275195] ACPI: PCI Interrupt Link [GSIE] (IRQs *20)
[STDERR  ] 2017-12-07T10:59:19.686305147Z: [    1.275985] ACPI: PCI Interrupt Link [GSIF] (IRQs *21)
[STDERR  ] 2017-12-07T10:59:19.686314339Z: [    1.276785] ACPI: PCI Interrupt Link [GSIG] (IRQs *22)
[STDERR  ] 2017-12-07T10:59:19.686323515Z: [    1.277531] ACPI: PCI Interrupt Link [GSIH] (IRQs *23)
[STDERR  ] 2017-12-07T10:59:19.686332725Z: [    1.281693] ACPI: Enabled 2 GPEs in block 00 to 3F
[STDERR  ] 2017-12-07T10:59:19.686347977Z: [    1.286050] SCSI subsystem initialized
[STDERR  ] 2017-12-07T10:59:19.686360299Z: [    1.287916] ACPI: bus type USB registered
[STDERR  ] 2017-12-07T10:59:19.686370199Z: [    1.289158] usbcore: registered new interface driver usbfs
[STDERR  ] 2017-12-07T10:59:19.686379755Z: [    1.290399] usbcore: registered new interface driver hub
[STDERR  ] 2017-12-07T10:59:19.686391366Z: [    1.291320] usbcore: registered new device driver usb
[STDERR  ] 2017-12-07T10:59:19.686400527Z: [    1.292600] pps_core: LinuxPPS API ver. 1 registered
[STDERR  ] 2017-12-07T10:59:19.686409686Z: [    1.292959] pps_core: Software ver. 5.3.6 - Copyright 2005-2007 Rodolfo Giometti <giometti@linux.it>
[STDERR  ] 2017-12-07T10:59:19.686419069Z: [    1.293727] PTP clock support registered
[STDERR  ] 2017-12-07T10:59:19.686428339Z: [    1.294950] wmi: Mapper loaded
[STDERR  ] 2017-12-07T10:59:19.686437654Z: [    1.296219] PCI: Using ACPI for IRQ routing
[STDERR  ] 2017-12-07T10:59:19.686447175Z: [    1.315504] NetLabel: Initializing
[STDERR  ] 2017-12-07T10:59:19.686456794Z: [    1.315742] NetLabel:  domain hash size = 128
[STDERR  ] 2017-12-07T10:59:19.686465881Z: [    1.316220] NetLabel:  protocols = UNLABELED CIPSOv4
[STDERR  ] 2017-12-07T10:59:19.686475087Z: [    1.319068] NetLabel:  unlabeled traffic allowed by default
[STDERR  ] 2017-12-07T10:59:19.686484296Z: [    1.320520] HPET: 3 timers in total, 0 timers will be used for per-cpu timer
[STDERR  ] 2017-12-07T10:59:19.686494762Z: [    1.321341] hpet0: at MMIO 0xfed00000, IRQs 2, 8, 0
[STDERR  ] 2017-12-07T10:59:19.686503905Z: [    1.321945] hpet0: 3 comparators, 64-bit 100.000000 MHz counter
[STDERR  ] 2017-12-07T10:59:19.686513354Z: [    1.327291] clocksource: Switched to clocksource hpet
[STDERR  ] 2017-12-07T10:59:19.686528584Z: [    1.620843] VFS: Disk quotas dquot_6.6.0
[STDERR  ] 2017-12-07T10:59:19.686538064Z: [    1.621767] VFS: Dquot-cache hash table entries: 512 (order 0, 4096 bytes)
[STDERR  ] 2017-12-07T10:59:19.686547764Z: [    1.625878] FS-Cache: Loaded
[STDERR  ] 2017-12-07T10:59:19.686557075Z: [    1.631553] CacheFiles: Loaded
[STDERR  ] 2017-12-07T10:59:19.686566384Z: [    1.634035] pnp: PnP ACPI init
[STDERR  ] 2017-12-07T10:59:19.686575461Z: [    1.647969] pnp: PnP ACPI: found 5 devices
[STDERR  ] 2017-12-07T10:59:19.686584574Z: [    1.705216] clocksource: acpi_pm: mask: 0xffffff max_cycles: 0xffffff, max_idle_ns: 2085701024 ns
[STDERR  ] 2017-12-07T10:59:19.686594158Z: [    1.709614] NET: Registered protocol family 2
[STDERR  ] 2017-12-07T10:59:19.686603961Z: [    1.717419] TCP established hash table entries: 8192 (order: 4, 65536 bytes)
[STDERR  ] 2017-12-07T10:59:19.68661395Z: [    1.718485] TCP bind hash table entries: 8192 (order: 5, 131072 bytes)
[STDERR  ] 2017-12-07T10:59:19.686623248Z: [    1.719330] TCP: Hash tables configured (established 8192 bind 8192)
[STDERR  ] 2017-12-07T10:59:19.68663232Z: [    1.721534] UDP hash table entries: 512 (order: 2, 16384 bytes)
[STDERR  ] 2017-12-07T10:59:19.686641546Z: [    1.722218] UDP-Lite hash table entries: 512 (order: 2, 16384 bytes)
[STDERR  ] 2017-12-07T10:59:19.686650666Z: [    1.724775] NET: Registered protocol family 1
[STDERR  ] 2017-12-07T10:59:19.686659834Z: [    1.726000] pci 0000:00:01.0: Video device with shadowed ROM at [mem 0x000c0000-0x000dffff]
[STDERR  ] 2017-12-07T10:59:19.686669108Z: [    1.735010] Unpacking initramfs...
[STDERR  ] 2017-12-07T10:59:19.686678595Z: [    6.895238] Freeing initrd memory: 31424K
[STDERR  ] 2017-12-07T10:59:19.68668817Z: [    6.924218] PCLMULQDQ-NI instructions are not detected.
[STDERR  ] 2017-12-07T10:59:19.686697373Z: [    6.925944] AVX or AES-NI instructions are not detected.
[STDERR  ] 2017-12-07T10:59:19.686706538Z: [    6.926496] CPU feature 'AVX registers' is not supported.
[STDERR  ] 2017-12-07T10:59:19.686715615Z: [    6.926958] CPU feature 'AVX registers' is not supported.
[STDERR  ] 2017-12-07T10:59:19.686724704Z: [    6.927428] CPU feature 'AVX registers' is not supported.
[STDERR  ] 2017-12-07T10:59:19.686733784Z: [    6.927840] CPU feature 'AVX registers' is not supported.
[STDERR  ] 2017-12-07T10:59:19.686747955Z: [    6.928294] AVX2 or AES-NI instructions are not detected.
[STDERR  ] 2017-12-07T10:59:19.686764551Z: [    6.928743] AVX2 instructions are not detected.
[STDERR  ] 2017-12-07T10:59:19.686774751Z: [    6.935628] audit: initializing netlink subsys (disabled)
[STDERR  ] 2017-12-07T10:59:19.686783914Z: [    6.937443] audit: type=2000 audit(1512644324.930:1): initialized
[STDERR  ] 2017-12-07T10:59:19.686793185Z: [    6.946434] workingset: timestamp_bits=46 max_order=18 bucket_order=0
[STDERR  ] 2017-12-07T10:59:19.686802355Z: [    6.951795] squashfs: version 4.0 (2009/01/31) Phillip Lougher
[STDERR  ] 2017-12-07T10:59:19.686817168Z: [    6.957344] FS-Cache: Netfs 'cifs' registered for caching
[STDERR  ] 2017-12-07T10:59:19.686826394Z: [    6.958474] fuse init (API version 7.26)
[STDERR  ] 2017-12-07T10:59:19.686836298Z: [    6.961865] SGI XFS with ACLs, security attributes, no debug enabled
[STDERR  ] 2017-12-07T10:59:19.686852514Z: [    6.967502] 9p: Installing v9fs 9p2000 file system support
[STDERR  ] 2017-12-07T10:59:19.686861765Z: [    6.968232] FS-Cache: Netfs '9p' registered for caching
[STDERR  ] 2017-12-07T10:59:19.68687094Z: [    7.007153] NET: Registered protocol family 38
[STDERR  ] 2017-12-07T10:59:19.686880081Z: [    7.007901] Key type asymmetric registered
[STDERR  ] 2017-12-07T10:59:19.68688929Z: [    7.008376] Asymmetric key parser 'x509' registered
[STDERR  ] 2017-12-07T10:59:19.686900745Z: [    7.009499] Block layer SCSI generic (bsg) driver version 0.4 loaded (major 251)
[STDERR  ] 2017-12-07T10:59:19.686911325Z: [    7.013496] io scheduler noop registered
[STDERR  ] 2017-12-07T10:59:19.686921163Z: [    7.013889] io scheduler deadline registered (default)
[STDERR  ] 2017-12-07T10:59:19.686935505Z: [    7.014867] io scheduler cfq registered
[STDERR  ] 2017-12-07T10:59:19.686944864Z: [    7.017702] pci_hotplug: PCI Hot Plug PCI Core version: 0.5
[STDERR  ] 2017-12-07T10:59:19.686954046Z: [    7.018376] pciehp: PCI Express Hot Plug Controller Driver version: 0.4
[STDERR  ] 2017-12-07T10:59:19.686963584Z: [    7.019317] shpchp: Standard Hot Plug PCI Controller Driver version: 0.4
[STDERR  ] 2017-12-07T10:59:19.686973176Z: [    7.020665] hv_vmbus: registering driver hyperv_fb
[STDERR  ] 2017-12-07T10:59:19.686982147Z: [    7.024256] input: Power Button as /devices/LNXSYSTM:00/LNXPWRBN:00/input/input0
[STDERR  ] 2017-12-07T10:59:19.686992089Z: [    7.025435] ACPI: Power Button [PWRF]
[STDERR  ] 2017-12-07T10:59:19.68700409Z: [    7.031274] GHES: HEST is not enabled!
[STDERR  ] 2017-12-07T10:59:19.687013379Z: [    7.042985] ACPI: PCI Interrupt Link [GSIG] enabled at IRQ 22
[STDERR  ] 2017-12-07T10:59:19.687022544Z: [    7.058137] ACPI: PCI Interrupt Link [GSIH] enabled at IRQ 23
[STDERR  ] 2017-12-07T10:59:19.6870317Z: [    7.064251] xenfs: not registering filesystem on non-xen platform
[STDERR  ] 2017-12-07T10:59:19.687040897Z: [    7.066645] Serial: 8250/16550 driver, 4 ports, IRQ sharing disabled
[STDERR  ] 2017-12-07T10:59:19.687050317Z: [    7.090939] 00:04: ttyS0 at I/O 0x3f8 (irq = 4, base_baud = 115200) is a 16550A
[STDERR  ] 2017-12-07T10:59:19.687059659Z: [    7.103478] Non-volatile memory driver v1.3
[STDERR  ] 2017-12-07T10:59:19.687069784Z: [    7.111632] Hangcheck: starting hangcheck timer 0.9.1 (tick is 180 seconds, margin is 60 seconds).
[STDERR  ] 2017-12-07T10:59:19.68707941Z: [    7.117043] random: fast init done
[STDERR  ] 2017-12-07T10:59:19.687088649Z: [    7.118343] random: crng init done
[STDERR  ] 2017-12-07T10:59:19.687097953Z: [    7.156533] loop: module loaded
[STDERR  ] 2017-12-07T10:59:19.687107039Z: [    7.174089] nbd: registered device at major 43
[STDERR  ] 2017-12-07T10:59:19.687116223Z: [    7.220797] lpc_ich 0000:00:1f.0: I/O space for GPIO uninitialized
[STDERR  ] 2017-12-07T10:59:19.687126103Z: [    7.223447] VMware PVSCSI driver - version 1.0.7.0-k
[STDERR  ] 2017-12-07T10:59:19.687135302Z: [    7.224440] hv_vmbus: registering driver hv_storvsc
[STDERR  ] 2017-12-07T10:59:19.687144992Z: [    7.236855] ACPI: PCI Interrupt Link [GSIA] enabled at IRQ 16
[STDERR  ] 2017-12-07T10:59:19.687159449Z: [    7.245550] ahci 0000:00:1f.2: AHCI 0001.0000 32 slots 6 ports 1.5 Gbps 0x3f impl SATA mode
[STDERR  ] 2017-12-07T10:59:19.687171504Z: [    7.246495] ahci 0000:00:1f.2: flags: 64bit ncq only 
[STDERR  ] 2017-12-07T10:59:19.687180727Z: [    7.270000] scsi host0: ahci
[STDERR  ] 2017-12-07T10:59:19.68718991Z: [    7.276084] scsi host1: ahci
[STDERR  ] 2017-12-07T10:59:19.687199105Z: [    7.278906] scsi host2: ahci
[STDERR  ] 2017-12-07T10:59:19.687208274Z: [    7.282675] scsi host3: ahci
[STDERR  ] 2017-12-07T10:59:19.687217437Z: [    7.285143] scsi host4: ahci
[STDERR  ] 2017-12-07T10:59:19.687227215Z: [    7.288551] scsi host5: ahci
[STDERR  ] 2017-12-07T10:59:19.687239595Z: [    7.291253] ata1: SATA max UDMA/133 abar m4096@0xfebd2000 port 0xfebd2100 irq 24
[STDERR  ] 2017-12-07T10:59:19.687249192Z: [    7.291880] ata2: SATA max UDMA/133 abar m4096@0xfebd2000 port 0xfebd2180 irq 24
[STDERR  ] 2017-12-07T10:59:19.687260672Z: [    7.292408] ata3: SATA max UDMA/133 abar m4096@0xfebd2000 port 0xfebd2200 irq 24
[STDERR  ] 2017-12-07T10:59:19.687270295Z: [    7.292896] ata4: SATA max UDMA/133 abar m4096@0xfebd2000 port 0xfebd2280 irq 24
[STDERR  ] 2017-12-07T10:59:19.687279594Z: [    7.293311] ata5: SATA max UDMA/133 abar m4096@0xfebd2000 port 0xfebd2300 irq 24
[STDERR  ] 2017-12-07T10:59:19.687288659Z: [    7.293826] ata6: SATA max UDMA/133 abar m4096@0xfebd2000 port 0xfebd2380 irq 24
[STDERR  ] 2017-12-07T10:59:19.687298394Z: [    7.307995] tun: Universal TUN/TAP device driver, 1.6
[STDERR  ] 2017-12-07T10:59:19.687308342Z: [    7.308786] tun: (C) 1999-2004 Max Krasnyansky <maxk@qualcomm.com>
[STDERR  ] 2017-12-07T10:59:19.687322424Z: [    7.320696] VMware vmxnet3 virtual NIC driver - version 1.4.a.0-k-NAPI
[STDERR  ] 2017-12-07T10:59:19.687331885Z: [    7.321706] hv_vmbus: registering driver hv_netvsc
[STDERR  ] 2017-12-07T10:59:19.687341173Z: [    7.322059] Fusion MPT base driver 3.04.20
[STDERR  ] 2017-12-07T10:59:19.68735031Z: [    7.322366] Copyright (c) 1999-2008 LSI Corporation
[STDERR  ] 2017-12-07T10:59:19.687359633Z: [    7.323068] Fusion MPT SPI Host driver 3.04.20
[STDERR  ] 2017-12-07T10:59:19.687368653Z: [    7.326083] i8042: PNP: PS/2 Controller [PNP0303:KBD,PNP0f13:MOU] at 0x60,0x64 irq 1,12
[STDERR  ] 2017-12-07T10:59:19.687378723Z: [    7.331052] serio: i8042 KBD port at 0x60,0x64 irq 1
[STDERR  ] 2017-12-07T10:59:19.687390726Z: [    7.331783] serio: i8042 AUX port at 0x60,0x64 irq 12
[STDERR  ] 2017-12-07T10:59:19.687400103Z: [    7.334935] hv_vmbus: registering driver hyperv_keyboard
[STDERR  ] 2017-12-07T10:59:19.687409198Z: [    7.337209] mousedev: PS/2 mouse device common for all mice
[STDERR  ] 2017-12-07T10:59:19.687418291Z: [    7.342508] input: AT Translated Set 2 keyboard as /devices/platform/i8042/serio0/input/input1
[STDERR  ] 2017-12-07T10:59:19.687429533Z: [    7.345510] input: PC Speaker as /devices/platform/pcspkr/input/input2
[STDERR  ] 2017-12-07T10:59:19.687438908Z: [    7.349158] rtc_cmos 00:00: RTC can wake from S4
[STDERR  ] 2017-12-07T10:59:19.687447851Z: [    7.352967] rtc_cmos 00:00: rtc core: registered rtc_cmos as rtc0
[STDERR  ] 2017-12-07T10:59:19.687458039Z: [    7.354405] rtc_cmos 00:00: alarms up to one day, y3k, 114 bytes nvram, hpet irqs
[STDERR  ] 2017-12-07T10:59:19.687467329Z: [    7.355237] i2c /dev entries driver
[STDERR  ] 2017-12-07T10:59:19.687479339Z: [    7.357171] device-mapper: ioctl: 4.35.0-ioctl (2016-06-23) initialised: dm-devel@redhat.com
[STDERR  ] 2017-12-07T10:59:19.687488782Z: [    7.362185] usbcore: registered new interface driver usbhid
[STDERR  ] 2017-12-07T10:59:19.687498202Z: [    7.362674] usbhid: USB HID core driver
[STDERR  ] 2017-12-07T10:59:19.687507364Z: [    7.363351] hv_utils: Registering HyperV Utility Driver
[STDERR  ] 2017-12-07T10:59:19.687516521Z: [    7.363710] hv_vmbus: registering driver hv_util
[STDERR  ] 2017-12-07T10:59:19.687525924Z: [    7.364021] hv_vmbus: registering driver hv_balloon
[STDERR  ] 2017-12-07T10:59:19.687542304Z: [    7.364649] oprofile: using NMI interrupt.
[STDERR  ] 2017-12-07T10:59:19.687551572Z: [    7.365767] GACT probability on
[STDERR  ] 2017-12-07T10:59:19.687560851Z: [    7.366264] Mirror/redirect action on
[STDERR  ] 2017-12-07T10:59:19.687570083Z: [    7.367229] Simple TC action Loaded
[STDERR  ] 2017-12-07T10:59:19.687579252Z: [    7.367924] u32 classifier
[STDERR  ] 2017-12-07T10:59:19.687588376Z: [    7.368128]     Performance counters on
[STDERR  ] 2017-12-07T10:59:19.687597578Z: [    7.368398]     input device check on
[STDERR  ] 2017-12-07T10:59:19.687607351Z: [    7.368640]     Actions configured
[STDERR  ] 2017-12-07T10:59:19.687619846Z: [    7.369306] Netfilter messages via NETLINK v0.30.
[STDERR  ] 2017-12-07T10:59:19.687629003Z: [    7.370617] nfnl_acct: registering with nfnetlink.
[STDERR  ] 2017-12-07T10:59:19.687640306Z: [    7.372034] nf_conntrack version 0.5.0 (8192 buckets, 32768 max)
[STDERR  ] 2017-12-07T10:59:19.687649611Z: [    7.374985] ctnetlink v0.93: registering with nfnetlink.
[STDERR  ] 2017-12-07T10:59:19.687658771Z: [    7.378005] nf_tables: (c) 2007-2009 Patrick McHardy <kaber@trash.net>
[STDERR  ] 2017-12-07T10:59:19.687667861Z: [    7.378957] nf_tables_compat: (c) 2012 Pablo Neira Ayuso <pablo@netfilter.org>
[STDERR  ] 2017-12-07T10:59:19.687677203Z: [    7.381832] xt_time: kernel timezone is -0000
[STDERR  ] 2017-12-07T10:59:19.687687312Z: [    7.382529] ip_set: protocol 6
[STDERR  ] 2017-12-07T10:59:19.687696639Z: [    7.383189] IPVS: Registered protocols (TCP, UDP, SCTP, AH, ESP)
[STDERR  ] 2017-12-07T10:59:19.687705891Z: [    7.383848] IPVS: Connection hash table configured (size=4096, memory=64Kbytes)
[STDERR  ] 2017-12-07T10:59:19.687715046Z: [    7.385740] IPVS: Creating netns size=2104 id=0
[STDERR  ] 2017-12-07T10:59:19.687733472Z: [    7.388602] IPVS: ipvs loaded.
[STDERR  ] 2017-12-07T10:59:19.687743163Z: [    7.388968] IPVS: [rr] scheduler registered.
[STDERR  ] 2017-12-07T10:59:19.687752343Z: [    7.389223] IPVS: [wrr] scheduler registered.
[STDERR  ] 2017-12-07T10:59:19.687771268Z: [    7.389571] IPVS: [lc] scheduler registered.
[STDERR  ] 2017-12-07T10:59:19.687780588Z: [    7.389886] IPVS: [wlc] scheduler registered.
[STDERR  ] 2017-12-07T10:59:19.687789758Z: [    7.390900] IPVS: [fo] scheduler registered.
[STDERR  ] 2017-12-07T10:59:19.687798895Z: [    7.391161] IPVS: [ovf] scheduler registered.
[STDERR  ] 2017-12-07T10:59:19.687808203Z: [    7.391641] IPVS: [lblc] scheduler registered.
[STDERR  ] 2017-12-07T10:59:19.687817317Z: [    7.392091] IPVS: [lblcr] scheduler registered.
[STDERR  ] 2017-12-07T10:59:19.687826478Z: [    7.392419] IPVS: [dh] scheduler registered.
[STDERR  ] 2017-12-07T10:59:19.687835831Z: [    7.392726] IPVS: [sh] scheduler registered.
[STDERR  ] 2017-12-07T10:59:19.687845685Z: [    7.393026] IPVS: [sed] scheduler registered.
[STDERR  ] 2017-12-07T10:59:19.68785497Z: [    7.393308] IPVS: [nq] scheduler registered.
[STDERR  ] 2017-12-07T10:59:19.687864318Z: [    7.394028] IPVS: ftp: loaded support on port[0] = 21
[STDERR  ] 2017-12-07T10:59:19.687873482Z: [    7.394864] ipip: IPv4 and MPLS over IPv4 tunneling driver
[STDERR  ] 2017-12-07T10:59:19.687882765Z: [    7.398985] gre: GRE over IPv4 demultiplexor driver
[STDERR  ] 2017-12-07T10:59:19.687896793Z: [    7.402603] ip_tables: (C) 2000-2006 Netfilter Core Team
[STDERR  ] 2017-12-07T10:59:19.687906373Z: [    7.406024] ipt_CLUSTERIP: ClusterIP Version 0.8 loaded successfully
[STDERR  ] 2017-12-07T10:59:19.687915942Z: [    7.406787] arp_tables: arp_tables: (C) 2002 David S. Miller
[STDERR  ] 2017-12-07T10:59:19.687925578Z: [    7.409227] NET: Registered protocol family 10
[STDERR  ] 2017-12-07T10:59:19.687934805Z: [    7.424059] ip6_tables: (C) 2000-2006 Netfilter Core Team
[STDERR  ] 2017-12-07T10:59:19.687943978Z: [    7.434747] NET: Registered protocol family 17
[STDERR  ] 2017-12-07T10:59:19.687953291Z: [    7.435895] Bridge firewalling registered
[STDERR  ] 2017-12-07T10:59:19.687962581Z: [    7.436411] Ebtables v2.0 registered
[STDERR  ] 2017-12-07T10:59:19.687971772Z: [    7.438268] 8021q: 802.1Q VLAN Support v1.8
[STDERR  ] 2017-12-07T10:59:19.687991282Z: [    7.439834] 9pnet: Installing 9P2000 support
[STDERR  ] 2017-12-07T10:59:19.688001777Z: [    7.441808] Key type dns_resolver registered
[STDERR  ] 2017-12-07T10:59:19.688010951Z: [    7.442715] microcode: AMD CPU family 0x6 not supported
[STDERR  ] 2017-12-07T10:59:19.688022721Z: [    7.446570] registered taskstats version 1
[STDERR  ] 2017-12-07T10:59:19.688031955Z: [    7.623413] ata2: SATA link down (SStatus 0 SControl 300)
[STDERR  ] 2017-12-07T10:59:19.688041153Z: [    7.626823] ata1: SATA link up 1.5 Gbps (SStatus 113 SControl 300)
[STDERR  ] 2017-12-07T10:59:19.688050465Z: [    7.641107] ata1.00: ATA-7: QEMU HARDDISK, 2.5+, max UDMA/100
[STDERR  ] 2017-12-07T10:59:19.688059662Z: [    7.641650] ata1.00: 1048576 sectors, multi 16: LBA48 NCQ (depth 31/32)
[STDERR  ] 2017-12-07T10:59:19.688069235Z: [    7.642347] ata1.00: applying bridge limits
[STDERR  ] 2017-12-07T10:59:19.688078982Z: [    7.644511] ata5: SATA link down (SStatus 0 SControl 300)
[STDERR  ] 2017-12-07T10:59:19.6880883Z: [    7.645218] ata4: SATA link down (SStatus 0 SControl 300)
[STDERR  ] 2017-12-07T10:59:19.688097523Z: [    7.645884] ata3: SATA link up 1.5 Gbps (SStatus 113 SControl 300)
[STDERR  ] 2017-12-07T10:59:19.68810681Z: [    7.646834] ata3.00: ATAPI: QEMU DVD-ROM, 2.5+, max UDMA/100
[STDERR  ] 2017-12-07T10:59:19.688116048Z: [    7.647296] ata3.00: applying bridge limits
[STDERR  ] 2017-12-07T10:59:19.688125372Z: [    7.648391] ata3.00: configured for UDMA/100
[STDERR  ] 2017-12-07T10:59:19.688134597Z: [    7.650612] ata6: SATA link down (SStatus 0 SControl 300)
[STDERR  ] 2017-12-07T10:59:19.688143743Z: [    7.653609] ata1.00: configured for UDMA/100
[STDERR  ] 2017-12-07T10:59:19.688158497Z: [    7.656669] Key type big_key registered
[STDERR  ] 2017-12-07T10:59:19.68816774Z: [    7.671006] scsi 0:0:0:0: Direct-Access     ATA      QEMU HARDDISK    2.5+ PQ: 0 ANSI: 5
[STDERR  ] 2017-12-07T10:59:19.688177072Z: [    7.686105] sd 0:0:0:0: Attached scsi generic sg0 type 0
[STDERR  ] 2017-12-07T10:59:19.68819214Z: [    7.689732] sd 0:0:0:0: [sda] 1048576 512-byte logical blocks: (537 MB/512 MiB)
[STDERR  ] 2017-12-07T10:59:19.688203957Z: [    7.703366] sd 0:0:0:0: [sda] Write Protect is off
[STDERR  ] 2017-12-07T10:59:19.688215849Z: [    7.706620] scsi 2:0:0:0: CD-ROM            QEMU     QEMU DVD-ROM     2.5+ PQ: 0 ANSI: 5
[STDERR  ] 2017-12-07T10:59:19.688225294Z: [    7.710914] sd 0:0:0:0: [sda] Write cache: enabled, read cache: enabled, doesn't support DPO or FUA
[STDERR  ] 2017-12-07T10:59:19.688235096Z: [    7.732717] sr 2:0:0:0: [sr0] scsi3-mmc drive: 4x/4x cd/rw xa/form2 tray
[STDERR  ] 2017-12-07T10:59:19.688244281Z: [    7.733493] cdrom: Uniform CD-ROM driver Revision: 3.20
[STDERR  ] 2017-12-07T10:59:19.688253436Z: [    7.748123] sr 2:0:0:0: Attached scsi generic sg1 type 5
[STDERR  ] 2017-12-07T10:59:19.688262399Z: [    7.765365] sd 0:0:0:0: [sda] Attached SCSI disk
[STDERR  ] 2017-12-07T10:59:19.688272564Z: [    7.837396] Key type encrypted registered
[STDERR  ] 2017-12-07T10:59:19.688282477Z: [    7.843562] rtc_cmos 00:00: setting system clock to 2017-12-07 10:58:46 UTC (1512644326)
[STDERR  ] 2017-12-07T10:59:19.688294574Z: [    7.988481] Freeing unused kernel memory: 1380K
[STDERR  ] 2017-12-07T10:59:19.688303721Z: [    7.988776] Write protecting the kernel read-only data: 12288k
[STDERR  ] 2017-12-07T10:59:19.688313281Z: [    7.991234] tsc: Refined TSC clocksource calibration: 2600.009 MHz
[STDERR  ] 2017-12-07T10:59:19.688322494Z: [    7.991838] clocksource: tsc: mask: 0xffffffffffffffff max_cycles: 0x257a44c4d56, max_idle_ns: 440795316911 ns
[STDERR  ] 2017-12-07T10:59:19.688331786Z: [    7.997141] Freeing unused kernel memory: 128K
[STDERR  ] 2017-12-07T10:59:19.688340841Z: [    8.102046] Freeing unused kernel memory: 1396K
[STDERR  ] 2017-12-07T10:59:19.688349916Z: [    9.011111] clocksource: Switched to clocksource tsc
[STDERR  ] 2017-12-07T10:59:19.688358941Z: 
[STDERR  ] 2017-12-07T10:59:19.688368126Z: Welcome to LinuxKit
[STDERR  ] 2017-12-07T10:59:19.688383217Z: 
[STDERR  ] 2017-12-07T10:59:19.68839289Z:                         ##         .
[STDERR  ] 2017-12-07T10:59:19.688402061Z:                   ## ## ##        ==
[STDERR  ] 2017-12-07T10:59:19.688411419Z:                ## ## ## ## ##    ===
[STDERR  ] 2017-12-07T10:59:19.688420464Z:            /"""""""""""""""""\___/ ===
[STDERR  ] 2017-12-07T10:59:19.688429679Z:           {                       /  ===-
[STDERR  ] 2017-12-07T10:59:19.688438781Z:            \______ O           __/
[STDERR  ] 2017-12-07T10:59:19.688447802Z:              \    \         __/
[STDERR  ] 2017-12-07T10:59:19.688457212Z:               \____\_______/
[STDERR  ] 2017-12-07T10:59:19.688466976Z: 
[STDERR  ] 2017-12-07T10:59:19.68847607Z: [   20.051306] IPVS: Creating netns size=2104 id=1
[STDERR  ] 2017-12-07T10:59:19.688485191Z: [   20.051912] IPVS: ftp: loaded support on port[0] = 21
[STDERR  ] 2017-12-07T10:59:19.688494311Z: 2017/12/07 10:58:59 Creating partition on /dev/sda
[STDERR  ] 2017-12-07T10:59:19.688503451Z: [   21.453313]  sda:
[STDERR  ] 2017-12-07T10:59:19.688512559Z: [   21.533933]  sda:
[STDERR  ] 2017-12-07T10:59:19.688521622Z: [   21.565561]  sda: sda1
[STDERR  ] 2017-12-07T10:59:19.688530762Z: [   21.640830]  sda: sda1
[STDERR  ] 2017-12-07T10:59:19.68854044Z: 2017/12/07 10:59:01 Partition /dev/sda1 successfully created!
[STDERR  ] 2017-12-07T10:59:19.68854984Z: [   24.406418] IPVS: Creating netns size=2104 id=2
[STDERR  ] 2017-12-07T10:59:19.688558896Z: [   24.406734] IPVS: ftp: loaded support on port[0] = 21
[STDERR  ] 2017-12-07T10:59:19.688568102Z: [   25.759856] EXT4-fs (sda1): couldn't mount as ext3 due to feature incompatibilities
[STDERR  ] 2017-12-07T10:59:19.688577341Z: [   25.772172] EXT4-fs (sda1): couldn't mount as ext2 due to feature incompatibilities
[STDERR  ] 2017-12-07T10:59:19.688591009Z: [   25.801550] EXT4-fs (sda1): mounted filesystem with ordered data mode. Opts: (null)
[STDERR  ] 2017-12-07T10:59:19.688600221Z: format_mount test suite PASSED
[STDERR  ] 2017-12-07T10:59:19.688609421Z: [   39.808959] sd 0:0:0:0: [sda] Synchronizing SCSI cache
[STDERR  ] 2017-12-07T10:59:19.688619176Z: [   39.809912] sd 0:0:0:0: [sda] Stopping disk
[STDERR  ] 2017-12-07T10:59:19.688628416Z: [   39.814062] ACPI: Preparing to enter system sleep state S5
[STDERR  ] 2017-12-07T10:59:19.688637588Z: [   39.815336] reboot: Power down
[STDERR  ] 2017-12-07T10:59:19.688646808Z: + grep -q suite PASSED
[STDOUT  ] 2017-12-07T10:59:19.688667598Z: [    0.000000] Linux version 4.9.66-linuxkit (root@31ee3cd32651) (gcc version 6.3.0 (Alpine 6.3.0) ) #1 SMP Fri Dec 1 11:24:49 UTC 2017
[STDOUT  ] 2017-12-07T10:59:19.68871529Z: [    0.000000] Command line: console=ttyS0
[STDOUT  ] 2017-12-07T10:59:19.688727595Z: [    0.000000] x86/fpu: Legacy x87 FPU detected.
[STDOUT  ] 2017-12-07T10:59:19.688736778Z: [    0.000000] x86/fpu: Using 'eager' FPU context switches.
[STDOUT  ] 2017-12-07T10:59:19.688748338Z: [    0.000000] e820: BIOS-provided physical RAM map:
[STDOUT  ] 2017-12-07T10:59:19.688763188Z: [    0.000000] BIOS-e820: [mem 0x0000000000000000-0x000000000009fbff] usable
[STDOUT  ] 2017-12-07T10:59:19.688773921Z: [    0.000000] BIOS-e820: [mem 0x000000000009fc00-0x000000000009ffff] reserved
[STDOUT  ] 2017-12-07T10:59:19.68878319Z: [    0.000000] BIOS-e820: [mem 0x00000000000f0000-0x00000000000fffff] reserved
[STDOUT  ] 2017-12-07T10:59:19.688792395Z: [    0.000000] BIOS-e820: [mem 0x0000000000100000-0x000000003ffdefff] usable
[STDOUT  ] 2017-12-07T10:59:19.688801471Z: [    0.000000] BIOS-e820: [mem 0x000000003ffdf000-0x000000003fffffff] reserved
[STDOUT  ] 2017-12-07T10:59:19.688810603Z: [    0.000000] BIOS-e820: [mem 0x00000000b0000000-0x00000000bfffffff] reserved
[STDOUT  ] 2017-12-07T10:59:19.68881982Z: [    0.000000] BIOS-e820: [mem 0x00000000fed1c000-0x00000000fed1ffff] reserved
[STDOUT  ] 2017-12-07T10:59:19.688828993Z: [    0.000000] BIOS-e820: [mem 0x00000000fffc0000-0x00000000ffffffff] reserved
[STDOUT  ] 2017-12-07T10:59:19.688838099Z: [    0.000000] NX (Execute Disable) protection: active
[STDOUT  ] 2017-12-07T10:59:19.688854476Z: [    0.000000] SMBIOS 2.8 present.
[STDOUT  ] 2017-12-07T10:59:19.68886384Z: [    0.000000] e820: last_pfn = 0x3ffdf max_arch_pfn = 0x400000000
[STDOUT  ] 2017-12-07T10:59:19.68887293Z: [    0.000000] x86/PAT: Configuration [0-7]: WB  WC  UC- UC  WB  WC  UC- WT  
[STDOUT  ] 2017-12-07T10:59:19.688882141Z: [    0.000000] found SMP MP-table at [mem 0x000f6aa0-0x000f6aaf] mapped at [ffff910a800f6aa0]
[STDOUT  ] 2017-12-07T10:59:19.688891455Z: [    0.000000] RAMDISK: [mem 0x3e120000-0x3ffcffff]
[STDOUT  ] 2017-12-07T10:59:19.688900663Z: [    0.000000] ACPI: Early table checksum verification disabled
[STDOUT  ] 2017-12-07T10:59:19.688912186Z: [    0.000000] ACPI: RSDP 0x00000000000F68C0 000014 (v00 BOCHS )
[STDOUT  ] 2017-12-07T10:59:19.688921491Z: [    0.000000] ACPI: RSDT 0x000000003FFE2404 000034 (v01 BOCHS  BXPCRSDT 00000001 BXPC 00000001)
[STDOUT  ] 2017-12-07T10:59:19.68893128Z: [    0.000000] ACPI: FACP 0x000000003FFE22A4 000074 (v01 BOCHS  BXPCFACP 00000001 BXPC 00000001)
[STDOUT  ] 2017-12-07T10:59:19.688940499Z: [    0.000000] ACPI: DSDT 0x000000003FFE0040 002264 (v01 BOCHS  BXPCDSDT 00000001 BXPC 00000001)
[STDOUT  ] 2017-12-07T10:59:19.68895197Z: [    0.000000] ACPI: FACS 0x000000003FFE0000 000040
[STDOUT  ] 2017-12-07T10:59:19.68896109Z: [    0.000000] ACPI: APIC 0x000000003FFE2318 000078 (v01 BOCHS  BXPCAPIC 00000001 BXPC 00000001)
[STDOUT  ] 2017-12-07T10:59:19.688970195Z: [    0.000000] ACPI: HPET 0x000000003FFE2390 000038 (v01 BOCHS  BXPCHPET 00000001 BXPC 00000001)
[STDOUT  ] 2017-12-07T10:59:19.688982277Z: [    0.000000] ACPI: MCFG 0x000000003FFE23C8 00003C (v01 BOCHS  BXPCMCFG 00000001 BXPC 00000001)
[STDOUT  ] 2017-12-07T10:59:19.688991384Z: [    0.000000] Zone ranges:
[STDOUT  ] 2017-12-07T10:59:19.689005332Z: [    0.000000]   DMA      [mem 0x0000000000001000-0x0000000000ffffff]
[STDOUT  ] 2017-12-07T10:59:19.689015322Z: [    0.000000]   DMA32    [mem 0x0000000001000000-0x000000003ffdefff]
[STDOUT  ] 2017-12-07T10:59:19.689024645Z: [    0.000000]   Normal   empty
[STDOUT  ] 2017-12-07T10:59:19.689033834Z: [    0.000000] Movable zone start for each node
[STDOUT  ] 2017-12-07T10:59:19.68904299Z: [    0.000000] Early memory node ranges
[STDOUT  ] 2017-12-07T10:59:19.689052137Z: [    0.000000]   node   0: [mem 0x0000000000001000-0x000000000009efff]
[STDOUT  ] 2017-12-07T10:59:19.689063649Z: [    0.000000]   node   0: [mem 0x0000000000100000-0x000000003ffdefff]
[STDOUT  ] 2017-12-07T10:59:19.689075234Z: [    0.000000] Initmem setup node 0 [mem 0x0000000000001000-0x000000003ffdefff]
[STDOUT  ] 2017-12-07T10:59:19.689085408Z: [    0.000000] ACPI: PM-Timer IO Port: 0x608
[STDOUT  ] 2017-12-07T10:59:19.689094705Z: [    0.000000] ACPI: LAPIC_NMI (acpi_id[0xff] dfl dfl lint[0x1])
[STDOUT  ] 2017-12-07T10:59:19.689103918Z: [    0.000000] IOAPIC[0]: apic_id 0, version 32, address 0xfec00000, GSI 0-23
[STDOUT  ] 2017-12-07T10:59:19.689113047Z: [    0.000000] ACPI: INT_SRC_OVR (bus 0 bus_irq 0 global_irq 2 dfl dfl)
[STDOUT  ] 2017-12-07T10:59:19.689122082Z: [    0.000000] ACPI: INT_SRC_OVR (bus 0 bus_irq 5 global_irq 5 high level)
[STDOUT  ] 2017-12-07T10:59:19.689131142Z: [    0.000000] ACPI: INT_SRC_OVR (bus 0 bus_irq 9 global_irq 9 high level)
[STDOUT  ] 2017-12-07T10:59:19.689140327Z: [    0.000000] ACPI: INT_SRC_OVR (bus 0 bus_irq 10 global_irq 10 high level)
[STDOUT  ] 2017-12-07T10:59:19.68914947Z: [    0.000000] ACPI: INT_SRC_OVR (bus 0 bus_irq 11 global_irq 11 high level)
[STDOUT  ] 2017-12-07T10:59:19.689159139Z: [    0.000000] Using ACPI (MADT) for SMP configuration information
[STDOUT  ] 2017-12-07T10:59:19.689168607Z: [    0.000000] ACPI: HPET id: 0x8086a201 base: 0xfed00000
[STDOUT  ] 2017-12-07T10:59:19.689177844Z: [    0.000000] smpboot: Allowing 1 CPUs, 0 hotplug CPUs
[STDOUT  ] 2017-12-07T10:59:19.68918699Z: [    0.000000] e820: [mem 0x40000000-0xafffffff] available for PCI devices
[STDOUT  ] 2017-12-07T10:59:19.689196107Z: [    0.000000] Booting paravirtualized kernel on bare hardware
[STDOUT  ] 2017-12-07T10:59:19.68920533Z: [    0.000000] clocksource: refined-jiffies: mask: 0xffffffff max_cycles: 0xffffffff, max_idle_ns: 19112604462750000 ns
[STDOUT  ] 2017-12-07T10:59:19.68921984Z: [    0.000000] setup_percpu: NR_CPUS:128 nr_cpumask_bits:128 nr_cpu_ids:1 nr_node_ids:1
[STDOUT  ] 2017-12-07T10:59:19.68922944Z: [    0.000000] percpu: Embedded 35 pages/cpu @ffff910abde00000 s105048 r8192 d30120 u2097152
[STDOUT  ] 2017-12-07T10:59:19.689239455Z: [    0.000000] Built 1 zonelists in Zone order, mobility grouping on.  Total pages: 257896
[STDOUT  ] 2017-12-07T10:59:19.689248722Z: [    0.000000] Kernel command line: console=ttyS0
[STDOUT  ] 2017-12-07T10:59:19.68925788Z: [    0.000000] PID hash table entries: 4096 (order: 3, 32768 bytes)
[STDOUT  ] 2017-12-07T10:59:19.689269752Z: [    0.000000] Dentry cache hash table entries: 131072 (order: 8, 1048576 bytes)
[STDOUT  ] 2017-12-07T10:59:19.68927907Z: [    0.000000] Inode-cache hash table entries: 65536 (order: 7, 524288 bytes)
[STDOUT  ] 2017-12-07T10:59:19.689288295Z: [    0.000000] Memory: 982748K/1048052K available (8047K kernel code, 1367K rwdata, 2700K rodata, 1380K init, 568K bss, 65304K reserved, 0K cma-reserved)
[STDOUT  ] 2017-12-07T10:59:19.68929803Z: [    0.000000] Hierarchical RCU implementation.
[STDOUT  ] 2017-12-07T10:59:19.689306954Z: [    0.000000] 	Build-time adjustment of leaf fanout to 64.
[STDOUT  ] 2017-12-07T10:59:19.68931674Z: [    0.000000] 	RCU restricting CPUs from NR_CPUS=128 to nr_cpu_ids=1.
[STDOUT  ] 2017-12-07T10:59:19.68932605Z: [    0.000000] RCU: Adjusting geometry for rcu_fanout_leaf=64, nr_cpu_ids=1
[STDOUT  ] 2017-12-07T10:59:19.689335315Z: [    0.000000] NR_IRQS:8448 nr_irqs:256 16
[STDOUT  ] 2017-12-07T10:59:19.689344398Z: [    0.000000] Console: colour VGA+ 80x25
[STDOUT  ] 2017-12-07T10:59:19.689353635Z: [    0.000000] console [ttyS0] enabled
[STDOUT  ] 2017-12-07T10:59:19.689366897Z: [    0.000000] clocksource: hpet: mask: 0xffffffff max_cycles: 0xffffffff, max_idle_ns: 19112604467 ns
[STDOUT  ] 2017-12-07T10:59:19.689376597Z: [    0.000000] tsc: Fast TSC calibration using PIT
[STDOUT  ] 2017-12-07T10:59:19.689385601Z: [    0.000000] tsc: Detected 2600.027 MHz processor
[STDOUT  ] 2017-12-07T10:59:19.689395494Z: [    0.032427] Calibrating delay loop (skipped), value calculated using timer frequency.. 5200.05 BogoMIPS (lpj=26000270)
[STDOUT  ] 2017-12-07T10:59:19.689405153Z: [    0.033770] pid_max: default: 32768 minimum: 301
[STDOUT  ] 2017-12-07T10:59:19.689414138Z: [    0.034927] ACPI: Core revision 20160831
[STDOUT  ] 2017-12-07T10:59:19.689428681Z: [    0.078296] ACPI: 1 ACPI AML tables successfully acquired and loaded
[STDOUT  ] 2017-12-07T10:59:19.689437926Z: [    0.083515] Security Framework initialized
[STDOUT  ] 2017-12-07T10:59:19.689446794Z: [    0.084020] Yama: becoming mindful.
[STDOUT  ] 2017-12-07T10:59:19.689455914Z: [    0.087184] Mount-cache hash table entries: 2048 (order: 2, 16384 bytes)
[STDOUT  ] 2017-12-07T10:59:19.689464957Z: [    0.087864] Mountpoint-cache hash table entries: 2048 (order: 2, 16384 bytes)
[STDOUT  ] 2017-12-07T10:59:19.689474683Z: [    0.106983] Last level iTLB entries: 4KB 0, 2MB 0, 4MB 0
[STDOUT  ] 2017-12-07T10:59:19.689483763Z: [    0.107507] Last level dTLB entries: 4KB 0, 2MB 0, 4MB 0, 1GB 0
[STDOUT  ] 2017-12-07T10:59:19.689492891Z: [    0.437818] Freeing SMP alternatives memory: 20K
[STDOUT  ] 2017-12-07T10:59:19.689504636Z: [    0.448426] ftrace: allocating 35538 entries in 139 pages
[STDOUT  ] 2017-12-07T10:59:19.689514089Z: [    0.604806] smpboot: Max logical packages: 1
[STDOUT  ] 2017-12-07T10:59:19.689523269Z: [    0.614668] ..TIMER: vector=0x30 apic1=0 pin1=2 apic2=-1 pin2=-1
[STDOUT  ] 2017-12-07T10:59:19.689532504Z: [    0.720000] smpboot: CPU0: AMD QEMU Virtual CPU version 2.5+ (family: 0x6, model: 0x6, stepping: 0x3)
[STDOUT  ] 2017-12-07T10:59:19.689546713Z: [    0.720000] Performance Events: PMU not available due to virtualization, using software events only.
[STDOUT  ] 2017-12-07T10:59:19.689556796Z: [    0.728938] NMI watchdog: disabled (cpu0): hardware events not enabled
[STDOUT  ] 2017-12-07T10:59:19.689568911Z: [    0.729513] NMI watchdog: Shutting down hard lockup detector on all cpus
[STDOUT  ] 2017-12-07T10:59:19.689583253Z: [    0.733643] x86: Booted up 1 node, 1 CPUs
[STDOUT  ] 2017-12-07T10:59:19.689592489Z: [    0.734117] smpboot: Total of 1 processors activated (5200.05 BogoMIPS)
[STDOUT  ] 2017-12-07T10:59:19.689601649Z: [    0.748337] devtmpfs: initialized
[STDOUT  ] 2017-12-07T10:59:19.689610824Z: [    0.753629] x86/mm: Memory block size: 128MB
[STDOUT  ] 2017-12-07T10:59:19.689622637Z: [    0.819284] clocksource: jiffies: mask: 0xffffffff max_cycles: 0xffffffff, max_idle_ns: 19112604462750000 ns
[STDOUT  ] 2017-12-07T10:59:19.689634856Z: [    0.820410] futex hash table entries: 256 (order: 2, 16384 bytes)
[STDOUT  ] 2017-12-07T10:59:19.689644011Z: [    0.830150] NET: Registered protocol family 16
[STDOUT  ] 2017-12-07T10:59:19.689653023Z: [    0.839847] cpuidle: using governor ladder
[STDOUT  ] 2017-12-07T10:59:19.689662014Z: [    0.840663] cpuidle: using governor menu
[STDOUT  ] 2017-12-07T10:59:19.689671098Z: [    0.841991] ACPI: bus type PCI registered
[STDOUT  ] 2017-12-07T10:59:19.689680106Z: [    0.844929] PCI: MMCONFIG for domain 0000 [bus 00-ff] at [mem 0xb0000000-0xbfffffff] (base 0xb0000000)
[STDOUT  ] 2017-12-07T10:59:19.689689254Z: [    0.845759] PCI: MMCONFIG at [mem 0xb0000000-0xbfffffff] reserved in E820
[STDOUT  ] 2017-12-07T10:59:19.689698423Z: [    0.847183] PCI: Using configuration type 1 for base access
[STDOUT  ] 2017-12-07T10:59:19.689710663Z: [    0.904876] HugeTLB registered 2 MB page size, pre-allocated 0 pages
[STDOUT  ] 2017-12-07T10:59:19.689719829Z: [    0.917312] ACPI: Added _OSI(Module Device)
[STDOUT  ] 2017-12-07T10:59:19.691619981Z: [    0.917723] ACPI: Added _OSI(Processor Device)
[STDOUT  ] 2017-12-07T10:59:19.691634258Z: [    0.918044] ACPI: Added _OSI(3.0 _SCP Extensions)
[STDOUT  ] 2017-12-07T10:59:19.691645843Z: [    0.918342] ACPI: Added _OSI(Processor Aggregator Device)
[STDOUT  ] 2017-12-07T10:59:19.691652257Z: [    0.995386] ACPI: Interpreter enabled
[STDOUT  ] 2017-12-07T10:59:19.69165778Z: [    0.996465] ACPI: (supports S0 S5)
[STDOUT  ] 2017-12-07T10:59:19.691663777Z: [    0.996830] ACPI: Using IOAPIC for interrupt routing
[STDOUT  ] 2017-12-07T10:59:19.691669345Z: [    0.999647] PCI: Using host bridge windows from ACPI; if necessary, use "pci=nocrs" and report a bug
[STDOUT  ] 2017-12-07T10:59:19.691675142Z: [    1.065885] ACPI: PCI Root Bridge [PCI0] (domain 0000 [bus 00-ff])
[STDOUT  ] 2017-12-07T10:59:19.691680855Z: [    1.067212] acpi PNP0A08:00: _OSC: OS supports [ExtendedConfig ASPM ClockPM Segments MSI]
[STDOUT  ] 2017-12-07T10:59:19.691686511Z: [    1.074356] acpi PNP0A08:00: _OSC: OS now controls [PCIeHotplug PME PCIeCapability]
[STDOUT  ] 2017-12-07T10:59:19.691692183Z: [    1.078115] PCI host bridge to bus 0000:00
[STDOUT  ] 2017-12-07T10:59:19.691697735Z: [    1.078704] pci_bus 0000:00: root bus resource [io  0x0000-0x0cf7 window]
[STDOUT  ] 2017-12-07T10:59:19.691703347Z: [    1.079171] pci_bus 0000:00: root bus resource [io  0x0d00-0xffff window]
[STDOUT  ] 2017-12-07T10:59:19.691708908Z: [    1.079590] pci_bus 0000:00: root bus resource [mem 0x000a0000-0x000bffff window]
[STDOUT  ] 2017-12-07T10:59:19.691718457Z: [    1.080169] pci_bus 0000:00: root bus resource [mem 0xc0000000-0xfebfffff window]
[STDOUT  ] 2017-12-07T10:59:19.691724442Z: [    1.080954] pci_bus 0000:00: root bus resource [bus 00-ff]
[STDOUT  ] 2017-12-07T10:59:19.691730058Z: [    1.192344] pci 0000:00:1f.0: quirk: [io  0x0600-0x067f] claimed by ICH6 ACPI/GPIO/TCO
[STDOUT  ] 2017-12-07T10:59:19.691735661Z: [    1.254706] ACPI: PCI Interrupt Link [LNKA] (IRQs 5 *10 11)
[STDOUT  ] 2017-12-07T10:59:19.691741157Z: [    1.257807] ACPI: PCI Interrupt Link [LNKB] (IRQs 5 *10 11)
[STDOUT  ] 2017-12-07T10:59:19.691746631Z: [    1.260963] ACPI: PCI Interrupt Link [LNKC] (IRQs 5 10 *11)
[STDOUT  ] 2017-12-07T10:59:19.691752111Z: [    1.262906] ACPI: PCI Interrupt Link [LNKD] (IRQs 5 10 *11)
[STDOUT  ] 2017-12-07T10:59:19.691764095Z: [    1.264809] ACPI: PCI Interrupt Link [LNKE] (IRQs 5 *10 11)
[STDOUT  ] 2017-12-07T10:59:19.691774703Z: [    1.266737] ACPI: PCI Interrupt Link [LNKF] (IRQs 5 *10 11)
[STDOUT  ] 2017-12-07T10:59:19.691780323Z: [    1.268689] ACPI: PCI Interrupt Link [LNKG] (IRQs 5 10 *11)
[STDOUT  ] 2017-12-07T10:59:19.691786051Z: [    1.270984] ACPI: PCI Interrupt Link [LNKH] (IRQs 5 10 *11)
[STDOUT  ] 2017-12-07T10:59:19.69179486Z: [    1.272025] ACPI: PCI Interrupt Link [GSIA] (IRQs *16)
[STDOUT  ] 2017-12-07T10:59:19.691800503Z: [    1.272814] ACPI: PCI Interrupt Link [GSIB] (IRQs *17)
[STDOUT  ] 2017-12-07T10:59:19.691805901Z: [    1.273634] ACPI: PCI Interrupt Link [GSIC] (IRQs *18)
[STDOUT  ] 2017-12-07T10:59:19.691811297Z: [    1.274417] ACPI: PCI Interrupt Link [GSID] (IRQs *19)
[STDOUT  ] 2017-12-07T10:59:19.691816828Z: [    1.275195] ACPI: PCI Interrupt Link [GSIE] (IRQs *20)
[STDOUT  ] 2017-12-07T10:59:19.691822263Z: [    1.275985] ACPI: PCI Interrupt Link [GSIF] (IRQs *21)
[STDOUT  ] 2017-12-07T10:59:19.691827595Z: [    1.276785] ACPI: PCI Interrupt Link [GSIG] (IRQs *22)
[STDOUT  ] 2017-12-07T10:59:19.69183563Z: [    1.277531] ACPI: PCI Interrupt Link [GSIH] (IRQs *23)
[STDOUT  ] 2017-12-07T10:59:19.691841098Z: [    1.281693] ACPI: Enabled 2 GPEs in block 00 to 3F
[STDOUT  ] 2017-12-07T10:59:19.691846508Z: [    1.286050] SCSI subsystem initialized
[STDOUT  ] 2017-12-07T10:59:19.691851998Z: [    1.287916] ACPI: bus type USB registered
[STDOUT  ] 2017-12-07T10:59:19.691857512Z: [    1.289158] usbcore: registered new interface driver usbfs
[STDOUT  ] 2017-12-07T10:59:19.691862993Z: [    1.290399] usbcore: registered new interface driver hub
[STDOUT  ] 2017-12-07T10:59:19.691868448Z: [    1.291320] usbcore: registered new device driver usb
[STDOUT  ] 2017-12-07T10:59:19.691873845Z: [    1.292600] pps_core: LinuxPPS API ver. 1 registered
[STDOUT  ] 2017-12-07T10:59:19.691882527Z: [    1.292959] pps_core: Software ver. 5.3.6 - Copyright 2005-2007 Rodolfo Giometti <giometti@linux.it>
[STDOUT  ] 2017-12-07T10:59:19.69188843Z: [    1.293727] PTP clock support registered
[STDOUT  ] 2017-12-07T10:59:19.691893985Z: [    1.294950] wmi: Mapper loaded
[STDOUT  ] 2017-12-07T10:59:19.691899423Z: [    1.296219] PCI: Using ACPI for IRQ routing
[STDOUT  ] 2017-12-07T10:59:19.691905022Z: [    1.315504] NetLabel: Initializing
[STDOUT  ] 2017-12-07T10:59:19.691910638Z: [    1.315742] NetLabel:  domain hash size = 128
[STDOUT  ] 2017-12-07T10:59:19.691916087Z: [    1.316220] NetLabel:  protocols = UNLABELED CIPSOv4
[STDOUT  ] 2017-12-07T10:59:19.691921467Z: [    1.319068] NetLabel:  unlabeled traffic allowed by default
[STDOUT  ] 2017-12-07T10:59:19.691926943Z: [    1.320520] HPET: 3 timers in total, 0 timers will be used for per-cpu timer
[STDOUT  ] 2017-12-07T10:59:19.69193257Z: [    1.321341] hpet0: at MMIO 0xfed00000, IRQs 2, 8, 0
[STDOUT  ] 2017-12-07T10:59:19.691938045Z: [    1.321945] hpet0: 3 comparators, 64-bit 100.000000 MHz counter
[STDOUT  ] 2017-12-07T10:59:19.69194345Z: [    1.327291] clocksource: Switched to clocksource hpet
[STDOUT  ] 2017-12-07T10:59:19.69194893Z: [    1.620843] VFS: Disk quotas dquot_6.6.0
[STDOUT  ] 2017-12-07T10:59:19.691956483Z: [    1.621767] VFS: Dquot-cache hash table entries: 512 (order 0, 4096 bytes)
[STDOUT  ] 2017-12-07T10:59:19.691962042Z: [    1.625878] FS-Cache: Loaded
[STDOUT  ] 2017-12-07T10:59:19.691967596Z: [    1.631553] CacheFiles: Loaded
[STDOUT  ] 2017-12-07T10:59:19.69197329Z: [    1.634035] pnp: PnP ACPI init
