[INFO    ] 2019-06-10T17:18:27.202392839Z: Running Test linuxkit.packages.dhcpcd in /tmp/with_clone1d238dd6/test/cases/040_packages/004_dhcpcd
[INFO    ] 2019-06-10T17:18:27.202689022Z: Running command: [/bin/sh -x /tmp/with_clone1d238dd6/test/cases/040_packages/004_dhcpcd/test.sh]
[STDERR  ] 2019-06-10T17:18:27.203890153Z: + set -e
[STDERR  ] 2019-06-10T17:18:27.204117927Z: + . /tmp/with_clone1d238dd6/test/cases/_lib/lib.sh
[STDERR  ] 2019-06-10T17:18:27.204138629Z: + [ -f src/github.com/linuxkit/rtf/lib/lib.sh ]
[STDERR  ] 2019-06-10T17:18:27.204158339Z: + LINUXKIT_TMPDIR=/tmp/with_clone1d238dd6/test/cases/_tmp
[STDERR  ] 2019-06-10T17:18:27.204321088Z: + [ -f /tmp/with_clone1d238dd6/test/cases/_tmp/env.sh ]
[STDERR  ] 2019-06-10T17:18:27.204340882Z: + . /tmp/with_clone1d238dd6/test/cases/_tmp/env.sh
[STDERR  ] 2019-06-10T17:18:27.204361940Z: + export LINUXKIT_EXAMPLES_DIR=/tmp/with_clone1d238dd6/test/cases/../../examples
[STDERR  ] 2019-06-10T17:18:27.204393840Z: + RT_CANCEL=253
[STDERR  ] 2019-06-10T17:18:27.204413390Z: + NAME=dhcpcd
[STDERR  ] 2019-06-10T17:18:27.204436403Z: + trap clean_up EXIT
[STDERR  ] 2019-06-10T17:18:27.204455756Z: + linuxkit build -format kernel+initrd -name dhcpcd test.yml
[STDERR  ] 2019-06-10T17:18:27.275479857Z: Extract kernel image: linuxkit/kernel:4.19.49
[STDERR  ] 2019-06-10T17:18:31.935453466Z: Add init containers:
[STDERR  ] 2019-06-10T17:18:31.935556465Z: Process init image: linuxkit/init:v0.7
[STDERR  ] 2019-06-10T17:18:33.747348147Z: Process init image: linuxkit/runc:c1f0db27e71d948f3134b31ce76276f843849b0a
[STDERR  ] 2019-06-10T17:18:35.359512571Z: Add onboot containers:
[STDERR  ] 2019-06-10T17:18:35.359625826Z:   Create OCI config for linuxkit/dhcpcd:v0.7
[STDERR  ] 2019-06-10T17:18:36.927877874Z:   Create OCI config for alpine:3.9
[STDERR  ] 2019-06-10T17:18:38.519637323Z:   Create OCI config for linuxkit/poweroff:b498d30dd9660090565537fceb9e757618737a85
[STDERR  ] 2019-06-10T17:18:40.091675391Z: Add files:
[STDERR  ] 2019-06-10T17:18:40.091783869Z:   check.sh
[STDERR  ] 2019-06-10T17:18:40.091813306Z: Create outputs:
[STDERR  ] 2019-06-10T17:18:46.048345101Z:   dhcpcd-kernel dhcpcd-initrd.img dhcpcd-cmdline
[STDERR  ] 2019-06-10T17:18:46.125843418Z: + linuxkit run dhcpcd
[STDERR  ] 2019-06-10T17:19:38.112742788Z: + RESULT=[    0.000000] Linux version 4.19.49-linuxkit (root@fed2e0f7a11b) (gcc version 8.3.0 (Alpine 8.3.0)) #1 SMP Sun Jun 9 23:48:25 UTC 2019
[STDERR  ] 2019-06-10T17:19:38.112883719Z: [    0.000000] Command line: console=ttyS0 console=ttyAMA0
[STDERR  ] 2019-06-10T17:19:38.112906924Z: [    0.000000] x86/fpu: x87 FPU will use FXSAVE
[STDERR  ] 2019-06-10T17:19:38.112929066Z: [    0.000000] BIOS-provided physical RAM map:
[STDERR  ] 2019-06-10T17:19:38.113064897Z: [    0.000000] BIOS-e820: [mem 0x0000000000000000-0x000000000009fbff] usable
[STDERR  ] 2019-06-10T17:19:38.113132210Z: [    0.000000] BIOS-e820: [mem 0x000000000009fc00-0x000000000009ffff] reserved
[STDERR  ] 2019-06-10T17:19:38.113153966Z: [    0.000000] BIOS-e820: [mem 0x00000000000f0000-0x00000000000fffff] reserved
[STDERR  ] 2019-06-10T17:19:38.113174185Z: [    0.000000] BIOS-e820: [mem 0x0000000000100000-0x000000003ffdefff] usable
[STDERR  ] 2019-06-10T17:19:38.113195482Z: [    0.000000] BIOS-e820: [mem 0x000000003ffdf000-0x000000003fffffff] reserved
[STDERR  ] 2019-06-10T17:19:38.113216125Z: [    0.000000] BIOS-e820: [mem 0x00000000b0000000-0x00000000bfffffff] reserved
[STDERR  ] 2019-06-10T17:19:38.113236119Z: [    0.000000] BIOS-e820: [mem 0x00000000fed1c000-0x00000000fed1ffff] reserved
[STDERR  ] 2019-06-10T17:19:38.113255982Z: [    0.000000] BIOS-e820: [mem 0x00000000fffc0000-0x00000000ffffffff] reserved
[STDERR  ] 2019-06-10T17:19:38.113276237Z: [    0.000000] NX (Execute Disable) protection: active
[STDERR  ] 2019-06-10T17:19:38.113296627Z: [    0.000000] SMBIOS 2.8 present.
[STDERR  ] 2019-06-10T17:19:38.113316903Z: [    0.000000] DMI: QEMU Standard PC (Q35 + ICH9, 2009), BIOS rel-1.10.2-0-g5f4c7b1-prebuilt.qemu-project.org 04/01/2014
[STDERR  ] 2019-06-10T17:19:38.113375756Z: [    0.000000] tsc: Fast TSC calibration using PIT
[STDERR  ] 2019-06-10T17:19:38.113408302Z: [    0.000000] tsc: Detected 2599.774 MHz processor
[STDERR  ] 2019-06-10T17:19:38.113434516Z: [    0.068438] last_pfn = 0x3ffdf max_arch_pfn = 0x400000000
[STDERR  ] 2019-06-10T17:19:38.113455190Z: [    0.070014] x86/PAT: Configuration [0-7]: WB  WC  UC- UC  WB  WP  UC- WT  
[STDERR  ] 2019-06-10T17:19:38.113497610Z: [    0.119414] found SMP MP-table at [mem 0x000f6aa0-0x000f6aaf]
[STDERR  ] 2019-06-10T17:19:38.113580910Z: [    0.129699] RAMDISK: [mem 0x3de65000-0x3ffcffff]
[STDERR  ] 2019-06-10T17:19:38.113676994Z: [    0.130509] ACPI: Early table checksum verification disabled
[STDERR  ] 2019-06-10T17:19:38.113697586Z: [    0.132696] ACPI: RSDP 0x00000000000F68C0 000014 (v00 BOCHS )
[STDERR  ] 2019-06-10T17:19:38.113717381Z: [    0.133012] ACPI: RSDT 0x000000003FFE2404 000034 (v01 BOCHS  BXPCRSDT 00000001 BXPC 00000001)
[STDERR  ] 2019-06-10T17:19:38.113738615Z: [    0.133823] ACPI: FACP 0x000000003FFE22A4 000074 (v01 BOCHS  BXPCFACP 00000001 BXPC 00000001)
[STDERR  ] 2019-06-10T17:19:38.113758464Z: [    0.134612] ACPI: DSDT 0x000000003FFE0040 002264 (v01 BOCHS  BXPCDSDT 00000001 BXPC 00000001)
[STDERR  ] 2019-06-10T17:19:38.113778599Z: [    0.134767] ACPI: FACS 0x000000003FFE0000 000040
[STDERR  ] 2019-06-10T17:19:38.113798214Z: [    0.134900] ACPI: APIC 0x000000003FFE2318 000078 (v01 BOCHS  BXPCAPIC 00000001 BXPC 00000001)
[STDERR  ] 2019-06-10T17:19:38.113818860Z: [    0.134986] ACPI: HPET 0x000000003FFE2390 000038 (v01 BOCHS  BXPCHPET 00000001 BXPC 00000001)
[STDERR  ] 2019-06-10T17:19:38.113838738Z: [    0.135069] ACPI: MCFG 0x000000003FFE23C8 00003C (v01 BOCHS  BXPCMCFG 00000001 BXPC 00000001)
[STDERR  ] 2019-06-10T17:19:38.113858133Z: [    0.139901] Zone ranges:
[STDERR  ] 2019-06-10T17:19:38.113877769Z: [    0.140009]   DMA      [mem 0x0000000000001000-0x0000000000ffffff]
[STDERR  ] 2019-06-10T17:19:38.113897071Z: [    0.140090]   DMA32    [mem 0x0000000001000000-0x000000003ffdefff]
[STDERR  ] 2019-06-10T17:19:38.113916270Z: [    0.140132]   Normal   empty
[STDERR  ] 2019-06-10T17:19:38.113935740Z: [    0.140178]   Device   empty
[STDERR  ] 2019-06-10T17:19:38.113955881Z: [    0.140222] Movable zone start for each node
[STDERR  ] 2019-06-10T17:19:38.113975238Z: [    0.140289] Early memory node ranges
[STDERR  ] 2019-06-10T17:19:38.113994363Z: [    0.140373]   node   0: [mem 0x0000000000001000-0x000000000009efff]
[STDERR  ] 2019-06-10T17:19:38.114015427Z: [    0.140423]   node   0: [mem 0x0000000000100000-0x000000003ffdefff]
[STDERR  ] 2019-06-10T17:19:38.114035193Z: [    0.141635] Reserved but unavailable: 98 pages
[STDERR  ] 2019-06-10T17:19:38.114078940Z: [    0.141852] Initmem setup node 0 [mem 0x0000000000001000-0x000000003ffdefff]
[STDERR  ] 2019-06-10T17:19:38.114098785Z: [    0.205016] ACPI: PM-Timer IO Port: 0x608
[STDERR  ] 2019-06-10T17:19:38.114123130Z: [    0.205708] ACPI: LAPIC_NMI (acpi_id[0xff] dfl dfl lint[0x1])
[STDERR  ] 2019-06-10T17:19:38.114163873Z: [    0.206287] IOAPIC[0]: apic_id 0, version 32, address 0xfec00000, GSI 0-23
[STDERR  ] 2019-06-10T17:19:38.114190760Z: [    0.206465] ACPI: INT_SRC_OVR (bus 0 bus_irq 0 global_irq 2 dfl dfl)
[STDERR  ] 2019-06-10T17:19:38.114210439Z: [    0.206825] ACPI: INT_SRC_OVR (bus 0 bus_irq 5 global_irq 5 high level)
[STDERR  ] 2019-06-10T17:19:38.114230227Z: [    0.206895] ACPI: INT_SRC_OVR (bus 0 bus_irq 9 global_irq 9 high level)
[STDERR  ] 2019-06-10T17:19:38.114272254Z: [    0.207023] ACPI: INT_SRC_OVR (bus 0 bus_irq 10 global_irq 10 high level)
[STDERR  ] 2019-06-10T17:19:38.114294629Z: [    0.207055] ACPI: INT_SRC_OVR (bus 0 bus_irq 11 global_irq 11 high level)
[STDERR  ] 2019-06-10T17:19:38.114330520Z: [    0.207455] Using ACPI (MADT) for SMP configuration information
[STDERR  ] 2019-06-10T17:19:38.114350357Z: [    0.207554] ACPI: HPET id: 0x8086a201 base: 0xfed00000
[STDERR  ] 2019-06-10T17:19:38.114370059Z: [    0.208104] smpboot: Allowing 1 CPUs, 0 hotplug CPUs
[STDERR  ] 2019-06-10T17:19:38.114451423Z: [    0.209285] [mem 0x40000000-0xafffffff] available for PCI devices
[STDERR  ] 2019-06-10T17:19:38.114477019Z: [    0.209355] Booting paravirtualized kernel on bare hardware
[STDERR  ] 2019-06-10T17:19:38.114516072Z: [    0.209645] clocksource: refined-jiffies: mask: 0xffffffff max_cycles: 0xffffffff, max_idle_ns: 1910969940391419 ns
[STDERR  ] 2019-06-10T17:19:38.114541579Z: [    3.634015] random: get_random_bytes called from start_kernel+0x91/0x512 with crng_init=0
[STDERR  ] 2019-06-10T17:19:38.114578536Z: [    3.635059] setup_percpu: NR_CPUS:128 nr_cpumask_bits:128 nr_cpu_ids:1 nr_node_ids:1
[STDERR  ] 2019-06-10T17:19:38.114613877Z: [    3.644065] percpu: Embedded 45 pages/cpu s145112 r8192 d31016 u2097152
[STDERR  ] 2019-06-10T17:19:38.114634171Z: [    3.647381] Built 1 zonelists, mobility grouping on.  Total pages: 257896
[STDERR  ] 2019-06-10T17:19:38.114654607Z: [    3.647633] Kernel command line: console=ttyS0 console=ttyAMA0
[STDERR  ] 2019-06-10T17:19:38.114674637Z: [    3.655034] Dentry cache hash table entries: 131072 (order: 8, 1048576 bytes)
[STDERR  ] 2019-06-10T17:19:38.114694790Z: [    3.656783] Inode-cache hash table entries: 65536 (order: 7, 524288 bytes)
[STDERR  ] 2019-06-10T17:19:38.114724600Z: [    3.726712] Memory: 967264K/1048052K available (12300K kernel code, 1577K rwdata, 3012K rodata, 1584K init, 2028K bss, 80788K reserved, 0K cma-reserved)
[STDERR  ] 2019-06-10T17:19:38.114754159Z: [    3.734127] ftrace: allocating 43126 entries in 169 pages
[STDERR  ] 2019-06-10T17:19:38.114774021Z: [    4.202108] rcu: Hierarchical RCU implementation.
[STDERR  ] 2019-06-10T17:19:38.114793485Z: [    4.202310] rcu: 	RCU restricting CPUs from NR_CPUS=128 to nr_cpu_ids=1.
[STDERR  ] 2019-06-10T17:19:38.114825951Z: [    4.202458] rcu: Adjusting geometry for rcu_fanout_leaf=16, nr_cpu_ids=1
[STDERR  ] 2019-06-10T17:19:38.114846529Z: [    4.257682] NR_IRQS: 8448, nr_irqs: 256, preallocated irqs: 16
[STDERR  ] 2019-06-10T17:19:38.114866111Z: [    4.271127] Console: colour VGA+ 80x25
[STDERR  ] 2019-06-10T17:19:38.114885725Z: [    4.310676] console [ttyS0] enabled
[STDERR  ] 2019-06-10T17:19:38.114905228Z: [    4.311390] ACPI: Core revision 20180810
[STDERR  ] 2019-06-10T17:19:38.114924450Z: [    4.319630] clocksource: hpet: mask: 0xffffffff max_cycles: 0xffffffff, max_idle_ns: 19112604467 ns
[STDERR  ] 2019-06-10T17:19:38.114943925Z: [    4.326499] APIC: Switch to symmetric I/O mode setup
[STDERR  ] 2019-06-10T17:19:38.114967970Z: [    4.333366] ..TIMER: vector=0x30 apic1=0 pin1=2 apic2=-1 pin2=-1
[STDERR  ] 2019-06-10T17:19:38.114987604Z: [    4.338995] clocksource: tsc-early: mask: 0xffffffffffffffff max_cycles: 0x257966ec9bb, max_idle_ns: 440795334878 ns
[STDERR  ] 2019-06-10T17:19:38.115007560Z: [    4.343078] Calibrating delay loop (skipped), value calculated using timer frequency.. 5199.54 BogoMIPS (lpj=2599774)
[STDERR  ] 2019-06-10T17:19:38.115027336Z: [    4.343580] pid_max: default: 32768 minimum: 301
[STDERR  ] 2019-06-10T17:19:38.115047925Z: [    4.349695] Security Framework initialized
[STDERR  ] 2019-06-10T17:19:38.115067019Z: [    4.350266] Yama: becoming mindful.
[STDERR  ] 2019-06-10T17:19:38.115086359Z: [    4.352913] Mount-cache hash table entries: 2048 (order: 2, 16384 bytes)
[STDERR  ] 2019-06-10T17:19:38.115105710Z: [    4.353554] Mountpoint-cache hash table entries: 2048 (order: 2, 16384 bytes)
[STDERR  ] 2019-06-10T17:19:38.115125122Z: [    4.374925] Last level iTLB entries: 4KB 0, 2MB 0, 4MB 0
[STDERR  ] 2019-06-10T17:19:38.115144274Z: [    4.375488] Last level dTLB entries: 4KB 0, 2MB 0, 4MB 0, 1GB 0
[STDERR  ] 2019-06-10T17:19:38.115163847Z: [    4.376160] Spectre V2 : Spectre mitigation: LFENCE not serializing, switching to generic retpoline
[STDERR  ] 2019-06-10T17:19:38.115183129Z: [    4.376492] Spectre V2 : Mitigation: Full generic retpoline
[STDERR  ] 2019-06-10T17:19:38.115202135Z: [    4.377480] Spectre V2 : Spectre v2 / SpectreRSB mitigation: Filling RSB on context switch
[STDERR  ] 2019-06-10T17:19:38.115226853Z: [    4.378537] Speculative Store Bypass: Vulnerable
[STDERR  ] 2019-06-10T17:19:38.115246116Z: [    4.582800] random: fast init done
[STDERR  ] 2019-06-10T17:19:38.115269421Z: [    4.703926] Freeing SMP alternatives memory: 20K
[STDERR  ] 2019-06-10T17:19:38.115288710Z: [    4.731438] smpboot: CPU0: AMD QEMU Virtual CPU version 2.5+ (family: 0x6, model: 0x6, stepping: 0x3)
[STDERR  ] 2019-06-10T17:19:38.115308059Z: [    4.740367] Performance Events: PMU not available due to virtualization, using software events only.
[STDERR  ] 2019-06-10T17:19:38.115327326Z: [    4.744078] rcu: Hierarchical SRCU implementation.
[STDERR  ] 2019-06-10T17:19:38.115346630Z: [    4.750874] NMI watchdog: Perf NMI watchdog permanently disabled
[STDERR  ] 2019-06-10T17:19:38.115375842Z: [    4.756250] smp: Bringing up secondary CPUs ...
[STDERR  ] 2019-06-10T17:19:38.115395203Z: [    4.757002] smp: Brought up 1 node, 1 CPU
[STDERR  ] 2019-06-10T17:19:38.115426313Z: [    4.757514] smpboot: Max logical packages: 1
[STDERR  ] 2019-06-10T17:19:38.115509197Z: [    4.757987] smpboot: Total of 1 processors activated (5199.54 BogoMIPS)
[STDERR  ] 2019-06-10T17:19:38.115528831Z: [    4.775030] devtmpfs: initialized
[STDERR  ] 2019-06-10T17:19:38.115553767Z: [    4.780260] x86/mm: Memory block size: 128MB
[STDERR  ] 2019-06-10T17:19:38.115572888Z: [    4.792131] clocksource: jiffies: mask: 0xffffffff max_cycles: 0xffffffff, max_idle_ns: 1911260446275000 ns
[STDERR  ] 2019-06-10T17:19:38.115605099Z: [    4.793546] futex hash table entries: 256 (order: 2, 16384 bytes)
[STDERR  ] 2019-06-10T17:19:38.115635100Z: [    4.808645] NET: Registered protocol family 16
[STDERR  ] 2019-06-10T17:19:38.115654640Z: [    4.813723] audit: initializing netlink subsys (disabled)
[STDERR  ] 2019-06-10T17:19:38.115673775Z: [    4.818950] audit: type=2000 audit(1560187131.489:1): state=initialized audit_enabled=0 res=1
[STDERR  ] 2019-06-10T17:19:38.115693484Z: [    4.821930] cpuidle: using governor ladder
[STDERR  ] 2019-06-10T17:19:38.115712488Z: [    4.822517] cpuidle: using governor menu
[STDERR  ] 2019-06-10T17:19:38.115731624Z: [    4.824599] ACPI: bus type PCI registered
[STDERR  ] 2019-06-10T17:19:38.115750559Z: [    4.825095] acpiphp: ACPI Hot Plug PCI Controller Driver version: 0.5
[STDERR  ] 2019-06-10T17:19:38.115788477Z: [    4.829829] PCI: MMCONFIG for domain 0000 [bus 00-ff] at [mem 0xb0000000-0xbfffffff] (base 0xb0000000)
[STDERR  ] 2019-06-10T17:19:38.115807657Z: [    4.830699] PCI: MMCONFIG at [mem 0xb0000000-0xbfffffff] reserved in E820
[STDERR  ] 2019-06-10T17:19:38.115841853Z: [    4.832518] PCI: Using configuration type 1 for base access
[STDERR  ] 2019-06-10T17:19:38.115861206Z: [    4.899835] HugeTLB registered 2.00 MiB page size, pre-allocated 0 pages
[STDERR  ] 2019-06-10T17:19:38.115880299Z: [    4.905266] cryptd: max_cpu_qlen set to 1000
[STDERR  ] 2019-06-10T17:19:38.115907703Z: [    4.910959] ACPI: Added _OSI(Module Device)
[STDERR  ] 2019-06-10T17:19:38.115926614Z: [    4.911474] ACPI: Added _OSI(Processor Device)
[STDERR  ] 2019-06-10T17:19:38.115945308Z: [    4.911872] ACPI: Added _OSI(3.0 _SCP Extensions)
[STDERR  ] 2019-06-10T17:19:38.115970972Z: [    4.912255] ACPI: Added _OSI(Processor Aggregator Device)
[STDERR  ] 2019-06-10T17:19:38.115996614Z: [    4.912589] ACPI: Added _OSI(Linux-Dell-Video)
[STDERR  ] 2019-06-10T17:19:38.116015998Z: [    4.913494] ACPI: Added _OSI(Linux-Lenovo-NV-HDMI-Audio)
[STDERR  ] 2019-06-10T17:19:38.116035088Z: [    4.966493] ACPI: 1 ACPI AML tables successfully acquired and loaded
[STDERR  ] 2019-06-10T17:19:38.116055693Z: [    5.002526] ACPI: Interpreter enabled
[STDERR  ] 2019-06-10T17:19:38.116078988Z: [    5.003887] ACPI: (supports S0 S5)
[STDERR  ] 2019-06-10T17:19:38.116098231Z: [    5.004325] ACPI: Using IOAPIC for interrupt routing
[STDERR  ] 2019-06-10T17:19:38.116117181Z: [    5.006919] PCI: Using host bridge windows from ACPI; if necessary, use "pci=nocrs" and report a bug
[STDERR  ] 2019-06-10T17:19:38.116136358Z: [    5.011390] ACPI: Enabled 2 GPEs in block 00 to 3F
[STDERR  ] 2019-06-10T17:19:38.116169853Z: [    5.085033] ACPI: PCI Root Bridge [PCI0] (domain 0000 [bus 00-ff])
[STDERR  ] 2019-06-10T17:19:38.116189419Z: [    5.086013] acpi PNP0A08:00: _OSC: OS supports [ExtendedConfig ASPM ClockPM Segments MSI]
[STDERR  ] 2019-06-10T17:19:38.116214801Z: [    5.090719] acpi PNP0A08:00: _OSC: platform does not support [SHPCHotplug LTR]
[STDERR  ] 2019-06-10T17:19:38.116234313Z: [    5.093939] acpi PNP0A08:00: _OSC: OS now controls [PCIeHotplug PME PCIeCapability]
[STDERR  ] 2019-06-10T17:19:38.116262897Z: [    5.099968] PCI host bridge to bus 0000:00
[STDERR  ] 2019-06-10T17:19:38.116291488Z: [    5.100614] pci_bus 0000:00: root bus resource [io  0x0000-0x0cf7 window]
[STDERR  ] 2019-06-10T17:19:38.116311171Z: [    5.101182] pci_bus 0000:00: root bus resource [io  0x0d00-0xffff window]
[STDERR  ] 2019-06-10T17:19:38.116330372Z: [    5.101491] pci_bus 0000:00: root bus resource [mem 0x000a0000-0x000bffff window]
[STDERR  ] 2019-06-10T17:19:38.116349786Z: [    5.102483] pci_bus 0000:00: root bus resource [mem 0xc0000000-0xfebfffff window]
[STDERR  ] 2019-06-10T17:19:38.116373009Z: [    5.103164] pci_bus 0000:00: root bus resource [bus 00-ff]
[STDERR  ] 2019-06-10T17:19:38.116392512Z: [    5.166154] pci 0000:00:1f.0: quirk: [io  0x0600-0x067f] claimed by ICH6 ACPI/GPIO/TCO
[STDERR  ] 2019-06-10T17:19:38.116412255Z: [    5.213851] ACPI: PCI Interrupt Link [LNKA] (IRQs 5 *10 11)
[STDERR  ] 2019-06-10T17:19:38.116431375Z: [    5.216229] ACPI: PCI Interrupt Link [LNKB] (IRQs 5 *10 11)
[STDERR  ] 2019-06-10T17:19:38.116450836Z: [    5.218222] ACPI: PCI Interrupt Link [LNKC] (IRQs 5 10 *11)
[STDERR  ] 2019-06-10T17:19:38.116470040Z: [    5.220257] ACPI: PCI Interrupt Link [LNKD] (IRQs 5 10 *11)
[STDERR  ] 2019-06-10T17:19:38.116489446Z: [    5.222224] ACPI: PCI Interrupt Link [LNKE] (IRQs 5 *10 11)
[STDERR  ] 2019-06-10T17:19:38.116518451Z: [    5.224308] ACPI: PCI Interrupt Link [LNKF] (IRQs 5 *10 11)
[STDERR  ] 2019-06-10T17:19:38.116542341Z: [    5.226748] ACPI: PCI Interrupt Link [LNKG] (IRQs 5 10 *11)
[STDERR  ] 2019-06-10T17:19:38.116562218Z: [    5.228816] ACPI: PCI Interrupt Link [LNKH] (IRQs 5 10 *11)
[STDERR  ] 2019-06-10T17:19:38.116581469Z: [    5.229838] ACPI: PCI Interrupt Link [GSIA] (IRQs *16)
[STDERR  ] 2019-06-10T17:19:38.116600760Z: [    5.230672] ACPI: PCI Interrupt Link [GSIB] (IRQs *17)
[STDERR  ] 2019-06-10T17:19:38.116620158Z: [    5.231488] ACPI: PCI Interrupt Link [GSIC] (IRQs *18)
[STDERR  ] 2019-06-10T17:19:38.116639456Z: [    5.232175] ACPI: PCI Interrupt Link [GSID] (IRQs *19)
[STDERR  ] 2019-06-10T17:19:38.116658865Z: [    5.232735] ACPI: PCI Interrupt Link [GSIE] (IRQs *20)
[STDERR  ] 2019-06-10T17:19:38.116677998Z: [    5.233726] ACPI: PCI Interrupt Link [GSIF] (IRQs *21)
[STDERR  ] 2019-06-10T17:19:38.116697406Z: [    5.234630] ACPI: PCI Interrupt Link [GSIG] (IRQs *22)
[STDERR  ] 2019-06-10T17:19:38.116726911Z: [    5.235324] ACPI: PCI Interrupt Link [GSIH] (IRQs *23)
[STDERR  ] 2019-06-10T17:19:38.116746422Z: [    5.244784] SCSI subsystem initialized
[STDERR  ] 2019-06-10T17:19:38.116765587Z: [    5.247799] ACPI: bus type USB registered
[STDERR  ] 2019-06-10T17:19:38.116784859Z: [    5.248882] usbcore: registered new interface driver usbfs
[STDERR  ] 2019-06-10T17:19:38.116813802Z: [    5.249953] usbcore: registered new interface driver hub
[STDERR  ] 2019-06-10T17:19:38.116833015Z: [    5.250844] usbcore: registered new device driver usb
[STDERR  ] 2019-06-10T17:19:38.116852176Z: [    5.252021] pps_core: LinuxPPS API ver. 1 registered
[STDERR  ] 2019-06-10T17:19:38.116871725Z: [    5.252480] pps_core: Software ver. 5.3.6 - Copyright 2005-2007 Rodolfo Giometti <giometti@linux.it>
[STDERR  ] 2019-06-10T17:19:38.116891363Z: [    5.253528] PTP clock support registered
[STDERR  ] 2019-06-10T17:19:38.116910505Z: [    5.256144] PCI: Using ACPI for IRQ routing
[STDERR  ] 2019-06-10T17:19:38.116929881Z: [    5.277695] NetLabel: Initializing
[STDERR  ] 2019-06-10T17:19:38.116948862Z: [    5.278025] NetLabel:  domain hash size = 128
[STDERR  ] 2019-06-10T17:19:38.116974373Z: [    5.278363] NetLabel:  protocols = UNLABELED CIPSOv4 CALIPSO
[STDERR  ] 2019-06-10T17:19:38.116998906Z: [    5.280961] NetLabel:  unlabeled traffic allowed by default
[STDERR  ] 2019-06-10T17:19:38.117022051Z: [    5.282262] HPET: 3 timers in total, 0 timers will be used for per-cpu timer
[STDERR  ] 2019-06-10T17:19:38.117062944Z: [    5.282749] hpet0: at MMIO 0xfed00000, IRQs 2, 8, 0
[STDERR  ] 2019-06-10T17:19:38.117082224Z: [    5.283494] hpet0: 3 comparators, 64-bit 100.000000 MHz counter
[STDERR  ] 2019-06-10T17:19:38.117101368Z: [    5.290354] clocksource: Switched to clocksource tsc-early
[STDERR  ] 2019-06-10T17:19:38.117120642Z: [    5.736097] VFS: Disk quotas dquot_6.6.0
[STDERR  ] 2019-06-10T17:19:38.117139999Z: [    5.737282] VFS: Dquot-cache hash table entries: 512 (order 0, 4096 bytes)
[STDERR  ] 2019-06-10T17:19:38.117159374Z: [    5.740990] FS-Cache: Loaded
[STDERR  ] 2019-06-10T17:19:38.117180159Z: [    5.747960] CacheFiles: Loaded
[STDERR  ] 2019-06-10T17:19:38.117199807Z: [    5.749441] pnp: PnP ACPI init
[STDERR  ] 2019-06-10T17:19:38.117218756Z: [    5.763882] pnp: PnP ACPI: found 5 devices
[STDERR  ] 2019-06-10T17:19:38.117237876Z: [    5.814134] clocksource: acpi_pm: mask: 0xffffff max_cycles: 0xffffff, max_idle_ns: 2085701024 ns
[STDERR  ] 2019-06-10T17:19:38.117257219Z: [    5.819351] NET: Registered protocol family 2
[STDERR  ] 2019-06-10T17:19:38.117276413Z: [    5.830754] tcp_listen_portaddr_hash hash table entries: 512 (order: 1, 8192 bytes)
[STDERR  ] 2019-06-10T17:19:38.117296277Z: [    5.832337] TCP established hash table entries: 8192 (order: 4, 65536 bytes)
[STDERR  ] 2019-06-10T17:19:38.117315521Z: [    5.833953] TCP bind hash table entries: 8192 (order: 5, 131072 bytes)
[STDERR  ] 2019-06-10T17:19:38.117335003Z: [    5.834850] TCP: Hash tables configured (established 8192 bind 8192)
[STDERR  ] 2019-06-10T17:19:38.117354388Z: [    5.837401] UDP hash table entries: 512 (order: 2, 16384 bytes)
[STDERR  ] 2019-06-10T17:19:38.117379137Z: [    5.838405] UDP-Lite hash table entries: 512 (order: 2, 16384 bytes)
[STDERR  ] 2019-06-10T17:19:38.117398439Z: [    5.842043] NET: Registered protocol family 1
[STDERR  ] 2019-06-10T17:19:38.117417854Z: [    5.842897] NET: Registered protocol family 44
[STDERR  ] 2019-06-10T17:19:38.117436993Z: [    5.843822] pci 0000:00:01.0: Video device with shadowed ROM at [mem 0x000c0000-0x000dffff]
[STDERR  ] 2019-06-10T17:19:38.117456566Z: [    5.856137] Trying to unpack rootfs image as initramfs...
[STDERR  ] 2019-06-10T17:19:38.117476727Z: [   11.230391] Freeing initrd memory: 34220K
[STDERR  ] 2019-06-10T17:19:38.117497452Z: [   11.262353] PCLMULQDQ-NI instructions are not detected.
[STDERR  ] 2019-06-10T17:19:38.117517116Z: [   11.264254] AVX or AES-NI instructions are not detected.
[STDERR  ] 2019-06-10T17:19:38.117554408Z: [   11.265112] CPU feature 'AVX registers' is not supported.
[STDERR  ] 2019-06-10T17:19:38.117574711Z: [   11.265835] CPU feature 'AVX registers' is not supported.
[STDERR  ] 2019-06-10T17:19:38.117594008Z: [   11.266336] CPU feature 'AVX registers' is not supported.
[STDERR  ] 2019-06-10T17:19:38.117613079Z: [   11.266976] CPU feature 'AVX registers' is not supported.
[STDERR  ] 2019-06-10T17:19:38.117632501Z: [   11.267635] AVX2 or AES-NI instructions are not detected.
[STDERR  ] 2019-06-10T17:19:38.117651702Z: [   11.268138] AVX2 instructions are not detected.
[STDERR  ] 2019-06-10T17:19:38.117681296Z: [   11.281073] workingset: timestamp_bits=46 max_order=18 bucket_order=0
[STDERR  ] 2019-06-10T17:19:38.117700644Z: [   11.288680] squashfs: version 4.0 (2009/01/31) Phillip Lougher
[STDERR  ] 2019-06-10T17:19:38.117720058Z: [   11.292121] FS-Cache: Netfs 'cifs' registered for caching
[STDERR  ] 2019-06-10T17:19:38.117739316Z: [   11.293476] fuse init (API version 7.27)
[STDERR  ] 2019-06-10T17:19:38.117758530Z: [   11.296414] SGI XFS with ACLs, security attributes, no debug enabled
[STDERR  ] 2019-06-10T17:19:38.117777708Z: [   11.301697] 9p: Installing v9fs 9p2000 file system support
[STDERR  ] 2019-06-10T17:19:38.117808908Z: [   11.302341] FS-Cache: Netfs '9p' registered for caching
[STDERR  ] 2019-06-10T17:19:38.117833461Z: [   11.356020] NET: Registered protocol family 38
[STDERR  ] 2019-06-10T17:19:38.117852935Z: [   11.356952] Key type asymmetric registered
[STDERR  ] 2019-06-10T17:19:38.117876056Z: [   11.357391] Asymmetric key parser 'x509' registered
[STDERR  ] 2019-06-10T17:19:38.117895438Z: [   11.358345] Block layer SCSI generic (bsg) driver version 0.4 loaded (major 247)
[STDERR  ] 2019-06-10T17:19:38.117914625Z: [   11.361025] io scheduler noop registered
[STDERR  ] 2019-06-10T17:19:38.117933886Z: [   11.361476] io scheduler deadline registered (default)
[STDERR  ] 2019-06-10T17:19:38.117953129Z: [   11.362916] io scheduler cfq registered
[STDERR  ] 2019-06-10T17:19:38.117972417Z: [   11.363301] io scheduler mq-deadline registered (default)
[STDERR  ] 2019-06-10T17:19:38.118002107Z: [   11.363945] io scheduler kyber registered
[STDERR  ] 2019-06-10T17:19:38.118021700Z: [   11.367259] shpchp: Standard Hot Plug PCI Controller Driver version: 0.4
[STDERR  ] 2019-06-10T17:19:38.118041734Z: [   11.368367] hv_vmbus: registering driver hyperv_fb
[STDERR  ] 2019-06-10T17:19:38.118061299Z: [   11.372805] input: Power Button as /devices/LNXSYSTM:00/LNXPWRBN:00/input/input0
[STDERR  ] 2019-06-10T17:19:38.118080154Z: [   11.376455] ACPI: Power Button [PWRF]
[STDERR  ] 2019-06-10T17:19:38.118099245Z: [   11.399767] PCI Interrupt Link [GSIG] enabled at IRQ 22
[STDERR  ] 2019-06-10T17:19:38.118118525Z: [   11.414953] PCI Interrupt Link [GSIH] enabled at IRQ 23
[STDERR  ] 2019-06-10T17:19:38.118137724Z: [   11.422163] Serial: 8250/16550 driver, 4 ports, IRQ sharing disabled
[STDERR  ] 2019-06-10T17:19:38.118168105Z: [   11.448342] 00:04: ttyS0 at I/O 0x3f8 (irq = 4, base_baud = 115200) is a 16550A
[STDERR  ] 2019-06-10T17:19:38.118187493Z: [   11.460235] Non-volatile memory driver v1.3
[STDERR  ] 2019-06-10T17:19:38.118206881Z: [   11.468428] Hangcheck: starting hangcheck timer 0.9.1 (tick is 180 seconds, margin is 60 seconds).
[STDERR  ] 2019-06-10T17:19:38.118237051Z: [   11.478470] random: crng init done
[STDERR  ] 2019-06-10T17:19:38.118274037Z: [   11.553271] brd: module loaded
[STDERR  ] 2019-06-10T17:19:38.118294570Z: [   11.592424] loop: module loaded
[STDERR  ] 2019-06-10T17:19:38.118314133Z: [   11.668501] lpc_ich 0000:00:1f.0: I/O space for GPIO uninitialized
[STDERR  ] 2019-06-10T17:19:38.118333647Z: [   11.671188] VMware PVSCSI driver - version 1.0.7.0-k
[STDERR  ] 2019-06-10T17:19:38.118353213Z: [   11.672032] hv_vmbus: registering driver hv_storvsc
[STDERR  ] 2019-06-10T17:19:38.118372519Z: [   11.689940] PCI Interrupt Link [GSIA] enabled at IRQ 16
[STDERR  ] 2019-06-10T17:19:38.118391730Z: [   11.698063] ahci 0000:00:1f.2: AHCI 0001.0000 32 slots 6 ports 1.5 Gbps 0x3f impl SATA mode
[STDERR  ] 2019-06-10T17:19:38.118417704Z: [   11.698997] ahci 0000:00:1f.2: flags: 64bit ncq only 
[STDERR  ] 2019-06-10T17:19:38.118437388Z: [   11.718031] scsi host0: ahci
[STDERR  ] 2019-06-10T17:19:38.118456773Z: [   11.722366] scsi host1: ahci
[STDERR  ] 2019-06-10T17:19:38.118476467Z: [   11.724928] scsi host2: ahci
[STDERR  ] 2019-06-10T17:19:38.118495904Z: [   11.727339] scsi host3: ahci
[STDERR  ] 2019-06-10T17:19:38.118525847Z: [   11.729763] scsi host4: ahci
[STDERR  ] 2019-06-10T17:19:38.118550536Z: [   11.732026] scsi host5: ahci
[STDERR  ] 2019-06-10T17:19:38.118569951Z: [   11.733798] ata1: SATA max UDMA/133 abar m4096@0xfebd2000 port 0xfebd2100 irq 24
[STDERR  ] 2019-06-10T17:19:38.118599370Z: [   11.734708] ata2: SATA max UDMA/133 abar m4096@0xfebd2000 port 0xfebd2180 irq 24
[STDERR  ] 2019-06-10T17:19:38.118628512Z: [   11.735358] ata3: SATA max UDMA/133 abar m4096@0xfebd2000 port 0xfebd2200 irq 24
[STDERR  ] 2019-06-10T17:19:38.118647624Z: [   11.736133] ata4: SATA max UDMA/133 abar m4096@0xfebd2000 port 0xfebd2280 irq 24
[STDERR  ] 2019-06-10T17:19:38.118666654Z: [   11.737225] ata5: SATA max UDMA/133 abar m4096@0xfebd2000 port 0xfebd2300 irq 24
[STDERR  ] 2019-06-10T17:19:38.118686899Z: [   11.738152] ata6: SATA max UDMA/133 abar m4096@0xfebd2000 port 0xfebd2380 irq 24
[STDERR  ] 2019-06-10T17:19:38.118711557Z: [   11.754930] tun: Universal TUN/TAP device driver, 1.6
[STDERR  ] 2019-06-10T17:19:38.118731017Z: [   11.770012] VMware vmxnet3 virtual NIC driver - version 1.4.16.0-k-NAPI
[STDERR  ] 2019-06-10T17:19:38.118754339Z: [   11.771183] hv_vmbus: registering driver hv_netvsc
[STDERR  ] 2019-06-10T17:19:38.118773635Z: [   11.771826] Fusion MPT base driver 3.04.20
[STDERR  ] 2019-06-10T17:19:38.118792801Z: [   11.772190] Copyright (c) 1999-2008 LSI Corporation
[STDERR  ] 2019-06-10T17:19:38.118812011Z: [   11.772991] Fusion MPT SPI Host driver 3.04.20
[STDERR  ] 2019-06-10T17:19:38.118831340Z: [   11.775402] i8042: PNP: PS/2 Controller [PNP0303:KBD,PNP0f13:MOU] at 0x60,0x64 irq 1,12
[STDERR  ] 2019-06-10T17:19:38.118860502Z: [   11.780889] serio: i8042 KBD port at 0x60,0x64 irq 1
[STDERR  ] 2019-06-10T17:19:38.118879906Z: [   11.781941] serio: i8042 AUX port at 0x60,0x64 irq 12
[STDERR  ] 2019-06-10T17:19:38.118910450Z: [   11.785131] hv_vmbus: registering driver hyperv_keyboard
[STDERR  ] 2019-06-10T17:19:38.118938653Z: [   11.787854] mousedev: PS/2 mouse device common for all mice
[STDERR  ] 2019-06-10T17:19:38.118957982Z: [   11.794827] input: PC Speaker as /devices/platform/pcspkr/input/input2
[STDERR  ] 2019-06-10T17:19:38.118977267Z: [   11.796437] input: AT Translated Set 2 keyboard as /devices/platform/i8042/serio0/input/input1
[STDERR  ] 2019-06-10T17:19:38.118996370Z: [   11.800749] rtc_cmos 00:00: RTC can wake from S4
[STDERR  ] 2019-06-10T17:19:38.119015710Z: [   11.807098] rtc_cmos 00:00: registered as rtc0
[STDERR  ] 2019-06-10T17:19:38.119045481Z: [   11.808838] rtc_cmos 00:00: alarms up to one day, y3k, 114 bytes nvram, hpet irqs
[STDERR  ] 2019-06-10T17:19:38.119073930Z: [   11.809969] i2c /dev entries driver
[STDERR  ] 2019-06-10T17:19:38.119093208Z: [   11.812412] device-mapper: ioctl: 4.39.0-ioctl (2018-04-03) initialised: dm-devel@redhat.com
[STDERR  ] 2019-06-10T17:19:38.119112597Z: [   11.819142] usbcore: registered new interface driver usbhid
[STDERR  ] 2019-06-10T17:19:38.119161607Z: [   11.819879] usbhid: USB HID core driver
[STDERR  ] 2019-06-10T17:19:38.119181996Z: [   11.820924] hv_utils: Registering HyperV Utility Driver
[STDERR  ] 2019-06-10T17:19:38.119201055Z: [   11.821437] hv_vmbus: registering driver hv_util
[STDERR  ] 2019-06-10T17:19:38.119220345Z: [   11.822143] hv_vmbus: registering driver hv_balloon
[STDERR  ] 2019-06-10T17:19:38.119239506Z: [   11.822912] oprofile: using NMI interrupt.
[STDERR  ] 2019-06-10T17:19:38.119258808Z: [   11.824764] GACT probability on
[STDERR  ] 2019-06-10T17:19:38.119278711Z: [   11.825208] Mirror/redirect action on
[STDERR  ] 2019-06-10T17:19:38.119298457Z: [   11.826114] Simple TC action Loaded
[STDERR  ] 2019-06-10T17:19:38.119318176Z: [   11.826920] u32 classifier
[STDERR  ] 2019-06-10T17:19:38.119337451Z: [   11.827185]     Performance counters on
[STDERR  ] 2019-06-10T17:19:38.119356985Z: [   11.827709]     input device check on
[STDERR  ] 2019-06-10T17:19:38.119376654Z: [   11.828053]     Actions configured
[STDERR  ] 2019-06-10T17:19:38.119396058Z: [   11.842155] xt_time: kernel timezone is -0000
[STDERR  ] 2019-06-10T17:19:38.119415248Z: [   11.843731] IPVS: Registered protocols (TCP, UDP, SCTP, AH, ESP)
[STDERR  ] 2019-06-10T17:19:38.119446298Z: [   11.844870] IPVS: Connection hash table configured (size=4096, memory=64Kbytes)
[STDERR  ] 2019-06-10T17:19:38.119465978Z: [   11.850479] IPVS: ipvs loaded.
[STDERR  ] 2019-06-10T17:19:38.119508839Z: [   11.851305] IPVS: [rr] scheduler registered.
[STDERR  ] 2019-06-10T17:19:38.119528850Z: [   11.852094] IPVS: [wrr] scheduler registered.
[STDERR  ] 2019-06-10T17:19:38.119552610Z: [   11.852836] IPVS: [lc] scheduler registered.
[STDERR  ] 2019-06-10T17:19:38.119582173Z: [   11.853247] IPVS: [wlc] scheduler registered.
[STDERR  ] 2019-06-10T17:19:38.119603278Z: [   11.853920] IPVS: [fo] scheduler registered.
[STDERR  ] 2019-06-10T17:19:38.119622421Z: [   11.854317] IPVS: [ovf] scheduler registered.
[STDERR  ] 2019-06-10T17:19:38.119647851Z: [   11.855046] IPVS: [lblc] scheduler registered.
[STDERR  ] 2019-06-10T17:19:38.119667124Z: [   11.855692] IPVS: [lblcr] scheduler registered.
[STDERR  ] 2019-06-10T17:19:38.119691244Z: [   11.856166] IPVS: [dh] scheduler registered.
[STDERR  ] 2019-06-10T17:19:38.119710442Z: [   11.856779] IPVS: [sh] scheduler registered.
[STDERR  ] 2019-06-10T17:19:38.119730301Z: [   11.857165] IPVS: [mh] scheduler registered.
[STDERR  ] 2019-06-10T17:19:38.119749618Z: [   11.857712] IPVS: [sed] scheduler registered.
[STDERR  ] 2019-06-10T17:19:38.119768782Z: [   11.858151] IPVS: [nq] scheduler registered.
[STDERR  ] 2019-06-10T17:19:38.119787924Z: [   11.859214] IPVS: ftp: loaded support on port[0] = 21
[STDERR  ] 2019-06-10T17:19:38.119807251Z: [   11.860378] ipip: IPv4 and MPLS over IPv4 tunneling driver
[STDERR  ] 2019-06-10T17:19:38.119826435Z: [   11.866219] gre: GRE over IPv4 demultiplexor driver
[STDERR  ] 2019-06-10T17:19:38.119845867Z: [   11.874125] ipt_CLUSTERIP: ClusterIP Version 0.8 loaded successfully
[STDERR  ] 2019-06-10T17:19:38.119865707Z: [   11.878988] NET: Registered protocol family 10
[STDERR  ] 2019-06-10T17:19:38.119885181Z: [   11.891943] Segment Routing with IPv6
[STDERR  ] 2019-06-10T17:19:38.119904936Z: [   11.903493] NET: Registered protocol family 17
[STDERR  ] 2019-06-10T17:19:38.119929393Z: [   11.904995] Bridge firewalling registered
[STDERR  ] 2019-06-10T17:19:38.119959265Z: [   11.908313] 8021q: 802.1Q VLAN Support v1.8
[STDERR  ] 2019-06-10T17:19:38.119978513Z: [   11.910428] 9pnet: Installing 9P2000 support
[STDERR  ] 2019-06-10T17:19:38.119997613Z: [   11.912722] Key type dns_resolver registered
[STDERR  ] 2019-06-10T17:19:38.120016915Z: [   11.914465] NET: Registered protocol family 40
[STDERR  ] 2019-06-10T17:19:38.120044058Z: [   11.916712] sched_clock: Marking stable (11852727168, 63854581)->(12163280600, -246698222)
[STDERR  ] 2019-06-10T17:19:38.120063513Z: [   11.921255] registered taskstats version 1
[STDERR  ] 2019-06-10T17:19:38.120082673Z: [   12.054788] ata1: SATA link down (SStatus 0 SControl 300)
[STDERR  ] 2019-06-10T17:19:38.120101851Z: [   12.057879] ata3: SATA link up 1.5 Gbps (SStatus 113 SControl 300)
[STDERR  ] 2019-06-10T17:19:38.120120691Z: [   12.061367] ata2: SATA link down (SStatus 0 SControl 300)
[STDERR  ] 2019-06-10T17:19:38.120139815Z: [   12.068196] ata4: SATA link down (SStatus 0 SControl 300)
[STDERR  ] 2019-06-10T17:19:38.120169460Z: [   12.069056] ata5: SATA link down (SStatus 0 SControl 300)
[STDERR  ] 2019-06-10T17:19:38.120188649Z: [   12.069854] ata6: SATA link down (SStatus 0 SControl 300)
[STDERR  ] 2019-06-10T17:19:38.120207937Z: [   12.072876] ata3.00: ATAPI: QEMU DVD-ROM, 2.5+, max UDMA/100
[STDERR  ] 2019-06-10T17:19:38.120235356Z: [   12.073443] ata3.00: applying bridge limits
[STDERR  ] 2019-06-10T17:19:38.120254354Z: [   12.078856] ata3.00: configured for UDMA/100
[STDERR  ] 2019-06-10T17:19:38.120273543Z: [   12.103060] scsi 2:0:0:0: CD-ROM            QEMU     QEMU DVD-ROM     2.5+ PQ: 0 ANSI: 5
[STDERR  ] 2019-06-10T17:19:38.120292878Z: [   12.132308] sr 2:0:0:0: [sr0] scsi3-mmc drive: 4x/4x cd/rw xa/form2 tray
[STDERR  ] 2019-06-10T17:19:38.120312220Z: [   12.133423] cdrom: Uniform CD-ROM driver Revision: 3.20
[STDERR  ] 2019-06-10T17:19:38.120331278Z: [   12.148916] sr 2:0:0:0: Attached scsi generic sg0 type 5
[STDERR  ] 2019-06-10T17:19:38.120350632Z: [   12.294959] tsc: Refined TSC clocksource calibration: 2599.766 MHz
[STDERR  ] 2019-06-10T17:19:38.120380193Z: [   12.295994] clocksource: tsc: mask: 0xffffffffffffffff max_cycles: 0x25795f09e87, max_idle_ns: 440795224251 ns
[STDERR  ] 2019-06-10T17:19:38.120399314Z: [   12.297146] clocksource: Switched to clocksource tsc
[STDERR  ] 2019-06-10T17:19:38.120418328Z: [   12.303401] Key type big_key registered
[STDERR  ] 2019-06-10T17:19:38.120438424Z: [   12.430488] Key type trusted registered
[STDERR  ] 2019-06-10T17:19:38.120457576Z: [   12.551902] Key type encrypted registered
[STDERR  ] 2019-06-10T17:19:38.120476762Z: [   12.553014] ima: No TPM chip found, activating TPM-bypass!
[STDERR  ] 2019-06-10T17:19:38.120501096Z: [   12.554040] ima: Allocated hash algorithm: sha256
[STDERR  ] 2019-06-10T17:19:38.120520359Z: [   12.558172] evm: Initialising EVM extended attributes:
[STDERR  ] 2019-06-10T17:19:38.120550460Z: [   12.565845] evm: security.ima
[STDERR  ] 2019-06-10T17:19:38.120569988Z: [   12.566079] evm: security.capability
[STDERR  ] 2019-06-10T17:19:38.120589194Z: [   12.566331] evm: HMAC attrs: 0x1
[STDERR  ] 2019-06-10T17:19:38.120608573Z: [   12.584782] rtc_cmos 00:00: setting system clock to 2019-06-10 17:18:59 UTC (1560187139)
[STDERR  ] 2019-06-10T17:19:38.120627837Z: [   12.785877] Freeing unused kernel image memory: 1584K
[STDERR  ] 2019-06-10T17:19:38.120647092Z: [   12.788127] Write protecting the kernel read-only data: 18432k
[STDERR  ] 2019-06-10T17:19:38.120666276Z: [   12.807845] Freeing unused kernel image memory: 2028K
[STDERR  ] 2019-06-10T17:19:38.120685303Z: [   12.815299] Freeing unused kernel image memory: 1084K
[STDERR  ] 2019-06-10T17:19:38.120714570Z: [   12.816436] Run /init as init process
[STDERR  ] 2019-06-10T17:19:38.120733495Z: 
[STDERR  ] 2019-06-10T17:19:38.120752951Z: Welcome to LinuxKit
[STDERR  ] 2019-06-10T17:19:38.120771755Z: 
[STDERR  ] 2019-06-10T17:19:38.120790947Z:                         ##         .
[STDERR  ] 2019-06-10T17:19:38.120810420Z:                   ## ## ##        ==
[STDERR  ] 2019-06-10T17:19:38.120829546Z:                ## ## ## ## ##    ===
[STDERR  ] 2019-06-10T17:19:38.120848557Z:            /"""""""""""""""""\___/ ===
[STDERR  ] 2019-06-10T17:19:38.120877794Z:           {                       /  ===-
[STDERR  ] 2019-06-10T17:19:38.120897105Z:            \______ O           __/
[STDERR  ] 2019-06-10T17:19:38.120916932Z:              \    \         __/
[STDERR  ] 2019-06-10T17:19:38.120936917Z:               \____\_______/
[STDERR  ] 2019-06-10T17:19:38.120956025Z: 
[STDERR  ] 2019-06-10T17:19:38.120975228Z: [   33.333360] 8021q: adding VLAN 0 to HW filter on device eth0
[STDERR  ] 2019-06-10T17:19:38.121006056Z: eth0: waiting for carrier
[STDERR  ] 2019-06-10T17:19:38.121025281Z: eth0: carrier acquired
[STDERR  ] 2019-06-10T17:19:38.121045696Z: DUID 00:04:db:90:1d:17:6b:f5:4b:ce:92:6d:e3:f5:0d:09:08:da
[STDERR  ] 2019-06-10T17:19:38.121065141Z: eth0: IAID df:d2:af:da
[STDERR  ] 2019-06-10T17:19:38.121084308Z: eth0: adding address fe80::a997:f73b:9219:a652
[STDERR  ] 2019-06-10T17:19:38.121103828Z: eth0: soliciting an IPv6 router
[STDERR  ] 2019-06-10T17:19:38.121123142Z: eth0: soliciting a DHCP lease
[STDERR  ] 2019-06-10T17:19:38.121142510Z: eth0: offered 10.0.2.15 from 10.0.2.2
[STDERR  ] 2019-06-10T17:19:38.121161759Z: eth0: leased 10.0.2.15 for 86400 seconds
[STDERR  ] 2019-06-10T17:19:38.121181197Z: eth0: adding route to 10.0.2.0/24
[STDERR  ] 2019-06-10T17:19:38.121209566Z: eth0: adding default route via 10.0.2.2
[STDERR  ] 2019-06-10T17:19:38.121228787Z: exiting due to oneshot
[STDERR  ] 2019-06-10T17:19:38.121248198Z: dhcpcd exited
[STDERR  ] 2019-06-10T17:19:38.121272847Z: dhcpcd test suite PASSED
[STDERR  ] 2019-06-10T17:19:38.121291924Z: [   50.446341] ACPI: Preparing to enter system sleep state S5
[STDERR  ] 2019-06-10T17:19:38.121311478Z: [   50.448186] reboot: Power down
[STDERR  ] 2019-06-10T17:19:38.121330616Z: + echo [    0.000000] Linux version 4.19.49-linuxkit (root@fed2e0f7a11b) (gcc version 8.3.0 (Alpine 8.3.0)) #1 SMP Sun Jun 9 23:48:25 UTC 2019
[STDERR  ] 2019-06-10T17:19:38.121360104Z: [    0.000000] Command line: console=ttyS0 console=ttyAMA0
[STDERR  ] 2019-06-10T17:19:38.121379693Z: [    0.000000] x86/fpu: x87 FPU will use FXSAVE
[STDERR  ] 2019-06-10T17:19:38.121399069Z: [    0.000000] BIOS-provided physical RAM map:
[STDERR  ] 2019-06-10T17:19:38.121418277Z: [    0.000000] BIOS-e820: [mem 0x0000000000000000-0x000000000009fbff] usable
[STDERR  ] 2019-06-10T17:19:38.121439795Z: [    0.000000] BIOS-e820: [mem 0x000000000009fc00-0x000000000009ffff] reserved
[STDERR  ] 2019-06-10T17:19:38.121459499Z: [    0.000000] BIOS-e820: [mem 0x00000000000f0000-0x00000000000fffff] reserved
[STDERR  ] 2019-06-10T17:19:38.121484336Z: [    0.000000] BIOS-e820: [mem 0x0000000000100000-0x000000003ffdefff] usable
[STDERR  ] 2019-06-10T17:19:38.121503610Z: [    0.000000] BIOS-e820: [mem 0x000000003ffdf000-0x000000003fffffff] reserved
[STDERR  ] 2019-06-10T17:19:38.121540747Z: [    0.000000] BIOS-e820: [mem 0x00000000b0000000-0x00000000bfffffff] reserved
[STDERR  ] 2019-06-10T17:19:38.121560713Z: [    0.000000] BIOS-e820: [mem 0x00000000fed1c000-0x00000000fed1ffff] reserved
[STDERR  ] 2019-06-10T17:19:38.121579902Z: [    0.000000] BIOS-e820: [mem 0x00000000fffc0000-0x00000000ffffffff] reserved
[STDERR  ] 2019-06-10T17:19:38.121599126Z: [    0.000000] NX (Execute Disable) protection: active
[STDERR  ] 2019-06-10T17:19:38.121618536Z: [    0.000000] SMBIOS 2.8 present.
[STDERR  ] 2019-06-10T17:19:38.121643716Z: [    0.000000] DMI: QEMU Standard PC (Q35 + ICH9, 2009), BIOS rel-1.10.2-0-g5f4c7b1-prebuilt.qemu-project.org 04/01/2014
[STDERR  ] 2019-06-10T17:19:38.121663700Z: [    0.000000] tsc: Fast TSC calibration using PIT
[STDERR  ] 2019-06-10T17:19:38.121683148Z: [    0.000000] tsc: Detected 2599.774 MHz processor
[STDERR  ] 2019-06-10T17:19:38.121702354Z: [    0.068438] last_pfn = 0x3ffdf max_arch_pfn = 0x400000000
[STDERR  ] 2019-06-10T17:19:38.121721749Z: [    0.070014] x86/PAT: Configuration [0-7]: WB  WC  UC- UC  WB  WP  UC- WT  
[STDERR  ] 2019-06-10T17:19:38.121741086Z: [    0.119414] found SMP MP-table at [mem 0x000f6aa0-0x000f6aaf]
[STDERR  ] 2019-06-10T17:19:38.121760228Z: [    0.129699] RAMDISK: [mem 0x3de65000-0x3ffcffff]
[STDERR  ] 2019-06-10T17:19:38.121789499Z: [    0.130509] ACPI: Early table checksum verification disabled
[STDERR  ] 2019-06-10T17:19:38.121808717Z: [    0.132696] ACPI: RSDP 0x00000000000F68C0 000014 (v00 BOCHS )
[STDERR  ] 2019-06-10T17:19:38.121828231Z: [    0.133012] ACPI: RSDT 0x000000003FFE2404 000034 (v01 BOCHS  BXPCRSDT 00000001 BXPC 00000001)
[STDERR  ] 2019-06-10T17:19:38.121847705Z: [    0.133823] ACPI: FACP 0x000000003FFE22A4 000074 (v01 BOCHS  BXPCFACP 00000001 BXPC 00000001)
[STDERR  ] 2019-06-10T17:19:38.121867235Z: [    0.134612] ACPI: DSDT 0x000000003FFE0040 002264 (v01 BOCHS  BXPCDSDT 00000001 BXPC 00000001)
[STDERR  ] 2019-06-10T17:19:38.121886489Z: [    0.134767] ACPI: FACS 0x000000003FFE0000 000040
[STDERR  ] 2019-06-10T17:19:38.121905949Z: [    0.134900] ACPI: APIC 0x000000003FFE2318 000078 (v01 BOCHS  BXPCAPIC 00000001 BXPC 00000001)
[STDERR  ] 2019-06-10T17:19:38.121935104Z: [    0.134986] ACPI: HPET 0x000000003FFE2390 000038 (v01 BOCHS  BXPCHPET 00000001 BXPC 00000001)
[STDERR  ] 2019-06-10T17:19:38.121954510Z: [    0.135069] ACPI: MCFG 0x000000003FFE23C8 00003C (v01 BOCHS  BXPCMCFG 00000001 BXPC 00000001)
[STDERR  ] 2019-06-10T17:19:38.121973698Z: [    0.139901] Zone ranges:
[STDERR  ] 2019-06-10T17:19:38.121993077Z: [    0.140009]   DMA      [mem 0x0000000000001000-0x0000000000ffffff]
[STDERR  ] 2019-06-10T17:19:38.122012597Z: [    0.140090]   DMA32    [mem 0x0000000001000000-0x000000003ffdefff]
[STDERR  ] 2019-06-10T17:19:38.122031559Z: [    0.140132]   Normal   empty
[STDERR  ] 2019-06-10T17:19:38.122051818Z: [    0.140178]   Device   empty
[STDERR  ] 2019-06-10T17:19:38.122083726Z: [    0.140222] Movable zone start for each node
[STDERR  ] 2019-06-10T17:19:38.122102852Z: [    0.140289] Early memory node ranges
[STDERR  ] 2019-06-10T17:19:38.122130886Z: [    0.140373]   node   0: [mem 0x0000000000001000-0x000000000009efff]
[STDERR  ] 2019-06-10T17:19:38.122150183Z: [    0.140423]   node   0: [mem 0x0000000000100000-0x000000003ffdefff]
[STDERR  ] 2019-06-10T17:19:38.122169500Z: [    0.141635] Reserved but unavailable: 98 pages
[STDERR  ] 2019-06-10T17:19:38.122189377Z: [    0.141852] Initmem setup node 0 [mem 0x0000000000001000-0x000000003ffdefff]
[STDERR  ] 2019-06-10T17:19:38.122210858Z: [    0.205016] ACPI: PM-Timer IO Port: 0x608
[STDOUT  ] 2019-06-10T17:19:38.123890742Z: [    0.000000] Linux version 4.19.49-linuxkit (root@fed2e0f7a11b) (gcc version 8.3.0 (Alpine 8.3.0)) #1 SMP Sun Jun 9 23:48:25 UTC 2019
[STDOUT  ] 2019-06-10T17:19:38.124112844Z: [    0.000000] Command line: console=ttyS0 console=ttyAMA0
[STDOUT  ] 2019-06-10T17:19:38.124130171Z: [    0.000000] x86/fpu: x87 FPU will use FXSAVE
[STDOUT  ] 2019-06-10T17:19:38.124145624Z: [    0.000000] BIOS-provided physical RAM map:
[STDOUT  ] 2019-06-10T17:19:38.124165850Z: [    0.000000] BIOS-e820: [mem 0x0000000000000000-0x000000000009fbff] usable
[STDOUT  ] 2019-06-10T17:19:38.124180541Z: [    0.000000] BIOS-e820: [mem 0x000000000009fc00-0x000000000009ffff] reserved
[STDOUT  ] 2019-06-10T17:19:38.124209263Z: [    0.000000] BIOS-e820: [mem 0x00000000000f0000-0x00000000000fffff] reserved
[STDOUT  ] 2019-06-10T17:19:38.124223523Z: [    0.000000] BIOS-e820: [mem 0x0000000000100000-0x000000003ffdefff] usable
[STDOUT  ] 2019-06-10T17:19:38.124237350Z: [    0.000000] BIOS-e820: [mem 0x000000003ffdf000-0x000000003fffffff] reserved
[STDOUT  ] 2019-06-10T17:19:38.124251999Z: [    0.000000] BIOS-e820: [mem 0x00000000b0000000-0x00000000bfffffff] reserved
[STDOUT  ] 2019-06-10T17:19:38.124266089Z: [    0.000000] BIOS-e820: [mem 0x00000000fed1c000-0x00000000fed1ffff] reserved
[STDOUT  ] 2019-06-10T17:19:38.124280705Z: [    0.000000] BIOS-e820: [mem 0x00000000fffc0000-0x00000000ffffffff] reserved
[STDOUT  ] 2019-06-10T17:19:38.124295243Z: [    0.000000] NX (Execute Disable) protection: active
[STDOUT  ] 2019-06-10T17:19:38.124309853Z: [    0.000000] SMBIOS 2.8 present.
[STDOUT  ] 2019-06-10T17:19:38.124324152Z: [    0.000000] DMI: QEMU Standard PC (Q35 + ICH9, 2009), BIOS rel-1.10.2-0-g5f4c7b1-prebuilt.qemu-project.org 04/01/2014
[STDOUT  ] 2019-06-10T17:19:38.124339100Z: [    0.000000] tsc: Fast TSC calibration using PIT
[STDOUT  ] 2019-06-10T17:19:38.124353099Z: [    0.000000] tsc: Detected 2599.774 MHz processor
[STDOUT  ] 2019-06-10T17:19:38.124367006Z: [    0.068438] last_pfn = 0x3ffdf max_arch_pfn = 0x400000000
[STDOUT  ] 2019-06-10T17:19:38.124381257Z: [    0.070014] x86/PAT: Configuration [0-7]: WB  WC  UC- UC  WB  WP  UC- WT  
[STDOUT  ] 2019-06-10T17:19:38.124395600Z: [    0.119414] found SMP MP-table at [mem 0x000f6aa0-0x000f6aaf]
[STDOUT  ] 2019-06-10T17:19:38.124419477Z: [    0.129699] RAMDISK: [mem 0x3de65000-0x3ffcffff]
[STDOUT  ] 2019-06-10T17:19:38.124437417Z: [    0.130509] ACPI: Early table checksum verification disabled
[STDOUT  ] 2019-06-10T17:19:38.124455350Z: [    0.132696] ACPI: RSDP 0x00000000000F68C0 000014 (v00 BOCHS )
[STDOUT  ] 2019-06-10T17:19:38.124474194Z: [    0.133012] ACPI: RSDT 0x000000003FFE2404 000034 (v01 BOCHS  BXPCRSDT 00000001 BXPC 00000001)
[STDOUT  ] 2019-06-10T17:19:38.124491274Z: [    0.133823] ACPI: FACP 0x000000003FFE22A4 000074 (v01 BOCHS  BXPCFACP 00000001 BXPC 00000001)
[STDOUT  ] 2019-06-10T17:19:38.124506231Z: [    0.134612] ACPI: DSDT 0x000000003FFE0040 002264 (v01 BOCHS  BXPCDSDT 00000001 BXPC 00000001)
[STDOUT  ] 2019-06-10T17:19:38.124529173Z: [    0.134767] ACPI: FACS 0x000000003FFE0000 000040
[STDOUT  ] 2019-06-10T17:19:38.124543509Z: [    0.134900] ACPI: APIC 0x000000003FFE2318 000078 (v01 BOCHS  BXPCAPIC 00000001 BXPC 00000001)
[STDOUT  ] 2019-06-10T17:19:38.124557920Z: [    0.134986] ACPI: HPET 0x000000003FFE2390 000038 (v01 BOCHS  BXPCHPET 00000001 BXPC 00000001)
[STDOUT  ] 2019-06-10T17:19:38.124574248Z: [    0.135069] ACPI: MCFG 0x000000003FFE23C8 00003C (v01 BOCHS  BXPCMCFG 00000001 BXPC 00000001)
[STDOUT  ] 2019-06-10T17:19:38.124588203Z: [    0.139901] Zone ranges:
[STDOUT  ] 2019-06-10T17:19:38.124602347Z: [    0.140009]   DMA      [mem 0x0000000000001000-0x0000000000ffffff]
[STDOUT  ] 2019-06-10T17:19:38.124624200Z: [    0.140090]   DMA32    [mem 0x0000000001000000-0x000000003ffdefff]
[STDOUT  ] 2019-06-10T17:19:38.124638200Z: [    0.140132]   Normal   empty
[STDOUT  ] 2019-06-10T17:19:38.124652011Z: [    0.140178]   Device   empty
[STDOUT  ] 2019-06-10T17:19:38.124666086Z: [    0.140222] Movable zone start for each node
[STDOUT  ] 2019-06-10T17:19:38.124680191Z: [    0.140289] Early memory node ranges
[STDOUT  ] 2019-06-10T17:19:38.124698503Z: [    0.140373]   node   0: [mem 0x0000000000001000-0x000000000009efff]
[STDOUT  ] 2019-06-10T17:19:38.124713860Z: [    0.140423]   node   0: [mem 0x0000000000100000-0x000000003ffdefff]
[STDOUT  ] 2019-06-10T17:19:38.124727951Z: [    0.141635] Reserved but unavailable: 98 pages
[STDOUT  ] 2019-06-10T17:19:38.124743467Z: [    0.141852] Initmem setup node 0 [mem 0x0000000000001000-0x000000003ffdefff]
[STDOUT  ] 2019-06-10T17:19:38.124762071Z: [    0.205016] ACPI: PM-Timer IO Port: 0x608
[STDOUT  ] 2019-06-10T17:19:38.124778761Z: [    0.205708] ACPI: LAPIC_NMI (acpi_id[0xff] dfl dfl lint[0x1])
[STDERR  ] 2019-06-10T17:19:38.122230654Z: [    0.205708] ACPI: LAPIC_NMI (acpi_id[0xff] dfl dfl lint[0x1])
[PASS    ] linuxkit.packages.dhcpcd 70.92s
[STDERR  ] 2019-06-10T17:19:38.124823849Z: [    0.206287] IOAPIC[0]: apic_id 0, version 32, address 0xfec00000, GSI 0-23
[STDOUT  ] 2019-06-10T17:19:38.124794897Z: [    0.206287] IOAPIC[0]: apic_id 0, version 32, address 0xfec00000, GSI 0-23
