[INFO    ] 2018-09-25T17:30:42.349595937Z: Running Test linuxkit.packages.containerd in /tmp/with_clone1fec8db5/test/cases/040_packages/003_containerd
[INFO    ] 2018-09-25T17:30:42.349799221Z: Running command: [/bin/sh -x /tmp/with_clone1fec8db5/test/cases/040_packages/003_containerd/test.sh]
[STDERR  ] 2018-09-25T17:30:42.350612771Z: + set -e
[STDERR  ] 2018-09-25T17:30:42.350688168Z: + . /tmp/with_clone1fec8db5/test/cases/_lib/lib.sh
[STDERR  ] 2018-09-25T17:30:42.350718915Z: + [ -f src/github.com/linuxkit/rtf/lib/lib.sh ]
[STDERR  ] 2018-09-25T17:30:42.350751415Z: + LINUXKIT_TMPDIR=/tmp/with_clone1fec8db5/test/cases/_tmp
[STDERR  ] 2018-09-25T17:30:42.350780540Z: + [ -f /tmp/with_clone1fec8db5/test/cases/_tmp/env.sh ]
[STDERR  ] 2018-09-25T17:30:42.350818207Z: + . /tmp/with_clone1fec8db5/test/cases/_tmp/env.sh
[STDERR  ] 2018-09-25T17:30:42.350846813Z: + export LINUXKIT_EXAMPLES_DIR=/tmp/with_clone1fec8db5/test/cases/../../examples
[STDERR  ] 2018-09-25T17:30:42.350872053Z: + RT_CANCEL=253
[STDERR  ] 2018-09-25T17:30:42.350900534Z: + NAME=containerd
[STDERR  ] 2018-09-25T17:30:42.350925326Z: + trap clean_up EXIT
[STDERR  ] 2018-09-25T17:30:42.350949723Z: + linuxkit build -format kernel+initrd -name containerd test.yml
[STDERR  ] 2018-09-25T17:30:42.396676702Z: Extract kernel image: linuxkit/kernel:4.14.71
[STDERR  ] 2018-09-25T17:30:47.140130374Z: Add init containers:
[STDERR  ] 2018-09-25T17:30:47.140247307Z: Process init image: linuxkit/init:6eb0158059b056a1567236280880cb87f03ff008
[STDERR  ] 2018-09-25T17:30:48.864583988Z: Process init image: linuxkit/runc:6cf26a0403376de3b5396cb676b88eea4f37aff8
[STDERR  ] 2018-09-25T17:30:50.452370747Z: Process init image: linuxkit/containerd:d955db7cd28dbd7be8a17d7063cc6b7f1bf91f0a
[STDERR  ] 2018-09-25T17:30:52.516709205Z: Process init image: linuxkit/ca-certificates:v0.6
[STDERR  ] 2018-09-25T17:30:54.052616231Z: Add onboot containers:
[STDERR  ] 2018-09-25T17:30:54.052732150Z:   Create OCI config for linuxkit/dhcpcd:v0.6
[STDERR  ] 2018-09-25T17:30:55.584710107Z:   Create OCI config for linuxkit/sysctl:v0.6
[STDERR  ] 2018-09-25T17:30:57.140685358Z:   Create OCI config for linuxkit/format:v0.6
[STDERR  ] 2018-09-25T17:30:58.917279206Z:   Create OCI config for linuxkit/mount:v0.6
[STDERR  ] 2018-09-25T17:31:00.577900617Z:   Create OCI config for linuxkit/test-containerd:4b491a89aa2935ba6c7b2dc558b421b3c2cb2ce4
[STDERR  ] 2018-09-25T17:31:02.255434402Z: Pull image: docker.io/linuxkit/test-containerd:4b491a89aa2935ba6c7b2dc558b421b3c2cb2ce4@sha256:d61bdd99cdce109365415b347aa7a604541c868e8c5f80f23f5164e690c9790a
[STDERR  ] 2018-09-25T17:31:24.688500055Z:   Create OCI config for linuxkit/poweroff:afe8f7dd0d47a7991c54519b0f09124cb8c4e300
[STDERR  ] 2018-09-25T17:31:26.264458438Z: Create outputs:
[STDERR  ] 2018-09-25T17:32:05.866663251Z:   containerd-kernel containerd-initrd.img containerd-cmdline
[STDERR  ] 2018-09-25T17:32:06.439706203Z: + linuxkit run -mem 2048 -disk size=2G containerd
[STDERR  ] 2018-09-25T17:55:36.179262281Z: + RESULT=[    0.000000] Linux version 4.14.71-linuxkit (root@9f40de9c3324) (gcc version 6.4.0 (Alpine 6.4.0)) #1 SMP Fri Sep 21 08:23:48 UTC 2018
[STDERR  ] 2018-09-25T17:55:36.179492863Z: [    0.000000] Command line: console=ttyS0 console=ttyAMA0
[STDERR  ] 2018-09-25T17:55:36.179608615Z: [    0.000000] x86/fpu: x87 FPU will use FXSAVE
[STDERR  ] 2018-09-25T17:55:36.179638722Z: [    0.000000] e820: BIOS-provided physical RAM map:
[STDERR  ] 2018-09-25T17:55:36.179666562Z: [    0.000000] BIOS-e820: [mem 0x0000000000000000-0x000000000009fbff] usable
[STDERR  ] 2018-09-25T17:55:36.179696027Z: [    0.000000] BIOS-e820: [mem 0x000000000009fc00-0x000000000009ffff] reserved
[STDERR  ] 2018-09-25T17:55:36.179726801Z: [    0.000000] BIOS-e820: [mem 0x00000000000f0000-0x00000000000fffff] reserved
[STDERR  ] 2018-09-25T17:55:36.179754930Z: [    0.000000] BIOS-e820: [mem 0x0000000000100000-0x000000007ffdefff] usable
[STDERR  ] 2018-09-25T17:55:36.179785947Z: [    0.000000] BIOS-e820: [mem 0x000000007ffdf000-0x000000007fffffff] reserved
[STDERR  ] 2018-09-25T17:55:36.179816344Z: [    0.000000] BIOS-e820: [mem 0x00000000b0000000-0x00000000bfffffff] reserved
[STDERR  ] 2018-09-25T17:55:36.179871233Z: [    0.000000] BIOS-e820: [mem 0x00000000fed1c000-0x00000000fed1ffff] reserved
[STDERR  ] 2018-09-25T17:55:36.179893689Z: [    0.000000] BIOS-e820: [mem 0x00000000fffc0000-0x00000000ffffffff] reserved
[STDERR  ] 2018-09-25T17:55:36.179915179Z: [    0.000000] NX (Execute Disable) protection: active
[STDERR  ] 2018-09-25T17:55:36.179965397Z: [    0.000000] SMBIOS 2.8 present.
[STDERR  ] 2018-09-25T17:55:36.179986611Z: [    0.000000] DMI: QEMU Standard PC (Q35 + ICH9, 2009), BIOS rel-1.10.2-0-g5f4c7b1-prebuilt.qemu-project.org 04/01/2014
[STDERR  ] 2018-09-25T17:55:36.180027686Z: [    0.000000] tsc: Fast TSC calibration using PIT
[STDERR  ] 2018-09-25T17:55:36.180048538Z: [    0.000000] e820: last_pfn = 0x7ffdf max_arch_pfn = 0x400000000
[STDERR  ] 2018-09-25T17:55:36.180081061Z: [    0.000000] x86/PAT: Configuration [0-7]: WB  WC  UC- UC  WB  WP  UC- WT  
[STDERR  ] 2018-09-25T17:55:36.180102010Z: [    0.000000] found SMP MP-table at [mem 0x000f6aa0-0x000f6aaf] mapped at [ffffffffff200aa0]
[STDERR  ] 2018-09-25T17:55:36.180125615Z: [    0.000000] RAMDISK: [mem 0x704dd000-0x7ffcffff]
[STDERR  ] 2018-09-25T17:55:36.180146571Z: [    0.000000] ACPI: Early table checksum verification disabled
[STDERR  ] 2018-09-25T17:55:36.180166609Z: [    0.000000] ACPI: RSDP 0x00000000000F68C0 000014 (v00 BOCHS )
[STDERR  ] 2018-09-25T17:55:36.180187237Z: [    0.000000] ACPI: RSDT 0x000000007FFE2404 000034 (v01 BOCHS  BXPCRSDT 00000001 BXPC 00000001)
[STDERR  ] 2018-09-25T17:55:36.180207604Z: [    0.000000] ACPI: FACP 0x000000007FFE22A4 000074 (v01 BOCHS  BXPCFACP 00000001 BXPC 00000001)
[STDERR  ] 2018-09-25T17:55:36.180227221Z: [    0.000000] ACPI: DSDT 0x000000007FFE0040 002264 (v01 BOCHS  BXPCDSDT 00000001 BXPC 00000001)
[STDERR  ] 2018-09-25T17:55:36.180247565Z: [    0.000000] ACPI: FACS 0x000000007FFE0000 000040
[STDERR  ] 2018-09-25T17:55:36.180267050Z: [    0.000000] ACPI: APIC 0x000000007FFE2318 000078 (v01 BOCHS  BXPCAPIC 00000001 BXPC 00000001)
[STDERR  ] 2018-09-25T17:55:36.180286576Z: [    0.000000] ACPI: HPET 0x000000007FFE2390 000038 (v01 BOCHS  BXPCHPET 00000001 BXPC 00000001)
[STDERR  ] 2018-09-25T17:55:36.180306564Z: [    0.000000] ACPI: MCFG 0x000000007FFE23C8 00003C (v01 BOCHS  BXPCMCFG 00000001 BXPC 00000001)
[STDERR  ] 2018-09-25T17:55:36.180326909Z: [    0.000000] Zone ranges:
[STDERR  ] 2018-09-25T17:55:36.180357551Z: [    0.000000]   DMA      [mem 0x0000000000001000-0x0000000000ffffff]
[STDERR  ] 2018-09-25T17:55:36.180378603Z: [    0.000000]   DMA32    [mem 0x0000000001000000-0x000000007ffdefff]
[STDERR  ] 2018-09-25T17:55:36.180397993Z: [    0.000000]   Normal   empty
[STDERR  ] 2018-09-25T17:55:36.180422073Z: [    0.000000]   Device   empty
[STDERR  ] 2018-09-25T17:55:36.180449004Z: [    0.000000] Movable zone start for each node
[STDERR  ] 2018-09-25T17:55:36.180478065Z: [    0.000000] Early memory node ranges
[STDERR  ] 2018-09-25T17:55:36.180513744Z: [    0.000000]   node   0: [mem 0x0000000000001000-0x000000000009efff]
[STDERR  ] 2018-09-25T17:55:36.180544063Z: [    0.000000]   node   0: [mem 0x0000000000100000-0x000000007ffdefff]
[STDERR  ] 2018-09-25T17:55:36.180576595Z: [    0.000000] Initmem setup node 0 [mem 0x0000000000001000-0x000000007ffdefff]
[STDERR  ] 2018-09-25T17:55:36.180604984Z: [    0.000000] ACPI: PM-Timer IO Port: 0x608
[STDERR  ] 2018-09-25T17:55:36.180633455Z: [    0.000000] ACPI: LAPIC_NMI (acpi_id[0xff] dfl dfl lint[0x1])
[STDERR  ] 2018-09-25T17:55:36.180661967Z: [    0.000000] IOAPIC[0]: apic_id 0, version 32, address 0xfec00000, GSI 0-23
[STDERR  ] 2018-09-25T17:55:36.180689151Z: [    0.000000] ACPI: INT_SRC_OVR (bus 0 bus_irq 0 global_irq 2 dfl dfl)
[STDERR  ] 2018-09-25T17:55:36.180717007Z: [    0.000000] ACPI: INT_SRC_OVR (bus 0 bus_irq 5 global_irq 5 high level)
[STDERR  ] 2018-09-25T17:55:36.180744775Z: [    0.000000] ACPI: INT_SRC_OVR (bus 0 bus_irq 9 global_irq 9 high level)
[STDERR  ] 2018-09-25T17:55:36.180771808Z: [    0.000000] ACPI: INT_SRC_OVR (bus 0 bus_irq 10 global_irq 10 high level)
[STDERR  ] 2018-09-25T17:55:36.180811565Z: [    0.000000] ACPI: INT_SRC_OVR (bus 0 bus_irq 11 global_irq 11 high level)
[STDERR  ] 2018-09-25T17:55:36.180838517Z: [    0.000000] Using ACPI (MADT) for SMP configuration information
[STDERR  ] 2018-09-25T17:55:36.180866810Z: [    0.000000] ACPI: HPET id: 0x8086a201 base: 0xfed00000
[STDERR  ] 2018-09-25T17:55:36.180895107Z: [    0.000000] smpboot: Allowing 1 CPUs, 0 hotplug CPUs
[STDERR  ] 2018-09-25T17:55:36.180922348Z: [    0.000000] e820: [mem 0xc0000000-0xfed1bfff] available for PCI devices
[STDERR  ] 2018-09-25T17:55:36.180950640Z: [    0.000000] Booting paravirtualized kernel on bare hardware
[STDERR  ] 2018-09-25T17:55:36.180971626Z: [    0.000000] clocksource: refined-jiffies: mask: 0xffffffff max_cycles: 0xffffffff, max_idle_ns: 1910969940391419 ns
[STDERR  ] 2018-09-25T17:55:36.180991617Z: [    0.000000] random: get_random_bytes called from start_kernel+0x92/0x4cb with crng_init=0
[STDERR  ] 2018-09-25T17:55:36.181011928Z: [    0.000000] setup_percpu: NR_CPUS:128 nr_cpumask_bits:128 nr_cpu_ids:1 nr_node_ids:1
[STDERR  ] 2018-09-25T17:55:36.181057574Z: [    0.000000] percpu: Embedded 45 pages/cpu @ffff9f9330200000 s144280 r8192 d31848 u2097152
[STDERR  ] 2018-09-25T17:55:36.181088167Z: [    0.000000] Built 1 zonelists, mobility grouping on.  Total pages: 515944
[STDERR  ] 2018-09-25T17:55:36.181107712Z: [    0.000000] Kernel command line: console=ttyS0 console=ttyAMA0
[STDERR  ] 2018-09-25T17:55:36.181126909Z: [    0.000000] PID hash table entries: 4096 (order: 3, 32768 bytes)
[STDERR  ] 2018-09-25T17:55:36.181149228Z: [    0.000000] Dentry cache hash table entries: 262144 (order: 9, 2097152 bytes)
[STDERR  ] 2018-09-25T17:55:36.181169324Z: [    0.000000] Inode-cache hash table entries: 131072 (order: 8, 1048576 bytes)
[STDERR  ] 2018-09-25T17:55:36.181189179Z: [    0.000000] Memory: 1778576K/2096628K available (12300K kernel code, 1448K rwdata, 2964K rodata, 1512K init, 580K bss, 318052K reserved, 0K cma-reserved)
[STDERR  ] 2018-09-25T17:55:36.181242551Z: [    0.000000] ftrace: allocating 40636 entries in 159 pages
[STDERR  ] 2018-09-25T17:55:36.181267464Z: [    0.000000] Hierarchical RCU implementation.
[STDERR  ] 2018-09-25T17:55:36.181287552Z: [    0.000000] 	RCU restricting CPUs from NR_CPUS=128 to nr_cpu_ids=1.
[STDERR  ] 2018-09-25T17:55:36.181306966Z: [    0.000000] RCU: Adjusting geometry for rcu_fanout_leaf=16, nr_cpu_ids=1
[STDERR  ] 2018-09-25T17:55:36.181333485Z: [    0.000000] NR_IRQS: 8448, nr_irqs: 256, preallocated irqs: 16
[STDERR  ] 2018-09-25T17:55:36.181353204Z: [    0.000000] Console: colour VGA+ 80x25
[STDERR  ] 2018-09-25T17:55:36.181374980Z: [    0.000000] console [ttyS0] enabled
[STDERR  ] 2018-09-25T17:55:36.181395378Z: [    0.000000] clocksource: hpet: mask: 0xffffffff max_cycles: 0xffffffff, max_idle_ns: 19112604467 ns
[STDERR  ] 2018-09-25T17:55:36.181415223Z: [    0.003000] tsc: Fast TSC calibration using PIT
[STDERR  ] 2018-09-25T17:55:36.181436988Z: [    0.004000] tsc: Detected 2600.035 MHz processor
[STDERR  ] 2018-09-25T17:55:36.181456552Z: [    0.007395] Calibrating delay loop (skipped), value calculated using timer frequency.. 5200.07 BogoMIPS (lpj=2600035)
[STDERR  ] 2018-09-25T17:55:36.181476526Z: [    0.008145] pid_max: default: 32768 minimum: 301
[STDERR  ] 2018-09-25T17:55:36.181498644Z: [    0.009619] ACPI: Core revision 20170728
[STDERR  ] 2018-09-25T17:55:36.181526914Z: [    0.054888] ACPI: 1 ACPI AML tables successfully acquired and loaded
[STDERR  ] 2018-09-25T17:55:36.181554197Z: [    0.059834] Security Framework initialized
[STDERR  ] 2018-09-25T17:55:36.181579859Z: [    0.060161] Yama: becoming mindful.
[STDERR  ] 2018-09-25T17:55:36.181605064Z: [    0.063313] Mount-cache hash table entries: 4096 (order: 3, 32768 bytes)
[STDERR  ] 2018-09-25T17:55:36.181629426Z: [    0.064260] Mountpoint-cache hash table entries: 4096 (order: 3, 32768 bytes)
[STDERR  ] 2018-09-25T17:55:36.181654920Z: [    0.086770] Last level iTLB entries: 4KB 0, 2MB 0, 4MB 0
[STDERR  ] 2018-09-25T17:55:36.181678926Z: [    0.087055] Last level dTLB entries: 4KB 0, 2MB 0, 4MB 0, 1GB 0
[STDERR  ] 2018-09-25T17:55:36.181711621Z: [    0.088154] Spectre V2 : Spectre mitigation: LFENCE not serializing, switching to generic retpoline
[STDERR  ] 2018-09-25T17:55:36.181739685Z: [    0.089065] Spectre V2 : Mitigation: Full generic retpoline
[STDERR  ] 2018-09-25T17:55:36.181766313Z: [    0.089554] Spectre V2 : Spectre v2 / SpectreRSB mitigation: Filling RSB on context switch
[STDERR  ] 2018-09-25T17:55:36.181794156Z: [    0.090117] Speculative Store Bypass: Vulnerable
[STDERR  ] 2018-09-25T17:55:36.181822002Z: [    0.256428] random: fast init done
[STDERR  ] 2018-09-25T17:55:36.181846765Z: [    0.409638] Freeing SMP alternatives memory: 20K
[STDERR  ] 2018-09-25T17:55:36.181872379Z: [    0.432557] smpboot: Max logical packages: 1
[STDERR  ] 2018-09-25T17:55:36.181901045Z: [    0.439000] ..TIMER: vector=0x30 apic1=0 pin1=2 apic2=-1 pin2=-1
[STDERR  ] 2018-09-25T17:55:36.181939114Z: [    0.450000] smpboot: CPU0: AMD QEMU Virtual CPU version 2.5+ (family: 0x6, model: 0x6, stepping: 0x3)
[STDERR  ] 2018-09-25T17:55:36.181964224Z: [    0.457336] Performance Events: PMU not available due to virtualization, using software events only.
[STDERR  ] 2018-09-25T17:55:36.181996080Z: [    0.461226] Hierarchical SRCU implementation.
[STDERR  ] 2018-09-25T17:55:36.182026004Z: [    0.467161] NMI watchdog: Perf event create on CPU 0 failed with -2
[STDERR  ] 2018-09-25T17:55:36.182052106Z: [    0.467807] NMI watchdog: Perf NMI watchdog permanently disabled
[STDERR  ] 2018-09-25T17:55:36.182105432Z: [    0.472654] smp: Bringing up secondary CPUs ...
[STDERR  ] 2018-09-25T17:55:36.182130730Z: [    0.473103] smp: Brought up 1 node, 1 CPU
[STDERR  ] 2018-09-25T17:55:36.182155388Z: [    0.473560] smpboot: Total of 1 processors activated (5200.07 BogoMIPS)
[STDERR  ] 2018-09-25T17:55:36.182180464Z: [    0.492610] devtmpfs: initialized
[STDERR  ] 2018-09-25T17:55:36.182205062Z: [    0.498721] x86/mm: Memory block size: 128MB
[STDERR  ] 2018-09-25T17:55:36.182229131Z: [    0.508248] evm: security.ima
[STDERR  ] 2018-09-25T17:55:36.182252823Z: [    0.508607] evm: security.capability
[STDERR  ] 2018-09-25T17:55:36.182277543Z: [    0.512771] clocksource: jiffies: mask: 0xffffffff max_cycles: 0xffffffff, max_idle_ns: 1911260446275000 ns
[STDERR  ] 2018-09-25T17:55:36.182302440Z: [    0.513199] futex hash table entries: 256 (order: 2, 16384 bytes)
[STDERR  ] 2018-09-25T17:55:36.182336884Z: [    0.526592] NET: Registered protocol family 16
[STDERR  ] 2018-09-25T17:55:36.182362317Z: [    0.534614] cpuidle: using governor ladder
[STDERR  ] 2018-09-25T17:55:36.182387279Z: [    0.535171] cpuidle: using governor menu
[STDERR  ] 2018-09-25T17:55:36.182410436Z: [    0.537185] ACPI: bus type PCI registered
[STDERR  ] 2018-09-25T17:55:36.182435726Z: [    0.540360] PCI: MMCONFIG for domain 0000 [bus 00-ff] at [mem 0xb0000000-0xbfffffff] (base 0xb0000000)
[STDERR  ] 2018-09-25T17:55:36.182459431Z: [    0.541342] PCI: MMCONFIG at [mem 0xb0000000-0xbfffffff] reserved in E820
[STDERR  ] 2018-09-25T17:55:36.182484131Z: [    0.542776] PCI: Using configuration type 1 for base access
[STDERR  ] 2018-09-25T17:55:36.182508426Z: [    0.614173] HugeTLB registered 2.00 MiB page size, pre-allocated 0 pages
[STDERR  ] 2018-09-25T17:55:36.182532317Z: [    0.626265] ACPI: Added _OSI(Module Device)
[STDERR  ] 2018-09-25T17:55:36.182556978Z: [    0.626697] ACPI: Added _OSI(Processor Device)
[STDERR  ] 2018-09-25T17:55:36.182581184Z: [    0.627038] ACPI: Added _OSI(3.0 _SCP Extensions)
[STDERR  ] 2018-09-25T17:55:36.182604846Z: [    0.627417] ACPI: Added _OSI(Processor Aggregator Device)
[STDERR  ] 2018-09-25T17:55:36.182629212Z: [    0.717465] ACPI: Interpreter enabled
[STDERR  ] 2018-09-25T17:55:36.182654530Z: [    0.718621] ACPI: (supports S0 S5)
[STDERR  ] 2018-09-25T17:55:36.182678203Z: [    0.719112] ACPI: Using IOAPIC for interrupt routing
[STDERR  ] 2018-09-25T17:55:36.182702487Z: [    0.721569] PCI: Using host bridge windows from ACPI; if necessary, use "pci=nocrs" and report a bug
[STDERR  ] 2018-09-25T17:55:36.182733042Z: [    0.727000] ACPI: Enabled 2 GPEs in block 00 to 3F
[STDERR  ] 2018-09-25T17:55:36.182757113Z: [    0.814110] ACPI: PCI Root Bridge [PCI0] (domain 0000 [bus 00-ff])
[STDERR  ] 2018-09-25T17:55:36.182781249Z: [    0.815396] acpi PNP0A08:00: _OSC: OS supports [ExtendedConfig ASPM ClockPM Segments MSI]
[STDERR  ] 2018-09-25T17:55:36.182805271Z: [    0.821492] acpi PNP0A08:00: _OSC: OS now controls [PCIeHotplug PME PCIeCapability]
[STDERR  ] 2018-09-25T17:55:36.182829445Z: [    0.826198] PCI host bridge to bus 0000:00
[STDERR  ] 2018-09-25T17:55:36.182854637Z: [    0.827363] pci_bus 0000:00: root bus resource [io  0x0000-0x0cf7 window]
[STDERR  ] 2018-09-25T17:55:36.182878681Z: [    0.828117] pci_bus 0000:00: root bus resource [io  0x0d00-0xffff window]
[STDERR  ] 2018-09-25T17:55:36.182903695Z: [    0.829044] pci_bus 0000:00: root bus resource [mem 0x000a0000-0x000bffff window]
[STDERR  ] 2018-09-25T17:55:36.182935584Z: [    0.829801] pci_bus 0000:00: root bus resource [mem 0xc0000000-0xfebfffff window]
[STDERR  ] 2018-09-25T17:55:36.182959931Z: [    0.830221] pci_bus 0000:00: root bus resource [bus 00-ff]
[STDERR  ] 2018-09-25T17:55:36.182984096Z: [    0.897598] pci 0000:00:1f.0: quirk: [io  0x0600-0x067f] claimed by ICH6 ACPI/GPIO/TCO
[STDERR  ] 2018-09-25T17:55:36.183007963Z: [    0.947749] ACPI: PCI Interrupt Link [LNKA] (IRQs 5 *10 11)
[STDERR  ] 2018-09-25T17:55:36.183044491Z: [    0.950465] ACPI: PCI Interrupt Link [LNKB] (IRQs 5 *10 11)
[STDERR  ] 2018-09-25T17:55:36.183078738Z: [    0.952786] ACPI: PCI Interrupt Link [LNKC] (IRQs 5 10 *11)
[STDERR  ] 2018-09-25T17:55:36.183103429Z: [    0.955257] ACPI: PCI Interrupt Link [LNKD] (IRQs 5 10 *11)
[STDERR  ] 2018-09-25T17:55:36.183128764Z: [    0.957536] ACPI: PCI Interrupt Link [LNKE] (IRQs 5 *10 11)
[STDERR  ] 2018-09-25T17:55:36.183154544Z: [    0.959773] ACPI: PCI Interrupt Link [LNKF] (IRQs 5 *10 11)
[STDERR  ] 2018-09-25T17:55:36.183208694Z: [    0.962309] ACPI: PCI Interrupt Link [LNKG] (IRQs 5 10 *11)
[STDERR  ] 2018-09-25T17:55:36.183233753Z: [    0.964585] ACPI: PCI Interrupt Link [LNKH] (IRQs 5 10 *11)
[STDERR  ] 2018-09-25T17:55:36.183257705Z: [    0.965524] ACPI: PCI Interrupt Link [GSIA] (IRQs *16)
[STDERR  ] 2018-09-25T17:55:36.183376486Z: [    0.966781] ACPI: PCI Interrupt Link [GSIB] (IRQs *17)
[STDERR  ] 2018-09-25T17:55:36.183405750Z: [    0.968226] ACPI: PCI Interrupt Link [GSIC] (IRQs *18)
[STDERR  ] 2018-09-25T17:55:36.183438948Z: [    0.969342] ACPI: PCI Interrupt Link [GSID] (IRQs *19)
[STDERR  ] 2018-09-25T17:55:36.183465003Z: [    0.970340] ACPI: PCI Interrupt Link [GSIE] (IRQs *20)
[STDERR  ] 2018-09-25T17:55:36.183487234Z: [    0.971356] ACPI: PCI Interrupt Link [GSIF] (IRQs *21)
[STDERR  ] 2018-09-25T17:55:36.183513850Z: [    0.972302] ACPI: PCI Interrupt Link [GSIG] (IRQs *22)
[STDERR  ] 2018-09-25T17:55:36.183540082Z: [    0.973250] ACPI: PCI Interrupt Link [GSIH] (IRQs *23)
[STDERR  ] 2018-09-25T17:55:36.183562569Z: [    0.983561] SCSI subsystem initialized
[STDERR  ] 2018-09-25T17:55:36.183583168Z: [    0.987113] ACPI: bus type USB registered
[STDERR  ] 2018-09-25T17:55:36.183608165Z: [    0.988366] usbcore: registered new interface driver usbfs
[STDERR  ] 2018-09-25T17:55:36.183634007Z: [    0.989576] usbcore: registered new interface driver hub
[STDERR  ] 2018-09-25T17:55:36.183655683Z: [    0.990487] usbcore: registered new device driver usb
[STDERR  ] 2018-09-25T17:55:36.183674839Z: [    0.992380] pps_core: LinuxPPS API ver. 1 registered
[STDERR  ] 2018-09-25T17:55:36.183698559Z: [    0.992865] pps_core: Software ver. 5.3.6 - Copyright 2005-2007 Rodolfo Giometti <giometti@linux.it>
[STDERR  ] 2018-09-25T17:55:36.183723619Z: [    0.994083] PTP clock support registered
[STDERR  ] 2018-09-25T17:55:36.183746931Z: [    0.996838] PCI: Using ACPI for IRQ routing
[STDERR  ] 2018-09-25T17:55:36.183768211Z: [    1.019511] NetLabel: Initializing
[STDERR  ] 2018-09-25T17:55:36.183801111Z: [    1.020050] NetLabel:  domain hash size = 128
[STDERR  ] 2018-09-25T17:55:36.183825193Z: [    1.020479] NetLabel:  protocols = UNLABELED CIPSOv4 CALIPSO
[STDERR  ] 2018-09-25T17:55:36.183856515Z: [    1.023426] NetLabel:  unlabeled traffic allowed by default
[STDERR  ] 2018-09-25T17:55:36.183881771Z: [    1.025536] HPET: 3 timers in total, 0 timers will be used for per-cpu timer
[STDERR  ] 2018-09-25T17:55:36.183907096Z: [    1.026337] hpet0: at MMIO 0xfed00000, IRQs 2, 8, 0
[STDERR  ] 2018-09-25T17:55:36.183941668Z: [    1.027060] hpet0: 3 comparators, 64-bit 100.000000 MHz counter
[STDERR  ] 2018-09-25T17:55:36.183967681Z: [    1.032681] clocksource: Switched to clocksource hpet
[STDERR  ] 2018-09-25T17:55:36.183990791Z: [    1.400924] VFS: Disk quotas dquot_6.6.0
[STDERR  ] 2018-09-25T17:55:36.184013452Z: [    1.402239] VFS: Dquot-cache hash table entries: 512 (order 0, 4096 bytes)
[STDERR  ] 2018-09-25T17:55:36.184041156Z: [    1.405753] FS-Cache: Loaded
[STDERR  ] 2018-09-25T17:55:36.184079746Z: [    1.413070] CacheFiles: Loaded
[STDERR  ] 2018-09-25T17:55:36.184107606Z: [    1.414803] pnp: PnP ACPI init
[STDERR  ] 2018-09-25T17:55:36.184145565Z: [    1.429843] pnp: PnP ACPI: found 5 devices
[STDERR  ] 2018-09-25T17:55:36.184169466Z: [    1.482800] clocksource: acpi_pm: mask: 0xffffff max_cycles: 0xffffff, max_idle_ns: 2085701024 ns
[STDERR  ] 2018-09-25T17:55:36.184194764Z: [    1.486939] NET: Registered protocol family 2
[STDERR  ] 2018-09-25T17:55:36.184220406Z: [    1.496890] TCP established hash table entries: 16384 (order: 5, 131072 bytes)
[STDERR  ] 2018-09-25T17:55:36.184244356Z: [    1.499304] TCP bind hash table entries: 16384 (order: 6, 262144 bytes)
[STDERR  ] 2018-09-25T17:55:36.184269020Z: [    1.500502] TCP: Hash tables configured (established 16384 bind 16384)
[STDERR  ] 2018-09-25T17:55:36.184294554Z: [    1.503364] UDP hash table entries: 1024 (order: 3, 32768 bytes)
[STDERR  ] 2018-09-25T17:55:36.184318645Z: [    1.504378] UDP-Lite hash table entries: 1024 (order: 3, 32768 bytes)
[STDERR  ] 2018-09-25T17:55:36.184341535Z: [    1.507755] NET: Registered protocol family 1
[STDERR  ] 2018-09-25T17:55:36.184365714Z: [    1.509617] pci 0000:00:01.0: Video device with shadowed ROM at [mem 0x000c0000-0x000dffff]
[STDERR  ] 2018-09-25T17:55:36.184390033Z: [    1.518697] Trying to unpack rootfs image as initramfs...
[STDERR  ] 2018-09-25T17:55:36.184412876Z: [   43.384547] Freeing initrd memory: 256972K
[STDERR  ] 2018-09-25T17:55:36.184435810Z: [   43.421412] PCLMULQDQ-NI instructions are not detected.
[STDERR  ] 2018-09-25T17:55:36.184469433Z: [   43.423578] AVX or AES-NI instructions are not detected.
[STDERR  ] 2018-09-25T17:55:36.184493228Z: [   43.424503] CPU feature 'AVX registers' is not supported.
[STDERR  ] 2018-09-25T17:55:36.184515920Z: [   43.425235] CPU feature 'AVX registers' is not supported.
[STDERR  ] 2018-09-25T17:55:36.184539661Z: [   43.425762] CPU feature 'AVX registers' is not supported.
[STDERR  ] 2018-09-25T17:55:36.184563357Z: [   43.426596] CPU feature 'AVX registers' is not supported.
[STDERR  ] 2018-09-25T17:55:36.184586351Z: [   43.427320] AVX2 or AES-NI instructions are not detected.
[STDERR  ] 2018-09-25T17:55:36.184610684Z: [   43.427850] AVX2 instructions are not detected.
[STDERR  ] 2018-09-25T17:55:36.184638668Z: [   43.435529] audit: initializing netlink subsys (disabled)
[STDERR  ] 2018-09-25T17:55:36.184663527Z: [   43.441471] audit: type=2000 audit(1537896774.437:1): state=initialized audit_enabled=0 res=1
[STDERR  ] 2018-09-25T17:55:36.184687460Z: [   43.446728] workingset: timestamp_bits=46 max_order=19 bucket_order=0
[STDERR  ] 2018-09-25T17:55:36.184715988Z: [   43.455412] squashfs: version 4.0 (2009/01/31) Phillip Lougher
[STDERR  ] 2018-09-25T17:55:36.184742079Z: [   43.458592] FS-Cache: Netfs 'cifs' registered for caching
[STDERR  ] 2018-09-25T17:55:36.184768284Z: [   43.459869] fuse init (API version 7.26)
[STDERR  ] 2018-09-25T17:55:36.184793933Z: [   43.463370] SGI XFS with ACLs, security attributes, no debug enabled
[STDERR  ] 2018-09-25T17:55:36.184820537Z: [   43.468555] 9p: Installing v9fs 9p2000 file system support
[STDERR  ] 2018-09-25T17:55:36.184844325Z: [   43.469376] FS-Cache: Netfs '9p' registered for caching
[STDERR  ] 2018-09-25T17:55:36.184876670Z: [   43.523539] NET: Registered protocol family 38
[STDERR  ] 2018-09-25T17:55:36.184901760Z: [   43.524584] Key type asymmetric registered
[STDERR  ] 2018-09-25T17:55:36.184933013Z: [   43.525351] Asymmetric key parser 'x509' registered
[STDERR  ] 2018-09-25T17:55:36.184958555Z: [   43.526660] Block layer SCSI generic (bsg) driver version 0.4 loaded (major 247)
[STDERR  ] 2018-09-25T17:55:36.184983718Z: [   43.528818] io scheduler noop registered
[STDERR  ] 2018-09-25T17:55:36.185006619Z: [   43.529432] io scheduler deadline registered (default)
[STDERR  ] 2018-09-25T17:55:36.185042938Z: [   43.530818] io scheduler cfq registered
[STDERR  ] 2018-09-25T17:55:36.185089000Z: [   43.531442] io scheduler mq-deadline registered
[STDERR  ] 2018-09-25T17:55:36.185112469Z: [   43.531869] io scheduler kyber registered
[STDERR  ] 2018-09-25T17:55:36.185138289Z: [   43.536362] shpchp: Standard Hot Plug PCI Controller Driver version: 0.4
[STDERR  ] 2018-09-25T17:55:36.185163022Z: [   43.537476] hv_vmbus: registering driver hyperv_fb
[STDERR  ] 2018-09-25T17:55:36.185186352Z: [   43.541820] input: Power Button as /devices/LNXSYSTM:00/LNXPWRBN:00/input/input0
[STDERR  ] 2018-09-25T17:55:36.185209407Z: [   43.545952] ACPI: Power Button [PWRF]
[STDERR  ] 2018-09-25T17:55:36.185233963Z: [   43.570879] ACPI: PCI Interrupt Link [GSIG] enabled at IRQ 22
[STDERR  ] 2018-09-25T17:55:36.185256391Z: [   43.588728] ACPI: PCI Interrupt Link [GSIH] enabled at IRQ 23
[STDERR  ] 2018-09-25T17:55:36.185279224Z: [   43.597941] Serial: 8250/16550 driver, 4 ports, IRQ sharing disabled
[STDERR  ] 2018-09-25T17:55:36.185304616Z: [   43.623477] 00:04: ttyS0 at I/O 0x3f8 (irq = 4, base_baud = 115200) is a 16550A
[STDERR  ] 2018-09-25T17:55:36.185328904Z: [   43.636798] Non-volatile memory driver v1.3
[STDERR  ] 2018-09-25T17:55:36.185352096Z: [   43.645569] Hangcheck: starting hangcheck timer 0.9.1 (tick is 180 seconds, margin is 60 seconds).
[STDERR  ] 2018-09-25T17:55:36.185387356Z: [   43.652740] random: crng init done
[STDERR  ] 2018-09-25T17:55:36.185423814Z: [   43.741556] brd: module loaded
[STDERR  ] 2018-09-25T17:55:36.185447538Z: [   43.784298] loop: module loaded
[STDERR  ] 2018-09-25T17:55:36.185471532Z: [   43.860926] lpc_ich 0000:00:1f.0: I/O space for GPIO uninitialized
[STDERR  ] 2018-09-25T17:55:36.185495592Z: [   43.863997] VMware PVSCSI driver - version 1.0.7.0-k
[STDERR  ] 2018-09-25T17:55:36.185526947Z: [   43.865377] hv_vmbus: registering driver hv_storvsc
[STDERR  ] 2018-09-25T17:55:36.185559821Z: [   43.879110] ACPI: PCI Interrupt Link [GSIA] enabled at IRQ 16
[STDERR  ] 2018-09-25T17:55:36.185584529Z: [   43.887804] ahci 0000:00:1f.2: AHCI 0001.0000 32 slots 6 ports 1.5 Gbps 0x3f impl SATA mode
[STDERR  ] 2018-09-25T17:55:36.185630344Z: [   43.888965] ahci 0000:00:1f.2: flags: 64bit ncq only 
[STDERR  ] 2018-09-25T17:55:36.185656150Z: [   43.909758] scsi host0: ahci
[STDERR  ] 2018-09-25T17:55:36.185681741Z: [   43.914323] scsi host1: ahci
[STDERR  ] 2018-09-25T17:55:36.185704732Z: [   43.916807] scsi host2: ahci
[STDERR  ] 2018-09-25T17:55:36.185729928Z: [   43.919557] scsi host3: ahci
[STDERR  ] 2018-09-25T17:55:36.185753881Z: [   43.922309] scsi host4: ahci
[STDERR  ] 2018-09-25T17:55:36.185776825Z: [   43.924760] scsi host5: ahci
[STDERR  ] 2018-09-25T17:55:36.185799730Z: [   43.927136] ata1: SATA max UDMA/133 abar m4096@0xfebd2000 port 0xfebd2100 irq 24
[STDERR  ] 2018-09-25T17:55:36.185825369Z: [   43.928424] ata2: SATA max UDMA/133 abar m4096@0xfebd2000 port 0xfebd2180 irq 24
[STDERR  ] 2018-09-25T17:55:36.185848192Z: [   43.929509] ata3: SATA max UDMA/133 abar m4096@0xfebd2000 port 0xfebd2200 irq 24
[STDERR  ] 2018-09-25T17:55:36.185871011Z: [   43.930623] ata4: SATA max UDMA/133 abar m4096@0xfebd2000 port 0xfebd2280 irq 24
[STDERR  ] 2018-09-25T17:55:36.185895926Z: [   43.931544] ata5: SATA max UDMA/133 abar m4096@0xfebd2000 port 0xfebd2300 irq 24
[STDERR  ] 2018-09-25T17:55:36.185920146Z: [   43.932529] ata6: SATA max UDMA/133 abar m4096@0xfebd2000 port 0xfebd2380 irq 24
[STDERR  ] 2018-09-25T17:55:36.185957363Z: [   43.951992] tun: Universal TUN/TAP device driver, 1.6
[STDERR  ] 2018-09-25T17:55:36.185981347Z: [   43.966480] VMware vmxnet3 virtual NIC driver - version 1.4.a.0-k-NAPI
[STDERR  ] 2018-09-25T17:55:36.186005182Z: [   43.967974] hv_vmbus: registering driver hv_netvsc
[STDERR  ] 2018-09-25T17:55:36.186027608Z: [   43.968977] Fusion MPT base driver 3.04.20
[STDERR  ] 2018-09-25T17:55:36.186062232Z: [   43.969733] Copyright (c) 1999-2008 LSI Corporation
[STDERR  ] 2018-09-25T17:55:36.186094741Z: [   43.970694] Fusion MPT SPI Host driver 3.04.20
[STDERR  ] 2018-09-25T17:55:36.186117344Z: [   43.973711] i8042: PNP: PS/2 Controller [PNP0303:KBD,PNP0f13:MOU] at 0x60,0x64 irq 1,12
[STDERR  ] 2018-09-25T17:55:36.186136768Z: [   43.980332] serio: i8042 KBD port at 0x60,0x64 irq 1
[STDERR  ] 2018-09-25T17:55:36.186161188Z: [   43.981432] serio: i8042 AUX port at 0x60,0x64 irq 12
[STDERR  ] 2018-09-25T17:55:36.186194233Z: [   43.985050] hv_vmbus: registering driver hyperv_keyboard
[STDERR  ] 2018-09-25T17:55:36.186217101Z: [   43.988580] mousedev: PS/2 mouse device common for all mice
[STDERR  ] 2018-09-25T17:55:36.186241291Z: [   43.995674] input: PC Speaker as /devices/platform/pcspkr/input/input2
[STDERR  ] 2018-09-25T17:55:36.186266999Z: [   43.998476] input: AT Translated Set 2 keyboard as /devices/platform/i8042/serio0/input/input1
[STDERR  ] 2018-09-25T17:55:36.186289757Z: [   44.003691] rtc_cmos 00:00: RTC can wake from S4
[STDERR  ] 2018-09-25T17:55:36.186312353Z: [   44.009530] rtc_cmos 00:00: rtc core: registered rtc_cmos as rtc0
[STDERR  ] 2018-09-25T17:55:36.186336936Z: [   44.011384] rtc_cmos 00:00: alarms up to one day, y3k, 114 bytes nvram, hpet irqs
[STDERR  ] 2018-09-25T17:55:36.186361065Z: [   44.012558] i2c /dev entries driver
[STDERR  ] 2018-09-25T17:55:36.186384107Z: [   44.015537] device-mapper: ioctl: 4.37.0-ioctl (2017-09-20) initialised: dm-devel@redhat.com
[STDERR  ] 2018-09-25T17:55:36.186407519Z: [   44.022722] usbcore: registered new interface driver usbhid
[STDERR  ] 2018-09-25T17:55:36.186431896Z: [   44.023536] usbhid: USB HID core driver
[STDERR  ] 2018-09-25T17:55:36.186454489Z: [   44.024629] hv_utils: Registering HyperV Utility Driver
[STDERR  ] 2018-09-25T17:55:36.186477690Z: [   44.025328] hv_vmbus: registering driver hv_util
[STDERR  ] 2018-09-25T17:55:36.186503588Z: [   44.025768] hv_vmbus: registering driver hv_balloon
[STDERR  ] 2018-09-25T17:55:36.186533629Z: [   44.026856] oprofile: using NMI interrupt.
[STDERR  ] 2018-09-25T17:55:36.186556353Z: [   44.028520] GACT probability on
[STDERR  ] 2018-09-25T17:55:36.186580011Z: [   44.028975] Mirror/redirect action on
[STDERR  ] 2018-09-25T17:55:36.186604964Z: [   44.029797] Simple TC action Loaded
[STDERR  ] 2018-09-25T17:55:36.186624893Z: [   44.030594] u32 classifier
[STDERR  ] 2018-09-25T17:55:36.186643885Z: [   44.030841]     Performance counters on
[STDERR  ] 2018-09-25T17:55:36.186663374Z: [   44.031436]     input device check on
[STDERR  ] 2018-09-25T17:55:36.186689438Z: [   44.031792]     Actions configured
[STDERR  ] 2018-09-25T17:55:36.186712775Z: [   44.032836] Netfilter messages via NETLINK v0.30.
[STDERR  ] 2018-09-25T17:55:36.186745293Z: [   44.033831] nfnl_acct: registering with nfnetlink.
[STDERR  ] 2018-09-25T17:55:36.186770021Z: [   44.035976] nf_conntrack version 0.5.0 (16384 buckets, 65536 max)
[STDERR  ] 2018-09-25T17:55:36.186793536Z: [   44.039950] ctnetlink v0.93: registering with nfnetlink.
[STDERR  ] 2018-09-25T17:55:36.186816068Z: [   44.044867] nf_tables: (c) 2007-2009 Patrick McHardy <kaber@trash.net>
[STDERR  ] 2018-09-25T17:55:36.186839268Z: [   44.046556] nf_tables_compat: (c) 2012 Pablo Neira Ayuso <pablo@netfilter.org>
[STDERR  ] 2018-09-25T17:55:36.186864042Z: [   44.050071] xt_time: kernel timezone is -0000
[STDERR  ] 2018-09-25T17:55:36.186886865Z: [   44.051280] ip_set: protocol 6
[STDERR  ] 2018-09-25T17:55:36.186909172Z: [   44.052848] ipip: IPv4 and MPLS over IPv4 tunneling driver
[STDERR  ] 2018-09-25T17:55:36.186953487Z: [   44.059008] gre: GRE over IPv4 demultiplexor driver
[STDERR  ] 2018-09-25T17:55:36.186981675Z: [   44.063548] ip_tables: (C) 2000-2006 Netfilter Core Team
[STDERR  ] 2018-09-25T17:55:36.187015221Z: [   44.071555] arp_tables: arp_tables: (C) 2002 David S. Miller
[STDERR  ] 2018-09-25T17:55:36.187039508Z: [   44.074654] NET: Registered protocol family 10
[STDERR  ] 2018-09-25T17:55:36.187062027Z: [   44.087634] Segment Routing with IPv6
[STDERR  ] 2018-09-25T17:55:36.187092649Z: [   44.089066] ip6_tables: (C) 2000-2006 Netfilter Core Team
[STDERR  ] 2018-09-25T17:55:36.187117564Z: [   44.101597] NET: Registered protocol family 17
[STDERR  ] 2018-09-25T17:55:36.187140472Z: [   44.103132] Bridge firewalling registered
[STDERR  ] 2018-09-25T17:55:36.187179674Z: [   44.104035] 8021q: 802.1Q VLAN Support v1.8
[STDERR  ] 2018-09-25T17:55:36.187209281Z: [   44.106558] 9pnet: Installing 9P2000 support
[STDERR  ] 2018-09-25T17:55:36.187234201Z: [   44.108821] Key type dns_resolver registered
[STDERR  ] 2018-09-25T17:55:36.187257827Z: [   44.110755] sched_clock: Marking stable (44110173890, 0)->(44367563236, -257389346)
[STDERR  ] 2018-09-25T17:55:36.187281349Z: [   44.115907] registered taskstats version 1
[STDERR  ] 2018-09-25T17:55:36.187304150Z: [   44.245902] ata2: SATA link down (SStatus 0 SControl 300)
[STDERR  ] 2018-09-25T17:55:36.187337266Z: [   44.249021] ata1: SATA link up 1.5 Gbps (SStatus 113 SControl 300)
[STDERR  ] 2018-09-25T17:55:36.187360923Z: [   44.252718] ata3: SATA link up 1.5 Gbps (SStatus 113 SControl 300)
[STDERR  ] 2018-09-25T17:55:36.187395927Z: [   44.256828] ata3.00: ATAPI: QEMU DVD-ROM, 2.5+, max UDMA/100
[STDERR  ] 2018-09-25T17:55:36.187421344Z: [   44.258403] ata3.00: applying bridge limits
[STDERR  ] 2018-09-25T17:55:36.187444762Z: [   44.260680] ata5: SATA link down (SStatus 0 SControl 300)
[STDERR  ] 2018-09-25T17:55:36.187467429Z: [   44.261717] ata4: SATA link down (SStatus 0 SControl 300)
[STDERR  ] 2018-09-25T17:55:36.187493846Z: [   44.262633] ata6: SATA link down (SStatus 0 SControl 300)
[STDERR  ] 2018-09-25T17:55:36.187517381Z: [   44.266788] ata1.00: ATA-7: QEMU HARDDISK, 2.5+, max UDMA/100
[STDERR  ] 2018-09-25T17:55:36.187540384Z: [   44.267555] ata1.00: 4194304 sectors, multi 16: LBA48 NCQ (depth 31/32)
[STDERR  ] 2018-09-25T17:55:36.187563548Z: [   44.268352] ata1.00: applying bridge limits
[STDERR  ] 2018-09-25T17:55:36.187588741Z: [   44.272841] ata1.00: configured for UDMA/100
[STDERR  ] 2018-09-25T17:55:36.187618886Z: [   44.278018] ata3.00: configured for UDMA/100
[STDERR  ] 2018-09-25T17:55:36.187652945Z: [   44.299834] scsi 0:0:0:0: Direct-Access     ATA      QEMU HARDDISK    2.5+ PQ: 0 ANSI: 5
[STDERR  ] 2018-09-25T17:55:36.187676935Z: [   44.323728] sd 0:0:0:0: [sda] 4194304 512-byte logical blocks: (2.15 GB/2.00 GiB)
[STDERR  ] 2018-09-25T17:55:36.187702767Z: [   44.330814] sd 0:0:0:0: Attached scsi generic sg0 type 0
[STDERR  ] 2018-09-25T17:55:36.187725231Z: [   44.331988] sd 0:0:0:0: [sda] Write Protect is off
[STDERR  ] 2018-09-25T17:55:36.187758564Z: [   44.335618] sd 0:0:0:0: [sda] Write cache: enabled, read cache: enabled, doesn't support DPO or FUA
[STDERR  ] 2018-09-25T17:55:36.187781717Z: [   44.340861] scsi 2:0:0:0: CD-ROM            QEMU     QEMU DVD-ROM     2.5+ PQ: 0 ANSI: 5
[STDERR  ] 2018-09-25T17:55:36.187804514Z: [   44.377420] sr 2:0:0:0: [sr0] scsi3-mmc drive: 4x/4x cd/rw xa/form2 tray
[STDERR  ] 2018-09-25T17:55:36.187828839Z: [   44.378409] cdrom: Uniform CD-ROM driver Revision: 3.20
[STDERR  ] 2018-09-25T17:55:36.187853622Z: [   44.396658] sr 2:0:0:0: Attached scsi generic sg1 type 5
[STDERR  ] 2018-09-25T17:55:36.187886380Z: [   44.399463] sd 0:0:0:0: [sda] Attached SCSI disk
[STDERR  ] 2018-09-25T17:55:36.187909206Z: [   44.448588] tsc: Refined TSC clocksource calibration: 2599.928 MHz
[STDERR  ] 2018-09-25T17:55:36.187951582Z: [   44.449491] clocksource: tsc: mask: 0xffffffffffffffff max_cycles: 0x2579f84d3ab, max_idle_ns: 440795332120 ns
[STDERR  ] 2018-09-25T17:55:36.187974570Z: [   44.574442] Key type big_key registered
[STDERR  ] 2018-09-25T17:55:36.187997380Z: [   44.706576] Key type trusted registered
[STDERR  ] 2018-09-25T17:55:36.188023877Z: [   44.836001] Key type encrypted registered
[STDERR  ] 2018-09-25T17:55:36.188044722Z: [   44.837401] ima: No TPM chip found, activating TPM-bypass! (rc=-19)
[STDERR  ] 2018-09-25T17:55:36.188076965Z: [   44.838631] ima: Allocated hash algorithm: sha256
[STDERR  ] 2018-09-25T17:55:36.188099139Z: [   44.843554] evm: HMAC attrs: 0x1
[STDERR  ] 2018-09-25T17:55:36.188118524Z: [   44.851094] rtc_cmos 00:00: setting system clock to 2018-09-25 17:32:57 UTC (1537896777)
[STDERR  ] 2018-09-25T17:55:36.188137500Z: [   45.048622] Freeing unused kernel memory: 1512K
[STDERR  ] 2018-09-25T17:55:36.188156535Z: [   45.051954] Write protecting the kernel read-only data: 18432k
[STDERR  ] 2018-09-25T17:55:36.188175677Z: [   45.072808] Freeing unused kernel memory: 2024K
[STDERR  ] 2018-09-25T17:55:36.188194791Z: [   45.158791] Freeing unused kernel memory: 1132K
[STDERR  ] 2018-09-25T17:55:36.188215068Z: [   45.460827] clocksource: Switched to clocksource tsc
[STDERR  ] 2018-09-25T17:55:36.188234127Z: 
[STDERR  ] 2018-09-25T17:55:36.188254358Z: Welcome to LinuxKit
[STDERR  ] 2018-09-25T17:55:36.188273369Z: 
[STDERR  ] 2018-09-25T17:55:36.188292267Z:                         ##         .
[STDERR  ] 2018-09-25T17:55:36.188311553Z:                   ## ## ##        ==
[STDERR  ] 2018-09-25T17:55:36.188330950Z:                ## ## ## ## ##    ===
[STDERR  ] 2018-09-25T17:55:36.188349988Z:            /"""""""""""""""""\___/ ===
[STDERR  ] 2018-09-25T17:55:36.188369204Z:           {                       /  ===-
[STDERR  ] 2018-09-25T17:55:36.188388423Z:            \______ O           __/
[STDERR  ] 2018-09-25T17:55:36.188407478Z:              \    \         __/
[STDERR  ] 2018-09-25T17:55:36.188427141Z:               \____\_______/
[STDERR  ] 2018-09-25T17:55:36.188447264Z: 
[STDERR  ] 2018-09-25T17:55:36.188472264Z: [  202.685510] 8021q: adding VLAN 0 to HW filter on device eth0
[STDERR  ] 2018-09-25T17:55:36.188493880Z: eth0: waiting for carrier
[STDERR  ] 2018-09-25T17:55:36.188513065Z: eth0: carrier acquired
[STDERR  ] 2018-09-25T17:55:36.188532685Z: DUID 00:04:87:1a:74:93:ba:04:43:95:9d:94:96:cb:8b:50:d8:37
[STDERR  ] 2018-09-25T17:55:36.188551915Z: eth0: IAID 5a:7e:a8:5a
[STDERR  ] 2018-09-25T17:55:36.188570852Z: eth0: adding address fe80::ae39:2b52:59d0:5c59
[STDERR  ] 2018-09-25T17:55:36.188589987Z: eth0: soliciting an IPv6 router
[STDERR  ] 2018-09-25T17:55:36.188617598Z: eth0: soliciting a DHCP lease
[STDERR  ] 2018-09-25T17:55:36.188636620Z: eth0: offered 10.0.2.15 from 10.0.2.2
[STDERR  ] 2018-09-25T17:55:36.188655878Z: eth0: leased 10.0.2.15 for 86400 seconds
[STDERR  ] 2018-09-25T17:55:36.188674638Z: eth0: adding route to 10.0.2.0/24
[STDERR  ] 2018-09-25T17:55:36.188693661Z: eth0: adding default route via 10.0.2.2
[STDERR  ] 2018-09-25T17:55:36.188731321Z: exiting due to oneshot
[STDERR  ] 2018-09-25T17:55:36.188750663Z: dhcpcd exited
[STDERR  ] 2018-09-25T17:55:36.188771092Z: [  208.776696]  sda:
[STDERR  ] 2018-09-25T17:55:36.188790106Z: [  208.913778]  sda:
[STDERR  ] 2018-09-25T17:55:36.188809132Z: [  209.293249]  sda: sda1
[STDERR  ] 2018-09-25T17:55:36.188829304Z: [  209.436872]  sda: sda1
[STDERR  ] 2018-09-25T17:55:36.188848442Z: 2018/09/25 17:35:39 Creating partition on /dev/sda
[STDERR  ] 2018-09-25T17:55:36.188867564Z: 2018/09/25 17:35:44 Partition /dev/sda1 successfully created!
[STDERR  ] 2018-09-25T17:55:36.188886609Z: [  216.470112] EXT4-fs (sda1): mounted filesystem with ordered data mode. Opts: (null)
[STDERR  ] 2018-09-25T17:55:36.188905962Z: [  833.283393] XFS (loop0): Mounting V5 Filesystem
[STDERR  ] 2018-09-25T17:55:36.188932064Z: [  833.340947] XFS (loop0): Ending clean mount
[STDERR  ] 2018-09-25T17:55:36.188952115Z: [  833.570630] XFS (loop0): Unmounting Filesystem
[STDERR  ] 2018-09-25T17:55:36.188971081Z: [  898.051116] raid6: sse2x1   gen()   289 MB/s
[STDERR  ] 2018-09-25T17:55:36.188990508Z: [  898.070379] raid6: sse2x1   xor()   130 MB/s
[STDERR  ] 2018-09-25T17:55:36.189009792Z: [  898.087384] raid6: sse2x2   gen()   214 MB/s
[STDERR  ] 2018-09-25T17:55:36.189033620Z: [  898.104376] raid6: sse2x2   xor()   152 MB/s
[STDERR  ] 2018-09-25T17:55:36.189052844Z: [  898.121249] raid6: sse2x4   gen()   257 MB/s
[STDERR  ] 2018-09-25T17:55:36.189082416Z: [  898.138206] raid6: sse2x4   xor()   150 MB/s
[STDERR  ] 2018-09-25T17:55:36.189102004Z: [  898.138809] raid6: using algorithm sse2x1 gen() 289 MB/s
[STDERR  ] 2018-09-25T17:55:36.189121370Z: [  898.139516] raid6: .... xor() 130 MB/s, rmw enabled
[STDERR  ] 2018-09-25T17:55:36.189140313Z: [  898.140216] raid6: using intx1 recovery algorithm
[STDERR  ] 2018-09-25T17:55:36.189166572Z: [  898.303682] xor: measuring software checksum speed
[STDERR  ] 2018-09-25T17:55:36.189192417Z: [  898.314304]    prefetch64-sse:   520.000 MB/sec
[STDERR  ] 2018-09-25T17:55:36.189216897Z: [  898.324197]    generic_sse:   528.000 MB/sec
[STDERR  ] 2018-09-25T17:55:36.189236067Z: [  898.324731] xor: using function: generic_sse (528.000 MB/sec)
[STDERR  ] 2018-09-25T17:55:36.189255554Z: [  898.761789] Btrfs loaded, crc32c=crc32c-generic
[STDERR  ] 2018-09-25T17:55:36.189285530Z: [  898.785988] BTRFS: device fsid 6d80a4d1-4793-480e-b525-9d142e688aa7 devid 1 transid 5 /dev/loop0
[STDERR  ] 2018-09-25T17:55:36.189312880Z: [  898.842942] BTRFS info (device loop0): disk space caching is enabled
[STDERR  ] 2018-09-25T17:55:36.189331704Z: [  898.844341] BTRFS info (device loop0): has skinny extents
[STDERR  ] 2018-09-25T17:55:36.189350854Z: [  898.844919] BTRFS info (device loop0): flagging fs with big metadata feature
[STDERR  ] 2018-09-25T17:55:36.189369662Z: [  898.941033] BTRFS info (device loop0): checking UUID tree
[STDERR  ] 2018-09-25T17:55:36.189388858Z: [  901.168473] BTRFS: device fsid 3b0cb7e0-b5ae-4d5a-9192-a553f042de41 devid 1 transid 5 /dev/loop0
[STDERR  ] 2018-09-25T17:55:36.189408151Z: [  901.326787] BTRFS info (device loop0): disk space caching is enabled
[STDERR  ] 2018-09-25T17:55:36.189427750Z: [  901.327620] BTRFS info (device loop0): has skinny extents
[STDERR  ] 2018-09-25T17:55:36.189459818Z: [  901.328033] BTRFS info (device loop0): flagging fs with big metadata feature
[STDERR  ] 2018-09-25T17:55:36.189478817Z: [  901.391840] BTRFS info (device loop0): checking UUID tree
[STDERR  ] 2018-09-25T17:55:36.189497903Z: [ 1041.501806] BTRFS: device fsid 01be48e6-f185-461d-abc0-40d5c40add23 devid 1 transid 5 /dev/loop0
[STDERR  ] 2018-09-25T17:55:36.189536770Z: [ 1041.649554] BTRFS info (device loop0): disk space caching is enabled
[STDERR  ] 2018-09-25T17:55:36.189561677Z: [ 1041.650586] BTRFS info (device loop0): has skinny extents
[STDERR  ] 2018-09-25T17:55:36.189580863Z: [ 1041.651253] BTRFS info (device loop0): flagging fs with big metadata feature
[STDERR  ] 2018-09-25T17:55:36.189609886Z: [ 1041.715770] BTRFS info (device loop0): checking UUID tree
[STDERR  ] 2018-09-25T17:55:36.189629417Z: [ 1042.814329] BTRFS: device fsid 705cded2-41bc-4043-a53b-9c9dc4283f30 devid 1 transid 5 /dev/loop0
[STDERR  ] 2018-09-25T17:55:36.189648553Z: [ 1042.970837] BTRFS info (device loop0): disk space caching is enabled
[STDERR  ] 2018-09-25T17:55:36.189667597Z: [ 1042.971834] BTRFS info (device loop0): has skinny extents
[STDERR  ] 2018-09-25T17:55:36.189686519Z: [ 1042.972536] BTRFS info (device loop0): flagging fs with big metadata feature
[STDERR  ] 2018-09-25T17:55:36.189705551Z: [ 1043.036480] BTRFS info (device loop0): checking UUID tree
[STDERR  ] 2018-09-25T17:55:36.189725208Z: [ 1044.312601] BTRFS: device fsid 883eaf7c-8388-4df9-948d-8a4cd9bb99f9 devid 1 transid 5 /dev/loop0
[STDERR  ] 2018-09-25T17:55:36.189744769Z: [ 1044.478618] BTRFS info (device loop0): disk space caching is enabled
[STDERR  ] 2018-09-25T17:55:36.189763966Z: [ 1044.479632] BTRFS info (device loop0): has skinny extents
[STDERR  ] 2018-09-25T17:55:36.189782981Z: [ 1044.480407] BTRFS info (device loop0): flagging fs with big metadata feature
[STDERR  ] 2018-09-25T17:55:36.189802592Z: [ 1044.547999] BTRFS info (device loop0): checking UUID tree
[STDERR  ] 2018-09-25T17:55:36.189821486Z: [ 1046.087886] BTRFS: device fsid 42993108-7872-4e8a-82d1-2f64feedaf3a devid 1 transid 5 /dev/loop0
[STDERR  ] 2018-09-25T17:55:36.189847058Z: [ 1046.247865] BTRFS info (device loop0): disk space caching is enabled
[STDERR  ] 2018-09-25T17:55:36.189866278Z: [ 1046.248857] BTRFS info (device loop0): has skinny extents
[STDERR  ] 2018-09-25T17:55:36.189885490Z: [ 1046.249741] BTRFS info (device loop0): flagging fs with big metadata feature
[STDERR  ] 2018-09-25T17:55:36.189904907Z: [ 1046.310562] BTRFS info (device loop0): checking UUID tree
[STDERR  ] 2018-09-25T17:55:36.189930081Z: [ 1047.790308] BTRFS: device fsid e04976f9-d149-4476-bf38-d9a1ab30a969 devid 1 transid 5 /dev/loop0
[STDERR  ] 2018-09-25T17:55:36.189949807Z: [ 1047.935101] BTRFS info (device loop0): disk space caching is enabled
[STDERR  ] 2018-09-25T17:55:36.189969115Z: [ 1047.936043] BTRFS info (device loop0): has skinny extents
[STDERR  ] 2018-09-25T17:55:36.189988439Z: [ 1047.936941] BTRFS info (device loop0): flagging fs with big metadata feature
[STDERR  ] 2018-09-25T17:55:36.190007651Z: [ 1047.998821] BTRFS info (device loop0): checking UUID tree
[STDERR  ] 2018-09-25T17:55:36.190036544Z: [ 1048.939006] BTRFS: device fsid 4b950ac9-6e90-4a31-9fb9-07f5afe2f18d devid 1 transid 5 /dev/loop0
[STDERR  ] 2018-09-25T17:55:36.190055830Z: [ 1049.085463] BTRFS info (device loop0): disk space caching is enabled
[STDERR  ] 2018-09-25T17:55:36.190083690Z: [ 1049.086381] BTRFS info (device loop0): has skinny extents
[STDERR  ] 2018-09-25T17:55:36.190103039Z: [ 1049.086900] BTRFS info (device loop0): flagging fs with big metadata feature
[STDERR  ] 2018-09-25T17:55:36.190130366Z: [ 1049.150395] BTRFS info (device loop0): checking UUID tree
[STDERR  ] 2018-09-25T17:55:36.190150092Z: [ 1051.500468] BTRFS: device fsid 02f52ece-ca83-4829-b0af-35f07ed34c4c devid 1 transid 5 /dev/loop0
[STDERR  ] 2018-09-25T17:55:36.190169339Z: [ 1051.665549] BTRFS info (device loop0): disk space caching is enabled
[STDERR  ] 2018-09-25T17:55:36.190188468Z: [ 1051.666577] BTRFS info (device loop0): has skinny extents
[STDERR  ] 2018-09-25T17:55:36.190208113Z: [ 1051.667325] BTRFS info (device loop0): flagging fs with big metadata feature
[STDERR  ] 2018-09-25T17:55:36.190227538Z: [ 1051.734011] BTRFS info (device loop0): checking UUID tree
[STDERR  ] 2018-09-25T17:55:36.190246713Z: [ 1054.035957] BTRFS: device fsid 8635ac39-d384-4ff3-a001-d4ab13673d3c devid 1 transid 5 /dev/loop0
[STDERR  ] 2018-09-25T17:55:36.190271158Z: [ 1054.181882] BTRFS info (device loop0): disk space caching is enabled
[STDERR  ] 2018-09-25T17:55:36.190302974Z: [ 1054.182839] BTRFS info (device loop0): has skinny extents
[STDERR  ] 2018-09-25T17:55:36.190322092Z: [ 1054.183499] BTRFS info (device loop0): flagging fs with big metadata feature
[STDERR  ] 2018-09-25T17:55:36.190341949Z: [ 1054.255524] BTRFS info (device loop0): checking UUID tree
[STDERR  ] 2018-09-25T17:55:36.190367417Z: [ 1056.042860] BTRFS: device fsid c791c24e-2a89-4062-810c-5a28e3b957f8 devid 1 transid 5 /dev/loop0
[STDERR  ] 2018-09-25T17:55:36.190398569Z: [ 1056.209647] BTRFS info (device loop0): disk space caching is enabled
[STDERR  ] 2018-09-25T17:55:36.190418914Z: [ 1056.210611] BTRFS info (device loop0): has skinny extents
[STDERR  ] 2018-09-25T17:55:36.190439457Z: [ 1056.211099] BTRFS info (device loop0): flagging fs with big metadata feature
[STDERR  ] 2018-09-25T17:55:36.190459215Z: [ 1056.281388] BTRFS info (device loop0): checking UUID tree
[STDERR  ] 2018-09-25T17:55:36.190478440Z: [ 1059.384411] BTRFS: device fsid 21ab1009-bae2-4797-9821-e8f8833d6219 devid 1 transid 5 /dev/loop0
[STDERR  ] 2018-09-25T17:55:36.190497767Z: [ 1059.547380] BTRFS info (device loop0): disk space caching is enabled
[STDERR  ] 2018-09-25T17:55:36.190517130Z: [ 1059.548225] BTRFS info (device loop0): has skinny extents
[STDERR  ] 2018-09-25T17:55:36.190538931Z: [ 1059.548742] BTRFS info (device loop0): flagging fs with big metadata feature
[STDERR  ] 2018-09-25T17:55:36.190563922Z: [ 1059.616969] BTRFS info (device loop0): checking UUID tree
[STDERR  ] 2018-09-25T17:55:36.190584455Z: [ 1061.850998] BTRFS: device fsid 803e6b1a-b42d-40a1-b015-d9d83e692071 devid 1 transid 5 /dev/loop0
[STDERR  ] 2018-09-25T17:55:36.190609260Z: [ 1062.004573] BTRFS info (device loop0): disk space caching is enabled
[STDERR  ] 2018-09-25T17:55:36.190628507Z: [ 1062.005429] BTRFS info (device loop0): has skinny extents
[STDERR  ] 2018-09-25T17:55:36.190658639Z: [ 1062.006031] BTRFS info (device loop0): flagging fs with big metadata feature
[STDERR  ] 2018-09-25T17:55:36.190677792Z: [ 1062.075383] BTRFS info (device loop0): checking UUID tree
[STDERR  ] 2018-09-25T17:55:36.190697296Z: [ 1064.765331] BTRFS: device fsid 830010b9-7bd1-4084-a5e8-39d95e09db9a devid 1 transid 5 /dev/loop0
[STDERR  ] 2018-09-25T17:55:36.190716695Z: [ 1064.918637] BTRFS info (device loop0): disk space caching is enabled
[STDERR  ] 2018-09-25T17:55:36.190746198Z: [ 1064.919798] BTRFS info (device loop0): has skinny extents
[STDERR  ] 2018-09-25T17:55:36.190765295Z: [ 1064.920642] BTRFS info (device loop0): flagging fs with big metadata feature
[STDERR  ] 2018-09-25T17:55:36.190784598Z: [ 1064.987444] BTRFS info (device loop0): checking UUID tree
[STDERR  ] 2018-09-25T17:55:36.190803830Z: [ 1075.054004] BTRFS: device fsid b9805f93-f745-41e7-b0a6-64e03f3d9feb devid 1 transid 5 /dev/loop0
[STDERR  ] 2018-09-25T17:55:36.190823400Z: [ 1075.209651] BTRFS info (device loop0): disk space caching is enabled
[STDERR  ] 2018-09-25T17:55:36.190842384Z: [ 1075.210574] BTRFS info (device loop0): has skinny extents
[STDERR  ] 2018-09-25T17:55:36.190861771Z: [ 1075.211124] BTRFS info (device loop0): flagging fs with big metadata feature
[STDERR  ] 2018-09-25T17:55:36.190881030Z: [ 1075.274259] BTRFS info (device loop0): checking UUID tree
[STDERR  ] 2018-09-25T17:55:36.190900501Z: [ 1077.128875] BTRFS: device fsid d3502de4-7fa8-43af-8d1c-12d5bfacdd1f devid 1 transid 5 /dev/loop0
[STDERR  ] 2018-09-25T17:55:36.190919580Z: [ 1077.284573] BTRFS info (device loop0): disk space caching is enabled
[STDERR  ] 2018-09-25T17:55:36.190944799Z: [ 1077.285439] BTRFS info (device loop0): has skinny extents
[STDERR  ] 2018-09-25T17:55:36.190964099Z: [ 1077.285938] BTRFS info (device loop0): flagging fs with big metadata feature
[STDERR  ] 2018-09-25T17:55:36.190983194Z: [ 1077.351371] BTRFS info (device loop0): checking UUID tree
[STDERR  ] 2018-09-25T17:55:36.191002174Z: [ 1080.054343] BTRFS: device fsid ab9fdecf-e972-47fd-9c44-6436a51e3f8b devid 1 transid 5 /dev/loop0
[STDERR  ] 2018-09-25T17:55:36.191025721Z: [ 1080.212635] BTRFS info (device loop0): disk space caching is enabled
[STDERR  ] 2018-09-25T17:55:36.191045199Z: [ 1080.213536] BTRFS info (device loop0): has skinny extents
[STDERR  ] 2018-09-25T17:55:36.191064690Z: [ 1080.214260] BTRFS info (device loop0): flagging fs with big metadata feature
[STDERR  ] 2018-09-25T17:55:36.191102909Z: [ 1080.278440] BTRFS info (device loop0): checking UUID tree
[STDERR  ] 2018-09-25T17:55:36.191122144Z: [ 1081.815614] BTRFS: device fsid 9be520c3-61ba-49be-ae46-50c52acc3f72 devid 1 transid 5 /dev/loop0
[STDERR  ] 2018-09-25T17:55:36.191141344Z: [ 1081.973044] BTRFS info (device loop0): disk space caching is enabled
[STDERR  ] 2018-09-25T17:55:36.191176543Z: [ 1081.974126] BTRFS info (device loop0): has skinny extents
[STDERR  ] 2018-09-25T17:55:36.191205171Z: [ 1081.974808] BTRFS info (device loop0): flagging fs with big metadata feature
[STDERR  ] 2018-09-25T17:55:36.191225762Z: [ 1082.038859] BTRFS info (device loop0): checking UUID tree
[STDERR  ] 2018-09-25T17:55:36.191254091Z: [ 1083.546361] BTRFS: device fsid d93f10fd-6c6b-42f6-bdc9-f0aba696a3d9 devid 1 transid 5 /dev/loop0
[STDERR  ] 2018-09-25T17:55:36.191273812Z: [ 1083.704701] BTRFS info (device loop0): disk space caching is enabled
[STDERR  ] 2018-09-25T17:55:36.191293143Z: [ 1083.705962] BTRFS info (device loop0): has skinny extents
[STDERR  ] 2018-09-25T17:55:36.191312544Z: [ 1083.706654] BTRFS info (device loop0): flagging fs with big metadata feature
[STDERR  ] 2018-09-25T17:55:36.191345270Z: [ 1083.773428] BTRFS info (device loop0): checking UUID tree
[STDERR  ] 2018-09-25T17:55:36.191369860Z: [ 1085.034753] BTRFS: device fsid dcb486ed-e9b0-4c24-bc7a-f6de66f114ae devid 1 transid 5 /dev/loop0
[STDERR  ] 2018-09-25T17:55:36.191410664Z: [ 1085.191601] BTRFS info (device loop0): disk space caching is enabled
[STDERR  ] 2018-09-25T17:55:36.191432120Z: [ 1085.192544] BTRFS info (device loop0): has skinny extents
[STDERR  ] 2018-09-25T17:55:36.191452013Z: [ 1085.193267] BTRFS info (device loop0): flagging fs with big metadata feature
[STDERR  ] 2018-09-25T17:55:36.191471510Z: [ 1085.259762] BTRFS info (device loop0): checking UUID tree
[STDERR  ] 2018-09-25T17:55:36.191491034Z: [ 1086.335039] BTRFS: device fsid e39a806f-22e7-44d4-9f1d-150fbcdf48b9 devid 1 transid 5 /dev/loop0
[STDERR  ] 2018-09-25T17:55:36.191510208Z: [ 1086.488761] BTRFS info (device loop0): disk space caching is enabled
[STDERR  ] 2018-09-25T17:55:36.191529581Z: [ 1086.489764] BTRFS info (device loop0): has skinny extents
[STDERR  ] 2018-09-25T17:55:36.191556379Z: [ 1086.490496] BTRFS info (device loop0): flagging fs with big metadata feature
[STDERR  ] 2018-09-25T17:55:36.191576888Z: [ 1086.559819] BTRFS info (device loop0): checking UUID tree
[STDERR  ] 2018-09-25T17:55:36.191596499Z: v1.1.4
[STDERR  ] 2018-09-25T17:55:36.191615844Z: 9f2e07b1fc1342d1c48fe4d7bbb94cb6d1bf278b
[STDERR  ] 2018-09-25T17:55:36.191635218Z:  root-test
[STDERR  ] 2018-09-25T17:55:36.191656222Z: ok  	github.com/containerd/containerd/archive	4.587s
[STDERR  ] 2018-09-25T17:55:36.191675580Z: ok  	github.com/containerd/containerd/metadata	83.933s
[STDERR  ] 2018-09-25T17:55:36.191695036Z: ok  	github.com/containerd/containerd/mount/lookup_test	1.779s
[STDERR  ] 2018-09-25T17:55:36.191714605Z: ok  	github.com/containerd/containerd/snapshots/btrfs	190.740s
[STDERR  ] 2018-09-25T17:55:36.191733705Z: ok  	github.com/containerd/containerd/snapshots/native	79.685s
[STDERR  ] 2018-09-25T17:55:36.191753114Z: ok  	github.com/containerd/containerd/snapshots/overlay	121.075s
[STDERR  ] 2018-09-25T17:55:36.191774585Z: containerd test suite PASSED
[STDERR  ] 2018-09-25T17:55:36.191816644Z: [ 1403.022554] sd 0:0:0:0: [sda] Synchronizing SCSI cache
[STDERR  ] 2018-09-25T17:55:36.191856180Z: [ 1403.026057] sd 0:0:0:0: [sda] Stopping disk
[STDERR  ] 2018-09-25T17:55:36.191882456Z: [ 1403.033025] ACPI: Preparing to enter system sleep state S5
[STDERR  ] 2018-09-25T17:55:36.191907226Z: [ 1403.038672] reboot: Power down
[STDERR  ] 2018-09-25T17:55:36.191941319Z: + echo [    0.000000] Linux version 4.14.71-linuxkit (root@9f40de9c3324) (gcc version 6.4.0 (Alpine 6.4.0)) #1 SMP Fri Sep 21 08:23:48 UTC 2018
[STDERR  ] 2018-09-25T17:55:36.191973648Z: [    0.000000] Command line: console=ttyS0 console=ttyAMA0
[STDERR  ] 2018-09-25T17:55:36.191993003Z: [    0.000000] x86/fpu: x87 FPU will use FXSAVE
[STDERR  ] 2018-09-25T17:55:36.192012045Z: [    0.000000] e820: BIOS-provided physical RAM map:
[STDERR  ] 2018-09-25T17:55:36.192031204Z: [    0.000000] BIOS-e820: [mem 0x0000000000000000-0x000000000009fbff] usable
[STDERR  ] 2018-09-25T17:55:36.192050859Z: [    0.000000] BIOS-e820: [mem 0x000000000009fc00-0x000000000009ffff] reserved
[STDERR  ] 2018-09-25T17:55:36.192080577Z: [    0.000000] BIOS-e820: [mem 0x00000000000f0000-0x00000000000fffff] reserved
[STDERR  ] 2018-09-25T17:55:36.192099980Z: [    0.000000] BIOS-e820: [mem 0x0000000000100000-0x000000007ffdefff] usable
[STDERR  ] 2018-09-25T17:55:36.192119262Z: [    0.000000] BIOS-e820: [mem 0x000000007ffdf000-0x000000007fffffff] reserved
[STDERR  ] 2018-09-25T17:55:36.192138470Z: [    0.000000] BIOS-e820: [mem 0x00000000b0000000-0x00000000bfffffff] reserved
[STDERR  ] 2018-09-25T17:55:36.192167750Z: [    0.000000] BIOS-e820: [mem 0x00000000fed1c000-0x00000000fed1ffff] reserved
[STDERR  ] 2018-09-25T17:55:36.192187259Z: [    0.000000] BIOS-e820: [mem 0x00000000fffc0000-0x00000000ffffffff] reserved
[STDERR  ] 2018-09-25T17:55:36.192206579Z: [    0.000000] NX (Execute Disable) protection: active
[STDERR  ] 2018-09-25T17:55:36.192225919Z: [    0.000000] SMBIOS 2.8 present.
[STDERR  ] 2018-09-25T17:55:36.192245290Z: [    0.000000] DMI: QEMU Standard PC (Q35 + ICH9, 2009), BIOS rel-1.10.2-0-g5f4c7b1-prebuilt.qemu-project.org 04/01/2014
[STDERR  ] 2018-09-25T17:55:36.192272423Z: [    0.000000] tsc: Fast TSC calibration using PIT
[STDERR  ] 2018-09-25T17:55:36.192292221Z: [    0.000000] e820: last_pfn = 0x7ffdf max_arch_pfn = 0x400000000
[STDERR  ] 2018-09-25T17:55:36.192311281Z: [    0.000000] x86/PAT: Configuration [0-7]: WB  WC  UC- UC  WB  WP  UC- WT  
[STDERR  ] 2018-09-25T17:55:36.192330365Z: [    0.000000] found SMP MP-table at [mem 0x000f6aa0-0x000f6aaf] mapped at [ffffffffff200aa0]
[STDERR  ] 2018-09-25T17:55:36.192350011Z: [    0.000000] RAMDISK: [mem 0x704dd000-0x7ffcffff]
[STDERR  ] 2018-09-25T17:55:36.192369266Z: [    0.000000] ACPI: Early table checksum verification disabled
[STDERR  ] 2018-09-25T17:55:36.192388376Z: [    0.000000] ACPI: RSDP 0x00000000000F68C0 000014 (v00 BOCHS )
[STDERR  ] 2018-09-25T17:55:36.192407757Z: [    0.000000] ACPI: RSDT 0x000000007FFE2404 000034 (v01 BOCHS  BXPCRSDT 00000001 BXPC 00000001)
[STDERR  ] 2018-09-25T17:55:36.192428130Z: [    0.000000] ACPI: FACP 0x000000007FFE22A4 000074 (v01 BOCHS  BXPCFACP 00000001 BXPC 00000001)
[STDERR  ] 2018-09-25T17:55:36.192448191Z: [    0.000000] ACPI: DSDT 0x000000007FFE0040 002264 (v01 BOCHS  BXPCDSDT 00000001 BXPC 00000001)
[STDERR  ] 2018-09-25T17:55:36.192467557Z: [    0.000000] ACPI: FACS 0x000000007FFE0000 000040
[STDERR  ] 2018-09-25T17:55:36.192487037Z: [    0.000000] ACPI: APIC 0x000000007FFE2318 000078 (v01 BOCHS  BXPCAPIC 00000001 BXPC 00000001)
[STDERR  ] 2018-09-25T17:55:36.192506407Z: [    0.000000] ACPI: HPET 0x000000007FFE2390 000038 (v01 BOCHS  BXPCHPET 00000001 BXPC 00000001)
[STDERR  ] 2018-09-25T17:55:36.192525349Z: [    0.000000] ACPI: MCFG 0x000000007FFE23C8 00003C (v01 BOCHS  BXPCMCFG 00000001 BXPC 00000001)
[STDERR  ] 2018-09-25T17:55:36.192544513Z: [    0.000000] Zone ranges:
[STDERR  ] 2018-09-25T17:55:36.192563804Z: [    0.000000]   DMA      [mem 0x0000000000001000-0x0000000000ffffff]
[STDERR  ] 2018-09-25T17:55:36.192583165Z: [    0.000000]   DMA32    [mem 0x0000000001000000-0x000000007ffdefff]
[STDERR  ] 2018-09-25T17:55:36.192602813Z: [    0.000000]   Normal   empty
[STDERR  ] 2018-09-25T17:55:36.192623173Z: [    0.000000]   Device   empty
[STDERR  ] 2018-09-25T17:55:36.192642061Z: [    0.000000] Movable zone start for each node
[STDERR  ] 2018-09-25T17:55:36.192661324Z: [    0.000000] Early memory node ranges
[STDERR  ] 2018-09-25T17:55:36.192685341Z: [    0.000000]   node   0: [mem 0x0000000000001000-0x000000000009efff]
[STDERR  ] 2018-09-25T17:55:36.192705196Z: [    0.000000]   node   0: [mem 0x0000000000100000-0x000000007ffdefff]
[STDERR  ] 2018-09-25T17:55:36.192735503Z: [    0.000000] Initmem setup node 0 [mem 0x0000000000001000-0x000000007ffdefff]
[STDERR  ] 2018-09-25T17:55:36.192754620Z: [    0.000000] ACPI: PM-Timer IO Port: 0x608
[STDERR  ] 2018-09-25T17:55:36.192773940Z: [    0.000000] ACPI: LAPIC_NMI (acpi_id[0xff] dfl dfl lint[0x1])
[STDERR  ] 2018-09-25T17:55:36.192793132Z: [    0.000000] IOAPIC[0]: apic_id 0, version 32, address 0xfec00000, GSI 0-23
[STDERR  ] 2018-09-25T17:55:36.192812538Z: [    0.000000] ACPI: INT_SRC_OVR (bus 0 bus_irq 0 global_irq 2 dfl dfl)
[STDERR  ] 2018-09-25T17:55:36.192831529Z: [    0.000000] ACPI: INT_SRC_OVR (bus 0 bus_irq 5 global_irq 5 high level)
[STDERR  ] 2018-09-25T17:55:36.192859902Z: [    0.000000] ACPI: INT_SRC_OVR (bus 0 bus_irq 9 global_irq 9 high level)
[STDERR  ] 2018-09-25T17:55:36.192886430Z: [    0.000000] ACPI: INT_SRC_OVR (bus 0 bus_irq 10 global_irq 10 high level)
[STDERR  ] 2018-09-25T17:55:36.192905982Z: [    0.000000] ACPI: INT_SRC_OVR (bus 0 bus_irq 11 global_irq 11 high level)
[STDERR  ] 2018-09-25T17:55:36.192931132Z: [    0.000000] Using ACPI (MADT) for SMP configuration information
[STDERR  ] 2018-09-25T17:55:36.192951325Z: [    0.000000] ACPI: HPET id: 0x8086a201 base: 0xfed00000
[STDERR  ] 2018-09-25T17:55:36.192971326Z: [    0.000000] smpboot: Allowing 1 CPUs, 0 hotplug CPUs
[STDERR  ] 2018-09-25T17:55:36.192992119Z: [    0.000000] e820: [mem 0xc0000000-0xfed1bfff] available for PCI devices
[STDERR  ] 2018-09-25T17:55:36.193016689Z: [    0.000000] Booting paravirtualized kernel on bare hardware
[STDERR  ] 2018-09-25T17:55:36.193036339Z: [    0.000000] clocksource: refined-jiffies: mask: 0xffffffff max_cycles: 0xffffffff, max_idle_ns: 1910969940391419 ns
[STDERR  ] 2018-09-25T17:55:36.193055955Z: [    0.000000] random: get_random_bytes called from start_kernel+0x92/0x4cb with crng_init=0
[STDERR  ] 2018-09-25T17:55:36.193094038Z: [    0.000000] setup_percpu: NR_CPUS:128 nr_cpumask_bits:128 nr_cpu_ids:1 nr_node_ids:1
[STDERR  ] 2018-09-25T17:55:36.193113687Z: [    0.000000] percpu: Embedded 45 pages/cpu @ffff9f9330200000 s144280 r8192 d31848 u2097152
[STDERR  ] 2018-09-25T17:55:36.193132976Z: [    0.000000] Built 1 zonelists, mobility grouping on.  Total pages: 515944
[STDERR  ] 2018-09-25T17:55:36.193152512Z: [    0.000000] Kernel command line: console=ttyS0 console=ttyAMA0
[STDERR  ] 2018-09-25T17:55:36.193186116Z: [    0.000000] PID hash table entries: 4096 (order: 3, 32768 bytes)
[STDERR  ] 2018-09-25T17:55:36.193211536Z: [    0.000000] Dentry cache hash table entries: 262144 (order: 9, 2097152 bytes)
[STDERR  ] 2018-09-25T17:55:36.193235061Z: [    0.000000] Inode-cache hash table entries: 131072 (order: 8, 1048576 bytes)
[STDERR  ] 2018-09-25T17:55:36.193264584Z: [    0.000000] Memory: 1778576K/2096628K available (12300K kernel code, 1448K rwdata, 2964K rodata, 1512K init, 580K bss, 318052K reserved, 0K cma-reserved)
[STDERR  ] 2018-09-25T17:55:36.193285049Z: [    0.000000] ftrace: allocating 40636 entries in 159 pages
[STDERR  ] 2018-09-25T17:55:36.193304604Z: [    0.000000] Hierarchical RCU implementation.
[STDERR  ] 2018-09-25T17:55:36.193335606Z: [    0.000000] 	RCU restricting CPUs from NR_CPUS=128 to nr_cpu_ids=1.
[STDERR  ] 2018-09-25T17:55:36.193355188Z: [    0.000000] RCU: Adjusting geometry for rcu_fanout_leaf=16, nr_cpu_ids=1
[STDERR  ] 2018-09-25T17:55:36.193374312Z: [    0.000000] NR_IRQS: 8448, nr_irqs: 256, preallocated irqs: 16
[STDERR  ] 2018-09-25T17:55:36.193402752Z: [    0.000000] Console: colour VGA+ 80x25
[STDERR  ] 2018-09-25T17:55:36.193432570Z: [    0.000000] console [ttyS0] enabled
[STDERR  ] 2018-09-25T17:55:36.193458009Z: [    0.000000] clocksource: hpet: mask: 0xffffffff max_cycles: 0xffffffff, max_idle_ns: 19112604467 ns
[STDERR  ] 2018-09-25T17:55:36.193483629Z: [    0.003000] tsc: Fast TSC calibration using PIT
[STDERR  ] 2018-09-25T17:55:36.193525565Z: [    0.004000] tsc: Detected 2600.035 MHz processor
[STDERR  ] 2018-09-25T17:55:36.193547527Z: [    0.007395] Calibrating delay loop (skipped), value calculated using timer frequency.. 5200.07 BogoMIPS (lpj=2600035)
[STDERR  ] 2018-09-25T17:55:36.193567150Z: [    0.008145] pid_max: default: 32768 minimum: 301
[STDERR  ] 2018-09-25T17:55:36.193609014Z: [    0.009619] ACPI: Core revision 20170728
[STDERR  ] 2018-09-25T17:55:36.193634431Z: [    0.054888] ACPI: 1 ACPI AML tables successfully acquired and loaded
[STDERR  ] 2018-09-25T17:55:36.193672202Z: [    0.059834] Security Framework initialized
[STDERR  ] 2018-09-25T17:55:36.193705514Z: [    0.060161] Yama: becoming mindful.
[STDERR  ] 2018-09-25T17:55:36.193726632Z: [    0.063313] Mount-cache hash table entries: 4096 (order: 3, 32768 bytes)
[STDERR  ] 2018-09-25T17:55:36.193746595Z: [    0.064260] Mountpoint-cache hash table entries: 4096 (order: 3, 32768 bytes)
[STDERR  ] 2018-09-25T17:55:36.193766428Z: [    0.086770] Last level iTLB entries: 4KB 0, 2MB 0, 4MB 0
[STDERR  ] 2018-09-25T17:55:36.193785943Z: [    0.087055] Last level dTLB entries: 4KB 0, 2MB 0, 4MB 0, 1GB 0
[STDERR  ] 2018-09-25T17:55:36.193805490Z: [    0.088154] Spectre V2 : Spectre mitigation: LFENCE not serializing, switching to generic retpoline
[STDERR  ] 2018-09-25T17:55:36.193825423Z: [    0.089065] Spectre V2 : Mitigation: Full generic retpoline
[STDERR  ] 2018-09-25T17:55:36.193844915Z: [    0.089554] Spectre V2 : Spectre v2 / SpectreRSB mitigation: Filling RSB on context switch
[STDERR  ] 2018-09-25T17:55:36.193864337Z: [    0.090117] Speculative Store Bypass: Vulnerable
[STDERR  ] 2018-09-25T17:55:36.193888714Z: [    0.256428] random: fast init done
[STDERR  ] 2018-09-25T17:55:36.193908169Z: [    0.409638] Freeing SMP alternatives memory: 20K
[STDERR  ] 2018-09-25T17:55:36.193933712Z: [    0.432557] smpboot: Max logical packages: 1
[STDERR  ] 2018-09-25T17:55:36.193953458Z: [    0.439000] ..TIMER: vector=0x30 apic1=0 pin1=2 apic2=-1 pin2=-1
[STDERR  ] 2018-09-25T17:55:36.193972886Z: [    0.450000] smpboot: CPU0: AMD QEMU Virtual CPU version 2.5+ (family: 0x6, model: 0x6, stepping: 0x3)
[STDERR  ] 2018-09-25T17:55:36.193992799Z: [    0.457336] Performance Events: PMU not available due to virtualization, using software events only.
[STDERR  ] 2018-09-25T17:55:36.194012814Z: [    0.461226] Hierarchical SRCU implementation.
[STDERR  ] 2018-09-25T17:55:36.194032307Z: [    0.467161] NMI watchdog: Perf event create on CPU 0 failed with -2
[STDERR  ] 2018-09-25T17:55:36.194051910Z: [    0.467807] NMI watchdog: Perf NMI watchdog permanently disabled
[STDERR  ] 2018-09-25T17:55:36.194080675Z: [    0.472654] smp: Bringing up secondary CPUs ...
[STDERR  ] 2018-09-25T17:55:36.194108894Z: [    0.473103] smp: Brought up 1 node, 1 CPU
[STDERR  ] 2018-09-25T17:55:36.194128289Z: [    0.473560] smpboot: Total of 1 processors activated (5200.07 BogoMIPS)
[STDERR  ] 2018-09-25T17:55:36.194147780Z: [    0.492610] devtmpfs: initialized
[STDERR  ] 2018-09-25T17:55:36.194167898Z: [    0.498721] x86/mm: Memory block size: 128MB
[STDERR  ] 2018-09-25T17:55:36.194187129Z: [    0.508248] evm: security.ima
[STDERR  ] 2018-09-25T17:55:36.194206946Z: [    0.508607] evm: security.capability
[STDERR  ] 2018-09-25T17:55:36.194226358Z: [    0.512771] clocksource: jiffies: mask: 0xffffffff max_cycles: 0xffffffff, max_idle_ns: 1911260446275000 ns
[STDERR  ] 2018-09-25T17:55:36.194259201Z: [    0.513199] futex hash table entries: 256 (order: 2, 16384 bytes)
[STDERR  ] 2018-09-25T17:55:36.194283829Z: [    0.526592] NET: Registered protocol family 16
[STDERR  ] 2018-09-25T17:55:36.194302894Z: [    0.534614] cpuidle: using governor ladder
[STDERR  ] 2018-09-25T17:55:36.194321868Z: [    0.535171] cpuidle: using governor menu
[STDERR  ] 2018-09-25T17:55:36.194345275Z: [    0.537185] ACPI: bus type PCI registered
[STDERR  ] 2018-09-25T17:55:36.194364330Z: [    0.540360] PCI: MMCONFIG for domain 0000 [bus 00-ff] at [mem 0xb0000000-0xbfffffff] (base 0xb0000000)
[STDERR  ] 2018-09-25T17:55:36.194393308Z: [    0.541342] PCI: MMCONFIG at [mem 0xb0000000-0xbfffffff] reserved in E820
[STDERR  ] 2018-09-25T17:55:36.194423641Z: [    0.542776] PCI: Using configuration type 1 for base access
[STDERR  ] 2018-09-25T17:55:36.194458345Z: [    0.614173] HugeTLB registered 2.00 MiB page size, pre-allocated 0 pages
[STDERR  ] 2018-09-25T17:55:36.194478521Z: [    0.626265] ACPI: Added _OSI(Module Device)
[STDERR  ] 2018-09-25T17:55:36.194497966Z: [    0.626697] ACPI: Added _OSI(Processor Device)
[STDERR  ] 2018-09-25T17:55:36.194517350Z: [    0.627038] ACPI: Added _OSI(3.0 _SCP Extensions)
[STDERR  ] 2018-09-25T17:55:36.194536791Z: [    0.627417] ACPI: Added _OSI(Processor Aggregator Device)
[STDERR  ] 2018-09-25T17:55:36.194569648Z: [    0.717465] ACPI: Interpreter enabled
[STDERR  ] 2018-09-25T17:55:36.194661755Z: [    0.718621] ACPI: (supports S0 S5)
[STDERR  ] 2018-09-25T17:55:36.194681594Z: [    0.719112] ACPI: Using IOAPIC for interrupt routing
[STDERR  ] 2018-09-25T17:55:36.194701049Z: [    0.721569] PCI: Using host bridge windows from ACPI; if necessary, use "pci=nocrs" and report a bug
[STDERR  ] 2018-09-25T17:55:36.194720632Z: [    0.727000] ACPI: Enabled 2 GPEs in block 00 to 3F
[STDERR  ] 2018-09-25T17:55:36.194739822Z: [    0.814110] ACPI: PCI Root Bridge [PCI0] (domain 0000 [bus 00-ff])
[STDERR  ] 2018-09-25T17:55:36.194759140Z: [    0.815396] acpi PNP0A08:00: _OSC: OS supports [ExtendedConfig ASPM ClockPM Segments MSI]
[STDERR  ] 2018-09-25T17:55:36.194778333Z: [    0.821492] acpi PNP0A08:00: _OSC: OS now controls [PCIeHotplug PME PCIeCapability]
[STDERR  ] 2018-09-25T17:55:36.194798074Z: [    0.826198] PCI host bridge to bus 0000:00
[STDERR  ] 2018-09-25T17:55:36.194824142Z: [    0.827363] pci_bus 0000:00: root bus resource [io  0x0000-0x0cf7 window]
[STDERR  ] 2018-09-25T17:55:36.194846238Z: [    0.828117] pci_bus 0000:00: root bus resource [io  0x0d00-0xffff window]
[STDERR  ] 2018-09-25T17:55:36.194865353Z: [    0.829044] pci_bus 0000:00: root bus resource [mem 0x000a0000-0x000bffff window]
[STDERR  ] 2018-09-25T17:55:36.194884686Z: [    0.829801] pci_bus 0000:00: root bus resource [mem 0xc0000000-0xfebfffff window]
[STDERR  ] 2018-09-25T17:55:36.194919342Z: [    0.830221] pci_bus 0000:00: root bus resource [bus 00-ff]
[STDERR  ] 2018-09-25T17:55:36.194948672Z: [    0.897598] pci 0000:00:1f.0: quirk: [io  0x0600-0x067f] claimed by ICH6 ACPI/GPIO/TCO
[STDERR  ] 2018-09-25T17:55:36.194968359Z: [    0.947749] ACPI: PCI Interrupt Link [LNKA] (IRQs 5 *10 11)
[STDERR  ] 2018-09-25T17:55:36.194987716Z: [    0.950465] ACPI: PCI Interrupt Link [LNKB] (IRQs 5 *10 11)
[STDERR  ] 2018-09-25T17:55:36.195010983Z: [    0.952786] ACPI: PCI Interrupt Link [LNKC] (IRQs 5 10 *11)
[STDERR  ] 2018-09-25T17:55:36.195030486Z: [    0.955257] ACPI: PCI Interrupt Link [LNKD] (IRQs 5 10 *11)
[STDERR  ] 2018-09-25T17:55:36.195054150Z: [    0.957536] ACPI: PCI Interrupt Link [LNKE] (IRQs 5 *10 11)
[STDERR  ] 2018-09-25T17:55:36.195083906Z: [    0.959773] ACPI: PCI Interrupt Link [LNKF] (IRQs 5 *10 11)
[STDERR  ] 2018-09-25T17:55:36.195102972Z: [    0.962309] ACPI: PCI Interrupt Link [LNKG] (IRQs 5 10 *11)
[STDERR  ] 2018-09-25T17:55:36.195122222Z: [    0.964585] ACPI: PCI Interrupt Link [LNKH] (IRQs 5 10 *11)
[STDERR  ] 2018-09-25T17:55:36.195141411Z: [    0.965524] ACPI: PCI Interrupt Link [GSIA] (IRQs *16)
[STDERR  ] 2018-09-25T17:55:36.195222291Z: [    0.966781] ACPI: PCI Interrupt Link [GSIB] (IRQs *17)
[STDERR  ] 2018-09-25T17:55:36.195244027Z: [    0.968226] ACPI: PCI Interrupt Link [GSIC] (IRQs *18)
[STDERR  ] 2018-09-25T17:55:36.195268335Z: [    0.969342] ACPI: PCI Interrupt Link [GSID] (IRQs *19)
[STDERR  ] 2018-09-25T17:55:36.195287764Z: [    0.970340] ACPI: PCI Interrupt Link [GSIE] (IRQs *20)
[STDERR  ] 2018-09-25T17:55:36.195307077Z: [    0.971356] ACPI: PCI Interrupt Link [GSIF] (IRQs *21)
[STDERR  ] 2018-09-25T17:55:36.195326279Z: [    0.972302] ACPI: PCI Interrupt Link [GSIG] (IRQs *22)
[STDERR  ] 2018-09-25T17:55:36.195357003Z: [    0.973250] ACPI: PCI Interrupt Link [GSIH] (IRQs *23)
[STDERR  ] 2018-09-25T17:55:36.195411770Z: [    0.983561] SCSI subsystem initialized
[STDERR  ] 2018-09-25T17:55:36.195459606Z: [    0.987113] ACPI: bus type USB registered
[STDERR  ] 2018-09-25T17:55:36.195479478Z: [    0.988366] usbcore: registered new interface driver usbfs
[STDERR  ] 2018-09-25T17:55:36.195498727Z: [    0.989576] usbcore: registered new interface driver hub
[STDERR  ] 2018-09-25T17:55:36.195517995Z: [    0.990487] usbcore: registered new device driver usb
[STDERR  ] 2018-09-25T17:55:36.195541533Z: [    0.992380] pps_core: LinuxPPS API ver. 1 registered
[STDERR  ] 2018-09-25T17:55:36.195560738Z: [    0.992865] pps_core: Software ver. 5.3.6 - Copyright 2005-2007 Rodolfo Giometti <giometti@linux.it>
[STDERR  ] 2018-09-25T17:55:36.195584563Z: [    0.994083] PTP clock support registered
[STDERR  ] 2018-09-25T17:55:36.195603624Z: [    0.996838] PCI: Using ACPI for IRQ routing
[STDERR  ] 2018-09-25T17:55:36.195622778Z: [    1.019511] NetLabel: Initializing
[STDERR  ] 2018-09-25T17:55:36.195646588Z: [    1.020050] NetLabel:  domain hash size = 128
[STDERR  ] 2018-09-25T17:55:36.195665726Z: [    1.020479] NetLabel:  protocols = UNLABELED CIPSOv4 CALIPSO
[STDERR  ] 2018-09-25T17:55:36.195696536Z: [    1.023426] NetLabel:  unlabeled traffic allowed by default
[STDERR  ] 2018-09-25T17:55:36.195719904Z: [    1.025536] HPET: 3 timers in total, 0 timers will be used for per-cpu timer
[STDERR  ] 2018-09-25T17:55:36.195739824Z: [    1.026337] hpet0: at MMIO 0xfed00000, IRQs 2, 8, 0
[STDERR  ] 2018-09-25T17:55:36.195763852Z: [    1.027060] hpet0: 3 comparators, 64-bit 100.000000 MHz counter
[STDERR  ] 2018-09-25T17:55:36.195783120Z: [    1.032681] clocksource: Switched to clocksource hpet
[STDERR  ] 2018-09-25T17:55:36.195806510Z: [    1.400924] VFS: Disk quotas dquot_6.6.0
[STDERR  ] 2018-09-25T17:55:36.195829923Z: [    1.402239] VFS: Dquot-cache hash table entries: 512 (order 0, 4096 bytes)
[STDERR  ] 2018-09-25T17:55:36.195849435Z: [    1.405753] FS-Cache: Loaded
[STDERR  ] 2018-09-25T17:55:36.195868895Z: [    1.413070] CacheFiles: Loaded
[STDERR  ] 2018-09-25T17:55:36.195895543Z: [    1.414803] pnp: PnP ACPI init
[STDERR  ] 2018-09-25T17:55:36.195919352Z: [    1.429843] pnp: PnP ACPI: found 5 devices
[STDERR  ] 2018-09-25T17:55:36.195944489Z: [    1.482800] clocksource: acpi_pm: mask: 0xffffff max_cycles: 0xffffff, max_idle_ns: 2085701024 ns
[STDERR  ] 2018-09-25T17:55:36.195968237Z: [    1.486939] NET: Registered protocol family 2
[STDERR  ] 2018-09-25T17:55:36.195987785Z: [    1.496890] TCP established hash table entries: 16384 (order: 5, 131072 bytes)
[STDERR  ] 2018-09-25T17:55:36.196006820Z: [    1.499304] TCP bind hash table entries: 16384 (order: 6, 262144 bytes)
[STDERR  ] 2018-09-25T17:55:36.196030451Z: [    1.500502] TCP: Hash tables configured (established 16384 bind 16384)
[STDERR  ] 2018-09-25T17:55:36.196050413Z: [    1.503364] UDP hash table entries: 1024 (order: 3, 32768 bytes)
[STDERR  ] 2018-09-25T17:55:36.196078483Z: [    1.504378] UDP-Lite hash table entries: 1024 (order: 3, 32768 bytes)
[STDERR  ] 2018-09-25T17:55:36.196097991Z: [    1.507755] NET: Registered protocol family 1
[STDERR  ] 2018-09-25T17:55:36.196121418Z: [    1.509617] pci 0000:00:01.0: Video device with shadowed ROM at [mem 0x000c0000-0x000dffff]
[STDERR  ] 2018-09-25T17:55:36.196140856Z: [    1.518697] Trying to unpack rootfs image as initramfs...
[STDERR  ] 2018-09-25T17:55:36.196160480Z: [   43.384547] Freeing initrd memory: 256972K
[STDERR  ] 2018-09-25T17:55:36.196179568Z: [   43.421412] PCLMULQDQ-NI instructions are not detected.
[STDERR  ] 2018-09-25T17:55:36.196203372Z: [   43.423578] AVX or AES-NI instructions are not detected.
[STDERR  ] 2018-09-25T17:55:36.196222473Z: [   43.424503] CPU feature 'AVX registers' is not supported.
[STDERR  ] 2018-09-25T17:55:36.196249835Z: [   43.425235] CPU feature 'AVX registers' is not supported.
[STDERR  ] 2018-09-25T17:55:36.196268843Z: [   43.425762] CPU feature 'AVX registers' is not supported.
[STDERR  ] 2018-09-25T17:55:36.196288107Z: [   43.426596] CPU feature 'AVX registers' is not supported.
[STDERR  ] 2018-09-25T17:55:36.196316949Z: [   43.427320] AVX2 or AES-NI instructions are not detected.
[STDERR  ] 2018-09-25T17:55:36.196340928Z: [   43.427850] AVX2 instructions are not detected.
[STDERR  ] 2018-09-25T17:55:36.196360204Z: [   43.435529] audit: initializing netlink subsys (disabled)
[STDERR  ] 2018-09-25T17:55:36.196384966Z: [   43.441471] audit: type=2000 audit(1537896774.437:1): state=initialized audit_enabled=0 res=1
[STDERR  ] 2018-09-25T17:55:36.196405090Z: [   43.446728] workingset: timestamp_bits=46 max_order=19 bucket_order=0
[STDERR  ] 2018-09-25T17:55:36.196424600Z: [   43.455412] squashfs: version 4.0 (2009/01/31) Phillip Lougher
[STDERR  ] 2018-09-25T17:55:36.196444950Z: [   43.458592] FS-Cache: Netfs 'cifs' registered for caching
[STDERR  ] 2018-09-25T17:55:36.196464085Z: [   43.459869] fuse init (API version 7.26)
[STDERR  ] 2018-09-25T17:55:36.196483326Z: [   43.463370] SGI XFS with ACLs, security attributes, no debug enabled
[STDERR  ] 2018-09-25T17:55:36.196502511Z: [   43.468555] 9p: Installing v9fs 9p2000 file system support
[STDERR  ] 2018-09-25T17:55:36.196521813Z: [   43.469376] FS-Cache: Netfs '9p' registered for caching
[STDERR  ] 2018-09-25T17:55:36.196540816Z: [   43.523539] NET: Registered protocol family 38
[STDERR  ] 2018-09-25T17:55:36.196562162Z: [   43.524584] Key type asymmetric registered
[STDERR  ] 2018-09-25T17:55:36.196581494Z: [   43.525351] Asymmetric key parser 'x509' registered
[STDERR  ] 2018-09-25T17:55:36.196600631Z: [   43.526660] Block layer SCSI generic (bsg) driver version 0.4 loaded (major 247)
[STDERR  ] 2018-09-25T17:55:36.196627117Z: [   43.528818] io scheduler noop registered
[STDERR  ] 2018-09-25T17:55:36.196650596Z: [   43.529432] io scheduler deadline registered (default)
[STDERR  ] 2018-09-25T17:55:36.196674911Z: [   43.530818] io scheduler cfq registered
[STDERR  ] 2018-09-25T17:55:36.196693821Z: [   43.531442] io scheduler mq-deadline registered
[STDERR  ] 2018-09-25T17:55:36.196713094Z: [   43.531869] io scheduler kyber registered
[STDERR  ] 2018-09-25T17:55:36.196732177Z: [   43.536362] shpchp: Standard Hot Plug PCI Controller Driver version: 0.4
[STDERR  ] 2018-09-25T17:55:36.196751212Z: [   43.537476] hv_vmbus: registering driver hyperv_fb
[STDERR  ] 2018-09-25T17:55:36.196770489Z: [   43.541820] input: Power Button as /devices/LNXSYSTM:00/LNXPWRBN:00/input/input0
[STDERR  ] 2018-09-25T17:55:36.196793257Z: [   43.545952] ACPI: Power Button [PWRF]
[STDERR  ] 2018-09-25T17:55:36.196812275Z: [   43.570879] ACPI: PCI Interrupt Link [GSIG] enabled at IRQ 22
[STDERR  ] 2018-09-25T17:55:36.196835620Z: [   43.588728] ACPI: PCI Interrupt Link [GSIH] enabled at IRQ 23
[STDERR  ] 2018-09-25T17:55:36.196855475Z: [   43.597941] Serial: 8250/16550 driver, 4 ports, IRQ sharing disabled
[STDERR  ] 2018-09-25T17:55:36.196874742Z: [   43.623477] 00:04: ttyS0 at I/O 0x3f8 (irq = 4, base_baud = 115200) is a 16550A
[STDERR  ] 2018-09-25T17:55:36.196898210Z: [   43.636798] Non-volatile memory driver v1.3
[STDERR  ] 2018-09-25T17:55:36.196917603Z: [   43.645569] Hangcheck: starting hangcheck timer 0.9.1 (tick is 180 seconds, margin is 60 seconds).
[STDERR  ] 2018-09-25T17:55:36.196946588Z: [   43.652740] random: crng init done
[STDERR  ] 2018-09-25T17:55:36.196965942Z: [   43.741556] brd: module loaded
[STDERR  ] 2018-09-25T17:55:36.196986331Z: [   43.784298] loop: module loaded
[STDERR  ] 2018-09-25T17:55:36.197005490Z: [   43.860926] lpc_ich 0000:00:1f.0: I/O space for GPIO uninitialized
[STDERR  ] 2018-09-25T17:55:36.197033919Z: [   43.863997] VMware PVSCSI driver - version 1.0.7.0-k
[STDERR  ] 2018-09-25T17:55:36.197055600Z: [   43.865377] hv_vmbus: registering driver hv_storvsc
[STDERR  ] 2018-09-25T17:55:36.197081685Z: [   43.879110] ACPI: PCI Interrupt Link [GSIA] enabled at IRQ 16
[STDERR  ] 2018-09-25T17:55:36.197104674Z: [   43.887804] ahci 0000:00:1f.2: AHCI 0001.0000 32 slots 6 ports 1.5 Gbps 0x3f impl SATA mode
[STDERR  ] 2018-09-25T17:55:36.197126945Z: [   43.888965] ahci 0000:00:1f.2: flags: 64bit ncq only 
[STDERR  ] 2018-09-25T17:55:36.197151790Z: [   43.909758] scsi host0: ahci
[STDERR  ] 2018-09-25T17:55:36.197177075Z: [   43.914323] scsi host1: ahci
[STDERR  ] 2018-09-25T17:55:36.197196422Z: [   43.916807] scsi host2: ahci
[STDERR  ] 2018-09-25T17:55:36.197215435Z: [   43.919557] scsi host3: ahci
[STDERR  ] 2018-09-25T17:55:36.197241463Z: [   43.922309] scsi host4: ahci
[STDERR  ] 2018-09-25T17:55:36.197260420Z: [   43.924760] scsi host5: ahci
[STDERR  ] 2018-09-25T17:55:36.197279757Z: [   43.927136] ata1: SATA max UDMA/133 abar m4096@0xfebd2000 port 0xfebd2100 irq 24
[STDERR  ] 2018-09-25T17:55:36.197299049Z: [   43.928424] ata2: SATA max UDMA/133 abar m4096@0xfebd2000 port 0xfebd2180 irq 24
[STDERR  ] 2018-09-25T17:55:36.197322194Z: [   43.929509] ata3: SATA max UDMA/133 abar m4096@0xfebd2000 port 0xfebd2200 irq 24
[STDERR  ] 2018-09-25T17:55:36.197347526Z: [   43.930623] ata4: SATA max UDMA/133 abar m4096@0xfebd2000 port 0xfebd2280 irq 24
[STDERR  ] 2018-09-25T17:55:36.197366768Z: [   43.931544] ata5: SATA max UDMA/133 abar m4096@0xfebd2000 port 0xfebd2300 irq 24
[STDERR  ] 2018-09-25T17:55:36.197385990Z: [   43.932529] ata6: SATA max UDMA/133 abar m4096@0xfebd2000 port 0xfebd2380 irq 24
[STDERR  ] 2018-09-25T17:55:36.197411485Z: [   43.951992] tun: Universal TUN/TAP device driver, 1.6
[STDERR  ] 2018-09-25T17:55:36.197432633Z: [   43.966480] VMware vmxnet3 virtual NIC driver - version 1.4.a.0-k-NAPI
[STDERR  ] 2018-09-25T17:55:36.197461733Z: [   43.967974] hv_vmbus: registering driver hv_netvsc
[STDERR  ] 2018-09-25T17:55:36.197485628Z: [   43.968977] Fusion MPT base driver 3.04.20
[STDERR  ] 2018-09-25T17:55:36.197509207Z: [   43.969733] Copyright (c) 1999-2008 LSI Corporation
[STDERR  ] 2018-09-25T17:55:36.197533268Z: [   43.970694] Fusion MPT SPI Host driver 3.04.20
[STDERR  ] 2018-09-25T17:55:36.197557140Z: [   43.973711] i8042: PNP: PS/2 Controller [PNP0303:KBD,PNP0f13:MOU] at 0x60,0x64 irq 1,12
[STDERR  ] 2018-09-25T17:55:36.197576862Z: [   43.980332] serio: i8042 KBD port at 0x60,0x64 irq 1
[STDERR  ] 2018-09-25T17:55:36.197600359Z: [   43.981432] serio: i8042 AUX port at 0x60,0x64 irq 12
[STDERR  ] 2018-09-25T17:55:36.197619786Z: [   43.985050] hv_vmbus: registering driver hyperv_keyboard
[STDERR  ] 2018-09-25T17:55:36.197643612Z: [   43.988580] mousedev: PS/2 mouse device common for all mice
[STDERR  ] 2018-09-25T17:55:36.197662625Z: [   43.995674] input: PC Speaker as /devices/platform/pcspkr/input/input2
[STDERR  ] 2018-09-25T17:55:36.197687006Z: [   43.998476] input: AT Translated Set 2 keyboard as /devices/platform/i8042/serio0/input/input1
[STDERR  ] 2018-09-25T17:55:36.197706395Z: [   44.003691] rtc_cmos 00:00: RTC can wake from S4
[STDERR  ] 2018-09-25T17:55:36.197725429Z: [   44.009530] rtc_cmos 00:00: rtc core: registered rtc_cmos as rtc0
[STDERR  ] 2018-09-25T17:55:36.197745211Z: [   44.011384] rtc_cmos 00:00: alarms up to one day, y3k, 114 bytes nvram, hpet irqs
[STDERR  ] 2018-09-25T17:55:36.197764499Z: [   44.012558] i2c /dev entries driver
[STDERR  ] 2018-09-25T17:55:36.197797120Z: [   44.015537] device-mapper: ioctl: 4.37.0-ioctl (2017-09-20) initialised: dm-devel@redhat.com
[STDERR  ] 2018-09-25T17:55:36.197818196Z: [   44.022722] usbcore: registered new interface driver usbhid
[STDERR  ] 2018-09-25T17:55:36.197855534Z: [   44.023536] usbhid: USB HID core driver
[STDERR  ] 2018-09-25T17:55:36.197879790Z: [   44.024629] hv_utils: Registering HyperV Utility Driver
[STDERR  ] 2018-09-25T17:55:36.197899472Z: [   44.025328] hv_vmbus: registering driver hv_util
[STDERR  ] 2018-09-25T17:55:36.197918599Z: [   44.025768] hv_vmbus: registering driver hv_balloon
[STDERR  ] 2018-09-25T17:55:36.197947196Z: [   44.026856] oprofile: using NMI interrupt.
[STDERR  ] 2018-09-25T17:55:36.197966640Z: [   44.028520] GACT probability on
[STDERR  ] 2018-09-25T17:55:36.197990600Z: [   44.028975] Mirror/redirect action on
[STDERR  ] 2018-09-25T17:55:36.198009906Z: [   44.029797] Simple TC action Loaded
[STDERR  ] 2018-09-25T17:55:36.198029085Z: [   44.030594] u32 classifier
[STDERR  ] 2018-09-25T17:55:36.198048515Z: [   44.030841]     Performance counters on
[STDERR  ] 2018-09-25T17:55:36.198078796Z: [   44.031436]     input device check on
[STDERR  ] 2018-09-25T17:55:36.198098161Z: [   44.031792]     Actions configured
[STDERR  ] 2018-09-25T17:55:36.198121493Z: [   44.032836] Netfilter messages via NETLINK v0.30.
[STDERR  ] 2018-09-25T17:55:36.198141087Z: [   44.033831] nfnl_acct: registering with nfnetlink.
[STDERR  ] 2018-09-25T17:55:36.198160289Z: [   44.035976] nf_conntrack version 0.5.0 (16384 buckets, 65536 max)
[STDERR  ] 2018-09-25T17:55:36.198184413Z: [   44.039950] ctnetlink v0.93: registering with nfnetlink.
[STDERR  ] 2018-09-25T17:55:36.198208429Z: [   44.044867] nf_tables: (c) 2007-2009 Patrick McHardy <kaber@trash.net>
[STDERR  ] 2018-09-25T17:55:36.198227863Z: [   44.046556] nf_tables_compat: (c) 2012 Pablo Neira Ayuso <pablo@netfilter.org>
[STDERR  ] 2018-09-25T17:55:36.198251805Z: [   44.050071] xt_time: kernel timezone is -0000
[STDERR  ] 2018-09-25T17:55:36.198271135Z: [   44.051280] ip_set: protocol 6
[STDERR  ] 2018-09-25T17:55:36.198290719Z: [   44.052848] ipip: IPv4 and MPLS over IPv4 tunneling driver
[STDERR  ] 2018-09-25T17:55:36.198310034Z: [   44.059008] gre: GRE over IPv4 demultiplexor driver
[STDERR  ] 2018-09-25T17:55:36.198333231Z: [   44.063548] ip_tables: (C) 2000-2006 Netfilter Core Team
[STDERR  ] 2018-09-25T17:55:36.198352598Z: [   44.071555] arp_tables: arp_tables: (C) 2002 David S. Miller
[STDERR  ] 2018-09-25T17:55:36.198371835Z: [   44.074654] NET: Registered protocol family 10
[STDERR  ] 2018-09-25T17:55:36.198394218Z: [   44.087634] Segment Routing with IPv6
[STDERR  ] 2018-09-25T17:55:36.198428667Z: [   44.089066] ip6_tables: (C) 2000-2006 Netfilter Core Team
[STDERR  ] 2018-09-25T17:55:36.198456808Z: [   44.101597] NET: Registered protocol family 17
[STDERR  ] 2018-09-25T17:55:36.198476395Z: [   44.103132] Bridge firewalling registered
[STDERR  ] 2018-09-25T17:55:36.198507228Z: [   44.104035] 8021q: 802.1Q VLAN Support v1.8
[STDERR  ] 2018-09-25T17:55:36.198526532Z: [   44.106558] 9pnet: Installing 9P2000 support
[STDERR  ] 2018-09-25T17:55:36.198551010Z: [   44.108821] Key type dns_resolver registered
[STDERR  ] 2018-09-25T17:55:36.198570990Z: [   44.110755] sched_clock: Marking stable (44110173890, 0)->(44367563236, -257389346)
[STDERR  ] 2018-09-25T17:55:36.198590854Z: [   44.115907] registered taskstats version 1
[STDERR  ] 2018-09-25T17:55:36.198609981Z: [   44.245902] ata2: SATA link down (SStatus 0 SControl 300)
[STDERR  ] 2018-09-25T17:55:36.198629185Z: [   44.249021] ata1: SATA link up 1.5 Gbps (SStatus 113 SControl 300)
[STDERR  ] 2018-09-25T17:55:36.198648648Z: [   44.252718] ata3: SATA link up 1.5 Gbps (SStatus 113 SControl 300)
[STDERR  ] 2018-09-25T17:55:36.198683116Z: [   44.256828] ata3.00: ATAPI: QEMU DVD-ROM, 2.5+, max UDMA/100
[STDERR  ] 2018-09-25T17:55:36.198707016Z: [   44.258403] ata3.00: applying bridge limits
[STDERR  ] 2018-09-25T17:55:36.198726285Z: [   44.260680] ata5: SATA link down (SStatus 0 SControl 300)
[STDERR  ] 2018-09-25T17:55:36.198765023Z: [   44.261717] ata4: SATA link down (SStatus 0 SControl 300)
[STDERR  ] 2018-09-25T17:55:36.198784582Z: [   44.262633] ata6: SATA link down (SStatus 0 SControl 300)
[STDERR  ] 2018-09-25T17:55:36.198808076Z: [   44.266788] ata1.00: ATA-7: QEMU HARDDISK, 2.5+, max UDMA/100
[STDERR  ] 2018-09-25T17:55:36.198827430Z: [   44.267555] ata1.00: 4194304 sectors, multi 16: LBA48 NCQ (depth 31/32)
[STDERR  ] 2018-09-25T17:55:36.198846804Z: [   44.268352] ata1.00: applying bridge limits
[STDERR  ] 2018-09-25T17:55:36.198877140Z: [   44.272841] ata1.00: configured for UDMA/100
[STDERR  ] 2018-09-25T17:55:36.198897139Z: [   44.278018] ata3.00: configured for UDMA/100
[STDERR  ] 2018-09-25T17:55:36.198916508Z: [   44.299834] scsi 0:0:0:0: Direct-Access     ATA      QEMU HARDDISK    2.5+ PQ: 0 ANSI: 5
[STDERR  ] 2018-09-25T17:55:36.198946068Z: [   44.323728] sd 0:0:0:0: [sda] 4194304 512-byte logical blocks: (2.15 GB/2.00 GiB)
[STDERR  ] 2018-09-25T17:55:36.198969697Z: [   44.330814] sd 0:0:0:0: Attached scsi generic sg0 type 0
[STDERR  ] 2018-09-25T17:55:36.198989844Z: [   44.331988] sd 0:0:0:0: [sda] Write Protect is off
[STDERR  ] 2018-09-25T17:55:36.199014841Z: [   44.335618] sd 0:0:0:0: [sda] Write cache: enabled, read cache: enabled, doesn't support DPO or FUA
[STDERR  ] 2018-09-25T17:55:36.199034550Z: [   44.340861] scsi 2:0:0:0: CD-ROM            QEMU     QEMU DVD-ROM     2.5+ PQ: 0 ANSI: 5
[STDERR  ] 2018-09-25T17:55:36.199054021Z: [   44.377420] sr 2:0:0:0: [sr0] scsi3-mmc drive: 4x/4x cd/rw xa/form2 tray
[STDERR  ] 2018-09-25T17:55:36.199081971Z: [   44.378409] cdrom: Uniform CD-ROM driver Revision: 3.20
[STDERR  ] 2018-09-25T17:55:36.199101457Z: [   44.396658] sr 2:0:0:0: Attached scsi generic sg1 type 5
[STDERR  ] 2018-09-25T17:55:36.199120628Z: [   44.399463] sd 0:0:0:0: [sda] Attached SCSI disk
[STDERR  ] 2018-09-25T17:55:36.199153596Z: [   44.448588] tsc: Refined TSC clocksource calibration: 2599.928 MHz
[STDERR  ] 2018-09-25T17:55:36.199193558Z: [   44.449491] clocksource: tsc: mask: 0xffffffffffffffff max_cycles: 0x2579f84d3ab, max_idle_ns: 440795332120 ns
[STDERR  ] 2018-09-25T17:55:36.199216164Z: [   44.574442] Key type big_key registered
[STDERR  ] 2018-09-25T17:55:36.199235765Z: [   44.706576] Key type trusted registered
[STDERR  ] 2018-09-25T17:55:36.199254785Z: [   44.836001] Key type encrypted registered
[STDERR  ] 2018-09-25T17:55:36.199278819Z: [   44.837401] ima: No TPM chip found, activating TPM-bypass! (rc=-19)
[STDERR  ] 2018-09-25T17:55:36.199312453Z: [   44.838631] ima: Allocated hash algorithm: sha256
[STDERR  ] 2018-09-25T17:55:36.199331774Z: [   44.843554] evm: HMAC attrs: 0x1
[STDERR  ] 2018-09-25T17:55:36.199352355Z: [   44.851094] rtc_cmos 00:00: setting system clock to 2018-09-25 17:32:57 UTC (1537896777)
[STDERR  ] 2018-09-25T17:55:36.199383752Z: [   45.048622] Freeing unused kernel memory: 1512K
[STDERR  ] 2018-09-25T17:55:36.199416943Z: [   45.051954] Write protecting the kernel read-only data: 18432k
[STDERR  ] 2018-09-25T17:55:36.199437836Z: [   45.072808] Freeing unused kernel memory: 2024K
[STDERR  ] 2018-09-25T17:55:36.199457288Z: [   45.158791] Freeing unused kernel memory: 1132K
[STDERR  ] 2018-09-25T17:55:36.199476422Z: [   45.460827] clocksource: Switched to clocksource tsc
[STDERR  ] 2018-09-25T17:55:36.199500006Z: 
[STDERR  ] 2018-09-25T17:55:36.199520362Z: Welcome to LinuxKit
[STDERR  ] 2018-09-25T17:55:36.199540390Z: 
[STDERR  ] 2018-09-25T17:55:36.199575325Z:                         ##         .
[STDERR  ] 2018-09-25T17:55:36.199595214Z:                   ## ## ##        ==
[STDERR  ] 2018-09-25T17:55:36.199614453Z:                ## ## ## ## ##    ===
[STDERR  ] 2018-09-25T17:55:36.199633793Z:            /"""""""""""""""""\___/ ===
[STDERR  ] 2018-09-25T17:55:36.199652942Z:           {                       /  ===-
[STDERR  ] 2018-09-25T17:55:36.199672278Z:            \______ O           __/
[STDERR  ] 2018-09-25T17:55:36.199691203Z:              \    \         __/
[STDERR  ] 2018-09-25T17:55:36.199710252Z:               \____\_______/
[STDERR  ] 2018-09-25T17:55:36.199733369Z: 
[STDERR  ] 2018-09-25T17:55:36.199753138Z: [  202.685510] 8021q: adding VLAN 0 to HW filter on device eth0
[STDERR  ] 2018-09-25T17:55:36.199772339Z: eth0: waiting for carrier
[STDERR  ] 2018-09-25T17:55:36.199797330Z: eth0: carrier acquired
[STDERR  ] 2018-09-25T17:55:36.199816789Z: DUID 00:04:87:1a:74:93:ba:04:43:95:9d:94:96:cb:8b:50:d8:37
[STDERR  ] 2018-09-25T17:55:36.199836096Z: eth0: IAID 5a:7e:a8:5a
[STDERR  ] 2018-09-25T17:55:36.199859246Z: eth0: adding address fe80::ae39:2b52:59d0:5c59
[STDERR  ] 2018-09-25T17:55:36.199878726Z: eth0: soliciting an IPv6 router
[STDERR  ] 2018-09-25T17:55:36.199897515Z: eth0: soliciting a DHCP lease
[STDERR  ] 2018-09-25T17:55:36.199920694Z: eth0: offered 10.0.2.15 from 10.0.2.2
[STDERR  ] 2018-09-25T17:55:36.199945219Z: eth0: leased 10.0.2.15 for 86400 seconds
[STDERR  ] 2018-09-25T17:55:36.199969423Z: eth0: adding route to 10.0.2.0/24
[STDERR  ] 2018-09-25T17:55:36.199988423Z: eth0: adding default route via 10.0.2.2
[STDERR  ] 2018-09-25T17:55:36.200007422Z: exiting due to oneshot
[STDERR  ] 2018-09-25T17:55:36.200026762Z: dhcpcd exited
[STDERR  ] 2018-09-25T17:55:36.200055574Z: [  208.776696]  sda:
[STDERR  ] 2018-09-25T17:55:36.200084303Z: [  208.913778]  sda:
[STDERR  ] 2018-09-25T17:55:36.200109256Z: [  209.293249]  sda: sda1
[STDERR  ] 2018-09-25T17:55:36.200128141Z: [  209.436872]  sda: sda1
[STDERR  ] 2018-09-25T17:55:36.200147858Z: 2018/09/25 17:35:39 Creating partition on /dev/sda
[STDERR  ] 2018-09-25T17:55:36.200167075Z: 2018/09/25 17:35:44 Partition /dev/sda1 successfully created!
[STDERR  ] 2018-09-25T17:55:36.200201574Z: [  216.470112] EXT4-fs (sda1): mounted filesystem with ordered data mode. Opts: (null)
[STDERR  ] 2018-09-25T17:55:36.200225389Z: [  833.283393] XFS (loop0): Mounting V5 Filesystem
[STDERR  ] 2018-09-25T17:55:36.200244772Z: [  833.340947] XFS (loop0): Ending clean mount
[STDERR  ] 2018-09-25T17:55:36.200264307Z: [  833.570630] XFS (loop0): Unmounting Filesystem
[STDERR  ] 2018-09-25T17:55:36.200283689Z: [  898.051116] raid6: sse2x1   gen()   289 MB/s
[STDERR  ] 2018-09-25T17:55:36.200308364Z: [  898.070379] raid6: sse2x1   xor()   130 MB/s
[STDERR  ] 2018-09-25T17:55:36.200337713Z: [  898.087384] raid6: sse2x2   gen()   214 MB/s
[STDERR  ] 2018-09-25T17:55:36.200356853Z: [  898.104376] raid6: sse2x2   xor()   152 MB/s
[STDERR  ] 2018-09-25T17:55:36.200389348Z: [  898.121249] raid6: sse2x4   gen()   257 MB/s
[STDERR  ] 2018-09-25T17:55:36.200408839Z: [  898.138206] raid6: sse2x4   xor()   150 MB/s
[STDERR  ] 2018-09-25T17:55:36.200428913Z: [  898.138809] raid6: using algorithm sse2x1 gen() 289 MB/s
[STDERR  ] 2018-09-25T17:55:36.200448406Z: [  898.139516] raid6: .... xor() 130 MB/s, rmw enabled
[STDERR  ] 2018-09-25T17:55:36.200471694Z: [  898.140216] raid6: using intx1 recovery algorithm
[STDERR  ] 2018-09-25T17:55:36.200497784Z: [  898.303682] xor: measuring software checksum speed
[STDERR  ] 2018-09-25T17:55:36.200521318Z: [  898.314304]    prefetch64-sse:   520.000 MB/sec
[STDERR  ] 2018-09-25T17:55:36.200540609Z: [  898.324197]    generic_sse:   528.000 MB/sec
[STDERR  ] 2018-09-25T17:55:36.200564316Z: [  898.324731] xor: using function: generic_sse (528.000 MB/sec)
[STDERR  ] 2018-09-25T17:55:36.200583757Z: [  898.761789] Btrfs loaded, crc32c=crc32c-generic
[STDERR  ] 2018-09-25T17:55:36.200602926Z: [  898.785988] BTRFS: device fsid 6d80a4d1-4793-480e-b525-9d142e688aa7 devid 1 transid 5 /dev/loop0
[STDERR  ] 2018-09-25T17:55:36.200638523Z: [  898.842942] BTRFS info (device loop0): disk space caching is enabled
[STDERR  ] 2018-09-25T17:55:36.200657825Z: [  898.844341] BTRFS info (device loop0): has skinny extents
[STDERR  ] 2018-09-25T17:55:36.200678015Z: [  898.844919] BTRFS info (device loop0): flagging fs with big metadata feature
[STDERR  ] 2018-09-25T17:55:36.200704191Z: [  898.941033] BTRFS info (device loop0): checking UUID tree
[STDERR  ] 2018-09-25T17:55:36.200728714Z: [  901.168473] BTRFS: device fsid 3b0cb7e0-b5ae-4d5a-9192-a553f042de41 devid 1 transid 5 /dev/loop0
[STDERR  ] 2018-09-25T17:55:36.200748631Z: [  901.326787] BTRFS info (device loop0): disk space caching is enabled
[STDERR  ] 2018-09-25T17:55:36.200768143Z: [  901.327620] BTRFS info (device loop0): has skinny extents
[STDERR  ] 2018-09-25T17:55:36.200788119Z: [  901.328033] BTRFS info (device loop0): flagging fs with big metadata feature
[STDERR  ] 2018-09-25T17:55:36.200807518Z: [  901.391840] BTRFS info (device loop0): checking UUID tree
[STDERR  ] 2018-09-25T17:55:36.200826711Z: [ 1041.501806] BTRFS: device fsid 01be48e6-f185-461d-abc0-40d5c40add23 devid 1 transid 5 /dev/loop0
[STDERR  ] 2018-09-25T17:55:36.200846189Z: [ 1041.649554] BTRFS info (device loop0): disk space caching is enabled
[STDERR  ] 2018-09-25T17:55:36.200865724Z: [ 1041.650586] BTRFS info (device loop0): has skinny extents
[STDERR  ] 2018-09-25T17:55:36.200885370Z: [ 1041.651253] BTRFS info (device loop0): flagging fs with big metadata feature
[STDERR  ] 2018-09-25T17:55:36.200904976Z: [ 1041.715770] BTRFS info (device loop0): checking UUID tree
[STDERR  ] 2018-09-25T17:55:36.200930419Z: [ 1042.814329] BTRFS: device fsid 705cded2-41bc-4043-a53b-9c9dc4283f30 devid 1 transid 5 /dev/loop0
[STDERR  ] 2018-09-25T17:55:36.200959779Z: [ 1042.970837] BTRFS info (device loop0): disk space caching is enabled
[STDERR  ] 2018-09-25T17:55:36.200988254Z: [ 1042.971834] BTRFS info (device loop0): has skinny extents
[STDERR  ] 2018-09-25T17:55:36.201022066Z: [ 1042.972536] BTRFS info (device loop0): flagging fs with big metadata feature
[STDERR  ] 2018-09-25T17:55:36.201041386Z: [ 1043.036480] BTRFS info (device loop0): checking UUID tree
[STDERR  ] 2018-09-25T17:55:36.201064706Z: [ 1044.312601] BTRFS: device fsid 883eaf7c-8388-4df9-948d-8a4cd9bb99f9 devid 1 transid 5 /dev/loop0
[STDERR  ] 2018-09-25T17:55:36.201091175Z: [ 1044.478618] BTRFS info (device loop0): disk space caching is enabled
[STDERR  ] 2018-09-25T17:55:36.201110573Z: [ 1044.479632] BTRFS info (device loop0): has skinny extents
[STDERR  ] 2018-09-25T17:55:36.201130019Z: [ 1044.480407] BTRFS info (device loop0): flagging fs with big metadata feature
[STDERR  ] 2018-09-25T17:55:36.201158162Z: [ 1044.547999] BTRFS info (device loop0): checking UUID tree
[STDERR  ] 2018-09-25T17:55:36.201182330Z: [ 1046.087886] BTRFS: device fsid 42993108-7872-4e8a-82d1-2f64feedaf3a devid 1 transid 5 /dev/loop0
[STDERR  ] 2018-09-25T17:55:36.201211661Z: [ 1046.247865] BTRFS info (device loop0): disk space caching is enabled
[STDERR  ] 2018-09-25T17:55:36.201235832Z: [ 1046.248857] BTRFS info (device loop0): has skinny extents
[STDERR  ] 2018-09-25T17:55:36.201255409Z: [ 1046.249741] BTRFS info (device loop0): flagging fs with big metadata feature
[STDERR  ] 2018-09-25T17:55:36.201274764Z: [ 1046.310562] BTRFS info (device loop0): checking UUID tree
[STDERR  ] 2018-09-25T17:55:36.201304683Z: [ 1047.790308] BTRFS: device fsid e04976f9-d149-4476-bf38-d9a1ab30a969 devid 1 transid 5 /dev/loop0
[STDERR  ] 2018-09-25T17:55:36.201328856Z: [ 1047.935101] BTRFS info (device loop0): disk space caching is enabled
[STDERR  ] 2018-09-25T17:55:36.201352710Z: [ 1047.936043] BTRFS info (device loop0): has skinny extents
[STDERR  ] 2018-09-25T17:55:36.201372512Z: [ 1047.936941] BTRFS info (device loop0): flagging fs with big metadata feature
[STDERR  ] 2018-09-25T17:55:36.201391530Z: [ 1047.998821] BTRFS info (device loop0): checking UUID tree
[STDERR  ] 2018-09-25T17:55:36.201411162Z: [ 1048.939006] BTRFS: device fsid 4b950ac9-6e90-4a31-9fb9-07f5afe2f18d devid 1 transid 5 /dev/loop0
[STDERR  ] 2018-09-25T17:55:36.201436306Z: [ 1049.085463] BTRFS info (device loop0): disk space caching is enabled
[STDERR  ] 2018-09-25T17:55:36.201455774Z: [ 1049.086381] BTRFS info (device loop0): has skinny extents
[STDERR  ] 2018-09-25T17:55:36.201475453Z: [ 1049.086900] BTRFS info (device loop0): flagging fs with big metadata feature
[STDERR  ] 2018-09-25T17:55:36.201495462Z: [ 1049.150395] BTRFS info (device loop0): checking UUID tree
[STDERR  ] 2018-09-25T17:55:36.201514991Z: [ 1051.500468] BTRFS: device fsid 02f52ece-ca83-4829-b0af-35f07ed34c4c devid 1 transid 5 /dev/loop0
[STDERR  ] 2018-09-25T17:55:36.201538658Z: [ 1051.665549] BTRFS info (device loop0): disk space caching is enabled
[STDERR  ] 2018-09-25T17:55:36.201558417Z: [ 1051.666577] BTRFS info (device loop0): has skinny extents
[STDERR  ] 2018-09-25T17:55:36.201577975Z: [ 1051.667325] BTRFS info (device loop0): flagging fs with big metadata feature
