[INFO    ] 2017-10-04T15:55:10.657780166Z: Running Test linuxkit.kernel.config_4.9.x in /tmp/build/test/cases/020_kernel/001_config_4.9.x
[INFO    ] 2017-10-04T15:55:10.657869082Z: Running command: [/bin/sh -x /tmp/build/test/cases/020_kernel/001_config_4.9.x/test.sh]
[STDERR  ] 2017-10-04T15:55:10.668629214Z: + set -e
[STDERR  ] 2017-10-04T15:55:10.668702657Z: + . /tmp/build/test/cases/_lib/lib.sh
[STDERR  ] 2017-10-04T15:55:10.668712855Z: + [ -f src/github.com/linuxkit/rtf/lib/lib.sh ]
[STDERR  ] 2017-10-04T15:55:10.66872167Z: + LINUXKIT_TMPDIR=/tmp/build/test/cases/_tmp
[STDERR  ] 2017-10-04T15:55:10.668728841Z: + [ -f /tmp/build/test/cases/_tmp/env.sh ]
[STDERR  ] 2017-10-04T15:55:10.668735492Z: + . /tmp/build/test/cases/_tmp/env.sh
[STDERR  ] 2017-10-04T15:55:10.668750135Z: + export LINUXKIT_EXAMPLES_DIR=/tmp/build/test/cases/../../examples
[STDERR  ] 2017-10-04T15:55:10.668760893Z: + export LINUXKIT_BLUEPRINTS_DIR=/tmp/build/test/cases/../../blueprints
[STDERR  ] 2017-10-04T15:55:10.668771547Z: + RT_CANCEL=253
[STDERR  ] 2017-10-04T15:55:10.66877961Z: + NAME=kconfig
[STDERR  ] 2017-10-04T15:55:10.668805551Z: + trap clean_up EXIT
[STDERR  ] 2017-10-04T15:55:10.668814458Z: + moby build -format kernel+initrd -name kconfig test.yml
[STDERR  ] 2017-10-04T15:55:10.683684755Z: Extract kernel image: linuxkit/kernel:4.9.52
[STDERR  ] 2017-10-04T15:55:11.839524493Z: time="2017-10-04T15:55:11Z" level=warning msg="certificate with CN Moby CI is near expiry" 
[STDERR  ] 2017-10-04T15:55:11.839688692Z: time="2017-10-04T15:55:11Z" level=warning msg="certificate with CN Rolf Neugebauer is near expiry" 
[STDERR  ] 2017-10-04T15:55:11.863375579Z: time="2017-10-04T15:55:11Z" level=warning msg="certificate with CN Rolf Neugebauer is near expiry" 
[STDERR  ] 2017-10-04T15:55:12.448811923Z: Add init containers:
[STDERR  ] 2017-10-04T15:55:12.44887034Z: Process init image: linuxkit/init:7804129bd06218b72c298139a25698a748d253c6
[STDERR  ] 2017-10-04T15:55:13.515426975Z: time="2017-10-04T15:55:13Z" level=warning msg="certificate with CN Moby CI is near expiry" 
[STDERR  ] 2017-10-04T15:55:13.515727611Z: time="2017-10-04T15:55:13Z" level=warning msg="certificate with CN Rolf Neugebauer is near expiry" 
[STDERR  ] 2017-10-04T15:55:13.521011678Z: time="2017-10-04T15:55:13Z" level=warning msg="certificate with CN Rolf Neugebauer is near expiry" 
[STDERR  ] 2017-10-04T15:55:13.736518703Z: Process init image: linuxkit/runc:a1b564248a0d0b118c11e61db9f84ecf41dd2d2a
[STDERR  ] 2017-10-04T15:55:14.842556566Z: time="2017-10-04T15:55:14Z" level=warning msg="certificate with CN Moby CI is near expiry" 
[STDERR  ] 2017-10-04T15:55:14.842765226Z: time="2017-10-04T15:55:14Z" level=warning msg="certificate with CN Rolf Neugebauer is near expiry" 
[STDERR  ] 2017-10-04T15:55:14.846245963Z: time="2017-10-04T15:55:14Z" level=warning msg="certificate with CN Rolf Neugebauer is near expiry" 
[STDERR  ] 2017-10-04T15:55:15.069080575Z: Add onboot containers:
[STDERR  ] 2017-10-04T15:55:15.069135815Z:   Create OCI config for linuxkit/test-kernel-config:d58766bb6c0def3df9e6ffc645ee11677f127faa
[STDERR  ] 2017-10-04T15:55:16.20604214Z: time="2017-10-04T15:55:16Z" level=warning msg="certificate with CN Moby CI is near expiry" 
[STDERR  ] 2017-10-04T15:55:16.206258589Z: time="2017-10-04T15:55:16Z" level=warning msg="certificate with CN Rolf Neugebauer is near expiry" 
[STDERR  ] 2017-10-04T15:55:16.209782533Z: time="2017-10-04T15:55:16Z" level=warning msg="certificate with CN Rolf Neugebauer is near expiry" 
[STDERR  ] 2017-10-04T15:55:16.519380996Z:   Create OCI config for linuxkit/poweroff:1e9876c682c74d0602b7647c628bb0875fb13998
[STDERR  ] 2017-10-04T15:55:17.596444219Z: time="2017-10-04T15:55:17Z" level=warning msg="certificate with CN Moby CI is near expiry" 
[STDERR  ] 2017-10-04T15:55:17.596617888Z: time="2017-10-04T15:55:17Z" level=warning msg="certificate with CN Rolf Neugebauer is near expiry" 
[STDERR  ] 2017-10-04T15:55:17.597891423Z: time="2017-10-04T15:55:17Z" level=warning msg="certificate with CN Rolf Neugebauer is near expiry" 
[STDERR  ] 2017-10-04T15:55:17.758186416Z: Create outputs:
[STDERR  ] 2017-10-04T15:55:22.07104446Z:   kconfig-kernel kconfig-initrd.img kconfig-cmdline
[STDERR  ] 2017-10-04T15:55:22.118497079Z: + linuxkit run kconfig
[STDERR  ] 2017-10-04T15:55:22.137395201Z: Unable to find qemu-system-x86_64 within the $PATH. Using a container
[STDERR  ] 2017-10-04T15:56:07.531963171Z: + RESULT=[    0.000000] Linux version 4.9.52-linuxkit (root@8c8ea8e3851f) (gcc version 6.3.0 (Alpine 6.3.0) ) #1 SMP Mon Oct 2 14:33:48 UTC 2017
[STDERR  ] 2017-10-04T15:56:07.532044437Z: [    0.000000] Command line: console=ttyS0
[STDERR  ] 2017-10-04T15:56:07.532064881Z: [    0.000000] x86/fpu: Legacy x87 FPU detected.
[STDERR  ] 2017-10-04T15:56:07.532082814Z: [    0.000000] x86/fpu: Using 'eager' FPU context switches.
[STDERR  ] 2017-10-04T15:56:07.532109666Z: [    0.000000] e820: BIOS-provided physical RAM map:
[STDERR  ] 2017-10-04T15:56:07.532166898Z: [    0.000000] BIOS-e820: [mem 0x0000000000000000-0x000000000009fbff] usable
[STDERR  ] 2017-10-04T15:56:07.532190795Z: [    0.000000] BIOS-e820: [mem 0x000000000009fc00-0x000000000009ffff] reserved
[STDERR  ] 2017-10-04T15:56:07.532206705Z: [    0.000000] BIOS-e820: [mem 0x00000000000f0000-0x00000000000fffff] reserved
[STDERR  ] 2017-10-04T15:56:07.532219656Z: [    0.000000] BIOS-e820: [mem 0x0000000000100000-0x000000003ffdefff] usable
[STDERR  ] 2017-10-04T15:56:07.532232398Z: [    0.000000] BIOS-e820: [mem 0x000000003ffdf000-0x000000003fffffff] reserved
[STDERR  ] 2017-10-04T15:56:07.532245249Z: [    0.000000] BIOS-e820: [mem 0x00000000b0000000-0x00000000bfffffff] reserved
[STDERR  ] 2017-10-04T15:56:07.532257837Z: [    0.000000] BIOS-e820: [mem 0x00000000fed1c000-0x00000000fed1ffff] reserved
[STDERR  ] 2017-10-04T15:56:07.532270243Z: [    0.000000] BIOS-e820: [mem 0x00000000fffc0000-0x00000000ffffffff] reserved
[STDERR  ] 2017-10-04T15:56:07.532283667Z: [    0.000000] NX (Execute Disable) protection: active
[STDERR  ] 2017-10-04T15:56:07.532296861Z: [    0.000000] SMBIOS 2.8 present.
[STDERR  ] 2017-10-04T15:56:07.532309157Z: [    0.000000] e820: last_pfn = 0x3ffdf max_arch_pfn = 0x400000000
[STDERR  ] 2017-10-04T15:56:07.532322636Z: [    0.000000] x86/PAT: Configuration [0-7]: WB  WC  UC- UC  WB  WC  UC- WT  
[STDERR  ] 2017-10-04T15:56:07.532335227Z: [    0.000000] found SMP MP-table at [mem 0x000f6aa0-0x000f6aaf] mapped at [ffff94d0c00f6aa0]
[STDERR  ] 2017-10-04T15:56:07.532348227Z: [    0.000000] RAMDISK: [mem 0x3e81b000-0x3ffcffff]
[STDERR  ] 2017-10-04T15:56:07.532360611Z: [    0.000000] ACPI: Early table checksum verification disabled
[STDERR  ] 2017-10-04T15:56:07.532373148Z: [    0.000000] ACPI: RSDP 0x00000000000F68C0 000014 (v00 BOCHS )
[STDERR  ] 2017-10-04T15:56:07.532391067Z: [    0.000000] ACPI: RSDT 0x000000003FFE2404 000034 (v01 BOCHS  BXPCRSDT 00000001 BXPC 00000001)
[STDERR  ] 2017-10-04T15:56:07.532403612Z: [    0.000000] ACPI: FACP 0x000000003FFE22A4 000074 (v01 BOCHS  BXPCFACP 00000001 BXPC 00000001)
[STDERR  ] 2017-10-04T15:56:07.532416086Z: [    0.000000] ACPI: DSDT 0x000000003FFE0040 002264 (v01 BOCHS  BXPCDSDT 00000001 BXPC 00000001)
[STDERR  ] 2017-10-04T15:56:07.532428543Z: [    0.000000] ACPI: FACS 0x000000003FFE0000 000040
[STDERR  ] 2017-10-04T15:56:07.532451631Z: [    0.000000] ACPI: APIC 0x000000003FFE2318 000078 (v01 BOCHS  BXPCAPIC 00000001 BXPC 00000001)
[STDERR  ] 2017-10-04T15:56:07.532463681Z: [    0.000000] ACPI: HPET 0x000000003FFE2390 000038 (v01 BOCHS  BXPCHPET 00000001 BXPC 00000001)
[STDERR  ] 2017-10-04T15:56:07.532480344Z: [    0.000000] ACPI: MCFG 0x000000003FFE23C8 00003C (v01 BOCHS  BXPCMCFG 00000001 BXPC 00000001)
[STDERR  ] 2017-10-04T15:56:07.532492373Z: [    0.000000] Zone ranges:
[STDERR  ] 2017-10-04T15:56:07.532505347Z: [    0.000000]   DMA      [mem 0x0000000000001000-0x0000000000ffffff]
[STDERR  ] 2017-10-04T15:56:07.532517644Z: [    0.000000]   DMA32    [mem 0x0000000001000000-0x000000003ffdefff]
[STDERR  ] 2017-10-04T15:56:07.532529987Z: [    0.000000]   Normal   empty
[STDERR  ] 2017-10-04T15:56:07.532542488Z: [    0.000000] Movable zone start for each node
[STDERR  ] 2017-10-04T15:56:07.532558417Z: [    0.000000] Early memory node ranges
[STDERR  ] 2017-10-04T15:56:07.532570227Z: [    0.000000]   node   0: [mem 0x0000000000001000-0x000000000009efff]
[STDERR  ] 2017-10-04T15:56:07.532581948Z: [    0.000000]   node   0: [mem 0x0000000000100000-0x000000003ffdefff]
[STDERR  ] 2017-10-04T15:56:07.532593468Z: [    0.000000] Initmem setup node 0 [mem 0x0000000000001000-0x000000003ffdefff]
[STDERR  ] 2017-10-04T15:56:07.532605063Z: [    0.000000] ACPI: PM-Timer IO Port: 0x608
[STDERR  ] 2017-10-04T15:56:07.532617041Z: [    0.000000] ACPI: LAPIC_NMI (acpi_id[0xff] dfl dfl lint[0x1])
[STDERR  ] 2017-10-04T15:56:07.532628573Z: [    0.000000] IOAPIC[0]: apic_id 0, version 32, address 0xfec00000, GSI 0-23
[STDERR  ] 2017-10-04T15:56:07.532642946Z: [    0.000000] ACPI: INT_SRC_OVR (bus 0 bus_irq 0 global_irq 2 dfl dfl)
[STDERR  ] 2017-10-04T15:56:07.532654667Z: [    0.000000] ACPI: INT_SRC_OVR (bus 0 bus_irq 5 global_irq 5 high level)
[STDERR  ] 2017-10-04T15:56:07.532666125Z: [    0.000000] ACPI: INT_SRC_OVR (bus 0 bus_irq 9 global_irq 9 high level)
[STDERR  ] 2017-10-04T15:56:07.53267757Z: [    0.000000] ACPI: INT_SRC_OVR (bus 0 bus_irq 10 global_irq 10 high level)
[STDERR  ] 2017-10-04T15:56:07.532689452Z: [    0.000000] ACPI: INT_SRC_OVR (bus 0 bus_irq 11 global_irq 11 high level)
[STDERR  ] 2017-10-04T15:56:07.532700935Z: [    0.000000] Using ACPI (MADT) for SMP configuration information
[STDERR  ] 2017-10-04T15:56:07.532712442Z: [    0.000000] ACPI: HPET id: 0x8086a201 base: 0xfed00000
[STDERR  ] 2017-10-04T15:56:07.532724067Z: [    0.000000] smpboot: Allowing 1 CPUs, 0 hotplug CPUs
[STDERR  ] 2017-10-04T15:56:07.532740351Z: [    0.000000] e820: [mem 0x40000000-0xafffffff] available for PCI devices
[STDERR  ] 2017-10-04T15:56:07.532756278Z: [    0.000000] Booting paravirtualized kernel on bare hardware
[STDERR  ] 2017-10-04T15:56:07.532776034Z: [    0.000000] clocksource: refined-jiffies: mask: 0xffffffff max_cycles: 0xffffffff, max_idle_ns: 19112604462750000 ns
[STDERR  ] 2017-10-04T15:56:07.532793955Z: [    0.000000] setup_percpu: NR_CPUS:128 nr_cpumask_bits:128 nr_cpu_ids:1 nr_node_ids:1
[STDERR  ] 2017-10-04T15:56:07.532812737Z: [    0.000000] percpu: Embedded 35 pages/cpu @ffff94d0fe600000 s105240 r8192 d29928 u2097152
[STDERR  ] 2017-10-04T15:56:07.532828958Z: [    0.000000] Built 1 zonelists in Zone order, mobility grouping on.  Total pages: 257896
[STDERR  ] 2017-10-04T15:56:07.532845363Z: [    0.000000] Kernel command line: console=ttyS0
[STDERR  ] 2017-10-04T15:56:07.532863341Z: [    0.000000] PID hash table entries: 4096 (order: 3, 32768 bytes)
[STDERR  ] 2017-10-04T15:56:07.532878868Z: [    0.000000] Dentry cache hash table entries: 131072 (order: 8, 1048576 bytes)
[STDERR  ] 2017-10-04T15:56:07.532905566Z: [    0.000000] Inode-cache hash table entries: 65536 (order: 7, 524288 bytes)
[STDERR  ] 2017-10-04T15:56:07.532920149Z: [    0.000000] Memory: 989896K/1048052K available (8035K kernel code, 1367K rwdata, 2696K rodata, 1380K init, 568K bss, 58156K reserved, 0K cma-reserved)
[STDERR  ] 2017-10-04T15:56:07.532937014Z: [    0.000000] Hierarchical RCU implementation.
[STDERR  ] 2017-10-04T15:56:07.532959866Z: [    0.000000] 	Build-time adjustment of leaf fanout to 64.
[STDERR  ] 2017-10-04T15:56:07.532984126Z: [    0.000000] 	RCU restricting CPUs from NR_CPUS=128 to nr_cpu_ids=1.
[STDERR  ] 2017-10-04T15:56:07.532996394Z: [    0.000000] RCU: Adjusting geometry for rcu_fanout_leaf=64, nr_cpu_ids=1
[STDERR  ] 2017-10-04T15:56:07.533008868Z: [    0.000000] NR_IRQS:8448 nr_irqs:256 16
[STDERR  ] 2017-10-04T15:56:07.533020975Z: [    0.000000] Console: colour VGA+ 80x25
[STDERR  ] 2017-10-04T15:56:07.533032813Z: [    0.000000] console [ttyS0] enabled
[STDERR  ] 2017-10-04T15:56:07.533044601Z: [    0.000000] clocksource: hpet: mask: 0xffffffff max_cycles: 0xffffffff, max_idle_ns: 19112604467 ns
[STDERR  ] 2017-10-04T15:56:07.533061508Z: [    0.000000] tsc: Fast TSC calibration using PIT
[STDERR  ] 2017-10-04T15:56:07.533073179Z: [    0.000000] tsc: Detected 2599.935 MHz processor
[STDERR  ] 2017-10-04T15:56:07.533092058Z: [    0.032231] Calibrating delay loop (skipped), value calculated using timer frequency.. 5199.87 BogoMIPS (lpj=25999350)
[STDERR  ] 2017-10-04T15:56:07.533104741Z: [    0.033049] pid_max: default: 32768 minimum: 301
[STDERR  ] 2017-10-04T15:56:07.533116225Z: [    0.034099] ACPI: Core revision 20160831
[STDERR  ] 2017-10-04T15:56:07.53312785Z: [    0.080450] ACPI: 1 ACPI AML tables successfully acquired and loaded
[STDERR  ] 2017-10-04T15:56:07.5331404Z: [    0.085029] Security Framework initialized
[STDERR  ] 2017-10-04T15:56:07.533152244Z: [    0.085520] Yama: becoming mindful.
[STDERR  ] 2017-10-04T15:56:07.533170452Z: [    0.087636] Mount-cache hash table entries: 2048 (order: 2, 16384 bytes)
[STDERR  ] 2017-10-04T15:56:07.533183035Z: [    0.088285] Mountpoint-cache hash table entries: 2048 (order: 2, 16384 bytes)
[STDERR  ] 2017-10-04T15:56:07.533194824Z: [    0.108303] Last level iTLB entries: 4KB 0, 2MB 0, 4MB 0
[STDERR  ] 2017-10-04T15:56:07.533206569Z: [    0.108780] Last level dTLB entries: 4KB 0, 2MB 0, 4MB 0, 1GB 0
[STDERR  ] 2017-10-04T15:56:07.533218165Z: [    0.394185] Freeing SMP alternatives memory: 20K
[STDERR  ] 2017-10-04T15:56:07.533229871Z: [    0.404563] ftrace: allocating 35516 entries in 139 pages
[STDERR  ] 2017-10-04T15:56:07.533246355Z: [    0.572305] smpboot: Max logical packages: 1
[STDERR  ] 2017-10-04T15:56:07.533258244Z: [    0.579470] ..TIMER: vector=0x30 apic1=0 pin1=2 apic2=-1 pin2=-1
[STDERR  ] 2017-10-04T15:56:07.533269776Z: [    0.680000] smpboot: CPU0: AMD QEMU Virtual CPU version 2.5+ (family: 0x6, model: 0x6, stepping: 0x3)
[STDERR  ] 2017-10-04T15:56:07.533281415Z: [    0.680000] Performance Events: PMU not available due to virtualization, using software events only.
[STDERR  ] 2017-10-04T15:56:07.533293186Z: [    0.689060] NMI watchdog: disabled (cpu0): hardware events not enabled
[STDERR  ] 2017-10-04T15:56:07.533307474Z: [    0.689543] NMI watchdog: Shutting down hard lockup detector on all cpus
[STDERR  ] 2017-10-04T15:56:07.53332014Z: [    0.693353] x86: Booted up 1 node, 1 CPUs
[STDERR  ] 2017-10-04T15:56:07.533331937Z: [    0.693801] smpboot: Total of 1 processors activated (5199.87 BogoMIPS)
[STDERR  ] 2017-10-04T15:56:07.533343908Z: [    0.708999] devtmpfs: initialized
[STDERR  ] 2017-10-04T15:56:07.53335571Z: [    0.715376] x86/mm: Memory block size: 128MB
[STDERR  ] 2017-10-04T15:56:07.533367323Z: [    0.785991] clocksource: jiffies: mask: 0xffffffff max_cycles: 0xffffffff, max_idle_ns: 19112604462750000 ns
[STDERR  ] 2017-10-04T15:56:07.533382302Z: [    0.787041] futex hash table entries: 256 (order: 2, 16384 bytes)
[STDERR  ] 2017-10-04T15:56:07.533397488Z: [    0.797061] NET: Registered protocol family 16
[STDERR  ] 2017-10-04T15:56:07.533409179Z: [    0.807038] cpuidle: using governor ladder
[STDERR  ] 2017-10-04T15:56:07.533421802Z: [    0.807522] cpuidle: using governor menu
[STDERR  ] 2017-10-04T15:56:07.533433487Z: [    0.808776] ACPI: bus type PCI registered
[STDERR  ] 2017-10-04T15:56:07.533445037Z: [    0.811980] PCI: MMCONFIG for domain 0000 [bus 00-ff] at [mem 0xb0000000-0xbfffffff] (base 0xb0000000)
[STDERR  ] 2017-10-04T15:56:07.533460457Z: [    0.812761] PCI: MMCONFIG at [mem 0xb0000000-0xbfffffff] reserved in E820
[STDERR  ] 2017-10-04T15:56:07.533472228Z: [    0.814135] PCI: Using configuration type 1 for base access
[STDERR  ] 2017-10-04T15:56:07.533486367Z: [    0.866490] HugeTLB registered 2 MB page size, pre-allocated 0 pages
[STDERR  ] 2017-10-04T15:56:07.533498291Z: [    0.878045] ACPI: Added _OSI(Module Device)
[STDERR  ] 2017-10-04T15:56:07.533509971Z: [    0.878399] ACPI: Added _OSI(Processor Device)
[STDERR  ] 2017-10-04T15:56:07.533521602Z: [    0.878679] ACPI: Added _OSI(3.0 _SCP Extensions)
[STDERR  ] 2017-10-04T15:56:07.533533287Z: [    0.878969] ACPI: Added _OSI(Processor Aggregator Device)
[STDERR  ] 2017-10-04T15:56:07.533545097Z: [    0.951344] ACPI: Interpreter enabled
[STDERR  ] 2017-10-04T15:56:07.53355667Z: [    0.952305] ACPI: (supports S0 S5)
[STDERR  ] 2017-10-04T15:56:07.533568831Z: [    0.952628] ACPI: Using IOAPIC for interrupt routing
[STDERR  ] 2017-10-04T15:56:07.533588327Z: [    0.955101] PCI: Using host bridge windows from ACPI; if necessary, use "pci=nocrs" and report a bug
[STDERR  ] 2017-10-04T15:56:07.533602243Z: [    1.015886] ACPI: PCI Root Bridge [PCI0] (domain 0000 [bus 00-ff])
[STDERR  ] 2017-10-04T15:56:07.533614315Z: [    1.017102] acpi PNP0A08:00: _OSC: OS supports [ExtendedConfig ASPM ClockPM Segments MSI]
[STDERR  ] 2017-10-04T15:56:07.533626128Z: [    1.024017] acpi PNP0A08:00: _OSC: OS now controls [PCIeHotplug PME PCIeCapability]
[STDERR  ] 2017-10-04T15:56:07.533637856Z: [    1.028575] PCI host bridge to bus 0000:00
[STDERR  ] 2017-10-04T15:56:07.5336493Z: [    1.029097] pci_bus 0000:00: root bus resource [io  0x0000-0x0cf7 window]
[STDERR  ] 2017-10-04T15:56:07.53366131Z: [    1.029508] pci_bus 0000:00: root bus resource [io  0x0d00-0xffff window]
[STDERR  ] 2017-10-04T15:56:07.533674165Z: [    1.030104] pci_bus 0000:00: root bus resource [mem 0x000a0000-0x000bffff window]
[STDERR  ] 2017-10-04T15:56:07.533686316Z: [    1.030534] pci_bus 0000:00: root bus resource [mem 0xc0000000-0xfebfffff window]
[STDERR  ] 2017-10-04T15:56:07.533697959Z: [    1.031140] pci_bus 0000:00: root bus resource [bus 00-ff]
[STDERR  ] 2017-10-04T15:56:07.533709583Z: [    1.171123] pci 0000:00:1f.0: quirk: [io  0x0600-0x067f] claimed by ICH6 ACPI/GPIO/TCO
[STDERR  ] 2017-10-04T15:56:07.53372177Z: [    1.251159] ACPI: PCI Interrupt Link [LNKA] (IRQs 5 *10 11)
[STDERR  ] 2017-10-04T15:56:07.533733371Z: [    1.254117] ACPI: PCI Interrupt Link [LNKB] (IRQs 5 *10 11)
[STDERR  ] 2017-10-04T15:56:07.533745174Z: [    1.256235] ACPI: PCI Interrupt Link [LNKC] (IRQs 5 10 *11)
[STDERR  ] 2017-10-04T15:56:07.533756769Z: [    1.260322] ACPI: PCI Interrupt Link [LNKD] (IRQs 5 10 *11)
[STDERR  ] 2017-10-04T15:56:07.533768386Z: [    1.262127] ACPI: PCI Interrupt Link [LNKE] (IRQs 5 *10 11)
[STDERR  ] 2017-10-04T15:56:07.533780072Z: [    1.264240] ACPI: PCI Interrupt Link [LNKF] (IRQs 5 *10 11)
[STDERR  ] 2017-10-04T15:56:07.533791757Z: [    1.265876] ACPI: PCI Interrupt Link [LNKG] (IRQs 5 10 *11)
[STDERR  ] 2017-10-04T15:56:07.533803465Z: [    1.267545] ACPI: PCI Interrupt Link [LNKH] (IRQs 5 10 *11)
[STDERR  ] 2017-10-04T15:56:07.533819307Z: [    1.268537] ACPI: PCI Interrupt Link [GSIA] (IRQs *16)
[STDERR  ] 2017-10-04T15:56:07.533830793Z: [    1.270160] ACPI: PCI Interrupt Link [GSIB] (IRQs *17)
[STDERR  ] 2017-10-04T15:56:07.533842373Z: [    1.270906] ACPI: PCI Interrupt Link [GSIC] (IRQs *18)
[STDERR  ] 2017-10-04T15:56:07.533853743Z: [    1.271628] ACPI: PCI Interrupt Link [GSID] (IRQs *19)
[STDERR  ] 2017-10-04T15:56:07.533869804Z: [    1.272327] ACPI: PCI Interrupt Link [GSIE] (IRQs *20)
[STDERR  ] 2017-10-04T15:56:07.533881366Z: [    1.273005] ACPI: PCI Interrupt Link [GSIF] (IRQs *21)
[STDERR  ] 2017-10-04T15:56:07.533892982Z: [    1.273699] ACPI: PCI Interrupt Link [GSIG] (IRQs *22)
[STDERR  ] 2017-10-04T15:56:07.533904493Z: [    1.274418] ACPI: PCI Interrupt Link [GSIH] (IRQs *23)
[STDERR  ] 2017-10-04T15:56:07.533915987Z: [    1.278077] ACPI: Enabled 2 GPEs in block 00 to 3F
[STDERR  ] 2017-10-04T15:56:07.533930857Z: [    1.283938] SCSI subsystem initialized
[STDERR  ] 2017-10-04T15:56:07.533942752Z: [    1.285938] ACPI: bus type USB registered
[STDERR  ] 2017-10-04T15:56:07.533954428Z: [    1.287027] usbcore: registered new interface driver usbfs
[STDERR  ] 2017-10-04T15:56:07.533969091Z: [    1.287989] usbcore: registered new interface driver hub
[STDERR  ] 2017-10-04T15:56:07.533980915Z: [    1.288845] usbcore: registered new device driver usb
[STDERR  ] 2017-10-04T15:56:07.533992398Z: [    1.290260] pps_core: LinuxPPS API ver. 1 registered
[STDERR  ] 2017-10-04T15:56:07.534003944Z: [    1.290674] pps_core: Software ver. 5.3.6 - Copyright 2005-2007 Rodolfo Giometti <giometti@linux.it>
[STDERR  ] 2017-10-04T15:56:07.534015661Z: [    1.291419] PTP clock support registered
[STDERR  ] 2017-10-04T15:56:07.534027265Z: [    1.292615] wmi: Mapper loaded
[STDERR  ] 2017-10-04T15:56:07.534039299Z: [    1.293808] PCI: Using ACPI for IRQ routing
[STDERR  ] 2017-10-04T15:56:07.534055Z: [    1.313070] NetLabel: Initializing
[STDERR  ] 2017-10-04T15:56:07.5340672Z: [    1.313366] NetLabel:  domain hash size = 128
[STDERR  ] 2017-10-04T15:56:07.534085773Z: [    1.313660] NetLabel:  protocols = UNLABELED CIPSOv4
[STDERR  ] 2017-10-04T15:56:07.534097533Z: [    1.316174] NetLabel:  unlabeled traffic allowed by default
[STDERR  ] 2017-10-04T15:56:07.534109137Z: [    1.317381] HPET: 3 timers in total, 0 timers will be used for per-cpu timer
[STDERR  ] 2017-10-04T15:56:07.534120892Z: [    1.318226] hpet0: at MMIO 0xfed00000, IRQs 2, 8, 0
[STDERR  ] 2017-10-04T15:56:07.534132425Z: [    1.318800] hpet0: 3 comparators, 64-bit 100.000000 MHz counter
[STDERR  ] 2017-10-04T15:56:07.534144159Z: [    1.326837] clocksource: Switched to clocksource hpet
[STDERR  ] 2017-10-04T15:56:07.534160429Z: [    1.562074] VFS: Disk quotas dquot_6.6.0
[STDERR  ] 2017-10-04T15:56:07.53417277Z: [    1.563054] VFS: Dquot-cache hash table entries: 512 (order 0, 4096 bytes)
[STDERR  ] 2017-10-04T15:56:07.53418477Z: [    1.566654] FS-Cache: Loaded
[STDERR  ] 2017-10-04T15:56:07.534197511Z: [    1.573308] CacheFiles: Loaded
[STDERR  ] 2017-10-04T15:56:07.534209336Z: [    1.574981] pnp: PnP ACPI init
[STDERR  ] 2017-10-04T15:56:07.534226249Z: [    1.586001] pnp: PnP ACPI: found 5 devices
[STDERR  ] 2017-10-04T15:56:07.53424302Z: [    1.632160] clocksource: acpi_pm: mask: 0xffffff max_cycles: 0xffffff, max_idle_ns: 2085701024 ns
[STDERR  ] 2017-10-04T15:56:07.534255005Z: [    1.636085] NET: Registered protocol family 2
[STDERR  ] 2017-10-04T15:56:07.534266444Z: [    1.643920] TCP established hash table entries: 8192 (order: 4, 65536 bytes)
[STDERR  ] 2017-10-04T15:56:07.534278648Z: [    1.644774] TCP bind hash table entries: 8192 (order: 5, 131072 bytes)
[STDERR  ] 2017-10-04T15:56:07.534290129Z: [    1.645520] TCP: Hash tables configured (established 8192 bind 8192)
[STDERR  ] 2017-10-04T15:56:07.534301839Z: [    1.647490] UDP hash table entries: 512 (order: 2, 16384 bytes)
[STDERR  ] 2017-10-04T15:56:07.534313498Z: [    1.648066] UDP-Lite hash table entries: 512 (order: 2, 16384 bytes)
[STDERR  ] 2017-10-04T15:56:07.534326927Z: [    1.650778] NET: Registered protocol family 1
[STDERR  ] 2017-10-04T15:56:07.53433865Z: [    1.651827] pci 0000:00:01.0: Video device with shadowed ROM at [mem 0x000c0000-0x000dffff]
[STDERR  ] 2017-10-04T15:56:07.534350472Z: [    1.658889] Unpacking initramfs...
[STDERR  ] 2017-10-04T15:56:07.534362074Z: [    5.224739] Freeing initrd memory: 24276K
[STDERR  ] 2017-10-04T15:56:07.534373744Z: [    5.251027] PCLMULQDQ-NI instructions are not detected.
[STDERR  ] 2017-10-04T15:56:07.534385549Z: [    5.252500] AVX or AES-NI instructions are not detected.
[STDERR  ] 2017-10-04T15:56:07.534397189Z: [    5.253014] CPU feature 'AVX registers' is not supported.
[STDERR  ] 2017-10-04T15:56:07.53441064Z: [    5.253384] CPU feature 'AVX registers' is not supported.
[STDERR  ] 2017-10-04T15:56:07.53442241Z: [    5.253790] CPU feature 'AVX registers' is not supported.
[STDERR  ] 2017-10-04T15:56:07.534434078Z: [    5.254176] CPU feature 'AVX registers' is not supported.
[STDERR  ] 2017-10-04T15:56:07.534450127Z: [    5.254579] AVX2 or AES-NI instructions are not detected.
[STDERR  ] 2017-10-04T15:56:07.534462014Z: [    5.254972] AVX2 instructions are not detected.
[STDERR  ] 2017-10-04T15:56:07.534473694Z: [    5.262013] audit: initializing netlink subsys (disabled)
[STDERR  ] 2017-10-04T15:56:07.534485362Z: [    5.263688] audit: type=2000 audit(1507132528.260:1): initialized
[STDERR  ] 2017-10-04T15:56:07.534496906Z: [    5.270994] workingset: timestamp_bits=46 max_order=18 bucket_order=0
[STDERR  ] 2017-10-04T15:56:07.534509239Z: [    5.277712] FS-Cache: Netfs 'cifs' registered for caching
[STDERR  ] 2017-10-04T15:56:07.534520897Z: [    5.278765] fuse init (API version 7.26)
[STDERR  ] 2017-10-04T15:56:07.534532517Z: [    5.282570] SGI XFS with ACLs, security attributes, no debug enabled
[STDERR  ] 2017-10-04T15:56:07.534544053Z: [    5.289510] 9p: Installing v9fs 9p2000 file system support
[STDERR  ] 2017-10-04T15:56:07.534558208Z: [    5.290256] FS-Cache: Netfs '9p' registered for caching
[STDERR  ] 2017-10-04T15:56:07.534569734Z: [    5.318769] NET: Registered protocol family 38
[STDERR  ] 2017-10-04T15:56:07.534581319Z: [    5.319398] Key type asymmetric registered
[STDERR  ] 2017-10-04T15:56:07.53459276Z: [    5.319794] Asymmetric key parser 'x509' registered
[STDERR  ] 2017-10-04T15:56:07.534604293Z: [    5.322053] Block layer SCSI generic (bsg) driver version 0.4 loaded (major 251)
[STDERR  ] 2017-10-04T15:56:07.534616067Z: [    5.323608] io scheduler noop registered
[STDERR  ] 2017-10-04T15:56:07.53462752Z: [    5.323920] io scheduler deadline registered (default)
[STDERR  ] 2017-10-04T15:56:07.534639003Z: [    5.324774] io scheduler cfq registered
[STDERR  ] 2017-10-04T15:56:07.534650593Z: [    5.327383] pci_hotplug: PCI Hot Plug PCI Core version: 0.5
[STDERR  ] 2017-10-04T15:56:07.534662198Z: [    5.328001] pciehp: PCI Express Hot Plug Controller Driver version: 0.4
[STDERR  ] 2017-10-04T15:56:07.534673915Z: [    5.328839] shpchp: Standard Hot Plug PCI Controller Driver version: 0.4
[STDERR  ] 2017-10-04T15:56:07.534685715Z: [    5.329704] hv_vmbus: registering driver hyperv_fb
[STDERR  ] 2017-10-04T15:56:07.534697345Z: [    5.333764] input: Power Button as /devices/LNXSYSTM:00/LNXPWRBN:00/input/input0
[STDERR  ] 2017-10-04T15:56:07.534709261Z: [    5.334866] ACPI: Power Button [PWRF]
[STDERR  ] 2017-10-04T15:56:07.534720679Z: [    5.339455] GHES: HEST is not enabled!
[STDERR  ] 2017-10-04T15:56:07.534732123Z: [    5.351826] ACPI: PCI Interrupt Link [GSIG] enabled at IRQ 22
[STDERR  ] 2017-10-04T15:56:07.534749321Z: [    5.364815] ACPI: PCI Interrupt Link [GSIH] enabled at IRQ 23
[STDERR  ] 2017-10-04T15:56:07.534760997Z: [    5.371012] xenfs: not registering filesystem on non-xen platform
[STDERR  ] 2017-10-04T15:56:07.534772586Z: [    5.373230] Serial: 8250/16550 driver, 4 ports, IRQ sharing disabled
[STDERR  ] 2017-10-04T15:56:07.534785509Z: [    5.398004] 00:04: ttyS0 at I/O 0x3f8 (irq = 4, base_baud = 115200) is a 16550A
[STDERR  ] 2017-10-04T15:56:07.534797057Z: [    5.409892] Non-volatile memory driver v1.3
[STDERR  ] 2017-10-04T15:56:07.53480865Z: [    5.416554] Hangcheck: starting hangcheck timer 0.9.1 (tick is 180 seconds, margin is 60 seconds).
[STDERR  ] 2017-10-04T15:56:07.534820356Z: [    5.454222] loop: module loaded
[STDERR  ] 2017-10-04T15:56:07.534833572Z: [    5.468979] nbd: registered device at major 43
[STDERR  ] 2017-10-04T15:56:07.534849682Z: [    5.508291] lpc_ich 0000:00:1f.0: I/O space for GPIO uninitialized
[STDERR  ] 2017-10-04T15:56:07.534864994Z: [    5.510952] VMware PVSCSI driver - version 1.0.7.0-k
[STDERR  ] 2017-10-04T15:56:07.534876567Z: [    5.511820] hv_vmbus: registering driver hv_storvsc
[STDERR  ] 2017-10-04T15:56:07.534888188Z: [    5.522138] ACPI: PCI Interrupt Link [GSIA] enabled at IRQ 16
[STDERR  ] 2017-10-04T15:56:07.534899579Z: [    5.528618] ahci 0000:00:1f.2: AHCI 0001.0000 32 slots 6 ports 1.5 Gbps 0x3f impl SATA mode
[STDERR  ] 2017-10-04T15:56:07.534911327Z: [    5.529444] ahci 0000:00:1f.2: flags: 64bit ncq only 
[STDERR  ] 2017-10-04T15:56:07.534926486Z: [    5.548968] scsi host0: ahci
[STDERR  ] 2017-10-04T15:56:07.534938044Z: [    5.554391] scsi host1: ahci
[STDERR  ] 2017-10-04T15:56:07.534949447Z: [    5.556930] scsi host2: ahci
[STDERR  ] 2017-10-04T15:56:07.53496158Z: [    5.559183] scsi host3: ahci
[STDERR  ] 2017-10-04T15:56:07.534974093Z: [    5.561711] scsi host4: ahci
[STDERR  ] 2017-10-04T15:56:07.534985606Z: [    5.563836] scsi host5: ahci
[STDERR  ] 2017-10-04T15:56:07.534997069Z: [    5.565650] ata1: SATA max UDMA/133 abar m4096@0xfebd2000 port 0xfebd2100 irq 24
[STDERR  ] 2017-10-04T15:56:07.535008755Z: [    5.566118] ata2: SATA max UDMA/133 abar m4096@0xfebd2000 port 0xfebd2180 irq 24
[STDERR  ] 2017-10-04T15:56:07.535020444Z: [    5.566552] ata3: SATA max UDMA/133 abar m4096@0xfebd2000 port 0xfebd2200 irq 24
[STDERR  ] 2017-10-04T15:56:07.535033031Z: [    5.566949] ata4: SATA max UDMA/133 abar m4096@0xfebd2000 port 0xfebd2280 irq 24
[STDERR  ] 2017-10-04T15:56:07.535052728Z: [    5.567544] ata5: SATA max UDMA/133 abar m4096@0xfebd2000 port 0xfebd2300 irq 24
[STDERR  ] 2017-10-04T15:56:07.535072556Z: [    5.567933] ata6: SATA max UDMA/133 abar m4096@0xfebd2000 port 0xfebd2380 irq 24
[STDERR  ] 2017-10-04T15:56:07.53509071Z: [    5.580883] tun: Universal TUN/TAP device driver, 1.6
[STDERR  ] 2017-10-04T15:56:07.535202573Z: [    5.581289] tun: (C) 1999-2004 Max Krasnyansky <maxk@qualcomm.com>
[STDERR  ] 2017-10-04T15:56:07.53521233Z: [    5.592202] VMware vmxnet3 virtual NIC driver - version 1.4.a.0-k-NAPI
[STDERR  ] 2017-10-04T15:56:07.535222673Z: [    5.593297] hv_vmbus: registering driver hv_netvsc
[STDERR  ] 2017-10-04T15:56:07.535234677Z: [    5.593649] Fusion MPT base driver 3.04.20
[STDERR  ] 2017-10-04T15:56:07.535245131Z: [    5.593900] Copyright (c) 1999-2008 LSI Corporation
[STDERR  ] 2017-10-04T15:56:07.535253608Z: [    5.594490] Fusion MPT SPI Host driver 3.04.20
[STDERR  ] 2017-10-04T15:56:07.535263153Z: [    5.596480] i8042: PNP: PS/2 Controller [PNP0303:KBD,PNP0f13:MOU] at 0x60,0x64 irq 1,12
[STDERR  ] 2017-10-04T15:56:07.535273003Z: [    5.601037] serio: i8042 KBD port at 0x60,0x64 irq 1
[STDERR  ] 2017-10-04T15:56:07.535282134Z: [    5.601687] serio: i8042 AUX port at 0x60,0x64 irq 12
[STDERR  ] 2017-10-04T15:56:07.5352911Z: [    5.604725] hv_vmbus: registering driver hyperv_keyboard
[STDERR  ] 2017-10-04T15:56:07.535299918Z: [    5.606917] mousedev: PS/2 mouse device common for all mice
[STDERR  ] 2017-10-04T15:56:07.53531138Z: [    5.612129] input: AT Translated Set 2 keyboard as /devices/platform/i8042/serio0/input/input1
[STDERR  ] 2017-10-04T15:56:07.535319977Z: [    5.615512] input: PC Speaker as /devices/platform/pcspkr/input/input2
[STDERR  ] 2017-10-04T15:56:07.535329108Z: [    5.619000] rtc_cmos 00:00: RTC can wake from S4
[STDERR  ] 2017-10-04T15:56:07.535337982Z: [    5.622832] rtc_cmos 00:00: rtc core: registered rtc_cmos as rtc0
[STDERR  ] 2017-10-04T15:56:07.535346558Z: [    5.624284] rtc_cmos 00:00: alarms up to one day, y3k, 114 bytes nvram, hpet irqs
[STDERR  ] 2017-10-04T15:56:07.535355721Z: [    5.625005] i2c /dev entries driver
[STDERR  ] 2017-10-04T15:56:07.535363973Z: [    5.626890] device-mapper: ioctl: 4.35.0-ioctl (2016-06-23) initialised: dm-devel@redhat.com
[STDERR  ] 2017-10-04T15:56:07.53537064Z: [    5.631900] usbcore: registered new interface driver usbhid
[STDERR  ] 2017-10-04T15:56:07.535376845Z: [    5.632336] usbhid: USB HID core driver
[STDERR  ] 2017-10-04T15:56:07.535383236Z: [    5.632967] hv_utils: Registering HyperV Utility Driver
[STDERR  ] 2017-10-04T15:56:07.535388961Z: [    5.633283] hv_vmbus: registering driver hv_util
[STDERR  ] 2017-10-04T15:56:07.535394437Z: [    5.633593] hv_vmbus: registering driver hv_balloon
[STDERR  ] 2017-10-04T15:56:07.535400222Z: [    5.634139] oprofile: using NMI interrupt.
[STDERR  ] 2017-10-04T15:56:07.53540562Z: [    5.635288] GACT probability on
[STDERR  ] 2017-10-04T15:56:07.535412529Z: [    5.635790] Mirror/redirect action on
[STDERR  ] 2017-10-04T15:56:07.535418428Z: [    5.636677] Simple TC action Loaded
[STDERR  ] 2017-10-04T15:56:07.535428931Z: [    5.637191] u32 classifier
[STDERR  ] 2017-10-04T15:56:07.535434671Z: [    5.637368]     Performance counters on
[STDERR  ] 2017-10-04T15:56:07.535440227Z: [    5.637616]     input device check on
[STDERR  ] 2017-10-04T15:56:07.535446087Z: [    5.637862]     Actions configured
[STDERR  ] 2017-10-04T15:56:07.535451976Z: [    5.638485] Netfilter messages via NETLINK v0.30.
[STDERR  ] 2017-10-04T15:56:07.535457521Z: [    5.639063] nfnl_acct: registering with nfnetlink.
[STDERR  ] 2017-10-04T15:56:07.535465059Z: [    5.641132] nf_conntrack version 0.5.0 (8192 buckets, 32768 max)
[STDERR  ] 2017-10-04T15:56:07.535470849Z: [    5.644199] ctnetlink v0.93: registering with nfnetlink.
[STDERR  ] 2017-10-04T15:56:07.53547677Z: [    5.647342] nf_tables: (c) 2007-2009 Patrick McHardy <kaber@trash.net>
[STDERR  ] 2017-10-04T15:56:07.535482686Z: [    5.648189] nf_tables_compat: (c) 2012 Pablo Neira Ayuso <pablo@netfilter.org>
[STDERR  ] 2017-10-04T15:56:07.535492362Z: [    5.650982] xt_time: kernel timezone is -0000
[STDERR  ] 2017-10-04T15:56:07.53549826Z: [    5.651516] ip_set: protocol 6
[STDERR  ] 2017-10-04T15:56:07.535504046Z: [    5.652146] IPVS: Registered protocols (TCP, UDP, SCTP, AH, ESP)
[STDERR  ] 2017-10-04T15:56:07.535509509Z: [    5.652730] IPVS: Connection hash table configured (size=4096, memory=64Kbytes)
[STDERR  ] 2017-10-04T15:56:07.535515219Z: [    5.654452] IPVS: Creating netns size=2104 id=0
[STDERR  ] 2017-10-04T15:56:07.535521147Z: [    5.657518] IPVS: ipvs loaded.
[STDERR  ] 2017-10-04T15:56:07.53552848Z: [    5.657943] IPVS: [rr] scheduler registered.
[STDERR  ] 2017-10-04T15:56:07.535533931Z: [    5.658334] IPVS: [wrr] scheduler registered.
[STDERR  ] 2017-10-04T15:56:07.535539343Z: [    5.658674] IPVS: [lc] scheduler registered.
[STDERR  ] 2017-10-04T15:56:07.535544833Z: [    5.658997] IPVS: [wlc] scheduler registered.
[STDERR  ] 2017-10-04T15:56:07.535550335Z: [    5.659352] IPVS: [fo] scheduler registered.
[STDERR  ] 2017-10-04T15:56:07.535557315Z: [    5.659648] IPVS: [ovf] scheduler registered.
[STDERR  ] 2017-10-04T15:56:07.535563187Z: [    5.660553] IPVS: [lblc] scheduler registered.
[STDERR  ] 2017-10-04T15:56:07.535569159Z: [    5.661029] IPVS: [lblcr] scheduler registered.
[STDERR  ] 2017-10-04T15:56:07.535576929Z: [    5.661326] IPVS: [dh] scheduler registered.
[STDERR  ] 2017-10-04T15:56:07.535583323Z: [    5.661604] IPVS: [sh] scheduler registered.
[STDERR  ] 2017-10-04T15:56:07.53558865Z: [    5.661865] IPVS: [sed] scheduler registered.
[STDERR  ] 2017-10-04T15:56:07.535594049Z: [    5.662122] IPVS: [nq] scheduler registered.
[STDERR  ] 2017-10-04T15:56:07.535599671Z: [    5.662847] IPVS: ftp: loaded support on port[0] = 21
[STDERR  ] 2017-10-04T15:56:07.535606067Z: [    5.663700] ipip: IPv4 and MPLS over IPv4 tunneling driver
[STDERR  ] 2017-10-04T15:56:07.535611848Z: [    5.667811] gre: GRE over IPv4 demultiplexor driver
[STDERR  ] 2017-10-04T15:56:07.535617256Z: [    5.670904] ip_tables: (C) 2000-2006 Netfilter Core Team
[STDERR  ] 2017-10-04T15:56:07.535622682Z: [    5.674056] ipt_CLUSTERIP: ClusterIP Version 0.8 loaded successfully
[STDERR  ] 2017-10-04T15:56:07.535628291Z: [    5.674799] arp_tables: arp_tables: (C) 2002 David S. Miller
[STDERR  ] 2017-10-04T15:56:07.535634011Z: [    5.677055] NET: Registered protocol family 10
[STDERR  ] 2017-10-04T15:56:07.535639473Z: [    5.686784] ip6_tables: (C) 2000-2006 Netfilter Core Team
[STDERR  ] 2017-10-04T15:56:07.535644863Z: [    5.695620] NET: Registered protocol family 17
[STDERR  ] 2017-10-04T15:56:07.535652709Z: [    5.696755] Bridge firewalling registered
[STDERR  ] 2017-10-04T15:56:07.53565814Z: [    5.697329] Ebtables v2.0 registered
[STDERR  ] 2017-10-04T15:56:07.535666158Z: [    5.699211] 8021q: 802.1Q VLAN Support v1.8
[STDERR  ] 2017-10-04T15:56:07.535674967Z: [    5.701075] 9pnet: Installing 9P2000 support
[STDERR  ] 2017-10-04T15:56:07.535682047Z: [    5.702722] Key type dns_resolver registered
[STDERR  ] 2017-10-04T15:56:07.535687749Z: [    5.703656] microcode: AMD CPU family 0x6 not supported
[STDERR  ] 2017-10-04T15:56:07.535697021Z: [    5.707296] registered taskstats version 1
[STDERR  ] 2017-10-04T15:56:07.535704724Z: [    5.904267] ata3: SATA link up 1.5 Gbps (SStatus 113 SControl 300)
[STDERR  ] 2017-10-04T15:56:07.535710633Z: [    5.909868] ata3.00: ATAPI: QEMU DVD-ROM, 2.5+, max UDMA/100
[STDERR  ] 2017-10-04T15:56:07.535716051Z: [    5.910968] ata3.00: applying bridge limits
[STDERR  ] 2017-10-04T15:56:07.535721628Z: [    5.912497] ata2: SATA link down (SStatus 0 SControl 300)
[STDERR  ] 2017-10-04T15:56:07.535728436Z: [    5.913911] ata1: SATA link down (SStatus 0 SControl 300)
[STDERR  ] 2017-10-04T15:56:07.53573493Z: [    5.914694] ata4: SATA link down (SStatus 0 SControl 300)
[STDERR  ] 2017-10-04T15:56:07.535740465Z: [    5.915296] ata5: SATA link down (SStatus 0 SControl 300)
[STDERR  ] 2017-10-04T15:56:07.535746137Z: [    5.921115] ata3.00: configured for UDMA/100
[STDERR  ] 2017-10-04T15:56:07.535754889Z: [    5.923232] ata6: SATA link down (SStatus 0 SControl 300)
[STDERR  ] 2017-10-04T15:56:07.535760507Z: [    5.940583] scsi 2:0:0:0: CD-ROM            QEMU     QEMU DVD-ROM     2.5+ PQ: 0 ANSI: 5
[STDERR  ] 2017-10-04T15:56:07.535766386Z: [    5.951760] Key type big_key registered
[STDERR  ] 2017-10-04T15:56:07.535771983Z: [    5.973855] sr 2:0:0:0: [sr0] scsi3-mmc drive: 4x/4x cd/rw xa/form2 tray
[STDERR  ] 2017-10-04T15:56:07.535779301Z: [    5.974608] cdrom: Uniform CD-ROM driver Revision: 3.20
[STDERR  ] 2017-10-04T15:56:07.53578494Z: [    5.992407] sr 2:0:0:0: Attached scsi generic sg0 type 5
[STDERR  ] 2017-10-04T15:56:07.535790436Z: [    6.024619] Key type encrypted registered
[STDERR  ] 2017-10-04T15:56:07.535795825Z: [    6.030051] rtc_cmos 00:00: setting system clock to 2017-10-04 15:55:29 UTC (1507132529)
[STDERR  ] 2017-10-04T15:56:07.535802006Z: [    6.176463] Freeing unused kernel memory: 1380K
[STDERR  ] 2017-10-04T15:56:07.535807477Z: [    6.176855] Write protecting the kernel read-only data: 12288k
[STDERR  ] 2017-10-04T15:56:07.535813329Z: [    6.185599] Freeing unused kernel memory: 140K
[STDERR  ] 2017-10-04T15:56:07.535818949Z: [    6.314704] Freeing unused kernel memory: 1400K
[STDERR  ] 2017-10-04T15:56:07.535824499Z: [    6.315584] tsc: Refined TSC clocksource calibration: 2599.912 MHz
[STDERR  ] 2017-10-04T15:56:07.535830063Z: [    6.316127] clocksource: tsc: mask: 0xffffffffffffffff max_cycles: 0x2579e8df24a, max_idle_ns: 440795249145 ns
[STDERR  ] 2017-10-04T15:56:07.535837488Z: [    7.327552] clocksource: Switched to clocksource tsc
[STDERR  ] 2017-10-04T15:56:07.535844314Z: 
[STDERR  ] 2017-10-04T15:56:07.535850121Z: Welcome to LinuxKit
[STDERR  ] 2017-10-04T15:56:07.535860047Z: 
[STDERR  ] 2017-10-04T15:56:07.535865459Z:                         ##         .
[STDERR  ] 2017-10-04T15:56:07.535871678Z:                   ## ## ##        ==
[STDERR  ] 2017-10-04T15:56:07.535877195Z:                ## ## ## ## ##    ===
[STDERR  ] 2017-10-04T15:56:07.535882569Z:            /"""""""""""""""""\___/ ===
[STDERR  ] 2017-10-04T15:56:07.535889473Z:           {                       /  ===-
[STDERR  ] 2017-10-04T15:56:07.535898324Z:            \______ O           __/
[STDERR  ] 2017-10-04T15:56:07.535904331Z:              \    \         __/
[STDERR  ] 2017-10-04T15:56:07.535910353Z:               \____\_______/
[STDERR  ] 2017-10-04T15:56:07.535915861Z: 
[STDERR  ] 2017-10-04T15:56:07.535921414Z: starting kernel config sanity test with /proc/config.gz
[STDERR  ] 2017-10-04T15:56:07.535926801Z: [   22.472707] RPC: Registered named UNIX socket transport module.
[STDERR  ] 2017-10-04T15:56:07.535932892Z: [   22.473265] RPC: Registered udp transport module.
[STDERR  ] 2017-10-04T15:56:07.535938284Z: [   22.473554] RPC: Registered tcp transport module.
[STDERR  ] 2017-10-04T15:56:07.535943551Z: [   22.473863] RPC: Registered tcp NFSv4.1 backchannel transport module.
[STDERR  ] 2017-10-04T15:56:07.535948955Z: [   22.567559] FS-Cache: Netfs 'nfs' registered for caching
[STDERR  ] 2017-10-04T15:56:07.535955004Z: [   22.671147] Installing knfsd (copyright (C) 1996 okir@monad.swb.de).
[STDERR  ] 2017-10-04T15:56:07.535965657Z: [   22.724891] ntfs: driver 2.1.32 [Flags: R/O MODULE].
[STDERR  ] 2017-10-04T15:56:07.535972555Z: kernel config test succeeded!
[STDERR  ] 2017-10-04T15:56:07.535985823Z: [37minfo: reading kernel config from /proc/config.gz ...[m
[STDERR  ] 2017-10-04T15:56:07.535993696Z: 
[STDERR  ] 2017-10-04T15:56:07.535999323Z: Generally Necessary:
[STDERR  ] 2017-10-04T15:56:07.536005171Z: - [37mcgroup hierarchy[m: [32mproperly mounted[m [/sys/fs/cgroup]
[STDERR  ] 2017-10-04T15:56:07.536011448Z: - [37mCONFIG_NAMESPACES[m: [32menabled[m
[STDERR  ] 2017-10-04T15:56:07.536020296Z: - [37mCONFIG_NET_NS[m: [32menabled[m
[STDERR  ] 2017-10-04T15:56:07.536026204Z: - [37mCONFIG_PID_NS[m: [32menabled[m
[STDERR  ] 2017-10-04T15:56:07.536031652Z: - [37mCONFIG_IPC_NS[m: [32menabled[m
[STDERR  ] 2017-10-04T15:56:07.536037309Z: - [37mCONFIG_UTS_NS[m: [32menabled[m
[STDERR  ] 2017-10-04T15:56:07.536047246Z: - [37mCONFIG_CGROUPS[m: [32menabled[m[   24.823921] random: fast init done
[STDERR  ] 2017-10-04T15:56:07.536053132Z: 
[STDERR  ] 2017-10-04T15:56:07.536060159Z: - [37mCONFIG_CGROUP_CPUACCT[m: [32menabled[m
[STDERR  ] 2017-10-04T15:56:07.536066519Z: - [37mCONFIG_CGROUP_DEVICE[m: [32menabled[m
[STDERR  ] 2017-10-04T15:56:07.536072753Z: - [37mCONFIG_CGROUP_FREEZER[m: [32menabled[m
[STDERR  ] 2017-10-04T15:56:07.536079514Z: - [37mCONFIG_CGROUP_SCHED[m: [32menabled[m
[STDERR  ] 2017-10-04T15:56:07.536085767Z: - [37mCONFIG_CPUSETS[m: [32menabled[m
[STDERR  ] 2017-10-04T15:56:07.536092442Z: - [37mCONFIG_MEMCG[m: [32menabled[m
[STDERR  ] 2017-10-04T15:56:07.536098335Z: - [37mCONFIG_KEYS[m: [32menabled[m
[STDERR  ] 2017-10-04T15:56:07.536103707Z: - [37mCONFIG_VETH[m: [32menabled[m
[STDERR  ] 2017-10-04T15:56:07.536109479Z: - [37mCONFIG_BRIDGE[m: [32menabled[m
[STDERR  ] 2017-10-04T15:56:07.536114931Z: - [37mCONFIG_BRIDGE_NETFILTER[m: [32menabled[m
[STDERR  ] 2017-10-04T15:56:07.536123656Z: - [37mCONFIG_NF_NAT_IPV4[m: [32menabled[m
[STDERR  ] 2017-10-04T15:56:07.536129231Z: - [37mCONFIG_IP_NF_FILTER[m: [32menabled[m
[STDERR  ] 2017-10-04T15:56:07.53613465Z: - [37mCONFIG_IP_NF_TARGET_MASQUERADE[m: [32menabled[m
[STDERR  ] 2017-10-04T15:56:07.536140678Z: - [37mCONFIG_NETFILTER_XT_MATCH_ADDRTYPE[m: [32menabled[m
[STDERR  ] 2017-10-04T15:56:07.536146512Z: - [37mCONFIG_NETFILTER_XT_MATCH_CONNTRACK[m: [32menabled[m
[STDERR  ] 2017-10-04T15:56:07.536151902Z: - [37mCONFIG_NETFILTER_XT_MATCH_IPVS[m: [32menabled[m
[STDERR  ] 2017-10-04T15:56:07.536157163Z: - [37mCONFIG_IP_NF_NAT[m: [32menabled[m
[STDERR  ] 2017-10-04T15:56:07.536162919Z: - [37mCONFIG_NF_NAT[m: [32menabled[m
[STDERR  ] 2017-10-04T15:56:07.536168346Z: - [37mCONFIG_NF_NAT_NEEDED[m: [32menabled[m
[STDERR  ] 2017-10-04T15:56:07.536173643Z: - [37mCONFIG_POSIX_MQUEUE[m: [32menabled[m
[STDERR  ] 2017-10-04T15:56:07.536179036Z: 
[STDERR  ] 2017-10-04T15:56:07.536184424Z: Optional Features:
[STDERR  ] 2017-10-04T15:56:07.53619024Z: - [37mCONFIG_USER_NS[m: [32menabled[m
[STDERR  ] 2017-10-04T15:56:07.536200463Z: - [37mCONFIG_SECCOMP[m: [32menabled[m
[STDERR  ] 2017-10-04T15:56:07.536205792Z: - [37mCONFIG_CGROUP_PIDS[m: [32menabled[m
[STDERR  ] 2017-10-04T15:56:07.536211326Z: - [37mCONFIG_MEMCG_SWAP[m: [32menabled[m
[STDERR  ] 2017-10-04T15:56:07.536216665Z: - [37mCONFIG_MEMCG_SWAP_ENABLED[m: [32menabled[m
[STDERR  ] 2017-10-04T15:56:07.536223221Z:     [1;30m(cgroup swap accounting is currently enabled)[m
[STDERR  ] 2017-10-04T15:56:07.536228486Z: - [1mCONFIG_LEGACY_VSYSCALL_NONE[m: [1;31menabled[m
[STDERR  ] 2017-10-04T15:56:07.536234033Z:     [1;30m(containers using eglibc <= 2.13 will not work. Switch to[m
[STDERR  ] 2017-10-04T15:56:07.536239536Z:     [1;30m "CONFIG_VSYSCALL_[NATIVE|EMULATE]" or use "vsyscall=[native|emulate]"[m
[STDERR  ] 2017-10-04T15:56:07.536245211Z:     [1;30m on kernel command line. Note that this will disable ASLR for the,[m
[STDERR  ] 2017-10-04T15:56:07.536250665Z:     [1;30m VDSO which may assist in exploiting security vulnerabilities.)[m
[STDERR  ] 2017-10-04T15:56:07.536259379Z: - [37mCONFIG_BLK_CGROUP[m: [32menabled[m
[STDERR  ] 2017-10-04T15:56:07.536264923Z: - [37mCONFIG_BLK_DEV_THROTTLING[m: [32menabled[m
[STDERR  ] 2017-10-04T15:56:07.536270281Z: - [37mCONFIG_IOSCHED_CFQ[m: [32menabled[m
[STDERR  ] 2017-10-04T15:56:07.536275738Z: - [37mCONFIG_CFQ_GROUP_IOSCHED[m: [32menabled[m
[STDERR  ] 2017-10-04T15:56:07.536282327Z: - [37mCONFIG_CGROUP_PERF[m: [32menabled[m
[STDERR  ] 2017-10-04T15:56:07.536288097Z: - [37mCONFIG_CGROUP_HUGETLB[m: [32menabled[m
[STDERR  ] 2017-10-04T15:56:07.53629368Z: - [37mCONFIG_NET_CLS_CGROUP[m: [32menabled[m
[STDERR  ] 2017-10-04T15:56:07.536301175Z: - [37mCONFIG_CGROUP_NET_PRIO[m: [32menabled[m
[STDERR  ] 2017-10-04T15:56:07.536307084Z: - [37mCONFIG_CFS_BANDWIDTH[m: [32menabled[m
[STDERR  ] 2017-10-04T15:56:07.536312608Z: - [37mCONFIG_FAIR_GROUP_SCHED[m: [32menabled[m
[STDERR  ] 2017-10-04T15:56:07.536321245Z: - [37mCONFIG_RT_GROUP_SCHED[m: [32menabled[m
[STDERR  ] 2017-10-04T15:56:07.536327238Z: - [37mCONFIG_IP_VS[m: [32menabled[m
[STDERR  ] 2017-10-04T15:56:07.536332834Z: - [37mCONFIG_IP_VS_NFCT[m: [32menabled[m
[STDERR  ] 2017-10-04T15:56:07.536338368Z: - [37mCONFIG_IP_VS_RR[m: [32menabled[m
[STDERR  ] 2017-10-04T15:56:07.536343692Z: - [37mCONFIG_EXT4_FS[m: [32menabled[m
[STDERR  ] 2017-10-04T15:56:07.536349122Z: - [37mCONFIG_EXT4_FS_POSIX_ACL[m: [32menabled[m
[STDERR  ] 2017-10-04T15:56:07.536355169Z: - [37mCONFIG_EXT4_FS_SECURITY[m: [32menabled[m
[STDERR  ] 2017-10-04T15:56:07.536367699Z: - Network Drivers:
[STDERR  ] 2017-10-04T15:56:07.536376273Z:   - "[34moverlay[m":
[STDERR  ] 2017-10-04T15:56:07.536385941Z:     - [37mCONFIG_VXLAN[m: [32menabled[m
[STDERR  ] 2017-10-04T15:56:07.536394574Z:       Optional (for encrypted networks):
[STDERR  ] 2017-10-04T15:56:07.536401849Z:       - [37mCONFIG_CRYPTO[m: [32menabled[m
[STDERR  ] 2017-10-04T15:56:07.536407262Z:       - [37mCONFIG_CRYPTO_AEAD[m: [32menabled[m
[STDERR  ] 2017-10-04T15:56:07.536412775Z:       - [37mCONFIG_CRYPTO_GCM[m: [32menabled[m
[STDERR  ] 2017-10-04T15:56:07.536418738Z:       - [37mCONFIG_CRYPTO_SEQIV[m: [32menabled[m
[STDERR  ] 2017-10-04T15:56:07.536424303Z:       - [37mCONFIG_CRYPTO_GHASH[m: [32menabled[m
[STDERR  ] 2017-10-04T15:56:07.536429668Z:       - [37mCONFIG_XFRM[m: [32menabled[m
[STDERR  ] 2017-10-04T15:56:07.536435185Z:       - [37mCONFIG_XFRM_USER[m: [32menabled (as module)[m
[STDERR  ] 2017-10-04T15:56:07.536441502Z:       - [37mCONFIG_XFRM_ALGO[m: [32menabled (as module)[m
[STDERR  ] 2017-10-04T15:56:07.536447427Z:       - [37mCONFIG_INET_ESP[m: [32menabled (as module)[m
[STDERR  ] 2017-10-04T15:56:07.536453393Z:       - [37mCONFIG_INET_XFRM_MODE_TRANSPORT[m: [32menabled (as module)[m
[STDERR  ] 2017-10-04T15:56:07.536460525Z:   - "[34mipvlan[m":
[STDERR  ] 2017-10-04T15:56:07.536466589Z:     - [37mCONFIG_IPVLAN[m: [32menabled[m
[STDERR  ] 2017-10-04T15:56:07.536471975Z:   - "[34mmacvlan[m":
[STDERR  ] 2017-10-04T15:56:07.536477979Z:     - [37mCONFIG_MACVLAN[m: [32menabled[m
[STDERR  ] 2017-10-04T15:56:07.536483413Z:     - [37mCONFIG_DUMMY[m: [32menabled (as module)[m
[STDERR  ] 2017-10-04T15:56:07.536488838Z:   - "[34mftp,tftp client in container[m":
[STDERR  ] 2017-10-04T15:56:07.536494348Z:     - [37mCONFIG_NF_NAT_FTP[m: [32menabled[m
[STDERR  ] 2017-10-04T15:56:07.536499984Z:     - [37mCONFIG_NF_CONNTRACK_FTP[m: [32menabled[m
[STDERR  ] 2017-10-04T15:56:07.536505462Z:     - [37mCONFIG_NF_NAT_TFTP[m: [32menabled[m
[STDERR  ] 2017-10-04T15:56:07.536511057Z:     - [37mCONFIG_NF_CONNTRACK_TFTP[m: [32menabled[m
[STDERR  ] 2017-10-04T15:56:07.536516629Z: - Storage Drivers:
[STDERR  ] 2017-10-04T15:56:07.53652236Z:   - "[34maufs[m":
[STDERR  ] 2017-10-04T15:56:07.536527825Z:     - [1mCONFIG_AUFS_FS[m: [1;31mmissing[m
[STDERR  ] 2017-10-04T15:56:07.53653313Z:   - "[34mbtrfs[m":
[STDERR  ] 2017-10-04T15:56:07.536542158Z:     - [37mCONFIG_BTRFS_FS[m: [32menabled (as module)[m
[STDERR  ] 2017-10-04T15:56:07.536547915Z:     - [37mCONFIG_BTRFS_FS_POSIX_ACL[m: [32menabled[m
[STDERR  ] 2017-10-04T15:56:07.536553339Z:   - "[34mdevicemapper[m":
[STDERR  ] 2017-10-04T15:56:07.536560459Z:     - [37mCONFIG_BLK_DEV_DM[m: [32menabled[m
[STDERR  ] 2017-10-04T15:56:07.536565991Z:     - [37mCONFIG_DM_THIN_PROVISIONING[m: [32menabled[m
[STDERR  ] 2017-10-04T15:56:07.536571347Z:   - "[34moverlay[m":
[STDERR  ] 2017-10-04T15:56:07.536577095Z:     - [37mCONFIG_OVERLAY_FS[m: [32menabled[m
[STDERR  ] 2017-10-04T15:56:07.536582466Z:   - "[34mzfs[m":
[STDERR  ] 2017-10-04T15:56:07.536587793Z:     - [1m/dev/zfs[m: [1;31mmissing[m
[STDERR  ] 2017-10-04T15:56:07.53659352Z:     - [1mzfs command[m: [1;31mmissing[m
[STDERR  ] 2017-10-04T15:56:07.536601248Z:     - [1mzpool command[m: [1;31mmissing[m
[STDERR  ] 2017-10-04T15:56:07.536607942Z: 
[STDERR  ] 2017-10-04T15:56:07.536619597Z: Limits:
[STDERR  ] 2017-10-04T15:56:07.536626934Z: [37m- /proc/sys/kernel/keys/root_maxkeys[m: [32m1000000[m
[STDERR  ] 2017-10-04T15:56:07.536635605Z: 
[STDERR  ] 2017-10-04T15:56:07.536640909Z: Kernel config test suite PASSED
[STDERR  ] 2017-10-04T15:56:07.536646535Z: [   42.737439] ACPI: Preparing to enter system sleep state S5
[STDERR  ] 2017-10-04T15:56:07.536654239Z: [   42.744200] reboot: Power down
[STDERR  ] 2017-10-04T15:56:07.536659849Z: + grep -q suite PASSED
[STDERR  ] 2017-10-04T15:56:07.537616558Z: + echo [    0.000000] Linux version 4.9.52-linuxkit (root@8c8ea8e3851f) (gcc version 6.3.0 (Alpine 6.3.0) ) #1 SMP Mon Oct 2 14:33:48 UTC 2017
[STDERR  ] 2017-10-04T15:56:07.537643686Z: [    0.000000] Command line: console=ttyS0
[STDERR  ] 2017-10-04T15:56:07.537655659Z: [    0.000000] x86/fpu: Legacy x87 FPU detected.
[STDERR  ] 2017-10-04T15:56:07.537670062Z: [    0.000000] x86/fpu: Using 'eager' FPU context switches.
[STDERR  ] 2017-10-04T15:56:07.537680347Z: [    0.000000] e820: BIOS-provided physical RAM map:
[STDERR  ] 2017-10-04T15:56:07.537688717Z: [    0.000000] BIOS-e820: [mem 0x0000000000000000-0x000000000009fbff] usable
[STDERR  ] 2017-10-04T15:56:07.537697181Z: [    0.000000] BIOS-e820: [mem 0x000000000009fc00-0x000000000009ffff] reserved
[STDERR  ] 2017-10-04T15:56:07.537706493Z: [    0.000000] BIOS-e820: [mem 0x00000000000f0000-0x00000000000fffff] reserved
[STDERR  ] 2017-10-04T15:56:07.537714699Z: [    0.000000] BIOS-e820: [mem 0x0000000000100000-0x000000003ffdefff] usable
[STDERR  ] 2017-10-04T15:56:07.537723226Z: [    0.000000] BIOS-e820: [mem 0x000000003ffdf000-0x000000003fffffff] reserved
[STDERR  ] 2017-10-04T15:56:07.537731676Z: [    0.000000] BIOS-e820: [mem 0x00000000b0000000-0x00000000bfffffff] reserved
[STDERR  ] 2017-10-04T15:56:07.537739417Z: [    0.000000] BIOS-e820: [mem 0x00000000fed1c000-0x00000000fed1ffff] reserved
[STDERR  ] 2017-10-04T15:56:07.537750479Z: [    0.000000] BIOS-e820: [mem 0x00000000fffc0000-0x00000000ffffffff] reserved
[STDERR  ] 2017-10-04T15:56:07.537759133Z: [    0.000000] NX (Execute Disable) protection: active
[STDERR  ] 2017-10-04T15:56:07.53776832Z: [    0.000000] SMBIOS 2.8 present.
[STDERR  ] 2017-10-04T15:56:07.537777185Z: [    0.000000] e820: last_pfn = 0x3ffdf max_arch_pfn = 0x400000000
[STDERR  ] 2017-10-04T15:56:07.537786464Z: [    0.000000] x86/PAT: Configuration [0-7]: WB  WC  UC- UC  WB  WC  UC- WT  
[STDERR  ] 2017-10-04T15:56:07.53779427Z: [    0.000000] found SMP MP-table at [mem 0x000f6aa0-0x000f6aaf] mapped at [ffff94d0c00f6aa0]
[STDERR  ] 2017-10-04T15:56:07.537802091Z: [    0.000000] RAMDISK: [mem 0x3e81b000-0x3ffcffff]
[STDERR  ] 2017-10-04T15:56:07.537809968Z: [    0.000000] ACPI: Early table checksum verification disabled
[STDERR  ] 2017-10-04T15:56:07.537819444Z: [    0.000000] ACPI: RSDP 0x00000000000F68C0 000014 (v00 BOCHS )
[STDERR  ] 2017-10-04T15:56:07.537827934Z: [    0.000000] ACPI: RSDT 0x000000003FFE2404 000034 (v01 BOCHS  BXPCRSDT 00000001 BXPC 00000001)
[STDERR  ] 2017-10-04T15:56:07.537836379Z: [    0.000000] ACPI: FACP 0x000000003FFE22A4 000074 (v01 BOCHS  BXPCFACP 00000001 BXPC 00000001)
[STDERR  ] 2017-10-04T15:56:07.537854796Z: [    0.000000] ACPI: DSDT 0x000000003FFE0040 002264 (v01 BOCHS  BXPCDSDT 00000001 BXPC 00000001)
[STDERR  ] 2017-10-04T15:56:07.537863506Z: [    0.000000] ACPI: FACS 0x000000003FFE0000 000040
[STDERR  ] 2017-10-04T15:56:07.537872133Z: [    0.000000] ACPI: APIC 0x000000003FFE2318 000078 (v01 BOCHS  BXPCAPIC 00000001 BXPC 00000001)
[STDERR  ] 2017-10-04T15:56:07.537882752Z: [    0.000000] ACPI: HPET 0x000000003FFE2390 000038 (v01 BOCHS  BXPCHPET 00000001 BXPC 00000001)
[STDERR  ] 2017-10-04T15:56:07.537892585Z: [    0.000000] ACPI: MCFG 0x000000003FFE23C8 00003C (v01 BOCHS  BXPCMCFG 00000001 BXPC 00000001)
[STDERR  ] 2017-10-04T15:56:07.53790167Z: [    0.000000] Zone ranges:
[STDERR  ] 2017-10-04T15:56:07.537910116Z: [    0.000000]   DMA      [mem 0x0000000000001000-0x0000000000ffffff]
[STDERR  ] 2017-10-04T15:56:07.537917895Z: [    0.000000]   DMA32    [mem 0x0000000001000000-0x000000003ffdefff]
[STDERR  ] 2017-10-04T15:56:07.537930658Z: [    0.000000]   Normal   empty
[STDERR  ] 2017-10-04T15:56:07.537938533Z: [    0.000000] Movable zone start for each node
[STDERR  ] 2017-10-04T15:56:07.537946313Z: [    0.000000] Early memory node ranges
[STDERR  ] 2017-10-04T15:56:07.537953839Z: [    0.000000]   node   0: [mem 0x0000000000001000-0x000000000009efff]
[STDERR  ] 2017-10-04T15:56:07.537961983Z: [    0.000000]   node   0: [mem 0x0000000000100000-0x000000003ffdefff]
[STDERR  ] 2017-10-04T15:56:07.537970743Z: [    0.000000] Initmem setup node 0 [mem 0x0000000000001000-0x000000003ffdefff]
[STDERR  ] 2017-10-04T15:56:07.537979079Z: [    0.000000] ACPI: PM-Timer IO Port: 0x608
[STDERR  ] 2017-10-04T15:56:07.537987533Z: [    0.000000] ACPI: LAPIC_NMI (acpi_id[0xff] dfl dfl lint[0x1])
[STDERR  ] 2017-10-04T15:56:07.537996481Z: [    0.000000] IOAPIC[0]: apic_id 0, version 32, address 0xfec00000, GSI 0-23
[STDERR  ] 2017-10-04T15:56:07.538006331Z: [    0.000000] ACPI: INT_SRC_OVR (bus 0 bus_irq 0 global_irq 2 dfl dfl)
[STDERR  ] 2017-10-04T15:56:07.538015033Z: [    0.000000] ACPI: INT_SRC_OVR (bus 0 bus_irq 5 global_irq 5 high level)
[STDERR  ] 2017-10-04T15:56:07.53802389Z: [    0.000000] ACPI: INT_SRC_OVR (bus 0 bus_irq 9 global_irq 9 high level)
[STDERR  ] 2017-10-04T15:56:07.538032979Z: [    0.000000] ACPI: INT_SRC_OVR (bus 0 bus_irq 10 global_irq 10 high level)
[STDERR  ] 2017-10-04T15:56:07.538042175Z: [    0.000000] ACPI: INT_SRC_OVR (bus 0 bus_irq 11 global_irq 11 high level)
[STDERR  ] 2017-10-04T15:56:07.538051506Z: [    0.000000] Using ACPI (MADT) for SMP configuration information
[STDERR  ] 2017-10-04T15:56:07.538060608Z: [    0.000000] ACPI: HPET id: 0x8086a201 base: 0xfed00000
[STDERR  ] 2017-10-04T15:56:07.53807157Z: [    0.000000] smpboot: Allowing 1 CPUs, 0 hotplug CPUs
[STDERR  ] 2017-10-04T15:56:07.538080422Z: [    0.000000] e820: [mem 0x40000000-0xafffffff] available for PCI devices
[STDERR  ] 2017-10-04T15:56:07.538089491Z: [    0.000000] Booting paravirtualized kernel on bare hardware
[STDERR  ] 2017-10-04T15:56:07.538097938Z: [    0.000000] clocksource: refined-jiffies: mask: 0xffffffff max_cycles: 0xffffffff, max_idle_ns: 19112604462750000 ns
[STDERR  ] 2017-10-04T15:56:07.538108208Z: [    0.000000] setup_percpu: NR_CPUS:128 nr_cpumask_bits:128 nr_cpu_ids:1 nr_node_ids:1
[STDERR  ] 2017-10-04T15:56:07.538114945Z: [    0.000000] percpu: Embedded 35 pages/cpu @ffff94d0fe600000 s105240 r8192 d29928 u2097152
[STDERR  ] 2017-10-04T15:56:07.538122451Z: [    0.000000] Built 1 zonelists in Zone order, mobility grouping on.  Total pages: 257896
[STDERR  ] 2017-10-04T15:56:07.538128459Z: [    0.000000] Kernel command line: console=ttyS0
[STDERR  ] 2017-10-04T15:56:07.538135152Z: [    0.000000] PID hash table entries: 4096 (order: 3, 32768 bytes)
[STDERR  ] 2017-10-04T15:56:07.538143027Z: [    0.000000] Dentry cache hash table entries: 131072 (order: 8, 1048576 bytes)
[STDERR  ] 2017-10-04T15:56:07.538150992Z: [    0.000000] Inode-cache hash table entries: 65536 (order: 7, 524288 bytes)
[STDERR  ] 2017-10-04T15:56:07.538157433Z: [    0.000000] Memory: 989896K/1048052K available (8035K kernel code, 1367K rwdata, 2696K rodata, 1380K init, 568K bss, 58156K reserved, 0K cma-reserved)
[STDERR  ] 2017-10-04T15:56:07.538169506Z: [    0.000000] Hierarchical RCU implementation.
[STDERR  ] 2017-10-04T15:56:07.538176631Z: [    0.000000] 	Build-time adjustment of leaf fanout to 64.
[STDERR  ] 2017-10-04T15:56:07.53818283Z: [    0.000000] 	RCU restricting CPUs from NR_CPUS=128 to nr_cpu_ids=1.
[STDERR  ] 2017-10-04T15:56:07.538190465Z: [    0.000000] RCU: Adjusting geometry for rcu_fanout_leaf=64, nr_cpu_ids=1
[STDERR  ] 2017-10-04T15:56:07.538199047Z: [    0.000000] NR_IRQS:8448 nr_irqs:256 16
[STDERR  ] 2017-10-04T15:56:07.538207189Z: [    0.000000] Console: colour VGA+ 80x25
[STDERR  ] 2017-10-04T15:56:07.538215528Z: [    0.000000] console [ttyS0] enabled
[STDERR  ] 2017-10-04T15:56:07.538223981Z: [    0.000000] clocksource: hpet: mask: 0xffffffff max_cycles: 0xffffffff, max_idle_ns: 19112604467 ns
[STDERR  ] 2017-10-04T15:56:07.538238012Z: [    0.000000] tsc: Fast TSC calibration using PIT
[STDERR  ] 2017-10-04T15:56:07.538245924Z: [    0.000000] tsc: Detected 2599.935 MHz processor
[STDERR  ] 2017-10-04T15:56:07.538253964Z: [    0.032231] Calibrating delay loop (skipped), value calculated using timer frequency.. 5199.87 BogoMIPS (lpj=25999350)
[STDERR  ] 2017-10-04T15:56:07.538266661Z: [    0.033049] pid_max: default: 32768 minimum: 301
[STDERR  ] 2017-10-04T15:56:07.53827526Z: [    0.034099] ACPI: Core revision 20160831
[STDERR  ] 2017-10-04T15:56:07.53828341Z: [    0.080450] ACPI: 1 ACPI AML tables successfully acquired and loaded
[STDERR  ] 2017-10-04T15:56:07.53829284Z: [    0.085029] Security Framework initialized
[STDERR  ] 2017-10-04T15:56:07.538299331Z: [    0.085520] Yama: becoming mindful.
[STDERR  ] 2017-10-04T15:56:07.538306047Z: [    0.087636] Mount-cache hash table entries: 2048 (order: 2, 16384 bytes)
[STDERR  ] 2017-10-04T15:56:07.538312041Z: [    0.088285] Mountpoint-cache hash table entries: 2048 (order: 2, 16384 bytes)
[STDERR  ] 2017-10-04T15:56:07.538317958Z: [    0.108303] Last level iTLB entries: 4KB 0, 2MB 0, 4MB 0
[STDERR  ] 2017-10-04T15:56:07.538324193Z: [    0.108780] Last level dTLB entries: 4KB 0, 2MB 0, 4MB 0, 1GB 0
[STDERR  ] 2017-10-04T15:56:07.538332385Z: [    0.394185] Freeing SMP alternatives memory: 20K
[STDERR  ] 2017-10-04T15:56:07.538338155Z: [    0.404563] ftrace: allocating 35516 entries in 139 pages
[STDERR  ] 2017-10-04T15:56:07.538344265Z: [    0.572305] smpboot: Max logical packages: 1
[STDERR  ] 2017-10-04T15:56:07.538406041Z: [    0.579470] ..TIMER: vector=0x30 apic1=0 pin1=2 apic2=-1 pin2=-1
[STDERR  ] 2017-10-04T15:56:07.538412276Z: [    0.680000] smpboot: CPU0: AMD QEMU Virtual CPU version 2.5+ (family: 0x6, model: 0x6, stepping: 0x3)
[STDERR  ] 2017-10-04T15:56:07.538419444Z: [    0.680000] Performance Events: PMU not available due to virtualization, using software events only.
[STDERR  ] 2017-10-04T15:56:07.538425358Z: [    0.689060] NMI watchdog: disabled (cpu0): hardware events not enabled
[STDERR  ] 2017-10-04T15:56:07.538432797Z: [    0.689543] NMI watchdog: Shutting down hard lockup detector on all cpus
[STDERR  ] 2017-10-04T15:56:07.53844264Z: [    0.693353] x86: Booted up 1 node, 1 CPUs
[STDERR  ] 2017-10-04T15:56:07.538448436Z: [    0.693801] smpboot: Total of 1 processors activated (5199.87 BogoMIPS)
[STDERR  ] 2017-10-04T15:56:07.53845422Z: [    0.708999] devtmpfs: initialized
[STDERR  ] 2017-10-04T15:56:07.538460506Z: [    0.715376] x86/mm: Memory block size: 128MB
[STDERR  ] 2017-10-04T15:56:07.5384667Z: [    0.785991] clocksource: jiffies: mask: 0xffffffff max_cycles: 0xffffffff, max_idle_ns: 19112604462750000 ns
[STDERR  ] 2017-10-04T15:56:07.538472856Z: [    0.787041] futex hash table entries: 256 (order: 2, 16384 bytes)
[STDERR  ] 2017-10-04T15:56:07.538479901Z: [    0.797061] NET: Registered protocol family 16
[STDERR  ] 2017-10-04T15:56:07.538485659Z: [    0.807038] cpuidle: using governor ladder
[STDERR  ] 2017-10-04T15:56:07.538491701Z: [    0.807522] cpuidle: using governor menu
[STDERR  ] 2017-10-04T15:56:07.538503309Z: [    0.808776] ACPI: bus type PCI registered
[STDERR  ] 2017-10-04T15:56:07.538512588Z: [    0.811980] PCI: MMCONFIG for domain 0000 [bus 00-ff] at [mem 0xb0000000-0xbfffffff] (base 0xb0000000)
[STDERR  ] 2017-10-04T15:56:07.538518578Z: [    0.812761] PCI: MMCONFIG at [mem 0xb0000000-0xbfffffff] reserved in E820
[STDERR  ] 2017-10-04T15:56:07.538525065Z: [    0.814135] PCI: Using configuration type 1 for base access
[STDERR  ] 2017-10-04T15:56:07.538531981Z: [    0.866490] HugeTLB registered 2 MB page size, pre-allocated 0 pages
[STDERR  ] 2017-10-04T15:56:07.538538456Z: [    0.878045] ACPI: Added _OSI(Module Device)
[STDERR  ] 2017-10-04T15:56:07.538544161Z: [    0.878399] ACPI: Added _OSI(Processor Device)
[STDERR  ] 2017-10-04T15:56:07.538550783Z: [    0.878679] ACPI: Added _OSI(3.0 _SCP Extensions)
[STDERR  ] 2017-10-04T15:56:07.538556683Z: [    0.878969] ACPI: Added _OSI(Processor Aggregator Device)
[STDERR  ] 2017-10-04T15:56:07.538567608Z: [    0.951344] ACPI: Interpreter enabled
[STDERR  ] 2017-10-04T15:56:07.538573858Z: [    0.952305] ACPI: (supports S0 S5)
[STDERR  ] 2017-10-04T15:56:07.538579414Z: [    0.952628] ACPI: Using IOAPIC for interrupt routing
[STDERR  ] 2017-10-04T15:56:07.538584831Z: [    0.955101] PCI: Using host bridge windows from ACPI; if necessary, use "pci=nocrs" and report a bug
[STDERR  ] 2017-10-04T15:56:07.538593358Z: [    1.015886] ACPI: PCI Root Bridge [PCI0] (domain 0000 [bus 00-ff])
[STDERR  ] 2017-10-04T15:56:07.538600335Z: [    1.017102] acpi PNP0A08:00: _OSC: OS supports [ExtendedConfig ASPM ClockPM Segments MSI]
[STDERR  ] 2017-10-04T15:56:07.538606598Z: [    1.024017] acpi PNP0A08:00: _OSC: OS now controls [PCIeHotplug PME PCIeCapability]
[STDERR  ] 2017-10-04T15:56:07.538612789Z: [    1.028575] PCI host bridge to bus 0000:00
[STDERR  ] 2017-10-04T15:56:07.538618385Z: [    1.029097] pci_bus 0000:00: root bus resource [io  0x0000-0x0cf7 window]
[STDERR  ] 2017-10-04T15:56:07.538624359Z: [    1.029508] pci_bus 0000:00: root bus resource [io  0x0d00-0xffff window]
[STDERR  ] 2017-10-04T15:56:07.53863174Z: [    1.030104] pci_bus 0000:00: root bus resource [mem 0x000a0000-0x000bffff window]
[STDERR  ] 2017-10-04T15:56:07.538639912Z: [    1.030534] pci_bus 0000:00: root bus resource [mem 0xc0000000-0xfebfffff window]
[STDERR  ] 2017-10-04T15:56:07.538645776Z: [    1.031140] pci_bus 0000:00: root bus resource [bus 00-ff]
[STDERR  ] 2017-10-04T15:56:07.538651433Z: [    1.171123] pci 0000:00:1f.0: quirk: [io  0x0600-0x067f] claimed by ICH6 ACPI/GPIO/TCO
[STDERR  ] 2017-10-04T15:56:07.538657798Z: [    1.251159] ACPI: PCI Interrupt Link [LNKA] (IRQs 5 *10 11)
[STDERR  ] 2017-10-04T15:56:07.538663992Z: [    1.254117] ACPI: PCI Interrupt Link [LNKB] (IRQs 5 *10 11)
[STDERR  ] 2017-10-04T15:56:07.538670875Z: [    1.256235] ACPI: PCI Interrupt Link [LNKC] (IRQs 5 10 *11)
[STDERR  ] 2017-10-04T15:56:07.538677417Z: [    1.260322] ACPI: PCI Interrupt Link [LNKD] (IRQs 5 10 *11)
[STDERR  ] 2017-10-04T15:56:07.538683102Z: [    1.262127] ACPI: PCI Interrupt Link [LNKE] (IRQs 5 *10 11)
[STDERR  ] 2017-10-04T15:56:07.538689091Z: [    1.264240] ACPI: PCI Interrupt Link [LNKF] (IRQs 5 *10 11)
[STDERR  ] 2017-10-04T15:56:07.538694854Z: [    1.265876] ACPI: PCI Interrupt Link [LNKG] (IRQs 5 10 *11)
[STDERR  ] 2017-10-04T15:56:07.538700313Z: [    1.267545] ACPI: PCI Interrupt Link [LNKH] (IRQs 5 10 *11)
[STDERR  ] 2017-10-04T15:56:07.538705957Z: [    1.268537] ACPI: PCI Interrupt Link [GSIA] (IRQs *16)
[STDERR  ] 2017-10-04T15:56:07.538713845Z: [    1.270160] ACPI: PCI Interrupt Link [GSIB] (IRQs *17)
[STDERR  ] 2017-10-04T15:56:07.53871994Z: [    1.270906] ACPI: PCI Interrupt Link [GSIC] (IRQs *18)
[STDERR  ] 2017-10-04T15:56:07.538725579Z: [    1.271628] ACPI: PCI Interrupt Link [GSID] (IRQs *19)
[STDERR  ] 2017-10-04T15:56:07.538731227Z: [    1.272327] ACPI: PCI Interrupt Link [GSIE] (IRQs *20)
[STDERR  ] 2017-10-04T15:56:07.538736638Z: [    1.273005] ACPI: PCI Interrupt Link [GSIF] (IRQs *21)
[STDERR  ] 2017-10-04T15:56:07.538742052Z: [    1.273699] ACPI: PCI Interrupt Link [GSIG] (IRQs *22)
[STDERR  ] 2017-10-04T15:56:07.538751351Z: [    1.274418] ACPI: PCI Interrupt Link [GSIH] (IRQs *23)
[STDERR  ] 2017-10-04T15:56:07.538759466Z: [    1.278077] ACPI: Enabled 2 GPEs in block 00 to 3F
[STDERR  ] 2017-10-04T15:56:07.538766925Z: [    1.283938] SCSI subsystem initialized
[STDERR  ] 2017-10-04T15:56:07.538774125Z: [    1.285938] ACPI: bus type USB registered
[STDERR  ] 2017-10-04T15:56:07.538781715Z: [    1.287027] usbcore: registered new interface driver usbfs
[STDERR  ] 2017-10-04T15:56:07.538791476Z: [    1.287989] usbcore: registered new interface driver hub
[STDERR  ] 2017-10-04T15:56:07.538799055Z: [    1.288845] usbcore: registered new device driver usb
[STDERR  ] 2017-10-04T15:56:07.538807325Z: [    1.290260] pps_core: LinuxPPS API ver. 1 registered
[STDERR  ] 2017-10-04T15:56:07.538815818Z: [    1.290674] pps_core: Software ver. 5.3.6 - Copyright 2005-2007 Rodolfo Giometti <giometti@linux.it>
[STDERR  ] 2017-10-04T15:56:07.538828635Z: [    1.291419] PTP clock support registered
[STDERR  ] 2017-10-04T15:56:07.53883676Z: [    1.292615] wmi: Mapper loaded
[STDERR  ] 2017-10-04T15:56:07.538845439Z: [    1.293808] PCI: Using ACPI for IRQ routing
[STDERR  ] 2017-10-04T15:56:07.538853974Z: [    1.313070] NetLabel: Initializing
[STDERR  ] 2017-10-04T15:56:07.538859977Z: [    1.313366] NetLabel:  domain hash size = 128
[STDERR  ] 2017-10-04T15:56:07.538865693Z: [    1.313660] NetLabel:  protocols = UNLABELED CIPSOv4
[STDERR  ] 2017-10-04T15:56:07.538873852Z: [    1.316174] NetLabel:  unlabeled traffic allowed by default
[STDERR  ] 2017-10-04T15:56:07.538879966Z: [    1.317381] HPET: 3 timers in total, 0 timers will be used for per-cpu timer
[STDERR  ] 2017-10-04T15:56:07.538885739Z: [    1.318226] hpet0: at MMIO 0xfed00000, IRQs 2, 8, 0
[STDERR  ] 2017-10-04T15:56:07.538891675Z: [    1.318800] hpet0: 3 comparators, 64-bit 100.000000 MHz counter
[STDERR  ] 2017-10-04T15:56:07.538897953Z: [    1.326837] clocksource: Switched to clocksource hpet
[STDERR  ] 2017-10-04T15:56:07.538903728Z: [    1.562074] VFS: Disk quotas dquot_6.6.0
[STDERR  ] 2017-10-04T15:56:07.538909538Z: [    1.563054] VFS: Dquot-cache hash table entries: 512 (order 0, 4096 bytes)
[STDERR  ] 2017-10-04T15:56:07.538915226Z: [    1.566654] FS-Cache: Loaded
[STDERR  ] 2017-10-04T15:56:07.538921217Z: [    1.573308] CacheFiles: Loaded
[STDERR  ] 2017-10-04T15:56:07.538926984Z: [    1.574981] pnp: PnP ACPI init
[STDERR  ] 2017-10-04T15:56:07.538932504Z: [    1.586001] pnp: PnP ACPI: found 5 devices
[STDERR  ] 2017-10-04T15:56:07.53894293Z: [    1.632160] clocksource: acpi_pm: mask: 0xffffff max_cycles: 0xffffff, max_idle_ns: 2085701024 ns
[STDERR  ] 2017-10-04T15:56:07.538948615Z: [    1.636085] NET: Registered protocol family 2
[STDERR  ] 2017-10-04T15:56:07.538954013Z: [    1.643920] TCP established hash table entries: 8192 (order: 4, 65536 bytes)
[STDERR  ] 2017-10-04T15:56:07.538959481Z: [    1.644774] TCP bind hash table entries: 8192 (order: 5, 131072 bytes)
[STDERR  ] 2017-10-04T15:56:07.538964867Z: [    1.645520] TCP: Hash tables configured (established 8192 bind 8192)
[STDERR  ] 2017-10-04T15:56:07.538971434Z: [    1.647490] UDP hash table entries: 512 (order: 2, 16384 bytes)
[STDERR  ] 2017-10-04T15:56:07.538977272Z: [    1.648066] UDP-Lite hash table entries: 512 (order: 2, 16384 bytes)
[STDERR  ] 2017-10-04T15:56:07.538982784Z: [    1.650778] NET: Registered protocol family 1
[STDERR  ] 2017-10-04T15:56:07.538988161Z: [    1.651827] pci 0000:00:01.0: Video device with shadowed ROM at [mem 0x000c0000-0x000dffff]
[STDERR  ] 2017-10-04T15:56:07.538997417Z: [    1.658889] Unpacking initramfs...
[STDERR  ] 2017-10-04T15:56:07.539002749Z: [    5.224739] Freeing initrd memory: 24276K
[STDERR  ] 2017-10-04T15:56:07.539008152Z: [    5.251027] PCLMULQDQ-NI instructions are not detected.
[STDERR  ] 2017-10-04T15:56:07.539014739Z: [    5.252500] AVX or AES-NI instructions are not detected.
[STDERR  ] 2017-10-04T15:56:07.539020048Z: [    5.253014] CPU feature 'AVX registers' is not supported.
[STDERR  ] 2017-10-04T15:56:07.539028632Z: [    5.253384] CPU feature 'AVX registers' is not supported.
[STDERR  ] 2017-10-04T15:56:07.539034246Z: [    5.253790] CPU feature 'AVX registers' is not supported.
[STDERR  ] 2017-10-04T15:56:07.539040547Z: [    5.254176] CPU feature 'AVX registers' is not supported.
[STDERR  ] 2017-10-04T15:56:07.539045879Z: [    5.254579] AVX2 or AES-NI instructions are not detected.
[STDERR  ] 2017-10-04T15:56:07.539051172Z: [    5.254972] AVX2 instructions are not detected.
[STDERR  ] 2017-10-04T15:56:07.539056443Z: [    5.262013] audit: initializing netlink subsys (disabled)
[STDERR  ] 2017-10-04T15:56:07.539061988Z: [    5.263688] audit: type=2000 audit(1507132528.260:1): initialized
[STDERR  ] 2017-10-04T15:56:07.539067414Z: [    5.270994] workingset: timestamp_bits=46 max_order=18 bucket_order=0
[STDERR  ] 2017-10-04T15:56:07.539076404Z: [    5.277712] FS-Cache: Netfs 'cifs' registered for caching
[STDERR  ] 2017-10-04T15:56:07.539085474Z: [    5.278765] fuse init (API version 7.26)
[STDERR  ] 2017-10-04T15:56:07.539093908Z: [    5.282570] SGI XFS with ACLs, security attributes, no debug enabled
[STDERR  ] 2017-10-04T15:56:07.539126401Z: [    5.289510] 9p: Installing v9fs 9p2000 file system support
[STDERR  ] 2017-10-04T15:56:07.539134681Z: [    5.290256] FS-Cache: Netfs '9p' registered for caching
[STDERR  ] 2017-10-04T15:56:07.539143619Z: [    5.318769] NET: Registered protocol family 38
[STDERR  ] 2017-10-04T15:56:07.53915195Z: [    5.319398] Key type asymmetric registered
[STDERR  ] 2017-10-04T15:56:07.539160164Z: [    5.319794] Asymmetric key parser 'x509' registered
[STDERR  ] 2017-10-04T15:56:07.53916718Z: [    5.322053] Block layer SCSI generic (bsg) driver version 0.4 loaded (major 251)
[STDERR  ] 2017-10-04T15:56:07.539173552Z: [    5.323608] io scheduler noop registered
[STDERR  ] 2017-10-04T15:56:07.539179398Z: [    5.323920] io scheduler deadline registered (default)
[STDERR  ] 2017-10-04T15:56:07.539185012Z: [    5.324774] io scheduler cfq registered
[STDERR  ] 2017-10-04T15:56:07.539190482Z: [    5.327383] pci_hotplug: PCI Hot Plug PCI Core version: 0.5
[STDERR  ] 2017-10-04T15:56:07.539197073Z: [    5.328001] pciehp: PCI Express Hot Plug Controller Driver version: 0.4
[STDERR  ] 2017-10-04T15:56:07.539203025Z: [    5.328839] shpchp: Standard Hot Plug PCI Controller Driver version: 0.4
[STDERR  ] 2017-10-04T15:56:07.539208884Z: [    5.329704] hv_vmbus: registering driver hyperv_fb
[STDERR  ] 2017-10-04T15:56:07.539216227Z: [    5.333764] input: Power Button as /devices/LNXSYSTM:00/LNXPWRBN:00/input/input0
[STDERR  ] 2017-10-04T15:56:07.539223511Z: [    5.334866] ACPI: Power Button [PWRF]
[STDERR  ] 2017-10-04T15:56:07.539228829Z: [    5.339455] GHES: HEST is not enabled!
[STDERR  ] 2017-10-04T15:56:07.539234209Z: [    5.351826] ACPI: PCI Interrupt Link [GSIG] enabled at IRQ 22
[STDERR  ] 2017-10-04T15:56:07.539239703Z: [    5.364815] ACPI: PCI Interrupt Link [GSIH] enabled at IRQ 23
[STDERR  ] 2017-10-04T15:56:07.539245027Z: [    5.371012] xenfs: not registering filesystem on non-xen platform
[STDERR  ] 2017-10-04T15:56:07.539250431Z: [    5.373230] Serial: 8250/16550 driver, 4 ports, IRQ sharing disabled
[STDERR  ] 2017-10-04T15:56:07.539256239Z: [    5.398004] 00:04: ttyS0 at I/O 0x3f8 (irq = 4, base_baud = 115200) is a 16550A
[STDERR  ] 2017-10-04T15:56:07.539261593Z: [    5.409892] Non-volatile memory driver v1.3
[STDERR  ] 2017-10-04T15:56:07.539267147Z: [    5.416554] Hangcheck: starting hangcheck timer 0.9.1 (tick is 180 seconds, margin is 60 seconds).
[STDERR  ] 2017-10-04T15:56:07.539272941Z: [    5.454222] loop: module loaded
[STDERR  ] 2017-10-04T15:56:07.539278662Z: [    5.468979] nbd: registered device at major 43
[STDERR  ] 2017-10-04T15:56:07.539284048Z: [    5.508291] lpc_ich 0000:00:1f.0: I/O space for GPIO uninitialized
[STDERR  ] 2017-10-04T15:56:07.539289426Z: [    5.510952] VMware PVSCSI driver - version 1.0.7.0-k
[STDERR  ] 2017-10-04T15:56:07.539294943Z: [    5.511820] hv_vmbus: registering driver hv_storvsc
[STDERR  ] 2017-10-04T15:56:07.539302131Z: [    5.522138] ACPI: PCI Interrupt Link [GSIA] enabled at IRQ 16
[STDERR  ] 2017-10-04T15:56:07.539311669Z: [    5.528618] ahci 0000:00:1f.2: AHCI 0001.0000 32 slots 6 ports 1.5 Gbps 0x3f impl SATA mode
[STDERR  ] 2017-10-04T15:56:07.53931723Z: [    5.529444] ahci 0000:00:1f.2: flags: 64bit ncq only 
[STDERR  ] 2017-10-04T15:56:07.539322685Z: [    5.548968] scsi host0: ahci
[STDERR  ] 2017-10-04T15:56:07.539328156Z: [    5.554391] scsi host1: ahci
[STDERR  ] 2017-10-04T15:56:07.539333496Z: [    5.556930] scsi host2: ahci
[STDERR  ] 2017-10-04T15:56:07.539338808Z: [    5.559183] scsi host3: ahci
[STDERR  ] 2017-10-04T15:56:07.539344229Z: [    5.561711] scsi host4: ahci
[STDERR  ] 2017-10-04T15:56:07.539349705Z: [    5.563836] scsi host5: ahci
[STDERR  ] 2017-10-04T15:56:07.539362274Z: [    5.565650] ata1: SATA max UDMA/133 abar m4096@0xfebd2000 port 0xfebd2100 irq 24
[STDERR  ] 2017-10-04T15:56:07.539367966Z: [    5.566118] ata2: SATA max UDMA/133 abar m4096@0xfebd2000 port 0xfebd2180 irq 24
[STDERR  ] 2017-10-04T15:56:07.539376151Z: [    5.566552] ata3: SATA max UDMA/133 abar m4096@0xfebd2000 port 0xfebd2200 irq 24
[STDERR  ] 2017-10-04T15:56:07.539381964Z: [    5.566949] ata4: SATA max UDMA/133 abar m4096@0xfebd2000 port 0xfebd2280 irq 24
[STDERR  ] 2017-10-04T15:56:07.539387391Z: [    5.567544] ata5: SATA max UDMA/133 abar m4096@0xfebd2000 port 0xfebd2300 irq 24
[STDERR  ] 2017-10-04T15:56:07.539394298Z: [    5.567933] ata6: SATA max UDMA/133 abar m4096@0xfebd2000 port 0xfebd2380 irq 24
[STDERR  ] 2017-10-04T15:56:07.539399761Z: [    5.580883] tun: Universal TUN/TAP device driver, 1.6
[STDERR  ] 2017-10-04T15:56:07.539405335Z: [    5.581289] tun: (C) 1999-2004 Max Krasnyansky <maxk@qualcomm.com>
[STDERR  ] 2017-10-04T15:56:07.539411023Z: [    5.592202] VMware vmxnet3 virtual NIC driver - version 1.4.a.0-k-NAPI
[STDERR  ] 2017-10-04T15:56:07.53941682Z: [    5.593297] hv_vmbus: registering driver hv_netvsc
[STDERR  ] 2017-10-04T15:56:07.539422426Z: [    5.593649] Fusion MPT base driver 3.04.20
[STDERR  ] 2017-10-04T15:56:07.539432031Z: [    5.593900] Copyright (c) 1999-2008 LSI Corporation
[STDERR  ] 2017-10-04T15:56:07.539437564Z: [    5.594490] Fusion MPT SPI Host driver 3.04.20
[STDERR  ] 2017-10-04T15:56:07.539442966Z: [    5.596480] i8042: PNP: PS/2 Controller [PNP0303:KBD,PNP0f13:MOU] at 0x60,0x64 irq 1,12
[STDERR  ] 2017-10-04T15:56:07.539448937Z: [    5.601037] serio: i8042 KBD port at 0x60,0x64 irq 1
[STDERR  ] 2017-10-04T15:56:07.539455657Z: [    5.601687] serio: i8042 AUX port at 0x60,0x64 irq 12
[STDERR  ] 2017-10-04T15:56:07.539461242Z: [    5.604725] hv_vmbus: registering driver hyperv_keyboard
[STDERR  ] 2017-10-04T15:56:07.539466667Z: [    5.606917] mousedev: PS/2 mouse device common for all mice
[STDERR  ] 2017-10-04T15:56:07.539472095Z: [    5.612129] input: AT Translated Set 2 keyboard as /devices/platform/i8042/serio0/input/input1
[STDERR  ] 2017-10-04T15:56:07.539477831Z: [    5.615512] input: PC Speaker as /devices/platform/pcspkr/input/input2
[STDERR  ] 2017-10-04T15:56:07.539483132Z: [    5.619000] rtc_cmos 00:00: RTC can wake from S4
[STDERR  ] 2017-10-04T15:56:07.539492533Z: [    5.622832] rtc_cmos 00:00: rtc core: registered rtc_cmos as rtc0
[STDERR  ] 2017-10-04T15:56:07.539498021Z: [    5.624284] rtc_cmos 00:00: alarms up to one day, y3k, 114 bytes nvram, hpet irqs
[STDERR  ] 2017-10-04T15:56:07.539503452Z: [    5.625005] i2c /dev entries driver
[STDERR  ] 2017-10-04T15:56:07.539510479Z: [    5.626890] device-mapper: ioctl: 4.35.0-ioctl (2016-06-23) initialised: dm-devel@redhat.com
[STDERR  ] 2017-10-04T15:56:07.53951769Z: [    5.631900] usbcore: registered new interface driver usbhid
[STDERR  ] 2017-10-04T15:56:07.539523209Z: [    5.632336] usbhid: USB HID core driver
[STDERR  ] 2017-10-04T15:56:07.5395285Z: [    5.632967] hv_utils: Registering HyperV Utility Driver
[STDERR  ] 2017-10-04T15:56:07.539534066Z: [    5.633283] hv_vmbus: registering driver hv_util
[STDERR  ] 2017-10-04T15:56:07.539539422Z: [    5.633593] hv_vmbus: registering driver hv_balloon
[STDERR  ] 2017-10-04T15:56:07.53954613Z: [    5.634139] oprofile: using NMI interrupt.
[STDERR  ] 2017-10-04T15:56:07.539555619Z: [    5.635288] GACT probability on
[STDERR  ] 2017-10-04T15:56:07.539562035Z: [    5.635790] Mirror/redirect action on
[STDERR  ] 2017-10-04T15:56:07.539567507Z: [    5.636677] Simple TC action Loaded
[STDERR  ] 2017-10-04T15:56:07.539572781Z: [    5.637191] u32 classifier
[STDERR  ] 2017-10-04T15:56:07.539578612Z: [    5.637368]     Performance counters on
[STDERR  ] 2017-10-04T15:56:07.539584022Z: [    5.637616]     input device check on
[STDERR  ] 2017-10-04T15:56:07.539589431Z: [    5.637862]     Actions configured
[STDERR  ] 2017-10-04T15:56:07.539594731Z: [    5.638485] Netfilter messages via NETLINK v0.30.
[STDERR  ] 2017-10-04T15:56:07.539600042Z: [    5.639063] nfnl_acct: registering with nfnetlink.
[STDERR  ] 2017-10-04T15:56:07.539605354Z: [    5.641132] nf_conntrack version 0.5.0 (8192 buckets, 32768 max)
[STDERR  ] 2017-10-04T15:56:07.539610909Z: [    5.644199] ctnetlink v0.93: registering with nfnetlink.
[STDERR  ] 2017-10-04T15:56:07.539620189Z: [    5.647342] nf_tables: (c) 2007-2009 Patrick McHardy <kaber@trash.net>
[STDERR  ] 2017-10-04T15:56:07.539627165Z: [    5.648189] nf_tables_compat: (c) 2012 Pablo Neira Ayuso <pablo@netfilter.org>
[STDERR  ] 2017-10-04T15:56:07.53963313Z: [    5.650982] xt_time: kernel timezone is -0000
[STDERR  ] 2017-10-04T15:56:07.539638735Z: [    5.651516] ip_set: protocol 6
[STDERR  ] 2017-10-04T15:56:07.539644484Z: [    5.652146] IPVS: Registered protocols (TCP, UDP, SCTP, AH, ESP)
[STDERR  ] 2017-10-04T15:56:07.539649835Z: [    5.652730] IPVS: Connection hash table configured (size=4096, memory=64Kbytes)
[STDERR  ] 2017-10-04T15:56:07.539655243Z: [    5.654452] IPVS: Creating netns size=2104 id=0
[STDERR  ] 2017-10-04T15:56:07.539660739Z: [    5.657518] IPVS: ipvs loaded.
[STDERR  ] 2017-10-04T15:56:07.539666217Z: [    5.657943] IPVS: [rr] scheduler registered.
[STDERR  ] 2017-10-04T15:56:07.539671683Z: [    5.658334] IPVS: [wrr] scheduler registered.
[STDERR  ] 2017-10-04T15:56:07.539677181Z: [    5.658674] IPVS: [lc] scheduler registered.
[STDERR  ] 2017-10-04T15:56:07.539682718Z: [    5.658997] IPVS: [wlc] scheduler registered.
[STDERR  ] 2017-10-04T15:56:07.539688195Z: [    5.659352] IPVS: [fo] scheduler registered.
[STDERR  ] 2017-10-04T15:56:07.539693557Z: [    5.659648] IPVS: [ovf] scheduler registered.
[STDERR  ] 2017-10-04T15:56:07.539699067Z: [    5.660553] IPVS: [lblc] scheduler registered.
[STDERR  ] 2017-10-04T15:56:07.539704525Z: [    5.661029] IPVS: [lblcr] scheduler registered.
[STDERR  ] 2017-10-04T15:56:07.539713722Z: [    5.661326] IPVS: [dh] scheduler registered.
[STDERR  ] 2017-10-04T15:56:07.539719205Z: [    5.661604] IPVS: [sh] scheduler registered.
[STDERR  ] 2017-10-04T15:56:07.539724509Z: [    5.661865] IPVS: [sed] scheduler registered.
[STDERR  ] 2017-10-04T15:56:07.539729808Z: [    5.662122] IPVS: [nq] scheduler registered.
[STDERR  ] 2017-10-04T15:56:07.539739686Z: [    5.662847] IPVS: ftp: loaded support on port[0] = 21
[STDERR  ] 2017-10-04T15:56:07.539745141Z: [    5.663700] ipip: IPv4 and MPLS over IPv4 tunneling driver
[STDERR  ] 2017-10-04T15:56:07.539750591Z: [    5.667811] gre: GRE over IPv4 demultiplexor driver
[STDERR  ] 2017-10-04T15:56:07.539756163Z: [    5.670904] ip_tables: (C) 2000-2006 Netfilter Core Team
[STDERR  ] 2017-10-04T15:56:07.539761514Z: [    5.674056] ipt_CLUSTERIP: ClusterIP Version 0.8 loaded successfully
[STDERR  ] 2017-10-04T15:56:07.539766988Z: [    5.674799] arp_tables: arp_tables: (C) 2002 David S. Miller
[STDERR  ] 2017-10-04T15:56:07.539774215Z: [    5.677055] NET: Registered protocol family 10
[STDERR  ] 2017-10-04T15:56:07.539779596Z: [    5.686784] ip6_tables: (C) 2000-2006 Netfilter Core Team
[STDERR  ] 2017-10-04T15:56:07.539785267Z: [    5.695620] NET: Registered protocol family 17
[STDERR  ] 2017-10-04T15:56:07.539790616Z: [    5.696755] Bridge firewalling registered
[STDERR  ] 2017-10-04T15:56:07.539795928Z: [    5.697329] Ebtables v2.0 registered
[STDERR  ] 2017-10-04T15:56:07.539801208Z: [    5.699211] 8021q: 802.1Q VLAN Support v1.8
[STDERR  ] 2017-10-04T15:56:07.539809919Z: [    5.701075] 9pnet: Installing 9P2000 support
[STDERR  ] 2017-10-04T15:56:07.53981534Z: [    5.702722] Key type dns_resolver registered
[STDERR  ] 2017-10-04T15:56:07.539820771Z: [    5.703656] microcode: AMD CPU family 0x6 not supported
[STDERR  ] 2017-10-04T15:56:07.539826178Z: [    5.707296] registered taskstats version 1
[STDERR  ] 2017-10-04T15:56:07.539831539Z: [    5.904267] ata3: SATA link up 1.5 Gbps (SStatus 113 SControl 300)
[STDERR  ] 2017-10-04T15:56:07.53983702Z: [    5.909868] ata3.00: ATAPI: QEMU DVD-ROM, 2.5+, max UDMA/100
[STDERR  ] 2017-10-04T15:56:07.539842339Z: [    5.910968] ata3.00: applying bridge limits
[STDERR  ] 2017-10-04T15:56:07.539847673Z: [    5.912497] ata2: SATA link down (SStatus 0 SControl 300)
[STDERR  ] 2017-10-04T15:56:07.539853122Z: [    5.913911] ata1: SATA link down (SStatus 0 SControl 300)
[STDERR  ] 2017-10-04T15:56:07.539858488Z: [    5.914694] ata4: SATA link down (SStatus 0 SControl 300)
[STDERR  ] 2017-10-04T15:56:07.539867854Z: [    5.915296] ata5: SATA link down (SStatus 0 SControl 300)
[STDERR  ] 2017-10-04T15:56:07.539873682Z: [    5.921115] ata3.00: configured for UDMA/100
[STDERR  ] 2017-10-04T15:56:07.539879091Z: [    5.923232] ata6: SATA link down (SStatus 0 SControl 300)
[STDERR  ] 2017-10-04T15:56:07.539884985Z: [    5.940583] scsi 2:0:0:0: CD-ROM            QEMU     QEMU DVD-ROM     2.5+ PQ: 0 ANSI: 5
[STDERR  ] 2017-10-04T15:56:07.539891137Z: [    5.951760] Key type big_key registered
[STDERR  ] 2017-10-04T15:56:07.539896619Z: [    5.973855] sr 2:0:0:0: [sr0] scsi3-mmc drive: 4x/4x cd/rw xa/form2 tray
[STDERR  ] 2017-10-04T15:56:07.539902107Z: [    5.974608] cdrom: Uniform CD-ROM driver Revision: 3.20
[STDERR  ] 2017-10-04T15:56:07.539908913Z: [    5.992407] sr 2:0:0:0: Attached scsi generic sg0 type 5
[STDERR  ] 2017-10-04T15:56:07.539914312Z: [    6.024619] Key type encrypted registered
[STDERR  ] 2017-10-04T15:56:07.539919752Z: [    6.030051] rtc_cmos 00:00: setting system clock to 2017-10-04 15:55:29 UTC (1507132529)
[STDERR  ] 2017-10-04T15:56:07.539925218Z: [    6.176463] Freeing unused kernel memory: 1380K
[STDERR  ] 2017-10-04T15:56:07.539930548Z: [    6.176855] Write protecting the kernel read-only data: 12288k
[STDERR  ] 2017-10-04T15:56:07.539935954Z: [    6.185599] Freeing unused kernel memory: 140K
[STDERR  ] 2017-10-04T15:56:07.539941251Z: [    6.314704] Freeing unused kernel memory: 1400K
[STDERR  ] 2017-10-04T15:56:07.539947822Z: [    6.315584] tsc: Refined TSC clocksource calibration: 2599.912 MHz
[STDERR  ] 2017-10-04T15:56:07.539953341Z: [    6.316127] clocksource: tsc: mask: 0xffffffffffffffff max_cycles: 0x2579e8df24a, max_idle_ns: 440795249145 ns
[STDERR  ] 2017-10-04T15:56:07.539959001Z: [    7.327552] clocksource: Switched to clocksource tsc
[STDERR  ] 2017-10-04T15:56:07.53996443Z: 
[STDERR  ] 2017-10-04T15:56:07.539969879Z: Welcome to LinuxKit
[STDERR  ] 2017-10-04T15:56:07.539975161Z: 
[STDERR  ] 2017-10-04T15:56:07.539980655Z:                         ##         .
[STDERR  ] 2017-10-04T15:56:07.539987088Z:                   ## ## ##        ==
[STDERR  ] 2017-10-04T15:56:07.539992425Z:                ## ## ## ## ##    ===
[STDERR  ] 2017-10-04T15:56:07.539997895Z:            /"""""""""""""""""\___/ ===
[STDERR  ] 2017-10-04T15:56:07.540003292Z:           {                       /  ===-
[STDERR  ] 2017-10-04T15:56:07.540012016Z:            \______ O           __/
[STDERR  ] 2017-10-04T15:56:07.540017354Z:              \    \         __/
[STDERR  ] 2017-10-04T15:56:07.540022765Z:               \____\_______/
[STDERR  ] 2017-10-04T15:56:07.540028169Z: 
[STDERR  ] 2017-10-04T15:56:07.540037173Z: starting kernel config sanity test with /proc/config.gz
[STDERR  ] 2017-10-04T15:56:07.540042593Z: [   22.472707] RPC: Registered named UNIX socket transport module.
[STDERR  ] 2017-10-04T15:56:07.540052179Z: [   22.473265] RPC: Registered udp transport module.
[STDERR  ] 2017-10-04T15:56:07.540057574Z: [   22.473554] RPC: Registered tcp transport module.
[STDERR  ] 2017-10-04T15:56:07.540062899Z: [   22.473863] RPC: Registered tcp NFSv4.1 backchannel transport module.
[STDERR  ] 2017-10-04T15:56:07.540072748Z: [   22.567559] FS-Cache: Netfs 'nfs' registered for caching
[STDERR  ] 2017-10-04T15:56:07.540078208Z: [   22.671147] Installing knfsd (copyright (C) 1996 okir@monad.swb.de).
[STDERR  ] 2017-10-04T15:56:07.540083948Z: [   22.724891] ntfs: driver 2.1.32 [Flags: R/O MODULE].
[STDERR  ] 2017-10-04T15:56:07.540089301Z: kernel config test succeeded!
[STDERR  ] 2017-10-04T15:56:07.540096225Z: [37minfo: reading kernel config from /proc/config.gz ...[m
[STDERR  ] 2017-10-04T15:56:07.54010152Z: 
[STDERR  ] 2017-10-04T15:56:07.540107046Z: Generally Necessary:
[STDERR  ] 2017-10-04T15:56:07.540112451Z: - [37mcgroup hierarchy[m: [32mproperly mounted[m [/sys/fs/cgroup]
[STDERR  ] 2017-10-04T15:56:07.540117882Z: - [37mCONFIG_NAMESPACES[m: [32menabled[m
[STDERR  ] 2017-10-04T15:56:07.540123261Z: - [37mCONFIG_NET_NS[m: [32menabled[m
[STDERR  ] 2017-10-04T15:56:07.540131787Z: - [37mCONFIG_PID_NS[m: [32menabled[m
[STDERR  ] 2017-10-04T15:56:07.540137193Z: - [37mCONFIG_IPC_NS[m: [32menabled[m
[STDERR  ] 2017-10-04T15:56:07.540142533Z: - [37mCONFIG_UTS_NS[m: [32menabled[m
[STDERR  ] 2017-10-04T15:56:07.540147852Z: - [37mCONFIG_CGROUPS[m: [32menabled[m[   24.823921] random: fast init done
[STDERR  ] 2017-10-04T15:56:07.540153287Z: 
[STDERR  ] 2017-10-04T15:56:07.540159201Z: - [37mCONFIG_CGROUP_CPUACCT[m: [32menabled[m
[STDERR  ] 2017-10-04T15:56:07.540164574Z: - [37mCONFIG_CGROUP_DEVICE[m: [32menabled[m
[STDERR  ] 2017-10-04T15:56:07.540169892Z: - [37mCONFIG_CGROUP_FREEZER[m: [32menabled[m
[STDERR  ] 2017-10-04T15:56:07.540175214Z: - [37mCONFIG_CGROUP_SCHED[m: [32menabled[m
[STDERR  ] 2017-10-04T15:56:07.540180526Z: - [37mCONFIG_CPUSETS[m: [32menabled[m
[STDERR  ] 2017-10-04T15:56:07.540185835Z: - [37mCONFIG_MEMCG[m: [32menabled[m
[STDERR  ] 2017-10-04T15:56:07.540191199Z: - [37mCONFIG_KEYS[m: [32menabled[m
[STDERR  ] 2017-10-04T15:56:07.540196542Z: - [37mCONFIG_VETH[m: [32menabled[m
[STDERR  ] 2017-10-04T15:56:07.54020396Z: - [37mCONFIG_BRIDGE[m: [32menabled[m
[STDERR  ] 2017-10-04T15:56:07.540209342Z: - [37mCONFIG_BRIDGE_NETFILTER[m: [32menabled[m
[STDERR  ] 2017-10-04T15:56:07.540214658Z: - [37mCONFIG_NF_NAT_IPV4[m: [32menabled[m
[STDERR  ] 2017-10-04T15:56:07.540219956Z: - [37mCONFIG_IP_NF_FILTER[m: [32menabled[m
[STDERR  ] 2017-10-04T15:56:07.540225302Z: - [37mCONFIG_IP_NF_TARGET_MASQUERADE[m: [32menabled[m
[STDERR  ] 2017-10-04T15:56:07.54023061Z: - [37mCONFIG_NETFILTER_XT_MATCH_ADDRTYPE[m: [32menabled[m
[STDERR  ] 2017-10-04T15:56:07.540235921Z: - [37mCONFIG_NETFILTER_XT_MATCH_CONNTRACK[m: [32menabled[m
[STDERR  ] 2017-10-04T15:56:07.540241251Z: - [37mCONFIG_NETFILTER_XT_MATCH_IPVS[m: [32menabled[m
[STDERR  ] 2017-10-04T15:56:07.540246627Z: - [37mCONFIG_IP_NF_NAT[m: [32menabled[m
[STDERR  ] 2017-10-04T15:56:07.540251941Z: - [37mCONFIG_NF_NAT[m: [32menabled[m
[STDERR  ] 2017-10-04T15:56:07.540260897Z: - [37mCONFIG_NF_NAT_NEEDED[m: [32menabled[m
[STDERR  ] 2017-10-04T15:56:07.540266358Z: - [37mCONFIG_POSIX_MQUEUE[m: [32menabled[m
[STDERR  ] 2017-10-04T15:56:07.54027162Z: 
[STDERR  ] 2017-10-04T15:56:07.540276977Z: Optional Features:
[STDERR  ] 2017-10-04T15:56:07.540282314Z: - [37mCONFIG_USER_NS[m: [32menabled[m
[STDERR  ] 2017-10-04T15:56:07.540287633Z: - [37mCONFIG_SECCOMP[m: [32menabled[m
[STDERR  ] 2017-10-04T15:56:07.540292919Z: - [37mCONFIG_CGROUP_PIDS[m: [32menabled[m
[STDERR  ] 2017-10-04T15:56:07.540298363Z: - [37mCONFIG_MEMCG_SWAP[m: [32menabled[m
[STDERR  ] 2017-10-04T15:56:07.54030368Z: - [37mCONFIG_MEMCG_SWAP_ENABLED[m: [32menabled[m
[STDERR  ] 2017-10-04T15:56:07.540308995Z:     [1;30m(cgroup swap accounting is currently enabled)[m
[STDERR  ] 2017-10-04T15:56:07.540314224Z: - [1mCONFIG_LEGACY_VSYSCALL_NONE[m: [1;31menabled[m
[STDERR  ] 2017-10-04T15:56:07.540319513Z:     [1;30m(containers using eglibc <= 2.13 will not work. Switch to[m
[STDERR  ] 2017-10-04T15:56:07.540324957Z:     [1;30m "CONFIG_VSYSCALL_[NATIVE|EMULATE]" or use "vsyscall=[native|emulate]"[m
[STDERR  ] 2017-10-04T15:56:07.540337197Z:     [1;30m on kernel command line. Note that this will disable ASLR for the,[m
[STDERR  ] 2017-10-04T15:56:07.540342593Z:     [1;30m VDSO which may assist in exploiting security vulnerabilities.)[m
[STDERR  ] 2017-10-04T15:56:07.540349244Z: - [37mCONFIG_BLK_CGROUP[m: [32menabled[m
[STDERR  ] 2017-10-04T15:56:07.540358707Z: - [37mCONFIG_BLK_DEV_THROTTLING[m: [32menabled[m
[STDERR  ] 2017-10-04T15:56:07.540364162Z: - [37mCONFIG_IOSCHED_CFQ[m: [32menabled[m
[STDERR  ] 2017-10-04T15:56:07.540369547Z: - [37mCONFIG_CFQ_GROUP_IOSCHED[m: [32menabled[m
[STDERR  ] 2017-10-04T15:56:07.540374937Z: - [37mCONFIG_CGROUP_PERF[m: [32menabled[m
[STDERR  ] 2017-10-04T15:56:07.54038027Z: - [37mCONFIG_CGROUP_HUGETLB[m: [32menabled[m
[STDERR  ] 2017-10-04T15:56:07.540385655Z: - [37mCONFIG_NET_CLS_CGROUP[m: [32menabled[m
[STDERR  ] 2017-10-04T15:56:07.540395226Z: - [37mCONFIG_CGROUP_NET_PRIO[m: [32menabled[m
[STDERR  ] 2017-10-04T15:56:07.540400671Z: - [37mCONFIG_CFS_BANDWIDTH[m: [32menabled[m
[STDERR  ] 2017-10-04T15:56:07.540406063Z: - [37mCONFIG_FAIR_GROUP_SCHED[m: [32menabled[m
[STDERR  ] 2017-10-04T15:56:07.540411324Z: - [37mCONFIG_RT_GROUP_SCHED[m: [32menabled[m
[STDERR  ] 2017-10-04T15:56:07.540416636Z: - [37mCONFIG_IP_VS[m: [32menabled[m
[STDERR  ] 2017-10-04T15:56:07.54042194Z: - [37mCONFIG_IP_VS_NFCT[m: [32menabled[m
[STDERR  ] 2017-10-04T15:56:07.540427313Z: - [37mCONFIG_IP_VS_RR[m: [32menabled[m
[STDERR  ] 2017-10-04T15:56:07.540436451Z: - [37mCONFIG_EXT4_FS[m: [32menabled[m
[STDERR  ] 2017-10-04T15:56:07.540441748Z: - [37mCONFIG_EXT4_FS_POSIX_ACL[m: [32menabled[m
[STDERR  ] 2017-10-04T15:56:07.540447087Z: - [37mCONFIG_EXT4_FS_SECURITY[m: [32menabled[m
[STDERR  ] 2017-10-04T15:56:07.540452393Z: - Network Drivers:
[STDERR  ] 2017-10-04T15:56:07.540457828Z:   - "[34moverlay[m":
[STDERR  ] 2017-10-04T15:56:07.540465432Z:     - [37mCONFIG_VXLAN[m: [32menabled[m
[STDERR  ] 2017-10-04T15:56:07.540470826Z:       Optional (for encrypted networks):
[STDERR  ] 2017-10-04T15:56:07.540476128Z:       - [37mCONFIG_CRYPTO[m: [32menabled[m
[STDERR  ] 2017-10-04T15:56:07.540481414Z:       - [37mCONFIG_CRYPTO_AEAD[m: [32menabled[m
[STDERR  ] 2017-10-04T15:56:07.540486735Z:       - [37mCONFIG_CRYPTO_GCM[m: [32menabled[m
[STDERR  ] 2017-10-04T15:56:07.540492076Z:       - [37mCONFIG_CRYPTO_SEQIV[m: [32menabled[m
[STDERR  ] 2017-10-04T15:56:07.540497401Z:       - [37mCONFIG_CRYPTO_GHASH[m: [32menabled[m
[STDERR  ] 2017-10-04T15:56:07.540502655Z:       - [37mCONFIG_XFRM[m: [32menabled[m
[STDERR  ] 2017-10-04T15:56:07.540507924Z:       - [37mCONFIG_XFRM_USER[m: [32menabled (as module)[m
[STDERR  ] 2017-10-04T15:56:07.540513288Z:       - [37mCONFIG_XFRM_ALGO[m: [32menabled (as module)[m
[STDERR  ] 2017-10-04T15:56:07.54051863Z:       - [37mCONFIG_INET_ESP[m: [32menabled (as module)[m
[STDERR  ] 2017-10-04T15:56:07.540524042Z:       - [37mCONFIG_INET_XFRM_MODE_TRANSPORT[m: [32menabled (as module)[m
[STDERR  ] 2017-10-04T15:56:07.54052941Z:   - "[34mipvlan[m":
[STDERR  ] 2017-10-04T15:56:07.54053607Z:     - [37mCONFIG_IPVLAN[m: [32menabled[m
[STDERR  ] 2017-10-04T15:56:07.540541661Z:   - "[34mmacvlan[m":
[STDERR  ] 2017-10-04T15:56:07.540547307Z:     - [37mCONFIG_MACVLAN[m: [32menabled[m
[STDERR  ] 2017-10-04T15:56:07.540552654Z:     - [37mCONFIG_DUMMY[m: [32menabled (as module)[m
[STDERR  ] 2017-10-04T15:56:07.5405581Z:   - "[34mftp,tftp client in container[m":
[STDERR  ] 2017-10-04T15:56:07.540563728Z:     - [37mCONFIG_NF_NAT_FTP[m: [32menabled[m
[STDERR  ] 2017-10-04T15:56:07.54056913Z:     - [37mCONFIG_NF_CONNTRACK_FTP[m: [32menabled[m
[STDERR  ] 2017-10-04T15:56:07.540574666Z:     - [37mCONFIG_NF_NAT_TFTP[m: [32menabled[m
[STDERR  ] 2017-10-04T15:56:07.540580201Z:     - [37mCONFIG_NF_CONNTRACK_TFTP[m: [32menabled[m
[STDERR  ] 2017-10-04T15:56:07.540585542Z: - Storage Drivers:
[STDERR  ] 2017-10-04T15:56:07.540595068Z:   - "[34maufs[m":
[STDERR  ] 2017-10-04T15:56:07.540600554Z:     - [1mCONFIG_AUFS_FS[m: [1;31mmissing[m
[STDERR  ] 2017-10-04T15:56:07.540605888Z:   - "[34mbtrfs[m":
[STDERR  ] 2017-10-04T15:56:07.5406112Z:     - [37mCONFIG_BTRFS_FS[m: [32menabled (as module)[m
[STDERR  ] 2017-10-04T15:56:07.540616591Z:     - [37mCONFIG_BTRFS_FS_POSIX_ACL[m: [32menabled[m
[STDERR  ] 2017-10-04T15:56:07.540621941Z:   - "[34mdevicemapper[m":
[STDERR  ] 2017-10-04T15:56:07.540627748Z:     - [37mCONFIG_BLK_DEV_DM[m: [32menabled[m
[STDERR  ] 2017-10-04T15:56:07.540633115Z:     - [37mCONFIG_DM_THIN_PROVISIONING[m: [32menabled[m
[STDERR  ] 2017-10-04T15:56:07.540641432Z:   - "[34moverlay[m":
[STDERR  ] 2017-10-04T15:56:07.54064675Z:     - [37mCONFIG_OVERLAY_FS[m: [32menabled[m
[STDERR  ] 2017-10-04T15:56:07.540652092Z:   - "[34mzfs[m":
[STDERR  ] 2017-10-04T15:56:07.540657628Z:     - [1m/dev/zfs[m: [1;31mmissing[m
[STDERR  ] 2017-10-04T15:56:07.540666278Z:     - [1mzfs command[m: [1;31mmissing[m
[STDERR  ] 2017-10-04T15:56:07.540674894Z:     - [1mzpool command[m: [1;31mmissing[m
[STDERR  ] 2017-10-04T15:56:07.540680319Z: 
[STDERR  ] 2017-10-04T15:56:07.540686114Z: Limits:
[STDERR  ] 2017-10-04T15:56:07.540691553Z: [37m- /proc/sys/kernel/keys/root_maxkeys[m: [32m1000000[m
[STDERR  ] 2017-10-04T15:56:07.540700127Z: 
[STDERR  ] 2017-10-04T15:56:07.540705719Z: Kernel config test suite PASSED
[STDERR  ] 2017-10-04T15:56:07.540712082Z: [   42.737439] ACPI: Preparing to enter system sleep state S5
[STDERR  ] 2017-10-04T15:56:07.540717609Z: [   42.744200] reboot: Power down
[STDERR  ] 2017-10-04T15:56:07.540781513Z: + exit 0
[STDERR  ] 2017-10-04T15:56:07.540795655Z: + clean_up
[STDERR  ] 2017-10-04T15:56:07.540891572Z: + rm -rf kconfig-cmdline kconfig-initrd.img kconfig-kernel kconfig-state
[PASS    ] linuxkit.kernel.config_4.9.x 56.89s
