[INFO    ] 2017-07-27T12:00:19.967477324Z: Running Test linuxkit.packages.mkimage in /tmp/build/test/cases/040_packages/013_mkimage
[INFO    ] 2017-07-27T12:00:19.967580392Z: Running command: [/bin/sh -x /tmp/build/test/cases/040_packages/013_mkimage/test.sh]
[STDERR  ] 2017-07-27T12:00:20.011394963Z: + set -e
[STDERR  ] 2017-07-27T12:00:20.011422311Z: + . /tmp/build/test/cases/_lib/lib.sh
[STDERR  ] 2017-07-27T12:00:20.011428463Z: + [ -f src/github.com/linuxkit/rtf/lib/lib.sh ]
[STDERR  ] 2017-07-27T12:00:20.021925131Z: + LINUXKIT_TMPDIR=/tmp/build/test/cases/_tmp
[STDERR  ] 2017-07-27T12:00:20.0219816Z: + [ -f /tmp/build/test/cases/_tmp/env.sh ]
[STDERR  ] 2017-07-27T12:00:20.022040211Z: + . /tmp/build/test/cases/_tmp/env.sh
[STDERR  ] 2017-07-27T12:00:20.022056612Z: + export LINUXKIT_EXAMPLES_DIR=/tmp/build/test/cases/../../examples
[STDERR  ] 2017-07-27T12:00:20.022074931Z: + export LINUXKIT_BLUEPRINTS_DIR=/tmp/build/test/cases/../../blueprints
[STDERR  ] 2017-07-27T12:00:20.022085198Z: + RT_CANCEL=253
[STDERR  ] 2017-07-27T12:00:20.0221156Z: + trap clean_up EXIT
[STDERR  ] 2017-07-27T12:00:20.022121461Z: + moby build -output kernel+initrd run.yml
[STDERR  ] 2017-07-27T12:00:20.03358167Z: Extract kernel image: linuxkit/kernel:4.9.38
[STDERR  ] 2017-07-27T12:00:21.736023601Z: Add init containers:
[STDERR  ] 2017-07-27T12:00:21.736040144Z: Process init image: linuxkit/init:059b2bb4b6efa5c58cf53fed4d0ea863521959fc
[STDERR  ] 2017-07-27T12:00:22.943922158Z: Process init image: linuxkit/runc:4a35484aa6f90a1f06cdf1fb36f7056926a084b9
[STDERR  ] 2017-07-27T12:00:24.249273335Z: Add onboot containers:
[STDERR  ] 2017-07-27T12:00:24.249336103Z:   Create OCI config for linuxkit/poweroff:bce51402e293da0b653923a43c3c7be6e0effa05
[STDERR  ] 2017-07-27T12:00:25.544361602Z: Create outputs:
[STDERR  ] 2017-07-27T12:00:28.232872469Z:   run-kernel run-initrd.img run-cmdline
[STDERR  ] 2017-07-27T12:00:28.272074781Z: + moby build -output kernel+initrd mkimage.yml
[STDERR  ] 2017-07-27T12:00:28.323545433Z: Extract kernel image: linuxkit/kernel:4.9.38
[STDERR  ] 2017-07-27T12:00:30.043304989Z: Add init containers:
[STDERR  ] 2017-07-27T12:00:30.043369813Z: Process init image: linuxkit/init:059b2bb4b6efa5c58cf53fed4d0ea863521959fc
[STDERR  ] 2017-07-27T12:00:31.320053975Z: Process init image: linuxkit/runc:4a35484aa6f90a1f06cdf1fb36f7056926a084b9
[STDERR  ] 2017-07-27T12:00:32.546050258Z: Add onboot containers:
[STDERR  ] 2017-07-27T12:00:32.546116408Z:   Create OCI config for linuxkit/mkimage:a63b8ee4c5de335afc32ba850e0af319b25b96c0
[STDERR  ] 2017-07-27T12:00:33.63519899Z: Pull image: docker.io/linuxkit/mkimage:a63b8ee4c5de335afc32ba850e0af319b25b96c0@sha256:7a35c6e7248b5c508bacd129071f96c085f61acdcdacf3d8fa48348d94dcb4db
[STDERR  ] 2017-07-27T12:00:38.530846824Z:   Create OCI config for linuxkit/poweroff:bce51402e293da0b653923a43c3c7be6e0effa05
[STDERR  ] 2017-07-27T12:00:39.775271332Z: Create outputs:
[STDERR  ] 2017-07-27T12:00:43.249916248Z:   mkimage-kernel mkimage-initrd.img mkimage-cmdline
[STDERR  ] 2017-07-27T12:00:43.294107105Z: + tar cf tarball.img run-kernel run-initrd.img run-cmdline
[STDERR  ] 2017-07-27T12:00:43.353808317Z: + linuxkit run qemu -disk disk.qcow2,size=200M,format=qcow2 -disk tarball.img,format=raw -kernel mkimage
[STDERR  ] 2017-07-27T12:00:43.369737664Z: Unable to find qemu-system-x86_64 within the $PATH. Using a container
[STDERR  ] 2017-07-27T12:00:44.109960011Z: Using existing disk [tarball.img] format raw
[STDOUT  ] 2017-07-27T12:00:46.500768601Z: [    0.000000] Linux version 4.9.38-linuxkit (root@e1ede117fb1e) (gcc version 6.3.0 (Alpine 6.3.0) ) #1 SMP Thu Jul 20 16:07:02 UTC 2017
[STDOUT  ] 2017-07-27T12:00:46.500909454Z: [    0.000000] Command line: console=ttyS0
[STDOUT  ] 2017-07-27T12:00:46.500915986Z: [    0.000000] x86/fpu: Legacy x87 FPU detected.
[STDOUT  ] 2017-07-27T12:00:46.50124437Z: [    0.000000] x86/fpu: Using 'eager' FPU context switches.
[STDOUT  ] 2017-07-27T12:00:46.50136863Z: [    0.000000] e820: BIOS-provided physical RAM map:
[STDOUT  ] 2017-07-27T12:00:46.50151987Z: [    0.000000] BIOS-e820: [mem 0x0000000000000000-0x000000000009fbff] usable
[STDOUT  ] 2017-07-27T12:00:46.501876141Z: [    0.000000] BIOS-e820: [mem 0x000000000009fc00-0x000000000009ffff] reserved
[STDOUT  ] 2017-07-27T12:00:46.502040225Z: [    0.000000] BIOS-e820: [mem 0x00000000000f0000-0x00000000000fffff] reserved
[STDOUT  ] 2017-07-27T12:00:46.502380895Z: [    0.000000] BIOS-e820: [mem 0x0000000000100000-0x000000003ffddfff] usable
[STDOUT  ] 2017-07-27T12:00:46.502609353Z: [    0.000000] BIOS-e820: [mem 0x000000003ffde000-0x000000003fffffff] reserved
[STDOUT  ] 2017-07-27T12:00:46.502942944Z: [    0.000000] BIOS-e820: [mem 0x00000000b0000000-0x00000000bfffffff] reserved
[STDOUT  ] 2017-07-27T12:00:46.503100697Z: [    0.000000] BIOS-e820: [mem 0x00000000fed1c000-0x00000000fed1ffff] reserved
[STDOUT  ] 2017-07-27T12:00:46.503433255Z: [    0.000000] BIOS-e820: [mem 0x00000000fffc0000-0x00000000ffffffff] reserved
[STDOUT  ] 2017-07-27T12:00:46.503681674Z: [    0.000000] NX (Execute Disable) protection: active
[STDOUT  ] 2017-07-27T12:00:46.503777679Z: [    0.000000] SMBIOS 2.8 present.
[STDOUT  ] 2017-07-27T12:00:46.503893849Z: [    0.000000] e820: last_pfn = 0x3ffde max_arch_pfn = 0x400000000
[STDOUT  ] 2017-07-27T12:00:46.50421158Z: [    0.000000] x86/PAT: Configuration [0-7]: WB  WC  UC- UC  WB  WC  UC- WT  
[STDOUT  ] 2017-07-27T12:00:46.504547941Z: [    0.000000] found SMP MP-table at [mem 0x000f6aa0-0x000f6aaf] mapped at [ffff97cb000f6aa0]
[STDOUT  ] 2017-07-27T12:00:46.504738858Z: [    0.000000] RAMDISK: [mem 0x3eaca000-0x3ffcffff]
[STDOUT  ] 2017-07-27T12:00:46.504877874Z: [    0.000000] ACPI: Early table checksum verification disabled
[STDOUT  ] 2017-07-27T12:00:46.505015122Z: [    0.000000] ACPI: RSDP 0x00000000000F68C0 000014 (v00 BOCHS )
[STDOUT  ] 2017-07-27T12:00:46.505317328Z: [    0.000000] ACPI: RSDT 0x000000003FFE2404 000034 (v01 BOCHS  BXPCRSDT 00000001 BXPC 00000001)
[STDOUT  ] 2017-07-27T12:00:46.505794231Z: [    0.000000] ACPI: FACP 0x000000003FFE22A4 000074 (v01 BOCHS  BXPCFACP 00000001 BXPC 00000001)
[STDOUT  ] 2017-07-27T12:00:46.506094157Z: [    0.000000] ACPI: DSDT 0x000000003FFE0040 002264 (v01 BOCHS  BXPCDSDT 00000001 BXPC 00000001)
[STDOUT  ] 2017-07-27T12:00:46.506291789Z: [    0.000000] ACPI: FACS 0x000000003FFE0000 000040
[STDOUT  ] 2017-07-27T12:00:46.50653502Z: [    0.000000] ACPI: APIC 0x000000003FFE2318 000078 (v01 BOCHS  BXPCAPIC 00000001 BXPC 00000001)
[STDOUT  ] 2017-07-27T12:00:46.506860684Z: [    0.000000] ACPI: HPET 0x000000003FFE2390 000038 (v01 BOCHS  BXPCHPET 00000001 BXPC 00000001)
[STDOUT  ] 2017-07-27T12:00:46.507167212Z: [    0.000000] ACPI: MCFG 0x000000003FFE23C8 00003C (v01 BOCHS  BXPCMCFG 00000001 BXPC 00000001)
[STDOUT  ] 2017-07-27T12:00:46.50734756Z: [    0.000000] Zone ranges:
[STDOUT  ] 2017-07-27T12:00:46.507507768Z: [    0.000000]   DMA      [mem 0x0000000000001000-0x0000000000ffffff]
[STDOUT  ] 2017-07-27T12:00:46.507726294Z: [    0.000000]   DMA32    [mem 0x0000000001000000-0x000000003ffddfff]
[STDOUT  ] 2017-07-27T12:00:46.507855979Z: [    0.000000]   Normal   empty
[STDOUT  ] 2017-07-27T12:00:46.50809822Z: [    0.000000] Movable zone start for each node
[STDOUT  ] 2017-07-27T12:00:46.5082657Z: [    0.000000] Early memory node ranges
[STDOUT  ] 2017-07-27T12:00:46.508418011Z: [    0.000000]   node   0: [mem 0x0000000000001000-0x000000000009efff]
[STDOUT  ] 2017-07-27T12:00:46.508824066Z: [    0.000000]   node   0: [mem 0x0000000000100000-0x000000003ffddfff]
[STDOUT  ] 2017-07-27T12:00:46.508980702Z: [    0.000000] Initmem setup node 0 [mem 0x0000000000001000-0x000000003ffddfff]
[STDOUT  ] 2017-07-27T12:00:46.509144617Z: [    0.000000] ACPI: PM-Timer IO Port: 0x608
[STDOUT  ] 2017-07-27T12:00:46.509387233Z: [    0.000000] ACPI: LAPIC_NMI (acpi_id[0xff] dfl dfl lint[0x1])
[STDOUT  ] 2017-07-27T12:00:46.50955316Z: [    0.000000] IOAPIC[0]: apic_id 0, version 32, address 0xfec00000, GSI 0-23
[STDOUT  ] 2017-07-27T12:00:46.509798524Z: [    0.000000] ACPI: INT_SRC_OVR (bus 0 bus_irq 0 global_irq 2 dfl dfl)
[STDOUT  ] 2017-07-27T12:00:46.51011697Z: [    0.000000] ACPI: INT_SRC_OVR (bus 0 bus_irq 5 global_irq 5 high level)
[STDOUT  ] 2017-07-27T12:00:46.510360072Z: [    0.000000] ACPI: INT_SRC_OVR (bus 0 bus_irq 9 global_irq 9 high level)
[STDOUT  ] 2017-07-27T12:00:46.510523141Z: [    0.000000] ACPI: INT_SRC_OVR (bus 0 bus_irq 10 global_irq 10 high level)
[STDOUT  ] 2017-07-27T12:00:46.510854422Z: [    0.000000] ACPI: INT_SRC_OVR (bus 0 bus_irq 11 global_irq 11 high level)
[STDOUT  ] 2017-07-27T12:00:46.510936524Z: [    0.000000] Using ACPI (MADT) for SMP configuration information
[STDOUT  ] 2017-07-27T12:00:46.511247533Z: [    0.000000] ACPI: HPET id: 0x8086a201 base: 0xfed00000
[STDOUT  ] 2017-07-27T12:00:46.511387288Z: [    0.000000] smpboot: Allowing 1 CPUs, 0 hotplug CPUs
[STDOUT  ] 2017-07-27T12:00:46.511693321Z: [    0.000000] e820: [mem 0x40000000-0xafffffff] available for PCI devices
[STDOUT  ] 2017-07-27T12:00:46.511841666Z: [    0.000000] Booting paravirtualized kernel on bare hardware
[STDOUT  ] 2017-07-27T12:00:46.512311222Z: [    0.000000] clocksource: refined-jiffies: mask: 0xffffffff max_cycles: 0xffffffff, max_idle_ns: 19112604462750000 ns
[STDOUT  ] 2017-07-27T12:00:46.512614941Z: [    0.000000] setup_percpu: NR_CPUS:128 nr_cpumask_bits:128 nr_cpu_ids:1 nr_node_ids:1
[STDOUT  ] 2017-07-27T12:00:46.512905932Z: [    0.000000] percpu: Embedded 35 pages/cpu @ffff97cb3e800000 s105176 r8192 d29992 u2097152
[STDOUT  ] 2017-07-27T12:00:46.51320815Z: [    0.000000] Built 1 zonelists in Zone order, mobility grouping on.  Total pages: 257895
[STDOUT  ] 2017-07-27T12:00:46.513383048Z: [    0.000000] Kernel command line: console=ttyS0
[STDOUT  ] 2017-07-27T12:00:46.513534584Z: [    0.000000] PID hash table entries: 4096 (order: 3, 32768 bytes)
[STDOUT  ] 2017-07-27T12:00:46.513848886Z: [    0.000000] Dentry cache hash table entries: 131072 (order: 8, 1048576 bytes)
[STDOUT  ] 2017-07-27T12:00:46.514150175Z: [    0.000000] Inode-cache hash table entries: 65536 (order: 7, 524288 bytes)
[STDOUT  ] 2017-07-27T12:00:46.51461437Z: [    0.000000] Memory: 992648K/1048048K available (8026K kernel code, 1366K rwdata, 2696K rodata, 1380K init, 568K bss, 55400K reserved, 0K cma-reserved)
[STDOUT  ] 2017-07-27T12:00:46.514728957Z: [    0.000000] Hierarchical RCU implementation.
[STDOUT  ] 2017-07-27T12:00:46.514935504Z: [    0.000000] 	Build-time adjustment of leaf fanout to 64.
[STDOUT  ] 2017-07-27T12:00:46.515087293Z: [    0.000000] 	RCU restricting CPUs from NR_CPUS=128 to nr_cpu_ids=1.
[STDOUT  ] 2017-07-27T12:00:46.515368623Z: [    0.000000] RCU: Adjusting geometry for rcu_fanout_leaf=64, nr_cpu_ids=1
[STDOUT  ] 2017-07-27T12:00:46.515531654Z: [    0.000000] NR_IRQS:8448 nr_irqs:256 16
[STDOUT  ] 2017-07-27T12:00:46.515699236Z: [    0.000000] Console: colour VGA+ 80x25
[STDOUT  ] 2017-07-27T12:00:46.516046194Z: [    0.000000] console [ttyS0] enabled
[STDOUT  ] 2017-07-27T12:00:46.519479614Z: [    0.000000] clocksource: hpet: mask: 0xffffffff max_cycles: 0xffffffff, max_idle_ns: 19112604467 ns
[STDOUT  ] 2017-07-27T12:00:46.571430437Z: [    0.000000] tsc: Fast TSC calibration using PIT
[STDOUT  ] 2017-07-27T12:00:46.576878515Z: [    0.000000] tsc: Detected 2600.011 MHz processor
[STDOUT  ] 2017-07-27T12:00:46.579613866Z: [    0.011453] Calibrating delay loop (skipped), value calculated using timer frequency.. 5200.02 BogoMIPS (lpj=26000110)
[STDOUT  ] 2017-07-27T12:00:46.580110538Z: [    0.012660] pid_max: default: 32768 minimum: 301
[STDOUT  ] 2017-07-27T12:00:46.581509047Z: [    0.020285] ACPI: Core revision 20160831
[STDOUT  ] 2017-07-27T12:00:46.63268693Z: [    0.071231] ACPI: 1 ACPI AML tables successfully acquired and loaded
[STDOUT  ] 2017-07-27T12:00:46.637534947Z: [    0.076333] Security Framework initialized
[STDOUT  ] 2017-07-27T12:00:46.637859385Z: [    0.076788] Yama: becoming mindful.
[STDOUT  ] 2017-07-27T12:00:46.641396047Z: [    0.080091] Mount-cache hash table entries: 2048 (order: 2, 16384 bytes)
[STDOUT  ] 2017-07-27T12:00:46.642170949Z: [    0.080711] Mountpoint-cache hash table entries: 2048 (order: 2, 16384 bytes)
[STDOUT  ] 2017-07-27T12:00:46.664784232Z: [    0.103300] Last level iTLB entries: 4KB 0, 2MB 0, 4MB 0
[STDOUT  ] 2017-07-27T12:00:46.665359049Z: [    0.103916] Last level dTLB entries: 4KB 0, 2MB 0, 4MB 0, 1GB 0
[STDOUT  ] 2017-07-27T12:00:46.991381358Z: [    0.429420] Freeing SMP alternatives memory: 20K (ffffffffb4eb0000 - ffffffffb4eb5000)
[STDOUT  ] 2017-07-27T12:00:47.002882863Z: [    0.441221] ftrace: allocating 35489 entries in 139 pages
[STDOUT  ] 2017-07-27T12:00:47.324703682Z: [    0.612787] smpboot: Max logical packages: 1
[STDOUT  ] 2017-07-27T12:00:47.331752822Z: [    0.620000] ..TIMER: vector=0x30 apic1=0 pin1=2 apic2=-1 pin2=-1
[STDOUT  ] 2017-07-27T12:00:47.552550409Z: [    0.720000] smpboot: CPU0: AMD QEMU Virtual CPU version 2.5+ (family: 0x6, model: 0x6, stepping: 0x3)
[STDOUT  ] 2017-07-27T12:00:47.554245383Z: [    0.720000] Performance Events: PMU not available due to virtualization, using software events only.
[STDOUT  ] 2017-07-27T12:00:47.575159646Z: [    0.732570] NMI watchdog: disabled (cpu0): hardware events not enabled
[STDOUT  ] 2017-07-27T12:00:47.575520748Z: [    0.733064] NMI watchdog: Shutting down hard lockup detector on all cpus
[STDOUT  ] 2017-07-27T12:00:47.579256551Z: [    0.736862] x86: Booted up 1 node, 1 CPUs
[STDOUT  ] 2017-07-27T12:00:47.579825102Z: [    0.737346] smpboot: Total of 1 processors activated (5200.02 BogoMIPS)
[STDOUT  ] 2017-07-27T12:00:47.595329092Z: [    0.753497] devtmpfs: initialized
[STDOUT  ] 2017-07-27T12:00:47.600245992Z: [    0.758270] x86/mm: Memory block size: 128MB
[STDOUT  ] 2017-07-27T12:00:47.677198505Z: [    0.834820] clocksource: jiffies: mask: 0xffffffff max_cycles: 0xffffffff, max_idle_ns: 19112604462750000 ns
[STDOUT  ] 2017-07-27T12:00:47.677743522Z: [    0.835869] futex hash table entries: 256 (order: 2, 16384 bytes)
[STDOUT  ] 2017-07-27T12:00:47.688617351Z: [    0.846683] NET: Registered protocol family 16
[STDOUT  ] 2017-07-27T12:00:47.701484168Z: [    0.859443] cpuidle: using governor ladder
[STDOUT  ] 2017-07-27T12:00:47.70215521Z: [    0.860213] cpuidle: using governor menu
[STDOUT  ] 2017-07-27T12:00:47.703601211Z: [    0.861645] ACPI: bus type PCI registered
[STDOUT  ] 2017-07-27T12:00:47.707244182Z: [    0.865257] PCI: MMCONFIG for domain 0000 [bus 00-ff] at [mem 0xb0000000-0xbfffffff] (base 0xb0000000)
[STDOUT  ] 2017-07-27T12:00:47.707958537Z: [    0.865766] PCI: MMCONFIG at [mem 0xb0000000-0xbfffffff] reserved in E820
[STDOUT  ] 2017-07-27T12:00:47.709331608Z: [    0.867300] PCI: Using configuration type 1 for base access
[STDOUT  ] 2017-07-27T12:00:47.778102787Z: [    0.935877] HugeTLB registered 2 MB page size, pre-allocated 0 pages
[STDOUT  ] 2017-07-27T12:00:47.792322448Z: [    0.950495] ACPI: Added _OSI(Module Device)
[STDOUT  ] 2017-07-27T12:00:47.792851587Z: [    0.950723] ACPI: Added _OSI(Processor Device)
[STDOUT  ] 2017-07-27T12:00:47.793014967Z: [    0.951140] ACPI: Added _OSI(3.0 _SCP Extensions)
[STDOUT  ] 2017-07-27T12:00:47.793506362Z: [    0.951485] ACPI: Added _OSI(Processor Aggregator Device)
[STDOUT  ] 2017-07-27T12:00:47.892854301Z: [    1.050672] ACPI: Interpreter enabled
[STDOUT  ] 2017-07-27T12:00:47.893843679Z: [    1.051724] ACPI: (supports S0 S5)
[STDOUT  ] 2017-07-27T12:00:47.894288736Z: [    1.052076] ACPI: Using IOAPIC for interrupt routing
[STDOUT  ] 2017-07-27T12:00:47.897363427Z: [    1.054920] PCI: Using host bridge windows from ACPI; if necessary, use "pci=nocrs" and report a bug
[STDOUT  ] 2017-07-27T12:00:47.973398132Z: [    1.131355] ACPI: PCI Root Bridge [PCI0] (domain 0000 [bus 00-ff])
[STDOUT  ] 2017-07-27T12:00:47.974678755Z: [    1.132461] acpi PNP0A08:00: _OSC: OS supports [ExtendedConfig ASPM ClockPM Segments MSI]
[STDOUT  ] 2017-07-27T12:00:47.98304162Z: [    1.140855] acpi PNP0A08:00: _OSC: OS now controls [PCIeHotplug PME PCIeCapability]
[STDOUT  ] 2017-07-27T12:00:47.987667048Z: [    1.145718] PCI host bridge to bus 0000:00
[STDOUT  ] 2017-07-27T12:00:47.988372108Z: [    1.146210] pci_bus 0000:00: root bus resource [io  0x0000-0x0cf7 window]
[STDOUT  ] 2017-07-27T12:00:47.988707273Z: [    1.146691] pci_bus 0000:00: root bus resource [io  0x0d00-0xffff window]
[STDOUT  ] 2017-07-27T12:00:47.989343994Z: [    1.147134] pci_bus 0000:00: root bus resource [mem 0x000a0000-0x000bffff window]
[STDOUT  ] 2017-07-27T12:00:47.989847491Z: [    1.147634] pci_bus 0000:00: root bus resource [mem 0xc0000000-0xfebfffff window]
[STDOUT  ] 2017-07-27T12:00:47.99025913Z: [    1.148256] pci_bus 0000:00: root bus resource [bus 00-ff]
[STDOUT  ] 2017-07-27T12:00:48.100117414Z: [    1.256027] pci 0000:00:1f.0: quirk: [io  0x0600-0x067f] claimed by ICH6 ACPI/GPIO/TCO
[STDOUT  ] 2017-07-27T12:00:48.168477674Z: [    1.325925] ACPI: PCI Interrupt Link [LNKA] (IRQs 5 *10 11)
[STDOUT  ] 2017-07-27T12:00:48.171272419Z: [    1.329024] ACPI: PCI Interrupt Link [LNKB] (IRQs 5 *10 11)
[STDOUT  ] 2017-07-27T12:00:48.174068572Z: [    1.331497] ACPI: PCI Interrupt Link [LNKC] (IRQs 5 10 *11)
[STDOUT  ] 2017-07-27T12:00:48.176033627Z: [    1.333388] ACPI: PCI Interrupt Link [LNKD] (IRQs 5 10 *11)
[STDOUT  ] 2017-07-27T12:00:48.177923228Z: [    1.335334] ACPI: PCI Interrupt Link [LNKE] (IRQs 5 *10 11)
[STDOUT  ] 2017-07-27T12:00:48.179737652Z: [    1.337175] ACPI: PCI Interrupt Link [LNKF] (IRQs 5 *10 11)
[STDOUT  ] 2017-07-27T12:00:48.181544991Z: [    1.338983] ACPI: PCI Interrupt Link [LNKG] (IRQs 5 10 *11)
[STDOUT  ] 2017-07-27T12:00:48.183621355Z: [    1.341357] ACPI: PCI Interrupt Link [LNKH] (IRQs 5 10 *11)
[STDOUT  ] 2017-07-27T12:00:48.184487371Z: [    1.342413] ACPI: PCI Interrupt Link [GSIA] (IRQs *16)
[STDOUT  ] 2017-07-27T12:00:48.185420493Z: [    1.343248] ACPI: PCI Interrupt Link [GSIB] (IRQs *17)
[STDOUT  ] 2017-07-27T12:00:48.186167495Z: [    1.344015] ACPI: PCI Interrupt Link [GSIC] (IRQs *18)
[STDOUT  ] 2017-07-27T12:00:48.186840009Z: [    1.344813] ACPI: PCI Interrupt Link [GSID] (IRQs *19)
[STDOUT  ] 2017-07-27T12:00:48.187534545Z: [    1.345511] ACPI: PCI Interrupt Link [GSIE] (IRQs *20)
[STDOUT  ] 2017-07-27T12:00:48.188421201Z: [    1.346235] ACPI: PCI Interrupt Link [GSIF] (IRQs *21)
[STDOUT  ] 2017-07-27T12:00:48.189131623Z: [    1.346989] ACPI: PCI Interrupt Link [GSIG] (IRQs *22)
[STDOUT  ] 2017-07-27T12:00:48.189902012Z: [    1.347744] ACPI: PCI Interrupt Link [GSIH] (IRQs *23)
[STDOUT  ] 2017-07-27T12:00:48.194017059Z: [    1.351805] ACPI: Enabled 2 GPEs in block 00 to 3F
[STDOUT  ] 2017-07-27T12:00:48.198314401Z: [    1.356270] SCSI subsystem initialized
[STDOUT  ] 2017-07-27T12:00:48.200283819Z: [    1.358275] ACPI: bus type USB registered
[STDOUT  ] 2017-07-27T12:00:48.201666062Z: [    1.359471] usbcore: registered new interface driver usbfs
[STDOUT  ] 2017-07-27T12:00:48.202902328Z: [    1.360696] usbcore: registered new interface driver hub
[STDOUT  ] 2017-07-27T12:00:48.203855401Z: [    1.361603] usbcore: registered new device driver usb
[STDOUT  ] 2017-07-27T12:00:48.205064463Z: [    1.362859] pps_core: LinuxPPS API ver. 1 registered
[STDOUT  ] 2017-07-27T12:00:48.205569634Z: [    1.363223] pps_core: Software ver. 5.3.6 - Copyright 2005-2007 Rodolfo Giometti <giometti@linux.it>
[STDOUT  ] 2017-07-27T12:00:48.20604874Z: [    1.364031] PTP clock support registered
[STDOUT  ] 2017-07-27T12:00:48.207484109Z: [    1.365395] wmi: Mapper loaded
[STDOUT  ] 2017-07-27T12:00:48.208671036Z: [    1.366628] PCI: Using ACPI for IRQ routing
[STDOUT  ] 2017-07-27T12:00:48.228035593Z: [    1.385831] NetLabel: Initializing
[STDOUT  ] 2017-07-27T12:00:48.228393588Z: [    1.386116] NetLabel:  domain hash size = 128
[STDOUT  ] 2017-07-27T12:00:48.228760721Z: [    1.386614] NetLabel:  protocols = UNLABELED CIPSOv4
[STDOUT  ] 2017-07-27T12:00:48.2317326Z: [    1.389478] NetLabel:  unlabeled traffic allowed by default
[STDOUT  ] 2017-07-27T12:00:48.233302076Z: [    1.390958] HPET: 3 timers in total, 0 timers will be used for per-cpu timer
[STDOUT  ] 2017-07-27T12:00:48.234135503Z: [    1.391825] hpet0: at MMIO 0xfed00000, IRQs 2, 8, 0
[STDOUT  ] 2017-07-27T12:00:48.234634432Z: [    1.392390] hpet0: 3 comparators, 64-bit 100.000000 MHz counter
[STDOUT  ] 2017-07-27T12:00:48.240624852Z: [    1.398257] clocksource: Switched to clocksource hpet
[STDOUT  ] 2017-07-27T12:00:48.491536819Z: [    1.641484] VFS: Disk quotas dquot_6.6.0
[STDOUT  ] 2017-07-27T12:00:48.492736456Z: [    1.642490] VFS: Dquot-cache hash table entries: 512 (order 0, 4096 bytes)
[STDOUT  ] 2017-07-27T12:00:48.496447374Z: [    1.646519] FS-Cache: Loaded
[STDOUT  ] 2017-07-27T12:00:48.501731079Z: [    1.651735] CacheFiles: Loaded
[STDOUT  ] 2017-07-27T12:00:48.503478547Z: [    1.653518] pnp: PnP ACPI init
[STDOUT  ] 2017-07-27T12:00:48.515205116Z: [    1.665197] pnp: PnP ACPI: found 5 devices
[STDOUT  ] 2017-07-27T12:00:48.56663342Z: [    1.716141] clocksource: acpi_pm: mask: 0xffffff max_cycles: 0xffffff, max_idle_ns: 2085701024 ns
[STDOUT  ] 2017-07-27T12:00:48.57113324Z: [    1.721045] NET: Registered protocol family 2
[STDOUT  ] 2017-07-27T12:00:48.578457092Z: [    1.728292] TCP established hash table entries: 8192 (order: 4, 65536 bytes)
[STDOUT  ] 2017-07-27T12:00:48.579344808Z: [    1.729143] TCP bind hash table entries: 8192 (order: 5, 131072 bytes)
[STDOUT  ] 2017-07-27T12:00:48.580114014Z: [    1.729910] TCP: Hash tables configured (established 8192 bind 8192)
[STDOUT  ] 2017-07-27T12:00:48.582315556Z: [    1.732277] UDP hash table entries: 512 (order: 2, 16384 bytes)
[STDOUT  ] 2017-07-27T12:00:48.583147682Z: [    1.732934] UDP-Lite hash table entries: 512 (order: 2, 16384 bytes)
[STDOUT  ] 2017-07-27T12:00:48.585536109Z: [    1.735430] NET: Registered protocol family 1
[STDOUT  ] 2017-07-27T12:00:48.587079232Z: [    1.736569] pci 0000:00:01.0: Video device with shadowed ROM at [mem 0x000c0000-0x000dffff]
[STDOUT  ] 2017-07-27T12:00:48.595653907Z: [    1.745575] Unpacking initramfs...
[STDOUT  ] 2017-07-27T12:00:51.601883528Z: [    4.751618] Freeing initrd memory: 21528K (ffff97cb3eaca000 - ffff97cb3ffd0000)
[STDOUT  ] 2017-07-27T12:00:51.631927158Z: [    4.781769] PCLMULQDQ-NI instructions are not detected.
[STDOUT  ] 2017-07-27T12:00:51.633391269Z: [    4.783307] AVX or AES-NI instructions are not detected.
[STDOUT  ] 2017-07-27T12:00:51.633941276Z: [    4.783821] CPU feature 'AVX registers' is not supported.
[STDOUT  ] 2017-07-27T12:00:51.634459115Z: [    4.784325] CPU feature 'AVX registers' is not supported.
[STDOUT  ] 2017-07-27T12:00:51.634884807Z: [    4.784810] CPU feature 'AVX registers' is not supported.
[STDOUT  ] 2017-07-27T12:00:51.635435788Z: [    4.785296] CPU feature 'AVX registers' is not supported.
[STDOUT  ] 2017-07-27T12:00:51.63594958Z: [    4.785752] AVX2 or AES-NI instructions are not detected.
[STDOUT  ] 2017-07-27T12:00:51.636329438Z: [    4.786283] AVX2 instructions are not detected.
[STDOUT  ] 2017-07-27T12:00:51.644929983Z: [    4.794803] audit: initializing netlink subsys (disabled)
[STDOUT  ] 2017-07-27T12:00:51.646856289Z: [    4.796843] audit: type=2000 audit(1501156849.790:1): initialized
[STDOUT  ] 2017-07-27T12:00:51.656688435Z: [    4.806514] workingset: timestamp_bits=46 max_order=18 bucket_order=0
[STDOUT  ] 2017-07-27T12:00:51.665469531Z: [    4.815159] FS-Cache: Netfs 'cifs' registered for caching
[STDOUT  ] 2017-07-27T12:00:51.666233694Z: [    4.816347] fuse init (API version 7.26)
[STDOUT  ] 2017-07-27T12:00:51.6701303Z: [    4.819816] SGI XFS with ACLs, security attributes, no debug enabled
[STDOUT  ] 2017-07-27T12:00:51.675932858Z: [    4.825828] 9p: Installing v9fs 9p2000 file system support
[STDOUT  ] 2017-07-27T12:00:51.676424657Z: [    4.826394] FS-Cache: Netfs '9p' registered for caching
[STDOUT  ] 2017-07-27T12:00:51.716293752Z: [    4.866215] NET: Registered protocol family 38
[STDOUT  ] 2017-07-27T12:00:51.716726737Z: [    4.866849] Key type asymmetric registered
[STDOUT  ] 2017-07-27T12:00:51.71730184Z: [    4.867210] Asymmetric key parser 'x509' registered
[STDOUT  ] 2017-07-27T12:00:51.71862739Z: [    4.868395] Block layer SCSI generic (bsg) driver version 0.4 loaded (major 251)
[STDOUT  ] 2017-07-27T12:00:51.720653454Z: [    4.870612] io scheduler noop registered
[STDOUT  ] 2017-07-27T12:00:51.723554681Z: [    4.873481] io scheduler deadline registered (default)
[STDOUT  ] 2017-07-27T12:00:51.724517422Z: [    4.874588] io scheduler cfq registered
[STDOUT  ] 2017-07-27T12:00:51.727310375Z: [    4.877245] pci_hotplug: PCI Hot Plug PCI Core version: 0.5
[STDOUT  ] 2017-07-27T12:00:51.728113197Z: [    4.877909] pciehp: PCI Express Hot Plug Controller Driver version: 0.4
[STDOUT  ] 2017-07-27T12:00:51.72912394Z: [    4.878988] shpchp: Standard Hot Plug PCI Controller Driver version: 0.4
[STDOUT  ] 2017-07-27T12:00:51.729988443Z: [    4.879957] hv_vmbus: registering driver hyperv_fb
[STDOUT  ] 2017-07-27T12:00:51.73375714Z: [    4.883534] input: Power Button as /devices/LNXSYSTM:00/LNXPWRBN:00/input/input0
[STDOUT  ] 2017-07-27T12:00:51.73483509Z: [    4.884934] ACPI: Power Button [PWRF]
[STDOUT  ] 2017-07-27T12:00:51.741397814Z: [    4.891442] GHES: HEST is not enabled!
[STDOUT  ] 2017-07-27T12:00:51.752998097Z: [    4.902799] ACPI: PCI Interrupt Link [GSIH] enabled at IRQ 23
[STDOUT  ] 2017-07-27T12:00:51.758993687Z: [    4.908892] xenfs: not registering filesystem on non-xen platform
[STDOUT  ] 2017-07-27T12:00:51.76174773Z: [    4.911553] Serial: 8250/16550 driver, 4 ports, IRQ sharing disabled
[STDOUT  ] 2017-07-27T12:00:51.787024857Z: [    4.936746] 00:04: ttyS0 at I/O 0x3f8 (irq = 4, base_baud = 115200) is a 16550A
[STDOUT  ] 2017-07-27T12:00:51.799311459Z: [    4.949212] Non-volatile memory driver v1.3
[STDOUT  ] 2017-07-27T12:00:51.806148523Z: [    4.955732] Hangcheck: starting hangcheck timer 0.9.1 (tick is 180 seconds, margin is 60 seconds).
[STDOUT  ] 2017-07-27T12:00:51.844766255Z: [    4.994701] loop: module loaded
[STDOUT  ] 2017-07-27T12:00:51.861465955Z: [    5.011357] nbd: registered device at major 43
[STDOUT  ] 2017-07-27T12:00:51.9057925Z: [    5.055597] lpc_ich 0000:00:1f.0: I/O space for GPIO uninitialized
[STDOUT  ] 2017-07-27T12:00:51.907994382Z: [    5.057965] VMware PVSCSI driver - version 1.0.7.0-k
[STDOUT  ] 2017-07-27T12:00:51.908971541Z: [    5.058914] hv_vmbus: registering driver hv_storvsc
[STDOUT  ] 2017-07-27T12:00:51.920126681Z: [    5.069642] ACPI: PCI Interrupt Link [GSIA] enabled at IRQ 16
[STDOUT  ] 2017-07-27T12:00:51.926588746Z: [    5.076377] ahci 0000:00:1f.2: AHCI 0001.0000 32 slots 6 ports 1.5 Gbps 0x3f impl SATA mode
[STDOUT  ] 2017-07-27T12:00:51.927177702Z: [    5.077136] ahci 0000:00:1f.2: flags: 64bit ncq only 
[STDOUT  ] 2017-07-27T12:00:51.948035036Z: [    5.097985] scsi host0: ahci
[STDOUT  ] 2017-07-27T12:00:51.95364147Z: [    5.103713] scsi host1: ahci
[STDOUT  ] 2017-07-27T12:00:51.957207837Z: [    5.107185] scsi host2: ahci
[STDOUT  ] 2017-07-27T12:00:51.959502144Z: [    5.109585] scsi host3: ahci
[STDOUT  ] 2017-07-27T12:00:51.963552519Z: [    5.113670] scsi host4: ahci
[STDOUT  ] 2017-07-27T12:00:51.966070357Z: [    5.116113] scsi host5: ahci
[STDOUT  ] 2017-07-27T12:00:51.968301632Z: [    5.118053] ata1: SATA max UDMA/133 abar m4096@0xfebf1000 port 0xfebf1100 irq 24
[STDOUT  ] 2017-07-27T12:00:51.968760859Z: [    5.118568] ata2: SATA max UDMA/133 abar m4096@0xfebf1000 port 0xfebf1180 irq 24
[STDOUT  ] 2017-07-27T12:00:51.969263639Z: [    5.119035] ata3: SATA max UDMA/133 abar m4096@0xfebf1000 port 0xfebf1200 irq 24
[STDOUT  ] 2017-07-27T12:00:51.969735948Z: [    5.119521] ata4: SATA max UDMA/133 abar m4096@0xfebf1000 port 0xfebf1280 irq 24
[STDOUT  ] 2017-07-27T12:00:51.970346226Z: [    5.120020] ata5: SATA max UDMA/133 abar m4096@0xfebf1000 port 0xfebf1300 irq 24
[STDOUT  ] 2017-07-27T12:00:51.971021066Z: [    5.120848] ata6: SATA max UDMA/133 abar m4096@0xfebf1000 port 0xfebf1380 irq 24
[STDOUT  ] 2017-07-27T12:00:51.984798719Z: [    5.134632] tun: Universal TUN/TAP device driver, 1.6
[STDOUT  ] 2017-07-27T12:00:51.985143515Z: [    5.134981] tun: (C) 1999-2004 Max Krasnyansky <maxk@qualcomm.com>
[STDOUT  ] 2017-07-27T12:00:51.988110447Z: [    5.137932] VMware vmxnet3 virtual NIC driver - version 1.4.a.0-k-NAPI
[STDOUT  ] 2017-07-27T12:00:51.989310421Z: [    5.139292] hv_vmbus: registering driver hv_netvsc
[STDOUT  ] 2017-07-27T12:00:51.989708512Z: [    5.139694] Fusion MPT base driver 3.04.20
[STDOUT  ] 2017-07-27T12:00:51.990225251Z: [    5.140004] Copyright (c) 1999-2008 LSI Corporation
[STDOUT  ] 2017-07-27T12:00:51.991199358Z: [    5.141114] Fusion MPT SPI Host driver 3.04.20
[STDOUT  ] 2017-07-27T12:00:51.993459909Z: [    5.143284] i8042: PNP: PS/2 Controller [PNP0303:KBD,PNP0f13:MOU] at 0x60,0x64 irq 1,12
[STDOUT  ] 2017-07-27T12:00:51.997379062Z: [    5.147314] serio: i8042 KBD port at 0x60,0x64 irq 1
[STDOUT  ] 2017-07-27T12:00:51.998031169Z: [    5.148020] serio: i8042 AUX port at 0x60,0x64 irq 12
[STDOUT  ] 2017-07-27T12:00:52.001519852Z: [    5.151458] hv_vmbus: registering driver hyperv_keyboard
[STDOUT  ] 2017-07-27T12:00:52.003779327Z: [    5.153656] mousedev: PS/2 mouse device common for all mice
[STDOUT  ] 2017-07-27T12:00:52.008597221Z: [    5.158418] input: AT Translated Set 2 keyboard as /devices/platform/i8042/serio0/input/input1
[STDOUT  ] 2017-07-27T12:00:52.011685568Z: [    5.161612] input: PC Speaker as /devices/platform/pcspkr/input/input2
[STDOUT  ] 2017-07-27T12:00:52.015351114Z: [    5.165272] rtc_cmos 00:00: RTC can wake from S4
[STDOUT  ] 2017-07-27T12:00:52.018578183Z: [    5.168526] rtc_cmos 00:00: rtc core: registered rtc_cmos as rtc0
[STDOUT  ] 2017-07-27T12:00:52.019839134Z: [    5.169763] rtc_cmos 00:00: alarms up to one day, y3k, 114 bytes nvram, hpet irqs
[STDOUT  ] 2017-07-27T12:00:52.020677608Z: [    5.170783] i2c /dev entries driver
[STDOUT  ] 2017-07-27T12:00:52.02294408Z: [    5.172715] device-mapper: ioctl: 4.35.0-ioctl (2016-06-23) initialised: dm-devel@redhat.com
[STDOUT  ] 2017-07-27T12:00:52.027453593Z: [    5.177378] usbcore: registered new interface driver usbhid
[STDOUT  ] 2017-07-27T12:00:52.027769128Z: [    5.177786] usbhid: USB HID core driver
[STDOUT  ] 2017-07-27T12:00:52.02852934Z: [    5.178462] hv_utils: Registering HyperV Utility Driver
[STDOUT  ] 2017-07-27T12:00:52.028858041Z: [    5.178821] hv_vmbus: registering driver hv_util
[STDOUT  ] 2017-07-27T12:00:52.02912382Z: [    5.179151] hv_vmbus: registering driver hv_balloon
[STDOUT  ] 2017-07-27T12:00:52.02974098Z: [    5.179708] oprofile: using NMI interrupt.
[STDOUT  ] 2017-07-27T12:00:52.031150109Z: [    5.181256] GACT probability on
[STDOUT  ] 2017-07-27T12:00:52.031768901Z: [    5.181721] Mirror/redirect action on
[STDOUT  ] 2017-07-27T12:00:52.032708905Z: [    5.182662] Simple TC action Loaded
[STDOUT  ] 2017-07-27T12:00:52.033263395Z: [    5.183334] u32 classifier
[STDOUT  ] 2017-07-27T12:00:52.033575288Z: [    5.183566]     Performance counters on
[STDOUT  ] 2017-07-27T12:00:52.033876065Z: [    5.183832]     input device check on
[STDOUT  ] 2017-07-27T12:00:52.03406703Z: [    5.184117]     Actions configured
[STDOUT  ] 2017-07-27T12:00:52.034756295Z: [    5.184724] Netfilter messages via NETLINK v0.30.
[STDOUT  ] 2017-07-27T12:00:52.035541354Z: [    5.185552] nfnl_acct: registering with nfnetlink.
[STDOUT  ] 2017-07-27T12:00:52.036979067Z: [    5.186905] nf_conntrack version 0.5.0 (8192 buckets, 32768 max)
[STDOUT  ] 2017-07-27T12:00:52.04004489Z: [    5.189837] ctnetlink v0.93: registering with nfnetlink.
[STDOUT  ] 2017-07-27T12:00:52.043326015Z: [    5.193280] nf_tables: (c) 2007-2009 Patrick McHardy <kaber@trash.net>
[STDOUT  ] 2017-07-27T12:00:52.044245741Z: [    5.194091] nf_tables_compat: (c) 2012 Pablo Neira Ayuso <pablo@netfilter.org>
[STDOUT  ] 2017-07-27T12:00:52.046554332Z: [    5.196455] xt_time: kernel timezone is -0000
[STDOUT  ] 2017-07-27T12:00:52.046919703Z: [    5.197073] ip_set: protocol 6
[STDOUT  ] 2017-07-27T12:00:52.047705324Z: [    5.197720] IPVS: Registered protocols (TCP, UDP, SCTP, AH, ESP)
[STDOUT  ] 2017-07-27T12:00:52.048492404Z: [    5.198346] IPVS: Connection hash table configured (size=4096, memory=64Kbytes)
[STDOUT  ] 2017-07-27T12:00:52.050156968Z: [    5.200020] IPVS: Creating netns size=2104 id=0
[STDOUT  ] 2017-07-27T12:00:52.05307542Z: [    5.203190] IPVS: ipvs loaded.
[STDOUT  ] 2017-07-27T12:00:52.053669631Z: [    5.203620] IPVS: [rr] scheduler registered.
[STDOUT  ] 2017-07-27T12:00:52.053971214Z: [    5.203936] IPVS: [wrr] scheduler registered.
[STDOUT  ] 2017-07-27T12:00:52.054278177Z: [    5.204273] IPVS: [lc] scheduler registered.
[STDOUT  ] 2017-07-27T12:00:52.054595242Z: [    5.204582] IPVS: [wlc] scheduler registered.
[STDOUT  ] 2017-07-27T12:00:52.05488674Z: [    5.204897] IPVS: [fo] scheduler registered.
[STDOUT  ] 2017-07-27T12:00:52.05518291Z: [    5.205227] IPVS: [ovf] scheduler registered.
[STDOUT  ] 2017-07-27T12:00:52.055763707Z: [    5.205770] IPVS: [lblc] scheduler registered.
[STDOUT  ] 2017-07-27T12:00:52.056275516Z: [    5.206293] IPVS: [lblcr] scheduler registered.
[STDOUT  ] 2017-07-27T12:00:52.056579137Z: [    5.206645] IPVS: [dh] scheduler registered.
[STDOUT  ] 2017-07-27T12:00:52.056904966Z: [    5.206960] IPVS: [sh] scheduler registered.
[STDOUT  ] 2017-07-27T12:00:52.057215569Z: [    5.207273] IPVS: [sed] scheduler registered.
[STDOUT  ] 2017-07-27T12:00:52.057534569Z: [    5.207585] IPVS: [nq] scheduler registered.
[STDOUT  ] 2017-07-27T12:00:52.058403684Z: [    5.208373] IPVS: ftp: loaded support on port[0] = 21
[STDOUT  ] 2017-07-27T12:00:52.059299502Z: [    5.209274] ipip: IPv4 and MPLS over IPv4 tunneling driver
[STDOUT  ] 2017-07-27T12:00:52.064451068Z: [    5.214347] gre: GRE over IPv4 demultiplexor driver
[STDOUT  ] 2017-07-27T12:00:52.067138849Z: [    5.217101] ip_tables: (C) 2000-2006 Netfilter Core Team
[STDOUT  ] 2017-07-27T12:00:52.070619666Z: [    5.220605] ipt_CLUSTERIP: ClusterIP Version 0.8 loaded successfully
[STDOUT  ] 2017-07-27T12:00:52.071553564Z: [    5.221504] arp_tables: arp_tables: (C) 2002 David S. Miller
[STDOUT  ] 2017-07-27T12:00:52.073904803Z: [    5.223834] NET: Registered protocol family 10
[STDOUT  ] 2017-07-27T12:00:52.083002544Z: [    5.232864] ip6_tables: (C) 2000-2006 Netfilter Core Team
[STDOUT  ] 2017-07-27T12:00:52.091707392Z: [    5.241499] NET: Registered protocol family 17
[STDOUT  ] 2017-07-27T12:00:52.092655709Z: [    5.242753] Bridge firewalling registered
[STDOUT  ] 2017-07-27T12:00:52.093363795Z: [    5.243330] Ebtables v2.0 registered
[STDOUT  ] 2017-07-27T12:00:52.095334534Z: [    5.245313] 8021q: 802.1Q VLAN Support v1.8
[STDOUT  ] 2017-07-27T12:00:52.096913826Z: [    5.246837] 9pnet: Installing 9P2000 support
[STDOUT  ] 2017-07-27T12:00:52.098424563Z: [    5.248401] Key type dns_resolver registered
[STDOUT  ] 2017-07-27T12:00:52.099450809Z: [    5.249373] microcode: AMD CPU family 0x6 not supported
[STDOUT  ] 2017-07-27T12:00:52.10369998Z: [    5.253608] registered taskstats version 1
[STDOUT  ] 2017-07-27T12:00:52.301784941Z: [    5.451475] ata2: SATA link up 1.5 Gbps (SStatus 113 SControl 300)
[STDOUT  ] 2017-07-27T12:00:52.306249859Z: [    5.456055] ata1: SATA link up 1.5 Gbps (SStatus 113 SControl 300)
[STDOUT  ] 2017-07-27T12:00:52.308296714Z: [    5.458213] ata1.00: ATA-7: QEMU HARDDISK, 2.5+, max UDMA/100
[STDOUT  ] 2017-07-27T12:00:52.308772163Z: [    5.458647] ata1.00: 409600 sectors, multi 16: LBA48 NCQ (depth 31/32)
[STDOUT  ] 2017-07-27T12:00:52.309393591Z: [    5.459395] ata1.00: applying bridge limits
[STDOUT  ] 2017-07-27T12:00:52.31140882Z: [    5.461392] ata3: SATA link up 1.5 Gbps (SStatus 113 SControl 300)
[STDOUT  ] 2017-07-27T12:00:52.312254131Z: [    5.462214] ata3.00: ATAPI: QEMU DVD-ROM, 2.5+, max UDMA/100
[STDOUT  ] 2017-07-27T12:00:52.312581801Z: [    5.462600] ata3.00: applying bridge limits
[STDOUT  ] 2017-07-27T12:00:52.313746144Z: [    5.463687] ata3.00: configured for UDMA/100
[STDOUT  ] 2017-07-27T12:00:52.316263496Z: [    5.466240] ata4: SATA link down (SStatus 0 SControl 300)
[STDOUT  ] 2017-07-27T12:00:52.31698409Z: [    5.466970] ata5: SATA link down (SStatus 0 SControl 300)
[STDOUT  ] 2017-07-27T12:00:52.317558234Z: [    5.467561] ata6: SATA link down (SStatus 0 SControl 300)
[STDOUT  ] 2017-07-27T12:00:52.320842074Z: [    5.470941] ata1.00: configured for UDMA/100
[STDOUT  ] 2017-07-27T12:00:52.323270613Z: [    5.473192] ata2.00: ATA-7: QEMU HARDDISK, 2.5+, max UDMA/100
[STDOUT  ] 2017-07-27T12:00:52.323612461Z: [    5.473588] ata2.00: 44180 sectors, multi 16: LBA48 NCQ (depth 31/32)
[STDOUT  ] 2017-07-27T12:00:52.324080673Z: [    5.474074] ata2.00: applying bridge limits
[STDOUT  ] 2017-07-27T12:00:52.324820541Z: [    5.474793] ata2.00: configured for UDMA/100
[STDOUT  ] 2017-07-27T12:00:52.338888704Z: [    5.488715] Key type big_key registered
[STDOUT  ] 2017-07-27T12:00:52.341736592Z: [    5.491402] scsi 0:0:0:0: Direct-Access     ATA      QEMU HARDDISK    2.5+ PQ: 0 ANSI: 5
[STDOUT  ] 2017-07-27T12:00:52.361052131Z: [    5.510755] sd 0:0:0:0: Attached scsi generic sg0 type 0
[STDOUT  ] 2017-07-27T12:00:52.366444076Z: [    5.516194] sd 0:0:0:0: [sda] 409600 512-byte logical blocks: (210 MB/200 MiB)
[STDOUT  ] 2017-07-27T12:00:52.371207351Z: [    5.521126] sd 0:0:0:0: [sda] Write Protect is off
[STDOUT  ] 2017-07-27T12:00:52.372611488Z: [    5.522375] sd 0:0:0:0: [sda] Write cache: enabled, read cache: enabled, doesn't support DPO or FUA
[STDOUT  ] 2017-07-27T12:00:52.374487737Z: [    5.524274] scsi 1:0:0:0: Direct-Access     ATA      QEMU HARDDISK    2.5+ PQ: 0 ANSI: 5
[STDOUT  ] 2017-07-27T12:00:52.378204872Z: [    5.527958] sd 1:0:0:0: [sdb] 44180 512-byte logical blocks: (22.6 MB/21.6 MiB)
[STDOUT  ] 2017-07-27T12:00:52.381401368Z: [    5.531226] sd 1:0:0:0: [sdb] Write Protect is off
[STDOUT  ] 2017-07-27T12:00:52.383829984Z: [    5.533560] sd 1:0:0:0: [sdb] Write cache: enabled, read cache: enabled, doesn't support DPO or FUA
[STDOUT  ] 2017-07-27T12:00:52.392803136Z: [    5.542568] sd 1:0:0:0: Attached scsi generic sg1 type 0
[STDOUT  ] 2017-07-27T12:00:52.401836974Z: [    5.551417] scsi 2:0:0:0: CD-ROM            QEMU     QEMU DVD-ROM     2.5+ PQ: 0 ANSI: 5
[STDOUT  ] 2017-07-27T12:00:52.423341361Z: [    5.573117] sr 2:0:0:0: [sr0] scsi3-mmc drive: 4x/4x cd/rw xa/form2 tray
[STDOUT  ] 2017-07-27T12:00:52.424052838Z: [    5.573844] cdrom: Uniform CD-ROM driver Revision: 3.20
[STDOUT  ] 2017-07-27T12:00:52.451403265Z: [    5.601337] sd 1:0:0:0: [sdb] Attached SCSI disk
[STDOUT  ] 2017-07-27T12:00:52.452226238Z: [    5.602194] sr 2:0:0:0: Attached scsi generic sg2 type 5
[STDOUT  ] 2017-07-27T12:00:52.457915385Z: [    5.607793] sd 0:0:0:0: [sda] Attached SCSI disk
[STDOUT  ] 2017-07-27T12:00:52.477569819Z: [    5.627586] Key type encrypted registered
[STDOUT  ] 2017-07-27T12:00:52.484011584Z: [    5.633809] rtc_cmos 00:00: setting system clock to 2017-07-27 12:00:51 UTC (1501156851)
[STDOUT  ] 2017-07-27T12:00:52.632404266Z: [    5.781986] Freeing unused kernel memory: 1380K (ffffffffb4d57000 - ffffffffb4eb0000)
[STDOUT  ] 2017-07-27T12:00:52.632932816Z: [    5.782763] Write protecting the kernel read-only data: 12288k
[STDOUT  ] 2017-07-27T12:00:52.635558974Z: [    5.785307] tsc: Refined TSC clocksource calibration: 2599.995 MHz
[STDOUT  ] 2017-07-27T12:00:52.636304496Z: [    5.785909] clocksource: tsc: mask: 0xffffffffffffffff max_cycles: 0x257a376535a, max_idle_ns: 440795296166 ns
[STDOUT  ] 2017-07-27T12:00:52.641809039Z: [    5.791576] Freeing unused kernel memory: 152K (ffff97cb3a7da000 - ffff97cb3a800000)
[STDOUT  ] 2017-07-27T12:00:52.762652997Z: [    5.912352] Freeing unused kernel memory: 1400K (ffff97cb3aaa2000 - ffff97cb3ac00000)
[STDOUT  ] 2017-07-27T12:00:53.65084789Z: [    6.800821] clocksource: Switched to clocksource tsc
[STDOUT  ] 2017-07-27T12:00:58.021391824Z: [   11.171000] e1000: Intel(R) PRO/1000 Network Driver - version 7.3.21-k8-NAPI
[STDOUT  ] 2017-07-27T12:00:58.021808882Z: [   11.171575] e1000: Copyright (c) 1999-2006 Intel Corporation.
[STDOUT  ] 2017-07-27T12:00:58.047284272Z: [   11.197179] ACPI: PCI Interrupt Link [GSIG] enabled at IRQ 22
[STDOUT  ] 2017-07-27T12:00:58.431935988Z: [   11.581478] e1000 0000:00:02.0 eth0: (PCI:33MHz:32-bit) 52:54:00:12:34:56
[STDOUT  ] 2017-07-27T12:00:58.436886429Z: [   11.582568] e1000 0000:00:02.0 eth0: Intel(R) PRO/1000 Network Connection
[STDOUT  ] 2017-07-27T12:00:59.032742304Z: 
[STDOUT  ] 2017-07-27T12:00:59.033262244Z: Welcome to LinuxKit
[STDOUT  ] 2017-07-27T12:00:59.033373961Z: 
[STDOUT  ] 2017-07-27T12:00:59.033814542Z:                         ##         .
[STDOUT  ] 2017-07-27T12:00:59.034326843Z:                   ## ## ##        ==
[STDOUT  ] 2017-07-27T12:00:59.034718804Z:                ## ## ## ## ##    ===
[STDOUT  ] 2017-07-27T12:00:59.035236806Z:            /"""""""""""""""""\___/ ===
[STDOUT  ] 2017-07-27T12:00:59.035791617Z:           {                       /  ===-
[STDOUT  ] 2017-07-27T12:00:59.036301251Z:            \______ O           __/
[STDOUT  ] 2017-07-27T12:00:59.036638267Z:              \    \         __/
[STDOUT  ] 2017-07-27T12:00:59.036991957Z:               \____\_______/
[STDOUT  ] 2017-07-27T12:00:59.037030414Z: 
[STDOUT  ] 2017-07-27T12:01:01.753466513Z: [   14.903521]  sda:
[STDOUT  ] 2017-07-27T12:01:01.815066416Z: [   14.965180]  sda:
[STDOUT  ] 2017-07-27T12:01:01.83376288Z: [   14.983449] random: sfdisk: uninitialized urandom read (4 bytes read)
[STDOUT  ] 2017-07-27T12:01:01.852847838Z: [   15.002904]  sda: sda1
[STDOUT  ] 2017-07-27T12:01:01.933191674Z: [   15.083267]  sda: sda1
[STDOUT  ] 2017-07-27T12:01:25.554646102Z: [   38.704307] random: mkfs.ext4: uninitialized urandom read (16 bytes read)
[STDOUT  ] 2017-07-27T12:01:25.556044139Z: [   38.705917] random: mkfs.ext4: uninitialized urandom read (16 bytes read)
[STDOUT  ] 2017-07-27T12:01:25.906378974Z: [   39.056164] EXT4-fs (sda1): couldn't mount as ext3 due to feature incompatibilities
[STDOUT  ] 2017-07-27T12:01:25.913644642Z: [   39.063661] EXT4-fs (sda1): couldn't mount as ext2 due to feature incompatibilities
[STDOUT  ] 2017-07-27T12:01:25.938163096Z: [   39.088164] EXT4-fs (sda1): mounted filesystem with ordered data mode. Opts: (null)
[STDOUT  ] 2017-07-27T12:01:26.491737831Z: [   39.641732] random: fast init done
[STDOUT  ] 2017-07-27T12:01:27.148624414Z: /mnt is device /dev/sda1
[STDOUT  ] 2017-07-27T12:01:27.191615685Z: [   40.341670] extlinux: sending ioctl 4c05 to a partition!
[STDOUT  ] 2017-07-27T12:01:27.191913453Z: [   40.341950] extlinux: sending ioctl 4c03 to a partition!
[STDOUT  ] 2017-07-27T12:01:27.835125093Z: [   40.985143] umount: sending ioctl 4c01 to a partition!
[STDOUT  ] 2017-07-27T12:01:27.855162234Z: 1+0 records in
[STDOUT  ] 2017-07-27T12:01:27.855326989Z: 1+0 records out
[STDOUT  ] 2017-07-27T12:01:27.888085766Z: The bootable flag on partition 1 is enabled now.
[STDOUT  ] 2017-07-27T12:01:27.900686127Z: [   41.050784]  sda: sda1
[STDOUT  ] 2017-07-27T12:01:27.910155361Z: 
[STDOUT  ] 2017-07-27T12:01:27.910342618Z: The partition table has been altered.
[STDOUT  ] 2017-07-27T12:01:27.91049272Z: Calling ioctl() to re-read partition table.
[STDOUT  ] 2017-07-27T12:01:27.9105Z: Syncing disks.
[STDOUT  ] 2017-07-27T12:01:28.006644024Z:  - 000-mkimage
[STDOUT  ] 2017-07-27T12:01:59.137195071Z: [   72.286401] sd 1:0:0:0: [sdb] Synchronizing SCSI cache
[STDOUT  ] 2017-07-27T12:01:59.138256028Z: [   72.288088] sd 1:0:0:0: [sdb] Stopping disk
[STDOUT  ] 2017-07-27T12:01:59.139015201Z: [   72.288912] sd 0:0:0:0: [sda] Synchronizing SCSI cache
[STDOUT  ] 2017-07-27T12:01:59.139586138Z: [   72.289588] sd 0:0:0:0: [sda] Stopping disk
[STDOUT  ] 2017-07-27T12:01:59.142188758Z: [   72.292150] ACPI: Preparing to enter system sleep state S5
[STDOUT  ] 2017-07-27T12:01:59.143121246Z: [   72.293229] reboot: Power down
[STDERR  ] 2017-07-27T12:01:59.552428653Z: + linuxkit run qemu disk.qcow2
[STDERR  ] 2017-07-27T12:01:59.568456311Z: Unable to find qemu-system-x86_64 within the $PATH. Using a container
[STDERR  ] 2017-07-27T12:01:59.568470922Z: Using existing disk [disk.qcow2] format 
[STDOUT  ] 2017-07-27T12:02:05.235874234Z: [    0.000000] Linux version 4.9.38-linuxkit (root@e1ede117fb1e) (gcc version 6.3.0 (Alpine 6.3.0) ) #1 SMP Thu Jul 20 16:07:02 UTC 2017
[STDOUT  ] 2017-07-27T12:02:05.236007006Z: [    0.000000] Command line: BOOT_IMAGE=/kernel console=ttyS0 initrd=/initrd.img
[STDOUT  ] 2017-07-27T12:02:05.236353388Z: [    0.000000] x86/fpu: Legacy x87 FPU detected.
[STDOUT  ] 2017-07-27T12:02:05.236534976Z: [    0.000000] x86/fpu: Using 'eager' FPU context switches.
[STDOUT  ] 2017-07-27T12:02:05.236680019Z: [    0.000000] e820: BIOS-provided physical RAM map:
[STDOUT  ] 2017-07-27T12:02:05.237064563Z: [    0.000000] BIOS-e820: [mem 0x0000000000000000-0x000000000009fbff] usable
[STDOUT  ] 2017-07-27T12:02:05.237151268Z: [    0.000000] BIOS-e820: [mem 0x000000000009fc00-0x000000000009ffff] reserved
[STDOUT  ] 2017-07-27T12:02:05.237325993Z: [    0.000000] BIOS-e820: [mem 0x00000000000f0000-0x00000000000fffff] reserved
[STDOUT  ] 2017-07-27T12:02:05.237706798Z: [    0.000000] BIOS-e820: [mem 0x0000000000100000-0x000000003ffdefff] usable
[STDOUT  ] 2017-07-27T12:02:05.237917425Z: [    0.000000] BIOS-e820: [mem 0x000000003ffdf000-0x000000003fffffff] reserved
[STDOUT  ] 2017-07-27T12:02:05.238164754Z: [    0.000000] BIOS-e820: [mem 0x00000000b0000000-0x00000000bfffffff] reserved
[STDOUT  ] 2017-07-27T12:02:05.238514627Z: [    0.000000] BIOS-e820: [mem 0x00000000fed1c000-0x00000000fed1ffff] reserved
[STDOUT  ] 2017-07-27T12:02:05.238687023Z: [    0.000000] BIOS-e820: [mem 0x00000000fffc0000-0x00000000ffffffff] reserved
[STDOUT  ] 2017-07-27T12:02:05.238868598Z: [    0.000000] NX (Execute Disable) protection: active
[STDOUT  ] 2017-07-27T12:02:05.239046566Z: [    0.000000] SMBIOS 2.8 present.
[STDOUT  ] 2017-07-27T12:02:05.239272789Z: [    0.000000] e820: last_pfn = 0x3ffdf max_arch_pfn = 0x400000000
[STDOUT  ] 2017-07-27T12:02:05.239618596Z: [    0.000000] x86/PAT: Configuration [0-7]: WB  WC  UC- UC  WB  WC  UC- WT  
[STDOUT  ] 2017-07-27T12:02:05.239949985Z: [    0.000000] found SMP MP-table at [mem 0x000f6aa0-0x000f6aaf] mapped at [ffff945d000f6aa0]
[STDOUT  ] 2017-07-27T12:02:05.24007457Z: [    0.000000] RAMDISK: [mem 0x3f08e000-0x3ffdefff]
[STDOUT  ] 2017-07-27T12:02:05.240228642Z: [    0.000000] ACPI: Early table checksum verification disabled
[STDOUT  ] 2017-07-27T12:02:05.240469473Z: [    0.000000] ACPI: RSDP 0x00000000000F68C0 000014 (v00 BOCHS )
[STDOUT  ] 2017-07-27T12:02:05.240936214Z: [    0.000000] ACPI: RSDT 0x000000003FFE2404 000034 (v01 BOCHS  BXPCRSDT 00000001 BXPC 00000001)
[STDOUT  ] 2017-07-27T12:02:05.241251798Z: [    0.000000] ACPI: FACP 0x000000003FFE22A4 000074 (v01 BOCHS  BXPCFACP 00000001 BXPC 00000001)
[STDOUT  ] 2017-07-27T12:02:05.241561909Z: [    0.000000] ACPI: DSDT 0x000000003FFE0040 002264 (v01 BOCHS  BXPCDSDT 00000001 BXPC 00000001)
[STDOUT  ] 2017-07-27T12:02:05.241724672Z: [    0.000000] ACPI: FACS 0x000000003FFE0000 000040
[STDOUT  ] 2017-07-27T12:02:05.242063128Z: [    0.000000] ACPI: APIC 0x000000003FFE2318 000078 (v01 BOCHS  BXPCAPIC 00000001 BXPC 00000001)
[STDOUT  ] 2017-07-27T12:02:05.242286551Z: [    0.000000] ACPI: HPET 0x000000003FFE2390 000038 (v01 BOCHS  BXPCHPET 00000001 BXPC 00000001)
[STDOUT  ] 2017-07-27T12:02:05.242747143Z: [    0.000000] ACPI: MCFG 0x000000003FFE23C8 00003C (v01 BOCHS  BXPCMCFG 00000001 BXPC 00000001)
[STDOUT  ] 2017-07-27T12:02:05.242915023Z: [    0.000000] Zone ranges:
[STDOUT  ] 2017-07-27T12:02:05.243057891Z: [    0.000000]   DMA      [mem 0x0000000000001000-0x0000000000ffffff]
[STDOUT  ] 2017-07-27T12:02:05.243225934Z: [    0.000000]   DMA32    [mem 0x0000000001000000-0x000000003ffdefff]
[STDOUT  ] 2017-07-27T12:02:05.243402882Z: [    0.000000]   Normal   empty
[STDOUT  ] 2017-07-27T12:02:05.243568572Z: [    0.000000] Movable zone start for each node
[STDOUT  ] 2017-07-27T12:02:05.243683666Z: [    0.000000] Early memory node ranges
[STDOUT  ] 2017-07-27T12:02:05.244015301Z: [    0.000000]   node   0: [mem 0x0000000000001000-0x000000000009efff]
[STDOUT  ] 2017-07-27T12:02:05.244242124Z: [    0.000000]   node   0: [mem 0x0000000000100000-0x000000003ffdefff]
[STDOUT  ] 2017-07-27T12:02:05.244638396Z: [    0.000000] Initmem setup node 0 [mem 0x0000000000001000-0x000000003ffdefff]
[STDOUT  ] 2017-07-27T12:02:05.244789391Z: [    0.000000] ACPI: PM-Timer IO Port: 0x608
[STDOUT  ] 2017-07-27T12:02:05.24499603Z: [    0.000000] ACPI: LAPIC_NMI (acpi_id[0xff] dfl dfl lint[0x1])
[STDOUT  ] 2017-07-27T12:02:05.24514686Z: [    0.000000] IOAPIC[0]: apic_id 0, version 32, address 0xfec00000, GSI 0-23
[STDOUT  ] 2017-07-27T12:02:05.245527548Z: [    0.000000] ACPI: INT_SRC_OVR (bus 0 bus_irq 0 global_irq 2 dfl dfl)
[STDOUT  ] 2017-07-27T12:02:05.245685579Z: [    0.000000] ACPI: INT_SRC_OVR (bus 0 bus_irq 5 global_irq 5 high level)
[STDOUT  ] 2017-07-27T12:02:05.246018358Z: [    0.000000] ACPI: INT_SRC_OVR (bus 0 bus_irq 9 global_irq 9 high level)
[STDOUT  ] 2017-07-27T12:02:05.246309316Z: [    0.000000] ACPI: INT_SRC_OVR (bus 0 bus_irq 10 global_irq 10 high level)
[STDOUT  ] 2017-07-27T12:02:05.246574752Z: [    0.000000] ACPI: INT_SRC_OVR (bus 0 bus_irq 11 global_irq 11 high level)
[STDOUT  ] 2017-07-27T12:02:05.246712632Z: [    0.000000] Using ACPI (MADT) for SMP configuration information
[STDOUT  ] 2017-07-27T12:02:05.246893446Z: [    0.000000] ACPI: HPET id: 0x8086a201 base: 0xfed00000
[STDOUT  ] 2017-07-27T12:02:05.247209867Z: [    0.000000] smpboot: Allowing 1 CPUs, 0 hotplug CPUs
[STDOUT  ] 2017-07-27T12:02:05.247364619Z: [    0.000000] e820: [mem 0x40000000-0xafffffff] available for PCI devices
[STDOUT  ] 2017-07-27T12:02:05.247573035Z: [    0.000000] Booting paravirtualized kernel on bare hardware
[STDOUT  ] 2017-07-27T12:02:05.248036556Z: [    0.000000] clocksource: refined-jiffies: mask: 0xffffffff max_cycles: 0xffffffff, max_idle_ns: 19112604462750000 ns
[STDOUT  ] 2017-07-27T12:02:05.248285037Z: [    0.000000] setup_percpu: NR_CPUS:128 nr_cpumask_bits:128 nr_cpu_ids:1 nr_node_ids:1
[STDOUT  ] 2017-07-27T12:02:05.248580993Z: [    0.000000] percpu: Embedded 35 pages/cpu @ffff945d3ee00000 s105176 r8192 d29992 u2097152
[STDOUT  ] 2017-07-27T12:02:05.248933739Z: [    0.000000] Built 1 zonelists in Zone order, mobility grouping on.  Total pages: 257896
[STDOUT  ] 2017-07-27T12:02:05.249302833Z: [    0.000000] Kernel command line: BOOT_IMAGE=/kernel console=ttyS0 initrd=/initrd.img
[STDOUT  ] 2017-07-27T12:02:05.249452746Z: [    0.000000] PID hash table entries: 4096 (order: 3, 32768 bytes)
[STDOUT  ] 2017-07-27T12:02:05.249756861Z: [    0.000000] Dentry cache hash table entries: 131072 (order: 8, 1048576 bytes)
[STDOUT  ] 2017-07-27T12:02:05.250079977Z: [    0.000000] Inode-cache hash table entries: 65536 (order: 7, 524288 bytes)
[STDOUT  ] 2017-07-27T12:02:05.250526319Z: [    0.000000] Memory: 998488K/1048052K available (8026K kernel code, 1366K rwdata, 2696K rodata, 1380K init, 568K bss, 49564K reserved, 0K cma-reserved)
[STDOUT  ] 2017-07-27T12:02:05.250655802Z: [    0.000000] Hierarchical RCU implementation.
[STDOUT  ] 2017-07-27T12:02:05.250898908Z: [    0.000000] 	Build-time adjustment of leaf fanout to 64.
[STDOUT  ] 2017-07-27T12:02:05.251204913Z: [    0.000000] 	RCU restricting CPUs from NR_CPUS=128 to nr_cpu_ids=1.
[STDOUT  ] 2017-07-27T12:02:05.251457484Z: [    0.000000] RCU: Adjusting geometry for rcu_fanout_leaf=64, nr_cpu_ids=1
[STDOUT  ] 2017-07-27T12:02:05.25155712Z: [    0.000000] NR_IRQS:8448 nr_irqs:256 16
[STDOUT  ] 2017-07-27T12:02:05.251714721Z: [    0.000000] Console: colour VGA+ 80x25
[STDOUT  ] 2017-07-27T12:02:05.252079734Z: [    0.000000] console [ttyS0] enabled
[STDOUT  ] 2017-07-27T12:02:05.255495796Z: [    0.000000] clocksource: hpet: mask: 0xffffffff max_cycles: 0xffffffff, max_idle_ns: 19112604467 ns
[STDOUT  ] 2017-07-27T12:02:05.295141619Z: [    0.000000] tsc: Fast TSC calibration using PIT
[STDOUT  ] 2017-07-27T12:02:05.29581966Z: [    0.000000] tsc: Detected 2600.006 MHz processor
[STDOUT  ] 2017-07-27T12:02:05.299661499Z: [    0.032406] Calibrating delay loop (skipped), value calculated using timer frequency.. 5200.01 BogoMIPS (lpj=26000060)
[STDOUT  ] 2017-07-27T12:02:05.300279036Z: [    0.033732] pid_max: default: 32768 minimum: 301
[STDOUT  ] 2017-07-27T12:02:05.30136686Z: [    0.034966] ACPI: Core revision 20160831
[STDOUT  ] 2017-07-27T12:02:05.350309414Z: [    0.082750] ACPI: 1 ACPI AML tables successfully acquired and loaded
[STDOUT  ] 2017-07-27T12:02:05.355243592Z: [    0.088062] Security Framework initialized
[STDOUT  ] 2017-07-27T12:02:05.355676499Z: [    0.088576] Yama: becoming mindful.
[STDOUT  ] 2017-07-27T12:02:05.358326079Z: [    0.090970] Mount-cache hash table entries: 2048 (order: 2, 16384 bytes)
[STDOUT  ] 2017-07-27T12:02:05.358910606Z: [    0.091545] Mountpoint-cache hash table entries: 2048 (order: 2, 16384 bytes)
[STDOUT  ] 2017-07-27T12:02:05.378224368Z: [    0.110736] Last level iTLB entries: 4KB 0, 2MB 0, 4MB 0
[STDOUT  ] 2017-07-27T12:02:05.378739101Z: [    0.111307] Last level dTLB entries: 4KB 0, 2MB 0, 4MB 0, 1GB 0
[STDOUT  ] 2017-07-27T12:02:05.690645848Z: [    0.422858] Freeing SMP alternatives memory: 20K (ffffffffb2eb0000 - ffffffffb2eb5000)
[STDOUT  ] 2017-07-27T12:02:05.701698886Z: [    0.434307] ftrace: allocating 35489 entries in 139 pages
[STDOUT  ] 2017-07-27T12:02:06.036890074Z: [    0.619405] smpboot: Max logical packages: 1
[STDOUT  ] 2017-07-27T12:02:06.044710722Z: [    0.626997] ..TIMER: vector=0x30 apic1=0 pin1=2 apic2=-1 pin2=-1
[STDOUT  ] 2017-07-27T12:02:06.258696582Z: [    0.730000] smpboot: CPU0: AMD QEMU Virtual CPU version 2.5+ (family: 0x6, model: 0x6, stepping: 0x3)
[STDOUT  ] 2017-07-27T12:02:06.260410856Z: [    0.730000] Performance Events: PMU not available due to virtualization, using software events only.
[STDOUT  ] 2017-07-27T12:02:06.277680552Z: [    0.739179] NMI watchdog: disabled (cpu0): hardware events not enabled
[STDOUT  ] 2017-07-27T12:02:06.278295313Z: [    0.740096] NMI watchdog: Shutting down hard lockup detector on all cpus
[STDOUT  ] 2017-07-27T12:02:06.282136434Z: [    0.744064] x86: Booted up 1 node, 1 CPUs
[STDOUT  ] 2017-07-27T12:02:06.282765864Z: [    0.744562] smpboot: Total of 1 processors activated (5200.01 BogoMIPS)
[STDOUT  ] 2017-07-27T12:02:06.298935247Z: [    0.760920] devtmpfs: initialized
[STDOUT  ] 2017-07-27T12:02:06.306872145Z: [    0.768924] x86/mm: Memory block size: 128MB
[STDOUT  ] 2017-07-27T12:02:06.369074031Z: [    0.830794] clocksource: jiffies: mask: 0xffffffff max_cycles: 0xffffffff, max_idle_ns: 19112604462750000 ns
[STDOUT  ] 2017-07-27T12:02:06.369661827Z: [    0.831764] futex hash table entries: 256 (order: 2, 16384 bytes)
[STDOUT  ] 2017-07-27T12:02:06.379425873Z: [    0.841498] NET: Registered protocol family 16
[STDOUT  ] 2017-07-27T12:02:06.38886959Z: [    0.851070] cpuidle: using governor ladder
[STDOUT  ] 2017-07-27T12:02:06.389484375Z: [    0.851643] cpuidle: using governor menu
[STDOUT  ] 2017-07-27T12:02:06.390802388Z: [    0.852940] ACPI: bus type PCI registered
[STDOUT  ] 2017-07-27T12:02:06.393882995Z: [    0.855809] PCI: MMCONFIG for domain 0000 [bus 00-ff] at [mem 0xb0000000-0xbfffffff] (base 0xb0000000)
[STDOUT  ] 2017-07-27T12:02:06.39465965Z: [    0.856637] PCI: MMCONFIG at [mem 0xb0000000-0xbfffffff] reserved in E820
[STDOUT  ] 2017-07-27T12:02:06.395954725Z: [    0.858042] PCI: Using configuration type 1 for base access
[STDOUT  ] 2017-07-27T12:02:06.453618721Z: [    0.915601] HugeTLB registered 2 MB page size, pre-allocated 0 pages
[STDOUT  ] 2017-07-27T12:02:06.465887069Z: [    0.927814] ACPI: Added _OSI(Module Device)
[STDOUT  ] 2017-07-27T12:02:06.466026139Z: [    0.928223] ACPI: Added _OSI(Processor Device)
[STDOUT  ] 2017-07-27T12:02:06.46633294Z: [    0.928598] ACPI: Added _OSI(3.0 _SCP Extensions)
[STDOUT  ] 2017-07-27T12:02:06.466810378Z: [    0.928912] ACPI: Added _OSI(Processor Aggregator Device)
[STDOUT  ] 2017-07-27T12:02:06.539799213Z: [    1.001711] ACPI: Interpreter enabled
[STDOUT  ] 2017-07-27T12:02:06.540856878Z: [    1.002850] ACPI: (supports S0 S5)
[STDOUT  ] 2017-07-27T12:02:06.54128891Z: [    1.003233] ACPI: Using IOAPIC for interrupt routing
[STDOUT  ] 2017-07-27T12:02:06.544573174Z: [    1.006169] PCI: Using host bridge windows from ACPI; if necessary, use "pci=nocrs" and report a bug
[STDOUT  ] 2017-07-27T12:02:06.613390891Z: [    1.075340] ACPI: PCI Root Bridge [PCI0] (domain 0000 [bus 00-ff])
[STDOUT  ] 2017-07-27T12:02:06.614666763Z: [    1.076571] acpi PNP0A08:00: _OSC: OS supports [ExtendedConfig ASPM ClockPM Segments MSI]
[STDOUT  ] 2017-07-27T12:02:06.622057249Z: [    1.083896] acpi PNP0A08:00: _OSC: OS now controls [PCIeHotplug PME PCIeCapability]
[STDOUT  ] 2017-07-27T12:02:06.627254359Z: [    1.089335] PCI host bridge to bus 0000:00
[STDOUT  ] 2017-07-27T12:02:06.628089446Z: [    1.090000] pci_bus 0000:00: root bus resource [io  0x0000-0x0cf7 window]
[STDOUT  ] 2017-07-27T12:02:06.628686968Z: [    1.090589] pci_bus 0000:00: root bus resource [io  0x0d00-0xffff window]
[STDOUT  ] 2017-07-27T12:02:06.629144004Z: [    1.091106] pci_bus 0000:00: root bus resource [mem 0x000a0000-0x000bffff window]
[STDOUT  ] 2017-07-27T12:02:06.629818686Z: [    1.091634] pci_bus 0000:00: root bus resource [mem 0xc0000000-0xfebfffff window]
[STDOUT  ] 2017-07-27T12:02:06.630247117Z: [    1.092362] pci_bus 0000:00: root bus resource [bus 00-ff]
[STDOUT  ] 2017-07-27T12:02:06.725017124Z: [    1.186278] pci 0000:00:1f.0: quirk: [io  0x0600-0x067f] claimed by ICH6 ACPI/GPIO/TCO
[STDOUT  ] 2017-07-27T12:02:06.78344181Z: [    1.245251] ACPI: PCI Interrupt Link [LNKA] (IRQs 5 *10 11)
[STDOUT  ] 2017-07-27T12:02:06.786413513Z: [    1.248327] ACPI: PCI Interrupt Link [LNKB] (IRQs 5 *10 11)
[STDOUT  ] 2017-07-27T12:02:06.789137745Z: [    1.250938] ACPI: PCI Interrupt Link [LNKC] (IRQs 5 10 *11)
[STDOUT  ] 2017-07-27T12:02:06.791152375Z: [    1.252897] ACPI: PCI Interrupt Link [LNKD] (IRQs 5 10 *11)
[STDOUT  ] 2017-07-27T12:02:06.79369003Z: [    1.255418] ACPI: PCI Interrupt Link [LNKE] (IRQs 5 *10 11)
[STDOUT  ] 2017-07-27T12:02:06.79554247Z: [    1.257328] ACPI: PCI Interrupt Link [LNKF] (IRQs 5 *10 11)
[STDOUT  ] 2017-07-27T12:02:06.797730252Z: [    1.259265] ACPI: PCI Interrupt Link [LNKG] (IRQs 5 10 *11)
[STDOUT  ] 2017-07-27T12:02:06.799702281Z: [    1.261729] ACPI: PCI Interrupt Link [LNKH] (IRQs 5 10 *11)
[STDOUT  ] 2017-07-27T12:02:06.800873857Z: [    1.262924] ACPI: PCI Interrupt Link [GSIA] (IRQs *16)
[STDOUT  ] 2017-07-27T12:02:06.801704804Z: [    1.263778] ACPI: PCI Interrupt Link [GSIB] (IRQs *17)
[STDOUT  ] 2017-07-27T12:02:06.802512584Z: [    1.264597] ACPI: PCI Interrupt Link [GSIC] (IRQs *18)
[STDOUT  ] 2017-07-27T12:02:06.803261886Z: [    1.265417] ACPI: PCI Interrupt Link [GSID] (IRQs *19)
[STDOUT  ] 2017-07-27T12:02:06.804165507Z: [    1.266230] ACPI: PCI Interrupt Link [GSIE] (IRQs *20)
[STDOUT  ] 2017-07-27T12:02:06.804990399Z: [    1.267067] ACPI: PCI Interrupt Link [GSIF] (IRQs *21)
[STDOUT  ] 2017-07-27T12:02:06.805794617Z: [    1.267879] ACPI: PCI Interrupt Link [GSIG] (IRQs *22)
[STDOUT  ] 2017-07-27T12:02:06.806554124Z: [    1.268727] ACPI: PCI Interrupt Link [GSIH] (IRQs *23)
[STDOUT  ] 2017-07-27T12:02:06.810815769Z: [    1.272900] ACPI: Enabled 2 GPEs in block 00 to 3F
[STDOUT  ] 2017-07-27T12:02:06.815227312Z: [    1.277466] SCSI subsystem initialized
[STDOUT  ] 2017-07-27T12:02:06.817116608Z: [    1.279461] ACPI: bus type USB registered
[STDOUT  ] 2017-07-27T12:02:06.819166501Z: [    1.281306] usbcore: registered new interface driver usbfs
[STDOUT  ] 2017-07-27T12:02:06.820308547Z: [    1.282425] usbcore: registered new interface driver hub
[STDOUT  ] 2017-07-27T12:02:06.82123443Z: [    1.283323] usbcore: registered new device driver usb
[STDOUT  ] 2017-07-27T12:02:06.822413755Z: [    1.284563] pps_core: LinuxPPS API ver. 1 registered
[STDOUT  ] 2017-07-27T12:02:06.823041337Z: [    1.284929] pps_core: Software ver. 5.3.6 - Copyright 2005-2007 Rodolfo Giometti <giometti@linux.it>
[STDOUT  ] 2017-07-27T12:02:06.823680465Z: [    1.285820] PTP clock support registered
[STDOUT  ] 2017-07-27T12:02:06.824895735Z: [    1.287188] wmi: Mapper loaded
[STDOUT  ] 2017-07-27T12:02:06.826180676Z: [    1.288429] PCI: Using ACPI for IRQ routing
[STDOUT  ] 2017-07-27T12:02:06.845559299Z: [    1.307671] NetLabel: Initializing
[STDOUT  ] 2017-07-27T12:02:06.845718075Z: [    1.307956] NetLabel:  domain hash size = 128
[STDOUT  ] 2017-07-27T12:02:06.846119106Z: [    1.308358] NetLabel:  protocols = UNLABELED CIPSOv4
[STDOUT  ] 2017-07-27T12:02:06.849853125Z: [    1.311892] NetLabel:  unlabeled traffic allowed by default
[STDOUT  ] 2017-07-27T12:02:06.851169581Z: [    1.313244] HPET: 3 timers in total, 0 timers will be used for per-cpu timer
[STDOUT  ] 2017-07-27T12:02:06.851954115Z: [    1.313982] hpet0: at MMIO 0xfed00000, IRQs 2, 8, 0
[STDOUT  ] 2017-07-27T12:02:06.852439235Z: [    1.314545] hpet0: 3 comparators, 64-bit 100.000000 MHz counter
[STDOUT  ] 2017-07-27T12:02:06.8580934Z: [    1.319421] clocksource: Switched to clocksource hpet
[STDOUT  ] 2017-07-27T12:02:07.1097392Z: [    1.562212] VFS: Disk quotas dquot_6.6.0
[STDOUT  ] 2017-07-27T12:02:07.110869623Z: [    1.563142] VFS: Dquot-cache hash table entries: 512 (order 0, 4096 bytes)
[STDOUT  ] 2017-07-27T12:02:07.114756861Z: [    1.567336] FS-Cache: Loaded
[STDOUT  ] 2017-07-27T12:02:07.120347566Z: [    1.572773] CacheFiles: Loaded
[STDOUT  ] 2017-07-27T12:02:07.122020917Z: [    1.574651] pnp: PnP ACPI init
[STDOUT  ] 2017-07-27T12:02:07.134097307Z: [    1.586464] pnp: PnP ACPI: found 5 devices
[STDOUT  ] 2017-07-27T12:02:07.186264795Z: [    1.638364] clocksource: acpi_pm: mask: 0xffffff max_cycles: 0xffffff, max_idle_ns: 2085701024 ns
[STDOUT  ] 2017-07-27T12:02:07.19076602Z: [    1.643164] NET: Registered protocol family 2
[STDOUT  ] 2017-07-27T12:02:07.198509446Z: [    1.650849] TCP established hash table entries: 8192 (order: 4, 65536 bytes)
[STDOUT  ] 2017-07-27T12:02:07.199234976Z: [    1.651727] TCP bind hash table entries: 8192 (order: 5, 131072 bytes)
[STDOUT  ] 2017-07-27T12:02:07.200032733Z: [    1.652474] TCP: Hash tables configured (established 8192 bind 8192)
[STDOUT  ] 2017-07-27T12:02:07.201991514Z: [    1.654436] UDP hash table entries: 512 (order: 2, 16384 bytes)
[STDOUT  ] 2017-07-27T12:02:07.202726826Z: [    1.655044] UDP-Lite hash table entries: 512 (order: 2, 16384 bytes)
[STDOUT  ] 2017-07-27T12:02:07.205205741Z: [    1.657562] NET: Registered protocol family 1
[STDOUT  ] 2017-07-27T12:02:07.206418304Z: [    1.658715] pci 0000:00:01.0: Video device with shadowed ROM at [mem 0x000c0000-0x000dffff]
[STDOUT  ] 2017-07-27T12:02:07.213936441Z: [    1.666464] Unpacking initramfs...
[STDOUT  ] 2017-07-27T12:02:09.359005638Z: [    3.811228] Freeing initrd memory: 15684K (ffff945d3f08e000 - ffff945d3ffdf000)
[STDOUT  ] 2017-07-27T12:02:09.384146345Z: [    3.836605] PCLMULQDQ-NI instructions are not detected.
[STDOUT  ] 2017-07-27T12:02:09.38578633Z: [    3.838124] AVX or AES-NI instructions are not detected.
[STDOUT  ] 2017-07-27T12:02:09.386352272Z: [    3.838677] CPU feature 'AVX registers' is not supported.
[STDOUT  ] 2017-07-27T12:02:09.386683135Z: [    3.839170] CPU feature 'AVX registers' is not supported.
[STDOUT  ] 2017-07-27T12:02:09.387149465Z: [    3.839598] CPU feature 'AVX registers' is not supported.
[STDOUT  ] 2017-07-27T12:02:09.387702826Z: [    3.840039] CPU feature 'AVX registers' is not supported.
[STDOUT  ] 2017-07-27T12:02:09.388515604Z: [    3.841007] AVX2 or AES-NI instructions are not detected.
[STDOUT  ] 2017-07-27T12:02:09.38895915Z: [    3.841439] AVX2 instructions are not detected.
[STDOUT  ] 2017-07-27T12:02:09.39479118Z: [    3.847121] audit: initializing netlink subsys (disabled)
[STDOUT  ] 2017-07-27T12:02:09.396523129Z: [    3.848871] audit: type=2000 audit(1501156928.840:1): initialized
[STDOUT  ] 2017-07-27T12:02:09.407412868Z: [    3.859732] workingset: timestamp_bits=46 max_order=18 bucket_order=0
[STDOUT  ] 2017-07-27T12:02:09.416136867Z: [    3.868558] FS-Cache: Netfs 'cifs' registered for caching
[STDOUT  ] 2017-07-27T12:02:09.416944057Z: [    3.869578] fuse init (API version 7.26)
[STDOUT  ] 2017-07-27T12:02:09.420060201Z: [    3.872457] SGI XFS with ACLs, security attributes, no debug enabled
[STDOUT  ] 2017-07-27T12:02:09.423901278Z: [    3.876323] 9p: Installing v9fs 9p2000 file system support
[STDOUT  ] 2017-07-27T12:02:09.42438814Z: [    3.876902] FS-Cache: Netfs '9p' registered for caching
[STDOUT  ] 2017-07-27T12:02:09.457421802Z: [    3.909897] NET: Registered protocol family 38
[STDOUT  ] 2017-07-27T12:02:09.460421248Z: [    3.912929] Key type asymmetric registered
[STDOUT  ] 2017-07-27T12:02:09.460970518Z: [    3.913352] Asymmetric key parser 'x509' registered
[STDOUT  ] 2017-07-27T12:02:09.462059802Z: [    3.914470] Block layer SCSI generic (bsg) driver version 0.4 loaded (major 251)
[STDOUT  ] 2017-07-27T12:02:09.46351777Z: [    3.915966] io scheduler noop registered
[STDOUT  ] 2017-07-27T12:02:09.463891339Z: [    3.916329] io scheduler deadline registered (default)
[STDOUT  ] 2017-07-27T12:02:09.46457854Z: [    3.917074] io scheduler cfq registered
[STDOUT  ] 2017-07-27T12:02:09.467475716Z: [    3.919783] pci_hotplug: PCI Hot Plug PCI Core version: 0.5
[STDOUT  ] 2017-07-27T12:02:09.469016228Z: [    3.921493] pciehp: PCI Express Hot Plug Controller Driver version: 0.4
[STDOUT  ] 2017-07-27T12:02:09.470124076Z: [    3.922420] shpchp: Standard Hot Plug PCI Controller Driver version: 0.4
[STDOUT  ] 2017-07-27T12:02:09.470908615Z: [    3.923350] hv_vmbus: registering driver hyperv_fb
[STDOUT  ] 2017-07-27T12:02:09.47436051Z: [    3.926609] input: Power Button as /devices/LNXSYSTM:00/LNXPWRBN:00/input/input0
[STDOUT  ] 2017-07-27T12:02:09.475237082Z: [    3.927879] ACPI: Power Button [PWRF]
[STDOUT  ] 2017-07-27T12:02:09.482242423Z: [    3.934761] GHES: HEST is not enabled!
[STDOUT  ] 2017-07-27T12:02:09.494068257Z: [    3.946405] ACPI: PCI Interrupt Link [GSIH] enabled at IRQ 23
[STDOUT  ] 2017-07-27T12:02:09.502653654Z: [    3.955087] xenfs: not registering filesystem on non-xen platform
[STDOUT  ] 2017-07-27T12:02:09.505172039Z: [    3.957426] Serial: 8250/16550 driver, 4 ports, IRQ sharing disabled
[STDOUT  ] 2017-07-27T12:02:09.529948369Z: [    3.982205] 00:04: ttyS0 at I/O 0x3f8 (irq = 4, base_baud = 115200) is a 16550A
[STDOUT  ] 2017-07-27T12:02:09.543022866Z: [    3.995472] Non-volatile memory driver v1.3
[STDOUT  ] 2017-07-27T12:02:09.552400425Z: [    4.004637] Hangcheck: starting hangcheck timer 0.9.1 (tick is 180 seconds, margin is 60 seconds).
[STDOUT  ] 2017-07-27T12:02:09.592984425Z: [    4.045553] loop: module loaded
[STDOUT  ] 2017-07-27T12:02:09.609922293Z: [    4.062427] nbd: registered device at major 43
[STDOUT  ] 2017-07-27T12:02:09.655248972Z: [    4.107561] lpc_ich 0000:00:1f.0: I/O space for GPIO uninitialized
[STDOUT  ] 2017-07-27T12:02:09.657663252Z: [    4.109995] VMware PVSCSI driver - version 1.0.7.0-k
[STDOUT  ] 2017-07-27T12:02:09.659009216Z: [    4.111433] hv_vmbus: registering driver hv_storvsc
[STDOUT  ] 2017-07-27T12:02:09.670189956Z: [    4.122513] ACPI: PCI Interrupt Link [GSIA] enabled at IRQ 16
[STDOUT  ] 2017-07-27T12:02:09.678774112Z: [    4.130978] ahci 0000:00:1f.2: AHCI 0001.0000 32 slots 6 ports 1.5 Gbps 0x3f impl SATA mode
[STDOUT  ] 2017-07-27T12:02:09.67918249Z: [    4.131757] ahci 0000:00:1f.2: flags: 64bit ncq only 
[STDOUT  ] 2017-07-27T12:02:09.700612119Z: [    4.153124] scsi host0: ahci
[STDOUT  ] 2017-07-27T12:02:09.706266476Z: [    4.158817] scsi host1: ahci
[STDOUT  ] 2017-07-27T12:02:09.709121442Z: [    4.161707] scsi host2: ahci
[STDOUT  ] 2017-07-27T12:02:09.711591886Z: [    4.164221] scsi host3: ahci
[STDOUT  ] 2017-07-27T12:02:09.714011827Z: [    4.166574] scsi host4: ahci
[STDOUT  ] 2017-07-27T12:02:09.716320103Z: [    4.168966] scsi host5: ahci
[STDOUT  ] 2017-07-27T12:02:09.718794662Z: [    4.171102] ata1: SATA max UDMA/133 abar m4096@0xfebf1000 port 0xfebf1100 irq 24
[STDOUT  ] 2017-07-27T12:02:09.719309022Z: [    4.171720] ata2: SATA max UDMA/133 abar m4096@0xfebf1000 port 0xfebf1180 irq 24
[STDOUT  ] 2017-07-27T12:02:09.719968261Z: [    4.172251] ata3: SATA max UDMA/133 abar m4096@0xfebf1000 port 0xfebf1200 irq 24
[STDOUT  ] 2017-07-27T12:02:09.720394271Z: [    4.172787] ata4: SATA max UDMA/133 abar m4096@0xfebf1000 port 0xfebf1280 irq 24
[STDOUT  ] 2017-07-27T12:02:09.720992892Z: [    4.173280] ata5: SATA max UDMA/133 abar m4096@0xfebf1000 port 0xfebf1300 irq 24
[STDOUT  ] 2017-07-27T12:02:09.721417102Z: [    4.173803] ata6: SATA max UDMA/133 abar m4096@0xfebf1000 port 0xfebf1380 irq 24
[STDOUT  ] 2017-07-27T12:02:09.73531167Z: [    4.187714] tun: Universal TUN/TAP device driver, 1.6
[STDOUT  ] 2017-07-27T12:02:09.735815107Z: [    4.188134] tun: (C) 1999-2004 Max Krasnyansky <maxk@qualcomm.com>
[STDOUT  ] 2017-07-27T12:02:09.738268709Z: [    4.190606] VMware vmxnet3 virtual NIC driver - version 1.4.a.0-k-NAPI
[STDOUT  ] 2017-07-27T12:02:09.739278868Z: [    4.191703] hv_vmbus: registering driver hv_netvsc
[STDOUT  ] 2017-07-27T12:02:09.739558136Z: [    4.192082] Fusion MPT base driver 3.04.20
[STDOUT  ] 2017-07-27T12:02:09.739889223Z: [    4.192398] Copyright (c) 1999-2008 LSI Corporation
[STDOUT  ] 2017-07-27T12:02:09.740528466Z: [    4.193091] Fusion MPT SPI Host driver 3.04.20
[STDOUT  ] 2017-07-27T12:02:09.742902976Z: [    4.195237] i8042: PNP: PS/2 Controller [PNP0303:KBD,PNP0f13:MOU] at 0x60,0x64 irq 1,12
[STDOUT  ] 2017-07-27T12:02:09.746955801Z: [    4.199377] serio: i8042 KBD port at 0x60,0x64 irq 1
[STDOUT  ] 2017-07-27T12:02:09.747915394Z: [    4.200447] serio: i8042 AUX port at 0x60,0x64 irq 12
[STDOUT  ] 2017-07-27T12:02:09.751173669Z: [    4.203631] hv_vmbus: registering driver hyperv_keyboard
[STDOUT  ] 2017-07-27T12:02:09.753460389Z: [    4.205856] mousedev: PS/2 mouse device common for all mice
[STDOUT  ] 2017-07-27T12:02:09.759175588Z: [    4.211303] input: AT Translated Set 2 keyboard as /devices/platform/i8042/serio0/input/input1
[STDOUT  ] 2017-07-27T12:02:09.762033477Z: [    4.214491] input: PC Speaker as /devices/platform/pcspkr/input/input2
[STDOUT  ] 2017-07-27T12:02:09.765919236Z: [    4.218245] rtc_cmos 00:00: RTC can wake from S4
[STDOUT  ] 2017-07-27T12:02:09.769627369Z: [    4.222050] rtc_cmos 00:00: rtc core: registered rtc_cmos as rtc0
[STDOUT  ] 2017-07-27T12:02:09.77100981Z: [    4.223431] rtc_cmos 00:00: alarms up to one day, y3k, 114 bytes nvram, hpet irqs
[STDOUT  ] 2017-07-27T12:02:09.771665115Z: [    4.224177] i2c /dev entries driver
[STDOUT  ] 2017-07-27T12:02:09.773980605Z: [    4.226301] device-mapper: ioctl: 4.35.0-ioctl (2016-06-23) initialised: dm-devel@redhat.com
[STDOUT  ] 2017-07-27T12:02:09.779145904Z: [    4.231552] usbcore: registered new interface driver usbhid
[STDOUT  ] 2017-07-27T12:02:09.779504281Z: [    4.231975] usbhid: USB HID core driver
[STDOUT  ] 2017-07-27T12:02:09.780169941Z: [    4.232705] hv_utils: Registering HyperV Utility Driver
[STDOUT  ] 2017-07-27T12:02:09.780467019Z: [    4.233068] hv_vmbus: registering driver hv_util
[STDOUT  ] 2017-07-27T12:02:09.780782873Z: [    4.233392] hv_vmbus: registering driver hv_balloon
[STDOUT  ] 2017-07-27T12:02:09.781288388Z: [    4.233962] oprofile: using NMI interrupt.
[STDOUT  ] 2017-07-27T12:02:09.782367557Z: [    4.235038] GACT probability on
[STDOUT  ] 2017-07-27T12:02:09.783036969Z: [    4.235517] Mirror/redirect action on
[STDOUT  ] 2017-07-27T12:02:09.783944025Z: [    4.236486] Simple TC action Loaded
[STDOUT  ] 2017-07-27T12:02:09.784528564Z: [    4.237204] u32 classifier
[STDOUT  ] 2017-07-27T12:02:09.78484755Z: [    4.237441]     Performance counters on
[STDOUT  ] 2017-07-27T12:02:09.785200489Z: [    4.237713]     input device check on
[STDOUT  ] 2017-07-27T12:02:09.785357027Z: [    4.237999]     Actions configured
[STDOUT  ] 2017-07-27T12:02:09.786319127Z: [    4.238590] Netfilter messages via NETLINK v0.30.
[STDOUT  ] 2017-07-27T12:02:09.78710395Z: [    4.239575] nfnl_acct: registering with nfnetlink.
[STDOUT  ] 2017-07-27T12:02:09.7888982Z: [    4.241371] nf_conntrack version 0.5.0 (8192 buckets, 32768 max)
[STDOUT  ] 2017-07-27T12:02:09.791778993Z: [    4.244282] ctnetlink v0.93: registering with nfnetlink.
[STDOUT  ] 2017-07-27T12:02:09.794931937Z: [    4.247399] nf_tables: (c) 2007-2009 Patrick McHardy <kaber@trash.net>
[STDOUT  ] 2017-07-27T12:02:09.795973049Z: [    4.248219] nf_tables_compat: (c) 2012 Pablo Neira Ayuso <pablo@netfilter.org>
[STDOUT  ] 2017-07-27T12:02:09.798635171Z: [    4.251063] xt_time: kernel timezone is -0000
[STDOUT  ] 2017-07-27T12:02:09.798963659Z: [    4.251648] ip_set: protocol 6
[STDOUT  ] 2017-07-27T12:02:09.799872005Z: [    4.252340] IPVS: Registered protocols (TCP, UDP, SCTP, AH, ESP)
[STDOUT  ] 2017-07-27T12:02:09.800591786Z: [    4.252963] IPVS: Connection hash table configured (size=4096, memory=64Kbytes)
[STDOUT  ] 2017-07-27T12:02:09.802281654Z: [    4.254802] IPVS: Creating netns size=2104 id=0
[STDOUT  ] 2017-07-27T12:02:09.804795879Z: [    4.257436] IPVS: ipvs loaded.
[STDOUT  ] 2017-07-27T12:02:09.805276591Z: [    4.257810] IPVS: [rr] scheduler registered.
[STDOUT  ] 2017-07-27T12:02:09.805622367Z: [    4.258158] IPVS: [wrr] scheduler registered.
[STDOUT  ] 2017-07-27T12:02:09.805943578Z: [    4.258548] IPVS: [lc] scheduler registered.
[STDOUT  ] 2017-07-27T12:02:09.806257528Z: [    4.258832] IPVS: [wlc] scheduler registered.
[STDOUT  ] 2017-07-27T12:02:09.806559796Z: [    4.259147] IPVS: [fo] scheduler registered.
[STDOUT  ] 2017-07-27T12:02:09.80687502Z: [    4.259459] IPVS: [ovf] scheduler registered.
[STDOUT  ] 2017-07-27T12:02:09.807418535Z: [    4.259950] IPVS: [lblc] scheduler registered.
[STDOUT  ] 2017-07-27T12:02:09.808500353Z: [    4.260984] IPVS: [lblcr] scheduler registered.
[STDOUT  ] 2017-07-27T12:02:09.808796166Z: [    4.261292] IPVS: [dh] scheduler registered.
[STDOUT  ] 2017-07-27T12:02:09.809161198Z: [    4.261617] IPVS: [sh] scheduler registered.
[STDOUT  ] 2017-07-27T12:02:09.809472765Z: [    4.261945] IPVS: [sed] scheduler registered.
[STDOUT  ] 2017-07-27T12:02:09.809766329Z: [    4.262314] IPVS: [nq] scheduler registered.
[STDOUT  ] 2017-07-27T12:02:09.810624889Z: [    4.263082] IPVS: ftp: loaded support on port[0] = 21
[STDOUT  ] 2017-07-27T12:02:09.811563358Z: [    4.264028] ipip: IPv4 and MPLS over IPv4 tunneling driver
[STDOUT  ] 2017-07-27T12:02:09.816203682Z: [    4.268551] gre: GRE over IPv4 demultiplexor driver
[STDOUT  ] 2017-07-27T12:02:09.819390525Z: [    4.271820] ip_tables: (C) 2000-2006 Netfilter Core Team
[STDOUT  ] 2017-07-27T12:02:09.822580455Z: [    4.275042] ipt_CLUSTERIP: ClusterIP Version 0.8 loaded successfully
[STDOUT  ] 2017-07-27T12:02:09.823326647Z: [    4.275827] arp_tables: arp_tables: (C) 2002 David S. Miller
[STDOUT  ] 2017-07-27T12:02:09.825646532Z: [    4.278150] NET: Registered protocol family 10
[STDOUT  ] 2017-07-27T12:02:09.835144614Z: [    4.287699] ip6_tables: (C) 2000-2006 Netfilter Core Team
[STDOUT  ] 2017-07-27T12:02:09.843566017Z: [    4.296090] NET: Registered protocol family 17
[STDOUT  ] 2017-07-27T12:02:09.84471873Z: [    4.297224] Bridge firewalling registered
[STDOUT  ] 2017-07-27T12:02:09.845138264Z: [    4.297838] Ebtables v2.0 registered
[STDOUT  ] 2017-07-27T12:02:09.847187308Z: [    4.299702] 8021q: 802.1Q VLAN Support v1.8
[STDOUT  ] 2017-07-27T12:02:09.849198409Z: [    4.301713] 9pnet: Installing 9P2000 support
[STDOUT  ] 2017-07-27T12:02:09.850759543Z: [    4.303230] Key type dns_resolver registered
[STDOUT  ] 2017-07-27T12:02:09.851693741Z: [    4.304211] microcode: AMD CPU family 0x6 not supported
[STDOUT  ] 2017-07-27T12:02:09.85557088Z: [    4.307977] registered taskstats version 1
[STDOUT  ] 2017-07-27T12:02:10.052451495Z: [    4.504926] ata2: SATA link down (SStatus 0 SControl 300)
[STDOUT  ] 2017-07-27T12:02:10.055287108Z: [    4.507862] ata1: SATA link up 1.5 Gbps (SStatus 113 SControl 300)
[STDOUT  ] 2017-07-27T12:02:10.058912944Z: [    4.511358] ata3: SATA link up 1.5 Gbps (SStatus 113 SControl 300)
[STDOUT  ] 2017-07-27T12:02:10.060926051Z: [    4.513198] ata3.00: ATAPI: QEMU DVD-ROM, 2.5+, max UDMA/100
[STDOUT  ] 2017-07-27T12:02:10.061328099Z: [    4.513769] ata3.00: applying bridge limits
[STDOUT  ] 2017-07-27T12:02:10.063943417Z: [    4.516456] ata3.00: configured for UDMA/100
[STDOUT  ] 2017-07-27T12:02:10.065315428Z: [    4.517791] ata5: SATA link down (SStatus 0 SControl 300)
[STDOUT  ] 2017-07-27T12:02:10.065903123Z: [    4.518398] ata4: SATA link down (SStatus 0 SControl 300)
[STDOUT  ] 2017-07-27T12:02:10.068932189Z: [    4.521315] ata1.00: ATA-7: QEMU HARDDISK, 2.5+, max UDMA/100
[STDOUT  ] 2017-07-27T12:02:10.069338257Z: [    4.521724] ata1.00: 409600 sectors, multi 16: LBA48 NCQ (depth 31/32)
[STDOUT  ] 2017-07-27T12:02:10.069883842Z: [    4.522281] ata1.00: applying bridge limits
[STDOUT  ] 2017-07-27T12:02:10.078276519Z: [    4.530681] ata1.00: configured for UDMA/100
[STDOUT  ] 2017-07-27T12:02:10.097385367Z: [    4.549533] scsi 0:0:0:0: Direct-Access     ATA      QEMU HARDDISK    2.5+ PQ: 0 ANSI: 5
[STDOUT  ] 2017-07-27T12:02:10.110164888Z: [    4.562432] sd 0:0:0:0: [sda] 409600 512-byte logical blocks: (210 MB/200 MiB)
[STDOUT  ] 2017-07-27T12:02:10.111401905Z: [    4.563881] ata6: SATA link down (SStatus 0 SControl 300)
[STDOUT  ] 2017-07-27T12:02:10.115779585Z: [    4.568356] Key type big_key registered
[STDOUT  ] 2017-07-27T12:02:10.121730462Z: [    4.574063] sd 0:0:0:0: [sda] Write Protect is off
[STDOUT  ] 2017-07-27T12:02:10.122674736Z: [    4.575190] sd 0:0:0:0: Attached scsi generic sg0 type 0
[STDOUT  ] 2017-07-27T12:02:10.129030816Z: [    4.581281] sd 0:0:0:0: [sda] Write cache: enabled, read cache: enabled, doesn't support DPO or FUA
[STDOUT  ] 2017-07-27T12:02:10.136986138Z: [    4.589304] scsi 2:0:0:0: CD-ROM            QEMU     QEMU DVD-ROM     2.5+ PQ: 0 ANSI: 5
[STDOUT  ] 2017-07-27T12:02:10.161336005Z: [    4.613725] sr 2:0:0:0: [sr0] scsi3-mmc drive: 4x/4x cd/rw xa/form2 tray
[STDOUT  ] 2017-07-27T12:02:10.161760667Z: [    4.614274] cdrom: Uniform CD-ROM driver Revision: 3.20
[STDOUT  ] 2017-07-27T12:02:10.182859103Z: [    4.635290]  sda: sda1
[STDOUT  ] 2017-07-27T12:02:10.185622307Z: [    4.638015] sr 2:0:0:0: Attached scsi generic sg1 type 5
[STDOUT  ] 2017-07-27T12:02:10.206890047Z: [    4.659360] sd 0:0:0:0: [sda] Attached SCSI disk
[STDOUT  ] 2017-07-27T12:02:10.245643742Z: [    4.696828] Key type encrypted registered
[STDOUT  ] 2017-07-27T12:02:10.251257801Z: [    4.703520] rtc_cmos 00:00: setting system clock to 2017-07-27 12:02:10 UTC (1501156930)
[STDOUT  ] 2017-07-27T12:02:10.408437918Z: [    4.860726] Freeing unused kernel memory: 1380K (ffffffffb2d57000 - ffffffffb2eb0000)
[STDOUT  ] 2017-07-27T12:02:10.408966299Z: [    4.861354] Write protecting the kernel read-only data: 12288k
[STDOUT  ] 2017-07-27T12:02:10.416951422Z: [    4.869220] Freeing unused kernel memory: 152K (ffff945d327da000 - ffff945d32800000)
[STDOUT  ] 2017-07-27T12:02:10.551587339Z: [    5.003685] Freeing unused kernel memory: 1400K (ffff945d32aa2000 - ffff945d32c00000)
[STDOUT  ] 2017-07-27T12:02:10.552478068Z: [    5.004907] tsc: Refined TSC clocksource calibration: 2599.993 MHz
[STDOUT  ] 2017-07-27T12:02:10.553229168Z: [    5.005345] clocksource: tsc: mask: 0xffffffffffffffff max_cycles: 0x257a3556805, max_idle_ns: 440795233934 ns
[STDOUT  ] 2017-07-27T12:02:11.569011075Z: [    6.021364] clocksource: Switched to clocksource tsc
[STDOUT  ] 2017-07-27T12:02:14.898862812Z: [    9.351003] e1000: Intel(R) PRO/1000 Network Driver - version 7.3.21-k8-NAPI
[STDOUT  ] 2017-07-27T12:02:14.899244088Z: [    9.351579] e1000: Copyright (c) 1999-2006 Intel Corporation.
[STDOUT  ] 2017-07-27T12:02:14.919279213Z: [    9.371507] ACPI: PCI Interrupt Link [GSIG] enabled at IRQ 22
[STDOUT  ] 2017-07-27T12:02:15.285580038Z: [    9.736695] e1000 0000:00:02.0 eth0: (PCI:33MHz:32-bit) 52:54:00:12:34:56
[STDOUT  ] 2017-07-27T12:02:15.285601564Z: [    9.737617] e1000 0000:00:02.0 eth0: Intel(R) PRO/1000 Network Connection
[STDOUT  ] 2017-07-27T12:02:15.735166125Z: 
[STDOUT  ] 2017-07-27T12:02:15.735714944Z: Welcome to LinuxKit
[STDOUT  ] 2017-07-27T12:02:15.735968391Z: 
[STDOUT  ] 2017-07-27T12:02:15.736308534Z:                         ##         .
[STDOUT  ] 2017-07-27T12:02:15.736799363Z:                   ## ## ##        ==
[STDOUT  ] 2017-07-27T12:02:15.737139919Z:                ## ## ## ## ##    ===
[STDOUT  ] 2017-07-27T12:02:15.738187974Z:            /"""""""""""""""""\___/ ===
[STDOUT  ] 2017-07-27T12:02:15.738705506Z:           {                       /  ===-
[STDOUT  ] 2017-07-27T12:02:15.739030337Z:            \______ O           __/
[STDOUT  ] 2017-07-27T12:02:15.739382041Z:              \    \         __/
[STDOUT  ] 2017-07-27T12:02:15.739708613Z:               \____\_______/
[STDOUT  ] 2017-07-27T12:02:15.739834562Z: 
[STDOUT  ] 2017-07-27T12:02:46.992726138Z: [   41.445549] sd 0:0:0:0: [sda] Synchronizing SCSI cache
[STDOUT  ] 2017-07-27T12:02:46.993753153Z: [   41.446578] sd 0:0:0:0: [sda] Stopping disk
[STDOUT  ] 2017-07-27T12:02:46.995887989Z: [   41.448781] ACPI: Preparing to enter system sleep state S5
[STDOUT  ] 2017-07-27T12:02:46.99668233Z: [   41.449745] reboot: Power down
[STDERR  ] 2017-07-27T12:02:47.334605231Z: + exit 0
[STDERR  ] 2017-07-27T12:02:47.334673084Z: + clean_up
[STDERR  ] 2017-07-27T12:02:47.334710102Z: + find . -depth -iname run* -not -iname *.yml -exec rm -rf {} ;
[STDERR  ] 2017-07-27T12:02:47.339878986Z: + find . -depth -iname mkimage* -not -iname *.yml -exec rm -rf {} ;
[STDERR  ] 2017-07-27T12:02:47.346927545Z: + find . -depth -iname disk.qcow2* -not -iname *.yml -exec rm -rf {} ;
[STDERR  ] 2017-07-27T12:02:47.351794126Z: + rm -f tarball.img
[PASS    ] linuxkit.packages.mkimage 147.39s
