[INFO    ] 2019-08-22T00:02:31.344989455Z: Running Test linuxkit.kernel.config_5.1.x in /tmp/build/test/cases/020_kernel/008_config_5.1.x
[INFO    ] 2019-08-22T00:02:31.345134242Z: Running command: [/bin/sh -x /tmp/build/test/cases/020_kernel/008_config_5.1.x/test.sh]
[STDERR  ] 2019-08-22T00:02:31.346917333Z: + set -e
[STDERR  ] 2019-08-22T00:02:31.346985656Z: + . /tmp/build/test/cases/_lib/lib.sh
[STDERR  ] 2019-08-22T00:02:31.347000448Z: + [ -f src/github.com/linuxkit/rtf/lib/lib.sh ]
[STDERR  ] 2019-08-22T00:02:31.347090493Z: + LINUXKIT_TMPDIR=/tmp/build/test/cases/_tmp
[STDERR  ] 2019-08-22T00:02:31.347113353Z: + [ -f /tmp/build/test/cases/_tmp/env.sh ]
[STDERR  ] 2019-08-22T00:02:31.347128288Z: + . /tmp/build/test/cases/_tmp/env.sh
[STDERR  ] 2019-08-22T00:02:31.347214938Z: + export LINUXKIT_EXAMPLES_DIR=/tmp/build/test/cases/../../examples
[STDERR  ] 2019-08-22T00:02:31.347237910Z: + RT_CANCEL=253
[STDERR  ] 2019-08-22T00:02:31.347251066Z: + NAME=kconfig
[STDERR  ] 2019-08-22T00:02:31.347324593Z: + trap clean_up EXIT
[STDERR  ] 2019-08-22T00:02:31.347347291Z: + linuxkit build -format kernel+initrd -name kconfig test.yml
[STDERR  ] 2019-08-22T00:02:31.382476995Z: Extract kernel image: linuxkit/kernel:5.1.8
[STDERR  ] 2019-08-22T00:02:32.686066853Z: Pull image: docker.io/linuxkit/kernel:5.1.8@sha256:9af589941e78e4a67ec54ebca4410b72a33ad57e0630b660253aef6e413c4986
[STDERR  ] 2019-08-22T00:02:45.186792769Z: Add init containers:
[STDERR  ] 2019-08-22T00:02:45.186897479Z: Process init image: linuxkit/init:v0.7
[STDERR  ] 2019-08-22T00:02:46.390058390Z: Process init image: linuxkit/runc:c1f0db27e71d948f3134b31ce76276f843849b0a
[STDERR  ] 2019-08-22T00:02:47.588952181Z: Add onboot containers:
[STDERR  ] 2019-08-22T00:02:47.589017651Z:   Create OCI config for linuxkit/test-kernel-config:0e9308f871ac86c680d64836a050547a2feebb36
[STDERR  ] 2019-08-22T00:02:48.989448716Z:   Create OCI config for linuxkit/poweroff:b498d30dd9660090565537fceb9e757618737a85
[STDERR  ] 2019-08-22T00:02:51.629982274Z: Create outputs:
[STDERR  ] 2019-08-22T00:02:57.775846723Z:   kconfig-kernel kconfig-initrd.img kconfig-cmdline
[STDERR  ] 2019-08-22T00:02:57.839593868Z: + linuxkit run kconfig
[STDERR  ] 2019-08-22T00:03:06.425814325Z: + RESULT=[    0.000000] Linux version 5.1.8-linuxkit (root@df7a19117645) (gcc version 8.3.0 (Alpine 8.3.0)) #1 SMP Sun Jun 9 23:28:55 UTC 2019
[STDERR  ] 2019-08-22T00:03:06.425914237Z: [    0.000000] Command line: console=ttyS0 console=ttyAMA0
[STDERR  ] 2019-08-22T00:03:06.425931714Z: [    0.000000] x86/fpu: x87 FPU will use FXSAVE
[STDERR  ] 2019-08-22T00:03:06.425946807Z: [    0.000000] BIOS-provided physical RAM map:
[STDERR  ] 2019-08-22T00:03:06.425961162Z: [    0.000000] BIOS-e820: [mem 0x0000000000000000-0x000000000009fbff] usable
[STDERR  ] 2019-08-22T00:03:06.425990032Z: [    0.000000] BIOS-e820: [mem 0x000000000009fc00-0x000000000009ffff] reserved
[STDERR  ] 2019-08-22T00:03:06.426004034Z: [    0.000000] BIOS-e820: [mem 0x00000000000f0000-0x00000000000fffff] reserved
[STDERR  ] 2019-08-22T00:03:06.426020290Z: [    0.000000] BIOS-e820: [mem 0x0000000000100000-0x000000003ffdefff] usable
[STDERR  ] 2019-08-22T00:03:06.426035615Z: [    0.000000] BIOS-e820: [mem 0x000000003ffdf000-0x000000003fffffff] reserved
[STDERR  ] 2019-08-22T00:03:06.426049835Z: [    0.000000] BIOS-e820: [mem 0x00000000b0000000-0x00000000bfffffff] reserved
[STDERR  ] 2019-08-22T00:03:06.426063829Z: [    0.000000] BIOS-e820: [mem 0x00000000fed1c000-0x00000000fed1ffff] reserved
[STDERR  ] 2019-08-22T00:03:06.426077061Z: [    0.000000] BIOS-e820: [mem 0x00000000feffc000-0x00000000feffffff] reserved
[STDERR  ] 2019-08-22T00:03:06.426090659Z: [    0.000000] BIOS-e820: [mem 0x00000000fffc0000-0x00000000ffffffff] reserved
[STDERR  ] 2019-08-22T00:03:06.426112610Z: [    0.000000] NX (Execute Disable) protection: active
[STDERR  ] 2019-08-22T00:03:06.426126575Z: [    0.000000] SMBIOS 2.8 present.
[STDERR  ] 2019-08-22T00:03:06.426140390Z: [    0.000000] DMI: QEMU Standard PC (Q35 + ICH9, 2009), BIOS 1.10.2-1 04/01/2014
[STDERR  ] 2019-08-22T00:03:06.426153358Z: [    0.000000] Hypervisor detected: KVM
[STDERR  ] 2019-08-22T00:03:06.426178351Z: [    0.000000] kvm-clock: Using msrs 4b564d01 and 4b564d00
[STDERR  ] 2019-08-22T00:03:06.426200629Z: [    0.000001] kvm-clock: cpu 0, msr 368e7001, primary cpu clock
[STDERR  ] 2019-08-22T00:03:06.426213871Z: [    0.000001] kvm-clock: using sched offset of 562756706 cycles
[STDERR  ] 2019-08-22T00:03:06.426225954Z: [    0.000004] clocksource: kvm-clock: mask: 0xffffffffffffffff max_cycles: 0x1cd42e4dffb, max_idle_ns: 881590591483 ns
[STDERR  ] 2019-08-22T00:03:06.426239207Z: [    0.000015] tsc: Detected 2299.904 MHz processor
[STDERR  ] 2019-08-22T00:03:06.426253901Z: [    0.003318] last_pfn = 0x3ffdf max_arch_pfn = 0x400000000
[STDERR  ] 2019-08-22T00:03:06.426266816Z: [    0.003947] x86/PAT: PAT not supported by CPU.
[STDERR  ] 2019-08-22T00:03:06.426286884Z: [    0.004003] x86/PAT: Configuration [0-7]: WB  WT  UC- UC  WB  WT  UC- UC  
[STDERR  ] 2019-08-22T00:03:06.426299182Z: [    0.014314] found SMP MP-table at [mem 0x000f6a90-0x000f6a9f]
[STDERR  ] 2019-08-22T00:03:06.426312108Z: [    0.014672] RAMDISK: [mem 0x3df56000-0x3ffcffff]
[STDERR  ] 2019-08-22T00:03:06.426324621Z: [    0.014899] ACPI: Early table checksum verification disabled
[STDERR  ] 2019-08-22T00:03:06.426344006Z: [    0.015037] ACPI: RSDP 0x00000000000F68D0 000014 (v00 BOCHS )
[STDERR  ] 2019-08-22T00:03:06.426366009Z: [    0.015045] ACPI: RSDT 0x000000003FFE2404 000034 (v01 BOCHS  BXPCRSDT 00000001 BXPC 00000001)
[STDERR  ] 2019-08-22T00:03:06.426379536Z: [    0.015064] ACPI: FACP 0x000000003FFE22A4 000074 (v01 BOCHS  BXPCFACP 00000001 BXPC 00000001)
[STDERR  ] 2019-08-22T00:03:06.426391128Z: [    0.015071] ACPI: DSDT 0x000000003FFE0040 002264 (v01 BOCHS  BXPCDSDT 00000001 BXPC 00000001)
[STDERR  ] 2019-08-22T00:03:06.426403505Z: [    0.015075] ACPI: FACS 0x000000003FFE0000 000040
[STDERR  ] 2019-08-22T00:03:06.426416538Z: [    0.015079] ACPI: APIC 0x000000003FFE2318 000078 (v01 BOCHS  BXPCAPIC 00000001 BXPC 00000001)
[STDERR  ] 2019-08-22T00:03:06.426428818Z: [    0.015082] ACPI: HPET 0x000000003FFE2390 000038 (v01 BOCHS  BXPCHPET 00000001 BXPC 00000001)
[STDERR  ] 2019-08-22T00:03:06.426448903Z: [    0.015086] ACPI: MCFG 0x000000003FFE23C8 00003C (v01 BOCHS  BXPCMCFG 00000001 BXPC 00000001)
[STDERR  ] 2019-08-22T00:03:06.426462012Z: [    0.015958] Zone ranges:
[STDERR  ] 2019-08-22T00:03:06.426475210Z: [    0.015960]   DMA      [mem 0x0000000000001000-0x0000000000ffffff]
[STDERR  ] 2019-08-22T00:03:06.426488170Z: [    0.015962]   DMA32    [mem 0x0000000001000000-0x000000003ffdefff]
[STDERR  ] 2019-08-22T00:03:06.426500348Z: [    0.015964]   Normal   empty
[STDERR  ] 2019-08-22T00:03:06.426512693Z: [    0.015965]   Device   empty
[STDERR  ] 2019-08-22T00:03:06.426525991Z: [    0.015966] Movable zone start for each node
[STDERR  ] 2019-08-22T00:03:06.426546383Z: [    0.015967] Early memory node ranges
[STDERR  ] 2019-08-22T00:03:06.426569456Z: [    0.015968]   node   0: [mem 0x0000000000001000-0x000000000009efff]
[STDERR  ] 2019-08-22T00:03:06.426586549Z: [    0.015970]   node   0: [mem 0x0000000000100000-0x000000003ffdefff]
[STDERR  ] 2019-08-22T00:03:06.426599684Z: [    0.016528] Zeroed struct page in unavailable ranges: 98 pages
[STDERR  ] 2019-08-22T00:03:06.426611407Z: [    0.016530] Initmem setup node 0 [mem 0x0000000000001000-0x000000003ffdefff]
[STDERR  ] 2019-08-22T00:03:06.426624260Z: [    0.030743] ACPI: PM-Timer IO Port: 0x608
[STDERR  ] 2019-08-22T00:03:06.426637594Z: [    0.030792] ACPI: LAPIC_NMI (acpi_id[0xff] dfl dfl lint[0x1])
[STDERR  ] 2019-08-22T00:03:06.426650001Z: [    0.031049] IOAPIC[0]: apic_id 0, version 17, address 0xfec00000, GSI 0-23
[STDERR  ] 2019-08-22T00:03:06.426663017Z: [    0.031053] ACPI: INT_SRC_OVR (bus 0 bus_irq 0 global_irq 2 dfl dfl)
[STDERR  ] 2019-08-22T00:03:06.426676291Z: [    0.031055] ACPI: INT_SRC_OVR (bus 0 bus_irq 5 global_irq 5 high level)
[STDERR  ] 2019-08-22T00:03:06.426697015Z: [    0.031056] ACPI: INT_SRC_OVR (bus 0 bus_irq 9 global_irq 9 high level)
[STDERR  ] 2019-08-22T00:03:06.426709001Z: [    0.031062] ACPI: INT_SRC_OVR (bus 0 bus_irq 10 global_irq 10 high level)
[STDERR  ] 2019-08-22T00:03:06.426725748Z: [    0.031064] ACPI: INT_SRC_OVR (bus 0 bus_irq 11 global_irq 11 high level)
[STDERR  ] 2019-08-22T00:03:06.426737992Z: [    0.031072] Using ACPI (MADT) for SMP configuration information
[STDERR  ] 2019-08-22T00:03:06.426750432Z: [    0.031074] ACPI: HPET id: 0x8086a201 base: 0xfed00000
[STDERR  ] 2019-08-22T00:03:06.426762699Z: [    0.031112] smpboot: Allowing 1 CPUs, 0 hotplug CPUs
[STDERR  ] 2019-08-22T00:03:06.426775404Z: [    0.031213] [mem 0x40000000-0xafffffff] available for PCI devices
[STDERR  ] 2019-08-22T00:03:06.426788023Z: [    0.031214] Booting paravirtualized kernel on KVM
[STDERR  ] 2019-08-22T00:03:06.426800632Z: [    0.031217] clocksource: refined-jiffies: mask: 0xffffffff max_cycles: 0xffffffff, max_idle_ns: 1910969940391419 ns
[STDERR  ] 2019-08-22T00:03:06.426820866Z: [    0.166784] random: get_random_bytes called from start_kernel+0xac/0x501 with crng_init=0
[STDERR  ] 2019-08-22T00:03:06.426833575Z: [    0.166806] setup_percpu: NR_CPUS:128 nr_cpumask_bits:128 nr_cpu_ids:1 nr_node_ids:1
[STDERR  ] 2019-08-22T00:03:06.426846203Z: [    0.167653] percpu: Embedded 45 pages/cpu s144856 r8192 d31272 u2097152
[STDERR  ] 2019-08-22T00:03:06.426858534Z: [    0.167768] KVM setup async PF for cpu 0
[STDERR  ] 2019-08-22T00:03:06.426878462Z: [    0.167822] kvm-stealtime: cpu 0, msr 3ca15e80
[STDERR  ] 2019-08-22T00:03:06.426891520Z: [    0.167846] Built 1 zonelists, mobility grouping on.  Total pages: 257896
[STDERR  ] 2019-08-22T00:03:06.426904387Z: [    0.167849] Kernel command line: console=ttyS0 console=ttyAMA0
[STDERR  ] 2019-08-22T00:03:06.426916815Z: [    0.168115] Dentry cache hash table entries: 131072 (order: 8, 1048576 bytes)
[STDERR  ] 2019-08-22T00:03:06.426929195Z: [    0.168714] Inode-cache hash table entries: 65536 (order: 7, 524288 bytes)
[STDERR  ] 2019-08-22T00:03:06.426941731Z: [    0.172389] Memory: 969188K/1048052K available (12291K kernel code, 1598K rwdata, 3092K rodata, 1612K init, 1216K bss, 78864K reserved, 0K cma-reserved)
[STDERR  ] 2019-08-22T00:03:06.426955477Z: [    0.173184] Kernel/User page tables isolation: enabled
[STDERR  ] 2019-08-22T00:03:06.426968707Z: [    0.173213] ftrace: allocating 43860 entries in 172 pages
[STDERR  ] 2019-08-22T00:03:06.426980695Z: [    0.194438] rcu: Hierarchical RCU implementation.
[STDERR  ] 2019-08-22T00:03:06.426994507Z: [    0.194442] rcu: 	RCU restricting CPUs from NR_CPUS=128 to nr_cpu_ids=1.
[STDERR  ] 2019-08-22T00:03:06.427006440Z: [    0.194443] rcu: RCU calculated value of scheduler-enlistment delay is 100 jiffies.
[STDERR  ] 2019-08-22T00:03:06.427018510Z: [    0.194445] rcu: Adjusting geometry for rcu_fanout_leaf=16, nr_cpu_ids=1
[STDERR  ] 2019-08-22T00:03:06.427036237Z: [    0.197660] NR_IRQS: 8448, nr_irqs: 256, preallocated irqs: 16
[STDERR  ] 2019-08-22T00:03:06.427048972Z: [    0.224322] Console: colour VGA+ 80x25
[STDERR  ] 2019-08-22T00:03:06.427061191Z: [    0.666530] printk: console [ttyS0] enabled
[STDERR  ] 2019-08-22T00:03:06.427072964Z: [    0.670156] ACPI: Core revision 20190215
[STDERR  ] 2019-08-22T00:03:06.427092097Z: [    0.674284] clocksource: hpet: mask: 0xffffffff max_cycles: 0xffffffff, max_idle_ns: 19112604467 ns
[STDERR  ] 2019-08-22T00:03:06.427104952Z: [    0.682556] APIC: Switch to symmetric I/O mode setup
[STDERR  ] 2019-08-22T00:03:06.427124812Z: [    0.689224] x2apic enabled
[STDERR  ] 2019-08-22T00:03:06.427138171Z: [    0.693938] Switched APIC routing to physical x2apic.
[STDERR  ] 2019-08-22T00:03:06.427158799Z: [    0.708315] ..TIMER: vector=0x30 apic1=0 pin1=2 apic2=-1 pin2=-1
[STDERR  ] 2019-08-22T00:03:06.427170037Z: [    0.713584] clocksource: tsc-early: mask: 0xffffffffffffffff max_cycles: 0x2126da700b4, max_idle_ns: 440795209466 ns
[STDERR  ] 2019-08-22T00:03:06.427181862Z: [    0.722511] Calibrating delay loop (skipped) preset value.. 4599.80 BogoMIPS (lpj=2299904)
[STDERR  ] 2019-08-22T00:03:06.427195034Z: [    0.723484] pid_max: default: 32768 minimum: 301
[STDERR  ] 2019-08-22T00:03:06.427208176Z: [    0.724567] LSM: Security Framework initializing
[STDERR  ] 2019-08-22T00:03:06.427226210Z: [    0.725485] Yama: becoming mindful.
[STDERR  ] 2019-08-22T00:03:06.427237983Z: [    0.726525] Mount-cache hash table entries: 2048 (order: 2, 16384 bytes)
[STDERR  ] 2019-08-22T00:03:06.427258921Z: [    0.727488] Mountpoint-cache hash table entries: 2048 (order: 2, 16384 bytes)
[STDERR  ] 2019-08-22T00:03:06.427271619Z: [    0.728720] *** VALIDATE proc ***
[STDERR  ] 2019-08-22T00:03:06.427285408Z: [    0.729568] *** VALIDATE cgroup1 ***
[STDERR  ] 2019-08-22T00:03:06.427299093Z: [    0.731482] *** VALIDATE cgroup2 ***
[STDERR  ] 2019-08-22T00:03:06.427312895Z: [    0.734533] Last level iTLB entries: 4KB 0, 2MB 0, 4MB 0
[STDERR  ] 2019-08-22T00:03:06.427326287Z: [    0.736481] Last level dTLB entries: 4KB 0, 2MB 0, 4MB 0, 1GB 0
[STDERR  ] 2019-08-22T00:03:06.427338994Z: [    0.737482] Spectre V2 : Mitigation: Full generic retpoline
[STDERR  ] 2019-08-22T00:03:06.427351207Z: [    0.738481] Spectre V2 : Spectre v2 / SpectreRSB mitigation: Filling RSB on context switch
[STDERR  ] 2019-08-22T00:03:06.427363933Z: [    0.739484] Speculative Store Bypass: Vulnerable
[STDERR  ] 2019-08-22T00:03:06.427376109Z: [    0.740501] MDS: Vulnerable: Clear CPU buffers attempted, no microcode
[STDERR  ] 2019-08-22T00:03:06.427395057Z: [    0.749155] Freeing SMP alternatives memory: 20K
[STDERR  ] 2019-08-22T00:03:06.427412228Z: [    0.751475] smpboot: CPU0: Intel QEMU Virtual CPU version 2.5+ (family: 0x6, model: 0x6, stepping: 0x3)
[STDERR  ] 2019-08-22T00:03:06.427425348Z: [    0.751679] Performance Events: PMU not available due to virtualization, using software events only.
[STDERR  ] 2019-08-22T00:03:06.427438364Z: [    0.754575] rcu: Hierarchical SRCU implementation.
[STDERR  ] 2019-08-22T00:03:06.427450750Z: [    0.755605] NMI watchdog: Perf NMI watchdog permanently disabled
[STDERR  ] 2019-08-22T00:03:06.427462833Z: [    0.756557] smp: Bringing up secondary CPUs ...
[STDERR  ] 2019-08-22T00:03:06.427481486Z: [    0.757481] smp: Brought up 1 node, 1 CPU
[STDERR  ] 2019-08-22T00:03:06.427493666Z: [    0.758480] smpboot: Max logical packages: 1
[STDERR  ] 2019-08-22T00:03:06.427506490Z: [    0.759482] smpboot: Total of 1 processors activated (4599.80 BogoMIPS)
[STDERR  ] 2019-08-22T00:03:06.427518506Z: [    0.761719] devtmpfs: initialized
[STDERR  ] 2019-08-22T00:03:06.427537087Z: [    0.762555] x86/mm: Memory block size: 128MB
[STDERR  ] 2019-08-22T00:03:06.427558003Z: [    0.763864] clocksource: jiffies: mask: 0xffffffff max_cycles: 0xffffffff, max_idle_ns: 1911260446275000 ns
[STDERR  ] 2019-08-22T00:03:06.427569774Z: [    0.764495] futex hash table entries: 256 (order: 2, 16384 bytes)
[STDERR  ] 2019-08-22T00:03:06.427581197Z: [    0.765776] NET: Registered protocol family 16
[STDERR  ] 2019-08-22T00:03:06.427598285Z: [    0.766643] audit: initializing netlink subsys (disabled)
[STDERR  ] 2019-08-22T00:03:06.427609583Z: [    0.768480] cpuidle: using governor ladder
[STDERR  ] 2019-08-22T00:03:06.427621029Z: [    0.769481] cpuidle: using governor menu
[STDERR  ] 2019-08-22T00:03:06.427640709Z: [    0.770492] audit: type=2000 audit(1566432178.776:1): state=initialized audit_enabled=0 res=1
[STDERR  ] 2019-08-22T00:03:06.427652338Z: [    0.771638] ACPI: bus type PCI registered
[STDERR  ] 2019-08-22T00:03:06.427664844Z: [    0.772485] acpiphp: ACPI Hot Plug PCI Controller Driver version: 0.5
[STDERR  ] 2019-08-22T00:03:06.427677614Z: [    0.774756] PCI: MMCONFIG for domain 0000 [bus 00-ff] at [mem 0xb0000000-0xbfffffff] (base 0xb0000000)
[STDERR  ] 2019-08-22T00:03:06.427691058Z: [    0.775485] PCI: MMCONFIG at [mem 0xb0000000-0xbfffffff] reserved in E820
[STDERR  ] 2019-08-22T00:03:06.427703895Z: [    0.776493] PCI: Using configuration type 1 for base access
[STDERR  ] 2019-08-22T00:03:06.427716353Z: [    0.779642] HugeTLB registered 2.00 MiB page size, pre-allocated 0 pages
[STDERR  ] 2019-08-22T00:03:06.427729381Z: [    0.780686] cryptd: max_cpu_qlen set to 1000
[STDERR  ] 2019-08-22T00:03:06.427741594Z: [    0.781667] ACPI: Added _OSI(Module Device)
[STDERR  ] 2019-08-22T00:03:06.427757815Z: [    0.782483] ACPI: Added _OSI(Processor Device)
[STDERR  ] 2019-08-22T00:03:06.427770356Z: [    0.783481] ACPI: Added _OSI(3.0 _SCP Extensions)
[STDERR  ] 2019-08-22T00:03:06.427782518Z: [    0.784484] ACPI: Added _OSI(Processor Aggregator Device)
[STDERR  ] 2019-08-22T00:03:06.427794831Z: [    0.785500] ACPI: Added _OSI(Linux-Dell-Video)
[STDERR  ] 2019-08-22T00:03:06.427806839Z: [    0.786481] ACPI: Added _OSI(Linux-Lenovo-NV-HDMI-Audio)
[STDERR  ] 2019-08-22T00:03:06.427824993Z: [    0.787481] ACPI: Added _OSI(Linux-HPI-Hybrid-Graphics)
[STDERR  ] 2019-08-22T00:03:06.427837172Z: [    0.790504] ACPI: 1 ACPI AML tables successfully acquired and loaded
[STDERR  ] 2019-08-22T00:03:06.427849412Z: [    0.794699] ACPI: Interpreter enabled
[STDERR  ] 2019-08-22T00:03:06.427861544Z: [    0.795490] ACPI: (supports S0 S5)
[STDERR  ] 2019-08-22T00:03:06.427873622Z: [    0.796481] ACPI: Using IOAPIC for interrupt routing
[STDERR  ] 2019-08-22T00:03:06.427892438Z: [    0.797542] PCI: Using host bridge windows from ACPI; if necessary, use "pci=nocrs" and report a bug
[STDERR  ] 2019-08-22T00:03:06.427905002Z: [    0.798733] ACPI: Enabled 2 GPEs in block 00 to 3F
[STDERR  ] 2019-08-22T00:03:06.427919438Z: [    0.803970] ACPI: PCI Root Bridge [PCI0] (domain 0000 [bus 00-ff])
[STDERR  ] 2019-08-22T00:03:06.427931906Z: [    0.804491] acpi PNP0A08:00: _OSC: OS supports [ExtendedConfig ASPM ClockPM Segments MSI]
[STDERR  ] 2019-08-22T00:03:06.427944383Z: [    0.805603] acpi PNP0A08:00: _OSC: platform does not support [SHPCHotplug LTR]
[STDERR  ] 2019-08-22T00:03:06.427956279Z: [    0.806570] acpi PNP0A08:00: _OSC: OS now controls [PCIeHotplug PME PCIeCapability]
[STDERR  ] 2019-08-22T00:03:06.427968382Z: [    0.807886] PCI host bridge to bus 0000:00
[STDERR  ] 2019-08-22T00:03:06.427979715Z: [    0.808486] pci_bus 0000:00: root bus resource [io  0x0000-0x0cf7 window]
[STDERR  ] 2019-08-22T00:03:06.428000873Z: [    0.809484] pci_bus 0000:00: root bus resource [io  0x0d00-0xffff window]
[STDERR  ] 2019-08-22T00:03:06.428020392Z: [    0.810486] pci_bus 0000:00: root bus resource [mem 0x000a0000-0x000bffff window]
[STDERR  ] 2019-08-22T00:03:06.428033065Z: [    0.811483] pci_bus 0000:00: root bus resource [mem 0xc0000000-0xfebfffff window]
[STDERR  ] 2019-08-22T00:03:06.428044829Z: [    0.812488] pci_bus 0000:00: root bus resource [bus 00-ff]
[STDERR  ] 2019-08-22T00:03:06.428056812Z: [    0.884276] pci 0000:00:1f.0: quirk: [io  0x0600-0x067f] claimed by ICH6 ACPI/GPIO/TCO
[STDERR  ] 2019-08-22T00:03:06.428077188Z: [    0.912157] ACPI: PCI Interrupt Link [LNKA] (IRQs 5 *10 11)
[STDERR  ] 2019-08-22T00:03:06.428089903Z: [    0.913573] ACPI: PCI Interrupt Link [LNKB] (IRQs 5 *10 11)
[STDERR  ] 2019-08-22T00:03:06.428106919Z: [    0.914788] ACPI: PCI Interrupt Link [LNKC] (IRQs 5 10 *11)
[STDERR  ] 2019-08-22T00:03:06.428119512Z: [    0.916571] ACPI: PCI Interrupt Link [LNKD] (IRQs 5 10 *11)
[STDERR  ] 2019-08-22T00:03:06.428140370Z: [    0.917773] ACPI: PCI Interrupt Link [LNKE] (IRQs 5 *10 11)
[STDERR  ] 2019-08-22T00:03:06.428152245Z: [    0.919496] ACPI: PCI Interrupt Link [LNKF] (IRQs 5 *10 11)
[STDERR  ] 2019-08-22T00:03:06.428164433Z: [    0.920760] ACPI: PCI Interrupt Link [LNKG] (IRQs 5 10 *11)
[STDERR  ] 2019-08-22T00:03:06.428176209Z: [    0.921767] ACPI: PCI Interrupt Link [LNKH] (IRQs 5 10 *11)
[STDERR  ] 2019-08-22T00:03:06.428195727Z: [    0.922651] ACPI: PCI Interrupt Link [GSIA] (IRQs *16)
[STDERR  ] 2019-08-22T00:03:06.428207978Z: [    0.924493] ACPI: PCI Interrupt Link [GSIB] (IRQs *17)
[STDERR  ] 2019-08-22T00:03:06.428220474Z: [    0.925498] ACPI: PCI Interrupt Link [GSIC] (IRQs *18)
[STDERR  ] 2019-08-22T00:03:06.428232133Z: [    0.926496] ACPI: PCI Interrupt Link [GSID] (IRQs *19)
[STDERR  ] 2019-08-22T00:03:06.428244208Z: [    0.927499] ACPI: PCI Interrupt Link [GSIE] (IRQs *20)
[STDERR  ] 2019-08-22T00:03:06.428260628Z: [    0.928500] ACPI: PCI Interrupt Link [GSIF] (IRQs *21)
[STDERR  ] 2019-08-22T00:03:06.428273122Z: [    0.929499] ACPI: PCI Interrupt Link [GSIG] (IRQs *22)
[STDERR  ] 2019-08-22T00:03:06.428289330Z: [    0.930509] ACPI: PCI Interrupt Link [GSIH] (IRQs *23)
[STDERR  ] 2019-08-22T00:03:06.428301042Z: [    0.932902] SCSI subsystem initialized
[STDERR  ] 2019-08-22T00:03:06.428313544Z: [    0.934488] ACPI: bus type USB registered
[STDERR  ] 2019-08-22T00:03:06.428325426Z: [    0.935517] usbcore: registered new interface driver usbfs
[STDERR  ] 2019-08-22T00:03:06.428344672Z: [    0.936502] usbcore: registered new interface driver hub
[STDERR  ] 2019-08-22T00:03:06.428356891Z: [    0.937507] usbcore: registered new device driver usb
[STDERR  ] 2019-08-22T00:03:06.428368961Z: [    0.938513] pps_core: LinuxPPS API ver. 1 registered
[STDERR  ] 2019-08-22T00:03:06.428388225Z: [    0.939479] pps_core: Software ver. 5.3.6 - Copyright 2005-2007 Rodolfo Giometti <giometti@linux.it>
[STDERR  ] 2019-08-22T00:03:06.428409940Z: [    0.940494] PTP clock support registered
[STDERR  ] 2019-08-22T00:03:06.428428076Z: [    0.941576] PCI: Using ACPI for IRQ routing
[STDERR  ] 2019-08-22T00:03:06.428448898Z: [    1.395366] NetLabel: Initializing
[STDERR  ] 2019-08-22T00:03:06.428461009Z: [    1.395480] NetLabel:  domain hash size = 128
[STDERR  ] 2019-08-22T00:03:06.428473058Z: [    1.396480] NetLabel:  protocols = UNLABELED CIPSOv4 CALIPSO
[STDERR  ] 2019-08-22T00:03:06.428484867Z: [    1.397517] NetLabel:  unlabeled traffic allowed by default
[STDERR  ] 2019-08-22T00:03:06.428503289Z: [    1.398657] HPET: 3 timers in total, 0 timers will be used for per-cpu timer
[STDERR  ] 2019-08-22T00:03:06.428517109Z: [    1.399585] hpet0: at MMIO 0xfed00000, IRQs 2, 8, 0
[STDERR  ] 2019-08-22T00:03:06.428529155Z: [    1.400481] hpet0: 3 comparators, 64-bit 100.000000 MHz counter
[STDERR  ] 2019-08-22T00:03:06.428542073Z: [    1.405521] clocksource: Switched to clocksource kvm-clock
[STDERR  ] 2019-08-22T00:03:06.428566583Z: [    1.443779] VFS: Disk quotas dquot_6.6.0
[STDERR  ] 2019-08-22T00:03:06.428579324Z: [    1.447559] VFS: Dquot-cache hash table entries: 512 (order 0, 4096 bytes)
[STDERR  ] 2019-08-22T00:03:06.428591832Z: [    1.453840] FS-Cache: Loaded
[STDERR  ] 2019-08-22T00:03:06.428604447Z: [    1.456552] *** VALIDATE hugetlbfs ***
[STDERR  ] 2019-08-22T00:03:06.428616636Z: [    1.460084] CacheFiles: Loaded
[STDERR  ] 2019-08-22T00:03:06.428628118Z: [    1.462963] pnp: PnP ACPI init
[STDERR  ] 2019-08-22T00:03:06.428639608Z: [    1.466987] pnp: PnP ACPI: found 5 devices
[STDERR  ] 2019-08-22T00:03:06.428651297Z: [    1.477201] clocksource: acpi_pm: mask: 0xffffff max_cycles: 0xffffff, max_idle_ns: 2085701024 ns
[STDERR  ] 2019-08-22T00:03:06.428661939Z: [    1.485247] NET: Registered protocol family 2
[STDERR  ] 2019-08-22T00:03:06.428672714Z: [    1.489634] tcp_listen_portaddr_hash hash table entries: 512 (order: 1, 8192 bytes)
[STDERR  ] 2019-08-22T00:03:06.428690764Z: [    1.496606] TCP established hash table entries: 8192 (order: 4, 65536 bytes)
[STDERR  ] 2019-08-22T00:03:06.428703781Z: [    1.503723] TCP bind hash table entries: 8192 (order: 5, 131072 bytes)
[STDERR  ] 2019-08-22T00:03:06.428716832Z: [    1.509644] TCP: Hash tables configured (established 8192 bind 8192)
[STDERR  ] 2019-08-22T00:03:06.428729132Z: [    1.515585] UDP hash table entries: 512 (order: 2, 16384 bytes)
[STDERR  ] 2019-08-22T00:03:06.428741921Z: [    1.520939] UDP-Lite hash table entries: 512 (order: 2, 16384 bytes)
[STDERR  ] 2019-08-22T00:03:06.428754175Z: [    1.526758] NET: Registered protocol family 1
[STDERR  ] 2019-08-22T00:03:06.428766942Z: [    1.530734] NET: Registered protocol family 44
[STDERR  ] 2019-08-22T00:03:06.428779347Z: [    1.535028] pci 0000:00:01.0: Video device with shadowed ROM at [mem 0x000c0000-0x000dffff]
[STDERR  ] 2019-08-22T00:03:06.428798728Z: [    1.542968] Trying to unpack rootfs image as initramfs...
[STDERR  ] 2019-08-22T00:03:06.428855842Z: [    2.189805] Freeing initrd memory: 33256K
[STDERR  ] 2019-08-22T00:03:06.428891318Z: [    2.193886] clocksource: tsc: mask: 0xffffffffffffffff max_cycles: 0x2126da700b4, max_idle_ns: 440795209466 ns
[STDERR  ] 2019-08-22T00:03:06.428934484Z: [    2.245474] PCLMULQDQ-NI instructions are not detected.
[STDERR  ] 2019-08-22T00:03:06.428977557Z: [    2.252288] AVX or AES-NI instructions are not detected.
[STDERR  ] 2019-08-22T00:03:06.429016560Z: [    2.257297] CPU feature 'AVX registers' is not supported.
[STDERR  ] 2019-08-22T00:03:06.429054818Z: [    2.262219] CPU feature 'AVX registers' is not supported.
[STDERR  ] 2019-08-22T00:03:06.429093687Z: [    2.267128] CPU feature 'AVX registers' is not supported.
[STDERR  ] 2019-08-22T00:03:06.429143012Z: [    2.272022] CPU feature 'AVX registers' is not supported.
[STDERR  ] 2019-08-22T00:03:06.429192388Z: [    2.276895] AVX2 or AES-NI instructions are not detected.
[STDERR  ] 2019-08-22T00:03:06.429232222Z: [    2.281764] AVX2 instructions are not detected.
[STDERR  ] 2019-08-22T00:03:06.429295478Z: [    2.286578] workingset: timestamp_bits=46 max_order=18 bucket_order=0
[STDERR  ] 2019-08-22T00:03:06.429333977Z: [    2.292850] squashfs: version 4.0 (2009/01/31) Phillip Lougher
[STDERR  ] 2019-08-22T00:03:06.429372547Z: [    2.298249] FS-Cache: Netfs 'cifs' registered for caching
[STDERR  ] 2019-08-22T00:03:06.429411836Z: [    2.303264] fuse init (API version 7.29)
[STDERR  ] 2019-08-22T00:03:06.429450216Z: [    2.307000] SGI XFS with ACLs, security attributes, no debug enabled
[STDERR  ] 2019-08-22T00:03:06.429485509Z: [    2.312984] 9p: Installing v9fs 9p2000 file system support
[STDERR  ] 2019-08-22T00:03:06.429526093Z: [    2.318015] FS-Cache: Netfs '9p' registered for caching
[STDERR  ] 2019-08-22T00:03:06.429572881Z: [    2.460071] NET: Registered protocol family 38
[STDERR  ] 2019-08-22T00:03:06.429611667Z: [    2.464264] Key type asymmetric registered
[STDERR  ] 2019-08-22T00:03:06.429648595Z: [    2.468064] Asymmetric key parser 'x509' registered
[STDERR  ] 2019-08-22T00:03:06.429683123Z: [    2.472571] Block layer SCSI generic (bsg) driver version 0.4 loaded (major 247)
[STDERR  ] 2019-08-22T00:03:06.429734075Z: [    2.479311] io scheduler mq-deadline registered
[STDERR  ] 2019-08-22T00:03:06.429778590Z: [    2.483449] io scheduler kyber registered
[STDERR  ] 2019-08-22T00:03:06.429815497Z: [    2.487217] io scheduler bfq registered
[STDERR  ] 2019-08-22T00:03:06.429851728Z: [    2.490849] shpchp: Standard Hot Plug PCI Controller Driver version: 0.4
[STDERR  ] 2019-08-22T00:03:06.429889754Z: [    2.496922] hv_vmbus: registering driver hyperv_fb
[STDERR  ] 2019-08-22T00:03:06.429926080Z: [    2.501444] input: Power Button as /devices/LNXSYSTM:00/LNXPWRBN:00/input/input0
[STDERR  ] 2019-08-22T00:03:06.429970544Z: [    2.508123] ACPI: Power Button [PWRF]
[STDERR  ] 2019-08-22T00:03:06.430007046Z: [    2.512677] PCI Interrupt Link [GSIG] enabled at IRQ 22
[STDERR  ] 2019-08-22T00:03:06.430042480Z: [    2.523311] PCI Interrupt Link [GSIH] enabled at IRQ 23
[STDERR  ] 2019-08-22T00:03:06.430088955Z: [    2.533971] Serial: 8250/16550 driver, 4 ports, IRQ sharing disabled
[STDERR  ] 2019-08-22T00:03:06.430127177Z: [    2.573652] 00:04: ttyS0 at I/O 0x3f8 (irq = 4, base_baud = 115200) is a 16550A
[STDERR  ] 2019-08-22T00:03:06.430164230Z: [    2.581395] Non-volatile memory driver v1.3
[STDERR  ] 2019-08-22T00:03:06.430208058Z: [    2.587006] Hangcheck: starting hangcheck timer 0.9.1 (tick is 180 seconds, margin is 60 seconds).
[STDERR  ] 2019-08-22T00:03:06.430245780Z: [    2.595352] random: fast init done
[STDERR  ] 2019-08-22T00:03:06.430280940Z: [    2.599561] random: crng init done
[STDERR  ] 2019-08-22T00:03:06.430320558Z: [    2.604029] brd: module loaded
[STDERR  ] 2019-08-22T00:03:06.430356785Z: [    2.610300] loop: module loaded
[STDERR  ] 2019-08-22T00:03:06.430394074Z: [    2.617586] lpc_ich 0000:00:1f.0: I/O space for GPIO uninitialized
[STDERR  ] 2019-08-22T00:03:06.430431212Z: [    2.623323] VMware PVSCSI driver - version 1.0.7.0-k
[STDERR  ] 2019-08-22T00:03:06.430469134Z: [    2.627860] hv_vmbus: registering driver hv_storvsc
[STDERR  ] 2019-08-22T00:03:06.430514073Z: [    2.632984] PCI Interrupt Link [GSIA] enabled at IRQ 16
[STDERR  ] 2019-08-22T00:03:06.430559403Z: [    2.641354] ahci 0000:00:1f.2: AHCI 0001.0000 32 slots 6 ports 1.5 Gbps 0x3f impl SATA mode
[STDERR  ] 2019-08-22T00:03:06.430718746Z: [    2.648775] ahci 0000:00:1f.2: flags: 64bit ncq only 
[STDERR  ] 2019-08-22T00:03:06.430779241Z: [    2.657307] scsi host0: ahci
[STDERR  ] 2019-08-22T00:03:06.430834141Z: [    2.660182] scsi host1: ahci
[STDERR  ] 2019-08-22T00:03:06.430880868Z: [    2.662997] scsi host2: ahci
[STDERR  ] 2019-08-22T00:03:06.430925380Z: [    2.665820] scsi host3: ahci
[STDERR  ] 2019-08-22T00:03:06.430982853Z: [    2.668687] scsi host4: ahci
[STDERR  ] 2019-08-22T00:03:06.431045621Z: [    2.671658] scsi host5: ahci
[STDERR  ] 2019-08-22T00:03:06.431102888Z: [    2.674480] ata1: SATA max UDMA/133 abar m4096@0xfebd2000 port 0xfebd2100 irq 24
[STDERR  ] 2019-08-22T00:03:06.431163766Z: [    2.681127] ata2: SATA max UDMA/133 abar m4096@0xfebd2000 port 0xfebd2180 irq 24
[STDERR  ] 2019-08-22T00:03:06.431223668Z: [    2.687789] ata3: SATA max UDMA/133 abar m4096@0xfebd2000 port 0xfebd2200 irq 24
[STDERR  ] 2019-08-22T00:03:06.431275969Z: [    2.694577] ata4: SATA max UDMA/133 abar m4096@0xfebd2000 port 0xfebd2280 irq 24
[STDERR  ] 2019-08-22T00:03:06.431326288Z: [    2.701200] ata5: SATA max UDMA/133 abar m4096@0xfebd2000 port 0xfebd2300 irq 24
[STDERR  ] 2019-08-22T00:03:06.431380101Z: [    2.708435] ata6: SATA max UDMA/133 abar m4096@0xfebd2000 port 0xfebd2380 irq 24
[STDERR  ] 2019-08-22T00:03:06.431437824Z: [    2.717424] tun: Universal TUN/TAP device driver, 1.6
[STDERR  ] 2019-08-22T00:03:06.431503389Z: [    2.727070] VMware vmxnet3 virtual NIC driver - version 1.4.16.0-k-NAPI
[STDERR  ] 2019-08-22T00:03:06.431556320Z: [    2.733124] hv_vmbus: registering driver hv_netvsc
[STDERR  ] 2019-08-22T00:03:06.431623133Z: [    2.737514] Fusion MPT base driver 3.04.20
[STDERR  ] 2019-08-22T00:03:06.431672055Z: [    2.741681] Copyright (c) 1999-2008 LSI Corporation
[STDERR  ] 2019-08-22T00:03:06.431738481Z: [    2.746153] Fusion MPT SPI Host driver 3.04.20
[STDERR  ] 2019-08-22T00:03:06.431783815Z: [    2.750260] i8042: PNP: PS/2 Controller [PNP0303:KBD,PNP0f13:MOU] at 0x60,0x64 irq 1,12
[STDERR  ] 2019-08-22T00:03:06.431831674Z: [    2.761405] serio: i8042 KBD port at 0x60,0x64 irq 1
[STDERR  ] 2019-08-22T00:03:06.431887658Z: [    2.765979] serio: i8042 AUX port at 0x60,0x64 irq 12
[STDERR  ] 2019-08-22T00:03:06.431931706Z: [    2.771013] hv_vmbus: registering driver hyperv_keyboard
[STDERR  ] 2019-08-22T00:03:06.431977222Z: [    2.775919] mousedev: PS/2 mouse device common for all mice
[STDERR  ] 2019-08-22T00:03:06.432022524Z: [    2.782438] input: AT Translated Set 2 keyboard as /devices/platform/i8042/serio0/input/input1
[STDERR  ] 2019-08-22T00:03:06.432075380Z: [    2.790256] input: PC Speaker as /devices/platform/pcspkr/input/input2
[STDERR  ] 2019-08-22T00:03:06.432127143Z: [    2.797232] rtc_cmos 00:00: RTC can wake from S4
[STDERR  ] 2019-08-22T00:03:06.432185235Z: [    2.803953] rtc_cmos 00:00: registered as rtc0
[STDERR  ] 2019-08-22T00:03:06.432251442Z: [    2.808054] rtc_cmos 00:00: alarms up to one day, y3k, 114 bytes nvram, hpet irqs
[STDERR  ] 2019-08-22T00:03:06.432296743Z: [    2.814844] i2c /dev entries driver
[STDERR  ] 2019-08-22T00:03:06.432352004Z: [    2.818413] device-mapper: ioctl: 4.40.0-ioctl (2019-01-18) initialised: dm-devel@redhat.com
[STDERR  ] 2019-08-22T00:03:06.432400986Z: [    2.826134] intel_pstate: CPU model not supported
[STDERR  ] 2019-08-22T00:03:06.432464792Z: [    2.830994] usbcore: registered new interface driver usbhid
[STDERR  ] 2019-08-22T00:03:06.432517142Z: [    2.836241] usbhid: USB HID core driver
[STDERR  ] 2019-08-22T00:03:06.432572106Z: [    2.839819] hv_utils: Registering HyperV Utility Driver
[STDERR  ] 2019-08-22T00:03:06.432628920Z: [    2.844574] hv_vmbus: registering driver hv_utils
[STDERR  ] 2019-08-22T00:03:06.432675283Z: [    2.848919] hv_vmbus: registering driver hv_balloon
[STDERR  ] 2019-08-22T00:03:06.432730133Z: [    2.853385] oprofile: using NMI interrupt.
[STDERR  ] 2019-08-22T00:03:06.432786384Z: [    2.857166] GACT probability on
[STDERR  ] 2019-08-22T00:03:06.432849952Z: [    2.860073] Mirror/redirect action on
[STDERR  ] 2019-08-22T00:03:06.432893789Z: [    2.863470] Simple TC action Loaded
[STDERR  ] 2019-08-22T00:03:06.432948116Z: [    2.866715] u32 classifier
[STDERR  ] 2019-08-22T00:03:06.433003185Z: [    2.869234]     Performance counters on
[STDERR  ] 2019-08-22T00:03:06.433058198Z: [    2.872781]     input device check on
[STDERR  ] 2019-08-22T00:03:06.433105095Z: [    2.876196]     Actions configured
[STDERR  ] 2019-08-22T00:03:06.433148813Z: [    2.879676] xt_time: kernel timezone is -0000
[STDERR  ] 2019-08-22T00:03:06.433193167Z: [    2.883744] IPVS: Registered protocols (TCP, UDP, SCTP, AH, ESP)
[STDERR  ] 2019-08-22T00:03:06.433235919Z: [    2.889301] IPVS: Connection hash table configured (size=4096, memory=64Kbytes)
[STDERR  ] 2019-08-22T00:03:06.433313181Z: [    2.896084] IPVS: ipvs loaded.
[STDERR  ] 2019-08-22T00:03:06.433359146Z: [    2.899212] IPVS: [rr] scheduler registered.
[STDERR  ] 2019-08-22T00:03:06.433403296Z: [    2.903123] IPVS: [wrr] scheduler registered.
[STDERR  ] 2019-08-22T00:03:06.433458364Z: [    2.907110] IPVS: [lc] scheduler registered.
[STDERR  ] 2019-08-22T00:03:06.433501913Z: [    2.911074] IPVS: [wlc] scheduler registered.
[STDERR  ] 2019-08-22T00:03:06.433564015Z: [    2.915045] IPVS: [fo] scheduler registered.
[STDERR  ] 2019-08-22T00:03:06.433618820Z: [    2.918976] IPVS: [ovf] scheduler registered.
[STDERR  ] 2019-08-22T00:03:06.433678981Z: [    2.923182] IPVS: [lblc] scheduler registered.
[STDERR  ] 2019-08-22T00:03:06.433723553Z: [    2.927235] IPVS: [lblcr] scheduler registered.
[STDERR  ] 2019-08-22T00:03:06.433776368Z: [    2.931700] IPVS: [dh] scheduler registered.
[STDERR  ] 2019-08-22T00:03:06.433819377Z: [    2.935605] IPVS: [sh] scheduler registered.
[STDERR  ] 2019-08-22T00:03:06.433863675Z: [    2.939796] IPVS: [mh] scheduler registered.
[STDERR  ] 2019-08-22T00:03:06.433907007Z: [    2.943737] IPVS: [sed] scheduler registered.
[STDERR  ] 2019-08-22T00:03:06.433953244Z: [    2.947931] IPVS: [nq] scheduler registered.
[STDERR  ] 2019-08-22T00:03:06.433996761Z: [    2.951891] IPVS: ftp: loaded support on port[0] = 21
[STDERR  ] 2019-08-22T00:03:06.434041936Z: [    2.956814] ipip: IPv4 and MPLS over IPv4 tunneling driver
[STDERR  ] 2019-08-22T00:03:06.434097875Z: [    2.962364] gre: GRE over IPv4 demultiplexor driver
[STDERR  ] 2019-08-22T00:03:06.434142018Z: [    2.966917] ipt_CLUSTERIP: ClusterIP Version 0.8 loaded successfully
[STDERR  ] 2019-08-22T00:03:06.434196640Z: [    2.973003] NET: Registered protocol family 10
[STDERR  ] 2019-08-22T00:03:06.434240247Z: [    2.977575] Segment Routing with IPv6
[STDERR  ] 2019-08-22T00:03:06.434293033Z: [    2.981615] NET: Registered protocol family 17
[STDERR  ] 2019-08-22T00:03:06.434354209Z: [    2.985758] Bridge firewalling registered
[STDERR  ] 2019-08-22T00:03:06.434398809Z: [    2.989751] 8021q: 802.1Q VLAN Support v1.8
[STDERR  ] 2019-08-22T00:03:06.434441815Z: [    2.993673] 9pnet: Installing 9P2000 support
[STDERR  ] 2019-08-22T00:03:06.434504727Z: [    2.997852] Key type dns_resolver registered
[STDERR  ] 2019-08-22T00:03:06.434557760Z: [    3.001858] NET: Registered protocol family 40
[STDERR  ] 2019-08-22T00:03:06.434612413Z: [    3.006452] registered taskstats version 1
[STDERR  ] 2019-08-22T00:03:06.434667162Z: [    3.023203] Key type big_key registered
[STDERR  ] 2019-08-22T00:03:06.434719589Z: [    3.027458] ata3: SATA link up 1.5 Gbps (SStatus 113 SControl 300)
[STDERR  ] 2019-08-22T00:03:06.434766158Z: [    3.033704] ata2: SATA link down (SStatus 0 SControl 300)
[STDERR  ] 2019-08-22T00:03:06.434809556Z: [    3.039099] ata1: SATA link down (SStatus 0 SControl 300)
[STDERR  ] 2019-08-22T00:03:06.434853657Z: [    3.044440] ata6: SATA link down (SStatus 0 SControl 300)
[STDERR  ] 2019-08-22T00:03:06.434907495Z: [    3.049771] ata5: SATA link down (SStatus 0 SControl 300)
[STDERR  ] 2019-08-22T00:03:06.434951152Z: [    3.055167] ata4: SATA link down (SStatus 0 SControl 300)
[STDERR  ] 2019-08-22T00:03:06.434994288Z: [    3.061557] ata3.00: ATAPI: QEMU DVD-ROM, 2.5+, max UDMA/100
[STDERR  ] 2019-08-22T00:03:06.435059397Z: [    3.066410] ata3.00: applying bridge limits
[STDERR  ] 2019-08-22T00:03:06.435104194Z: [    3.071065] ata3.00: configured for UDMA/100
[STDERR  ] 2019-08-22T00:03:06.435158862Z: [    3.077932] scsi 2:0:0:0: CD-ROM            QEMU     QEMU DVD-ROM     2.5+ PQ: 0 ANSI: 5
[STDERR  ] 2019-08-22T00:03:06.435204656Z: [    3.088609] Key type encrypted registered
[STDERR  ] 2019-08-22T00:03:06.435258428Z: [    3.092121] ima: No TPM chip found, activating TPM-bypass!
[STDERR  ] 2019-08-22T00:03:06.435302996Z: [    3.096795] ima: Allocated hash algorithm: sha256
[STDERR  ] 2019-08-22T00:03:06.435356714Z: [    3.100844] No architecture policies found
[STDERR  ] 2019-08-22T00:03:06.435400431Z: [    3.104417] evm: Initialising EVM extended attributes:
[STDERR  ] 2019-08-22T00:03:06.435456629Z: [    3.108768] evm: security.ima
[STDERR  ] 2019-08-22T00:03:06.435510385Z: [    3.111389] evm: security.capability
[STDERR  ] 2019-08-22T00:03:06.435562970Z: [    3.114556] evm: HMAC attrs: 0x1
[STDERR  ] 2019-08-22T00:03:06.435605129Z: [    3.118270] rtc_cmos 00:00: setting system clock to 2019-08-22T00:03:01 UTC (1566432181)
[STDERR  ] 2019-08-22T00:03:06.435673599Z: [    3.125091] Unstable clock detected, switching default tracing clock to "global"
[STDERR  ] 2019-08-22T00:03:06.435719107Z: [    3.125091] If you want to keep using the local clock, then add:
[STDERR  ] 2019-08-22T00:03:06.435762673Z: [    3.125091]   "trace_clock=local"
[STDERR  ] 2019-08-22T00:03:06.435807241Z: [    3.125091] on the kernel command line
[STDERR  ] 2019-08-22T00:03:06.435851195Z: [    3.142900] sr 2:0:0:0: [sr0] scsi3-mmc drive: 4x/4x cd/rw xa/form2 tray
[STDERR  ] 2019-08-22T00:03:06.435895032Z: [    3.148606] cdrom: Uniform CD-ROM driver Revision: 3.20
[STDERR  ] 2019-08-22T00:03:06.435938896Z: [    3.155485] sr 2:0:0:0: Attached scsi generic sg0 type 5
[STDERR  ] 2019-08-22T00:03:06.436001182Z: [    3.162033] Freeing unused kernel image memory: 1612K
[STDERR  ] 2019-08-22T00:03:06.436047408Z: [    3.167595] Write protecting the kernel read-only data: 18432k
[STDERR  ] 2019-08-22T00:03:06.436090720Z: [    3.174293] Freeing unused kernel image memory: 2036K
[STDERR  ] 2019-08-22T00:03:06.436145253Z: [    3.179384] Freeing unused kernel image memory: 1004K
[STDERR  ] 2019-08-22T00:03:06.436189689Z: [    3.184047] Run /init as init process
[STDERR  ] 2019-08-22T00:03:06.436234250Z: 
[STDERR  ] 2019-08-22T00:03:06.436278301Z: Welcome to LinuxKit
[STDERR  ] 2019-08-22T00:03:06.436322491Z: 
[STDERR  ] 2019-08-22T00:03:06.436378135Z:                         ##         .
[STDERR  ] 2019-08-22T00:03:06.436422510Z:                   ## ## ##        ==
[STDERR  ] 2019-08-22T00:03:06.436484380Z:                ## ## ## ## ##    ===
[STDERR  ] 2019-08-22T00:03:06.436546208Z:            /"""""""""""""""""\___/ ===
[STDERR  ] 2019-08-22T00:03:06.436608814Z:           {                       /  ===-
[STDERR  ] 2019-08-22T00:03:06.436662861Z:            \______ O           __/
[STDERR  ] 2019-08-22T00:03:06.436707327Z:              \    \         __/
[STDERR  ] 2019-08-22T00:03:06.436751403Z:               \____\_______/
[STDERR  ] 2019-08-22T00:03:06.436795797Z: 
[STDERR  ] 2019-08-22T00:03:06.436840017Z: [    4.173662] RPC: Registered named UNIX socket transport module.
[STDERR  ] 2019-08-22T00:03:06.436891153Z: [    4.179301] RPC: Registered udp transport module.
[STDERR  ] 2019-08-22T00:03:06.436937635Z: [    4.183606] RPC: Registered tcp transport module.
[STDERR  ] 2019-08-22T00:03:06.436990551Z: [    4.187917] RPC: Registered tcp NFSv4.1 backchannel transport module.
[STDERR  ] 2019-08-22T00:03:06.437035170Z: [    4.206075] FS-Cache: Netfs 'nfs' registered for caching
[STDERR  ] 2019-08-22T00:03:06.437089512Z: [    4.225156] Installing knfsd (copyright (C) 1996 okir@monad.swb.de).
[STDERR  ] 2019-08-22T00:03:06.437141475Z: [    4.234656] ntfs: driver 2.1.32 [Flags: R/O MODULE].
[STDERR  ] 2019-08-22T00:03:06.437195284Z: starting kernel config sanity test with /proc/config.gz
[STDERR  ] 2019-08-22T00:03:06.437277614Z: kernel config test succeeded!
[STDERR  ] 2019-08-22T00:03:06.437337813Z: Kernel config test suite PASSED
[STDERR  ] 2019-08-22T00:03:06.437392120Z: [    7.366436] ACPI: Preparing to enter system sleep state S5
[STDERR  ] 2019-08-22T00:03:06.437448187Z: [    7.371867] reboot: Power down
[STDERR  ] 2019-08-22T00:03:06.437502797Z: + grep -q suite PASSED
[STDERR  ] 2019-08-22T00:03:06.437547915Z: + echo [    0.000000] Linux version 5.1.8-linuxkit (root@df7a19117645) (gcc version 8.3.0 (Alpine 8.3.0)) #1 SMP Sun Jun 9 23:28:55 UTC 2019
[STDERR  ] 2019-08-22T00:03:06.437622261Z: [    0.000000] Command line: console=ttyS0 console=ttyAMA0
[STDERR  ] 2019-08-22T00:03:06.437673765Z: [    0.000000] x86/fpu: x87 FPU will use FXSAVE
[STDERR  ] 2019-08-22T00:03:06.437720000Z: [    0.000000] BIOS-provided physical RAM map:
[STDERR  ] 2019-08-22T00:03:06.437763838Z: [    0.000000] BIOS-e820: [mem 0x0000000000000000-0x000000000009fbff] usable
[STDERR  ] 2019-08-22T00:03:06.437818290Z: [    0.000000] BIOS-e820: [mem 0x000000000009fc00-0x000000000009ffff] reserved
[STDERR  ] 2019-08-22T00:03:06.437862169Z: [    0.000000] BIOS-e820: [mem 0x00000000000f0000-0x00000000000fffff] reserved
[STDERR  ] 2019-08-22T00:03:06.437906103Z: [    0.000000] BIOS-e820: [mem 0x0000000000100000-0x000000003ffdefff] usable
[STDERR  ] 2019-08-22T00:03:06.437949211Z: [    0.000000] BIOS-e820: [mem 0x000000003ffdf000-0x000000003fffffff] reserved
[STDERR  ] 2019-08-22T00:03:06.437995723Z: [    0.000000] BIOS-e820: [mem 0x00000000b0000000-0x00000000bfffffff] reserved
[STDERR  ] 2019-08-22T00:03:06.438039607Z: [    0.000000] BIOS-e820: [mem 0x00000000fed1c000-0x00000000fed1ffff] reserved
[STDERR  ] 2019-08-22T00:03:06.438094405Z: [    0.000000] BIOS-e820: [mem 0x00000000feffc000-0x00000000feffffff] reserved
[STDERR  ] 2019-08-22T00:03:06.438148029Z: [    0.000000] BIOS-e820: [mem 0x00000000fffc0000-0x00000000ffffffff] reserved
[STDERR  ] 2019-08-22T00:03:06.438193450Z: [    0.000000] NX (Execute Disable) protection: active
[STDERR  ] 2019-08-22T00:03:06.438247192Z: [    0.000000] SMBIOS 2.8 present.
[STDERR  ] 2019-08-22T00:03:06.438291538Z: [    0.000000] DMI: QEMU Standard PC (Q35 + ICH9, 2009), BIOS 1.10.2-1 04/01/2014
[STDERR  ] 2019-08-22T00:03:06.438345435Z: [    0.000000] Hypervisor detected: KVM
[STDERR  ] 2019-08-22T00:03:06.438399388Z: [    0.000000] kvm-clock: Using msrs 4b564d01 and 4b564d00
[STDERR  ] 2019-08-22T00:03:06.438454875Z: [    0.000001] kvm-clock: cpu 0, msr 368e7001, primary cpu clock
[STDERR  ] 2019-08-22T00:03:06.438499672Z: [    0.000001] kvm-clock: using sched offset of 562756706 cycles
[STDERR  ] 2019-08-22T00:03:06.438559601Z: [    0.000004] clocksource: kvm-clock: mask: 0xffffffffffffffff max_cycles: 0x1cd42e4dffb, max_idle_ns: 881590591483 ns
[STDERR  ] 2019-08-22T00:03:06.438625049Z: [    0.000015] tsc: Detected 2299.904 MHz processor
[STDERR  ] 2019-08-22T00:03:06.438670802Z: [    0.003318] last_pfn = 0x3ffdf max_arch_pfn = 0x400000000
[STDERR  ] 2019-08-22T00:03:06.438723232Z: [    0.003947] x86/PAT: PAT not supported by CPU.
[STDERR  ] 2019-08-22T00:03:06.438777970Z: [    0.004003] x86/PAT: Configuration [0-7]: WB  WT  UC- UC  WB  WT  UC- UC  
[STDERR  ] 2019-08-22T00:03:06.438832153Z: [    0.014314] found SMP MP-table at [mem 0x000f6a90-0x000f6a9f]
[STDERR  ] 2019-08-22T00:03:06.438877218Z: [    0.014672] RAMDISK: [mem 0x3df56000-0x3ffcffff]
[STDERR  ] 2019-08-22T00:03:06.438918120Z: [    0.014899] ACPI: Early table checksum verification disabled
[STDERR  ] 2019-08-22T00:03:06.438976324Z: [    0.015037] ACPI: RSDP 0x00000000000F68D0 000014 (v00 BOCHS )
[STDERR  ] 2019-08-22T00:03:06.439021056Z: [    0.015045] ACPI: RSDT 0x000000003FFE2404 000034 (v01 BOCHS  BXPCRSDT 00000001 BXPC 00000001)
[STDERR  ] 2019-08-22T00:03:06.439077757Z: [    0.015064] ACPI: FACP 0x000000003FFE22A4 000074 (v01 BOCHS  BXPCFACP 00000001 BXPC 00000001)
[STDERR  ] 2019-08-22T00:03:06.439126077Z: [    0.015071] ACPI: DSDT 0x000000003FFE0040 002264 (v01 BOCHS  BXPCDSDT 00000001 BXPC 00000001)
[STDERR  ] 2019-08-22T00:03:06.439169155Z: [    0.015075] ACPI: FACS 0x000000003FFE0000 000040
[STDERR  ] 2019-08-22T00:03:06.439231430Z: [    0.015079] ACPI: APIC 0x000000003FFE2318 000078 (v01 BOCHS  BXPCAPIC 00000001 BXPC 00000001)
[STDERR  ] 2019-08-22T00:03:06.439275269Z: [    0.015082] ACPI: HPET 0x000000003FFE2390 000038 (v01 BOCHS  BXPCHPET 00000001 BXPC 00000001)
[STDERR  ] 2019-08-22T00:03:06.439320900Z: [    0.015086] ACPI: MCFG 0x000000003FFE23C8 00003C (v01 BOCHS  BXPCMCFG 00000001 BXPC 00000001)
[STDERR  ] 2019-08-22T00:03:06.439492346Z: [    0.015958] Zone ranges:
[STDERR  ] 2019-08-22T00:03:06.439547459Z: [    0.015960]   DMA      [mem 0x0000000000001000-0x0000000000ffffff]
[STDERR  ] 2019-08-22T00:03:06.439572204Z: [    0.015962]   DMA32    [mem 0x0000000001000000-0x000000003ffdefff]
[STDERR  ] 2019-08-22T00:03:06.439584857Z: [    0.015964]   Normal   empty
[STDERR  ] 2019-08-22T00:03:06.439596984Z: [    0.015965]   Device   empty
[PASS    ] linuxkit.kernel.config_5.1.x 35.09s
[STDERR  ] 2019-08-22T00:03:06.439610403Z: [    0.015966] Movable zone start for each node
