[INFO    ] 2018-11-15T14:31:54.630677343Z: Running Test linuxkit.packages.extend.ext4 in /tmp/with_clone1ad05b47/test/cases/040_packages/005_extend/000_ext4
[STDOUT  ] 2018-11-15T14:31:54.630719699Z: [    0.000000] BIOS-e820: [mem 0x00000000fffc0000-0x00000000ffffffff] reserved
[STDOUT  ] 2018-11-15T14:31:54.630777887Z: [    0.000000] NX (Execute Disable) protection: active
[STDOUT  ] 2018-11-15T14:31:54.630795129Z: [    0.000000] SMBIOS 2.8 present.
[STDOUT  ] 2018-11-15T14:31:54.630810748Z: [    0.000000] DMI: QEMU Standard PC (Q35 + ICH9, 2009), BIOS rel-1.10.2-0-g5f4c7b1-prebuilt.qemu-project.org 04/01/2014
[STDOUT  ] 2018-11-15T14:31:54.630829413Z: [    0.000000] tsc: Fast TSC calibration using PIT
[STDOUT  ] 2018-11-15T14:31:54.630846461Z: [    0.000000] e820: last_pfn = 0x3ffdf max_arch_pfn = 0x400000000
[STDOUT  ] 2018-11-15T14:31:54.630861911Z: [    0.000000] x86/PAT: Configuration [0-7]: WB  WC  UC- UC  WB  WP  UC- WT  
[STDERR  ] 2018-11-15T14:31:54.630832539Z: [    1.554102] Trying to unpack rootfs image as initramfs...
[INFO    ] 2018-11-15T14:31:54.630937158Z: Running command: [/bin/sh -x /tmp/with_clone1ad05b47/test/cases/040_packages/005_extend/000_ext4/test.sh]
[STDERR  ] 2018-11-15T14:31:54.630949168Z: [    6.970905] Freeing initrd memory: 29916K
[STDERR  ] 2018-11-15T14:31:54.630977656Z: [    7.008909] PCLMULQDQ-NI instructions are not detected.
[STDERR  ] 2018-11-15T14:31:54.630999279Z: [    7.010856] AVX or AES-NI instructions are not detected.
[STDERR  ] 2018-11-15T14:31:54.631019919Z: [    7.011570] CPU feature 'AVX registers' is not supported.
[STDERR  ] 2018-11-15T14:31:54.631040350Z: [    7.012236] CPU feature 'AVX registers' is not supported.
[STDERR  ] 2018-11-15T14:31:54.631061847Z: [    7.012723] CPU feature 'AVX registers' is not supported.
[STDERR  ] 2018-11-15T14:31:54.631081738Z: [    7.013296] CPU feature 'AVX registers' is not supported.
[STDERR  ] 2018-11-15T14:31:54.631102812Z: [    7.013712] AVX2 or AES-NI instructions are not detected.
[STDERR  ] 2018-11-15T14:31:54.631136568Z: [    7.014366] AVX2 instructions are not detected.
[STDERR  ] 2018-11-15T14:31:54.631162691Z: [    7.021628] audit: initializing netlink subsys (disabled)
[STDERR  ] 2018-11-15T14:31:54.631182794Z: [    7.026856] audit: type=2000 audit(1542292268.023:1): state=initialized audit_enabled=0 res=1
[STDERR  ] 2018-11-15T14:31:54.631203974Z: [    7.031713] workingset: timestamp_bits=46 max_order=18 bucket_order=0
[STDERR  ] 2018-11-15T14:31:54.631224719Z: [    7.040579] squashfs: version 4.0 (2009/01/31) Phillip Lougher
[STDERR  ] 2018-11-15T14:31:54.631245136Z: [    7.043805] FS-Cache: Netfs 'cifs' registered for caching
[STDERR  ] 2018-11-15T14:31:54.631277374Z: [    7.045301] fuse init (API version 7.26)
[STDERR  ] 2018-11-15T14:31:54.631297990Z: [    7.048642] SGI XFS with ACLs, security attributes, no debug enabled
[STDERR  ] 2018-11-15T14:31:54.631317895Z: [    7.054437] 9p: Installing v9fs 9p2000 file system support
[STDERR  ] 2018-11-15T14:31:54.631337747Z: [    7.055014] FS-Cache: Netfs '9p' registered for caching
[STDERR  ] 2018-11-15T14:31:54.631358133Z: [    7.119118] NET: Registered protocol family 38
[STDERR  ] 2018-11-15T14:31:54.631381785Z: [    7.120520] Key type asymmetric registered
[STDERR  ] 2018-11-15T14:31:54.631401165Z: [    7.121070] Asymmetric key parser 'x509' registered
[STDERR  ] 2018-11-15T14:31:54.631420199Z: [    7.123118] Block layer SCSI generic (bsg) driver version 0.4 loaded (major 247)
[STDERR  ] 2018-11-15T14:31:54.631449619Z: [    7.126009] io scheduler noop registered
[STDERR  ] 2018-11-15T14:31:54.631475271Z: [    7.126895] io scheduler deadline registered (default)
[STDERR  ] 2018-11-15T14:31:54.631494766Z: [    7.128056] io scheduler cfq registered
[STDERR  ] 2018-11-15T14:31:54.631518787Z: [    7.128921] io scheduler mq-deadline registered
[STDERR  ] 2018-11-15T14:31:54.631542858Z: [    7.129848] io scheduler kyber registered
[STDERR  ] 2018-11-15T14:31:54.631563234Z: [    7.138046] shpchp: Standard Hot Plug PCI Controller Driver version: 0.4
[STDERR  ] 2018-11-15T14:31:54.631595791Z: [    7.139862] hv_vmbus: registering driver hyperv_fb
[STDERR  ] 2018-11-15T14:31:54.631777744Z: [    7.146115] input: Power Button as /devices/LNXSYSTM:00/LNXPWRBN:00/input/input0
[STDERR  ] 2018-11-15T14:31:54.631798455Z: [    7.150506] ACPI: Power Button [PWRF]
[STDERR  ] 2018-11-15T14:31:54.631823952Z: [    7.177500] ACPI: PCI Interrupt Link [GSIG] enabled at IRQ 22
[STDERR  ] 2018-11-15T14:31:54.631848060Z: [    7.195776] ACPI: PCI Interrupt Link [GSIH] enabled at IRQ 23
[STDERR  ] 2018-11-15T14:31:54.631871921Z: [    7.204415] Se
[STDOUT  ] 2018-11-15T14:31:54.630876114Z: [    0.000000] found SMP MP-table at [mem 0x000f6aa0-0x000f6aaf] mapped at [ffffffffff200aa0]
[STDOUT  ] 2018-11-15T14:31:54.631909985Z: [    0.000000] RAMDISK: [mem 0x3e299000-0x3ffcffff]
[STDOUT  ] 2018-11-15T14:31:54.631924885Z: [    0.000000] ACPI: Early table checksum verification disabled
[STDOUT  ] 2018-11-15T14:31:54.631940015Z: [    0.000000] ACPI: RSDP 0x00000000000F68C0 000014 (v00 BOCHS )
[STDOUT  ] 2018-11-15T14:31:54.631954535Z: [    0.000000] ACPI: RSDT 0x000000003FFE2404 000034 (v01 BOCHS  BXPCRSDT 00000001 BXPC 00000001)
[STDOUT  ] 2018-11-15T14:31:54.631969921Z: [    0.000000] ACPI: FACP 0x000000003FFE22A4 000074 (v01 BOCHS  BXPCFACP 00000001 BXPC 00000001)
[STDOUT  ] 2018-11-15T14:31:54.631984666Z: [    0.000000] ACPI: DSDT 0x000000003FFE0040 002264 (v01 BOCHS  BXPCDSDT 00000001 BXPC 00000001)
[STDOUT  ] 2018-11-15T14:31:54.631999226Z: [    0.000000] ACPI: FACS 0x000000003FFE0000 000040
[STDOUT  ] 2018-11-15T14:31:54.632013420Z: [    0.000000] ACPI: APIC 0x000000003FFE2318 000078 (v01 BOCHS  BXPCAPIC 00000001 BXPC 00000001)
[STDOUT  ] 2018-11-15T14:31:54.632028010Z: [    0.000000] ACPI: HPET 0x000000003FFE2390 000038 (v01 BOCHS  BXPCHPET 00000001 BXPC 00000001)
[STDOUT  ] 2018-11-15T14:31:54.632042499Z: [    0.000000] ACPI: MCFG 0x000000003FFE23C8 00003C (v01 BOCHS  BXPCMCFG 00000001 BXPC 00000001)
[STDOUT  ] 2018-11-15T14:31:54.632057759Z: [    0.000000] Zone ranges:
[STDOUT  ] 2018-11-15T14:31:54.632072228Z: [    0.000000]   DMA      [mem 0x0000000000001000-0x0000000000ffffff]
[STDOUT  ] 2018-11-15T14:31:54.632087165Z: [    0.000000]   DMA32    [mem 0x0000000001000000-0x000000003ffdefff]
[STDOUT  ] 2018-11-15T14:31:54.632102280Z: [    0.000000]   Normal   empty
[STDOUT  ] 2018-11-15T14:31:54.632117637Z: [    0.000000]   Device   empty
[STDOUT  ] 2018-11-15T14:31:54.632131821Z: [    0.000000] Movable zone start for each node
[STDOUT  ] 2018-11-15T14:31:54.632150781Z: [    0.000000] Early memory node ranges
[STDOUT  ] 2018-11-15T14:31:54.632165305Z: [    0.000000]   node   0: [mem 0x0000000000001000-0x000000000009efff]
[STDOUT  ] 2018-11-15T14:31:54.632179842Z: [    0.000000]   node   0: [mem 0x0000000000100000-0x000000003ffdefff]
[STDOUT  ] 2018-11-15T14:31:54.632194311Z: [    0.000000] Initmem setup node 0 [mem 0x0000000000001000-0x000000003ffdefff]
[STDOUT  ] 2018-11-15T14:31:54.632208730Z: [    0.000000] ACPI: PM-Timer IO Port: 0x608
[STDOUT  ] 2018-11-15T14:31:54.632223114Z: [    0.000000] ACPI: LAPIC_NMI (acpi_id[0xff] dfl dfl lint[0x1])
[STDOUT  ] 2018-11-15T14:31:54.632241185Z: [    0.000000] IOAPIC[0]: apic_id 0, version 32, address 0xfec00000, GSI 0-23
[STDOUT  ] 2018-11-15T14:31:54.632256248Z: [    0.000000] ACPI: INT_SRC_OVR (bus 0 bus_irq 0 global_irq 2 dfl dfl)
[STDOUT  ] 2018-11-15T14:31:54.632273189Z: [    0.000000] ACPI: INT_SRC_OVR (bus 0 bus_irq 5 global_irq 5 high level)
[STDOUT  ] 2018-11-15T14:31:54.632287965Z: [    0.000000] ACPI: INT_SRC_OVR (bus 0 bus_irq 9 global_irq 9 high level)
[STDOUT  ] 2018-11-15T14:31:54.632302716Z: [    0.000000] ACPI: INT_SRC_OVR (bus 0 bus_irq 10 global_irq 10 high level)
[STDOUT  ] 2018-11-15T14:31:54.632322390Z: [    0.000000] ACPI: INT_SRC_OVR (bus 0 bus_irq 11 global_irq 11 high level)
[STDOUT  ] 2018-11-15T14:31:54.632336793Z: [    0.000000] Using ACPI (MADT) for SMP configuration information
[STDOUT  ] 2018-11-15T14:31:54.632351421Z: [    0.000000] ACPI: HPET id: 0x8086a201 base: 0xfed00000
[STDOUT  ] 2018-11-15T14:31:54.632371030Z: [    0.000000] smpboot: Allowing 1 CPUs, 0 hotplug CPUs
[STDOUT  ] 2018-11-15T14:31:54.632389593Z: [    0.000000] e820: [mem 0x40000000-0xafffffff] available for PCI devices
[STDOUT  ] 2018-11-15T14:31:54.632403872Z: [    0.000000] Booting paravirtualized kernel on bare hardware
[STDOUT  ] 2018-11-15T14:31:54.632421219Z: [    0.000000] clocksource: refined-jiffies: mask: 0xffffffff max_cycles: 0xffffffff, max_idle_ns: 1910969940391419 ns
[STDOUT  ] 2018-11-15T14:31:54.632440503Z: [    0.000000] random: get_random_bytes called from start_kernel+0x92/0x4c8 with crng_init=0
[STDOUT  ] 2018-11-15T14:31:54.632454810Z: [    0.000000] setup_percpu: NR_CPUS:128 nr_cpumask_bits:128 nr_cpu_ids:1 nr_node_ids:1
[STDOUT  ] 2018-11-15T14:31:54.632470325Z: [    0.000000] percpu: Embedded 45 pages/cpu @ffff902b3e000000 s144280 r819
[STDERR  ] 2018-11-15T14:31:54.632526773Z: + set -ex
[STDERR  ] 2018-11-15T14:31:54.632580170Z: + . /tmp/with_clone1ad05b47/test/cases/_lib/lib.sh
[STDERR  ] 2018-11-15T14:31:54.632615288Z: + [ -f src/github.com/linuxkit/rtf/lib/lib.sh ]
[STDERR  ] 2018-11-15T14:31:54.632635749Z: + LINUXKIT_TMPDIR=/tmp/with_clone1ad05b47/test/cases/_tmp
[STDERR  ] 2018-11-15T14:31:54.632655686Z: + [ -f /tmp/with_clone1ad05b47/test/cases/_tmp/env.sh ]
[STDERR  ] 2018-11-15T14:31:54.632675144Z: + . /tmp/with_clone1ad05b47/test/cases/_tmp/env.sh
[STDERR  ] 2018-11-15T14:31:54.632695477Z: + export LINUXKIT_EXAMPLES_DIR=/tmp/with_clone1ad05b47/test/cases/../../examples
[STDERR  ] 2018-11-15T14:31:54.632715639Z: + RT_CANCEL=253
[STDERR  ] 2018-11-15T14:31:54.632736036Z: + NAME_CREATE=create-ext4
[STDERR  ] 2018-11-15T14:31:54.632755683Z: + NAME_EXTEND=extend-ext4
[STDERR  ] 2018-11-15T14:31:54.632780460Z: + DISK=disk.img
[STDERR  ] 2018-11-15T14:31:54.632800015Z: + trap clean_up EXIT
[STDERR  ] 2018-11-15T14:31:54.632819824Z: + linuxkit build -name create-ext4 -format kernel+initrd test-create.yml
[STDERR  ] 2018-11-15T14:31:54.681441584Z: Extract kernel image: linuxkit/kernel:4.14.80
[STDERR  ] 2018-11-15T14:31:59.423644295Z: Add init containers:
[STDERR  ] 2018-11-15T14:31:59.423779949Z: Process init image: linuxkit/init:c563953a2277eb73a89d89f70e4b6dcdcfebc2d1
[STDERR  ] 2018-11-15T14:32:01.195332674Z: Process init image: linuxkit/runc:83d0edb4552b1a5df1f0976f05f442829eac38fe
[STDERR  ] 2018-11-15T14:32:02.783511947Z: Add onboot containers:
[STDERR  ] 2018-11-15T14:32:02.783643263Z:   Create OCI config for linuxkit/format:v0.6
[STDERR  ] 2018-11-15T14:32:04.672677653Z:   Create OCI config for linuxkit/mount:v0.6
[STDERR  ] 2018-11-15T14:32:06.395208150Z:   Create OCI config for alpine:3.8
[STDERR  ] 2018-11-15T14:32:07.936814937Z:   Create OCI config for linuxkit/poweroff:afe8f7dd0d47a7991c54519b0f09124cb8c4e300
[STDERR  ] 2018-11-15T14:32:09.599801255Z: Create outputs:
[STDERR  ] 2018-11-15T14:32:16.441565253Z:   create-ext4-kernel create-ext4-initrd.img create-ext4-cmdline
[STDERR  ] 2018-11-15T14:32:16.539953463Z: + linuxkit run -disk file=disk.img,format=raw,size=256M create-ext4
[STDOUT  ] 2018-11-15T14:32:22.645259141Z: [    0.000000] Linux version 4.14.80-linuxkit (root@7de89d95f1cc) (gcc version 6.4.0 (Alpine 6.4.0)) #1 SMP Mon Nov 12 22:36:29 UTC 2018
[STDOUT  ] 2018-11-15T14:32:22.645818516Z: [    0.000000] Command line: console=ttyS0 console=ttyAMA0
[STDOUT  ] 2018-11-15T14:32:22.645989141Z: [    0.000000] x86/fpu: x87 FPU will use FXSAVE
[STDOUT  ] 2018-11-15T14:32:22.646341364Z: [    0.000000] e820: BIOS-provided physical RAM map:
[STDOUT  ] 2018-11-15T14:32:22.646811075Z: [    0.000000] BIOS-e820: [mem 0x0000000000000000-0x000000000009fbff] usable
[STDOUT  ] 2018-11-15T14:32:22.647276875Z: [    0.000000] BIOS-e820: [mem 0x000000000009fc00-0x000000000009ffff] reserved
[STDOUT  ] 2018-11-15T14:32:22.647754892Z: [    0.000000] BIOS-e820: [mem 0x00000000000f0000-0x00000000000fffff] reserved
[STDOUT  ] 2018-11-15T14:32:22.648200592Z: [    0.000000] BIOS-e820: [mem 0x0000000000100000-0x000000003ffdefff] usable
[STDOUT  ] 2018-11-15T14:32:22.648669141Z: [    0.000000] BIOS-e820: [mem 0x000000003ffdf000-0x000000003fffffff] reserved
[STDOUT  ] 2018-11-15T14:32:22.649133028Z: [    0.000000] BIOS-e820: [mem 0x00000000b0000000-0x00000000bfffffff] reserved
[STDOUT  ] 2018-11-15T14:32:22.649592972Z: [    0.000000] BIOS-e820: [mem 0x00000000fed1c000-0x00000000fed1ffff] reserved
[STDOUT  ] 2018-11-15T14:32:22.650074249Z: [    0.000000] BIOS-e820: [mem 0x00000000fffc0000-0x00000000ffffffff] reserved
[STDOUT  ] 2018-11-15T14:32:22.650418696Z: [    0.000000] NX (Execute Disable) protection: active
[STDOUT  ] 2018-11-15T14:32:22.650638909Z: [    0.000000] SMBIOS 2.8 present.
[STDOUT  ] 2018-11-15T14:32:22.651350158Z: [    0.000000] DMI: QEMU Standard PC (Q35 + ICH9, 2009), BIOS rel-1.10.2-0-g5f4c7b1-prebuilt.qemu-project.org 04/01/2014
[STDOUT  ] 2018-11-15T14:32:22.651650635Z: [    0.000000] tsc: Fast TSC calibration failed
[STDOUT  ] 2018-11-15T14:32:22.651958601Z: [    0.000000] tsc: Unable to calibrate against PIT
[STDOUT  ] 2018-11-15T14:32:22.652313845Z: [    0.000000] tsc: No reference (HPET/PMTIMER) available
[STDOUT  ] 2018-11-15T14:32:22.652718244Z: [    0.000000] e820: last_pfn = 0x3ffdf max_arch_pfn = 0x400000000
[STDOUT  ] 2018-11-15T14:32:22.653184360Z: [    0.000000] x86/PAT: Configuration [0-7]: WB  WC  UC- UC  WB  WP  UC- WT  
[STDOUT  ] 2018-11-15T14:32:22.653740428Z: [    0.000000] found SMP MP-table at [mem 0x000f6aa0-0x000f6aaf] mapped at [ffffffffff200aa0]
[STDOUT  ] 2018-11-15T14:32:22.654062297Z: [    0.000000] RAMDISK: [mem 0x3db6b000-0x3ffcffff]
[STDOUT  ] 2018-11-15T14:32:22.654450351Z: [    0.000000] ACPI: Early table checksum verification disabled
[STDOUT  ] 2018-11-15T14:32:22.654841258Z: [    0.000000] ACPI: RSDP 0x00000000000F68C0 000014 (v00 BOCHS )
[STDOUT  ] 2018-11-15T14:32:22.655414894Z: [    0.000000] ACPI: RSDT 0x000000003FFE2404 000034 (v01 BOCHS  BXPCRSDT 00000001 BXPC 00000001)
[STDOUT  ] 2018-11-15T14:32:22.655974740Z: [    0.000000] ACPI: FACP 0x000000003FFE22A4 000074 (v01 BOCHS  BXPCFACP 00000001 BXPC 00000001)
[STDOUT  ] 2018-11-15T14:32:22.656549781Z: [    0.000000] ACPI: DSDT 0x000000003FFE0040 002264 (v01 BOCHS  BXPCDSDT 00000001 BXPC 00000001)
[STDOUT  ] 2018-11-15T14:32:22.656869285Z: [    0.000000] ACPI: FACS 0x000000003FFE0000 000040
[STDOUT  ] 2018-11-15T14:32:22.657440564Z: [    0.000000] ACPI: APIC 0x000000003FFE2318 000078 (v01 BOCHS  BXPCAPIC 00000001 BXPC 00000001)
[STDOUT  ] 2018-11-15T14:32:22.658030033Z: [    0.000000] ACPI: HPET 0x000000003FFE2390 000038 (v01 BOCHS  BXPCHPET 00000001 BXPC 00000001)
[STDOUT  ] 2018-11-15T14:32:22.658649862Z: [    0.000000] ACPI: MCFG 0x000000003FFE23C8 00003C (v01 BOCHS  BXPCMCFG 00000001 BXPC 00000001)
[STDOUT  ] 2018-11-15T14:32:22.658823406Z: [    0.000000] Zone ranges:
[STDOUT  ] 2018-11-15T14:32:22.659244801Z: [    0.000000]   DMA      [mem 0x0000000000001000-0x0000000000ffffff]
[STDOUT  ] 2018-11-15T14:32:22.659671695Z: [    0.000000]   DMA32    [mem 0x0000000001000000-0x000000003ffdefff]
[STDOUT  ] 2018-11-15T14:32:22.659862518Z: [    0.000000]   Normal   empty
[STDOUT  ] 2018-11-15T14:32:22.660063841Z: [    0.000000]   Device   empty
[STDOUT  ] 2018-11-15T14:32:22.660346468Z: [    0.000000] Movable zone start for each node
[STDOUT  ] 2018-11-15T14:32:22.660594800Z: [    0.000000] Early memory node ranges
[STDOUT  ] 2018-11-15T14:32:22.661029517Z: [    0.000000]   node   0: [mem 0x0000000000001000-0x000000000009efff]
[STDOUT  ] 2018-11-15T14:32:22.661454579Z: [    0.000000]   node   0: [mem 0x0000000000100000-0x000000003ffdefff]
[STDOUT  ] 2018-11-15T14:32:22.661942849Z: [    0.000000] Initmem setup node 0 [mem 0x0000000000001000-0x000000003ffdefff]
[STDOUT  ] 2018-11-15T14:32:22.662222986Z: [    0.000000] ACPI: PM-Timer IO Port: 0x608
[STDOUT  ] 2018-11-15T14:32:22.662632378Z: [    0.000000] ACPI: LAPIC_NMI (acpi_id[0xff] dfl dfl lint[0x1])
[STDOUT  ] 2018-11-15T14:32:22.663281888Z: [    0.000000] IOAPIC[0]: apic_id 0, version 32, address 0xfec00000, GSI 0-23
[STDOUT  ] 2018-11-15T14:32:22.663778167Z: [    0.000000] ACPI: INT_SRC_OVR (bus 0 bus_irq 0 global_irq 2 dfl dfl)
[STDOUT  ] 2018-11-15T14:32:22.664401686Z: [    0.000000] ACPI: INT_SRC_OVR (bus 0 bus_irq 5 global_irq 5 high level)
[STDOUT  ] 2018-11-15T14:32:22.664879278Z: [    0.000000] ACPI: INT_SRC_OVR (bus 0 bus_irq 9 global_irq 9 high level)
[STDOUT  ] 2018-11-15T14:32:22.665355348Z: [    0.000000] ACPI: INT_SRC_OVR (bus 0 bus_irq 10 global_irq 10 high level)
[STDOUT  ] 2018-11-15T14:32:22.665835559Z: [    0.000000] ACPI: INT_SRC_OVR (bus 0 bus_irq 11 global_irq 11 high level)
[STDOUT  ] 2018-11-15T14:32:22.666332015Z: [    0.000000] Using ACPI (MADT) for SMP configuration information
[STDOUT  ] 2018-11-15T14:32:22.666712295Z: [    0.000000] ACPI: HPET id: 0x8086a201 base: 0xfed00000
[STDOUT  ] 2018-11-15T14:32:22.667075686Z: [    0.000000] smpboot: Allowing 1 CPUs, 0 hotplug CPUs
[STDOUT  ] 2018-11-15T14:32:22.667547750Z: [    0.000000] e820: [mem 0x40000000-0xafffffff] available for PCI devices
[STDOUT  ] 2018-11-15T14:32:22.667929283Z: [    0.000000] Booting paravirtualized kernel on bare hardware
[STDOUT  ] 2018-11-15T14:32:22.668657450Z: [    0.000000] clocksource: refined-jiffies: mask: 0xffffffff max_cycles: 0xffffffff, max_idle_ns: 1910969940391419 ns
[STDOUT  ] 2018-11-15T14:32:22.669228775Z: [    0.000000] random: get_random_bytes called from start_kernel+0x92/0x4c8 with crng_init=0
[STDOUT  ] 2018-11-15T14:32:22.669778117Z: [    0.000000] setup_percpu: NR_CPUS:128 nr_cpumask_bits:128 nr_cpu_ids:1 nr_node_ids:1
[STDOUT  ] 2018-11-15T14:32:22.670354738Z: [    0.000000] percpu: Embedded 45 pages/cpu @ffff9e6dfd800000 s144280 r8192 d31848 u2097152
[STDOUT  ] 2018-11-15T14:32:22.670824304Z: [    0.000000] Built 1 zonelists, mobility grouping on.  Total pages: 257896
[STDOUT  ] 2018-11-15T14:32:22.671225848Z: [    0.000000] Kernel command line: console=ttyS0 console=ttyAMA0
[STDOUT  ] 2018-11-15T14:32:22.671643403Z: [    0.000000] PID hash table entries: 4096 (order: 3, 32768 bytes)
[STDOUT  ] 2018-11-15T14:32:22.672132871Z: [    0.000000] Dentry cache hash table entries: 131072 (order: 8, 1048576 bytes)
[STDOUT  ] 2018-11-15T14:32:22.672596628Z: [    0.000000] Inode-cache hash table entries: 65536 (order: 7, 524288 bytes)
[STDOUT  ] 2018-11-15T14:32:22.673510348Z: [    0.000000] Memory: 967624K/1048052K available (12300K kernel code, 1446K rwdata, 2964K rodata, 1512K init, 580K bss, 80428K reserved, 0K cma-reserved)
[STDOUT  ] 2018-11-15T14:32:22.673885085Z: [    0.000000] ftrace: allocating 40647 entries in 159 pages
[STDOUT  ] 2018-11-15T14:32:22.674181979Z: [    0.000000] Hierarchical RCU implementation.
[STDOUT  ] 2018-11-15T14:32:22.674634090Z: [    0.000000] 	RCU restricting CPUs from NR_CPUS=128 to nr_cpu_ids=1.
[STDOUT  ] 2018-11-15T14:32:22.675079684Z: [    0.000000] RCU: Adjusting geometry for rcu_fanout_leaf=16, nr_cpu_ids=1
[STDOUT  ] 2018-11-15T14:32:22.675467564Z: [    0.000000] NR_IRQS: 8448, nr_irqs: 256, preallocated irqs: 16
[STDOUT  ] 2018-11-15T14:32:22.675726331Z: [    0.000000] Console: colour VGA+ 80x25
[STDOUT  ] 2018-11-15T14:32:22.676184880Z: [    0.000000] console [ttyS0] enabled
[STDOUT  ] 2018-11-15T14:32:22.680105543Z: [    0.000000] clocksource: hpet: mask: 0xffffffff max_cycles: 0xffffffff, max_idle_ns: 19112604467 ns
[STDOUT  ] 2018-11-15T14:32:22.690920984Z: [    0.003000] tsc: Fast TSC calibration using PIT
[STDOUT  ] 2018-11-15T14:32:22.691478971Z: [    0.004000] tsc: Detected 2599.621 MHz processor
[STDOUT  ] 2018-11-15T14:32:22.695051280Z: [    0.007524] Calibrating delay loop (skipped), value calculated using timer frequency.. 5199.24 BogoMIPS (lpj=2599621)
[STDOUT  ] 2018-11-15T14:32:22.695729203Z: [    0.009058] pid_max: default: 32768 minimum: 301
[STDOUT  ] 2018-11-15T14:32:22.696895356Z: [    0.010047] ACPI: Core revision 20170728
[STDOUT  ] 2018-11-15T14:32:22.741492102Z: [    0.054377] ACPI: 1 ACPI AML tables successfully acquired and loaded
[STDOUT  ] 2018-11-15T14:32:22.745944074Z: [    0.059242] Security Framework initialized
[STDOUT  ] 2018-11-15T14:32:22.746499818Z: [    0.059696] Yama: becoming mindful.
[STDOUT  ] 2018-11-15T14:32:22.749475803Z: [    0.062575] Mount-cache hash table entries: 2048 (order: 2, 16384 bytes)
[STDOUT  ] 2018-11-15T14:32:22.750064194Z: [    0.063083] Mountpoint-cache hash table entries: 2048 (order: 2, 16384 bytes)
[STDOUT  ] 2018-11-15T14:32:22.773171291Z: [    0.086296] Last level iTLB entries: 4KB 0, 2MB 0, 4MB 0
[STDOUT  ] 2018-11-15T14:32:22.773647716Z: [    0.086744] Last level dTLB entries: 4KB 0, 2MB 0, 4MB 0, 1GB 0
[STDOUT  ] 2018-11-15T14:32:22.774682620Z: [    0.087180] Spectre V2 : Spectre mitigation: LFENCE not serializing, switching to generic retpoline
[STDOUT  ] 2018-11-15T14:32:22.775276335Z: [    0.088202] Spectre V2 : Mitigation: Full generic retpoline
[STDOUT  ] 2018-11-15T14:32:22.776137810Z: [    0.089056] Spectre V2 : Spectre v2 / SpectreRSB mitigation: Filling RSB on context switch
[STDOUT  ] 2018-11-15T14:32:22.776639199Z: [    0.089756] Speculative Store Bypass: Vulnerable
[STDOUT  ] 2018-11-15T14:32:22.943116230Z: [    0.256393] random: fast init done
[STDOUT  ] 2018-11-15T14:32:23.104761792Z: [    0.417854] Freeing SMP alternatives memory: 20K
[STDOUT  ] 2018-11-15T14:32:23.128800015Z: [    0.439865] smpboot: Max logical packages: 1
[STDOUT  ] 2018-11-15T14:32:23.136888705Z: [    0.447000] ..TIMER: vector=0x30 apic1=0 pin1=2 apic2=-1 pin2=-1
[STDOUT  ] 2018-11-15T14:32:23.251216081Z: [    0.458000] smpboot: CPU0: AMD QEMU Virtual CPU version 2.5+ (family: 0x6, model: 0x6, stepping: 0x3)
[STDOUT  ] 2018-11-15T14:32:23.260465926Z: [    0.466253] Performance Events: PMU not available due to virtualization, using software events only.
[STDOUT  ] 2018-11-15T14:32:23.263364142Z: [    0.469856] Hierarchical SRCU implementation.
[STDOUT  ] 2018-11-15T14:32:23.270530897Z: [    0.475884] NMI watchdog: Perf event create on CPU 0 failed with -2
[STDOUT  ] 2018-11-15T14:32:23.271249031Z: [    0.476077] NMI watchdog: Perf NMI watchdog permanently disabled
[STDOUT  ] 2018-11-15T14:32:23.276443616Z: [    0.481681] smp: Bringing up secondary CPUs ...
[STDOUT  ] 2018-11-15T14:32:23.276804262Z: [    0.482464] smp: Brought up 1 node, 1 CPU
[STDOUT  ] 2018-11-15T14:32:23.277431254Z: [    0.482854] smpboot: Total of 1 processors activated (5199.24 BogoMIPS)
[STDOUT  ] 2018-11-15T14:32:23.297563848Z: [    0.501151] devtmpfs: initialized
[STDOUT  ] 2018-11-15T14:32:23.303262649Z: [    0.506590] x86/mm: Memory block size: 128MB
[STDOUT  ] 2018-11-15T14:32:23.310474570Z: [    0.514112] evm: security.ima
[STDOUT  ] 2018-11-15T14:32:23.310743368Z: [    0.514424] evm: security.capability
[STDOUT  ] 2018-11-15T14:32:23.315203275Z: [    0.518316] clocksource: jiffies: mask: 0xffffffff max_cycles: 0xffffffff, max_idle_ns: 1911260446275000 ns
[STDOUT  ] 2018-11-15T14:32:23.315880562Z: [    0.519201] futex hash table entries: 256 (order: 2, 16384 bytes)
[STDOUT  ] 2018-11-15T14:32:23.328816416Z: [    0.532366] NET: Registered protocol family 16
[STDOUT  ] 2018-11-15T14:32:23.337181468Z: [    0.540678] cpuidle: using governor ladder
[STDOUT  ] 2018-11-15T14:32:23.337667409Z: [    0.541185] cpuidle: using governor menu
[STDOUT  ] 2018-11-15T14:32:23.339622478Z: [    0.543221] ACPI: bus type PCI registered
[STDOUT  ] 2018-11-15T14:32:23.343205414Z: [    0.546453] PCI: MMCONFIG for domain 0000 [bus 00-ff] at [mem 0xb0000000-0xbfffffff] (base 0xb0000000)
[STDOUT  ] 2018-11-15T14:32:23.344036829Z: [    0.547268] PCI: MMCONFIG at [mem 0xb0000000-0xbfffffff] reserved in E820
[STDOUT  ] 2018-11-15T14:32:23.345245300Z: [    0.548703] PCI: Using configuration type 1 for base access
[STDOUT  ] 2018-11-15T14:32:23.415612411Z: [    0.619050] HugeTLB registered 2.00 MiB page size, pre-allocated 0 pages
[STDOUT  ] 2018-11-15T14:32:23.427361769Z: [    0.630833] ACPI: Added _OSI(Module Device)
[STDOUT  ] 2018-11-15T14:32:23.427792869Z: [    0.631067] ACPI: Added _OSI(Processor Device)
[STDOUT  ] 2018-11-15T14:32:23.428181508Z: [    0.631409] ACPI: Added _OSI(3.0 _SCP Extensions)
[STDOUT  ] 2018-11-15T14:32:23.428665969Z: [    0.632044] ACPI: Added _OSI(Processor Aggregator Device)
[STDOUT  ] 2018-11-15T14:32:23.533700672Z: [    0.734052] ACPI: Interpreter enabled
[STDOUT  ] 2018-11-15T14:32:23.534935301Z: [    0.735336] ACPI: (supports S0 S5)
[STDOUT  ] 2018-11-15T14:32:23.535363503Z: [    0.735690] ACPI: Using IOAPIC for interrupt routing
[STDOUT  ] 2018-11-15T14:32:23.538416495Z: [    0.738554] PCI: Using host bridge windows from ACPI; if necessary, use "pci=nocrs" and report a bug
[STDOUT  ] 2018-11-15T14:32:23.543473039Z: [    0.743851] ACPI: Enabled 2 GPEs in block 00 to 3F
[STDOUT  ] 2018-11-15T14:32:23.629367979Z: [    0.829673] ACPI: PCI Root Bridge [PCI0] (domain 0000 [bus 00-ff])
[STDOUT  ] 2018-11-15T14:32:23.630696781Z: [    0.830589] acpi PNP0A08:00: _OSC: OS supports [ExtendedConfig ASPM ClockPM Segments MSI]
[STDOUT  ] 2018-11-15T14:32:23.636724252Z: [    0.837077] acpi PNP0A08:00: _OSC: OS now controls [PCIeHotplug PME PCIeCapability]
[STDOUT  ] 2018-11-15T14:32:23.640850504Z: [    0.841445] PCI host bridge to bus 0000:00
[STDOUT  ] 2018-11-15T14:32:23.641686289Z: [    0.842121] pci_bus 0000:00: root bus resource [io  0x0000-0x0cf7 window]
[STDOUT  ] 2018-11-15T14:32:23.642360230Z: [    0.842666] pci_bus 0000:00: root bus resource [io  0x0d00-0xffff window]
[STDOUT  ] 2018-11-15T14:32:23.642997451Z: [    0.843068] pci_bus 0000:00: root bus resource [mem 0x000a0000-0x000bffff window]
[STDOUT  ] 2018-11-15T14:32:23.643612308Z: [    0.844060] pci_bus 0000:00: root bus resource [mem 0xc0000000-0xfebfffff window]
[STDOUT  ] 2018-11-15T14:32:23.644223662Z: [    0.844714] pci_bus 0000:00: root bus resource [bus 00-ff]
[STDOUT  ] 2018-11-15T14:32:23.819132350Z: [    0.907409] pci 0000:00:1f.0: quirk: [io  0x0600-0x067f] claimed by ICH6 ACPI/GPIO/TCO
[STDOUT  ] 2018-11-15T14:32:23.916809830Z: [    0.955820] ACPI: PCI Interrupt Link [LNKA] (IRQs 5 *10 11)
[STDOUT  ] 2018-11-15T14:32:23.919377450Z: [    0.958723] ACPI: PCI Interrupt Link [LNKB] (IRQs 5 *10 11)
[STDOUT  ] 2018-11-15T14:32:23.921476879Z: [    0.960746] ACPI: PCI Interrupt Link [LNKC] (IRQs 5 10 *11)
[STDOUT  ] 2018-11-15T14:32:23.924567785Z: [    0.963592] ACPI: PCI Interrupt Link [LNKD] (IRQs 5 10 *11)
[STDOUT  ] 2018-11-15T14:32:23.927235195Z: [    0.966567] ACPI: PCI Interrupt Link [LNKE] (IRQs 5 *10 11)
[STDOUT  ] 2018-11-15T14:32:23.929458851Z: [    0.968866] ACPI: PCI Interrupt Link [LNKF] (IRQs 5 *10 11)
[STDOUT  ] 2018-11-15T14:32:23.931700913Z: [    0.971173] ACPI: PCI Interrupt Link [LNKG] (IRQs 5 10 *11)
[STDOUT  ] 2018-11-15T14:32:23.933796876Z: [    0.973233] ACPI: PCI Interrupt Link [LNKH] (IRQs 5 10 *11)
[STDOUT  ] 2018-11-15T14:32:23.934836419Z: [    0.974363] ACPI: PCI Interrupt Link [GSIA] (IRQs *16)
[STDOUT  ] 2018-11-15T14:32:23.935644773Z: [    0.975103] ACPI: PCI Interrupt Link [GSIB] (IRQs *17)
[STDOUT  ] 2018-11-15T14:32:23.936678752Z: [    0.975786] ACPI: PCI Interrupt Link [GSIC] (IRQs *18)
[STDOUT  ] 2018-11-15T14:32:23.937845427Z: [    0.977076] ACPI: PCI Interrupt Link [GSID] (IRQs *19)
[STDOUT  ] 2018-11-15T14:32:23.938865149Z: [    0.978172] ACPI: PCI Interrupt Link [GSIE] (IRQs *20)
[STDOUT  ] 2018-11-15T14:32:23.939839059Z: [    0.979195] ACPI: PCI Interrupt Link [GSIF] (IRQs *21)
[STDOUT  ] 2018-11-15T14:32:23.940681955Z: [    0.980149] ACPI: PCI Interrupt Link [GSIG] (IRQs *22)
[STDOUT  ] 2018-11-15T14:32:23.941830398Z: [    0.981091] ACPI: PCI Interrupt Link [GSIH] (IRQs *23)
[STDOUT  ] 2018-11-15T14:32:23.951920901Z: [    0.991490] SCSI subsystem initialized
[STDOUT  ] 2018-11-15T14:32:23.956625509Z: [    0.995716] ACPI: bus type USB registered
[STDOUT  ] 2018-11-15T14:32:23.958228809Z: [    0.997631] usbcore: registered new interface driver usbfs
[STDOUT  ] 2018-11-15T14:32:23.959344692Z: [    0.998577] usbcore: registered new interface driver hub
[STDOUT  ] 2018-11-15T14:32:23.960353253Z: [    0.999532] usbcore: registered new device driver usb
[STDOUT  ] 2018-11-15T14:32:23.961867099Z: [    1.001393] pps_core: LinuxPPS API ver. 1 registered
[STDOUT  ] 2018-11-15T14:32:23.962568812Z: [    1.001775] pps_core: Software ver. 5.3.6 - Copyright 2005-2007 Rodolfo Giometti <giometti@linux.it>
[STDOUT  ] 2018-11-15T14:32:23.963165434Z: [    1.002193] PTP clock support registered
[STDOUT  ] 2018-11-15T14:32:23.965938837Z: [    1.005514] PCI: Using ACPI for IRQ routing
[STDOUT  ] 2018-11-15T14:32:23.992386677Z: [    1.031716] NetLabel: Initializing
[STDOUT  ] 2018-11-15T14:32:23.992791810Z: [    1.032057] NetLabel:  domain hash size = 128
[STDOUT  ] 2018-11-15T14:32:23.993217730Z: [    1.032394] NetLabel:  protocols = UNLABELED CIPSOv4 CALIPSO
[STDOUT  ] 2018-11-15T14:32:23.996400012Z: [    1.035577] NetLabel:  unlabeled traffic allowed by default
[STDOUT  ] 2018-11-15T14:32:23.998761819Z: [    1.038103] HPET: 3 timers in total, 0 timers will be used for per-cpu timer
[STDOUT  ] 2018-11-15T14:32:23.999805889Z: [    1.039056] hpet0: at MMIO 0xfed00000, IRQs 2, 8, 0
[STDOUT  ] 2018-11-15T14:32:24.000338575Z: [    1.039608] hpet0: 3 comparators, 64-bit 100.000000 MHz counter
[STDOUT  ] 2018-11-15T14:32:24.010329171Z: [    1.048583] clocksource: Switched to clocksource hpet
[STDOUT  ] 2018-11-15T14:32:24.397161975Z: [    1.435369] VFS: Disk quotas dquot_6.6.0
[STDOUT  ] 2018-11-15T14:32:24.398481721Z: [    1.436528] VFS: Dquot-cache hash table entries: 512 (order 0, 4096 bytes)
[STDOUT  ] 2018-11-15T14:32:24.402082468Z: [    1.440402] FS-Cache: Loaded
[STDOUT  ] 2018-11-15T14:32:24.409186282Z: [    1.447474] CacheFiles: Loaded
[STDOUT  ] 2018-11-15T14:32:24.411104266Z: [    1.449415] pnp: PnP ACPI init
[STDOUT  ] 2018-11-15T14:32:24.426311315Z: [    1.464482] pnp: PnP ACPI: found 5 devices
[STDOUT  ] 2018-11-15T14:32:24.481827821Z: [    1.519558] clocksource: acpi_pm: mask: 0xffffff max_cycles: 0xffffff, max_idle_ns: 2085701024 ns
[STDOUT  ] 2018-11-15T14:32:24.485780676Z: [    1.523940] NET: Registered protocol family 2
[STDOUT  ] 2018-11-15T14:32:24.498127333Z: [    1.535964] TCP established hash table entries: 8192 (order: 4, 65536 bytes)
[STDOUT  ] 2018-11-15T14:32:24.499888982Z: [    1.537844] TCP bind hash table entries: 8192 (order: 5, 131072 bytes)
[STDOUT  ] 2018-11-15T14:32:24.502524108Z: [    1.540506] TCP: Hash tables configured (established 8192 bind 8192)
[STDOUT  ] 2018-11-15T14:32:24.506524077Z: [    1.544585] UDP hash table entries: 512 (order: 2, 16384 bytes)
[STDOUT  ] 2018-11-15T14:32:24.507303160Z: [    1.545472] UDP-Lite hash table entries: 512 (order: 2, 16384 bytes)
[STDOUT  ] 2018-11-15T14:32:24.510624584Z: [    1.548760] NET: Registered protocol family 1
[STDOUT  ] 2018-11-15T14:32:24.512235010Z: [    1.550272] pci 0000:00:01.0: Video device with shadowed ROM at [mem 0x000c0000-0x000dffff]
[STDOUT  ] 2018-11-15T14:32:24.521868137Z: [    1.559977] Trying to unpack rootfs image as initramfs...
[STDOUT  ] 2018-11-15T14:32:33.510708108Z: [   10.548868] Freeing initrd memory: 37268K
[STDOUT  ] 2018-11-15T14:32:33.548211567Z: [   10.586354] PCLMULQDQ-NI instructions are not detected.
[STDOUT  ] 2018-11-15T14:32:33.550228974Z: [   10.588396] AVX or AES-NI instructions are not detected.
[STDOUT  ] 2018-11-15T14:32:33.551015371Z: [   10.588967] CPU feature 'AVX registers' is not supported.
[STDOUT  ] 2018-11-15T14:32:33.551682633Z: [   10.589858] CPU feature 'AVX registers' is not supported.
[STDOUT  ] 2018-11-15T14:32:33.552221850Z: [   10.590446] CPU feature 'AVX registers' is not supported.
[STDOUT  ] 2018-11-15T14:32:33.552744115Z: [   10.590840] CPU feature 'AVX registers' is not supported.
[STDOUT  ] 2018-11-15T14:32:33.553175252Z: [   10.591403] AVX2 or AES-NI instructions are not detected.
[STDOUT  ] 2018-11-15T14:32:33.553533876Z: [   10.591791] AVX2 instructions are not detected.
[STDOUT  ] 2018-11-15T14:32:33.561330943Z: [   10.599483] audit: initializing netlink subsys (disabled)
[STDOUT  ] 2018-11-15T14:32:33.566902703Z: [   10.604803] audit: type=2000 audit(1542292351.601:1): state=initialized audit_enabled=0 res=1
[STDOUT  ] 2018-11-15T14:32:33.571631656Z: [   10.609674] workingset: timestamp_bits=46 max_order=18 bucket_order=0
[STDOUT  ] 2018-11-15T14:32:33.579872739Z: [   10.617954] squashfs: version 4.0 (2009/01/31) Phillip Lougher
[STDOUT  ] 2018-11-15T14:32:33.583381979Z: [   10.621413] FS-Cache: Netfs 'cifs' registered for caching
[STDOUT  ] 2018-11-15T14:32:33.584445899Z: [   10.622730] fuse init (API version 7.26)
[STDOUT  ] 2018-11-15T14:32:33.587917132Z: [   10.625780] SGI XFS with ACLs, security attributes, no debug enabled
[STDOUT  ] 2018-11-15T14:32:33.595475868Z: [   10.633570] 9p: Installing v9fs 9p2000 file system support
[STDOUT  ] 2018-11-15T14:32:33.596562770Z: [   10.634702] FS-Cache: Netfs '9p' registered for caching
[STDOUT  ] 2018-11-15T14:32:33.652351639Z: [   10.690549] NET: Registered protocol family 38
[STDOUT  ] 2018-11-15T14:32:33.653390819Z: [   10.691643] Key type asymmetric registered
[STDOUT  ] 2018-11-15T14:32:33.653862587Z: [   10.692022] Asymmetric key parser 'x509' registered
[STDOUT  ] 2018-11-15T14:32:33.656332012Z: [   10.693929] Block layer SCSI generic (bsg) driver version 0.4 loaded (major 247)
[STDOUT  ] 2018-11-15T14:32:33.659232464Z: [   10.697508] io scheduler noop registered
[STDOUT  ] 2018-11-15T14:32:33.659809816Z: [   10.697866] io scheduler deadline registered (default)
[STDOUT  ] 2018-11-15T14:32:33.660706130Z: [   10.698951] io scheduler cfq registered
[STDOUT  ] 2018-11-15T14:32:33.661344629Z: [   10.699492] io scheduler mq-deadline registered
[STDOUT  ] 2018-11-15T14:32:33.661684081Z: [   10.699941] io scheduler kyber registered
[STDOUT  ] 2018-11-15T14:32:33.667771961Z: [   10.705366] shpchp: Standard Hot Plug PCI Controller Driver version: 0.4
[STDOUT  ] 2018-11-15T14:32:33.668786388Z: [   10.706951] hv_vmbus: registering driver hyperv_fb
[STDOUT  ] 2018-11-15T14:32:33.673727676Z: [   10.711590] input: Power Button as /devices/LNXSYSTM:00/LNXPWRBN:00/input/input0
[STDOUT  ] 2018-11-15T14:32:33.678302370Z: [   10.716539] ACPI: Power Button [PWRF]
[STDOUT  ] 2018-11-15T14:32:33.702872008Z: [   10.740913] ACPI: PCI Interrupt Link [GSIG] enabled at IRQ 22
[STDOUT  ] 2018-11-15T14:32:33.719876974Z: [   10.757910] ACPI: PCI Interrupt Link [GSIH] enabled at IRQ 23
[STDOUT  ] 2018-11-15T14:32:33.728691887Z: [   10.765954] Serial: 8250/16550 driver, 4 ports, IRQ sharing disabled
[STDOUT  ] 2018-11-15T14:32:33.755295456Z: [   10.792988] 00:04: ttyS0 at I/O 0x3f8 (irq = 4, base_baud = 115200) is a 16550A
[STDOUT  ] 2018-11-15T14:32:33.769611195Z: [   10.807769] Non-volatile memory driver v1.3
[STDOUT  ] 2018-11-15T14:32:33.779438549Z: [   10.817338] Hangcheck: starting hangcheck timer 0.9.1 (tick is 180 seconds, margin is 60 seconds).
[STDOUT  ] 2018-11-15T14:32:33.786160656Z: [   10.824450] random: crng init done
[STDOUT  ] 2018-11-15T14:32:33.874286451Z: [   10.912548] brd: module loaded
[STDOUT  ] 2018-11-15T14:32:33.917287505Z: [   10.955588] loop: module loaded
[STDOUT  ] 2018-11-15T14:32:34.000100043Z: [   11.037949] lpc_ich 0000:00:1f.0: I/O space for GPIO uninitialized
[STDOUT  ] 2018-11-15T14:32:34.003909598Z: [   11.042052] VMware PVSCSI driver - version 1.0.7.0-k
[STDOUT  ] 2018-11-15T14:32:34.004788805Z: [   11.042986] hv_vmbus: registering driver hv_storvsc
[STDOUT  ] 2018-11-15T14:32:34.019201152Z: [   11.057347] ACPI: PCI Interrupt Link [GSIA] enabled at IRQ 16
[STDOUT  ] 2018-11-15T14:32:34.027683938Z: [   11.065628] ahci 0000:00:1f.2: AHCI 0001.0000 32 slots 6 ports 1.5 Gbps 0x3f impl SATA mode
[STDOUT  ] 2018-11-15T14:32:34.028340472Z: [   11.066588] ahci 0000:00:1f.2: flags: 64bit ncq only 
[STDOUT  ] 2018-11-15T14:32:34.049113583Z: [   11.087429] scsi host0: ahci
[STDOUT  ] 2018-11-15T14:32:34.053315547Z: [   11.091632] scsi host1: ahci
[STDOUT  ] 2018-11-15T14:32:34.055949880Z: [   11.094289] scsi host2: ahci
[STDOUT  ] 2018-11-15T14:32:34.058218783Z: [   11.096564] scsi host3: ahci
[STDOUT  ] 2018-11-15T14:32:34.060615015Z: [   11.098890] scsi host4: ahci
[STDOUT  ] 2018-11-15T14:32:34.063143293Z: [   11.101477] scsi host5: ahci
[STDOUT  ] 2018-11-15T14:32:34.065182110Z: [   11.103272] ata1: SATA max UDMA/133 abar m4096@0xfebd2000 port 0xfebd2100 irq 24
[STDOUT  ] 2018-11-15T14:32:34.065890039Z: [   11.103833] ata2: SATA max UDMA/133 abar m4096@0xfebd2000 port 0xfebd2180 irq 24
[STDOUT  ] 2018-11-15T14:32:34.066392025Z: [   11.104487] ata3: SATA max UDMA/133 abar m4096@0xfebd2000 port 0xfebd2200 irq 24
[STDOUT  ] 2018-11-15T14:32:34.066915094Z: [   11.104988] ata4: SATA max UDMA/133 abar m4096@0xfebd2000 port 0xfebd2280 irq 24
[STDOUT  ] 2018-11-15T14:32:34.067574588Z: [   11.105597] ata5: SATA max UDMA/133 abar m4096@0xfebd2000 port 0xfebd2300 irq 24
[STDOUT  ] 2018-11-15T14:32:34.068199815Z: [   11.106306] ata6: SATA max UDMA/133 abar m4096@0xfebd2000 port 0xfebd2380 irq 24
[STDOUT  ] 2018-11-15T14:32:34.085337904Z: [   11.123490] tun: Universal TUN/TAP device driver, 1.6
[STDOUT  ] 2018-11-15T14:32:34.099590885Z: [   11.137608] VMware vmxnet3 virtual NIC driver - version 1.4.a.0-k-NAPI
[STDOUT  ] 2018-11-15T14:32:34.100386778Z: [   11.138637] hv_vmbus: registering driver hv_netvsc
[STDOUT  ] 2018-11-15T14:32:34.100849389Z: [   11.138999] Fusion MPT base driver 3.04.20
[STDOUT  ] 2018-11-15T14:32:34.101470249Z: [   11.139539] Copyright (c) 1999-2008 LSI Corporation
[STDOUT  ] 2018-11-15T14:32:34.102131943Z: [   11.140410] Fusion MPT SPI Host driver 3.04.20
[STDOUT  ] 2018-11-15T14:32:34.105026917Z: [   11.142988] i8042: PNP: PS/2 Controller [PNP0303:KBD,PNP0f13:MOU] at 0x60,0x64 irq 1,12
[STDOUT  ] 2018-11-15T14:32:34.110912113Z: [   11.148949] serio: i8042 KBD port at 0x60,0x64 irq 1
[STDOUT  ] 2018-11-15T14:32:34.111648798Z: [   11.149850] serio: i8042 AUX port at 0x60,0x64 irq 12
[STDOUT  ] 2018-11-15T14:32:34.115111358Z: [   11.153313] hv_vmbus: registering driver hyperv_keyboard
[STDOUT  ] 2018-11-15T14:32:34.117859206Z: [   11.155881] mousedev: PS/2 mouse device common for all mice
[STDOUT  ] 2018-11-15T14:32:34.124685365Z: [   11.162712] input: PC Speaker as /devices/platform/pcspkr/input/input2
[STDOUT  ] 2018-11-15T14:32:34.126964977Z: [   11.164921] input: AT Translated Set 2 keyboard as /devices/platform/i8042/serio0/input/input1
[STDOUT  ] 2018-11-15T14:32:34.131438185Z: [   11.169666] rtc_cmos 00:00: RTC can wake from S4
[STDOUT  ] 2018-11-15T14:32:34.136843637Z: [   11.174826] rtc_cmos 00:00: rtc core: registered rtc_cmos as rtc0
[STDOUT  ] 2018-11-15T14:32:34.138429630Z: [   11.176492] rtc_cmos 00:00: alarms up to one day, y3k, 114 bytes nvram, hpet irqs
[STDOUT  ] 2018-11-15T14:32:34.139133769Z: [   11.177471] i2c /dev entries driver
[STDOUT  ] 2018-11-15T14:32:34.142504934Z: [   11.180509] device-mapper: ioctl: 4.37.0-ioctl (2017-09-20) initialised: dm-devel@redhat.com
[STDOUT  ] 2018-11-15T14:32:34.148612842Z: [   11.186727] usbcore: registered new interface driver usbhid
[STDOUT  ] 2018-11-15T14:32:34.149048050Z: [   11.187372] usbhid: USB HID core driver
[STDOUT  ] 2018-11-15T14:32:34.150124037Z: [   11.188358] hv_utils: Registering HyperV Utility Driver
[STDOUT  ] 2018-11-15T14:32:34.150458519Z: [   11.188716] hv_vmbus: registering driver hv_util
[STDOUT  ] 2018-11-15T14:32:34.150853239Z: [   11.189047] hv_vmbus: registering driver hv_balloon
[STDOUT  ] 2018-11-15T14:32:34.151610389Z: [   11.189816] oprofile: using NMI interrupt.
[STDOUT  ] 2018-11-15T14:32:34.152916112Z: [   11.191258] GACT probability on
[STDOUT  ] 2018-11-15T14:32:34.153401357Z: [   11.191659] Mirror/redirect action on
[STDOUT  ] 2018-11-15T14:32:34.154754142Z: [   11.192942] Simple TC action Loaded
[STDOUT  ] 2018-11-15T14:32:34.155239333Z: [   11.193621] u32 classifier
[STDOUT  ] 2018-11-15T14:32:34.155505254Z: [   11.193828]     Performance counters on
[STDOUT  ] 2018-11-15T14:32:34.155964906Z: [   11.194293]     input device check on
[STDOUT  ] 2018-11-15T14:32:34.156184425Z: [   11.194550]     Actions configured
[STDOUT  ] 2018-11-15T14:32:34.157342901Z: [   11.195595] Netfilter messages via NETLINK v0.30.
[STDOUT  ] 2018-11-15T14:32:34.158157801Z: [   11.196415] nfnl_acct: registering with nfnetlink.
[STDOUT  ] 2018-11-15T14:32:34.160278516Z: [   11.198455] nf_conntrack version 0.5.0 (8192 buckets, 32768 max)
[STDOUT  ] 2018-11-15T14:32:34.163569016Z: [   11.201734] ctnetlink v0.93: registering with nfnetlink.
[STDOUT  ] 2018-11-15T14:32:34.167903447Z: [   11.205898] nf_tables: (c) 2007-2009 Patrick McHardy <kaber@trash.net>
[STDOUT  ] 2018-11-15T14:32:34.169100010Z: [   11.207044] nf_tables_compat: (c) 2012 Pablo Neira Ayuso <pablo@netfilter.org>
[STDOUT  ] 2018-11-15T14:32:34.172491881Z: [   11.210751] xt_time: kernel timezone is -0000
[STDOUT  ] 2018-11-15T14:32:34.173213690Z: [   11.211563] ip_set: protocol 6
[STDOUT  ] 2018-11-15T14:32:34.174665816Z: [   11.212771] ipip: IPv4 and MPLS over IPv4 tunneling driver
[STDOUT  ] 2018-11-15T14:32:34.180298199Z: [   11.218505] gre: GRE over IPv4 demultiplexor driver
[STDOUT  ] 2018-11-15T14:32:34.184323691Z: [   11.222521] ip_tables: (C) 2000-2006 Netfilter Core Team
[STDOUT  ] 2018-11-15T14:32:34.190861206Z: [   11.228904] arp_tables: arp_tables: (C) 2002 David S. Miller
[STDOUT  ] 2018-11-15T14:32:34.193722531Z: [   11.231903] NET: Registered protocol family 10
[STDOUT  ] 2018-11-15T14:32:34.206340078Z: [   11.244486] Segment Routing with IPv6
[STDOUT  ] 2018-11-15T14:32:34.207467929Z: [   11.245672] ip6_tables: (C) 2000-2006 Netfilter Core Team
[STDOUT  ] 2018-11-15T14:32:34.220028276Z: [   11.258101] NET: Registered protocol family 17
[STDOUT  ] 2018-11-15T14:32:34.221516440Z: [   11.259527] Bridge firewalling registered
[STDOUT  ] 2018-11-15T14:32:34.222340186Z: [   11.260581] 8021q: 802.1Q VLAN Support v1.8
[STDOUT  ] 2018-11-15T14:32:34.224644011Z: [   11.262865] 9pnet: Installing 9P2000 support
[STDOUT  ] 2018-11-15T14:32:34.226989313Z: [   11.265202] Key type dns_resolver registered
[STDOUT  ] 2018-11-15T14:32:34.228835585Z: [   11.266858] sched_clock: Marking stable (11266142270, 0)->(11536604337, -270462067)
[STDOUT  ] 2018-11-15T14:32:34.233379469Z: [   11.271621] registered taskstats version 1
[STDOUT  ] 2018-11-15T14:32:34.389177046Z: [   11.427119] ata3: SATA link up 1.5 Gbps (SStatus 113 SControl 300)
[STDOUT  ] 2018-11-15T14:32:34.393921962Z: [   11.431971] ata2: SATA link down (SStatus 0 SControl 300)
[STDOUT  ] 2018-11-15T14:32:34.395651456Z: [   11.433732] ata1: SATA link up 1.5 Gbps (SStatus 113 SControl 300)
[STDOUT  ] 2018-11-15T14:32:34.396435724Z: [   11.434644] ata6: SATA link down (SStatus 0 SControl 300)
[STDOUT  ] 2018-11-15T14:32:34.397497189Z: [   11.435704] ata4: SATA link down (SStatus 0 SControl 300)
[STDOUT  ] 2018-11-15T14:32:34.398193591Z: [   11.436400] ata5: SATA link down (SStatus 0 SControl 300)
[STDOUT  ] 2018-11-15T14:32:34.400796925Z: [   11.438839] ata1.00: ATA-7: QEMU HARDDISK, 2.5+, max UDMA/100
[STDOUT  ] 2018-11-15T14:32:34.401341597Z: [   11.439490] ata1.00: 524288 sectors, multi 16: LBA48 NCQ (depth 31/32)
[STDOUT  ] 2018-11-15T14:32:34.402055876Z: [   11.440218] ata1.00: applying bridge limits
[STDOUT  ] 2018-11-15T14:32:34.411402864Z: [   11.449533] ata3.00: ATAPI: QEMU DVD-ROM, 2.5+, max UDMA/100
[STDOUT  ] 2018-11-15T14:32:34.411918221Z: [   11.450055] ata3.00: applying bridge limits
[STDOUT  ] 2018-11-15T14:32:34.415747325Z: [   11.453911] ata3.00: configured for UDMA/100
[STDOUT  ] 2018-11-15T14:32:34.418633722Z: [   11.456751] ata1.00: configured for UDMA/100
[STDOUT  ] 2018-11-15T14:32:34.443615936Z: [   11.481554] scsi 0:0:0:0: Direct-Access     ATA      QEMU HARDDISK    2.5+ PQ: 0 ANSI: 5
[STDOUT  ] 2018-11-15T14:32:34.465828487Z: [   11.503814] sd 0:0:0:0: [sda] 524288 512-byte logical blocks: (268 MB/256 MiB)
[STDOUT  ] 2018-11-15T14:32:34.467820444Z: [   11.505955] sd 0:0:0:0: Attached scsi generic sg0 type 0
[STDOUT  ] 2018-11-15T14:32:34.470233257Z: [   11.508461] sd 0:0:0:0: [sda] Write Protect is off
[STDOUT  ] 2018-11-15T14:32:34.480261085Z: [   11.518260] scsi 2:0:0:0: CD-ROM            QEMU     QEMU DVD-ROM     2.5+ PQ: 0 ANSI: 5
[STDOUT  ] 2018-11-15T14:32:34.483068795Z: [   11.520951] sd 0:0:0:0: [sda] Write cache: enabled, read cache: enabled, doesn't support DPO or FUA
[STDOUT  ] 2018-11-15T14:32:34.515692598Z: [   11.553621] tsc: Refined TSC clocksource calibration: 2599.761 MHz
[STDOUT  ] 2018-11-15T14:32:34.516710315Z: [   11.554546] clocksource: tsc: mask: 0xffffffffffffffff max_cycles: 0x25795a3d23f, max_idle_ns: 440795283713 ns
[STDOUT  ] 2018-11-15T14:32:34.518349088Z: [   11.556431] sr 2:0:0:0: [sr0] scsi3-mmc drive: 4x/4x cd/rw xa/form2 tray
[STDOUT  ] 2018-11-15T14:32:34.519121327Z: [   11.557312] cdrom: Uniform CD-ROM driver Revision: 3.20
[STDOUT  ] 2018-11-15T14:32:34.532809257Z: [   11.570816] sr 2:0:0:0: Attached scsi generic sg1 type 5
[STDOUT  ] 2018-11-15T14:32:34.541040944Z: [   11.579274] sd 0:0:0:0: [sda] Attached SCSI disk
[STDOUT  ] 2018-11-15T14:32:34.696729000Z: [   11.734921] Key type big_key registered
[STDOUT  ] 2018-11-15T14:32:34.821398528Z: [   11.859647] Key type trusted registered
[STDOUT  ] 2018-11-15T14:32:34.953429093Z: [   11.991652] Key type encrypted registered
[STDOUT  ] 2018-11-15T14:32:34.954944903Z: [   11.992978] ima: No TPM chip found, activating TPM-bypass! (rc=-19)
[STDOUT  ] 2018-11-15T14:32:34.956740802Z: [   11.994900] ima: Allocated hash algorithm: sha256
[STDOUT  ] 2018-11-15T14:32:34.961509538Z: [   11.999828] evm: HMAC attrs: 0x1
[STDOUT  ] 2018-11-15T14:32:34.969453220Z: [   12.007475] rtc_cmos 00:00: setting system clock to 2018-11-15 14:32:34 UTC (1542292354)
[STDOUT  ] 2018-11-15T14:32:35.162311267Z: [   12.200486] Freeing unused kernel memory: 1512K
[STDOUT  ] 2018-11-15T14:32:35.163745276Z: [   12.201726] Write protecting the kernel read-only data: 18432k
[STDOUT  ] 2018-11-15T14:32:35.183716202Z: [   12.221845] Freeing unused kernel memory: 2024K
[STDOUT  ] 2018-11-15T14:32:35.300843422Z: [   12.338908] Freeing unused kernel memory: 1132K
[STDOUT  ] 2018-11-15T14:32:35.527983767Z: [   12.566026] clocksource: Switched to clocksource tsc
[STDOUT  ] 2018-11-15T14:33:30.118989259Z: 
[STDOUT  ] 2018-11-15T14:33:30.119570920Z: Welcome to LinuxKit
[STDOUT  ] 2018-11-15T14:33:30.119678145Z: 
[STDOUT  ] 2018-11-15T14:33:30.120336953Z:                         ##         .
[STDOUT  ] 2018-11-15T14:33:30.120940560Z:                   ## ## ##        ==
[STDOUT  ] 2018-11-15T14:33:30.121253276Z:                ## ## ## ## ##    ===
[STDOUT  ] 2018-11-15T14:33:30.121927097Z:            /"""""""""""""""""\___/ ===
[STDOUT  ] 2018-11-15T14:33:30.122343737Z:           {                       /  ===-
[STDOUT  ] 2018-11-15T14:33:30.122921266Z:            \______ O           __/
[STDOUT  ] 2018-11-15T14:33:30.123296788Z:              \    \         __/
[STDOUT  ] 2018-11-15T14:33:30.123825971Z:               \____\_______/
[STDOUT  ] 2018-11-15T14:33:30.123881850Z: 
[STDOUT  ] 2018-11-15T14:33:33.887280708Z: [   70.925597]  sda:
[STDOUT  ] 2018-11-15T14:33:34.014101103Z: [   71.052420]  sda:
[STDOUT  ] 2018-11-15T14:33:34.390991013Z: [   71.429286]  sda: sda1
[STDOUT  ] 2018-11-15T14:33:34.537123074Z: [   71.575431]  sda: sda1
[STDOUT  ] 2018-11-15T14:33:37.249500095Z: 2018/11/15 14:33:32 Creating partition on /dev/sda
[STDOUT  ] 2018-11-15T14:33:37.250377621Z: 2018/11/15 14:33:36 Partition /dev/sda1 successfully created!
[STDOUT  ] 2018-11-15T14:33:40.670565806Z: [   77.708019] EXT4-fs (sda1): mounted filesystem with ordered data mode. Opts: (null)
[STDOUT  ] 2018-11-15T14:33:58.295641613Z: [   95.333669] sd 0:0:0:0: [sda] Synchronizing SCSI cache
[STDOUT  ] 2018-11-15T14:33:58.297274702Z: [   95.335481] sd 0:0:0:0: [sda] Stopping disk
[STDOUT  ] 2018-11-15T14:33:58.302008240Z: [   95.340070] ACPI: Preparing to enter system sleep state S5
[STDOUT  ] 2018-11-15T14:33:58.304111682Z: [   95.342388] reboot: Power down
[STDERR  ] 2018-11-15T14:33:58.324313358Z: + [ -f disk.img ]
[STDERR  ] 2018-11-15T14:33:58.324437063Z: + dd if=/dev/zero bs=1048576 count=256
[STDERR  ] 2018-11-15T14:33:58.568506094Z: 256+0 records in
[STDERR  ] 2018-11-15T14:33:58.568610208Z: 256+0 records out
[STDERR  ] 2018-11-15T14:33:58.568790213Z: + linuxkit build -format kernel+initrd -name extend-ext4 test.yml
[STDERR  ] 2018-11-15T14:33:58.615773434Z: Extract kernel image: linuxkit/kernel:4.14.80
[STDERR  ] 2018-11-15T14:34:03.327665439Z: Add init containers:
[STDERR  ] 2018-11-15T14:34:03.327801124Z: Process init image: linuxkit/init:c563953a2277eb73a89d89f70e4b6dcdcfebc2d1
[STDERR  ] 2018-11-15T14:34:05.047449488Z: Process init image: linuxkit/runc:83d0edb4552b1a5df1f0976f05f442829eac38fe
[STDERR  ] 2018-11-15T14:34:06.623522965Z: Add onboot containers:
[STDERR  ] 2018-11-15T14:34:06.623645984Z:   Create OCI config for linuxkit/extend:v0.6
[STDERR  ] 2018-11-15T14:34:08.914218899Z:   Create OCI config for linuxkit/mount:v0.6
[STDERR  ] 2018-11-15T14:34:10.552533590Z:   Create OCI config for alpine:3.8
[STDERR  ] 2018-11-15T14:34:12.112125005Z:   Create OCI config for linuxkit/poweroff:afe8f7dd0d47a7991c54519b0f09124cb8c4e300
[STDERR  ] 2018-11-15T14:34:13.615639362Z: Add files:
[STDERR  ] 2018-11-15T14:34:13.615748077Z:   check.sh
[STDERR  ] 2018-11-15T14:34:13.615787841Z: Create outputs:
[STDERR  ] 2018-11-15T14:34:23.205940331Z:   extend-ext4-kernel extend-ext4-initrd.img extend-ext4-cmdline
[STDERR  ] 2018-11-15T14:34:23.319660169Z: + linuxkit run -disk file=disk.img extend-ext4
[STDERR  ] 2018-11-15T14:34:23.363238338Z: Using existing disk [disk.img] format 
[STDERR  ] 2018-11-15T14:34:23.390366997Z: WARNING: Image format was not specified for 'disk.img' and probing guessed raw.
[STDERR  ] 2018-11-15T14:34:23.390487054Z:          Automatically detecting the format is dangerous for raw images, write operations on block 0 will be restricted.
[STDERR  ] 2018-11-15T14:34:23.390522709Z:          Specify the 'raw' format explicitly to remove the restrictions.
[STDERR  ] 2018-11-15T14:36:17.065616767Z: + RESULT=[    0.000000] Linux version 4.14.80-linuxkit (root@7de89d95f1cc) (gcc version 6.4.0 (Alpine 6.4.0)) #1 SMP Mon Nov 12 22:36:29 UTC 2018
[STDERR  ] 2018-11-15T14:36:17.065830536Z: [    0.000000] Command line: console=ttyS0 console=ttyAMA0
[STDERR  ] 2018-11-15T14:36:17.066144183Z: [    0.000000] x86/fpu: x87 FPU will use FXSAVE
[STDERR  ] 2018-11-15T14:36:17.066195296Z: [    0.000000] e820: BIOS-provided physical RAM map:
[STDERR  ] 2018-11-15T14:36:17.066236798Z: [    0.000000] BIOS-e820: [mem 0x0000000000000000-0x000000000009fbff] usable
[STDERR  ] 2018-11-15T14:36:17.066472388Z: [    0.000000] BIOS-e820: [mem 0x000000000009fc00-0x000000000009ffff] reserved
[STDERR  ] 2018-11-15T14:36:17.066510383Z: [    0.000000] BIOS-e820: [mem 0x00000000000f0000-0x00000000000fffff] reserved
[STDERR  ] 2018-11-15T14:36:17.066543857Z: [    0.000000] BIOS-e820: [mem 0x0000000000100000-0x000000003ffdefff] usable
[STDERR  ] 2018-11-15T14:36:17.066608566Z: [    0.000000] BIOS-e820: [mem 0x000000003ffdf000-0x000000003fffffff] reserved
[STDOUT  ] 2018-11-15T14:36:17.066549036Z: [    0.000000] Linux version 4.14.80-linuxkit (root@7de89d95f1cc) (gcc version 6.4.0 (Alpine 6.4.0)) #1 SMP Mon Nov 12 22:36:29 UTC 2018
[STDERR  ] 2018-11-15T14:36:17.066655745Z: [    0.000000] BIOS-e820: [mem 0x00000000b0000000-0x00000000bfffffff] reserved
[STDOUT  ] 2018-11-15T14:36:17.066660917Z: [    0.000000] Command line: console=ttyS0 console=ttyAMA0
[STDOUT  ] 2018-11-15T14:36:17.066696178Z: [    0.000000] x86/fpu: x87 FPU will use FXSAVE
[STDOUT  ] 2018-11-15T14:36:17.066730956Z: [    0.000000] e820: BIOS-provided physical RAM map:
[STDERR  ] 2018-11-15T14:36:17.066713555Z: [    0.000000] BIOS-e820: [mem 0x00000000fed1c000-0x00000000fed1ffff] reserved
[STDERR  ] 2018-11-15T14:36:17.066805608Z: [    0.000000] BIOS-e820: [mem 0x00000000fffc0000-0x00000000ffffffff] reserved
[STDERR  ] 2018-11-15T14:36:17.066839232Z: [    0.000000] NX (Execute Disable) protection: active
[STDOUT  ] 2018-11-15T14:36:17.066763523Z: [    0.000000] BIOS-e820: [mem 0x0000000000000000-0x000000000009fbff] usable
[STDERR  ] 2018-11-15T14:36:17.066880438Z: [    0.000000] SMBIOS 2.8 present.
[STDERR  ] 2018-11-15T14:36:17.066932511Z: [    0.000000] DMI: QEMU Standard PC (Q35 + ICH9, 2009), BIOS rel-1.10.2-0-g5f4c7b1-prebuilt.qemu-project.org 04/01/2014
[STDOUT  ] 2018-11-15T14:36:17.066899225Z: [    0.000000] BIOS-e820: [mem 0x000000000009fc00-0x000000000009ffff] reserved
[STDOUT  ] 2018-11-15T14:36:17.066994042Z: [    0.000000] BIOS-e820: [mem 0x00000000000f0000-0x00000000000fffff] reserved
[STDOUT  ] 2018-11-15T14:36:17.067019801Z: [    0.000000] BIOS-e820: [mem 0x0000000000100000-0x000000003ffdefff] usable
[STDOUT  ] 2018-11-15T14:36:17.067042288Z: [    0.000000] BIOS-e820: [mem 0x000000003ffdf000-0x000000003fffffff] reserved
[STDOUT  ] 2018-11-15T14:36:17.067083414Z: [    0.000000] BIOS-e820: [mem 0x00000000b0000000-0x00000000bfffffff] reserved
[STDERR  ] 2018-11-15T14:36:17.066969228Z: [    0.000000] tsc: Fast TSC calibration using PIT
[STDOUT  ] 2018-11-15T14:36:17.067111115Z: [    0.000000] BIOS-e820: [mem 0x00000000fed1c000-0x00000000fed1ffff] reserved
[STDERR  ] 2018-11-15T14:36:17.067167394Z: [    0.000000] e820: last_pfn = 0x3ffdf max_arch_pfn = 0x400000000
[STDOUT  ] 2018-11-15T14:36:17.067700894Z: [    0.000000] BIOS-e820: [mem 0x00000000fffc0000-0x00000000ffffffff] reserved
[STDOUT  ] 2018-11-15T14:36:17.067741234Z: [    0.000000] NX (Execute Disable) protection: active
[STDOUT  ] 2018-11-15T14:36:17.067760234Z: [    0.000000] SMBIOS 2.8 present.
[STDOUT  ] 2018-11-15T14:36:17.067775455Z: [    0.000000] DMI: QEMU Standard PC (Q35 + ICH9, 2009), BIOS rel-1.10.2-0-g5f4c7b1-prebuilt.qemu-project.org 04/01/2014
[STDOUT  ] 2018-11-15T14:36:17.067791365Z: [    0.000000] tsc: Fast TSC calibration using PIT
[STDOUT  ] 2018-11-15T14:36:17.067806830Z: [    0.000000] e820: last_pfn = 0x3ffdf max_arch_pfn = 0x400000000
[STDERR  ] 2018-11-15T14:36:17.067715807Z: [    0.000000] x86/PAT: Configuration [0-7]: WB  WC  UC- UC  WB  WP  UC- WT  
[STDOUT  ] 2018-11-15T14:36:17.067822197Z: [    0.000000] x86/PAT: Configuration [0-7]: WB  WC  UC- UC  WB  WP  UC- WT  
[STDOUT  ] 2018-11-15T14:36:17.067837701Z: [    0.000000] found SMP MP-table at [mem 0x000f6aa0-0x000f6aaf] mapped at [ffffffffff200aa0]
[STDOUT  ] 2018-11-15T14:36:17.067857710Z: [    0.000000] RAMDISK: [mem 0x3cb3b000-0x3ffcffff]
[STDOUT  ] 2018-11-15T14:36:17.067871921Z: [    0.000000] ACPI: Early table checksum verification disabled
[STDOUT  ] 2018-11-15T14:36:17.067892614Z: [    0.000000] ACPI: RSDP 0x00000000000F68C0 000014 (v00 BOCHS )
[STDOUT  ] 2018-11-15T14:36:17.067907374Z: [    0.000000] ACPI: RSDT 0x000000003FFE2404 000034 (v01 BOCHS  BXPCRSDT 00000001 BXPC 00000001)
[STDOUT  ] 2018-11-15T14:36:17.067921806Z: [    0.000000] ACPI: FACP 0x000000003FFE22A4 000074 (v01 BOCHS  BXPCFACP 00000001 BXPC 00000001)
[STDOUT  ] 2018-11-15T14:36:17.067936188Z: [    0.000000] ACPI: DSDT 0x000000003FFE0040 002264 (v01 BOCHS  BXPCDSDT 00000001 BXPC 00000001)
[STDOUT  ] 2018-11-15T14:36:17.067950789Z: [    0.000000] ACPI: FACS 0x000000003FFE0000 000040
[STDOUT  ] 2018-11-15T14:36:17.067965307Z: [    0.000000] ACPI: APIC 0x000000003FFE2318 000078 (v01 BOCHS  BXPCAPIC 00000001 BXPC 00000001)
[STDOUT  ] 2018-11-15T14:36:17.067980841Z: [    0.000000] ACPI: HPET 0x000000003FFE2390 000038 (v01 BOCHS  BXPCHPET 00000001 BXPC 00000001)
[STDOUT  ] 2018-11-15T14:36:17.067995890Z: [    0.000000] ACPI: MCFG 0x000000003FFE23C8 00003C (v01 BOCHS  BXPCMCFG 00000001 BXPC 00000001)
[STDOUT  ] 2018-11-15T14:36:17.068010164Z: [    0.000000] Zone ranges:
[STDOUT  ] 2018-11-15T14:36:17.068024003Z: [    0.000000]   DMA      [mem 0x0000000000001000-0x0000000000ffffff]
[STDOUT  ] 2018-11-15T14:36:17.068038066Z: [    0.000000]   DMA32    [mem 0x0000000001000000-0x000000003ffdefff]
[STDOUT  ] 2018-11-15T14:36:17.068052328Z: [    0.000000]   Normal   empty
[STDOUT  ] 2018-11-15T14:36:17.068073627Z: [    0.000000]   Device   empty
[STDOUT  ] 2018-11-15T14:36:17.068088542Z: [    0.000000] Movable zone start for each node
[STDOUT  ] 2018-11-15T14:36:17.068103079Z: [    0.000000] Early memory node ranges
[STDOUT  ] 2018-11-15T14:36:17.068117389Z: [    0.000000]   node   0: [mem 0x0000000000001000-0x000000000009efff]
[STDOUT  ] 2018-11-15T14:36:17.068131947Z: [    0.000000]   node   0: [mem 0x0000000000100000-0x000000003ffdefff]
[STDERR  ] 2018-11-15T14:36:17.067826877Z: [    0.000000] found SMP MP-table at [mem 0x000f6aa0-0x000f6aaf] mapped at [ffffffffff200aa0]
[STDOUT  ] 2018-11-15T14:36:17.068173083Z: [    0.000000] Initmem setup node 0 [mem 0x0000000000001000-0x000000003ffdefff]
[STDOUT  ] 2018-11-15T14:36:17.068188954Z: [    0.000000] ACPI: PM-Timer IO Port: 0x608
[STDOUT  ] 2018-11-15T14:36:17.068204139Z: [    0.000000] ACPI: LAPIC_NMI (acpi_id[0xff] dfl dfl lint[0x1])
[STDOUT  ] 2018-11-15T14:36:17.068218990Z: [    0.000000] IOAPIC[0]: apic_id 0, version 32, address 0xfec00000, GSI 0-23
[STDOUT  ] 2018-11-15T14:36:17.068246556Z: [    0.000000] ACPI: INT_SRC_OVR (bus 0 bus_irq 0 global_irq 2 dfl dfl)
[STDOUT  ] 2018-11-15T14:36:17.068260809Z: [    0.000000] ACPI: INT_SRC_OVR (bus 0 bus_irq 5 global_irq 5 high level)
[STDOUT  ] 2018-11-15T14:36:17.068280629Z: [    0.000000] ACPI: INT_SRC_OVR (bus 0 bus_irq 9 global_irq 9 high level)
[STDOUT  ] 2018-11-15T14:36:17.068294686Z: [    0.000000] ACPI: INT_SRC_OVR (bus 0 bus_irq 10 global_irq 10 high level)
[STDOUT  ] 2018-11-15T14:36:17.068309918Z: [    0.000000] ACPI: INT_SRC_OVR (bus 0 bus_irq 11 global_irq 11 high level)
[STDOUT  ] 2018-11-15T14:36:17.068323828Z: [    0.000000] Using ACPI (MADT) for SMP configuration information
[STDOUT  ] 2018-11-15T14:36:17.068338260Z: [    0.000000] ACPI: HPET id: 0x8086a201 base: 0xfed00000
[STDOUT  ] 2018-11-15T14:36:17.068352556Z: [    0.000000] smpboot: Allowing 1 CPUs, 0 hotplug CPUs
[STDOUT  ] 2018-11-15T14:36:17.068366813Z: [    0.000000] e820: [mem 0x40000000-0xafffffff] available for PCI devices
[STDOUT  ] 2018-11-15T14:36:17.068380913Z: [    0.000000] Booting paravirtualized kernel on bare hardware
[STDOUT  ] 2018-11-15T14:36:17.068395030Z: [    0.000000] clocksource: refined-jiffies: mask: 0xffffffff max_cycles: 0xffffffff, max_idle_ns: 1910969940391419 ns
[STDOUT  ] 2018-11-15T14:36:17.068409534Z: [    0.000000] random: get_random_bytes called from start_kernel+0x92/0x4c8 with crng_init=0
[STDOUT  ] 2018-11-15T14:36:17.068423640Z: [    0.000000] setup_percpu: NR_CPUS:128 nr_cpumask_bits:128 nr_cpu_ids:1 nr_node_ids:1
[STDOUT  ] 2018-11-15T14:36:17.068437650Z: [    0.000000] percpu: Embedded 45 pages/cpu @ffff99fcbc800000 s144280 r8192 d31848 u2097152
[STDOUT  ] 2018-11-15T14:36:17.068451628Z: [    0.000000] Built 1 zonelists, mobility grouping on.  Total pages: 257896
[STDOUT  ] 2018-11-15T14:36:17.068466457Z: [    0.000000] Kernel command line: console=ttyS0 console=ttyAMA0
[STDOUT  ] 2018-11-15T14:36:17.068480517Z: [    0.000000] PID hash table entries: 4096 (order: 3, 32768 bytes)
[STDOUT  ] 2018-11-15T14:36:17.068494350Z: [    0.000000] Dentry cache hash table entries: 131072 (order: 8, 1048576 bytes)
[STDOUT  ] 2018-11-15T14:36:17.068509040Z: [    0.000000] Inode-cache hash table entries: 65536 (order: 7, 524288 bytes)
[STDOUT  ] 2018-11-15T14:36:17.068526863Z: [    0.000000] Memory: 951048K/1048052K available (12300K kernel code, 1446K rwdata, 2964K rodata, 1512K init, 580K bss, 97004K reserved, 0K cma-reserved)
[STDOUT  ] 2018-11-15T14:36:17.068547146Z: [    0.000000] ftrace: allocating 40647 entries in 159 pages
[STDOUT  ] 2018-11-15T14:36:17.068562003Z: [    0.000000] Hierarchical RCU implementation.
[STDOUT  ] 2018-11-15T14:36:17.068580080Z: [    0.000000] 	RCU restricting CPUs from NR_CPUS=128 to nr_cpu_ids=1.
[STDOUT  ] 2018-11-15T14:36:17.068610980Z: [    0.000000] RCU: Adjusting geometry for rcu_fanout_leaf=16, nr_cpu_ids=1
[STDOUT  ] 2018-11-15T14:36:17.068632491Z: [    0.000000] NR_IRQS: 8448, nr_irqs: 256, preallocated irqs: 16
[STDERR  ] 2018-11-15T14:36:17.068172812Z: [    0.000000] RAMDISK: [mem 0x3cb3b000-0x3ffcffff]
[STDERR  ] 2018-11-15T14:36:17.068694119Z: [    0.000000] ACPI: Early table checksum verification disabled
[STDERR  ] 2018-11-15T14:36:17.068871684Z: [    0.000000] ACPI: RSDP 0x00000000000F68C0 000014 (v00 BOCHS )
[STDERR  ] 2018-11-15T14:36:17.068895194Z: [    0.000000] ACPI: RSDT 0x000000003FFE2404 000034 (v01 BOCHS  BXPCRSDT 00000001 BXPC 00000001)
[STDERR  ] 2018-11-15T14:36:17.068916296Z: [    0.000000] ACPI: FACP 0x000000003FFE22A4 000074 (v01 BOCHS  BXPCFACP 00000001 BXPC 00000001)
[STDERR  ] 2018-11-15T14:36:17.068936230Z: [    0.000000] ACPI: DSDT 0x000000003FFE0040 002264 (v01 BOCHS  BXPCDSDT 00000001 BXPC 00000001)
[STDOUT  ] 2018-11-15T14:36:17.068648318Z: [    0.000000] Console: colour VGA+ 80x25
[STDOUT  ] 2018-11-15T14:36:17.069021003Z: [    0.000000] console [ttyS0] enabled
[STDOUT  ] 2018-11-15T14:36:17.069039603Z: [    0.000000] clocksource: hpet: mask: 0xffffffff max_cycles: 0xffffffff, max_idle_ns: 19112604467 ns
[STDOUT  ] 2018-11-15T14:36:17.069072314Z: [    0.004000] tsc: Fast TSC calibration using PIT
[STDERR  ] 2018-11-15T14:36:17.068956190Z: [    0.000000] ACPI: FACS 0x000000003FFE0000 000040
[STDERR  ] 2018-11-15T14:36:17.069113217Z: [    0.000000] ACPI: APIC 0x000000003FFE2318 000078 (v01 BOCHS  BXPCAPIC 00000001 BXPC 00000001)
[STDOUT  ] 2018-11-15T14:36:17.069086914Z: [    0.005000] tsc: Detected 2599.775 MHz processor
[STDOUT  ] 2018-11-15T14:36:17.069193164Z: [    0.008699] Calibrating delay loop (skipped), value calculated using timer frequency.. 5199.55 BogoMIPS (lpj=2599775)
[STDOUT  ] 2018-11-15T14:36:17.069226486Z: [    0.010139] pid_max: default: 32768 minimum: 301
[STDOUT  ] 2018-11-15T14:36:17.069243413Z: [    0.012201] ACPI: Core revision 20170728
[STDOUT  ] 2018-11-15T14:36:17.069260194Z: [    0.056218] ACPI: 1 ACPI AML tables successfully acquired and loaded
[STDERR  ] 2018-11-15T14:36:17.069150433Z: [    0.000000] ACPI: HPET 0x000000003FFE2390 000038 (v01 BOCHS  BXPCHPET 00000001 BXPC 00000001)
[STDERR  ] 2018-11-15T14:36:17.069291699Z: [    0.000000] ACPI: MCFG 0x000000003FFE23C8 00003C (v01 BOCHS  BXPCMCFG 00000001 BXPC 00000001)
[STDERR  ] 2018-11-15T14:36:17.069334457Z: [    0.000000] Zone ranges:
[STDOUT  ] 2018-11-15T14:36:17.069274876Z: [    0.061705] Security Framework initialized
[STDOUT  ] 2018-11-15T14:36:17.069392656Z: [    0.062179] Yama: becoming mindful.
[STDOUT  ] 2018-11-15T14:36:17.069408019Z: [    0.065373] Mount-cache hash table entries: 2048 (order: 2, 16384 bytes)
[STDOUT  ] 2018-11-15T14:36:17.069422715Z: [    0.066103] Mountpoint-cache hash table entries: 2048 (order: 2, 16384 bytes)
[STDOUT  ] 2018-11-15T14:36:17.069437000Z: [    0.088884] Last level iTLB entries: 4KB 0, 2MB 0, 4MB 0
[STDOUT  ] 2018-11-15T14:36:17.069453417Z: [    0.089062] Last level dTLB entries: 4KB 0, 2MB 0, 4MB 0, 1GB 0
[STDOUT  ] 2018-11-15T14:36:17.069468199Z: [    0.090181] Spectre V2 : Spectre mitigation: LFENCE not serializing, switching to generic retpoline
[STDOUT  ] 2018-11-15T14:36:17.069485807Z: [    0.091062] Spectre V2 : Mitigation: Full generic retpoline
[STDERR  ] 2018-11-15T14:36:17.069356271Z: [    0.000000]   DMA      [mem 0x0000000000001000-0x0000000000ffffff]
[STDERR  ] 2018-11-15T14:36:17.069546170Z: [    0.000000]   DMA32    [mem 0x0000000001000000-0x000000003ffdefff]
[STDERR  ] 2018-11-15T14:36:17.069591271Z: [    0.000000]   Normal   empty
[STDERR  ] 2018-11-15T14:36:17.069622967Z: [    0.000000]   Device   empty
[STDERR  ] 2018-11-15T14:36:17.069645966Z: [    0.000000] Movable zone start for each node
[STDERR  ] 2018-11-15T14:36:17.069681394Z: [    0.000000] Early memory node ranges
[STDERR  ] 2018-11-15T14:36:17.069702641Z: [    0.000000]   node   0: [mem 0x0000000000001000-0x000000000009efff]
[STDERR  ] 2018-11-15T14:36:17.069722902Z: [    0.000000]   node   0: [mem 0x0000000000100000-0x000000003ffdefff]
[STDERR  ] 2018-11-15T14:36:17.069744641Z: [    0.000000] Initmem setup node 0 [mem 0x0000000000001000-0x000000003ffdefff]
[STDERR  ] 2018-11-15T14:36:17.069763654Z: [    0.000000] ACPI: PM-Timer IO Port: 0x608
[STDERR  ] 2018-11-15T14:36:17.069783611Z: [    0.000000] ACPI: LAPIC_NMI (acpi_id[0xff] dfl dfl lint[0x1])
[STDERR  ] 2018-11-15T14:36:17.069803107Z: [    0.000000] IOAPIC[0]: apic_id 0, version 32, address 0xfec00000, GSI 0-23
[STDERR  ] 2018-11-15T14:36:17.069823311Z: [    0.000000] ACPI: INT_SRC_OVR (bus 0 bus_irq 0 global_irq 2 dfl dfl)
[STDERR  ] 2018-11-15T14:36:17.069842677Z: [    0.000000] ACPI: INT_SRC_OVR (bus 0 bus_irq 5 global_irq 5 high level)
[STDERR  ] 2018-11-15T14:36:17.069862317Z: [    0.000000] ACPI: INT_SRC_OVR (bus 0 bus_irq 9 global_irq 9 high level)
[STDERR  ] 2018-11-15T14:36:17.069886430Z: [    0.000000] ACPI: INT_SRC_OVR (bus 0 bus_irq 10 global_irq 10 high level)
[STDOUT  ] 2018-11-15T14:36:17.069500936Z: [    0.092061] Spectre V2 : Spectre v2 / SpectreRSB mitigation: Filling RSB on context switch
[STDOUT  ] 2018-11-15T14:36:17.069932875Z: [    0.093134] Speculative Store Bypass: Vulnerable
[STDOUT  ] 2018-11-15T14:36:17.069969143Z: [    0.256401] random: fast init done
[STDOUT  ] 2018-11-15T14:36:17.069984343Z: [    0.469149] Freeing SMP alternatives memory: 20K
[STDOUT  ] 2018-11-15T14:36:17.069999209Z: [    0.494265] smpboot: Max logical packages: 1
[STDOUT  ] 2018-11-15T14:36:17.070025694Z: [    0.502000] ..TIMER: vector=0x30 apic1=0 pin1=2 apic2=-1 pin2=-1
[STDOUT  ] 2018-11-15T14:36:17.070040580Z: [    0.513000] smpboot: CPU0: AMD QEMU Virtual CPU version 2.5+ (family: 0x6, model: 0x6, stepping: 0x3)
[STDOUT  ] 2018-11-15T14:36:17.070057058Z: [    0.523167] Performance Events: PMU not available due to virtualization, using software events only.
[STDOUT  ] 2018-11-15T14:36:17.070072045Z: [    0.527407] Hierarchical SRCU implementation.
[STDOUT  ] 2018-11-15T14:36:17.070087848Z: [    0.534768] NMI watchdog: Perf event create on CPU 0 failed with -2
[STDOUT  ] 2018-11-15T14:36:17.070137057Z: [    0.535069] NMI watchdog: Perf NMI watchdog permanently disabled
[STDOUT  ] 2018-11-15T14:36:17.070152159Z: [    0.540649] smp: Bringing up secondary CPUs ...
[STDOUT  ] 2018-11-15T14:36:17.070166150Z: [    0.541116] smp: Brought up 1 node, 1 CPU
[STDOUT  ] 2018-11-15T14:36:17.070180859Z: [    0.542036] smpboot: Total of 1 processors activated (5199.55 BogoMIPS)
[STDOUT  ] 2018-11-15T14:36:17.070195410Z: [    0.560841] devtmpfs: initialized
[STDOUT  ] 2018-11-15T14:36:17.070210097Z: [    0.566280] x86/mm: Memory block size: 128MB
[STDOUT  ] 2018-11-15T14:36:17.070224813Z: [    0.574539] evm: security.ima
[STDOUT  ] 2018-11-15T14:36:17.070239651Z: [    0.575058] evm: security.capability
[STDERR  ] 2018-11-15T14:36:17.069905456Z: [    0.000000] ACPI: INT_SRC_OVR (bus 0 bus_irq 11 global_irq 11 high level)
[STDERR  ] 2018-11-15T14:36:17.070438179Z: [    0.000000] Using ACPI (MADT) for SMP configuration information
[STDERR  ] 2018-11-15T14:36:17.070499122Z: [    0.000000] ACPI: HPET id: 0x8086a201 base: 0xfed00000
[STDOUT  ] 2018-11-15T14:36:17.070281599Z: [    0.579765] clocksource: jiffies: mask: 0xffffffff max_cycles: 0xffffffff, max_idle_ns: 1911260446275000 ns
[STDOUT  ] 2018-11-15T14:36:17.070549432Z: [    0.581158] futex hash table entries: 256 (order: 2, 16384 bytes)
[STDOUT  ] 2018-11-15T14:36:17.070640317Z: [    0.594533] NET: Registered protocol family 16
[STDOUT  ] 2018-11-15T14:36:17.070658141Z: [    0.603162] cpuidle: using governor ladder
[STDOUT  ] 2018-11-15T14:36:17.070672708Z: [    0.604058] cpuidle: using governor menu
[STDERR  ] 2018-11-15T14:36:17.070521607Z: [    0.000000] smpboot: Allowing 1 CPUs, 0 hotplug CPUs
[STDERR  ] 2018-11-15T14:36:17.070726554Z: [    0.000000] e820: [mem 0x40000000-0xafffffff] available for PCI devices
[STDERR  ] 2018-11-15T14:36:17.070768406Z: [    0.000000] Booting paravirtualized kernel on bare hardware
[STDERR  ] 2018-11-15T14:36:17.070789856Z: [    0.000000] clocksource: refined-jiffies: mask: 0xffffffff max_cycles: 0xffffffff, max_idle_ns: 1910969940391419 ns
[STDERR  ] 2018-11-15T14:36:17.070810590Z: [    0.000000] random: get_random_bytes called from start_kernel+0x92/0x4c8 with crng_init=0
[STDERR  ] 2018-11-15T14:36:17.070833090Z: [    0.000000] setup_percpu: NR_CPUS:128 nr_cpumask_bits:128 nr_cpu_ids:1 nr_node_ids:1
[STDOUT  ] 2018-11-15T14:36:17.070687622Z: [    0.606791] ACPI: bus type PCI registered
[STDOUT  ] 2018-11-15T14:36:17.070870019Z: [    0.610386] PCI: MMCONFIG for domain 0000 [bus 00-ff] at [mem 0xb0000000-0xbfffffff] (base 0xb0000000)
[STDERR  ] 2018-11-15T14:36:17.070874491Z: [    0.000000] percpu: Embedded 45 pages/cpu @ffff99fcbc800000 s144280 r8192 d31848 u2097152
[STDERR  ] 2018-11-15T14:36:17.071120856Z: [    0.000000] Built 1 zonelists, mobility grouping on.  Total pages: 257896
[STDOUT  ] 2018-11-15T14:36:17.071158382Z: [    0.611300] PCI: MMCONFIG at [mem 0xb0000000-0xbfffffff] reserved in E820
[STDOUT  ] 2018-11-15T14:36:17.071184801Z: [    0.613647] PCI: Using configuration type 1 for base access
[STDOUT  ] 2018-11-15T14:36:17.071201428Z: [    0.687388] HugeTLB registered 2.00 MiB page size, pre-allocated 0 pages
[STDOUT  ] 2018-11-15T14:36:17.071217345Z: [    0.700874] ACPI: Added _OSI(Module Device)
[STDOUT  ] 2018-11-15T14:36:17.071232573Z: [    0.701098] ACPI: Added _OSI(Processor Device)
[STDOUT  ] 2018-11-15T14:36:17.071258453Z: [    0.702047] ACPI: Added _OSI(3.0 _SCP Extensions)
[STDOUT  ] 2018-11-15T14:36:17.071286199Z: [    0.702504] ACPI: Added _OSI(Processor Aggregator Device)
[STDOUT  ] 2018-11-15T14:36:17.071301559Z: [    0.800483] ACPI: Interpreter enabled
[STDOUT  ] 2018-11-15T14:36:17.071316236Z: [    0.801587] ACPI: (supports S0 S5)
[STDOUT  ] 2018-11-15T14:36:17.071331873Z: [    0.802147] ACPI: Using IOAPIC for interrupt routing
[STDOUT  ] 2018-11-15T14:36:17.071346695Z: [    0.804670] PCI: Using host bridge windows from ACPI; if necessary, use "pci=nocrs" and report a bug
[STDERR  ] 2018-11-15T14:36:17.071142962Z: [    0.000000] Kernel command line: console=ttyS0 console=ttyAMA0
[STDERR  ] 2018-11-15T14:36:17.071429028Z: [    0.000000] PID hash table entries: 4096 (order: 3, 32768 bytes)
[STDERR  ] 2018-11-15T14:36:17.071452976Z: [    0.000000] Dentry cache hash table entries: 131072 (order: 8, 1048576 bytes)
[STDERR  ] 2018-11-15T14:36:17.071475171Z: [    0.000000] Inode-cache hash table entries: 65536 (order: 7, 524288 bytes)
[STDERR  ] 2018-11-15T14:36:17.071510221Z: [    0.000000] Memory: 951048K/1048052K available (12300K kernel code, 1446K rwdata, 2964K rodata, 1512K init, 580K bss, 97004K reserved, 0K cma-reserved)
[STDERR  ] 2018-11-15T14:36:17.071537302Z: [    0.000000] ftrace: allocating 40647 entries in 159 pages
[STDOUT  ] 2018-11-15T14:36:17.071361682Z: [    0.809710] ACPI: Enabled 2 GPEs in block 00 to 3F
[STDOUT  ] 2018-11-15T14:36:17.071569136Z: [    0.896794] ACPI: PCI Root Bridge [PCI0] (domain 0000 [bus 00-ff])
[STDOUT  ] 2018-11-15T14:36:17.071604840Z: [    0.898268] acpi PNP0A08:00: _OSC: OS supports [ExtendedConfig ASPM ClockPM Segments MSI]
[STDOUT  ] 2018-11-15T14:36:17.071626074Z: [    0.904208] acpi PNP0A08:00: _OSC: OS now controls [PCIeHotplug PME PCIeCapability]
[STDOUT  ] 2018-11-15T14:36:17.071645245Z: [    0.908660] PCI host bridge to bus 0000:00
[STDOUT  ] 2018-11-15T14:36:17.071664939Z: [    0.909282] pci_bus 0000:00: root bus resource [io  0x0000-0x0cf7 window]
[STDOUT  ] 2018-11-15T14:36:17.071686442Z: [    0.910125] pci_bus 0000:00: root bus resource [io  0x0d00-0xffff window]
[STDOUT  ] 2018-11-15T14:36:17.071705152Z: [    0.910712] pci_bus 0000:00: root bus resource [mem 0x000a0000-0x000bffff window]
[STDOUT  ] 2018-11-15T14:36:17.071723711Z: [    0.911071] pci_bus 0000:00: root bus resource [mem 0xc0000000-0xfebfffff window]
[STDERR  ] 2018-11-15T14:36:17.071560191Z: [    0.000000] Hierarchical RCU implementation.
[STDERR  ] 2018-11-15T14:36:17.071760865Z: [    0.000000] 	RCU restricting CPUs from NR_CPUS=128 to nr_cpu_ids=1.
[STDERR  ] 2018-11-15T14:36:17.071789527Z: [    0.000000] RCU: Adjusting geometry for rcu_fanout_leaf=16, nr_cpu_ids=1
[STDOUT  ] 2018-11-15T14:36:17.071742361Z: [    0.912190] pci_bus 0000:00: root bus resource [bus 00-ff]
[STDERR  ] 2018-11-15T14:36:17.071810342Z: [    0.000000] NR_IRQS: 8448, nr_irqs: 256, preallocated irqs: 16
[STDERR  ] 2018-11-15T14:36:17.071834978Z: [    0.000000] Console: colour VGA+ 80x25
[STDERR  ] 2018-11-15T14:36:17.071879090Z: [    0.000000] console [ttyS0] enabled
[STDERR  ] 2018-11-15T14:36:17.071899140Z: [    0.000000] clocksource: hpet: mask: 0xffffffff max_cycles: 0xffffffff, max_idle_ns: 19112604467 ns
[STDERR  ] 2018-11-15T14:36:17.071920696Z: [    0.004000] tsc: Fast TSC calibration using PIT
[STDOUT  ] 2018-11-15T14:36:17.071827216Z: [    0.983162] pci 0000:00:1f.0: quirk: [io  0x0600-0x067f] claimed by ICH6 ACPI/GPIO/TCO
[STDOUT  ] 2018-11-15T14:36:17.071944860Z: [    1.037237] ACPI: PCI Interrupt Link [LNKA] (IRQs 5 *10 11)
[STDERR  ] 2018-11-15T14:36:17.071943971Z: [    0.005000] tsc: Detected 2599.775 MHz processor
[STDERR  ] 2018-11-15T14:36:17.071973157Z: [    0.008699] Calibrating delay loop (skipped), value calculated using timer frequency.. 5199.55 BogoMIPS (lpj=2599775)
[STDOUT  ] 2018-11-15T14:36:17.071962757Z: [    1.039775] ACPI: PCI Interrupt Link [LNKB] (IRQs 5 *10 11)
[STDERR  ] 2018-11-15T14:36:17.071998254Z: [    0.010139] pid_max: default: 32768 minimum: 301
[STDOUT  ] 2018-11-15T14:36:17.072069749Z: [    1.042831] ACPI: PCI Interrupt Link [LNKC] (IRQs 5 10 *11)
[STDOUT  ] 2018-11-15T14:36:17.072092375Z: [    1.045661] ACPI: PCI Interrupt Link [LNKD] (IRQs 5 10 *11)
[STDOUT  ] 2018-11-15T14:36:17.072107569Z: [    1.047926] ACPI: PCI Interrupt Link [LNKE] (IRQs 5 *10 11)
[STDOUT  ] 2018-11-15T14:36:17.072123040Z: [    1.050163] ACPI: PCI Interrupt Link [LNKF] (IRQs 5 *10 11)
[STDOUT  ] 2018-11-15T14:36:17.072137589Z: [    1.052442] ACPI: PCI Interrupt Link [LNKG] (IRQs 5 10 *11)
[STDOUT  ] 2018-11-15T14:36:17.072152319Z: [    1.054691] ACPI: PCI Interrupt Link [LNKH] (IRQs 5 10 *11)
[STDOUT  ] 2018-11-15T14:36:17.072167421Z: [    1.055520] ACPI: PCI Interrupt Link [GSIA] (IRQs *16)
[STDOUT  ] 2018-11-15T14:36:17.072190393Z: [    1.056364] ACPI: PCI Interrupt Link [GSIB] (IRQs *17)
[STDOUT  ] 2018-11-15T14:36:17.072206273Z: [    1.057349] ACPI: PCI Interrupt Link [GSIC] (IRQs *18)
[STDOUT  ] 2018-11-15T14:36:17.072233155Z: [    1.058413] ACPI: PCI Interrupt Link [GSID] (IRQs *19)
[STDOUT  ] 2018-11-15T14:36:17.072247701Z: [    1.059362] ACPI: PCI Interrupt Link [GSIE] (IRQs *20)
[STDERR  ] 2018-11-15T14:36:17.072033035Z: [    0.012201] ACPI: Core revision 20170728
[STDERR  ] 2018-11-15T14:36:17.072321134Z: [    0.056218] ACPI: 1 ACPI AML tables successfully acquired and loaded
[STDERR  ] 2018-11-15T14:36:17.072352062Z: [    0.061705] Security Framework initialized
[STDERR  ] 2018-11-15T14:36:17.072375431Z: [    0.062179] Yama: becoming mindful.
[STDERR  ] 2018-11-15T14:36:17.072395543Z: [    0.065373] Mount-cache hash table entries: 2048 (order: 2, 16384 bytes)
[STDERR  ] 2018-11-15T14:36:17.072416611Z: [    0.066103] Mountpoint-cache hash table entries: 2048 (order: 2, 16384 bytes)
[STDOUT  ] 2018-11-15T14:36:17.072261691Z: [    1.060314] ACPI: PCI Interrupt Link [GSIF] (IRQs *21)
[STDOUT  ] 2018-11-15T14:36:17.072440467Z: [    1.061249] ACPI: PCI Interrupt Link [GSIG] (IRQs *22)
[STDOUT  ] 2018-11-15T14:36:17.072458985Z: [    1.062058] ACPI: PCI Interrupt Link [GSIH] (IRQs *23)
[STDOUT  ] 2018-11-15T14:36:17.072474060Z: [    1.072070] SCSI subsystem initialized
[STDOUT  ] 2018-11-15T14:36:17.072493825Z: [    1.076515] ACPI: bus type USB registered
[STDOUT  ] 2018-11-15T14:36:17.072508560Z: [    1.078085] usbcore: registered new interface driver usbfs
[STDOUT  ] 2018-11-15T14:36:17.072522924Z: [    1.079233] usbcore: registered new interface driver hub
[STDOUT  ] 2018-11-15T14:36:17.072553160Z: [    1.080224] usbcore: registered new device driver usb
[STDOUT  ] 2018-11-15T14:36:17.072571973Z: [    1.081674] pps_core: LinuxPPS API ver. 1 registered
[STDOUT  ] 2018-11-15T14:36:17.072591007Z: [    1.082054] pps_core: Software ver. 5.3.6 - Copyright 2005-2007 Rodolfo Giometti <giometti@linux.it>
[STDOUT  ] 2018-11-15T14:36:17.072624569Z: [    1.083209] PTP clock support registered
[STDOUT  ] 2018-11-15T14:36:17.072644075Z: [    1.086397] PCI: Using ACPI for IRQ routing
[STDOUT  ] 2018-11-15T14:36:17.072663039Z: [    1.111198] NetLabel: Initializing
[STDOUT  ] 2018-11-15T14:36:17.072680400Z: [    1.111597] NetLabel:  domain hash size = 128
[STDOUT  ] 2018-11-15T14:36:17.072694773Z: [    1.112060] NetLabel:  protocols = UNLABELED CIPSOv4 CALIPSO
[STDOUT  ] 2018-11-15T14:36:17.072740765Z: [    1.115375] NetLabel:  unlabeled traffic allowed by default
[STDOUT  ] 2018-11-15T14:36:17.072755785Z: [    1.117444] HPET: 3 timers in total, 0 timers will be used for per-cpu timer
[STDOUT  ] 2018-11-15T14:36:17.072770412Z: [    1.118348] hpet0: at MMIO 0xfed00000, IRQs 2, 8, 0
[STDOUT  ] 2018-11-15T14:36:17.072784986Z: [    1.119067] hpet0: 3 comparators, 64-bit 100.000000 MHz counter
[STDOUT  ] 2018-11-15T14:36:17.072852802Z: [    1.125671] clocksource: Switched to clocksource hpet
[STDOUT  ] 2018-11-15T14:36:17.072867668Z: [    1.511838] VFS: Disk quotas dquot_6.6.0
[STDOUT  ] 2018-11-15T14:36:17.072882072Z: [    1.512921] VFS: Dquot-cache hash table entries: 512 (order 0, 4096 bytes)
[STDOUT  ] 2018-11-15T14:36:17.072896587Z: [    1.516782] FS-Cache: Loaded
[STDOUT  ] 2018-11-15T14:36:17.072919353Z: [    1.524437] CacheFiles: Loaded
[STDOUT  ] 2018-11-15T14:36:17.072933553Z: [    1.525924] pnp: PnP ACPI init
[STDOUT  ] 2018-11-15T14:36:17.072953443Z: [    1.541551] pnp: PnP ACPI: found 5 devices
[STDOUT  ] 2018-11-15T14:36:17.072971819Z: [    1.598760] clocksource: acpi_pm: mask: 0xffffff max_cycles: 0xffffff, max_idle_ns: 2085701024 ns
[STDOUT  ] 2018-11-15T14:36:17.072986620Z: [    1.602746] NET: Registered protocol family 2
[STDOUT  ] 2018-11-15T14:36:17.073000812Z: [    1.612913] TCP established hash table entries: 8192 (order: 4, 65536 bytes)
[STDOUT  ] 2018-11-15T14:36:17.073018580Z: [    1.614028] TCP bind hash table entries: 8192 (order: 5, 131072 bytes)
[STDOUT  ] 2018-11-15T14:36:17.073032868Z: [    1.616586] TCP: Hash tables configured (established 8192 bind 8192)
[STDOUT  ] 2018-11-15T14:36:17.073046836Z: [    1.619618] UDP hash table entries: 512 (order: 2, 16384 bytes)
[STDOUT  ] 2018-11-15T14:36:17.073070613Z: [    1.620874] UDP-Lite hash table entries: 512 (order: 2, 16384 bytes)
[STDOUT  ] 2018-11-15T14:36:17.073084460Z: [    1.624836] NET: Registered protocol family 1
[STDOUT  ] 2018-11-15T14:36:17.073098318Z: [    1.626477] pci 0000:00:01.0: Video device with shadowed ROM at [mem 0x000c0000-0x000dffff]
[STDOUT  ] 2018-11-15T14:36:17.073112359Z: [    1.635690] Trying to unpack rootfs image as initramfs...
[STDOUT  ] 2018-11-15T14:36:17.073126387Z: [   15.295659] Freeing initrd memory: 53844K
[STDOUT  ] 2018-11-15T14:36:17.073140518Z: [   15.332031] PCLMULQDQ-NI instructions are not detected.
[STDOUT  ] 2018-11-15T14:36:17.073154567Z: [   15.333962] AVX or AES-NI instructions are not detected.
[STDOUT  ] 2018-11-15T14:36:17.073170280Z: [   15.334756] CPU feature 'AVX registers' is not supported.
[STDOUT  ] 2018-11-15T14:36:17.073184712Z: [   15.335414] CPU feature 'AVX registers' is not supported.
[STDOUT  ] 2018-11-15T14:36:17.073203864Z: [   15.335854] CPU feature 'AVX registers' is not supported.
[STDOUT  ] 2018-11-15T14:36:17.073218032Z: [   15.336492] CPU feature 'AVX registers' is not supported.
[STDOUT  ] 2018-11-15T14:36:17.073231957Z: [   15.336926] AVX2 or AES-NI instructions are not detected.
[STDOUT  ] 2018-11-15T14:36:17.073246142Z: [   15.337572] AVX2 instructions are not detected.
[STDOUT  ] 2018-11-15T14:36:17.073259923Z: [   15.345809] audit: initializing netlink subsys (disabled)
[STDOUT  ] 2018-11-15T14:36:17.073273879Z: [   15.351607] audit: type=2000 audit(1542292483.348:1): state=initialized audit_enabled=0 res=1
[STDOUT  ] 2018-11-15T14:36:17.073287879Z: [   15.359151] workingset: timestamp_bits=46 max_order=18 bucket_order=0
[STDOUT  ] 2018-11-15T14:36:17.073301903Z: [   15.368727] squashfs: version 4.0 (2009/01/31) Phillip Lougher
[STDOUT  ] 2018-11-15T14:36:17.073316061Z: [   15.372031] FS-Cache: Netfs 'cifs' registered for caching
[STDOUT  ] 2018-11-15T14:36:17.073333733Z: [   15.374428] fuse init (API version 7.26)
[STDOUT  ] 2018-11-15T14:36:17.073347577Z: [   15.377723] SGI XFS with ACLs, security attributes, no debug enabled
[STDOUT  ] 2018-11-15T14:36:17.073361596Z: [   15.383661] 9p: Installing v9fs 9p2000 file system support
[STDOUT  ] 2018-11-15T14:36:17.073375331Z: [   15.384450] FS-Cache: Netfs '9p' registered for caching
[STDOUT  ] 2018-11-15T14:36:17.073389252Z: [   15.446928] NET: Registered protocol family 38
[STDOUT  ] 2018-11-15T14:36:17.073403030Z: [   15.447853] Key type asymmetric registered
[STDOUT  ] 2018-11-15T14:36:17.073417079Z: [   15.448441] Asymmetric key parser 'x509' registered
[STDOUT  ] 2018-11-15T14:36:17.073430965Z: [   15.449730] Block layer SCSI generic (bsg) driver version 0.4 loaded (major 247)
[STDOUT  ] 2018-11-15T14:36:17.073445111Z: [   15.452430] io scheduler noop registered
[STDOUT  ] 2018-11-15T14:36:17.073467092Z: [   15.452876] io scheduler deadline registered (default)
[STDOUT  ] 2018-11-15T14:36:17.073481399Z: [   15.454085] io scheduler cfq registered
[STDOUT  ] 2018-11-15T14:36:17.073495650Z: [   15.454658] io scheduler mq-deadline registered
[STDOUT  ] 2018-11-15T14:36:17.073510076Z: [   15.454978] io scheduler kyber registered
[STDOUT  ] 2018-11-15T14:36:17.073530022Z: [   15.459728] shpchp: Standard Hot Plug PCI Controller Driver version: 0.4
[STDOUT  ] 2018-11-15T14:36:17.073548967Z: [   15.460943] hv_vmbus: registering driver hyperv_fb
[STDOUT  ] 2018-11-15T14:36:17.073566536Z: [   15.466265] input: Power Button as /devices/LNXSYSTM:00/LNXPWRBN:00/input/input0
[STDOUT  ] 2018-11-15T14:36:17.073580383Z: [   15.470387] ACPI: Power Button [PWRF]
[STDOUT  ] 2018-11-15T14:36:17.073595106Z: [   15.497905] ACPI: PCI Interrupt Link [GSIG] enabled at IRQ 22
[STDOUT  ] 2018-11-15T14:36:17.073626440Z: [   15.516792] ACPI: PCI Interrupt Link [GSIH] enabled at IRQ 23
[STDOUT  ] 2018-11-15T14:36:17.073641325Z: [   15.528767] Serial: 8250/16550 driver, 4 ports, IRQ sharing disabled
[STDOUT  ] 2018-11-15T14:36:17.073655345Z: [   15.557301] 00:04: ttyS0 at I/O 0x3f8 (irq = 4, base_baud = 115200) is a 16550A
[STDOUT  ] 2018-11-15T14:36:17.073669316Z: [   15.570078] Non-volatile memory driver v1.3
[STDOUT  ] 2018-11-15T14:36:17.073683102Z: [   15.578807] Hangcheck: starting hangcheck timer 0.9.1 (tick is 180 seconds, margin is 60 seconds).
[STDOUT  ] 2018-11-15T14:36:17.073698007Z: [   15.585870] random: crng init done
[STDOUT  ] 2018-11-15T14:36:17.073712148Z: [   15.679725] brd: module loaded
[STDOUT  ] 2018-11-15T14:36:17.073731661Z: [   15.726438] loop: module loaded
[STDOUT  ] 2018-11-15T14:36:17.073745800Z: [   15.814468] lpc_ich 0000:00:1f.0: I/O space for GPIO uninitialized
[STDOUT  ] 2018-11-15T14:36:17.073760132Z: [   15.817785] VMware PVSCSI driver - version 1.0.7.0-k
[STDOUT  ] 2018-11-15T14:36:17.073774033Z: [   15.818833] hv_vmbus: registering driver hv_storvsc
[STDOUT  ] 2018-11-15T14:36:17.073788108Z: [   15.833603] ACPI: PCI Interrupt Link [GSIA] enabled at IRQ 16
[STDOUT  ] 2018-11-15T14:36:17.073822001Z: [   15.842602] ahci 0000:00:1f.2: AHCI 0001.0000 32 slots 6 ports 1.5 Gbps 0x3f impl SATA mode
[STDOUT  ] 2018-11-15T14:36:17.073836883Z: [   15.843719] ahci 0000:00:1f.2: flags: 64bit ncq only 
[STDOUT  ] 2018-11-15T14:36:17.073851277Z: [   15.866085] scsi host0: ahci
[STDOUT  ] 2018-11-15T14:36:17.073865603Z: [   15.870784] scsi host1: ahci
[STDOUT  ] 2018-11-15T14:36:17.073882574Z: [   15.873635] scsi host2: ahci
[STDOUT  ] 2018-11-15T14:36:17.073896858Z: [   15.876426] scsi host3: ahci
[STDOUT  ] 2018-11-15T14:36:17.073911186Z: [   15.879259] scsi host4: ahci
[STDOUT  ] 2018-11-15T14:36:17.073924942Z: [   15.882267] scsi host5: ahci
[STDOUT  ] 2018-11-15T14:36:17.073938809Z: [   15.884399] ata1: SATA max UDMA/133 abar m4096@0xfebd2000 port 0xfebd2100 irq 24
[STDOUT  ] 2018-11-15T14:36:17.073952988Z: [   15.885282] ata2: SATA max UDMA/133 abar m4096@0xfebd2000 port 0xfebd2180 irq 24
[STDOUT  ] 2018-11-15T14:36:17.073967562Z: [   15.886275] ata3: SATA max UDMA/133 abar m4096@0xfebd2000 port 0xfebd2200 irq 24
[STDOUT  ] 2018-11-15T14:36:17.073981723Z: [   15.886912] ata4: SATA max UDMA/133 abar m4096@0xfebd2000 port 0xfebd2280 irq 24
[STDOUT  ] 2018-11-15T14:36:17.073995804Z: [   15.887775] ata5: SATA max UDMA/133 abar m4096@0xfebd2000 port 0xfebd2300 irq 24
[STDOUT  ] 2018-11-15T14:36:17.074013456Z: [   15.888648] ata6: SATA max UDMA/133 abar m4096@0xfebd2000 port 0xfebd2380 irq 24
[STDOUT  ] 2018-11-15T14:36:17.074027951Z: [   15.908457] tun: Universal TUN/TAP device driver, 1.6
[STDOUT  ] 2018-11-15T14:36:17.074042259Z: [   15.922532] VMware vmxnet3 virtual NIC driver - version 1.4.a.0-k-NAPI
[STDOUT  ] 2018-11-15T14:36:17.074162565Z: [   15.923776] hv_vmbus: registering driver hv_netvsc
[STDOUT  ] 2018-11-15T14:36:17.074177753Z: [   15.924436] Fusion MPT base driver 3.04.20
[STDOUT  ] 2018-11-15T14:36:17.074191957Z: [   15.924760] Copyright (c) 1999-2008 LSI Corporation
[STDOUT  ] 2018-11-15T14:36:17.074206273Z: [   15.925589] Fusion MPT SPI Host driver 3.04.20
[STDOUT  ] 2018-11-15T14:36:17.074220212Z: [   15.928661] i8042: PNP: PS/2 Controller [PNP0303:KBD,PNP0f13:MOU] at 0x60,0x64 irq 1,12
[STDOUT  ] 2018-11-15T14:36:17.074234831Z: [   15.934964] serio: i8042 KBD port at 0x60,0x64 irq 1
[STDOUT  ] 2018-11-15T14:36:17.074300642Z: [   15.936065] serio: i8042 AUX port at 0x60,0x64 irq 12
[STDOUT  ] 2018-11-15T14:36:17.074315920Z: [   15.939831] hv_vmbus: registering driver hyperv_keyboard
[STDOUT  ] 2018-11-15T14:36:17.074335079Z: [   15.943053] mousedev: PS/2 mouse device common for all mice
[STDOUT  ] 2018-11-15T14:36:17.074350960Z: [   15.950662] input: PC Speaker as /devices/platform/pcspkr/input/input2
[STDOUT  ] 2018-11-15T14:36:17.074365179Z: [   15.952658] input: AT Translated Set 2 keyboard as /devices/platform/i8042/serio0/input/input1
[STDOUT  ] 2018-11-15T14:36:17.074379202Z: [   15.957511] rtc_cmos 00:00: RTC can wake from S4
[STDOUT  ] 2018-11-15T14:36:17.074393783Z: [   15.963459] rtc_cmos 00:00: rtc core: registered rtc_cmos as rtc0
[STDOUT  ] 2018-11-15T14:36:17.074412558Z: [   15.965450] rtc_cmos 00:00: alarms up to one day, y3k, 114 bytes nvram, hpet irqs
[STDOUT  ] 2018-11-15T14:36:17.074427114Z: [   15.966573] i2c /dev entries driver
[STDOUT  ] 2018-11-15T14:36:17.074441707Z: [   15.969612] device-mapper: ioctl: 4.37.0-ioctl (2017-09-20) initialised: dm-devel@redhat.com
[STDOUT  ] 2018-11-15T14:36:17.074455987Z: [   15.976565] usbcore: registered new interface driver usbhid
[STDOUT  ] 2018-11-15T14:36:17.074469997Z: [   15.977341] usbhid: USB HID core driver
[STDOUT  ] 2018-11-15T14:36:17.074484033Z: [   15.978573] hv_utils: Registering HyperV Utility Driver
[STDOUT  ] 2018-11-15T14:36:17.074497973Z: [   15.979018] hv_vmbus: registering driver hv_util
[STDOUT  ] 2018-11-15T14:36:17.074518226Z: [   15.979648] hv_vmbus: registering driver hv_balloon
[STDOUT  ] 2018-11-15T14:36:17.074533471Z: [   15.980774] oprofile: using NMI interrupt.
[STDOUT  ] 2018-11-15T14:36:17.074547791Z: [   15.982582] GACT probability on
[STDOUT  ] 2018-11-15T14:36:17.074563087Z: [   15.983025] Mirror/redirect action on
[STDOUT  ] 2018-11-15T14:36:17.074577428Z: [   15.983876] Simple TC action Loaded
[STDOUT  ] 2018-11-15T14:36:17.074604770Z: [   15.984637] u32 classifier
[STDOUT  ] 2018-11-15T14:36:17.074620694Z: [   15.984910]     Performance counters on
[STDOUT  ] 2018-11-15T14:36:17.074635288Z: [   15.985640]     input device check on
[STDOUT  ] 2018-11-15T14:36:17.074649415Z: [   15.985978]     Actions configured
[STDOUT  ] 2018-11-15T14:36:17.074663786Z: [   15.987053] Netfilter messages via NETLINK v0.30.
[STDOUT  ] 2018-11-15T14:36:17.074677945Z: [   15.988370] nfnl_acct: registering with nfnetlink.
[STDOUT  ] 2018-11-15T14:36:17.074692547Z: [   15.990629] nf_conntrack version 0.5.0 (8192 buckets, 32768 max)
[STDOUT  ] 2018-11-15T14:36:17.074706947Z: [   15.994538] ctnetlink v0.93: registering with nfnetlink.
[STDOUT  ] 2018-11-15T14:36:17.074720999Z: [   15.998921] nf_tables: (c) 2007-2009 Patrick McHardy <kaber@trash.net>
[STDOUT  ] 2018-11-15T14:36:17.074735690Z: [   16.000563] nf_tables_compat: (c) 2012 Pablo Neira Ayuso <pablo@netfilter.org>
[STDOUT  ] 2018-11-15T14:36:17.074750277Z: [   16.004513] xt_time: kernel timezone is -0000
[STDOUT  ] 2018-11-15T14:36:17.074767964Z: [   16.005731] ip_set: protocol 6
[STDOUT  ] 2018-11-15T14:36:17.074782494Z: [   16.007564] ipip: IPv4 and MPLS over IPv4 tunneling driver
[STDOUT  ] 2018-11-15T14:36:17.074796682Z: [   16.013807] gre: GRE over IPv4 demultiplexor driver
[STDOUT  ] 2018-11-15T14:36:17.074811001Z: [   16.018094] ip_tables: (C) 2000-2006 Netfilter Core Team
[STDOUT  ] 2018-11-15T14:36:17.074827205Z: [   16.024876] arp_tables: arp_tables: (C) 2002 David S. Miller
[STDOUT  ] 2018-11-15T14:36:17.074841296Z: [   16.028428] NET: Registered protocol family 10
[STDOUT  ] 2018-11-15T14:36:17.074855303Z: [   16.041933] Segment Routing with IPv6
[STDOUT  ] 2018-11-15T14:36:17.074869605Z: [   16.043434] ip6_tables: (C) 2000-2006 Netfilter Core Team
[STDOUT  ] 2018-11-15T14:36:17.074884223Z: [   16.057430] NET: Registered protocol family 17
[STDOUT  ] 2018-11-15T14:36:17.074898093Z: [   16.058871] Bridge firewalling registered
[STDOUT  ] 2018-11-15T14:36:17.074912126Z: [   16.059868] 8021q: 802.1Q VLAN Support v1.8
[STDOUT  ] 2018-11-15T14:36:17.074927122Z: [   16.062372] 9pnet: Installing 9P2000 support
[STDOUT  ] 2018-11-15T14:36:17.074946616Z: [   16.064778] Key type dns_resolver registered
[STDOUT  ] 2018-11-15T14:36:17.074965254Z: [   16.066810] sched_clock: Marking stable (16066133600, 0)->(16347104205, -280970605)
[STDOUT  ] 2018-11-15T14:36:17.074979751Z: [   16.072027] registered taskstats version 1
[STDOUT  ] 2018-11-15T14:36:17.074994550Z: [   16.207537] ata3: SATA link up 1.5 Gbps (SStatus 113 SControl 300)
[STDOUT  ] 2018-11-15T14:36:17.075009425Z: [   16.211737] ata2: SATA link down (SStatus 0 SControl 300)
[STDOUT  ] 2018-11-15T14:36:17.075045376Z: [   16.213641] ata1: SATA link up 1.5 Gbps (SStatus 113 SControl 300)
[STDOUT  ] 2018-11-15T14:36:17.075066629Z: [   16.214749] ata4: SATA link down (SStatus 0 SControl 300)
[STDOUT  ] 2018-11-15T14:36:17.075081011Z: [   16.218025] ata1.00: ATA-7: QEMU HARDDISK, 2.5+, max UDMA/100
[STDOUT  ] 2018-11-15T14:36:17.075095946Z: [   16.218889] ata1.00: 1048576 sectors, multi 16: LBA48 NCQ (depth 31/32)
[STDOUT  ] 2018-11-15T14:36:17.075110228Z: [   16.220057] ata1.00: applying bridge limits
[STDOUT  ] 2018-11-15T14:36:17.075125017Z: [   16.221918] ata6: SATA link down (SStatus 0 SControl 300)
[STDOUT  ] 2018-11-15T14:36:17.075139757Z: [   16.222770] ata5: SATA link down (SStatus 0 SControl 300)
[STDOUT  ] 2018-11-15T14:36:17.075154216Z: [   16.226595] ata3.00: ATAPI: QEMU DVD-ROM, 2.5+, max UDMA/100
[STDOUT  ] 2018-11-15T14:36:17.075168481Z: [   16.227586] ata3.00: applying bridge limits
[STDOUT  ] 2018-11-15T14:36:17.075186562Z: [   16.228933] ata3.00: configured for UDMA/100
[STDOUT  ] 2018-11-15T14:36:17.075200564Z: [   16.233667] ata1.00: configured for UDMA/100
[STDOUT  ] 2018-11-15T14:36:17.075214467Z: [   16.264504] scsi 0:0:0:0: Direct-Access     ATA      QEMU HARDDISK    2.5+ PQ: 0 ANSI: 5
[STDOUT  ] 2018-11-15T14:36:17.075228572Z: [   16.284009] sd 0:0:0:0: [sda] 1048576 512-byte logical blocks: (537 MB/512 MiB)
[STDOUT  ] 2018-11-15T14:36:17.075242388Z: [   16.290601] sd 0:0:0:0: [sda] Write Protect is off
[STDOUT  ] 2018-11-15T14:36:17.075256867Z: [   16.292310] sd 0:0:0:0: Attached scsi generic sg0 type 0
[STDOUT  ] 2018-11-15T14:36:17.075271381Z: [   16.295869] sd 0:0:0:0: [sda] Write cache: enabled, read cache: enabled, doesn't support DPO or FUA
[STDOUT  ] 2018-11-15T14:36:17.075285731Z: [   16.307404] scsi 2:0:0:0: CD-ROM            QEMU     QEMU DVD-ROM     2.5+ PQ: 0 ANSI: 5
[STDOUT  ] 2018-11-15T14:36:17.075300151Z: [   16.333535]  sda: sda1
[STDOUT  ] 2018-11-15T14:36:17.075314450Z: [   16.340531] sr 2:0:0:0: [sr0] scsi3-mmc drive: 4x/4x cd/rw xa/form2 tray
[STDOUT  ] 2018-11-15T14:36:17.075328734Z: [   16.341568] cdrom: Uniform CD-ROM driver Revision: 3.20
[STDOUT  ] 2018-11-15T14:36:17.075343059Z: [   16.353524] tsc: Refined TSC clocksource calibration: 2599.761 MHz
[STDOUT  ] 2018-11-15T14:36:17.075357437Z: [   16.354555] clocksource: tsc: mask: 0xffffffffffffffff max_cycles: 0x25795a3d23f, max_idle_ns: 440795283713 ns
[STDOUT  ] 2018-11-15T14:36:17.075371519Z: [   16.359475] sr 2:0:0:0: Attached scsi generic sg1 type 5
[STDOUT  ] 2018-11-15T14:36:17.075389315Z: [   16.370831] sd 0:0:0:0: [sda] Attached SCSI disk
[STDOUT  ] 2018-11-15T14:36:17.075403896Z: [   16.546538] Key type big_key registered
[STDOUT  ] 2018-11-15T14:36:17.075421736Z: [   16.678466] Key type trusted registered
[STDOUT  ] 2018-11-15T14:36:17.075436132Z: [   16.812039] Key type encrypted registered
[STDOUT  ] 2018-11-15T14:36:17.075450130Z: [   16.813116] ima: No TPM chip found, activating TPM-bypass! (rc=-19)
[STDOUT  ] 2018-11-15T14:36:17.075464382Z: [   16.814434] ima: Allocated hash algorithm: sha256
[STDOUT  ] 2018-11-15T14:36:17.075478898Z: [   16.819057] evm: HMAC attrs: 0x1
[STDOUT  ] 2018-11-15T14:36:17.075493582Z: [   16.825416] rtc_cmos 00:00: setting system clock to 2018-11-15 14:34:46 UTC (1542292486)
[STDOUT  ] 2018-11-15T14:36:17.075508197Z: [   17.009945] Freeing unused kernel memory: 1512K
[STDOUT  ] 2018-11-15T14:36:17.075522730Z: [   17.011794] Write protecting the kernel read-only data: 18432k
[STDOUT  ] 2018-11-15T14:36:17.075543050Z: [   17.032974] Freeing unused kernel memory: 2024K
[STDOUT  ] 2018-11-15T14:36:17.075558539Z: [   17.137957] Freeing unused kernel memory: 1132K
[STDOUT  ] 2018-11-15T14:36:17.075580614Z: [   17.364993] clocksource: Switched to clocksource tsc
[STDOUT  ] 2018-11-15T14:36:17.075594928Z: 
[STDOUT  ] 2018-11-15T14:36:17.075619951Z: Welcome to LinuxKit
[STDOUT  ] 2018-11-15T14:36:17.075634210Z: 
[STDOUT  ] 2018-11-15T14:36:17.075648461Z:                         ##         .
[STDOUT  ] 2018-11-15T14:36:17.075663019Z:                   ## ## ##        ==
[STDOUT  ] 2018-11-15T14:36:17.075677770Z:                ## ## ## ## ##    ===
[STDOUT  ] 2018-11-15T14:36:17.075692524Z:            /"""""""""""""""""\___/ ===
[STDOUT  ] 2018-11-15T14:36:17.075706886Z:           {                       /  ===-
[STDOUT  ] 2018-11-15T14:36:17.075721184Z:            \______ O           __/
[STDOUT  ] 2018-11-15T14:36:17.075735365Z:              \    \         __/
[STDOUT  ] 2018-11-15T14:36:17.075749423Z:               \____\_______/
[STDOUT  ] 2018-11-15T14:36:17.075763587Z: 
[STDOUT  ] 2018-11-15T14:36:17.075782443Z: [   79.382796]  sda:
[STDOUT  ] 2018-11-15T14:36:17.075796765Z: [   79.559957]  sda:
[STDOUT  ] 2018-11-15T14:36:17.075810711Z: [   79.918687]  sda: sda1
[STDOUT  ] 2018-11-15T14:36:17.075824750Z: [   80.368839]  sda: sda1
[STDOUT  ] 2018-11-15T14:36:17.075838739Z: [   80.550773]  sda: sda1
[STDOUT  ] 2018-11-15T14:36:17.075853383Z: 2018/11/15 14:35:52 Successfully resized /dev/sda
[STDOUT  ] 2018-11-15T14:36:17.075867394Z: [   89.187717] EXT4-fs (sda1): mounted filesystem with ordered data mode. Opts: (null)
[STDOUT  ] 2018-11-15T14:36:17.075890750Z: extend test suite PASSED
[STDOUT  ] 2018-11-15T14:36:17.075905140Z: + '[' -f /var/lib/docker/bar ]
[STDOUT  ] 2018-11-15T14:36:17.075919366Z: + touch /var/lib/docker/foo
[STDOUT  ] 2018-11-15T14:36:17.075934999Z: + df -h
[STDOUT  ] 2018-11-15T14:36:17.075950497Z: + grep -qE '[4-5][0-9]{2}\.[0-9]{1,}M'
[STDOUT  ] 2018-11-15T14:36:17.075965945Z: + printf 'extend test suite PASSED\n'
[STDOUT  ] 2018-11-15T14:36:17.075980128Z: [  107.249589] sd 0:0:0:0: [sda] Synchronizing SCSI cache
[STDOUT  ] 2018-11-15T14:36:17.075994183Z: [  107.252311] sd 0:0:0:0: [sda] Stopping disk
[STDOUT  ] 2018-11-15T14:36:17.076008160Z: [  107.256514] ACPI: Preparing to enter system sleep state S5
[STDOUT  ] 2018-11-15T14:36:17.076022919Z: [  107.258317] reboot: Power down
[STDERR  ] 2018-11-15T14:36:17.072441517Z: [    0.088884] Last level iTLB entries: 4KB 0, 2MB 0, 4MB 0
[STDERR  ] 2018-11-15T14:36:17.076085536Z: [    0.089062] Last level dTLB entries: 4KB 0, 2MB 0, 4MB 0, 1GB 0
[STDERR  ] 2018-11-15T14:36:17.076106054Z: [    0.090181] Spectre V2 : Spectre mitigation: LFENCE not serializing, switching to generic retpoline
[STDERR  ] 2018-11-15T14:36:17.076126037Z: [    0.091062] Spectre V2 : Mitigation: Full generic retpoline
[STDERR  ] 2018-11-15T14:36:17.076145637Z: [    0.092061] Spectre V2 : Spectre v2 / SpectreRSB mitigation: Filling RSB on context switch
[STDERR  ] 2018-11-15T14:36:17.076165239Z: [    0.093134] Speculative Store Bypass: Vulnerable
[STDERR  ] 2018-11-15T14:36:17.076185431Z: [    0.256401] random: fast init done
[STDERR  ] 2018-11-15T14:36:17.076204867Z: [    0.469149] Freeing SMP alternatives memory: 20K
[STDERR  ] 2018-11-15T14:36:17.076228147Z: [    0.494265] smpboot: Max logical packages: 1
[STDERR  ] 2018-11-15T14:36:17.076248556Z: [    0.502000] ..TIMER: vector=0x30 apic1=0 pin1=2 apic2=-1 pin2=-1
[STDERR  ] 2018-11-15T14:36:17.076268696Z: [    0.513000] smpboot: CPU0: AMD QEMU Virtual CPU version 2.5+ (family: 0x6, model: 0x6, stepping: 0x3)
[STDERR  ] 2018-11-15T14:36:17.076292591Z: [    0.523167] Performance Events: PMU not available due to virtualization, using software events only.
[STDERR  ] 2018-11-15T14:36:17.076316227Z: [    0.527407] Hierarchical SRCU implementation.
[STDERR  ] 2018-11-15T14:36:17.076338670Z: [    0.534768] NMI watchdog: Perf event create on CPU 0 failed with -2
[STDERR  ] 2018-11-15T14:36:17.076442756Z: [    0.535069] NMI watchdog: Perf NMI watchdog permanently disabled
[STDERR  ] 2018-11-15T14:36:17.076470872Z: [    0.540649] smp: Bringing up secondary CPUs ...
[STDERR  ] 2018-11-15T14:36:17.076495645Z: [    0.541116] smp: Brought up 1 node, 1 CPU
[STDERR  ] 2018-11-15T14:36:17.076515388Z: [    0.542036] smpboot: Total of 1 processors activated (5199.55 BogoMIPS)
[STDERR  ] 2018-11-15T14:36:17.076537532Z: [    0.560841] devtmpfs: initialized
[STDERR  ] 2018-11-15T14:36:17.076559509Z: [    0.566280] x86/mm: Memory block size: 128MB
[STDERR  ] 2018-11-15T14:36:17.076579557Z: [    0.574539] evm: security.ima
[STDERR  ] 2018-11-15T14:36:17.076607130Z: [    0.575058] evm: security.capability
[STDERR  ] 2018-11-15T14:36:17.076627567Z: [    0.579765] clocksource: jiffies: mask: 0xffffffff max_cycles: 0xffffffff, max_idle_ns: 1911260446275000 ns
[STDERR  ] 2018-11-15T14:36:17.076647106Z: [    0.581158] futex hash table entries: 256 (order: 2, 16384 bytes)
[STDERR  ] 2018-11-15T14:36:17.076666205Z: [    0.594533] NET: Registered protocol family 16
[STDERR  ] 2018-11-15T14:36:17.076686008Z: [    0.603162] cpuidle: using governor ladder
[STDERR  ] 2018-11-15T14:36:17.076705448Z: [    0.604058] cpuidle: using governor menu
[STDERR  ] 2018-11-15T14:36:17.076729504Z: [    0.606791] ACPI: bus type PCI registered
[STDERR  ] 2018-11-15T14:36:17.076749571Z: [    0.610386] PCI: MMCONFIG for domain 0000 [bus 00-ff] at [mem 0xb0000000-0xbfffffff] (base 0xb0000000)
[STDERR  ] 2018-11-15T14:36:17.076769431Z: [    0.611300] PCI: MMCONFIG at [mem 0xb0000000-0xbfffffff] reserved in E820
[STDERR  ] 2018-11-15T14:36:17.076789882Z: [    0.613647] PCI: Using configuration type 1 for base access
[STDERR  ] 2018-11-15T14:36:17.076809068Z: [    0.687388] HugeTLB registered 2.00 MiB page size, pre-allocated 0 pages
