[INFO    ] 2017-08-15T15:51:49.228767967Z: Running Test linuxkit.packages.format_mount.auto in /tmp/with_clone1599606a/test/cases/040_packages/006_format_mount/000_auto
[INFO    ] 2017-08-15T15:51:49.228874543Z: Running command: [/bin/sh -x /tmp/with_clone1599606a/test/cases/040_packages/006_format_mount/000_auto/test.sh]
[STDERR  ] 2017-08-15T15:51:49.239954211Z: + set -e
[STDERR  ] 2017-08-15T15:51:49.240018841Z: + . /tmp/with_clone1599606a/test/cases/_lib/lib.sh
[STDERR  ] 2017-08-15T15:51:49.240054245Z: + [ -f src/github.com/linuxkit/rtf/lib/lib.sh ]
[STDERR  ] 2017-08-15T15:51:49.240069256Z: + LINUXKIT_TMPDIR=/tmp/with_clone1599606a/test/cases/_tmp
[STDERR  ] 2017-08-15T15:51:49.240083226Z: + [ -f /tmp/with_clone1599606a/test/cases/_tmp/env.sh ]
[STDERR  ] 2017-08-15T15:51:49.240096436Z: + . /tmp/with_clone1599606a/test/cases/_tmp/env.sh
[STDERR  ] 2017-08-15T15:51:49.240110571Z: + export LINUXKIT_EXAMPLES_DIR=/tmp/with_clone1599606a/test/cases/../../examples
[STDERR  ] 2017-08-15T15:51:49.240124679Z: + export LINUXKIT_BLUEPRINTS_DIR=/tmp/with_clone1599606a/test/cases/../../blueprints
[STDERR  ] 2017-08-15T15:51:49.240137956Z: + RT_CANCEL=253
[STDERR  ] 2017-08-15T15:51:49.240150888Z: + NAME=test-format
[STDERR  ] 2017-08-15T15:51:49.240161722Z: + trap clean_up EXIT
[STDERR  ] 2017-08-15T15:51:49.240172532Z: + moby build -name test-format -output kernel+initrd test.yml
[STDERR  ] 2017-08-15T15:51:49.261712891Z: Extract kernel image: linuxkit/kernel:4.9.43
[STDERR  ] 2017-08-15T15:51:59.72642685Z: Add init containers:
[STDERR  ] 2017-08-15T15:51:59.726537567Z: Process init image: linuxkit/init:c7d651da1a5e308c757bc61ce6a41804ea843426
[STDERR  ] 2017-08-15T15:52:01.471603037Z: Process init image: linuxkit/runc:838259153885c0c40460379d6cdb7baebaf3fa36
[STDERR  ] 2017-08-15T15:52:03.533606883Z: Add onboot containers:
[STDERR  ] 2017-08-15T15:52:03.533690461Z:   Create OCI config for linuxkit/format:158d992b7bf7ab984100c697d7e72161ea7d7382
[STDERR  ] 2017-08-15T15:52:05.990874726Z:   Create OCI config for linuxkit/mount:4fe245efb01384e42622c36302e13e386bbaeb08
[STDERR  ] 2017-08-15T15:52:07.661342238Z:   Create OCI config for alpine:3.6
[STDERR  ] 2017-08-15T15:52:09.338900842Z:   Create OCI config for linuxkit/poweroff:1e9876c682c74d0602b7647c628bb0875fb13998
[STDERR  ] 2017-08-15T15:52:10.908805121Z: Add files:
[STDERR  ] 2017-08-15T15:52:10.90889689Z:   check.sh
[STDERR  ] 2017-08-15T15:52:10.908972821Z: Create outputs:
[STDERR  ] 2017-08-15T15:52:15.360273032Z:   test-format-kernel test-format-initrd.img test-format-cmdline
[STDERR  ] 2017-08-15T15:52:15.604788018Z: + linuxkit run -disk file=test-format1.img,size=512M test-format
[STDERR  ] 2017-08-15T15:52:45.114953547Z: main-loop: WARNING: I/O thread spun for 1000 iterations
[STDERR  ] 2017-08-15T15:53:15.010390508Z: + RESULT=[    0.000000] Linux version 4.9.43-linuxkit (root@e1ede117fb1e) (gcc version 6.3.0 (Alpine 6.3.0) ) #1 SMP Mon Aug 14 11:26:59 UTC 2017
[STDERR  ] 2017-08-15T15:53:15.010483525Z: [    0.000000] Command line: console=ttyS0
[STDERR  ] 2017-08-15T15:53:15.010498456Z: [    0.000000] x86/fpu: Legacy x87 FPU detected.
[STDERR  ] 2017-08-15T15:53:15.010510821Z: [    0.000000] x86/fpu: Using 'eager' FPU context switches.
[STDERR  ] 2017-08-15T15:53:15.01053769Z: [    0.000000] e820: BIOS-provided physical RAM map:
[STDERR  ] 2017-08-15T15:53:15.010550544Z: [    0.000000] BIOS-e820: [mem 0x0000000000000000-0x000000000009fbff] usable
[STDERR  ] 2017-08-15T15:53:15.010571811Z: [    0.000000] BIOS-e820: [mem 0x000000000009fc00-0x000000000009ffff] reserved
[STDERR  ] 2017-08-15T15:53:15.010584495Z: [    0.000000] BIOS-e820: [mem 0x00000000000f0000-0x00000000000fffff] reserved
[STDERR  ] 2017-08-15T15:53:15.010596105Z: [    0.000000] BIOS-e820: [mem 0x0000000000100000-0x000000003ffdefff] usable
[STDERR  ] 2017-08-15T15:53:15.010608213Z: [    0.000000] BIOS-e820: [mem 0x000000003ffdf000-0x000000003fffffff] reserved
[STDERR  ] 2017-08-15T15:53:15.010621019Z: [    0.000000] BIOS-e820: [mem 0x00000000b0000000-0x00000000bfffffff] reserved
[STDERR  ] 2017-08-15T15:53:15.010633565Z: [    0.000000] BIOS-e820: [mem 0x00000000fed1c000-0x00000000fed1ffff] reserved
[STDERR  ] 2017-08-15T15:53:15.010656233Z: [    0.000000] BIOS-e820: [mem 0x00000000fffc0000-0x00000000ffffffff] reserved
[STDERR  ] 2017-08-15T15:53:15.010669101Z: [    0.000000] NX (Execute Disable) protection: active
[STDERR  ] 2017-08-15T15:53:15.010680613Z: [    0.000000] SMBIOS 2.8 present.
[STDERR  ] 2017-08-15T15:53:15.010692482Z: [    0.000000] e820: last_pfn = 0x3ffdf max_arch_pfn = 0x400000000
[STDERR  ] 2017-08-15T15:53:15.010704007Z: [    0.000000] x86/PAT: Configuration [0-7]: WB  WC  UC- UC  WB  WC  UC- WT  
[STDERR  ] 2017-08-15T15:53:15.010715361Z: [    0.000000] found SMP MP-table at [mem 0x000f6aa0-0x000f6aaf] mapped at [ffff9ac8000f6aa0]
[STDERR  ] 2017-08-15T15:53:15.010729546Z: [    0.000000] RAMDISK: [mem 0x3e67e000-0x3ffcffff]
[STDERR  ] 2017-08-15T15:53:15.010742701Z: [    0.000000] ACPI: Early table checksum verification disabled
[STDERR  ] 2017-08-15T15:53:15.01075406Z: [    0.000000] ACPI: RSDP 0x00000000000F68C0 000014 (v00 BOCHS )
[STDERR  ] 2017-08-15T15:53:15.010766152Z: [    0.000000] ACPI: RSDT 0x000000003FFE2404 000034 (v01 BOCHS  BXPCRSDT 00000001 BXPC 00000001)
[STDERR  ] 2017-08-15T15:53:15.010778406Z: [    0.000000] ACPI: FACP 0x000000003FFE22A4 000074 (v01 BOCHS  BXPCFACP 00000001 BXPC 00000001)
[STDERR  ] 2017-08-15T15:53:15.010789888Z: [    0.000000] ACPI: DSDT 0x000000003FFE0040 002264 (v01 BOCHS  BXPCDSDT 00000001 BXPC 00000001)
[STDERR  ] 2017-08-15T15:53:15.010801417Z: [    0.000000] ACPI: FACS 0x000000003FFE0000 000040
[STDERR  ] 2017-08-15T15:53:15.010813705Z: [    0.000000] ACPI: APIC 0x000000003FFE2318 000078 (v01 BOCHS  BXPCAPIC 00000001 BXPC 00000001)
[STDERR  ] 2017-08-15T15:53:15.010825302Z: [    0.000000] ACPI: HPET 0x000000003FFE2390 000038 (v01 BOCHS  BXPCHPET 00000001 BXPC 00000001)
[STDERR  ] 2017-08-15T15:53:15.010842825Z: [    0.000000] ACPI: MCFG 0x000000003FFE23C8 00003C (v01 BOCHS  BXPCMCFG 00000001 BXPC 00000001)
[STDERR  ] 2017-08-15T15:53:15.010854617Z: [    0.000000] Zone ranges:
[STDERR  ] 2017-08-15T15:53:15.010866569Z: [    0.000000]   DMA      [mem 0x0000000000001000-0x0000000000ffffff]
[STDERR  ] 2017-08-15T15:53:15.010878467Z: [    0.000000]   DMA32    [mem 0x0000000001000000-0x000000003ffdefff]
[STDERR  ] 2017-08-15T15:53:15.010890128Z: [    0.000000]   Normal   empty
[STDERR  ] 2017-08-15T15:53:15.010901737Z: [    0.000000] Movable zone start for each node
[STDERR  ] 2017-08-15T15:53:15.010913031Z: [    0.000000] Early memory node ranges
[STDERR  ] 2017-08-15T15:53:15.010924456Z: [    0.000000]   node   0: [mem 0x0000000000001000-0x000000000009efff]
[STDERR  ] 2017-08-15T15:53:15.010936931Z: [    0.000000]   node   0: [mem 0x0000000000100000-0x000000003ffdefff]
[STDERR  ] 2017-08-15T15:53:15.010954607Z: [    0.000000] Initmem setup node 0 [mem 0x0000000000001000-0x000000003ffdefff]
[STDERR  ] 2017-08-15T15:53:15.010966599Z: [    0.000000] ACPI: PM-Timer IO Port: 0x608
[STDERR  ] 2017-08-15T15:53:15.010984846Z: [    0.000000] ACPI: LAPIC_NMI (acpi_id[0xff] dfl dfl lint[0x1])
[STDERR  ] 2017-08-15T15:53:15.011008014Z: [    0.000000] IOAPIC[0]: apic_id 0, version 32, address 0xfec00000, GSI 0-23
[STDERR  ] 2017-08-15T15:53:15.011020131Z: [    0.000000] ACPI: INT_SRC_OVR (bus 0 bus_irq 0 global_irq 2 dfl dfl)
[STDERR  ] 2017-08-15T15:53:15.011031395Z: [    0.000000] ACPI: INT_SRC_OVR (bus 0 bus_irq 5 global_irq 5 high level)
[STDERR  ] 2017-08-15T15:53:15.01104283Z: [    0.000000] ACPI: INT_SRC_OVR (bus 0 bus_irq 9 global_irq 9 high level)
[STDERR  ] 2017-08-15T15:53:15.011054112Z: [    0.000000] ACPI: INT_SRC_OVR (bus 0 bus_irq 10 global_irq 10 high level)
[STDERR  ] 2017-08-15T15:53:15.011065958Z: [    0.000000] ACPI: INT_SRC_OVR (bus 0 bus_irq 11 global_irq 11 high level)
[STDERR  ] 2017-08-15T15:53:15.011078609Z: [    0.000000] Using ACPI (MADT) for SMP configuration information
[STDERR  ] 2017-08-15T15:53:15.011089865Z: [    0.000000] ACPI: HPET id: 0x8086a201 base: 0xfed00000
[STDERR  ] 2017-08-15T15:53:15.011101185Z: [    0.000000] smpboot: Allowing 1 CPUs, 0 hotplug CPUs
[STDERR  ] 2017-08-15T15:53:15.011117642Z: [    0.000000] e820: [mem 0x40000000-0xafffffff] available for PCI devices
[STDERR  ] 2017-08-15T15:53:15.011129475Z: [    0.000000] Booting paravirtualized kernel on bare hardware
[STDERR  ] 2017-08-15T15:53:15.011140743Z: [    0.000000] clocksource: refined-jiffies: mask: 0xffffffff max_cycles: 0xffffffff, max_idle_ns: 19112604462750000 ns
[STDERR  ] 2017-08-15T15:53:15.011156419Z: [    0.000000] setup_percpu: NR_CPUS:128 nr_cpumask_bits:128 nr_cpu_ids:1 nr_node_ids:1
[STDERR  ] 2017-08-15T15:53:15.01116845Z: [    0.000000] percpu: Embedded 35 pages/cpu @ffff9ac83e400000 s105240 r8192 d29928 u2097152
[STDERR  ] 2017-08-15T15:53:15.011180649Z: [    0.000000] Built 1 zonelists in Zone order, mobility grouping on.  Total pages: 257896
[STDERR  ] 2017-08-15T15:53:15.011192145Z: [    0.000000] Kernel command line: console=ttyS0
[STDERR  ] 2017-08-15T15:53:15.011203841Z: [    0.000000] PID hash table entries: 4096 (order: 3, 32768 bytes)
[STDERR  ] 2017-08-15T15:53:15.011215007Z: [    0.000000] Dentry cache hash table entries: 131072 (order: 8, 1048576 bytes)
[STDERR  ] 2017-08-15T15:53:15.011235199Z: [    0.000000] Inode-cache hash table entries: 65536 (order: 7, 524288 bytes)
[STDERR  ] 2017-08-15T15:53:15.011247073Z: [    0.000000] Memory: 988252K/1048052K available (8028K kernel code, 1366K rwdata, 2696K rodata, 1380K init, 568K bss, 59800K reserved, 0K cma-reserved)
[STDERR  ] 2017-08-15T15:53:15.011263907Z: [    0.000000] Hierarchical RCU implementation.
[STDERR  ] 2017-08-15T15:53:15.011275847Z: [    0.000000] 	Build-time adjustment of leaf fanout to 64.
[STDERR  ] 2017-08-15T15:53:15.011286749Z: [    0.000000] 	RCU restricting CPUs from NR_CPUS=128 to nr_cpu_ids=1.
[STDERR  ] 2017-08-15T15:53:15.011298324Z: [    0.000000] RCU: Adjusting geometry for rcu_fanout_leaf=64, nr_cpu_ids=1
[STDERR  ] 2017-08-15T15:53:15.011309259Z: [    0.000000] NR_IRQS:8448 nr_irqs:256 16
[STDERR  ] 2017-08-15T15:53:15.011320821Z: [    0.000000] Console: colour VGA+ 80x25
[STDERR  ] 2017-08-15T15:53:15.011339456Z: [    0.000000] console [ttyS0] enabled
[STDERR  ] 2017-08-15T15:53:15.011350602Z: [    0.000000] clocksource: hpet: mask: 0xffffffff max_cycles: 0xffffffff, max_idle_ns: 19112604467 ns
[STDERR  ] 2017-08-15T15:53:15.011363614Z: [    0.000000] tsc: Unable to calibrate against PIT
[STDERR  ] 2017-08-15T15:53:15.011375144Z: [    0.000000] tsc: using HPET reference calibration
[STDERR  ] 2017-08-15T15:53:15.011386306Z: [    0.000000] tsc: Detected 2300.088 MHz processor
[STDERR  ] 2017-08-15T15:53:15.011397578Z: [    0.042128] Calibrating delay loop (skipped), value calculated using timer frequency.. 4600.17 BogoMIPS (lpj=23000880)
[STDERR  ] 2017-08-15T15:53:15.011409463Z: [    0.043882] pid_max: default: 32768 minimum: 301
[STDERR  ] 2017-08-15T15:53:15.011420622Z: [    0.045433] ACPI: Core revision 20160831
[STDERR  ] 2017-08-15T15:53:15.011431835Z: [    0.129111] ACPI: 1 ACPI AML tables successfully acquired and loaded
[STDERR  ] 2017-08-15T15:53:15.011449233Z: [    0.140292] Security Framework initialized
[STDERR  ] 2017-08-15T15:53:15.011460445Z: [    0.140940] Yama: becoming mindful.
[STDERR  ] 2017-08-15T15:53:15.011471689Z: [    0.144194] Mount-cache hash table entries: 2048 (order: 2, 16384 bytes)
[STDERR  ] 2017-08-15T15:53:15.011483036Z: [    0.145227] Mountpoint-cache hash table entries: 2048 (order: 2, 16384 bytes)
[STDERR  ] 2017-08-15T15:53:15.011494232Z: [    0.188536] Last level iTLB entries: 4KB 0, 2MB 0, 4MB 0
[STDERR  ] 2017-08-15T15:53:15.011505273Z: [    0.189005] Last level dTLB entries: 4KB 0, 2MB 0, 4MB 0, 1GB 0
[STDERR  ] 2017-08-15T15:53:15.011516602Z: [    0.640000] Freeing SMP alternatives memory: 20K
[STDERR  ] 2017-08-15T15:53:15.011527819Z: [    0.682131] ftrace: allocating 35486 entries in 139 pages
[STDERR  ] 2017-08-15T15:53:15.011538886Z: [    0.932770] smpboot: Max logical packages: 1
[STDERR  ] 2017-08-15T15:53:15.01154998Z: [    0.938090] ..TIMER: vector=0x30 apic1=0 pin1=2 apic2=-1 pin2=-1
[STDERR  ] 2017-08-15T15:53:15.011561332Z: [    1.070000] APIC calibration not consistent with PM-Timer: 118ms instead of 100ms
[STDERR  ] 2017-08-15T15:53:15.011585145Z: [    1.070000] APIC delta adjusted to PM-Timer: 6250013 (7410448)
[STDERR  ] 2017-08-15T15:53:15.011597432Z: [    1.070000] smpboot: CPU0: AMD QEMU Virtual CPU version 2.5+ (family: 0x6, model: 0x6, stepping: 0x3)
[STDERR  ] 2017-08-15T15:53:15.011609132Z: [    1.070000] Performance Events: PMU not available due to virtualization, using software events only.
[STDERR  ] 2017-08-15T15:53:15.011621065Z: [    1.131246] NMI watchdog: disabled (cpu0): hardware events not enabled
[STDERR  ] 2017-08-15T15:53:15.011632389Z: [    1.132043] NMI watchdog: Shutting down hard lockup detector on all cpus
[STDERR  ] 2017-08-15T15:53:15.011643789Z: [    1.144750] x86: Booted up 1 node, 1 CPUs
[STDERR  ] 2017-08-15T15:53:15.011654848Z: [    1.150250] smpboot: Total of 1 processors activated (4600.17 BogoMIPS)
[STDERR  ] 2017-08-15T15:53:15.011666137Z: [    1.201305] devtmpfs: initialized
[STDERR  ] 2017-08-15T15:53:15.011677467Z: [    1.221999] x86/mm: Memory block size: 128MB
[STDERR  ] 2017-08-15T15:53:15.011688462Z: [    1.481801] clocksource: jiffies: mask: 0xffffffff max_cycles: 0xffffffff, max_idle_ns: 19112604462750000 ns
[STDERR  ] 2017-08-15T15:53:15.011700926Z: [    1.482805] futex hash table entries: 256 (order: 2, 16384 bytes)
[STDERR  ] 2017-08-15T15:53:15.011715472Z: [    1.522853] NET: Registered protocol family 16
[STDERR  ] 2017-08-15T15:53:15.011727511Z: [    1.576662] cpuidle: using governor ladder
[STDERR  ] 2017-08-15T15:53:15.011739161Z: [    1.577522] cpuidle: using governor menu
[STDERR  ] 2017-08-15T15:53:15.011750638Z: [    1.581510] ACPI: bus type PCI registered
[STDERR  ] 2017-08-15T15:53:15.011761776Z: [    1.591105] PCI: MMCONFIG for domain 0000 [bus 00-ff] at [mem 0xb0000000-0xbfffffff] (base 0xb0000000)
[STDERR  ] 2017-08-15T15:53:15.011773488Z: [    1.592589] PCI: MMCONFIG at [mem 0xb0000000-0xbfffffff] reserved in E820
[STDERR  ] 2017-08-15T15:53:15.01178466Z: [    1.601646] PCI: Using configuration type 1 for base access
[STDERR  ] 2017-08-15T15:53:15.011795941Z: [    1.795453] HugeTLB registered 2 MB page size, pre-allocated 0 pages
[STDERR  ] 2017-08-15T15:53:15.011807659Z: [    1.816708] ACPI: Added _OSI(Module Device)
[STDERR  ] 2017-08-15T15:53:15.011818939Z: [    1.817075] ACPI: Added _OSI(Processor Device)
[STDERR  ] 2017-08-15T15:53:15.01183006Z: [    1.817346] ACPI: Added _OSI(3.0 _SCP Extensions)
[STDERR  ] 2017-08-15T15:53:15.011841914Z: [    1.817634] ACPI: Added _OSI(Processor Aggregator Device)
[STDERR  ] 2017-08-15T15:53:15.011860536Z: [    1.924849] ACPI: Interpreter enabled
[STDERR  ] 2017-08-15T15:53:15.011872198Z: [    1.925612] ACPI: (supports S0 S5)
[STDERR  ] 2017-08-15T15:53:15.011888289Z: [    1.925898] ACPI: Using IOAPIC for interrupt routing
[STDERR  ] 2017-08-15T15:53:15.011899907Z: [    1.927771] PCI: Using host bridge windows from ACPI; if necessary, use "pci=nocrs" and report a bug
[STDERR  ] 2017-08-15T15:53:15.011917443Z: [    2.062661] ACPI: PCI Root Bridge [PCI0] (domain 0000 [bus 00-ff])
[STDERR  ] 2017-08-15T15:53:15.011928322Z: [    2.063594] acpi PNP0A08:00: _OSC: OS supports [ExtendedConfig ASPM ClockPM Segments MSI]
[STDERR  ] 2017-08-15T15:53:15.011939837Z: [    2.070648] acpi PNP0A08:00: _OSC: OS now controls [PCIeHotplug PME PCIeCapability]
[STDERR  ] 2017-08-15T15:53:15.011953912Z: [    2.075951] PCI host bridge to bus 0000:00
[STDERR  ] 2017-08-15T15:53:15.011965393Z: [    2.076403] pci_bus 0000:00: root bus resource [io  0x0000-0x0cf7 window]
[STDERR  ] 2017-08-15T15:53:15.011976905Z: [    2.076851] pci_bus 0000:00: root bus resource [io  0x0d00-0xffff window]
[STDERR  ] 2017-08-15T15:53:15.01198821Z: [    2.077308] pci_bus 0000:00: root bus resource [mem 0x000a0000-0x000bffff window]
[STDERR  ] 2017-08-15T15:53:15.011999164Z: [    2.077749] pci_bus 0000:00: root bus resource [mem 0xc0000000-0xfebfffff window]
[STDERR  ] 2017-08-15T15:53:15.012010939Z: [    2.078321] pci_bus 0000:00: root bus resource [bus 00-ff]
[STDERR  ] 2017-08-15T15:53:15.012022363Z: [    2.262458] pci 0000:00:1f.0: quirk: [io  0x0600-0x067f] claimed by ICH6 ACPI/GPIO/TCO
[STDERR  ] 2017-08-15T15:53:15.012039242Z: [    2.341668] ACPI: PCI Interrupt Link [LNKA] (IRQs 5 *10 11)
[STDERR  ] 2017-08-15T15:53:15.012057745Z: [    2.343816] ACPI: PCI Interrupt Link [LNKB] (IRQs 5 *10 11)
[STDOUT  ] 2017-08-15T15:53:15.012199099Z: [    0.000000] Linux version 4.9.43-linuxkit (root@e1ede117fb1e) (gcc version 6.3.0 (Alpine 6.3.0) ) #1 SMP Mon Aug 14 11:26:59 UTC 2017
[STDOUT  ] 2017-08-15T15:53:15.012259073Z: [    0.000000] Command line: console=ttyS0
[STDOUT  ] 2017-08-15T15:53:15.012271658Z: [    0.000000] x86/fpu: Legacy x87 FPU detected.
[STDOUT  ] 2017-08-15T15:53:15.01228511Z: [    0.000000] x86/fpu: Using 'eager' FPU context switches.
[STDOUT  ] 2017-08-15T15:53:15.01233639Z: [    0.000000] e820: BIOS-provided physical RAM map:
[STDOUT  ] 2017-08-15T15:53:15.012350643Z: [    0.000000] BIOS-e820: [mem 0x0000000000000000-0x000000000009fbff] usable
[STDOUT  ] 2017-08-15T15:53:15.012364706Z: [    0.000000] BIOS-e820: [mem 0x000000000009fc00-0x000000000009ffff] reserved
[STDOUT  ] 2017-08-15T15:53:15.012376817Z: [    0.000000] BIOS-e820: [mem 0x00000000000f0000-0x00000000000fffff] reserved
[STDOUT  ] 2017-08-15T15:53:15.012388739Z: [    0.000000] BIOS-e820: [mem 0x0000000000100000-0x000000003ffdefff] usable
[STDOUT  ] 2017-08-15T15:53:15.012401185Z: [    0.000000] BIOS-e820: [mem 0x000000003ffdf000-0x000000003fffffff] reserved
[STDOUT  ] 2017-08-15T15:53:15.012413048Z: [    0.000000] BIOS-e820: [mem 0x00000000b0000000-0x00000000bfffffff] reserved
[STDOUT  ] 2017-08-15T15:53:15.012424581Z: [    0.000000] BIOS-e820: [mem 0x00000000fed1c000-0x00000000fed1ffff] reserved
[STDOUT  ] 2017-08-15T15:53:15.012436065Z: [    0.000000] BIOS-e820: [mem 0x00000000fffc0000-0x00000000ffffffff] reserved
[STDOUT  ] 2017-08-15T15:53:15.012449286Z: [    0.000000] NX (Execute Disable) protection: active
[STDOUT  ] 2017-08-15T15:53:15.012460761Z: [    0.000000] SMBIOS 2.8 present.
[STDOUT  ] 2017-08-15T15:53:15.012483402Z: [    0.000000] e820: last_pfn = 0x3ffdf max_arch_pfn = 0x400000000
[STDOUT  ] 2017-08-15T15:53:15.012495238Z: [    0.000000] x86/PAT: Configuration [0-7]: WB  WC  UC- UC  WB  WC  UC- WT  
[STDOUT  ] 2017-08-15T15:53:15.012507515Z: [    0.000000] found SMP MP-table at [mem 0x000f6aa0-0x000f6aaf] mapped at [ffff9ac8000f6aa0]
[STDOUT  ] 2017-08-15T15:53:15.012520131Z: [    0.000000] RAMDISK: [mem 0x3e67e000-0x3ffcffff]
[STDOUT  ] 2017-08-15T15:53:15.012534758Z: [    0.000000] ACPI: Early table checksum verification disabled
[STDOUT  ] 2017-08-15T15:53:15.012546892Z: [    0.000000] ACPI: RSDP 0x00000000000F68C0 000014 (v00 BOCHS )
[STDOUT  ] 2017-08-15T15:53:15.012559151Z: [    0.000000] ACPI: RSDT 0x000000003FFE2404 000034 (v01 BOCHS  BXPCRSDT 00000001 BXPC 00000001)
[STDOUT  ] 2017-08-15T15:53:15.012571429Z: [    0.000000] ACPI: FACP 0x000000003FFE22A4 000074 (v01 BOCHS  BXPCFACP 00000001 BXPC 00000001)
[STDOUT  ] 2017-08-15T15:53:15.012591563Z: [    0.000000] ACPI: DSDT 0x000000003FFE0040 002264 (v01 BOCHS  BXPCDSDT 00000001 BXPC 00000001)
[STDOUT  ] 2017-08-15T15:53:15.012603894Z: [    0.000000] ACPI: FACS 0x000000003FFE0000 000040
[STDOUT  ] 2017-08-15T15:53:15.012616038Z: [    0.000000] ACPI: APIC 0x000000003FFE2318 000078 (v01 BOCHS  BXPCAPIC 00000001 BXPC 00000001)
[STDOUT  ] 2017-08-15T15:53:15.012628125Z: [    0.000000] ACPI: HPET 0x000000003FFE2390 000038 (v01 BOCHS  BXPCHPET 00000001 BXPC 00000001)
[STDOUT  ] 2017-08-15T15:53:15.012640015Z: [    0.000000] ACPI: MCFG 0x000000003FFE23C8 00003C (v01 BOCHS  BXPCMCFG 00000001 BXPC 00000001)
[STDOUT  ] 2017-08-15T15:53:15.012653671Z: [    0.000000] Zone ranges:
[STDOUT  ] 2017-08-15T15:53:15.012665438Z: [    0.000000]   DMA      [mem 0x0000000000001000-0x0000000000ffffff]
[STDOUT  ] 2017-08-15T15:53:15.012677325Z: [    0.000000]   DMA32    [mem 0x0000000001000000-0x000000003ffdefff]
[STDOUT  ] 2017-08-15T15:53:15.012688752Z: [    0.000000]   Normal   empty
[STDOUT  ] 2017-08-15T15:53:15.012700357Z: [    0.000000] Movable zone start for each node
[STDOUT  ] 2017-08-15T15:53:15.012718952Z: [    0.000000] Early memory node ranges
[STDOUT  ] 2017-08-15T15:53:15.012730427Z: [    0.000000]   node   0: [mem 0x0000000000001000-0x000000000009efff]
[STDOUT  ] 2017-08-15T15:53:15.012741434Z: [    0.000000]   node   0: [mem 0x0000000000100000-0x000000003ffdefff]
[STDOUT  ] 2017-08-15T15:53:15.012753347Z: [    0.000000] Initmem setup node 0 [mem 0x0000000000001000-0x000000003ffdefff]
[STDOUT  ] 2017-08-15T15:53:15.012765042Z: [    0.000000] ACPI: PM-Timer IO Port: 0x608
[STDOUT  ] 2017-08-15T15:53:15.012778992Z: [    0.000000] ACPI: LAPIC_NMI (acpi_id[0xff] dfl dfl lint[0x1])
[STDOUT  ] 2017-08-15T15:53:15.01279109Z: [    0.000000] IOAPIC[0]: apic_id 0, version 32, address 0xfec00000, GSI 0-23
[STDOUT  ] 2017-08-15T15:53:15.012803501Z: [    0.000000] ACPI: INT_SRC_OVR (bus 0 bus_irq 0 global_irq 2 dfl dfl)
[STDOUT  ] 2017-08-15T15:53:15.012823701Z: [    0.000000] ACPI: INT_SRC_OVR (bus 0 bus_irq 5 global_irq 5 high level)
[STDOUT  ] 2017-08-15T15:53:15.01283508Z: [    0.000000] ACPI: INT_SRC_OVR (bus 0 bus_irq 9 global_irq 9 high level)
[STDOUT  ] 2017-08-15T15:53:15.012844997Z: [    0.000000] ACPI: INT_SRC_OVR (bus 0 bus_irq 10 global_irq 10 high level)
[STDOUT  ] 2017-08-15T15:53:15.012863046Z: [    0.000000] ACPI: INT_SRC_OVR (bus 0 bus_irq 11 global_irq 11 high level)
[STDOUT  ] 2017-08-15T15:53:15.012874113Z: [    0.000000] Using ACPI (MADT) for SMP configuration information
[STDOUT  ] 2017-08-15T15:53:15.012884305Z: [    0.000000] ACPI: HPET id: 0x8086a201 base: 0xfed00000
[STDOUT  ] 2017-08-15T15:53:15.012895085Z: [    0.000000] smpboot: Allowing 1 CPUs, 0 hotplug CPUs
[STDOUT  ] 2017-08-15T15:53:15.012906765Z: [    0.000000] e820: [mem 0x40000000-0xafffffff] available for PCI devices
[STDOUT  ] 2017-08-15T15:53:15.012916855Z: [    0.000000] Booting paravirtualized kernel on bare hardware
[STDOUT  ] 2017-08-15T15:53:15.012929443Z: [    0.000000] clocksource: refined-jiffies: mask: 0xffffffff max_cycles: 0xffffffff, max_idle_ns: 19112604462750000 ns
[STDOUT  ] 2017-08-15T15:53:15.01294331Z: [    0.000000] setup_percpu: NR_CPUS:128 nr_cpumask_bits:128 nr_cpu_ids:1 nr_node_ids:1
[STDOUT  ] 2017-08-15T15:53:15.012954696Z: [    0.000000] percpu: Embedded 35 pages/cpu @ffff9ac83e400000 s105240 r8192 d29928 u2097152
[STDOUT  ] 2017-08-15T15:53:15.012966279Z: [    0.000000] Built 1 zonelists in Zone order, mobility grouping on.  Total pages: 257896
[STDOUT  ] 2017-08-15T15:53:15.012977959Z: [    0.000000] Kernel command line: console=ttyS0
[STDOUT  ] 2017-08-15T15:53:15.012989735Z: [    0.000000] PID hash table entries: 4096 (order: 3, 32768 bytes)
[STDOUT  ] 2017-08-15T15:53:15.013004329Z: [    0.000000] Dentry cache hash table entries: 131072 (order: 8, 1048576 bytes)
[STDOUT  ] 2017-08-15T15:53:15.013016081Z: [    0.000000] Inode-cache hash table entries: 65536 (order: 7, 524288 bytes)
[STDOUT  ] 2017-08-15T15:53:15.0130289Z: [    0.000000] Memory: 988252K/1048052K available (8028K kernel code, 1366K rwdata, 2696K rodata, 1380K init, 568K bss, 59800K reserved, 0K cma-reserved)
[STDOUT  ] 2017-08-15T15:53:15.013049627Z: [    0.000000] Hierarchical RCU implementation.
[STDOUT  ] 2017-08-15T15:53:15.013060189Z: [    0.000000] 	Build-time adjustment of leaf fanout to 64.
[STDOUT  ] 2017-08-15T15:53:15.013071924Z: [    0.000000] 	RCU restricting CPUs from NR_CPUS=128 to nr_cpu_ids=1.
[STDOUT  ] 2017-08-15T15:53:15.013082649Z: [    0.000000] RCU: Adjusting geometry for rcu_fanout_leaf=64, nr_cpu_ids=1
[STDOUT  ] 2017-08-15T15:53:15.013092692Z: [    0.000000] NR_IRQS:8448 nr_irqs:256 16
[STDOUT  ] 2017-08-15T15:53:15.01310349Z: [    0.000000] Console: colour VGA+ 80x25
[STDOUT  ] 2017-08-15T15:53:15.013114012Z: [    0.000000] console [ttyS0] enabled
[STDOUT  ] 2017-08-15T15:53:15.013125088Z: [    0.000000] clocksource: hpet: mask: 0xffffffff max_cycles: 0xffffffff, max_idle_ns: 19112604467 ns
[STDOUT  ] 2017-08-15T15:53:15.013136418Z: [    0.000000] tsc: Unable to calibrate against PIT
[STDOUT  ] 2017-08-15T15:53:15.013148085Z: [    0.000000] tsc: using HPET reference calibration
[STDOUT  ] 2017-08-15T15:53:15.013164472Z: [    0.000000] tsc: Detected 2300.088 MHz processor
[STDOUT  ] 2017-08-15T15:53:15.013177204Z: [    0.042128] Calibrating delay loop (skipped), value calculated using timer frequency.. 4600.17 BogoMIPS (lpj=23000880)
[STDOUT  ] 2017-08-15T15:53:15.013189663Z: [    0.043882] pid_max: default: 32768 minimum: 301
[STDOUT  ] 2017-08-15T15:53:15.013200907Z: [    0.045433] ACPI: Core revision 20160831
[STDOUT  ] 2017-08-15T15:53:15.013218244Z: [    0.129111] ACPI: 1 ACPI AML tables successfully acquired and loaded
[STDOUT  ] 2017-08-15T15:53:15.013228886Z: [    0.140292] Security Framework initialized
[STDOUT  ] 2017-08-15T15:53:15.013239126Z: [    0.140940] Yama: becoming mindful.
[STDOUT  ] 2017-08-15T15:53:15.013249619Z: [    0.144194] Mount-cache hash table entries: 2048 (order: 2, 16384 bytes)
[STDOUT  ] 2017-08-15T15:53:15.013260442Z: [    0.145227] Mountpoint-cache hash table entries: 2048 (order: 2, 16384 bytes)
[STDOUT  ] 2017-08-15T15:53:15.013271229Z: [    0.188536] Last level iTLB entries: 4KB 0, 2MB 0, 4MB 0
[STDOUT  ] 2017-08-15T15:53:15.013281848Z: [    0.189005] Last level dTLB entries: 4KB 0, 2MB 0, 4MB 0, 1GB 0
[STDOUT  ] 2017-08-15T15:53:15.013292544Z: [    0.640000] Freeing SMP alternatives memory: 20K
[STDOUT  ] 2017-08-15T15:53:15.013302657Z: [    0.682131] ftrace: allocating 35486 entries in 139 pages
[STDOUT  ] 2017-08-15T15:53:15.013313491Z: [    0.932770] smpboot: Max logical packages: 1
[STDOUT  ] 2017-08-15T15:53:15.013324464Z: [    0.938090] ..TIMER: vector=0x30 apic1=0 pin1=2 apic2=-1 pin2=-1
[STDOUT  ] 2017-08-15T15:53:15.013335623Z: [    1.070000] APIC calibration not consistent with PM-Timer: 118ms instead of 100ms
[STDOUT  ] 2017-08-15T15:53:15.013346261Z: [    1.070000] APIC delta adjusted to PM-Timer: 6250013 (7410448)
[STDOUT  ] 2017-08-15T15:53:15.013362981Z: [    1.070000] smpboot: CPU0: AMD QEMU Virtual CPU version 2.5+ (family: 0x6, model: 0x6, stepping: 0x3)
[STDOUT  ] 2017-08-15T15:53:15.013374942Z: [    1.070000] Performance Events: PMU not available due to virtualization, using software events only.
[STDOUT  ] 2017-08-15T15:53:15.013385949Z: [    1.131246] NMI watchdog: disabled (cpu0): hardware events not enabled
[STDOUT  ] 2017-08-15T15:53:15.013396408Z: [    1.132043] NMI watchdog: Shutting down hard lockup detector on all cpus
[STDOUT  ] 2017-08-15T15:53:15.013411216Z: [    1.144750] x86: Booted up 1 node, 1 CPUs
[STDOUT  ] 2017-08-15T15:53:15.013421526Z: [    1.150250] smpboot: Total of 1 processors activated (4600.17 BogoMIPS)
[STDOUT  ] 2017-08-15T15:53:15.013431595Z: [    1.201305] devtmpfs: initialized
[STDOUT  ] 2017-08-15T15:53:15.013442886Z: [    1.221999] x86/mm: Memory block size: 128MB
[STDOUT  ] 2017-08-15T15:53:15.013453456Z: [    1.481801] clocksource: jiffies: mask: 0xffffffff max_cycles: 0xffffffff, max_idle_ns: 19112604462750000 ns
[STDOUT  ] 2017-08-15T15:53:15.013464555Z: [    1.482805] futex hash table entries: 256 (order: 2, 16384 bytes)
[STDOUT  ] 2017-08-15T15:53:15.013487068Z: [    1.522853] NET: Registered protocol family 16
[STDOUT  ] 2017-08-15T15:53:15.013497213Z: [    1.576662] cpuidle: using governor ladder
[STDOUT  ] 2017-08-15T15:53:15.01350713Z: [    1.577522] cpuidle: using governor menu
[STDOUT  ] 2017-08-15T15:53:15.013516795Z: [    1.581510] ACPI: bus type PCI registered
[STDOUT  ] 2017-08-15T15:53:15.013526474Z: [    1.591105] PCI: MMCONFIG for domain 0000 [bus 00-ff] at [mem 0xb0000000-0xbfffffff] (base 0xb0000000)
[STDOUT  ] 2017-08-15T15:53:15.013538824Z: [    1.592589] PCI: MMCONFIG at [mem 0xb0000000-0xbfffffff] reserved in E820
[STDOUT  ] 2017-08-15T15:53:15.013549745Z: [    1.601646] PCI: Using configuration type 1 for base access
[STDOUT  ] 2017-08-15T15:53:15.013559972Z: [    1.795453] HugeTLB registered 2 MB page size, pre-allocated 0 pages
[STDOUT  ] 2017-08-15T15:53:15.013569962Z: [    1.816708] ACPI: Added _OSI(Module Device)
[STDOUT  ] 2017-08-15T15:53:15.013579823Z: [    1.817075] ACPI: Added _OSI(Processor Device)
[STDOUT  ] 2017-08-15T15:53:15.013589546Z: [    1.817346] ACPI: Added _OSI(3.0 _SCP Extensions)
[STDOUT  ] 2017-08-15T15:53:15.013604678Z: [    1.817634] ACPI: Added _OSI(Processor Aggregator Device)
[STDOUT  ] 2017-08-15T15:53:15.01361516Z: [    1.924849] ACPI: Interpreter enabled
[STDOUT  ] 2017-08-15T15:53:15.013625141Z: [    1.925612] ACPI: (supports S0 S5)
[STDOUT  ] 2017-08-15T15:53:15.013635304Z: [    1.925898] ACPI: Using IOAPIC for interrupt routing
[STDOUT  ] 2017-08-15T15:53:15.01364542Z: [    1.927771] PCI: Using host bridge windows from ACPI; if necessary, use "pci=nocrs" and report a bug
[STDOUT  ] 2017-08-15T15:53:15.013657563Z: [    2.062661] ACPI: PCI Root Bridge [PCI0] (domain 0000 [bus 00-ff])
[STDOUT  ] 2017-08-15T15:53:15.013668844Z: [    2.063594] acpi PNP0A08:00: _OSC: OS supports [ExtendedConfig ASPM ClockPM Segments MSI]
[STDOUT  ] 2017-08-15T15:53:15.013686828Z: [    2.070648] acpi PNP0A08:00: _OSC: OS now controls [PCIeHotplug PME PCIeCapability]
[STDOUT  ] 2017-08-15T15:53:15.01369872Z: [    2.075951] PCI host bridge to bus 0000:00
[STDOUT  ] 2017-08-15T15:53:15.013713381Z: [    2.076403] pci_bus 0000:00: root bus resource [io  0x0000-0x0cf7 window]
[STDOUT  ] 2017-08-15T15:53:15.013724581Z: [    2.076851] pci_bus 0000:00: root bus resource [io  0x0d00-0xffff window]
[STDOUT  ] 2017-08-15T15:53:15.013735456Z: [    2.077308] pci_bus 0000:00: root bus resource [mem 0x000a0000-0x000bffff window]
[STDOUT  ] 2017-08-15T15:53:15.013746188Z: [    2.077749] pci_bus 0000:00: root bus resource [mem 0xc0000000-0xfebfffff window]
[STDOUT  ] 2017-08-15T15:53:15.013756975Z: [    2.078321] pci_bus 0000:00: root bus resource [bus 00-ff]
[STDOUT  ] 2017-08-15T15:53:15.0137678Z: [    2.262458] pci 0000:00:1f.0: quirk: [io  0x0600-0x067f] claimed by ICH6 ACPI/GPIO/TCO
[STDOUT  ] 2017-08-15T15:53:15.013779544Z: [    2.341668] ACPI: PCI Interrupt Link [LNKA] (IRQs 5 *10 11)
[STDOUT  ] 2017-08-15T15:53:15.013790295Z: [    2.343816] ACPI: PCI Interrupt Link [LNKB] (IRQs 5 *10 11)
[STDOUT  ] 2017-08-15T15:53:15.013800995Z: [    2.346399] ACPI: PCI Interrupt Link [LNKC] (IRQs 5 10 *11)
[STDOUT  ] 2017-08-15T15:53:15.01381169Z: [    2.348884] ACPI: PCI Interrupt Link [LNKD] (IRQs 5 10 *11)
[STDOUT  ] 2017-08-15T15:53:15.013822438Z: [    2.351484] ACPI: PCI Interrupt Link [LNKE] (IRQs 5 *10 11)
[STDOUT  ] 2017-08-15T15:53:15.013833111Z: [    2.353177] ACPI: PCI Interrupt Link [LNKF] (IRQs 5 *10 11)
[STDOUT  ] 2017-08-15T15:53:15.013843745Z: [    2.355001] ACPI: PCI Interrupt Link [LNKG] (IRQs 5 10 *11)
[STDOUT  ] 2017-08-15T15:53:15.013854719Z: [    2.357468] ACPI: PCI Interrupt Link [LNKH] (IRQs 5 10 *11)
[STDOUT  ] 2017-08-15T15:53:15.013865515Z: [    2.358562] ACPI: PCI Interrupt Link [GSIA] (IRQs *16)
[STDOUT  ] 2017-08-15T15:53:15.013876577Z: [    2.359222] ACPI: PCI Interrupt Link [GSIB] (IRQs *17)
[STDOUT  ] 2017-08-15T15:53:15.013887223Z: [    2.359801] ACPI: PCI Interrupt Link [GSIC] (IRQs *18)
[STDOUT  ] 2017-08-15T15:53:15.013897805Z: [    2.360360] ACPI: PCI Interrupt Link [GSID] (IRQs *19)
[STDOUT  ] 2017-08-15T15:53:15.013913806Z: [    2.360936] ACPI: PCI Interrupt Link [GSIE] (IRQs *20)
[STDOUT  ] 2017-08-15T15:53:15.013929174Z: [    2.361596] ACPI: PCI Interrupt Link [GSIF] (IRQs *21)
[STDOUT  ] 2017-08-15T15:53:15.013939856Z: [    2.362260] ACPI: PCI Interrupt Link [GSIG] (IRQs *22)
[STDOUT  ] 2017-08-15T15:53:15.013950505Z: [    2.362928] ACPI: PCI Interrupt Link [GSIH] (IRQs *23)
[STDOUT  ] 2017-08-15T15:53:15.01396113Z: [    2.367556] ACPI: Enabled 2 GPEs in block 00 to 3F
[STDOUT  ] 2017-08-15T15:53:15.013971862Z: [    2.372267] SCSI subsystem initialized
[STDOUT  ] 2017-08-15T15:53:15.013982653Z: [    2.374933] ACPI: bus type USB registered
[STDOUT  ] 2017-08-15T15:53:15.013993216Z: [    2.376162] usbcore: registered new interface driver usbfs
[STDOUT  ] 2017-08-15T15:53:15.014003783Z: [    2.377038] usbcore: registered new interface driver hub
[STDOUT  ] 2017-08-15T15:53:15.014014414Z: [    2.377797] usbcore: registered new device driver usb
[STDOUT  ] 2017-08-15T15:53:15.014024998Z: [    2.379409] pps_core: LinuxPPS API ver. 1 registered
[STDOUT  ] 2017-08-15T15:53:15.014035444Z: [    2.379658] pps_core: Software ver. 5.3.6 - Copyright 2005-2007 Rodolfo Giometti <giometti@linux.it>
[STDOUT  ] 2017-08-15T15:53:15.014051121Z: [    2.380309] PTP clock support registered
[STDOUT  ] 2017-08-15T15:53:15.014071891Z: [    2.381990] wmi: Mapper loaded
[STDOUT  ] 2017-08-15T15:53:15.014083325Z: [    2.383493] PCI: Using ACPI for IRQ routing
[STDOUT  ] 2017-08-15T15:53:15.01409412Z: [    2.406469] NetLabel: Initializing
[STDOUT  ] 2017-08-15T15:53:15.014106226Z: [    2.406700] NetLabel:  domain hash size = 128
[STDOUT  ] 2017-08-15T15:53:15.014116976Z: [    2.406912] NetLabel:  protocols = UNLABELED CIPSOv4
[STDOUT  ] 2017-08-15T15:53:15.014127697Z: [    2.409601] NetLabel:  unlabeled traffic allowed by default
[STDOUT  ] 2017-08-15T15:53:15.014138624Z: [    2.410551] HPET: 3 timers in total, 0 timers will be used for per-cpu timer
[STDOUT  ] 2017-08-15T15:53:15.014149283Z: [    2.411227] hpet0: at MMIO 0xfed00000, IRQs 2, 8, 0
[STDOUT  ] 2017-08-15T15:53:15.014159926Z: [    2.411673] hpet0: 3 comparators, 64-bit 100.000000 MHz counter
[STDOUT  ] 2017-08-15T15:53:15.014170523Z: [    2.417360] clocksource: Switched to clocksource hpet
[STDOUT  ] 2017-08-15T15:53:15.014181239Z: [    2.780611] VFS: Disk quotas dquot_6.6.0
[STDOUT  ] 2017-08-15T15:53:15.014196629Z: [    2.781473] VFS: Dquot-cache hash table entries: 512 (order 0, 4096 bytes)
[STDOUT  ] 2017-08-15T15:53:15.014207727Z: [    2.784093] FS-Cache: Loaded
[STDOUT  ] 2017-08-15T15:53:15.014218484Z: [    2.790969] CacheFiles: Loaded
[STDOUT  ] 2017-08-15T15:53:15.014229208Z: [    2.792519] pnp: PnP ACPI init
[STDOUT  ] 2017-08-15T15:53:15.014239841Z: [    2.808225] pnp: PnP ACPI: found 5 devices
[STDOUT  ] 2017-08-15T15:53:15.014250581Z: [    2.872803] clocksource: acpi_pm: mask: 0xffffff max_cycles: 0xffffff, max_idle_ns: 2085701024 ns
[STDOUT  ] 2017-08-15T15:53:15.014264888Z: [    2.876344] NET: Registered protocol family 2
[STDOUT  ] 2017-08-15T15:53:15.01427553Z: [    2.885732] TCP established hash table entries: 8192 (order: 4, 65536 bytes)
[STDOUT  ] 2017-08-15T15:53:15.014286452Z: [    2.886403] TCP bind hash table entries: 8192 (order: 5, 131072 bytes)
[STDOUT  ] 2017-08-15T15:53:15.014297187Z: [    2.887077] TCP: Hash tables configured (established 8192 bind 8192)
[STDOUT  ] 2017-08-15T15:53:15.014307878Z: [    2.889335] UDP hash table entries: 512 (order: 2, 16384 bytes)
[STDOUT  ] 2017-08-15T15:53:15.014318604Z: [    2.889862] UDP-Lite hash table entries: 512 (order: 2, 16384 bytes)
[STDOUT  ] 2017-08-15T15:53:15.014329384Z: [    2.892891] NET: Registered protocol family 1
[STDOUT  ] 2017-08-15T15:53:15.014340079Z: [    2.893779] pci 0000:00:01.0: Video device with shadowed ROM at [mem 0x000c0000-0x000dffff]
[STDOUT  ] 2017-08-15T15:53:15.014351615Z: [    2.904675] Unpacking initramfs...
[STDOUT  ] 2017-08-15T15:53:15.014362288Z: [    7.952608] Freeing initrd memory: 25928K
[STDOUT  ] 2017-08-15T15:53:15.014378031Z: [    7.977013] PCLMULQDQ-NI instructions are not detected.
[STDOUT  ] 2017-08-15T15:53:15.014394061Z: [    7.978159] AVX or AES-NI instructions are not detected.
[STDOUT  ] 2017-08-15T15:53:15.014405121Z: [    7.978594] CPU feature 'AVX registers' is not supported.
[STDOUT  ] 2017-08-15T15:53:15.014415942Z: [    7.979046] CPU feature 'AVX registers' is not supported.
[STDOUT  ] 2017-08-15T15:53:15.014431487Z: [    7.979440] CPU feature 'AVX registers' is not supported.
[STDOUT  ] 2017-08-15T15:53:15.01444366Z: [    7.979831] CPU feature 'AVX registers' is not supported.
[STDOUT  ] 2017-08-15T15:53:15.014454081Z: [    7.980432] AVX2 or AES-NI instructions are not detected.
[STDOUT  ] 2017-08-15T15:53:15.014464833Z: [    7.980832] AVX2 instructions are not detected.
[STDOUT  ] 2017-08-15T15:53:15.014478466Z: [    7.986565] audit: initializing netlink subsys (disabled)
[STDOUT  ] 2017-08-15T15:53:15.014489596Z: [    7.988113] audit: type=2000 audit(1502812343.980:1): initialized
[STDOUT  ] 2017-08-15T15:53:15.014500406Z: [    7.996201] workingset: timestamp_bits=46 max_order=18 bucket_order=0
[STDOUT  ] 2017-08-15T15:53:15.01451128Z: [    8.005574] FS-Cache: Netfs 'cifs' registered for caching
[STDOUT  ] 2017-08-15T15:53:15.01452694Z: [    8.006494] fuse init (API version 7.26)
[STDOUT  ] 2017-08-15T15:53:15.014537517Z: [    8.008654] SGI XFS with ACLs, security attributes, no debug enabled
[STDOUT  ] 2017-08-15T15:53:15.01455219Z: [    8.012942] 9p: Installing v9fs 9p2000 file system support
[STDOUT  ] 2017-08-15T15:53:15.014562537Z: [    8.013424] FS-Cache: Netfs '9p' registered for caching
[STDOUT  ] 2017-08-15T15:53:15.01457296Z: [    8.046083] NET: Registered protocol family 38
[STDOUT  ] 2017-08-15T15:53:15.014583428Z: [    8.047045] Key type asymmetric registered
[STDOUT  ] 2017-08-15T15:53:15.014593551Z: [    8.047406] Asymmetric key parser 'x509' registered
[STDOUT  ] 2017-08-15T15:53:15.014603353Z: [    8.048139] Block layer SCSI generic (bsg) driver version 0.4 loaded (major 251)
[STDOUT  ] 2017-08-15T15:53:15.014613228Z: [    8.049583] io scheduler noop registered
[STDOUT  ] 2017-08-15T15:53:15.014622961Z: [    8.049910] io scheduler deadline registered (default)
[STDOUT  ] 2017-08-15T15:53:15.01463254Z: [    8.051312] io scheduler cfq registered
[STDOUT  ] 2017-08-15T15:53:15.014642968Z: [    8.053812] pci_hotplug: PCI Hot Plug PCI Core version: 0.5
[STDOUT  ] 2017-08-15T15:53:15.014657393Z: [    8.054481] pciehp: PCI Express Hot Plug Controller Driver version: 0.4
[STDOUT  ] 2017-08-15T15:53:15.014668055Z: [    8.055257] shpchp: Standard Hot Plug PCI Controller Driver version: 0.4
[STDOUT  ] 2017-08-15T15:53:15.014678633Z: [    8.056055] hv_vmbus: registering driver hyperv_fb
[STDOUT  ] 2017-08-15T15:53:15.014688616Z: [    8.059151] input: Power Button as /devices/LNXSYSTM:00/LNXPWRBN:00/input/input0
[STDOUT  ] 2017-08-15T15:53:15.014698704Z: [    8.061360] ACPI: Power Button [PWRF]
[STDOUT  ] 2017-08-15T15:53:15.01470871Z: [    8.066416] GHES: HEST is not enabled!
[STDOUT  ] 2017-08-15T15:53:15.014718625Z: [    8.077575] ACPI: PCI Interrupt Link [GSIG] enabled at IRQ 22
[STDOUT  ] 2017-08-15T15:53:15.014728388Z: [    8.090405] ACPI: PCI Interrupt Link [GSIH] enabled at IRQ 23
[STDOUT  ] 2017-08-15T15:53:15.014738046Z: [    8.094329] xenfs: not registering filesystem on non-xen platform
[STDOUT  ] 2017-08-15T15:53:15.014747624Z: [    8.096274] Serial: 8250/16550 driver, 4 ports, IRQ sharing disabled
[STDOUT  ] 2017-08-15T15:53:15.014757138Z: [    8.121224] 00:04: ttyS0 at I/O 0x3f8 (irq = 4, base_baud = 115200) is a 16550A
[STDOUT  ] 2017-08-15T15:53:15.014767106Z: [    8.132196] Non-volatile memory driver v1.3
[STDOUT  ] 2017-08-15T15:53:15.014776602Z: [    8.138577] Hangcheck: starting hangcheck timer 0.9.1 (tick is 180 seconds, margin is 60 seconds).
[STDOUT  ] 2017-08-15T15:53:15.01478615Z: [    8.143875] random: fast init done
[STDOUT  ] 2017-08-15T15:53:15.014796386Z: [    8.144986] random: crng init done
[STDOUT  ] 2017-08-15T15:53:15.014806896Z: [    8.180752] loop: module loaded
[STDOUT  ] 2017-08-15T15:53:15.014823013Z: [    8.195823] nbd: registered device at major 43
[STDOUT  ] 2017-08-15T15:53:15.014833446Z: [    8.245135] lpc_ich 0000:00:1f.0: I/O space for GPIO uninitialized
[STDOUT  ] 2017-08-15T15:53:15.014844024Z: [    8.246889] VMware PVSCSI driver - version 1.0.7.0-k
[STDOUT  ] 2017-08-15T15:53:15.014855023Z: [    8.247647] hv_vmbus: registering driver hv_storvsc
[STDOUT  ] 2017-08-15T15:53:15.01486581Z: [    8.261799] ACPI: PCI Interrupt Link [GSIA] enabled at IRQ 16
[STDOUT  ] 2017-08-15T15:53:15.014881015Z: [    8.273214] ahci 0000:00:1f.2: AHCI 0001.0000 32 slots 6 ports 1.5 Gbps 0x3f impl SATA mode
[STDOUT  ] 2017-08-15T15:53:15.0148922Z: [    8.274247] ahci 0000:00:1f.2: flags: 64bit ncq only 
[STDOUT  ] 2017-08-15T15:53:15.014902361Z: [    8.301062] scsi host0: ahci
[STDOUT  ] 2017-08-15T15:53:15.014914453Z: [    8.308306] scsi host1: ahci
[STDOUT  ] 2017-08-15T15:53:15.014925023Z: [    8.311800] scsi host2: ahci
[STDOUT  ] 2017-08-15T15:53:15.014935583Z: [    8.314160] scsi host3: ahci
[STDOUT  ] 2017-08-15T15:53:15.014946653Z: [    8.316415] scsi host4: ahci
[STDOUT  ] 2017-08-15T15:53:15.014957437Z: [    8.318657] scsi host5: ahci
[STDOUT  ] 2017-08-15T15:53:15.014972923Z: [    8.324421] ata1: SATA max UDMA/133 abar m4096@0xfebd2000 port 0xfebd2100 irq 24
[STDOUT  ] 2017-08-15T15:53:15.0149945Z: [    8.324909] ata2: SATA max UDMA/133 abar m4096@0xfebd2000 port 0xfebd2180 irq 24
[STDOUT  ] 2017-08-15T15:53:15.015006618Z: [    8.325340] ata3: SATA max UDMA/133 abar m4096@0xfebd2000 port 0xfebd2200 irq 24
[STDOUT  ] 2017-08-15T15:53:15.015016998Z: [    8.325759] ata4: SATA max UDMA/133 abar m4096@0xfebd2000 port 0xfebd2280 irq 24
[STDOUT  ] 2017-08-15T15:53:15.015027248Z: [    8.326176] ata5: SATA max UDMA/133 abar m4096@0xfebd2000 port 0xfebd2300 irq 24
[STDOUT  ] 2017-08-15T15:53:15.015037317Z: [    8.326602] ata6: SATA max UDMA/133 abar m4096@0xfebd2000 port 0xfebd2380 irq 24
[STDOUT  ] 2017-08-15T15:53:15.015047142Z: [    8.343638] tun: Universal TUN/TAP device driver, 1.6
[STDOUT  ] 2017-08-15T15:53:15.01505822Z: [    8.344012] tun: (C) 1999-2004 Max Krasnyansky <maxk@qualcomm.com>
[STDOUT  ] 2017-08-15T15:53:15.015071274Z: [    8.356149] VMware vmxnet3 virtual NIC driver - version 1.4.a.0-k-NAPI
[STDOUT  ] 2017-08-15T15:53:15.015082216Z: [    8.357912] hv_vmbus: registering driver hv_netvsc
[STDOUT  ] 2017-08-15T15:53:15.015092967Z: [    8.358708] Fusion MPT base driver 3.04.20
[STDOUT  ] 2017-08-15T15:53:15.015102312Z: [    8.359182] Copyright (c) 1999-2008 LSI Corporation
[STDOUT  ] 2017-08-15T15:53:15.015120307Z: [    8.359721] Fusion MPT SPI Host driver 3.04.20
[STDOUT  ] 2017-08-15T15:53:15.015131637Z: [    8.362042] i8042: PNP: PS/2 Controller [PNP0303:KBD,PNP0f13:MOU] at 0x60,0x64 irq 1,12
[STDOUT  ] 2017-08-15T15:53:15.015142775Z: [    8.365931] serio: i8042 KBD port at 0x60,0x64 irq 1
[STDOUT  ] 2017-08-15T15:53:15.015153073Z: [    8.366516] serio: i8042 AUX port at 0x60,0x64 irq 12
[STDOUT  ] 2017-08-15T15:53:15.015163829Z: [    8.369539] hv_vmbus: registering driver hyperv_keyboard
[STDOUT  ] 2017-08-15T15:53:15.015174361Z: [    8.373144] mousedev: PS/2 mouse device common for all mice
[STDOUT  ] 2017-08-15T15:53:15.015184643Z: [    8.379344] input: AT Translated Set 2 keyboard as /devices/platform/i8042/serio0/input/input1
[STDOUT  ] 2017-08-15T15:53:15.015195725Z: [    8.381856] input: PC Speaker as /devices/platform/pcspkr/input/input2
[STDOUT  ] 2017-08-15T15:53:15.015209879Z: [    8.385977] rtc_cmos 00:00: RTC can wake from S4
[STDOUT  ] 2017-08-15T15:53:15.015221386Z: [    8.391538] rtc_cmos 00:00: rtc core: registered rtc_cmos as rtc0
[STDOUT  ] 2017-08-15T15:53:15.015237995Z: [    8.393291] rtc_cmos 00:00: alarms up to one day, y3k, 114 bytes nvram, hpet irqs
[STDOUT  ] 2017-08-15T15:53:15.015254108Z: [    8.393982] i2c /dev entries driver
[STDOUT  ] 2017-08-15T15:53:15.01526442Z: [    8.395858] device-mapper: ioctl: 4.35.0-ioctl (2016-06-23) initialised: dm-devel@redhat.com
[STDOUT  ] 2017-08-15T15:53:15.015275395Z: [    8.400905] usbcore: registered new interface driver usbhid
[STDOUT  ] 2017-08-15T15:53:15.015292395Z: [    8.401396] usbhid: USB HID core driver
[STDOUT  ] 2017-08-15T15:53:15.015302874Z: [    8.401942] hv_utils: Registering HyperV Utility Driver
[STDOUT  ] 2017-08-15T15:53:15.015313119Z: [    8.402301] hv_vmbus: registering driver hv_util
[STDOUT  ] 2017-08-15T15:53:15.015323803Z: [    8.402612] hv_vmbus: registering driver hv_balloon
[STDOUT  ] 2017-08-15T15:53:15.015334304Z: [    8.403093] oprofile: using NMI interrupt.
[STDOUT  ] 2017-08-15T15:53:15.01534666Z: [    8.404042] GACT probability on
[STDOUT  ] 2017-08-15T15:53:15.015357762Z: [    8.404616] Mirror/redirect action on
[STDOUT  ] 2017-08-15T15:53:15.015367457Z: [    8.406182] Simple TC action Loaded
[STDOUT  ] 2017-08-15T15:53:15.015377695Z: [    8.407190] u32 classifier
[STDOUT  ] 2017-08-15T15:53:15.015388223Z: [    8.407526]     Performance counters on
[STDOUT  ] 2017-08-15T15:53:15.015399065Z: [    8.408091]     input device check on
[STDOUT  ] 2017-08-15T15:53:15.015409456Z: [    8.408661]     Actions configured
[STDOUT  ] 2017-08-15T15:53:15.015419663Z: [    8.409921] Netfilter messages via NETLINK v0.30.
[STDOUT  ] 2017-08-15T15:53:15.015435812Z: [    8.410754] nfnl_acct: registering with nfnetlink.
[STDOUT  ] 2017-08-15T15:53:15.015446268Z: [    8.412019] nf_conntrack version 0.5.0 (8192 buckets, 32768 max)
[STDOUT  ] 2017-08-15T15:53:15.015455817Z: [    8.414924] ctnetlink v0.93: registering with nfnetlink.
[STDOUT  ] 2017-08-15T15:53:15.015465922Z: [    8.417923] nf_tables: (c) 2007-2009 Patrick McHardy <kaber@trash.net>
[STDOUT  ] 2017-08-15T15:53:15.01547609Z: [    8.418719] nf_tables_compat: (c) 2012 Pablo Neira Ayuso <pablo@netfilter.org>
[STDOUT  ] 2017-08-15T15:53:15.015486814Z: [    8.421359] xt_time: kernel timezone is -0000
[STDOUT  ] 2017-08-15T15:53:15.01549794Z: [    8.422277] ip_set: protocol 6
[STDOUT  ] 2017-08-15T15:53:15.015507977Z: [    8.423409] IPVS: Registered protocols (TCP, UDP, SCTP, AH, ESP)
[STDOUT  ] 2017-08-15T15:53:15.015519586Z: [    8.424439] IPVS: Connection hash table configured (size=4096, memory=64Kbytes)
[STDOUT  ] 2017-08-15T15:53:15.015530337Z: [    8.427391] IPVS: Creating netns size=2104 id=0
[STDOUT  ] 2017-08-15T15:53:15.015540317Z: [    8.429984] IPVS: ipvs loaded.
[STDOUT  ] 2017-08-15T15:53:15.015550094Z: [    8.430677] IPVS: [rr] scheduler registered.
[STDOUT  ] 2017-08-15T15:53:15.015559804Z: [    8.431015] IPVS: [wrr] scheduler registered.
[STDOUT  ] 2017-08-15T15:53:15.015570107Z: [    8.431315] IPVS: [lc] scheduler registered.
[STDOUT  ] 2017-08-15T15:53:15.015580615Z: [    8.431604] IPVS: [wlc] scheduler registered.
[STDOUT  ] 2017-08-15T15:53:15.015602286Z: [    8.431898] IPVS: [fo] scheduler registered.
[STDOUT  ] 2017-08-15T15:53:15.015613333Z: [    8.432187] IPVS: [ovf] scheduler registered.
[STDOUT  ] 2017-08-15T15:53:15.015623648Z: [    8.432587] IPVS: [lblc] scheduler registered.
[STDOUT  ] 2017-08-15T15:53:15.015637823Z: [    8.432989] IPVS: [lblcr] scheduler registered.
[STDOUT  ] 2017-08-15T15:53:15.01564803Z: [    8.433312] IPVS: [dh] scheduler registered.
[STDOUT  ] 2017-08-15T15:53:15.01565832Z: [    8.433604] IPVS: [sh] scheduler registered.
[STDOUT  ] 2017-08-15T15:53:15.015668723Z: [    8.433987] IPVS: [sed] scheduler registered.
[STDOUT  ] 2017-08-15T15:53:15.015679398Z: [    8.434290] IPVS: [nq] scheduler registered.
[STDOUT  ] 2017-08-15T15:53:15.015690762Z: [    8.434932] IPVS: ftp: loaded support on port[0] = 21
[STDOUT  ] 2017-08-15T15:53:15.015709329Z: [    8.435846] ipip: IPv4 and MPLS over IPv4 tunneling driver
[STDOUT  ] 2017-08-15T15:53:15.015720827Z: [    8.442256] gre: GRE over IPv4 demultiplexor driver
[STDOUT  ] 2017-08-15T15:53:15.015732748Z: [    8.445710] ip_tables: (C) 2000-2006 Netfilter Core Team
[STDOUT  ] 2017-08-15T15:53:15.015745125Z: [    8.448973] ipt_CLUSTERIP: ClusterIP Version 0.8 loaded successfully
[STDOUT  ] 2017-08-15T15:53:15.015758761Z: [    8.449669] arp_tables: arp_tables: (C) 2002 David S. Miller
[STDOUT  ] 2017-08-15T15:53:15.015770158Z: [    8.452362] NET: Registered protocol family 10
[STDOUT  ] 2017-08-15T15:53:15.015788018Z: [    8.464612] ip6_tables: (C) 2000-2006 Netfilter Core Team
[STDOUT  ] 2017-08-15T15:53:15.015799335Z: [    8.474971] NET: Registered protocol family 17
[STDOUT  ] 2017-08-15T15:53:15.015811514Z: [    8.478355] Bridge firewalling registered
[STDOUT  ] 2017-08-15T15:53:15.015823101Z: [    8.478901] Ebtables v2.0 registered
[STDOUT  ] 2017-08-15T15:53:15.015842613Z: [    8.481063] 8021q: 802.1Q VLAN Support v1.8
[STDOUT  ] 2017-08-15T15:53:15.015853709Z: [    8.482439] 9pnet: Installing 9P2000 support
[STDOUT  ] 2017-08-15T15:53:15.015865038Z: [    8.483848] Key type dns_resolver registered
[STDOUT  ] 2017-08-15T15:53:15.015876719Z: [    8.484733] microcode: AMD CPU family 0x6 not supported
[STDOUT  ] 2017-08-15T15:53:15.01588813Z: [    8.488449] registered taskstats version 1
[STDOUT  ] 2017-08-15T15:53:15.015899354Z: [    8.663906] ata5: SATA link down (SStatus 0 SControl 300)
[STDOUT  ] 2017-08-15T15:53:15.015910337Z: [    8.665729] ata4: SATA link down (SStatus 0 SControl 300)
[STDOUT  ] 2017-08-15T15:53:15.015921256Z: [    8.666335] ata3: SATA link up 1.5 Gbps (SStatus 113 SControl 300)
[STDOUT  ] 2017-08-15T15:53:15.015937161Z: [    8.669756] ata3.00: ATAPI: QEMU DVD-ROM, 2.5+, max UDMA/100
[STDOUT  ] 2017-08-15T15:53:15.015948744Z: [    8.670350] ata3.00: applying bridge limits
[STDOUT  ] 2017-08-15T15:53:15.015959954Z: [    8.671441] ata2: SATA link down (SStatus 0 SControl 300)
[STDOUT  ] 2017-08-15T15:53:15.015971386Z: [    8.671817] ata1: SATA link up 1.5 Gbps (SStatus 113 SControl 300)
[STDOUT  ] 2017-08-15T15:53:15.015982831Z: [    8.672619] ata1.00: ATA-7: QEMU HARDDISK, 2.5+, max UDMA/100
[STDOUT  ] 2017-08-15T15:53:15.015994064Z: [    8.672921] ata1.00: 1048576 sectors, multi 16: LBA48 NCQ (depth 31/32)
[STDOUT  ] 2017-08-15T15:53:15.016005034Z: [    8.673308] ata1.00: applying bridge limits
[STDOUT  ] 2017-08-15T15:53:15.016016269Z: [    8.674468] ata1.00: configured for UDMA/100
[STDOUT  ] 2017-08-15T15:53:15.016027647Z: [    8.678189] ata6: SATA link down (SStatus 0 SControl 300)
[STDOUT  ] 2017-08-15T15:53:15.01603954Z: [    8.690609] ata3.00: configured for UDMA/100
[STDOUT  ] 2017-08-15T15:53:15.016050437Z: [    8.700867] scsi 0:0:0:0: Direct-Access     ATA      QEMU HARDDISK    2.5+ PQ: 0 ANSI: 5
[STDOUT  ] 2017-08-15T15:53:15.016068138Z: [    8.719105] sd 0:0:0:0: [sda] 1048576 512-byte logical blocks: (537 MB/512 MiB)
[STDOUT  ] 2017-08-15T15:53:15.016079964Z: [    8.723820] sd 0:0:0:0: Attached scsi generic sg0 type 0
[STDOUT  ] 2017-08-15T15:53:15.01609098Z: [    8.725608] sd 0:0:0:0: [sda] Write Protect is off
[STDOUT  ] 2017-08-15T15:53:15.01610978Z: [    8.733191] sd 0:0:0:0: [sda] Write cache: enabled, read cache: enabled, doesn't support DPO or FUA
[STDOUT  ] 2017-08-15T15:53:15.016121486Z: [    8.736013] scsi 2:0:0:0: CD-ROM            QEMU     QEMU DVD-ROM     2.5+ PQ: 0 ANSI: 5
[STDOUT  ] 2017-08-15T15:53:15.01613324Z: [    8.755691] sr 2:0:0:0: [sr0] scsi3-mmc drive: 4x/4x cd/rw xa/form2 tray
[STDOUT  ] 2017-08-15T15:53:15.016144345Z: [    8.756372] cdrom: Uniform CD-ROM driver Revision: 3.20
[STDOUT  ] 2017-08-15T15:53:15.016155757Z: [    8.773716] sr 2:0:0:0: Attached scsi generic sg1 type 5
[STDOUT  ] 2017-08-15T15:53:15.016166785Z: [    8.790025] sd 0:0:0:0: [sda] Attached SCSI disk
[STDOUT  ] 2017-08-15T15:53:15.016178073Z: [    8.802008] Key type big_key registered
[STDOUT  ] 2017-08-15T15:53:15.01618891Z: [    8.863571] Key type encrypted registered
[STDOUT  ] 2017-08-15T15:53:15.016199947Z: [    8.869862] rtc_cmos 00:00: setting system clock to 2017-08-15 15:52:26 UTC (1502812346)
[STDOUT  ] 2017-08-15T15:53:15.016211254Z: [    9.033908] Freeing unused kernel memory: 1380K
[STDOUT  ] 2017-08-15T15:53:15.016222791Z: [    9.034325] Write protecting the kernel read-only data: 12288k
[STDOUT  ] 2017-08-15T15:53:15.01623394Z: [    9.035913] tsc: Refined TSC clocksource calibration: 2300.041 MHz
[STDOUT  ] 2017-08-15T15:53:15.016245031Z: [    9.036411] clocksource: tsc: mask: 0xffffffffffffffff max_cycles: 0x21275bc6978, max_idle_ns: 440795241275 ns
[STDOUT  ] 2017-08-15T15:53:15.016276939Z: [    9.042199] Freeing unused kernel memory: 148K
[STDOUT  ] 2017-08-15T15:53:15.016288392Z: [    9.164596] Freeing unused kernel memory: 1400K
[STDOUT  ] 2017-08-15T15:53:15.016299433Z: [   10.050957] clocksource: Switched to clocksource tsc
[STDOUT  ] 2017-08-15T15:53:15.016316089Z: 
[STDOUT  ] 2017-08-15T15:53:15.016328449Z: Welcome to LinuxKit
[STDOUT  ] 2017-08-15T15:53:15.016345085Z: 
[STDOUT  ] 2017-08-15T15:53:15.016356457Z:                         ##         .
[STDOUT  ] 2017-08-15T15:53:15.016367549Z:                   ## ## ##        ==
[STDOUT  ] 2017-08-15T15:53:15.016378552Z:                ## ## ## ## ##    ===
[STDOUT  ] 2017-08-15T15:53:15.016389623Z:            /"""""""""""""""""\___/ ===
[STDOUT  ] 2017-08-15T15:53:15.016401628Z:           {                       /  ===-
[STDOUT  ] 2017-08-15T15:53:15.016412369Z:            \______ O           __/
[STDOUT  ] 2017-08-15T15:53:15.016429896Z:              \    \         __/
[STDOUT  ] 2017-08-15T15:53:15.01644108Z:               \____\_______/
[STDOUT  ] 2017-08-15T15:53:15.016452028Z: 
[STDOUT  ] 2017-08-15T15:53:15.016465217Z: [   21.415513] IPVS: Creating netns size=2104 id=1
[STDOUT  ] 2017-08-15T15:53:15.016480829Z: [   21.416321] IPVS: ftp: loaded support on port[0] = 21
[STDOUT  ] 2017-08-15T15:53:15.01649957Z: 2017/08/15 15:52:40 Creating partition on /dev/sda
[STDOUT  ] 2017-08-15T15:53:15.01651052Z: [   24.354514]  sda:
[STDOUT  ] 2017-08-15T15:53:15.016521505Z: [   24.465480]  sda:
[STDOUT  ] 2017-08-15T15:53:15.016532357Z: [   24.518938]  sda: sda1
[STDOUT  ] 2017-08-15T15:53:15.016543508Z: [   24.644620]  sda: sda1
[STDOUT  ] 2017-08-15T15:53:15.016554618Z: 2017/08/15 15:52:44 Partition /dev/sda1 successfully created!
[STDOUT  ] 2017-08-15T15:53:15.016565516Z: [   36.125537] IPVS: Creating netns size=2104 id=2
[STDOUT  ] 2017-08-15T15:53:15.01657641Z: [   36.126053] IPVS: ftp: loaded support on port[0] = 21
[STDOUT  ] 2017-08-15T15:53:15.016587341Z: [   38.954200] EXT4-fs (sda1): couldn't mount as ext3 due to feature incompatibilities
[STDOUT  ] 2017-08-15T15:53:15.016599091Z: [   38.964263] EXT4-fs (sda1): couldn't mount as ext2 due to feature incompatibilities
[STDOUT  ] 2017-08-15T15:53:15.016611127Z: [   39.003506] EXT4-fs (sda1): mounted filesystem with ordered data mode. Opts: (null)
[STDOUT  ] 2017-08-15T15:53:15.01662802Z: format_mount test suite PASSED
[STDOUT  ] 2017-08-15T15:53:15.016639081Z: [   56.984604] sd 0:0:0:0: [sda] Synchronizing SCSI cache
[STDOUT  ] 2017-08-15T15:53:15.016649967Z: [   56.985583] sd 0:0:0:0: [sda] Stopping disk
[STDOUT  ] 2017-08-15T15:53:15.016661055Z: [   56.989533] ACPI: Preparing to enter system sleep state S5
[STDOUT  ] 2017-08-15T15:53:15.016672069Z: [   56.991760] reboot: Power down
[STDERR  ] 2017-08-15T15:53:15.012068675Z: [    2.346399] ACPI: PCI Interrupt Link [LNKC] (IRQs 5 10 *11)
[STDERR  ] 2017-08-15T15:53:15.016736828Z: [    2.348884] ACPI: PCI Interrupt Link [LNKD] (IRQs 5 10 *11)
[STDERR  ] 2017-08-15T15:53:15.016756057Z: [    2.351484] ACPI: PCI Interrupt Link [LNKE] (IRQs 5 *10 11)
[STDERR  ] 2017-08-15T15:53:15.016768604Z: [    2.353177] ACPI: PCI Interrupt Link [LNKF] (IRQs 5 *10 11)
[STDERR  ] 2017-08-15T15:53:15.016779879Z: [    2.355001] ACPI: PCI Interrupt Link [LNKG] (IRQs 5 10 *11)
[STDERR  ] 2017-08-15T15:53:15.016790776Z: [    2.357468] ACPI: PCI Interrupt Link [LNKH] (IRQs 5 10 *11)
[STDERR  ] 2017-08-15T15:53:15.016802158Z: [    2.358562] ACPI: PCI Interrupt Link [GSIA] (IRQs *16)
[STDERR  ] 2017-08-15T15:53:15.016818408Z: [    2.359222] ACPI: PCI Interrupt Link [GSIB] (IRQs *17)
[STDERR  ] 2017-08-15T15:53:15.016828012Z: [    2.359801] ACPI: PCI Interrupt Link [GSIC] (IRQs *18)
[STDERR  ] 2017-08-15T15:53:15.016838814Z: [    2.360360] ACPI: PCI Interrupt Link [GSID] (IRQs *19)
[STDERR  ] 2017-08-15T15:53:15.016864328Z: [    2.360936] ACPI: PCI Interrupt Link [GSIE] (IRQs *20)
[STDERR  ] 2017-08-15T15:53:15.016876382Z: [    2.361596] ACPI: PCI Interrupt Link [GSIF] (IRQs *21)
[STDERR  ] 2017-08-15T15:53:15.016894008Z: [    2.362260] ACPI: PCI Interrupt Link [GSIG] (IRQs *22)
[STDERR  ] 2017-08-15T15:53:15.016904561Z: [    2.362928] ACPI: PCI Interrupt Link [GSIH] (IRQs *23)
[STDERR  ] 2017-08-15T15:53:15.016914648Z: [    2.367556] ACPI: Enabled 2 GPEs in block 00 to 3F
[STDERR  ] 2017-08-15T15:53:15.016925318Z: [    2.372267] SCSI subsystem initialized
[STDERR  ] 2017-08-15T15:53:15.016936606Z: [    2.374933] ACPI: bus type USB registered
[STDERR  ] 2017-08-15T15:53:15.016946358Z: [    2.376162] usbcore: registered new interface driver usbfs
[STDERR  ] 2017-08-15T15:53:15.016956916Z: [    2.377038] usbcore: registered new interface driver hub
[STDERR  ] 2017-08-15T15:53:15.016976045Z: [    2.377797] usbcore: registered new device driver usb
[STDERR  ] 2017-08-15T15:53:15.016985565Z: [    2.379409] pps_core: LinuxPPS API ver. 1 registered
[STDERR  ] 2017-08-15T15:53:15.016994945Z: [    2.379658] pps_core: Software ver. 5.3.6 - Copyright 2005-2007 Rodolfo Giometti <giometti@linux.it>
[STDERR  ] 2017-08-15T15:53:15.017005419Z: [    2.380309] PTP clock support registered
[STDERR  ] 2017-08-15T15:53:15.017015375Z: [    2.381990] wmi: Mapper loaded
[STDERR  ] 2017-08-15T15:53:15.017032261Z: [    2.383493] PCI: Using ACPI for IRQ routing
[STDERR  ] 2017-08-15T15:53:15.017043584Z: [    2.406469] NetLabel: Initializing
[STDERR  ] 2017-08-15T15:53:15.017054273Z: [    2.406700] NetLabel:  domain hash size = 128
[STDERR  ] 2017-08-15T15:53:15.017065552Z: [    2.406912] NetLabel:  protocols = UNLABELED CIPSOv4
[STDERR  ] 2017-08-15T15:53:15.017076159Z: [    2.409601] NetLabel:  unlabeled traffic allowed by default
[STDERR  ] 2017-08-15T15:53:15.017086389Z: [    2.410551] HPET: 3 timers in total, 0 timers will be used for per-cpu timer
[STDERR  ] 2017-08-15T15:53:15.017096954Z: [    2.411227] hpet0: at MMIO 0xfed00000, IRQs 2, 8, 0
[STDERR  ] 2017-08-15T15:53:15.017107601Z: [    2.411673] hpet0: 3 comparators, 64-bit 100.000000 MHz counter
[STDERR  ] 2017-08-15T15:53:15.017118377Z: [    2.417360] clocksource: Switched to clocksource hpet
[STDERR  ] 2017-08-15T15:53:15.017128587Z: [    2.780611] VFS: Disk quotas dquot_6.6.0
[STDERR  ] 2017-08-15T15:53:15.017139429Z: [    2.781473] VFS: Dquot-cache hash table entries: 512 (order 0, 4096 bytes)
[STDERR  ] 2017-08-15T15:53:15.017149973Z: [    2.784093] FS-Cache: Loaded
[STDERR  ] 2017-08-15T15:53:15.017175819Z: [    2.790969] CacheFiles: Loaded
[STDERR  ] 2017-08-15T15:53:15.017186648Z: [    2.792519] pnp: PnP ACPI init
[STDERR  ] 2017-08-15T15:53:15.017201043Z: [    2.808225] pnp: PnP ACPI: found 5 devices
[STDERR  ] 2017-08-15T15:53:15.017211821Z: [    2.872803] clocksource: acpi_pm: mask: 0xffffff max_cycles: 0xffffff, max_idle_ns: 2085701024 ns
[STDERR  ] 2017-08-15T15:53:15.017222575Z: [    2.876344] NET: Registered protocol family 2
[STDERR  ] 2017-08-15T15:53:15.017232891Z: [    2.885732] TCP established hash table entries: 8192 (order: 4, 65536 bytes)
[STDERR  ] 2017-08-15T15:53:15.017243054Z: [    2.886403] TCP bind hash table entries: 8192 (order: 5, 131072 bytes)
[STDERR  ] 2017-08-15T15:53:15.01725358Z: [    2.887077] TCP: Hash tables configured (established 8192 bind 8192)
[STDERR  ] 2017-08-15T15:53:15.017263965Z: [    2.889335] UDP hash table entries: 512 (order: 2, 16384 bytes)
[STDERR  ] 2017-08-15T15:53:15.017274101Z: [    2.889862] UDP-Lite hash table entries: 512 (order: 2, 16384 bytes)
[STDERR  ] 2017-08-15T15:53:15.017291451Z: [    2.892891] NET: Registered protocol family 1
[STDERR  ] 2017-08-15T15:53:15.0173016Z: [    2.893779] pci 0000:00:01.0: Video device with shadowed ROM at [mem 0x000c0000-0x000dffff]
[STDERR  ] 2017-08-15T15:53:15.017312325Z: [    2.904675] Unpacking initramfs...
[STDERR  ] 2017-08-15T15:53:15.017322209Z: [    7.952608] Freeing initrd memory: 25928K
[STDERR  ] 2017-08-15T15:53:15.017332212Z: [    7.977013] PCLMULQDQ-NI instructions are not detected.
[STDERR  ] 2017-08-15T15:53:15.017342775Z: [    7.978159] AVX or AES-NI instructions are not detected.
[STDERR  ] 2017-08-15T15:53:15.017353086Z: [    7.978594] CPU feature 'AVX registers' is not supported.
[STDERR  ] 2017-08-15T15:53:15.017395682Z: [    7.979046] CPU feature 'AVX registers' is not supported.
[STDERR  ] 2017-08-15T15:53:15.017411248Z: [    7.979440] CPU feature 'AVX registers' is not supported.
[STDERR  ] 2017-08-15T15:53:15.017421915Z: [    7.979831] CPU feature 'AVX registers' is not supported.
[STDERR  ] 2017-08-15T15:53:15.01743222Z: [    7.980432] AVX2 or AES-NI instructions are not detected.
[STDERR  ] 2017-08-15T15:53:15.017442558Z: [    7.980832] AVX2 instructions are not detected.
[STDERR  ] 2017-08-15T15:53:15.017453416Z: [    7.986565] audit: initializing netlink subsys (disabled)
[STDERR  ] 2017-08-15T15:53:15.017463336Z: [    7.988113] audit: type=2000 audit(1502812343.980:1): initialized
[STDERR  ] 2017-08-15T15:53:15.017473415Z: [    7.996201] workingset: timestamp_bits=46 max_order=18 bucket_order=0
[STDERR  ] 2017-08-15T15:53:15.017483578Z: [    8.005574] FS-Cache: Netfs 'cifs' registered for caching
[STDERR  ] 2017-08-15T15:53:15.017504374Z: [    8.006494] fuse init (API version 7.26)
[STDERR  ] 2017-08-15T15:53:15.017515828Z: [    8.008654] SGI XFS with ACLs, security attributes, no debug enabled
[STDERR  ] 2017-08-15T15:53:15.017532726Z: [    8.012942] 9p: Installing v9fs 9p2000 file system support
[STDERR  ] 2017-08-15T15:53:15.017543721Z: [    8.013424] FS-Cache: Netfs '9p' registered for caching
[STDERR  ] 2017-08-15T15:53:15.017554081Z: [    8.046083] NET: Registered protocol family 38
[STDERR  ] 2017-08-15T15:53:15.017565158Z: [    8.047045] Key type asymmetric registered
[STDERR  ] 2017-08-15T15:53:15.01757588Z: [    8.047406] Asymmetric key parser 'x509' registered
[STDERR  ] 2017-08-15T15:53:15.017586526Z: [    8.048139] Block layer SCSI generic (bsg) driver version 0.4 loaded (major 251)
[STDERR  ] 2017-08-15T15:53:15.017596996Z: [    8.049583] io scheduler noop registered
[STDERR  ] 2017-08-15T15:53:15.017607723Z: [    8.049910] io scheduler deadline registered (default)
[STDERR  ] 2017-08-15T15:53:15.01761848Z: [    8.051312] io scheduler cfq registered
[STDERR  ] 2017-08-15T15:53:15.017629281Z: [    8.053812] pci_hotplug: PCI Hot Plug PCI Core version: 0.5
[STDERR  ] 2017-08-15T15:53:15.017639706Z: [    8.054481] pciehp: PCI Express Hot Plug Controller Driver version: 0.4
[STDERR  ] 2017-08-15T15:53:15.017649795Z: [    8.055257] shpchp: Standard Hot Plug PCI Controller Driver version: 0.4
[STDERR  ] 2017-08-15T15:53:15.017660193Z: [    8.056055] hv_vmbus: registering driver hyperv_fb
[STDERR  ] 2017-08-15T15:53:15.017677128Z: [    8.059151] input: Power Button as /devices/LNXSYSTM:00/LNXPWRBN:00/input/input0
[STDERR  ] 2017-08-15T15:53:15.017689368Z: [    8.061360] ACPI: Power Button [PWRF]
[STDERR  ] 2017-08-15T15:53:15.017700274Z: [    8.066416] GHES: HEST is not enabled!
[STDERR  ] 2017-08-15T15:53:15.01771063Z: [    8.077575] ACPI: PCI Interrupt Link [GSIG] enabled at IRQ 22
[STDERR  ] 2017-08-15T15:53:15.017721045Z: [    8.090405] ACPI: PCI Interrupt Link [GSIH] enabled at IRQ 23
[STDERR  ] 2017-08-15T15:53:15.017731221Z: [    8.094329] xenfs: not registering filesystem on non-xen platform
[STDERR  ] 2017-08-15T15:53:15.017740928Z: [    8.096274] Serial: 8250/16550 driver, 4 ports, IRQ sharing disabled
[STDERR  ] 2017-08-15T15:53:15.017750919Z: [    8.121224] 00:04: ttyS0 at I/O 0x3f8 (irq = 4, base_baud = 115200) is a 16550A
[STDERR  ] 2017-08-15T15:53:15.01776162Z: [    8.132196] Non-volatile memory driver v1.3
[STDERR  ] 2017-08-15T15:53:15.017772107Z: [    8.138577] Hangcheck: starting hangcheck timer 0.9.1 (tick is 180 seconds, margin is 60 seconds).
[STDERR  ] 2017-08-15T15:53:15.017799299Z: [    8.143875] random: fast init done
[STDERR  ] 2017-08-15T15:53:15.017810223Z: [    8.144986] random: crng init done
[STDERR  ] 2017-08-15T15:53:15.017821003Z: [    8.180752] loop: module loaded
[STDERR  ] 2017-08-15T15:53:15.017831907Z: [    8.195823] nbd: registered device at major 43
[STDERR  ] 2017-08-15T15:53:15.017842832Z: [    8.245135] lpc_ich 0000:00:1f.0: I/O space for GPIO uninitialized
[STDERR  ] 2017-08-15T15:53:15.017853696Z: [    8.246889] VMware PVSCSI driver - version 1.0.7.0-k
[STDERR  ] 2017-08-15T15:53:15.017872802Z: [    8.247647] hv_vmbus: registering driver hv_storvsc
[STDERR  ] 2017-08-15T15:53:15.017884372Z: [    8.261799] ACPI: PCI Interrupt Link [GSIA] enabled at IRQ 16
[STDERR  ] 2017-08-15T15:53:15.017895435Z: [    8.273214] ahci 0000:00:1f.2: AHCI 0001.0000 32 slots 6 ports 1.5 Gbps 0x3f impl SATA mode
[STDERR  ] 2017-08-15T15:53:15.017907541Z: [    8.274247] ahci 0000:00:1f.2: flags: 64bit ncq only 
[STDERR  ] 2017-08-15T15:53:15.01791889Z: [    8.301062] scsi host0: ahci
[STDERR  ] 2017-08-15T15:53:15.017930194Z: [    8.308306] scsi host1: ahci
[STDERR  ] 2017-08-15T15:53:15.017941226Z: [    8.311800] scsi host2: ahci
[STDERR  ] 2017-08-15T15:53:15.017952328Z: [    8.314160] scsi host3: ahci
[STDERR  ] 2017-08-15T15:53:15.017963021Z: [    8.316415] scsi host4: ahci
[STDERR  ] 2017-08-15T15:53:15.017973687Z: [    8.318657] scsi host5: ahci
[STDERR  ] 2017-08-15T15:53:15.017985221Z: [    8.324421] ata1: SATA max UDMA/133 abar m4096@0xfebd2000 port 0xfebd2100 irq 24
[STDERR  ] 2017-08-15T15:53:15.017996301Z: [    8.324909] ata2: SATA max UDMA/133 abar m4096@0xfebd2000 port 0xfebd2180 irq 24
[STDERR  ] 2017-08-15T15:53:15.018021276Z: [    8.325340] ata3: SATA max UDMA/133 abar m4096@0xfebd2000 port 0xfebd2200 irq 24
[STDERR  ] 2017-08-15T15:53:15.01803471Z: [    8.325759] ata4: SATA max UDMA/133 abar m4096@0xfebd2000 port 0xfebd2280 irq 24
[STDERR  ] 2017-08-15T15:53:15.01804662Z: [    8.326176] ata5: SATA max UDMA/133 abar m4096@0xfebd2000 port 0xfebd2300 irq 24
[STDERR  ] 2017-08-15T15:53:15.01805792Z: [    8.326602] ata6: SATA max UDMA/133 abar m4096@0xfebd2000 port 0xfebd2380 irq 24
[STDERR  ] 2017-08-15T15:53:15.018068625Z: [    8.343638] tun: Universal TUN/TAP device driver, 1.6
[STDERR  ] 2017-08-15T15:53:15.018079685Z: [    8.344012] tun: (C) 1999-2004 Max Krasnyansky <maxk@qualcomm.com>
[STDERR  ] 2017-08-15T15:53:15.018100014Z: [    8.356149] VMware vmxnet3 virtual NIC driver - version 1.4.a.0-k-NAPI
[STDERR  ] 2017-08-15T15:53:15.018111829Z: [    8.357912] hv_vmbus: registering driver hv_netvsc
[STDERR  ] 2017-08-15T15:53:15.018123283Z: [    8.358708] Fusion MPT base driver 3.04.20
[STDERR  ] 2017-08-15T15:53:15.018134338Z: [    8.359182] Copyright (c) 1999-2008 LSI Corporation
[STDERR  ] 2017-08-15T15:53:15.018144841Z: [    8.359721] Fusion MPT SPI Host driver 3.04.20
[STDERR  ] 2017-08-15T15:53:15.018155016Z: [    8.362042] i8042: PNP: PS/2 Controller [PNP0303:KBD,PNP0f13:MOU] at 0x60,0x64 irq 1,12
[STDERR  ] 2017-08-15T15:53:15.018166481Z: [    8.365931] serio: i8042 KBD port at 0x60,0x64 irq 1
[STDERR  ] 2017-08-15T15:53:15.018177927Z: [    8.366516] serio: i8042 AUX port at 0x60,0x64 irq 12
[STDERR  ] 2017-08-15T15:53:15.018197665Z: [    8.369539] hv_vmbus: registering driver hyperv_keyboard
[STDERR  ] 2017-08-15T15:53:15.018209362Z: [    8.373144] mousedev: PS/2 mouse device common for all mice
[STDERR  ] 2017-08-15T15:53:15.018220609Z: [    8.379344] input: AT Translated Set 2 keyboard as /devices/platform/i8042/serio0/input/input1
[STDERR  ] 2017-08-15T15:53:15.018232615Z: [    8.381856] input: PC Speaker as /devices/platform/pcspkr/input/input2
[STDERR  ] 2017-08-15T15:53:15.018243702Z: [    8.385977] rtc_cmos 00:00: RTC can wake from S4
[STDERR  ] 2017-08-15T15:53:15.018254766Z: [    8.391538] rtc_cmos 00:00: rtc core: registered rtc_cmos as rtc0
[STDERR  ] 2017-08-15T15:53:15.018266096Z: [    8.393291] rtc_cmos 00:00: alarms up to one day, y3k, 114 bytes nvram, hpet irqs
[STDERR  ] 2017-08-15T15:53:15.018277089Z: [    8.393982] i2c /dev entries driver
[STDERR  ] 2017-08-15T15:53:15.018288312Z: [    8.395858] device-mapper: ioctl: 4.35.0-ioctl (2016-06-23) initialised: dm-devel@redhat.com
[STDERR  ] 2017-08-15T15:53:15.018307011Z: [    8.400905] usbcore: registered new interface driver usbhid
[STDERR  ] 2017-08-15T15:53:15.018318799Z: [    8.401396] usbhid: USB HID core driver
[STDERR  ] 2017-08-15T15:53:15.018329981Z: [    8.401942] hv_utils: Registering HyperV Utility Driver
[STDERR  ] 2017-08-15T15:53:15.018349045Z: [    8.402301] hv_vmbus: registering driver hv_util
[STDERR  ] 2017-08-15T15:53:15.018368167Z: [    8.402612] hv_vmbus: registering driver hv_balloon
[STDERR  ] 2017-08-15T15:53:15.018380748Z: [    8.403093] oprofile: using NMI interrupt.
[STDERR  ] 2017-08-15T15:53:15.018392308Z: [    8.404042] GACT probability on
[STDERR  ] 2017-08-15T15:53:15.018403463Z: [    8.404616] Mirror/redirect action on
[STDERR  ] 2017-08-15T15:53:15.018414607Z: [    8.406182] Simple TC action Loaded
[STDERR  ] 2017-08-15T15:53:15.018425803Z: [    8.407190] u32 classifier
[STDERR  ] 2017-08-15T15:53:15.018445006Z: [    8.407526]     Performance counters on
[STDERR  ] 2017-08-15T15:53:15.018455999Z: [    8.408091]     input device check on
[STDERR  ] 2017-08-15T15:53:15.018467211Z: [    8.408661]     Actions configured
[STDERR  ] 2017-08-15T15:53:15.018478358Z: [    8.409921] Netfilter messages via NETLINK v0.30.
[STDERR  ] 2017-08-15T15:53:15.018496385Z: [    8.410754] nfnl_acct: registering with nfnetlink.
[STDERR  ] 2017-08-15T15:53:15.018508266Z: [    8.412019] nf_conntrack version 0.5.0 (8192 buckets, 32768 max)
[STDERR  ] 2017-08-15T15:53:15.018519517Z: [    8.414924] ctnetlink v0.93: registering with nfnetlink.
[STDERR  ] 2017-08-15T15:53:15.018536088Z: [    8.417923] nf_tables: (c) 2007-2009 Patrick McHardy <kaber@trash.net>
[STDERR  ] 2017-08-15T15:53:15.018547322Z: [    8.418719] nf_tables_compat: (c) 2012 Pablo Neira Ayuso <pablo@netfilter.org>
[STDERR  ] 2017-08-15T15:53:15.01855848Z: [    8.421359] xt_time: kernel timezone is -0000
[STDERR  ] 2017-08-15T15:53:15.018572237Z: [    8.422277] ip_set: protocol 6
[STDERR  ] 2017-08-15T15:53:15.018583485Z: [    8.423409] IPVS: Registered protocols (TCP, UDP, SCTP, AH, ESP)
[STDERR  ] 2017-08-15T15:53:15.018594873Z: [    8.424439] IPVS: Connection hash table configured (size=4096, memory=64Kbytes)
[STDERR  ] 2017-08-15T15:53:15.018606453Z: [    8.427391] IPVS: Creating netns size=2104 id=0
[STDERR  ] 2017-08-15T15:53:15.018617701Z: [    8.429984] IPVS: ipvs loaded.
[STDERR  ] 2017-08-15T15:53:15.018628823Z: [    8.430677] IPVS: [rr] scheduler registered.
[STDERR  ] 2017-08-15T15:53:15.018639659Z: [    8.431015] IPVS: [wrr] scheduler registered.
[STDERR  ] 2017-08-15T15:53:15.018650362Z: [    8.431315] IPVS: [lc] scheduler registered.
[STDERR  ] 2017-08-15T15:53:15.018660914Z: [    8.431604] IPVS: [wlc] scheduler registered.
[STDERR  ] 2017-08-15T15:53:15.018672691Z: [    8.431898] IPVS: [fo] scheduler registered.
[STDERR  ] 2017-08-15T15:53:15.01868373Z: [    8.432187] IPVS: [ovf] scheduler registered.
[STDERR  ] 2017-08-15T15:53:15.018694988Z: [    8.432587] IPVS: [lblc] scheduler registered.
[STDERR  ] 2017-08-15T15:53:15.01870648Z: [    8.432989] IPVS: [lblcr] scheduler registered.
[STDERR  ] 2017-08-15T15:53:15.018717719Z: [    8.433312] IPVS: [dh] scheduler registered.
[STDERR  ] 2017-08-15T15:53:15.018729473Z: [    8.433604] IPVS: [sh] scheduler registered.
[STDERR  ] 2017-08-15T15:53:15.018740453Z: [    8.433987] IPVS: [sed] scheduler registered.
[STDERR  ] 2017-08-15T15:53:15.01875178Z: [    8.434290] IPVS: [nq] scheduler registered.
[STDERR  ] 2017-08-15T15:53:15.018762969Z: [    8.434932] IPVS: ftp: loaded support on port[0] = 21
[STDERR  ] 2017-08-15T15:53:15.018774227Z: [    8.435846] ipip: IPv4 and MPLS over IPv4 tunneling driver
[STDERR  ] 2017-08-15T15:53:15.018785698Z: [    8.442256] gre: GRE over IPv4 demultiplexor driver
[STDERR  ] 2017-08-15T15:53:15.018796798Z: [    8.445710] ip_tables: (C) 2000-2006 Netfilter Core Team
[STDERR  ] 2017-08-15T15:53:15.018808468Z: [    8.448973] ipt_CLUSTERIP: ClusterIP Version 0.8 loaded successfully
[STDERR  ] 2017-08-15T15:53:15.018819871Z: [    8.449669] arp_tables: arp_tables: (C) 2002 David S. Miller
[STDERR  ] 2017-08-15T15:53:15.018830767Z: [    8.452362] NET: Registered protocol family 10
[STDERR  ] 2017-08-15T15:53:15.01884187Z: [    8.464612] ip6_tables: (C) 2000-2006 Netfilter Core Team
[STDERR  ] 2017-08-15T15:53:15.018853054Z: [    8.474971] NET: Registered protocol family 17
[STDERR  ] 2017-08-15T15:53:15.018869255Z: [    8.478355] Bridge firewalling registered
[STDERR  ] 2017-08-15T15:53:15.018887364Z: [    8.478901] Ebtables v2.0 registered
[STDERR  ] 2017-08-15T15:53:15.018899334Z: [    8.481063] 8021q: 802.1Q VLAN Support v1.8
[STDERR  ] 2017-08-15T15:53:15.018910383Z: [    8.482439] 9pnet: Installing 9P2000 support
[STDERR  ] 2017-08-15T15:53:15.018921361Z: [    8.483848] Key type dns_resolver registered
[STDERR  ] 2017-08-15T15:53:15.018942498Z: [    8.484733] microcode: AMD CPU family 0x6 not supported
[STDERR  ] 2017-08-15T15:53:15.018953663Z: [    8.488449] registered taskstats version 1
[STDERR  ] 2017-08-15T15:53:15.018965068Z: [    8.663906] ata5: SATA link down (SStatus 0 SControl 300)
[STDERR  ] 2017-08-15T15:53:15.018983201Z: [    8.665729] ata4: SATA link down (SStatus 0 SControl 300)
[STDERR  ] 2017-08-15T15:53:15.018994647Z: [    8.666335] ata3: SATA link up 1.5 Gbps (SStatus 113 SControl 300)
[STDERR  ] 2017-08-15T15:53:15.019005641Z: [    8.669756] ata3.00: ATAPI: QEMU DVD-ROM, 2.5+, max UDMA/100
[STDERR  ] 2017-08-15T15:53:15.019016553Z: [    8.670350] ata3.00: applying bridge limits
[STDERR  ] 2017-08-15T15:53:15.019028155Z: [    8.671441] ata2: SATA link down (SStatus 0 SControl 300)
[STDERR  ] 2017-08-15T15:53:15.019045576Z: [    8.671817] ata1: SATA link up 1.5 Gbps (SStatus 113 SControl 300)
[STDERR  ] 2017-08-15T15:53:15.019057034Z: [    8.672619] ata1.00: ATA-7: QEMU HARDDISK, 2.5+, max UDMA/100
[STDERR  ] 2017-08-15T15:53:15.019076239Z: [    8.672921] ata1.00: 1048576 sectors, multi 16: LBA48 NCQ (depth 31/32)
[STDERR  ] 2017-08-15T15:53:15.019087925Z: [    8.673308] ata1.00: applying bridge limits
[STDERR  ] 2017-08-15T15:53:15.019098923Z: [    8.674468] ata1.00: configured for UDMA/100
[STDERR  ] 2017-08-15T15:53:15.019110078Z: [    8.678189] ata6: SATA link down (SStatus 0 SControl 300)
[STDERR  ] 2017-08-15T15:53:15.019121254Z: [    8.690609] ata3.00: configured for UDMA/100
[STDERR  ] 2017-08-15T15:53:15.019132641Z: [    8.700867] scsi 0:0:0:0: Direct-Access     ATA      QEMU HARDDISK    2.5+ PQ: 0 ANSI: 5
[STDERR  ] 2017-08-15T15:53:15.01914463Z: [    8.719105] sd 0:0:0:0: [sda] 1048576 512-byte logical blocks: (537 MB/512 MiB)
[STDERR  ] 2017-08-15T15:53:15.019155755Z: [    8.723820] sd 0:0:0:0: Attached scsi generic sg0 type 0
[STDERR  ] 2017-08-15T15:53:15.01916693Z: [    8.725608] sd 0:0:0:0: [sda] Write Protect is off
[STDERR  ] 2017-08-15T15:53:15.019178118Z: [    8.733191] sd 0:0:0:0: [sda] Write cache: enabled, read cache: enabled, doesn't support DPO or FUA
[STDERR  ] 2017-08-15T15:53:15.019189724Z: [    8.736013] scsi 2:0:0:0: CD-ROM            QEMU     QEMU DVD-ROM     2.5+ PQ: 0 ANSI: 5
[STDERR  ] 2017-08-15T15:53:15.019201477Z: [    8.755691] sr 2:0:0:0: [sr0] scsi3-mmc drive: 4x/4x cd/rw xa/form2 tray
[STDERR  ] 2017-08-15T15:53:15.019212955Z: [    8.756372] cdrom: Uniform CD-ROM driver Revision: 3.20
[STDERR  ] 2017-08-15T15:53:15.019224063Z: [    8.773716] sr 2:0:0:0: Attached scsi generic sg1 type 5
[STDERR  ] 2017-08-15T15:53:15.01923544Z: [    8.790025] sd 0:0:0:0: [sda] Attached SCSI disk
[STDERR  ] 2017-08-15T15:53:15.019246545Z: [    8.802008] Key type big_key registered
[STDERR  ] 2017-08-15T15:53:15.019257547Z: [    8.863571] Key type encrypted registered
[STDERR  ] 2017-08-15T15:53:15.01926873Z: [    8.869862] rtc_cmos 00:00: setting system clock to 2017-08-15 15:52:26 UTC (1502812346)
[STDERR  ] 2017-08-15T15:53:15.01928036Z: [    9.033908] Freeing unused kernel memory: 1380K
[STDERR  ] 2017-08-15T15:53:15.01929176Z: [    9.034325] Write protecting the kernel read-only data: 12288k
[STDERR  ] 2017-08-15T15:53:15.019303088Z: [    9.035913] tsc: Refined TSC clocksource calibration: 2300.041 MHz
[STDERR  ] 2017-08-15T15:53:15.019314287Z: [    9.036411] clocksource: tsc: mask: 0xffffffffffffffff max_cycles: 0x21275bc6978, max_idle_ns: 440795241275 ns
[STDERR  ] 2017-08-15T15:53:15.019325802Z: [    9.042199] Freeing unused kernel memory: 148K
[STDERR  ] 2017-08-15T15:53:15.019337623Z: [    9.164596] Freeing unused kernel memory: 1400K
[STDERR  ] 2017-08-15T15:53:15.01934862Z: [   10.050957] clocksource: Switched to clocksource tsc
[STDERR  ] 2017-08-15T15:53:15.019365742Z: 
[STDERR  ] 2017-08-15T15:53:15.019377661Z: Welcome to LinuxKit
[STDERR  ] 2017-08-15T15:53:15.01938874Z: 
[STDERR  ] 2017-08-15T15:53:15.019400121Z:                         ##         .
[STDERR  ] 2017-08-15T15:53:15.019411417Z:                   ## ## ##        ==
[STDERR  ] 2017-08-15T15:53:15.019422622Z:                ## ## ## ## ##    ===
[STDERR  ] 2017-08-15T15:53:15.019433774Z:            /"""""""""""""""""\___/ ===
[STDERR  ] 2017-08-15T15:53:15.019445199Z:           {                       /  ===-
[STDERR  ] 2017-08-15T15:53:15.019456486Z:            \______ O           __/
[STDERR  ] 2017-08-15T15:53:15.019467795Z:              \    \         __/
[STDERR  ] 2017-08-15T15:53:15.019479196Z:               \____\_______/
[STDERR  ] 2017-08-15T15:53:15.019499398Z: 
[STDERR  ] 2017-08-15T15:53:15.019511198Z: [   21.415513] IPVS: Creating netns size=2104 id=1
[STDERR  ] 2017-08-15T15:53:15.019522227Z: [   21.416321] IPVS: ftp: loaded support on port[0] = 21
[STDERR  ] 2017-08-15T15:53:15.019533468Z: 2017/08/15 15:52:40 Creating partition on /dev/sda
[STDERR  ] 2017-08-15T15:53:15.019550676Z: [   24.354514]  sda:
[STDERR  ] 2017-08-15T15:53:15.019562266Z: [   24.465480]  sda:
[STDERR  ] 2017-08-15T15:53:15.019572992Z: [   24.518938]  sda: sda1
[STDERR  ] 2017-08-15T15:53:15.019584454Z: [   24.644620]  sda: sda1
[STDERR  ] 2017-08-15T15:53:15.019596156Z: 2017/08/15 15:52:44 Partition /dev/sda1 successfully created!
[STDERR  ] 2017-08-15T15:53:15.019607228Z: [   36.125537] IPVS: Creating netns size=2104 id=2
[STDERR  ] 2017-08-15T15:53:15.019618098Z: [   36.126053] IPVS: ftp: loaded support on port[0] = 21
[STDERR  ] 2017-08-15T15:53:15.019629415Z: [   38.954200] EXT4-fs (sda1): couldn't mount as ext3 due to feature incompatibilities
[STDERR  ] 2017-08-15T15:53:15.019641585Z: [   38.964263] EXT4-fs (sda1): couldn't mount as ext2 due to feature incompatibilities
[STDERR  ] 2017-08-15T15:53:15.019653553Z: [   39.003506] EXT4-fs (sda1): mounted filesystem with ordered data mode. Opts: (null)
[STDERR  ] 2017-08-15T15:53:15.019665073Z: format_mount test suite PASSED
[STDERR  ] 2017-08-15T15:53:15.019683459Z: [   56.984604] sd 0:0:0:0: [sda] Synchronizing SCSI cache
[STDERR  ] 2017-08-15T15:53:15.019695332Z: [   56.985583] sd 0:0:0:0: [sda] Stopping disk
[STDERR  ] 2017-08-15T15:53:15.019706617Z: [   56.989533] ACPI: Preparing to enter system sleep state S5
[STDERR  ] 2017-08-15T15:53:15.019717839Z: [   56.991760] reboot: Power down
[STDERR  ] 2017-08-15T15:53:15.019729257Z: + echo [    0.000000] Linux version 4.9.43-linuxkit (root@e1ede117fb1e) (gcc version 6.3.0 (Alpine 6.3.0) ) #1 SMP Mon Aug 14 11:26:59 UTC 2017
[STDERR  ] 2017-08-15T15:53:15.019742179Z: [    0.000000] Command line: console=ttyS0
[STDERR  ] 2017-08-15T15:53:15.01976211Z: [    0.000000] x86/fpu: Legacy x87 FPU detected.
[STDERR  ] 2017-08-15T15:53:15.019772864Z: [    0.000000] x86/fpu: Using 'eager' FPU context switches.
[STDERR  ] 2017-08-15T15:53:15.019785976Z: [    0.000000] e820: BIOS-provided physical RAM map:
[STDERR  ] 2017-08-15T15:53:15.019795749Z: [    0.000000] BIOS-e820: [mem 0x0000000000000000-0x000000000009fbff] usable
[STDERR  ] 2017-08-15T15:53:15.019805581Z: [    0.000000] BIOS-e820: [mem 0x000000000009fc00-0x000000000009ffff] reserved
[STDERR  ] 2017-08-15T15:53:15.019815332Z: [    0.000000] BIOS-e820: [mem 0x00000000000f0000-0x00000000000fffff] reserved
[STDERR  ] 2017-08-15T15:53:15.019832369Z: [    0.000000] BIOS-e820: [mem 0x0000000000100000-0x000000003ffdefff] usable
[STDERR  ] 2017-08-15T15:53:15.019842213Z: [    0.000000] BIOS-e820: [mem 0x000000003ffdf000-0x000000003fffffff] reserved
[STDERR  ] 2017-08-15T15:53:15.019851256Z: [    0.000000] BIOS-e820: [mem 0x00000000b0000000-0x00000000bfffffff] reserved
[STDERR  ] 2017-08-15T15:53:15.019868878Z: [    0.000000] BIOS-e820: [mem 0x00000000fed1c000-0x00000000fed1ffff] reserved
[STDERR  ] 2017-08-15T15:53:15.01987962Z: [    0.000000] BIOS-e820: [mem 0x00000000fffc0000-0x00000000ffffffff] reserved
[STDERR  ] 2017-08-15T15:53:15.01989752Z: [    0.000000] NX (Execute Disable) protection: active
[STDERR  ] 2017-08-15T15:53:15.019910015Z: [    0.000000] SMBIOS 2.8 present.
[STDERR  ] 2017-08-15T15:53:15.019921333Z: [    0.000000] e820: last_pfn = 0x3ffdf max_arch_pfn = 0x400000000
[STDERR  ] 2017-08-15T15:53:15.019940683Z: [    0.000000] x86/PAT: Configuration [0-7]: WB  WC  UC- UC  WB  WC  UC- WT  
[STDERR  ] 2017-08-15T15:53:15.019952161Z: [    0.000000] found SMP MP-table at [mem 0x000f6aa0-0x000f6aaf] mapped at [ffff9ac8000f6aa0]
[STDERR  ] 2017-08-15T15:53:15.019966242Z: [    0.000000] RAMDISK: [mem 0x3e67e000-0x3ffcffff]
[STDERR  ] 2017-08-15T15:53:15.019977247Z: [    0.000000] ACPI: Early table checksum verification disabled
[STDERR  ] 2017-08-15T15:53:15.019987994Z: [    0.000000] ACPI: RSDP 0x00000000000F68C0 000014 (v00 BOCHS )
[STDERR  ] 2017-08-15T15:53:15.019998772Z: [    0.000000] ACPI: RSDT 0x000000003FFE2404 000034 (v01 BOCHS  BXPCRSDT 00000001 BXPC 00000001)
[STDERR  ] 2017-08-15T15:53:15.020010753Z: [    0.000000] ACPI: FACP 0x000000003FFE22A4 000074 (v01 BOCHS  BXPCFACP 00000001 BXPC 00000001)
[STDERR  ] 2017-08-15T15:53:15.020022835Z: [    0.000000] ACPI: DSDT 0x000000003FFE0040 002264 (v01 BOCHS  BXPCDSDT 00000001 BXPC 00000001)
[STDERR  ] 2017-08-15T15:53:15.020041029Z: [    0.000000] ACPI: FACS 0x000000003FFE0000 000040
[STDERR  ] 2017-08-15T15:53:15.020052448Z: [    0.000000] ACPI: APIC 0x000000003FFE2318 000078 (v01 BOCHS  BXPCAPIC 00000001 BXPC 00000001)
[STDERR  ] 2017-08-15T15:53:15.020063525Z: [    0.000000] ACPI: HPET 0x000000003FFE2390 000038 (v01 BOCHS  BXPCHPET 00000001 BXPC 00000001)
[STDERR  ] 2017-08-15T15:53:15.020075283Z: [    0.000000] ACPI: MCFG 0x000000003FFE23C8 00003C (v01 BOCHS  BXPCMCFG 00000001 BXPC 00000001)
[STDERR  ] 2017-08-15T15:53:15.020090196Z: [    0.000000] Zone ranges:
[STDERR  ] 2017-08-15T15:53:15.020101313Z: [    0.000000]   DMA      [mem 0x0000000000001000-0x0000000000ffffff]
[STDERR  ] 2017-08-15T15:53:15.020112635Z: [    0.000000]   DMA32    [mem 0x0000000001000000-0x000000003ffdefff]
[STDERR  ] 2017-08-15T15:53:15.020123568Z: [    0.000000]   Normal   empty
[STDERR  ] 2017-08-15T15:53:15.020134704Z: [    0.000000] Movable zone start for each node
[STDERR  ] 2017-08-15T15:53:15.020146207Z: [    0.000000] Early memory node ranges
[STDERR  ] 2017-08-15T15:53:15.020157258Z: [    0.000000]   node   0: [mem 0x0000000000001000-0x000000000009efff]
[STDERR  ] 2017-08-15T15:53:15.020168632Z: [    0.000000]   node   0: [mem 0x0000000000100000-0x000000003ffdefff]
[STDERR  ] 2017-08-15T15:53:15.020213649Z: [    0.000000] Initmem setup node 0 [mem 0x0000000000001000-0x000000003ffdefff]
[STDERR  ] 2017-08-15T15:53:15.020228554Z: [    0.000000] ACPI: PM-Timer IO Port: 0x608
[STDERR  ] 2017-08-15T15:53:15.020240266Z: [    0.000000] ACPI: LAPIC_NMI (acpi_id[0xff] dfl dfl lint[0x1])
[STDERR  ] 2017-08-15T15:53:15.020251445Z: [    0.000000] IOAPIC[0]: apic_id 0, version 32, address 0xfec00000, GSI 0-23
[STDERR  ] 2017-08-15T15:53:15.020262541Z: [    0.000000] ACPI: INT_SRC_OVR (bus 0 bus_irq 0 global_irq 2 dfl dfl)
[STDERR  ] 2017-08-15T15:53:15.020273751Z: [    0.000000] ACPI: INT_SRC_OVR (bus 0 bus_irq 5 global_irq 5 high level)
[STDERR  ] 2017-08-15T15:53:15.020284882Z: [    0.000000] ACPI: INT_SRC_OVR (bus 0 bus_irq 9 global_irq 9 high level)
[STDERR  ] 2017-08-15T15:53:15.020295877Z: [    0.000000] ACPI: INT_SRC_OVR (bus 0 bus_irq 10 global_irq 10 high level)
[STDERR  ] 2017-08-15T15:53:15.020315569Z: [    0.000000] ACPI: INT_SRC_OVR (bus 0 bus_irq 11 global_irq 11 high level)
[STDERR  ] 2017-08-15T15:53:15.020326827Z: [    0.000000] Using ACPI (MADT) for SMP configuration information
[STDERR  ] 2017-08-15T15:53:15.020338035Z: [    0.000000] ACPI: HPET id: 0x8086a201 base: 0xfed00000
[STDERR  ] 2017-08-15T15:53:15.020349336Z: [    0.000000] smpboot: Allowing 1 CPUs, 0 hotplug CPUs
[STDERR  ] 2017-08-15T15:53:15.020367943Z: [    0.000000] e820: [mem 0x40000000-0xafffffff] available for PCI devices
[STDERR  ] 2017-08-15T15:53:15.02037864Z: [    0.000000] Booting paravirtualized kernel on bare hardware
[STDERR  ] 2017-08-15T15:53:15.02040005Z: [    0.000000] clocksource: refined-jiffies: mask: 0xffffffff max_cycles: 0xffffffff, max_idle_ns: 19112604462750000 ns
[STDERR  ] 2017-08-15T15:53:15.020412783Z: [    0.000000] setup_percpu: NR_CPUS:128 nr_cpumask_bits:128 nr_cpu_ids:1 nr_node_ids:1
[STDERR  ] 2017-08-15T15:53:15.020424742Z: [    0.000000] percpu: Embedded 35 pages/cpu @ffff9ac83e400000 s105240 r8192 d29928 u2097152
[STDERR  ] 2017-08-15T15:53:15.020436327Z: [    0.000000] Built 1 zonelists in Zone order, mobility grouping on.  Total pages: 257896
[STDERR  ] 2017-08-15T15:53:15.020447574Z: [    0.000000] Kernel command line: console=ttyS0
[STDERR  ] 2017-08-15T15:53:15.020458346Z: [    0.000000] PID hash table entries: 4096 (order: 3, 32768 bytes)
[STDERR  ] 2017-08-15T15:53:15.020469729Z: [    0.000000] Dentry cache hash table entries: 131072 (order: 8, 1048576 bytes)
[STDERR  ] 2017-08-15T15:53:15.020481115Z: [    0.000000] Inode-cache hash table entries: 65536 (order: 7, 524288 bytes)
[STDERR  ] 2017-08-15T15:53:15.020492214Z: [    0.000000] Memory: 988252K/1048052K available (8028K kernel code, 1366K rwdata, 2696K rodata, 1380K init, 568K bss, 59800K reserved, 0K cma-reserved)
[STDERR  ] 2017-08-15T15:53:15.020531227Z: [    0.000000] Hierarchical RCU implementation.
[STDERR  ] 2017-08-15T15:53:15.020544638Z: [    0.000000] 	Build-time adjustment of leaf fanout to 64.
[STDERR  ] 2017-08-15T15:53:15.020556011Z: [    0.000000] 	RCU restricting CPUs from NR_CPUS=128 to nr_cpu_ids=1.
[STDERR  ] 2017-08-15T15:53:15.020567069Z: [    0.000000] RCU: Adjusting geometry for rcu_fanout_leaf=64, nr_cpu_ids=1
[STDERR  ] 2017-08-15T15:53:15.020578165Z: [    0.000000] NR_IRQS:8448 nr_irqs:256 16
[STDERR  ] 2017-08-15T15:53:15.020589647Z: [    0.000000] Console: colour VGA+ 80x25
[STDERR  ] 2017-08-15T15:53:15.020601248Z: [    0.000000] console [ttyS0] enabled
[STDERR  ] 2017-08-15T15:53:15.020612603Z: [    0.000000] clocksource: hpet: mask: 0xffffffff max_cycles: 0xffffffff, max_idle_ns: 19112604467 ns
[STDERR  ] 2017-08-15T15:53:15.020624042Z: [    0.000000] tsc: Unable to calibrate against PIT
[STDERR  ] 2017-08-15T15:53:15.020635738Z: [    0.000000] tsc: using HPET reference calibration
[STDERR  ] 2017-08-15T15:53:15.020646624Z: [    0.000000] tsc: Detected 2300.088 MHz processor
[STDERR  ] 2017-08-15T15:53:15.020657753Z: [    0.042128] Calibrating delay loop (skipped), value calculated using timer frequency.. 4600.17 BogoMIPS (lpj=23000880)
[STDERR  ] 2017-08-15T15:53:15.020676155Z: [    0.043882] pid_max: default: 32768 minimum: 301
[STDERR  ] 2017-08-15T15:53:15.020687811Z: [    0.045433] ACPI: Core revision 20160831
[STDERR  ] 2017-08-15T15:53:15.020699326Z: [    0.129111] ACPI: 1 ACPI AML tables successfully acquired and loaded
[STDERR  ] 2017-08-15T15:53:15.020710793Z: [    0.140292] Security Framework initialized
[STDERR  ] 2017-08-15T15:53:15.020721542Z: [    0.140940] Yama: becoming mindful.
[STDERR  ] 2017-08-15T15:53:15.020739143Z: [    0.144194] Mount-cache hash table entries: 2048 (order: 2, 16384 bytes)
[STDERR  ] 2017-08-15T15:53:15.020750714Z: [    0.145227] Mountpoint-cache hash table entries: 2048 (order: 2, 16384 bytes)
[STDERR  ] 2017-08-15T15:53:15.020762298Z: [    0.188536] Last level iTLB entries: 4KB 0, 2MB 0, 4MB 0
[STDERR  ] 2017-08-15T15:53:15.020773261Z: [    0.189005] Last level dTLB entries: 4KB 0, 2MB 0, 4MB 0, 1GB 0
[STDERR  ] 2017-08-15T15:53:15.02078435Z: [    0.640000] Freeing SMP alternatives memory: 20K
[STDERR  ] 2017-08-15T15:53:15.020795387Z: [    0.682131] ftrace: allocating 35486 entries in 139 pages
[STDERR  ] 2017-08-15T15:53:15.020806765Z: [    0.932770] smpboot: Max logical packages: 1
[STDERR  ] 2017-08-15T15:53:15.020818096Z: [    0.938090] ..TIMER: vector=0x30 apic1=0 pin1=2 apic2=-1 pin2=-1
[STDERR  ] 2017-08-15T15:53:15.020829256Z: [    1.070000] APIC calibration not consistent with PM-Timer: 118ms instead of 100ms
[STDERR  ] 2017-08-15T15:53:15.020840874Z: [    1.070000] APIC delta adjusted to PM-Timer: 6250013 (7410448)
[STDERR  ] 2017-08-15T15:53:15.020858506Z: [    1.070000] smpboot: CPU0: AMD QEMU Virtual CPU version 2.5+ (family: 0x6, model: 0x6, stepping: 0x3)
[STDERR  ] 2017-08-15T15:53:15.020869989Z: [    1.070000] Performance Events: PMU not available due to virtualization, using software events only.
[STDERR  ] 2017-08-15T15:53:15.02088144Z: [    1.131246] NMI watchdog: disabled (cpu0): hardware events not enabled
[STDERR  ] 2017-08-15T15:53:15.020892775Z: [    1.132043] NMI watchdog: Shutting down hard lockup detector on all cpus
[STDERR  ] 2017-08-15T15:53:15.020904354Z: [    1.144750] x86: Booted up 1 node, 1 CPUs
[STDERR  ] 2017-08-15T15:53:15.020915944Z: [    1.150250] smpboot: Total of 1 processors activated (4600.17 BogoMIPS)
[STDERR  ] 2017-08-15T15:53:15.020929107Z: [    1.201305] devtmpfs: initialized
[STDERR  ] 2017-08-15T15:53:15.020940751Z: [    1.221999] x86/mm: Memory block size: 128MB
[STDERR  ] 2017-08-15T15:53:15.020952544Z: [    1.481801] clocksource: jiffies: mask: 0xffffffff max_cycles: 0xffffffff, max_idle_ns: 19112604462750000 ns
[STDERR  ] 2017-08-15T15:53:15.020964193Z: [    1.482805] futex hash table entries: 256 (order: 2, 16384 bytes)
[STDERR  ] 2017-08-15T15:53:15.020985885Z: [    1.522853] NET: Registered protocol family 16
[STDERR  ] 2017-08-15T15:53:15.020998896Z: [    1.576662] cpuidle: using governor ladder
[STDERR  ] 2017-08-15T15:53:15.021010522Z: [    1.577522] cpuidle: using governor menu
[STDERR  ] 2017-08-15T15:53:15.021028161Z: [    1.581510] ACPI: bus type PCI registered
[STDERR  ] 2017-08-15T15:53:15.02103959Z: [    1.591105] PCI: MMCONFIG for domain 0000 [bus 00-ff] at [mem 0xb0000000-0xbfffffff] (base 0xb0000000)
[STDERR  ] 2017-08-15T15:53:15.021051014Z: [    1.592589] PCI: MMCONFIG at [mem 0xb0000000-0xbfffffff] reserved in E820
[STDERR  ] 2017-08-15T15:53:15.021062031Z: [    1.601646] PCI: Using configuration type 1 for base access
[STDERR  ] 2017-08-15T15:53:15.02107351Z: [    1.795453] HugeTLB registered 2 MB page size, pre-allocated 0 pages
[STDERR  ] 2017-08-15T15:53:15.021093667Z: [    1.816708] ACPI: Added _OSI(Module Device)
[STDERR  ] 2017-08-15T15:53:15.02110613Z: [    1.817075] ACPI: Added _OSI(Processor Device)
[STDERR  ] 2017-08-15T15:53:15.021117073Z: [    1.817346] ACPI: Added _OSI(3.0 _SCP Extensions)
[STDERR  ] 2017-08-15T15:53:15.021127796Z: [    1.817634] ACPI: Added _OSI(Processor Aggregator Device)
[STDERR  ] 2017-08-15T15:53:15.021145503Z: [    1.924849] ACPI: Interpreter enabled
[STDERR  ] 2017-08-15T15:53:15.02115703Z: [    1.925612] ACPI: (supports S0 S5)
[STDERR  ] 2017-08-15T15:53:15.021167954Z: [    1.925898] ACPI: Using IOAPIC for interrupt routing
[STDERR  ] 2017-08-15T15:53:15.021179186Z: [    1.927771] PCI: Using host bridge windows from ACPI; if necessary, use "pci=nocrs" and report a bug
[STDERR  ] 2017-08-15T15:53:15.021190468Z: [    2.062661] ACPI: PCI Root Bridge [PCI0] (domain 0000 [bus 00-ff])
[STDERR  ] 2017-08-15T15:53:15.021201747Z: [    2.063594] acpi PNP0A08:00: _OSC: OS supports [ExtendedConfig ASPM ClockPM Segments MSI]
[STDERR  ] 2017-08-15T15:53:15.021213127Z: [    2.070648] acpi PNP0A08:00: _OSC: OS now controls [PCIeHotplug PME PCIeCapability]
[STDERR  ] 2017-08-15T15:53:15.02122498Z: [    2.075951] PCI host bridge to bus 0000:00
[STDERR  ] 2017-08-15T15:53:15.021236065Z: [    2.076403] pci_bus 0000:00: root bus resource [io  0x0000-0x0cf7 window]
[STDERR  ] 2017-08-15T15:53:15.021247492Z: [    2.076851] pci_bus 0000:00: root bus resource [io  0x0d00-0xffff window]
[STDERR  ] 2017-08-15T15:53:15.021258574Z: [    2.077308] pci_bus 0000:00: root bus resource [mem 0x000a0000-0x000bffff window]
[STDERR  ] 2017-08-15T15:53:15.02126915Z: [    2.077749] pci_bus 0000:00: root bus resource [mem 0xc0000000-0xfebfffff window]
[STDERR  ] 2017-08-15T15:53:15.021284148Z: [    2.078321] pci_bus 0000:00: root bus resource [bus 00-ff]
[STDERR  ] 2017-08-15T15:53:15.02129517Z: [    2.262458] pci 0000:00:1f.0: quirk: [io  0x0600-0x067f] claimed by ICH6 ACPI/GPIO/TCO
[STDERR  ] 2017-08-15T15:53:15.021306295Z: [    2.341668] ACPI: PCI Interrupt Link [LNKA] (IRQs 5 *10 11)
[STDERR  ] 2017-08-15T15:53:15.021324093Z: [    2.343816] ACPI: PCI Interrupt Link [LNKB] (IRQs 5 *10 11)
[STDERR  ] 2017-08-15T15:53:15.021335321Z: [    2.346399] ACPI: PCI Interrupt Link [LNKC] (IRQs 5 10 *11)
[STDERR  ] 2017-08-15T15:53:15.021346086Z: [    2.348884] ACPI: PCI Interrupt Link [LNKD] (IRQs 5 10 *11)
[STDERR  ] 2017-08-15T15:53:15.021356588Z: [    2.351484] ACPI: PCI Interrupt Link [LNKE] (IRQs 5 *10 11)
[STDERR  ] 2017-08-15T15:53:15.021367213Z: [    2.353177] ACPI: PCI Interrupt Link [LNKF] (IRQs 5 *10 11)
[STDERR  ] 2017-08-15T15:53:15.021378064Z: [    2.355001] ACPI: PCI Interrupt Link [LNKG] (IRQs 5 10 *11)
[STDERR  ] 2017-08-15T15:53:15.02138864Z: [    2.357468] ACPI: PCI Interrupt Link [LNKH] (IRQs 5 10 *11)
[STDERR  ] 2017-08-15T15:53:15.02139966Z: [    2.358562] ACPI: PCI Interrupt Link [GSIA] (IRQs *16)
[STDERR  ] 2017-08-15T15:53:15.021411316Z: [    2.359222] ACPI: PCI Interrupt Link [GSIB] (IRQs *17)
[STDERR  ] 2017-08-15T15:53:15.021422488Z: [    2.359801] ACPI: PCI Interrupt Link [GSIC] (IRQs *18)
[STDERR  ] 2017-08-15T15:53:15.021433806Z: [    2.360360] ACPI: PCI Interrupt Link [GSID] (IRQs *19)
[STDERR  ] 2017-08-15T15:53:15.021445133Z: [    2.360936] ACPI: PCI Interrupt Link [GSIE] (IRQs *20)
[STDERR  ] 2017-08-15T15:53:15.021462332Z: [    2.361596] ACPI: PCI Interrupt Link [GSIF] (IRQs *21)
[STDERR  ] 2017-08-15T15:53:15.021474326Z: [    2.362260] ACPI: PCI Interrupt Link [GSIG] (IRQs *22)
[STDERR  ] 2017-08-15T15:53:15.021485826Z: [    2.362928] ACPI: PCI Interrupt Link [GSIH] (IRQs *23)
[STDERR  ] 2017-08-15T15:53:15.021511175Z: [    2.367556] ACPI: Enabled 2 GPEs in block 00 to 3F
[STDERR  ] 2017-08-15T15:53:15.02152243Z: [    2.372267] SCSI subsystem initialized
[STDERR  ] 2017-08-15T15:53:15.02153413Z: [    2.374933] ACPI: bus type USB registered
[STDERR  ] 2017-08-15T15:53:15.021545535Z: [    2.376162] usbcore: registered new interface driver usbfs
[STDERR  ] 2017-08-15T15:53:15.021556636Z: [    2.377038] usbcore: registered new interface driver hub
[STDERR  ] 2017-08-15T15:53:15.021567684Z: [    2.377797] usbcore: registered new device driver usb
[STDERR  ] 2017-08-15T15:53:15.021578699Z: [    2.379409] pps_core: LinuxPPS API ver. 1 registered
[STDERR  ] 2017-08-15T15:53:15.021589741Z: [    2.379658] pps_core: Software ver. 5.3.6 - Copyright 2005-2007 Rodolfo Giometti <giometti@linux.it>
[STDERR  ] 2017-08-15T15:53:15.02160089Z: [    2.380309] PTP clock support registered
[STDERR  ] 2017-08-15T15:53:15.021611842Z: [    2.381990] wmi: Mapper loaded
[STDERR  ] 2017-08-15T15:53:15.021622919Z: [    2.383493] PCI: Using ACPI for IRQ routing
[STDERR  ] 2017-08-15T15:53:15.021634369Z: [    2.406469] NetLabel: Initializing
[STDERR  ] 2017-08-15T15:53:15.021652755Z: [    2.406700] NetLabel:  domain hash size = 128
[STDERR  ] 2017-08-15T15:53:15.021664248Z: [    2.406912] NetLabel:  protocols = UNLABELED CIPSOv4
[STDERR  ] 2017-08-15T15:53:15.021675678Z: [    2.409601] NetLabel:  unlabeled traffic allowed by default
[STDERR  ] 2017-08-15T15:53:15.021687196Z: [    2.410551] HPET: 3 timers in total, 0 timers will be used for per-cpu timer
[STDERR  ] 2017-08-15T15:53:15.021698615Z: [    2.411227] hpet0: at MMIO 0xfed00000, IRQs 2, 8, 0
[STDERR  ] 2017-08-15T15:53:15.021709809Z: [    2.411673] hpet0: 3 comparators, 64-bit 100.000000 MHz counter
[STDERR  ] 2017-08-15T15:53:15.02172098Z: [    2.417360] clocksource: Switched to clocksource hpet
[STDERR  ] 2017-08-15T15:53:15.021732351Z: [    2.780611] VFS: Disk quotas dquot_6.6.0
[STDERR  ] 2017-08-15T15:53:15.021750799Z: [    2.781473] VFS: Dquot-cache hash table entries: 512 (order 0, 4096 bytes)
[STDERR  ] 2017-08-15T15:53:15.021762202Z: [    2.784093] FS-Cache: Loaded
[STDERR  ] 2017-08-15T15:53:15.02177369Z: [    2.790969] CacheFiles: Loaded
[STDERR  ] 2017-08-15T15:53:15.021785003Z: [    2.792519] pnp: PnP ACPI init
[STDERR  ] 2017-08-15T15:53:15.021796706Z: [    2.808225] pnp: PnP ACPI: found 5 devices
[STDERR  ] 2017-08-15T15:53:15.021808037Z: [    2.872803] clocksource: acpi_pm: mask: 0xffffff max_cycles: 0xffffff, max_idle_ns: 2085701024 ns
[STDERR  ] 2017-08-15T15:53:15.021830561Z: [    2.876344] NET: Registered protocol family 2
[STDERR  ] 2017-08-15T15:53:15.021841754Z: [    2.885732] TCP established hash table entries: 8192 (order: 4, 65536 bytes)
[STDERR  ] 2017-08-15T15:53:15.021853036Z: [    2.886403] TCP bind hash table entries: 8192 (order: 5, 131072 bytes)
[STDERR  ] 2017-08-15T15:53:15.021870218Z: [    2.887077] TCP: Hash tables configured (established 8192 bind 8192)
[STDERR  ] 2017-08-15T15:53:15.021882589Z: [    2.889335] UDP hash table entries: 512 (order: 2, 16384 bytes)
[STDERR  ] 2017-08-15T15:53:15.021894201Z: [    2.889862] UDP-Lite hash table entries: 512 (order: 2, 16384 bytes)
[STDERR  ] 2017-08-15T15:53:15.021905115Z: [    2.892891] NET: Registered protocol family 1
[STDERR  ] 2017-08-15T15:53:15.021916205Z: [    2.893779] pci 0000:00:01.0: Video device with shadowed ROM at [mem 0x000c0000-0x000dffff]
[STDERR  ] 2017-08-15T15:53:15.021928415Z: [    2.904675] Unpacking initramfs...
[STDERR  ] 2017-08-15T15:53:15.021939831Z: [    7.952608] Freeing initrd memory: 25928K
[STDERR  ] 2017-08-15T15:53:15.02195132Z: [    7.977013] PCLMULQDQ-NI instructions are not detected.
[STDERR  ] 2017-08-15T15:53:15.021967795Z: [    7.978159] AVX or AES-NI instructions are not detected.
[STDERR  ] 2017-08-15T15:53:15.021979319Z: [    7.978594] CPU feature 'AVX registers' is not supported.
[STDERR  ] 2017-08-15T15:53:15.021990354Z: [    7.979046] CPU feature 'AVX registers' is not supported.
[STDERR  ] 2017-08-15T15:53:15.02200168Z: [    7.979440] CPU feature 'AVX registers' is not supported.
[STDERR  ] 2017-08-15T15:53:15.022012958Z: [    7.979831] CPU feature 'AVX registers' is not supported.
[STDERR  ] 2017-08-15T15:53:15.022039461Z: [    7.980432] AVX2 or AES-NI instructions are not detected.
[STDERR  ] 2017-08-15T15:53:15.022051335Z: [    7.980832] AVX2 instructions are not detected.
[STDERR  ] 2017-08-15T15:53:15.022062572Z: [    7.986565] audit: initializing netlink subsys (disabled)
[STDERR  ] 2017-08-15T15:53:15.022073717Z: [    7.988113] audit: type=2000 audit(1502812343.980:1): initialized
[STDERR  ] 2017-08-15T15:53:15.022085024Z: [    7.996201] workingset: timestamp_bits=46 max_order=18 bucket_order=0
[STDERR  ] 2017-08-15T15:53:15.022096215Z: [    8.005574] FS-Cache: Netfs 'cifs' registered for caching
[STDERR  ] 2017-08-15T15:53:15.022107364Z: [    8.006494] fuse init (API version 7.26)
[STDERR  ] 2017-08-15T15:53:15.022122737Z: [    8.008654] SGI XFS with ACLs, security attributes, no debug enabled
[STDERR  ] 2017-08-15T15:53:15.022134571Z: [    8.012942] 9p: Installing v9fs 9p2000 file system support
[STDERR  ] 2017-08-15T15:53:15.022145895Z: [    8.013424] FS-Cache: Netfs '9p' registered for caching
[STDERR  ] 2017-08-15T15:53:15.022157268Z: [    8.046083] NET: Registered protocol family 38
