[INFO    ] 2017-08-15T15:21:50.911965357Z: Running Test linuxkit.packages.ca-certificates in /tmp/with_clone1599606a/test/cases/040_packages/003_ca-certificates
[INFO    ] 2017-08-15T15:21:50.912057218Z: Running command: [/bin/sh -x /tmp/with_clone1599606a/test/cases/040_packages/003_ca-certificates/test.sh]
[STDERR  ] 2017-08-15T15:21:50.93173178Z: + set -e
[STDERR  ] 2017-08-15T15:21:50.931776449Z: + . /tmp/with_clone1599606a/test/cases/_lib/lib.sh
[STDERR  ] 2017-08-15T15:21:50.931792229Z: + [ -f src/github.com/linuxkit/rtf/lib/lib.sh ]
[STDERR  ] 2017-08-15T15:21:50.931799524Z: + LINUXKIT_TMPDIR=/tmp/with_clone1599606a/test/cases/_tmp
[STDERR  ] 2017-08-15T15:21:50.931807588Z: + [ -f /tmp/with_clone1599606a/test/cases/_tmp/env.sh ]
[STDERR  ] 2017-08-15T15:21:50.931827516Z: + . /tmp/with_clone1599606a/test/cases/_tmp/env.sh
[STDERR  ] 2017-08-15T15:21:50.931837271Z: + export LINUXKIT_EXAMPLES_DIR=/tmp/with_clone1599606a/test/cases/../../examples
[STDERR  ] 2017-08-15T15:21:50.931845452Z: + export LINUXKIT_BLUEPRINTS_DIR=/tmp/with_clone1599606a/test/cases/../../blueprints
[STDERR  ] 2017-08-15T15:21:50.931852127Z: + RT_CANCEL=253
[STDERR  ] 2017-08-15T15:21:50.931858837Z: + trap clean_up EXIT
[STDERR  ] 2017-08-15T15:21:50.931874927Z: + moby build -output kernel+initrd test-ca-certificates.yml
[STDERR  ] 2017-08-15T15:21:50.931881484Z: Extract kernel image: linuxkit/kernel:4.9.43
[STDERR  ] 2017-08-15T15:21:58.342501516Z: Add init containers:
[STDERR  ] 2017-08-15T15:21:58.342573147Z: Process init image: linuxkit/init:c7d651da1a5e308c757bc61ce6a41804ea843426
[STDERR  ] 2017-08-15T15:21:59.800705575Z: Process init image: linuxkit/runc:838259153885c0c40460379d6cdb7baebaf3fa36
[STDERR  ] 2017-08-15T15:22:01.608251509Z: Process init image: linuxkit/ca-certificates:e44b0a66df5a102c0e220f0066b0d904710dcb10
[STDERR  ] 2017-08-15T15:22:03.074069042Z: Add onboot containers:
[STDERR  ] 2017-08-15T15:22:03.074135018Z:   Create OCI config for alpine:3.6
[STDERR  ] 2017-08-15T15:22:04.757326622Z:   Create OCI config for linuxkit/poweroff:1e9876c682c74d0602b7647c628bb0875fb13998
[STDERR  ] 2017-08-15T15:22:06.369384846Z: Add files:
[STDERR  ] 2017-08-15T15:22:06.369486872Z:   check.sh
[STDERR  ] 2017-08-15T15:22:06.369570805Z: Create outputs:
[STDERR  ] 2017-08-15T15:22:11.530898349Z:   test-ca-certificates-kernel test-ca-certificates-initrd.img test-ca-certificates-cmdline
[STDERR  ] 2017-08-15T15:22:11.740856506Z: + linuxkit run test-ca-certificates
[STDERR  ] 2017-08-15T15:22:51.869197487Z: + RESULT=[    0.000000] Linux version 4.9.43-linuxkit (root@e1ede117fb1e) (gcc version 6.3.0 (Alpine 6.3.0) ) #1 SMP Mon Aug 14 11:26:59 UTC 2017
[STDERR  ] 2017-08-15T15:22:51.869268893Z: [    0.000000] Command line: console=ttyS0 page_poison=1
[STDERR  ] 2017-08-15T15:22:51.869287018Z: [    0.000000] x86/fpu: Legacy x87 FPU detected.
[STDERR  ] 2017-08-15T15:22:51.86930023Z: [    0.000000] x86/fpu: Using 'eager' FPU context switches.
[STDERR  ] 2017-08-15T15:22:51.869312121Z: [    0.000000] e820: BIOS-provided physical RAM map:
[STDERR  ] 2017-08-15T15:22:51.86932404Z: [    0.000000] BIOS-e820: [mem 0x0000000000000000-0x000000000009fbff] usable
[STDERR  ] 2017-08-15T15:22:51.869335892Z: [    0.000000] BIOS-e820: [mem 0x000000000009fc00-0x000000000009ffff] reserved
[STDERR  ] 2017-08-15T15:22:51.869348441Z: [    0.000000] BIOS-e820: [mem 0x00000000000f0000-0x00000000000fffff] reserved
[STDERR  ] 2017-08-15T15:22:51.869361184Z: [    0.000000] BIOS-e820: [mem 0x0000000000100000-0x000000003ffdefff] usable
[STDERR  ] 2017-08-15T15:22:51.869374384Z: [    0.000000] BIOS-e820: [mem 0x000000003ffdf000-0x000000003fffffff] reserved
[STDERR  ] 2017-08-15T15:22:51.869388185Z: [    0.000000] BIOS-e820: [mem 0x00000000b0000000-0x00000000bfffffff] reserved
[STDERR  ] 2017-08-15T15:22:51.86940046Z: [    0.000000] BIOS-e820: [mem 0x00000000fed1c000-0x00000000fed1ffff] reserved
[STDERR  ] 2017-08-15T15:22:51.869413287Z: [    0.000000] BIOS-e820: [mem 0x00000000fffc0000-0x00000000ffffffff] reserved
[STDERR  ] 2017-08-15T15:22:51.869426502Z: [    0.000000] NX (Execute Disable) protection: active
[STDERR  ] 2017-08-15T15:22:51.86945526Z: [    0.000000] SMBIOS 2.8 present.
[STDERR  ] 2017-08-15T15:22:51.869468179Z: [    0.000000] e820: last_pfn = 0x3ffdf max_arch_pfn = 0x400000000
[STDERR  ] 2017-08-15T15:22:51.869479434Z: [    0.000000] x86/PAT: Configuration [0-7]: WB  WC  UC- UC  WB  WC  UC- WT  
[STDERR  ] 2017-08-15T15:22:51.869491091Z: [    0.000000] found SMP MP-table at [mem 0x000f6aa0-0x000f6aaf] mapped at [ffff895b400f6aa0]
[STDERR  ] 2017-08-15T15:22:51.869509417Z: [    0.000000] RAMDISK: [mem 0x3ed34000-0x3ffcffff]
[STDERR  ] 2017-08-15T15:22:51.869523241Z: [    0.000000] ACPI: Early table checksum verification disabled
[STDERR  ] 2017-08-15T15:22:51.869533792Z: [    0.000000] ACPI: RSDP 0x00000000000F68C0 000014 (v00 BOCHS )
[STDERR  ] 2017-08-15T15:22:51.869544488Z: [    0.000000] ACPI: RSDT 0x000000003FFE2404 000034 (v01 BOCHS  BXPCRSDT 00000001 BXPC 00000001)
[STDERR  ] 2017-08-15T15:22:51.869556095Z: [    0.000000] ACPI: FACP 0x000000003FFE22A4 000074 (v01 BOCHS  BXPCFACP 00000001 BXPC 00000001)
[STDERR  ] 2017-08-15T15:22:51.869567255Z: [    0.000000] ACPI: DSDT 0x000000003FFE0040 002264 (v01 BOCHS  BXPCDSDT 00000001 BXPC 00000001)
[STDERR  ] 2017-08-15T15:22:51.86957839Z: [    0.000000] ACPI: FACS 0x000000003FFE0000 000040
[STDERR  ] 2017-08-15T15:22:51.869590189Z: [    0.000000] ACPI: APIC 0x000000003FFE2318 000078 (v01 BOCHS  BXPCAPIC 00000001 BXPC 00000001)
[STDERR  ] 2017-08-15T15:22:51.869602991Z: [    0.000000] ACPI: HPET 0x000000003FFE2390 000038 (v01 BOCHS  BXPCHPET 00000001 BXPC 00000001)
[STDERR  ] 2017-08-15T15:22:51.869617131Z: [    0.000000] ACPI: MCFG 0x000000003FFE23C8 00003C (v01 BOCHS  BXPCMCFG 00000001 BXPC 00000001)
[STDERR  ] 2017-08-15T15:22:51.869629639Z: [    0.000000] Zone ranges:
[STDERR  ] 2017-08-15T15:22:51.869641739Z: [    0.000000]   DMA      [mem 0x0000000000001000-0x0000000000ffffff]
[STDERR  ] 2017-08-15T15:22:51.869653051Z: [    0.000000]   DMA32    [mem 0x0000000001000000-0x000000003ffdefff]
[STDERR  ] 2017-08-15T15:22:51.869664417Z: [    0.000000]   Normal   empty
[STDERR  ] 2017-08-15T15:22:51.869676456Z: [    0.000000] Movable zone start for each node
[STDERR  ] 2017-08-15T15:22:51.869688776Z: [    0.000000] Early memory node ranges
[STDERR  ] 2017-08-15T15:22:51.86970084Z: [    0.000000]   node   0: [mem 0x0000000000001000-0x000000000009efff]
[STDERR  ] 2017-08-15T15:22:51.86971349Z: [    0.000000]   node   0: [mem 0x0000000000100000-0x000000003ffdefff]
[STDERR  ] 2017-08-15T15:22:51.869730998Z: [    0.000000] Initmem setup node 0 [mem 0x0000000000001000-0x000000003ffdefff]
[STDERR  ] 2017-08-15T15:22:51.869743581Z: [    0.000000] ACPI: PM-Timer IO Port: 0x608
[STDERR  ] 2017-08-15T15:22:51.869756127Z: [    0.000000] ACPI: LAPIC_NMI (acpi_id[0xff] dfl dfl lint[0x1])
[STDERR  ] 2017-08-15T15:22:51.869768258Z: [    0.000000] IOAPIC[0]: apic_id 0, version 32, address 0xfec00000, GSI 0-23
[STDERR  ] 2017-08-15T15:22:51.869780646Z: [    0.000000] ACPI: INT_SRC_OVR (bus 0 bus_irq 0 global_irq 2 dfl dfl)
[STDERR  ] 2017-08-15T15:22:51.869798006Z: [    0.000000] ACPI: INT_SRC_OVR (bus 0 bus_irq 5 global_irq 5 high level)
[STDERR  ] 2017-08-15T15:22:51.869809899Z: [    0.000000] ACPI: INT_SRC_OVR (bus 0 bus_irq 9 global_irq 9 high level)
[STDERR  ] 2017-08-15T15:22:51.869822802Z: [    0.000000] ACPI: INT_SRC_OVR (bus 0 bus_irq 10 global_irq 10 high level)
[STDERR  ] 2017-08-15T15:22:51.869835418Z: [    0.000000] ACPI: INT_SRC_OVR (bus 0 bus_irq 11 global_irq 11 high level)
[STDERR  ] 2017-08-15T15:22:51.869851427Z: [    0.000000] Using ACPI (MADT) for SMP configuration information
[STDERR  ] 2017-08-15T15:22:51.869863855Z: [    0.000000] ACPI: HPET id: 0x8086a201 base: 0xfed00000
[STDERR  ] 2017-08-15T15:22:51.869876989Z: [    0.000000] smpboot: Allowing 1 CPUs, 0 hotplug CPUs
[STDERR  ] 2017-08-15T15:22:51.869889504Z: [    0.000000] e820: [mem 0x40000000-0xafffffff] available for PCI devices
[STDERR  ] 2017-08-15T15:22:51.869901473Z: [    0.000000] Booting paravirtualized kernel on bare hardware
[STDERR  ] 2017-08-15T15:22:51.869913611Z: [    0.000000] clocksource: refined-jiffies: mask: 0xffffffff max_cycles: 0xffffffff, max_idle_ns: 19112604462750000 ns
[STDERR  ] 2017-08-15T15:22:51.869938031Z: [    0.000000] setup_percpu: NR_CPUS:128 nr_cpumask_bits:128 nr_cpu_ids:1 nr_node_ids:1
[STDERR  ] 2017-08-15T15:22:51.869951002Z: [    0.000000] percpu: Embedded 35 pages/cpu @ffff895b7ea00000 s105240 r8192 d29928 u2097152
[STDERR  ] 2017-08-15T15:22:51.869963111Z: [    0.000000] Built 1 zonelists in Zone order, mobility grouping on.  Total pages: 257896
[STDERR  ] 2017-08-15T15:22:51.869979992Z: [    0.000000] Kernel command line: console=ttyS0 page_poison=1
[STDERR  ] 2017-08-15T15:22:51.869992663Z: [    0.000000] PID hash table entries: 4096 (order: 3, 32768 bytes)
[STDERR  ] 2017-08-15T15:22:51.870005005Z: [    0.000000] Dentry cache hash table entries: 131072 (order: 8, 1048576 bytes)
[STDERR  ] 2017-08-15T15:22:51.87001764Z: [    0.000000] Inode-cache hash table entries: 65536 (order: 7, 524288 bytes)
[STDERR  ] 2017-08-15T15:22:51.870033967Z: [    0.000000] Memory: 995116K/1048052K available (8028K kernel code, 1366K rwdata, 2696K rodata, 1380K init, 568K bss, 52936K reserved, 0K cma-reserved)
[STDERR  ] 2017-08-15T15:22:51.870048868Z: [    0.000000] Hierarchical RCU implementation.
[STDERR  ] 2017-08-15T15:22:51.870060506Z: [    0.000000] 	Build-time adjustment of leaf fanout to 64.
[STDERR  ] 2017-08-15T15:22:51.87007252Z: [    0.000000] 	RCU restricting CPUs from NR_CPUS=128 to nr_cpu_ids=1.
[STDERR  ] 2017-08-15T15:22:51.870085082Z: [    0.000000] RCU: Adjusting geometry for rcu_fanout_leaf=64, nr_cpu_ids=1
[STDERR  ] 2017-08-15T15:22:51.870097478Z: [    0.000000] NR_IRQS:8448 nr_irqs:256 16
[STDERR  ] 2017-08-15T15:22:51.870111398Z: [    0.000000] Console: colour VGA+ 80x25
[STDERR  ] 2017-08-15T15:22:51.870123564Z: [    0.000000] console [ttyS0] enabled
[STDERR  ] 2017-08-15T15:22:51.87013589Z: [    0.000000] allocated 2097152 bytes of page_ext
[STDERR  ] 2017-08-15T15:22:51.870148439Z: [    0.000000] clocksource: hpet: mask: 0xffffffff max_cycles: 0xffffffff, max_idle_ns: 19112604467 ns
[STDERR  ] 2017-08-15T15:22:51.870160676Z: [    0.000000] tsc: Unable to calibrate against PIT
[STDERR  ] 2017-08-15T15:22:51.870172715Z: [    0.000000] tsc: using HPET reference calibration
[STDERR  ] 2017-08-15T15:22:51.870186053Z: [    0.000000] tsc: Detected 2300.117 MHz processor
[STDERR  ] 2017-08-15T15:22:51.870197636Z: [    0.052368] Calibrating delay loop (skipped), value calculated using timer frequency.. 4600.23 BogoMIPS (lpj=23001170)
[STDERR  ] 2017-08-15T15:22:51.870209903Z: [    0.053845] pid_max: default: 32768 minimum: 301
[STDERR  ] 2017-08-15T15:22:51.870223872Z: [    0.055205] ACPI: Core revision 20160831
[STDERR  ] 2017-08-15T15:22:51.870235866Z: [    0.135589] ACPI: 1 ACPI AML tables successfully acquired and loaded
[STDERR  ] 2017-08-15T15:22:51.870247764Z: [    0.141085] Security Framework initialized
[STDERR  ] 2017-08-15T15:22:51.870259866Z: [    0.141476] Yama: becoming mindful.
[STDERR  ] 2017-08-15T15:22:51.870272107Z: [    0.144260] Mount-cache hash table entries: 2048 (order: 2, 16384 bytes)
[STDERR  ] 2017-08-15T15:22:51.870284706Z: [    0.144976] Mountpoint-cache hash table entries: 2048 (order: 2, 16384 bytes)
[STDERR  ] 2017-08-15T15:22:51.870297256Z: [    0.177846] Last level iTLB entries: 4KB 0, 2MB 0, 4MB 0
[STDERR  ] 2017-08-15T15:22:51.870308255Z: [    0.178405] Last level dTLB entries: 4KB 0, 2MB 0, 4MB 0, 1GB 0
[STDERR  ] 2017-08-15T15:22:51.870319244Z: [    0.709575] Freeing SMP alternatives memory: 20K
[STDERR  ] 2017-08-15T15:22:51.870330787Z: [    0.724235] ftrace: allocating 35486 entries in 139 pages
[STDERR  ] 2017-08-15T15:22:51.870342282Z: [    1.002488] smpboot: Max logical packages: 1
[STDERR  ] 2017-08-15T15:22:51.870354345Z: [    1.013253] ..TIMER: vector=0x30 apic1=0 pin1=2 apic2=-1 pin2=-1
[STDERR  ] 2017-08-15T15:22:51.870370499Z: [    1.120000] smpboot: CPU0: AMD QEMU Virtual CPU version 2.5+ (family: 0x6, model: 0x6, stepping: 0x3)
[STDERR  ] 2017-08-15T15:22:51.870383824Z: [    1.120000] Performance Events: PMU not available due to virtualization, using software events only.
[STDERR  ] 2017-08-15T15:22:51.870402218Z: [    1.147861] NMI watchdog: disabled (cpu0): hardware events not enabled
[STDERR  ] 2017-08-15T15:22:51.870415482Z: [    1.148407] NMI watchdog: Shutting down hard lockup detector on all cpus
[STDERR  ] 2017-08-15T15:22:51.870427727Z: [    1.151462] x86: Booted up 1 node, 1 CPUs
[STDERR  ] 2017-08-15T15:22:51.870444182Z: [    1.151881] smpboot: Total of 1 processors activated (4600.23 BogoMIPS)
[STDERR  ] 2017-08-15T15:22:51.870458516Z: [    1.177115] devtmpfs: initialized
[STDERR  ] 2017-08-15T15:22:51.870470565Z: [    1.185683] x86/mm: Memory block size: 128MB
[STDERR  ] 2017-08-15T15:22:51.870482354Z: [    1.301359] clocksource: jiffies: mask: 0xffffffff max_cycles: 0xffffffff, max_idle_ns: 19112604462750000 ns
[STDERR  ] 2017-08-15T15:22:51.870496573Z: [    1.304145] futex hash table entries: 256 (order: 2, 16384 bytes)
[STDERR  ] 2017-08-15T15:22:51.870511173Z: [    1.321724] NET: Registered protocol family 16
[STDERR  ] 2017-08-15T15:22:51.870524676Z: [    1.337800] cpuidle: using governor ladder
[STDERR  ] 2017-08-15T15:22:51.87053662Z: [    1.338363] cpuidle: using governor menu
[STDERR  ] 2017-08-15T15:22:51.870547361Z: [    1.340233] ACPI: bus type PCI registered
[STDERR  ] 2017-08-15T15:22:51.870561738Z: [    1.344855] PCI: MMCONFIG for domain 0000 [bus 00-ff] at [mem 0xb0000000-0xbfffffff] (base 0xb0000000)
[STDERR  ] 2017-08-15T15:22:51.870574691Z: [    1.345704] PCI: MMCONFIG at [mem 0xb0000000-0xbfffffff] reserved in E820
[STDERR  ] 2017-08-15T15:22:51.870586889Z: [    1.347534] PCI: Using configuration type 1 for base access
[STDERR  ] 2017-08-15T15:22:51.870599298Z: [    1.449622] HugeTLB registered 2 MB page size, pre-allocated 0 pages
[STDERR  ] 2017-08-15T15:22:51.870611811Z: [    1.466402] ACPI: Added _OSI(Module Device)
[STDERR  ] 2017-08-15T15:22:51.870623802Z: [    1.466763] ACPI: Added _OSI(Processor Device)
[STDERR  ] 2017-08-15T15:22:51.870636076Z: [    1.467055] ACPI: Added _OSI(3.0 _SCP Extensions)
[STDERR  ] 2017-08-15T15:22:51.870648445Z: [    1.467363] ACPI: Added _OSI(Processor Aggregator Device)
[STDERR  ] 2017-08-15T15:22:51.870660655Z: [    1.602240] ACPI: Interpreter enabled
[STDERR  ] 2017-08-15T15:22:51.870672692Z: [    1.603413] ACPI: (supports S0 S5)
[STDERR  ] 2017-08-15T15:22:51.870684316Z: [    1.603752] ACPI: Using IOAPIC for interrupt routing
[STDERR  ] 2017-08-15T15:22:51.870697163Z: [    1.606516] PCI: Using host bridge windows from ACPI; if necessary, use "pci=nocrs" and report a bug
[STDERR  ] 2017-08-15T15:22:51.870708673Z: [    1.712200] ACPI: PCI Root Bridge [PCI0] (domain 0000 [bus 00-ff])
[STDERR  ] 2017-08-15T15:22:51.870720566Z: [    1.713499] acpi PNP0A08:00: _OSC: OS supports [ExtendedConfig ASPM ClockPM Segments MSI]
[STDERR  ] 2017-08-15T15:22:51.870732927Z: [    1.722734] acpi PNP0A08:00: _OSC: OS now controls [PCIeHotplug PME PCIeCapability]
[STDERR  ] 2017-08-15T15:22:51.870745241Z: [    1.728600] PCI host bridge to bus 0000:00
[STDERR  ] 2017-08-15T15:22:51.870756726Z: [    1.729130] pci_bus 0000:00: root bus resource [io  0x0000-0x0cf7 window]
[STDERR  ] 2017-08-15T15:22:51.870768867Z: [    1.729590] pci_bus 0000:00: root bus resource [io  0x0d00-0xffff window]
[STDERR  ] 2017-08-15T15:22:51.870782867Z: [    1.730090] pci_bus 0000:00: root bus resource [mem 0x000a0000-0x000bffff window]
[STDERR  ] 2017-08-15T15:22:51.870794942Z: [    1.730548] pci_bus 0000:00: root bus resource [mem 0xc0000000-0xfebfffff window]
[STDERR  ] 2017-08-15T15:22:51.87080959Z: [    1.731224] pci_bus 0000:00: root bus resource [bus 00-ff]
[STDERR  ] 2017-08-15T15:22:51.870824394Z: [    1.914005] pci 0000:00:1f.0: quirk: [io  0x0600-0x067f] claimed by ICH6 ACPI/GPIO/TCO
[STDERR  ] 2017-08-15T15:22:51.870840992Z: [    2.014800] ACPI: PCI Interrupt Link [LNKA] (IRQs 5 *10 11)
[STDERR  ] 2017-08-15T15:22:51.870853284Z: [    2.017725] ACPI: PCI Interrupt Link [LNKB] (IRQs 5 *10 11)
[STDERR  ] 2017-08-15T15:22:51.87086598Z: [    2.020472] ACPI: PCI Interrupt Link [LNKC] (IRQs 5 10 *11)
[STDERR  ] 2017-08-15T15:22:51.870884544Z: [    2.023000] ACPI: PCI Interrupt Link [LNKD] (IRQs 5 10 *11)
[STDERR  ] 2017-08-15T15:22:51.870897495Z: [    2.025498] ACPI: PCI Interrupt Link [LNKE] (IRQs 5 *10 11)
[STDERR  ] 2017-08-15T15:22:51.870910904Z: [    2.028080] ACPI: PCI Interrupt Link [LNKF] (IRQs 5 *10 11)
[STDERR  ] 2017-08-15T15:22:51.87092303Z: [    2.030843] ACPI: PCI Interrupt Link [LNKG] (IRQs 5 10 *11)
[STDERR  ] 2017-08-15T15:22:51.870940436Z: [    2.033418] ACPI: PCI Interrupt Link [LNKH] (IRQs 5 10 *11)
[STDERR  ] 2017-08-15T15:22:51.870952655Z: [    2.034562] ACPI: PCI Interrupt Link [GSIA] (IRQs *16)
[STDERR  ] 2017-08-15T15:22:51.870965267Z: [    2.035347] ACPI: PCI Interrupt Link [GSIB] (IRQs *17)
[STDERR  ] 2017-08-15T15:22:51.870977544Z: [    2.036114] ACPI: PCI Interrupt Link [GSIC] (IRQs *18)
[STDERR  ] 2017-08-15T15:22:51.870989981Z: [    2.036887] ACPI: PCI Interrupt Link [GSID] (IRQs *19)
[STDERR  ] 2017-08-15T15:22:51.871002581Z: [    2.037659] ACPI: PCI Interrupt Link [GSIE] (IRQs *20)
[STDERR  ] 2017-08-15T15:22:51.871018769Z: [    2.038451] ACPI: PCI Interrupt Link [GSIF] (IRQs *21)
[STDERR  ] 2017-08-15T15:22:51.871030874Z: [    2.039223] ACPI: PCI Interrupt Link [GSIG] (IRQs *22)
[STDERR  ] 2017-08-15T15:22:51.871042781Z: [    2.040152] ACPI: PCI Interrupt Link [GSIH] (IRQs *23)
[STDERR  ] 2017-08-15T15:22:51.871054151Z: [    2.045813] ACPI: Enabled 2 GPEs in block 00 to 3F
[STDERR  ] 2017-08-15T15:22:51.871065836Z: [    2.052837] SCSI subsystem initialized
[STDERR  ] 2017-08-15T15:22:51.871077451Z: [    2.055693] ACPI: bus type USB registered
[STDERR  ] 2017-08-15T15:22:51.871089243Z: [    2.057365] usbcore: registered new interface driver usbfs
[STDERR  ] 2017-08-15T15:22:51.871101447Z: [    2.058669] usbcore: registered new interface driver hub
[STDERR  ] 2017-08-15T15:22:51.871113002Z: [    2.059741] usbcore: registered new device driver usb
[STDERR  ] 2017-08-15T15:22:51.871127109Z: [    2.061467] pps_core: LinuxPPS API ver. 1 registered
[STDERR  ] 2017-08-15T15:22:51.871139083Z: [    2.061819] pps_core: Software ver. 5.3.6 - Copyright 2005-2007 Rodolfo Giometti <giometti@linux.it>
[STDERR  ] 2017-08-15T15:22:51.871151363Z: [    2.062598] PTP clock support registered
[STDERR  ] 2017-08-15T15:22:51.871165628Z: [    2.064404] wmi: Mapper loaded
[STDERR  ] 2017-08-15T15:22:51.871178172Z: [    2.066035] PCI: Using ACPI for IRQ routing
[STDERR  ] 2017-08-15T15:22:51.871190093Z: [    2.097830] NetLabel: Initializing
[STDERR  ] 2017-08-15T15:22:51.871203778Z: [    2.098124] NetLabel:  domain hash size = 128
[STDERR  ] 2017-08-15T15:22:51.871215575Z: [    2.098433] NetLabel:  protocols = UNLABELED CIPSOv4
[STDERR  ] 2017-08-15T15:22:51.871228974Z: [    2.101370] NetLabel:  unlabeled traffic allowed by default
[STDERR  ] 2017-08-15T15:22:51.871241267Z: [    2.102658] HPET: 3 timers in total, 0 timers will be used for per-cpu timer
[STDERR  ] 2017-08-15T15:22:51.871253064Z: [    2.103535] hpet0: at MMIO 0xfed00000, IRQs 2, 8, 0
[STDERR  ] 2017-08-15T15:22:51.871265292Z: [    2.104095] hpet0: 3 comparators, 64-bit 100.000000 MHz counter
[STDERR  ] 2017-08-15T15:22:51.87127761Z: [    2.110908] clocksource: Switched to clocksource hpet
[STDERR  ] 2017-08-15T15:22:51.871292822Z: [    2.589882] VFS: Disk quotas dquot_6.6.0
[STDERR  ] 2017-08-15T15:22:51.871304943Z: [    2.591032] VFS: Dquot-cache hash table entries: 512 (order 0, 4096 bytes)
[STDERR  ] 2017-08-15T15:22:51.87131678Z: [    2.595179] FS-Cache: Loaded
[STDERR  ] 2017-08-15T15:22:51.871327521Z: [    2.603562] CacheFiles: Loaded
[STDERR  ] 2017-08-15T15:22:51.871341523Z: [    2.606107] pnp: PnP ACPI init
[STDERR  ] 2017-08-15T15:22:51.871353565Z: [    2.625496] pnp: PnP ACPI: found 5 devices
[STDERR  ] 2017-08-15T15:22:51.871365555Z: [    2.736943] clocksource: acpi_pm: mask: 0xffffff max_cycles: 0xffffff, max_idle_ns: 2085701024 ns
[STDERR  ] 2017-08-15T15:22:51.871378494Z: [    2.741557] NET: Registered protocol family 2
[STDERR  ] 2017-08-15T15:22:51.871394154Z: [    2.754160] TCP established hash table entries: 8192 (order: 4, 65536 bytes)
[STDERR  ] 2017-08-15T15:22:51.87141368Z: [    2.755060] TCP bind hash table entries: 8192 (order: 5, 131072 bytes)
[STDERR  ] 2017-08-15T15:22:51.871426775Z: [    2.755845] TCP: Hash tables configured (established 8192 bind 8192)
[STDERR  ] 2017-08-15T15:22:51.871438596Z: [    2.758540] UDP hash table entries: 512 (order: 2, 16384 bytes)
[STDERR  ] 2017-08-15T15:22:51.871453078Z: [    2.759192] UDP-Lite hash table entries: 512 (order: 2, 16384 bytes)
[STDERR  ] 2017-08-15T15:22:51.871470597Z: [    2.762976] NET: Registered protocol family 1
[STDERR  ] 2017-08-15T15:22:51.871482726Z: [    2.764397] pci 0000:00:01.0: Video device with shadowed ROM at [mem 0x000c0000-0x000dffff]
[STDERR  ] 2017-08-15T15:22:51.87149507Z: [    2.792097] Unpacking initramfs...
[STDERR  ] 2017-08-15T15:22:51.871506605Z: [    7.666491] Freeing initrd memory: 19056K
[STDERR  ] 2017-08-15T15:22:51.871518528Z: [    7.705196] PCLMULQDQ-NI instructions are not detected.
[STDERR  ] 2017-08-15T15:22:51.871529903Z: [    7.706807] AVX or AES-NI instructions are not detected.
[STDERR  ] 2017-08-15T15:22:51.87154142Z: [    7.707286] CPU feature 'AVX registers' is not supported.
[STDERR  ] 2017-08-15T15:22:51.871553839Z: [    7.707710] CPU feature 'AVX registers' is not supported.
[STDERR  ] 2017-08-15T15:22:51.871565302Z: [    7.708159] CPU feature 'AVX registers' is not supported.
[STDERR  ] 2017-08-15T15:22:51.871576299Z: [    7.708565] CPU feature 'AVX registers' is not supported.
[STDERR  ] 2017-08-15T15:22:51.871588129Z: [    7.708964] AVX2 or AES-NI instructions are not detected.
[STDERR  ] 2017-08-15T15:22:51.871600194Z: [    7.709371] AVX2 instructions are not detected.
[STDERR  ] 2017-08-15T15:22:51.87161208Z: [    7.721250] audit: initializing netlink subsys (disabled)
[STDERR  ] 2017-08-15T15:22:51.871624128Z: [    7.723587] audit: type=2000 audit(1502810540.720:1): initialized
[STDERR  ] 2017-08-15T15:22:51.871636209Z: [    7.735260] workingset: timestamp_bits=46 max_order=18 bucket_order=0
[STDERR  ] 2017-08-15T15:22:51.87165142Z: [    7.745645] FS-Cache: Netfs 'cifs' registered for caching
[STDERR  ] 2017-08-15T15:22:51.871663297Z: [    7.746919] fuse init (API version 7.26)
[STDERR  ] 2017-08-15T15:22:51.871675342Z: [    7.750955] SGI XFS with ACLs, security attributes, no debug enabled
[STDERR  ] 2017-08-15T15:22:51.871686951Z: [    7.760483] 9p: Installing v9fs 9p2000 file system support
[STDERR  ] 2017-08-15T15:22:51.871702683Z: [    7.761007] FS-Cache: Netfs '9p' registered for caching
[STDERR  ] 2017-08-15T15:22:51.87171454Z: [    7.817576] NET: Registered protocol family 38
[STDERR  ] 2017-08-15T15:22:51.871726242Z: [    7.818304] Key type asymmetric registered
[STDERR  ] 2017-08-15T15:22:51.871738557Z: [    7.818678] Asymmetric key parser 'x509' registered
[STDERR  ] 2017-08-15T15:22:51.871750025Z: [    7.819696] Block layer SCSI generic (bsg) driver version 0.4 loaded (major 251)
[STDERR  ] 2017-08-15T15:22:51.871762051Z: [    7.822265] io scheduler noop registered
[STDERR  ] 2017-08-15T15:22:51.871773832Z: [    7.822611] io scheduler deadline registered (default)
[STDERR  ] 2017-08-15T15:22:51.871785818Z: [    7.823309] io scheduler cfq registered
[STDERR  ] 2017-08-15T15:22:51.871797216Z: [    7.827428] pci_hotplug: PCI Hot Plug PCI Core version: 0.5
[STDERR  ] 2017-08-15T15:22:51.871809422Z: [    7.828123] pciehp: PCI Express Hot Plug Controller Driver version: 0.4
[STDERR  ] 2017-08-15T15:22:51.871821357Z: [    7.829125] shpchp: Standard Hot Plug PCI Controller Driver version: 0.4
[STDERR  ] 2017-08-15T15:22:51.871833536Z: [    7.830538] hv_vmbus: registering driver hyperv_fb
[STDERR  ] 2017-08-15T15:22:51.871844946Z: [    7.835941] input: Power Button as /devices/LNXSYSTM:00/LNXPWRBN:00/input/input0
[STDERR  ] 2017-08-15T15:22:51.871856581Z: [    7.837306] ACPI: Power Button [PWRF]
[STDERR  ] 2017-08-15T15:22:51.871868028Z: [    7.845777] GHES: HEST is not enabled!
[STDERR  ] 2017-08-15T15:22:51.871879771Z: [    7.865239] ACPI: PCI Interrupt Link [GSIG] enabled at IRQ 22
[STDERR  ] 2017-08-15T15:22:51.871891364Z: [    7.886618] ACPI: PCI Interrupt Link [GSIH] enabled at IRQ 23
[STDERR  ] 2017-08-15T15:22:51.8719101Z: [    7.893419] xenfs: not registering filesystem on non-xen platform
[STDERR  ] 2017-08-15T15:22:51.871922342Z: [    7.896397] Serial: 8250/16550 driver, 4 ports, IRQ sharing disabled
[STDERR  ] 2017-08-15T15:22:51.871934006Z: [    7.930403] 00:04: ttyS0 at I/O 0x3f8 (irq = 4, base_baud = 115200) is a 16550A
[STDERR  ] 2017-08-15T15:22:51.871950763Z: [    7.948462] Non-volatile memory driver v1.3
[STDERR  ] 2017-08-15T15:22:51.871972822Z: [    7.958796] Hangcheck: starting hangcheck timer 0.9.1 (tick is 180 seconds, margin is 60 seconds).
[STDERR  ] 2017-08-15T15:22:51.871985629Z: [    7.967147] random: fast init done
[STDERR  ] 2017-08-15T15:22:51.871996605Z: [    7.969406] random: crng init done
[STDERR  ] 2017-08-15T15:22:51.872007821Z: [    8.028057] loop: module loaded
[STDERR  ] 2017-08-15T15:22:51.872019784Z: [    8.052032] nbd: registered device at major 43
[STDERR  ] 2017-08-15T15:22:51.872031466Z: [    8.125316] lpc_ich 0000:00:1f.0: I/O space for GPIO uninitialized
[STDERR  ] 2017-08-15T15:22:51.872046624Z: [    8.127921] VMware PVSCSI driver - version 1.0.7.0-k
[STDERR  ] 2017-08-15T15:22:51.872059Z: [    8.128855] hv_vmbus: registering driver hv_storvsc
[STDERR  ] 2017-08-15T15:22:51.872070625Z: [    8.146245] ACPI: PCI Interrupt Link [GSIA] enabled at IRQ 16
[STDERR  ] 2017-08-15T15:22:51.872082181Z: [    8.156559] ahci 0000:00:1f.2: AHCI 0001.0000 32 slots 6 ports 1.5 Gbps 0x3f impl SATA mode
[STDERR  ] 2017-08-15T15:22:51.872096943Z: [    8.157292] ahci 0000:00:1f.2: flags: 64bit ncq only 
[STDERR  ] 2017-08-15T15:22:51.872108566Z: [    8.192297] scsi host0: ahci
[STDERR  ] 2017-08-15T15:22:51.872120418Z: [    8.198316] scsi host1: ahci
[STDERR  ] 2017-08-15T15:22:51.872132337Z: [    8.202170] scsi host2: ahci
[STDERR  ] 2017-08-15T15:22:51.872145973Z: [    8.205733] scsi host3: ahci
[STDERR  ] 2017-08-15T15:22:51.872158539Z: [    8.209515] scsi host4: ahci
[STDERR  ] 2017-08-15T15:22:51.872170717Z: [    8.213354] scsi host5: ahci
[STDERR  ] 2017-08-15T15:22:51.872183194Z: [    8.216220] ata1: SATA max UDMA/133 abar m4096@0xfebd2000 port 0xfebd2100 irq 24
[STDERR  ] 2017-08-15T15:22:51.872195694Z: [    8.216748] ata2: SATA max UDMA/133 abar m4096@0xfebd2000 port 0xfebd2180 irq 24
[STDERR  ] 2017-08-15T15:22:51.872207688Z: [    8.217176] ata3: SATA max UDMA/133 abar m4096@0xfebd2000 port 0xfebd2200 irq 24
[STDERR  ] 2017-08-15T15:22:51.872219671Z: [    8.217614] ata4: SATA max UDMA/133 abar m4096@0xfebd2000 port 0xfebd2280 irq 24
[STDERR  ] 2017-08-15T15:22:51.87223574Z: [    8.218094] ata5: SATA max UDMA/133 abar m4096@0xfebd2000 port 0xfebd2300 irq 24
[STDERR  ] 2017-08-15T15:22:51.87224861Z: [    8.218523] ata6: SATA max UDMA/133 abar m4096@0xfebd2000 port 0xfebd2380 irq 24
[STDERR  ] 2017-08-15T15:22:51.872262679Z: [    8.241157] tun: Universal TUN/TAP device driver, 1.6
[STDERR  ] 2017-08-15T15:22:51.872274487Z: [    8.241551] tun: (C) 1999-2004 Max Krasnyansky <maxk@qualcomm.com>
[STDERR  ] 2017-08-15T15:22:51.872286441Z: [    8.257796] VMware vmxnet3 virtual NIC driver - version 1.4.a.0-k-NAPI
[STDERR  ] 2017-08-15T15:22:51.872298116Z: [    8.258864] hv_vmbus: registering driver hv_netvsc
[STDERR  ] 2017-08-15T15:22:51.872310272Z: [    8.259243] Fusion MPT base driver 3.04.20
[STDERR  ] 2017-08-15T15:22:51.872321597Z: [    8.259510] Copyright (c) 1999-2008 LSI Corporation
[STDERR  ] 2017-08-15T15:22:51.872333784Z: [    8.260702] Fusion MPT SPI Host driver 3.04.20
[STDERR  ] 2017-08-15T15:22:51.872345198Z: [    8.263882] i8042: PNP: PS/2 Controller [PNP0303:KBD,PNP0f13:MOU] at 0x60,0x64 irq 1,12
[STDERR  ] 2017-08-15T15:22:51.872357331Z: [    8.270124] serio: i8042 KBD port at 0x60,0x64 irq 1
[STDERR  ] 2017-08-15T15:22:51.872369338Z: [    8.271197] serio: i8042 AUX port at 0x60,0x64 irq 12
[STDERR  ] 2017-08-15T15:22:51.872381303Z: [    8.274812] hv_vmbus: registering driver hyperv_keyboard
[STDERR  ] 2017-08-15T15:22:51.872397065Z: [    8.279347] mousedev: PS/2 mouse device common for all mice
[STDERR  ] 2017-08-15T15:22:51.872420115Z: [    8.287227] input: AT Translated Set 2 keyboard as /devices/platform/i8042/serio0/input/input1
[STDERR  ] 2017-08-15T15:22:51.872433741Z: [    8.291859] input: PC Speaker as /devices/platform/pcspkr/input/input2
[STDERR  ] 2017-08-15T15:22:51.872445842Z: [    8.297190] rtc_cmos 00:00: RTC can wake from S4
[STDERR  ] 2017-08-15T15:22:51.872457356Z: [    8.302797] rtc_cmos 00:00: rtc core: registered rtc_cmos as rtc0
[STDERR  ] 2017-08-15T15:22:51.872474328Z: [    8.304332] rtc_cmos 00:00: alarms up to one day, y3k, 114 bytes nvram, hpet irqs
[STDERR  ] 2017-08-15T15:22:51.872486453Z: [    8.305099] i2c /dev entries driver
[STDERR  ] 2017-08-15T15:22:51.872498031Z: [    8.307915] device-mapper: ioctl: 4.35.0-ioctl (2016-06-23) initialised: dm-devel@redhat.com
[STDERR  ] 2017-08-15T15:22:51.872510098Z: [    8.315728] usbcore: registered new interface driver usbhid
[STDERR  ] 2017-08-15T15:22:51.872521942Z: [    8.316128] usbhid: USB HID core driver
[STDERR  ] 2017-08-15T15:22:51.872533374Z: [    8.316852] hv_utils: Registering HyperV Utility Driver
[STDERR  ] 2017-08-15T15:22:51.872545349Z: [    8.317199] hv_vmbus: registering driver hv_util
[STDERR  ] 2017-08-15T15:22:51.87255659Z: [    8.317507] hv_vmbus: registering driver hv_balloon
[STDERR  ] 2017-08-15T15:22:51.87256903Z: [    8.318112] oprofile: using NMI interrupt.
[STDERR  ] 2017-08-15T15:22:51.872582387Z: [    8.319875] GACT probability on
[STDERR  ] 2017-08-15T15:22:51.872595316Z: [    8.320841] Mirror/redirect action on
[STDERR  ] 2017-08-15T15:22:51.872607098Z: [    8.322037] Simple TC action Loaded
[STDERR  ] 2017-08-15T15:22:51.872618625Z: [    8.322763] u32 classifier
[STDERR  ] 2017-08-15T15:22:51.872629846Z: [    8.322970]     Performance counters on
[STDERR  ] 2017-08-15T15:22:51.872640606Z: [    8.323231]     input device check on
[STDERR  ] 2017-08-15T15:22:51.87265173Z: [    8.323467]     Actions configured
[STDERR  ] 2017-08-15T15:22:51.872663574Z: [    8.324183] Netfilter messages via NETLINK v0.30.
[STDERR  ] 2017-08-15T15:22:51.872675197Z: [    8.324815] nfnl_acct: registering with nfnetlink.
[STDERR  ] 2017-08-15T15:22:51.872687564Z: [    8.326656] nf_conntrack version 0.5.0 (8192 buckets, 32768 max)
[STDERR  ] 2017-08-15T15:22:51.872700085Z: [    8.331797] ctnetlink v0.93: registering with nfnetlink.
[STDERR  ] 2017-08-15T15:22:51.872711954Z: [    8.336889] nf_tables: (c) 2007-2009 Patrick McHardy <kaber@trash.net>
[STDERR  ] 2017-08-15T15:22:51.872723673Z: [    8.337929] nf_tables_compat: (c) 2012 Pablo Neira Ayuso <pablo@netfilter.org>
[STDERR  ] 2017-08-15T15:22:51.8727401Z: [    8.341693] xt_time: kernel timezone is -0000
[STDERR  ] 2017-08-15T15:22:51.87275184Z: [    8.342326] ip_set: protocol 6
[STDERR  ] 2017-08-15T15:22:51.87276601Z: [    8.343171] IPVS: Registered protocols (TCP, UDP, SCTP, AH, ESP)
[STDERR  ] 2017-08-15T15:22:51.872779958Z: [    8.343812] IPVS: Connection hash table configured (size=4096, memory=64Kbytes)
[STDERR  ] 2017-08-15T15:22:51.872792492Z: [    8.346217] IPVS: Creating netns size=2104 id=0
[STDERR  ] 2017-08-15T15:22:51.872810938Z: [    8.350991] IPVS: ipvs loaded.
[STDERR  ] 2017-08-15T15:22:51.872822647Z: [    8.351407] IPVS: [rr] scheduler registered.
[STDERR  ] 2017-08-15T15:22:51.872834175Z: [    8.351702] IPVS: [wrr] scheduler registered.
[STDERR  ] 2017-08-15T15:22:51.872845333Z: [    8.351999] IPVS: [lc] scheduler registered.
[STDERR  ] 2017-08-15T15:22:51.872856899Z: [    8.352286] IPVS: [wlc] scheduler registered.
[STDERR  ] 2017-08-15T15:22:51.872868208Z: [    8.352578] IPVS: [fo] scheduler registered.
[STDERR  ] 2017-08-15T15:22:51.872879897Z: [    8.352866] IPVS: [ovf] scheduler registered.
[STDERR  ] 2017-08-15T15:22:51.872891582Z: [    8.353325] IPVS: [lblc] scheduler registered.
[STDERR  ] 2017-08-15T15:22:51.872903211Z: [    8.353799] IPVS: [lblcr] scheduler registered.
[STDERR  ] 2017-08-15T15:22:51.87291445Z: [    8.354130] IPVS: [dh] scheduler registered.
[STDERR  ] 2017-08-15T15:22:51.872924515Z: [    8.354422] IPVS: [sh] scheduler registered.
[STDERR  ] 2017-08-15T15:22:51.872940848Z: [    8.354710] IPVS: [sed] scheduler registered.
[STDERR  ] 2017-08-15T15:22:51.872953054Z: [    8.355001] IPVS: [nq] scheduler registered.
[STDERR  ] 2017-08-15T15:22:51.872964623Z: [    8.355878] IPVS: ftp: loaded support on port[0] = 21
[STDERR  ] 2017-08-15T15:22:51.872976915Z: [    8.357061] ipip: IPv4 and MPLS over IPv4 tunneling driver
[STDERR  ] 2017-08-15T15:22:51.872994052Z: [    8.364153] gre: GRE over IPv4 demultiplexor driver
[STDERR  ] 2017-08-15T15:22:51.87300583Z: [    8.368409] ip_tables: (C) 2000-2006 Netfilter Core Team
[STDERR  ] 2017-08-15T15:22:51.873017338Z: [    8.373973] ipt_CLUSTERIP: ClusterIP Version 0.8 loaded successfully
[STDERR  ] 2017-08-15T15:22:51.873027892Z: [    8.374875] arp_tables: arp_tables: (C) 2002 David S. Miller
[STDERR  ] 2017-08-15T15:22:51.873039849Z: [    8.378514] NET: Registered protocol family 10
[STDERR  ] 2017-08-15T15:22:51.87305152Z: [    8.395374] ip6_tables: (C) 2000-2006 Netfilter Core Team
[STDERR  ] 2017-08-15T15:22:51.873063683Z: [    8.409839] NET: Registered protocol family 17
[STDERR  ] 2017-08-15T15:22:51.873074997Z: [    8.411709] Bridge firewalling registered
[STDERR  ] 2017-08-15T15:22:51.873085995Z: [    8.412373] Ebtables v2.0 registered
[STDERR  ] 2017-08-15T15:22:51.873097151Z: [    8.415232] 8021q: 802.1Q VLAN Support v1.8
[STDERR  ] 2017-08-15T15:22:51.873108113Z: [    8.417479] 9pnet: Installing 9P2000 support
[STDERR  ] 2017-08-15T15:22:51.873124022Z: [    8.419697] Key type dns_resolver registered
[STDERR  ] 2017-08-15T15:22:51.87313625Z: [    8.421351] microcode: AMD CPU family 0x6 not supported
[STDERR  ] 2017-08-15T15:22:51.873150412Z: [    8.427255] registered taskstats version 1
[STDERR  ] 2017-08-15T15:22:51.873162115Z: [    8.557395] ata3: SATA link up 1.5 Gbps (SStatus 113 SControl 300)
[STDERR  ] 2017-08-15T15:22:51.873174407Z: [    8.562565] ata2: SATA link down (SStatus 0 SControl 300)
[STDERR  ] 2017-08-15T15:22:51.873186466Z: [    8.564790] ata1: SATA link down (SStatus 0 SControl 300)
[STDERR  ] 2017-08-15T15:22:51.873201292Z: [    8.565746] ata4: SATA link down (SStatus 0 SControl 300)
[STDERR  ] 2017-08-15T15:22:51.873213848Z: [    8.566437] ata5: SATA link down (SStatus 0 SControl 300)
[STDERR  ] 2017-08-15T15:22:51.873224647Z: [    8.570890] ata6: SATA link down (SStatus 0 SControl 300)
[STDERR  ] 2017-08-15T15:22:51.873235461Z: [    8.573678] ata3.00: ATAPI: QEMU DVD-ROM, 2.5+, max UDMA/100
[STDERR  ] 2017-08-15T15:22:51.873247255Z: [    8.574261] ata3.00: applying bridge limits
[STDERR  ] 2017-08-15T15:22:51.873264898Z: [    8.576917] ata3.00: configured for UDMA/100
[STDERR  ] 2017-08-15T15:22:51.873277Z: [    8.619222] scsi 2:0:0:0: CD-ROM            QEMU     QEMU DVD-ROM     2.5+ PQ: 0 ANSI: 5
[STDERR  ] 2017-08-15T15:22:51.873291413Z: [    8.646173] sr 2:0:0:0: [sr0] scsi3-mmc drive: 4x/4x cd/rw xa/form2 tray
[STDERR  ] 2017-08-15T15:22:51.873303855Z: [    8.646931] cdrom: Uniform CD-ROM driver Revision: 3.20
[STDERR  ] 2017-08-15T15:22:51.8733157Z: [    8.668034] sr 2:0:0:0: Attached scsi generic sg0 type 5
[STDERR  ] 2017-08-15T15:22:51.873327216Z: [    8.720865] tsc: Refined TSC clocksource calibration: 2300.041 MHz
[STDERR  ] 2017-08-15T15:22:51.873338999Z: [    8.721443] clocksource: tsc: mask: 0xffffffffffffffff max_cycles: 0x21275bc6978, max_idle_ns: 440795241275 ns
[STDERR  ] 2017-08-15T15:22:51.87335169Z: [    8.787766] Key type big_key registered
[STDERR  ] 2017-08-15T15:22:51.873362983Z: [    8.874662] Key type encrypted registered
[STDERR  ] 2017-08-15T15:22:51.873381021Z: [    8.881583] rtc_cmos 00:00: setting system clock to 2017-08-15 15:22:22 UTC (1502810542)
[STDERR  ] 2017-08-15T15:22:51.873392991Z: [    9.051595] Freeing unused kernel memory: 1380K
[STDERR  ] 2017-08-15T15:22:51.873404637Z: [    9.051952] Write protecting the kernel read-only data: 12288k
[STDERR  ] 2017-08-15T15:22:51.873419903Z: [    9.058026] Freeing unused kernel memory: 148K
[STDERR  ] 2017-08-15T15:22:51.873431595Z: [    9.182697] Freeing unused kernel memory: 1400K
[STDERR  ] 2017-08-15T15:22:51.873442021Z: [    9.737517] clocksource: Switched to clocksource tsc
[STDERR  ] 2017-08-15T15:22:51.873458378Z: 
[STDERR  ] 2017-08-15T15:22:51.873470858Z: Welcome to LinuxKit
[STDERR  ] 2017-08-15T15:22:51.873482374Z: 
[STDERR  ] 2017-08-15T15:22:51.873494148Z:                         ##         .
[STDERR  ] 2017-08-15T15:22:51.873505812Z:                   ## ## ##        ==
[STDERR  ] 2017-08-15T15:22:51.87352226Z:                ## ## ## ## ##    ===
[STDERR  ] 2017-08-15T15:22:51.873533787Z:            /"""""""""""""""""\___/ ===
[STDERR  ] 2017-08-15T15:22:51.87354539Z:           {                       /  ===-
[STDERR  ] 2017-08-15T15:22:51.87355658Z:            \______ O           __/
[STDERR  ] 2017-08-15T15:22:51.873568289Z:              \    \         __/
[STDERR  ] 2017-08-15T15:22:51.873580146Z:               \____\_______/
[STDERR  ] 2017-08-15T15:22:51.873591967Z: 
[STDERR  ] 2017-08-15T15:22:51.873606277Z: ca-certificates test suite PASSED
[STDERR  ] 2017-08-15T15:22:51.87362004Z: [   36.833294] ACPI: Preparing to enter system sleep state S5
[STDERR  ] 2017-08-15T15:22:51.873630761Z: [   36.835152] reboot: Power down
[STDERR  ] 2017-08-15T15:22:51.873642383Z: + echo [    0.000000] Linux version 4.9.43-linuxkit (root@e1ede117fb1e) (gcc version 6.3.0 (Alpine 6.3.0) ) #1 SMP Mon Aug 14 11:26:59 UTC 2017
[STDERR  ] 2017-08-15T15:22:51.873654648Z: [    0.000000] Command line: console=ttyS0 page_poison=1
[STDERR  ] 2017-08-15T15:22:51.873666677Z: [    0.000000] x86/fpu: Legacy x87 FPU detected.
[STDERR  ] 2017-08-15T15:22:51.873678074Z: [    0.000000] x86/fpu: Using 'eager' FPU context switches.
[STDERR  ] 2017-08-15T15:22:51.873690145Z: [    0.000000] e820: BIOS-provided physical RAM map:
[STDERR  ] 2017-08-15T15:22:51.873701473Z: [    0.000000] BIOS-e820: [mem 0x0000000000000000-0x000000000009fbff] usable
[STDERR  ] 2017-08-15T15:22:51.873715276Z: [    0.000000] BIOS-e820: [mem 0x000000000009fc00-0x000000000009ffff] reserved
[STDERR  ] 2017-08-15T15:22:51.873727169Z: [    0.000000] BIOS-e820: [mem 0x00000000000f0000-0x00000000000fffff] reserved
[STDERR  ] 2017-08-15T15:22:51.873738217Z: [    0.000000] BIOS-e820: [mem 0x0000000000100000-0x000000003ffdefff] usable
[STDERR  ] 2017-08-15T15:22:51.87374946Z: [    0.000000] BIOS-e820: [mem 0x000000003ffdf000-0x000000003fffffff] reserved
[STDERR  ] 2017-08-15T15:22:51.873761511Z: [    0.000000] BIOS-e820: [mem 0x00000000b0000000-0x00000000bfffffff] reserved
[STDERR  ] 2017-08-15T15:22:51.873775672Z: [    0.000000] BIOS-e820: [mem 0x00000000fed1c000-0x00000000fed1ffff] reserved
[STDERR  ] 2017-08-15T15:22:51.873787354Z: [    0.000000] BIOS-e820: [mem 0x00000000fffc0000-0x00000000ffffffff] reserved
[STDERR  ] 2017-08-15T15:22:51.87379914Z: [    0.000000] NX (Execute Disable) protection: active
[STDERR  ] 2017-08-15T15:22:51.873810724Z: [    0.000000] SMBIOS 2.8 present.
[STDERR  ] 2017-08-15T15:22:51.873822291Z: [    0.000000] e820: last_pfn = 0x3ffdf max_arch_pfn = 0x400000000
[STDERR  ] 2017-08-15T15:22:51.87383373Z: [    0.000000] x86/PAT: Configuration [0-7]: WB  WC  UC- UC  WB  WC  UC- WT  
[STDERR  ] 2017-08-15T15:22:51.873845842Z: [    0.000000] found SMP MP-table at [mem 0x000f6aa0-0x000f6aaf] mapped at [ffff895b400f6aa0]
[STDERR  ] 2017-08-15T15:22:51.873857973Z: [    0.000000] RAMDISK: [mem 0x3ed34000-0x3ffcffff]
[STDERR  ] 2017-08-15T15:22:51.873869147Z: [    0.000000] ACPI: Early table checksum verification disabled
[STDERR  ] 2017-08-15T15:22:51.873881211Z: [    0.000000] ACPI: RSDP 0x00000000000F68C0 000014 (v00 BOCHS )
[STDERR  ] 2017-08-15T15:22:51.873893554Z: [    0.000000] ACPI: RSDT 0x000000003FFE2404 000034 (v01 BOCHS  BXPCRSDT 00000001 BXPC 00000001)
[STDERR  ] 2017-08-15T15:22:51.873906131Z: [    0.000000] ACPI: FACP 0x000000003FFE22A4 000074 (v01 BOCHS  BXPCFACP 00000001 BXPC 00000001)
[STDERR  ] 2017-08-15T15:22:51.873920556Z: [    0.000000] ACPI: DSDT 0x000000003FFE0040 002264 (v01 BOCHS  BXPCDSDT 00000001 BXPC 00000001)
[STDERR  ] 2017-08-15T15:22:51.87393212Z: [    0.000000] ACPI: FACS 0x000000003FFE0000 000040
[STDERR  ] 2017-08-15T15:22:51.873943203Z: [    0.000000] ACPI: APIC 0x000000003FFE2318 000078 (v01 BOCHS  BXPCAPIC 00000001 BXPC 00000001)
[STDERR  ] 2017-08-15T15:22:51.873964048Z: [    0.000000] ACPI: HPET 0x000000003FFE2390 000038 (v01 BOCHS  BXPCHPET 00000001 BXPC 00000001)
[STDERR  ] 2017-08-15T15:22:51.873980766Z: [    0.000000] ACPI: MCFG 0x000000003FFE23C8 00003C (v01 BOCHS  BXPCMCFG 00000001 BXPC 00000001)
[STDERR  ] 2017-08-15T15:22:51.873998327Z: [    0.000000] Zone ranges:
[STDERR  ] 2017-08-15T15:22:51.874010422Z: [    0.000000]   DMA      [mem 0x0000000000001000-0x0000000000ffffff]
[STDERR  ] 2017-08-15T15:22:51.874028097Z: [    0.000000]   DMA32    [mem 0x0000000001000000-0x000000003ffdefff]
[STDERR  ] 2017-08-15T15:22:51.874041838Z: [    0.000000]   Normal   empty
[STDERR  ] 2017-08-15T15:22:51.874053529Z: [    0.000000] Movable zone start for each node
[STDERR  ] 2017-08-15T15:22:51.874064818Z: [    0.000000] Early memory node ranges
[STDERR  ] 2017-08-15T15:22:51.87407642Z: [    0.000000]   node   0: [mem 0x0000000000001000-0x000000000009efff]
[STDERR  ] 2017-08-15T15:22:51.874088297Z: [    0.000000]   node   0: [mem 0x0000000000100000-0x000000003ffdefff]
[STDERR  ] 2017-08-15T15:22:51.874100383Z: [    0.000000] Initmem setup node 0 [mem 0x0000000000001000-0x000000003ffdefff]
[STDERR  ] 2017-08-15T15:22:51.874112452Z: [    0.000000] ACPI: PM-Timer IO Port: 0x608
[STDERR  ] 2017-08-15T15:22:51.874123934Z: [    0.000000] ACPI: LAPIC_NMI (acpi_id[0xff] dfl dfl lint[0x1])
[STDERR  ] 2017-08-15T15:22:51.874135691Z: [    0.000000] IOAPIC[0]: apic_id 0, version 32, address 0xfec00000, GSI 0-23
[STDERR  ] 2017-08-15T15:22:51.874147629Z: [    0.000000] ACPI: INT_SRC_OVR (bus 0 bus_irq 0 global_irq 2 dfl dfl)
[STDERR  ] 2017-08-15T15:22:51.874163178Z: [    0.000000] ACPI: INT_SRC_OVR (bus 0 bus_irq 5 global_irq 5 high level)
[STDERR  ] 2017-08-15T15:22:51.874175179Z: [    0.000000] ACPI: INT_SRC_OVR (bus 0 bus_irq 9 global_irq 9 high level)
[STDERR  ] 2017-08-15T15:22:51.874189909Z: [    0.000000] ACPI: INT_SRC_OVR (bus 0 bus_irq 10 global_irq 10 high level)
[STDERR  ] 2017-08-15T15:22:51.874201755Z: [    0.000000] ACPI: INT_SRC_OVR (bus 0 bus_irq 11 global_irq 11 high level)
[STDERR  ] 2017-08-15T15:22:51.874213799Z: [    0.000000] Using ACPI (MADT) for SMP configuration information
[STDERR  ] 2017-08-15T15:22:51.874225877Z: [    0.000000] ACPI: HPET id: 0x8086a201 base: 0xfed00000
[STDERR  ] 2017-08-15T15:22:51.874243747Z: [    0.000000] smpboot: Allowing 1 CPUs, 0 hotplug CPUs
[STDERR  ] 2017-08-15T15:22:51.874255344Z: [    0.000000] e820: [mem 0x40000000-0xafffffff] available for PCI devices
[STDERR  ] 2017-08-15T15:22:51.874267756Z: [    0.000000] Booting paravirtualized kernel on bare hardware
[STDERR  ] 2017-08-15T15:22:51.874279429Z: [    0.000000] clocksource: refined-jiffies: mask: 0xffffffff max_cycles: 0xffffffff, max_idle_ns: 19112604462750000 ns
[STDERR  ] 2017-08-15T15:22:51.874292755Z: [    0.000000] setup_percpu: NR_CPUS:128 nr_cpumask_bits:128 nr_cpu_ids:1 nr_node_ids:1
[STDERR  ] 2017-08-15T15:22:51.874304032Z: [    0.000000] percpu: Embedded 35 pages/cpu @ffff895b7ea00000 s105240 r8192 d29928 u2097152
[STDERR  ] 2017-08-15T15:22:51.874315882Z: [    0.000000] Built 1 zonelists in Zone order, mobility grouping on.  Total pages: 257896
[STDERR  ] 2017-08-15T15:22:51.874328402Z: [    0.000000] Kernel command line: console=ttyS0 page_poison=1
[STDERR  ] 2017-08-15T15:22:51.874339901Z: [    0.000000] PID hash table entries: 4096 (order: 3, 32768 bytes)
[STDERR  ] 2017-08-15T15:22:51.874351474Z: [    0.000000] Dentry cache hash table entries: 131072 (order: 8, 1048576 bytes)
[STDERR  ] 2017-08-15T15:22:51.874365299Z: [    0.000000] Inode-cache hash table entries: 65536 (order: 7, 524288 bytes)
[STDERR  ] 2017-08-15T15:22:51.874377847Z: [    0.000000] Memory: 995116K/1048052K available (8028K kernel code, 1366K rwdata, 2696K rodata, 1380K init, 568K bss, 52936K reserved, 0K cma-reserved)
[STDERR  ] 2017-08-15T15:22:51.874390164Z: [    0.000000] Hierarchical RCU implementation.
[STDERR  ] 2017-08-15T15:22:51.874401786Z: [    0.000000] 	Build-time adjustment of leaf fanout to 64.
[STDERR  ] 2017-08-15T15:22:51.874419303Z: [    0.000000] 	RCU restricting CPUs from NR_CPUS=128 to nr_cpu_ids=1.
[STDERR  ] 2017-08-15T15:22:51.874432013Z: [    0.000000] RCU: Adjusting geometry for rcu_fanout_leaf=64, nr_cpu_ids=1
[STDERR  ] 2017-08-15T15:22:51.874443948Z: [    0.000000] NR_IRQS:8448 nr_irqs:256 16
[STDERR  ] 2017-08-15T15:22:51.874454728Z: [    0.000000] Console: colour VGA+ 80x25
[STDERR  ] 2017-08-15T15:22:51.874476223Z: [    0.000000] console [ttyS0] enabled
[STDERR  ] 2017-08-15T15:22:51.874487023Z: [    0.000000] allocated 2097152 bytes of page_ext
[STDERR  ] 2017-08-15T15:22:51.874498966Z: [    0.000000] clocksource: hpet: mask: 0xffffffff max_cycles: 0xffffffff, max_idle_ns: 19112604467 ns
[STDERR  ] 2017-08-15T15:22:51.874511138Z: [    0.000000] tsc: Unable to calibrate against PIT
[STDERR  ] 2017-08-15T15:22:51.874522448Z: [    0.000000] tsc: using HPET reference calibration
[STDERR  ] 2017-08-15T15:22:51.874533725Z: [    0.000000] tsc: Detected 2300.117 MHz processor
[STDERR  ] 2017-08-15T15:22:51.874545081Z: [    0.052368] Calibrating delay loop (skipped), value calculated using timer frequency.. 4600.23 BogoMIPS (lpj=23001170)
[STDERR  ] 2017-08-15T15:22:51.874557415Z: [    0.053845] pid_max: default: 32768 minimum: 301
[STDERR  ] 2017-08-15T15:22:51.874568608Z: [    0.055205] ACPI: Core revision 20160831
[STDERR  ] 2017-08-15T15:22:51.874580004Z: [    0.135589] ACPI: 1 ACPI AML tables successfully acquired and loaded
[STDERR  ] 2017-08-15T15:22:51.874594508Z: [    0.141085] Security Framework initialized
[STDERR  ] 2017-08-15T15:22:51.874606193Z: [    0.141476] Yama: becoming mindful.
[STDERR  ] 2017-08-15T15:22:51.874617498Z: [    0.144260] Mount-cache hash table entries: 2048 (order: 2, 16384 bytes)
[STDERR  ] 2017-08-15T15:22:51.874631397Z: [    0.144976] Mountpoint-cache hash table entries: 2048 (order: 2, 16384 bytes)
[STDERR  ] 2017-08-15T15:22:51.874643259Z: [    0.177846] Last level iTLB entries: 4KB 0, 2MB 0, 4MB 0
[STDERR  ] 2017-08-15T15:22:51.87465427Z: [    0.178405] Last level dTLB entries: 4KB 0, 2MB 0, 4MB 0, 1GB 0
[STDERR  ] 2017-08-15T15:22:51.874671729Z: [    0.709575] Freeing SMP alternatives memory: 20K
[STDERR  ] 2017-08-15T15:22:51.874683322Z: [    0.724235] ftrace: allocating 35486 entries in 139 pages
[STDERR  ] 2017-08-15T15:22:51.874694204Z: [    1.002488] smpboot: Max logical packages: 1
[STDERR  ] 2017-08-15T15:22:51.874705404Z: [    1.013253] ..TIMER: vector=0x30 apic1=0 pin1=2 apic2=-1 pin2=-1
[STDERR  ] 2017-08-15T15:22:51.874720364Z: [    1.120000] smpboot: CPU0: AMD QEMU Virtual CPU version 2.5+ (family: 0x6, model: 0x6, stepping: 0x3)
[STDERR  ] 2017-08-15T15:22:51.874736746Z: [    1.120000] Performance Events: PMU not available due to virtualization, using software events only.
[STDERR  ] 2017-08-15T15:22:51.874748705Z: [    1.147861] NMI watchdog: disabled (cpu0): hardware events not enabled
[STDERR  ] 2017-08-15T15:22:51.874760284Z: [    1.148407] NMI watchdog: Shutting down hard lockup detector on all cpus
[STDERR  ] 2017-08-15T15:22:51.87477183Z: [    1.151462] x86: Booted up 1 node, 1 CPUs
[STDERR  ] 2017-08-15T15:22:51.87478296Z: [    1.151881] smpboot: Total of 1 processors activated (4600.23 BogoMIPS)
[STDERR  ] 2017-08-15T15:22:51.874794906Z: [    1.177115] devtmpfs: initialized
[STDERR  ] 2017-08-15T15:22:51.874806423Z: [    1.185683] x86/mm: Memory block size: 128MB
[STDERR  ] 2017-08-15T15:22:51.874817498Z: [    1.301359] clocksource: jiffies: mask: 0xffffffff max_cycles: 0xffffffff, max_idle_ns: 19112604462750000 ns
[STDERR  ] 2017-08-15T15:22:51.874830276Z: [    1.304145] futex hash table entries: 256 (order: 2, 16384 bytes)
[STDERR  ] 2017-08-15T15:22:51.874842001Z: [    1.321724] NET: Registered protocol family 16
[STDERR  ] 2017-08-15T15:22:51.874853657Z: [    1.337800] cpuidle: using governor ladder
[STDERR  ] 2017-08-15T15:22:51.874864978Z: [    1.338363] cpuidle: using governor menu
[STDERR  ] 2017-08-15T15:22:51.874875685Z: [    1.340233] ACPI: bus type PCI registered
[STDERR  ] 2017-08-15T15:22:51.874891856Z: [    1.344855] PCI: MMCONFIG for domain 0000 [bus 00-ff] at [mem 0xb0000000-0xbfffffff] (base 0xb0000000)
[STDERR  ] 2017-08-15T15:22:51.874905406Z: [    1.345704] PCI: MMCONFIG at [mem 0xb0000000-0xbfffffff] reserved in E820
[STDERR  ] 2017-08-15T15:22:51.874917804Z: [    1.347534] PCI: Using configuration type 1 for base access
[STDERR  ] 2017-08-15T15:22:51.874929295Z: [    1.449622] HugeTLB registered 2 MB page size, pre-allocated 0 pages
[STDERR  ] 2017-08-15T15:22:51.874948179Z: [    1.466402] ACPI: Added _OSI(Module Device)
[STDERR  ] 2017-08-15T15:22:51.874959935Z: [    1.466763] ACPI: Added _OSI(Processor Device)
[STDERR  ] 2017-08-15T15:22:51.87497092Z: [    1.467055] ACPI: Added _OSI(3.0 _SCP Extensions)
[STDERR  ] 2017-08-15T15:22:51.874982379Z: [    1.467363] ACPI: Added _OSI(Processor Aggregator Device)
[STDERR  ] 2017-08-15T15:22:51.874994022Z: [    1.602240] ACPI: Interpreter enabled
[STDERR  ] 2017-08-15T15:22:51.875005301Z: [    1.603413] ACPI: (supports S0 S5)
[STDERR  ] 2017-08-15T15:22:51.875022977Z: [    1.603752] ACPI: Using IOAPIC for interrupt routing
[STDERR  ] 2017-08-15T15:22:51.875033832Z: [    1.606516] PCI: Using host bridge windows from ACPI; if necessary, use "pci=nocrs" and report a bug
[STDERR  ] 2017-08-15T15:22:51.875046099Z: [    1.712200] ACPI: PCI Root Bridge [PCI0] (domain 0000 [bus 00-ff])
[STDERR  ] 2017-08-15T15:22:51.875057608Z: [    1.713499] acpi PNP0A08:00: _OSC: OS supports [ExtendedConfig ASPM ClockPM Segments MSI]
[STDERR  ] 2017-08-15T15:22:51.8750697Z: [    1.722734] acpi PNP0A08:00: _OSC: OS now controls [PCIeHotplug PME PCIeCapability]
[STDERR  ] 2017-08-15T15:22:51.875081137Z: [    1.728600] PCI host bridge to bus 0000:00
[STDERR  ] 2017-08-15T15:22:51.875092654Z: [    1.729130] pci_bus 0000:00: root bus resource [io  0x0000-0x0cf7 window]
[STDERR  ] 2017-08-15T15:22:51.875104431Z: [    1.729590] pci_bus 0000:00: root bus resource [io  0x0d00-0xffff window]
[STDERR  ] 2017-08-15T15:22:51.875116419Z: [    1.730090] pci_bus 0000:00: root bus resource [mem 0x000a0000-0x000bffff window]
[STDERR  ] 2017-08-15T15:22:51.875131515Z: [    1.730548] pci_bus 0000:00: root bus resource [mem 0xc0000000-0xfebfffff window]
[STDERR  ] 2017-08-15T15:22:51.875143121Z: [    1.731224] pci_bus 0000:00: root bus resource [bus 00-ff]
[STDERR  ] 2017-08-15T15:22:51.875153853Z: [    1.914005] pci 0000:00:1f.0: quirk: [io  0x0600-0x067f] claimed by ICH6 ACPI/GPIO/TCO
[STDERR  ] 2017-08-15T15:22:51.875166285Z: [    2.014800] ACPI: PCI Interrupt Link [LNKA] (IRQs 5 *10 11)
[STDERR  ] 2017-08-15T15:22:51.875177288Z: [    2.017725] ACPI: PCI Interrupt Link [LNKB] (IRQs 5 *10 11)
[STDERR  ] 2017-08-15T15:22:51.875194377Z: [    2.020472] ACPI: PCI Interrupt Link [LNKC] (IRQs 5 10 *11)
[STDERR  ] 2017-08-15T15:22:51.875206461Z: [    2.023000] ACPI: PCI Interrupt Link [LNKD] (IRQs 5 10 *11)
[STDERR  ] 2017-08-15T15:22:51.875217933Z: [    2.025498] ACPI: PCI Interrupt Link [LNKE] (IRQs 5 *10 11)
[STDERR  ] 2017-08-15T15:22:51.875229445Z: [    2.028080] ACPI: PCI Interrupt Link [LNKF] (IRQs 5 *10 11)
[STDERR  ] 2017-08-15T15:22:51.875240646Z: [    2.030843] ACPI: PCI Interrupt Link [LNKG] (IRQs 5 10 *11)
[STDERR  ] 2017-08-15T15:22:51.875251726Z: [    2.033418] ACPI: PCI Interrupt Link [LNKH] (IRQs 5 10 *11)
[STDERR  ] 2017-08-15T15:22:51.87526301Z: [    2.034562] ACPI: PCI Interrupt Link [GSIA] (IRQs *16)
[STDERR  ] 2017-08-15T15:22:51.875274453Z: [    2.035347] ACPI: PCI Interrupt Link [GSIB] (IRQs *17)
[STDERR  ] 2017-08-15T15:22:51.875285897Z: [    2.036114] ACPI: PCI Interrupt Link [GSIC] (IRQs *18)
[STDERR  ] 2017-08-15T15:22:51.875303169Z: [    2.036887] ACPI: PCI Interrupt Link [GSID] (IRQs *19)
[STDERR  ] 2017-08-15T15:22:51.875315088Z: [    2.037659] ACPI: PCI Interrupt Link [GSIE] (IRQs *20)
[STDERR  ] 2017-08-15T15:22:51.875326688Z: [    2.038451] ACPI: PCI Interrupt Link [GSIF] (IRQs *21)
[STDERR  ] 2017-08-15T15:22:51.875341895Z: [    2.039223] ACPI: PCI Interrupt Link [GSIG] (IRQs *22)
[STDERR  ] 2017-08-15T15:22:51.875353528Z: [    2.040152] ACPI: PCI Interrupt Link [GSIH] (IRQs *23)
[STDERR  ] 2017-08-15T15:22:51.875368943Z: [    2.045813] ACPI: Enabled 2 GPEs in block 00 to 3F
[STDERR  ] 2017-08-15T15:22:51.875379949Z: [    2.052837] SCSI subsystem initialized
[STDERR  ] 2017-08-15T15:22:51.875391792Z: [    2.055693] ACPI: bus type USB registered
[STDERR  ] 2017-08-15T15:22:51.875403099Z: [    2.057365] usbcore: registered new interface driver usbfs
[STDERR  ] 2017-08-15T15:22:51.875420075Z: [    2.058669] usbcore: registered new interface driver hub
[STDERR  ] 2017-08-15T15:22:51.8754333Z: [    2.059741] usbcore: registered new device driver usb
[STDERR  ] 2017-08-15T15:22:51.875444848Z: [    2.061467] pps_core: LinuxPPS API ver. 1 registered
[STDERR  ] 2017-08-15T15:22:51.875461366Z: [    2.061819] pps_core: Software ver. 5.3.6 - Copyright 2005-2007 Rodolfo Giometti <giometti@linux.it>
[STDERR  ] 2017-08-15T15:22:51.875473573Z: [    2.062598] PTP clock support registered
[STDERR  ] 2017-08-15T15:22:51.875484594Z: [    2.064404] wmi: Mapper loaded
[STDERR  ] 2017-08-15T15:22:51.875500129Z: [    2.066035] PCI: Using ACPI for IRQ routing
[STDERR  ] 2017-08-15T15:22:51.875512434Z: [    2.097830] NetLabel: Initializing
[STDERR  ] 2017-08-15T15:22:51.875523672Z: [    2.098124] NetLabel:  domain hash size = 128
[STDERR  ] 2017-08-15T15:22:51.875534493Z: [    2.098433] NetLabel:  protocols = UNLABELED CIPSOv4
[STDERR  ] 2017-08-15T15:22:51.875545568Z: [    2.101370] NetLabel:  unlabeled traffic allowed by default
[STDERR  ] 2017-08-15T15:22:51.875557012Z: [    2.102658] HPET: 3 timers in total, 0 timers will be used for per-cpu timer
[STDERR  ] 2017-08-15T15:22:51.875568828Z: [    2.103535] hpet0: at MMIO 0xfed00000, IRQs 2, 8, 0
[STDERR  ] 2017-08-15T15:22:51.875580045Z: [    2.104095] hpet0: 3 comparators, 64-bit 100.000000 MHz counter
[STDERR  ] 2017-08-15T15:22:51.875591129Z: [    2.110908] clocksource: Switched to clocksource hpet
[STDERR  ] 2017-08-15T15:22:51.875602658Z: [    2.589882] VFS: Disk quotas dquot_6.6.0
[STDERR  ] 2017-08-15T15:22:51.87561407Z: [    2.591032] VFS: Dquot-cache hash table entries: 512 (order 0, 4096 bytes)
[STDERR  ] 2017-08-15T15:22:51.875626604Z: [    2.595179] FS-Cache: Loaded
[STDERR  ] 2017-08-15T15:22:51.875640765Z: [    2.603562] CacheFiles: Loaded
[STDERR  ] 2017-08-15T15:22:51.875651856Z: [    2.606107] pnp: PnP ACPI init
[STDERR  ] 2017-08-15T15:22:51.875662661Z: [    2.625496] pnp: PnP ACPI: found 5 devices
[STDERR  ] 2017-08-15T15:22:51.875673543Z: [    2.736943] clocksource: acpi_pm: mask: 0xffffff max_cycles: 0xffffff, max_idle_ns: 2085701024 ns
[STDERR  ] 2017-08-15T15:22:51.875686137Z: [    2.741557] NET: Registered protocol family 2
[STDERR  ] 2017-08-15T15:22:51.875697805Z: [    2.754160] TCP established hash table entries: 8192 (order: 4, 65536 bytes)
[STDERR  ] 2017-08-15T15:22:51.875710423Z: [    2.755060] TCP bind hash table entries: 8192 (order: 5, 131072 bytes)
[STDERR  ] 2017-08-15T15:22:51.875722916Z: [    2.755845] TCP: Hash tables configured (established 8192 bind 8192)
[STDERR  ] 2017-08-15T15:22:51.875736495Z: [    2.758540] UDP hash table entries: 512 (order: 2, 16384 bytes)
[STDERR  ] 2017-08-15T15:22:51.875747717Z: [    2.759192] UDP-Lite hash table entries: 512 (order: 2, 16384 bytes)
[STDERR  ] 2017-08-15T15:22:51.875758705Z: [    2.762976] NET: Registered protocol family 1
[STDERR  ] 2017-08-15T15:22:51.875769273Z: [    2.764397] pci 0000:00:01.0: Video device with shadowed ROM at [mem 0x000c0000-0x000dffff]
[STDERR  ] 2017-08-15T15:22:51.875781655Z: [    2.792097] Unpacking initramfs...
[STDERR  ] 2017-08-15T15:22:51.875792947Z: [    7.666491] Freeing initrd memory: 19056K
[STDERR  ] 2017-08-15T15:22:51.875804399Z: [    7.705196] PCLMULQDQ-NI instructions are not detected.
[STDERR  ] 2017-08-15T15:22:51.87581541Z: [    7.706807] AVX or AES-NI instructions are not detected.
[STDERR  ] 2017-08-15T15:22:51.875826809Z: [    7.707286] CPU feature 'AVX registers' is not supported.
[STDERR  ] 2017-08-15T15:22:51.875837614Z: [    7.707710] CPU feature 'AVX registers' is not supported.
[STDERR  ] 2017-08-15T15:22:51.875848545Z: [    7.708159] CPU feature 'AVX registers' is not supported.
[STDERR  ] 2017-08-15T15:22:51.87586751Z: [    7.708565] CPU feature 'AVX registers' is not supported.
[STDERR  ] 2017-08-15T15:22:51.87588007Z: [    7.708964] AVX2 or AES-NI instructions are not detected.
[STDERR  ] 2017-08-15T15:22:51.875890945Z: [    7.709371] AVX2 instructions are not detected.
[STDERR  ] 2017-08-15T15:22:51.875907435Z: [    7.721250] audit: initializing netlink subsys (disabled)
[STDERR  ] 2017-08-15T15:22:51.875919203Z: [    7.723587] audit: type=2000 audit(1502810540.720:1): initialized
[STDERR  ] 2017-08-15T15:22:51.875930715Z: [    7.735260] workingset: timestamp_bits=46 max_order=18 bucket_order=0
[STDERR  ] 2017-08-15T15:22:51.875948969Z: [    7.745645] FS-Cache: Netfs 'cifs' registered for caching
[STDERR  ] 2017-08-15T15:22:51.875959246Z: [    7.746919] fuse init (API version 7.26)
[STDERR  ] 2017-08-15T15:22:51.875970106Z: [    7.750955] SGI XFS with ACLs, security attributes, no debug enabled
[STDERR  ] 2017-08-15T15:22:51.875982014Z: [    7.760483] 9p: Installing v9fs 9p2000 file system support
[STDERR  ] 2017-08-15T15:22:51.876004054Z: [    7.761007] FS-Cache: Netfs '9p' registered for caching
[STDERR  ] 2017-08-15T15:22:51.876016024Z: [    7.817576] NET: Registered protocol family 38
[STDERR  ] 2017-08-15T15:22:51.87602726Z: [    7.818304] Key type asymmetric registered
[STDERR  ] 2017-08-15T15:22:51.876038779Z: [    7.818678] Asymmetric key parser 'x509' registered
[STDERR  ] 2017-08-15T15:22:51.876049828Z: [    7.819696] Block layer SCSI generic (bsg) driver version 0.4 loaded (major 251)
[STDERR  ] 2017-08-15T15:22:51.876061426Z: [    7.822265] io scheduler noop registered
[STDERR  ] 2017-08-15T15:22:51.876074499Z: [    7.822611] io scheduler deadline registered (default)
[STDERR  ] 2017-08-15T15:22:51.876085738Z: [    7.823309] io scheduler cfq registered
[STDERR  ] 2017-08-15T15:22:51.876102184Z: [    7.827428] pci_hotplug: PCI Hot Plug PCI Core version: 0.5
[STDERR  ] 2017-08-15T15:22:51.876114179Z: [    7.828123] pciehp: PCI Express Hot Plug Controller Driver version: 0.4
[STDERR  ] 2017-08-15T15:22:51.876126146Z: [    7.829125] shpchp: Standard Hot Plug PCI Controller Driver version: 0.4
[STDERR  ] 2017-08-15T15:22:51.876138237Z: [    7.830538] hv_vmbus: registering driver hyperv_fb
[STDERR  ] 2017-08-15T15:22:51.876149558Z: [    7.835941] input: Power Button as /devices/LNXSYSTM:00/LNXPWRBN:00/input/input0
[STDERR  ] 2017-08-15T15:22:51.876161489Z: [    7.837306] ACPI: Power Button [PWRF]
[STDERR  ] 2017-08-15T15:22:51.876171632Z: [    7.845777] GHES: HEST is not enabled!
[STDERR  ] 2017-08-15T15:22:51.876181672Z: [    7.865239] ACPI: PCI Interrupt Link [GSIG] enabled at IRQ 22
[STDERR  ] 2017-08-15T15:22:51.876192637Z: [    7.886618] ACPI: PCI Interrupt Link [GSIH] enabled at IRQ 23
[STDERR  ] 2017-08-15T15:22:51.876204099Z: [    7.893419] xenfs: not registering filesystem on non-xen platform
[STDERR  ] 2017-08-15T15:22:51.876215672Z: [    7.896397] Serial: 8250/16550 driver, 4 ports, IRQ sharing disabled
[STDERR  ] 2017-08-15T15:22:51.87623345Z: [    7.930403] 00:04: ttyS0 at I/O 0x3f8 (irq = 4, base_baud = 115200) is a 16550A
[STDERR  ] 2017-08-15T15:22:51.876244839Z: [    7.948462] Non-volatile memory driver v1.3
[STDERR  ] 2017-08-15T15:22:51.876256209Z: [    7.958796] Hangcheck: starting hangcheck timer 0.9.1 (tick is 180 seconds, margin is 60 seconds).
[STDERR  ] 2017-08-15T15:22:51.876269718Z: [    7.967147] random: fast init done
[STDERR  ] 2017-08-15T15:22:51.876280795Z: [    7.969406] random: crng init done
[STDERR  ] 2017-08-15T15:22:51.876292077Z: [    8.028057] loop: module loaded
[STDERR  ] 2017-08-15T15:22:51.876303996Z: [    8.052032] nbd: registered device at major 43
[STDERR  ] 2017-08-15T15:22:51.876318568Z: [    8.125316] lpc_ich 0000:00:1f.0: I/O space for GPIO uninitialized
[STDERR  ] 2017-08-15T15:22:51.876331278Z: [    8.127921] VMware PVSCSI driver - version 1.0.7.0-k
[STDERR  ] 2017-08-15T15:22:51.876342851Z: [    8.128855] hv_vmbus: registering driver hv_storvsc
[STDERR  ] 2017-08-15T15:22:51.876359529Z: [    8.146245] ACPI: PCI Interrupt Link [GSIA] enabled at IRQ 16
[STDERR  ] 2017-08-15T15:22:51.876369992Z: [    8.156559] ahci 0000:00:1f.2: AHCI 0001.0000 32 slots 6 ports 1.5 Gbps 0x3f impl SATA mode
[STDERR  ] 2017-08-15T15:22:51.876381763Z: [    8.157292] ahci 0000:00:1f.2: flags: 64bit ncq only 
[STDERR  ] 2017-08-15T15:22:51.876393275Z: [    8.192297] scsi host0: ahci
[STDERR  ] 2017-08-15T15:22:51.876409957Z: [    8.198316] scsi host1: ahci
[STDERR  ] 2017-08-15T15:22:51.876422163Z: [    8.202170] scsi host2: ahci
[STDERR  ] 2017-08-15T15:22:51.876436555Z: [    8.205733] scsi host3: ahci
[STDERR  ] 2017-08-15T15:22:51.876448557Z: [    8.209515] scsi host4: ahci
[STDERR  ] 2017-08-15T15:22:51.876460039Z: [    8.213354] scsi host5: ahci
[STDERR  ] 2017-08-15T15:22:51.876470936Z: [    8.216220] ata1: SATA max UDMA/133 abar m4096@0xfebd2000 port 0xfebd2100 irq 24
[STDERR  ] 2017-08-15T15:22:51.876481073Z: [    8.216748] ata2: SATA max UDMA/133 abar m4096@0xfebd2000 port 0xfebd2180 irq 24
[STDERR  ] 2017-08-15T15:22:51.876492339Z: [    8.217176] ata3: SATA max UDMA/133 abar m4096@0xfebd2000 port 0xfebd2200 irq 24
[STDERR  ] 2017-08-15T15:22:51.876503378Z: [    8.217614] ata4: SATA max UDMA/133 abar m4096@0xfebd2000 port 0xfebd2280 irq 24
[STDERR  ] 2017-08-15T15:22:51.876514586Z: [    8.218094] ata5: SATA max UDMA/133 abar m4096@0xfebd2000 port 0xfebd2300 irq 24
[STDERR  ] 2017-08-15T15:22:51.876525613Z: [    8.218523] ata6: SATA max UDMA/133 abar m4096@0xfebd2000 port 0xfebd2380 irq 24
[STDERR  ] 2017-08-15T15:22:51.876536856Z: [    8.241157] tun: Universal TUN/TAP device driver, 1.6
[STDERR  ] 2017-08-15T15:22:51.876548106Z: [    8.241551] tun: (C) 1999-2004 Max Krasnyansky <maxk@qualcomm.com>
[STDERR  ] 2017-08-15T15:22:51.876559023Z: [    8.257796] VMware vmxnet3 virtual NIC driver - version 1.4.a.0-k-NAPI
[STDERR  ] 2017-08-15T15:22:51.876576361Z: [    8.258864] hv_vmbus: registering driver hv_netvsc
[STDERR  ] 2017-08-15T15:22:51.876588192Z: [    8.259243] Fusion MPT base driver 3.04.20
[STDERR  ] 2017-08-15T15:22:51.87659968Z: [    8.259510] Copyright (c) 1999-2008 LSI Corporation
[STDERR  ] 2017-08-15T15:22:51.876610968Z: [    8.260702] Fusion MPT SPI Host driver 3.04.20
[STDERR  ] 2017-08-15T15:22:51.876622138Z: [    8.263882] i8042: PNP: PS/2 Controller [PNP0303:KBD,PNP0f13:MOU] at 0x60,0x64 irq 1,12
[STDERR  ] 2017-08-15T15:22:51.876634631Z: [    8.270124] serio: i8042 KBD port at 0x60,0x64 irq 1
[STDERR  ] 2017-08-15T15:22:51.876646498Z: [    8.271197] serio: i8042 AUX port at 0x60,0x64 irq 12
[STDERR  ] 2017-08-15T15:22:51.876657648Z: [    8.274812] hv_vmbus: registering driver hyperv_keyboard
[STDERR  ] 2017-08-15T15:22:51.876672873Z: [    8.279347] mousedev: PS/2 mouse device common for all mice
[STDERR  ] 2017-08-15T15:22:51.876683735Z: [    8.287227] input: AT Translated Set 2 keyboard as /devices/platform/i8042/serio0/input/input1
[STDERR  ] 2017-08-15T15:22:51.876695689Z: [    8.291859] input: PC Speaker as /devices/platform/pcspkr/input/input2
[STDERR  ] 2017-08-15T15:22:51.876707093Z: [    8.297190] rtc_cmos 00:00: RTC can wake from S4
[STDERR  ] 2017-08-15T15:22:51.876718956Z: [    8.302797] rtc_cmos 00:00: rtc core: registered rtc_cmos as rtc0
[STDERR  ] 2017-08-15T15:22:51.876730676Z: [    8.304332] rtc_cmos 00:00: alarms up to one day, y3k, 114 bytes nvram, hpet irqs
[STDERR  ] 2017-08-15T15:22:51.876742193Z: [    8.305099] i2c /dev entries driver
[STDERR  ] 2017-08-15T15:22:51.876756814Z: [    8.307915] device-mapper: ioctl: 4.35.0-ioctl (2016-06-23) initialised: dm-devel@redhat.com
[STDERR  ] 2017-08-15T15:22:51.8767689Z: [    8.315728] usbcore: registered new interface driver usbhid
[STDERR  ] 2017-08-15T15:22:51.876780109Z: [    8.316128] usbhid: USB HID core driver
[STDERR  ] 2017-08-15T15:22:51.87679136Z: [    8.316852] hv_utils: Registering HyperV Utility Driver
[STDERR  ] 2017-08-15T15:22:51.876802562Z: [    8.317199] hv_vmbus: registering driver hv_util
[STDERR  ] 2017-08-15T15:22:51.876813987Z: [    8.317507] hv_vmbus: registering driver hv_balloon
[STDERR  ] 2017-08-15T15:22:51.876831063Z: [    8.318112] oprofile: using NMI interrupt.
[STDERR  ] 2017-08-15T15:22:51.876842255Z: [    8.319875] GACT probability on
[STDERR  ] 2017-08-15T15:22:51.876853922Z: [    8.320841] Mirror/redirect action on
[STDERR  ] 2017-08-15T15:22:51.876865407Z: [    8.322037] Simple TC action Loaded
[STDERR  ] 2017-08-15T15:22:51.876877136Z: [    8.322763] u32 classifier
[STDERR  ] 2017-08-15T15:22:51.876893597Z: [    8.322970]     Performance counters on
[STDERR  ] 2017-08-15T15:22:51.876905772Z: [    8.323231]     input device check on
[STDERR  ] 2017-08-15T15:22:51.876917027Z: [    8.323467]     Actions configured
[STDERR  ] 2017-08-15T15:22:51.876934071Z: [    8.324183] Netfilter messages via NETLINK v0.30.
[STDERR  ] 2017-08-15T15:22:51.876946063Z: [    8.324815] nfnl_acct: registering with nfnetlink.
[STDERR  ] 2017-08-15T15:22:51.876957336Z: [    8.326656] nf_conntrack version 0.5.0 (8192 buckets, 32768 max)
[STDERR  ] 2017-08-15T15:22:51.876968407Z: [    8.331797] ctnetlink v0.93: registering with nfnetlink.
[STDERR  ] 2017-08-15T15:22:51.876979845Z: [    8.336889] nf_tables: (c) 2007-2009 Patrick McHardy <kaber@trash.net>
[STDERR  ] 2017-08-15T15:22:51.87699118Z: [    8.337929] nf_tables_compat: (c) 2012 Pablo Neira Ayuso <pablo@netfilter.org>
[STDERR  ] 2017-08-15T15:22:51.87700277Z: [    8.341693] xt_time: kernel timezone is -0000
[STDERR  ] 2017-08-15T15:22:51.877015828Z: [    8.342326] ip_set: protocol 6
[STDERR  ] 2017-08-15T15:22:51.877028152Z: [    8.343171] IPVS: Registered protocols (TCP, UDP, SCTP, AH, ESP)
[STDERR  ] 2017-08-15T15:22:51.877039356Z: [    8.343812] IPVS: Connection hash table configured (size=4096, memory=64Kbytes)
[STDERR  ] 2017-08-15T15:22:51.877049652Z: [    8.346217] IPVS: Creating netns size=2104 id=0
[STDERR  ] 2017-08-15T15:22:51.877060291Z: [    8.350991] IPVS: ipvs loaded.
[STDERR  ] 2017-08-15T15:22:51.877073471Z: [    8.351407] IPVS: [rr] scheduler registered.
[STDERR  ] 2017-08-15T15:22:51.877085011Z: [    8.351702] IPVS: [wrr] scheduler registered.
[STDERR  ] 2017-08-15T15:22:51.877096673Z: [    8.351999] IPVS: [lc] scheduler registered.
[STDERR  ] 2017-08-15T15:22:51.877108106Z: [    8.352286] IPVS: [wlc] scheduler registered.
[STDERR  ] 2017-08-15T15:22:51.877119662Z: [    8.352578] IPVS: [fo] scheduler registered.
[STDERR  ] 2017-08-15T15:22:51.877132905Z: [    8.352866] IPVS: [ovf] scheduler registered.
[STDERR  ] 2017-08-15T15:22:51.877144088Z: [    8.353325] IPVS: [lblc] scheduler registered.
[STDERR  ] 2017-08-15T15:22:51.877159003Z: [    8.353799] IPVS: [lblcr] scheduler registered.
[STDERR  ] 2017-08-15T15:22:51.877170916Z: [    8.354130] IPVS: [dh] scheduler registered.
[STDERR  ] 2017-08-15T15:22:51.877182035Z: [    8.354422] IPVS: [sh] scheduler registered.
[STDERR  ] 2017-08-15T15:22:51.877199429Z: [    8.354710] IPVS: [sed] scheduler registered.
[STDERR  ] 2017-08-15T15:22:51.877210511Z: [    8.355001] IPVS: [nq] scheduler registered.
[STDERR  ] 2017-08-15T15:22:51.877221491Z: [    8.355878] IPVS: ftp: loaded support on port[0] = 21
[STDERR  ] 2017-08-15T15:22:51.877231944Z: [    8.357061] ipip: IPv4 and MPLS over IPv4 tunneling driver
[STDERR  ] 2017-08-15T15:22:51.87724222Z: [    8.364153] gre: GRE over IPv4 demultiplexor driver
[STDERR  ] 2017-08-15T15:22:51.877253665Z: [    8.368409] ip_tables: (C) 2000-2006 Netfilter Core Team
[STDERR  ] 2017-08-15T15:22:51.877265438Z: [    8.373973] ipt_CLUSTERIP: ClusterIP Version 0.8 loaded successfully
[STDERR  ] 2017-08-15T15:22:51.877283595Z: [    8.374875] arp_tables: arp_tables: (C) 2002 David S. Miller
[STDERR  ] 2017-08-15T15:22:51.877295016Z: [    8.378514] NET: Registered protocol family 10
[STDERR  ] 2017-08-15T15:22:51.877306405Z: [    8.395374] ip6_tables: (C) 2000-2006 Netfilter Core Team
[STDERR  ] 2017-08-15T15:22:51.877318005Z: [    8.409839] NET: Registered protocol family 17
[STDERR  ] 2017-08-15T15:22:51.877329161Z: [    8.411709] Bridge firewalling registered
[STDERR  ] 2017-08-15T15:22:51.877340139Z: [    8.412373] Ebtables v2.0 registered
[STDOUT  ] 2017-08-15T15:22:51.877395347Z: [    0.000000] Linux version 4.9.43-linuxkit (root@e1ede117fb1e) (gcc version 6.3.0 (Alpine 6.3.0) ) #1 SMP Mon Aug 14 11:26:59 UTC 2017
[STDOUT  ] 2017-08-15T15:22:51.877466173Z: [    0.000000] Command line: console=ttyS0 page_poison=1
[STDOUT  ] 2017-08-15T15:22:51.877485328Z: [    0.000000] x86/fpu: Legacy x87 FPU detected.
[STDOUT  ] 2017-08-15T15:22:51.877507702Z: [    0.000000] x86/fpu: Using 'eager' FPU context switches.
[STDOUT  ] 2017-08-15T15:22:51.877518948Z: [    0.000000] e820: BIOS-provided physical RAM map:
[STDOUT  ] 2017-08-15T15:22:51.877534348Z: [    0.000000] BIOS-e820: [mem 0x0000000000000000-0x000000000009fbff] usable
[STDOUT  ] 2017-08-15T15:22:51.877550542Z: [    0.000000] BIOS-e820: [mem 0x000000000009fc00-0x000000000009ffff] reserved
[STDOUT  ] 2017-08-15T15:22:51.877561698Z: [    0.000000] BIOS-e820: [mem 0x00000000000f0000-0x00000000000fffff] reserved
[STDOUT  ] 2017-08-15T15:22:51.877572981Z: [    0.000000] BIOS-e820: [mem 0x0000000000100000-0x000000003ffdefff] usable
[STDOUT  ] 2017-08-15T15:22:51.87758418Z: [    0.000000] BIOS-e820: [mem 0x000000003ffdf000-0x000000003fffffff] reserved
[STDOUT  ] 2017-08-15T15:22:51.877595525Z: [    0.000000] BIOS-e820: [mem 0x00000000b0000000-0x00000000bfffffff] reserved
[STDOUT  ] 2017-08-15T15:22:51.877607186Z: [    0.000000] BIOS-e820: [mem 0x00000000fed1c000-0x00000000fed1ffff] reserved
[STDOUT  ] 2017-08-15T15:22:51.877618903Z: [    0.000000] BIOS-e820: [mem 0x00000000fffc0000-0x00000000ffffffff] reserved
[STDOUT  ] 2017-08-15T15:22:51.877630471Z: [    0.000000] NX (Execute Disable) protection: active
[STDOUT  ] 2017-08-15T15:22:51.877641799Z: [    0.000000] SMBIOS 2.8 present.
[STDOUT  ] 2017-08-15T15:22:51.877652845Z: [    0.000000] e820: last_pfn = 0x3ffdf max_arch_pfn = 0x400000000
[STDOUT  ] 2017-08-15T15:22:51.877663123Z: [    0.000000] x86/PAT: Configuration [0-7]: WB  WC  UC- UC  WB  WC  UC- WT  
[STDOUT  ] 2017-08-15T15:22:51.877674157Z: [    0.000000] found SMP MP-table at [mem 0x000f6aa0-0x000f6aaf] mapped at [ffff895b400f6aa0]
[STDOUT  ] 2017-08-15T15:22:51.87768648Z: [    0.000000] RAMDISK: [mem 0x3ed34000-0x3ffcffff]
[STDOUT  ] 2017-08-15T15:22:51.877698175Z: [    0.000000] ACPI: Early table checksum verification disabled
[STDOUT  ] 2017-08-15T15:22:51.877710034Z: [    0.000000] ACPI: RSDP 0x00000000000F68C0 000014 (v00 BOCHS )
[STDOUT  ] 2017-08-15T15:22:51.877721608Z: [    0.000000] ACPI: RSDT 0x000000003FFE2404 000034 (v01 BOCHS  BXPCRSDT 00000001 BXPC 00000001)
[STDOUT  ] 2017-08-15T15:22:51.877733858Z: [    0.000000] ACPI: FACP 0x000000003FFE22A4 000074 (v01 BOCHS  BXPCFACP 00000001 BXPC 00000001)
[STDOUT  ] 2017-08-15T15:22:51.877745815Z: [    0.000000] ACPI: DSDT 0x000000003FFE0040 002264 (v01 BOCHS  BXPCDSDT 00000001 BXPC 00000001)
[STDOUT  ] 2017-08-15T15:22:51.877758015Z: [    0.000000] ACPI: FACS 0x000000003FFE0000 000040
[STDOUT  ] 2017-08-15T15:22:51.877769331Z: [    0.000000] ACPI: APIC 0x000000003FFE2318 000078 (v01 BOCHS  BXPCAPIC 00000001 BXPC 00000001)
[STDOUT  ] 2017-08-15T15:22:51.877781818Z: [    0.000000] ACPI: HPET 0x000000003FFE2390 000038 (v01 BOCHS  BXPCHPET 00000001 BXPC 00000001)
[STDOUT  ] 2017-08-15T15:22:51.877794164Z: [    0.000000] ACPI: MCFG 0x000000003FFE23C8 00003C (v01 BOCHS  BXPCMCFG 00000001 BXPC 00000001)
[STDOUT  ] 2017-08-15T15:22:51.877806365Z: [    0.000000] Zone ranges:
[STDOUT  ] 2017-08-15T15:22:51.877818281Z: [    0.000000]   DMA      [mem 0x0000000000001000-0x0000000000ffffff]
[STDOUT  ] 2017-08-15T15:22:51.87782922Z: [    0.000000]   DMA32    [mem 0x0000000001000000-0x000000003ffdefff]
[STDOUT  ] 2017-08-15T15:22:51.877840535Z: [    0.000000]   Normal   empty
[STDOUT  ] 2017-08-15T15:22:51.877852615Z: [    0.000000] Movable zone start for each node
[STDOUT  ] 2017-08-15T15:22:51.877863884Z: [    0.000000] Early memory node ranges
[STDOUT  ] 2017-08-15T15:22:51.877875603Z: [    0.000000]   node   0: [mem 0x0000000000001000-0x000000000009efff]
[STDOUT  ] 2017-08-15T15:22:51.877887367Z: [    0.000000]   node   0: [mem 0x0000000000100000-0x000000003ffdefff]
[STDOUT  ] 2017-08-15T15:22:51.877899082Z: [    0.000000] Initmem setup node 0 [mem 0x0000000000001000-0x000000003ffdefff]
[STDOUT  ] 2017-08-15T15:22:51.877916186Z: [    0.000000] ACPI: PM-Timer IO Port: 0x608
[STDOUT  ] 2017-08-15T15:22:51.877927888Z: [    0.000000] ACPI: LAPIC_NMI (acpi_id[0xff] dfl dfl lint[0x1])
[STDOUT  ] 2017-08-15T15:22:51.87794256Z: [    0.000000] IOAPIC[0]: apic_id 0, version 32, address 0xfec00000, GSI 0-23
[STDOUT  ] 2017-08-15T15:22:51.877954021Z: [    0.000000] ACPI: INT_SRC_OVR (bus 0 bus_irq 0 global_irq 2 dfl dfl)
[STDOUT  ] 2017-08-15T15:22:51.877965322Z: [    0.000000] ACPI: INT_SRC_OVR (bus 0 bus_irq 5 global_irq 5 high level)
[STDOUT  ] 2017-08-15T15:22:51.877976652Z: [    0.000000] ACPI: INT_SRC_OVR (bus 0 bus_irq 9 global_irq 9 high level)
[STDOUT  ] 2017-08-15T15:22:51.877997Z: [    0.000000] ACPI: INT_SRC_OVR (bus 0 bus_irq 10 global_irq 10 high level)
[STDOUT  ] 2017-08-15T15:22:51.878008621Z: [    0.000000] ACPI: INT_SRC_OVR (bus 0 bus_irq 11 global_irq 11 high level)
[STDOUT  ] 2017-08-15T15:22:51.878019676Z: [    0.000000] Using ACPI (MADT) for SMP configuration information
[STDOUT  ] 2017-08-15T15:22:51.878031066Z: [    0.000000] ACPI: HPET id: 0x8086a201 base: 0xfed00000
[STDOUT  ] 2017-08-15T15:22:51.878042419Z: [    0.000000] smpboot: Allowing 1 CPUs, 0 hotplug CPUs
[STDOUT  ] 2017-08-15T15:22:51.878053762Z: [    0.000000] e820: [mem 0x40000000-0xafffffff] available for PCI devices
[STDOUT  ] 2017-08-15T15:22:51.878064904Z: [    0.000000] Booting paravirtualized kernel on bare hardware
[STDOUT  ] 2017-08-15T15:22:51.878076226Z: [    0.000000] clocksource: refined-jiffies: mask: 0xffffffff max_cycles: 0xffffffff, max_idle_ns: 19112604462750000 ns
[STDOUT  ] 2017-08-15T15:22:51.878093955Z: [    0.000000] setup_percpu: NR_CPUS:128 nr_cpumask_bits:128 nr_cpu_ids:1 nr_node_ids:1
[STDOUT  ] 2017-08-15T15:22:51.878112522Z: [    0.000000] percpu: Embedded 35 pages/cpu @ffff895b7ea00000 s105240 r8192 d29928 u2097152
[STDOUT  ] 2017-08-15T15:22:51.878124703Z: [    0.000000] Built 1 zonelists in Zone order, mobility grouping on.  Total pages: 257896
[STDOUT  ] 2017-08-15T15:22:51.878135828Z: [    0.000000] Kernel command line: console=ttyS0 page_poison=1
[STDOUT  ] 2017-08-15T15:22:51.878148136Z: [    0.000000] PID hash table entries: 4096 (order: 3, 32768 bytes)
[STDOUT  ] 2017-08-15T15:22:51.878159939Z: [    0.000000] Dentry cache hash table entries: 131072 (order: 8, 1048576 bytes)
[STDOUT  ] 2017-08-15T15:22:51.878171465Z: [    0.000000] Inode-cache hash table entries: 65536 (order: 7, 524288 bytes)
[STDOUT  ] 2017-08-15T15:22:51.878188025Z: [    0.000000] Memory: 995116K/1048052K available (8028K kernel code, 1366K rwdata, 2696K rodata, 1380K init, 568K bss, 52936K reserved, 0K cma-reserved)
[STDOUT  ] 2017-08-15T15:22:51.87821122Z: [    0.000000] Hierarchical RCU implementation.
[STDOUT  ] 2017-08-15T15:22:51.878222549Z: [    0.000000] 	Build-time adjustment of leaf fanout to 64.
[STDOUT  ] 2017-08-15T15:22:51.878234207Z: [    0.000000] 	RCU restricting CPUs from NR_CPUS=128 to nr_cpu_ids=1.
[STDOUT  ] 2017-08-15T15:22:51.878245313Z: [    0.000000] RCU: Adjusting geometry for rcu_fanout_leaf=64, nr_cpu_ids=1
[STDOUT  ] 2017-08-15T15:22:51.878256287Z: [    0.000000] NR_IRQS:8448 nr_irqs:256 16
[STDOUT  ] 2017-08-15T15:22:51.878267839Z: [    0.000000] Console: colour VGA+ 80x25
[STDOUT  ] 2017-08-15T15:22:51.87827929Z: [    0.000000] console [ttyS0] enabled
[STDOUT  ] 2017-08-15T15:22:51.878290665Z: [    0.000000] allocated 2097152 bytes of page_ext
[STDOUT  ] 2017-08-15T15:22:51.878303769Z: [    0.000000] clocksource: hpet: mask: 0xffffffff max_cycles: 0xffffffff, max_idle_ns: 19112604467 ns
[STDOUT  ] 2017-08-15T15:22:51.87831487Z: [    0.000000] tsc: Unable to calibrate against PIT
[STDOUT  ] 2017-08-15T15:22:51.878326022Z: [    0.000000] tsc: using HPET reference calibration
[STDOUT  ] 2017-08-15T15:22:51.878337047Z: [    0.000000] tsc: Detected 2300.117 MHz processor
[STDOUT  ] 2017-08-15T15:22:51.878348256Z: [    0.052368] Calibrating delay loop (skipped), value calculated using timer frequency.. 4600.23 BogoMIPS (lpj=23001170)
[STDOUT  ] 2017-08-15T15:22:51.878365485Z: [    0.053845] pid_max: default: 32768 minimum: 301
[STDOUT  ] 2017-08-15T15:22:51.878377809Z: [    0.055205] ACPI: Core revision 20160831
[STDOUT  ] 2017-08-15T15:22:51.878389406Z: [    0.135589] ACPI: 1 ACPI AML tables successfully acquired and loaded
[STDOUT  ] 2017-08-15T15:22:51.87840566Z: [    0.141085] Security Framework initialized
[STDOUT  ] 2017-08-15T15:22:51.878416481Z: [    0.141476] Yama: becoming mindful.
[STDOUT  ] 2017-08-15T15:22:51.878434128Z: [    0.144260] Mount-cache hash table entries: 2048 (order: 2, 16384 bytes)
[STDOUT  ] 2017-08-15T15:22:51.878445678Z: [    0.144976] Mountpoint-cache hash table entries: 2048 (order: 2, 16384 bytes)
[STDOUT  ] 2017-08-15T15:22:51.878457009Z: [    0.177846] Last level iTLB entries: 4KB 0, 2MB 0, 4MB 0
[STDOUT  ] 2017-08-15T15:22:51.878468824Z: [    0.178405] Last level dTLB entries: 4KB 0, 2MB 0, 4MB 0, 1GB 0
[STDOUT  ] 2017-08-15T15:22:51.878480606Z: [    0.709575] Freeing SMP alternatives memory: 20K
[STDOUT  ] 2017-08-15T15:22:51.878491917Z: [    0.724235] ftrace: allocating 35486 entries in 139 pages
[STDOUT  ] 2017-08-15T15:22:51.878503458Z: [    1.002488] smpboot: Max logical packages: 1
[STDOUT  ] 2017-08-15T15:22:51.878514379Z: [    1.013253] ..TIMER: vector=0x30 apic1=0 pin1=2 apic2=-1 pin2=-1
[STDOUT  ] 2017-08-15T15:22:51.878529563Z: [    1.120000] smpboot: CPU0: AMD QEMU Virtual CPU version 2.5+ (family: 0x6, model: 0x6, stepping: 0x3)
[STDOUT  ] 2017-08-15T15:22:51.87854094Z: [    1.120000] Performance Events: PMU not available due to virtualization, using software events only.
[STDOUT  ] 2017-08-15T15:22:51.878552701Z: [    1.147861] NMI watchdog: disabled (cpu0): hardware events not enabled
[STDOUT  ] 2017-08-15T15:22:51.878564032Z: [    1.148407] NMI watchdog: Shutting down hard lockup detector on all cpus
[STDOUT  ] 2017-08-15T15:22:51.878575416Z: [    1.151462] x86: Booted up 1 node, 1 CPUs
[STDOUT  ] 2017-08-15T15:22:51.878587847Z: [    1.151881] smpboot: Total of 1 processors activated (4600.23 BogoMIPS)
[STDOUT  ] 2017-08-15T15:22:51.878599192Z: [    1.177115] devtmpfs: initialized
[STDOUT  ] 2017-08-15T15:22:51.878610727Z: [    1.185683] x86/mm: Memory block size: 128MB
[STDOUT  ] 2017-08-15T15:22:51.878621739Z: [    1.301359] clocksource: jiffies: mask: 0xffffffff max_cycles: 0xffffffff, max_idle_ns: 19112604462750000 ns
[STDOUT  ] 2017-08-15T15:22:51.878632838Z: [    1.304145] futex hash table entries: 256 (order: 2, 16384 bytes)
[STDOUT  ] 2017-08-15T15:22:51.878644168Z: [    1.321724] NET: Registered protocol family 16
[STDOUT  ] 2017-08-15T15:22:51.878655456Z: [    1.337800] cpuidle: using governor ladder
[STDOUT  ] 2017-08-15T15:22:51.878666709Z: [    1.338363] cpuidle: using governor menu
[STDOUT  ] 2017-08-15T15:22:51.878678439Z: [    1.340233] ACPI: bus type PCI registered
[STDOUT  ] 2017-08-15T15:22:51.878690165Z: [    1.344855] PCI: MMCONFIG for domain 0000 [bus 00-ff] at [mem 0xb0000000-0xbfffffff] (base 0xb0000000)
[STDOUT  ] 2017-08-15T15:22:51.878701613Z: [    1.345704] PCI: MMCONFIG at [mem 0xb0000000-0xbfffffff] reserved in E820
[STDOUT  ] 2017-08-15T15:22:51.878712984Z: [    1.347534] PCI: Using configuration type 1 for base access
[STDOUT  ] 2017-08-15T15:22:51.878723052Z: [    1.449622] HugeTLB registered 2 MB page size, pre-allocated 0 pages
[STDOUT  ] 2017-08-15T15:22:51.878746245Z: [    1.466402] ACPI: Added _OSI(Module Device)
[STDOUT  ] 2017-08-15T15:22:51.878757754Z: [    1.466763] ACPI: Added _OSI(Processor Device)
[STDOUT  ] 2017-08-15T15:22:51.878769207Z: [    1.467055] ACPI: Added _OSI(3.0 _SCP Extensions)
[STDOUT  ] 2017-08-15T15:22:51.878780753Z: [    1.467363] ACPI: Added _OSI(Processor Aggregator Device)
[STDOUT  ] 2017-08-15T15:22:51.878792154Z: [    1.602240] ACPI: Interpreter enabled
[STDOUT  ] 2017-08-15T15:22:51.878803423Z: [    1.603413] ACPI: (supports S0 S5)
[STDOUT  ] 2017-08-15T15:22:51.878814721Z: [    1.603752] ACPI: Using IOAPIC for interrupt routing
[STDOUT  ] 2017-08-15T15:22:51.878825794Z: [    1.606516] PCI: Using host bridge windows from ACPI; if necessary, use "pci=nocrs" and report a bug
[STDOUT  ] 2017-08-15T15:22:51.878842928Z: [    1.712200] ACPI: PCI Root Bridge [PCI0] (domain 0000 [bus 00-ff])
[STDOUT  ] 2017-08-15T15:22:51.878854123Z: [    1.713499] acpi PNP0A08:00: _OSC: OS supports [ExtendedConfig ASPM ClockPM Segments MSI]
[STDOUT  ] 2017-08-15T15:22:51.878870916Z: [    1.722734] acpi PNP0A08:00: _OSC: OS now controls [PCIeHotplug PME PCIeCapability]
[STDOUT  ] 2017-08-15T15:22:51.878883663Z: [    1.728600] PCI host bridge to bus 0000:00
[STDOUT  ] 2017-08-15T15:22:51.878895473Z: [    1.729130] pci_bus 0000:00: root bus resource [io  0x0000-0x0cf7 window]
[STDOUT  ] 2017-08-15T15:22:51.878911014Z: [    1.729590] pci_bus 0000:00: root bus resource [io  0x0d00-0xffff window]
[STDOUT  ] 2017-08-15T15:22:51.878923895Z: [    1.730090] pci_bus 0000:00: root bus resource [mem 0x000a0000-0x000bffff window]
[STDOUT  ] 2017-08-15T15:22:51.878934092Z: [    1.730548] pci_bus 0000:00: root bus resource [mem 0xc0000000-0xfebfffff window]
[STDOUT  ] 2017-08-15T15:22:51.878944233Z: [    1.731224] pci_bus 0000:00: root bus resource [bus 00-ff]
[STDOUT  ] 2017-08-15T15:22:51.878955304Z: [    1.914005] pci 0000:00:1f.0: quirk: [io  0x0600-0x067f] claimed by ICH6 ACPI/GPIO/TCO
[STDOUT  ] 2017-08-15T15:22:51.878967415Z: [    2.014800] ACPI: PCI Interrupt Link [LNKA] (IRQs 5 *10 11)
[STDOUT  ] 2017-08-15T15:22:51.878979295Z: [    2.017725] ACPI: PCI Interrupt Link [LNKB] (IRQs 5 *10 11)
[STDOUT  ] 2017-08-15T15:22:51.878990876Z: [    2.020472] ACPI: PCI Interrupt Link [LNKC] (IRQs 5 10 *11)
[STDOUT  ] 2017-08-15T15:22:51.879002272Z: [    2.023000] ACPI: PCI Interrupt Link [LNKD] (IRQs 5 10 *11)
[STDOUT  ] 2017-08-15T15:22:51.879013347Z: [    2.025498] ACPI: PCI Interrupt Link [LNKE] (IRQs 5 *10 11)
[STDOUT  ] 2017-08-15T15:22:51.879024247Z: [    2.028080] ACPI: PCI Interrupt Link [LNKF] (IRQs 5 *10 11)
[STDOUT  ] 2017-08-15T15:22:51.87903558Z: [    2.030843] ACPI: PCI Interrupt Link [LNKG] (IRQs 5 10 *11)
[STDOUT  ] 2017-08-15T15:22:51.87904627Z: [    2.033418] ACPI: PCI Interrupt Link [LNKH] (IRQs 5 10 *11)
[STDOUT  ] 2017-08-15T15:22:51.87905727Z: [    2.034562] ACPI: PCI Interrupt Link [GSIA] (IRQs *16)
[STDOUT  ] 2017-08-15T15:22:51.879068451Z: [    2.035347] ACPI: PCI Interrupt Link [GSIB] (IRQs *17)
[STDOUT  ] 2017-08-15T15:22:51.879082903Z: [    2.036114] ACPI: PCI Interrupt Link [GSIC] (IRQs *18)
[STDOUT  ] 2017-08-15T15:22:51.879094167Z: [    2.036887] ACPI: PCI Interrupt Link [GSID] (IRQs *19)
[STDOUT  ] 2017-08-15T15:22:51.879112107Z: [    2.037659] ACPI: PCI Interrupt Link [GSIE] (IRQs *20)
[STDOUT  ] 2017-08-15T15:22:51.879123469Z: [    2.038451] ACPI: PCI Interrupt Link [GSIF] (IRQs *21)
[STDOUT  ] 2017-08-15T15:22:51.879134274Z: [    2.039223] ACPI: PCI Interrupt Link [GSIG] (IRQs *22)
[STDOUT  ] 2017-08-15T15:22:51.879145607Z: [    2.040152] ACPI: PCI Interrupt Link [GSIH] (IRQs *23)
[STDOUT  ] 2017-08-15T15:22:51.879156887Z: [    2.045813] ACPI: Enabled 2 GPEs in block 00 to 3F
[STDOUT  ] 2017-08-15T15:22:51.879167966Z: [    2.052837] SCSI subsystem initialized
[STDOUT  ] 2017-08-15T15:22:51.87917916Z: [    2.055693] ACPI: bus type USB registered
[STDOUT  ] 2017-08-15T15:22:51.879190591Z: [    2.057365] usbcore: registered new interface driver usbfs
[STDOUT  ] 2017-08-15T15:22:51.879201135Z: [    2.058669] usbcore: registered new interface driver hub
[STDOUT  ] 2017-08-15T15:22:51.879211366Z: [    2.059741] usbcore: registered new device driver usb
[STDOUT  ] 2017-08-15T15:22:51.879222691Z: [    2.061467] pps_core: LinuxPPS API ver. 1 registered
[STDOUT  ] 2017-08-15T15:22:51.879233688Z: [    2.061819] pps_core: Software ver. 5.3.6 - Copyright 2005-2007 Rodolfo Giometti <giometti@linux.it>
[STDOUT  ] 2017-08-15T15:22:51.87924525Z: [    2.062598] PTP clock support registered
[STDOUT  ] 2017-08-15T15:22:51.879255864Z: [    2.064404] wmi: Mapper loaded
[STDOUT  ] 2017-08-15T15:22:51.879267563Z: [    2.066035] PCI: Using ACPI for IRQ routing
[STDOUT  ] 2017-08-15T15:22:51.879278838Z: [    2.097830] NetLabel: Initializing
[STDOUT  ] 2017-08-15T15:22:51.879299077Z: [    2.098124] NetLabel:  domain hash size = 128
[STDOUT  ] 2017-08-15T15:22:51.879317571Z: [    2.098433] NetLabel:  protocols = UNLABELED CIPSOv4
[STDOUT  ] 2017-08-15T15:22:51.879329346Z: [    2.101370] NetLabel:  unlabeled traffic allowed by default
[STDOUT  ] 2017-08-15T15:22:51.87934556Z: [    2.102658] HPET: 3 timers in total, 0 timers will be used for per-cpu timer
[STDOUT  ] 2017-08-15T15:22:51.879357598Z: [    2.103535] hpet0: at MMIO 0xfed00000, IRQs 2, 8, 0
[STDOUT  ] 2017-08-15T15:22:51.879375174Z: [    2.104095] hpet0: 3 comparators, 64-bit 100.000000 MHz counter
[STDOUT  ] 2017-08-15T15:22:51.879386193Z: [    2.110908] clocksource: Switched to clocksource hpet
[STDOUT  ] 2017-08-15T15:22:51.879397254Z: [    2.589882] VFS: Disk quotas dquot_6.6.0
[STDOUT  ] 2017-08-15T15:22:51.879408411Z: [    2.591032] VFS: Dquot-cache hash table entries: 512 (order 0, 4096 bytes)
[STDOUT  ] 2017-08-15T15:22:51.87941959Z: [    2.595179] FS-Cache: Loaded
[STDOUT  ] 2017-08-15T15:22:51.879431358Z: [    2.603562] CacheFiles: Loaded
[STDOUT  ] 2017-08-15T15:22:51.879443233Z: [    2.606107] pnp: PnP ACPI init
[STDOUT  ] 2017-08-15T15:22:51.879454546Z: [    2.625496] pnp: PnP ACPI: found 5 devices
[STDOUT  ] 2017-08-15T15:22:51.879465754Z: [    2.736943] clocksource: acpi_pm: mask: 0xffffff max_cycles: 0xffffff, max_idle_ns: 2085701024 ns
[STDOUT  ] 2017-08-15T15:22:51.879480876Z: [    2.741557] NET: Registered protocol family 2
[STDOUT  ] 2017-08-15T15:22:51.879492355Z: [    2.754160] TCP established hash table entries: 8192 (order: 4, 65536 bytes)
[STDOUT  ] 2017-08-15T15:22:51.87950383Z: [    2.755060] TCP bind hash table entries: 8192 (order: 5, 131072 bytes)
[STDOUT  ] 2017-08-15T15:22:51.879515592Z: [    2.755845] TCP: Hash tables configured (established 8192 bind 8192)
[STDOUT  ] 2017-08-15T15:22:51.879527544Z: [    2.758540] UDP hash table entries: 512 (order: 2, 16384 bytes)
[STDOUT  ] 2017-08-15T15:22:51.879539481Z: [    2.759192] UDP-Lite hash table entries: 512 (order: 2, 16384 bytes)
[STDOUT  ] 2017-08-15T15:22:51.879551173Z: [    2.762976] NET: Registered protocol family 1
[STDOUT  ] 2017-08-15T15:22:51.879562613Z: [    2.764397] pci 0000:00:01.0: Video device with shadowed ROM at [mem 0x000c0000-0x000dffff]
[STDOUT  ] 2017-08-15T15:22:51.879573948Z: [    2.792097] Unpacking initramfs...
[STDOUT  ] 2017-08-15T15:22:51.879583814Z: [    7.666491] Freeing initrd memory: 19056K
[STDOUT  ] 2017-08-15T15:22:51.879594928Z: [    7.705196] PCLMULQDQ-NI instructions are not detected.
[STDOUT  ] 2017-08-15T15:22:51.879606392Z: [    7.706807] AVX or AES-NI instructions are not detected.
[STDOUT  ] 2017-08-15T15:22:51.879623768Z: [    7.707286] CPU feature 'AVX registers' is not supported.
[STDOUT  ] 2017-08-15T15:22:51.879635964Z: [    7.707710] CPU feature 'AVX registers' is not supported.
[STDOUT  ] 2017-08-15T15:22:51.879647304Z: [    7.708159] CPU feature 'AVX registers' is not supported.
[STDOUT  ] 2017-08-15T15:22:51.879658674Z: [    7.708565] CPU feature 'AVX registers' is not supported.
[STDOUT  ] 2017-08-15T15:22:51.879669836Z: [    7.708964] AVX2 or AES-NI instructions are not detected.
[STDOUT  ] 2017-08-15T15:22:51.879681101Z: [    7.709371] AVX2 instructions are not detected.
[STDOUT  ] 2017-08-15T15:22:51.879691409Z: [    7.721250] audit: initializing netlink subsys (disabled)
[STDOUT  ] 2017-08-15T15:22:51.879706512Z: [    7.723587] audit: type=2000 audit(1502810540.720:1): initialized
[STDOUT  ] 2017-08-15T15:22:51.879718856Z: [    7.735260] workingset: timestamp_bits=46 max_order=18 bucket_order=0
[STDOUT  ] 2017-08-15T15:22:51.879729869Z: [    7.745645] FS-Cache: Netfs 'cifs' registered for caching
[STDOUT  ] 2017-08-15T15:22:51.879741172Z: [    7.746919] fuse init (API version 7.26)
[STDOUT  ] 2017-08-15T15:22:51.879754913Z: [    7.750955] SGI XFS with ACLs, security attributes, no debug enabled
[STDOUT  ] 2017-08-15T15:22:51.879766496Z: [    7.760483] 9p: Installing v9fs 9p2000 file system support
[STDOUT  ] 2017-08-15T15:22:51.879777919Z: [    7.761007] FS-Cache: Netfs '9p' registered for caching
[STDOUT  ] 2017-08-15T15:22:51.879795098Z: [    7.817576] NET: Registered protocol family 38
[STDOUT  ] 2017-08-15T15:22:51.879807675Z: [    7.818304] Key type asymmetric registered
[STDOUT  ] 2017-08-15T15:22:51.879819094Z: [    7.818678] Asymmetric key parser 'x509' registered
[STDOUT  ] 2017-08-15T15:22:51.879835532Z: [    7.819696] Block layer SCSI generic (bsg) driver version 0.4 loaded (major 251)
[STDOUT  ] 2017-08-15T15:22:51.879847449Z: [    7.822265] io scheduler noop registered
[STDOUT  ] 2017-08-15T15:22:51.87985917Z: [    7.822611] io scheduler deadline registered (default)
[STDOUT  ] 2017-08-15T15:22:51.879870742Z: [    7.823309] io scheduler cfq registered
[STDOUT  ] 2017-08-15T15:22:51.879881651Z: [    7.827428] pci_hotplug: PCI Hot Plug PCI Core version: 0.5
[STDOUT  ] 2017-08-15T15:22:51.879892074Z: [    7.828123] pciehp: PCI Express Hot Plug Controller Driver version: 0.4
[STDOUT  ] 2017-08-15T15:22:51.879903087Z: [    7.829125] shpchp: Standard Hot Plug PCI Controller Driver version: 0.4
[STDOUT  ] 2017-08-15T15:22:51.879921228Z: [    7.830538] hv_vmbus: registering driver hyperv_fb
[STDOUT  ] 2017-08-15T15:22:51.879933408Z: [    7.835941] input: Power Button as /devices/LNXSYSTM:00/LNXPWRBN:00/input/input0
[STDOUT  ] 2017-08-15T15:22:51.879944964Z: [    7.837306] ACPI: Power Button [PWRF]
[STDOUT  ] 2017-08-15T15:22:51.879956506Z: [    7.845777] GHES: HEST is not enabled!
[STDOUT  ] 2017-08-15T15:22:51.879967892Z: [    7.865239] ACPI: PCI Interrupt Link [GSIG] enabled at IRQ 22
[STDOUT  ] 2017-08-15T15:22:51.879979032Z: [    7.886618] ACPI: PCI Interrupt Link [GSIH] enabled at IRQ 23
[STDOUT  ] 2017-08-15T15:22:51.879995728Z: [    7.893419] xenfs: not registering filesystem on non-xen platform
[STDOUT  ] 2017-08-15T15:22:51.88000766Z: [    7.896397] Serial: 8250/16550 driver, 4 ports, IRQ sharing disabled
[STDOUT  ] 2017-08-15T15:22:51.880018734Z: [    7.930403] 00:04: ttyS0 at I/O 0x3f8 (irq = 4, base_baud = 115200) is a 16550A
[STDOUT  ] 2017-08-15T15:22:51.880029988Z: [    7.948462] Non-volatile memory driver v1.3
[STDOUT  ] 2017-08-15T15:22:51.880041442Z: [    7.958796] Hangcheck: starting hangcheck timer 0.9.1 (tick is 180 seconds, margin is 60 seconds).
[STDOUT  ] 2017-08-15T15:22:51.880052861Z: [    7.967147] random: fast init done
[STDOUT  ] 2017-08-15T15:22:51.880063707Z: [    7.969406] random: crng init done
[STDOUT  ] 2017-08-15T15:22:51.880075049Z: [    8.028057] loop: module loaded
[STDOUT  ] 2017-08-15T15:22:51.880086824Z: [    8.052032] nbd: registered device at major 43
[STDOUT  ] 2017-08-15T15:22:51.880098322Z: [    8.125316] lpc_ich 0000:00:1f.0: I/O space for GPIO uninitialized
[STDOUT  ] 2017-08-15T15:22:51.880109772Z: [    8.127921] VMware PVSCSI driver - version 1.0.7.0-k
[STDOUT  ] 2017-08-15T15:22:51.880127834Z: [    8.128855] hv_vmbus: registering driver hv_storvsc
[STDOUT  ] 2017-08-15T15:22:51.880139672Z: [    8.146245] ACPI: PCI Interrupt Link [GSIA] enabled at IRQ 16
[STDOUT  ] 2017-08-15T15:22:51.880150683Z: [    8.156559] ahci 0000:00:1f.2: AHCI 0001.0000 32 slots 6 ports 1.5 Gbps 0x3f impl SATA mode
[STDOUT  ] 2017-08-15T15:22:51.880162519Z: [    8.157292] ahci 0000:00:1f.2: flags: 64bit ncq only 
[STDOUT  ] 2017-08-15T15:22:51.880173846Z: [    8.192297] scsi host0: ahci
[STDOUT  ] 2017-08-15T15:22:51.880185416Z: [    8.198316] scsi host1: ahci
[STDOUT  ] 2017-08-15T15:22:51.880196878Z: [    8.202170] scsi host2: ahci
[STDOUT  ] 2017-08-15T15:22:51.880208442Z: [    8.205733] scsi host3: ahci
[STDOUT  ] 2017-08-15T15:22:51.880220956Z: [    8.209515] scsi host4: ahci
[STDOUT  ] 2017-08-15T15:22:51.880233079Z: [    8.213354] scsi host5: ahci
[STDOUT  ] 2017-08-15T15:22:51.880245312Z: [    8.216220] ata1: SATA max UDMA/133 abar m4096@0xfebd2000 port 0xfebd2100 irq 24
[STDOUT  ] 2017-08-15T15:22:51.880256811Z: [    8.216748] ata2: SATA max UDMA/133 abar m4096@0xfebd2000 port 0xfebd2180 irq 24
[STDOUT  ] 2017-08-15T15:22:51.880267371Z: [    8.217176] ata3: SATA max UDMA/133 abar m4096@0xfebd2000 port 0xfebd2200 irq 24
[STDOUT  ] 2017-08-15T15:22:51.880277786Z: [    8.217614] ata4: SATA max UDMA/133 abar m4096@0xfebd2000 port 0xfebd2280 irq 24
[STDOUT  ] 2017-08-15T15:22:51.880294628Z: [    8.218094] ata5: SATA max UDMA/133 abar m4096@0xfebd2000 port 0xfebd2300 irq 24
[STDOUT  ] 2017-08-15T15:22:51.880306792Z: [    8.218523] ata6: SATA max UDMA/133 abar m4096@0xfebd2000 port 0xfebd2380 irq 24
[STDOUT  ] 2017-08-15T15:22:51.880323089Z: [    8.241157] tun: Universal TUN/TAP device driver, 1.6
[STDOUT  ] 2017-08-15T15:22:51.880334988Z: [    8.241551] tun: (C) 1999-2004 Max Krasnyansky <maxk@qualcomm.com>
[STDOUT  ] 2017-08-15T15:22:51.880346253Z: [    8.257796] VMware vmxnet3 virtual NIC driver - version 1.4.a.0-k-NAPI
[STDOUT  ] 2017-08-15T15:22:51.880357802Z: [    8.258864] hv_vmbus: registering driver hv_netvsc
[STDOUT  ] 2017-08-15T15:22:51.880369346Z: [    8.259243] Fusion MPT base driver 3.04.20
[STDOUT  ] 2017-08-15T15:22:51.880387348Z: [    8.259510] Copyright (c) 1999-2008 LSI Corporation
[STDOUT  ] 2017-08-15T15:22:51.880398518Z: [    8.260702] Fusion MPT SPI Host driver 3.04.20
[STDOUT  ] 2017-08-15T15:22:51.880409873Z: [    8.263882] i8042: PNP: PS/2 Controller [PNP0303:KBD,PNP0f13:MOU] at 0x60,0x64 irq 1,12
[STDOUT  ] 2017-08-15T15:22:51.880421852Z: [    8.270124] serio: i8042 KBD port at 0x60,0x64 irq 1
[STDOUT  ] 2017-08-15T15:22:51.88043296Z: [    8.271197] serio: i8042 AUX port at 0x60,0x64 irq 12
[STDOUT  ] 2017-08-15T15:22:51.880444366Z: [    8.274812] hv_vmbus: registering driver hyperv_keyboard
[STDOUT  ] 2017-08-15T15:22:51.880454389Z: [    8.279347] mousedev: PS/2 mouse device common for all mice
[STDOUT  ] 2017-08-15T15:22:51.880465032Z: [    8.287227] input: AT Translated Set 2 keyboard as /devices/platform/i8042/serio0/input/input1
[STDOUT  ] 2017-08-15T15:22:51.880477303Z: [    8.291859] input: PC Speaker as /devices/platform/pcspkr/input/input2
[STDOUT  ] 2017-08-15T15:22:51.880488818Z: [    8.297190] rtc_cmos 00:00: RTC can wake from S4
[STDOUT  ] 2017-08-15T15:22:51.880503838Z: [    8.302797] rtc_cmos 00:00: rtc core: registered rtc_cmos as rtc0
[STDOUT  ] 2017-08-15T15:22:51.88051639Z: [    8.304332] rtc_cmos 00:00: alarms up to one day, y3k, 114 bytes nvram, hpet irqs
[STDOUT  ] 2017-08-15T15:22:51.880527967Z: [    8.305099] i2c /dev entries driver
[STDOUT  ] 2017-08-15T15:22:51.880539466Z: [    8.307915] device-mapper: ioctl: 4.35.0-ioctl (2016-06-23) initialised: dm-devel@redhat.com
[STDOUT  ] 2017-08-15T15:22:51.880551411Z: [    8.315728] usbcore: registered new interface driver usbhid
[STDOUT  ] 2017-08-15T15:22:51.880569181Z: [    8.316128] usbhid: USB HID core driver
[STDOUT  ] 2017-08-15T15:22:51.880580152Z: [    8.316852] hv_utils: Registering HyperV Utility Driver
[STDOUT  ] 2017-08-15T15:22:51.880591313Z: [    8.317199] hv_vmbus: registering driver hv_util
[STDOUT  ] 2017-08-15T15:22:51.880602159Z: [    8.317507] hv_vmbus: registering driver hv_balloon
[STDOUT  ] 2017-08-15T15:22:51.880618354Z: [    8.318112] oprofile: using NMI interrupt.
[STDOUT  ] 2017-08-15T15:22:51.880630051Z: [    8.319875] GACT probability on
[STDOUT  ] 2017-08-15T15:22:51.880642653Z: [    8.320841] Mirror/redirect action on
[STDOUT  ] 2017-08-15T15:22:51.880653998Z: [    8.322037] Simple TC action Loaded
[STDOUT  ] 2017-08-15T15:22:51.880664974Z: [    8.322763] u32 classifier
[STDOUT  ] 2017-08-15T15:22:51.880677856Z: [    8.322970]     Performance counters on
[STDOUT  ] 2017-08-15T15:22:51.880688888Z: [    8.323231]     input device check on
[STDOUT  ] 2017-08-15T15:22:51.880700165Z: [    8.323467]     Actions configured
[STDOUT  ] 2017-08-15T15:22:51.880711151Z: [    8.324183] Netfilter messages via NETLINK v0.30.
[STDOUT  ] 2017-08-15T15:22:51.880722125Z: [    8.324815] nfnl_acct: registering with nfnetlink.
[STDOUT  ] 2017-08-15T15:22:51.880733088Z: [    8.326656] nf_conntrack version 0.5.0 (8192 buckets, 32768 max)
[STDOUT  ] 2017-08-15T15:22:51.880744076Z: [    8.331797] ctnetlink v0.93: registering with nfnetlink.
[STDOUT  ] 2017-08-15T15:22:51.880755085Z: [    8.336889] nf_tables: (c) 2007-2009 Patrick McHardy <kaber@trash.net>
[STDOUT  ] 2017-08-15T15:22:51.880772214Z: [    8.337929] nf_tables_compat: (c) 2012 Pablo Neira Ayuso <pablo@netfilter.org>
[STDOUT  ] 2017-08-15T15:22:51.880790028Z: [    8.341693] xt_time: kernel timezone is -0000
[STDOUT  ] 2017-08-15T15:22:51.8808018Z: [    8.342326] ip_set: protocol 6
[STDOUT  ] 2017-08-15T15:22:51.88081388Z: [    8.343171] IPVS: Registered protocols (TCP, UDP, SCTP, AH, ESP)
[STDOUT  ] 2017-08-15T15:22:51.880835774Z: [    8.343812] IPVS: Connection hash table configured (size=4096, memory=64Kbytes)
[STDOUT  ] 2017-08-15T15:22:51.880848772Z: [    8.346217] IPVS: Creating netns size=2104 id=0
[STDOUT  ] 2017-08-15T15:22:51.880860341Z: [    8.350991] IPVS: ipvs loaded.
[STDOUT  ] 2017-08-15T15:22:51.880871014Z: [    8.351407] IPVS: [rr] scheduler registered.
[STDOUT  ] 2017-08-15T15:22:51.880881505Z: [    8.351702] IPVS: [wrr] scheduler registered.
[STDOUT  ] 2017-08-15T15:22:51.880892866Z: [    8.351999] IPVS: [lc] scheduler registered.
[STDOUT  ] 2017-08-15T15:22:51.880903988Z: [    8.352286] IPVS: [wlc] scheduler registered.
[STDOUT  ] 2017-08-15T15:22:51.880915741Z: [    8.352578] IPVS: [fo] scheduler registered.
[STDOUT  ] 2017-08-15T15:22:51.880927143Z: [    8.352866] IPVS: [ovf] scheduler registered.
[STDOUT  ] 2017-08-15T15:22:51.880945347Z: [    8.353325] IPVS: [lblc] scheduler registered.
[STDOUT  ] 2017-08-15T15:22:51.880956617Z: [    8.353799] IPVS: [lblcr] scheduler registered.
[STDOUT  ] 2017-08-15T15:22:51.880967783Z: [    8.354130] IPVS: [dh] scheduler registered.
[STDOUT  ] 2017-08-15T15:22:51.880979009Z: [    8.354422] IPVS: [sh] scheduler registered.
