[INFO    ] 2017-10-12T20:10:33.914401335Z: Running Test linuxkit.packages.mkimage in /tmp/with_clone2240436f/test/cases/040_packages/013_mkimage
[INFO    ] 2017-10-12T20:10:33.914526226Z: Running command: [/bin/sh -x /tmp/with_clone2240436f/test/cases/040_packages/013_mkimage/test.sh]
[STDERR  ] 2017-10-12T20:10:33.915055705Z: + set -e
[STDERR  ] 2017-10-12T20:10:33.91516371Z: + . /tmp/with_clone2240436f/test/cases/_lib/lib.sh
[STDERR  ] 2017-10-12T20:10:33.915242513Z: + [ -f src/github.com/linuxkit/rtf/lib/lib.sh ]
[STDERR  ] 2017-10-12T20:10:33.915320405Z: + LINUXKIT_TMPDIR=/tmp/with_clone2240436f/test/cases/_tmp
[STDERR  ] 2017-10-12T20:10:33.915397398Z: + [ -f /tmp/with_clone2240436f/test/cases/_tmp/env.sh ]
[STDERR  ] 2017-10-12T20:10:33.91546503Z: + . /tmp/with_clone2240436f/test/cases/_tmp/env.sh
[STDERR  ] 2017-10-12T20:10:33.915523147Z: + export LINUXKIT_EXAMPLES_DIR=/tmp/with_clone2240436f/test/cases/../../examples
[STDERR  ] 2017-10-12T20:10:33.915573045Z: + export LINUXKIT_BLUEPRINTS_DIR=/tmp/with_clone2240436f/test/cases/../../blueprints
[STDERR  ] 2017-10-12T20:10:33.915628016Z: + RT_CANCEL=253
[STDERR  ] 2017-10-12T20:10:33.915702735Z: + trap clean_up EXIT
[STDERR  ] 2017-10-12T20:10:33.915786017Z: + moby build -format kernel+initrd run.yml
[STDERR  ] 2017-10-12T20:10:33.927266284Z: Extract kernel image: linuxkit/kernel:4.9.54
[STDERR  ] 2017-10-12T20:10:35.063772095Z: time="2017-10-12T20:10:35Z" level=warning msg="certificate with CN Moby CI is near expiry" 
[STDERR  ] 2017-10-12T20:10:35.06426983Z: time="2017-10-12T20:10:35Z" level=warning msg="certificate with CN Rolf Neugebauer is near expiry" 
[STDERR  ] 2017-10-12T20:10:35.087013645Z: time="2017-10-12T20:10:35Z" level=warning msg="certificate with CN Rolf Neugebauer is near expiry" 
[STDERR  ] 2017-10-12T20:10:42.728084957Z: Add init containers:
[STDERR  ] 2017-10-12T20:10:43.712933835Z: time="2017-10-12T20:10:43Z" level=warning msg="certificate with CN Moby CI is near expiry" 
[STDERR  ] 2017-10-12T20:10:43.713196316Z: time="2017-10-12T20:10:43Z" level=warning msg="certificate with CN Rolf Neugebauer is near expiry" 
[STDERR  ] 2017-10-12T20:10:43.717963134Z: time="2017-10-12T20:10:43Z" level=warning msg="certificate with CN Rolf Neugebauer is near expiry" 
[STDERR  ] 2017-10-12T20:10:46.114094019Z: time="2017-10-12T20:10:46Z" level=warning msg="certificate with CN Moby CI is near expiry" 
[STDERR  ] 2017-10-12T20:10:46.114415942Z: time="2017-10-12T20:10:46Z" level=warning msg="certificate with CN Rolf Neugebauer is near expiry" 
[STDERR  ] 2017-10-12T20:10:46.117923658Z: time="2017-10-12T20:10:46Z" level=warning msg="certificate with CN Rolf Neugebauer is near expiry" 
[STDERR  ] 2017-10-12T20:10:47.104565809Z: Add onboot containers:
[STDERR  ] 2017-10-12T20:10:47.104627082Z:   Create OCI config for linuxkit/poweroff:ffd3f539a6f4e67d4cd4ff36503636de35edd7b2
[STDERR  ] 2017-10-12T20:10:48.188819545Z: time="2017-10-12T20:10:48Z" level=warning msg="certificate with CN Rolf Neugebauer is near expiry" 
[STDERR  ] 2017-10-12T20:10:48.189473775Z: time="2017-10-12T20:10:48Z" level=warning msg="certificate with CN Moby CI is near expiry" 
[STDERR  ] 2017-10-12T20:10:48.208966701Z: time="2017-10-12T20:10:48Z" level=warning msg="certificate with CN Rolf Neugebauer is near expiry" 
[STDERR  ] 2017-10-12T20:10:48.752883451Z: Create outputs:
[STDERR  ] 2017-10-12T20:10:52.822053282Z:   run-kernel run-initrd.img run-cmdline
[STDERR  ] 2017-10-12T20:10:53.032708314Z: + moby build -format kernel+initrd mkimage.yml
[STDERR  ] 2017-10-12T20:10:53.042433274Z: Extract kernel image: linuxkit/kernel:4.9.54
[STDERR  ] 2017-10-12T20:10:54.158661757Z: time="2017-10-12T20:10:54Z" level=warning msg="certificate with CN Moby CI is near expiry" 
[STDERR  ] 2017-10-12T20:10:54.159346001Z: time="2017-10-12T20:10:54Z" level=warning msg="certificate with CN Rolf Neugebauer is near expiry" 
[STDERR  ] 2017-10-12T20:10:54.180199075Z: time="2017-10-12T20:10:54Z" level=warning msg="certificate with CN Rolf Neugebauer is near expiry" 
[STDERR  ] 2017-10-12T20:11:02.03978593Z: Add init containers:
[STDERR  ] 2017-10-12T20:11:03.048802869Z: time="2017-10-12T20:11:03Z" level=warning msg="certificate with CN Rolf Neugebauer is near expiry" 
[STDERR  ] 2017-10-12T20:11:03.049202823Z: time="2017-10-12T20:11:03Z" level=warning msg="certificate with CN Moby CI is near expiry" 
[STDERR  ] 2017-10-12T20:11:03.053744852Z: time="2017-10-12T20:11:03Z" level=warning msg="certificate with CN Rolf Neugebauer is near expiry" 
[STDERR  ] 2017-10-12T20:11:05.484561095Z: time="2017-10-12T20:11:05Z" level=warning msg="certificate with CN Moby CI is near expiry" 
[STDERR  ] 2017-10-12T20:11:05.484887559Z: time="2017-10-12T20:11:05Z" level=warning msg="certificate with CN Rolf Neugebauer is near expiry" 
[STDERR  ] 2017-10-12T20:11:05.48813737Z: time="2017-10-12T20:11:05Z" level=warning msg="certificate with CN Rolf Neugebauer is near expiry" 
[STDERR  ] 2017-10-12T20:11:06.334581608Z: Add onboot containers:
[STDERR  ] 2017-10-12T20:11:06.334643838Z:   Create OCI config for linuxkit/mkimage:13b6efeefd97fed9043c9cd3a8fe1fe7ad1cda12
[STDERR  ] 2017-10-12T20:11:07.376554644Z: time="2017-10-12T20:11:07Z" level=warning msg="certificate with CN Moby CI is near expiry" 
[STDERR  ] 2017-10-12T20:11:07.376830559Z: time="2017-10-12T20:11:07Z" level=warning msg="certificate with CN Rolf Neugebauer is near expiry" 
[STDERR  ] 2017-10-12T20:11:07.379306696Z: time="2017-10-12T20:11:07Z" level=warning msg="certificate with CN Rolf Neugebauer is near expiry" 
[STDERR  ] 2017-10-12T20:11:08.562608753Z:   Create OCI config for linuxkit/poweroff:ffd3f539a6f4e67d4cd4ff36503636de35edd7b2
[STDERR  ] 2017-10-12T20:11:09.643018042Z: time="2017-10-12T20:11:09Z" level=warning msg="certificate with CN Moby CI is near expiry" 
[STDERR  ] 2017-10-12T20:11:09.643326625Z: time="2017-10-12T20:11:09Z" level=warning msg="certificate with CN Rolf Neugebauer is near expiry" 
[STDERR  ] 2017-10-12T20:11:09.644843488Z: time="2017-10-12T20:11:09Z" level=warning msg="certificate with CN Rolf Neugebauer is near expiry" 
[STDERR  ] 2017-10-12T20:11:10.182129199Z: Create outputs:
[STDERR  ] 2017-10-12T20:11:14.928331318Z:   mkimage-kernel mkimage-initrd.img mkimage-cmdline
[STDERR  ] 2017-10-12T20:11:15.14572948Z: + tar cf tarball.img run-kernel run-initrd.img run-cmdline
[STDERR  ] 2017-10-12T20:11:15.177680659Z: + linuxkit run qemu -disk disk.qcow2,size=200M,format=qcow2 -disk tarball.img,format=raw -kernel mkimage
[STDERR  ] 2017-10-12T20:11:15.213182483Z: Using existing disk [tarball.img] format raw
[STDOUT  ] 2017-10-12T20:11:16.786891716Z: [    0.000000] Linux version 4.9.54-linuxkit (root@e73ac76f2f14) (gcc version 6.3.0 (Alpine 6.3.0) ) #1 SMP Wed Oct 11 11:30:59 UTC 2017
[STDOUT  ] 2017-10-12T20:11:16.787521433Z: [    0.000000] Command line: console=ttyS0
[STDOUT  ] 2017-10-12T20:11:16.788045246Z: [    0.000000] x86/fpu: Legacy x87 FPU detected.
[STDOUT  ] 2017-10-12T20:11:16.788670058Z: [    0.000000] x86/fpu: Using 'eager' FPU context switches.
[STDOUT  ] 2017-10-12T20:11:16.789220975Z: [    0.000000] e820: BIOS-provided physical RAM map:
[STDOUT  ] 2017-10-12T20:11:16.790005478Z: [    0.000000] BIOS-e820: [mem 0x0000000000000000-0x000000000009fbff] usable
[STDOUT  ] 2017-10-12T20:11:16.790791516Z: [    0.000000] BIOS-e820: [mem 0x000000000009fc00-0x000000000009ffff] reserved
[STDOUT  ] 2017-10-12T20:11:16.791627694Z: [    0.000000] BIOS-e820: [mem 0x00000000000f0000-0x00000000000fffff] reserved
[STDOUT  ] 2017-10-12T20:11:16.792504099Z: [    0.000000] BIOS-e820: [mem 0x0000000000100000-0x000000003ffddfff] usable
[STDOUT  ] 2017-10-12T20:11:16.793345677Z: [    0.000000] BIOS-e820: [mem 0x000000003ffde000-0x000000003fffffff] reserved
[STDOUT  ] 2017-10-12T20:11:16.794126829Z: [    0.000000] BIOS-e820: [mem 0x00000000b0000000-0x00000000bfffffff] reserved
[STDOUT  ] 2017-10-12T20:11:16.79494809Z: [    0.000000] BIOS-e820: [mem 0x00000000fed1c000-0x00000000fed1ffff] reserved
[STDOUT  ] 2017-10-12T20:11:16.795744202Z: [    0.000000] BIOS-e820: [mem 0x00000000fffc0000-0x00000000ffffffff] reserved
[STDOUT  ] 2017-10-12T20:11:16.796305508Z: [    0.000000] NX (Execute Disable) protection: active
[STDOUT  ] 2017-10-12T20:11:16.79670151Z: [    0.000000] SMBIOS 2.8 present.
[STDOUT  ] 2017-10-12T20:11:16.797397595Z: [    0.000000] e820: last_pfn = 0x3ffde max_arch_pfn = 0x400000000
[STDOUT  ] 2017-10-12T20:11:16.798226587Z: [    0.000000] x86/PAT: Configuration [0-7]: WB  WC  UC- UC  WB  WC  UC- WT  
[STDOUT  ] 2017-10-12T20:11:16.799151193Z: [    0.000000] found SMP MP-table at [mem 0x000f6aa0-0x000f6aaf] mapped at [ffff9a00800f6aa0]
[STDOUT  ] 2017-10-12T20:11:16.799691966Z: [    0.000000] RAMDISK: [mem 0x3e374000-0x3ffcffff]
[STDOUT  ] 2017-10-12T20:11:16.800344227Z: [    0.000000] ACPI: Early table checksum verification disabled
[STDOUT  ] 2017-10-12T20:11:16.801005744Z: [    0.000000] ACPI: RSDP 0x00000000000F68C0 000014 (v00 BOCHS )
[STDOUT  ] 2017-10-12T20:11:16.802147041Z: [    0.000000] ACPI: RSDT 0x000000003FFE2404 000034 (v01 BOCHS  BXPCRSDT 00000001 BXPC 00000001)
[STDOUT  ] 2017-10-12T20:11:16.803130238Z: [    0.000000] ACPI: FACP 0x000000003FFE22A4 000074 (v01 BOCHS  BXPCFACP 00000001 BXPC 00000001)
[STDOUT  ] 2017-10-12T20:11:16.80409842Z: [    0.000000] ACPI: DSDT 0x000000003FFE0040 002264 (v01 BOCHS  BXPCDSDT 00000001 BXPC 00000001)
[STDOUT  ] 2017-10-12T20:11:16.804637142Z: [    0.000000] ACPI: FACS 0x000000003FFE0000 000040
[STDOUT  ] 2017-10-12T20:11:16.805609794Z: [    0.000000] ACPI: APIC 0x000000003FFE2318 000078 (v01 BOCHS  BXPCAPIC 00000001 BXPC 00000001)
[STDOUT  ] 2017-10-12T20:11:16.806581072Z: [    0.000000] ACPI: HPET 0x000000003FFE2390 000038 (v01 BOCHS  BXPCHPET 00000001 BXPC 00000001)
[STDOUT  ] 2017-10-12T20:11:16.80758415Z: [    0.000000] ACPI: MCFG 0x000000003FFE23C8 00003C (v01 BOCHS  BXPCMCFG 00000001 BXPC 00000001)
[STDOUT  ] 2017-10-12T20:11:16.807892981Z: [    0.000000] Zone ranges:
[STDOUT  ] 2017-10-12T20:11:16.808603472Z: [    0.000000]   DMA      [mem 0x0000000000001000-0x0000000000ffffff]
[STDOUT  ] 2017-10-12T20:11:16.809325708Z: [    0.000000]   DMA32    [mem 0x0000000001000000-0x000000003ffddfff]
[STDOUT  ] 2017-10-12T20:11:16.8096794Z: [    0.000000]   Normal   empty
[STDOUT  ] 2017-10-12T20:11:16.810184431Z: [    0.000000] Movable zone start for each node
[STDOUT  ] 2017-10-12T20:11:16.810618687Z: [    0.000000] Early memory node ranges
[STDOUT  ] 2017-10-12T20:11:16.811332866Z: [    0.000000]   node   0: [mem 0x0000000000001000-0x000000000009efff]
[STDOUT  ] 2017-10-12T20:11:16.812048382Z: [    0.000000]   node   0: [mem 0x0000000000100000-0x000000003ffddfff]
[STDOUT  ] 2017-10-12T20:11:16.81285653Z: [    0.000000] Initmem setup node 0 [mem 0x0000000000001000-0x000000003ffddfff]
[STDOUT  ] 2017-10-12T20:11:16.813336664Z: [    0.000000] ACPI: PM-Timer IO Port: 0x608
[STDOUT  ] 2017-10-12T20:11:16.814036896Z: [    0.000000] ACPI: LAPIC_NMI (acpi_id[0xff] dfl dfl lint[0x1])
[STDOUT  ] 2017-10-12T20:11:16.814897441Z: [    0.000000] IOAPIC[0]: apic_id 0, version 32, address 0xfec00000, GSI 0-23
[STDOUT  ] 2017-10-12T20:11:16.81568687Z: [    0.000000] ACPI: INT_SRC_OVR (bus 0 bus_irq 0 global_irq 2 dfl dfl)
[STDOUT  ] 2017-10-12T20:11:16.816493433Z: [    0.000000] ACPI: INT_SRC_OVR (bus 0 bus_irq 5 global_irq 5 high level)
[STDOUT  ] 2017-10-12T20:11:16.817246729Z: [    0.000000] ACPI: INT_SRC_OVR (bus 0 bus_irq 9 global_irq 9 high level)
[STDOUT  ] 2017-10-12T20:11:16.81778118Z: [    0.000000] ACPI: INT_SRC_OVR (bus 0 bus_irq 10 global_irq 10 high level)
[STDOUT  ] 2017-10-12T20:11:16.818145642Z: [    0.000000] ACPI: INT_SRC_OVR (bus 0 bus_irq 11 global_irq 11 high level)
[STDOUT  ] 2017-10-12T20:11:16.818469368Z: [    0.000000] Using ACPI (MADT) for SMP configuration information
[STDOUT  ] 2017-10-12T20:11:16.818766039Z: [    0.000000] ACPI: HPET id: 0x8086a201 base: 0xfed00000
[STDOUT  ] 2017-10-12T20:11:16.819059702Z: [    0.000000] smpboot: Allowing 1 CPUs, 0 hotplug CPUs
[STDOUT  ] 2017-10-12T20:11:16.819426766Z: [    0.000000] e820: [mem 0x40000000-0xafffffff] available for PCI devices
[STDOUT  ] 2017-10-12T20:11:16.81976968Z: [    0.000000] Booting paravirtualized kernel on bare hardware
[STDOUT  ] 2017-10-12T20:11:16.820308728Z: [    0.000000] clocksource: refined-jiffies: mask: 0xffffffff max_cycles: 0xffffffff, max_idle_ns: 19112604462750000 ns
[STDOUT  ] 2017-10-12T20:11:16.820744825Z: [    0.000000] setup_percpu: NR_CPUS:128 nr_cpumask_bits:128 nr_cpu_ids:1 nr_node_ids:1
[STDOUT  ] 2017-10-12T20:11:16.821178369Z: [    0.000000] percpu: Embedded 35 pages/cpu @ffff9a00be000000 s105240 r8192 d29928 u2097152
[STDOUT  ] 2017-10-12T20:11:16.821606777Z: [    0.000000] Built 1 zonelists in Zone order, mobility grouping on.  Total pages: 257895
[STDOUT  ] 2017-10-12T20:11:16.821842852Z: [    0.000000] Kernel command line: console=ttyS0
[STDOUT  ] 2017-10-12T20:11:16.822188735Z: [    0.000000] PID hash table entries: 4096 (order: 3, 32768 bytes)
[STDOUT  ] 2017-10-12T20:11:16.82259766Z: [    0.000000] Dentry cache hash table entries: 131072 (order: 8, 1048576 bytes)
[STDOUT  ] 2017-10-12T20:11:16.822990512Z: [    0.000000] Inode-cache hash table entries: 65536 (order: 7, 524288 bytes)
[STDOUT  ] 2017-10-12T20:11:16.823690685Z: [    0.000000] Memory: 985128K/1048048K available (8052K kernel code, 1367K rwdata, 2704K rodata, 1380K init, 568K bss, 62920K reserved, 0K cma-reserved)
[STDOUT  ] 2017-10-12T20:11:16.82393235Z: [    0.000000] Hierarchical RCU implementation.
[STDOUT  ] 2017-10-12T20:11:16.824233504Z: [    0.000000] 	Build-time adjustment of leaf fanout to 64.
[STDOUT  ] 2017-10-12T20:11:16.824573197Z: [    0.000000] 	RCU restricting CPUs from NR_CPUS=128 to nr_cpu_ids=1.
[STDOUT  ] 2017-10-12T20:11:16.824952869Z: [    0.000000] RCU: Adjusting geometry for rcu_fanout_leaf=64, nr_cpu_ids=1
[STDOUT  ] 2017-10-12T20:11:16.825177972Z: [    0.000000] NR_IRQS:8448 nr_irqs:256 16
[STDOUT  ] 2017-10-12T20:11:16.825385177Z: [    0.000000] Console: colour VGA+ 80x25
[STDOUT  ] 2017-10-12T20:11:16.82571141Z: [    0.000000] console [ttyS0] enabled
[STDOUT  ] 2017-10-12T20:11:16.829193722Z: [    0.000000] clocksource: hpet: mask: 0xffffffff max_cycles: 0xffffffff, max_idle_ns: 19112604467 ns
[STDOUT  ] 2017-10-12T20:11:16.871943873Z: [    0.000000] tsc: Fast TSC calibration using PIT
[STDOUT  ] 2017-10-12T20:11:16.872457132Z: [    0.000000] tsc: Detected 2298.014 MHz processor
[STDOUT  ] 2017-10-12T20:11:16.874795309Z: [    0.021326] Calibrating delay loop (skipped), value calculated using timer frequency.. 4596.02 BogoMIPS (lpj=22980140)
[STDOUT  ] 2017-10-12T20:11:16.87517185Z: [    0.022319] pid_max: default: 32768 minimum: 301
[STDOUT  ] 2017-10-12T20:11:16.875938975Z: [    0.023136] ACPI: Core revision 20160831
[STDOUT  ] 2017-10-12T20:11:16.919533471Z: [    0.068645] ACPI: 1 ACPI AML tables successfully acquired and loaded
[STDOUT  ] 2017-10-12T20:11:16.922633218Z: [    0.071897] Security Framework initialized
[STDOUT  ] 2017-10-12T20:11:16.922936565Z: [    0.072248] Yama: becoming mindful.
[STDOUT  ] 2017-10-12T20:11:16.925413619Z: [    0.074149] Mount-cache hash table entries: 2048 (order: 2, 16384 bytes)
[STDOUT  ] 2017-10-12T20:11:16.925946408Z: [    0.075022] Mountpoint-cache hash table entries: 2048 (order: 2, 16384 bytes)
[STDOUT  ] 2017-10-12T20:11:16.944598004Z: [    0.093801] Last level iTLB entries: 4KB 0, 2MB 0, 4MB 0
[STDOUT  ] 2017-10-12T20:11:16.944986671Z: [    0.094179] Last level dTLB entries: 4KB 0, 2MB 0, 4MB 0, 1GB 0
[STDOUT  ] 2017-10-12T20:11:17.25046476Z: [    0.399559] Freeing SMP alternatives memory: 20K
[STDOUT  ] 2017-10-12T20:11:17.258913114Z: [    0.407960] ftrace: allocating 35580 entries in 139 pages
[STDOUT  ] 2017-10-12T20:11:17.55748835Z: [    0.576394] smpboot: Max logical packages: 1
[STDOUT  ] 2017-10-12T20:11:17.563357561Z: [    0.582453] ..TIMER: vector=0x30 apic1=0 pin1=2 apic2=-1 pin2=-1
[STDOUT  ] 2017-10-12T20:11:17.781953356Z: [    0.690000] smpboot: CPU0: AMD QEMU Virtual CPU version 2.5+ (family: 0x6, model: 0x6, stepping: 0x3)
[STDOUT  ] 2017-10-12T20:11:17.783040253Z: [    0.690000] Performance Events: PMU not available due to virtualization, using software events only.
[STDOUT  ] 2017-10-12T20:11:17.801198428Z: [    0.699033] NMI watchdog: disabled (cpu0): hardware events not enabled
[STDOUT  ] 2017-10-12T20:11:17.801598184Z: [    0.700084] NMI watchdog: Shutting down hard lockup detector on all cpus
[STDOUT  ] 2017-10-12T20:11:17.803892468Z: [    0.702466] x86: Booted up 1 node, 1 CPUs
[STDOUT  ] 2017-10-12T20:11:17.804269217Z: [    0.702759] smpboot: Total of 1 processors activated (4596.02 BogoMIPS)
[STDOUT  ] 2017-10-12T20:11:17.817507552Z: [    0.715727] devtmpfs: initialized
[STDOUT  ] 2017-10-12T20:11:17.82206587Z: [    0.720681] x86/mm: Memory block size: 128MB
[STDOUT  ] 2017-10-12T20:11:17.883870729Z: [    0.782256] clocksource: jiffies: mask: 0xffffffff max_cycles: 0xffffffff, max_idle_ns: 19112604462750000 ns
[STDOUT  ] 2017-10-12T20:11:17.88435505Z: [    0.782903] futex hash table entries: 256 (order: 2, 16384 bytes)
[STDOUT  ] 2017-10-12T20:11:17.893186436Z: [    0.791756] NET: Registered protocol family 16
[STDOUT  ] 2017-10-12T20:11:17.902173751Z: [    0.800759] cpuidle: using governor ladder
[STDOUT  ] 2017-10-12T20:11:17.902524658Z: [    0.801118] cpuidle: using governor menu
[STDOUT  ] 2017-10-12T20:11:17.903533277Z: [    0.802113] ACPI: bus type PCI registered
[STDOUT  ] 2017-10-12T20:11:17.906361532Z: [    0.804769] PCI: MMCONFIG for domain 0000 [bus 00-ff] at [mem 0xb0000000-0xbfffffff] (base 0xb0000000)
[STDOUT  ] 2017-10-12T20:11:17.906843982Z: [    0.805345] PCI: MMCONFIG at [mem 0xb0000000-0xbfffffff] reserved in E820
[STDOUT  ] 2017-10-12T20:11:17.907995726Z: [    0.806536] PCI: Using configuration type 1 for base access
[STDOUT  ] 2017-10-12T20:11:17.961395301Z: [    0.859848] HugeTLB registered 2 MB page size, pre-allocated 0 pages
[STDOUT  ] 2017-10-12T20:11:17.971224631Z: [    0.869523] ACPI: Added _OSI(Module Device)
[STDOUT  ] 2017-10-12T20:11:17.971539465Z: [    0.870077] ACPI: Added _OSI(Processor Device)
[STDOUT  ] 2017-10-12T20:11:17.971752296Z: [    0.870285] ACPI: Added _OSI(3.0 _SCP Extensions)
[STDOUT  ] 2017-10-12T20:11:17.972020057Z: [    0.870498] ACPI: Added _OSI(Processor Aggregator Device)
[STDOUT  ] 2017-10-12T20:11:18.044631313Z: [    0.943230] ACPI: Interpreter enabled
[STDOUT  ] 2017-10-12T20:11:18.045320205Z: [    0.943960] ACPI: (supports S0 S5)
[STDOUT  ] 2017-10-12T20:11:18.045645492Z: [    0.944217] ACPI: Using IOAPIC for interrupt routing
[STDOUT  ] 2017-10-12T20:11:18.047486269Z: [    0.945873] PCI: Using host bridge windows from ACPI; if necessary, use "pci=nocrs" and report a bug
[STDOUT  ] 2017-10-12T20:11:18.117502116Z: [    1.010000] ACPI: PCI Root Bridge [PCI0] (domain 0000 [bus 00-ff])
[STDOUT  ] 2017-10-12T20:11:18.117560196Z: [    1.010000] acpi PNP0A08:00: _OSC: OS supports [ExtendedConfig ASPM ClockPM Segments MSI]
[STDOUT  ] 2017-10-12T20:11:18.122231694Z: [    1.020744] acpi PNP0A08:00: _OSC: OS now controls [PCIeHotplug PME PCIeCapability]
[STDOUT  ] 2017-10-12T20:11:18.127880646Z: [    1.026518] PCI host bridge to bus 0000:00
[STDOUT  ] 2017-10-12T20:11:18.128412349Z: [    1.026969] pci_bus 0000:00: root bus resource [io  0x0000-0x0cf7 window]
[STDOUT  ] 2017-10-12T20:11:18.128754935Z: [    1.027314] pci_bus 0000:00: root bus resource [io  0x0d00-0xffff window]
[STDOUT  ] 2017-10-12T20:11:18.129096243Z: [    1.027634] pci_bus 0000:00: root bus resource [mem 0x000a0000-0x000bffff window]
[STDOUT  ] 2017-10-12T20:11:18.129429907Z: [    1.027974] pci_bus 0000:00: root bus resource [mem 0xc0000000-0xfebfffff window]
[STDOUT  ] 2017-10-12T20:11:18.129894651Z: [    1.028488] pci_bus 0000:00: root bus resource [bus 00-ff]
[STDOUT  ] 2017-10-12T20:11:18.274677098Z: [    1.172206] pci 0000:00:1f.0: quirk: [io  0x0600-0x067f] claimed by ICH6 ACPI/GPIO/TCO
[STDOUT  ] 2017-10-12T20:11:18.332774472Z: [    1.231026] ACPI: PCI Interrupt Link [LNKA] (IRQs 5 *10 11)
[STDOUT  ] 2017-10-12T20:11:18.334448581Z: [    1.232937] ACPI: PCI Interrupt Link [LNKB] (IRQs 5 *10 11)
[STDOUT  ] 2017-10-12T20:11:18.336020477Z: [    1.234514] ACPI: PCI Interrupt Link [LNKC] (IRQs 5 10 *11)
[STDOUT  ] 2017-10-12T20:11:18.337608017Z: [    1.236079] ACPI: PCI Interrupt Link [LNKD] (IRQs 5 10 *11)
[STDOUT  ] 2017-10-12T20:11:18.339175458Z: [    1.237673] ACPI: PCI Interrupt Link [LNKE] (IRQs 5 *10 11)
[STDOUT  ] 2017-10-12T20:11:18.340747362Z: [    1.239247] ACPI: PCI Interrupt Link [LNKF] (IRQs 5 *10 11)
[STDOUT  ] 2017-10-12T20:11:18.342461484Z: [    1.240954] ACPI: PCI Interrupt Link [LNKG] (IRQs 5 10 *11)
[STDOUT  ] 2017-10-12T20:11:18.344049572Z: [    1.242570] ACPI: PCI Interrupt Link [LNKH] (IRQs 5 10 *11)
[STDOUT  ] 2017-10-12T20:11:18.344721403Z: [    1.243300] ACPI: PCI Interrupt Link [GSIA] (IRQs *16)
[STDOUT  ] 2017-10-12T20:11:18.345256259Z: [    1.243842] ACPI: PCI Interrupt Link [GSIB] (IRQs *17)
[STDOUT  ] 2017-10-12T20:11:18.345792821Z: [    1.244379] ACPI: PCI Interrupt Link [GSIC] (IRQs *18)
[STDOUT  ] 2017-10-12T20:11:18.346326894Z: [    1.244910] ACPI: PCI Interrupt Link [GSID] (IRQs *19)
[STDOUT  ] 2017-10-12T20:11:18.346856543Z: [    1.245444] ACPI: PCI Interrupt Link [GSIE] (IRQs *20)
[STDOUT  ] 2017-10-12T20:11:18.347825187Z: [    1.245974] ACPI: PCI Interrupt Link [GSIF] (IRQs *21)
[STDOUT  ] 2017-10-12T20:11:18.348355331Z: [    1.246940] ACPI: PCI Interrupt Link [GSIG] (IRQs *22)
[STDOUT  ] 2017-10-12T20:11:18.348886799Z: [    1.247476] ACPI: PCI Interrupt Link [GSIH] (IRQs *23)
[STDOUT  ] 2017-10-12T20:11:18.352358967Z: [    1.250921] ACPI: Enabled 2 GPEs in block 00 to 3F
[STDOUT  ] 2017-10-12T20:11:18.35632824Z: [    1.254997] SCSI subsystem initialized
[STDOUT  ] 2017-10-12T20:11:18.358145629Z: [    1.256798] ACPI: bus type USB registered
[STDOUT  ] 2017-10-12T20:11:18.359173383Z: [    1.257782] usbcore: registered new interface driver usbfs
[STDOUT  ] 2017-10-12T20:11:18.359954874Z: [    1.258567] usbcore: registered new interface driver hub
[STDOUT  ] 2017-10-12T20:11:18.360614823Z: [    1.259242] usbcore: registered new device driver usb
[STDOUT  ] 2017-10-12T20:11:18.361774278Z: [    1.260407] pps_core: LinuxPPS API ver. 1 registered
[STDOUT  ] 2017-10-12T20:11:18.362157649Z: [    1.260647] pps_core: Software ver. 5.3.6 - Copyright 2005-2007 Rodolfo Giometti <giometti@linux.it>
[STDOUT  ] 2017-10-12T20:11:18.362511621Z: [    1.261181] PTP clock support registered
[STDOUT  ] 2017-10-12T20:11:18.363550557Z: [    1.262251] wmi: Mapper loaded
[STDOUT  ] 2017-10-12T20:11:18.364546643Z: [    1.263206] PCI: Using ACPI for IRQ routing
[STDOUT  ] 2017-10-12T20:11:18.382400204Z: [    1.281010] NetLabel: Initializing
[STDOUT  ] 2017-10-12T20:11:18.382616986Z: [    1.281200] NetLabel:  domain hash size = 128
[STDOUT  ] 2017-10-12T20:11:18.382845488Z: [    1.281411] NetLabel:  protocols = UNLABELED CIPSOv4
[STDOUT  ] 2017-10-12T20:11:18.384588771Z: [    1.283123] NetLabel:  unlabeled traffic allowed by default
[STDOUT  ] 2017-10-12T20:11:18.385445807Z: [    1.283922] HPET: 3 timers in total, 0 timers will be used for per-cpu timer
[STDOUT  ] 2017-10-12T20:11:18.386129149Z: [    1.284522] hpet0: at MMIO 0xfed00000, IRQs 2, 8, 0
[STDOUT  ] 2017-10-12T20:11:18.386423031Z: [    1.284954] hpet0: 3 comparators, 64-bit 100.000000 MHz counter
[STDOUT  ] 2017-10-12T20:11:18.3915661Z: [    1.289511] clocksource: Switched to clocksource hpet
[STDOUT  ] 2017-10-12T20:11:18.658498422Z: [    1.547321] VFS: Disk quotas dquot_6.6.0
[STDOUT  ] 2017-10-12T20:11:18.659234497Z: [    1.547986] VFS: Dquot-cache hash table entries: 512 (order 0, 4096 bytes)
[STDOUT  ] 2017-10-12T20:11:18.661712096Z: [    1.550593] FS-Cache: Loaded
[STDOUT  ] 2017-10-12T20:11:18.666403908Z: [    1.555281] CacheFiles: Loaded
[STDOUT  ] 2017-10-12T20:11:18.667943504Z: [    1.556823] pnp: PnP ACPI init
[STDOUT  ] 2017-10-12T20:11:18.679008308Z: [    1.567845] pnp: PnP ACPI: found 5 devices
[STDOUT  ] 2017-10-12T20:11:18.727882399Z: [    1.616542] clocksource: acpi_pm: mask: 0xffffff max_cycles: 0xffffff, max_idle_ns: 2085701024 ns
[STDOUT  ] 2017-10-12T20:11:18.730244851Z: [    1.619054] NET: Registered protocol family 2
[STDOUT  ] 2017-10-12T20:11:18.737441432Z: [    1.626154] TCP established hash table entries: 8192 (order: 4, 65536 bytes)
[STDOUT  ] 2017-10-12T20:11:18.738000564Z: [    1.626763] TCP bind hash table entries: 8192 (order: 5, 131072 bytes)
[STDOUT  ] 2017-10-12T20:11:18.73852984Z: [    1.627303] TCP: Hash tables configured (established 8192 bind 8192)
[STDOUT  ] 2017-10-12T20:11:18.740282291Z: [    1.629065] UDP hash table entries: 512 (order: 2, 16384 bytes)
[STDOUT  ] 2017-10-12T20:11:18.740749305Z: [    1.629503] UDP-Lite hash table entries: 512 (order: 2, 16384 bytes)
[STDOUT  ] 2017-10-12T20:11:18.74299159Z: [    1.631821] NET: Registered protocol family 1
[STDOUT  ] 2017-10-12T20:11:18.743971996Z: [    1.632653] pci 0000:00:01.0: Video device with shadowed ROM at [mem 0x000c0000-0x000dffff]
[STDOUT  ] 2017-10-12T20:11:18.750380915Z: [    1.639246] Unpacking initramfs...
[STDOUT  ] 2017-10-12T20:11:22.48087079Z: [    5.369687] Freeing initrd memory: 29040K
[STDOUT  ] 2017-10-12T20:11:22.504020142Z: [    5.392808] PCLMULQDQ-NI instructions are not detected.
[STDOUT  ] 2017-10-12T20:11:22.505023923Z: [    5.393822] AVX or AES-NI instructions are not detected.
[STDOUT  ] 2017-10-12T20:11:22.505361947Z: [    5.394155] CPU feature 'AVX registers' is not supported.
[STDOUT  ] 2017-10-12T20:11:22.505654122Z: [    5.394459] CPU feature 'AVX registers' is not supported.
[STDOUT  ] 2017-10-12T20:11:22.505944582Z: [    5.394752] CPU feature 'AVX registers' is not supported.
[STDOUT  ] 2017-10-12T20:11:22.506231871Z: [    5.395039] CPU feature 'AVX registers' is not supported.
[STDOUT  ] 2017-10-12T20:11:22.506518188Z: [    5.395317] AVX2 or AES-NI instructions are not detected.
[STDOUT  ] 2017-10-12T20:11:22.506764361Z: [    5.395601] AVX2 instructions are not detected.
[STDOUT  ] 2017-10-12T20:11:22.512856377Z: [    5.401639] audit: initializing netlink subsys (disabled)
[STDOUT  ] 2017-10-12T20:11:22.514273297Z: [    5.403057] audit: type=2000 audit(1507839081.400:1): initialized
[STDOUT  ] 2017-10-12T20:11:22.520747336Z: [    5.409497] workingset: timestamp_bits=46 max_order=18 bucket_order=0
[STDOUT  ] 2017-10-12T20:11:22.525574158Z: [    5.414347] squashfs: version 4.0 (2009/01/31) Phillip Lougher
[STDOUT  ] 2017-10-12T20:11:22.528305012Z: [    5.417080] FS-Cache: Netfs 'cifs' registered for caching
[STDOUT  ] 2017-10-12T20:11:22.529007914Z: [    5.417862] fuse init (API version 7.26)
[STDOUT  ] 2017-10-12T20:11:22.531073175Z: [    5.419838] SGI XFS with ACLs, security attributes, no debug enabled
[STDOUT  ] 2017-10-12T20:11:22.537970398Z: [    5.426732] 9p: Installing v9fs 9p2000 file system support
[STDOUT  ] 2017-10-12T20:11:22.53833119Z: [    5.427126] FS-Cache: Netfs '9p' registered for caching
[STDOUT  ] 2017-10-12T20:11:22.569506975Z: [    5.458335] NET: Registered protocol family 38
[STDOUT  ] 2017-10-12T20:11:22.569954987Z: [    5.458795] Key type asymmetric registered
[STDOUT  ] 2017-10-12T20:11:22.570255409Z: [    5.459080] Asymmetric key parser 'x509' registered
[STDOUT  ] 2017-10-12T20:11:22.570969388Z: [    5.459699] Block layer SCSI generic (bsg) driver version 0.4 loaded (major 251)
[STDOUT  ] 2017-10-12T20:11:22.572800086Z: [    5.461638] io scheduler noop registered
[STDOUT  ] 2017-10-12T20:11:22.573106476Z: [    5.461900] io scheduler deadline registered (default)
[STDOUT  ] 2017-10-12T20:11:22.573608253Z: [    5.462462] io scheduler cfq registered
[STDOUT  ] 2017-10-12T20:11:22.576070281Z: [    5.464836] pci_hotplug: PCI Hot Plug PCI Core version: 0.5
[STDOUT  ] 2017-10-12T20:11:22.576545425Z: [    5.465302] pciehp: PCI Express Hot Plug Controller Driver version: 0.4
[STDOUT  ] 2017-10-12T20:11:22.57719931Z: [    5.465945] shpchp: Standard Hot Plug PCI Controller Driver version: 0.4
[STDOUT  ] 2017-10-12T20:11:22.577828385Z: [    5.466651] hv_vmbus: registering driver hyperv_fb
[STDOUT  ] 2017-10-12T20:11:22.580797043Z: [    5.469525] input: Power Button as /devices/LNXSYSTM:00/LNXPWRBN:00/input/input0
[STDOUT  ] 2017-10-12T20:11:22.58234996Z: [    5.471207] ACPI: Power Button [PWRF]
[STDOUT  ] 2017-10-12T20:11:22.586851579Z: [    5.475701] GHES: HEST is not enabled!
[STDOUT  ] 2017-10-12T20:11:22.598010709Z: [    5.486787] ACPI: PCI Interrupt Link [GSIG] enabled at IRQ 22
[STDOUT  ] 2017-10-12T20:11:22.60980787Z: [    5.498582] ACPI: PCI Interrupt Link [GSIH] enabled at IRQ 23
[STDOUT  ] 2017-10-12T20:11:22.613873768Z: [    5.502630] xenfs: not registering filesystem on non-xen platform
[STDOUT  ] 2017-10-12T20:11:22.615649775Z: [    5.504358] Serial: 8250/16550 driver, 4 ports, IRQ sharing disabled
[STDOUT  ] 2017-10-12T20:11:22.641799936Z: [    5.530518] 00:04: ttyS0 at I/O 0x3f8 (irq = 4, base_baud = 115200) is a 16550A
[STDOUT  ] 2017-10-12T20:11:22.651792057Z: [    5.540621] Non-volatile memory driver v1.3
[STDOUT  ] 2017-10-12T20:11:22.657640962Z: [    5.546235] Hangcheck: starting hangcheck timer 0.9.1 (tick is 180 seconds, margin is 60 seconds).
[STDOUT  ] 2017-10-12T20:11:22.661867702Z: [    5.550719] random: fast init done
[STDOUT  ] 2017-10-12T20:11:22.663005079Z: [    5.551866] random: crng init done
[STDOUT  ] 2017-10-12T20:11:22.698266495Z: [    5.587135] loop: module loaded
[STDOUT  ] 2017-10-12T20:11:22.713046366Z: [    5.601867] nbd: registered device at major 43
[STDOUT  ] 2017-10-12T20:11:22.753540646Z: [    5.642299] lpc_ich 0000:00:1f.0: I/O space for GPIO uninitialized
[STDOUT  ] 2017-10-12T20:11:22.754953971Z: [    5.643764] VMware PVSCSI driver - version 1.0.7.0-k
[STDOUT  ] 2017-10-12T20:11:22.755602038Z: [    5.644375] hv_vmbus: registering driver hv_storvsc
[STDOUT  ] 2017-10-12T20:11:22.765043093Z: [    5.653807] ACPI: PCI Interrupt Link [GSIA] enabled at IRQ 16
[STDOUT  ] 2017-10-12T20:11:22.770948944Z: [    5.659642] ahci 0000:00:1f.2: AHCI 0001.0000 32 slots 6 ports 1.5 Gbps 0x3f impl SATA mode
[STDOUT  ] 2017-10-12T20:11:22.771509422Z: [    5.660322] ahci 0000:00:1f.2: flags: 64bit ncq only 
[STDOUT  ] 2017-10-12T20:11:22.791035657Z: [    5.679917] scsi host0: ahci
[STDOUT  ] 2017-10-12T20:11:22.794810586Z: [    5.683671] scsi host1: ahci
[STDOUT  ] 2017-10-12T20:11:22.796928399Z: [    5.685791] scsi host2: ahci
[STDOUT  ] 2017-10-12T20:11:22.799016971Z: [    5.687900] scsi host3: ahci
[STDOUT  ] 2017-10-12T20:11:22.801095965Z: [    5.689982] scsi host4: ahci
[STDOUT  ] 2017-10-12T20:11:22.80341485Z: [    5.692294] scsi host5: ahci
[STDOUT  ] 2017-10-12T20:11:22.805278307Z: [    5.693988] ata1: SATA max UDMA/133 abar m4096@0xfebd2000 port 0xfebd2100 irq 24
[STDOUT  ] 2017-10-12T20:11:22.805659375Z: [    5.694384] ata2: SATA max UDMA/133 abar m4096@0xfebd2000 port 0xfebd2180 irq 24
[STDOUT  ] 2017-10-12T20:11:22.805975871Z: [    5.694707] ata3: SATA max UDMA/133 abar m4096@0xfebd2000 port 0xfebd2200 irq 24
[STDOUT  ] 2017-10-12T20:11:22.806293097Z: [    5.695023] ata4: SATA max UDMA/133 abar m4096@0xfebd2000 port 0xfebd2280 irq 24
[STDOUT  ] 2017-10-12T20:11:22.806605782Z: [    5.695342] ata5: SATA max UDMA/133 abar m4096@0xfebd2000 port 0xfebd2300 irq 24
[STDOUT  ] 2017-10-12T20:11:22.806924249Z: [    5.695654] ata6: SATA max UDMA/133 abar m4096@0xfebd2000 port 0xfebd2380 irq 24
[STDOUT  ] 2017-10-12T20:11:22.818947962Z: [    5.707751] tun: Universal TUN/TAP device driver, 1.6
[STDOUT  ] 2017-10-12T20:11:22.819230904Z: [    5.708002] tun: (C) 1999-2004 Max Krasnyansky <maxk@qualcomm.com>
[STDOUT  ] 2017-10-12T20:11:22.829897731Z: [    5.718636] VMware vmxnet3 virtual NIC driver - version 1.4.a.0-k-NAPI
[STDOUT  ] 2017-10-12T20:11:22.830500365Z: [    5.719324] hv_vmbus: registering driver hv_netvsc
[STDOUT  ] 2017-10-12T20:11:22.830733954Z: [    5.719585] Fusion MPT base driver 3.04.20
[STDOUT  ] 2017-10-12T20:11:22.830960423Z: [    5.719785] Copyright (c) 1999-2008 LSI Corporation
[STDOUT  ] 2017-10-12T20:11:22.831684125Z: [    5.720516] Fusion MPT SPI Host driver 3.04.20
[STDOUT  ] 2017-10-12T20:11:22.833704381Z: [    5.722406] i8042: PNP: PS/2 Controller [PNP0303:KBD,PNP0f13:MOU] at 0x60,0x64 irq 1,12
[STDOUT  ] 2017-10-12T20:11:22.837235769Z: [    5.726047] serio: i8042 KBD port at 0x60,0x64 irq 1
[STDOUT  ] 2017-10-12T20:11:22.83781388Z: [    5.726592] serio: i8042 AUX port at 0x60,0x64 irq 12
[STDOUT  ] 2017-10-12T20:11:22.840652255Z: [    5.729408] hv_vmbus: registering driver hyperv_keyboard
[STDOUT  ] 2017-10-12T20:11:22.842956128Z: [    5.731713] mousedev: PS/2 mouse device common for all mice
[STDOUT  ] 2017-10-12T20:11:22.847690561Z: [    5.736341] input: AT Translated Set 2 keyboard as /devices/platform/i8042/serio0/input/input1
[STDOUT  ] 2017-10-12T20:11:22.850198802Z: [    5.738942] input: PC Speaker as /devices/platform/pcspkr/input/input2
[STDOUT  ] 2017-10-12T20:11:22.853635274Z: [    5.742452] rtc_cmos 00:00: RTC can wake from S4
[STDOUT  ] 2017-10-12T20:11:22.856719564Z: [    5.745483] rtc_cmos 00:00: rtc core: registered rtc_cmos as rtc0
[STDOUT  ] 2017-10-12T20:11:22.857855379Z: [    5.746579] rtc_cmos 00:00: alarms up to one day, y3k, 114 bytes nvram, hpet irqs
[STDOUT  ] 2017-10-12T20:11:22.858259982Z: [    5.747117] i2c /dev entries driver
[STDOUT  ] 2017-10-12T20:11:22.860176297Z: [    5.748852] device-mapper: ioctl: 4.35.0-ioctl (2016-06-23) initialised: dm-devel@redhat.com
[STDOUT  ] 2017-10-12T20:11:22.864544061Z: [    5.753314] usbcore: registered new interface driver usbhid
[STDOUT  ] 2017-10-12T20:11:22.864783453Z: [    5.753601] usbhid: USB HID core driver
[STDOUT  ] 2017-10-12T20:11:22.865347317Z: [    5.754085] hv_utils: Registering HyperV Utility Driver
[STDOUT  ] 2017-10-12T20:11:22.865539433Z: [    5.754335] hv_vmbus: registering driver hv_util
[STDOUT  ] 2017-10-12T20:11:22.865766182Z: [    5.754556] hv_vmbus: registering driver hv_balloon
[STDOUT  ] 2017-10-12T20:11:22.866147028Z: [    5.754962] oprofile: using NMI interrupt.
[STDOUT  ] 2017-10-12T20:11:22.867041094Z: [    5.755883] GACT probability on
[STDOUT  ] 2017-10-12T20:11:22.867454129Z: [    5.756254] Mirror/redirect action on
[STDOUT  ] 2017-10-12T20:11:22.868190223Z: [    5.757028] Simple TC action Loaded
[STDOUT  ] 2017-10-12T20:11:22.868664415Z: [    5.757530] u32 classifier
[STDOUT  ] 2017-10-12T20:11:22.868852581Z: [    5.757678]     Performance counters on
[STDOUT  ] 2017-10-12T20:11:22.869028542Z: [    5.757866]     input device check on
[STDOUT  ] 2017-10-12T20:11:22.869199574Z: [    5.758042]     Actions configured
[STDOUT  ] 2017-10-12T20:11:22.869720063Z: [    5.758519] Netfilter messages via NETLINK v0.30.
[STDOUT  ] 2017-10-12T20:11:22.870163245Z: [    5.758956] nfnl_acct: registering with nfnetlink.
[STDOUT  ] 2017-10-12T20:11:22.871696772Z: [    5.760468] nf_conntrack version 0.5.0 (8192 buckets, 32768 max)
[STDOUT  ] 2017-10-12T20:11:22.874748659Z: [    5.763512] ctnetlink v0.93: registering with nfnetlink.
[STDOUT  ] 2017-10-12T20:11:22.877715603Z: [    5.766462] nf_tables: (c) 2007-2009 Patrick McHardy <kaber@trash.net>
[STDOUT  ] 2017-10-12T20:11:22.878422043Z: [    5.767161] nf_tables_compat: (c) 2012 Pablo Neira Ayuso <pablo@netfilter.org>
[STDOUT  ] 2017-10-12T20:11:22.880402174Z: [    5.769239] xt_time: kernel timezone is -0000
[STDOUT  ] 2017-10-12T20:11:22.880809395Z: [    5.769697] ip_set: protocol 6
[STDOUT  ] 2017-10-12T20:11:22.881669342Z: [    5.770438] IPVS: Registered protocols (TCP, UDP, SCTP, AH, ESP)
[STDOUT  ] 2017-10-12T20:11:22.882228194Z: [    5.770954] IPVS: Connection hash table configured (size=4096, memory=64Kbytes)
[STDOUT  ] 2017-10-12T20:11:22.883604255Z: [    5.772433] IPVS: Creating netns size=2104 id=0
[STDOUT  ] 2017-10-12T20:11:22.886059284Z: [    5.774929] IPVS: ipvs loaded.
[STDOUT  ] 2017-10-12T20:11:22.886376755Z: [    5.775218] IPVS: [rr] scheduler registered.
[STDOUT  ] 2017-10-12T20:11:22.886639424Z: [    5.775482] IPVS: [wrr] scheduler registered.
[STDOUT  ] 2017-10-12T20:11:22.886845788Z: [    5.775691] IPVS: [lc] scheduler registered.
[STDOUT  ] 2017-10-12T20:11:22.887051224Z: [    5.775896] IPVS: [wlc] scheduler registered.
[STDOUT  ] 2017-10-12T20:11:22.887264128Z: [    5.776104] IPVS: [fo] scheduler registered.
[STDOUT  ] 2017-10-12T20:11:22.887530052Z: [    5.776316] IPVS: [ovf] scheduler registered.
[STDOUT  ] 2017-10-12T20:11:22.887867795Z: [    5.776704] IPVS: [lblc] scheduler registered.
[STDOUT  ] 2017-10-12T20:11:22.888203821Z: [    5.777029] IPVS: [lblcr] scheduler registered.
[STDOUT  ] 2017-10-12T20:11:22.888427766Z: [    5.777276] IPVS: [dh] scheduler registered.
[STDOUT  ] 2017-10-12T20:11:22.888669093Z: [    5.777484] IPVS: [sh] scheduler registered.
[STDOUT  ] 2017-10-12T20:11:22.888880697Z: [    5.777726] IPVS: [sed] scheduler registered.
[STDOUT  ] 2017-10-12T20:11:22.889109217Z: [    5.777934] IPVS: [nq] scheduler registered.
[STDOUT  ] 2017-10-12T20:11:22.889755247Z: [    5.778562] IPVS: ftp: loaded support on port[0] = 21
[STDOUT  ] 2017-10-12T20:11:22.890519777Z: [    5.779317] ipip: IPv4 and MPLS over IPv4 tunneling driver
[STDOUT  ] 2017-10-12T20:11:22.894622033Z: [    5.783431] gre: GRE over IPv4 demultiplexor driver
[STDOUT  ] 2017-10-12T20:11:22.897194428Z: [    5.785960] ip_tables: (C) 2000-2006 Netfilter Core Team
[STDOUT  ] 2017-10-12T20:11:22.900323856Z: [    5.788997] ipt_CLUSTERIP: ClusterIP Version 0.8 loaded successfully
[STDOUT  ] 2017-10-12T20:11:22.900857831Z: [    5.789651] arp_tables: arp_tables: (C) 2002 David S. Miller
[STDOUT  ] 2017-10-12T20:11:22.903263688Z: [    5.792083] NET: Registered protocol family 10
[STDOUT  ] 2017-10-12T20:11:22.91295414Z: [    5.801727] ip6_tables: (C) 2000-2006 Netfilter Core Team
[STDOUT  ] 2017-10-12T20:11:22.920452407Z: [    5.809273] NET: Registered protocol family 17
[STDOUT  ] 2017-10-12T20:11:22.921690546Z: [    5.810518] Bridge firewalling registered
[STDOUT  ] 2017-10-12T20:11:22.922117329Z: [    5.810979] Ebtables v2.0 registered
[STDOUT  ] 2017-10-12T20:11:22.923911965Z: [    5.812737] 8021q: 802.1Q VLAN Support v1.8
[STDOUT  ] 2017-10-12T20:11:22.925492966Z: [    5.814255] 9pnet: Installing 9P2000 support
[STDOUT  ] 2017-10-12T20:11:22.926732818Z: [    5.815568] Key type dns_resolver registered
[STDOUT  ] 2017-10-12T20:11:22.927566306Z: [    5.816314] microcode: AMD CPU family 0x6 not supported
[STDOUT  ] 2017-10-12T20:11:22.930916477Z: [    5.819760] registered taskstats version 1
[STDOUT  ] 2017-10-12T20:11:23.084143069Z: [    5.972963] Key type big_key registered
[STDOUT  ] 2017-10-12T20:11:23.146011872Z: [    6.034774] ata4: SATA link down (SStatus 0 SControl 300)
[STDOUT  ] 2017-10-12T20:11:23.148181395Z: [    6.036952] ata3: SATA link up 1.5 Gbps (SStatus 113 SControl 300)
[STDOUT  ] 2017-10-12T20:11:23.150561008Z: [    6.039330] ata2: SATA link up 1.5 Gbps (SStatus 113 SControl 300)
[STDOUT  ] 2017-10-12T20:11:23.152603184Z: [    6.041385] ata2.00: ATA-7: QEMU HARDDISK, 2.5+, max UDMA/100
[STDOUT  ] 2017-10-12T20:11:23.152944012Z: [    6.041690] ata2.00: 59240 sectors, multi 16: LBA48 NCQ (depth 31/32)
[STDOUT  ] 2017-10-12T20:11:23.153261107Z: [    6.042104] ata2.00: applying bridge limits
[STDOUT  ] 2017-10-12T20:11:23.154875781Z: [    6.043709] ata2.00: configured for UDMA/100
[STDOUT  ] 2017-10-12T20:11:23.155555856Z: [    6.044261] ata1: SATA link up 1.5 Gbps (SStatus 113 SControl 300)
[STDOUT  ] 2017-10-12T20:11:23.156085633Z: [    6.044859] ata1.00: ATA-7: QEMU HARDDISK, 2.5+, max UDMA/100
[STDOUT  ] 2017-10-12T20:11:23.156397121Z: [    6.045136] ata1.00: 409600 sectors, multi 16: LBA48 NCQ (depth 31/32)
[STDOUT  ] 2017-10-12T20:11:23.156600814Z: [    6.045442] ata1.00: applying bridge limits
[STDOUT  ] 2017-10-12T20:11:23.157066474Z: [    6.045895] ata1.00: configured for UDMA/100
[STDOUT  ] 2017-10-12T20:11:23.158738201Z: [    6.047519] ata5: SATA link down (SStatus 0 SControl 300)
[STDOUT  ] 2017-10-12T20:11:23.159425041Z: [    6.048216] ata6: SATA link down (SStatus 0 SControl 300)
[STDOUT  ] 2017-10-12T20:11:23.160001944Z: [    6.048774] ata3.00: ATAPI: QEMU DVD-ROM, 2.5+, max UDMA/100
[STDOUT  ] 2017-10-12T20:11:23.16023644Z: [    6.049089] ata3.00: applying bridge limits
[STDOUT  ] 2017-10-12T20:11:23.16074743Z: [    6.049587] ata3.00: configured for UDMA/100
[STDOUT  ] 2017-10-12T20:11:23.181353304Z: [    6.069905] scsi 0:0:0:0: Direct-Access     ATA      QEMU HARDDISK    2.5+ PQ: 0 ANSI: 5
[STDOUT  ] 2017-10-12T20:11:23.193169183Z: [    6.081937] sd 0:0:0:0: Attached scsi generic sg0 type 0
[STDOUT  ] 2017-10-12T20:11:23.196282677Z: [    6.085010] sd 0:0:0:0: [sda] 409600 512-byte logical blocks: (210 MB/200 MiB)
[STDOUT  ] 2017-10-12T20:11:23.200839207Z: [    6.089654] sd 0:0:0:0: [sda] Write Protect is off
[STDOUT  ] 2017-10-12T20:11:23.202295381Z: [    6.090958] sd 0:0:0:0: [sda] Write cache: enabled, read cache: enabled, doesn't support DPO or FUA
[STDOUT  ] 2017-10-12T20:11:23.203979557Z: [    6.092588] scsi 1:0:0:0: Direct-Access     ATA      QEMU HARDDISK    2.5+ PQ: 0 ANSI: 5
[STDOUT  ] 2017-10-12T20:11:23.207173099Z: [    6.095874] sd 1:0:0:0: [sdb] 59240 512-byte logical blocks: (30.3 MB/28.9 MiB)
[STDOUT  ] 2017-10-12T20:11:23.209641503Z: [    6.098455] sd 1:0:0:0: [sdb] Write Protect is off
[STDOUT  ] 2017-10-12T20:11:23.211869277Z: [    6.100507] sd 1:0:0:0: [sdb] Write cache: enabled, read cache: enabled, doesn't support DPO or FUA
[STDOUT  ] 2017-10-12T20:11:23.214338152Z: [    6.103113] sd 1:0:0:0: Attached scsi generic sg1 type 0
[STDOUT  ] 2017-10-12T20:11:23.226517093Z: [    6.115209] scsi 2:0:0:0: CD-ROM            QEMU     QEMU DVD-ROM     2.5+ PQ: 0 ANSI: 5
[STDOUT  ] 2017-10-12T20:11:23.244316004Z: [    6.133056] sr 2:0:0:0: [sr0] scsi3-mmc drive: 4x/4x cd/rw xa/form2 tray
[STDOUT  ] 2017-10-12T20:11:23.244815953Z: [    6.133545] cdrom: Uniform CD-ROM driver Revision: 3.20
[STDOUT  ] 2017-10-12T20:11:23.262008083Z: [    6.150815] sd 0:0:0:0: [sda] Attached SCSI disk
[STDOUT  ] 2017-10-12T20:11:23.262562005Z: [    6.151346] sr 2:0:0:0: Attached scsi generic sg2 type 5
[STDOUT  ] 2017-10-12T20:11:23.275237987Z: [    6.164017] sd 1:0:0:0: [sdb] Attached SCSI disk
[STDOUT  ] 2017-10-12T20:11:23.289510349Z: [    6.178346] Key type encrypted registered
[STDOUT  ] 2017-10-12T20:11:23.293953763Z: [    6.182652] rtc_cmos 00:00: setting system clock to 2017-10-12 20:11:23 UTC (1507839083)
[STDOUT  ] 2017-10-12T20:11:23.442829782Z: [    6.331620] Freeing unused kernel memory: 1380K
[STDOUT  ] 2017-10-12T20:11:23.44316434Z: [    6.331939] Write protecting the kernel read-only data: 12288k
[STDOUT  ] 2017-10-12T20:11:23.449188551Z: [    6.337999] Freeing unused kernel memory: 124K
[STDOUT  ] 2017-10-12T20:11:23.53742923Z: [    6.426212] Freeing unused kernel memory: 1392K
[STDOUT  ] 2017-10-12T20:11:23.538040209Z: [    6.426813] tsc: Refined TSC clocksource calibration: 2300.043 MHz
[STDOUT  ] 2017-10-12T20:11:23.538556973Z: [    6.427169] clocksource: tsc: mask: 0xffffffffffffffff max_cycles: 0x21275dec2d7, max_idle_ns: 440795269413 ns
[STDOUT  ] 2017-10-12T20:11:24.551736978Z: [    7.440508] clocksource: Switched to clocksource tsc
[STDOUT  ] 2017-10-12T20:11:29.662207776Z: 
[STDOUT  ] 2017-10-12T20:11:29.663437877Z: Welcome to LinuxKit
[STDOUT  ] 2017-10-12T20:11:29.663536506Z: 
[STDOUT  ] 2017-10-12T20:11:29.663807907Z:                         ##         .
[STDOUT  ] 2017-10-12T20:11:29.6640784Z:                   ## ## ##        ==
[STDOUT  ] 2017-10-12T20:11:29.664366655Z:                ## ## ## ## ##    ===
[STDOUT  ] 2017-10-12T20:11:29.664641657Z:            /"""""""""""""""""\___/ ===
[STDOUT  ] 2017-10-12T20:11:29.664931895Z:           {                       /  ===-
[STDOUT  ] 2017-10-12T20:11:29.665189351Z:            \______ O           __/
[STDOUT  ] 2017-10-12T20:11:29.665447712Z:              \    \         __/
[STDOUT  ] 2017-10-12T20:11:29.665683924Z:               \____\_______/
[STDOUT  ] 2017-10-12T20:11:29.66576426Z: 
[STDOUT  ] 2017-10-12T20:11:32.949767189Z: [   15.838607]  sda:
[STDOUT  ] 2017-10-12T20:11:33.002392925Z: [   15.891240]  sda:
[STDOUT  ] 2017-10-12T20:11:33.027149743Z: [   15.915977]  sda: sda1
[STDOUT  ] 2017-10-12T20:11:33.091845054Z: [   15.980680]  sda: sda1
[STDERR  ] 2017-10-12T20:11:55.447551554Z: main-loop: WARNING: I/O thread spun for 1000 iterations
[STDOUT  ] 2017-10-12T20:11:55.581613903Z: [   38.469594] EXT4-fs (sda1): couldn't mount as ext3 due to feature incompatibilities
[STDOUT  ] 2017-10-12T20:11:55.58792949Z: [   38.475974] EXT4-fs (sda1): couldn't mount as ext2 due to feature incompatibilities
[STDOUT  ] 2017-10-12T20:11:55.60983834Z: [   38.497929] EXT4-fs (sda1): mounted filesystem with ordered data mode. Opts: (null)
[STDOUT  ] 2017-10-12T20:11:57.186675473Z: /mnt is device /dev/sda1
[STDOUT  ] 2017-10-12T20:11:57.225503312Z: [   40.113790] extlinux: sending ioctl 4c05 to a partition!
[STDOUT  ] 2017-10-12T20:11:57.226222384Z: [   40.114568] extlinux: sending ioctl 4c03 to a partition!
[STDOUT  ] 2017-10-12T20:11:57.949560899Z: [   40.838212] umount: sending ioctl 4c01 to a partition!
[STDOUT  ] 2017-10-12T20:11:57.96916221Z: 1+0 records in
[STDOUT  ] 2017-10-12T20:11:57.969341238Z: 1+0 records out
[STDOUT  ] 2017-10-12T20:11:58.000236405Z: The bootable flag on partition 1 is enabled now.
[STDOUT  ] 2017-10-12T20:11:58.001706077Z: 
[STDOUT  ] 2017-10-12T20:11:58.002117126Z: The partition table has been altered.
[STDOUT  ] 2017-10-12T20:11:58.013033489Z: Calling ioctl() to re-read partition table.
[STDOUT  ] 2017-10-12T20:11:58.022685066Z: [   40.911431]  sda: sda1
[STDOUT  ] 2017-10-12T20:11:58.028240159Z: Syncing disks.
[STDOUT  ] 2017-10-12T20:12:29.554127947Z: [   72.442665] sd 1:0:0:0: [sdb] Synchronizing SCSI cache
[STDOUT  ] 2017-10-12T20:12:29.554881322Z: [   72.443532] sd 1:0:0:0: [sdb] Stopping disk
[STDOUT  ] 2017-10-12T20:12:29.555511106Z: [   72.444128] sd 0:0:0:0: [sda] Synchronizing SCSI cache
[STDOUT  ] 2017-10-12T20:12:29.555926387Z: [   72.444574] sd 0:0:0:0: [sda] Stopping disk
[STDOUT  ] 2017-10-12T20:12:29.558288587Z: [   72.446890] ACPI: Preparing to enter system sleep state S5
[STDOUT  ] 2017-10-12T20:12:29.559202266Z: [   72.447897] reboot: Power down
[STDERR  ] 2017-10-12T20:12:29.704510994Z: + linuxkit run qemu disk.qcow2
[STDERR  ] 2017-10-12T20:12:29.723886404Z: Using existing disk [disk.qcow2] format 
[STDOUT  ] 2017-10-12T20:12:35.191683866Z: [    0.000000] Linux version 4.9.54-linuxkit (root@e73ac76f2f14) (gcc version 6.3.0 (Alpine 6.3.0) ) #1 SMP Wed Oct 11 11:30:59 UTC 2017
[STDOUT  ] 2017-10-12T20:12:35.192129985Z: [    0.000000] Command line: BOOT_IMAGE=/kernel console=ttyS0 initrd=/initrd.img
[STDOUT  ] 2017-10-12T20:12:35.19250642Z: [    0.000000] x86/fpu: Legacy x87 FPU detected.
[STDOUT  ] 2017-10-12T20:12:35.192645539Z: [    0.000000] x86/fpu: Using 'eager' FPU context switches.
[STDOUT  ] 2017-10-12T20:12:35.19288793Z: [    0.000000] e820: BIOS-provided physical RAM map:
[STDOUT  ] 2017-10-12T20:12:35.19324239Z: [    0.000000] BIOS-e820: [mem 0x0000000000000000-0x000000000009fbff] usable
[STDOUT  ] 2017-10-12T20:12:35.193605292Z: [    0.000000] BIOS-e820: [mem 0x000000000009fc00-0x000000000009ffff] reserved
[STDOUT  ] 2017-10-12T20:12:35.193969837Z: [    0.000000] BIOS-e820: [mem 0x00000000000f0000-0x00000000000fffff] reserved
[STDOUT  ] 2017-10-12T20:12:35.194382451Z: [    0.000000] BIOS-e820: [mem 0x0000000000100000-0x000000003ffdefff] usable
[STDOUT  ] 2017-10-12T20:12:35.194739108Z: [    0.000000] BIOS-e820: [mem 0x000000003ffdf000-0x000000003fffffff] reserved
[STDOUT  ] 2017-10-12T20:12:35.19512314Z: [    0.000000] BIOS-e820: [mem 0x00000000b0000000-0x00000000bfffffff] reserved
[STDOUT  ] 2017-10-12T20:12:35.195497092Z: [    0.000000] BIOS-e820: [mem 0x00000000fed1c000-0x00000000fed1ffff] reserved
[STDOUT  ] 2017-10-12T20:12:35.195887572Z: [    0.000000] BIOS-e820: [mem 0x00000000fffc0000-0x00000000ffffffff] reserved
[STDOUT  ] 2017-10-12T20:12:35.196169455Z: [    0.000000] NX (Execute Disable) protection: active
[STDOUT  ] 2017-10-12T20:12:35.196341793Z: [    0.000000] SMBIOS 2.8 present.
[STDOUT  ] 2017-10-12T20:12:35.196650862Z: [    0.000000] e820: last_pfn = 0x3ffdf max_arch_pfn = 0x400000000
[STDOUT  ] 2017-10-12T20:12:35.197040811Z: [    0.000000] x86/PAT: Configuration [0-7]: WB  WC  UC- UC  WB  WC  UC- WT  
[STDOUT  ] 2017-10-12T20:12:35.197477185Z: [    0.000000] found SMP MP-table at [mem 0x000f6aa0-0x000f6aaf] mapped at [ffff98de800f6aa0]
[STDOUT  ] 2017-10-12T20:12:35.197730247Z: [    0.000000] RAMDISK: [mem 0x3e938000-0x3ffdefff]
[STDOUT  ] 2017-10-12T20:12:35.198049727Z: [    0.000000] ACPI: Early table checksum verification disabled
[STDOUT  ] 2017-10-12T20:12:35.198351683Z: [    0.000000] ACPI: RSDP 0x00000000000F68C0 000014 (v00 BOCHS )
[STDOUT  ] 2017-10-12T20:12:35.198787199Z: [    0.000000] ACPI: RSDT 0x000000003FFE2404 000034 (v01 BOCHS  BXPCRSDT 00000001 BXPC 00000001)
[STDOUT  ] 2017-10-12T20:12:35.199202669Z: [    0.000000] ACPI: FACP 0x000000003FFE22A4 000074 (v01 BOCHS  BXPCFACP 00000001 BXPC 00000001)
[STDOUT  ] 2017-10-12T20:12:35.199635878Z: [    0.000000] ACPI: DSDT 0x000000003FFE0040 002264 (v01 BOCHS  BXPCDSDT 00000001 BXPC 00000001)
[STDOUT  ] 2017-10-12T20:12:35.199868908Z: [    0.000000] ACPI: FACS 0x000000003FFE0000 000040
[STDOUT  ] 2017-10-12T20:12:35.20029098Z: [    0.000000] ACPI: APIC 0x000000003FFE2318 000078 (v01 BOCHS  BXPCAPIC 00000001 BXPC 00000001)
[STDOUT  ] 2017-10-12T20:12:35.200726013Z: [    0.000000] ACPI: HPET 0x000000003FFE2390 000038 (v01 BOCHS  BXPCHPET 00000001 BXPC 00000001)
[STDOUT  ] 2017-10-12T20:12:35.201154418Z: [    0.000000] ACPI: MCFG 0x000000003FFE23C8 00003C (v01 BOCHS  BXPCMCFG 00000001 BXPC 00000001)
[STDOUT  ] 2017-10-12T20:12:35.201311458Z: [    0.000000] Zone ranges:
[STDOUT  ] 2017-10-12T20:12:35.20161433Z: [    0.000000]   DMA      [mem 0x0000000000001000-0x0000000000ffffff]
[STDOUT  ] 2017-10-12T20:12:35.201928783Z: [    0.000000]   DMA32    [mem 0x0000000001000000-0x000000003ffdefff]
[STDOUT  ] 2017-10-12T20:12:35.202092133Z: [    0.000000]   Normal   empty
[STDOUT  ] 2017-10-12T20:12:35.202318021Z: [    0.000000] Movable zone start for each node
[STDOUT  ] 2017-10-12T20:12:35.202507534Z: [    0.000000] Early memory node ranges
[STDOUT  ] 2017-10-12T20:12:35.202828365Z: [    0.000000]   node   0: [mem 0x0000000000001000-0x000000000009efff]
[STDOUT  ] 2017-10-12T20:12:35.203148415Z: [    0.000000]   node   0: [mem 0x0000000000100000-0x000000003ffdefff]
[STDOUT  ] 2017-10-12T20:12:35.203507362Z: [    0.000000] Initmem setup node 0 [mem 0x0000000000001000-0x000000003ffdefff]
[STDOUT  ] 2017-10-12T20:12:35.203722596Z: [    0.000000] ACPI: PM-Timer IO Port: 0x608
[STDOUT  ] 2017-10-12T20:12:35.204021282Z: [    0.000000] ACPI: LAPIC_NMI (acpi_id[0xff] dfl dfl lint[0x1])
[STDOUT  ] 2017-10-12T20:12:35.204369767Z: [    0.000000] IOAPIC[0]: apic_id 0, version 32, address 0xfec00000, GSI 0-23
[STDOUT  ] 2017-10-12T20:12:35.204696799Z: [    0.000000] ACPI: INT_SRC_OVR (bus 0 bus_irq 0 global_irq 2 dfl dfl)
[STDOUT  ] 2017-10-12T20:12:35.205042253Z: [    0.000000] ACPI: INT_SRC_OVR (bus 0 bus_irq 5 global_irq 5 high level)
[STDOUT  ] 2017-10-12T20:12:35.205383748Z: [    0.000000] ACPI: INT_SRC_OVR (bus 0 bus_irq 9 global_irq 9 high level)
[STDOUT  ] 2017-10-12T20:12:35.205724503Z: [    0.000000] ACPI: INT_SRC_OVR (bus 0 bus_irq 10 global_irq 10 high level)
[STDOUT  ] 2017-10-12T20:12:35.206066023Z: [    0.000000] ACPI: INT_SRC_OVR (bus 0 bus_irq 11 global_irq 11 high level)
[STDOUT  ] 2017-10-12T20:12:35.206372141Z: [    0.000000] Using ACPI (MADT) for SMP configuration information
[STDOUT  ] 2017-10-12T20:12:35.206654109Z: [    0.000000] ACPI: HPET id: 0x8086a201 base: 0xfed00000
[STDOUT  ] 2017-10-12T20:12:35.20689472Z: [    0.000000] smpboot: Allowing 1 CPUs, 0 hotplug CPUs
[STDOUT  ] 2017-10-12T20:12:35.207320393Z: [    0.000000] e820: [mem 0x40000000-0xafffffff] available for PCI devices
[STDOUT  ] 2017-10-12T20:12:35.207637445Z: [    0.000000] Booting paravirtualized kernel on bare hardware
[STDOUT  ] 2017-10-12T20:12:35.208146415Z: [    0.000000] clocksource: refined-jiffies: mask: 0xffffffff max_cycles: 0xffffffff, max_idle_ns: 19112604462750000 ns
[STDOUT  ] 2017-10-12T20:12:35.208537895Z: [    0.000000] setup_percpu: NR_CPUS:128 nr_cpumask_bits:128 nr_cpu_ids:1 nr_node_ids:1
[STDOUT  ] 2017-10-12T20:12:35.208950114Z: [    0.000000] percpu: Embedded 35 pages/cpu @ffff98debe600000 s105240 r8192 d29928 u2097152
[STDOUT  ] 2017-10-12T20:12:35.209357257Z: [    0.000000] Built 1 zonelists in Zone order, mobility grouping on.  Total pages: 257896
[STDOUT  ] 2017-10-12T20:12:35.209759306Z: [    0.000000] Kernel command line: BOOT_IMAGE=/kernel console=ttyS0 initrd=/initrd.img
[STDOUT  ] 2017-10-12T20:12:35.210063304Z: [    0.000000] PID hash table entries: 4096 (order: 3, 32768 bytes)
[STDOUT  ] 2017-10-12T20:12:35.210429602Z: [    0.000000] Dentry cache hash table entries: 131072 (order: 8, 1048576 bytes)
[STDOUT  ] 2017-10-12T20:12:35.210778947Z: [    0.000000] Inode-cache hash table entries: 65536 (order: 7, 524288 bytes)
[STDOUT  ] 2017-10-12T20:12:35.211436939Z: [    0.000000] Memory: 990976K/1048052K available (8052K kernel code, 1367K rwdata, 2704K rodata, 1380K init, 568K bss, 57076K reserved, 0K cma-reserved)
[STDOUT  ] 2017-10-12T20:12:35.211656721Z: [    0.000000] Hierarchical RCU implementation.
[STDOUT  ] 2017-10-12T20:12:35.21193316Z: [    0.000000] 	Build-time adjustment of leaf fanout to 64.
[STDOUT  ] 2017-10-12T20:12:35.212255203Z: [    0.000000] 	RCU restricting CPUs from NR_CPUS=128 to nr_cpu_ids=1.
[STDOUT  ] 2017-10-12T20:12:35.2125983Z: [    0.000000] RCU: Adjusting geometry for rcu_fanout_leaf=64, nr_cpu_ids=1
[STDOUT  ] 2017-10-12T20:12:35.212802388Z: [    0.000000] NR_IRQS:8448 nr_irqs:256 16
[STDOUT  ] 2017-10-12T20:12:35.213001379Z: [    0.000000] Console: colour VGA+ 80x25
[STDOUT  ] 2017-10-12T20:12:35.213293663Z: [    0.000000] console [ttyS0] enabled
[STDOUT  ] 2017-10-12T20:12:35.216645184Z: [    0.000000] clocksource: hpet: mask: 0xffffffff max_cycles: 0xffffffff, max_idle_ns: 19112604467 ns
[STDOUT  ] 2017-10-12T20:12:35.260217935Z: [    0.000000] tsc: Fast TSC calibration using PIT
[STDOUT  ] 2017-10-12T20:12:35.260705968Z: [    0.000000] tsc: Detected 2300.110 MHz processor
[STDOUT  ] 2017-10-12T20:12:35.262909354Z: [    0.021321] Calibrating delay loop (skipped), value calculated using timer frequency.. 4600.22 BogoMIPS (lpj=23001100)
[STDOUT  ] 2017-10-12T20:12:35.263320848Z: [    0.022212] pid_max: default: 32768 minimum: 301
[STDOUT  ] 2017-10-12T20:12:35.264080936Z: [    0.023022] ACPI: Core revision 20160831
[STDOUT  ] 2017-10-12T20:12:35.306679885Z: [    0.068342] ACPI: 1 ACPI AML tables successfully acquired and loaded
[STDOUT  ] 2017-10-12T20:12:35.309889052Z: [    0.071665] Security Framework initialized
[STDOUT  ] 2017-10-12T20:12:35.310166366Z: [    0.072029] Yama: becoming mindful.
[STDOUT  ] 2017-10-12T20:12:35.312140886Z: [    0.073855] Mount-cache hash table entries: 2048 (order: 2, 16384 bytes)
[STDOUT  ] 2017-10-12T20:12:35.312583559Z: [    0.074274] Mountpoint-cache hash table entries: 2048 (order: 2, 16384 bytes)
[STDOUT  ] 2017-10-12T20:12:35.331146117Z: [    0.092853] Last level iTLB entries: 4KB 0, 2MB 0, 4MB 0
[STDOUT  ] 2017-10-12T20:12:35.331505149Z: [    0.093210] Last level dTLB entries: 4KB 0, 2MB 0, 4MB 0, 1GB 0
[STDOUT  ] 2017-10-12T20:12:35.631555923Z: [    0.393253] Freeing SMP alternatives memory: 20K
[STDOUT  ] 2017-10-12T20:12:35.640137277Z: [    0.401726] ftrace: allocating 35580 entries in 139 pages
[STDOUT  ] 2017-10-12T20:12:35.939938536Z: [    0.571477] smpboot: Max logical packages: 1
[STDOUT  ] 2017-10-12T20:12:35.944833265Z: [    0.576565] ..TIMER: vector=0x30 apic1=0 pin1=2 apic2=-1 pin2=-1
[STDOUT  ] 2017-10-12T20:12:36.159443995Z: [    0.680000] smpboot: CPU0: AMD QEMU Virtual CPU version 2.5+ (family: 0x6, model: 0x6, stepping: 0x3)
[STDOUT  ] 2017-10-12T20:12:36.16052962Z: [    0.680000] Performance Events: PMU not available due to virtualization, using software events only.
[STDOUT  ] 2017-10-12T20:12:36.175834791Z: [    0.686653] NMI watchdog: disabled (cpu0): hardware events not enabled
[STDOUT  ] 2017-10-12T20:12:36.176142186Z: [    0.686999] NMI watchdog: Shutting down hard lockup detector on all cpus
[STDOUT  ] 2017-10-12T20:12:36.17868417Z: [    0.689603] x86: Booted up 1 node, 1 CPUs
[STDOUT  ] 2017-10-12T20:12:36.179599402Z: [    0.690089] smpboot: Total of 1 processors activated (4600.22 BogoMIPS)
[STDOUT  ] 2017-10-12T20:12:36.193167551Z: [    0.704066] devtmpfs: initialized
[STDOUT  ] 2017-10-12T20:12:36.199098658Z: [    0.710192] x86/mm: Memory block size: 128MB
[STDOUT  ] 2017-10-12T20:12:36.262274894Z: [    0.773132] clocksource: jiffies: mask: 0xffffffff max_cycles: 0xffffffff, max_idle_ns: 19112604462750000 ns
[STDOUT  ] 2017-10-12T20:12:36.262762991Z: [    0.773801] futex hash table entries: 256 (order: 2, 16384 bytes)
[STDOUT  ] 2017-10-12T20:12:36.270438474Z: [    0.781443] NET: Registered protocol family 16
[STDOUT  ] 2017-10-12T20:12:36.279972079Z: [    0.791057] cpuidle: using governor ladder
[STDOUT  ] 2017-10-12T20:12:36.280310331Z: [    0.791412] cpuidle: using governor menu
[STDOUT  ] 2017-10-12T20:12:36.281404742Z: [    0.792498] ACPI: bus type PCI registered
[STDOUT  ] 2017-10-12T20:12:36.284273204Z: [    0.795118] PCI: MMCONFIG for domain 0000 [bus 00-ff] at [mem 0xb0000000-0xbfffffff] (base 0xb0000000)
[STDOUT  ] 2017-10-12T20:12:36.284720065Z: [    0.795721] PCI: MMCONFIG at [mem 0xb0000000-0xbfffffff] reserved in E820
[STDOUT  ] 2017-10-12T20:12:36.285865083Z: [    0.796859] PCI: Using configuration type 1 for base access
[STDOUT  ] 2017-10-12T20:12:36.339085267Z: [    0.850072] HugeTLB registered 2 MB page size, pre-allocated 0 pages
[STDOUT  ] 2017-10-12T20:12:36.348969163Z: [    0.860044] ACPI: Added _OSI(Module Device)
[STDOUT  ] 2017-10-12T20:12:36.349227149Z: [    0.860291] ACPI: Added _OSI(Processor Device)
[STDOUT  ] 2017-10-12T20:12:36.349455751Z: [    0.860512] ACPI: Added _OSI(3.0 _SCP Extensions)
[STDOUT  ] 2017-10-12T20:12:36.349706489Z: [    0.860741] ACPI: Added _OSI(Processor Aggregator Device)
[STDOUT  ] 2017-10-12T20:12:36.421709582Z: [    0.932792] ACPI: Interpreter enabled
[STDOUT  ] 2017-10-12T20:12:36.422396654Z: [    0.933522] ACPI: (supports S0 S5)
[STDOUT  ] 2017-10-12T20:12:36.422700301Z: [    0.933767] ACPI: Using IOAPIC for interrupt routing
[STDOUT  ] 2017-10-12T20:12:36.424501046Z: [    0.935405] PCI: Using host bridge windows from ACPI; if necessary, use "pci=nocrs" and report a bug
[STDOUT  ] 2017-10-12T20:12:36.486379425Z: [    0.997386] ACPI: PCI Root Bridge [PCI0] (domain 0000 [bus 00-ff])
[STDOUT  ] 2017-10-12T20:12:36.487231355Z: [    0.998190] acpi PNP0A08:00: _OSC: OS supports [ExtendedConfig ASPM ClockPM Segments MSI]
[STDOUT  ] 2017-10-12T20:12:36.492889983Z: [    1.003704] acpi PNP0A08:00: _OSC: OS now controls [PCIeHotplug PME PCIeCapability]
[STDOUT  ] 2017-10-12T20:12:36.496093743Z: [    1.007054] PCI host bridge to bus 0000:00
[STDOUT  ] 2017-10-12T20:12:36.496537564Z: [    1.007415] pci_bus 0000:00: root bus resource [io  0x0000-0x0cf7 window]
[STDOUT  ] 2017-10-12T20:12:36.496866625Z: [    1.007737] pci_bus 0000:00: root bus resource [io  0x0d00-0xffff window]
[STDOUT  ] 2017-10-12T20:12:36.49719851Z: [    1.008048] pci_bus 0000:00: root bus resource [mem 0x000a0000-0x000bffff window]
[STDOUT  ] 2017-10-12T20:12:36.49754968Z: [    1.008377] pci_bus 0000:00: root bus resource [mem 0xc0000000-0xfebfffff window]
[STDOUT  ] 2017-10-12T20:12:36.497942229Z: [    1.008863] pci_bus 0000:00: root bus resource [bus 00-ff]
[STDOUT  ] 2017-10-12T20:12:36.602076609Z: [    1.112201] pci 0000:00:1f.0: quirk: [io  0x0600-0x067f] claimed by ICH6 ACPI/GPIO/TCO
[STDOUT  ] 2017-10-12T20:12:36.689512019Z: [    1.199859] ACPI: PCI Interrupt Link [LNKA] (IRQs 5 *10 11)
[STDOUT  ] 2017-10-12T20:12:36.69193143Z: [    1.202429] ACPI: PCI Interrupt Link [LNKB] (IRQs 5 *10 11)
[STDOUT  ] 2017-10-12T20:12:36.694253279Z: [    1.204758] ACPI: PCI Interrupt Link [LNKC] (IRQs 5 10 *11)
[STDOUT  ] 2017-10-12T20:12:36.696489919Z: [    1.206991] ACPI: PCI Interrupt Link [LNKD] (IRQs 5 10 *11)
[STDOUT  ] 2017-10-12T20:12:36.698912927Z: [    1.209280] ACPI: PCI Interrupt Link [LNKE] (IRQs 5 *10 11)
[STDOUT  ] 2017-10-12T20:12:36.701264909Z: [    1.212196] ACPI: PCI Interrupt Link [LNKF] (IRQs 5 *10 11)
[STDOUT  ] 2017-10-12T20:12:36.702842989Z: [    1.213790] ACPI: PCI Interrupt Link [LNKG] (IRQs 5 10 *11)
[STDOUT  ] 2017-10-12T20:12:36.704414979Z: [    1.215360] ACPI: PCI Interrupt Link [LNKH] (IRQs 5 10 *11)
[STDOUT  ] 2017-10-12T20:12:36.705085679Z: [    1.216093] ACPI: PCI Interrupt Link [GSIA] (IRQs *16)
[STDOUT  ] 2017-10-12T20:12:36.705619346Z: [    1.216629] ACPI: PCI Interrupt Link [GSIB] (IRQs *17)
[STDOUT  ] 2017-10-12T20:12:36.706151413Z: [    1.217160] ACPI: PCI Interrupt Link [GSIC] (IRQs *18)
[STDOUT  ] 2017-10-12T20:12:36.706680933Z: [    1.217691] ACPI: PCI Interrupt Link [GSID] (IRQs *19)
[STDOUT  ] 2017-10-12T20:12:36.707209639Z: [    1.218220] ACPI: PCI Interrupt Link [GSIE] (IRQs *20)
[STDOUT  ] 2017-10-12T20:12:36.707784984Z: [    1.218792] ACPI: PCI Interrupt Link [GSIF] (IRQs *21)
[STDOUT  ] 2017-10-12T20:12:36.708314172Z: [    1.219326] ACPI: PCI Interrupt Link [GSIG] (IRQs *22)
[STDOUT  ] 2017-10-12T20:12:36.709022858Z: [    1.219877] ACPI: PCI Interrupt Link [GSIH] (IRQs *23)
[STDOUT  ] 2017-10-12T20:12:36.712508087Z: [    1.223333] ACPI: Enabled 2 GPEs in block 00 to 3F
[STDOUT  ] 2017-10-12T20:12:36.716957177Z: [    1.227872] SCSI subsystem initialized
[STDOUT  ] 2017-10-12T20:12:36.718845074Z: [    1.229655] ACPI: bus type USB registered
[STDOUT  ] 2017-10-12T20:12:36.719970732Z: [    1.230839] usbcore: registered new interface driver usbfs
[STDOUT  ] 2017-10-12T20:12:36.72075044Z: [    1.231623] usbcore: registered new interface driver hub
[STDOUT  ] 2017-10-12T20:12:36.721427211Z: [    1.232298] usbcore: registered new device driver usb
[STDOUT  ] 2017-10-12T20:12:36.72242984Z: [    1.233322] pps_core: LinuxPPS API ver. 1 registered
[STDOUT  ] 2017-10-12T20:12:36.722829813Z: [    1.233565] pps_core: Software ver. 5.3.6 - Copyright 2005-2007 Rodolfo Giometti <giometti@linux.it>
[STDOUT  ] 2017-10-12T20:12:36.723174339Z: [    1.234111] PTP clock support registered
[STDOUT  ] 2017-10-12T20:12:36.72419241Z: [    1.235157] wmi: Mapper loaded
[STDOUT  ] 2017-10-12T20:12:36.72519886Z: [    1.236115] PCI: Using ACPI for IRQ routing
[STDOUT  ] 2017-10-12T20:12:36.742993284Z: [    1.254099] NetLabel: Initializing
[STDOUT  ] 2017-10-12T20:12:36.743219547Z: [    1.254304] NetLabel:  domain hash size = 128
[STDOUT  ] 2017-10-12T20:12:36.74344505Z: [    1.254523] NetLabel:  protocols = UNLABELED CIPSOv4
[STDOUT  ] 2017-10-12T20:12:36.745177524Z: [    1.256215] NetLabel:  unlabeled traffic allowed by default
[STDOUT  ] 2017-10-12T20:12:36.746123735Z: [    1.257108] HPET: 3 timers in total, 0 timers will be used for per-cpu timer
[STDOUT  ] 2017-10-12T20:12:36.746795534Z: [    1.257711] hpet0: at MMIO 0xfed00000, IRQs 2, 8, 0
[STDOUT  ] 2017-10-12T20:12:36.747084193Z: [    1.258126] hpet0: 3 comparators, 64-bit 100.000000 MHz counter
[STDOUT  ] 2017-10-12T20:12:36.753208793Z: [    1.263497] clocksource: Switched to clocksource hpet
[STDOUT  ] 2017-10-12T20:12:37.025726967Z: [    1.532779] VFS: Disk quotas dquot_6.6.0
[STDOUT  ] 2017-10-12T20:12:37.026492881Z: [    1.533478] VFS: Dquot-cache hash table entries: 512 (order 0, 4096 bytes)
[STDOUT  ] 2017-10-12T20:12:37.028859877Z: [    1.535966] FS-Cache: Loaded
[STDOUT  ] 2017-10-12T20:12:37.034302253Z: [    1.541416] CacheFiles: Loaded
[STDOUT  ] 2017-10-12T20:12:37.035796644Z: [    1.542912] pnp: PnP ACPI init
[STDOUT  ] 2017-10-12T20:12:37.046778355Z: [    1.553853] pnp: PnP ACPI: found 5 devices
[STDOUT  ] 2017-10-12T20:12:37.095834604Z: [    1.602724] clocksource: acpi_pm: mask: 0xffffff max_cycles: 0xffffff, max_idle_ns: 2085701024 ns
[STDOUT  ] 2017-10-12T20:12:37.098207164Z: [    1.605277] NET: Registered protocol family 2
[STDOUT  ] 2017-10-12T20:12:37.105360923Z: [    1.612324] TCP established hash table entries: 8192 (order: 4, 65536 bytes)
[STDOUT  ] 2017-10-12T20:12:37.105922966Z: [    1.612916] TCP bind hash table entries: 8192 (order: 5, 131072 bytes)
[STDOUT  ] 2017-10-12T20:12:37.10645427Z: [    1.613454] TCP: Hash tables configured (established 8192 bind 8192)
[STDOUT  ] 2017-10-12T20:12:37.108246059Z: [    1.615265] UDP hash table entries: 512 (order: 2, 16384 bytes)
[STDOUT  ] 2017-10-12T20:12:37.108694514Z: [    1.615698] UDP-Lite hash table entries: 512 (order: 2, 16384 bytes)
[STDOUT  ] 2017-10-12T20:12:37.110754049Z: [    1.617822] NET: Registered protocol family 1
[STDOUT  ] 2017-10-12T20:12:37.111820164Z: [    1.618749] pci 0000:00:01.0: Video device with shadowed ROM at [mem 0x000c0000-0x000dffff]
[STDOUT  ] 2017-10-12T20:12:37.118551942Z: [    1.625652] Unpacking initramfs...
[STDOUT  ] 2017-10-12T20:12:40.117128977Z: [    4.624185] Freeing initrd memory: 23196K
[STDOUT  ] 2017-10-12T20:12:40.140215131Z: [    4.647233] PCLMULQDQ-NI instructions are not detected.
[STDOUT  ] 2017-10-12T20:12:40.141206911Z: [    4.648243] AVX or AES-NI instructions are not detected.
[STDOUT  ] 2017-10-12T20:12:40.141543417Z: [    4.648588] CPU feature 'AVX registers' is not supported.
[STDOUT  ] 2017-10-12T20:12:40.14183333Z: [    4.648875] CPU feature 'AVX registers' is not supported.
[STDOUT  ] 2017-10-12T20:12:40.14213341Z: [    4.649174] CPU feature 'AVX registers' is not supported.
[STDOUT  ] 2017-10-12T20:12:40.142430507Z: [    4.649462] CPU feature 'AVX registers' is not supported.
[STDOUT  ] 2017-10-12T20:12:40.142706384Z: [    4.649748] AVX2 or AES-NI instructions are not detected.
[STDOUT  ] 2017-10-12T20:12:40.142961991Z: [    4.650032] AVX2 instructions are not detected.
[STDOUT  ] 2017-10-12T20:12:40.148285391Z: [    4.655312] audit: initializing netlink subsys (disabled)
[STDOUT  ] 2017-10-12T20:12:40.152237718Z: [    4.659245] audit: type=2000 audit(1507839158.650:1): initialized
[STDOUT  ] 2017-10-12T20:12:40.159952683Z: [    4.666938] workingset: timestamp_bits=46 max_order=18 bucket_order=0
[STDOUT  ] 2017-10-12T20:12:40.165106446Z: [    4.672118] squashfs: version 4.0 (2009/01/31) Phillip Lougher
[STDOUT  ] 2017-10-12T20:12:40.167283287Z: [    4.674282] FS-Cache: Netfs 'cifs' registered for caching
[STDOUT  ] 2017-10-12T20:12:40.1680387Z: [    4.675112] fuse init (API version 7.26)
[STDOUT  ] 2017-10-12T20:12:40.170122677Z: [    4.677119] SGI XFS with ACLs, security attributes, no debug enabled
[STDOUT  ] 2017-10-12T20:12:40.174669903Z: [    4.681676] 9p: Installing v9fs 9p2000 file system support
[STDOUT  ] 2017-10-12T20:12:40.17505335Z: [    4.682082] FS-Cache: Netfs '9p' registered for caching
[STDOUT  ] 2017-10-12T20:12:40.209222002Z: [    4.716280] NET: Registered protocol family 38
[STDOUT  ] 2017-10-12T20:12:40.209671504Z: [    4.716749] Key type asymmetric registered
[STDOUT  ] 2017-10-12T20:12:40.209985346Z: [    4.717032] Asymmetric key parser 'x509' registered
[STDOUT  ] 2017-10-12T20:12:40.210701772Z: [    4.717668] Block layer SCSI generic (bsg) driver version 0.4 loaded (major 251)
[STDOUT  ] 2017-10-12T20:12:40.212195601Z: [    4.719279] io scheduler noop registered
[STDOUT  ] 2017-10-12T20:12:40.21251542Z: [    4.719540] io scheduler deadline registered (default)
[STDOUT  ] 2017-10-12T20:12:40.213074928Z: [    4.720094] io scheduler cfq registered
[STDOUT  ] 2017-10-12T20:12:40.216220974Z: [    4.723236] pci_hotplug: PCI Hot Plug PCI Core version: 0.5
[STDOUT  ] 2017-10-12T20:12:40.21670732Z: [    4.723701] pciehp: PCI Express Hot Plug Controller Driver version: 0.4
[STDOUT  ] 2017-10-12T20:12:40.217349871Z: [    4.724339] shpchp: Standard Hot Plug PCI Controller Driver version: 0.4
[STDOUT  ] 2017-10-12T20:12:40.218051641Z: [    4.725028] hv_vmbus: registering driver hyperv_fb
[STDOUT  ] 2017-10-12T20:12:40.220992906Z: [    4.727952] input: Power Button as /devices/LNXSYSTM:00/LNXPWRBN:00/input/input0
[STDOUT  ] 2017-10-12T20:12:40.221728584Z: [    4.728833] ACPI: Power Button [PWRF]
[STDOUT  ] 2017-10-12T20:12:40.226723862Z: [    4.733807] GHES: HEST is not enabled!
[STDOUT  ] 2017-10-12T20:12:40.240066118Z: [    4.740217] ACPI: PCI Interrupt Link [GSIG] enabled at IRQ 22
[STDOUT  ] 2017-10-12T20:12:40.25238755Z: [    4.759394] ACPI: PCI Interrupt Link [GSIH] enabled at IRQ 23
[STDOUT  ] 2017-10-12T20:12:40.256275453Z: [    4.763251] xenfs: not registering filesystem on non-xen platform
[STDOUT  ] 2017-10-12T20:12:40.258073649Z: [    4.765071] Serial: 8250/16550 driver, 4 ports, IRQ sharing disabled
[STDOUT  ] 2017-10-12T20:12:40.283771342Z: [    4.790731] 00:04: ttyS0 at I/O 0x3f8 (irq = 4, base_baud = 115200) is a 16550A
[STDOUT  ] 2017-10-12T20:12:40.293773057Z: [    4.800842] Non-volatile memory driver v1.3
[STDOUT  ] 2017-10-12T20:12:40.299703329Z: [    4.806533] Hangcheck: starting hangcheck timer 0.9.1 (tick is 180 seconds, margin is 60 seconds).
[STDOUT  ] 2017-10-12T20:12:40.303604252Z: [    4.810687] random: fast init done
[STDOUT  ] 2017-10-12T20:12:40.304730388Z: [    4.811838] random: crng init done
[STDOUT  ] 2017-10-12T20:12:40.340312846Z: [    4.847415] loop: module loaded
[STDOUT  ] 2017-10-12T20:12:40.355030444Z: [    4.862077] nbd: registered device at major 43
[STDOUT  ] 2017-10-12T20:12:40.395654285Z: [    4.902630] lpc_ich 0000:00:1f.0: I/O space for GPIO uninitialized
[STDOUT  ] 2017-10-12T20:12:40.397125456Z: [    4.904172] VMware PVSCSI driver - version 1.0.7.0-k
[STDOUT  ] 2017-10-12T20:12:40.3978052Z: [    4.904835] hv_vmbus: registering driver hv_storvsc
[STDOUT  ] 2017-10-12T20:12:40.407398218Z: [    4.914390] ACPI: PCI Interrupt Link [GSIA] enabled at IRQ 16
[STDOUT  ] 2017-10-12T20:12:40.41359075Z: [    4.920499] ahci 0000:00:1f.2: AHCI 0001.0000 32 slots 6 ports 1.5 Gbps 0x3f impl SATA mode
[STDOUT  ] 2017-10-12T20:12:40.413957168Z: [    4.921005] ahci 0000:00:1f.2: flags: 64bit ncq only 
[STDOUT  ] 2017-10-12T20:12:40.434635088Z: [    4.941750] scsi host0: ahci
[STDOUT  ] 2017-10-12T20:12:40.440542151Z: [    4.947104] scsi host1: ahci
[STDOUT  ] 2017-10-12T20:12:40.442412219Z: [    4.949530] scsi host2: ahci
[STDOUT  ] 2017-10-12T20:12:40.444763225Z: [    4.951878] scsi host3: ahci
[STDOUT  ] 2017-10-12T20:12:40.446842295Z: [    4.953962] scsi host4: ahci
[STDOUT  ] 2017-10-12T20:12:40.44893046Z: [    4.956052] scsi host5: ahci
[STDOUT  ] 2017-10-12T20:12:40.450781423Z: [    4.957723] ata1: SATA max UDMA/133 abar m4096@0xfebd2000 port 0xfebd2100 irq 24
[STDOUT  ] 2017-10-12T20:12:40.451173049Z: [    4.958143] ata2: SATA max UDMA/133 abar m4096@0xfebd2000 port 0xfebd2180 irq 24
[STDOUT  ] 2017-10-12T20:12:40.451489048Z: [    4.958461] ata3: SATA max UDMA/133 abar m4096@0xfebd2000 port 0xfebd2200 irq 24
[STDOUT  ] 2017-10-12T20:12:40.451813017Z: [    4.958777] ata4: SATA max UDMA/133 abar m4096@0xfebd2000 port 0xfebd2280 irq 24
[STDOUT  ] 2017-10-12T20:12:40.45212772Z: [    4.959099] ata5: SATA max UDMA/133 abar m4096@0xfebd2000 port 0xfebd2300 irq 24
[STDOUT  ] 2017-10-12T20:12:40.45244828Z: [    4.959415] ata6: SATA max UDMA/133 abar m4096@0xfebd2000 port 0xfebd2380 irq 24
[STDOUT  ] 2017-10-12T20:12:40.464935249Z: [    4.971971] tun: Universal TUN/TAP device driver, 1.6
[STDOUT  ] 2017-10-12T20:12:40.465216078Z: [    4.972226] tun: (C) 1999-2004 Max Krasnyansky <maxk@qualcomm.com>
[STDOUT  ] 2017-10-12T20:12:40.476171562Z: [    4.983159] VMware vmxnet3 virtual NIC driver - version 1.4.a.0-k-NAPI
[STDOUT  ] 2017-10-12T20:12:40.476782825Z: [    4.983839] hv_vmbus: registering driver hv_netvsc
[STDOUT  ] 2017-10-12T20:12:40.477012142Z: [    4.984098] Fusion MPT base driver 3.04.20
[STDOUT  ] 2017-10-12T20:12:40.477236043Z: [    4.984296] Copyright (c) 1999-2008 LSI Corporation
[STDOUT  ] 2017-10-12T20:12:40.477733862Z: [    4.984805] Fusion MPT SPI Host driver 3.04.20
[STDOUT  ] 2017-10-12T20:12:40.479756546Z: [    4.986683] i8042: PNP: PS/2 Controller [PNP0303:KBD,PNP0f13:MOU] at 0x60,0x64 irq 1,12
[STDOUT  ] 2017-10-12T20:12:40.483681634Z: [    4.990728] serio: i8042 KBD port at 0x60,0x64 irq 1
[STDOUT  ] 2017-10-12T20:12:40.484191863Z: [    4.991235] serio: i8042 AUX port at 0x60,0x64 irq 12
[STDOUT  ] 2017-10-12T20:12:40.486971608Z: [    4.994005] hv_vmbus: registering driver hyperv_keyboard
[STDOUT  ] 2017-10-12T20:12:40.488977998Z: [    4.995978] mousedev: PS/2 mouse device common for all mice
[STDOUT  ] 2017-10-12T20:12:40.493831414Z: [    5.000727] input: AT Translated Set 2 keyboard as /devices/platform/i8042/serio0/input/input1
[STDOUT  ] 2017-10-12T20:12:40.496306013Z: [    5.003295] input: PC Speaker as /devices/platform/pcspkr/input/input2
[STDOUT  ] 2017-10-12T20:12:40.49948843Z: [    5.006547] rtc_cmos 00:00: RTC can wake from S4
[STDOUT  ] 2017-10-12T20:12:40.503520376Z: [    5.010525] rtc_cmos 00:00: rtc core: registered rtc_cmos as rtc0
[STDOUT  ] 2017-10-12T20:12:40.504673161Z: [    5.011634] rtc_cmos 00:00: alarms up to one day, y3k, 114 bytes nvram, hpet irqs
[STDOUT  ] 2017-10-12T20:12:40.505065206Z: [    5.012173] i2c /dev entries driver
[STDOUT  ] 2017-10-12T20:12:40.506882341Z: [    5.013808] device-mapper: ioctl: 4.35.0-ioctl (2016-06-23) initialised: dm-devel@redhat.com
[STDOUT  ] 2017-10-12T20:12:40.510978119Z: [    5.017968] usbcore: registered new interface driver usbhid
[STDOUT  ] 2017-10-12T20:12:40.511178993Z: [    5.018267] usbhid: USB HID core driver
[STDOUT  ] 2017-10-12T20:12:40.511723661Z: [    5.018754] hv_utils: Registering HyperV Utility Driver
[STDOUT  ] 2017-10-12T20:12:40.51193194Z: [    5.018999] hv_vmbus: registering driver hv_util
[STDOUT  ] 2017-10-12T20:12:40.512162886Z: [    5.019222] hv_vmbus: registering driver hv_balloon
[STDOUT  ] 2017-10-12T20:12:40.512542359Z: [    5.019629] oprofile: using NMI interrupt.
[STDOUT  ] 2017-10-12T20:12:40.513644651Z: [    5.020757] GACT probability on
[STDOUT  ] 2017-10-12T20:12:40.514028962Z: [    5.021128] Mirror/redirect action on
[STDOUT  ] 2017-10-12T20:12:40.514791277Z: [    5.021898] Simple TC action Loaded
[STDOUT  ] 2017-10-12T20:12:40.515230175Z: [    5.022367] u32 classifier
[STDOUT  ] 2017-10-12T20:12:40.515415238Z: [    5.022512]     Performance counters on
[STDOUT  ] 2017-10-12T20:12:40.51559203Z: [    5.022698]     input device check on
[STDOUT  ] 2017-10-12T20:12:40.515759035Z: [    5.022875]     Actions configured
[STDOUT  ] 2017-10-12T20:12:40.516273436Z: [    5.023342] Netfilter messages via NETLINK v0.30.
[STDOUT  ] 2017-10-12T20:12:40.516749431Z: [    5.023810] nfnl_acct: registering with nfnetlink.
[STDOUT  ] 2017-10-12T20:12:40.517988272Z: [    5.025004] nf_conntrack version 0.5.0 (8192 buckets, 32768 max)
[STDOUT  ] 2017-10-12T20:12:40.521127016Z: [    5.028147] ctnetlink v0.93: registering with nfnetlink.
[STDOUT  ] 2017-10-12T20:12:40.524366749Z: [    5.031360] nf_tables: (c) 2007-2009 Patrick McHardy <kaber@trash.net>
[STDOUT  ] 2017-10-12T20:12:40.525071287Z: [    5.032046] nf_tables_compat: (c) 2012 Pablo Neira Ayuso <pablo@netfilter.org>
[STDOUT  ] 2017-10-12T20:12:40.527065343Z: [    5.034137] xt_time: kernel timezone is -0000
[STDOUT  ] 2017-10-12T20:12:40.527476933Z: [    5.034571] ip_set: protocol 6
[STDOUT  ] 2017-10-12T20:12:40.528128654Z: [    5.035146] IPVS: Registered protocols (TCP, UDP, SCTP, AH, ESP)
[STDOUT  ] 2017-10-12T20:12:40.528630537Z: [    5.035588] IPVS: Connection hash table configured (size=4096, memory=64Kbytes)
[STDOUT  ] 2017-10-12T20:12:40.530011891Z: [    5.037080] IPVS: Creating netns size=2104 id=0
[STDOUT  ] 2017-10-12T20:12:40.532483958Z: [    5.039577] IPVS: ipvs loaded.
[STDOUT  ] 2017-10-12T20:12:40.532797416Z: [    5.039876] IPVS: [rr] scheduler registered.
[STDOUT  ] 2017-10-12T20:12:40.533282444Z: [    5.040357] IPVS: [wrr] scheduler registered.
[STDOUT  ] 2017-10-12T20:12:40.53358065Z: [    5.040661] IPVS: [lc] scheduler registered.
[STDOUT  ] 2017-10-12T20:12:40.533789327Z: [    5.040870] IPVS: [wlc] scheduler registered.
[STDOUT  ] 2017-10-12T20:12:40.533997495Z: [    5.041077] IPVS: [fo] scheduler registered.
[STDOUT  ] 2017-10-12T20:12:40.534215505Z: [    5.041284] IPVS: [ovf] scheduler registered.
[STDOUT  ] 2017-10-12T20:12:40.534539081Z: [    5.041615] IPVS: [lblc] scheduler registered.
[STDOUT  ] 2017-10-12T20:12:40.534864607Z: [    5.041937] IPVS: [lblcr] scheduler registered.
[STDOUT  ] 2017-10-12T20:12:40.535089671Z: [    5.042172] IPVS: [dh] scheduler registered.
[STDOUT  ] 2017-10-12T20:12:40.535299162Z: [    5.042379] IPVS: [sh] scheduler registered.
[STDOUT  ] 2017-10-12T20:12:40.535542866Z: [    5.042589] IPVS: [sed] scheduler registered.
[STDOUT  ] 2017-10-12T20:12:40.535751689Z: [    5.042832] IPVS: [nq] scheduler registered.
[STDOUT  ] 2017-10-12T20:12:40.536351574Z: [    5.043408] IPVS: ftp: loaded support on port[0] = 21
[STDOUT  ] 2017-10-12T20:12:40.537123925Z: [    5.044157] ipip: IPv4 and MPLS over IPv4 tunneling driver
[STDOUT  ] 2017-10-12T20:12:40.540920106Z: [    5.047955] gre: GRE over IPv4 demultiplexor driver
[STDOUT  ] 2017-10-12T20:12:40.543923469Z: [    5.050914] ip_tables: (C) 2000-2006 Netfilter Core Team
[STDOUT  ] 2017-10-12T20:12:40.547000321Z: [    5.053968] ipt_CLUSTERIP: ClusterIP Version 0.8 loaded successfully
[STDOUT  ] 2017-10-12T20:12:40.547563239Z: [    5.054560] arp_tables: arp_tables: (C) 2002 David S. Miller
[STDOUT  ] 2017-10-12T20:12:40.549641521Z: [    5.056686] NET: Registered protocol family 10
[STDOUT  ] 2017-10-12T20:12:40.558818812Z: [    5.065829] ip6_tables: (C) 2000-2006 Netfilter Core Team
[STDOUT  ] 2017-10-12T20:12:40.56668495Z: [    5.073738] NET: Registered protocol family 17
[STDOUT  ] 2017-10-12T20:12:40.567607533Z: [    5.074690] Bridge firewalling registered
[STDOUT  ] 2017-10-12T20:12:40.568031583Z: [    5.075137] Ebtables v2.0 registered
[STDOUT  ] 2017-10-12T20:12:40.569818354Z: [    5.076882] 8021q: 802.1Q VLAN Support v1.8
[STDOUT  ] 2017-10-12T20:12:40.571101689Z: [    5.078175] 9pnet: Installing 9P2000 support
[STDOUT  ] 2017-10-12T20:12:40.572367667Z: [    5.079442] Key type dns_resolver registered
[STDOUT  ] 2017-10-12T20:12:40.573535647Z: [    5.080543] microcode: AMD CPU family 0x6 not supported
[STDOUT  ] 2017-10-12T20:12:40.577079284Z: [    5.084157] registered taskstats version 1
[STDOUT  ] 2017-10-12T20:12:40.732674571Z: [    5.239729] Key type big_key registered
[STDOUT  ] 2017-10-12T20:12:40.788107584Z: [    5.295103] ata2: SATA link down (SStatus 0 SControl 300)
[STDOUT  ] 2017-10-12T20:12:40.790250195Z: [    5.297262] ata1: SATA link up 1.5 Gbps (SStatus 113 SControl 300)
[STDOUT  ] 2017-10-12T20:12:40.794364078Z: [    5.301384] ata1.00: ATA-7: QEMU HARDDISK, 2.5+, max UDMA/100
[STDOUT  ] 2017-10-12T20:12:40.794696246Z: [    5.301696] ata1.00: 409600 sectors, multi 16: LBA48 NCQ (depth 31/32)
[STDOUT  ] 2017-10-12T20:12:40.795048336Z: [    5.302122] ata1.00: applying bridge limits
[STDOUT  ] 2017-10-12T20:12:40.797869029Z: [    5.304895] ata5: SATA link down (SStatus 0 SControl 300)
[STDOUT  ] 2017-10-12T20:12:40.798284554Z: [    5.305300] ata4: SATA link down (SStatus 0 SControl 300)
[STDOUT  ] 2017-10-12T20:12:40.798665592Z: [    5.305675] ata3: SATA link up 1.5 Gbps (SStatus 113 SControl 300)
[STDOUT  ] 2017-10-12T20:12:40.799309348Z: [    5.306323] ata3.00: ATAPI: QEMU DVD-ROM, 2.5+, max UDMA/100
[STDOUT  ] 2017-10-12T20:12:40.799560865Z: [    5.306635] ata3.00: applying bridge limits
[STDOUT  ] 2017-10-12T20:12:40.800453347Z: [    5.307525] ata3.00: configured for UDMA/100
[STDOUT  ] 2017-10-12T20:12:40.802355447Z: [    5.309426] ata1.00: configured for UDMA/100
[STDOUT  ] 2017-10-12T20:12:40.804426783Z: [    5.311433] ata6: SATA link down (SStatus 0 SControl 300)
[STDOUT  ] 2017-10-12T20:12:40.816901023Z: [    5.323813] scsi 0:0:0:0: Direct-Access     ATA      QEMU HARDDISK    2.5+ PQ: 0 ANSI: 5
[STDOUT  ] 2017-10-12T20:12:40.833619155Z: [    5.340626] sd 0:0:0:0: Attached scsi generic sg0 type 0
[STDOUT  ] 2017-10-12T20:12:40.836749802Z: [    5.343696] sd 0:0:0:0: [sda] 409600 512-byte logical blocks: (210 MB/200 MiB)
[STDOUT  ] 2017-10-12T20:12:40.840879238Z: [    5.347925] sd 0:0:0:0: [sda] Write Protect is off
[STDOUT  ] 2017-10-12T20:12:40.843537101Z: [    5.350472] scsi 2:0:0:0: CD-ROM            QEMU     QEMU DVD-ROM     2.5+ PQ: 0 ANSI: 5
[STDOUT  ] 2017-10-12T20:12:40.847323168Z: [    5.354224] sd 0:0:0:0: [sda] Write cache: enabled, read cache: enabled, doesn't support DPO or FUA
[STDOUT  ] 2017-10-12T20:12:40.865550309Z: [    5.372479] sr 2:0:0:0: [sr0] scsi3-mmc drive: 4x/4x cd/rw xa/form2 tray
[STDOUT  ] 2017-10-12T20:12:40.865963359Z: [    5.372996] cdrom: Uniform CD-ROM driver Revision: 3.20
[STDOUT  ] 2017-10-12T20:12:40.874803786Z: [    5.381810] sr 2:0:0:0: Attached scsi generic sg1 type 5
[STDOUT  ] 2017-10-12T20:12:40.879992015Z: [    5.387127]  sda: sda1
[STDOUT  ] 2017-10-12T20:12:40.895840286Z: [    5.402875] sd 0:0:0:0: [sda] Attached SCSI disk
[STDOUT  ] 2017-10-12T20:12:40.91826852Z: [    5.425338] Key type encrypted registered
[STDOUT  ] 2017-10-12T20:12:40.922691Z: [    5.429622] rtc_cmos 00:00: setting system clock to 2017-10-12 20:12:40 UTC (1507839160)
[STDOUT  ] 2017-10-12T20:12:41.07195199Z: [    5.578970] Freeing unused kernel memory: 1380K
[STDOUT  ] 2017-10-12T20:12:41.072316144Z: [    5.579310] Write protecting the kernel read-only data: 12288k
[STDOUT  ] 2017-10-12T20:12:41.077532112Z: [    5.584554] Freeing unused kernel memory: 124K
[STDOUT  ] 2017-10-12T20:12:41.18223917Z: [    5.689230] Freeing unused kernel memory: 1392K
[STDOUT  ] 2017-10-12T20:12:41.183128223Z: [    5.690034] tsc: Refined TSC clocksource calibration: 2300.043 MHz
[STDOUT  ] 2017-10-12T20:12:41.184064776Z: [    5.690914] clocksource: tsc: mask: 0xffffffffffffffff max_cycles: 0x21275dec2d7, max_idle_ns: 440795269413 ns
[STDOUT  ] 2017-10-12T20:12:42.20234938Z: [    6.709362] clocksource: Switched to clocksource tsc
[STDOUT  ] 2017-10-12T20:12:47.190501577Z: 
[STDOUT  ] 2017-10-12T20:12:47.19098671Z: Welcome to LinuxKit
[STDOUT  ] 2017-10-12T20:12:47.191080832Z: 
[STDOUT  ] 2017-10-12T20:12:47.191364423Z:                         ##         .
[STDOUT  ] 2017-10-12T20:12:47.191656131Z:                   ## ## ##        ==
[STDOUT  ] 2017-10-12T20:12:47.191951429Z:                ## ## ## ## ##    ===
[STDOUT  ] 2017-10-12T20:12:47.192236985Z:            /"""""""""""""""""\___/ ===
[STDOUT  ] 2017-10-12T20:12:47.193914832Z:           {                       /  ===-
[STDOUT  ] 2017-10-12T20:12:47.193944155Z:            \______ O           __/
[STDOUT  ] 2017-10-12T20:12:47.193957008Z:              \    \         __/
[STDOUT  ] 2017-10-12T20:12:47.193969932Z:               \____\_______/
[STDOUT  ] 2017-10-12T20:12:47.193983089Z: 
[STDOUT  ] 2017-10-12T20:13:19.274550863Z: [   43.781059] sd 0:0:0:0: [sda] Synchronizing SCSI cache
[STDOUT  ] 2017-10-12T20:13:19.275797809Z: [   43.782430] sd 0:0:0:0: [sda] Stopping disk
[STDOUT  ] 2017-10-12T20:13:19.278787933Z: [   43.785326] ACPI: Preparing to enter system sleep state S5
[STDOUT  ] 2017-10-12T20:13:19.279912208Z: [   43.786717] reboot: Power down
[STDERR  ] 2017-10-12T20:13:19.379587961Z: + exit 0
[STDERR  ] 2017-10-12T20:13:19.379647159Z: + clean_up
[STDERR  ] 2017-10-12T20:13:19.379660444Z: + find . -depth -iname run* -not -iname *.yml -exec rm -rf {} ;
[STDERR  ] 2017-10-12T20:13:19.394298681Z: + find . -depth -iname mkimage* -not -iname *.yml -exec rm -rf {} ;
[STDERR  ] 2017-10-12T20:13:19.411852226Z: + find . -depth -iname disk.qcow2* -not -iname *.yml -exec rm -rf {} ;
[STDERR  ] 2017-10-12T20:13:19.429056968Z: + rm -f tarball.img
[PASS    ] linuxkit.packages.mkimage 165.53s
