[INFO    ] 2017-10-12T19:52:49.975048594Z: Running Test linuxkit.packages.dhcpcd in /tmp/with_clone2240436f/test/cases/040_packages/004_dhcpcd
[INFO    ] 2017-10-12T19:52:49.975164725Z: Running command: [/bin/sh -x /tmp/with_clone2240436f/test/cases/040_packages/004_dhcpcd/test.sh]
[STDERR  ] 2017-10-12T19:52:49.975718604Z: + set -e
[STDERR  ] 2017-10-12T19:52:49.975831346Z: + . /tmp/with_clone2240436f/test/cases/_lib/lib.sh
[STDERR  ] 2017-10-12T19:52:49.975907464Z: + [ -f src/github.com/linuxkit/rtf/lib/lib.sh ]
[STDERR  ] 2017-10-12T19:52:49.97597969Z: + LINUXKIT_TMPDIR=/tmp/with_clone2240436f/test/cases/_tmp
[STDERR  ] 2017-10-12T19:52:49.976053396Z: + [ -f /tmp/with_clone2240436f/test/cases/_tmp/env.sh ]
[STDERR  ] 2017-10-12T19:52:49.976099938Z: + . /tmp/with_clone2240436f/test/cases/_tmp/env.sh
[STDERR  ] 2017-10-12T19:52:49.976167575Z: + export LINUXKIT_EXAMPLES_DIR=/tmp/with_clone2240436f/test/cases/../../examples
[STDERR  ] 2017-10-12T19:52:49.976220089Z: + export LINUXKIT_BLUEPRINTS_DIR=/tmp/with_clone2240436f/test/cases/../../blueprints
[STDERR  ] 2017-10-12T19:52:49.976257191Z: + RT_CANCEL=253
[STDERR  ] 2017-10-12T19:52:49.976306433Z: + NAME=dhcpcd
[STDERR  ] 2017-10-12T19:52:49.976359001Z: + trap clean_up EXIT
[STDERR  ] 2017-10-12T19:52:49.976433634Z: + moby build -format kernel+initrd -name dhcpcd test.yml
[STDERR  ] 2017-10-12T19:52:49.987900936Z: Extract kernel image: linuxkit/kernel:4.9.54
[STDERR  ] 2017-10-12T19:52:51.087521889Z: time="2017-10-12T19:52:51Z" level=warning msg="certificate with CN Rolf Neugebauer is near expiry" 
[STDERR  ] 2017-10-12T19:52:51.088540456Z: time="2017-10-12T19:52:51Z" level=warning msg="certificate with CN Moby CI is near expiry" 
[STDERR  ] 2017-10-12T19:52:51.110024497Z: time="2017-10-12T19:52:51Z" level=warning msg="certificate with CN Rolf Neugebauer is near expiry" 
[STDERR  ] 2017-10-12T19:52:55.470708012Z: Add init containers:
[STDERR  ] 2017-10-12T19:52:56.478444684Z: time="2017-10-12T19:52:56Z" level=warning msg="certificate with CN Moby CI is near expiry" 
[STDERR  ] 2017-10-12T19:52:56.478786366Z: time="2017-10-12T19:52:56Z" level=warning msg="certificate with CN Rolf Neugebauer is near expiry" 
[STDERR  ] 2017-10-12T19:52:56.483489019Z: time="2017-10-12T19:52:56Z" level=warning msg="certificate with CN Rolf Neugebauer is near expiry" 
[STDERR  ] 2017-10-12T19:52:58.766204181Z: time="2017-10-12T19:52:58Z" level=warning msg="certificate with CN Moby CI is near expiry" 
[STDERR  ] 2017-10-12T19:52:58.766525792Z: time="2017-10-12T19:52:58Z" level=warning msg="certificate with CN Rolf Neugebauer is near expiry" 
[STDERR  ] 2017-10-12T19:52:58.769971974Z: time="2017-10-12T19:52:58Z" level=warning msg="certificate with CN Rolf Neugebauer is near expiry" 
[STDERR  ] 2017-10-12T19:52:59.578954969Z: Add onboot containers:
[STDERR  ] 2017-10-12T19:52:59.579043803Z:   Create OCI config for linuxkit/dhcpcd:aa685261ceb2557990dcfe9dd8824c6b9ec416e2
[STDERR  ] 2017-10-12T19:53:00.575419433Z: time="2017-10-12T19:53:00Z" level=warning msg="certificate with CN Moby CI is near expiry" 
[STDERR  ] 2017-10-12T19:53:00.575735356Z: time="2017-10-12T19:53:00Z" level=warning msg="certificate with CN Rolf Neugebauer is near expiry" 
[STDERR  ] 2017-10-12T19:53:00.577469194Z: time="2017-10-12T19:53:00Z" level=warning msg="certificate with CN Rolf Neugebauer is near expiry" 
[STDERR  ] 2017-10-12T19:53:01.105292679Z:   Create OCI config for alpine:3.6
[STDERR  ] 2017-10-12T19:53:02.764845917Z:   Create OCI config for linuxkit/poweroff:ffd3f539a6f4e67d4cd4ff36503636de35edd7b2
[STDERR  ] 2017-10-12T19:53:03.824516682Z: time="2017-10-12T19:53:03Z" level=warning msg="certificate with CN Moby CI is near expiry" 
[STDERR  ] 2017-10-12T19:53:03.82485265Z: time="2017-10-12T19:53:03Z" level=warning msg="certificate with CN Rolf Neugebauer is near expiry" 
[STDERR  ] 2017-10-12T19:53:03.826292802Z: time="2017-10-12T19:53:03Z" level=warning msg="certificate with CN Rolf Neugebauer is near expiry" 
[STDERR  ] 2017-10-12T19:53:04.317943979Z: Add files:
[STDERR  ] 2017-10-12T19:53:04.31800254Z:   check.sh
[STDERR  ] 2017-10-12T19:53:04.31804145Z: Create outputs:
[STDERR  ] 2017-10-12T19:53:08.826016958Z:   dhcpcd-kernel dhcpcd-initrd.img dhcpcd-cmdline
[STDERR  ] 2017-10-12T19:53:09.074213683Z: + linuxkit run dhcpcd
[STDERR  ] 2017-10-12T19:53:39.674588662Z: + RESULT=[    0.000000] Linux version 4.9.54-linuxkit (root@e73ac76f2f14) (gcc version 6.3.0 (Alpine 6.3.0) ) #1 SMP Wed Oct 11 11:30:59 UTC 2017
[STDERR  ] 2017-10-12T19:53:39.674655731Z: [    0.000000] Command line: console=ttyS0 page_poison=1
[STDERR  ] 2017-10-12T19:53:39.674670298Z: [    0.000000] x86/fpu: Legacy x87 FPU detected.
[STDERR  ] 2017-10-12T19:53:39.674691286Z: [    0.000000] x86/fpu: Using 'eager' FPU context switches.
[STDERR  ] 2017-10-12T19:53:39.674704823Z: [    0.000000] e820: BIOS-provided physical RAM map:
[STDERR  ] 2017-10-12T19:53:39.67471845Z: [    0.000000] BIOS-e820: [mem 0x0000000000000000-0x000000000009fbff] usable
[STDERR  ] 2017-10-12T19:53:39.674731055Z: [    0.000000] BIOS-e820: [mem 0x000000000009fc00-0x000000000009ffff] reserved
[STDERR  ] 2017-10-12T19:53:39.674743597Z: [    0.000000] BIOS-e820: [mem 0x00000000000f0000-0x00000000000fffff] reserved
[STDERR  ] 2017-10-12T19:53:39.674755853Z: [    0.000000] BIOS-e820: [mem 0x0000000000100000-0x000000003ffdefff] usable
[STDERR  ] 2017-10-12T19:53:39.67476829Z: [    0.000000] BIOS-e820: [mem 0x000000003ffdf000-0x000000003fffffff] reserved
[STDERR  ] 2017-10-12T19:53:39.674780897Z: [    0.000000] BIOS-e820: [mem 0x00000000b0000000-0x00000000bfffffff] reserved
[STDERR  ] 2017-10-12T19:53:39.674794244Z: [    0.000000] BIOS-e820: [mem 0x00000000fed1c000-0x00000000fed1ffff] reserved
[STDERR  ] 2017-10-12T19:53:39.674807367Z: [    0.000000] BIOS-e820: [mem 0x00000000fffc0000-0x00000000ffffffff] reserved
[STDERR  ] 2017-10-12T19:53:39.674820151Z: [    0.000000] NX (Execute Disable) protection: active
[STDERR  ] 2017-10-12T19:53:39.674833119Z: [    0.000000] SMBIOS 2.8 present.
[STDERR  ] 2017-10-12T19:53:39.674846046Z: [    0.000000] e820: last_pfn = 0x3ffdf max_arch_pfn = 0x400000000
[STDERR  ] 2017-10-12T19:53:39.674859004Z: [    0.000000] x86/PAT: Configuration [0-7]: WB  WC  UC- UC  WB  WC  UC- WT  
[STDERR  ] 2017-10-12T19:53:39.674871669Z: [    0.000000] found SMP MP-table at [mem 0x000f6aa0-0x000f6aaf] mapped at [ffff8a2a400f6aa0]
[STDERR  ] 2017-10-12T19:53:39.674896826Z: [    0.000000] RAMDISK: [mem 0x3e648000-0x3ffcffff]
[STDERR  ] 2017-10-12T19:53:39.674909031Z: [    0.000000] ACPI: Early table checksum verification disabled
[STDERR  ] 2017-10-12T19:53:39.67492135Z: [    0.000000] ACPI: RSDP 0x00000000000F68C0 000014 (v00 BOCHS )
[STDERR  ] 2017-10-12T19:53:39.674933764Z: [    0.000000] ACPI: RSDT 0x000000003FFE2404 000034 (v01 BOCHS  BXPCRSDT 00000001 BXPC 00000001)
[STDERR  ] 2017-10-12T19:53:39.674946713Z: [    0.000000] ACPI: FACP 0x000000003FFE22A4 000074 (v01 BOCHS  BXPCFACP 00000001 BXPC 00000001)
[STDERR  ] 2017-10-12T19:53:39.674959071Z: [    0.000000] ACPI: DSDT 0x000000003FFE0040 002264 (v01 BOCHS  BXPCDSDT 00000001 BXPC 00000001)
[STDERR  ] 2017-10-12T19:53:39.674971104Z: [    0.000000] ACPI: FACS 0x000000003FFE0000 000040
[STDERR  ] 2017-10-12T19:53:39.674983713Z: [    0.000000] ACPI: APIC 0x000000003FFE2318 000078 (v01 BOCHS  BXPCAPIC 00000001 BXPC 00000001)
[STDERR  ] 2017-10-12T19:53:39.674996001Z: [    0.000000] ACPI: HPET 0x000000003FFE2390 000038 (v01 BOCHS  BXPCHPET 00000001 BXPC 00000001)
[STDERR  ] 2017-10-12T19:53:39.675008236Z: [    0.000000] ACPI: MCFG 0x000000003FFE23C8 00003C (v01 BOCHS  BXPCMCFG 00000001 BXPC 00000001)
[STDERR  ] 2017-10-12T19:53:39.675021383Z: [    0.000000] Zone ranges:
[STDERR  ] 2017-10-12T19:53:39.675033622Z: [    0.000000]   DMA      [mem 0x0000000000001000-0x0000000000ffffff]
[STDERR  ] 2017-10-12T19:53:39.675045642Z: [    0.000000]   DMA32    [mem 0x0000000001000000-0x000000003ffdefff]
[STDERR  ] 2017-10-12T19:53:39.67505758Z: [    0.000000]   Normal   empty
[STDERR  ] 2017-10-12T19:53:39.675069715Z: [    0.000000] Movable zone start for each node
[STDERR  ] 2017-10-12T19:53:39.675081774Z: [    0.000000] Early memory node ranges
[STDERR  ] 2017-10-12T19:53:39.675098856Z: [    0.000000]   node   0: [mem 0x0000000000001000-0x000000000009efff]
[STDERR  ] 2017-10-12T19:53:39.675110473Z: [    0.000000]   node   0: [mem 0x0000000000100000-0x000000003ffdefff]
[STDERR  ] 2017-10-12T19:53:39.67512177Z: [    0.000000] Initmem setup node 0 [mem 0x0000000000001000-0x000000003ffdefff]
[STDERR  ] 2017-10-12T19:53:39.675136371Z: [    0.000000] ACPI: PM-Timer IO Port: 0x608
[STDERR  ] 2017-10-12T19:53:39.675148434Z: [    0.000000] ACPI: LAPIC_NMI (acpi_id[0xff] dfl dfl lint[0x1])
[STDERR  ] 2017-10-12T19:53:39.675159919Z: [    0.000000] IOAPIC[0]: apic_id 0, version 32, address 0xfec00000, GSI 0-23
[STDERR  ] 2017-10-12T19:53:39.675171297Z: [    0.000000] ACPI: INT_SRC_OVR (bus 0 bus_irq 0 global_irq 2 dfl dfl)
[STDERR  ] 2017-10-12T19:53:39.675182715Z: [    0.000000] ACPI: INT_SRC_OVR (bus 0 bus_irq 5 global_irq 5 high level)
[STDERR  ] 2017-10-12T19:53:39.675196099Z: [    0.000000] ACPI: INT_SRC_OVR (bus 0 bus_irq 9 global_irq 9 high level)
[STDERR  ] 2017-10-12T19:53:39.675207614Z: [    0.000000] ACPI: INT_SRC_OVR (bus 0 bus_irq 10 global_irq 10 high level)
[STDERR  ] 2017-10-12T19:53:39.675218997Z: [    0.000000] ACPI: INT_SRC_OVR (bus 0 bus_irq 11 global_irq 11 high level)
[STDERR  ] 2017-10-12T19:53:39.675230492Z: [    0.000000] Using ACPI (MADT) for SMP configuration information
[STDERR  ] 2017-10-12T19:53:39.675242226Z: [    0.000000] ACPI: HPET id: 0x8086a201 base: 0xfed00000
[STDERR  ] 2017-10-12T19:53:39.675253651Z: [    0.000000] smpboot: Allowing 1 CPUs, 0 hotplug CPUs
[STDERR  ] 2017-10-12T19:53:39.67526553Z: [    0.000000] e820: [mem 0x40000000-0xafffffff] available for PCI devices
[STDERR  ] 2017-10-12T19:53:39.675277076Z: [    0.000000] Booting paravirtualized kernel on bare hardware
[STDERR  ] 2017-10-12T19:53:39.675289054Z: [    0.000000] clocksource: refined-jiffies: mask: 0xffffffff max_cycles: 0xffffffff, max_idle_ns: 19112604462750000 ns
[STDERR  ] 2017-10-12T19:53:39.675306344Z: [    0.000000] setup_percpu: NR_CPUS:128 nr_cpumask_bits:128 nr_cpu_ids:1 nr_node_ids:1
[STDERR  ] 2017-10-12T19:53:39.675318351Z: [    0.000000] percpu: Embedded 35 pages/cpu @ffff8a2a7e400000 s105240 r8192 d29928 u2097152
[STDERR  ] 2017-10-12T19:53:39.67533456Z: [    0.000000] Built 1 zonelists in Zone order, mobility grouping on.  Total pages: 257896
[STDERR  ] 2017-10-12T19:53:39.675346589Z: [    0.000000] Kernel command line: console=ttyS0 page_poison=1
[STDERR  ] 2017-10-12T19:53:39.675365438Z: [    0.000000] PID hash table entries: 4096 (order: 3, 32768 bytes)
[STDERR  ] 2017-10-12T19:53:39.67537633Z: [    0.000000] Dentry cache hash table entries: 131072 (order: 8, 1048576 bytes)
[STDERR  ] 2017-10-12T19:53:39.67538728Z: [    0.000000] Inode-cache hash table entries: 65536 (order: 7, 524288 bytes)
[STDERR  ] 2017-10-12T19:53:39.675398099Z: [    0.000000] Memory: 988028K/1048052K available (8052K kernel code, 1367K rwdata, 2704K rodata, 1380K init, 568K bss, 60024K reserved, 0K cma-reserved)
[STDERR  ] 2017-10-12T19:53:39.675415557Z: [    0.000000] Hierarchical RCU implementation.
[STDERR  ] 2017-10-12T19:53:39.675426461Z: [    0.000000] 	Build-time adjustment of leaf fanout to 64.
[STDERR  ] 2017-10-12T19:53:39.675437268Z: [    0.000000] 	RCU restricting CPUs from NR_CPUS=128 to nr_cpu_ids=1.
[STDERR  ] 2017-10-12T19:53:39.675447724Z: [    0.000000] RCU: Adjusting geometry for rcu_fanout_leaf=64, nr_cpu_ids=1
[STDERR  ] 2017-10-12T19:53:39.675458265Z: [    0.000000] NR_IRQS:8448 nr_irqs:256 16
[STDERR  ] 2017-10-12T19:53:39.675469152Z: [    0.000000] Console: colour VGA+ 80x25
[STDERR  ] 2017-10-12T19:53:39.675486295Z: [    0.000000] console [ttyS0] enabled
[STDERR  ] 2017-10-12T19:53:39.675497383Z: [    0.000000] allocated 2097152 bytes of page_ext
[STDERR  ] 2017-10-12T19:53:39.675508042Z: [    0.000000] clocksource: hpet: mask: 0xffffffff max_cycles: 0xffffffff, max_idle_ns: 19112604467 ns
[STDERR  ] 2017-10-12T19:53:39.675519492Z: [    0.000000] tsc: Fast TSC calibration using PIT
[STDERR  ] 2017-10-12T19:53:39.675530163Z: [    0.000000] tsc: Detected 2300.120 MHz processor
[STDERR  ] 2017-10-12T19:53:39.675545113Z: [    0.021311] Calibrating delay loop (skipped), value calculated using timer frequency.. 4600.24 BogoMIPS (lpj=23001200)
[STDERR  ] 2017-10-12T19:53:39.675556988Z: [    0.022333] pid_max: default: 32768 minimum: 301
[STDERR  ] 2017-10-12T19:53:39.675567554Z: [    0.023168] ACPI: Core revision 20160831
[STDERR  ] 2017-10-12T19:53:39.675578084Z: [    0.069121] ACPI: 1 ACPI AML tables successfully acquired and loaded
[STDERR  ] 2017-10-12T19:53:39.675588988Z: [    0.072406] Security Framework initialized
[STDERR  ] 2017-10-12T19:53:39.675600121Z: [    0.072794] Yama: becoming mindful.
[STDERR  ] 2017-10-12T19:53:39.675611348Z: [    0.074556] Mount-cache hash table entries: 2048 (order: 2, 16384 bytes)
[STDERR  ] 2017-10-12T19:53:39.675622696Z: [    0.075103] Mountpoint-cache hash table entries: 2048 (order: 2, 16384 bytes)
[STDERR  ] 2017-10-12T19:53:39.675633472Z: [    0.094327] Last level iTLB entries: 4KB 0, 2MB 0, 4MB 0
[STDERR  ] 2017-10-12T19:53:39.675644634Z: [    0.094687] Last level dTLB entries: 4KB 0, 2MB 0, 4MB 0, 1GB 0
[STDERR  ] 2017-10-12T19:53:39.675655722Z: [    0.393550] Freeing SMP alternatives memory: 20K
[STDERR  ] 2017-10-12T19:53:39.675666567Z: [    0.402034] ftrace: allocating 35580 entries in 139 pages
[STDERR  ] 2017-10-12T19:53:39.675677809Z: [    0.616555] smpboot: Max logical packages: 1
[STDERR  ] 2017-10-12T19:53:39.675689294Z: [    0.622475] ..TIMER: vector=0x30 apic1=0 pin1=2 apic2=-1 pin2=-1
[STDERR  ] 2017-10-12T19:53:39.67570089Z: [    0.730000] smpboot: CPU0: AMD QEMU Virtual CPU version 2.5+ (family: 0x6, model: 0x6, stepping: 0x3)
[STDERR  ] 2017-10-12T19:53:39.675712834Z: [    0.730000] Performance Events: PMU not available due to virtualization, using software events only.
[STDERR  ] 2017-10-12T19:53:39.675725022Z: [    0.737457] NMI watchdog: disabled (cpu0): hardware events not enabled
[STDERR  ] 2017-10-12T19:53:39.675747485Z: [    0.737865] NMI watchdog: Shutting down hard lockup detector on all cpus
[STDERR  ] 2017-10-12T19:53:39.67575843Z: [    0.740471] x86: Booted up 1 node, 1 CPUs
[STDERR  ] 2017-10-12T19:53:39.67576888Z: [    0.740764] smpboot: Total of 1 processors activated (4600.24 BogoMIPS)
[STDERR  ] 2017-10-12T19:53:39.675784507Z: [    0.754821] devtmpfs: initialized
[STDERR  ] 2017-10-12T19:53:39.675795448Z: [    0.759307] x86/mm: Memory block size: 128MB
[STDERR  ] 2017-10-12T19:53:39.675806915Z: [    0.822138] clocksource: jiffies: mask: 0xffffffff max_cycles: 0xffffffff, max_idle_ns: 19112604462750000 ns
[STDERR  ] 2017-10-12T19:53:39.675824711Z: [    0.822910] futex hash table entries: 256 (order: 2, 16384 bytes)
[STDERR  ] 2017-10-12T19:53:39.675837374Z: [    0.830976] NET: Registered protocol family 16
[STDERR  ] 2017-10-12T19:53:39.675847803Z: [    0.839867] cpuidle: using governor ladder
[STDERR  ] 2017-10-12T19:53:39.675859099Z: [    0.840189] cpuidle: using governor menu
[STDERR  ] 2017-10-12T19:53:39.675869604Z: [    0.841226] ACPI: bus type PCI registered
[STDERR  ] 2017-10-12T19:53:39.675880592Z: [    0.843827] PCI: MMCONFIG for domain 0000 [bus 00-ff] at [mem 0xb0000000-0xbfffffff] (base 0xb0000000)
[STDERR  ] 2017-10-12T19:53:39.67589262Z: [    0.844409] PCI: MMCONFIG at [mem 0xb0000000-0xbfffffff] reserved in E820
[STDERR  ] 2017-10-12T19:53:39.675903456Z: [    0.845569] PCI: Using configuration type 1 for base access
[STDERR  ] 2017-10-12T19:53:39.675914621Z: [    0.899124] HugeTLB registered 2 MB page size, pre-allocated 0 pages
[STDERR  ] 2017-10-12T19:53:39.675925858Z: [    0.911839] ACPI: Added _OSI(Module Device)
[STDERR  ] 2017-10-12T19:53:39.675937278Z: [    0.912131] ACPI: Added _OSI(Processor Device)
[STDERR  ] 2017-10-12T19:53:39.675948412Z: [    0.912402] ACPI: Added _OSI(3.0 _SCP Extensions)
[STDERR  ] 2017-10-12T19:53:39.675959584Z: [    0.912664] ACPI: Added _OSI(Processor Aggregator Device)
[STDERR  ] 2017-10-12T19:53:39.675978428Z: [    0.985533] ACPI: Interpreter enabled
[STDERR  ] 2017-10-12T19:53:39.675989487Z: [    0.986248] ACPI: (supports S0 S5)
[STDERR  ] 2017-10-12T19:53:39.676005027Z: [    0.986509] ACPI: Using IOAPIC for interrupt routing
[STDERR  ] 2017-10-12T19:53:39.676021216Z: [    0.988462] PCI: Using host bridge windows from ACPI; if necessary, use "pci=nocrs" and report a bug
[STDERR  ] 2017-10-12T19:53:39.67603837Z: [    1.055852] ACPI: PCI Root Bridge [PCI0] (domain 0000 [bus 00-ff])
[STDERR  ] 2017-10-12T19:53:39.676052135Z: [    1.056698] acpi PNP0A08:00: _OSC: OS supports [ExtendedConfig ASPM ClockPM Segments MSI]
[STDERR  ] 2017-10-12T19:53:39.676063501Z: [    1.062189] acpi PNP0A08:00: _OSC: OS now controls [PCIeHotplug PME PCIeCapability]
[STDERR  ] 2017-10-12T19:53:39.67607425Z: [    1.065672] PCI host bridge to bus 0000:00
[STDERR  ] 2017-10-12T19:53:39.676085443Z: [    1.066057] pci_bus 0000:00: root bus resource [io  0x0000-0x0cf7 window]
[STDERR  ] 2017-10-12T19:53:39.676095991Z: [    1.066446] pci_bus 0000:00: root bus resource [io  0x0d00-0xffff window]
[STDERR  ] 2017-10-12T19:53:39.676106772Z: [    1.066836] pci_bus 0000:00: root bus resource [mem 0x000a0000-0x000bffff window]
[STDERR  ] 2017-10-12T19:53:39.676117829Z: [    1.067252] pci_bus 0000:00: root bus resource [mem 0xc0000000-0xfebfffff window]
[STDERR  ] 2017-10-12T19:53:39.676128824Z: [    1.067780] pci_bus 0000:00: root bus resource [bus 00-ff]
[STDERR  ] 2017-10-12T19:53:39.67614082Z: [    1.172217] pci 0000:00:1f.0: quirk: [io  0x0600-0x067f] claimed by ICH6 ACPI/GPIO/TCO
[STDERR  ] 2017-10-12T19:53:39.67615239Z: [    1.268581] ACPI: PCI Interrupt Link [LNKA] (IRQs 5 *10 11)
[STDERR  ] 2017-10-12T19:53:39.676163207Z: [    1.271527] ACPI: PCI Interrupt Link [LNKB] (IRQs 5 *10 11)
[STDERR  ] 2017-10-12T19:53:39.676174625Z: [    1.273937] ACPI: PCI Interrupt Link [LNKC] (IRQs 5 10 *11)
[STDERR  ] 2017-10-12T19:53:39.676186522Z: [    1.276353] ACPI: PCI Interrupt Link [LNKD] (IRQs 5 10 *11)
[STDERR  ] 2017-10-12T19:53:39.676197621Z: [    1.278675] ACPI: PCI Interrupt Link [LNKE] (IRQs 5 *10 11)
[STDERR  ] 2017-10-12T19:53:39.6762161Z: [    1.281388] ACPI: PCI Interrupt Link [LNKF] (IRQs 5 *10 11)
[STDERR  ] 2017-10-12T19:53:39.676227294Z: [    1.283728] ACPI: PCI Interrupt Link [LNKG] (IRQs 5 10 *11)
[STDERR  ] 2017-10-12T19:53:39.676237287Z: [    1.286170] ACPI: PCI Interrupt Link [LNKH] (IRQs 5 10 *11)
[STDERR  ] 2017-10-12T19:53:39.676256743Z: [    1.287211] ACPI: PCI Interrupt Link [GSIA] (IRQs *16)
[STDERR  ] 2017-10-12T19:53:39.676268676Z: [    1.287969] ACPI: PCI Interrupt Link [GSIB] (IRQs *17)
[STDERR  ] 2017-10-12T19:53:39.676279806Z: [    1.288709] ACPI: PCI Interrupt Link [GSIC] (IRQs *18)
[STDERR  ] 2017-10-12T19:53:39.676290778Z: [    1.289459] ACPI: PCI Interrupt Link [GSID] (IRQs *19)
[STDERR  ] 2017-10-12T19:53:39.676302431Z: [    1.290326] ACPI: PCI Interrupt Link [GSIE] (IRQs *20)
[STDERR  ] 2017-10-12T19:53:39.676313441Z: [    1.291092] ACPI: PCI Interrupt Link [GSIF] (IRQs *21)
[STDERR  ] 2017-10-12T19:53:39.676323854Z: [    1.291825] ACPI: PCI Interrupt Link [GSIG] (IRQs *22)
[STDERR  ] 2017-10-12T19:53:39.676334422Z: [    1.292554] ACPI: PCI Interrupt Link [GSIH] (IRQs *23)
[STDERR  ] 2017-10-12T19:53:39.676345033Z: [    1.298025] ACPI: Enabled 2 GPEs in block 00 to 3F
[STDERR  ] 2017-10-12T19:53:39.676356159Z: [    1.304854] SCSI subsystem initialized
[STDERR  ] 2017-10-12T19:53:39.676367246Z: [    1.307844] ACPI: bus type USB registered
[STDERR  ] 2017-10-12T19:53:39.676378611Z: [    1.309353] usbcore: registered new interface driver usbfs
[STDERR  ] 2017-10-12T19:53:39.67638995Z: [    1.310825] usbcore: registered new interface driver hub
[STDERR  ] 2017-10-12T19:53:39.676401208Z: [    1.311788] usbcore: registered new device driver usb
[STDERR  ] 2017-10-12T19:53:39.676411792Z: [    1.313411] pps_core: LinuxPPS API ver. 1 registered
[STDERR  ] 2017-10-12T19:53:39.676422709Z: [    1.313758] pps_core: Software ver. 5.3.6 - Copyright 2005-2007 Rodolfo Giometti <giometti@linux.it>
[STDERR  ] 2017-10-12T19:53:39.676434028Z: [    1.314507] PTP clock support registered
[STDERR  ] 2017-10-12T19:53:39.676445228Z: [    1.316188] wmi: Mapper loaded
[STDERR  ] 2017-10-12T19:53:39.676456367Z: [    1.317730] PCI: Using ACPI for IRQ routing
[STDERR  ] 2017-10-12T19:53:39.676474768Z: [    1.348607] NetLabel: Initializing
[STDERR  ] 2017-10-12T19:53:39.676486592Z: [    1.348873] NetLabel:  domain hash size = 128
[STDERR  ] 2017-10-12T19:53:39.676497624Z: [    1.349143] NetLabel:  protocols = UNLABELED CIPSOv4
[STDERR  ] 2017-10-12T19:53:39.676508615Z: [    1.352100] NetLabel:  unlabeled traffic allowed by default
[STDERR  ] 2017-10-12T19:53:39.676526613Z: [    1.353448] HPET: 3 timers in total, 0 timers will be used for per-cpu timer
[STDERR  ] 2017-10-12T19:53:39.676538028Z: [    1.354318] hpet0: at MMIO 0xfed00000, IRQs 2, 8, 0
[STDERR  ] 2017-10-12T19:53:39.676549453Z: [    1.354870] hpet0: 3 comparators, 64-bit 100.000000 MHz counter
[STDERR  ] 2017-10-12T19:53:39.676560925Z: [    1.361324] clocksource: Switched to clocksource hpet
[STDERR  ] 2017-10-12T19:53:39.67657225Z: [    1.646445] VFS: Disk quotas dquot_6.6.0
[STDERR  ] 2017-10-12T19:53:39.676583541Z: [    1.647162] VFS: Dquot-cache hash table entries: 512 (order 0, 4096 bytes)
[STDERR  ] 2017-10-12T19:53:39.676595081Z: [    1.649703] FS-Cache: Loaded
[STDERR  ] 2017-10-12T19:53:39.676606443Z: [    1.654644] CacheFiles: Loaded
[STDERR  ] 2017-10-12T19:53:39.676617789Z: [    1.656236] pnp: PnP ACPI init
[STDERR  ] 2017-10-12T19:53:39.676629103Z: [    1.667264] pnp: PnP ACPI: found 5 devices
[STDERR  ] 2017-10-12T19:53:39.676640445Z: [    1.716624] clocksource: acpi_pm: mask: 0xffffff max_cycles: 0xffffff, max_idle_ns: 2085701024 ns
[STDERR  ] 2017-10-12T19:53:39.676652375Z: [    1.719360] NET: Registered protocol family 2
[STDERR  ] 2017-10-12T19:53:39.676663722Z: [    1.726547] TCP established hash table entries: 8192 (order: 4, 65536 bytes)
[STDERR  ] 2017-10-12T19:53:39.676675058Z: [    1.727255] TCP bind hash table entries: 8192 (order: 5, 131072 bytes)
[STDERR  ] 2017-10-12T19:53:39.676686464Z: [    1.727900] TCP: Hash tables configured (established 8192 bind 8192)
[STDERR  ] 2017-10-12T19:53:39.676697665Z: [    1.729811] UDP hash table entries: 512 (order: 2, 16384 bytes)
[STDERR  ] 2017-10-12T19:53:39.67670895Z: [    1.730510] UDP-Lite hash table entries: 512 (order: 2, 16384 bytes)
[STDERR  ] 2017-10-12T19:53:39.676725294Z: [    1.732744] NET: Registered protocol family 1
[STDERR  ] 2017-10-12T19:53:39.676736851Z: [    1.733642] pci 0000:00:01.0: Video device with shadowed ROM at [mem 0x000c0000-0x000dffff]
[STDERR  ] 2017-10-12T19:53:39.676754189Z: [    1.741762] Unpacking initramfs...
[STDERR  ] 2017-10-12T19:53:39.67676566Z: [    5.257435] Freeing initrd memory: 26144K
[STDERR  ] 2017-10-12T19:53:39.676777058Z: [    5.286731] PCLMULQDQ-NI instructions are not detected.
[STDERR  ] 2017-10-12T19:53:39.676788418Z: [    5.287806] AVX or AES-NI instructions are not detected.
[STDERR  ] 2017-10-12T19:53:39.676799705Z: [    5.288227] CPU feature 'AVX registers' is not supported.
[STDERR  ] 2017-10-12T19:53:39.676811143Z: [    5.288599] CPU feature 'AVX registers' is not supported.
[STDERR  ] 2017-10-12T19:53:39.676826771Z: [    5.288977] CPU feature 'AVX registers' is not supported.
[STDERR  ] 2017-10-12T19:53:39.676838506Z: [    5.289348] CPU feature 'AVX registers' is not supported.
[STDERR  ] 2017-10-12T19:53:39.676849935Z: [    5.289712] AVX2 or AES-NI instructions are not detected.
[STDERR  ] 2017-10-12T19:53:39.676861295Z: [    5.290269] AVX2 instructions are not detected.
[STDERR  ] 2017-10-12T19:53:39.676872632Z: [    5.295430] audit: initializing netlink subsys (disabled)
[STDERR  ] 2017-10-12T19:53:39.676884051Z: [    5.297030] audit: type=2000 audit(1507837995.290:1): initialized
[STDERR  ] 2017-10-12T19:53:39.676895351Z: [    5.304793] workingset: timestamp_bits=46 max_order=18 bucket_order=0
[STDERR  ] 2017-10-12T19:53:39.67690674Z: [    5.309176] squashfs: version 4.0 (2009/01/31) Phillip Lougher
[STDERR  ] 2017-10-12T19:53:39.676918044Z: [    5.312353] FS-Cache: Netfs 'cifs' registered for caching
[STDERR  ] 2017-10-12T19:53:39.67692939Z: [    5.313232] fuse init (API version 7.26)
[STDERR  ] 2017-10-12T19:53:39.676945594Z: [    5.317872] SGI XFS with ACLs, security attributes, no debug enabled
[STDERR  ] 2017-10-12T19:53:39.676967719Z: [    5.322036] 9p: Installing v9fs 9p2000 file system support
[STDERR  ] 2017-10-12T19:53:39.676979558Z: [    5.322519] FS-Cache: Netfs '9p' registered for caching
[STDERR  ] 2017-10-12T19:53:39.67699088Z: [    5.356940] NET: Registered protocol family 38
[STDERR  ] 2017-10-12T19:53:39.677002346Z: [    5.357446] Key type asymmetric registered
[STDERR  ] 2017-10-12T19:53:39.677013729Z: [    5.357770] Asymmetric key parser 'x509' registered
[STDERR  ] 2017-10-12T19:53:39.677030216Z: [    5.358455] Block layer SCSI generic (bsg) driver version 0.4 loaded (major 251)
[STDERR  ] 2017-10-12T19:53:39.677048405Z: [    5.359842] io scheduler noop registered
[STDERR  ] 2017-10-12T19:53:39.677059797Z: [    5.360363] io scheduler deadline registered (default)
[STDERR  ] 2017-10-12T19:53:39.677071172Z: [    5.361060] io scheduler cfq registered
[STDERR  ] 2017-10-12T19:53:39.677082415Z: [    5.363453] pci_hotplug: PCI Hot Plug PCI Core version: 0.5
[STDERR  ] 2017-10-12T19:53:39.677093683Z: [    5.364000] pciehp: PCI Express Hot Plug Controller Driver version: 0.4
[STDERR  ] 2017-10-12T19:53:39.677104917Z: [    5.364782] shpchp: Standard Hot Plug PCI Controller Driver version: 0.4
[STDERR  ] 2017-10-12T19:53:39.677116131Z: [    5.365549] hv_vmbus: registering driver hyperv_fb
[STDERR  ] 2017-10-12T19:53:39.677127513Z: [    5.368496] input: Power Button as /devices/LNXSYSTM:00/LNXPWRBN:00/input/input0
[STDERR  ] 2017-10-12T19:53:39.677138919Z: [    5.369513] ACPI: Power Button [PWRF]
[STDERR  ] 2017-10-12T19:53:39.677155164Z: [    5.376319] GHES: HEST is not enabled!
[STDERR  ] 2017-10-12T19:53:39.677166383Z: [    5.387042] ACPI: PCI Interrupt Link [GSIG] enabled at IRQ 22
[STDERR  ] 2017-10-12T19:53:39.67717775Z: [    5.398835] ACPI: PCI Interrupt Link [GSIH] enabled at IRQ 23
[STDERR  ] 2017-10-12T19:53:39.677189014Z: [    5.402903] xenfs: not registering filesystem on non-xen platform
[STDERR  ] 2017-10-12T19:53:39.677200312Z: [    5.404760] Serial: 8250/16550 driver, 4 ports, IRQ sharing disabled
[STDERR  ] 2017-10-12T19:53:39.67721163Z: [    5.430994] 00:04: ttyS0 at I/O 0x3f8 (irq = 4, base_baud = 115200) is a 16550A
[STDERR  ] 2017-10-12T19:53:39.677227612Z: [    5.441257] Non-volatile memory driver v1.3
[STDERR  ] 2017-10-12T19:53:39.677238957Z: [    5.447002] Hangcheck: starting hangcheck timer 0.9.1 (tick is 180 seconds, margin is 60 seconds).
[STDERR  ] 2017-10-12T19:53:39.677250577Z: [    5.450575] random: fast init done
[STDERR  ] 2017-10-12T19:53:39.677261925Z: [    5.451663] random: crng init done
[STDERR  ] 2017-10-12T19:53:39.677273307Z: [    5.487632] loop: module loaded
[STDERR  ] 2017-10-12T19:53:39.677284666Z: [    5.502393] nbd: registered device at major 43
[STDERR  ] 2017-10-12T19:53:39.677295961Z: [    5.543601] lpc_ich 0000:00:1f.0: I/O space for GPIO uninitialized
[STDERR  ] 2017-10-12T19:53:39.677307267Z: [    5.545189] VMware PVSCSI driver - version 1.0.7.0-k
[STDERR  ] 2017-10-12T19:53:39.677318547Z: [    5.545857] hv_vmbus: registering driver hv_storvsc
[STDERR  ] 2017-10-12T19:53:39.677330173Z: [    5.555254] ACPI: PCI Interrupt Link [GSIA] enabled at IRQ 16
[STDERR  ] 2017-10-12T19:53:39.677341121Z: [    5.561301] ahci 0000:00:1f.2: AHCI 0001.0000 32 slots 6 ports 1.5 Gbps 0x3f impl SATA mode
[STDERR  ] 2017-10-12T19:53:39.677352252Z: [    5.561933] ahci 0000:00:1f.2: flags: 64bit ncq only 
[STDERR  ] 2017-10-12T19:53:39.677403212Z: [    5.581934] scsi host0: ahci
[STDERR  ] 2017-10-12T19:53:39.677416078Z: [    5.585398] scsi host1: ahci
[STDERR  ] 2017-10-12T19:53:39.67742647Z: [    5.587529] scsi host2: ahci
[STDERR  ] 2017-10-12T19:53:39.677437317Z: [    5.589590] scsi host3: ahci
[STDERR  ] 2017-10-12T19:53:39.677447872Z: [    5.591912] scsi host4: ahci
[STDERR  ] 2017-10-12T19:53:39.677458399Z: [    5.594060] scsi host5: ahci
[STDERR  ] 2017-10-12T19:53:39.677469023Z: [    5.595850] ata1: SATA max UDMA/133 abar m4096@0xfebd2000 port 0xfebd2100 irq 24
[STDERR  ] 2017-10-12T19:53:39.67747974Z: [    5.596369] ata2: SATA max UDMA/133 abar m4096@0xfebd2000 port 0xfebd2180 irq 24
[STDERR  ] 2017-10-12T19:53:39.677495507Z: [    5.596887] ata3: SATA max UDMA/133 abar m4096@0xfebd2000 port 0xfebd2200 irq 24
[STDERR  ] 2017-10-12T19:53:39.677507158Z: [    5.597336] ata4: SATA max UDMA/133 abar m4096@0xfebd2000 port 0xfebd2280 irq 24
[STDERR  ] 2017-10-12T19:53:39.677517982Z: [    5.597783] ata5: SATA max UDMA/133 abar m4096@0xfebd2000 port 0xfebd2300 irq 24
[STDERR  ] 2017-10-12T19:53:39.677528534Z: [    5.598231] ata6: SATA max UDMA/133 abar m4096@0xfebd2000 port 0xfebd2380 irq 24
[STDERR  ] 2017-10-12T19:53:39.677539187Z: [    5.611706] tun: Universal TUN/TAP device driver, 1.6
[STDERR  ] 2017-10-12T19:53:39.677549813Z: [    5.612186] tun: (C) 1999-2004 Max Krasnyansky <maxk@qualcomm.com>
[STDERR  ] 2017-10-12T19:53:39.677567635Z: [    5.622660] VMware vmxnet3 virtual NIC driver - version 1.4.a.0-k-NAPI
[STDERR  ] 2017-10-12T19:53:39.677578153Z: [    5.623443] hv_vmbus: registering driver hv_netvsc
[STDERR  ] 2017-10-12T19:53:39.677589036Z: [    5.623777] Fusion MPT base driver 3.04.20
[STDERR  ] 2017-10-12T19:53:39.677599473Z: [    5.624038] Copyright (c) 1999-2008 LSI Corporation
[STDERR  ] 2017-10-12T19:53:39.67761013Z: [    5.624582] Fusion MPT SPI Host driver 3.04.20
[STDERR  ] 2017-10-12T19:53:39.677621198Z: [    5.626539] i8042: PNP: PS/2 Controller [PNP0303:KBD,PNP0f13:MOU] at 0x60,0x64 irq 1,12
[STDERR  ] 2017-10-12T19:53:39.677633258Z: [    5.630743] serio: i8042 KBD port at 0x60,0x64 irq 1
[STDERR  ] 2017-10-12T19:53:39.677644099Z: [    5.631348] serio: i8042 AUX port at 0x60,0x64 irq 12
[STDERR  ] 2017-10-12T19:53:39.677659862Z: [    5.634200] hv_vmbus: registering driver hyperv_keyboard
[STDERR  ] 2017-10-12T19:53:39.67767143Z: [    5.636236] mousedev: PS/2 mouse device common for all mice
[STDERR  ] 2017-10-12T19:53:39.677682332Z: [    5.641105] input: AT Translated Set 2 keyboard as /devices/platform/i8042/serio0/input/input1
[STDERR  ] 2017-10-12T19:53:39.677694289Z: [    5.643878] input: PC Speaker as /devices/platform/pcspkr/input/input2
[STDERR  ] 2017-10-12T19:53:39.677710616Z: [    5.647295] rtc_cmos 00:00: RTC can wake from S4
[STDERR  ] 2017-10-12T19:53:39.677727823Z: [    5.650667] rtc_cmos 00:00: rtc core: registered rtc_cmos as rtc0
[STDERR  ] 2017-10-12T19:53:39.677746728Z: [    5.651727] rtc_cmos 00:00: alarms up to one day, y3k, 114 bytes nvram, hpet irqs
[STDERR  ] 2017-10-12T19:53:39.677758206Z: [    5.652440] i2c /dev entries driver
[STDERR  ] 2017-10-12T19:53:39.677769272Z: [    5.654152] device-mapper: ioctl: 4.35.0-ioctl (2016-06-23) initialised: dm-devel@redhat.com
[STDERR  ] 2017-10-12T19:53:39.677781413Z: [    5.658586] usbcore: registered new interface driver usbhid
[STDERR  ] 2017-10-12T19:53:39.677792398Z: [    5.658966] usbhid: USB HID core driver
[STDERR  ] 2017-10-12T19:53:39.677803211Z: [    5.659468] hv_utils: Registering HyperV Utility Driver
[STDERR  ] 2017-10-12T19:53:39.677814511Z: [    5.659807] hv_vmbus: registering driver hv_util
[STDERR  ] 2017-10-12T19:53:39.677825901Z: [    5.660275] hv_vmbus: registering driver hv_balloon
[STDERR  ] 2017-10-12T19:53:39.677837478Z: [    5.660860] oprofile: using NMI interrupt.
[STDERR  ] 2017-10-12T19:53:39.677849009Z: [    5.661821] GACT probability on
[STDERR  ] 2017-10-12T19:53:39.677860698Z: [    5.662227] Mirror/redirect action on
[STDERR  ] 2017-10-12T19:53:39.677872143Z: [    5.662992] Simple TC action Loaded
[STDERR  ] 2017-10-12T19:53:39.677883533Z: [    5.663491] u32 classifier
[STDERR  ] 2017-10-12T19:53:39.677895058Z: [    5.663678]     Performance counters on
[STDERR  ] 2017-10-12T19:53:39.677906673Z: [    5.663921]     input device check on
[STDERR  ] 2017-10-12T19:53:39.67791813Z: [    5.664155]     Actions configured
[STDERR  ] 2017-10-12T19:53:39.677929496Z: [    5.664684] Netfilter messages via NETLINK v0.30.
[STDERR  ] 2017-10-12T19:53:39.677940735Z: [    5.665176] nfnl_acct: registering with nfnetlink.
[STDERR  ] 2017-10-12T19:53:39.677952247Z: [    5.666380] nf_conntrack version 0.5.0 (8192 buckets, 32768 max)
[STDERR  ] 2017-10-12T19:53:39.677968363Z: [    5.669446] ctnetlink v0.93: registering with nfnetlink.
[STDERR  ] 2017-10-12T19:53:39.677979895Z: [    5.672733] nf_tables: (c) 2007-2009 Patrick McHardy <kaber@trash.net>
[STDERR  ] 2017-10-12T19:53:39.677991435Z: [    5.673508] nf_tables_compat: (c) 2012 Pablo Neira Ayuso <pablo@netfilter.org>
[STDERR  ] 2017-10-12T19:53:39.678002901Z: [    5.675725] xt_time: kernel timezone is -0000
[STDERR  ] 2017-10-12T19:53:39.678022214Z: [    5.676216] ip_set: protocol 6
[STDERR  ] 2017-10-12T19:53:39.678033653Z: [    5.676786] IPVS: Registered protocols (TCP, UDP, SCTP, AH, ESP)
[STDERR  ] 2017-10-12T19:53:39.678045322Z: [    5.677353] IPVS: Connection hash table configured (size=4096, memory=64Kbytes)
[STDERR  ] 2017-10-12T19:53:39.678056852Z: [    5.678936] IPVS: Creating netns size=2104 id=0
[STDERR  ] 2017-10-12T19:53:39.678068229Z: [    5.681876] IPVS: ipvs loaded.
[STDERR  ] 2017-10-12T19:53:39.678079675Z: [    5.682224] IPVS: [rr] scheduler registered.
[STDERR  ] 2017-10-12T19:53:39.67809115Z: [    5.682533] IPVS: [wrr] scheduler registered.
[STDERR  ] 2017-10-12T19:53:39.678102596Z: [    5.682853] IPVS: [lc] scheduler registered.
[STDERR  ] 2017-10-12T19:53:39.67811393Z: [    5.683128] IPVS: [wlc] scheduler registered.
[STDERR  ] 2017-10-12T19:53:39.678125346Z: [    5.683405] IPVS: [fo] scheduler registered.
[STDERR  ] 2017-10-12T19:53:39.678136606Z: [    5.683677] IPVS: [ovf] scheduler registered.
[STDERR  ] 2017-10-12T19:53:39.678148128Z: [    5.684054] IPVS: [lblc] scheduler registered.
[STDERR  ] 2017-10-12T19:53:39.678159631Z: [    5.684436] IPVS: [lblcr] scheduler registered.
[STDERR  ] 2017-10-12T19:53:39.678171025Z: [    5.684784] IPVS: [dh] scheduler registered.
[STDERR  ] 2017-10-12T19:53:39.67818247Z: [    5.685063] IPVS: [sh] scheduler registered.
[STDERR  ] 2017-10-12T19:53:39.678193951Z: [    5.685336] IPVS: [sed] scheduler registered.
[STDERR  ] 2017-10-12T19:53:39.678205652Z: [    5.685616] IPVS: [nq] scheduler registered.
[STDERR  ] 2017-10-12T19:53:39.678217079Z: [    5.686239] IPVS: ftp: loaded support on port[0] = 21
[STDERR  ] 2017-10-12T19:53:39.678228594Z: [    5.687059] ipip: IPv4 and MPLS over IPv4 tunneling driver
[STDERR  ] 2017-10-12T19:53:39.678244939Z: [    5.691248] gre: GRE over IPv4 demultiplexor driver
[STDERR  ] 2017-10-12T19:53:39.678256485Z: [    5.693826] ip_tables: (C) 2000-2006 Netfilter Core Team
[STDERR  ] 2017-10-12T19:53:39.678267858Z: [    5.697018] ipt_CLUSTERIP: ClusterIP Version 0.8 loaded successfully
[STDERR  ] 2017-10-12T19:53:39.678279241Z: [    5.697690] arp_tables: arp_tables: (C) 2002 David S. Miller
[STDERR  ] 2017-10-12T19:53:39.678290803Z: [    5.699852] NET: Registered protocol family 10
[STDERR  ] 2017-10-12T19:53:39.678302255Z: [    5.709536] ip6_tables: (C) 2000-2006 Netfilter Core Team
[STDERR  ] 2017-10-12T19:53:39.678313577Z: [    5.717507] NET: Registered protocol family 17
[STDERR  ] 2017-10-12T19:53:39.678324996Z: [    5.718454] Bridge firewalling registered
[STDERR  ] 2017-10-12T19:53:39.678342681Z: [    5.718927] Ebtables v2.0 registered
[STDERR  ] 2017-10-12T19:53:39.678354081Z: [    5.721060] 8021q: 802.1Q VLAN Support v1.8
[STDERR  ] 2017-10-12T19:53:39.678365445Z: [    5.722419] 9pnet: Installing 9P2000 support
[STDERR  ] 2017-10-12T19:53:39.678376876Z: [    5.723758] Key type dns_resolver registered
[STDERR  ] 2017-10-12T19:53:39.678388348Z: [    5.724673] microcode: AMD CPU family 0x6 not supported
[STDERR  ] 2017-10-12T19:53:39.678399873Z: [    5.728123] registered taskstats version 1
[STDERR  ] 2017-10-12T19:53:39.678416368Z: [    5.887620] Key type big_key registered
[STDERR  ] 2017-10-12T19:53:39.678427797Z: [    5.934641] ata3: SATA link up 1.5 Gbps (SStatus 113 SControl 300)
[STDERR  ] 2017-10-12T19:53:39.67843936Z: [    5.937557] ata2: SATA link down (SStatus 0 SControl 300)
[STDERR  ] 2017-10-12T19:53:39.678450747Z: [    5.938773] ata1: SATA link down (SStatus 0 SControl 300)
[STDERR  ] 2017-10-12T19:53:39.678462294Z: [    5.941508] ata3.00: ATAPI: QEMU DVD-ROM, 2.5+, max UDMA/100
[STDERR  ] 2017-10-12T19:53:39.678478418Z: [    5.941974] ata3.00: applying bridge limits
[STDERR  ] 2017-10-12T19:53:39.678489936Z: [    5.943270] ata6: SATA link down (SStatus 0 SControl 300)
[STDERR  ] 2017-10-12T19:53:39.678511835Z: [    5.944636] ata5: SATA link down (SStatus 0 SControl 300)
[STDERR  ] 2017-10-12T19:53:39.67852335Z: [    5.945093] ata4: SATA link down (SStatus 0 SControl 300)
[STDERR  ] 2017-10-12T19:53:39.678534968Z: [    5.950986] ata3.00: configured for UDMA/100
[STDERR  ] 2017-10-12T19:53:39.67855005Z: [    5.967369] scsi 2:0:0:0: CD-ROM            QEMU     QEMU DVD-ROM     2.5+ PQ: 0 ANSI: 5
[STDERR  ] 2017-10-12T19:53:39.678563017Z: [    6.002965] sr 2:0:0:0: [sr0] scsi3-mmc drive: 4x/4x cd/rw xa/form2 tray
[STDERR  ] 2017-10-12T19:53:39.678574525Z: [    6.003573] cdrom: Uniform CD-ROM driver Revision: 3.20
[STDERR  ] 2017-10-12T19:53:39.678586168Z: [    6.014401] sr 2:0:0:0: Attached scsi generic sg0 type 5
[STDERR  ] 2017-10-12T19:53:39.678597443Z: [    6.040038] Key type encrypted registered
[STDERR  ] 2017-10-12T19:53:39.67860878Z: [    6.044153] rtc_cmos 00:00: setting system clock to 2017-10-12 19:53:16 UTC (1507837996)
[STDERR  ] 2017-10-12T19:53:39.678620894Z: [    6.206103] Freeing unused kernel memory: 1380K
[STDERR  ] 2017-10-12T19:53:39.678632424Z: [    6.206477] Write protecting the kernel read-only data: 12288k
[STDERR  ] 2017-10-12T19:53:39.678644043Z: [    6.212299] Freeing unused kernel memory: 124K
[STDERR  ] 2017-10-12T19:53:39.678655487Z: [    6.303448] Freeing unused kernel memory: 1392K
[STDERR  ] 2017-10-12T19:53:39.678666839Z: [    6.320874] tsc: Refined TSC clocksource calibration: 2300.042 MHz
[STDERR  ] 2017-10-12T19:53:39.678678365Z: [    6.321317] clocksource: tsc: mask: 0xffffffffffffffff max_cycles: 0x21275cd9627, max_idle_ns: 440795323243 ns
[STDERR  ] 2017-10-12T19:53:39.678690108Z: [    7.340804] clocksource: Switched to clocksource tsc
[STDERR  ] 2017-10-12T19:53:39.678701479Z: 
[STDERR  ] 2017-10-12T19:53:39.67871304Z: Welcome to LinuxKit
[STDERR  ] 2017-10-12T19:53:39.678724359Z: 
[STDERR  ] 2017-10-12T19:53:39.678735863Z:                         ##         .
[STDERR  ] 2017-10-12T19:53:39.678753105Z:                   ## ## ##        ==
[STDERR  ] 2017-10-12T19:53:39.678769062Z:                ## ## ## ## ##    ===
[STDERR  ] 2017-10-12T19:53:39.678780442Z:            /"""""""""""""""""\___/ ===
[STDERR  ] 2017-10-12T19:53:39.678791934Z:           {                       /  ===-
[STDERR  ] 2017-10-12T19:53:39.67880335Z:            \______ O           __/
[STDERR  ] 2017-10-12T19:53:39.678814755Z:              \    \         __/
[STDERR  ] 2017-10-12T19:53:39.678826156Z:               \____\_______/
[STDERR  ] 2017-10-12T19:53:39.67883762Z: 
[STDERR  ] 2017-10-12T19:53:39.678848953Z: [   15.426028] 8021q: adding VLAN 0 to HW filter on device eth0
[STDERR  ] 2017-10-12T19:53:39.678859925Z: eth0: waiting for carrier
[STDERR  ] 2017-10-12T19:53:39.678871132Z: eth0: carrier acquired
[STDERR  ] 2017-10-12T19:53:39.678882057Z: DUID 00:01:00:01:21:72:84:b6:ca:bc:ab:58:d4:13
[STDERR  ] 2017-10-12T19:53:39.67889359Z: eth0: IAID ab:58:d4:13
[STDERR  ] 2017-10-12T19:53:39.678904952Z: eth0: adding address fe80::19a:b0cb:fdf3:4b93
[STDERR  ] 2017-10-12T19:53:39.678915824Z: eth0: soliciting an IPv6 router
[STDERR  ] 2017-10-12T19:53:39.67892685Z: eth0: soliciting a DHCP lease
[STDERR  ] 2017-10-12T19:53:39.678937809Z: eth0: offered 10.0.2.15 from 10.0.2.2
[STDERR  ] 2017-10-12T19:53:39.678948878Z: eth0: leased 10.0.2.15 for 86400 seconds
[STDERR  ] 2017-10-12T19:53:39.678959877Z: eth0: adding route to 10.0.2.0/24
[STDERR  ] 2017-10-12T19:53:39.678970881Z: eth0: adding default route via 10.0.2.2
[STDERR  ] 2017-10-12T19:53:39.678981809Z: exiting due to oneshot
[STDERR  ] 2017-10-12T19:53:39.678993548Z: dhcpcd exited
[STDERR  ] 2017-10-12T19:53:39.679005011Z: dhcpcd test suite PASSED
[STDERR  ] 2017-10-12T19:53:39.679015565Z: [   28.573281] ACPI: Preparing to enter system sleep state S5
[STDERR  ] 2017-10-12T19:53:39.679026714Z: [   28.574377] reboot: Power down
[STDERR  ] 2017-10-12T19:53:39.67904676Z: + echo [    0.000000] Linux version 4.9.54-linuxkit (root@e73ac76f2f14) (gcc version 6.3.0 (Alpine 6.3.0) ) #1 SMP Wed Oct 11 11:30:59 UTC 2017
[STDERR  ] 2017-10-12T19:53:39.67905911Z: [    0.000000] Command line: console=ttyS0 page_poison=1
[STDERR  ] 2017-10-12T19:53:39.679070755Z: [    0.000000] x86/fpu: Legacy x87 FPU detected.
[STDERR  ] 2017-10-12T19:53:39.679081578Z: [    0.000000] x86/fpu: Using 'eager' FPU context switches.
[STDERR  ] 2017-10-12T19:53:39.679098723Z: [    0.000000] e820: BIOS-provided physical RAM map:
[STDERR  ] 2017-10-12T19:53:39.679110734Z: [    0.000000] BIOS-e820: [mem 0x0000000000000000-0x000000000009fbff] usable
[STDERR  ] 2017-10-12T19:53:39.679122523Z: [    0.000000] BIOS-e820: [mem 0x000000000009fc00-0x000000000009ffff] reserved
[STDERR  ] 2017-10-12T19:53:39.679140413Z: [    0.000000] BIOS-e820: [mem 0x00000000000f0000-0x00000000000fffff] reserved
[STDERR  ] 2017-10-12T19:53:39.67915186Z: [    0.000000] BIOS-e820: [mem 0x0000000000100000-0x000000003ffdefff] usable
[STDERR  ] 2017-10-12T19:53:39.67916314Z: [    0.000000] BIOS-e820: [mem 0x000000003ffdf000-0x000000003fffffff] reserved
[STDERR  ] 2017-10-12T19:53:39.679174621Z: [    0.000000] BIOS-e820: [mem 0x00000000b0000000-0x00000000bfffffff] reserved
[STDERR  ] 2017-10-12T19:53:39.679186277Z: [    0.000000] BIOS-e820: [mem 0x00000000fed1c000-0x00000000fed1ffff] reserved
[STDERR  ] 2017-10-12T19:53:39.679197571Z: [    0.000000] BIOS-e820: [mem 0x00000000fffc0000-0x00000000ffffffff] reserved
[STDERR  ] 2017-10-12T19:53:39.679215169Z: [    0.000000] NX (Execute Disable) protection: active
[STDERR  ] 2017-10-12T19:53:39.679226888Z: [    0.000000] SMBIOS 2.8 present.
[STDERR  ] 2017-10-12T19:53:39.679237769Z: [    0.000000] e820: last_pfn = 0x3ffdf max_arch_pfn = 0x400000000
[STDERR  ] 2017-10-12T19:53:39.679249088Z: [    0.000000] x86/PAT: Configuration [0-7]: WB  WC  UC- UC  WB  WC  UC- WT  
[STDERR  ] 2017-10-12T19:53:39.679260028Z: [    0.000000] found SMP MP-table at [mem 0x000f6aa0-0x000f6aaf] mapped at [ffff8a2a400f6aa0]
[STDERR  ] 2017-10-12T19:53:39.679271767Z: [    0.000000] RAMDISK: [mem 0x3e648000-0x3ffcffff]
[STDERR  ] 2017-10-12T19:53:39.679283213Z: [    0.000000] ACPI: Early table checksum verification disabled
[STDERR  ] 2017-10-12T19:53:39.679301176Z: [    0.000000] ACPI: RSDP 0x00000000000F68C0 000014 (v00 BOCHS )
[STDERR  ] 2017-10-12T19:53:39.679312506Z: [    0.000000] ACPI: RSDT 0x000000003FFE2404 000034 (v01 BOCHS  BXPCRSDT 00000001 BXPC 00000001)
[STDERR  ] 2017-10-12T19:53:39.679324861Z: [    0.000000] ACPI: FACP 0x000000003FFE22A4 000074 (v01 BOCHS  BXPCFACP 00000001 BXPC 00000001)
[STDERR  ] 2017-10-12T19:53:39.679336843Z: [    0.000000] ACPI: DSDT 0x000000003FFE0040 002264 (v01 BOCHS  BXPCDSDT 00000001 BXPC 00000001)
[STDERR  ] 2017-10-12T19:53:39.679348405Z: [    0.000000] ACPI: FACS 0x000000003FFE0000 000040
[STDERR  ] 2017-10-12T19:53:39.679359725Z: [    0.000000] ACPI: APIC 0x000000003FFE2318 000078 (v01 BOCHS  BXPCAPIC 00000001 BXPC 00000001)
[STDERR  ] 2017-10-12T19:53:39.679371835Z: [    0.000000] ACPI: HPET 0x000000003FFE2390 000038 (v01 BOCHS  BXPCHPET 00000001 BXPC 00000001)
[STDERR  ] 2017-10-12T19:53:39.679383985Z: [    0.000000] ACPI: MCFG 0x000000003FFE23C8 00003C (v01 BOCHS  BXPCMCFG 00000001 BXPC 00000001)
[STDERR  ] 2017-10-12T19:53:39.679396223Z: [    0.000000] Zone ranges:
[STDERR  ] 2017-10-12T19:53:39.679412265Z: [    0.000000]   DMA      [mem 0x0000000000001000-0x0000000000ffffff]
[STDERR  ] 2017-10-12T19:53:39.67942428Z: [    0.000000]   DMA32    [mem 0x0000000001000000-0x000000003ffdefff]
[STDERR  ] 2017-10-12T19:53:39.679435777Z: [    0.000000]   Normal   empty
[STDERR  ] 2017-10-12T19:53:39.679447169Z: [    0.000000] Movable zone start for each node
[STDERR  ] 2017-10-12T19:53:39.67946789Z: [    0.000000] Early memory node ranges
[STDERR  ] 2017-10-12T19:53:39.67947958Z: [    0.000000]   node   0: [mem 0x0000000000001000-0x000000000009efff]
[STDERR  ] 2017-10-12T19:53:39.679491369Z: [    0.000000]   node   0: [mem 0x0000000000100000-0x000000003ffdefff]
[STDERR  ] 2017-10-12T19:53:39.679509093Z: [    0.000000] Initmem setup node 0 [mem 0x0000000000001000-0x000000003ffdefff]
[STDERR  ] 2017-10-12T19:53:39.679520287Z: [    0.000000] ACPI: PM-Timer IO Port: 0x608
[STDERR  ] 2017-10-12T19:53:39.679531481Z: [    0.000000] ACPI: LAPIC_NMI (acpi_id[0xff] dfl dfl lint[0x1])
[STDERR  ] 2017-10-12T19:53:39.679542691Z: [    0.000000] IOAPIC[0]: apic_id 0, version 32, address 0xfec00000, GSI 0-23
[STDERR  ] 2017-10-12T19:53:39.679553438Z: [    0.000000] ACPI: INT_SRC_OVR (bus 0 bus_irq 0 global_irq 2 dfl dfl)
[STDERR  ] 2017-10-12T19:53:39.679564358Z: [    0.000000] ACPI: INT_SRC_OVR (bus 0 bus_irq 5 global_irq 5 high level)
[STDERR  ] 2017-10-12T19:53:39.679574775Z: [    0.000000] ACPI: INT_SRC_OVR (bus 0 bus_irq 9 global_irq 9 high level)
[STDERR  ] 2017-10-12T19:53:39.67958513Z: [    0.000000] ACPI: INT_SRC_OVR (bus 0 bus_irq 10 global_irq 10 high level)
[STDERR  ] 2017-10-12T19:53:39.679596424Z: [    0.000000] ACPI: INT_SRC_OVR (bus 0 bus_irq 11 global_irq 11 high level)
[STDERR  ] 2017-10-12T19:53:39.67960663Z: [    0.000000] Using ACPI (MADT) for SMP configuration information
[STDERR  ] 2017-10-12T19:53:39.679617896Z: [    0.000000] ACPI: HPET id: 0x8086a201 base: 0xfed00000
[STDERR  ] 2017-10-12T19:53:39.679635897Z: [    0.000000] smpboot: Allowing 1 CPUs, 0 hotplug CPUs
[STDERR  ] 2017-10-12T19:53:39.679651474Z: [    0.000000] e820: [mem 0x40000000-0xafffffff] available for PCI devices
[STDERR  ] 2017-10-12T19:53:39.679662431Z: [    0.000000] Booting paravirtualized kernel on bare hardware
[STDERR  ] 2017-10-12T19:53:39.679676645Z: [    0.000000] clocksource: refined-jiffies: mask: 0xffffffff max_cycles: 0xffffffff, max_idle_ns: 19112604462750000 ns
[STDERR  ] 2017-10-12T19:53:39.679689148Z: [    0.000000] setup_percpu: NR_CPUS:128 nr_cpumask_bits:128 nr_cpu_ids:1 nr_node_ids:1
[STDERR  ] 2017-10-12T19:53:39.679704265Z: [    0.000000] percpu: Embedded 35 pages/cpu @ffff8a2a7e400000 s105240 r8192 d29928 u2097152
[STDERR  ] 2017-10-12T19:53:39.679715526Z: [    0.000000] Built 1 zonelists in Zone order, mobility grouping on.  Total pages: 257896
[STDERR  ] 2017-10-12T19:53:39.679729104Z: [    0.000000] Kernel command line: console=ttyS0 page_poison=1
[STDERR  ] 2017-10-12T19:53:39.679748534Z: [    0.000000] PID hash table entries: 4096 (order: 3, 32768 bytes)
[STDERR  ] 2017-10-12T19:53:39.67976347Z: [    0.000000] Dentry cache hash table entries: 131072 (order: 8, 1048576 bytes)
[STDERR  ] 2017-10-12T19:53:39.679774912Z: [    0.000000] Inode-cache hash table entries: 65536 (order: 7, 524288 bytes)
[STDERR  ] 2017-10-12T19:53:39.679786606Z: [    0.000000] Memory: 988028K/1048052K available (8052K kernel code, 1367K rwdata, 2704K rodata, 1380K init, 568K bss, 60024K reserved, 0K cma-reserved)
[STDERR  ] 2017-10-12T19:53:39.6798006Z: [    0.000000] Hierarchical RCU implementation.
[STDERR  ] 2017-10-12T19:53:39.679812838Z: [    0.000000] 	Build-time adjustment of leaf fanout to 64.
[STDERR  ] 2017-10-12T19:53:39.67982623Z: [    0.000000] 	RCU restricting CPUs from NR_CPUS=128 to nr_cpu_ids=1.
[STDERR  ] 2017-10-12T19:53:39.679838194Z: [    0.000000] RCU: Adjusting geometry for rcu_fanout_leaf=64, nr_cpu_ids=1
[STDERR  ] 2017-10-12T19:53:39.679860029Z: [    0.000000] NR_IRQS:8448 nr_irqs:256 16
[STDERR  ] 2017-10-12T19:53:39.67987203Z: [    0.000000] Console: colour VGA+ 80x25
[STDERR  ] 2017-10-12T19:53:39.679885259Z: [    0.000000] console [ttyS0] enabled
[STDERR  ] 2017-10-12T19:53:39.679896438Z: [    0.000000] allocated 2097152 bytes of page_ext
[STDERR  ] 2017-10-12T19:53:39.679908508Z: [    0.000000] clocksource: hpet: mask: 0xffffffff max_cycles: 0xffffffff, max_idle_ns: 19112604467 ns
[STDERR  ] 2017-10-12T19:53:39.679920592Z: [    0.000000] tsc: Fast TSC calibration using PIT
[STDERR  ] 2017-10-12T19:53:39.679933505Z: [    0.000000] tsc: Detected 2300.120 MHz processor
[STDERR  ] 2017-10-12T19:53:39.679946847Z: [    0.021311] Calibrating delay loop (skipped), value calculated using timer frequency.. 4600.24 BogoMIPS (lpj=23001200)
[STDERR  ] 2017-10-12T19:53:39.679966746Z: [    0.022333] pid_max: default: 32768 minimum: 301
[STDERR  ] 2017-10-12T19:53:39.679983097Z: [    0.023168] ACPI: Core revision 20160831
[STDERR  ] 2017-10-12T19:53:39.679997389Z: [    0.069121] ACPI: 1 ACPI AML tables successfully acquired and loaded
[STDERR  ] 2017-10-12T19:53:39.680008864Z: [    0.072406] Security Framework initialized
[STDERR  ] 2017-10-12T19:53:39.680022986Z: [    0.072794] Yama: becoming mindful.
[STDERR  ] 2017-10-12T19:53:39.680034023Z: [    0.074556] Mount-cache hash table entries: 2048 (order: 2, 16384 bytes)
[STDERR  ] 2017-10-12T19:53:39.680054098Z: [    0.075103] Mountpoint-cache hash table entries: 2048 (order: 2, 16384 bytes)
[STDERR  ] 2017-10-12T19:53:39.68006602Z: [    0.094327] Last level iTLB entries: 4KB 0, 2MB 0, 4MB 0
[STDERR  ] 2017-10-12T19:53:39.68008042Z: [    0.094687] Last level dTLB entries: 4KB 0, 2MB 0, 4MB 0, 1GB 0
[STDERR  ] 2017-10-12T19:53:39.680091498Z: [    0.393550] Freeing SMP alternatives memory: 20K
[STDERR  ] 2017-10-12T19:53:39.680103129Z: [    0.402034] ftrace: allocating 35580 entries in 139 pages
[STDERR  ] 2017-10-12T19:53:39.680116171Z: [    0.616555] smpboot: Max logical packages: 1
[STDERR  ] 2017-10-12T19:53:39.680127772Z: [    0.622475] ..TIMER: vector=0x30 apic1=0 pin1=2 apic2=-1 pin2=-1
[STDERR  ] 2017-10-12T19:53:39.680141591Z: [    0.730000] smpboot: CPU0: AMD QEMU Virtual CPU version 2.5+ (family: 0x6, model: 0x6, stepping: 0x3)
[STDERR  ] 2017-10-12T19:53:39.680152996Z: [    0.730000] Performance Events: PMU not available due to virtualization, using software events only.
[STDERR  ] 2017-10-12T19:53:39.680172811Z: [    0.737457] NMI watchdog: disabled (cpu0): hardware events not enabled
[STDERR  ] 2017-10-12T19:53:39.680190092Z: [    0.737865] NMI watchdog: Shutting down hard lockup detector on all cpus
[STDERR  ] 2017-10-12T19:53:39.680203668Z: [    0.740471] x86: Booted up 1 node, 1 CPUs
[STDERR  ] 2017-10-12T19:53:39.680216674Z: [    0.740764] smpboot: Total of 1 processors activated (4600.24 BogoMIPS)
[STDERR  ] 2017-10-12T19:53:39.680229828Z: [    0.754821] devtmpfs: initialized
[STDERR  ] 2017-10-12T19:53:39.680241431Z: [    0.759307] x86/mm: Memory block size: 128MB
[STDERR  ] 2017-10-12T19:53:39.680266334Z: [    0.822138] clocksource: jiffies: mask: 0xffffffff max_cycles: 0xffffffff, max_idle_ns: 19112604462750000 ns
[STDERR  ] 2017-10-12T19:53:39.680280764Z: [    0.822910] futex hash table entries: 256 (order: 2, 16384 bytes)
[STDERR  ] 2017-10-12T19:53:39.680292175Z: [    0.830976] NET: Registered protocol family 16
[STDERR  ] 2017-10-12T19:53:39.680305561Z: [    0.839867] cpuidle: using governor ladder
[STDERR  ] 2017-10-12T19:53:39.680318502Z: [    0.840189] cpuidle: using governor menu
[STDERR  ] 2017-10-12T19:53:39.680339664Z: [    0.841226] ACPI: bus type PCI registered
[STDERR  ] 2017-10-12T19:53:39.680351215Z: [    0.843827] PCI: MMCONFIG for domain 0000 [bus 00-ff] at [mem 0xb0000000-0xbfffffff] (base 0xb0000000)
[STDERR  ] 2017-10-12T19:53:39.680363942Z: [    0.844409] PCI: MMCONFIG at [mem 0xb0000000-0xbfffffff] reserved in E820
[STDERR  ] 2017-10-12T19:53:39.680376341Z: [    0.845569] PCI: Using configuration type 1 for base access
[STDERR  ] 2017-10-12T19:53:39.680389285Z: [    0.899124] HugeTLB registered 2 MB page size, pre-allocated 0 pages
[STDERR  ] 2017-10-12T19:53:39.680402361Z: [    0.911839] ACPI: Added _OSI(Module Device)
[STDERR  ] 2017-10-12T19:53:39.680414716Z: [    0.912131] ACPI: Added _OSI(Processor Device)
[STDERR  ] 2017-10-12T19:53:39.680427993Z: [    0.912402] ACPI: Added _OSI(3.0 _SCP Extensions)
[STDERR  ] 2017-10-12T19:53:39.680439349Z: [    0.912664] ACPI: Added _OSI(Processor Aggregator Device)
[STDERR  ] 2017-10-12T19:53:39.680453802Z: [    0.985533] ACPI: Interpreter enabled
[STDERR  ] 2017-10-12T19:53:39.680465006Z: [    0.986248] ACPI: (supports S0 S5)
[STDERR  ] 2017-10-12T19:53:39.680477548Z: [    0.986509] ACPI: Using IOAPIC for interrupt routing
[STDERR  ] 2017-10-12T19:53:39.680489728Z: [    0.988462] PCI: Using host bridge windows from ACPI; if necessary, use "pci=nocrs" and report a bug
[STDERR  ] 2017-10-12T19:53:39.680510791Z: [    1.055852] ACPI: PCI Root Bridge [PCI0] (domain 0000 [bus 00-ff])
[STDERR  ] 2017-10-12T19:53:39.680522372Z: [    1.056698] acpi PNP0A08:00: _OSC: OS supports [ExtendedConfig ASPM ClockPM Segments MSI]
[STDERR  ] 2017-10-12T19:53:39.68053699Z: [    1.062189] acpi PNP0A08:00: _OSC: OS now controls [PCIeHotplug PME PCIeCapability]
[STDERR  ] 2017-10-12T19:53:39.680549424Z: [    1.065672] PCI host bridge to bus 0000:00
[STDERR  ] 2017-10-12T19:53:39.680562352Z: [    1.066057] pci_bus 0000:00: root bus resource [io  0x0000-0x0cf7 window]
[STDERR  ] 2017-10-12T19:53:39.680574627Z: [    1.066446] pci_bus 0000:00: root bus resource [io  0x0d00-0xffff window]
[STDERR  ] 2017-10-12T19:53:39.680587083Z: [    1.066836] pci_bus 0000:00: root bus resource [mem 0x000a0000-0x000bffff window]
[STDERR  ] 2017-10-12T19:53:39.680599813Z: [    1.067252] pci_bus 0000:00: root bus resource [mem 0xc0000000-0xfebfffff window]
[STDERR  ] 2017-10-12T19:53:39.680611752Z: [    1.067780] pci_bus 0000:00: root bus resource [bus 00-ff]
[STDERR  ] 2017-10-12T19:53:39.680625591Z: [    1.172217] pci 0000:00:1f.0: quirk: [io  0x0600-0x067f] claimed by ICH6 ACPI/GPIO/TCO
[STDERR  ] 2017-10-12T19:53:39.680638189Z: [    1.268581] ACPI: PCI Interrupt Link [LNKA] (IRQs 5 *10 11)
[STDERR  ] 2017-10-12T19:53:39.680652421Z: [    1.271527] ACPI: PCI Interrupt Link [LNKB] (IRQs 5 *10 11)
[STDERR  ] 2017-10-12T19:53:39.680663567Z: [    1.273937] ACPI: PCI Interrupt Link [LNKC] (IRQs 5 10 *11)
[STDERR  ] 2017-10-12T19:53:39.680684234Z: [    1.276353] ACPI: PCI Interrupt Link [LNKD] (IRQs 5 10 *11)
[STDERR  ] 2017-10-12T19:53:39.680695844Z: [    1.278675] ACPI: PCI Interrupt Link [LNKE] (IRQs 5 *10 11)
[STDERR  ] 2017-10-12T19:53:39.680710218Z: [    1.281388] ACPI: PCI Interrupt Link [LNKF] (IRQs 5 *10 11)
[STDERR  ] 2017-10-12T19:53:39.680721597Z: [    1.283728] ACPI: PCI Interrupt Link [LNKG] (IRQs 5 10 *11)
[STDERR  ] 2017-10-12T19:53:39.680735126Z: [    1.286170] ACPI: PCI Interrupt Link [LNKH] (IRQs 5 10 *11)
[STDERR  ] 2017-10-12T19:53:39.680747238Z: [    1.287211] ACPI: PCI Interrupt Link [GSIA] (IRQs *16)
[STDERR  ] 2017-10-12T19:53:39.680760693Z: [    1.287969] ACPI: PCI Interrupt Link [GSIB] (IRQs *17)
[STDERR  ] 2017-10-12T19:53:39.680778113Z: [    1.288709] ACPI: PCI Interrupt Link [GSIC] (IRQs *18)
[STDERR  ] 2017-10-12T19:53:39.680791878Z: [    1.289459] ACPI: PCI Interrupt Link [GSID] (IRQs *19)
[STDERR  ] 2017-10-12T19:53:39.680804313Z: [    1.290326] ACPI: PCI Interrupt Link [GSIE] (IRQs *20)
[STDERR  ] 2017-10-12T19:53:39.680817162Z: [    1.291092] ACPI: PCI Interrupt Link [GSIF] (IRQs *21)
[STDERR  ] 2017-10-12T19:53:39.680829903Z: [    1.291825] ACPI: PCI Interrupt Link [GSIG] (IRQs *22)
[STDERR  ] 2017-10-12T19:53:39.680849788Z: [    1.292554] ACPI: PCI Interrupt Link [GSIH] (IRQs *23)
[STDERR  ] 2017-10-12T19:53:39.680861492Z: [    1.298025] ACPI: Enabled 2 GPEs in block 00 to 3F
[STDERR  ] 2017-10-12T19:53:39.680874569Z: [    1.304854] SCSI subsystem initialized
[STDERR  ] 2017-10-12T19:53:39.680887411Z: [    1.307844] ACPI: bus type USB registered
[STDERR  ] 2017-10-12T19:53:39.680898898Z: [    1.309353] usbcore: registered new interface driver usbfs
[STDERR  ] 2017-10-12T19:53:39.680912903Z: [    1.310825] usbcore: registered new interface driver hub
[STDERR  ] 2017-10-12T19:53:39.680924254Z: [    1.311788] usbcore: registered new device driver usb
[STDERR  ] 2017-10-12T19:53:39.680938514Z: [    1.313411] pps_core: LinuxPPS API ver. 1 registered
[STDERR  ] 2017-10-12T19:53:39.680955489Z: [    1.313758] pps_core: Software ver. 5.3.6 - Copyright 2005-2007 Rodolfo Giometti <giometti@linux.it>
[STDERR  ] 2017-10-12T19:53:39.680969779Z: [    1.314507] PTP clock support registered
[STDERR  ] 2017-10-12T19:53:39.680981168Z: [    1.316188] wmi: Mapper loaded
[STDERR  ] 2017-10-12T19:53:39.680994813Z: [    1.317730] PCI: Using ACPI for IRQ routing
[STDERR  ] 2017-10-12T19:53:39.681006348Z: [    1.348607] NetLabel: Initializing
[STDERR  ] 2017-10-12T19:53:39.681019027Z: [    1.348873] NetLabel:  domain hash size = 128
[STDERR  ] 2017-10-12T19:53:39.681036185Z: [    1.349143] NetLabel:  protocols = UNLABELED CIPSOv4
[STDERR  ] 2017-10-12T19:53:39.681049281Z: [    1.352100] NetLabel:  unlabeled traffic allowed by default
[STDERR  ] 2017-10-12T19:53:39.681065558Z: [    1.353448] HPET: 3 timers in total, 0 timers will be used for per-cpu timer
[STDERR  ] 2017-10-12T19:53:39.681079784Z: [    1.354318] hpet0: at MMIO 0xfed00000, IRQs 2, 8, 0
[STDERR  ] 2017-10-12T19:53:39.681092048Z: [    1.354870] hpet0: 3 comparators, 64-bit 100.000000 MHz counter
[STDERR  ] 2017-10-12T19:53:39.681104907Z: [    1.361324] clocksource: Switched to clocksource hpet
[STDERR  ] 2017-10-12T19:53:39.681116977Z: [    1.646445] VFS: Disk quotas dquot_6.6.0
[STDERR  ] 2017-10-12T19:53:39.68112838Z: [    1.647162] VFS: Dquot-cache hash table entries: 512 (order 0, 4096 bytes)
[STDERR  ] 2017-10-12T19:53:39.681143036Z: [    1.649703] FS-Cache: Loaded
[STDERR  ] 2017-10-12T19:53:39.681154482Z: [    1.654644] CacheFiles: Loaded
[STDERR  ] 2017-10-12T19:53:39.681169135Z: [    1.656236] pnp: PnP ACPI init
[STDERR  ] 2017-10-12T19:53:39.681180487Z: [    1.667264] pnp: PnP ACPI: found 5 devices
[STDERR  ] 2017-10-12T19:53:39.681193009Z: [    1.716624] clocksource: acpi_pm: mask: 0xffffff max_cycles: 0xffffff, max_idle_ns: 2085701024 ns
[STDERR  ] 2017-10-12T19:53:39.6812069Z: [    1.719360] NET: Registered protocol family 2
[STDERR  ] 2017-10-12T19:53:39.681219976Z: [    1.726547] TCP established hash table entries: 8192 (order: 4, 65536 bytes)
[STDERR  ] 2017-10-12T19:53:39.68123888Z: [    1.727255] TCP bind hash table entries: 8192 (order: 5, 131072 bytes)
[STDERR  ] 2017-10-12T19:53:39.681252016Z: [    1.727900] TCP: Hash tables configured (established 8192 bind 8192)
[STDERR  ] 2017-10-12T19:53:39.681264312Z: [    1.729811] UDP hash table entries: 512 (order: 2, 16384 bytes)
[STDERR  ] 2017-10-12T19:53:39.681276773Z: [    1.730510] UDP-Lite hash table entries: 512 (order: 2, 16384 bytes)
[STDERR  ] 2017-10-12T19:53:39.681289604Z: [    1.732744] NET: Registered protocol family 1
[STDERR  ] 2017-10-12T19:53:39.681301442Z: [    1.733642] pci 0000:00:01.0: Video device with shadowed ROM at [mem 0x000c0000-0x000dffff]
[STDERR  ] 2017-10-12T19:53:39.68132083Z: [    1.741762] Unpacking initramfs...
[STDERR  ] 2017-10-12T19:53:39.681333347Z: [    5.257435] Freeing initrd memory: 26144K
[STDERR  ] 2017-10-12T19:53:39.681346135Z: [    5.286731] PCLMULQDQ-NI instructions are not detected.
[STDERR  ] 2017-10-12T19:53:39.681358568Z: [    5.287806] AVX or AES-NI instructions are not detected.
[STDERR  ] 2017-10-12T19:53:39.681372404Z: [    5.288227] CPU feature 'AVX registers' is not supported.
[STDERR  ] 2017-10-12T19:53:39.681383719Z: [    5.288599] CPU feature 'AVX registers' is not supported.
[STDERR  ] 2017-10-12T19:53:39.681396796Z: [    5.288977] CPU feature 'AVX registers' is not supported.
[STDERR  ] 2017-10-12T19:53:39.68140855Z: [    5.289348] CPU feature 'AVX registers' is not supported.
[STDERR  ] 2017-10-12T19:53:39.681421707Z: [    5.289712] AVX2 or AES-NI instructions are not detected.
[STDERR  ] 2017-10-12T19:53:39.681433741Z: [    5.290269] AVX2 instructions are not detected.
[STDERR  ] 2017-10-12T19:53:39.681445282Z: [    5.295430] audit: initializing netlink subsys (disabled)
[STDERR  ] 2017-10-12T19:53:39.681459713Z: [    5.297030] audit: type=2000 audit(1507837995.290:1): initialized
[STDERR  ] 2017-10-12T19:53:39.681471066Z: [    5.304793] workingset: timestamp_bits=46 max_order=18 bucket_order=0
[STDERR  ] 2017-10-12T19:53:39.681485466Z: [    5.309176] squashfs: version 4.0 (2009/01/31) Phillip Lougher
[STDERR  ] 2017-10-12T19:53:39.681496649Z: [    5.312353] FS-Cache: Netfs 'cifs' registered for caching
[STDERR  ] 2017-10-12T19:53:39.681509778Z: [    5.313232] fuse init (API version 7.26)
[STDERR  ] 2017-10-12T19:53:39.681527823Z: [    5.317872] SGI XFS with ACLs, security attributes, no debug enabled
[STDERR  ] 2017-10-12T19:53:39.681541901Z: [    5.322036] 9p: Installing v9fs 9p2000 file system support
[STDERR  ] 2017-10-12T19:53:39.68156174Z: [    5.322519] FS-Cache: Netfs '9p' registered for caching
[STDERR  ] 2017-10-12T19:53:39.681580126Z: [    5.356940] NET: Registered protocol family 38
[STDERR  ] 2017-10-12T19:53:39.68159278Z: [    5.357446] Key type asymmetric registered
[STDERR  ] 2017-10-12T19:53:39.681605833Z: [    5.357770] Asymmetric key parser 'x509' registered
[STDERR  ] 2017-10-12T19:53:39.681618212Z: [    5.358455] Block layer SCSI generic (bsg) driver version 0.4 loaded (major 251)
[STDERR  ] 2017-10-12T19:53:39.681630985Z: [    5.359842] io scheduler noop registered
[STDERR  ] 2017-10-12T19:53:39.681642158Z: [    5.360363] io scheduler deadline registered (default)
[STDERR  ] 2017-10-12T19:53:39.681655234Z: [    5.361060] io scheduler cfq registered
[STDERR  ] 2017-10-12T19:53:39.68166781Z: [    5.363453] pci_hotplug: PCI Hot Plug PCI Core version: 0.5
[STDERR  ] 2017-10-12T19:53:39.681680357Z: [    5.364000] pciehp: PCI Express Hot Plug Controller Driver version: 0.4
[STDERR  ] 2017-10-12T19:53:39.681692848Z: [    5.364782] shpchp: Standard Hot Plug PCI Controller Driver version: 0.4
[STDERR  ] 2017-10-12T19:53:39.681711668Z: [    5.365549] hv_vmbus: registering driver hyperv_fb
[STDERR  ] 2017-10-12T19:53:39.68172479Z: [    5.368496] input: Power Button as /devices/LNXSYSTM:00/LNXPWRBN:00/input/input0
[STDERR  ] 2017-10-12T19:53:39.681736827Z: [    5.369513] ACPI: Power Button [PWRF]
[STDERR  ] 2017-10-12T19:53:39.681749819Z: [    5.376319] GHES: HEST is not enabled!
[STDERR  ] 2017-10-12T19:53:39.681760782Z: [    5.387042] ACPI: PCI Interrupt Link [GSIG] enabled at IRQ 22
[STDERR  ] 2017-10-12T19:53:39.681781867Z: [    5.398835] ACPI: PCI Interrupt Link [GSIH] enabled at IRQ 23
[STDERR  ] 2017-10-12T19:53:39.681793571Z: [    5.402903] xenfs: not registering filesystem on non-xen platform
[STDERR  ] 2017-10-12T19:53:39.681807746Z: [    5.404760] Serial: 8250/16550 driver, 4 ports, IRQ sharing disabled
[STDERR  ] 2017-10-12T19:53:39.681818813Z: [    5.430994] 00:04: ttyS0 at I/O 0x3f8 (irq = 4, base_baud = 115200) is a 16550A
[STDERR  ] 2017-10-12T19:53:39.681832121Z: [    5.441257] Non-volatile memory driver v1.3
[STDERR  ] 2017-10-12T19:53:39.681844377Z: [    5.447002] Hangcheck: starting hangcheck timer 0.9.1 (tick is 180 seconds, margin is 60 seconds).
[STDERR  ] 2017-10-12T19:53:39.681863823Z: [    5.450575] random: fast init done
[STDERR  ] 2017-10-12T19:53:39.681875189Z: [    5.451663] random: crng init done
[STDERR  ] 2017-10-12T19:53:39.681887025Z: [    5.487632] loop: module loaded
[STDERR  ] 2017-10-12T19:53:39.681900376Z: [    5.502393] nbd: registered device at major 43
[STDERR  ] 2017-10-12T19:53:39.681911718Z: [    5.543601] lpc_ich 0000:00:1f.0: I/O space for GPIO uninitialized
[STDERR  ] 2017-10-12T19:53:39.681925811Z: [    5.545189] VMware PVSCSI driver - version 1.0.7.0-k
[STDERR  ] 2017-10-12T19:53:39.681937087Z: [    5.545857] hv_vmbus: registering driver hv_storvsc
[STDERR  ] 2017-10-12T19:53:39.681954498Z: [    5.555254] ACPI: PCI Interrupt Link [GSIA] enabled at IRQ 16
[STDERR  ] 2017-10-12T19:53:39.68196629Z: [    5.561301] ahci 0000:00:1f.2: AHCI 0001.0000 32 slots 6 ports 1.5 Gbps 0x3f impl SATA mode
[STDERR  ] 2017-10-12T19:53:39.681981772Z: [    5.561933] ahci 0000:00:1f.2: flags: 64bit ncq only 
[STDERR  ] 2017-10-12T19:53:39.681992901Z: [    5.581934] scsi host0: ahci
[STDERR  ] 2017-10-12T19:53:39.682006019Z: [    5.585398] scsi host1: ahci
[STDERR  ] 2017-10-12T19:53:39.682017632Z: [    5.587529] scsi host2: ahci
[STDERR  ] 2017-10-12T19:53:39.682028898Z: [    5.589590] scsi host3: ahci
[STDERR  ] 2017-10-12T19:53:39.682043271Z: [    5.591912] scsi host4: ahci
[STDERR  ] 2017-10-12T19:53:39.682054479Z: [    5.594060] scsi host5: ahci
[STDERR  ] 2017-10-12T19:53:39.682068175Z: [    5.595850] ata1: SATA max UDMA/133 abar m4096@0xfebd2000 port 0xfebd2100 irq 24
[STDERR  ] 2017-10-12T19:53:39.682080232Z: [    5.596369] ata2: SATA max UDMA/133 abar m4096@0xfebd2000 port 0xfebd2180 irq 24
[STDERR  ] 2017-10-12T19:53:39.682093191Z: [    5.596887] ata3: SATA max UDMA/133 abar m4096@0xfebd2000 port 0xfebd2200 irq 24
[STDERR  ] 2017-10-12T19:53:39.682110331Z: [    5.597336] ata4: SATA max UDMA/133 abar m4096@0xfebd2000 port 0xfebd2280 irq 24
[STDERR  ] 2017-10-12T19:53:39.682131573Z: [    5.597783] ata5: SATA max UDMA/133 abar m4096@0xfebd2000 port 0xfebd2300 irq 24
[STDERR  ] 2017-10-12T19:53:39.682143012Z: [    5.598231] ata6: SATA max UDMA/133 abar m4096@0xfebd2000 port 0xfebd2380 irq 24
[STDERR  ] 2017-10-12T19:53:39.682156298Z: [    5.611706] tun: Universal TUN/TAP device driver, 1.6
[STDERR  ] 2017-10-12T19:53:39.682168486Z: [    5.612186] tun: (C) 1999-2004 Max Krasnyansky <maxk@qualcomm.com>
[STDERR  ] 2017-10-12T19:53:39.682181017Z: [    5.622660] VMware vmxnet3 virtual NIC driver - version 1.4.a.0-k-NAPI
[STDERR  ] 2017-10-12T19:53:39.682193802Z: [    5.623443] hv_vmbus: registering driver hv_netvsc
[STDERR  ] 2017-10-12T19:53:39.682206961Z: [    5.623777] Fusion MPT base driver 3.04.20
[STDERR  ] 2017-10-12T19:53:39.682219985Z: [    5.624038] Copyright (c) 1999-2008 LSI Corporation
[STDERR  ] 2017-10-12T19:53:39.682231548Z: [    5.624582] Fusion MPT SPI Host driver 3.04.20
[STDERR  ] 2017-10-12T19:53:39.68224537Z: [    5.626539] i8042: PNP: PS/2 Controller [PNP0303:KBD,PNP0f13:MOU] at 0x60,0x64 irq 1,12
[STDERR  ] 2017-10-12T19:53:39.682257183Z: [    5.630743] serio: i8042 KBD port at 0x60,0x64 irq 1
[STDERR  ] 2017-10-12T19:53:39.68226995Z: [    5.631348] serio: i8042 AUX port at 0x60,0x64 irq 12
[STDERR  ] 2017-10-12T19:53:39.682282513Z: [    5.634200] hv_vmbus: registering driver hyperv_keyboard
[STDERR  ] 2017-10-12T19:53:39.68230295Z: [    5.636236] mousedev: PS/2 mouse device common for all mice
[STDERR  ] 2017-10-12T19:53:39.682314516Z: [    5.641105] input: AT Translated Set 2 keyboard as /devices/platform/i8042/serio0/input/input1
[STDERR  ] 2017-10-12T19:53:39.682329183Z: [    5.643878] input: PC Speaker as /devices/platform/pcspkr/input/input2
[STDERR  ] 2017-10-12T19:53:39.682341503Z: [    5.647295] rtc_cmos 00:00: RTC can wake from S4
[STDERR  ] 2017-10-12T19:53:39.682354224Z: [    5.650667] rtc_cmos 00:00: rtc core: registered rtc_cmos as rtc0
[STDERR  ] 2017-10-12T19:53:39.682366806Z: [    5.651727] rtc_cmos 00:00: alarms up to one day, y3k, 114 bytes nvram, hpet irqs
[STDERR  ] 2017-10-12T19:53:39.682384742Z: [    5.652440] i2c /dev entries driver
[STDERR  ] 2017-10-12T19:53:39.682397222Z: [    5.654152] device-mapper: ioctl: 4.35.0-ioctl (2016-06-23) initialised: dm-devel@redhat.com
[STDERR  ] 2017-10-12T19:53:39.682410026Z: [    5.658586] usbcore: registered new interface driver usbhid
[STDERR  ] 2017-10-12T19:53:39.682423775Z: [    5.658966] usbhid: USB HID core driver
[STDERR  ] 2017-10-12T19:53:39.682435302Z: [    5.659468] hv_utils: Registering HyperV Utility Driver
[STDERR  ] 2017-10-12T19:53:39.682449633Z: [    5.659807] hv_vmbus: registering driver hv_util
[STDERR  ] 2017-10-12T19:53:39.682460984Z: [    5.660275] hv_vmbus: registering driver hv_balloon
[STDERR  ] 2017-10-12T19:53:39.682474387Z: [    5.660860] oprofile: using NMI interrupt.
[STDERR  ] 2017-10-12T19:53:39.68248667Z: [    5.661821] GACT probability on
[STDERR  ] 2017-10-12T19:53:39.682499835Z: [    5.662227] Mirror/redirect action on
[STDERR  ] 2017-10-12T19:53:39.682521Z: [    5.662992] Simple TC action Loaded
[STDERR  ] 2017-10-12T19:53:39.682535099Z: [    5.663491] u32 classifier
[STDERR  ] 2017-10-12T19:53:39.682546958Z: [    5.663678]     Performance counters on
[STDERR  ] 2017-10-12T19:53:39.682567058Z: [    5.663921]     input device check on
[STDERR  ] 2017-10-12T19:53:39.682584981Z: [    5.664155]     Actions configured
[STDERR  ] 2017-10-12T19:53:39.682598114Z: [    5.664684] Netfilter messages via NETLINK v0.30.
[STDERR  ] 2017-10-12T19:53:39.682609506Z: [    5.665176] nfnl_acct: registering with nfnetlink.
[STDERR  ] 2017-10-12T19:53:39.682624086Z: [    5.666380] nf_conntrack version 0.5.0 (8192 buckets, 32768 max)
[STDERR  ] 2017-10-12T19:53:39.682634986Z: [    5.669446] ctnetlink v0.93: registering with nfnetlink.
[STDERR  ] 2017-10-12T19:53:39.682648052Z: [    5.672733] nf_tables: (c) 2007-2009 Patrick McHardy <kaber@trash.net>
[STDERR  ] 2017-10-12T19:53:39.682665133Z: [    5.673508] nf_tables_compat: (c) 2012 Pablo Neira Ayuso <pablo@netfilter.org>
[STDERR  ] 2017-10-12T19:53:39.682678002Z: [    5.675725] xt_time: kernel timezone is -0000
[STDERR  ] 2017-10-12T19:53:39.682690864Z: [    5.676216] ip_set: protocol 6
[STDERR  ] 2017-10-12T19:53:39.682703022Z: [    5.676786] IPVS: Registered protocols (TCP, UDP, SCTP, AH, ESP)
[STDERR  ] 2017-10-12T19:53:39.682716142Z: [    5.677353] IPVS: Connection hash table configured (size=4096, memory=64Kbytes)
[STDERR  ] 2017-10-12T19:53:39.682727938Z: [    5.678936] IPVS: Creating netns size=2104 id=0
[STDERR  ] 2017-10-12T19:53:39.682741655Z: [    5.681876] IPVS: ipvs loaded.
[STDERR  ] 2017-10-12T19:53:39.682759308Z: [    5.682224] IPVS: [rr] scheduler registered.
[STDERR  ] 2017-10-12T19:53:39.68277349Z: [    5.682533] IPVS: [wrr] scheduler registered.
[STDERR  ] 2017-10-12T19:53:39.682784648Z: [    5.682853] IPVS: [lc] scheduler registered.
[STDERR  ] 2017-10-12T19:53:39.682797847Z: [    5.683128] IPVS: [wlc] scheduler registered.
[STDERR  ] 2017-10-12T19:53:39.682809905Z: [    5.683405] IPVS: [fo] scheduler registered.
[STDERR  ] 2017-10-12T19:53:39.682820587Z: [    5.683677] IPVS: [ovf] scheduler registered.
[STDERR  ] 2017-10-12T19:53:39.68283142Z: [    5.684054] IPVS: [lblc] scheduler registered.
[STDERR  ] 2017-10-12T19:53:39.682841363Z: [    5.684436] IPVS: [lblcr] scheduler registered.
[STDERR  ] 2017-10-12T19:53:39.682851231Z: [    5.684784] IPVS: [dh] scheduler registered.
[STDERR  ] 2017-10-12T19:53:39.682861599Z: [    5.685063] IPVS: [sh] scheduler registered.
[STDERR  ] 2017-10-12T19:53:39.682872415Z: [    5.685336] IPVS: [sed] scheduler registered.
[STDERR  ] 2017-10-12T19:53:39.682886639Z: [    5.685616] IPVS: [nq] scheduler registered.
[STDERR  ] 2017-10-12T19:53:39.68289825Z: [    5.686239] IPVS: ftp: loaded support on port[0] = 21
[STDERR  ] 2017-10-12T19:53:39.682910087Z: [    5.687059] ipip: IPv4 and MPLS over IPv4 tunneling driver
[STDERR  ] 2017-10-12T19:53:39.682924549Z: [    5.691248] gre: GRE over IPv4 demultiplexor driver
[STDERR  ] 2017-10-12T19:53:39.682936076Z: [    5.693826] ip_tables: (C) 2000-2006 Netfilter Core Team
[STDERR  ] 2017-10-12T19:53:39.682956275Z: [    5.697018] ipt_CLUSTERIP: ClusterIP Version 0.8 loaded successfully
[STDERR  ] 2017-10-12T19:53:39.682967859Z: [    5.697690] arp_tables: arp_tables: (C) 2002 David S. Miller
[STDERR  ] 2017-10-12T19:53:39.68298055Z: [    5.699852] NET: Registered protocol family 10
[STDERR  ] 2017-10-12T19:53:39.682993523Z: [    5.709536] ip6_tables: (C) 2000-2006 Netfilter Core Team
[STDERR  ] 2017-10-12T19:53:39.683005846Z: [    5.717507] NET: Registered protocol family 17
[STDERR  ] 2017-10-12T19:53:39.683019025Z: [    5.718454] Bridge firewalling registered
[STDERR  ] 2017-10-12T19:53:39.683036893Z: [    5.718927] Ebtables v2.0 registered
[STDERR  ] 2017-10-12T19:53:39.683048368Z: [    5.721060] 8021q: 802.1Q VLAN Support v1.8
[STDERR  ] 2017-10-12T19:53:39.683061653Z: [    5.722419] 9pnet: Installing 9P2000 support
[STDERR  ] 2017-10-12T19:53:39.683074207Z: [    5.723758] Key type dns_resolver registered
[STDERR  ] 2017-10-12T19:53:39.683086932Z: [    5.724673] microcode: AMD CPU family 0x6 not supported
[STDERR  ] 2017-10-12T19:53:39.683100093Z: [    5.728123] registered taskstats version 1
[STDERR  ] 2017-10-12T19:53:39.68311115Z: [    5.887620] Key type big_key registered
[STDERR  ] 2017-10-12T19:53:39.683124914Z: [    5.934641] ata3: SATA link up 1.5 Gbps (SStatus 113 SControl 300)
[STDERR  ] 2017-10-12T19:53:39.68313655Z: [    5.937557] ata2: SATA link down (SStatus 0 SControl 300)
[STDERR  ] 2017-10-12T19:53:39.683149364Z: [    5.938773] ata1: SATA link down (SStatus 0 SControl 300)
[STDERR  ] 2017-10-12T19:53:39.683169115Z: [    5.941508] ata3.00: ATAPI: QEMU DVD-ROM, 2.5+, max UDMA/100
[STDERR  ] 2017-10-12T19:53:39.683187981Z: [    5.941974] ata3.00: applying bridge limits
[STDERR  ] 2017-10-12T19:53:39.683199467Z: [    5.943270] ata6: SATA link down (SStatus 0 SControl 300)
[STDERR  ] 2017-10-12T19:53:39.683214046Z: [    5.944636] ata5: SATA link down (SStatus 0 SControl 300)
[STDERR  ] 2017-10-12T19:53:39.683234234Z: [    5.945093] ata4: SATA link down (SStatus 0 SControl 300)
[STDERR  ] 2017-10-12T19:53:39.683248056Z: [    5.950986] ata3.00: configured for UDMA/100
[STDERR  ] 2017-10-12T19:53:39.683259296Z: [    5.967369] scsi 2:0:0:0: CD-ROM            QEMU     QEMU DVD-ROM     2.5+ PQ: 0 ANSI: 5
[STDERR  ] 2017-10-12T19:53:39.683273507Z: [    6.002965] sr 2:0:0:0: [sr0] scsi3-mmc drive: 4x/4x cd/rw xa/form2 tray
[STDERR  ] 2017-10-12T19:53:39.683285467Z: [    6.003573] cdrom: Uniform CD-ROM driver Revision: 3.20
[STDERR  ] 2017-10-12T19:53:39.683298788Z: [    6.014401] sr 2:0:0:0: Attached scsi generic sg0 type 5
[STDERR  ] 2017-10-12T19:53:39.683311628Z: [    6.040038] Key type encrypted registered
[STDERR  ] 2017-10-12T19:53:39.683324438Z: [    6.044153] rtc_cmos 00:00: setting system clock to 2017-10-12 19:53:16 UTC (1507837996)
[STDERR  ] 2017-10-12T19:53:39.683338139Z: [    6.206103] Freeing unused kernel memory: 1380K
[STDERR  ] 2017-10-12T19:53:39.683350277Z: [    6.206477] Write protecting the kernel read-only data: 12288k
[STDERR  ] 2017-10-12T19:53:39.683364079Z: [    6.212299] Freeing unused kernel memory: 124K
[STDERR  ] 2017-10-12T19:53:39.683375293Z: [    6.303448] Freeing unused kernel memory: 1392K
[STDERR  ] 2017-10-12T19:53:39.683389165Z: [    6.320874] tsc: Refined TSC clocksource calibration: 2300.042 MHz
[STDERR  ] 2017-10-12T19:53:39.683400845Z: [    6.321317] clocksource: tsc: mask: 0xffffffffffffffff max_cycles: 0x21275cd9627, max_idle_ns: 440795323243 ns
[STDERR  ] 2017-10-12T19:53:39.683421633Z: [    7.340804] clocksource: Switched to clocksource tsc
[STDERR  ] 2017-10-12T19:53:39.683438901Z: 
[STDERR  ] 2017-10-12T19:53:39.683460488Z: Welcome to LinuxKit
[STDERR  ] 2017-10-12T19:53:39.683474967Z: 
[STDERR  ] 2017-10-12T19:53:39.683485882Z:                         ##         .
[STDERR  ] 2017-10-12T19:53:39.683497048Z:                   ## ## ##        ==
[STDERR  ] 2017-10-12T19:53:39.683510113Z:                ## ## ## ## ##    ===
[STDERR  ] 2017-10-12T19:53:39.683521427Z:            /"""""""""""""""""\___/ ===
[STDERR  ] 2017-10-12T19:53:39.683539852Z:           {                       /  ===-
[STDERR  ] 2017-10-12T19:53:39.683552039Z:            \______ O           __/
[STDERR  ] 2017-10-12T19:53:39.683565039Z:              \    \         __/
[STDERR  ] 2017-10-12T19:53:39.683576215Z:               \____\_______/
[STDERR  ] 2017-10-12T19:53:39.683590309Z: 
[STDERR  ] 2017-10-12T19:53:39.683601812Z: [   15.426028] 8021q: adding VLAN 0 to HW filter on device eth0
[STDERR  ] 2017-10-12T19:53:39.683615022Z: eth0: waiting for carrier
[STDERR  ] 2017-10-12T19:53:39.683627372Z: eth0: carrier acquired
[STDERR  ] 2017-10-12T19:53:39.683638758Z: DUID 00:01:00:01:21:72:84:b6:ca:bc:ab:58:d4:13
[STDERR  ] 2017-10-12T19:53:39.683653048Z: eth0: IAID ab:58:d4:13
[STDERR  ] 2017-10-12T19:53:39.683664383Z: eth0: adding address fe80::19a:b0cb:fdf3:4b93
[STDERR  ] 2017-10-12T19:53:39.683678034Z: eth0: soliciting an IPv6 router
[STDERR  ] 2017-10-12T19:53:39.683689479Z: eth0: soliciting a DHCP lease
[STDERR  ] 2017-10-12T19:53:39.683701694Z: eth0: offered 10.0.2.15 from 10.0.2.2
[STDERR  ] 2017-10-12T19:53:39.683719493Z: eth0: leased 10.0.2.15 for 86400 seconds
[STDERR  ] 2017-10-12T19:53:39.683734049Z: eth0: adding route to 10.0.2.0/24
[STDERR  ] 2017-10-12T19:53:39.683745347Z: eth0: adding default route via 10.0.2.2
[STDERR  ] 2017-10-12T19:53:39.683756341Z: exiting due to oneshot
[STDERR  ] 2017-10-12T19:53:39.683769808Z: dhcpcd exited
[STDERR  ] 2017-10-12T19:53:39.683781309Z: dhcpcd test suite PASSED
[STDERR  ] 2017-10-12T19:53:39.683795825Z: [   28.573281] ACPI: Preparing to enter system sleep state S5
[STDERR  ] 2017-10-12T19:53:39.683807116Z: [   28.574377] reboot: Power down
[STDERR  ] 2017-10-12T19:53:39.683820827Z: + grep -q suite PASSED
[STDERR  ] 2017-10-12T19:53:39.68383267Z: + echo [    0.000000] Linux version 4.9.54-linuxkit (root@e73ac76f2f14) (gcc version 6.3.0 (Alpine 6.3.0) ) #1 SMP Wed Oct 11 11:30:59 UTC 2017
[STDERR  ] 2017-10-12T19:53:39.683852211Z: [    0.000000] Command line: console=ttyS0 page_poison=1
[STDERR  ] 2017-10-12T19:53:39.683863561Z: [    0.000000] x86/fpu: Legacy x87 FPU detected.
[STDERR  ] 2017-10-12T19:53:39.683876255Z: [    0.000000] x86/fpu: Using 'eager' FPU context switches.
[STDERR  ] 2017-10-12T19:53:39.683889085Z: [    0.000000] e820: BIOS-provided physical RAM map:
[STDERR  ] 2017-10-12T19:53:39.683909276Z: [    0.000000] BIOS-e820: [mem 0x0000000000000000-0x000000000009fbff] usable
[STDERR  ] 2017-10-12T19:53:39.683920435Z: [    0.000000] BIOS-e820: [mem 0x000000000009fc00-0x000000000009ffff] reserved
[STDERR  ] 2017-10-12T19:53:39.68394144Z: [    0.000000] BIOS-e820: [mem 0x00000000000f0000-0x00000000000fffff] reserved
[STDERR  ] 2017-10-12T19:53:39.683952948Z: [    0.000000] BIOS-e820: [mem 0x0000000000100000-0x000000003ffdefff] usable
[STDERR  ] 2017-10-12T19:53:39.68397113Z: [    0.000000] BIOS-e820: [mem 0x000000003ffdf000-0x000000003fffffff] reserved
[STDERR  ] 2017-10-12T19:53:39.683983565Z: [    0.000000] BIOS-e820: [mem 0x00000000b0000000-0x00000000bfffffff] reserved
[STDERR  ] 2017-10-12T19:53:39.683997114Z: [    0.000000] BIOS-e820: [mem 0x00000000fed1c000-0x00000000fed1ffff] reserved
[STDERR  ] 2017-10-12T19:53:39.684008376Z: [    0.000000] BIOS-e820: [mem 0x00000000fffc0000-0x00000000ffffffff] reserved
[STDERR  ] 2017-10-12T19:53:39.684028038Z: [    0.000000] NX (Execute Disable) protection: active
[STDERR  ] 2017-10-12T19:53:39.684039986Z: [    0.000000] SMBIOS 2.8 present.
[STDERR  ] 2017-10-12T19:53:39.684054366Z: [    0.000000] e820: last_pfn = 0x3ffdf max_arch_pfn = 0x400000000
[STDERR  ] 2017-10-12T19:53:39.684065684Z: [    0.000000] x86/PAT: Configuration [0-7]: WB  WC  UC- UC  WB  WC  UC- WT  
[STDERR  ] 2017-10-12T19:53:39.684078554Z: [    0.000000] found SMP MP-table at [mem 0x000f6aa0-0x000f6aaf] mapped at [ffff8a2a400f6aa0]
[STDERR  ] 2017-10-12T19:53:39.684091622Z: [    0.000000] RAMDISK: [mem 0x3e648000-0x3ffcffff]
[STDERR  ] 2017-10-12T19:53:39.684104823Z: [    0.000000] ACPI: Early table checksum verification disabled
[STDERR  ] 2017-10-12T19:53:39.684117403Z: [    0.000000] ACPI: RSDP 0x00000000000F68C0 000014 (v00 BOCHS )
[STDERR  ] 2017-10-12T19:53:39.68413397Z: [    0.000000] ACPI: RSDT 0x000000003FFE2404 000034 (v01 BOCHS  BXPCRSDT 00000001 BXPC 00000001)
[STDERR  ] 2017-10-12T19:53:39.684148381Z: [    0.000000] ACPI: FACP 0x000000003FFE22A4 000074 (v01 BOCHS  BXPCFACP 00000001 BXPC 00000001)
[STDERR  ] 2017-10-12T19:53:39.684163618Z: [    0.000000] ACPI: DSDT 0x000000003FFE0040 002264 (v01 BOCHS  BXPCDSDT 00000001 BXPC 00000001)
[STDERR  ] 2017-10-12T19:53:39.684176431Z: [    0.000000] ACPI: FACS 0x000000003FFE0000 000040
[STDERR  ] 2017-10-12T19:53:39.684188798Z: [    0.000000] ACPI: APIC 0x000000003FFE2318 000078 (v01 BOCHS  BXPCAPIC 00000001 BXPC 00000001)
[STDERR  ] 2017-10-12T19:53:39.684202392Z: [    0.000000] ACPI: HPET 0x000000003FFE2390 000038 (v01 BOCHS  BXPCHPET 00000001 BXPC 00000001)
[STDERR  ] 2017-10-12T19:53:39.684215029Z: [    0.000000] ACPI: MCFG 0x000000003FFE23C8 00003C (v01 BOCHS  BXPCMCFG 00000001 BXPC 00000001)
[STDERR  ] 2017-10-12T19:53:39.684228754Z: [    0.000000] Zone ranges:
[STDERR  ] 2017-10-12T19:53:39.68424017Z: [    0.000000]   DMA      [mem 0x0000000000001000-0x0000000000ffffff]
[STDERR  ] 2017-10-12T19:53:39.68425387Z: [    0.000000]   DMA32    [mem 0x0000000001000000-0x000000003ffdefff]
[STDERR  ] 2017-10-12T19:53:39.684270778Z: [    0.000000]   Normal   empty
[STDERR  ] 2017-10-12T19:53:39.68428567Z: [    0.000000] Movable zone start for each node
[STDERR  ] 2017-10-12T19:53:39.684297063Z: [    0.000000] Early memory node ranges
[STDERR  ] 2017-10-12T19:53:39.684316271Z: [    0.000000]   node   0: [mem 0x0000000000001000-0x000000000009efff]
[STDERR  ] 2017-10-12T19:53:39.68432768Z: [    0.000000]   node   0: [mem 0x0000000000100000-0x000000003ffdefff]
[STDERR  ] 2017-10-12T19:53:39.684340999Z: [    0.000000] Initmem setup node 0 [mem 0x0000000000001000-0x000000003ffdefff]
[STDERR  ] 2017-10-12T19:53:39.684352567Z: [    0.000000] ACPI: PM-Timer IO Port: 0x608
[STDERR  ] 2017-10-12T19:53:39.684371729Z: [    0.000000] ACPI: LAPIC_NMI (acpi_id[0xff] dfl dfl lint[0x1])
[STDERR  ] 2017-10-12T19:53:39.684383135Z: [    0.000000] IOAPIC[0]: apic_id 0, version 32, address 0xfec00000, GSI 0-23
[STDERR  ] 2017-10-12T19:53:39.684396636Z: [    0.000000] ACPI: INT_SRC_OVR (bus 0 bus_irq 0 global_irq 2 dfl dfl)
[STDERR  ] 2017-10-12T19:53:39.684409115Z: [    0.000000] ACPI: INT_SRC_OVR (bus 0 bus_irq 5 global_irq 5 high level)
[STDERR  ] 2017-10-12T19:53:39.684429388Z: [    0.000000] ACPI: INT_SRC_OVR (bus 0 bus_irq 9 global_irq 9 high level)
[STDERR  ] 2017-10-12T19:53:39.684441367Z: [    0.000000] ACPI: INT_SRC_OVR (bus 0 bus_irq 10 global_irq 10 high level)
[STDERR  ] 2017-10-12T19:53:39.684454435Z: [    0.000000] ACPI: INT_SRC_OVR (bus 0 bus_irq 11 global_irq 11 high level)
[STDERR  ] 2017-10-12T19:53:39.684471656Z: [    0.000000] Using ACPI (MADT) for SMP configuration information
[STDERR  ] 2017-10-12T19:53:39.684486181Z: [    0.000000] ACPI: HPET id: 0x8086a201 base: 0xfed00000
[STDERR  ] 2017-10-12T19:53:39.684497088Z: [    0.000000] smpboot: Allowing 1 CPUs, 0 hotplug CPUs
[STDERR  ] 2017-10-12T19:53:39.684510974Z: [    0.000000] e820: [mem 0x40000000-0xafffffff] available for PCI devices
[STDERR  ] 2017-10-12T19:53:39.68452356Z: [    0.000000] Booting paravirtualized kernel on bare hardware
[STDERR  ] 2017-10-12T19:53:39.684535727Z: [    0.000000] clocksource: refined-jiffies: mask: 0xffffffff max_cycles: 0xffffffff, max_idle_ns: 19112604462750000 ns
[STDERR  ] 2017-10-12T19:53:39.684549682Z: [    0.000000] setup_percpu: NR_CPUS:128 nr_cpumask_bits:128 nr_cpu_ids:1 nr_node_ids:1
[STDERR  ] 2017-10-12T19:53:39.684562809Z: [    0.000000] percpu: Embedded 35 pages/cpu @ffff8a2a7e400000 s105240 r8192 d29928 u2097152
[STDERR  ] 2017-10-12T19:53:39.684576568Z: [    0.000000] Built 1 zonelists in Zone order, mobility grouping on.  Total pages: 257896
[STDERR  ] 2017-10-12T19:53:39.684589597Z: [    0.000000] Kernel command line: console=ttyS0 page_poison=1
[STDERR  ] 2017-10-12T19:53:39.684602613Z: [    0.000000] PID hash table entries: 4096 (order: 3, 32768 bytes)
[STDERR  ] 2017-10-12T19:53:39.684619186Z: [    0.000000] Dentry cache hash table entries: 131072 (order: 8, 1048576 bytes)
[STDERR  ] 2017-10-12T19:53:39.684632736Z: [    0.000000] Inode-cache hash table entries: 65536 (order: 7, 524288 bytes)
[STDERR  ] 2017-10-12T19:53:39.684644285Z: [    0.000000] Memory: 988028K/1048052K available (8052K kernel code, 1367K rwdata, 2704K rodata, 1380K init, 568K bss, 60024K reserved, 0K cma-reserved)
[STDERR  ] 2017-10-12T19:53:39.68465888Z: [    0.000000] Hierarchical RCU implementation.
[STDERR  ] 2017-10-12T19:53:39.684670172Z: [    0.000000] 	Build-time adjustment of leaf fanout to 64.
[STDERR  ] 2017-10-12T19:53:39.68468441Z: [    0.000000] 	RCU restricting CPUs from NR_CPUS=128 to nr_cpu_ids=1.
[STDERR  ] 2017-10-12T19:53:39.684696191Z: [    0.000000] RCU: Adjusting geometry for rcu_fanout_leaf=64, nr_cpu_ids=1
[STDERR  ] 2017-10-12T19:53:39.684708037Z: [    0.000000] NR_IRQS:8448 nr_irqs:256 16
[STDERR  ] 2017-10-12T19:53:39.684721037Z: [    0.000000] Console: colour VGA+ 80x25
[STDERR  ] 2017-10-12T19:53:39.684736388Z: [    0.000000] console [ttyS0] enabled
[STDERR  ] 2017-10-12T19:53:39.68475015Z: [    0.000000] allocated 2097152 bytes of page_ext
[STDERR  ] 2017-10-12T19:53:39.684761354Z: [    0.000000] clocksource: hpet: mask: 0xffffffff max_cycles: 0xffffffff, max_idle_ns: 19112604467 ns
[STDERR  ] 2017-10-12T19:53:39.684774751Z: [    0.000000] tsc: Fast TSC calibration using PIT
[STDERR  ] 2017-10-12T19:53:39.684786468Z: [    0.000000] tsc: Detected 2300.120 MHz processor
[STDERR  ] 2017-10-12T19:53:39.684799983Z: [    0.021311] Calibrating delay loop (skipped), value calculated using timer frequency.. 4600.24 BogoMIPS (lpj=23001200)
[STDERR  ] 2017-10-12T19:53:39.684812967Z: [    0.022333] pid_max: default: 32768 minimum: 301
[STDERR  ] 2017-10-12T19:53:39.684825884Z: [    0.023168] ACPI: Core revision 20160831
[STDERR  ] 2017-10-12T19:53:39.684844073Z: [    0.069121] ACPI: 1 ACPI AML tables successfully acquired and loaded
[STDERR  ] 2017-10-12T19:53:39.684857166Z: [    0.072406] Security Framework initialized
[STDERR  ] 2017-10-12T19:53:39.684869359Z: [    0.072794] Yama: becoming mindful.
[STDERR  ] 2017-10-12T19:53:39.684881016Z: [    0.074556] Mount-cache hash table entries: 2048 (order: 2, 16384 bytes)
[STDERR  ] 2017-10-12T19:53:39.684894259Z: [    0.075103] Mountpoint-cache hash table entries: 2048 (order: 2, 16384 bytes)
[STDERR  ] 2017-10-12T19:53:39.684905651Z: [    0.094327] Last level iTLB entries: 4KB 0, 2MB 0, 4MB 0
[STDERR  ] 2017-10-12T19:53:39.684919865Z: [    0.094687] Last level dTLB entries: 4KB 0, 2MB 0, 4MB 0, 1GB 0
[STDERR  ] 2017-10-12T19:53:39.684931583Z: [    0.393550] Freeing SMP alternatives memory: 20K
[STDERR  ] 2017-10-12T19:53:39.684945054Z: [    0.402034] ftrace: allocating 35580 entries in 139 pages
[STDERR  ] 2017-10-12T19:53:39.684957038Z: [    0.616555] smpboot: Max logical packages: 1
[STDERR  ] 2017-10-12T19:53:39.684978112Z: [    0.622475] ..TIMER: vector=0x30 apic1=0 pin1=2 apic2=-1 pin2=-1
[STDERR  ] 2017-10-12T19:53:39.684989773Z: [    0.730000] smpboot: CPU0: AMD QEMU Virtual CPU version 2.5+ (family: 0x6, model: 0x6, stepping: 0x3)
[STDERR  ] 2017-10-12T19:53:39.685002595Z: [    0.730000] Performance Events: PMU not available due to virtualization, using software events only.
[STDERR  ] 2017-10-12T19:53:39.685015581Z: [    0.737457] NMI watchdog: disabled (cpu0): hardware events not enabled
[STDERR  ] 2017-10-12T19:53:39.685027858Z: [    0.737865] NMI watchdog: Shutting down hard lockup detector on all cpus
[STDERR  ] 2017-10-12T19:53:39.685041516Z: [    0.740471] x86: Booted up 1 node, 1 CPUs
[STDERR  ] 2017-10-12T19:53:39.685052542Z: [    0.740764] smpboot: Total of 1 processors activated (4600.24 BogoMIPS)
[STDERR  ] 2017-10-12T19:53:39.685067214Z: [    0.754821] devtmpfs: initialized
[STDERR  ] 2017-10-12T19:53:39.685078616Z: [    0.759307] x86/mm: Memory block size: 128MB
[STDERR  ] 2017-10-12T19:53:39.685091339Z: [    0.822138] clocksource: jiffies: mask: 0xffffffff max_cycles: 0xffffffff, max_idle_ns: 19112604462750000 ns
[STDERR  ] 2017-10-12T19:53:39.685114222Z: [    0.822910] futex hash table entries: 256 (order: 2, 16384 bytes)
[STDERR  ] 2017-10-12T19:53:39.685129147Z: [    0.830976] NET: Registered protocol family 16
[STDERR  ] 2017-10-12T19:53:39.685140346Z: [    0.839867] cpuidle: using governor ladder
[STDERR  ] 2017-10-12T19:53:39.685154332Z: [    0.840189] cpuidle: using governor menu
[STDERR  ] 2017-10-12T19:53:39.685166201Z: [    0.841226] ACPI: bus type PCI registered
[STDERR  ] 2017-10-12T19:53:39.685186398Z: [    0.843827] PCI: MMCONFIG for domain 0000 [bus 00-ff] at [mem 0xb0000000-0xbfffffff] (base 0xb0000000)
[STDERR  ] 2017-10-12T19:53:39.68519782Z: [    0.844409] PCI: MMCONFIG at [mem 0xb0000000-0xbfffffff] reserved in E820
[STDERR  ] 2017-10-12T19:53:39.685212146Z: [    0.845569] PCI: Using configuration type 1 for base access
[STDERR  ] 2017-10-12T19:53:39.685223726Z: [    0.899124] HugeTLB registered 2 MB page size, pre-allocated 0 pages
[STDERR  ] 2017-10-12T19:53:39.685236008Z: [    0.911839] ACPI: Added _OSI(Module Device)
[STDERR  ] 2017-10-12T19:53:39.685249133Z: [    0.912131] ACPI: Added _OSI(Processor Device)
[STDERR  ] 2017-10-12T19:53:39.685260488Z: [    0.912402] ACPI: Added _OSI(3.0 _SCP Extensions)
[STDERR  ] 2017-10-12T19:53:39.685274882Z: [    0.912664] ACPI: Added _OSI(Processor Aggregator Device)
[STDERR  ] 2017-10-12T19:53:39.68528625Z: [    0.985533] ACPI: Interpreter enabled
[STDERR  ] 2017-10-12T19:53:39.68529928Z: [    0.986248] ACPI: (supports S0 S5)
[STDERR  ] 2017-10-12T19:53:39.685310968Z: [    0.986509] ACPI: Using IOAPIC for interrupt routing
[STDERR  ] 2017-10-12T19:53:39.685323727Z: [    0.988462] PCI: Using host bridge windows from ACPI; if necessary, use "pci=nocrs" and report a bug
[STDERR  ] 2017-10-12T19:53:39.685336954Z: [    1.055852] ACPI: PCI Root Bridge [PCI0] (domain 0000 [bus 00-ff])
[STDERR  ] 2017-10-12T19:53:39.685349482Z: [    1.056698] acpi PNP0A08:00: _OSC: OS supports [ExtendedConfig ASPM ClockPM Segments MSI]
[STDERR  ] 2017-10-12T19:53:39.685371368Z: [    1.062189] acpi PNP0A08:00: _OSC: OS now controls [PCIeHotplug PME PCIeCapability]
[STDERR  ] 2017-10-12T19:53:39.685385951Z: [    1.065672] PCI host bridge to bus 0000:00
[STDERR  ] 2017-10-12T19:53:39.685397707Z: [    1.066057] pci_bus 0000:00: root bus resource [io  0x0000-0x0cf7 window]
[STDERR  ] 2017-10-12T19:53:39.68541009Z: [    1.066446] pci_bus 0000:00: root bus resource [io  0x0d00-0xffff window]
[STDERR  ] 2017-10-12T19:53:39.685429682Z: [    1.066836] pci_bus 0000:00: root bus resource [mem 0x000a0000-0x000bffff window]
[STDERR  ] 2017-10-12T19:53:39.685442171Z: [    1.067252] pci_bus 0000:00: root bus resource [mem 0xc0000000-0xfebfffff window]
[STDERR  ] 2017-10-12T19:53:39.685454639Z: [    1.067780] pci_bus 0000:00: root bus resource [bus 00-ff]
[STDERR  ] 2017-10-12T19:53:39.685474986Z: [    1.172217] pci 0000:00:1f.0: quirk: [io  0x0600-0x067f] claimed by ICH6 ACPI/GPIO/TCO
[STDERR  ] 2017-10-12T19:53:39.685487644Z: [    1.268581] ACPI: PCI Interrupt Link [LNKA] (IRQs 5 *10 11)
[STDERR  ] 2017-10-12T19:53:39.685499634Z: [    1.271527] ACPI: PCI Interrupt Link [LNKB] (IRQs 5 *10 11)
[STDERR  ] 2017-10-12T19:53:39.685512712Z: [    1.273937] ACPI: PCI Interrupt Link [LNKC] (IRQs 5 10 *11)
[STDERR  ] 2017-10-12T19:53:39.685523988Z: [    1.276353] ACPI: PCI Interrupt Link [LNKD] (IRQs 5 10 *11)
[STDERR  ] 2017-10-12T19:53:39.685538246Z: [    1.278675] ACPI: PCI Interrupt Link [LNKE] (IRQs 5 *10 11)
[STDERR  ] 2017-10-12T19:53:39.685549839Z: [    1.281388] ACPI: PCI Interrupt Link [LNKF] (IRQs 5 *10 11)
[STDERR  ] 2017-10-12T19:53:39.685567783Z: [    1.283728] ACPI: PCI Interrupt Link [LNKG] (IRQs 5 10 *11)
[STDERR  ] 2017-10-12T19:53:39.685579209Z: [    1.286170] ACPI: PCI Interrupt Link [LNKH] (IRQs 5 10 *11)
[STDERR  ] 2017-10-12T19:53:39.685593636Z: [    1.287211] ACPI: PCI Interrupt Link [GSIA] (IRQs *16)
[STDERR  ] 2017-10-12T19:53:39.685604768Z: [    1.287969] ACPI: PCI Interrupt Link [GSIB] (IRQs *17)
[STDERR  ] 2017-10-12T19:53:39.685616977Z: [    1.288709] ACPI: PCI Interrupt Link [GSIC] (IRQs *18)
[STDERR  ] 2017-10-12T19:53:39.685634619Z: [    1.289459] ACPI: PCI Interrupt Link [GSID] (IRQs *19)
[STDERR  ] 2017-10-12T19:53:39.685647975Z: [    1.290326] ACPI: PCI Interrupt Link [GSIE] (IRQs *20)
[STDERR  ] 2017-10-12T19:53:39.685660387Z: [    1.291092] ACPI: PCI Interrupt Link [GSIF] (IRQs *21)
[STDERR  ] 2017-10-12T19:53:39.685672843Z: [    1.291825] ACPI: PCI Interrupt Link [GSIG] (IRQs *22)
[STDERR  ] 2017-10-12T19:53:39.685685565Z: [    1.292554] ACPI: PCI Interrupt Link [GSIH] (IRQs *23)
[STDERR  ] 2017-10-12T19:53:39.685697083Z: [    1.298025] ACPI: Enabled 2 GPEs in block 00 to 3F
[STDERR  ] 2017-10-12T19:53:39.685711898Z: [    1.304854] SCSI subsystem initialized
[STDERR  ] 2017-10-12T19:53:39.685723392Z: [    1.307844] ACPI: bus type USB registered
[STDERR  ] 2017-10-12T19:53:39.685736297Z: [    1.309353] usbcore: registered new interface driver usbfs
[STDERR  ] 2017-10-12T19:53:39.685755273Z: [    1.310825] usbcore: registered new interface driver hub
[STDERR  ] 2017-10-12T19:53:39.685770109Z: [    1.311788] usbcore: registered new device driver usb
[STDERR  ] 2017-10-12T19:53:39.685781265Z: [    1.313411] pps_core: LinuxPPS API ver. 1 registered
[STDERR  ] 2017-10-12T19:53:39.685795462Z: [    1.313758] pps_core: Software ver. 5.3.6 - Copyright 2005-2007 Rodolfo Giometti <giometti@linux.it>
[STDERR  ] 2017-10-12T19:53:39.685807056Z: [    1.314507] PTP clock support registered
[STDERR  ] 2017-10-12T19:53:39.685819948Z: [    1.316188] wmi: Mapper loaded
[STDERR  ] 2017-10-12T19:53:39.685832246Z: [    1.317730] PCI: Using ACPI for IRQ routing
[STDERR  ] 2017-10-12T19:53:39.685844691Z: [    1.348607] NetLabel: Initializing
[STDERR  ] 2017-10-12T19:53:39.685857719Z: [    1.348873] NetLabel:  domain hash size = 128
[STDERR  ] 2017-10-12T19:53:39.685869292Z: [    1.349143] NetLabel:  protocols = UNLABELED CIPSOv4
[STDERR  ] 2017-10-12T19:53:39.685883619Z: [    1.352100] NetLabel:  unlabeled traffic allowed by default
[STDERR  ] 2017-10-12T19:53:39.685899088Z: [    1.353448] HPET: 3 timers in total, 0 timers will be used for per-cpu timer
[STDERR  ] 2017-10-12T19:53:39.685913379Z: [    1.354318] hpet0: at MMIO 0xfed00000, IRQs 2, 8, 0
[STDERR  ] 2017-10-12T19:53:39.685924743Z: [    1.354870] hpet0: 3 comparators, 64-bit 100.000000 MHz counter
[STDERR  ] 2017-10-12T19:53:39.685938246Z: [    1.361324] clocksource: Switched to clocksource hpet
[STDERR  ] 2017-10-12T19:53:39.685950405Z: [    1.646445] VFS: Disk quotas dquot_6.6.0
[STDERR  ] 2017-10-12T19:53:39.685963888Z: [    1.647162] VFS: Dquot-cache hash table entries: 512 (order 0, 4096 bytes)
[STDERR  ] 2017-10-12T19:53:39.685976263Z: [    1.649703] FS-Cache: Loaded
[STDERR  ] 2017-10-12T19:53:39.68598887Z: [    1.654644] CacheFiles: Loaded
[STDERR  ] 2017-10-12T19:53:39.686001061Z: [    1.656236] pnp: PnP ACPI init
[STDERR  ] 2017-10-12T19:53:39.686012139Z: [    1.667264] pnp: PnP ACPI: found 5 devices
[STDERR  ] 2017-10-12T19:53:39.686026662Z: [    1.716624] clocksource: acpi_pm: mask: 0xffffff max_cycles: 0xffffff, max_idle_ns: 2085701024 ns
[STDERR  ] 2017-10-12T19:53:39.68604635Z: [    1.719360] NET: Registered protocol family 2
[STDERR  ] 2017-10-12T19:53:39.686064005Z: [    1.726547] TCP established hash table entries: 8192 (order: 4, 65536 bytes)
[STDERR  ] 2017-10-12T19:53:39.686076914Z: [    1.727255] TCP bind hash table entries: 8192 (order: 5, 131072 bytes)
[STDERR  ] 2017-10-12T19:53:39.686089769Z: [    1.727900] TCP: Hash tables configured (established 8192 bind 8192)
[STDERR  ] 2017-10-12T19:53:39.686102619Z: [    1.729811] UDP hash table entries: 512 (order: 2, 16384 bytes)
[STDERR  ] 2017-10-12T19:53:39.68611578Z: [    1.730510] UDP-Lite hash table entries: 512 (order: 2, 16384 bytes)
[STDERR  ] 2017-10-12T19:53:39.686127103Z: [    1.732744] NET: Registered protocol family 1
[STDERR  ] 2017-10-12T19:53:39.686141799Z: [    1.733642] pci 0000:00:01.0: Video device with shadowed ROM at [mem 0x000c0000-0x000dffff]
[STDERR  ] 2017-10-12T19:53:39.686153563Z: [    1.741762] Unpacking initramfs...
[STDERR  ] 2017-10-12T19:53:39.686167723Z: [    5.257435] Freeing initrd memory: 26144K
[STDERR  ] 2017-10-12T19:53:39.686184605Z: [    5.286731] PCLMULQDQ-NI instructions are not detected.
[STDERR  ] 2017-10-12T19:53:39.686198388Z: [    5.287806] AVX or AES-NI instructions are not detected.
[STDERR  ] 2017-10-12T19:53:39.686209729Z: [    5.288227] CPU feature 'AVX registers' is not supported.
[STDERR  ] 2017-10-12T19:53:39.686224261Z: [    5.288599] CPU feature 'AVX registers' is not supported.
[STDERR  ] 2017-10-12T19:53:39.686235053Z: [    5.288977] CPU feature 'AVX registers' is not supported.
[STDERR  ] 2017-10-12T19:53:39.686247724Z: [    5.289348] CPU feature 'AVX registers' is not supported.
[STDERR  ] 2017-10-12T19:53:39.686260491Z: [    5.289712] AVX2 or AES-NI instructions are not detected.
[STDERR  ] 2017-10-12T19:53:39.686271776Z: [    5.290269] AVX2 instructions are not detected.
[STDERR  ] 2017-10-12T19:53:39.686286432Z: [    5.295430] audit: initializing netlink subsys (disabled)
[STDERR  ] 2017-10-12T19:53:39.686297716Z: [    5.297030] audit: type=2000 audit(1507837995.290:1): initialized
[STDERR  ] 2017-10-12T19:53:39.686318586Z: [    5.304793] workingset: timestamp_bits=46 max_order=18 bucket_order=0
[STDERR  ] 2017-10-12T19:53:39.686331528Z: [    5.309176] squashfs: version 4.0 (2009/01/31) Phillip Lougher
[STDERR  ] 2017-10-12T19:53:39.686344607Z: [    5.312353] FS-Cache: Netfs 'cifs' registered for caching
[STDERR  ] 2017-10-12T19:53:39.686356234Z: [    5.313232] fuse init (API version 7.26)
[STDERR  ] 2017-10-12T19:53:39.686370571Z: [    5.317872] SGI XFS with ACLs, security attributes, no debug enabled
[STDERR  ] 2017-10-12T19:53:39.686381707Z: [    5.322036] 9p: Installing v9fs 9p2000 file system support
[STDERR  ] 2017-10-12T19:53:39.686395315Z: [    5.322519] FS-Cache: Netfs '9p' registered for caching
[STDERR  ] 2017-10-12T19:53:39.686407482Z: [    5.356940] NET: Registered protocol family 38
[STDERR  ] 2017-10-12T19:53:39.68642648Z: [    5.357446] Key type asymmetric registered
[STDERR  ] 2017-10-12T19:53:39.686438322Z: [    5.357770] Asymmetric key parser 'x509' registered
[STDERR  ] 2017-10-12T19:53:39.686450978Z: [    5.358455] Block layer SCSI generic (bsg) driver version 0.4 loaded (major 251)
[STDERR  ] 2017-10-12T19:53:39.686463435Z: [    5.359842] io scheduler noop registered
[STDERR  ] 2017-10-12T19:53:39.686481512Z: [    5.360363] io scheduler deadline registered (default)
[STDERR  ] 2017-10-12T19:53:39.686493365Z: [    5.361060] io scheduler cfq registered
[STDERR  ] 2017-10-12T19:53:39.686505472Z: [    5.363453] pci_hotplug: PCI Hot Plug PCI Core version: 0.5
[STDERR  ] 2017-10-12T19:53:39.686519018Z: [    5.364000] pciehp: PCI Express Hot Plug Controller Driver version: 0.4
[STDERR  ] 2017-10-12T19:53:39.686531065Z: [    5.364782] shpchp: Standard Hot Plug PCI Controller Driver version: 0.4
[STDERR  ] 2017-10-12T19:53:39.68654499Z: [    5.365549] hv_vmbus: registering driver hyperv_fb
[STDERR  ] 2017-10-12T19:53:39.686556459Z: [    5.368496] input: Power Button as /devices/LNXSYSTM:00/LNXPWRBN:00/input/input0
[STDERR  ] 2017-10-12T19:53:39.686569935Z: [    5.369513] ACPI: Power Button [PWRF]
[STDERR  ] 2017-10-12T19:53:39.686581704Z: [    5.376319] GHES: HEST is not enabled!
[STDERR  ] 2017-10-12T19:53:39.686595109Z: [    5.387042] ACPI: PCI Interrupt Link [GSIG] enabled at IRQ 22
[STDERR  ] 2017-10-12T19:53:39.686607026Z: [    5.398835] ACPI: PCI Interrupt Link [GSIH] enabled at IRQ 23
[STDERR  ] 2017-10-12T19:53:39.686619233Z: [    5.402903] xenfs: not registering filesystem on non-xen platform
