[INFO    ] 2017-09-28T22:04:02.858863786Z: Running Test linuxkit.packages.containerd in /tmp/build/test/cases/040_packages/003_containerd
[INFO    ] 2017-09-28T22:04:02.858958503Z: Running command: [/bin/sh -x /tmp/build/test/cases/040_packages/003_containerd/test.sh]
[STDERR  ] 2017-09-28T22:04:02.860102844Z: + set -e
[STDERR  ] 2017-09-28T22:04:02.860165972Z: + . /tmp/build/test/cases/_lib/lib.sh
[STDERR  ] 2017-09-28T22:04:02.860178201Z: + [ -f src/github.com/linuxkit/rtf/lib/lib.sh ]
[STDERR  ] 2017-09-28T22:04:02.860188505Z: + LINUXKIT_TMPDIR=/tmp/build/test/cases/_tmp
[STDERR  ] 2017-09-28T22:04:02.860198353Z: + [ -f /tmp/build/test/cases/_tmp/env.sh ]
[STDERR  ] 2017-09-28T22:04:02.860208185Z: + . /tmp/build/test/cases/_tmp/env.sh
[STDERR  ] 2017-09-28T22:04:02.860220658Z: + export LINUXKIT_EXAMPLES_DIR=/tmp/build/test/cases/../../examples
[STDERR  ] 2017-09-28T22:04:02.860235155Z: + export LINUXKIT_BLUEPRINTS_DIR=/tmp/build/test/cases/../../blueprints
[STDERR  ] 2017-09-28T22:04:02.860245928Z: + RT_CANCEL=253
[STDERR  ] 2017-09-28T22:04:02.860254377Z: + NAME=containerd
[STDERR  ] 2017-09-28T22:04:02.860263307Z: + trap clean_up EXIT
[STDERR  ] 2017-09-28T22:04:02.860271922Z: + moby build -format kernel+initrd -name containerd test.yml
[STDERR  ] 2017-09-28T22:04:02.897375701Z: Extract kernel image: linuxkit/kernel:4.9.51
[STDERR  ] 2017-09-28T22:04:04.806475734Z: Add init containers:
[STDERR  ] 2017-09-28T22:04:04.806562096Z: Process init image: linuxkit/init:6fe9d31a53bbd200183bb31edd795305e868d5a7
[STDERR  ] 2017-09-28T22:04:06.089448808Z: Process init image: linuxkit/runc:a1b564248a0d0b118c11e61db9f84ecf41dd2d2a
[STDERR  ] 2017-09-28T22:04:07.366247531Z: Process init image: linuxkit/containerd:ad6710e069cb538c76314a28e09d6b49958c88e0
[STDERR  ] 2017-09-28T22:04:08.910242031Z: Process init image: linuxkit/ca-certificates:e44b0a66df5a102c0e220f0066b0d904710dcb10
[STDERR  ] 2017-09-28T22:04:10.116354143Z: Add onboot containers:
[STDERR  ] 2017-09-28T22:04:10.116419846Z:   Create OCI config for linuxkit/dhcpcd:d4408777ed6b6e6e562a5d4938fd09804324b33e
[STDERR  ] 2017-09-28T22:04:11.348219112Z:   Create OCI config for linuxkit/sysctl:154913b72c6f1f33eb408609fca9963628e8c051
[STDERR  ] 2017-09-28T22:04:12.577580909Z:   Create OCI config for linuxkit/format:158d992b7bf7ab984100c697d7e72161ea7d7382
[STDERR  ] 2017-09-28T22:04:14.014706305Z:   Create OCI config for linuxkit/mount:4fe245efb01384e42622c36302e13e386bbaeb08
[STDERR  ] 2017-09-28T22:04:15.244070364Z:   Create OCI config for linuxkit/test-containerd:61fd0522e813da9b520b8153db5d4e9030b446ce
[STDERR  ] 2017-09-28T22:04:17.193953946Z: Pull image: docker.io/linuxkit/test-containerd:61fd0522e813da9b520b8153db5d4e9030b446ce@sha256:14b0e867070dece3253722bd8d689fadb63d84b0e5a2d1997f2d6da9e9cb17e5
[STDERR  ] 2017-09-28T22:04:36.85461514Z:   Create OCI config for linuxkit/poweroff:1e9876c682c74d0602b7647c628bb0875fb13998
[STDERR  ] 2017-09-28T22:04:38.316076449Z: Create outputs:
[STDERR  ] 2017-09-28T22:05:08.062559682Z:   containerd-kernel containerd-initrd.img containerd-cmdline
[STDERR  ] 2017-09-28T22:05:08.359863143Z: + linuxkit run -mem 2048 -disk size=2G containerd
[STDERR  ] 2017-09-28T22:05:08.452377055Z: Unable to find qemu-system-x86_64 within the $PATH. Using a container
[STDERR  ] 2017-09-28T22:16:03.350507508Z: + RESULT=[    0.000000] Linux version 4.9.51-linuxkit (root@3253c0754a54) (gcc version 6.3.0 (Alpine 6.3.0) ) #1 SMP Wed Sep 20 11:32:07 UTC 2017
[STDERR  ] 2017-09-28T22:16:03.350570856Z: [    0.000000] Command line: console=ttyS0 page_poison=1
[STDERR  ] 2017-09-28T22:16:03.350579318Z: [    0.000000] x86/fpu: Legacy x87 FPU detected.
[STDERR  ] 2017-09-28T22:16:03.350588054Z: [    0.000000] x86/fpu: Using 'eager' FPU context switches.
[STDERR  ] 2017-09-28T22:16:03.350595068Z: [    0.000000] e820: BIOS-provided physical RAM map:
[STDERR  ] 2017-09-28T22:16:03.350602447Z: [    0.000000] BIOS-e820: [mem 0x0000000000000000-0x000000000009fbff] usable
[STDERR  ] 2017-09-28T22:16:03.350609829Z: [    0.000000] BIOS-e820: [mem 0x000000000009fc00-0x000000000009ffff] reserved
[STDERR  ] 2017-09-28T22:16:03.350625784Z: [    0.000000] BIOS-e820: [mem 0x00000000000f0000-0x00000000000fffff] reserved
[STDERR  ] 2017-09-28T22:16:03.350632499Z: [    0.000000] BIOS-e820: [mem 0x0000000000100000-0x000000007ffdefff] usable
[STDERR  ] 2017-09-28T22:16:03.350640327Z: [    0.000000] BIOS-e820: [mem 0x000000007ffdf000-0x000000007fffffff] reserved
[STDERR  ] 2017-09-28T22:16:03.350648685Z: [    0.000000] BIOS-e820: [mem 0x00000000b0000000-0x00000000bfffffff] reserved
[STDERR  ] 2017-09-28T22:16:03.350655466Z: [    0.000000] BIOS-e820: [mem 0x00000000fed1c000-0x00000000fed1ffff] reserved
[STDERR  ] 2017-09-28T22:16:03.350661811Z: [    0.000000] BIOS-e820: [mem 0x00000000fffc0000-0x00000000ffffffff] reserved
[STDERR  ] 2017-09-28T22:16:03.350669673Z: [    0.000000] NX (Execute Disable) protection: active
[STDERR  ] 2017-09-28T22:16:03.350676219Z: [    0.000000] SMBIOS 2.8 present.
[STDERR  ] 2017-09-28T22:16:03.350682831Z: [    0.000000] e820: last_pfn = 0x7ffdf max_arch_pfn = 0x400000000
[STDERR  ] 2017-09-28T22:16:03.350689244Z: [    0.000000] x86/PAT: Configuration [0-7]: WB  WC  UC- UC  WB  WC  UC- WT  
[STDERR  ] 2017-09-28T22:16:03.35069547Z: [    0.000000] found SMP MP-table at [mem 0x000f6aa0-0x000f6aaf] mapped at [ffff8a78c00f6aa0]
[STDERR  ] 2017-09-28T22:16:03.350705115Z: [    0.000000] RAMDISK: [mem 0x73f6e000-0x7ffcffff]
[STDERR  ] 2017-09-28T22:16:03.350710984Z: [    0.000000] ACPI: Early table checksum verification disabled
[STDERR  ] 2017-09-28T22:16:03.350717272Z: [    0.000000] ACPI: RSDP 0x00000000000F68C0 000014 (v00 BOCHS )
[STDERR  ] 2017-09-28T22:16:03.350723261Z: [    0.000000] ACPI: RSDT 0x000000007FFE2404 000034 (v01 BOCHS  BXPCRSDT 00000001 BXPC 00000001)
[STDERR  ] 2017-09-28T22:16:03.35074743Z: [    0.000000] ACPI: FACP 0x000000007FFE22A4 000074 (v01 BOCHS  BXPCFACP 00000001 BXPC 00000001)
[STDERR  ] 2017-09-28T22:16:03.350754569Z: [    0.000000] ACPI: DSDT 0x000000007FFE0040 002264 (v01 BOCHS  BXPCDSDT 00000001 BXPC 00000001)
[STDERR  ] 2017-09-28T22:16:03.350767854Z: [    0.000000] ACPI: FACS 0x000000007FFE0000 000040
[STDERR  ] 2017-09-28T22:16:03.350774012Z: [    0.000000] ACPI: APIC 0x000000007FFE2318 000078 (v01 BOCHS  BXPCAPIC 00000001 BXPC 00000001)
[STDERR  ] 2017-09-28T22:16:03.350780113Z: [    0.000000] ACPI: HPET 0x000000007FFE2390 000038 (v01 BOCHS  BXPCHPET 00000001 BXPC 00000001)
[STDERR  ] 2017-09-28T22:16:03.350786207Z: [    0.000000] ACPI: MCFG 0x000000007FFE23C8 00003C (v01 BOCHS  BXPCMCFG 00000001 BXPC 00000001)
[STDERR  ] 2017-09-28T22:16:03.350792483Z: [    0.000000] Zone ranges:
[STDERR  ] 2017-09-28T22:16:03.350798405Z: [    0.000000]   DMA      [mem 0x0000000000001000-0x0000000000ffffff]
[STDERR  ] 2017-09-28T22:16:03.350804377Z: [    0.000000]   DMA32    [mem 0x0000000001000000-0x000000007ffdefff]
[STDERR  ] 2017-09-28T22:16:03.350813628Z: [    0.000000]   Normal   empty
[STDERR  ] 2017-09-28T22:16:03.350819525Z: [    0.000000] Movable zone start for each node
[STDERR  ] 2017-09-28T22:16:03.350825269Z: [    0.000000] Early memory node ranges
[STDERR  ] 2017-09-28T22:16:03.350830899Z: [    0.000000]   node   0: [mem 0x0000000000001000-0x000000000009efff]
[STDERR  ] 2017-09-28T22:16:03.3508372Z: [    0.000000]   node   0: [mem 0x0000000000100000-0x000000007ffdefff]
[STDERR  ] 2017-09-28T22:16:03.350842791Z: [    0.000000] Initmem setup node 0 [mem 0x0000000000001000-0x000000007ffdefff]
[STDERR  ] 2017-09-28T22:16:03.350848374Z: [    0.000000] ACPI: PM-Timer IO Port: 0x608
[STDERR  ] 2017-09-28T22:16:03.350854898Z: [    0.000000] ACPI: LAPIC_NMI (acpi_id[0xff] dfl dfl lint[0x1])
[STDERR  ] 2017-09-28T22:16:03.350860879Z: [    0.000000] IOAPIC[0]: apic_id 0, version 32, address 0xfec00000, GSI 0-23
[STDERR  ] 2017-09-28T22:16:03.350866448Z: [    0.000000] ACPI: INT_SRC_OVR (bus 0 bus_irq 0 global_irq 2 dfl dfl)
[STDERR  ] 2017-09-28T22:16:03.350874297Z: [    0.000000] ACPI: INT_SRC_OVR (bus 0 bus_irq 5 global_irq 5 high level)
[STDERR  ] 2017-09-28T22:16:03.350879983Z: [    0.000000] ACPI: INT_SRC_OVR (bus 0 bus_irq 9 global_irq 9 high level)
[STDERR  ] 2017-09-28T22:16:03.3508886Z: [    0.000000] ACPI: INT_SRC_OVR (bus 0 bus_irq 10 global_irq 10 high level)
[STDERR  ] 2017-09-28T22:16:03.350894466Z: [    0.000000] ACPI: INT_SRC_OVR (bus 0 bus_irq 11 global_irq 11 high level)
[STDERR  ] 2017-09-28T22:16:03.350900067Z: [    0.000000] Using ACPI (MADT) for SMP configuration information
[STDERR  ] 2017-09-28T22:16:03.350905672Z: [    0.000000] ACPI: HPET id: 0x8086a201 base: 0xfed00000
[STDERR  ] 2017-09-28T22:16:03.350912704Z: [    0.000000] smpboot: Allowing 1 CPUs, 0 hotplug CPUs
[STDERR  ] 2017-09-28T22:16:03.350918132Z: [    0.000000] e820: [mem 0xc0000000-0xfed1bfff] available for PCI devices
[STDERR  ] 2017-09-28T22:16:03.350924257Z: [    0.000000] Booting paravirtualized kernel on bare hardware
[STDERR  ] 2017-09-28T22:16:03.350929718Z: [    0.000000] clocksource: refined-jiffies: mask: 0xffffffff max_cycles: 0xffffffff, max_idle_ns: 19112604462750000 ns
[STDERR  ] 2017-09-28T22:16:03.350940171Z: [    0.000000] setup_percpu: NR_CPUS:128 nr_cpumask_bits:128 nr_cpu_ids:1 nr_node_ids:1
[STDERR  ] 2017-09-28T22:16:03.350946544Z: [    0.000000] percpu: Embedded 35 pages/cpu @ffff8a7933c00000 s105240 r8192 d29928 u2097152
[STDERR  ] 2017-09-28T22:16:03.350960684Z: [    0.000000] Built 1 zonelists in Zone order, mobility grouping on.  Total pages: 515944
[STDERR  ] 2017-09-28T22:16:03.350970536Z: [    0.000000] Kernel command line: console=ttyS0 page_poison=1
[STDERR  ] 2017-09-28T22:16:03.350976442Z: [    0.000000] PID hash table entries: 4096 (order: 3, 32768 bytes)
[STDERR  ] 2017-09-28T22:16:03.350981882Z: [    0.000000] Dentry cache hash table entries: 262144 (order: 9, 2097152 bytes)
[STDERR  ] 2017-09-28T22:16:03.350989402Z: [    0.000000] Inode-cache hash table entries: 131072 (order: 8, 1048576 bytes)
[STDERR  ] 2017-09-28T22:16:03.350997478Z: [    0.000000] Memory: 1847828K/2096628K available (8036K kernel code, 1367K rwdata, 2696K rodata, 1380K init, 568K bss, 248800K reserved, 0K cma-reserved)
[STDERR  ] 2017-09-28T22:16:03.351020048Z: [    0.000000] Hierarchical RCU implementation.
[STDERR  ] 2017-09-28T22:16:03.35102817Z: [    0.000000] 	Build-time adjustment of leaf fanout to 64.
[STDERR  ] 2017-09-28T22:16:03.351036491Z: [    0.000000] 	RCU restricting CPUs from NR_CPUS=128 to nr_cpu_ids=1.
[STDERR  ] 2017-09-28T22:16:03.351044223Z: [    0.000000] RCU: Adjusting geometry for rcu_fanout_leaf=64, nr_cpu_ids=1
[STDERR  ] 2017-09-28T22:16:03.351051498Z: [    0.000000] NR_IRQS:8448 nr_irqs:256 16
[STDERR  ] 2017-09-28T22:16:03.351059449Z: [    0.000000] Console: colour VGA+ 80x25
[STDERR  ] 2017-09-28T22:16:03.35106741Z: [    0.000000] console [ttyS0] enabled
[STDERR  ] 2017-09-28T22:16:03.351074887Z: [    0.000000] allocated 4194304 bytes of page_ext
[STDERR  ] 2017-09-28T22:16:03.351083161Z: [    0.000000] clocksource: hpet: mask: 0xffffffff max_cycles: 0xffffffff, max_idle_ns: 19112604467 ns
[STDERR  ] 2017-09-28T22:16:03.351091532Z: [    0.000000] tsc: Fast TSC calibration using PIT
[STDERR  ] 2017-09-28T22:16:03.35109906Z: [    0.000000] tsc: Detected 2599.806 MHz processor
[STDERR  ] 2017-09-28T22:16:03.35110638Z: [    0.032217] Calibrating delay loop (skipped), value calculated using timer frequency.. 5199.61 BogoMIPS (lpj=25998060)
[STDERR  ] 2017-09-28T22:16:03.351115524Z: [    0.033397] pid_max: default: 32768 minimum: 301
[STDERR  ] 2017-09-28T22:16:03.351123896Z: [    0.034482] ACPI: Core revision 20160831
[STDERR  ] 2017-09-28T22:16:03.351132005Z: [    0.077650] ACPI: 1 ACPI AML tables successfully acquired and loaded
[STDERR  ] 2017-09-28T22:16:03.351226859Z: [    0.082558] Security Framework initialized
[STDERR  ] 2017-09-28T22:16:03.351240125Z: [    0.083038] Yama: becoming mindful.
[STDERR  ] 2017-09-28T22:16:03.351250345Z: [    0.085126] Mount-cache hash table entries: 4096 (order: 3, 32768 bytes)
[STDERR  ] 2017-09-28T22:16:03.351260805Z: [    0.085741] Mountpoint-cache hash table entries: 4096 (order: 3, 32768 bytes)
[STDERR  ] 2017-09-28T22:16:03.351270276Z: [    0.106330] Last level iTLB entries: 4KB 0, 2MB 0, 4MB 0
[STDERR  ] 2017-09-28T22:16:03.351279479Z: [    0.106787] Last level dTLB entries: 4KB 0, 2MB 0, 4MB 0, 1GB 0
[STDERR  ] 2017-09-28T22:16:03.35129493Z: [    0.419622] Freeing SMP alternatives memory: 20K
[STDERR  ] 2017-09-28T22:16:03.351304607Z: [    0.430745] ftrace: allocating 35528 entries in 139 pages
[STDERR  ] 2017-09-28T22:16:03.351312956Z: [    0.599693] smpboot: Max logical packages: 1
[STDERR  ] 2017-09-28T22:16:03.35132034Z: [    0.606823] ..TIMER: vector=0x30 apic1=0 pin1=2 apic2=-1 pin2=-1
[STDERR  ] 2017-09-28T22:16:03.351326499Z: [    0.710000] smpboot: CPU0: AMD QEMU Virtual CPU version 2.5+ (family: 0x6, model: 0x6, stepping: 0x3)
[STDERR  ] 2017-09-28T22:16:03.351334578Z: [    0.710000] Performance Events: PMU not available due to virtualization, using software events only.
[STDERR  ] 2017-09-28T22:16:03.351340479Z: [    0.723266] NMI watchdog: disabled (cpu0): hardware events not enabled
[STDERR  ] 2017-09-28T22:16:03.351348232Z: [    0.723959] NMI watchdog: Shutting down hard lockup detector on all cpus
[STDERR  ] 2017-09-28T22:16:03.351354513Z: [    0.730397] x86: Booted up 1 node, 1 CPUs
[STDERR  ] 2017-09-28T22:16:03.35136409Z: [    0.730951] smpboot: Total of 1 processors activated (5199.61 BogoMIPS)
[STDERR  ] 2017-09-28T22:16:03.351370104Z: [    0.752972] devtmpfs: initialized
[STDERR  ] 2017-09-28T22:16:03.351377136Z: [    0.759716] x86/mm: Memory block size: 128MB
[STDERR  ] 2017-09-28T22:16:03.351384248Z: [    0.836976] clocksource: jiffies: mask: 0xffffffff max_cycles: 0xffffffff, max_idle_ns: 19112604462750000 ns
[STDERR  ] 2017-09-28T22:16:03.35138994Z: [    0.838326] futex hash table entries: 256 (order: 2, 16384 bytes)
[STDERR  ] 2017-09-28T22:16:03.351396268Z: [    0.849096] NET: Registered protocol family 16
[STDERR  ] 2017-09-28T22:16:03.351404356Z: [    0.861852] cpuidle: using governor ladder
[STDERR  ] 2017-09-28T22:16:03.351411273Z: [    0.862276] cpuidle: using governor menu
[STDERR  ] 2017-09-28T22:16:03.351424753Z: [    0.864184] ACPI: bus type PCI registered
[STDERR  ] 2017-09-28T22:16:03.351430495Z: [    0.868864] PCI: MMCONFIG for domain 0000 [bus 00-ff] at [mem 0xb0000000-0xbfffffff] (base 0xb0000000)
[STDERR  ] 2017-09-28T22:16:03.351436705Z: [    0.869772] PCI: MMCONFIG at [mem 0xb0000000-0xbfffffff] reserved in E820
[STDERR  ] 2017-09-28T22:16:03.351443235Z: [    0.871187] PCI: Using configuration type 1 for base access
[STDERR  ] 2017-09-28T22:16:03.351449729Z: [    0.930000] HugeTLB registered 2 MB page size, pre-allocated 0 pages
[STDERR  ] 2017-09-28T22:16:03.351457542Z: [    0.949767] ACPI: Added _OSI(Module Device)
[STDERR  ] 2017-09-28T22:16:03.351463483Z: [    0.949980] ACPI: Added _OSI(Processor Device)
[STDERR  ] 2017-09-28T22:16:03.351469615Z: [    0.950000] ACPI: Added _OSI(3.0 _SCP Extensions)
[STDERR  ] 2017-09-28T22:16:03.351475454Z: [    0.950000] ACPI: Added _OSI(Processor Aggregator Device)
[STDERR  ] 2017-09-28T22:16:03.351481422Z: [    1.035282] ACPI: Interpreter enabled
[STDERR  ] 2017-09-28T22:16:03.351487431Z: [    1.036324] ACPI: (supports S0 S5)
[STDERR  ] 2017-09-28T22:16:03.351493316Z: [    1.036711] ACPI: Using IOAPIC for interrupt routing
[STDERR  ] 2017-09-28T22:16:03.351500925Z: [    1.039343] PCI: Using host bridge windows from ACPI; if necessary, use "pci=nocrs" and report a bug
[STDERR  ] 2017-09-28T22:16:03.351517844Z: [    1.114324] ACPI: PCI Root Bridge [PCI0] (domain 0000 [bus 00-ff])
[STDERR  ] 2017-09-28T22:16:03.351526247Z: [    1.115510] acpi PNP0A08:00: _OSC: OS supports [ExtendedConfig ASPM ClockPM Segments MSI]
[STDERR  ] 2017-09-28T22:16:03.351534731Z: [    1.122565] acpi PNP0A08:00: _OSC: OS now controls [PCIeHotplug PME PCIeCapability]
[STDERR  ] 2017-09-28T22:16:03.351542333Z: [    1.128387] PCI host bridge to bus 0000:00
[STDERR  ] 2017-09-28T22:16:03.351552043Z: [    1.129044] pci_bus 0000:00: root bus resource [io  0x0000-0x0cf7 window]
[STDERR  ] 2017-09-28T22:16:03.351558407Z: [    1.129553] pci_bus 0000:00: root bus resource [io  0x0d00-0xffff window]
[STDERR  ] 2017-09-28T22:16:03.351565399Z: [    1.130144] pci_bus 0000:00: root bus resource [mem 0x000a0000-0x000bffff window]
[STDERR  ] 2017-09-28T22:16:03.35157643Z: [    1.130653] pci_bus 0000:00: root bus resource [mem 0xc0000000-0xfebfffff window]
[STDERR  ] 2017-09-28T22:16:03.351582364Z: [    1.131343] pci_bus 0000:00: root bus resource [bus 00-ff]
[STDERR  ] 2017-09-28T22:16:03.351588643Z: [    1.282744] pci 0000:00:1f.0: quirk: [io  0x0600-0x067f] claimed by ICH6 ACPI/GPIO/TCO
[STDERR  ] 2017-09-28T22:16:03.35160083Z: [    1.370642] ACPI: PCI Interrupt Link [LNKA] (IRQs 5 *10 11)
[STDERR  ] 2017-09-28T22:16:03.3516072Z: [    1.373764] ACPI: PCI Interrupt Link [LNKB] (IRQs 5 *10 11)
[STDERR  ] 2017-09-28T22:16:03.351613542Z: [    1.376215] ACPI: PCI Interrupt Link [LNKC] (IRQs 5 10 *11)
[STDERR  ] 2017-09-28T22:16:03.351623406Z: [    1.378526] ACPI: PCI Interrupt Link [LNKD] (IRQs 5 10 *11)
[STDERR  ] 2017-09-28T22:16:03.351629473Z: [    1.381488] ACPI: PCI Interrupt Link [LNKE] (IRQs 5 *10 11)
[STDERR  ] 2017-09-28T22:16:03.351635174Z: [    1.383714] ACPI: PCI Interrupt Link [LNKF] (IRQs 5 *10 11)
[STDERR  ] 2017-09-28T22:16:03.35164275Z: [    1.385920] ACPI: PCI Interrupt Link [LNKG] (IRQs 5 10 *11)
[STDERR  ] 2017-09-28T22:16:03.351660232Z: [    1.388228] ACPI: PCI Interrupt Link [LNKH] (IRQs 5 10 *11)
[STDERR  ] 2017-09-28T22:16:03.351666471Z: [    1.389265] ACPI: PCI Interrupt Link [GSIA] (IRQs *16)
[STDERR  ] 2017-09-28T22:16:03.351674637Z: [    1.390248] ACPI: PCI Interrupt Link [GSIB] (IRQs *17)
[STDERR  ] 2017-09-28T22:16:03.35168049Z: [    1.391002] ACPI: PCI Interrupt Link [GSIC] (IRQs *18)
[STDERR  ] 2017-09-28T22:16:03.351686215Z: [    1.391693] ACPI: PCI Interrupt Link [GSID] (IRQs *19)
[STDERR  ] 2017-09-28T22:16:03.351691871Z: [    1.392476] ACPI: PCI Interrupt Link [GSIE] (IRQs *20)
[STDERR  ] 2017-09-28T22:16:03.351697555Z: [    1.393142] ACPI: PCI Interrupt Link [GSIF] (IRQs *21)
[STDERR  ] 2017-09-28T22:16:03.351703452Z: [    1.393821] ACPI: PCI Interrupt Link [GSIG] (IRQs *22)
[STDERR  ] 2017-09-28T22:16:03.351712588Z: [    1.394505] ACPI: PCI Interrupt Link [GSIH] (IRQs *23)
[STDERR  ] 2017-09-28T22:16:03.351720003Z: [    1.399534] ACPI: Enabled 2 GPEs in block 00 to 3F
[STDERR  ] 2017-09-28T22:16:03.35172596Z: [    1.404591] SCSI subsystem initialized
[STDERR  ] 2017-09-28T22:16:03.351732304Z: [    1.407235] ACPI: bus type USB registered
[STDERR  ] 2017-09-28T22:16:03.351738613Z: [    1.408426] usbcore: registered new interface driver usbfs
[STDERR  ] 2017-09-28T22:16:03.351744322Z: [    1.409404] usbcore: registered new interface driver hub
[STDERR  ] 2017-09-28T22:16:03.351749842Z: [    1.410653] usbcore: registered new device driver usb
[STDERR  ] 2017-09-28T22:16:03.351755506Z: [    1.411889] pps_core: LinuxPPS API ver. 1 registered
[STDERR  ] 2017-09-28T22:16:03.351762367Z: [    1.412259] pps_core: Software ver. 5.3.6 - Copyright 2005-2007 Rodolfo Giometti <giometti@linux.it>
[STDERR  ] 2017-09-28T22:16:03.351768205Z: [    1.413016] PTP clock support registered
[STDERR  ] 2017-09-28T22:16:03.351773794Z: [    1.414405] wmi: Mapper loaded
[STDERR  ] 2017-09-28T22:16:03.351779396Z: [    1.415625] PCI: Using ACPI for IRQ routing
[STDERR  ] 2017-09-28T22:16:03.35178604Z: [    1.436867] NetLabel: Initializing
[STDERR  ] 2017-09-28T22:16:03.351791472Z: [    1.437083] NetLabel:  domain hash size = 128
[STDERR  ] 2017-09-28T22:16:03.35179696Z: [    1.437511] NetLabel:  protocols = UNLABELED CIPSOv4
[STDERR  ] 2017-09-28T22:16:03.351802348Z: [    1.440329] NetLabel:  unlabeled traffic allowed by default
[STDERR  ] 2017-09-28T22:16:03.351807684Z: [    1.441798] HPET: 3 timers in total, 0 timers will be used for per-cpu timer
[STDERR  ] 2017-09-28T22:16:03.351813493Z: [    1.442744] hpet0: at MMIO 0xfed00000, IRQs 2, 8, 0
[STDERR  ] 2017-09-28T22:16:03.351822524Z: [    1.443358] hpet0: 3 comparators, 64-bit 100.000000 MHz counter
[STDERR  ] 2017-09-28T22:16:03.351829474Z: [    1.448810] clocksource: Switched to clocksource hpet
[STDERR  ] 2017-09-28T22:16:03.351835081Z: [    1.755172] VFS: Disk quotas dquot_6.6.0
[STDERR  ] 2017-09-28T22:16:03.351841941Z: [    1.755978] VFS: Dquot-cache hash table entries: 512 (order 0, 4096 bytes)
[STDERR  ] 2017-09-28T22:16:03.35185164Z: [    1.759766] FS-Cache: Loaded
[STDERR  ] 2017-09-28T22:16:03.351857604Z: [    1.765907] CacheFiles: Loaded
[STDERR  ] 2017-09-28T22:16:03.351863509Z: [    1.768261] pnp: PnP ACPI init
[STDERR  ] 2017-09-28T22:16:03.351869698Z: [    1.782781] pnp: PnP ACPI: found 5 devices
[STDERR  ] 2017-09-28T22:16:03.351875142Z: [    1.839630] clocksource: acpi_pm: mask: 0xffffff max_cycles: 0xffffff, max_idle_ns: 2085701024 ns
[STDERR  ] 2017-09-28T22:16:03.351880891Z: [    1.844090] NET: Registered protocol family 2
[STDERR  ] 2017-09-28T22:16:03.351886219Z: [    1.852789] TCP established hash table entries: 16384 (order: 5, 131072 bytes)
[STDERR  ] 2017-09-28T22:16:03.35189173Z: [    1.853818] TCP bind hash table entries: 16384 (order: 6, 262144 bytes)
[STDERR  ] 2017-09-28T22:16:03.351897273Z: [    1.855213] TCP: Hash tables configured (established 16384 bind 16384)
[STDERR  ] 2017-09-28T22:16:03.351904934Z: [    1.857051] UDP hash table entries: 1024 (order: 3, 32768 bytes)
[STDERR  ] 2017-09-28T22:16:03.351910568Z: [    1.857636] UDP-Lite hash table entries: 1024 (order: 3, 32768 bytes)
[STDERR  ] 2017-09-28T22:16:03.351916256Z: [    1.861239] NET: Registered protocol family 1
[STDERR  ] 2017-09-28T22:16:03.351923869Z: [    1.862509] pci 0000:00:01.0: Video device with shadowed ROM at [mem 0x000c0000-0x000dffff]
[STDERR  ] 2017-09-28T22:16:03.351929762Z: [    1.872493] Unpacking initramfs...
[STDERR  ] 2017-09-28T22:16:03.35193592Z: [   26.066857] Freeing initrd memory: 197000K
[STDERR  ] 2017-09-28T22:16:03.351941492Z: [   26.092038] PCLMULQDQ-NI instructions are not detected.
[STDERR  ] 2017-09-28T22:16:03.351947203Z: [   26.093564] AVX or AES-NI instructions are not detected.
[STDERR  ] 2017-09-28T22:16:03.351956199Z: [   26.094018] CPU feature 'AVX registers' is not supported.
[STDERR  ] 2017-09-28T22:16:03.351962185Z: [   26.094423] CPU feature 'AVX registers' is not supported.
[STDERR  ] 2017-09-28T22:16:03.351971579Z: [   26.094833] CPU feature 'AVX registers' is not supported.
[STDERR  ] 2017-09-28T22:16:03.351977477Z: [   26.095229] CPU feature 'AVX registers' is not supported.
[STDERR  ] 2017-09-28T22:16:03.351982939Z: [   26.095626] AVX2 or AES-NI instructions are not detected.
[STDERR  ] 2017-09-28T22:16:03.351989098Z: [   26.096024] AVX2 instructions are not detected.
[STDERR  ] 2017-09-28T22:16:03.351994737Z: [   26.103943] audit: initializing netlink subsys (disabled)
[STDERR  ] 2017-09-28T22:16:03.352000148Z: [   26.105715] audit: type=2000 audit(1506636338.100:1): initialized
[STDERR  ] 2017-09-28T22:16:03.35204781Z: [   26.113846] workingset: timestamp_bits=46 max_order=19 bucket_order=0
[STDERR  ] 2017-09-28T22:16:03.352053548Z: [   26.123656] FS-Cache: Netfs 'cifs' registered for caching
[STDERR  ] 2017-09-28T22:16:03.352059186Z: [   26.124714] fuse init (API version 7.26)
[STDERR  ] 2017-09-28T22:16:03.352064746Z: [   26.127038] SGI XFS with ACLs, security attributes, no debug enabled
[STDERR  ] 2017-09-28T22:16:03.352070586Z: [   26.131229] 9p: Installing v9fs 9p2000 file system support
[STDERR  ] 2017-09-28T22:16:03.352079057Z: [   26.131782] FS-Cache: Netfs '9p' registered for caching
[STDERR  ] 2017-09-28T22:16:03.352084833Z: [   26.161298] NET: Registered protocol family 38
[STDERR  ] 2017-09-28T22:16:03.352090298Z: [   26.161998] Key type asymmetric registered
[STDERR  ] 2017-09-28T22:16:03.35209604Z: [   26.162418] Asymmetric key parser 'x509' registered
[STDERR  ] 2017-09-28T22:16:03.352101472Z: [   26.163390] Block layer SCSI generic (bsg) driver version 0.4 loaded (major 251)
[STDERR  ] 2017-09-28T22:16:03.352107574Z: [   26.164915] io scheduler noop registered
[STDERR  ] 2017-09-28T22:16:03.352113653Z: [   26.165256] io scheduler deadline registered (default)
[STDERR  ] 2017-09-28T22:16:03.352119247Z: [   26.166224] io scheduler cfq registered
[STDERR  ] 2017-09-28T22:16:03.352124932Z: [   26.169213] pci_hotplug: PCI Hot Plug PCI Core version: 0.5
[STDERR  ] 2017-09-28T22:16:03.352130421Z: [   26.169839] pciehp: PCI Express Hot Plug Controller Driver version: 0.4
[STDERR  ] 2017-09-28T22:16:03.352148228Z: [   26.171991] shpchp: Standard Hot Plug PCI Controller Driver version: 0.4
[STDERR  ] 2017-09-28T22:16:03.352154243Z: [   26.172741] hv_vmbus: registering driver hyperv_fb
[STDERR  ] 2017-09-28T22:16:03.352159802Z: [   26.175783] input: Power Button as /devices/LNXSYSTM:00/LNXPWRBN:00/input/input0
[STDERR  ] 2017-09-28T22:16:03.352167271Z: [   26.176865] ACPI: Power Button [PWRF]
[STDERR  ] 2017-09-28T22:16:03.352173973Z: [   26.183249] GHES: HEST is not enabled!
[STDERR  ] 2017-09-28T22:16:03.352180925Z: [   26.195026] ACPI: PCI Interrupt Link [GSIG] enabled at IRQ 22
[STDERR  ] 2017-09-28T22:16:03.352186492Z: [   26.208700] ACPI: PCI Interrupt Link [GSIH] enabled at IRQ 23
[STDERR  ] 2017-09-28T22:16:03.352192277Z: [   26.214735] xenfs: not registering filesystem on non-xen platform
[STDERR  ] 2017-09-28T22:16:03.352199536Z: [   26.216956] Serial: 8250/16550 driver, 4 ports, IRQ sharing disabled
[STDERR  ] 2017-09-28T22:16:03.352205979Z: [   26.241070] 00:04: ttyS0 at I/O 0x3f8 (irq = 4, base_baud = 115200) is a 16550A
[STDERR  ] 2017-09-28T22:16:03.352211667Z: [   26.253432] Non-volatile memory driver v1.3
[STDERR  ] 2017-09-28T22:16:03.352217228Z: [   26.259911] Hangcheck: starting hangcheck timer 0.9.1 (tick is 180 seconds, margin is 60 seconds).
[STDERR  ] 2017-09-28T22:16:03.352224149Z: [   26.300911] loop: module loaded
[STDERR  ] 2017-09-28T22:16:03.352230314Z: [   26.317076] nbd: registered device at major 43
[STDERR  ] 2017-09-28T22:16:03.352242974Z: [   26.359914] lpc_ich 0000:00:1f.0: I/O space for GPIO uninitialized
[STDERR  ] 2017-09-28T22:16:03.352248744Z: [   26.362375] VMware PVSCSI driver - version 1.0.7.0-k
[STDERR  ] 2017-09-28T22:16:03.352255135Z: [   26.363271] hv_vmbus: registering driver hv_storvsc
[STDERR  ] 2017-09-28T22:16:03.352260718Z: [   26.374945] ACPI: PCI Interrupt Link [GSIA] enabled at IRQ 16
[STDERR  ] 2017-09-28T22:16:03.352270128Z: [   26.381966] ahci 0000:00:1f.2: AHCI 0001.0000 32 slots 6 ports 1.5 Gbps 0x3f impl SATA mode
[STDERR  ] 2017-09-28T22:16:03.35227621Z: [   26.382767] ahci 0000:00:1f.2: flags: 64bit ncq only 
[STDERR  ] 2017-09-28T22:16:03.352284823Z: [   26.403403] scsi host0: ahci
[STDERR  ] 2017-09-28T22:16:03.352293395Z: [   26.408399] scsi host1: ahci
[STDERR  ] 2017-09-28T22:16:03.352302384Z: [   26.411715] scsi host2: ahci
[STDERR  ] 2017-09-28T22:16:03.352315391Z: [   26.414404] scsi host3: ahci
[STDERR  ] 2017-09-28T22:16:03.352325225Z: [   26.416670] scsi host4: ahci
[STDERR  ] 2017-09-28T22:16:03.352333701Z: [   26.418918] scsi host5: ahci
[STDERR  ] 2017-09-28T22:16:03.352340165Z: [   26.421018] ata1: SATA max UDMA/133 abar m4096@0xfebd2000 port 0xfebd2100 irq 24
[STDERR  ] 2017-09-28T22:16:03.352346813Z: [   26.421502] ata2: SATA max UDMA/133 abar m4096@0xfebd2000 port 0xfebd2180 irq 24
[STDERR  ] 2017-09-28T22:16:03.352354856Z: [   26.421885] ata3: SATA max UDMA/133 abar m4096@0xfebd2000 port 0xfebd2200 irq 24
[STDERR  ] 2017-09-28T22:16:03.352360767Z: [   26.422307] ata4: SATA max UDMA/133 abar m4096@0xfebd2000 port 0xfebd2280 irq 24
[STDERR  ] 2017-09-28T22:16:03.352366599Z: [   26.422720] ata5: SATA max UDMA/133 abar m4096@0xfebd2000 port 0xfebd2300 irq 24
[STDERR  ] 2017-09-28T22:16:03.352374222Z: [   26.423114] ata6: SATA max UDMA/133 abar m4096@0xfebd2000 port 0xfebd2380 irq 24
[STDERR  ] 2017-09-28T22:16:03.352379977Z: [   26.436345] tun: Universal TUN/TAP device driver, 1.6
[STDERR  ] 2017-09-28T22:16:03.352386231Z: [   26.436747] tun: (C) 1999-2004 Max Krasnyansky <maxk@qualcomm.com>
[STDERR  ] 2017-09-28T22:16:03.352392007Z: [   26.447555] VMware vmxnet3 virtual NIC driver - version 1.4.a.0-k-NAPI
[STDERR  ] 2017-09-28T22:16:03.352397945Z: [   26.448437] hv_vmbus: registering driver hv_netvsc
[STDERR  ] 2017-09-28T22:16:03.352403869Z: [   26.448806] Fusion MPT base driver 3.04.20
[STDERR  ] 2017-09-28T22:16:03.352410502Z: [   26.449087] Copyright (c) 1999-2008 LSI Corporation
[STDERR  ] 2017-09-28T22:16:03.352417443Z: [   26.449733] Fusion MPT SPI Host driver 3.04.20
[STDERR  ] 2017-09-28T22:16:03.352426742Z: [   26.452087] i8042: PNP: PS/2 Controller [PNP0303:KBD,PNP0f13:MOU] at 0x60,0x64 irq 1,12
[STDERR  ] 2017-09-28T22:16:03.352433586Z: [   26.457930] serio: i8042 KBD port at 0x60,0x64 irq 1
[STDERR  ] 2017-09-28T22:16:03.35243928Z: [   26.458636] serio: i8042 AUX port at 0x60,0x64 irq 12
[STDERR  ] 2017-09-28T22:16:03.352444972Z: [   26.462174] hv_vmbus: registering driver hyperv_keyboard
[STDERR  ] 2017-09-28T22:16:03.352452668Z: [   26.465278] mousedev: PS/2 mouse device common for all mice
[STDERR  ] 2017-09-28T22:16:03.352458493Z: [   26.471749] input: PC Speaker as /devices/platform/pcspkr/input/input2
[STDERR  ] 2017-09-28T22:16:03.352464193Z: [   26.472896] input: AT Translated Set 2 keyboard as /devices/platform/i8042/serio0/input/input1
[STDERR  ] 2017-09-28T22:16:03.352470183Z: [   26.477153] rtc_cmos 00:00: RTC can wake from S4
[STDERR  ] 2017-09-28T22:16:03.352475864Z: [   26.480780] rtc_cmos 00:00: rtc core: registered rtc_cmos as rtc0
[STDERR  ] 2017-09-28T22:16:03.352483338Z: [   26.482186] rtc_cmos 00:00: alarms up to one day, y3k, 114 bytes nvram, hpet irqs
[STDERR  ] 2017-09-28T22:16:03.35248909Z: [   26.482943] i2c /dev entries driver
[STDERR  ] 2017-09-28T22:16:03.352495462Z: [   26.484852] device-mapper: ioctl: 4.35.0-ioctl (2016-06-23) initialised: dm-devel@redhat.com
[STDERR  ] 2017-09-28T22:16:03.352501115Z: [   26.489463] usbcore: registered new interface driver usbhid
[STDERR  ] 2017-09-28T22:16:03.352506669Z: [   26.489890] usbhid: USB HID core driver
[STDERR  ] 2017-09-28T22:16:03.35251405Z: [   26.490919] hv_utils: Registering HyperV Utility Driver
[STDERR  ] 2017-09-28T22:16:03.352520973Z: [   26.491276] hv_vmbus: registering driver hv_util
[STDERR  ] 2017-09-28T22:16:03.352527681Z: [   26.491549] hv_vmbus: registering driver hv_balloon
[STDERR  ] 2017-09-28T22:16:03.352533962Z: [   26.492068] oprofile: using NMI interrupt.
[STDERR  ] 2017-09-28T22:16:03.352543699Z: [   26.493177] GACT probability on
[STDERR  ] 2017-09-28T22:16:03.35254989Z: [   26.493642] Mirror/redirect action on
[STDERR  ] 2017-09-28T22:16:03.352555585Z: [   26.494539] Simple TC action Loaded
[STDERR  ] 2017-09-28T22:16:03.352561411Z: [   26.495100] u32 classifier
[STDERR  ] 2017-09-28T22:16:03.352567641Z: [   26.495289]     Performance counters on
[STDERR  ] 2017-09-28T22:16:03.352573312Z: [   26.495538]     input device check on
[STDERR  ] 2017-09-28T22:16:03.352578728Z: [   26.495784]     Actions configured
[STDERR  ] 2017-09-28T22:16:03.352584239Z: [   26.496401] Netfilter messages via NETLINK v0.30.
[STDERR  ] 2017-09-28T22:16:03.352589869Z: [   26.496969] nfnl_acct: registering with nfnetlink.
[STDERR  ] 2017-09-28T22:16:03.352596728Z: [   26.498685] nf_conntrack version 0.5.0 (16384 buckets, 65536 max)
[STDERR  ] 2017-09-28T22:16:03.352602763Z: [   26.502196] ctnetlink v0.93: registering with nfnetlink.
[STDERR  ] 2017-09-28T22:16:03.352608309Z: [   26.505478] nf_tables: (c) 2007-2009 Patrick McHardy <kaber@trash.net>
[STDERR  ] 2017-09-28T22:16:03.352614065Z: [   26.506478] nf_tables_compat: (c) 2012 Pablo Neira Ayuso <pablo@netfilter.org>
[STDERR  ] 2017-09-28T22:16:03.352621Z: [   26.508860] xt_time: kernel timezone is -0000
[STDERR  ] 2017-09-28T22:16:03.352626694Z: [   26.509459] ip_set: protocol 6
[STDERR  ] 2017-09-28T22:16:03.352632263Z: [   26.510476] IPVS: Registered protocols (TCP, UDP, SCTP, AH, ESP)
[STDERR  ] 2017-09-28T22:16:03.352638359Z: [   26.511210] IPVS: Connection hash table configured (size=4096, memory=64Kbytes)
[STDERR  ] 2017-09-28T22:16:03.352647549Z: [   26.513009] IPVS: Creating netns size=2104 id=0
[STDERR  ] 2017-09-28T22:16:03.352656975Z: [   26.515786] IPVS: ipvs loaded.
[STDERR  ] 2017-09-28T22:16:03.352662406Z: [   26.516116] IPVS: [rr] scheduler registered.
[STDERR  ] 2017-09-28T22:16:03.352668395Z: [   26.516441] IPVS: [wrr] scheduler registered.
[STDERR  ] 2017-09-28T22:16:03.352673849Z: [   26.516697] IPVS: [lc] scheduler registered.
[STDERR  ] 2017-09-28T22:16:03.352681635Z: [   26.516944] IPVS: [wlc] scheduler registered.
[STDERR  ] 2017-09-28T22:16:03.35269082Z: [   26.517211] IPVS: [fo] scheduler registered.
[STDERR  ] 2017-09-28T22:16:03.35269701Z: [   26.517454] IPVS: [ovf] scheduler registered.
[STDERR  ] 2017-09-28T22:16:03.352702836Z: [   26.517898] IPVS: [lblc] scheduler registered.
[STDERR  ] 2017-09-28T22:16:03.352708692Z: [   26.518377] IPVS: [lblcr] scheduler registered.
[STDERR  ] 2017-09-28T22:16:03.352714265Z: [   26.518712] IPVS: [dh] scheduler registered.
[STDERR  ] 2017-09-28T22:16:03.352720823Z: [   26.518985] IPVS: [sh] scheduler registered.
[STDERR  ] 2017-09-28T22:16:03.352726721Z: [   26.519258] IPVS: [sed] scheduler registered.
[STDERR  ] 2017-09-28T22:16:03.352738993Z: [   26.519527] IPVS: [nq] scheduler registered.
[STDERR  ] 2017-09-28T22:16:03.352744614Z: [   26.520777] IPVS: ftp: loaded support on port[0] = 21
[STDERR  ] 2017-09-28T22:16:03.352750196Z: [   26.521734] ipip: IPv4 and MPLS over IPv4 tunneling driver
[STDERR  ] 2017-09-28T22:16:03.35275577Z: [   26.525988] gre: GRE over IPv4 demultiplexor driver
[STDERR  ] 2017-09-28T22:16:03.352763122Z: [   26.528676] ip_tables: (C) 2000-2006 Netfilter Core Team
[STDERR  ] 2017-09-28T22:16:03.352771508Z: [   26.532527] ipt_CLUSTERIP: ClusterIP Version 0.8 loaded successfully
[STDERR  ] 2017-09-28T22:16:03.352777397Z: [   26.533322] arp_tables: arp_tables: (C) 2002 David S. Miller
[STDERR  ] 2017-09-28T22:16:03.352784111Z: [   26.535729] NET: Registered protocol family 10
[STDERR  ] 2017-09-28T22:16:03.35278984Z: [   26.545599] ip6_tables: (C) 2000-2006 Netfilter Core Team
[STDERR  ] 2017-09-28T22:16:03.352795644Z: [   26.554343] NET: Registered protocol family 17
[STDERR  ] 2017-09-28T22:16:03.35280172Z: [   26.555492] Bridge firewalling registered
[STDERR  ] 2017-09-28T22:16:03.352807272Z: [   26.556049] Ebtables v2.0 registered
[STDERR  ] 2017-09-28T22:16:03.352813086Z: [   26.558013] 8021q: 802.1Q VLAN Support v1.8
[STDERR  ] 2017-09-28T22:16:03.352822707Z: [   26.559499] 9pnet: Installing 9P2000 support
[STDERR  ] 2017-09-28T22:16:03.352828371Z: [   26.561509] Key type dns_resolver registered
[STDERR  ] 2017-09-28T22:16:03.352834986Z: [   26.562517] microcode: AMD CPU family 0x6 not supported
[STDERR  ] 2017-09-28T22:16:03.352840489Z: [   26.566053] registered taskstats version 1
[STDERR  ] 2017-09-28T22:16:03.352845986Z: [   26.751789] ata1: SATA link up 1.5 Gbps (SStatus 113 SControl 300)
[STDERR  ] 2017-09-28T22:16:03.352852962Z: [   26.757527] ata1.00: ATA-7: QEMU HARDDISK, 2.5+, max UDMA/100
[STDERR  ] 2017-09-28T22:16:03.35285882Z: [   26.757997] ata1.00: 4194304 sectors, multi 16: LBA48 NCQ (depth 31/32)
[STDERR  ] 2017-09-28T22:16:03.352864995Z: [   26.758610] ata1.00: applying bridge limits
[STDERR  ] 2017-09-28T22:16:03.352870894Z: [   26.760428] ata6: SATA link down (SStatus 0 SControl 300)
[STDERR  ] 2017-09-28T22:16:03.352876557Z: [   26.761868] ata5: SATA link down (SStatus 0 SControl 300)
[STDERR  ] 2017-09-28T22:16:03.352892129Z: [   26.762477] ata4: SATA link down (SStatus 0 SControl 300)
[STDERR  ] 2017-09-28T22:16:03.352897965Z: [   26.762959] ata3: SATA link up 1.5 Gbps (SStatus 113 SControl 300)
[STDERR  ] 2017-09-28T22:16:03.352904112Z: [   26.763771] ata3.00: ATAPI: QEMU DVD-ROM, 2.5+, max UDMA/100
[STDERR  ] 2017-09-28T22:16:03.352911269Z: [   26.764180] ata3.00: applying bridge limits
[STDERR  ] 2017-09-28T22:16:03.352917082Z: [   26.765080] ata3.00: configured for UDMA/100
[STDERR  ] 2017-09-28T22:16:03.352923031Z: [   26.766952] ata2: SATA link down (SStatus 0 SControl 300)
[STDERR  ] 2017-09-28T22:16:03.352929177Z: [   26.775863] ata1.00: configured for UDMA/100
[STDERR  ] 2017-09-28T22:16:03.352938492Z: [   26.792096] scsi 0:0:0:0: Direct-Access     ATA      QEMU HARDDISK    2.5+ PQ: 0 ANSI: 5
[STDERR  ] 2017-09-28T22:16:03.352944557Z: [   26.806597] sd 0:0:0:0: [sda] 4194304 512-byte logical blocks: (2.15 GB/2.00 GiB)
[STDERR  ] 2017-09-28T22:16:03.35295433Z: [   26.820781] sd 0:0:0:0: Attached scsi generic sg0 type 0
[STDERR  ] 2017-09-28T22:16:03.352959988Z: [   26.822633] sd 0:0:0:0: [sda] Write Protect is off
[STDERR  ] 2017-09-28T22:16:03.352969294Z: [   26.825364] sd 0:0:0:0: [sda] Write cache: enabled, read cache: enabled, doesn't support DPO or FUA
[STDERR  ] 2017-09-28T22:16:03.352976078Z: [   26.828122] scsi 2:0:0:0: CD-ROM            QEMU     QEMU DVD-ROM     2.5+ PQ: 0 ANSI: 5
[STDERR  ] 2017-09-28T22:16:03.352981967Z: [   26.853413] sr 2:0:0:0: [sr0] scsi3-mmc drive: 4x/4x cd/rw xa/form2 tray
[STDERR  ] 2017-09-28T22:16:03.35298978Z: [   26.854689] cdrom: Uniform CD-ROM driver Revision: 3.20
[STDERR  ] 2017-09-28T22:16:03.352996415Z: [   26.865421] Key type big_key registered
[STDERR  ] 2017-09-28T22:16:03.353002101Z: [   26.880775] sr 2:0:0:0: Attached scsi generic sg1 type 5
[STDERR  ] 2017-09-28T22:16:03.35300758Z: [   26.891820] sd 0:0:0:0: [sda] Attached SCSI disk
[STDERR  ] 2017-09-28T22:16:03.353013093Z: [   26.934377] Key type encrypted registered
[STDERR  ] 2017-09-28T22:16:03.353019039Z: [   26.939984] rtc_cmos 00:00: setting system clock to 2017-09-28 22:05:40 UTC (1506636340)
[STDERR  ] 2017-09-28T22:16:03.353025593Z: [   27.087470] Freeing unused kernel memory: 1380K
[STDERR  ] 2017-09-28T22:16:03.353031472Z: [   27.087866] Write protecting the kernel read-only data: 12288k
[STDERR  ] 2017-09-28T22:16:03.353037608Z: [   27.096050] Freeing unused kernel memory: 140K
[STDERR  ] 2017-09-28T22:16:03.353043851Z: [   27.221443] Freeing unused kernel memory: 1400K
[STDERR  ] 2017-09-28T22:16:03.35304928Z: [   27.222305] tsc: Refined TSC clocksource calibration: 2599.820 MHz
[STDERR  ] 2017-09-28T22:16:03.353056726Z: [   27.222836] clocksource: tsc: mask: 0xffffffffffffffff max_cycles: 0x2579921fcde, max_idle_ns: 440795260206 ns
[STDERR  ] 2017-09-28T22:16:03.353062643Z: [   28.234867] clocksource: Switched to clocksource tsc
[STDERR  ] 2017-09-28T22:16:03.353068425Z: 
[STDERR  ] 2017-09-28T22:16:03.353075093Z: Welcome to LinuxKit
[STDERR  ] 2017-09-28T22:16:03.353080998Z: 
[STDERR  ] 2017-09-28T22:16:03.353086856Z:                         ##         .
[STDERR  ] 2017-09-28T22:16:03.3530955Z: [   84.156850] random: fast init done
[STDERR  ] 2017-09-28T22:16:03.35310366Z:                   ## ## ##        ==
[STDERR  ] 2017-09-28T22:16:03.353109965Z:                ## ## ## ## ##    ===
[STDERR  ] 2017-09-28T22:16:03.353115795Z:            /"""""""""""""""""\___/ ===
[STDERR  ] 2017-09-28T22:16:03.353127834Z:           {                       /  ===-
[STDERR  ] 2017-09-28T22:16:03.353133213Z:            \______ O           __/
[STDERR  ] 2017-09-28T22:16:03.353145808Z:              \    \         __/
[STDERR  ] 2017-09-28T22:16:03.353152211Z:               \____\_______/
[STDERR  ] 2017-09-28T22:16:03.353158073Z: 
[STDERR  ] 2017-09-28T22:16:03.353164146Z: [   86.255488] 8021q: adding VLAN 0 to HW filter on device eth0
[STDERR  ] 2017-09-28T22:16:03.353170588Z: eth0: waiting for carrier
[STDERR  ] 2017-09-28T22:16:03.353176343Z: eth0: carrier acquired
[STDERR  ] 2017-09-28T22:16:03.353183048Z: DUID 00:01:00:01:21:60:2e:ef:02:5e:6f:43:34:a7
[STDERR  ] 2017-09-28T22:16:03.35318875Z: eth0: IAID 6f:43:34:a7
[STDERR  ] 2017-09-28T22:16:03.353195066Z: eth0: adding address fe80::8fd:b898:f55a:6a32
[STDERR  ] 2017-09-28T22:16:03.353201119Z: eth0: soliciting an IPv6 router
[STDERR  ] 2017-09-28T22:16:03.35320726Z: eth0: soliciting a DHCP lease
[STDERR  ] 2017-09-28T22:16:03.353213223Z: eth0: offered 10.0.2.15 from 10.0.2.2
[STDERR  ] 2017-09-28T22:16:03.353220966Z: eth0: leased 10.0.2.15 for 86400 seconds
[STDERR  ] 2017-09-28T22:16:03.353226552Z: eth0: adding route to 10.0.2.0/24
[STDERR  ] 2017-09-28T22:16:03.353232455Z: eth0: adding default route via 10.0.2.2
[STDERR  ] 2017-09-28T22:16:03.353238232Z: exiting due to oneshot
[STDERR  ] 2017-09-28T22:16:03.353243815Z: dhcpcd exited
[STDERR  ] 2017-09-28T22:16:03.353249596Z: [   88.438330] IPVS: Creating netns size=2104 id=1
[STDERR  ] 2017-09-28T22:16:03.353255495Z: [   88.438860] IPVS: ftp: loaded support on port[0] = 21
[STDERR  ] 2017-09-28T22:16:03.353261339Z: 2017/09/28 22:06:42 Creating partition on /dev/sda
[STDERR  ] 2017-09-28T22:16:03.353267178Z: [   89.948637]  sda:
[STDERR  ] 2017-09-28T22:16:03.353277438Z: [   90.018887]  sda:
[STDERR  ] 2017-09-28T22:16:03.353282875Z: [   90.052422]  sda: sda1
[STDERR  ] 2017-09-28T22:16:03.353288256Z: [   90.120716]  sda: sda1
[STDERR  ] 2017-09-28T22:16:03.353293769Z: 2017/09/28 22:06:46 Partition /dev/sda1 successfully created!
[STDERR  ] 2017-09-28T22:16:03.353299225Z: [   93.584455] IPVS: Creating netns size=2104 id=2
[STDERR  ] 2017-09-28T22:16:03.353306923Z: [   93.584759] IPVS: ftp: loaded support on port[0] = 21
[STDERR  ] 2017-09-28T22:16:03.353312587Z: [   95.043325] EXT4-fs (sda1): couldn't mount as ext3 due to feature incompatibilities
[STDERR  ] 2017-09-28T22:16:03.353323336Z: [   95.053300] EXT4-fs (sda1): couldn't mount as ext2 due to feature incompatibilities
[STDERR  ] 2017-09-28T22:16:03.353329216Z: [   95.078815] EXT4-fs (sda1): mounted filesystem with ordered data mode. Opts: (null)
[STDERR  ] 2017-09-28T22:16:03.353334873Z: v1.0.0-beta.0
[STDERR  ] 2017-09-28T22:16:03.353340433Z: d0457b221369fa22fc2facdf73266b67993b3959
[STDERR  ] 2017-09-28T22:16:03.353346055Z: [  103.752288] random: crng init done
[STDERR  ] 2017-09-28T22:16:03.353351471Z: ðŸ‡© root-test
[STDERR  ] 2017-09-28T22:16:03.353361871Z: [  207.949333] XFS (loop0): Mounting V4 Filesystem
[STDERR  ] 2017-09-28T22:16:03.353367286Z: [  207.993852] XFS (loop0): Ending clean mount
[STDERR  ] 2017-09-28T22:16:03.353372725Z: [  208.059058] XFS (loop0): Unmounting Filesystem
[STDERR  ] 2017-09-28T22:16:03.353379542Z: [  208.713296] XFS (loop0): Mounting V4 Filesystem
[STDERR  ] 2017-09-28T22:16:03.353384943Z: [  208.748582] XFS (loop0): Ending clean mount
[STDERR  ] 2017-09-28T22:16:03.353390494Z: [  208.779651] XFS (loop0): Unmounting Filesystem
[STDERR  ] 2017-09-28T22:16:03.35339596Z: ok  	github.com/containerd/containerd/fs	2.253s
[STDERR  ] 2017-09-28T22:16:03.353401574Z: ok  	github.com/containerd/containerd/metadata	5.514s
[STDERR  ] 2017-09-28T22:16:03.353410815Z: [  475.155811] XFS (loop2): Mounting V5 Filesystem
[STDERR  ] 2017-09-28T22:16:03.353416526Z: [  475.202132] XFS (loop2): Ending clean mount
[STDERR  ] 2017-09-28T22:16:03.353427562Z: [  475.248778] XFS (loop2): Unmounting Filesystem
[STDERR  ] 2017-09-28T22:16:03.353433111Z: ok  	github.com/containerd/containerd/mount/lookup_test	1.234s
[STDERR  ] 2017-09-28T22:16:03.353438535Z: [  524.710926] raid6: sse2x1   gen()   327 MB/s
[STDERR  ] 2017-09-28T22:16:03.353443996Z: [  524.880317] raid6: sse2x1   xor()   165 MB/s
[STDERR  ] 2017-09-28T22:16:03.353449529Z: [  525.050544] raid6: sse2x2   gen()   229 MB/s
[STDERR  ] 2017-09-28T22:16:03.353455003Z: [  525.220210] raid6: sse2x2   xor()   181 MB/s
[STDERR  ] 2017-09-28T22:16:03.353460298Z: [  525.390201] raid6: sse2x4   gen()   319 MB/s
[STDERR  ] 2017-09-28T22:16:03.353465682Z: [  525.560250] raid6: sse2x4   xor()   166 MB/s
[STDERR  ] 2017-09-28T22:16:03.353471271Z: [  525.560716] raid6: using algorithm sse2x1 gen() 327 MB/s
[STDERR  ] 2017-09-28T22:16:03.353477976Z: [  525.561085] raid6: .... xor() 165 MB/s, rmw enabled
[STDERR  ] 2017-09-28T22:16:03.353483245Z: [  525.561633] raid6: using intx1 recovery algorithm
[STDERR  ] 2017-09-28T22:16:03.353488569Z: [  525.599745] xor: measuring software checksum speed
[STDERR  ] 2017-09-28T22:16:03.353493837Z: [  525.700564]    prefetch64-sse:   649.200 MB/sec
[STDERR  ] 2017-09-28T22:16:03.353499256Z: [  525.800145]    generic_sse:   640.800 MB/sec
[STDERR  ] 2017-09-28T22:16:03.353506885Z: [  525.800817] xor: using function: prefetch64-sse (649.200 MB/sec)
[STDERR  ] 2017-09-28T22:16:03.353512375Z: [  525.969356] Btrfs loaded, crc32c=crc32c-generic
[STDERR  ] 2017-09-28T22:16:03.353517955Z: [  525.978590] BTRFS: device fsid 6cb55001-1b46-49ce-9b07-66a726e6ba9a devid 1 transid 5 /dev/loop2
[STDERR  ] 2017-09-28T22:16:03.353523669Z: [  526.017753] BTRFS info (device loop2): disk space caching is enabled
[STDERR  ] 2017-09-28T22:16:03.35352961Z: [  526.018176] BTRFS info (device loop2): has skinny extents
[STDERR  ] 2017-09-28T22:16:03.35353525Z: [  526.018423] BTRFS info (device loop2): flagging fs with big metadata feature
[STDERR  ] 2017-09-28T22:16:03.353543451Z: [  526.063319] BTRFS info (device loop2): creating UUID tree
[STDERR  ] 2017-09-28T22:16:03.353551088Z: [  527.914552] BTRFS: device fsid c49eb8b3-c514-4bab-b0a8-c5501a0d6932 devid 1 transid 5 /dev/loop2
[STDERR  ] 2017-09-28T22:16:03.353556935Z: [  528.124382] BTRFS info (device loop2): disk space caching is enabled
[STDERR  ] 2017-09-28T22:16:03.353562339Z: [  528.124931] BTRFS info (device loop2): has skinny extents
[STDERR  ] 2017-09-28T22:16:03.353567929Z: [  528.125179] BTRFS info (device loop2): flagging fs with big metadata feature
[STDERR  ] 2017-09-28T22:16:03.353573423Z: [  528.164897] BTRFS info (device loop2): creating UUID tree
[STDERR  ] 2017-09-28T22:16:03.353578808Z: [  529.542863] BTRFS: device fsid 6170c0a2-9471-4e6b-8d5e-0b73c2a4dcf5 devid 1 transid 5 /dev/loop2
[STDERR  ] 2017-09-28T22:16:03.353584224Z: [  529.735486] BTRFS info (device loop2): disk space caching is enabled
[STDERR  ] 2017-09-28T22:16:03.353589637Z: [  529.736006] BTRFS info (device loop2): has skinny extents
[STDERR  ] 2017-09-28T22:16:03.353596272Z: [  529.736522] BTRFS info (device loop2): flagging fs with big metadata feature
[STDERR  ] 2017-09-28T22:16:03.353602671Z: [  529.778045] BTRFS info (device loop2): creating UUID tree
[STDERR  ] 2017-09-28T22:16:03.353608142Z: [  532.188195] BTRFS: device fsid 9b2109b3-5912-4b5c-b55a-3d92fce9b247 devid 1 transid 5 /dev/loop2
[STDERR  ] 2017-09-28T22:16:03.35361361Z: [  532.374335] BTRFS info (device loop2): disk space caching is enabled
[STDERR  ] 2017-09-28T22:16:03.35361911Z: [  532.374853] BTRFS info (device loop2): has skinny extents
[STDERR  ] 2017-09-28T22:16:03.353625777Z: [  532.375134] BTRFS info (device loop2): flagging fs with big metadata feature
[STDERR  ] 2017-09-28T22:16:03.353631249Z: [  532.410592] BTRFS info (device loop2): creating UUID tree
[STDERR  ] 2017-09-28T22:16:03.353636638Z: [  534.186188] BTRFS: device fsid 0c747c49-2506-449b-a4d6-099258d582f4 devid 1 transid 5 /dev/loop2
[STDERR  ] 2017-09-28T22:16:03.353649697Z: [  534.384165] BTRFS info (device loop2): disk space caching is enabled
[STDERR  ] 2017-09-28T22:16:03.35365816Z: [  534.384814] BTRFS info (device loop2): has skinny extents
[STDERR  ] 2017-09-28T22:16:03.353666584Z: [  534.385108] BTRFS info (device loop2): flagging fs with big metadata feature
[STDERR  ] 2017-09-28T22:16:03.353672571Z: [  534.420573] BTRFS info (device loop2): creating UUID tree
[STDERR  ] 2017-09-28T22:16:03.353683233Z: [  536.423995] BTRFS: device fsid 4170e35a-b910-4184-b7c3-1cb6724ee55f devid 1 transid 5 /dev/loop2
[STDERR  ] 2017-09-28T22:16:03.353688969Z: [  536.614100] BTRFS info (device loop2): disk space caching is enabled
[STDERR  ] 2017-09-28T22:16:03.353695119Z: [  536.614574] BTRFS info (device loop2): has skinny extents
[STDERR  ] 2017-09-28T22:16:03.353702276Z: [  536.614946] BTRFS info (device loop2): flagging fs with big metadata feature
[STDERR  ] 2017-09-28T22:16:03.353714435Z: [  536.649206] BTRFS info (device loop2): creating UUID tree
[STDERR  ] 2017-09-28T22:16:03.353722315Z: [  542.979314] BTRFS: device fsid 84b22acb-e11f-46c2-a8e7-0122db38290d devid 1 transid 5 /dev/loop2
[STDERR  ] 2017-09-28T22:16:03.353728689Z: [  543.174292] BTRFS info (device loop2): disk space caching is enabled
[STDERR  ] 2017-09-28T22:16:03.353734749Z: [  543.174978] BTRFS info (device loop2): has skinny extents
[STDERR  ] 2017-09-28T22:16:03.353741087Z: [  543.175372] BTRFS info (device loop2): flagging fs with big metadata feature
[STDERR  ] 2017-09-28T22:16:03.353748322Z: [  543.213722] BTRFS info (device loop2): creating UUID tree
[STDERR  ] 2017-09-28T22:16:03.35375476Z: [  544.536388] BTRFS: device fsid 0a360f93-a97a-4267-bb54-597453128ae4 devid 1 transid 5 /dev/loop2
[STDERR  ] 2017-09-28T22:16:03.353760491Z: [  544.734599] BTRFS info (device loop2): disk space caching is enabled
[STDERR  ] 2017-09-28T22:16:03.353766109Z: [  544.735230] BTRFS info (device loop2): has skinny extents
[STDERR  ] 2017-09-28T22:16:03.353772942Z: [  544.735698] BTRFS info (device loop2): flagging fs with big metadata feature
[STDERR  ] 2017-09-28T22:16:03.353786129Z: [  544.775515] BTRFS info (device loop2): creating UUID tree
[STDERR  ] 2017-09-28T22:16:03.35379179Z: [  547.191111] BTRFS: device fsid 9f619b93-8a73-4fff-918e-80c5256ed545 devid 1 transid 5 /dev/loop2
[STDERR  ] 2017-09-28T22:16:03.353797568Z: [  547.374160] BTRFS info (device loop2): disk space caching is enabled
[STDERR  ] 2017-09-28T22:16:03.353803141Z: [  547.374635] BTRFS info (device loop2): has skinny extents
[STDERR  ] 2017-09-28T22:16:03.353809376Z: [  547.375007] BTRFS info (device loop2): flagging fs with big metadata feature
[STDERR  ] 2017-09-28T22:16:03.353815097Z: [  547.410054] BTRFS info (device loop2): creating UUID tree
[STDERR  ] 2017-09-28T22:16:03.353820826Z: [  548.781241] BTRFS: device fsid 488cd491-1d0a-4a59-8dc2-86490e1a72f9 devid 1 transid 5 /dev/loop2
[STDERR  ] 2017-09-28T22:16:03.353826672Z: [  548.974017] BTRFS info (device loop2): disk space caching is enabled
[STDERR  ] 2017-09-28T22:16:03.353832293Z: [  548.974467] BTRFS info (device loop2): has skinny extents
[STDERR  ] 2017-09-28T22:16:03.353838193Z: [  548.974831] BTRFS info (device loop2): flagging fs with big metadata feature
[STDERR  ] 2017-09-28T22:16:03.353843993Z: [  549.008651] BTRFS info (device loop2): creating UUID tree
[STDERR  ] 2017-09-28T22:16:03.35385145Z: [  550.313835] BTRFS: device fsid eefbb6da-4b83-4bef-8224-9b9fe56c8d42 devid 1 transid 5 /dev/loop2
[STDERR  ] 2017-09-28T22:16:03.353857259Z: [  550.493961] BTRFS info (device loop2): disk space caching is enabled
[STDERR  ] 2017-09-28T22:16:03.35386417Z: [  550.494240] BTRFS info (device loop2): has skinny extents
[STDERR  ] 2017-09-28T22:16:03.353869648Z: [  550.494665] BTRFS info (device loop2): flagging fs with big metadata feature
[STDERR  ] 2017-09-28T22:16:03.353875063Z: [  550.528811] BTRFS info (device loop2): creating UUID tree
[STDERR  ] 2017-09-28T22:16:03.35388047Z: [  551.673597] BTRFS: device fsid 68dc3334-ceee-492d-a701-8b05a1167601 devid 1 transid 5 /dev/loop2
[STDERR  ] 2017-09-28T22:16:03.353893191Z: [  551.884108] BTRFS info (device loop2): disk space caching is enabled
[STDERR  ] 2017-09-28T22:16:03.353898799Z: [  551.884619] BTRFS info (device loop2): has skinny extents
[STDERR  ] 2017-09-28T22:16:03.353904214Z: [  551.885032] BTRFS info (device loop2): flagging fs with big metadata feature
[STDERR  ] 2017-09-28T22:16:03.353909623Z: [  551.919969] BTRFS info (device loop2): creating UUID tree
[STDERR  ] 2017-09-28T22:16:03.353915071Z: [  553.018285] BTRFS: device fsid 82aa7994-1206-452f-91dc-72547eb918d4 devid 1 transid 5 /dev/loop2
[STDERR  ] 2017-09-28T22:16:03.353920586Z: [  553.224208] BTRFS info (device loop2): disk space caching is enabled
[STDERR  ] 2017-09-28T22:16:03.353926105Z: [  553.224735] BTRFS info (device loop2): has skinny extents
[STDERR  ] 2017-09-28T22:16:03.353931585Z: [  553.225064] BTRFS info (device loop2): flagging fs with big metadata feature
[STDERR  ] 2017-09-28T22:16:03.353937039Z: [  553.261662] BTRFS info (device loop2): creating UUID tree
[STDERR  ] 2017-09-28T22:16:03.353942656Z: ok  	github.com/containerd/containerd/snapshot/btrfs	30.653s
[STDERR  ] 2017-09-28T22:16:03.353947964Z: ok  	github.com/containerd/containerd/snapshot/naive	4.817s
[STDERR  ] 2017-09-28T22:16:03.353953936Z: ok  	github.com/containerd/containerd/snapshot/overlay	4.641s
[STDERR  ] 2017-09-28T22:16:03.353959376Z: containerd test suite PASSED
[STDERR  ] 2017-09-28T22:16:03.353964761Z: [  649.166366] sd 0:0:0:0: [sda] Synchronizing SCSI cache
[STDERR  ] 2017-09-28T22:16:03.353970217Z: [  649.168652] sd 0:0:0:0: [sda] Stopping disk
[STDERR  ] 2017-09-28T22:16:03.353975541Z: [  649.175674] ACPI: Preparing to enter system sleep state S5
[STDERR  ] 2017-09-28T22:16:03.353981078Z: [  649.181105] reboot: Power down
[STDERR  ] 2017-09-28T22:16:03.353987498Z: + echo [    0.000000] Linux version 4.9.51-linuxkit (root@3253c0754a54) (gcc version 6.3.0 (Alpine 6.3.0) ) #1 SMP Wed Sep 20 11:32:07 UTC 2017
[STDERR  ] 2017-09-28T22:16:03.353993697Z: [    0.000000] Command line: console=ttyS0 page_poison=1
[STDERR  ] 2017-09-28T22:16:03.354002406Z: [    0.000000] x86/fpu: Legacy x87 FPU detected.
[STDERR  ] 2017-09-28T22:16:03.354014052Z: [    0.000000] x86/fpu: Using 'eager' FPU context switches.
[STDERR  ] 2017-09-28T22:16:03.354019527Z: [    0.000000] e820: BIOS-provided physical RAM map:
[STDERR  ] 2017-09-28T22:16:03.354024893Z: [    0.000000] BIOS-e820: [mem 0x0000000000000000-0x000000000009fbff] usable
[STDERR  ] 2017-09-28T22:16:03.354030461Z: [    0.000000] BIOS-e820: [mem 0x000000000009fc00-0x000000000009ffff] reserved
[STDERR  ] 2017-09-28T22:16:03.354036572Z: [    0.000000] BIOS-e820: [mem 0x00000000000f0000-0x00000000000fffff] reserved
[STDERR  ] 2017-09-28T22:16:03.354045993Z: [    0.000000] BIOS-e820: [mem 0x0000000000100000-0x000000007ffdefff] usable
[STDERR  ] 2017-09-28T22:16:03.354051893Z: [    0.000000] BIOS-e820: [mem 0x000000007ffdf000-0x000000007fffffff] reserved
[STDERR  ] 2017-09-28T22:16:03.354057355Z: [    0.000000] BIOS-e820: [mem 0x00000000b0000000-0x00000000bfffffff] reserved
[STDERR  ] 2017-09-28T22:16:03.354063002Z: [    0.000000] BIOS-e820: [mem 0x00000000fed1c000-0x00000000fed1ffff] reserved
[STDERR  ] 2017-09-28T22:16:03.354068554Z: [    0.000000] BIOS-e820: [mem 0x00000000fffc0000-0x00000000ffffffff] reserved
[STDERR  ] 2017-09-28T22:16:03.354076432Z: [    0.000000] NX (Execute Disable) protection: active
[STDERR  ] 2017-09-28T22:16:03.354082122Z: [    0.000000] SMBIOS 2.8 present.
[STDERR  ] 2017-09-28T22:16:03.354088116Z: [    0.000000] e820: last_pfn = 0x7ffdf max_arch_pfn = 0x400000000
[STDERR  ] 2017-09-28T22:16:03.354093817Z: [    0.000000] x86/PAT: Configuration [0-7]: WB  WC  UC- UC  WB  WC  UC- WT  
[STDERR  ] 2017-09-28T22:16:03.3540993Z: [    0.000000] found SMP MP-table at [mem 0x000f6aa0-0x000f6aaf] mapped at [ffff8a78c00f6aa0]
[STDERR  ] 2017-09-28T22:16:03.354104912Z: [    0.000000] RAMDISK: [mem 0x73f6e000-0x7ffcffff]
[STDERR  ] 2017-09-28T22:16:03.354113994Z: [    0.000000] ACPI: Early table checksum verification disabled
[STDERR  ] 2017-09-28T22:16:03.354119665Z: [    0.000000] ACPI: RSDP 0x00000000000F68C0 000014 (v00 BOCHS )
[STDERR  ] 2017-09-28T22:16:03.354130782Z: [    0.000000] ACPI: RSDT 0x000000007FFE2404 000034 (v01 BOCHS  BXPCRSDT 00000001 BXPC 00000001)
[STDERR  ] 2017-09-28T22:16:03.354136353Z: [    0.000000] ACPI: FACP 0x000000007FFE22A4 000074 (v01 BOCHS  BXPCFACP 00000001 BXPC 00000001)
[STDERR  ] 2017-09-28T22:16:03.354151944Z: [    0.000000] ACPI: DSDT 0x000000007FFE0040 002264 (v01 BOCHS  BXPCDSDT 00000001 BXPC 00000001)
[STDERR  ] 2017-09-28T22:16:03.354157368Z: [    0.000000] ACPI: FACS 0x000000007FFE0000 000040
[STDERR  ] 2017-09-28T22:16:03.354163334Z: [    0.000000] ACPI: APIC 0x000000007FFE2318 000078 (v01 BOCHS  BXPCAPIC 00000001 BXPC 00000001)
[STDERR  ] 2017-09-28T22:16:03.354168702Z: [    0.000000] ACPI: HPET 0x000000007FFE2390 000038 (v01 BOCHS  BXPCHPET 00000001 BXPC 00000001)
[STDERR  ] 2017-09-28T22:16:03.3541741Z: [    0.000000] ACPI: MCFG 0x000000007FFE23C8 00003C (v01 BOCHS  BXPCMCFG 00000001 BXPC 00000001)
[STDERR  ] 2017-09-28T22:16:03.354179574Z: [    0.000000] Zone ranges:
[STDERR  ] 2017-09-28T22:16:03.354185511Z: [    0.000000]   DMA      [mem 0x0000000000001000-0x0000000000ffffff]
[STDERR  ] 2017-09-28T22:16:03.354192349Z: [    0.000000]   DMA32    [mem 0x0000000001000000-0x000000007ffdefff]
[STDERR  ] 2017-09-28T22:16:03.3541981Z: [    0.000000]   Normal   empty
[STDERR  ] 2017-09-28T22:16:03.354203848Z: [    0.000000] Movable zone start for each node
[STDERR  ] 2017-09-28T22:16:03.354209702Z: [    0.000000] Early memory node ranges
[STDERR  ] 2017-09-28T22:16:03.354215422Z: [    0.000000]   node   0: [mem 0x0000000000001000-0x000000000009efff]
[STDERR  ] 2017-09-28T22:16:03.354220996Z: [    0.000000]   node   0: [mem 0x0000000000100000-0x000000007ffdefff]
[STDERR  ] 2017-09-28T22:16:03.354226428Z: [    0.000000] Initmem setup node 0 [mem 0x0000000000001000-0x000000007ffdefff]
[STDERR  ] 2017-09-28T22:16:03.354234351Z: [    0.000000] ACPI: PM-Timer IO Port: 0x608
[STDERR  ] 2017-09-28T22:16:03.354239813Z: [    0.000000] ACPI: LAPIC_NMI (acpi_id[0xff] dfl dfl lint[0x1])
[STDERR  ] 2017-09-28T22:16:03.35424852Z: [    0.000000] IOAPIC[0]: apic_id 0, version 32, address 0xfec00000, GSI 0-23
[STDERR  ] 2017-09-28T22:16:03.354254239Z: [    0.000000] ACPI: INT_SRC_OVR (bus 0 bus_irq 0 global_irq 2 dfl dfl)
[STDERR  ] 2017-09-28T22:16:03.354260815Z: [    0.000000] ACPI: INT_SRC_OVR (bus 0 bus_irq 5 global_irq 5 high level)
[STDERR  ] 2017-09-28T22:16:03.35426929Z: [    0.000000] ACPI: INT_SRC_OVR (bus 0 bus_irq 9 global_irq 9 high level)
[STDERR  ] 2017-09-28T22:16:03.354275982Z: [    0.000000] ACPI: INT_SRC_OVR (bus 0 bus_irq 10 global_irq 10 high level)
[STDERR  ] 2017-09-28T22:16:03.35428143Z: [    0.000000] ACPI: INT_SRC_OVR (bus 0 bus_irq 11 global_irq 11 high level)
[STDERR  ] 2017-09-28T22:16:03.354286868Z: [    0.000000] Using ACPI (MADT) for SMP configuration information
[STDERR  ] 2017-09-28T22:16:03.354292214Z: [    0.000000] ACPI: HPET id: 0x8086a201 base: 0xfed00000
[STDERR  ] 2017-09-28T22:16:03.354297556Z: [    0.000000] smpboot: Allowing 1 CPUs, 0 hotplug CPUs
[STDERR  ] 2017-09-28T22:16:03.354303242Z: [    0.000000] e820: [mem 0xc0000000-0xfed1bfff] available for PCI devices
[STDERR  ] 2017-09-28T22:16:03.354308606Z: [    0.000000] Booting paravirtualized kernel on bare hardware
[STDERR  ] 2017-09-28T22:16:03.35431441Z: [    0.000000] clocksource: refined-jiffies: mask: 0xffffffff max_cycles: 0xffffffff, max_idle_ns: 19112604462750000 ns
[STDERR  ] 2017-09-28T22:16:03.354320585Z: [    0.000000] setup_percpu: NR_CPUS:128 nr_cpumask_bits:128 nr_cpu_ids:1 nr_node_ids:1
[STDERR  ] 2017-09-28T22:16:03.354330534Z: [    0.000000] percpu: Embedded 35 pages/cpu @ffff8a7933c00000 s105240 r8192 d29928 u2097152
[STDERR  ] 2017-09-28T22:16:03.354336127Z: [    0.000000] Built 1 zonelists in Zone order, mobility grouping on.  Total pages: 515944
[STDERR  ] 2017-09-28T22:16:03.354346395Z: [    0.000000] Kernel command line: console=ttyS0 page_poison=1
[STDERR  ] 2017-09-28T22:16:03.354355063Z: [    0.000000] PID hash table entries: 4096 (order: 3, 32768 bytes)
[STDERR  ] 2017-09-28T22:16:03.354360512Z: [    0.000000] Dentry cache hash table entries: 262144 (order: 9, 2097152 bytes)
[STDERR  ] 2017-09-28T22:16:03.35436601Z: [    0.000000] Inode-cache hash table entries: 131072 (order: 8, 1048576 bytes)
[STDERR  ] 2017-09-28T22:16:03.354372233Z: [    0.000000] Memory: 1847828K/2096628K available (8036K kernel code, 1367K rwdata, 2696K rodata, 1380K init, 568K bss, 248800K reserved, 0K cma-reserved)
[STDERR  ] 2017-09-28T22:16:03.354378671Z: [    0.000000] Hierarchical RCU implementation.
[STDERR  ] 2017-09-28T22:16:03.354384241Z: [    0.000000] 	Build-time adjustment of leaf fanout to 64.
[STDERR  ] 2017-09-28T22:16:03.354389671Z: [    0.000000] 	RCU restricting CPUs from NR_CPUS=128 to nr_cpu_ids=1.
[STDERR  ] 2017-09-28T22:16:03.354396318Z: [    0.000000] RCU: Adjusting geometry for rcu_fanout_leaf=64, nr_cpu_ids=1
[STDERR  ] 2017-09-28T22:16:03.354401708Z: [    0.000000] NR_IRQS:8448 nr_irqs:256 16
[STDERR  ] 2017-09-28T22:16:03.354407037Z: [    0.000000] Console: colour VGA+ 80x25
[STDERR  ] 2017-09-28T22:16:03.354412451Z: [    0.000000] console [ttyS0] enabled
[STDERR  ] 2017-09-28T22:16:03.354417875Z: [    0.000000] allocated 4194304 bytes of page_ext
[STDERR  ] 2017-09-28T22:16:03.354423372Z: [    0.000000] clocksource: hpet: mask: 0xffffffff max_cycles: 0xffffffff, max_idle_ns: 19112604467 ns
[STDERR  ] 2017-09-28T22:16:03.354429112Z: [    0.000000] tsc: Fast TSC calibration using PIT
[STDERR  ] 2017-09-28T22:16:03.354434841Z: [    0.000000] tsc: Detected 2599.806 MHz processor
[STDERR  ] 2017-09-28T22:16:03.354442262Z: [    0.032217] Calibrating delay loop (skipped), value calculated using timer frequency.. 5199.61 BogoMIPS (lpj=25998060)
[STDERR  ] 2017-09-28T22:16:03.354447709Z: [    0.033397] pid_max: default: 32768 minimum: 301
[STDERR  ] 2017-09-28T22:16:03.354453355Z: [    0.034482] ACPI: Core revision 20160831
[STDERR  ] 2017-09-28T22:16:03.354458714Z: [    0.077650] ACPI: 1 ACPI AML tables successfully acquired and loaded
[STDERR  ] 2017-09-28T22:16:03.3544672Z: [    0.082558] Security Framework initialized
[STDERR  ] 2017-09-28T22:16:03.354472763Z: [    0.083038] Yama: becoming mindful.
[STDERR  ] 2017-09-28T22:16:03.354478255Z: [    0.085126] Mount-cache hash table entries: 4096 (order: 3, 32768 bytes)
[STDERR  ] 2017-09-28T22:16:03.354483822Z: [    0.085741] Mountpoint-cache hash table entries: 4096 (order: 3, 32768 bytes)
[STDERR  ] 2017-09-28T22:16:03.354489385Z: [    0.106330] Last level iTLB entries: 4KB 0, 2MB 0, 4MB 0
[STDERR  ] 2017-09-28T22:16:03.354494897Z: [    0.106787] Last level dTLB entries: 4KB 0, 2MB 0, 4MB 0, 1GB 0
[STDERR  ] 2017-09-28T22:16:03.354500619Z: [    0.419622] Freeing SMP alternatives memory: 20K
[STDERR  ] 2017-09-28T22:16:03.354506257Z: [    0.430745] ftrace: allocating 35528 entries in 139 pages
[STDERR  ] 2017-09-28T22:16:03.354511614Z: [    0.599693] smpboot: Max logical packages: 1
[STDERR  ] 2017-09-28T22:16:03.354516977Z: [    0.606823] ..TIMER: vector=0x30 apic1=0 pin1=2 apic2=-1 pin2=-1
[STDERR  ] 2017-09-28T22:16:03.354522348Z: [    0.710000] smpboot: CPU0: AMD QEMU Virtual CPU version 2.5+ (family: 0x6, model: 0x6, stepping: 0x3)
[STDERR  ] 2017-09-28T22:16:03.354528079Z: [    0.710000] Performance Events: PMU not available due to virtualization, using software events only.
[STDERR  ] 2017-09-28T22:16:03.354534049Z: [    0.723266] NMI watchdog: disabled (cpu0): hardware events not enabled
[STDERR  ] 2017-09-28T22:16:03.354539625Z: [    0.723959] NMI watchdog: Shutting down hard lockup detector on all cpus
[STDERR  ] 2017-09-28T22:16:03.354547898Z: [    0.730397] x86: Booted up 1 node, 1 CPUs
[STDERR  ] 2017-09-28T22:16:03.354553333Z: [    0.730951] smpboot: Total of 1 processors activated (5199.61 BogoMIPS)
[STDERR  ] 2017-09-28T22:16:03.354558788Z: [    0.752972] devtmpfs: initialized
[STDERR  ] 2017-09-28T22:16:03.3545665Z: [    0.759716] x86/mm: Memory block size: 128MB
[STDERR  ] 2017-09-28T22:16:03.354578877Z: [    0.836976] clocksource: jiffies: mask: 0xffffffff max_cycles: 0xffffffff, max_idle_ns: 19112604462750000 ns
[STDERR  ] 2017-09-28T22:16:03.354587895Z: [    0.838326] futex hash table entries: 256 (order: 2, 16384 bytes)
[STDERR  ] 2017-09-28T22:16:03.354593754Z: [    0.849096] NET: Registered protocol family 16
[STDERR  ] 2017-09-28T22:16:03.354599187Z: [    0.861852] cpuidle: using governor ladder
[STDERR  ] 2017-09-28T22:16:03.354604701Z: [    0.862276] cpuidle: using governor menu
[STDERR  ] 2017-09-28T22:16:03.354610126Z: [    0.864184] ACPI: bus type PCI registered
[STDERR  ] 2017-09-28T22:16:03.35461561Z: [    0.868864] PCI: MMCONFIG for domain 0000 [bus 00-ff] at [mem 0xb0000000-0xbfffffff] (base 0xb0000000)
[STDERR  ] 2017-09-28T22:16:03.354621422Z: [    0.869772] PCI: MMCONFIG at [mem 0xb0000000-0xbfffffff] reserved in E820
[STDERR  ] 2017-09-28T22:16:03.354626907Z: [    0.871187] PCI: Using configuration type 1 for base access
[STDERR  ] 2017-09-28T22:16:03.354632418Z: [    0.930000] HugeTLB registered 2 MB page size, pre-allocated 0 pages
[STDERR  ] 2017-09-28T22:16:03.354638384Z: [    0.949767] ACPI: Added _OSI(Module Device)
[STDERR  ] 2017-09-28T22:16:03.354645386Z: [    0.949980] ACPI: Added _OSI(Processor Device)
[STDERR  ] 2017-09-28T22:16:03.354656742Z: [    0.950000] ACPI: Added _OSI(3.0 _SCP Extensions)
[STDERR  ] 2017-09-28T22:16:03.35466687Z: [    0.950000] ACPI: Added _OSI(Processor Aggregator Device)
[STDERR  ] 2017-09-28T22:16:03.354672702Z: [    1.035282] ACPI: Interpreter enabled
[STDERR  ] 2017-09-28T22:16:03.354678201Z: [    1.036324] ACPI: (supports S0 S5)
[STDERR  ] 2017-09-28T22:16:03.35468356Z: [    1.036711] ACPI: Using IOAPIC for interrupt routing
[STDERR  ] 2017-09-28T22:16:03.354689382Z: [    1.039343] PCI: Using host bridge windows from ACPI; if necessary, use "pci=nocrs" and report a bug
[STDERR  ] 2017-09-28T22:16:03.354695Z: [    1.114324] ACPI: PCI Root Bridge [PCI0] (domain 0000 [bus 00-ff])
[STDERR  ] 2017-09-28T22:16:03.354705696Z: [    1.115510] acpi PNP0A08:00: _OSC: OS supports [ExtendedConfig ASPM ClockPM Segments MSI]
[STDERR  ] 2017-09-28T22:16:03.354713994Z: [    1.122565] acpi PNP0A08:00: _OSC: OS now controls [PCIeHotplug PME PCIeCapability]
[STDERR  ] 2017-09-28T22:16:03.354719723Z: [    1.128387] PCI host bridge to bus 0000:00
[STDERR  ] 2017-09-28T22:16:03.354725277Z: [    1.129044] pci_bus 0000:00: root bus resource [io  0x0000-0x0cf7 window]
[STDERR  ] 2017-09-28T22:16:03.354780216Z: [    1.129553] pci_bus 0000:00: root bus resource [io  0x0d00-0xffff window]
[STDERR  ] 2017-09-28T22:16:03.35478596Z: [    1.130144] pci_bus 0000:00: root bus resource [mem 0x000a0000-0x000bffff window]
[STDERR  ] 2017-09-28T22:16:03.354791413Z: [    1.130653] pci_bus 0000:00: root bus resource [mem 0xc0000000-0xfebfffff window]
[STDERR  ] 2017-09-28T22:16:03.354798254Z: [    1.131343] pci_bus 0000:00: root bus resource [bus 00-ff]
[STDERR  ] 2017-09-28T22:16:03.354803838Z: [    1.282744] pci 0000:00:1f.0: quirk: [io  0x0600-0x067f] claimed by ICH6 ACPI/GPIO/TCO
[STDERR  ] 2017-09-28T22:16:03.354814208Z: [    1.370642] ACPI: PCI Interrupt Link [LNKA] (IRQs 5 *10 11)
[STDERR  ] 2017-09-28T22:16:03.35481971Z: [    1.373764] ACPI: PCI Interrupt Link [LNKB] (IRQs 5 *10 11)
[STDERR  ] 2017-09-28T22:16:03.354825078Z: [    1.376215] ACPI: PCI Interrupt Link [LNKC] (IRQs 5 10 *11)
[STDERR  ] 2017-09-28T22:16:03.35483055Z: [    1.378526] ACPI: PCI Interrupt Link [LNKD] (IRQs 5 10 *11)
[STDERR  ] 2017-09-28T22:16:03.354836146Z: [    1.381488] ACPI: PCI Interrupt Link [LNKE] (IRQs 5 *10 11)
[STDERR  ] 2017-09-28T22:16:03.354841739Z: [    1.383714] ACPI: PCI Interrupt Link [LNKF] (IRQs 5 *10 11)
[STDERR  ] 2017-09-28T22:16:03.354847296Z: [    1.385920] ACPI: PCI Interrupt Link [LNKG] (IRQs 5 10 *11)
[STDERR  ] 2017-09-28T22:16:03.354853481Z: [    1.388228] ACPI: PCI Interrupt Link [LNKH] (IRQs 5 10 *11)
[STDERR  ] 2017-09-28T22:16:03.354858947Z: [    1.389265] ACPI: PCI Interrupt Link [GSIA] (IRQs *16)
[STDERR  ] 2017-09-28T22:16:03.354864405Z: [    1.390248] ACPI: PCI Interrupt Link [GSIB] (IRQs *17)
[STDERR  ] 2017-09-28T22:16:03.35487632Z: [    1.391002] ACPI: PCI Interrupt Link [GSIC] (IRQs *18)
[STDERR  ] 2017-09-28T22:16:03.354881982Z: [    1.391693] ACPI: PCI Interrupt Link [GSID] (IRQs *19)
[STDERR  ] 2017-09-28T22:16:03.354887363Z: [    1.392476] ACPI: PCI Interrupt Link [GSIE] (IRQs *20)
[STDERR  ] 2017-09-28T22:16:03.354892697Z: [    1.393142] ACPI: PCI Interrupt Link [GSIF] (IRQs *21)
[STDERR  ] 2017-09-28T22:16:03.3548983Z: [    1.393821] ACPI: PCI Interrupt Link [GSIG] (IRQs *22)
[STDERR  ] 2017-09-28T22:16:03.354907608Z: [    1.394505] ACPI: PCI Interrupt Link [GSIH] (IRQs *23)
[STDERR  ] 2017-09-28T22:16:03.354912952Z: [    1.399534] ACPI: Enabled 2 GPEs in block 00 to 3F
[STDERR  ] 2017-09-28T22:16:03.354924022Z: [    1.404591] SCSI subsystem initialized
[STDERR  ] 2017-09-28T22:16:03.354929343Z: [    1.407235] ACPI: bus type USB registered
[STDERR  ] 2017-09-28T22:16:03.354934833Z: [    1.408426] usbcore: registered new interface driver usbfs
[STDERR  ] 2017-09-28T22:16:03.354940252Z: [    1.409404] usbcore: registered new interface driver hub
[STDERR  ] 2017-09-28T22:16:03.354945723Z: [    1.410653] usbcore: registered new device driver usb
[STDERR  ] 2017-09-28T22:16:03.354951247Z: [    1.411889] pps_core: LinuxPPS API ver. 1 registered
[STDERR  ] 2017-09-28T22:16:03.354956688Z: [    1.412259] pps_core: Software ver. 5.3.6 - Copyright 2005-2007 Rodolfo Giometti <giometti@linux.it>
[STDERR  ] 2017-09-28T22:16:03.354962419Z: [    1.413016] PTP clock support registered
[STDERR  ] 2017-09-28T22:16:03.354967829Z: [    1.414405] wmi: Mapper loaded
[STDERR  ] 2017-09-28T22:16:03.354974594Z: [    1.415625] PCI: Using ACPI for IRQ routing
[STDERR  ] 2017-09-28T22:16:03.35498008Z: [    1.436867] NetLabel: Initializing
[STDERR  ] 2017-09-28T22:16:03.354986044Z: [    1.437083] NetLabel:  domain hash size = 128
[STDERR  ] 2017-09-28T22:16:03.354991295Z: [    1.437511] NetLabel:  protocols = UNLABELED CIPSOv4
[STDERR  ] 2017-09-28T22:16:03.354996635Z: [    1.440329] NetLabel:  unlabeled traffic allowed by default
[STDERR  ] 2017-09-28T22:16:03.355002038Z: [    1.441798] HPET: 3 timers in total, 0 timers will be used for per-cpu timer
[STDERR  ] 2017-09-28T22:16:03.355010505Z: [    1.442744] hpet0: at MMIO 0xfed00000, IRQs 2, 8, 0
[STDERR  ] 2017-09-28T22:16:03.355016042Z: [    1.443358] hpet0: 3 comparators, 64-bit 100.000000 MHz counter
[STDERR  ] 2017-09-28T22:16:03.355021535Z: [    1.448810] clocksource: Switched to clocksource hpet
[STDERR  ] 2017-09-28T22:16:03.355027401Z: [    1.755172] VFS: Disk quotas dquot_6.6.0
[STDERR  ] 2017-09-28T22:16:03.355032884Z: [    1.755978] VFS: Dquot-cache hash table entries: 512 (order 0, 4096 bytes)
[STDERR  ] 2017-09-28T22:16:03.355046848Z: [    1.759766] FS-Cache: Loaded
[STDERR  ] 2017-09-28T22:16:03.355052556Z: [    1.765907] CacheFiles: Loaded
[STDERR  ] 2017-09-28T22:16:03.355058075Z: [    1.768261] pnp: PnP ACPI init
[STDERR  ] 2017-09-28T22:16:03.355063619Z: [    1.782781] pnp: PnP ACPI: found 5 devices
[STDERR  ] 2017-09-28T22:16:03.355068904Z: [    1.839630] clocksource: acpi_pm: mask: 0xffffff max_cycles: 0xffffff, max_idle_ns: 2085701024 ns
[STDERR  ] 2017-09-28T22:16:03.355074598Z: [    1.844090] NET: Registered protocol family 2
[STDERR  ] 2017-09-28T22:16:03.355079989Z: [    1.852789] TCP established hash table entries: 16384 (order: 5, 131072 bytes)
[STDERR  ] 2017-09-28T22:16:03.355086912Z: [    1.853818] TCP bind hash table entries: 16384 (order: 6, 262144 bytes)
[STDERR  ] 2017-09-28T22:16:03.355092578Z: [    1.855213] TCP: Hash tables configured (established 16384 bind 16384)
[STDERR  ] 2017-09-28T22:16:03.355097865Z: [    1.857051] UDP hash table entries: 1024 (order: 3, 32768 bytes)
[STDERR  ] 2017-09-28T22:16:03.355103534Z: [    1.857636] UDP-Lite hash table entries: 1024 (order: 3, 32768 bytes)
[STDERR  ] 2017-09-28T22:16:03.355109025Z: [    1.861239] NET: Registered protocol family 1
[STDERR  ] 2017-09-28T22:16:03.35511452Z: [    1.862509] pci 0000:00:01.0: Video device with shadowed ROM at [mem 0x000c0000-0x000dffff]
[STDERR  ] 2017-09-28T22:16:03.355123224Z: [    1.872493] Unpacking initramfs...
[STDERR  ] 2017-09-28T22:16:03.355129375Z: [   26.066857] Freeing initrd memory: 197000K
[STDERR  ] 2017-09-28T22:16:03.355134938Z: [   26.092038] PCLMULQDQ-NI instructions are not detected.
[STDERR  ] 2017-09-28T22:16:03.355144126Z: [   26.093564] AVX or AES-NI instructions are not detected.
[STDERR  ] 2017-09-28T22:16:03.355149993Z: [   26.094018] CPU feature 'AVX registers' is not supported.
[STDERR  ] 2017-09-28T22:16:03.355155541Z: [   26.094423] CPU feature 'AVX registers' is not supported.
[STDERR  ] 2017-09-28T22:16:03.355161115Z: [   26.094833] CPU feature 'AVX registers' is not supported.
[STDERR  ] 2017-09-28T22:16:03.355167292Z: [   26.095229] CPU feature 'AVX registers' is not supported.
[STDERR  ] 2017-09-28T22:16:03.355172897Z: [   26.095626] AVX2 or AES-NI instructions are not detected.
[STDERR  ] 2017-09-28T22:16:03.355178504Z: [   26.096024] AVX2 instructions are not detected.
[STDERR  ] 2017-09-28T22:16:03.355185439Z: [   26.103943] audit: initializing netlink subsys (disabled)
[STDERR  ] 2017-09-28T22:16:03.35519545Z: [   26.105715] audit: type=2000 audit(1506636338.100:1): initialized
[STDERR  ] 2017-09-28T22:16:03.355200934Z: [   26.113846] workingset: timestamp_bits=46 max_order=19 bucket_order=0
[STDERR  ] 2017-09-28T22:16:03.35520649Z: [   26.123656] FS-Cache: Netfs 'cifs' registered for caching
[STDERR  ] 2017-09-28T22:16:03.355211936Z: [   26.124714] fuse init (API version 7.26)
[STDERR  ] 2017-09-28T22:16:03.355217598Z: [   26.127038] SGI XFS with ACLs, security attributes, no debug enabled
[STDERR  ] 2017-09-28T22:16:03.355225347Z: [   26.131229] 9p: Installing v9fs 9p2000 file system support
[STDERR  ] 2017-09-28T22:16:03.355230766Z: [   26.131782] FS-Cache: Netfs '9p' registered for caching
[STDERR  ] 2017-09-28T22:16:03.355236176Z: [   26.161298] NET: Registered protocol family 38
[STDERR  ] 2017-09-28T22:16:03.355242062Z: [   26.161998] Key type asymmetric registered
[STDERR  ] 2017-09-28T22:16:03.35524749Z: [   26.162418] Asymmetric key parser 'x509' registered
[STDERR  ] 2017-09-28T22:16:03.355256247Z: [   26.163390] Block layer SCSI generic (bsg) driver version 0.4 loaded (major 251)
[STDERR  ] 2017-09-28T22:16:03.355262058Z: [   26.164915] io scheduler noop registered
[STDERR  ] 2017-09-28T22:16:03.355271933Z: [   26.165256] io scheduler deadline registered (default)
[STDERR  ] 2017-09-28T22:16:03.355277305Z: [   26.166224] io scheduler cfq registered
[STDERR  ] 2017-09-28T22:16:03.355282889Z: [   26.169213] pci_hotplug: PCI Hot Plug PCI Core version: 0.5
[STDERR  ] 2017-09-28T22:16:03.355288371Z: [   26.169839] pciehp: PCI Express Hot Plug Controller Driver version: 0.4
[STDERR  ] 2017-09-28T22:16:03.355293905Z: [   26.171991] shpchp: Standard Hot Plug PCI Controller Driver version: 0.4
[STDERR  ] 2017-09-28T22:16:03.355301701Z: [   26.172741] hv_vmbus: registering driver hyperv_fb
[STDERR  ] 2017-09-28T22:16:03.355307554Z: [   26.175783] input: Power Button as /devices/LNXSYSTM:00/LNXPWRBN:00/input/input0
[STDERR  ] 2017-09-28T22:16:03.355313699Z: [   26.176865] ACPI: Power Button [PWRF]
[STDERR  ] 2017-09-28T22:16:03.355319351Z: [   26.183249] GHES: HEST is not enabled!
[STDERR  ] 2017-09-28T22:16:03.355325369Z: [   26.195026] ACPI: PCI Interrupt Link [GSIG] enabled at IRQ 22
[STDERR  ] 2017-09-28T22:16:03.355331186Z: [   26.208700] ACPI: PCI Interrupt Link [GSIH] enabled at IRQ 23
[STDERR  ] 2017-09-28T22:16:03.355336615Z: [   26.214735] xenfs: not registering filesystem on non-xen platform
[STDERR  ] 2017-09-28T22:16:03.355341937Z: [   26.216956] Serial: 8250/16550 driver, 4 ports, IRQ sharing disabled
[STDERR  ] 2017-09-28T22:16:03.355347405Z: [   26.241070] 00:04: ttyS0 at I/O 0x3f8 (irq = 4, base_baud = 115200) is a 16550A
[STDERR  ] 2017-09-28T22:16:03.35535316Z: [   26.253432] Non-volatile memory driver v1.3
[STDERR  ] 2017-09-28T22:16:03.35536428Z: [   26.259911] Hangcheck: starting hangcheck timer 0.9.1 (tick is 180 seconds, margin is 60 seconds).
[STDERR  ] 2017-09-28T22:16:03.355372985Z: [   26.300911] loop: module loaded
[STDERR  ] 2017-09-28T22:16:03.355378726Z: [   26.317076] nbd: registered device at major 43
[STDERR  ] 2017-09-28T22:16:03.355384067Z: [   26.359914] lpc_ich 0000:00:1f.0: I/O space for GPIO uninitialized
[STDERR  ] 2017-09-28T22:16:03.355391351Z: [   26.362375] VMware PVSCSI driver - version 1.0.7.0-k
[STDERR  ] 2017-09-28T22:16:03.355396662Z: [   26.363271] hv_vmbus: registering driver hv_storvsc
[STDERR  ] 2017-09-28T22:16:03.355402176Z: [   26.374945] ACPI: PCI Interrupt Link [GSIA] enabled at IRQ 16
[STDERR  ] 2017-09-28T22:16:03.355407739Z: [   26.381966] ahci 0000:00:1f.2: AHCI 0001.0000 32 slots 6 ports 1.5 Gbps 0x3f impl SATA mode
[STDERR  ] 2017-09-28T22:16:03.3554132Z: [   26.382767] ahci 0000:00:1f.2: flags: 64bit ncq only 
[STDERR  ] 2017-09-28T22:16:03.35541865Z: [   26.403403] scsi host0: ahci
[STDERR  ] 2017-09-28T22:16:03.355426602Z: [   26.408399] scsi host1: ahci
[STDERR  ] 2017-09-28T22:16:03.355433265Z: [   26.411715] scsi host2: ahci
[STDERR  ] 2017-09-28T22:16:03.355438761Z: [   26.414404] scsi host3: ahci
[STDERR  ] 2017-09-28T22:16:03.355446512Z: [   26.416670] scsi host4: ahci
[STDERR  ] 2017-09-28T22:16:03.355452526Z: [   26.418918] scsi host5: ahci
[STDERR  ] 2017-09-28T22:16:03.355457982Z: [   26.421018] ata1: SATA max UDMA/133 abar m4096@0xfebd2000 port 0xfebd2100 irq 24
[STDERR  ] 2017-09-28T22:16:03.355463623Z: [   26.421502] ata2: SATA max UDMA/133 abar m4096@0xfebd2000 port 0xfebd2180 irq 24
[STDERR  ] 2017-09-28T22:16:03.355469297Z: [   26.421885] ata3: SATA max UDMA/133 abar m4096@0xfebd2000 port 0xfebd2200 irq 24
[STDERR  ] 2017-09-28T22:16:03.35547476Z: [   26.422307] ata4: SATA max UDMA/133 abar m4096@0xfebd2000 port 0xfebd2280 irq 24
[STDERR  ] 2017-09-28T22:16:03.355480275Z: [   26.422720] ata5: SATA max UDMA/133 abar m4096@0xfebd2000 port 0xfebd2300 irq 24
[STDERR  ] 2017-09-28T22:16:03.355485748Z: [   26.423114] ata6: SATA max UDMA/133 abar m4096@0xfebd2000 port 0xfebd2380 irq 24
[STDERR  ] 2017-09-28T22:16:03.355491165Z: [   26.436345] tun: Universal TUN/TAP device driver, 1.6
[STDERR  ] 2017-09-28T22:16:03.355496594Z: [   26.436747] tun: (C) 1999-2004 Max Krasnyansky <maxk@qualcomm.com>
[STDERR  ] 2017-09-28T22:16:03.355507256Z: [   26.447555] VMware vmxnet3 virtual NIC driver - version 1.4.a.0-k-NAPI
[STDERR  ] 2017-09-28T22:16:03.355515329Z: [   26.448437] hv_vmbus: registering driver hv_netvsc
[STDERR  ] 2017-09-28T22:16:03.35552102Z: [   26.448806] Fusion MPT base driver 3.04.20
[STDERR  ] 2017-09-28T22:16:03.355526472Z: [   26.449087] Copyright (c) 1999-2008 LSI Corporation
[STDERR  ] 2017-09-28T22:16:03.355536519Z: [   26.449733] Fusion MPT SPI Host driver 3.04.20
[STDERR  ] 2017-09-28T22:16:03.355541929Z: [   26.452087] i8042: PNP: PS/2 Controller [PNP0303:KBD,PNP0f13:MOU] at 0x60,0x64 irq 1,12
[STDERR  ] 2017-09-28T22:16:03.355547521Z: [   26.457930] serio: i8042 KBD port at 0x60,0x64 irq 1
[STDERR  ] 2017-09-28T22:16:03.355553235Z: [   26.458636] serio: i8042 AUX port at 0x60,0x64 irq 12
[STDERR  ] 2017-09-28T22:16:03.355558774Z: [   26.462174] hv_vmbus: registering driver hyperv_keyboard
[STDERR  ] 2017-09-28T22:16:03.355564229Z: [   26.465278] mousedev: PS/2 mouse device common for all mice
[STDERR  ] 2017-09-28T22:16:03.35556963Z: [   26.471749] input: PC Speaker as /devices/platform/pcspkr/input/input2
[STDERR  ] 2017-09-28T22:16:03.355575469Z: [   26.472896] input: AT Translated Set 2 keyboard as /devices/platform/i8042/serio0/input/input1
[STDERR  ] 2017-09-28T22:16:03.355585939Z: [   26.477153] rtc_cmos 00:00: RTC can wake from S4
[STDERR  ] 2017-09-28T22:16:03.355591909Z: [   26.480780] rtc_cmos 00:00: rtc core: registered rtc_cmos as rtc0
[STDERR  ] 2017-09-28T22:16:03.355597233Z: [   26.482186] rtc_cmos 00:00: alarms up to one day, y3k, 114 bytes nvram, hpet irqs
[STDERR  ] 2017-09-28T22:16:03.355603003Z: [   26.482943] i2c /dev entries driver
[STDERR  ] 2017-09-28T22:16:03.355608496Z: [   26.484852] device-mapper: ioctl: 4.35.0-ioctl (2016-06-23) initialised: dm-devel@redhat.com
[STDERR  ] 2017-09-28T22:16:03.355617996Z: [   26.489463] usbcore: registered new interface driver usbhid
[STDERR  ] 2017-09-28T22:16:03.355623642Z: [   26.489890] usbhid: USB HID core driver
[STDERR  ] 2017-09-28T22:16:03.35562948Z: [   26.490919] hv_utils: Registering HyperV Utility Driver
[STDERR  ] 2017-09-28T22:16:03.355635029Z: [   26.491276] hv_vmbus: registering driver hv_util
[STDERR  ] 2017-09-28T22:16:03.355642384Z: [   26.491549] hv_vmbus: registering driver hv_balloon
[STDERR  ] 2017-09-28T22:16:03.355648473Z: [   26.492068] oprofile: using NMI interrupt.
[STDERR  ] 2017-09-28T22:16:03.355653939Z: [   26.493177] GACT probability on
[STDERR  ] 2017-09-28T22:16:03.355661791Z: [   26.493642] Mirror/redirect action on
[STDERR  ] 2017-09-28T22:16:03.355667218Z: [   26.494539] Simple TC action Loaded
[STDERR  ] 2017-09-28T22:16:03.355673012Z: [   26.495100] u32 classifier
[STDERR  ] 2017-09-28T22:16:03.355678679Z: [   26.495289]     Performance counters on
[STDERR  ] 2017-09-28T22:16:03.35568878Z: [   26.495538]     input device check on
[STDERR  ] 2017-09-28T22:16:03.355694314Z: [   26.495784]     Actions configured
[STDERR  ] 2017-09-28T22:16:03.35569986Z: [   26.496401] Netfilter messages via NETLINK v0.30.
[STDERR  ] 2017-09-28T22:16:03.355709975Z: [   26.496969] nfnl_acct: registering with nfnetlink.
[STDERR  ] 2017-09-28T22:16:03.355715588Z: [   26.498685] nf_conntrack version 0.5.0 (16384 buckets, 65536 max)
[STDERR  ] 2017-09-28T22:16:03.355721403Z: [   26.502196] ctnetlink v0.93: registering with nfnetlink.
[STDERR  ] 2017-09-28T22:16:03.355728803Z: [   26.505478] nf_tables: (c) 2007-2009 Patrick McHardy <kaber@trash.net>
[STDERR  ] 2017-09-28T22:16:03.355734924Z: [   26.506478] nf_tables_compat: (c) 2012 Pablo Neira Ayuso <pablo@netfilter.org>
[STDERR  ] 2017-09-28T22:16:03.35574121Z: [   26.508860] xt_time: kernel timezone is -0000
[STDERR  ] 2017-09-28T22:16:03.35574672Z: [   26.509459] ip_set: protocol 6
[STDERR  ] 2017-09-28T22:16:03.355752244Z: [   26.510476] IPVS: Registered protocols (TCP, UDP, SCTP, AH, ESP)
[STDERR  ] 2017-09-28T22:16:03.355757828Z: [   26.511210] IPVS: Connection hash table configured (size=4096, memory=64Kbytes)
[STDERR  ] 2017-09-28T22:16:03.355766834Z: [   26.513009] IPVS: Creating netns size=2104 id=0
[STDERR  ] 2017-09-28T22:16:03.355772546Z: [   26.515786] IPVS: ipvs loaded.
[STDERR  ] 2017-09-28T22:16:03.355778878Z: [   26.516116] IPVS: [rr] scheduler registered.
[STDERR  ] 2017-09-28T22:16:03.355784223Z: [   26.516441] IPVS: [wrr] scheduler registered.
[STDERR  ] 2017-09-28T22:16:03.355789599Z: [   26.516697] IPVS: [lc] scheduler registered.
[STDERR  ] 2017-09-28T22:16:03.355795025Z: [   26.516944] IPVS: [wlc] scheduler registered.
[STDERR  ] 2017-09-28T22:16:03.355800455Z: [   26.517211] IPVS: [fo] scheduler registered.
[STDERR  ] 2017-09-28T22:16:03.3558075Z: [   26.517454] IPVS: [ovf] scheduler registered.
[STDERR  ] 2017-09-28T22:16:03.355813274Z: [   26.517898] IPVS: [lblc] scheduler registered.
[STDERR  ] 2017-09-28T22:16:03.355818747Z: [   26.518377] IPVS: [lblcr] scheduler registered.
[STDERR  ] 2017-09-28T22:16:03.35582411Z: [   26.518712] IPVS: [dh] scheduler registered.
[STDERR  ] 2017-09-28T22:16:03.355829465Z: [   26.518985] IPVS: [sh] scheduler registered.
[STDERR  ] 2017-09-28T22:16:03.355836531Z: [   26.519258] IPVS: [sed] scheduler registered.
[STDERR  ] 2017-09-28T22:16:03.355841942Z: [   26.519527] IPVS: [nq] scheduler registered.
[STDERR  ] 2017-09-28T22:16:03.355847301Z: [   26.520777] IPVS: ftp: loaded support on port[0] = 21
[STDERR  ] 2017-09-28T22:16:03.35585268Z: [   26.521734] ipip: IPv4 and MPLS over IPv4 tunneling driver
[STDERR  ] 2017-09-28T22:16:03.355858058Z: [   26.525988] gre: GRE over IPv4 demultiplexor driver
[STDERR  ] 2017-09-28T22:16:03.355863481Z: [   26.528676] ip_tables: (C) 2000-2006 Netfilter Core Team
[STDERR  ] 2017-09-28T22:16:03.355869057Z: [   26.532527] ipt_CLUSTERIP: ClusterIP Version 0.8 loaded successfully
[STDERR  ] 2017-09-28T22:16:03.355874389Z: [   26.533322] arp_tables: arp_tables: (C) 2002 David S. Miller
[STDERR  ] 2017-09-28T22:16:03.355883362Z: [   26.535729] NET: Registered protocol family 10
[STDERR  ] 2017-09-28T22:16:03.355888748Z: [   26.545599] ip6_tables: (C) 2000-2006 Netfilter Core Team
[STDERR  ] 2017-09-28T22:16:03.355898668Z: [   26.554343] NET: Registered protocol family 17
[STDERR  ] 2017-09-28T22:16:03.355904442Z: [   26.555492] Bridge firewalling registered
[STDERR  ] 2017-09-28T22:16:03.355909864Z: [   26.556049] Ebtables v2.0 registered
[STDERR  ] 2017-09-28T22:16:03.355915223Z: [   26.558013] 8021q: 802.1Q VLAN Support v1.8
[STDERR  ] 2017-09-28T22:16:03.355920558Z: [   26.559499] 9pnet: Installing 9P2000 support
[STDERR  ] 2017-09-28T22:16:03.355926007Z: [   26.561509] Key type dns_resolver registered
[STDERR  ] 2017-09-28T22:16:03.355936243Z: [   26.562517] microcode: AMD CPU family 0x6 not supported
[STDERR  ] 2017-09-28T22:16:03.355941632Z: [   26.566053] registered taskstats version 1
[STDERR  ] 2017-09-28T22:16:03.35594694Z: [   26.751789] ata1: SATA link up 1.5 Gbps (SStatus 113 SControl 300)
[STDERR  ] 2017-09-28T22:16:03.355952454Z: [   26.757527] ata1.00: ATA-7: QEMU HARDDISK, 2.5+, max UDMA/100
[STDERR  ] 2017-09-28T22:16:03.35595788Z: [   26.757997] ata1.00: 4194304 sectors, multi 16: LBA48 NCQ (depth 31/32)
[STDERR  ] 2017-09-28T22:16:03.355964614Z: [   26.758610] ata1.00: applying bridge limits
[STDERR  ] 2017-09-28T22:16:03.355970531Z: [   26.760428] ata6: SATA link down (SStatus 0 SControl 300)
[STDERR  ] 2017-09-28T22:16:03.355975974Z: [   26.761868] ata5: SATA link down (SStatus 0 SControl 300)
[STDERR  ] 2017-09-28T22:16:03.355981369Z: [   26.762477] ata4: SATA link down (SStatus 0 SControl 300)
[STDERR  ] 2017-09-28T22:16:03.355987063Z: [   26.762959] ata3: SATA link up 1.5 Gbps (SStatus 113 SControl 300)
[STDERR  ] 2017-09-28T22:16:03.355992989Z: [   26.763771] ata3.00: ATAPI: QEMU DVD-ROM, 2.5+, max UDMA/100
[STDERR  ] 2017-09-28T22:16:03.356004124Z: [   26.764180] ata3.00: applying bridge limits
[STDERR  ] 2017-09-28T22:16:03.356009471Z: [   26.765080] ata3.00: configured for UDMA/100
[STDERR  ] 2017-09-28T22:16:03.356014705Z: [   26.766952] ata2: SATA link down (SStatus 0 SControl 300)
[STDERR  ] 2017-09-28T22:16:03.356023439Z: [   26.775863] ata1.00: configured for UDMA/100
[STDERR  ] 2017-09-28T22:16:03.356028888Z: [   26.792096] scsi 0:0:0:0: Direct-Access     ATA      QEMU HARDDISK    2.5+ PQ: 0 ANSI: 5
[STDERR  ] 2017-09-28T22:16:03.356034576Z: [   26.806597] sd 0:0:0:0: [sda] 4194304 512-byte logical blocks: (2.15 GB/2.00 GiB)
[STDERR  ] 2017-09-28T22:16:03.356039897Z: [   26.820781] sd 0:0:0:0: Attached scsi generic sg0 type 0
[STDERR  ] 2017-09-28T22:16:03.356045496Z: [   26.822633] sd 0:0:0:0: [sda] Write Protect is off
[STDERR  ] 2017-09-28T22:16:03.356050813Z: [   26.825364] sd 0:0:0:0: [sda] Write cache: enabled, read cache: enabled, doesn't support DPO or FUA
[STDERR  ] 2017-09-28T22:16:03.356056556Z: [   26.828122] scsi 2:0:0:0: CD-ROM            QEMU     QEMU DVD-ROM     2.5+ PQ: 0 ANSI: 5
[STDERR  ] 2017-09-28T22:16:03.356062039Z: [   26.853413] sr 2:0:0:0: [sr0] scsi3-mmc drive: 4x/4x cd/rw xa/form2 tray
[STDERR  ] 2017-09-28T22:16:03.356067605Z: [   26.854689] cdrom: Uniform CD-ROM driver Revision: 3.20
[STDERR  ] 2017-09-28T22:16:03.356072917Z: [   26.865421] Key type big_key registered
[STDERR  ] 2017-09-28T22:16:03.356080111Z: [   26.880775] sr 2:0:0:0: Attached scsi generic sg1 type 5
[STDERR  ] 2017-09-28T22:16:03.356085401Z: [   26.891820] sd 0:0:0:0: [sda] Attached SCSI disk
[STDERR  ] 2017-09-28T22:16:03.35609071Z: [   26.934377] Key type encrypted registered
[STDERR  ] 2017-09-28T22:16:03.356096101Z: [   26.939984] rtc_cmos 00:00: setting system clock to 2017-09-28 22:05:40 UTC (1506636340)
[STDERR  ] 2017-09-28T22:16:03.35610154Z: [   27.087470] Freeing unused kernel memory: 1380K
[STDERR  ] 2017-09-28T22:16:03.356106892Z: [   27.087866] Write protecting the kernel read-only data: 12288k
[STDERR  ] 2017-09-28T22:16:03.356112272Z: [   27.096050] Freeing unused kernel memory: 140K
[STDERR  ] 2017-09-28T22:16:03.356117534Z: [   27.221443] Freeing unused kernel memory: 1400K
[STDERR  ] 2017-09-28T22:16:03.356126703Z: [   27.222305] tsc: Refined TSC clocksource calibration: 2599.820 MHz
[STDERR  ] 2017-09-28T22:16:03.356132658Z: [   27.222836] clocksource: tsc: mask: 0xffffffffffffffff max_cycles: 0x2579921fcde, max_idle_ns: 440795260206 ns
[STDERR  ] 2017-09-28T22:16:03.356143941Z: [   28.234867] clocksource: Switched to clocksource tsc
[STDERR  ] 2017-09-28T22:16:03.356149628Z: 
[STDERR  ] 2017-09-28T22:16:03.356155515Z: Welcome to LinuxKit
[STDERR  ] 2017-09-28T22:16:03.356160937Z: 
[STDERR  ] 2017-09-28T22:16:03.356166566Z:                         ##         .
[STDERR  ] 2017-09-28T22:16:03.356175561Z: [   84.156850] random: fast init done
[STDERR  ] 2017-09-28T22:16:03.356181159Z:                   ## ## ##        ==
[STDERR  ] 2017-09-28T22:16:03.356186808Z:                ## ## ## ## ##    ===
[STDERR  ] 2017-09-28T22:16:03.356192293Z:            /"""""""""""""""""\___/ ===
[STDERR  ] 2017-09-28T22:16:03.356197671Z:           {                       /  ===-
[STDERR  ] 2017-09-28T22:16:03.356203201Z:            \______ O           __/
[STDERR  ] 2017-09-28T22:16:03.35620865Z:              \    \         __/
[STDERR  ] 2017-09-28T22:16:03.3562142Z:               \____\_______/
[STDERR  ] 2017-09-28T22:16:03.356219553Z: 
[STDERR  ] 2017-09-28T22:16:03.356225007Z: [   86.255488] 8021q: adding VLAN 0 to HW filter on device eth0
[STDERR  ] 2017-09-28T22:16:03.35623047Z: eth0: waiting for carrier
[STDERR  ] 2017-09-28T22:16:03.356236979Z: eth0: carrier acquired
[STDERR  ] 2017-09-28T22:16:03.356242906Z: DUID 00:01:00:01:21:60:2e:ef:02:5e:6f:43:34:a7
[STDERR  ] 2017-09-28T22:16:03.356248295Z: eth0: IAID 6f:43:34:a7
[STDERR  ] 2017-09-28T22:16:03.356254288Z: eth0: adding address fe80::8fd:b898:f55a:6a32
[STDERR  ] 2017-09-28T22:16:03.356259814Z: eth0: soliciting an IPv6 router
[STDERR  ] 2017-09-28T22:16:03.356265213Z: eth0: soliciting a DHCP lease
[STDERR  ] 2017-09-28T22:16:03.356270681Z: eth0: offered 10.0.2.15 from 10.0.2.2
[STDERR  ] 2017-09-28T22:16:03.356276029Z: eth0: leased 10.0.2.15 for 86400 seconds
[STDERR  ] 2017-09-28T22:16:03.356281478Z: eth0: adding route to 10.0.2.0/24
[STDERR  ] 2017-09-28T22:16:03.356291455Z: eth0: adding default route via 10.0.2.2
[STDERR  ] 2017-09-28T22:16:03.356297263Z: exiting due to oneshot
[STDERR  ] 2017-09-28T22:16:03.356302759Z: dhcpcd exited
[STDERR  ] 2017-09-28T22:16:03.356317155Z: [   88.438330] IPVS: Creating netns size=2104 id=1
[STDERR  ] 2017-09-28T22:16:03.35632705Z: [   88.438860] IPVS: ftp: loaded support on port[0] = 21
[STDERR  ] 2017-09-28T22:16:03.356332669Z: 2017/09/28 22:06:42 Creating partition on /dev/sda
[STDERR  ] 2017-09-28T22:16:03.356338085Z: [   89.948637]  sda:
[STDERR  ] 2017-09-28T22:16:03.356343746Z: [   90.018887]  sda:
[STDERR  ] 2017-09-28T22:16:03.356349173Z: [   90.052422]  sda: sda1
[STDERR  ] 2017-09-28T22:16:03.356356615Z: [   90.120716]  sda: sda1
[STDERR  ] 2017-09-28T22:16:03.356362355Z: 2017/09/28 22:06:46 Partition /dev/sda1 successfully created!
[STDERR  ] 2017-09-28T22:16:03.356367754Z: [   93.584455] IPVS: Creating netns size=2104 id=2
[STDERR  ] 2017-09-28T22:16:03.356373235Z: [   93.584759] IPVS: ftp: loaded support on port[0] = 21
[STDERR  ] 2017-09-28T22:16:03.356383201Z: [   95.043325] EXT4-fs (sda1): couldn't mount as ext3 due to feature incompatibilities
[STDERR  ] 2017-09-28T22:16:03.356388604Z: [   95.053300] EXT4-fs (sda1): couldn't mount as ext2 due to feature incompatibilities
[STDERR  ] 2017-09-28T22:16:03.35639447Z: [   95.078815] EXT4-fs (sda1): mounted filesystem with ordered data mode. Opts: (null)
[STDERR  ] 2017-09-28T22:16:03.356400947Z: v1.0.0-beta.0
[STDERR  ] 2017-09-28T22:16:03.356408465Z: d0457b221369fa22fc2facdf73266b67993b3959
[STDERR  ] 2017-09-28T22:16:03.356414573Z: [  103.752288] random: crng init done
[STDERR  ] 2017-09-28T22:16:03.356419864Z: ðŸ‡© root-test
[STDERR  ] 2017-09-28T22:16:03.356425491Z: [  207.949333] XFS (loop0): Mounting V4 Filesystem
[STDERR  ] 2017-09-28T22:16:03.356430753Z: [  207.993852] XFS (loop0): Ending clean mount
[STDERR  ] 2017-09-28T22:16:03.356439513Z: [  208.059058] XFS (loop0): Unmounting Filesystem
[STDERR  ] 2017-09-28T22:16:03.356445127Z: [  208.713296] XFS (loop0): Mounting V4 Filesystem
[STDERR  ] 2017-09-28T22:16:03.356450509Z: [  208.748582] XFS (loop0): Ending clean mount
[STDERR  ] 2017-09-28T22:16:03.35645593Z: [  208.779651] XFS (loop0): Unmounting Filesystem
[STDERR  ] 2017-09-28T22:16:03.356461348Z: ok  	github.com/containerd/containerd/fs	2.253s
[STDERR  ] 2017-09-28T22:16:03.356466876Z: ok  	github.com/containerd/containerd/metadata	5.514s
[STDERR  ] 2017-09-28T22:16:03.356472519Z: [  475.155811] XFS (loop2): Mounting V5 Filesystem
[STDERR  ] 2017-09-28T22:16:03.356478059Z: [  475.202132] XFS (loop2): Ending clean mount
[STDERR  ] 2017-09-28T22:16:03.356483643Z: [  475.248778] XFS (loop2): Unmounting Filesystem
[STDERR  ] 2017-09-28T22:16:03.356488987Z: ok  	github.com/containerd/containerd/mount/lookup_test	1.234s
[STDERR  ] 2017-09-28T22:16:03.356494338Z: [  524.710926] raid6: sse2x1   gen()   327 MB/s
[STDERR  ] 2017-09-28T22:16:03.356499736Z: [  524.880317] raid6: sse2x1   xor()   165 MB/s
[STDERR  ] 2017-09-28T22:16:03.356505085Z: [  525.050544] raid6: sse2x2   gen()   229 MB/s
[STDERR  ] 2017-09-28T22:16:03.356510476Z: [  525.220210] raid6: sse2x2   xor()   181 MB/s
[STDERR  ] 2017-09-28T22:16:03.356515884Z: [  525.390201] raid6: sse2x4   gen()   319 MB/s
[STDERR  ] 2017-09-28T22:16:03.356522476Z: [  525.560250] raid6: sse2x4   xor()   166 MB/s
[STDERR  ] 2017-09-28T22:16:03.356533575Z: [  525.560716] raid6: using algorithm sse2x1 gen() 327 MB/s
[STDERR  ] 2017-09-28T22:16:03.356539075Z: [  525.561085] raid6: .... xor() 165 MB/s, rmw enabled
[STDERR  ] 2017-09-28T22:16:03.356544415Z: [  525.561633] raid6: using intx1 recovery algorithm
[STDERR  ] 2017-09-28T22:16:03.356550002Z: [  525.599745] xor: measuring software checksum speed
[STDERR  ] 2017-09-28T22:16:03.356555499Z: [  525.700564]    prefetch64-sse:   649.200 MB/sec
[STDERR  ] 2017-09-28T22:16:03.356560973Z: [  525.800145]    generic_sse:   640.800 MB/sec
[STDERR  ] 2017-09-28T22:16:03.356566345Z: [  525.800817] xor: using function: prefetch64-sse (649.200 MB/sec)
[STDERR  ] 2017-09-28T22:16:03.356575789Z: [  525.969356] Btrfs loaded, crc32c=crc32c-generic
[STDERR  ] 2017-09-28T22:16:03.356581285Z: [  525.978590] BTRFS: device fsid 6cb55001-1b46-49ce-9b07-66a726e6ba9a devid 1 transid 5 /dev/loop2
[STDERR  ] 2017-09-28T22:16:03.356591175Z: [  526.017753] BTRFS info (device loop2): disk space caching is enabled
[STDERR  ] 2017-09-28T22:16:03.356597137Z: [  526.018176] BTRFS info (device loop2): has skinny extents
[STDERR  ] 2017-09-28T22:16:03.356602558Z: [  526.018423] BTRFS info (device loop2): flagging fs with big metadata feature
[STDERR  ] 2017-09-28T22:16:03.356607962Z: [  526.063319] BTRFS info (device loop2): creating UUID tree
[STDERR  ] 2017-09-28T22:16:03.356613518Z: [  527.914552] BTRFS: device fsid c49eb8b3-c514-4bab-b0a8-c5501a0d6932 devid 1 transid 5 /dev/loop2
[STDERR  ] 2017-09-28T22:16:03.356619058Z: [  528.124382] BTRFS info (device loop2): disk space caching is enabled
[STDERR  ] 2017-09-28T22:16:03.356626311Z: [  528.124931] BTRFS info (device loop2): has skinny extents
[STDERR  ] 2017-09-28T22:16:03.356637482Z: [  528.125179] BTRFS info (device loop2): flagging fs with big metadata feature
[STDERR  ] 2017-09-28T22:16:03.356645833Z: [  528.164897] BTRFS info (device loop2): creating UUID tree
[STDERR  ] 2017-09-28T22:16:03.356653991Z: [  529.542863] BTRFS: device fsid 6170c0a2-9471-4e6b-8d5e-0b73c2a4dcf5 devid 1 transid 5 /dev/loop2
[STDERR  ] 2017-09-28T22:16:03.356662334Z: [  529.735486] BTRFS info (device loop2): disk space caching is enabled
[STDERR  ] 2017-09-28T22:16:03.356671019Z: [  529.736006] BTRFS info (device loop2): has skinny extents
[STDERR  ] 2017-09-28T22:16:03.356682325Z: [  529.736522] BTRFS info (device loop2): flagging fs with big metadata feature
[STDERR  ] 2017-09-28T22:16:03.356690486Z: [  529.778045] BTRFS info (device loop2): creating UUID tree
[STDERR  ] 2017-09-28T22:16:03.356696054Z: [  532.188195] BTRFS: device fsid 9b2109b3-5912-4b5c-b55a-3d92fce9b247 devid 1 transid 5 /dev/loop2
[STDERR  ] 2017-09-28T22:16:03.35670519Z: [  532.374335] BTRFS info (device loop2): disk space caching is enabled
[STDERR  ] 2017-09-28T22:16:03.35671088Z: [  532.374853] BTRFS info (device loop2): has skinny extents
[STDERR  ] 2017-09-28T22:16:03.356716704Z: [  532.375134] BTRFS info (device loop2): flagging fs with big metadata feature
[STDERR  ] 2017-09-28T22:16:03.356722227Z: [  532.410592] BTRFS info (device loop2): creating UUID tree
[STDERR  ] 2017-09-28T22:16:03.356727653Z: [  534.186188] BTRFS: device fsid 0c747c49-2506-449b-a4d6-099258d582f4 devid 1 transid 5 /dev/loop2
[STDERR  ] 2017-09-28T22:16:03.356733187Z: [  534.384165] BTRFS info (device loop2): disk space caching is enabled
[STDERR  ] 2017-09-28T22:16:03.356739837Z: [  534.384814] BTRFS info (device loop2): has skinny extents
[STDERR  ] 2017-09-28T22:16:03.356745555Z: [  534.385108] BTRFS info (device loop2): flagging fs with big metadata feature
[STDERR  ] 2017-09-28T22:16:03.356752907Z: [  534.420573] BTRFS info (device loop2): creating UUID tree
[STDERR  ] 2017-09-28T22:16:03.356762798Z: [  536.423995] BTRFS: device fsid 4170e35a-b910-4184-b7c3-1cb6724ee55f devid 1 transid 5 /dev/loop2
[STDERR  ] 2017-09-28T22:16:03.356768668Z: [  536.614100] BTRFS info (device loop2): disk space caching is enabled
[STDERR  ] 2017-09-28T22:16:03.356774306Z: [  536.614574] BTRFS info (device loop2): has skinny extents
[STDERR  ] 2017-09-28T22:16:03.356779824Z: [  536.614946] BTRFS info (device loop2): flagging fs with big metadata feature
[STDERR  ] 2017-09-28T22:16:03.356785766Z: [  536.649206] BTRFS info (device loop2): creating UUID tree
[STDERR  ] 2017-09-28T22:16:03.35679113Z: [  542.979314] BTRFS: device fsid 84b22acb-e11f-46c2-a8e7-0122db38290d devid 1 transid 5 /dev/loop2
[STDERR  ] 2017-09-28T22:16:03.356796627Z: [  543.174292] BTRFS info (device loop2): disk space caching is enabled
[STDERR  ] 2017-09-28T22:16:03.356802274Z: [  543.174978] BTRFS info (device loop2): has skinny extents
[STDERR  ] 2017-09-28T22:16:03.356807685Z: [  543.175372] BTRFS info (device loop2): flagging fs with big metadata feature
[STDERR  ] 2017-09-28T22:16:03.356816423Z: [  543.213722] BTRFS info (device loop2): creating UUID tree
[STDERR  ] 2017-09-28T22:16:03.35682191Z: [  544.536388] BTRFS: device fsid 0a360f93-a97a-4267-bb54-597453128ae4 devid 1 transid 5 /dev/loop2
[STDERR  ] 2017-09-28T22:16:03.35682742Z: [  544.734599] BTRFS info (device loop2): disk space caching is enabled
[STDERR  ] 2017-09-28T22:16:03.356833178Z: [  544.735230] BTRFS info (device loop2): has skinny extents
[STDERR  ] 2017-09-28T22:16:03.35683868Z: [  544.735698] BTRFS info (device loop2): flagging fs with big metadata feature
[STDERR  ] 2017-09-28T22:16:03.356844256Z: [  544.775515] BTRFS info (device loop2): creating UUID tree
[STDERR  ] 2017-09-28T22:16:03.356849703Z: [  547.191111] BTRFS: device fsid 9f619b93-8a73-4fff-918e-80c5256ed545 devid 1 transid 5 /dev/loop2
[STDERR  ] 2017-09-28T22:16:03.356855265Z: [  547.374160] BTRFS info (device loop2): disk space caching is enabled
[STDERR  ] 2017-09-28T22:16:03.356862316Z: [  547.374635] BTRFS info (device loop2): has skinny extents
[STDERR  ] 2017-09-28T22:16:03.356867749Z: [  547.375007] BTRFS info (device loop2): flagging fs with big metadata feature
[STDERR  ] 2017-09-28T22:16:03.356873077Z: [  547.410054] BTRFS info (device loop2): creating UUID tree
[STDERR  ] 2017-09-28T22:16:03.356878631Z: [  548.781241] BTRFS: device fsid 488cd491-1d0a-4a59-8dc2-86490e1a72f9 devid 1 transid 5 /dev/loop2
[STDERR  ] 2017-09-28T22:16:03.35688421Z: [  548.974017] BTRFS info (device loop2): disk space caching is enabled
[STDERR  ] 2017-09-28T22:16:03.356889625Z: [  548.974467] BTRFS info (device loop2): has skinny extents
