[INFO    ] 2017-08-19T20:16:35.973087499Z: Running Test linuxkit.kernel.config_4.4.x in /tmp/build/test/cases/020_kernel/000_config_4.4.x
[INFO    ] 2017-08-19T20:16:35.973175052Z: Running command: [/bin/sh -x /tmp/build/test/cases/020_kernel/000_config_4.4.x/test.sh]
[STDERR  ] 2017-08-19T20:16:35.973862388Z: + set -e
[STDERR  ] 2017-08-19T20:16:35.973935408Z: + . /tmp/build/test/cases/_lib/lib.sh
[STDERR  ] 2017-08-19T20:16:35.973992831Z: + [ -f src/github.com/linuxkit/rtf/lib/lib.sh ]
[STDERR  ] 2017-08-19T20:16:35.974032059Z: + LINUXKIT_TMPDIR=/tmp/build/test/cases/_tmp
[STDERR  ] 2017-08-19T20:16:35.974078432Z: + [ -f /tmp/build/test/cases/_tmp/env.sh ]
[STDERR  ] 2017-08-19T20:16:35.97410923Z: + . /tmp/build/test/cases/_tmp/env.sh
[STDERR  ] 2017-08-19T20:16:35.974154118Z: + export LINUXKIT_EXAMPLES_DIR=/tmp/build/test/cases/../../examples
[STDERR  ] 2017-08-19T20:16:35.974195733Z: + export LINUXKIT_BLUEPRINTS_DIR=/tmp/build/test/cases/../../blueprints
[STDERR  ] 2017-08-19T20:16:35.974235656Z: + RT_CANCEL=253
[STDERR  ] 2017-08-19T20:16:35.974272553Z: + trap clean_up EXIT
[STDERR  ] 2017-08-19T20:16:35.974317842Z: + moby build -output kernel+initrd test-kernel-config.yml
[STDERR  ] 2017-08-19T20:16:36.003753896Z: Extract kernel image: linuxkit/kernel:4.4.83
[STDERR  ] 2017-08-19T20:16:38.372415407Z: Pull image: docker.io/linuxkit/kernel:4.4.83@sha256:5020cc6abe228b6eaa31008197104504a75247b197823e2eea984a37ddbafbc3
[STDERR  ] 2017-08-19T20:16:44.148535598Z: Add init containers:
[STDERR  ] 2017-08-19T20:16:44.14860243Z: Process init image: linuxkit/init:09d549199c7615fee56567c70d8263585dfa02f7
[STDERR  ] 2017-08-19T20:16:45.429547416Z: Process init image: linuxkit/runc:a1b564248a0d0b118c11e61db9f84ecf41dd2d2a
[STDERR  ] 2017-08-19T20:16:46.680248745Z: Add onboot containers:
[STDERR  ] 2017-08-19T20:16:46.680312756Z:   Create OCI config for linuxkit/test-kernel-config:d58766bb6c0def3df9e6ffc645ee11677f127faa
[STDERR  ] 2017-08-19T20:16:49.004508361Z:   Create OCI config for linuxkit/poweroff:1e9876c682c74d0602b7647c628bb0875fb13998
[STDERR  ] 2017-08-19T20:16:50.203196315Z: Create outputs:
[STDERR  ] 2017-08-19T20:16:53.455427121Z:   test-kernel-config-kernel test-kernel-config-initrd.img test-kernel-config-cmdline
[STDERR  ] 2017-08-19T20:16:53.490907693Z: + linuxkit run test-kernel-config
[STDERR  ] 2017-08-19T20:16:53.512877749Z: Unable to find qemu-system-x86_64 within the $PATH. Using a container
[STDERR  ] 2017-08-19T20:17:36.046356163Z: + RESULT=[    0.000000] Initializing cgroup subsys cpuset
[STDERR  ] 2017-08-19T20:17:36.046428182Z: [    0.000000] Initializing cgroup subsys cpu
[STDERR  ] 2017-08-19T20:17:36.04643998Z: [    0.000000] Initializing cgroup subsys cpuacct
[STDERR  ] 2017-08-19T20:17:36.046450775Z: [    0.000000] Linux version 4.4.83-linuxkit (root@e1ede117fb1e) (gcc version 6.3.0 (Alpine 6.3.0) ) #1 SMP Fri Aug 18 17:23:09 UTC 2017
[STDERR  ] 2017-08-19T20:17:36.046480504Z: [    0.000000] Command line: console=ttyS0
[STDERR  ] 2017-08-19T20:17:36.046489693Z: [    0.000000] x86/fpu: Legacy x87 FPU detected.
[STDERR  ] 2017-08-19T20:17:36.046498672Z: [    0.000000] x86/fpu: Using 'lazy' FPU context switches.
[STDERR  ] 2017-08-19T20:17:36.04651252Z: [    0.000000] e820: BIOS-provided physical RAM map:
[STDERR  ] 2017-08-19T20:17:36.046541594Z: [    0.000000] BIOS-e820: [mem 0x0000000000000000-0x000000000009fbff] usable
[STDERR  ] 2017-08-19T20:17:36.046552431Z: [    0.000000] BIOS-e820: [mem 0x000000000009fc00-0x000000000009ffff] reserved
[STDERR  ] 2017-08-19T20:17:36.046562875Z: [    0.000000] BIOS-e820: [mem 0x00000000000f0000-0x00000000000fffff] reserved
[STDERR  ] 2017-08-19T20:17:36.046573353Z: [    0.000000] BIOS-e820: [mem 0x0000000000100000-0x000000003ffdefff] usable
[STDERR  ] 2017-08-19T20:17:36.046585121Z: [    0.000000] BIOS-e820: [mem 0x000000003ffdf000-0x000000003fffffff] reserved
[STDERR  ] 2017-08-19T20:17:36.046596306Z: [    0.000000] BIOS-e820: [mem 0x00000000b0000000-0x00000000bfffffff] reserved
[STDERR  ] 2017-08-19T20:17:36.046606932Z: [    0.000000] BIOS-e820: [mem 0x00000000fed1c000-0x00000000fed1ffff] reserved
[STDERR  ] 2017-08-19T20:17:36.04662418Z: [    0.000000] BIOS-e820: [mem 0x00000000fffc0000-0x00000000ffffffff] reserved
[STDERR  ] 2017-08-19T20:17:36.046633042Z: [    0.000000] NX (Execute Disable) protection: active
[STDERR  ] 2017-08-19T20:17:36.046642508Z: [    0.000000] SMBIOS 2.8 present.
[STDERR  ] 2017-08-19T20:17:36.046652458Z: [    0.000000] e820: last_pfn = 0x3ffdf max_arch_pfn = 0x400000000
[STDERR  ] 2017-08-19T20:17:36.046661112Z: [    0.000000] x86/PAT: Configuration [0-7]: WB  WC  UC- UC  WB  WC  UC- WT  
[STDERR  ] 2017-08-19T20:17:36.046672239Z: [    0.000000] found SMP MP-table at [mem 0x000f6aa0-0x000f6aaf] mapped at [ffff8800000f6aa0]
[STDERR  ] 2017-08-19T20:17:36.046680659Z: [    0.000000] RAMDISK: [mem 0x3ee0a000-0x3ffcffff]
[STDERR  ] 2017-08-19T20:17:36.046688725Z: [    0.000000] ACPI: Early table checksum verification disabled
[STDERR  ] 2017-08-19T20:17:36.046697372Z: [    0.000000] ACPI: RSDP 0x00000000000F68C0 000014 (v00 BOCHS )
[STDERR  ] 2017-08-19T20:17:36.046705587Z: [    0.000000] ACPI: RSDT 0x000000003FFE2404 000034 (v01 BOCHS  BXPCRSDT 00000001 BXPC 00000001)
[STDERR  ] 2017-08-19T20:17:36.046715464Z: [    0.000000] ACPI: FACP 0x000000003FFE22A4 000074 (v01 BOCHS  BXPCFACP 00000001 BXPC 00000001)
[STDERR  ] 2017-08-19T20:17:36.046724163Z: [    0.000000] ACPI: DSDT 0x000000003FFE0040 002264 (v01 BOCHS  BXPCDSDT 00000001 BXPC 00000001)
[STDERR  ] 2017-08-19T20:17:36.046738332Z: [    0.000000] ACPI: FACS 0x000000003FFE0000 000040
[STDERR  ] 2017-08-19T20:17:36.046746841Z: [    0.000000] ACPI: APIC 0x000000003FFE2318 000078 (v01 BOCHS  BXPCAPIC 00000001 BXPC 00000001)
[STDERR  ] 2017-08-19T20:17:36.046755005Z: [    0.000000] ACPI: HPET 0x000000003FFE2390 000038 (v01 BOCHS  BXPCHPET 00000001 BXPC 00000001)
[STDERR  ] 2017-08-19T20:17:36.046763474Z: [    0.000000] ACPI: MCFG 0x000000003FFE23C8 00003C (v01 BOCHS  BXPCMCFG 00000001 BXPC 00000001)
[STDERR  ] 2017-08-19T20:17:36.046772712Z: [    0.000000] Zone ranges:
[STDERR  ] 2017-08-19T20:17:36.046783955Z: [    0.000000]   DMA      [mem 0x0000000000001000-0x0000000000ffffff]
[STDERR  ] 2017-08-19T20:17:36.046792421Z: [    0.000000]   DMA32    [mem 0x0000000001000000-0x000000003ffdefff]
[STDERR  ] 2017-08-19T20:17:36.046800209Z: [    0.000000]   Normal   empty
[STDERR  ] 2017-08-19T20:17:36.046810575Z: [    0.000000] Movable zone start for each node
[STDERR  ] 2017-08-19T20:17:36.046820291Z: [    0.000000] Early memory node ranges
[STDERR  ] 2017-08-19T20:17:36.046828548Z: [    0.000000]   node   0: [mem 0x0000000000001000-0x000000000009efff]
[STDERR  ] 2017-08-19T20:17:36.046838303Z: [    0.000000]   node   0: [mem 0x0000000000100000-0x000000003ffdefff]
[STDERR  ] 2017-08-19T20:17:36.046846257Z: [    0.000000] Initmem setup node 0 [mem 0x0000000000001000-0x000000003ffdefff]
[STDERR  ] 2017-08-19T20:17:36.046861243Z: [    0.000000] ACPI: PM-Timer IO Port: 0x608
[STDERR  ] 2017-08-19T20:17:36.046872117Z: [    0.000000] ACPI: LAPIC_NMI (acpi_id[0xff] dfl dfl lint[0x1])
[STDERR  ] 2017-08-19T20:17:36.046881812Z: [    0.000000] IOAPIC[0]: apic_id 0, version 32, address 0xfec00000, GSI 0-23
[STDERR  ] 2017-08-19T20:17:36.046932465Z: [    0.000000] ACPI: INT_SRC_OVR (bus 0 bus_irq 0 global_irq 2 dfl dfl)
[STDERR  ] 2017-08-19T20:17:36.046943197Z: [    0.000000] ACPI: INT_SRC_OVR (bus 0 bus_irq 5 global_irq 5 high level)
[STDERR  ] 2017-08-19T20:17:36.046953557Z: [    0.000000] ACPI: INT_SRC_OVR (bus 0 bus_irq 9 global_irq 9 high level)
[STDERR  ] 2017-08-19T20:17:36.046962509Z: [    0.000000] ACPI: INT_SRC_OVR (bus 0 bus_irq 10 global_irq 10 high level)
[STDERR  ] 2017-08-19T20:17:36.046975327Z: [    0.000000] ACPI: INT_SRC_OVR (bus 0 bus_irq 11 global_irq 11 high level)
[STDERR  ] 2017-08-19T20:17:36.046985412Z: [    0.000000] Using ACPI (MADT) for SMP configuration information
[STDERR  ] 2017-08-19T20:17:36.046997333Z: [    0.000000] ACPI: HPET id: 0x8086a201 base: 0xfed00000
[STDERR  ] 2017-08-19T20:17:36.047006099Z: [    0.000000] smpboot: Allowing 1 CPUs, 0 hotplug CPUs
[STDERR  ] 2017-08-19T20:17:36.047015146Z: [    0.000000] e820: [mem 0x40000000-0xafffffff] available for PCI devices
[STDERR  ] 2017-08-19T20:17:36.047031791Z: [    0.000000] Booting paravirtualized kernel on bare hardware
[STDERR  ] 2017-08-19T20:17:36.047041152Z: [    0.000000] clocksource: refined-jiffies: mask: 0xffffffff max_cycles: 0xffffffff, max_idle_ns: 19112604462750000 ns
[STDERR  ] 2017-08-19T20:17:36.047056032Z: [    0.000000] setup_percpu: NR_CPUS:128 nr_cpumask_bits:128 nr_cpu_ids:1 nr_node_ids:1
[STDERR  ] 2017-08-19T20:17:36.047066304Z: [    0.000000] PERCPU: Embedded 33 pages/cpu @ffff88003ea00000 s95896 r8192 d31080 u2097152
[STDERR  ] 2017-08-19T20:17:36.047075489Z: [    0.000000] Built 1 zonelists in Zone order, mobility grouping on.  Total pages: 257896
[STDERR  ] 2017-08-19T20:17:36.047085115Z: [    0.000000] Kernel command line: console=ttyS0
[STDERR  ] 2017-08-19T20:17:36.047095042Z: [    0.000000] PID hash table entries: 4096 (order: 3, 32768 bytes)
[STDERR  ] 2017-08-19T20:17:36.047104057Z: [    0.000000] Dentry cache hash table entries: 131072 (order: 8, 1048576 bytes)
[STDERR  ] 2017-08-19T20:17:36.047112597Z: [    0.000000] Inode-cache hash table entries: 65536 (order: 7, 524288 bytes)
[STDERR  ] 2017-08-19T20:17:36.047121595Z: [    0.000000] Memory: 995888K/1048052K available (7598K kernel code, 1261K rwdata, 2696K rodata, 1296K init, 688K bss, 52164K reserved, 0K cma-reserved)
[STDERR  ] 2017-08-19T20:17:36.04714192Z: [    0.000000] Hierarchical RCU implementation.
[STDERR  ] 2017-08-19T20:17:36.047150528Z: [    0.000000] 	Build-time adjustment of leaf fanout to 64.
[STDERR  ] 2017-08-19T20:17:36.047160122Z: [    0.000000] 	RCU restricting CPUs from NR_CPUS=128 to nr_cpu_ids=1.
[STDERR  ] 2017-08-19T20:17:36.047168652Z: [    0.000000] RCU: Adjusting geometry for rcu_fanout_leaf=64, nr_cpu_ids=1
[STDERR  ] 2017-08-19T20:17:36.047178821Z: [    0.000000] NR_IRQS:8448 nr_irqs:256 16
[STDERR  ] 2017-08-19T20:17:36.047187323Z: [    0.000000] Console: colour VGA+ 80x25
[STDERR  ] 2017-08-19T20:17:36.047196222Z: [    0.000000] console [ttyS0] enabled
[STDERR  ] 2017-08-19T20:17:36.047206631Z: [    0.000000] clocksource: hpet: mask: 0xffffffff max_cycles: 0xffffffff, max_idle_ns: 19112604467 ns
[STDERR  ] 2017-08-19T20:17:36.047216081Z: [    0.000000] tsc: Fast TSC calibration using PIT
[STDERR  ] 2017-08-19T20:17:36.047230459Z: [    0.000000] tsc: Detected 2599.887 MHz processor
[STDERR  ] 2017-08-19T20:17:36.047238863Z: [    0.022968] Calibrating delay loop (skipped), value calculated using timer frequency.. 5199.77 BogoMIPS (lpj=25998870)
[STDERR  ] 2017-08-19T20:17:36.047248752Z: [    0.024714] pid_max: default: 32768 minimum: 301
[STDERR  ] 2017-08-19T20:17:36.047257323Z: [    0.025579] ACPI: Core revision 20150930
[STDERR  ] 2017-08-19T20:17:36.047265223Z: [    0.077053] ACPI: 1 ACPI AML tables successfully acquired and loaded
[STDERR  ] 2017-08-19T20:17:36.047278449Z: [    0.079068] Security Framework initialized
[STDERR  ] 2017-08-19T20:17:36.04728799Z: [    0.079500] Yama: becoming mindful.
[STDERR  ] 2017-08-19T20:17:36.047295566Z: [    0.083942] Mount-cache hash table entries: 2048 (order: 2, 16384 bytes)
[STDERR  ] 2017-08-19T20:17:36.04730349Z: [    0.084689] Mountpoint-cache hash table entries: 2048 (order: 2, 16384 bytes)
[STDERR  ] 2017-08-19T20:17:36.047312035Z: [    0.099684] Initializing cgroup subsys io
[STDERR  ] 2017-08-19T20:17:36.047319665Z: [    0.100623] Initializing cgroup subsys memory
[STDERR  ] 2017-08-19T20:17:36.047328015Z: [    0.101659] Initializing cgroup subsys devices
[STDERR  ] 2017-08-19T20:17:36.047342017Z: [    0.102244] Initializing cgroup subsys freezer
[STDERR  ] 2017-08-19T20:17:36.047349983Z: [    0.102742] Initializing cgroup subsys net_cls
[STDERR  ] 2017-08-19T20:17:36.047357921Z: [    0.103187] Initializing cgroup subsys perf_event
[STDERR  ] 2017-08-19T20:17:36.04736593Z: [    0.103693] Initializing cgroup subsys net_prio
[STDERR  ] 2017-08-19T20:17:36.047374279Z: [    0.104191] Initializing cgroup subsys hugetlb
[STDERR  ] 2017-08-19T20:17:36.047382824Z: [    0.104632] Initializing cgroup subsys pids
[STDERR  ] 2017-08-19T20:17:36.047396114Z: [    0.107225] Last level iTLB entries: 4KB 0, 2MB 0, 4MB 0
[STDERR  ] 2017-08-19T20:17:36.047404915Z: [    0.107647] Last level dTLB entries: 4KB 0, 2MB 0, 4MB 0, 1GB 0
[STDERR  ] 2017-08-19T20:17:36.04741306Z: [    0.359687] Freeing SMP alternatives memory: 20K
[STDERR  ] 2017-08-19T20:17:36.047422928Z: [    0.368973] ftrace: allocating 33333 entries in 131 pages
[STDERR  ] 2017-08-19T20:17:36.047431702Z: [    0.530000] ..TIMER: vector=0x30 apic1=0 pin1=2 apic2=-1 pin2=-1
[STDERR  ] 2017-08-19T20:17:36.047441353Z: [    0.630000] smpboot: CPU0: AMD QEMU Virtual CPU version 2.5+ (family: 0x6, model: 0x6, stepping: 0x3)
[STDERR  ] 2017-08-19T20:17:36.047456433Z: [    0.630000] Performance Events: Broken PMU hardware detected, using software events only.
[STDERR  ] 2017-08-19T20:17:36.047464905Z: [    0.630000] Failed to access perfctr msr (MSR c0010007 is 0)
[STDERR  ] 2017-08-19T20:17:36.047474438Z: [    0.640983] x86: Booted up 1 node, 1 CPUs
[STDERR  ] 2017-08-19T20:17:36.047482102Z: [    0.641296] smpboot: Total of 1 processors activated (5199.77 BogoMIPS)
[STDERR  ] 2017-08-19T20:17:36.047489973Z: [    0.645678] NMI watchdog: disabled (cpu0): hardware events not enabled
[STDERR  ] 2017-08-19T20:17:36.047503351Z: [    0.646177] NMI watchdog: Shutting down hard lockup detector on all cpus
[STDERR  ] 2017-08-19T20:17:36.047511243Z: [    0.663952] devtmpfs: initialized
[STDERR  ] 2017-08-19T20:17:36.047520059Z: [    0.755001] clocksource: jiffies: mask: 0xffffffff max_cycles: 0xffffffff, max_idle_ns: 19112604462750000 ns
[STDERR  ] 2017-08-19T20:17:36.047530945Z: [    0.755781] futex hash table entries: 256 (order: 2, 16384 bytes)
[STDERR  ] 2017-08-19T20:17:36.047540792Z: [    0.772055] NET: Registered protocol family 16
[STDERR  ] 2017-08-19T20:17:36.04754848Z: [    0.783913] cpuidle: using governor ladder
[STDERR  ] 2017-08-19T20:17:36.047556041Z: [    0.784466] cpuidle: using governor menu
[STDERR  ] 2017-08-19T20:17:36.047563214Z: [    0.786404] ACPI: bus type PCI registered
[STDERR  ] 2017-08-19T20:17:36.047571983Z: [    0.790830] PCI: MMCONFIG for domain 0000 [bus 00-ff] at [mem 0xb0000000-0xbfffffff] (base 0xb0000000)
[STDERR  ] 2017-08-19T20:17:36.047581176Z: [    0.791682] PCI: MMCONFIG at [mem 0xb0000000-0xbfffffff] reserved in E820
[STDERR  ] 2017-08-19T20:17:36.047592411Z: [    0.793093] PCI: Using configuration type 1 for base access
[STDERR  ] 2017-08-19T20:17:36.047601767Z: [    0.879129] ACPI: Added _OSI(Module Device)
[STDERR  ] 2017-08-19T20:17:36.04760988Z: [    0.879651] ACPI: Added _OSI(Processor Device)
[STDERR  ] 2017-08-19T20:17:36.047618631Z: [    0.880081] ACPI: Added _OSI(3.0 _SCP Extensions)
[STDERR  ] 2017-08-19T20:17:36.047626818Z: [    0.880388] ACPI: Added _OSI(Processor Aggregator Device)
[STDERR  ] 2017-08-19T20:17:36.047640654Z: [    0.984013] ACPI: Interpreter enabled
[STDERR  ] 2017-08-19T20:17:36.0476489Z: [    0.984915] ACPI: (supports S0 S5)
[STDERR  ] 2017-08-19T20:17:36.047657526Z: [    0.985247] ACPI: Using IOAPIC for interrupt routing
[STDERR  ] 2017-08-19T20:17:36.047666713Z: [    0.987800] PCI: Using host bridge windows from ACPI; if necessary, use "pci=nocrs" and report a bug
[STDERR  ] 2017-08-19T20:17:36.047675328Z: [    1.050470] ACPI: PCI Root Bridge [PCI0] (domain 0000 [bus 00-ff])
[STDERR  ] 2017-08-19T20:17:36.047684406Z: [    1.051607] acpi PNP0A08:00: _OSC: OS supports [ExtendedConfig ASPM ClockPM Segments MSI]
[STDERR  ] 2017-08-19T20:17:36.047692805Z: [    1.057972] acpi PNP0A08:00: _OSC: OS now controls [PCIeHotplug PME PCIeCapability]
[STDERR  ] 2017-08-19T20:17:36.04770952Z: [    1.062178] PCI host bridge to bus 0000:00
[STDERR  ] 2017-08-19T20:17:36.047717847Z: [    1.062682] pci_bus 0000:00: root bus resource [io  0x0000-0x0cf7 window]
[STDERR  ] 2017-08-19T20:17:36.047726588Z: [    1.063102] pci_bus 0000:00: root bus resource [io  0x0d00-0xffff window]
[STDERR  ] 2017-08-19T20:17:36.047733001Z: [    1.063486] pci_bus 0000:00: root bus resource [mem 0x000a0000-0x000bffff window]
[STDERR  ] 2017-08-19T20:17:36.047739461Z: [    1.063956] pci_bus 0000:00: root bus resource [mem 0xc0000000-0xfebfffff window]
[STDERR  ] 2017-08-19T20:17:36.047749721Z: [    1.064554] pci_bus 0000:00: root bus resource [bus 00-ff]
[STDERR  ] 2017-08-19T20:17:36.047756896Z: [    1.211781] pci 0000:00:1f.0: quirk: [io  0x0600-0x067f] claimed by ICH6 ACPI/GPIO/TCO
[STDERR  ] 2017-08-19T20:17:36.047763452Z: [    1.290689] ACPI: PCI Interrupt Link [LNKA] (IRQs 5 *10 11)
[STDERR  ] 2017-08-19T20:17:36.047773046Z: [    1.293318] ACPI: PCI Interrupt Link [LNKB] (IRQs 5 *10 11)
[STDERR  ] 2017-08-19T20:17:36.047778934Z: [    1.295431] ACPI: PCI Interrupt Link [LNKC] (IRQs 5 10 *11)
[STDERR  ] 2017-08-19T20:17:36.047784663Z: [    1.297119] ACPI: PCI Interrupt Link [LNKD] (IRQs 5 10 *11)
[STDERR  ] 2017-08-19T20:17:36.047790292Z: [    1.299168] ACPI: PCI Interrupt Link [LNKE] (IRQs 5 *10 11)
[STDERR  ] 2017-08-19T20:17:36.047796997Z: [    1.301543] ACPI: PCI Interrupt Link [LNKF] (IRQs 5 *10 11)
[STDERR  ] 2017-08-19T20:17:36.047802859Z: [    1.303202] ACPI: PCI Interrupt Link [LNKG] (IRQs 5 10 *11)
[STDERR  ] 2017-08-19T20:17:36.047809381Z: [    1.304826] ACPI: PCI Interrupt Link [LNKH] (IRQs 5 10 *11)
[STDERR  ] 2017-08-19T20:17:36.047814866Z: [    1.305723] ACPI: PCI Interrupt Link [GSIA] (IRQs *16)
[STDERR  ] 2017-08-19T20:17:36.047820311Z: [    1.306397] ACPI: PCI Interrupt Link [GSIB] (IRQs *17)
[STDERR  ] 2017-08-19T20:17:36.047825816Z: [    1.307028] ACPI: PCI Interrupt Link [GSIC] (IRQs *18)
[STDERR  ] 2017-08-19T20:17:36.04783112Z: [    1.307682] ACPI: PCI Interrupt Link [GSID] (IRQs *19)
[STDERR  ] 2017-08-19T20:17:36.047836815Z: [    1.308316] ACPI: PCI Interrupt Link [GSIE] (IRQs *20)
[STDERR  ] 2017-08-19T20:17:36.047846616Z: [    1.308954] ACPI: PCI Interrupt Link [GSIF] (IRQs *21)
[STDERR  ] 2017-08-19T20:17:36.047852262Z: [    1.309601] ACPI: PCI Interrupt Link [GSIG] (IRQs *22)
[STDERR  ] 2017-08-19T20:17:36.047857546Z: [    1.310719] ACPI: PCI Interrupt Link [GSIH] (IRQs *23)
[STDERR  ] 2017-08-19T20:17:36.047862849Z: [    1.315240] ACPI: Enabled 2 GPEs in block 00 to 3F
[STDERR  ] 2017-08-19T20:17:36.047868446Z: [    1.319402] SCSI subsystem initialized
[STDERR  ] 2017-08-19T20:17:36.0478741Z: [    1.321552] ACPI: bus type USB registered
[STDERR  ] 2017-08-19T20:17:36.047888562Z: [    1.322721] usbcore: registered new interface driver usbfs
[STDERR  ] 2017-08-19T20:17:36.047900182Z: [    1.323636] usbcore: registered new interface driver hub
[STDERR  ] 2017-08-19T20:17:36.047905812Z: [    1.324540] usbcore: registered new device driver usb
[STDERR  ] 2017-08-19T20:17:36.047911658Z: [    1.325754] pps_core: LinuxPPS API ver. 1 registered
[STDERR  ] 2017-08-19T20:17:36.047918517Z: [    1.326074] pps_core: Software ver. 5.3.6 - Copyright 2005-2007 Rodolfo Giometti <giometti@linux.it>
[STDERR  ] 2017-08-19T20:17:36.047928236Z: [    1.326849] PTP clock support registered
[STDERR  ] 2017-08-19T20:17:36.047933891Z: [    1.328080] wmi: Mapper loaded
[STDERR  ] 2017-08-19T20:17:36.047940446Z: [    1.329252] PCI: Using ACPI for IRQ routing
[STDERR  ] 2017-08-19T20:17:36.047946835Z: [    1.348809] NetLabel: Initializing
[STDERR  ] 2017-08-19T20:17:36.04795238Z: [    1.349067] NetLabel:  domain hash size = 128
[STDERR  ] 2017-08-19T20:17:36.047958261Z: [    1.349363] NetLabel:  protocols = UNLABELED CIPSOv4
[STDERR  ] 2017-08-19T20:17:36.047964343Z: [    1.351949] NetLabel:  unlabeled traffic allowed by default
[STDERR  ] 2017-08-19T20:17:36.047992514Z: [    1.353178] HPET: 3 timers in total, 0 timers will be used for per-cpu timer
[STDERR  ] 2017-08-19T20:17:36.048001567Z: [    1.354020] hpet0: at MMIO 0xfed00000, IRQs 2, 8, 0
[STDERR  ] 2017-08-19T20:17:36.04800936Z: [    1.354516] hpet0: 3 comparators, 64-bit 100.000000 MHz counter
[STDERR  ] 2017-08-19T20:17:36.048017523Z: [    1.360295] amd_nb: Cannot enumerate AMD northbridges
[STDERR  ] 2017-08-19T20:17:36.048029582Z: [    1.361482] clocksource: Switched to clocksource hpet
[STDERR  ] 2017-08-19T20:17:36.04803843Z: [    1.566867] FS-Cache: Loaded
[STDERR  ] 2017-08-19T20:17:36.048047029Z: [    1.572297] CacheFiles: Loaded
[STDERR  ] 2017-08-19T20:17:36.048060195Z: [    1.575222] pnp: PnP ACPI init
[STDERR  ] 2017-08-19T20:17:36.048067149Z: [    1.586905] pnp: PnP ACPI: found 5 devices
[STDERR  ] 2017-08-19T20:17:36.04807482Z: [    1.632458] clocksource: acpi_pm: mask: 0xffffff max_cycles: 0xffffff, max_idle_ns: 2085701024 ns
[STDERR  ] 2017-08-19T20:17:36.048083372Z: [    1.635339] NET: Registered protocol family 2
[STDERR  ] 2017-08-19T20:17:36.048091389Z: [    1.643223] TCP established hash table entries: 8192 (order: 4, 65536 bytes)
[STDERR  ] 2017-08-19T20:17:36.048101369Z: [    1.644066] TCP bind hash table entries: 8192 (order: 5, 131072 bytes)
[STDERR  ] 2017-08-19T20:17:36.048118411Z: [    1.644731] TCP: Hash tables configured (established 8192 bind 8192)
[STDERR  ] 2017-08-19T20:17:36.0481255Z: [    1.646272] UDP hash table entries: 512 (order: 2, 16384 bytes)
[STDERR  ] 2017-08-19T20:17:36.048135417Z: [    1.646860] UDP-Lite hash table entries: 512 (order: 2, 16384 bytes)
[STDERR  ] 2017-08-19T20:17:36.048141035Z: [    1.649314] NET: Registered protocol family 1
[STDERR  ] 2017-08-19T20:17:36.048146701Z: [    1.657161] Unpacking initramfs...
[STDERR  ] 2017-08-19T20:17:36.048152273Z: [    4.448153] Freeing initrd memory: 18200K
[STDERR  ] 2017-08-19T20:17:36.048158343Z: [    4.470996] PCLMULQDQ-NI instructions are not detected.
[STDERR  ] 2017-08-19T20:17:36.048164269Z: [    4.472541] AVX or AES-NI instructions are not detected.
[STDERR  ] 2017-08-19T20:17:36.048169838Z: [    4.473087] CPU feature 'AVX registers' is not supported.
[STDERR  ] 2017-08-19T20:17:36.048176025Z: [    4.473500] CPU feature 'AVX registers' is not supported.
[STDERR  ] 2017-08-19T20:17:36.048181493Z: [    4.473902] CPU feature 'AVX registers' is not supported.
[STDERR  ] 2017-08-19T20:17:36.048187006Z: [    4.474276] CPU feature 'AVX registers' is not supported.
[STDERR  ] 2017-08-19T20:17:36.048193083Z: [    4.474703] AVX2 or AES-NI instructions are not detected.
[STDERR  ] 2017-08-19T20:17:36.048198783Z: [    4.475113] AVX2 instructions are not detected.
[STDERR  ] 2017-08-19T20:17:36.048204147Z: [    4.482085] audit: initializing netlink subsys (disabled)
[STDERR  ] 2017-08-19T20:17:36.048211591Z: [    4.483862] audit: type=2000 audit(1503173818.480:1): initialized
[STDERR  ] 2017-08-19T20:17:36.048217157Z: [    4.491796] HugeTLB registered 2 MB page size, pre-allocated 0 pages
[STDERR  ] 2017-08-19T20:17:36.048222757Z: [    4.495751] VFS: Disk quotas dquot_6.6.0
[STDERR  ] 2017-08-19T20:17:36.04822873Z: [    4.496444] VFS: Dquot-cache hash table entries: 512 (order 0, 4096 bytes)
[STDERR  ] 2017-08-19T20:17:36.048234424Z: [    4.503208] FS-Cache: Netfs 'cifs' registered for caching
[STDERR  ] 2017-08-19T20:17:36.048239874Z: [    4.504213] fuse init (API version 7.23)
[STDERR  ] 2017-08-19T20:17:36.048249638Z: [    4.506518] SGI XFS with ACLs, security attributes, no debug enabled
[STDERR  ] 2017-08-19T20:17:36.048255567Z: [    4.509215] 9p: Installing v9fs 9p2000 file system support
[STDERR  ] 2017-08-19T20:17:36.048260981Z: [    4.509681] FS-Cache: Netfs '9p' registered for caching
[STDERR  ] 2017-08-19T20:17:36.048266565Z: [    4.512679] Key type big_key registered
[STDERR  ] 2017-08-19T20:17:36.048271928Z: [    4.542139] NET: Registered protocol family 38
[STDERR  ] 2017-08-19T20:17:36.048279024Z: [    4.542749] Key type asymmetric registered
[STDERR  ] 2017-08-19T20:17:36.048284449Z: [    4.543084] Asymmetric key parser 'x509' registered
[STDERR  ] 2017-08-19T20:17:36.048289904Z: [    4.544076] Block layer SCSI generic (bsg) driver version 0.4 loaded (major 251)
[STDERR  ] 2017-08-19T20:17:36.048295582Z: [    4.545745] io scheduler noop registered
[STDERR  ] 2017-08-19T20:17:36.048300971Z: [    4.545992] io scheduler deadline registered (default)
[STDERR  ] 2017-08-19T20:17:36.048306391Z: [    4.546716] io scheduler cfq registered
[STDERR  ] 2017-08-19T20:17:36.048311843Z: [    4.549439] pci_hotplug: PCI Hot Plug PCI Core version: 0.5
[STDERR  ] 2017-08-19T20:17:36.048317397Z: [    4.551161] pciehp: PCI Express Hot Plug Controller Driver version: 0.4
[STDERR  ] 2017-08-19T20:17:36.048328897Z: [    4.552049] shpchp: Standard Hot Plug PCI Controller Driver version: 0.4
[STDERR  ] 2017-08-19T20:17:36.048334521Z: [    4.552900] hv_vmbus: registering driver hyperv_fb
[STDERR  ] 2017-08-19T20:17:36.048343432Z: [    4.559062] input: Power Button as /devices/LNXSYSTM:00/LNXPWRBN:00/input/input0
[STDERR  ] 2017-08-19T20:17:36.048348879Z: [    4.560914] ACPI: Power Button [PWRF]
[STDERR  ] 2017-08-19T20:17:36.048354333Z: [    4.565887] GHES: HEST is not enabled!
[STDERR  ] 2017-08-19T20:17:36.04836026Z: [    4.578916] ACPI: PCI Interrupt Link [GSIG] enabled at IRQ 22
[STDERR  ] 2017-08-19T20:17:36.048366453Z: [    4.594166] ACPI: PCI Interrupt Link [GSIH] enabled at IRQ 23
[STDERR  ] 2017-08-19T20:17:36.04837194Z: [    4.600008] xenfs: not registering filesystem on non-xen platform
[STDERR  ] 2017-08-19T20:17:36.048379323Z: [    4.603557] Serial: 8250/16550 driver, 4 ports, IRQ sharing disabled
[STDERR  ] 2017-08-19T20:17:36.048385215Z: [    4.627875] 00:04: ttyS0 at I/O 0x3f8 (irq = 4, base_baud = 115200) is a 16550A
[STDERR  ] 2017-08-19T20:17:36.048390833Z: [    4.639878] Non-volatile memory driver v1.3
[STDERR  ] 2017-08-19T20:17:36.048396918Z: [    4.648473] Hangcheck: starting hangcheck timer 0.9.1 (tick is 180 seconds, margin is 60 seconds).
[STDERR  ] 2017-08-19T20:17:36.048402952Z: [    4.686540] loop: module loaded
[STDERR  ] 2017-08-19T20:17:36.048409239Z: [    4.699124] nbd: registered device at major 43
[STDERR  ] 2017-08-19T20:17:36.048421056Z: [    4.739357] lpc_ich 0000:00:1f.0: I/O space for GPIO uninitialized
[STDERR  ] 2017-08-19T20:17:36.048426499Z: [    4.741881] VMware PVSCSI driver - version 1.0.5.0-k
[STDERR  ] 2017-08-19T20:17:36.048431993Z: [    4.742796] hv_vmbus: registering driver hv_storvsc
[STDERR  ] 2017-08-19T20:17:36.04844366Z: [    4.753152] ACPI: PCI Interrupt Link [GSIA] enabled at IRQ 16
[STDERR  ] 2017-08-19T20:17:36.04844921Z: [    4.759100] ahci 0000:00:1f.2: AHCI 0001.0000 32 slots 6 ports 1.5 Gbps 0x3f impl SATA mode
[STDERR  ] 2017-08-19T20:17:36.048455187Z: [    4.759818] ahci 0000:00:1f.2: flags: 64bit ncq only 
[STDERR  ] 2017-08-19T20:17:36.048460658Z: [    4.779104] scsi host0: ahci
[STDERR  ] 2017-08-19T20:17:36.048466172Z: [    4.783533] scsi host1: ahci
[STDERR  ] 2017-08-19T20:17:36.048471617Z: [    4.785863] scsi host2: ahci
[STDERR  ] 2017-08-19T20:17:36.048476944Z: [    4.787926] scsi host3: ahci
[STDERR  ] 2017-08-19T20:17:36.048482338Z: [    4.790077] scsi host4: ahci
[STDERR  ] 2017-08-19T20:17:36.048487654Z: [    4.792432] scsi host5: ahci
[STDERR  ] 2017-08-19T20:17:36.048496857Z: [    4.794230] ata1: SATA max UDMA/133 abar m4096@0xfebd2000 port 0xfebd2100 irq 24
[STDERR  ] 2017-08-19T20:17:36.048502369Z: [    4.794754] ata2: SATA max UDMA/133 abar m4096@0xfebd2000 port 0xfebd2180 irq 24
[STDERR  ] 2017-08-19T20:17:36.048512186Z: [    4.795185] ata3: SATA max UDMA/133 abar m4096@0xfebd2000 port 0xfebd2200 irq 24
[STDERR  ] 2017-08-19T20:17:36.048518043Z: [    4.795629] ata4: SATA max UDMA/133 abar m4096@0xfebd2000 port 0xfebd2280 irq 24
[STDERR  ] 2017-08-19T20:17:36.04852352Z: [    4.796049] ata5: SATA max UDMA/133 abar m4096@0xfebd2000 port 0xfebd2300 irq 24
[STDERR  ] 2017-08-19T20:17:36.048529771Z: [    4.796469] ata6: SATA max UDMA/133 abar m4096@0xfebd2000 port 0xfebd2380 irq 24
[STDERR  ] 2017-08-19T20:17:36.0485373Z: [    4.807919] tun: Universal TUN/TAP device driver, 1.6
[STDERR  ] 2017-08-19T20:17:36.04854489Z: [    4.808294] tun: (C) 1999-2004 Max Krasnyansky <maxk@qualcomm.com>
[STDERR  ] 2017-08-19T20:17:36.048554612Z: [    4.819537] VMware vmxnet3 virtual NIC driver - version 1.4.5.0-k-NAPI
[STDERR  ] 2017-08-19T20:17:36.048562625Z: [    4.821202] hv_vmbus: registering driver hv_netvsc
[STDERR  ] 2017-08-19T20:17:36.048571668Z: [    4.821605] Fusion MPT base driver 3.04.20
[STDERR  ] 2017-08-19T20:17:36.048579691Z: [    4.821881] Copyright (c) 1999-2008 LSI Corporation
[STDERR  ] 2017-08-19T20:17:36.048588499Z: [    4.822505] Fusion MPT SPI Host driver 3.04.20
[STDERR  ] 2017-08-19T20:17:36.048598506Z: [    4.824536] i8042: PNP: PS/2 Controller [PNP0303:KBD,PNP0f13:MOU] at 0x60,0x64 irq 1,12
[STDERR  ] 2017-08-19T20:17:36.048607314Z: [    4.828581] serio: i8042 KBD port at 0x60,0x64 irq 1
[STDERR  ] 2017-08-19T20:17:36.048613485Z: [    4.829310] serio: i8042 AUX port at 0x60,0x64 irq 12
[STDERR  ] 2017-08-19T20:17:36.04861913Z: [    4.832755] hv_vmbus: registering driver hyperv_keyboard
[STDERR  ] 2017-08-19T20:17:36.048624802Z: [    4.834873] mousedev: PS/2 mouse device common for all mice
[STDERR  ] 2017-08-19T20:17:36.048630344Z: [    4.839832] input: AT Translated Set 2 keyboard as /devices/platform/i8042/serio0/input/input1
[STDERR  ] 2017-08-19T20:17:36.048636468Z: [    4.842258] input: PC Speaker as /devices/platform/pcspkr/input/input2
[STDERR  ] 2017-08-19T20:17:36.048642058Z: [    4.846981] rtc_cmos 00:00: RTC can wake from S4
[STDERR  ] 2017-08-19T20:17:36.048647817Z: [    4.850808] rtc_cmos 00:00: rtc core: registered rtc_cmos as rtc0
[STDERR  ] 2017-08-19T20:17:36.048653216Z: [    4.852054] rtc_cmos 00:00: alarms up to one day, y3k, 114 bytes nvram, hpet irqs
[STDERR  ] 2017-08-19T20:17:36.048660739Z: [    4.852767] i2c /dev entries driver
[STDERR  ] 2017-08-19T20:17:36.048666118Z: [    4.854647] device-mapper: ioctl: 4.34.0-ioctl (2015-10-28) initialised: dm-devel@redhat.com
[STDERR  ] 2017-08-19T20:17:36.048671535Z: [    4.859743] usbcore: registered new interface driver usbhid
[STDERR  ] 2017-08-19T20:17:36.048679268Z: [    4.859993] usbhid: USB HID core driver
[STDERR  ] 2017-08-19T20:17:36.048684808Z: [    4.861153] hv_utils: Registering HyperV Utility Driver
[STDERR  ] 2017-08-19T20:17:36.048690591Z: [    4.861569] hv_vmbus: registering driver hv_util
[STDERR  ] 2017-08-19T20:17:36.04869607Z: [    4.861858] hv_vmbus: registering driver hv_balloon
[STDERR  ] 2017-08-19T20:17:36.048701687Z: [    4.862382] oprofile: using NMI interrupt.
[STDERR  ] 2017-08-19T20:17:36.048707125Z: [    4.863504] GACT probability on
[STDERR  ] 2017-08-19T20:17:36.048712648Z: [    4.863978] Mirror/redirect action on
[STDERR  ] 2017-08-19T20:17:36.048718127Z: [    4.864478] Simple TC action Loaded
[STDERR  ] 2017-08-19T20:17:36.048723915Z: [    4.864831] u32 classifier
[STDERR  ] 2017-08-19T20:17:36.04873066Z: [    4.865065]     Performance counters on
[STDERR  ] 2017-08-19T20:17:36.048736112Z: [    4.865314]     input device check on
[STDERR  ] 2017-08-19T20:17:36.048741685Z: [    4.865517]     Actions configured
[STDERR  ] 2017-08-19T20:17:36.048748581Z: [    4.866324] Netfilter messages via NETLINK v0.30.
[STDERR  ] 2017-08-19T20:17:36.048754452Z: [    4.866941] nfnl_acct: registering with nfnetlink.
[STDERR  ] 2017-08-19T20:17:36.048762274Z: [    4.868320] nf_conntrack version 0.5.0 (7922 buckets, 31688 max)
[STDERR  ] 2017-08-19T20:17:36.048773686Z: [    4.872358] ctnetlink v0.93: registering with nfnetlink.
[STDERR  ] 2017-08-19T20:17:36.048780964Z: [    4.875699] nf_tables: (c) 2007-2009 Patrick McHardy <kaber@trash.net>
[STDERR  ] 2017-08-19T20:17:36.048792886Z: [    4.876622] nf_tables_compat: (c) 2012 Pablo Neira Ayuso <pablo@netfilter.org>
[STDERR  ] 2017-08-19T20:17:36.048799253Z: [    4.879907] xt_time: kernel timezone is -0000
[STDERR  ] 2017-08-19T20:17:36.04880494Z: [    4.880855] ip_set: protocol 6
[STDERR  ] 2017-08-19T20:17:36.048811758Z: [    4.881660] IPVS: Registered protocols (TCP, UDP, SCTP, AH, ESP)
[STDERR  ] 2017-08-19T20:17:36.04881735Z: [    4.882318] IPVS: Connection hash table configured (size=4096, memory=64Kbytes)
[STDERR  ] 2017-08-19T20:17:36.048822891Z: [    4.884065] IPVS: Creating netns size=2096 id=0
[STDERR  ] 2017-08-19T20:17:36.048828432Z: [    4.886466] IPVS: ipvs loaded.
[STDERR  ] 2017-08-19T20:17:36.048833909Z: [    4.886864] IPVS: [rr] scheduler registered.
[STDERR  ] 2017-08-19T20:17:36.048839426Z: [    4.887207] IPVS: [wrr] scheduler registered.
[STDERR  ] 2017-08-19T20:17:36.048844959Z: [    4.887512] IPVS: [lc] scheduler registered.
[STDERR  ] 2017-08-19T20:17:36.04885756Z: [    4.887780] IPVS: [wlc] scheduler registered.
[STDERR  ] 2017-08-19T20:17:36.048863046Z: [    4.888101] IPVS: [fo] scheduler registered.
[STDERR  ] 2017-08-19T20:17:36.048872389Z: [    4.888393] IPVS: [ovf] scheduler registered.
[STDERR  ] 2017-08-19T20:17:36.048877898Z: [    4.888815] IPVS: [lblc] scheduler registered.
[STDERR  ] 2017-08-19T20:17:36.048883278Z: [    4.889358] IPVS: [lblcr] scheduler registered.
[STDERR  ] 2017-08-19T20:17:36.048888614Z: [    4.889698] IPVS: [dh] scheduler registered.
[STDERR  ] 2017-08-19T20:17:36.048899067Z: [    4.889987] IPVS: [sh] scheduler registered.
[STDERR  ] 2017-08-19T20:17:36.048904375Z: [    4.890666] IPVS: [sed] scheduler registered.
[STDERR  ] 2017-08-19T20:17:36.048909777Z: [    4.890948] IPVS: [nq] scheduler registered.
[STDERR  ] 2017-08-19T20:17:36.048915263Z: [    4.891720] IPVS: ftp: loaded support on port[0] = 21
[STDERR  ] 2017-08-19T20:17:36.048921203Z: [    4.892517] ipip: IPv4 over IPv4 tunneling driver
[STDERR  ] 2017-08-19T20:17:36.048928889Z: [    4.896636] gre: GRE over IPv4 demultiplexor driver
[STDERR  ] 2017-08-19T20:17:36.04893696Z: [    4.899835] ip_tables: (C) 2000-2006 Netfilter Core Team
[STDERR  ] 2017-08-19T20:17:36.048945614Z: [    4.903496] ipt_CLUSTERIP: ClusterIP Version 0.8 loaded successfully
[STDERR  ] 2017-08-19T20:17:36.048952014Z: [    4.904285] arp_tables: (C) 2002 David S. Miller
[STDERR  ] 2017-08-19T20:17:36.048959723Z: [    4.906983] NET: Registered protocol family 10
[STDERR  ] 2017-08-19T20:17:36.048965457Z: [    4.916396] ip6_tables: (C) 2000-2006 Netfilter Core Team
[STDERR  ] 2017-08-19T20:17:36.048971169Z: [    4.921655] NET: Registered protocol family 17
[STDERR  ] 2017-08-19T20:17:36.048976775Z: [    4.922683] bridge: automatic filtering via arp/ip/ip6tables has been deprecated. Update your scripts to load br_netfilter if you need this.
[STDERR  ] 2017-08-19T20:17:36.048983861Z: [    4.924084] Bridge firewalling registered
[STDERR  ] 2017-08-19T20:17:36.04898934Z: [    4.924787] Ebtables v2.0 registered
[STDERR  ] 2017-08-19T20:17:36.048995188Z: [    4.927271] 8021q: 802.1Q VLAN Support v1.8
[STDERR  ] 2017-08-19T20:17:36.049000963Z: [    4.928845] 9pnet: Installing 9P2000 support
[STDERR  ] 2017-08-19T20:17:36.04900658Z: [    4.931044] Key type dns_resolver registered
[STDERR  ] 2017-08-19T20:17:36.049012088Z: [    4.931816] hv_sock: failed to load: VMBus 4 or later is required
[STDERR  ] 2017-08-19T20:17:36.049017496Z: [    4.932428] microcode: AMD CPU family 0x6 not supported
[STDERR  ] 2017-08-19T20:17:36.049022904Z: [    4.936387] registered taskstats version 1
[STDERR  ] 2017-08-19T20:17:36.049028395Z: [    5.084058] Key type encrypted registered
[STDERR  ] 2017-08-19T20:17:36.049033829Z: [    5.091318] rtc_cmos 00:00: setting system clock to 2017-08-19 20:16:59 UTC (1503173819)
[STDERR  ] 2017-08-19T20:17:36.049043527Z: [    5.151192] ata2: SATA link down (SStatus 0 SControl 300)
[STDERR  ] 2017-08-19T20:17:36.049048959Z: [    5.154170] ata3: SATA link up 1.5 Gbps (SStatus 113 SControl 300)
[STDERR  ] 2017-08-19T20:17:36.049055286Z: [    5.158670] ata3.00: ATAPI: QEMU DVD-ROM, 2.5+, max UDMA/100
[STDERR  ] 2017-08-19T20:17:36.049060891Z: [    5.159235] ata3.00: applying bridge limits
[STDERR  ] 2017-08-19T20:17:36.049074152Z: [    5.160933] ata5: SATA link down (SStatus 0 SControl 300)
[STDERR  ] 2017-08-19T20:17:36.049079641Z: [    5.161532] ata1: SATA link down (SStatus 0 SControl 300)
[STDERR  ] 2017-08-19T20:17:36.049085192Z: [    5.162345] ata4: SATA link down (SStatus 0 SControl 300)
[STDERR  ] 2017-08-19T20:17:36.049090703Z: [    5.162869] ata6: SATA link down (SStatus 0 SControl 300)
[STDERR  ] 2017-08-19T20:17:36.049098557Z: [    5.164165] ata3.00: configured for UDMA/100
[STDERR  ] 2017-08-19T20:17:36.049103935Z: [    5.177278] scsi 2:0:0:0: CD-ROM            QEMU     QEMU DVD-ROM     2.5+ PQ: 0 ANSI: 5
[STDERR  ] 2017-08-19T20:17:36.049109419Z: [    5.193205] sr 2:0:0:0: [sr0] scsi3-mmc drive: 4x/4x cd/rw xa/form2 tray
[STDERR  ] 2017-08-19T20:17:36.049115015Z: [    5.193968] cdrom: Uniform CD-ROM driver Revision: 3.20
[STDERR  ] 2017-08-19T20:17:36.049126078Z: [    5.201738] sr 2:0:0:0: Attached scsi generic sg0 type 5
[STDERR  ] 2017-08-19T20:17:36.049134218Z: [    5.326408] Freeing unused kernel memory: 1296K
[STDERR  ] 2017-08-19T20:17:36.049139832Z: [    5.326814] Write protecting the kernel read-only data: 12288k
[STDERR  ] 2017-08-19T20:17:36.049145384Z: [    5.336717] Freeing unused kernel memory: 584K
[STDERR  ] 2017-08-19T20:17:36.049154125Z: [    5.452892] Freeing unused kernel memory: 1400K
[STDERR  ] 2017-08-19T20:17:36.049159709Z: [    5.453860] tsc: Refined TSC clocksource calibration: 2599.894 MHz
[STDERR  ] 2017-08-19T20:17:36.049166942Z: [    5.454353] clocksource: tsc: mask: 0xffffffffffffffff max_cycles: 0x2579d811fe9, max_idle_ns: 440795227018 ns
[STDERR  ] 2017-08-19T20:17:36.04917945Z: [    6.461733] clocksource: Switched to clocksource tsc
[STDERR  ] 2017-08-19T20:17:36.049187754Z: 
[STDERR  ] 2017-08-19T20:17:36.049193661Z: Welcome to LinuxKit
[STDERR  ] 2017-08-19T20:17:36.049200749Z: 
[STDERR  ] 2017-08-19T20:17:36.049206987Z:                         ##         .
[STDERR  ] 2017-08-19T20:17:36.049213048Z:                   ## ## ##        ==
[STDERR  ] 2017-08-19T20:17:36.049219663Z:                ## ## ## ## ##    ===
[STDERR  ] 2017-08-19T20:17:36.049225361Z:            /"""""""""""""""""\___/ ===
[STDERR  ] 2017-08-19T20:17:36.049230815Z:           {                       /  ===-
[STDERR  ] 2017-08-19T20:17:36.049236383Z:            \______ O           __/
[STDERR  ] 2017-08-19T20:17:36.049241862Z:              \    \         __/
[STDERR  ] 2017-08-19T20:17:36.049247239Z:               \____\_______/
[STDERR  ] 2017-08-19T20:17:36.049252604Z: 
[STDERR  ] 2017-08-19T20:17:36.049257879Z: starting kernel config sanity test with /proc/config.gz
[STDERR  ] 2017-08-19T20:17:36.049263596Z: [   18.712844] RPC: Registered named UNIX socket transport module.
[STDERR  ] 2017-08-19T20:17:36.049269079Z: [   18.713363] RPC: Registered udp transport module.
[STDERR  ] 2017-08-19T20:17:36.049274376Z: [   18.713678] RPC: Registered tcp transport module.
[STDERR  ] 2017-08-19T20:17:36.04927978Z: [   18.713968] RPC: Registered tcp NFSv4.1 backchannel transport module.
[STDERR  ] 2017-08-19T20:17:36.049285841Z: [   18.806183] FS-Cache: Netfs 'nfs' registered for caching
[STDERR  ] 2017-08-19T20:17:36.049291441Z: [   18.905942] Installing knfsd (copyright (C) 1996 okir@monad.swb.de).
[STDERR  ] 2017-08-19T20:17:36.049297231Z: [   18.962000] ntfs: driver 2.1.32 [Flags: R/O MODULE].
[STDERR  ] 2017-08-19T20:17:36.049302619Z: kernel config test succeeded!
[STDERR  ] 2017-08-19T20:17:36.049308088Z: [37minfo: reading kernel config from /proc/config.gz ...[m
[STDERR  ] 2017-08-19T20:17:36.049313488Z: 
[STDERR  ] 2017-08-19T20:17:36.049318816Z: Generally Necessary:
[STDERR  ] 2017-08-19T20:17:36.049324358Z: - [37mcgroup hierarchy[m: [32mproperly mounted[m [/sys/fs/cgroup]
[STDERR  ] 2017-08-19T20:17:36.04933306Z: - [37mCONFIG_NAMESPACES[m: [32menabled[m
[STDERR  ] 2017-08-19T20:17:36.049338532Z: - [37mCONFIG_NET_NS[m: [32menabled[m
[STDERR  ] 2017-08-19T20:17:36.049343924Z: - [37mCONFIG_PID_NS[m: [32menabled[m
[STDERR  ] 2017-08-19T20:17:36.049349325Z: - [37mCONFIG_IPC_NS[m: [32menabled[m
[STDERR  ] 2017-08-19T20:17:36.049354875Z: - [37mCONFIG_UTS_NS[m: [32menabled[m
[STDERR  ] 2017-08-19T20:17:36.049362533Z: - [37mCONFIG_CGROUPS[m: [32menabled[m
[STDERR  ] 2017-08-19T20:17:36.049368047Z: - [37mCONFIG_CGROUP_CPUACCT[m: [32menabled[m
[STDERR  ] 2017-08-19T20:17:36.049373562Z: - [37mCONFIG_CGROUP_DEVICE[m: [32menabled[m
[STDERR  ] 2017-08-19T20:17:36.049379164Z: - [37mCONFIG_CGROUP_FREEZER[m: [32menabled[m
[STDERR  ] 2017-08-19T20:17:36.049384467Z: - [37mCONFIG_CGROUP_SCHED[m: [32menabled[m
[STDERR  ] 2017-08-19T20:17:36.049390143Z: - [37mCONFIG_CPUSETS[m: [32menabled[m
[STDERR  ] 2017-08-19T20:17:36.049398427Z: - [37mCONFIG_MEMCG[m: [32menabled[m
[STDERR  ] 2017-08-19T20:17:36.049406209Z: - [37mCONFIG_KEYS[m: [32menabled[m
[STDERR  ] 2017-08-19T20:17:36.049422313Z: - [37mCONFIG_VETH[m: [32menabled[m
[STDERR  ] 2017-08-19T20:17:36.049430041Z: - [37mCONFIG_BRIDGE[m: [32menabled[m
[STDERR  ] 2017-08-19T20:17:36.049439593Z: - [37mCONFIG_BRIDGE_NETFILTER[m: [32menabled[m
[STDERR  ] 2017-08-19T20:17:36.04944514Z: - [37mCONFIG_NF_NAT_IPV4[m: [32menabled[m
[STDERR  ] 2017-08-19T20:17:36.049450647Z: - [37mCONFIG_IP_NF_FILTER[m: [32menabled[m
[STDERR  ] 2017-08-19T20:17:36.04946253Z: - [37mCONFIG_IP_NF_TARGET_MASQUERADE[m: [32menabled[m
[STDERR  ] 2017-08-19T20:17:36.04946792Z: - [37mCONFIG_NETFILTER_XT_MATCH_ADDRTYPE[m: [32menabled[m
[STDERR  ] 2017-08-19T20:17:36.049476158Z: - [37mCONFIG_NETFILTER_XT_MATCH_CONNTRACK[m: [32menabled[m
[STDERR  ] 2017-08-19T20:17:36.04948471Z: - [37mCONFIG_NETFILTER_XT_MATCH_IPVS[m: [32menabled[m
[STDERR  ] 2017-08-19T20:17:36.049490168Z: - [37mCONFIG_IP_NF_NAT[m: [32menabled[m
[STDERR  ] 2017-08-19T20:17:36.049495732Z: - [37mCONFIG_NF_NAT[m: [32menabled[m
[STDERR  ] 2017-08-19T20:17:36.049501216Z: - [37mCONFIG_NF_NAT_NEEDED[m: [32menabled[m
[STDERR  ] 2017-08-19T20:17:36.049506711Z: - [37mCONFIG_POSIX_MQUEUE[m: [32menabled[m
[STDERR  ] 2017-08-19T20:17:36.049512029Z: - [37mCONFIG_DEVPTS_MULTIPLE_INSTANCES[m: [32menabled[m
[STDERR  ] 2017-08-19T20:17:36.049517288Z: 
[STDERR  ] 2017-08-19T20:17:36.049523377Z: Optional Features:
[STDERR  ] 2017-08-19T20:17:36.049530077Z: - [37mCONFIG_USER_NS[m: [32menabled[m
[STDERR  ] 2017-08-19T20:17:36.049537539Z: - [37mCONFIG_SECCOMP[m: [32menabled[m
[STDERR  ] 2017-08-19T20:17:36.04954551Z: - [37mCONFIG_CGROUP_PIDS[m: [32menabled[m
[STDERR  ] 2017-08-19T20:17:36.049553699Z: - [37mCONFIG_MEMCG_SWAP[m: [32menabled[m
[STDERR  ] 2017-08-19T20:17:36.049559135Z: - [37mCONFIG_MEMCG_SWAP_ENABLED[m: [32menabled[m
[STDERR  ] 2017-08-19T20:17:36.049564631Z:     [1;30m(cgroup swap accounting is currently enabled)[m
[STDERR  ] 2017-08-19T20:17:36.049570242Z: - [1mCONFIG_LEGACY_VSYSCALL_NONE[m: [1;31menabled[m
[STDERR  ] 2017-08-19T20:17:36.049575846Z:     [1;30m(containers using eglibc <= 2.13 will not work. Switch to[m
[STDERR  ] 2017-08-19T20:17:36.049581322Z:     [1;30m "CONFIG_VSYSCALL_[NATIVE|EMULATE]" or use "vsyscall=[native|emulate]"[m
[STDERR  ] 2017-08-19T20:17:36.049586837Z:     [1;30m on kernel command line. Note that this will disable ASLR for the,[m
[STDERR  ] 2017-08-19T20:17:36.049592369Z:     [1;30m VDSO which may assist in exploiting security vulnerabilities.)[m
[STDERR  ] 2017-08-19T20:17:36.04960022Z: - [37mCONFIG_MEMCG_KMEM[m: [32menabled[m
[STDERR  ] 2017-08-19T20:17:36.049605767Z: - [37mCONFIG_BLK_CGROUP[m: [32menabled[m
[STDERR  ] 2017-08-19T20:17:36.0496112Z: - [37mCONFIG_BLK_DEV_THROTTLING[m: [32menabled[m
[STDERR  ] 2017-08-19T20:17:36.049616887Z: - [37mCONFIG_IOSCHED_CFQ[m: [32menabled[m
[STDERR  ] 2017-08-19T20:17:36.049626228Z: - [37mCONFIG_CFQ_GROUP_IOSCHED[m: [32menabled[m
[STDERR  ] 2017-08-19T20:17:36.049631661Z: - [37mCONFIG_CGROUP_PERF[m: [32menabled[m
[STDERR  ] 2017-08-19T20:17:36.049637231Z: - [37mCONFIG_CGROUP_HUGETLB[m: [32menabled[m
[STDERR  ] 2017-08-19T20:17:36.049646694Z: - [37mCONFIG_NET_CLS_CGROUP[m: [32menabled[m
[STDERR  ] 2017-08-19T20:17:36.049652033Z: - [37mCONFIG_CGROUP_NET_PRIO[m: [32menabled[m
[STDERR  ] 2017-08-19T20:17:36.049657419Z: - [37mCONFIG_CFS_BANDWIDTH[m: [32menabled[m
[STDERR  ] 2017-08-19T20:17:36.049662855Z: - [37mCONFIG_FAIR_GROUP_SCHED[m: [32menabled[m
[STDERR  ] 2017-08-19T20:17:36.049668178Z: - [37mCONFIG_RT_GROUP_SCHED[m: [32menabled[m
[STDERR  ] 2017-08-19T20:17:36.049673517Z: - [37mCONFIG_IP_VS[m: [32menabled[m
[STDERR  ] 2017-08-19T20:17:36.049678784Z: - [37mCONFIG_IP_VS_NFCT[m: [32menabled[m
[STDERR  ] 2017-08-19T20:17:36.049684342Z: - [37mCONFIG_IP_VS_RR[m: [32menabled[m
[STDERR  ] 2017-08-19T20:17:36.049689719Z: - [37mCONFIG_EXT4_FS[m: [32menabled[m
[STDERR  ] 2017-08-19T20:17:36.049695054Z: - [37mCONFIG_EXT4_FS_POSIX_ACL[m: [32menabled[m
[STDERR  ] 2017-08-19T20:17:36.049700442Z: - [37mCONFIG_EXT4_FS_SECURITY[m: [32menabled[m
[STDERR  ] 2017-08-19T20:17:36.049705701Z: - Network Drivers:
[STDERR  ] 2017-08-19T20:17:36.049716138Z:   - "[34moverlay[m":
[STDERR  ] 2017-08-19T20:17:36.049724042Z:     - [37mCONFIG_VXLAN[m: [32menabled[m
[STDERR  ] 2017-08-19T20:17:36.049731703Z:       Optional (for encrypted networks):
[STDERR  ] 2017-08-19T20:17:36.049739425Z:       - [37mCONFIG_CRYPTO[m: [32menabled[m
[STDERR  ] 2017-08-19T20:17:36.049747066Z:       - [37mCONFIG_CRYPTO_AEAD[m: [32menabled[m
[STDERR  ] 2017-08-19T20:17:36.049754753Z:       - [37mCONFIG_CRYPTO_GCM[m: [32menabled[m
[STDERR  ] 2017-08-19T20:17:36.049762829Z:       - [37mCONFIG_CRYPTO_SEQIV[m: [32menabled[m
[STDERR  ] 2017-08-19T20:17:36.049770145Z:       - [37mCONFIG_CRYPTO_GHASH[m: [32menabled[m
[STDERR  ] 2017-08-19T20:17:36.049777527Z:       - [37mCONFIG_XFRM[m: [32menabled[m
[STDERR  ] 2017-08-19T20:17:36.049784128Z:       - [37mCONFIG_XFRM_USER[m: [32menabled (as module)[m
[STDERR  ] 2017-08-19T20:17:36.049796302Z:       - [37mCONFIG_XFRM_ALGO[m: [32menabled (as module)[m
[STDERR  ] 2017-08-19T20:17:36.049801935Z:       - [37mCONFIG_INET_ESP[m: [32menabled (as module)[m
[STDERR  ] 2017-08-19T20:17:36.04980868Z:       - [37mCONFIG_INET_XFRM_MODE_TRANSPORT[m: [32menabled (as module)[m
[STDERR  ] 2017-08-19T20:17:36.049815256Z:   - "[34mipvlan[m":
[STDERR  ] 2017-08-19T20:17:36.049820892Z:     - [37mCONFIG_IPVLAN[m: [32menabled[m
[STDERR  ] 2017-08-19T20:17:36.049826306Z:   - "[34mmacvlan[m":
[STDERR  ] 2017-08-19T20:17:36.049834385Z:     - [37mCONFIG_MACVLAN[m: [32menabled[m
[STDERR  ] 2017-08-19T20:17:36.04984424Z:     - [37mCONFIG_DUMMY[m: [32menabled (as module)[m
[STDERR  ] 2017-08-19T20:17:36.049850203Z:   - "[34mftp,tftp client in container[m":
[STDERR  ] 2017-08-19T20:17:36.049855617Z:     - [37mCONFIG_NF_NAT_FTP[m: [32menabled[m
[STDERR  ] 2017-08-19T20:17:36.049861014Z:     - [37mCONFIG_NF_CONNTRACK_FTP[m: [32menabled[m
[STDERR  ] 2017-08-19T20:17:36.049866623Z:     - [37mCONFIG_NF_NAT_TFTP[m: [32menabled[m
[STDERR  ] 2017-08-19T20:17:36.049872133Z:     - [37mCONFIG_NF_CONNTRACK_TFTP[m: [32menabled[m
[STDERR  ] 2017-08-19T20:17:36.049878091Z: - Storage Drivers:
[STDERR  ] 2017-08-19T20:17:36.049883834Z:   - "[34maufs[m":
[STDERR  ] 2017-08-19T20:17:36.0498949Z:     - [1mCONFIG_AUFS_FS[m: [1;31mmissing[m
[STDERR  ] 2017-08-19T20:17:36.049900745Z:   - "[34mbtrfs[m":
[STDERR  ] 2017-08-19T20:17:36.049906789Z:     - [37mCONFIG_BTRFS_FS[m: [32menabled (as module)[m
[STDERR  ] 2017-08-19T20:17:36.049912448Z:     - [37mCONFIG_BTRFS_FS_POSIX_ACL[m: [32menabled[m
[STDERR  ] 2017-08-19T20:17:36.049918304Z:   - "[34mdevicemapper[m":
[STDERR  ] 2017-08-19T20:17:36.04992455Z:     - [37mCONFIG_BLK_DEV_DM[m: [32menabled[m
[STDERR  ] 2017-08-19T20:17:36.049934986Z:     - [37mCONFIG_DM_THIN_PROVISIONING[m: [32menabled[m
[STDERR  ] 2017-08-19T20:17:36.049942158Z:   - "[34moverlay[m":
[STDERR  ] 2017-08-19T20:17:36.049947803Z:     - [37mCONFIG_OVERLAY_FS[m: [32menabled[m
[STDERR  ] 2017-08-19T20:17:36.049953271Z:   - "[34mzfs[m":
[STDERR  ] 2017-08-19T20:17:36.049959237Z:     - [1m/dev/zfs[m: [1;31mmissing[m
[STDERR  ] 2017-08-19T20:17:36.04996465Z:     - [1mzfs command[m: [1;31mmissing[m
[STDERR  ] 2017-08-19T20:17:36.049970161Z:     - [1mzpool command[m: [1;31mmissing[m
[STDERR  ] 2017-08-19T20:17:36.04997553Z: 
[STDERR  ] 2017-08-19T20:17:36.049981229Z: Limits:
[STDERR  ] 2017-08-19T20:17:36.049986525Z: [37m- /proc/sys/kernel/keys/root_maxkeys[m: [32m1000000[m
[STDERR  ] 2017-08-19T20:17:36.049991985Z: 
[STDERR  ] 2017-08-19T20:17:36.049999069Z: Kernel config test suite PASSED
[STDERR  ] 2017-08-19T20:17:36.050004519Z: [   39.914367] ACPI: Preparing to enter system sleep state S5
[STDERR  ] 2017-08-19T20:17:36.05001627Z: [   39.921320] reboot: Power down
[STDERR  ] 2017-08-19T20:17:36.050021871Z: + grep -q suite PASSED
[STDERR  ] 2017-08-19T20:17:36.051024384Z: + echo [    0.000000] Initializing cgroup subsys cpuset
[STDERR  ] 2017-08-19T20:17:36.051061824Z: [    0.000000] Initializing cgroup subsys cpu
[STDERR  ] 2017-08-19T20:17:36.051079073Z: [    0.000000] Initializing cgroup subsys cpuacct
[STDERR  ] 2017-08-19T20:17:36.051088509Z: [    0.000000] Linux version 4.4.83-linuxkit (root@e1ede117fb1e) (gcc version 6.3.0 (Alpine 6.3.0) ) #1 SMP Fri Aug 18 17:23:09 UTC 2017
[STDERR  ] 2017-08-19T20:17:36.0511015Z: [    0.000000] Command line: console=ttyS0
[STDERR  ] 2017-08-19T20:17:36.051121811Z: [    0.000000] x86/fpu: Legacy x87 FPU detected.
[STDERR  ] 2017-08-19T20:17:36.051129264Z: [    0.000000] x86/fpu: Using 'lazy' FPU context switches.
[STDERR  ] 2017-08-19T20:17:36.051137219Z: [    0.000000] e820: BIOS-provided physical RAM map:
[STDERR  ] 2017-08-19T20:17:36.051144894Z: [    0.000000] BIOS-e820: [mem 0x0000000000000000-0x000000000009fbff] usable
[STDERR  ] 2017-08-19T20:17:36.051155404Z: [    0.000000] BIOS-e820: [mem 0x000000000009fc00-0x000000000009ffff] reserved
[STDERR  ] 2017-08-19T20:17:36.051163366Z: [    0.000000] BIOS-e820: [mem 0x00000000000f0000-0x00000000000fffff] reserved
[STDERR  ] 2017-08-19T20:17:36.051171649Z: [    0.000000] BIOS-e820: [mem 0x0000000000100000-0x000000003ffdefff] usable
[STDERR  ] 2017-08-19T20:17:36.051179896Z: [    0.000000] BIOS-e820: [mem 0x000000003ffdf000-0x000000003fffffff] reserved
[STDERR  ] 2017-08-19T20:17:36.0511964Z: [    0.000000] BIOS-e820: [mem 0x00000000b0000000-0x00000000bfffffff] reserved
[STDERR  ] 2017-08-19T20:17:36.051206605Z: [    0.000000] BIOS-e820: [mem 0x00000000fed1c000-0x00000000fed1ffff] reserved
[STDERR  ] 2017-08-19T20:17:36.051223737Z: [    0.000000] BIOS-e820: [mem 0x00000000fffc0000-0x00000000ffffffff] reserved
[STDERR  ] 2017-08-19T20:17:36.051232246Z: [    0.000000] NX (Execute Disable) protection: active
[STDERR  ] 2017-08-19T20:17:36.051243361Z: [    0.000000] SMBIOS 2.8 present.
[STDERR  ] 2017-08-19T20:17:36.051252259Z: [    0.000000] e820: last_pfn = 0x3ffdf max_arch_pfn = 0x400000000
[STDERR  ] 2017-08-19T20:17:36.051287928Z: [    0.000000] x86/PAT: Configuration [0-7]: WB  WC  UC- UC  WB  WC  UC- WT  
[STDERR  ] 2017-08-19T20:17:36.051298648Z: [    0.000000] found SMP MP-table at [mem 0x000f6aa0-0x000f6aaf] mapped at [ffff8800000f6aa0]
[STDERR  ] 2017-08-19T20:17:36.051308137Z: [    0.000000] RAMDISK: [mem 0x3ee0a000-0x3ffcffff]
[STDERR  ] 2017-08-19T20:17:36.051317022Z: [    0.000000] ACPI: Early table checksum verification disabled
[STDERR  ] 2017-08-19T20:17:36.051325306Z: [    0.000000] ACPI: RSDP 0x00000000000F68C0 000014 (v00 BOCHS )
[STDERR  ] 2017-08-19T20:17:36.051541065Z: [    0.000000] ACPI: RSDT 0x000000003FFE2404 000034 (v01 BOCHS  BXPCRSDT 00000001 BXPC 00000001)
[STDERR  ] 2017-08-19T20:17:36.051554856Z: [    0.000000] ACPI: FACP 0x000000003FFE22A4 000074 (v01 BOCHS  BXPCFACP 00000001 BXPC 00000001)
[STDERR  ] 2017-08-19T20:17:36.051576879Z: [    0.000000] ACPI: DSDT 0x000000003FFE0040 002264 (v01 BOCHS  BXPCDSDT 00000001 BXPC 00000001)
[STDERR  ] 2017-08-19T20:17:36.051585063Z: [    0.000000] ACPI: FACS 0x000000003FFE0000 000040
[STDERR  ] 2017-08-19T20:17:36.051593505Z: [    0.000000] ACPI: APIC 0x000000003FFE2318 000078 (v01 BOCHS  BXPCAPIC 00000001 BXPC 00000001)
[STDERR  ] 2017-08-19T20:17:36.051601399Z: [    0.000000] ACPI: HPET 0x000000003FFE2390 000038 (v01 BOCHS  BXPCHPET 00000001 BXPC 00000001)
[STDERR  ] 2017-08-19T20:17:36.051617233Z: [    0.000000] ACPI: MCFG 0x000000003FFE23C8 00003C (v01 BOCHS  BXPCMCFG 00000001 BXPC 00000001)
[STDERR  ] 2017-08-19T20:17:36.051625571Z: [    0.000000] Zone ranges:
[STDERR  ] 2017-08-19T20:17:36.051634512Z: [    0.000000]   DMA      [mem 0x0000000000001000-0x0000000000ffffff]
[STDERR  ] 2017-08-19T20:17:36.051643358Z: [    0.000000]   DMA32    [mem 0x0000000001000000-0x000000003ffdefff]
[STDERR  ] 2017-08-19T20:17:36.051651816Z: [    0.000000]   Normal   empty
[STDERR  ] 2017-08-19T20:17:36.051660263Z: [    0.000000] Movable zone start for each node
[STDERR  ] 2017-08-19T20:17:36.051668142Z: [    0.000000] Early memory node ranges
[STDERR  ] 2017-08-19T20:17:36.05167597Z: [    0.000000]   node   0: [mem 0x0000000000001000-0x000000000009efff]
[STDERR  ] 2017-08-19T20:17:36.051683927Z: [    0.000000]   node   0: [mem 0x0000000000100000-0x000000003ffdefff]
[STDERR  ] 2017-08-19T20:17:36.051702831Z: [    0.000000] Initmem setup node 0 [mem 0x0000000000001000-0x000000003ffdefff]
[STDERR  ] 2017-08-19T20:17:36.051711991Z: [    0.000000] ACPI: PM-Timer IO Port: 0x608
[STDERR  ] 2017-08-19T20:17:36.05172067Z: [    0.000000] ACPI: LAPIC_NMI (acpi_id[0xff] dfl dfl lint[0x1])
[STDERR  ] 2017-08-19T20:17:36.051729184Z: [    0.000000] IOAPIC[0]: apic_id 0, version 32, address 0xfec00000, GSI 0-23
[STDERR  ] 2017-08-19T20:17:36.051736969Z: [    0.000000] ACPI: INT_SRC_OVR (bus 0 bus_irq 0 global_irq 2 dfl dfl)
[STDERR  ] 2017-08-19T20:17:36.051744991Z: [    0.000000] ACPI: INT_SRC_OVR (bus 0 bus_irq 5 global_irq 5 high level)
[STDERR  ] 2017-08-19T20:17:36.051752817Z: [    0.000000] ACPI: INT_SRC_OVR (bus 0 bus_irq 9 global_irq 9 high level)
[STDERR  ] 2017-08-19T20:17:36.051760463Z: [    0.000000] ACPI: INT_SRC_OVR (bus 0 bus_irq 10 global_irq 10 high level)
[STDERR  ] 2017-08-19T20:17:36.05176862Z: [    0.000000] ACPI: INT_SRC_OVR (bus 0 bus_irq 11 global_irq 11 high level)
[STDERR  ] 2017-08-19T20:17:36.051777454Z: [    0.000000] Using ACPI (MADT) for SMP configuration information
[STDERR  ] 2017-08-19T20:17:36.051785585Z: [    0.000000] ACPI: HPET id: 0x8086a201 base: 0xfed00000
[STDERR  ] 2017-08-19T20:17:36.051794079Z: [    0.000000] smpboot: Allowing 1 CPUs, 0 hotplug CPUs
[STDERR  ] 2017-08-19T20:17:36.051801752Z: [    0.000000] e820: [mem 0x40000000-0xafffffff] available for PCI devices
[STDERR  ] 2017-08-19T20:17:36.051811036Z: [    0.000000] Booting paravirtualized kernel on bare hardware
[STDERR  ] 2017-08-19T20:17:36.051818842Z: [    0.000000] clocksource: refined-jiffies: mask: 0xffffffff max_cycles: 0xffffffff, max_idle_ns: 19112604462750000 ns
[STDERR  ] 2017-08-19T20:17:36.051828378Z: [    0.000000] setup_percpu: NR_CPUS:128 nr_cpumask_bits:128 nr_cpu_ids:1 nr_node_ids:1
[STDERR  ] 2017-08-19T20:17:36.051844863Z: [    0.000000] PERCPU: Embedded 33 pages/cpu @ffff88003ea00000 s95896 r8192 d31080 u2097152
[STDERR  ] 2017-08-19T20:17:36.051855428Z: [    0.000000] Built 1 zonelists in Zone order, mobility grouping on.  Total pages: 257896
[STDERR  ] 2017-08-19T20:17:36.051870903Z: [    0.000000] Kernel command line: console=ttyS0
[STDERR  ] 2017-08-19T20:17:36.051878782Z: [    0.000000] PID hash table entries: 4096 (order: 3, 32768 bytes)
[STDERR  ] 2017-08-19T20:17:36.051886717Z: [    0.000000] Dentry cache hash table entries: 131072 (order: 8, 1048576 bytes)
[STDERR  ] 2017-08-19T20:17:36.051894788Z: [    0.000000] Inode-cache hash table entries: 65536 (order: 7, 524288 bytes)
[STDERR  ] 2017-08-19T20:17:36.051903846Z: [    0.000000] Memory: 995888K/1048052K available (7598K kernel code, 1261K rwdata, 2696K rodata, 1296K init, 688K bss, 52164K reserved, 0K cma-reserved)
[STDERR  ] 2017-08-19T20:17:36.051916877Z: [    0.000000] Hierarchical RCU implementation.
[STDERR  ] 2017-08-19T20:17:36.051925464Z: [    0.000000] 	Build-time adjustment of leaf fanout to 64.
[STDERR  ] 2017-08-19T20:17:36.051934091Z: [    0.000000] 	RCU restricting CPUs from NR_CPUS=128 to nr_cpu_ids=1.
[STDERR  ] 2017-08-19T20:17:36.051942183Z: [    0.000000] RCU: Adjusting geometry for rcu_fanout_leaf=64, nr_cpu_ids=1
[STDERR  ] 2017-08-19T20:17:36.051955603Z: [    0.000000] NR_IRQS:8448 nr_irqs:256 16
[STDERR  ] 2017-08-19T20:17:36.051963412Z: [    0.000000] Console: colour VGA+ 80x25
[STDERR  ] 2017-08-19T20:17:36.052005763Z: [    0.000000] console [ttyS0] enabled
[STDERR  ] 2017-08-19T20:17:36.052015225Z: [    0.000000] clocksource: hpet: mask: 0xffffffff max_cycles: 0xffffffff, max_idle_ns: 19112604467 ns
[STDERR  ] 2017-08-19T20:17:36.052023415Z: [    0.000000] tsc: Fast TSC calibration using PIT
[STDERR  ] 2017-08-19T20:17:36.052031531Z: [    0.000000] tsc: Detected 2599.887 MHz processor
[STDERR  ] 2017-08-19T20:17:36.052039641Z: [    0.022968] Calibrating delay loop (skipped), value calculated using timer frequency.. 5199.77 BogoMIPS (lpj=25998870)
[STDERR  ] 2017-08-19T20:17:36.052048497Z: [    0.024714] pid_max: default: 32768 minimum: 301
[STDERR  ] 2017-08-19T20:17:36.052060932Z: [    0.025579] ACPI: Core revision 20150930
[STDERR  ] 2017-08-19T20:17:36.052069462Z: [    0.077053] ACPI: 1 ACPI AML tables successfully acquired and loaded
[STDERR  ] 2017-08-19T20:17:36.052078251Z: [    0.079068] Security Framework initialized
[STDERR  ] 2017-08-19T20:17:36.052086347Z: [    0.079500] Yama: becoming mindful.
[STDERR  ] 2017-08-19T20:17:36.052094883Z: [    0.083942] Mount-cache hash table entries: 2048 (order: 2, 16384 bytes)
[STDERR  ] 2017-08-19T20:17:36.052104157Z: [    0.084689] Mountpoint-cache hash table entries: 2048 (order: 2, 16384 bytes)
[STDERR  ] 2017-08-19T20:17:36.052120639Z: [    0.099684] Initializing cgroup subsys io
[STDERR  ] 2017-08-19T20:17:36.052128641Z: [    0.100623] Initializing cgroup subsys memory
[STDERR  ] 2017-08-19T20:17:36.052135944Z: [    0.101659] Initializing cgroup subsys devices
[STDERR  ] 2017-08-19T20:17:36.052143645Z: [    0.102244] Initializing cgroup subsys freezer
[STDERR  ] 2017-08-19T20:17:36.05215146Z: [    0.102742] Initializing cgroup subsys net_cls
[STDERR  ] 2017-08-19T20:17:36.052160586Z: [    0.103187] Initializing cgroup subsys perf_event
[STDERR  ] 2017-08-19T20:17:36.052168967Z: [    0.103693] Initializing cgroup subsys net_prio
[STDERR  ] 2017-08-19T20:17:36.052177159Z: [    0.104191] Initializing cgroup subsys hugetlb
[STDERR  ] 2017-08-19T20:17:36.052184917Z: [    0.104632] Initializing cgroup subsys pids
[STDERR  ] 2017-08-19T20:17:36.052192811Z: [    0.107225] Last level iTLB entries: 4KB 0, 2MB 0, 4MB 0
[STDERR  ] 2017-08-19T20:17:36.052201705Z: [    0.107647] Last level dTLB entries: 4KB 0, 2MB 0, 4MB 0, 1GB 0
[STDERR  ] 2017-08-19T20:17:36.052210148Z: [    0.359687] Freeing SMP alternatives memory: 20K
[STDERR  ] 2017-08-19T20:17:36.052229415Z: [    0.368973] ftrace: allocating 33333 entries in 131 pages
[STDERR  ] 2017-08-19T20:17:36.052238169Z: [    0.530000] ..TIMER: vector=0x30 apic1=0 pin1=2 apic2=-1 pin2=-1
[STDERR  ] 2017-08-19T20:17:36.052253007Z: [    0.630000] smpboot: CPU0: AMD QEMU Virtual CPU version 2.5+ (family: 0x6, model: 0x6, stepping: 0x3)
[STDERR  ] 2017-08-19T20:17:36.052262229Z: [    0.630000] Performance Events: Broken PMU hardware detected, using software events only.
[STDERR  ] 2017-08-19T20:17:36.052270284Z: [    0.630000] Failed to access perfctr msr (MSR c0010007 is 0)
[STDERR  ] 2017-08-19T20:17:36.052278541Z: [    0.640983] x86: Booted up 1 node, 1 CPUs
[STDERR  ] 2017-08-19T20:17:36.052287115Z: [    0.641296] smpboot: Total of 1 processors activated (5199.77 BogoMIPS)
[STDERR  ] 2017-08-19T20:17:36.052296305Z: [    0.645678] NMI watchdog: disabled (cpu0): hardware events not enabled
[STDERR  ] 2017-08-19T20:17:36.052304619Z: [    0.646177] NMI watchdog: Shutting down hard lockup detector on all cpus
[STDERR  ] 2017-08-19T20:17:36.052318565Z: [    0.663952] devtmpfs: initialized
[STDERR  ] 2017-08-19T20:17:36.052330354Z: [    0.755001] clocksource: jiffies: mask: 0xffffffff max_cycles: 0xffffffff, max_idle_ns: 19112604462750000 ns
[STDERR  ] 2017-08-19T20:17:36.052338498Z: [    0.755781] futex hash table entries: 256 (order: 2, 16384 bytes)
[STDERR  ] 2017-08-19T20:17:36.052346199Z: [    0.772055] NET: Registered protocol family 16
[STDERR  ] 2017-08-19T20:17:36.052354085Z: [    0.783913] cpuidle: using governor ladder
[STDERR  ] 2017-08-19T20:17:36.052361739Z: [    0.784466] cpuidle: using governor menu
[STDERR  ] 2017-08-19T20:17:36.052369595Z: [    0.786404] ACPI: bus type PCI registered
[STDERR  ] 2017-08-19T20:17:36.052376839Z: [    0.790830] PCI: MMCONFIG for domain 0000 [bus 00-ff] at [mem 0xb0000000-0xbfffffff] (base 0xb0000000)
[STDERR  ] 2017-08-19T20:17:36.052385099Z: [    0.791682] PCI: MMCONFIG at [mem 0xb0000000-0xbfffffff] reserved in E820
[STDERR  ] 2017-08-19T20:17:36.052399919Z: [    0.793093] PCI: Using configuration type 1 for base access
[STDERR  ] 2017-08-19T20:17:36.052407903Z: [    0.879129] ACPI: Added _OSI(Module Device)
[STDERR  ] 2017-08-19T20:17:36.052415344Z: [    0.879651] ACPI: Added _OSI(Processor Device)
[STDERR  ] 2017-08-19T20:17:36.052427996Z: [    0.880081] ACPI: Added _OSI(3.0 _SCP Extensions)
[STDERR  ] 2017-08-19T20:17:36.052435922Z: [    0.880388] ACPI: Added _OSI(Processor Aggregator Device)
[STDERR  ] 2017-08-19T20:17:36.052443463Z: [    0.984013] ACPI: Interpreter enabled
[STDERR  ] 2017-08-19T20:17:36.052451477Z: [    0.984915] ACPI: (supports S0 S5)
[STDERR  ] 2017-08-19T20:17:36.052459378Z: [    0.985247] ACPI: Using IOAPIC for interrupt routing
[STDERR  ] 2017-08-19T20:17:36.052479254Z: [    0.987800] PCI: Using host bridge windows from ACPI; if necessary, use "pci=nocrs" and report a bug
[STDERR  ] 2017-08-19T20:17:36.052491607Z: [    1.050470] ACPI: PCI Root Bridge [PCI0] (domain 0000 [bus 00-ff])
[STDERR  ] 2017-08-19T20:17:36.052499777Z: [    1.051607] acpi PNP0A08:00: _OSC: OS supports [ExtendedConfig ASPM ClockPM Segments MSI]
[STDERR  ] 2017-08-19T20:17:36.05250748Z: [    1.057972] acpi PNP0A08:00: _OSC: OS now controls [PCIeHotplug PME PCIeCapability]
[STDERR  ] 2017-08-19T20:17:36.052515531Z: [    1.062178] PCI host bridge to bus 0000:00
[STDERR  ] 2017-08-19T20:17:36.052523856Z: [    1.062682] pci_bus 0000:00: root bus resource [io  0x0000-0x0cf7 window]
[STDERR  ] 2017-08-19T20:17:36.052532381Z: [    1.063102] pci_bus 0000:00: root bus resource [io  0x0d00-0xffff window]
[STDERR  ] 2017-08-19T20:17:36.052541869Z: [    1.063486] pci_bus 0000:00: root bus resource [mem 0x000a0000-0x000bffff window]
[STDERR  ] 2017-08-19T20:17:36.052549952Z: [    1.063956] pci_bus 0000:00: root bus resource [mem 0xc0000000-0xfebfffff window]
[STDERR  ] 2017-08-19T20:17:36.052558866Z: [    1.064554] pci_bus 0000:00: root bus resource [bus 00-ff]
[STDERR  ] 2017-08-19T20:17:36.052567459Z: [    1.211781] pci 0000:00:1f.0: quirk: [io  0x0600-0x067f] claimed by ICH6 ACPI/GPIO/TCO
[STDERR  ] 2017-08-19T20:17:36.052578265Z: [    1.290689] ACPI: PCI Interrupt Link [LNKA] (IRQs 5 *10 11)
[STDERR  ] 2017-08-19T20:17:36.05258631Z: [    1.293318] ACPI: PCI Interrupt Link [LNKB] (IRQs 5 *10 11)
[STDERR  ] 2017-08-19T20:17:36.052593594Z: [    1.295431] ACPI: PCI Interrupt Link [LNKC] (IRQs 5 10 *11)
[STDERR  ] 2017-08-19T20:17:36.052600933Z: [    1.297119] ACPI: PCI Interrupt Link [LNKD] (IRQs 5 10 *11)
[STDERR  ] 2017-08-19T20:17:36.052608127Z: [    1.299168] ACPI: PCI Interrupt Link [LNKE] (IRQs 5 *10 11)
[STDERR  ] 2017-08-19T20:17:36.052616278Z: [    1.301543] ACPI: PCI Interrupt Link [LNKF] (IRQs 5 *10 11)
[STDERR  ] 2017-08-19T20:17:36.052624442Z: [    1.303202] ACPI: PCI Interrupt Link [LNKG] (IRQs 5 10 *11)
[STDERR  ] 2017-08-19T20:17:36.052632467Z: [    1.304826] ACPI: PCI Interrupt Link [LNKH] (IRQs 5 10 *11)
[STDERR  ] 2017-08-19T20:17:36.052640452Z: [    1.305723] ACPI: PCI Interrupt Link [GSIA] (IRQs *16)
[STDERR  ] 2017-08-19T20:17:36.05265281Z: [    1.306397] ACPI: PCI Interrupt Link [GSIB] (IRQs *17)
[STDERR  ] 2017-08-19T20:17:36.052660913Z: [    1.307028] ACPI: PCI Interrupt Link [GSIC] (IRQs *18)
[STDERR  ] 2017-08-19T20:17:36.052668403Z: [    1.307682] ACPI: PCI Interrupt Link [GSID] (IRQs *19)
[STDERR  ] 2017-08-19T20:17:36.052682468Z: [    1.308316] ACPI: PCI Interrupt Link [GSIE] (IRQs *20)
[STDERR  ] 2017-08-19T20:17:36.052689807Z: [    1.308954] ACPI: PCI Interrupt Link [GSIF] (IRQs *21)
[STDERR  ] 2017-08-19T20:17:36.052698205Z: [    1.309601] ACPI: PCI Interrupt Link [GSIG] (IRQs *22)
[STDERR  ] 2017-08-19T20:17:36.052706202Z: [    1.310719] ACPI: PCI Interrupt Link [GSIH] (IRQs *23)
[STDERR  ] 2017-08-19T20:17:36.052714608Z: [    1.315240] ACPI: Enabled 2 GPEs in block 00 to 3F
[STDERR  ] 2017-08-19T20:17:36.052722793Z: [    1.319402] SCSI subsystem initialized
[STDERR  ] 2017-08-19T20:17:36.052731576Z: [    1.321552] ACPI: bus type USB registered
[STDERR  ] 2017-08-19T20:17:36.052739422Z: [    1.322721] usbcore: registered new interface driver usbfs
[STDERR  ] 2017-08-19T20:17:36.052747337Z: [    1.323636] usbcore: registered new interface driver hub
[STDERR  ] 2017-08-19T20:17:36.052754826Z: [    1.324540] usbcore: registered new device driver usb
[STDERR  ] 2017-08-19T20:17:36.052762291Z: [    1.325754] pps_core: LinuxPPS API ver. 1 registered
[STDERR  ] 2017-08-19T20:17:36.052775354Z: [    1.326074] pps_core: Software ver. 5.3.6 - Copyright 2005-2007 Rodolfo Giometti <giometti@linux.it>
[STDERR  ] 2017-08-19T20:17:36.052785005Z: [    1.326849] PTP clock support registered
[STDERR  ] 2017-08-19T20:17:36.052793546Z: [    1.328080] wmi: Mapper loaded
[STDERR  ] 2017-08-19T20:17:36.052801815Z: [    1.329252] PCI: Using ACPI for IRQ routing
[STDERR  ] 2017-08-19T20:17:36.052809809Z: [    1.348809] NetLabel: Initializing
[STDERR  ] 2017-08-19T20:17:36.052818437Z: [    1.349067] NetLabel:  domain hash size = 128
[STDERR  ] 2017-08-19T20:17:36.052826673Z: [    1.349363] NetLabel:  protocols = UNLABELED CIPSOv4
[STDERR  ] 2017-08-19T20:17:36.052834968Z: [    1.351949] NetLabel:  unlabeled traffic allowed by default
[STDERR  ] 2017-08-19T20:17:36.052843528Z: [    1.353178] HPET: 3 timers in total, 0 timers will be used for per-cpu timer
[STDERR  ] 2017-08-19T20:17:36.052852051Z: [    1.354020] hpet0: at MMIO 0xfed00000, IRQs 2, 8, 0
[STDERR  ] 2017-08-19T20:17:36.052860487Z: [    1.354516] hpet0: 3 comparators, 64-bit 100.000000 MHz counter
[STDERR  ] 2017-08-19T20:17:36.052868688Z: [    1.360295] amd_nb: Cannot enumerate AMD northbridges
[STDERR  ] 2017-08-19T20:17:36.052876699Z: [    1.361482] clocksource: Switched to clocksource hpet
[STDERR  ] 2017-08-19T20:17:36.052885126Z: [    1.566867] FS-Cache: Loaded
[STDERR  ] 2017-08-19T20:17:36.052899838Z: [    1.572297] CacheFiles: Loaded
[STDERR  ] 2017-08-19T20:17:36.052908653Z: [    1.575222] pnp: PnP ACPI init
[STDERR  ] 2017-08-19T20:17:36.052918046Z: [    1.586905] pnp: PnP ACPI: found 5 devices
[STDERR  ] 2017-08-19T20:17:36.052933929Z: [    1.632458] clocksource: acpi_pm: mask: 0xffffff max_cycles: 0xffffff, max_idle_ns: 2085701024 ns
[STDERR  ] 2017-08-19T20:17:36.052942645Z: [    1.635339] NET: Registered protocol family 2
[STDERR  ] 2017-08-19T20:17:36.052950985Z: [    1.643223] TCP established hash table entries: 8192 (order: 4, 65536 bytes)
[STDERR  ] 2017-08-19T20:17:36.052959474Z: [    1.644066] TCP bind hash table entries: 8192 (order: 5, 131072 bytes)
[STDERR  ] 2017-08-19T20:17:36.052967534Z: [    1.644731] TCP: Hash tables configured (established 8192 bind 8192)
[STDERR  ] 2017-08-19T20:17:36.052975553Z: [    1.646272] UDP hash table entries: 512 (order: 2, 16384 bytes)
[STDERR  ] 2017-08-19T20:17:36.052983891Z: [    1.646860] UDP-Lite hash table entries: 512 (order: 2, 16384 bytes)
[STDERR  ] 2017-08-19T20:17:36.052994373Z: [    1.649314] NET: Registered protocol family 1
[STDERR  ] 2017-08-19T20:17:36.053010005Z: [    1.657161] Unpacking initramfs...
[STDERR  ] 2017-08-19T20:17:36.05301786Z: [    4.448153] Freeing initrd memory: 18200K
[STDERR  ] 2017-08-19T20:17:36.053032282Z: [    4.470996] PCLMULQDQ-NI instructions are not detected.
[STDERR  ] 2017-08-19T20:17:36.053040471Z: [    4.472541] AVX or AES-NI instructions are not detected.
[STDERR  ] 2017-08-19T20:17:36.053055626Z: [    4.473087] CPU feature 'AVX registers' is not supported.
[STDERR  ] 2017-08-19T20:17:36.053063438Z: [    4.473500] CPU feature 'AVX registers' is not supported.
[STDERR  ] 2017-08-19T20:17:36.05307123Z: [    4.473902] CPU feature 'AVX registers' is not supported.
[STDERR  ] 2017-08-19T20:17:36.053078987Z: [    4.474276] CPU feature 'AVX registers' is not supported.
[STDERR  ] 2017-08-19T20:17:36.05308898Z: [    4.474703] AVX2 or AES-NI instructions are not detected.
[STDERR  ] 2017-08-19T20:17:36.053096954Z: [    4.475113] AVX2 instructions are not detected.
[STDERR  ] 2017-08-19T20:17:36.053105191Z: [    4.482085] audit: initializing netlink subsys (disabled)
[STDERR  ] 2017-08-19T20:17:36.053113263Z: [    4.483862] audit: type=2000 audit(1503173818.480:1): initialized
[STDERR  ] 2017-08-19T20:17:36.053121115Z: [    4.491796] HugeTLB registered 2 MB page size, pre-allocated 0 pages
[STDERR  ] 2017-08-19T20:17:36.053129929Z: [    4.495751] VFS: Disk quotas dquot_6.6.0
[STDERR  ] 2017-08-19T20:17:36.053137851Z: [    4.496444] VFS: Dquot-cache hash table entries: 512 (order 0, 4096 bytes)
[STDERR  ] 2017-08-19T20:17:36.053150318Z: [    4.503208] FS-Cache: Netfs 'cifs' registered for caching
[STDERR  ] 2017-08-19T20:17:36.05315834Z: [    4.504213] fuse init (API version 7.23)
[STDERR  ] 2017-08-19T20:17:36.05316633Z: [    4.506518] SGI XFS with ACLs, security attributes, no debug enabled
[STDERR  ] 2017-08-19T20:17:36.053174192Z: [    4.509215] 9p: Installing v9fs 9p2000 file system support
[STDERR  ] 2017-08-19T20:17:36.053182474Z: [    4.509681] FS-Cache: Netfs '9p' registered for caching
[STDERR  ] 2017-08-19T20:17:36.053190391Z: [    4.512679] Key type big_key registered
[STDERR  ] 2017-08-19T20:17:36.05319817Z: [    4.542139] NET: Registered protocol family 38
[STDERR  ] 2017-08-19T20:17:36.053205942Z: [    4.542749] Key type asymmetric registered
[STDERR  ] 2017-08-19T20:17:36.053213673Z: [    4.543084] Asymmetric key parser 'x509' registered
[STDERR  ] 2017-08-19T20:17:36.053221701Z: [    4.544076] Block layer SCSI generic (bsg) driver version 0.4 loaded (major 251)
[STDERR  ] 2017-08-19T20:17:36.053229536Z: [    4.545745] io scheduler noop registered
[STDERR  ] 2017-08-19T20:17:36.053237293Z: [    4.545992] io scheduler deadline registered (default)
[STDERR  ] 2017-08-19T20:17:36.053245064Z: [    4.546716] io scheduler cfq registered
[STDERR  ] 2017-08-19T20:17:36.053253227Z: [    4.549439] pci_hotplug: PCI Hot Plug PCI Core version: 0.5
[STDERR  ] 2017-08-19T20:17:36.053261373Z: [    4.551161] pciehp: PCI Express Hot Plug Controller Driver version: 0.4
[STDERR  ] 2017-08-19T20:17:36.053276054Z: [    4.552049] shpchp: Standard Hot Plug PCI Controller Driver version: 0.4
[STDERR  ] 2017-08-19T20:17:36.053283904Z: [    4.552900] hv_vmbus: registering driver hyperv_fb
[STDERR  ] 2017-08-19T20:17:36.053291641Z: [    4.559062] input: Power Button as /devices/LNXSYSTM:00/LNXPWRBN:00/input/input0
[STDERR  ] 2017-08-19T20:17:36.053299498Z: [    4.560914] ACPI: Power Button [PWRF]
[STDERR  ] 2017-08-19T20:17:36.053307307Z: [    4.565887] GHES: HEST is not enabled!
[STDERR  ] 2017-08-19T20:17:36.053315109Z: [    4.578916] ACPI: PCI Interrupt Link [GSIG] enabled at IRQ 22
[STDERR  ] 2017-08-19T20:17:36.053322932Z: [    4.594166] ACPI: PCI Interrupt Link [GSIH] enabled at IRQ 23
[STDERR  ] 2017-08-19T20:17:36.053331212Z: [    4.600008] xenfs: not registering filesystem on non-xen platform
[STDERR  ] 2017-08-19T20:17:36.053339336Z: [    4.603557] Serial: 8250/16550 driver, 4 ports, IRQ sharing disabled
[STDERR  ] 2017-08-19T20:17:36.053348564Z: [    4.627875] 00:04: ttyS0 at I/O 0x3f8 (irq = 4, base_baud = 115200) is a 16550A
[STDERR  ] 2017-08-19T20:17:36.053356522Z: [    4.639878] Non-volatile memory driver v1.3
[STDERR  ] 2017-08-19T20:17:36.053364384Z: [    4.648473] Hangcheck: starting hangcheck timer 0.9.1 (tick is 180 seconds, margin is 60 seconds).
[STDERR  ] 2017-08-19T20:17:36.053376848Z: [    4.686540] loop: module loaded
[STDERR  ] 2017-08-19T20:17:36.053398557Z: [    4.699124] nbd: registered device at major 43
[STDERR  ] 2017-08-19T20:17:36.05340653Z: [    4.739357] lpc_ich 0000:00:1f.0: I/O space for GPIO uninitialized
[STDERR  ] 2017-08-19T20:17:36.05342017Z: [    4.741881] VMware PVSCSI driver - version 1.0.5.0-k
[STDERR  ] 2017-08-19T20:17:36.053428187Z: [    4.742796] hv_vmbus: registering driver hv_storvsc
[STDERR  ] 2017-08-19T20:17:36.05343589Z: [    4.753152] ACPI: PCI Interrupt Link [GSIA] enabled at IRQ 16
[STDERR  ] 2017-08-19T20:17:36.053443718Z: [    4.759100] ahci 0000:00:1f.2: AHCI 0001.0000 32 slots 6 ports 1.5 Gbps 0x3f impl SATA mode
[STDERR  ] 2017-08-19T20:17:36.053451895Z: [    4.759818] ahci 0000:00:1f.2: flags: 64bit ncq only 
[STDERR  ] 2017-08-19T20:17:36.053459611Z: [    4.779104] scsi host0: ahci
[STDERR  ] 2017-08-19T20:17:36.053467648Z: [    4.783533] scsi host1: ahci
[STDERR  ] 2017-08-19T20:17:36.053475709Z: [    4.785863] scsi host2: ahci
[STDERR  ] 2017-08-19T20:17:36.053485641Z: [    4.787926] scsi host3: ahci
[STDERR  ] 2017-08-19T20:17:36.053493832Z: [    4.790077] scsi host4: ahci
[STDERR  ] 2017-08-19T20:17:36.053501613Z: [    4.792432] scsi host5: ahci
[STDERR  ] 2017-08-19T20:17:36.053513516Z: [    4.794230] ata1: SATA max UDMA/133 abar m4096@0xfebd2000 port 0xfebd2100 irq 24
[STDERR  ] 2017-08-19T20:17:36.053521626Z: [    4.794754] ata2: SATA max UDMA/133 abar m4096@0xfebd2000 port 0xfebd2180 irq 24
[STDERR  ] 2017-08-19T20:17:36.053529805Z: [    4.795185] ata3: SATA max UDMA/133 abar m4096@0xfebd2000 port 0xfebd2200 irq 24
[STDERR  ] 2017-08-19T20:17:36.053537785Z: [    4.795629] ata4: SATA max UDMA/133 abar m4096@0xfebd2000 port 0xfebd2280 irq 24
[STDERR  ] 2017-08-19T20:17:36.053545422Z: [    4.796049] ata5: SATA max UDMA/133 abar m4096@0xfebd2000 port 0xfebd2300 irq 24
[STDERR  ] 2017-08-19T20:17:36.053553186Z: [    4.796469] ata6: SATA max UDMA/133 abar m4096@0xfebd2000 port 0xfebd2380 irq 24
[STDERR  ] 2017-08-19T20:17:36.053563355Z: [    4.807919] tun: Universal TUN/TAP device driver, 1.6
[STDERR  ] 2017-08-19T20:17:36.053571491Z: [    4.808294] tun: (C) 1999-2004 Max Krasnyansky <maxk@qualcomm.com>
[STDERR  ] 2017-08-19T20:17:36.053579581Z: [    4.819537] VMware vmxnet3 virtual NIC driver - version 1.4.5.0-k-NAPI
[STDERR  ] 2017-08-19T20:17:36.053587348Z: [    4.821202] hv_vmbus: registering driver hv_netvsc
[STDERR  ] 2017-08-19T20:17:36.053595167Z: [    4.821605] Fusion MPT base driver 3.04.20
[STDERR  ] 2017-08-19T20:17:36.053602981Z: [    4.821881] Copyright (c) 1999-2008 LSI Corporation
[STDERR  ] 2017-08-19T20:17:36.053610722Z: [    4.822505] Fusion MPT SPI Host driver 3.04.20
[STDERR  ] 2017-08-19T20:17:36.053622739Z: [    4.824536] i8042: PNP: PS/2 Controller [PNP0303:KBD,PNP0f13:MOU] at 0x60,0x64 irq 1,12
[STDERR  ] 2017-08-19T20:17:36.053630808Z: [    4.828581] serio: i8042 KBD port at 0x60,0x64 irq 1
[STDERR  ] 2017-08-19T20:17:36.053638955Z: [    4.829310] serio: i8042 AUX port at 0x60,0x64 irq 12
[STDERR  ] 2017-08-19T20:17:36.053646996Z: [    4.832755] hv_vmbus: registering driver hyperv_keyboard
[STDERR  ] 2017-08-19T20:17:36.053654618Z: [    4.834873] mousedev: PS/2 mouse device common for all mice
[STDERR  ] 2017-08-19T20:17:36.053664758Z: [    4.839832] input: AT Translated Set 2 keyboard as /devices/platform/i8042/serio0/input/input1
[STDERR  ] 2017-08-19T20:17:36.053672812Z: [    4.842258] input: PC Speaker as /devices/platform/pcspkr/input/input2
[STDERR  ] 2017-08-19T20:17:36.053680497Z: [    4.846981] rtc_cmos 00:00: RTC can wake from S4
[STDERR  ] 2017-08-19T20:17:36.053688461Z: [    4.850808] rtc_cmos 00:00: rtc core: registered rtc_cmos as rtc0
[STDERR  ] 2017-08-19T20:17:36.053696308Z: [    4.852054] rtc_cmos 00:00: alarms up to one day, y3k, 114 bytes nvram, hpet irqs
[STDERR  ] 2017-08-19T20:17:36.053704147Z: [    4.852767] i2c /dev entries driver
[STDERR  ] 2017-08-19T20:17:36.053717963Z: [    4.854647] device-mapper: ioctl: 4.34.0-ioctl (2015-10-28) initialised: dm-devel@redhat.com
[STDERR  ] 2017-08-19T20:17:36.053730832Z: [    4.859743] usbcore: registered new interface driver usbhid
[STDERR  ] 2017-08-19T20:17:36.053738869Z: [    4.859993] usbhid: USB HID core driver
[STDERR  ] 2017-08-19T20:17:36.05374667Z: [    4.861153] hv_utils: Registering HyperV Utility Driver
[STDERR  ] 2017-08-19T20:17:36.053754462Z: [    4.861569] hv_vmbus: registering driver hv_util
[STDERR  ] 2017-08-19T20:17:36.053762247Z: [    4.861858] hv_vmbus: registering driver hv_balloon
[STDERR  ] 2017-08-19T20:17:36.053770188Z: [    4.862382] oprofile: using NMI interrupt.
[STDERR  ] 2017-08-19T20:17:36.053778024Z: [    4.863504] GACT probability on
[STDERR  ] 2017-08-19T20:17:36.053790107Z: [    4.863978] Mirror/redirect action on
[STDERR  ] 2017-08-19T20:17:36.053798496Z: [    4.864478] Simple TC action Loaded
[STDERR  ] 2017-08-19T20:17:36.053806343Z: [    4.864831] u32 classifier
[STDERR  ] 2017-08-19T20:17:36.053814045Z: [    4.865065]     Performance counters on
[STDERR  ] 2017-08-19T20:17:36.053822Z: [    4.865314]     input device check on
[STDERR  ] 2017-08-19T20:17:36.053831693Z: [    4.865517]     Actions configured
[STDERR  ] 2017-08-19T20:17:36.0538482Z: [    4.866324] Netfilter messages via NETLINK v0.30.
[STDERR  ] 2017-08-19T20:17:36.053861648Z: [    4.866941] nfnl_acct: registering with nfnetlink.
[STDERR  ] 2017-08-19T20:17:36.053869635Z: [    4.868320] nf_conntrack version 0.5.0 (7922 buckets, 31688 max)
[STDERR  ] 2017-08-19T20:17:36.053877702Z: [    4.872358] ctnetlink v0.93: registering with nfnetlink.
[STDERR  ] 2017-08-19T20:17:36.053892575Z: [    4.875699] nf_tables: (c) 2007-2009 Patrick McHardy <kaber@trash.net>
[STDERR  ] 2017-08-19T20:17:36.053901026Z: [    4.876622] nf_tables_compat: (c) 2012 Pablo Neira Ayuso <pablo@netfilter.org>
[STDERR  ] 2017-08-19T20:17:36.053909642Z: [    4.879907] xt_time: kernel timezone is -0000
[STDERR  ] 2017-08-19T20:17:36.053917601Z: [    4.880855] ip_set: protocol 6
[STDERR  ] 2017-08-19T20:17:36.053925521Z: [    4.881660] IPVS: Registered protocols (TCP, UDP, SCTP, AH, ESP)
[STDERR  ] 2017-08-19T20:17:36.053933314Z: [    4.882318] IPVS: Connection hash table configured (size=4096, memory=64Kbytes)
[STDERR  ] 2017-08-19T20:17:36.053941183Z: [    4.884065] IPVS: Creating netns size=2096 id=0
[STDERR  ] 2017-08-19T20:17:36.053949422Z: [    4.886466] IPVS: ipvs loaded.
[STDERR  ] 2017-08-19T20:17:36.053959139Z: [    4.886864] IPVS: [rr] scheduler registered.
[STDERR  ] 2017-08-19T20:17:36.053966968Z: [    4.887207] IPVS: [wrr] scheduler registered.
[STDERR  ] 2017-08-19T20:17:36.053974635Z: [    4.887512] IPVS: [lc] scheduler registered.
[STDERR  ] 2017-08-19T20:17:36.053982332Z: [    4.887780] IPVS: [wlc] scheduler registered.
[STDERR  ] 2017-08-19T20:17:36.053990136Z: [    4.888101] IPVS: [fo] scheduler registered.
[STDERR  ] 2017-08-19T20:17:36.053997848Z: [    4.888393] IPVS: [ovf] scheduler registered.
[STDERR  ] 2017-08-19T20:17:36.054005726Z: [    4.888815] IPVS: [lblc] scheduler registered.
[STDERR  ] 2017-08-19T20:17:36.054013559Z: [    4.889358] IPVS: [lblcr] scheduler registered.
[STDERR  ] 2017-08-19T20:17:36.054021753Z: [    4.889698] IPVS: [dh] scheduler registered.
[STDERR  ] 2017-08-19T20:17:36.054029977Z: [    4.889987] IPVS: [sh] scheduler registered.
[STDERR  ] 2017-08-19T20:17:36.054047832Z: [    4.890666] IPVS: [sed] scheduler registered.
[STDERR  ] 2017-08-19T20:17:36.054055574Z: [    4.890948] IPVS: [nq] scheduler registered.
[STDERR  ] 2017-08-19T20:17:36.054063379Z: [    4.891720] IPVS: ftp: loaded support on port[0] = 21
[STDERR  ] 2017-08-19T20:17:36.054071247Z: [    4.892517] ipip: IPv4 over IPv4 tunneling driver
[STDERR  ] 2017-08-19T20:17:36.054079083Z: [    4.896636] gre: GRE over IPv4 demultiplexor driver
[STDERR  ] 2017-08-19T20:17:36.054086776Z: [    4.899835] ip_tables: (C) 2000-2006 Netfilter Core Team
[STDERR  ] 2017-08-19T20:17:36.054094533Z: [    4.903496] ipt_CLUSTERIP: ClusterIP Version 0.8 loaded successfully
[STDERR  ] 2017-08-19T20:17:36.054103638Z: [    4.904285] arp_tables: (C) 2002 David S. Miller
[STDERR  ] 2017-08-19T20:17:36.054115486Z: [    4.906983] NET: Registered protocol family 10
[STDERR  ] 2017-08-19T20:17:36.054123305Z: [    4.916396] ip6_tables: (C) 2000-2006 Netfilter Core Team
[STDERR  ] 2017-08-19T20:17:36.054131214Z: [    4.921655] NET: Registered protocol family 17
[STDERR  ] 2017-08-19T20:17:36.054139044Z: [    4.922683] bridge: automatic filtering via arp/ip/ip6tables has been deprecated. Update your scripts to load br_netfilter if you need this.
[STDERR  ] 2017-08-19T20:17:36.054147684Z: [    4.924084] Bridge firewalling registered
[STDERR  ] 2017-08-19T20:17:36.054155335Z: [    4.924787] Ebtables v2.0 registered
[STDERR  ] 2017-08-19T20:17:36.054162972Z: [    4.927271] 8021q: 802.1Q VLAN Support v1.8
[STDERR  ] 2017-08-19T20:17:36.054170714Z: [    4.928845] 9pnet: Installing 9P2000 support
[STDERR  ] 2017-08-19T20:17:36.054178564Z: [    4.931044] Key type dns_resolver registered
[STDERR  ] 2017-08-19T20:17:36.054186416Z: [    4.931816] hv_sock: failed to load: VMBus 4 or later is required
[STDERR  ] 2017-08-19T20:17:36.054194428Z: [    4.932428] microcode: AMD CPU family 0x6 not supported
[STDERR  ] 2017-08-19T20:17:36.054203158Z: [    4.936387] registered taskstats version 1
[STDERR  ] 2017-08-19T20:17:36.054211349Z: [    5.084058] Key type encrypted registered
[STDERR  ] 2017-08-19T20:17:36.054223152Z: [    5.091318] rtc_cmos 00:00: setting system clock to 2017-08-19 20:16:59 UTC (1503173819)
[STDERR  ] 2017-08-19T20:17:36.054231546Z: [    5.151192] ata2: SATA link down (SStatus 0 SControl 300)
[STDERR  ] 2017-08-19T20:17:36.054239853Z: [    5.154170] ata3: SATA link up 1.5 Gbps (SStatus 113 SControl 300)
[STDERR  ] 2017-08-19T20:17:36.054249Z: [    5.158670] ata3.00: ATAPI: QEMU DVD-ROM, 2.5+, max UDMA/100
[STDERR  ] 2017-08-19T20:17:36.0542569Z: [    5.159235] ata3.00: applying bridge limits
[STDERR  ] 2017-08-19T20:17:36.054265021Z: [    5.160933] ata5: SATA link down (SStatus 0 SControl 300)
[STDERR  ] 2017-08-19T20:17:36.054272921Z: [    5.161532] ata1: SATA link down (SStatus 0 SControl 300)
[STDERR  ] 2017-08-19T20:17:36.054280913Z: [    5.162345] ata4: SATA link down (SStatus 0 SControl 300)
[STDERR  ] 2017-08-19T20:17:36.054297529Z: [    5.162869] ata6: SATA link down (SStatus 0 SControl 300)
[STDERR  ] 2017-08-19T20:17:36.054305316Z: [    5.164165] ata3.00: configured for UDMA/100
[STDERR  ] 2017-08-19T20:17:36.054312734Z: [    5.177278] scsi 2:0:0:0: CD-ROM            QEMU     QEMU DVD-ROM     2.5+ PQ: 0 ANSI: 5
[STDERR  ] 2017-08-19T20:17:36.054320947Z: [    5.193205] sr 2:0:0:0: [sr0] scsi3-mmc drive: 4x/4x cd/rw xa/form2 tray
[STDERR  ] 2017-08-19T20:17:36.05433032Z: [    5.193968] cdrom: Uniform CD-ROM driver Revision: 3.20
[STDERR  ] 2017-08-19T20:17:36.054337256Z: [    5.201738] sr 2:0:0:0: Attached scsi generic sg0 type 5
[STDERR  ] 2017-08-19T20:17:36.054342994Z: [    5.326408] Freeing unused kernel memory: 1296K
[STDERR  ] 2017-08-19T20:17:36.054348663Z: [    5.326814] Write protecting the kernel read-only data: 12288k
[STDERR  ] 2017-08-19T20:17:36.054354225Z: [    5.336717] Freeing unused kernel memory: 584K
[STDERR  ] 2017-08-19T20:17:36.054359718Z: [    5.452892] Freeing unused kernel memory: 1400K
[STDERR  ] 2017-08-19T20:17:36.054371415Z: [    5.453860] tsc: Refined TSC clocksource calibration: 2599.894 MHz
[STDERR  ] 2017-08-19T20:17:36.054377399Z: [    5.454353] clocksource: tsc: mask: 0xffffffffffffffff max_cycles: 0x2579d811fe9, max_idle_ns: 440795227018 ns
[STDERR  ] 2017-08-19T20:17:36.054383452Z: [    6.461733] clocksource: Switched to clocksource tsc
[STDERR  ] 2017-08-19T20:17:36.054388927Z: 
[STDERR  ] 2017-08-19T20:17:36.054400086Z: Welcome to LinuxKit
[STDERR  ] 2017-08-19T20:17:36.05440583Z: 
[STDERR  ] 2017-08-19T20:17:36.05441149Z:                         ##         .
[STDERR  ] 2017-08-19T20:17:36.054417383Z:                   ## ## ##        ==
[STDERR  ] 2017-08-19T20:17:36.054422981Z:                ## ## ## ## ##    ===
[STDERR  ] 2017-08-19T20:17:36.054428281Z:            /"""""""""""""""""\___/ ===
[STDERR  ] 2017-08-19T20:17:36.054437695Z:           {                       /  ===-
[STDERR  ] 2017-08-19T20:17:36.054443555Z:            \______ O           __/
[STDERR  ] 2017-08-19T20:17:36.054449208Z:              \    \         __/
[STDERR  ] 2017-08-19T20:17:36.054454631Z:               \____\_______/
[STDERR  ] 2017-08-19T20:17:36.054460018Z: 
[STDERR  ] 2017-08-19T20:17:36.054465476Z: starting kernel config sanity test with /proc/config.gz
[STDERR  ] 2017-08-19T20:17:36.05447612Z: [   18.712844] RPC: Registered named UNIX socket transport module.
[STDERR  ] 2017-08-19T20:17:36.054481608Z: [   18.713363] RPC: Registered udp transport module.
[STDERR  ] 2017-08-19T20:17:36.054492114Z: [   18.713678] RPC: Registered tcp transport module.
[STDERR  ] 2017-08-19T20:17:36.054497603Z: [   18.713968] RPC: Registered tcp NFSv4.1 backchannel transport module.
[STDERR  ] 2017-08-19T20:17:36.054503874Z: [   18.806183] FS-Cache: Netfs 'nfs' registered for caching
[STDERR  ] 2017-08-19T20:17:36.054509322Z: [   18.905942] Installing knfsd (copyright (C) 1996 okir@monad.swb.de).
[STDERR  ] 2017-08-19T20:17:36.054514941Z: [   18.962000] ntfs: driver 2.1.32 [Flags: R/O MODULE].
[STDERR  ] 2017-08-19T20:17:36.054520321Z: kernel config test succeeded!
[STDERR  ] 2017-08-19T20:17:36.054528295Z: [37minfo: reading kernel config from /proc/config.gz ...[m
[STDERR  ] 2017-08-19T20:17:36.054537972Z: 
[STDERR  ] 2017-08-19T20:17:36.054543676Z: Generally Necessary:
[STDERR  ] 2017-08-19T20:17:36.054559932Z: - [37mcgroup hierarchy[m: [32mproperly mounted[m [/sys/fs/cgroup]
[STDERR  ] 2017-08-19T20:17:36.054565389Z: - [37mCONFIG_NAMESPACES[m: [32menabled[m
[STDERR  ] 2017-08-19T20:17:36.054570933Z: - [37mCONFIG_NET_NS[m: [32menabled[m
[STDERR  ] 2017-08-19T20:17:36.054576281Z: - [37mCONFIG_PID_NS[m: [32menabled[m
[STDERR  ] 2017-08-19T20:17:36.054581645Z: - [37mCONFIG_IPC_NS[m: [32menabled[m
[STDERR  ] 2017-08-19T20:17:36.054587007Z: - [37mCONFIG_UTS_NS[m: [32menabled[m
[STDERR  ] 2017-08-19T20:17:36.054592418Z: - [37mCONFIG_CGROUPS[m: [32menabled[m
[STDERR  ] 2017-08-19T20:17:36.054597808Z: - [37mCONFIG_CGROUP_CPUACCT[m: [32menabled[m
[STDERR  ] 2017-08-19T20:17:36.054604202Z: - [37mCONFIG_CGROUP_DEVICE[m: [32menabled[m
[STDERR  ] 2017-08-19T20:17:36.05460989Z: - [37mCONFIG_CGROUP_FREEZER[m: [32menabled[m
[STDERR  ] 2017-08-19T20:17:36.054615281Z: - [37mCONFIG_CGROUP_SCHED[m: [32menabled[m
[STDERR  ] 2017-08-19T20:17:36.054620779Z: - [37mCONFIG_CPUSETS[m: [32menabled[m
[STDERR  ] 2017-08-19T20:17:36.054626359Z: - [37mCONFIG_MEMCG[m: [32menabled[m
[STDERR  ] 2017-08-19T20:17:36.054631833Z: - [37mCONFIG_KEYS[m: [32menabled[m
[STDERR  ] 2017-08-19T20:17:36.054637193Z: - [37mCONFIG_VETH[m: [32menabled[m
[STDERR  ] 2017-08-19T20:17:36.05464957Z: - [37mCONFIG_BRIDGE[m: [32menabled[m
[STDERR  ] 2017-08-19T20:17:36.054654947Z: - [37mCONFIG_BRIDGE_NETFILTER[m: [32menabled[m
[STDERR  ] 2017-08-19T20:17:36.054660425Z: - [37mCONFIG_NF_NAT_IPV4[m: [32menabled[m
[STDERR  ] 2017-08-19T20:17:36.054665797Z: - [37mCONFIG_IP_NF_FILTER[m: [32menabled[m
[STDERR  ] 2017-08-19T20:17:36.05467113Z: - [37mCONFIG_IP_NF_TARGET_MASQUERADE[m: [32menabled[m
[STDERR  ] 2017-08-19T20:17:36.054676638Z: - [37mCONFIG_NETFILTER_XT_MATCH_ADDRTYPE[m: [32menabled[m
[STDERR  ] 2017-08-19T20:17:36.054682609Z: - [37mCONFIG_NETFILTER_XT_MATCH_CONNTRACK[m: [32menabled[m
[STDERR  ] 2017-08-19T20:17:36.054688038Z: - [37mCONFIG_NETFILTER_XT_MATCH_IPVS[m: [32menabled[m
[STDERR  ] 2017-08-19T20:17:36.054693755Z: - [37mCONFIG_IP_NF_NAT[m: [32menabled[m
[STDERR  ] 2017-08-19T20:17:36.054701818Z: - [37mCONFIG_NF_NAT[m: [32menabled[m
[STDERR  ] 2017-08-19T20:17:36.054716267Z: - [37mCONFIG_NF_NAT_NEEDED[m: [32menabled[m
[STDERR  ] 2017-08-19T20:17:36.054721768Z: - [37mCONFIG_POSIX_MQUEUE[m: [32menabled[m
[STDERR  ] 2017-08-19T20:17:36.054727153Z: - [37mCONFIG_DEVPTS_MULTIPLE_INSTANCES[m: [32menabled[m
[STDERR  ] 2017-08-19T20:17:36.054732583Z: 
[STDERR  ] 2017-08-19T20:17:36.054737992Z: Optional Features:
[STDERR  ] 2017-08-19T20:17:36.054747615Z: - [37mCONFIG_USER_NS[m: [32menabled[m
[STDERR  ] 2017-08-19T20:17:36.054753127Z: - [37mCONFIG_SECCOMP[m: [32menabled[m
[STDERR  ] 2017-08-19T20:17:36.054758587Z: - [37mCONFIG_CGROUP_PIDS[m: [32menabled[m
[STDERR  ] 2017-08-19T20:17:36.054764016Z: - [37mCONFIG_MEMCG_SWAP[m: [32menabled[m
[STDERR  ] 2017-08-19T20:17:36.054769442Z: - [37mCONFIG_MEMCG_SWAP_ENABLED[m: [32menabled[m
[STDERR  ] 2017-08-19T20:17:36.054774818Z:     [1;30m(cgroup swap accounting is currently enabled)[m
[STDERR  ] 2017-08-19T20:17:36.054780155Z: - [1mCONFIG_LEGACY_VSYSCALL_NONE[m: [1;31menabled[m
[STDERR  ] 2017-08-19T20:17:36.054785673Z:     [1;30m(containers using eglibc <= 2.13 will not work. Switch to[m
[STDERR  ] 2017-08-19T20:17:36.054793054Z:     [1;30m "CONFIG_VSYSCALL_[NATIVE|EMULATE]" or use "vsyscall=[native|emulate]"[m
[STDERR  ] 2017-08-19T20:17:36.054799088Z:     [1;30m on kernel command line. Note that this will disable ASLR for the,[m
[STDERR  ] 2017-08-19T20:17:36.054805241Z:     [1;30m VDSO which may assist in exploiting security vulnerabilities.)[m
[STDERR  ] 2017-08-19T20:17:36.054810744Z: - [37mCONFIG_MEMCG_KMEM[m: [32menabled[m
[STDERR  ] 2017-08-19T20:17:36.054816149Z: - [37mCONFIG_BLK_CGROUP[m: [32menabled[m
[STDERR  ] 2017-08-19T20:17:36.054824435Z: - [37mCONFIG_BLK_DEV_THROTTLING[m: [32menabled[m
[STDERR  ] 2017-08-19T20:17:36.054829933Z: - [37mCONFIG_IOSCHED_CFQ[m: [32menabled[m
[STDERR  ] 2017-08-19T20:17:36.054837942Z: - [37mCONFIG_CFQ_GROUP_IOSCHED[m: [32menabled[m
[STDERR  ] 2017-08-19T20:17:36.054843455Z: - [37mCONFIG_CGROUP_PERF[m: [32menabled[m
[STDERR  ] 2017-08-19T20:17:36.054849467Z: - [37mCONFIG_CGROUP_HUGETLB[m: [32menabled[m
[STDERR  ] 2017-08-19T20:17:36.054854807Z: - [37mCONFIG_NET_CLS_CGROUP[m: [32menabled[m
[STDERR  ] 2017-08-19T20:17:36.054860311Z: - [37mCONFIG_CGROUP_NET_PRIO[m: [32menabled[m
[STDERR  ] 2017-08-19T20:17:36.054865695Z: - [37mCONFIG_CFS_BANDWIDTH[m: [32menabled[m
[STDERR  ] 2017-08-19T20:17:36.054871336Z: - [37mCONFIG_FAIR_GROUP_SCHED[m: [32menabled[m
[STDERR  ] 2017-08-19T20:17:36.054876879Z: - [37mCONFIG_RT_GROUP_SCHED[m: [32menabled[m
[STDERR  ] 2017-08-19T20:17:36.054882532Z: - [37mCONFIG_IP_VS[m: [32menabled[m
[STDERR  ] 2017-08-19T20:17:36.054888113Z: - [37mCONFIG_IP_VS_NFCT[m: [32menabled[m
[STDERR  ] 2017-08-19T20:17:36.054900862Z: - [37mCONFIG_IP_VS_RR[m: [32menabled[m
[STDERR  ] 2017-08-19T20:17:36.054906316Z: - [37mCONFIG_EXT4_FS[m: [32menabled[m
[STDERR  ] 2017-08-19T20:17:36.054911747Z: - [37mCONFIG_EXT4_FS_POSIX_ACL[m: [32menabled[m
[STDERR  ] 2017-08-19T20:17:36.054917274Z: - [37mCONFIG_EXT4_FS_SECURITY[m: [32menabled[m
[STDERR  ] 2017-08-19T20:17:36.054922824Z: - Network Drivers:
[STDERR  ] 2017-08-19T20:17:36.054928755Z:   - "[34moverlay[m":
[STDERR  ] 2017-08-19T20:17:36.054935112Z:     - [37mCONFIG_VXLAN[m: [32menabled[m
[STDERR  ] 2017-08-19T20:17:36.054940535Z:       Optional (for encrypted networks):
[STDERR  ] 2017-08-19T20:17:36.054945849Z:       - [37mCONFIG_CRYPTO[m: [32menabled[m
[STDERR  ] 2017-08-19T20:17:36.054951274Z:       - [37mCONFIG_CRYPTO_AEAD[m: [32menabled[m
[STDERR  ] 2017-08-19T20:17:36.054956585Z:       - [37mCONFIG_CRYPTO_GCM[m: [32menabled[m
[STDERR  ] 2017-08-19T20:17:36.054969444Z:       - [37mCONFIG_CRYPTO_SEQIV[m: [32menabled[m
[STDERR  ] 2017-08-19T20:17:36.054974846Z:       - [37mCONFIG_CRYPTO_GHASH[m: [32menabled[m
[STDERR  ] 2017-08-19T20:17:36.054980303Z:       - [37mCONFIG_XFRM[m: [32menabled[m
[STDERR  ] 2017-08-19T20:17:36.054985736Z:       - [37mCONFIG_XFRM_USER[m: [32menabled (as module)[m
[STDERR  ] 2017-08-19T20:17:36.054991014Z:       - [37mCONFIG_XFRM_ALGO[m: [32menabled (as module)[m
[STDERR  ] 2017-08-19T20:17:36.054996317Z:       - [37mCONFIG_INET_ESP[m: [32menabled (as module)[m
[STDERR  ] 2017-08-19T20:17:36.055001726Z:       - [37mCONFIG_INET_XFRM_MODE_TRANSPORT[m: [32menabled (as module)[m
[STDERR  ] 2017-08-19T20:17:36.055010463Z:   - "[34mipvlan[m":
[STDERR  ] 2017-08-19T20:17:36.055016418Z:     - [37mCONFIG_IPVLAN[m: [32menabled[m
[STDERR  ] 2017-08-19T20:17:36.055021828Z:   - "[34mmacvlan[m":
[STDERR  ] 2017-08-19T20:17:36.055027433Z:     - [37mCONFIG_MACVLAN[m: [32menabled[m
[STDERR  ] 2017-08-19T20:17:36.055032781Z:     - [37mCONFIG_DUMMY[m: [32menabled (as module)[m
[STDERR  ] 2017-08-19T20:17:36.055038222Z:   - "[34mftp,tftp client in container[m":
[STDERR  ] 2017-08-19T20:17:36.055043662Z:     - [37mCONFIG_NF_NAT_FTP[m: [32menabled[m
[STDERR  ] 2017-08-19T20:17:36.055049119Z:     - [37mCONFIG_NF_CONNTRACK_FTP[m: [32menabled[m
[STDERR  ] 2017-08-19T20:17:36.055055314Z:     - [37mCONFIG_NF_NAT_TFTP[m: [32menabled[m
[STDERR  ] 2017-08-19T20:17:36.055060735Z:     - [37mCONFIG_NF_CONNTRACK_TFTP[m: [32menabled[m
[STDERR  ] 2017-08-19T20:17:36.05506609Z: - Storage Drivers:
[STDERR  ] 2017-08-19T20:17:36.05507183Z:   - "[34maufs[m":
[STDERR  ] 2017-08-19T20:17:36.055077751Z:     - [1mCONFIG_AUFS_FS[m: [1;31mmissing[m
[STDERR  ] 2017-08-19T20:17:36.055083211Z:   - "[34mbtrfs[m":
[STDERR  ] 2017-08-19T20:17:36.055088829Z:     - [37mCONFIG_BTRFS_FS[m: [32menabled (as module)[m
[STDERR  ] 2017-08-19T20:17:36.055098594Z:     - [37mCONFIG_BTRFS_FS_POSIX_ACL[m: [32menabled[m
[STDERR  ] 2017-08-19T20:17:36.055107368Z:   - "[34mdevicemapper[m":
[STDERR  ] 2017-08-19T20:17:36.055112939Z:     - [37mCONFIG_BLK_DEV_DM[m: [32menabled[m
[STDERR  ] 2017-08-19T20:17:36.055118423Z:     - [37mCONFIG_DM_THIN_PROVISIONING[m: [32menabled[m
[STDERR  ] 2017-08-19T20:17:36.055123832Z:   - "[34moverlay[m":
[STDERR  ] 2017-08-19T20:17:36.055135745Z:     - [37mCONFIG_OVERLAY_FS[m: [32menabled[m
[STDERR  ] 2017-08-19T20:17:36.055141168Z:   - "[34mzfs[m":
[STDERR  ] 2017-08-19T20:17:36.05514668Z:     - [1m/dev/zfs[m: [1;31mmissing[m
[STDERR  ] 2017-08-19T20:17:36.055156633Z:     - [1mzfs command[m: [1;31mmissing[m
[STDERR  ] 2017-08-19T20:17:36.055162141Z:     - [1mzpool command[m: [1;31mmissing[m
[STDERR  ] 2017-08-19T20:17:36.055167554Z: 
[STDERR  ] 2017-08-19T20:17:36.055173133Z: Limits:
[STDERR  ] 2017-08-19T20:17:36.055178506Z: [37m- /proc/sys/kernel/keys/root_maxkeys[m: [32m1000000[m
[STDERR  ] 2017-08-19T20:17:36.055183797Z: 
[STDERR  ] 2017-08-19T20:17:36.055189226Z: Kernel config test suite PASSED
[STDERR  ] 2017-08-19T20:17:36.055194612Z: [   39.914367] ACPI: Preparing to enter system sleep state S5
[STDERR  ] 2017-08-19T20:17:36.055200038Z: [   39.921320] reboot: Power down
[STDERR  ] 2017-08-19T20:17:36.055205528Z: + exit 0
[STDERR  ] 2017-08-19T20:17:36.055210993Z: + clean_up
[STDERR  ] 2017-08-19T20:17:36.055216466Z: + find . -depth -iname test-kernel-config* -not -iname *.yml -exec rm -rf {} ;
[PASS    ] linuxkit.kernel.config_4.4.x 60.09s
