[INFO    ] 2018-01-15T14:04:26.389253649Z: Running Test linuxkit.packages.sysctl in /tmp/build/test/cases/040_packages/019_sysctl
[INFO    ] 2018-01-15T14:04:26.389383133Z: Running command: [/bin/sh -x /tmp/build/test/cases/040_packages/019_sysctl/test.sh]
[STDERR  ] 2018-01-15T14:04:26.421561343Z: + set -e
[STDERR  ] 2018-01-15T14:04:26.421650823Z: + . /tmp/build/test/cases/_lib/lib.sh
[STDERR  ] 2018-01-15T14:04:26.421666346Z: + [ -f src/github.com/linuxkit/rtf/lib/lib.sh ]
[STDERR  ] 2018-01-15T14:04:26.421676275Z: + LINUXKIT_TMPDIR=/tmp/build/test/cases/_tmp
[STDERR  ] 2018-01-15T14:04:26.421685119Z: + [ -f /tmp/build/test/cases/_tmp/env.sh ]
[STDERR  ] 2018-01-15T14:04:26.421694174Z: + . /tmp/build/test/cases/_tmp/env.sh
[STDERR  ] 2018-01-15T14:04:26.421722555Z: + export LINUXKIT_EXAMPLES_DIR=/tmp/build/test/cases/../../examples
[STDERR  ] 2018-01-15T14:04:26.421733705Z: + export LINUXKIT_BLUEPRINTS_DIR=/tmp/build/test/cases/../../blueprints
[STDERR  ] 2018-01-15T14:04:26.421743819Z: + RT_CANCEL=253
[STDERR  ] 2018-01-15T14:04:26.421753131Z: + NAME=sysctl
[STDERR  ] 2018-01-15T14:04:26.42176315Z: + trap clean_up EXIT
[STDERR  ] 2018-01-15T14:04:26.421771696Z: + linuxkit build -format kernel+initrd -name sysctl test.yml
[STDERR  ] 2018-01-15T14:04:26.479322822Z: Extract kernel image: linuxkit/kernel:4.9.76
[STDERR  ] 2018-01-15T14:04:27.707592317Z: time="2018-01-15T14:04:27Z" level=warning msg="certificate with CN Justin Cormack is near expiry"
[STDERR  ] 2018-01-15T14:04:27.707672809Z: time="2018-01-15T14:04:27Z" level=warning msg="certificate with CN  is near expiry"
[STDERR  ] 2018-01-15T14:04:27.707756397Z: time="2018-01-15T14:04:27Z" level=warning msg="certificate with CN  is near expiry"
[STDERR  ] 2018-01-15T14:04:27.758806463Z: time="2018-01-15T14:04:27Z" level=warning msg="certificate with CN Justin Cormack is near expiry"
[STDERR  ] 2018-01-15T14:04:28.211217979Z: Add init containers:
[STDERR  ] 2018-01-15T14:04:28.211278726Z: Process init image: linuxkit/init:7c405a03c8467b3aa7999d2a729aeb5d3fa7dae5
[STDERR  ] 2018-01-15T14:04:29.247721823Z: time="2018-01-15T14:04:29Z" level=warning msg="certificate with CN  is near expiry"
[STDERR  ] 2018-01-15T14:04:29.247787701Z: time="2018-01-15T14:04:29Z" level=warning msg="certificate with CN  is near expiry"
[STDERR  ] 2018-01-15T14:04:29.248133034Z: time="2018-01-15T14:04:29Z" level=warning msg="certificate with CN Justin Cormack is near expiry"
[STDERR  ] 2018-01-15T14:04:29.253762312Z: time="2018-01-15T14:04:29Z" level=warning msg="certificate with CN Justin Cormack is near expiry"
[STDERR  ] 2018-01-15T14:04:29.255490061Z: time="2018-01-15T14:04:29Z" level=warning msg="certificate with CN  is near expiry"
[STDERR  ] 2018-01-15T14:04:29.463364252Z: Process init image: linuxkit/runc:7b15b00b4e3507d62e3ed8d44dfe650561cd35ff
[STDERR  ] 2018-01-15T14:04:30.49794684Z: time="2018-01-15T14:04:30Z" level=warning msg="certificate with CN Justin Cormack is near expiry"
[STDERR  ] 2018-01-15T14:04:30.498030647Z: time="2018-01-15T14:04:30Z" level=warning msg="certificate with CN  is near expiry"
[STDERR  ] 2018-01-15T14:04:30.498182129Z: time="2018-01-15T14:04:30Z" level=warning msg="certificate with CN  is near expiry"
[STDERR  ] 2018-01-15T14:04:30.500314779Z: time="2018-01-15T14:04:30Z" level=warning msg="certificate with CN Justin Cormack is near expiry"
[STDERR  ] 2018-01-15T14:04:30.501467864Z: time="2018-01-15T14:04:30Z" level=warning msg="certificate with CN  is near expiry"
[STDERR  ] 2018-01-15T14:04:30.658123647Z: Add onboot containers:
[STDERR  ] 2018-01-15T14:04:30.658194388Z:   Create OCI config for linuxkit/sysctl:4c1ef93bb5eb1a877318db4b2daa6768ed002e21
[STDERR  ] 2018-01-15T14:04:31.703528551Z: time="2018-01-15T14:04:31Z" level=warning msg="certificate with CN Justin Cormack is near expiry"
[STDERR  ] 2018-01-15T14:04:31.70360445Z: time="2018-01-15T14:04:31Z" level=warning msg="certificate with CN  is near expiry"
[STDERR  ] 2018-01-15T14:04:31.703620077Z: time="2018-01-15T14:04:31Z" level=warning msg="certificate with CN  is near expiry"
[STDERR  ] 2018-01-15T14:04:31.705447333Z: time="2018-01-15T14:04:31Z" level=warning msg="certificate with CN Justin Cormack is near expiry"
[STDERR  ] 2018-01-15T14:04:31.706318328Z: time="2018-01-15T14:04:31Z" level=warning msg="certificate with CN  is near expiry"
[STDERR  ] 2018-01-15T14:04:31.855751382Z:   Create OCI config for alpine:3.7
[STDERR  ] 2018-01-15T14:04:33.075976604Z:   Create OCI config for linuxkit/poweroff:bccfe1cb04fc7bb9f03613d2314f38abd2620f29
[STDERR  ] 2018-01-15T14:04:34.103150379Z: time="2018-01-15T14:04:34Z" level=warning msg="certificate with CN Rolf Neugebauer is near expiry"
[STDERR  ] 2018-01-15T14:04:34.1032077Z: time="2018-01-15T14:04:34Z" level=warning msg="certificate with CN  is near expiry"
[STDERR  ] 2018-01-15T14:04:34.10323483Z: time="2018-01-15T14:04:34Z" level=warning msg="certificate with CN  is near expiry"
[STDERR  ] 2018-01-15T14:04:34.103385746Z: time="2018-01-15T14:04:34Z" level=warning msg="certificate with CN Justin Cormack is near expiry"
[STDERR  ] 2018-01-15T14:04:34.105136103Z: time="2018-01-15T14:04:34Z" level=warning msg="certificate with CN Rolf Neugebauer is near expiry"
[STDERR  ] 2018-01-15T14:04:34.10586415Z: time="2018-01-15T14:04:34Z" level=warning msg="certificate with CN  is near expiry"
[STDERR  ] 2018-01-15T14:04:34.305616114Z: Add files:
[STDERR  ] 2018-01-15T14:04:34.305668324Z:   check.sh
[STDERR  ] 2018-01-15T14:04:34.332587817Z: Create outputs:
[STDERR  ] 2018-01-15T14:04:39.179266986Z:   sysctl-kernel sysctl-initrd.img sysctl-cmdline
[STDERR  ] 2018-01-15T14:04:39.232803685Z: + linuxkit run sysctl
[STDERR  ] 2018-01-15T14:04:39.259785501Z: Unable to find qemu-system-x86_64 within the $PATH. Using a container
[STDERR  ] 2018-01-15T14:05:05.443391155Z: + RESULT=[    0.000000] Linux version 4.9.76-linuxkit (root@1dc47965cda0) (gcc version 6.4.0 (Alpine 6.4.0) ) #1 SMP Wed Jan 10 11:40:11 UTC 2018
[STDERR  ] 2018-01-15T14:05:05.443451507Z: [    0.000000] Command line: console=ttyS0 console=ttyAMA0
[STDERR  ] 2018-01-15T14:05:05.443462985Z: [    0.000000] x86/fpu: Legacy x87 FPU detected.
[STDERR  ] 2018-01-15T14:05:05.443473729Z: [    0.000000] x86/fpu: Using 'eager' FPU context switches.
[STDERR  ] 2018-01-15T14:05:05.443483914Z: [    0.000000] e820: BIOS-provided physical RAM map:
[STDERR  ] 2018-01-15T14:05:05.443493777Z: [    0.000000] BIOS-e820: [mem 0x0000000000000000-0x000000000009fbff] usable
[STDERR  ] 2018-01-15T14:05:05.443505243Z: [    0.000000] BIOS-e820: [mem 0x000000000009fc00-0x000000000009ffff] reserved
[STDERR  ] 2018-01-15T14:05:05.443514884Z: [    0.000000] BIOS-e820: [mem 0x00000000000f0000-0x00000000000fffff] reserved
[STDERR  ] 2018-01-15T14:05:05.443524484Z: [    0.000000] BIOS-e820: [mem 0x0000000000100000-0x000000003ffdefff] usable
[STDERR  ] 2018-01-15T14:05:05.443534277Z: [    0.000000] BIOS-e820: [mem 0x000000003ffdf000-0x000000003fffffff] reserved
[STDERR  ] 2018-01-15T14:05:05.443544579Z: [    0.000000] BIOS-e820: [mem 0x00000000b0000000-0x00000000bfffffff] reserved
[STDERR  ] 2018-01-15T14:05:05.443555823Z: [    0.000000] BIOS-e820: [mem 0x00000000fed1c000-0x00000000fed1ffff] reserved
[STDERR  ] 2018-01-15T14:05:05.44356529Z: [    0.000000] BIOS-e820: [mem 0x00000000fffc0000-0x00000000ffffffff] reserved
[STDERR  ] 2018-01-15T14:05:05.443574137Z: [    0.000000] NX (Execute Disable) protection: active
[STDERR  ] 2018-01-15T14:05:05.443582985Z: [    0.000000] SMBIOS 2.8 present.
[STDERR  ] 2018-01-15T14:05:05.443591486Z: [    0.000000] Kernel/User page tables isolation: disabled
[STDERR  ] 2018-01-15T14:05:05.443600169Z: [    0.000000] e820: last_pfn = 0x3ffdf max_arch_pfn = 0x400000000
[STDERR  ] 2018-01-15T14:05:05.44360869Z: [    0.000000] x86/PAT: Configuration [0-7]: WB  WC  UC- UC  WB  WC  UC- WT  
[STDERR  ] 2018-01-15T14:05:05.443617387Z: [    0.000000] found SMP MP-table at [mem 0x000f6aa0-0x000f6aaf] mapped at [ffff93c5c00f6aa0]
[STDERR  ] 2018-01-15T14:05:05.443626474Z: [    0.000000] RAMDISK: [mem 0x3e772000-0x3ffcffff]
[STDERR  ] 2018-01-15T14:05:05.443635329Z: [    0.000000] ACPI: Early table checksum verification disabled
[STDERR  ] 2018-01-15T14:05:05.443644535Z: [    0.000000] ACPI: RSDP 0x00000000000F68B0 000014 (v00 BOCHS )
[STDERR  ] 2018-01-15T14:05:05.443664788Z: [    0.000000] ACPI: RSDT 0x000000003FFE20A8 000034 (v01 BOCHS  BXPCRSDT 00000001 BXPC 00000001)
[STDERR  ] 2018-01-15T14:05:05.443679939Z: [    0.000000] ACPI: FACP 0x000000003FFE1EC8 0000F4 (v03 BOCHS  BXPCFACP 00000001 BXPC 00000001)
[STDERR  ] 2018-01-15T14:05:05.443689267Z: [    0.000000] ACPI: DSDT 0x000000003FFE0040 001E88 (v01 BOCHS  BXPCDSDT 00000001 BXPC 00000001)
[STDERR  ] 2018-01-15T14:05:05.443700071Z: [    0.000000] ACPI: FACS 0x000000003FFE0000 000040
[STDERR  ] 2018-01-15T14:05:05.443712288Z: [    0.000000] ACPI: APIC 0x000000003FFE1FBC 000078 (v01 BOCHS  BXPCAPIC 00000001 BXPC 00000001)
[STDERR  ] 2018-01-15T14:05:05.443728863Z: [    0.000000] ACPI: HPET 0x000000003FFE2034 000038 (v01 BOCHS  BXPCHPET 00000001 BXPC 00000001)
[STDERR  ] 2018-01-15T14:05:05.443737741Z: [    0.000000] ACPI: MCFG 0x000000003FFE206C 00003C (v01 BOCHS  BXPCMCFG 00000001 BXPC 00000001)
[STDERR  ] 2018-01-15T14:05:05.443749265Z: [    0.000000] Zone ranges:
[STDERR  ] 2018-01-15T14:05:05.443759288Z: [    0.000000]   DMA      [mem 0x0000000000001000-0x0000000000ffffff]
[STDERR  ] 2018-01-15T14:05:05.443768429Z: [    0.000000]   DMA32    [mem 0x0000000001000000-0x000000003ffdefff]
[STDERR  ] 2018-01-15T14:05:05.443777418Z: [    0.000000]   Normal   empty
[STDERR  ] 2018-01-15T14:05:05.443786348Z: [    0.000000] Movable zone start for each node
[STDERR  ] 2018-01-15T14:05:05.443795214Z: [    0.000000] Early memory node ranges
[STDERR  ] 2018-01-15T14:05:05.443803732Z: [    0.000000]   node   0: [mem 0x0000000000001000-0x000000000009efff]
[STDERR  ] 2018-01-15T14:05:05.443812656Z: [    0.000000]   node   0: [mem 0x0000000000100000-0x000000003ffdefff]
[STDERR  ] 2018-01-15T14:05:05.443821168Z: [    0.000000] Initmem setup node 0 [mem 0x0000000000001000-0x000000003ffdefff]
[STDERR  ] 2018-01-15T14:05:05.443830524Z: [    0.000000] ACPI: PM-Timer IO Port: 0x608
[STDERR  ] 2018-01-15T14:05:05.443841758Z: [    0.000000] ACPI: LAPIC_NMI (acpi_id[0xff] dfl dfl lint[0x1])
[STDERR  ] 2018-01-15T14:05:05.443850649Z: [    0.000000] IOAPIC[0]: apic_id 0, version 32, address 0xfec00000, GSI 0-23
[STDERR  ] 2018-01-15T14:05:05.443859089Z: [    0.000000] ACPI: INT_SRC_OVR (bus 0 bus_irq 0 global_irq 2 dfl dfl)
[STDERR  ] 2018-01-15T14:05:05.44386752Z: [    0.000000] ACPI: INT_SRC_OVR (bus 0 bus_irq 5 global_irq 5 high level)
[STDERR  ] 2018-01-15T14:05:05.443875885Z: [    0.000000] ACPI: INT_SRC_OVR (bus 0 bus_irq 9 global_irq 9 high level)
[STDERR  ] 2018-01-15T14:05:05.443884141Z: [    0.000000] ACPI: INT_SRC_OVR (bus 0 bus_irq 10 global_irq 10 high level)
[STDERR  ] 2018-01-15T14:05:05.443892764Z: [    0.000000] ACPI: INT_SRC_OVR (bus 0 bus_irq 11 global_irq 11 high level)
[STDERR  ] 2018-01-15T14:05:05.443901324Z: [    0.000000] Using ACPI (MADT) for SMP configuration information
[STDERR  ] 2018-01-15T14:05:05.443909678Z: [    0.000000] ACPI: HPET id: 0x8086a201 base: 0xfed00000
[STDERR  ] 2018-01-15T14:05:05.443918227Z: [    0.000000] smpboot: Allowing 1 CPUs, 0 hotplug CPUs
[STDERR  ] 2018-01-15T14:05:05.443926494Z: [    0.000000] e820: [mem 0x40000000-0xafffffff] available for PCI devices
[STDERR  ] 2018-01-15T14:05:05.44393566Z: [    0.000000] Booting paravirtualized kernel on bare hardware
[STDERR  ] 2018-01-15T14:05:05.443944009Z: [    0.000000] clocksource: refined-jiffies: mask: 0xffffffff max_cycles: 0xffffffff, max_idle_ns: 19112604462750000 ns
[STDERR  ] 2018-01-15T14:05:05.443952836Z: [    0.000000] setup_percpu: NR_CPUS:128 nr_cpumask_bits:128 nr_cpu_ids:1 nr_node_ids:1
[STDERR  ] 2018-01-15T14:05:05.443961193Z: [    0.000000] percpu: Embedded 36 pages/cpu @ffff93c5fe400000 s106904 r8192 d32360 u2097152
[STDERR  ] 2018-01-15T14:05:05.443969601Z: [    0.000000] Built 1 zonelists in Zone order, mobility grouping on.  Total pages: 257896
[STDERR  ] 2018-01-15T14:05:05.443977962Z: [    0.000000] Kernel command line: console=ttyS0 console=ttyAMA0
[STDERR  ] 2018-01-15T14:05:05.443986714Z: [    0.000000] PID hash table entries: 4096 (order: 3, 32768 bytes)
[STDERR  ] 2018-01-15T14:05:05.443999229Z: [    0.000000] Dentry cache hash table entries: 131072 (order: 8, 1048576 bytes)
[STDERR  ] 2018-01-15T14:05:05.444007753Z: [    0.000000] Inode-cache hash table entries: 65536 (order: 7, 524288 bytes)
[STDERR  ] 2018-01-15T14:05:05.444016382Z: [    0.000000] Memory: 989188K/1048052K available (8053K kernel code, 1391K rwdata, 2700K rodata, 1396K init, 564K bss, 58864K reserved, 0K cma-reserved)
[STDERR  ] 2018-01-15T14:05:05.444025255Z: [    0.000000] Hierarchical RCU implementation.
[STDERR  ] 2018-01-15T14:05:05.444033739Z: [    0.000000] 	Build-time adjustment of leaf fanout to 64.
[STDERR  ] 2018-01-15T14:05:05.444049059Z: [    0.000000] 	RCU restricting CPUs from NR_CPUS=128 to nr_cpu_ids=1.
[STDERR  ] 2018-01-15T14:05:05.444057698Z: [    0.000000] RCU: Adjusting geometry for rcu_fanout_leaf=64, nr_cpu_ids=1
[STDERR  ] 2018-01-15T14:05:05.44406621Z: [    0.000000] NR_IRQS:8448 nr_irqs:256 16
[STDERR  ] 2018-01-15T14:05:05.444074777Z: [    0.000000] Console: colour VGA+ 80x25
[STDERR  ] 2018-01-15T14:05:05.444083357Z: [    0.000000] console [ttyS0] enabled
[STDERR  ] 2018-01-15T14:05:05.444092207Z: [    0.000000] clocksource: hpet: mask: 0xffffffff max_cycles: 0xffffffff, max_idle_ns: 19112604467 ns
[STDERR  ] 2018-01-15T14:05:05.444101009Z: [    0.000000] tsc: Fast TSC calibration using PIT
[STDERR  ] 2018-01-15T14:05:05.444109179Z: [    0.000000] tsc: Detected 2599.814 MHz processor
[STDERR  ] 2018-01-15T14:05:05.444117252Z: [    0.032399] Calibrating delay loop (skipped), value calculated using timer frequency.. 5199.62 BogoMIPS (lpj=25998140)
[STDERR  ] 2018-01-15T14:05:05.444125199Z: [    0.033460] pid_max: default: 32768 minimum: 301
[STDERR  ] 2018-01-15T14:05:05.444133949Z: [    0.034388] ACPI: Core revision 20160831
[STDERR  ] 2018-01-15T14:05:05.444142401Z: [    0.059135] ACPI: 1 ACPI AML tables successfully acquired and loaded
[STDERR  ] 2018-01-15T14:05:05.444151811Z: [    0.063540] Security Framework initialized
[STDERR  ] 2018-01-15T14:05:05.44416022Z: [    0.064002] Yama: becoming mindful.
[STDERR  ] 2018-01-15T14:05:05.444168705Z: [    0.065927] Mount-cache hash table entries: 2048 (order: 2, 16384 bytes)
[STDERR  ] 2018-01-15T14:05:05.444176699Z: [    0.066328] Mountpoint-cache hash table entries: 2048 (order: 2, 16384 bytes)
[STDERR  ] 2018-01-15T14:05:05.444184894Z: [    0.084712] Last level iTLB entries: 4KB 0, 2MB 0, 4MB 0
[STDERR  ] 2018-01-15T14:05:05.444193573Z: [    0.085155] Last level dTLB entries: 4KB 0, 2MB 0, 4MB 0, 1GB 0
[STDERR  ] 2018-01-15T14:05:05.444202086Z: [    0.424230] Freeing SMP alternatives memory: 20K
[STDERR  ] 2018-01-15T14:05:05.444210896Z: [    0.434562] ftrace: allocating 35552 entries in 139 pages
[STDERR  ] 2018-01-15T14:05:05.444219982Z: [    0.512590] smpboot: Max logical packages: 1
[STDERR  ] 2018-01-15T14:05:05.444229366Z: [    0.519200] ..TIMER: vector=0x30 apic1=0 pin1=2 apic2=-1 pin2=-1
[STDERR  ] 2018-01-15T14:05:05.444238036Z: [    0.620000] smpboot: CPU0: AMD QEMU Virtual CPU version 2.5+ (family: 0x6, model: 0x6, stepping: 0x3)
[STDERR  ] 2018-01-15T14:05:05.444250512Z: [    0.620000] Performance Events: PMU not available due to virtualization, using software events only.
[STDERR  ] 2018-01-15T14:05:05.444260456Z: [    0.630245] NMI watchdog: disabled (cpu0): hardware events not enabled
[STDERR  ] 2018-01-15T14:05:05.444270331Z: [    0.630660] NMI watchdog: Shutting down hard lockup detector on all cpus
[STDERR  ] 2018-01-15T14:05:05.444278324Z: [    0.634071] x86: Booted up 1 node, 1 CPUs
[STDERR  ] 2018-01-15T14:05:05.444286579Z: [    0.634508] smpboot: Total of 1 processors activated (5199.62 BogoMIPS)
[STDERR  ] 2018-01-15T14:05:05.444295364Z: [    0.650427] devtmpfs: initialized
[STDERR  ] 2018-01-15T14:05:05.444304846Z: [    0.656246] x86/mm: Memory block size: 128MB
[STDERR  ] 2018-01-15T14:05:05.444313927Z: [    0.688026] clocksource: jiffies: mask: 0xffffffff max_cycles: 0xffffffff, max_idle_ns: 19112604462750000 ns
[STDERR  ] 2018-01-15T14:05:05.444322434Z: [    0.688916] futex hash table entries: 256 (order: 2, 16384 bytes)
[STDERR  ] 2018-01-15T14:05:05.444337722Z: [    0.698714] NET: Registered protocol family 16
[STDERR  ] 2018-01-15T14:05:05.444347531Z: [    0.708352] cpuidle: using governor ladder
[STDERR  ] 2018-01-15T14:05:05.444356051Z: [    0.708798] cpuidle: using governor menu
[STDERR  ] 2018-01-15T14:05:05.44436954Z: [    0.710159] ACPI: bus type PCI registered
[STDERR  ] 2018-01-15T14:05:05.444377205Z: [    0.713323] PCI: MMCONFIG for domain 0000 [bus 00-ff] at [mem 0xb0000000-0xbfffffff] (base 0xb0000000)
[STDERR  ] 2018-01-15T14:05:05.444426037Z: [    0.713963] PCI: MMCONFIG at [mem 0xb0000000-0xbfffffff] reserved in E820
[STDERR  ] 2018-01-15T14:05:05.444439743Z: [    0.714808] PCI: Using configuration type 1 for base access
[STDERR  ] 2018-01-15T14:05:05.444447877Z: [    0.749680] HugeTLB registered 2 MB page size, pre-allocated 0 pages
[STDERR  ] 2018-01-15T14:05:05.444456539Z: [    0.762116] ACPI: Added _OSI(Module Device)
[STDERR  ] 2018-01-15T14:05:05.444465098Z: [    0.762420] ACPI: Added _OSI(Processor Device)
[STDERR  ] 2018-01-15T14:05:05.444473677Z: [    0.762650] ACPI: Added _OSI(3.0 _SCP Extensions)
[STDERR  ] 2018-01-15T14:05:05.4444822Z: [    0.762899] ACPI: Added _OSI(Processor Aggregator Device)
[STDERR  ] 2018-01-15T14:05:05.444490847Z: [    0.817263] ACPI: Interpreter enabled
[STDERR  ] 2018-01-15T14:05:05.444500733Z: [    0.818138] ACPI: (supports S0 S5)
[STDERR  ] 2018-01-15T14:05:05.444509004Z: [    0.818421] ACPI: Using IOAPIC for interrupt routing
[STDERR  ] 2018-01-15T14:05:05.444517106Z: [    0.821133] PCI: Using host bridge windows from ACPI; if necessary, use "pci=nocrs" and report a bug
[STDERR  ] 2018-01-15T14:05:05.444525959Z: [    0.866198] ACPI: PCI Root Bridge [PCI0] (domain 0000 [bus 00-ff])
[STDERR  ] 2018-01-15T14:05:05.44453614Z: [    0.867184] acpi PNP0A08:00: _OSC: OS supports [ExtendedConfig ASPM ClockPM Segments MSI]
[STDERR  ] 2018-01-15T14:05:05.44454513Z: [    0.872551] acpi PNP0A08:00: _OSC: OS now controls [PCIeHotplug PME PCIeCapability]
[STDERR  ] 2018-01-15T14:05:05.444553771Z: [    0.876078] PCI host bridge to bus 0000:00
[STDERR  ] 2018-01-15T14:05:05.44456222Z: [    0.876499] pci_bus 0000:00: root bus resource [io  0x0000-0x0cf7 window]
[STDERR  ] 2018-01-15T14:05:05.444572143Z: [    0.876858] pci_bus 0000:00: root bus resource [io  0x0d00-0xffff window]
[STDERR  ] 2018-01-15T14:05:05.444581336Z: [    0.877160] pci_bus 0000:00: root bus resource [mem 0x000a0000-0x000bffff window]
[STDERR  ] 2018-01-15T14:05:05.444589799Z: [    0.877487] pci_bus 0000:00: root bus resource [mem 0xc0000000-0xfebfffff window]
[STDERR  ] 2018-01-15T14:05:05.444604585Z: [    0.878001] pci_bus 0000:00: root bus resource [bus 00-ff]
[STDERR  ] 2018-01-15T14:05:05.444613141Z: [    1.051741] pci 0000:00:1f.0: quirk: [io  0x0600-0x067f] claimed by ICH6 ACPI/GPIO/TCO
[STDERR  ] 2018-01-15T14:05:05.444621532Z: [    1.146420] ACPI: PCI Interrupt Link [LNKA] (IRQs 5 *10 11)
[STDERR  ] 2018-01-15T14:05:05.44463023Z: [    1.148365] ACPI: PCI Interrupt Link [LNKB] (IRQs 5 *10 11)
[STDERR  ] 2018-01-15T14:05:05.444640141Z: [    1.150464] ACPI: PCI Interrupt Link [LNKC] (IRQs 5 10 *11)
[STDERR  ] 2018-01-15T14:05:05.444648578Z: [    1.151850] ACPI: PCI Interrupt Link [LNKD] (IRQs 5 10 *11)
[STDERR  ] 2018-01-15T14:05:05.444656761Z: [    1.153140] ACPI: PCI Interrupt Link [LNKE] (IRQs 5 *10 11)
[STDERR  ] 2018-01-15T14:05:05.444665221Z: [    1.154385] ACPI: PCI Interrupt Link [LNKF] (IRQs 5 *10 11)
[STDERR  ] 2018-01-15T14:05:05.444677401Z: [    1.155626] ACPI: PCI Interrupt Link [LNKG] (IRQs 5 10 *11)
[STDERR  ] 2018-01-15T14:05:05.444686093Z: [    1.157067] ACPI: PCI Interrupt Link [LNKH] (IRQs 5 10 *11)
[STDERR  ] 2018-01-15T14:05:05.444694358Z: [    1.157761] ACPI: PCI Interrupt Link [GSIA] (IRQs *16)
[STDERR  ] 2018-01-15T14:05:05.444702796Z: [    1.158279] ACPI: PCI Interrupt Link [GSIB] (IRQs *17)
[STDERR  ] 2018-01-15T14:05:05.444712606Z: [    1.158760] ACPI: PCI Interrupt Link [GSIC] (IRQs *18)
[STDERR  ] 2018-01-15T14:05:05.444722657Z: [    1.159244] ACPI: PCI Interrupt Link [GSID] (IRQs *19)
[STDERR  ] 2018-01-15T14:05:05.444742642Z: [    1.160232] ACPI: PCI Interrupt Link [GSIE] (IRQs *20)
[STDERR  ] 2018-01-15T14:05:05.444751737Z: [    1.160727] ACPI: PCI Interrupt Link [GSIF] (IRQs *21)
[STDERR  ] 2018-01-15T14:05:05.444759798Z: [    1.161231] ACPI: PCI Interrupt Link [GSIG] (IRQs *22)
[STDERR  ] 2018-01-15T14:05:05.44476842Z: [    1.161739] ACPI: PCI Interrupt Link [GSIH] (IRQs *23)
[STDERR  ] 2018-01-15T14:05:05.444778651Z: [    1.164677] ACPI: Enabled 1 GPEs in block 00 to 3F
[STDERR  ] 2018-01-15T14:05:05.444787752Z: [    1.167903] SCSI subsystem initialized
[STDERR  ] 2018-01-15T14:05:05.444796171Z: [    1.170232] ACPI: bus type USB registered
[STDERR  ] 2018-01-15T14:05:05.444812687Z: [    1.171317] usbcore: registered new interface driver usbfs
[STDERR  ] 2018-01-15T14:05:05.44482174Z: [    1.172113] usbcore: registered new interface driver hub
[STDERR  ] 2018-01-15T14:05:05.444830822Z: [    1.172936] usbcore: registered new device driver usb
[STDERR  ] 2018-01-15T14:05:05.444839896Z: [    1.174154] pps_core: LinuxPPS API ver. 1 registered
[STDERR  ] 2018-01-15T14:05:05.444848245Z: [    1.174398] pps_core: Software ver. 5.3.6 - Copyright 2005-2007 Rodolfo Giometti <giometti@linux.it>
[STDERR  ] 2018-01-15T14:05:05.444857016Z: [    1.174745] PTP clock support registered
[STDERR  ] 2018-01-15T14:05:05.444865013Z: [    1.175897] wmi: Mapper loaded
[STDERR  ] 2018-01-15T14:05:05.444874211Z: [    1.177340] PCI: Using ACPI for IRQ routing
[STDERR  ] 2018-01-15T14:05:05.444883612Z: [    1.193126] NetLabel: Initializing
[STDERR  ] 2018-01-15T14:05:05.444892489Z: [    1.193353] NetLabel:  domain hash size = 128
[STDERR  ] 2018-01-15T14:05:05.444900471Z: [    1.193768] NetLabel:  protocols = UNLABELED CIPSOv4
[STDERR  ] 2018-01-15T14:05:05.444909176Z: [    1.196247] NetLabel:  unlabeled traffic allowed by default
[STDERR  ] 2018-01-15T14:05:05.444917835Z: [    1.197383] HPET: 3 timers in total, 0 timers will be used for per-cpu timer
[STDERR  ] 2018-01-15T14:05:05.444927515Z: [    1.198110] hpet0: at MMIO 0xfed00000, IRQs 2, 8, 0
[STDERR  ] 2018-01-15T14:05:05.444936164Z: [    1.198569] hpet0: 3 comparators, 64-bit 100.000000 MHz counter
[STDERR  ] 2018-01-15T14:05:05.444945089Z: [    1.206724] clocksource: Switched to clocksource hpet
[STDERR  ] 2018-01-15T14:05:05.444953858Z: [    1.364259] VFS: Disk quotas dquot_6.6.0
[STDERR  ] 2018-01-15T14:05:05.444966378Z: [    1.364936] VFS: Dquot-cache hash table entries: 512 (order 0, 4096 bytes)
[STDERR  ] 2018-01-15T14:05:05.444975409Z: [    1.368302] FS-Cache: Loaded
[STDERR  ] 2018-01-15T14:05:05.444984698Z: [    1.373847] CacheFiles: Loaded
[STDERR  ] 2018-01-15T14:05:05.444993339Z: [    1.375259] pnp: PnP ACPI init
[STDERR  ] 2018-01-15T14:05:05.445002288Z: [    1.383477] pnp: PnP ACPI: found 5 devices
[STDERR  ] 2018-01-15T14:05:05.445010715Z: [    1.418445] clocksource: acpi_pm: mask: 0xffffff max_cycles: 0xffffff, max_idle_ns: 2085701024 ns
[STDERR  ] 2018-01-15T14:05:05.445022793Z: [    1.421782] NET: Registered protocol family 2
[STDERR  ] 2018-01-15T14:05:05.445031063Z: [    1.429187] TCP established hash table entries: 8192 (order: 4, 65536 bytes)
[STDERR  ] 2018-01-15T14:05:05.445040251Z: [    1.429958] TCP bind hash table entries: 8192 (order: 5, 131072 bytes)
[STDERR  ] 2018-01-15T14:05:05.445049193Z: [    1.430881] TCP: Hash tables configured (established 8192 bind 8192)
[STDERR  ] 2018-01-15T14:05:05.445057555Z: [    1.432343] UDP hash table entries: 512 (order: 2, 16384 bytes)
[STDERR  ] 2018-01-15T14:05:05.445065506Z: [    1.432858] UDP-Lite hash table entries: 512 (order: 2, 16384 bytes)
[STDERR  ] 2018-01-15T14:05:05.445073267Z: [    1.435040] NET: Registered protocol family 1
[STDERR  ] 2018-01-15T14:05:05.445081507Z: [    1.436051] pci 0000:00:01.0: Video device with shadowed ROM at [mem 0x000c0000-0x000dffff]
[STDERR  ] 2018-01-15T14:05:05.445089122Z: [    1.444023] Unpacking initramfs...
[STDERR  ] 2018-01-15T14:05:05.445097158Z: [    4.184294] Freeing initrd memory: 24952K
[STDERR  ] 2018-01-15T14:05:05.445112509Z: [    4.211386] PCLMULQDQ-NI instructions are not detected.
[STDERR  ] 2018-01-15T14:05:05.44512441Z: [    4.212769] AVX or AES-NI instructions are not detected.
[STDERR  ] 2018-01-15T14:05:05.445133414Z: [    4.213244] CPU feature 'AVX registers' is not supported.
[STDERR  ] 2018-01-15T14:05:05.445141611Z: [    4.213642] CPU feature 'AVX registers' is not supported.
[STDERR  ] 2018-01-15T14:05:05.445155959Z: [    4.214001] CPU feature 'AVX registers' is not supported.
[STDERR  ] 2018-01-15T14:05:05.44516405Z: [    4.214307] CPU feature 'AVX registers' is not supported.
[STDERR  ] 2018-01-15T14:05:05.445172218Z: [    4.214628] AVX2 or AES-NI instructions are not detected.
[STDERR  ] 2018-01-15T14:05:05.445184328Z: [    4.214914] AVX2 instructions are not detected.
[STDERR  ] 2018-01-15T14:05:05.445192952Z: [    4.222321] audit: initializing netlink subsys (disabled)
[STDERR  ] 2018-01-15T14:05:05.445201407Z: [    4.223991] audit: type=2000 audit(1516025084.220:1): initialized
[STDERR  ] 2018-01-15T14:05:05.445209323Z: [    4.229985] workingset: timestamp_bits=46 max_order=18 bucket_order=0
[STDERR  ] 2018-01-15T14:05:05.445219024Z: [    4.235032] squashfs: version 4.0 (2009/01/31) Phillip Lougher
[STDERR  ] 2018-01-15T14:05:05.445227245Z: [    4.237159] FS-Cache: Netfs 'cifs' registered for caching
[STDERR  ] 2018-01-15T14:05:05.445235425Z: [    4.238153] fuse init (API version 7.26)
[STDERR  ] 2018-01-15T14:05:05.445244066Z: [    4.243044] SGI XFS with ACLs, security attributes, no debug enabled
[STDERR  ] 2018-01-15T14:05:05.445253669Z: [    4.246635] 9p: Installing v9fs 9p2000 file system support
[STDERR  ] 2018-01-15T14:05:05.445261819Z: [    4.246961] FS-Cache: Netfs '9p' registered for caching
[STDERR  ] 2018-01-15T14:05:05.445270601Z: [    4.274043] NET: Registered protocol family 38
[STDERR  ] 2018-01-15T14:05:05.445281963Z: [    4.274556] Key type asymmetric registered
[STDERR  ] 2018-01-15T14:05:05.445290509Z: [    4.274919] Asymmetric key parser 'x509' registered
[STDERR  ] 2018-01-15T14:05:05.445298355Z: [    4.275884] Block layer SCSI generic (bsg) driver version 0.4 loaded (major 251)
[STDERR  ] 2018-01-15T14:05:05.445306977Z: [    4.277489] io scheduler noop registered
[STDERR  ] 2018-01-15T14:05:05.445315836Z: [    4.277805] io scheduler deadline registered (default)
[STDERR  ] 2018-01-15T14:05:05.445324616Z: [    4.278555] io scheduler cfq registered
[STDERR  ] 2018-01-15T14:05:05.445332928Z: [    4.282103] pci_hotplug: PCI Hot Plug PCI Core version: 0.5
[STDERR  ] 2018-01-15T14:05:05.445341239Z: [    4.282718] pciehp: PCI Express Hot Plug Controller Driver version: 0.4
[STDERR  ] 2018-01-15T14:05:05.445349841Z: [    4.283481] shpchp: Standard Hot Plug PCI Controller Driver version: 0.4
[STDERR  ] 2018-01-15T14:05:05.445360225Z: [    4.284269] hv_vmbus: registering driver hyperv_fb
[STDERR  ] 2018-01-15T14:05:05.4453682Z: [    4.287929] input: Power Button as /devices/LNXSYSTM:00/LNXPWRBN:00/input/input0
[STDERR  ] 2018-01-15T14:05:05.445377106Z: [    4.289009] ACPI: Power Button [PWRF]
[STDERR  ] 2018-01-15T14:05:05.44539551Z: [    4.294048] GHES: HEST is not enabled!
[STDERR  ] 2018-01-15T14:05:05.445404558Z: [    4.304275] ACPI: PCI Interrupt Link [GSIG] enabled at IRQ 22
[STDERR  ] 2018-01-15T14:05:05.445414412Z: [    4.316284] ACPI: PCI Interrupt Link [GSIH] enabled at IRQ 23
[STDERR  ] 2018-01-15T14:05:05.445425853Z: [    4.321302] xenfs: not registering filesystem on non-xen platform
[STDERR  ] 2018-01-15T14:05:05.445434906Z: [    4.323319] Serial: 8250/16550 driver, 4 ports, IRQ sharing disabled
[STDERR  ] 2018-01-15T14:05:05.445444183Z: [    4.347596] 00:04: ttyS0 at I/O 0x3f8 (irq = 4, base_baud = 115200) is a 16550A
[STDERR  ] 2018-01-15T14:05:05.445452975Z: [    4.358059] Non-volatile memory driver v1.3
[STDERR  ] 2018-01-15T14:05:05.445462405Z: [    4.364345] Hangcheck: starting hangcheck timer 0.9.1 (tick is 180 seconds, margin is 60 seconds).
[STDERR  ] 2018-01-15T14:05:05.445472741Z: [    4.368790] random: fast init done
[STDERR  ] 2018-01-15T14:05:05.445481779Z: [    4.370152] random: crng init done
[STDERR  ] 2018-01-15T14:05:05.445495041Z: [    4.403983] loop: module loaded
[STDERR  ] 2018-01-15T14:05:05.445503446Z: [    4.416742] nbd: registered device at major 43
[STDERR  ] 2018-01-15T14:05:05.445512469Z: [    4.450364] lpc_ich 0000:00:1f.0: I/O space for GPIO uninitialized
[STDERR  ] 2018-01-15T14:05:05.445520059Z: [    4.452134] VMware PVSCSI driver - version 1.0.7.0-k
[STDERR  ] 2018-01-15T14:05:05.445526124Z: [    4.452891] hv_vmbus: registering driver hv_storvsc
[STDERR  ] 2018-01-15T14:05:05.445531853Z: [    4.461939] ACPI: PCI Interrupt Link [GSIA] enabled at IRQ 16
[STDERR  ] 2018-01-15T14:05:05.44553764Z: [    4.471092] ahci 0000:00:1f.2: AHCI 0001.0000 32 slots 6 ports 1.5 Gbps 0x3f impl SATA mode
[STDERR  ] 2018-01-15T14:05:05.445550648Z: [    4.471896] ahci 0000:00:1f.2: flags: 64bit ncq only 
[STDERR  ] 2018-01-15T14:05:05.44555701Z: [    4.493758] scsi host0: ahci
[STDERR  ] 2018-01-15T14:05:05.445563781Z: [    4.498174] scsi host1: ahci
[STDERR  ] 2018-01-15T14:05:05.445570128Z: [    4.500791] scsi host2: ahci
[STDERR  ] 2018-01-15T14:05:05.445575952Z: [    4.503095] scsi host3: ahci
[STDERR  ] 2018-01-15T14:05:05.44558172Z: [    4.504905] scsi host4: ahci
[STDERR  ] 2018-01-15T14:05:05.445587581Z: [    4.506596] scsi host5: ahci
[STDERR  ] 2018-01-15T14:05:05.445593299Z: [    4.508074] ata1: SATA max UDMA/133 abar m4096@0xfebd2000 port 0xfebd2100 irq 24
[STDERR  ] 2018-01-15T14:05:05.445599826Z: [    4.508533] ata2: SATA max UDMA/133 abar m4096@0xfebd2000 port 0xfebd2180 irq 24
[STDERR  ] 2018-01-15T14:05:05.445605964Z: [    4.508925] ata3: SATA max UDMA/133 abar m4096@0xfebd2000 port 0xfebd2200 irq 24
[STDERR  ] 2018-01-15T14:05:05.445615264Z: [    4.509222] ata4: SATA max UDMA/133 abar m4096@0xfebd2000 port 0xfebd2280 irq 24
[STDERR  ] 2018-01-15T14:05:05.445621244Z: [    4.509574] ata5: SATA max UDMA/133 abar m4096@0xfebd2000 port 0xfebd2300 irq 24
[STDERR  ] 2018-01-15T14:05:05.445627161Z: [    4.509879] ata6: SATA max UDMA/133 abar m4096@0xfebd2000 port 0xfebd2380 irq 24
[STDERR  ] 2018-01-15T14:05:05.445632849Z: [    4.523094] tun: Universal TUN/TAP device driver, 1.6
[STDERR  ] 2018-01-15T14:05:05.445638679Z: [    4.523537] tun: (C) 1999-2004 Max Krasnyansky <maxk@qualcomm.com>
[STDERR  ] 2018-01-15T14:05:05.445644339Z: [    4.533297] VMware vmxnet3 virtual NIC driver - version 1.4.a.0-k-NAPI
[STDERR  ] 2018-01-15T14:05:05.445650161Z: [    4.534136] hv_vmbus: registering driver hv_netvsc
[STDERR  ] 2018-01-15T14:05:05.445655707Z: [    4.534363] Fusion MPT base driver 3.04.20
[STDERR  ] 2018-01-15T14:05:05.445661603Z: [    4.534542] Copyright (c) 1999-2008 LSI Corporation
[STDERR  ] 2018-01-15T14:05:05.445667424Z: [    4.535505] Fusion MPT SPI Host driver 3.04.20
[STDERR  ] 2018-01-15T14:05:05.445673122Z: [    4.537374] i8042: PNP: PS/2 Controller [PNP0303:KBD,PNP0f13:MOU] at 0x60,0x64 irq 1,12
[STDERR  ] 2018-01-15T14:05:05.445678881Z: [    4.541464] serio: i8042 KBD port at 0x60,0x64 irq 1
[STDERR  ] 2018-01-15T14:05:05.445684691Z: [    4.542035] serio: i8042 AUX port at 0x60,0x64 irq 12
[STDERR  ] 2018-01-15T14:05:05.445690653Z: [    4.544692] hv_vmbus: registering driver hyperv_keyboard
[STDERR  ] 2018-01-15T14:05:05.445696696Z: [    4.546436] mousedev: PS/2 mouse device common for all mice
[STDERR  ] 2018-01-15T14:05:05.445702439Z: [    4.551538] input: AT Translated Set 2 keyboard as /devices/platform/i8042/serio0/input/input1
[STDERR  ] 2018-01-15T14:05:05.445708431Z: [    4.554071] input: PC Speaker as /devices/platform/pcspkr/input/input2
[STDERR  ] 2018-01-15T14:05:05.445714498Z: [    4.558046] rtc_cmos 00:00: RTC can wake from S4
[STDERR  ] 2018-01-15T14:05:05.445720245Z: [    4.561686] rtc_cmos 00:00: rtc core: registered rtc_cmos as rtc0
[STDERR  ] 2018-01-15T14:05:05.44572592Z: [    4.563001] rtc_cmos 00:00: alarms up to one day, y3k, 114 bytes nvram, hpet irqs
[STDERR  ] 2018-01-15T14:05:05.445731815Z: [    4.563571] i2c /dev entries driver
[STDERR  ] 2018-01-15T14:05:05.445737516Z: [    4.565250] device-mapper: ioctl: 4.35.0-ioctl (2016-06-23) initialised: dm-devel@redhat.com
[STDERR  ] 2018-01-15T14:05:05.445746649Z: [    4.569062] usbcore: registered new interface driver usbhid
[STDERR  ] 2018-01-15T14:05:05.445752455Z: [    4.569367] usbhid: USB HID core driver
[STDERR  ] 2018-01-15T14:05:05.445758115Z: [    4.569872] hv_utils: Registering HyperV Utility Driver
[STDERR  ] 2018-01-15T14:05:05.445767395Z: [    4.570134] hv_vmbus: registering driver hv_util
[STDERR  ] 2018-01-15T14:05:05.445775297Z: [    4.570639] hv_vmbus: registering driver hv_balloon
[STDERR  ] 2018-01-15T14:05:05.445781119Z: [    4.571334] oprofile: using NMI interrupt.
[STDERR  ] 2018-01-15T14:05:05.445786636Z: [    4.572311] GACT probability on
[STDERR  ] 2018-01-15T14:05:05.445797246Z: [    4.572825] Mirror/redirect action on
[STDERR  ] 2018-01-15T14:05:05.445803021Z: [    4.573578] Simple TC action Loaded
[STDERR  ] 2018-01-15T14:05:05.445808604Z: [    4.574116] u32 classifier
[STDERR  ] 2018-01-15T14:05:05.445814399Z: [    4.574280]     Performance counters on
[STDERR  ] 2018-01-15T14:05:05.445820359Z: [    4.574453]     input device check on
[STDERR  ] 2018-01-15T14:05:05.445825941Z: [    4.574620]     Actions configured
[STDERR  ] 2018-01-15T14:05:05.445831858Z: [    4.575202] Netfilter messages via NETLINK v0.30.
[STDERR  ] 2018-01-15T14:05:05.445837598Z: [    4.575779] nfnl_acct: registering with nfnetlink.
[STDERR  ] 2018-01-15T14:05:05.445843129Z: [    4.577085] nf_conntrack version 0.5.0 (8192 buckets, 32768 max)
[STDERR  ] 2018-01-15T14:05:05.445851185Z: [    4.580536] ctnetlink v0.93: registering with nfnetlink.
[STDERR  ] 2018-01-15T14:05:05.44585672Z: [    4.583591] nf_tables: (c) 2007-2009 Patrick McHardy <kaber@trash.net>
[STDERR  ] 2018-01-15T14:05:05.445868985Z: [    4.584387] nf_tables_compat: (c) 2012 Pablo Neira Ayuso <pablo@netfilter.org>
[STDERR  ] 2018-01-15T14:05:05.445875484Z: [    4.586834] xt_time: kernel timezone is -0000
[STDERR  ] 2018-01-15T14:05:05.445881067Z: [    4.587301] ip_set: protocol 6
[STDERR  ] 2018-01-15T14:05:05.445886838Z: [    4.588054] IPVS: Registered protocols (TCP, UDP, SCTP, AH, ESP)
[STDERR  ] 2018-01-15T14:05:05.445892417Z: [    4.588584] IPVS: Connection hash table configured (size=4096, memory=64Kbytes)
[STDERR  ] 2018-01-15T14:05:05.44589802Z: [    4.590620] IPVS: Creating netns size=2104 id=0
[STDERR  ] 2018-01-15T14:05:05.445903658Z: [    4.594471] IPVS: ipvs loaded.
[STDERR  ] 2018-01-15T14:05:05.445909753Z: [    4.594833] IPVS: [rr] scheduler registered.
[STDERR  ] 2018-01-15T14:05:05.445915711Z: [    4.595090] IPVS: [wrr] scheduler registered.
[STDERR  ] 2018-01-15T14:05:05.44592136Z: [    4.595308] IPVS: [lc] scheduler registered.
[STDERR  ] 2018-01-15T14:05:05.445927187Z: [    4.595527] IPVS: [wlc] scheduler registered.
[STDERR  ] 2018-01-15T14:05:05.445934933Z: [    4.595754] IPVS: [fo] scheduler registered.
[STDERR  ] 2018-01-15T14:05:05.445941082Z: [    4.595951] IPVS: [ovf] scheduler registered.
[STDERR  ] 2018-01-15T14:05:05.445946581Z: [    4.596347] IPVS: [lblc] scheduler registered.
[STDERR  ] 2018-01-15T14:05:05.445952722Z: [    4.596678] IPVS: [lblcr] scheduler registered.
[STDERR  ] 2018-01-15T14:05:05.44595839Z: [    4.596932] IPVS: [dh] scheduler registered.
[STDERR  ] 2018-01-15T14:05:05.44596404Z: [    4.597135] IPVS: [sh] scheduler registered.
[STDERR  ] 2018-01-15T14:05:05.445969677Z: [    4.597306] IPVS: [sed] scheduler registered.
[STDERR  ] 2018-01-15T14:05:05.445975347Z: [    4.597508] IPVS: [nq] scheduler registered.
[STDERR  ] 2018-01-15T14:05:05.445984086Z: [    4.598154] IPVS: ftp: loaded support on port[0] = 21
[STDERR  ] 2018-01-15T14:05:05.445989939Z: [    4.598897] ipip: IPv4 and MPLS over IPv4 tunneling driver
[STDERR  ] 2018-01-15T14:05:05.445995614Z: [    4.602879] gre: GRE over IPv4 demultiplexor driver
[STDERR  ] 2018-01-15T14:05:05.446001331Z: [    4.605972] ip_tables: (C) 2000-2006 Netfilter Core Team
[STDERR  ] 2018-01-15T14:05:05.44600706Z: [    4.609228] ipt_CLUSTERIP: ClusterIP Version 0.8 loaded successfully
[STDERR  ] 2018-01-15T14:05:05.446013444Z: [    4.610431] arp_tables: arp_tables: (C) 2002 David S. Miller
[STDERR  ] 2018-01-15T14:05:05.446022523Z: [    4.612790] NET: Registered protocol family 10
[STDERR  ] 2018-01-15T14:05:05.446028258Z: [    4.621990] ip6_tables: (C) 2000-2006 Netfilter Core Team
[STDERR  ] 2018-01-15T14:05:05.446033992Z: [    4.629649] NET: Registered protocol family 17
[STDERR  ] 2018-01-15T14:05:05.446039572Z: [    4.631768] Bridge firewalling registered
[STDERR  ] 2018-01-15T14:05:05.446045195Z: [    4.632333] Ebtables v2.0 registered
[STDERR  ] 2018-01-15T14:05:05.446052628Z: [    4.634556] 8021q: 802.1Q VLAN Support v1.8
[STDERR  ] 2018-01-15T14:05:05.44605826Z: [    4.636128] 9pnet: Installing 9P2000 support
[STDERR  ] 2018-01-15T14:05:05.446066737Z: [    4.637943] Key type dns_resolver registered
[STDERR  ] 2018-01-15T14:05:05.446072486Z: [    4.638929] microcode: AMD CPU family 0x6 not supported
[STDERR  ] 2018-01-15T14:05:05.446078111Z: [    4.642523] registered taskstats version 1
[STDERR  ] 2018-01-15T14:05:05.446083687Z: [    4.822248] Key type big_key registered
[STDERR  ] 2018-01-15T14:05:05.44608937Z: [    4.845719] ata2: SATA link down (SStatus 0 SControl 300)
[STDERR  ] 2018-01-15T14:05:05.446095091Z: [    4.848346] ata1: SATA link down (SStatus 0 SControl 300)
[STDERR  ] 2018-01-15T14:05:05.446100815Z: [    4.850643] ata4: SATA link down (SStatus 0 SControl 300)
[STDERR  ] 2018-01-15T14:05:05.446106354Z: [    4.851512] ata3: SATA link up 1.5 Gbps (SStatus 113 SControl 300)
[STDERR  ] 2018-01-15T14:05:05.446112392Z: [    4.855020] ata3.00: ATAPI: QEMU DVD-ROM, 2.5+, max UDMA/100
[STDERR  ] 2018-01-15T14:05:05.44611797Z: [    4.855563] ata3.00: applying bridge limits
[STDERR  ] 2018-01-15T14:05:05.446123563Z: [    4.861168] ata3.00: configured for UDMA/100
[STDERR  ] 2018-01-15T14:05:05.446129325Z: [    4.862650] ata6: SATA link down (SStatus 0 SControl 300)
[STDERR  ] 2018-01-15T14:05:05.446135047Z: [    4.863141] ata5: SATA link down (SStatus 0 SControl 300)
[STDERR  ] 2018-01-15T14:05:05.446140607Z: [    4.889847] scsi 2:0:0:0: CD-ROM            QEMU     QEMU DVD-ROM     2.5+ PQ: 0 ANSI: 5
[STDERR  ] 2018-01-15T14:05:05.446146254Z: [    4.914219] sr 2:0:0:0: [sr0] scsi3-mmc drive: 4x/4x cd/rw xa/form2 tray
[STDERR  ] 2018-01-15T14:05:05.446152011Z: [    4.914890] cdrom: Uniform CD-ROM driver Revision: 3.20
[STDERR  ] 2018-01-15T14:05:05.446157844Z: [    4.924695] sr 2:0:0:0: Attached scsi generic sg0 type 5
[STDERR  ] 2018-01-15T14:05:05.446165742Z: [    4.982442] Key type encrypted registered
[STDERR  ] 2018-01-15T14:05:05.446171318Z: [    4.987483] rtc_cmos 00:00: setting system clock to 2018-01-15 14:04:45 UTC (1516025085)
[STDERR  ] 2018-01-15T14:05:05.446176954Z: [    5.119559] Freeing unused kernel memory: 1396K
[STDERR  ] 2018-01-15T14:05:05.446182441Z: [    5.119865] Write protecting the kernel read-only data: 12288k
[STDERR  ] 2018-01-15T14:05:05.446189777Z: [    5.125935] Freeing unused kernel memory: 124K
[STDERR  ] 2018-01-15T14:05:05.446196114Z: [    5.214999] Freeing unused kernel memory: 1396K
[STDERR  ] 2018-01-15T14:05:05.446202068Z: [    5.215717] tsc: Refined TSC clocksource calibration: 2599.808 MHz
[STDERR  ] 2018-01-15T14:05:05.446207741Z: [    5.216224] clocksource: tsc: mask: 0xffffffffffffffff max_cycles: 0x257986cf4f8, max_idle_ns: 440795301691 ns
[STDERR  ] 2018-01-15T14:05:05.446213565Z: [    6.224473] clocksource: Switched to clocksource tsc
[STDERR  ] 2018-01-15T14:05:05.446219224Z: 
[STDERR  ] 2018-01-15T14:05:05.446224921Z: Welcome to LinuxKit
[STDERR  ] 2018-01-15T14:05:05.446230466Z: 
[STDERR  ] 2018-01-15T14:05:05.446236007Z:                         ##         .
[STDERR  ] 2018-01-15T14:05:05.446242066Z:                   ## ## ##        ==
[STDERR  ] 2018-01-15T14:05:05.446247565Z:                ## ## ## ## ##    ===
[STDERR  ] 2018-01-15T14:05:05.446253064Z:            /"""""""""""""""""\___/ ===
[STDERR  ] 2018-01-15T14:05:05.446258606Z:           {                       /  ===-
[STDERR  ] 2018-01-15T14:05:05.446264135Z:            \______ O           __/
[STDERR  ] 2018-01-15T14:05:05.446269674Z:              \    \         __/
[STDERR  ] 2018-01-15T14:05:05.446278507Z:               \____\_______/
[STDERR  ] 2018-01-15T14:05:05.446284132Z: 
[STDERR  ] 2018-01-15T14:05:05.446289767Z: sysctl test suite PASSED
[STDERR  ] 2018-01-15T14:05:05.446295381Z: [   24.083949] ACPI: Preparing to enter system sleep state S5
[STDERR  ] 2018-01-15T14:05:05.446300962Z: [   24.085415] reboot: Power down
[STDERR  ] 2018-01-15T14:05:05.446306931Z: + echo [    0.000000] Linux version 4.9.76-linuxkit (root@1dc47965cda0) (gcc version 6.4.0 (Alpine 6.4.0) ) #1 SMP Wed Jan 10 11:40:11 UTC 2018
[STDERR  ] 2018-01-15T14:05:05.446313656Z: [    0.000000] Command line: console=ttyS0 console=ttyAMA0
[STDERR  ] 2018-01-15T14:05:05.446322187Z: [    0.000000] x86/fpu: Legacy x87 FPU detected.
[STDERR  ] 2018-01-15T14:05:05.446327942Z: [    0.000000] x86/fpu: Using 'eager' FPU context switches.
[STDERR  ] 2018-01-15T14:05:05.44633348Z: [    0.000000] e820: BIOS-provided physical RAM map:
[STDERR  ] 2018-01-15T14:05:05.446339019Z: [    0.000000] BIOS-e820: [mem 0x0000000000000000-0x000000000009fbff] usable
[STDERR  ] 2018-01-15T14:05:05.446344817Z: [    0.000000] BIOS-e820: [mem 0x000000000009fc00-0x000000000009ffff] reserved
[STDERR  ] 2018-01-15T14:05:05.446350792Z: [    0.000000] BIOS-e820: [mem 0x00000000000f0000-0x00000000000fffff] reserved
[STDERR  ] 2018-01-15T14:05:05.446356365Z: [    0.000000] BIOS-e820: [mem 0x0000000000100000-0x000000003ffdefff] usable
[STDERR  ] 2018-01-15T14:05:05.446361963Z: [    0.000000] BIOS-e820: [mem 0x000000003ffdf000-0x000000003fffffff] reserved
[STDERR  ] 2018-01-15T14:05:05.446367498Z: [    0.000000] BIOS-e820: [mem 0x00000000b0000000-0x00000000bfffffff] reserved
[STDERR  ] 2018-01-15T14:05:05.446373596Z: [    0.000000] BIOS-e820: [mem 0x00000000fed1c000-0x00000000fed1ffff] reserved
[STDERR  ] 2018-01-15T14:05:05.446383627Z: [    0.000000] BIOS-e820: [mem 0x00000000fffc0000-0x00000000ffffffff] reserved
[STDERR  ] 2018-01-15T14:05:05.446391068Z: [    0.000000] NX (Execute Disable) protection: active
[STDERR  ] 2018-01-15T14:05:05.446396679Z: [    0.000000] SMBIOS 2.8 present.
[STDERR  ] 2018-01-15T14:05:05.446402206Z: [    0.000000] Kernel/User page tables isolation: disabled
[STDERR  ] 2018-01-15T14:05:05.446407823Z: [    0.000000] e820: last_pfn = 0x3ffdf max_arch_pfn = 0x400000000
[STDERR  ] 2018-01-15T14:05:05.446413362Z: [    0.000000] x86/PAT: Configuration [0-7]: WB  WC  UC- UC  WB  WC  UC- WT  
[STDERR  ] 2018-01-15T14:05:05.446418994Z: [    0.000000] found SMP MP-table at [mem 0x000f6aa0-0x000f6aaf] mapped at [ffff93c5c00f6aa0]
[STDERR  ] 2018-01-15T14:05:05.446424525Z: [    0.000000] RAMDISK: [mem 0x3e772000-0x3ffcffff]
[STDERR  ] 2018-01-15T14:05:05.446430132Z: [    0.000000] ACPI: Early table checksum verification disabled
[STDERR  ] 2018-01-15T14:05:05.446435744Z: [    0.000000] ACPI: RSDP 0x00000000000F68B0 000014 (v00 BOCHS )
[STDERR  ] 2018-01-15T14:05:05.446443199Z: [    0.000000] ACPI: RSDT 0x000000003FFE20A8 000034 (v01 BOCHS  BXPCRSDT 00000001 BXPC 00000001)
[STDERR  ] 2018-01-15T14:05:05.446448914Z: [    0.000000] ACPI: FACP 0x000000003FFE1EC8 0000F4 (v03 BOCHS  BXPCFACP 00000001 BXPC 00000001)
[STDERR  ] 2018-01-15T14:05:05.446454613Z: [    0.000000] ACPI: DSDT 0x000000003FFE0040 001E88 (v01 BOCHS  BXPCDSDT 00000001 BXPC 00000001)
[STDERR  ] 2018-01-15T14:05:05.446462067Z: [    0.000000] ACPI: FACS 0x000000003FFE0000 000040
[STDERR  ] 2018-01-15T14:05:05.446467705Z: [    0.000000] ACPI: APIC 0x000000003FFE1FBC 000078 (v01 BOCHS  BXPCAPIC 00000001 BXPC 00000001)
[STDERR  ] 2018-01-15T14:05:05.446473344Z: [    0.000000] ACPI: HPET 0x000000003FFE2034 000038 (v01 BOCHS  BXPCHPET 00000001 BXPC 00000001)
[STDERR  ] 2018-01-15T14:05:05.446478964Z: [    0.000000] ACPI: MCFG 0x000000003FFE206C 00003C (v01 BOCHS  BXPCMCFG 00000001 BXPC 00000001)
[STDERR  ] 2018-01-15T14:05:05.446484626Z: [    0.000000] Zone ranges:
[STDERR  ] 2018-01-15T14:05:05.446490734Z: [    0.000000]   DMA      [mem 0x0000000000001000-0x0000000000ffffff]
[STDERR  ] 2018-01-15T14:05:05.446496481Z: [    0.000000]   DMA32    [mem 0x0000000001000000-0x000000003ffdefff]
[STDERR  ] 2018-01-15T14:05:05.446505137Z: [    0.000000]   Normal   empty
[STDERR  ] 2018-01-15T14:05:05.446511164Z: [    0.000000] Movable zone start for each node
[STDERR  ] 2018-01-15T14:05:05.446516771Z: [    0.000000] Early memory node ranges
[STDERR  ] 2018-01-15T14:05:05.446522289Z: [    0.000000]   node   0: [mem 0x0000000000001000-0x000000000009efff]
[STDERR  ] 2018-01-15T14:05:05.446527856Z: [    0.000000]   node   0: [mem 0x0000000000100000-0x000000003ffdefff]
[STDERR  ] 2018-01-15T14:05:05.446533406Z: [    0.000000] Initmem setup node 0 [mem 0x0000000000001000-0x000000003ffdefff]
[STDERR  ] 2018-01-15T14:05:05.446538991Z: [    0.000000] ACPI: PM-Timer IO Port: 0x608
[STDERR  ] 2018-01-15T14:05:05.446548151Z: [    0.000000] ACPI: LAPIC_NMI (acpi_id[0xff] dfl dfl lint[0x1])
[STDERR  ] 2018-01-15T14:05:05.446553854Z: [    0.000000] IOAPIC[0]: apic_id 0, version 32, address 0xfec00000, GSI 0-23
[STDERR  ] 2018-01-15T14:05:05.446562431Z: [    0.000000] ACPI: INT_SRC_OVR (bus 0 bus_irq 0 global_irq 2 dfl dfl)
[STDERR  ] 2018-01-15T14:05:05.446567967Z: [    0.000000] ACPI: INT_SRC_OVR (bus 0 bus_irq 5 global_irq 5 high level)
[STDERR  ] 2018-01-15T14:05:05.44657344Z: [    0.000000] ACPI: INT_SRC_OVR (bus 0 bus_irq 9 global_irq 9 high level)
[STDERR  ] 2018-01-15T14:05:05.446578991Z: [    0.000000] ACPI: INT_SRC_OVR (bus 0 bus_irq 10 global_irq 10 high level)
[STDERR  ] 2018-01-15T14:05:05.446584526Z: [    0.000000] ACPI: INT_SRC_OVR (bus 0 bus_irq 11 global_irq 11 high level)
[STDERR  ] 2018-01-15T14:05:05.446590037Z: [    0.000000] Using ACPI (MADT) for SMP configuration information
[STDERR  ] 2018-01-15T14:05:05.446595751Z: [    0.000000] ACPI: HPET id: 0x8086a201 base: 0xfed00000
[STDERR  ] 2018-01-15T14:05:05.446601343Z: [    0.000000] smpboot: Allowing 1 CPUs, 0 hotplug CPUs
[STDERR  ] 2018-01-15T14:05:05.446606881Z: [    0.000000] e820: [mem 0x40000000-0xafffffff] available for PCI devices
[STDERR  ] 2018-01-15T14:05:05.446613145Z: [    0.000000] Booting paravirtualized kernel on bare hardware
[STDERR  ] 2018-01-15T14:05:05.446621607Z: [    0.000000] clocksource: refined-jiffies: mask: 0xffffffff max_cycles: 0xffffffff, max_idle_ns: 19112604462750000 ns
[STDERR  ] 2018-01-15T14:05:05.446631041Z: [    0.000000] setup_percpu: NR_CPUS:128 nr_cpumask_bits:128 nr_cpu_ids:1 nr_node_ids:1
[STDERR  ] 2018-01-15T14:05:05.446639265Z: [    0.000000] percpu: Embedded 36 pages/cpu @ffff93c5fe400000 s106904 r8192 d32360 u2097152
[STDERR  ] 2018-01-15T14:05:05.44665011Z: [    0.000000] Built 1 zonelists in Zone order, mobility grouping on.  Total pages: 257896
[STDERR  ] 2018-01-15T14:05:05.446658182Z: [    0.000000] Kernel command line: console=ttyS0 console=ttyAMA0
[STDERR  ] 2018-01-15T14:05:05.446665993Z: [    0.000000] PID hash table entries: 4096 (order: 3, 32768 bytes)
[STDERR  ] 2018-01-15T14:05:05.446673729Z: [    0.000000] Dentry cache hash table entries: 131072 (order: 8, 1048576 bytes)
[STDERR  ] 2018-01-15T14:05:05.446682475Z: [    0.000000] Inode-cache hash table entries: 65536 (order: 7, 524288 bytes)
[STDERR  ] 2018-01-15T14:05:05.446690233Z: [    0.000000] Memory: 989188K/1048052K available (8053K kernel code, 1391K rwdata, 2700K rodata, 1396K init, 564K bss, 58864K reserved, 0K cma-reserved)
[STDERR  ] 2018-01-15T14:05:05.446698575Z: [    0.000000] Hierarchical RCU implementation.
[STDERR  ] 2018-01-15T14:05:05.446705925Z: [    0.000000] 	Build-time adjustment of leaf fanout to 64.
[STDERR  ] 2018-01-15T14:05:05.446713901Z: [    0.000000] 	RCU restricting CPUs from NR_CPUS=128 to nr_cpu_ids=1.
[STDERR  ] 2018-01-15T14:05:05.446724941Z: [    0.000000] RCU: Adjusting geometry for rcu_fanout_leaf=64, nr_cpu_ids=1
[STDERR  ] 2018-01-15T14:05:05.446733215Z: [    0.000000] NR_IRQS:8448 nr_irqs:256 16
[STDERR  ] 2018-01-15T14:05:05.446741371Z: [    0.000000] Console: colour VGA+ 80x25
[STDERR  ] 2018-01-15T14:05:05.446750138Z: [    0.000000] console [ttyS0] enabled
[STDERR  ] 2018-01-15T14:05:05.446758266Z: [    0.000000] clocksource: hpet: mask: 0xffffffff max_cycles: 0xffffffff, max_idle_ns: 19112604467 ns
[STDERR  ] 2018-01-15T14:05:05.446770591Z: [    0.000000] tsc: Fast TSC calibration using PIT
[STDERR  ] 2018-01-15T14:05:05.446778864Z: [    0.000000] tsc: Detected 2599.814 MHz processor
[STDERR  ] 2018-01-15T14:05:05.446787505Z: [    0.032399] Calibrating delay loop (skipped), value calculated using timer frequency.. 5199.62 BogoMIPS (lpj=25998140)
[STDERR  ] 2018-01-15T14:05:05.446797196Z: [    0.033460] pid_max: default: 32768 minimum: 301
[STDERR  ] 2018-01-15T14:05:05.44680628Z: [    0.034388] ACPI: Core revision 20160831
[STDERR  ] 2018-01-15T14:05:05.446814744Z: [    0.059135] ACPI: 1 ACPI AML tables successfully acquired and loaded
[STDERR  ] 2018-01-15T14:05:05.446829765Z: [    0.063540] Security Framework initialized
[STDERR  ] 2018-01-15T14:05:05.446838325Z: [    0.064002] Yama: becoming mindful.
[STDERR  ] 2018-01-15T14:05:05.446844495Z: [    0.065927] Mount-cache hash table entries: 2048 (order: 2, 16384 bytes)
[STDERR  ] 2018-01-15T14:05:05.446851089Z: [    0.066328] Mountpoint-cache hash table entries: 2048 (order: 2, 16384 bytes)
[STDERR  ] 2018-01-15T14:05:05.446857157Z: [    0.084712] Last level iTLB entries: 4KB 0, 2MB 0, 4MB 0
[STDERR  ] 2018-01-15T14:05:05.446865195Z: [    0.085155] Last level dTLB entries: 4KB 0, 2MB 0, 4MB 0, 1GB 0
[STDERR  ] 2018-01-15T14:05:05.446871034Z: [    0.424230] Freeing SMP alternatives memory: 20K
[STDERR  ] 2018-01-15T14:05:05.446876819Z: [    0.434562] ftrace: allocating 35552 entries in 139 pages
[STDERR  ] 2018-01-15T14:05:05.446882535Z: [    0.512590] smpboot: Max logical packages: 1
[STDERR  ] 2018-01-15T14:05:05.446890601Z: [    0.519200] ..TIMER: vector=0x30 apic1=0 pin1=2 apic2=-1 pin2=-1
[STDERR  ] 2018-01-15T14:05:05.446896551Z: [    0.620000] smpboot: CPU0: AMD QEMU Virtual CPU version 2.5+ (family: 0x6, model: 0x6, stepping: 0x3)
[STDERR  ] 2018-01-15T14:05:05.446902847Z: [    0.620000] Performance Events: PMU not available due to virtualization, using software events only.
[STDERR  ] 2018-01-15T14:05:05.446909742Z: [    0.630245] NMI watchdog: disabled (cpu0): hardware events not enabled
[STDERR  ] 2018-01-15T14:05:05.44691666Z: [    0.630660] NMI watchdog: Shutting down hard lockup detector on all cpus
[STDERR  ] 2018-01-15T14:05:05.44692266Z: [    0.634071] x86: Booted up 1 node, 1 CPUs
[STDERR  ] 2018-01-15T14:05:05.446928822Z: [    0.634508] smpboot: Total of 1 processors activated (5199.62 BogoMIPS)
[STDERR  ] 2018-01-15T14:05:05.446934577Z: [    0.650427] devtmpfs: initialized
[STDERR  ] 2018-01-15T14:05:05.446940496Z: [    0.656246] x86/mm: Memory block size: 128MB
[STDERR  ] 2018-01-15T14:05:05.446946222Z: [    0.688026] clocksource: jiffies: mask: 0xffffffff max_cycles: 0xffffffff, max_idle_ns: 19112604462750000 ns
[STDERR  ] 2018-01-15T14:05:05.446952441Z: [    0.688916] futex hash table entries: 256 (order: 2, 16384 bytes)
[STDERR  ] 2018-01-15T14:05:05.446958275Z: [    0.698714] NET: Registered protocol family 16
[STDERR  ] 2018-01-15T14:05:05.44698879Z: [    0.708352] cpuidle: using governor ladder
[STDERR  ] 2018-01-15T14:05:05.447001736Z: [    0.708798] cpuidle: using governor menu
[STDERR  ] 2018-01-15T14:05:05.447010401Z: [    0.710159] ACPI: bus type PCI registered
[STDERR  ] 2018-01-15T14:05:05.44701933Z: [    0.713323] PCI: MMCONFIG for domain 0000 [bus 00-ff] at [mem 0xb0000000-0xbfffffff] (base 0xb0000000)
[STDERR  ] 2018-01-15T14:05:05.447030786Z: [    0.713963] PCI: MMCONFIG at [mem 0xb0000000-0xbfffffff] reserved in E820
[STDERR  ] 2018-01-15T14:05:05.44704Z: [    0.714808] PCI: Using configuration type 1 for base access
[STDERR  ] 2018-01-15T14:05:05.447050994Z: [    0.749680] HugeTLB registered 2 MB page size, pre-allocated 0 pages
[STDERR  ] 2018-01-15T14:05:05.447057204Z: [    0.762116] ACPI: Added _OSI(Module Device)
[STDERR  ] 2018-01-15T14:05:05.447063387Z: [    0.762420] ACPI: Added _OSI(Processor Device)
[STDERR  ] 2018-01-15T14:05:05.447069307Z: [    0.762650] ACPI: Added _OSI(3.0 _SCP Extensions)
[STDERR  ] 2018-01-15T14:05:05.447077778Z: [    0.762899] ACPI: Added _OSI(Processor Aggregator Device)
[STDERR  ] 2018-01-15T14:05:05.447087164Z: [    0.817263] ACPI: Interpreter enabled
[STDERR  ] 2018-01-15T14:05:05.447093008Z: [    0.818138] ACPI: (supports S0 S5)
[STDERR  ] 2018-01-15T14:05:05.447098749Z: [    0.818421] ACPI: Using IOAPIC for interrupt routing
[STDERR  ] 2018-01-15T14:05:05.447104401Z: [    0.821133] PCI: Using host bridge windows from ACPI; if necessary, use "pci=nocrs" and report a bug
[STDERR  ] 2018-01-15T14:05:05.447110035Z: [    0.866198] ACPI: PCI Root Bridge [PCI0] (domain 0000 [bus 00-ff])
[STDERR  ] 2018-01-15T14:05:05.447115838Z: [    0.867184] acpi PNP0A08:00: _OSC: OS supports [ExtendedConfig ASPM ClockPM Segments MSI]
[STDERR  ] 2018-01-15T14:05:05.447121596Z: [    0.872551] acpi PNP0A08:00: _OSC: OS now controls [PCIeHotplug PME PCIeCapability]
[STDERR  ] 2018-01-15T14:05:05.447130417Z: [    0.876078] PCI host bridge to bus 0000:00
[STDERR  ] 2018-01-15T14:05:05.447136057Z: [    0.876499] pci_bus 0000:00: root bus resource [io  0x0000-0x0cf7 window]
[STDERR  ] 2018-01-15T14:05:05.447141753Z: [    0.876858] pci_bus 0000:00: root bus resource [io  0x0d00-0xffff window]
[STDERR  ] 2018-01-15T14:05:05.447148451Z: [    0.877160] pci_bus 0000:00: root bus resource [mem 0x000a0000-0x000bffff window]
[STDERR  ] 2018-01-15T14:05:05.44715461Z: [    0.877487] pci_bus 0000:00: root bus resource [mem 0xc0000000-0xfebfffff window]
[STDERR  ] 2018-01-15T14:05:05.447160453Z: [    0.878001] pci_bus 0000:00: root bus resource [bus 00-ff]
[STDERR  ] 2018-01-15T14:05:05.447166159Z: [    1.051741] pci 0000:00:1f.0: quirk: [io  0x0600-0x067f] claimed by ICH6 ACPI/GPIO/TCO
[STDERR  ] 2018-01-15T14:05:05.447172222Z: [    1.146420] ACPI: PCI Interrupt Link [LNKA] (IRQs 5 *10 11)
[STDERR  ] 2018-01-15T14:05:05.447177949Z: [    1.148365] ACPI: PCI Interrupt Link [LNKB] (IRQs 5 *10 11)
[STDERR  ] 2018-01-15T14:05:05.44718373Z: [    1.150464] ACPI: PCI Interrupt Link [LNKC] (IRQs 5 10 *11)
[STDERR  ] 2018-01-15T14:05:05.447189422Z: [    1.151850] ACPI: PCI Interrupt Link [LNKD] (IRQs 5 10 *11)
[STDERR  ] 2018-01-15T14:05:05.447195199Z: [    1.153140] ACPI: PCI Interrupt Link [LNKE] (IRQs 5 *10 11)
[STDERR  ] 2018-01-15T14:05:05.447200903Z: [    1.154385] ACPI: PCI Interrupt Link [LNKF] (IRQs 5 *10 11)
[STDERR  ] 2018-01-15T14:05:05.447206628Z: [    1.155626] ACPI: PCI Interrupt Link [LNKG] (IRQs 5 10 *11)
[STDERR  ] 2018-01-15T14:05:05.447212544Z: [    1.157067] ACPI: PCI Interrupt Link [LNKH] (IRQs 5 10 *11)
[STDERR  ] 2018-01-15T14:05:05.447218347Z: [    1.157761] ACPI: PCI Interrupt Link [GSIA] (IRQs *16)
[STDERR  ] 2018-01-15T14:05:05.447226511Z: [    1.158279] ACPI: PCI Interrupt Link [GSIB] (IRQs *17)
[STDERR  ] 2018-01-15T14:05:05.447232338Z: [    1.158760] ACPI: PCI Interrupt Link [GSIC] (IRQs *18)
[STDERR  ] 2018-01-15T14:05:05.447237865Z: [    1.159244] ACPI: PCI Interrupt Link [GSID] (IRQs *19)
[STDERR  ] 2018-01-15T14:05:05.447243475Z: [    1.160232] ACPI: PCI Interrupt Link [GSIE] (IRQs *20)
[STDERR  ] 2018-01-15T14:05:05.447249132Z: [    1.160727] ACPI: PCI Interrupt Link [GSIF] (IRQs *21)
[STDERR  ] 2018-01-15T14:05:05.447254624Z: [    1.161231] ACPI: PCI Interrupt Link [GSIG] (IRQs *22)
[STDERR  ] 2018-01-15T14:05:05.447260278Z: [    1.161739] ACPI: PCI Interrupt Link [GSIH] (IRQs *23)
[STDERR  ] 2018-01-15T14:05:05.447265934Z: [    1.164677] ACPI: Enabled 1 GPEs in block 00 to 3F
[STDERR  ] 2018-01-15T14:05:05.447271577Z: [    1.167903] SCSI subsystem initialized
[STDERR  ] 2018-01-15T14:05:05.447277087Z: [    1.170232] ACPI: bus type USB registered
[STDERR  ] 2018-01-15T14:05:05.44728263Z: [    1.171317] usbcore: registered new interface driver usbfs
[STDERR  ] 2018-01-15T14:05:05.447288192Z: [    1.172113] usbcore: registered new interface driver hub
[STDERR  ] 2018-01-15T14:05:05.447293743Z: [    1.172936] usbcore: registered new device driver usb
[STDERR  ] 2018-01-15T14:05:05.447299257Z: [    1.174154] pps_core: LinuxPPS API ver. 1 registered
[STDERR  ] 2018-01-15T14:05:05.447304792Z: [    1.174398] pps_core: Software ver. 5.3.6 - Copyright 2005-2007 Rodolfo Giometti <giometti@linux.it>
[STDERR  ] 2018-01-15T14:05:05.447313365Z: [    1.174745] PTP clock support registered
[STDERR  ] 2018-01-15T14:05:05.447322652Z: [    1.175897] wmi: Mapper loaded
[STDERR  ] 2018-01-15T14:05:05.44732861Z: [    1.177340] PCI: Using ACPI for IRQ routing
[STDERR  ] 2018-01-15T14:05:05.447334643Z: [    1.193126] NetLabel: Initializing
[STDERR  ] 2018-01-15T14:05:05.447340403Z: [    1.193353] NetLabel:  domain hash size = 128
[STDERR  ] 2018-01-15T14:05:05.447345988Z: [    1.193768] NetLabel:  protocols = UNLABELED CIPSOv4
[STDERR  ] 2018-01-15T14:05:05.447351488Z: [    1.196247] NetLabel:  unlabeled traffic allowed by default
[STDERR  ] 2018-01-15T14:05:05.447357067Z: [    1.197383] HPET: 3 timers in total, 0 timers will be used for per-cpu timer
[STDERR  ] 2018-01-15T14:05:05.447365983Z: [    1.198110] hpet0: at MMIO 0xfed00000, IRQs 2, 8, 0
[STDERR  ] 2018-01-15T14:05:05.447371696Z: [    1.198569] hpet0: 3 comparators, 64-bit 100.000000 MHz counter
[STDERR  ] 2018-01-15T14:05:05.44737736Z: [    1.206724] clocksource: Switched to clocksource hpet
[STDERR  ] 2018-01-15T14:05:05.447388265Z: [    1.364259] VFS: Disk quotas dquot_6.6.0
[STDERR  ] 2018-01-15T14:05:05.44739402Z: [    1.364936] VFS: Dquot-cache hash table entries: 512 (order 0, 4096 bytes)
[STDERR  ] 2018-01-15T14:05:05.447399757Z: [    1.368302] FS-Cache: Loaded
[STDERR  ] 2018-01-15T14:05:05.447405645Z: [    1.373847] CacheFiles: Loaded
[STDERR  ] 2018-01-15T14:05:05.447411385Z: [    1.375259] pnp: PnP ACPI init
[STDERR  ] 2018-01-15T14:05:05.447417258Z: [    1.383477] pnp: PnP ACPI: found 5 devices
[STDERR  ] 2018-01-15T14:05:05.44742295Z: [    1.418445] clocksource: acpi_pm: mask: 0xffffff max_cycles: 0xffffff, max_idle_ns: 2085701024 ns
[STDERR  ] 2018-01-15T14:05:05.447428915Z: [    1.421782] NET: Registered protocol family 2
[STDERR  ] 2018-01-15T14:05:05.447435064Z: [    1.429187] TCP established hash table entries: 8192 (order: 4, 65536 bytes)
[STDERR  ] 2018-01-15T14:05:05.447440928Z: [    1.429958] TCP bind hash table entries: 8192 (order: 5, 131072 bytes)
[STDERR  ] 2018-01-15T14:05:05.447446887Z: [    1.430881] TCP: Hash tables configured (established 8192 bind 8192)
[STDERR  ] 2018-01-15T14:05:05.447453382Z: [    1.432343] UDP hash table entries: 512 (order: 2, 16384 bytes)
[STDERR  ] 2018-01-15T14:05:05.447462121Z: [    1.432858] UDP-Lite hash table entries: 512 (order: 2, 16384 bytes)
[STDERR  ] 2018-01-15T14:05:05.447468288Z: [    1.435040] NET: Registered protocol family 1
[STDERR  ] 2018-01-15T14:05:05.44747666Z: [    1.436051] pci 0000:00:01.0: Video device with shadowed ROM at [mem 0x000c0000-0x000dffff]
[STDERR  ] 2018-01-15T14:05:05.447482508Z: [    1.444023] Unpacking initramfs...
[STDERR  ] 2018-01-15T14:05:05.447490608Z: [    4.184294] Freeing initrd memory: 24952K
[STDERR  ] 2018-01-15T14:05:05.447496368Z: [    4.211386] PCLMULQDQ-NI instructions are not detected.
[STDERR  ] 2018-01-15T14:05:05.447501922Z: [    4.212769] AVX or AES-NI instructions are not detected.
[STDERR  ] 2018-01-15T14:05:05.447507505Z: [    4.213244] CPU feature 'AVX registers' is not supported.
[STDERR  ] 2018-01-15T14:05:05.447513066Z: [    4.213642] CPU feature 'AVX registers' is not supported.
[STDERR  ] 2018-01-15T14:05:05.447518699Z: [    4.214001] CPU feature 'AVX registers' is not supported.
[STDERR  ] 2018-01-15T14:05:05.447524164Z: [    4.214307] CPU feature 'AVX registers' is not supported.
[STDERR  ] 2018-01-15T14:05:05.447529612Z: [    4.214628] AVX2 or AES-NI instructions are not detected.
[STDERR  ] 2018-01-15T14:05:05.447535305Z: [    4.214914] AVX2 instructions are not detected.
[STDERR  ] 2018-01-15T14:05:05.447541542Z: [    4.222321] audit: initializing netlink subsys (disabled)
[STDERR  ] 2018-01-15T14:05:05.44754713Z: [    4.223991] audit: type=2000 audit(1516025084.220:1): initialized
[STDERR  ] 2018-01-15T14:05:05.447552903Z: [    4.229985] workingset: timestamp_bits=46 max_order=18 bucket_order=0
[STDERR  ] 2018-01-15T14:05:05.447558515Z: [    4.235032] squashfs: version 4.0 (2009/01/31) Phillip Lougher
[STDERR  ] 2018-01-15T14:05:05.447564349Z: [    4.237159] FS-Cache: Netfs 'cifs' registered for caching
[STDERR  ] 2018-01-15T14:05:05.447572757Z: [    4.238153] fuse init (API version 7.26)
[STDERR  ] 2018-01-15T14:05:05.447578553Z: [    4.243044] SGI XFS with ACLs, security attributes, no debug enabled
[STDERR  ] 2018-01-15T14:05:05.447584311Z: [    4.246635] 9p: Installing v9fs 9p2000 file system support
[STDERR  ] 2018-01-15T14:05:05.4475899Z: [    4.246961] FS-Cache: Netfs '9p' registered for caching
[STDERR  ] 2018-01-15T14:05:05.447595469Z: [    4.274043] NET: Registered protocol family 38
[STDERR  ] 2018-01-15T14:05:05.44760105Z: [    4.274556] Key type asymmetric registered
[STDERR  ] 2018-01-15T14:05:05.447608779Z: [    4.274919] Asymmetric key parser 'x509' registered
[STDERR  ] 2018-01-15T14:05:05.447617587Z: [    4.275884] Block layer SCSI generic (bsg) driver version 0.4 loaded (major 251)
[STDERR  ] 2018-01-15T14:05:05.447623335Z: [    4.277489] io scheduler noop registered
[STDERR  ] 2018-01-15T14:05:05.447628888Z: [    4.277805] io scheduler deadline registered (default)
[STDERR  ] 2018-01-15T14:05:05.447634404Z: [    4.278555] io scheduler cfq registered
[STDERR  ] 2018-01-15T14:05:05.447640493Z: [    4.282103] pci_hotplug: PCI Hot Plug PCI Core version: 0.5
[STDERR  ] 2018-01-15T14:05:05.447646268Z: [    4.282718] pciehp: PCI Express Hot Plug Controller Driver version: 0.4
[STDERR  ] 2018-01-15T14:05:05.447651926Z: [    4.283481] shpchp: Standard Hot Plug PCI Controller Driver version: 0.4
[STDERR  ] 2018-01-15T14:05:05.447657685Z: [    4.284269] hv_vmbus: registering driver hyperv_fb
[STDERR  ] 2018-01-15T14:05:05.447663246Z: [    4.287929] input: Power Button as /devices/LNXSYSTM:00/LNXPWRBN:00/input/input0
[STDERR  ] 2018-01-15T14:05:05.447669714Z: [    4.289009] ACPI: Power Button [PWRF]
[STDERR  ] 2018-01-15T14:05:05.447675278Z: [    4.294048] GHES: HEST is not enabled!
[STDERR  ] 2018-01-15T14:05:05.447680819Z: [    4.304275] ACPI: PCI Interrupt Link [GSIG] enabled at IRQ 22
[STDERR  ] 2018-01-15T14:05:05.447688503Z: [    4.316284] ACPI: PCI Interrupt Link [GSIH] enabled at IRQ 23
[STDERR  ] 2018-01-15T14:05:05.447694111Z: [    4.321302] xenfs: not registering filesystem on non-xen platform
[STDERR  ] 2018-01-15T14:05:05.447699724Z: [    4.323319] Serial: 8250/16550 driver, 4 ports, IRQ sharing disabled
[STDERR  ] 2018-01-15T14:05:05.447705278Z: [    4.347596] 00:04: ttyS0 at I/O 0x3f8 (irq = 4, base_baud = 115200) is a 16550A
[STDERR  ] 2018-01-15T14:05:05.447710874Z: [    4.358059] Non-volatile memory driver v1.3
[STDERR  ] 2018-01-15T14:05:05.447716478Z: [    4.364345] Hangcheck: starting hangcheck timer 0.9.1 (tick is 180 seconds, margin is 60 seconds).
[STDERR  ] 2018-01-15T14:05:05.44772204Z: [    4.368790] random: fast init done
[STDERR  ] 2018-01-15T14:05:05.447729445Z: [    4.370152] random: crng init done
[STDERR  ] 2018-01-15T14:05:05.447735026Z: [    4.403983] loop: module loaded
[STDERR  ] 2018-01-15T14:05:05.447742563Z: [    4.416742] nbd: registered device at major 43
[STDERR  ] 2018-01-15T14:05:05.447748151Z: [    4.450364] lpc_ich 0000:00:1f.0: I/O space for GPIO uninitialized
[STDERR  ] 2018-01-15T14:05:05.447753747Z: [    4.452134] VMware PVSCSI driver - version 1.0.7.0-k
[STDERR  ] 2018-01-15T14:05:05.447759263Z: [    4.452891] hv_vmbus: registering driver hv_storvsc
[STDERR  ] 2018-01-15T14:05:05.447764727Z: [    4.461939] ACPI: PCI Interrupt Link [GSIA] enabled at IRQ 16
[STDERR  ] 2018-01-15T14:05:05.447770305Z: [    4.471092] ahci 0000:00:1f.2: AHCI 0001.0000 32 slots 6 ports 1.5 Gbps 0x3f impl SATA mode
[STDERR  ] 2018-01-15T14:05:05.447776086Z: [    4.471896] ahci 0000:00:1f.2: flags: 64bit ncq only 
[STDERR  ] 2018-01-15T14:05:05.447781623Z: [    4.493758] scsi host0: ahci
[STDERR  ] 2018-01-15T14:05:05.447787232Z: [    4.498174] scsi host1: ahci
[STDERR  ] 2018-01-15T14:05:05.44779279Z: [    4.500791] scsi host2: ahci
[STDERR  ] 2018-01-15T14:05:05.447798334Z: [    4.503095] scsi host3: ahci
[STDERR  ] 2018-01-15T14:05:05.447803865Z: [    4.504905] scsi host4: ahci
[STDERR  ] 2018-01-15T14:05:05.447809389Z: [    4.506596] scsi host5: ahci
[STDERR  ] 2018-01-15T14:05:05.4478182Z: [    4.508074] ata1: SATA max UDMA/133 abar m4096@0xfebd2000 port 0xfebd2100 irq 24
[STDERR  ] 2018-01-15T14:05:05.447829875Z: [    4.508533] ata2: SATA max UDMA/133 abar m4096@0xfebd2000 port 0xfebd2180 irq 24
[STDERR  ] 2018-01-15T14:05:05.447835507Z: [    4.508925] ata3: SATA max UDMA/133 abar m4096@0xfebd2000 port 0xfebd2200 irq 24
[STDERR  ] 2018-01-15T14:05:05.447841159Z: [    4.509222] ata4: SATA max UDMA/133 abar m4096@0xfebd2000 port 0xfebd2280 irq 24
[STDERR  ] 2018-01-15T14:05:05.447847134Z: [    4.509574] ata5: SATA max UDMA/133 abar m4096@0xfebd2000 port 0xfebd2300 irq 24
[STDERR  ] 2018-01-15T14:05:05.44785659Z: [    4.509879] ata6: SATA max UDMA/133 abar m4096@0xfebd2000 port 0xfebd2380 irq 24
[STDERR  ] 2018-01-15T14:05:05.44786229Z: [    4.523094] tun: Universal TUN/TAP device driver, 1.6
[STDERR  ] 2018-01-15T14:05:05.447870016Z: [    4.523537] tun: (C) 1999-2004 Max Krasnyansky <maxk@qualcomm.com>
[STDERR  ] 2018-01-15T14:05:05.447875608Z: [    4.533297] VMware vmxnet3 virtual NIC driver - version 1.4.a.0-k-NAPI
[STDERR  ] 2018-01-15T14:05:05.44788126Z: [    4.534136] hv_vmbus: registering driver hv_netvsc
[STDERR  ] 2018-01-15T14:05:05.447886979Z: [    4.534363] Fusion MPT base driver 3.04.20
[STDERR  ] 2018-01-15T14:05:05.447892581Z: [    4.534542] Copyright (c) 1999-2008 LSI Corporation
[STDERR  ] 2018-01-15T14:05:05.447898126Z: [    4.535505] Fusion MPT SPI Host driver 3.04.20
[STDERR  ] 2018-01-15T14:05:05.447903701Z: [    4.537374] i8042: PNP: PS/2 Controller [PNP0303:KBD,PNP0f13:MOU] at 0x60,0x64 irq 1,12
[STDERR  ] 2018-01-15T14:05:05.447909356Z: [    4.541464] serio: i8042 KBD port at 0x60,0x64 irq 1
[STDERR  ] 2018-01-15T14:05:05.447914948Z: [    4.542035] serio: i8042 AUX port at 0x60,0x64 irq 12
[STDERR  ] 2018-01-15T14:05:05.447920519Z: [    4.544692] hv_vmbus: registering driver hyperv_keyboard
[STDERR  ] 2018-01-15T14:05:05.44792613Z: [    4.546436] mousedev: PS/2 mouse device common for all mice
[STDERR  ] 2018-01-15T14:05:05.447931704Z: [    4.551538] input: AT Translated Set 2 keyboard as /devices/platform/i8042/serio0/input/input1
[STDERR  ] 2018-01-15T14:05:05.447937937Z: [    4.554071] input: PC Speaker as /devices/platform/pcspkr/input/input2
[STDERR  ] 2018-01-15T14:05:05.447943411Z: [    4.558046] rtc_cmos 00:00: RTC can wake from S4
[STDERR  ] 2018-01-15T14:05:05.447949Z: [    4.561686] rtc_cmos 00:00: rtc core: registered rtc_cmos as rtc0
[STDERR  ] 2018-01-15T14:05:05.447954702Z: [    4.563001] rtc_cmos 00:00: alarms up to one day, y3k, 114 bytes nvram, hpet irqs
[STDERR  ] 2018-01-15T14:05:05.447960341Z: [    4.563571] i2c /dev entries driver
[STDERR  ] 2018-01-15T14:05:05.44796595Z: [    4.565250] device-mapper: ioctl: 4.35.0-ioctl (2016-06-23) initialised: dm-devel@redhat.com
[STDERR  ] 2018-01-15T14:05:05.44797192Z: [    4.569062] usbcore: registered new interface driver usbhid
[STDERR  ] 2018-01-15T14:05:05.447977682Z: [    4.569367] usbhid: USB HID core driver
[STDERR  ] 2018-01-15T14:05:05.447985153Z: [    4.569872] hv_utils: Registering HyperV Utility Driver
[STDERR  ] 2018-01-15T14:05:05.447990716Z: [    4.570134] hv_vmbus: registering driver hv_util
[STDERR  ] 2018-01-15T14:05:05.447996321Z: [    4.570639] hv_vmbus: registering driver hv_balloon
[STDERR  ] 2018-01-15T14:05:05.448001941Z: [    4.571334] oprofile: using NMI interrupt.
[STDERR  ] 2018-01-15T14:05:05.448007458Z: [    4.572311] GACT probability on
[STDERR  ] 2018-01-15T14:05:05.448012961Z: [    4.572825] Mirror/redirect action on
[STDERR  ] 2018-01-15T14:05:05.448018641Z: [    4.573578] Simple TC action Loaded
[STDERR  ] 2018-01-15T14:05:05.448024134Z: [    4.574116] u32 classifier
[STDERR  ] 2018-01-15T14:05:05.448029726Z: [    4.574280]     Performance counters on
[STDERR  ] 2018-01-15T14:05:05.448035252Z: [    4.574453]     input device check on
[STDERR  ] 2018-01-15T14:05:05.44804074Z: [    4.574620]     Actions configured
[STDERR  ] 2018-01-15T14:05:05.448046277Z: [    4.575202] Netfilter messages via NETLINK v0.30.
[STDERR  ] 2018-01-15T14:05:05.448054529Z: [    4.575779] nfnl_acct: registering with nfnetlink.
[STDERR  ] 2018-01-15T14:05:05.448060134Z: [    4.577085] nf_conntrack version 0.5.0 (8192 buckets, 32768 max)
[STDERR  ] 2018-01-15T14:05:05.448068387Z: [    4.580536] ctnetlink v0.93: registering with nfnetlink.
[STDERR  ] 2018-01-15T14:05:05.448073978Z: [    4.583591] nf_tables: (c) 2007-2009 Patrick McHardy <kaber@trash.net>
[STDERR  ] 2018-01-15T14:05:05.44808032Z: [    4.584387] nf_tables_compat: (c) 2012 Pablo Neira Ayuso <pablo@netfilter.org>
[STDERR  ] 2018-01-15T14:05:05.448086184Z: [    4.586834] xt_time: kernel timezone is -0000
[STDERR  ] 2018-01-15T14:05:05.448091759Z: [    4.587301] ip_set: protocol 6
[STDERR  ] 2018-01-15T14:05:05.448100294Z: [    4.588054] IPVS: Registered protocols (TCP, UDP, SCTP, AH, ESP)
[STDERR  ] 2018-01-15T14:05:05.448105926Z: [    4.588584] IPVS: Connection hash table configured (size=4096, memory=64Kbytes)
[STDERR  ] 2018-01-15T14:05:05.448111576Z: [    4.590620] IPVS: Creating netns size=2104 id=0
[STDERR  ] 2018-01-15T14:05:05.448117154Z: [    4.594471] IPVS: ipvs loaded.
[STDERR  ] 2018-01-15T14:05:05.448122673Z: [    4.594833] IPVS: [rr] scheduler registered.
[STDERR  ] 2018-01-15T14:05:05.448128229Z: [    4.595090] IPVS: [wrr] scheduler registered.
[STDERR  ] 2018-01-15T14:05:05.448133765Z: [    4.595308] IPVS: [lc] scheduler registered.
[STDERR  ] 2018-01-15T14:05:05.448139319Z: [    4.595527] IPVS: [wlc] scheduler registered.
[STDERR  ] 2018-01-15T14:05:05.448144845Z: [    4.595754] IPVS: [fo] scheduler registered.
[STDERR  ] 2018-01-15T14:05:05.448150384Z: [    4.595951] IPVS: [ovf] scheduler registered.
[STDERR  ] 2018-01-15T14:05:05.448155867Z: [    4.596347] IPVS: [lblc] scheduler registered.
[STDERR  ] 2018-01-15T14:05:05.448163682Z: [    4.596678] IPVS: [lblcr] scheduler registered.
[STDERR  ] 2018-01-15T14:05:05.448169335Z: [    4.596932] IPVS: [dh] scheduler registered.
[STDERR  ] 2018-01-15T14:05:05.448175557Z: [    4.597135] IPVS: [sh] scheduler registered.
[STDERR  ] 2018-01-15T14:05:05.448181236Z: [    4.597306] IPVS: [sed] scheduler registered.
[STDERR  ] 2018-01-15T14:05:05.448186804Z: [    4.597508] IPVS: [nq] scheduler registered.
[STDERR  ] 2018-01-15T14:05:05.44819423Z: [    4.598154] IPVS: ftp: loaded support on port[0] = 21
[STDERR  ] 2018-01-15T14:05:05.44819989Z: [    4.598897] ipip: IPv4 and MPLS over IPv4 tunneling driver
[STDERR  ] 2018-01-15T14:05:05.448205448Z: [    4.602879] gre: GRE over IPv4 demultiplexor driver
[STDERR  ] 2018-01-15T14:05:05.448210938Z: [    4.605972] ip_tables: (C) 2000-2006 Netfilter Core Team
[STDERR  ] 2018-01-15T14:05:05.448216519Z: [    4.609228] ipt_CLUSTERIP: ClusterIP Version 0.8 loaded successfully
[STDERR  ] 2018-01-15T14:05:05.448222173Z: [    4.610431] arp_tables: arp_tables: (C) 2002 David S. Miller
[STDERR  ] 2018-01-15T14:05:05.448227869Z: [    4.612790] NET: Registered protocol family 10
[STDERR  ] 2018-01-15T14:05:05.448233677Z: [    4.621990] ip6_tables: (C) 2000-2006 Netfilter Core Team
[STDERR  ] 2018-01-15T14:05:05.448239205Z: [    4.629649] NET: Registered protocol family 17
[STDERR  ] 2018-01-15T14:05:05.448246579Z: [    4.631768] Bridge firewalling registered
[STDERR  ] 2018-01-15T14:05:05.448252104Z: [    4.632333] Ebtables v2.0 registered
[STDERR  ] 2018-01-15T14:05:05.448257645Z: [    4.634556] 8021q: 802.1Q VLAN Support v1.8
[STDERR  ] 2018-01-15T14:05:05.448263123Z: [    4.636128] 9pnet: Installing 9P2000 support
[STDERR  ] 2018-01-15T14:05:05.448268654Z: [    4.637943] Key type dns_resolver registered
[STDERR  ] 2018-01-15T14:05:05.44827416Z: [    4.638929] microcode: AMD CPU family 0x6 not supported
[STDERR  ] 2018-01-15T14:05:05.44827978Z: [    4.642523] registered taskstats version 1
[STDERR  ] 2018-01-15T14:05:05.44828535Z: [    4.822248] Key type big_key registered
[STDERR  ] 2018-01-15T14:05:05.448290911Z: [    4.845719] ata2: SATA link down (SStatus 0 SControl 300)
[STDERR  ] 2018-01-15T14:05:05.448296816Z: [    4.848346] ata1: SATA link down (SStatus 0 SControl 300)
[STDERR  ] 2018-01-15T14:05:05.448302291Z: [    4.850643] ata4: SATA link down (SStatus 0 SControl 300)
[STDERR  ] 2018-01-15T14:05:05.448311615Z: [    4.851512] ata3: SATA link up 1.5 Gbps (SStatus 113 SControl 300)
[STDERR  ] 2018-01-15T14:05:05.448317339Z: [    4.855020] ata3.00: ATAPI: QEMU DVD-ROM, 2.5+, max UDMA/100
[STDERR  ] 2018-01-15T14:05:05.448322947Z: [    4.855563] ata3.00: applying bridge limits
[STDERR  ] 2018-01-15T14:05:05.448328469Z: [    4.861168] ata3.00: configured for UDMA/100
[STDERR  ] 2018-01-15T14:05:05.448334016Z: [    4.862650] ata6: SATA link down (SStatus 0 SControl 300)
[STDERR  ] 2018-01-15T14:05:05.448339526Z: [    4.863141] ata5: SATA link down (SStatus 0 SControl 300)
[STDERR  ] 2018-01-15T14:05:05.448347878Z: [    4.889847] scsi 2:0:0:0: CD-ROM            QEMU     QEMU DVD-ROM     2.5+ PQ: 0 ANSI: 5
[STDERR  ] 2018-01-15T14:05:05.448355217Z: [    4.914219] sr 2:0:0:0: [sr0] scsi3-mmc drive: 4x/4x cd/rw xa/form2 tray
[STDERR  ] 2018-01-15T14:05:05.448360803Z: [    4.914890] cdrom: Uniform CD-ROM driver Revision: 3.20
[STDERR  ] 2018-01-15T14:05:05.448366428Z: [    4.924695] sr 2:0:0:0: Attached scsi generic sg0 type 5
[STDERR  ] 2018-01-15T14:05:05.448371977Z: [    4.982442] Key type encrypted registered
[STDERR  ] 2018-01-15T14:05:05.448377542Z: [    4.987483] rtc_cmos 00:00: setting system clock to 2018-01-15 14:04:45 UTC (1516025085)
[STDERR  ] 2018-01-15T14:05:05.448387398Z: [    5.119559] Freeing unused kernel memory: 1396K
[STDERR  ] 2018-01-15T14:05:05.448393002Z: [    5.119865] Write protecting the kernel read-only data: 12288k
[STDERR  ] 2018-01-15T14:05:05.448400909Z: [    5.125935] Freeing unused kernel memory: 124K
[STDERR  ] 2018-01-15T14:05:05.44840654Z: [    5.214999] Freeing unused kernel memory: 1396K
[STDERR  ] 2018-01-15T14:05:05.448412219Z: [    5.215717] tsc: Refined TSC clocksource calibration: 2599.808 MHz
[STDERR  ] 2018-01-15T14:05:05.448418293Z: [    5.216224] clocksource: tsc: mask: 0xffffffffffffffff max_cycles: 0x257986cf4f8, max_idle_ns: 440795301691 ns
[STDERR  ] 2018-01-15T14:05:05.448424002Z: [    6.224473] clocksource: Switched to clocksource tsc
[STDERR  ] 2018-01-15T14:05:05.448429597Z: 
[STDERR  ] 2018-01-15T14:05:05.448435699Z: Welcome to LinuxKit
[STDERR  ] 2018-01-15T14:05:05.448441395Z: 
[STDERR  ] 2018-01-15T14:05:05.448446912Z:                         ##         .
[STDERR  ] 2018-01-15T14:05:05.448452518Z:                   ## ## ##        ==
[STDERR  ] 2018-01-15T14:05:05.448458097Z:                ## ## ## ## ##    ===
[STDERR  ] 2018-01-15T14:05:05.448463653Z:            /"""""""""""""""""\___/ ===
[STDERR  ] 2018-01-15T14:05:05.448469189Z:           {                       /  ===-
[STDERR  ] 2018-01-15T14:05:05.448474757Z:            \______ O           __/
[STDERR  ] 2018-01-15T14:05:05.448480435Z:              \    \         __/
[STDERR  ] 2018-01-15T14:05:05.448486128Z:               \____\_______/
[STDERR  ] 2018-01-15T14:05:05.448491746Z: 
[STDERR  ] 2018-01-15T14:05:05.448497367Z: sysctl test suite PASSED
[STDERR  ] 2018-01-15T14:05:05.448502947Z: [   24.083949] ACPI: Preparing to enter system sleep state S5
[STDERR  ] 2018-01-15T14:05:05.448508595Z: [   24.085415] reboot: Power down
[STDERR  ] 2018-01-15T14:05:05.448514524Z: + grep -q suite PASSED
[STDOUT  ] 2018-01-15T14:05:05.448529878Z: [    0.000000] Linux version 4.9.76-linuxkit (root@1dc47965cda0) (gcc version 6.4.0 (Alpine 6.4.0) ) #1 SMP Wed Jan 10 11:40:11 UTC 2018
[STDOUT  ] 2018-01-15T14:05:05.448554846Z: [    0.000000] Command line: console=ttyS0 console=ttyAMA0
[STDOUT  ] 2018-01-15T14:05:05.448560558Z: [    0.000000] x86/fpu: Legacy x87 FPU detected.
[STDOUT  ] 2018-01-15T14:05:05.448566178Z: [    0.000000] x86/fpu: Using 'eager' FPU context switches.
[STDOUT  ] 2018-01-15T14:05:05.448571756Z: [    0.000000] e820: BIOS-provided physical RAM map:
[STDOUT  ] 2018-01-15T14:05:05.448577687Z: [    0.000000] BIOS-e820: [mem 0x0000000000000000-0x000000000009fbff] usable
[STDOUT  ] 2018-01-15T14:05:05.448583629Z: [    0.000000] BIOS-e820: [mem 0x000000000009fc00-0x000000000009ffff] reserved
[STDOUT  ] 2018-01-15T14:05:05.448594074Z: [    0.000000] BIOS-e820: [mem 0x00000000000f0000-0x00000000000fffff] reserved
[STDOUT  ] 2018-01-15T14:05:05.448599836Z: [    0.000000] BIOS-e820: [mem 0x0000000000100000-0x000000003ffdefff] usable
[STDOUT  ] 2018-01-15T14:05:05.448605522Z: [    0.000000] BIOS-e820: [mem 0x000000003ffdf000-0x000000003fffffff] reserved
[STDOUT  ] 2018-01-15T14:05:05.448611255Z: [    0.000000] BIOS-e820: [mem 0x00000000b0000000-0x00000000bfffffff] reserved
[STDOUT  ] 2018-01-15T14:05:05.448616846Z: [    0.000000] BIOS-e820: [mem 0x00000000fed1c000-0x00000000fed1ffff] reserved
[STDOUT  ] 2018-01-15T14:05:05.448622433Z: [    0.000000] BIOS-e820: [mem 0x00000000fffc0000-0x00000000ffffffff] reserved
[STDOUT  ] 2018-01-15T14:05:05.44863323Z: [    0.000000] NX (Execute Disable) protection: active
[STDOUT  ] 2018-01-15T14:05:05.448639113Z: [    0.000000] SMBIOS 2.8 present.
[STDOUT  ] 2018-01-15T14:05:05.448644746Z: [    0.000000] Kernel/User page tables isolation: disabled
[STDOUT  ] 2018-01-15T14:05:05.448650357Z: [    0.000000] e820: last_pfn = 0x3ffdf max_arch_pfn = 0x400000000
[STDOUT  ] 2018-01-15T14:05:05.448656039Z: [    0.000000] x86/PAT: Configuration [0-7]: WB  WC  UC- UC  WB  WC  UC- WT  
[STDOUT  ] 2018-01-15T14:05:05.44866393Z: [    0.000000] found SMP MP-table at [mem 0x000f6aa0-0x000f6aaf] mapped at [ffff93c5c00f6aa0]
[STDOUT  ] 2018-01-15T14:05:05.448672299Z: [    0.000000] RAMDISK: [mem 0x3e772000-0x3ffcffff]
[STDOUT  ] 2018-01-15T14:05:05.44867799Z: [    0.000000] ACPI: Early table checksum verification disabled
[STDOUT  ] 2018-01-15T14:05:05.448683572Z: [    0.000000] ACPI: RSDP 0x00000000000F68B0 000014 (v00 BOCHS )
[STDOUT  ] 2018-01-15T14:05:05.448690887Z: [    0.000000] ACPI: RSDT 0x000000003FFE20A8 000034 (v01 BOCHS  BXPCRSDT 00000001 BXPC 00000001)
[STDOUT  ] 2018-01-15T14:05:05.448696628Z: [    0.000000] ACPI: FACP 0x000000003FFE1EC8 0000F4 (v03 BOCHS  BXPCFACP 00000001 BXPC 00000001)
[STDOUT  ] 2018-01-15T14:05:05.448702288Z: [    0.000000] ACPI: DSDT 0x000000003FFE0040 001E88 (v01 BOCHS  BXPCDSDT 00000001 BXPC 00000001)
[STDOUT  ] 2018-01-15T14:05:05.448707974Z: [    0.000000] ACPI: FACS 0x000000003FFE0000 000040
[STDOUT  ] 2018-01-15T14:05:05.448713622Z: [    0.000000] ACPI: APIC 0x000000003FFE1FBC 000078 (v01 BOCHS  BXPCAPIC 00000001 BXPC 00000001)
[STDOUT  ] 2018-01-15T14:05:05.448719223Z: [    0.000000] ACPI: HPET 0x000000003FFE2034 000038 (v01 BOCHS  BXPCHPET 00000001 BXPC 00000001)
[STDOUT  ] 2018-01-15T14:05:05.448724962Z: [    0.000000] ACPI: MCFG 0x000000003FFE206C 00003C (v01 BOCHS  BXPCMCFG 00000001 BXPC 00000001)
[STDOUT  ] 2018-01-15T14:05:05.448730577Z: [    0.000000] Zone ranges:
[STDOUT  ] 2018-01-15T14:05:05.4487363Z: [    0.000000]   DMA      [mem 0x0000000000001000-0x0000000000ffffff]
[STDOUT  ] 2018-01-15T14:05:05.44874199Z: [    0.000000]   DMA32    [mem 0x0000000001000000-0x000000003ffdefff]
[STDOUT  ] 2018-01-15T14:05:05.44874766Z: [    0.000000]   Normal   empty
[STDOUT  ] 2018-01-15T14:05:05.448753299Z: [    0.000000] Movable zone start for each node
[STDOUT  ] 2018-01-15T14:05:05.448758934Z: [    0.000000] Early memory node ranges
[STDOUT  ] 2018-01-15T14:05:05.448764513Z: [    0.000000]   node   0: [mem 0x0000000000001000-0x000000000009efff]
[STDOUT  ] 2018-01-15T14:05:05.448770157Z: [    0.000000]   node   0: [mem 0x0000000000100000-0x000000003ffdefff]
[STDOUT  ] 2018-01-15T14:05:05.448775978Z: [    0.000000] Initmem setup node 0 [mem 0x0000000000001000-0x000000003ffdefff]
[STDOUT  ] 2018-01-15T14:05:05.448781565Z: [    0.000000] ACPI: PM-Timer IO Port: 0x608
[STDOUT  ] 2018-01-15T14:05:05.448787179Z: [    0.000000] ACPI: LAPIC_NMI (acpi_id[0xff] dfl dfl lint[0x1])
[STDOUT  ] 2018-01-15T14:05:05.448792783Z: [    0.000000] IOAPIC[0]: apic_id 0, version 32, address 0xfec00000, GSI 0-23
[STDOUT  ] 2018-01-15T14:05:05.448798406Z: [    0.000000] ACPI: INT_SRC_OVR (bus 0 bus_irq 0 global_irq 2 dfl dfl)
[STDOUT  ] 2018-01-15T14:05:05.448804201Z: [    0.000000] ACPI: INT_SRC_OVR (bus 0 bus_irq 5 global_irq 5 high level)
[STDOUT  ] 2018-01-15T14:05:05.448809788Z: [    0.000000] ACPI: INT_SRC_OVR (bus 0 bus_irq 9 global_irq 9 high level)
[STDOUT  ] 2018-01-15T14:05:05.448819018Z: [    0.000000] ACPI: INT_SRC_OVR (bus 0 bus_irq 10 global_irq 10 high level)
[STDOUT  ] 2018-01-15T14:05:05.448824763Z: [    0.000000] ACPI: INT_SRC_OVR (bus 0 bus_irq 11 global_irq 11 high level)
[STDOUT  ] 2018-01-15T14:05:05.448830417Z: [    0.000000] Using ACPI (MADT) for SMP configuration information
[STDOUT  ] 2018-01-15T14:05:05.448836024Z: [    0.000000] ACPI: HPET id: 0x8086a201 base: 0xfed00000
[STDOUT  ] 2018-01-15T14:05:05.448841607Z: [    0.000000] smpboot: Allowing 1 CPUs, 0 hotplug CPUs
[STDOUT  ] 2018-01-15T14:05:05.448847146Z: [    0.000000] e820: [mem 0x40000000-0xafffffff] available for PCI devices
[STDOUT  ] 2018-01-15T14:05:05.448855712Z: [    0.000000] Booting paravirtualized kernel on bare hardware
[STDOUT  ] 2018-01-15T14:05:05.44886166Z: [    0.000000] clocksource: refined-jiffies: mask: 0xffffffff max_cycles: 0xffffffff, max_idle_ns: 19112604462750000 ns
[STDOUT  ] 2018-01-15T14:05:05.448867635Z: [    0.000000] setup_percpu: NR_CPUS:128 nr_cpumask_bits:128 nr_cpu_ids:1 nr_node_ids:1
[STDOUT  ] 2018-01-15T14:05:05.448873295Z: [    0.000000] percpu: Embedded 36 pages/cpu @ffff93c5fe400000 s106904 r8192 d32360 u2097152
[STDOUT  ] 2018-01-15T14:05:05.448878968Z: [    0.000000] Built 1 zonelists in Zone order, mobility grouping on.  Total pages: 257896
[STDOUT  ] 2018-01-15T14:05:05.448884589Z: [    0.000000] Kernel command line: console=ttyS0 console=ttyAMA0
[STDOUT  ] 2018-01-15T14:05:05.448891592Z: [    0.000000] PID hash table entries: 4096 (order: 3, 32768 bytes)
[STDOUT  ] 2018-01-15T14:05:05.448897325Z: [    0.000000] Dentry cache hash table entries: 131072 (order: 8, 1048576 bytes)
[STDOUT  ] 2018-01-15T14:05:05.448902958Z: [    0.000000] Inode-cache hash table entries: 65536 (order: 7, 524288 bytes)
[STDOUT  ] 2018-01-15T14:05:05.44890882Z: [    0.000000] Memory: 989188K/1048052K available (8053K kernel code, 1391K rwdata, 2700K rodata, 1396K init, 564K bss, 58864K reserved, 0K cma-reserved)
[STDOUT  ] 2018-01-15T14:05:05.448915071Z: [    0.000000] Hierarchical RCU implementation.
[STDOUT  ] 2018-01-15T14:05:05.448920682Z: [    0.000000] 	Build-time adjustment of leaf fanout to 64.
[STDOUT  ] 2018-01-15T14:05:05.448928121Z: [    0.000000] 	RCU restricting CPUs from NR_CPUS=128 to nr_cpu_ids=1.
[STDOUT  ] 2018-01-15T14:05:05.448933777Z: [    0.000000] RCU: Adjusting geometry for rcu_fanout_leaf=64, nr_cpu_ids=1
[STDOUT  ] 2018-01-15T14:05:05.448940055Z: [    0.000000] NR_IRQS:8448 nr_irqs:256 16
[STDOUT  ] 2018-01-15T14:05:05.448945601Z: [    0.000000] Console: colour VGA+ 80x25
[STDOUT  ] 2018-01-15T14:05:05.44895119Z: [    0.000000] console [ttyS0] enabled
[STDOUT  ] 2018-01-15T14:05:05.448956788Z: [    0.000000] clocksource: hpet: mask: 0xffffffff max_cycles: 0xffffffff, max_idle_ns: 19112604467 ns
[STDOUT  ] 2018-01-15T14:05:05.448962483Z: [    0.000000] tsc: Fast TSC calibration using PIT
[STDOUT  ] 2018-01-15T14:05:05.44896809Z: [    0.000000] tsc: Detected 2599.814 MHz processor
[STDOUT  ] 2018-01-15T14:05:05.448973736Z: [    0.032399] Calibrating delay loop (skipped), value calculated using timer frequency.. 5199.62 BogoMIPS (lpj=25998140)
[STDOUT  ] 2018-01-15T14:05:05.448979414Z: [    0.033460] pid_max: default: 32768 minimum: 301
[STDOUT  ] 2018-01-15T14:05:05.448984967Z: [    0.034388] ACPI: Core revision 20160831
[STDOUT  ] 2018-01-15T14:05:05.448990534Z: [    0.059135] ACPI: 1 ACPI AML tables successfully acquired and loaded
[STDOUT  ] 2018-01-15T14:05:05.44899619Z: [    0.063540] Security Framework initialized
[STDOUT  ] 2018-01-15T14:05:05.449001821Z: [    0.064002] Yama: becoming mindful.
[STDOUT  ] 2018-01-15T14:05:05.449007413Z: [    0.065927] Mount-cache hash table entries: 2048 (order: 2, 16384 bytes)
[STDOUT  ] 2018-01-15T14:05:05.449013025Z: [    0.066328] Mountpoint-cache hash table entries: 2048 (order: 2, 16384 bytes)
[STDOUT  ] 2018-01-15T14:05:05.449018599Z: [    0.084712] Last level iTLB entries: 4KB 0, 2MB 0, 4MB 0
[STDOUT  ] 2018-01-15T14:05:05.449024176Z: [    0.085155] Last level dTLB entries: 4KB 0, 2MB 0, 4MB 0, 1GB 0
[STDOUT  ] 2018-01-15T14:05:05.449032678Z: [    0.424230] Freeing SMP alternatives memory: 20K
[STDOUT  ] 2018-01-15T14:05:05.4490384Z: [    0.434562] ftrace: allocating 35552 entries in 139 pages
[STDOUT  ] 2018-01-15T14:05:05.44904692Z: [    0.512590] smpboot: Max logical packages: 1
[STDOUT  ] 2018-01-15T14:05:05.449052536Z: [    0.519200] ..TIMER: vector=0x30 apic1=0 pin1=2 apic2=-1 pin2=-1
[STDOUT  ] 2018-01-15T14:05:05.449058163Z: [    0.620000] smpboot: CPU0: AMD QEMU Virtual CPU version 2.5+ (family: 0x6, model: 0x6, stepping: 0x3)
[STDOUT  ] 2018-01-15T14:05:05.449063812Z: [    0.620000] Performance Events: PMU not available due to virtualization, using software events only.
[STDOUT  ] 2018-01-15T14:05:05.449072383Z: [    0.630245] NMI watchdog: disabled (cpu0): hardware events not enabled
[STDOUT  ] 2018-01-15T14:05:05.449078114Z: [    0.630660] NMI watchdog: Shutting down hard lockup detector on all cpus
[STDOUT  ] 2018-01-15T14:05:05.449083724Z: [    0.634071] x86: Booted up 1 node, 1 CPUs
[STDOUT  ] 2018-01-15T14:05:05.449089393Z: [    0.634508] smpboot: Total of 1 processors activated (5199.62 BogoMIPS)
[STDOUT  ] 2018-01-15T14:05:05.449096202Z: [    0.650427] devtmpfs: initialized
[STDOUT  ] 2018-01-15T14:05:05.449101821Z: [    0.656246] x86/mm: Memory block size: 128MB
[STDOUT  ] 2018-01-15T14:05:05.4491074Z: [    0.688026] clocksource: jiffies: mask: 0xffffffff max_cycles: 0xffffffff, max_idle_ns: 19112604462750000 ns
[STDOUT  ] 2018-01-15T14:05:05.449113158Z: [    0.688916] futex hash table entries: 256 (order: 2, 16384 bytes)
[STDOUT  ] 2018-01-15T14:05:05.44911874Z: [    0.698714] NET: Registered protocol family 16
[STDOUT  ] 2018-01-15T14:05:05.449124388Z: [    0.708352] cpuidle: using governor ladder
[STDOUT  ] 2018-01-15T14:05:05.449131957Z: [    0.708798] cpuidle: using governor menu
[STDOUT  ] 2018-01-15T14:05:05.449140061Z: [    0.710159] ACPI: bus type PCI registered
[STDOUT  ] 2018-01-15T14:05:05.449145648Z: [    0.713323] PCI: MMCONFIG for domain 0000 [bus 00-ff] at [mem 0xb0000000-0xbfffffff] (base 0xb0000000)
[STDOUT  ] 2018-01-15T14:05:05.449151379Z: [    0.713963] PCI: MMCONFIG at [mem 0xb0000000-0xbfffffff] reserved in E820
[STDOUT  ] 2018-01-15T14:05:05.449156976Z: [    0.714808] PCI: Using configuration type 1 for base access
[STDOUT  ] 2018-01-15T14:05:05.449162569Z: [    0.749680] HugeTLB registered 2 MB page size, pre-allocated 0 pages
[STDOUT  ] 2018-01-15T14:05:05.449168197Z: [    0.762116] ACPI: Added _OSI(Module Device)
[STDOUT  ] 2018-01-15T14:05:05.449173757Z: [    0.762420] ACPI: Added _OSI(Processor Device)
[STDOUT  ] 2018-01-15T14:05:05.449179329Z: [    0.762650] ACPI: Added _OSI(3.0 _SCP Extensions)
[STDOUT  ] 2018-01-15T14:05:05.449184877Z: [    0.762899] ACPI: Added _OSI(Processor Aggregator Device)
[STDOUT  ] 2018-01-15T14:05:05.449190779Z: [    0.817263] ACPI: Interpreter enabled
[STDOUT  ] 2018-01-15T14:05:05.449196477Z: [    0.818138] ACPI: (supports S0 S5)
[STDOUT  ] 2018-01-15T14:05:05.449202027Z: [    0.818421] ACPI: Using IOAPIC for interrupt routing
[STDOUT  ] 2018-01-15T14:05:05.449207548Z: [    0.821133] PCI: Using host bridge windows from ACPI; if necessary, use "pci=nocrs" and report a bug
[STDOUT  ] 2018-01-15T14:05:05.44921322Z: [    0.866198] ACPI: PCI Root Bridge [PCI0] (domain 0000 [bus 00-ff])
[STDOUT  ] 2018-01-15T14:05:05.449218844Z: [    0.867184] acpi PNP0A08:00: _OSC: OS supports [ExtendedConfig ASPM ClockPM Segments MSI]
[STDOUT  ] 2018-01-15T14:05:05.449224499Z: [    0.872551] acpi PNP0A08:00: _OSC: OS now controls [PCIeHotplug PME PCIeCapability]
[STDOUT  ] 2018-01-15T14:05:05.449230132Z: [    0.876078] PCI host bridge to bus 0000:00
[STDOUT  ] 2018-01-15T14:05:05.4492358Z: [    0.876499] pci_bus 0000:00: root bus resource [io  0x0000-0x0cf7 window]
[STDOUT  ] 2018-01-15T14:05:05.449241428Z: [    0.876858] pci_bus 0000:00: root bus resource [io  0x0d00-0xffff window]
[STDOUT  ] 2018-01-15T14:05:05.449248279Z: [    0.877160] pci_bus 0000:00: root bus resource [mem 0x000a0000-0x000bffff window]
[STDOUT  ] 2018-01-15T14:05:05.449257734Z: [    0.877487] pci_bus 0000:00: root bus resource [mem 0xc0000000-0xfebfffff window]
[STDOUT  ] 2018-01-15T14:05:05.449263438Z: [    0.878001] pci_bus 0000:00: root bus resource [bus 00-ff]
[STDOUT  ] 2018-01-15T14:05:05.449269135Z: [    1.051741] pci 0000:00:1f.0: quirk: [io  0x0600-0x067f] claimed by ICH6 ACPI/GPIO/TCO
[STDOUT  ] 2018-01-15T14:05:05.449274839Z: [    1.146420] ACPI: PCI Interrupt Link [LNKA] (IRQs 5 *10 11)
[STDOUT  ] 2018-01-15T14:05:05.449280428Z: [    1.148365] ACPI: PCI Interrupt Link [LNKB] (IRQs 5 *10 11)
[STDOUT  ] 2018-01-15T14:05:05.449286161Z: [    1.150464] ACPI: PCI Interrupt Link [LNKC] (IRQs 5 10 *11)
[STDOUT  ] 2018-01-15T14:05:05.449294703Z: [    1.151850] ACPI: PCI Interrupt Link [LNKD] (IRQs 5 10 *11)
[STDOUT  ] 2018-01-15T14:05:05.449300379Z: [    1.153140] ACPI: PCI Interrupt Link [LNKE] (IRQs 5 *10 11)
[STDOUT  ] 2018-01-15T14:05:05.449305938Z: [    1.154385] ACPI: PCI Interrupt Link [LNKF] (IRQs 5 *10 11)
[STDOUT  ] 2018-01-15T14:05:05.449313068Z: [    1.155626] ACPI: PCI Interrupt Link [LNKG] (IRQs 5 10 *11)
[STDOUT  ] 2018-01-15T14:05:05.449318695Z: [    1.157067] ACPI: PCI Interrupt Link [LNKH] (IRQs 5 10 *11)
[STDOUT  ] 2018-01-15T14:05:05.449324329Z: [    1.157761] ACPI: PCI Interrupt Link [GSIA] (IRQs *16)
[STDOUT  ] 2018-01-15T14:05:05.449329951Z: [    1.158279] ACPI: PCI Interrupt Link [GSIB] (IRQs *17)
[STDOUT  ] 2018-01-15T14:05:05.449335577Z: [    1.158760] ACPI: PCI Interrupt Link [GSIC] (IRQs *18)
[STDOUT  ] 2018-01-15T14:05:05.449341107Z: [    1.159244] ACPI: PCI Interrupt Link [GSID] (IRQs *19)
[STDOUT  ] 2018-01-15T14:05:05.449346686Z: [    1.160232] ACPI: PCI Interrupt Link [GSIE] (IRQs *20)
[STDOUT  ] 2018-01-15T14:05:05.449352234Z: [    1.160727] ACPI: PCI Interrupt Link [GSIF] (IRQs *21)
[STDOUT  ] 2018-01-15T14:05:05.449357826Z: [    1.161231] ACPI: PCI Interrupt Link [GSIG] (IRQs *22)
[STDOUT  ] 2018-01-15T14:05:05.449363431Z: [    1.161739] ACPI: PCI Interrupt Link [GSIH] (IRQs *23)
[STDOUT  ] 2018-01-15T14:05:05.449368982Z: [    1.164677] ACPI: Enabled 1 GPEs in block 00 to 3F
[STDOUT  ] 2018-01-15T14:05:05.449374535Z: [    1.167903] SCSI subsystem initialized
[STDOUT  ] 2018-01-15T14:05:05.449386094Z: [    1.170232] ACPI: bus type USB registered
[STDOUT  ] 2018-01-15T14:05:05.449391718Z: [    1.171317] usbcore: registered new interface driver usbfs
[STDOUT  ] 2018-01-15T14:05:05.449397188Z: [    1.172113] usbcore: registered new interface driver hub
[STDOUT  ] 2018-01-15T14:05:05.449403298Z: [    1.172936] usbcore: registered new device driver usb
[STDOUT  ] 2018-01-15T14:05:05.449408935Z: [    1.174154] pps_core: LinuxPPS API ver. 1 registered
[STDOUT  ] 2018-01-15T14:05:05.449414455Z: [    1.174398] pps_core: Software ver. 5.3.6 - Copyright 2005-2007 Rodolfo Giometti <giometti@linux.it>
[STDOUT  ] 2018-01-15T14:05:05.449420156Z: [    1.174745] PTP clock support registered
[STDOUT  ] 2018-01-15T14:05:05.449425579Z: [    1.175897] wmi: Mapper loaded
[STDOUT  ] 2018-01-15T14:05:05.449433091Z: [    1.177340] PCI: Using ACPI for IRQ routing
[STDOUT  ] 2018-01-15T14:05:05.449438593Z: [    1.193126] NetLabel: Initializing
[STDOUT  ] 2018-01-15T14:05:05.449444013Z: [    1.193353] NetLabel:  domain hash size = 128
[STDOUT  ] 2018-01-15T14:05:05.449449638Z: [    1.193768] NetLabel:  protocols = UNLABELED CIPSOv4
[STDOUT  ] 2018-01-15T14:05:05.449455259Z: [    1.196247] NetLabel:  unlabeled traffic allowed by default
[STDOUT  ] 2018-01-15T14:05:05.449460842Z: [    1.197383] HPET: 3 timers in total, 0 timers will be used for per-cpu timer
[STDOUT  ] 2018-01-15T14:05:05.449466492Z: [    1.198110] hpet0: at MMIO 0xfed00000, IRQs 2, 8, 0
[STDOUT  ] 2018-01-15T14:05:05.44947431Z: [    1.198569] hpet0: 3 comparators, 64-bit 100.000000 MHz counter
[STDOUT  ] 2018-01-15T14:05:05.449480054Z: [    1.206724] clocksource: Switched to clocksource hpet
[STDOUT  ] 2018-01-15T14:05:05.449485543Z: [    1.364259] VFS: Disk quotas dquot_6.6.0
[STDOUT  ] 2018-01-15T14:05:05.449491164Z: [    1.364936] VFS: Dquot-cache hash table entries: 512 (order 0, 4096 bytes)
[STDOUT  ] 2018-01-15T14:05:05.449501398Z: [    1.368302] FS-Cache: Loaded
[STDOUT  ] 2018-01-15T14:05:05.449507021Z: [    1.373847] CacheFiles: Loaded
[STDOUT  ] 2018-01-15T14:05:05.449512534Z: [    1.375259] pnp: PnP ACPI init
[STDOUT  ] 2018-01-15T14:05:05.449518012Z: [    1.383477] pnp: PnP ACPI: found 5 devices
[STDOUT  ] 2018-01-15T14:05:05.449523486Z: [    1.418445] clocksource: acpi_pm: mask: 0xffffff max_cycles: 0xffffff, max_idle_ns: 2085701024 ns
[STDOUT  ] 2018-01-15T14:05:05.449529123Z: [    1.421782] NET: Registered protocol family 2
[STDOUT  ] 2018-01-15T14:05:05.449534599Z: [    1.429187] TCP established hash table entries: 8192 (order: 4, 65536 bytes)
[STDOUT  ] 2018-01-15T14:05:05.449543201Z: [    1.429958] TCP bind hash table entries: 8192 (order: 5, 131072 bytes)
[STDOUT  ] 2018-01-15T14:05:05.449548743Z: [    1.430881] TCP: Hash tables configured (established 8192 bind 8192)
[STDOUT  ] 2018-01-15T14:05:05.449554212Z: [    1.432343] UDP hash table entries: 512 (order: 2, 16384 bytes)
[STDOUT  ] 2018-01-15T14:05:05.449559737Z: [    1.432858] UDP-Lite hash table entries: 512 (order: 2, 16384 bytes)
[STDOUT  ] 2018-01-15T14:05:05.44956531Z: [    1.435040] NET: Registered protocol family 1
[STDOUT  ] 2018-01-15T14:05:05.449570846Z: [    1.436051] pci 0000:00:01.0: Video device with shadowed ROM at [mem 0x000c0000-0x000dffff]
[STDOUT  ] 2018-01-15T14:05:05.449578554Z: [    1.444023] Unpacking initramfs...
[STDOUT  ] 2018-01-15T14:05:05.449586139Z: [    4.184294] Freeing initrd memory: 24952K
[STDOUT  ] 2018-01-15T14:05:05.449591751Z: [    4.211386] PCLMULQDQ-NI instructions are not detected.
[STDOUT  ] 2018-01-15T14:05:05.449597333Z: [    4.212769] AVX or AES-NI instructions are not detected.
[STDOUT  ] 2018-01-15T14:05:05.449602892Z: [    4.213244] CPU feature 'AVX registers' is not supported.
[STDOUT  ] 2018-01-15T14:05:05.449608481Z: [    4.213642] CPU feature 'AVX registers' is not supported.
[STDOUT  ] 2018-01-15T14:05:05.449614079Z: [    4.214001] CPU feature 'AVX registers' is not supported.
[STDOUT  ] 2018-01-15T14:05:05.449619701Z: [    4.214307] CPU feature 'AVX registers' is not supported.
[STDOUT  ] 2018-01-15T14:05:05.449625254Z: [    4.214628] AVX2 or AES-NI instructions are not detected.
[STDOUT  ] 2018-01-15T14:05:05.449630779Z: [    4.214914] AVX2 instructions are not detected.
[STDOUT  ] 2018-01-15T14:05:05.449636351Z: [    4.222321] audit: initializing netlink subsys (disabled)
[STDOUT  ] 2018-01-15T14:05:05.449641842Z: [    4.223991] audit: type=2000 audit(1516025084.220:1): initialized
[STDOUT  ] 2018-01-15T14:05:05.449649189Z: [    4.229985] workingset: timestamp_bits=46 max_order=18 bucket_order=0
[STDOUT  ] 2018-01-15T14:05:05.449654941Z: [    4.235032] squashfs: version 4.0 (2009/01/31) Phillip Lougher
[STDOUT  ] 2018-01-15T14:05:05.449660523Z: [    4.237159] FS-Cache: Netfs 'cifs' registered for caching
[STDOUT  ] 2018-01-15T14:05:05.4496664Z: [    4.238153] fuse init (API version 7.26)
[STDOUT  ] 2018-01-15T14:05:05.44967198Z: [    4.243044] SGI XFS with ACLs, security attributes, no debug enabled
[STDOUT  ] 2018-01-15T14:05:05.449677716Z: [    4.246635] 9p: Installing v9fs 9p2000 file system support
[STDOUT  ] 2018-01-15T14:05:05.449683221Z: [    4.246961] FS-Cache: Netfs '9p' registered for caching
[STDOUT  ] 2018-01-15T14:05:05.449688829Z: [    4.274043] NET: Registered protocol family 38
[STDOUT  ] 2018-01-15T14:05:05.449694286Z: [    4.274556] Key type asymmetric registered
[STDOUT  ] 2018-01-15T14:05:05.449699865Z: [    4.274919] Asymmetric key parser 'x509' registered
[STDOUT  ] 2018-01-15T14:05:05.44970539Z: [    4.275884] Block layer SCSI generic (bsg) driver version 0.4 loaded (major 251)
[STDOUT  ] 2018-01-15T14:05:05.449711498Z: [    4.277489] io scheduler noop registered
[STDOUT  ] 2018-01-15T14:05:05.449716931Z: [    4.277805] io scheduler deadline registered (default)
[STDOUT  ] 2018-01-15T14:05:05.449724365Z: [    4.278555] io scheduler cfq registered
[STDOUT  ] 2018-01-15T14:05:05.449729872Z: [    4.282103] pci_hotplug: PCI Hot Plug PCI Core version: 0.5
[STDOUT  ] 2018-01-15T14:05:05.449738862Z: [    4.282718] pciehp: PCI Express Hot Plug Controller Driver version: 0.4
[STDOUT  ] 2018-01-15T14:05:05.449744607Z: [    4.283481] shpchp: Standard Hot Plug PCI Controller Driver version: 0.4
[STDOUT  ] 2018-01-15T14:05:05.44975011Z: [    4.284269] hv_vmbus: registering driver hyperv_fb
[STDOUT  ] 2018-01-15T14:05:05.449755634Z: [    4.287929] input: Power Button as /devices/LNXSYSTM:00/LNXPWRBN:00/input/input0
[STDOUT  ] 2018-01-15T14:05:05.44976115Z: [    4.289009] ACPI: Power Button [PWRF]
[STDOUT  ] 2018-01-15T14:05:05.449766641Z: [    4.294048] GHES: HEST is not enabled!
[STDOUT  ] 2018-01-15T14:05:05.449772099Z: [    4.304275] ACPI: PCI Interrupt Link [GSIG] enabled at IRQ 22
[STDOUT  ] 2018-01-15T14:05:05.449780953Z: [    4.316284] ACPI: PCI Interrupt Link [GSIH] enabled at IRQ 23
[STDOUT  ] 2018-01-15T14:05:05.449786515Z: [    4.321302] xenfs: not registering filesystem on non-xen platform
[STDOUT  ] 2018-01-15T14:05:05.449792074Z: [    4.323319] Serial: 8250/16550 driver, 4 ports, IRQ sharing disabled
[STDOUT  ] 2018-01-15T14:05:05.449797631Z: [    4.347596] 00:04: ttyS0 at I/O 0x3f8 (irq = 4, base_baud = 115200) is a 16550A
[STDOUT  ] 2018-01-15T14:05:05.449803211Z: [    4.358059] Non-volatile memory driver v1.3
[STDOUT  ] 2018-01-15T14:05:05.449808754Z: [    4.364345] Hangcheck: starting hangcheck timer 0.9.1 (tick is 180 seconds, margin is 60 seconds).
[STDOUT  ] 2018-01-15T14:05:05.449816259Z: [    4.368790] random: fast init done
[STDOUT  ] 2018-01-15T14:05:05.449821804Z: [    4.370152] random: crng init done
