[INFO    ] 2018-01-15T18:19:16.479469766Z: Running Test linuxkit.packages.format_mount.by_label in /tmp/build/test/cases/040_packages/006_format_mount/001_by_label
[INFO    ] 2018-01-15T18:19:16.479550758Z: Running command: [/bin/sh -x /tmp/build/test/cases/040_packages/006_format_mount/001_by_label/test.sh]
[STDERR  ] 2018-01-15T18:19:16.504791703Z: + set -e
[STDERR  ] 2018-01-15T18:19:16.504861141Z: + . /tmp/build/test/cases/_lib/lib.sh
[STDERR  ] 2018-01-15T18:19:16.504870897Z: + [ -f src/github.com/linuxkit/rtf/lib/lib.sh ]
[STDERR  ] 2018-01-15T18:19:16.504876924Z: + LINUXKIT_TMPDIR=/tmp/build/test/cases/_tmp
[STDERR  ] 2018-01-15T18:19:16.504882938Z: + [ -f /tmp/build/test/cases/_tmp/env.sh ]
[STDERR  ] 2018-01-15T18:19:16.504889161Z: + . /tmp/build/test/cases/_tmp/env.sh
[STDERR  ] 2018-01-15T18:19:16.504895554Z: + export LINUXKIT_EXAMPLES_DIR=/tmp/build/test/cases/../../examples
[STDERR  ] 2018-01-15T18:19:16.504902074Z: + export LINUXKIT_BLUEPRINTS_DIR=/tmp/build/test/cases/../../blueprints
[STDERR  ] 2018-01-15T18:19:16.504909952Z: + RT_CANCEL=253
[STDERR  ] 2018-01-15T18:19:16.50491598Z: + NAME=test-format
[STDERR  ] 2018-01-15T18:19:16.504921885Z: + DISK=disk.img
[STDERR  ] 2018-01-15T18:19:16.504927562Z: + trap clean_up EXIT
[STDERR  ] 2018-01-15T18:19:16.504934947Z: + linuxkit build -format kernel+initrd -name test-format test.yml
[STDERR  ] 2018-01-15T18:19:16.549483171Z: Extract kernel image: linuxkit/kernel:4.9.76
[STDERR  ] 2018-01-15T18:19:17.827825146Z: time="2018-01-15T18:19:17Z" level=warning msg="certificate with CN Justin Cormack is near expiry"
[STDERR  ] 2018-01-15T18:19:17.8278701Z: time="2018-01-15T18:19:17Z" level=warning msg="certificate with CN  is near expiry"
[STDERR  ] 2018-01-15T18:19:17.827938507Z: time="2018-01-15T18:19:17Z" level=warning msg="certificate with CN  is near expiry"
[STDERR  ] 2018-01-15T18:19:18.171767971Z: time="2018-01-15T18:19:18Z" level=warning msg="certificate with CN  is near expiry"
[STDERR  ] 2018-01-15T18:19:18.172007062Z: time="2018-01-15T18:19:18Z" level=warning msg="certificate with CN Justin Cormack is near expiry"
[STDERR  ] 2018-01-15T18:19:18.172043117Z: time="2018-01-15T18:19:18Z" level=warning msg="certificate with CN  is near expiry"
[STDERR  ] 2018-01-15T18:19:18.211299667Z: time="2018-01-15T18:19:18Z" level=warning msg="certificate with CN Justin Cormack is near expiry"
[STDERR  ] 2018-01-15T18:19:18.56450614Z: Add init containers:
[STDERR  ] 2018-01-15T18:19:18.564551642Z: Process init image: linuxkit/init:f7a3d03face99e933626533a3381ae4476fbc8de
[STDERR  ] 2018-01-15T18:19:19.5895997Z: time="2018-01-15T18:19:19Z" level=warning msg="certificate with CN  is near expiry"
[STDERR  ] 2018-01-15T18:19:19.589666799Z: time="2018-01-15T18:19:19Z" level=warning msg="certificate with CN  is near expiry"
[STDERR  ] 2018-01-15T18:19:19.589839646Z: time="2018-01-15T18:19:19Z" level=warning msg="certificate with CN Justin Cormack is near expiry"
[STDERR  ] 2018-01-15T18:19:19.593695661Z: time="2018-01-15T18:19:19Z" level=warning msg="certificate with CN Justin Cormack is near expiry"
[STDERR  ] 2018-01-15T18:19:19.595098504Z: time="2018-01-15T18:19:19Z" level=warning msg="certificate with CN  is near expiry"
[STDERR  ] 2018-01-15T18:19:19.761378012Z: Process init image: linuxkit/runc:7b15b00b4e3507d62e3ed8d44dfe650561cd35ff
[STDERR  ] 2018-01-15T18:19:20.890000365Z: time="2018-01-15T18:19:20Z" level=warning msg="certificate with CN Justin Cormack is near expiry"
[STDERR  ] 2018-01-15T18:19:20.890070683Z: time="2018-01-15T18:19:20Z" level=warning msg="certificate with CN  is near expiry"
[STDERR  ] 2018-01-15T18:19:20.890126782Z: time="2018-01-15T18:19:20Z" level=warning msg="certificate with CN  is near expiry"
[STDERR  ] 2018-01-15T18:19:20.892086768Z: time="2018-01-15T18:19:20Z" level=warning msg="certificate with CN Justin Cormack is near expiry"
[STDERR  ] 2018-01-15T18:19:20.893266324Z: time="2018-01-15T18:19:20Z" level=warning msg="certificate with CN  is near expiry"
[STDERR  ] 2018-01-15T18:19:21.097669579Z: Add onboot containers:
[STDERR  ] 2018-01-15T18:19:21.097715473Z:   Create OCI config for linuxkit/format:5a1140cb65e733f26de727fa684fef1326e9d5ab
[STDERR  ] 2018-01-15T18:19:22.171401144Z: time="2018-01-15T18:19:22Z" level=warning msg="certificate with CN Justin Cormack is near expiry"
[STDERR  ] 2018-01-15T18:19:22.171504502Z: time="2018-01-15T18:19:22Z" level=warning msg="certificate with CN Rolf Neugebauer is near expiry"
[STDERR  ] 2018-01-15T18:19:22.17154146Z: time="2018-01-15T18:19:22Z" level=warning msg="certificate with CN  is near expiry"
[STDERR  ] 2018-01-15T18:19:22.171613063Z: time="2018-01-15T18:19:22Z" level=warning msg="certificate with CN  is near expiry"
[STDERR  ] 2018-01-15T18:19:22.173021692Z: time="2018-01-15T18:19:22Z" level=warning msg="certificate with CN Justin Cormack is near expiry"
[STDERR  ] 2018-01-15T18:19:22.173951607Z: time="2018-01-15T18:19:22Z" level=warning msg="certificate with CN Rolf Neugebauer is near expiry"
[STDERR  ] 2018-01-15T18:19:22.174815537Z: time="2018-01-15T18:19:22Z" level=warning msg="certificate with CN  is near expiry"
[STDERR  ] 2018-01-15T18:19:22.482360121Z:   Create OCI config for linuxkit/mount:3c37d46558c794e8535daa805e7037cb8e82c141
[STDERR  ] 2018-01-15T18:19:23.510021313Z: time="2018-01-15T18:19:23Z" level=warning msg="certificate with CN  is near expiry"
[STDERR  ] 2018-01-15T18:19:23.510192827Z: time="2018-01-15T18:19:23Z" level=warning msg="certificate with CN  is near expiry"
[STDERR  ] 2018-01-15T18:19:23.51048429Z: time="2018-01-15T18:19:23Z" level=warning msg="certificate with CN Justin Cormack is near expiry"
[STDERR  ] 2018-01-15T18:19:23.510735322Z: time="2018-01-15T18:19:23Z" level=warning msg="certificate with CN Rolf Neugebauer is near expiry"
[STDERR  ] 2018-01-15T18:19:23.513038815Z: time="2018-01-15T18:19:23Z" level=warning msg="certificate with CN Justin Cormack is near expiry"
[STDERR  ] 2018-01-15T18:19:23.514068241Z: time="2018-01-15T18:19:23Z" level=warning msg="certificate with CN Rolf Neugebauer is near expiry"
[STDERR  ] 2018-01-15T18:19:23.514752018Z: time="2018-01-15T18:19:23Z" level=warning msg="certificate with CN  is near expiry"
[STDERR  ] 2018-01-15T18:19:23.832592564Z:   Create OCI config for alpine:3.7
[STDERR  ] 2018-01-15T18:19:25.028800249Z:   Create OCI config for linuxkit/poweroff:bccfe1cb04fc7bb9f03613d2314f38abd2620f29
[STDERR  ] 2018-01-15T18:19:26.08330012Z: time="2018-01-15T18:19:26Z" level=warning msg="certificate with CN Justin Cormack is near expiry"
[STDERR  ] 2018-01-15T18:19:26.083428538Z: time="2018-01-15T18:19:26Z" level=warning msg="certificate with CN Rolf Neugebauer is near expiry"
[STDERR  ] 2018-01-15T18:19:26.083471672Z: time="2018-01-15T18:19:26Z" level=warning msg="certificate with CN  is near expiry"
[STDERR  ] 2018-01-15T18:19:26.083528967Z: time="2018-01-15T18:19:26Z" level=warning msg="certificate with CN  is near expiry"
[STDERR  ] 2018-01-15T18:19:26.08505492Z: time="2018-01-15T18:19:26Z" level=warning msg="certificate with CN Rolf Neugebauer is near expiry"
[STDERR  ] 2018-01-15T18:19:26.085654387Z: time="2018-01-15T18:19:26Z" level=warning msg="certificate with CN  is near expiry"
[STDERR  ] 2018-01-15T18:19:26.245406205Z: Add files:
[STDERR  ] 2018-01-15T18:19:26.245449309Z:   check.sh
[STDERR  ] 2018-01-15T18:19:26.259286009Z: Create outputs:
[STDERR  ] 2018-01-15T18:19:31.477715555Z:   test-format-kernel test-format-initrd.img test-format-cmdline
[STDERR  ] 2018-01-15T18:19:31.539948501Z: + linuxkit run -disk file=disk.img,size=512M test-format
[STDERR  ] 2018-01-15T18:19:31.563323696Z: Unable to find qemu-system-x86_64 within the $PATH. Using a container
[STDERR  ] 2018-01-15T18:20:07.181240685Z: + RESULT=[    0.000000] Linux version 4.9.76-linuxkit (root@0fd4445ddb08) (gcc version 6.4.0 (Alpine 6.4.0) ) #1 SMP Mon Jan 15 16:57:48 UTC 2018
[STDERR  ] 2018-01-15T18:20:07.181294548Z: [    0.000000] Command line: console=ttyS0 console=ttyAMA0
[STDERR  ] 2018-01-15T18:20:07.181306427Z: [    0.000000] x86/fpu: Legacy x87 FPU detected.
[STDERR  ] 2018-01-15T18:20:07.181316182Z: [    0.000000] x86/fpu: Using 'eager' FPU context switches.
[STDERR  ] 2018-01-15T18:20:07.181334758Z: [    0.000000] e820: BIOS-provided physical RAM map:
[STDERR  ] 2018-01-15T18:20:07.181344635Z: [    0.000000] BIOS-e820: [mem 0x0000000000000000-0x000000000009fbff] usable
[STDERR  ] 2018-01-15T18:20:07.181354822Z: [    0.000000] BIOS-e820: [mem 0x000000000009fc00-0x000000000009ffff] reserved
[STDERR  ] 2018-01-15T18:20:07.181363749Z: [    0.000000] BIOS-e820: [mem 0x00000000000f0000-0x00000000000fffff] reserved
[STDERR  ] 2018-01-15T18:20:07.181372925Z: [    0.000000] BIOS-e820: [mem 0x0000000000100000-0x000000003ffdefff] usable
[STDERR  ] 2018-01-15T18:20:07.181382421Z: [    0.000000] BIOS-e820: [mem 0x000000003ffdf000-0x000000003fffffff] reserved
[STDERR  ] 2018-01-15T18:20:07.181391573Z: [    0.000000] BIOS-e820: [mem 0x00000000b0000000-0x00000000bfffffff] reserved
[STDERR  ] 2018-01-15T18:20:07.181403838Z: [    0.000000] BIOS-e820: [mem 0x00000000fed1c000-0x00000000fed1ffff] reserved
[STDERR  ] 2018-01-15T18:20:07.181413333Z: [    0.000000] BIOS-e820: [mem 0x00000000fffc0000-0x00000000ffffffff] reserved
[STDERR  ] 2018-01-15T18:20:07.181422756Z: [    0.000000] NX (Execute Disable) protection: active
[STDERR  ] 2018-01-15T18:20:07.181432062Z: [    0.000000] SMBIOS 2.8 present.
[STDERR  ] 2018-01-15T18:20:07.181441296Z: [    0.000000] Kernel/User page tables isolation: disabled
[STDERR  ] 2018-01-15T18:20:07.181463463Z: [    0.000000] e820: last_pfn = 0x3ffdf max_arch_pfn = 0x400000000
[STDERR  ] 2018-01-15T18:20:07.18147193Z: [    0.000000] x86/PAT: Configuration [0-7]: WB  WC  UC- UC  WB  WC  UC- WT  
[STDERR  ] 2018-01-15T18:20:07.181480659Z: [    0.000000] found SMP MP-table at [mem 0x000f6aa0-0x000f6aaf] mapped at [ffff9366000f6aa0]
[STDERR  ] 2018-01-15T18:20:07.181498036Z: [    0.000000] RAMDISK: [mem 0x3e005000-0x3ffcffff]
[STDERR  ] 2018-01-15T18:20:07.181506531Z: [    0.000000] ACPI: Early table checksum verification disabled
[STDERR  ] 2018-01-15T18:20:07.18151456Z: [    0.000000] ACPI: RSDP 0x00000000000F68B0 000014 (v00 BOCHS )
[STDERR  ] 2018-01-15T18:20:07.181522851Z: [    0.000000] ACPI: RSDT 0x000000003FFE20A8 000034 (v01 BOCHS  BXPCRSDT 00000001 BXPC 00000001)
[STDERR  ] 2018-01-15T18:20:07.181530937Z: [    0.000000] ACPI: FACP 0x000000003FFE1EC8 0000F4 (v03 BOCHS  BXPCFACP 00000001 BXPC 00000001)
[STDERR  ] 2018-01-15T18:20:07.181539067Z: [    0.000000] ACPI: DSDT 0x000000003FFE0040 001E88 (v01 BOCHS  BXPCDSDT 00000001 BXPC 00000001)
[STDERR  ] 2018-01-15T18:20:07.18154694Z: [    0.000000] ACPI: FACS 0x000000003FFE0000 000040
[STDERR  ] 2018-01-15T18:20:07.181557862Z: [    0.000000] ACPI: APIC 0x000000003FFE1FBC 000078 (v01 BOCHS  BXPCAPIC 00000001 BXPC 00000001)
[STDERR  ] 2018-01-15T18:20:07.181568522Z: [    0.000000] ACPI: HPET 0x000000003FFE2034 000038 (v01 BOCHS  BXPCHPET 00000001 BXPC 00000001)
[STDERR  ] 2018-01-15T18:20:07.181577182Z: [    0.000000] ACPI: MCFG 0x000000003FFE206C 00003C (v01 BOCHS  BXPCMCFG 00000001 BXPC 00000001)
[STDERR  ] 2018-01-15T18:20:07.181585579Z: [    0.000000] Zone ranges:
[STDERR  ] 2018-01-15T18:20:07.181601529Z: [    0.000000]   DMA      [mem 0x0000000000001000-0x0000000000ffffff]
[STDERR  ] 2018-01-15T18:20:07.181610165Z: [    0.000000]   DMA32    [mem 0x0000000001000000-0x000000003ffdefff]
[STDERR  ] 2018-01-15T18:20:07.181618167Z: [    0.000000]   Normal   empty
[STDERR  ] 2018-01-15T18:20:07.181627018Z: [    0.000000] Movable zone start for each node
[STDERR  ] 2018-01-15T18:20:07.181636137Z: [    0.000000] Early memory node ranges
[STDERR  ] 2018-01-15T18:20:07.181644648Z: [    0.000000]   node   0: [mem 0x0000000000001000-0x000000000009efff]
[STDERR  ] 2018-01-15T18:20:07.181653722Z: [    0.000000]   node   0: [mem 0x0000000000100000-0x000000003ffdefff]
[STDERR  ] 2018-01-15T18:20:07.181662488Z: [    0.000000] Initmem setup node 0 [mem 0x0000000000001000-0x000000003ffdefff]
[STDERR  ] 2018-01-15T18:20:07.181671212Z: [    0.000000] ACPI: PM-Timer IO Port: 0x608
[STDERR  ] 2018-01-15T18:20:07.181679865Z: [    0.000000] ACPI: LAPIC_NMI (acpi_id[0xff] dfl dfl lint[0x1])
[STDERR  ] 2018-01-15T18:20:07.181688834Z: [    0.000000] IOAPIC[0]: apic_id 0, version 32, address 0xfec00000, GSI 0-23
[STDERR  ] 2018-01-15T18:20:07.181701711Z: [    0.000000] ACPI: INT_SRC_OVR (bus 0 bus_irq 0 global_irq 2 dfl dfl)
[STDERR  ] 2018-01-15T18:20:07.181710504Z: [    0.000000] ACPI: INT_SRC_OVR (bus 0 bus_irq 5 global_irq 5 high level)
[STDERR  ] 2018-01-15T18:20:07.181719028Z: [    0.000000] ACPI: INT_SRC_OVR (bus 0 bus_irq 9 global_irq 9 high level)
[STDERR  ] 2018-01-15T18:20:07.181727649Z: [    0.000000] ACPI: INT_SRC_OVR (bus 0 bus_irq 10 global_irq 10 high level)
[STDERR  ] 2018-01-15T18:20:07.181736163Z: [    0.000000] ACPI: INT_SRC_OVR (bus 0 bus_irq 11 global_irq 11 high level)
[STDERR  ] 2018-01-15T18:20:07.181745577Z: [    0.000000] Using ACPI (MADT) for SMP configuration information
[STDERR  ] 2018-01-15T18:20:07.181755044Z: [    0.000000] ACPI: HPET id: 0x8086a201 base: 0xfed00000
[STDERR  ] 2018-01-15T18:20:07.181764023Z: [    0.000000] smpboot: Allowing 1 CPUs, 0 hotplug CPUs
[STDERR  ] 2018-01-15T18:20:07.181772387Z: [    0.000000] e820: [mem 0x40000000-0xafffffff] available for PCI devices
[STDERR  ] 2018-01-15T18:20:07.181783165Z: [    0.000000] Booting paravirtualized kernel on bare hardware
[STDERR  ] 2018-01-15T18:20:07.181791662Z: [    0.000000] clocksource: refined-jiffies: mask: 0xffffffff max_cycles: 0xffffffff, max_idle_ns: 19112604462750000 ns
[STDERR  ] 2018-01-15T18:20:07.181801324Z: [    0.000000] setup_percpu: NR_CPUS:128 nr_cpumask_bits:128 nr_cpu_ids:1 nr_node_ids:1
[STDERR  ] 2018-01-15T18:20:07.181810016Z: [    0.000000] percpu: Embedded 36 pages/cpu @ffff93663de00000 s106904 r8192 d32360 u2097152
[STDERR  ] 2018-01-15T18:20:07.181818401Z: [    0.000000] Built 1 zonelists in Zone order, mobility grouping on.  Total pages: 257896
[STDERR  ] 2018-01-15T18:20:07.181830941Z: [    0.000000] Kernel command line: console=ttyS0 console=ttyAMA0
[STDERR  ] 2018-01-15T18:20:07.181839355Z: [    0.000000] PID hash table entries: 4096 (order: 3, 32768 bytes)
[STDERR  ] 2018-01-15T18:20:07.181847732Z: [    0.000000] Dentry cache hash table entries: 131072 (order: 8, 1048576 bytes)
[STDERR  ] 2018-01-15T18:20:07.181856129Z: [    0.000000] Inode-cache hash table entries: 65536 (order: 7, 524288 bytes)
[STDERR  ] 2018-01-15T18:20:07.181864856Z: [    0.000000] Memory: 981584K/1048052K available (8053K kernel code, 1391K rwdata, 2700K rodata, 1396K init, 564K bss, 66468K reserved, 0K cma-reserved)
[STDERR  ] 2018-01-15T18:20:07.18187421Z: [    0.000000] Hierarchical RCU implementation.
[STDERR  ] 2018-01-15T18:20:07.181889107Z: [    0.000000] 	Build-time adjustment of leaf fanout to 64.
[STDERR  ] 2018-01-15T18:20:07.181897506Z: [    0.000000] 	RCU restricting CPUs from NR_CPUS=128 to nr_cpu_ids=1.
[STDERR  ] 2018-01-15T18:20:07.181905878Z: [    0.000000] RCU: Adjusting geometry for rcu_fanout_leaf=64, nr_cpu_ids=1
[STDERR  ] 2018-01-15T18:20:07.181914521Z: [    0.000000] NR_IRQS:8448 nr_irqs:256 16
[STDERR  ] 2018-01-15T18:20:07.181922936Z: [    0.000000] Console: colour VGA+ 80x25
[STDERR  ] 2018-01-15T18:20:07.181931556Z: [    0.000000] console [ttyS0] enabled
[STDERR  ] 2018-01-15T18:20:07.181940117Z: [    0.000000] clocksource: hpet: mask: 0xffffffff max_cycles: 0xffffffff, max_idle_ns: 19112604467 ns
[STDERR  ] 2018-01-15T18:20:07.181948836Z: [    0.000000] tsc: Unable to calibrate against PIT
[STDERR  ] 2018-01-15T18:20:07.181957735Z: [    0.000000] tsc: using HPET reference calibration
[STDERR  ] 2018-01-15T18:20:07.181966227Z: [    0.000000] tsc: Detected 2599.879 MHz processor
[STDERR  ] 2018-01-15T18:20:07.181974713Z: [    0.032127] Calibrating delay loop (skipped), value calculated using timer frequency.. 5199.75 BogoMIPS (lpj=25998790)
[STDERR  ] 2018-01-15T18:20:07.181984005Z: [    0.033202] pid_max: default: 32768 minimum: 301
[STDERR  ] 2018-01-15T18:20:07.181992395Z: [    0.040617] ACPI: Core revision 20160831
[STDERR  ] 2018-01-15T18:20:07.182001146Z: [    0.066266] ACPI: 1 ACPI AML tables successfully acquired and loaded
[STDERR  ] 2018-01-15T18:20:07.182009746Z: [    0.070815] Security Framework initialized
[STDERR  ] 2018-01-15T18:20:07.18202152Z: [    0.071214] Yama: becoming mindful.
[STDERR  ] 2018-01-15T18:20:07.182033611Z: [    0.073055] Mount-cache hash table entries: 2048 (order: 2, 16384 bytes)
[STDERR  ] 2018-01-15T18:20:07.182044106Z: [    0.073596] Mountpoint-cache hash table entries: 2048 (order: 2, 16384 bytes)
[STDERR  ] 2018-01-15T18:20:07.182052939Z: [    0.092044] Last level iTLB entries: 4KB 0, 2MB 0, 4MB 0
[STDERR  ] 2018-01-15T18:20:07.182064008Z: [    0.092545] Last level dTLB entries: 4KB 0, 2MB 0, 4MB 0, 1GB 0
[STDERR  ] 2018-01-15T18:20:07.182072516Z: [    0.409146] Freeing SMP alternatives memory: 20K
[STDERR  ] 2018-01-15T18:20:07.182081127Z: [    0.418478] ftrace: allocating 35552 entries in 139 pages
[STDERR  ] 2018-01-15T18:20:07.18209134Z: [    0.490835] smpboot: Max logical packages: 1
[STDERR  ] 2018-01-15T18:20:07.18210048Z: [    0.497758] ..TIMER: vector=0x30 apic1=0 pin1=2 apic2=-1 pin2=-1
[STDERR  ] 2018-01-15T18:20:07.182110428Z: [    0.600000] smpboot: CPU0: AMD QEMU Virtual CPU version 2.5+ (family: 0x6, model: 0x6, stepping: 0x3)
[STDERR  ] 2018-01-15T18:20:07.182118777Z: [    0.600000] Performance Events: PMU not available due to virtualization, using software events only.
[STDERR  ] 2018-01-15T18:20:07.182126612Z: [    0.607058] NMI watchdog: disabled (cpu0): hardware events not enabled
[STDERR  ] 2018-01-15T18:20:07.182135017Z: [    0.607436] NMI watchdog: Shutting down hard lockup detector on all cpus
[STDERR  ] 2018-01-15T18:20:07.182144323Z: [    0.610345] x86: Booted up 1 node, 1 CPUs
[STDERR  ] 2018-01-15T18:20:07.182153017Z: [    0.610729] smpboot: Total of 1 processors activated (5199.75 BogoMIPS)
[STDERR  ] 2018-01-15T18:20:07.182166764Z: [    0.625120] devtmpfs: initialized
[STDERR  ] 2018-01-15T18:20:07.182175718Z: [    0.630994] x86/mm: Memory block size: 128MB
[STDERR  ] 2018-01-15T18:20:07.182185009Z: [    0.661425] clocksource: jiffies: mask: 0xffffffff max_cycles: 0xffffffff, max_idle_ns: 19112604462750000 ns
[STDERR  ] 2018-01-15T18:20:07.182193465Z: [    0.662234] futex hash table entries: 256 (order: 2, 16384 bytes)
[STDERR  ] 2018-01-15T18:20:07.182202484Z: [    0.671099] NET: Registered protocol family 16
[STDERR  ] 2018-01-15T18:20:07.182211878Z: [    0.678979] cpuidle: using governor ladder
[STDERR  ] 2018-01-15T18:20:07.18222193Z: [    0.679376] cpuidle: using governor menu
[STDERR  ] 2018-01-15T18:20:07.182230071Z: [    0.680935] ACPI: bus type PCI registered
[STDERR  ] 2018-01-15T18:20:07.182239151Z: [    0.684900] PCI: MMCONFIG for domain 0000 [bus 00-ff] at [mem 0xb0000000-0xbfffffff] (base 0xb0000000)
[STDERR  ] 2018-01-15T18:20:07.182247836Z: [    0.685574] PCI: MMCONFIG at [mem 0xb0000000-0xbfffffff] reserved in E820
[STDERR  ] 2018-01-15T18:20:07.182257455Z: [    0.686396] PCI: Using configuration type 1 for base access
[STDERR  ] 2018-01-15T18:20:07.182266313Z: [    0.720199] HugeTLB registered 2 MB page size, pre-allocated 0 pages
[STDERR  ] 2018-01-15T18:20:07.182280386Z: [    0.731408] ACPI: Added _OSI(Module Device)
[STDERR  ] 2018-01-15T18:20:07.182290384Z: [    0.731697] ACPI: Added _OSI(Processor Device)
[STDERR  ] 2018-01-15T18:20:07.182299424Z: [    0.731946] ACPI: Added _OSI(3.0 _SCP Extensions)
[STDERR  ] 2018-01-15T18:20:07.182308098Z: [    0.732083] ACPI: Added _OSI(Processor Aggregator Device)
[STDERR  ] 2018-01-15T18:20:07.182321598Z: [    0.776876] ACPI: Interpreter enabled
[STDERR  ] 2018-01-15T18:20:07.182329652Z: [    0.780408] ACPI: (supports S0 S5)
[STDERR  ] 2018-01-15T18:20:07.182337492Z: [    0.780706] ACPI: Using IOAPIC for interrupt routing
[STDERR  ] 2018-01-15T18:20:07.182347109Z: [    0.783048] PCI: Using host bridge windows from ACPI; if necessary, use "pci=nocrs" and report a bug
[STDERR  ] 2018-01-15T18:20:07.182358269Z: [    0.823099] ACPI: PCI Root Bridge [PCI0] (domain 0000 [bus 00-ff])
[STDERR  ] 2018-01-15T18:20:07.18236598Z: [    0.824116] acpi PNP0A08:00: _OSC: OS supports [ExtendedConfig ASPM ClockPM Segments MSI]
[STDERR  ] 2018-01-15T18:20:07.182374064Z: [    0.829072] acpi PNP0A08:00: _OSC: OS now controls [PCIeHotplug PME PCIeCapability]
[STDERR  ] 2018-01-15T18:20:07.182389169Z: [    0.832483] PCI host bridge to bus 0000:00
[STDERR  ] 2018-01-15T18:20:07.182396982Z: [    0.832889] pci_bus 0000:00: root bus resource [io  0x0000-0x0cf7 window]
[STDERR  ] 2018-01-15T18:20:07.182405475Z: [    0.833268] pci_bus 0000:00: root bus resource [io  0x0d00-0xffff window]
[STDERR  ] 2018-01-15T18:20:07.18241359Z: [    0.833605] pci_bus 0000:00: root bus resource [mem 0x000a0000-0x000bffff window]
[STDERR  ] 2018-01-15T18:20:07.182421616Z: [    0.833941] pci_bus 0000:00: root bus resource [mem 0xc0000000-0xfebfffff window]
[STDERR  ] 2018-01-15T18:20:07.182429536Z: [    0.834419] pci_bus 0000:00: root bus resource [bus 00-ff]
[STDERR  ] 2018-01-15T18:20:07.182439453Z: [    0.996743] pci 0000:00:1f.0: quirk: [io  0x0600-0x067f] claimed by ICH6 ACPI/GPIO/TCO
[STDERR  ] 2018-01-15T18:20:07.182447239Z: [    1.084909] ACPI: PCI Interrupt Link [LNKA] (IRQs 5 *10 11)
[STDERR  ] 2018-01-15T18:20:07.182455992Z: [    1.087031] ACPI: PCI Interrupt Link [LNKB] (IRQs 5 *10 11)
[STDERR  ] 2018-01-15T18:20:07.182464777Z: [    1.088568] ACPI: PCI Interrupt Link [LNKC] (IRQs 5 10 *11)
[STDERR  ] 2018-01-15T18:20:07.182473679Z: [    1.090620] ACPI: PCI Interrupt Link [LNKD] (IRQs 5 10 *11)
[STDERR  ] 2018-01-15T18:20:07.182481947Z: [    1.091903] ACPI: PCI Interrupt Link [LNKE] (IRQs 5 *10 11)
[STDERR  ] 2018-01-15T18:20:07.182490196Z: [    1.093427] ACPI: PCI Interrupt Link [LNKF] (IRQs 5 *10 11)
[STDERR  ] 2018-01-15T18:20:07.182499067Z: [    1.094918] ACPI: PCI Interrupt Link [LNKG] (IRQs 5 10 *11)
[STDERR  ] 2018-01-15T18:20:07.18250831Z: [    1.096094] ACPI: PCI Interrupt Link [LNKH] (IRQs 5 10 *11)
[STDERR  ] 2018-01-15T18:20:07.182521371Z: [    1.096759] ACPI: PCI Interrupt Link [GSIA] (IRQs *16)
[STDERR  ] 2018-01-15T18:20:07.182530062Z: [    1.097281] ACPI: PCI Interrupt Link [GSIB] (IRQs *17)
[STDERR  ] 2018-01-15T18:20:07.18253824Z: [    1.097763] ACPI: PCI Interrupt Link [GSIC] (IRQs *18)
[STDERR  ] 2018-01-15T18:20:07.182549049Z: [    1.098252] ACPI: PCI Interrupt Link [GSID] (IRQs *19)
[STDERR  ] 2018-01-15T18:20:07.182557807Z: [    1.098768] ACPI: PCI Interrupt Link [GSIE] (IRQs *20)
[STDERR  ] 2018-01-15T18:20:07.182565793Z: [    1.099274] ACPI: PCI Interrupt Link [GSIF] (IRQs *21)
[STDERR  ] 2018-01-15T18:20:07.182574036Z: [    1.100323] ACPI: PCI Interrupt Link [GSIG] (IRQs *22)
[STDERR  ] 2018-01-15T18:20:07.182582149Z: [    1.100834] ACPI: PCI Interrupt Link [GSIH] (IRQs *23)
[STDERR  ] 2018-01-15T18:20:07.182590794Z: [    1.103817] ACPI: Enabled 1 GPEs in block 00 to 3F
[STDERR  ] 2018-01-15T18:20:07.182599727Z: [    1.108011] SCSI subsystem initialized
[STDERR  ] 2018-01-15T18:20:07.182608099Z: [    1.110062] ACPI: bus type USB registered
[STDERR  ] 2018-01-15T18:20:07.182616626Z: [    1.110992] usbcore: registered new interface driver usbfs
[STDERR  ] 2018-01-15T18:20:07.182625062Z: [    1.111768] usbcore: registered new interface driver hub
[STDERR  ] 2018-01-15T18:20:07.182633763Z: [    1.112464] usbcore: registered new device driver usb
[STDERR  ] 2018-01-15T18:20:07.182642141Z: [    1.113381] pps_core: LinuxPPS API ver. 1 registered
[STDERR  ] 2018-01-15T18:20:07.18265388Z: [    1.113608] pps_core: Software ver. 5.3.6 - Copyright 2005-2007 Rodolfo Giometti <giometti@linux.it>
[STDERR  ] 2018-01-15T18:20:07.182666035Z: [    1.114115] PTP clock support registered
[STDERR  ] 2018-01-15T18:20:07.182674089Z: [    1.115096] wmi: Mapper loaded
[STDERR  ] 2018-01-15T18:20:07.182683259Z: [    1.116068] PCI: Using ACPI for IRQ routing
[STDERR  ] 2018-01-15T18:20:07.182692948Z: [    1.128493] NetLabel: Initializing
[STDERR  ] 2018-01-15T18:20:07.182701221Z: [    1.128763] NetLabel:  domain hash size = 128
[STDERR  ] 2018-01-15T18:20:07.182709409Z: [    1.128962] NetLabel:  protocols = UNLABELED CIPSOv4
[STDERR  ] 2018-01-15T18:20:07.182718388Z: [    1.130806] NetLabel:  unlabeled traffic allowed by default
[STDERR  ] 2018-01-15T18:20:07.182727156Z: [    1.131670] HPET: 3 timers in total, 0 timers will be used for per-cpu timer
[STDERR  ] 2018-01-15T18:20:07.182736472Z: [    1.132299] hpet0: at MMIO 0xfed00000, IRQs 2, 8, 0
[STDERR  ] 2018-01-15T18:20:07.182751712Z: [    1.132662] hpet0: 3 comparators, 64-bit 100.000000 MHz counter
[STDERR  ] 2018-01-15T18:20:07.182760146Z: [    1.139159] clocksource: Switched to clocksource hpet
[STDERR  ] 2018-01-15T18:20:07.182768521Z: [    1.292787] VFS: Disk quotas dquot_6.6.0
[STDERR  ] 2018-01-15T18:20:07.182776815Z: [    1.293495] VFS: Dquot-cache hash table entries: 512 (order 0, 4096 bytes)
[STDERR  ] 2018-01-15T18:20:07.182785184Z: [    1.296834] FS-Cache: Loaded
[STDERR  ] 2018-01-15T18:20:07.182793189Z: [    1.301852] CacheFiles: Loaded
[STDERR  ] 2018-01-15T18:20:07.182800695Z: [    1.303310] pnp: PnP ACPI init
[STDERR  ] 2018-01-15T18:20:07.182809026Z: [    1.312673] pnp: PnP ACPI: found 5 devices
[STDERR  ] 2018-01-15T18:20:07.182817491Z: [    1.348034] clocksource: acpi_pm: mask: 0xffffff max_cycles: 0xffffff, max_idle_ns: 2085701024 ns
[STDERR  ] 2018-01-15T18:20:07.182826687Z: [    1.351273] NET: Registered protocol family 2
[STDERR  ] 2018-01-15T18:20:07.182834721Z: [    1.358417] TCP established hash table entries: 8192 (order: 4, 65536 bytes)
[STDERR  ] 2018-01-15T18:20:07.182843032Z: [    1.359184] TCP bind hash table entries: 8192 (order: 5, 131072 bytes)
[STDERR  ] 2018-01-15T18:20:07.182851401Z: [    1.359820] TCP: Hash tables configured (established 8192 bind 8192)
[STDERR  ] 2018-01-15T18:20:07.182859824Z: [    1.361802] UDP hash table entries: 512 (order: 2, 16384 bytes)
[STDERR  ] 2018-01-15T18:20:07.182868404Z: [    1.362311] UDP-Lite hash table entries: 512 (order: 2, 16384 bytes)
[STDERR  ] 2018-01-15T18:20:07.182956865Z: [    1.364395] NET: Registered protocol family 1
[STDERR  ] 2018-01-15T18:20:07.182971933Z: [    1.365292] pci 0000:00:01.0: Video device with shadowed ROM at [mem 0x000c0000-0x000dffff]
[STDERR  ] 2018-01-15T18:20:07.182980485Z: [    1.373078] Unpacking initramfs...
[STDERR  ] 2018-01-15T18:20:07.182988436Z: [    5.556089] Freeing initrd memory: 32556K
[STDERR  ] 2018-01-15T18:20:07.182999343Z: [    5.575804] PCLMULQDQ-NI instructions are not detected.
[STDERR  ] 2018-01-15T18:20:07.183011455Z: [    5.576985] AVX or AES-NI instructions are not detected.
[STDERR  ] 2018-01-15T18:20:07.183023593Z: [    5.577409] CPU feature 'AVX registers' is not supported.
[STDERR  ] 2018-01-15T18:20:07.183031913Z: [    5.577720] CPU feature 'AVX registers' is not supported.
[STDERR  ] 2018-01-15T18:20:07.183039886Z: [    5.578017] CPU feature 'AVX registers' is not supported.
[STDERR  ] 2018-01-15T18:20:07.183047348Z: [    5.578350] CPU feature 'AVX registers' is not supported.
[STDERR  ] 2018-01-15T18:20:07.183055201Z: [    5.578650] AVX2 or AES-NI instructions are not detected.
[STDERR  ] 2018-01-15T18:20:07.183062845Z: [    5.578977] AVX2 instructions are not detected.
[STDERR  ] 2018-01-15T18:20:07.183072061Z: [    5.584491] audit: initializing netlink subsys (disabled)
[STDERR  ] 2018-01-15T18:20:07.183079786Z: [    5.585960] audit: type=2000 audit(1516040377.580:1): initialized
[STDERR  ] 2018-01-15T18:20:07.183087943Z: [    5.592315] workingset: timestamp_bits=46 max_order=18 bucket_order=0
[STDERR  ] 2018-01-15T18:20:07.183096108Z: [    5.595378] squashfs: version 4.0 (2009/01/31) Phillip Lougher
[STDERR  ] 2018-01-15T18:20:07.183104754Z: [    5.600612] FS-Cache: Netfs 'cifs' registered for caching
[STDERR  ] 2018-01-15T18:20:07.183113085Z: [    5.601451] fuse init (API version 7.26)
[STDERR  ] 2018-01-15T18:20:07.183121093Z: [    5.603375] SGI XFS with ACLs, security attributes, no debug enabled
[STDERR  ] 2018-01-15T18:20:07.183130521Z: [    5.606458] 9p: Installing v9fs 9p2000 file system support
[STDERR  ] 2018-01-15T18:20:07.183138963Z: [    5.606921] FS-Cache: Netfs '9p' registered for caching
[STDERR  ] 2018-01-15T18:20:07.183147235Z: [    5.629115] NET: Registered protocol family 38
[STDERR  ] 2018-01-15T18:20:07.183156059Z: [    5.629677] Key type asymmetric registered
[STDERR  ] 2018-01-15T18:20:07.183164858Z: [    5.630022] Asymmetric key parser 'x509' registered
[STDERR  ] 2018-01-15T18:20:07.183173164Z: [    5.631383] Block layer SCSI generic (bsg) driver version 0.4 loaded (major 251)
[STDERR  ] 2018-01-15T18:20:07.183185735Z: [    5.632782] io scheduler noop registered
[STDERR  ] 2018-01-15T18:20:07.183193496Z: [    5.633113] io scheduler deadline registered (default)
[STDERR  ] 2018-01-15T18:20:07.183202058Z: [    5.633822] io scheduler cfq registered
[STDERR  ] 2018-01-15T18:20:07.183210766Z: [    5.636050] pci_hotplug: PCI Hot Plug PCI Core version: 0.5
[STDERR  ] 2018-01-15T18:20:07.183219461Z: [    5.636533] pciehp: PCI Express Hot Plug Controller Driver version: 0.4
[STDERR  ] 2018-01-15T18:20:07.183234254Z: [    5.637227] shpchp: Standard Hot Plug PCI Controller Driver version: 0.4
[STDERR  ] 2018-01-15T18:20:07.183246703Z: [    5.637949] hv_vmbus: registering driver hyperv_fb
[STDERR  ] 2018-01-15T18:20:07.183254591Z: [    5.641349] input: Power Button as /devices/LNXSYSTM:00/LNXPWRBN:00/input/input0
[STDERR  ] 2018-01-15T18:20:07.183263004Z: [    5.642359] ACPI: Power Button [PWRF]
[STDERR  ] 2018-01-15T18:20:07.183271634Z: [    5.646170] GHES: HEST is not enabled!
[STDERR  ] 2018-01-15T18:20:07.183280297Z: [    5.653303] ACPI: PCI Interrupt Link [GSIG] enabled at IRQ 22
[STDERR  ] 2018-01-15T18:20:07.183288875Z: [    5.663152] ACPI: PCI Interrupt Link [GSIH] enabled at IRQ 23
[STDERR  ] 2018-01-15T18:20:07.183297628Z: [    5.667485] xenfs: not registering filesystem on non-xen platform
[STDERR  ] 2018-01-15T18:20:07.183308847Z: [    5.669873] Serial: 8250/16550 driver, 4 ports, IRQ sharing disabled
[STDERR  ] 2018-01-15T18:20:07.183319833Z: [    5.693576] 00:04: ttyS0 at I/O 0x3f8 (irq = 4, base_baud = 115200) is a 16550A
[STDERR  ] 2018-01-15T18:20:07.183332881Z: [    5.703951] Non-volatile memory driver v1.3
[STDERR  ] 2018-01-15T18:20:07.183341151Z: [    5.711386] Hangcheck: starting hangcheck timer 0.9.1 (tick is 180 seconds, margin is 60 seconds).
[STDERR  ] 2018-01-15T18:20:07.183346988Z: [    5.715560] random: fast init done
[STDERR  ] 2018-01-15T18:20:07.183352756Z: [    5.716737] random: crng init done
[STDERR  ] 2018-01-15T18:20:07.183358402Z: [    5.741494] loop: module loaded
[STDERR  ] 2018-01-15T18:20:07.183364345Z: [    5.752936] nbd: registered device at major 43
[STDERR  ] 2018-01-15T18:20:07.183369783Z: [    5.781518] lpc_ich 0000:00:1f.0: I/O space for GPIO uninitialized
[STDERR  ] 2018-01-15T18:20:07.183375403Z: [    5.783188] VMware PVSCSI driver - version 1.0.7.0-k
[STDERR  ] 2018-01-15T18:20:07.183381004Z: [    5.783917] hv_vmbus: registering driver hv_storvsc
[STDERR  ] 2018-01-15T18:20:07.183386529Z: [    5.790447] ACPI: PCI Interrupt Link [GSIA] enabled at IRQ 16
[STDERR  ] 2018-01-15T18:20:07.183391999Z: [    5.796082] ahci 0000:00:1f.2: AHCI 0001.0000 32 slots 6 ports 1.5 Gbps 0x3f impl SATA mode
[STDERR  ] 2018-01-15T18:20:07.183398038Z: [    5.796678] ahci 0000:00:1f.2: flags: 64bit ncq only 
[STDERR  ] 2018-01-15T18:20:07.183403477Z: [    5.811228] scsi host0: ahci
[STDERR  ] 2018-01-15T18:20:07.183409126Z: [    5.815325] scsi host1: ahci
[STDERR  ] 2018-01-15T18:20:07.183414574Z: [    5.817073] scsi host2: ahci
[STDERR  ] 2018-01-15T18:20:07.183420133Z: [    5.818773] scsi host3: ahci
[STDERR  ] 2018-01-15T18:20:07.183425605Z: [    5.820468] scsi host4: ahci
[STDERR  ] 2018-01-15T18:20:07.183431116Z: [    5.822043] scsi host5: ahci
[STDERR  ] 2018-01-15T18:20:07.183436739Z: [    5.823386] ata1: SATA max UDMA/133 abar m4096@0xfebd2000 port 0xfebd2100 irq 24
[STDERR  ] 2018-01-15T18:20:07.183442373Z: [    5.823790] ata2: SATA max UDMA/133 abar m4096@0xfebd2000 port 0xfebd2180 irq 24
[STDERR  ] 2018-01-15T18:20:07.183447791Z: [    5.824116] ata3: SATA max UDMA/133 abar m4096@0xfebd2000 port 0xfebd2200 irq 24
[STDERR  ] 2018-01-15T18:20:07.183453184Z: [    5.824447] ata4: SATA max UDMA/133 abar m4096@0xfebd2000 port 0xfebd2280 irq 24
[STDERR  ] 2018-01-15T18:20:07.183458554Z: [    5.824724] ata5: SATA max UDMA/133 abar m4096@0xfebd2000 port 0xfebd2300 irq 24
[STDERR  ] 2018-01-15T18:20:07.18346397Z: [    5.825068] ata6: SATA max UDMA/133 abar m4096@0xfebd2000 port 0xfebd2380 irq 24
[STDERR  ] 2018-01-15T18:20:07.183473001Z: [    5.834567] tun: Universal TUN/TAP device driver, 1.6
[STDERR  ] 2018-01-15T18:20:07.183478576Z: [    5.834867] tun: (C) 1999-2004 Max Krasnyansky <maxk@qualcomm.com>
[STDERR  ] 2018-01-15T18:20:07.183484082Z: [    5.844491] VMware vmxnet3 virtual NIC driver - version 1.4.a.0-k-NAPI
[STDERR  ] 2018-01-15T18:20:07.183489545Z: [    5.845265] hv_vmbus: registering driver hv_netvsc
[STDERR  ] 2018-01-15T18:20:07.183495205Z: [    5.845532] Fusion MPT base driver 3.04.20
[STDERR  ] 2018-01-15T18:20:07.183500784Z: [    5.845794] Copyright (c) 1999-2008 LSI Corporation
[STDERR  ] 2018-01-15T18:20:07.183506705Z: [    5.846307] Fusion MPT SPI Host driver 3.04.20
[STDERR  ] 2018-01-15T18:20:07.183514811Z: [    5.847994] i8042: PNP: PS/2 Controller [PNP0303:KBD,PNP0f13:MOU] at 0x60,0x64 irq 1,12
[STDERR  ] 2018-01-15T18:20:07.183520415Z: [    5.851926] serio: i8042 KBD port at 0x60,0x64 irq 1
[STDERR  ] 2018-01-15T18:20:07.183525809Z: [    5.852465] serio: i8042 AUX port at 0x60,0x64 irq 12
[STDERR  ] 2018-01-15T18:20:07.18353119Z: [    5.854697] hv_vmbus: registering driver hyperv_keyboard
[STDERR  ] 2018-01-15T18:20:07.18353661Z: [    5.856388] mousedev: PS/2 mouse device common for all mice
[STDERR  ] 2018-01-15T18:20:07.183542062Z: [    5.861164] input: AT Translated Set 2 keyboard as /devices/platform/i8042/serio0/input/input1
[STDERR  ] 2018-01-15T18:20:07.183547616Z: [    5.863297] input: PC Speaker as /devices/platform/pcspkr/input/input2
[STDERR  ] 2018-01-15T18:20:07.183553113Z: [    5.866341] rtc_cmos 00:00: RTC can wake from S4
[STDERR  ] 2018-01-15T18:20:07.183558594Z: [    5.869255] rtc_cmos 00:00: rtc core: registered rtc_cmos as rtc0
[STDERR  ] 2018-01-15T18:20:07.183567464Z: [    5.870833] rtc_cmos 00:00: alarms up to one day, y3k, 114 bytes nvram, hpet irqs
[STDERR  ] 2018-01-15T18:20:07.18357299Z: [    5.871398] i2c /dev entries driver
[STDERR  ] 2018-01-15T18:20:07.183578446Z: [    5.873048] device-mapper: ioctl: 4.35.0-ioctl (2016-06-23) initialised: dm-devel@redhat.com
[STDERR  ] 2018-01-15T18:20:07.18358406Z: [    5.876687] usbcore: registered new interface driver usbhid
[STDERR  ] 2018-01-15T18:20:07.183589858Z: [    5.876937] usbhid: USB HID core driver
[STDERR  ] 2018-01-15T18:20:07.183595237Z: [    5.877446] hv_utils: Registering HyperV Utility Driver
[STDERR  ] 2018-01-15T18:20:07.18360065Z: [    5.877708] hv_vmbus: registering driver hv_util
[STDERR  ] 2018-01-15T18:20:07.183608182Z: [    5.877993] hv_vmbus: registering driver hv_balloon
[STDERR  ] 2018-01-15T18:20:07.183613737Z: [    5.878454] oprofile: using NMI interrupt.
[STDERR  ] 2018-01-15T18:20:07.183619101Z: [    5.879498] GACT probability on
[STDERR  ] 2018-01-15T18:20:07.183624449Z: [    5.879930] Mirror/redirect action on
[STDERR  ] 2018-01-15T18:20:07.183629828Z: [    5.881027] Simple TC action Loaded
[STDERR  ] 2018-01-15T18:20:07.183635221Z: [    5.881621] u32 classifier
[STDERR  ] 2018-01-15T18:20:07.183640678Z: [    5.881795]     Performance counters on
[STDERR  ] 2018-01-15T18:20:07.183646046Z: [    5.881967]     input device check on
[STDERR  ] 2018-01-15T18:20:07.18365144Z: [    5.882149]     Actions configured
[STDERR  ] 2018-01-15T18:20:07.18365684Z: [    5.882653] Netfilter messages via NETLINK v0.30.
[STDERR  ] 2018-01-15T18:20:07.183662258Z: [    5.883114] nfnl_acct: registering with nfnetlink.
[STDERR  ] 2018-01-15T18:20:07.183667651Z: [    5.884384] nf_conntrack version 0.5.0 (8192 buckets, 32768 max)
[STDERR  ] 2018-01-15T18:20:07.183673091Z: [    5.887489] ctnetlink v0.93: registering with nfnetlink.
[STDERR  ] 2018-01-15T18:20:07.183680821Z: [    5.890614] nf_tables: (c) 2007-2009 Patrick McHardy <kaber@trash.net>
[STDERR  ] 2018-01-15T18:20:07.183686261Z: [    5.891392] nf_tables_compat: (c) 2012 Pablo Neira Ayuso <pablo@netfilter.org>
[STDERR  ] 2018-01-15T18:20:07.183693433Z: [    5.893351] xt_time: kernel timezone is -0000
[STDERR  ] 2018-01-15T18:20:07.183700683Z: [    5.893807] ip_set: protocol 6
[STDERR  ] 2018-01-15T18:20:07.183706106Z: [    5.894413] IPVS: Registered protocols (TCP, UDP, SCTP, AH, ESP)
[STDERR  ] 2018-01-15T18:20:07.183715748Z: [    5.894927] IPVS: Connection hash table configured (size=4096, memory=64Kbytes)
[STDERR  ] 2018-01-15T18:20:07.183721223Z: [    5.896441] IPVS: Creating netns size=2104 id=0
[STDERR  ] 2018-01-15T18:20:07.183726864Z: [    5.899172] IPVS: ipvs loaded.
[STDERR  ] 2018-01-15T18:20:07.183732328Z: [    5.899495] IPVS: [rr] scheduler registered.
[STDERR  ] 2018-01-15T18:20:07.183739893Z: [    5.899780] IPVS: [wrr] scheduler registered.
[STDERR  ] 2018-01-15T18:20:07.183745327Z: [    5.900001] IPVS: [lc] scheduler registered.
[STDERR  ] 2018-01-15T18:20:07.18375073Z: [    5.900667] IPVS: [wlc] scheduler registered.
[STDERR  ] 2018-01-15T18:20:07.183756121Z: [    5.900903] IPVS: [fo] scheduler registered.
[STDERR  ] 2018-01-15T18:20:07.183761605Z: [    5.901085] IPVS: [ovf] scheduler registered.
[STDERR  ] 2018-01-15T18:20:07.183767078Z: [    5.901439] IPVS: [lblc] scheduler registered.
[STDERR  ] 2018-01-15T18:20:07.183772492Z: [    5.901765] IPVS: [lblcr] scheduler registered.
[STDERR  ] 2018-01-15T18:20:07.183777971Z: [    5.901996] IPVS: [dh] scheduler registered.
[STDERR  ] 2018-01-15T18:20:07.183783364Z: [    5.902210] IPVS: [sh] scheduler registered.
[STDERR  ] 2018-01-15T18:20:07.183788745Z: [    5.902402] IPVS: [sed] scheduler registered.
[STDERR  ] 2018-01-15T18:20:07.18379434Z: [    5.902609] IPVS: [nq] scheduler registered.
[STDERR  ] 2018-01-15T18:20:07.183799977Z: [    5.903237] IPVS: ftp: loaded support on port[0] = 21
[STDERR  ] 2018-01-15T18:20:07.183805483Z: [    5.903965] ipip: IPv4 and MPLS over IPv4 tunneling driver
[STDERR  ] 2018-01-15T18:20:07.183813718Z: [    5.907248] gre: GRE over IPv4 demultiplexor driver
[STDERR  ] 2018-01-15T18:20:07.183819178Z: [    5.909828] ip_tables: (C) 2000-2006 Netfilter Core Team
[STDERR  ] 2018-01-15T18:20:07.183824584Z: [    5.913298] ipt_CLUSTERIP: ClusterIP Version 0.8 loaded successfully
[STDERR  ] 2018-01-15T18:20:07.18383007Z: [    5.913874] arp_tables: arp_tables: (C) 2002 David S. Miller
[STDERR  ] 2018-01-15T18:20:07.183835495Z: [    5.916067] NET: Registered protocol family 10
[STDERR  ] 2018-01-15T18:20:07.183842679Z: [    5.924722] ip6_tables: (C) 2000-2006 Netfilter Core Team
[STDERR  ] 2018-01-15T18:20:07.183848121Z: [    5.934517] NET: Registered protocol family 17
[STDERR  ] 2018-01-15T18:20:07.183853534Z: [    5.935499] Bridge firewalling registered
[STDERR  ] 2018-01-15T18:20:07.183858941Z: [    5.936006] Ebtables v2.0 registered
[STDERR  ] 2018-01-15T18:20:07.183864393Z: [    5.937815] 8021q: 802.1Q VLAN Support v1.8
[STDERR  ] 2018-01-15T18:20:07.183869734Z: [    5.939097] 9pnet: Installing 9P2000 support
[STDERR  ] 2018-01-15T18:20:07.183875159Z: [    5.941001] Key type dns_resolver registered
[STDERR  ] 2018-01-15T18:20:07.183886346Z: [    5.941779] microcode: AMD CPU family 0x6 not supported
[STDERR  ] 2018-01-15T18:20:07.183891845Z: [    5.945123] registered taskstats version 1
[STDERR  ] 2018-01-15T18:20:07.18389726Z: [    6.101588] Key type big_key registered
[STDERR  ] 2018-01-15T18:20:07.183902748Z: [    6.152925] ata1: SATA link up 1.5 Gbps (SStatus 113 SControl 300)
[STDERR  ] 2018-01-15T18:20:07.183908207Z: [    6.158472] ata1.00: ATA-7: QEMU HARDDISK, 2.5+, max UDMA/100
[STDERR  ] 2018-01-15T18:20:07.183913647Z: [    6.158946] ata1.00: 1048576 sectors, multi 16: LBA48 NCQ (depth 31/32)
[STDERR  ] 2018-01-15T18:20:07.183919113Z: [    6.159440] ata1.00: applying bridge limits
[STDERR  ] 2018-01-15T18:20:07.183924614Z: [    6.161127] ata3: SATA link up 1.5 Gbps (SStatus 113 SControl 300)
[STDERR  ] 2018-01-15T18:20:07.183930066Z: [    6.161783] ata3.00: ATAPI: QEMU DVD-ROM, 2.5+, max UDMA/100
[STDERR  ] 2018-01-15T18:20:07.183937344Z: [    6.162092] ata3.00: applying bridge limits
[STDERR  ] 2018-01-15T18:20:07.183943013Z: [    6.162997] ata3.00: configured for UDMA/100
[STDERR  ] 2018-01-15T18:20:07.183948372Z: [    6.165374] ata2: SATA link down (SStatus 0 SControl 300)
[STDERR  ] 2018-01-15T18:20:07.183953831Z: [    6.171093] ata1.00: configured for UDMA/100
[STDERR  ] 2018-01-15T18:20:07.183963055Z: [    6.172898] ata6: SATA link down (SStatus 0 SControl 300)
[STDERR  ] 2018-01-15T18:20:07.183968622Z: [    6.173382] ata5: SATA link down (SStatus 0 SControl 300)
[STDERR  ] 2018-01-15T18:20:07.183974035Z: [    6.173767] ata4: SATA link down (SStatus 0 SControl 300)
[STDERR  ] 2018-01-15T18:20:07.183979402Z: [    6.192881] scsi 0:0:0:0: Direct-Access     ATA      QEMU HARDDISK    2.5+ PQ: 0 ANSI: 5
[STDERR  ] 2018-01-15T18:20:07.183985022Z: [    6.201537] sd 0:0:0:0: [sda] 1048576 512-byte logical blocks: (537 MB/512 MiB)
[STDERR  ] 2018-01-15T18:20:07.183990479Z: [    6.213265] sd 0:0:0:0: [sda] Write Protect is off
[STDERR  ] 2018-01-15T18:20:07.183996092Z: [    6.214153] sd 0:0:0:0: Attached scsi generic sg0 type 0
[STDERR  ] 2018-01-15T18:20:07.18400152Z: [    6.215668] sd 0:0:0:0: [sda] Write cache: enabled, read cache: enabled, doesn't support DPO or FUA
[STDERR  ] 2018-01-15T18:20:07.18400703Z: [    6.221270] scsi 2:0:0:0: CD-ROM            QEMU     QEMU DVD-ROM     2.5+ PQ: 0 ANSI: 5
[STDERR  ] 2018-01-15T18:20:07.184012587Z: [    6.242467] sr 2:0:0:0: [sr0] scsi3-mmc drive: 4x/4x cd/rw xa/form2 tray
[STDERR  ] 2018-01-15T18:20:07.184020295Z: [    6.243128] cdrom: Uniform CD-ROM driver Revision: 3.20
[STDERR  ] 2018-01-15T18:20:07.18402586Z: [    6.253634] sr 2:0:0:0: Attached scsi generic sg1 type 5
[STDERR  ] 2018-01-15T18:20:07.184033186Z: [    6.261700] sd 0:0:0:0: [sda] Attached SCSI disk
[STDERR  ] 2018-01-15T18:20:07.184038623Z: [    6.287062] Key type encrypted registered
[STDERR  ] 2018-01-15T18:20:07.184044077Z: [    6.292843] rtc_cmos 00:00: setting system clock to 2018-01-15 18:19:39 UTC (1516040379)
[STDERR  ] 2018-01-15T18:20:07.184052705Z: [    6.427117] Freeing unused kernel memory: 1396K
[STDERR  ] 2018-01-15T18:20:07.18406004Z: [    6.427487] Write protecting the kernel read-only data: 12288k
[STDERR  ] 2018-01-15T18:20:07.184065534Z: [    6.433063] Freeing unused kernel memory: 124K
[STDERR  ] 2018-01-15T18:20:07.184070951Z: [    6.516257] Freeing unused kernel memory: 1396K
[STDERR  ] 2018-01-15T18:20:07.184076354Z: [    6.560436] tsc: Refined TSC clocksource calibration: 2599.866 MHz
[STDERR  ] 2018-01-15T18:20:07.184084234Z: [    6.560911] clocksource: tsc: mask: 0xffffffffffffffff max_cycles: 0x2579bdab2a6, max_idle_ns: 440795323819 ns
[STDERR  ] 2018-01-15T18:20:07.184090026Z: [    7.580622] clocksource: Switched to clocksource tsc
[STDERR  ] 2018-01-15T18:20:07.184095458Z: 
[STDERR  ] 2018-01-15T18:20:07.184101022Z: Welcome to LinuxKit
[STDERR  ] 2018-01-15T18:20:07.184106463Z: 
[STDERR  ] 2018-01-15T18:20:07.184112011Z:                         ##         .
[STDERR  ] 2018-01-15T18:20:07.184117559Z:                   ## ## ##        ==
[STDERR  ] 2018-01-15T18:20:07.18412498Z:                ## ## ## ## ##    ===
[STDERR  ] 2018-01-15T18:20:07.184130586Z:            /"""""""""""""""""\___/ ===
[STDERR  ] 2018-01-15T18:20:07.184136382Z:           {                       /  ===-
[STDERR  ] 2018-01-15T18:20:07.184141747Z:            \______ O           __/
[STDERR  ] 2018-01-15T18:20:07.184147203Z:              \    \         __/
[STDERR  ] 2018-01-15T18:20:07.184152649Z:               \____\_______/
[STDERR  ] 2018-01-15T18:20:07.184158135Z: 
[STDERR  ] 2018-01-15T18:20:07.184163631Z: [   15.295594] IPVS: Creating netns size=2104 id=1
[STDERR  ] 2018-01-15T18:20:07.184171026Z: [   15.296070] IPVS: ftp: loaded support on port[0] = 21
[STDERR  ] 2018-01-15T18:20:07.184176445Z: 2018/01/15 18:19:48 Creating partition on /dev/sda
[STDERR  ] 2018-01-15T18:20:07.18418191Z: [   16.370330]  sda:
[STDERR  ] 2018-01-15T18:20:07.184187449Z: [   16.429131]  sda:
[STDERR  ] 2018-01-15T18:20:07.184192889Z: [   16.483019]  sda: sda1
[STDERR  ] 2018-01-15T18:20:07.1841983Z: [   16.540914]  sda: sda1
[STDERR  ] 2018-01-15T18:20:07.184203851Z: 2018/01/15 18:19:50 Partition /dev/sda1 successfully created!
[STDERR  ] 2018-01-15T18:20:07.184209323Z: [   18.697329] IPVS: Creating netns size=2104 id=2
[STDERR  ] 2018-01-15T18:20:07.184214837Z: [   18.697560] IPVS: ftp: loaded support on port[0] = 21
[STDERR  ] 2018-01-15T18:20:07.184223128Z: [   19.856386] EXT4-fs (sda1): couldn't mount as ext3 due to feature incompatibilities
[STDERR  ] 2018-01-15T18:20:07.18422888Z: [   19.865103] EXT4-fs (sda1): couldn't mount as ext2 due to feature incompatibilities
[STDERR  ] 2018-01-15T18:20:07.184234444Z: [   19.889501] EXT4-fs (sda1): mounted filesystem with ordered data mode. Opts: (null)
[STDERR  ] 2018-01-15T18:20:07.184239942Z: format_mount test suite PASSED
[STDERR  ] 2018-01-15T18:20:07.184245399Z: [   32.931664] sd 0:0:0:0: [sda] Synchronizing SCSI cache
[STDERR  ] 2018-01-15T18:20:07.184250838Z: [   32.934686] sd 0:0:0:0: [sda] Stopping disk
[STDERR  ] 2018-01-15T18:20:07.184256215Z: [   32.937532] ACPI: Preparing to enter system sleep state S5
[STDERR  ] 2018-01-15T18:20:07.184261606Z: [   32.938552] reboot: Power down
[STDERR  ] 2018-01-15T18:20:07.184268407Z: + echo [    0.000000] Linux version 4.9.76-linuxkit (root@0fd4445ddb08) (gcc version 6.4.0 (Alpine 6.4.0) ) #1 SMP Mon Jan 15 16:57:48 UTC 2018
[STDERR  ] 2018-01-15T18:20:07.18427474Z: [    0.000000] Command line: console=ttyS0 console=ttyAMA0
[STDERR  ] 2018-01-15T18:20:07.184280272Z: [    0.000000] x86/fpu: Legacy x87 FPU detected.
[STDERR  ] 2018-01-15T18:20:07.184285614Z: [    0.000000] x86/fpu: Using 'eager' FPU context switches.
[STDERR  ] 2018-01-15T18:20:07.184291027Z: [    0.000000] e820: BIOS-provided physical RAM map:
[STDERR  ] 2018-01-15T18:20:07.184296412Z: [    0.000000] BIOS-e820: [mem 0x0000000000000000-0x000000000009fbff] usable
[STDERR  ] 2018-01-15T18:20:07.184301948Z: [    0.000000] BIOS-e820: [mem 0x000000000009fc00-0x000000000009ffff] reserved
[STDERR  ] 2018-01-15T18:20:07.184310435Z: [    0.000000] BIOS-e820: [mem 0x00000000000f0000-0x00000000000fffff] reserved
[STDERR  ] 2018-01-15T18:20:07.184315927Z: [    0.000000] BIOS-e820: [mem 0x0000000000100000-0x000000003ffdefff] usable
[STDERR  ] 2018-01-15T18:20:07.184321398Z: [    0.000000] BIOS-e820: [mem 0x000000003ffdf000-0x000000003fffffff] reserved
[STDERR  ] 2018-01-15T18:20:07.184326809Z: [    0.000000] BIOS-e820: [mem 0x00000000b0000000-0x00000000bfffffff] reserved
[STDERR  ] 2018-01-15T18:20:07.184332212Z: [    0.000000] BIOS-e820: [mem 0x00000000fed1c000-0x00000000fed1ffff] reserved
[STDERR  ] 2018-01-15T18:20:07.184337609Z: [    0.000000] BIOS-e820: [mem 0x00000000fffc0000-0x00000000ffffffff] reserved
[STDERR  ] 2018-01-15T18:20:07.184344426Z: [    0.000000] NX (Execute Disable) protection: active
[STDERR  ] 2018-01-15T18:20:07.184349848Z: [    0.000000] SMBIOS 2.8 present.
[STDERR  ] 2018-01-15T18:20:07.184356794Z: [    0.000000] Kernel/User page tables isolation: disabled
[STDERR  ] 2018-01-15T18:20:07.184362334Z: [    0.000000] e820: last_pfn = 0x3ffdf max_arch_pfn = 0x400000000
[STDERR  ] 2018-01-15T18:20:07.184367846Z: [    0.000000] x86/PAT: Configuration [0-7]: WB  WC  UC- UC  WB  WC  UC- WT  
[STDERR  ] 2018-01-15T18:20:07.184373281Z: [    0.000000] found SMP MP-table at [mem 0x000f6aa0-0x000f6aaf] mapped at [ffff9366000f6aa0]
[STDERR  ] 2018-01-15T18:20:07.184378734Z: [    0.000000] RAMDISK: [mem 0x3e005000-0x3ffcffff]
[STDERR  ] 2018-01-15T18:20:07.18438419Z: [    0.000000] ACPI: Early table checksum verification disabled
[STDERR  ] 2018-01-15T18:20:07.184389602Z: [    0.000000] ACPI: RSDP 0x00000000000F68B0 000014 (v00 BOCHS )
[STDERR  ] 2018-01-15T18:20:07.184395021Z: [    0.000000] ACPI: RSDT 0x000000003FFE20A8 000034 (v01 BOCHS  BXPCRSDT 00000001 BXPC 00000001)
[STDERR  ] 2018-01-15T18:20:07.184400531Z: [    0.000000] ACPI: FACP 0x000000003FFE1EC8 0000F4 (v03 BOCHS  BXPCFACP 00000001 BXPC 00000001)
[STDERR  ] 2018-01-15T18:20:07.184406071Z: [    0.000000] ACPI: DSDT 0x000000003FFE0040 001E88 (v01 BOCHS  BXPCDSDT 00000001 BXPC 00000001)
[STDERR  ] 2018-01-15T18:20:07.184411515Z: [    0.000000] ACPI: FACS 0x000000003FFE0000 000040
[STDERR  ] 2018-01-15T18:20:07.18441692Z: [    0.000000] ACPI: APIC 0x000000003FFE1FBC 000078 (v01 BOCHS  BXPCAPIC 00000001 BXPC 00000001)
[STDERR  ] 2018-01-15T18:20:07.184422409Z: [    0.000000] ACPI: HPET 0x000000003FFE2034 000038 (v01 BOCHS  BXPCHPET 00000001 BXPC 00000001)
[STDERR  ] 2018-01-15T18:20:07.184430775Z: [    0.000000] ACPI: MCFG 0x000000003FFE206C 00003C (v01 BOCHS  BXPCMCFG 00000001 BXPC 00000001)
[STDERR  ] 2018-01-15T18:20:07.184436328Z: [    0.000000] Zone ranges:
[STDERR  ] 2018-01-15T18:20:07.184441795Z: [    0.000000]   DMA      [mem 0x0000000000001000-0x0000000000ffffff]
[STDERR  ] 2018-01-15T18:20:07.1844472Z: [    0.000000]   DMA32    [mem 0x0000000001000000-0x000000003ffdefff]
[STDERR  ] 2018-01-15T18:20:07.184452795Z: [    0.000000]   Normal   empty
[STDERR  ] 2018-01-15T18:20:07.184461505Z: [    0.000000] Movable zone start for each node
[STDERR  ] 2018-01-15T18:20:07.184466975Z: [    0.000000] Early memory node ranges
[STDERR  ] 2018-01-15T18:20:07.18447241Z: [    0.000000]   node   0: [mem 0x0000000000001000-0x000000000009efff]
[STDERR  ] 2018-01-15T18:20:07.184477903Z: [    0.000000]   node   0: [mem 0x0000000000100000-0x000000003ffdefff]
[STDERR  ] 2018-01-15T18:20:07.184483353Z: [    0.000000] Initmem setup node 0 [mem 0x0000000000001000-0x000000003ffdefff]
[STDERR  ] 2018-01-15T18:20:07.184488778Z: [    0.000000] ACPI: PM-Timer IO Port: 0x608
[STDERR  ] 2018-01-15T18:20:07.184494234Z: [    0.000000] ACPI: LAPIC_NMI (acpi_id[0xff] dfl dfl lint[0x1])
[STDERR  ] 2018-01-15T18:20:07.184499734Z: [    0.000000] IOAPIC[0]: apic_id 0, version 32, address 0xfec00000, GSI 0-23
[STDERR  ] 2018-01-15T18:20:07.184505147Z: [    0.000000] ACPI: INT_SRC_OVR (bus 0 bus_irq 0 global_irq 2 dfl dfl)
[STDERR  ] 2018-01-15T18:20:07.1845106Z: [    0.000000] ACPI: INT_SRC_OVR (bus 0 bus_irq 5 global_irq 5 high level)
[STDERR  ] 2018-01-15T18:20:07.18451911Z: [    0.000000] ACPI: INT_SRC_OVR (bus 0 bus_irq 9 global_irq 9 high level)
[STDERR  ] 2018-01-15T18:20:07.184524698Z: [    0.000000] ACPI: INT_SRC_OVR (bus 0 bus_irq 10 global_irq 10 high level)
[STDERR  ] 2018-01-15T18:20:07.1845301Z: [    0.000000] ACPI: INT_SRC_OVR (bus 0 bus_irq 11 global_irq 11 high level)
[STDERR  ] 2018-01-15T18:20:07.184535586Z: [    0.000000] Using ACPI (MADT) for SMP configuration information
[STDERR  ] 2018-01-15T18:20:07.184540996Z: [    0.000000] ACPI: HPET id: 0x8086a201 base: 0xfed00000
[STDERR  ] 2018-01-15T18:20:07.184548288Z: [    0.000000] smpboot: Allowing 1 CPUs, 0 hotplug CPUs
[STDERR  ] 2018-01-15T18:20:07.184553752Z: [    0.000000] e820: [mem 0x40000000-0xafffffff] available for PCI devices
[STDERR  ] 2018-01-15T18:20:07.18455915Z: [    0.000000] Booting paravirtualized kernel on bare hardware
[STDERR  ] 2018-01-15T18:20:07.184564676Z: [    0.000000] clocksource: refined-jiffies: mask: 0xffffffff max_cycles: 0xffffffff, max_idle_ns: 19112604462750000 ns
[STDERR  ] 2018-01-15T18:20:07.184570725Z: [    0.000000] setup_percpu: NR_CPUS:128 nr_cpumask_bits:128 nr_cpu_ids:1 nr_node_ids:1
[STDERR  ] 2018-01-15T18:20:07.184576232Z: [    0.000000] percpu: Embedded 36 pages/cpu @ffff93663de00000 s106904 r8192 d32360 u2097152
[STDERR  ] 2018-01-15T18:20:07.184581722Z: [    0.000000] Built 1 zonelists in Zone order, mobility grouping on.  Total pages: 257896
[STDERR  ] 2018-01-15T18:20:07.184587198Z: [    0.000000] Kernel command line: console=ttyS0 console=ttyAMA0
[STDERR  ] 2018-01-15T18:20:07.184592646Z: [    0.000000] PID hash table entries: 4096 (order: 3, 32768 bytes)
[STDERR  ] 2018-01-15T18:20:07.18459812Z: [    0.000000] Dentry cache hash table entries: 131072 (order: 8, 1048576 bytes)
[STDERR  ] 2018-01-15T18:20:07.184603527Z: [    0.000000] Inode-cache hash table entries: 65536 (order: 7, 524288 bytes)
[STDERR  ] 2018-01-15T18:20:07.184609055Z: [    0.000000] Memory: 981584K/1048052K available (8053K kernel code, 1391K rwdata, 2700K rodata, 1396K init, 564K bss, 66468K reserved, 0K cma-reserved)
[STDERR  ] 2018-01-15T18:20:07.18461522Z: [    0.000000] Hierarchical RCU implementation.
[STDERR  ] 2018-01-15T18:20:07.184621087Z: [    0.000000] 	Build-time adjustment of leaf fanout to 64.
[STDERR  ] 2018-01-15T18:20:07.18462887Z: [    0.000000] 	RCU restricting CPUs from NR_CPUS=128 to nr_cpu_ids=1.
[STDERR  ] 2018-01-15T18:20:07.184638158Z: [    0.000000] RCU: Adjusting geometry for rcu_fanout_leaf=64, nr_cpu_ids=1
[STDERR  ] 2018-01-15T18:20:07.184645452Z: [    0.000000] NR_IRQS:8448 nr_irqs:256 16
[STDERR  ] 2018-01-15T18:20:07.18465104Z: [    0.000000] Console: colour VGA+ 80x25
[STDERR  ] 2018-01-15T18:20:07.184656475Z: [    0.000000] console [ttyS0] enabled
[STDERR  ] 2018-01-15T18:20:07.184661855Z: [    0.000000] clocksource: hpet: mask: 0xffffffff max_cycles: 0xffffffff, max_idle_ns: 19112604467 ns
[STDERR  ] 2018-01-15T18:20:07.184667705Z: [    0.000000] tsc: Unable to calibrate against PIT
[STDERR  ] 2018-01-15T18:20:07.184673117Z: [    0.000000] tsc: using HPET reference calibration
[STDERR  ] 2018-01-15T18:20:07.184678464Z: [    0.000000] tsc: Detected 2599.879 MHz processor
[STDERR  ] 2018-01-15T18:20:07.184685385Z: [    0.032127] Calibrating delay loop (skipped), value calculated using timer frequency.. 5199.75 BogoMIPS (lpj=25998790)
[STDERR  ] 2018-01-15T18:20:07.184690986Z: [    0.033202] pid_max: default: 32768 minimum: 301
[STDERR  ] 2018-01-15T18:20:07.184697807Z: [    0.040617] ACPI: Core revision 20160831
[STDERR  ] 2018-01-15T18:20:07.184703226Z: [    0.066266] ACPI: 1 ACPI AML tables successfully acquired and loaded
[STDERR  ] 2018-01-15T18:20:07.184708648Z: [    0.070815] Security Framework initialized
[STDERR  ] 2018-01-15T18:20:07.184713985Z: [    0.071214] Yama: becoming mindful.
[STDERR  ] 2018-01-15T18:20:07.184719361Z: [    0.073055] Mount-cache hash table entries: 2048 (order: 2, 16384 bytes)
[STDERR  ] 2018-01-15T18:20:07.18472477Z: [    0.073596] Mountpoint-cache hash table entries: 2048 (order: 2, 16384 bytes)
[STDERR  ] 2018-01-15T18:20:07.184733335Z: [    0.092044] Last level iTLB entries: 4KB 0, 2MB 0, 4MB 0
[STDERR  ] 2018-01-15T18:20:07.184738921Z: [    0.092545] Last level dTLB entries: 4KB 0, 2MB 0, 4MB 0, 1GB 0
[STDERR  ] 2018-01-15T18:20:07.184744396Z: [    0.409146] Freeing SMP alternatives memory: 20K
[STDERR  ] 2018-01-15T18:20:07.184749801Z: [    0.418478] ftrace: allocating 35552 entries in 139 pages
[STDERR  ] 2018-01-15T18:20:07.184755244Z: [    0.490835] smpboot: Max logical packages: 1
[STDERR  ] 2018-01-15T18:20:07.18476061Z: [    0.497758] ..TIMER: vector=0x30 apic1=0 pin1=2 apic2=-1 pin2=-1
[STDERR  ] 2018-01-15T18:20:07.184766099Z: [    0.600000] smpboot: CPU0: AMD QEMU Virtual CPU version 2.5+ (family: 0x6, model: 0x6, stepping: 0x3)
[STDERR  ] 2018-01-15T18:20:07.184771604Z: [    0.600000] Performance Events: PMU not available due to virtualization, using software events only.
[STDERR  ] 2018-01-15T18:20:07.184777237Z: [    0.607058] NMI watchdog: disabled (cpu0): hardware events not enabled
[STDERR  ] 2018-01-15T18:20:07.184782661Z: [    0.607436] NMI watchdog: Shutting down hard lockup detector on all cpus
[STDERR  ] 2018-01-15T18:20:07.184788069Z: [    0.610345] x86: Booted up 1 node, 1 CPUs
[STDERR  ] 2018-01-15T18:20:07.184793483Z: [    0.610729] smpboot: Total of 1 processors activated (5199.75 BogoMIPS)
[STDERR  ] 2018-01-15T18:20:07.184799012Z: [    0.625120] devtmpfs: initialized
[STDERR  ] 2018-01-15T18:20:07.184804435Z: [    0.630994] x86/mm: Memory block size: 128MB
[STDERR  ] 2018-01-15T18:20:07.184809896Z: [    0.661425] clocksource: jiffies: mask: 0xffffffff max_cycles: 0xffffffff, max_idle_ns: 19112604462750000 ns
[STDERR  ] 2018-01-15T18:20:07.18481538Z: [    0.662234] futex hash table entries: 256 (order: 2, 16384 bytes)
[STDERR  ] 2018-01-15T18:20:07.184820843Z: [    0.671099] NET: Registered protocol family 16
[STDERR  ] 2018-01-15T18:20:07.18482626Z: [    0.678979] cpuidle: using governor ladder
[STDERR  ] 2018-01-15T18:20:07.184833483Z: [    0.679376] cpuidle: using governor menu
[STDERR  ] 2018-01-15T18:20:07.184839023Z: [    0.680935] ACPI: bus type PCI registered
[STDERR  ] 2018-01-15T18:20:07.184844468Z: [    0.684900] PCI: MMCONFIG for domain 0000 [bus 00-ff] at [mem 0xb0000000-0xbfffffff] (base 0xb0000000)
[STDERR  ] 2018-01-15T18:20:07.184849941Z: [    0.685574] PCI: MMCONFIG at [mem 0xb0000000-0xbfffffff] reserved in E820
[STDERR  ] 2018-01-15T18:20:07.184855352Z: [    0.686396] PCI: Using configuration type 1 for base access
[STDERR  ] 2018-01-15T18:20:07.184863745Z: [    0.720199] HugeTLB registered 2 MB page size, pre-allocated 0 pages
[STDERR  ] 2018-01-15T18:20:07.18486928Z: [    0.731408] ACPI: Added _OSI(Module Device)
[STDERR  ] 2018-01-15T18:20:07.184874758Z: [    0.731697] ACPI: Added _OSI(Processor Device)
[STDERR  ] 2018-01-15T18:20:07.184901477Z: [    0.731946] ACPI: Added _OSI(3.0 _SCP Extensions)
[STDERR  ] 2018-01-15T18:20:07.184907013Z: [    0.732083] ACPI: Added _OSI(Processor Aggregator Device)
[STDERR  ] 2018-01-15T18:20:07.184913711Z: [    0.776876] ACPI: Interpreter enabled
[STDERR  ] 2018-01-15T18:20:07.184919362Z: [    0.780408] ACPI: (supports S0 S5)
[STDERR  ] 2018-01-15T18:20:07.184924918Z: [    0.780706] ACPI: Using IOAPIC for interrupt routing
[STDERR  ] 2018-01-15T18:20:07.184930389Z: [    0.783048] PCI: Using host bridge windows from ACPI; if necessary, use "pci=nocrs" and report a bug
[STDERR  ] 2018-01-15T18:20:07.18493596Z: [    0.823099] ACPI: PCI Root Bridge [PCI0] (domain 0000 [bus 00-ff])
[STDERR  ] 2018-01-15T18:20:07.184941593Z: [    0.824116] acpi PNP0A08:00: _OSC: OS supports [ExtendedConfig ASPM ClockPM Segments MSI]
[STDERR  ] 2018-01-15T18:20:07.18494732Z: [    0.829072] acpi PNP0A08:00: _OSC: OS now controls [PCIeHotplug PME PCIeCapability]
[STDERR  ] 2018-01-15T18:20:07.184952993Z: [    0.832483] PCI host bridge to bus 0000:00
[STDERR  ] 2018-01-15T18:20:07.184958668Z: [    0.832889] pci_bus 0000:00: root bus resource [io  0x0000-0x0cf7 window]
[STDERR  ] 2018-01-15T18:20:07.18496426Z: [    0.833268] pci_bus 0000:00: root bus resource [io  0x0d00-0xffff window]
[STDERR  ] 2018-01-15T18:20:07.184973074Z: [    0.833605] pci_bus 0000:00: root bus resource [mem 0x000a0000-0x000bffff window]
[STDERR  ] 2018-01-15T18:20:07.184978686Z: [    0.833941] pci_bus 0000:00: root bus resource [mem 0xc0000000-0xfebfffff window]
[STDERR  ] 2018-01-15T18:20:07.184984255Z: [    0.834419] pci_bus 0000:00: root bus resource [bus 00-ff]
[STDERR  ] 2018-01-15T18:20:07.18498988Z: [    0.996743] pci 0000:00:1f.0: quirk: [io  0x0600-0x067f] claimed by ICH6 ACPI/GPIO/TCO
[STDERR  ] 2018-01-15T18:20:07.184995541Z: [    1.084909] ACPI: PCI Interrupt Link [LNKA] (IRQs 5 *10 11)
[STDERR  ] 2018-01-15T18:20:07.185001123Z: [    1.087031] ACPI: PCI Interrupt Link [LNKB] (IRQs 5 *10 11)
[STDERR  ] 2018-01-15T18:20:07.185008367Z: [    1.088568] ACPI: PCI Interrupt Link [LNKC] (IRQs 5 10 *11)
[STDERR  ] 2018-01-15T18:20:07.185013862Z: [    1.090620] ACPI: PCI Interrupt Link [LNKD] (IRQs 5 10 *11)
[STDERR  ] 2018-01-15T18:20:07.185019366Z: [    1.091903] ACPI: PCI Interrupt Link [LNKE] (IRQs 5 *10 11)
[STDERR  ] 2018-01-15T18:20:07.18502484Z: [    1.093427] ACPI: PCI Interrupt Link [LNKF] (IRQs 5 *10 11)
[STDERR  ] 2018-01-15T18:20:07.185030298Z: [    1.094918] ACPI: PCI Interrupt Link [LNKG] (IRQs 5 10 *11)
[STDERR  ] 2018-01-15T18:20:07.185035777Z: [    1.096094] ACPI: PCI Interrupt Link [LNKH] (IRQs 5 10 *11)
[STDERR  ] 2018-01-15T18:20:07.185041415Z: [    1.096759] ACPI: PCI Interrupt Link [GSIA] (IRQs *16)
[STDERR  ] 2018-01-15T18:20:07.185046968Z: [    1.097281] ACPI: PCI Interrupt Link [GSIB] (IRQs *17)
[STDERR  ] 2018-01-15T18:20:07.185054196Z: [    1.097763] ACPI: PCI Interrupt Link [GSIC] (IRQs *18)
[STDERR  ] 2018-01-15T18:20:07.185059778Z: [    1.098252] ACPI: PCI Interrupt Link [GSID] (IRQs *19)
[STDERR  ] 2018-01-15T18:20:07.185065302Z: [    1.098768] ACPI: PCI Interrupt Link [GSIE] (IRQs *20)
[STDERR  ] 2018-01-15T18:20:07.185095037Z: [    1.099274] ACPI: PCI Interrupt Link [GSIF] (IRQs *21)
[STDERR  ] 2018-01-15T18:20:07.185105442Z: [    1.100323] ACPI: PCI Interrupt Link [GSIG] (IRQs *22)
[STDERR  ] 2018-01-15T18:20:07.185114074Z: [    1.100834] ACPI: PCI Interrupt Link [GSIH] (IRQs *23)
[STDERR  ] 2018-01-15T18:20:07.185120215Z: [    1.103817] ACPI: Enabled 1 GPEs in block 00 to 3F
[STDERR  ] 2018-01-15T18:20:07.185125681Z: [    1.108011] SCSI subsystem initialized
[STDERR  ] 2018-01-15T18:20:07.185131445Z: [    1.110062] ACPI: bus type USB registered
[STDERR  ] 2018-01-15T18:20:07.185140667Z: [    1.110992] usbcore: registered new interface driver usbfs
[STDERR  ] 2018-01-15T18:20:07.185146244Z: [    1.111768] usbcore: registered new interface driver hub
[STDERR  ] 2018-01-15T18:20:07.185151691Z: [    1.112464] usbcore: registered new device driver usb
[STDERR  ] 2018-01-15T18:20:07.185159509Z: [    1.113381] pps_core: LinuxPPS API ver. 1 registered
[STDERR  ] 2018-01-15T18:20:07.185164884Z: [    1.113608] pps_core: Software ver. 5.3.6 - Copyright 2005-2007 Rodolfo Giometti <giometti@linux.it>
[STDERR  ] 2018-01-15T18:20:07.185170643Z: [    1.114115] PTP clock support registered
[STDERR  ] 2018-01-15T18:20:07.185178237Z: [    1.115096] wmi: Mapper loaded
[STDERR  ] 2018-01-15T18:20:07.185183804Z: [    1.116068] PCI: Using ACPI for IRQ routing
[STDERR  ] 2018-01-15T18:20:07.185189267Z: [    1.128493] NetLabel: Initializing
[STDERR  ] 2018-01-15T18:20:07.185195127Z: [    1.128763] NetLabel:  domain hash size = 128
[STDERR  ] 2018-01-15T18:20:07.185200477Z: [    1.128962] NetLabel:  protocols = UNLABELED CIPSOv4
[STDERR  ] 2018-01-15T18:20:07.185205922Z: [    1.130806] NetLabel:  unlabeled traffic allowed by default
[STDERR  ] 2018-01-15T18:20:07.185211433Z: [    1.131670] HPET: 3 timers in total, 0 timers will be used for per-cpu timer
[STDERR  ] 2018-01-15T18:20:07.185217314Z: [    1.132299] hpet0: at MMIO 0xfed00000, IRQs 2, 8, 0
[STDERR  ] 2018-01-15T18:20:07.185222829Z: [    1.132662] hpet0: 3 comparators, 64-bit 100.000000 MHz counter
[STDERR  ] 2018-01-15T18:20:07.18522867Z: [    1.139159] clocksource: Switched to clocksource hpet
[STDERR  ] 2018-01-15T18:20:07.185237959Z: [    1.292787] VFS: Disk quotas dquot_6.6.0
[STDERR  ] 2018-01-15T18:20:07.185243509Z: [    1.293495] VFS: Dquot-cache hash table entries: 512 (order 0, 4096 bytes)
[STDERR  ] 2018-01-15T18:20:07.185249068Z: [    1.296834] FS-Cache: Loaded
[STDERR  ] 2018-01-15T18:20:07.185256119Z: [    1.301852] CacheFiles: Loaded
[STDERR  ] 2018-01-15T18:20:07.185261648Z: [    1.303310] pnp: PnP ACPI init
[STDERR  ] 2018-01-15T18:20:07.185270604Z: [    1.312673] pnp: PnP ACPI: found 5 devices
[STDERR  ] 2018-01-15T18:20:07.185276062Z: [    1.348034] clocksource: acpi_pm: mask: 0xffffff max_cycles: 0xffffff, max_idle_ns: 2085701024 ns
[STDERR  ] 2018-01-15T18:20:07.185284201Z: [    1.351273] NET: Registered protocol family 2
[STDERR  ] 2018-01-15T18:20:07.18528968Z: [    1.358417] TCP established hash table entries: 8192 (order: 4, 65536 bytes)
[STDERR  ] 2018-01-15T18:20:07.18529705Z: [    1.359184] TCP bind hash table entries: 8192 (order: 5, 131072 bytes)
[STDERR  ] 2018-01-15T18:20:07.18530256Z: [    1.359820] TCP: Hash tables configured (established 8192 bind 8192)
[STDERR  ] 2018-01-15T18:20:07.185307933Z: [    1.361802] UDP hash table entries: 512 (order: 2, 16384 bytes)
[STDERR  ] 2018-01-15T18:20:07.185313347Z: [    1.362311] UDP-Lite hash table entries: 512 (order: 2, 16384 bytes)
[STDERR  ] 2018-01-15T18:20:07.185323802Z: [    1.364395] NET: Registered protocol family 1
[STDERR  ] 2018-01-15T18:20:07.18532928Z: [    1.365292] pci 0000:00:01.0: Video device with shadowed ROM at [mem 0x000c0000-0x000dffff]
[STDERR  ] 2018-01-15T18:20:07.185334859Z: [    1.373078] Unpacking initramfs...
[STDERR  ] 2018-01-15T18:20:07.185340308Z: [    5.556089] Freeing initrd memory: 32556K
[STDERR  ] 2018-01-15T18:20:07.185345741Z: [    5.575804] PCLMULQDQ-NI instructions are not detected.
[STDERR  ] 2018-01-15T18:20:07.185351191Z: [    5.576985] AVX or AES-NI instructions are not detected.
[STDERR  ] 2018-01-15T18:20:07.185356689Z: [    5.577409] CPU feature 'AVX registers' is not supported.
[STDERR  ] 2018-01-15T18:20:07.185362103Z: [    5.577720] CPU feature 'AVX registers' is not supported.
[STDERR  ] 2018-01-15T18:20:07.185367543Z: [    5.578017] CPU feature 'AVX registers' is not supported.
[STDERR  ] 2018-01-15T18:20:07.185372872Z: [    5.578350] CPU feature 'AVX registers' is not supported.
[STDERR  ] 2018-01-15T18:20:07.185378289Z: [    5.578650] AVX2 or AES-NI instructions are not detected.
[STDERR  ] 2018-01-15T18:20:07.18538798Z: [    5.578977] AVX2 instructions are not detected.
[STDERR  ] 2018-01-15T18:20:07.185393494Z: [    5.584491] audit: initializing netlink subsys (disabled)
[STDERR  ] 2018-01-15T18:20:07.185399038Z: [    5.585960] audit: type=2000 audit(1516040377.580:1): initialized
[STDERR  ] 2018-01-15T18:20:07.185404497Z: [    5.592315] workingset: timestamp_bits=46 max_order=18 bucket_order=0
[STDERR  ] 2018-01-15T18:20:07.185410086Z: [    5.595378] squashfs: version 4.0 (2009/01/31) Phillip Lougher
[STDERR  ] 2018-01-15T18:20:07.185415561Z: [    5.600612] FS-Cache: Netfs 'cifs' registered for caching
[STDERR  ] 2018-01-15T18:20:07.185422863Z: [    5.601451] fuse init (API version 7.26)
[STDERR  ] 2018-01-15T18:20:07.185428358Z: [    5.603375] SGI XFS with ACLs, security attributes, no debug enabled
[STDERR  ] 2018-01-15T18:20:07.185433818Z: [    5.606458] 9p: Installing v9fs 9p2000 file system support
[STDERR  ] 2018-01-15T18:20:07.185439199Z: [    5.606921] FS-Cache: Netfs '9p' registered for caching
[STDERR  ] 2018-01-15T18:20:07.185444688Z: [    5.629115] NET: Registered protocol family 38
[STDERR  ] 2018-01-15T18:20:07.185450074Z: [    5.629677] Key type asymmetric registered
[STDERR  ] 2018-01-15T18:20:07.185455544Z: [    5.630022] Asymmetric key parser 'x509' registered
[STDERR  ] 2018-01-15T18:20:07.185461016Z: [    5.631383] Block layer SCSI generic (bsg) driver version 0.4 loaded (major 251)
[STDERR  ] 2018-01-15T18:20:07.185468186Z: [    5.632782] io scheduler noop registered
[STDERR  ] 2018-01-15T18:20:07.185473635Z: [    5.633113] io scheduler deadline registered (default)
[STDERR  ] 2018-01-15T18:20:07.185482362Z: [    5.633822] io scheduler cfq registered
[STDERR  ] 2018-01-15T18:20:07.185487973Z: [    5.636050] pci_hotplug: PCI Hot Plug PCI Core version: 0.5
[STDERR  ] 2018-01-15T18:20:07.185493526Z: [    5.636533] pciehp: PCI Express Hot Plug Controller Driver version: 0.4
[STDERR  ] 2018-01-15T18:20:07.185501359Z: [    5.637227] shpchp: Standard Hot Plug PCI Controller Driver version: 0.4
[STDERR  ] 2018-01-15T18:20:07.185507012Z: [    5.637949] hv_vmbus: registering driver hyperv_fb
[STDERR  ] 2018-01-15T18:20:07.185512506Z: [    5.641349] input: Power Button as /devices/LNXSYSTM:00/LNXPWRBN:00/input/input0
[STDERR  ] 2018-01-15T18:20:07.185518061Z: [    5.642359] ACPI: Power Button [PWRF]
[STDERR  ] 2018-01-15T18:20:07.185523435Z: [    5.646170] GHES: HEST is not enabled!
[STDERR  ] 2018-01-15T18:20:07.185528867Z: [    5.653303] ACPI: PCI Interrupt Link [GSIG] enabled at IRQ 22
[STDERR  ] 2018-01-15T18:20:07.185534305Z: [    5.663152] ACPI: PCI Interrupt Link [GSIH] enabled at IRQ 23
[STDERR  ] 2018-01-15T18:20:07.185539715Z: [    5.667485] xenfs: not registering filesystem on non-xen platform
[STDERR  ] 2018-01-15T18:20:07.185545169Z: [    5.669873] Serial: 8250/16550 driver, 4 ports, IRQ sharing disabled
[STDERR  ] 2018-01-15T18:20:07.185550574Z: [    5.693576] 00:04: ttyS0 at I/O 0x3f8 (irq = 4, base_baud = 115200) is a 16550A
[STDERR  ] 2018-01-15T18:20:07.185556148Z: [    5.703951] Non-volatile memory driver v1.3
[STDERR  ] 2018-01-15T18:20:07.185561633Z: [    5.711386] Hangcheck: starting hangcheck timer 0.9.1 (tick is 180 seconds, margin is 60 seconds).
[STDERR  ] 2018-01-15T18:20:07.185567281Z: [    5.715560] random: fast init done
[STDERR  ] 2018-01-15T18:20:07.185572861Z: [    5.716737] random: crng init done
[STDERR  ] 2018-01-15T18:20:07.185580293Z: [    5.741494] loop: module loaded
[STDERR  ] 2018-01-15T18:20:07.185585737Z: [    5.752936] nbd: registered device at major 43
[STDERR  ] 2018-01-15T18:20:07.185591165Z: [    5.781518] lpc_ich 0000:00:1f.0: I/O space for GPIO uninitialized
[STDERR  ] 2018-01-15T18:20:07.185596589Z: [    5.783188] VMware PVSCSI driver - version 1.0.7.0-k
[STDERR  ] 2018-01-15T18:20:07.185602035Z: [    5.783917] hv_vmbus: registering driver hv_storvsc
[STDERR  ] 2018-01-15T18:20:07.185607409Z: [    5.790447] ACPI: PCI Interrupt Link [GSIA] enabled at IRQ 16
[STDERR  ] 2018-01-15T18:20:07.185612878Z: [    5.796082] ahci 0000:00:1f.2: AHCI 0001.0000 32 slots 6 ports 1.5 Gbps 0x3f impl SATA mode
[STDERR  ] 2018-01-15T18:20:07.185623569Z: [    5.796678] ahci 0000:00:1f.2: flags: 64bit ncq only 
[STDERR  ] 2018-01-15T18:20:07.185629142Z: [    5.811228] scsi host0: ahci
[STDERR  ] 2018-01-15T18:20:07.18563462Z: [    5.815325] scsi host1: ahci
[STDERR  ] 2018-01-15T18:20:07.185640128Z: [    5.817073] scsi host2: ahci
[STDERR  ] 2018-01-15T18:20:07.18564554Z: [    5.818773] scsi host3: ahci
[STDERR  ] 2018-01-15T18:20:07.185652641Z: [    5.820468] scsi host4: ahci
[STDERR  ] 2018-01-15T18:20:07.185658052Z: [    5.822043] scsi host5: ahci
[STDERR  ] 2018-01-15T18:20:07.185668279Z: [    5.823386] ata1: SATA max UDMA/133 abar m4096@0xfebd2000 port 0xfebd2100 irq 24
[STDERR  ] 2018-01-15T18:20:07.185674033Z: [    5.823790] ata2: SATA max UDMA/133 abar m4096@0xfebd2000 port 0xfebd2180 irq 24
[STDERR  ] 2018-01-15T18:20:07.185682026Z: [    5.824116] ata3: SATA max UDMA/133 abar m4096@0xfebd2000 port 0xfebd2200 irq 24
[STDERR  ] 2018-01-15T18:20:07.185687738Z: [    5.824447] ata4: SATA max UDMA/133 abar m4096@0xfebd2000 port 0xfebd2280 irq 24
[STDERR  ] 2018-01-15T18:20:07.185695487Z: [    5.824724] ata5: SATA max UDMA/133 abar m4096@0xfebd2000 port 0xfebd2300 irq 24
[STDERR  ] 2018-01-15T18:20:07.185701059Z: [    5.825068] ata6: SATA max UDMA/133 abar m4096@0xfebd2000 port 0xfebd2380 irq 24
[STDERR  ] 2018-01-15T18:20:07.185706683Z: [    5.834567] tun: Universal TUN/TAP device driver, 1.6
[STDERR  ] 2018-01-15T18:20:07.185712285Z: [    5.834867] tun: (C) 1999-2004 Max Krasnyansky <maxk@qualcomm.com>
[STDERR  ] 2018-01-15T18:20:07.185717836Z: [    5.844491] VMware vmxnet3 virtual NIC driver - version 1.4.a.0-k-NAPI
[STDERR  ] 2018-01-15T18:20:07.185727911Z: [    5.845265] hv_vmbus: registering driver hv_netvsc
[STDERR  ] 2018-01-15T18:20:07.185733672Z: [    5.845532] Fusion MPT base driver 3.04.20
[STDERR  ] 2018-01-15T18:20:07.185739252Z: [    5.845794] Copyright (c) 1999-2008 LSI Corporation
[STDERR  ] 2018-01-15T18:20:07.185744759Z: [    5.846307] Fusion MPT SPI Host driver 3.04.20
[STDERR  ] 2018-01-15T18:20:07.185750295Z: [    5.847994] i8042: PNP: PS/2 Controller [PNP0303:KBD,PNP0f13:MOU] at 0x60,0x64 irq 1,12
[STDERR  ] 2018-01-15T18:20:07.185755941Z: [    5.851926] serio: i8042 KBD port at 0x60,0x64 irq 1
[STDERR  ] 2018-01-15T18:20:07.185761498Z: [    5.852465] serio: i8042 AUX port at 0x60,0x64 irq 12
[STDERR  ] 2018-01-15T18:20:07.185769243Z: [    5.854697] hv_vmbus: registering driver hyperv_keyboard
[STDERR  ] 2018-01-15T18:20:07.185774896Z: [    5.856388] mousedev: PS/2 mouse device common for all mice
[STDERR  ] 2018-01-15T18:20:07.185784046Z: [    5.861164] input: AT Translated Set 2 keyboard as /devices/platform/i8042/serio0/input/input1
[STDERR  ] 2018-01-15T18:20:07.185789694Z: [    5.863297] input: PC Speaker as /devices/platform/pcspkr/input/input2
[STDERR  ] 2018-01-15T18:20:07.18579525Z: [    5.866341] rtc_cmos 00:00: RTC can wake from S4
[STDERR  ] 2018-01-15T18:20:07.18580084Z: [    5.869255] rtc_cmos 00:00: rtc core: registered rtc_cmos as rtc0
[STDERR  ] 2018-01-15T18:20:07.185806464Z: [    5.870833] rtc_cmos 00:00: alarms up to one day, y3k, 114 bytes nvram, hpet irqs
[STDERR  ] 2018-01-15T18:20:07.185812355Z: [    5.871398] i2c /dev entries driver
[STDERR  ] 2018-01-15T18:20:07.185817954Z: [    5.873048] device-mapper: ioctl: 4.35.0-ioctl (2016-06-23) initialised: dm-devel@redhat.com
[STDERR  ] 2018-01-15T18:20:07.185823543Z: [    5.876687] usbcore: registered new interface driver usbhid
[STDERR  ] 2018-01-15T18:20:07.185829124Z: [    5.876937] usbhid: USB HID core driver
[STDERR  ] 2018-01-15T18:20:07.185834702Z: [    5.877446] hv_utils: Registering HyperV Utility Driver
[STDERR  ] 2018-01-15T18:20:07.185840199Z: [    5.877708] hv_vmbus: registering driver hv_util
[STDERR  ] 2018-01-15T18:20:07.18584574Z: [    5.877993] hv_vmbus: registering driver hv_balloon
[STDERR  ] 2018-01-15T18:20:07.185851338Z: [    5.878454] oprofile: using NMI interrupt.
[STDERR  ] 2018-01-15T18:20:07.185856856Z: [    5.879498] GACT probability on
[STDERR  ] 2018-01-15T18:20:07.185865564Z: [    5.879930] Mirror/redirect action on
[STDERR  ] 2018-01-15T18:20:07.185871262Z: [    5.881027] Simple TC action Loaded
[STDERR  ] 2018-01-15T18:20:07.185876826Z: [    5.881621] u32 classifier
[STDERR  ] 2018-01-15T18:20:07.185886429Z: [    5.881795]     Performance counters on
[STDERR  ] 2018-01-15T18:20:07.185891992Z: [    5.881967]     input device check on
[STDERR  ] 2018-01-15T18:20:07.185897487Z: [    5.882149]     Actions configured
[STDERR  ] 2018-01-15T18:20:07.185903118Z: [    5.882653] Netfilter messages via NETLINK v0.30.
[STDERR  ] 2018-01-15T18:20:07.185908603Z: [    5.883114] nfnl_acct: registering with nfnetlink.
[STDERR  ] 2018-01-15T18:20:07.185915844Z: [    5.884384] nf_conntrack version 0.5.0 (8192 buckets, 32768 max)
[STDERR  ] 2018-01-15T18:20:07.18592147Z: [    5.887489] ctnetlink v0.93: registering with nfnetlink.
[STDERR  ] 2018-01-15T18:20:07.185927021Z: [    5.890614] nf_tables: (c) 2007-2009 Patrick McHardy <kaber@trash.net>
[STDERR  ] 2018-01-15T18:20:07.185932568Z: [    5.891392] nf_tables_compat: (c) 2012 Pablo Neira Ayuso <pablo@netfilter.org>
[STDERR  ] 2018-01-15T18:20:07.185938207Z: [    5.893351] xt_time: kernel timezone is -0000
[STDERR  ] 2018-01-15T18:20:07.18594378Z: [    5.893807] ip_set: protocol 6
[STDERR  ] 2018-01-15T18:20:07.185949382Z: [    5.894413] IPVS: Registered protocols (TCP, UDP, SCTP, AH, ESP)
[STDERR  ] 2018-01-15T18:20:07.185954984Z: [    5.894927] IPVS: Connection hash table configured (size=4096, memory=64Kbytes)
[STDERR  ] 2018-01-15T18:20:07.185960532Z: [    5.896441] IPVS: Creating netns size=2104 id=0
[STDERR  ] 2018-01-15T18:20:07.185969411Z: [    5.899172] IPVS: ipvs loaded.
[STDERR  ] 2018-01-15T18:20:07.185975047Z: [    5.899495] IPVS: [rr] scheduler registered.
[STDERR  ] 2018-01-15T18:20:07.185980636Z: [    5.899780] IPVS: [wrr] scheduler registered.
[STDERR  ] 2018-01-15T18:20:07.185988084Z: [    5.900001] IPVS: [lc] scheduler registered.
[STDERR  ] 2018-01-15T18:20:07.1859937Z: [    5.900667] IPVS: [wlc] scheduler registered.
[STDERR  ] 2018-01-15T18:20:07.18599945Z: [    5.900903] IPVS: [fo] scheduler registered.
[STDERR  ] 2018-01-15T18:20:07.186004937Z: [    5.901085] IPVS: [ovf] scheduler registered.
[STDERR  ] 2018-01-15T18:20:07.186010459Z: [    5.901439] IPVS: [lblc] scheduler registered.
[STDERR  ] 2018-01-15T18:20:07.186015881Z: [    5.901765] IPVS: [lblcr] scheduler registered.
[STDERR  ] 2018-01-15T18:20:07.186023745Z: [    5.901996] IPVS: [dh] scheduler registered.
[STDERR  ] 2018-01-15T18:20:07.186029358Z: [    5.902210] IPVS: [sh] scheduler registered.
[STDERR  ] 2018-01-15T18:20:07.186034944Z: [    5.902402] IPVS: [sed] scheduler registered.
[STDERR  ] 2018-01-15T18:20:07.186040394Z: [    5.902609] IPVS: [nq] scheduler registered.
[STDERR  ] 2018-01-15T18:20:07.186049282Z: [    5.903237] IPVS: ftp: loaded support on port[0] = 21
[STDERR  ] 2018-01-15T18:20:07.186054848Z: [    5.903965] ipip: IPv4 and MPLS over IPv4 tunneling driver
[STDERR  ] 2018-01-15T18:20:07.186060384Z: [    5.907248] gre: GRE over IPv4 demultiplexor driver
[STDERR  ] 2018-01-15T18:20:07.186065904Z: [    5.909828] ip_tables: (C) 2000-2006 Netfilter Core Team
[STDERR  ] 2018-01-15T18:20:07.186071401Z: [    5.913298] ipt_CLUSTERIP: ClusterIP Version 0.8 loaded successfully
[STDERR  ] 2018-01-15T18:20:07.186076989Z: [    5.913874] arp_tables: arp_tables: (C) 2002 David S. Miller
[STDERR  ] 2018-01-15T18:20:07.186083966Z: [    5.916067] NET: Registered protocol family 10
[STDERR  ] 2018-01-15T18:20:07.186089551Z: [    5.924722] ip6_tables: (C) 2000-2006 Netfilter Core Team
[STDERR  ] 2018-01-15T18:20:07.186095179Z: [    5.934517] NET: Registered protocol family 17
[STDERR  ] 2018-01-15T18:20:07.18610067Z: [    5.935499] Bridge firewalling registered
[STDERR  ] 2018-01-15T18:20:07.186106157Z: [    5.936006] Ebtables v2.0 registered
[STDERR  ] 2018-01-15T18:20:07.186111629Z: [    5.937815] 8021q: 802.1Q VLAN Support v1.8
[STDERR  ] 2018-01-15T18:20:07.18611714Z: [    5.939097] 9pnet: Installing 9P2000 support
[STDERR  ] 2018-01-15T18:20:07.186122804Z: [    5.941001] Key type dns_resolver registered
[STDERR  ] 2018-01-15T18:20:07.186132003Z: [    5.941779] microcode: AMD CPU family 0x6 not supported
[STDERR  ] 2018-01-15T18:20:07.186137645Z: [    5.945123] registered taskstats version 1
[STDERR  ] 2018-01-15T18:20:07.186143277Z: [    6.101588] Key type big_key registered
[STDERR  ] 2018-01-15T18:20:07.186148826Z: [    6.152925] ata1: SATA link up 1.5 Gbps (SStatus 113 SControl 300)
[STDERR  ] 2018-01-15T18:20:07.186154388Z: [    6.158472] ata1.00: ATA-7: QEMU HARDDISK, 2.5+, max UDMA/100
[STDERR  ] 2018-01-15T18:20:07.186161802Z: [    6.158946] ata1.00: 1048576 sectors, multi 16: LBA48 NCQ (depth 31/32)
[STDERR  ] 2018-01-15T18:20:07.186167328Z: [    6.159440] ata1.00: applying bridge limits
[STDERR  ] 2018-01-15T18:20:07.186172834Z: [    6.161127] ata3: SATA link up 1.5 Gbps (SStatus 113 SControl 300)
[STDERR  ] 2018-01-15T18:20:07.186178357Z: [    6.161783] ata3.00: ATAPI: QEMU DVD-ROM, 2.5+, max UDMA/100
[STDERR  ] 2018-01-15T18:20:07.186183861Z: [    6.162092] ata3.00: applying bridge limits
[STDERR  ] 2018-01-15T18:20:07.186189419Z: [    6.162997] ata3.00: configured for UDMA/100
[STDERR  ] 2018-01-15T18:20:07.186196704Z: [    6.165374] ata2: SATA link down (SStatus 0 SControl 300)
[STDERR  ] 2018-01-15T18:20:07.186202284Z: [    6.171093] ata1.00: configured for UDMA/100
[STDERR  ] 2018-01-15T18:20:07.186207782Z: [    6.172898] ata6: SATA link down (SStatus 0 SControl 300)
[STDERR  ] 2018-01-15T18:20:07.186213303Z: [    6.173382] ata5: SATA link down (SStatus 0 SControl 300)
[STDERR  ] 2018-01-15T18:20:07.186218761Z: [    6.173767] ata4: SATA link down (SStatus 0 SControl 300)
[STDERR  ] 2018-01-15T18:20:07.186227322Z: [    6.192881] scsi 0:0:0:0: Direct-Access     ATA      QEMU HARDDISK    2.5+ PQ: 0 ANSI: 5
[STDERR  ] 2018-01-15T18:20:07.186233052Z: [    6.201537] sd 0:0:0:0: [sda] 1048576 512-byte logical blocks: (537 MB/512 MiB)
[STDERR  ] 2018-01-15T18:20:07.186238661Z: [    6.213265] sd 0:0:0:0: [sda] Write Protect is off
[STDERR  ] 2018-01-15T18:20:07.186244199Z: [    6.214153] sd 0:0:0:0: Attached scsi generic sg0 type 0
[STDERR  ] 2018-01-15T18:20:07.186249791Z: [    6.215668] sd 0:0:0:0: [sda] Write cache: enabled, read cache: enabled, doesn't support DPO or FUA
[STDERR  ] 2018-01-15T18:20:07.186259307Z: [    6.221270] scsi 2:0:0:0: CD-ROM            QEMU     QEMU DVD-ROM     2.5+ PQ: 0 ANSI: 5
[STDERR  ] 2018-01-15T18:20:07.186264886Z: [    6.242467] sr 2:0:0:0: [sr0] scsi3-mmc drive: 4x/4x cd/rw xa/form2 tray
[STDERR  ] 2018-01-15T18:20:07.186270402Z: [    6.243128] cdrom: Uniform CD-ROM driver Revision: 3.20
[STDERR  ] 2018-01-15T18:20:07.186275894Z: [    6.253634] sr 2:0:0:0: Attached scsi generic sg1 type 5
[STDERR  ] 2018-01-15T18:20:07.186281354Z: [    6.261700] sd 0:0:0:0: [sda] Attached SCSI disk
[STDERR  ] 2018-01-15T18:20:07.186286921Z: [    6.287062] Key type encrypted registered
[STDERR  ] 2018-01-15T18:20:07.186292405Z: [    6.292843] rtc_cmos 00:00: setting system clock to 2018-01-15 18:19:39 UTC (1516040379)
[STDERR  ] 2018-01-15T18:20:07.186298118Z: [    6.427117] Freeing unused kernel memory: 1396K
[STDERR  ] 2018-01-15T18:20:07.186303594Z: [    6.427487] Write protecting the kernel read-only data: 12288k
[STDERR  ] 2018-01-15T18:20:07.186309112Z: [    6.433063] Freeing unused kernel memory: 124K
[STDERR  ] 2018-01-15T18:20:07.186314591Z: [    6.516257] Freeing unused kernel memory: 1396K
[STDERR  ] 2018-01-15T18:20:07.186321217Z: [    6.560436] tsc: Refined TSC clocksource calibration: 2599.866 MHz
[STDERR  ] 2018-01-15T18:20:07.186328646Z: [    6.560911] clocksource: tsc: mask: 0xffffffffffffffff max_cycles: 0x2579bdab2a6, max_idle_ns: 440795323819 ns
[STDERR  ] 2018-01-15T18:20:07.186336464Z: [    7.580622] clocksource: Switched to clocksource tsc
[STDERR  ] 2018-01-15T18:20:07.186341969Z: 
[STDERR  ] 2018-01-15T18:20:07.18634766Z: Welcome to LinuxKit
[STDERR  ] 2018-01-15T18:20:07.186353234Z: 
[STDERR  ] 2018-01-15T18:20:07.186358926Z:                         ##         .
[STDERR  ] 2018-01-15T18:20:07.186364434Z:                   ## ## ##        ==
[STDERR  ] 2018-01-15T18:20:07.1863729Z:                ## ## ## ## ##    ===
[STDERR  ] 2018-01-15T18:20:07.186378575Z:            /"""""""""""""""""\___/ ===
[STDERR  ] 2018-01-15T18:20:07.18638408Z:           {                       /  ===-
[STDERR  ] 2018-01-15T18:20:07.186389583Z:            \______ O           __/
[STDERR  ] 2018-01-15T18:20:07.186395455Z:              \    \         __/
[STDERR  ] 2018-01-15T18:20:07.186402986Z:               \____\_______/
[STDERR  ] 2018-01-15T18:20:07.186408487Z: 
[STDERR  ] 2018-01-15T18:20:07.186414061Z: [   15.295594] IPVS: Creating netns size=2104 id=1
[STDERR  ] 2018-01-15T18:20:07.186419564Z: [   15.296070] IPVS: ftp: loaded support on port[0] = 21
[STDERR  ] 2018-01-15T18:20:07.186425055Z: 2018/01/15 18:19:48 Creating partition on /dev/sda
[STDERR  ] 2018-01-15T18:20:07.186430516Z: [   16.370330]  sda:
[STDERR  ] 2018-01-15T18:20:07.186437979Z: [   16.429131]  sda:
[STDERR  ] 2018-01-15T18:20:07.186443465Z: [   16.483019]  sda: sda1
[STDERR  ] 2018-01-15T18:20:07.186448964Z: [   16.540914]  sda: sda1
[STDERR  ] 2018-01-15T18:20:07.186454353Z: 2018/01/15 18:19:50 Partition /dev/sda1 successfully created!
[STDERR  ] 2018-01-15T18:20:07.186459855Z: [   18.697329] IPVS: Creating netns size=2104 id=2
[STDERR  ] 2018-01-15T18:20:07.186465365Z: [   18.697560] IPVS: ftp: loaded support on port[0] = 21
[STDERR  ] 2018-01-15T18:20:07.18647087Z: [   19.856386] EXT4-fs (sda1): couldn't mount as ext3 due to feature incompatibilities
[STDERR  ] 2018-01-15T18:20:07.186476454Z: [   19.865103] EXT4-fs (sda1): couldn't mount as ext2 due to feature incompatibilities
[STDERR  ] 2018-01-15T18:20:07.186484935Z: [   19.889501] EXT4-fs (sda1): mounted filesystem with ordered data mode. Opts: (null)
[STDERR  ] 2018-01-15T18:20:07.186490472Z: format_mount test suite PASSED
[STDERR  ] 2018-01-15T18:20:07.18649601Z: [   32.931664] sd 0:0:0:0: [sda] Synchronizing SCSI cache
[STDERR  ] 2018-01-15T18:20:07.186501576Z: [   32.934686] sd 0:0:0:0: [sda] Stopping disk
[STDERR  ] 2018-01-15T18:20:07.186507056Z: [   32.937532] ACPI: Preparing to enter system sleep state S5
[STDERR  ] 2018-01-15T18:20:07.186512535Z: [   32.938552] reboot: Power down
[STDERR  ] 2018-01-15T18:20:07.186518038Z: + grep -q suite PASSED
[STDOUT  ] 2018-01-15T18:20:07.186532926Z: [    0.000000] Linux version 4.9.76-linuxkit (root@0fd4445ddb08) (gcc version 6.4.0 (Alpine 6.4.0) ) #1 SMP Mon Jan 15 16:57:48 UTC 2018
[STDOUT  ] 2018-01-15T18:20:07.186556904Z: [    0.000000] Command line: console=ttyS0 console=ttyAMA0
[STDOUT  ] 2018-01-15T18:20:07.186562616Z: [    0.000000] x86/fpu: Legacy x87 FPU detected.
[STDOUT  ] 2018-01-15T18:20:07.186568144Z: [    0.000000] x86/fpu: Using 'eager' FPU context switches.
[STDOUT  ] 2018-01-15T18:20:07.186575176Z: [    0.000000] e820: BIOS-provided physical RAM map:
[STDOUT  ] 2018-01-15T18:20:07.186580984Z: [    0.000000] BIOS-e820: [mem 0x0000000000000000-0x000000000009fbff] usable
[STDOUT  ] 2018-01-15T18:20:07.186586596Z: [    0.000000] BIOS-e820: [mem 0x000000000009fc00-0x000000000009ffff] reserved
[STDOUT  ] 2018-01-15T18:20:07.186592156Z: [    0.000000] BIOS-e820: [mem 0x00000000000f0000-0x00000000000fffff] reserved
[STDOUT  ] 2018-01-15T18:20:07.186597666Z: [    0.000000] BIOS-e820: [mem 0x0000000000100000-0x000000003ffdefff] usable
[STDOUT  ] 2018-01-15T18:20:07.186603253Z: [    0.000000] BIOS-e820: [mem 0x000000003ffdf000-0x000000003fffffff] reserved
[STDOUT  ] 2018-01-15T18:20:07.186608844Z: [    0.000000] BIOS-e820: [mem 0x00000000b0000000-0x00000000bfffffff] reserved
[STDOUT  ] 2018-01-15T18:20:07.186614314Z: [    0.000000] BIOS-e820: [mem 0x00000000fed1c000-0x00000000fed1ffff] reserved
[STDOUT  ] 2018-01-15T18:20:07.186619864Z: [    0.000000] BIOS-e820: [mem 0x00000000fffc0000-0x00000000ffffffff] reserved
[STDOUT  ] 2018-01-15T18:20:07.186625402Z: [    0.000000] NX (Execute Disable) protection: active
[STDOUT  ] 2018-01-15T18:20:07.186630968Z: [    0.000000] SMBIOS 2.8 present.
[STDOUT  ] 2018-01-15T18:20:07.186636618Z: [    0.000000] Kernel/User page tables isolation: disabled
[STDOUT  ] 2018-01-15T18:20:07.186644973Z: [    0.000000] e820: last_pfn = 0x3ffdf max_arch_pfn = 0x400000000
[STDOUT  ] 2018-01-15T18:20:07.186650678Z: [    0.000000] x86/PAT: Configuration [0-7]: WB  WC  UC- UC  WB  WC  UC- WT  
[STDOUT  ] 2018-01-15T18:20:07.186656291Z: [    0.000000] found SMP MP-table at [mem 0x000f6aa0-0x000f6aaf] mapped at [ffff9366000f6aa0]
[STDOUT  ] 2018-01-15T18:20:07.186662092Z: [    0.000000] RAMDISK: [mem 0x3e005000-0x3ffcffff]
[STDOUT  ] 2018-01-15T18:20:07.186667608Z: [    0.000000] ACPI: Early table checksum verification disabled
[STDOUT  ] 2018-01-15T18:20:07.186673168Z: [    0.000000] ACPI: RSDP 0x00000000000F68B0 000014 (v00 BOCHS )
[STDOUT  ] 2018-01-15T18:20:07.186678711Z: [    0.000000] ACPI: RSDT 0x000000003FFE20A8 000034 (v01 BOCHS  BXPCRSDT 00000001 BXPC 00000001)
[STDOUT  ] 2018-01-15T18:20:07.186684391Z: [    0.000000] ACPI: FACP 0x000000003FFE1EC8 0000F4 (v03 BOCHS  BXPCFACP 00000001 BXPC 00000001)
[STDOUT  ] 2018-01-15T18:20:07.186691739Z: [    0.000000] ACPI: DSDT 0x000000003FFE0040 001E88 (v01 BOCHS  BXPCDSDT 00000001 BXPC 00000001)
[STDOUT  ] 2018-01-15T18:20:07.18669733Z: [    0.000000] ACPI: FACS 0x000000003FFE0000 000040
[STDOUT  ] 2018-01-15T18:20:07.186702871Z: [    0.000000] ACPI: APIC 0x000000003FFE1FBC 000078 (v01 BOCHS  BXPCAPIC 00000001 BXPC 00000001)
[STDOUT  ] 2018-01-15T18:20:07.186708309Z: [    0.000000] ACPI: HPET 0x000000003FFE2034 000038 (v01 BOCHS  BXPCHPET 00000001 BXPC 00000001)
[STDOUT  ] 2018-01-15T18:20:07.186713805Z: [    0.000000] ACPI: MCFG 0x000000003FFE206C 00003C (v01 BOCHS  BXPCMCFG 00000001 BXPC 00000001)
[STDOUT  ] 2018-01-15T18:20:07.186722137Z: [    0.000000] Zone ranges:
[STDOUT  ] 2018-01-15T18:20:07.186727744Z: [    0.000000]   DMA      [mem 0x0000000000001000-0x0000000000ffffff]
[STDOUT  ] 2018-01-15T18:20:07.18673324Z: [    0.000000]   DMA32    [mem 0x0000000001000000-0x000000003ffdefff]
[STDOUT  ] 2018-01-15T18:20:07.186738776Z: [    0.000000]   Normal   empty
[STDOUT  ] 2018-01-15T18:20:07.186744347Z: [    0.000000] Movable zone start for each node
[STDOUT  ] 2018-01-15T18:20:07.186752269Z: [    0.000000] Early memory node ranges
[STDOUT  ] 2018-01-15T18:20:07.186757867Z: [    0.000000]   node   0: [mem 0x0000000000001000-0x000000000009efff]
[STDOUT  ] 2018-01-15T18:20:07.186763371Z: [    0.000000]   node   0: [mem 0x0000000000100000-0x000000003ffdefff]
[STDOUT  ] 2018-01-15T18:20:07.186768852Z: [    0.000000] Initmem setup node 0 [mem 0x0000000000001000-0x000000003ffdefff]
[STDOUT  ] 2018-01-15T18:20:07.186774516Z: [    0.000000] ACPI: PM-Timer IO Port: 0x608
[STDOUT  ] 2018-01-15T18:20:07.186781554Z: [    0.000000] ACPI: LAPIC_NMI (acpi_id[0xff] dfl dfl lint[0x1])
[STDOUT  ] 2018-01-15T18:20:07.186787179Z: [    0.000000] IOAPIC[0]: apic_id 0, version 32, address 0xfec00000, GSI 0-23
[STDOUT  ] 2018-01-15T18:20:07.186792763Z: [    0.000000] ACPI: INT_SRC_OVR (bus 0 bus_irq 0 global_irq 2 dfl dfl)
[STDOUT  ] 2018-01-15T18:20:07.186798356Z: [    0.000000] ACPI: INT_SRC_OVR (bus 0 bus_irq 5 global_irq 5 high level)
[STDOUT  ] 2018-01-15T18:20:07.186810889Z: [    0.000000] ACPI: INT_SRC_OVR (bus 0 bus_irq 9 global_irq 9 high level)
[STDOUT  ] 2018-01-15T18:20:07.186819311Z: [    0.000000] ACPI: INT_SRC_OVR (bus 0 bus_irq 10 global_irq 10 high level)
[STDOUT  ] 2018-01-15T18:20:07.186824832Z: [    0.000000] ACPI: INT_SRC_OVR (bus 0 bus_irq 11 global_irq 11 high level)
[STDOUT  ] 2018-01-15T18:20:07.186830398Z: [    0.000000] Using ACPI (MADT) for SMP configuration information
[STDOUT  ] 2018-01-15T18:20:07.186835913Z: [    0.000000] ACPI: HPET id: 0x8086a201 base: 0xfed00000
[STDOUT  ] 2018-01-15T18:20:07.186841474Z: [    0.000000] smpboot: Allowing 1 CPUs, 0 hotplug CPUs
[STDOUT  ] 2018-01-15T18:20:07.186848698Z: [    0.000000] e820: [mem 0x40000000-0xafffffff] available for PCI devices
[STDOUT  ] 2018-01-15T18:20:07.186854182Z: [    0.000000] Booting paravirtualized kernel on bare hardware
[STDOUT  ] 2018-01-15T18:20:07.186859746Z: [    0.000000] clocksource: refined-jiffies: mask: 0xffffffff max_cycles: 0xffffffff, max_idle_ns: 19112604462750000 ns
[STDOUT  ] 2018-01-15T18:20:07.186871069Z: [    0.000000] setup_percpu: NR_CPUS:128 nr_cpumask_bits:128 nr_cpu_ids:1 nr_node_ids:1
[STDOUT  ] 2018-01-15T18:20:07.186876714Z: [    0.000000] percpu: Embedded 36 pages/cpu @ffff93663de00000 s106904 r8192 d32360 u2097152
[STDOUT  ] 2018-01-15T18:20:07.186886083Z: [    0.000000] Built 1 zonelists in Zone order, mobility grouping on.  Total pages: 257896
[STDOUT  ] 2018-01-15T18:20:07.186891633Z: [    0.000000] Kernel command line: console=ttyS0 console=ttyAMA0
[STDOUT  ] 2018-01-15T18:20:07.186898761Z: [    0.000000] PID hash table entries: 4096 (order: 3, 32768 bytes)
[STDOUT  ] 2018-01-15T18:20:07.186904521Z: [    0.000000] Dentry cache hash table entries: 131072 (order: 8, 1048576 bytes)
[STDOUT  ] 2018-01-15T18:20:07.186910009Z: [    0.000000] Inode-cache hash table entries: 65536 (order: 7, 524288 bytes)
[STDOUT  ] 2018-01-15T18:20:07.18691562Z: [    0.000000] Memory: 981584K/1048052K available (8053K kernel code, 1391K rwdata, 2700K rodata, 1396K init, 564K bss, 66468K reserved, 0K cma-reserved)
[STDOUT  ] 2018-01-15T18:20:07.186922389Z: [    0.000000] Hierarchical RCU implementation.
[STDOUT  ] 2018-01-15T18:20:07.1869279Z: [    0.000000] 	Build-time adjustment of leaf fanout to 64.
[STDOUT  ] 2018-01-15T18:20:07.186933518Z: [    0.000000] 	RCU restricting CPUs from NR_CPUS=128 to nr_cpu_ids=1.
[STDOUT  ] 2018-01-15T18:20:07.186939021Z: [    0.000000] RCU: Adjusting geometry for rcu_fanout_leaf=64, nr_cpu_ids=1
[STDOUT  ] 2018-01-15T18:20:07.186944535Z: [    0.000000] NR_IRQS:8448 nr_irqs:256 16
[STDOUT  ] 2018-01-15T18:20:07.186950129Z: [    0.000000] Console: colour VGA+ 80x25
[STDOUT  ] 2018-01-15T18:20:07.186958851Z: [    0.000000] console [ttyS0] enabled
[STDOUT  ] 2018-01-15T18:20:07.186964401Z: [    0.000000] clocksource: hpet: mask: 0xffffffff max_cycles: 0xffffffff, max_idle_ns: 19112604467 ns
[STDOUT  ] 2018-01-15T18:20:07.186970008Z: [    0.000000] tsc: Unable to calibrate against PIT
[STDOUT  ] 2018-01-15T18:20:07.186975687Z: [    0.000000] tsc: using HPET reference calibration
[STDOUT  ] 2018-01-15T18:20:07.186981243Z: [    0.000000] tsc: Detected 2599.879 MHz processor
[STDOUT  ] 2018-01-15T18:20:07.186986798Z: [    0.032127] Calibrating delay loop (skipped), value calculated using timer frequency.. 5199.75 BogoMIPS (lpj=25998790)
[STDOUT  ] 2018-01-15T18:20:07.18699239Z: [    0.033202] pid_max: default: 32768 minimum: 301
[STDOUT  ] 2018-01-15T18:20:07.18699797Z: [    0.040617] ACPI: Core revision 20160831
[STDOUT  ] 2018-01-15T18:20:07.187003548Z: [    0.066266] ACPI: 1 ACPI AML tables successfully acquired and loaded
[STDOUT  ] 2018-01-15T18:20:07.187009092Z: [    0.070815] Security Framework initialized
[STDOUT  ] 2018-01-15T18:20:07.187014569Z: [    0.071214] Yama: becoming mindful.
[STDOUT  ] 2018-01-15T18:20:07.18702006Z: [    0.073055] Mount-cache hash table entries: 2048 (order: 2, 16384 bytes)
[STDOUT  ] 2018-01-15T18:20:07.187025595Z: [    0.073596] Mountpoint-cache hash table entries: 2048 (order: 2, 16384 bytes)
[STDOUT  ] 2018-01-15T18:20:07.187031152Z: [    0.092044] Last level iTLB entries: 4KB 0, 2MB 0, 4MB 0
[STDOUT  ] 2018-01-15T18:20:07.187036718Z: [    0.092545] Last level dTLB entries: 4KB 0, 2MB 0, 4MB 0, 1GB 0
[STDOUT  ] 2018-01-15T18:20:07.187042335Z: [    0.409146] Freeing SMP alternatives memory: 20K
[STDOUT  ] 2018-01-15T18:20:07.187047955Z: [    0.418478] ftrace: allocating 35552 entries in 139 pages
[STDOUT  ] 2018-01-15T18:20:07.187053482Z: [    0.490835] smpboot: Max logical packages: 1
[STDOUT  ] 2018-01-15T18:20:07.187059056Z: [    0.497758] ..TIMER: vector=0x30 apic1=0 pin1=2 apic2=-1 pin2=-1
[STDOUT  ] 2018-01-15T18:20:07.187066837Z: [    0.600000] smpboot: CPU0: AMD QEMU Virtual CPU version 2.5+ (family: 0x6, model: 0x6, stepping: 0x3)
[STDOUT  ] 2018-01-15T18:20:07.187072409Z: [    0.600000] Performance Events: PMU not available due to virtualization, using software events only.
[STDOUT  ] 2018-01-15T18:20:07.187077985Z: [    0.607058] NMI watchdog: disabled (cpu0): hardware events not enabled
[STDOUT  ] 2018-01-15T18:20:07.18708725Z: [    0.607436] NMI watchdog: Shutting down hard lockup detector on all cpus
[STDOUT  ] 2018-01-15T18:20:07.187092979Z: [    0.610345] x86: Booted up 1 node, 1 CPUs
[STDOUT  ] 2018-01-15T18:20:07.187098554Z: [    0.610729] smpboot: Total of 1 processors activated (5199.75 BogoMIPS)
[STDOUT  ] 2018-01-15T18:20:07.187104057Z: [    0.625120] devtmpfs: initialized
[STDOUT  ] 2018-01-15T18:20:07.18710954Z: [    0.630994] x86/mm: Memory block size: 128MB
[STDOUT  ] 2018-01-15T18:20:07.18711516Z: [    0.661425] clocksource: jiffies: mask: 0xffffffff max_cycles: 0xffffffff, max_idle_ns: 19112604462750000 ns
[STDOUT  ] 2018-01-15T18:20:07.187120828Z: [    0.662234] futex hash table entries: 256 (order: 2, 16384 bytes)
[STDOUT  ] 2018-01-15T18:20:07.187126342Z: [    0.671099] NET: Registered protocol family 16
[STDOUT  ] 2018-01-15T18:20:07.187131839Z: [    0.678979] cpuidle: using governor ladder
[STDOUT  ] 2018-01-15T18:20:07.187137456Z: [    0.679376] cpuidle: using governor menu
[STDOUT  ] 2018-01-15T18:20:07.187143082Z: [    0.680935] ACPI: bus type PCI registered
[STDOUT  ] 2018-01-15T18:20:07.18715058Z: [    0.684900] PCI: MMCONFIG for domain 0000 [bus 00-ff] at [mem 0xb0000000-0xbfffffff] (base 0xb0000000)
[STDOUT  ] 2018-01-15T18:20:07.187156184Z: [    0.685574] PCI: MMCONFIG at [mem 0xb0000000-0xbfffffff] reserved in E820
[STDOUT  ] 2018-01-15T18:20:07.187161714Z: [    0.686396] PCI: Using configuration type 1 for base access
[STDOUT  ] 2018-01-15T18:20:07.187167282Z: [    0.720199] HugeTLB registered 2 MB page size, pre-allocated 0 pages
[STDOUT  ] 2018-01-15T18:20:07.18717769Z: [    0.731408] ACPI: Added _OSI(Module Device)
[STDOUT  ] 2018-01-15T18:20:07.187183326Z: [    0.731697] ACPI: Added _OSI(Processor Device)
[STDOUT  ] 2018-01-15T18:20:07.187188952Z: [    0.731946] ACPI: Added _OSI(3.0 _SCP Extensions)
[STDOUT  ] 2018-01-15T18:20:07.187194481Z: [    0.732083] ACPI: Added _OSI(Processor Aggregator Device)
[STDOUT  ] 2018-01-15T18:20:07.187201926Z: [    0.776876] ACPI: Interpreter enabled
[STDOUT  ] 2018-01-15T18:20:07.187207572Z: [    0.780408] ACPI: (supports S0 S5)
[STDOUT  ] 2018-01-15T18:20:07.18721304Z: [    0.780706] ACPI: Using IOAPIC for interrupt routing
[STDOUT  ] 2018-01-15T18:20:07.187218586Z: [    0.783048] PCI: Using host bridge windows from ACPI; if necessary, use "pci=nocrs" and report a bug
[STDOUT  ] 2018-01-15T18:20:07.187224224Z: [    0.823099] ACPI: PCI Root Bridge [PCI0] (domain 0000 [bus 00-ff])
[STDOUT  ] 2018-01-15T18:20:07.187229725Z: [    0.824116] acpi PNP0A08:00: _OSC: OS supports [ExtendedConfig ASPM ClockPM Segments MSI]
[STDOUT  ] 2018-01-15T18:20:07.187236547Z: [    0.829072] acpi PNP0A08:00: _OSC: OS now controls [PCIeHotplug PME PCIeCapability]
[STDOUT  ] 2018-01-15T18:20:07.187242092Z: [    0.832483] PCI host bridge to bus 0000:00
[STDOUT  ] 2018-01-15T18:20:07.187247584Z: [    0.832889] pci_bus 0000:00: root bus resource [io  0x0000-0x0cf7 window]
[STDOUT  ] 2018-01-15T18:20:07.187254438Z: [    0.833268] pci_bus 0000:00: root bus resource [io  0x0d00-0xffff window]
[STDOUT  ] 2018-01-15T18:20:07.187260008Z: [    0.833605] pci_bus 0000:00: root bus resource [mem 0x000a0000-0x000bffff window]
[STDOUT  ] 2018-01-15T18:20:07.187265532Z: [    0.833941] pci_bus 0000:00: root bus resource [mem 0xc0000000-0xfebfffff window]
[STDOUT  ] 2018-01-15T18:20:07.187271061Z: [    0.834419] pci_bus 0000:00: root bus resource [bus 00-ff]
[STDOUT  ] 2018-01-15T18:20:07.187276652Z: [    0.996743] pci 0000:00:1f.0: quirk: [io  0x0600-0x067f] claimed by ICH6 ACPI/GPIO/TCO
[STDOUT  ] 2018-01-15T18:20:07.187282255Z: [    1.084909] ACPI: PCI Interrupt Link [LNKA] (IRQs 5 *10 11)
[STDOUT  ] 2018-01-15T18:20:07.187287784Z: [    1.087031] ACPI: PCI Interrupt Link [LNKB] (IRQs 5 *10 11)
[STDOUT  ] 2018-01-15T18:20:07.187293343Z: [    1.088568] ACPI: PCI Interrupt Link [LNKC] (IRQs 5 10 *11)
[STDOUT  ] 2018-01-15T18:20:07.187298884Z: [    1.090620] ACPI: PCI Interrupt Link [LNKD] (IRQs 5 10 *11)
[STDOUT  ] 2018-01-15T18:20:07.187304363Z: [    1.091903] ACPI: PCI Interrupt Link [LNKE] (IRQs 5 *10 11)
[STDOUT  ] 2018-01-15T18:20:07.187312499Z: [    1.093427] ACPI: PCI Interrupt Link [LNKF] (IRQs 5 *10 11)
[STDOUT  ] 2018-01-15T18:20:07.187318105Z: [    1.094918] ACPI: PCI Interrupt Link [LNKG] (IRQs 5 10 *11)
[STDOUT  ] 2018-01-15T18:20:07.187323602Z: [    1.096094] ACPI: PCI Interrupt Link [LNKH] (IRQs 5 10 *11)
[STDOUT  ] 2018-01-15T18:20:07.187329563Z: [    1.096759] ACPI: PCI Interrupt Link [GSIA] (IRQs *16)
[STDOUT  ] 2018-01-15T18:20:07.187335134Z: [    1.097281] ACPI: PCI Interrupt Link [GSIB] (IRQs *17)
[STDOUT  ] 2018-01-15T18:20:07.187340676Z: [    1.097763] ACPI: PCI Interrupt Link [GSIC] (IRQs *18)
[STDOUT  ] 2018-01-15T18:20:07.187346176Z: [    1.098252] ACPI: PCI Interrupt Link [GSID] (IRQs *19)
[STDOUT  ] 2018-01-15T18:20:07.187353563Z: [    1.098768] ACPI: PCI Interrupt Link [GSIE] (IRQs *20)
[STDOUT  ] 2018-01-15T18:20:07.187359033Z: [    1.099274] ACPI: PCI Interrupt Link [GSIF] (IRQs *21)
[STDOUT  ] 2018-01-15T18:20:07.187364529Z: [    1.100323] ACPI: PCI Interrupt Link [GSIG] (IRQs *22)
[STDOUT  ] 2018-01-15T18:20:07.187370043Z: [    1.100834] ACPI: PCI Interrupt Link [GSIH] (IRQs *23)
[STDOUT  ] 2018-01-15T18:20:07.187375555Z: [    1.103817] ACPI: Enabled 1 GPEs in block 00 to 3F
[STDOUT  ] 2018-01-15T18:20:07.187381097Z: [    1.108011] SCSI subsystem initialized
[STDOUT  ] 2018-01-15T18:20:07.187386578Z: [    1.110062] ACPI: bus type USB registered
[STDOUT  ] 2018-01-15T18:20:07.187392095Z: [    1.110992] usbcore: registered new interface driver usbfs
[STDOUT  ] 2018-01-15T18:20:07.187397538Z: [    1.111768] usbcore: registered new interface driver hub
