[INFO    ] 2017-11-06T18:06:54.896314349Z: Running Test linuxkit.packages.mkimage in /tmp/build/test/cases/040_packages/013_mkimage
[INFO    ] 2017-11-06T18:06:54.896422554Z: Running command: [/bin/sh -x /tmp/build/test/cases/040_packages/013_mkimage/test.sh]
[STDERR  ] 2017-11-06T18:06:54.934917118Z: + set -e
[STDERR  ] 2017-11-06T18:06:54.935004198Z: + . /tmp/build/test/cases/_lib/lib.sh
[STDERR  ] 2017-11-06T18:06:54.935019918Z: + [ -f src/github.com/linuxkit/rtf/lib/lib.sh ]
[STDERR  ] 2017-11-06T18:06:54.935030358Z: + LINUXKIT_TMPDIR=/tmp/build/test/cases/_tmp
[STDERR  ] 2017-11-06T18:06:54.935042148Z: + [ -f /tmp/build/test/cases/_tmp/env.sh ]
[STDERR  ] 2017-11-06T18:06:54.935052089Z: + . /tmp/build/test/cases/_tmp/env.sh
[STDERR  ] 2017-11-06T18:06:54.935109585Z: + export LINUXKIT_EXAMPLES_DIR=/tmp/build/test/cases/../../examples
[STDERR  ] 2017-11-06T18:06:54.93512761Z: + export LINUXKIT_BLUEPRINTS_DIR=/tmp/build/test/cases/../../blueprints
[STDERR  ] 2017-11-06T18:06:54.935138483Z: + RT_CANCEL=253
[STDERR  ] 2017-11-06T18:06:54.935149679Z: + trap clean_up EXIT
[STDERR  ] 2017-11-06T18:06:54.935162663Z: + moby build -format kernel+initrd run.yml
[STDERR  ] 2017-11-06T18:06:54.946073279Z: Extract kernel image: linuxkit/kernel:4.9.60
[STDERR  ] 2017-11-06T18:06:56.696217088Z: Add init containers:
[STDERR  ] 2017-11-06T18:06:56.696277312Z: Process init image: linuxkit/init:42a92119e1ca10380e0d33e26c0cbcf85b9b3558
[STDERR  ] 2017-11-06T18:06:58.034571659Z: Process init image: linuxkit/runc:817fdc592eac6cb7804fa1721a43a7f6e23fb50f
[STDERR  ] 2017-11-06T18:06:59.26743024Z: Add onboot containers:
[STDERR  ] 2017-11-06T18:06:59.267487337Z:   Create OCI config for linuxkit/poweroff:280bd01daa8776fbe1f4d912977f1886b8374834
[STDERR  ] 2017-11-06T18:07:00.354103528Z: time="2017-11-06T18:07:00Z" level=warning msg="certificate with CN Rolf Neugebauer is near expiry" 
[STDERR  ] 2017-11-06T18:07:00.355733397Z: time="2017-11-06T18:07:00Z" level=warning msg="certificate with CN Rolf Neugebauer is near expiry" 
[STDERR  ] 2017-11-06T18:07:00.501755438Z: Create outputs:
[STDERR  ] 2017-11-06T18:07:04.467601668Z:   run-kernel run-initrd.img run-cmdline
[STDERR  ] 2017-11-06T18:07:04.511355223Z: + moby build -format kernel+initrd mkimage.yml
[STDERR  ] 2017-11-06T18:07:04.537783169Z: Extract kernel image: linuxkit/kernel:4.9.60
[STDERR  ] 2017-11-06T18:07:06.256349883Z: Add init containers:
[STDERR  ] 2017-11-06T18:07:06.256411293Z: Process init image: linuxkit/init:42a92119e1ca10380e0d33e26c0cbcf85b9b3558
[STDERR  ] 2017-11-06T18:07:07.809867719Z: Process init image: linuxkit/runc:817fdc592eac6cb7804fa1721a43a7f6e23fb50f
[STDERR  ] 2017-11-06T18:07:09.041682359Z: Add onboot containers:
[STDERR  ] 2017-11-06T18:07:09.041739219Z:   Create OCI config for linuxkit/mkimage:a5dd896053b08abea3141628f7245f4d16a5fc1f
[STDERR  ] 2017-11-06T18:07:10.184854254Z: time="2017-11-06T18:07:10Z" level=warning msg="certificate with CN Rolf Neugebauer is near expiry" 
[STDERR  ] 2017-11-06T18:07:10.204629036Z: time="2017-11-06T18:07:10Z" level=warning msg="certificate with CN Rolf Neugebauer is near expiry" 
[STDERR  ] 2017-11-06T18:07:10.223803477Z: Pull image: docker.io/linuxkit/mkimage:a5dd896053b08abea3141628f7245f4d16a5fc1f@sha256:429e2596b53511450fc0dc8bf00c1ba7cea1b548527dbbac2207247e602d5449
[STDERR  ] 2017-11-06T18:07:13.23708132Z:   Create OCI config for linuxkit/poweroff:280bd01daa8776fbe1f4d912977f1886b8374834
[STDERR  ] 2017-11-06T18:07:14.294482076Z: time="2017-11-06T18:07:14Z" level=warning msg="certificate with CN Rolf Neugebauer is near expiry" 
[STDERR  ] 2017-11-06T18:07:14.295932126Z: time="2017-11-06T18:07:14Z" level=warning msg="certificate with CN Rolf Neugebauer is near expiry" 
[STDERR  ] 2017-11-06T18:07:14.474389941Z: Create outputs:
[STDERR  ] 2017-11-06T18:07:19.119312428Z:   mkimage-kernel mkimage-initrd.img mkimage-cmdline
[STDERR  ] 2017-11-06T18:07:19.167565713Z: + tar cf tarball.img run-kernel run-initrd.img run-cmdline
[STDERR  ] 2017-11-06T18:07:19.298977342Z: + linuxkit run qemu -disk disk.qcow2,size=200M,format=qcow2 -disk tarball.img,format=raw -kernel mkimage
[STDERR  ] 2017-11-06T18:07:19.317264323Z: Unable to find qemu-system-x86_64 within the $PATH. Using a container
[STDERR  ] 2017-11-06T18:07:20.033441815Z: Using existing disk [tarball.img] format raw
[STDOUT  ] 2017-11-06T18:07:21.972052728Z: [    0.000000] Linux version 4.9.60-linuxkit (root@82cddbd9179e) (gcc version 6.3.0 (Alpine 6.3.0) ) #1 SMP Thu Nov 2 16:36:48 UTC 2017
[STDOUT  ] 2017-11-06T18:07:21.972498797Z: [    0.000000] Command line: console=ttyS0
[STDOUT  ] 2017-11-06T18:07:21.972760517Z: [    0.000000] x86/fpu: Legacy x87 FPU detected.
[STDOUT  ] 2017-11-06T18:07:21.972792557Z: [    0.000000] x86/fpu: Using 'eager' FPU context switches.
[STDOUT  ] 2017-11-06T18:07:21.973006235Z: [    0.000000] e820: BIOS-provided physical RAM map:
[STDOUT  ] 2017-11-06T18:07:21.973220278Z: [    0.000000] BIOS-e820: [mem 0x0000000000000000-0x000000000009fbff] usable
[STDOUT  ] 2017-11-06T18:07:21.973377112Z: [    0.000000] BIOS-e820: [mem 0x000000000009fc00-0x000000000009ffff] reserved
[STDOUT  ] 2017-11-06T18:07:21.973636488Z: [    0.000000] BIOS-e820: [mem 0x00000000000f0000-0x00000000000fffff] reserved
[STDOUT  ] 2017-11-06T18:07:21.973824806Z: [    0.000000] BIOS-e820: [mem 0x0000000000100000-0x000000003ffddfff] usable
[STDOUT  ] 2017-11-06T18:07:21.974176028Z: [    0.000000] BIOS-e820: [mem 0x000000003ffde000-0x000000003fffffff] reserved
[STDOUT  ] 2017-11-06T18:07:21.974421643Z: [    0.000000] BIOS-e820: [mem 0x00000000b0000000-0x00000000bfffffff] reserved
[STDOUT  ] 2017-11-06T18:07:21.974740699Z: [    0.000000] BIOS-e820: [mem 0x00000000fed1c000-0x00000000fed1ffff] reserved
[STDOUT  ] 2017-11-06T18:07:21.974919715Z: [    0.000000] BIOS-e820: [mem 0x00000000fffc0000-0x00000000ffffffff] reserved
[STDOUT  ] 2017-11-06T18:07:21.97517107Z: [    0.000000] NX (Execute Disable) protection: active
[STDOUT  ] 2017-11-06T18:07:21.975190819Z: [    0.000000] SMBIOS 2.8 present.
[STDOUT  ] 2017-11-06T18:07:21.975364077Z: [    0.000000] e820: last_pfn = 0x3ffde max_arch_pfn = 0x400000000
[STDOUT  ] 2017-11-06T18:07:21.975797457Z: [    0.000000] x86/PAT: Configuration [0-7]: WB  WC  UC- UC  WB  WC  UC- WT  
[STDOUT  ] 2017-11-06T18:07:21.976040856Z: [    0.000000] found SMP MP-table at [mem 0x000f6aa0-0x000f6aaf] mapped at [ffff9316800f6aa0]
[STDOUT  ] 2017-11-06T18:07:21.976284048Z: [    0.000000] RAMDISK: [mem 0x3e375000-0x3ffcffff]
[STDOUT  ] 2017-11-06T18:07:21.976446934Z: [    0.000000] ACPI: Early table checksum verification disabled
[STDOUT  ] 2017-11-06T18:07:21.976663077Z: [    0.000000] ACPI: RSDP 0x00000000000F68C0 000014 (v00 BOCHS )
[STDOUT  ] 2017-11-06T18:07:21.977003657Z: [    0.000000] ACPI: RSDT 0x000000003FFE2404 000034 (v01 BOCHS  BXPCRSDT 00000001 BXPC 00000001)
[STDOUT  ] 2017-11-06T18:07:21.977286929Z: [    0.000000] ACPI: FACP 0x000000003FFE22A4 000074 (v01 BOCHS  BXPCFACP 00000001 BXPC 00000001)
[STDOUT  ] 2017-11-06T18:07:21.977609778Z: [    0.000000] ACPI: DSDT 0x000000003FFE0040 002264 (v01 BOCHS  BXPCDSDT 00000001 BXPC 00000001)
[STDOUT  ] 2017-11-06T18:07:21.977707715Z: [    0.000000] ACPI: FACS 0x000000003FFE0000 000040
[STDOUT  ] 2017-11-06T18:07:21.977994182Z: [    0.000000] ACPI: APIC 0x000000003FFE2318 000078 (v01 BOCHS  BXPCAPIC 00000001 BXPC 00000001)
[STDOUT  ] 2017-11-06T18:07:21.978384208Z: [    0.000000] ACPI: HPET 0x000000003FFE2390 000038 (v01 BOCHS  BXPCHPET 00000001 BXPC 00000001)
[STDOUT  ] 2017-11-06T18:07:21.97877823Z: [    0.000000] ACPI: MCFG 0x000000003FFE23C8 00003C (v01 BOCHS  BXPCMCFG 00000001 BXPC 00000001)
[STDOUT  ] 2017-11-06T18:07:21.978817199Z: [    0.000000] Zone ranges:
[STDOUT  ] 2017-11-06T18:07:21.978989593Z: [    0.000000]   DMA      [mem 0x0000000000001000-0x0000000000ffffff]
[STDOUT  ] 2017-11-06T18:07:21.979226547Z: [    0.000000]   DMA32    [mem 0x0000000001000000-0x000000003ffddfff]
[STDOUT  ] 2017-11-06T18:07:21.979348571Z: [    0.000000]   Normal   empty
[STDOUT  ] 2017-11-06T18:07:21.979635736Z: [    0.000000] Movable zone start for each node
[STDOUT  ] 2017-11-06T18:07:21.979669089Z: [    0.000000] Early memory node ranges
[STDOUT  ] 2017-11-06T18:07:21.979955467Z: [    0.000000]   node   0: [mem 0x0000000000001000-0x000000000009efff]
[STDOUT  ] 2017-11-06T18:07:21.980204598Z: [    0.000000]   node   0: [mem 0x0000000000100000-0x000000003ffddfff]
[STDOUT  ] 2017-11-06T18:07:21.980408404Z: [    0.000000] Initmem setup node 0 [mem 0x0000000000001000-0x000000003ffddfff]
[STDOUT  ] 2017-11-06T18:07:21.980524484Z: [    0.000000] ACPI: PM-Timer IO Port: 0x608
[STDOUT  ] 2017-11-06T18:07:21.980865274Z: [    0.000000] ACPI: LAPIC_NMI (acpi_id[0xff] dfl dfl lint[0x1])
[STDOUT  ] 2017-11-06T18:07:21.980959765Z: [    0.000000] IOAPIC[0]: apic_id 0, version 32, address 0xfec00000, GSI 0-23
[STDOUT  ] 2017-11-06T18:07:21.981245518Z: [    0.000000] ACPI: INT_SRC_OVR (bus 0 bus_irq 0 global_irq 2 dfl dfl)
[STDOUT  ] 2017-11-06T18:07:21.981573381Z: [    0.000000] ACPI: INT_SRC_OVR (bus 0 bus_irq 5 global_irq 5 high level)
[STDOUT  ] 2017-11-06T18:07:21.981676858Z: [    0.000000] ACPI: INT_SRC_OVR (bus 0 bus_irq 9 global_irq 9 high level)
[STDOUT  ] 2017-11-06T18:07:21.982081371Z: [    0.000000] ACPI: INT_SRC_OVR (bus 0 bus_irq 10 global_irq 10 high level)
[STDOUT  ] 2017-11-06T18:07:21.98225134Z: [    0.000000] ACPI: INT_SRC_OVR (bus 0 bus_irq 11 global_irq 11 high level)
[STDOUT  ] 2017-11-06T18:07:21.982505386Z: [    0.000000] Using ACPI (MADT) for SMP configuration information
[STDOUT  ] 2017-11-06T18:07:21.98273897Z: [    0.000000] ACPI: HPET id: 0x8086a201 base: 0xfed00000
[STDOUT  ] 2017-11-06T18:07:21.98288731Z: [    0.000000] smpboot: Allowing 1 CPUs, 0 hotplug CPUs
[STDOUT  ] 2017-11-06T18:07:21.983154764Z: [    0.000000] e820: [mem 0x40000000-0xafffffff] available for PCI devices
[STDOUT  ] 2017-11-06T18:07:21.983482747Z: [    0.000000] Booting paravirtualized kernel on bare hardware
[STDOUT  ] 2017-11-06T18:07:21.983763168Z: [    0.000000] clocksource: refined-jiffies: mask: 0xffffffff max_cycles: 0xffffffff, max_idle_ns: 19112604462750000 ns
[STDOUT  ] 2017-11-06T18:07:21.984004761Z: [    0.000000] setup_percpu: NR_CPUS:128 nr_cpumask_bits:128 nr_cpu_ids:1 nr_node_ids:1
[STDOUT  ] 2017-11-06T18:07:21.984309943Z: [    0.000000] percpu: Embedded 35 pages/cpu @ffff9316be000000 s105112 r8192 d30056 u2097152
[STDOUT  ] 2017-11-06T18:07:21.984635798Z: [    0.000000] Built 1 zonelists in Zone order, mobility grouping on.  Total pages: 257895
[STDOUT  ] 2017-11-06T18:07:21.984729318Z: [    0.000000] Kernel command line: console=ttyS0
[STDOUT  ] 2017-11-06T18:07:21.984962064Z: [    0.000000] PID hash table entries: 4096 (order: 3, 32768 bytes)
[STDOUT  ] 2017-11-06T18:07:21.985352791Z: [    0.000000] Dentry cache hash table entries: 131072 (order: 8, 1048576 bytes)
[STDOUT  ] 2017-11-06T18:07:21.985545995Z: [    0.000000] Inode-cache hash table entries: 65536 (order: 7, 524288 bytes)
[STDOUT  ] 2017-11-06T18:07:21.986121967Z: [    0.000000] Memory: 985132K/1048048K available (8053K kernel code, 1367K rwdata, 2704K rodata, 1380K init, 568K bss, 62916K reserved, 0K cma-reserved)
[STDOUT  ] 2017-11-06T18:07:21.986245196Z: [    0.000000] Hierarchical RCU implementation.
[STDOUT  ] 2017-11-06T18:07:21.986427395Z: [    0.000000] 	Build-time adjustment of leaf fanout to 64.
[STDOUT  ] 2017-11-06T18:07:21.98671962Z: [    0.000000] 	RCU restricting CPUs from NR_CPUS=128 to nr_cpu_ids=1.
[STDOUT  ] 2017-11-06T18:07:21.986973946Z: [    0.000000] RCU: Adjusting geometry for rcu_fanout_leaf=64, nr_cpu_ids=1
[STDOUT  ] 2017-11-06T18:07:21.987119238Z: [    0.000000] NR_IRQS:8448 nr_irqs:256 16
[STDOUT  ] 2017-11-06T18:07:21.98735881Z: [    0.000000] Console: colour VGA+ 80x25
[STDOUT  ] 2017-11-06T18:07:21.987621821Z: [    0.000000] console [ttyS0] enabled
[STDOUT  ] 2017-11-06T18:07:21.99107064Z: [    0.000000] clocksource: hpet: mask: 0xffffffff max_cycles: 0xffffffff, max_idle_ns: 19112604467 ns
[STDOUT  ] 2017-11-06T18:07:22.028811013Z: [    0.000000] tsc: Fast TSC calibration using PIT
[STDOUT  ] 2017-11-06T18:07:22.029825842Z: [    0.000000] tsc: Detected 2599.987 MHz processor
[STDOUT  ] 2017-11-06T18:07:22.033947874Z: [    0.030305] Calibrating delay loop (skipped), value calculated using timer frequency.. 5199.97 BogoMIPS (lpj=25999870)
[STDOUT  ] 2017-11-06T18:07:22.034497037Z: [    0.031592] pid_max: default: 32768 minimum: 301
[STDOUT  ] 2017-11-06T18:07:22.035519291Z: [    0.032769] ACPI: Core revision 20160831
[STDOUT  ] 2017-11-06T18:07:22.078457406Z: [    0.075417] ACPI: 1 ACPI AML tables successfully acquired and loaded
[STDOUT  ] 2017-11-06T18:07:22.083122839Z: [    0.080479] Security Framework initialized
[STDOUT  ] 2017-11-06T18:07:22.08363432Z: [    0.080949] Yama: becoming mindful.
[STDOUT  ] 2017-11-06T18:07:22.086046386Z: [    0.083063] Mount-cache hash table entries: 2048 (order: 2, 16384 bytes)
[STDOUT  ] 2017-11-06T18:07:22.086624245Z: [    0.083644] Mountpoint-cache hash table entries: 2048 (order: 2, 16384 bytes)
[STDOUT  ] 2017-11-06T18:07:22.105615768Z: [    0.102675] Last level iTLB entries: 4KB 0, 2MB 0, 4MB 0
[STDOUT  ] 2017-11-06T18:07:22.106172842Z: [    0.103175] Last level dTLB entries: 4KB 0, 2MB 0, 4MB 0, 1GB 0
[STDOUT  ] 2017-11-06T18:07:22.406931554Z: [    0.404096] Freeing SMP alternatives memory: 20K
[STDOUT  ] 2017-11-06T18:07:22.417820162Z: [    0.414812] ftrace: allocating 35584 entries in 140 pages
[STDOUT  ] 2017-11-06T18:07:22.708735322Z: [    0.575820] smpboot: Max logical packages: 1
[STDOUT  ] 2017-11-06T18:07:22.717004226Z: [    0.583633] ..TIMER: vector=0x30 apic1=0 pin1=2 apic2=-1 pin2=-1
[STDOUT  ] 2017-11-06T18:07:22.934081708Z: [    0.690000] smpboot: CPU0: AMD QEMU Virtual CPU version 2.5+ (family: 0x6, model: 0x6, stepping: 0x3)
[STDOUT  ] 2017-11-06T18:07:22.935852176Z: [    0.690000] Performance Events: PMU not available due to virtualization, using software events only.
[STDOUT  ] 2017-11-06T18:07:22.952776869Z: [    0.698965] NMI watchdog: disabled (cpu0): hardware events not enabled
[STDOUT  ] 2017-11-06T18:07:22.953234906Z: [    0.699457] NMI watchdog: Shutting down hard lockup detector on all cpus
[STDOUT  ] 2017-11-06T18:07:22.957299143Z: [    0.703557] x86: Booted up 1 node, 1 CPUs
[STDOUT  ] 2017-11-06T18:07:22.95777503Z: [    0.703993] smpboot: Total of 1 processors activated (5199.97 BogoMIPS)
[STDOUT  ] 2017-11-06T18:07:22.971831494Z: [    0.718109] devtmpfs: initialized
[STDOUT  ] 2017-11-06T18:07:22.978504034Z: [    0.725208] x86/mm: Memory block size: 128MB
[STDOUT  ] 2017-11-06T18:07:23.041922752Z: [    0.788174] clocksource: jiffies: mask: 0xffffffff max_cycles: 0xffffffff, max_idle_ns: 19112604462750000 ns
[STDOUT  ] 2017-11-06T18:07:23.042522019Z: [    0.789160] futex hash table entries: 256 (order: 2, 16384 bytes)
[STDOUT  ] 2017-11-06T18:07:23.053286935Z: [    0.799770] NET: Registered protocol family 16
[STDOUT  ] 2017-11-06T18:07:23.062574578Z: [    0.808946] cpuidle: using governor ladder
[STDOUT  ] 2017-11-06T18:07:23.062907073Z: [    0.809432] cpuidle: using governor menu
[STDOUT  ] 2017-11-06T18:07:23.064301377Z: [    0.810794] ACPI: bus type PCI registered
[STDOUT  ] 2017-11-06T18:07:23.067754022Z: [    0.813659] PCI: MMCONFIG for domain 0000 [bus 00-ff] at [mem 0xb0000000-0xbfffffff] (base 0xb0000000)
[STDOUT  ] 2017-11-06T18:07:23.068483953Z: [    0.814772] PCI: MMCONFIG at [mem 0xb0000000-0xbfffffff] reserved in E820
[STDOUT  ] 2017-11-06T18:07:23.069585436Z: [    0.816245] PCI: Using configuration type 1 for base access
[STDOUT  ] 2017-11-06T18:07:23.125764689Z: [    0.872087] HugeTLB registered 2 MB page size, pre-allocated 0 pages
[STDOUT  ] 2017-11-06T18:07:23.138495666Z: [    0.884982] ACPI: Added _OSI(Module Device)
[STDOUT  ] 2017-11-06T18:07:23.13880398Z: [    0.885335] ACPI: Added _OSI(Processor Device)
[STDOUT  ] 2017-11-06T18:07:23.139162887Z: [    0.885769] ACPI: Added _OSI(3.0 _SCP Extensions)
[STDOUT  ] 2017-11-06T18:07:23.139539507Z: [    0.886110] ACPI: Added _OSI(Processor Aggregator Device)
[STDOUT  ] 2017-11-06T18:07:23.211928026Z: [    0.958511] ACPI: Interpreter enabled
[STDOUT  ] 2017-11-06T18:07:23.213209474Z: [    0.959553] ACPI: (supports S0 S5)
[STDOUT  ] 2017-11-06T18:07:23.214009881Z: [    0.960206] ACPI: Using IOAPIC for interrupt routing
[STDOUT  ] 2017-11-06T18:07:23.216960111Z: [    0.963075] PCI: Using host bridge windows from ACPI; if necessary, use "pci=nocrs" and report a bug
[STDOUT  ] 2017-11-06T18:07:23.280117245Z: [    1.026563] ACPI: PCI Root Bridge [PCI0] (domain 0000 [bus 00-ff])
[STDOUT  ] 2017-11-06T18:07:23.281250304Z: [    1.027787] acpi PNP0A08:00: _OSC: OS supports [ExtendedConfig ASPM ClockPM Segments MSI]
[STDOUT  ] 2017-11-06T18:07:23.288562518Z: [    1.035075] acpi PNP0A08:00: _OSC: OS now controls [PCIeHotplug PME PCIeCapability]
[STDOUT  ] 2017-11-06T18:07:23.29223288Z: [    1.038847] PCI host bridge to bus 0000:00
[STDOUT  ] 2017-11-06T18:07:23.292783069Z: [    1.039379] pci_bus 0000:00: root bus resource [io  0x0000-0x0cf7 window]
[STDOUT  ] 2017-11-06T18:07:23.293469548Z: [    1.039865] pci_bus 0000:00: root bus resource [io  0x0d00-0xffff window]
[STDOUT  ] 2017-11-06T18:07:23.294042779Z: [    1.040113] pci_bus 0000:00: root bus resource [mem 0x000a0000-0x000bffff window]
[STDOUT  ] 2017-11-06T18:07:23.294543677Z: [    1.040633] pci_bus 0000:00: root bus resource [mem 0xc0000000-0xfebfffff window]
[STDOUT  ] 2017-11-06T18:07:23.295153391Z: [    1.041368] pci_bus 0000:00: root bus resource [bus 00-ff]
[STDOUT  ] 2017-11-06T18:07:23.400553188Z: [    1.145404] pci 0000:00:1f.0: quirk: [io  0x0600-0x067f] claimed by ICH6 ACPI/GPIO/TCO
[STDOUT  ] 2017-11-06T18:07:23.462484763Z: [    1.208126] ACPI: PCI Interrupt Link [LNKA] (IRQs 5 *10 11)
[STDOUT  ] 2017-11-06T18:07:23.465392492Z: [    1.211898] ACPI: PCI Interrupt Link [LNKB] (IRQs 5 *10 11)
[STDOUT  ] 2017-11-06T18:07:23.467666164Z: [    1.214216] ACPI: PCI Interrupt Link [LNKC] (IRQs 5 10 *11)
[STDOUT  ] 2017-11-06T18:07:23.46955632Z: [    1.216065] ACPI: PCI Interrupt Link [LNKD] (IRQs 5 10 *11)
[STDOUT  ] 2017-11-06T18:07:23.471432947Z: [    1.217968] ACPI: PCI Interrupt Link [LNKE] (IRQs 5 *10 11)
[STDOUT  ] 2017-11-06T18:07:23.473515821Z: [    1.220114] ACPI: PCI Interrupt Link [LNKF] (IRQs 5 *10 11)
[STDOUT  ] 2017-11-06T18:07:23.475398027Z: [    1.221983] ACPI: PCI Interrupt Link [LNKG] (IRQs 5 10 *11)
[STDOUT  ] 2017-11-06T18:07:23.4774462Z: [    1.223856] ACPI: PCI Interrupt Link [LNKH] (IRQs 5 10 *11)
[STDOUT  ] 2017-11-06T18:07:23.478259798Z: [    1.225000] ACPI: PCI Interrupt Link [GSIA] (IRQs *16)
[STDOUT  ] 2017-11-06T18:07:23.479141529Z: [    1.225751] ACPI: PCI Interrupt Link [GSIB] (IRQs *17)
[STDOUT  ] 2017-11-06T18:07:23.479922844Z: [    1.226559] ACPI: PCI Interrupt Link [GSIC] (IRQs *18)
[STDOUT  ] 2017-11-06T18:07:23.480688763Z: [    1.227442] ACPI: PCI Interrupt Link [GSID] (IRQs *19)
[STDOUT  ] 2017-11-06T18:07:23.48154572Z: [    1.228157] ACPI: PCI Interrupt Link [GSIE] (IRQs *20)
[STDOUT  ] 2017-11-06T18:07:23.48234303Z: [    1.228962] ACPI: PCI Interrupt Link [GSIF] (IRQs *21)
[STDOUT  ] 2017-11-06T18:07:23.483457794Z: [    1.229770] ACPI: PCI Interrupt Link [GSIG] (IRQs *22)
[STDOUT  ] 2017-11-06T18:07:23.484333672Z: [    1.230636] ACPI: PCI Interrupt Link [GSIH] (IRQs *23)
[STDOUT  ] 2017-11-06T18:07:23.488142637Z: [    1.234441] ACPI: Enabled 2 GPEs in block 00 to 3F
[STDOUT  ] 2017-11-06T18:07:23.492344207Z: [    1.238887] SCSI subsystem initialized
[STDOUT  ] 2017-11-06T18:07:23.494432115Z: [    1.241262] ACPI: bus type USB registered
[STDOUT  ] 2017-11-06T18:07:23.49575253Z: [    1.242450] usbcore: registered new interface driver usbfs
[STDOUT  ] 2017-11-06T18:07:23.496733199Z: [    1.243440] usbcore: registered new interface driver hub
[STDOUT  ] 2017-11-06T18:07:23.497594461Z: [    1.244369] usbcore: registered new device driver usb
[STDOUT  ] 2017-11-06T18:07:23.498990805Z: [    1.245704] pps_core: LinuxPPS API ver. 1 registered
[STDOUT  ] 2017-11-06T18:07:23.499487596Z: [    1.246035] pps_core: Software ver. 5.3.6 - Copyright 2005-2007 Rodolfo Giometti <giometti@linux.it>
[STDOUT  ] 2017-11-06T18:07:23.50015373Z: [    1.246866] PTP clock support registered
[STDOUT  ] 2017-11-06T18:07:23.501349823Z: [    1.248164] wmi: Mapper loaded
[STDOUT  ] 2017-11-06T18:07:23.502721936Z: [    1.249382] PCI: Using ACPI for IRQ routing
[STDOUT  ] 2017-11-06T18:07:23.521333137Z: [    1.268170] NetLabel: Initializing
[STDOUT  ] 2017-11-06T18:07:23.521702027Z: [    1.268353] NetLabel:  domain hash size = 128
[STDOUT  ] 2017-11-06T18:07:23.522241707Z: [    1.268811] NetLabel:  protocols = UNLABELED CIPSOv4
[STDOUT  ] 2017-11-06T18:07:23.525344901Z: [    1.271918] NetLabel:  unlabeled traffic allowed by default
[STDOUT  ] 2017-11-06T18:07:23.526550992Z: [    1.273104] HPET: 3 timers in total, 0 timers will be used for per-cpu timer
[STDOUT  ] 2017-11-06T18:07:23.527505239Z: [    1.274023] hpet0: at MMIO 0xfed00000, IRQs 2, 8, 0
[STDOUT  ] 2017-11-06T18:07:23.528005143Z: [    1.274663] hpet0: 3 comparators, 64-bit 100.000000 MHz counter
[STDOUT  ] 2017-11-06T18:07:23.535346856Z: [    1.281587] clocksource: Switched to clocksource hpet
[STDOUT  ] 2017-11-06T18:07:23.799415534Z: [    1.544231] VFS: Disk quotas dquot_6.6.0
[STDOUT  ] 2017-11-06T18:07:23.800254693Z: [    1.545053] VFS: Dquot-cache hash table entries: 512 (order 0, 4096 bytes)
[STDOUT  ] 2017-11-06T18:07:23.803974028Z: [    1.548994] FS-Cache: Loaded
[STDOUT  ] 2017-11-06T18:07:23.809213121Z: [    1.554137] CacheFiles: Loaded
[STDOUT  ] 2017-11-06T18:07:23.810866938Z: [    1.555859] pnp: PnP ACPI init
[STDOUT  ] 2017-11-06T18:07:23.824077402Z: [    1.569047] pnp: PnP ACPI: found 5 devices
[STDOUT  ] 2017-11-06T18:07:23.87395582Z: [    1.618590] clocksource: acpi_pm: mask: 0xffffff max_cycles: 0xffffff, max_idle_ns: 2085701024 ns
[STDOUT  ] 2017-11-06T18:07:23.878316758Z: [    1.623199] NET: Registered protocol family 2
[STDOUT  ] 2017-11-06T18:07:23.886158053Z: [    1.630801] TCP established hash table entries: 8192 (order: 4, 65536 bytes)
[STDOUT  ] 2017-11-06T18:07:23.886942424Z: [    1.631696] TCP bind hash table entries: 8192 (order: 5, 131072 bytes)
[STDOUT  ] 2017-11-06T18:07:23.887691898Z: [    1.632457] TCP: Hash tables configured (established 8192 bind 8192)
[STDOUT  ] 2017-11-06T18:07:23.889496701Z: [    1.634384] UDP hash table entries: 512 (order: 2, 16384 bytes)
[STDOUT  ] 2017-11-06T18:07:23.890267747Z: [    1.635004] UDP-Lite hash table entries: 512 (order: 2, 16384 bytes)
[STDOUT  ] 2017-11-06T18:07:23.89241162Z: [    1.637446] NET: Registered protocol family 1
[STDOUT  ] 2017-11-06T18:07:23.893636549Z: [    1.638387] pci 0000:00:01.0: Video device with shadowed ROM at [mem 0x000c0000-0x000dffff]
[STDOUT  ] 2017-11-06T18:07:23.900539976Z: [    1.645539] Unpacking initramfs...
[STDOUT  ] 2017-11-06T18:07:27.587854457Z: [    5.332714] Freeing initrd memory: 29036K
[STDOUT  ] 2017-11-06T18:07:27.612402955Z: [    5.357293] PCLMULQDQ-NI instructions are not detected.
[STDOUT  ] 2017-11-06T18:07:27.613854136Z: [    5.358646] AVX or AES-NI instructions are not detected.
[STDOUT  ] 2017-11-06T18:07:27.614450468Z: [    5.359155] CPU feature 'AVX registers' is not supported.
[STDOUT  ] 2017-11-06T18:07:27.614847065Z: [    5.359631] CPU feature 'AVX registers' is not supported.
[STDOUT  ] 2017-11-06T18:07:27.615641654Z: [    5.360403] CPU feature 'AVX registers' is not supported.
[STDOUT  ] 2017-11-06T18:07:27.615978646Z: [    5.360825] CPU feature 'AVX registers' is not supported.
[STDOUT  ] 2017-11-06T18:07:27.616512055Z: [    5.361249] AVX2 or AES-NI instructions are not detected.
[STDOUT  ] 2017-11-06T18:07:27.616808231Z: [    5.361692] AVX2 instructions are not detected.
[STDOUT  ] 2017-11-06T18:07:27.62250532Z: [    5.367187] audit: initializing netlink subsys (disabled)
[STDOUT  ] 2017-11-06T18:07:27.624008791Z: [    5.368909] audit: type=2000 audit(1509991646.360:1): initialized
[STDOUT  ] 2017-11-06T18:07:27.634561334Z: [    5.379260] workingset: timestamp_bits=46 max_order=18 bucket_order=0
[STDOUT  ] 2017-11-06T18:07:27.639489428Z: [    5.384324] squashfs: version 4.0 (2009/01/31) Phillip Lougher
[STDOUT  ] 2017-11-06T18:07:27.641852426Z: [    5.386699] FS-Cache: Netfs 'cifs' registered for caching
[STDOUT  ] 2017-11-06T18:07:27.643275338Z: [    5.388135] fuse init (API version 7.26)
[STDOUT  ] 2017-11-06T18:07:27.646490128Z: [    5.391255] SGI XFS with ACLs, security attributes, no debug enabled
[STDOUT  ] 2017-11-06T18:07:27.65039533Z: [    5.395209] 9p: Installing v9fs 9p2000 file system support
[STDOUT  ] 2017-11-06T18:07:27.650916384Z: [    5.395795] FS-Cache: Netfs '9p' registered for caching
[STDOUT  ] 2017-11-06T18:07:27.682716313Z: [    5.427563] NET: Registered protocol family 38
[STDOUT  ] 2017-11-06T18:07:27.683354283Z: [    5.428193] Key type asymmetric registered
[STDOUT  ] 2017-11-06T18:07:27.68377137Z: [    5.428611] Asymmetric key parser 'x509' registered
[STDOUT  ] 2017-11-06T18:07:27.686071765Z: [    5.429741] Block layer SCSI generic (bsg) driver version 0.4 loaded (major 251)
[STDOUT  ] 2017-11-06T18:07:27.689239441Z: [    5.434153] io scheduler noop registered
[STDOUT  ] 2017-11-06T18:07:27.689890881Z: [    5.434655] io scheduler deadline registered (default)
[STDOUT  ] 2017-11-06T18:07:27.690975512Z: [    5.435843] io scheduler cfq registered
[STDOUT  ] 2017-11-06T18:07:27.693739902Z: [    5.438583] pci_hotplug: PCI Hot Plug PCI Core version: 0.5
[STDOUT  ] 2017-11-06T18:07:27.694490354Z: [    5.439233] pciehp: PCI Express Hot Plug Controller Driver version: 0.4
[STDOUT  ] 2017-11-06T18:07:27.696381961Z: [    5.441092] shpchp: Standard Hot Plug PCI Controller Driver version: 0.4
[STDOUT  ] 2017-11-06T18:07:27.697171046Z: [    5.442043] hv_vmbus: registering driver hyperv_fb
[STDOUT  ] 2017-11-06T18:07:27.700400388Z: [    5.445237] input: Power Button as /devices/LNXSYSTM:00/LNXPWRBN:00/input/input0
[STDOUT  ] 2017-11-06T18:07:27.701470946Z: [    5.446315] ACPI: Power Button [PWRF]
[STDOUT  ] 2017-11-06T18:07:27.706496663Z: [    5.451505] GHES: HEST is not enabled!
[STDOUT  ] 2017-11-06T18:07:27.71778129Z: [    5.462578] ACPI: PCI Interrupt Link [GSIG] enabled at IRQ 22
[STDOUT  ] 2017-11-06T18:07:27.730778271Z: [    5.475321] ACPI: PCI Interrupt Link [GSIH] enabled at IRQ 23
[STDOUT  ] 2017-11-06T18:07:27.735339759Z: [    5.479926] xenfs: not registering filesystem on non-xen platform
[STDOUT  ] 2017-11-06T18:07:27.737736247Z: [    5.482621] Serial: 8250/16550 driver, 4 ports, IRQ sharing disabled
[STDOUT  ] 2017-11-06T18:07:27.763011862Z: [    5.507600] 00:04: ttyS0 at I/O 0x3f8 (irq = 4, base_baud = 115200) is a 16550A
[STDOUT  ] 2017-11-06T18:07:27.775194065Z: [    5.519846] Non-volatile memory driver v1.3
[STDOUT  ] 2017-11-06T18:07:27.781577975Z: [    5.526219] Hangcheck: starting hangcheck timer 0.9.1 (tick is 180 seconds, margin is 60 seconds).
[STDOUT  ] 2017-11-06T18:07:27.819134253Z: [    5.563953] loop: module loaded
[STDOUT  ] 2017-11-06T18:07:27.835590638Z: [    5.580410] nbd: registered device at major 43
[STDOUT  ] 2017-11-06T18:07:27.878696143Z: [    5.623359] lpc_ich 0000:00:1f.0: I/O space for GPIO uninitialized
[STDOUT  ] 2017-11-06T18:07:27.881037831Z: [    5.625779] VMware PVSCSI driver - version 1.0.7.0-k
[STDOUT  ] 2017-11-06T18:07:27.882061854Z: [    5.626778] hv_vmbus: registering driver hv_storvsc
[STDOUT  ] 2017-11-06T18:07:27.892803643Z: [    5.637557] ACPI: PCI Interrupt Link [GSIA] enabled at IRQ 16
[STDOUT  ] 2017-11-06T18:07:27.9011622Z: [    5.645632] ahci 0000:00:1f.2: AHCI 0001.0000 32 slots 6 ports 1.5 Gbps 0x3f impl SATA mode
[STDOUT  ] 2017-11-06T18:07:27.901695405Z: [    5.646394] ahci 0000:00:1f.2: flags: 64bit ncq only 
[STDOUT  ] 2017-11-06T18:07:27.922191883Z: [    5.667154] scsi host0: ahci
[STDOUT  ] 2017-11-06T18:07:27.927620815Z: [    5.672568] scsi host1: ahci
[STDOUT  ] 2017-11-06T18:07:27.930908904Z: [    5.675950] scsi host2: ahci
[STDOUT  ] 2017-11-06T18:07:27.933600335Z: [    5.678620] scsi host3: ahci
[STDOUT  ] 2017-11-06T18:07:27.9361789Z: [    5.681133] scsi host4: ahci
[STDOUT  ] 2017-11-06T18:07:27.938436213Z: [    5.683429] scsi host5: ahci
[STDOUT  ] 2017-11-06T18:07:27.940610799Z: [    5.685263] ata1: SATA max UDMA/133 abar m4096@0xfebd2000 port 0xfebd2100 irq 24
[STDOUT  ] 2017-11-06T18:07:27.941125588Z: [    5.685813] ata2: SATA max UDMA/133 abar m4096@0xfebd2000 port 0xfebd2180 irq 24
[STDOUT  ] 2017-11-06T18:07:27.941690303Z: [    5.686303] ata3: SATA max UDMA/133 abar m4096@0xfebd2000 port 0xfebd2200 irq 24
[STDOUT  ] 2017-11-06T18:07:27.942157673Z: [    5.686869] ata4: SATA max UDMA/133 abar m4096@0xfebd2000 port 0xfebd2280 irq 24
[STDOUT  ] 2017-11-06T18:07:27.942652831Z: [    5.687352] ata5: SATA max UDMA/133 abar m4096@0xfebd2000 port 0xfebd2300 irq 24
[STDOUT  ] 2017-11-06T18:07:27.94317083Z: [    5.687844] ata6: SATA max UDMA/133 abar m4096@0xfebd2000 port 0xfebd2380 irq 24
[STDOUT  ] 2017-11-06T18:07:27.956844372Z: [    5.701670] tun: Universal TUN/TAP device driver, 1.6
[STDOUT  ] 2017-11-06T18:07:27.957291066Z: [    5.702042] tun: (C) 1999-2004 Max Krasnyansky <maxk@qualcomm.com>
[STDOUT  ] 2017-11-06T18:07:27.96803842Z: [    5.712829] VMware vmxnet3 virtual NIC driver - version 1.4.a.0-k-NAPI
[STDOUT  ] 2017-11-06T18:07:27.968893545Z: [    5.713758] hv_vmbus: registering driver hv_netvsc
[STDOUT  ] 2017-11-06T18:07:27.969271204Z: [    5.714109] Fusion MPT base driver 3.04.20
[STDOUT  ] 2017-11-06T18:07:27.969569897Z: [    5.714478] Copyright (c) 1999-2008 LSI Corporation
[STDOUT  ] 2017-11-06T18:07:27.970254454Z: [    5.715152] Fusion MPT SPI Host driver 3.04.20
[STDOUT  ] 2017-11-06T18:07:27.972626268Z: [    5.717208] i8042: PNP: PS/2 Controller [PNP0303:KBD,PNP0f13:MOU] at 0x60,0x64 irq 1,12
[STDOUT  ] 2017-11-06T18:07:27.976877085Z: [    5.721681] serio: i8042 KBD port at 0x60,0x64 irq 1
[STDOUT  ] 2017-11-06T18:07:27.977434536Z: [    5.722370] serio: i8042 AUX port at 0x60,0x64 irq 12
[STDOUT  ] 2017-11-06T18:07:27.980572071Z: [    5.725420] hv_vmbus: registering driver hyperv_keyboard
[STDOUT  ] 2017-11-06T18:07:27.982719072Z: [    5.727602] mousedev: PS/2 mouse device common for all mice
[STDOUT  ] 2017-11-06T18:07:27.988095529Z: [    5.732789] input: AT Translated Set 2 keyboard as /devices/platform/i8042/serio0/input/input1
[STDOUT  ] 2017-11-06T18:07:27.990927821Z: [    5.735654] input: PC Speaker as /devices/platform/pcspkr/input/input2
[STDOUT  ] 2017-11-06T18:07:27.994399228Z: [    5.739219] rtc_cmos 00:00: RTC can wake from S4
[STDOUT  ] 2017-11-06T18:07:27.998163726Z: [    5.742886] rtc_cmos 00:00: rtc core: registered rtc_cmos as rtc0
[STDOUT  ] 2017-11-06T18:07:27.999520382Z: [    5.744268] rtc_cmos 00:00: alarms up to one day, y3k, 114 bytes nvram, hpet irqs
[STDOUT  ] 2017-11-06T18:07:27.999988483Z: [    5.745037] i2c /dev entries driver
[STDOUT  ] 2017-11-06T18:07:28.002275119Z: [    5.746961] device-mapper: ioctl: 4.35.0-ioctl (2016-06-23) initialised: dm-devel@redhat.com
[STDOUT  ] 2017-11-06T18:07:28.007189331Z: [    5.751963] usbcore: registered new interface driver usbhid
[STDOUT  ] 2017-11-06T18:07:28.007372086Z: [    5.752368] usbhid: USB HID core driver
[STDOUT  ] 2017-11-06T18:07:28.008152966Z: [    5.753010] hv_utils: Registering HyperV Utility Driver
[STDOUT  ] 2017-11-06T18:07:28.008460752Z: [    5.753336] hv_vmbus: registering driver hv_util
[STDOUT  ] 2017-11-06T18:07:28.008750967Z: [    5.753651] hv_vmbus: registering driver hv_balloon
[STDOUT  ] 2017-11-06T18:07:28.009241415Z: [    5.754270] oprofile: using NMI interrupt.
[STDOUT  ] 2017-11-06T18:07:28.010391285Z: [    5.755410] GACT probability on
[STDOUT  ] 2017-11-06T18:07:28.010853886Z: [    5.755914] Mirror/redirect action on
[STDOUT  ] 2017-11-06T18:07:28.011754992Z: [    5.756815] Simple TC action Loaded
[STDOUT  ] 2017-11-06T18:07:28.012376966Z: [    5.757423] u32 classifier
[STDOUT  ] 2017-11-06T18:07:28.012715187Z: [    5.757603]     Performance counters on
[STDOUT  ] 2017-11-06T18:07:28.012882658Z: [    5.757908]     input device check on
[STDOUT  ] 2017-11-06T18:07:28.013190878Z: [    5.758156]     Actions configured
[STDOUT  ] 2017-11-06T18:07:28.014742532Z: [    5.758777] Netfilter messages via NETLINK v0.30.
[STDOUT  ] 2017-11-06T18:07:28.015974869Z: [    5.760939] nfnl_acct: registering with nfnetlink.
[STDOUT  ] 2017-11-06T18:07:28.01766731Z: [    5.762337] nf_conntrack version 0.5.0 (8192 buckets, 32768 max)
[STDOUT  ] 2017-11-06T18:07:28.020655373Z: [    5.765521] ctnetlink v0.93: registering with nfnetlink.
[STDOUT  ] 2017-11-06T18:07:28.023803077Z: [    5.768650] nf_tables: (c) 2007-2009 Patrick McHardy <kaber@trash.net>
[STDOUT  ] 2017-11-06T18:07:28.024759338Z: [    5.769536] nf_tables_compat: (c) 2012 Pablo Neira Ayuso <pablo@netfilter.org>
[STDOUT  ] 2017-11-06T18:07:28.027488053Z: [    5.772370] xt_time: kernel timezone is -0000
[STDOUT  ] 2017-11-06T18:07:28.027949943Z: [    5.773014] ip_set: protocol 6
[STDOUT  ] 2017-11-06T18:07:28.028824731Z: [    5.773697] IPVS: Registered protocols (TCP, UDP, SCTP, AH, ESP)
[STDOUT  ] 2017-11-06T18:07:28.029640288Z: [    5.774373] IPVS: Connection hash table configured (size=4096, memory=64Kbytes)
[STDOUT  ] 2017-11-06T18:07:28.031396264Z: [    5.776276] IPVS: Creating netns size=2104 id=0
[STDOUT  ] 2017-11-06T18:07:28.033987595Z: [    5.778993] IPVS: ipvs loaded.
[STDOUT  ] 2017-11-06T18:07:28.03456748Z: [    5.779408] IPVS: [rr] scheduler registered.
[STDOUT  ] 2017-11-06T18:07:28.035026302Z: [    5.779807] IPVS: [wrr] scheduler registered.
[STDOUT  ] 2017-11-06T18:07:28.035964304Z: [    5.780811] IPVS: [lc] scheduler registered.
[STDOUT  ] 2017-11-06T18:07:28.036307946Z: [    5.781145] IPVS: [wlc] scheduler registered.
[STDOUT  ] 2017-11-06T18:07:28.036613221Z: [    5.781509] IPVS: [fo] scheduler registered.
[STDOUT  ] 2017-11-06T18:07:28.036913299Z: [    5.781831] IPVS: [ovf] scheduler registered.
[STDOUT  ] 2017-11-06T18:07:28.037473554Z: [    5.782378] IPVS: [lblc] scheduler registered.
[STDOUT  ] 2017-11-06T18:07:28.038024925Z: [    5.782876] IPVS: [lblcr] scheduler registered.
[STDOUT  ] 2017-11-06T18:07:28.038378098Z: [    5.783263] IPVS: [dh] scheduler registered.
[STDOUT  ] 2017-11-06T18:07:28.038776957Z: [    5.783668] IPVS: [sh] scheduler registered.
[STDOUT  ] 2017-11-06T18:07:28.039102884Z: [    5.784051] IPVS: [sed] scheduler registered.
[STDOUT  ] 2017-11-06T18:07:28.039504846Z: [    5.784385] IPVS: [nq] scheduler registered.
[STDOUT  ] 2017-11-06T18:07:28.040418095Z: [    5.785272] IPVS: ftp: loaded support on port[0] = 21
[STDOUT  ] 2017-11-06T18:07:28.041361013Z: [    5.786248] ipip: IPv4 and MPLS over IPv4 tunneling driver
[STDOUT  ] 2017-11-06T18:07:28.046072616Z: [    5.790954] gre: GRE over IPv4 demultiplexor driver
[STDOUT  ] 2017-11-06T18:07:28.048884871Z: [    5.793741] ip_tables: (C) 2000-2006 Netfilter Core Team
[STDOUT  ] 2017-11-06T18:07:28.052319155Z: [    5.796993] ipt_CLUSTERIP: ClusterIP Version 0.8 loaded successfully
[STDOUT  ] 2017-11-06T18:07:28.053056495Z: [    5.797901] arp_tables: arp_tables: (C) 2002 David S. Miller
[STDOUT  ] 2017-11-06T18:07:28.05593843Z: [    5.800753] NET: Registered protocol family 10
[STDOUT  ] 2017-11-06T18:07:28.065310222Z: [    5.809997] ip6_tables: (C) 2000-2006 Netfilter Core Team
[STDOUT  ] 2017-11-06T18:07:28.074167187Z: [    5.819119] NET: Registered protocol family 17
[STDOUT  ] 2017-11-06T18:07:28.075644245Z: [    5.820668] Bridge firewalling registered
[STDOUT  ] 2017-11-06T18:07:28.076167285Z: [    5.821216] Ebtables v2.0 registered
[STDOUT  ] 2017-11-06T18:07:28.078261598Z: [    5.823146] 8021q: 802.1Q VLAN Support v1.8
[STDOUT  ] 2017-11-06T18:07:28.079659039Z: [    5.824636] 9pnet: Installing 9P2000 support
[STDOUT  ] 2017-11-06T18:07:28.081046939Z: [    5.826084] Key type dns_resolver registered
[STDOUT  ] 2017-11-06T18:07:28.082150576Z: [    5.826976] microcode: AMD CPU family 0x6 not supported
[STDOUT  ] 2017-11-06T18:07:28.086153697Z: [    5.831110] registered taskstats version 1
[STDOUT  ] 2017-11-06T18:07:28.247667059Z: [    5.992563] Key type big_key registered
[STDOUT  ] 2017-11-06T18:07:28.276767686Z: [    6.021575] ata3: SATA link up 1.5 Gbps (SStatus 113 SControl 300)
[STDOUT  ] 2017-11-06T18:07:28.28133578Z: [    6.026158] ata2: SATA link up 1.5 Gbps (SStatus 113 SControl 300)
[STDOUT  ] 2017-11-06T18:07:28.283539845Z: [    6.028352] ata2.00: ATA-7: QEMU HARDDISK, 2.5+, max UDMA/100
[STDOUT  ] 2017-11-06T18:07:28.284056522Z: [    6.028744] ata2.00: 59240 sectors, multi 16: LBA48 NCQ (depth 31/32)
[STDOUT  ] 2017-11-06T18:07:28.284573326Z: [    6.029431] ata2.00: applying bridge limits
[STDOUT  ] 2017-11-06T18:07:28.286400698Z: [    6.031154] ata1: SATA link up 1.5 Gbps (SStatus 113 SControl 300)
[STDOUT  ] 2017-11-06T18:07:28.287199884Z: [    6.031925] ata1.00: ATA-7: QEMU HARDDISK, 2.5+, max UDMA/100
[STDOUT  ] 2017-11-06T18:07:28.287518947Z: [    6.032312] ata1.00: 409600 sectors, multi 16: LBA48 NCQ (depth 31/32)
[STDOUT  ] 2017-11-06T18:07:28.287920079Z: [    6.032795] ata1.00: applying bridge limits
[STDOUT  ] 2017-11-06T18:07:28.289166785Z: [    6.033998] ata1.00: configured for UDMA/100
[STDOUT  ] 2017-11-06T18:07:28.291971059Z: [    6.036824] ata5: SATA link down (SStatus 0 SControl 300)
[STDOUT  ] 2017-11-06T18:07:28.292643778Z: [    6.037530] ata4: SATA link down (SStatus 0 SControl 300)
[STDOUT  ] 2017-11-06T18:07:28.293844981Z: [    6.038701] ata3.00: ATAPI: QEMU DVD-ROM, 2.5+, max UDMA/100
[STDOUT  ] 2017-11-06T18:07:28.294350702Z: [    6.039211] ata3.00: applying bridge limits
[STDOUT  ] 2017-11-06T18:07:28.295513967Z: [    6.040019] ata3.00: configured for UDMA/100
[STDOUT  ] 2017-11-06T18:07:28.296788911Z: [    6.041584] ata6: SATA link down (SStatus 0 SControl 300)
[STDOUT  ] 2017-11-06T18:07:28.309480813Z: [    6.054271] ata2.00: configured for UDMA/100
[STDOUT  ] 2017-11-06T18:07:28.31799996Z: [    6.062501] scsi 0:0:0:0: Direct-Access     ATA      QEMU HARDDISK    2.5+ PQ: 0 ANSI: 5
[STDOUT  ] 2017-11-06T18:07:28.331270121Z: [    6.075886] sd 0:0:0:0: Attached scsi generic sg0 type 0
[STDOUT  ] 2017-11-06T18:07:28.334711172Z: [    6.079410] sd 0:0:0:0: [sda] 409600 512-byte logical blocks: (210 MB/200 MiB)
[STDOUT  ] 2017-11-06T18:07:28.347610722Z: [    6.092226] sd 0:0:0:0: [sda] Write Protect is off
[STDOUT  ] 2017-11-06T18:07:28.349697444Z: [    6.094325] scsi 1:0:0:0: Direct-Access     ATA      QEMU HARDDISK    2.5+ PQ: 0 ANSI: 5
[STDOUT  ] 2017-11-06T18:07:28.353253102Z: [    6.098064] sd 1:0:0:0: [sdb] 59240 512-byte logical blocks: (30.3 MB/28.9 MiB)
[STDOUT  ] 2017-11-06T18:07:28.355321629Z: [    6.099610] sd 0:0:0:0: [sda] Write cache: enabled, read cache: enabled, doesn't support DPO or FUA
[STDOUT  ] 2017-11-06T18:07:28.356963274Z: [    6.101712] sd 1:0:0:0: [sdb] Write Protect is off
[STDOUT  ] 2017-11-06T18:07:28.359061086Z: [    6.103734] sd 1:0:0:0: [sdb] Write cache: enabled, read cache: enabled, doesn't support DPO or FUA
[STDOUT  ] 2017-11-06T18:07:28.360317256Z: [    6.105139] sd 1:0:0:0: Attached scsi generic sg1 type 0
[STDOUT  ] 2017-11-06T18:07:28.370359187Z: [    6.114917] scsi 2:0:0:0: CD-ROM            QEMU     QEMU DVD-ROM     2.5+ PQ: 0 ANSI: 5
[STDOUT  ] 2017-11-06T18:07:28.396484688Z: [    6.141195] sr 2:0:0:0: [sr0] scsi3-mmc drive: 4x/4x cd/rw xa/form2 tray
[STDOUT  ] 2017-11-06T18:07:28.397189373Z: [    6.142077] cdrom: Uniform CD-ROM driver Revision: 3.20
[STDOUT  ] 2017-11-06T18:07:28.420503167Z: [    6.165409] sd 1:0:0:0: [sdb] Attached SCSI disk
[STDOUT  ] 2017-11-06T18:07:28.423616796Z: [    6.168529] sr 2:0:0:0: Attached scsi generic sg2 type 5
[STDOUT  ] 2017-11-06T18:07:28.429669508Z: [    6.174525] sd 0:0:0:0: [sda] Attached SCSI disk
[STDOUT  ] 2017-11-06T18:07:28.471755655Z: [    6.216621] Key type encrypted registered
[STDOUT  ] 2017-11-06T18:07:28.478318328Z: [    6.222985] rtc_cmos 00:00: setting system clock to 2017-11-06 18:07:27 UTC (1509991647)
[STDOUT  ] 2017-11-06T18:07:28.625820031Z: [    6.370723] Freeing unused kernel memory: 1380K
[STDOUT  ] 2017-11-06T18:07:28.626437377Z: [    6.371298] Write protecting the kernel read-only data: 12288k
[STDOUT  ] 2017-11-06T18:07:28.633242505Z: [    6.378004] Freeing unused kernel memory: 124K
[STDOUT  ] 2017-11-06T18:07:28.721038729Z: [    6.465861] Freeing unused kernel memory: 1392K
[STDOUT  ] 2017-11-06T18:07:28.722158439Z: [    6.466833] tsc: Refined TSC clocksource calibration: 2600.000 MHz
[STDOUT  ] 2017-11-06T18:07:28.722923445Z: [    6.467439] clocksource: tsc: mask: 0xffffffffffffffff max_cycles: 0x257a3c3232d, max_idle_ns: 440795236700 ns
[STDOUT  ] 2017-11-06T18:07:29.728632041Z: [    7.473419] clocksource: Switched to clocksource tsc
[STDOUT  ] 2017-11-06T18:07:36.891222921Z: 
[STDOUT  ] 2017-11-06T18:07:36.893625066Z: Welcome to LinuxKit
[STDOUT  ] 2017-11-06T18:07:36.893650667Z: 
[STDOUT  ] 2017-11-06T18:07:36.893661651Z:                         ##         .
[STDOUT  ] 2017-11-06T18:07:36.893687266Z:                   ## ## ##        ==
[STDOUT  ] 2017-11-06T18:07:36.893697847Z:                ## ## ## ## ##    ===
[STDOUT  ] 2017-11-06T18:07:36.893707831Z:            /"""""""""""""""""\___/ ===
[STDOUT  ] 2017-11-06T18:07:36.893718706Z:           {                       /  ===-
[STDOUT  ] 2017-11-06T18:07:36.893740636Z:            \______ O           __/
[STDOUT  ] 2017-11-06T18:07:36.894170828Z:              \    \         __/
[STDOUT  ] 2017-11-06T18:07:36.894747339Z:               \____\_______/
[STDOUT  ] 2017-11-06T18:07:36.895620503Z: 
[STDOUT  ] 2017-11-06T18:07:39.797042152Z: [   17.542030]  sda:
[STDOUT  ] 2017-11-06T18:07:39.857691895Z: [   17.602676]  sda:
[STDOUT  ] 2017-11-06T18:07:39.865136966Z: [   17.609690] random: sfdisk: uninitialized urandom read (4 bytes read)
[STDOUT  ] 2017-11-06T18:07:39.888543093Z: [   17.633569]  sda: sda1
[STDOUT  ] 2017-11-06T18:07:39.956065375Z: [   17.701091]  sda: sda1
[STDOUT  ] 2017-11-06T18:08:02.534498822Z: [   40.278345] random: mkfs.ext4: uninitialized urandom read (16 bytes read)
[STDOUT  ] 2017-11-06T18:08:02.534956186Z: [   40.279633] random: mkfs.ext4: uninitialized urandom read (16 bytes read)
[STDOUT  ] 2017-11-06T18:08:02.810416661Z: [   40.555126] EXT4-fs (sda1): couldn't mount as ext3 due to feature incompatibilities
[STDOUT  ] 2017-11-06T18:08:02.817777879Z: [   40.562420] EXT4-fs (sda1): couldn't mount as ext2 due to feature incompatibilities
[STDOUT  ] 2017-11-06T18:08:02.841874122Z: [   40.586611] EXT4-fs (sda1): mounted filesystem with ordered data mode. Opts: (null)
[STDOUT  ] 2017-11-06T18:08:03.373206409Z: [   41.118058] random: fast init done
[STDOUT  ] 2017-11-06T18:08:04.370546627Z: /mnt is device /dev/sda1
[STDOUT  ] 2017-11-06T18:08:04.412521945Z: [   42.157276] extlinux: sending ioctl 4c05 to a partition!
[STDOUT  ] 2017-11-06T18:08:04.412935645Z: [   42.157823] extlinux: sending ioctl 4c03 to a partition!
[STDOUT  ] 2017-11-06T18:08:05.208610989Z: [   42.953496] umount: sending ioctl 4c01 to a partition!
[STDOUT  ] 2017-11-06T18:08:05.231072616Z: 1+0 records in
[STDOUT  ] 2017-11-06T18:08:05.231446534Z: 1+0 records out
[STDOUT  ] 2017-11-06T18:08:05.266617995Z: The bootable flag on partition 1 is enabled now.
[STDOUT  ] 2017-11-06T18:08:05.268482534Z: 
[STDOUT  ] 2017-11-06T18:08:05.269003818Z: The partition table has been altered.
[STDOUT  ] 2017-11-06T18:08:05.271334863Z: Calling ioctl() to re-read partition table.
[STDOUT  ] 2017-11-06T18:08:05.287687873Z: [   43.032633]  sda: sda1
[STDOUT  ] 2017-11-06T18:08:05.297476573Z: Syncing disks.
[STDOUT  ] 2017-11-06T18:08:36.559057388Z: [   74.304012] sd 1:0:0:0: [sdb] Synchronizing SCSI cache
[STDOUT  ] 2017-11-06T18:08:36.560107078Z: [   74.304946] sd 1:0:0:0: [sdb] Stopping disk
[STDOUT  ] 2017-11-06T18:08:36.560790217Z: [   74.305662] sd 0:0:0:0: [sda] Synchronizing SCSI cache
[STDOUT  ] 2017-11-06T18:08:36.561377547Z: [   74.306246] sd 0:0:0:0: [sda] Stopping disk
[STDOUT  ] 2017-11-06T18:08:36.563682979Z: [   74.308526] ACPI: Preparing to enter system sleep state S5
[STDOUT  ] 2017-11-06T18:08:36.564491165Z: [   74.309546] reboot: Power down
[STDERR  ] 2017-11-06T18:08:36.894141392Z: + linuxkit run qemu disk.qcow2
[STDERR  ] 2017-11-06T18:08:36.911000699Z: Unable to find qemu-system-x86_64 within the $PATH. Using a container
[STDERR  ] 2017-11-06T18:08:36.911135316Z: Using existing disk [disk.qcow2] format 
[STDOUT  ] 2017-11-06T18:08:43.112928961Z: [    0.000000] Linux version 4.9.60-linuxkit (root@82cddbd9179e) (gcc version 6.3.0 (Alpine 6.3.0) ) #1 SMP Thu Nov 2 16:36:48 UTC 2017
[STDOUT  ] 2017-11-06T18:08:43.113174186Z: [    0.000000] Command line: BOOT_IMAGE=/kernel console=ttyS0 initrd=/initrd.img
[STDOUT  ] 2017-11-06T18:08:43.113196314Z: [    0.000000] x86/fpu: Legacy x87 FPU detected.
[STDOUT  ] 2017-11-06T18:08:43.113597101Z: [    0.000000] x86/fpu: Using 'eager' FPU context switches.
[STDOUT  ] 2017-11-06T18:08:43.113619018Z: [    0.000000] e820: BIOS-provided physical RAM map:
[STDOUT  ] 2017-11-06T18:08:43.113898951Z: [    0.000000] BIOS-e820: [mem 0x0000000000000000-0x000000000009fbff] usable
[STDOUT  ] 2017-11-06T18:08:43.114257891Z: [    0.000000] BIOS-e820: [mem 0x000000000009fc00-0x000000000009ffff] reserved
[STDOUT  ] 2017-11-06T18:08:43.114367088Z: [    0.000000] BIOS-e820: [mem 0x00000000000f0000-0x00000000000fffff] reserved
[STDOUT  ] 2017-11-06T18:08:43.114684095Z: [    0.000000] BIOS-e820: [mem 0x0000000000100000-0x000000003ffdefff] usable
[STDOUT  ] 2017-11-06T18:08:43.114920249Z: [    0.000000] BIOS-e820: [mem 0x000000003ffdf000-0x000000003fffffff] reserved
[STDOUT  ] 2017-11-06T18:08:43.115202819Z: [    0.000000] BIOS-e820: [mem 0x00000000b0000000-0x00000000bfffffff] reserved
[STDOUT  ] 2017-11-06T18:08:43.115394008Z: [    0.000000] BIOS-e820: [mem 0x00000000fed1c000-0x00000000fed1ffff] reserved
[STDOUT  ] 2017-11-06T18:08:43.115800266Z: [    0.000000] BIOS-e820: [mem 0x00000000fffc0000-0x00000000ffffffff] reserved
[STDOUT  ] 2017-11-06T18:08:43.115904775Z: [    0.000000] NX (Execute Disable) protection: active
[STDOUT  ] 2017-11-06T18:08:43.116035467Z: [    0.000000] SMBIOS 2.8 present.
[STDOUT  ] 2017-11-06T18:08:43.116281626Z: [    0.000000] e820: last_pfn = 0x3ffdf max_arch_pfn = 0x400000000
[STDOUT  ] 2017-11-06T18:08:43.116589057Z: [    0.000000] x86/PAT: Configuration [0-7]: WB  WC  UC- UC  WB  WC  UC- WT  
[STDOUT  ] 2017-11-06T18:08:43.116840303Z: [    0.000000] found SMP MP-table at [mem 0x000f6aa0-0x000f6aaf] mapped at [ffff93e3400f6aa0]
[STDOUT  ] 2017-11-06T18:08:43.117136724Z: [    0.000000] RAMDISK: [mem 0x3e937000-0x3ffdefff]
[STDOUT  ] 2017-11-06T18:08:43.117249896Z: [    0.000000] ACPI: Early table checksum verification disabled
[STDOUT  ] 2017-11-06T18:08:43.117582548Z: [    0.000000] ACPI: RSDP 0x00000000000F68C0 000014 (v00 BOCHS )
[STDOUT  ] 2017-11-06T18:08:43.117846848Z: [    0.000000] ACPI: RSDT 0x000000003FFE2404 000034 (v01 BOCHS  BXPCRSDT 00000001 BXPC 00000001)
[STDOUT  ] 2017-11-06T18:08:43.118248833Z: [    0.000000] ACPI: FACP 0x000000003FFE22A4 000074 (v01 BOCHS  BXPCFACP 00000001 BXPC 00000001)
[STDOUT  ] 2017-11-06T18:08:43.118538133Z: [    0.000000] ACPI: DSDT 0x000000003FFE0040 002264 (v01 BOCHS  BXPCDSDT 00000001 BXPC 00000001)
[STDOUT  ] 2017-11-06T18:08:43.118689429Z: [    0.000000] ACPI: FACS 0x000000003FFE0000 000040
[STDOUT  ] 2017-11-06T18:08:43.119075771Z: [    0.000000] ACPI: APIC 0x000000003FFE2318 000078 (v01 BOCHS  BXPCAPIC 00000001 BXPC 00000001)
[STDOUT  ] 2017-11-06T18:08:43.119228726Z: [    0.000000] ACPI: HPET 0x000000003FFE2390 000038 (v01 BOCHS  BXPCHPET 00000001 BXPC 00000001)
[STDOUT  ] 2017-11-06T18:08:43.119637728Z: [    0.000000] ACPI: MCFG 0x000000003FFE23C8 00003C (v01 BOCHS  BXPCMCFG 00000001 BXPC 00000001)
[STDOUT  ] 2017-11-06T18:08:43.119738221Z: [    0.000000] Zone ranges:
[STDOUT  ] 2017-11-06T18:08:43.120037435Z: [    0.000000]   DMA      [mem 0x0000000000001000-0x0000000000ffffff]
[STDOUT  ] 2017-11-06T18:08:43.120191962Z: [    0.000000]   DMA32    [mem 0x0000000001000000-0x000000003ffdefff]
[STDOUT  ] 2017-11-06T18:08:43.12033973Z: [    0.000000]   Normal   empty
[STDOUT  ] 2017-11-06T18:08:43.120459389Z: [    0.000000] Movable zone start for each node
[STDOUT  ] 2017-11-06T18:08:43.120607382Z: [    0.000000] Early memory node ranges
[STDOUT  ] 2017-11-06T18:08:43.120908919Z: [    0.000000]   node   0: [mem 0x0000000000001000-0x000000000009efff]
[STDOUT  ] 2017-11-06T18:08:43.121160957Z: [    0.000000]   node   0: [mem 0x0000000000100000-0x000000003ffdefff]
[STDOUT  ] 2017-11-06T18:08:43.12147354Z: [    0.000000] Initmem setup node 0 [mem 0x0000000000001000-0x000000003ffdefff]
[STDOUT  ] 2017-11-06T18:08:43.121595113Z: [    0.000000] ACPI: PM-Timer IO Port: 0x608
[STDOUT  ] 2017-11-06T18:08:43.121759927Z: [    0.000000] ACPI: LAPIC_NMI (acpi_id[0xff] dfl dfl lint[0x1])
[STDOUT  ] 2017-11-06T18:08:43.12204093Z: [    0.000000] IOAPIC[0]: apic_id 0, version 32, address 0xfec00000, GSI 0-23
[STDOUT  ] 2017-11-06T18:08:43.122252649Z: [    0.000000] ACPI: INT_SRC_OVR (bus 0 bus_irq 0 global_irq 2 dfl dfl)
[STDOUT  ] 2017-11-06T18:08:43.122500907Z: [    0.000000] ACPI: INT_SRC_OVR (bus 0 bus_irq 5 global_irq 5 high level)
[STDOUT  ] 2017-11-06T18:08:43.122709127Z: [    0.000000] ACPI: INT_SRC_OVR (bus 0 bus_irq 9 global_irq 9 high level)
[STDOUT  ] 2017-11-06T18:08:43.123029828Z: [    0.000000] ACPI: INT_SRC_OVR (bus 0 bus_irq 10 global_irq 10 high level)
[STDOUT  ] 2017-11-06T18:08:43.123351045Z: [    0.000000] ACPI: INT_SRC_OVR (bus 0 bus_irq 11 global_irq 11 high level)
[STDOUT  ] 2017-11-06T18:08:43.123444533Z: [    0.000000] Using ACPI (MADT) for SMP configuration information
[STDOUT  ] 2017-11-06T18:08:43.12373459Z: [    0.000000] ACPI: HPET id: 0x8086a201 base: 0xfed00000
[STDOUT  ] 2017-11-06T18:08:43.123954179Z: [    0.000000] smpboot: Allowing 1 CPUs, 0 hotplug CPUs
[STDOUT  ] 2017-11-06T18:08:43.124105762Z: [    0.000000] e820: [mem 0x40000000-0xafffffff] available for PCI devices
[STDOUT  ] 2017-11-06T18:08:43.124429527Z: [    0.000000] Booting paravirtualized kernel on bare hardware
[STDOUT  ] 2017-11-06T18:08:43.124745434Z: [    0.000000] clocksource: refined-jiffies: mask: 0xffffffff max_cycles: 0xffffffff, max_idle_ns: 19112604462750000 ns
[STDOUT  ] 2017-11-06T18:08:43.125072396Z: [    0.000000] setup_percpu: NR_CPUS:128 nr_cpumask_bits:128 nr_cpu_ids:1 nr_node_ids:1
[STDOUT  ] 2017-11-06T18:08:43.125317689Z: [    0.000000] percpu: Embedded 35 pages/cpu @ffff93e37e600000 s105112 r8192 d30056 u2097152
[STDOUT  ] 2017-11-06T18:08:43.125708448Z: [    0.000000] Built 1 zonelists in Zone order, mobility grouping on.  Total pages: 257896
[STDOUT  ] 2017-11-06T18:08:43.12595107Z: [    0.000000] Kernel command line: BOOT_IMAGE=/kernel console=ttyS0 initrd=/initrd.img
[STDOUT  ] 2017-11-06T18:08:43.12624822Z: [    0.000000] PID hash table entries: 4096 (order: 3, 32768 bytes)
[STDOUT  ] 2017-11-06T18:08:43.126433523Z: [    0.000000] Dentry cache hash table entries: 131072 (order: 8, 1048576 bytes)
[STDOUT  ] 2017-11-06T18:08:43.126763901Z: [    0.000000] Inode-cache hash table entries: 65536 (order: 7, 524288 bytes)
[STDOUT  ] 2017-11-06T18:08:43.127295701Z: [    0.000000] Memory: 990972K/1048052K available (8053K kernel code, 1367K rwdata, 2704K rodata, 1380K init, 568K bss, 57080K reserved, 0K cma-reserved)
[STDOUT  ] 2017-11-06T18:08:43.127400404Z: [    0.000000] Hierarchical RCU implementation.
[STDOUT  ] 2017-11-06T18:08:43.127649902Z: [    0.000000] 	Build-time adjustment of leaf fanout to 64.
[STDOUT  ] 2017-11-06T18:08:43.127794487Z: [    0.000000] 	RCU restricting CPUs from NR_CPUS=128 to nr_cpu_ids=1.
[STDOUT  ] 2017-11-06T18:08:43.128050042Z: [    0.000000] RCU: Adjusting geometry for rcu_fanout_leaf=64, nr_cpu_ids=1
[STDOUT  ] 2017-11-06T18:08:43.128201927Z: [    0.000000] NR_IRQS:8448 nr_irqs:256 16
[STDOUT  ] 2017-11-06T18:08:43.128488464Z: [    0.000000] Console: colour VGA+ 80x25
[STDOUT  ] 2017-11-06T18:08:43.128762728Z: [    0.000000] console [ttyS0] enabled
[STDOUT  ] 2017-11-06T18:08:43.133870704Z: [    0.000000] clocksource: hpet: mask: 0xffffffff max_cycles: 0xffffffff, max_idle_ns: 19112604467 ns
[STDOUT  ] 2017-11-06T18:08:43.172529762Z: [    0.000000] tsc: Fast TSC calibration using PIT
[STDOUT  ] 2017-11-06T18:08:43.173389224Z: [    0.000000] tsc: Detected 2599.995 MHz processor
[STDOUT  ] 2017-11-06T18:08:43.177390331Z: [    0.032537] Calibrating delay loop (skipped), value calculated using timer frequency.. 5199.99 BogoMIPS (lpj=25999950)
[STDOUT  ] 2017-11-06T18:08:43.178036309Z: [    0.033995] pid_max: default: 32768 minimum: 301
[STDOUT  ] 2017-11-06T18:08:43.179128446Z: [    0.035207] ACPI: Core revision 20160831
[STDOUT  ] 2017-11-06T18:08:43.222908019Z: [    0.077036] ACPI: 1 ACPI AML tables successfully acquired and loaded
[STDOUT  ] 2017-11-06T18:08:43.227724496Z: [    0.082157] Security Framework initialized
[STDOUT  ] 2017-11-06T18:08:43.228126691Z: [    0.082635] Yama: becoming mindful.
[STDOUT  ] 2017-11-06T18:08:43.231748841Z: [    0.085774] Mount-cache hash table entries: 2048 (order: 2, 16384 bytes)
[STDOUT  ] 2017-11-06T18:08:43.232552078Z: [    0.086567] Mountpoint-cache hash table entries: 2048 (order: 2, 16384 bytes)
[STDOUT  ] 2017-11-06T18:08:43.252232104Z: [    0.106343] Last level iTLB entries: 4KB 0, 2MB 0, 4MB 0
[STDOUT  ] 2017-11-06T18:08:43.252935099Z: [    0.106969] Last level dTLB entries: 4KB 0, 2MB 0, 4MB 0, 1GB 0
[STDOUT  ] 2017-11-06T18:08:43.552159683Z: [    0.406254] Freeing SMP alternatives memory: 20K
[STDOUT  ] 2017-11-06T18:08:43.562659784Z: [    0.416671] ftrace: allocating 35584 entries in 140 pages
[STDOUT  ] 2017-11-06T18:08:43.85182074Z: [    0.576140] smpboot: Max logical packages: 1
[STDOUT  ] 2017-11-06T18:08:43.859822583Z: [    0.584064] ..TIMER: vector=0x30 apic1=0 pin1=2 apic2=-1 pin2=-1
[STDOUT  ] 2017-11-06T18:08:44.077030167Z: [    0.690000] smpboot: CPU0: AMD QEMU Virtual CPU version 2.5+ (family: 0x6, model: 0x6, stepping: 0x3)
[STDOUT  ] 2017-11-06T18:08:44.078736163Z: [    0.690000] Performance Events: PMU not available due to virtualization, using software events only.
[STDOUT  ] 2017-11-06T18:08:44.094963465Z: [    0.698430] NMI watchdog: disabled (cpu0): hardware events not enabled
[STDOUT  ] 2017-11-06T18:08:44.095383322Z: [    0.698955] NMI watchdog: Shutting down hard lockup detector on all cpus
[STDOUT  ] 2017-11-06T18:08:44.099416833Z: [    0.703045] x86: Booted up 1 node, 1 CPUs
[STDOUT  ] 2017-11-06T18:08:44.099970836Z: [    0.703519] smpboot: Total of 1 processors activated (5199.99 BogoMIPS)
[STDOUT  ] 2017-11-06T18:08:44.114337702Z: [    0.717801] devtmpfs: initialized
[STDOUT  ] 2017-11-06T18:08:44.120867643Z: [    0.724694] x86/mm: Memory block size: 128MB
[STDOUT  ] 2017-11-06T18:08:44.188241044Z: [    0.791598] clocksource: jiffies: mask: 0xffffffff max_cycles: 0xffffffff, max_idle_ns: 19112604462750000 ns
[STDOUT  ] 2017-11-06T18:08:44.188955108Z: [    0.792600] futex hash table entries: 256 (order: 2, 16384 bytes)
[STDOUT  ] 2017-11-06T18:08:44.198286357Z: [    0.801934] NET: Registered protocol family 16
[STDOUT  ] 2017-11-06T18:08:44.207815942Z: [    0.811550] cpuidle: using governor ladder
[STDOUT  ] 2017-11-06T18:08:44.208275625Z: [    0.812064] cpuidle: using governor menu
[STDOUT  ] 2017-11-06T18:08:44.210099264Z: [    0.813818] ACPI: bus type PCI registered
[STDOUT  ] 2017-11-06T18:08:44.213289704Z: [    0.816769] PCI: MMCONFIG for domain 0000 [bus 00-ff] at [mem 0xb0000000-0xbfffffff] (base 0xb0000000)
[STDOUT  ] 2017-11-06T18:08:44.214092715Z: [    0.817622] PCI: MMCONFIG at [mem 0xb0000000-0xbfffffff] reserved in E820
[STDOUT  ] 2017-11-06T18:08:44.215540407Z: [    0.819179] PCI: Using configuration type 1 for base access
[STDOUT  ] 2017-11-06T18:08:44.270738701Z: [    0.874380] HugeTLB registered 2 MB page size, pre-allocated 0 pages
[STDOUT  ] 2017-11-06T18:08:44.282884744Z: [    0.886716] ACPI: Added _OSI(Module Device)
[STDOUT  ] 2017-11-06T18:08:44.283198669Z: [    0.887088] ACPI: Added _OSI(Processor Device)
[STDOUT  ] 2017-11-06T18:08:44.28355522Z: [    0.887452] ACPI: Added _OSI(3.0 _SCP Extensions)
[STDOUT  ] 2017-11-06T18:08:44.283842638Z: [    0.887797] ACPI: Added _OSI(Processor Aggregator Device)
[STDOUT  ] 2017-11-06T18:08:44.357360457Z: [    0.961210] ACPI: Interpreter enabled
[STDOUT  ] 2017-11-06T18:08:44.358306236Z: [    0.962265] ACPI: (supports S0 S5)
[STDOUT  ] 2017-11-06T18:08:44.358841785Z: [    0.962647] ACPI: Using IOAPIC for interrupt routing
[STDOUT  ] 2017-11-06T18:08:44.361850917Z: [    0.965494] PCI: Using host bridge windows from ACPI; if necessary, use "pci=nocrs" and report a bug
[STDOUT  ] 2017-11-06T18:08:44.425994887Z: [    1.029769] ACPI: PCI Root Bridge [PCI0] (domain 0000 [bus 00-ff])
[STDOUT  ] 2017-11-06T18:08:44.42757539Z: [    1.030769] acpi PNP0A08:00: _OSC: OS supports [ExtendedConfig ASPM ClockPM Segments MSI]
[STDOUT  ] 2017-11-06T18:08:44.434527607Z: [    1.037650] acpi PNP0A08:00: _OSC: OS now controls [PCIeHotplug PME PCIeCapability]
[STDOUT  ] 2017-11-06T18:08:44.438258489Z: [    1.042187] PCI host bridge to bus 0000:00
[STDOUT  ] 2017-11-06T18:08:44.438843757Z: [    1.042689] pci_bus 0000:00: root bus resource [io  0x0000-0x0cf7 window]
[STDOUT  ] 2017-11-06T18:08:44.439464824Z: [    1.043205] pci_bus 0000:00: root bus resource [io  0x0d00-0xffff window]
[STDOUT  ] 2017-11-06T18:08:44.439989395Z: [    1.043760] pci_bus 0000:00: root bus resource [mem 0x000a0000-0x000bffff window]
[STDOUT  ] 2017-11-06T18:08:44.440439176Z: [    1.044279] pci_bus 0000:00: root bus resource [mem 0xc0000000-0xfebfffff window]
[STDOUT  ] 2017-11-06T18:08:44.441138298Z: [    1.044991] pci_bus 0000:00: root bus resource [bus 00-ff]
[STDOUT  ] 2017-11-06T18:08:44.547183799Z: [    1.150701] pci 0000:00:1f.0: quirk: [io  0x0600-0x067f] claimed by ICH6 ACPI/GPIO/TCO
[STDOUT  ] 2017-11-06T18:08:44.608312173Z: [    1.211108] ACPI: PCI Interrupt Link [LNKA] (IRQs 5 *10 11)
[STDOUT  ] 2017-11-06T18:08:44.611285997Z: [    1.214515] ACPI: PCI Interrupt Link [LNKB] (IRQs 5 *10 11)
[STDOUT  ] 2017-11-06T18:08:44.613368236Z: [    1.216712] ACPI: PCI Interrupt Link [LNKC] (IRQs 5 10 *11)
[STDOUT  ] 2017-11-06T18:08:44.615260857Z: [    1.218590] ACPI: PCI Interrupt Link [LNKD] (IRQs 5 10 *11)
[STDOUT  ] 2017-11-06T18:08:44.617390028Z: [    1.221270] ACPI: PCI Interrupt Link [LNKE] (IRQs 5 *10 11)
[STDOUT  ] 2017-11-06T18:08:44.620146738Z: [    1.223944] ACPI: PCI Interrupt Link [LNKF] (IRQs 5 *10 11)
[STDOUT  ] 2017-11-06T18:08:44.621976536Z: [    1.225889] ACPI: PCI Interrupt Link [LNKG] (IRQs 5 10 *11)
[STDOUT  ] 2017-11-06T18:08:44.624060021Z: [    1.227839] ACPI: PCI Interrupt Link [LNKH] (IRQs 5 10 *11)
[STDOUT  ] 2017-11-06T18:08:44.624997768Z: [    1.228932] ACPI: PCI Interrupt Link [GSIA] (IRQs *16)
[STDOUT  ] 2017-11-06T18:08:44.626078242Z: [    1.229693] ACPI: PCI Interrupt Link [GSIB] (IRQs *17)
[STDOUT  ] 2017-11-06T18:08:44.626978393Z: [    1.230647] ACPI: PCI Interrupt Link [GSIC] (IRQs *18)
[STDOUT  ] 2017-11-06T18:08:44.627655342Z: [    1.231484] ACPI: PCI Interrupt Link [GSID] (IRQs *19)
[STDOUT  ] 2017-11-06T18:08:44.628437252Z: [    1.232239] ACPI: PCI Interrupt Link [GSIE] (IRQs *20)
[STDOUT  ] 2017-11-06T18:08:44.629295069Z: [    1.232970] ACPI: PCI Interrupt Link [GSIF] (IRQs *21)
[STDOUT  ] 2017-11-06T18:08:44.63015084Z: [    1.233826] ACPI: PCI Interrupt Link [GSIG] (IRQs *22)
[STDOUT  ] 2017-11-06T18:08:44.631003004Z: [    1.234681] ACPI: PCI Interrupt Link [GSIH] (IRQs *23)
[STDOUT  ] 2017-11-06T18:08:44.634940031Z: [    1.238550] ACPI: Enabled 2 GPEs in block 00 to 3F
[STDOUT  ] 2017-11-06T18:08:44.639276735Z: [    1.243507] SCSI subsystem initialized
[STDOUT  ] 2017-11-06T18:08:44.641134414Z: [    1.245406] ACPI: bus type USB registered
[STDOUT  ] 2017-11-06T18:08:44.642411758Z: [    1.246564] usbcore: registered new interface driver usbfs
[STDOUT  ] 2017-11-06T18:08:44.643458656Z: [    1.247570] usbcore: registered new interface driver hub
[STDOUT  ] 2017-11-06T18:08:44.644449624Z: [    1.248481] usbcore: registered new device driver usb
[STDOUT  ] 2017-11-06T18:08:44.645858847Z: [    1.249768] pps_core: LinuxPPS API ver. 1 registered
[STDOUT  ] 2017-11-06T18:08:44.646588401Z: [    1.250080] pps_core: Software ver. 5.3.6 - Copyright 2005-2007 Rodolfo Giometti <giometti@linux.it>
[STDOUT  ] 2017-11-06T18:08:44.647047565Z: [    1.251030] PTP clock support registered
[STDOUT  ] 2017-11-06T18:08:44.64832007Z: [    1.252277] wmi: Mapper loaded
[STDOUT  ] 2017-11-06T18:08:44.649732388Z: [    1.253478] PCI: Using ACPI for IRQ routing
[STDOUT  ] 2017-11-06T18:08:44.668576012Z: [    1.272795] NetLabel: Initializing
[STDOUT  ] 2017-11-06T18:08:44.66915926Z: [    1.273129] NetLabel:  domain hash size = 128
[STDOUT  ] 2017-11-06T18:08:44.66951046Z: [    1.273497] NetLabel:  protocols = UNLABELED CIPSOv4
[STDOUT  ] 2017-11-06T18:08:44.672432007Z: [    1.276402] NetLabel:  unlabeled traffic allowed by default
[STDOUT  ] 2017-11-06T18:08:44.673774944Z: [    1.277733] HPET: 3 timers in total, 0 timers will be used for per-cpu timer
[STDOUT  ] 2017-11-06T18:08:44.674887802Z: [    1.278661] hpet0: at MMIO 0xfed00000, IRQs 2, 8, 0
[STDOUT  ] 2017-11-06T18:08:44.675187692Z: [    1.279298] hpet0: 3 comparators, 64-bit 100.000000 MHz counter
[STDOUT  ] 2017-11-06T18:08:44.682700175Z: [    1.286813] clocksource: Switched to clocksource hpet
[STDOUT  ] 2017-11-06T18:08:44.948129767Z: [    1.545663] VFS: Disk quotas dquot_6.6.0
[STDOUT  ] 2017-11-06T18:08:44.94900681Z: [    1.546460] VFS: Dquot-cache hash table entries: 512 (order 0, 4096 bytes)
[STDOUT  ] 2017-11-06T18:08:44.953288481Z: [    1.550848] FS-Cache: Loaded
[STDOUT  ] 2017-11-06T18:08:44.958508744Z: [    1.556180] CacheFiles: Loaded
[STDOUT  ] 2017-11-06T18:08:44.961006231Z: [    1.558616] pnp: PnP ACPI init
[STDOUT  ] 2017-11-06T18:08:44.973618437Z: [    1.571162] pnp: PnP ACPI: found 5 devices
[STDOUT  ] 2017-11-06T18:08:45.024754928Z: [    1.622109] clocksource: acpi_pm: mask: 0xffffff max_cycles: 0xffffff, max_idle_ns: 2085701024 ns
[STDOUT  ] 2017-11-06T18:08:45.028818353Z: [    1.626401] NET: Registered protocol family 2
[STDOUT  ] 2017-11-06T18:08:45.03690694Z: [    1.634161] TCP established hash table entries: 8192 (order: 4, 65536 bytes)
[STDOUT  ] 2017-11-06T18:08:45.037563218Z: [    1.635148] TCP bind hash table entries: 8192 (order: 5, 131072 bytes)
[STDOUT  ] 2017-11-06T18:08:45.038348832Z: [    1.635865] TCP: Hash tables configured (established 8192 bind 8192)
[STDOUT  ] 2017-11-06T18:08:45.0402587Z: [    1.637815] UDP hash table entries: 512 (order: 2, 16384 bytes)
[STDOUT  ] 2017-11-06T18:08:45.040975684Z: [    1.638404] UDP-Lite hash table entries: 512 (order: 2, 16384 bytes)
[STDOUT  ] 2017-11-06T18:08:45.043427532Z: [    1.641147] NET: Registered protocol family 1
[STDOUT  ] 2017-11-06T18:08:45.044695074Z: [    1.642067] pci 0000:00:01.0: Video device with shadowed ROM at [mem 0x000c0000-0x000dffff]
[STDOUT  ] 2017-11-06T18:08:45.051532386Z: [    1.649018] Unpacking initramfs...
[STDOUT  ] 2017-11-06T18:08:48.077029109Z: [    4.674574] Freeing initrd memory: 23200K
[STDOUT  ] 2017-11-06T18:08:48.103042226Z: [    4.700584] PCLMULQDQ-NI instructions are not detected.
[STDOUT  ] 2017-11-06T18:08:48.104661881Z: [    4.702239] AVX or AES-NI instructions are not detected.
[STDOUT  ] 2017-11-06T18:08:48.105187802Z: [    4.702746] CPU feature 'AVX registers' is not supported.
[STDOUT  ] 2017-11-06T18:08:48.105660392Z: [    4.703191] CPU feature 'AVX registers' is not supported.
[STDOUT  ] 2017-11-06T18:08:48.106155603Z: [    4.703680] CPU feature 'AVX registers' is not supported.
[STDOUT  ] 2017-11-06T18:08:48.106655972Z: [    4.704198] CPU feature 'AVX registers' is not supported.
[STDOUT  ] 2017-11-06T18:08:48.107079352Z: [    4.704674] AVX2 or AES-NI instructions are not detected.
[STDOUT  ] 2017-11-06T18:08:48.107653774Z: [    4.705110] AVX2 instructions are not detected.
[STDOUT  ] 2017-11-06T18:08:48.114833105Z: [    4.712280] audit: initializing netlink subsys (disabled)
[STDOUT  ] 2017-11-06T18:08:48.120159926Z: [    4.717586] audit: type=2000 audit(1509991726.710:1): initialized
[STDOUT  ] 2017-11-06T18:08:48.127837602Z: [    4.725246] workingset: timestamp_bits=46 max_order=18 bucket_order=0
[STDOUT  ] 2017-11-06T18:08:48.132342237Z: [    4.729769] squashfs: version 4.0 (2009/01/31) Phillip Lougher
[STDOUT  ] 2017-11-06T18:08:48.13529356Z: [    4.732828] FS-Cache: Netfs 'cifs' registered for caching
[STDOUT  ] 2017-11-06T18:08:48.136276618Z: [    4.733825] fuse init (API version 7.26)
[STDOUT  ] 2017-11-06T18:08:48.138757591Z: [    4.736219] SGI XFS with ACLs, security attributes, no debug enabled
[STDOUT  ] 2017-11-06T18:08:48.142948054Z: [    4.740508] 9p: Installing v9fs 9p2000 file system support
[STDOUT  ] 2017-11-06T18:08:48.143466745Z: [    4.741061] FS-Cache: Netfs '9p' registered for caching
[STDOUT  ] 2017-11-06T18:08:48.178526305Z: [    4.776002] NET: Registered protocol family 38
[STDOUT  ] 2017-11-06T18:08:48.179088908Z: [    4.776611] Key type asymmetric registered
[STDOUT  ] 2017-11-06T18:08:48.179549362Z: [    4.777063] Asymmetric key parser 'x509' registered
[STDOUT  ] 2017-11-06T18:08:48.180790882Z: [    4.778189] Block layer SCSI generic (bsg) driver version 0.4 loaded (major 251)
[STDOUT  ] 2017-11-06T18:08:48.183048342Z: [    4.780614] io scheduler noop registered
[STDOUT  ] 2017-11-06T18:08:48.183551597Z: [    4.780995] io scheduler deadline registered (default)
[STDOUT  ] 2017-11-06T18:08:48.185028744Z: [    4.782588] io scheduler cfq registered
[STDOUT  ] 2017-11-06T18:08:48.187788106Z: [    4.785319] pci_hotplug: PCI Hot Plug PCI Core version: 0.5
[STDOUT  ] 2017-11-06T18:08:48.188546063Z: [    4.785983] pciehp: PCI Express Hot Plug Controller Driver version: 0.4
[STDOUT  ] 2017-11-06T18:08:48.189547224Z: [    4.786927] shpchp: Standard Hot Plug PCI Controller Driver version: 0.4
[STDOUT  ] 2017-11-06T18:08:48.190356428Z: [    4.787864] hv_vmbus: registering driver hyperv_fb
[STDOUT  ] 2017-11-06T18:08:48.194467779Z: [    4.791819] input: Power Button as /devices/LNXSYSTM:00/LNXPWRBN:00/input/input0
[STDOUT  ] 2017-11-06T18:08:48.195479477Z: [    4.793030] ACPI: Power Button [PWRF]
[STDOUT  ] 2017-11-06T18:08:48.200341534Z: [    4.798031] GHES: HEST is not enabled!
[STDOUT  ] 2017-11-06T18:08:48.213821056Z: [    4.811183] ACPI: PCI Interrupt Link [GSIG] enabled at IRQ 22
[STDOUT  ] 2017-11-06T18:08:48.226737601Z: [    4.824166] ACPI: PCI Interrupt Link [GSIH] enabled at IRQ 23
[STDOUT  ] 2017-11-06T18:08:48.232651772Z: [    4.829973] xenfs: not registering filesystem on non-xen platform
[STDOUT  ] 2017-11-06T18:08:48.235467975Z: [    4.832834] Serial: 8250/16550 driver, 4 ports, IRQ sharing disabled
[STDOUT  ] 2017-11-06T18:08:48.26067565Z: [    4.858048] 00:04: ttyS0 at I/O 0x3f8 (irq = 4, base_baud = 115200) is a 16550A
[STDOUT  ] 2017-11-06T18:08:48.272935694Z: [    4.870569] Non-volatile memory driver v1.3
[STDOUT  ] 2017-11-06T18:08:49.084748076Z: [    5.681962] tsc: Refined TSC clocksource calibration: 2600.018 MHz
[STDOUT  ] 2017-11-06T18:08:49.085631722Z: [    5.682727] clocksource: tsc: mask: 0xffffffffffffffff max_cycles: 0x257a4cffb2a, max_idle_ns: 440795258827 ns
[STDOUT  ] 2017-11-06T18:08:50.094579522Z: [    6.692092] clocksource: Switched to clocksource tsc
[STDOUT  ] 2017-11-06T18:08:54.135555029Z: [   10.732653] Hangcheck: starting hangcheck timer 0.9.1 (tick is 180 seconds, margin is 60 seconds).
[STDOUT  ] 2017-11-06T18:08:54.176912611Z: [   10.774537] loop: module loaded
[STDOUT  ] 2017-11-06T18:08:54.194168957Z: [   10.791593] nbd: registered device at major 43
[STDOUT  ] 2017-11-06T18:08:54.239057337Z: [   10.836447] lpc_ich 0000:00:1f.0: I/O space for GPIO uninitialized
[STDOUT  ] 2017-11-06T18:08:54.241265646Z: [   10.838805] VMware PVSCSI driver - version 1.0.7.0-k
[STDOUT  ] 2017-11-06T18:08:54.24235491Z: [   10.839735] hv_vmbus: registering driver hv_storvsc
[STDOUT  ] 2017-11-06T18:08:54.25536826Z: [   10.852775] ACPI: PCI Interrupt Link [GSIA] enabled at IRQ 16
[STDOUT  ] 2017-11-06T18:08:54.263902551Z: [   10.860986] ahci 0000:00:1f.2: AHCI 0001.0000 32 slots 6 ports 1.5 Gbps 0x3f impl SATA mode
[STDOUT  ] 2017-11-06T18:08:54.26443057Z: [   10.861862] ahci 0000:00:1f.2: flags: 64bit ncq only 
[STDOUT  ] 2017-11-06T18:08:54.285619445Z: [   10.883269] scsi host0: ahci
[STDOUT  ] 2017-11-06T18:08:54.291210482Z: [   10.888817] scsi host1: ahci
[STDOUT  ] 2017-11-06T18:08:54.293860376Z: [   10.891548] scsi host2: ahci
[STDOUT  ] 2017-11-06T18:08:54.296208164Z: [   10.893842] scsi host3: ahci
[STDOUT  ] 2017-11-06T18:08:54.298668309Z: [   10.896300] scsi host4: ahci
[STDOUT  ] 2017-11-06T18:08:54.300944182Z: [   10.898506] scsi host5: ahci
[STDOUT  ] 2017-11-06T18:08:54.303320102Z: [   10.900637] ata1: SATA max UDMA/133 abar m4096@0xfebd2000 port 0xfebd2100 irq 24
[STDOUT  ] 2017-11-06T18:08:54.30391794Z: [   10.901227] ata2: SATA max UDMA/133 abar m4096@0xfebd2000 port 0xfebd2180 irq 24
[STDOUT  ] 2017-11-06T18:08:54.304386567Z: [   10.901770] ata3: SATA max UDMA/133 abar m4096@0xfebd2000 port 0xfebd2200 irq 24
[STDOUT  ] 2017-11-06T18:08:54.305042092Z: [   10.902321] ata4: SATA max UDMA/133 abar m4096@0xfebd2000 port 0xfebd2280 irq 24
[STDOUT  ] 2017-11-06T18:08:54.305530654Z: [   10.902880] ata5: SATA max UDMA/133 abar m4096@0xfebd2000 port 0xfebd2300 irq 24
[STDOUT  ] 2017-11-06T18:08:54.305986741Z: [   10.903388] ata6: SATA max UDMA/133 abar m4096@0xfebd2000 port 0xfebd2380 irq 24
[STDOUT  ] 2017-11-06T18:08:54.31918699Z: [   10.916634] tun: Universal TUN/TAP device driver, 1.6
[STDOUT  ] 2017-11-06T18:08:54.319769642Z: [   10.917078] tun: (C) 1999-2004 Max Krasnyansky <maxk@qualcomm.com>
[STDOUT  ] 2017-11-06T18:08:54.330534502Z: [   10.927962] VMware vmxnet3 virtual NIC driver - version 1.4.a.0-k-NAPI
[STDOUT  ] 2017-11-06T18:08:54.331472341Z: [   10.928950] hv_vmbus: registering driver hv_netvsc
[STDOUT  ] 2017-11-06T18:08:54.331821673Z: [   10.929321] Fusion MPT base driver 3.04.20
[STDOUT  ] 2017-11-06T18:08:54.332108088Z: [   10.929665] Copyright (c) 1999-2008 LSI Corporation
[STDOUT  ] 2017-11-06T18:08:54.333184957Z: [   10.930663] Fusion MPT SPI Host driver 3.04.20
[STDOUT  ] 2017-11-06T18:08:54.335522658Z: [   10.932857] i8042: PNP: PS/2 Controller [PNP0303:KBD,PNP0f13:MOU] at 0x60,0x64 irq 1,12
[STDOUT  ] 2017-11-06T18:08:54.339344749Z: [   10.936885] serio: i8042 KBD port at 0x60,0x64 irq 1
[STDOUT  ] 2017-11-06T18:08:54.340079165Z: [   10.937617] serio: i8042 AUX port at 0x60,0x64 irq 12
[STDOUT  ] 2017-11-06T18:08:54.34359575Z: [   10.941083] hv_vmbus: registering driver hyperv_keyboard
[STDOUT  ] 2017-11-06T18:08:54.345864343Z: [   10.943311] mousedev: PS/2 mouse device common for all mice
[STDOUT  ] 2017-11-06T18:08:54.350894789Z: [   10.948027] input: AT Translated Set 2 keyboard as /devices/platform/i8042/serio0/input/input1
[STDOUT  ] 2017-11-06T18:08:54.353796913Z: [   10.951322] input: PC Speaker as /devices/platform/pcspkr/input/input2
[STDOUT  ] 2017-11-06T18:08:54.357251186Z: [   10.954750] rtc_cmos 00:00: RTC can wake from S4
[STDOUT  ] 2017-11-06T18:08:54.361026656Z: [   10.958411] rtc_cmos 00:00: rtc core: registered rtc_cmos as rtc0
[STDOUT  ] 2017-11-06T18:08:54.362653952Z: [   10.959875] rtc_cmos 00:00: alarms up to one day, y3k, 114 bytes nvram, hpet irqs
[STDOUT  ] 2017-11-06T18:08:54.363441232Z: [   10.961063] i2c /dev entries driver
[STDOUT  ] 2017-11-06T18:08:54.365617221Z: [   10.962960] device-mapper: ioctl: 4.35.0-ioctl (2016-06-23) initialised: dm-devel@redhat.com
[STDOUT  ] 2017-11-06T18:08:54.370165975Z: [   10.967576] usbcore: registered new interface driver usbhid
[STDOUT  ] 2017-11-06T18:08:54.370484552Z: [   10.968050] usbhid: USB HID core driver
[STDOUT  ] 2017-11-06T18:08:54.37128797Z: [   10.968775] hv_utils: Registering HyperV Utility Driver
[STDOUT  ] 2017-11-06T18:08:54.371618933Z: [   10.969098] hv_vmbus: registering driver hv_util
[STDOUT  ] 2017-11-06T18:08:54.371959683Z: [   10.969478] hv_vmbus: registering driver hv_balloon
[STDOUT  ] 2017-11-06T18:08:54.372888351Z: [   10.970412] oprofile: using NMI interrupt.
[STDOUT  ] 2017-11-06T18:08:54.373901995Z: [   10.971512] GACT probability on
[STDOUT  ] 2017-11-06T18:08:54.374312483Z: [   10.971998] Mirror/redirect action on
[STDOUT  ] 2017-11-06T18:08:54.375233985Z: [   10.972904] Simple TC action Loaded
[STDOUT  ] 2017-11-06T18:08:54.375883426Z: [   10.973502] u32 classifier
[STDOUT  ] 2017-11-06T18:08:54.376219004Z: [   10.973713]     Performance counters on
[STDOUT  ] 2017-11-06T18:08:54.376368215Z: [   10.973995]     input device check on
[STDOUT  ] 2017-11-06T18:08:54.376684242Z: [   10.974291]     Actions configured
[STDOUT  ] 2017-11-06T18:08:54.37745386Z: [   10.974980] Netfilter messages via NETLINK v0.30.
[STDOUT  ] 2017-11-06T18:08:54.378343127Z: [   10.975865] nfnl_acct: registering with nfnetlink.
[STDOUT  ] 2017-11-06T18:08:54.379754882Z: [   10.977210] nf_conntrack version 0.5.0 (8192 buckets, 32768 max)
[STDOUT  ] 2017-11-06T18:08:54.383071661Z: [   10.980559] ctnetlink v0.93: registering with nfnetlink.
[STDOUT  ] 2017-11-06T18:08:54.386186695Z: [   10.983681] nf_tables: (c) 2007-2009 Patrick McHardy <kaber@trash.net>
[STDOUT  ] 2017-11-06T18:08:54.387111541Z: [   10.984547] nf_tables_compat: (c) 2012 Pablo Neira Ayuso <pablo@netfilter.org>
[STDOUT  ] 2017-11-06T18:08:54.389253785Z: [   10.986911] xt_time: kernel timezone is -0000
[STDOUT  ] 2017-11-06T18:08:54.389802076Z: [   10.987486] ip_set: protocol 6
[STDOUT  ] 2017-11-06T18:08:54.390699836Z: [   10.988212] IPVS: Registered protocols (TCP, UDP, SCTP, AH, ESP)
[STDOUT  ] 2017-11-06T18:08:54.391458145Z: [   10.988860] IPVS: Connection hash table configured (size=4096, memory=64Kbytes)
[STDOUT  ] 2017-11-06T18:08:54.393426892Z: [   10.991056] IPVS: Creating netns size=2104 id=0
[STDOUT  ] 2017-11-06T18:08:54.395990322Z: [   10.993706] IPVS: ipvs loaded.
[STDOUT  ] 2017-11-06T18:08:54.396540619Z: [   10.994078] IPVS: [rr] scheduler registered.
[STDOUT  ] 2017-11-06T18:08:54.396951723Z: [   10.994460] IPVS: [wrr] scheduler registered.
[STDOUT  ] 2017-11-06T18:08:54.397266745Z: [   10.994841] IPVS: [lc] scheduler registered.
[STDOUT  ] 2017-11-06T18:08:54.39757939Z: [   10.995205] IPVS: [wlc] scheduler registered.
[STDOUT  ] 2017-11-06T18:08:54.398058746Z: [   10.995530] IPVS: [fo] scheduler registered.
[STDOUT  ] 2017-11-06T18:08:54.398391443Z: [   10.995869] IPVS: [ovf] scheduler registered.
[STDOUT  ] 2017-11-06T18:08:54.39887178Z: [   10.996407] IPVS: [lblc] scheduler registered.
[STDOUT  ] 2017-11-06T18:08:54.399435029Z: [   10.996960] IPVS: [lblcr] scheduler registered.
[STDOUT  ] 2017-11-06T18:08:54.399744089Z: [   10.997299] IPVS: [dh] scheduler registered.
[STDOUT  ] 2017-11-06T18:08:54.400060275Z: [   10.997651] IPVS: [sh] scheduler registered.
[STDOUT  ] 2017-11-06T18:08:54.400550047Z: [   10.998005] IPVS: [sed] scheduler registered.
[STDOUT  ] 2017-11-06T18:08:54.400706907Z: [   10.998319] IPVS: [nq] scheduler registered.
[STDOUT  ] 2017-11-06T18:08:54.401751068Z: [   10.999102] IPVS: ftp: loaded support on port[0] = 21
[STDOUT  ] 2017-11-06T18:08:54.403173658Z: [   11.000695] ipip: IPv4 and MPLS over IPv4 tunneling driver
[STDOUT  ] 2017-11-06T18:08:54.407554116Z: [   11.004946] gre: GRE over IPv4 demultiplexor driver
[STDOUT  ] 2017-11-06T18:08:54.410403094Z: [   11.007776] ip_tables: (C) 2000-2006 Netfilter Core Team
[STDOUT  ] 2017-11-06T18:08:54.414292651Z: [   11.011623] ipt_CLUSTERIP: ClusterIP Version 0.8 loaded successfully
[STDOUT  ] 2017-11-06T18:08:54.415030802Z: [   11.012522] arp_tables: arp_tables: (C) 2002 David S. Miller
[STDOUT  ] 2017-11-06T18:08:54.4173309Z: [   11.014825] NET: Registered protocol family 10
[STDOUT  ] 2017-11-06T18:08:54.427100469Z: [   11.024459] ip6_tables: (C) 2000-2006 Netfilter Core Team
[STDOUT  ] 2017-11-06T18:08:54.435558692Z: [   11.033162] NET: Registered protocol family 17
[STDOUT  ] 2017-11-06T18:08:54.436712305Z: [   11.034237] Bridge firewalling registered
[STDOUT  ] 2017-11-06T18:08:54.437180324Z: [   11.034879] Ebtables v2.0 registered
[STDOUT  ] 2017-11-06T18:08:54.439308714Z: [   11.036818] 8021q: 802.1Q VLAN Support v1.8
[STDOUT  ] 2017-11-06T18:08:54.440777423Z: [   11.038310] 9pnet: Installing 9P2000 support
[STDOUT  ] 2017-11-06T18:08:54.44243151Z: [   11.039830] Key type dns_resolver registered
[STDOUT  ] 2017-11-06T18:08:54.443885741Z: [   11.041345] microcode: AMD CPU family 0x6 not supported
[STDOUT  ] 2017-11-06T18:08:54.447644113Z: [   11.045178] registered taskstats version 1
[STDOUT  ] 2017-11-06T18:08:54.610803293Z: [   11.208263] Key type big_key registered
[STDOUT  ] 2017-11-06T18:08:54.636412991Z: [   11.233924] ata2: SATA link down (SStatus 0 SControl 300)
[STDOUT  ] 2017-11-06T18:08:54.63989894Z: [   11.237139] ata1: SATA link up 1.5 Gbps (SStatus 113 SControl 300)
[STDOUT  ] 2017-11-06T18:08:54.643076376Z: [   11.240569] ata6: SATA link down (SStatus 0 SControl 300)
[STDOUT  ] 2017-11-06T18:08:54.64377531Z: [   11.241126] ata5: SATA link down (SStatus 0 SControl 300)
[STDOUT  ] 2017-11-06T18:08:54.64430139Z: [   11.241699] ata4: SATA link down (SStatus 0 SControl 300)
[STDOUT  ] 2017-11-06T18:08:54.644743034Z: [   11.242271] ata3: SATA link up 1.5 Gbps (SStatus 113 SControl 300)
[STDOUT  ] 2017-11-06T18:08:54.646515058Z: [   11.244037] ata3.00: ATAPI: QEMU DVD-ROM, 2.5+, max UDMA/100
[STDOUT  ] 2017-11-06T18:08:54.647027336Z: [   11.244560] ata3.00: applying bridge limits
[STDOUT  ] 2017-11-06T18:08:54.648642895Z: [   11.246328] ata3.00: configured for UDMA/100
[STDOUT  ] 2017-11-06T18:08:54.65329058Z: [   11.250794] ata1.00: ATA-7: QEMU HARDDISK, 2.5+, max UDMA/100
[STDOUT  ] 2017-11-06T18:08:54.653876759Z: [   11.251181] ata1.00: 409600 sectors, multi 16: LBA48 NCQ (depth 31/32)
[STDOUT  ] 2017-11-06T18:08:54.654230387Z: [   11.251794] ata1.00: applying bridge limits
[STDOUT  ] 2017-11-06T18:08:54.655013709Z: [   11.252569] ata1.00: configured for UDMA/100
[STDOUT  ] 2017-11-06T18:08:54.67481497Z: [   11.272046] scsi 0:0:0:0: Direct-Access     ATA      QEMU HARDDISK    2.5+ PQ: 0 ANSI: 5
[STDOUT  ] 2017-11-06T18:08:54.688349579Z: [   11.285798] sd 0:0:0:0: Attached scsi generic sg0 type 0
[STDOUT  ] 2017-11-06T18:08:54.695243085Z: [   11.292562] sd 0:0:0:0: [sda] 409600 512-byte logical blocks: (210 MB/200 MiB)
[STDOUT  ] 2017-11-06T18:08:54.70023903Z: [   11.297688] sd 0:0:0:0: [sda] Write Protect is off
[STDOUT  ] 2017-11-06T18:08:54.702995447Z: [   11.300346] scsi 2:0:0:0: CD-ROM            QEMU     QEMU DVD-ROM     2.5+ PQ: 0 ANSI: 5
[STDOUT  ] 2017-11-06T18:08:54.707528474Z: [   11.304702] sd 0:0:0:0: [sda] Write cache: enabled, read cache: enabled, doesn't support DPO or FUA
[STDOUT  ] 2017-11-06T18:08:54.725483606Z: [   11.322821] sr 2:0:0:0: [sr0] scsi3-mmc drive: 4x/4x cd/rw xa/form2 tray
[STDOUT  ] 2017-11-06T18:08:54.726175591Z: [   11.323592] cdrom: Uniform CD-ROM driver Revision: 3.20
[STDOUT  ] 2017-11-06T18:08:54.748339268Z: [   11.345572] sr 2:0:0:0: Attached scsi generic sg1 type 5
[STDOUT  ] 2017-11-06T18:08:54.751519705Z: [   11.349066]  sda: sda1
[STDOUT  ] 2017-11-06T18:08:54.770708067Z: [   11.368170] sd 0:0:0:0: [sda] Attached SCSI disk
[STDOUT  ] 2017-11-06T18:08:54.816444097Z: [   11.413917] Key type encrypted registered
[STDOUT  ] 2017-11-06T18:08:54.822686579Z: [   11.419845] rtc_cmos 00:00: setting system clock to 2017-11-06 18:08:54 UTC (1509991734)
[STDOUT  ] 2017-11-06T18:08:54.968730374Z: [   11.566226] Freeing unused kernel memory: 1380K
[STDOUT  ] 2017-11-06T18:08:54.96929181Z: [   11.566813] Write protecting the kernel read-only data: 12288k
[STDOUT  ] 2017-11-06T18:08:54.976442864Z: [   11.573915] Freeing unused kernel memory: 124K
[STDOUT  ] 2017-11-06T18:08:55.064031283Z: [   11.661441] Freeing unused kernel memory: 1392K
[STDOUT  ] 2017-11-06T18:09:02.307385183Z: 
[STDOUT  ] 2017-11-06T18:09:02.308060821Z: Welcome to LinuxKit
[STDOUT  ] 2017-11-06T18:09:02.308186533Z: 
[STDOUT  ] 2017-11-06T18:09:02.308645952Z:                         ##         .
[STDOUT  ] 2017-11-06T18:09:02.309262102Z:                   ## ## ##        ==
[STDOUT  ] 2017-11-06T18:09:02.309593859Z:                ## ## ## ## ##    ===
[STDOUT  ] 2017-11-06T18:09:02.310205439Z:            /"""""""""""""""""\___/ ===
[STDOUT  ] 2017-11-06T18:09:02.31074259Z:           {                       /  ===-
[STDOUT  ] 2017-11-06T18:09:02.311061964Z:            \______ O           __/
[STDOUT  ] 2017-11-06T18:09:02.311562264Z:              \    \         __/
[STDOUT  ] 2017-11-06T18:09:02.311840322Z:               \____\_______/
[STDOUT  ] 2017-11-06T18:09:02.311982222Z: 
[STDOUT  ] 2017-11-06T18:09:33.897999909Z: [   50.495055] sd 0:0:0:0: [sda] Synchronizing SCSI cache
[STDOUT  ] 2017-11-06T18:09:33.898995033Z: [   50.496188] sd 0:0:0:0: [sda] Stopping disk
[STDOUT  ] 2017-11-06T18:09:33.901440626Z: [   50.498664] ACPI: Preparing to enter system sleep state S5
[STDOUT  ] 2017-11-06T18:09:33.90226319Z: [   50.499619] reboot: Power down
[STDERR  ] 2017-11-06T18:09:34.208247834Z: + exit 0
[STDERR  ] 2017-11-06T18:09:34.208287169Z: + clean_up
[STDERR  ] 2017-11-06T18:09:34.208297604Z: + find . -depth -iname run* -not -iname *.yml -exec rm -rf {} ;
[STDERR  ] 2017-11-06T18:09:34.330261133Z: + find . -depth -iname mkimage* -not -iname *.yml -exec rm -rf {} ;
[STDERR  ] 2017-11-06T18:09:34.33750391Z: + find . -depth -iname disk.qcow2* -not -iname *.yml -exec rm -rf {} ;
[STDERR  ] 2017-11-06T18:09:34.343450185Z: + rm -f tarball.img
[PASS    ] linuxkit.packages.mkimage 159.45s
