[INFO    ] 2018-04-25T15:40:08.843324320Z: Running Test linuxkit.packages.wireguard in /tmp/with_clone1973f50/test/cases/040_packages/023_wireguard
[STDERR  ] 2018-04-25T15:40:08.843332201Z: [    0.092343] Last level dTLB entries: 4KB 0, 2MB 0, 4MB 0, 1GB 0
[STDERR  ] 2018-04-25T15:40:08.843448177Z: [    0.092931] Spectre V2 : Spectre mitigation: LFENCE not serializing, switching to generic retpoline
[STDERR  ] 2018-04-25T15:40:08.843478058Z: [    0.093711] Spectre V2 : Vulnerable: Minimal generic ASM retpoline
[STDOUT  ] 2018-04-25T15:40:08.843432021Z: [    5.548083] FS-Cache: Netfs '9p' registered for caching
[STDOUT  ] 2018-04-25T15:40:08.843556121Z: [    5.588900] NET: Registered protocol family 38
[STDOUT  ] 2018-04-25T15:40:08.843573183Z: [    5.589600] Key type asymmetric registered
[STDOUT  ] 2018-04-25T15:40:08.843587938Z: [    5.590007] Asymmetric key parser 'x509' registered
[STDOUT  ] 2018-04-25T15:40:08.843602915Z: [    5.592242] Block layer SCSI generic (bsg) driver version 0.4 loaded (major 247)
[STDOUT  ] 2018-04-25T15:40:08.843618796Z: [    5.593947] io scheduler noop registered
[STDOUT  ] 2018-04-25T15:40:08.843632980Z: [    5.594339] io scheduler deadline registered (default)
[STDOUT  ] 2018-04-25T15:40:08.843647552Z: [    5.595137] io scheduler cfq registered
[STDOUT  ] 2018-04-25T15:40:08.843661807Z: [    5.595448] io scheduler mq-deadline registered
[STDOUT  ] 2018-04-25T15:40:08.843675951Z: [    5.595800] io scheduler kyber registered
[STDOUT  ] 2018-04-25T15:40:08.843693204Z: [    5.599099] shpchp: Standard Hot Plug PCI Controller Driver version: 0.4
[STDOUT  ] 2018-04-25T15:40:08.843707587Z: [    5.599979] hv_vmbus: registering driver hyperv_fb
[STDOUT  ] 2018-04-25T15:40:08.843722037Z: [    5.604759] input: Power Button as /devices/LNXSYSTM:00/LNXPWRBN:00/input/input0
[STDERR  ] 2018-04-25T15:40:08.843511430Z: [    0.094273] Spectre V2 : Spectre v2 mitigation: Filling RSB on context switch
[INFO    ] 2018-04-25T15:40:08.843718942Z: Running command: [/bin/sh -x /tmp/with_clone1973f50/test/cases/040_packages/023_wireguard/test.sh]
[STDERR  ] 2018-04-25T15:40:08.843754410Z: [    0.382088] Freeing SMP alternatives memory: 20K
[STDERR  ] 2018-04-25T15:40:08.843798335Z: [    0.403506] smpboot: Max logical packages: 1
[STDERR  ] 2018-04-25T15:40:08.843825190Z: [    0.409393] ..TIMER: vector=0x30 apic1=0 pin1=2 apic2=-1 pin2=-1
[STDERR  ] 2018-04-25T15:40:08.843860870Z: [    0.510000] smpboot: CPU0: AMD QEMU Virtual CPU version 2.5+ (family: 0x6, model: 0x6, stepping: 0x3)
[STDERR  ] 2018-04-25T15:40:08.843894435Z: [    0.510000] Performance Events: PMU not available due to virtualization, using software events only.
[STDERR  ] 2018-04-25T15:40:08.843933421Z: [    0.511595] Hierarchical SRCU implementation.
[STDERR  ] 2018-04-25T15:40:08.843967053Z: [    0.517845] NMI watchdog: Perf event create on CPU 0 failed with -2
[STDERR  ] 2018-04-25T15:40:08.844020241Z: [    0.518447] NMI watchdog: Perf NMI watchdog permanently disabled
[STDERR  ] 2018-04-25T15:40:08.844061437Z: [    0.523221] smp: Bringing up secondary CPUs ...
[STDERR  ] 2018-04-25T15:40:08.844103982Z: [    0.523739] smp: Brought up 1 node, 1 CPU
[STDERR  ] 2018-04-25T15:40:08.844139493Z: [    0.524118] smpboot: Total of 1 processors activated (5199.40 BogoMIPS)
[STDOUT  ] 2018-04-25T15:40:08.843739765Z: [    5.608083] ACPI: Power Button [PWRF]
[STDERR  ] 2018-04-25T15:40:08.844177632Z: [    0.539219] devtmpfs: initialized
[STDOUT  ] 2018-04-25T15:40:08.844216773Z: [    5.629301] ACPI: PCI Interrupt Link [GSIG] enabled at IRQ 22
[STDOUT  ] 2018-04-25T15:40:08.844272542Z: [    5.644762] ACPI: PCI Interrupt Link [GSIH] enabled at IRQ 23
[STDOUT  ] 2018-04-25T15:40:08.844304959Z: [    5.652604] Serial: 8250/16550 driver, 4 ports, IRQ sharing disabled
[STDOUT  ] 2018-04-25T15:40:08.844325399Z: [    5.678020] 00:04: ttyS0 at I/O 0x3f8 (irq = 4, base_baud = 115200) is a 16550A
[STDERR  ] 2018-04-25T15:40:08.844230587Z: [    0.546470] x86/mm: Memory block size: 128MB
[STDERR  ] 2018-04-25T15:40:08.844409752Z: [    0.554501] evm: security.ima
[STDERR  ] 2018-04-25T15:40:08.844439230Z: [    0.554822] evm: security.capability
[STDERR  ] 2018-04-25T15:40:08.844483853Z: [    0.558570] clocksource: jiffies: mask: 0xffffffff max_cycles: 0xffffffff, max_idle_ns: 19112604462750000 ns
[STDERR  ] 2018-04-25T15:40:08.844520431Z: [    0.559483] futex hash table entries: 256 (order: 2, 16384 bytes)
[STDERR  ] 2018-04-25T15:40:08.844555261Z: [    0.571652] NET: Registered protocol family 16
[STDERR  ] 2018-04-25T15:40:08.844588310Z: [    0.578921] cpuidle: using governor ladder
[STDOUT  ] 2018-04-25T15:40:08.844344779Z: [    5.689628] Non-volatile memory driver v1.3
[STDOUT  ] 2018-04-25T15:40:08.844624418Z: [    5.697847] Hangcheck: starting hangcheck timer 0.9.1 (tick is 180 seconds, margin is 60 seconds).
[STDERR  ] 2018-04-25T15:40:08.844619964Z: [    0.579436] cpuidle: using governor menu
[STDERR  ] 2018-04-25T15:40:08.844647016Z: [    0.581590] ACPI: bus type PCI registered
[STDOUT  ] 2018-04-25T15:40:08.844646297Z: [    5.711325] random: crng init done
[STDOUT  ] 2018-04-25T15:40:08.844666028Z: [    5.767536] brd: module loaded
[STDOUT  ] 2018-04-25T15:40:08.844682430Z: [    5.801111] loop: module loaded
[STDERR  ] 2018-04-25T15:40:08.844674272Z: [    0.584467] PCI: MMCONFIG for domain 0000 [bus 00-ff] at [mem 0xb0000000-0xbfffffff] (base 0xb0000000)
[STDOUT  ] 2018-04-25T15:40:08.844699141Z: [    5.865566] lpc_ich 0000:00:1f.0: I/O space for GPIO uninitialized
[STDERR  ] 2018-04-25T15:40:08.844701739Z: [    0.585357] PCI: MMCONFIG at [mem 0xb0000000-0xbfffffff] reserved in E820
[STDERR  ] 2018-04-25T15:40:08.844737541Z: [    0.586575] PCI: Using configuration type 1 for base access
[STDERR  ] 2018-04-25T15:40:08.844770819Z: [    0.643257] HugeTLB registered 2.00 MiB page size, pre-allocated 0 pages
[STDOUT  ] 2018-04-25T15:40:08.844804321Z: [    5.867814] VMware PVSCSI driver - version 1.0.7.0-k
[STDERR  ] 2018-04-25T15:40:08.844804730Z: [    0.654973] ACPI: Added _OSI(Module Device)
[STDERR  ] 2018-04-25T15:40:08.844838859Z: [    0.655393] ACPI: Added _OSI(Processor Device)
[STDERR  ] 2018-04-25T15:40:08.844871803Z: [    0.655745] ACPI: Added _OSI(3.0 _SCP Extensions)
[STDERR  ] 2018-04-25T15:40:08.844896322Z: [    0.656084] ACPI: Added _OSI(Processor Aggregator Device)
[STDOUT  ] 2018-04-25T15:40:08.844825369Z: [    5.868726] hv_vmbus: registering driver hv_storvsc
[STDOUT  ] 2018-04-25T15:40:08.844925090Z: [    5.880624] ACPI: PCI Interrupt Link [GSIA] enabled at IRQ 16
[STDERR  ] 2018-04-25T15:40:08.844931768Z: [    0.733679] ACPI: Interpreter enabled
[STDERR  ] 2018-04-25T15:40:08.844971385Z: [    0.734578] ACPI: (supports S0 S5)
[STDERR  ] 2018-04-25T15:40:08.844997470Z: [    0.734871] ACPI: Using IOAPIC for interrupt routing
[STDERR  ] 2018-04-25T15:40:08.845021972Z: [    0.736992] PCI: Using host bridge windows from ACPI; if necessary, use "pci=nocrs" and report a bug
[STDOUT  ] 2018-04-25T15:40:08.844942255Z: [    5.888015] ahci 0000:00:1f.2: AHCI 0001.0000 32 slots 6 ports 1.5 Gbps 0x3f impl SATA mode
[STDERR  ] 2018-04-25T15:40:08.845046789Z: [    0.741121] ACPI: Enabled 2 GPEs in block 00 to 3F
[STDERR  ] 2018-04-25T15:40:08.845074406Z: [    0.816666] ACPI: PCI Root Bridge [PCI0] (domain 0000 [bus 00-ff])
[STDOUT  ] 2018-04-25T15:40:08.845056091Z: [    5.888855] ahci 0000:00:1f.2: flags: 64bit ncq only 
[STDERR  ] 2018-04-25T15:40:08.845098994Z: [    0.817708] acpi PNP0A08:00: _OSC: OS supports [ExtendedConfig ASPM ClockPM Segments MSI]
[STDERR  ] 2018-04-25T15:40:08.845070038Z: + set -e
[STDERR  ] 2018-04-25T15:40:08.845133579Z: [    0.823088] acpi PNP0A08:00: _OSC: OS now controls [PCIeHotplug PME PCIeCapability]
[STDERR  ] 2018-04-25T15:40:08.845145575Z: + . /tmp/with_clone1973f50/test/cases/_lib/lib.sh
[STDERR  ] 2018-04-25T15:40:08.845166704Z: [    0.827144] PCI host bridge to bus 0000:00
[STDERR  ] 2018-04-25T15:40:08.845206296Z: [    0.827773] pci_bus 0000:00: root bus resource [io  0x0000-0x0cf7 window]
[STDERR  ] 2018-04-25T15:40:08.845228722Z: [    0.828337] pci_bus 0000:00: root bus resource [io  0x0d00-0xffff window]
[STDERR  ] 2018-04-25T15:40:08.845249662Z: [    0.828801] pci_bus 0000:00: root bus resource [mem 0x000a0000-0x000bffff window]
[STDERR  ] 2018-04-25T15:40:08.845274706Z: [    0.829296] pci_bus 0000:00: root bus resource [mem 0xc0000000-0xfebfffff window]
[STDERR  ] 2018-04-25T15:40:08.845179496Z: + [ -f src/github.com/linuxkit/rtf/lib/lib.sh ]
[STDERR  ] 2018-04-25T15:40:08.845346280Z: + LINUXKIT_TMPDIR=/tmp/with_clone1973f50/test/cases/_tmp
[STDERR  ] 2018-04-25T15:40:08.845379282Z: + [ -f /tmp/with_clone1973f50/test/cases/_tmp/env.sh ]
[STDERR  ] 2018-04-25T15:40:08.845421939Z: [    0.830228] pci_bus 0000:00: root bus resource [bus 00-ff]
[STDERR  ] 2018-04-25T15:40:08.845448385Z: [    0.987033] pci 0000:00:1f.0: quirk: [io  0x0600-0x067f] claimed by ICH6 ACPI/GPIO/TCO
[STDERR  ] 2018-04-25T15:40:08.845471701Z: [    1.088790] ACPI: PCI Interrupt Link [LNKA] (IRQs 5 *10 11)
[STDERR  ] 2018-04-25T15:40:08.845493712Z: [    1.092512] ACPI: PCI Interrupt Link [LNKB] (IRQs 5 *10 11)
[STDERR  ] 2018-04-25T15:40:08.845402864Z: + . /tmp/with_clone1973f50/test/cases/_tmp/env.sh
[STDOUT  ] 2018-04-25T15:40:08.845535818Z: [    5.906083] scsi host0: ahci
[STDOUT  ] 2018-04-25T15:40:08.845555493Z: [    5.909580] scsi host1: ahci
[STDERR  ] 2018-04-25T15:40:08.845541186Z: + export LINUXKIT_EXAMPLES_DIR=/tmp/with_clone1973f50/test/cases/../../examples
[STDOUT  ] 2018-04-25T15:40:08.845571595Z: [    5.912052] scsi host2: ahci
[STDOUT  ] 2018-04-25T15:40:08.845594602Z: [    5.913947] scsi host3: ahci
[STDOUT  ] 2018-04-25T15:40:08.845609167Z: [    5.915806] scsi host4: ahci
[STDERR  ] 2018-04-25T15:40:08.845513715Z: [    1.095030] ACPI: PCI Interrupt Link [LNKC] (IRQs 5 10 *11)
[STDOUT  ] 2018-04-25T15:40:08.845627778Z: [    5.917541] scsi host5: ahci
[STDERR  ] 2018-04-25T15:40:08.845580060Z: + RT_CANCEL=253
[STDOUT  ] 2018-04-25T15:40:08.845664872Z: [    5.918940] ata1: SATA max UDMA/133 abar m4096@0xfebd2000 port 0xfebd2100 irq 24
[STDERR  ] 2018-04-25T15:40:08.845672906Z: + NAME=wireguard
[STDERR  ] 2018-04-25T15:40:08.845637204Z: [    1.097572] ACPI: PCI Interrupt Link [LNKD] (IRQs 5 10 *11)
[STDERR  ] 2018-04-25T15:40:08.845745880Z: [    1.101280] ACPI: PCI Interrupt Link [LNKE] (IRQs 5 *10 11)
[STDERR  ] 2018-04-25T15:40:08.845697631Z: + trap clean_up EXIT
[STDERR  ] 2018-04-25T15:40:08.845770029Z: + linuxkit build -format kernel+initrd -name wireguard test.yml
[STDERR  ] 2018-04-25T15:40:08.845778006Z: [    1.103786] ACPI: PCI Interrupt Link [LNKF] (IRQs 5 *10 11)
[STDERR  ] 2018-04-25T15:40:08.845800869Z: [    1.106405] ACPI: PCI Interrupt Link [LNKG] (IRQs 5 10 *11)
[STDERR  ] 2018-04-25T15:40:08.845821671Z: [    1.109027] ACPI: PCI Interrupt Link [LNKH] (IRQs 5 10 *11)
[STDERR  ] 2018-04-25T15:40:08.845842584Z: [    1.110697] ACPI: PCI Interrupt Link [GSIA] (IRQs *16)
[STDOUT  ] 2018-04-25T15:40:08.845722062Z: [    5.919603] ata2: SATA max UDMA/133 abar m4096@0xfebd2000 port 0xfebd2180 irq 24
[STDOUT  ] 2018-04-25T15:40:08.845886599Z: [    5.920459] ata3: SATA max UDMA/133 abar m4096@0xfebd2000 port 0xfebd2200 irq 24
[STDOUT  ] 2018-04-25T15:40:08.845907894Z: [    5.920984] ata4: SATA max UDMA/133 abar m4096@0xfebd2000 port 0xfebd2280 irq 24
[STDOUT  ] 2018-04-25T15:40:08.845923916Z: [    5.921495] ata5: SATA max UDMA/133 abar m4096@0xfebd2000 port 0xfebd2300 irq 24
[STDOUT  ] 2018-04-25T15:40:08.845939622Z: [    5.922021] ata6: SATA max UDMA/133 abar m4096@0xfebd2000 port 0xfebd2380 irq 24
[STDOUT  ] 2018-04-25T15:40:08.845955298Z: [    5.935500] tun: Universal TUN/TAP device driver, 1.6
[STDOUT  ] 2018-04-25T15:40:08.845972185Z: [    5.947882] VMware vmxnet3 virtual NIC driver - version 1.4.a.0-k-NAPI
[STDOUT  ] 2018-04-25T15:40:08.845998914Z: [    5.948881] hv_vmbus: registering driver hv_netvsc
[STDOUT  ] 2018-04-25T15:40:08.846013736Z: [    5.949267] Fusion MPT base driver 3.04.20
[STDOUT  ] 2018-04-25T15:40:08.846028021Z: [    5.949568] Copyright (c) 1999-2008 LSI Corporation
[STDOUT  ] 2018-04-25T15:40:08.846051869Z: [    5.950112] Fusion MPT SPI Host driver 3.04.20
[STDOUT  ] 2018-04-25T15:40:08.846073076Z: [    5.953148] i8042: PNP: PS/2 Controller [PNP0303:KBD,PNP0f13:MOU] at 0x60,0x64 irq 1,12
[STDOUT  ] 2018-04-25T15:40:08.846101800Z: [    5.958136] serio: i8042 KBD port at 0x60,0x64 irq 1
[STDOUT  ] 2018-04-25T15:40:08.846121182Z: [    5.958922] serio: i8042 AUX port at 0x60,0x64 irq 12
[STDOUT  ] 2018-04-25T15:40:08.846140593Z: [    5.962204] hv_vmbus: registering driver hyperv_keyboard
[STDOUT  ] 2018-04-25T15:40:08.846160917Z: [    5.964472] mousedev: PS/2 mouse device common for
[STDERR  ] 2018-04-25T15:40:08.845863407Z: [    1.111716] ACPI: PCI Interrupt Link [GSIB] (IRQs *17)
[STDERR  ] 2018-04-25T15:40:08.846183489Z: [    1.112843] ACPI: PCI Interrupt Link [GSIC] (IRQs *18)
[STDERR  ] 2018-04-25T15:40:08.846217954Z: [    1.113816] ACPI: PCI Interrupt Li
[STDERR  ] 2018-04-25T15:40:08.893912003Z: Extract kernel image: linuxkit/kernel:4.14.35
[STDERR  ] 2018-04-25T15:40:12.472207807Z: Add init containers:
[STDERR  ] 2018-04-25T15:40:12.472346284Z: Process init image: linuxkit/init:11929b0007b87384f7372e9265067479c4616586
[STDERR  ] 2018-04-25T15:40:14.321433092Z: Process init image: linuxkit/runc:acba8886e4b1318457c711700f695a02fef9493d
[STDERR  ] 2018-04-25T15:40:16.060649526Z: Process init image: linuxkit/containerd:f197e7cbb2ede4370b75127c76de6f7b2e3d9873
[STDERR  ] 2018-04-25T15:40:18.248476106Z: Process init image: linuxkit/ca-certificates:fb5c7bf842a330f5b47cdf71f950fe0c85f4a772
[STDERR  ] 2018-04-25T15:40:19.856556828Z: Add onboot containers:
[STDERR  ] 2018-04-25T15:40:19.856690348Z:   Create OCI config for linuxkit/dhcpcd:01069780f536da8eb7745df7478a97253403b63d
[STDERR  ] 2018-04-25T15:40:21.481745084Z:   Create OCI config for linuxkit/ip:baf5dc379104f01356fb7ace881149a67d889e96
[STDERR  ] 2018-04-25T15:40:23.304019043Z:   Create OCI config for linuxkit/ip:baf5dc379104f01356fb7ace881149a67d889e96
[STDERR  ] 2018-04-25T15:40:25.114430138Z: Add onshutdown containers:
[STDERR  ] 2018-04-25T15:40:25.114532531Z:   Create OCI config for alpine:3.7
[STDERR  ] 2018-04-25T15:40:26.971991187Z: Add service containers:
[STDERR  ] 2018-04-25T15:40:26.972088301Z:   Create OCI config for nginx:1.13.7
[STDERR  ] 2018-04-25T15:40:29.921015712Z:   Create OCI config for alpine:3.7
[STDERR  ] 2018-04-25T15:40:31.696255795Z: Add files:
[STDERR  ] 2018-04-25T15:40:31.696376852Z:   etc/wireguard/wg0.conf
[STDERR  ] 2018-04-25T15:40:31.696423059Z:   etc/wireguard/wg1.conf
[STDERR  ] 2018-04-25T15:40:31.696454557Z:   check.sh
[STDERR  ] 2018-04-25T15:40:31.696488624Z: Create outputs:
[STDERR  ] 2018-04-25T15:40:48.085071400Z:   wireguard-kernel wireguard-initrd.img wireguard-cmdline
[STDERR  ] 2018-04-25T15:40:48.278700330Z: + linuxkit run wireguard
[STDERR  ] 2018-04-25T15:42:19.633381258Z: + RESULT=[    0.000000] Linux version 4.14.35-linuxkit (root@95934b70ab05) (gcc version 6.4.0 (Alpine 6.4.0)) #1 SMP Mon Apr 23 11:11:13 UTC 2018
[STDERR  ] 2018-04-25T15:42:19.633544573Z: [    0.000000] Command line: console=ttyS0 console=ttyAMA0
[STDERR  ] 2018-04-25T15:42:19.633568540Z: [    0.000000] x86/fpu: x87 FPU will use FXSAVE
[STDERR  ] 2018-04-25T15:42:19.633591143Z: [    0.000000] e820: BIOS-provided physical RAM map:
[STDERR  ] 2018-04-25T15:42:19.633613104Z: [    0.000000] BIOS-e820: [mem 0x0000000000000000-0x000000000009fbff] usable
[STDERR  ] 2018-04-25T15:42:19.633655547Z: [    0.000000] BIOS-e820: [mem 0x000000000009fc00-0x000000000009ffff] reserved
[STDERR  ] 2018-04-25T15:42:19.633676949Z: [    0.000000] BIOS-e820: [mem 0x00000000000f0000-0x00000000000fffff] reserved
[STDERR  ] 2018-04-25T15:42:19.633697883Z: [    0.000000] BIOS-e820: [mem 0x0000000000100000-0x000000003ffdefff] usable
[STDERR  ] 2018-04-25T15:42:19.633723015Z: [    0.000000] BIOS-e820: [mem 0x000000003ffdf000-0x000000003fffffff] reserved
[STDERR  ] 2018-04-25T15:42:19.633806156Z: [    0.000000] BIOS-e820: [mem 0x00000000b0000000-0x00000000bfffffff] reserved
[STDERR  ] 2018-04-25T15:42:19.633835048Z: [    0.000000] BIOS-e820: [mem 0x00000000fed1c000-0x00000000fed1ffff] reserved
[STDERR  ] 2018-04-25T15:42:19.633862723Z: [    0.000000] BIOS-e820: [mem 0x00000000fffc0000-0x00000000ffffffff] reserved
[STDERR  ] 2018-04-25T15:42:19.633968429Z: [    0.000000] NX (Execute Disable) protection: active
[STDERR  ] 2018-04-25T15:42:19.633989286Z: [    0.000000] random: fast init done
[STDERR  ] 2018-04-25T15:42:19.634009714Z: [    0.000000] SMBIOS 2.8 present.
[STDERR  ] 2018-04-25T15:42:19.634030410Z: [    0.000000] DMI: QEMU Standard PC (Q35 + ICH9, 2009), BIOS rel-1.10.2-0-g5f4c7b1-prebuilt.qemu-project.org 04/01/2014
[STDERR  ] 2018-04-25T15:42:19.634057412Z: [    0.000000] tsc: Fast TSC calibration using PIT
[STDERR  ] 2018-04-25T15:42:19.634076803Z: [    0.000000] e820: last_pfn = 0x3ffdf max_arch_pfn = 0x400000000
[STDERR  ] 2018-04-25T15:42:19.634096877Z: [    0.000000] x86/PAT: Configuration [0-7]: WB  WC  UC- UC  WB  WP  UC- WT  
[STDERR  ] 2018-04-25T15:42:19.634117711Z: [    0.000000] found SMP MP-table at [mem 0x000f6aa0-0x000f6aaf] mapped at [ffffffffff200aa0]
[STDERR  ] 2018-04-25T15:42:19.634139888Z: [    0.000000] RAMDISK: [mem 0x3a3b1000-0x3ffcffff]
[STDERR  ] 2018-04-25T15:42:19.634159737Z: [    0.000000] ACPI: Early table checksum verification disabled
[STDERR  ] 2018-04-25T15:42:19.634179593Z: [    0.000000] ACPI: RSDP 0x00000000000F68C0 000014 (v00 BOCHS )
[STDERR  ] 2018-04-25T15:42:19.634199954Z: [    0.000000] ACPI: RSDT 0x000000003FFE2404 000034 (v01 BOCHS  BXPCRSDT 00000001 BXPC 00000001)
[STDERR  ] 2018-04-25T15:42:19.634221749Z: [    0.000000] ACPI: FACP 0x000000003FFE22A4 000074 (v01 BOCHS  BXPCFACP 00000001 BXPC 00000001)
[STDERR  ] 2018-04-25T15:42:19.634240959Z: [    0.000000] ACPI: DSDT 0x000000003FFE0040 002264 (v01 BOCHS  BXPCDSDT 00000001 BXPC 00000001)
[STDERR  ] 2018-04-25T15:42:19.634260546Z: [    0.000000] ACPI: FACS 0x000000003FFE0000 000040
[STDERR  ] 2018-04-25T15:42:19.634284450Z: [    0.000000] ACPI: APIC 0x000000003FFE2318 000078 (v01 BOCHS  BXPCAPIC 00000001 BXPC 00000001)
[STDERR  ] 2018-04-25T15:42:19.634304059Z: [    0.000000] ACPI: HPET 0x000000003FFE2390 000038 (v01 BOCHS  BXPCHPET 00000001 BXPC 00000001)
[STDERR  ] 2018-04-25T15:42:19.634323689Z: [    0.000000] ACPI: MCFG 0x000000003FFE23C8 00003C (v01 BOCHS  BXPCMCFG 00000001 BXPC 00000001)
[STDERR  ] 2018-04-25T15:42:19.634344104Z: [    0.000000] Zone ranges:
[STDERR  ] 2018-04-25T15:42:19.634406946Z: [    0.000000]   DMA      [mem 0x0000000000001000-0x0000000000ffffff]
[STDERR  ] 2018-04-25T15:42:19.634428077Z: [    0.000000]   DMA32    [mem 0x0000000001000000-0x000000003ffdefff]
[STDERR  ] 2018-04-25T15:42:19.634447563Z: [    0.000000]   Normal   empty
[STDERR  ] 2018-04-25T15:42:19.634468070Z: [    0.000000]   Device   empty
[STDERR  ] 2018-04-25T15:42:19.634488405Z: [    0.000000] Movable zone start for each node
[STDERR  ] 2018-04-25T15:42:19.634508474Z: [    0.000000] Early memory node ranges
[STDERR  ] 2018-04-25T15:42:19.634537410Z: [    0.000000]   node   0: [mem 0x0000000000001000-0x000000000009efff]
[STDERR  ] 2018-04-25T15:42:19.634562712Z: [    0.000000]   node   0: [mem 0x0000000000100000-0x000000003ffdefff]
[STDERR  ] 2018-04-25T15:42:19.634583483Z: [    0.000000] Initmem setup node 0 [mem 0x0000000000001000-0x000000003ffdefff]
[STDERR  ] 2018-04-25T15:42:19.634604086Z: [    0.000000] ACPI: PM-Timer IO Port: 0x608
[STDERR  ] 2018-04-25T15:42:19.634624771Z: [    0.000000] ACPI: LAPIC_NMI (acpi_id[0xff] dfl dfl lint[0x1])
[STDERR  ] 2018-04-25T15:42:19.634645610Z: [    0.000000] IOAPIC[0]: apic_id 0, version 32, address 0xfec00000, GSI 0-23
[STDERR  ] 2018-04-25T15:42:19.634665806Z: [    0.000000] ACPI: INT_SRC_OVR (bus 0 bus_irq 0 global_irq 2 dfl dfl)
[STDERR  ] 2018-04-25T15:42:19.634685654Z: [    0.000000] ACPI: INT_SRC_OVR (bus 0 bus_irq 5 global_irq 5 high level)
[STDERR  ] 2018-04-25T15:42:19.634707393Z: [    0.000000] ACPI: INT_SRC_OVR (bus 0 bus_irq 9 global_irq 9 high level)
[STDERR  ] 2018-04-25T15:42:19.634734938Z: [    0.000000] ACPI: INT_SRC_OVR (bus 0 bus_irq 10 global_irq 10 high level)
[STDERR  ] 2018-04-25T15:42:19.634755962Z: [    0.000000] ACPI: INT_SRC_OVR (bus 0 bus_irq 11 global_irq 11 high level)
[STDERR  ] 2018-04-25T15:42:19.634776459Z: [    0.000000] Using ACPI (MADT) for SMP configuration information
[STDERR  ] 2018-04-25T15:42:19.634800178Z: [    0.000000] ACPI: HPET id: 0x8086a201 base: 0xfed00000
[STDERR  ] 2018-04-25T15:42:19.634820359Z: [    0.000000] smpboot: Allowing 1 CPUs, 0 hotplug CPUs
[STDERR  ] 2018-04-25T15:42:19.634842398Z: [    0.000000] e820: [mem 0x40000000-0xafffffff] available for PCI devices
[STDERR  ] 2018-04-25T15:42:19.634873396Z: [    0.000000] Booting paravirtualized kernel on bare hardware
[STDERR  ] 2018-04-25T15:42:19.634898338Z: [    0.000000] clocksource: refined-jiffies: mask: 0xffffffff max_cycles: 0xffffffff, max_idle_ns: 19112604462750000 ns
[STDERR  ] 2018-04-25T15:42:19.634921769Z: [    0.000000] setup_percpu: NR_CPUS:128 nr_cpumask_bits:128 nr_cpu_ids:1 nr_node_ids:1
[STDERR  ] 2018-04-25T15:42:19.634942243Z: [    0.000000] percpu: Embedded 44 pages/cpu @ffff9e28fa000000 s143256 r8192 d28776 u2097152
[STDERR  ] 2018-04-25T15:42:19.634967099Z: [    0.000000] Built 1 zonelists, mobility grouping on.  Total pages: 257896
[STDERR  ] 2018-04-25T15:42:19.634987186Z: [    0.000000] Kernel command line: console=ttyS0 console=ttyAMA0
[STDERR  ] 2018-04-25T15:42:19.635007633Z: [    0.000000] PID hash table entries: 4096 (order: 3, 32768 bytes)
[STDERR  ] 2018-04-25T15:42:19.635029626Z: [    0.000000] Dentry cache hash table entries: 131072 (order: 8, 1048576 bytes)
[STDERR  ] 2018-04-25T15:42:19.635048749Z: [    0.000000] Inode-cache hash table entries: 65536 (order: 7, 524288 bytes)
[STDERR  ] 2018-04-25T15:42:19.635069182Z: [    0.000000] Memory: 910468K/1048052K available (12300K kernel code, 1464K rwdata, 2988K rodata, 1508K init, 632K bss, 137584K reserved, 0K cma-reserved)
[STDERR  ] 2018-04-25T15:42:19.635095557Z: [    0.000000] ftrace: allocating 40962 entries in 161 pages
[STDERR  ] 2018-04-25T15:42:19.635115055Z: [    0.000000] Hierarchical RCU implementation.
[STDERR  ] 2018-04-25T15:42:19.635135427Z: [    0.000000] 	RCU restricting CPUs from NR_CPUS=128 to nr_cpu_ids=1.
[STDERR  ] 2018-04-25T15:42:19.635154818Z: [    0.000000] RCU: Adjusting geometry for rcu_fanout_leaf=16, nr_cpu_ids=1
[STDERR  ] 2018-04-25T15:42:19.635174189Z: [    0.000000] NR_IRQS: 8448, nr_irqs: 256, preallocated irqs: 16
[STDERR  ] 2018-04-25T15:42:19.635194131Z: [    0.000000] Console: colour VGA+ 80x25
[STDERR  ] 2018-04-25T15:42:19.635213607Z: [    0.000000] console [ttyS0] enabled
[STDERR  ] 2018-04-25T15:42:19.635234102Z: [    0.000000] clocksource: hpet: mask: 0xffffffff max_cycles: 0xffffffff, max_idle_ns: 19112604467 ns
[STDERR  ] 2018-04-25T15:42:19.635253676Z: [    0.010000] tsc: Fast TSC calibration using PIT
[STDERR  ] 2018-04-25T15:42:19.635273275Z: [    0.010000] tsc: Detected 2599.814 MHz processor
[STDERR  ] 2018-04-25T15:42:19.635292636Z: [    0.020449] Calibrating delay loop (skipped), value calculated using timer frequency.. 5199.62 BogoMIPS (lpj=25998140)
[STDERR  ] 2018-04-25T15:42:19.635312208Z: [    0.021654] pid_max: default: 32768 minimum: 301
[STDERR  ] 2018-04-25T15:42:19.635331252Z: [    0.022629] ACPI: Core revision 20170728
[STDERR  ] 2018-04-25T15:42:19.635350898Z: [    0.065528] ACPI: 1 ACPI AML tables successfully acquired and loaded
[STDERR  ] 2018-04-25T15:42:19.635372981Z: [    0.067397] Security Framework initialized
[STDERR  ] 2018-04-25T15:42:19.635395069Z: [    0.067878] Yama: becoming mindful.
[STDERR  ] 2018-04-25T15:42:19.635415313Z: [    0.070357] Mount-cache hash table entries: 2048 (order: 2, 16384 bytes)
[STDERR  ] 2018-04-25T15:42:19.635436521Z: [    0.070901] Mountpoint-cache hash table entries: 2048 (order: 2, 16384 bytes)
[STDERR  ] 2018-04-25T15:42:19.635455879Z: [    0.090309] Last level iTLB entries: 4KB 0, 2MB 0, 4MB 0
[STDERR  ] 2018-04-25T15:42:19.635479851Z: [    0.090778] Last level dTLB entries: 4KB 0, 2MB 0, 4MB 0, 1GB 0
[STDERR  ] 2018-04-25T15:42:19.635499241Z: [    0.091260] Spectre V2 : Spectre mitigation: LFENCE not serializing, switching to generic retpoline
[STDERR  ] 2018-04-25T15:42:19.635518584Z: [    0.091939] Spectre V2 : Vulnerable: Minimal generic ASM retpoline
[STDERR  ] 2018-04-25T15:42:19.635537979Z: [    0.092387] Spectre V2 : Spectre v2 mitigation: Filling RSB on context switch
[STDERR  ] 2018-04-25T15:42:19.635561867Z: [    0.367271] Freeing SMP alternatives memory: 20K
[STDERR  ] 2018-04-25T15:42:19.635581496Z: [    0.387954] smpboot: Max logical packages: 1
[STDERR  ] 2018-04-25T15:42:19.635602183Z: [    0.394179] ..TIMER: vector=0x30 apic1=0 pin1=2 apic2=-1 pin2=-1
[STDERR  ] 2018-04-25T15:42:19.635622160Z: [    0.500000] smpboot: CPU0: AMD QEMU Virtual CPU version 2.5+ (family: 0x6, model: 0x6, stepping: 0x3)
[STDERR  ] 2018-04-25T15:42:19.635641491Z: [    0.500000] Performance Events: PMU not available due to virtualization, using software events only.
[STDERR  ] 2018-04-25T15:42:19.635661866Z: [    0.501139] Hierarchical SRCU implementation.
[STDERR  ] 2018-04-25T15:42:19.635681277Z: [    0.507657] NMI watchdog: Perf event create on CPU 0 failed with -2
[STDERR  ] 2018-04-25T15:42:19.635700639Z: [    0.508156] NMI watchdog: Perf NMI watchdog permanently disabled
[STDERR  ] 2018-04-25T15:42:19.635726688Z: [    0.513352] smp: Bringing up secondary CPUs ...
[STDERR  ] 2018-04-25T15:42:19.635746299Z: [    0.513817] smp: Brought up 1 node, 1 CPU
[STDERR  ] 2018-04-25T15:42:19.635765556Z: [    0.514177] smpboot: Total of 1 processors activated (5199.62 BogoMIPS)
[STDERR  ] 2018-04-25T15:42:19.635788696Z: [    0.534479] devtmpfs: initialized
[STDERR  ] 2018-04-25T15:42:19.635807902Z: [    0.539183] x86/mm: Memory block size: 128MB
[STDERR  ] 2018-04-25T15:42:19.635828179Z: [    0.546963] evm: security.ima
[STDERR  ] 2018-04-25T15:42:19.635847648Z: [    0.547353] evm: security.capability
[STDERR  ] 2018-04-25T15:42:19.635872268Z: [    0.551601] clocksource: jiffies: mask: 0xffffffff max_cycles: 0xffffffff, max_idle_ns: 19112604462750000 ns
[STDERR  ] 2018-04-25T15:42:19.635892006Z: [    0.552593] futex hash table entries: 256 (order: 2, 16384 bytes)
[STDERR  ] 2018-04-25T15:42:19.635913186Z: [    0.564779] NET: Registered protocol family 16
[STDERR  ] 2018-04-25T15:42:19.635932267Z: [    0.572796] cpuidle: using governor ladder
[STDERR  ] 2018-04-25T15:42:19.635951928Z: [    0.573445] cpuidle: using governor menu
[STDERR  ] 2018-04-25T15:42:19.635972668Z: [    0.575626] ACPI: bus type PCI registered
[STDERR  ] 2018-04-25T15:42:19.635992945Z: [    0.579033] PCI: MMCONFIG for domain 0000 [bus 00-ff] at [mem 0xb0000000-0xbfffffff] (base 0xb0000000)
[STDERR  ] 2018-04-25T15:42:19.636013303Z: [    0.580378] PCI: MMCONFIG at [mem 0xb0000000-0xbfffffff] reserved in E820
[STDERR  ] 2018-04-25T15:42:19.636037358Z: [    0.581777] PCI: Using configuration type 1 for base access
[STDERR  ] 2018-04-25T15:42:19.636056863Z: [    0.641899] HugeTLB registered 2.00 MiB page size, pre-allocated 0 pages
[STDERR  ] 2018-04-25T15:42:19.636076326Z: [    0.655239] ACPI: Added _OSI(Module Device)
[STDERR  ] 2018-04-25T15:42:19.636096201Z: [    0.655654] ACPI: Added _OSI(Processor Device)
[STDERR  ] 2018-04-25T15:42:19.636115949Z: [    0.655988] ACPI: Added _OSI(3.0 _SCP Extensions)
[STDERR  ] 2018-04-25T15:42:19.636136547Z: [    0.656327] ACPI: Added _OSI(Processor Aggregator Device)
[STDERR  ] 2018-04-25T15:42:19.636156165Z: [    0.736155] ACPI: Interpreter enabled
[STDERR  ] 2018-04-25T15:42:19.636175525Z: [    0.737031] ACPI: (supports S0 S5)
[STDERR  ] 2018-04-25T15:42:19.636194637Z: [    0.737385] ACPI: Using IOAPIC for interrupt routing
[STDERR  ] 2018-04-25T15:42:19.636214436Z: [    0.740481] PCI: Using host bridge windows from ACPI; if necessary, use "pci=nocrs" and report a bug
[STDERR  ] 2018-04-25T15:42:19.636234305Z: [    0.744273] ACPI: Enabled 2 GPEs in block 00 to 3F
[STDERR  ] 2018-04-25T15:42:19.636254192Z: [    0.815807] ACPI: PCI Root Bridge [PCI0] (domain 0000 [bus 00-ff])
[STDERR  ] 2018-04-25T15:42:19.636280700Z: [    0.816964] acpi PNP0A08:00: _OSC: OS supports [ExtendedConfig ASPM ClockPM Segments MSI]
[STDERR  ] 2018-04-25T15:42:19.636300173Z: [    0.822255] acpi PNP0A08:00: _OSC: OS now controls [PCIeHotplug PME PCIeCapability]
[STDERR  ] 2018-04-25T15:42:19.636319422Z: [    0.826236] PCI host bridge to bus 0000:00
[STDERR  ] 2018-04-25T15:42:19.636344590Z: [    0.826867] pci_bus 0000:00: root bus resource [io  0x0000-0x0cf7 window]
[STDERR  ] 2018-04-25T15:42:19.636370259Z: [    0.827503] pci_bus 0000:00: root bus resource [io  0x0d00-0xffff window]
[STDERR  ] 2018-04-25T15:42:19.636395897Z: [    0.828055] pci_bus 0000:00: root bus resource [mem 0x000a0000-0x000bffff window]
[STDERR  ] 2018-04-25T15:42:19.636419423Z: [    0.828662] pci_bus 0000:00: root bus resource [mem 0xc0000000-0xfebfffff window]
[STDERR  ] 2018-04-25T15:42:19.636439339Z: [    0.829350] pci_bus 0000:00: root bus resource [bus 00-ff]
[STDERR  ] 2018-04-25T15:42:19.636461639Z: [    0.991567] pci 0000:00:1f.0: quirk: [io  0x0600-0x067f] claimed by ICH6 ACPI/GPIO/TCO
[STDERR  ] 2018-04-25T15:42:19.636481017Z: [    1.086325] ACPI: PCI Interrupt Link [LNKA] (IRQs 5 *10 11)
[STDERR  ] 2018-04-25T15:42:19.636500424Z: [    1.088513] ACPI: PCI Interrupt Link [LNKB] (IRQs 5 *10 11)
[STDERR  ] 2018-04-25T15:42:19.636520283Z: [    1.091945] ACPI: PCI Interrupt Link [LNKC] (IRQs 5 10 *11)
[STDERR  ] 2018-04-25T15:42:19.636543985Z: [    1.093789] ACPI: PCI Interrupt Link [LNKD] (IRQs 5 10 *11)
[STDERR  ] 2018-04-25T15:42:19.636564611Z: [    1.095573] ACPI: PCI Interrupt Link [LNKE] (IRQs 5 *10 11)
[STDERR  ] 2018-04-25T15:42:19.636584919Z: [    1.097343] ACPI: PCI Interrupt Link [LNKF] (IRQs 5 *10 11)
[STDERR  ] 2018-04-25T15:42:19.636604011Z: [    1.099076] ACPI: PCI Interrupt Link [LNKG] (IRQs 5 10 *11)
[STDERR  ] 2018-04-25T15:42:19.636623549Z: [    1.101520] ACPI: PCI Interrupt Link [LNKH] (IRQs 5 10 *11)
[STDERR  ] 2018-04-25T15:42:19.636643573Z: [    1.102533] ACPI: PCI Interrupt Link [GSIA] (IRQs *16)
[STDERR  ] 2018-04-25T15:42:19.636662856Z: [    1.103273] ACPI: PCI Interrupt Link [GSIB] (IRQs *17)
[STDERR  ] 2018-04-25T15:42:19.636682124Z: [    1.103955] ACPI: PCI Interrupt Link [GSIC] (IRQs *18)
[STDERR  ] 2018-04-25T15:42:19.636701547Z: [    1.104604] ACPI: PCI Interrupt Link [GSID] (IRQs *19)
[STDERR  ] 2018-04-25T15:42:19.636721369Z: [    1.105164] ACPI: PCI Interrupt Link [GSIE] (IRQs *20)
[STDERR  ] 2018-04-25T15:42:19.636740795Z: [    1.105849] ACPI: PCI Interrupt Link [GSIF] (IRQs *21)
[STDERR  ] 2018-04-25T15:42:19.636761383Z: [    1.106544] ACPI: PCI Interrupt Link [GSIG] (IRQs *22)
[STDERR  ] 2018-04-25T15:42:19.636780762Z: [    1.107245] ACPI: PCI Interrupt Link [GSIH] (IRQs *23)
[STDERR  ] 2018-04-25T15:42:19.636799849Z: [    1.116152] SCSI subsystem initialized
[STDERR  ] 2018-04-25T15:42:19.636819055Z: [    1.119403] ACPI: bus type USB registered
[STDERR  ] 2018-04-25T15:42:19.636838206Z: [    1.120898] usbcore: registered new interface driver usbfs
[STDERR  ] 2018-04-25T15:42:19.636857448Z: [    1.121790] usbcore: registered new interface driver hub
[STDERR  ] 2018-04-25T15:42:19.636881298Z: [    1.122886] usbcore: registered new device driver usb
[STDERR  ] 2018-04-25T15:42:19.636900400Z: [    1.124063] pps_core: LinuxPPS API ver. 1 registered
[STDERR  ] 2018-04-25T15:42:19.636919496Z: [    1.124511] pps_core: Software ver. 5.3.6 - Copyright 2005-2007 Rodolfo Giometti <giometti@linux.it>
[STDERR  ] 2018-04-25T15:42:19.636938695Z: [    1.125384] PTP clock support registered
[STDERR  ] 2018-04-25T15:42:19.636958461Z: [    1.127717] PCI: Using ACPI for IRQ routing
[STDERR  ] 2018-04-25T15:42:19.636977931Z: [    1.148245] NetLabel: Initializing
[STDERR  ] 2018-04-25T15:42:19.636996990Z: [    1.148727] NetLabel:  domain hash size = 128
[STDERR  ] 2018-04-25T15:42:19.637016061Z: [    1.149097] NetLabel:  protocols = UNLABELED CIPSOv4 CALIPSO
[STDERR  ] 2018-04-25T15:42:19.637035271Z: [    1.151981] NetLabel:  unlabeled traffic allowed by default
[STDERR  ] 2018-04-25T15:42:19.637082088Z: [    1.153958] HPET: 3 timers in total, 0 timers will be used for per-cpu timer
[STDERR  ] 2018-04-25T15:42:19.637102587Z: [    1.154935] hpet0: at MMIO 0xfed00000, IRQs 2, 8, 0
[STDERR  ] 2018-04-25T15:42:19.637123456Z: [    1.155472] hpet0: 3 comparators, 64-bit 100.000000 MHz counter
[STDERR  ] 2018-04-25T15:42:19.637143270Z: [    1.161898] clocksource: Switched to clocksource hpet
[STDERR  ] 2018-04-25T15:42:19.637168599Z: [    1.515264] VFS: Disk quotas dquot_6.6.0
[STDERR  ] 2018-04-25T15:42:19.637189090Z: [    1.516168] VFS: Dquot-cache hash table entries: 512 (order 0, 4096 bytes)
[STDERR  ] 2018-04-25T15:42:19.637210596Z: [    1.519059] FS-Cache: Loaded
[STDERR  ] 2018-04-25T15:42:19.637232442Z: [    1.525240] CacheFiles: Loaded
[STDERR  ] 2018-04-25T15:42:19.637252186Z: [    1.526416] pnp: PnP ACPI init
[STDERR  ] 2018-04-25T15:42:19.637271522Z: [    1.538107] pnp: PnP ACPI: found 5 devices
[STDERR  ] 2018-04-25T15:42:19.637290918Z: [    1.580614] clocksource: acpi_pm: mask: 0xffffff max_cycles: 0xffffff, max_idle_ns: 2085701024 ns
[STDERR  ] 2018-04-25T15:42:19.637313666Z: [    1.583781] NET: Registered protocol family 2
[STDERR  ] 2018-04-25T15:42:19.637333183Z: [    1.592477] TCP established hash table entries: 8192 (order: 4, 65536 bytes)
[STDERR  ] 2018-04-25T15:42:19.637352773Z: [    1.593366] TCP bind hash table entries: 8192 (order: 5, 131072 bytes)
[STDERR  ] 2018-04-25T15:42:19.637374520Z: [    1.595039] TCP: Hash tables configured (established 8192 bind 8192)
[STDERR  ] 2018-04-25T15:42:19.637397743Z: [    1.597328] UDP hash table entries: 512 (order: 2, 16384 bytes)
[STDERR  ] 2018-04-25T15:42:19.637417610Z: [    1.597989] UDP-Lite hash table entries: 512 (order: 2, 16384 bytes)
[STDERR  ] 2018-04-25T15:42:19.637437469Z: [    1.601032] NET: Registered protocol family 1
[STDERR  ] 2018-04-25T15:42:19.637457204Z: [    1.602122] pci 0000:00:01.0: Video device with shadowed ROM at [mem 0x000c0000-0x000dffff]
[STDERR  ] 2018-04-25T15:42:19.637476652Z: [    1.608396] Trying to unpack rootfs image as initramfs...
[STDERR  ] 2018-04-25T15:42:19.637496021Z: [   17.464952] Freeing initrd memory: 94332K
[STDERR  ] 2018-04-25T15:42:19.637516470Z: [   17.492666] PCLMULQDQ-NI instructions are not detected.
[STDERR  ] 2018-04-25T15:42:19.637535781Z: [   17.494153] AVX or AES-NI instructions are not detected.
[STDERR  ] 2018-04-25T15:42:19.637555223Z: [   17.494655] CPU feature 'AVX registers' is not supported.
[STDERR  ] 2018-04-25T15:42:19.637580763Z: [   17.495046] CPU feature 'AVX registers' is not supported.
[STDERR  ] 2018-04-25T15:42:19.637600627Z: [   17.495441] CPU feature 'AVX registers' is not supported.
[STDERR  ] 2018-04-25T15:42:19.637620162Z: [   17.495852] CPU feature 'AVX registers' is not supported.
[STDERR  ] 2018-04-25T15:42:19.637639075Z: [   17.496249] AVX2 or AES-NI instructions are not detected.
[STDERR  ] 2018-04-25T15:42:19.637658116Z: [   17.496672] AVX2 instructions are not detected.
[STDERR  ] 2018-04-25T15:42:19.637677344Z: [   17.503470] audit: initializing netlink subsys (disabled)
[STDERR  ] 2018-04-25T15:42:19.637696425Z: [   17.512039] audit: type=2000 audit(1524670869.500:1): state=initialized audit_enabled=0 res=1
[STDERR  ] 2018-04-25T15:42:19.637715987Z: [   17.514189] workingset: timestamp_bits=46 max_order=18 bucket_order=0
[STDERR  ] 2018-04-25T15:42:19.637736334Z: [   17.519982] squashfs: version 4.0 (2009/01/31) Phillip Lougher
[STDERR  ] 2018-04-25T15:42:19.637756657Z: [   17.524209] FS-Cache: Netfs 'cifs' registered for caching
[STDERR  ] 2018-04-25T15:42:19.637776356Z: [   17.525423] fuse init (API version 7.26)
[STDERR  ] 2018-04-25T15:42:19.637795789Z: [   17.528262] SGI XFS with ACLs, security attributes, no debug enabled
[STDERR  ] 2018-04-25T15:42:19.637815168Z: [   17.533651] 9p: Installing v9fs 9p2000 file system support
[STDERR  ] 2018-04-25T15:42:19.637834400Z: [   17.534321] FS-Cache: Netfs '9p' registered for caching
[STDERR  ] 2018-04-25T15:42:19.637853585Z: [   17.575115] NET: Registered protocol family 38
[STDERR  ] 2018-04-25T15:42:19.637883235Z: [   17.575863] Key type asymmetric registered
[STDERR  ] 2018-04-25T15:42:19.637902423Z: [   17.576401] Asymmetric key parser 'x509' registered
[STDERR  ] 2018-04-25T15:42:19.637921743Z: [   17.577465] Block layer SCSI generic (bsg) driver version 0.4 loaded (major 247)
[STDERR  ] 2018-04-25T15:42:19.637941043Z: [   17.579160] io scheduler noop registered
[STDERR  ] 2018-04-25T15:42:19.637960336Z: [   17.579567] io scheduler deadline registered (default)
[STDERR  ] 2018-04-25T15:42:19.637984728Z: [   17.582307] io scheduler cfq registered
[STDERR  ] 2018-04-25T15:42:19.638004511Z: [   17.582657] io scheduler mq-deadline registered
[STDERR  ] 2018-04-25T15:42:19.638024040Z: [   17.583011] io scheduler kyber registered
[STDERR  ] 2018-04-25T15:42:19.638046947Z: [   17.586245] shpchp: Standard Hot Plug PCI Controller Driver version: 0.4
[STDERR  ] 2018-04-25T15:42:19.638066853Z: [   17.587066] hv_vmbus: registering driver hyperv_fb
[STDERR  ] 2018-04-25T15:42:19.638086301Z: [   17.591615] input: Power Button as /devices/LNXSYSTM:00/LNXPWRBN:00/input/input0
[STDERR  ] 2018-04-25T15:42:19.638106245Z: [   17.594704] ACPI: Power Button [PWRF]
[STDERR  ] 2018-04-25T15:42:19.638125342Z: [   17.614970] ACPI: PCI Interrupt Link [GSIG] enabled at IRQ 22
[STDERR  ] 2018-04-25T15:42:19.638144825Z: [   17.631553] ACPI: PCI Interrupt Link [GSIH] enabled at IRQ 23
[STDERR  ] 2018-04-25T15:42:19.638164306Z: [   17.638819] Serial: 8250/16550 driver, 4 ports, IRQ sharing disabled
[STDERR  ] 2018-04-25T15:42:19.638183452Z: [   17.665849] 00:04: ttyS0 at I/O 0x3f8 (irq = 4, base_baud = 115200) is a 16550A
[STDERR  ] 2018-04-25T15:42:19.638202748Z: [   17.676417] Non-volatile memory driver v1.3
[STDERR  ] 2018-04-25T15:42:19.638222105Z: [   17.684388] Hangcheck: starting hangcheck timer 0.9.1 (tick is 180 seconds, margin is 60 seconds).
[STDERR  ] 2018-04-25T15:42:19.638244896Z: [   17.701437] random: crng init done
[STDERR  ] 2018-04-25T15:42:19.638264122Z: [   17.763827] brd: module loaded
[STDERR  ] 2018-04-25T15:42:19.638283471Z: [   17.801223] loop: module loaded
[STDERR  ] 2018-04-25T15:42:19.638302734Z: [   17.874326] lpc_ich 0000:00:1f.0: I/O space for GPIO uninitialized
[STDERR  ] 2018-04-25T15:42:19.638322014Z: [   17.876666] VMware PVSCSI driver - version 1.0.7.0-k
[STDERR  ] 2018-04-25T15:42:19.638341801Z: [   17.877447] hv_vmbus: registering driver hv_storvsc
[STDERR  ] 2018-04-25T15:42:19.638383268Z: [   17.889408] ACPI: PCI Interrupt Link [GSIA] enabled at IRQ 16
[STDERR  ] 2018-04-25T15:42:19.638403396Z: [   17.897535] ahci 0000:00:1f.2: AHCI 0001.0000 32 slots 6 ports 1.5 Gbps 0x3f impl SATA mode
[STDERR  ] 2018-04-25T15:42:19.638439056Z: [   17.898427] ahci 0000:00:1f.2: flags: 64bit ncq only 
[STDERR  ] 2018-04-25T15:42:19.638458901Z: [   17.915909] scsi host0: ahci
[STDERR  ] 2018-04-25T15:42:19.638482036Z: [   17.919683] scsi host1: ahci
[STDERR  ] 2018-04-25T15:42:19.638501897Z: [   17.922578] scsi host2: ahci
[STDERR  ] 2018-04-25T15:42:19.638521575Z: [   17.925745] scsi host3: ahci
[STDERR  ] 2018-04-25T15:42:19.638540922Z: [   17.928760] scsi host4: ahci
[STDERR  ] 2018-04-25T15:42:19.638559948Z: [   17.931585] scsi host5: ahci
[STDERR  ] 2018-04-25T15:42:19.638578877Z: [   17.933389] ata1: SATA max UDMA/133 abar m4096@0xfebd2000 port 0xfebd2100 irq 24
[STDERR  ] 2018-04-25T15:42:19.638598636Z: [   17.934123] ata2: SATA max UDMA/133 abar m4096@0xfebd2000 port 0xfebd2180 irq 24
[STDERR  ] 2018-04-25T15:42:19.638621150Z: [   17.934776] ata3: SATA max UDMA/133 abar m4096@0xfebd2000 port 0xfebd2200 irq 24
[STDERR  ] 2018-04-25T15:42:19.638640196Z: [   17.935462] ata4: SATA max UDMA/133 abar m4096@0xfebd2000 port 0xfebd2280 irq 24
[STDERR  ] 2018-04-25T15:42:19.638659195Z: [   17.936153] ata5: SATA max UDMA/133 abar m4096@0xfebd2000 port 0xfebd2300 irq 24
[STDERR  ] 2018-04-25T15:42:19.638678295Z: [   17.936864] ata6: SATA max UDMA/133 abar m4096@0xfebd2000 port 0xfebd2380 irq 24
[STDERR  ] 2018-04-25T15:42:19.638697593Z: [   17.953015] tun: Universal TUN/TAP device driver, 1.6
[STDERR  ] 2018-04-25T15:42:19.638722251Z: [   17.967042] VMware vmxnet3 virtual NIC driver - version 1.4.a.0-k-NAPI
[STDERR  ] 2018-04-25T15:42:19.638741458Z: [   17.968013] hv_vmbus: registering driver hv_netvsc
[STDERR  ] 2018-04-25T15:42:19.638761875Z: [   17.968422] Fusion MPT base driver 3.04.20
[STDERR  ] 2018-04-25T15:42:19.638803689Z: [   17.968822] Copyright (c) 1999-2008 LSI Corporation
[STDERR  ] 2018-04-25T15:42:19.638833242Z: [   17.969444] Fusion MPT SPI Host driver 3.04.20
[STDERR  ] 2018-04-25T15:42:19.638879719Z: [   17.972327] i8042: PNP: PS/2 Controller [PNP0303:KBD,PNP0f13:MOU] at 0x60,0x64 irq 1,12
[STDERR  ] 2018-04-25T15:42:19.638971521Z: [   17.978663] serio: i8042 KBD port at 0x60,0x64 irq 1
[STDERR  ] 2018-04-25T15:42:19.638993746Z: [   17.979540] serio: i8042 AUX port at 0x60,0x64 irq 12
[STDERR  ] 2018-04-25T15:42:19.639013451Z: [   17.982977] hv_vmbus: registering driver hyperv_keyboard
[STDERR  ] 2018-04-25T15:42:19.639032800Z: [   17.985443] mousedev: PS/2 mouse device common for all mice
[STDERR  ] 2018-04-25T15:42:19.639061532Z: [   17.992014] input: AT Translated Set 2 keyboard as /devices/platform/i8042/serio0/input/input1
[STDERR  ] 2018-04-25T15:42:19.639091932Z: [   17.995280] input: PC Speaker as /devices/platform/pcspkr/input/input2
[STDERR  ] 2018-04-25T15:42:19.639125473Z: [   17.999747] rtc_cmos 00:00: RTC can wake from S4
[STDERR  ] 2018-04-25T15:42:19.639159135Z: [   18.003793] rtc_cmos 00:00: rtc core: registered rtc_cmos as rtc0
[STDERR  ] 2018-04-25T15:42:19.639189888Z: [   18.005373] rtc_cmos 00:00: alarms up to one day, y3k, 114 bytes nvram, hpet irqs
[STDERR  ] 2018-04-25T15:42:19.639220597Z: [   18.006330] i2c /dev entries driver
[STDERR  ] 2018-04-25T15:42:19.639251773Z: [   18.008828] device-mapper: ioctl: 4.37.0-ioctl (2017-09-20) initialised: dm-devel@redhat.com
[STDERR  ] 2018-04-25T15:42:19.639283618Z: [   18.014290] usbcore: registered new interface driver usbhid
[STDERR  ] 2018-04-25T15:42:19.639314489Z: [   18.014845] usbhid: USB HID core driver
[STDERR  ] 2018-04-25T15:42:19.639350685Z: [   18.015640] hv_utils: Registering HyperV Utility Driver
[STDERR  ] 2018-04-25T15:42:19.639382159Z: [   18.016080] hv_vmbus: registering driver hv_util
[STDERR  ] 2018-04-25T15:42:19.639415374Z: [   18.016444] hv_vmbus: registering driver hv_balloon
[STDERR  ] 2018-04-25T15:42:19.639450032Z: [   18.017085] oprofile: using NMI interrupt.
[STDERR  ] 2018-04-25T15:42:19.639478641Z: [   18.018473] GACT probability on
[STDERR  ] 2018-04-25T15:42:19.639509559Z: [   18.018858] Mirror/redirect action on
[STDERR  ] 2018-04-25T15:42:19.639541067Z: [   18.019494] Simple TC action Loaded
[STDERR  ] 2018-04-25T15:42:19.639579357Z: [   18.020023] u32 classifier
[STDERR  ] 2018-04-25T15:42:19.639614099Z: [   18.020885]     Performance counters on
[STDERR  ] 2018-04-25T15:42:19.639641435Z: [   18.021234]     input device check on
[STDERR  ] 2018-04-25T15:42:19.639674075Z: [   18.021566]     Actions configured
[STDERR  ] 2018-04-25T15:42:19.639706107Z: [   18.022498] Netfilter messages via NETLINK v0.30.
[STDERR  ] 2018-04-25T15:42:19.639735320Z: [   18.023165] nfnl_acct: registering with nfnetlink.
[STDERR  ] 2018-04-25T15:42:19.639761964Z: [   18.024892] nf_conntrack version 0.5.0 (8192 buckets, 32768 max)
[STDERR  ] 2018-04-25T15:42:19.639793770Z: [   18.028184] ctnetlink v0.93: registering with nfnetlink.
[STDERR  ] 2018-04-25T15:42:19.639825420Z: [   18.031958] nf_tables: (c) 2007-2009 Patrick McHardy <kaber@trash.net>
[STDERR  ] 2018-04-25T15:42:19.639849798Z: [   18.032989] nf_tables_compat: (c) 2012 Pablo Neira Ayuso <pablo@netfilter.org>
[STDERR  ] 2018-04-25T15:42:19.639876845Z: [   18.035684] xt_time: kernel timezone is -0000
[STDERR  ] 2018-04-25T15:42:19.639906715Z: [   18.036354] ip_set: protocol 6
[STDERR  ] 2018-04-25T15:42:19.639927488Z: [   18.037135] IPVS: Registered protocols (TCP, UDP, SCTP, AH, ESP)
[STDERR  ] 2018-04-25T15:42:19.639952241Z: [   18.037850] IPVS: Connection hash table configured (size=4096, memory=64Kbytes)
[STDERR  ] 2018-04-25T15:42:19.639975084Z: [   18.042878] IPVS: ipvs loaded.
[STDERR  ] 2018-04-25T15:42:19.640023475Z: [   18.043333] IPVS: [rr] scheduler registered.
[STDERR  ] 2018-04-25T15:42:19.640046495Z: [   18.043676] IPVS: [wrr] scheduler registered.
[STDERR  ] 2018-04-25T15:42:19.640074998Z: [   18.044056] IPVS: [lc] scheduler registered.
[STDERR  ] 2018-04-25T15:42:19.640100504Z: [   18.044405] IPVS: [wlc] scheduler registered.
[STDERR  ] 2018-04-25T15:42:19.640129482Z: [   18.044807] IPVS: [fo] scheduler registered.
[STDERR  ] 2018-04-25T15:42:19.640160380Z: [   18.045144] IPVS: [ovf] scheduler registered.
[STDERR  ] 2018-04-25T15:42:19.640181909Z: [   18.045669] IPVS: [lblc] scheduler registered.
[STDERR  ] 2018-04-25T15:42:19.640201686Z: [   18.046141] IPVS: [lblcr] scheduler registered.
[STDERR  ] 2018-04-25T15:42:19.640222148Z: [   18.046493] IPVS: [dh] scheduler registered.
[STDERR  ] 2018-04-25T15:42:19.640241911Z: [   18.046805] IPVS: [sh] scheduler registered.
[STDERR  ] 2018-04-25T15:42:19.640266811Z: [   18.047206] IPVS: [sed] scheduler registered.
[STDERR  ] 2018-04-25T15:42:19.640286539Z: [   18.047611] IPVS: [nq] scheduler registered.
[STDERR  ] 2018-04-25T15:42:19.640308791Z: [   18.048445] IPVS: ftp: loaded support on port[0] = 21
[STDERR  ] 2018-04-25T15:42:19.640330232Z: [   18.049528] ipip: IPv4 and MPLS over IPv4 tunneling driver
[STDERR  ] 2018-04-25T15:42:19.640354643Z: [   18.055059] gre: GRE over IPv4 demultiplexor driver
[STDERR  ] 2018-04-25T15:42:19.640379635Z: [   18.058198] ip_tables: (C) 2000-2006 Netfilter Core Team
[STDERR  ] 2018-04-25T15:42:19.640423688Z: [   18.062820] ipt_CLUSTERIP: ClusterIP Version 0.8 loaded successfully
[STDERR  ] 2018-04-25T15:42:19.640453727Z: [   18.063676] arp_tables: arp_tables: (C) 2002 David S. Miller
[STDERR  ] 2018-04-25T15:42:19.640476678Z: [   18.066265] NET: Registered protocol family 10
[STDERR  ] 2018-04-25T15:42:19.640496867Z: [   18.077639] Segment Routing with IPv6
[STDERR  ] 2018-04-25T15:42:19.640520330Z: [   18.078931] ip6_tables: (C) 2000-2006 Netfilter Core Team
[STDERR  ] 2018-04-25T15:42:19.640540783Z: [   18.089338] NET: Registered protocol family 17
[STDERR  ] 2018-04-25T15:42:19.640560143Z: [   18.091710] Bridge firewalling registered
[STDERR  ] 2018-04-25T15:42:19.640579591Z: [   18.092494] Ebtables v2.0 registered
[STDERR  ] 2018-04-25T15:42:19.640601836Z: [   18.094944] 8021q: 802.1Q VLAN Support v1.8
[STDERR  ] 2018-04-25T15:42:19.640632389Z: [   18.096751] 9pnet: Installing 9P2000 support
[STDERR  ] 2018-04-25T15:42:19.640658407Z: [   18.098972] Key type dns_resolver registered
[STDERR  ] 2018-04-25T15:42:19.640680924Z: [   18.101825] sched_clock: Marking stable (18100379330, 0)->(18204748227, -104368897)
[STDERR  ] 2018-04-25T15:42:19.640711979Z: [   18.106409] registered taskstats version 1
[STDERR  ] 2018-04-25T15:42:19.640741347Z: [   18.274682] ata3: SATA link up 1.5 Gbps (SStatus 113 SControl 300)
[STDERR  ] 2018-04-25T15:42:19.640771167Z: [   18.281321] ata3.00: ATAPI: QEMU DVD-ROM, 2.5+, max UDMA/100
[STDERR  ] 2018-04-25T15:42:19.640791698Z: [   18.282222] ata3.00: applying bridge limits
[STDERR  ] 2018-04-25T15:42:19.640810950Z: [   18.284386] ata6: SATA link down (SStatus 0 SControl 300)
[STDERR  ] 2018-04-25T15:42:19.640835337Z: [   18.286284] ata2: SATA link down (SStatus 0 SControl 300)
[STDERR  ] 2018-04-25T15:42:19.640856220Z: [   18.287120] ata1: SATA link down (SStatus 0 SControl 300)
[STDERR  ] 2018-04-25T15:42:19.640885052Z: [   18.287753] ata5: SATA link down (SStatus 0 SControl 300)
[STDERR  ] 2018-04-25T15:42:19.640904367Z: [   18.288442] ata4: SATA link down (SStatus 0 SControl 300)
[STDERR  ] 2018-04-25T15:42:19.640928122Z: [   18.302684] ata3.00: configured for UDMA/100
[STDERR  ] 2018-04-25T15:42:19.640947664Z: [   18.323168] scsi 2:0:0:0: CD-ROM            QEMU     QEMU DVD-ROM     2.5+ PQ: 0 ANSI: 5
[STDERR  ] 2018-04-25T15:42:19.640967487Z: [   18.365374] sr 2:0:0:0: [sr0] scsi3-mmc drive: 4x/4x cd/rw xa/form2 tray
[STDERR  ] 2018-04-25T15:42:19.640986854Z: [   18.366456] cdrom: Uniform CD-ROM driver Revision: 3.20
[STDERR  ] 2018-04-25T15:42:19.641012223Z: [   18.386697] sr 2:0:0:0: Attached scsi generic sg0 type 5
[STDERR  ] 2018-04-25T15:42:19.641051348Z: [   18.447908] Key type big_key registered
[STDERR  ] 2018-04-25T15:42:19.641070591Z: [   18.481038] tsc: Refined TSC clocksource calibration: 2599.795 MHz
[STDERR  ] 2018-04-25T15:42:19.641090200Z: [   18.481936] clocksource: tsc: mask: 0xffffffffffffffff max_cycles: 0x25797a77879, max_idle_ns: 440795235314 ns
[STDERR  ] 2018-04-25T15:42:19.641119201Z: [   18.553333] Key type trusted registered
[STDERR  ] 2018-04-25T15:42:19.641139472Z: [   18.651634] Key type encrypted registered
[STDERR  ] 2018-04-25T15:42:19.641168333Z: [   18.652510] ima: No TPM chip found, activating TPM-bypass! (rc=-19)
[STDERR  ] 2018-04-25T15:42:19.641196977Z: [   18.656778] evm: HMAC attrs: 0x1
[STDERR  ] 2018-04-25T15:42:19.641224069Z: [   18.663222] rtc_cmos 00:00: setting system clock to 2018-04-25 15:41:11 UTC (1524670871)
[STDERR  ] 2018-04-25T15:42:19.641244363Z: [   18.853002] Freeing unused kernel memory: 1508K
[STDERR  ] 2018-04-25T15:42:19.641263715Z: [   18.853525] Write protecting the kernel read-only data: 18432k
[STDERR  ] 2018-04-25T15:42:19.641291298Z: [   18.872036] Freeing unused kernel memory: 2024K
[STDERR  ] 2018-04-25T15:42:19.641317420Z: [   18.959628] Freeing unused kernel memory: 1108K
[STDERR  ] 2018-04-25T15:42:19.641336778Z: [   19.497942] clocksource: Switched to clocksource tsc
[STDERR  ] 2018-04-25T15:42:19.641356137Z: 
[STDERR  ] 2018-04-25T15:42:19.641383764Z: Welcome to LinuxKit
[STDERR  ] 2018-04-25T15:42:19.641404083Z: 
[STDERR  ] 2018-04-25T15:42:19.641426862Z:                         ##         .
[STDERR  ] 2018-04-25T15:42:19.641446297Z:                   ## ## ##        ==
[STDERR  ] 2018-04-25T15:42:19.641470113Z:                ## ## ## ## ##    ===
[STDERR  ] 2018-04-25T15:42:19.641490268Z:            /"""""""""""""""""\___/ ===
[STDERR  ] 2018-04-25T15:42:19.641514906Z:           {                       /  ===-
[STDERR  ] 2018-04-25T15:42:19.641534158Z:            \______ O           __/
[STDERR  ] 2018-04-25T15:42:19.641554033Z:              \    \         __/
[STDERR  ] 2018-04-25T15:42:19.641573491Z:               \____\_______/
[STDERR  ] 2018-04-25T15:42:19.641596788Z: 
[STDERR  ] 2018-04-25T15:42:19.641615769Z: [   61.567792] 8021q: adding VLAN 0 to HW filter on device eth0
[STDERR  ] 2018-04-25T15:42:19.641638409Z: eth0: waiting for carrier
[STDERR  ] 2018-04-25T15:42:19.641657573Z: eth0: carrier acquired
[STDERR  ] 2018-04-25T15:42:19.641681739Z: DUID 00:01:00:01:22:73:5e:42:4e:06:35:5e:25:22
[STDERR  ] 2018-04-25T15:42:19.641701117Z: eth0: IAID 35:5e:25:22
[STDERR  ] 2018-04-25T15:42:19.641720368Z: eth0: adding address fe80::46fd:93e5:fa3c:d142
[STDERR  ] 2018-04-25T15:42:19.641739963Z: eth0: soliciting an IPv6 router
[STDERR  ] 2018-04-25T15:42:19.641766042Z: eth0: soliciting a DHCP lease
[STDERR  ] 2018-04-25T15:42:19.641786789Z: eth0: offered 10.0.2.15 from 10.0.2.2
[STDERR  ] 2018-04-25T15:42:19.641810842Z: eth0: leased 10.0.2.15 for 86400 seconds
[STDERR  ] 2018-04-25T15:42:19.641830160Z: eth0: adding route to 10.0.2.0/24
[STDERR  ] 2018-04-25T15:42:19.641849377Z: eth0: adding default route via 10.0.2.2
[STDERR  ] 2018-04-25T15:42:19.641876524Z: exiting due to oneshot
[STDERR  ] 2018-04-25T15:42:19.641899894Z: dhcpcd exited
[STDERR  ] 2018-04-25T15:42:19.641919538Z: [   62.869654] IPVS: ftp: loaded support on port[0] = 21
[STDERR  ] 2018-04-25T15:42:19.641939430Z: [   63.740160] wireguard: loading out-of-tree module taints kernel.
[STDERR  ] 2018-04-25T15:42:19.641958855Z: [   63.769203] wireguard: WireGuard 0.0.20180420 loaded. See www.wireguard.com for information.
[STDERR  ] 2018-04-25T15:42:19.641978429Z: [   63.770095] wireguard: Copyright (C) 2015-2018 Jason A. Donenfeld <Jason@zx2c4.com>. All Rights Reserved.
[STDERR  ] 2018-04-25T15:42:19.642001362Z: Created interface wg0 type wireguard
[STDERR  ] 2018-04-25T15:42:19.642020579Z: Moved interface wg0 to pid 322
[STDERR  ] 2018-04-25T15:42:19.642039753Z: [#] wg setconf wg0 /dev/fd/63
[STDERR  ] 2018-04-25T15:42:19.642064482Z: [#] ip address add 192.168.2.1/24 dev wg0
[STDERR  ] 2018-04-25T15:42:19.642092622Z: [#] ip link set mtu 65456 dev wg0
[STDERR  ] 2018-04-25T15:42:19.642112125Z: [#] ip link set wg0 up
[STDERR  ] 2018-04-25T15:42:19.642132207Z: [#] ip route add 0.0.0.0/0 dev wg0
[STDERR  ] 2018-04-25T15:42:19.642154942Z: [   66.138149] IPVS: ftp: loaded support on port[0] = 21
[STDERR  ] 2018-04-25T15:42:19.642178372Z: Created interface wg1 type wireguard
[STDERR  ] 2018-04-25T15:42:19.642201789Z: Moved interface wg1 to pid 382
[STDERR  ] 2018-04-25T15:42:19.642224611Z: [#] wg setconf wg1 /dev/fd/63
[STDERR  ] 2018-04-25T15:42:19.642247150Z: [#] ip address add 192.168.2.2/24 dev wg1
[STDERR  ] 2018-04-25T15:42:19.642266854Z: [#] ip link set mtu 65456 dev wg1
[STDERR  ] 2018-04-25T15:42:19.642287259Z: [#] ip link set wg1 up
[STDERR  ] 2018-04-25T15:42:19.642309980Z: [#] ip route add 0.0.0.0/0 dev wg1
[STDERR  ] 2018-04-25T15:42:19.642362989Z: [34mINFO[0m[0000] starting containerd                           [34mrevision[0m=209a7fc3e4a32ef71a8c7b50c68fc8398415badf [34mversion[0m=v1.1.0
[STDERR  ] 2018-04-25T15:42:19.642388214Z: [34mINFO[0m[0000] loading plugin "io.containerd.content.v1.content"...  [34mtype[0m=io.containerd.content.v1
[STDERR  ] 2018-04-25T15:42:19.642407872Z: [34mINFO[0m[0000] loading plugin "io.containerd.snapshotter.v1.btrfs"...  [34mtype[0m=io.containerd.snapshotter.v1
[STDERR  ] 2018-04-25T15:42:19.642430299Z: [33mWARN[0m[0000] failed to load plugin io.containerd.snapshotter.v1.btrfs  [33merror[0m="path /var/lib/containerd/io.containerd.snapshotter.v1.btrfs must be a btrfs filesystem to be used with the btrfs snapshotter"
[STDERR  ] 2018-04-25T15:42:19.642459004Z: [34mINFO[0m[0000] loading plugin "io.containerd.snapshotter.v1.aufs"...  [34mtype[0m=io.containerd.snapshotter.v1
[STDERR  ] 2018-04-25T15:42:19.642480131Z: [33mWARN[0m[0000] failed to load plugin io.containerd.snapshotter.v1.aufs  [33merror[0m="modprobe aufs failed: "modprobe: module aufs not found in modules.dep\n": exit status 1"
[STDERR  ] 2018-04-25T15:42:19.642503594Z: [34mINFO[0m[0000] loading plugin "io.containerd.snapshotter.v1.native"...  [34mtype[0m=io.containerd.snapshotter.v1
[STDERR  ] 2018-04-25T15:42:19.642538738Z: [34mINFO[0m[0000] loading plugin "io.containerd.snapshotter.v1.overlayfs"...  [34mtype[0m=io.containerd.snapshotter.v1
[STDERR  ] 2018-04-25T15:42:19.642558382Z: [34mINFO[0m[0000] loading plugin "io.containerd.snapshotter.v1.zfs"...  [34mtype[0m=io.containerd.snapshotter.v1
[STDERR  ] 2018-04-25T15:42:19.642578336Z: [33mWARN[0m[0000] failed to load plugin io.containerd.snapshotter.v1.zfs  [33merror[0m="path /var/lib/containerd/io.containerd.snapshotter.v1.zfs must be a zfs filesystem to be used with the zfs snapshotter"
[STDERR  ] 2018-04-25T15:42:19.642602143Z: [34mINFO[0m[0000] loading plugin "io.containerd.metadata.v1.bolt"...  [34mtype[0m=io.containerd.metadata.v1
[STDERR  ] 2018-04-25T15:42:19.642625855Z: [33mWARN[0m[0000] could not use snapshotter aufs in metadata plugin  [33merror[0m="modprobe aufs failed: "modprobe: module aufs not found in modules.dep\n": exit status 1"
[STDERR  ] 2018-04-25T15:42:19.642645875Z: [33mWARN[0m[0000] could not use snapshotter zfs in metadata plugin  [33merror[0m="path /var/lib/containerd/io.containerd.snapshotter.v1.zfs must be a zfs filesystem to be used with the zfs snapshotter"
[STDERR  ] 2018-04-25T15:42:19.642665460Z: [33mWARN[0m[0000] could not use snapshotter btrfs in metadata plugin  [33merror[0m="path /var/lib/containerd/io.containerd.snapshotter.v1.btrfs must be a btrfs filesystem to be used with the btrfs snapshotter"
[STDERR  ] 2018-04-25T15:42:19.642688194Z: [34mINFO[0m[0000] loading plugin "io.containerd.differ.v1.walking"...  [34mtype[0m=io.containerd.differ.v1
[STDERR  ] 2018-04-25T15:42:19.642707853Z: [34mINFO[0m[0000] loading plugin "io.containerd.gc.v1.scheduler"...  [34mtype[0m=io.containerd.gc.v1
[STDERR  ] 2018-04-25T15:42:19.642727507Z: [34mINFO[0m[0000] loading plugin "io.containerd.service.v1.containers-service"...  [34mtype[0m=io.containerd.service.v1
[STDERR  ] 2018-04-25T15:42:19.642764440Z: [34mINFO[0m[0000] loading plugin "io.containerd.service.v1.content-service"...  [34mtype[0m=io.containerd.service.v1
[STDERR  ] 2018-04-25T15:42:19.642783555Z: [34mINFO[0m[0000] loading plugin "io.containerd.service.v1.diff-service"...  [34mtype[0m=io.containerd.service.v1
[STDERR  ] 2018-04-25T15:42:19.642806449Z: [34mINFO[0m[0000] loading plugin "io.containerd.service.v1.images-service"...  [34mtype[0m=io.containerd.service.v1
[STDERR  ] 2018-04-25T15:42:19.642830463Z: [34mINFO[0m[0000] loading plugin "io.containerd.service.v1.leases-service"...  [34mtype[0m=io.containerd.service.v1
[STDERR  ] 2018-04-25T15:42:19.642850322Z: [34mINFO[0m[0000] loading plugin "io.containerd.service.v1.namespaces-service"...  [34mtype[0m=io.containerd.service.v1
[STDERR  ] 2018-04-25T15:42:19.642874264Z: [34mINFO[0m[0000] loading plugin "io.containerd.service.v1.snapshots-service"...  [34mtype[0m=io.containerd.service.v1
[STDERR  ] 2018-04-25T15:42:19.642897250Z: [34mINFO[0m[0000] loading plugin "io.containerd.monitor.v1.cgroups"...  [34mtype[0m=io.containerd.monitor.v1
[STDERR  ] 2018-04-25T15:42:19.642921042Z: [34mINFO[0m[0000] loading plugin "io.containerd.runtime.v1.linux"...  [34mtype[0m=io.containerd.runtime.v1
[STDERR  ] 2018-04-25T15:42:19.642940574Z: [34mINFO[0m[0000] loading plugin "io.containerd.service.v1.tasks-service"...  [34mtype[0m=io.containerd.service.v1
[STDERR  ] 2018-04-25T15:42:19.642959762Z: [34mINFO[0m[0000] loading plugin "io.containerd.grpc.v1.containers"...  [34mtype[0m=io.containerd.grpc.v1
[STDERR  ] 2018-04-25T15:42:19.642983251Z: [34mINFO[0m[0000] loading plugin "io.containerd.grpc.v1.content"...  [34mtype[0m=io.containerd.grpc.v1
[STDERR  ] 2018-04-25T15:42:19.643002970Z: [34mINFO[0m[0000] loading plugin "io.containerd.grpc.v1.diff"...  [34mtype[0m=io.containerd.grpc.v1
[STDERR  ] 2018-04-25T15:42:19.643022453Z: [34mINFO[0m[0000] loading plugin "io.containerd.grpc.v1.events"...  [34mtype[0m=io.containerd.grpc.v1
[STDERR  ] 2018-04-25T15:42:19.643051598Z: [34mINFO[0m[0000] loading plugin "io.containerd.grpc.v1.healthcheck"...  [34mtype[0m=io.containerd.grpc.v1
[STDERR  ] 2018-04-25T15:42:19.643075042Z: [34mINFO[0m[0000] loading plugin "io.containerd.grpc.v1.images"...  [34mtype[0m=io.containerd.grpc.v1
[STDERR  ] 2018-04-25T15:42:19.643094137Z: [34mINFO[0m[0000] loading plugin "io.containerd.grpc.v1.leases"...  [34mtype[0m=io.containerd.grpc.v1
[STDERR  ] 2018-04-25T15:42:19.643113500Z: [34mINFO[0m[0000] loading plugin "io.containerd.grpc.v1.namespaces"...  [34mtype[0m=io.containerd.grpc.v1
[STDERR  ] 2018-04-25T15:42:19.643139588Z: [34mINFO[0m[0000] loading plugin "io.containerd.grpc.v1.snapshots"...  [34mtype[0m=io.containerd.grpc.v1
[STDERR  ] 2018-04-25T15:42:19.643158657Z: [34mINFO[0m[0000] loading plugin "io.containerd.grpc.v1.tasks"...  [34mtype[0m=io.containerd.grpc.v1
[STDERR  ] 2018-04-25T15:42:19.643178238Z: [34mINFO[0m[0000] loading plugin "io.containerd.grpc.v1.version"...  [34mtype[0m=io.containerd.grpc.v1
[STDERR  ] 2018-04-25T15:42:19.643197725Z: [34mINFO[0m[0000] loading plugin "io.containerd.grpc.v1.introspection"...  [34mtype[0m=io.containerd.grpc.v1
[STDERR  ] 2018-04-25T15:42:19.643220854Z: [34mINFO[0m[0001] serving...                                    [34maddress[0m="/run/containerd/debug.sock"
[STDERR  ] 2018-04-25T15:42:19.643240497Z: [34mINFO[0m[0001] serving...                                    [34maddress[0m="/run/containerd/containerd.sock"
[STDERR  ] 2018-04-25T15:42:19.643259847Z: [34mINFO[0m[0001] containerd successfully booted in 0.478088s  
[STDERR  ] 2018-04-25T15:42:19.643283086Z: [34mINFO[0m[0001] shim containerd-shim started                  [34maddress[0m="/containerd-shim/services.linuxkit/nginx/shim.sock" [34mdebug[0m=false [34mpid[0m=440
[STDERR  ] 2018-04-25T15:42:19.643306163Z: [34mINFO[0m[0006] shim containerd-shim started                  [34maddress[0m="/containerd-shim/services.linuxkit/test/shim.sock" [34mdebug[0m=false [34mpid[0m=480
[STDERR  ] 2018-04-25T15:42:19.643335551Z: wireguard test suite PASSED
[STDERR  ] 2018-04-25T15:42:19.643355068Z: [   86.048520] ACPI: Preparing to enter system sleep state S5
[STDERR  ] 2018-04-25T15:42:19.643386512Z: [   86.055684] reboot: Power down
[STDERR  ] 2018-04-25T15:42:19.643412208Z: + echo [    0.000000] Linux version 4.14.35-linuxkit (root@95934b70ab05) (gcc version 6.4.0 (Alpine 6.4.0)) #1 SMP Mon Apr 23 11:11:13 UTC 2018
[STDERR  ] 2018-04-25T15:42:19.643441902Z: [    0.000000] Command line: console=ttyS0 console=ttyAMA0
[STDERR  ] 2018-04-25T15:42:19.643465189Z: [    0.000000] x86/fpu: x87 FPU will use FXSAVE
[STDERR  ] 2018-04-25T15:42:19.643485211Z: [    0.000000] e820: BIOS-provided physical RAM map:
[STDERR  ] 2018-04-25T15:42:19.643504264Z: [    0.000000] BIOS-e820: [mem 0x0000000000000000-0x000000000009fbff] usable
[STDERR  ] 2018-04-25T15:42:19.643527948Z: [    0.000000] BIOS-e820: [mem 0x000000000009fc00-0x000000000009ffff] reserved
[STDERR  ] 2018-04-25T15:42:19.643547661Z: [    0.000000] BIOS-e820: [mem 0x00000000000f0000-0x00000000000fffff] reserved
[STDERR  ] 2018-04-25T15:42:19.643570580Z: [    0.000000] BIOS-e820: [mem 0x0000000000100000-0x000000003ffdefff] usable
[STDERR  ] 2018-04-25T15:42:19.643592710Z: [    0.000000] BIOS-e820: [mem 0x000000003ffdf000-0x000000003fffffff] reserved
[STDERR  ] 2018-04-25T15:42:19.643612040Z: [    0.000000] BIOS-e820: [mem 0x00000000b0000000-0x00000000bfffffff] reserved
[STDERR  ] 2018-04-25T15:42:19.643634891Z: [    0.000000] BIOS-e820: [mem 0x00000000fed1c000-0x00000000fed1ffff] reserved
[STDERR  ] 2018-04-25T15:42:19.643654201Z: [    0.000000] BIOS-e820: [mem 0x00000000fffc0000-0x00000000ffffffff] reserved
[STDERR  ] 2018-04-25T15:42:19.643673242Z: [    0.000000] NX (Execute Disable) protection: active
[STDERR  ] 2018-04-25T15:42:19.643692589Z: [    0.000000] random: fast init done
[STDERR  ] 2018-04-25T15:42:19.643716936Z: [    0.000000] SMBIOS 2.8 present.
[STDERR  ] 2018-04-25T15:42:19.643736861Z: [    0.000000] DMI: QEMU Standard PC (Q35 + ICH9, 2009), BIOS rel-1.10.2-0-g5f4c7b1-prebuilt.qemu-project.org 04/01/2014
[STDERR  ] 2018-04-25T15:42:19.643756107Z: [    0.000000] tsc: Fast TSC calibration using PIT
[STDERR  ] 2018-04-25T15:42:19.643782796Z: [    0.000000] e820: last_pfn = 0x3ffdf max_arch_pfn = 0x400000000
[STDERR  ] 2018-04-25T15:42:19.643802053Z: [    0.000000] x86/PAT: Configuration [0-7]: WB  WC  UC- UC  WB  WP  UC- WT  
[STDERR  ] 2018-04-25T15:42:19.643825129Z: [    0.000000] found SMP MP-table at [mem 0x000f6aa0-0x000f6aaf] mapped at [ffffffffff200aa0]
[STDERR  ] 2018-04-25T15:42:19.643848386Z: [    0.000000] RAMDISK: [mem 0x3a3b1000-0x3ffcffff]
[STDERR  ] 2018-04-25T15:42:19.643872231Z: [    0.000000] ACPI: Early table checksum verification disabled
[STDERR  ] 2018-04-25T15:42:19.643894930Z: [    0.000000] ACPI: RSDP 0x00000000000F68C0 000014 (v00 BOCHS )
[STDERR  ] 2018-04-25T15:42:19.643914076Z: [    0.000000] ACPI: RSDT 0x000000003FFE2404 000034 (v01 BOCHS  BXPCRSDT 00000001 BXPC 00000001)
[STDERR  ] 2018-04-25T15:42:19.643933874Z: [    0.000000] ACPI: FACP 0x000000003FFE22A4 000074 (v01 BOCHS  BXPCFACP 00000001 BXPC 00000001)
[STDERR  ] 2018-04-25T15:42:19.643953102Z: [    0.000000] ACPI: DSDT 0x000000003FFE0040 002264 (v01 BOCHS  BXPCDSDT 00000001 BXPC 00000001)
[STDERR  ] 2018-04-25T15:42:19.643975131Z: [    0.000000] ACPI: FACS 0x000000003FFE0000 000040
[STDERR  ] 2018-04-25T15:42:19.643994418Z: [    0.000000] ACPI: APIC 0x000000003FFE2318 000078 (v01 BOCHS  BXPCAPIC 00000001 BXPC 00000001)
[STDERR  ] 2018-04-25T15:42:19.644013695Z: [    0.000000] ACPI: HPET 0x000000003FFE2390 000038 (v01 BOCHS  BXPCHPET 00000001 BXPC 00000001)
[STDERR  ] 2018-04-25T15:42:19.644036358Z: [    0.000000] ACPI: MCFG 0x000000003FFE23C8 00003C (v01 BOCHS  BXPCMCFG 00000001 BXPC 00000001)
[STDERR  ] 2018-04-25T15:42:19.644064359Z: [    0.000000] Zone ranges:
[STDERR  ] 2018-04-25T15:42:19.644100640Z: [    0.000000]   DMA      [mem 0x0000000000001000-0x0000000000ffffff]
[STDERR  ] 2018-04-25T15:42:19.644147098Z: [    0.000000]   DMA32    [mem 0x0000000001000000-0x000000003ffdefff]
[STDERR  ] 2018-04-25T15:42:19.644179635Z: [    0.000000]   Normal   empty
[STDERR  ] 2018-04-25T15:42:19.644212711Z: [    0.000000]   Device   empty
[STDERR  ] 2018-04-25T15:42:19.644244322Z: [    0.000000] Movable zone start for each node
[STDERR  ] 2018-04-25T15:42:19.644268527Z: [    0.000000] Early memory node ranges
[STDERR  ] 2018-04-25T15:42:19.644294519Z: [    0.000000]   node   0: [mem 0x0000000000001000-0x000000000009efff]
[STDERR  ] 2018-04-25T15:42:19.644323551Z: [    0.000000]   node   0: [mem 0x0000000000100000-0x000000003ffdefff]
[STDERR  ] 2018-04-25T15:42:19.644343383Z: [    0.000000] Initmem setup node 0 [mem 0x0000000000001000-0x000000003ffdefff]
[STDERR  ] 2018-04-25T15:42:19.644367040Z: [    0.000000] ACPI: PM-Timer IO Port: 0x608
[STDERR  ] 2018-04-25T15:42:19.644394722Z: [    0.000000] ACPI: LAPIC_NMI (acpi_id[0xff] dfl dfl lint[0x1])
[STDERR  ] 2018-04-25T15:42:19.644414915Z: [    0.000000] IOAPIC[0]: apic_id 0, version 32, address 0xfec00000, GSI 0-23
[STDERR  ] 2018-04-25T15:42:19.644434240Z: [    0.000000] ACPI: INT_SRC_OVR (bus 0 bus_irq 0 global_irq 2 dfl dfl)
[STDERR  ] 2018-04-25T15:42:19.644453800Z: [    0.000000] ACPI: INT_SRC_OVR (bus 0 bus_irq 5 global_irq 5 high level)
[STDERR  ] 2018-04-25T15:42:19.644473226Z: [    0.000000] ACPI: INT_SRC_OVR (bus 0 bus_irq 9 global_irq 9 high level)
[STDERR  ] 2018-04-25T15:42:19.644492692Z: [    0.000000] ACPI: INT_SRC_OVR (bus 0 bus_irq 10 global_irq 10 high level)
[STDERR  ] 2018-04-25T15:42:19.644512139Z: [    0.000000] ACPI: INT_SRC_OVR (bus 0 bus_irq 11 global_irq 11 high level)
[STDERR  ] 2018-04-25T15:42:19.644535301Z: [    0.000000] Using ACPI (MADT) for SMP configuration information
[STDERR  ] 2018-04-25T15:42:19.644555028Z: [    0.000000] ACPI: HPET id: 0x8086a201 base: 0xfed00000
[STDERR  ] 2018-04-25T15:42:19.644574058Z: [    0.000000] smpboot: Allowing 1 CPUs, 0 hotplug CPUs
[STDERR  ] 2018-04-25T15:42:19.644593189Z: [    0.000000] e820: [mem 0x40000000-0xafffffff] available for PCI devices
[STDERR  ] 2018-04-25T15:42:19.644616150Z: [    0.000000] Booting paravirtualized kernel on bare hardware
[STDERR  ] 2018-04-25T15:42:19.644635747Z: [    0.000000] clocksource: refined-jiffies: mask: 0xffffffff max_cycles: 0xffffffff, max_idle_ns: 19112604462750000 ns
[STDERR  ] 2018-04-25T15:42:19.644660468Z: [    0.000000] setup_percpu: NR_CPUS:128 nr_cpumask_bits:128 nr_cpu_ids:1 nr_node_ids:1
[STDERR  ] 2018-04-25T15:42:19.644680113Z: [    0.000000] percpu: Embedded 44 pages/cpu @ffff9e28fa000000 s143256 r8192 d28776 u2097152
[STDERR  ] 2018-04-25T15:42:19.644706306Z: [    0.000000] Built 1 zonelists, mobility grouping on.  Total pages: 257896
[STDERR  ] 2018-04-25T15:42:19.644729490Z: [    0.000000] Kernel command line: console=ttyS0 console=ttyAMA0
[STDERR  ] 2018-04-25T15:42:19.644752324Z: [    0.000000] PID hash table entries: 4096 (order: 3, 32768 bytes)
[STDERR  ] 2018-04-25T15:42:19.644774977Z: [    0.000000] Dentry cache hash table entries: 131072 (order: 8, 1048576 bytes)
[STDERR  ] 2018-04-25T15:42:19.644797908Z: [    0.000000] Inode-cache hash table entries: 65536 (order: 7, 524288 bytes)
[STDERR  ] 2018-04-25T15:42:19.644817163Z: [    0.000000] Memory: 910468K/1048052K available (12300K kernel code, 1464K rwdata, 2988K rodata, 1508K init, 632K bss, 137584K reserved, 0K cma-reserved)
[STDERR  ] 2018-04-25T15:42:19.644837308Z: [    0.000000] ftrace: allocating 40962 entries in 161 pages
[STDERR  ] 2018-04-25T15:42:19.644860477Z: [    0.000000] Hierarchical RCU implementation.
[STDERR  ] 2018-04-25T15:42:19.644894808Z: [    0.000000] 	RCU restricting CPUs from NR_CPUS=128 to nr_cpu_ids=1.
[STDERR  ] 2018-04-25T15:42:19.644924606Z: [    0.000000] RCU: Adjusting geometry for rcu_fanout_leaf=16, nr_cpu_ids=1
[STDERR  ] 2018-04-25T15:42:19.644943919Z: [    0.000000] NR_IRQS: 8448, nr_irqs: 256, preallocated irqs: 16
[STDERR  ] 2018-04-25T15:42:19.644963456Z: [    0.000000] Console: colour VGA+ 80x25
[STDERR  ] 2018-04-25T15:42:19.644987684Z: [    0.000000] console [ttyS0] enabled
[STDERR  ] 2018-04-25T15:42:19.645015131Z: [    0.000000] clocksource: hpet: mask: 0xffffffff max_cycles: 0xffffffff, max_idle_ns: 19112604467 ns
[STDERR  ] 2018-04-25T15:42:19.645039391Z: [    0.010000] tsc: Fast TSC calibration using PIT
[STDERR  ] 2018-04-25T15:42:19.645058911Z: [    0.010000] tsc: Detected 2599.814 MHz processor
[STDERR  ] 2018-04-25T15:42:19.645078822Z: [    0.020449] Calibrating delay loop (skipped), value calculated using timer frequency.. 5199.62 BogoMIPS (lpj=25998140)
[STDERR  ] 2018-04-25T15:42:19.645110267Z: [    0.021654] pid_max: default: 32768 minimum: 301
[STDERR  ] 2018-04-25T15:42:19.645137562Z: [    0.022629] ACPI: Core revision 20170728
[STDERR  ] 2018-04-25T15:42:19.645160698Z: [    0.065528] ACPI: 1 ACPI AML tables successfully acquired and loaded
[STDERR  ] 2018-04-25T15:42:19.645180286Z: [    0.067397] Security Framework initialized
[STDERR  ] 2018-04-25T15:42:19.645206690Z: [    0.067878] Yama: becoming mindful.
[STDERR  ] 2018-04-25T15:42:19.645226930Z: [    0.070357] Mount-cache hash table entries: 2048 (order: 2, 16384 bytes)
[STDERR  ] 2018-04-25T15:42:19.645246489Z: [    0.070901] Mountpoint-cache hash table entries: 2048 (order: 2, 16384 bytes)
[STDERR  ] 2018-04-25T15:42:19.645269929Z: [    0.090309] Last level iTLB entries: 4KB 0, 2MB 0, 4MB 0
[STDERR  ] 2018-04-25T15:42:19.645289201Z: [    0.090778] Last level dTLB entries: 4KB 0, 2MB 0, 4MB 0, 1GB 0
[STDERR  ] 2018-04-25T15:42:19.645308334Z: [    0.091260] Spectre V2 : Spectre mitigation: LFENCE not serializing, switching to generic retpoline
[STDERR  ] 2018-04-25T15:42:19.645335345Z: [    0.091939] Spectre V2 : Vulnerable: Minimal generic ASM retpoline
[STDERR  ] 2018-04-25T15:42:19.645354921Z: [    0.092387] Spectre V2 : Spectre v2 mitigation: Filling RSB on context switch
[STDERR  ] 2018-04-25T15:42:19.645381073Z: [    0.367271] Freeing SMP alternatives memory: 20K
[STDERR  ] 2018-04-25T15:42:19.645406654Z: [    0.387954] smpboot: Max logical packages: 1
[STDERR  ] 2018-04-25T15:42:19.645427076Z: [    0.394179] ..TIMER: vector=0x30 apic1=0 pin1=2 apic2=-1 pin2=-1
[STDERR  ] 2018-04-25T15:42:19.645451840Z: [    0.500000] smpboot: CPU0: AMD QEMU Virtual CPU version 2.5+ (family: 0x6, model: 0x6, stepping: 0x3)
[STDERR  ] 2018-04-25T15:42:19.645477984Z: [    0.500000] Performance Events: PMU not available due to virtualization, using software events only.
[STDERR  ] 2018-04-25T15:42:19.645501331Z: [    0.501139] Hierarchical SRCU implementation.
[STDERR  ] 2018-04-25T15:42:19.645521147Z: [    0.507657] NMI watchdog: Perf event create on CPU 0 failed with -2
[STDERR  ] 2018-04-25T15:42:19.645540908Z: [    0.508156] NMI watchdog: Perf NMI watchdog permanently disabled
[STDERR  ] 2018-04-25T15:42:19.645563919Z: [    0.513352] smp: Bringing up secondary CPUs ...
[STDERR  ] 2018-04-25T15:42:19.645583599Z: [    0.513817] smp: Brought up 1 node, 1 CPU
[STDERR  ] 2018-04-25T15:42:19.645607310Z: [    0.514177] smpboot: Total of 1 processors activated (5199.62 BogoMIPS)
[STDERR  ] 2018-04-25T15:42:19.645627096Z: [    0.534479] devtmpfs: initialized
[STDERR  ] 2018-04-25T15:42:19.645646467Z: [    0.539183] x86/mm: Memory block size: 128MB
[STDERR  ] 2018-04-25T15:42:19.645670785Z: [    0.546963] evm: security.ima
[STDERR  ] 2018-04-25T15:42:19.645690366Z: [    0.547353] evm: security.capability
[STDERR  ] 2018-04-25T15:42:19.645712993Z: [    0.551601] clocksource: jiffies: mask: 0xffffffff max_cycles: 0xffffffff, max_idle_ns: 19112604462750000 ns
[STDERR  ] 2018-04-25T15:42:19.645735579Z: [    0.552593] futex hash table entries: 256 (order: 2, 16384 bytes)
[STDERR  ] 2018-04-25T15:42:19.645755138Z: [    0.564779] NET: Registered protocol family 16
[STDERR  ] 2018-04-25T15:42:19.645774396Z: [    0.572796] cpuidle: using governor ladder
[STDERR  ] 2018-04-25T15:42:19.645797257Z: [    0.573445] cpuidle: using governor menu
[STDERR  ] 2018-04-25T15:42:19.645816416Z: [    0.575626] ACPI: bus type PCI registered
[STDERR  ] 2018-04-25T15:42:19.645836147Z: [    0.579033] PCI: MMCONFIG for domain 0000 [bus 00-ff] at [mem 0xb0000000-0xbfffffff] (base 0xb0000000)
[STDERR  ] 2018-04-25T15:42:19.645868751Z: [    0.580378] PCI: MMCONFIG at [mem 0xb0000000-0xbfffffff] reserved in E820
[STDERR  ] 2018-04-25T15:42:19.645892671Z: [    0.581777] PCI: Using configuration type 1 for base access
[STDERR  ] 2018-04-25T15:42:19.645916020Z: [    0.641899] HugeTLB registered 2.00 MiB page size, pre-allocated 0 pages
[STDERR  ] 2018-04-25T15:42:19.645943863Z: [    0.655239] ACPI: Added _OSI(Module Device)
[STDERR  ] 2018-04-25T15:42:19.645970546Z: [    0.655654] ACPI: Added _OSI(Processor Device)
[STDERR  ] 2018-04-25T15:42:19.645998086Z: [    0.655988] ACPI: Added _OSI(3.0 _SCP Extensions)
[STDERR  ] 2018-04-25T15:42:19.646017662Z: [    0.656327] ACPI: Added _OSI(Processor Aggregator Device)
[STDERR  ] 2018-04-25T15:42:19.646036954Z: [    0.736155] ACPI: Interpreter enabled
[STDERR  ] 2018-04-25T15:42:19.646055924Z: [    0.737031] ACPI: (supports S0 S5)
[STDERR  ] 2018-04-25T15:42:19.646075550Z: [    0.737385] ACPI: Using IOAPIC for interrupt routing
[STDERR  ] 2018-04-25T15:42:19.646094687Z: [    0.740481] PCI: Using host bridge windows from ACPI; if necessary, use "pci=nocrs" and report a bug
[STDERR  ] 2018-04-25T15:42:19.646114189Z: [    0.744273] ACPI: Enabled 2 GPEs in block 00 to 3F
[STDERR  ] 2018-04-25T15:42:19.646137143Z: [    0.815807] ACPI: PCI Root Bridge [PCI0] (domain 0000 [bus 00-ff])
[STDERR  ] 2018-04-25T15:42:19.646160452Z: [    0.816964] acpi PNP0A08:00: _OSC: OS supports [ExtendedConfig ASPM ClockPM Segments MSI]
[STDERR  ] 2018-04-25T15:42:19.646180135Z: [    0.822255] acpi PNP0A08:00: _OSC: OS now controls [PCIeHotplug PME PCIeCapability]
[STDERR  ] 2018-04-25T15:42:19.646199461Z: [    0.826236] PCI host bridge to bus 0000:00
[STDERR  ] 2018-04-25T15:42:19.646218876Z: [    0.826867] pci_bus 0000:00: root bus resource [io  0x0000-0x0cf7 window]
[STDERR  ] 2018-04-25T15:42:19.646238456Z: [    0.827503] pci_bus 0000:00: root bus resource [io  0x0d00-0xffff window]
[STDERR  ] 2018-04-25T15:42:19.646258181Z: [    0.828055] pci_bus 0000:00: root bus resource [mem 0x000a0000-0x000bffff window]
[STDERR  ] 2018-04-25T15:42:19.646280855Z: [    0.828662] pci_bus 0000:00: root bus resource [mem 0xc0000000-0xfebfffff window]
[STDERR  ] 2018-04-25T15:42:19.646300188Z: [    0.829350] pci_bus 0000:00: root bus resource [bus 00-ff]
[STDERR  ] 2018-04-25T15:42:19.646319605Z: [    0.991567] pci 0000:00:1f.0: quirk: [io  0x0600-0x067f] claimed by ICH6 ACPI/GPIO/TCO
[STDERR  ] 2018-04-25T15:42:19.646340049Z: [    1.086325] ACPI: PCI Interrupt Link [LNKA] (IRQs 5 *10 11)
[STDERR  ] 2018-04-25T15:42:19.646383324Z: [    1.088513] ACPI: PCI Interrupt Link [LNKB] (IRQs 5 *10 11)
[STDERR  ] 2018-04-25T15:42:19.646405776Z: [    1.091945] ACPI: PCI Interrupt Link [LNKC] (IRQs 5 10 *11)
[STDERR  ] 2018-04-25T15:42:19.646425329Z: [    1.093789] ACPI: PCI Interrupt Link [LNKD] (IRQs 5 10 *11)
[STDERR  ] 2018-04-25T15:42:19.646452989Z: [    1.095573] ACPI: PCI Interrupt Link [LNKE] (IRQs 5 *10 11)
[STDERR  ] 2018-04-25T15:42:19.646476733Z: [    1.097343] ACPI: PCI Interrupt Link [LNKF] (IRQs 5 *10 11)
[STDERR  ] 2018-04-25T15:42:19.646496167Z: [    1.099076] ACPI: PCI Interrupt Link [LNKG] (IRQs 5 10 *11)
[STDERR  ] 2018-04-25T15:42:19.646515233Z: [    1.101520] ACPI: PCI Interrupt Link [LNKH] (IRQs 5 10 *11)
[STDERR  ] 2018-04-25T15:42:19.646534342Z: [    1.102533] ACPI: PCI Interrupt Link [GSIA] (IRQs *16)
[STDERR  ] 2018-04-25T15:42:19.646553397Z: [    1.103273] ACPI: PCI Interrupt Link [GSIB] (IRQs *17)
[STDERR  ] 2018-04-25T15:42:19.646576280Z: [    1.103955] ACPI: PCI Interrupt Link [GSIC] (IRQs *18)
[STDERR  ] 2018-04-25T15:42:19.646598567Z: [    1.104604] ACPI: PCI Interrupt Link [GSID] (IRQs *19)
[STDERR  ] 2018-04-25T15:42:19.646622260Z: [    1.105164] ACPI: PCI Interrupt Link [GSIE] (IRQs *20)
[STDERR  ] 2018-04-25T15:42:19.646645121Z: [    1.105849] ACPI: PCI Interrupt Link [GSIF] (IRQs *21)
[STDERR  ] 2018-04-25T15:42:19.646664435Z: [    1.106544] ACPI: PCI Interrupt Link [GSIG] (IRQs *22)
[STDERR  ] 2018-04-25T15:42:19.646688001Z: [    1.107245] ACPI: PCI Interrupt Link [GSIH] (IRQs *23)
[STDERR  ] 2018-04-25T15:42:19.646716136Z: [    1.116152] SCSI subsystem initialized
[STDERR  ] 2018-04-25T15:42:19.646735086Z: [    1.119403] ACPI: bus type USB registered
[STDERR  ] 2018-04-25T15:42:19.646754190Z: [    1.120898] usbcore: registered new interface driver usbfs
[STDERR  ] 2018-04-25T15:42:19.646776962Z: [    1.121790] usbcore: registered new interface driver hub
[STDERR  ] 2018-04-25T15:42:19.646803319Z: [    1.122886] usbcore: registered new device driver usb
[STDERR  ] 2018-04-25T15:42:19.646822612Z: [    1.124063] pps_core: LinuxPPS API ver. 1 registered
[STDERR  ] 2018-04-25T15:42:19.646841945Z: [    1.124511] pps_core: Software ver. 5.3.6 - Copyright 2005-2007 Rodolfo Giometti <giometti@linux.it>
[STDERR  ] 2018-04-25T15:42:19.646869252Z: [    1.125384] PTP clock support registered
[STDERR  ] 2018-04-25T15:42:19.646895518Z: [    1.127717] PCI: Using ACPI for IRQ routing
[STDERR  ] 2018-04-25T15:42:19.646919068Z: [    1.148245] NetLabel: Initializing
[STDERR  ] 2018-04-25T15:42:19.646938519Z: [    1.148727] NetLabel:  domain hash size = 128
[STDERR  ] 2018-04-25T15:42:19.646957859Z: [    1.149097] NetLabel:  protocols = UNLABELED CIPSOv4 CALIPSO
[STDERR  ] 2018-04-25T15:42:19.646977506Z: [    1.151981] NetLabel:  unlabeled traffic allowed by default
[STDERR  ] 2018-04-25T15:42:19.646997016Z: [    1.153958] HPET: 3 timers in total, 0 timers will be used for per-cpu timer
[STDERR  ] 2018-04-25T15:42:19.647016378Z: [    1.154935] hpet0: at MMIO 0xfed00000, IRQs 2, 8, 0
[STDERR  ] 2018-04-25T15:42:19.647040693Z: [    1.155472] hpet0: 3 comparators, 64-bit 100.000000 MHz counter
[STDERR  ] 2018-04-25T15:42:19.647068876Z: [    1.161898] clocksource: Switched to clocksource hpet
[STDERR  ] 2018-04-25T15:42:19.647092002Z: [    1.515264] VFS: Disk quotas dquot_6.6.0
[STDERR  ] 2018-04-25T15:42:19.647111532Z: [    1.516168] VFS: Dquot-cache hash table entries: 512 (order 0, 4096 bytes)
[STDERR  ] 2018-04-25T15:42:19.647130722Z: [    1.519059] FS-Cache: Loaded
[STDERR  ] 2018-04-25T15:42:19.647151249Z: [    1.525240] CacheFiles: Loaded
[STDERR  ] 2018-04-25T15:42:19.647174813Z: [    1.526416] pnp: PnP ACPI init
[STDERR  ] 2018-04-25T15:42:19.647194263Z: [    1.538107] pnp: PnP ACPI: found 5 devices
[STDERR  ] 2018-04-25T15:42:19.647214971Z: [    1.580614] clocksource: acpi_pm: mask: 0xffffff max_cycles: 0xffffff, max_idle_ns: 2085701024 ns
[STDERR  ] 2018-04-25T15:42:19.647239975Z: [    1.583781] NET: Registered protocol family 2
[STDERR  ] 2018-04-25T15:42:19.647262694Z: [    1.592477] TCP established hash table entries: 8192 (order: 4, 65536 bytes)
[STDERR  ] 2018-04-25T15:42:19.647285745Z: [    1.593366] TCP bind hash table entries: 8192 (order: 5, 131072 bytes)
[STDERR  ] 2018-04-25T15:42:19.647305032Z: [    1.595039] TCP: Hash tables configured (established 8192 bind 8192)
[STDERR  ] 2018-04-25T15:42:19.647328232Z: [    1.597328] UDP hash table entries: 512 (order: 2, 16384 bytes)
[STDERR  ] 2018-04-25T15:42:19.647348135Z: [    1.597989] UDP-Lite hash table entries: 512 (order: 2, 16384 bytes)
[STDERR  ] 2018-04-25T15:42:19.647376719Z: [    1.601032] NET: Registered protocol family 1
[STDERR  ] 2018-04-25T15:42:19.647402992Z: [    1.602122] pci 0000:00:01.0: Video device with shadowed ROM at [mem 0x000c0000-0x000dffff]
[STDERR  ] 2018-04-25T15:42:19.647430295Z: [    1.608396] Trying to unpack rootfs image as initramfs...
[STDERR  ] 2018-04-25T15:42:19.647449582Z: [   17.464952] Freeing initrd memory: 94332K
[STDERR  ] 2018-04-25T15:42:19.647468972Z: [   17.492666] PCLMULQDQ-NI instructions are not detected.
[STDERR  ] 2018-04-25T15:42:19.647488214Z: [   17.494153] AVX or AES-NI instructions are not detected.
[STDERR  ] 2018-04-25T15:42:19.647507625Z: [   17.494655] CPU feature 'AVX registers' is not supported.
[STDERR  ] 2018-04-25T15:42:19.647527724Z: [   17.495046] CPU feature 'AVX registers' is not supported.
[STDERR  ] 2018-04-25T15:42:19.647547537Z: [   17.495441] CPU feature 'AVX registers' is not supported.
[STDERR  ] 2018-04-25T15:42:19.647573882Z: [   17.495852] CPU feature 'AVX registers' is not supported.
[STDERR  ] 2018-04-25T15:42:19.647600074Z: [   17.496249] AVX2 or AES-NI instructions are not detected.
[STDERR  ] 2018-04-25T15:42:19.647623277Z: [   17.496672] AVX2 instructions are not detected.
[STDERR  ] 2018-04-25T15:42:19.647644349Z: [   17.503470] audit: initializing netlink subsys (disabled)
[STDERR  ] 2018-04-25T15:42:19.647667133Z: [   17.512039] audit: type=2000 audit(1524670869.500:1): state=initialized audit_enabled=0 res=1
[STDERR  ] 2018-04-25T15:42:19.647696211Z: [   17.514189] workingset: timestamp_bits=46 max_order=18 bucket_order=0
[STDERR  ] 2018-04-25T15:42:19.647715862Z: [   17.519982] squashfs: version 4.0 (2009/01/31) Phillip Lougher
[STDERR  ] 2018-04-25T15:42:19.647738835Z: [   17.524209] FS-Cache: Netfs 'cifs' registered for caching
[STDERR  ] 2018-04-25T15:42:19.647759153Z: [   17.525423] fuse init (API version 7.26)
[STDERR  ] 2018-04-25T15:42:19.647783950Z: [   17.528262] SGI XFS with ACLs, security attributes, no debug enabled
[STDERR  ] 2018-04-25T15:42:19.647803103Z: [   17.533651] 9p: Installing v9fs 9p2000 file system support
[STDERR  ] 2018-04-25T15:42:19.647823002Z: [   17.534321] FS-Cache: Netfs '9p' registered for caching
[STDERR  ] 2018-04-25T15:42:19.647842790Z: [   17.575115] NET: Registered protocol family 38
[STDERR  ] 2018-04-25T15:42:19.647862352Z: [   17.575863] Key type asymmetric registered
[STDERR  ] 2018-04-25T15:42:19.647887092Z: [   17.576401] Asymmetric key parser 'x509' registered
[STDERR  ] 2018-04-25T15:42:19.647907108Z: [   17.577465] Block layer SCSI generic (bsg) driver version 0.4 loaded (major 247)
[STDERR  ] 2018-04-25T15:42:19.647930667Z: [   17.579160] io scheduler noop registered
[STDERR  ] 2018-04-25T15:42:19.647950290Z: [   17.579567] io scheduler deadline registered (default)
[STDERR  ] 2018-04-25T15:42:19.647970093Z: [   17.582307] io scheduler cfq registered
[STDERR  ] 2018-04-25T15:42:19.647993535Z: [   17.582657] io scheduler mq-deadline registered
[STDERR  ] 2018-04-25T15:42:19.648013212Z: [   17.583011] io scheduler kyber registered
[STDERR  ] 2018-04-25T15:42:19.648036082Z: [   17.586245] shpchp: Standard Hot Plug PCI Controller Driver version: 0.4
[STDERR  ] 2018-04-25T15:42:19.648055789Z: [   17.587066] hv_vmbus: registering driver hyperv_fb
[STDERR  ] 2018-04-25T15:42:19.648075889Z: [   17.591615] input: Power Button as /devices/LNXSYSTM:00/LNXPWRBN:00/input/input0
[STDERR  ] 2018-04-25T15:42:19.648095791Z: [   17.594704] ACPI: Power Button [PWRF]
[STDERR  ] 2018-04-25T15:42:19.648119162Z: [   17.614970] ACPI: PCI Interrupt Link [GSIG] enabled at IRQ 22
[STDERR  ] 2018-04-25T15:42:19.648138640Z: [   17.631553] ACPI: PCI Interrupt Link [GSIH] enabled at IRQ 23
[STDERR  ] 2018-04-25T15:42:19.648158046Z: [   17.638819] Serial: 8250/16550 driver, 4 ports, IRQ sharing disabled
[STDERR  ] 2018-04-25T15:42:19.648181079Z: [   17.665849] 00:04: ttyS0 at I/O 0x3f8 (irq = 4, base_baud = 115200) is a 16550A
[STDERR  ] 2018-04-25T15:42:19.648200851Z: [   17.676417] Non-volatile memory driver v1.3
[STDERR  ] 2018-04-25T15:42:19.648221110Z: [   17.684388] Hangcheck: starting hangcheck timer 0.9.1 (tick is 180 seconds, margin is 60 seconds).
[STDERR  ] 2018-04-25T15:42:19.648241105Z: [   17.701437] random: crng init done
[STDERR  ] 2018-04-25T15:42:19.648267032Z: [   17.763827] brd: module loaded
[STDERR  ] 2018-04-25T15:42:19.648291024Z: [   17.801223] loop: module loaded
[STDERR  ] 2018-04-25T15:42:19.648313718Z: [   17.874326] lpc_ich 0000:00:1f.0: I/O space for GPIO uninitialized
[STDERR  ] 2018-04-25T15:42:19.648337106Z: [   17.876666] VMware PVSCSI driver - version 1.0.7.0-k
[STDERR  ] 2018-04-25T15:42:19.648366384Z: [   17.877447] hv_vmbus: registering driver hv_storvsc
[STDERR  ] 2018-04-25T15:42:19.648390766Z: [   17.889408] ACPI: PCI Interrupt Link [GSIA] enabled at IRQ 16
[STDERR  ] 2018-04-25T15:42:19.648414529Z: [   17.897535] ahci 0000:00:1f.2: AHCI 0001.0000 32 slots 6 ports 1.5 Gbps 0x3f impl SATA mode
[STDERR  ] 2018-04-25T15:42:19.648438824Z: [   17.898427] ahci 0000:00:1f.2: flags: 64bit ncq only 
[STDERR  ] 2018-04-25T15:42:19.648465638Z: [   17.915909] scsi host0: ahci
[STDERR  ] 2018-04-25T15:42:19.648486107Z: [   17.919683] scsi host1: ahci
[STDOUT  ] 2018-04-25T15:42:19.648519295Z: [    0.000000] Linux version 4.14.35-linuxkit (root@95934b70ab05) (gcc version 6.4.0 (Alpine 6.4.0)) #1 SMP Mon Apr 23 11:11:13 UTC 2018
[STDOUT  ] 2018-04-25T15:42:19.648563772Z: [    0.000000] Command line: console=ttyS0 console=ttyAMA0
[STDOUT  ] 2018-04-25T15:42:19.648601150Z: [    0.000000] x86/fpu: x87 FPU will use FXSAVE
[STDOUT  ] 2018-04-25T15:42:19.648616339Z: [    0.000000] e820: BIOS-provided physical RAM map:
[STDOUT  ] 2018-04-25T15:42:19.648630743Z: [    0.000000] BIOS-e820: [mem 0x0000000000000000-0x000000000009fbff] usable
[STDOUT  ] 2018-04-25T15:42:19.648644880Z: [    0.000000] BIOS-e820: [mem 0x000000000009fc00-0x000000000009ffff] reserved
[STDERR  ] 2018-04-25T15:42:19.648523504Z: [   17.922578] scsi host2: ahci
[STDERR  ] 2018-04-25T15:42:19.648719347Z: [   17.925745] scsi host3: ahci
[STDERR  ] 2018-04-25T15:42:19.648741410Z: [   17.928760] scsi host4: ahci
[STDERR  ] 2018-04-25T15:42:19.648761183Z: [   17.931585] scsi host5: ahci
[STDERR  ] 2018-04-25T15:42:19.648781018Z: [   17.933389] ata1: SATA max UDMA/133 abar m4096@0xfebd2000 port 0xfebd2100 irq 24
[STDERR  ] 2018-04-25T15:42:19.648810675Z: [   17.934123] ata2: SATA max UDMA/133 abar m4096@0xfebd2000 port 0xfebd2180 irq 24
[STDERR  ] 2018-04-25T15:42:19.648831019Z: [   17.934776] ata3: SATA max UDMA/133 abar m4096@0xfebd2000 port 0xfebd2200 irq 24
[STDERR  ] 2018-04-25T15:42:19.648850804Z: [   17.935462] ata4: SATA max UDMA/133 abar m4096@0xfebd2000 port 0xfebd2280 irq 24
[STDERR  ] 2018-04-25T15:42:19.648871206Z: [   17.936153] ata5: SATA max UDMA/133 abar m4096@0xfebd2000 port 0xfebd2300 irq 24
[STDERR  ] 2018-04-25T15:42:19.648891360Z: [   17.936864] ata6: SATA max UDMA/133 abar m4096@0xfebd2000 port 0xfebd2380 irq 24
[STDERR  ] 2018-04-25T15:42:19.648913015Z: [   17.953015] tun: Universal TUN/TAP device driver, 1.6
[STDERR  ] 2018-04-25T15:42:19.648935062Z: [   17.967042] VMware vmxnet3 virtual NIC driver - version 1.4.a.0-k-NAPI
[STDERR  ] 2018-04-25T15:42:19.648961188Z: [   17.968013] hv_vmbus: registering driver hv_netvsc
[STDERR  ] 2018-04-25T15:42:19.648981277Z: [   17.968422] Fusion MPT base driver 3.04.20
[STDERR  ] 2018-04-25T15:42:19.649001172Z: [   17.968822] Copyright (c) 1999-2008 LSI Corporation
[STDERR  ] 2018-04-25T15:42:19.649021908Z: [   17.969444] Fusion MPT SPI Host driver 3.04.20
[STDERR  ] 2018-04-25T15:42:19.649041237Z: [   17.972327] i8042: PNP: PS/2 Controller [PNP0303:KBD,PNP0f13:MOU] at 0x60,0x64 irq 1,12
[STDERR  ] 2018-04-25T15:42:19.649065130Z: [   17.978663] serio: i8042 KBD port at 0x60,0x64 irq 1
[STDERR  ] 2018-04-25T15:42:19.649084709Z: [   17.979540] serio: i8042 AUX port at 0x60,0x64 irq 12
[STDERR  ] 2018-04-25T15:42:19.649104531Z: [   17.982977] hv_vmbus: registering driver hyperv_keyboard
[STDERR  ] 2018-04-25T15:42:19.649124433Z: [   17.985443] mousedev: PS/2 mouse device common for all mice
[STDERR  ] 2018-04-25T15:42:19.649145343Z: [   17.992014] input: AT Translated Set 2 keyboard as /devices/platform/i8042/serio0/input/input1
[STDERR  ] 2018-04-25T15:42:19.649169320Z: [   17.995280] input: PC Speaker as /devices/platform/pcspkr/input/input2
[STDERR  ] 2018-04-25T15:42:19.649189819Z: [   17.999747] rtc_cmos 00:00: RTC can wake from S4
[STDERR  ] 2018-04-25T15:42:19.649209592Z: [   18.003793] rtc_cmos 00:00: rtc core: registered rtc_cmos as rtc0
[STDERR  ] 2018-04-25T15:42:19.649229254Z: [   18.005373] rtc_cmos 00:00: alarms up to one day, y3k, 114 bytes nvram, hpet irqs
[STDERR  ] 2018-04-25T15:42:19.649249474Z: [   18.006330] i2c /dev entries driver
[STDERR  ] 2018-04-25T15:42:19.649269209Z: [   18.008828] device-mapper: ioctl: 4.37.0-ioctl (2017-09-20) initialised: dm-devel@redhat.com
[STDERR  ] 2018-04-25T15:42:19.649289048Z: [   18.014290] usbcore: registered new interface driver usbhid
[STDERR  ] 2018-04-25T15:42:19.649308938Z: [   18.014845] usbhid: USB HID core driver
[STDERR  ] 2018-04-25T15:42:19.649342189Z: [   18.015640] hv_utils: Registering HyperV Utility Driver
[STDERR  ] 2018-04-25T15:42:19.649361863Z: [   18.016080] hv_vmbus: registering driver hv_util
[STDERR  ] 2018-04-25T15:42:19.649382105Z: [   18.016444] hv_vmbus: registering driver hv_balloon
[STDERR  ] 2018-04-25T15:42:19.649402072Z: [   18.017085] oprofile: using NMI interrupt.
[STDERR  ] 2018-04-25T15:42:19.649422186Z: [   18.018473] GACT probability on
[STDERR  ] 2018-04-25T15:42:19.649447818Z: [   18.018858] Mirror/redirect action on
[STDERR  ] 2018-04-25T15:42:19.649469297Z: [   18.019494] Simple TC action Loaded
[STDERR  ] 2018-04-25T15:42:19.649493347Z: [   18.020023] u32 classifier
[STDERR  ] 2018-04-25T15:42:19.649513969Z: [   18.020885]     Performance counters on
[STDERR  ] 2018-04-25T15:42:19.649534521Z: [   18.021234]     input device check on
[STDERR  ] 2018-04-25T15:42:19.649554526Z: [   18.021566]     Actions configured
[STDERR  ] 2018-04-25T15:42:19.649581401Z: [   18.022498] Netfilter messages via NETLINK v0.30.
[STDERR  ] 2018-04-25T15:42:19.649608793Z: [   18.023165] nfnl_acct: registering with nfnetlink.
[STDERR  ] 2018-04-25T15:42:19.649629800Z: [   18.024892] nf_conntrack version 0.5.0 (8192 buckets, 32768 max)
[STDERR  ] 2018-04-25T15:42:19.649654526Z: [   18.028184] ctnetlink v0.93: registering with nfnetlink.
[STDERR  ] 2018-04-25T15:42:19.649674867Z: [   18.031958] nf_tables: (c) 2007-2009 Patrick McHardy <kaber@trash.net>
[STDERR  ] 2018-04-25T15:42:19.649694831Z: [   18.032989] nf_tables_compat: (c) 2012 Pablo Neira Ayuso <pablo@netfilter.org>
[STDERR  ] 2018-04-25T15:42:19.649718205Z: [   18.035684] xt_time: kernel timezone is -0000
[STDERR  ] 2018-04-25T15:42:19.649738249Z: [   18.036354] ip_set: protocol 6
[STDERR  ] 2018-04-25T15:42:19.649758334Z: [   18.037135] IPVS: Registered protocols (TCP, UDP, SCTP, AH, ESP)
[STDERR  ] 2018-04-25T15:42:19.649778812Z: [   18.037850] IPVS: Connection hash table configured (size=4096, memory=64Kbytes)
[STDERR  ] 2018-04-25T15:42:19.649798855Z: [   18.042878] IPVS: ipvs loaded.
[STDERR  ] 2018-04-25T15:42:19.649818699Z: [   18.043333] IPVS: [rr] scheduler registered.
[STDERR  ] 2018-04-25T15:42:19.649838340Z: [   18.043676] IPVS: [wrr] scheduler registered.
[STDERR  ] 2018-04-25T15:42:19.649857912Z: [   18.044056] IPVS: [lc] scheduler registered.
[STDERR  ] 2018-04-25T15:42:19.649877239Z: [   18.044405] IPVS: [wlc] scheduler registered.
[STDERR  ] 2018-04-25T15:42:19.649897079Z: [   18.044807] IPVS: [fo] scheduler registered.
[STDERR  ] 2018-04-25T15:42:19.649917081Z: [   18.045144] IPVS: [ovf] scheduler registered.
[STDERR  ] 2018-04-25T15:42:19.649938289Z: [   18.045669] IPVS: [lblc] scheduler registered.
[STDERR  ] 2018-04-25T15:42:19.649962173Z: [   18.046141] IPVS: [lblcr] scheduler registered.
[STDERR  ] 2018-04-25T15:42:19.649982480Z: [   18.046493] IPVS: [dh] scheduler registered.
[STDERR  ] 2018-04-25T15:42:19.650002618Z: [   18.046805] IPVS: [sh] scheduler registered.
[STDERR  ] 2018-04-25T15:42:19.650023079Z: [   18.047206] IPVS: [sed] scheduler registered.
[STDERR  ] 2018-04-25T15:42:19.650042749Z: [   18.047611] IPVS: [nq] scheduler registered.
[STDERR  ] 2018-04-25T15:42:19.650080572Z: [   18.048445] IPVS: ftp: loaded support on port[0] = 21
[STDERR  ] 2018-04-25T15:42:19.650101238Z: [   18.049528] ipip: IPv4 and MPLS over IPv4 tunneling driver
[STDERR  ] 2018-04-25T15:42:19.650120998Z: [   18.055059] gre: GRE over IPv4 demultiplexor driver
[STDERR  ] 2018-04-25T15:42:19.650140467Z: [   18.058198] ip_tables: (C) 2000-2006 Netfilter Core Team
[STDERR  ] 2018-04-25T15:42:19.650160271Z: [   18.062820] ipt_CLUSTERIP: ClusterIP Version 0.8 loaded successfully
[STDERR  ] 2018-04-25T15:42:19.650179740Z: [   18.063676] arp_tables: arp_tables: (C) 2002 David S. Miller
[STDERR  ] 2018-04-25T15:42:19.650199324Z: [   18.066265] NET: Registered protocol family 10
[STDERR  ] 2018-04-25T15:42:19.650222045Z: [   18.077639] Segment Routing with IPv6
[STDERR  ] 2018-04-25T15:42:19.650241275Z: [   18.078931] ip6_tables: (C) 2000-2006 Netfilter Core Team
[STDERR  ] 2018-04-25T15:42:19.650268392Z: [   18.089338] NET: Registered protocol family 17
[STDERR  ] 2018-04-25T15:42:19.650291566Z: [   18.091710] Bridge firewalling registered
[STDERR  ] 2018-04-25T15:42:19.650311290Z: [   18.092494] Ebtables v2.0 registered
[STDERR  ] 2018-04-25T15:42:19.650331117Z: [   18.094944] 8021q: 802.1Q VLAN Support v1.8
[STDERR  ] 2018-04-25T15:42:19.650377325Z: [   18.096751] 9pnet: Installing 9P2000 support
[STDERR  ] 2018-04-25T15:42:19.650403238Z: [   18.098972] Key type dns_resolver registered
[STDERR  ] 2018-04-25T15:42:19.650422684Z: [   18.101825] sched_clock: Marking stable (18100379330, 0)->(18204748227, -104368897)
[STDERR  ] 2018-04-25T15:42:19.650442385Z: [   18.106409] registered taskstats version 1
[STDERR  ] 2018-04-25T15:42:19.650461565Z: [   18.274682] ata3: SATA link up 1.5 Gbps (SStatus 113 SControl 300)
[STDERR  ] 2018-04-25T15:42:19.650481569Z: [   18.281321] ata3.00: ATAPI: QEMU DVD-ROM, 2.5+, max UDMA/100
[STDOUT  ] 2018-04-25T15:42:19.648660251Z: [    0.000000] BIOS-e820: [mem 0x00000000000f0000-0x00000000000fffff] reserved
[STDOUT  ] 2018-04-25T15:42:19.650528940Z: [    0.000000] BIOS-e820: [mem 0x0000000000100000-0x000000003ffdefff] usable
[STDOUT  ] 2018-04-25T15:42:19.650544652Z: [    0.000000] BIOS-e820: [mem 0x000000003ffdf000-0x000000003fffffff] reserved
[STDOUT  ] 2018-04-25T15:42:19.650558918Z: [    0.000000] BIOS-e820: [mem 0x00000000b0000000-0x00000000bfffffff] reserved
[STDOUT  ] 2018-04-25T15:42:19.650573399Z: [    0.000000] BIOS-e820: [mem 0x00000000fed1c000-0x00000000fed1ffff] reserved
[STDOUT  ] 2018-04-25T15:42:19.650587584Z: [    0.000000] BIOS-e820: [mem 0x00000000fffc0000-0x00000000ffffffff] reserved
[STDOUT  ] 2018-04-25T15:42:19.650602571Z: [    0.000000] NX (Execute Disable) protection: active
[STDOUT  ] 2018-04-25T15:42:19.650620545Z: [    0.000000] random: fast init done
[STDOUT  ] 2018-04-25T15:42:19.650637661Z: [    0.000000] SMBIOS 2.8 present.
[STDOUT  ] 2018-04-25T15:42:19.650651946Z: [    0.000000] DMI: QEMU Standard PC (Q35 + ICH9, 2009), BIOS rel-1.10.2-0-g5f4c7b1-prebuilt.qemu-project.org 04/01/2014
[STDOUT  ] 2018-04-25T15:42:19.650675444Z: [    0.000000] tsc: Fast TSC calibration using PIT
[STDOUT  ] 2018-04-25T15:42:19.650691617Z: [    0.000000] e820: last_pfn = 0x3ffdf max_arch_pfn = 0x400000000
[STDOUT  ] 2018-04-25T15:42:19.650707021Z: [    0.000000] x86/PAT: Configuration [0-7]: WB  WC  UC- UC  WB  WP  UC- WT  
[STDOUT  ] 2018-04-25T15:42:19.650722171Z: [    0.000000] found SMP MP-table at [mem 0x000f6aa0-0x000f6aaf] mapped at [ffffffffff200aa0]
[STDOUT  ] 2018-04-25T15:42:19.650739329Z: [    0.000000] RAMDISK: [mem 0x3a3b1000-0x3ffcffff]
[STDOUT  ] 2018-04-25T15:42:19.650753995Z: [    0.000000] ACPI: Early table checksum verification disabled
[STDOUT  ] 2018-04-25T15:42:19.650768226Z: [    0.000000] ACPI: RSDP 0x00000000000F68C0 000014 (v00 BOCHS )
[STDOUT  ] 2018-04-25T15:42:19.650782623Z: [    0.000000] ACPI: RSDT 0x000000003FFE2404 000034 (v01 BOCHS  BXPCRSDT 00000001 BXPC 00000001)
[STDOUT  ] 2018-04-25T15:42:19.650796709Z: [    0.000000] ACPI: FACP 0x000000003FFE22A4 000074 (v01 BOCHS  BXPCFACP 00000001 BXPC 00000001)
[STDOUT  ] 2018-04-25T15:42:19.650811391Z: [    0.000000] ACPI: DSDT 0x000000003FFE0040 002264 (v01 BOCHS  BXPCDSDT 00000001 BXPC 00000001)
[STDOUT  ] 2018-04-25T15:42:19.650825410Z: [    0.000000] ACPI: FACS 0x000000003FFE0000 000040
[STDOUT  ] 2018-04-25T15:42:19.650839564Z: [    0.000000] ACPI: APIC 0x000000003FFE2318 000078 (v01 BOCHS  BXPCAPIC 00000001 BXPC 00000001)
[STDOUT  ] 2018-04-25T15:42:19.650853620Z: [    0.000000] ACPI: HPET 0x000000003FFE2390 000038 (v01 BOCHS  BXPCHPET 00000001 BXPC 00000001)
[STDOUT  ] 2018-04-25T15:42:19.650916876Z: [    0.000000] ACPI: MCFG 0x000000003FFE23C8 00003C (v01 BOCHS  BXPCMCFG 00000001 BXPC 00000001)
[STDOUT  ] 2018-04-25T15:42:19.650932103Z: [    0.000000] Zone ranges:
[STDOUT  ] 2018-04-25T15:42:19.650947121Z: [    0.000000]   DMA      [mem 0x0000000000001000-0x0000000000ffffff]
[STDOUT  ] 2018-04-25T15:42:19.650973008Z: [    0.000000]   DMA32    [mem 0x0000000001000000-0x000000003ffdefff]
[STDOUT  ] 2018-04-25T15:42:19.650987695Z: [    0.000000]   Normal   empty
[STDOUT  ] 2018-04-25T15:42:19.651002583Z: [    0.000000]   Device   empty
[STDOUT  ] 2018-04-25T15:42:19.651016771Z: [    0.000000] Movable zone start for each node
[STDOUT  ] 2018-04-25T15:42:19.651030856Z: [    0.000000] Early memory node ranges
[STDOUT  ] 2018-04-25T15:42:19.651044934Z: [    0.000000]   node   0: [mem 0x0000000000001000-0x000000000009efff]
[STDERR  ] 2018-04-25T15:42:19.650501949Z: [   18.282222] ata3.00: applying bridge limits
[STDERR  ] 2018-04-25T15:42:19.651091668Z: [   18.284386] ata6: SATA link down (SStatus 0 SControl 300)
[STDERR  ] 2018-04-25T15:42:19.651149767Z: [   18.286284] ata2: SATA link down (SStatus 0 SControl 300)
[STDOUT  ] 2018-04-25T15:42:19.651064939Z: [    0.000000]   node   0: [mem 0x0000000000100000-0x000000003ffdefff]
[STDERR  ] 2018-04-25T15:42:19.651171195Z: [   18.287120] ata1: SATA link down (SStatus 0 SControl 300)
[STDERR  ] 2018-04-25T15:42:19.651192497Z: [   18.287753] ata5: SATA link down (SStatus 0 SControl 300)
[STDERR  ] 2018-04-25T15:42:19.651215046Z: [   18.288442] ata4: SATA link down (SStatus 0 SControl 300)
[STDERR  ] 2018-04-25T15:42:19.651240349Z: [   18.302684] ata3.00: configured for UDMA/100
[STDOUT  ] 2018-04-25T15:42:19.651176943Z: [    0.000000] Initmem setup node 0 [mem 0x0000000000001000-0x000000003ffdefff]
[STDERR  ] 2018-04-25T15:42:19.651260778Z: [   18.323168] scsi 2:0:0:0: CD-ROM            QEMU     QEMU DVD-ROM     2.5+ PQ: 0 ANSI: 5
[STDOUT  ] 2018-04-25T15:42:19.651281377Z: [    0.000000] ACPI: PM-Timer IO Port: 0x608
[STDOUT  ] 2018-04-25T15:42:19.651297906Z: [    0.000000] ACPI: LAPIC_NMI (acpi_id[0xff] dfl dfl lint[0x1])
[STDERR  ] 2018-04-25T15:42:19.651287380Z: [   18.365374] sr 2:0:0:0: [sr0] scsi3-mmc drive: 4x/4x cd/rw xa/form2 tray
[STDERR  ] 2018-04-25T15:42:19.651318983Z: [   18.366456] cdrom: Uniform CD-ROM driver Revision: 3.20
[STDERR  ] 2018-04-25T15:42:19.651339080Z: [   18.386697] sr 2:0:0:0: Attached scsi generic sg0 type 5
