[INFO    ] 2018-04-25T14:52:40.148251398Z: Running Test linuxkit.kernel.config_4.15.x in /tmp/with_clone1973f50/test/cases/020_kernel/007_config_4.15.x
[STDERR  ] 2018-04-25T14:52:40.148371949Z:     - [37mCONFIG_OVERLAY_FS[m: [32menabled[m
[STDERR  ] 2018-04-25T14:52:40.148436257Z:   - "[34mzfs[m":
[STDERR  ] 2018-04-25T14:52:40.148457515Z:     - [1m/dev/zfs[m: [1;31mmissing[m
[INFO    ] 2018-04-25T14:52:40.148471137Z: Running command: [/bin/sh -x /tmp/with_clone1973f50/test/cases/020_kernel/007_config_4.15.x/test.sh]
[STDERR  ] 2018-04-25T14:52:40.148492627Z:     - [1mzfs command[m: [1;31mmissing[m
[STDERR  ] 2018-04-25T14:52:40.148514027Z:     - [1mzpool command[m: [1;31mmissing[m
[STDERR  ] 2018-04-25T14:52:40.148533524Z: 
[STDERR  ] 2018-04-25T14:52:40.148553097Z: Limits:
[STDERR  ] 2018-04-25T14:52:40.148572552Z: [37m- /proc/sys/kernel/keys/root_maxkeys[m: [32m1000000[m
[STDERR  ] 2018-04-25T14:52:40.148592206Z: 
[STDERR  ] 2018-04-25T14:52:40.148611937Z: Kernel config test suite PASSED
[STDERR  ] 2018-04-25T14:52:40.148633238Z: [   51.636860] ACPI: Preparing to enter system sleep state S5
[STDERR  ] 2018-04-25T14:52:40.148664276Z: [   51.642876] reboot: Power down
[STDERR  ] 2018-04-25T14:52:40.148683552Z: + grep -q suite PASSED
[STDERR  ] 2018-04-25T14:52:40.148703042Z: + echo [    0.000000] Linux version 4.14.35-linuxkit (root@95934b70ab05) (gcc version 6.4.0 (Alpine 6.4.0)) #1 SMP Mon Apr 23 11:11:13 UTC 2018
[STDERR  ] 2018-04-25T14:52:40.148738145Z: [    0.000000] Command line: console=ttyS0 console=ttyAMA0
[STDERR  ] 2018-04-25T14:52:40.148758160Z: [    0.000000] x86/fpu: x87 FPU will use FXSAVE
[STDERR  ] 2018-04-25T14:52:40.148777671Z: [    0.000000] e820: BIOS-provided physical RAM map:
[STDERR  ] 2018-04-25T14:52:40.148800933Z: [    0.000000] BIOS-e820: [mem 0x0000000000000000-0x000000000009fbff] usable
[STDERR  ] 2018-04-25T14:52:40.148832238Z: [    0.000000] BIOS
[STDERR  ] 2018-04-25T14:52:40.149355741Z: + set -e
[STDERR  ] 2018-04-25T14:52:40.149490381Z: + . /tmp/with_clone1973f50/test/cases/_lib/lib.sh
[STDERR  ] 2018-04-25T14:52:40.149527649Z: + [ -f src/github.com/linuxkit/rtf/lib/lib.sh ]
[STDERR  ] 2018-04-25T14:52:40.149555810Z: + LINUXKIT_TMPDIR=/tmp/with_clone1973f50/test/cases/_tmp
[STDERR  ] 2018-04-25T14:52:40.149582312Z: + [ -f /tmp/with_clone1973f50/test/cases/_tmp/env.sh ]
[STDERR  ] 2018-04-25T14:52:40.149608137Z: + . /tmp/with_clone1973f50/test/cases/_tmp/env.sh
[STDERR  ] 2018-04-25T14:52:40.149635616Z: + export LINUXKIT_EXAMPLES_DIR=/tmp/with_clone1973f50/test/cases/../../examples
[STDERR  ] 2018-04-25T14:52:40.149666999Z: + RT_CANCEL=253
[STDERR  ] 2018-04-25T14:52:40.149694671Z: + NAME=kconfig
[STDERR  ] 2018-04-25T14:52:40.149719116Z: + trap clean_up EXIT
[STDERR  ] 2018-04-25T14:52:40.149744642Z: + linuxkit build -format kernel+initrd -name kconfig test.yml
[STDERR  ] 2018-04-25T14:52:40.193095536Z: Extract kernel image: linuxkit/kernel:4.15.18
[STDERR  ] 2018-04-25T14:52:43.888019924Z: Add init containers:
[STDERR  ] 2018-04-25T14:52:43.888125796Z: Process init image: linuxkit/init:11929b0007b87384f7372e9265067479c4616586
[STDERR  ] 2018-04-25T14:52:45.681089439Z: Process init image: linuxkit/runc:acba8886e4b1318457c711700f695a02fef9493d
[STDERR  ] 2018-04-25T14:52:47.360733841Z: Add onboot containers:
[STDERR  ] 2018-04-25T14:52:47.360855597Z:   Create OCI config for linuxkit/test-kernel-config:12d9e1153ea4eec2ddb155ab2a782faca5f503e0
[STDERR  ] 2018-04-25T14:52:49.116200293Z:   Create OCI config for linuxkit/poweroff:5740687bf0a6a0480922c0f59b3a4ca77c866cae
[STDERR  ] 2018-04-25T14:52:50.713789453Z: Create outputs:
[STDERR  ] 2018-04-25T14:52:55.871990321Z:   kconfig-kernel kconfig-initrd.img kconfig-cmdline
[STDERR  ] 2018-04-25T14:52:55.953014375Z: + linuxkit run kconfig
[STDERR  ] 2018-04-25T14:53:54.708337527Z: + RESULT=[    0.000000] Linux version 4.15.18-linuxkit (root@2c3ec16d5a10) (gcc version 6.4.0 (Alpine 6.4.0)) #1 SMP Mon Apr 23 11:01:45 UTC 2018
[STDERR  ] 2018-04-25T14:53:54.708478668Z: [    0.000000] Command line: console=ttyS0 console=ttyAMA0
[STDERR  ] 2018-04-25T14:53:54.708522954Z: [    0.000000] x86/fpu: x87 FPU will use FXSAVE
[STDERR  ] 2018-04-25T14:53:54.708557675Z: [    0.000000] e820: BIOS-provided physical RAM map:
[STDERR  ] 2018-04-25T14:53:54.708578690Z: [    0.000000] BIOS-e820: [mem 0x0000000000000000-0x000000000009fbff] usable
[STDERR  ] 2018-04-25T14:53:54.708600179Z: [    0.000000] BIOS-e820: [mem 0x000000000009fc00-0x000000000009ffff] reserved
[STDERR  ] 2018-04-25T14:53:54.708620021Z: [    0.000000] BIOS-e820: [mem 0x00000000000f0000-0x00000000000fffff] reserved
[STDERR  ] 2018-04-25T14:53:54.708639933Z: [    0.000000] BIOS-e820: [mem 0x0000000000100000-0x000000003ffdefff] usable
[STDERR  ] 2018-04-25T14:53:54.708659802Z: [    0.000000] BIOS-e820: [mem 0x000000003ffdf000-0x000000003fffffff] reserved
[STDERR  ] 2018-04-25T14:53:54.708679851Z: [    0.000000] BIOS-e820: [mem 0x00000000b0000000-0x00000000bfffffff] reserved
[STDERR  ] 2018-04-25T14:53:54.708718211Z: [    0.000000] BIOS-e820: [mem 0x00000000fed1c000-0x00000000fed1ffff] reserved
[STDERR  ] 2018-04-25T14:53:54.708738342Z: [    0.000000] BIOS-e820: [mem 0x00000000fffc0000-0x00000000ffffffff] reserved
[STDERR  ] 2018-04-25T14:53:54.708768442Z: [    0.000000] NX (Execute Disable) protection: active
[STDERR  ] 2018-04-25T14:53:54.708802702Z: [    0.000000] random: fast init done
[STDERR  ] 2018-04-25T14:53:54.708822523Z: [    0.000000] SMBIOS 2.8 present.
[STDERR  ] 2018-04-25T14:53:54.708842236Z: [    0.000000] DMI: QEMU Standard PC (Q35 + ICH9, 2009), BIOS rel-1.10.2-0-g5f4c7b1-prebuilt.qemu-project.org 04/01/2014
[STDERR  ] 2018-04-25T14:53:54.708871356Z: [    0.000000] e820: last_pfn = 0x3ffdf max_arch_pfn = 0x400000000
[STDERR  ] 2018-04-25T14:53:54.708891139Z: [    0.000000] x86/PAT: Configuration [0-7]: WB  WC  UC- UC  WB  WP  UC- WT  
[STDERR  ] 2018-04-25T14:53:54.708910559Z: [    0.000000] found SMP MP-table at [mem 0x000f6aa0-0x000f6aaf] mapped at [        (ptrval)]
[STDERR  ] 2018-04-25T14:53:54.708931418Z: [    0.000000] RAMDISK: [mem 0x3e544000-0x3ffcffff]
[STDERR  ] 2018-04-25T14:53:54.708960804Z: [    0.000000] ACPI: Early table checksum verification disabled
[STDERR  ] 2018-04-25T14:53:54.708980347Z: [    0.000000] ACPI: RSDP 0x00000000000F68C0 000014 (v00 BOCHS )
[STDERR  ] 2018-04-25T14:53:54.708999590Z: [    0.000000] ACPI: RSDT 0x000000003FFE2404 000034 (v01 BOCHS  BXPCRSDT 00000001 BXPC 00000001)
[STDERR  ] 2018-04-25T14:53:54.709019018Z: [    0.000000] ACPI: FACP 0x000000003FFE22A4 000074 (v01 BOCHS  BXPCFACP 00000001 BXPC 00000001)
[STDERR  ] 2018-04-25T14:53:54.709038719Z: [    0.000000] ACPI: DSDT 0x000000003FFE0040 002264 (v01 BOCHS  BXPCDSDT 00000001 BXPC 00000001)
[STDERR  ] 2018-04-25T14:53:54.709058202Z: [    0.000000] ACPI: FACS 0x000000003FFE0000 000040
[STDERR  ] 2018-04-25T14:53:54.709077785Z: [    0.000000] ACPI: APIC 0x000000003FFE2318 000078 (v01 BOCHS  BXPCAPIC 00000001 BXPC 00000001)
[STDERR  ] 2018-04-25T14:53:54.709108462Z: [    0.000000] ACPI: HPET 0x000000003FFE2390 000038 (v01 BOCHS  BXPCHPET 00000001 BXPC 00000001)
[STDERR  ] 2018-04-25T14:53:54.709127942Z: [    0.000000] ACPI: MCFG 0x000000003FFE23C8 00003C (v01 BOCHS  BXPCMCFG 00000001 BXPC 00000001)
[STDERR  ] 2018-04-25T14:53:54.709147079Z: [    0.000000] tsc: Fast TSC calibration using PIT
[STDERR  ] 2018-04-25T14:53:54.709166217Z: [    0.000000] Zone ranges:
[STDERR  ] 2018-04-25T14:53:54.709186431Z: [    0.000000]   DMA      [mem 0x0000000000001000-0x0000000000ffffff]
[STDERR  ] 2018-04-25T14:53:54.709205799Z: [    0.000000]   DMA32    [mem 0x0000000001000000-0x000000003ffdefff]
[STDERR  ] 2018-04-25T14:53:54.709224935Z: [    0.000000]   Normal   empty
[STDERR  ] 2018-04-25T14:53:54.709244833Z: [    0.000000]   Device   empty
[STDERR  ] 2018-04-25T14:53:54.709264164Z: [    0.000000] Movable zone start for each node
[STDERR  ] 2018-04-25T14:53:54.709283485Z: [    0.000000] Early memory node ranges
[STDERR  ] 2018-04-25T14:53:54.709307036Z: [    0.000000]   node   0: [mem 0x0000000000001000-0x000000000009efff]
[STDERR  ] 2018-04-25T14:53:54.709326424Z: [    0.000000]   node   0: [mem 0x0000000000100000-0x000000003ffdefff]
[STDERR  ] 2018-04-25T14:53:54.709350155Z: [    0.000000] Initmem setup node 0 [mem 0x0000000000001000-0x000000003ffdefff]
[STDERR  ] 2018-04-25T14:53:54.709372319Z: [    0.000000] Reserved but unavailable: 98 pages
[STDERR  ] 2018-04-25T14:53:54.709391371Z: [    0.000000] ACPI: PM-Timer IO Port: 0x608
[STDERR  ] 2018-04-25T14:53:54.709410580Z: [    0.000000] ACPI: LAPIC_NMI (acpi_id[0xff] dfl dfl lint[0x1])
[STDERR  ] 2018-04-25T14:53:54.709430077Z: [    0.000000] IOAPIC[0]: apic_id 0, version 32, address 0xfec00000, GSI 0-23
[STDERR  ] 2018-04-25T14:53:54.709462684Z: [    0.000000] ACPI: INT_SRC_OVR (bus 0 bus_irq 0 global_irq 2 dfl dfl)
[STDERR  ] 2018-04-25T14:53:54.709486209Z: [    0.000000] ACPI: INT_SRC_OVR (bus 0 bus_irq 5 global_irq 5 high level)
[STDERR  ] 2018-04-25T14:53:54.709505522Z: [    0.000000] ACPI: INT_SRC_OVR (bus 0 bus_irq 9 global_irq 9 high level)
[STDERR  ] 2018-04-25T14:53:54.709524801Z: [    0.000000] ACPI: INT_SRC_OVR (bus 0 bus_irq 10 global_irq 10 high level)
[STDERR  ] 2018-04-25T14:53:54.709544242Z: [    0.000000] ACPI: INT_SRC_OVR (bus 0 bus_irq 11 global_irq 11 high level)
[STDERR  ] 2018-04-25T14:53:54.709568818Z: [    0.000000] Using ACPI (MADT) for SMP configuration information
[STDERR  ] 2018-04-25T14:53:54.709589985Z: [    0.000000] ACPI: HPET id: 0x8086a201 base: 0xfed00000
[STDERR  ] 2018-04-25T14:53:54.709609512Z: [    0.000000] smpboot: Allowing 1 CPUs, 0 hotplug CPUs
[STDERR  ] 2018-04-25T14:53:54.709628685Z: [    0.000000] e820: [mem 0x40000000-0xafffffff] available for PCI devices
[STDERR  ] 2018-04-25T14:53:54.709649554Z: [    0.000000] Booting paravirtualized kernel on bare hardware
[STDERR  ] 2018-04-25T14:53:54.709668816Z: [    0.000000] clocksource: refined-jiffies: mask: 0xffffffff max_cycles: 0xffffffff, max_idle_ns: 19112604462750000 ns
[STDERR  ] 2018-04-25T14:53:54.709688487Z: [    0.000000] setup_percpu: NR_CPUS:128 nr_cpumask_bits:128 nr_cpu_ids:1 nr_node_ids:1
[STDERR  ] 2018-04-25T14:53:54.709707955Z: [    0.000000] percpu: Embedded 44 pages/cpu @        (ptrval) s142936 r8192 d29096 u2097152
[STDERR  ] 2018-04-25T14:53:54.709727489Z: [    0.000000] Built 1 zonelists, mobility grouping on.  Total pages: 257896
[STDERR  ] 2018-04-25T14:53:54.709747145Z: [    0.000000] Kernel command line: console=ttyS0 console=ttyAMA0
[STDERR  ] 2018-04-25T14:53:54.709766467Z: [    0.000000] Dentry cache hash table entries: 131072 (order: 8, 1048576 bytes)
[STDERR  ] 2018-04-25T14:53:54.709844833Z: [    0.000000] Inode-cache hash table entries: 65536 (order: 7, 524288 bytes)
[STDERR  ] 2018-04-25T14:53:54.709864733Z: [    0.000000] Memory: 977600K/1048052K available (12300K kernel code, 1480K rwdata, 3012K rodata, 1520K init, 632K bss, 70452K reserved, 0K cma-reserved)
[STDERR  ] 2018-04-25T14:53:54.709886067Z: [    0.000000] ftrace: allocating 41314 entries in 162 pages
[STDERR  ] 2018-04-25T14:53:54.709905721Z: [    0.000000] Hierarchical RCU implementation.
[STDERR  ] 2018-04-25T14:53:54.709924847Z: [    0.000000] 	RCU restricting CPUs from NR_CPUS=128 to nr_cpu_ids=1.
[STDERR  ] 2018-04-25T14:53:54.709944221Z: [    0.000000] RCU: Adjusting geometry for rcu_fanout_leaf=16, nr_cpu_ids=1
[STDERR  ] 2018-04-25T14:53:54.709963689Z: [    0.000000] NR_IRQS: 8448, nr_irqs: 256, preallocated irqs: 16
[STDERR  ] 2018-04-25T14:53:54.709983170Z: [    0.000000] Console: colour VGA+ 80x25
[STDERR  ] 2018-04-25T14:53:54.710002482Z: [    0.000000] console [ttyS0] enabled
[STDERR  ] 2018-04-25T14:53:54.710022027Z: [    0.000000] ACPI: Core revision 20170831
[STDERR  ] 2018-04-25T14:53:54.710042284Z: [    0.000000] ACPI: 1 ACPI AML tables successfully acquired and loaded
[STDERR  ] 2018-04-25T14:53:54.710064448Z: [    0.000000] clocksource: hpet: mask: 0xffffffff max_cycles: 0xffffffff, max_idle_ns: 19112604467 ns
[STDERR  ] 2018-04-25T14:53:54.710084570Z: [    0.010000] APIC: Switch to symmetric I/O mode setup
[STDERR  ] 2018-04-25T14:53:54.710108018Z: [    0.010000] ..TIMER: vector=0x30 apic1=0 pin1=2 apic2=-1 pin2=-1
[STDERR  ] 2018-04-25T14:53:54.710128973Z: [    0.060000] tsc: Fast TSC calibration using PIT
[STDERR  ] 2018-04-25T14:53:54.710157782Z: [    0.060000] tsc: Detected 2599.725 MHz processor
[STDERR  ] 2018-04-25T14:53:54.710181211Z: [    0.060000] Calibrating delay loop (skipped), value calculated using timer frequency.. 5199.45 BogoMIPS (lpj=25997250)
[STDERR  ] 2018-04-25T14:53:54.710201717Z: [    0.060000] pid_max: default: 32768 minimum: 301
[STDERR  ] 2018-04-25T14:53:54.710225113Z: [    0.071660] Security Framework initialized
[STDERR  ] 2018-04-25T14:53:54.710244370Z: [    0.072209] Yama: becoming mindful.
[STDERR  ] 2018-04-25T14:53:54.710263528Z: [    0.074364] Mount-cache hash table entries: 2048 (order: 2, 16384 bytes)
[STDERR  ] 2018-04-25T14:53:54.710282983Z: [    0.074961] Mountpoint-cache hash table entries: 2048 (order: 2, 16384 bytes)
[STDERR  ] 2018-04-25T14:53:54.710301918Z: [    0.095139] Last level iTLB entries: 4KB 0, 2MB 0, 4MB 0
[STDERR  ] 2018-04-25T14:53:54.710321410Z: [    0.095685] Last level dTLB entries: 4KB 0, 2MB 0, 4MB 0, 1GB 0
[STDERR  ] 2018-04-25T14:53:54.710340993Z: [    0.096218] Spectre V2 : Spectre mitigation: LFENCE not serializing, switching to generic retpoline
[STDERR  ] 2018-04-25T14:53:54.710396114Z: [    0.096938] Spectre V2 : Vulnerable: Minimal generic ASM retpoline
[STDERR  ] 2018-04-25T14:53:54.710415818Z: [    0.097474] Spectre V2 : Spectre v2 mitigation: Filling RSB on context switch
[STDERR  ] 2018-04-25T14:53:54.710435375Z: [    0.371750] Freeing SMP alternatives memory: 20K
[STDERR  ] 2018-04-25T14:53:54.710454582Z: [    0.400000] smpboot: CPU0: AMD QEMU Virtual CPU version 2.5+ (family: 0x6, model: 0x6, stepping: 0x3)
[STDERR  ] 2018-04-25T14:53:54.710473747Z: [    0.400000] Performance Events: PMU not available due to virtualization, using software events only.
[STDERR  ] 2018-04-25T14:53:54.710493095Z: [    0.401965] Hierarchical SRCU implementation.
[STDERR  ] 2018-04-25T14:53:54.710512345Z: [    0.408302] NMI watchdog: Perf event create on CPU 0 failed with -2
[STDERR  ] 2018-04-25T14:53:54.710532061Z: [    0.408901] NMI watchdog: Perf NMI watchdog permanently disabled
[STDERR  ] 2018-04-25T14:53:54.710551505Z: [    0.413596] smp: Bringing up secondary CPUs ...
[STDERR  ] 2018-04-25T14:53:54.710570715Z: [    0.414094] smp: Brought up 1 node, 1 CPU
[STDERR  ] 2018-04-25T14:53:54.710643103Z: [    0.414455] smpboot: Max logical packages: 1
[STDERR  ] 2018-04-25T14:53:54.710668708Z: [    0.414842] smpboot: Total of 1 processors activated (5199.45 BogoMIPS)
[STDERR  ] 2018-04-25T14:53:54.710693981Z: [    0.432236] devtmpfs: initialized
[STDERR  ] 2018-04-25T14:53:54.710721358Z: [    0.436914] x86/mm: Memory block size: 128MB
[STDERR  ] 2018-04-25T14:53:54.710741016Z: [    0.443511] evm: security.ima
[STDERR  ] 2018-04-25T14:53:54.710760587Z: [    0.443832] evm: security.capability
[STDERR  ] 2018-04-25T14:53:54.710789580Z: [    0.447566] clocksource: jiffies: mask: 0xffffffff max_cycles: 0xffffffff, max_idle_ns: 19112604462750000 ns
[STDERR  ] 2018-04-25T14:53:54.710815478Z: [    0.448529] futex hash table entries: 256 (order: 2, 16384 bytes)
[STDERR  ] 2018-04-25T14:53:54.710836227Z: [    0.461475] NET: Registered protocol family 16
[STDERR  ] 2018-04-25T14:53:54.710855550Z: [    0.465423] audit: initializing netlink subsys (disabled)
[STDERR  ] 2018-04-25T14:53:54.710875202Z: [    0.470707] audit: type=2000 audit(1524667980.460:1): state=initialized audit_enabled=0 res=1
[STDERR  ] 2018-04-25T14:53:54.710895106Z: [    0.474044] cpuidle: using governor ladder
[STDERR  ] 2018-04-25T14:53:54.710915362Z: [    0.474676] cpuidle: using governor menu
[STDERR  ] 2018-04-25T14:53:54.710934623Z: [    0.476678] ACPI: bus type PCI registered
[STDERR  ] 2018-04-25T14:53:54.710954604Z: [    0.479732] PCI: MMCONFIG for domain 0000 [bus 00-ff] at [mem 0xb0000000-0xbfffffff] (base 0xb0000000)
[STDERR  ] 2018-04-25T14:53:54.710977916Z: [    0.480391] PCI: MMCONFIG at [mem 0xb0000000-0xbfffffff] reserved in E820
[STDERR  ] 2018-04-25T14:53:54.710997239Z: [    0.481823] PCI: Using configuration type 1 for base access
[STDERR  ] 2018-04-25T14:53:54.711022133Z: [    0.547707] HugeTLB registered 2.00 MiB page size, pre-allocated 0 pages
[STDERR  ] 2018-04-25T14:53:54.711044651Z: [    0.560418] ACPI: Added _OSI(Module Device)
[STDERR  ] 2018-04-25T14:53:54.711070413Z: [    0.561063] ACPI: Added _OSI(Processor Device)
[STDERR  ] 2018-04-25T14:53:54.711096172Z: [    0.561607] ACPI: Added _OSI(3.0 _SCP Extensions)
[STDERR  ] 2018-04-25T14:53:54.711117672Z: [    0.562162] ACPI: Added _OSI(Processor Aggregator Device)
[STDERR  ] 2018-04-25T14:53:54.711136899Z: [    0.667098] ACPI: Interpreter enabled
[STDERR  ] 2018-04-25T14:53:54.711156373Z: [    0.668050] ACPI: (supports S0 S5)
[STDERR  ] 2018-04-25T14:53:54.711175636Z: [    0.668401] ACPI: Using IOAPIC for interrupt routing
[STDERR  ] 2018-04-25T14:53:54.711194800Z: [    0.670905] PCI: Using host bridge windows from ACPI; if necessary, use "pci=nocrs" and report a bug
[STDERR  ] 2018-04-25T14:53:54.711214138Z: [    0.674944] ACPI: Enabled 2 GPEs in block 00 to 3F
[STDERR  ] 2018-04-25T14:53:54.711233337Z: [    0.752442] ACPI: PCI Root Bridge [PCI0] (domain 0000 [bus 00-ff])
[STDERR  ] 2018-04-25T14:53:54.711253181Z: [    0.753613] acpi PNP0A08:00: _OSC: OS supports [ExtendedConfig ASPM ClockPM Segments MSI]
[STDERR  ] 2018-04-25T14:53:54.711279493Z: [    0.758464] acpi PNP0A08:00: _OSC: OS now controls [PCIeHotplug PME PCIeCapability]
[STDERR  ] 2018-04-25T14:53:54.711299071Z: [    0.763021] PCI host bridge to bus 0000:00
[STDERR  ] 2018-04-25T14:53:54.711318463Z: [    0.763641] pci_bus 0000:00: root bus resource [io  0x0000-0x0cf7 window]
[STDERR  ] 2018-04-25T14:53:54.711341417Z: [    0.764278] pci_bus 0000:00: root bus resource [io  0x0d00-0xffff window]
[STDERR  ] 2018-04-25T14:53:54.711360980Z: [    0.764844] pci_bus 0000:00: root bus resource [mem 0x000a0000-0x000bffff window]
[STDERR  ] 2018-04-25T14:53:54.711380464Z: [    0.765451] pci_bus 0000:00: root bus resource [mem 0xc0000000-0xfebfffff window]
[STDERR  ] 2018-04-25T14:53:54.711399640Z: [    0.766190] pci_bus 0000:00: root bus resource [bus 00-ff]
[STDERR  ] 2018-04-25T14:53:54.711428451Z: [    0.943919] pci 0000:00:1f.0: quirk: [io  0x0600-0x067f] claimed by ICH6 ACPI/GPIO/TCO
[STDERR  ] 2018-04-25T14:53:54.711448190Z: [    1.050906] ACPI: PCI Interrupt Link [LNKA] (IRQs 5 *10 11)
[STDERR  ] 2018-04-25T14:53:54.711467581Z: [    1.053733] ACPI: PCI Interrupt Link [LNKB] (IRQs 5 *10 11)
[STDERR  ] 2018-04-25T14:53:54.711490478Z: [    1.055905] ACPI: PCI Interrupt Link [LNKC] (IRQs 5 10 *11)
[STDERR  ] 2018-04-25T14:53:54.711513152Z: [    1.058074] ACPI: PCI Interrupt Link [LNKD] (IRQs 5 10 *11)
[STDERR  ] 2018-04-25T14:53:54.711533015Z: [    1.061076] ACPI: PCI Interrupt Link [LNKE] (IRQs 5 *10 11)
[STDERR  ] 2018-04-25T14:53:54.711551991Z: [    1.063663] ACPI: PCI Interrupt Link [LNKF] (IRQs 5 *10 11)
[STDERR  ] 2018-04-25T14:53:54.711574593Z: [    1.065827] ACPI: PCI Interrupt Link [LNKG] (IRQs 5 10 *11)
[STDERR  ] 2018-04-25T14:53:54.711593744Z: [    1.068407] ACPI: PCI Interrupt Link [LNKH] (IRQs 5 10 *11)
[STDERR  ] 2018-04-25T14:53:54.711613340Z: [    1.069694] ACPI: PCI Interrupt Link [GSIA] (IRQs *16)
[STDERR  ] 2018-04-25T14:53:54.711636042Z: [    1.070446] ACPI: PCI Interrupt Link [GSIB] (IRQs *17)
[STDERR  ] 2018-04-25T14:53:54.711655973Z: [    1.071200] ACPI: PCI Interrupt Link [GSIC] (IRQs *18)
[STDERR  ] 2018-04-25T14:53:54.711675208Z: [    1.072194] ACPI: PCI Interrupt Link [GSID] (IRQs *19)
[STDERR  ] 2018-04-25T14:53:54.711700724Z: [    1.073189] ACPI: PCI Interrupt Link [GSIE] (IRQs *20)
[STDERR  ] 2018-04-25T14:53:54.711720150Z: [    1.074142] ACPI: PCI Interrupt Link [GSIF] (IRQs *21)
[STDERR  ] 2018-04-25T14:53:54.711744257Z: [    1.075141] ACPI: PCI Interrupt Link [GSIG] (IRQs *22)
[STDERR  ] 2018-04-25T14:53:54.711763358Z: [    1.076193] ACPI: PCI Interrupt Link [GSIH] (IRQs *23)
[STDERR  ] 2018-04-25T14:53:54.711791960Z: [    1.088655] SCSI subsystem initialized
[STDERR  ] 2018-04-25T14:53:54.711816672Z: [    1.092753] ACPI: bus type USB registered
[STDERR  ] 2018-04-25T14:53:54.711837103Z: [    1.094029] usbcore: registered new interface driver usbfs
[STDERR  ] 2018-04-25T14:53:54.711866677Z: [    1.095330] usbcore: registered new interface driver hub
[STDERR  ] 2018-04-25T14:53:54.711891542Z: [    1.096514] usbcore: registered new device driver usb
[STDERR  ] 2018-04-25T14:53:54.711911010Z: [    1.097631] pps_core: LinuxPPS API ver. 1 registered
[STDERR  ] 2018-04-25T14:53:54.711936701Z: [    1.098048] pps_core: Software ver. 5.3.6 - Copyright 2005-2007 Rodolfo Giometti <giometti@linux.it>
[STDERR  ] 2018-04-25T14:53:54.711959661Z: [    1.098892] PTP clock support registered
[STDERR  ] 2018-04-25T14:53:54.711979182Z: [    1.101888] PCI: Using ACPI for IRQ routing
[STDERR  ] 2018-04-25T14:53:54.711999309Z: [    1.125659] NetLabel: Initializing
[STDERR  ] 2018-04-25T14:53:54.712022599Z: [    1.126086] NetLabel:  domain hash size = 128
[STDERR  ] 2018-04-25T14:53:54.712042827Z: [    1.126449] NetLabel:  protocols = UNLABELED CIPSOv4 CALIPSO
[STDERR  ] 2018-04-25T14:53:54.712062761Z: [    1.128911] NetLabel:  unlabeled traffic allowed by default
[STDERR  ] 2018-04-25T14:53:54.712085788Z: [    1.131056] HPET: 3 timers in total, 0 timers will be used for per-cpu timer
[STDERR  ] 2018-04-25T14:53:54.712111931Z: [    1.131940] hpet0: at MMIO 0xfed00000, IRQs 2, 8, 0
[STDERR  ] 2018-04-25T14:53:54.712131412Z: [    1.132536] hpet0: 3 comparators, 64-bit 100.000000 MHz counter
[STDERR  ] 2018-04-25T14:53:54.712157351Z: [    1.139141] clocksource: Switched to clocksource hpet
[STDERR  ] 2018-04-25T14:53:54.712177185Z: [    1.459188] VFS: Disk quotas dquot_6.6.0
[STDERR  ] 2018-04-25T14:53:54.712205247Z: [    1.460576] VFS: Dquot-cache hash table entries: 512 (order 0, 4096 bytes)
[STDERR  ] 2018-04-25T14:53:54.712229185Z: [    1.463460] FS-Cache: Loaded
[STDERR  ] 2018-04-25T14:53:54.712248745Z: [    1.469377] CacheFiles: Loaded
[STDERR  ] 2018-04-25T14:53:54.712268378Z: [    1.470924] pnp: PnP ACPI init
[STDERR  ] 2018-04-25T14:53:54.712289050Z: [    1.482140] pnp: PnP ACPI: found 5 devices
[STDERR  ] 2018-04-25T14:53:54.712317937Z: [    1.525538] clocksource: acpi_pm: mask: 0xffffff max_cycles: 0xffffff, max_idle_ns: 2085701024 ns
[STDERR  ] 2018-04-25T14:53:54.712344278Z: [    1.529033] NET: Registered protocol family 2
[STDERR  ] 2018-04-25T14:53:54.712363555Z: [    1.537214] TCP established hash table entries: 8192 (order: 4, 65536 bytes)
[STDERR  ] 2018-04-25T14:53:54.712383198Z: [    1.538146] TCP bind hash table entries: 8192 (order: 5, 131072 bytes)
[STDERR  ] 2018-04-25T14:53:54.712406713Z: [    1.538942] TCP: Hash tables configured (established 8192 bind 8192)
[STDERR  ] 2018-04-25T14:53:54.712429685Z: [    1.542316] UDP hash table entries: 512 (order: 2, 16384 bytes)
[STDERR  ] 2018-04-25T14:53:54.712449349Z: [    1.543107] UDP-Lite hash table entries: 512 (order: 2, 16384 bytes)
[STDERR  ] 2018-04-25T14:53:54.712469161Z: [    1.545891] NET: Registered protocol family 1
[STDERR  ] 2018-04-25T14:53:54.712489553Z: [    1.547003] pci 0000:00:01.0: Video device with shadowed ROM at [mem 0x000c0000-0x000dffff]
[STDERR  ] 2018-04-25T14:53:54.712509222Z: [    1.554132] Trying to unpack rootfs image as initramfs...
[STDERR  ] 2018-04-25T14:53:54.712528801Z: [    6.738280] Freeing initrd memory: 27184K
[STDERR  ] 2018-04-25T14:53:54.712555085Z: [    6.766849] PCLMULQDQ-NI instructions are not detected.
[STDERR  ] 2018-04-25T14:53:54.712578138Z: [    6.768387] AVX or AES-NI instructions are not detected.
[STDERR  ] 2018-04-25T14:53:54.712597947Z: [    6.768925] CPU feature 'AVX registers' is not supported.
[STDERR  ] 2018-04-25T14:53:54.712617710Z: [    6.769373] CPU feature 'AVX registers' is not supported.
[STDERR  ] 2018-04-25T14:53:54.712641143Z: [    6.769858] CPU feature 'AVX registers' is not supported.
[STDERR  ] 2018-04-25T14:53:54.712660550Z: [    6.770873] CPU feature 'AVX registers' is not supported.
[STDERR  ] 2018-04-25T14:53:54.712679908Z: [    6.771298] AVX2 or AES-NI instructions are not detected.
[STDERR  ] 2018-04-25T14:53:54.712699037Z: [    6.771775] AVX2 instructions are not detected.
[STDERR  ] 2018-04-25T14:53:54.712718428Z: [    6.783790] workingset: timestamp_bits=46 max_order=18 bucket_order=0
[STDERR  ] 2018-04-25T14:53:54.712748709Z: [    6.789008] squashfs: version 4.0 (2009/01/31) Phillip Lougher
[STDERR  ] 2018-04-25T14:53:54.712776099Z: [    6.792810] FS-Cache: Netfs 'cifs' registered for caching
[STDERR  ] 2018-04-25T14:53:54.712804018Z: [    6.793878] fuse init (API version 7.26)
[STDERR  ] 2018-04-25T14:53:54.712823449Z: [    6.796468] SGI XFS with ACLs, security attributes, no debug enabled
[STDERR  ] 2018-04-25T14:53:54.712850429Z: [    6.801727] 9p: Installing v9fs 9p2000 file system support
[STDERR  ] 2018-04-25T14:53:54.712870129Z: [    6.802515] FS-Cache: Netfs '9p' registered for caching
[STDERR  ] 2018-04-25T14:53:54.712889506Z: [    6.843868] NET: Registered protocol family 38
[STDERR  ] 2018-04-25T14:53:54.712908913Z: [    6.844608] Key type asymmetric registered
[STDERR  ] 2018-04-25T14:53:54.712928714Z: [    6.845038] Asymmetric key parser 'x509' registered
[STDERR  ] 2018-04-25T14:53:54.712952948Z: [    6.845871] Block layer SCSI generic (bsg) driver version 0.4 loaded (major 247)
[STDERR  ] 2018-04-25T14:53:54.712972709Z: [    6.847743] io scheduler noop registered
[STDERR  ] 2018-04-25T14:53:54.713000456Z: [    6.848196] io scheduler deadline registered (default)
[STDERR  ] 2018-04-25T14:53:54.713020067Z: [    6.849328] io scheduler cfq registered
[STDERR  ] 2018-04-25T14:53:54.713040092Z: [    6.849741] io scheduler mq-deadline registered (default)
[STDERR  ] 2018-04-25T14:53:54.713060511Z: [    6.850714] io scheduler kyber registered
[STDERR  ] 2018-04-25T14:53:54.713085691Z: [    6.855210] shpchp: Standard Hot Plug PCI Controller Driver version: 0.4
[STDERR  ] 2018-04-25T14:53:54.713105047Z: [    6.856100] hv_vmbus: registering driver hyperv_fb
[STDERR  ] 2018-04-25T14:53:54.713127794Z: [    6.859665] input: Power Button as /devices/LNXSYSTM:00/LNXPWRBN:00/input/input0
[STDERR  ] 2018-04-25T14:53:54.713147348Z: [    6.863970] ACPI: Power Button [PWRF]
[STDERR  ] 2018-04-25T14:53:54.713167248Z: [    6.883589] ACPI: PCI Interrupt Link [GSIG] enabled at IRQ 22
[STDERR  ] 2018-04-25T14:53:54.713187003Z: [    6.897848] ACPI: PCI Interrupt Link [GSIH] enabled at IRQ 23
[STDERR  ] 2018-04-25T14:53:54.713209854Z: [    6.905364] Serial: 8250/16550 driver, 4 ports, IRQ sharing disabled
[STDERR  ] 2018-04-25T14:53:54.713230003Z: [    6.930889] 00:04: ttyS0 at I/O 0x3f8 (irq = 4, base_baud = 115200) is a 16550A
[STDERR  ] 2018-04-25T14:53:54.713254856Z: [    6.941586] Non-volatile memory driver v1.3
[STDERR  ] 2018-04-25T14:53:54.713274178Z: [    6.949183] Hangcheck: starting hangcheck timer 0.9.1 (tick is 180 seconds, margin is 60 seconds).
[STDERR  ] 2018-04-25T14:53:54.713293879Z: [    6.961332] random: crng init done
[STDERR  ] 2018-04-25T14:53:54.713317010Z: [    7.028397] brd: module loaded
[STDERR  ] 2018-04-25T14:53:54.713340714Z: [    7.065182] loop: module loaded
[STDERR  ] 2018-04-25T14:53:54.713360342Z: [    7.129618] lpc_ich 0000:00:1f.0: I/O space for GPIO uninitialized
[STDERR  ] 2018-04-25T14:53:54.713384960Z: [    7.132611] VMware PVSCSI driver - version 1.0.7.0-k
[STDERR  ] 2018-04-25T14:53:54.713404228Z: [    7.133363] hv_vmbus: registering driver hv_storvsc
[STDERR  ] 2018-04-25T14:53:54.713423756Z: [    7.144775] ACPI: PCI Interrupt Link [GSIA] enabled at IRQ 16
[STDERR  ] 2018-04-25T14:53:54.713449549Z: [    7.152470] ahci 0000:00:1f.2: AHCI 0001.0000 32 slots 6 ports 1.5 Gbps 0x3f impl SATA mode
[STDERR  ] 2018-04-25T14:53:54.713468917Z: [    7.153264] ahci 0000:00:1f.2: flags: 64bit ncq only 
[STDERR  ] 2018-04-25T14:53:54.713491932Z: [    7.170153] scsi host0: ahci
[STDERR  ] 2018-04-25T14:53:54.713516269Z: [    7.174067] scsi host1: ahci
[STDERR  ] 2018-04-25T14:53:54.713536052Z: [    7.176023] scsi host2: ahci
[STDERR  ] 2018-04-25T14:53:54.713558817Z: [    7.177997] scsi host3: ahci
[STDERR  ] 2018-04-25T14:53:54.713578427Z: [    7.179867] scsi host4: ahci
[STDERR  ] 2018-04-25T14:53:54.713602693Z: [    7.182034] scsi host5: ahci
[STDERR  ] 2018-04-25T14:53:54.713628340Z: [    7.183420] ata1: SATA max UDMA/133 abar m4096@0xfebd2000 port 0xfebd2100 irq 24
[STDERR  ] 2018-04-25T14:53:54.713655575Z: [    7.184033] ata2: SATA max UDMA/133 abar m4096@0xfebd2000 port 0xfebd2180 irq 24
[STDERR  ] 2018-04-25T14:53:54.713679140Z: [    7.184552] ata3: SATA max UDMA/133 abar m4096@0xfebd2000 port 0xfebd2200 irq 24
[STDERR  ] 2018-04-25T14:53:54.713705443Z: [    7.185056] ata4: SATA max UDMA/133 abar m4096@0xfebd2000 port 0xfebd2280 irq 24
[STDERR  ] 2018-04-25T14:53:54.713729235Z: [    7.185548] ata5: SATA max UDMA/133 abar m4096@0xfebd2000 port 0xfebd2300 irq 24
[STDERR  ] 2018-04-25T14:53:54.713748875Z: [    7.186097] ata6: SATA max UDMA/133 abar m4096@0xfebd2000 port 0xfebd2380 irq 24
[STDERR  ] 2018-04-25T14:53:54.713775877Z: [    7.199211] tun: Universal TUN/TAP device driver, 1.6
[STDERR  ] 2018-04-25T14:53:54.713795694Z: [    7.211810] VMware vmxnet3 virtual NIC driver - version 1.4.a.0-k-NAPI
[STDERR  ] 2018-04-25T14:53:54.713815269Z: [    7.212760] hv_vmbus: registering driver hv_netvsc
[STDERR  ] 2018-04-25T14:53:54.713834978Z: [    7.213133] Fusion MPT base driver 3.04.20
[STDERR  ] 2018-04-25T14:53:54.713858215Z: [    7.213426] Copyright (c) 1999-2008 LSI Corporation
[STDERR  ] 2018-04-25T14:53:54.713882807Z: [    7.213963] Fusion MPT SPI Host driver 3.04.20
[STDERR  ] 2018-04-25T14:53:54.713906981Z: [    7.216153] i8042: PNP: PS/2 Controller [PNP0303:KBD,PNP0f13:MOU] at 0x60,0x64 irq 1,12
[STDERR  ] 2018-04-25T14:53:54.713926659Z: [    7.221378] serio: i8042 KBD port at 0x60,0x64 irq 1
[STDERR  ] 2018-04-25T14:53:54.713953416Z: [    7.222064] serio: i8042 AUX port at 0x60,0x64 irq 12
[STDERR  ] 2018-04-25T14:53:54.713981123Z: [    7.224864] hv_vmbus: registering driver hyperv_keyboard
[STDERR  ] 2018-04-25T14:53:54.714011463Z: [    7.226995] mousedev: PS/2 mouse device common for all mice
[STDERR  ] 2018-04-25T14:53:54.714040669Z: [    7.232608] input: AT Translated Set 2 keyboard as /devices/platform/i8042/serio0/input/input1
[STDERR  ] 2018-04-25T14:53:54.714060261Z: [    7.235250] input: PC Speaker as /devices/platform/pcspkr/input/input2
[STDERR  ] 2018-04-25T14:53:54.714084171Z: [    7.239282] rtc_cmos 00:00: RTC can wake from S4
[STDERR  ] 2018-04-25T14:53:54.714103663Z: [    7.243018] rtc_cmos 00:00: rtc core: registered rtc_cmos as rtc0
[STDERR  ] 2018-04-25T14:53:54.714123355Z: [    7.244355] rtc_cmos 00:00: alarms up to one day, y3k, 114 bytes nvram, hpet irqs
[STDERR  ] 2018-04-25T14:53:54.714146287Z: [    7.245232] i2c /dev entries driver
[STDERR  ] 2018-04-25T14:53:54.714166238Z: [    7.247362] device-mapper: ioctl: 4.37.0-ioctl (2017-09-20) initialised: dm-devel@redhat.com
[STDERR  ] 2018-04-25T14:53:54.714186403Z: [    7.252735] usbcore: registered new interface driver usbhid
[STDERR  ] 2018-04-25T14:53:54.714206406Z: [    7.253193] usbhid: USB HID core driver
[STDERR  ] 2018-04-25T14:53:54.714225550Z: [    7.253925] hv_utils: Registering HyperV Utility Driver
[STDERR  ] 2018-04-25T14:53:54.714245157Z: [    7.254311] hv_vmbus: registering driver hv_util
[STDERR  ] 2018-04-25T14:53:54.714268690Z: [    7.254638] hv_vmbus: registering driver hv_balloon
[STDERR  ] 2018-04-25T14:53:54.714289212Z: [    7.255232] oprofile: using NMI interrupt.
[STDERR  ] 2018-04-25T14:53:54.714308956Z: [    7.256543] GACT probability on
[STDERR  ] 2018-04-25T14:53:54.714328502Z: [    7.256949] Mirror/redirect action on
[STDERR  ] 2018-04-25T14:53:54.714368182Z: [    7.257624] Simple TC action Loaded
[STDERR  ] 2018-04-25T14:53:54.714390622Z: [    7.258079] u32 classifier
[STDERR  ] 2018-04-25T14:53:54.714413421Z: [    7.258292]     Performance counters on
[STDERR  ] 2018-04-25T14:53:54.714436531Z: [    7.258582]     input device check on
[STDERR  ] 2018-04-25T14:53:54.714455911Z: [    7.258857]     Actions configured
[STDERR  ] 2018-04-25T14:53:54.714475234Z: [    7.259543] Netfilter messages via NETLINK v0.30.
[STDERR  ] 2018-04-25T14:53:54.714502350Z: [    7.260978] nfnl_acct: registering with nfnetlink.
[STDERR  ] 2018-04-25T14:53:54.714525072Z: [    7.262432] nf_conntrack version 0.5.0 (8192 buckets, 32768 max)
[STDERR  ] 2018-04-25T14:53:54.714549521Z: [    7.264710] ctnetlink v0.93: registering with nfnetlink.
[STDERR  ] 2018-04-25T14:53:54.714568924Z: [    7.267796] nf_tables: (c) 2007-2009 Patrick McHardy <kaber@trash.net>
[STDERR  ] 2018-04-25T14:53:54.714593270Z: [    7.268747] nf_tables_compat: (c) 2012 Pablo Neira Ayuso <pablo@netfilter.org>
[STDERR  ] 2018-04-25T14:53:54.714613027Z: [    7.272315] xt_time: kernel timezone is -0000
[STDERR  ] 2018-04-25T14:53:54.714632392Z: [    7.273060] ip_set: protocol 6
[STDERR  ] 2018-04-25T14:53:54.714651966Z: [    7.273816] IPVS: Registered protocols (TCP, UDP, SCTP, AH, ESP)
[STDERR  ] 2018-04-25T14:53:54.714672828Z: [    7.274563] IPVS: Connection hash table configured (size=4096, memory=64Kbytes)
[STDERR  ] 2018-04-25T14:53:54.714705322Z: [    7.279161] IPVS: ipvs loaded.
[STDERR  ] 2018-04-25T14:53:54.714731252Z: [    7.279597] IPVS: [rr] scheduler registered.
[STDERR  ] 2018-04-25T14:53:54.714762035Z: [    7.279966] IPVS: [wrr] scheduler registered.
[STDERR  ] 2018-04-25T14:53:54.714797589Z: [    7.281036] IPVS: [lc] scheduler registered.
[STDERR  ] 2018-04-25T14:53:54.714823404Z: [    7.281346] IPVS: [wlc] scheduler registered.
[STDERR  ] 2018-04-25T14:53:54.714851809Z: [    7.281657] IPVS: [fo] scheduler registered.
[STDERR  ] 2018-04-25T14:53:54.714875866Z: [    7.281969] IPVS: [ovf] scheduler registered.
[STDERR  ] 2018-04-25T14:53:54.714896928Z: [    7.282443] IPVS: [lblc] scheduler registered.
[STDERR  ] 2018-04-25T14:53:54.714916666Z: [    7.282864] IPVS: [lblcr] scheduler registered.
[STDERR  ] 2018-04-25T14:53:54.714938186Z: [    7.283191] IPVS: [dh] scheduler registered.
[STDERR  ] 2018-04-25T14:53:54.714963065Z: [    7.283497] IPVS: [sh] scheduler registered.
[STDERR  ] 2018-04-25T14:53:54.714986322Z: [    7.283835] IPVS: [sed] scheduler registered.
[STDERR  ] 2018-04-25T14:53:54.715006211Z: [    7.284152] IPVS: [nq] scheduler registered.
[STDERR  ] 2018-04-25T14:53:54.715030729Z: [    7.284886] IPVS: ftp: loaded support on port[0] = 21
[STDERR  ] 2018-04-25T14:53:54.715050820Z: [    7.285766] ipip: IPv4 and MPLS over IPv4 tunneling driver
[STDERR  ] 2018-04-25T14:53:54.715071126Z: [    7.290071] gre: GRE over IPv4 demultiplexor driver
[STDERR  ] 2018-04-25T14:53:54.715090897Z: [    7.294015] ip_tables: (C) 2000-2006 Netfilter Core Team
[STDERR  ] 2018-04-25T14:53:54.715110138Z: [    7.297982] ipt_CLUSTERIP: ClusterIP Version 0.8 loaded successfully
[STDERR  ] 2018-04-25T14:53:54.715142989Z: [    7.298754] arp_tables: arp_tables: (C) 2002 David S. Miller
[STDERR  ] 2018-04-25T14:53:54.715163548Z: [    7.301847] NET: Registered protocol family 10
[STDERR  ] 2018-04-25T14:53:54.715185553Z: [    7.313008] Segment Routing with IPv6
[STDERR  ] 2018-04-25T14:53:54.715204929Z: [    7.314013] ip6_tables: (C) 2000-2006 Netfilter Core Team
[STDERR  ] 2018-04-25T14:53:54.715224706Z: [    7.323011] NET: Registered protocol family 17
[STDERR  ] 2018-04-25T14:53:54.715243957Z: [    7.324294] Bridge firewalling registered
[STDERR  ] 2018-04-25T14:53:54.715263093Z: [    7.324877] Ebtables v2.0 registered
[STDERR  ] 2018-04-25T14:53:54.715282497Z: [    7.327005] 8021q: 802.1Q VLAN Support v1.8
[STDERR  ] 2018-04-25T14:53:54.715301836Z: [    7.328553] 9pnet: Installing 9P2000 support
[STDERR  ] 2018-04-25T14:53:54.715330608Z: [    7.331056] Key type dns_resolver registered
[STDERR  ] 2018-04-25T14:53:54.715350169Z: [    7.332678] sched_clock: Marking stable (7330431380, 0)->(7396511829, -66080449)
[STDERR  ] 2018-04-25T14:53:54.715369804Z: [    7.336640] registered taskstats version 1
[STDERR  ] 2018-04-25T14:53:54.715395145Z: [    7.522490] ata4: SATA link down (SStatus 0 SControl 300)
[STDERR  ] 2018-04-25T14:53:54.715414986Z: [    7.525611] ata3: SATA link up 1.5 Gbps (SStatus 113 SControl 300)
[STDERR  ] 2018-04-25T14:53:54.715438419Z: [    7.529034] ata2: SATA link down (SStatus 0 SControl 300)
[STDERR  ] 2018-04-25T14:53:54.715461592Z: [    7.529763] ata1: SATA link down (SStatus 0 SControl 300)
[STDERR  ] 2018-04-25T14:53:54.715484866Z: [    7.531184] ata5: SATA link down (SStatus 0 SControl 300)
[STDERR  ] 2018-04-25T14:53:54.715514799Z: [    7.533220] ata3.00: ATAPI: QEMU DVD-ROM, 2.5+, max UDMA/100
[STDERR  ] 2018-04-25T14:53:54.715535374Z: [    7.533825] ata3.00: applying bridge limits
[STDERR  ] 2018-04-25T14:53:54.715555057Z: [    7.535806] ata6: SATA link down (SStatus 0 SControl 300)
[STDERR  ] 2018-04-25T14:53:54.715578731Z: [    7.537221] ata3.00: configured for UDMA/100
[STDERR  ] 2018-04-25T14:53:54.715598536Z: [    7.572361] scsi 2:0:0:0: CD-ROM            QEMU     QEMU DVD-ROM     2.5+ PQ: 0 ANSI: 5
[STDERR  ] 2018-04-25T14:53:54.715622214Z: [    7.614003] sr 2:0:0:0: [sr0] scsi3-mmc drive: 4x/4x cd/rw xa/form2 tray
[STDERR  ] 2018-04-25T14:53:54.715641753Z: [    7.614810] cdrom: Uniform CD-ROM driver Revision: 3.20
[STDERR  ] 2018-04-25T14:53:54.715661063Z: [    7.631180] sr 2:0:0:0: Attached scsi generic sg0 type 5
[STDERR  ] 2018-04-25T14:53:54.715680406Z: [    7.661606] Key type big_key registered
[STDERR  ] 2018-04-25T14:53:54.715699699Z: [    7.749579] Key type trusted registered
[STDERR  ] 2018-04-25T14:53:54.715719219Z: [    7.761074] tsc: Refined TSC clocksource calibration: 2599.796 MHz
[STDERR  ] 2018-04-25T14:53:54.715750534Z: [    7.761756] clocksource: tsc: mask: 0xffffffffffffffff max_cycles: 0x25797b27128, max_idle_ns: 440795204892 ns
[STDERR  ] 2018-04-25T14:53:54.715778063Z: [    7.838376] Key type encrypted registered
[STDERR  ] 2018-04-25T14:53:54.715797854Z: [    7.839205] ima: No TPM chip found, activating TPM-bypass! (rc=-19)
[STDERR  ] 2018-04-25T14:53:54.715817437Z: [    7.843185] evm: HMAC attrs: 0x1
[STDERR  ] 2018-04-25T14:53:54.715841172Z: [    7.848544] rtc_cmos 00:00: setting system clock to 2018-04-25 14:53:08 UTC (1524667988)
[STDERR  ] 2018-04-25T14:53:54.715861933Z: [    8.036842] Freeing unused kernel memory: 1520K
[STDERR  ] 2018-04-25T14:53:54.715881659Z: [    8.037434] Write protecting the kernel read-only data: 18432k
[STDERR  ] 2018-04-25T14:53:54.715901122Z: [    8.055463] Freeing unused kernel memory: 2024K
[STDERR  ] 2018-04-25T14:53:54.715923066Z: [    8.129550] Freeing unused kernel memory: 1084K
[STDERR  ] 2018-04-25T14:53:54.715942721Z: [    8.779315] clocksource: Switched to clocksource tsc
[STDERR  ] 2018-04-25T14:53:54.715962299Z: 
[STDERR  ] 2018-04-25T14:53:54.715982534Z: Welcome to LinuxKit
[STDERR  ] 2018-04-25T14:53:54.716002040Z: 
[STDERR  ] 2018-04-25T14:53:54.716021595Z:                         ##         .
[STDERR  ] 2018-04-25T14:53:54.716041158Z:                   ## ## ##        ==
[STDERR  ] 2018-04-25T14:53:54.716060437Z:                ## ## ## ## ##    ===
[STDERR  ] 2018-04-25T14:53:54.716079804Z:            /"""""""""""""""""\___/ ===
[STDERR  ] 2018-04-25T14:53:54.716099211Z:           {                       /  ===-
[STDERR  ] 2018-04-25T14:53:54.716118605Z:            \______ O           __/
[STDERR  ] 2018-04-25T14:53:54.716138044Z:              \    \         __/
[STDERR  ] 2018-04-25T14:53:54.716157376Z:               \____\_______/
[STDERR  ] 2018-04-25T14:53:54.716177768Z: 
[STDERR  ] 2018-04-25T14:53:54.716198713Z: [   28.874284] RPC: Registered named UNIX socket transport module.
[STDERR  ] 2018-04-25T14:53:54.716218321Z: [   28.874932] RPC: Registered udp transport module.
[STDERR  ] 2018-04-25T14:53:54.716238069Z: [   28.875312] RPC: Registered tcp transport module.
[STDERR  ] 2018-04-25T14:53:54.716257841Z: [   28.875697] RPC: Registered tcp NFSv4.1 backchannel transport module.
[STDERR  ] 2018-04-25T14:53:54.716286462Z: [   29.039145] FS-Cache: Netfs 'nfs' registered for caching
[STDERR  ] 2018-04-25T14:53:54.716305888Z: [   29.222222] Installing knfsd (copyright (C) 1996 okir@monad.swb.de).
[STDERR  ] 2018-04-25T14:53:54.716325198Z: [   29.297625] ntfs: driver 2.1.32 [Flags: R/O MODULE].
[STDERR  ] 2018-04-25T14:53:54.716344490Z: starting kernel config sanity test with /proc/config.gz
[STDERR  ] 2018-04-25T14:53:54.716363802Z: kernel config test succeeded!
[STDERR  ] 2018-04-25T14:53:54.716383062Z: [37minfo: reading kernel config from /proc/config.gz ...[m
[STDERR  ] 2018-04-25T14:53:54.716404840Z: 
[STDERR  ] 2018-04-25T14:53:54.716438395Z: Generally Necessary:
[STDERR  ] 2018-04-25T14:53:54.716463050Z: - [37mcgroup hierarchy[m: [32mproperly mounted[m [/sys/fs/cgroup]
[STDERR  ] 2018-04-25T14:53:54.716482593Z: - [37mCONFIG_NAMESPACES[m: [32menabled[m
[STDERR  ] 2018-04-25T14:53:54.716501982Z: - [37mCONFIG_NET_NS[m: [32menabled[m
[STDERR  ] 2018-04-25T14:53:54.716521544Z: - [37mCONFIG_PID_NS[m: [32menabled[m
[STDERR  ] 2018-04-25T14:53:54.716541050Z: - [37mCONFIG_IPC_NS[m: [32menabled[m
[STDERR  ] 2018-04-25T14:53:54.716560256Z: - [37mCONFIG_UTS_NS[m: [32menabled[m
[STDERR  ] 2018-04-25T14:53:54.716583939Z: - [37mCONFIG_CGROUPS[m: [32menabled[m
[STDERR  ] 2018-04-25T14:53:54.716603323Z: - [37mCONFIG_CGROUP_CPUACCT[m: [32menabled[m
[STDERR  ] 2018-04-25T14:53:54.716622731Z: - [37mCONFIG_CGROUP_DEVICE[m: [32menabled[m
[STDERR  ] 2018-04-25T14:53:54.716645869Z: - [37mCONFIG_CGROUP_FREEZER[m: [32menabled[m
[STDERR  ] 2018-04-25T14:53:54.716664985Z: - [37mCONFIG_CGROUP_SCHED[m: [32menabled[m
[STDERR  ] 2018-04-25T14:53:54.716689146Z: - [37mCONFIG_CPUSETS[m: [32menabled[m
[STDERR  ] 2018-04-25T14:53:54.716721702Z: - [37mCONFIG_MEMCG[m: [32menabled[m
[STDERR  ] 2018-04-25T14:53:54.716741119Z: - [37mCONFIG_KEYS[m: [32menabled[m
[STDERR  ] 2018-04-25T14:53:54.716761803Z: - [37mCONFIG_VETH[m: [32menabled[m
[STDERR  ] 2018-04-25T14:53:54.716785314Z: - [37mCONFIG_BRIDGE[m: [32menabled[m
[STDERR  ] 2018-04-25T14:53:54.716804491Z: - [37mCONFIG_BRIDGE_NETFILTER[m: [32menabled[m
[STDERR  ] 2018-04-25T14:53:54.716824219Z: - [37mCONFIG_NF_NAT_IPV4[m: [32menabled[m
[STDERR  ] 2018-04-25T14:53:54.716843543Z: - [37mCONFIG_IP_NF_FILTER[m: [32menabled[m
[STDERR  ] 2018-04-25T14:53:54.716862680Z: - [37mCONFIG_IP_NF_TARGET_MASQUERADE[m: [32menabled[m
[STDERR  ] 2018-04-25T14:53:54.716887808Z: - [37mCONFIG_NETFILTER_XT_MATCH_ADDRTYPE[m: [32menabled[m
[STDERR  ] 2018-04-25T14:53:54.716908545Z: - [37mCONFIG_NETFILTER_XT_MATCH_CONNTRACK[m: [32menabled[m
[STDERR  ] 2018-04-25T14:53:54.716929771Z: - [37mCONFIG_NETFILTER_XT_MATCH_IPVS[m: [32menabled[m
[STDERR  ] 2018-04-25T14:53:54.716949676Z: - [37mCONFIG_IP_NF_NAT[m: [32menabled[m
[STDERR  ] 2018-04-25T14:53:54.716970496Z: - [37mCONFIG_NF_NAT[m: [32menabled[m
[STDERR  ] 2018-04-25T14:53:54.716990449Z: - [37mCONFIG_NF_NAT_NEEDED[m: [32menabled[m
[STDERR  ] 2018-04-25T14:53:54.717010370Z: - [37mCONFIG_POSIX_MQUEUE[m: [32menabled[m
[STDERR  ] 2018-04-25T14:53:54.717032789Z: 
[STDERR  ] 2018-04-25T14:53:54.717056497Z: Optional Features:
[STDERR  ] 2018-04-25T14:53:54.717082939Z: - [37mCONFIG_USER_NS[m: [32menabled[m
[STDERR  ] 2018-04-25T14:53:54.717106988Z: - [37mCONFIG_SECCOMP[m: [32menabled[m
[STDERR  ] 2018-04-25T14:53:54.717126762Z: - [37mCONFIG_CGROUP_PIDS[m: [32menabled[m
[STDERR  ] 2018-04-25T14:53:54.717151159Z: - [37mCONFIG_MEMCG_SWAP[m: [32menabled[m
[STDERR  ] 2018-04-25T14:53:54.717171027Z: - [37mCONFIG_MEMCG_SWAP_ENABLED[m: [32menabled[m
[STDERR  ] 2018-04-25T14:53:54.717190843Z:     [1;30m(cgroup swap accounting is currently enabled)[m
[STDERR  ] 2018-04-25T14:53:54.717210387Z: - [1mCONFIG_LEGACY_VSYSCALL_NONE[m: [1;31menabled[m
[STDERR  ] 2018-04-25T14:53:54.717229622Z:     [1;30m(containers using eglibc <= 2.13 will not work. Switch to[m
[STDERR  ] 2018-04-25T14:53:54.717249130Z:     [1;30m "CONFIG_VSYSCALL_[NATIVE|EMULATE]" or use "vsyscall=[native|emulate]"[m
[STDERR  ] 2018-04-25T14:53:54.717268930Z:     [1;30m on kernel command line. Note that this will disable ASLR for the,[m
[STDERR  ] 2018-04-25T14:53:54.717288562Z:     [1;30m VDSO which may assist in exploiting security vulnerabilities.)[m
[STDERR  ] 2018-04-25T14:53:54.717308349Z: - [37mCONFIG_BLK_CGROUP[m: [32menabled[m
[STDERR  ] 2018-04-25T14:53:54.717327925Z: - [37mCONFIG_BLK_DEV_THROTTLING[m: [32menabled[m
[STDERR  ] 2018-04-25T14:53:54.717347624Z: - [37mCONFIG_IOSCHED_CFQ[m: [32menabled[m
[STDERR  ] 2018-04-25T14:53:54.717367111Z: - [37mCONFIG_CFQ_GROUP_IOSCHED[m: [32menabled[m
[STDERR  ] 2018-04-25T14:53:54.717391896Z: - [37mCONFIG_CGROUP_PERF[m: [32menabled[m
[STDERR  ] 2018-04-25T14:53:54.717411759Z: - [37mCONFIG_CGROUP_HUGETLB[m: [32menabled[m
[STDERR  ] 2018-04-25T14:53:54.717435121Z: - [37mCONFIG_NET_CLS_CGROUP[m: [32menabled[m
[STDERR  ] 2018-04-25T14:53:54.717454782Z: - [37mCONFIG_CGROUP_NET_PRIO[m: [32menabled[m
[STDERR  ] 2018-04-25T14:53:54.717474560Z: - [37mCONFIG_CFS_BANDWIDTH[m: [32menabled[m
[STDERR  ] 2018-04-25T14:53:54.717504064Z: - [37mCONFIG_FAIR_GROUP_SCHED[m: [32menabled[m
[STDERR  ] 2018-04-25T14:53:54.717523338Z: - [37mCONFIG_RT_GROUP_SCHED[m: [32menabled[m
[STDERR  ] 2018-04-25T14:53:54.717548259Z: - [37mCONFIG_IP_VS[m: [32menabled[m
[STDERR  ] 2018-04-25T14:53:54.717567701Z: - [37mCONFIG_IP_VS_NFCT[m: [32menabled[m
[STDERR  ] 2018-04-25T14:53:54.717590508Z: - [37mCONFIG_IP_VS_RR[m: [32menabled[m
[STDERR  ] 2018-04-25T14:53:54.717610654Z: - [37mCONFIG_EXT4_FS[m: [32menabled[m
[STDERR  ] 2018-04-25T14:53:54.717630066Z: - [37mCONFIG_EXT4_FS_POSIX_ACL[m: [32menabled[m
[STDERR  ] 2018-04-25T14:53:54.717649941Z: - [37mCONFIG_EXT4_FS_SECURITY[m: [32menabled[m
[STDERR  ] 2018-04-25T14:53:54.717674013Z: - Network Drivers:
[STDERR  ] 2018-04-25T14:53:54.717698505Z:   - "[34moverlay[m":
[STDERR  ] 2018-04-25T14:53:54.717717912Z:     - [37mCONFIG_VXLAN[m: [32menabled[m
[STDERR  ] 2018-04-25T14:53:54.717738142Z:       Optional (for encrypted networks):
[STDERR  ] 2018-04-25T14:53:54.717757542Z:       - [37mCONFIG_CRYPTO[m: [32menabled[m
[STDERR  ] 2018-04-25T14:53:54.717781468Z:       - [37mCONFIG_CRYPTO_AEAD[m: [32menabled[m
[STDERR  ] 2018-04-25T14:53:54.717801130Z:       - [37mCONFIG_CRYPTO_GCM[m: [32menabled[m
[STDERR  ] 2018-04-25T14:53:54.717820963Z:       - [37mCONFIG_CRYPTO_SEQIV[m: [32menabled[m
[STDERR  ] 2018-04-25T14:53:54.717844508Z:       - [37mCONFIG_CRYPTO_GHASH[m: [32menabled[m
[STDERR  ] 2018-04-25T14:53:54.717864261Z:       - [37mCONFIG_XFRM[m: [32menabled[m
[STDERR  ] 2018-04-25T14:53:54.717883994Z:       - [37mCONFIG_XFRM_USER[m: [32menabled (as module)[m
[STDERR  ] 2018-04-25T14:53:54.717903439Z:       - [37mCONFIG_XFRM_ALGO[m: [32menabled (as module)[m
[STDERR  ] 2018-04-25T14:53:54.717922773Z:       - [37mCONFIG_INET_ESP[m: [32menabled (as module)[m
[STDERR  ] 2018-04-25T14:53:54.717942464Z:       - [37mCONFIG_INET_XFRM_MODE_TRANSPORT[m: [32menabled (as module)[m
[STDERR  ] 2018-04-25T14:53:54.717969336Z:   - "[34mipvlan[m":
[STDERR  ] 2018-04-25T14:53:54.717988998Z:     - [37mCONFIG_IPVLAN[m: [32menabled[m
[STDERR  ] 2018-04-25T14:53:54.718008661Z:   - "[34mmacvlan[m":
[STDERR  ] 2018-04-25T14:53:54.718028744Z:     - [37mCONFIG_MACVLAN[m: [32menabled[m
[STDERR  ] 2018-04-25T14:53:54.718051662Z:     - [37mCONFIG_DUMMY[m: [32menabled (as module)[m
[STDERR  ] 2018-04-25T14:53:54.718071604Z:   - "[34mftp,tftp client in container[m":
[STDERR  ] 2018-04-25T14:53:54.718091162Z:     - [37mCONFIG_NF_NAT_FTP[m: [32menabled[m
[STDERR  ] 2018-04-25T14:53:54.718115707Z:     - [37mCONFIG_NF_CONNTRACK_FTP[m: [32menabled[m
[STDERR  ] 2018-04-25T14:53:54.718135129Z:     - [37mCONFIG_NF_NAT_TFTP[m: [32menabled[m
[STDERR  ] 2018-04-25T14:53:54.718154771Z:     - [37mCONFIG_NF_CONNTRACK_TFTP[m: [32menabled[m
[STDERR  ] 2018-04-25T14:53:54.718177415Z: - Storage Drivers:
[STDERR  ] 2018-04-25T14:53:54.718197108Z:   - "[34maufs[m":
[STDERR  ] 2018-04-25T14:53:54.718216850Z:     - [1mCONFIG_AUFS_FS[m: [1;31mmissing[m
[STDERR  ] 2018-04-25T14:53:54.718240191Z:   - "[34mbtrfs[m":
[STDERR  ] 2018-04-25T14:53:54.718263566Z:     - [37mCONFIG_BTRFS_FS[m: [32menabled (as module)[m
[STDERR  ] 2018-04-25T14:53:54.718285250Z:     - [37mCONFIG_BTRFS_FS_POSIX_ACL[m: [32menabled[m
[STDERR  ] 2018-04-25T14:53:54.718304907Z:   - "[34mdevicemapper[m":
[STDERR  ] 2018-04-25T14:53:54.718329389Z:     - [37mCONFIG_BLK_DEV_DM[m: [32menabled[m
[STDERR  ] 2018-04-25T14:53:54.718379836Z:     - [37mCONFIG_DM_THIN_PROVISIONING[m: [32menabled[m
[STDERR  ] 2018-04-25T14:53:54.718406889Z:   - "[34moverlay[m":
[STDERR  ] 2018-04-25T14:53:54.718426752Z:     - [37mCONFIG_OVERLAY_FS[m: [32menabled[m
[STDERR  ] 2018-04-25T14:53:54.718446954Z:   - "[34mzfs[m":
[STDERR  ] 2018-04-25T14:53:54.718471378Z:     - [1m/dev/zfs[m: [1;31mmissing[m
[STDERR  ] 2018-04-25T14:53:54.718496168Z:     - [1mzfs command[m: [1;31mmissing[m
[STDERR  ] 2018-04-25T14:53:54.718515880Z:     - [1mzpool command[m: [1;31mmissing[m
[STDERR  ] 2018-04-25T14:53:54.718536330Z: 
[STDERR  ] 2018-04-25T14:53:54.718557147Z: Limits:
[STDERR  ] 2018-04-25T14:53:54.718578378Z: [37m- /proc/sys/kernel/keys/root_maxkeys[m: [32m1000000[m
[STDERR  ] 2018-04-25T14:53:54.718599519Z: 
[STDERR  ] 2018-04-25T14:53:54.718620672Z: Kernel config test suite PASSED
[STDERR  ] 2018-04-25T14:53:54.718640420Z: [   53.575833] ACPI: Preparing to enter system sleep state S5
[STDERR  ] 2018-04-25T14:53:54.718660901Z: [   53.581618] reboot: Power down
[STDERR  ] 2018-04-25T14:53:54.718686639Z: + grep -q suite PASSED
[STDERR  ] 2018-04-25T14:53:54.718710272Z: + echo [    0.000000] Linux version 4.15.18-linuxkit (root@2c3ec16d5a10) (gcc version 6.4.0 (Alpine 6.4.0)) #1 SMP Mon Apr 23 11:01:45 UTC 2018
[STDERR  ] 2018-04-25T14:53:54.718736475Z: [    0.000000] Command line: console=ttyS0 console=ttyAMA0
[STDERR  ] 2018-04-25T14:53:54.718759472Z: [    0.000000] x86/fpu: x87 FPU will use FXSAVE
[STDERR  ] 2018-04-25T14:53:54.718786741Z: [    0.000000] e820: BIOS-provided physical RAM map:
[STDERR  ] 2018-04-25T14:53:54.718806770Z: [    0.000000] BIOS-e820: [mem 0x0000000000000000-0x000000000009fbff] usable
[STDERR  ] 2018-04-25T14:53:54.718826384Z: [    0.000000] BIOS-e820: [mem 0x000000000009fc00-0x000000000009ffff] reserved
[STDERR  ] 2018-04-25T14:53:54.718846119Z: [    0.000000] BIOS-e820: [mem 0x00000000000f0000-0x00000000000fffff] reserved
[STDERR  ] 2018-04-25T14:53:54.718872606Z: [    0.000000] BIOS-e820: [mem 0x0000000000100000-0x000000003ffdefff] usable
[STDERR  ] 2018-04-25T14:53:54.718893055Z: [    0.000000] BIOS-e820: [mem 0x000000003ffdf000-0x000000003fffffff] reserved
[STDERR  ] 2018-04-25T14:53:54.718912504Z: [    0.000000] BIOS-e820: [mem 0x00000000b0000000-0x00000000bfffffff] reserved
[STDERR  ] 2018-04-25T14:53:54.718932013Z: [    0.000000] BIOS-e820: [mem 0x00000000fed1c000-0x00000000fed1ffff] reserved
[STDERR  ] 2018-04-25T14:53:54.718951433Z: [    0.000000] BIOS-e820: [mem 0x00000000fffc0000-0x00000000ffffffff] reserved
[STDERR  ] 2018-04-25T14:53:54.718970796Z: [    0.000000] NX (Execute Disable) protection: active
[STDERR  ] 2018-04-25T14:53:54.718990580Z: [    0.000000] random: fast init done
[STDERR  ] 2018-04-25T14:53:54.719010969Z: [    0.000000] SMBIOS 2.8 present.
[STDERR  ] 2018-04-25T14:53:54.719037715Z: [    0.000000] DMI: QEMU Standard PC (Q35 + ICH9, 2009), BIOS rel-1.10.2-0-g5f4c7b1-prebuilt.qemu-project.org 04/01/2014
[STDERR  ] 2018-04-25T14:53:54.719069993Z: [    0.000000] e820: last_pfn = 0x3ffdf max_arch_pfn = 0x400000000
[STDERR  ] 2018-04-25T14:53:54.719102638Z: [    0.000000] x86/PAT: Configuration [0-7]: WB  WC  UC- UC  WB  WP  UC- WT  
[STDERR  ] 2018-04-25T14:53:54.719131448Z: [    0.000000] found SMP MP-table at [mem 0x000f6aa0-0x000f6aaf] mapped at [        (ptrval)]
[STDERR  ] 2018-04-25T14:53:54.719157907Z: [    0.000000] RAMDISK: [mem 0x3e544000-0x3ffcffff]
[STDERR  ] 2018-04-25T14:53:54.719179915Z: [    0.000000] ACPI: Early table checksum verification disabled
[PASS    ] linuxkit.kernel.config_4.15.x 74.57s
[STDERR  ] 2018-04-25T14:53:54.719202892Z: [    0.000000] ACPI: RSDP 0x00000000000F68C0 000014 (v00 BOCHS )
