[INFO    ] 2019-02-14T15:52:16.716325005Z: Running Test linuxkit.packages.format_mount.multiple in /tmp/with_clone1ca1a17a/test/cases/040_packages/006_format_mount/010_multiple
[STDERR  ] 2019-02-14T15:52:16.716410390Z: TYPE=xfs
[STDERR  ] 2019-02-14T15:52:16.716452830Z: PARTUUID=db059bb9-01
[STDERR  ] 2019-02-14T15:52:16.716491364Z: === /dev/sda1 test ===
[STDERR  ] 2019-02-14T15:52:16.716519364Z: === /dev/sdb1 test ===
[STDERR  ] 2019-02-14T15:52:16.716552504Z: format_force test suite PASSED
[STDERR  ] 2019-02-14T15:52:16.716576364Z: [  121.122352] sd 1:0:0:0: [sdb] Synchronizing SCSI cache
[STDERR  ] 2019-02-14T15:52:16.716600427Z: [  121.132922] sd 1:0:0:0: [sdb] Stopping disk
[STDERR  ] 2019-02-14T15:52:16.716637520Z: [  121.134831] sd 0:0:0:0: [sda] Synchronizing SCSI cache
[INFO    ] 2019-02-14T15:52:16.716665329Z: Running command: [/bin/sh -x /tmp/with_clone1ca1a17a/test/cases/040_packages/006_format_mount/010_multiple/test.sh]
[STDERR  ] 2019-02-14T15:52:16.716668722Z: [  121.136351] sd 0:0:0:0: [sda] Stopping disk
[STDERR  ] 2019-02-14T15:52:16.716702775Z: [  121.141947] ACPI: Preparing to enter system sleep state S5
[STDERR  ] 2019-02-14T15:52:16.716737169Z: [  121.146527] reboot: Power down
[STDERR  ] 2019-02-14T15:52:16.716761101Z: + grep -q suite PASSED
[STDERR  ] 2019-02-14T15:52:16.716792210Z: + echo [    0.000000] Linux version 4.19.20-linuxkit (root@d5fc8715908b) (gcc version 6.4.0 (Alpine 6.4.0)) #1 SMP Fri Feb 8 23:54:19 UTC 2019
[STDERR  ] 2019-02-14T15:52:16.716817005Z: [    0.000000] Command line: console=ttyS0 console=ttyAMA0
[STDERR  ] 2019-02-14T15:52:16.716840092Z: [    0.000000] x86/fpu: x87 FPU will use FXSAVE
[STDERR  ] 2019-02-14T15:52:16.716865722Z: [    0.000000] BIOS-provided 
[STDERR  ] 2019-02-14T15:52:16.717606186Z: + set -e
[STDERR  ] 2019-02-14T15:52:16.717679910Z: + . /tmp/with_clone1ca1a17a/test/cases/_lib/lib.sh
[STDERR  ] 2019-02-14T15:52:16.717710750Z: + [ -f src/github.com/linuxkit/rtf/lib/lib.sh ]
[STDERR  ] 2019-02-14T15:52:16.717742384Z: + LINUXKIT_TMPDIR=/tmp/with_clone1ca1a17a/test/cases/_tmp
[STDERR  ] 2019-02-14T15:52:16.717820442Z: + [ -f /tmp/with_clone1ca1a17a/test/cases/_tmp/env.sh ]
[STDERR  ] 2019-02-14T15:52:16.717870022Z: + . /tmp/with_clone1ca1a17a/test/cases/_tmp/env.sh
[STDERR  ] 2019-02-14T15:52:16.717902842Z: + export LINUXKIT_EXAMPLES_DIR=/tmp/with_clone1ca1a17a/test/cases/../../examples
[STDERR  ] 2019-02-14T15:52:16.717931134Z: + RT_CANCEL=253
[STDERR  ] 2019-02-14T15:52:16.717959160Z: + NAME=test-format
[STDERR  ] 2019-02-14T15:52:16.717995412Z: + DISK1=disk1.img
[STDERR  ] 2019-02-14T15:52:16.718024455Z: + DISK2=disk2.img
[STDERR  ] 2019-02-14T15:52:16.718052390Z: + trap clean_up EXIT
[STDERR  ] 2019-02-14T15:52:16.718084270Z: + linuxkit build -format kernel+initrd -name test-format test.yml
[STDERR  ] 2019-02-14T15:52:16.766209761Z: Extract kernel image: linuxkit/kernel:4.19.20
[STDERR  ] 2019-02-14T15:52:21.231693859Z: Add init containers:
[STDERR  ] 2019-02-14T15:52:21.231802659Z: Process init image: linuxkit/init:a2166a6048ce041eebe005ab99454cfdeaa5c848
[STDERR  ] 2019-02-14T15:52:22.967354519Z: Process init image: linuxkit/runc:069d5cd3cc4f0aec70e4af53aed5d27a21c79c35
[STDERR  ] 2019-02-14T15:52:24.539379261Z: Add onboot containers:
[STDERR  ] 2019-02-14T15:52:24.539481589Z:   Create OCI config for linuxkit/format:v0.6
[STDERR  ] 2019-02-14T15:52:26.255153031Z:   Create OCI config for linuxkit/format:v0.6
[STDERR  ] 2019-02-14T15:52:27.965813886Z:   Create OCI config for linuxkit/mount:v0.6
[STDERR  ] 2019-02-14T15:52:29.637409944Z:   Create OCI config for linuxkit/mount:v0.6
[STDERR  ] 2019-02-14T15:52:31.304775695Z:   Create OCI config for alpine:3.8
[STDERR  ] 2019-02-14T15:52:32.839889041Z:   Create OCI config for linuxkit/poweroff:afe8f7dd0d47a7991c54519b0f09124cb8c4e300
[STDERR  ] 2019-02-14T15:52:34.384026662Z: Add files:
[STDERR  ] 2019-02-14T15:52:34.384131314Z:   check.sh
[STDERR  ] 2019-02-14T15:52:34.384167756Z: Create outputs:
[STDERR  ] 2019-02-14T15:52:42.429245575Z:   test-format-kernel test-format-initrd.img test-format-cmdline
[STDERR  ] 2019-02-14T15:52:42.521566578Z: + linuxkit run -disk file=disk1.img,size=512M -disk file=disk2.img,size=512M test-format
[STDERR  ] 2019-02-14T15:54:42.409197332Z: + RESULT=[    0.000000] Linux version 4.19.20-linuxkit (root@d5fc8715908b) (gcc version 6.4.0 (Alpine 6.4.0)) #1 SMP Fri Feb 8 23:54:19 UTC 2019
[STDERR  ] 2019-02-14T15:54:42.409339023Z: [    0.000000] Command line: console=ttyS0 console=ttyAMA0
[STDERR  ] 2019-02-14T15:54:42.409980606Z: [    0.000000] x86/fpu: x87 FPU will use FXSAVE
[STDERR  ] 2019-02-14T15:54:42.410035853Z: [    0.000000] BIOS-provided physical RAM map:
[STDERR  ] 2019-02-14T15:54:42.410108343Z: [    0.000000] BIOS-e820: [mem 0x0000000000000000-0x000000000009fbff] usable
[STDERR  ] 2019-02-14T15:54:42.410155650Z: [    0.000000] BIOS-e820: [mem 0x000000000009fc00-0x000000000009ffff] reserved
[STDERR  ] 2019-02-14T15:54:42.410182884Z: [    0.000000] BIOS-e820: [mem 0x00000000000f0000-0x00000000000fffff] reserved
[STDERR  ] 2019-02-14T15:54:42.410224010Z: [    0.000000] BIOS-e820: [mem 0x0000000000100000-0x000000003ffddfff] usable
[STDERR  ] 2019-02-14T15:54:42.410299223Z: [    0.000000] BIOS-e820: [mem 0x000000003ffde000-0x000000003fffffff] reserved
[STDERR  ] 2019-02-14T15:54:42.410336432Z: [    0.000000] BIOS-e820: [mem 0x00000000b0000000-0x00000000bfffffff] reserved
[STDERR  ] 2019-02-14T15:54:42.410386019Z: [    0.000000] BIOS-e820: [mem 0x00000000fed1c000-0x00000000fed1ffff] reserved
[STDERR  ] 2019-02-14T15:54:42.410484175Z: [    0.000000] BIOS-e820: [mem 0x00000000fffc0000-0x00000000ffffffff] reserved
[STDOUT  ] 2019-02-14T15:54:42.410702961Z: [    0.000000] Linux version 4.19.20-linuxkit (root@d5fc8715908b) (gcc version 6.4.0 (Alpine 6.4.0)) #1 SMP Fri Feb 8 23:54:19 UTC 2019
[STDOUT  ] 2019-02-14T15:54:42.410807288Z: [    0.000000] Command line: console=ttyS0 console=ttyAMA0
[STDOUT  ] 2019-02-14T15:54:42.410824952Z: [    0.000000] x86/fpu: x87 FPU will use FXSAVE
[STDOUT  ] 2019-02-14T15:54:42.410845933Z: [    0.000000] BIOS-provided physical RAM map:
[STDOUT  ] 2019-02-14T15:54:42.410863532Z: [    0.000000] BIOS-e820: [mem 0x0000000000000000-0x000000000009fbff] usable
[STDOUT  ] 2019-02-14T15:54:42.410880912Z: [    0.000000] BIOS-e820: [mem 0x000000000009fc00-0x000000000009ffff] reserved
[STDOUT  ] 2019-02-14T15:54:42.410896299Z: [    0.000000] BIOS-e820: [mem 0x00000000000f0000-0x00000000000fffff] reserved
[STDOUT  ] 2019-02-14T15:54:42.410911507Z: [    0.000000] BIOS-e820: [mem 0x0000000000100000-0x000000003ffddfff] usable
[STDERR  ] 2019-02-14T15:54:42.410682601Z: [    0.000000] NX (Execute Disable) protection: active
[STDERR  ] 2019-02-14T15:54:42.411019226Z: [    0.000000] SMBIOS 2.8 present.
[STDOUT  ] 2019-02-14T15:54:42.410947947Z: [    0.000000] BIOS-e820: [mem 0x000000003ffde000-0x000000003fffffff] reserved
[STDERR  ] 2019-02-14T15:54:42.411193517Z: [    0.000000] DMI: QEMU Standard PC (Q35 + ICH9, 2009), BIOS rel-1.10.2-0-g5f4c7b1-prebuilt.qemu-project.org 04/01/2014
[STDOUT  ] 2019-02-14T15:54:42.411237689Z: [    0.000000] BIOS-e820: [mem 0x00000000b0000000-0x00000000bfffffff] reserved
[STDOUT  ] 2019-02-14T15:54:42.411301706Z: [    0.000000] BIOS-e820: [mem 0x00000000fed1c000-0x00000000fed1ffff] reserved
[STDOUT  ] 2019-02-14T15:54:42.411320778Z: [    0.000000] BIOS-e820: [mem 0x00000000fffc0000-0x00000000ffffffff] reserved
[STDOUT  ] 2019-02-14T15:54:42.411340032Z: [    0.000000] NX (Execute Disable) protection: active
[STDOUT  ] 2019-02-14T15:54:42.411360029Z: [    0.000000] SMBIOS 2.8 present.
[STDOUT  ] 2019-02-14T15:54:42.411378073Z: [    0.000000] DMI: QEMU Standard PC (Q35 + ICH9, 2009), BIOS rel-1.10.2-0-g5f4c7b1-prebuilt.qemu-project.org 04/01/2014
[STDOUT  ] 2019-02-14T15:54:42.411436306Z: [    0.000000] tsc: Fast TSC calibration using PIT
[STDOUT  ] 2019-02-14T15:54:42.411456404Z: [    0.000000] tsc: Detected 2599.762 MHz processor
[STDOUT  ] 2019-02-14T15:54:42.411475105Z: [    0.062423] last_pfn = 0x3ffde max_arch_pfn = 0x400000000
[STDOUT  ] 2019-02-14T15:54:42.411493199Z: [    0.064029] x86/PAT: Configuration [0-7]: WB  WC  UC- UC  WB  WP  UC- WT  
[STDERR  ] 2019-02-14T15:54:42.411262423Z: [    0.000000] tsc: Fast TSC calibration using PIT
[STDOUT  ] 2019-02-14T15:54:42.411526497Z: [    0.123900] found SMP MP-table at [mem 0x000f6aa0-0x000f6aaf] mapped at [(____ptrval____)]
[STDERR  ] 2019-02-14T15:54:42.411541582Z: [    0.000000] tsc: Detected 2599.762 MHz processor
[STDERR  ] 2019-02-14T15:54:42.411567783Z: [    0.062423] last_pfn = 0x3ffde max_arch_pfn = 0x400000000
[STDERR  ] 2019-02-14T15:54:42.411589081Z: [    0.064029] x86/PAT: Configuration [0-7]: WB  WC  UC- UC  WB  WP  UC- WT  
[STDERR  ] 2019-02-14T15:54:42.411610278Z: [    0.123900] found SMP MP-table at [mem 0x000f6aa0-0x000f6aaf] mapped at [(____ptrval____)]
[STDERR  ] 2019-02-14T15:54:42.411636142Z: [    0.132872] RAMDISK: [mem 0x3d36f000-0x3ffcffff]
[STDERR  ] 2019-02-14T15:54:42.411656675Z: [    0.133702] ACPI: Early table checksum verification disabled
[STDOUT  ] 2019-02-14T15:54:42.411547048Z: [    0.132872] RAMDISK: [mem 0x3d36f000-0x3ffcffff]
[STDOUT  ] 2019-02-14T15:54:42.411752466Z: [    0.133702] ACPI: Early table checksum verification disabled
[STDOUT  ] 2019-02-14T15:54:42.411770731Z: [    0.135959] ACPI: RSDP 0x00000000000F68C0 000014 (v00 BOCHS )
[STDERR  ] 2019-02-14T15:54:42.411677219Z: [    0.135959] ACPI: RSDP 0x00000000000F68C0 000014 (v00 BOCHS )
[STDOUT  ] 2019-02-14T15:54:42.411789470Z: [    0.136285] ACPI: RSDT 0x000000003FFE2404 000034 (v01 BOCHS  BXPCRSDT 00000001 BXPC 00000001)
[STDOUT  ] 2019-02-14T15:54:42.411827381Z: [    0.137115] ACPI: FACP 0x000000003FFE22A4 000074 (v01 BOCHS  BXPCFACP 00000001 BXPC 00000001)
[STDOUT  ] 2019-02-14T15:54:42.411846480Z: [    0.137891] ACPI: DSDT 0x000000003FFE0040 002264 (v01 BOCHS  BXPCDSDT 00000001 BXPC 00000001)
[STDOUT  ] 2019-02-14T15:54:42.411865444Z: [    0.138052] ACPI: FACS 0x000000003FFE0000 000040
[STDOUT  ] 2019-02-14T15:54:42.411884660Z: [    0.138189] ACPI: APIC 0x000000003FFE2318 000078 (v01 BOCHS  BXPCAPIC 00000001 BXPC 00000001)
[STDOUT  ] 2019-02-14T15:54:42.411903549Z: [    0.138286] ACPI: HPET 0x000000003FFE2390 000038 (v01 BOCHS  BXPCHPET 00000001 BXPC 00000001)
[STDOUT  ] 2019-02-14T15:54:42.411941825Z: [    0.138378] ACPI: MCFG 0x000000003FFE23C8 00003C (v01 BOCHS  BXPCMCFG 00000001 BXPC 00000001)
[STDOUT  ] 2019-02-14T15:54:42.411961791Z: [    0.143970] Zone ranges:
[STDOUT  ] 2019-02-14T15:54:42.411979458Z: [    0.144079]   DMA      [mem 0x0000000000001000-0x0000000000ffffff]
[STDOUT  ] 2019-02-14T15:54:42.411996605Z: [    0.144161]   DMA32    [mem 0x0000000001000000-0x000000003ffddfff]
[STDOUT  ] 2019-02-14T15:54:42.412022932Z: [    0.144206]   Normal   empty
[STDOUT  ] 2019-02-14T15:54:42.412040301Z: [    0.144255]   Device   empty
[STDOUT  ] 2019-02-14T15:54:42.412056805Z: [    0.144298] Movable zone start for each node
[STDOUT  ] 2019-02-14T15:54:42.412073869Z: [    0.144373] Early memory node ranges
[STDOUT  ] 2019-02-14T15:54:42.412091581Z: [    0.144448]   node   0: [mem 0x0000000000001000-0x000000000009efff]
[STDOUT  ] 2019-02-14T15:54:42.412109116Z: [    0.144494]   node   0: [mem 0x0000000000100000-0x000000003ffddfff]
[STDOUT  ] 2019-02-14T15:54:42.412126924Z: [    0.145326] Reserved but unavailable: 98 pages
[STDOUT  ] 2019-02-14T15:54:42.412145190Z: [    0.145549] Initmem setup node 0 [mem 0x0000000000001000-0x000000003ffddfff]
[STDOUT  ] 2019-02-14T15:54:42.412162947Z: [    0.214240] ACPI: PM-Timer IO Port: 0x608
[STDOUT  ] 2019-02-14T15:54:42.412181089Z: [    0.214962] ACPI: LAPIC_NMI (acpi_id[0xff] dfl dfl lint[0x1])
[STDOUT  ] 2019-02-14T15:54:42.412200049Z: [    0.215591] IOAPIC[0]: apic_id 0, version 32, address 0xfec00000, GSI 0-23
[STDOUT  ] 2019-02-14T15:54:42.412223882Z: [    0.215790] ACPI: INT_SRC_OVR (bus 0 bus_irq 0 global_irq 2 dfl dfl)
[STDOUT  ] 2019-02-14T15:54:42.412243601Z: [    0.216176] ACPI: INT_SRC_OVR (bus 0 bus_irq 5 global_irq 5 high level)
[STDOUT  ] 2019-02-14T15:54:42.412261984Z: [    0.216253] ACPI: INT_SRC_OVR (bus 0 bus_irq 9 global_irq 9 high level)
[STDOUT  ] 2019-02-14T15:54:42.412294952Z: [    0.216391] ACPI: INT_SRC_OVR (bus 0 bus_irq 10 global_irq 10 high level)
[STDOUT  ] 2019-02-14T15:54:42.412323188Z: [    0.216428] ACPI: INT_SRC_OVR (bus 0 bus_irq 11 global_irq 11 high level)
[STDERR  ] 2019-02-14T15:54:42.411796836Z: [    0.136285] ACPI: RSDT 0x000000003FFE2404 000034 (v01 BOCHS  BXPCRSDT 00000001 BXPC 00000001)
[STDOUT  ] 2019-02-14T15:54:42.412344026Z: [    0.216845] Using ACPI (MADT) for SMP configuration information
[STDOUT  ] 2019-02-14T15:54:42.412369526Z: [    0.216927] ACPI: HPET id: 0x8086a201 base: 0xfed00000
[STDOUT  ] 2019-02-14T15:54:42.412388412Z: [    0.217610] smpboot: Allowing 1 CPUs, 0 hotplug CPUs
[STDOUT  ] 2019-02-14T15:54:42.412405433Z: [    0.218785] [mem 0x40000000-0xafffffff] available for PCI devices
[STDOUT  ] 2019-02-14T15:54:42.412422878Z: [    0.218872] Booting paravirtualized kernel on bare hardware
[STDOUT  ] 2019-02-14T15:54:42.412441609Z: [    0.219171] clocksource: refined-jiffies: mask: 0xffffffff max_cycles: 0xffffffff, max_idle_ns: 1910969940391419 ns
[STDOUT  ] 2019-02-14T15:54:42.412461283Z: [    3.676153] random: get_random_bytes called from start_kernel+0x92/0x52b with crng_init=0
[STDOUT  ] 2019-02-14T15:54:42.412486577Z: [    3.677230] setup_percpu: NR_CPUS:128 nr_cpumask_bits:128 nr_cpu_ids:1 nr_node_ids:1
[STDOUT  ] 2019-02-14T15:54:42.412504086Z: [    3.685962] percpu: Embedded 45 pages/cpu @(____ptrval____) s145112 r8192 d31016 u2097152
[STDOUT  ] 2019-02-14T15:54:42.412521371Z: [    3.688849] Built 1 zonelists, mobility grouping on.  Total pages: 257895
[STDOUT  ] 2019-02-14T15:54:42.412538044Z: [    3.689090] Kernel command line: console=ttyS0 console=ttyAMA0
[STDOUT  ] 2019-02-14T15:54:42.412555324Z: [    3.693615] Dentry cache hash table entries: 131072 (order: 8, 1048576 bytes)
[STDOUT  ] 2019-02-14T15:54:42.412573649Z: [    3.695961] Inode-cache hash table entries: 65536 (order: 7, 524288 bytes)
[STDOUT  ] 2019-02-14T15:54:42.412597653Z: [    3.766620] Memory: 957096K/1048048K available (12300K kernel code, 1579K rwdata, 3052K rodata, 1592K init, 1996K bss, 90952K reserved, 0K cma-reserved)
[STDOUT  ] 2019-02-14T15:54:42.412617681Z: [    3.774768] ftrace: allocating 42977 entries in 168 pages
[STDOUT  ] 2019-02-14T15:54:42.412644484Z: [    4.195425] rcu: Hierarchical RCU implementation.
[STDERR  ] 2019-02-14T15:54:42.412347743Z: [    0.137115] ACPI: FACP 0x000000003FFE22A4 000074 (v01 BOCHS  BXPCFACP 00000001 BXPC 00000001)
[STDERR  ] 2019-02-14T15:54:42.412687730Z: [    0.137891] ACPI: DSDT 0x000000003FFE0040 002264 (v01 BOCHS  BXPCDSDT 00000001 BXPC 00000001)
[STDERR  ] 2019-02-14T15:54:42.412725105Z: [    0.138052] ACPI: FACS 0x000000003FFE0000 000040
[STDERR  ] 2019-02-14T15:54:42.412751721Z: [    0.138189] ACPI: APIC 0x000000003FFE2318 000078 (v01 BOCHS  BXPCAPIC 00000001 BXPC 00000001)
[STDERR  ] 2019-02-14T15:54:42.412778845Z: [    0.138286] ACPI: HPET 0x000000003FFE2390 000038 (v01 BOCHS  BXPCHPET 00000001 BXPC 00000001)
[STDERR  ] 2019-02-14T15:54:42.412805466Z: [    0.138378] ACPI: MCFG 0x000000003FFE23C8 00003C (v01 BOCHS  BXPCMCFG 00000001 BXPC 00000001)
[STDOUT  ] 2019-02-14T15:54:42.412664547Z: [    4.195619] rcu: 	RCU restricting CPUs from NR_CPUS=128 to nr_cpu_ids=1.
[STDOUT  ] 2019-02-14T15:54:42.412901689Z: [    4.195774] rcu: Adjusting geometry for rcu_fanout_leaf=16, nr_cpu_ids=1
[STDOUT  ] 2019-02-14T15:54:42.412938407Z: [    4.259637] NR_IRQS: 8448, nr_irqs: 256, preallocated irqs: 16
[STDOUT  ] 2019-02-14T15:54:42.412960032Z: [    4.273334] Console: colour VGA+ 80x25
[STDERR  ] 2019-02-14T15:54:42.412833434Z: [    0.143970] Zone ranges:
[STDERR  ] 2019-02-14T15:54:42.412992508Z: [    0.144079]   DMA      [mem 0x0000000000001000-0x0000000000ffffff]
[STDERR  ] 2019-02-14T15:54:42.413029417Z: [    0.144161]   DMA32    [mem 0x0000000001000000-0x000000003ffddfff]
[STDERR  ] 2019-02-14T15:54:42.413056948Z: [    0.144206]   Normal   empty
[STDERR  ] 2019-02-14T15:54:42.413084238Z: [    0.144255]   Device   empty
[STDERR  ] 2019-02-14T15:54:42.413114858Z: [    0.144298] Movable zone start for each node
[STDERR  ] 2019-02-14T15:54:42.413157487Z: [    0.144373] Early memory node ranges
[STDOUT  ] 2019-02-14T15:54:42.412981227Z: [    4.309996] console [ttyS0] enabled
[STDERR  ] 2019-02-14T15:54:42.413186008Z: [    0.144448]   node   0: [mem 0x0000000000001000-0x000000000009efff]
[STDOUT  ] 2019-02-14T15:54:42.413223119Z: [    4.310756] ACPI: Core revision 20180810
[STDERR  ] 2019-02-14T15:54:42.413223241Z: [    0.144494]   node   0: [mem 0x0000000000100000-0x000000003ffddfff]
[STDERR  ] 2019-02-14T15:54:42.413266071Z: [    0.145326] Reserved but unavailable: 98 pages
[STDERR  ] 2019-02-14T15:54:42.413340542Z: [    0.145549] Initmem setup node 0 [mem 0x0000000000001000-0x000000003ffddfff]
[STDERR  ] 2019-02-14T15:54:42.413381998Z: [    0.214240] ACPI: PM-Timer IO Port: 0x608
[STDOUT  ] 2019-02-14T15:54:42.413242736Z: [    4.319058] clocksource: hpet: mask: 0xffffffff max_cycles: 0xffffffff, max_idle_ns: 19112604467 ns
[STDOUT  ] 2019-02-14T15:54:42.413422736Z: [    4.326664] APIC: Switch to symmetric I/O mode setup
[STDOUT  ] 2019-02-14T15:54:42.413446220Z: [    4.333920] ..TIMER: vector=0x30 apic1=0 pin1=2 apic2=-1 pin2=-1
[STDOUT  ] 2019-02-14T15:54:42.413464801Z: [    4.339756] clocksource: tsc-early: mask: 0xffffffffffffffff max_cycles: 0x25795b44728, max_idle_ns: 440795238079 ns
[STDOUT  ] 2019-02-14T15:54:42.413483828Z: [    4.342306] Calibrating delay loop (skipped), value calculated using timer frequency.. 5199.52 BogoMIPS (lpj=2599762)
[STDOUT  ] 2019-02-14T15:54:42.413501369Z: [    4.345439] pid_max: default: 32768 minimum: 301
[STDOUT  ] 2019-02-14T15:54:42.413519308Z: [    4.351150] Security Framework initialized
[STDOUT  ] 2019-02-14T15:54:42.413536449Z: [    4.351468] Yama: becoming mindful.
[STDOUT  ] 2019-02-14T15:54:42.413553266Z: [    4.354703] Mount-cache hash table entries: 2048 (order: 2, 16384 bytes)
[STDOUT  ] 2019-02-14T15:54:42.413571345Z: [    4.355427] Mountpoint-cache hash table entries: 2048 (order: 2, 16384 bytes)
[STDOUT  ] 2019-02-14T15:54:42.413588867Z: [    4.379184] Last level iTLB entries: 4KB 0, 2MB 0, 4MB 0
[STDOUT  ] 2019-02-14T15:54:42.413606685Z: [    4.379365] Last level dTLB entries: 4KB 0, 2MB 0, 4MB 0, 1GB 0
[STDOUT  ] 2019-02-14T15:54:42.413622625Z: [    4.380480] Spectre V2 : Spectre mitigation: LFENCE not serializing, switching to generic retpoline
[STDOUT  ] 2019-02-14T15:54:42.413647435Z: [    4.381337] Spectre V2 : Mitigation: Full generic retpoline
[STDOUT  ] 2019-02-14T15:54:42.413662132Z: [    4.381781] Spectre V2 : Spectre v2 / SpectreRSB mitigation: Filling RSB on context switch
[STDOUT  ] 2019-02-14T15:54:42.413685143Z: [    4.382448] Speculative Store Bypass: Vulnerable
[STDOUT  ] 2019-02-14T15:54:42.413699979Z: [    4.583709] random: fast init done
[STDOUT  ] 2019-02-14T15:54:42.413714806Z: [    4.736628] Freeing SMP alternatives memory: 20K
[STDOUT  ] 2019-02-14T15:54:42.413729873Z: [    4.762306] smpboot: CPU0: AMD QEMU Virtual CPU version 2.5+ (family: 0x6, model: 0x6, stepping: 0x3)
[STDOUT  ] 2019-02-14T15:54:42.413744469Z: [    4.772468] Performance Events: PMU not available due to virtualization, using software events only.
[STDOUT  ] 2019-02-14T15:54:42.413759238Z: [    4.776490] rcu: Hierarchical SRCU implementation.
[STDOUT  ] 2019-02-14T15:54:42.413773749Z: [    4.783196] NMI watchdog: Perf NMI watchdog permanently disabled
[STDOUT  ] 2019-02-14T15:54:42.413788845Z: [    4.788485] smp: Bringing up secondary CPUs ...
[STDOUT  ] 2019-02-14T15:54:42.413803238Z: [    4.789026] smp: Brought up 1 node, 1 CPU
[STDOUT  ] 2019-02-14T15:54:42.413818179Z: [    4.789413] smpboot: Max logical packages: 1
[STDOUT  ] 2019-02-14T15:54:42.413832881Z: [    4.789831] smpboot: Total of 1 processors activated (5199.52 BogoMIPS)
[STDOUT  ] 2019-02-14T15:54:42.413848297Z: [    4.807293] devtmpfs: initialized
[STDOUT  ] 2019-02-14T15:54:42.413863039Z: [    4.813644] x86/mm: Memory block size: 128MB
[STDOUT  ] 2019-02-14T15:54:42.413877508Z: [    4.826797] clocksource: jiffies: mask: 0xffffffff max_cycles: 0xffffffff, max_idle_ns: 1911260446275000 ns
[STDOUT  ] 2019-02-14T15:54:42.413892078Z: [    4.827545] futex hash table entries: 256 (order: 2, 16384 bytes)
[STDOUT  ] 2019-02-14T15:54:42.413906937Z: [    4.844373] NET: Registered protocol family 16
[STDOUT  ] 2019-02-14T15:54:42.413929369Z: [    4.849971] audit: initializing netlink subsys (disabled)
[STDOUT  ] 2019-02-14T15:54:42.413944494Z: [    4.855807] audit: type=2000 audit(1550159567.525:1): state=initialized audit_enabled=0 res=1
[STDOUT  ] 2019-02-14T15:54:42.413959284Z: [    4.859152] cpuidle: using governor ladder
[STDOUT  ] 2019-02-14T15:54:42.413973860Z: [    4.859482] cpuidle: using governor menu
[STDOUT  ] 2019-02-14T15:54:42.413990263Z: [    4.861857] ACPI: bus type PCI registered
[STDOUT  ] 2019-02-14T15:54:42.414004901Z: [    4.864947] PCI: MMCONFIG for domain 0000 [bus 00-ff] at [mem 0xb0000000-0xbfffffff] (base 0xb0000000)
[STDOUT  ] 2019-02-14T15:54:42.414019973Z: [    4.866335] PCI: MMCONFIG at [mem 0xb0000000-0xbfffffff] reserved in E820
[STDOUT  ] 2019-02-14T15:54:42.414034453Z: [    4.867594] PCI: Using configuration type 1 for base access
[STDOUT  ] 2019-02-14T15:54:42.414049304Z: [    4.939606] HugeTLB registered 2.00 MiB page size, pre-allocated 0 pages
[STDOUT  ] 2019-02-14T15:54:42.414066433Z: [    4.945966] cryptd: max_cpu_qlen set to 1000
[STDOUT  ] 2019-02-14T15:54:42.414081242Z: [    4.951684] ACPI: Added _OSI(Module Device)
[STDOUT  ] 2019-02-14T15:54:42.414096285Z: [    4.952270] ACPI: Added _OSI(Processor Device)
[STDOUT  ] 2019-02-14T15:54:42.414133503Z: [    4.952736] ACPI: Added _OSI(3.0 _SCP Extensions)
[STDOUT  ] 2019-02-14T15:54:42.414151296Z: [    4.953342] ACPI: Added _OSI(Processor Aggregator Device)
[STDOUT  ] 2019-02-14T15:54:42.414167476Z: [    4.953970] ACPI: Added _OSI(Linux-Dell-Video)
[STDOUT  ] 2019-02-14T15:54:42.414183171Z: [    4.954356] ACPI: Added _OSI(Linux-Lenovo-NV-HDMI-Audio)
[STDOUT  ] 2019-02-14T15:54:42.414197925Z: [    5.013132] ACPI: 1 ACPI AML tables successfully acquired and loaded
[STDOUT  ] 2019-02-14T15:54:42.414212421Z: [    5.051843] ACPI: Interpreter enabled
[STDOUT  ] 2019-02-14T15:54:42.414227410Z: [    5.052944] ACPI: (supports S0 S5)
[STDOUT  ] 2019-02-14T15:54:42.414281231Z: [    5.053465] ACPI: Using IOAPIC for interrupt routing
[STDOUT  ] 2019-02-14T15:54:42.414304382Z: [    5.056486] PCI: Using host bridge windows from ACPI; if necessary, use "pci=nocrs" and report a bug
[STDOUT  ] 2019-02-14T15:54:42.414319634Z: [    5.060306] ACPI: Enabled 2 GPEs in block 00 to 3F
[STDOUT  ] 2019-02-14T15:54:42.414333986Z: [    5.134719] ACPI: PCI Root Bridge [PCI0] (domain 0000 [bus 00-ff])
[STDOUT  ] 2019-02-14T15:54:42.414354277Z: [    5.135949] acpi PNP0A08:00: _OSC: OS supports [ExtendedConfig ASPM ClockPM Segments MSI]
[STDOUT  ] 2019-02-14T15:54:42.414370041Z: [    5.140801] acpi PNP0A08:00: _OSC: platform does not support [SHPCHotplug LTR]
[STDOUT  ] 2019-02-14T15:54:42.414385731Z: [    5.144110] acpi PNP0A08:00: _OSC: OS now controls [PCIeHotplug PME PCIeCapability]
[STDOUT  ] 2019-02-14T15:54:42.414400635Z: [    5.148635] PCI host bridge to bus 0000:00
[STDOUT  ] 2019-02-14T15:54:42.414416929Z: [    5.149215] pci_bus 0000:00: root bus resource [io  0x0000-0x0cf7 window]
[STDOUT  ] 2019-02-14T15:54:42.414431970Z: [    5.149375] pci_bus 0000:00: root bus resource [io  0x0d00-0xffff window]
[STDOUT  ] 2019-02-14T15:54:42.414446628Z: [    5.150354] pci_bus 0000:00: root bus resource [mem 0x000a0000-0x000bffff window]
[STDOUT  ] 2019-02-14T15:54:42.414461157Z: [    5.150940] pci_bus 0000:00: root bus resource [mem 0xc0000000-0xfebfffff window]
[STDOUT  ] 2019-02-14T15:54:42.414476003Z: [    5.151481] pci_bus 0000:00: root bus resource [bus 00-ff]
[STDOUT  ] 2019-02-14T15:54:42.414490419Z: [    5.213785] pci 0000:00:1f.0: quirk: [io  0x0600-0x067f] claimed by ICH6 ACPI/GPIO/TCO
[STDOUT  ] 2019-02-14T15:54:42.414505455Z: [    5.269811] ACPI: PCI Interrupt Link [LNKA] (IRQs 5 *10 11)
[STDOUT  ] 2019-02-14T15:54:42.414519820Z: [    5.272403] ACPI: PCI Interrupt Link [LNKB] (IRQs 5 *10 11)
[STDOUT  ] 2019-02-14T15:54:42.414534537Z: [    5.274668] ACPI: PCI Interrupt Link [LNKC] (IRQs 5 10 *11)
[STDOUT  ] 2019-02-14T15:54:42.414548996Z: [    5.277110] ACPI: PCI Interrupt Link [LNKD] (IRQs 5 10 *11)
[STDOUT  ] 2019-02-14T15:54:42.414567297Z: [    5.279614] ACPI: PCI Interrupt Link [LNKE] (IRQs 5 *10 11)
[STDOUT  ] 2019-02-14T15:54:42.414582564Z: [    5.281969] ACPI: PCI Interrupt Link [LNKF] (IRQs 5 *10 11)
[STDOUT  ] 2019-02-14T15:54:42.414597280Z: [    5.284377] ACPI: PCI Interrupt Link [LNKG] (IRQs 5 10 *11)
[STDOUT  ] 2019-02-14T15:54:42.414612137Z: [    5.286523] ACPI: PCI Interrupt Link [LNKH] (IRQs 5 10 *11)
[STDOUT  ] 2019-02-14T15:54:42.414631592Z: [    5.287606] ACPI: PCI Interrupt Link [GSIA] (IRQs *16)
[STDOUT  ] 2019-02-14T15:54:42.414646733Z: [    5.288495] ACPI: PCI Interrupt Link [GSIB] (IRQs *17)
[STDOUT  ] 2019-02-14T15:54:42.414661200Z: [    5.289259] ACPI: PCI Interrupt Link [GSIC] (IRQs *18)
[STDOUT  ] 2019-02-14T15:54:42.414675788Z: [    5.290062] ACPI: PCI Interrupt Link [GSID] (IRQs *19)
[STDOUT  ] 2019-02-14T15:54:42.414691759Z: [    5.290599] ACPI: PCI Interrupt Link [GSIE] (IRQs *20)
[STDOUT  ] 2019-02-14T15:54:42.414706002Z: [    5.291591] ACPI: PCI Interrupt Link [GSIF] (IRQs *21)
[STDOUT  ] 2019-02-14T15:54:42.414720449Z: [    5.292593] ACPI: PCI Interrupt Link [GSIG] (IRQs *22)
[STDOUT  ] 2019-02-14T15:54:42.414735045Z: [    5.293608] ACPI: PCI Interrupt Link [GSIH] (IRQs *23)
[STDOUT  ] 2019-02-14T15:54:42.414749596Z: [    5.303105] SCSI subsystem initialized
[STDOUT  ] 2019-02-14T15:54:42.414764366Z: [    5.306223] ACPI: bus type USB registered
[STDOUT  ] 2019-02-14T15:54:42.414781683Z: [    5.307531] usbcore: registered new interface driver usbfs
[STDOUT  ] 2019-02-14T15:54:42.414796654Z: [    5.308948] usbcore: registered new interface driver hub
[STDOUT  ] 2019-02-14T15:54:42.414812105Z: [    5.310547] usbcore: registered new device driver usb
[STDOUT  ] 2019-02-14T15:54:42.414827000Z: [    5.312842] pps_core: LinuxPPS API ver. 1 registered
[STDOUT  ] 2019-02-14T15:54:42.414841682Z: [    5.313358] pps_core: Software ver. 5.3.6 - Copyright 2005-2007 Rodolfo Giometti <giometti@linux.it>
[STDOUT  ] 2019-02-14T15:54:42.414856630Z: [    5.314503] PTP clock support registered
[STDOUT  ] 2019-02-14T15:54:42.414870778Z: [    5.317684] PCI: Using ACPI for IRQ routing
[STDOUT  ] 2019-02-14T15:54:42.414885205Z: [    5.341507] NetLabel: Initializing
[STDOUT  ] 2019-02-14T15:54:42.414900244Z: [    5.341936] NetLabel:  domain hash size = 128
[STDOUT  ] 2019-02-14T15:54:42.414915836Z: [    5.342349] NetLabel:  protocols = UNLABELED CIPSOv4 CALIPSO
[STDOUT  ] 2019-02-14T15:54:42.414935308Z: [    5.345603] NetLabel:  unlabeled traffic allowed by default
[STDOUT  ] 2019-02-14T15:54:42.414950611Z: [    5.347069] HPET: 3 timers in total, 0 timers will be used for per-cpu timer
[STDOUT  ] 2019-02-14T15:54:42.414965080Z: [    5.348337] hpet0: at MMIO 0xfed00000, IRQs 2, 8, 0
[STDOUT  ] 2019-02-14T15:54:42.414980422Z: [    5.348936] hpet0: 3 comparators, 64-bit 100.000000 MHz counter
[STDOUT  ] 2019-02-14T15:54:42.414995085Z: [    5.354770] clocksource: Switched to clocksource tsc-early
[STDOUT  ] 2019-02-14T15:54:42.415009562Z: [    5.984090] VFS: Disk quotas dquot_6.6.0
[STDOUT  ] 2019-02-14T15:54:42.415024628Z: [    5.985640] VFS: Dquot-cache hash table entries: 512 (order 0, 4096 bytes)
[STDOUT  ] 2019-02-14T15:54:42.415038921Z: [    5.989156] FS-Cache: Loaded
[STDOUT  ] 2019-02-14T15:54:42.415053387Z: [    5.997546] CacheFiles: Loaded
[STDOUT  ] 2019-02-14T15:54:42.415067859Z: [    5.999024] pnp: PnP ACPI init
[STDOUT  ] 2019-02-14T15:54:42.415082165Z: [    6.014730] pnp: PnP ACPI: found 5 devices
[STDOUT  ] 2019-02-14T15:54:42.415096960Z: [    6.068564] clocksource: acpi_pm: mask: 0xffffff max_cycles: 0xffffff, max_idle_ns: 2085701024 ns
[STDOUT  ] 2019-02-14T15:54:42.415111585Z: [    6.072623] NET: Registered protocol family 2
[STDOUT  ] 2019-02-14T15:54:42.415126639Z: [    6.084645] tcp_listen_portaddr_hash hash table entries: 512 (order: 1, 8192 bytes)
[STDOUT  ] 2019-02-14T15:54:42.415142541Z: [    6.085933] TCP established hash table entries: 8192 (order: 4, 65536 bytes)
[STDOUT  ] 2019-02-14T15:54:42.415175294Z: [    6.087060] TCP bind hash table entries: 8192 (order: 5, 131072 bytes)
[STDOUT  ] 2019-02-14T15:54:42.415195799Z: [    6.088187] TCP: Hash tables configured (established 8192 bind 8192)
[STDOUT  ] 2019-02-14T15:54:42.415210896Z: [    6.092271] UDP hash table entries: 512 (order: 2, 16384 bytes)
[STDOUT  ] 2019-02-14T15:54:42.415226954Z: [    6.093788] UDP-Lite hash table entries: 512 (order: 2, 16384 bytes)
[STDOUT  ] 2019-02-14T15:54:42.415241946Z: [    6.099273] NET: Registered protocol family 1
[STDOUT  ] 2019-02-14T15:54:42.415256628Z: [    6.100289] NET: Registered protocol family 44
[STDOUT  ] 2019-02-14T15:54:42.415279273Z: [    6.101554] pci 0000:00:01.0: Video device with shadowed ROM at [mem 0x000c0000-0x000dffff]
[STDOUT  ] 2019-02-14T15:54:42.415295883Z: [    6.109916] Trying to unpack rootfs image as initramfs...
[STDOUT  ] 2019-02-14T15:54:42.415310939Z: [   19.095137] Freeing initrd memory: 45444K
[STDOUT  ] 2019-02-14T15:54:42.415326413Z: [   19.133792] PCLMULQDQ-NI instructions are not detected.
[STDOUT  ] 2019-02-14T15:54:42.415341579Z: [   19.136100] AVX or AES-NI instructions are not detected.
[STDOUT  ] 2019-02-14T15:54:42.415356179Z: [   19.136951] CPU feature 'AVX registers' is not supported.
[STDOUT  ] 2019-02-14T15:54:42.415370757Z: [   19.137657] CPU feature 'AVX registers' is not supported.
[STDOUT  ] 2019-02-14T15:54:42.415385536Z: [   19.138142] CPU feature 'AVX registers' is not supported.
[STDOUT  ] 2019-02-14T15:54:42.415400045Z: [   19.138808] CPU feature 'AVX registers' is not supported.
[STDOUT  ] 2019-02-14T15:54:42.415414806Z: [   19.139291] AVX2 or AES-NI instructions are not detected.
[STDOUT  ] 2019-02-14T15:54:42.415428999Z: [   19.140009] AVX2 instructions are not detected.
[STDOUT  ] 2019-02-14T15:54:42.415444805Z: [   19.155021] workingset: timestamp_bits=46 max_order=18 bucket_order=0
[STDOUT  ] 2019-02-14T15:54:42.415460856Z: [   19.164150] squashfs: version 4.0 (2009/01/31) Phillip Lougher
[STDOUT  ] 2019-02-14T15:54:42.415475702Z: [   19.168144] FS-Cache: Netfs 'cifs' registered for caching
[STDOUT  ] 2019-02-14T15:54:42.415490204Z: [   19.169887] fuse init (API version 7.27)
[STDOUT  ] 2019-02-14T15:54:42.415505305Z: [   19.173151] SGI XFS with ACLs, security attributes, no debug enabled
[STDOUT  ] 2019-02-14T15:54:42.415519918Z: [   19.179784] 9p: Installing v9fs 9p2000 file system support
[STDOUT  ] 2019-02-14T15:54:42.415534741Z: [   19.180711] FS-Cache: Netfs '9p' registered for caching
[STDOUT  ] 2019-02-14T15:54:42.415554413Z: [   19.181398] pstore: using deflate compression
[STDOUT  ] 2019-02-14T15:54:42.415569070Z: [   19.249795] NET: Registered protocol family 38
[STDOUT  ] 2019-02-14T15:54:42.415583263Z: [   19.251102] Key type asymmetric registered
[STDOUT  ] 2019-02-14T15:54:42.415598051Z: [   19.252177] Asymmetric key parser 'x509' registered
[STDOUT  ] 2019-02-14T15:54:42.415612407Z: [   19.254101] Block layer SCSI generic (bsg) driver version 0.4 loaded (major 247)
[STDOUT  ] 2019-02-14T15:54:42.415631069Z: [   19.257009] io scheduler noop registered
[STDOUT  ] 2019-02-14T15:54:42.415645757Z: [   19.257688] io scheduler deadline registered (default)
[STDOUT  ] 2019-02-14T15:54:42.415661359Z: [   19.258995] io scheduler cfq registered
[STDOUT  ] 2019-02-14T15:54:42.415675409Z: [   19.259633] io scheduler mq-deadline registered (default)
[STDOUT  ] 2019-02-14T15:54:42.415689822Z: [   19.260257] io scheduler kyber registered
[STDOUT  ] 2019-02-14T15:54:42.415704288Z: [   19.264728] shpchp: Standard Hot Plug PCI Controller Driver version: 0.4
[STDOUT  ] 2019-02-14T15:54:42.415718776Z: [   19.265918] hv_vmbus: registering driver hyperv_fb
[STDOUT  ] 2019-02-14T15:54:42.415732948Z: [   19.271325] input: Power Button as /devices/LNXSYSTM:00/LNXPWRBN:00/input/input0
[STDOUT  ] 2019-02-14T15:54:42.415747036Z: [   19.276576] ACPI: Power Button [PWRF]
[STDOUT  ] 2019-02-14T15:54:42.415761477Z: [   19.302840] PCI Interrupt Link [GSIG] enabled at IRQ 22
[STDOUT  ] 2019-02-14T15:54:42.415777322Z: [   19.320198] PCI Interrupt Link [GSIH] enabled at IRQ 23
[STDOUT  ] 2019-02-14T15:54:42.415791576Z: [   19.330220] Serial: 8250/16550 driver, 4 ports, IRQ sharing disabled
[STDOUT  ] 2019-02-14T15:54:42.415809207Z: [   19.357616] 00:04: ttyS0 at I/O 0x3f8 (irq = 4, base_baud = 115200) is a 16550A
[STDOUT  ] 2019-02-14T15:54:42.415823757Z: [   19.370867] Non-volatile memory driver v1.3
[STDOUT  ] 2019-02-14T15:54:42.415839624Z: [   19.381040] Hangcheck: starting hangcheck timer 0.9.1 (tick is 180 seconds, margin is 60 seconds).
[STDOUT  ] 2019-02-14T15:54:42.415854036Z: [   19.385160] random: crng init done
[STDOUT  ] 2019-02-14T15:54:42.415868579Z: [   19.481177] brd: module loaded
[STDOUT  ] 2019-02-14T15:54:42.415882956Z: [   19.528817] loop: module loaded
[STDOUT  ] 2019-02-14T15:54:42.415897522Z: [   19.614770] lpc_ich 0000:00:1f.0: I/O space for GPIO uninitialized
[STDOUT  ] 2019-02-14T15:54:42.415912101Z: [   19.617990] VMware PVSCSI driver - version 1.0.7.0-k
[STDOUT  ] 2019-02-14T15:54:42.415926662Z: [   19.619019] hv_vmbus: registering driver hv_storvsc
[STDOUT  ] 2019-02-14T15:54:42.415941165Z: [   19.635331] PCI Interrupt Link [GSIA] enabled at IRQ 16
[STDOUT  ] 2019-02-14T15:54:42.415955387Z: [   19.644206] ahci 0000:00:1f.2: AHCI 0001.0000 32 slots 6 ports 1.5 Gbps 0x3f impl SATA mode
[STDOUT  ] 2019-02-14T15:54:42.415970261Z: [   19.645272] ahci 0000:00:1f.2: flags: 64bit ncq only 
[STDOUT  ] 2019-02-14T15:54:42.415984248Z: [   19.668097] scsi host0: ahci
[STDOUT  ] 2019-02-14T15:54:42.415998984Z: [   19.672902] scsi host1: ahci
[STDOUT  ] 2019-02-14T15:54:42.416013441Z: [   19.675549] scsi host2: ahci
[STDOUT  ] 2019-02-14T15:54:42.416027870Z: [   19.677948] scsi host3: ahci
[STDOUT  ] 2019-02-14T15:54:42.416041982Z: [   19.680525] scsi host4: ahci
[STDOUT  ] 2019-02-14T15:54:42.416056768Z: [   19.683005] scsi host5: ahci
[STDOUT  ] 2019-02-14T15:54:42.416071681Z: [   19.686088] ata1: SATA max UDMA/133 abar m4096@0xfebd2000 port 0xfebd2100 irq 24
[STDOUT  ] 2019-02-14T15:54:42.416085996Z: [   19.687163] ata2: SATA max UDMA/133 abar m4096@0xfebd2000 port 0xfebd2180 irq 24
[STDOUT  ] 2019-02-14T15:54:42.416100541Z: [   19.687947] ata3: SATA max UDMA/133 abar m4096@0xfebd2000 port 0xfebd2200 irq 24
[STDOUT  ] 2019-02-14T15:54:42.416114976Z: [   19.688838] ata4: SATA max UDMA/133 abar m4096@0xfebd2000 port 0xfebd2280 irq 24
[STDOUT  ] 2019-02-14T15:54:42.416130202Z: [   19.690072] ata5: SATA max UDMA/133 abar m4096@0xfebd2000 port 0xfebd2300 irq 24
[STDOUT  ] 2019-02-14T15:54:42.416144983Z: [   19.690862] ata6: SATA max UDMA/133 abar m4096@0xfebd2000 port 0xfebd2380 irq 24
[STDOUT  ] 2019-02-14T15:54:42.416164252Z: [   19.709675] tun: Universal TUN/TAP device driver, 1.6
[STDOUT  ] 2019-02-14T15:54:42.416194399Z: [   19.725061] VMware vmxnet3 virtual NIC driver - version 1.4.16.0-k-NAPI
[STDOUT  ] 2019-02-14T15:54:42.416211296Z: [   19.726247] hv_vmbus: registering driver hv_netvsc
[STDOUT  ] 2019-02-14T15:54:42.416225937Z: [   19.726888] Fusion MPT base driver 3.04.20
[STDOUT  ] 2019-02-14T15:54:42.416240764Z: [   19.727209] Copyright (c) 1999-2008 LSI Corporation
[STDOUT  ] 2019-02-14T15:54:42.416255562Z: [   19.727978] Fusion MPT SPI Host driver 3.04.20
[STDOUT  ] 2019-02-14T15:54:42.416279394Z: [   19.730696] i8042: PNP: PS/2 Controller [PNP0303:KBD,PNP0f13:MOU] at 0x60,0x64 irq 1,12
[STDOUT  ] 2019-02-14T15:54:42.416295699Z: [   19.735952] serio: i8042 KBD port at 0x60,0x64 irq 1
[STDOUT  ] 2019-02-14T15:54:42.416311775Z: [   19.736822] serio: i8042 AUX port at 0x60,0x64 irq 12
[STDOUT  ] 2019-02-14T15:54:42.416326611Z: [   19.740095] hv_vmbus: registering driver hyperv_keyboard
[STDOUT  ] 2019-02-14T15:54:42.416341556Z: [   19.743059] mousedev: PS/2 mouse device common for all mice
[STDOUT  ] 2019-02-14T15:54:42.416356285Z: [   19.749917] input: PC Speaker as /devices/platform/pcspkr/input/input2
[STDOUT  ] 2019-02-14T15:54:42.416370833Z: [   19.753278] input: AT Translated Set 2 keyboard as /devices/platform/i8042/serio0/input/input1
[STDOUT  ] 2019-02-14T15:54:42.416385524Z: [   19.756266] rtc_cmos 00:00: RTC can wake from S4
[STDOUT  ] 2019-02-14T15:54:42.416400871Z: [   19.764401] rtc_cmos 00:00: registered as rtc0
[STDOUT  ] 2019-02-14T15:54:42.416415899Z: [   19.765974] rtc_cmos 00:00: alarms up to one day, y3k, 114 bytes nvram, hpet irqs
[STDOUT  ] 2019-02-14T15:54:42.416434908Z: [   19.767042] i2c /dev entries driver
[STDOUT  ] 2019-02-14T15:54:42.416450323Z: [   19.769800] device-mapper: ioctl: 4.39.0-ioctl (2018-04-03) initialised: dm-devel@redhat.com
[STDOUT  ] 2019-02-14T15:54:42.416465265Z: [   19.776335] usbcore: registered new interface driver usbhid
[STDOUT  ] 2019-02-14T15:54:42.416480264Z: [   19.777003] usbhid: USB HID core driver
[STDOUT  ] 2019-02-14T15:54:42.416495310Z: [   19.777864] hv_utils: Registering HyperV Utility Driver
[STDOUT  ] 2019-02-14T15:54:42.416509825Z: [   19.778273] hv_vmbus: registering driver hv_util
[STDOUT  ] 2019-02-14T15:54:42.416524173Z: [   19.778786] hv_vmbus: registering driver hv_balloon
[STDOUT  ] 2019-02-14T15:54:42.416538864Z: [   19.779326] oprofile: using NMI interrupt.
[STDOUT  ] 2019-02-14T15:54:42.416553188Z: [   19.781053] GACT probability on
[STDOUT  ] 2019-02-14T15:54:42.416568630Z: [   19.781660] Mirror/redirect action on
[STDOUT  ] 2019-02-14T15:54:42.416583038Z: [   19.782549] Simple TC action Loaded
[STDOUT  ] 2019-02-14T15:54:42.416597627Z: [   19.783133] u32 classifier
[STDOUT  ] 2019-02-14T15:54:42.416612080Z: [   19.783553]     Performance counters on
[STDOUT  ] 2019-02-14T15:54:42.416631374Z: [   19.783888]     input device check on
[STDOUT  ] 2019-02-14T15:54:42.416645989Z: [   19.784158]     Actions configured
[STDOUT  ] 2019-02-14T15:54:42.416660127Z: [   19.799072] xt_time: kernel timezone is -0000
[STDOUT  ] 2019-02-14T15:54:42.416674397Z: [   19.800683] IPVS: Registered protocols (TCP, UDP, SCTP, AH, ESP)
[STDOUT  ] 2019-02-14T15:54:42.416688753Z: [   19.801763] IPVS: Connection hash table configured (size=4096, memory=64Kbytes)
[STDOUT  ] 2019-02-14T15:54:42.416703131Z: [   19.808023] IPVS: ipvs loaded.
[STDOUT  ] 2019-02-14T15:54:42.416717380Z: [   19.808837] IPVS: [rr] scheduler registered.
[STDOUT  ] 2019-02-14T15:54:42.416731881Z: [   19.809437] IPVS: [wrr] scheduler registered.
[STDOUT  ] 2019-02-14T15:54:42.416747238Z: [   19.810092] IPVS: [lc] scheduler registered.
[STDOUT  ] 2019-02-14T15:54:42.416762699Z: [   19.810699] IPVS: [wlc] scheduler registered.
[STDOUT  ] 2019-02-14T15:54:42.416777204Z: [   19.811086] IPVS: [fo] scheduler registered.
[STDOUT  ] 2019-02-14T15:54:42.416791312Z: [   19.811700] IPVS: [ovf] scheduler registered.
[STDOUT  ] 2019-02-14T15:54:42.416809421Z: [   19.812324] IPVS: [lblc] scheduler registered.
[STDOUT  ] 2019-02-14T15:54:42.416823988Z: [   19.813151] IPVS: [lblcr] scheduler registered.
[STDOUT  ] 2019-02-14T15:54:42.416838073Z: [   19.813736] IPVS: [dh] scheduler registered.
[STDOUT  ] 2019-02-14T15:54:42.416852320Z: [   19.814188] IPVS: [sh] scheduler registered.
[STDOUT  ] 2019-02-14T15:54:42.416866805Z: [   19.814792] IPVS: [mh] scheduler registered.
[STDOUT  ] 2019-02-14T15:54:42.416881227Z: [   19.815259] IPVS: [sed] scheduler registered.
[STDOUT  ] 2019-02-14T15:54:42.416896464Z: [   19.815877] IPVS: [nq] scheduler registered.
[STDOUT  ] 2019-02-14T15:54:42.416910918Z: [   19.816935] IPVS: ftp: loaded support on port[0] = 21
[STDOUT  ] 2019-02-14T15:54:42.416925240Z: [   19.818194] ipip: IPv4 and MPLS over IPv4 tunneling driver
[STDOUT  ] 2019-02-14T15:54:42.416940218Z: [   19.824180] gre: GRE over IPv4 demultiplexor driver
[STDOUT  ] 2019-02-14T15:54:42.416954607Z: [   19.832306] ipt_CLUSTERIP: ClusterIP Version 0.8 loaded successfully
[STDOUT  ] 2019-02-14T15:54:42.416968867Z: [   19.837818] NET: Registered protocol family 10
[STDOUT  ] 2019-02-14T15:54:42.416983140Z: [   19.852167] Segment Routing with IPv6
[STDOUT  ] 2019-02-14T15:54:42.416997667Z: [   19.864907] NET: Registered protocol family 17
[STDOUT  ] 2019-02-14T15:54:42.417011896Z: [   19.866587] Bridge firewalling registered
[STDOUT  ] 2019-02-14T15:54:42.417026017Z: [   19.869795] 8021q: 802.1Q VLAN Support v1.8
[STDOUT  ] 2019-02-14T15:54:42.417040255Z: [   19.872443] 9pnet: Installing 9P2000 support
[STDOUT  ] 2019-02-14T15:54:42.417054298Z: [   19.875112] Key type dns_resolver registered
[STDOUT  ] 2019-02-14T15:54:42.417072654Z: [   19.877222] sched_clock: Marking stable (19813694752, 62727916)->(20138340118, -261917450)
[STDOUT  ] 2019-02-14T15:54:42.417091957Z: [   19.882230] registered taskstats version 1
[STDOUT  ] 2019-02-14T15:54:42.417106916Z: [   20.006385] ata3: SATA link up 1.5 Gbps (SStatus 113 SControl 300)
[STDOUT  ] 2019-02-14T15:54:42.417122457Z: [   20.010555] ata1: SATA link up 1.5 Gbps (SStatus 113 SControl 300)
[STDOUT  ] 2019-02-14T15:54:42.417138068Z: [   20.013342] ata1.00: ATA-7: QEMU HARDDISK, 2.5+, max UDMA/100
[STDOUT  ] 2019-02-14T15:54:42.417152207Z: [   20.014004] ata1.00: 1048576 sectors, multi 16: LBA48 NCQ (depth 32)
[STDOUT  ] 2019-02-14T15:54:42.417167569Z: [   20.014828] ata1.00: applying bridge limits
[STDOUT  ] 2019-02-14T15:54:42.417185156Z: [   20.016730] ata6: SATA link down (SStatus 0 SControl 300)
[STDOUT  ] 2019-02-14T15:54:42.417199453Z: [   20.018870] ata5: SATA link down (SStatus 0 SControl 300)
[STDOUT  ] 2019-02-14T15:54:42.417213788Z: [   20.019837] ata4: SATA link down (SStatus 0 SControl 300)
[STDOUT  ] 2019-02-14T15:54:42.417228055Z: [   20.020999] ata2: SATA link up 1.5 Gbps (SStatus 113 SControl 300)
[STDOUT  ] 2019-02-14T15:54:42.417242733Z: [   20.022161] ata2.00: ATA-7: QEMU HARDDISK, 2.5+, max UDMA/100
[STDOUT  ] 2019-02-14T15:54:42.417257475Z: [   20.022978] ata2.00: 1048576 sectors, multi 16: LBA48 NCQ (depth 32)
[STDOUT  ] 2019-02-14T15:54:42.417295807Z: [   20.023962] ata2.00: applying bridge limits
[STDOUT  ] 2019-02-14T15:54:42.417311038Z: [   20.027780] ata2.00: configured for UDMA/100
[STDOUT  ] 2019-02-14T15:54:42.417325554Z: [   20.029028] ata3.00: ATAPI: QEMU DVD-ROM, 2.5+, max UDMA/100
[STDOUT  ] 2019-02-14T15:54:42.417340446Z: [   20.030046] ata3.00: applying bridge limits
[STDOUT  ] 2019-02-14T15:54:42.417354772Z: [   20.031091] ata3.00: configured for UDMA/100
[STDOUT  ] 2019-02-14T15:54:42.417369821Z: [   20.036043] ata1.00: configured for UDMA/100
[STDOUT  ] 2019-02-14T15:54:42.417385122Z: [   20.065393] scsi 0:0:0:0: Direct-Access     ATA      QEMU HARDDISK    2.5+ PQ: 0 ANSI: 5
[STDOUT  ] 2019-02-14T15:54:42.417399639Z: [   20.089037] sd 0:0:0:0: [sda] 1048576 512-byte logical blocks: (537 MB/512 MiB)
[STDOUT  ] 2019-02-14T15:54:42.417414484Z: [   20.093953] sd 0:0:0:0: Attached scsi generic sg0 type 0
[STDOUT  ] 2019-02-14T15:54:42.417429207Z: [   20.096838] sd 0:0:0:0: [sda] Write Protect is off
[STDOUT  ] 2019-02-14T15:54:42.417450958Z: [   20.102771] scsi 1:0:0:0: Direct-Access     ATA      QEMU HARDDISK    2.5+ PQ: 0 ANSI: 5
[STDOUT  ] 2019-02-14T15:54:42.417465240Z: [   20.103783] tsc: Refined TSC clocksource calibration: 2599.780 MHz
[STDOUT  ] 2019-02-14T15:54:42.417480943Z: [   20.104906] clocksource: tsc: mask: 0xffffffffffffffff max_cycles: 0x25796c68edd, max_idle_ns: 440795244994 ns
[STDOUT  ] 2019-02-14T15:54:42.417498531Z: [   20.105995] clocksource: Switched to clocksource tsc
[STDOUT  ] 2019-02-14T15:54:42.417515575Z: [   20.110993] sd 0:0:0:0: [sda] Write cache: enabled, read cache: enabled, doesn't support DPO or FUA
[STDOUT  ] 2019-02-14T15:54:42.417530386Z: [   20.116775] sd 1:0:0:0: [sdb] 1048576 512-byte logical blocks: (537 MB/512 MiB)
[STDOUT  ] 2019-02-14T15:54:42.417544828Z: [   20.121964] sd 1:0:0:0: [sdb] Write Protect is off
[STDOUT  ] 2019-02-14T15:54:42.417559264Z: [   20.125870] sd 1:0:0:0: Attached scsi generic sg1 type 0
[STDOUT  ] 2019-02-14T15:54:42.417573619Z: [   20.127612] sd 1:0:0:0: [sdb] Write cache: enabled, read cache: enabled, doesn't support DPO or FUA
[STDOUT  ] 2019-02-14T15:54:42.417588076Z: [   20.135142] scsi 2:0:0:0: CD-ROM            QEMU     QEMU DVD-ROM     2.5+ PQ: 0 ANSI: 5
[STDOUT  ] 2019-02-14T15:54:42.417602884Z: [   20.176804] sr 2:0:0:0: [sr0] scsi3-mmc drive: 4x/4x cd/rw xa/form2 tray
[STDOUT  ] 2019-02-14T15:54:42.417618304Z: [   20.177833] cdrom: Uniform CD-ROM driver Revision: 3.20
[STDOUT  ] 2019-02-14T15:54:42.417637770Z: [   20.191248] sd 1:0:0:0: [sdb] Attached SCSI disk
[STDOUT  ] 2019-02-14T15:54:42.417652175Z: [   20.198121] sd 0:0:0:0: [sda] Attached SCSI disk
[STDOUT  ] 2019-02-14T15:54:42.417672756Z: [   20.200866] sr 2:0:0:0: Attached scsi generic sg2 type 5
[STDOUT  ] 2019-02-14T15:54:42.417687595Z: [   20.383545] Key type big_key registered
[STDOUT  ] 2019-02-14T15:54:42.417701924Z: [   20.506737] Key type trusted registered
[STDOUT  ] 2019-02-14T15:54:42.417716369Z: [   20.633121] Key type encrypted registered
[STDOUT  ] 2019-02-14T15:54:42.417730841Z: [   20.634396] ima: No TPM chip found, activating TPM-bypass!
[STDOUT  ] 2019-02-14T15:54:42.417745513Z: [   20.636329] ima: Allocated hash algorithm: sha256
[STDOUT  ] 2019-02-14T15:54:42.417760108Z: [   20.642955] evm: Initialising EVM extended attributes:
[STDOUT  ] 2019-02-14T15:54:42.417774539Z: [   20.643632] evm: security.ima
[STDOUT  ] 2019-02-14T15:54:42.417789259Z: [   20.643970] evm: security.capability
[STDOUT  ] 2019-02-14T15:54:42.417803862Z: [   20.644263] evm: HMAC attrs: 0x1
[STDOUT  ] 2019-02-14T15:54:42.417818221Z: [   20.663933] rtc_cmos 00:00: setting system clock to 2019-02-14 15:53:04 UTC (1550159584)
[STDOUT  ] 2019-02-14T15:54:42.417833070Z: [   20.879808] Freeing unused kernel image memory: 1592K
[STDOUT  ] 2019-02-14T15:54:42.417847391Z: [   20.881947] Write protecting the kernel read-only data: 18432k
[STDOUT  ] 2019-02-14T15:54:42.417861980Z: [   20.905733] Freeing unused kernel image memory: 2028K
[STDOUT  ] 2019-02-14T15:54:42.417876359Z: [   20.914258] Freeing unused kernel image memory: 1044K
[STDOUT  ] 2019-02-14T15:54:42.417890780Z: [   20.915788] Run /init as init process
[STDOUT  ] 2019-02-14T15:54:42.417904836Z: 
[STDOUT  ] 2019-02-14T15:54:42.417920559Z: Welcome to LinuxKit
[STDOUT  ] 2019-02-14T15:54:42.417934754Z: 
[STDOUT  ] 2019-02-14T15:54:42.417949105Z:                         ##         .
[STDOUT  ] 2019-02-14T15:54:42.417963391Z:                   ## ## ##        ==
[STDOUT  ] 2019-02-14T15:54:42.417977355Z:                ## ## ## ## ##    ===
[STDOUT  ] 2019-02-14T15:54:42.417991654Z:            /"""""""""""""""""\___/ ===
[STDOUT  ] 2019-02-14T15:54:42.418006340Z:           {                       /  ===-
[STDOUT  ] 2019-02-14T15:54:42.418020644Z:            \______ O           __/
[STDOUT  ] 2019-02-14T15:54:42.418035226Z:              \    \         __/
[STDOUT  ] 2019-02-14T15:54:42.418050139Z:               \____\_______/
[STDOUT  ] 2019-02-14T15:54:42.418064824Z: 
[STDOUT  ] 2019-02-14T15:54:42.418079401Z: [   67.894979] IPVS: ftp: loaded support on port[0] = 21
[STDOUT  ] 2019-02-14T15:54:42.418099061Z: [   71.772186]  sda:
[STDOUT  ] 2019-02-14T15:54:42.418113409Z: [   71.916213]  sda:
[STDOUT  ] 2019-02-14T15:54:42.418129942Z: [   72.308977]  sda: sda1
[STDOUT  ] 2019-02-14T15:54:42.418145341Z: [   72.465967]  sda: sda1
[STDOUT  ] 2019-02-14T15:54:42.418159658Z: 2019/02/14 15:53:53 Creating partition on /dev/sda
[STDOUT  ] 2019-02-14T15:54:42.418173970Z: 2019/02/14 15:53:57 Partition /dev/sda1 successfully created!
[STDOUT  ] 2019-02-14T15:54:42.418188559Z: [   76.936008] IPVS: ftp: loaded support on port[0] = 21
[STDOUT  ] 2019-02-14T15:54:42.418202766Z: [   81.308119]  sdb:
[STDOUT  ] 2019-02-14T15:54:42.418217069Z: [   81.453855]  sdb:
[STDOUT  ] 2019-02-14T15:54:42.418231347Z: [   81.829615]  sdb: sdb1
[STDOUT  ] 2019-02-14T15:54:42.418280477Z: [   81.993029]  sdb: sdb1
[STDOUT  ] 2019-02-14T15:54:42.418302079Z: 2019/02/14 15:54:03 /dev/sda has content. blkid returned: /dev/sda: PTUUID="84c6e421" PTTYPE="dos"
[STDOUT  ] 2019-02-14T15:54:42.418317027Z: 2019/02/14 15:54:03 Creating partition on /dev/sdb
[STDOUT  ] 2019-02-14T15:54:42.418331678Z: 2019/02/14 15:54:07 Partition /dev/sdb1 successfully created!
[STDOUT  ] 2019-02-14T15:54:42.418346467Z: [   86.372052] IPVS: ftp: loaded support on port[0] = 21
[STDOUT  ] 2019-02-14T15:54:42.418360835Z: [   89.216280] EXT4-fs (sda1): mounted filesystem with ordered data mode. Opts: (null)
[STDOUT  ] 2019-02-14T15:54:42.418375525Z: [   93.573059] IPVS: ftp: loaded support on port[0] = 21
[STDOUT  ] 2019-02-14T15:54:42.418394389Z: [   96.470826] EXT4-fs (sdb1): mounted filesystem with ordered data mode. Opts: (null)
[STDOUT  ] 2019-02-14T15:54:42.418417044Z: 2019/02/14 15:54:21 Failed to create "/dev/disk/by-uuid/439a1be8-ff31-4d84-9566-53f4bf8ea374": symlink ../../sda1 /dev/disk/by-uuid/439a1be8-ff31-4d84-9566-53f4bf8ea374: file exists
[STDOUT  ] 2019-02-14T15:54:42.418453881Z: 2019/02/14 15:54:21 Failed to create "/dev/disk/by-uuid/83d3e4a5-4e8f-4ce0-868f-72d12d48a482": symlink ../../sdb1 /dev/disk/by-uuid/83d3e4a5-4e8f-4ce0-868f-72d12d48a482: file exists
[STDOUT  ] 2019-02-14T15:54:42.418469027Z: format_mount test suite PASSED
[STDOUT  ] 2019-02-14T15:54:42.418483796Z: [  118.273533] sd 1:0:0:0: [sdb] Synchronizing SCSI cache
[STDOUT  ] 2019-02-14T15:54:42.418498470Z: [  118.277167] sd 1:0:0:0: [sdb] Stopping disk
[STDERR  ] 2019-02-14T15:54:42.413409270Z: [    0.214962] ACPI: LAPIC_NMI (acpi_id[0xff] dfl dfl lint[0x1])
[STDOUT  ] 2019-02-14T15:54:42.418512939Z: [  118.278205] sd 0:0:0:0: [sda] Synchronizing SCSI cache
[STDERR  ] 2019-02-14T15:54:42.418685936Z: [    0.215591] IOAPIC[0]: apic_id 0, version 32, address 0xfec00000, GSI 0-23
[STDERR  ] 2019-02-14T15:54:42.418755893Z: [    0.215790] ACPI: INT_SRC_OVR (bus 0 bus_irq 0 global_irq 2 dfl dfl)
[STDERR  ] 2019-02-14T15:54:42.418790864Z: [    0.216176] ACPI: INT_SRC_OVR (bus 0 bus_irq 5 global_irq 5 high level)
[STDERR  ] 2019-02-14T15:54:42.418817592Z: [    0.216253] ACPI: INT_SRC_OVR (bus 0 bus_irq 9 global_irq 9 high level)
[STDERR  ] 2019-02-14T15:54:42.418843349Z: [    0.216391] ACPI: INT_SRC_OVR (bus 0 bus_irq 10 global_irq 10 high level)
[STDERR  ] 2019-02-14T15:54:42.418872153Z: [    0.216428] ACPI: INT_SRC_OVR (bus 0 bus_irq 11 global_irq 11 high level)
[STDERR  ] 2019-02-14T15:54:42.418898527Z: [    0.216845] Using ACPI (MADT) for SMP configuration information
[STDERR  ] 2019-02-14T15:54:42.418931450Z: [    0.216927] ACPI: HPET id: 0x8086a201 base: 0xfed00000
[STDERR  ] 2019-02-14T15:54:42.418957603Z: [    0.217610] smpboot: Allowing 1 CPUs, 0 hotplug CPUs
[STDERR  ] 2019-02-14T15:54:42.419001237Z: [    0.218785] [mem 0x40000000-0xafffffff] available for PCI devices
[STDERR  ] 2019-02-14T15:54:42.419035065Z: [    0.218872] Booting paravirtualized kernel on bare hardware
[STDERR  ] 2019-02-14T15:54:42.419072329Z: [    0.219171] clocksource: refined-jiffies: mask: 0xffffffff max_cycles: 0xffffffff, max_idle_ns: 1910969940391419 ns
[STDERR  ] 2019-02-14T15:54:42.419107529Z: [    3.676153] random: get_random_bytes called from start_kernel+0x92/0x52b with crng_init=0
[STDOUT  ] 2019-02-14T15:54:42.418740753Z: [  118.279264] sd 0:0:0:0: [sda] Stopping disk
[STDOUT  ] 2019-02-14T15:54:42.419221634Z: [  118.284611] ACPI: Preparing to enter system sleep state S5
[STDOUT  ] 2019-02-14T15:54:42.419239836Z: [  118.288871] reboot: Power down
[STDERR  ] 2019-02-14T15:54:42.419134890Z: [    3.677230] setup_percpu: NR_CPUS:128 nr_cpumask_bits:128 nr_cpu_ids:1 nr_node_ids:1
[STDERR  ] 2019-02-14T15:54:42.419304377Z: [    3.685962] percpu: Embedded 45 pages/cpu @(____ptrval____) s145112 r8192 d31016 u2097152
[STDERR  ] 2019-02-14T15:54:42.419341215Z: [    3.688849] Built 1 zonelists, mobility grouping on.  Total pages: 257895
[STDERR  ] 2019-02-14T15:54:42.419369941Z: [    3.689090] Kernel command line: console=ttyS0 console=ttyAMA0
[STDERR  ] 2019-02-14T15:54:42.419399501Z: [    3.693615] Dentry cache hash table entries: 131072 (order: 8, 1048576 bytes)
[STDERR  ] 2019-02-14T15:54:42.419427978Z: [    3.695961] Inode-cache hash table entries: 65536 (order: 7, 524288 bytes)
[STDERR  ] 2019-02-14T15:54:42.419460793Z: [    3.766620] Memory: 957096K/1048048K available (12300K kernel code, 1579K rwdata, 3052K rodata, 1592K init, 1996K bss, 90952K reserved, 0K cma-reserved)
[STDERR  ] 2019-02-14T15:54:42.419493793Z: [    3.774768] ftrace: allocating 42977 entries in 168 pages
[STDERR  ] 2019-02-14T15:54:42.419522275Z: [    4.195425] rcu: Hierarchical RCU implementation.
[STDERR  ] 2019-02-14T15:54:42.419556647Z: [    4.195619] rcu: 	RCU restricting CPUs from NR_CPUS=128 to nr_cpu_ids=1.
[STDERR  ] 2019-02-14T15:54:42.419585506Z: [    4.195774] rcu: Adjusting geometry for rcu_fanout_leaf=16, nr_cpu_ids=1
[STDERR  ] 2019-02-14T15:54:42.419625023Z: [    4.259637] NR_IRQS: 8448, nr_irqs: 256, preallocated irqs: 16
[STDERR  ] 2019-02-14T15:54:42.419665884Z: [    4.273334] Console: colour VGA+ 80x25
[STDERR  ] 2019-02-14T15:54:42.419698126Z: [    4.309996] console [ttyS0] enabled
[STDERR  ] 2019-02-14T15:54:42.419727379Z: [    4.310756] ACPI: Core revision 20180810
[STDERR  ] 2019-02-14T15:54:42.419759458Z: [    4.319058] clocksource: hpet: mask: 0xffffffff max_cycles: 0xffffffff, max_idle_ns: 19112604467 ns
[STDERR  ] 2019-02-14T15:54:42.419788122Z: [    4.326664] APIC: Switch to symmetric I/O mode setup
[STDERR  ] 2019-02-14T15:54:42.419822358Z: [    4.333920] ..TIMER: vector=0x30 apic1=0 pin1=2 apic2=-1 pin2=-1
[STDERR  ] 2019-02-14T15:54:42.419850666Z: [    4.339756] clocksource: tsc-early: mask: 0xffffffffffffffff max_cycles: 0x25795b44728, max_idle_ns: 440795238079 ns
[STDERR  ] 2019-02-14T15:54:42.419879120Z: [    4.342306] Calibrating delay loop (skipped), value calculated using timer frequency.. 5199.52 BogoMIPS (lpj=2599762)
[STDERR  ] 2019-02-14T15:54:42.419915070Z: [    4.345439] pid_max: default: 32768 minimum: 301
[STDERR  ] 2019-02-14T15:54:42.419947926Z: [    4.351150] Security Framework initialized
[STDERR  ] 2019-02-14T15:54:42.419975013Z: [    4.351468] Yama: becoming mindful.
[STDERR  ] 2019-02-14T15:54:42.420003939Z: [    4.354703] Mount-cache hash table entries: 2048 (order: 2, 16384 bytes)
[STDERR  ] 2019-02-14T15:54:42.420030828Z: [    4.355427] Mountpoint-cache hash table entries: 2048 (order: 2, 16384 bytes)
[STDERR  ] 2019-02-14T15:54:42.420063998Z: [    4.379184] Last level iTLB entries: 4KB 0, 2MB 0, 4MB 0
[STDERR  ] 2019-02-14T15:54:42.420092899Z: [    4.379365] Last level dTLB entries: 4KB 0, 2MB 0, 4MB 0, 1GB 0
[STDERR  ] 2019-02-14T15:54:42.420122109Z: [    4.380480] Spectre V2 : Spectre mitigation: LFENCE not serializing, switching to generic retpoline
[STDERR  ] 2019-02-14T15:54:42.420156749Z: [    4.381337] Spectre V2 : Mitigation: Full generic retpoline
[STDERR  ] 2019-02-14T15:54:42.420184464Z: [    4.381781] Spectre V2 : Spectre v2 / SpectreRSB mitigation: Filling RSB on context switch
[STDERR  ] 2019-02-14T15:54:42.420212396Z: [    4.382448] Speculative Store Bypass: Vulnerable
[STDERR  ] 2019-02-14T15:54:42.420240641Z: [    4.583709] random: fast init done
[STDERR  ] 2019-02-14T15:54:42.420268428Z: [    4.736628] Freeing SMP alternatives memory: 20K
[STDERR  ] 2019-02-14T15:54:42.420313019Z: [    4.762306] smpboot: CPU0: AMD QEMU Virtual CPU version 2.5+ (family: 0x6, model: 0x6, stepping: 0x3)
[STDERR  ] 2019-02-14T15:54:42.420350984Z: [    4.772468] Performance Events: PMU not available due to virtualization, using software events only.
[STDERR  ] 2019-02-14T15:54:42.420380248Z: [    4.776490] rcu: Hierarchical SRCU implementation.
[STDERR  ] 2019-02-14T15:54:42.420409487Z: [    4.783196] NMI watchdog: Perf NMI watchdog permanently disabled
[STDERR  ] 2019-02-14T15:54:42.420437754Z: [    4.788485] smp: Bringing up secondary CPUs ...
[STDERR  ] 2019-02-14T15:54:42.420473172Z: [    4.789026] smp: Brought up 1 node, 1 CPU
[STDERR  ] 2019-02-14T15:54:42.420500799Z: [    4.789413] smpboot: Max logical packages: 1
[STDERR  ] 2019-02-14T15:54:42.420573054Z: [    4.789831] smpboot: Total of 1 processors activated (5199.52 BogoMIPS)
[STDERR  ] 2019-02-14T15:54:42.420608747Z: [    4.807293] devtmpfs: initialized
[STDERR  ] 2019-02-14T15:54:42.420648220Z: [    4.813644] x86/mm: Memory block size: 128MB
[STDERR  ] 2019-02-14T15:54:42.420682004Z: [    4.826797] clocksource: jiffies: mask: 0xffffffff max_cycles: 0xffffffff, max_idle_ns: 1911260446275000 ns
[STDERR  ] 2019-02-14T15:54:42.420715376Z: [    4.827545] futex hash table entries: 256 (order: 2, 16384 bytes)
[STDERR  ] 2019-02-14T15:54:42.420746719Z: [    4.844373] NET: Registered protocol family 16
[STDERR  ] 2019-02-14T15:54:42.420778435Z: [    4.849971] audit: initializing netlink subsys (disabled)
[STDERR  ] 2019-02-14T15:54:42.420807783Z: [    4.855807] audit: type=2000 audit(1550159567.525:1): state=initialized audit_enabled=0 res=1
[STDERR  ] 2019-02-14T15:54:42.420847554Z: [    4.859152] cpuidle: using governor ladder
[STDERR  ] 2019-02-14T15:54:42.420879619Z: [    4.859482] cpuidle: using governor menu
[STDERR  ] 2019-02-14T15:54:42.420908255Z: [    4.861857] ACPI: bus type PCI registered
[STDERR  ] 2019-02-14T15:54:42.420939679Z: [    4.864947] PCI: MMCONFIG for domain 0000 [bus 00-ff] at [mem 0xb0000000-0xbfffffff] (base 0xb0000000)
[STDERR  ] 2019-02-14T15:54:42.420988533Z: [    4.866335] PCI: MMCONFIG at [mem 0xb0000000-0xbfffffff] reserved in E820
[STDERR  ] 2019-02-14T15:54:42.421017426Z: [    4.867594] PCI: Using configuration type 1 for base access
[STDERR  ] 2019-02-14T15:54:42.421045089Z: [    4.939606] HugeTLB registered 2.00 MiB page size, pre-allocated 0 pages
[STDERR  ] 2019-02-14T15:54:42.421079141Z: [    4.945966] cryptd: max_cpu_qlen set to 1000
[STDERR  ] 2019-02-14T15:54:42.421106088Z: [    4.951684] ACPI: Added _OSI(Module Device)
[STDERR  ] 2019-02-14T15:54:42.421133952Z: [    4.952270] ACPI: Added _OSI(Processor Device)
[STDERR  ] 2019-02-14T15:54:42.421162564Z: [    4.952736] ACPI: Added _OSI(3.0 _SCP Extensions)
[STDERR  ] 2019-02-14T15:54:42.421191151Z: [    4.953342] ACPI: Added _OSI(Processor Aggregator Device)
[STDERR  ] 2019-02-14T15:54:42.421219593Z: [    4.953970] ACPI: Added _OSI(Linux-Dell-Video)
[STDERR  ] 2019-02-14T15:54:42.421249419Z: [    4.954356] ACPI: Added _OSI(Linux-Lenovo-NV-HDMI-Audio)
[STDERR  ] 2019-02-14T15:54:42.421290685Z: [    5.013132] ACPI: 1 ACPI AML tables successfully acquired and loaded
[STDERR  ] 2019-02-14T15:54:42.421319453Z: [    5.051843] ACPI: Interpreter enabled
[STDERR  ] 2019-02-14T15:54:42.421348568Z: [    5.052944] ACPI: (supports S0 S5)
[STDERR  ] 2019-02-14T15:54:42.421380723Z: [    5.053465] ACPI: Using IOAPIC for interrupt routing
[STDERR  ] 2019-02-14T15:54:42.421408529Z: [    5.056486] PCI: Using host bridge windows from ACPI; if necessary, use "pci=nocrs" and report a bug
[STDERR  ] 2019-02-14T15:54:42.421437035Z: [    5.060306] ACPI: Enabled 2 GPEs in block 00 to 3F
[STDERR  ] 2019-02-14T15:54:42.421465444Z: [    5.134719] ACPI: PCI Root Bridge [PCI0] (domain 0000 [bus 00-ff])
[STDERR  ] 2019-02-14T15:54:42.421493383Z: [    5.135949] acpi PNP0A08:00: _OSC: OS supports [ExtendedConfig ASPM ClockPM Segments MSI]
[STDERR  ] 2019-02-14T15:54:42.421528893Z: [    5.140801] acpi PNP0A08:00: _OSC: platform does not support [SHPCHotplug LTR]
[STDERR  ] 2019-02-14T15:54:42.421556127Z: [    5.144110] acpi PNP0A08:00: _OSC: OS now controls [PCIeHotplug PME PCIeCapability]
[STDERR  ] 2019-02-14T15:54:42.421594291Z: [    5.148635] PCI host bridge to bus 0000:00
[STDERR  ] 2019-02-14T15:54:42.421631768Z: [    5.149215] pci_bus 0000:00: root bus resource [io  0x0000-0x0cf7 window]
[STDERR  ] 2019-02-14T15:54:42.421660460Z: [    5.149375] pci_bus 0000:00: root bus resource [io  0x0d00-0xffff window]
[STDERR  ] 2019-02-14T15:54:42.421692503Z: [    5.150354] pci_bus 0000:00: root bus resource [mem 0x000a0000-0x000bffff window]
[STDERR  ] 2019-02-14T15:54:42.421721526Z: [    5.150940] pci_bus 0000:00: root bus resource [mem 0xc0000000-0xfebfffff window]
[STDERR  ] 2019-02-14T15:54:42.421754438Z: [    5.151481] pci_bus 0000:00: root bus resource [bus 00-ff]
[STDERR  ] 2019-02-14T15:54:42.421782784Z: [    5.213785] pci 0000:00:1f.0: quirk: [io  0x0600-0x067f] claimed by ICH6 ACPI/GPIO/TCO
[STDERR  ] 2019-02-14T15:54:42.421813080Z: [    5.269811] ACPI: PCI Interrupt Link [LNKA] (IRQs 5 *10 11)
[STDERR  ] 2019-02-14T15:54:42.421840709Z: [    5.272403] ACPI: PCI Interrupt Link [LNKB] (IRQs 5 *10 11)
[STDERR  ] 2019-02-14T15:54:42.421868270Z: [    5.274668] ACPI: PCI Interrupt Link [LNKC] (IRQs 5 10 *11)
[STDERR  ] 2019-02-14T15:54:42.421896561Z: [    5.277110] ACPI: PCI Interrupt Link [LNKD] (IRQs 5 10 *11)
[STDERR  ] 2019-02-14T15:54:42.421927279Z: [    5.279614] ACPI: PCI Interrupt Link [LNKE] (IRQs 5 *10 11)
[STDERR  ] 2019-02-14T15:54:42.421956819Z: [    5.281969] ACPI: PCI Interrupt Link [LNKF] (IRQs 5 *10 11)
[STDERR  ] 2019-02-14T15:54:42.421985764Z: [    5.284377] ACPI: PCI Interrupt Link [LNKG] (IRQs 5 10 *11)
[STDERR  ] 2019-02-14T15:54:42.422019950Z: [    5.286523] ACPI: PCI Interrupt Link [LNKH] (IRQs 5 10 *11)
[STDERR  ] 2019-02-14T15:54:42.422052304Z: [    5.287606] ACPI: PCI Interrupt Link [GSIA] (IRQs *16)
[STDERR  ] 2019-02-14T15:54:42.422079906Z: [    5.288495] ACPI: PCI Interrupt Link [GSIB] (IRQs *17)
[STDERR  ] 2019-02-14T15:54:42.422107999Z: [    5.289259] ACPI: PCI Interrupt Link [GSIC] (IRQs *18)
[STDERR  ] 2019-02-14T15:54:42.422136543Z: [    5.290062] ACPI: PCI Interrupt Link [GSID] (IRQs *19)
[STDERR  ] 2019-02-14T15:54:42.422164740Z: [    5.290599] ACPI: PCI Interrupt Link [GSIE] (IRQs *20)
[STDERR  ] 2019-02-14T15:54:42.422192222Z: [    5.291591] ACPI: PCI Interrupt Link [GSIF] (IRQs *21)
[STDERR  ] 2019-02-14T15:54:42.422220030Z: [    5.292593] ACPI: PCI Interrupt Link [GSIG] (IRQs *22)
[STDERR  ] 2019-02-14T15:54:42.422297906Z: [    5.293608] ACPI: PCI Interrupt Link [GSIH] (IRQs *23)
[STDERR  ] 2019-02-14T15:54:42.422333055Z: [    5.303105] SCSI subsystem initialized
[STDERR  ] 2019-02-14T15:54:42.422365147Z: [    5.306223] ACPI: bus type USB registered
[STDERR  ] 2019-02-14T15:54:42.422396636Z: [    5.307531] usbcore: registered new interface driver usbfs
[STDERR  ] 2019-02-14T15:54:42.422426382Z: [    5.308948] usbcore: registered new interface driver hub
[STDERR  ] 2019-02-14T15:54:42.422458702Z: [    5.310547] usbcore: registered new device driver usb
[STDERR  ] 2019-02-14T15:54:42.422486541Z: [    5.312842] pps_core: LinuxPPS API ver. 1 registered
[STDERR  ] 2019-02-14T15:54:42.422514697Z: [    5.313358] pps_core: Software ver. 5.3.6 - Copyright 2005-2007 Rodolfo Giometti <giometti@linux.it>
[STDERR  ] 2019-02-14T15:54:42.422542610Z: [    5.314503] PTP clock support registered
[STDERR  ] 2019-02-14T15:54:42.422611386Z: [    5.317684] PCI: Using ACPI for IRQ routing
[STDERR  ] 2019-02-14T15:54:42.422652603Z: [    5.341507] NetLabel: Initializing
[STDERR  ] 2019-02-14T15:54:42.422681214Z: [    5.341936] NetLabel:  domain hash size = 128
[STDERR  ] 2019-02-14T15:54:42.422709200Z: [    5.342349] NetLabel:  protocols = UNLABELED CIPSOv4 CALIPSO
[STDERR  ] 2019-02-14T15:54:42.422740066Z: [    5.345603] NetLabel:  unlabeled traffic allowed by default
[STDERR  ] 2019-02-14T15:54:42.422768547Z: [    5.347069] HPET: 3 timers in total, 0 timers will be used for per-cpu timer
[STDERR  ] 2019-02-14T15:54:42.422796971Z: [    5.348337] hpet0: at MMIO 0xfed00000, IRQs 2, 8, 0
[STDERR  ] 2019-02-14T15:54:42.422824740Z: [    5.348936] hpet0: 3 comparators, 64-bit 100.000000 MHz counter
[STDERR  ] 2019-02-14T15:54:42.422860433Z: [    5.354770] clocksource: Switched to clocksource tsc-early
[STDERR  ] 2019-02-14T15:54:42.422894229Z: [    5.984090] VFS: Disk quotas dquot_6.6.0
[STDERR  ] 2019-02-14T15:54:42.422923082Z: [    5.985640] VFS: Dquot-cache hash table entries: 512 (order 0, 4096 bytes)
[STDERR  ] 2019-02-14T15:54:42.422952531Z: [    5.989156] FS-Cache: Loaded
[STDERR  ] 2019-02-14T15:54:42.422979517Z: [    5.997546] CacheFiles: Loaded
[STDERR  ] 2019-02-14T15:54:42.423008089Z: [    5.999024] pnp: PnP ACPI init
[STDERR  ] 2019-02-14T15:54:42.423035924Z: [    6.014730] pnp: PnP ACPI: found 5 devices
[STDERR  ] 2019-02-14T15:54:42.423065944Z: [    6.068564] clocksource: acpi_pm: mask: 0xffffff max_cycles: 0xffffff, max_idle_ns: 2085701024 ns
[STDERR  ] 2019-02-14T15:54:42.423094190Z: [    6.072623] NET: Registered protocol family 2
[STDERR  ] 2019-02-14T15:54:42.423122313Z: [    6.084645] tcp_listen_portaddr_hash hash table entries: 512 (order: 1, 8192 bytes)
[STDERR  ] 2019-02-14T15:54:42.423150285Z: [    6.085933] TCP established hash table entries: 8192 (order: 4, 65536 bytes)
[STDERR  ] 2019-02-14T15:54:42.423178923Z: [    6.087060] TCP bind hash table entries: 8192 (order: 5, 131072 bytes)
[STDERR  ] 2019-02-14T15:54:42.423206913Z: [    6.088187] TCP: Hash tables configured (established 8192 bind 8192)
[STDERR  ] 2019-02-14T15:54:42.423234108Z: [    6.092271] UDP hash table entries: 512 (order: 2, 16384 bytes)
[STDERR  ] 2019-02-14T15:54:42.423262345Z: [    6.093788] UDP-Lite hash table entries: 512 (order: 2, 16384 bytes)
[STDERR  ] 2019-02-14T15:54:42.423312744Z: [    6.099273] NET: Registered protocol family 1
[STDERR  ] 2019-02-14T15:54:42.423344555Z: [    6.100289] NET: Registered protocol family 44
[STDERR  ] 2019-02-14T15:54:42.423372338Z: [    6.101554] pci 0000:00:01.0: Video device with shadowed ROM at [mem 0x000c0000-0x000dffff]
[STDERR  ] 2019-02-14T15:54:42.423404085Z: [    6.109916] Trying to unpack rootfs image as initramfs...
[STDERR  ] 2019-02-14T15:54:42.423431156Z: [   19.095137] Freeing initrd memory: 45444K
[STDERR  ] 2019-02-14T15:54:42.423458390Z: [   19.133792] PCLMULQDQ-NI instructions are not detected.
[STDERR  ] 2019-02-14T15:54:42.423491943Z: [   19.136100] AVX or AES-NI instructions are not detected.
[STDERR  ] 2019-02-14T15:54:42.423519751Z: [   19.136951] CPU feature 'AVX registers' is not supported.
[STDERR  ] 2019-02-14T15:54:42.423547586Z: [   19.137657] CPU feature 'AVX registers' is not supported.
[STDERR  ] 2019-02-14T15:54:42.423574813Z: [   19.138142] CPU feature 'AVX registers' is not supported.
[STDERR  ] 2019-02-14T15:54:42.423602789Z: [   19.138808] CPU feature 'AVX registers' is not supported.
[STDERR  ] 2019-02-14T15:54:42.423635703Z: [   19.139291] AVX2 or AES-NI instructions are not detected.
[STDERR  ] 2019-02-14T15:54:42.423666900Z: [   19.140009] AVX2 instructions are not detected.
[STDERR  ] 2019-02-14T15:54:42.423693799Z: [   19.155021] workingset: timestamp_bits=46 max_order=18 bucket_order=0
[STDERR  ] 2019-02-14T15:54:42.423726469Z: [   19.164150] squashfs: version 4.0 (2009/01/31) Phillip Lougher
[STDERR  ] 2019-02-14T15:54:42.423753244Z: [   19.168144] FS-Cache: Netfs 'cifs' registered for caching
[STDERR  ] 2019-02-14T15:54:42.423780088Z: [   19.169887] fuse init (API version 7.27)
[STDERR  ] 2019-02-14T15:54:42.423807192Z: [   19.173151] SGI XFS with ACLs, security attributes, no debug enabled
[STDERR  ] 2019-02-14T15:54:42.423836768Z: [   19.179784] 9p: Installing v9fs 9p2000 file system support
[STDERR  ] 2019-02-14T15:54:42.423863560Z: [   19.180711] FS-Cache: Netfs '9p' registered for caching
[STDERR  ] 2019-02-14T15:54:42.423894992Z: [   19.181398] pstore: using deflate compression
[STDERR  ] 2019-02-14T15:54:42.423928443Z: [   19.249795] NET: Registered protocol family 38
[STDERR  ] 2019-02-14T15:54:42.423962612Z: [   19.251102] Key type asymmetric registered
[STDERR  ] 2019-02-14T15:54:42.423991385Z: [   19.252177] Asymmetric key parser 'x509' registered
[STDERR  ] 2019-02-14T15:54:42.424029638Z: [   19.254101] Block layer SCSI generic (bsg) driver version 0.4 loaded (major 247)
[STDERR  ] 2019-02-14T15:54:42.424057614Z: [   19.257009] io scheduler noop registered
[STDERR  ] 2019-02-14T15:54:42.424086042Z: [   19.257688] io scheduler deadline registered (default)
[STDERR  ] 2019-02-14T15:54:42.424120913Z: [   19.258995] io scheduler cfq registered
[STDERR  ] 2019-02-14T15:54:42.424147075Z: [   19.259633] io scheduler mq-deadline registered (default)
[STDERR  ] 2019-02-14T15:54:42.424177490Z: [   19.260257] io scheduler kyber registered
[STDERR  ] 2019-02-14T15:54:42.424205138Z: [   19.264728] shpchp: Standard Hot Plug PCI Controller Driver version: 0.4
[STDERR  ] 2019-02-14T15:54:42.424233319Z: [   19.265918] hv_vmbus: registering driver hyperv_fb
[STDERR  ] 2019-02-14T15:54:42.424264852Z: [   19.271325] input: Power Button as /devices/LNXSYSTM:00/LNXPWRBN:00/input/input0
[STDERR  ] 2019-02-14T15:54:42.424302298Z: [   19.276576] ACPI: Power Button [PWRF]
[STDERR  ] 2019-02-14T15:54:42.424330254Z: [   19.302840] PCI Interrupt Link [GSIG] enabled at IRQ 22
[STDERR  ] 2019-02-14T15:54:42.424357784Z: [   19.320198] PCI Interrupt Link [GSIH] enabled at IRQ 23
[STDERR  ] 2019-02-14T15:54:42.424410498Z: [   19.330220] Serial: 8250/16550 driver, 4 ports, IRQ sharing disabled
[STDERR  ] 2019-02-14T15:54:42.424441961Z: [   19.357616] 00:04: ttyS0 at I/O 0x3f8 (irq = 4, base_baud = 115200) is a 16550A
[STDERR  ] 2019-02-14T15:54:42.424469669Z: [   19.370867] Non-volatile memory driver v1.3
[STDERR  ] 2019-02-14T15:54:42.424497690Z: [   19.381040] Hangcheck: starting hangcheck timer 0.9.1 (tick is 180 seconds, margin is 60 seconds).
[STDERR  ] 2019-02-14T15:54:42.424532353Z: [   19.385160] random: crng init done
[STDERR  ] 2019-02-14T15:54:42.424565998Z: [   19.481177] brd: module loaded
[STDERR  ] 2019-02-14T15:54:42.424594966Z: [   19.528817] loop: module loaded
[STDERR  ] 2019-02-14T15:54:42.424634320Z: [   19.614770] lpc_ich 0000:00:1f.0: I/O space for GPIO uninitialized
[STDERR  ] 2019-02-14T15:54:42.424699932Z: [   19.617990] VMware PVSCSI driver - version 1.0.7.0-k
[STDERR  ] 2019-02-14T15:54:42.424731416Z: [   19.619019] hv_vmbus: registering driver hv_storvsc
[STDERR  ] 2019-02-14T15:54:42.424758035Z: [   19.635331] PCI Interrupt Link [GSIA] enabled at IRQ 16
[STDERR  ] 2019-02-14T15:54:42.424790104Z: [   19.644206] ahci 0000:00:1f.2: AHCI 0001.0000 32 slots 6 ports 1.5 Gbps 0x3f impl SATA mode
[STDERR  ] 2019-02-14T15:54:42.424818529Z: [   19.645272] ahci 0000:00:1f.2: flags: 64bit ncq only 
[STDERR  ] 2019-02-14T15:54:42.424845328Z: [   19.668097] scsi host0: ahci
[STDERR  ] 2019-02-14T15:54:42.424877003Z: [   19.672902] scsi host1: ahci
[STDERR  ] 2019-02-14T15:54:42.424905168Z: [   19.675549] scsi host2: ahci
[STDERR  ] 2019-02-14T15:54:42.424935345Z: [   19.677948] scsi host3: ahci
[STDERR  ] 2019-02-14T15:54:42.424962825Z: [   19.680525] scsi host4: ahci
[STDERR  ] 2019-02-14T15:54:42.424990849Z: [   19.683005] scsi host5: ahci
[STDERR  ] 2019-02-14T15:54:42.425020974Z: [   19.686088] ata1: SATA max UDMA/133 abar m4096@0xfebd2000 port 0xfebd2100 irq 24
[STDERR  ] 2019-02-14T15:54:42.425048958Z: [   19.687163] ata2: SATA max UDMA/133 abar m4096@0xfebd2000 port 0xfebd2180 irq 24
[STDERR  ] 2019-02-14T15:54:42.425077192Z: [   19.687947] ata3: SATA max UDMA/133 abar m4096@0xfebd2000 port 0xfebd2200 irq 24
[STDERR  ] 2019-02-14T15:54:42.425108941Z: [   19.688838] ata4: SATA max UDMA/133 abar m4096@0xfebd2000 port 0xfebd2280 irq 24
[STDERR  ] 2019-02-14T15:54:42.425141428Z: [   19.690072] ata5: SATA max UDMA/133 abar m4096@0xfebd2000 port 0xfebd2300 irq 24
[STDERR  ] 2019-02-14T15:54:42.425169645Z: [   19.690862] ata6: SATA max UDMA/133 abar m4096@0xfebd2000 port 0xfebd2380 irq 24
[STDERR  ] 2019-02-14T15:54:42.425198822Z: [   19.709675] tun: Universal TUN/TAP device driver, 1.6
[STDERR  ] 2019-02-14T15:54:42.425229104Z: [   19.725061] VMware vmxnet3 virtual NIC driver - version 1.4.16.0-k-NAPI
[STDERR  ] 2019-02-14T15:54:42.425257255Z: [   19.726247] hv_vmbus: registering driver hv_netvsc
[STDERR  ] 2019-02-14T15:54:42.425305171Z: [   19.726888] Fusion MPT base driver 3.04.20
[STDERR  ] 2019-02-14T15:54:42.425335417Z: [   19.727209] Copyright (c) 1999-2008 LSI Corporation
[STDERR  ] 2019-02-14T15:54:42.425363417Z: [   19.727978] Fusion MPT SPI Host driver 3.04.20
[STDERR  ] 2019-02-14T15:54:42.425391800Z: [   19.730696] i8042: PNP: PS/2 Controller [PNP0303:KBD,PNP0f13:MOU] at 0x60,0x64 irq 1,12
[STDERR  ] 2019-02-14T15:54:42.425419594Z: [   19.735952] serio: i8042 KBD port at 0x60,0x64 irq 1
[STDERR  ] 2019-02-14T15:54:42.425451837Z: [   19.736822] serio: i8042 AUX port at 0x60,0x64 irq 12
[STDERR  ] 2019-02-14T15:54:42.425480774Z: [   19.740095] hv_vmbus: registering driver hyperv_keyboard
[STDERR  ] 2019-02-14T15:54:42.425507772Z: [   19.743059] mousedev: PS/2 mouse device common for all mice
[STDERR  ] 2019-02-14T15:54:42.425536098Z: [   19.749917] input: PC Speaker as /devices/platform/pcspkr/input/input2
[STDERR  ] 2019-02-14T15:54:42.425564874Z: [   19.753278] input: AT Translated Set 2 keyboard as /devices/platform/i8042/serio0/input/input1
[STDERR  ] 2019-02-14T15:54:42.425596406Z: [   19.756266] rtc_cmos 00:00: RTC can wake from S4
[STDERR  ] 2019-02-14T15:54:42.425624976Z: [   19.764401] rtc_cmos 00:00: registered as rtc0
[STDERR  ] 2019-02-14T15:54:42.425662658Z: [   19.765974] rtc_cmos 00:00: alarms up to one day, y3k, 114 bytes nvram, hpet irqs
[STDERR  ] 2019-02-14T15:54:42.425694177Z: [   19.767042] i2c /dev entries driver
[STDERR  ] 2019-02-14T15:54:42.425724211Z: [   19.769800] device-mapper: ioctl: 4.39.0-ioctl (2018-04-03) initialised: dm-devel@redhat.com
[STDERR  ] 2019-02-14T15:54:42.425759780Z: [   19.776335] usbcore: registered new interface driver usbhid
[STDERR  ] 2019-02-14T15:54:42.425785737Z: [   19.777003] usbhid: USB HID core driver
[STDERR  ] 2019-02-14T15:54:42.425812032Z: [   19.777864] hv_utils: Registering HyperV Utility Driver
[STDERR  ] 2019-02-14T15:54:42.425846140Z: [   19.778273] hv_vmbus: registering driver hv_util
[STDERR  ] 2019-02-14T15:54:42.425873942Z: [   19.778786] hv_vmbus: registering driver hv_balloon
[STDERR  ] 2019-02-14T15:54:42.425905603Z: [   19.779326] oprofile: using NMI interrupt.
[STDERR  ] 2019-02-14T15:54:42.425932618Z: [   19.781053] GACT probability on
[STDERR  ] 2019-02-14T15:54:42.425966324Z: [   19.781660] Mirror/redirect action on
[STDERR  ] 2019-02-14T15:54:42.426049660Z: [   19.782549] Simple TC action Loaded
[STDERR  ] 2019-02-14T15:54:42.426081894Z: [   19.783133] u32 classifier
[STDERR  ] 2019-02-14T15:54:42.426113427Z: [   19.783553]     Performance counters on
[STDERR  ] 2019-02-14T15:54:42.426140593Z: [   19.783888]     input device check on
[STDERR  ] 2019-02-14T15:54:42.426167338Z: [   19.784158]     Actions configured
[STDERR  ] 2019-02-14T15:54:42.426194229Z: [   19.799072] xt_time: kernel timezone is -0000
[STDERR  ] 2019-02-14T15:54:42.426225713Z: [   19.800683] IPVS: Registered protocols (TCP, UDP, SCTP, AH, ESP)
[STDERR  ] 2019-02-14T15:54:42.426305038Z: [   19.801763] IPVS: Connection hash table configured (size=4096, memory=64Kbytes)
[STDERR  ] 2019-02-14T15:54:42.426338766Z: [   19.808023] IPVS: ipvs loaded.
[STDERR  ] 2019-02-14T15:54:42.426365578Z: [   19.808837] IPVS: [rr] scheduler registered.
[STDERR  ] 2019-02-14T15:54:42.426394708Z: [   19.809437] IPVS: [wrr] scheduler registered.
[STDERR  ] 2019-02-14T15:54:42.426426774Z: [   19.810092] IPVS: [lc] scheduler registered.
[STDERR  ] 2019-02-14T15:54:42.426454268Z: [   19.810699] IPVS: [wlc] scheduler registered.
[STDERR  ] 2019-02-14T15:54:42.426484548Z: [   19.811086] IPVS: [fo] scheduler registered.
[STDERR  ] 2019-02-14T15:54:42.426515420Z: [   19.811700] IPVS: [ovf] scheduler registered.
[STDERR  ] 2019-02-14T15:54:42.426543560Z: [   19.812324] IPVS: [lblc] scheduler registered.
[STDERR  ] 2019-02-14T15:54:42.426571005Z: [   19.813151] IPVS: [lblcr] scheduler registered.
[STDERR  ] 2019-02-14T15:54:42.426598758Z: [   19.813736] IPVS: [dh] scheduler registered.
[STDERR  ] 2019-02-14T15:54:42.426635499Z: [   19.814188] IPVS: [sh] scheduler registered.
[STDERR  ] 2019-02-14T15:54:42.426674185Z: [   19.814792] IPVS: [mh] scheduler registered.
[STDERR  ] 2019-02-14T15:54:42.426701742Z: [   19.815259] IPVS: [sed] scheduler registered.
[STDERR  ] 2019-02-14T15:54:42.426733176Z: [   19.815877] IPVS: [nq] scheduler registered.
[STDERR  ] 2019-02-14T15:54:42.426760134Z: [   19.816935] IPVS: ftp: loaded support on port[0] = 21
[STDERR  ] 2019-02-14T15:54:42.426792204Z: [   19.818194] ipip: IPv4 and MPLS over IPv4 tunneling driver
[STDERR  ] 2019-02-14T15:54:42.426820561Z: [   19.824180] gre: GRE over IPv4 demultiplexor driver
[STDERR  ] 2019-02-14T15:54:42.426848328Z: [   19.832306] ipt_CLUSTERIP: ClusterIP Version 0.8 loaded successfully
[STDERR  ] 2019-02-14T15:54:42.426875819Z: [   19.837818] NET: Registered protocol family 10
[STDERR  ] 2019-02-14T15:54:42.426903078Z: [   19.852167] Segment Routing with IPv6
[STDERR  ] 2019-02-14T15:54:42.426930648Z: [   19.864907] NET: Registered protocol family 17
[STDERR  ] 2019-02-14T15:54:42.426995882Z: [   19.866587] Bridge firewalling registered
[STDERR  ] 2019-02-14T15:54:42.427026674Z: [   19.869795] 8021q: 802.1Q VLAN Support v1.8
[STDERR  ] 2019-02-14T15:54:42.427052930Z: [   19.872443] 9pnet: Installing 9P2000 support
[STDERR  ] 2019-02-14T15:54:42.427091154Z: [   19.875112] Key type dns_resolver registered
[STDERR  ] 2019-02-14T15:54:42.427118834Z: [   19.877222] sched_clock: Marking stable (19813694752, 62727916)->(20138340118, -261917450)
[STDERR  ] 2019-02-14T15:54:42.427149365Z: [   19.882230] registered taskstats version 1
[STDERR  ] 2019-02-14T15:54:42.427175691Z: [   20.006385] ata3: SATA link up 1.5 Gbps (SStatus 113 SControl 300)
[STDERR  ] 2019-02-14T15:54:42.427213055Z: [   20.010555] ata1: SATA link up 1.5 Gbps (SStatus 113 SControl 300)
[STDERR  ] 2019-02-14T15:54:42.427239775Z: [   20.013342] ata1.00: ATA-7: QEMU HARDDISK, 2.5+, max UDMA/100
[STDERR  ] 2019-02-14T15:54:42.427365274Z: [   20.014004] ata1.00: 1048576 sectors, multi 16: LBA48 NCQ (depth 32)
[STDERR  ] 2019-02-14T15:54:42.427391491Z: [   20.014828] ata1.00: applying bridge limits
[STDERR  ] 2019-02-14T15:54:42.427414393Z: [   20.016730] ata6: SATA link down (SStatus 0 SControl 300)
[STDERR  ] 2019-02-14T15:54:42.427445660Z: [   20.018870] ata5: SATA link down (SStatus 0 SControl 300)
[STDERR  ] 2019-02-14T15:54:42.427544463Z: [   20.019837] ata4: SATA link down (SStatus 0 SControl 300)
[STDERR  ] 2019-02-14T15:54:42.427566534Z: [   20.020999] ata2: SATA link up 1.5 Gbps (SStatus 113 SControl 300)
[STDERR  ] 2019-02-14T15:54:42.427588927Z: [   20.022161] ata2.00: ATA-7: QEMU HARDDISK, 2.5+, max UDMA/100
[STDERR  ] 2019-02-14T15:54:42.427618418Z: [   20.022978] ata2.00: 1048576 sectors, multi 16: LBA48 NCQ (depth 32)
[STDERR  ] 2019-02-14T15:54:42.427638830Z: [   20.023962] ata2.00: applying bridge limits
[STDERR  ] 2019-02-14T15:54:42.427659544Z: [   20.027780] ata2.00: configured for UDMA/100
[STDERR  ] 2019-02-14T15:54:42.427684822Z: [   20.029028] ata3.00: ATAPI: QEMU DVD-ROM, 2.5+, max UDMA/100
[STDERR  ] 2019-02-14T15:54:42.427705582Z: [   20.030046] ata3.00: applying bridge limits
[STDERR  ] 2019-02-14T15:54:42.427725821Z: [   20.031091] ata3.00: configured for UDMA/100
[STDERR  ] 2019-02-14T15:54:42.427746043Z: [   20.036043] ata1.00: configured for UDMA/100
[STDERR  ] 2019-02-14T15:54:42.427765922Z: [   20.065393] scsi 0:0:0:0: Direct-Access     ATA      QEMU HARDDISK    2.5+ PQ: 0 ANSI: 5
[STDERR  ] 2019-02-14T15:54:42.427787278Z: [   20.089037] sd 0:0:0:0: [sda] 1048576 512-byte logical blocks: (537 MB/512 MiB)
[STDERR  ] 2019-02-14T15:54:42.427807490Z: [   20.093953] sd 0:0:0:0: Attached scsi generic sg0 type 0
[STDERR  ] 2019-02-14T15:54:42.427832491Z: [   20.096838] sd 0:0:0:0: [sda] Write Protect is off
[STDERR  ] 2019-02-14T15:54:42.427852495Z: [   20.102771] scsi 1:0:0:0: Direct-Access     ATA      QEMU HARDDISK    2.5+ PQ: 0 ANSI: 5
[STDERR  ] 2019-02-14T15:54:42.427872946Z: [   20.103783] tsc: Refined TSC clocksource calibration: 2599.780 MHz
[STDERR  ] 2019-02-14T15:54:42.427892875Z: [   20.104906] clocksource: tsc: mask: 0xffffffffffffffff max_cycles: 0x25796c68edd, max_idle_ns: 440795244994 ns
[STDERR  ] 2019-02-14T15:54:42.427928551Z: [   20.105995] clocksource: Switched to clocksource tsc
[STDERR  ] 2019-02-14T15:54:42.427967118Z: [   20.110993] sd 0:0:0:0: [sda] Write cache: enabled, read cache: enabled, doesn't support DPO or FUA
[STDERR  ] 2019-02-14T15:54:42.427995135Z: [   20.116775] sd 1:0:0:0: [sdb] 1048576 512-byte logical blocks: (537 MB/512 MiB)
[STDERR  ] 2019-02-14T15:54:42.428033343Z: [   20.121964] sd 1:0:0:0: [sdb] Write Protect is off
[STDERR  ] 2019-02-14T15:54:42.428058427Z: [   20.125870] sd 1:0:0:0: Attached scsi generic sg1 type 0
[STDERR  ] 2019-02-14T15:54:42.428081728Z: [   20.127612] sd 1:0:0:0: [sdb] Write cache: enabled, read cache: enabled, doesn't support DPO or FUA
[STDERR  ] 2019-02-14T15:54:42.428102718Z: [   20.135142] scsi 2:0:0:0: CD-ROM            QEMU     QEMU DVD-ROM     2.5+ PQ: 0 ANSI: 5
[STDERR  ] 2019-02-14T15:54:42.428122955Z: [   20.176804] sr 2:0:0:0: [sr0] scsi3-mmc drive: 4x/4x cd/rw xa/form2 tray
[STDERR  ] 2019-02-14T15:54:42.428143029Z: [   20.177833] cdrom: Uniform CD-ROM driver Revision: 3.20
[STDERR  ] 2019-02-14T15:54:42.428162970Z: [   20.191248] sd 1:0:0:0: [sdb] Attached SCSI disk
[STDERR  ] 2019-02-14T15:54:42.428183507Z: [   20.198121] sd 0:0:0:0: [sda] Attached SCSI disk
[STDERR  ] 2019-02-14T15:54:42.428203609Z: [   20.200866] sr 2:0:0:0: Attached scsi generic sg2 type 5
[STDERR  ] 2019-02-14T15:54:42.428224093Z: [   20.383545] Key type big_key registered
[STDERR  ] 2019-02-14T15:54:42.428244113Z: [   20.506737] Key type trusted registered
[STDERR  ] 2019-02-14T15:54:42.428278954Z: [   20.633121] Key type encrypted registered
[STDERR  ] 2019-02-14T15:54:42.428303248Z: [   20.634396] ima: No TPM chip found, activating TPM-bypass!
[STDERR  ] 2019-02-14T15:54:42.428328285Z: [   20.636329] ima: Allocated hash algorithm: sha256
[STDERR  ] 2019-02-14T15:54:42.428356029Z: [   20.642955] evm: Initialising EVM extended attributes:
[STDERR  ] 2019-02-14T15:54:42.428376615Z: [   20.643632] evm: security.ima
[STDERR  ] 2019-02-14T15:54:42.428398205Z: [   20.643970] evm: security.capability
[STDERR  ] 2019-02-14T15:54:42.428418313Z: [   20.644263] evm: HMAC attrs: 0x1
[STDERR  ] 2019-02-14T15:54:42.428438128Z: [   20.663933] rtc_cmos 00:00: setting system clock to 2019-02-14 15:53:04 UTC (1550159584)
[STDERR  ] 2019-02-14T15:54:42.428474315Z: [   20.879808] Freeing unused kernel image memory: 1592K
[STDERR  ] 2019-02-14T15:54:42.428494956Z: [   20.881947] Write protecting the kernel read-only data: 18432k
[STDERR  ] 2019-02-14T15:54:42.428514948Z: [   20.905733] Freeing unused kernel image memory: 2028K
[STDERR  ] 2019-02-14T15:54:42.428534989Z: [   20.914258] Freeing unused kernel image memory: 1044K
[STDERR  ] 2019-02-14T15:54:42.428556054Z: [   20.915788] Run /init as init process
[STDERR  ] 2019-02-14T15:54:42.428575660Z: 
[STDERR  ] 2019-02-14T15:54:42.428596248Z: Welcome to LinuxKit
[STDERR  ] 2019-02-14T15:54:42.428616369Z: 
[STDERR  ] 2019-02-14T15:54:42.428636336Z:                         ##         .
[STDERR  ] 2019-02-14T15:54:42.428662042Z:                   ## ## ##        ==
[STDERR  ] 2019-02-14T15:54:42.428683368Z:                ## ## ## ## ##    ===
[STDERR  ] 2019-02-14T15:54:42.428703494Z:            /"""""""""""""""""\___/ ===
[STDERR  ] 2019-02-14T15:54:42.428728080Z:           {                       /  ===-
[STDERR  ] 2019-02-14T15:54:42.428748437Z:            \______ O           __/
[STDERR  ] 2019-02-14T15:54:42.428774239Z:              \    \         __/
[STDERR  ] 2019-02-14T15:54:42.428795543Z:               \____\_______/
[STDERR  ] 2019-02-14T15:54:42.428821347Z: 
[STDERR  ] 2019-02-14T15:54:42.428841295Z: [   67.894979] IPVS: ftp: loaded support on port[0] = 21
[STDERR  ] 2019-02-14T15:54:42.428867791Z: [   71.772186]  sda:
[STDERR  ] 2019-02-14T15:54:42.428889216Z: [   71.916213]  sda:
[STDERR  ] 2019-02-14T15:54:42.428911454Z: [   72.308977]  sda: sda1
[STDERR  ] 2019-02-14T15:54:42.428936544Z: [   72.465967]  sda: sda1
[STDERR  ] 2019-02-14T15:54:42.428977198Z: 2019/02/14 15:53:53 Creating partition on /dev/sda
[STDERR  ] 2019-02-14T15:54:42.429008987Z: 2019/02/14 15:53:57 Partition /dev/sda1 successfully created!
[STDERR  ] 2019-02-14T15:54:42.429035012Z: [   76.936008] IPVS: ftp: loaded support on port[0] = 21
[STDERR  ] 2019-02-14T15:54:42.429056207Z: [   81.308119]  sdb:
[STDERR  ] 2019-02-14T15:54:42.429077759Z: [   81.453855]  sdb:
[STDERR  ] 2019-02-14T15:54:42.429098028Z: [   81.829615]  sdb: sdb1
[STDERR  ] 2019-02-14T15:54:42.429118401Z: [   81.993029]  sdb: sdb1
[STDERR  ] 2019-02-14T15:54:42.429145528Z: 2019/02/14 15:54:03 /dev/sda has content. blkid returned: /dev/sda: PTUUID="84c6e421" PTTYPE="dos"
[STDERR  ] 2019-02-14T15:54:42.429166853Z: 2019/02/14 15:54:03 Creating partition on /dev/sdb
[STDERR  ] 2019-02-14T15:54:42.429186513Z: 2019/02/14 15:54:07 Partition /dev/sdb1 successfully created!
[STDERR  ] 2019-02-14T15:54:42.429210441Z: [   86.372052] IPVS: ftp: loaded support on port[0] = 21
[STDERR  ] 2019-02-14T15:54:42.429235596Z: [   89.216280] EXT4-fs (sda1): mounted filesystem with ordered data mode. Opts: (null)
[STDERR  ] 2019-02-14T15:54:42.429260654Z: [   93.573059] IPVS: ftp: loaded support on port[0] = 21
[STDERR  ] 2019-02-14T15:54:42.429287939Z: [   96.470826] EXT4-fs (sdb1): mounted filesystem with ordered data mode. Opts: (null)
[STDERR  ] 2019-02-14T15:54:42.429308893Z: 2019/02/14 15:54:21 Failed to create "/dev/disk/by-uuid/439a1be8-ff31-4d84-9566-53f4bf8ea374": symlink ../../sda1 /dev/disk/by-uuid/439a1be8-ff31-4d84-9566-53f4bf8ea374: file exists
[STDERR  ] 2019-02-14T15:54:42.429330110Z: 2019/02/14 15:54:21 Failed to create "/dev/disk/by-uuid/83d3e4a5-4e8f-4ce0-868f-72d12d48a482": symlink ../../sdb1 /dev/disk/by-uuid/83d3e4a5-4e8f-4ce0-868f-72d12d48a482: file exists
[STDERR  ] 2019-02-14T15:54:42.429360541Z: format_mount test suite PASSED
[STDERR  ] 2019-02-14T15:54:42.429381985Z: [  118.273533] sd 1:0:0:0: [sdb] Synchronizing SCSI cache
[STDERR  ] 2019-02-14T15:54:42.429405591Z: [  118.277167] sd 1:0:0:0: [sdb] Stopping disk
[STDERR  ] 2019-02-14T15:54:42.429427398Z: [  118.278205] sd 0:0:0:0: [sda] Synchronizing SCSI cache
[STDERR  ] 2019-02-14T15:54:42.429449349Z: [  118.279264] sd 0:0:0:0: [sda] Stopping disk
[STDERR  ] 2019-02-14T15:54:42.429477988Z: [  118.284611] ACPI: Preparing to enter system sleep state S5
[STDERR  ] 2019-02-14T15:54:42.429504607Z: [  118.288871] reboot: Power down
[STDERR  ] 2019-02-14T15:54:42.429524787Z: + echo [    0.000000] Linux version 4.19.20-linuxkit (root@d5fc8715908b) (gcc version 6.4.0 (Alpine 6.4.0)) #1 SMP Fri Feb 8 23:54:19 UTC 2019
[STDERR  ] 2019-02-14T15:54:42.429546712Z: [    0.000000] Command line: console=ttyS0 console=ttyAMA0
[STDERR  ] 2019-02-14T15:54:42.429566817Z: [    0.000000] x86/fpu: x87 FPU will use FXSAVE
[STDERR  ] 2019-02-14T15:54:42.429587074Z: [    0.000000] BIOS-provided physical RAM map:
[STDERR  ] 2019-02-14T15:54:42.429607159Z: [    0.000000] BIOS-e820: [mem 0x0000000000000000-0x000000000009fbff] usable
[STDERR  ] 2019-02-14T15:54:42.429627670Z: [    0.000000] BIOS-e820: [mem 0x000000000009fc00-0x000000000009ffff] reserved
[STDERR  ] 2019-02-14T15:54:42.429647997Z: [    0.000000] BIOS-e820: [mem 0x00000000000f0000-0x00000000000fffff] reserved
[STDERR  ] 2019-02-14T15:54:42.429667829Z: [    0.000000] BIOS-e820: [mem 0x0000000000100000-0x000000003ffddfff] usable
[STDERR  ] 2019-02-14T15:54:42.429688277Z: [    0.000000] BIOS-e820: [mem 0x000000003ffde000-0x000000003fffffff] reserved
[STDERR  ] 2019-02-14T15:54:42.429708377Z: [    0.000000] BIOS-e820: [mem 0x00000000b0000000-0x00000000bfffffff] reserved
[STDERR  ] 2019-02-14T15:54:42.429728352Z: [    0.000000] BIOS-e820: [mem 0x00000000fed1c000-0x00000000fed1ffff] reserved
[STDERR  ] 2019-02-14T15:54:42.429748576Z: [    0.000000] BIOS-e820: [mem 0x00000000fffc0000-0x00000000ffffffff] reserved
[STDERR  ] 2019-02-14T15:54:42.429768530Z: [    0.000000] NX (Execute Disable) protection: active
[STDERR  ] 2019-02-14T15:54:42.429788728Z: [    0.000000] SMBIOS 2.8 present.
[STDERR  ] 2019-02-14T15:54:42.429808878Z: [    0.000000] DMI: QEMU Standard PC (Q35 + ICH9, 2009), BIOS rel-1.10.2-0-g5f4c7b1-prebuilt.qemu-project.org 04/01/2014
[STDERR  ] 2019-02-14T15:54:42.429839710Z: [    0.000000] tsc: Fast TSC calibration using PIT
[STDERR  ] 2019-02-14T15:54:42.429859769Z: [    0.000000] tsc: Detected 2599.762 MHz processor
[STDERR  ] 2019-02-14T15:54:42.429881712Z: [    0.062423] last_pfn = 0x3ffde max_arch_pfn = 0x400000000
[STDERR  ] 2019-02-14T15:54:42.429901530Z: [    0.064029] x86/PAT: Configuration [0-7]: WB  WC  UC- UC  WB  WP  UC- WT  
[STDERR  ] 2019-02-14T15:54:42.429921191Z: [    0.123900] found SMP MP-table at [mem 0x000f6aa0-0x000f6aaf] mapped at [(____ptrval____)]
[STDERR  ] 2019-02-14T15:54:42.429941441Z: [    0.132872] RAMDISK: [mem 0x3d36f000-0x3ffcffff]
[STDERR  ] 2019-02-14T15:54:42.429966802Z: [    0.133702] ACPI: Early table checksum verification disabled
[STDERR  ] 2019-02-14T15:54:42.429987862Z: [    0.135959] ACPI: RSDP 0x00000000000F68C0 000014 (v00 BOCHS )
[STDERR  ] 2019-02-14T15:54:42.430018250Z: [    0.136285] ACPI: RSDT 0x000000003FFE2404 000034 (v01 BOCHS  BXPCRSDT 00000001 BXPC 00000001)
[STDERR  ] 2019-02-14T15:54:42.430050905Z: [    0.137115] ACPI: FACP 0x000000003FFE22A4 000074 (v01 BOCHS  BXPCFACP 00000001 BXPC 00000001)
[STDERR  ] 2019-02-14T15:54:42.430071064Z: [    0.137891] ACPI: DSDT 0x000000003FFE0040 002264 (v01 BOCHS  BXPCDSDT 00000001 BXPC 00000001)
[STDERR  ] 2019-02-14T15:54:42.430176820Z: [    0.138052] ACPI: FACS 0x000000003FFE0000 000040
[STDERR  ] 2019-02-14T15:54:42.430197257Z: [    0.138189] ACPI: APIC 0x000000003FFE2318 000078 (v01 BOCHS  BXPCAPIC 00000001 BXPC 00000001)
[STDERR  ] 2019-02-14T15:54:42.430223447Z: [    0.138286] ACPI: HPET 0x000000003FFE2390 000038 (v01 BOCHS  BXPCHPET 00000001 BXPC 00000001)
[STDERR  ] 2019-02-14T15:54:42.430284650Z: [    0.138378] ACPI: MCFG 0x000000003FFE23C8 00003C (v01 BOCHS  BXPCMCFG 00000001 BXPC 00000001)
[STDERR  ] 2019-02-14T15:54:42.430306014Z: [    0.143970] Zone ranges:
[STDERR  ] 2019-02-14T15:54:42.430326393Z: [    0.144079]   DMA      [mem 0x0000000000001000-0x0000000000ffffff]
[STDERR  ] 2019-02-14T15:54:42.430349930Z: [    0.144161]   DMA32    [mem 0x0000000001000000-0x000000003ffddfff]
[STDERR  ] 2019-02-14T15:54:42.430369780Z: [    0.144206]   Normal   empty
[STDERR  ] 2019-02-14T15:54:42.430389765Z: [    0.144255]   Device   empty
[STDERR  ] 2019-02-14T15:54:42.430409916Z: [    0.144298] Movable zone start for each node
[STDERR  ] 2019-02-14T15:54:42.430452053Z: [    0.144373] Early memory node ranges
[STDERR  ] 2019-02-14T15:54:42.430483293Z: [    0.144448]   node   0: [mem 0x0000000000001000-0x000000000009efff]
[STDERR  ] 2019-02-14T15:54:42.430503470Z: [    0.144494]   node   0: [mem 0x0000000000100000-0x000000003ffddfff]
[STDERR  ] 2019-02-14T15:54:42.430523595Z: [    0.145326] Reserved but unavailable: 98 pages
[STDERR  ] 2019-02-14T15:54:42.430544186Z: [    0.145549] Initmem setup node 0 [mem 0x0000000000001000-0x000000003ffddfff]
[STDERR  ] 2019-02-14T15:54:42.430564005Z: [    0.214240] ACPI: PM-Timer IO Port: 0x608
[STDERR  ] 2019-02-14T15:54:42.430583821Z: [    0.214962] ACPI: LAPIC_NMI (acpi_id[0xff] dfl dfl lint[0x1])
[STDERR  ] 2019-02-14T15:54:42.430603980Z: [    0.215591] IOAPIC[0]: apic_id 0, version 32, address 0xfec00000, GSI 0-23
[STDERR  ] 2019-02-14T15:54:42.430624102Z: [    0.215790] ACPI: INT_SRC_OVR (bus 0 bus_irq 0 global_irq 2 dfl dfl)
[STDERR  ] 2019-02-14T15:54:42.430650357Z: [    0.216176] ACPI: INT_SRC_OVR (bus 0 bus_irq 5 global_irq 5 high level)
[STDERR  ] 2019-02-14T15:54:42.430670522Z: [    0.216253] ACPI: INT_SRC_OVR (bus 0 bus_irq 9 global_irq 9 high level)
[STDERR  ] 2019-02-14T15:54:42.430690495Z: [    0.216391] ACPI: INT_SRC_OVR (bus 0 bus_irq 10 global_irq 10 high level)
[STDERR  ] 2019-02-14T15:54:42.430710540Z: [    0.216428] ACPI: INT_SRC_OVR (bus 0 bus_irq 11 global_irq 11 high level)
[STDERR  ] 2019-02-14T15:54:42.430730494Z: [    0.216845] Using ACPI (MADT) for SMP configuration information
[STDERR  ] 2019-02-14T15:54:42.430750699Z: [    0.216927] ACPI: HPET id: 0x8086a201 base: 0xfed00000
[STDERR  ] 2019-02-14T15:54:42.430775321Z: [    0.217610] smpboot: Allowing 1 CPUs, 0 hotplug CPUs
[STDERR  ] 2019-02-14T15:54:42.430800473Z: [    0.218785] [mem 0x40000000-0xafffffff] available for PCI devices
[STDERR  ] 2019-02-14T15:54:42.430829030Z: [    0.218872] Booting paravirtualized kernel on bare hardware
[STDERR  ] 2019-02-14T15:54:42.430856707Z: [    0.219171] clocksource: refined-jiffies: mask: 0xffffffff max_cycles: 0xffffffff, max_idle_ns: 1910969940391419 ns
[STDERR  ] 2019-02-14T15:54:42.430877094Z: [    3.676153] random: get_random_bytes called from start_kernel+0x92/0x52b with crng_init=0
[STDERR  ] 2019-02-14T15:54:42.430897001Z: [    3.677230] setup_percpu: NR_CPUS:128 nr_cpumask_bits:128 nr_cpu_ids:1 nr_node_ids:1
[STDERR  ] 2019-02-14T15:54:42.430917054Z: [    3.685962] percpu: Embedded 45 pages/cpu @(____ptrval____) s145112 r8192 d31016 u2097152
[STDERR  ] 2019-02-14T15:54:42.430936874Z: [    3.688849] Built 1 zonelists, mobility grouping on.  Total pages: 257895
[STDERR  ] 2019-02-14T15:54:42.430957087Z: [    3.689090] Kernel command line: console=ttyS0 console=ttyAMA0
[STDERR  ] 2019-02-14T15:54:42.430978381Z: [    3.693615] Dentry cache hash table entries: 131072 (order: 8, 1048576 bytes)
[STDERR  ] 2019-02-14T15:54:42.430998686Z: [    3.695961] Inode-cache hash table entries: 65536 (order: 7, 524288 bytes)
[STDERR  ] 2019-02-14T15:54:42.431019238Z: [    3.766620] Memory: 957096K/1048048K available (12300K kernel code, 1579K rwdata, 3052K rodata, 1592K init, 1996K bss, 90952K reserved, 0K cma-reserved)
[STDERR  ] 2019-02-14T15:54:42.431039603Z: [    3.774768] ftrace: allocating 42977 entries in 168 pages
[STDERR  ] 2019-02-14T15:54:42.431063867Z: [    4.195425] rcu: Hierarchical RCU implementation.
[STDERR  ] 2019-02-14T15:54:42.431083697Z: [    4.195619] rcu: 	RCU restricting CPUs from NR_CPUS=128 to nr_cpu_ids=1.
[STDERR  ] 2019-02-14T15:54:42.431106226Z: [    4.195774] rcu: Adjusting geometry for rcu_fanout_leaf=16, nr_cpu_ids=1
[STDERR  ] 2019-02-14T15:54:42.431126044Z: [    4.259637] NR_IRQS: 8448, nr_irqs: 256, preallocated irqs: 16
[STDERR  ] 2019-02-14T15:54:42.431152845Z: [    4.273334] Console: colour VGA+ 80x25
[STDERR  ] 2019-02-14T15:54:42.431172757Z: [    4.309996] console [ttyS0] enabled
[STDERR  ] 2019-02-14T15:54:42.431192736Z: [    4.310756] ACPI: Core revision 20180810
[STDERR  ] 2019-02-14T15:54:42.431215733Z: [    4.319058] clocksource: hpet: mask: 0xffffffff max_cycles: 0xffffffff, max_idle_ns: 19112604467 ns
[STDERR  ] 2019-02-14T15:54:42.431235458Z: [    4.326664] APIC: Switch to symmetric I/O mode setup
[STDERR  ] 2019-02-14T15:54:42.431255113Z: [    4.333920] ..TIMER: vector=0x30 apic1=0 pin1=2 apic2=-1 pin2=-1
[STDERR  ] 2019-02-14T15:54:42.431284867Z: [    4.339756] clocksource: tsc-early: mask: 0xffffffffffffffff max_cycles: 0x25795b44728, max_idle_ns: 440795238079 ns
[STDERR  ] 2019-02-14T15:54:42.431305516Z: [    4.342306] Calibrating delay loop (skipped), value calculated using timer frequency.. 5199.52 BogoMIPS (lpj=2599762)
[STDERR  ] 2019-02-14T15:54:42.431328380Z: [    4.345439] pid_max: default: 32768 minimum: 301
[STDERR  ] 2019-02-14T15:54:42.431348076Z: [    4.351150] Security Framework initialized
[STDERR  ] 2019-02-14T15:54:42.431375994Z: [    4.351468] Yama: becoming mindful.
[STDERR  ] 2019-02-14T15:54:42.431399034Z: [    4.354703] Mount-cache hash table entries: 2048 (order: 2, 16384 bytes)
[STDERR  ] 2019-02-14T15:54:42.431418798Z: [    4.355427] Mountpoint-cache hash table entries: 2048 (order: 2, 16384 bytes)
[STDERR  ] 2019-02-14T15:54:42.431438577Z: [    4.379184] Last level iTLB entries: 4KB 0, 2MB 0, 4MB 0
[STDERR  ] 2019-02-14T15:54:42.431458120Z: [    4.379365] Last level dTLB entries: 4KB 0, 2MB 0, 4MB 0, 1GB 0
[STDERR  ] 2019-02-14T15:54:42.431485190Z: [    4.380480] Spectre V2 : Spectre mitigation: LFENCE not serializing, switching to generic retpoline
[STDERR  ] 2019-02-14T15:54:42.431506362Z: [    4.381337] Spectre V2 : Mitigation: Full generic retpoline
[STDERR  ] 2019-02-14T15:54:42.431526288Z: [    4.381781] Spectre V2 : Spectre v2 / SpectreRSB mitigation: Filling RSB on context switch
[STDERR  ] 2019-02-14T15:54:42.431562326Z: [    4.382448] Speculative Store Bypass: Vulnerable
[STDERR  ] 2019-02-14T15:54:42.431582138Z: [    4.583709] random: fast init done
[STDERR  ] 2019-02-14T15:54:42.431601956Z: [    4.736628] Freeing SMP alternatives memory: 20K
[STDERR  ] 2019-02-14T15:54:42.431621758Z: [    4.762306] smpboot: CPU0: AMD QEMU Virtual CPU version 2.5+ (family: 0x6, model: 0x6, stepping: 0x3)
[STDERR  ] 2019-02-14T15:54:42.431642187Z: [    4.772468] Performance Events: PMU not available due to virtualization, using software events only.
[STDERR  ] 2019-02-14T15:54:42.431692915Z: [    4.776490] rcu: Hierarchical SRCU implementation.
[STDERR  ] 2019-02-14T15:54:42.431718962Z: [    4.783196] NMI watchdog: Perf NMI watchdog permanently disabled
[STDERR  ] 2019-02-14T15:54:42.431738986Z: [    4.788485] smp: Bringing up secondary CPUs ...
[STDERR  ] 2019-02-14T15:54:42.431758834Z: [    4.789026] smp: Brought up 1 node, 1 CPU
[STDERR  ] 2019-02-14T15:54:42.431778871Z: [    4.789413] smpboot: Max logical packages: 1
[STDERR  ] 2019-02-14T15:54:42.431799178Z: [    4.789831] smpboot: Total of 1 processors activated (5199.52 BogoMIPS)
[STDERR  ] 2019-02-14T15:54:42.431819007Z: [    4.807293] devtmpfs: initialized
[STDERR  ] 2019-02-14T15:54:42.431841157Z: [    4.813644] x86/mm: Memory block size: 128MB
[STDERR  ] 2019-02-14T15:54:42.431860961Z: [    4.826797] clocksource: jiffies: mask: 0xffffffff max_cycles: 0xffffffff, max_idle_ns: 1911260446275000 ns
[STDERR  ] 2019-02-14T15:54:42.431881412Z: [    4.827545] futex hash table entries: 256 (order: 2, 16384 bytes)
[STDERR  ] 2019-02-14T15:54:42.431909083Z: [    4.844373] NET: Registered protocol family 16
[STDERR  ] 2019-02-14T15:54:42.431938016Z: [    4.849971] audit: initializing netlink subsys (disabled)
[STDERR  ] 2019-02-14T15:54:42.431959385Z: [    4.855807] audit: type=2000 audit(1550159567.525:1): state=initialized audit_enabled=0 res=1
[STDERR  ] 2019-02-14T15:54:42.431981210Z: [    4.859152] cpuidle: using governor ladder
[STDERR  ] 2019-02-14T15:54:42.432000688Z: [    4.859482] cpuidle: using governor menu
[STDERR  ] 2019-02-14T15:54:42.432021630Z: [    4.861857] ACPI: bus type PCI registered
[STDERR  ] 2019-02-14T15:54:42.432041730Z: [    4.864947] PCI: MMCONFIG for domain 0000 [bus 00-ff] at [mem 0xb0000000-0xbfffffff] (base 0xb0000000)
[STDERR  ] 2019-02-14T15:54:42.432064601Z: [    4.866335] PCI: MMCONFIG at [mem 0xb0000000-0xbfffffff] reserved in E820
[STDERR  ] 2019-02-14T15:54:42.432084904Z: [    4.867594] PCI: Using configuration type 1 for base access
[STDERR  ] 2019-02-14T15:54:42.432104761Z: [    4.939606] HugeTLB registered 2.00 MiB page size, pre-allocated 0 pages
[STDERR  ] 2019-02-14T15:54:42.432124850Z: [    4.945966] cryptd: max_cpu_qlen set to 1000
[STDERR  ] 2019-02-14T15:54:42.432144616Z: [    4.951684] ACPI: Added _OSI(Module Device)
[STDERR  ] 2019-02-14T15:54:42.432164547Z: [    4.952270] ACPI: Added _OSI(Processor Device)
[STDERR  ] 2019-02-14T15:54:42.432187550Z: [    4.952736] ACPI: Added _OSI(3.0 _SCP Extensions)
[STDERR  ] 2019-02-14T15:54:42.432207455Z: [    4.953342] ACPI: Added _OSI(Processor Aggregator Device)
