[INFO    ] 2017-08-31T18:37:27.776902185Z: Running Test linuxkit.packages.binfmt in /tmp/with_clone31dd22dd/test/cases/040_packages/002_binfmt
[INFO    ] 2017-08-31T18:37:27.777001072Z: Running command: [/bin/sh -x /tmp/with_clone31dd22dd/test/cases/040_packages/002_binfmt/test.sh]
[STDERR  ] 2017-08-31T18:37:27.778273244Z: + set -e
[STDERR  ] 2017-08-31T18:37:27.778388933Z: + . /tmp/with_clone31dd22dd/test/cases/_lib/lib.sh
[STDERR  ] 2017-08-31T18:37:27.778483321Z: + [ -f src/github.com/linuxkit/rtf/lib/lib.sh ]
[STDERR  ] 2017-08-31T18:37:27.778582039Z: + LINUXKIT_TMPDIR=/tmp/with_clone31dd22dd/test/cases/_tmp
[STDERR  ] 2017-08-31T18:37:27.778660615Z: + [ -f /tmp/with_clone31dd22dd/test/cases/_tmp/env.sh ]
[STDERR  ] 2017-08-31T18:37:27.778749448Z: + . /tmp/with_clone31dd22dd/test/cases/_tmp/env.sh
[STDERR  ] 2017-08-31T18:37:27.778824474Z: + export LINUXKIT_EXAMPLES_DIR=/tmp/with_clone31dd22dd/test/cases/../../examples
[STDERR  ] 2017-08-31T18:37:27.778915359Z: + export LINUXKIT_BLUEPRINTS_DIR=/tmp/with_clone31dd22dd/test/cases/../../blueprints
[STDERR  ] 2017-08-31T18:37:27.778970688Z: + RT_CANCEL=253
[STDERR  ] 2017-08-31T18:37:27.779068441Z: + trap clean_up EXIT
[STDERR  ] 2017-08-31T18:37:27.779142904Z: + moby build -output kernel+initrd test-binfmt.yml
[STDERR  ] 2017-08-31T18:37:27.794662789Z: Extract kernel image: linuxkit/kernel:4.9.46
[STDERR  ] 2017-08-31T18:37:35.02667947Z: Add init containers:
[STDERR  ] 2017-08-31T18:37:35.026749972Z: Process init image: linuxkit/init:6d11a1f9d299d3425e78cce80dfba8b236d20412
[STDERR  ] 2017-08-31T18:37:37.535219961Z: Process init image: linuxkit/runc:a1b564248a0d0b118c11e61db9f84ecf41dd2d2a
[STDERR  ] 2017-08-31T18:37:39.695854245Z: Add onboot containers:
[STDERR  ] 2017-08-31T18:37:39.695916536Z:   Create OCI config for linuxkit/binfmt:472eeba777d056c5f98fe074aa0f581c67ccc7ff
[STDERR  ] 2017-08-31T18:37:41.908104816Z:   Create OCI config for alpine:3.6
[STDERR  ] 2017-08-31T18:37:43.709265563Z:   Create OCI config for linuxkit/poweroff:1e9876c682c74d0602b7647c628bb0875fb13998
[STDERR  ] 2017-08-31T18:37:45.289649272Z: Add files:
[STDERR  ] 2017-08-31T18:37:45.289705718Z:   check.sh
[STDERR  ] 2017-08-31T18:37:45.289720792Z: Create outputs:
[STDERR  ] 2017-08-31T18:37:49.906990911Z:   test-binfmt-kernel test-binfmt-initrd.img test-binfmt-cmdline
[STDERR  ] 2017-08-31T18:37:50.135237509Z: + linuxkit run test-binfmt
[STDERR  ] 2017-08-31T18:38:24.205859661Z: + RESULT=[    0.000000] Linux version 4.9.46-linuxkit (root@e1ede117fb1e) (gcc version 6.3.0 (Alpine 6.3.0) ) #1 SMP Wed Aug 30 17:34:07 UTC 2017
[STDERR  ] 2017-08-31T18:38:24.205948647Z: [    0.000000] Command line: console=ttyS0 page_poison=1
[STDERR  ] 2017-08-31T18:38:24.205964814Z: [    0.000000] x86/fpu: Legacy x87 FPU detected.
[STDERR  ] 2017-08-31T18:38:24.205982219Z: [    0.000000] x86/fpu: Using 'eager' FPU context switches.
[STDERR  ] 2017-08-31T18:38:24.205995019Z: [    0.000000] e820: BIOS-provided physical RAM map:
[STDERR  ] 2017-08-31T18:38:24.20600788Z: [    0.000000] BIOS-e820: [mem 0x0000000000000000-0x000000000009fbff] usable
[STDERR  ] 2017-08-31T18:38:24.206020731Z: [    0.000000] BIOS-e820: [mem 0x000000000009fc00-0x000000000009ffff] reserved
[STDERR  ] 2017-08-31T18:38:24.206034075Z: [    0.000000] BIOS-e820: [mem 0x00000000000f0000-0x00000000000fffff] reserved
[STDERR  ] 2017-08-31T18:38:24.206046358Z: [    0.000000] BIOS-e820: [mem 0x0000000000100000-0x000000003ffdefff] usable
[STDERR  ] 2017-08-31T18:38:24.206058164Z: [    0.000000] BIOS-e820: [mem 0x000000003ffdf000-0x000000003fffffff] reserved
[STDERR  ] 2017-08-31T18:38:24.20607371Z: [    0.000000] BIOS-e820: [mem 0x00000000b0000000-0x00000000bfffffff] reserved
[STDERR  ] 2017-08-31T18:38:24.206085976Z: [    0.000000] BIOS-e820: [mem 0x00000000fed1c000-0x00000000fed1ffff] reserved
[STDERR  ] 2017-08-31T18:38:24.206097767Z: [    0.000000] BIOS-e820: [mem 0x00000000fffc0000-0x00000000ffffffff] reserved
[STDERR  ] 2017-08-31T18:38:24.206109773Z: [    0.000000] NX (Execute Disable) protection: active
[STDERR  ] 2017-08-31T18:38:24.206122121Z: [    0.000000] SMBIOS 2.8 present.
[STDERR  ] 2017-08-31T18:38:24.206143982Z: [    0.000000] e820: last_pfn = 0x3ffdf max_arch_pfn = 0x400000000
[STDERR  ] 2017-08-31T18:38:24.206156151Z: [    0.000000] x86/PAT: Configuration [0-7]: WB  WC  UC- UC  WB  WC  UC- WT  
[STDERR  ] 2017-08-31T18:38:24.206167271Z: [    0.000000] found SMP MP-table at [mem 0x000f6aa0-0x000f6aaf] mapped at [ffff9d7f400f6aa0]
[STDERR  ] 2017-08-31T18:38:24.206186318Z: [    0.000000] RAMDISK: [mem 0x3e60a000-0x3ffcffff]
[STDERR  ] 2017-08-31T18:38:24.206199481Z: [    0.000000] ACPI: Early table checksum verification disabled
[STDERR  ] 2017-08-31T18:38:24.206220041Z: [    0.000000] ACPI: RSDP 0x00000000000F68C0 000014 (v00 BOCHS )
[STDERR  ] 2017-08-31T18:38:24.206231954Z: [    0.000000] ACPI: RSDT 0x000000003FFE2404 000034 (v01 BOCHS  BXPCRSDT 00000001 BXPC 00000001)
[STDERR  ] 2017-08-31T18:38:24.20624388Z: [    0.000000] ACPI: FACP 0x000000003FFE22A4 000074 (v01 BOCHS  BXPCFACP 00000001 BXPC 00000001)
[STDERR  ] 2017-08-31T18:38:24.20625667Z: [    0.000000] ACPI: DSDT 0x000000003FFE0040 002264 (v01 BOCHS  BXPCDSDT 00000001 BXPC 00000001)
[STDERR  ] 2017-08-31T18:38:24.20626874Z: [    0.000000] ACPI: FACS 0x000000003FFE0000 000040
[STDERR  ] 2017-08-31T18:38:24.206280631Z: [    0.000000] ACPI: APIC 0x000000003FFE2318 000078 (v01 BOCHS  BXPCAPIC 00000001 BXPC 00000001)
[STDERR  ] 2017-08-31T18:38:24.206291996Z: [    0.000000] ACPI: HPET 0x000000003FFE2390 000038 (v01 BOCHS  BXPCHPET 00000001 BXPC 00000001)
[STDERR  ] 2017-08-31T18:38:24.206303037Z: [    0.000000] ACPI: MCFG 0x000000003FFE23C8 00003C (v01 BOCHS  BXPCMCFG 00000001 BXPC 00000001)
[STDERR  ] 2017-08-31T18:38:24.206314326Z: [    0.000000] Zone ranges:
[STDERR  ] 2017-08-31T18:38:24.206325914Z: [    0.000000]   DMA      [mem 0x0000000000001000-0x0000000000ffffff]
[STDERR  ] 2017-08-31T18:38:24.206337024Z: [    0.000000]   DMA32    [mem 0x0000000001000000-0x000000003ffdefff]
[STDERR  ] 2017-08-31T18:38:24.206349616Z: [    0.000000]   Normal   empty
[STDERR  ] 2017-08-31T18:38:24.206360962Z: [    0.000000] Movable zone start for each node
[STDERR  ] 2017-08-31T18:38:24.206371816Z: [    0.000000] Early memory node ranges
[STDERR  ] 2017-08-31T18:38:24.206387429Z: [    0.000000]   node   0: [mem 0x0000000000001000-0x000000000009efff]
[STDERR  ] 2017-08-31T18:38:24.206399055Z: [    0.000000]   node   0: [mem 0x0000000000100000-0x000000003ffdefff]
[STDERR  ] 2017-08-31T18:38:24.206410357Z: [    0.000000] Initmem setup node 0 [mem 0x0000000000001000-0x000000003ffdefff]
[STDERR  ] 2017-08-31T18:38:24.206421579Z: [    0.000000] ACPI: PM-Timer IO Port: 0x608
[STDERR  ] 2017-08-31T18:38:24.206437974Z: [    0.000000] ACPI: LAPIC_NMI (acpi_id[0xff] dfl dfl lint[0x1])
[STDERR  ] 2017-08-31T18:38:24.206449895Z: [    0.000000] IOAPIC[0]: apic_id 0, version 32, address 0xfec00000, GSI 0-23
[STDERR  ] 2017-08-31T18:38:24.206461057Z: [    0.000000] ACPI: INT_SRC_OVR (bus 0 bus_irq 0 global_irq 2 dfl dfl)
[STDERR  ] 2017-08-31T18:38:24.206476555Z: [    0.000000] ACPI: INT_SRC_OVR (bus 0 bus_irq 5 global_irq 5 high level)
[STDERR  ] 2017-08-31T18:38:24.20648843Z: [    0.000000] ACPI: INT_SRC_OVR (bus 0 bus_irq 9 global_irq 9 high level)
[STDERR  ] 2017-08-31T18:38:24.206500055Z: [    0.000000] ACPI: INT_SRC_OVR (bus 0 bus_irq 10 global_irq 10 high level)
[STDERR  ] 2017-08-31T18:38:24.20651369Z: [    0.000000] ACPI: INT_SRC_OVR (bus 0 bus_irq 11 global_irq 11 high level)
[STDERR  ] 2017-08-31T18:38:24.206527532Z: [    0.000000] Using ACPI (MADT) for SMP configuration information
[STDERR  ] 2017-08-31T18:38:24.206539192Z: [    0.000000] ACPI: HPET id: 0x8086a201 base: 0xfed00000
[STDERR  ] 2017-08-31T18:38:24.206550881Z: [    0.000000] smpboot: Allowing 1 CPUs, 0 hotplug CPUs
[STDERR  ] 2017-08-31T18:38:24.206564297Z: [    0.000000] e820: [mem 0x40000000-0xafffffff] available for PCI devices
[STDERR  ] 2017-08-31T18:38:24.206575786Z: [    0.000000] Booting paravirtualized kernel on bare hardware
[STDERR  ] 2017-08-31T18:38:24.206587257Z: [    0.000000] clocksource: refined-jiffies: mask: 0xffffffff max_cycles: 0xffffffff, max_idle_ns: 19112604462750000 ns
[STDERR  ] 2017-08-31T18:38:24.206609657Z: [    0.000000] setup_percpu: NR_CPUS:128 nr_cpumask_bits:128 nr_cpu_ids:1 nr_node_ids:1
[STDERR  ] 2017-08-31T18:38:24.206619862Z: [    0.000000] percpu: Embedded 35 pages/cpu @ffff9d7f7e400000 s105240 r8192 d29928 u2097152
[STDERR  ] 2017-08-31T18:38:24.20663028Z: [    0.000000] Built 1 zonelists in Zone order, mobility grouping on.  Total pages: 257896
[STDERR  ] 2017-08-31T18:38:24.206643531Z: [    0.000000] Kernel command line: console=ttyS0 page_poison=1
[STDERR  ] 2017-08-31T18:38:24.206654786Z: [    0.000000] PID hash table entries: 4096 (order: 3, 32768 bytes)
[STDERR  ] 2017-08-31T18:38:24.206665243Z: [    0.000000] Dentry cache hash table entries: 131072 (order: 8, 1048576 bytes)
[STDERR  ] 2017-08-31T18:38:24.206675901Z: [    0.000000] Inode-cache hash table entries: 65536 (order: 7, 524288 bytes)
[STDERR  ] 2017-08-31T18:38:24.206686723Z: [    0.000000] Memory: 987780K/1048052K available (8030K kernel code, 1366K rwdata, 2696K rodata, 1380K init, 568K bss, 60272K reserved, 0K cma-reserved)
[STDERR  ] 2017-08-31T18:38:24.206699666Z: [    0.000000] Hierarchical RCU implementation.
[STDERR  ] 2017-08-31T18:38:24.206710171Z: [    0.000000] 	Build-time adjustment of leaf fanout to 64.
[STDERR  ] 2017-08-31T18:38:24.206721288Z: [    0.000000] 	RCU restricting CPUs from NR_CPUS=128 to nr_cpu_ids=1.
[STDERR  ] 2017-08-31T18:38:24.206734704Z: [    0.000000] RCU: Adjusting geometry for rcu_fanout_leaf=64, nr_cpu_ids=1
[STDERR  ] 2017-08-31T18:38:24.206745968Z: [    0.000000] NR_IRQS:8448 nr_irqs:256 16
[STDERR  ] 2017-08-31T18:38:24.206758839Z: [    0.000000] Console: colour VGA+ 80x25
[STDERR  ] 2017-08-31T18:38:24.206770284Z: [    0.000000] console [ttyS0] enabled
[STDERR  ] 2017-08-31T18:38:24.206780813Z: [    0.000000] allocated 2097152 bytes of page_ext
[STDERR  ] 2017-08-31T18:38:24.206791292Z: [    0.000000] clocksource: hpet: mask: 0xffffffff max_cycles: 0xffffffff, max_idle_ns: 19112604467 ns
[STDERR  ] 2017-08-31T18:38:24.206803554Z: [    0.000000] tsc: Fast TSC calibration failed
[STDERR  ] 2017-08-31T18:38:24.206813974Z: [    0.000000] tsc: Unable to calibrate against PIT
[STDERR  ] 2017-08-31T18:38:24.2068287Z: [    0.000000] tsc: using HPET reference calibration
[STDERR  ] 2017-08-31T18:38:24.206842766Z: [    0.000000] tsc: Detected 2300.135 MHz processor
[STDERR  ] 2017-08-31T18:38:24.206853874Z: [    0.051365] Calibrating delay loop (skipped), value calculated using timer frequency.. 4600.27 BogoMIPS (lpj=23001350)
[STDERR  ] 2017-08-31T18:38:24.206867466Z: [    0.052437] pid_max: default: 32768 minimum: 301
[STDERR  ] 2017-08-31T18:38:24.20688414Z: [    0.053380] ACPI: Core revision 20160831
[STDERR  ] 2017-08-31T18:38:24.20689561Z: [    0.100523] ACPI: 1 ACPI AML tables successfully acquired and loaded
[STDERR  ] 2017-08-31T18:38:24.206908056Z: [    0.103758] Security Framework initialized
[STDERR  ] 2017-08-31T18:38:24.206919583Z: [    0.104091] Yama: becoming mindful.
[STDERR  ] 2017-08-31T18:38:24.206931321Z: [    0.105845] Mount-cache hash table entries: 2048 (order: 2, 16384 bytes)
[STDERR  ] 2017-08-31T18:38:24.206945031Z: [    0.106284] Mountpoint-cache hash table entries: 2048 (order: 2, 16384 bytes)
[STDERR  ] 2017-08-31T18:38:24.206956126Z: [    0.125304] Last level iTLB entries: 4KB 0, 2MB 0, 4MB 0
[STDERR  ] 2017-08-31T18:38:24.20696976Z: [    0.125679] Last level dTLB entries: 4KB 0, 2MB 0, 4MB 0, 1GB 0
[STDERR  ] 2017-08-31T18:38:24.206981925Z: [    0.478938] Freeing SMP alternatives memory: 20K
[STDERR  ] 2017-08-31T18:38:24.206992331Z: [    0.487588] ftrace: allocating 35505 entries in 139 pages
[STDERR  ] 2017-08-31T18:38:24.207003353Z: [    0.646044] smpboot: Max logical packages: 1
[STDERR  ] 2017-08-31T18:38:24.207014245Z: [    0.652424] ..TIMER: vector=0x30 apic1=0 pin1=2 apic2=-1 pin2=-1
[STDERR  ] 2017-08-31T18:38:24.207025327Z: [    0.760000] smpboot: CPU0: AMD QEMU Virtual CPU version 2.5+ (family: 0x6, model: 0x6, stepping: 0x3)
[STDERR  ] 2017-08-31T18:38:24.207036849Z: [    0.760000] Performance Events: PMU not available due to virtualization, using software events only.
[STDERR  ] 2017-08-31T18:38:24.207053825Z: [    0.768397] NMI watchdog: disabled (cpu0): hardware events not enabled
[STDERR  ] 2017-08-31T18:38:24.20706624Z: [    0.768816] NMI watchdog: Shutting down hard lockup detector on all cpus
[STDERR  ] 2017-08-31T18:38:24.207078047Z: [    0.770830] x86: Booted up 1 node, 1 CPUs
[STDERR  ] 2017-08-31T18:38:24.207089186Z: [    0.771182] smpboot: Total of 1 processors activated (4600.27 BogoMIPS)
[STDERR  ] 2017-08-31T18:38:24.207099556Z: [    0.786241] devtmpfs: initialized
[STDERR  ] 2017-08-31T18:38:24.207111266Z: [    0.790995] x86/mm: Memory block size: 128MB
[STDERR  ] 2017-08-31T18:38:24.207121982Z: [    0.852711] clocksource: jiffies: mask: 0xffffffff max_cycles: 0xffffffff, max_idle_ns: 19112604462750000 ns
[STDERR  ] 2017-08-31T18:38:24.207133941Z: [    0.853410] futex hash table entries: 256 (order: 2, 16384 bytes)
[STDERR  ] 2017-08-31T18:38:24.207149482Z: [    0.862403] NET: Registered protocol family 16
[STDERR  ] 2017-08-31T18:38:24.207162574Z: [    0.871766] cpuidle: using governor ladder
[STDERR  ] 2017-08-31T18:38:24.20717403Z: [    0.872157] cpuidle: using governor menu
[STDERR  ] 2017-08-31T18:38:24.207185372Z: [    0.873233] ACPI: bus type PCI registered
[STDERR  ] 2017-08-31T18:38:24.207199112Z: [    0.875948] PCI: MMCONFIG for domain 0000 [bus 00-ff] at [mem 0xb0000000-0xbfffffff] (base 0xb0000000)
[STDERR  ] 2017-08-31T18:38:24.207210756Z: [    0.876617] PCI: MMCONFIG at [mem 0xb0000000-0xbfffffff] reserved in E820
[STDERR  ] 2017-08-31T18:38:24.207221174Z: [    0.877823] PCI: Using configuration type 1 for base access
[STDERR  ] 2017-08-31T18:38:24.207231814Z: [    0.934560] HugeTLB registered 2 MB page size, pre-allocated 0 pages
[STDERR  ] 2017-08-31T18:38:24.207242629Z: [    0.947198] ACPI: Added _OSI(Module Device)
[STDERR  ] 2017-08-31T18:38:24.207253842Z: [    0.947490] ACPI: Added _OSI(Processor Device)
[STDOUT  ] 2017-08-31T18:38:24.207204172Z: [    0.000000] Linux version 4.9.46-linuxkit (root@e1ede117fb1e) (gcc version 6.3.0 (Alpine 6.3.0) ) #1 SMP Wed Aug 30 17:34:07 UTC 2017
[STDERR  ] 2017-08-31T18:38:24.207265096Z: [    0.947749] ACPI: Added _OSI(3.0 _SCP Extensions)
[STDOUT  ] 2017-08-31T18:38:24.207278617Z: [    0.000000] Command line: console=ttyS0 page_poison=1
[STDERR  ] 2017-08-31T18:38:24.207279232Z: [    0.948014] ACPI: Added _OSI(Processor Aggregator Device)
[STDERR  ] 2017-08-31T18:38:24.207290678Z: [    1.022853] ACPI: Interpreter enabled
[STDERR  ] 2017-08-31T18:38:24.207302104Z: [    1.023595] ACPI: (supports S0 S5)
[STDOUT  ] 2017-08-31T18:38:24.207295145Z: [    0.000000] x86/fpu: Legacy x87 FPU detected.
[STDOUT  ] 2017-08-31T18:38:24.207314955Z: [    0.000000] x86/fpu: Using 'eager' FPU context switches.
[STDERR  ] 2017-08-31T18:38:24.207313376Z: [    1.023856] ACPI: Using IOAPIC for interrupt routing
[STDERR  ] 2017-08-31T18:38:24.207325313Z: [    1.025529] PCI: Using host bridge windows from ACPI; if necessary, use "pci=nocrs" and report a bug
[STDOUT  ] 2017-08-31T18:38:24.207326255Z: [    0.000000] e820: BIOS-provided physical RAM map:
[STDOUT  ] 2017-08-31T18:38:24.207340263Z: [    0.000000] BIOS-e820: [mem 0x0000000000000000-0x000000000009fbff] usable
[STDERR  ] 2017-08-31T18:38:24.207336769Z: [    1.087972] ACPI: PCI Root Bridge [PCI0] (domain 0000 [bus 00-ff])
[STDERR  ] 2017-08-31T18:38:24.207352366Z: [    1.088839] acpi PNP0A08:00: _OSC: OS supports [ExtendedConfig ASPM ClockPM Segments MSI]
[STDOUT  ] 2017-08-31T18:38:24.207354929Z: [    0.000000] BIOS-e820: [mem 0x000000000009fc00-0x000000000009ffff] reserved
[STDOUT  ] 2017-08-31T18:38:24.207412339Z: [    0.000000] BIOS-e820: [mem 0x00000000000f0000-0x00000000000fffff] reserved
[STDOUT  ] 2017-08-31T18:38:24.207424619Z: [    0.000000] BIOS-e820: [mem 0x0000000000100000-0x000000003ffdefff] usable
[STDERR  ] 2017-08-31T18:38:24.207431096Z: [    1.094284] acpi PNP0A08:00: _OSC: OS now controls [PCIeHotplug PME PCIeCapability]
[STDOUT  ] 2017-08-31T18:38:24.207436649Z: [    0.000000] BIOS-e820: [mem 0x000000003ffdf000-0x000000003fffffff] reserved
[STDERR  ] 2017-08-31T18:38:24.207443561Z: [    1.097785] PCI host bridge to bus 0000:00
[STDERR  ] 2017-08-31T18:38:24.207455092Z: [    1.098162] pci_bus 0000:00: root bus resource [io  0x0000-0x0cf7 window]
[STDOUT  ] 2017-08-31T18:38:24.20745365Z: [    0.000000] BIOS-e820: [mem 0x00000000b0000000-0x00000000bfffffff] reserved
[STDERR  ] 2017-08-31T18:38:24.207466892Z: [    1.098562] pci_bus 0000:00: root bus resource [io  0x0d00-0xffff window]
[STDOUT  ] 2017-08-31T18:38:24.207468616Z: [    0.000000] BIOS-e820: [mem 0x00000000fed1c000-0x00000000fed1ffff] reserved
[STDOUT  ] 2017-08-31T18:38:24.207479944Z: [    0.000000] BIOS-e820: [mem 0x00000000fffc0000-0x00000000ffffffff] reserved
[STDERR  ] 2017-08-31T18:38:24.207481961Z: [    1.098943] pci_bus 0000:00: root bus resource [mem 0x000a0000-0x000bffff window]
[STDOUT  ] 2017-08-31T18:38:24.20749206Z: [    0.000000] NX (Execute Disable) protection: active
[STDERR  ] 2017-08-31T18:38:24.207493588Z: [    1.099357] pci_bus 0000:00: root bus resource [mem 0xc0000000-0xfebfffff window]
[STDERR  ] 2017-08-31T18:38:24.207506695Z: [    1.099891] pci_bus 0000:00: root bus resource [bus 00-ff]
[STDOUT  ] 2017-08-31T18:38:24.207505014Z: [    0.000000] SMBIOS 2.8 present.
[STDOUT  ] 2017-08-31T18:38:24.207516319Z: [    0.000000] e820: last_pfn = 0x3ffdf max_arch_pfn = 0x400000000
[STDERR  ] 2017-08-31T18:38:24.20752171Z: [    1.207574] pci 0000:00:1f.0: quirk: [io  0x0600-0x067f] claimed by ICH6 ACPI/GPIO/TCO
[STDOUT  ] 2017-08-31T18:38:24.207528329Z: [    0.000000] x86/PAT: Configuration [0-7]: WB  WC  UC- UC  WB  WC  UC- WT  
[STDERR  ] 2017-08-31T18:38:24.207533587Z: [    1.267014] ACPI: PCI Interrupt Link [LNKA] (IRQs 5 *10 11)
[STDOUT  ] 2017-08-31T18:38:24.207539593Z: [    0.000000] found SMP MP-table at [mem 0x000f6aa0-0x000f6aaf] mapped at [ffff9d7f400f6aa0]
[STDERR  ] 2017-08-31T18:38:24.207544984Z: [    1.268901] ACPI: PCI Interrupt Link [LNKB] (IRQs 5 *10 11)
[STDERR  ] 2017-08-31T18:38:24.207556119Z: [    1.270685] ACPI: PCI Interrupt Link [LNKC] (IRQs 5 10 *11)
[STDOUT  ] 2017-08-31T18:38:24.207551531Z: [    0.000000] RAMDISK: [mem 0x3e60a000-0x3ffcffff]
[STDERR  ] 2017-08-31T18:38:24.207567358Z: [    1.272318] ACPI: PCI Interrupt Link [LNKD] (IRQs 5 10 *11)
[STDOUT  ] 2017-08-31T18:38:24.207564113Z: [    0.000000] ACPI: Early table checksum verification disabled
[STDOUT  ] 2017-08-31T18:38:24.207585289Z: [    0.000000] ACPI: RSDP 0x00000000000F68C0 000014 (v00 BOCHS )
[STDOUT  ] 2017-08-31T18:38:24.207596475Z: [    0.000000] ACPI: RSDT 0x000000003FFE2404 000034 (v01 BOCHS  BXPCRSDT 00000001 BXPC 00000001)
[STDERR  ] 2017-08-31T18:38:24.207589288Z: [    1.273986] ACPI: PCI Interrupt Link [LNKE] (IRQs 5 *10 11)
[STDERR  ] 2017-08-31T18:38:24.207606912Z: [    1.275598] ACPI: PCI Interrupt Link [LNKF] (IRQs 5 *10 11)
[STDOUT  ] 2017-08-31T18:38:24.20760846Z: [    0.000000] ACPI: FACP 0x000000003FFE22A4 000074 (v01 BOCHS  BXPCFACP 00000001 BXPC 00000001)
[STDOUT  ] 2017-08-31T18:38:24.207619911Z: [    0.000000] ACPI: DSDT 0x000000003FFE0040 002264 (v01 BOCHS  BXPCDSDT 00000001 BXPC 00000001)
[STDERR  ] 2017-08-31T18:38:24.207621461Z: [    1.277239] ACPI: PCI Interrupt Link [LNKG] (IRQs 5 10 *11)
[STDERR  ] 2017-08-31T18:38:24.207634203Z: [    1.278849] ACPI: PCI Interrupt Link [LNKH] (IRQs 5 10 *11)
[STDOUT  ] 2017-08-31T18:38:24.207632113Z: [    0.000000] ACPI: FACS 0x000000003FFE0000 000040
[STDOUT  ] 2017-08-31T18:38:24.207643701Z: [    0.000000] ACPI: APIC 0x000000003FFE2318 000078 (v01 BOCHS  BXPCAPIC 00000001 BXPC 00000001)
[STDERR  ] 2017-08-31T18:38:24.207646121Z: [    1.279610] ACPI: PCI Interrupt Link [GSIA] (IRQs *16)
[STDERR  ] 2017-08-31T18:38:24.207658759Z: [    1.280609] ACPI: PCI Interrupt Link [GSIB] (IRQs *17)
[STDOUT  ] 2017-08-31T18:38:24.20765731Z: [    0.000000] ACPI: HPET 0x000000003FFE2390 000038 (v01 BOCHS  BXPCHPET 00000001 BXPC 00000001)
[STDERR  ] 2017-08-31T18:38:24.207670287Z: [    1.281180] ACPI: PCI Interrupt Link [GSIC] (IRQs *18)
[STDOUT  ] 2017-08-31T18:38:24.207668802Z: [    0.000000] ACPI: MCFG 0x000000003FFE23C8 00003C (v01 BOCHS  BXPCMCFG 00000001 BXPC 00000001)
[STDERR  ] 2017-08-31T18:38:24.207681143Z: [    1.281739] ACPI: PCI Interrupt Link [GSID] (IRQs *19)
[STDOUT  ] 2017-08-31T18:38:24.20768553Z: [    0.000000] Zone ranges:
[STDERR  ] 2017-08-31T18:38:24.207692809Z: [    1.282300] ACPI: PCI Interrupt Link [GSIE] (IRQs *20)
[STDOUT  ] 2017-08-31T18:38:24.207697492Z: [    0.000000]   DMA      [mem 0x0000000000001000-0x0000000000ffffff]
[STDERR  ] 2017-08-31T18:38:24.207705526Z: [    1.282858] ACPI: PCI Interrupt Link [GSIF] (IRQs *21)
[STDOUT  ] 2017-08-31T18:38:24.207709088Z: [    0.000000]   DMA32    [mem 0x0000000001000000-0x000000003ffdefff]
[STDERR  ] 2017-08-31T18:38:24.207721653Z: [    1.283416] ACPI: PCI Interrupt Link [GSIG] (IRQs *22)
[STDOUT  ] 2017-08-31T18:38:24.207724695Z: [    0.000000]   Normal   empty
[STDERR  ] 2017-08-31T18:38:24.207733052Z: [    1.283974] ACPI: PCI Interrupt Link [GSIH] (IRQs *23)
[STDOUT  ] 2017-08-31T18:38:24.207736948Z: [    0.000000] Movable zone start for each node
[STDERR  ] 2017-08-31T18:38:24.207744202Z: [    1.287487] ACPI: Enabled 2 GPEs in block 00 to 3F
[STDOUT  ] 2017-08-31T18:38:24.207748764Z: [    0.000000] Early memory node ranges
[STDERR  ] 2017-08-31T18:38:24.207757413Z: [    1.291753] SCSI subsystem initialized
[STDOUT  ] 2017-08-31T18:38:24.207760174Z: [    0.000000]   node   0: [mem 0x0000000000001000-0x000000000009efff]
[STDERR  ] 2017-08-31T18:38:24.207768417Z: [    1.293506] ACPI: bus type USB registered
[STDOUT  ] 2017-08-31T18:38:24.207771873Z: [    0.000000]   node   0: [mem 0x0000000000100000-0x000000003ffdefff]
[STDERR  ] 2017-08-31T18:38:24.207779476Z: [    1.294546] usbcore: registered new interface driver usbfs
[STDOUT  ] 2017-08-31T18:38:24.20778369Z: [    0.000000] Initmem setup node 0 [mem 0x0000000000001000-0x000000003ffdefff]
[STDERR  ] 2017-08-31T18:38:24.207790966Z: [    1.295394] usbcore: registered new interface driver hub
[STDOUT  ] 2017-08-31T18:38:24.20779511Z: [    0.000000] ACPI: PM-Timer IO Port: 0x608
[STDERR  ] 2017-08-31T18:38:24.207802148Z: [    1.296131] usbcore: registered new device driver usb
[STDOUT  ] 2017-08-31T18:38:24.207806604Z: [    0.000000] ACPI: LAPIC_NMI (acpi_id[0xff] dfl dfl lint[0x1])
[STDERR  ] 2017-08-31T18:38:24.207812892Z: [    1.297234] pps_core: LinuxPPS API ver. 1 registered
[STDOUT  ] 2017-08-31T18:38:24.207819111Z: [    0.000000] IOAPIC[0]: apic_id 0, version 32, address 0xfec00000, GSI 0-23
[STDERR  ] 2017-08-31T18:38:24.207823509Z: [    1.297529] pps_core: Software ver. 5.3.6 - Copyright 2005-2007 Rodolfo Giometti <giometti@linux.it>
[STDOUT  ] 2017-08-31T18:38:24.20783518Z: [    0.000000] ACPI: INT_SRC_OVR (bus 0 bus_irq 0 global_irq 2 dfl dfl)
[STDERR  ] 2017-08-31T18:38:24.207834387Z: [    1.298159] PTP clock support registered
[STDERR  ] 2017-08-31T18:38:24.207846644Z: [    1.299255] wmi: Mapper loaded
[STDOUT  ] 2017-08-31T18:38:24.207848716Z: [    0.000000] ACPI: INT_SRC_OVR (bus 0 bus_irq 5 global_irq 5 high level)
[STDERR  ] 2017-08-31T18:38:24.207859123Z: [    1.300361] PCI: Using ACPI for IRQ routing
[STDOUT  ] 2017-08-31T18:38:24.207860646Z: [    0.000000] ACPI: INT_SRC_OVR (bus 0 bus_irq 9 global_irq 9 high level)
[STDERR  ] 2017-08-31T18:38:24.207870086Z: [    1.318346] NetLabel: Initializing
[STDOUT  ] 2017-08-31T18:38:24.20787216Z: [    0.000000] ACPI: INT_SRC_OVR (bus 0 bus_irq 10 global_irq 10 high level)
[STDERR  ] 2017-08-31T18:38:24.207881587Z: [    1.318579] NetLabel:  domain hash size = 128
[STDOUT  ] 2017-08-31T18:38:24.207884403Z: [    0.000000] ACPI: INT_SRC_OVR (bus 0 bus_irq 11 global_irq 11 high level)
[STDERR  ] 2017-08-31T18:38:24.207892653Z: [    1.318828] NetLabel:  protocols = UNLABELED CIPSOv4
[STDOUT  ] 2017-08-31T18:38:24.207896002Z: [    0.000000] Using ACPI (MADT) for SMP configuration information
[STDERR  ] 2017-08-31T18:38:24.207904779Z: [    1.320673] NetLabel:  unlabeled traffic allowed by default
[STDOUT  ] 2017-08-31T18:38:24.207907947Z: [    0.000000] ACPI: HPET id: 0x8086a201 base: 0xfed00000
[STDERR  ] 2017-08-31T18:38:24.207915982Z: [    1.321524] HPET: 3 timers in total, 0 timers will be used for per-cpu timer
[STDOUT  ] 2017-08-31T18:38:24.207922855Z: [    0.000000] smpboot: Allowing 1 CPUs, 0 hotplug CPUs
[STDERR  ] 2017-08-31T18:38:24.207934878Z: [    1.322167] hpet0: at MMIO 0xfed00000, IRQs 2, 8, 0
[STDOUT  ] 2017-08-31T18:38:24.20793831Z: [    0.000000] e820: [mem 0x40000000-0xafffffff] available for PCI devices
[STDERR  ] 2017-08-31T18:38:24.207946445Z: [    1.322595] hpet0: 3 comparators, 64-bit 100.000000 MHz counter
[STDOUT  ] 2017-08-31T18:38:24.207949736Z: [    0.000000] Booting paravirtualized kernel on bare hardware
[STDERR  ] 2017-08-31T18:38:24.207957994Z: [    1.329108] clocksource: Switched to clocksource hpet
[STDOUT  ] 2017-08-31T18:38:24.20796132Z: [    0.000000] clocksource: refined-jiffies: mask: 0xffffffff max_cycles: 0xffffffff, max_idle_ns: 19112604462750000 ns
[STDERR  ] 2017-08-31T18:38:24.207970159Z: [    1.582472] VFS: Disk quotas dquot_6.6.0
[STDOUT  ] 2017-08-31T18:38:24.207980618Z: [    0.000000] setup_percpu: NR_CPUS:128 nr_cpumask_bits:128 nr_cpu_ids:1 nr_node_ids:1
[STDERR  ] 2017-08-31T18:38:24.207982188Z: [    1.583081] VFS: Dquot-cache hash table entries: 512 (order 0, 4096 bytes)
[STDOUT  ] 2017-08-31T18:38:24.207992519Z: [    0.000000] percpu: Embedded 35 pages/cpu @ffff9d7f7e400000 s105240 r8192 d29928 u2097152
[STDERR  ] 2017-08-31T18:38:24.207994185Z: [    1.585574] FS-Cache: Loaded
[STDOUT  ] 2017-08-31T18:38:24.208003989Z: [    0.000000] Built 1 zonelists in Zone order, mobility grouping on.  Total pages: 257896
[STDERR  ] 2017-08-31T18:38:24.208005747Z: [    1.590538] CacheFiles: Loaded
[STDOUT  ] 2017-08-31T18:38:24.208015219Z: [    0.000000] Kernel command line: console=ttyS0 page_poison=1
[STDERR  ] 2017-08-31T18:38:24.208016914Z: [    1.592082] pnp: PnP ACPI init
[STDERR  ] 2017-08-31T18:38:24.208027175Z: [    1.603467] pnp: PnP ACPI: found 5 devices
[STDOUT  ] 2017-08-31T18:38:24.208029399Z: [    0.000000] PID hash table entries: 4096 (order: 3, 32768 bytes)
[STDOUT  ] 2017-08-31T18:38:24.208041027Z: [    0.000000] Dentry cache hash table entries: 131072 (order: 8, 1048576 bytes)
[STDERR  ] 2017-08-31T18:38:24.2080388Z: [    1.652005] clocksource: acpi_pm: mask: 0xffffff max_cycles: 0xffffff, max_idle_ns: 2085701024 ns
[STDERR  ] 2017-08-31T18:38:24.208050897Z: [    1.654642] NET: Registered protocol family 2
[STDOUT  ] 2017-08-31T18:38:24.208052862Z: [    0.000000] Inode-cache hash table entries: 65536 (order: 7, 524288 bytes)
[STDERR  ] 2017-08-31T18:38:24.208065503Z: [    1.661957] TCP established hash table entries: 8192 (order: 4, 65536 bytes)
[STDOUT  ] 2017-08-31T18:38:24.208069743Z: [    0.000000] Memory: 987780K/1048052K available (8030K kernel code, 1366K rwdata, 2696K rodata, 1380K init, 568K bss, 60272K reserved, 0K cma-reserved)
[STDERR  ] 2017-08-31T18:38:24.20808231Z: [    1.662627] TCP bind hash table entries: 8192 (order: 5, 131072 bytes)
[STDERR  ] 2017-08-31T18:38:24.208094745Z: [    1.663228] TCP: Hash tables configured (established 8192 bind 8192)
[STDOUT  ] 2017-08-31T18:38:24.208093135Z: [    0.000000] Hierarchical RCU implementation.
[STDOUT  ] 2017-08-31T18:38:24.208105627Z: [    0.000000] 	Build-time adjustment of leaf fanout to 64.
[STDERR  ] 2017-08-31T18:38:24.208106294Z: [    1.665046] UDP hash table entries: 512 (order: 2, 16384 bytes)
[STDOUT  ] 2017-08-31T18:38:24.208117406Z: [    0.000000] 	RCU restricting CPUs from NR_CPUS=128 to nr_cpu_ids=1.
[STDERR  ] 2017-08-31T18:38:24.208119014Z: [    1.665536] UDP-Lite hash table entries: 512 (order: 2, 16384 bytes)
[STDOUT  ] 2017-08-31T18:38:24.208128825Z: [    0.000000] RCU: Adjusting geometry for rcu_fanout_leaf=64, nr_cpu_ids=1
[STDERR  ] 2017-08-31T18:38:24.208133168Z: [    1.667684] NET: Registered protocol family 1
[STDOUT  ] 2017-08-31T18:38:24.208141377Z: [    0.000000] NR_IRQS:8448 nr_irqs:256 16
[STDERR  ] 2017-08-31T18:38:24.208145832Z: [    1.669022] pci 0000:00:01.0: Video device with shadowed ROM at [mem 0x000c0000-0x000dffff]
[STDOUT  ] 2017-08-31T18:38:24.208153997Z: [    0.000000] Console: colour VGA+ 80x25
[STDERR  ] 2017-08-31T18:38:24.208157345Z: [    1.676150] Unpacking initramfs...
[STDOUT  ] 2017-08-31T18:38:24.208169568Z: [    0.000000] console [ttyS0] enabled
[STDERR  ] 2017-08-31T18:38:24.208171099Z: [    6.769694] Freeing initrd memory: 26392K
[STDOUT  ] 2017-08-31T18:38:24.208181146Z: [    0.000000] allocated 2097152 bytes of page_ext
[STDERR  ] 2017-08-31T18:38:24.208182769Z: [    6.792627] PCLMULQDQ-NI instructions are not detected.
[STDOUT  ] 2017-08-31T18:38:24.208192482Z: [    0.000000] clocksource: hpet: mask: 0xffffffff max_cycles: 0xffffffff, max_idle_ns: 19112604467 ns
[STDERR  ] 2017-08-31T18:38:24.208194509Z: [    6.793678] AVX or AES-NI instructions are not detected.
[STDOUT  ] 2017-08-31T18:38:24.208204284Z: [    0.000000] tsc: Fast TSC calibration failed
[STDERR  ] 2017-08-31T18:38:24.208205689Z: [    6.794052] CPU feature 'AVX registers' is not supported.
[STDERR  ] 2017-08-31T18:38:24.208216372Z: [    6.794400] CPU feature 'AVX registers' is not supported.
[STDOUT  ] 2017-08-31T18:38:24.208215701Z: [    0.000000] tsc: Unable to calibrate against PIT
[STDERR  ] 2017-08-31T18:38:24.208231311Z: [    6.794753] CPU feature 'AVX registers' is not supported.
[STDOUT  ] 2017-08-31T18:38:24.208227544Z: [    0.000000] tsc: using HPET reference calibration
[STDOUT  ] 2017-08-31T18:38:24.208239506Z: [    0.000000] tsc: Detected 2300.135 MHz processor
[STDERR  ] 2017-08-31T18:38:24.208242464Z: [    6.795094] CPU feature 'AVX registers' is not supported.
[STDERR  ] 2017-08-31T18:38:24.208253603Z: [    6.795432] AVX2 or AES-NI instructions are not detected.
[STDOUT  ] 2017-08-31T18:38:24.208251264Z: [    0.051365] Calibrating delay loop (skipped), value calculated using timer frequency.. 4600.27 BogoMIPS (lpj=23001350)
[STDOUT  ] 2017-08-31T18:38:24.208262735Z: [    0.052437] pid_max: default: 32768 minimum: 301
[STDERR  ] 2017-08-31T18:38:24.208264941Z: [    6.795771] AVX2 instructions are not detected.
[STDOUT  ] 2017-08-31T18:38:24.208274016Z: [    0.053380] ACPI: Core revision 20160831
[STDERR  ] 2017-08-31T18:38:24.208276614Z: [    6.802031] audit: initializing netlink subsys (disabled)
[STDOUT  ] 2017-08-31T18:38:24.20828569Z: [    0.100523] ACPI: 1 ACPI AML tables successfully acquired and loaded
[STDERR  ] 2017-08-31T18:38:24.208288051Z: [    6.803527] audit: type=2000 audit(1504204677.800:1): initialized
[STDOUT  ] 2017-08-31T18:38:24.208298693Z: [    0.103758] Security Framework initialized
[STDERR  ] 2017-08-31T18:38:24.208298922Z: [    6.810652] workingset: timestamp_bits=46 max_order=18 bucket_order=0
[STDOUT  ] 2017-08-31T18:38:24.208314048Z: [    0.104091] Yama: becoming mindful.
[STDERR  ] 2017-08-31T18:38:24.208315628Z: [    6.816543] FS-Cache: Netfs 'cifs' registered for caching
[STDOUT  ] 2017-08-31T18:38:24.20832547Z: [    0.105845] Mount-cache hash table entries: 2048 (order: 2, 16384 bytes)
[STDERR  ] 2017-08-31T18:38:24.208327367Z: [    6.817482] fuse init (API version 7.26)
[STDERR  ] 2017-08-31T18:38:24.208338747Z: [    6.819605] SGI XFS with ACLs, security attributes, no debug enabled
[STDOUT  ] 2017-08-31T18:38:24.208336641Z: [    0.106284] Mountpoint-cache hash table entries: 2048 (order: 2, 16384 bytes)
[STDOUT  ] 2017-08-31T18:38:24.208348099Z: [    0.125304] Last level iTLB entries: 4KB 0, 2MB 0, 4MB 0
[STDERR  ] 2017-08-31T18:38:24.208350278Z: [    6.823886] 9p: Installing v9fs 9p2000 file system support
[STDOUT  ] 2017-08-31T18:38:24.208359644Z: [    0.125679] Last level dTLB entries: 4KB 0, 2MB 0, 4MB 0, 1GB 0
[STDERR  ] 2017-08-31T18:38:24.208361413Z: [    6.824326] FS-Cache: Netfs '9p' registered for caching
[STDOUT  ] 2017-08-31T18:38:24.208371013Z: [    0.478938] Freeing SMP alternatives memory: 20K
[STDERR  ] 2017-08-31T18:38:24.208374027Z: [    6.858609] NET: Registered protocol family 38
[STDOUT  ] 2017-08-31T18:38:24.208382477Z: [    0.487588] ftrace: allocating 35505 entries in 139 pages
[STDERR  ] 2017-08-31T18:38:24.208385988Z: [    6.859113] Key type asymmetric registered
[STDOUT  ] 2017-08-31T18:38:24.208393267Z: [    0.646044] smpboot: Max logical packages: 1
[STDERR  ] 2017-08-31T18:38:24.20839752Z: [    6.859408] Asymmetric key parser 'x509' registered
[STDOUT  ] 2017-08-31T18:38:24.208407544Z: [    0.652424] ..TIMER: vector=0x30 apic1=0 pin1=2 apic2=-1 pin2=-1
[STDERR  ] 2017-08-31T18:38:24.208409123Z: [    6.860932] Block layer SCSI generic (bsg) driver version 0.4 loaded (major 251)
[STDOUT  ] 2017-08-31T18:38:24.208420317Z: [    0.760000] smpboot: CPU0: AMD QEMU Virtual CPU version 2.5+ (family: 0x6, model: 0x6, stepping: 0x3)
[STDERR  ] 2017-08-31T18:38:24.208421746Z: [    6.862081] io scheduler noop registered
[STDOUT  ] 2017-08-31T18:38:24.208432002Z: [    0.760000] Performance Events: PMU not available due to virtualization, using software events only.
[STDERR  ] 2017-08-31T18:38:24.208432522Z: [    6.862360] io scheduler deadline registered (default)
[STDERR  ] 2017-08-31T18:38:24.208445078Z: [    6.862872] io scheduler cfq registered
[STDOUT  ] 2017-08-31T18:38:24.208443379Z: [    0.768397] NMI watchdog: disabled (cpu0): hardware events not enabled
[STDOUT  ] 2017-08-31T18:38:24.208454849Z: [    0.768816] NMI watchdog: Shutting down hard lockup detector on all cpus
[STDERR  ] 2017-08-31T18:38:24.208456446Z: [    6.865329] pci_hotplug: PCI Hot Plug PCI Core version: 0.5
[STDOUT  ] 2017-08-31T18:38:24.208467576Z: [    0.770830] x86: Booted up 1 node, 1 CPUs
[STDERR  ] 2017-08-31T18:38:24.208469275Z: [    6.865856] pciehp: PCI Express Hot Plug Controller Driver version: 0.4
[STDOUT  ] 2017-08-31T18:38:24.208478674Z: [    0.771182] smpboot: Total of 1 processors activated (4600.27 BogoMIPS)
[STDERR  ] 2017-08-31T18:38:24.208480835Z: [    6.866573] shpchp: Standard Hot Plug PCI Controller Driver version: 0.4
[STDOUT  ] 2017-08-31T18:38:24.208490656Z: [    0.786241] devtmpfs: initialized
[STDERR  ] 2017-08-31T18:38:24.208493886Z: [    6.867317] hv_vmbus: registering driver hyperv_fb
[STDOUT  ] 2017-08-31T18:38:24.208501808Z: [    0.790995] x86/mm: Memory block size: 128MB
[STDERR  ] 2017-08-31T18:38:24.208505819Z: [    6.871398] input: Power Button as /devices/LNXSYSTM:00/LNXPWRBN:00/input/input0
[STDOUT  ] 2017-08-31T18:38:24.20851383Z: [    0.852711] clocksource: jiffies: mask: 0xffffffff max_cycles: 0xffffffff, max_idle_ns: 19112604462750000 ns
[STDERR  ] 2017-08-31T18:38:24.208518728Z: [    6.872377] ACPI: Power Button [PWRF]
[STDOUT  ] 2017-08-31T18:38:24.208526949Z: [    0.853410] futex hash table entries: 256 (order: 2, 16384 bytes)
[STDERR  ] 2017-08-31T18:38:24.208530093Z: [    6.876901] GHES: HEST is not enabled!
[STDOUT  ] 2017-08-31T18:38:24.208538335Z: [    0.862403] NET: Registered protocol family 16
[STDERR  ] 2017-08-31T18:38:24.208548402Z: [    6.888776] ACPI: PCI Interrupt Link [GSIG] enabled at IRQ 22
[STDOUT  ] 2017-08-31T18:38:24.208553749Z: [    0.871766] cpuidle: using governor ladder
[STDOUT  ] 2017-08-31T18:38:24.208564521Z: [    0.872157] cpuidle: using governor menu
[STDERR  ] 2017-08-31T18:38:24.208559651Z: [    6.901402] ACPI: PCI Interrupt Link [GSIH] enabled at IRQ 23
[STDERR  ] 2017-08-31T18:38:24.208572395Z: [    6.905148] xenfs: not registering filesystem on non-xen platform
[STDOUT  ] 2017-08-31T18:38:24.208575453Z: [    0.873233] ACPI: bus type PCI registered
[STDERR  ] 2017-08-31T18:38:24.208583669Z: [    6.906990] Serial: 8250/16550 driver, 4 ports, IRQ sharing disabled
[STDOUT  ] 2017-08-31T18:38:24.208586695Z: [    0.875948] PCI: MMCONFIG for domain 0000 [bus 00-ff] at [mem 0xb0000000-0xbfffffff] (base 0xb0000000)
[STDOUT  ] 2017-08-31T18:38:24.208598295Z: [    0.876617] PCI: MMCONFIG at [mem 0xb0000000-0xbfffffff] reserved in E820
[STDERR  ] 2017-08-31T18:38:24.208595101Z: [    6.931114] 00:04: ttyS0 at I/O 0x3f8 (irq = 4, base_baud = 115200) is a 16550A
[STDERR  ] 2017-08-31T18:38:24.208606879Z: [    6.942232] Non-volatile memory driver v1.3
[STDOUT  ] 2017-08-31T18:38:24.208615105Z: [    0.877823] PCI: Using configuration type 1 for base access
[STDERR  ] 2017-08-31T18:38:24.208618359Z: [    6.948099] Hangcheck: starting hangcheck timer 0.9.1 (tick is 180 seconds, margin is 60 seconds).
[STDOUT  ] 2017-08-31T18:38:24.208626491Z: [    0.934560] HugeTLB registered 2 MB page size, pre-allocated 0 pages
[STDERR  ] 2017-08-31T18:38:24.208634306Z: [    6.953003] random: fast init done
[STDOUT  ] 2017-08-31T18:38:24.208641795Z: [    0.947198] ACPI: Added _OSI(Module Device)
[STDERR  ] 2017-08-31T18:38:24.208645387Z: [    6.954037] random: crng init done
[STDOUT  ] 2017-08-31T18:38:24.208652796Z: [    0.947490] ACPI: Added _OSI(Processor Device)
[STDERR  ] 2017-08-31T18:38:24.208656407Z: [    6.987951] loop: module loaded
[STDOUT  ] 2017-08-31T18:38:24.208663654Z: [    0.947749] ACPI: Added _OSI(3.0 _SCP Extensions)
[STDERR  ] 2017-08-31T18:38:24.208670976Z: [    7.002165] nbd: registered device at major 43
[STDOUT  ] 2017-08-31T18:38:24.208674153Z: [    0.948014] ACPI: Added _OSI(Processor Aggregator Device)
[STDOUT  ] 2017-08-31T18:38:24.208685868Z: [    1.022853] ACPI: Interpreter enabled
[STDERR  ] 2017-08-31T18:38:24.208682094Z: [    7.043880] lpc_ich 0000:00:1f.0: I/O space for GPIO uninitialized
[STDOUT  ] 2017-08-31T18:38:24.208697146Z: [    1.023595] ACPI: (supports S0 S5)
[STDERR  ] 2017-08-31T18:38:24.208693785Z: [    7.045528] VMware PVSCSI driver - version 1.0.7.0-k
[STDOUT  ] 2017-08-31T18:38:24.208708266Z: [    1.023856] ACPI: Using IOAPIC for interrupt routing
[STDERR  ] 2017-08-31T18:38:24.208705167Z: [    7.046190] hv_vmbus: registering driver hv_storvsc
[STDERR  ] 2017-08-31T18:38:24.208721874Z: [    7.056288] ACPI: PCI Interrupt Link [GSIA] enabled at IRQ 16
[STDOUT  ] 2017-08-31T18:38:24.208720114Z: [    1.025529] PCI: Using host bridge windows from ACPI; if necessary, use "pci=nocrs" and report a bug
[STDERR  ] 2017-08-31T18:38:24.208732905Z: [    7.062616] ahci 0000:00:1f.2: AHCI 0001.0000 32 slots 6 ports 1.5 Gbps 0x3f impl SATA mode
[STDOUT  ] 2017-08-31T18:38:24.208734503Z: [    1.087972] ACPI: PCI Root Bridge [PCI0] (domain 0000 [bus 00-ff])
[STDOUT  ] 2017-08-31T18:38:24.2087477Z: [    1.088839] acpi PNP0A08:00: _OSC: OS supports [ExtendedConfig ASPM ClockPM Segments MSI]
[STDERR  ] 2017-08-31T18:38:24.208745227Z: [    7.063210] ahci 0000:00:1f.2: flags: 64bit ncq only 
[STDOUT  ] 2017-08-31T18:38:24.208759096Z: [    1.094284] acpi PNP0A08:00: _OSC: OS now controls [PCIeHotplug PME PCIeCapability]
[STDERR  ] 2017-08-31T18:38:24.208756363Z: [    7.084981] scsi host0: ahci
[STDOUT  ] 2017-08-31T18:38:24.208770303Z: [    1.097785] PCI host bridge to bus 0000:00
[STDERR  ] 2017-08-31T18:38:24.20876795Z: [    7.088605] scsi host1: ahci
[STDERR  ] 2017-08-31T18:38:24.208783675Z: [    7.090885] scsi host2: ahci
[STDOUT  ] 2017-08-31T18:38:24.208784827Z: [    1.098162] pci_bus 0000:00: root bus resource [io  0x0000-0x0cf7 window]
[STDERR  ] 2017-08-31T18:38:24.208795716Z: [    7.093004] scsi host3: ahci
[STDOUT  ] 2017-08-31T18:38:24.208800934Z: [    1.098562] pci_bus 0000:00: root bus resource [io  0x0d00-0xffff window]
[STDERR  ] 2017-08-31T18:38:24.208807088Z: [    7.095184] scsi host4: ahci
[STDOUT  ] 2017-08-31T18:38:24.208812045Z: [    1.098943] pci_bus 0000:00: root bus resource [mem 0x000a0000-0x000bffff window]
[STDERR  ] 2017-08-31T18:38:24.208818312Z: [    7.097228] scsi host5: ahci
[STDOUT  ] 2017-08-31T18:38:24.208823005Z: [    1.099357] pci_bus 0000:00: root bus resource [mem 0xc0000000-0xfebfffff window]
[STDERR  ] 2017-08-31T18:38:24.208829009Z: [    7.098958] ata1: SATA max UDMA/133 abar m4096@0xfebd2000 port 0xfebd2100 irq 24
[STDOUT  ] 2017-08-31T18:38:24.208836179Z: [    1.099891] pci_bus 0000:00: root bus resource [bus 00-ff]
[STDERR  ] 2017-08-31T18:38:24.208840278Z: [    7.099427] ata2: SATA max UDMA/133 abar m4096@0xfebd2000 port 0xfebd2180 irq 24
[STDOUT  ] 2017-08-31T18:38:24.20884768Z: [    1.207574] pci 0000:00:1f.0: quirk: [io  0x0600-0x067f] claimed by ICH6 ACPI/GPIO/TCO
[STDERR  ] 2017-08-31T18:38:24.208851442Z: [    7.099836] ata3: SATA max UDMA/133 abar m4096@0xfebd2000 port 0xfebd2200 irq 24
[STDERR  ] 2017-08-31T18:38:24.208862232Z: [    7.100416] ata4: SATA max UDMA/133 abar m4096@0xfebd2000 port 0xfebd2280 irq 24
[STDOUT  ] 2017-08-31T18:38:24.208858958Z: [    1.267014] ACPI: PCI Interrupt Link [LNKA] (IRQs 5 *10 11)
[STDERR  ] 2017-08-31T18:38:24.208875863Z: [    7.100834] ata5: SATA max UDMA/133 abar m4096@0xfebd2000 port 0xfebd2300 irq 24
[STDOUT  ] 2017-08-31T18:38:24.208874074Z: [    1.268901] ACPI: PCI Interrupt Link [LNKB] (IRQs 5 *10 11)
[STDERR  ] 2017-08-31T18:38:24.208889173Z: [    7.101227] ata6: SATA max UDMA/133 abar m4096@0xfebd2000 port 0xfebd2380 irq 24
[STDOUT  ] 2017-08-31T18:38:24.208890864Z: [    1.270685] ACPI: PCI Interrupt Link [LNKC] (IRQs 5 10 *11)
[STDERR  ] 2017-08-31T18:38:24.208900748Z: [    7.114385] tun: Universal TUN/TAP device driver, 1.6
[STDOUT  ] 2017-08-31T18:38:24.208902162Z: [    1.272318] ACPI: PCI Interrupt Link [LNKD] (IRQs 5 10 *11)
[STDOUT  ] 2017-08-31T18:38:24.208913478Z: [    1.273986] ACPI: PCI Interrupt Link [LNKE] (IRQs 5 *10 11)
[STDERR  ] 2017-08-31T18:38:24.208911826Z: [    7.114724] tun: (C) 1999-2004 Max Krasnyansky <maxk@qualcomm.com>
[STDOUT  ] 2017-08-31T18:38:24.208923979Z: [    1.275598] ACPI: PCI Interrupt Link [LNKF] (IRQs 5 *10 11)
[STDERR  ] 2017-08-31T18:38:24.208924507Z: [    7.124991] VMware vmxnet3 virtual NIC driver - version 1.4.a.0-k-NAPI
[STDOUT  ] 2017-08-31T18:38:24.208935194Z: [    1.277239] ACPI: PCI Interrupt Link [LNKG] (IRQs 5 10 *11)
[STDERR  ] 2017-08-31T18:38:24.208937116Z: [    7.125745] hv_vmbus: registering driver hv_netvsc
[STDERR  ] 2017-08-31T18:38:24.208948164Z: [    7.126052] Fusion MPT base driver 3.04.20
[STDOUT  ] 2017-08-31T18:38:24.208946274Z: [    1.278849] ACPI: PCI Interrupt Link [LNKH] (IRQs 5 10 *11)
[STDOUT  ] 2017-08-31T18:38:24.208957434Z: [    1.279610] ACPI: PCI Interrupt Link [GSIA] (IRQs *16)
[STDERR  ] 2017-08-31T18:38:24.208959175Z: [    7.126296] Copyright (c) 1999-2008 LSI Corporation
[STDOUT  ] 2017-08-31T18:38:24.208969911Z: [    1.280609] ACPI: PCI Interrupt Link [GSIB] (IRQs *17)
[STDERR  ] 2017-08-31T18:38:24.208970241Z: [    7.126786] Fusion MPT SPI Host driver 3.04.20
[STDOUT  ] 2017-08-31T18:38:24.208980848Z: [    1.281180] ACPI: PCI Interrupt Link [GSIC] (IRQs *18)
[STDERR  ] 2017-08-31T18:38:24.208980819Z: [    7.128707] i8042: PNP: PS/2 Controller [PNP0303:KBD,PNP0f13:MOU] at 0x60,0x64 irq 1,12
[STDOUT  ] 2017-08-31T18:38:24.208991725Z: [    1.281739] ACPI: PCI Interrupt Link [GSID] (IRQs *19)
[STDERR  ] 2017-08-31T18:38:24.208993746Z: [    7.132793] serio: i8042 KBD port at 0x60,0x64 irq 1
[STDOUT  ] 2017-08-31T18:38:24.209003145Z: [    1.282300] ACPI: PCI Interrupt Link [GSIE] (IRQs *20)
[STDERR  ] 2017-08-31T18:38:24.209004716Z: [    7.133316] serio: i8042 AUX port at 0x60,0x64 irq 12
[STDOUT  ] 2017-08-31T18:38:24.209013809Z: [    1.282858] ACPI: PCI Interrupt Link [GSIF] (IRQs *21)
[STDERR  ] 2017-08-31T18:38:24.209019665Z: [    7.136281] hv_vmbus: registering driver hyperv_keyboard
[STDOUT  ] 2017-08-31T18:38:24.209024708Z: [    1.283416] ACPI: PCI Interrupt Link [GSIG] (IRQs *22)
[STDERR  ] 2017-08-31T18:38:24.209030327Z: [    7.138366] mousedev: PS/2 mouse device common for all mice
[STDOUT  ] 2017-08-31T18:38:24.209035592Z: [    1.283974] ACPI: PCI Interrupt Link [GSIH] (IRQs *23)
[STDERR  ] 2017-08-31T18:38:24.209040982Z: [    7.143309] input: AT Translated Set 2 keyboard as /devices/platform/i8042/serio0/input/input1
[STDOUT  ] 2017-08-31T18:38:24.209047136Z: [    1.287487] ACPI: Enabled 2 GPEs in block 00 to 3F
[STDOUT  ] 2017-08-31T18:38:24.20905807Z: [    1.291753] SCSI subsystem initialized
[STDERR  ] 2017-08-31T18:38:24.209053457Z: [    7.145946] input: PC Speaker as /devices/platform/pcspkr/input/input2
[STDERR  ] 2017-08-31T18:38:24.209065871Z: [    7.149222] rtc_cmos 00:00: RTC can wake from S4
[STDOUT  ] 2017-08-31T18:38:24.209069085Z: [    1.293506] ACPI: bus type USB registered
[STDERR  ] 2017-08-31T18:38:24.20907707Z: [    7.152579] rtc_cmos 00:00: rtc core: registered rtc_cmos as rtc0
[STDOUT  ] 2017-08-31T18:38:24.209080309Z: [    1.294546] usbcore: registered new interface driver usbfs
[STDERR  ] 2017-08-31T18:38:24.209088392Z: [    7.153613] rtc_cmos 00:00: alarms up to one day, y3k, 114 bytes nvram, hpet irqs
[STDOUT  ] 2017-08-31T18:38:24.209091523Z: [    1.295394] usbcore: registered new interface driver hub
[STDERR  ] 2017-08-31T18:38:24.209099813Z: [    7.154221] i2c /dev entries driver
[STDOUT  ] 2017-08-31T18:38:24.209106176Z: [    1.296131] usbcore: registered new device driver usb
[STDERR  ] 2017-08-31T18:38:24.209116516Z: [    7.155956] device-mapper: ioctl: 4.35.0-ioctl (2016-06-23) initialised: dm-devel@redhat.com
[STDOUT  ] 2017-08-31T18:38:24.209116867Z: [    1.297234] pps_core: LinuxPPS API ver. 1 registered
[STDERR  ] 2017-08-31T18:38:24.209128743Z: [    7.160702] usbcore: registered new interface driver usbhid
[STDOUT  ] 2017-08-31T18:38:24.20913266Z: [    1.297529] pps_core: Software ver. 5.3.6 - Copyright 2005-2007 Rodolfo Giometti <giometti@linux.it>
[STDERR  ] 2017-08-31T18:38:24.209139494Z: [    7.161008] usbhid: USB HID core driver
[STDOUT  ] 2017-08-31T18:38:24.209144928Z: [    1.298159] PTP clock support registered
[STDERR  ] 2017-08-31T18:38:24.209150091Z: [    7.161473] hv_utils: Registering HyperV Utility Driver
[STDERR  ] 2017-08-31T18:38:24.209161334Z: [    7.161732] hv_vmbus: registering driver hv_util
[STDOUT  ] 2017-08-31T18:38:24.209157782Z: [    1.299255] wmi: Mapper loaded
[STDOUT  ] 2017-08-31T18:38:24.209169203Z: [    1.300361] PCI: Using ACPI for IRQ routing
[STDERR  ] 2017-08-31T18:38:24.209172523Z: [    7.161959] hv_vmbus: registering driver hv_balloon
[STDOUT  ] 2017-08-31T18:38:24.20918029Z: [    1.318346] NetLabel: Initializing
[STDERR  ] 2017-08-31T18:38:24.209183506Z: [    7.162352] oprofile: using NMI interrupt.
[STDOUT  ] 2017-08-31T18:38:24.209191497Z: [    1.318579] NetLabel:  domain hash size = 128
[STDERR  ] 2017-08-31T18:38:24.209194494Z: [    7.163232] GACT probability on
[STDOUT  ] 2017-08-31T18:38:24.209208176Z: [    1.318828] NetLabel:  protocols = UNLABELED CIPSOv4
[STDERR  ] 2017-08-31T18:38:24.209206392Z: [    7.163626] Mirror/redirect action on
[STDERR  ] 2017-08-31T18:38:24.209217478Z: [    7.164350] Simple TC action Loaded
[STDOUT  ] 2017-08-31T18:38:24.209219285Z: [    1.320673] NetLabel:  unlabeled traffic allowed by default
[STDERR  ] 2017-08-31T18:38:24.20923122Z: [    7.164802] u32 classifier
[STDOUT  ] 2017-08-31T18:38:24.209235143Z: [    1.321524] HPET: 3 timers in total, 0 timers will be used for per-cpu timer
[STDERR  ] 2017-08-31T18:38:24.209243341Z: [    7.164957]     Performance counters on
[STDOUT  ] 2017-08-31T18:38:24.209247161Z: [    1.322167] hpet0: at MMIO 0xfed00000, IRQs 2, 8, 0
[STDERR  ] 2017-08-31T18:38:24.209254211Z: [    7.165146]     input device check on
[STDOUT  ] 2017-08-31T18:38:24.20925986Z: [    1.322595] hpet0: 3 comparators, 64-bit 100.000000 MHz counter
[STDERR  ] 2017-08-31T18:38:24.209266927Z: [    7.165326]     Actions configured
[STDOUT  ] 2017-08-31T18:38:24.209277613Z: [    1.329108] clocksource: Switched to clocksource hpet
[STDERR  ] 2017-08-31T18:38:24.209279336Z: [    7.165779] Netfilter messages via NETLINK v0.30.
[STDOUT  ] 2017-08-31T18:38:24.209288762Z: [    1.582472] VFS: Disk quotas dquot_6.6.0
[STDERR  ] 2017-08-31T18:38:24.209290502Z: [    7.166197] nfnl_acct: registering with nfnetlink.
[STDOUT  ] 2017-08-31T18:38:24.209299887Z: [    1.583081] VFS: Dquot-cache hash table entries: 512 (order 0, 4096 bytes)
[STDERR  ] 2017-08-31T18:38:24.209301739Z: [    7.167349] nf_conntrack version 0.5.0 (8192 buckets, 32768 max)
[STDOUT  ] 2017-08-31T18:38:24.209312804Z: [    1.585574] FS-Cache: Loaded
[STDERR  ] 2017-08-31T18:38:24.209314417Z: [    7.170951] ctnetlink v0.93: registering with nfnetlink.
[STDOUT  ] 2017-08-31T18:38:24.209324286Z: [    1.590538] CacheFiles: Loaded
[STDERR  ] 2017-08-31T18:38:24.209326006Z: [    7.173954] nf_tables: (c) 2007-2009 Patrick McHardy <kaber@trash.net>
[STDOUT  ] 2017-08-31T18:38:24.209335441Z: [    1.592082] pnp: PnP ACPI init
[STDERR  ] 2017-08-31T18:38:24.20933925Z: [    7.174684] nf_tables_compat: (c) 2012 Pablo Neira Ayuso <pablo@netfilter.org>
[STDERR  ] 2017-08-31T18:38:24.209350652Z: [    7.177104] xt_time: kernel timezone is -0000
[STDOUT  ] 2017-08-31T18:38:24.209346477Z: [    1.603467] pnp: PnP ACPI: found 5 devices
[STDOUT  ] 2017-08-31T18:38:24.20936271Z: [    1.652005] clocksource: acpi_pm: mask: 0xffffff max_cycles: 0xffffff, max_idle_ns: 2085701024 ns
[STDERR  ] 2017-08-31T18:38:24.20936662Z: [    7.177573] ip_set: protocol 6
[STDOUT  ] 2017-08-31T18:38:24.209377052Z: [    1.654642] NET: Registered protocol family 2
[STDERR  ] 2017-08-31T18:38:24.209378137Z: [    7.178140] IPVS: Registered protocols (TCP, UDP, SCTP, AH, ESP)
[STDOUT  ] 2017-08-31T18:38:24.209388341Z: [    1.661957] TCP established hash table entries: 8192 (order: 4, 65536 bytes)
[STDERR  ] 2017-08-31T18:38:24.209394475Z: [    7.178643] IPVS: Connection hash table configured (size=4096, memory=64Kbytes)
[STDOUT  ] 2017-08-31T18:38:24.209400215Z: [    1.662627] TCP bind hash table entries: 8192 (order: 5, 131072 bytes)
[STDERR  ] 2017-08-31T18:38:24.209405295Z: [    7.180509] IPVS: Creating netns size=2104 id=0
[STDOUT  ] 2017-08-31T18:38:24.209413229Z: [    1.663228] TCP: Hash tables configured (established 8192 bind 8192)
[STDERR  ] 2017-08-31T18:38:24.209416162Z: [    7.183532] IPVS: ipvs loaded.
[STDERR  ] 2017-08-31T18:38:24.20942731Z: [    7.183833] IPVS: [rr] scheduler registered.
[STDOUT  ] 2017-08-31T18:38:24.209424868Z: [    1.665046] UDP hash table entries: 512 (order: 2, 16384 bytes)
[STDOUT  ] 2017-08-31T18:38:24.209435896Z: [    1.665536] UDP-Lite hash table entries: 512 (order: 2, 16384 bytes)
[STDERR  ] 2017-08-31T18:38:24.209438515Z: [    7.184115] IPVS: [wrr] scheduler registered.
[STDOUT  ] 2017-08-31T18:38:24.209447348Z: [    1.667684] NET: Registered protocol family 1
[STDERR  ] 2017-08-31T18:38:24.2094494Z: [    7.184367] IPVS: [lc] scheduler registered.
[STDOUT  ] 2017-08-31T18:38:24.209458416Z: [    1.669022] pci 0000:00:01.0: Video device with shadowed ROM at [mem 0x000c0000-0x000dffff]
[STDERR  ] 2017-08-31T18:38:24.209460612Z: [    7.184616] IPVS: [wlc] scheduler registered.
[STDERR  ] 2017-08-31T18:38:24.209471875Z: [    7.184921] IPVS: [fo] scheduler registered.
[STDOUT  ] 2017-08-31T18:38:24.209472368Z: [    1.676150] Unpacking initramfs...
[STDERR  ] 2017-08-31T18:38:24.20948308Z: [    7.185178] IPVS: [ovf] scheduler registered.
[STDOUT  ] 2017-08-31T18:38:24.209484585Z: [    6.769694] Freeing initrd memory: 26392K
[STDOUT  ] 2017-08-31T18:38:24.209495875Z: [    6.792627] PCLMULQDQ-NI instructions are not detected.
[STDERR  ] 2017-08-31T18:38:24.20949413Z: [    7.185536] IPVS: [lblc] scheduler registered.
[STDERR  ] 2017-08-31T18:38:24.209505122Z: [    7.185889] IPVS: [lblcr] scheduler registered.
[STDOUT  ] 2017-08-31T18:38:24.209507008Z: [    6.793678] AVX or AES-NI instructions are not detected.
[STDOUT  ] 2017-08-31T18:38:24.20951809Z: [    6.794052] CPU feature 'AVX registers' is not supported.
[STDERR  ] 2017-08-31T18:38:24.209520498Z: [    7.186168] IPVS: [dh] scheduler registered.
[STDOUT  ] 2017-08-31T18:38:24.209529761Z: [    6.794400] CPU feature 'AVX registers' is not supported.
[STDERR  ] 2017-08-31T18:38:24.209531413Z: [    7.186420] IPVS: [sh] scheduler registered.
[STDOUT  ] 2017-08-31T18:38:24.209540958Z: [    6.794753] CPU feature 'AVX registers' is not supported.
[STDERR  ] 2017-08-31T18:38:24.209542531Z: [    7.186670] IPVS: [sed] scheduler registered.
[STDOUT  ] 2017-08-31T18:38:24.209552153Z: [    6.795094] CPU feature 'AVX registers' is not supported.
[STDERR  ] 2017-08-31T18:38:24.209553646Z: [    7.186929] IPVS: [nq] scheduler registered.
[STDOUT  ] 2017-08-31T18:38:24.209563147Z: [    6.795432] AVX2 or AES-NI instructions are not detected.
[STDERR  ] 2017-08-31T18:38:24.20956457Z: [    7.187603] IPVS: ftp: loaded support on port[0] = 21
[STDOUT  ] 2017-08-31T18:38:24.20957417Z: [    6.795771] AVX2 instructions are not detected.
[STDERR  ] 2017-08-31T18:38:24.209580313Z: [    7.188448] ipip: IPv4 and MPLS over IPv4 tunneling driver
[STDOUT  ] 2017-08-31T18:38:24.209590745Z: [    6.802031] audit: initializing netlink subsys (disabled)
[STDERR  ] 2017-08-31T18:38:24.209590994Z: [    7.192837] gre: GRE over IPv4 demultiplexor driver
[STDOUT  ] 2017-08-31T18:38:24.209602129Z: [    6.803527] audit: type=2000 audit(1504204677.800:1): initialized
[STDERR  ] 2017-08-31T18:38:24.209603521Z: [    7.195513] ip_tables: (C) 2000-2006 Netfilter Core Team
[STDOUT  ] 2017-08-31T18:38:24.209616903Z: [    6.810652] workingset: timestamp_bits=46 max_order=18 bucket_order=0
[STDERR  ] 2017-08-31T18:38:24.209618995Z: [    7.198576] ipt_CLUSTERIP: ClusterIP Version 0.8 loaded successfully
[STDOUT  ] 2017-08-31T18:38:24.20962848Z: [    6.816543] FS-Cache: Netfs 'cifs' registered for caching
[STDERR  ] 2017-08-31T18:38:24.209630596Z: [    7.199193] arp_tables: arp_tables: (C) 2002 David S. Miller
[STDERR  ] 2017-08-31T18:38:24.209641572Z: [    7.201786] NET: Registered protocol family 10
[STDOUT  ] 2017-08-31T18:38:24.209639598Z: [    6.817482] fuse init (API version 7.26)
[STDOUT  ] 2017-08-31T18:38:24.209650697Z: [    6.819605] SGI XFS with ACLs, security attributes, no debug enabled
[STDERR  ] 2017-08-31T18:38:24.20965282Z: [    7.211095] ip6_tables: (C) 2000-2006 Netfilter Core Team
[STDERR  ] 2017-08-31T18:38:24.209663862Z: [    7.219213] NET: Registered protocol family 17
[STDOUT  ] 2017-08-31T18:38:24.209662228Z: [    6.823886] 9p: Installing v9fs 9p2000 file system support
[STDOUT  ] 2017-08-31T18:38:24.20967791Z: [    6.824326] FS-Cache: Netfs '9p' registered for caching
[STDERR  ] 2017-08-31T18:38:24.20967549Z: [    7.220458] Bridge firewalling registered
[STDERR  ] 2017-08-31T18:38:24.209686918Z: [    7.220918] Ebtables v2.0 registered
[STDOUT  ] 2017-08-31T18:38:24.209688973Z: [    6.858609] NET: Registered protocol family 38
[STDERR  ] 2017-08-31T18:38:24.209698086Z: [    7.222666] 8021q: 802.1Q VLAN Support v1.8
[STDOUT  ] 2017-08-31T18:38:24.209699983Z: [    6.859113] Key type asymmetric registered
[STDERR  ] 2017-08-31T18:38:24.209709036Z: [    7.223998] 9pnet: Installing 9P2000 support
[STDOUT  ] 2017-08-31T18:38:24.209711015Z: [    6.859408] Asymmetric key parser 'x509' registered
[STDERR  ] 2017-08-31T18:38:24.209722945Z: [    7.225328] Key type dns_resolver registered
[STDOUT  ] 2017-08-31T18:38:24.2097221Z: [    6.860932] Block layer SCSI generic (bsg) driver version 0.4 loaded (major 251)
[STDERR  ] 2017-08-31T18:38:24.209733777Z: [    7.226141] microcode: AMD CPU family 0x6 not supported
[STDOUT  ] 2017-08-31T18:38:24.209736083Z: [    6.862081] io scheduler noop registered
[STDOUT  ] 2017-08-31T18:38:24.209747119Z: [    6.862360] io scheduler deadline registered (default)
[STDERR  ] 2017-08-31T18:38:24.209744877Z: [    7.229685] registered taskstats version 1
[STDERR  ] 2017-08-31T18:38:24.209760485Z: [    7.389081] Key type big_key registered
[STDOUT  ] 2017-08-31T18:38:24.209758442Z: [    6.862872] io scheduler cfq registered
[STDERR  ] 2017-08-31T18:38:24.209771838Z: [    7.435019] ata2: SATA link down (SStatus 0 SControl 300)
[STDOUT  ] 2017-08-31T18:38:24.209773268Z: [    6.865329] pci_hotplug: PCI Hot Plug PCI Core version: 0.5
[STDOUT  ] 2017-08-31T18:38:24.209784184Z: [    6.865856] pciehp: PCI Express Hot Plug Controller Driver version: 0.4
[STDERR  ] 2017-08-31T18:38:24.20978292Z: [    7.436817] ata1: SATA link down (SStatus 0 SControl 300)
[STDOUT  ] 2017-08-31T18:38:24.209795757Z: [    6.866573] shpchp: Standard Hot Plug PCI Controller Driver version: 0.4
[STDERR  ] 2017-08-31T18:38:24.209793701Z: [    7.444786] ata5: SATA link down (SStatus 0 SControl 300)
[STDERR  ] 2017-08-31T18:38:24.209804752Z: [    7.445241] ata4: SATA link down (SStatus 0 SControl 300)
[STDOUT  ] 2017-08-31T18:38:24.209807335Z: [    6.867317] hv_vmbus: registering driver hyperv_fb
[STDERR  ] 2017-08-31T18:38:24.209815799Z: [    7.445904] ata3: SATA link up 1.5 Gbps (SStatus 113 SControl 300)
[STDOUT  ] 2017-08-31T18:38:24.20981841Z: [    6.871398] input: Power Button as /devices/LNXSYSTM:00/LNXPWRBN:00/input/input0
[STDOUT  ] 2017-08-31T18:38:24.209830593Z: [    6.872377] ACPI: Power Button [PWRF]
[STDERR  ] 2017-08-31T18:38:24.209827532Z: [    7.450770] ata3.00: ATAPI: QEMU DVD-ROM, 2.5+, max UDMA/100
[STDOUT  ] 2017-08-31T18:38:24.209841901Z: [    6.876901] GHES: HEST is not enabled!
[STDERR  ] 2017-08-31T18:38:24.209838839Z: [    7.451168] ata3.00: applying bridge limits
[STDERR  ] 2017-08-31T18:38:24.209854192Z: [    7.453541] ata6: SATA link down (SStatus 0 SControl 300)
[STDOUT  ] 2017-08-31T18:38:24.209857846Z: [    6.888776] ACPI: PCI Interrupt Link [GSIG] enabled at IRQ 22
[STDERR  ] 2017-08-31T18:38:24.209865833Z: [    7.457587] ata3.00: configured for UDMA/100
[STDOUT  ] 2017-08-31T18:38:24.209869033Z: [    6.901402] ACPI: PCI Interrupt Link [GSIH] enabled at IRQ 23
[STDERR  ] 2017-08-31T18:38:24.20987685Z: [    7.470553] scsi 2:0:0:0: CD-ROM            QEMU     QEMU DVD-ROM     2.5+ PQ: 0 ANSI: 5
[STDOUT  ] 2017-08-31T18:38:24.209879925Z: [    6.905148] xenfs: not registering filesystem on non-xen platform
[STDERR  ] 2017-08-31T18:38:24.209888948Z: [    7.471850] Key type encrypted registered
[STDOUT  ] 2017-08-31T18:38:24.209890858Z: [    6.906990] Serial: 8250/16550 driver, 4 ports, IRQ sharing disabled
[STDERR  ] 2017-08-31T18:38:24.209899992Z: [    7.475673] rtc_cmos 00:00: setting system clock to 2017-08-31 18:37:59 UTC (1504204679)
[STDOUT  ] 2017-08-31T18:38:24.20990235Z: [    6.931114] 00:04: ttyS0 at I/O 0x3f8 (irq = 4, base_baud = 115200) is a 16550A
[STDOUT  ] 2017-08-31T18:38:24.209913562Z: [    6.942232] Non-volatile memory driver v1.3
[STDERR  ] 2017-08-31T18:38:24.209911624Z: [    7.502919] sr 2:0:0:0: [sr0] scsi3-mmc drive: 4x/4x cd/rw xa/form2 tray
[STDERR  ] 2017-08-31T18:38:24.209923071Z: [    7.503492] cdrom: Uniform CD-ROM driver Revision: 3.20
[STDOUT  ] 2017-08-31T18:38:24.209924533Z: [    6.948099] Hangcheck: starting hangcheck timer 0.9.1 (tick is 180 seconds, margin is 60 seconds).
[STDERR  ] 2017-08-31T18:38:24.209933934Z: [    7.509524] sr 2:0:0:0: Attached scsi generic sg0 type 5
[STDOUT  ] 2017-08-31T18:38:24.209936378Z: [    6.953003] random: fast init done
[STDERR  ] 2017-08-31T18:38:24.209945125Z: [    7.655411] Freeing unused kernel memory: 1380K
[STDOUT  ] 2017-08-31T18:38:24.209947311Z: [    6.954037] random: crng init done
[STDERR  ] 2017-08-31T18:38:24.209956257Z: [    7.655790] Write protecting the kernel read-only data: 12288k
[STDOUT  ] 2017-08-31T18:38:24.20995842Z: [    6.987951] loop: module loaded
[STDERR  ] 2017-08-31T18:38:24.209969009Z: [    7.662240] Freeing unused kernel memory: 148K
[STDOUT  ] 2017-08-31T18:38:24.20996983Z: [    7.002165] nbd: registered device at major 43
[STDERR  ] 2017-08-31T18:38:24.209980181Z: [    7.787023] Freeing unused kernel memory: 1400K
[STDOUT  ] 2017-08-31T18:38:24.209981973Z: [    7.043880] lpc_ich 0000:00:1f.0: I/O space for GPIO uninitialized
[STDOUT  ] 2017-08-31T18:38:24.209993889Z: [    7.045528] VMware PVSCSI driver - version 1.0.7.0-k
[STDERR  ] 2017-08-31T18:38:24.209994929Z: [    7.840801] tsc: Refined TSC clocksource calibration: 2300.038 MHz
[STDOUT  ] 2017-08-31T18:38:24.210008989Z: [    7.046190] hv_vmbus: registering driver hv_storvsc
[STDERR  ] 2017-08-31T18:38:24.210010792Z: [    7.841244] clocksource: tsc: mask: 0xffffffffffffffff max_cycles: 0x212759179c6, max_idle_ns: 440795240051 ns
[STDOUT  ] 2017-08-31T18:38:24.210019936Z: [    7.056288] ACPI: PCI Interrupt Link [GSIA] enabled at IRQ 16
[STDERR  ] 2017-08-31T18:38:24.210022074Z: [    8.854653] clocksource: Switched to clocksource tsc
[STDOUT  ] 2017-08-31T18:38:24.210031043Z: [    7.062616] ahci 0000:00:1f.2: AHCI 0001.0000 32 slots 6 ports 1.5 Gbps 0x3f impl SATA mode
[STDERR  ] 2017-08-31T18:38:24.210033003Z: 
[STDOUT  ] 2017-08-31T18:38:24.210042727Z: [    7.063210] ahci 0000:00:1f.2: flags: 64bit ncq only 
[STDERR  ] 2017-08-31T18:38:24.210044419Z: Welcome to LinuxKit
[STDOUT  ] 2017-08-31T18:38:24.210053856Z: [    7.084981] scsi host0: ahci
[STDERR  ] 2017-08-31T18:38:24.210055468Z: 
[STDOUT  ] 2017-08-31T18:38:24.2100662Z: [    7.088605] scsi host1: ahci
[STDERR  ] 2017-08-31T18:38:24.210067759Z:                         ##         .
[STDOUT  ] 2017-08-31T18:38:24.210077382Z: [    7.090885] scsi host2: ahci
[STDERR  ] 2017-08-31T18:38:24.21007868Z:                   ## ## ##        ==
[STDOUT  ] 2017-08-31T18:38:24.210088678Z: [    7.093004] scsi host3: ahci
[STDERR  ] 2017-08-31T18:38:24.210090731Z:                ## ## ## ## ##    ===
[STDOUT  ] 2017-08-31T18:38:24.210099586Z: [    7.095184] scsi host4: ahci
[STDOUT  ] 2017-08-31T18:38:24.210110597Z: [    7.097228] scsi host5: ahci
[STDERR  ] 2017-08-31T18:38:24.210107403Z:            /"""""""""""""""""\___/ ===
[STDERR  ] 2017-08-31T18:38:24.210118843Z:           {                       /  ===-
[STDOUT  ] 2017-08-31T18:38:24.210122088Z: [    7.098958] ata1: SATA max UDMA/133 abar m4096@0xfebd2000 port 0xfebd2100 irq 24
[STDERR  ] 2017-08-31T18:38:24.210129977Z:            \______ O           __/
[STDOUT  ] 2017-08-31T18:38:24.210133663Z: [    7.099427] ata2: SATA max UDMA/133 abar m4096@0xfebd2000 port 0xfebd2180 irq 24
[STDOUT  ] 2017-08-31T18:38:24.210144832Z: [    7.099836] ata3: SATA max UDMA/133 abar m4096@0xfebd2000 port 0xfebd2200 irq 24
[STDERR  ] 2017-08-31T18:38:24.21014168Z:              \    \         __/
[STDOUT  ] 2017-08-31T18:38:24.210155977Z: [    7.100416] ata4: SATA max UDMA/133 abar m4096@0xfebd2000 port 0xfebd2280 irq 24
[STDERR  ] 2017-08-31T18:38:24.210153288Z:               \____\_______/
[STDERR  ] 2017-08-31T18:38:24.210164522Z: 
[STDOUT  ] 2017-08-31T18:38:24.210166928Z: [    7.100834] ata5: SATA max UDMA/133 abar m4096@0xfebd2000 port 0xfebd2300 irq 24
[STDERR  ] 2017-08-31T18:38:24.210175252Z: [   16.534409] IPVS: Creating netns size=2104 id=1
[STDOUT  ] 2017-08-31T18:38:24.210180014Z: [    7.101227] ata6: SATA max UDMA/133 abar m4096@0xfebd2000 port 0xfebd2380 irq 24
[STDERR  ] 2017-08-31T18:38:24.210187665Z: [   16.534866] IPVS: ftp: loaded support on port[0] = 21
[STDOUT  ] 2017-08-31T18:38:24.210190795Z: [    7.114385] tun: Universal TUN/TAP device driver, 1.6
[STDERR  ] 2017-08-31T18:38:24.210198773Z: binfmt test suite PASSED
[STDOUT  ] 2017-08-31T18:38:24.210201895Z: [    7.114724] tun: (C) 1999-2004 Max Krasnyansky <maxk@qualcomm.com>
[STDERR  ] 2017-08-31T18:38:24.210210196Z: [   31.836197] ACPI: Preparing to enter system sleep state S5
[STDOUT  ] 2017-08-31T18:38:24.210213253Z: [    7.124991] VMware vmxnet3 virtual NIC driver - version 1.4.a.0-k-NAPI
[STDOUT  ] 2017-08-31T18:38:24.210224762Z: [    7.125745] hv_vmbus: registering driver hv_netvsc
[STDERR  ] 2017-08-31T18:38:24.210227185Z: [   31.837348] reboot: Power down
[STDERR  ] 2017-08-31T18:38:24.210239049Z: + echo [    0.000000] Linux version 4.9.46-linuxkit (root@e1ede117fb1e) (gcc version 6.3.0 (Alpine 6.3.0) ) #1 SMP Wed Aug 30 17:34:07 UTC 2017
[STDOUT  ] 2017-08-31T18:38:24.210235828Z: [    7.126052] Fusion MPT base driver 3.04.20
[STDERR  ] 2017-08-31T18:38:24.210250915Z: [    0.000000] Command line: console=ttyS0 page_poison=1
[STDOUT  ] 2017-08-31T18:38:24.210250856Z: [    7.126296] Copyright (c) 1999-2008 LSI Corporation
[STDERR  ] 2017-08-31T18:38:24.2102651Z: [    0.000000] x86/fpu: Legacy x87 FPU detected.
[STDOUT  ] 2017-08-31T18:38:24.210266929Z: [    7.126786] Fusion MPT SPI Host driver 3.04.20
[STDERR  ] 2017-08-31T18:38:24.210276297Z: [    0.000000] x86/fpu: Using 'eager' FPU context switches.
[STDOUT  ] 2017-08-31T18:38:24.210278037Z: [    7.128707] i8042: PNP: PS/2 Controller [PNP0303:KBD,PNP0f13:MOU] at 0x60,0x64 irq 1,12
[STDOUT  ] 2017-08-31T18:38:24.210289807Z: [    7.132793] serio: i8042 KBD port at 0x60,0x64 irq 1
[STDERR  ] 2017-08-31T18:38:24.210287222Z: [    0.000000] e820: BIOS-provided physical RAM map:
[STDERR  ] 2017-08-31T18:38:24.210298004Z: [    0.000000] BIOS-e820: [mem 0x0000000000000000-0x000000000009fbff] usable
[STDOUT  ] 2017-08-31T18:38:24.210308705Z: [    7.133316] serio: i8042 AUX port at 0x60,0x64 irq 12
[STDERR  ] 2017-08-31T18:38:24.210312083Z: [    0.000000] BIOS-e820: [mem 0x000000000009fc00-0x000000000009ffff] reserved
[STDOUT  ] 2017-08-31T18:38:24.210320248Z: [    7.136281] hv_vmbus: registering driver hyperv_keyboard
[STDERR  ] 2017-08-31T18:38:24.210323747Z: [    0.000000] BIOS-e820: [mem 0x00000000000f0000-0x00000000000fffff] reserved
[STDOUT  ] 2017-08-31T18:38:24.210335029Z: [    7.138366] mousedev: PS/2 mouse device common for all mice
[STDERR  ] 2017-08-31T18:38:24.210336523Z: [    0.000000] BIOS-e820: [mem 0x0000000000100000-0x000000003ffdefff] usable
[STDOUT  ] 2017-08-31T18:38:24.210346134Z: [    7.143309] input: AT Translated Set 2 keyboard as /devices/platform/i8042/serio0/input/input1
[STDERR  ] 2017-08-31T18:38:24.210351433Z: [    0.000000] BIOS-e820: [mem 0x000000003ffdf000-0x000000003fffffff] reserved
[STDOUT  ] 2017-08-31T18:38:24.210357713Z: [    7.145946] input: PC Speaker as /devices/platform/pcspkr/input/input2
[STDERR  ] 2017-08-31T18:38:24.21036576Z: [    0.000000] BIOS-e820: [mem 0x00000000b0000000-0x00000000bfffffff] reserved
[STDOUT  ] 2017-08-31T18:38:24.210371775Z: [    7.149222] rtc_cmos 00:00: RTC can wake from S4
[STDERR  ] 2017-08-31T18:38:24.210377253Z: [    0.000000] BIOS-e820: [mem 0x00000000fed1c000-0x00000000fed1ffff] reserved
[STDOUT  ] 2017-08-31T18:38:24.210383502Z: [    7.152579] rtc_cmos 00:00: rtc core: registered rtc_cmos as rtc0
[STDERR  ] 2017-08-31T18:38:24.210389168Z: [    0.000000] BIOS-e820: [mem 0x00000000fffc0000-0x00000000ffffffff] reserved
[STDOUT  ] 2017-08-31T18:38:24.210396703Z: [    7.153613] rtc_cmos 00:00: alarms up to one day, y3k, 114 bytes nvram, hpet irqs
[STDERR  ] 2017-08-31T18:38:24.210400037Z: [    0.000000] NX (Execute Disable) protection: active
[STDOUT  ] 2017-08-31T18:38:24.210408112Z: [    7.154221] i2c /dev entries driver
[STDERR  ] 2017-08-31T18:38:24.21041115Z: [    0.000000] SMBIOS 2.8 present.
[STDOUT  ] 2017-08-31T18:38:24.210419117Z: [    7.155956] device-mapper: ioctl: 4.35.0-ioctl (2016-06-23) initialised: dm-devel@redhat.com
[STDERR  ] 2017-08-31T18:38:24.210422842Z: [    0.000000] e820: last_pfn = 0x3ffdf max_arch_pfn = 0x400000000
[STDOUT  ] 2017-08-31T18:38:24.210430709Z: [    7.160702] usbcore: registered new interface driver usbhid
[STDERR  ] 2017-08-31T18:38:24.210433945Z: [    0.000000] x86/PAT: Configuration [0-7]: WB  WC  UC- UC  WB  WC  UC- WT  
[STDOUT  ] 2017-08-31T18:38:24.210441469Z: [    7.161008] usbhid: USB HID core driver
[STDERR  ] 2017-08-31T18:38:24.210450455Z: [    0.000000] found SMP MP-table at [mem 0x000f6aa0-0x000f6aaf] mapped at [ffff9d7f400f6aa0]
[STDOUT  ] 2017-08-31T18:38:24.21045268Z: [    7.161473] hv_utils: Registering HyperV Utility Driver
[STDERR  ] 2017-08-31T18:38:24.210462286Z: [    0.000000] RAMDISK: [mem 0x3e60a000-0x3ffcffff]
[STDERR  ] 2017-08-31T18:38:24.210473712Z: [    0.000000] ACPI: Early table checksum verification disabled
[STDOUT  ] 2017-08-31T18:38:24.210464004Z: [    7.161732] hv_vmbus: registering driver hv_util
[STDOUT  ] 2017-08-31T18:38:24.210481547Z: [    7.161959] hv_vmbus: registering driver hv_balloon
[STDERR  ] 2017-08-31T18:38:24.210484765Z: [    0.000000] ACPI: RSDP 0x00000000000F68C0 000014 (v00 BOCHS )
[STDERR  ] 2017-08-31T18:38:24.210499739Z: [    0.000000] ACPI: RSDT 0x000000003FFE2404 000034 (v01 BOCHS  BXPCRSDT 00000001 BXPC 00000001)
[STDOUT  ] 2017-08-31T18:38:24.210496328Z: [    7.162352] oprofile: using NMI interrupt.
[STDOUT  ] 2017-08-31T18:38:24.210507806Z: [    7.163232] GACT probability on
[STDERR  ] 2017-08-31T18:38:24.210513372Z: [    0.000000] ACPI: FACP 0x000000003FFE22A4 000074 (v01 BOCHS  BXPCFACP 00000001 BXPC 00000001)
[STDOUT  ] 2017-08-31T18:38:24.210519789Z: [    7.163626] Mirror/redirect action on
[STDOUT  ] 2017-08-31T18:38:24.21053122Z: [    7.164350] Simple TC action Loaded
[STDERR  ] 2017-08-31T18:38:24.210525156Z: [    0.000000] ACPI: DSDT 0x000000003FFE0040 002264 (v01 BOCHS  BXPCDSDT 00000001 BXPC 00000001)
[STDERR  ] 2017-08-31T18:38:24.21053898Z: [    0.000000] ACPI: FACS 0x000000003FFE0000 000040
[STDOUT  ] 2017-08-31T18:38:24.210542208Z: [    7.164802] u32 classifier
[STDERR  ] 2017-08-31T18:38:24.210552887Z: [    0.000000] ACPI: APIC 0x000000003FFE2318 000078 (v01 BOCHS  BXPCAPIC 00000001 BXPC 00000001)
[STDOUT  ] 2017-08-31T18:38:24.210553735Z: [    7.164957]     Performance counters on
[STDERR  ] 2017-08-31T18:38:24.210564194Z: [    0.000000] ACPI: HPET 0x000000003FFE2390 000038 (v01 BOCHS  BXPCHPET 00000001 BXPC 00000001)
[STDOUT  ] 2017-08-31T18:38:24.210565824Z: [    7.165146]     input device check on
[STDERR  ] 2017-08-31T18:38:24.210575486Z: [    0.000000] ACPI: MCFG 0x000000003FFE23C8 00003C (v01 BOCHS  BXPCMCFG 00000001 BXPC 00000001)
[STDOUT  ] 2017-08-31T18:38:24.210577428Z: [    7.165326]     Actions configured
[STDOUT  ] 2017-08-31T18:38:24.210588254Z: [    7.165779] Netfilter messages via NETLINK v0.30.
[STDERR  ] 2017-08-31T18:38:24.210590318Z: [    0.000000] Zone ranges:
[STDOUT  ] 2017-08-31T18:38:24.210599344Z: [    7.166197] nfnl_acct: registering with nfnetlink.
[STDERR  ] 2017-08-31T18:38:24.21060182Z: [    0.000000]   DMA      [mem 0x0000000000001000-0x0000000000ffffff]
[STDERR  ] 2017-08-31T18:38:24.210613272Z: [    0.000000]   DMA32    [mem 0x0000000001000000-0x000000003ffdefff]
[STDOUT  ] 2017-08-31T18:38:24.210610382Z: [    7.167349] nf_conntrack version 0.5.0 (8192 buckets, 32768 max)
[STDOUT  ] 2017-08-31T18:38:24.2106215Z: [    7.170951] ctnetlink v0.93: registering with nfnetlink.
[STDERR  ] 2017-08-31T18:38:24.210624545Z: [    0.000000]   Normal   empty
[STDOUT  ] 2017-08-31T18:38:24.210632991Z: [    7.173954] nf_tables: (c) 2007-2009 Patrick McHardy <kaber@trash.net>
[STDERR  ] 2017-08-31T18:38:24.210640338Z: [    0.000000] Movable zone start for each node
[STDOUT  ] 2017-08-31T18:38:24.210644505Z: [    7.174684] nf_tables_compat: (c) 2012 Pablo Neira Ayuso <pablo@netfilter.org>
[STDERR  ] 2017-08-31T18:38:24.210651054Z: [    0.000000] Early memory node ranges
[STDOUT  ] 2017-08-31T18:38:24.210656856Z: [    7.177104] xt_time: kernel timezone is -0000
[STDERR  ] 2017-08-31T18:38:24.210662136Z: [    0.000000]   node   0: [mem 0x0000000000001000-0x000000000009efff]
[STDOUT  ] 2017-08-31T18:38:24.210668227Z: [    7.177573] ip_set: protocol 6
[STDERR  ] 2017-08-31T18:38:24.210673036Z: [    0.000000]   node   0: [mem 0x0000000000100000-0x000000003ffdefff]
[STDOUT  ] 2017-08-31T18:38:24.210681914Z: [    7.178140] IPVS: Registered protocols (TCP, UDP, SCTP, AH, ESP)
[STDERR  ] 2017-08-31T18:38:24.210683911Z: [    0.000000] Initmem setup node 0 [mem 0x0000000000001000-0x000000003ffdefff]
[STDOUT  ] 2017-08-31T18:38:24.210693127Z: [    7.178643] IPVS: Connection hash table configured (size=4096, memory=64Kbytes)
[STDERR  ] 2017-08-31T18:38:24.210694862Z: [    0.000000] ACPI: PM-Timer IO Port: 0x608
[STDOUT  ] 2017-08-31T18:38:24.210704849Z: [    7.180509] IPVS: Creating netns size=2104 id=0
[STDERR  ] 2017-08-31T18:38:24.210706643Z: [    0.000000] ACPI: LAPIC_NMI (acpi_id[0xff] dfl dfl lint[0x1])
[STDOUT  ] 2017-08-31T18:38:24.210716341Z: [    7.183532] IPVS: ipvs loaded.
[STDERR  ] 2017-08-31T18:38:24.210717669Z: [    0.000000] IOAPIC[0]: apic_id 0, version 32, address 0xfec00000, GSI 0-23
[STDERR  ] 2017-08-31T18:38:24.210730161Z: [    0.000000] ACPI: INT_SRC_OVR (bus 0 bus_irq 0 global_irq 2 dfl dfl)
[STDOUT  ] 2017-08-31T18:38:24.210731606Z: [    7.183833] IPVS: [rr] scheduler registered.
[STDERR  ] 2017-08-31T18:38:24.210741586Z: [    0.000000] ACPI: INT_SRC_OVR (bus 0 bus_irq 5 global_irq 5 high level)
[STDOUT  ] 2017-08-31T18:38:24.210743271Z: [    7.184115] IPVS: [wrr] scheduler registered.
[STDERR  ] 2017-08-31T18:38:24.210752674Z: [    0.000000] ACPI: INT_SRC_OVR (bus 0 bus_irq 9 global_irq 9 high level)
[STDOUT  ] 2017-08-31T18:38:24.21075437Z: [    7.184367] IPVS: [lc] scheduler registered.
[STDERR  ] 2017-08-31T18:38:24.21076347Z: [    0.000000] ACPI: INT_SRC_OVR (bus 0 bus_irq 10 global_irq 10 high level)
[STDOUT  ] 2017-08-31T18:38:24.210765264Z: [    7.184616] IPVS: [wlc] scheduler registered.
[STDOUT  ] 2017-08-31T18:38:24.210776711Z: [    7.184921] IPVS: [fo] scheduler registered.
[STDERR  ] 2017-08-31T18:38:24.210774784Z: [    0.000000] ACPI: INT_SRC_OVR (bus 0 bus_irq 11 global_irq 11 high level)
[STDERR  ] 2017-08-31T18:38:24.210785975Z: [    0.000000] Using ACPI (MADT) for SMP configuration information
[STDOUT  ] 2017-08-31T18:38:24.210787792Z: [    7.185178] IPVS: [ovf] scheduler registered.
[STDERR  ] 2017-08-31T18:38:24.21079717Z: [    0.000000] ACPI: HPET id: 0x8086a201 base: 0xfed00000
[STDOUT  ] 2017-08-31T18:38:24.210804909Z: [    7.185536] IPVS: [lblc] scheduler registered.
[STDERR  ] 2017-08-31T18:38:24.210808106Z: [    0.000000] smpboot: Allowing 1 CPUs, 0 hotplug CPUs
[STDOUT  ] 2017-08-31T18:38:24.210816012Z: [    7.185889] IPVS: [lblcr] scheduler registered.
[STDERR  ] 2017-08-31T18:38:24.210822471Z: [    0.000000] e820: [mem 0x40000000-0xafffffff] available for PCI devices
[STDOUT  ] 2017-08-31T18:38:24.210827097Z: [    7.186168] IPVS: [dh] scheduler registered.
[STDERR  ] 2017-08-31T18:38:24.210834686Z: [    0.000000] Booting paravirtualized kernel on bare hardware
[STDOUT  ] 2017-08-31T18:38:24.21083788Z: [    7.186420] IPVS: [sh] scheduler registered.
[STDERR  ] 2017-08-31T18:38:24.210845651Z: [    0.000000] clocksource: refined-jiffies: mask: 0xffffffff max_cycles: 0xffffffff, max_idle_ns: 19112604462750000 ns
[STDOUT  ] 2017-08-31T18:38:24.21084881Z: [    7.186670] IPVS: [sed] scheduler registered.
[STDERR  ] 2017-08-31T18:38:24.21085782Z: [    0.000000] setup_percpu: NR_CPUS:128 nr_cpumask_bits:128 nr_cpu_ids:1 nr_node_ids:1
[STDOUT  ] 2017-08-31T18:38:24.210859614Z: [    7.186929] IPVS: [nq] scheduler registered.
[STDOUT  ] 2017-08-31T18:38:24.21087023Z: [    7.187603] IPVS: ftp: loaded support on port[0] = 21
[STDERR  ] 2017-08-31T18:38:24.210869562Z: [    0.000000] percpu: Embedded 35 pages/cpu @ffff9d7f7e400000 s105240 r8192 d29928 u2097152
[STDOUT  ] 2017-08-31T18:38:24.210881931Z: [    7.188448] ipip: IPv4 and MPLS over IPv4 tunneling driver
[STDERR  ] 2017-08-31T18:38:24.210883646Z: [    0.000000] Built 1 zonelists in Zone order, mobility grouping on.  Total pages: 257896
[STDOUT  ] 2017-08-31T18:38:24.210892926Z: [    7.192837] gre: GRE over IPv4 demultiplexor driver
[STDERR  ] 2017-08-31T18:38:24.210894804Z: [    0.000000] Kernel command line: console=ttyS0 page_poison=1
[STDOUT  ] 2017-08-31T18:38:24.21090412Z: [    7.195513] ip_tables: (C) 2000-2006 Netfilter Core Team
[STDERR  ] 2017-08-31T18:38:24.210905817Z: [    0.000000] PID hash table entries: 4096 (order: 3, 32768 bytes)
[STDOUT  ] 2017-08-31T18:38:24.210915378Z: [    7.198576] ipt_CLUSTERIP: ClusterIP Version 0.8 loaded successfully
[STDERR  ] 2017-08-31T18:38:24.210917028Z: [    0.000000] Dentry cache hash table entries: 131072 (order: 8, 1048576 bytes)
[STDOUT  ] 2017-08-31T18:38:24.210926883Z: [    7.199193] arp_tables: arp_tables: (C) 2002 David S. Miller
[STDERR  ] 2017-08-31T18:38:24.210930345Z: [    0.000000] Inode-cache hash table entries: 65536 (order: 7, 524288 bytes)
[STDOUT  ] 2017-08-31T18:38:24.210937611Z: [    7.201786] NET: Registered protocol family 10
[STDERR  ] 2017-08-31T18:38:24.210941542Z: [    0.000000] Memory: 987780K/1048052K available (8030K kernel code, 1366K rwdata, 2696K rodata, 1380K init, 568K bss, 60272K reserved, 0K cma-reserved)
[STDOUT  ] 2017-08-31T18:38:24.210948355Z: [    7.211095] ip6_tables: (C) 2000-2006 Netfilter Core Team
[STDOUT  ] 2017-08-31T18:38:24.210959411Z: [    7.219213] NET: Registered protocol family 17
[STDERR  ] 2017-08-31T18:38:24.210956258Z: [    0.000000] Hierarchical RCU implementation.
[STDOUT  ] 2017-08-31T18:38:24.210970605Z: [    7.220458] Bridge firewalling registered
[STDERR  ] 2017-08-31T18:38:24.210972063Z: [    0.000000] 	Build-time adjustment of leaf fanout to 64.
[STDOUT  ] 2017-08-31T18:38:24.210981889Z: [    7.220918] Ebtables v2.0 registered
[STDERR  ] 2017-08-31T18:38:24.210983616Z: [    0.000000] 	RCU restricting CPUs from NR_CPUS=128 to nr_cpu_ids=1.
[STDOUT  ] 2017-08-31T18:38:24.210992817Z: [    7.222666] 8021q: 802.1Q VLAN Support v1.8
[STDERR  ] 2017-08-31T18:38:24.210994531Z: [    0.000000] RCU: Adjusting geometry for rcu_fanout_leaf=64, nr_cpu_ids=1
[STDOUT  ] 2017-08-31T18:38:24.211003872Z: [    7.223998] 9pnet: Installing 9P2000 support
[STDERR  ] 2017-08-31T18:38:24.211005523Z: [    0.000000] NR_IRQS:8448 nr_irqs:256 16
[STDOUT  ] 2017-08-31T18:38:24.211015043Z: [    7.225328] Key type dns_resolver registered
[STDERR  ] 2017-08-31T18:38:24.211016541Z: [    0.000000] Console: colour VGA+ 80x25
[STDOUT  ] 2017-08-31T18:38:24.211027265Z: [    7.226141] microcode: AMD CPU family 0x6 not supported
[STDERR  ] 2017-08-31T18:38:24.211027349Z: [    0.000000] console [ttyS0] enabled
[STDOUT  ] 2017-08-31T18:38:24.211038215Z: [    7.229685] registered taskstats version 1
[STDERR  ] 2017-08-31T18:38:24.211043387Z: [    0.000000] allocated 2097152 bytes of page_ext
[STDOUT  ] 2017-08-31T18:38:24.211049118Z: [    7.389081] Key type big_key registered
[STDERR  ] 2017-08-31T18:38:24.211054217Z: [    0.000000] clocksource: hpet: mask: 0xffffffff max_cycles: 0xffffffff, max_idle_ns: 19112604467 ns
[STDOUT  ] 2017-08-31T18:38:24.211060038Z: [    7.435019] ata2: SATA link down (SStatus 0 SControl 300)
[STDERR  ] 2017-08-31T18:38:24.211065307Z: [    0.000000] tsc: Fast TSC calibration failed
[STDOUT  ] 2017-08-31T18:38:24.21107531Z: [    7.436817] ata1: SATA link down (SStatus 0 SControl 300)
[STDERR  ] 2017-08-31T18:38:24.211076335Z: [    0.000000] tsc: Unable to calibrate against PIT
[STDERR  ] 2017-08-31T18:38:24.2110875Z: [    0.000000] tsc: using HPET reference calibration
[STDOUT  ] 2017-08-31T18:38:24.211091271Z: [    7.444786] ata5: SATA link down (SStatus 0 SControl 300)
[STDERR  ] 2017-08-31T18:38:24.211098834Z: [    0.000000] tsc: Detected 2300.135 MHz processor
[STDOUT  ] 2017-08-31T18:38:24.211102292Z: [    7.445241] ata4: SATA link down (SStatus 0 SControl 300)
[STDERR  ] 2017-08-31T18:38:24.211110081Z: [    0.051365] Calibrating delay loop (skipped), value calculated using timer frequency.. 4600.27 BogoMIPS (lpj=23001350)
[STDOUT  ] 2017-08-31T18:38:24.211113254Z: [    7.445904] ata3: SATA link up 1.5 Gbps (SStatus 113 SControl 300)
[STDERR  ] 2017-08-31T18:38:24.211121453Z: [    0.052437] pid_max: default: 32768 minimum: 301
[STDOUT  ] 2017-08-31T18:38:24.211124672Z: [    7.450770] ata3.00: ATAPI: QEMU DVD-ROM, 2.5+, max UDMA/100
[STDERR  ] 2017-08-31T18:38:24.211132455Z: [    0.053380] ACPI: Core revision 20160831
[STDOUT  ] 2017-08-31T18:38:24.211135594Z: [    7.451168] ata3.00: applying bridge limits
[STDERR  ] 2017-08-31T18:38:24.211143479Z: [    0.100523] ACPI: 1 ACPI AML tables successfully acquired and loaded
[STDOUT  ] 2017-08-31T18:38:24.211146722Z: [    7.453541] ata6: SATA link down (SStatus 0 SControl 300)
[STDERR  ] 2017-08-31T18:38:24.211157969Z: [    0.103758] Security Framework initialized
[STDOUT  ] 2017-08-31T18:38:24.211157969Z: [    7.457587] ata3.00: configured for UDMA/100
[STDERR  ] 2017-08-31T18:38:24.211169039Z: [    0.104091] Yama: becoming mindful.
[STDOUT  ] 2017-08-31T18:38:24.211170713Z: [    7.470553] scsi 2:0:0:0: CD-ROM            QEMU     QEMU DVD-ROM     2.5+ PQ: 0 ANSI: 5
[STDERR  ] 2017-08-31T18:38:24.211179995Z: [    0.105845] Mount-cache hash table entries: 2048 (order: 2, 16384 bytes)
[STDOUT  ] 2017-08-31T18:38:24.211183329Z: [    7.471850] Key type encrypted registered
[STDERR  ] 2017-08-31T18:38:24.2111948Z: [    0.106284] Mountpoint-cache hash table entries: 2048 (order: 2, 16384 bytes)
[STDOUT  ] 2017-08-31T18:38:24.211196512Z: [    7.475673] rtc_cmos 00:00: setting system clock to 2017-08-31 18:37:59 UTC (1504204679)
[STDERR  ] 2017-08-31T18:38:24.211205724Z: [    0.125304] Last level iTLB entries: 4KB 0, 2MB 0, 4MB 0
[STDOUT  ] 2017-08-31T18:38:24.211209243Z: [    7.502919] sr 2:0:0:0: [sr0] scsi3-mmc drive: 4x/4x cd/rw xa/form2 tray
[STDERR  ] 2017-08-31T18:38:24.211216732Z: [    0.125679] Last level dTLB entries: 4KB 0, 2MB 0, 4MB 0, 1GB 0
[STDOUT  ] 2017-08-31T18:38:24.211224147Z: [    7.503492] cdrom: Uniform CD-ROM driver Revision: 3.20
[STDOUT  ] 2017-08-31T18:38:24.211235963Z: [    7.509524] sr 2:0:0:0: Attached scsi generic sg0 type 5
[STDERR  ] 2017-08-31T18:38:24.211227439Z: [    0.478938] Freeing SMP alternatives memory: 20K
[STDOUT  ] 2017-08-31T18:38:24.21124717Z: [    7.655411] Freeing unused kernel memory: 1380K
[STDERR  ] 2017-08-31T18:38:24.211244192Z: [    0.487588] ftrace: allocating 35505 entries in 139 pages
[STDOUT  ] 2017-08-31T18:38:24.211258517Z: [    7.655790] Write protecting the kernel read-only data: 12288k
[STDERR  ] 2017-08-31T18:38:24.211262284Z: [    0.646044] smpboot: Max logical packages: 1
[STDERR  ] 2017-08-31T18:38:24.211273366Z: [    0.652424] ..TIMER: vector=0x30 apic1=0 pin1=2 apic2=-1 pin2=-1
[STDOUT  ] 2017-08-31T18:38:24.211269788Z: [    7.662240] Freeing unused kernel memory: 148K
[STDOUT  ] 2017-08-31T18:38:24.211289995Z: [    7.787023] Freeing unused kernel memory: 1400K
[STDERR  ] 2017-08-31T18:38:24.21128835Z: [    0.760000] smpboot: CPU0: AMD QEMU Virtual CPU version 2.5+ (family: 0x6, model: 0x6, stepping: 0x3)
[STDOUT  ] 2017-08-31T18:38:24.211300835Z: [    7.840801] tsc: Refined TSC clocksource calibration: 2300.038 MHz
[STDERR  ] 2017-08-31T18:38:24.211300037Z: [    0.760000] Performance Events: PMU not available due to virtualization, using software events only.
[STDERR  ] 2017-08-31T18:38:24.211311005Z: [    0.768397] NMI watchdog: disabled (cpu0): hardware events not enabled
[STDOUT  ] 2017-08-31T18:38:24.211312242Z: [    7.841244] clocksource: tsc: mask: 0xffffffffffffffff max_cycles: 0x212759179c6, max_idle_ns: 440795240051 ns
[STDOUT  ] 2017-08-31T18:38:24.211323809Z: [    8.854653] clocksource: Switched to clocksource tsc
[STDERR  ] 2017-08-31T18:38:24.211321991Z: [    0.768816] NMI watchdog: Shutting down hard lockup detector on all cpus
[STDOUT  ] 2017-08-31T18:38:24.211335085Z: 
[STDERR  ] 2017-08-31T18:38:24.211332851Z: [    0.770830] x86: Booted up 1 node, 1 CPUs
[STDERR  ] 2017-08-31T18:38:24.211343878Z: [    0.771182] smpboot: Total of 1 processors activated (4600.27 BogoMIPS)
[STDOUT  ] 2017-08-31T18:38:24.211346553Z: Welcome to LinuxKit
[STDOUT  ] 2017-08-31T18:38:24.211357515Z: 
[STDERR  ] 2017-08-31T18:38:24.211354843Z: [    0.786241] devtmpfs: initialized
[STDERR  ] 2017-08-31T18:38:24.211367082Z: [    0.790995] x86/mm: Memory block size: 128MB
[STDOUT  ] 2017-08-31T18:38:24.211370271Z:                         ##         .
[STDOUT  ] 2017-08-31T18:38:24.211381951Z:                   ## ## ##        ==
[STDERR  ] 2017-08-31T18:38:24.211378117Z: [    0.852711] clocksource: jiffies: mask: 0xffffffff max_cycles: 0xffffffff, max_idle_ns: 19112604462750000 ns
[STDERR  ] 2017-08-31T18:38:24.211389908Z: [    0.853410] futex hash table entries: 256 (order: 2, 16384 bytes)
[STDOUT  ] 2017-08-31T18:38:24.211393083Z:                ## ## ## ## ##    ===
[STDERR  ] 2017-08-31T18:38:24.21140116Z: [    0.862403] NET: Registered protocol family 16
[STDOUT  ] 2017-08-31T18:38:24.211404389Z:            /"""""""""""""""""\___/ ===
[STDOUT  ] 2017-08-31T18:38:24.211415482Z:           {                       /  ===-
[STDERR  ] 2017-08-31T18:38:24.211412319Z: [    0.871766] cpuidle: using governor ladder
[STDERR  ] 2017-08-31T18:38:24.211423498Z: [    0.872157] cpuidle: using governor menu
[STDOUT  ] 2017-08-31T18:38:24.211426601Z:            \______ O           __/
[STDERR  ] 2017-08-31T18:38:24.211434285Z: [    0.873233] ACPI: bus type PCI registered
[STDOUT  ] 2017-08-31T18:38:24.21144126Z:              \    \         __/
[STDERR  ] 2017-08-31T18:38:24.211445969Z: [    0.875948] PCI: MMCONFIG for domain 0000 [bus 00-ff] at [mem 0xb0000000-0xbfffffff] (base 0xb0000000)
[STDOUT  ] 2017-08-31T18:38:24.211453813Z:               \____\_______/
[STDERR  ] 2017-08-31T18:38:24.211457129Z: [    0.876617] PCI: MMCONFIG at [mem 0xb0000000-0xbfffffff] reserved in E820
[STDOUT  ] 2017-08-31T18:38:24.211466332Z: 
[STDERR  ] 2017-08-31T18:38:24.211468198Z: [    0.877823] PCI: Using configuration type 1 for base access
[STDOUT  ] 2017-08-31T18:38:24.21147765Z: [   16.534409] IPVS: Creating netns size=2104 id=1
[STDERR  ] 2017-08-31T18:38:24.211479397Z: [    0.934560] HugeTLB registered 2 MB page size, pre-allocated 0 pages
[STDOUT  ] 2017-08-31T18:38:24.211488573Z: [   16.534866] IPVS: ftp: loaded support on port[0] = 21
[STDERR  ] 2017-08-31T18:38:24.211490573Z: [    0.947198] ACPI: Added _OSI(Module Device)
[STDOUT  ] 2017-08-31T18:38:24.211499675Z: binfmt test suite PASSED
[STDERR  ] 2017-08-31T18:38:24.211501567Z: [    0.947490] ACPI: Added _OSI(Processor Device)
[STDOUT  ] 2017-08-31T18:38:24.211511255Z: [   31.836197] ACPI: Preparing to enter system sleep state S5
[STDERR  ] 2017-08-31T18:38:24.211516623Z: [    0.947749] ACPI: Added _OSI(3.0 _SCP Extensions)
[STDOUT  ] 2017-08-31T18:38:24.211522335Z: [   31.837348] reboot: Power down
[STDERR  ] 2017-08-31T18:38:24.211527442Z: [    0.948014] ACPI: Added _OSI(Processor Aggregator Device)
[STDERR  ] 2017-08-31T18:38:24.211538025Z: [    1.022853] ACPI: Interpreter enabled
[STDERR  ] 2017-08-31T18:38:24.211548301Z: [    1.023595] ACPI: (supports S0 S5)
[STDERR  ] 2017-08-31T18:38:24.211557988Z: [    1.023856] ACPI: Using IOAPIC for interrupt routing
[STDERR  ] 2017-08-31T18:38:24.211568872Z: [    1.025529] PCI: Using host bridge windows from ACPI; if necessary, use "pci=nocrs" and report a bug
[STDERR  ] 2017-08-31T18:38:24.211579939Z: [    1.087972] ACPI: PCI Root Bridge [PCI0] (domain 0000 [bus 00-ff])
[STDERR  ] 2017-08-31T18:38:24.211590498Z: [    1.088839] acpi PNP0A08:00: _OSC: OS supports [ExtendedConfig ASPM ClockPM Segments MSI]
[STDERR  ] 2017-08-31T18:38:24.211601186Z: [    1.094284] acpi PNP0A08:00: _OSC: OS now controls [PCIeHotplug PME PCIeCapability]
[STDERR  ] 2017-08-31T18:38:24.211612027Z: [    1.097785] PCI host bridge to bus 0000:00
[STDERR  ] 2017-08-31T18:38:24.211622262Z: [    1.098162] pci_bus 0000:00: root bus resource [io  0x0000-0x0cf7 window]
[STDERR  ] 2017-08-31T18:38:24.211632808Z: [    1.098562] pci_bus 0000:00: root bus resource [io  0x0d00-0xffff window]
[STDERR  ] 2017-08-31T18:38:24.211643187Z: [    1.098943] pci_bus 0000:00: root bus resource [mem 0x000a0000-0x000bffff window]
[STDERR  ] 2017-08-31T18:38:24.211653608Z: [    1.099357] pci_bus 0000:00: root bus resource [mem 0xc0000000-0xfebfffff window]
[STDERR  ] 2017-08-31T18:38:24.211664506Z: [    1.099891] pci_bus 0000:00: root bus resource [bus 00-ff]
[STDERR  ] 2017-08-31T18:38:24.21167483Z: [    1.207574] pci 0000:00:1f.0: quirk: [io  0x0600-0x067f] claimed by ICH6 ACPI/GPIO/TCO
[STDERR  ] 2017-08-31T18:38:24.211685982Z: [    1.267014] ACPI: PCI Interrupt Link [LNKA] (IRQs 5 *10 11)
[STDERR  ] 2017-08-31T18:38:24.211696658Z: [    1.268901] ACPI: PCI Interrupt Link [LNKB] (IRQs 5 *10 11)
[STDERR  ] 2017-08-31T18:38:24.211707592Z: [    1.270685] ACPI: PCI Interrupt Link [LNKC] (IRQs 5 10 *11)
[STDERR  ] 2017-08-31T18:38:24.211718215Z: [    1.272318] ACPI: PCI Interrupt Link [LNKD] (IRQs 5 10 *11)
[STDERR  ] 2017-08-31T18:38:24.211728812Z: [    1.273986] ACPI: PCI Interrupt Link [LNKE] (IRQs 5 *10 11)
[STDERR  ] 2017-08-31T18:38:24.211738587Z: [    1.275598] ACPI: PCI Interrupt Link [LNKF] (IRQs 5 *10 11)
[STDERR  ] 2017-08-31T18:38:24.211749193Z: [    1.277239] ACPI: PCI Interrupt Link [LNKG] (IRQs 5 10 *11)
[STDERR  ] 2017-08-31T18:38:24.211758895Z: [    1.278849] ACPI: PCI Interrupt Link [LNKH] (IRQs 5 10 *11)
[STDERR  ] 2017-08-31T18:38:24.211775449Z: [    1.279610] ACPI: PCI Interrupt Link [GSIA] (IRQs *16)
[STDERR  ] 2017-08-31T18:38:24.211786529Z: [    1.280609] ACPI: PCI Interrupt Link [GSIB] (IRQs *17)
[STDERR  ] 2017-08-31T18:38:24.211797372Z: [    1.281180] ACPI: PCI Interrupt Link [GSIC] (IRQs *18)
[STDERR  ] 2017-08-31T18:38:24.211815709Z: [    1.281739] ACPI: PCI Interrupt Link [GSID] (IRQs *19)
[STDERR  ] 2017-08-31T18:38:24.21183204Z: [    1.282300] ACPI: PCI Interrupt Link [GSIE] (IRQs *20)
[STDERR  ] 2017-08-31T18:38:24.211843183Z: [    1.282858] ACPI: PCI Interrupt Link [GSIF] (IRQs *21)
[STDERR  ] 2017-08-31T18:38:24.211854254Z: [    1.283416] ACPI: PCI Interrupt Link [GSIG] (IRQs *22)
[STDERR  ] 2017-08-31T18:38:24.211865199Z: [    1.283974] ACPI: PCI Interrupt Link [GSIH] (IRQs *23)
[STDERR  ] 2017-08-31T18:38:24.2118756Z: [    1.287487] ACPI: Enabled 2 GPEs in block 00 to 3F
[STDERR  ] 2017-08-31T18:38:24.211886408Z: [    1.291753] SCSI subsystem initialized
[STDERR  ] 2017-08-31T18:38:24.211912923Z: [    1.293506] ACPI: bus type USB registered
[STDERR  ] 2017-08-31T18:38:24.211925848Z: [    1.294546] usbcore: registered new interface driver usbfs
[STDERR  ] 2017-08-31T18:38:24.211936024Z: [    1.295394] usbcore: registered new interface driver hub
[STDERR  ] 2017-08-31T18:38:24.211945613Z: [    1.296131] usbcore: registered new device driver usb
[STDERR  ] 2017-08-31T18:38:24.211956128Z: [    1.297234] pps_core: LinuxPPS API ver. 1 registered
[STDERR  ] 2017-08-31T18:38:24.211966481Z: [    1.297529] pps_core: Software ver. 5.3.6 - Copyright 2005-2007 Rodolfo Giometti <giometti@linux.it>
[STDERR  ] 2017-08-31T18:38:24.211986112Z: [    1.298159] PTP clock support registered
[STDERR  ] 2017-08-31T18:38:24.211997978Z: [    1.299255] wmi: Mapper loaded
[STDERR  ] 2017-08-31T18:38:24.212009288Z: [    1.300361] PCI: Using ACPI for IRQ routing
[STDERR  ] 2017-08-31T18:38:24.21202048Z: [    1.318346] NetLabel: Initializing
[STDERR  ] 2017-08-31T18:38:24.212031311Z: [    1.318579] NetLabel:  domain hash size = 128
[STDERR  ] 2017-08-31T18:38:24.212041695Z: [    1.318828] NetLabel:  protocols = UNLABELED CIPSOv4
[STDERR  ] 2017-08-31T18:38:24.212051964Z: [    1.320673] NetLabel:  unlabeled traffic allowed by default
[STDERR  ] 2017-08-31T18:38:24.212063115Z: [    1.321524] HPET: 3 timers in total, 0 timers will be used for per-cpu timer
[STDERR  ] 2017-08-31T18:38:24.212074135Z: [    1.322167] hpet0: at MMIO 0xfed00000, IRQs 2, 8, 0
[STDERR  ] 2017-08-31T18:38:24.212084836Z: [    1.322595] hpet0: 3 comparators, 64-bit 100.000000 MHz counter
[STDERR  ] 2017-08-31T18:38:24.212095555Z: [    1.329108] clocksource: Switched to clocksource hpet
[STDERR  ] 2017-08-31T18:38:24.212106294Z: [    1.582472] VFS: Disk quotas dquot_6.6.0
[STDERR  ] 2017-08-31T18:38:24.212117215Z: [    1.583081] VFS: Dquot-cache hash table entries: 512 (order 0, 4096 bytes)
[STDERR  ] 2017-08-31T18:38:24.212127886Z: [    1.585574] FS-Cache: Loaded
[STDERR  ] 2017-08-31T18:38:24.212141154Z: [    1.590538] CacheFiles: Loaded
[STDERR  ] 2017-08-31T18:38:24.212152068Z: [    1.592082] pnp: PnP ACPI init
[STDERR  ] 2017-08-31T18:38:24.212163374Z: [    1.603467] pnp: PnP ACPI: found 5 devices
[STDERR  ] 2017-08-31T18:38:24.212176626Z: [    1.652005] clocksource: acpi_pm: mask: 0xffffff max_cycles: 0xffffff, max_idle_ns: 2085701024 ns
[STDERR  ] 2017-08-31T18:38:24.212187851Z: [    1.654642] NET: Registered protocol family 2
[STDERR  ] 2017-08-31T18:38:24.212198638Z: [    1.661957] TCP established hash table entries: 8192 (order: 4, 65536 bytes)
[STDERR  ] 2017-08-31T18:38:24.212209368Z: [    1.662627] TCP bind hash table entries: 8192 (order: 5, 131072 bytes)
[STDERR  ] 2017-08-31T18:38:24.212226749Z: [    1.663228] TCP: Hash tables configured (established 8192 bind 8192)
[STDERR  ] 2017-08-31T18:38:24.212237784Z: [    1.665046] UDP hash table entries: 512 (order: 2, 16384 bytes)
[STDERR  ] 2017-08-31T18:38:24.212249162Z: [    1.665536] UDP-Lite hash table entries: 512 (order: 2, 16384 bytes)
[STDERR  ] 2017-08-31T18:38:24.212260036Z: [    1.667684] NET: Registered protocol family 1
[STDERR  ] 2017-08-31T18:38:24.212276752Z: [    1.669022] pci 0000:00:01.0: Video device with shadowed ROM at [mem 0x000c0000-0x000dffff]
[STDERR  ] 2017-08-31T18:38:24.212288847Z: [    1.676150] Unpacking initramfs...
[STDERR  ] 2017-08-31T18:38:24.212299871Z: [    6.769694] Freeing initrd memory: 26392K
[STDERR  ] 2017-08-31T18:38:24.212312297Z: [    6.792627] PCLMULQDQ-NI instructions are not detected.
[STDERR  ] 2017-08-31T18:38:24.212323285Z: [    6.793678] AVX or AES-NI instructions are not detected.
[STDERR  ] 2017-08-31T18:38:24.212334139Z: [    6.794052] CPU feature 'AVX registers' is not supported.
[STDERR  ] 2017-08-31T18:38:24.212349719Z: [    6.794400] CPU feature 'AVX registers' is not supported.
[STDERR  ] 2017-08-31T18:38:24.212360584Z: [    6.794753] CPU feature 'AVX registers' is not supported.
[STDERR  ] 2017-08-31T18:38:24.212371476Z: [    6.795094] CPU feature 'AVX registers' is not supported.
[STDERR  ] 2017-08-31T18:38:24.212382308Z: [    6.795432] AVX2 or AES-NI instructions are not detected.
[STDERR  ] 2017-08-31T18:38:24.21239254Z: [    6.795771] AVX2 instructions are not detected.
[STDERR  ] 2017-08-31T18:38:24.212404284Z: [    6.802031] audit: initializing netlink subsys (disabled)
[STDERR  ] 2017-08-31T18:38:24.212415562Z: [    6.803527] audit: type=2000 audit(1504204677.800:1): initialized
[STDERR  ] 2017-08-31T18:38:24.212426479Z: [    6.810652] workingset: timestamp_bits=46 max_order=18 bucket_order=0
[STDERR  ] 2017-08-31T18:38:24.212442499Z: [    6.816543] FS-Cache: Netfs 'cifs' registered for caching
[STDERR  ] 2017-08-31T18:38:24.212458145Z: [    6.817482] fuse init (API version 7.26)
[STDERR  ] 2017-08-31T18:38:24.212469262Z: [    6.819605] SGI XFS with ACLs, security attributes, no debug enabled
[STDERR  ] 2017-08-31T18:38:24.21248022Z: [    6.823886] 9p: Installing v9fs 9p2000 file system support
[STDERR  ] 2017-08-31T18:38:24.21249124Z: [    6.824326] FS-Cache: Netfs '9p' registered for caching
[STDERR  ] 2017-08-31T18:38:24.212502155Z: [    6.858609] NET: Registered protocol family 38
[STDERR  ] 2017-08-31T18:38:24.212517106Z: [    6.859113] Key type asymmetric registered
[STDERR  ] 2017-08-31T18:38:24.212528259Z: [    6.859408] Asymmetric key parser 'x509' registered
[STDERR  ] 2017-08-31T18:38:24.212539142Z: [    6.860932] Block layer SCSI generic (bsg) driver version 0.4 loaded (major 251)
[STDERR  ] 2017-08-31T18:38:24.212550204Z: [    6.862081] io scheduler noop registered
[STDERR  ] 2017-08-31T18:38:24.212561489Z: [    6.862360] io scheduler deadline registered (default)
[STDERR  ] 2017-08-31T18:38:24.212572656Z: [    6.862872] io scheduler cfq registered
[STDERR  ] 2017-08-31T18:38:24.212583636Z: [    6.865329] pci_hotplug: PCI Hot Plug PCI Core version: 0.5
[STDERR  ] 2017-08-31T18:38:24.212594705Z: [    6.865856] pciehp: PCI Express Hot Plug Controller Driver version: 0.4
[STDERR  ] 2017-08-31T18:38:24.212605692Z: [    6.866573] shpchp: Standard Hot Plug PCI Controller Driver version: 0.4
[STDERR  ] 2017-08-31T18:38:24.212616493Z: [    6.867317] hv_vmbus: registering driver hyperv_fb
[STDERR  ] 2017-08-31T18:38:24.212627352Z: [    6.871398] input: Power Button as /devices/LNXSYSTM:00/LNXPWRBN:00/input/input0
[STDERR  ] 2017-08-31T18:38:24.212638308Z: [    6.872377] ACPI: Power Button [PWRF]
[STDERR  ] 2017-08-31T18:38:24.21264923Z: [    6.876901] GHES: HEST is not enabled!
[STDERR  ] 2017-08-31T18:38:24.212660162Z: [    6.888776] ACPI: PCI Interrupt Link [GSIG] enabled at IRQ 22
[STDERR  ] 2017-08-31T18:38:24.212671166Z: [    6.901402] ACPI: PCI Interrupt Link [GSIH] enabled at IRQ 23
[STDERR  ] 2017-08-31T18:38:24.212681908Z: [    6.905148] xenfs: not registering filesystem on non-xen platform
[STDERR  ] 2017-08-31T18:38:24.212692807Z: [    6.906990] Serial: 8250/16550 driver, 4 ports, IRQ sharing disabled
[STDERR  ] 2017-08-31T18:38:24.212703711Z: [    6.931114] 00:04: ttyS0 at I/O 0x3f8 (irq = 4, base_baud = 115200) is a 16550A
[STDERR  ] 2017-08-31T18:38:24.212714545Z: [    6.942232] Non-volatile memory driver v1.3
[STDERR  ] 2017-08-31T18:38:24.212730065Z: [    6.948099] Hangcheck: starting hangcheck timer 0.9.1 (tick is 180 seconds, margin is 60 seconds).
[STDERR  ] 2017-08-31T18:38:24.212741897Z: [    6.953003] random: fast init done
[STDERR  ] 2017-08-31T18:38:24.212752768Z: [    6.954037] random: crng init done
[STDERR  ] 2017-08-31T18:38:24.212763639Z: [    6.987951] loop: module loaded
[STDERR  ] 2017-08-31T18:38:24.212778299Z: [    7.002165] nbd: registered device at major 43
[STDERR  ] 2017-08-31T18:38:24.2127896Z: [    7.043880] lpc_ich 0000:00:1f.0: I/O space for GPIO uninitialized
[STDERR  ] 2017-08-31T18:38:24.212800502Z: [    7.045528] VMware PVSCSI driver - version 1.0.7.0-k
[STDERR  ] 2017-08-31T18:38:24.212816866Z: [    7.046190] hv_vmbus: registering driver hv_storvsc
[STDERR  ] 2017-08-31T18:38:24.212827799Z: [    7.056288] ACPI: PCI Interrupt Link [GSIA] enabled at IRQ 16
[STDERR  ] 2017-08-31T18:38:24.212838665Z: [    7.062616] ahci 0000:00:1f.2: AHCI 0001.0000 32 slots 6 ports 1.5 Gbps 0x3f impl SATA mode
[STDERR  ] 2017-08-31T18:38:24.212852116Z: [    7.063210] ahci 0000:00:1f.2: flags: 64bit ncq only 
[STDERR  ] 2017-08-31T18:38:24.212863101Z: [    7.084981] scsi host0: ahci
[STDERR  ] 2017-08-31T18:38:24.21287626Z: [    7.088605] scsi host1: ahci
[STDERR  ] 2017-08-31T18:38:24.212887293Z: [    7.090885] scsi host2: ahci
[STDERR  ] 2017-08-31T18:38:24.212899203Z: [    7.093004] scsi host3: ahci
[STDERR  ] 2017-08-31T18:38:24.212912078Z: [    7.095184] scsi host4: ahci
[STDERR  ] 2017-08-31T18:38:24.212923117Z: [    7.097228] scsi host5: ahci
[STDERR  ] 2017-08-31T18:38:24.212940647Z: [    7.098958] ata1: SATA max UDMA/133 abar m4096@0xfebd2000 port 0xfebd2100 irq 24
[STDERR  ] 2017-08-31T18:38:24.212951636Z: [    7.099427] ata2: SATA max UDMA/133 abar m4096@0xfebd2000 port 0xfebd2180 irq 24
[STDERR  ] 2017-08-31T18:38:24.212962488Z: [    7.099836] ata3: SATA max UDMA/133 abar m4096@0xfebd2000 port 0xfebd2200 irq 24
[STDERR  ] 2017-08-31T18:38:24.212973362Z: [    7.100416] ata4: SATA max UDMA/133 abar m4096@0xfebd2000 port 0xfebd2280 irq 24
[STDERR  ] 2017-08-31T18:38:24.212984255Z: [    7.100834] ata5: SATA max UDMA/133 abar m4096@0xfebd2000 port 0xfebd2300 irq 24
[STDERR  ] 2017-08-31T18:38:24.212995072Z: [    7.101227] ata6: SATA max UDMA/133 abar m4096@0xfebd2000 port 0xfebd2380 irq 24
[STDERR  ] 2017-08-31T18:38:24.213010545Z: [    7.114385] tun: Universal TUN/TAP device driver, 1.6
[STDERR  ] 2017-08-31T18:38:24.213021651Z: [    7.114724] tun: (C) 1999-2004 Max Krasnyansky <maxk@qualcomm.com>
[STDERR  ] 2017-08-31T18:38:24.213032623Z: [    7.124991] VMware vmxnet3 virtual NIC driver - version 1.4.a.0-k-NAPI
[STDERR  ] 2017-08-31T18:38:24.213043414Z: [    7.125745] hv_vmbus: registering driver hv_netvsc
[STDERR  ] 2017-08-31T18:38:24.213060309Z: [    7.126052] Fusion MPT base driver 3.04.20
[STDERR  ] 2017-08-31T18:38:24.213071879Z: [    7.126296] Copyright (c) 1999-2008 LSI Corporation
[STDERR  ] 2017-08-31T18:38:24.213082872Z: [    7.126786] Fusion MPT SPI Host driver 3.04.20
[STDERR  ] 2017-08-31T18:38:24.213093726Z: [    7.128707] i8042: PNP: PS/2 Controller [PNP0303:KBD,PNP0f13:MOU] at 0x60,0x64 irq 1,12
