[INFO    ] 2017-08-07T19:47:13.122263905Z: Running Test linuxkit.kernel.config_4.4.x in /tmp/build/test/cases/020_kernel/000_config_4.4.x
[INFO    ] 2017-08-07T19:47:13.122376217Z: Running command: [/bin/sh -x /tmp/build/test/cases/020_kernel/000_config_4.4.x/test.sh]
[STDERR  ] 2017-08-07T19:47:13.124134323Z: + set -e
[STDERR  ] 2017-08-07T19:47:13.124196747Z: + . /tmp/build/test/cases/_lib/lib.sh
[STDERR  ] 2017-08-07T19:47:13.124207517Z: + [ -f src/github.com/linuxkit/rtf/lib/lib.sh ]
[STDERR  ] 2017-08-07T19:47:13.12421688Z: + LINUXKIT_TMPDIR=/tmp/build/test/cases/_tmp
[STDERR  ] 2017-08-07T19:47:13.124226487Z: + [ -f /tmp/build/test/cases/_tmp/env.sh ]
[STDERR  ] 2017-08-07T19:47:13.1242357Z: + . /tmp/build/test/cases/_tmp/env.sh
[STDERR  ] 2017-08-07T19:47:13.124248525Z: + export LINUXKIT_EXAMPLES_DIR=/tmp/build/test/cases/../../examples
[STDERR  ] 2017-08-07T19:47:13.1242619Z: + export LINUXKIT_BLUEPRINTS_DIR=/tmp/build/test/cases/../../blueprints
[STDERR  ] 2017-08-07T19:47:13.124275435Z: + RT_CANCEL=253
[STDERR  ] 2017-08-07T19:47:13.124285033Z: + trap clean_up EXIT
[STDERR  ] 2017-08-07T19:47:13.124294862Z: + moby build -output kernel+initrd test-kernel-config.yml
[STDERR  ] 2017-08-07T19:47:13.155691706Z: Extract kernel image: linuxkit/kernel:4.4.79
[STDERR  ] 2017-08-07T19:47:15.521067282Z: Pull image: docker.io/linuxkit/kernel:4.4.79@sha256:dc851ad25996fe4735ddb68df71634ff50a3c7ee9d1211fca8749ffb881573f0
[STDERR  ] 2017-08-07T19:47:21.531444015Z: Add init containers:
[STDERR  ] 2017-08-07T19:47:21.531507531Z: Process init image: linuxkit/init:c7d651da1a5e308c757bc61ce6a41804ea843426
[STDERR  ] 2017-08-07T19:47:22.750960294Z: Process init image: linuxkit/runc:2d645aca4eee8d0d1f121177f1b696244219d250
[STDERR  ] 2017-08-07T19:47:24.04462209Z: Add onboot containers:
[STDERR  ] 2017-08-07T19:47:24.044681693Z:   Create OCI config for linuxkit/test-kernel-config:d58766bb6c0def3df9e6ffc645ee11677f127faa
[STDERR  ] 2017-08-07T19:47:26.64709906Z:   Create OCI config for linuxkit/poweroff:1e9876c682c74d0602b7647c628bb0875fb13998
[STDERR  ] 2017-08-07T19:47:27.887510655Z: Create outputs:
[STDERR  ] 2017-08-07T19:47:30.592476731Z:   test-kernel-config-kernel test-kernel-config-initrd.img test-kernel-config-cmdline
[STDERR  ] 2017-08-07T19:47:30.625700971Z: + linuxkit run test-kernel-config
[STDERR  ] 2017-08-07T19:47:30.645394775Z: Unable to find qemu-system-x86_64 within the $PATH. Using a container
[STDERR  ] 2017-08-07T19:48:12.280879435Z: + RESULT=[    0.000000] Initializing cgroup subsys cpuset
[STDERR  ] 2017-08-07T19:48:12.280947733Z: [    0.000000] Initializing cgroup subsys cpu
[STDERR  ] 2017-08-07T19:48:12.280965415Z: [    0.000000] Initializing cgroup subsys cpuacct
[STDERR  ] 2017-08-07T19:48:12.280979157Z: [    0.000000] Linux version 4.4.79-linuxkit (root@e1ede117fb1e) (gcc version 6.3.0 (Alpine 6.3.0) ) #1 SMP Wed Aug 2 16:48:37 UTC 2017
[STDERR  ] 2017-08-07T19:48:12.280990188Z: [    0.000000] Command line: console=ttyS0
[STDERR  ] 2017-08-07T19:48:12.28100167Z: [    0.000000] x86/fpu: Legacy x87 FPU detected.
[STDERR  ] 2017-08-07T19:48:12.28101337Z: [    0.000000] x86/fpu: Using 'lazy' FPU context switches.
[STDERR  ] 2017-08-07T19:48:12.28102396Z: [    0.000000] e820: BIOS-provided physical RAM map:
[STDERR  ] 2017-08-07T19:48:12.281046787Z: [    0.000000] BIOS-e820: [mem 0x0000000000000000-0x000000000009fbff] usable
[STDERR  ] 2017-08-07T19:48:12.281059963Z: [    0.000000] BIOS-e820: [mem 0x000000000009fc00-0x000000000009ffff] reserved
[STDERR  ] 2017-08-07T19:48:12.281071915Z: [    0.000000] BIOS-e820: [mem 0x00000000000f0000-0x00000000000fffff] reserved
[STDERR  ] 2017-08-07T19:48:12.281081868Z: [    0.000000] BIOS-e820: [mem 0x0000000000100000-0x000000003ffdefff] usable
[STDERR  ] 2017-08-07T19:48:12.281091425Z: [    0.000000] BIOS-e820: [mem 0x000000003ffdf000-0x000000003fffffff] reserved
[STDERR  ] 2017-08-07T19:48:12.281101495Z: [    0.000000] BIOS-e820: [mem 0x00000000b0000000-0x00000000bfffffff] reserved
[STDERR  ] 2017-08-07T19:48:12.281111547Z: [    0.000000] BIOS-e820: [mem 0x00000000fed1c000-0x00000000fed1ffff] reserved
[STDERR  ] 2017-08-07T19:48:12.281132545Z: [    0.000000] BIOS-e820: [mem 0x00000000fffc0000-0x00000000ffffffff] reserved
[STDERR  ] 2017-08-07T19:48:12.281147615Z: [    0.000000] NX (Execute Disable) protection: active
[STDERR  ] 2017-08-07T19:48:12.281163508Z: [    0.000000] SMBIOS 2.8 present.
[STDERR  ] 2017-08-07T19:48:12.281174995Z: [    0.000000] e820: last_pfn = 0x3ffdf max_arch_pfn = 0x400000000
[STDERR  ] 2017-08-07T19:48:12.281185745Z: [    0.000000] x86/PAT: Configuration [0-7]: WB  WC  UC- UC  WB  WC  UC- WT  
[STDERR  ] 2017-08-07T19:48:12.281195777Z: [    0.000000] found SMP MP-table at [mem 0x000f6aa0-0x000f6aaf] mapped at [ffff8800000f6aa0]
[STDERR  ] 2017-08-07T19:48:12.281206158Z: [    0.000000] RAMDISK: [mem 0x3f1b0000-0x3ffcffff]
[STDERR  ] 2017-08-07T19:48:12.281216013Z: [    0.000000] ACPI: Early table checksum verification disabled
[STDERR  ] 2017-08-07T19:48:12.281226027Z: [    0.000000] ACPI: RSDP 0x00000000000F68C0 000014 (v00 BOCHS )
[STDERR  ] 2017-08-07T19:48:12.281235897Z: [    0.000000] ACPI: RSDT 0x000000003FFE2404 000034 (v01 BOCHS  BXPCRSDT 00000001 BXPC 00000001)
[STDERR  ] 2017-08-07T19:48:12.281245805Z: [    0.000000] ACPI: FACP 0x000000003FFE22A4 000074 (v01 BOCHS  BXPCFACP 00000001 BXPC 00000001)
[STDERR  ] 2017-08-07T19:48:12.281255657Z: [    0.000000] ACPI: DSDT 0x000000003FFE0040 002264 (v01 BOCHS  BXPCDSDT 00000001 BXPC 00000001)
[STDERR  ] 2017-08-07T19:48:12.281266098Z: [    0.000000] ACPI: FACS 0x000000003FFE0000 000040
[STDERR  ] 2017-08-07T19:48:12.281278994Z: [    0.000000] ACPI: APIC 0x000000003FFE2318 000078 (v01 BOCHS  BXPCAPIC 00000001 BXPC 00000001)
[STDERR  ] 2017-08-07T19:48:12.281288413Z: [    0.000000] ACPI: HPET 0x000000003FFE2390 000038 (v01 BOCHS  BXPCHPET 00000001 BXPC 00000001)
[STDERR  ] 2017-08-07T19:48:12.281299227Z: [    0.000000] ACPI: MCFG 0x000000003FFE23C8 00003C (v01 BOCHS  BXPCMCFG 00000001 BXPC 00000001)
[STDERR  ] 2017-08-07T19:48:12.281308825Z: [    0.000000] Zone ranges:
[STDERR  ] 2017-08-07T19:48:12.28132938Z: [    0.000000]   DMA      [mem 0x0000000000001000-0x0000000000ffffff]
[STDERR  ] 2017-08-07T19:48:12.281339061Z: [    0.000000]   DMA32    [mem 0x0000000001000000-0x000000003ffdefff]
[STDERR  ] 2017-08-07T19:48:12.281348931Z: [    0.000000]   Normal   empty
[STDERR  ] 2017-08-07T19:48:12.281359204Z: [    0.000000] Movable zone start for each node
[STDERR  ] 2017-08-07T19:48:12.281378678Z: [    0.000000] Early memory node ranges
[STDERR  ] 2017-08-07T19:48:12.281388414Z: [    0.000000]   node   0: [mem 0x0000000000001000-0x000000000009efff]
[STDERR  ] 2017-08-07T19:48:12.281397817Z: [    0.000000]   node   0: [mem 0x0000000000100000-0x000000003ffdefff]
[STDERR  ] 2017-08-07T19:48:12.281406995Z: [    0.000000] Initmem setup node 0 [mem 0x0000000000001000-0x000000003ffdefff]
[STDERR  ] 2017-08-07T19:48:12.281415673Z: [    0.000000] ACPI: PM-Timer IO Port: 0x608
[STDERR  ] 2017-08-07T19:48:12.281427168Z: [    0.000000] ACPI: LAPIC_NMI (acpi_id[0xff] dfl dfl lint[0x1])
[STDERR  ] 2017-08-07T19:48:12.28143801Z: [    0.000000] IOAPIC[0]: apic_id 0, version 32, address 0xfec00000, GSI 0-23
[STDERR  ] 2017-08-07T19:48:12.281446905Z: [    0.000000] ACPI: INT_SRC_OVR (bus 0 bus_irq 0 global_irq 2 dfl dfl)
[STDERR  ] 2017-08-07T19:48:12.281455508Z: [    0.000000] ACPI: INT_SRC_OVR (bus 0 bus_irq 5 global_irq 5 high level)
[STDERR  ] 2017-08-07T19:48:12.281465813Z: [    0.000000] ACPI: INT_SRC_OVR (bus 0 bus_irq 9 global_irq 9 high level)
[STDERR  ] 2017-08-07T19:48:12.281474588Z: [    0.000000] ACPI: INT_SRC_OVR (bus 0 bus_irq 10 global_irq 10 high level)
[STDERR  ] 2017-08-07T19:48:12.281483647Z: [    0.000000] ACPI: INT_SRC_OVR (bus 0 bus_irq 11 global_irq 11 high level)
[STDERR  ] 2017-08-07T19:48:12.281492251Z: [    0.000000] Using ACPI (MADT) for SMP configuration information
[STDERR  ] 2017-08-07T19:48:12.281533338Z: [    0.000000] ACPI: HPET id: 0x8086a201 base: 0xfed00000
[STDERR  ] 2017-08-07T19:48:12.281546551Z: [    0.000000] smpboot: Allowing 1 CPUs, 0 hotplug CPUs
[STDERR  ] 2017-08-07T19:48:12.281555814Z: [    0.000000] e820: [mem 0x40000000-0xafffffff] available for PCI devices
[STDERR  ] 2017-08-07T19:48:12.281570345Z: [    0.000000] Booting paravirtualized kernel on bare hardware
[STDERR  ] 2017-08-07T19:48:12.28158179Z: [    0.000000] clocksource: refined-jiffies: mask: 0xffffffff max_cycles: 0xffffffff, max_idle_ns: 19112604462750000 ns
[STDERR  ] 2017-08-07T19:48:12.281596708Z: [    0.000000] setup_percpu: NR_CPUS:128 nr_cpumask_bits:128 nr_cpu_ids:1 nr_node_ids:1
[STDERR  ] 2017-08-07T19:48:12.281606134Z: [    0.000000] PERCPU: Embedded 33 pages/cpu @ffff88003ee00000 s95896 r8192 d31080 u2097152
[STDERR  ] 2017-08-07T19:48:12.281615615Z: [    0.000000] Built 1 zonelists in Zone order, mobility grouping on.  Total pages: 257896
[STDERR  ] 2017-08-07T19:48:12.281624895Z: [    0.000000] Kernel command line: console=ttyS0
[STDERR  ] 2017-08-07T19:48:12.281635003Z: [    0.000000] PID hash table entries: 4096 (order: 3, 32768 bytes)
[STDERR  ] 2017-08-07T19:48:12.281645273Z: [    0.000000] Dentry cache hash table entries: 131072 (order: 8, 1048576 bytes)
[STDERR  ] 2017-08-07T19:48:12.281658784Z: [    0.000000] Inode-cache hash table entries: 65536 (order: 7, 524288 bytes)
[STDERR  ] 2017-08-07T19:48:12.281671584Z: [    0.000000] Memory: 999616K/1048052K available (7597K kernel code, 1261K rwdata, 2696K rodata, 1296K init, 688K bss, 48436K reserved, 0K cma-reserved)
[STDERR  ] 2017-08-07T19:48:12.281697708Z: [    0.000000] Hierarchical RCU implementation.
[STDERR  ] 2017-08-07T19:48:12.281707127Z: [    0.000000] 	Build-time adjustment of leaf fanout to 64.
[STDERR  ] 2017-08-07T19:48:12.28171704Z: [    0.000000] 	RCU restricting CPUs from NR_CPUS=128 to nr_cpu_ids=1.
[STDERR  ] 2017-08-07T19:48:12.281727071Z: [    0.000000] RCU: Adjusting geometry for rcu_fanout_leaf=64, nr_cpu_ids=1
[STDERR  ] 2017-08-07T19:48:12.281737054Z: [    0.000000] NR_IRQS:8448 nr_irqs:256 16
[STDERR  ] 2017-08-07T19:48:12.281746398Z: [    0.000000] Console: colour VGA+ 80x25
[STDERR  ] 2017-08-07T19:48:12.281755745Z: [    0.000000] console [ttyS0] enabled
[STDERR  ] 2017-08-07T19:48:12.281764998Z: [    0.000000] clocksource: hpet: mask: 0xffffffff max_cycles: 0xffffffff, max_idle_ns: 19112604467 ns
[STDERR  ] 2017-08-07T19:48:12.28177489Z: [    0.000000] tsc: Unable to calibrate against PIT
[STDERR  ] 2017-08-07T19:48:12.281783995Z: [    0.000000] tsc: using HPET reference calibration
[STDERR  ] 2017-08-07T19:48:12.281799133Z: [    0.000000] tsc: Detected 2600.058 MHz processor
[STDERR  ] 2017-08-07T19:48:12.28180841Z: [    0.053505] Calibrating delay loop (skipped), value calculated using timer frequency.. 5200.11 BogoMIPS (lpj=26000580)
[STDERR  ] 2017-08-07T19:48:12.28181832Z: [    0.055355] pid_max: default: 32768 minimum: 301
[STDERR  ] 2017-08-07T19:48:12.281827564Z: [    0.056338] ACPI: Core revision 20150930
[STDERR  ] 2017-08-07T19:48:12.281836657Z: [    0.101022] ACPI: 1 ACPI AML tables successfully acquired and loaded
[STDERR  ] 2017-08-07T19:48:12.281845758Z: [    0.103193] Security Framework initialized
[STDERR  ] 2017-08-07T19:48:12.281854768Z: [    0.103670] Yama: becoming mindful.
[STDERR  ] 2017-08-07T19:48:12.281866875Z: [    0.108208] Mount-cache hash table entries: 2048 (order: 2, 16384 bytes)
[STDERR  ] 2017-08-07T19:48:12.281877051Z: [    0.109020] Mountpoint-cache hash table entries: 2048 (order: 2, 16384 bytes)
[STDERR  ] 2017-08-07T19:48:12.281886293Z: [    0.125830] Initializing cgroup subsys io
[STDERR  ] 2017-08-07T19:48:12.2818973Z: [    0.126966] Initializing cgroup subsys memory
[STDERR  ] 2017-08-07T19:48:12.281912747Z: [    0.128019] Initializing cgroup subsys devices
[STDERR  ] 2017-08-07T19:48:12.281922377Z: [    0.128568] Initializing cgroup subsys freezer
[STDERR  ] 2017-08-07T19:48:12.281931864Z: [    0.129182] Initializing cgroup subsys net_cls
[STDERR  ] 2017-08-07T19:48:12.281941984Z: [    0.129722] Initializing cgroup subsys perf_event
[STDERR  ] 2017-08-07T19:48:12.281952344Z: [    0.130265] Initializing cgroup subsys net_prio
[STDERR  ] 2017-08-07T19:48:12.2819613Z: [    0.130810] Initializing cgroup subsys hugetlb
[STDERR  ] 2017-08-07T19:48:12.281975015Z: [    0.131335] Initializing cgroup subsys pids
[STDERR  ] 2017-08-07T19:48:12.28198415Z: [    0.133921] Last level iTLB entries: 4KB 0, 2MB 0, 4MB 0
[STDERR  ] 2017-08-07T19:48:12.2819938Z: [    0.134434] Last level dTLB entries: 4KB 0, 2MB 0, 4MB 0, 1GB 0
[STDERR  ] 2017-08-07T19:48:12.28200342Z: [    0.406330] Freeing SMP alternatives memory: 20K (ffffffffb1e81000 - ffffffffb1e86000)
[STDERR  ] 2017-08-07T19:48:12.282012481Z: [    0.416476] ftrace: allocating 33328 entries in 131 pages
[STDERR  ] 2017-08-07T19:48:12.282023651Z: [    0.595235] ..TIMER: vector=0x30 apic1=0 pin1=2 apic2=-1 pin2=-1
[STDERR  ] 2017-08-07T19:48:12.282033237Z: [    0.700000] smpboot: CPU0: AMD QEMU Virtual CPU version 2.5+ (family: 0x6, model: 0x6, stepping: 0x3)
[STDERR  ] 2017-08-07T19:48:12.282043331Z: [    0.700000] Performance Events: Broken PMU hardware detected, using software events only.
[STDERR  ] 2017-08-07T19:48:12.282057027Z: [    0.700000] Failed to access perfctr msr (MSR c0010007 is 0)
[STDERR  ] 2017-08-07T19:48:12.28206708Z: [    0.707413] x86: Booted up 1 node, 1 CPUs
[STDERR  ] 2017-08-07T19:48:12.282076624Z: [    0.707949] smpboot: Total of 1 processors activated (5200.11 BogoMIPS)
[STDERR  ] 2017-08-07T19:48:12.282092913Z: [    0.714547] NMI watchdog: disabled (cpu0): hardware events not enabled
[STDERR  ] 2017-08-07T19:48:12.282104515Z: [    0.715161] NMI watchdog: Shutting down hard lockup detector on all cpus
[STDERR  ] 2017-08-07T19:48:12.282114994Z: [    0.726321] devtmpfs: initialized
[STDERR  ] 2017-08-07T19:48:12.28212462Z: [    0.797920] clocksource: jiffies: mask: 0xffffffff max_cycles: 0xffffffff, max_idle_ns: 19112604462750000 ns
[STDERR  ] 2017-08-07T19:48:12.2821341Z: [    0.798945] futex hash table entries: 256 (order: 2, 16384 bytes)
[STDERR  ] 2017-08-07T19:48:12.282143031Z: [    0.813654] NET: Registered protocol family 16
[STDERR  ] 2017-08-07T19:48:12.282151375Z: [    0.822961] cpuidle: using governor ladder
[STDERR  ] 2017-08-07T19:48:12.282159713Z: [    0.823561] cpuidle: using governor menu
[STDERR  ] 2017-08-07T19:48:12.282167883Z: [    0.825128] ACPI: bus type PCI registered
[STDERR  ] 2017-08-07T19:48:12.282177041Z: [    0.828333] PCI: MMCONFIG for domain 0000 [bus 00-ff] at [mem 0xb0000000-0xbfffffff] (base 0xb0000000)
[STDERR  ] 2017-08-07T19:48:12.282187557Z: [    0.829250] PCI: MMCONFIG at [mem 0xb0000000-0xbfffffff] reserved in E820
[STDERR  ] 2017-08-07T19:48:12.28220339Z: [    0.830889] PCI: Using configuration type 1 for base access
[STDERR  ] 2017-08-07T19:48:12.28221694Z: [    0.892713] ACPI: Added _OSI(Module Device)
[STDERR  ] 2017-08-07T19:48:12.28222653Z: [    0.893025] ACPI: Added _OSI(Processor Device)
[STDERR  ] 2017-08-07T19:48:12.282235633Z: [    0.893429] ACPI: Added _OSI(3.0 _SCP Extensions)
[STDERR  ] 2017-08-07T19:48:12.282244875Z: [    0.893752] ACPI: Added _OSI(Processor Aggregator Device)
[STDERR  ] 2017-08-07T19:48:12.282254477Z: [    0.983732] ACPI: Interpreter enabled
[STDERR  ] 2017-08-07T19:48:12.282263401Z: [    0.984784] ACPI: (supports S0 S5)
[STDERR  ] 2017-08-07T19:48:12.282272481Z: [    0.985121] ACPI: Using IOAPIC for interrupt routing
[STDERR  ] 2017-08-07T19:48:12.282282645Z: [    0.987872] PCI: Using host bridge windows from ACPI; if necessary, use "pci=nocrs" and report a bug
[STDERR  ] 2017-08-07T19:48:12.282292185Z: [    1.054702] ACPI: PCI Root Bridge [PCI0] (domain 0000 [bus 00-ff])
[STDERR  ] 2017-08-07T19:48:12.282301518Z: [    1.056430] acpi PNP0A08:00: _OSC: OS supports [ExtendedConfig ASPM ClockPM Segments MSI]
[STDERR  ] 2017-08-07T19:48:12.282321945Z: [    1.063297] acpi PNP0A08:00: _OSC: OS now controls [PCIeHotplug PME PCIeCapability]
[STDERR  ] 2017-08-07T19:48:12.282331075Z: [    1.067387] PCI host bridge to bus 0000:00
[STDERR  ] 2017-08-07T19:48:12.282340118Z: [    1.067953] pci_bus 0000:00: root bus resource [io  0x0000-0x0cf7 window]
[STDERR  ] 2017-08-07T19:48:12.28235081Z: [    1.068442] pci_bus 0000:00: root bus resource [io  0x0d00-0xffff window]
[STDERR  ] 2017-08-07T19:48:12.282360344Z: [    1.068883] pci_bus 0000:00: root bus resource [mem 0x000a0000-0x000bffff window]
[STDERR  ] 2017-08-07T19:48:12.282373867Z: [    1.069378] pci_bus 0000:00: root bus resource [mem 0xc0000000-0xfebfffff window]
[STDERR  ] 2017-08-07T19:48:12.282386168Z: [    1.070149] pci_bus 0000:00: root bus resource [bus 00-ff]
[STDERR  ] 2017-08-07T19:48:12.282395815Z: [    1.205190] pci 0000:00:1f.0: quirk: [io  0x0600-0x067f] claimed by ICH6 ACPI/GPIO/TCO
[STDERR  ] 2017-08-07T19:48:12.2824049Z: [    1.282528] ACPI: PCI Interrupt Link [LNKA] (IRQs 5 *10 11)
[STDERR  ] 2017-08-07T19:48:12.282414358Z: [    1.285489] ACPI: PCI Interrupt Link [LNKB] (IRQs 5 *10 11)
[STDERR  ] 2017-08-07T19:48:12.282423378Z: [    1.287937] ACPI: PCI Interrupt Link [LNKC] (IRQs 5 10 *11)
[STDERR  ] 2017-08-07T19:48:12.282432525Z: [    1.290761] ACPI: PCI Interrupt Link [LNKD] (IRQs 5 10 *11)
[STDERR  ] 2017-08-07T19:48:12.2824415Z: [    1.292991] ACPI: PCI Interrupt Link [LNKE] (IRQs 5 *10 11)
[STDERR  ] 2017-08-07T19:48:12.282450535Z: [    1.294955] ACPI: PCI Interrupt Link [LNKF] (IRQs 5 *10 11)
[STDERR  ] 2017-08-07T19:48:12.282459518Z: [    1.297259] ACPI: PCI Interrupt Link [LNKG] (IRQs 5 10 *11)
[STDERR  ] 2017-08-07T19:48:12.282468291Z: [    1.299174] ACPI: PCI Interrupt Link [LNKH] (IRQs 5 10 *11)
[STDERR  ] 2017-08-07T19:48:12.28247962Z: [    1.300417] ACPI: PCI Interrupt Link [GSIA] (IRQs *16)
[STDERR  ] 2017-08-07T19:48:12.282488794Z: [    1.301121] ACPI: PCI Interrupt Link [GSIB] (IRQs *17)
[STDERR  ] 2017-08-07T19:48:12.282504514Z: [    1.301774] ACPI: PCI Interrupt Link [GSIC] (IRQs *18)
[STDERR  ] 2017-08-07T19:48:12.282514027Z: [    1.302521] ACPI: PCI Interrupt Link [GSID] (IRQs *19)
[STDERR  ] 2017-08-07T19:48:12.282523065Z: [    1.303213] ACPI: PCI Interrupt Link [GSIE] (IRQs *20)
[STDERR  ] 2017-08-07T19:48:12.282532058Z: [    1.304004] ACPI: PCI Interrupt Link [GSIF] (IRQs *21)
[STDERR  ] 2017-08-07T19:48:12.282541011Z: [    1.304762] ACPI: PCI Interrupt Link [GSIG] (IRQs *22)
[STDERR  ] 2017-08-07T19:48:12.282550011Z: [    1.305540] ACPI: PCI Interrupt Link [GSIH] (IRQs *23)
[STDERR  ] 2017-08-07T19:48:12.282558885Z: [    1.310745] ACPI: Enabled 2 GPEs in block 00 to 3F
[STDERR  ] 2017-08-07T19:48:12.282568838Z: [    1.315752] SCSI subsystem initialized
[STDERR  ] 2017-08-07T19:48:12.282577737Z: [    1.318792] ACPI: bus type USB registered
[STDERR  ] 2017-08-07T19:48:12.282595194Z: [    1.320691] usbcore: registered new interface driver usbfs
[STDERR  ] 2017-08-07T19:48:12.282610373Z: [    1.321568] usbcore: registered new interface driver hub
[STDERR  ] 2017-08-07T19:48:12.282625251Z: [    1.322471] usbcore: registered new device driver usb
[STDERR  ] 2017-08-07T19:48:12.282634554Z: [    1.323846] pps_core: LinuxPPS API ver. 1 registered
[STDERR  ] 2017-08-07T19:48:12.282643474Z: [    1.324179] pps_core: Software ver. 5.3.6 - Copyright 2005-2007 Rodolfo Giometti <giometti@linux.it>
[STDERR  ] 2017-08-07T19:48:12.282653407Z: [    1.325009] PTP clock support registered
[STDERR  ] 2017-08-07T19:48:12.282662087Z: [    1.326354] wmi: Mapper loaded
[STDERR  ] 2017-08-07T19:48:12.28267164Z: [    1.327533] PCI: Using ACPI for IRQ routing
[STDERR  ] 2017-08-07T19:48:12.282680807Z: [    1.350501] NetLabel: Initializing
[STDERR  ] 2017-08-07T19:48:12.282690597Z: [    1.350751] NetLabel:  domain hash size = 128
[STDERR  ] 2017-08-07T19:48:12.282699405Z: [    1.351120] NetLabel:  protocols = UNLABELED CIPSOv4
[STDERR  ] 2017-08-07T19:48:12.282708733Z: [    1.353661] NetLabel:  unlabeled traffic allowed by default
[STDERR  ] 2017-08-07T19:48:12.282719745Z: [    1.354982] HPET: 3 timers in total, 0 timers will be used for per-cpu timer
[STDERR  ] 2017-08-07T19:48:12.282729561Z: [    1.355903] hpet0: at MMIO 0xfed00000, IRQs 2, 8, 0
[STDERR  ] 2017-08-07T19:48:12.282738821Z: [    1.356345] hpet0: 3 comparators, 64-bit 100.000000 MHz counter
[STDERR  ] 2017-08-07T19:48:12.282750278Z: [    1.361277] amd_nb: Cannot enumerate AMD northbridges
[STDERR  ] 2017-08-07T19:48:12.282759477Z: [    1.362445] clocksource: Switched to clocksource hpet
[STDERR  ] 2017-08-07T19:48:12.282774388Z: [    1.604249] FS-Cache: Loaded
[STDERR  ] 2017-08-07T19:48:12.282784305Z: [    1.609709] CacheFiles: Loaded
[STDERR  ] 2017-08-07T19:48:12.282793334Z: [    1.613245] pnp: PnP ACPI init
[STDERR  ] 2017-08-07T19:48:12.282802118Z: [    1.626367] pnp: PnP ACPI: found 5 devices
[STDERR  ] 2017-08-07T19:48:12.28281118Z: [    1.680378] clocksource: acpi_pm: mask: 0xffffff max_cycles: 0xffffff, max_idle_ns: 2085701024 ns
[STDERR  ] 2017-08-07T19:48:12.282820223Z: [    1.683620] NET: Registered protocol family 2
[STDERR  ] 2017-08-07T19:48:12.282829057Z: [    1.692809] TCP established hash table entries: 8192 (order: 4, 65536 bytes)
[STDERR  ] 2017-08-07T19:48:12.282838267Z: [    1.693642] TCP bind hash table entries: 8192 (order: 5, 131072 bytes)
[STDERR  ] 2017-08-07T19:48:12.282847647Z: [    1.694402] TCP: Hash tables configured (established 8192 bind 8192)
[STDERR  ] 2017-08-07T19:48:12.282856454Z: [    1.696296] UDP hash table entries: 512 (order: 2, 16384 bytes)
[STDERR  ] 2017-08-07T19:48:12.282866948Z: [    1.696931] UDP-Lite hash table entries: 512 (order: 2, 16384 bytes)
[STDERR  ] 2017-08-07T19:48:12.282875797Z: [    1.699658] NET: Registered protocol family 1
[STDERR  ] 2017-08-07T19:48:12.282884633Z: [    1.707083] Unpacking initramfs...
[STDERR  ] 2017-08-07T19:48:12.282893413Z: [    4.820402] Freeing initrd memory: 14464K (ffff88003f1b0000 - ffff88003ffd0000)
[STDERR  ] 2017-08-07T19:48:12.282902824Z: [    4.849096] PCLMULQDQ-NI instructions are not detected.
[STDERR  ] 2017-08-07T19:48:12.282912288Z: [    4.851162] AVX or AES-NI instructions are not detected.
[STDERR  ] 2017-08-07T19:48:12.282920897Z: [    4.851672] CPU feature 'AVX registers' is not supported.
[STDERR  ] 2017-08-07T19:48:12.282930081Z: [    4.852153] CPU feature 'AVX registers' is not supported.
[STDERR  ] 2017-08-07T19:48:12.28293922Z: [    4.852615] CPU feature 'AVX registers' is not supported.
[STDERR  ] 2017-08-07T19:48:12.28294849Z: [    4.853087] CPU feature 'AVX registers' is not supported.
[STDERR  ] 2017-08-07T19:48:12.282957598Z: [    4.853543] AVX2 or AES-NI instructions are not detected.
[STDERR  ] 2017-08-07T19:48:12.282966344Z: [    4.854040] AVX2 instructions are not detected.
[STDERR  ] 2017-08-07T19:48:12.282975303Z: [    4.859878] audit: initializing netlink subsys (disabled)
[STDERR  ] 2017-08-07T19:48:12.282986541Z: [    4.864686] audit: type=2000 audit(1502135256.860:1): initialized
[STDERR  ] 2017-08-07T19:48:12.283000564Z: [    4.875163] HugeTLB registered 2 MB page size, pre-allocated 0 pages
[STDERR  ] 2017-08-07T19:48:12.283011264Z: [    4.879055] VFS: Disk quotas dquot_6.6.0
[STDERR  ] 2017-08-07T19:48:12.283021151Z: [    4.879825] VFS: Dquot-cache hash table entries: 512 (order 0, 4096 bytes)
[STDERR  ] 2017-08-07T19:48:12.283030445Z: [    4.886481] FS-Cache: Netfs 'cifs' registered for caching
[STDERR  ] 2017-08-07T19:48:12.283039913Z: [    4.887667] fuse init (API version 7.23)
[STDERR  ] 2017-08-07T19:48:12.283048905Z: [    4.891556] SGI XFS with ACLs, security attributes, no debug enabled
[STDERR  ] 2017-08-07T19:48:12.283057964Z: [    4.894979] 9p: Installing v9fs 9p2000 file system support
[STDERR  ] 2017-08-07T19:48:12.283067251Z: [    4.895461] FS-Cache: Netfs '9p' registered for caching
[STDERR  ] 2017-08-07T19:48:12.283076168Z: [    4.897676] Key type big_key registered
[STDERR  ] 2017-08-07T19:48:12.283084984Z: [    4.937581] NET: Registered protocol family 38
[STDERR  ] 2017-08-07T19:48:12.283093788Z: [    4.938233] Key type asymmetric registered
[STDERR  ] 2017-08-07T19:48:12.28310262Z: [    4.938576] Asymmetric key parser 'x509' registered
[STDERR  ] 2017-08-07T19:48:12.283118038Z: [    4.939620] Block layer SCSI generic (bsg) driver version 0.4 loaded (major 251)
[STDERR  ] 2017-08-07T19:48:12.283127567Z: [    4.942859] io scheduler noop registered
[STDERR  ] 2017-08-07T19:48:12.28313647Z: [    4.943309] io scheduler deadline registered (default)
[STDERR  ] 2017-08-07T19:48:12.283145513Z: [    4.944038] io scheduler cfq registered
[STDERR  ] 2017-08-07T19:48:12.283154345Z: [    4.947371] pci_hotplug: PCI Hot Plug PCI Core version: 0.5
[STDERR  ] 2017-08-07T19:48:12.283170103Z: [    4.948060] pciehp: PCI Express Hot Plug Controller Driver version: 0.4
[STDERR  ] 2017-08-07T19:48:12.283179914Z: [    4.949028] shpchp: Standard Hot Plug PCI Controller Driver version: 0.4
[STDERR  ] 2017-08-07T19:48:12.28318916Z: [    4.949942] hv_vmbus: registering driver hyperv_fb
[STDERR  ] 2017-08-07T19:48:12.283197937Z: [    4.954558] input: Power Button as /devices/LNXSYSTM:00/LNXPWRBN:00/input/input0
[STDERR  ] 2017-08-07T19:48:12.283206644Z: [    4.955920] ACPI: Power Button [PWRF]
[STDERR  ] 2017-08-07T19:48:12.283215421Z: [    4.965256] GHES: HEST is not enabled!
[STDERR  ] 2017-08-07T19:48:12.28322423Z: [    4.982666] ACPI: PCI Interrupt Link [GSIG] enabled at IRQ 22
[STDERR  ] 2017-08-07T19:48:12.283234954Z: [    4.998872] ACPI: PCI Interrupt Link [GSIH] enabled at IRQ 23
[STDERR  ] 2017-08-07T19:48:12.283244583Z: [    5.004641] xenfs: not registering filesystem on non-xen platform
[STDERR  ] 2017-08-07T19:48:12.283255103Z: [    5.007226] Serial: 8250/16550 driver, 4 ports, IRQ sharing disabled
[STDERR  ] 2017-08-07T19:48:12.283263853Z: [    5.033896] 00:04: ttyS0 at I/O 0x3f8 (irq = 4, base_baud = 115200) is a 16550A
[STDERR  ] 2017-08-07T19:48:12.283274851Z: [    5.047991] Non-volatile memory driver v1.3
[STDERR  ] 2017-08-07T19:48:12.283288648Z: [    5.055596] Hangcheck: starting hangcheck timer 0.9.1 (tick is 180 seconds, margin is 60 seconds).
[STDERR  ] 2017-08-07T19:48:12.283298421Z: [    5.099079] loop: module loaded
[STDERR  ] 2017-08-07T19:48:12.283308041Z: [    5.113779] nbd: registered device at major 43
[STDERR  ] 2017-08-07T19:48:12.28331686Z: [    5.159168] lpc_ich 0000:00:1f.0: I/O space for GPIO uninitialized
[STDERR  ] 2017-08-07T19:48:12.283325798Z: [    5.161965] VMware PVSCSI driver - version 1.0.5.0-k
[STDERR  ] 2017-08-07T19:48:12.283336708Z: [    5.162920] hv_vmbus: registering driver hv_storvsc
[STDERR  ] 2017-08-07T19:48:12.283345808Z: [    5.173713] ACPI: PCI Interrupt Link [GSIA] enabled at IRQ 16
[STDERR  ] 2017-08-07T19:48:12.283354715Z: [    5.181571] ahci 0000:00:1f.2: AHCI 0001.0000 32 slots 6 ports 1.5 Gbps 0x3f impl SATA mode
[STDERR  ] 2017-08-07T19:48:12.283363635Z: [    5.182240] ahci 0000:00:1f.2: flags: 64bit ncq only 
[STDERR  ] 2017-08-07T19:48:12.283372475Z: [    5.204254] scsi host0: ahci
[STDERR  ] 2017-08-07T19:48:12.283386558Z: [    5.208662] scsi host1: ahci
[STDERR  ] 2017-08-07T19:48:12.28339576Z: [    5.212220] scsi host2: ahci
[STDERR  ] 2017-08-07T19:48:12.283404774Z: [    5.214951] scsi host3: ahci
[STDERR  ] 2017-08-07T19:48:12.283415444Z: [    5.217479] scsi host4: ahci
[STDERR  ] 2017-08-07T19:48:12.283424398Z: [    5.219920] scsi host5: ahci
[STDERR  ] 2017-08-07T19:48:12.283433281Z: [    5.222513] ata1: SATA max UDMA/133 abar m4096@0xfebd2000 port 0xfebd2100 irq 24
[STDERR  ] 2017-08-07T19:48:12.283442843Z: [    5.223031] ata2: SATA max UDMA/133 abar m4096@0xfebd2000 port 0xfebd2180 irq 24
[STDERR  ] 2017-08-07T19:48:12.283451988Z: [    5.223492] ata3: SATA max UDMA/133 abar m4096@0xfebd2000 port 0xfebd2200 irq 24
[STDERR  ] 2017-08-07T19:48:12.283460794Z: [    5.223959] ata4: SATA max UDMA/133 abar m4096@0xfebd2000 port 0xfebd2280 irq 24
[STDERR  ] 2017-08-07T19:48:12.283469578Z: [    5.224402] ata5: SATA max UDMA/133 abar m4096@0xfebd2000 port 0xfebd2300 irq 24
[STDERR  ] 2017-08-07T19:48:12.283478308Z: [    5.224895] ata6: SATA max UDMA/133 abar m4096@0xfebd2000 port 0xfebd2380 irq 24
[STDERR  ] 2017-08-07T19:48:12.283487197Z: [    5.239648] tun: Universal TUN/TAP device driver, 1.6
[STDERR  ] 2017-08-07T19:48:12.283504218Z: [    5.240438] tun: (C) 1999-2004 Max Krasnyansky <maxk@qualcomm.com>
[STDERR  ] 2017-08-07T19:48:12.283515611Z: [    5.253177] VMware vmxnet3 virtual NIC driver - version 1.4.5.0-k-NAPI
[STDERR  ] 2017-08-07T19:48:12.283524927Z: [    5.254224] hv_vmbus: registering driver hv_netvsc
[STDERR  ] 2017-08-07T19:48:12.283535747Z: [    5.254585] Fusion MPT base driver 3.04.20
[STDERR  ] 2017-08-07T19:48:12.283544693Z: [    5.254828] Copyright (c) 1999-2008 LSI Corporation
[STDERR  ] 2017-08-07T19:48:12.28355825Z: [    5.255480] Fusion MPT SPI Host driver 3.04.20
[STDERR  ] 2017-08-07T19:48:12.283567177Z: [    5.258033] i8042: PNP: PS/2 Controller [PNP0303:KBD,PNP0f13:MOU] at 0x60,0x64 irq 1,12
[STDERR  ] 2017-08-07T19:48:12.28357608Z: [    5.263338] serio: i8042 KBD port at 0x60,0x64 irq 1
[STDERR  ] 2017-08-07T19:48:12.283585285Z: [    5.264134] serio: i8042 AUX port at 0x60,0x64 irq 12
[STDERR  ] 2017-08-07T19:48:12.28359469Z: [    5.268221] hv_vmbus: registering driver hyperv_keyboard
[STDERR  ] 2017-08-07T19:48:12.283603797Z: [    5.271230] mousedev: PS/2 mouse device common for all mice
[STDERR  ] 2017-08-07T19:48:12.283612465Z: [    5.277255] input: AT Translated Set 2 keyboard as /devices/platform/i8042/serio0/input/input1
[STDERR  ] 2017-08-07T19:48:12.283628404Z: [    5.281332] input: PC Speaker as /devices/platform/pcspkr/input/input2
[STDERR  ] 2017-08-07T19:48:12.283638215Z: [    5.286264] rtc_cmos 00:00: RTC can wake from S4
[STDERR  ] 2017-08-07T19:48:12.283647081Z: [    5.289721] rtc_cmos 00:00: rtc core: registered rtc_cmos as rtc0
[STDERR  ] 2017-08-07T19:48:12.28365581Z: [    5.291401] rtc_cmos 00:00: alarms up to one day, y3k, 114 bytes nvram, hpet irqs
[STDERR  ] 2017-08-07T19:48:12.283664598Z: [    5.292247] i2c /dev entries driver
[STDERR  ] 2017-08-07T19:48:12.283673411Z: [    5.294643] device-mapper: ioctl: 4.34.0-ioctl (2015-10-28) initialised: dm-devel@redhat.com
[STDERR  ] 2017-08-07T19:48:12.283682081Z: [    5.299954] usbcore: registered new interface driver usbhid
[STDERR  ] 2017-08-07T19:48:12.283690861Z: [    5.300748] usbhid: USB HID core driver
[STDERR  ] 2017-08-07T19:48:12.283699755Z: [    5.301559] hv_utils: Registering HyperV Utility Driver
[STDERR  ] 2017-08-07T19:48:12.283710291Z: [    5.301931] hv_vmbus: registering driver hv_util
[STDERR  ] 2017-08-07T19:48:12.283719128Z: [    5.302313] hv_vmbus: registering driver hv_balloon
[STDERR  ] 2017-08-07T19:48:12.283728223Z: [    5.302929] oprofile: using NMI interrupt.
[STDERR  ] 2017-08-07T19:48:12.283737085Z: [    5.304185] GACT probability on
[STDERR  ] 2017-08-07T19:48:12.283746371Z: [    5.304631] Mirror/redirect action on
[STDERR  ] 2017-08-07T19:48:12.283755331Z: [    5.305030] Simple TC action Loaded
[STDERR  ] 2017-08-07T19:48:12.283764115Z: [    5.305524] u32 classifier
[STDERR  ] 2017-08-07T19:48:12.283777945Z: [    5.305759]     Performance counters on
[STDERR  ] 2017-08-07T19:48:12.283787021Z: [    5.306036]     input device check on
[STDERR  ] 2017-08-07T19:48:12.283796961Z: [    5.306322]     Actions configured
[STDERR  ] 2017-08-07T19:48:12.283805961Z: [    5.307514] Netfilter messages via NETLINK v0.30.
[STDERR  ] 2017-08-07T19:48:12.283814718Z: [    5.308108] nfnl_acct: registering with nfnetlink.
[STDERR  ] 2017-08-07T19:48:12.283824001Z: [    5.309192] nf_conntrack version 0.5.0 (7922 buckets, 31688 max)
[STDERR  ] 2017-08-07T19:48:12.283833317Z: [    5.314993] ctnetlink v0.93: registering with nfnetlink.
[STDERR  ] 2017-08-07T19:48:12.283842081Z: [    5.319847] nf_tables: (c) 2007-2009 Patrick McHardy <kaber@trash.net>
[STDERR  ] 2017-08-07T19:48:12.28385098Z: [    5.321706] nf_tables_compat: (c) 2012 Pablo Neira Ayuso <pablo@netfilter.org>
[STDERR  ] 2017-08-07T19:48:12.283860045Z: [    5.327450] xt_time: kernel timezone is -0000
[STDERR  ] 2017-08-07T19:48:12.283869674Z: [    5.328146] ip_set: protocol 6
[STDERR  ] 2017-08-07T19:48:12.283879097Z: [    5.329297] IPVS: Registered protocols (TCP, UDP, SCTP, AH, ESP)
[STDERR  ] 2017-08-07T19:48:12.283888023Z: [    5.330105] IPVS: Connection hash table configured (size=4096, memory=64Kbytes)
[STDERR  ] 2017-08-07T19:48:12.28389683Z: [    5.332829] IPVS: Creating netns size=2096 id=0
[STDERR  ] 2017-08-07T19:48:12.283905837Z: [    5.335730] IPVS: ipvs loaded.
[STDERR  ] 2017-08-07T19:48:12.2839149Z: [    5.336078] IPVS: [rr] scheduler registered.
[STDERR  ] 2017-08-07T19:48:12.283923807Z: [    5.336285] IPVS: [wrr] scheduler registered.
[STDERR  ] 2017-08-07T19:48:12.283937664Z: [    5.336447] IPVS: [lc] scheduler registered.
[STDERR  ] 2017-08-07T19:48:12.28395193Z: [    5.336602] IPVS: [wlc] scheduler registered.
[STDERR  ] 2017-08-07T19:48:12.283960975Z: [    5.336758] IPVS: [fo] scheduler registered.
[STDERR  ] 2017-08-07T19:48:12.283969787Z: [    5.336913] IPVS: [ovf] scheduler registered.
[STDERR  ] 2017-08-07T19:48:12.283978644Z: [    5.337236] IPVS: [lblc] scheduler registered.
[STDERR  ] 2017-08-07T19:48:12.283987665Z: [    5.337557] IPVS: [lblcr] scheduler registered.
[STDERR  ] 2017-08-07T19:48:12.283996595Z: [    5.338094] IPVS: [dh] scheduler registered.
[STDERR  ] 2017-08-07T19:48:12.284005981Z: [    5.338430] IPVS: [sh] scheduler registered.
[STDERR  ] 2017-08-07T19:48:12.284014814Z: [    5.338705] IPVS: [sed] scheduler registered.
[STDERR  ] 2017-08-07T19:48:12.284023557Z: [    5.339006] IPVS: [nq] scheduler registered.
[STDERR  ] 2017-08-07T19:48:12.284032301Z: [    5.339808] IPVS: ftp: loaded support on port[0] = 21
[STDERR  ] 2017-08-07T19:48:12.28404114Z: [    5.341225] ipip: IPv4 over IPv4 tunneling driver
[STDERR  ] 2017-08-07T19:48:12.284049988Z: [    5.345241] gre: GRE over IPv4 demultiplexor driver
[STDERR  ] 2017-08-07T19:48:12.284059053Z: [    5.348618] ip_tables: (C) 2000-2006 Netfilter Core Team
[STDERR  ] 2017-08-07T19:48:12.284068753Z: [    5.352484] ipt_CLUSTERIP: ClusterIP Version 0.8 loaded successfully
[STDERR  ] 2017-08-07T19:48:12.284080183Z: [    5.353271] arp_tables: (C) 2002 David S. Miller
[STDERR  ] 2017-08-07T19:48:12.28408607Z: [    5.355910] NET: Registered protocol family 10
[STDERR  ] 2017-08-07T19:48:12.28409147Z: [    5.366245] ip6_tables: (C) 2000-2006 Netfilter Core Team
[STDERR  ] 2017-08-07T19:48:12.284098793Z: [    5.371368] NET: Registered protocol family 17
[STDERR  ] 2017-08-07T19:48:12.28410938Z: [    5.372509] bridge: automatic filtering via arp/ip/ip6tables has been deprecated. Update your scripts to load br_netfilter if you need this.
[STDERR  ] 2017-08-07T19:48:12.284115933Z: [    5.374083] Bridge firewalling registered
[STDERR  ] 2017-08-07T19:48:12.284121355Z: [    5.374848] Ebtables v2.0 registered
[STDERR  ] 2017-08-07T19:48:12.284126851Z: [    5.377736] 8021q: 802.1Q VLAN Support v1.8
[STDERR  ] 2017-08-07T19:48:12.28413213Z: [    5.379350] 9pnet: Installing 9P2000 support
[STDERR  ] 2017-08-07T19:48:12.284137465Z: [    5.381708] Key type dns_resolver registered
[STDERR  ] 2017-08-07T19:48:12.28414696Z: [    5.382411] hv_sock: failed to load: VMBus 4 or later is required
[STDERR  ] 2017-08-07T19:48:12.284152955Z: [    5.383058] microcode: AMD CPU family 0x6 not supported
[STDERR  ] 2017-08-07T19:48:12.284158745Z: [    5.388233] registered taskstats version 1
[STDERR  ] 2017-08-07T19:48:12.284163988Z: [    5.547645] Key type encrypted registered
[STDERR  ] 2017-08-07T19:48:12.284173448Z: [    5.555186] rtc_cmos 00:00: setting system clock to 2017-08-07 19:47:38 UTC (1502135258)
[STDERR  ] 2017-08-07T19:48:12.284179088Z: [    5.571797] ata1: SATA link down (SStatus 0 SControl 300)
[STDERR  ] 2017-08-07T19:48:12.284184531Z: [    5.574041] ata2: SATA link down (SStatus 0 SControl 300)
[STDERR  ] 2017-08-07T19:48:12.284190738Z: [    5.580959] ata3: SATA link up 1.5 Gbps (SStatus 113 SControl 300)
[STDERR  ] 2017-08-07T19:48:12.284198774Z: [    5.585096] ata3.00: ATAPI: QEMU DVD-ROM, 2.5+, max UDMA/100
[STDERR  ] 2017-08-07T19:48:12.284204827Z: [    5.585721] ata3.00: applying bridge limits
[STDERR  ] 2017-08-07T19:48:12.284210208Z: [    5.587848] ata3.00: configured for UDMA/100
[STDERR  ] 2017-08-07T19:48:12.284215567Z: [    5.591323] ata4: SATA link down (SStatus 0 SControl 300)
[STDERR  ] 2017-08-07T19:48:12.284221395Z: [    5.591804] ata5: SATA link down (SStatus 0 SControl 300)
[STDERR  ] 2017-08-07T19:48:12.284226894Z: [    5.592331] ata6: SATA link down (SStatus 0 SControl 300)
[STDERR  ] 2017-08-07T19:48:12.284232724Z: [    5.603009] scsi 2:0:0:0: CD-ROM            QEMU     QEMU DVD-ROM     2.5+ PQ: 0 ANSI: 5
[STDERR  ] 2017-08-07T19:48:12.284241771Z: [    5.613460] sr 2:0:0:0: [sr0] scsi3-mmc drive: 4x/4x cd/rw xa/form2 tray
[STDERR  ] 2017-08-07T19:48:12.28425419Z: [    5.614263] cdrom: Uniform CD-ROM driver Revision: 3.20
[STDERR  ] 2017-08-07T19:48:12.284265395Z: [    5.621287] sr 2:0:0:0: Attached scsi generic sg0 type 5
[STDERR  ] 2017-08-07T19:48:12.284273834Z: [    5.762095] Freeing unused kernel memory: 1296K (ffffffffb1d3d000 - ffffffffb1e81000)
[STDERR  ] 2017-08-07T19:48:12.284282837Z: [    5.762760] Write protecting the kernel read-only data: 12288k
[STDERR  ] 2017-08-07T19:48:12.284292063Z: [    5.774341] Freeing unused kernel memory: 584K (ffff88003176e000 - ffff880031800000)
[STDERR  ] 2017-08-07T19:48:12.284303651Z: [    5.910427] Freeing unused kernel memory: 1400K (ffff880031aa2000 - ffff880031c00000)
[STDERR  ] 2017-08-07T19:48:12.284317364Z: [    5.911446] tsc: Refined TSC clocksource calibration: 2599.999 MHz
[STDERR  ] 2017-08-07T19:48:12.284324311Z: [    5.911872] clocksource: tsc: mask: 0xffffffffffffffff max_cycles: 0x257a3b2ad7e, max_idle_ns: 440795282337 ns
[STDERR  ] 2017-08-07T19:48:12.284330511Z: [    6.921292] clocksource: Switched to clocksource tsc
[STDERR  ] 2017-08-07T19:48:12.284337115Z: 
[STDERR  ] 2017-08-07T19:48:12.284348443Z: Welcome to LinuxKit
[STDERR  ] 2017-08-07T19:48:12.28435407Z: 
[STDERR  ] 2017-08-07T19:48:12.284360084Z:                         ##         .
[STDERR  ] 2017-08-07T19:48:12.284365987Z:                   ## ## ##        ==
[STDERR  ] 2017-08-07T19:48:12.284372648Z:                ## ## ## ## ##    ===
[STDERR  ] 2017-08-07T19:48:12.284378298Z:            /"""""""""""""""""\___/ ===
[STDERR  ] 2017-08-07T19:48:12.284385587Z:           {                       /  ===-
[STDERR  ] 2017-08-07T19:48:12.284391605Z:            \______ O           __/
[STDERR  ] 2017-08-07T19:48:12.284397351Z:              \    \         __/
[STDERR  ] 2017-08-07T19:48:12.284402911Z:               \____\_______/
[STDERR  ] 2017-08-07T19:48:12.284408541Z: 
[STDERR  ] 2017-08-07T19:48:12.284415133Z: starting kernel config sanity test with /proc/config.gz
[STDERR  ] 2017-08-07T19:48:12.28442134Z: [   18.773002] RPC: Registered named UNIX socket transport module.
[STDERR  ] 2017-08-07T19:48:12.28442761Z: [   18.773635] RPC: Registered udp transport module.
[STDERR  ] 2017-08-07T19:48:12.284433113Z: [   18.774026] RPC: Registered tcp transport module.
[STDERR  ] 2017-08-07T19:48:12.284438477Z: [   18.774396] RPC: Registered tcp NFSv4.1 backchannel transport module.
[STDERR  ] 2017-08-07T19:48:12.284449143Z: [   18.883924] FS-Cache: Netfs 'nfs' registered for caching
[STDERR  ] 2017-08-07T19:48:12.284454821Z: [   18.989289] Installing knfsd (copyright (C) 1996 okir@monad.swb.de).
[STDERR  ] 2017-08-07T19:48:12.284460615Z: [   19.046435] ntfs: driver 2.1.32 [Flags: R/O MODULE].
[STDERR  ] 2017-08-07T19:48:12.284473807Z: kernel config test succeeded!
[STDERR  ] 2017-08-07T19:48:12.284479393Z: [37minfo: reading kernel config from /proc/config.gz ...[m
[STDERR  ] 2017-08-07T19:48:12.284484901Z: 
[STDERR  ] 2017-08-07T19:48:12.284490815Z: Generally Necessary:
[STDERR  ] 2017-08-07T19:48:12.28450478Z: - [37mcgroup hierarchy[m: [32mproperly mounted[m [/sys/fs/cgroup]
[STDERR  ] 2017-08-07T19:48:12.284512194Z: - [37mCONFIG_NAMESPACES[m: [32menabled[m
[STDERR  ] 2017-08-07T19:48:12.284517594Z: - [37mCONFIG_NET_NS[m: [32menabled[m
[STDERR  ] 2017-08-07T19:48:12.284522953Z: - [37mCONFIG_PID_NS[m: [32menabled[m
[STDERR  ] 2017-08-07T19:48:12.28452826Z: - [37mCONFIG_IPC_NS[m: [32menabled[m
[STDERR  ] 2017-08-07T19:48:12.284533673Z: - [37mCONFIG_UTS_NS[m: [32menabled[m
[STDERR  ] 2017-08-07T19:48:12.284540361Z: - [37mCONFIG_CGROUPS[m: [32menabled[m
[STDERR  ] 2017-08-07T19:48:12.284545778Z: - [37mCONFIG_CGROUP_CPUACCT[m: [32menabled[m
[STDERR  ] 2017-08-07T19:48:12.284551138Z: - [37mCONFIG_CGROUP_DEVICE[m: [32menabled[m
[STDERR  ] 2017-08-07T19:48:12.284556634Z: - [37mCONFIG_CGROUP_FREEZER[m: [32menabled[m
[STDERR  ] 2017-08-07T19:48:12.284562051Z: - [37mCONFIG_CGROUP_SCHED[m: [32menabled[m
[STDERR  ] 2017-08-07T19:48:12.284567438Z: - [37mCONFIG_CPUSETS[m: [32menabled[m
[STDERR  ] 2017-08-07T19:48:12.284576215Z: - [37mCONFIG_MEMCG[m: [32menabled[m
[STDERR  ] 2017-08-07T19:48:12.284581957Z: - [37mCONFIG_KEYS[m: [32menabled[m
[STDERR  ] 2017-08-07T19:48:12.284587194Z: - [37mCONFIG_VETH[m: [32menabled[m
[STDERR  ] 2017-08-07T19:48:12.284597894Z: - [37mCONFIG_BRIDGE[m: [32menabled[m
[STDERR  ] 2017-08-07T19:48:12.284603377Z: - [37mCONFIG_BRIDGE_NETFILTER[m: [32menabled[m
[STDERR  ] 2017-08-07T19:48:12.284608838Z: - [37mCONFIG_NF_NAT_IPV4[m: [32menabled[m
[STDERR  ] 2017-08-07T19:48:12.284616328Z: - [37mCONFIG_IP_NF_FILTER[m: [32menabled[m
[STDERR  ] 2017-08-07T19:48:12.284621787Z: - [37mCONFIG_IP_NF_TARGET_MASQUERADE[m: [32menabled[m
[STDERR  ] 2017-08-07T19:48:12.284627695Z: - [37mCONFIG_NETFILTER_XT_MATCH_ADDRTYPE[m: [32menabled[m
[STDERR  ] 2017-08-07T19:48:12.284633228Z: - [37mCONFIG_NETFILTER_XT_MATCH_CONNTRACK[m: [32menabled[m
[STDERR  ] 2017-08-07T19:48:12.2846405Z: - [37mCONFIG_NETFILTER_XT_MATCH_IPVS[m: [32menabled[m
[STDERR  ] 2017-08-07T19:48:12.284646284Z: - [37mCONFIG_IP_NF_NAT[m: [32menabled[m
[STDERR  ] 2017-08-07T19:48:12.284651761Z: - [37mCONFIG_NF_NAT[m: [32menabled[m
[STDERR  ] 2017-08-07T19:48:12.284657231Z: - [37mCONFIG_NF_NAT_NEEDED[m: [32menabled[m
[STDERR  ] 2017-08-07T19:48:12.284662557Z: - [37mCONFIG_POSIX_MQUEUE[m: [32menabled[m
[STDERR  ] 2017-08-07T19:48:12.284667858Z: - [37mCONFIG_DEVPTS_MULTIPLE_INSTANCES[m: [32menabled[m
[STDERR  ] 2017-08-07T19:48:12.284673205Z: 
[STDERR  ] 2017-08-07T19:48:12.284680243Z: Optional Features:
[STDERR  ] 2017-08-07T19:48:12.284685755Z: - [37mCONFIG_USER_NS[m: [32menabled[m
[STDERR  ] 2017-08-07T19:48:12.284690987Z: - [37mCONFIG_SECCOMP[m: [32menabled[m
[STDERR  ] 2017-08-07T19:48:12.284696383Z: - [37mCONFIG_CGROUP_PIDS[m: [32menabled[m
[STDERR  ] 2017-08-07T19:48:12.284701687Z: - [37mCONFIG_MEMCG_SWAP[m: [32menabled[m
[STDERR  ] 2017-08-07T19:48:12.284707033Z: - [37mCONFIG_MEMCG_SWAP_ENABLED[m: [32menabled[m
[STDERR  ] 2017-08-07T19:48:12.284712297Z:     [1;30m(cgroup swap accounting is currently enabled)[m
[STDERR  ] 2017-08-07T19:48:12.28471776Z: - [1mCONFIG_LEGACY_VSYSCALL_NONE[m: [1;31menabled[m
[STDERR  ] 2017-08-07T19:48:12.28472325Z:     [1;30m(containers using eglibc <= 2.13 will not work. Switch to[m
[STDERR  ] 2017-08-07T19:48:12.28472992Z:     [1;30m "CONFIG_VSYSCALL_[NATIVE|EMULATE]" or use "vsyscall=[native|emulate]"[m
[STDERR  ] 2017-08-07T19:48:12.284738808Z:     [1;30m on kernel command line. Note that this will disable ASLR for the,[m
[STDERR  ] 2017-08-07T19:48:12.284744488Z:     [1;30m VDSO which may assist in exploiting security vulnerabilities.)[m
[STDERR  ] 2017-08-07T19:48:12.284749831Z: - [37mCONFIG_MEMCG_KMEM[m: [32menabled[m
[STDERR  ] 2017-08-07T19:48:12.28475509Z: - [37mCONFIG_BLK_CGROUP[m: [32menabled[m
[STDERR  ] 2017-08-07T19:48:12.284760314Z: - [37mCONFIG_BLK_DEV_THROTTLING[m: [32menabled[m
[STDERR  ] 2017-08-07T19:48:12.284765715Z: - [37mCONFIG_IOSCHED_CFQ[m: [32menabled[m
[STDERR  ] 2017-08-07T19:48:12.284771023Z: - [37mCONFIG_CFQ_GROUP_IOSCHED[m: [32menabled[m
[STDERR  ] 2017-08-07T19:48:12.284776373Z: - [37mCONFIG_CGROUP_PERF[m: [32menabled[m
[STDERR  ] 2017-08-07T19:48:12.284791931Z: - [37mCONFIG_CGROUP_HUGETLB[m: [32menabled[m
[STDERR  ] 2017-08-07T19:48:12.284799991Z: - [37mCONFIG_NET_CLS_CGROUP[m: [32menabled[m
[STDERR  ] 2017-08-07T19:48:12.28481478Z: - [37mCONFIG_CGROUP_NET_PRIO[m: [32menabled[m
[STDERR  ] 2017-08-07T19:48:12.28482395Z: - [37mCONFIG_CFS_BANDWIDTH[m: [32menabled[m
[STDERR  ] 2017-08-07T19:48:12.284833005Z: - [37mCONFIG_FAIR_GROUP_SCHED[m: [32menabled[m
[STDERR  ] 2017-08-07T19:48:12.284842238Z: - [37mCONFIG_RT_GROUP_SCHED[m: [32menabled[m
[STDERR  ] 2017-08-07T19:48:12.284880137Z: - [37mCONFIG_IP_VS[m: [32menabled[m
[STDERR  ] 2017-08-07T19:48:12.284887741Z: - [37mCONFIG_IP_VS_NFCT[m: [32menabled[m
[STDERR  ] 2017-08-07T19:48:12.284893158Z: - [37mCONFIG_IP_VS_RR[m: [32menabled[m
[STDERR  ] 2017-08-07T19:48:12.284898621Z: - [37mCONFIG_EXT4_FS[m: [32menabled[m
[STDERR  ] 2017-08-07T19:48:12.28490865Z: - [37mCONFIG_EXT4_FS_POSIX_ACL[m: [32menabled[m
[STDERR  ] 2017-08-07T19:48:12.284914413Z: - [37mCONFIG_EXT4_FS_SECURITY[m: [32menabled[m
[STDERR  ] 2017-08-07T19:48:12.284919904Z: - Network Drivers:
[STDERR  ] 2017-08-07T19:48:12.284925667Z:   - "[34moverlay[m":
[STDERR  ] 2017-08-07T19:48:12.284931717Z:     - [37mCONFIG_VXLAN[m: [32menabled[m
[STDERR  ] 2017-08-07T19:48:12.284937243Z:       Optional (for encrypted networks):
[STDERR  ] 2017-08-07T19:48:12.284942528Z:       - [37mCONFIG_CRYPTO[m: [32menabled[m
[STDERR  ] 2017-08-07T19:48:12.284947828Z:       - [37mCONFIG_CRYPTO_AEAD[m: [32menabled[m
[STDERR  ] 2017-08-07T19:48:12.284953255Z:       - [37mCONFIG_CRYPTO_GCM[m: [32menabled[m
[STDERR  ] 2017-08-07T19:48:12.284964384Z:       - [37mCONFIG_CRYPTO_SEQIV[m: [32menabled[m
[STDERR  ] 2017-08-07T19:48:12.284969841Z:       - [37mCONFIG_CRYPTO_GHASH[m: [32menabled[m
[STDERR  ] 2017-08-07T19:48:12.284975168Z:       - [37mCONFIG_XFRM[m: [32menabled[m
[STDERR  ] 2017-08-07T19:48:12.284980555Z:       - [37mCONFIG_XFRM_USER[m: [32menabled (as module)[m
[STDERR  ] 2017-08-07T19:48:12.284986027Z:       - [37mCONFIG_XFRM_ALGO[m: [32menabled (as module)[m
[STDERR  ] 2017-08-07T19:48:12.284991304Z:       - [37mCONFIG_INET_ESP[m: [32menabled (as module)[m
[STDERR  ] 2017-08-07T19:48:12.28499803Z:       - [37mCONFIG_INET_XFRM_MODE_TRANSPORT[m: [32menabled (as module)[m
[STDERR  ] 2017-08-07T19:48:12.285008034Z:   - "[34mipvlan[m":
[STDERR  ] 2017-08-07T19:48:12.285020125Z:     - [37mCONFIG_IPVLAN[m: [32menabled[m
[STDERR  ] 2017-08-07T19:48:12.285025473Z:   - "[34mmacvlan[m":
[STDERR  ] 2017-08-07T19:48:12.285031115Z:     - [37mCONFIG_MACVLAN[m: [32menabled[m
[STDERR  ] 2017-08-07T19:48:12.285036495Z:     - [37mCONFIG_DUMMY[m: [32menabled (as module)[m
[STDERR  ] 2017-08-07T19:48:12.285046335Z:   - "[34mftp,tftp client in container[m":
[STDERR  ] 2017-08-07T19:48:12.285051737Z:     - [37mCONFIG_NF_NAT_FTP[m: [32menabled[m
[STDERR  ] 2017-08-07T19:48:12.285063353Z:     - [37mCONFIG_NF_CONNTRACK_FTP[m: [32menabled[m
[STDERR  ] 2017-08-07T19:48:12.285068705Z:     - [37mCONFIG_NF_NAT_TFTP[m: [32menabled[m
[STDERR  ] 2017-08-07T19:48:12.285074004Z:     - [37mCONFIG_NF_CONNTRACK_TFTP[m: [32menabled[m
[STDERR  ] 2017-08-07T19:48:12.285083357Z: - Storage Drivers:
[STDERR  ] 2017-08-07T19:48:12.285089113Z:   - "[34maufs[m":
[STDERR  ] 2017-08-07T19:48:12.285094953Z:     - [1mCONFIG_AUFS_FS[m: [1;31mmissing[m
[STDERR  ] 2017-08-07T19:48:12.28510029Z:   - "[34mbtrfs[m":
[STDERR  ] 2017-08-07T19:48:12.285105727Z:     - [37mCONFIG_BTRFS_FS[m: [32menabled (as module)[m
[STDERR  ] 2017-08-07T19:48:12.285110965Z:     - [37mCONFIG_BTRFS_FS_POSIX_ACL[m: [32menabled[m
[STDERR  ] 2017-08-07T19:48:12.285116221Z:   - "[34mdevicemapper[m":
[STDERR  ] 2017-08-07T19:48:12.285121894Z:     - [37mCONFIG_BLK_DEV_DM[m: [32menabled[m
[STDERR  ] 2017-08-07T19:48:12.28512715Z:     - [37mCONFIG_DM_THIN_PROVISIONING[m: [32menabled[m
[STDERR  ] 2017-08-07T19:48:12.285132467Z:   - "[34moverlay[m":
[STDERR  ] 2017-08-07T19:48:12.285138155Z:     - [37mCONFIG_OVERLAY_FS[m: [32menabled[m
[STDERR  ] 2017-08-07T19:48:12.285143377Z:   - "[34mzfs[m":
[STDERR  ] 2017-08-07T19:48:12.285148858Z:     - [1m/dev/zfs[m: [1;31mmissing[m
[STDERR  ] 2017-08-07T19:48:12.285154143Z:     - [1mzfs command[m: [1;31mmissing[m
[STDERR  ] 2017-08-07T19:48:12.285159363Z:     - [1mzpool command[m: [1;31mmissing[m
[STDERR  ] 2017-08-07T19:48:12.285168794Z: 
[STDERR  ] 2017-08-07T19:48:12.28517433Z: Limits:
[STDERR  ] 2017-08-07T19:48:12.285179593Z: [37m- /proc/sys/kernel/keys/root_maxkeys[m: [32m1000000[m
[STDERR  ] 2017-08-07T19:48:12.28518485Z: 
[STDERR  ] 2017-08-07T19:48:12.285190421Z: Kernel config test suite PASSED
[STDERR  ] 2017-08-07T19:48:12.285195721Z: [   38.709650] ACPI: Preparing to enter system sleep state S5
[STDERR  ] 2017-08-07T19:48:12.285200947Z: [   38.711857] reboot: Power down
[STDERR  ] 2017-08-07T19:48:12.285213177Z: + echo [    0.000000] Initializing cgroup subsys cpuset
[STDERR  ] 2017-08-07T19:48:12.285218704Z: [    0.000000] Initializing cgroup subsys cpu
[STDERR  ] 2017-08-07T19:48:12.285223913Z: [    0.000000] Initializing cgroup subsys cpuacct
[STDERR  ] 2017-08-07T19:48:12.285229343Z: [    0.000000] Linux version 4.4.79-linuxkit (root@e1ede117fb1e) (gcc version 6.3.0 (Alpine 6.3.0) ) #1 SMP Wed Aug 2 16:48:37 UTC 2017
[STDERR  ] 2017-08-07T19:48:12.28523524Z: [    0.000000] Command line: console=ttyS0
[STDERR  ] 2017-08-07T19:48:12.285240627Z: [    0.000000] x86/fpu: Legacy x87 FPU detected.
[STDERR  ] 2017-08-07T19:48:12.285245973Z: [    0.000000] x86/fpu: Using 'lazy' FPU context switches.
[STDERR  ] 2017-08-07T19:48:12.285251233Z: [    0.000000] e820: BIOS-provided physical RAM map:
[STDERR  ] 2017-08-07T19:48:12.285256525Z: [    0.000000] BIOS-e820: [mem 0x0000000000000000-0x000000000009fbff] usable
[STDERR  ] 2017-08-07T19:48:12.285262507Z: [    0.000000] BIOS-e820: [mem 0x000000000009fc00-0x000000000009ffff] reserved
[STDERR  ] 2017-08-07T19:48:12.285268048Z: [    0.000000] BIOS-e820: [mem 0x00000000000f0000-0x00000000000fffff] reserved
[STDERR  ] 2017-08-07T19:48:12.285275091Z: [    0.000000] BIOS-e820: [mem 0x0000000000100000-0x000000003ffdefff] usable
[STDERR  ] 2017-08-07T19:48:12.28528099Z: [    0.000000] BIOS-e820: [mem 0x000000003ffdf000-0x000000003fffffff] reserved
[STDERR  ] 2017-08-07T19:48:12.28528641Z: [    0.000000] BIOS-e820: [mem 0x00000000b0000000-0x00000000bfffffff] reserved
[STDERR  ] 2017-08-07T19:48:12.285291745Z: [    0.000000] BIOS-e820: [mem 0x00000000fed1c000-0x00000000fed1ffff] reserved
[STDERR  ] 2017-08-07T19:48:12.2852971Z: [    0.000000] BIOS-e820: [mem 0x00000000fffc0000-0x00000000ffffffff] reserved
[STDERR  ] 2017-08-07T19:48:12.285302475Z: [    0.000000] NX (Execute Disable) protection: active
[STDERR  ] 2017-08-07T19:48:12.285307753Z: [    0.000000] SMBIOS 2.8 present.
[STDERR  ] 2017-08-07T19:48:12.28531461Z: [    0.000000] e820: last_pfn = 0x3ffdf max_arch_pfn = 0x400000000
[STDERR  ] 2017-08-07T19:48:12.28532011Z: [    0.000000] x86/PAT: Configuration [0-7]: WB  WC  UC- UC  WB  WC  UC- WT  
[STDERR  ] 2017-08-07T19:48:12.285325501Z: [    0.000000] found SMP MP-table at [mem 0x000f6aa0-0x000f6aaf] mapped at [ffff8800000f6aa0]
[STDERR  ] 2017-08-07T19:48:12.285335215Z: [    0.000000] RAMDISK: [mem 0x3f1b0000-0x3ffcffff]
[STDERR  ] 2017-08-07T19:48:12.285343868Z: [    0.000000] ACPI: Early table checksum verification disabled
[STDERR  ] 2017-08-07T19:48:12.285349447Z: [    0.000000] ACPI: RSDP 0x00000000000F68C0 000014 (v00 BOCHS )
[STDERR  ] 2017-08-07T19:48:12.285354775Z: [    0.000000] ACPI: RSDT 0x000000003FFE2404 000034 (v01 BOCHS  BXPCRSDT 00000001 BXPC 00000001)
[STDERR  ] 2017-08-07T19:48:12.285360161Z: [    0.000000] ACPI: FACP 0x000000003FFE22A4 000074 (v01 BOCHS  BXPCFACP 00000001 BXPC 00000001)
[STDERR  ] 2017-08-07T19:48:12.285365518Z: [    0.000000] ACPI: DSDT 0x000000003FFE0040 002264 (v01 BOCHS  BXPCDSDT 00000001 BXPC 00000001)
[STDERR  ] 2017-08-07T19:48:12.285370801Z: [    0.000000] ACPI: FACS 0x000000003FFE0000 000040
[STDERR  ] 2017-08-07T19:48:12.28537615Z: [    0.000000] ACPI: APIC 0x000000003FFE2318 000078 (v01 BOCHS  BXPCAPIC 00000001 BXPC 00000001)
[STDERR  ] 2017-08-07T19:48:12.285381413Z: [    0.000000] ACPI: HPET 0x000000003FFE2390 000038 (v01 BOCHS  BXPCHPET 00000001 BXPC 00000001)
[STDERR  ] 2017-08-07T19:48:12.285386773Z: [    0.000000] ACPI: MCFG 0x000000003FFE23C8 00003C (v01 BOCHS  BXPCMCFG 00000001 BXPC 00000001)
[STDERR  ] 2017-08-07T19:48:12.285391993Z: [    0.000000] Zone ranges:
[STDERR  ] 2017-08-07T19:48:12.285397731Z: [    0.000000]   DMA      [mem 0x0000000000001000-0x0000000000ffffff]
[STDERR  ] 2017-08-07T19:48:12.285403017Z: [    0.000000]   DMA32    [mem 0x0000000001000000-0x000000003ffdefff]
[STDERR  ] 2017-08-07T19:48:12.285409428Z: [    0.000000]   Normal   empty
[STDERR  ] 2017-08-07T19:48:12.285414783Z: [    0.000000] Movable zone start for each node
[STDERR  ] 2017-08-07T19:48:12.285420123Z: [    0.000000] Early memory node ranges
[STDERR  ] 2017-08-07T19:48:12.285428361Z: [    0.000000]   node   0: [mem 0x0000000000001000-0x000000000009efff]
[STDERR  ] 2017-08-07T19:48:12.285434098Z: [    0.000000]   node   0: [mem 0x0000000000100000-0x000000003ffdefff]
[STDERR  ] 2017-08-07T19:48:12.285439341Z: [    0.000000] Initmem setup node 0 [mem 0x0000000000001000-0x000000003ffdefff]
[STDERR  ] 2017-08-07T19:48:12.285444635Z: [    0.000000] ACPI: PM-Timer IO Port: 0x608
[STDERR  ] 2017-08-07T19:48:12.285449927Z: [    0.000000] ACPI: LAPIC_NMI (acpi_id[0xff] dfl dfl lint[0x1])
[STDERR  ] 2017-08-07T19:48:12.28545516Z: [    0.000000] IOAPIC[0]: apic_id 0, version 32, address 0xfec00000, GSI 0-23
[STDERR  ] 2017-08-07T19:48:12.285460511Z: [    0.000000] ACPI: INT_SRC_OVR (bus 0 bus_irq 0 global_irq 2 dfl dfl)
[STDERR  ] 2017-08-07T19:48:12.285470005Z: [    0.000000] ACPI: INT_SRC_OVR (bus 0 bus_irq 5 global_irq 5 high level)
[STDERR  ] 2017-08-07T19:48:12.28547568Z: [    0.000000] ACPI: INT_SRC_OVR (bus 0 bus_irq 9 global_irq 9 high level)
[STDERR  ] 2017-08-07T19:48:12.285482915Z: [    0.000000] ACPI: INT_SRC_OVR (bus 0 bus_irq 10 global_irq 10 high level)
[STDERR  ] 2017-08-07T19:48:12.285488793Z: [    0.000000] ACPI: INT_SRC_OVR (bus 0 bus_irq 11 global_irq 11 high level)
[STDERR  ] 2017-08-07T19:48:12.285499161Z: [    0.000000] Using ACPI (MADT) for SMP configuration information
[STDERR  ] 2017-08-07T19:48:12.285505684Z: [    0.000000] ACPI: HPET id: 0x8086a201 base: 0xfed00000
[STDERR  ] 2017-08-07T19:48:12.285511001Z: [    0.000000] smpboot: Allowing 1 CPUs, 0 hotplug CPUs
[STDERR  ] 2017-08-07T19:48:12.285516507Z: [    0.000000] e820: [mem 0x40000000-0xafffffff] available for PCI devices
[STDERR  ] 2017-08-07T19:48:12.285521783Z: [    0.000000] Booting paravirtualized kernel on bare hardware
[STDERR  ] 2017-08-07T19:48:12.285532213Z: [    0.000000] clocksource: refined-jiffies: mask: 0xffffffff max_cycles: 0xffffffff, max_idle_ns: 19112604462750000 ns
[STDERR  ] 2017-08-07T19:48:12.285538503Z: [    0.000000] setup_percpu: NR_CPUS:128 nr_cpumask_bits:128 nr_cpu_ids:1 nr_node_ids:1
[STDERR  ] 2017-08-07T19:48:12.285543933Z: [    0.000000] PERCPU: Embedded 33 pages/cpu @ffff88003ee00000 s95896 r8192 d31080 u2097152
[STDERR  ] 2017-08-07T19:48:12.285550944Z: [    0.000000] Built 1 zonelists in Zone order, mobility grouping on.  Total pages: 257896
[STDERR  ] 2017-08-07T19:48:12.28555995Z: [    0.000000] Kernel command line: console=ttyS0
[STDERR  ] 2017-08-07T19:48:12.285569404Z: [    0.000000] PID hash table entries: 4096 (order: 3, 32768 bytes)
[STDERR  ] 2017-08-07T19:48:12.285575035Z: [    0.000000] Dentry cache hash table entries: 131072 (order: 8, 1048576 bytes)
[STDERR  ] 2017-08-07T19:48:12.285580803Z: [    0.000000] Inode-cache hash table entries: 65536 (order: 7, 524288 bytes)
[STDERR  ] 2017-08-07T19:48:12.285586548Z: [    0.000000] Memory: 999616K/1048052K available (7597K kernel code, 1261K rwdata, 2696K rodata, 1296K init, 688K bss, 48436K reserved, 0K cma-reserved)
[STDERR  ] 2017-08-07T19:48:12.285592513Z: [    0.000000] Hierarchical RCU implementation.
[STDERR  ] 2017-08-07T19:48:12.285597921Z: [    0.000000] 	Build-time adjustment of leaf fanout to 64.
[STDERR  ] 2017-08-07T19:48:12.285603377Z: [    0.000000] 	RCU restricting CPUs from NR_CPUS=128 to nr_cpu_ids=1.
[STDERR  ] 2017-08-07T19:48:12.285608651Z: [    0.000000] RCU: Adjusting geometry for rcu_fanout_leaf=64, nr_cpu_ids=1
[STDERR  ] 2017-08-07T19:48:12.285613907Z: [    0.000000] NR_IRQS:8448 nr_irqs:256 16
[STDERR  ] 2017-08-07T19:48:12.285619173Z: [    0.000000] Console: colour VGA+ 80x25
[STDERR  ] 2017-08-07T19:48:12.285624365Z: [    0.000000] console [ttyS0] enabled
[STDERR  ] 2017-08-07T19:48:12.285629655Z: [    0.000000] clocksource: hpet: mask: 0xffffffff max_cycles: 0xffffffff, max_idle_ns: 19112604467 ns
[STDERR  ] 2017-08-07T19:48:12.285635875Z: [    0.000000] tsc: Unable to calibrate against PIT
[STDERR  ] 2017-08-07T19:48:12.285641397Z: [    0.000000] tsc: using HPET reference calibration
[STDERR  ] 2017-08-07T19:48:12.285646584Z: [    0.000000] tsc: Detected 2600.058 MHz processor
[STDERR  ] 2017-08-07T19:48:12.285656563Z: [    0.053505] Calibrating delay loop (skipped), value calculated using timer frequency.. 5200.11 BogoMIPS (lpj=26000580)
[STDERR  ] 2017-08-07T19:48:12.285662571Z: [    0.055355] pid_max: default: 32768 minimum: 301
[STDERR  ] 2017-08-07T19:48:12.285667833Z: [    0.056338] ACPI: Core revision 20150930
[STDERR  ] 2017-08-07T19:48:12.285673117Z: [    0.101022] ACPI: 1 ACPI AML tables successfully acquired and loaded
[STDERR  ] 2017-08-07T19:48:12.285678627Z: [    0.103193] Security Framework initialized
[STDERR  ] 2017-08-07T19:48:12.285683891Z: [    0.103670] Yama: becoming mindful.
[STDERR  ] 2017-08-07T19:48:12.285690571Z: [    0.108208] Mount-cache hash table entries: 2048 (order: 2, 16384 bytes)
[STDERR  ] 2017-08-07T19:48:12.285696123Z: [    0.109020] Mountpoint-cache hash table entries: 2048 (order: 2, 16384 bytes)
[STDERR  ] 2017-08-07T19:48:12.285701738Z: [    0.125830] Initializing cgroup subsys io
[STDERR  ] 2017-08-07T19:48:12.285707683Z: [    0.126966] Initializing cgroup subsys memory
[STDERR  ] 2017-08-07T19:48:12.285717998Z: [    0.128019] Initializing cgroup subsys devices
[STDERR  ] 2017-08-07T19:48:12.285723387Z: [    0.128568] Initializing cgroup subsys freezer
[STDERR  ] 2017-08-07T19:48:12.285728755Z: [    0.129182] Initializing cgroup subsys net_cls
[STDERR  ] 2017-08-07T19:48:12.285734108Z: [    0.129722] Initializing cgroup subsys perf_event
[STDERR  ] 2017-08-07T19:48:12.285739443Z: [    0.130265] Initializing cgroup subsys net_prio
[STDERR  ] 2017-08-07T19:48:12.28574463Z: [    0.130810] Initializing cgroup subsys hugetlb
[STDERR  ] 2017-08-07T19:48:12.285750003Z: [    0.131335] Initializing cgroup subsys pids
[STDERR  ] 2017-08-07T19:48:12.285755244Z: [    0.133921] Last level iTLB entries: 4KB 0, 2MB 0, 4MB 0
[STDERR  ] 2017-08-07T19:48:12.285760485Z: [    0.134434] Last level dTLB entries: 4KB 0, 2MB 0, 4MB 0, 1GB 0
[STDERR  ] 2017-08-07T19:48:12.28576572Z: [    0.406330] Freeing SMP alternatives memory: 20K (ffffffffb1e81000 - ffffffffb1e86000)
[STDERR  ] 2017-08-07T19:48:12.28577096Z: [    0.416476] ftrace: allocating 33328 entries in 131 pages
[STDERR  ] 2017-08-07T19:48:12.285776265Z: [    0.595235] ..TIMER: vector=0x30 apic1=0 pin1=2 apic2=-1 pin2=-1
[STDERR  ] 2017-08-07T19:48:12.285785515Z: [    0.700000] smpboot: CPU0: AMD QEMU Virtual CPU version 2.5+ (family: 0x6, model: 0x6, stepping: 0x3)
[STDERR  ] 2017-08-07T19:48:12.285794588Z: [    0.700000] Performance Events: Broken PMU hardware detected, using software events only.
[STDERR  ] 2017-08-07T19:48:12.285799988Z: [    0.700000] Failed to access perfctr msr (MSR c0010007 is 0)
[STDERR  ] 2017-08-07T19:48:12.285805265Z: [    0.707413] x86: Booted up 1 node, 1 CPUs
[STDERR  ] 2017-08-07T19:48:12.285815164Z: [    0.707949] smpboot: Total of 1 processors activated (5200.11 BogoMIPS)
[STDERR  ] 2017-08-07T19:48:12.285820788Z: [    0.714547] NMI watchdog: disabled (cpu0): hardware events not enabled
[STDERR  ] 2017-08-07T19:48:12.285826245Z: [    0.715161] NMI watchdog: Shutting down hard lockup detector on all cpus
[STDERR  ] 2017-08-07T19:48:12.285831598Z: [    0.726321] devtmpfs: initialized
[STDERR  ] 2017-08-07T19:48:12.285837347Z: [    0.797920] clocksource: jiffies: mask: 0xffffffff max_cycles: 0xffffffff, max_idle_ns: 19112604462750000 ns
[STDERR  ] 2017-08-07T19:48:12.285843277Z: [    0.798945] futex hash table entries: 256 (order: 2, 16384 bytes)
[STDERR  ] 2017-08-07T19:48:12.285848503Z: [    0.813654] NET: Registered protocol family 16
[STDERR  ] 2017-08-07T19:48:12.285853755Z: [    0.822961] cpuidle: using governor ladder
[STDERR  ] 2017-08-07T19:48:12.285859098Z: [    0.823561] cpuidle: using governor menu
[STDERR  ] 2017-08-07T19:48:12.285864341Z: [    0.825128] ACPI: bus type PCI registered
[STDERR  ] 2017-08-07T19:48:12.285869524Z: [    0.828333] PCI: MMCONFIG for domain 0000 [bus 00-ff] at [mem 0xb0000000-0xbfffffff] (base 0xb0000000)
[STDERR  ] 2017-08-07T19:48:12.285884778Z: [    0.829250] PCI: MMCONFIG at [mem 0xb0000000-0xbfffffff] reserved in E820
[STDERR  ] 2017-08-07T19:48:12.28589349Z: [    0.830889] PCI: Using configuration type 1 for base access
[STDERR  ] 2017-08-07T19:48:12.285899091Z: [    0.892713] ACPI: Added _OSI(Module Device)
[STDERR  ] 2017-08-07T19:48:12.285904335Z: [    0.893025] ACPI: Added _OSI(Processor Device)
[STDERR  ] 2017-08-07T19:48:12.285909603Z: [    0.893429] ACPI: Added _OSI(3.0 _SCP Extensions)
[STDERR  ] 2017-08-07T19:48:12.285914993Z: [    0.893752] ACPI: Added _OSI(Processor Aggregator Device)
[STDERR  ] 2017-08-07T19:48:12.285920345Z: [    0.983732] ACPI: Interpreter enabled
[STDERR  ] 2017-08-07T19:48:12.285925683Z: [    0.984784] ACPI: (supports S0 S5)
[STDERR  ] 2017-08-07T19:48:12.285930897Z: [    0.985121] ACPI: Using IOAPIC for interrupt routing
[STDERR  ] 2017-08-07T19:48:12.285937417Z: [    0.987872] PCI: Using host bridge windows from ACPI; if necessary, use "pci=nocrs" and report a bug
[STDERR  ] 2017-08-07T19:48:12.285943013Z: [    1.054702] ACPI: PCI Root Bridge [PCI0] (domain 0000 [bus 00-ff])
[STDERR  ] 2017-08-07T19:48:12.285950234Z: [    1.056430] acpi PNP0A08:00: _OSC: OS supports [ExtendedConfig ASPM ClockPM Segments MSI]
[STDERR  ] 2017-08-07T19:48:12.28595558Z: [    1.063297] acpi PNP0A08:00: _OSC: OS now controls [PCIeHotplug PME PCIeCapability]
[STDERR  ] 2017-08-07T19:48:12.285960933Z: [    1.067387] PCI host bridge to bus 0000:00
[STDERR  ] 2017-08-07T19:48:12.285966295Z: [    1.067953] pci_bus 0000:00: root bus resource [io  0x0000-0x0cf7 window]
[STDERR  ] 2017-08-07T19:48:12.285971874Z: [    1.068442] pci_bus 0000:00: root bus resource [io  0x0d00-0xffff window]
[STDERR  ] 2017-08-07T19:48:12.285977068Z: [    1.068883] pci_bus 0000:00: root bus resource [mem 0x000a0000-0x000bffff window]
[STDERR  ] 2017-08-07T19:48:12.285982397Z: [    1.069378] pci_bus 0000:00: root bus resource [mem 0xc0000000-0xfebfffff window]
[STDERR  ] 2017-08-07T19:48:12.285988461Z: [    1.070149] pci_bus 0000:00: root bus resource [bus 00-ff]
[STDERR  ] 2017-08-07T19:48:12.285993761Z: [    1.205190] pci 0000:00:1f.0: quirk: [io  0x0600-0x067f] claimed by ICH6 ACPI/GPIO/TCO
[STDERR  ] 2017-08-07T19:48:12.286007037Z: [    1.282528] ACPI: PCI Interrupt Link [LNKA] (IRQs 5 *10 11)
[STDERR  ] 2017-08-07T19:48:12.286012717Z: [    1.285489] ACPI: PCI Interrupt Link [LNKB] (IRQs 5 *10 11)
[STDERR  ] 2017-08-07T19:48:12.286018127Z: [    1.287937] ACPI: PCI Interrupt Link [LNKC] (IRQs 5 10 *11)
[STDERR  ] 2017-08-07T19:48:12.286026961Z: [    1.290761] ACPI: PCI Interrupt Link [LNKD] (IRQs 5 10 *11)
[STDERR  ] 2017-08-07T19:48:12.286032488Z: [    1.292991] ACPI: PCI Interrupt Link [LNKE] (IRQs 5 *10 11)
[STDERR  ] 2017-08-07T19:48:12.286041995Z: [    1.294955] ACPI: PCI Interrupt Link [LNKF] (IRQs 5 *10 11)
[STDERR  ] 2017-08-07T19:48:12.286047225Z: [    1.297259] ACPI: PCI Interrupt Link [LNKG] (IRQs 5 10 *11)
[STDERR  ] 2017-08-07T19:48:12.286052511Z: [    1.299174] ACPI: PCI Interrupt Link [LNKH] (IRQs 5 10 *11)
[STDERR  ] 2017-08-07T19:48:12.286057718Z: [    1.300417] ACPI: PCI Interrupt Link [GSIA] (IRQs *16)
[STDERR  ] 2017-08-07T19:48:12.286062964Z: [    1.301121] ACPI: PCI Interrupt Link [GSIB] (IRQs *17)
[STDERR  ] 2017-08-07T19:48:12.28606832Z: [    1.301774] ACPI: PCI Interrupt Link [GSIC] (IRQs *18)
[STDERR  ] 2017-08-07T19:48:12.286073615Z: [    1.302521] ACPI: PCI Interrupt Link [GSID] (IRQs *19)
[STDERR  ] 2017-08-07T19:48:12.286078914Z: [    1.303213] ACPI: PCI Interrupt Link [GSIE] (IRQs *20)
[STDERR  ] 2017-08-07T19:48:12.286084128Z: [    1.304004] ACPI: PCI Interrupt Link [GSIF] (IRQs *21)
[STDERR  ] 2017-08-07T19:48:12.286089405Z: [    1.304762] ACPI: PCI Interrupt Link [GSIG] (IRQs *22)
[STDERR  ] 2017-08-07T19:48:12.286094687Z: [    1.305540] ACPI: PCI Interrupt Link [GSIH] (IRQs *23)
[STDERR  ] 2017-08-07T19:48:12.286099871Z: [    1.310745] ACPI: Enabled 2 GPEs in block 00 to 3F
[STDERR  ] 2017-08-07T19:48:12.286109913Z: [    1.315752] SCSI subsystem initialized
[STDERR  ] 2017-08-07T19:48:12.286115315Z: [    1.318792] ACPI: bus type USB registered
[STDERR  ] 2017-08-07T19:48:12.286120471Z: [    1.320691] usbcore: registered new interface driver usbfs
[STDERR  ] 2017-08-07T19:48:12.286128741Z: [    1.321568] usbcore: registered new interface driver hub
[STDERR  ] 2017-08-07T19:48:12.286134037Z: [    1.322471] usbcore: registered new device driver usb
[STDERR  ] 2017-08-07T19:48:12.28613925Z: [    1.323846] pps_core: LinuxPPS API ver. 1 registered
[STDERR  ] 2017-08-07T19:48:12.286144657Z: [    1.324179] pps_core: Software ver. 5.3.6 - Copyright 2005-2007 Rodolfo Giometti <giometti@linux.it>
[STDERR  ] 2017-08-07T19:48:12.286150151Z: [    1.325009] PTP clock support registered
[STDERR  ] 2017-08-07T19:48:12.286155325Z: [    1.326354] wmi: Mapper loaded
[STDERR  ] 2017-08-07T19:48:12.286162075Z: [    1.327533] PCI: Using ACPI for IRQ routing
[STDERR  ] 2017-08-07T19:48:12.286167415Z: [    1.350501] NetLabel: Initializing
[STDERR  ] 2017-08-07T19:48:12.286172743Z: [    1.350751] NetLabel:  domain hash size = 128
[STDERR  ] 2017-08-07T19:48:12.286177995Z: [    1.351120] NetLabel:  protocols = UNLABELED CIPSOv4
[STDERR  ] 2017-08-07T19:48:12.286183298Z: [    1.353661] NetLabel:  unlabeled traffic allowed by default
[STDERR  ] 2017-08-07T19:48:12.28619305Z: [    1.354982] HPET: 3 timers in total, 0 timers will be used for per-cpu timer
[STDERR  ] 2017-08-07T19:48:12.286198501Z: [    1.355903] hpet0: at MMIO 0xfed00000, IRQs 2, 8, 0
[STDERR  ] 2017-08-07T19:48:12.286203817Z: [    1.356345] hpet0: 3 comparators, 64-bit 100.000000 MHz counter
[STDERR  ] 2017-08-07T19:48:12.286209133Z: [    1.361277] amd_nb: Cannot enumerate AMD northbridges
[STDERR  ] 2017-08-07T19:48:12.286214473Z: [    1.362445] clocksource: Switched to clocksource hpet
[STDERR  ] 2017-08-07T19:48:12.286219723Z: [    1.604249] FS-Cache: Loaded
[STDERR  ] 2017-08-07T19:48:12.28622533Z: [    1.609709] CacheFiles: Loaded
[STDERR  ] 2017-08-07T19:48:12.286230658Z: [    1.613245] pnp: PnP ACPI init
[STDERR  ] 2017-08-07T19:48:12.286236087Z: [    1.626367] pnp: PnP ACPI: found 5 devices
[STDERR  ] 2017-08-07T19:48:12.286241431Z: [    1.680378] clocksource: acpi_pm: mask: 0xffffff max_cycles: 0xffffff, max_idle_ns: 2085701024 ns
[STDERR  ] 2017-08-07T19:48:12.286246778Z: [    1.683620] NET: Registered protocol family 2
[STDERR  ] 2017-08-07T19:48:12.286252083Z: [    1.692809] TCP established hash table entries: 8192 (order: 4, 65536 bytes)
[STDERR  ] 2017-08-07T19:48:12.286257348Z: [    1.693642] TCP bind hash table entries: 8192 (order: 5, 131072 bytes)
[STDERR  ] 2017-08-07T19:48:12.286267133Z: [    1.694402] TCP: Hash tables configured (established 8192 bind 8192)
[STDERR  ] 2017-08-07T19:48:12.286273254Z: [    1.696296] UDP hash table entries: 512 (order: 2, 16384 bytes)
[STDERR  ] 2017-08-07T19:48:12.286278525Z: [    1.696931] UDP-Lite hash table entries: 512 (order: 2, 16384 bytes)
[STDERR  ] 2017-08-07T19:48:12.286284283Z: [    1.699658] NET: Registered protocol family 1
[STDERR  ] 2017-08-07T19:48:12.286289651Z: [    1.707083] Unpacking initramfs...
[STDERR  ] 2017-08-07T19:48:12.286298965Z: [    4.820402] Freeing initrd memory: 14464K (ffff88003f1b0000 - ffff88003ffd0000)
[STDERR  ] 2017-08-07T19:48:12.286304465Z: [    4.849096] PCLMULQDQ-NI instructions are not detected.
[STDERR  ] 2017-08-07T19:48:12.286309807Z: [    4.851162] AVX or AES-NI instructions are not detected.
[STDERR  ] 2017-08-07T19:48:12.286315137Z: [    4.851672] CPU feature 'AVX registers' is not supported.
[STDERR  ] 2017-08-07T19:48:12.286321715Z: [    4.852153] CPU feature 'AVX registers' is not supported.
[STDERR  ] 2017-08-07T19:48:12.28632718Z: [    4.852615] CPU feature 'AVX registers' is not supported.
[STDERR  ] 2017-08-07T19:48:12.286332761Z: [    4.853087] CPU feature 'AVX registers' is not supported.
[STDERR  ] 2017-08-07T19:48:12.286338028Z: [    4.853543] AVX2 or AES-NI instructions are not detected.
[STDERR  ] 2017-08-07T19:48:12.286343331Z: [    4.854040] AVX2 instructions are not detected.
[STDERR  ] 2017-08-07T19:48:12.286348735Z: [    4.859878] audit: initializing netlink subsys (disabled)
[STDERR  ] 2017-08-07T19:48:12.286353967Z: [    4.864686] audit: type=2000 audit(1502135256.860:1): initialized
[STDERR  ] 2017-08-07T19:48:12.286362121Z: [    4.875163] HugeTLB registered 2 MB page size, pre-allocated 0 pages
[STDERR  ] 2017-08-07T19:48:12.286368334Z: [    4.879055] VFS: Disk quotas dquot_6.6.0
[STDERR  ] 2017-08-07T19:48:12.286373897Z: [    4.879825] VFS: Dquot-cache hash table entries: 512 (order 0, 4096 bytes)
[STDERR  ] 2017-08-07T19:48:12.286382901Z: [    4.886481] FS-Cache: Netfs 'cifs' registered for caching
[STDERR  ] 2017-08-07T19:48:12.286390827Z: [    4.887667] fuse init (API version 7.23)
[STDERR  ] 2017-08-07T19:48:12.286398944Z: [    4.891556] SGI XFS with ACLs, security attributes, no debug enabled
[STDERR  ] 2017-08-07T19:48:12.286404938Z: [    4.894979] 9p: Installing v9fs 9p2000 file system support
[STDERR  ] 2017-08-07T19:48:12.286410148Z: [    4.895461] FS-Cache: Netfs '9p' registered for caching
[STDERR  ] 2017-08-07T19:48:12.286420403Z: [    4.897676] Key type big_key registered
[STDERR  ] 2017-08-07T19:48:12.28642578Z: [    4.937581] NET: Registered protocol family 38
[STDERR  ] 2017-08-07T19:48:12.286431161Z: [    4.938233] Key type asymmetric registered
[STDERR  ] 2017-08-07T19:48:12.286436411Z: [    4.938576] Asymmetric key parser 'x509' registered
[STDERR  ] 2017-08-07T19:48:12.286446233Z: [    4.939620] Block layer SCSI generic (bsg) driver version 0.4 loaded (major 251)
[STDERR  ] 2017-08-07T19:48:12.286453294Z: [    4.942859] io scheduler noop registered
[STDERR  ] 2017-08-07T19:48:12.28645851Z: [    4.943309] io scheduler deadline registered (default)
[STDERR  ] 2017-08-07T19:48:12.286463893Z: [    4.944038] io scheduler cfq registered
[STDERR  ] 2017-08-07T19:48:12.286469081Z: [    4.947371] pci_hotplug: PCI Hot Plug PCI Core version: 0.5
[STDERR  ] 2017-08-07T19:48:12.286474361Z: [    4.948060] pciehp: PCI Express Hot Plug Controller Driver version: 0.4
[STDERR  ] 2017-08-07T19:48:12.286480434Z: [    4.949028] shpchp: Standard Hot Plug PCI Controller Driver version: 0.4
[STDERR  ] 2017-08-07T19:48:12.286485594Z: [    4.949942] hv_vmbus: registering driver hyperv_fb
[STDERR  ] 2017-08-07T19:48:12.286490884Z: [    4.954558] input: Power Button as /devices/LNXSYSTM:00/LNXPWRBN:00/input/input0
[STDERR  ] 2017-08-07T19:48:12.286507523Z: [    4.955920] ACPI: Power Button [PWRF]
[STDERR  ] 2017-08-07T19:48:12.286513208Z: [    4.965256] GHES: HEST is not enabled!
[STDERR  ] 2017-08-07T19:48:12.286522633Z: [    4.982666] ACPI: PCI Interrupt Link [GSIG] enabled at IRQ 22
[STDERR  ] 2017-08-07T19:48:12.286528191Z: [    4.998872] ACPI: PCI Interrupt Link [GSIH] enabled at IRQ 23
[STDERR  ] 2017-08-07T19:48:12.286535001Z: [    5.004641] xenfs: not registering filesystem on non-xen platform
[STDERR  ] 2017-08-07T19:48:12.286540437Z: [    5.007226] Serial: 8250/16550 driver, 4 ports, IRQ sharing disabled
[STDERR  ] 2017-08-07T19:48:12.286546215Z: [    5.033896] 00:04: ttyS0 at I/O 0x3f8 (irq = 4, base_baud = 115200) is a 16550A
[STDERR  ] 2017-08-07T19:48:12.28655189Z: [    5.047991] Non-volatile memory driver v1.3
[STDERR  ] 2017-08-07T19:48:12.28655735Z: [    5.055596] Hangcheck: starting hangcheck timer 0.9.1 (tick is 180 seconds, margin is 60 seconds).
[STDERR  ] 2017-08-07T19:48:12.286562917Z: [    5.099079] loop: module loaded
[STDERR  ] 2017-08-07T19:48:12.286568487Z: [    5.113779] nbd: registered device at major 43
[STDERR  ] 2017-08-07T19:48:12.28657382Z: [    5.159168] lpc_ich 0000:00:1f.0: I/O space for GPIO uninitialized
[STDERR  ] 2017-08-07T19:48:12.286579288Z: [    5.161965] VMware PVSCSI driver - version 1.0.5.0-k
[STDERR  ] 2017-08-07T19:48:12.286584684Z: [    5.162920] hv_vmbus: registering driver hv_storvsc
[STDERR  ] 2017-08-07T19:48:12.286590183Z: [    5.173713] ACPI: PCI Interrupt Link [GSIA] enabled at IRQ 16
[STDERR  ] 2017-08-07T19:48:12.286595545Z: [    5.181571] ahci 0000:00:1f.2: AHCI 0001.0000 32 slots 6 ports 1.5 Gbps 0x3f impl SATA mode
[STDERR  ] 2017-08-07T19:48:12.286601303Z: [    5.182240] ahci 0000:00:1f.2: flags: 64bit ncq only 
[STDERR  ] 2017-08-07T19:48:12.286606613Z: [    5.204254] scsi host0: ahci
[STDERR  ] 2017-08-07T19:48:12.286615124Z: [    5.208662] scsi host1: ahci
[STDERR  ] 2017-08-07T19:48:12.286620624Z: [    5.212220] scsi host2: ahci
[STDERR  ] 2017-08-07T19:48:12.286625963Z: [    5.214951] scsi host3: ahci
[STDERR  ] 2017-08-07T19:48:12.286631387Z: [    5.217479] scsi host4: ahci
[STDERR  ] 2017-08-07T19:48:12.286636738Z: [    5.219920] scsi host5: ahci
[STDERR  ] 2017-08-07T19:48:12.286642081Z: [    5.222513] ata1: SATA max UDMA/133 abar m4096@0xfebd2000 port 0xfebd2100 irq 24
[STDERR  ] 2017-08-07T19:48:12.286647464Z: [    5.223031] ata2: SATA max UDMA/133 abar m4096@0xfebd2000 port 0xfebd2180 irq 24
[STDERR  ] 2017-08-07T19:48:12.286652998Z: [    5.223492] ata3: SATA max UDMA/133 abar m4096@0xfebd2000 port 0xfebd2200 irq 24
[STDERR  ] 2017-08-07T19:48:12.286659601Z: [    5.223959] ata4: SATA max UDMA/133 abar m4096@0xfebd2000 port 0xfebd2280 irq 24
[STDERR  ] 2017-08-07T19:48:12.286665728Z: [    5.224402] ata5: SATA max UDMA/133 abar m4096@0xfebd2000 port 0xfebd2300 irq 24
[STDERR  ] 2017-08-07T19:48:12.286671045Z: [    5.224895] ata6: SATA max UDMA/133 abar m4096@0xfebd2000 port 0xfebd2380 irq 24
[STDERR  ] 2017-08-07T19:48:12.286676435Z: [    5.239648] tun: Universal TUN/TAP device driver, 1.6
[STDERR  ] 2017-08-07T19:48:12.28668182Z: [    5.240438] tun: (C) 1999-2004 Max Krasnyansky <maxk@qualcomm.com>
[STDERR  ] 2017-08-07T19:48:12.286687137Z: [    5.253177] VMware vmxnet3 virtual NIC driver - version 1.4.5.0-k-NAPI
[STDERR  ] 2017-08-07T19:48:12.286692593Z: [    5.254224] hv_vmbus: registering driver hv_netvsc
[STDERR  ] 2017-08-07T19:48:12.286697951Z: [    5.254585] Fusion MPT base driver 3.04.20
[STDERR  ] 2017-08-07T19:48:12.2867034Z: [    5.254828] Copyright (c) 1999-2008 LSI Corporation
[STDERR  ] 2017-08-07T19:48:12.286708838Z: [    5.255480] Fusion MPT SPI Host driver 3.04.20
[STDERR  ] 2017-08-07T19:48:12.28671415Z: [    5.258033] i8042: PNP: PS/2 Controller [PNP0303:KBD,PNP0f13:MOU] at 0x60,0x64 irq 1,12
[STDERR  ] 2017-08-07T19:48:12.286719654Z: [    5.263338] serio: i8042 KBD port at 0x60,0x64 irq 1
[STDERR  ] 2017-08-07T19:48:12.28673067Z: [    5.264134] serio: i8042 AUX port at 0x60,0x64 irq 12
[STDERR  ] 2017-08-07T19:48:12.286736404Z: [    5.268221] hv_vmbus: registering driver hyperv_keyboard
[STDERR  ] 2017-08-07T19:48:12.286741767Z: [    5.271230] mousedev: PS/2 mouse device common for all mice
[STDERR  ] 2017-08-07T19:48:12.286754707Z: [    5.277255] input: AT Translated Set 2 keyboard as /devices/platform/i8042/serio0/input/input1
[STDERR  ] 2017-08-07T19:48:12.286760437Z: [    5.281332] input: PC Speaker as /devices/platform/pcspkr/input/input2
[STDERR  ] 2017-08-07T19:48:12.286765808Z: [    5.286264] rtc_cmos 00:00: RTC can wake from S4
[STDERR  ] 2017-08-07T19:48:12.286771184Z: [    5.289721] rtc_cmos 00:00: rtc core: registered rtc_cmos as rtc0
[STDERR  ] 2017-08-07T19:48:12.286776535Z: [    5.291401] rtc_cmos 00:00: alarms up to one day, y3k, 114 bytes nvram, hpet irqs
[STDERR  ] 2017-08-07T19:48:12.28678203Z: [    5.292247] i2c /dev entries driver
[STDERR  ] 2017-08-07T19:48:12.286787441Z: [    5.294643] device-mapper: ioctl: 4.34.0-ioctl (2015-10-28) initialised: dm-devel@redhat.com
[STDERR  ] 2017-08-07T19:48:12.28679279Z: [    5.299954] usbcore: registered new interface driver usbhid
[STDERR  ] 2017-08-07T19:48:12.286798325Z: [    5.300748] usbhid: USB HID core driver
[STDERR  ] 2017-08-07T19:48:12.28680804Z: [    5.301559] hv_utils: Registering HyperV Utility Driver
[STDERR  ] 2017-08-07T19:48:12.28681356Z: [    5.301931] hv_vmbus: registering driver hv_util
[STDERR  ] 2017-08-07T19:48:12.28681901Z: [    5.302313] hv_vmbus: registering driver hv_balloon
[STDERR  ] 2017-08-07T19:48:12.286824345Z: [    5.302929] oprofile: using NMI interrupt.
[STDERR  ] 2017-08-07T19:48:12.286829698Z: [    5.304185] GACT probability on
[STDERR  ] 2017-08-07T19:48:12.286835123Z: [    5.304631] Mirror/redirect action on
[STDERR  ] 2017-08-07T19:48:12.286840581Z: [    5.305030] Simple TC action Loaded
[STDERR  ] 2017-08-07T19:48:12.286845865Z: [    5.305524] u32 classifier
[STDERR  ] 2017-08-07T19:48:12.286855428Z: [    5.305759]     Performance counters on
[STDERR  ] 2017-08-07T19:48:12.28686113Z: [    5.306036]     input device check on
[STDERR  ] 2017-08-07T19:48:12.286866634Z: [    5.306322]     Actions configured
[STDERR  ] 2017-08-07T19:48:12.286875918Z: [    5.307514] Netfilter messages via NETLINK v0.30.
[STDERR  ] 2017-08-07T19:48:12.286881464Z: [    5.308108] nfnl_acct: registering with nfnetlink.
[STDERR  ] 2017-08-07T19:48:12.2868868Z: [    5.309192] nf_conntrack version 0.5.0 (7922 buckets, 31688 max)
[STDERR  ] 2017-08-07T19:48:12.286892295Z: [    5.314993] ctnetlink v0.93: registering with nfnetlink.
[STDERR  ] 2017-08-07T19:48:12.286897711Z: [    5.319847] nf_tables: (c) 2007-2009 Patrick McHardy <kaber@trash.net>
[STDERR  ] 2017-08-07T19:48:12.286903514Z: [    5.321706] nf_tables_compat: (c) 2012 Pablo Neira Ayuso <pablo@netfilter.org>
[STDERR  ] 2017-08-07T19:48:12.286911924Z: [    5.327450] xt_time: kernel timezone is -0000
[STDERR  ] 2017-08-07T19:48:12.28691739Z: [    5.328146] ip_set: protocol 6
[STDERR  ] 2017-08-07T19:48:12.286923127Z: [    5.329297] IPVS: Registered protocols (TCP, UDP, SCTP, AH, ESP)
[STDERR  ] 2017-08-07T19:48:12.286928567Z: [    5.330105] IPVS: Connection hash table configured (size=4096, memory=64Kbytes)
[STDERR  ] 2017-08-07T19:48:12.286934345Z: [    5.332829] IPVS: Creating netns size=2096 id=0
[STDERR  ] 2017-08-07T19:48:12.286939828Z: [    5.335730] IPVS: ipvs loaded.
[STDERR  ] 2017-08-07T19:48:12.286945794Z: [    5.336078] IPVS: [rr] scheduler registered.
[STDERR  ] 2017-08-07T19:48:12.286951298Z: [    5.336285] IPVS: [wrr] scheduler registered.
[STDERR  ] 2017-08-07T19:48:12.286956595Z: [    5.336447] IPVS: [lc] scheduler registered.
[STDERR  ] 2017-08-07T19:48:12.286962058Z: [    5.336602] IPVS: [wlc] scheduler registered.
[STDERR  ] 2017-08-07T19:48:12.286967474Z: [    5.336758] IPVS: [fo] scheduler registered.
[STDERR  ] 2017-08-07T19:48:12.286972918Z: [    5.336913] IPVS: [ovf] scheduler registered.
[STDERR  ] 2017-08-07T19:48:12.286978144Z: [    5.337236] IPVS: [lblc] scheduler registered.
[STDERR  ] 2017-08-07T19:48:12.286983391Z: [    5.337557] IPVS: [lblcr] scheduler registered.
[STDERR  ] 2017-08-07T19:48:12.286988673Z: [    5.338094] IPVS: [dh] scheduler registered.
[STDERR  ] 2017-08-07T19:48:12.286994093Z: [    5.338430] IPVS: [sh] scheduler registered.
[STDERR  ] 2017-08-07T19:48:12.287005195Z: [    5.338705] IPVS: [sed] scheduler registered.
[STDERR  ] 2017-08-07T19:48:12.287016411Z: [    5.339006] IPVS: [nq] scheduler registered.
[STDERR  ] 2017-08-07T19:48:12.287021633Z: [    5.339808] IPVS: ftp: loaded support on port[0] = 21
[STDERR  ] 2017-08-07T19:48:12.287026928Z: [    5.341225] ipip: IPv4 over IPv4 tunneling driver
[STDERR  ] 2017-08-07T19:48:12.28703215Z: [    5.345241] gre: GRE over IPv4 demultiplexor driver
[STDERR  ] 2017-08-07T19:48:12.287037427Z: [    5.348618] ip_tables: (C) 2000-2006 Netfilter Core Team
[STDERR  ] 2017-08-07T19:48:12.287046745Z: [    5.352484] ipt_CLUSTERIP: ClusterIP Version 0.8 loaded successfully
[STDERR  ] 2017-08-07T19:48:12.28705206Z: [    5.353271] arp_tables: (C) 2002 David S. Miller
[STDERR  ] 2017-08-07T19:48:12.287057327Z: [    5.355910] NET: Registered protocol family 10
[STDERR  ] 2017-08-07T19:48:12.28706265Z: [    5.366245] ip6_tables: (C) 2000-2006 Netfilter Core Team
[STDERR  ] 2017-08-07T19:48:12.287067887Z: [    5.371368] NET: Registered protocol family 17
[STDERR  ] 2017-08-07T19:48:12.287073248Z: [    5.372509] bridge: automatic filtering via arp/ip/ip6tables has been deprecated. Update your scripts to load br_netfilter if you need this.
[STDERR  ] 2017-08-07T19:48:12.287079235Z: [    5.374083] Bridge firewalling registered
[STDERR  ] 2017-08-07T19:48:12.287084605Z: [    5.374848] Ebtables v2.0 registered
[STDERR  ] 2017-08-07T19:48:12.287091233Z: [    5.377736] 8021q: 802.1Q VLAN Support v1.8
[STDERR  ] 2017-08-07T19:48:12.287096521Z: [    5.379350] 9pnet: Installing 9P2000 support
[STDERR  ] 2017-08-07T19:48:12.287101874Z: [    5.381708] Key type dns_resolver registered
[STDERR  ] 2017-08-07T19:48:12.287110013Z: [    5.382411] hv_sock: failed to load: VMBus 4 or later is required
[STDERR  ] 2017-08-07T19:48:12.287115538Z: [    5.383058] microcode: AMD CPU family 0x6 not supported
[STDERR  ] 2017-08-07T19:48:12.287120965Z: [    5.388233] registered taskstats version 1
[STDERR  ] 2017-08-07T19:48:12.287126327Z: [    5.547645] Key type encrypted registered
[STDERR  ] 2017-08-07T19:48:12.287131627Z: [    5.555186] rtc_cmos 00:00: setting system clock to 2017-08-07 19:47:38 UTC (1502135258)
[STDERR  ] 2017-08-07T19:48:12.287137135Z: [    5.571797] ata1: SATA link down (SStatus 0 SControl 300)
[STDERR  ] 2017-08-07T19:48:12.28714243Z: [    5.574041] ata2: SATA link down (SStatus 0 SControl 300)
[STDERR  ] 2017-08-07T19:48:12.287147783Z: [    5.580959] ata3: SATA link up 1.5 Gbps (SStatus 113 SControl 300)
[STDERR  ] 2017-08-07T19:48:12.287154291Z: [    5.585096] ata3.00: ATAPI: QEMU DVD-ROM, 2.5+, max UDMA/100
[STDERR  ] 2017-08-07T19:48:12.287161145Z: [    5.585721] ata3.00: applying bridge limits
[STDERR  ] 2017-08-07T19:48:12.287167028Z: [    5.587848] ata3.00: configured for UDMA/100
[STDERR  ] 2017-08-07T19:48:12.287172261Z: [    5.591323] ata4: SATA link down (SStatus 0 SControl 300)
[STDERR  ] 2017-08-07T19:48:12.287181438Z: [    5.591804] ata5: SATA link down (SStatus 0 SControl 300)
[STDERR  ] 2017-08-07T19:48:12.28718665Z: [    5.592331] ata6: SATA link down (SStatus 0 SControl 300)
[STDERR  ] 2017-08-07T19:48:12.287191904Z: [    5.603009] scsi 2:0:0:0: CD-ROM            QEMU     QEMU DVD-ROM     2.5+ PQ: 0 ANSI: 5
[STDERR  ] 2017-08-07T19:48:12.287197301Z: [    5.613460] sr 2:0:0:0: [sr0] scsi3-mmc drive: 4x/4x cd/rw xa/form2 tray
[STDERR  ] 2017-08-07T19:48:12.28720362Z: [    5.614263] cdrom: Uniform CD-ROM driver Revision: 3.20
[STDERR  ] 2017-08-07T19:48:12.28720884Z: [    5.621287] sr 2:0:0:0: Attached scsi generic sg0 type 5
[STDERR  ] 2017-08-07T19:48:12.287214147Z: [    5.762095] Freeing unused kernel memory: 1296K (ffffffffb1d3d000 - ffffffffb1e81000)
[STDERR  ] 2017-08-07T19:48:12.28721945Z: [    5.762760] Write protecting the kernel read-only data: 12288k
[STDERR  ] 2017-08-07T19:48:12.287224757Z: [    5.774341] Freeing unused kernel memory: 584K (ffff88003176e000 - ffff880031800000)
[STDERR  ] 2017-08-07T19:48:12.287230135Z: [    5.910427] Freeing unused kernel memory: 1400K (ffff880031aa2000 - ffff880031c00000)
[STDERR  ] 2017-08-07T19:48:12.287238741Z: [    5.911446] tsc: Refined TSC clocksource calibration: 2599.999 MHz
[STDERR  ] 2017-08-07T19:48:12.287245077Z: [    5.911872] clocksource: tsc: mask: 0xffffffffffffffff max_cycles: 0x257a3b2ad7e, max_idle_ns: 440795282337 ns
[STDERR  ] 2017-08-07T19:48:12.287255345Z: [    6.921292] clocksource: Switched to clocksource tsc
[STDERR  ] 2017-08-07T19:48:12.287260797Z: 
[STDERR  ] 2017-08-07T19:48:12.287266197Z: Welcome to LinuxKit
[STDERR  ] 2017-08-07T19:48:12.287271473Z: 
[STDERR  ] 2017-08-07T19:48:12.28727689Z:                         ##         .
[STDERR  ] 2017-08-07T19:48:12.287283105Z:                   ## ## ##        ==
[STDERR  ] 2017-08-07T19:48:12.287288547Z:                ## ## ## ## ##    ===
[STDERR  ] 2017-08-07T19:48:12.287293873Z:            /"""""""""""""""""\___/ ===
[STDERR  ] 2017-08-07T19:48:12.28729925Z:           {                       /  ===-
[STDERR  ] 2017-08-07T19:48:12.287304563Z:            \______ O           __/
[STDERR  ] 2017-08-07T19:48:12.287309944Z:              \    \         __/
[STDERR  ] 2017-08-07T19:48:12.287316627Z:               \____\_______/
[STDERR  ] 2017-08-07T19:48:12.287322217Z: 
[STDERR  ] 2017-08-07T19:48:12.287327527Z: starting kernel config sanity test with /proc/config.gz
[STDERR  ] 2017-08-07T19:48:12.287332823Z: [   18.773002] RPC: Registered named UNIX socket transport module.
[STDERR  ] 2017-08-07T19:48:12.28733805Z: [   18.773635] RPC: Registered udp transport module.
[STDERR  ] 2017-08-07T19:48:12.287347664Z: [   18.774026] RPC: Registered tcp transport module.
[STDERR  ] 2017-08-07T19:48:12.287352937Z: [   18.774396] RPC: Registered tcp NFSv4.1 backchannel transport module.
[STDERR  ] 2017-08-07T19:48:12.287362048Z: [   18.883924] FS-Cache: Netfs 'nfs' registered for caching
[STDERR  ] 2017-08-07T19:48:12.28736746Z: [   18.989289] Installing knfsd (copyright (C) 1996 okir@monad.swb.de).
[STDERR  ] 2017-08-07T19:48:12.287374611Z: [   19.046435] ntfs: driver 2.1.32 [Flags: R/O MODULE].
[STDERR  ] 2017-08-07T19:48:12.28737988Z: kernel config test succeeded!
[STDERR  ] 2017-08-07T19:48:12.287385575Z: [37minfo: reading kernel config from /proc/config.gz ...[m
[STDERR  ] 2017-08-07T19:48:12.287390753Z: 
[STDERR  ] 2017-08-07T19:48:12.287395951Z: Generally Necessary:
[STDERR  ] 2017-08-07T19:48:12.287401204Z: - [37mcgroup hierarchy[m: [32mproperly mounted[m [/sys/fs/cgroup]
[STDERR  ] 2017-08-07T19:48:12.287406823Z: - [37mCONFIG_NAMESPACES[m: [32menabled[m
[STDERR  ] 2017-08-07T19:48:12.287411985Z: - [37mCONFIG_NET_NS[m: [32menabled[m
[STDERR  ] 2017-08-07T19:48:12.28742186Z: - [37mCONFIG_PID_NS[m: [32menabled[m
[STDERR  ] 2017-08-07T19:48:12.287427208Z: - [37mCONFIG_IPC_NS[m: [32menabled[m
[STDERR  ] 2017-08-07T19:48:12.28743241Z: - [37mCONFIG_UTS_NS[m: [32menabled[m
[STDERR  ] 2017-08-07T19:48:12.287437603Z: - [37mCONFIG_CGROUPS[m: [32menabled[m
[STDERR  ] 2017-08-07T19:48:12.287442824Z: - [37mCONFIG_CGROUP_CPUACCT[m: [32menabled[m
[STDERR  ] 2017-08-07T19:48:12.287448138Z: - [37mCONFIG_CGROUP_DEVICE[m: [32menabled[m
[STDERR  ] 2017-08-07T19:48:12.287453464Z: - [37mCONFIG_CGROUP_FREEZER[m: [32menabled[m
[STDERR  ] 2017-08-07T19:48:12.287458695Z: - [37mCONFIG_CGROUP_SCHED[m: [32menabled[m
[STDERR  ] 2017-08-07T19:48:12.287463953Z: - [37mCONFIG_CPUSETS[m: [32menabled[m
[STDERR  ] 2017-08-07T19:48:12.28746913Z: - [37mCONFIG_MEMCG[m: [32menabled[m
[STDERR  ] 2017-08-07T19:48:12.28747448Z: - [37mCONFIG_KEYS[m: [32menabled[m
[STDERR  ] 2017-08-07T19:48:12.287479807Z: - [37mCONFIG_VETH[m: [32menabled[m
[STDERR  ] 2017-08-07T19:48:12.28748499Z: - [37mCONFIG_BRIDGE[m: [32menabled[m
[STDERR  ] 2017-08-07T19:48:12.287490194Z: - [37mCONFIG_BRIDGE_NETFILTER[m: [32menabled[m
[STDERR  ] 2017-08-07T19:48:12.28749984Z: - [37mCONFIG_NF_NAT_IPV4[m: [32menabled[m
[STDERR  ] 2017-08-07T19:48:12.287505628Z: - [37mCONFIG_IP_NF_FILTER[m: [32menabled[m
[STDERR  ] 2017-08-07T19:48:12.28751086Z: - [37mCONFIG_IP_NF_TARGET_MASQUERADE[m: [32menabled[m
[STDERR  ] 2017-08-07T19:48:12.287519635Z: - [37mCONFIG_NETFILTER_XT_MATCH_ADDRTYPE[m: [32menabled[m
[STDERR  ] 2017-08-07T19:48:12.287524995Z: - [37mCONFIG_NETFILTER_XT_MATCH_CONNTRACK[m: [32menabled[m
[STDERR  ] 2017-08-07T19:48:12.287530265Z: - [37mCONFIG_NETFILTER_XT_MATCH_IPVS[m: [32menabled[m
[STDERR  ] 2017-08-07T19:48:12.287535621Z: - [37mCONFIG_IP_NF_NAT[m: [32menabled[m
[STDERR  ] 2017-08-07T19:48:12.287540883Z: - [37mCONFIG_NF_NAT[m: [32menabled[m
[STDERR  ] 2017-08-07T19:48:12.287546187Z: - [37mCONFIG_NF_NAT_NEEDED[m: [32menabled[m
[STDERR  ] 2017-08-07T19:48:12.28755148Z: - [37mCONFIG_POSIX_MQUEUE[m: [32menabled[m
[STDERR  ] 2017-08-07T19:48:12.287556701Z: - [37mCONFIG_DEVPTS_MULTIPLE_INSTANCES[m: [32menabled[m
[STDERR  ] 2017-08-07T19:48:12.287561924Z: 
[STDERR  ] 2017-08-07T19:48:12.287567404Z: Optional Features:
[STDERR  ] 2017-08-07T19:48:12.287572754Z: - [37mCONFIG_USER_NS[m: [32menabled[m
[STDERR  ] 2017-08-07T19:48:12.287585805Z: - [37mCONFIG_SECCOMP[m: [32menabled[m
[STDERR  ] 2017-08-07T19:48:12.287591101Z: - [37mCONFIG_CGROUP_PIDS[m: [32menabled[m
[STDERR  ] 2017-08-07T19:48:12.287596355Z: - [37mCONFIG_MEMCG_SWAP[m: [32menabled[m
[STDERR  ] 2017-08-07T19:48:12.287601574Z: - [37mCONFIG_MEMCG_SWAP_ENABLED[m: [32menabled[m
[STDERR  ] 2017-08-07T19:48:12.287606814Z:     [1;30m(cgroup swap accounting is currently enabled)[m
[STDERR  ] 2017-08-07T19:48:12.287612073Z: - [1mCONFIG_LEGACY_VSYSCALL_NONE[m: [1;31menabled[m
[STDERR  ] 2017-08-07T19:48:12.287621657Z:     [1;30m(containers using eglibc <= 2.13 will not work. Switch to[m
[STDERR  ] 2017-08-07T19:48:12.287627067Z:     [1;30m "CONFIG_VSYSCALL_[NATIVE|EMULATE]" or use "vsyscall=[native|emulate]"[m
[STDERR  ] 2017-08-07T19:48:12.287635757Z:     [1;30m on kernel command line. Note that this will disable ASLR for the,[m
[STDERR  ] 2017-08-07T19:48:12.287642984Z:     [1;30m VDSO which may assist in exploiting security vulnerabilities.)[m
[STDERR  ] 2017-08-07T19:48:12.287648455Z: - [37mCONFIG_MEMCG_KMEM[m: [32menabled[m
[STDERR  ] 2017-08-07T19:48:12.287653754Z: - [37mCONFIG_BLK_CGROUP[m: [32menabled[m
[STDERR  ] 2017-08-07T19:48:12.287662874Z: - [37mCONFIG_BLK_DEV_THROTTLING[m: [32menabled[m
[STDERR  ] 2017-08-07T19:48:12.287668157Z: - [37mCONFIG_IOSCHED_CFQ[m: [32menabled[m
[STDERR  ] 2017-08-07T19:48:12.28767342Z: - [37mCONFIG_CFQ_GROUP_IOSCHED[m: [32menabled[m
[STDERR  ] 2017-08-07T19:48:12.287678745Z: - [37mCONFIG_CGROUP_PERF[m: [32menabled[m
[STDERR  ] 2017-08-07T19:48:12.287683961Z: - [37mCONFIG_CGROUP_HUGETLB[m: [32menabled[m
[STDERR  ] 2017-08-07T19:48:12.287689311Z: - [37mCONFIG_NET_CLS_CGROUP[m: [32menabled[m
[STDERR  ] 2017-08-07T19:48:12.287694575Z: - [37mCONFIG_CGROUP_NET_PRIO[m: [32menabled[m
[STDERR  ] 2017-08-07T19:48:12.287699863Z: - [37mCONFIG_CFS_BANDWIDTH[m: [32menabled[m
[STDERR  ] 2017-08-07T19:48:12.28770508Z: - [37mCONFIG_FAIR_GROUP_SCHED[m: [32menabled[m
[STDERR  ] 2017-08-07T19:48:12.287710404Z: - [37mCONFIG_RT_GROUP_SCHED[m: [32menabled[m
[STDERR  ] 2017-08-07T19:48:12.287715543Z: - [37mCONFIG_IP_VS[m: [32menabled[m
[STDERR  ] 2017-08-07T19:48:12.287720828Z: - [37mCONFIG_IP_VS_NFCT[m: [32menabled[m
[STDERR  ] 2017-08-07T19:48:12.287726185Z: - [37mCONFIG_IP_VS_RR[m: [32menabled[m
[STDERR  ] 2017-08-07T19:48:12.287731441Z: - [37mCONFIG_EXT4_FS[m: [32menabled[m
[STDERR  ] 2017-08-07T19:48:12.287736637Z: - [37mCONFIG_EXT4_FS_POSIX_ACL[m: [32menabled[m
[STDERR  ] 2017-08-07T19:48:12.287746325Z: - [37mCONFIG_EXT4_FS_SECURITY[m: [32menabled[m
[STDERR  ] 2017-08-07T19:48:12.287751543Z: - Network Drivers:
[STDERR  ] 2017-08-07T19:48:12.287756843Z:   - "[34moverlay[m":
[STDERR  ] 2017-08-07T19:48:12.287763491Z:     - [37mCONFIG_VXLAN[m: [32menabled[m
[STDERR  ] 2017-08-07T19:48:12.2877687Z:       Optional (for encrypted networks):
[STDERR  ] 2017-08-07T19:48:12.287773955Z:       - [37mCONFIG_CRYPTO[m: [32menabled[m
[STDERR  ] 2017-08-07T19:48:12.287779131Z:       - [37mCONFIG_CRYPTO_AEAD[m: [32menabled[m
[STDERR  ] 2017-08-07T19:48:12.287787684Z:       - [37mCONFIG_CRYPTO_GCM[m: [32menabled[m
[STDERR  ] 2017-08-07T19:48:12.287793064Z:       - [37mCONFIG_CRYPTO_SEQIV[m: [32menabled[m
[STDERR  ] 2017-08-07T19:48:12.287798541Z:       - [37mCONFIG_CRYPTO_GHASH[m: [32menabled[m
[STDERR  ] 2017-08-07T19:48:12.287803897Z:       - [37mCONFIG_XFRM[m: [32menabled[m
[STDERR  ] 2017-08-07T19:48:12.287809058Z:       - [37mCONFIG_XFRM_USER[m: [32menabled (as module)[m
[STDERR  ] 2017-08-07T19:48:12.287814348Z:       - [37mCONFIG_XFRM_ALGO[m: [32menabled (as module)[m
[STDERR  ] 2017-08-07T19:48:12.287819555Z:       - [37mCONFIG_INET_ESP[m: [32menabled (as module)[m
[STDERR  ] 2017-08-07T19:48:12.2878248Z:       - [37mCONFIG_INET_XFRM_MODE_TRANSPORT[m: [32menabled (as module)[m
[STDERR  ] 2017-08-07T19:48:12.287830104Z:   - "[34mipvlan[m":
[STDERR  ] 2017-08-07T19:48:12.287835825Z:     - [37mCONFIG_IPVLAN[m: [32menabled[m
[STDERR  ] 2017-08-07T19:48:12.28784104Z:   - "[34mmacvlan[m":
[STDERR  ] 2017-08-07T19:48:12.28784662Z:     - [37mCONFIG_MACVLAN[m: [32menabled[m
[STDERR  ] 2017-08-07T19:48:12.28785185Z:     - [37mCONFIG_DUMMY[m: [32menabled (as module)[m
[STDERR  ] 2017-08-07T19:48:12.287857188Z:   - "[34mftp,tftp client in container[m":
[STDERR  ] 2017-08-07T19:48:12.287862574Z:     - [37mCONFIG_NF_NAT_FTP[m: [32menabled[m
[STDERR  ] 2017-08-07T19:48:12.287867808Z:     - [37mCONFIG_NF_CONNTRACK_FTP[m: [32menabled[m
[STDERR  ] 2017-08-07T19:48:12.287873045Z:     - [37mCONFIG_NF_NAT_TFTP[m: [32menabled[m
[STDERR  ] 2017-08-07T19:48:12.287878323Z:     - [37mCONFIG_NF_CONNTRACK_TFTP[m: [32menabled[m
[STDERR  ] 2017-08-07T19:48:12.287886241Z: - Storage Drivers:
[STDERR  ] 2017-08-07T19:48:12.287891535Z:   - "[34maufs[m":
[STDERR  ] 2017-08-07T19:48:12.287896895Z:     - [1mCONFIG_AUFS_FS[m: [1;31mmissing[m
[STDERR  ] 2017-08-07T19:48:12.287902135Z:   - "[34mbtrfs[m":
[STDERR  ] 2017-08-07T19:48:12.287907334Z:     - [37mCONFIG_BTRFS_FS[m: [32menabled (as module)[m
[STDERR  ] 2017-08-07T19:48:12.287912535Z:     - [37mCONFIG_BTRFS_FS_POSIX_ACL[m: [32menabled[m
[STDERR  ] 2017-08-07T19:48:12.28791767Z:   - "[34mdevicemapper[m":
[STDERR  ] 2017-08-07T19:48:12.287922981Z:     - [37mCONFIG_BLK_DEV_DM[m: [32menabled[m
[STDERR  ] 2017-08-07T19:48:12.287928281Z:     - [37mCONFIG_DM_THIN_PROVISIONING[m: [32menabled[m
[STDERR  ] 2017-08-07T19:48:12.287933504Z:   - "[34moverlay[m":
[STDERR  ] 2017-08-07T19:48:12.28794023Z:     - [37mCONFIG_OVERLAY_FS[m: [32menabled[m
[STDERR  ] 2017-08-07T19:48:12.287950637Z:   - "[34mzfs[m":
[STDERR  ] 2017-08-07T19:48:12.28796008Z:     - [1m/dev/zfs[m: [1;31mmissing[m
[STDERR  ] 2017-08-07T19:48:12.287965383Z:     - [1mzfs command[m: [1;31mmissing[m
[STDERR  ] 2017-08-07T19:48:12.287970544Z:     - [1mzpool command[m: [1;31mmissing[m
[STDERR  ] 2017-08-07T19:48:12.287975775Z: 
[STDERR  ] 2017-08-07T19:48:12.287981611Z: Limits:
[STDERR  ] 2017-08-07T19:48:12.287986941Z: [37m- /proc/sys/kernel/keys/root_maxkeys[m: [32m1000000[m
[STDERR  ] 2017-08-07T19:48:12.287992231Z: 
[STDERR  ] 2017-08-07T19:48:12.288000075Z: Kernel config test suite PASSED
[STDERR  ] 2017-08-07T19:48:12.28800587Z: [   38.709650] ACPI: Preparing to enter system sleep state S5
[STDERR  ] 2017-08-07T19:48:12.288011133Z: [   38.711857] reboot: Power down
[STDERR  ] 2017-08-07T19:48:12.288171284Z: + grep -q suite PASSED
[STDERR  ] 2017-08-07T19:48:12.28925975Z: + exit 0
[STDERR  ] 2017-08-07T19:48:12.289287275Z: + clean_up
[STDERR  ] 2017-08-07T19:48:12.289297204Z: + find . -depth -iname test-kernel-config* -not -iname *.yml -exec rm -rf {} ;
[PASS    ] linuxkit.kernel.config_4.4.x 59.17s
