[INFO    ] 2018-04-04T19:16:36.898638163Z: Running Test linuxkit.kernel.kmod_4.14.x in /tmp/build/test/cases/020_kernel/016_kmod_4.14.x
[INFO    ] 2018-04-04T19:16:36.898780805Z: Running command: [/bin/sh -x /tmp/build/test/cases/020_kernel/016_kmod_4.14.x/test.sh]
[STDERR  ] 2018-04-04T19:16:36.936356223Z: + set -e
[STDERR  ] 2018-04-04T19:16:36.936562018Z: + . /tmp/build/test/cases/_lib/lib.sh
[STDERR  ] 2018-04-04T19:16:36.936632062Z: + [ -f src/github.com/linuxkit/rtf/lib/lib.sh ]
[STDERR  ] 2018-04-04T19:16:36.936682524Z: + LINUXKIT_TMPDIR=/tmp/build/test/cases/_tmp
[STDERR  ] 2018-04-04T19:16:36.936745685Z: + [ -f /tmp/build/test/cases/_tmp/env.sh ]
[STDERR  ] 2018-04-04T19:16:36.936801862Z: + . /tmp/build/test/cases/_tmp/env.sh
[STDERR  ] 2018-04-04T19:16:36.936841022Z: + export LINUXKIT_EXAMPLES_DIR=/tmp/build/test/cases/../../examples
[STDERR  ] 2018-04-04T19:16:36.936901823Z: + RT_CANCEL=253
[STDERR  ] 2018-04-04T19:16:36.936942702Z: + NAME=kmod
[STDERR  ] 2018-04-04T19:16:36.936998876Z: + IMAGE_NAME=kmod-test
[STDERR  ] 2018-04-04T19:16:36.937039604Z: + trap clean_up EXIT
[STDERR  ] 2018-04-04T19:16:36.937094676Z: + docker pull linuxkit/kernel:4.14.32
[STDOUT  ] 2018-04-04T19:16:38.164649849Z: 4.14.32: Pulling from linuxkit/kernel
[STDOUT  ] 2018-04-04T19:16:38.703825816Z: Digest: sha256:1e054960ce6827a5b63c934db49166dd1730391a70ed76ff90e2dedc2f3c6974
[STDOUT  ] 2018-04-04T19:16:38.704052534Z: Status: Image is up to date for linuxkit/kernel:4.14.32
[STDERR  ] 2018-04-04T19:16:38.704806111Z: + docker build -t kmod-test .
[STDOUT  ] 2018-04-04T19:16:38.820548955Z: Sending build context to Docker daemon  8.704kB
[STDOUT  ] 2018-04-04T19:16:38.923434839Z: Step 1/12 : FROM linuxkit/kernel:4.14.32 AS ksrc
[STDOUT  ] 2018-04-04T19:16:38.923711115Z:  ---> a2f6fae2e84f
[STDOUT  ] 2018-04-04T19:16:38.923736238Z: Step 2/12 : FROM linuxkit/alpine:d307c8a386fa3f32cddda9409b9687e191cdd6f1 AS build
[STDOUT  ] 2018-04-04T19:16:38.924136235Z:  ---> 4d01d9a77113
[STDOUT  ] 2018-04-04T19:16:38.924158124Z: Step 3/12 : RUN apk add build-base libelf-dev
[STDOUT  ] 2018-04-04T19:16:38.924515943Z:  ---> Using cache
[STDOUT  ] 2018-04-04T19:16:38.924555548Z:  ---> 78cb28ba8b4c
[STDOUT  ] 2018-04-04T19:16:38.924569387Z: Step 4/12 : COPY --from=ksrc /kernel-dev.tar /
[STDOUT  ] 2018-04-04T19:16:40.368861328Z:  ---> 5c9be2063470
[STDOUT  ] 2018-04-04T19:16:40.387675069Z: Removing intermediate container 6a6cde2461d3
[STDOUT  ] 2018-04-04T19:16:40.387733876Z: Step 5/12 : RUN tar xf kernel-dev.tar
[STDOUT  ] 2018-04-04T19:16:40.457987811Z:  ---> Running in 8bee18cd30c0
[STDOUT  ] 2018-04-04T19:16:47.076565442Z:  ---> ba5ce608462f
[STDOUT  ] 2018-04-04T19:16:47.474857804Z: Removing intermediate container 8bee18cd30c0
[STDOUT  ] 2018-04-04T19:16:47.475051395Z: Step 6/12 : WORKDIR /kmod
[STDOUT  ] 2018-04-04T19:16:47.728396249Z:  ---> ab63befb01e5
[STDOUT  ] 2018-04-04T19:16:47.733465326Z: Removing intermediate container 6aed1d44899c
[STDOUT  ] 2018-04-04T19:16:47.733573014Z: Step 7/12 : COPY ./src/* ./
[STDOUT  ] 2018-04-04T19:16:48.200255169Z:  ---> 4cb6c794c5cb
[STDOUT  ] 2018-04-04T19:16:48.205261941Z: Removing intermediate container 73a35055e2a1
[STDOUT  ] 2018-04-04T19:16:48.205290441Z: Step 8/12 : RUN make all
[STDOUT  ] 2018-04-04T19:16:48.288252355Z:  ---> Running in 7e7a2aa59d70
[STDOUT  ] 2018-04-04T19:16:48.663927236Z: make -C /usr/src/linux-headers-4.14.32-linuxkit M=/kmod modules
[STDOUT  ] 2018-04-04T19:16:48.665479646Z: make[1]: Entering directory '/usr/src/linux-headers-4.14.32-linuxkit'
[STDOUT  ] 2018-04-04T19:16:48.667719816Z: [91mgetconf: LFS_CFLAGS: unknown variable
[STDOUT  ] 2018-04-04T19:16:48.668094266Z: [0m[91mgetconf: LFS_LDFLAGS: unknown variable
[STDOUT  ] 2018-04-04T19:16:48.668430190Z: [0m[91mgetconf: LFS_LIBS: unknown variable
[STDOUT  ] 2018-04-04T19:16:49.686466589Z: [0m  CC [M]  /kmod/hello_world.o
[STDOUT  ] 2018-04-04T19:16:49.900969594Z:   Building modules, stage 2.
[STDOUT  ] 2018-04-04T19:16:49.908997838Z:   MODPOST 1 modules
[STDOUT  ] 2018-04-04T19:16:49.922174756Z:   CC      /kmod/hello_world.mod.o
[STDOUT  ] 2018-04-04T19:16:50.105943941Z:   LD [M]  /kmod/hello_world.ko
[STDOUT  ] 2018-04-04T19:16:50.109002235Z: make[1]: Leaving directory '/usr/src/linux-headers-4.14.32-linuxkit'
[STDOUT  ] 2018-04-04T19:16:50.512199297Z:  ---> f6b5675df211
[STDOUT  ] 2018-04-04T19:16:50.517862555Z: Removing intermediate container 7e7a2aa59d70
[STDOUT  ] 2018-04-04T19:16:50.517897652Z: Step 9/12 : FROM alpine:3.7
[STDOUT  ] 2018-04-04T19:16:50.518196380Z:  ---> 3fd9065eaf02
[STDOUT  ] 2018-04-04T19:16:50.518217346Z: Step 10/12 : COPY --from=build /kmod/hello_world.ko /
[STDOUT  ] 2018-04-04T19:16:50.880183709Z:  ---> c68d6cb9420e
[STDOUT  ] 2018-04-04T19:16:50.884851670Z: Removing intermediate container c6264343a549
[STDOUT  ] 2018-04-04T19:16:50.884988344Z: Step 11/12 : COPY check.sh /check.sh
[STDOUT  ] 2018-04-04T19:16:51.208484464Z:  ---> c635f394eb28
[STDOUT  ] 2018-04-04T19:16:51.214133355Z: Removing intermediate container d6287db06c9a
[STDOUT  ] 2018-04-04T19:16:51.214172109Z: Step 12/12 : ENTRYPOINT /bin/sh /check.sh
[STDOUT  ] 2018-04-04T19:16:51.284727089Z:  ---> Running in d79b207b2e3b
[STDOUT  ] 2018-04-04T19:16:51.431724543Z:  ---> 704385a9597d
[STDOUT  ] 2018-04-04T19:16:51.436675537Z: Removing intermediate container d79b207b2e3b
[STDOUT  ] 2018-04-04T19:16:51.436705600Z: Successfully built 704385a9597d
[STDOUT  ] 2018-04-04T19:16:51.440278509Z: Successfully tagged kmod-test:latest
[STDERR  ] 2018-04-04T19:16:51.478133101Z: + linuxkit build -format kernel+initrd -name kmod test.yml
[STDERR  ] 2018-04-04T19:16:51.503998967Z: Extract kernel image: linuxkit/kernel:4.14.32
[STDERR  ] 2018-04-04T19:16:53.344989068Z: Add init containers:
[STDERR  ] 2018-04-04T19:16:53.345055519Z: Process init image: linuxkit/init:be60dd1cb15ad39225512b6753304571d8c2fb17
[STDERR  ] 2018-04-04T19:16:54.598695314Z: Process init image: linuxkit/runc:17e8c06e48ac220be79b2476e39b4d7feb905524
[STDERR  ] 2018-04-04T19:16:55.809494914Z: Add onboot containers:
[STDERR  ] 2018-04-04T19:16:55.809566853Z:   Create OCI config for kmod-test
[STDERR  ] 2018-04-04T19:16:55.956611036Z:   Create OCI config for linuxkit/poweroff:f9a0a5e52fd2a97908bda33db2afffafe4a6a67d
[STDERR  ] 2018-04-04T19:16:57.334983216Z: Create outputs:
[STDERR  ] 2018-04-04T19:17:02.026256013Z:   kmod-kernel kmod-initrd.img kmod-cmdline
[STDERR  ] 2018-04-04T19:17:02.077776519Z: + linuxkit run kmod
[STDERR  ] 2018-04-04T19:17:02.100603813Z: Unable to find qemu-system-x86_64 within the $PATH. Using a container
[STDERR  ] 2018-04-04T19:17:12.692849373Z: + RESULT=[    0.000000] Linux version 4.14.32-linuxkit (root@d8cf80697563) (gcc version 6.4.0 (Alpine 6.4.0)) #1 SMP Sun Apr 1 17:10:10 UTC 2018
[STDERR  ] 2018-04-04T19:17:12.692985044Z: [    0.000000] Command line: console=ttyS0 console=ttyAMA0
[STDERR  ] 2018-04-04T19:17:12.693020162Z: [    0.000000] x86/fpu: x87 FPU will use FXSAVE
[STDERR  ] 2018-04-04T19:17:12.693052088Z: [    0.000000] e820: BIOS-provided physical RAM map:
[STDERR  ] 2018-04-04T19:17:12.693085046Z: [    0.000000] BIOS-e820: [mem 0x0000000000000000-0x000000000009fbff] usable
[STDERR  ] 2018-04-04T19:17:12.693116876Z: [    0.000000] BIOS-e820: [mem 0x000000000009fc00-0x000000000009ffff] reserved
[STDERR  ] 2018-04-04T19:17:12.693139558Z: [    0.000000] BIOS-e820: [mem 0x00000000000f0000-0x00000000000fffff] reserved
[STDERR  ] 2018-04-04T19:17:12.693157663Z: [    0.000000] BIOS-e820: [mem 0x0000000000100000-0x000000003ffdefff] usable
[STDERR  ] 2018-04-04T19:17:12.693175914Z: [    0.000000] BIOS-e820: [mem 0x000000003ffdf000-0x000000003fffffff] reserved
[STDERR  ] 2018-04-04T19:17:12.693193938Z: [    0.000000] BIOS-e820: [mem 0x00000000b0000000-0x00000000bfffffff] reserved
[STDERR  ] 2018-04-04T19:17:12.693211665Z: [    0.000000] BIOS-e820: [mem 0x00000000fed1c000-0x00000000fed1ffff] reserved
[STDERR  ] 2018-04-04T19:17:12.693229605Z: [    0.000000] BIOS-e820: [mem 0x00000000feffc000-0x00000000feffffff] reserved
[STDERR  ] 2018-04-04T19:17:12.693247083Z: [    0.000000] BIOS-e820: [mem 0x00000000fffc0000-0x00000000ffffffff] reserved
[STDERR  ] 2018-04-04T19:17:12.693268133Z: [    0.000000] NX (Execute Disable) protection: active
[STDERR  ] 2018-04-04T19:17:12.693295844Z: [    0.000000] random: fast init done
[STDERR  ] 2018-04-04T19:17:12.693314080Z: [    0.000000] SMBIOS 2.8 present.
[STDERR  ] 2018-04-04T19:17:12.693331657Z: [    0.000000] DMI: QEMU Standard PC (Q35 + ICH9, 2009), BIOS rel-1.10.2-0-g5f4c7b1-prebuilt.qemu-project.org 04/01/2014
[STDERR  ] 2018-04-04T19:17:12.693351724Z: [    0.000000] Hypervisor detected: KVM
[STDERR  ] 2018-04-04T19:17:12.693369524Z: [    0.000000] tsc: Fast TSC calibration failed
[STDERR  ] 2018-04-04T19:17:12.693396150Z: [    0.000000] tsc: Unable to calibrate against PIT
[STDERR  ] 2018-04-04T19:17:12.693414070Z: [    0.000000] tsc: No reference (HPET/PMTIMER) available
[STDERR  ] 2018-04-04T19:17:12.693432386Z: [    0.000000] e820: last_pfn = 0x3ffdf max_arch_pfn = 0x400000000
[STDERR  ] 2018-04-04T19:17:12.693449777Z: [    0.000000] x86/PAT: PAT not supported by CPU.
[STDERR  ] 2018-04-04T19:17:12.693469492Z: [    0.000000] x86/PAT: Configuration [0-7]: WB  WT  UC- UC  WB  WT  UC- UC  
[STDERR  ] 2018-04-04T19:17:12.693486934Z: [    0.000000] found SMP MP-table at [mem 0x000f6aa0-0x000f6aaf] mapped at [ffffffffff200aa0]
[STDERR  ] 2018-04-04T19:17:12.693505563Z: [    0.000000] RAMDISK: [mem 0x3e5ca000-0x3ffcffff]
[STDERR  ] 2018-04-04T19:17:12.693525820Z: [    0.000000] ACPI: Early table checksum verification disabled
[STDERR  ] 2018-04-04T19:17:12.693543560Z: [    0.000000] ACPI: RSDP 0x00000000000F68B0 000014 (v00 BOCHS )
[STDERR  ] 2018-04-04T19:17:12.693561055Z: [    0.000000] ACPI: RSDT 0x000000003FFE20A8 000034 (v01 BOCHS  BXPCRSDT 00000001 BXPC 00000001)
[STDERR  ] 2018-04-04T19:17:12.693579007Z: [    0.000000] ACPI: FACP 0x000000003FFE1EC8 0000F4 (v03 BOCHS  BXPCFACP 00000001 BXPC 00000001)
[STDERR  ] 2018-04-04T19:17:12.693596527Z: [    0.000000] ACPI: DSDT 0x000000003FFE0040 001E88 (v01 BOCHS  BXPCDSDT 00000001 BXPC 00000001)
[STDERR  ] 2018-04-04T19:17:12.693620770Z: [    0.000000] ACPI: FACS 0x000000003FFE0000 000040
[STDERR  ] 2018-04-04T19:17:12.693638347Z: [    0.000000] ACPI: APIC 0x000000003FFE1FBC 000078 (v01 BOCHS  BXPCAPIC 00000001 BXPC 00000001)
[STDERR  ] 2018-04-04T19:17:12.693656160Z: [    0.000000] ACPI: HPET 0x000000003FFE2034 000038 (v01 BOCHS  BXPCHPET 00000001 BXPC 00000001)
[STDERR  ] 2018-04-04T19:17:12.693675002Z: [    0.000000] ACPI: MCFG 0x000000003FFE206C 00003C (v01 BOCHS  BXPCMCFG 00000001 BXPC 00000001)
[STDERR  ] 2018-04-04T19:17:12.693692021Z: [    0.000000] kvm-clock: Using msrs 4b564d01 and 4b564d00
[STDERR  ] 2018-04-04T19:17:12.693709604Z: [    0.000000] kvm-clock: cpu 0, msr 0:3ffdd001, primary cpu clock
[STDERR  ] 2018-04-04T19:17:12.693726437Z: [    0.000000] clocksource: kvm-clock: mask: 0xffffffffffffffff max_cycles: 0x1cd42e4dffb, max_idle_ns: 881590591483 ns
[STDERR  ] 2018-04-04T19:17:12.693743579Z: [    0.000000] Zone ranges:
[STDERR  ] 2018-04-04T19:17:12.693760636Z: [    0.000000]   DMA      [mem 0x0000000000001000-0x0000000000ffffff]
[STDERR  ] 2018-04-04T19:17:12.693777750Z: [    0.000000]   DMA32    [mem 0x0000000001000000-0x000000003ffdefff]
[STDERR  ] 2018-04-04T19:17:12.693794601Z: [    0.000000]   Normal   empty
[STDERR  ] 2018-04-04T19:17:12.693812026Z: [    0.000000]   Device   empty
[STDERR  ] 2018-04-04T19:17:12.693832388Z: [    0.000000] Movable zone start for each node
[STDERR  ] 2018-04-04T19:17:12.693849499Z: [    0.000000] Early memory node ranges
[STDERR  ] 2018-04-04T19:17:12.693866180Z: [    0.000000]   node   0: [mem 0x0000000000001000-0x000000000009efff]
[STDERR  ] 2018-04-04T19:17:12.693882980Z: [    0.000000]   node   0: [mem 0x0000000000100000-0x000000003ffdefff]
[STDERR  ] 2018-04-04T19:17:12.693899675Z: [    0.000000] Initmem setup node 0 [mem 0x0000000000001000-0x000000003ffdefff]
[STDERR  ] 2018-04-04T19:17:12.693916400Z: [    0.000000] ACPI: PM-Timer IO Port: 0x608
[STDERR  ] 2018-04-04T19:17:12.693933298Z: [    0.000000] ACPI: LAPIC_NMI (acpi_id[0xff] dfl dfl lint[0x1])
[STDERR  ] 2018-04-04T19:17:12.693950313Z: [    0.000000] IOAPIC[0]: apic_id 0, version 17, address 0xfec00000, GSI 0-23
[STDERR  ] 2018-04-04T19:17:12.693970689Z: [    0.000000] ACPI: INT_SRC_OVR (bus 0 bus_irq 0 global_irq 2 dfl dfl)
[STDERR  ] 2018-04-04T19:17:12.693987613Z: [    0.000000] ACPI: INT_SRC_OVR (bus 0 bus_irq 5 global_irq 5 high level)
[STDERR  ] 2018-04-04T19:17:12.694004522Z: [    0.000000] ACPI: INT_SRC_OVR (bus 0 bus_irq 9 global_irq 9 high level)
[STDERR  ] 2018-04-04T19:17:12.694021238Z: [    0.000000] ACPI: INT_SRC_OVR (bus 0 bus_irq 10 global_irq 10 high level)
[STDERR  ] 2018-04-04T19:17:12.694040997Z: [    0.000000] ACPI: INT_SRC_OVR (bus 0 bus_irq 11 global_irq 11 high level)
[STDERR  ] 2018-04-04T19:17:12.694057858Z: [    0.000000] Using ACPI (MADT) for SMP configuration information
[STDERR  ] 2018-04-04T19:17:12.694075185Z: [    0.000000] ACPI: HPET id: 0x8086a201 base: 0xfed00000
[STDERR  ] 2018-04-04T19:17:12.694094589Z: [    0.000000] smpboot: Allowing 1 CPUs, 0 hotplug CPUs
[STDERR  ] 2018-04-04T19:17:12.694113919Z: [    0.000000] e820: [mem 0x40000000-0xafffffff] available for PCI devices
[STDERR  ] 2018-04-04T19:17:12.694131016Z: [    0.000000] Booting paravirtualized kernel on KVM
[STDERR  ] 2018-04-04T19:17:12.694147943Z: [    0.000000] clocksource: refined-jiffies: mask: 0xffffffff max_cycles: 0xffffffff, max_idle_ns: 19112604462750000 ns
[STDERR  ] 2018-04-04T19:17:12.694165028Z: [    0.000000] setup_percpu: NR_CPUS:128 nr_cpumask_bits:128 nr_cpu_ids:1 nr_node_ids:1
[STDERR  ] 2018-04-04T19:17:12.694182670Z: [    0.000000] percpu: Embedded 44 pages/cpu @ffff95db7e200000 s143256 r8192 d28776 u2097152
[STDERR  ] 2018-04-04T19:17:12.694201622Z: [    0.000000] KVM setup async PF for cpu 0
[STDERR  ] 2018-04-04T19:17:12.694218354Z: [    0.000000] kvm-stealtime: cpu 0, msr 3e215f40
[STDERR  ] 2018-04-04T19:17:12.694235082Z: [    0.000000] Built 1 zonelists, mobility grouping on.  Total pages: 257896
[STDERR  ] 2018-04-04T19:17:12.694255885Z: [    0.000000] Kernel command line: console=ttyS0 console=ttyAMA0
[STDERR  ] 2018-04-04T19:17:12.694272957Z: [    0.000000] PID hash table entries: 4096 (order: 3, 32768 bytes)
[STDERR  ] 2018-04-04T19:17:12.694289589Z: [    0.000000] Dentry cache hash table entries: 131072 (order: 8, 1048576 bytes)
[STDERR  ] 2018-04-04T19:17:12.694306924Z: [    0.000000] Inode-cache hash table entries: 65536 (order: 7, 524288 bytes)
[STDERR  ] 2018-04-04T19:17:12.694325693Z: [    0.000000] Memory: 978160K/1048052K available (12300K kernel code, 1458K rwdata, 2988K rodata, 1508K init, 632K bss, 69892K reserved, 0K cma-reserved)
[STDERR  ] 2018-04-04T19:17:12.694371224Z: [    0.000000] Kernel/User page tables isolation: enabled
[STDERR  ] 2018-04-04T19:17:12.694408727Z: [    0.000000] ftrace: allocating 40957 entries in 160 pages
[STDERR  ] 2018-04-04T19:17:12.694425987Z: [    0.010000] Hierarchical RCU implementation.
[STDERR  ] 2018-04-04T19:17:12.694445855Z: [    0.010000] 	RCU restricting CPUs from NR_CPUS=128 to nr_cpu_ids=1.
[STDERR  ] 2018-04-04T19:17:12.694462983Z: [    0.010000] RCU: Adjusting geometry for rcu_fanout_leaf=16, nr_cpu_ids=1
[STDERR  ] 2018-04-04T19:17:12.694479642Z: [    0.010000] NR_IRQS: 8448, nr_irqs: 256, preallocated irqs: 16
[STDERR  ] 2018-04-04T19:17:12.694496856Z: [    0.010000] Console: colour VGA+ 80x25
[STDERR  ] 2018-04-04T19:17:12.694513665Z: [    0.010000] console [ttyS0] enabled
[STDERR  ] 2018-04-04T19:17:12.694530282Z: [    0.010000] clocksource: hpet: mask: 0xffffffff max_cycles: 0xffffffff, max_idle_ns: 19112604467 ns
[STDERR  ] 2018-04-04T19:17:12.694547342Z: [    0.010032] tsc: Detected 2300.002 MHz processor
[STDERR  ] 2018-04-04T19:17:12.694563813Z: [    0.014858] Calibrating delay loop (skipped) preset value.. 4600.00 BogoMIPS (lpj=23000020)
[STDERR  ] 2018-04-04T19:17:12.694580664Z: [    0.020029] pid_max: default: 32768 minimum: 301
[STDERR  ] 2018-04-04T19:17:12.694598891Z: [    0.025031] ACPI: Core revision 20170728
[STDERR  ] 2018-04-04T19:17:12.694615724Z: [    0.033561] ACPI: 1 ACPI AML tables successfully acquired and loaded
[STDERR  ] 2018-04-04T19:17:12.694632396Z: [    0.040262] Security Framework initialized
[STDERR  ] 2018-04-04T19:17:12.694654250Z: [    0.045664] Yama: becoming mindful.
[STDERR  ] 2018-04-04T19:17:12.694671120Z: [    0.050595] Mount-cache hash table entries: 2048 (order: 2, 16384 bytes)
[STDERR  ] 2018-04-04T19:17:12.694687575Z: [    0.060192] Mountpoint-cache hash table entries: 2048 (order: 2, 16384 bytes)
[STDERR  ] 2018-04-04T19:17:12.694707112Z: [    0.072576] CPU: Physical Processor ID: 0
[STDERR  ] 2018-04-04T19:17:12.694724174Z: [    0.080235] Last level iTLB entries: 4KB 0, 2MB 0, 4MB 0
[STDERR  ] 2018-04-04T19:17:12.694740703Z: [    0.090032] Last level dTLB entries: 4KB 0, 2MB 0, 4MB 0, 1GB 0
[STDERR  ] 2018-04-04T19:17:12.694757257Z: [    0.096998] Spectre V2 : Vulnerable: Minimal generic ASM retpoline
[STDERR  ] 2018-04-04T19:17:12.694774021Z: [    0.112216] Freeing SMP alternatives memory: 20K
[STDERR  ] 2018-04-04T19:17:12.694790758Z: [    0.120454] smpboot: Max logical packages: 1
[STDERR  ] 2018-04-04T19:17:12.694809608Z: [    0.127412] x2apic enabled
[STDERR  ] 2018-04-04T19:17:12.694828859Z: [    0.130028] Switched APIC routing to physical x2apic.
[STDERR  ] 2018-04-04T19:17:12.694845379Z: [    0.147779] ..TIMER: vector=0x30 apic1=0 pin1=2 apic2=-1 pin2=-1
[STDERR  ] 2018-04-04T19:17:12.694862225Z: [    0.150000] smpboot: CPU0: Intel QEMU Virtual CPU version 2.5+ (family: 0x6, model: 0x6, stepping: 0x3)
[STDERR  ] 2018-04-04T19:17:12.694879126Z: [    0.151482] Performance Events: PMU not available due to virtualization, using software events only.
[STDERR  ] 2018-04-04T19:17:12.694895840Z: [    0.160722] Hierarchical SRCU implementation.
[STDERR  ] 2018-04-04T19:17:12.694915705Z: [    0.165671] NMI watchdog: Perf event create on CPU 0 failed with -2
[STDERR  ] 2018-04-04T19:17:12.694932878Z: [    0.170008] NMI watchdog: Perf NMI watchdog permanently disabled
[STDERR  ] 2018-04-04T19:17:12.694953631Z: [    0.176817] smp: Bringing up secondary CPUs ...
[STDERR  ] 2018-04-04T19:17:12.694970882Z: [    0.180008] smp: Brought up 1 node, 1 CPU
[STDERR  ] 2018-04-04T19:17:12.694987400Z: [    0.184409] smpboot: Total of 1 processors activated (4600.00 BogoMIPS)
[STDERR  ] 2018-04-04T19:17:12.695004252Z: [    0.193288] devtmpfs: initialized
[STDERR  ] 2018-04-04T19:17:12.695020976Z: [    0.200125] x86/mm: Memory block size: 128MB
[STDERR  ] 2018-04-04T19:17:12.695037460Z: [    0.204988] evm: security.ima
[STDERR  ] 2018-04-04T19:17:12.695054404Z: [    0.210007] evm: security.capability
[STDERR  ] 2018-04-04T19:17:12.695073381Z: [    0.214107] clocksource: jiffies: mask: 0xffffffff max_cycles: 0xffffffff, max_idle_ns: 19112604462750000 ns
[STDERR  ] 2018-04-04T19:17:12.695090634Z: [    0.220028] futex hash table entries: 256 (order: 2, 16384 bytes)
[STDERR  ] 2018-04-04T19:17:12.695107419Z: [    0.230441] NET: Registered protocol family 16
[STDERR  ] 2018-04-04T19:17:12.695124180Z: [    0.235399] cpuidle: using governor ladder
[STDERR  ] 2018-04-04T19:17:12.695140919Z: [    0.240008] cpuidle: using governor menu
[STDERR  ] 2018-04-04T19:17:12.695159785Z: [    0.244263] ACPI: bus type PCI registered
[STDERR  ] 2018-04-04T19:17:12.695176678Z: [    0.250469] PCI: MMCONFIG for domain 0000 [bus 00-ff] at [mem 0xb0000000-0xbfffffff] (base 0xb0000000)
[STDERR  ] 2018-04-04T19:17:12.695195533Z: [    0.260014] PCI: MMCONFIG at [mem 0xb0000000-0xbfffffff] reserved in E820
[STDERR  ] 2018-04-04T19:17:12.695212630Z: [    0.267043] PCI: Using configuration type 1 for base access
[STDERR  ] 2018-04-04T19:17:12.695229341Z: [    0.272366] HugeTLB registered 2.00 MiB page size, pre-allocated 0 pages
[STDERR  ] 2018-04-04T19:17:12.695246158Z: [    0.280458] ACPI: Added _OSI(Module Device)
[STDERR  ] 2018-04-04T19:17:12.695262713Z: [    0.284816] ACPI: Added _OSI(Processor Device)
[STDERR  ] 2018-04-04T19:17:12.695279366Z: [    0.290011] ACPI: Added _OSI(3.0 _SCP Extensions)
[STDERR  ] 2018-04-04T19:17:12.695295922Z: [    0.295101] ACPI: Added _OSI(Processor Aggregator Device)
[STDERR  ] 2018-04-04T19:17:12.695312457Z: [    0.305223] ACPI: Interpreter enabled
[STDERR  ] 2018-04-04T19:17:12.695328931Z: [    0.310087] ACPI: (supports S0 S5)
[STDERR  ] 2018-04-04T19:17:12.695348614Z: [    0.313755] ACPI: Using IOAPIC for interrupt routing
[STDERR  ] 2018-04-04T19:17:12.695365607Z: [    0.320075] PCI: Using host bridge windows from ACPI; if necessary, use "pci=nocrs" and report a bug
[STDERR  ] 2018-04-04T19:17:12.695390264Z: [    0.330295] ACPI: Enabled 1 GPEs in block 00 to 3F
[STDERR  ] 2018-04-04T19:17:12.695407159Z: [    0.341910] ACPI: PCI Root Bridge [PCI0] (domain 0000 [bus 00-ff])
[STDERR  ] 2018-04-04T19:17:12.695424061Z: [    0.348828] acpi PNP0A08:00: _OSC: OS supports [ExtendedConfig ASPM ClockPM Segments MSI]
[STDERR  ] 2018-04-04T19:17:12.695440894Z: [    0.350203] acpi PNP0A08:00: _OSC: OS now controls [PCIeHotplug PME PCIeCapability]
[STDERR  ] 2018-04-04T19:17:12.695459994Z: [    0.360108] PCI host bridge to bus 0000:00
[STDERR  ] 2018-04-04T19:17:12.695476680Z: [    0.370009] pci_bus 0000:00: root bus resource [io  0x0000-0x0cf7 window]
[STDERR  ] 2018-04-04T19:17:12.695493411Z: [    0.377074] pci_bus 0000:00: root bus resource [io  0x0d00-0xffff window]
[STDERR  ] 2018-04-04T19:17:12.695509972Z: [    0.380016] pci_bus 0000:00: root bus resource [mem 0x000a0000-0x000bffff window]
[STDERR  ] 2018-04-04T19:17:12.695526567Z: [    0.390015] pci_bus 0000:00: root bus resource [mem 0xc0000000-0xfebfffff window]
[STDERR  ] 2018-04-04T19:17:12.695543082Z: [    0.400016] pci_bus 0000:00: root bus resource [bus 00-ff]
[STDERR  ] 2018-04-04T19:17:12.695559951Z: [    0.550225] pci 0000:00:1f.0: quirk: [io  0x0600-0x067f] claimed by ICH6 ACPI/GPIO/TCO
[STDERR  ] 2018-04-04T19:17:12.695576717Z: [    0.616909] ACPI: PCI Interrupt Link [LNKA] (IRQs 5 *10 11)
[STDERR  ] 2018-04-04T19:17:12.695593203Z: [    0.620514] ACPI: PCI Interrupt Link [LNKB] (IRQs 5 *10 11)
[STDERR  ] 2018-04-04T19:17:12.695609778Z: [    0.630574] ACPI: PCI Interrupt Link [LNKC] (IRQs 5 10 *11)
[STDERR  ] 2018-04-04T19:17:12.695630178Z: [    0.636951] ACPI: PCI Interrupt Link [LNKD] (IRQs 5 10 *11)
[STDERR  ] 2018-04-04T19:17:12.695646927Z: [    0.640574] ACPI: PCI Interrupt Link [LNKE] (IRQs 5 *10 11)
[STDERR  ] 2018-04-04T19:17:12.695663631Z: [    0.650239] ACPI: PCI Interrupt Link [LNKF] (IRQs 5 *10 11)
[STDERR  ] 2018-04-04T19:17:12.695682442Z: [    0.656828] ACPI: PCI Interrupt Link [LNKG] (IRQs 5 10 *11)
[STDERR  ] 2018-04-04T19:17:12.695699579Z: [    0.660426] ACPI: PCI Interrupt Link [LNKH] (IRQs 5 10 *11)
[STDERR  ] 2018-04-04T19:17:12.695727108Z: [    0.666768] ACPI: PCI Interrupt Link [GSIA] (IRQs *16)
[STDERR  ] 2018-04-04T19:17:12.695753436Z: [    0.670062] ACPI: PCI Interrupt Link [GSIB] (IRQs *17)
[STDERR  ] 2018-04-04T19:17:12.695781172Z: [    0.680145] ACPI: PCI Interrupt Link [GSIC] (IRQs *18)
[STDERR  ] 2018-04-04T19:17:12.695809325Z: [    0.685711] ACPI: PCI Interrupt Link [GSID] (IRQs *19)
[STDERR  ] 2018-04-04T19:17:12.695839947Z: [    0.690158] ACPI: PCI Interrupt Link [GSIE] (IRQs *20)
[STDERR  ] 2018-04-04T19:17:12.695857479Z: [    0.695763] ACPI: PCI Interrupt Link [GSIF] (IRQs *21)
[STDERR  ] 2018-04-04T19:17:12.695873984Z: [    0.700147] ACPI: PCI Interrupt Link [GSIG] (IRQs *22)
[STDERR  ] 2018-04-04T19:17:12.695890659Z: [    0.706459] ACPI: PCI Interrupt Link [GSIH] (IRQs *23)
[STDERR  ] 2018-04-04T19:17:12.695907333Z: [    0.724617] SCSI subsystem initialized
[STDERR  ] 2018-04-04T19:17:12.695923930Z: [    0.732312] ACPI: bus type USB registered
[STDERR  ] 2018-04-04T19:17:12.695940659Z: [    0.737427] usbcore: registered new interface driver usbfs
[STDERR  ] 2018-04-04T19:17:12.695957139Z: [    0.740193] usbcore: registered new interface driver hub
[STDERR  ] 2018-04-04T19:17:12.695975756Z: [    0.746155] usbcore: registered new device driver usb
[STDERR  ] 2018-04-04T19:17:12.695992393Z: [    0.750517] pps_core: LinuxPPS API ver. 1 registered
[STDERR  ] 2018-04-04T19:17:12.696008915Z: [    0.760016] pps_core: Software ver. 5.3.6 - Copyright 2005-2007 Rodolfo Giometti <giometti@linux.it>
[STDERR  ] 2018-04-04T19:17:12.696025743Z: [    0.770191] PTP clock support registered
[STDERR  ] 2018-04-04T19:17:12.696042232Z: [    0.776892] PCI: Using ACPI for IRQ routing
[STDERR  ] 2018-04-04T19:17:12.696063443Z: [    1.189038] NetLabel: Initializing
[STDERR  ] 2018-04-04T19:17:12.696080445Z: [    1.190013] NetLabel:  domain hash size = 128
[STDERR  ] 2018-04-04T19:17:12.696099538Z: [    1.194824] NetLabel:  protocols = UNLABELED CIPSOv4 CALIPSO
[STDERR  ] 2018-04-04T19:17:12.696116600Z: [    1.200527] NetLabel:  unlabeled traffic allowed by default
[STDERR  ] 2018-04-04T19:17:12.696135136Z: [    1.213318] HPET: 3 timers in total, 0 timers will be used for per-cpu timer
[STDERR  ] 2018-04-04T19:17:12.696154254Z: [    1.220172] hpet0: at MMIO 0xfed00000, IRQs 2, 8, 0
[STDERR  ] 2018-04-04T19:17:12.696170794Z: [    1.225645] hpet0: 3 comparators, 64-bit 100.000000 MHz counter
[STDERR  ] 2018-04-04T19:17:12.696187305Z: [    1.233466] clocksource: Switched to clocksource kvm-clock
[STDERR  ] 2018-04-04T19:17:12.696203858Z: [    1.379921] VFS: Disk quotas dquot_6.6.0
[STDERR  ] 2018-04-04T19:17:12.696222697Z: [    1.385037] VFS: Dquot-cache hash table entries: 512 (order 0, 4096 bytes)
[STDERR  ] 2018-04-04T19:17:12.696239382Z: [    1.393391] FS-Cache: Loaded
[STDERR  ] 2018-04-04T19:17:12.696255816Z: [    1.398231] CacheFiles: Loaded
[STDERR  ] 2018-04-04T19:17:12.696272097Z: [    1.401937] pnp: PnP ACPI init
[STDERR  ] 2018-04-04T19:17:12.696288512Z: [    1.408778] pnp: PnP ACPI: found 5 devices
[STDERR  ] 2018-04-04T19:17:12.696304898Z: [    1.429417] clocksource: acpi_pm: mask: 0xffffff max_cycles: 0xffffff, max_idle_ns: 2085701024 ns
[STDERR  ] 2018-04-04T19:17:12.696321508Z: [    1.440064] NET: Registered protocol family 2
[STDERR  ] 2018-04-04T19:17:12.696338032Z: [    1.447456] TCP established hash table entries: 8192 (order: 4, 65536 bytes)
[STDERR  ] 2018-04-04T19:17:12.696354597Z: [    1.455771] TCP bind hash table entries: 8192 (order: 5, 131072 bytes)
[STDERR  ] 2018-04-04T19:17:12.696381865Z: [    1.463284] TCP: Hash tables configured (established 8192 bind 8192)
[STDERR  ] 2018-04-04T19:17:12.696399144Z: [    1.470501] UDP hash table entries: 512 (order: 2, 16384 bytes)
[STDERR  ] 2018-04-04T19:17:12.696415870Z: [    1.477117] UDP-Lite hash table entries: 512 (order: 2, 16384 bytes)
[STDERR  ] 2018-04-04T19:17:12.696432540Z: [    1.484422] NET: Registered protocol family 1
[STDERR  ] 2018-04-04T19:17:12.696449730Z: [    1.489624] pci 0000:00:01.0: Video device with shadowed ROM at [mem 0x000c0000-0x000dffff]
[STDERR  ] 2018-04-04T19:17:12.696466718Z: [    1.499445] Trying to unpack rootfs image as initramfs...
[STDERR  ] 2018-04-04T19:17:12.696483401Z: [    2.838082] Freeing initrd memory: 26648K
[STDERR  ] 2018-04-04T19:17:12.696499889Z: [    2.847160] PCLMULQDQ-NI instructions are not detected.
[STDERR  ] 2018-04-04T19:17:12.696516556Z: [    2.853370] AVX or AES-NI instructions are not detected.
[STDERR  ] 2018-04-04T19:17:12.696533145Z: [    2.858961] CPU feature 'AVX registers' is not supported.
[STDERR  ] 2018-04-04T19:17:12.696551785Z: [    2.864833] CPU feature 'AVX registers' is not supported.
[STDERR  ] 2018-04-04T19:17:12.696568398Z: [    2.870629] CPU feature 'AVX registers' is not supported.
[STDERR  ] 2018-04-04T19:17:12.696584862Z: [    2.876373] CPU feature 'AVX registers' is not supported.
[STDERR  ] 2018-04-04T19:17:12.696601489Z: [    2.882435] AVX2 or AES-NI instructions are not detected.
[STDERR  ] 2018-04-04T19:17:12.696617949Z: [    2.888308] AVX2 instructions are not detected.
[STDERR  ] 2018-04-04T19:17:12.696634553Z: [    2.894411] audit: initializing netlink subsys (disabled)
[STDERR  ] 2018-04-04T19:17:12.696651233Z: [    2.902314] audit: type=2000 audit(1522869426.888:1): state=initialized audit_enabled=0 res=1
[STDERR  ] 2018-04-04T19:17:12.696668060Z: [    2.911680] workingset: timestamp_bits=46 max_order=18 bucket_order=0
[STDERR  ] 2018-04-04T19:17:12.696684852Z: [    2.919789] squashfs: version 4.0 (2009/01/31) Phillip Lougher
[STDERR  ] 2018-04-04T19:17:12.696701423Z: [    2.927518] FS-Cache: Netfs 'cifs' registered for caching
[STDERR  ] 2018-04-04T19:17:12.696722127Z: [    2.933878] fuse init (API version 7.26)
[STDERR  ] 2018-04-04T19:17:12.696742092Z: [    2.938752] SGI XFS with ACLs, security attributes, no debug enabled
[STDERR  ] 2018-04-04T19:17:12.696759099Z: [    2.947639] 9p: Installing v9fs 9p2000 file system support
[STDERR  ] 2018-04-04T19:17:12.696778150Z: [    2.953565] FS-Cache: Netfs '9p' registered for caching
[STDERR  ] 2018-04-04T19:17:12.696794834Z: [    2.967203] NET: Registered protocol family 38
[STDERR  ] 2018-04-04T19:17:12.696811456Z: [    2.972156] Key type asymmetric registered
[STDERR  ] 2018-04-04T19:17:12.696828063Z: [    2.976507] Asymmetric key parser 'x509' registered
[STDERR  ] 2018-04-04T19:17:12.696844714Z: [    2.982030] Block layer SCSI generic (bsg) driver version 0.4 loaded (major 247)
[STDERR  ] 2018-04-04T19:17:12.696861596Z: [    2.990539] io scheduler noop registered
[STDERR  ] 2018-04-04T19:17:12.696878090Z: [    2.994727] io scheduler deadline registered (default)
[STDERR  ] 2018-04-04T19:17:12.696894920Z: [    3.000633] io scheduler cfq registered
[STDERR  ] 2018-04-04T19:17:12.696911420Z: [    3.004705] io scheduler mq-deadline registered
[STDERR  ] 2018-04-04T19:17:12.696928107Z: [    3.009510] io scheduler kyber registered
[STDERR  ] 2018-04-04T19:17:12.696944517Z: [    3.014941] shpchp: Standard Hot Plug PCI Controller Driver version: 0.4
[STDERR  ] 2018-04-04T19:17:12.696961148Z: [    3.022225] hv_vmbus: registering driver hyperv_fb
[STDERR  ] 2018-04-04T19:17:12.696979491Z: [    3.027982] input: Power Button as /devices/LNXSYSTM:00/LNXPWRBN:00/input/input0
[STDERR  ] 2018-04-04T19:17:12.696997955Z: [    3.035897] ACPI: Power Button [PWRF]
[STDERR  ] 2018-04-04T19:17:12.697016619Z: [    3.042449] ACPI: PCI Interrupt Link [GSIG] enabled at IRQ 22
[STDERR  ] 2018-04-04T19:17:12.697033477Z: [    3.055488] ACPI: PCI Interrupt Link [GSIH] enabled at IRQ 23
[STDERR  ] 2018-04-04T19:17:12.697053971Z: [    3.068274] Serial: 8250/16550 driver, 4 ports, IRQ sharing disabled
[STDERR  ] 2018-04-04T19:17:12.697070812Z: [    3.109905] 00:04: ttyS0 at I/O 0x3f8 (irq = 4, base_baud = 115200) is a 16550A
[STDERR  ] 2018-04-04T19:17:12.697087534Z: [    3.120746] Non-volatile memory driver v1.3
[STDERR  ] 2018-04-04T19:17:12.697104294Z: [    3.129149] Hangcheck: starting hangcheck timer 0.9.1 (tick is 180 seconds, margin is 60 seconds).
[STDERR  ] 2018-04-04T19:17:12.697121437Z: [    3.139929] random: crng init done
[STDERR  ] 2018-04-04T19:17:12.697138007Z: [    3.156855] brd: module loaded
[STDERR  ] 2018-04-04T19:17:12.697154540Z: [    3.171340] loop: module loaded
[STDERR  ] 2018-04-04T19:17:12.697171020Z: [    3.187591] lpc_ich 0000:00:1f.0: I/O space for GPIO uninitialized
[STDERR  ] 2018-04-04T19:17:12.697187738Z: [    3.195203] VMware PVSCSI driver - version 1.0.7.0-k
[STDERR  ] 2018-04-04T19:17:12.697204461Z: [    3.201376] hv_vmbus: registering driver hv_storvsc
[STDERR  ] 2018-04-04T19:17:12.697220949Z: [    3.208359] ACPI: PCI Interrupt Link [GSIA] enabled at IRQ 16
[STDERR  ] 2018-04-04T19:17:12.697239601Z: [    3.218164] ahci 0000:00:1f.2: AHCI 0001.0000 32 slots 6 ports 1.5 Gbps 0x3f impl SATA mode
[STDERR  ] 2018-04-04T19:17:12.697256736Z: [    3.227652] ahci 0000:00:1f.2: flags: 64bit ncq only 
[STDERR  ] 2018-04-04T19:17:12.697273308Z: [    3.237229] scsi host0: ahci
[STDERR  ] 2018-04-04T19:17:12.697289705Z: [    3.240720] scsi host1: ahci
[STDERR  ] 2018-04-04T19:17:12.697306122Z: [    3.244009] scsi host2: ahci
[STDERR  ] 2018-04-04T19:17:12.697322612Z: [    3.247378] scsi host3: ahci
[STDERR  ] 2018-04-04T19:17:12.697338988Z: [    3.250828] scsi host4: ahci
[STDERR  ] 2018-04-04T19:17:12.697355405Z: [    3.254089] scsi host5: ahci
[STDERR  ] 2018-04-04T19:17:12.697380072Z: [    3.257334] ata1: SATA max UDMA/133 abar m4096@0xfebd2000 port 0xfebd2100 irq 24
[STDERR  ] 2018-04-04T19:17:12.697400047Z: [    3.265494] ata2: SATA max UDMA/133 abar m4096@0xfebd2000 port 0xfebd2180 irq 24
[STDERR  ] 2018-04-04T19:17:12.697416862Z: [    3.273569] ata3: SATA max UDMA/133 abar m4096@0xfebd2000 port 0xfebd2200 irq 24
[STDERR  ] 2018-04-04T19:17:12.697433422Z: [    3.281474] ata4: SATA max UDMA/133 abar m4096@0xfebd2000 port 0xfebd2280 irq 24
[STDERR  ] 2018-04-04T19:17:12.697456153Z: [    3.289189] ata5: SATA max UDMA/133 abar m4096@0xfebd2000 port 0xfebd2300 irq 24
[STDERR  ] 2018-04-04T19:17:12.697473068Z: [    3.297062] ata6: SATA max UDMA/133 abar m4096@0xfebd2000 port 0xfebd2380 irq 24
[STDERR  ] 2018-04-04T19:17:12.697489558Z: [    3.308927] tun: Universal TUN/TAP device driver, 1.6
[STDERR  ] 2018-04-04T19:17:12.697506606Z: [    3.318791] VMware vmxnet3 virtual NIC driver - version 1.4.a.0-k-NAPI
[STDERR  ] 2018-04-04T19:17:12.697523362Z: [    3.325755] hv_vmbus: registering driver hv_netvsc
[STDERR  ] 2018-04-04T19:17:12.697539988Z: [    3.330890] Fusion MPT base driver 3.04.20
[STDERR  ] 2018-04-04T19:17:12.697556778Z: [    3.335227] Copyright (c) 1999-2008 LSI Corporation
[STDERR  ] 2018-04-04T19:17:12.697573243Z: [    3.340668] Fusion MPT SPI Host driver 3.04.20
[STDERR  ] 2018-04-04T19:17:12.697589658Z: [    3.345684] i8042: PNP: PS/2 Controller [PNP0303:KBD,PNP0f13:MOU] at 0x60,0x64 irq 1,12
[STDERR  ] 2018-04-04T19:17:12.697608660Z: [    3.358290] serio: i8042 KBD port at 0x60,0x64 irq 1
[STDERR  ] 2018-04-04T19:17:12.697625240Z: [    3.363811] serio: i8042 AUX port at 0x60,0x64 irq 12
[STDERR  ] 2018-04-04T19:17:12.697641629Z: [    3.369525] hv_vmbus: registering driver hyperv_keyboard
[STDERR  ] 2018-04-04T19:17:12.697659875Z: [    3.375664] mousedev: PS/2 mouse device common for all mice
[STDERR  ] 2018-04-04T19:17:12.697676638Z: [    3.383198] input: AT Translated Set 2 keyboard as /devices/platform/i8042/serio0/input/input1
[STDERR  ] 2018-04-04T19:17:12.697693372Z: [    3.392394] input: PC Speaker as /devices/platform/pcspkr/input/input2
[STDERR  ] 2018-04-04T19:17:12.697711639Z: [    3.399664] rtc_cmos 00:00: RTC can wake from S4
[STDERR  ] 2018-04-04T19:17:12.697732160Z: [    3.406961] rtc_cmos 00:00: rtc core: registered rtc_cmos as rtc0
[STDERR  ] 2018-04-04T19:17:12.697748778Z: [    3.414352] rtc_cmos 00:00: alarms up to one day, y3k, 114 bytes nvram, hpet irqs
[STDERR  ] 2018-04-04T19:17:12.697765749Z: [    3.422853] i2c /dev entries driver
[STDERR  ] 2018-04-04T19:17:12.697782326Z: [    3.427119] device-mapper: ioctl: 4.37.0-ioctl (2017-09-20) initialised: dm-devel@redhat.com
[STDERR  ] 2018-04-04T19:17:12.697799414Z: [    3.437670] usbcore: registered new interface driver usbhid
[STDERR  ] 2018-04-04T19:17:12.697816065Z: [    3.444139] usbhid: USB HID core driver
[STDERR  ] 2018-04-04T19:17:12.697832634Z: [    3.448715] hv_utils: Registering HyperV Utility Driver
[STDERR  ] 2018-04-04T19:17:12.697849127Z: [    3.454746] hv_vmbus: registering driver hv_util
[STDERR  ] 2018-04-04T19:17:12.697865549Z: [    3.460159] hv_vmbus: registering driver hv_balloon
[STDERR  ] 2018-04-04T19:17:12.697881953Z: [    3.465400] oprofile: using NMI interrupt.
[STDERR  ] 2018-04-04T19:17:12.697898370Z: [    3.470145] GACT probability on
[STDERR  ] 2018-04-04T19:17:12.697914860Z: [    3.473568] Mirror/redirect action on
[STDERR  ] 2018-04-04T19:17:12.697931167Z: [    3.477569] Simple TC action Loaded
[STDERR  ] 2018-04-04T19:17:12.697947726Z: [    3.481457] u32 classifier
[STDERR  ] 2018-04-04T19:17:12.697964143Z: [    3.484382]     Performance counters on
[STDERR  ] 2018-04-04T19:17:12.697980606Z: [    3.488433]     input device check on
[STDERR  ] 2018-04-04T19:17:12.697999797Z: [    3.492448]     Actions configured
[STDERR  ] 2018-04-04T19:17:12.698016247Z: [    3.496233] Netfilter messages via NETLINK v0.30.
[STDERR  ] 2018-04-04T19:17:12.698034875Z: [    3.501476] nfnl_acct: registering with nfnetlink.
[STDERR  ] 2018-04-04T19:17:12.698051603Z: [    3.507168] nf_conntrack version 0.5.0 (8192 buckets, 32768 max)
[STDERR  ] 2018-04-04T19:17:12.698068081Z: [    3.514158] ctnetlink v0.93: registering with nfnetlink.
[STDERR  ] 2018-04-04T19:17:12.698084421Z: [    3.521251] nf_tables: (c) 2007-2009 Patrick McHardy <kaber@trash.net>
[STDERR  ] 2018-04-04T19:17:12.698101153Z: [    3.528498] nf_tables_compat: (c) 2012 Pablo Neira Ayuso <pablo@netfilter.org>
[STDERR  ] 2018-04-04T19:17:12.698117493Z: [    3.537750] xt_time: kernel timezone is -0000
[STDERR  ] 2018-04-04T19:17:12.698138705Z: [    3.542773] ip_set: protocol 6
[STDERR  ] 2018-04-04T19:17:12.698158061Z: [    3.546383] IPVS: Registered protocols (TCP, UDP, SCTP, AH, ESP)
[STDERR  ] 2018-04-04T19:17:12.698174761Z: [    3.553189] IPVS: Connection hash table configured (size=4096, memory=64Kbytes)
[STDERR  ] 2018-04-04T19:17:12.698191482Z: [    3.561747] IPVS: ipvs loaded.
[STDERR  ] 2018-04-04T19:17:12.698207925Z: [    3.565059] IPVS: [rr] scheduler registered.
[STDERR  ] 2018-04-04T19:17:12.698224442Z: [    3.569975] IPVS: [wrr] scheduler registered.
[STDERR  ] 2018-04-04T19:17:12.698240942Z: [    3.574713] IPVS: [lc] scheduler registered.
[STDERR  ] 2018-04-04T19:17:12.698257438Z: [    3.579614] IPVS: [wlc] scheduler registered.
[STDERR  ] 2018-04-04T19:17:12.698274005Z: [    3.584354] IPVS: [fo] scheduler registered.
[STDERR  ] 2018-04-04T19:17:12.698290395Z: [    3.589202] IPVS: [ovf] scheduler registered.
[STDERR  ] 2018-04-04T19:17:12.698306951Z: [    3.593968] IPVS: [lblc] scheduler registered.
[STDERR  ] 2018-04-04T19:17:12.698323606Z: [    3.599045] IPVS: [lblcr] scheduler registered.
[STDERR  ] 2018-04-04T19:17:12.698340054Z: [    3.604232] IPVS: [dh] scheduler registered.
[STDERR  ] 2018-04-04T19:17:12.699167837Z: [    3.608739] IPVS: [sh] scheduler registered.
[STDERR  ] 2018-04-04T19:17:12.699211355Z: [    3.613650] IPVS: [sed] scheduler registered.
[STDERR  ] 2018-04-04T19:17:12.699242717Z: [    3.618206] IPVS: [nq] scheduler registered.
[STDERR  ] 2018-04-04T19:17:12.699270578Z: [    3.623110] IPVS: ftp: loaded support on port[0] = 21
[STDERR  ] 2018-04-04T19:17:12.699313364Z: [    3.628992] ipip: IPv4 and MPLS over IPv4 tunneling driver
[STDERR  ] 2018-04-04T19:17:12.699346598Z: [    3.635463] ata6: SATA link down (SStatus 0 SControl 300)
[STDERR  ] 2018-04-04T19:17:12.699410464Z: [    3.641875] ata5: SATA link down (SStatus 0 SControl 300)
[STDERR  ] 2018-04-04T19:17:12.699438439Z: [    3.648289] ata4: SATA link down (SStatus 0 SControl 300)
[STDERR  ] 2018-04-04T19:17:12.699481603Z: [    3.654939] ata3: SATA link up 1.5 Gbps (SStatus 113 SControl 300)
[STDERR  ] 2018-04-04T19:17:12.699510388Z: [    3.662595] ata2: SATA link down (SStatus 0 SControl 300)
[STDERR  ] 2018-04-04T19:17:12.699551021Z: [    3.669226] ata1: SATA link down (SStatus 0 SControl 300)
[STDERR  ] 2018-04-04T19:17:12.699580106Z: [    3.675732] gre: GRE over IPv4 demultiplexor driver
[STDERR  ] 2018-04-04T19:17:12.699619701Z: [    3.681185] ata3.00: ATAPI: QEMU DVD-ROM, 2.5+, max UDMA/100
[STDERR  ] 2018-04-04T19:17:12.699648108Z: [    3.687139] ata3.00: applying bridge limits
[STDERR  ] 2018-04-04T19:17:12.699674846Z: [    3.692137] ip_tables: (C) 2000-2006 Netfilter Core Team
[STDERR  ] 2018-04-04T19:17:12.699718069Z: [    3.697848] ipt_CLUSTERIP: ClusterIP Version 0.8 loaded successfully
[STDERR  ] 2018-04-04T19:17:12.699745758Z: [    3.704960] ata3.00: configured for UDMA/100
[STDERR  ] 2018-04-04T19:17:12.699783991Z: [    3.710210] arp_tables: arp_tables: (C) 2002 David S. Miller
[STDERR  ] 2018-04-04T19:17:12.699814064Z: [    3.716785] NET: Registered protocol family 10
[STDERR  ] 2018-04-04T19:17:12.699852811Z: [    3.722568] scsi 2:0:0:0: CD-ROM            QEMU     QEMU DVD-ROM     2.5+ PQ: 0 ANSI: 5
[STDERR  ] 2018-04-04T19:17:12.699885421Z: [    3.734664] Segment Routing with IPv6
[STDERR  ] 2018-04-04T19:17:12.699916454Z: [    3.738930] ip6_tables: (C) 2000-2006 Netfilter Core Team
[STDERR  ] 2018-04-04T19:17:12.699959983Z: [    3.746044] NET: Registered protocol family 17
[STDERR  ] 2018-04-04T19:17:12.699986870Z: [    3.751499] Bridge firewalling registered
[STDERR  ] 2018-04-04T19:17:12.700026870Z: [    3.755886] Ebtables v2.0 registered
[STDERR  ] 2018-04-04T19:17:12.700054937Z: [    3.759815] 8021q: 802.1Q VLAN Support v1.8
[STDERR  ] 2018-04-04T19:17:12.700081188Z: [    3.764532] 9pnet: Installing 9P2000 support
[STDERR  ] 2018-04-04T19:17:12.700121838Z: [    3.769266] Key type dns_resolver registered
[STDERR  ] 2018-04-04T19:17:12.700148822Z: [    3.775117] registered taskstats version 1
[STDERR  ] 2018-04-04T19:17:12.700195287Z: [    3.780988] sr 2:0:0:0: [sr0] scsi3-mmc drive: 4x/4x cd/rw xa/form2 tray
[STDERR  ] 2018-04-04T19:17:12.700224192Z: [    3.788611] cdrom: Uniform CD-ROM driver Revision: 3.20
[STDERR  ] 2018-04-04T19:17:12.700265526Z: [    3.801786] sr 2:0:0:0: Attached scsi generic sg0 type 5
[STDERR  ] 2018-04-04T19:17:12.700294096Z: [    3.809429] Key type big_key registered
[STDERR  ] 2018-04-04T19:17:12.700337313Z: [    3.816551] Key type trusted registered
[STDERR  ] 2018-04-04T19:17:12.700371539Z: [    3.823765] Key type encrypted registered
[STDERR  ] 2018-04-04T19:17:12.700432339Z: [    3.828293] ima: No TPM chip found, activating TPM-bypass! (rc=-19)
[STDERR  ] 2018-04-04T19:17:12.700465145Z: [    3.835229] evm: HMAC attrs: 0x1
[STDERR  ] 2018-04-04T19:17:12.700507028Z: [    3.841115] rtc_cmos 00:00: setting system clock to 2018-04-04 19:17:07 UTC (1522869427)
[STDERR  ] 2018-04-04T19:17:12.700538326Z: [    3.865652] Freeing unused kernel memory: 1508K
[STDERR  ] 2018-04-04T19:17:12.700565546Z: [    3.870688] Write protecting the kernel read-only data: 18432k
[STDERR  ] 2018-04-04T19:17:12.700610904Z: [    3.878775] Freeing unused kernel memory: 2024K
[STDERR  ] 2018-04-04T19:17:12.700638037Z: [    3.896377] Freeing unused kernel memory: 1108K
[STDERR  ] 2018-04-04T19:17:12.700677524Z: 
[STDERR  ] 2018-04-04T19:17:12.700703139Z: Welcome to LinuxKit
[STDERR  ] 2018-04-04T19:17:12.700729178Z: 
[STDERR  ] 2018-04-04T19:17:12.700782134Z:                         ##         .
[STDERR  ] 2018-04-04T19:17:12.700835340Z:                   ## ## ##        ==
[STDERR  ] 2018-04-04T19:17:12.700866551Z:                ## ## ## ## ##    ===
[STDERR  ] 2018-04-04T19:17:12.700893552Z:            /"""""""""""""""""\___/ ===
[STDERR  ] 2018-04-04T19:17:12.700971118Z:           {                       /  ===-
[STDERR  ] 2018-04-04T19:17:12.700999681Z:            \______ O           __/
[STDERR  ] 2018-04-04T19:17:12.701048481Z:              \    \         __/
[STDERR  ] 2018-04-04T19:17:12.701078232Z:               \____\_______/
[STDERR  ] 2018-04-04T19:17:12.701126772Z: 
[STDERR  ] 2018-04-04T19:17:12.701158640Z: [    4.456077] hello_world: loading out-of-tree module taints kernel.
[STDERR  ] 2018-04-04T19:17:12.701203576Z: [    4.465969] Hello LinuxKit
[STDERR  ] 2018-04-04T19:17:12.701237542Z: [    4.473066] Goodbye LinuxKit.
[STDERR  ] 2018-04-04T19:17:12.701284504Z: Linux linuxkit-1ac827e102ad 4.14.32-linuxkit #1 SMP Sun Apr 1 17:10:10 UTC 2018 x86_64 Linux
[STDERR  ] 2018-04-04T19:17:12.701336514Z: filename:       hello_world.ko
[STDERR  ] 2018-04-04T19:17:12.701407260Z: author:         Rolf Neugebauer <rolf.neugebauer@docker.com>
[STDERR  ] 2018-04-04T19:17:12.701453734Z: description:    A simple Hello World kernel module for testing
[STDERR  ] 2018-04-04T19:17:12.701491163Z: license:        GPL
[STDERR  ] 2018-04-04T19:17:12.701539486Z: depends:        
[STDERR  ] 2018-04-04T19:17:12.701575375Z: vermagic:       4.14.32-linuxkit SMP mod_unload modversions RANDSTRUCT_PLUGIN_9b0ae2e13cf08162f60fcd939f1af1aa5149e511445658f49f0750561ec964cc
[STDERR  ] 2018-04-04T19:17:12.701625932Z: Kernel module test suite PASSED
[STDERR  ] 2018-04-04T19:17:12.701661022Z: [    7.565488] ACPI: Preparing to enter system sleep state S5
[STDERR  ] 2018-04-04T19:17:12.701710378Z: [    7.573893] reboot: Power down
[STDERR  ] 2018-04-04T19:17:12.701744493Z: + grep -q Hello LinuxKit
[STDERR  ] 2018-04-04T19:17:12.701800962Z: + echo [    0.000000] Linux version 4.14.32-linuxkit (root@d8cf80697563) (gcc version 6.4.0 (Alpine 6.4.0)) #1 SMP Sun Apr 1 17:10:10 UTC 2018
[STDERR  ] 2018-04-04T19:17:12.701836199Z: [    0.000000] Command line: console=ttyS0 console=ttyAMA0
[STDERR  ] 2018-04-04T19:17:12.701884982Z: [    0.000000] x86/fpu: x87 FPU will use FXSAVE
[STDERR  ] 2018-04-04T19:17:12.701919979Z: [    0.000000] e820: BIOS-provided physical RAM map:
[STDERR  ] 2018-04-04T19:17:12.701964481Z: [    0.000000] BIOS-e820: [mem 0x0000000000000000-0x000000000009fbff] usable
[STDERR  ] 2018-04-04T19:17:12.702006600Z: [    0.000000] BIOS-e820: [mem 0x000000000009fc00-0x000000000009ffff] reserved
[STDERR  ] 2018-04-04T19:17:12.702054305Z: [    0.000000] BIOS-e820: [mem 0x00000000000f0000-0x00000000000fffff] reserved
[STDERR  ] 2018-04-04T19:17:12.702087965Z: [    0.000000] BIOS-e820: [mem 0x0000000000100000-0x000000003ffdefff] usable
[STDERR  ] 2018-04-04T19:17:12.702136380Z: [    0.000000] BIOS-e820: [mem 0x000000003ffdf000-0x000000003fffffff] reserved
[STDERR  ] 2018-04-04T19:17:12.702170703Z: [    0.000000] BIOS-e820: [mem 0x00000000b0000000-0x00000000bfffffff] reserved
[STDERR  ] 2018-04-04T19:17:12.702210669Z: [    0.000000] BIOS-e820: [mem 0x00000000fed1c000-0x00000000fed1ffff] reserved
[STDERR  ] 2018-04-04T19:17:12.702243688Z: [    0.000000] BIOS-e820: [mem 0x00000000feffc000-0x00000000feffffff] reserved
[STDERR  ] 2018-04-04T19:17:12.702273148Z: [    0.000000] BIOS-e820: [mem 0x00000000fffc0000-0x00000000ffffffff] reserved
[STDERR  ] 2018-04-04T19:17:12.702317098Z: [    0.000000] NX (Execute Disable) protection: active
[STDERR  ] 2018-04-04T19:17:12.702366855Z: [    0.000000] random: fast init done
[STDERR  ] 2018-04-04T19:17:12.702411148Z: [    0.000000] SMBIOS 2.8 present.
[STDERR  ] 2018-04-04T19:17:12.702456941Z: [    0.000000] DMI: QEMU Standard PC (Q35 + ICH9, 2009), BIOS rel-1.10.2-0-g5f4c7b1-prebuilt.qemu-project.org 04/01/2014
[STDERR  ] 2018-04-04T19:17:12.702490373Z: [    0.000000] Hypervisor detected: KVM
[STDERR  ] 2018-04-04T19:17:12.702532135Z: [    0.000000] tsc: Fast TSC calibration failed
[STDERR  ] 2018-04-04T19:17:12.702564712Z: [    0.000000] tsc: Unable to calibrate against PIT
[STDERR  ] 2018-04-04T19:17:12.702593390Z: [    0.000000] tsc: No reference (HPET/PMTIMER) available
[STDERR  ] 2018-04-04T19:17:12.702638781Z: [    0.000000] e820: last_pfn = 0x3ffdf max_arch_pfn = 0x400000000
[STDERR  ] 2018-04-04T19:17:12.702691021Z: [    0.000000] x86/PAT: PAT not supported by CPU.
[STDERR  ] 2018-04-04T19:17:12.702722698Z: [    0.000000] x86/PAT: Configuration [0-7]: WB  WT  UC- UC  WB  WT  UC- UC  
[STDERR  ] 2018-04-04T19:17:12.702751762Z: [    0.000000] found SMP MP-table at [mem 0x000f6aa0-0x000f6aaf] mapped at [ffffffffff200aa0]
[STDERR  ] 2018-04-04T19:17:12.702796124Z: [    0.000000] RAMDISK: [mem 0x3e5ca000-0x3ffcffff]
[STDERR  ] 2018-04-04T19:17:12.702824577Z: [    0.000000] ACPI: Early table checksum verification disabled
[STDERR  ] 2018-04-04T19:17:12.702868596Z: [    0.000000] ACPI: RSDP 0x00000000000F68B0 000014 (v00 BOCHS )
[STDERR  ] 2018-04-04T19:17:12.702903773Z: [    0.000000] ACPI: RSDT 0x000000003FFE20A8 000034 (v01 BOCHS  BXPCRSDT 00000001 BXPC 00000001)
[STDERR  ] 2018-04-04T19:17:12.702947756Z: [    0.000000] ACPI: FACP 0x000000003FFE1EC8 0000F4 (v03 BOCHS  BXPCFACP 00000001 BXPC 00000001)
[STDERR  ] 2018-04-04T19:17:12.702976867Z: [    0.000000] ACPI: DSDT 0x000000003FFE0040 001E88 (v01 BOCHS  BXPCDSDT 00000001 BXPC 00000001)
[STDERR  ] 2018-04-04T19:17:12.703019210Z: [    0.000000] ACPI: FACS 0x000000003FFE0000 000040
[STDERR  ] 2018-04-04T19:17:12.703050558Z: [    0.000000] ACPI: APIC 0x000000003FFE1FBC 000078 (v01 BOCHS  BXPCAPIC 00000001 BXPC 00000001)
[STDERR  ] 2018-04-04T19:17:12.703080963Z: [    0.000000] ACPI: HPET 0x000000003FFE2034 000038 (v01 BOCHS  BXPCHPET 00000001 BXPC 00000001)
[STDERR  ] 2018-04-04T19:17:12.703125172Z: [    0.000000] ACPI: MCFG 0x000000003FFE206C 00003C (v01 BOCHS  BXPCMCFG 00000001 BXPC 00000001)
[STDERR  ] 2018-04-04T19:17:12.703153207Z: [    0.000000] kvm-clock: Using msrs 4b564d01 and 4b564d00
[STDERR  ] 2018-04-04T19:17:12.703196384Z: [    0.000000] kvm-clock: cpu 0, msr 0:3ffdd001, primary cpu clock
[STDERR  ] 2018-04-04T19:17:12.703227495Z: [    0.000000] clocksource: kvm-clock: mask: 0xffffffffffffffff max_cycles: 0x1cd42e4dffb, max_idle_ns: 881590591483 ns
[STDERR  ] 2018-04-04T19:17:12.703269182Z: [    0.000000] Zone ranges:
[STDERR  ] 2018-04-04T19:17:12.703300817Z: [    0.000000]   DMA      [mem 0x0000000000001000-0x0000000000ffffff]
[STDERR  ] 2018-04-04T19:17:12.703337055Z: [    0.000000]   DMA32    [mem 0x0000000001000000-0x000000003ffdefff]
[STDERR  ] 2018-04-04T19:17:12.703397489Z: [    0.000000]   Normal   empty
[STDERR  ] 2018-04-04T19:17:12.703435060Z: [    0.000000]   Device   empty
[STDERR  ] 2018-04-04T19:17:12.703466168Z: [    0.000000] Movable zone start for each node
[STDERR  ] 2018-04-04T19:17:12.703496511Z: [    0.000000] Early memory node ranges
[STDERR  ] 2018-04-04T19:17:12.703551288Z: [    0.000000]   node   0: [mem 0x0000000000001000-0x000000000009efff]
[STDERR  ] 2018-04-04T19:17:12.703607449Z: [    0.000000]   node   0: [mem 0x0000000000100000-0x000000003ffdefff]
[STDERR  ] 2018-04-04T19:17:12.703636081Z: [    0.000000] Initmem setup node 0 [mem 0x0000000000001000-0x000000003ffdefff]
[STDERR  ] 2018-04-04T19:17:12.703668843Z: [    0.000000] ACPI: PM-Timer IO Port: 0x608
[STDERR  ] 2018-04-04T19:17:12.703701688Z: [    0.000000] ACPI: LAPIC_NMI (acpi_id[0xff] dfl dfl lint[0x1])
[STDERR  ] 2018-04-04T19:17:12.703750761Z: [    0.000000] IOAPIC[0]: apic_id 0, version 17, address 0xfec00000, GSI 0-23
[STDERR  ] 2018-04-04T19:17:12.703782369Z: [    0.000000] ACPI: INT_SRC_OVR (bus 0 bus_irq 0 global_irq 2 dfl dfl)
[STDERR  ] 2018-04-04T19:17:12.703810495Z: [    0.000000] ACPI: INT_SRC_OVR (bus 0 bus_irq 5 global_irq 5 high level)
[STDERR  ] 2018-04-04T19:17:12.703841867Z: [    0.000000] ACPI: INT_SRC_OVR (bus 0 bus_irq 9 global_irq 9 high level)
[STDERR  ] 2018-04-04T19:17:12.703870466Z: [    0.000000] ACPI: INT_SRC_OVR (bus 0 bus_irq 10 global_irq 10 high level)
[STDERR  ] 2018-04-04T19:17:12.703901487Z: [    0.000000] ACPI: INT_SRC_OVR (bus 0 bus_irq 11 global_irq 11 high level)
[STDERR  ] 2018-04-04T19:17:12.703929643Z: [    0.000000] Using ACPI (MADT) for SMP configuration information
[STDERR  ] 2018-04-04T19:17:12.703961764Z: [    0.000000] ACPI: HPET id: 0x8086a201 base: 0xfed00000
[STDERR  ] 2018-04-04T19:17:12.704009174Z: [    0.000000] smpboot: Allowing 1 CPUs, 0 hotplug CPUs
[STDERR  ] 2018-04-04T19:17:12.704047163Z: [    0.000000] e820: [mem 0x40000000-0xafffffff] available for PCI devices
[STDERR  ] 2018-04-04T19:17:12.704083296Z: [    0.000000] Booting paravirtualized kernel on KVM
[STDERR  ] 2018-04-04T19:17:12.704134327Z: [    0.000000] clocksource: refined-jiffies: mask: 0xffffffff max_cycles: 0xffffffff, max_idle_ns: 19112604462750000 ns
[STDERR  ] 2018-04-04T19:17:12.704165358Z: [    0.000000] setup_percpu: NR_CPUS:128 nr_cpumask_bits:128 nr_cpu_ids:1 nr_node_ids:1
[STDERR  ] 2018-04-04T19:17:12.704197856Z: [    0.000000] percpu: Embedded 44 pages/cpu @ffff95db7e200000 s143256 r8192 d28776 u2097152
[STDERR  ] 2018-04-04T19:17:12.704227785Z: [    0.000000] KVM setup async PF for cpu 0
[STDERR  ] 2018-04-04T19:17:12.704254606Z: [    0.000000] kvm-stealtime: cpu 0, msr 3e215f40
[STDERR  ] 2018-04-04T19:17:12.704282741Z: [    0.000000] Built 1 zonelists, mobility grouping on.  Total pages: 257896
[STDERR  ] 2018-04-04T19:17:12.704310721Z: [    0.000000] Kernel command line: console=ttyS0 console=ttyAMA0
[STDERR  ] 2018-04-04T19:17:12.704342946Z: [    0.000000] PID hash table entries: 4096 (order: 3, 32768 bytes)
[STDERR  ] 2018-04-04T19:17:12.704384168Z: [    0.000000] Dentry cache hash table entries: 131072 (order: 8, 1048576 bytes)
[STDERR  ] 2018-04-04T19:17:12.704418892Z: [    0.000000] Inode-cache hash table entries: 65536 (order: 7, 524288 bytes)
[STDERR  ] 2018-04-04T19:17:12.704451020Z: [    0.000000] Memory: 978160K/1048052K available (12300K kernel code, 1458K rwdata, 2988K rodata, 1508K init, 632K bss, 69892K reserved, 0K cma-reserved)
[STDERR  ] 2018-04-04T19:17:12.704482700Z: [    0.000000] Kernel/User page tables isolation: enabled
[STDERR  ] 2018-04-04T19:17:12.704512540Z: [    0.000000] ftrace: allocating 40957 entries in 160 pages
[STDERR  ] 2018-04-04T19:17:12.704543182Z: [    0.010000] Hierarchical RCU implementation.
[STDERR  ] 2018-04-04T19:17:12.704572864Z: [    0.010000] 	RCU restricting CPUs from NR_CPUS=128 to nr_cpu_ids=1.
[STDERR  ] 2018-04-04T19:17:12.704600298Z: [    0.010000] RCU: Adjusting geometry for rcu_fanout_leaf=16, nr_cpu_ids=1
[STDERR  ] 2018-04-04T19:17:12.704631496Z: [    0.010000] NR_IRQS: 8448, nr_irqs: 256, preallocated irqs: 16
[STDERR  ] 2018-04-04T19:17:12.704668025Z: [    0.010000] Console: colour VGA+ 80x25
[STDERR  ] 2018-04-04T19:17:12.704699154Z: [    0.010000] console [ttyS0] enabled
[STDERR  ] 2018-04-04T19:17:12.704728966Z: [    0.010000] clocksource: hpet: mask: 0xffffffff max_cycles: 0xffffffff, max_idle_ns: 19112604467 ns
[STDERR  ] 2018-04-04T19:17:12.704761012Z: [    0.010032] tsc: Detected 2300.002 MHz processor
[STDERR  ] 2018-04-04T19:17:12.704795043Z: [    0.014858] Calibrating delay loop (skipped) preset value.. 4600.00 BogoMIPS (lpj=23000020)
[STDERR  ] 2018-04-04T19:17:12.704843477Z: [    0.020029] pid_max: default: 32768 minimum: 301
[STDERR  ] 2018-04-04T19:17:12.704874948Z: [    0.025031] ACPI: Core revision 20170728
[STDERR  ] 2018-04-04T19:17:12.704904630Z: [    0.033561] ACPI: 1 ACPI AML tables successfully acquired and loaded
[STDERR  ] 2018-04-04T19:17:12.704937188Z: [    0.040262] Security Framework initialized
[STDERR  ] 2018-04-04T19:17:12.704973466Z: [    0.045664] Yama: becoming mindful.
[STDERR  ] 2018-04-04T19:17:12.705003541Z: [    0.050595] Mount-cache hash table entries: 2048 (order: 2, 16384 bytes)
[STDERR  ] 2018-04-04T19:17:12.705031255Z: [    0.060192] Mountpoint-cache hash table entries: 2048 (order: 2, 16384 bytes)
[STDERR  ] 2018-04-04T19:17:12.705059508Z: [    0.072576] CPU: Physical Processor ID: 0
[STDERR  ] 2018-04-04T19:17:12.705090157Z: [    0.080235] Last level iTLB entries: 4KB 0, 2MB 0, 4MB 0
[STDERR  ] 2018-04-04T19:17:12.705120152Z: [    0.090032] Last level dTLB entries: 4KB 0, 2MB 0, 4MB 0, 1GB 0
[STDERR  ] 2018-04-04T19:17:12.705149174Z: [    0.096998] Spectre V2 : Vulnerable: Minimal generic ASM retpoline
[STDERR  ] 2018-04-04T19:17:12.705180547Z: [    0.112216] Freeing SMP alternatives memory: 20K
[STDERR  ] 2018-04-04T19:17:12.705219682Z: [    0.120454] smpboot: Max logical packages: 1
[STDERR  ] 2018-04-04T19:17:12.705255115Z: [    0.127412] x2apic enabled
[STDERR  ] 2018-04-04T19:17:12.705288223Z: [    0.130028] Switched APIC routing to physical x2apic.
[STDERR  ] 2018-04-04T19:17:12.705320689Z: [    0.147779] ..TIMER: vector=0x30 apic1=0 pin1=2 apic2=-1 pin2=-1
[STDERR  ] 2018-04-04T19:17:12.705349392Z: [    0.150000] smpboot: CPU0: Intel QEMU Virtual CPU version 2.5+ (family: 0x6, model: 0x6, stepping: 0x3)
[STDERR  ] 2018-04-04T19:17:12.705397178Z: [    0.151482] Performance Events: PMU not available due to virtualization, using software events only.
[STDERR  ] 2018-04-04T19:17:12.705433409Z: [    0.160722] Hierarchical SRCU implementation.
[STDERR  ] 2018-04-04T19:17:12.705466344Z: [    0.165671] NMI watchdog: Perf event create on CPU 0 failed with -2
[STDERR  ] 2018-04-04T19:17:12.705503477Z: [    0.170008] NMI watchdog: Perf NMI watchdog permanently disabled
[STDERR  ] 2018-04-04T19:17:12.705536023Z: [    0.176817] smp: Bringing up secondary CPUs ...
[STDERR  ] 2018-04-04T19:17:12.705569964Z: [    0.180008] smp: Brought up 1 node, 1 CPU
[STDERR  ] 2018-04-04T19:17:12.705602735Z: [    0.184409] smpboot: Total of 1 processors activated (4600.00 BogoMIPS)
[STDERR  ] 2018-04-04T19:17:12.705634545Z: [    0.193288] devtmpfs: initialized
[STDERR  ] 2018-04-04T19:17:12.705667471Z: [    0.200125] x86/mm: Memory block size: 128MB
[STDERR  ] 2018-04-04T19:17:12.705699790Z: [    0.204988] evm: security.ima
[STDERR  ] 2018-04-04T19:17:12.705731760Z: [    0.210007] evm: security.capability
[STDERR  ] 2018-04-04T19:17:12.705760717Z: [    0.214107] clocksource: jiffies: mask: 0xffffffff max_cycles: 0xffffffff, max_idle_ns: 19112604462750000 ns
[STDERR  ] 2018-04-04T19:17:12.705793005Z: [    0.220028] futex hash table entries: 256 (order: 2, 16384 bytes)
[STDERR  ] 2018-04-04T19:17:12.705823345Z: [    0.230441] NET: Registered protocol family 16
[STDERR  ] 2018-04-04T19:17:12.705853023Z: [    0.235399] cpuidle: using governor ladder
[STDERR  ] 2018-04-04T19:17:12.705885617Z: [    0.240008] cpuidle: using governor menu
[STDERR  ] 2018-04-04T19:17:12.705917238Z: [    0.244263] ACPI: bus type PCI registered
[STDERR  ] 2018-04-04T19:17:12.705956395Z: [    0.250469] PCI: MMCONFIG for domain 0000 [bus 00-ff] at [mem 0xb0000000-0xbfffffff] (base 0xb0000000)
[STDERR  ] 2018-04-04T19:17:12.705986898Z: [    0.260014] PCI: MMCONFIG at [mem 0xb0000000-0xbfffffff] reserved in E820
[STDERR  ] 2018-04-04T19:17:12.706026109Z: [    0.267043] PCI: Using configuration type 1 for base access
[STDERR  ] 2018-04-04T19:17:12.706060507Z: [    0.272366] HugeTLB registered 2.00 MiB page size, pre-allocated 0 pages
[STDERR  ] 2018-04-04T19:17:12.706090867Z: [    0.280458] ACPI: Added _OSI(Module Device)
[STDERR  ] 2018-04-04T19:17:12.706119942Z: [    0.284816] ACPI: Added _OSI(Processor Device)
[STDERR  ] 2018-04-04T19:17:12.706151053Z: [    0.290011] ACPI: Added _OSI(3.0 _SCP Extensions)
[STDERR  ] 2018-04-04T19:17:12.706205385Z: [    0.295101] ACPI: Added _OSI(Processor Aggregator Device)
[STDERR  ] 2018-04-04T19:17:12.706238007Z: [    0.305223] ACPI: Interpreter enabled
[STDERR  ] 2018-04-04T19:17:12.706267406Z: [    0.310087] ACPI: (supports S0 S5)
[STDERR  ] 2018-04-04T19:17:12.706294030Z: [    0.313755] ACPI: Using IOAPIC for interrupt routing
[STDERR  ] 2018-04-04T19:17:12.706321159Z: [    0.320075] PCI: Using host bridge windows from ACPI; if necessary, use "pci=nocrs" and report a bug
[STDERR  ] 2018-04-04T19:17:12.706368388Z: [    0.330295] ACPI: Enabled 1 GPEs in block 00 to 3F
[STDERR  ] 2018-04-04T19:17:12.706414449Z: [    0.341910] ACPI: PCI Root Bridge [PCI0] (domain 0000 [bus 00-ff])
[STDERR  ] 2018-04-04T19:17:12.706448962Z: [    0.348828] acpi PNP0A08:00: _OSC: OS supports [ExtendedConfig ASPM ClockPM Segments MSI]
[STDERR  ] 2018-04-04T19:17:12.706485447Z: [    0.350203] acpi PNP0A08:00: _OSC: OS now controls [PCIeHotplug PME PCIeCapability]
[STDERR  ] 2018-04-04T19:17:12.706524590Z: [    0.360108] PCI host bridge to bus 0000:00
[STDERR  ] 2018-04-04T19:17:12.706568469Z: [    0.370009] pci_bus 0000:00: root bus resource [io  0x0000-0x0cf7 window]
[STDERR  ] 2018-04-04T19:17:12.706600409Z: [    0.377074] pci_bus 0000:00: root bus resource [io  0x0d00-0xffff window]
[STDERR  ] 2018-04-04T19:17:12.706640486Z: [    0.380016] pci_bus 0000:00: root bus resource [mem 0x000a0000-0x000bffff window]
[STDERR  ] 2018-04-04T19:17:12.706675949Z: [    0.390015] pci_bus 0000:00: root bus resource [mem 0xc0000000-0xfebfffff window]
[STDERR  ] 2018-04-04T19:17:12.706707325Z: [    0.400016] pci_bus 0000:00: root bus resource [bus 00-ff]
[STDERR  ] 2018-04-04T19:17:12.706738181Z: [    0.550225] pci 0000:00:1f.0: quirk: [io  0x0600-0x067f] claimed by ICH6 ACPI/GPIO/TCO
[STDERR  ] 2018-04-04T19:17:12.706771014Z: [    0.616909] ACPI: PCI Interrupt Link [LNKA] (IRQs 5 *10 11)
[STDERR  ] 2018-04-04T19:17:12.706800987Z: [    0.620514] ACPI: PCI Interrupt Link [LNKB] (IRQs 5 *10 11)
[STDERR  ] 2018-04-04T19:17:12.706831929Z: [    0.630574] ACPI: PCI Interrupt Link [LNKC] (IRQs 5 10 *11)
[STDERR  ] 2018-04-04T19:17:12.706860646Z: [    0.636951] ACPI: PCI Interrupt Link [LNKD] (IRQs 5 10 *11)
[STDERR  ] 2018-04-04T19:17:12.706892978Z: [    0.640574] ACPI: PCI Interrupt Link [LNKE] (IRQs 5 *10 11)
[STDERR  ] 2018-04-04T19:17:12.706923387Z: [    0.650239] ACPI: PCI Interrupt Link [LNKF] (IRQs 5 *10 11)
[STDERR  ] 2018-04-04T19:17:12.706952875Z: [    0.656828] ACPI: PCI Interrupt Link [LNKG] (IRQs 5 10 *11)
[STDERR  ] 2018-04-04T19:17:12.706982181Z: [    0.660426] ACPI: PCI Interrupt Link [LNKH] (IRQs 5 10 *11)
[STDERR  ] 2018-04-04T19:17:12.707012164Z: [    0.666768] ACPI: PCI Interrupt Link [GSIA] (IRQs *16)
[STDERR  ] 2018-04-04T19:17:12.707047708Z: [    0.670062] ACPI: PCI Interrupt Link [GSIB] (IRQs *17)
[STDERR  ] 2018-04-04T19:17:12.707080100Z: [    0.680145] ACPI: PCI Interrupt Link [GSIC] (IRQs *18)
[STDERR  ] 2018-04-04T19:17:12.707111119Z: [    0.685711] ACPI: PCI Interrupt Link [GSID] (IRQs *19)
[STDERR  ] 2018-04-04T19:17:12.707143045Z: [    0.690158] ACPI: PCI Interrupt Link [GSIE] (IRQs *20)
[STDERR  ] 2018-04-04T19:17:12.707173334Z: [    0.695763] ACPI: PCI Interrupt Link [GSIF] (IRQs *21)
[STDERR  ] 2018-04-04T19:17:12.707210398Z: [    0.700147] ACPI: PCI Interrupt Link [GSIG] (IRQs *22)
[STDERR  ] 2018-04-04T19:17:12.707249966Z: [    0.706459] ACPI: PCI Interrupt Link [GSIH] (IRQs *23)
[STDERR  ] 2018-04-04T19:17:12.707283134Z: [    0.724617] SCSI subsystem initialized
[STDERR  ] 2018-04-04T19:17:12.707317652Z: [    0.732312] ACPI: bus type USB registered
[STDERR  ] 2018-04-04T19:17:12.707351341Z: [    0.737427] usbcore: registered new interface driver usbfs
[STDERR  ] 2018-04-04T19:17:12.707398483Z: [    0.740193] usbcore: registered new interface driver hub
[STDERR  ] 2018-04-04T19:17:12.707433070Z: [    0.746155] usbcore: registered new device driver usb
[STDERR  ] 2018-04-04T19:17:12.707466230Z: [    0.750517] pps_core: LinuxPPS API ver. 1 registered
[STDERR  ] 2018-04-04T19:17:12.707498470Z: [    0.760016] pps_core: Software ver. 5.3.6 - Copyright 2005-2007 Rodolfo Giometti <giometti@linux.it>
[STDERR  ] 2018-04-04T19:17:12.707530202Z: [    0.770191] PTP clock support registered
[STDERR  ] 2018-04-04T19:17:12.707562741Z: [    0.776892] PCI: Using ACPI for IRQ routing
[STDERR  ] 2018-04-04T19:17:12.707593150Z: [    1.189038] NetLabel: Initializing
[STDERR  ] 2018-04-04T19:17:12.707627804Z: [    1.190013] NetLabel:  domain hash size = 128
[STDERR  ] 2018-04-04T19:17:12.707659498Z: [    1.194824] NetLabel:  protocols = UNLABELED CIPSOv4 CALIPSO
[STDERR  ] 2018-04-04T19:17:12.707691758Z: [    1.200527] NetLabel:  unlabeled traffic allowed by default
[STDERR  ] 2018-04-04T19:17:12.707731672Z: [    1.213318] HPET: 3 timers in total, 0 timers will be used for per-cpu timer
[STDERR  ] 2018-04-04T19:17:12.707764541Z: [    1.220172] hpet0: at MMIO 0xfed00000, IRQs 2, 8, 0
[STDERR  ] 2018-04-04T19:17:12.707794731Z: [    1.225645] hpet0: 3 comparators, 64-bit 100.000000 MHz counter
[STDERR  ] 2018-04-04T19:17:12.707830807Z: [    1.233466] clocksource: Switched to clocksource kvm-clock
[STDERR  ] 2018-04-04T19:17:12.707871315Z: [    1.379921] VFS: Disk quotas dquot_6.6.0
[STDERR  ] 2018-04-04T19:17:12.707906256Z: [    1.385037] VFS: Dquot-cache hash table entries: 512 (order 0, 4096 bytes)
[STDERR  ] 2018-04-04T19:17:12.707938868Z: [    1.393391] FS-Cache: Loaded
[STDERR  ] 2018-04-04T19:17:12.707970675Z: [    1.398231] CacheFiles: Loaded
[STDERR  ] 2018-04-04T19:17:12.708003697Z: [    1.401937] pnp: PnP ACPI init
[STDERR  ] 2018-04-04T19:17:12.708034745Z: [    1.408778] pnp: PnP ACPI: found 5 devices
[STDERR  ] 2018-04-04T19:17:12.708074713Z: [    1.429417] clocksource: acpi_pm: mask: 0xffffff max_cycles: 0xffffff, max_idle_ns: 2085701024 ns
[STDERR  ] 2018-04-04T19:17:12.708106687Z: [    1.440064] NET: Registered protocol family 2
[STDERR  ] 2018-04-04T19:17:12.708141491Z: [    1.447456] TCP established hash table entries: 8192 (order: 4, 65536 bytes)
[STDERR  ] 2018-04-04T19:17:12.708180493Z: [    1.455771] TCP bind hash table entries: 8192 (order: 5, 131072 bytes)
[STDERR  ] 2018-04-04T19:17:12.708210842Z: [    1.463284] TCP: Hash tables configured (established 8192 bind 8192)
[STDERR  ] 2018-04-04T19:17:12.708251037Z: [    1.470501] UDP hash table entries: 512 (order: 2, 16384 bytes)
[STDERR  ] 2018-04-04T19:17:12.708288604Z: [    1.477117] UDP-Lite hash table entries: 512 (order: 2, 16384 bytes)
[STDERR  ] 2018-04-04T19:17:12.708317464Z: [    1.484422] NET: Registered protocol family 1
[STDERR  ] 2018-04-04T19:17:12.708352850Z: [    1.489624] pci 0000:00:01.0: Video device with shadowed ROM at [mem 0x000c0000-0x000dffff]
[STDERR  ] 2018-04-04T19:17:12.708398732Z: [    1.499445] Trying to unpack rootfs image as initramfs...
[STDERR  ] 2018-04-04T19:17:12.708432734Z: [    2.838082] Freeing initrd memory: 26648K
[STDERR  ] 2018-04-04T19:17:12.708463605Z: [    2.847160] PCLMULQDQ-NI instructions are not detected.
[STDERR  ] 2018-04-04T19:17:12.708500991Z: [    2.853370] AVX or AES-NI instructions are not detected.
[STDERR  ] 2018-04-04T19:17:12.708539581Z: [    2.858961] CPU feature 'AVX registers' is not supported.
[STDERR  ] 2018-04-04T19:17:12.708572706Z: [    2.864833] CPU feature 'AVX registers' is not supported.
[STDERR  ] 2018-04-04T19:17:12.708606670Z: [    2.870629] CPU feature 'AVX registers' is not supported.
[STDERR  ] 2018-04-04T19:17:12.708651160Z: [    2.876373] CPU feature 'AVX registers' is not supported.
[STDERR  ] 2018-04-04T19:17:12.708682332Z: [    2.882435] AVX2 or AES-NI instructions are not detected.
[STDERR  ] 2018-04-04T19:17:12.708720258Z: [    2.888308] AVX2 instructions are not detected.
[STDERR  ] 2018-04-04T19:17:12.708760666Z: [    2.894411] audit: initializing netlink subsys (disabled)
[STDERR  ] 2018-04-04T19:17:12.708811682Z: [    2.902314] audit: type=2000 audit(1522869426.888:1): state=initialized audit_enabled=0 res=1
[STDERR  ] 2018-04-04T19:17:12.708843168Z: [    2.911680] workingset: timestamp_bits=46 max_order=18 bucket_order=0
[STDERR  ] 2018-04-04T19:17:12.708878555Z: [    2.919789] squashfs: version 4.0 (2009/01/31) Phillip Lougher
[STDERR  ] 2018-04-04T19:17:12.708912433Z: [    2.927518] FS-Cache: Netfs 'cifs' registered for caching
[STDERR  ] 2018-04-04T19:17:12.708945281Z: [    2.933878] fuse init (API version 7.26)
[STDERR  ] 2018-04-04T19:17:12.708977743Z: [    2.938752] SGI XFS with ACLs, security attributes, no debug enabled
[STDERR  ] 2018-04-04T19:17:12.709010164Z: [    2.947639] 9p: Installing v9fs 9p2000 file system support
[STDERR  ] 2018-04-04T19:17:12.709045575Z: [    2.953565] FS-Cache: Netfs '9p' registered for caching
[STDERR  ] 2018-04-04T19:17:12.709078282Z: [    2.967203] NET: Registered protocol family 38
[STDERR  ] 2018-04-04T19:17:12.709115185Z: [    2.972156] Key type asymmetric registered
[STDERR  ] 2018-04-04T19:17:12.709148594Z: [    2.976507] Asymmetric key parser 'x509' registered
[STDERR  ] 2018-04-04T19:17:12.709181824Z: [    2.982030] Block layer SCSI generic (bsg) driver version 0.4 loaded (major 247)
[STDERR  ] 2018-04-04T19:17:12.709213906Z: [    2.990539] io scheduler noop registered
[STDERR  ] 2018-04-04T19:17:12.709251672Z: [    2.994727] io scheduler deadline registered (default)
[STDERR  ] 2018-04-04T19:17:12.709287531Z: [    3.000633] io scheduler cfq registered
[STDERR  ] 2018-04-04T19:17:12.709323929Z: [    3.004705] io scheduler mq-deadline registered
[STDERR  ] 2018-04-04T19:17:12.709356920Z: [    3.009510] io scheduler kyber registered
[STDERR  ] 2018-04-04T19:17:12.709402361Z: [    3.014941] shpchp: Standard Hot Plug PCI Controller Driver version: 0.4
[STDERR  ] 2018-04-04T19:17:12.709437176Z: [    3.022225] hv_vmbus: registering driver hyperv_fb
[STDERR  ] 2018-04-04T19:17:12.709469593Z: [    3.027982] input: Power Button as /devices/LNXSYSTM:00/LNXPWRBN:00/input/input0
[STDERR  ] 2018-04-04T19:17:12.709505357Z: [    3.035897] ACPI: Power Button [PWRF]
[STDERR  ] 2018-04-04T19:17:12.709536248Z: [    3.042449] ACPI: PCI Interrupt Link [GSIG] enabled at IRQ 22
[STDERR  ] 2018-04-04T19:17:12.709565946Z: [    3.055488] ACPI: PCI Interrupt Link [GSIH] enabled at IRQ 23
[STDERR  ] 2018-04-04T19:17:12.709596837Z: [    3.068274] Serial: 8250/16550 driver, 4 ports, IRQ sharing disabled
[STDERR  ] 2018-04-04T19:17:12.709628202Z: [    3.109905] 00:04: ttyS0 at I/O 0x3f8 (irq = 4, base_baud = 115200) is a 16550A
[STDERR  ] 2018-04-04T19:17:12.709661898Z: [    3.120746] Non-volatile memory driver v1.3
[STDERR  ] 2018-04-04T19:17:12.709697982Z: [    3.129149] Hangcheck: starting hangcheck timer 0.9.1 (tick is 180 seconds, margin is 60 seconds).
[STDERR  ] 2018-04-04T19:17:12.709733178Z: [    3.139929] random: crng init done
[STDERR  ] 2018-04-04T19:17:12.709765111Z: [    3.156855] brd: module loaded
[STDERR  ] 2018-04-04T19:17:12.709794125Z: [    3.171340] loop: module loaded
[STDERR  ] 2018-04-04T19:17:12.709821460Z: [    3.187591] lpc_ich 0000:00:1f.0: I/O space for GPIO uninitialized
[STDERR  ] 2018-04-04T19:17:12.709851899Z: [    3.195203] VMware PVSCSI driver - version 1.0.7.0-k
[STDERR  ] 2018-04-04T19:17:12.709884399Z: [    3.201376] hv_vmbus: registering driver hv_storvsc
[STDERR  ] 2018-04-04T19:17:12.709917773Z: [    3.208359] ACPI: PCI Interrupt Link [GSIA] enabled at IRQ 16
[STDERR  ] 2018-04-04T19:17:12.709949094Z: [    3.218164] ahci 0000:00:1f.2: AHCI 0001.0000 32 slots 6 ports 1.5 Gbps 0x3f impl SATA mode
[STDERR  ] 2018-04-04T19:17:12.709988314Z: [    3.227652] ahci 0000:00:1f.2: flags: 64bit ncq only 
[STDERR  ] 2018-04-04T19:17:12.710022874Z: [    3.237229] scsi host0: ahci
[STDERR  ] 2018-04-04T19:17:12.710056377Z: [    3.240720] scsi host1: ahci
[STDERR  ] 2018-04-04T19:17:12.710090109Z: [    3.244009] scsi host2: ahci
[STDERR  ] 2018-04-04T19:17:12.710125193Z: [    3.247378] scsi host3: ahci
[STDERR  ] 2018-04-04T19:17:12.710155809Z: [    3.250828] scsi host4: ahci
[STDERR  ] 2018-04-04T19:17:12.710187073Z: [    3.254089] scsi host5: ahci
[STDERR  ] 2018-04-04T19:17:12.710217720Z: [    3.257334] ata1: SATA max UDMA/133 abar m4096@0xfebd2000 port 0xfebd2100 irq 24
[STDERR  ] 2018-04-04T19:17:12.710254048Z: [    3.265494] ata2: SATA max UDMA/133 abar m4096@0xfebd2000 port 0xfebd2180 irq 24
[STDERR  ] 2018-04-04T19:17:12.710286679Z: [    3.273569] ata3: SATA max UDMA/133 abar m4096@0xfebd2000 port 0xfebd2200 irq 24
[STDERR  ] 2018-04-04T19:17:12.710313156Z: [    3.281474] ata4: SATA max UDMA/133 abar m4096@0xfebd2000 port 0xfebd2280 irq 24
[STDERR  ] 2018-04-04T19:17:12.710339995Z: [    3.289189] ata5: SATA max UDMA/133 abar m4096@0xfebd2000 port 0xfebd2300 irq 24
[STDERR  ] 2018-04-04T19:17:12.710397532Z: [    3.297062] ata6: SATA max UDMA/133 abar m4096@0xfebd2000 port 0xfebd2380 irq 24
[STDERR  ] 2018-04-04T19:17:12.710430223Z: [    3.308927] tun: Universal TUN/TAP device driver, 1.6
[STDERR  ] 2018-04-04T19:17:12.710464696Z: [    3.318791] VMware vmxnet3 virtual NIC driver - version 1.4.a.0-k-NAPI
[STDERR  ] 2018-04-04T19:17:12.710491726Z: [    3.325755] hv_vmbus: registering driver hv_netvsc
[STDERR  ] 2018-04-04T19:17:12.710525117Z: [    3.330890] Fusion MPT base driver 3.04.20
[STDERR  ] 2018-04-04T19:17:12.710553276Z: [    3.335227] Copyright (c) 1999-2008 LSI Corporation
[STDERR  ] 2018-04-04T19:17:12.710588657Z: [    3.340668] Fusion MPT SPI Host driver 3.04.20
[STDERR  ] 2018-04-04T19:17:12.710615273Z: [    3.345684] i8042: PNP: PS/2 Controller [PNP0303:KBD,PNP0f13:MOU] at 0x60,0x64 irq 1,12
[STDERR  ] 2018-04-04T19:17:12.710641732Z: [    3.358290] serio: i8042 KBD port at 0x60,0x64 irq 1
[STDERR  ] 2018-04-04T19:17:12.710668105Z: [    3.363811] serio: i8042 AUX port at 0x60,0x64 irq 12
[STDERR  ] 2018-04-04T19:17:12.710695463Z: [    3.369525] hv_vmbus: registering driver hyperv_keyboard
[STDERR  ] 2018-04-04T19:17:12.710722227Z: [    3.375664] mousedev: PS/2 mouse device common for all mice
[STDERR  ] 2018-04-04T19:17:12.710747930Z: [    3.383198] input: AT Translated Set 2 keyboard as /devices/platform/i8042/serio0/input/input1
[STDERR  ] 2018-04-04T19:17:12.710773370Z: [    3.392394] input: PC Speaker as /devices/platform/pcspkr/input/input2
[STDERR  ] 2018-04-04T19:17:12.710800189Z: [    3.399664] rtc_cmos 00:00: RTC can wake from S4
[STDERR  ] 2018-04-04T19:17:12.710825964Z: [    3.406961] rtc_cmos 00:00: rtc core: registered rtc_cmos as rtc0
[STDERR  ] 2018-04-04T19:17:12.710851594Z: [    3.414352] rtc_cmos 00:00: alarms up to one day, y3k, 114 bytes nvram, hpet irqs
[STDERR  ] 2018-04-04T19:17:12.710876675Z: [    3.422853] i2c /dev entries driver
[STDERR  ] 2018-04-04T19:17:12.710909052Z: [    3.427119] device-mapper: ioctl: 4.37.0-ioctl (2017-09-20) initialised: dm-devel@redhat.com
[STDERR  ] 2018-04-04T19:17:12.710941089Z: [    3.437670] usbcore: registered new interface driver usbhid
[STDERR  ] 2018-04-04T19:17:12.710973930Z: [    3.444139] usbhid: USB HID core driver
[STDERR  ] 2018-04-04T19:17:12.711005580Z: [    3.448715] hv_utils: Registering HyperV Utility Driver
[STDERR  ] 2018-04-04T19:17:12.711034695Z: [    3.454746] hv_vmbus: registering driver hv_util
[STDERR  ] 2018-04-04T19:17:12.711063322Z: [    3.460159] hv_vmbus: registering driver hv_balloon
[STDERR  ] 2018-04-04T19:17:12.711096619Z: [    3.465400] oprofile: using NMI interrupt.
[STDERR  ] 2018-04-04T19:17:12.711128532Z: [    3.470145] GACT probability on
[STDERR  ] 2018-04-04T19:17:12.711160610Z: [    3.473568] Mirror/redirect action on
[STDERR  ] 2018-04-04T19:17:12.711193285Z: [    3.477569] Simple TC action Loaded
[STDERR  ] 2018-04-04T19:17:12.711229045Z: [    3.481457] u32 classifier
[STDERR  ] 2018-04-04T19:17:12.711262872Z: [    3.484382]     Performance counters on
[STDERR  ] 2018-04-04T19:17:12.711299631Z: [    3.488433]     input device check on
[STDERR  ] 2018-04-04T19:17:12.711329023Z: [    3.492448]     Actions configured
[STDERR  ] 2018-04-04T19:17:12.711359226Z: [    3.496233] Netfilter messages via NETLINK v0.30.
[STDERR  ] 2018-04-04T19:17:12.711405500Z: [    3.501476] nfnl_acct: registering with nfnetlink.
[STDERR  ] 2018-04-04T19:17:12.711437989Z: [    3.507168] nf_conntrack version 0.5.0 (8192 buckets, 32768 max)
[STDERR  ] 2018-04-04T19:17:12.711475374Z: [    3.514158] ctnetlink v0.93: registering with nfnetlink.
[STDERR  ] 2018-04-04T19:17:12.711507232Z: [    3.521251] nf_tables: (c) 2007-2009 Patrick McHardy <kaber@trash.net>
[STDERR  ] 2018-04-04T19:17:12.711542223Z: [    3.528498] nf_tables_compat: (c) 2012 Pablo Neira Ayuso <pablo@netfilter.org>
[STDERR  ] 2018-04-04T19:17:12.711573788Z: [    3.537750] xt_time: kernel timezone is -0000
[STDERR  ] 2018-04-04T19:17:12.711600963Z: [    3.542773] ip_set: protocol 6
[STDERR  ] 2018-04-04T19:17:12.711629783Z: [    3.546383] IPVS: Registered protocols (TCP, UDP, SCTP, AH, ESP)
[STDERR  ] 2018-04-04T19:17:12.711657094Z: [    3.553189] IPVS: Connection hash table configured (size=4096, memory=64Kbytes)
[STDERR  ] 2018-04-04T19:17:12.711688349Z: [    3.561747] IPVS: ipvs loaded.
[STDERR  ] 2018-04-04T19:17:12.711717971Z: [    3.565059] IPVS: [rr] scheduler registered.
[STDERR  ] 2018-04-04T19:17:12.711744940Z: [    3.569975] IPVS: [wrr] scheduler registered.
[STDERR  ] 2018-04-04T19:17:12.711774848Z: [    3.574713] IPVS: [lc] scheduler registered.
[STDERR  ] 2018-04-04T19:17:12.711804484Z: [    3.579614] IPVS: [wlc] scheduler registered.
[STDERR  ] 2018-04-04T19:17:12.711842598Z: [    3.584354] IPVS: [fo] scheduler registered.
[STDERR  ] 2018-04-04T19:17:12.711871977Z: [    3.589202] IPVS: [ovf] scheduler registered.
[STDERR  ] 2018-04-04T19:17:12.711900269Z: [    3.593968] IPVS: [lblc] scheduler registered.
[STDERR  ] 2018-04-04T19:17:12.711931722Z: [    3.599045] IPVS: [lblcr] scheduler registered.
[STDERR  ] 2018-04-04T19:17:12.711962184Z: [    3.604232] IPVS: [dh] scheduler registered.
[STDERR  ] 2018-04-04T19:17:12.711990624Z: [    3.608739] IPVS: [sh] scheduler registered.
[STDERR  ] 2018-04-04T19:17:12.712018099Z: [    3.613650] IPVS: [sed] scheduler registered.
[STDERR  ] 2018-04-04T19:17:12.712045032Z: [    3.618206] IPVS: [nq] scheduler registered.
[STDERR  ] 2018-04-04T19:17:12.712075429Z: [    3.623110] IPVS: ftp: loaded support on port[0] = 21
[STDERR  ] 2018-04-04T19:17:12.712107825Z: [    3.628992] ipip: IPv4 and MPLS over IPv4 tunneling driver
[STDERR  ] 2018-04-04T19:17:12.712134313Z: [    3.635463] ata6: SATA link down (SStatus 0 SControl 300)
[STDERR  ] 2018-04-04T19:17:12.712164079Z: [    3.641875] ata5: SATA link down (SStatus 0 SControl 300)
[STDERR  ] 2018-04-04T19:17:12.712191926Z: [    3.648289] ata4: SATA link down (SStatus 0 SControl 300)
[STDERR  ] 2018-04-04T19:17:12.712220746Z: [    3.654939] ata3: SATA link up 1.5 Gbps (SStatus 113 SControl 300)
[STDERR  ] 2018-04-04T19:17:12.712250310Z: [    3.662595] ata2: SATA link down (SStatus 0 SControl 300)
[STDERR  ] 2018-04-04T19:17:12.712278797Z: [    3.669226] ata1: SATA link down (SStatus 0 SControl 300)
[STDERR  ] 2018-04-04T19:17:12.712307593Z: [    3.675732] gre: GRE over IPv4 demultiplexor driver
[STDERR  ] 2018-04-04T19:17:12.712337180Z: [    3.681185] ata3.00: ATAPI: QEMU DVD-ROM, 2.5+, max UDMA/100
[STDERR  ] 2018-04-04T19:17:12.712368211Z: [    3.687139] ata3.00: applying bridge limits
[STDERR  ] 2018-04-04T19:17:12.712411607Z: [    3.692137] ip_tables: (C) 2000-2006 Netfilter Core Team
[STDERR  ] 2018-04-04T19:17:12.712444299Z: [    3.697848] ipt_CLUSTERIP: ClusterIP Version 0.8 loaded successfully
[STDERR  ] 2018-04-04T19:17:12.712474809Z: [    3.704960] ata3.00: configured for UDMA/100
[STDERR  ] 2018-04-04T19:17:12.712505724Z: [    3.710210] arp_tables: arp_tables: (C) 2002 David S. Miller
[STDERR  ] 2018-04-04T19:17:12.712543595Z: [    3.716785] NET: Registered protocol family 10
[STDERR  ] 2018-04-04T19:17:12.712574263Z: [    3.722568] scsi 2:0:0:0: CD-ROM            QEMU     QEMU DVD-ROM     2.5+ PQ: 0 ANSI: 5
[STDERR  ] 2018-04-04T19:17:12.712603952Z: [    3.734664] Segment Routing with IPv6
[STDERR  ] 2018-04-04T19:17:12.712631295Z: [    3.738930] ip6_tables: (C) 2000-2006 Netfilter Core Team
[STDERR  ] 2018-04-04T19:17:12.712660564Z: [    3.746044] NET: Registered protocol family 17
[STDERR  ] 2018-04-04T19:17:12.712695944Z: [    3.751499] Bridge firewalling registered
[STDERR  ] 2018-04-04T19:17:12.712729265Z: [    3.755886] Ebtables v2.0 registered
[STDERR  ] 2018-04-04T19:17:12.712761435Z: [    3.759815] 8021q: 802.1Q VLAN Support v1.8
[STDERR  ] 2018-04-04T19:17:12.712791640Z: [    3.764532] 9pnet: Installing 9P2000 support
[STDERR  ] 2018-04-04T19:17:12.712820853Z: [    3.769266] Key type dns_resolver registered
[STDERR  ] 2018-04-04T19:17:12.712850955Z: [    3.775117] registered taskstats version 1
[STDERR  ] 2018-04-04T19:17:12.712882235Z: [    3.780988] sr 2:0:0:0: [sr0] scsi3-mmc drive: 4x/4x cd/rw xa/form2 tray
[STDERR  ] 2018-04-04T19:17:12.712932527Z: [    3.788611] cdrom: Uniform CD-ROM driver Revision: 3.20
[STDERR  ] 2018-04-04T19:17:12.712964114Z: [    3.801786] sr 2:0:0:0: Attached scsi generic sg0 type 5
[STDERR  ] 2018-04-04T19:17:12.713005280Z: [    3.809429] Key type big_key registered
[STDERR  ] 2018-04-04T19:17:12.713044858Z: [    3.816551] Key type trusted registered
[STDERR  ] 2018-04-04T19:17:12.713074711Z: [    3.823765] Key type encrypted registered
[STDERR  ] 2018-04-04T19:17:12.713113075Z: [    3.828293] ima: No TPM chip found, activating TPM-bypass! (rc=-19)
[STDERR  ] 2018-04-04T19:17:12.713149670Z: [    3.835229] evm: HMAC attrs: 0x1
[STDERR  ] 2018-04-04T19:17:12.713190688Z: [    3.841115] rtc_cmos 00:00: setting system clock to 2018-04-04 19:17:07 UTC (1522869427)
[STDERR  ] 2018-04-04T19:17:12.713233988Z: [    3.865652] Freeing unused kernel memory: 1508K
[STDERR  ] 2018-04-04T19:17:12.713271566Z: [    3.870688] Write protecting the kernel read-only data: 18432k
[STDERR  ] 2018-04-04T19:17:12.713301383Z: [    3.878775] Freeing unused kernel memory: 2024K
[STDERR  ] 2018-04-04T19:17:12.713338749Z: [    3.896377] Freeing unused kernel memory: 1108K
[STDERR  ] 2018-04-04T19:17:12.713384606Z: 
[STDERR  ] 2018-04-04T19:17:12.713416813Z: Welcome to LinuxKit
[STDERR  ] 2018-04-04T19:17:12.713460763Z: 
[STDERR  ] 2018-04-04T19:17:12.713490238Z:                         ##         .
[STDERR  ] 2018-04-04T19:17:12.713529114Z:                   ## ## ##        ==
[STDERR  ] 2018-04-04T19:17:12.713566670Z:                ## ## ## ## ##    ===
[STDERR  ] 2018-04-04T19:17:12.713595348Z:            /"""""""""""""""""\___/ ===
[STDERR  ] 2018-04-04T19:17:12.713623690Z:           {                       /  ===-
[STDERR  ] 2018-04-04T19:17:12.713673007Z:            \______ O           __/
[STDERR  ] 2018-04-04T19:17:12.713703325Z:              \    \         __/
[STDERR  ] 2018-04-04T19:17:12.713741369Z:               \____\_______/
[STDERR  ] 2018-04-04T19:17:12.713779746Z: 
[STDERR  ] 2018-04-04T19:17:12.713810854Z: [    4.456077] hello_world: loading out-of-tree module taints kernel.
[STDERR  ] 2018-04-04T19:17:12.713855505Z: [    4.465969] Hello LinuxKit
[STDERR  ] 2018-04-04T19:17:12.713897691Z: [    4.473066] Goodbye LinuxKit.
[STDERR  ] 2018-04-04T19:17:12.713931362Z: Linux linuxkit-1ac827e102ad 4.14.32-linuxkit #1 SMP Sun Apr 1 17:10:10 UTC 2018 x86_64 Linux
[STDERR  ] 2018-04-04T19:17:12.713988020Z: filename:       hello_world.ko
[STDERR  ] 2018-04-04T19:17:12.714019723Z: author:         Rolf Neugebauer <rolf.neugebauer@docker.com>
[STDERR  ] 2018-04-04T19:17:12.714058609Z: description:    A simple Hello World kernel module for testing
[STDERR  ] 2018-04-04T19:17:12.714104631Z: license:        GPL
[STDERR  ] 2018-04-04T19:17:12.714135143Z: depends:        
[STDERR  ] 2018-04-04T19:17:12.714176614Z: vermagic:       4.14.32-linuxkit SMP mod_unload modversions RANDSTRUCT_PLUGIN_9b0ae2e13cf08162f60fcd939f1af1aa5149e511445658f49f0750561ec964cc
[STDERR  ] 2018-04-04T19:17:12.714222836Z: Kernel module test suite PASSED
[STDERR  ] 2018-04-04T19:17:12.714255592Z: [    7.565488] ACPI: Preparing to enter system sleep state S5
[STDERR  ] 2018-04-04T19:17:12.714299663Z: [    7.573893] reboot: Power down
[STDERR  ] 2018-04-04T19:17:12.714333081Z: + exit 0
[STDERR  ] 2018-04-04T19:17:12.714394113Z: + clean_up
[STDERR  ] 2018-04-04T19:17:12.714429353Z: + docker rmi kmod-test
[STDOUT  ] 2018-04-04T19:17:12.724063212Z: Untagged: kmod-test:latest
[STDOUT  ] 2018-04-04T19:17:12.724115916Z: Deleted: sha256:704385a9597dc7b09ced465116842293c0d240ba2eb0cbbb0b8d02aef08430f1
[STDOUT  ] 2018-04-04T19:17:12.724124431Z: Deleted: sha256:c635f394eb28a88862113c4310fb8326f72554f2c3a45cc75dd9e87664d15643
[STDOUT  ] 2018-04-04T19:17:12.724130861Z: Deleted: sha256:76a12ab755b8b59e99d6bdf7575c9f8859eedf0ce526dfccb37c555198c70158
[STDOUT  ] 2018-04-04T19:17:12.724137262Z: Deleted: sha256:c68d6cb9420e400d42170e4604b4331d76f13f5b6d34d9c34c7789b140c785b0
[STDOUT  ] 2018-04-04T19:17:12.724144094Z: Deleted: sha256:efbbb7b21ac4c8c57261697af0245a4084e813b11647f6c4976c25c781d685a9
[STDERR  ] 2018-04-04T19:17:12.724840279Z: + rm -rf kmod-cmdline kmod-initrd.img kmod-kernel kmod-state
[PASS    ] linuxkit.kernel.kmod_4.14.x 35.83s
