[INFO    ] 2018-01-16T10:54:49.951535268Z: Running Test linuxkit.packages.sysctl in /tmp/build/test/cases/040_packages/019_sysctl
[INFO    ] 2018-01-16T10:54:49.951613121Z: Running command: [/bin/sh -x /tmp/build/test/cases/040_packages/019_sysctl/test.sh]
[STDERR  ] 2018-01-16T10:54:50.004060646Z: + set -e
[STDERR  ] 2018-01-16T10:54:50.004161438Z: + . /tmp/build/test/cases/_lib/lib.sh
[STDERR  ] 2018-01-16T10:54:50.004171667Z: + [ -f src/github.com/linuxkit/rtf/lib/lib.sh ]
[STDERR  ] 2018-01-16T10:54:50.004177786Z: + LINUXKIT_TMPDIR=/tmp/build/test/cases/_tmp
[STDERR  ] 2018-01-16T10:54:50.004184416Z: + [ -f /tmp/build/test/cases/_tmp/env.sh ]
[STDERR  ] 2018-01-16T10:54:50.004190619Z: + . /tmp/build/test/cases/_tmp/env.sh
[STDERR  ] 2018-01-16T10:54:50.004196989Z: + export LINUXKIT_EXAMPLES_DIR=/tmp/build/test/cases/../../examples
[STDERR  ] 2018-01-16T10:54:50.004203924Z: + export LINUXKIT_BLUEPRINTS_DIR=/tmp/build/test/cases/../../blueprints
[STDERR  ] 2018-01-16T10:54:50.004212458Z: + RT_CANCEL=253
[STDERR  ] 2018-01-16T10:54:50.004218769Z: + NAME=sysctl
[STDERR  ] 2018-01-16T10:54:50.004224646Z: + trap clean_up EXIT
[STDERR  ] 2018-01-16T10:54:50.004230474Z: + linuxkit build -format kernel+initrd -name sysctl test.yml
[STDERR  ] 2018-01-16T10:54:50.030216173Z: Extract kernel image: linuxkit/kernel:4.9.76
[STDERR  ] 2018-01-16T10:54:51.157090525Z: time="2018-01-16T10:54:51Z" level=warning msg="certificate with CN Justin Cormack is near expiry"
[STDERR  ] 2018-01-16T10:54:51.157244176Z: time="2018-01-16T10:54:51Z" level=warning msg="certificate with CN  is near expiry"
[STDERR  ] 2018-01-16T10:54:51.157369362Z: time="2018-01-16T10:54:51Z" level=warning msg="certificate with CN  is near expiry"
[STDERR  ] 2018-01-16T10:54:51.197393906Z: time="2018-01-16T10:54:51Z" level=warning msg="certificate with CN Justin Cormack is near expiry"
[STDERR  ] 2018-01-16T10:54:51.551677546Z: Add init containers:
[STDERR  ] 2018-01-16T10:54:51.55172423Z: Process init image: linuxkit/init:f7a3d03face99e933626533a3381ae4476fbc8de
[STDERR  ] 2018-01-16T10:54:52.569066821Z: time="2018-01-16T10:54:52Z" level=warning msg="certificate with CN Justin Cormack is near expiry"
[STDERR  ] 2018-01-16T10:54:52.569171377Z: time="2018-01-16T10:54:52Z" level=warning msg="certificate with CN  is near expiry"
[STDERR  ] 2018-01-16T10:54:52.569193597Z: time="2018-01-16T10:54:52Z" level=warning msg="certificate with CN  is near expiry"
[STDERR  ] 2018-01-16T10:54:52.573095513Z: time="2018-01-16T10:54:52Z" level=warning msg="certificate with CN Justin Cormack is near expiry"
[STDERR  ] 2018-01-16T10:54:52.574573836Z: time="2018-01-16T10:54:52Z" level=warning msg="certificate with CN  is near expiry"
[STDERR  ] 2018-01-16T10:54:52.743890247Z: Process init image: linuxkit/runc:7b15b00b4e3507d62e3ed8d44dfe650561cd35ff
[STDERR  ] 2018-01-16T10:54:53.784938804Z: time="2018-01-16T10:54:53Z" level=warning msg="certificate with CN Justin Cormack is near expiry"
[STDERR  ] 2018-01-16T10:54:53.784995641Z: time="2018-01-16T10:54:53Z" level=warning msg="certificate with CN  is near expiry"
[STDERR  ] 2018-01-16T10:54:53.785041739Z: time="2018-01-16T10:54:53Z" level=warning msg="certificate with CN  is near expiry"
[STDERR  ] 2018-01-16T10:54:53.787134333Z: time="2018-01-16T10:54:53Z" level=warning msg="certificate with CN Justin Cormack is near expiry"
[STDERR  ] 2018-01-16T10:54:53.788434826Z: time="2018-01-16T10:54:53Z" level=warning msg="certificate with CN  is near expiry"
[STDERR  ] 2018-01-16T10:54:53.929883976Z: Add onboot containers:
[STDERR  ] 2018-01-16T10:54:53.929928201Z:   Create OCI config for linuxkit/sysctl:4c1ef93bb5eb1a877318db4b2daa6768ed002e21
[STDERR  ] 2018-01-16T10:54:55.126579967Z: time="2018-01-16T10:54:55Z" level=warning msg="certificate with CN Justin Cormack is near expiry"
[STDERR  ] 2018-01-16T10:54:55.126664661Z: time="2018-01-16T10:54:55Z" level=warning msg="certificate with CN  is near expiry"
[STDERR  ] 2018-01-16T10:54:55.12667541Z: time="2018-01-16T10:54:55Z" level=warning msg="certificate with CN  is near expiry"
[STDERR  ] 2018-01-16T10:54:55.152221419Z: time="2018-01-16T10:54:55Z" level=warning msg="certificate with CN Justin Cormack is near expiry"
[STDERR  ] 2018-01-16T10:54:55.192259093Z: time="2018-01-16T10:54:55Z" level=warning msg="certificate with CN  is near expiry"
[STDERR  ] 2018-01-16T10:54:55.327675726Z:   Create OCI config for alpine:3.7
[STDERR  ] 2018-01-16T10:54:56.603910179Z:   Create OCI config for linuxkit/poweroff:bccfe1cb04fc7bb9f03613d2314f38abd2620f29
[STDERR  ] 2018-01-16T10:54:57.625378546Z: time="2018-01-16T10:54:57Z" level=warning msg="certificate with CN Justin Cormack is near expiry"
[STDERR  ] 2018-01-16T10:54:57.625468907Z: time="2018-01-16T10:54:57Z" level=warning msg="certificate with CN Rolf Neugebauer is near expiry"
[STDERR  ] 2018-01-16T10:54:57.625512115Z: time="2018-01-16T10:54:57Z" level=warning msg="certificate with CN  is near expiry"
[STDERR  ] 2018-01-16T10:54:57.625571214Z: time="2018-01-16T10:54:57Z" level=warning msg="certificate with CN  is near expiry"
[STDERR  ] 2018-01-16T10:54:57.628425086Z: time="2018-01-16T10:54:57Z" level=warning msg="certificate with CN Rolf Neugebauer is near expiry"
[STDERR  ] 2018-01-16T10:54:57.6294699Z: time="2018-01-16T10:54:57Z" level=warning msg="certificate with CN  is near expiry"
[STDERR  ] 2018-01-16T10:54:57.786651055Z: Add files:
[STDERR  ] 2018-01-16T10:54:57.786733362Z:   check.sh
[STDERR  ] 2018-01-16T10:54:57.811340555Z: Create outputs:
[STDERR  ] 2018-01-16T10:55:01.965429837Z:   sysctl-kernel sysctl-initrd.img sysctl-cmdline
[STDERR  ] 2018-01-16T10:55:02.016004403Z: + linuxkit run sysctl
[STDERR  ] 2018-01-16T10:55:02.040409061Z: Unable to find qemu-system-x86_64 within the $PATH. Using a container
[STDERR  ] 2018-01-16T10:55:26.478684899Z: + RESULT=[    0.000000] Linux version 4.9.76-linuxkit (root@0fd4445ddb08) (gcc version 6.4.0 (Alpine 6.4.0) ) #1 SMP Mon Jan 15 16:57:48 UTC 2018
[STDOUT  ] 2018-01-16T10:55:26.47867966Z: [    0.000000] Linux version 4.9.76-linuxkit (root@0fd4445ddb08) (gcc version 6.4.0 (Alpine 6.4.0) ) #1 SMP Mon Jan 15 16:57:48 UTC 2018
[STDOUT  ] 2018-01-16T10:55:26.47873889Z: [    0.000000] Command line: console=ttyS0 console=ttyAMA0
[STDOUT  ] 2018-01-16T10:55:26.478753179Z: [    0.000000] x86/fpu: Legacy x87 FPU detected.
[STDOUT  ] 2018-01-16T10:55:26.478764901Z: [    0.000000] x86/fpu: Using 'eager' FPU context switches.
[STDOUT  ] 2018-01-16T10:55:26.478776639Z: [    0.000000] e820: BIOS-provided physical RAM map:
[STDOUT  ] 2018-01-16T10:55:26.478787572Z: [    0.000000] BIOS-e820: [mem 0x0000000000000000-0x000000000009fbff] usable
[STDOUT  ] 2018-01-16T10:55:26.478798289Z: [    0.000000] BIOS-e820: [mem 0x000000000009fc00-0x000000000009ffff] reserved
[STDOUT  ] 2018-01-16T10:55:26.478808109Z: [    0.000000] BIOS-e820: [mem 0x00000000000f0000-0x00000000000fffff] reserved
[STDOUT  ] 2018-01-16T10:55:26.478819154Z: [    0.000000] BIOS-e820: [mem 0x0000000000100000-0x000000003ffdefff] usable
[STDOUT  ] 2018-01-16T10:55:26.478829455Z: [    0.000000] BIOS-e820: [mem 0x000000003ffdf000-0x000000003fffffff] reserved
[STDOUT  ] 2018-01-16T10:55:26.478839831Z: [    0.000000] BIOS-e820: [mem 0x00000000b0000000-0x00000000bfffffff] reserved
[STDERR  ] 2018-01-16T10:55:26.478739589Z: [    0.000000] Command line: console=ttyS0 console=ttyAMA0
[STDOUT  ] 2018-01-16T10:55:26.478852161Z: [    0.000000] BIOS-e820: [mem 0x00000000fed1c000-0x00000000fed1ffff] reserved
[STDERR  ] 2018-01-16T10:55:26.478855394Z: [    0.000000] x86/fpu: Legacy x87 FPU detected.
[STDOUT  ] 2018-01-16T10:55:26.478863207Z: [    0.000000] BIOS-e820: [mem 0x00000000fffc0000-0x00000000ffffffff] reserved
[STDOUT  ] 2018-01-16T10:55:26.478873864Z: [    0.000000] NX (Execute Disable) protection: active
[STDERR  ] 2018-01-16T10:55:26.478868302Z: [    0.000000] x86/fpu: Using 'eager' FPU context switches.
[STDERR  ] 2018-01-16T10:55:26.478894284Z: [    0.000000] e820: BIOS-provided physical RAM map:
[STDERR  ] 2018-01-16T10:55:26.478903806Z: [    0.000000] BIOS-e820: [mem 0x0000000000000000-0x000000000009fbff] usable
[STDERR  ] 2018-01-16T10:55:26.478917441Z: [    0.000000] BIOS-e820: [mem 0x000000000009fc00-0x000000000009ffff] reserved
[STDERR  ] 2018-01-16T10:55:26.478934241Z: [    0.000000] BIOS-e820: [mem 0x00000000000f0000-0x00000000000fffff] reserved
[STDERR  ] 2018-01-16T10:55:26.478944119Z: [    0.000000] BIOS-e820: [mem 0x0000000000100000-0x000000003ffdefff] usable
[STDERR  ] 2018-01-16T10:55:26.478953981Z: [    0.000000] BIOS-e820: [mem 0x000000003ffdf000-0x000000003fffffff] reserved
[STDERR  ] 2018-01-16T10:55:26.478962762Z: [    0.000000] BIOS-e820: [mem 0x00000000b0000000-0x00000000bfffffff] reserved
[STDERR  ] 2018-01-16T10:55:26.47897114Z: [    0.000000] BIOS-e820: [mem 0x00000000fed1c000-0x00000000fed1ffff] reserved
[STDERR  ] 2018-01-16T10:55:26.478980256Z: [    0.000000] BIOS-e820: [mem 0x00000000fffc0000-0x00000000ffffffff] reserved
[STDERR  ] 2018-01-16T10:55:26.478988826Z: [    0.000000] NX (Execute Disable) protection: active
[STDERR  ] 2018-01-16T10:55:26.478997688Z: [    0.000000] SMBIOS 2.8 present.
[STDERR  ] 2018-01-16T10:55:26.479010697Z: [    0.000000] Kernel/User page tables isolation: disabled
[STDERR  ] 2018-01-16T10:55:26.479019806Z: [    0.000000] e820: last_pfn = 0x3ffdf max_arch_pfn = 0x400000000
[STDERR  ] 2018-01-16T10:55:26.4790288Z: [    0.000000] x86/PAT: Configuration [0-7]: WB  WC  UC- UC  WB  WC  UC- WT  
[STDERR  ] 2018-01-16T10:55:26.479037686Z: [    0.000000] found SMP MP-table at [mem 0x000f6aa0-0x000f6aaf] mapped at [ffff8e81800f6aa0]
[STDERR  ] 2018-01-16T10:55:26.479050147Z: [    0.000000] RAMDISK: [mem 0x3e772000-0x3ffcffff]
[STDERR  ] 2018-01-16T10:55:26.479058545Z: [    0.000000] ACPI: Early table checksum verification disabled
[STDERR  ] 2018-01-16T10:55:26.479066864Z: [    0.000000] ACPI: RSDP 0x00000000000F68B0 000014 (v00 BOCHS )
[STDERR  ] 2018-01-16T10:55:26.479075463Z: [    0.000000] ACPI: RSDT 0x000000003FFE20A8 000034 (v01 BOCHS  BXPCRSDT 00000001 BXPC 00000001)
[STDOUT  ] 2018-01-16T10:55:26.479077278Z: [    0.000000] SMBIOS 2.8 present.
[STDOUT  ] 2018-01-16T10:55:26.479089355Z: [    0.000000] Kernel/User page tables isolation: disabled
[STDOUT  ] 2018-01-16T10:55:26.479098579Z: [    0.000000] e820: last_pfn = 0x3ffdf max_arch_pfn = 0x400000000
[STDOUT  ] 2018-01-16T10:55:26.479107249Z: [    0.000000] x86/PAT: Configuration [0-7]: WB  WC  UC- UC  WB  WC  UC- WT  
[STDOUT  ] 2018-01-16T10:55:26.479116278Z: [    0.000000] found SMP MP-table at [mem 0x000f6aa0-0x000f6aaf] mapped at [ffff8e81800f6aa0]
[STDOUT  ] 2018-01-16T10:55:26.47912538Z: [    0.000000] RAMDISK: [mem 0x3e772000-0x3ffcffff]
[STDOUT  ] 2018-01-16T10:55:26.479136736Z: [    0.000000] ACPI: Early table checksum verification disabled
[STDOUT  ] 2018-01-16T10:55:26.479145438Z: [    0.000000] ACPI: RSDP 0x00000000000F68B0 000014 (v00 BOCHS )
[STDERR  ] 2018-01-16T10:55:26.479084127Z: [    0.000000] ACPI: FACP 0x000000003FFE1EC8 0000F4 (v03 BOCHS  BXPCFACP 00000001 BXPC 00000001)
[STDOUT  ] 2018-01-16T10:55:26.479154332Z: [    0.000000] ACPI: RSDT 0x000000003FFE20A8 000034 (v01 BOCHS  BXPCRSDT 00000001 BXPC 00000001)
[STDOUT  ] 2018-01-16T10:55:26.479166199Z: [    0.000000] ACPI: FACP 0x000000003FFE1EC8 0000F4 (v03 BOCHS  BXPCFACP 00000001 BXPC 00000001)
[STDOUT  ] 2018-01-16T10:55:26.479175023Z: [    0.000000] ACPI: DSDT 0x000000003FFE0040 001E88 (v01 BOCHS  BXPCDSDT 00000001 BXPC 00000001)
[STDOUT  ] 2018-01-16T10:55:26.47919047Z: [    0.000000] ACPI: FACS 0x000000003FFE0000 000040
[STDOUT  ] 2018-01-16T10:55:26.479202375Z: [    0.000000] ACPI: APIC 0x000000003FFE1FBC 000078 (v01 BOCHS  BXPCAPIC 00000001 BXPC 00000001)
[STDOUT  ] 2018-01-16T10:55:26.4792109Z: [    0.000000] ACPI: HPET 0x000000003FFE2034 000038 (v01 BOCHS  BXPCHPET 00000001 BXPC 00000001)
[STDOUT  ] 2018-01-16T10:55:26.479219313Z: [    0.000000] ACPI: MCFG 0x000000003FFE206C 00003C (v01 BOCHS  BXPCMCFG 00000001 BXPC 00000001)
[STDERR  ] 2018-01-16T10:55:26.479161857Z: [    0.000000] ACPI: DSDT 0x000000003FFE0040 001E88 (v01 BOCHS  BXPCDSDT 00000001 BXPC 00000001)
[STDOUT  ] 2018-01-16T10:55:26.479236855Z: [    0.000000] Zone ranges:
[STDERR  ] 2018-01-16T10:55:26.479239377Z: [    0.000000] ACPI: FACS 0x000000003FFE0000 000040
[STDOUT  ] 2018-01-16T10:55:26.479247283Z: [    0.000000]   DMA      [mem 0x0000000000001000-0x0000000000ffffff]
[STDOUT  ] 2018-01-16T10:55:26.479260846Z: [    0.000000]   DMA32    [mem 0x0000000001000000-0x000000003ffdefff]
[STDOUT  ] 2018-01-16T10:55:26.479270471Z: [    0.000000]   Normal   empty
[STDOUT  ] 2018-01-16T10:55:26.479279151Z: [    0.000000] Movable zone start for each node
[STDOUT  ] 2018-01-16T10:55:26.479287475Z: [    0.000000] Early memory node ranges
[STDOUT  ] 2018-01-16T10:55:26.479296375Z: [    0.000000]   node   0: [mem 0x0000000000001000-0x000000000009efff]
[STDOUT  ] 2018-01-16T10:55:26.47931162Z: [    0.000000]   node   0: [mem 0x0000000000100000-0x000000003ffdefff]
[STDOUT  ] 2018-01-16T10:55:26.479320333Z: [    0.000000] Initmem setup node 0 [mem 0x0000000000001000-0x000000003ffdefff]
[STDOUT  ] 2018-01-16T10:55:26.479332484Z: [    0.000000] ACPI: PM-Timer IO Port: 0x608
[STDOUT  ] 2018-01-16T10:55:26.479340564Z: [    0.000000] ACPI: LAPIC_NMI (acpi_id[0xff] dfl dfl lint[0x1])
[STDOUT  ] 2018-01-16T10:55:26.479348259Z: [    0.000000] IOAPIC[0]: apic_id 0, version 32, address 0xfec00000, GSI 0-23
[STDOUT  ] 2018-01-16T10:55:26.479356505Z: [    0.000000] ACPI: INT_SRC_OVR (bus 0 bus_irq 0 global_irq 2 dfl dfl)
[STDOUT  ] 2018-01-16T10:55:26.479364113Z: [    0.000000] ACPI: INT_SRC_OVR (bus 0 bus_irq 5 global_irq 5 high level)
[STDOUT  ] 2018-01-16T10:55:26.479371891Z: [    0.000000] ACPI: INT_SRC_OVR (bus 0 bus_irq 9 global_irq 9 high level)
[STDOUT  ] 2018-01-16T10:55:26.479380119Z: [    0.000000] ACPI: INT_SRC_OVR (bus 0 bus_irq 10 global_irq 10 high level)
[STDERR  ] 2018-01-16T10:55:26.479252417Z: [    0.000000] ACPI: APIC 0x000000003FFE1FBC 000078 (v01 BOCHS  BXPCAPIC 00000001 BXPC 00000001)
[STDERR  ] 2018-01-16T10:55:26.479398692Z: [    0.000000] ACPI: HPET 0x000000003FFE2034 000038 (v01 BOCHS  BXPCHPET 00000001 BXPC 00000001)
[STDERR  ] 2018-01-16T10:55:26.479406829Z: [    0.000000] ACPI: MCFG 0x000000003FFE206C 00003C (v01 BOCHS  BXPCMCFG 00000001 BXPC 00000001)
[STDERR  ] 2018-01-16T10:55:26.479415722Z: [    0.000000] Zone ranges:
[STDERR  ] 2018-01-16T10:55:26.479423908Z: [    0.000000]   DMA      [mem 0x0000000000001000-0x0000000000ffffff]
[STDERR  ] 2018-01-16T10:55:26.479432618Z: [    0.000000]   DMA32    [mem 0x0000000001000000-0x000000003ffdefff]
[STDERR  ] 2018-01-16T10:55:26.479440911Z: [    0.000000]   Normal   empty
[STDERR  ] 2018-01-16T10:55:26.479449531Z: [    0.000000] Movable zone start for each node
[STDERR  ] 2018-01-16T10:55:26.479458576Z: [    0.000000] Early memory node ranges
[STDERR  ] 2018-01-16T10:55:26.479467478Z: [    0.000000]   node   0: [mem 0x0000000000001000-0x000000000009efff]
[STDERR  ] 2018-01-16T10:55:26.479477118Z: [    0.000000]   node   0: [mem 0x0000000000100000-0x000000003ffdefff]
[STDERR  ] 2018-01-16T10:55:26.479486331Z: [    0.000000] Initmem setup node 0 [mem 0x0000000000001000-0x000000003ffdefff]
[STDERR  ] 2018-01-16T10:55:26.479494594Z: [    0.000000] ACPI: PM-Timer IO Port: 0x608
[STDERR  ] 2018-01-16T10:55:26.479511358Z: [    0.000000] ACPI: LAPIC_NMI (acpi_id[0xff] dfl dfl lint[0x1])
[STDOUT  ] 2018-01-16T10:55:26.479388791Z: [    0.000000] ACPI: INT_SRC_OVR (bus 0 bus_irq 11 global_irq 11 high level)
[STDOUT  ] 2018-01-16T10:55:26.479531805Z: [    0.000000] Using ACPI (MADT) for SMP configuration information
[STDOUT  ] 2018-01-16T10:55:26.479541754Z: [    0.000000] ACPI: HPET id: 0x8086a201 base: 0xfed00000
[STDOUT  ] 2018-01-16T10:55:26.479549647Z: [    0.000000] smpboot: Allowing 1 CPUs, 0 hotplug CPUs
[STDOUT  ] 2018-01-16T10:55:26.479557667Z: [    0.000000] e820: [mem 0x40000000-0xafffffff] available for PCI devices
[STDOUT  ] 2018-01-16T10:55:26.47957004Z: [    0.000000] Booting paravirtualized kernel on bare hardware
[STDOUT  ] 2018-01-16T10:55:26.47957868Z: [    0.000000] clocksource: refined-jiffies: mask: 0xffffffff max_cycles: 0xffffffff, max_idle_ns: 19112604462750000 ns
[STDERR  ] 2018-01-16T10:55:26.479521279Z: [    0.000000] IOAPIC[0]: apic_id 0, version 32, address 0xfec00000, GSI 0-23
[STDERR  ] 2018-01-16T10:55:26.479597774Z: [    0.000000] ACPI: INT_SRC_OVR (bus 0 bus_irq 0 global_irq 2 dfl dfl)
[STDERR  ] 2018-01-16T10:55:26.479612131Z: [    0.000000] ACPI: INT_SRC_OVR (bus 0 bus_irq 5 global_irq 5 high level)
[STDERR  ] 2018-01-16T10:55:26.479620789Z: [    0.000000] ACPI: INT_SRC_OVR (bus 0 bus_irq 9 global_irq 9 high level)
[STDERR  ] 2018-01-16T10:55:26.479628802Z: [    0.000000] ACPI: INT_SRC_OVR (bus 0 bus_irq 10 global_irq 10 high level)
[STDERR  ] 2018-01-16T10:55:26.479637128Z: [    0.000000] ACPI: INT_SRC_OVR (bus 0 bus_irq 11 global_irq 11 high level)
[STDERR  ] 2018-01-16T10:55:26.479645238Z: [    0.000000] Using ACPI (MADT) for SMP configuration information
[STDOUT  ] 2018-01-16T10:55:26.479588546Z: [    0.000000] setup_percpu: NR_CPUS:128 nr_cpumask_bits:128 nr_cpu_ids:1 nr_node_ids:1
[STDOUT  ] 2018-01-16T10:55:26.479667672Z: [    0.000000] percpu: Embedded 36 pages/cpu @ffff8e81be400000 s106904 r8192 d32360 u2097152
[STDOUT  ] 2018-01-16T10:55:26.479677506Z: [    0.000000] Built 1 zonelists in Zone order, mobility grouping on.  Total pages: 257896
[STDOUT  ] 2018-01-16T10:55:26.479685866Z: [    0.000000] Kernel command line: console=ttyS0 console=ttyAMA0
[STDOUT  ] 2018-01-16T10:55:26.479698259Z: [    0.000000] PID hash table entries: 4096 (order: 3, 32768 bytes)
[STDOUT  ] 2018-01-16T10:55:26.479707022Z: [    0.000000] Dentry cache hash table entries: 131072 (order: 8, 1048576 bytes)
[STDOUT  ] 2018-01-16T10:55:26.479716115Z: [    0.000000] Inode-cache hash table entries: 65536 (order: 7, 524288 bytes)
[STDERR  ] 2018-01-16T10:55:26.479654559Z: [    0.000000] ACPI: HPET id: 0x8086a201 base: 0xfed00000
[STDOUT  ] 2018-01-16T10:55:26.479725645Z: [    0.000000] Memory: 989180K/1048052K available (8053K kernel code, 1391K rwdata, 2700K rodata, 1396K init, 564K bss, 58872K reserved, 0K cma-reserved)
[STDERR  ] 2018-01-16T10:55:26.479733327Z: [    0.000000] smpboot: Allowing 1 CPUs, 0 hotplug CPUs
[STDERR  ] 2018-01-16T10:55:26.47974661Z: [    0.000000] e820: [mem 0x40000000-0xafffffff] available for PCI devices
[STDERR  ] 2018-01-16T10:55:26.479755539Z: [    0.000000] Booting paravirtualized kernel on bare hardware
[STDERR  ] 2018-01-16T10:55:26.479763807Z: [    0.000000] clocksource: refined-jiffies: mask: 0xffffffff max_cycles: 0xffffffff, max_idle_ns: 19112604462750000 ns
[STDERR  ] 2018-01-16T10:55:26.47977553Z: [    0.000000] setup_percpu: NR_CPUS:128 nr_cpumask_bits:128 nr_cpu_ids:1 nr_node_ids:1
[STDERR  ] 2018-01-16T10:55:26.479784653Z: [    0.000000] percpu: Embedded 36 pages/cpu @ffff8e81be400000 s106904 r8192 d32360 u2097152
[STDERR  ] 2018-01-16T10:55:26.479793415Z: [    0.000000] Built 1 zonelists in Zone order, mobility grouping on.  Total pages: 257896
[STDOUT  ] 2018-01-16T10:55:26.479735198Z: [    0.000000] Hierarchical RCU implementation.
[STDOUT  ] 2018-01-16T10:55:26.479824496Z: [    0.000000] 	Build-time adjustment of leaf fanout to 64.
[STDOUT  ] 2018-01-16T10:55:26.479836555Z: [    0.000000] 	RCU restricting CPUs from NR_CPUS=128 to nr_cpu_ids=1.
[STDOUT  ] 2018-01-16T10:55:26.47984535Z: [    0.000000] RCU: Adjusting geometry for rcu_fanout_leaf=64, nr_cpu_ids=1
[STDOUT  ] 2018-01-16T10:55:26.479855001Z: [    0.000000] NR_IRQS:8448 nr_irqs:256 16
[STDOUT  ] 2018-01-16T10:55:26.4798637Z: [    0.000000] Console: colour VGA+ 80x25
[STDOUT  ] 2018-01-16T10:55:26.47987256Z: [    0.000000] console [ttyS0] enabled
[STDERR  ] 2018-01-16T10:55:26.479809965Z: [    0.000000] Kernel command line: console=ttyS0 console=ttyAMA0
[STDERR  ] 2018-01-16T10:55:26.479891299Z: [    0.000000] PID hash table entries: 4096 (order: 3, 32768 bytes)
[STDERR  ] 2018-01-16T10:55:26.479900545Z: [    0.000000] Dentry cache hash table entries: 131072 (order: 8, 1048576 bytes)
[STDERR  ] 2018-01-16T10:55:26.479915971Z: [    0.000000] Inode-cache hash table entries: 65536 (order: 7, 524288 bytes)
[STDERR  ] 2018-01-16T10:55:26.479925171Z: [    0.000000] Memory: 989180K/1048052K available (8053K kernel code, 1391K rwdata, 2700K rodata, 1396K init, 564K bss, 58872K reserved, 0K cma-reserved)
[STDERR  ] 2018-01-16T10:55:26.479941142Z: [    0.000000] Hierarchical RCU implementation.
[STDOUT  ] 2018-01-16T10:55:26.479881812Z: [    0.000000] clocksource: hpet: mask: 0xffffffff max_cycles: 0xffffffff, max_idle_ns: 19112604467 ns
[STDERR  ] 2018-01-16T10:55:26.479954559Z: [    0.000000] 	Build-time adjustment of leaf fanout to 64.
[STDOUT  ] 2018-01-16T10:55:26.479958821Z: [    0.000000] tsc: Fast TSC calibration using PIT
[STDERR  ] 2018-01-16T10:55:26.479963976Z: [    0.000000] 	RCU restricting CPUs from NR_CPUS=128 to nr_cpu_ids=1.
[STDOUT  ] 2018-01-16T10:55:26.479968169Z: [    0.000000] tsc: Detected 2599.879 MHz processor
[STDOUT  ] 2018-01-16T10:55:26.479978138Z: [    0.021465] Calibrating delay loop (skipped), value calculated using timer frequency.. 5199.75 BogoMIPS (lpj=25998790)
[STDOUT  ] 2018-01-16T10:55:26.479988576Z: [    0.022449] pid_max: default: 32768 minimum: 301
[STDOUT  ] 2018-01-16T10:55:26.479997288Z: [    0.023312] ACPI: Core revision 20160831
[STDOUT  ] 2018-01-16T10:55:26.480006085Z: [    0.050350] ACPI: 1 ACPI AML tables successfully acquired and loaded
[STDOUT  ] 2018-01-16T10:55:26.480015081Z: [    0.054542] Security Framework initialized
[STDOUT  ] 2018-01-16T10:55:26.480023975Z: [    0.054952] Yama: becoming mindful.
[STDOUT  ] 2018-01-16T10:55:26.480032735Z: [    0.056932] Mount-cache hash table entries: 2048 (order: 2, 16384 bytes)
[STDOUT  ] 2018-01-16T10:55:26.480045433Z: [    0.057418] Mountpoint-cache hash table entries: 2048 (order: 2, 16384 bytes)
[STDOUT  ] 2018-01-16T10:55:26.480054861Z: [    0.075434] Last level iTLB entries: 4KB 0, 2MB 0, 4MB 0
[STDOUT  ] 2018-01-16T10:55:26.480063971Z: [    0.075906] Last level dTLB entries: 4KB 0, 2MB 0, 4MB 0, 1GB 0
[STDOUT  ] 2018-01-16T10:55:26.480072692Z: [    0.394126] Freeing SMP alternatives memory: 20K
[STDOUT  ] 2018-01-16T10:55:26.480081212Z: [    0.403512] ftrace: allocating 35552 entries in 139 pages
[STDOUT  ] 2018-01-16T10:55:26.480090482Z: [    0.464554] smpboot: Max logical packages: 1
[STDOUT  ] 2018-01-16T10:55:26.480098945Z: [    0.472437] ..TIMER: vector=0x30 apic1=0 pin1=2 apic2=-1 pin2=-1
[STDOUT  ] 2018-01-16T10:55:26.480122393Z: [    0.580000] smpboot: CPU0: AMD QEMU Virtual CPU version 2.5+ (family: 0x6, model: 0x6, stepping: 0x3)
[STDOUT  ] 2018-01-16T10:55:26.480134717Z: [    0.580000] Performance Events: PMU not available due to virtualization, using software events only.
[STDOUT  ] 2018-01-16T10:55:26.480143206Z: [    0.586748] NMI watchdog: disabled (cpu0): hardware events not enabled
[STDOUT  ] 2018-01-16T10:55:26.480151727Z: [    0.586937] NMI watchdog: Shutting down hard lockup detector on all cpus
[STDOUT  ] 2018-01-16T10:55:26.480160188Z: [    0.590337] x86: Booted up 1 node, 1 CPUs
[STDOUT  ] 2018-01-16T10:55:26.480168596Z: [    0.590706] smpboot: Total of 1 processors activated (5199.75 BogoMIPS)
[STDOUT  ] 2018-01-16T10:55:26.480177009Z: [    0.605180] devtmpfs: initialized
[STDERR  ] 2018-01-16T10:55:26.479973483Z: [    0.000000] RCU: Adjusting geometry for rcu_fanout_leaf=64, nr_cpu_ids=1
[STDOUT  ] 2018-01-16T10:55:26.48018645Z: [    0.610920] x86/mm: Memory block size: 128MB
[STDOUT  ] 2018-01-16T10:55:26.48019874Z: [    0.640996] clocksource: jiffies: mask: 0xffffffff max_cycles: 0xffffffff, max_idle_ns: 19112604462750000 ns
[STDOUT  ] 2018-01-16T10:55:26.480207422Z: [    0.641488] futex hash table entries: 256 (order: 2, 16384 bytes)
[STDOUT  ] 2018-01-16T10:55:26.480216213Z: [    0.650134] NET: Registered protocol family 16
[STDOUT  ] 2018-01-16T10:55:26.480227325Z: [    0.657734] cpuidle: using governor ladder
[STDOUT  ] 2018-01-16T10:55:26.480235814Z: [    0.658165] cpuidle: using governor menu
[STDOUT  ] 2018-01-16T10:55:26.480244124Z: [    0.659413] ACPI: bus type PCI registered
[STDOUT  ] 2018-01-16T10:55:26.480252525Z: [    0.663499] PCI: MMCONFIG for domain 0000 [bus 00-ff] at [mem 0xb0000000-0xbfffffff] (base 0xb0000000)
[STDOUT  ] 2018-01-16T10:55:26.480269497Z: [    0.664130] PCI: MMCONFIG at [mem 0xb0000000-0xbfffffff] reserved in E820
[STDOUT  ] 2018-01-16T10:55:26.480278437Z: [    0.664946] PCI: Using configuration type 1 for base access
[STDOUT  ] 2018-01-16T10:55:26.480291553Z: [    0.698736] HugeTLB registered 2 MB page size, pre-allocated 0 pages
[STDOUT  ] 2018-01-16T10:55:26.480306719Z: [    0.708796] ACPI: Added _OSI(Module Device)
[STDOUT  ] 2018-01-16T10:55:26.480315505Z: [    0.709073] ACPI: Added _OSI(Processor Device)
[STDOUT  ] 2018-01-16T10:55:26.480324739Z: [    0.709287] ACPI: Added _OSI(3.0 _SCP Extensions)
[STDOUT  ] 2018-01-16T10:55:26.4803369Z: [    0.709439] ACPI: Added _OSI(Processor Aggregator Device)
[STDOUT  ] 2018-01-16T10:55:26.480345683Z: [    0.756116] ACPI: Interpreter enabled
[STDOUT  ] 2018-01-16T10:55:26.480354153Z: [    0.756905] ACPI: (supports S0 S5)
[STDOUT  ] 2018-01-16T10:55:26.480362718Z: [    0.757156] ACPI: Using IOAPIC for interrupt routing
[STDOUT  ] 2018-01-16T10:55:26.480371648Z: [    0.759470] PCI: Using host bridge windows from ACPI; if necessary, use "pci=nocrs" and report a bug
[STDOUT  ] 2018-01-16T10:55:26.480380264Z: [    0.798941] ACPI: PCI Root Bridge [PCI0] (domain 0000 [bus 00-ff])
[STDOUT  ] 2018-01-16T10:55:26.480388846Z: [    0.800248] acpi PNP0A08:00: _OSC: OS supports [ExtendedConfig ASPM ClockPM Segments MSI]
[STDOUT  ] 2018-01-16T10:55:26.480398083Z: [    0.805209] acpi PNP0A08:00: _OSC: OS now controls [PCIeHotplug PME PCIeCapability]
[STDERR  ] 2018-01-16T10:55:26.480397595Z: [    0.000000] NR_IRQS:8448 nr_irqs:256 16
[STDERR  ] 2018-01-16T10:55:26.480411219Z: [    0.000000] Console: colour VGA+ 80x25
[STDERR  ] 2018-01-16T10:55:26.480420008Z: [    0.000000] console [ttyS0] enabled
[STDERR  ] 2018-01-16T10:55:26.480428574Z: [    0.000000] clocksource: hpet: mask: 0xffffffff max_cycles: 0xffffffff, max_idle_ns: 19112604467 ns
[STDERR  ] 2018-01-16T10:55:26.480438841Z: [    0.000000] tsc: Fast TSC calibration using PIT
[STDERR  ] 2018-01-16T10:55:26.480447386Z: [    0.000000] tsc: Detected 2599.879 MHz processor
[STDERR  ] 2018-01-16T10:55:26.480455318Z: [    0.021465] Calibrating delay loop (skipped), value calculated using timer frequency.. 5199.75 BogoMIPS (lpj=25998790)
[STDERR  ] 2018-01-16T10:55:26.480464628Z: [    0.022449] pid_max: default: 32768 minimum: 301
[STDOUT  ] 2018-01-16T10:55:26.480406713Z: [    0.808529] PCI host bridge to bus 0000:00
[STDERR  ] 2018-01-16T10:55:26.480473442Z: [    0.023312] ACPI: Core revision 20160831
[STDOUT  ] 2018-01-16T10:55:26.480484628Z: [    0.808935] pci_bus 0000:00: root bus resource [io  0x0000-0x0cf7 window]
[STDOUT  ] 2018-01-16T10:55:26.480494265Z: [    0.809282] pci_bus 0000:00: root bus resource [io  0x0d00-0xffff window]
[STDOUT  ] 2018-01-16T10:55:26.480506135Z: [    0.809558] pci_bus 0000:00: root bus resource [mem 0x000a0000-0x000bffff window]
[STDOUT  ] 2018-01-16T10:55:26.480515188Z: [    0.809934] pci_bus 0000:00: root bus resource [mem 0xc0000000-0xfebfffff window]
[STDOUT  ] 2018-01-16T10:55:26.480524389Z: [    0.810616] pci_bus 0000:00: root bus resource [bus 00-ff]
[STDOUT  ] 2018-01-16T10:55:26.480533789Z: [    0.972013] pci 0000:00:1f.0: quirk: [io  0x0600-0x067f] claimed by ICH6 ACPI/GPIO/TCO
[STDOUT  ] 2018-01-16T10:55:26.480541879Z: [    1.064712] ACPI: PCI Interrupt Link [LNKA] (IRQs 5 *10 11)
[STDOUT  ] 2018-01-16T10:55:26.480550406Z: [    1.066537] ACPI: PCI Interrupt Link [LNKB] (IRQs 5 *10 11)
[STDOUT  ] 2018-01-16T10:55:26.480558762Z: [    1.068110] ACPI: PCI Interrupt Link [LNKC] (IRQs 5 10 *11)
[STDOUT  ] 2018-01-16T10:55:26.480566526Z: [    1.070177] ACPI: PCI Interrupt Link [LNKD] (IRQs 5 10 *11)
[STDERR  ] 2018-01-16T10:55:26.480481877Z: [    0.050350] ACPI: 1 ACPI AML tables successfully acquired and loaded
[STDOUT  ] 2018-01-16T10:55:26.480574753Z: [    1.071754] ACPI: PCI Interrupt Link [LNKE] (IRQs 5 *10 11)
[STDERR  ] 2018-01-16T10:55:26.480585897Z: [    0.054542] Security Framework initialized
[STDOUT  ] 2018-01-16T10:55:26.480587748Z: [    1.073272] ACPI: PCI Interrupt Link [LNKF] (IRQs 5 *10 11)
[STDERR  ] 2018-01-16T10:55:26.480596887Z: [    0.054952] Yama: becoming mindful.
[STDOUT  ] 2018-01-16T10:55:26.480600446Z: [    1.074428] ACPI: PCI Interrupt Link [LNKG] (IRQs 5 10 *11)
[STDERR  ] 2018-01-16T10:55:26.480605882Z: [    0.056932] Mount-cache hash table entries: 2048 (order: 2, 16384 bytes)
[STDOUT  ] 2018-01-16T10:55:26.480612917Z: [    1.075606] ACPI: PCI Interrupt Link [LNKH] (IRQs 5 10 *11)
[STDERR  ] 2018-01-16T10:55:26.480615789Z: [    0.057418] Mountpoint-cache hash table entries: 2048 (order: 2, 16384 bytes)
[STDOUT  ] 2018-01-16T10:55:26.480622002Z: [    1.076266] ACPI: PCI Interrupt Link [GSIA] (IRQs *16)
[STDERR  ] 2018-01-16T10:55:26.48062597Z: [    0.075434] Last level iTLB entries: 4KB 0, 2MB 0, 4MB 0
[STDERR  ] 2018-01-16T10:55:26.48063804Z: [    0.075906] Last level dTLB entries: 4KB 0, 2MB 0, 4MB 0, 1GB 0
[STDERR  ] 2018-01-16T10:55:26.480647206Z: [    0.394126] Freeing SMP alternatives memory: 20K
[STDERR  ] 2018-01-16T10:55:26.480656267Z: [    0.403512] ftrace: allocating 35552 entries in 139 pages
[STDERR  ] 2018-01-16T10:55:26.480664496Z: [    0.464554] smpboot: Max logical packages: 1
[STDERR  ] 2018-01-16T10:55:26.480676787Z: [    0.472437] ..TIMER: vector=0x30 apic1=0 pin1=2 apic2=-1 pin2=-1
[STDERR  ] 2018-01-16T10:55:26.480686796Z: [    0.580000] smpboot: CPU0: AMD QEMU Virtual CPU version 2.5+ (family: 0x6, model: 0x6, stepping: 0x3)
[STDERR  ] 2018-01-16T10:55:26.480696701Z: [    0.580000] Performance Events: PMU not available due to virtualization, using software events only.
[STDERR  ] 2018-01-16T10:55:26.480705872Z: [    0.586748] NMI watchdog: disabled (cpu0): hardware events not enabled
[STDERR  ] 2018-01-16T10:55:26.4807147Z: [    0.586937] NMI watchdog: Shutting down hard lockup detector on all cpus
[STDERR  ] 2018-01-16T10:55:26.480723652Z: [    0.590337] x86: Booted up 1 node, 1 CPUs
[STDERR  ] 2018-01-16T10:55:26.480732111Z: [    0.590706] smpboot: Total of 1 processors activated (5199.75 BogoMIPS)
[STDERR  ] 2018-01-16T10:55:26.480739981Z: [    0.605180] devtmpfs: initialized
[STDERR  ] 2018-01-16T10:55:26.480748087Z: [    0.610920] x86/mm: Memory block size: 128MB
[STDERR  ] 2018-01-16T10:55:26.480756223Z: [    0.640996] clocksource: jiffies: mask: 0xffffffff max_cycles: 0xffffffff, max_idle_ns: 19112604462750000 ns
[STDERR  ] 2018-01-16T10:55:26.480764983Z: [    0.641488] futex hash table entries: 256 (order: 2, 16384 bytes)
[STDERR  ] 2018-01-16T10:55:26.48077339Z: [    0.650134] NET: Registered protocol family 16
[STDERR  ] 2018-01-16T10:55:26.48078178Z: [    0.657734] cpuidle: using governor ladder
[STDERR  ] 2018-01-16T10:55:26.480789971Z: [    0.658165] cpuidle: using governor menu
[STDERR  ] 2018-01-16T10:55:26.480811951Z: [    0.659413] ACPI: bus type PCI registered
[STDERR  ] 2018-01-16T10:55:26.48082107Z: [    0.663499] PCI: MMCONFIG for domain 0000 [bus 00-ff] at [mem 0xb0000000-0xbfffffff] (base 0xb0000000)
[STDERR  ] 2018-01-16T10:55:26.480829544Z: [    0.664130] PCI: MMCONFIG at [mem 0xb0000000-0xbfffffff] reserved in E820
[STDERR  ] 2018-01-16T10:55:26.480837812Z: [    0.664946] PCI: Using configuration type 1 for base access
[STDERR  ] 2018-01-16T10:55:26.48084705Z: [    0.698736] HugeTLB registered 2 MB page size, pre-allocated 0 pages
[STDERR  ] 2018-01-16T10:55:26.480856023Z: [    0.708796] ACPI: Added _OSI(Module Device)
[STDERR  ] 2018-01-16T10:55:26.480864837Z: [    0.709073] ACPI: Added _OSI(Processor Device)
[STDERR  ] 2018-01-16T10:55:26.480873655Z: [    0.709287] ACPI: Added _OSI(3.0 _SCP Extensions)
[STDERR  ] 2018-01-16T10:55:26.480882778Z: [    0.709439] ACPI: Added _OSI(Processor Aggregator Device)
[STDERR  ] 2018-01-16T10:55:26.480891845Z: [    0.756116] ACPI: Interpreter enabled
[STDERR  ] 2018-01-16T10:55:26.480900609Z: [    0.756905] ACPI: (supports S0 S5)
[STDERR  ] 2018-01-16T10:55:26.480909424Z: [    0.757156] ACPI: Using IOAPIC for interrupt routing
[STDERR  ] 2018-01-16T10:55:26.480923627Z: [    0.759470] PCI: Using host bridge windows from ACPI; if necessary, use "pci=nocrs" and report a bug
[STDERR  ] 2018-01-16T10:55:26.480932821Z: [    0.798941] ACPI: PCI Root Bridge [PCI0] (domain 0000 [bus 00-ff])
[STDERR  ] 2018-01-16T10:55:26.480941526Z: [    0.800248] acpi PNP0A08:00: _OSC: OS supports [ExtendedConfig ASPM ClockPM Segments MSI]
[STDERR  ] 2018-01-16T10:55:26.480955163Z: [    0.805209] acpi PNP0A08:00: _OSC: OS now controls [PCIeHotplug PME PCIeCapability]
[STDERR  ] 2018-01-16T10:55:26.480964161Z: [    0.808529] PCI host bridge to bus 0000:00
[STDERR  ] 2018-01-16T10:55:26.480972603Z: [    0.808935] pci_bus 0000:00: root bus resource [io  0x0000-0x0cf7 window]
[STDERR  ] 2018-01-16T10:55:26.480981427Z: [    0.809282] pci_bus 0000:00: root bus resource [io  0x0d00-0xffff window]
[STDERR  ] 2018-01-16T10:55:26.480990373Z: [    0.809558] pci_bus 0000:00: root bus resource [mem 0x000a0000-0x000bffff window]
[STDERR  ] 2018-01-16T10:55:26.48099855Z: [    0.809934] pci_bus 0000:00: root bus resource [mem 0xc0000000-0xfebfffff window]
[STDERR  ] 2018-01-16T10:55:26.481006959Z: [    0.810616] pci_bus 0000:00: root bus resource [bus 00-ff]
[STDERR  ] 2018-01-16T10:55:26.481015119Z: [    0.972013] pci 0000:00:1f.0: quirk: [io  0x0600-0x067f] claimed by ICH6 ACPI/GPIO/TCO
[STDERR  ] 2018-01-16T10:55:26.481023321Z: [    1.064712] ACPI: PCI Interrupt Link [LNKA] (IRQs 5 *10 11)
[STDERR  ] 2018-01-16T10:55:26.481032161Z: [    1.066537] ACPI: PCI Interrupt Link [LNKB] (IRQs 5 *10 11)
[STDERR  ] 2018-01-16T10:55:26.481041762Z: [    1.068110] ACPI: PCI Interrupt Link [LNKC] (IRQs 5 10 *11)
[STDERR  ] 2018-01-16T10:55:26.481049959Z: [    1.070177] ACPI: PCI Interrupt Link [LNKD] (IRQs 5 10 *11)
[STDERR  ] 2018-01-16T10:55:26.481058515Z: [    1.071754] ACPI: PCI Interrupt Link [LNKE] (IRQs 5 *10 11)
[STDERR  ] 2018-01-16T10:55:26.481067335Z: [    1.073272] ACPI: PCI Interrupt Link [LNKF] (IRQs 5 *10 11)
[STDERR  ] 2018-01-16T10:55:26.481075643Z: [    1.074428] ACPI: PCI Interrupt Link [LNKG] (IRQs 5 10 *11)
[STDERR  ] 2018-01-16T10:55:26.481086146Z: [    1.075606] ACPI: PCI Interrupt Link [LNKH] (IRQs 5 10 *11)
[STDERR  ] 2018-01-16T10:55:26.48109464Z: [    1.076266] ACPI: PCI Interrupt Link [GSIA] (IRQs *16)
[STDERR  ] 2018-01-16T10:55:26.481105745Z: [    1.076762] ACPI: PCI Interrupt Link [GSIB] (IRQs *17)
[STDERR  ] 2018-01-16T10:55:26.481115002Z: [    1.077240] ACPI: PCI Interrupt Link [GSIC] (IRQs *18)
[STDERR  ] 2018-01-16T10:55:26.481123399Z: [    1.077734] ACPI: PCI Interrupt Link [GSID] (IRQs *19)
[STDERR  ] 2018-01-16T10:55:26.481131379Z: [    1.078224] ACPI: PCI Interrupt Link [GSIE] (IRQs *20)
[STDERR  ] 2018-01-16T10:55:26.481141457Z: [    1.078685] ACPI: PCI Interrupt Link [GSIF] (IRQs *21)
[STDERR  ] 2018-01-16T10:55:26.48114928Z: [    1.079139] ACPI: PCI Interrupt Link [GSIG] (IRQs *22)
[STDERR  ] 2018-01-16T10:55:26.481158142Z: [    1.080249] ACPI: PCI Interrupt Link [GSIH] (IRQs *23)
[STDERR  ] 2018-01-16T10:55:26.481166147Z: [    1.083247] ACPI: Enabled 1 GPEs in block 00 to 3F
[STDERR  ] 2018-01-16T10:55:26.481174694Z: [    1.086205] SCSI subsystem initialized
[STDERR  ] 2018-01-16T10:55:26.481183769Z: [    1.087939] ACPI: bus type USB registered
[STDERR  ] 2018-01-16T10:55:26.48119261Z: [    1.088878] usbcore: registered new interface driver usbfs
[STDERR  ] 2018-01-16T10:55:26.481201419Z: [    1.089666] usbcore: registered new interface driver hub
[STDERR  ] 2018-01-16T10:55:26.481209371Z: [    1.090490] usbcore: registered new device driver usb
[STDERR  ] 2018-01-16T10:55:26.481218096Z: [    1.091502] pps_core: LinuxPPS API ver. 1 registered
[STDERR  ] 2018-01-16T10:55:26.48122692Z: [    1.091734] pps_core: Software ver. 5.3.6 - Copyright 2005-2007 Rodolfo Giometti <giometti@linux.it>
[STDERR  ] 2018-01-16T10:55:26.481236373Z: [    1.092283] PTP clock support registered
[STDERR  ] 2018-01-16T10:55:26.481244275Z: [    1.093267] wmi: Mapper loaded
[STDERR  ] 2018-01-16T10:55:26.481252552Z: [    1.094314] PCI: Using ACPI for IRQ routing
[STDERR  ] 2018-01-16T10:55:26.48126602Z: [    1.107336] NetLabel: Initializing
[STDERR  ] 2018-01-16T10:55:26.481275009Z: [    1.107565] NetLabel:  domain hash size = 128
[STDERR  ] 2018-01-16T10:55:26.481283874Z: [    1.107830] NetLabel:  protocols = UNLABELED CIPSOv4
[STDERR  ] 2018-01-16T10:55:26.481293376Z: [    1.109599] NetLabel:  unlabeled traffic allowed by default
[STDERR  ] 2018-01-16T10:55:26.4813059Z: [    1.110908] HPET: 3 timers in total, 0 timers will be used for per-cpu timer
[STDERR  ] 2018-01-16T10:55:26.481315006Z: [    1.111627] hpet0: at MMIO 0xfed00000, IRQs 2, 8, 0
[STDERR  ] 2018-01-16T10:55:26.481323845Z: [    1.111964] hpet0: 3 comparators, 64-bit 100.000000 MHz counter
[STDERR  ] 2018-01-16T10:55:26.481332132Z: [    1.118087] clocksource: Switched to clocksource hpet
[STDERR  ] 2018-01-16T10:55:26.481339889Z: [    1.272540] VFS: Disk quotas dquot_6.6.0
[STDERR  ] 2018-01-16T10:55:26.481348494Z: [    1.273249] VFS: Dquot-cache hash table entries: 512 (order 0, 4096 bytes)
[STDERR  ] 2018-01-16T10:55:26.481357661Z: [    1.276510] FS-Cache: Loaded
[STDERR  ] 2018-01-16T10:55:26.481366045Z: [    1.281819] CacheFiles: Loaded
[STDERR  ] 2018-01-16T10:55:26.481373964Z: [    1.283299] pnp: PnP ACPI init
[STDERR  ] 2018-01-16T10:55:26.481382254Z: [    1.291483] pnp: PnP ACPI: found 5 devices
[STDERR  ] 2018-01-16T10:55:26.481389977Z: [    1.326429] clocksource: acpi_pm: mask: 0xffffff max_cycles: 0xffffff, max_idle_ns: 2085701024 ns
[STDERR  ] 2018-01-16T10:55:26.481402835Z: [    1.329410] NET: Registered protocol family 2
[STDERR  ] 2018-01-16T10:55:26.481414832Z: [    1.337092] TCP established hash table entries: 8192 (order: 4, 65536 bytes)
[STDERR  ] 2018-01-16T10:55:26.481423839Z: [    1.337811] TCP bind hash table entries: 8192 (order: 5, 131072 bytes)
[STDERR  ] 2018-01-16T10:55:26.481432989Z: [    1.338436] TCP: Hash tables configured (established 8192 bind 8192)
[STDERR  ] 2018-01-16T10:55:26.481442349Z: [    1.340447] UDP hash table entries: 512 (order: 2, 16384 bytes)
[STDERR  ] 2018-01-16T10:55:26.481451802Z: [    1.340932] UDP-Lite hash table entries: 512 (order: 2, 16384 bytes)
[STDERR  ] 2018-01-16T10:55:26.481459875Z: [    1.343103] NET: Registered protocol family 1
[STDERR  ] 2018-01-16T10:55:26.481468169Z: [    1.344022] pci 0000:00:01.0: Video device with shadowed ROM at [mem 0x000c0000-0x000dffff]
[STDERR  ] 2018-01-16T10:55:26.481478781Z: [    1.352257] Unpacking initramfs...
[STDERR  ] 2018-01-16T10:55:26.481486813Z: [    3.856185] Freeing initrd memory: 24952K
[STDERR  ] 2018-01-16T10:55:26.481494837Z: [    3.876063] PCLMULQDQ-NI instructions are not detected.
[STDERR  ] 2018-01-16T10:55:26.481502996Z: [    3.877423] AVX or AES-NI instructions are not detected.
[STDERR  ] 2018-01-16T10:55:26.481511057Z: [    3.877882] CPU feature 'AVX registers' is not supported.
[STDERR  ] 2018-01-16T10:55:26.481521451Z: [    3.878241] CPU feature 'AVX registers' is not supported.
[STDERR  ] 2018-01-16T10:55:26.48152963Z: [    3.878573] CPU feature 'AVX registers' is not supported.
[STDERR  ] 2018-01-16T10:55:26.481537813Z: [    3.878791] CPU feature 'AVX registers' is not supported.
[STDERR  ] 2018-01-16T10:55:26.481545909Z: [    3.878966] AVX2 or AES-NI instructions are not detected.
[STDERR  ] 2018-01-16T10:55:26.481553941Z: [    3.879131] AVX2 instructions are not detected.
[STDERR  ] 2018-01-16T10:55:26.481561989Z: [    3.884707] audit: initializing netlink subsys (disabled)
[STDERR  ] 2018-01-16T10:55:26.481570227Z: [    3.886174] audit: type=2000 audit(1516100105.880:1): initialized
[STDERR  ] 2018-01-16T10:55:26.481578403Z: [    3.892811] workingset: timestamp_bits=46 max_order=18 bucket_order=0
[STDERR  ] 2018-01-16T10:55:26.481586379Z: [    3.895956] squashfs: version 4.0 (2009/01/31) Phillip Lougher
[STDERR  ] 2018-01-16T10:55:26.481594485Z: [    3.897814] FS-Cache: Netfs 'cifs' registered for caching
[STDERR  ] 2018-01-16T10:55:26.481602423Z: [    3.898569] fuse init (API version 7.26)
[STDERR  ] 2018-01-16T10:55:26.481610287Z: [    3.903735] SGI XFS with ACLs, security attributes, no debug enabled
[STDERR  ] 2018-01-16T10:55:26.481622935Z: [    3.907442] 9p: Installing v9fs 9p2000 file system support
[STDERR  ] 2018-01-16T10:55:26.481631088Z: [    3.907863] FS-Cache: Netfs '9p' registered for caching
[STDERR  ] 2018-01-16T10:55:26.481639066Z: [    3.931039] NET: Registered protocol family 38
[STDERR  ] 2018-01-16T10:55:26.481647232Z: [    3.931584] Key type asymmetric registered
[STDERR  ] 2018-01-16T10:55:26.481658944Z: [    3.931901] Asymmetric key parser 'x509' registered
[STDERR  ] 2018-01-16T10:55:26.481667301Z: [    3.932783] Block layer SCSI generic (bsg) driver version 0.4 loaded (major 251)
[STDERR  ] 2018-01-16T10:55:26.48167775Z: [    3.934238] io scheduler noop registered
[STDERR  ] 2018-01-16T10:55:26.481685667Z: [    3.934551] io scheduler deadline registered (default)
[STDERR  ] 2018-01-16T10:55:26.481693616Z: [    3.935191] io scheduler cfq registered
[STDERR  ] 2018-01-16T10:55:26.481701594Z: [    3.937463] pci_hotplug: PCI Hot Plug PCI Core version: 0.5
[STDERR  ] 2018-01-16T10:55:26.481709626Z: [    3.938031] pciehp: PCI Express Hot Plug Controller Driver version: 0.4
[STDERR  ] 2018-01-16T10:55:26.481717853Z: [    3.938735] shpchp: Standard Hot Plug PCI Controller Driver version: 0.4
[STDERR  ] 2018-01-16T10:55:26.481726481Z: [    3.939423] hv_vmbus: registering driver hyperv_fb
[STDERR  ] 2018-01-16T10:55:26.48173448Z: [    3.943030] input: Power Button as /devices/LNXSYSTM:00/LNXPWRBN:00/input/input0
[STDERR  ] 2018-01-16T10:55:26.481742375Z: [    3.944074] ACPI: Power Button [PWRF]
[STDERR  ] 2018-01-16T10:55:26.481750449Z: [    3.948570] GHES: HEST is not enabled!
[STDERR  ] 2018-01-16T10:55:26.481758284Z: [    3.955539] ACPI: PCI Interrupt Link [GSIG] enabled at IRQ 22
[STDERR  ] 2018-01-16T10:55:26.481766236Z: [    3.965921] ACPI: PCI Interrupt Link [GSIH] enabled at IRQ 23
[STDERR  ] 2018-01-16T10:55:26.481774196Z: [    3.970631] xenfs: not registering filesystem on non-xen platform
[STDERR  ] 2018-01-16T10:55:26.481782112Z: [    3.972454] Serial: 8250/16550 driver, 4 ports, IRQ sharing disabled
[STDERR  ] 2018-01-16T10:55:26.48179051Z: [    3.996052] 00:04: ttyS0 at I/O 0x3f8 (irq = 4, base_baud = 115200) is a 16550A
[STDERR  ] 2018-01-16T10:55:26.481798709Z: [    4.005907] Non-volatile memory driver v1.3
[STDERR  ] 2018-01-16T10:55:26.481813945Z: [    4.011707] Hangcheck: starting hangcheck timer 0.9.1 (tick is 180 seconds, margin is 60 seconds).
[STDERR  ] 2018-01-16T10:55:26.481822571Z: [    4.015822] random: fast init done
[STDERR  ] 2018-01-16T10:55:26.481830577Z: [    4.016991] random: crng init done
[STDERR  ] 2018-01-16T10:55:26.481838522Z: [    4.042934] loop: module loaded
[STDERR  ] 2018-01-16T10:55:26.481846645Z: [    4.053999] nbd: registered device at major 43
[STDERR  ] 2018-01-16T10:55:26.481854675Z: [    4.080958] lpc_ich 0000:00:1f.0: I/O space for GPIO uninitialized
[STDERR  ] 2018-01-16T10:55:26.481862726Z: [    4.082629] VMware PVSCSI driver - version 1.0.7.0-k
[STDERR  ] 2018-01-16T10:55:26.481873056Z: [    4.083333] hv_vmbus: registering driver hv_storvsc
[STDERR  ] 2018-01-16T10:55:26.481881091Z: [    4.089481] ACPI: PCI Interrupt Link [GSIA] enabled at IRQ 16
[STDERR  ] 2018-01-16T10:55:26.481889086Z: [    4.095463] ahci 0000:00:1f.2: AHCI 0001.0000 32 slots 6 ports 1.5 Gbps 0x3f impl SATA mode
[STDERR  ] 2018-01-16T10:55:26.481897252Z: [    4.096096] ahci 0000:00:1f.2: flags: 64bit ncq only 
[STDERR  ] 2018-01-16T10:55:26.481905187Z: [    4.110852] scsi host0: ahci
[STDERR  ] 2018-01-16T10:55:26.481913525Z: [    4.113641] scsi host1: ahci
[STDERR  ] 2018-01-16T10:55:26.481921519Z: [    4.115288] scsi host2: ahci
[STDERR  ] 2018-01-16T10:55:26.48192942Z: [    4.116855] scsi host3: ahci
[STDERR  ] 2018-01-16T10:55:26.481937532Z: [    4.118364] scsi host4: ahci
[STDERR  ] 2018-01-16T10:55:26.481945368Z: [    4.119973] scsi host5: ahci
[STDERR  ] 2018-01-16T10:55:26.48195342Z: [    4.121432] ata1: SATA max UDMA/133 abar m4096@0xfebd2000 port 0xfebd2100 irq 24
[STDERR  ] 2018-01-16T10:55:26.481961937Z: [    4.121872] ata2: SATA max UDMA/133 abar m4096@0xfebd2000 port 0xfebd2180 irq 24
[STDERR  ] 2018-01-16T10:55:26.481975782Z: [    4.122273] ata3: SATA max UDMA/133 abar m4096@0xfebd2000 port 0xfebd2200 irq 24
[STDERR  ] 2018-01-16T10:55:26.481986461Z: [    4.122611] ata4: SATA max UDMA/133 abar m4096@0xfebd2000 port 0xfebd2280 irq 24
[STDERR  ] 2018-01-16T10:55:26.481995406Z: [    4.122933] ata5: SATA max UDMA/133 abar m4096@0xfebd2000 port 0xfebd2300 irq 24
[STDERR  ] 2018-01-16T10:55:26.482006688Z: [    4.123224] ata6: SATA max UDMA/133 abar m4096@0xfebd2000 port 0xfebd2380 irq 24
[STDERR  ] 2018-01-16T10:55:26.482014917Z: [    4.133295] tun: Universal TUN/TAP device driver, 1.6
[STDERR  ] 2018-01-16T10:55:26.482022957Z: [    4.133637] tun: (C) 1999-2004 Max Krasnyansky <maxk@qualcomm.com>
[STDERR  ] 2018-01-16T10:55:26.482030863Z: [    4.143503] VMware vmxnet3 virtual NIC driver - version 1.4.a.0-k-NAPI
[STDERR  ] 2018-01-16T10:55:26.482038867Z: [    4.144265] hv_vmbus: registering driver hv_netvsc
[STDERR  ] 2018-01-16T10:55:26.482046882Z: [    4.144524] Fusion MPT base driver 3.04.20
[STDERR  ] 2018-01-16T10:55:26.482054841Z: [    4.144716] Copyright (c) 1999-2008 LSI Corporation
[STDERR  ] 2018-01-16T10:55:26.482062712Z: [    4.145244] Fusion MPT SPI Host driver 3.04.20
[STDERR  ] 2018-01-16T10:55:26.4820707Z: [    4.146894] i8042: PNP: PS/2 Controller [PNP0303:KBD,PNP0f13:MOU] at 0x60,0x64 irq 1,12
[STDERR  ] 2018-01-16T10:55:26.48207893Z: [    4.150797] serio: i8042 KBD port at 0x60,0x64 irq 1
[STDERR  ] 2018-01-16T10:55:26.482086972Z: [    4.151336] serio: i8042 AUX port at 0x60,0x64 irq 12
[STDERR  ] 2018-01-16T10:55:26.482094941Z: [    4.153641] hv_vmbus: registering driver hyperv_keyboard
[STDERR  ] 2018-01-16T10:55:26.482102918Z: [    4.155373] mousedev: PS/2 mouse device common for all mice
[STDERR  ] 2018-01-16T10:55:26.482110818Z: [    4.159431] input: AT Translated Set 2 keyboard as /devices/platform/i8042/serio0/input/input1
[STDERR  ] 2018-01-16T10:55:26.482118888Z: [    4.161414] input: PC Speaker as /devices/platform/pcspkr/input/input2
[STDERR  ] 2018-01-16T10:55:26.482126826Z: [    4.164962] rtc_cmos 00:00: RTC can wake from S4
[STDERR  ] 2018-01-16T10:55:26.482134788Z: [    4.167872] rtc_cmos 00:00: rtc core: registered rtc_cmos as rtc0
[STDERR  ] 2018-01-16T10:55:26.482144396Z: [    4.168988] rtc_cmos 00:00: alarms up to one day, y3k, 114 bytes nvram, hpet irqs
[STDERR  ] 2018-01-16T10:55:26.482152786Z: [    4.169526] i2c /dev entries driver
[STDERR  ] 2018-01-16T10:55:26.482160764Z: [    4.171479] device-mapper: ioctl: 4.35.0-ioctl (2016-06-23) initialised: dm-devel@redhat.com
[STDERR  ] 2018-01-16T10:55:26.482168773Z: [    4.175046] usbcore: registered new interface driver usbhid
[STDERR  ] 2018-01-16T10:55:26.482179198Z: [    4.175369] usbhid: USB HID core driver
[STDERR  ] 2018-01-16T10:55:26.482187176Z: [    4.175914] hv_utils: Registering HyperV Utility Driver
[STDERR  ] 2018-01-16T10:55:26.482195068Z: [    4.176149] hv_vmbus: registering driver hv_util
[STDERR  ] 2018-01-16T10:55:26.482203002Z: [    4.176312] hv_vmbus: registering driver hv_balloon
[STDERR  ] 2018-01-16T10:55:26.48221129Z: [    4.176769] oprofile: using NMI interrupt.
[STDERR  ] 2018-01-16T10:55:26.482220942Z: [    4.177782] GACT probability on
[STDERR  ] 2018-01-16T10:55:26.482228937Z: [    4.178223] Mirror/redirect action on
[STDERR  ] 2018-01-16T10:55:26.482237216Z: [    4.179002] Simple TC action Loaded
[STDERR  ] 2018-01-16T10:55:26.482245062Z: [    4.179542] u32 classifier
[STDERR  ] 2018-01-16T10:55:26.48225306Z: [    4.179690]     Performance counters on
[STDERR  ] 2018-01-16T10:55:26.482260968Z: [    4.179874]     input device check on
[STDERR  ] 2018-01-16T10:55:26.482268799Z: [    4.180070]     Actions configured
[STDERR  ] 2018-01-16T10:55:26.482276654Z: [    4.181032] Netfilter messages via NETLINK v0.30.
[STDERR  ] 2018-01-16T10:55:26.482284529Z: [    4.181521] nfnl_acct: registering with nfnetlink.
[STDERR  ] 2018-01-16T10:55:26.482292422Z: [    4.182832] nf_conntrack version 0.5.0 (8192 buckets, 32768 max)
[STDERR  ] 2018-01-16T10:55:26.482300586Z: [    4.185863] ctnetlink v0.93: registering with nfnetlink.
[STDERR  ] 2018-01-16T10:55:26.482312337Z: [    4.188740] nf_tables: (c) 2007-2009 Patrick McHardy <kaber@trash.net>
[STDERR  ] 2018-01-16T10:55:26.482320658Z: [    4.189478] nf_tables_compat: (c) 2012 Pablo Neira Ayuso <pablo@netfilter.org>
[STDERR  ] 2018-01-16T10:55:26.482328698Z: [    4.191798] xt_time: kernel timezone is -0000
[STDERR  ] 2018-01-16T10:55:26.482341039Z: [    4.192274] ip_set: protocol 6
[STDERR  ] 2018-01-16T10:55:26.48234919Z: [    4.192882] IPVS: Registered protocols (TCP, UDP, SCTP, AH, ESP)
[STDERR  ] 2018-01-16T10:55:26.482359686Z: [    4.193392] IPVS: Connection hash table configured (size=4096, memory=64Kbytes)
[STDERR  ] 2018-01-16T10:55:26.482367837Z: [    4.194921] IPVS: Creating netns size=2104 id=0
[STDERR  ] 2018-01-16T10:55:26.482375797Z: [    4.197718] IPVS: ipvs loaded.
[STDERR  ] 2018-01-16T10:55:26.482383991Z: [    4.198078] IPVS: [rr] scheduler registered.
[STDERR  ] 2018-01-16T10:55:26.482391958Z: [    4.198346] IPVS: [wrr] scheduler registered.
[STDERR  ] 2018-01-16T10:55:26.482400158Z: [    4.198541] IPVS: [lc] scheduler registered.
[STDERR  ] 2018-01-16T10:55:26.482408248Z: [    4.198778] IPVS: [wlc] scheduler registered.
[STDERR  ] 2018-01-16T10:55:26.482416155Z: [    4.198989] IPVS: [fo] scheduler registered.
[STDERR  ] 2018-01-16T10:55:26.482424066Z: [    4.199216] IPVS: [ovf] scheduler registered.
[STDERR  ] 2018-01-16T10:55:26.482441884Z: [    4.199585] IPVS: [lblc] scheduler registered.
[STDERR  ] 2018-01-16T10:55:26.482450412Z: [    4.199952] IPVS: [lblcr] scheduler registered.
[STDERR  ] 2018-01-16T10:55:26.482458317Z: [    4.200759] IPVS: [dh] scheduler registered.
[STDERR  ] 2018-01-16T10:55:26.482468124Z: [    4.200984] IPVS: [sh] scheduler registered.
[STDERR  ] 2018-01-16T10:55:26.482476078Z: [    4.201175] IPVS: [sed] scheduler registered.
[STDERR  ] 2018-01-16T10:55:26.482483919Z: [    4.201381] IPVS: [nq] scheduler registered.
[STDERR  ] 2018-01-16T10:55:26.482491943Z: [    4.202048] IPVS: ftp: loaded support on port[0] = 21
[STDERR  ] 2018-01-16T10:55:26.482499906Z: [    4.202701] ipip: IPv4 and MPLS over IPv4 tunneling driver
[STDERR  ] 2018-01-16T10:55:26.482507843Z: [    4.206025] gre: GRE over IPv4 demultiplexor driver
[STDERR  ] 2018-01-16T10:55:26.482516021Z: [    4.208697] ip_tables: (C) 2000-2006 Netfilter Core Team
[STDERR  ] 2018-01-16T10:55:26.482523987Z: [    4.212090] ipt_CLUSTERIP: ClusterIP Version 0.8 loaded successfully
[STDERR  ] 2018-01-16T10:55:26.482532054Z: [    4.212778] arp_tables: arp_tables: (C) 2002 David S. Miller
[STDERR  ] 2018-01-16T10:55:26.482540396Z: [    4.215738] NET: Registered protocol family 10
[STDERR  ] 2018-01-16T10:55:26.48254848Z: [    4.224863] ip6_tables: (C) 2000-2006 Netfilter Core Team
[STDERR  ] 2018-01-16T10:55:26.482556738Z: [    4.232410] NET: Registered protocol family 17
[STDERR  ] 2018-01-16T10:55:26.482564739Z: [    4.233441] Bridge firewalling registered
[STDERR  ] 2018-01-16T10:55:26.482572946Z: [    4.233988] Ebtables v2.0 registered
[STDERR  ] 2018-01-16T10:55:26.482583636Z: [    4.235780] 8021q: 802.1Q VLAN Support v1.8
[STDERR  ] 2018-01-16T10:55:26.482592074Z: [    4.237097] 9pnet: Installing 9P2000 support
[STDERR  ] 2018-01-16T10:55:26.482599991Z: [    4.238482] Key type dns_resolver registered
[STDERR  ] 2018-01-16T10:55:26.48260795Z: [    4.239338] microcode: AMD CPU family 0x6 not supported
[STDERR  ] 2018-01-16T10:55:26.482616196Z: [    4.242489] registered taskstats version 1
[STDERR  ] 2018-01-16T10:55:26.482624128Z: [    4.395559] Key type big_key registered
[STDERR  ] 2018-01-16T10:55:26.482632058Z: [    4.453709] ata1: SATA link down (SStatus 0 SControl 300)
[STDERR  ] 2018-01-16T10:55:26.482640149Z: [    4.462230] ata3: SATA link up 1.5 Gbps (SStatus 113 SControl 300)
[STDERR  ] 2018-01-16T10:55:26.482648225Z: [    4.465600] ata3.00: ATAPI: QEMU DVD-ROM, 2.5+, max UDMA/100
[STDERR  ] 2018-01-16T10:55:26.482656333Z: [    4.466012] ata3.00: applying bridge limits
[STDERR  ] 2018-01-16T10:55:26.482664201Z: [    4.467398] ata2: SATA link down (SStatus 0 SControl 300)
[STDERR  ] 2018-01-16T10:55:26.482676078Z: [    4.471179] ata3.00: configured for UDMA/100
[STDERR  ] 2018-01-16T10:55:26.482684041Z: [    4.472935] ata6: SATA link down (SStatus 0 SControl 300)
[STDERR  ] 2018-01-16T10:55:26.482692178Z: [    4.475407] ata4: SATA link down (SStatus 0 SControl 300)
[STDERR  ] 2018-01-16T10:55:26.482701011Z: [    4.475832] ata5: SATA link down (SStatus 0 SControl 300)
[STDERR  ] 2018-01-16T10:55:26.482712348Z: [    4.489642] scsi 2:0:0:0: CD-ROM            QEMU     QEMU DVD-ROM     2.5+ PQ: 0 ANSI: 5
[STDERR  ] 2018-01-16T10:55:26.482720677Z: [    4.523568] sr 2:0:0:0: [sr0] scsi3-mmc drive: 4x/4x cd/rw xa/form2 tray
[STDERR  ] 2018-01-16T10:55:26.482729018Z: [    4.524224] cdrom: Uniform CD-ROM driver Revision: 3.20
[STDERR  ] 2018-01-16T10:55:26.482737092Z: [    4.530823] sr 2:0:0:0: Attached scsi generic sg0 type 5
[STDERR  ] 2018-01-16T10:55:26.482745071Z: [    4.549051] Key type encrypted registered
[STDERR  ] 2018-01-16T10:55:26.482753051Z: [    4.554349] rtc_cmos 00:00: setting system clock to 2018-01-16 10:55:07 UTC (1516100107)
[STDERR  ] 2018-01-16T10:55:26.482761179Z: [    4.683220] Freeing unused kernel memory: 1396K
[STDERR  ] 2018-01-16T10:55:26.482771492Z: [    4.683546] Write protecting the kernel read-only data: 12288k
[STDERR  ] 2018-01-16T10:55:26.482779711Z: [    4.688610] Freeing unused kernel memory: 124K
[STDERR  ] 2018-01-16T10:55:26.482787718Z: [    4.770410] Freeing unused kernel memory: 1396K
[STDERR  ] 2018-01-16T10:55:26.482795603Z: [    4.880682] tsc: Refined TSC clocksource calibration: 2599.880 MHz
[STDERR  ] 2018-01-16T10:55:26.482808849Z: [    4.881155] clocksource: tsc: mask: 0xffffffffffffffff max_cycles: 0x2579cab2ac6, max_idle_ns: 440795206274 ns
[STDERR  ] 2018-01-16T10:55:26.482817383Z: [    5.897591] clocksource: Switched to clocksource tsc
[STDERR  ] 2018-01-16T10:55:26.482825267Z: 
[STDERR  ] 2018-01-16T10:55:26.482833728Z: Welcome to LinuxKit
[STDERR  ] 2018-01-16T10:55:26.482842075Z: 
[STDERR  ] 2018-01-16T10:55:26.482850159Z:                         ##         .
[STDERR  ] 2018-01-16T10:55:26.482858123Z:                   ## ## ##        ==
[STDERR  ] 2018-01-16T10:55:26.482866289Z:                ## ## ## ## ##    ===
[STDERR  ] 2018-01-16T10:55:26.482874675Z:            /"""""""""""""""""\___/ ===
[STDERR  ] 2018-01-16T10:55:26.482882817Z:           {                       /  ===-
[STDERR  ] 2018-01-16T10:55:26.482890953Z:            \______ O           __/
[STDERR  ] 2018-01-16T10:55:26.482899191Z:              \    \         __/
[STDERR  ] 2018-01-16T10:55:26.482907222Z:               \____\_______/
[STDERR  ] 2018-01-16T10:55:26.482915205Z: 
[STDERR  ] 2018-01-16T10:55:26.482923169Z: sysctl test suite PASSED
[STDERR  ] 2018-01-16T10:55:26.48293137Z: [   22.419249] ACPI: Preparing to enter system sleep state S5
[STDERR  ] 2018-01-16T10:55:26.482939372Z: [   22.421021] reboot: Power down
[STDERR  ] 2018-01-16T10:55:26.482947763Z: + echo [    0.000000] Linux version 4.9.76-linuxkit (root@0fd4445ddb08) (gcc version 6.4.0 (Alpine 6.4.0) ) #1 SMP Mon Jan 15 16:57:48 UTC 2018
[STDERR  ] 2018-01-16T10:55:26.482956635Z: [    0.000000] Command line: console=ttyS0 console=ttyAMA0
[STDERR  ] 2018-01-16T10:55:26.482967333Z: [    0.000000] x86/fpu: Legacy x87 FPU detected.
[STDERR  ] 2018-01-16T10:55:26.482978144Z: [    0.000000] x86/fpu: Using 'eager' FPU context switches.
[STDERR  ] 2018-01-16T10:55:26.482986364Z: [    0.000000] e820: BIOS-provided physical RAM map:
[STDERR  ] 2018-01-16T10:55:26.482994309Z: [    0.000000] BIOS-e820: [mem 0x0000000000000000-0x000000000009fbff] usable
[STDERR  ] 2018-01-16T10:55:26.48300339Z: [    0.000000] BIOS-e820: [mem 0x000000000009fc00-0x000000000009ffff] reserved
[STDERR  ] 2018-01-16T10:55:26.483011619Z: [    0.000000] BIOS-e820: [mem 0x00000000000f0000-0x00000000000fffff] reserved
[STDERR  ] 2018-01-16T10:55:26.483021349Z: [    0.000000] BIOS-e820: [mem 0x0000000000100000-0x000000003ffdefff] usable
[STDERR  ] 2018-01-16T10:55:26.483029484Z: [    0.000000] BIOS-e820: [mem 0x000000003ffdf000-0x000000003fffffff] reserved
[STDERR  ] 2018-01-16T10:55:26.483041464Z: [    0.000000] BIOS-e820: [mem 0x00000000b0000000-0x00000000bfffffff] reserved
[STDERR  ] 2018-01-16T10:55:26.483049614Z: [    0.000000] BIOS-e820: [mem 0x00000000fed1c000-0x00000000fed1ffff] reserved
[STDERR  ] 2018-01-16T10:55:26.483057782Z: [    0.000000] BIOS-e820: [mem 0x00000000fffc0000-0x00000000ffffffff] reserved
[STDERR  ] 2018-01-16T10:55:26.483069629Z: [    0.000000] NX (Execute Disable) protection: active
[STDERR  ] 2018-01-16T10:55:26.483077727Z: [    0.000000] SMBIOS 2.8 present.
[STDERR  ] 2018-01-16T10:55:26.483085915Z: [    0.000000] Kernel/User page tables isolation: disabled
[STDERR  ] 2018-01-16T10:55:26.483093957Z: [    0.000000] e820: last_pfn = 0x3ffdf max_arch_pfn = 0x400000000
[STDERR  ] 2018-01-16T10:55:26.48310189Z: [    0.000000] x86/PAT: Configuration [0-7]: WB  WC  UC- UC  WB  WC  UC- WT  
[STDERR  ] 2018-01-16T10:55:26.483109958Z: [    0.000000] found SMP MP-table at [mem 0x000f6aa0-0x000f6aaf] mapped at [ffff8e81800f6aa0]
[STDERR  ] 2018-01-16T10:55:26.483118281Z: [    0.000000] RAMDISK: [mem 0x3e772000-0x3ffcffff]
[STDERR  ] 2018-01-16T10:55:26.483126351Z: [    0.000000] ACPI: Early table checksum verification disabled
[STDERR  ] 2018-01-16T10:55:26.48313436Z: [    0.000000] ACPI: RSDP 0x00000000000F68B0 000014 (v00 BOCHS )
[STDERR  ] 2018-01-16T10:55:26.483142444Z: [    0.000000] ACPI: RSDT 0x000000003FFE20A8 000034 (v01 BOCHS  BXPCRSDT 00000001 BXPC 00000001)
[STDERR  ] 2018-01-16T10:55:26.483150515Z: [    0.000000] ACPI: FACP 0x000000003FFE1EC8 0000F4 (v03 BOCHS  BXPCFACP 00000001 BXPC 00000001)
[STDERR  ] 2018-01-16T10:55:26.483158494Z: [    0.000000] ACPI: DSDT 0x000000003FFE0040 001E88 (v01 BOCHS  BXPCDSDT 00000001 BXPC 00000001)
[STDERR  ] 2018-01-16T10:55:26.483169123Z: [    0.000000] ACPI: FACS 0x000000003FFE0000 000040
[STDERR  ] 2018-01-16T10:55:26.483177247Z: [    0.000000] ACPI: APIC 0x000000003FFE1FBC 000078 (v01 BOCHS  BXPCAPIC 00000001 BXPC 00000001)
[STDERR  ] 2018-01-16T10:55:26.483185252Z: [    0.000000] ACPI: HPET 0x000000003FFE2034 000038 (v01 BOCHS  BXPCHPET 00000001 BXPC 00000001)
[STDERR  ] 2018-01-16T10:55:26.483193187Z: [    0.000000] ACPI: MCFG 0x000000003FFE206C 00003C (v01 BOCHS  BXPCMCFG 00000001 BXPC 00000001)
[STDERR  ] 2018-01-16T10:55:26.483203905Z: [    0.000000] Zone ranges:
[STDERR  ] 2018-01-16T10:55:26.48321192Z: [    0.000000]   DMA      [mem 0x0000000000001000-0x0000000000ffffff]
[STDERR  ] 2018-01-16T10:55:26.483219955Z: [    0.000000]   DMA32    [mem 0x0000000001000000-0x000000003ffdefff]
[STDERR  ] 2018-01-16T10:55:26.483227872Z: [    0.000000]   Normal   empty
[STDERR  ] 2018-01-16T10:55:26.48323583Z: [    0.000000] Movable zone start for each node
[STDERR  ] 2018-01-16T10:55:26.48324514Z: [    0.000000] Early memory node ranges
[STDERR  ] 2018-01-16T10:55:26.483253198Z: [    0.000000]   node   0: [mem 0x0000000000001000-0x000000000009efff]
[STDERR  ] 2018-01-16T10:55:26.483261122Z: [    0.000000]   node   0: [mem 0x0000000000100000-0x000000003ffdefff]
[STDERR  ] 2018-01-16T10:55:26.483269118Z: [    0.000000] Initmem setup node 0 [mem 0x0000000000001000-0x000000003ffdefff]
[STDERR  ] 2018-01-16T10:55:26.483277034Z: [    0.000000] ACPI: PM-Timer IO Port: 0x608
[STDERR  ] 2018-01-16T10:55:26.4832851Z: [    0.000000] ACPI: LAPIC_NMI (acpi_id[0xff] dfl dfl lint[0x1])
[STDERR  ] 2018-01-16T10:55:26.483293144Z: [    0.000000] IOAPIC[0]: apic_id 0, version 32, address 0xfec00000, GSI 0-23
[STDERR  ] 2018-01-16T10:55:26.483301035Z: [    0.000000] ACPI: INT_SRC_OVR (bus 0 bus_irq 0 global_irq 2 dfl dfl)
[STDERR  ] 2018-01-16T10:55:26.483309171Z: [    0.000000] ACPI: INT_SRC_OVR (bus 0 bus_irq 5 global_irq 5 high level)
[STDERR  ] 2018-01-16T10:55:26.483320174Z: [    0.000000] ACPI: INT_SRC_OVR (bus 0 bus_irq 9 global_irq 9 high level)
[STDERR  ] 2018-01-16T10:55:26.483328187Z: [    0.000000] ACPI: INT_SRC_OVR (bus 0 bus_irq 10 global_irq 10 high level)
[STDERR  ] 2018-01-16T10:55:26.483336088Z: [    0.000000] ACPI: INT_SRC_OVR (bus 0 bus_irq 11 global_irq 11 high level)
[STDERR  ] 2018-01-16T10:55:26.483347676Z: [    0.000000] Using ACPI (MADT) for SMP configuration information
[STDERR  ] 2018-01-16T10:55:26.483355649Z: [    0.000000] ACPI: HPET id: 0x8086a201 base: 0xfed00000
[STDERR  ] 2018-01-16T10:55:26.483364041Z: [    0.000000] smpboot: Allowing 1 CPUs, 0 hotplug CPUs
[STDERR  ] 2018-01-16T10:55:26.483372669Z: [    0.000000] e820: [mem 0x40000000-0xafffffff] available for PCI devices
[STDERR  ] 2018-01-16T10:55:26.483384666Z: [    0.000000] Booting paravirtualized kernel on bare hardware
[STDERR  ] 2018-01-16T10:55:26.4833937Z: [    0.000000] clocksource: refined-jiffies: mask: 0xffffffff max_cycles: 0xffffffff, max_idle_ns: 19112604462750000 ns
[STDERR  ] 2018-01-16T10:55:26.48340295Z: [    0.000000] setup_percpu: NR_CPUS:128 nr_cpumask_bits:128 nr_cpu_ids:1 nr_node_ids:1
[STDERR  ] 2018-01-16T10:55:26.483411857Z: [    0.000000] percpu: Embedded 36 pages/cpu @ffff8e81be400000 s106904 r8192 d32360 u2097152
[STDERR  ] 2018-01-16T10:55:26.483420158Z: [    0.000000] Built 1 zonelists in Zone order, mobility grouping on.  Total pages: 257896
[STDERR  ] 2018-01-16T10:55:26.483427948Z: [    0.000000] Kernel command line: console=ttyS0 console=ttyAMA0
[STDERR  ] 2018-01-16T10:55:26.483435482Z: [    0.000000] PID hash table entries: 4096 (order: 3, 32768 bytes)
[STDERR  ] 2018-01-16T10:55:26.483443545Z: [    0.000000] Dentry cache hash table entries: 131072 (order: 8, 1048576 bytes)
[STDERR  ] 2018-01-16T10:55:26.483451821Z: [    0.000000] Inode-cache hash table entries: 65536 (order: 7, 524288 bytes)
[STDERR  ] 2018-01-16T10:55:26.483461047Z: [    0.000000] Memory: 989180K/1048052K available (8053K kernel code, 1391K rwdata, 2700K rodata, 1396K init, 564K bss, 58872K reserved, 0K cma-reserved)
[STDERR  ] 2018-01-16T10:55:26.483470874Z: [    0.000000] Hierarchical RCU implementation.
[STDERR  ] 2018-01-16T10:55:26.483479444Z: [    0.000000] 	Build-time adjustment of leaf fanout to 64.
[STDERR  ] 2018-01-16T10:55:26.483487911Z: [    0.000000] 	RCU restricting CPUs from NR_CPUS=128 to nr_cpu_ids=1.
[STDERR  ] 2018-01-16T10:55:26.483497787Z: [    0.000000] RCU: Adjusting geometry for rcu_fanout_leaf=64, nr_cpu_ids=1
[STDERR  ] 2018-01-16T10:55:26.483506556Z: [    0.000000] NR_IRQS:8448 nr_irqs:256 16
[STDERR  ] 2018-01-16T10:55:26.483514491Z: [    0.000000] Console: colour VGA+ 80x25
[STDERR  ] 2018-01-16T10:55:26.483520556Z: [    0.000000] console [ttyS0] enabled
[STDERR  ] 2018-01-16T10:55:26.483526206Z: [    0.000000] clocksource: hpet: mask: 0xffffffff max_cycles: 0xffffffff, max_idle_ns: 19112604467 ns
[STDERR  ] 2018-01-16T10:55:26.4835325Z: [    0.000000] tsc: Fast TSC calibration using PIT
[STDERR  ] 2018-01-16T10:55:26.483538207Z: [    0.000000] tsc: Detected 2599.879 MHz processor
[STDERR  ] 2018-01-16T10:55:26.483544234Z: [    0.021465] Calibrating delay loop (skipped), value calculated using timer frequency.. 5199.75 BogoMIPS (lpj=25998790)
[STDERR  ] 2018-01-16T10:55:26.483553349Z: [    0.022449] pid_max: default: 32768 minimum: 301
[STDERR  ] 2018-01-16T10:55:26.483562494Z: [    0.023312] ACPI: Core revision 20160831
[STDERR  ] 2018-01-16T10:55:26.483571146Z: [    0.050350] ACPI: 1 ACPI AML tables successfully acquired and loaded
[STDERR  ] 2018-01-16T10:55:26.48358005Z: [    0.054542] Security Framework initialized
[STDERR  ] 2018-01-16T10:55:26.483588635Z: [    0.054952] Yama: becoming mindful.
[STDERR  ] 2018-01-16T10:55:26.483597583Z: [    0.056932] Mount-cache hash table entries: 2048 (order: 2, 16384 bytes)
[STDERR  ] 2018-01-16T10:55:26.483606706Z: [    0.057418] Mountpoint-cache hash table entries: 2048 (order: 2, 16384 bytes)
[STDERR  ] 2018-01-16T10:55:26.483612924Z: [    0.075434] Last level iTLB entries: 4KB 0, 2MB 0, 4MB 0
[STDERR  ] 2018-01-16T10:55:26.483618737Z: [    0.075906] Last level dTLB entries: 4KB 0, 2MB 0, 4MB 0, 1GB 0
[STDERR  ] 2018-01-16T10:55:26.483624572Z: [    0.394126] Freeing SMP alternatives memory: 20K
[STDERR  ] 2018-01-16T10:55:26.483630216Z: [    0.403512] ftrace: allocating 35552 entries in 139 pages
[STDERR  ] 2018-01-16T10:55:26.483641238Z: [    0.464554] smpboot: Max logical packages: 1
[STDERR  ] 2018-01-16T10:55:26.483665023Z: [    0.472437] ..TIMER: vector=0x30 apic1=0 pin1=2 apic2=-1 pin2=-1
[STDERR  ] 2018-01-16T10:55:26.483674326Z: [    0.580000] smpboot: CPU0: AMD QEMU Virtual CPU version 2.5+ (family: 0x6, model: 0x6, stepping: 0x3)
[STDERR  ] 2018-01-16T10:55:26.48368304Z: [    0.580000] Performance Events: PMU not available due to virtualization, using software events only.
[STDERR  ] 2018-01-16T10:55:26.483695477Z: [    0.586748] NMI watchdog: disabled (cpu0): hardware events not enabled
[STDERR  ] 2018-01-16T10:55:26.48370433Z: [    0.586937] NMI watchdog: Shutting down hard lockup detector on all cpus
[STDERR  ] 2018-01-16T10:55:26.483713408Z: [    0.590337] x86: Booted up 1 node, 1 CPUs
[STDERR  ] 2018-01-16T10:55:26.483722228Z: [    0.590706] smpboot: Total of 1 processors activated (5199.75 BogoMIPS)
[STDERR  ] 2018-01-16T10:55:26.483731711Z: [    0.605180] devtmpfs: initialized
[STDERR  ] 2018-01-16T10:55:26.483740715Z: [    0.610920] x86/mm: Memory block size: 128MB
[STDERR  ] 2018-01-16T10:55:26.483749451Z: [    0.640996] clocksource: jiffies: mask: 0xffffffff max_cycles: 0xffffffff, max_idle_ns: 19112604462750000 ns
[STDERR  ] 2018-01-16T10:55:26.483760215Z: [    0.641488] futex hash table entries: 256 (order: 2, 16384 bytes)
[STDERR  ] 2018-01-16T10:55:26.483768666Z: [    0.650134] NET: Registered protocol family 16
[STDERR  ] 2018-01-16T10:55:26.483776969Z: [    0.657734] cpuidle: using governor ladder
[STDERR  ] 2018-01-16T10:55:26.483785675Z: [    0.658165] cpuidle: using governor menu
[STDERR  ] 2018-01-16T10:55:26.483793928Z: [    0.659413] ACPI: bus type PCI registered
[STDERR  ] 2018-01-16T10:55:26.483809205Z: [    0.663499] PCI: MMCONFIG for domain 0000 [bus 00-ff] at [mem 0xb0000000-0xbfffffff] (base 0xb0000000)
[STDERR  ] 2018-01-16T10:55:26.483818029Z: [    0.664130] PCI: MMCONFIG at [mem 0xb0000000-0xbfffffff] reserved in E820
[STDERR  ] 2018-01-16T10:55:26.483827184Z: [    0.664946] PCI: Using configuration type 1 for base access
[STDERR  ] 2018-01-16T10:55:26.483835567Z: [    0.698736] HugeTLB registered 2 MB page size, pre-allocated 0 pages
[STDERR  ] 2018-01-16T10:55:26.483844044Z: [    0.708796] ACPI: Added _OSI(Module Device)
[STDERR  ] 2018-01-16T10:55:26.483852328Z: [    0.709073] ACPI: Added _OSI(Processor Device)
[STDERR  ] 2018-01-16T10:55:26.483860971Z: [    0.709287] ACPI: Added _OSI(3.0 _SCP Extensions)
[STDERR  ] 2018-01-16T10:55:26.483869339Z: [    0.709439] ACPI: Added _OSI(Processor Aggregator Device)
[STDERR  ] 2018-01-16T10:55:26.483877758Z: [    0.756116] ACPI: Interpreter enabled
[STDERR  ] 2018-01-16T10:55:26.483888906Z: [    0.756905] ACPI: (supports S0 S5)
[STDERR  ] 2018-01-16T10:55:26.48389765Z: [    0.757156] ACPI: Using IOAPIC for interrupt routing
[STDERR  ] 2018-01-16T10:55:26.483906344Z: [    0.759470] PCI: Using host bridge windows from ACPI; if necessary, use "pci=nocrs" and report a bug
[STDERR  ] 2018-01-16T10:55:26.483914873Z: [    0.798941] ACPI: PCI Root Bridge [PCI0] (domain 0000 [bus 00-ff])
[STDERR  ] 2018-01-16T10:55:26.483923261Z: [    0.800248] acpi PNP0A08:00: _OSC: OS supports [ExtendedConfig ASPM ClockPM Segments MSI]
[STDERR  ] 2018-01-16T10:55:26.483932233Z: [    0.805209] acpi PNP0A08:00: _OSC: OS now controls [PCIeHotplug PME PCIeCapability]
[STDERR  ] 2018-01-16T10:55:26.483940662Z: [    0.808529] PCI host bridge to bus 0000:00
[STDERR  ] 2018-01-16T10:55:26.483949044Z: [    0.808935] pci_bus 0000:00: root bus resource [io  0x0000-0x0cf7 window]
[STDERR  ] 2018-01-16T10:55:26.483957425Z: [    0.809282] pci_bus 0000:00: root bus resource [io  0x0d00-0xffff window]
[STDERR  ] 2018-01-16T10:55:26.483965847Z: [    0.809558] pci_bus 0000:00: root bus resource [mem 0x000a0000-0x000bffff window]
[STDERR  ] 2018-01-16T10:55:26.483974295Z: [    0.809934] pci_bus 0000:00: root bus resource [mem 0xc0000000-0xfebfffff window]
[STDERR  ] 2018-01-16T10:55:26.483983453Z: [    0.810616] pci_bus 0000:00: root bus resource [bus 00-ff]
[STDERR  ] 2018-01-16T10:55:26.483991717Z: [    0.972013] pci 0000:00:1f.0: quirk: [io  0x0600-0x067f] claimed by ICH6 ACPI/GPIO/TCO
[STDERR  ] 2018-01-16T10:55:26.484004359Z: [    1.064712] ACPI: PCI Interrupt Link [LNKA] (IRQs 5 *10 11)
[STDERR  ] 2018-01-16T10:55:26.48401287Z: [    1.066537] ACPI: PCI Interrupt Link [LNKB] (IRQs 5 *10 11)
[STDERR  ] 2018-01-16T10:55:26.484021265Z: [    1.068110] ACPI: PCI Interrupt Link [LNKC] (IRQs 5 10 *11)
[STDERR  ] 2018-01-16T10:55:26.48403498Z: [    1.070177] ACPI: PCI Interrupt Link [LNKD] (IRQs 5 10 *11)
[STDERR  ] 2018-01-16T10:55:26.484043546Z: [    1.071754] ACPI: PCI Interrupt Link [LNKE] (IRQs 5 *10 11)
[STDERR  ] 2018-01-16T10:55:26.484052239Z: [    1.073272] ACPI: PCI Interrupt Link [LNKF] (IRQs 5 *10 11)
[STDERR  ] 2018-01-16T10:55:26.484060955Z: [    1.074428] ACPI: PCI Interrupt Link [LNKG] (IRQs 5 10 *11)
[STDERR  ] 2018-01-16T10:55:26.484069721Z: [    1.075606] ACPI: PCI Interrupt Link [LNKH] (IRQs 5 10 *11)
[STDERR  ] 2018-01-16T10:55:26.484078226Z: [    1.076266] ACPI: PCI Interrupt Link [GSIA] (IRQs *16)
[STDERR  ] 2018-01-16T10:55:26.484086776Z: [    1.076762] ACPI: PCI Interrupt Link [GSIB] (IRQs *17)
[STDERR  ] 2018-01-16T10:55:26.484095265Z: [    1.077240] ACPI: PCI Interrupt Link [GSIC] (IRQs *18)
[STDERR  ] 2018-01-16T10:55:26.484115429Z: [    1.077734] ACPI: PCI Interrupt Link [GSID] (IRQs *19)
[STDERR  ] 2018-01-16T10:55:26.484126277Z: [    1.078224] ACPI: PCI Interrupt Link [GSIE] (IRQs *20)
[STDERR  ] 2018-01-16T10:55:26.484134551Z: [    1.078685] ACPI: PCI Interrupt Link [GSIF] (IRQs *21)
[STDERR  ] 2018-01-16T10:55:26.484142821Z: [    1.079139] ACPI: PCI Interrupt Link [GSIG] (IRQs *22)
[STDERR  ] 2018-01-16T10:55:26.484150857Z: [    1.080249] ACPI: PCI Interrupt Link [GSIH] (IRQs *23)
[STDERR  ] 2018-01-16T10:55:26.484159301Z: [    1.083247] ACPI: Enabled 1 GPEs in block 00 to 3F
[STDERR  ] 2018-01-16T10:55:26.484167627Z: [    1.086205] SCSI subsystem initialized
[STDERR  ] 2018-01-16T10:55:26.484176069Z: [    1.087939] ACPI: bus type USB registered
[STDERR  ] 2018-01-16T10:55:26.484184161Z: [    1.088878] usbcore: registered new interface driver usbfs
[STDERR  ] 2018-01-16T10:55:26.484193483Z: [    1.089666] usbcore: registered new interface driver hub
[STDERR  ] 2018-01-16T10:55:26.484202525Z: [    1.090490] usbcore: registered new device driver usb
[STDERR  ] 2018-01-16T10:55:26.484211709Z: [    1.091502] pps_core: LinuxPPS API ver. 1 registered
[STDERR  ] 2018-01-16T10:55:26.48422055Z: [    1.091734] pps_core: Software ver. 5.3.6 - Copyright 2005-2007 Rodolfo Giometti <giometti@linux.it>
[STDERR  ] 2018-01-16T10:55:26.484228775Z: [    1.092283] PTP clock support registered
[STDERR  ] 2018-01-16T10:55:26.484249852Z: [    1.093267] wmi: Mapper loaded
[STDERR  ] 2018-01-16T10:55:26.484258604Z: [    1.094314] PCI: Using ACPI for IRQ routing
[STDERR  ] 2018-01-16T10:55:26.48426666Z: [    1.107336] NetLabel: Initializing
[STDERR  ] 2018-01-16T10:55:26.484275453Z: [    1.107565] NetLabel:  domain hash size = 128
[STDERR  ] 2018-01-16T10:55:26.484283944Z: [    1.107830] NetLabel:  protocols = UNLABELED CIPSOv4
[STDERR  ] 2018-01-16T10:55:26.484292219Z: [    1.109599] NetLabel:  unlabeled traffic allowed by default
[STDERR  ] 2018-01-16T10:55:26.484333307Z: [    1.110908] HPET: 3 timers in total, 0 timers will be used for per-cpu timer
[STDERR  ] 2018-01-16T10:55:26.484342235Z: [    1.111627] hpet0: at MMIO 0xfed00000, IRQs 2, 8, 0
[STDERR  ] 2018-01-16T10:55:26.484350521Z: [    1.111964] hpet0: 3 comparators, 64-bit 100.000000 MHz counter
[STDERR  ] 2018-01-16T10:55:26.484358545Z: [    1.118087] clocksource: Switched to clocksource hpet
[STDERR  ] 2018-01-16T10:55:26.484368255Z: [    1.272540] VFS: Disk quotas dquot_6.6.0
[STDOUT  ] 2018-01-16T10:55:26.480631145Z: [    1.076762] ACPI: PCI Interrupt Link [GSIB] (IRQs *17)
[STDOUT  ] 2018-01-16T10:55:26.484393399Z: [    1.077240] ACPI: PCI Interrupt Link [GSIC] (IRQs *18)
[STDOUT  ] 2018-01-16T10:55:26.484402779Z: [    1.077734] ACPI: PCI Interrupt Link [GSID] (IRQs *19)
[STDOUT  ] 2018-01-16T10:55:26.484417483Z: [    1.078224] ACPI: PCI Interrupt Link [GSIE] (IRQs *20)
[STDOUT  ] 2018-01-16T10:55:26.484426283Z: [    1.078685] ACPI: PCI Interrupt Link [GSIF] (IRQs *21)
[STDOUT  ] 2018-01-16T10:55:26.484434762Z: [    1.079139] ACPI: PCI Interrupt Link [GSIG] (IRQs *22)
[STDOUT  ] 2018-01-16T10:55:26.484443108Z: [    1.080249] ACPI: PCI Interrupt Link [GSIH] (IRQs *23)
[STDOUT  ] 2018-01-16T10:55:26.484452028Z: [    1.083247] ACPI: Enabled 1 GPEs in block 00 to 3F
[STDOUT  ] 2018-01-16T10:55:26.484464575Z: [    1.086205] SCSI subsystem initialized
[STDOUT  ] 2018-01-16T10:55:26.484473489Z: [    1.087939] ACPI: bus type USB registered
[STDOUT  ] 2018-01-16T10:55:26.484482114Z: [    1.088878] usbcore: registered new interface driver usbfs
[STDOUT  ] 2018-01-16T10:55:26.484490583Z: [    1.089666] usbcore: registered new interface driver hub
[STDOUT  ] 2018-01-16T10:55:26.484499146Z: [    1.090490] usbcore: registered new device driver usb
[STDOUT  ] 2018-01-16T10:55:26.484507572Z: [    1.091502] pps_core: LinuxPPS API ver. 1 registered
[STDOUT  ] 2018-01-16T10:55:26.484516297Z: [    1.091734] pps_core: Software ver. 5.3.6 - Copyright 2005-2007 Rodolfo Giometti <giometti@linux.it>
[STDOUT  ] 2018-01-16T10:55:26.484524867Z: [    1.092283] PTP clock support registered
[STDOUT  ] 2018-01-16T10:55:26.484533589Z: [    1.093267] wmi: Mapper loaded
[STDOUT  ] 2018-01-16T10:55:26.48454324Z: [    1.094314] PCI: Using ACPI for IRQ routing
[STDOUT  ] 2018-01-16T10:55:26.484552328Z: [    1.107336] NetLabel: Initializing
[STDOUT  ] 2018-01-16T10:55:26.484560608Z: [    1.107565] NetLabel:  domain hash size = 128
[STDOUT  ] 2018-01-16T10:55:26.484569408Z: [    1.107830] NetLabel:  protocols = UNLABELED CIPSOv4
[STDOUT  ] 2018-01-16T10:55:26.484579133Z: [    1.109599] NetLabel:  unlabeled traffic allowed by default
[STDOUT  ] 2018-01-16T10:55:26.484588269Z: [    1.110908] HPET: 3 timers in total, 0 timers will be used for per-cpu timer
[STDOUT  ] 2018-01-16T10:55:26.484597051Z: [    1.111627] hpet0: at MMIO 0xfed00000, IRQs 2, 8, 0
[STDOUT  ] 2018-01-16T10:55:26.484605518Z: [    1.111964] hpet0: 3 comparators, 64-bit 100.000000 MHz counter
[STDOUT  ] 2018-01-16T10:55:26.48461392Z: [    1.118087] clocksource: Switched to clocksource hpet
[STDOUT  ] 2018-01-16T10:55:26.484623368Z: [    1.272540] VFS: Disk quotas dquot_6.6.0
[STDOUT  ] 2018-01-16T10:55:26.484635748Z: [    1.273249] VFS: Dquot-cache hash table entries: 512 (order 0, 4096 bytes)
[STDOUT  ] 2018-01-16T10:55:26.484645024Z: [    1.276510] FS-Cache: Loaded
[STDOUT  ] 2018-01-16T10:55:26.484654295Z: [    1.281819] CacheFiles: Loaded
[STDOUT  ] 2018-01-16T10:55:26.484662565Z: [    1.283299] pnp: PnP ACPI init
[STDOUT  ] 2018-01-16T10:55:26.484671081Z: [    1.291483] pnp: PnP ACPI: found 5 devices
[STDOUT  ] 2018-01-16T10:55:26.484679436Z: [    1.326429] clocksource: acpi_pm: mask: 0xffffff max_cycles: 0xffffff, max_idle_ns: 2085701024 ns
[STDOUT  ] 2018-01-16T10:55:26.48468771Z: [    1.329410] NET: Registered protocol family 2
[STDOUT  ] 2018-01-16T10:55:26.484695795Z: [    1.337092] TCP established hash table entries: 8192 (order: 4, 65536 bytes)
[STDOUT  ] 2018-01-16T10:55:26.484704012Z: [    1.337811] TCP bind hash table entries: 8192 (order: 5, 131072 bytes)
[STDOUT  ] 2018-01-16T10:55:26.484712414Z: [    1.338436] TCP: Hash tables configured (established 8192 bind 8192)
[STDOUT  ] 2018-01-16T10:55:26.484721022Z: [    1.340447] UDP hash table entries: 512 (order: 2, 16384 bytes)
[STDOUT  ] 2018-01-16T10:55:26.484729907Z: [    1.340932] UDP-Lite hash table entries: 512 (order: 2, 16384 bytes)
[STDOUT  ] 2018-01-16T10:55:26.484738821Z: [    1.343103] NET: Registered protocol family 1
[STDOUT  ] 2018-01-16T10:55:26.484750385Z: [    1.344022] pci 0000:00:01.0: Video device with shadowed ROM at [mem 0x000c0000-0x000dffff]
[STDOUT  ] 2018-01-16T10:55:26.484759149Z: [    1.352257] Unpacking initramfs...
[STDOUT  ] 2018-01-16T10:55:26.484767813Z: [    3.856185] Freeing initrd memory: 24952K
[STDOUT  ] 2018-01-16T10:55:26.484776377Z: [    3.876063] PCLMULQDQ-NI instructions are not detected.
[STDOUT  ] 2018-01-16T10:55:26.484792611Z: [    3.877423] AVX or AES-NI instructions are not detected.
[STDOUT  ] 2018-01-16T10:55:26.484808629Z: [    3.877882] CPU feature 'AVX registers' is not supported.
[STDOUT  ] 2018-01-16T10:55:26.48481787Z: [    3.878241] CPU feature 'AVX registers' is not supported.
[STDOUT  ] 2018-01-16T10:55:26.484826745Z: [    3.878573] CPU feature 'AVX registers' is not supported.
[STDOUT  ] 2018-01-16T10:55:26.484835363Z: [    3.878791] CPU feature 'AVX registers' is not supported.
[STDOUT  ] 2018-01-16T10:55:26.484847168Z: [    3.878966] AVX2 or AES-NI instructions are not detected.
[STDOUT  ] 2018-01-16T10:55:26.484855693Z: [    3.879131] AVX2 instructions are not detected.
[STDOUT  ] 2018-01-16T10:55:26.484864161Z: [    3.884707] audit: initializing netlink subsys (disabled)
[STDOUT  ] 2018-01-16T10:55:26.484872615Z: [    3.886174] audit: type=2000 audit(1516100105.880:1): initialized
[STDOUT  ] 2018-01-16T10:55:26.484885563Z: [    3.892811] workingset: timestamp_bits=46 max_order=18 bucket_order=0
[STDOUT  ] 2018-01-16T10:55:26.484894279Z: [    3.895956] squashfs: version 4.0 (2009/01/31) Phillip Lougher
[STDOUT  ] 2018-01-16T10:55:26.484903386Z: [    3.897814] FS-Cache: Netfs 'cifs' registered for caching
[STDOUT  ] 2018-01-16T10:55:26.484911715Z: [    3.898569] fuse init (API version 7.26)
[STDOUT  ] 2018-01-16T10:55:26.484920168Z: [    3.903735] SGI XFS with ACLs, security attributes, no debug enabled
[STDOUT  ] 2018-01-16T10:55:26.484928783Z: [    3.907442] 9p: Installing v9fs 9p2000 file system support
[STDOUT  ] 2018-01-16T10:55:26.484937158Z: [    3.907863] FS-Cache: Netfs '9p' registered for caching
[STDOUT  ] 2018-01-16T10:55:26.484945362Z: [    3.931039] NET: Registered protocol family 38
[STDOUT  ] 2018-01-16T10:55:26.484955942Z: [    3.931584] Key type asymmetric registered
[STDOUT  ] 2018-01-16T10:55:26.484964184Z: [    3.931901] Asymmetric key parser 'x509' registered
[STDOUT  ] 2018-01-16T10:55:26.484972574Z: [    3.932783] Block layer SCSI generic (bsg) driver version 0.4 loaded (major 251)
[STDOUT  ] 2018-01-16T10:55:26.484981458Z: [    3.934238] io scheduler noop registered
[STDOUT  ] 2018-01-16T10:55:26.48498992Z: [    3.934551] io scheduler deadline registered (default)
[STDOUT  ] 2018-01-16T10:55:26.484998298Z: [    3.935191] io scheduler cfq registered
[STDOUT  ] 2018-01-16T10:55:26.485006639Z: [    3.937463] pci_hotplug: PCI Hot Plug PCI Core version: 0.5
[STDOUT  ] 2018-01-16T10:55:26.485014917Z: [    3.938031] pciehp: PCI Express Hot Plug Controller Driver version: 0.4
[STDOUT  ] 2018-01-16T10:55:26.485023246Z: [    3.938735] shpchp: Standard Hot Plug PCI Controller Driver version: 0.4
[STDOUT  ] 2018-01-16T10:55:26.48503148Z: [    3.939423] hv_vmbus: registering driver hyperv_fb
[STDOUT  ] 2018-01-16T10:55:26.485039729Z: [    3.943030] input: Power Button as /devices/LNXSYSTM:00/LNXPWRBN:00/input/input0
[STDOUT  ] 2018-01-16T10:55:26.485047983Z: [    3.944074] ACPI: Power Button [PWRF]
[STDOUT  ] 2018-01-16T10:55:26.485056541Z: [    3.948570] GHES: HEST is not enabled!
[STDOUT  ] 2018-01-16T10:55:26.4850653Z: [    3.955539] ACPI: PCI Interrupt Link [GSIG] enabled at IRQ 22
[STDOUT  ] 2018-01-16T10:55:26.485073678Z: [    3.965921] ACPI: PCI Interrupt Link [GSIH] enabled at IRQ 23
[STDOUT  ] 2018-01-16T10:55:26.485084976Z: [    3.970631] xenfs: not registering filesystem on non-xen platform
[STDOUT  ] 2018-01-16T10:55:26.485095561Z: [    3.972454] Serial: 8250/16550 driver, 4 ports, IRQ sharing disabled
[STDOUT  ] 2018-01-16T10:55:26.485103982Z: [    3.996052] 00:04: ttyS0 at I/O 0x3f8 (irq = 4, base_baud = 115200) is a 16550A
[STDOUT  ] 2018-01-16T10:55:26.485112405Z: [    4.005907] Non-volatile memory driver v1.3
[STDOUT  ] 2018-01-16T10:55:26.485120715Z: [    4.011707] Hangcheck: starting hangcheck timer 0.9.1 (tick is 180 seconds, margin is 60 seconds).
[STDOUT  ] 2018-01-16T10:55:26.485129563Z: [    4.015822] random: fast init done
[STDOUT  ] 2018-01-16T10:55:26.485138264Z: [    4.016991] random: crng init done
[STDOUT  ] 2018-01-16T10:55:26.485150648Z: [    4.042934] loop: module loaded
[STDOUT  ] 2018-01-16T10:55:26.485159065Z: [    4.053999] nbd: registered device at major 43
[STDOUT  ] 2018-01-16T10:55:26.485167398Z: [    4.080958] lpc_ich 0000:00:1f.0: I/O space for GPIO uninitialized
[STDOUT  ] 2018-01-16T10:55:26.485175659Z: [    4.082629] VMware PVSCSI driver - version 1.0.7.0-k
[STDOUT  ] 2018-01-16T10:55:26.485183997Z: [    4.083333] hv_vmbus: registering driver hv_storvsc
[STDOUT  ] 2018-01-16T10:55:26.485195362Z: [    4.089481] ACPI: PCI Interrupt Link [GSIA] enabled at IRQ 16
[STDOUT  ] 2018-01-16T10:55:26.485203874Z: [    4.095463] ahci 0000:00:1f.2: AHCI 0001.0000 32 slots 6 ports 1.5 Gbps 0x3f impl SATA mode
[STDOUT  ] 2018-01-16T10:55:26.485215311Z: [    4.096096] ahci 0000:00:1f.2: flags: 64bit ncq only 
[STDOUT  ] 2018-01-16T10:55:26.485223795Z: [    4.110852] scsi host0: ahci
[STDOUT  ] 2018-01-16T10:55:26.485232252Z: [    4.113641] scsi host1: ahci
[STDOUT  ] 2018-01-16T10:55:26.485240592Z: [    4.115288] scsi host2: ahci
[STDOUT  ] 2018-01-16T10:55:26.485248745Z: [    4.116855] scsi host3: ahci
[STDOUT  ] 2018-01-16T10:55:26.48525688Z: [    4.118364] scsi host4: ahci
[STDOUT  ] 2018-01-16T10:55:26.485265207Z: [    4.119973] scsi host5: ahci
[STDOUT  ] 2018-01-16T10:55:26.485273556Z: [    4.121432] ata1: SATA max UDMA/133 abar m4096@0xfebd2000 port 0xfebd2100 irq 24
[STDOUT  ] 2018-01-16T10:55:26.485282577Z: [    4.121872] ata2: SATA max UDMA/133 abar m4096@0xfebd2000 port 0xfebd2180 irq 24
[STDOUT  ] 2018-01-16T10:55:26.485290942Z: [    4.122273] ata3: SATA max UDMA/133 abar m4096@0xfebd2000 port 0xfebd2200 irq 24
[STDOUT  ] 2018-01-16T10:55:26.485298818Z: [    4.122611] ata4: SATA max UDMA/133 abar m4096@0xfebd2000 port 0xfebd2280 irq 24
[STDOUT  ] 2018-01-16T10:55:26.485307562Z: [    4.122933] ata5: SATA max UDMA/133 abar m4096@0xfebd2000 port 0xfebd2300 irq 24
[STDOUT  ] 2018-01-16T10:55:26.485316198Z: [    4.123224] ata6: SATA max UDMA/133 abar m4096@0xfebd2000 port 0xfebd2380 irq 24
[STDOUT  ] 2018-01-16T10:55:26.485324711Z: [    4.133295] tun: Universal TUN/TAP device driver, 1.6
[STDOUT  ] 2018-01-16T10:55:26.485333028Z: [    4.133637] tun: (C) 1999-2004 Max Krasnyansky <maxk@qualcomm.com>
[STDOUT  ] 2018-01-16T10:55:26.48534126Z: [    4.143503] VMware vmxnet3 virtual NIC driver - version 1.4.a.0-k-NAPI
[STDOUT  ] 2018-01-16T10:55:26.485349933Z: [    4.144265] hv_vmbus: registering driver hv_netvsc
[STDOUT  ] 2018-01-16T10:55:26.485358304Z: [    4.144524] Fusion MPT base driver 3.04.20
[STDOUT  ] 2018-01-16T10:55:26.485366633Z: [    4.144716] Copyright (c) 1999-2008 LSI Corporation
[STDOUT  ] 2018-01-16T10:55:26.48537511Z: [    4.145244] Fusion MPT SPI Host driver 3.04.20
[STDOUT  ] 2018-01-16T10:55:26.485383499Z: [    4.146894] i8042: PNP: PS/2 Controller [PNP0303:KBD,PNP0f13:MOU] at 0x60,0x64 irq 1,12
[STDOUT  ] 2018-01-16T10:55:26.485392324Z: [    4.150797] serio: i8042 KBD port at 0x60,0x64 irq 1
[STDOUT  ] 2018-01-16T10:55:26.485400598Z: [    4.151336] serio: i8042 AUX port at 0x60,0x64 irq 12
[STDOUT  ] 2018-01-16T10:55:26.485408846Z: [    4.153641] hv_vmbus: registering driver hyperv_keyboard
[STDOUT  ] 2018-01-16T10:55:26.485417067Z: [    4.155373] mousedev: PS/2 mouse device common for all mice
[STDOUT  ] 2018-01-16T10:55:26.485425456Z: [    4.159431] input: AT Translated Set 2 keyboard as /devices/platform/i8042/serio0/input/input1
[STDOUT  ] 2018-01-16T10:55:26.485433804Z: [    4.161414] input: PC Speaker as /devices/platform/pcspkr/input/input2
[STDOUT  ] 2018-01-16T10:55:26.485442209Z: [    4.164962] rtc_cmos 00:00: RTC can wake from S4
[STDOUT  ] 2018-01-16T10:55:26.485452673Z: [    4.167872] rtc_cmos 00:00: rtc core: registered rtc_cmos as rtc0
[STDOUT  ] 2018-01-16T10:55:26.48546121Z: [    4.168988] rtc_cmos 00:00: alarms up to one day, y3k, 114 bytes nvram, hpet irqs
[STDOUT  ] 2018-01-16T10:55:26.485470081Z: [    4.169526] i2c /dev entries driver
[STDOUT  ] 2018-01-16T10:55:26.485480686Z: [    4.171479] device-mapper: ioctl: 4.35.0-ioctl (2016-06-23) initialised: dm-devel@redhat.com
[STDOUT  ] 2018-01-16T10:55:26.485493311Z: [    4.175046] usbcore: registered new interface driver usbhid
[STDOUT  ] 2018-01-16T10:55:26.485501642Z: [    4.175369] usbhid: USB HID core driver
[STDOUT  ] 2018-01-16T10:55:26.485510004Z: [    4.175914] hv_utils: Registering HyperV Utility Driver
[STDOUT  ] 2018-01-16T10:55:26.48552064Z: [    4.176149] hv_vmbus: registering driver hv_util
[STDOUT  ] 2018-01-16T10:55:26.485529019Z: [    4.176312] hv_vmbus: registering driver hv_balloon
[STDOUT  ] 2018-01-16T10:55:26.485540822Z: [    4.176769] oprofile: using NMI interrupt.
[STDOUT  ] 2018-01-16T10:55:26.485549605Z: [    4.177782] GACT probability on
[STDOUT  ] 2018-01-16T10:55:26.485557975Z: [    4.178223] Mirror/redirect action on
[STDOUT  ] 2018-01-16T10:55:26.485566267Z: [    4.179002] Simple TC action Loaded
[STDOUT  ] 2018-01-16T10:55:26.48557456Z: [    4.179542] u32 classifier
[STDOUT  ] 2018-01-16T10:55:26.485582929Z: [    4.179690]     Performance counters on
[STDOUT  ] 2018-01-16T10:55:26.48559126Z: [    4.179874]     input device check on
[STDOUT  ] 2018-01-16T10:55:26.485599589Z: [    4.180070]     Actions configured
[STDOUT  ] 2018-01-16T10:55:26.485607771Z: [    4.181032] Netfilter messages via NETLINK v0.30.
[STDOUT  ] 2018-01-16T10:55:26.485616051Z: [    4.181521] nfnl_acct: registering with nfnetlink.
[STDOUT  ] 2018-01-16T10:55:26.485624802Z: [    4.182832] nf_conntrack version 0.5.0 (8192 buckets, 32768 max)
[STDOUT  ] 2018-01-16T10:55:26.485633207Z: [    4.185863] ctnetlink v0.93: registering with nfnetlink.
[STDOUT  ] 2018-01-16T10:55:26.485643395Z: [    4.188740] nf_tables: (c) 2007-2009 Patrick McHardy <kaber@trash.net>
[STDOUT  ] 2018-01-16T10:55:26.485651637Z: [    4.189478] nf_tables_compat: (c) 2012 Pablo Neira Ayuso <pablo@netfilter.org>
[STDOUT  ] 2018-01-16T10:55:26.485660041Z: [    4.191798] xt_time: kernel timezone is -0000
[STDOUT  ] 2018-01-16T10:55:26.48566835Z: [    4.192274] ip_set: protocol 6
[STDOUT  ] 2018-01-16T10:55:26.48567659Z: [    4.192882] IPVS: Registered protocols (TCP, UDP, SCTP, AH, ESP)
[STDOUT  ] 2018-01-16T10:55:26.485684979Z: [    4.193392] IPVS: Connection hash table configured (size=4096, memory=64Kbytes)
[STDOUT  ] 2018-01-16T10:55:26.485693476Z: [    4.194921] IPVS: Creating netns size=2104 id=0
[STDOUT  ] 2018-01-16T10:55:26.485702209Z: [    4.197718] IPVS: ipvs loaded.
[STDOUT  ] 2018-01-16T10:55:26.485710715Z: [    4.198078] IPVS: [rr] scheduler registered.
[STDOUT  ] 2018-01-16T10:55:26.485719258Z: [    4.198346] IPVS: [wrr] scheduler registered.
[STDOUT  ] 2018-01-16T10:55:26.485727669Z: [    4.198541] IPVS: [lc] scheduler registered.
[STDOUT  ] 2018-01-16T10:55:26.485736156Z: [    4.198778] IPVS: [wlc] scheduler registered.
[STDOUT  ] 2018-01-16T10:55:26.485746865Z: [    4.198989] IPVS: [fo] scheduler registered.
[STDOUT  ] 2018-01-16T10:55:26.485755141Z: [    4.199216] IPVS: [ovf] scheduler registered.
[STDOUT  ] 2018-01-16T10:55:26.485763473Z: [    4.199585] IPVS: [lblc] scheduler registered.
[STDOUT  ] 2018-01-16T10:55:26.485771673Z: [    4.199952] IPVS: [lblcr] scheduler registered.
[STDOUT  ] 2018-01-16T10:55:26.485780401Z: [    4.200759] IPVS: [dh] scheduler registered.
[STDOUT  ] 2018-01-16T10:55:26.485790571Z: [    4.200984] IPVS: [sh] scheduler registered.
[STDOUT  ] 2018-01-16T10:55:26.485798885Z: [    4.201175] IPVS: [sed] scheduler registered.
[STDOUT  ] 2018-01-16T10:55:26.485812477Z: [    4.201381] IPVS: [nq] scheduler registered.
[STDOUT  ] 2018-01-16T10:55:26.485820855Z: [    4.202048] IPVS: ftp: loaded support on port[0] = 21
[STDOUT  ] 2018-01-16T10:55:26.485846331Z: [    4.202701] ipip: IPv4 and MPLS over IPv4 tunneling driver
[STDOUT  ] 2018-01-16T10:55:26.4858548Z: [    4.206025] gre: GRE over IPv4 demultiplexor driver
[STDOUT  ] 2018-01-16T10:55:26.48586344Z: [    4.208697] ip_tables: (C) 2000-2006 Netfilter Core Team
[STDOUT  ] 2018-01-16T10:55:26.485871766Z: [    4.212090] ipt_CLUSTERIP: ClusterIP Version 0.8 loaded successfully
[STDOUT  ] 2018-01-16T10:55:26.485880319Z: [    4.212778] arp_tables: arp_tables: (C) 2002 David S. Miller
[STDOUT  ] 2018-01-16T10:55:26.485892408Z: [    4.215738] NET: Registered protocol family 10
[STDOUT  ] 2018-01-16T10:55:26.485900676Z: [    4.224863] ip6_tables: (C) 2000-2006 Netfilter Core Team
[STDOUT  ] 2018-01-16T10:55:26.485908992Z: [    4.232410] NET: Registered protocol family 17
[STDOUT  ] 2018-01-16T10:55:26.485917213Z: [    4.233441] Bridge firewalling registered
[STDOUT  ] 2018-01-16T10:55:26.485925484Z: [    4.233988] Ebtables v2.0 registered
[STDOUT  ] 2018-01-16T10:55:26.48593405Z: [    4.235780] 8021q: 802.1Q VLAN Support v1.8
[STDOUT  ] 2018-01-16T10:55:26.485945968Z: [    4.237097] 9pnet: Installing 9P2000 support
[STDOUT  ] 2018-01-16T10:55:26.4859543Z: [    4.238482] Key type dns_resolver registered
[STDOUT  ] 2018-01-16T10:55:26.485962655Z: [    4.239338] microcode: AMD CPU family 0x6 not supported
[STDOUT  ] 2018-01-16T10:55:26.485970838Z: [    4.242489] registered taskstats version 1
[STDOUT  ] 2018-01-16T10:55:26.485979147Z: [    4.395559] Key type big_key registered
[STDOUT  ] 2018-01-16T10:55:26.485987426Z: [    4.453709] ata1: SATA link down (SStatus 0 SControl 300)
[STDOUT  ] 2018-01-16T10:55:26.485995739Z: [    4.462230] ata3: SATA link up 1.5 Gbps (SStatus 113 SControl 300)
[STDOUT  ] 2018-01-16T10:55:26.486004911Z: [    4.465600] ata3.00: ATAPI: QEMU DVD-ROM, 2.5+, max UDMA/100
[STDOUT  ] 2018-01-16T10:55:26.486013667Z: [    4.466012] ata3.00: applying bridge limits
[STDOUT  ] 2018-01-16T10:55:26.486022094Z: [    4.467398] ata2: SATA link down (SStatus 0 SControl 300)
[STDOUT  ] 2018-01-16T10:55:26.486030477Z: [    4.471179] ata3.00: configured for UDMA/100
[STDOUT  ] 2018-01-16T10:55:26.486038796Z: [    4.472935] ata6: SATA link down (SStatus 0 SControl 300)
[STDOUT  ] 2018-01-16T10:55:26.486047199Z: [    4.475407] ata4: SATA link down (SStatus 0 SControl 300)
[STDOUT  ] 2018-01-16T10:55:26.48605551Z: [    4.475832] ata5: SATA link down (SStatus 0 SControl 300)
[STDOUT  ] 2018-01-16T10:55:26.486063797Z: [    4.489642] scsi 2:0:0:0: CD-ROM            QEMU     QEMU DVD-ROM     2.5+ PQ: 0 ANSI: 5
[STDOUT  ] 2018-01-16T10:55:26.48607214Z: [    4.523568] sr 2:0:0:0: [sr0] scsi3-mmc drive: 4x/4x cd/rw xa/form2 tray
[STDOUT  ] 2018-01-16T10:55:26.486080812Z: [    4.524224] cdrom: Uniform CD-ROM driver Revision: 3.20
[STDOUT  ] 2018-01-16T10:55:26.4860895Z: [    4.530823] sr 2:0:0:0: Attached scsi generic sg0 type 5
[STDOUT  ] 2018-01-16T10:55:26.486100142Z: [    4.549051] Key type encrypted registered
[STDOUT  ] 2018-01-16T10:55:26.486110664Z: [    4.554349] rtc_cmos 00:00: setting system clock to 2018-01-16 10:55:07 UTC (1516100107)
[STDOUT  ] 2018-01-16T10:55:26.486120088Z: [    4.683220] Freeing unused kernel memory: 1396K
[STDOUT  ] 2018-01-16T10:55:26.486128554Z: [    4.683546] Write protecting the kernel read-only data: 12288k
[STDOUT  ] 2018-01-16T10:55:26.486136978Z: [    4.688610] Freeing unused kernel memory: 124K
[STDOUT  ] 2018-01-16T10:55:26.486145483Z: [    4.770410] Freeing unused kernel memory: 1396K
[STDOUT  ] 2018-01-16T10:55:26.486153734Z: [    4.880682] tsc: Refined TSC clocksource calibration: 2599.880 MHz
[STDOUT  ] 2018-01-16T10:55:26.486162162Z: [    4.881155] clocksource: tsc: mask: 0xffffffffffffffff max_cycles: 0x2579cab2ac6, max_idle_ns: 440795206274 ns
[STDOUT  ] 2018-01-16T10:55:26.486171293Z: [    5.897591] clocksource: Switched to clocksource tsc
[STDOUT  ] 2018-01-16T10:55:26.486180203Z: 
[STDOUT  ] 2018-01-16T10:55:26.486188928Z: Welcome to LinuxKit
[STDOUT  ] 2018-01-16T10:55:26.486197342Z: 
[STDOUT  ] 2018-01-16T10:55:26.486205324Z:                         ##         .
[STDOUT  ] 2018-01-16T10:55:26.486213824Z:                   ## ## ##        ==
[STDOUT  ] 2018-01-16T10:55:26.486221924Z:                ## ## ## ## ##    ===
[STDOUT  ] 2018-01-16T10:55:26.486230231Z:            /"""""""""""""""""\___/ ===
[STDOUT  ] 2018-01-16T10:55:26.4862388Z:           {                       /  ===-
[STDOUT  ] 2018-01-16T10:55:26.486251169Z:            \______ O           __/
[STDOUT  ] 2018-01-16T10:55:26.486260205Z:              \    \         __/
[STDOUT  ] 2018-01-16T10:55:26.486272459Z:               \____\_______/
[STDOUT  ] 2018-01-16T10:55:26.486280329Z: 
[STDOUT  ] 2018-01-16T10:55:26.486288641Z: sysctl test suite PASSED
[STDOUT  ] 2018-01-16T10:55:26.486296865Z: [   22.419249] ACPI: Preparing to enter system sleep state S5
[STDOUT  ] 2018-01-16T10:55:26.486307623Z: [   22.421021] reboot: Power down
[STDERR  ] 2018-01-16T10:55:26.484376626Z: [    1.273249] VFS: Dquot-cache hash table entries: 512 (order 0, 4096 bytes)
[STDERR  ] 2018-01-16T10:55:26.486330513Z: [    1.276510] FS-Cache: Loaded
[STDERR  ] 2018-01-16T10:55:26.486343363Z: [    1.281819] CacheFiles: Loaded
[STDERR  ] 2018-01-16T10:55:26.48635187Z: [    1.283299] pnp: PnP ACPI init
[STDERR  ] 2018-01-16T10:55:26.486360327Z: [    1.291483] pnp: PnP ACPI: found 5 devices
[STDERR  ] 2018-01-16T10:55:26.486369611Z: [    1.326429] clocksource: acpi_pm: mask: 0xffffff max_cycles: 0xffffff, max_idle_ns: 2085701024 ns
[STDERR  ] 2018-01-16T10:55:26.486381044Z: [    1.329410] NET: Registered protocol family 2
[STDERR  ] 2018-01-16T10:55:26.486392886Z: [    1.337092] TCP established hash table entries: 8192 (order: 4, 65536 bytes)
[STDERR  ] 2018-01-16T10:55:26.486402152Z: [    1.337811] TCP bind hash table entries: 8192 (order: 5, 131072 bytes)
[STDERR  ] 2018-01-16T10:55:26.48641054Z: [    1.338436] TCP: Hash tables configured (established 8192 bind 8192)
[STDERR  ] 2018-01-16T10:55:26.486418826Z: [    1.340447] UDP hash table entries: 512 (order: 2, 16384 bytes)
[STDERR  ] 2018-01-16T10:55:26.486427356Z: [    1.340932] UDP-Lite hash table entries: 512 (order: 2, 16384 bytes)
[STDERR  ] 2018-01-16T10:55:26.486435884Z: [    1.343103] NET: Registered protocol family 1
[STDERR  ] 2018-01-16T10:55:26.486444327Z: [    1.344022] pci 0000:00:01.0: Video device with shadowed ROM at [mem 0x000c0000-0x000dffff]
[STDERR  ] 2018-01-16T10:55:26.486452923Z: [    1.352257] Unpacking initramfs...
[STDERR  ] 2018-01-16T10:55:26.486463632Z: [    3.856185] Freeing initrd memory: 24952K
[STDERR  ] 2018-01-16T10:55:26.486472175Z: [    3.876063] PCLMULQDQ-NI instructions are not detected.
[STDERR  ] 2018-01-16T10:55:26.486482903Z: [    3.877423] AVX or AES-NI instructions are not detected.
[STDERR  ] 2018-01-16T10:55:26.486491324Z: [    3.877882] CPU feature 'AVX registers' is not supported.
[STDERR  ] 2018-01-16T10:55:26.486499807Z: [    3.878241] CPU feature 'AVX registers' is not supported.
[STDERR  ] 2018-01-16T10:55:26.486507981Z: [    3.878573] CPU feature 'AVX registers' is not supported.
[STDERR  ] 2018-01-16T10:55:26.486516228Z: [    3.878791] CPU feature 'AVX registers' is not supported.
[STDERR  ] 2018-01-16T10:55:26.486524595Z: [    3.878966] AVX2 or AES-NI instructions are not detected.
[STDERR  ] 2018-01-16T10:55:26.486532864Z: [    3.879131] AVX2 instructions are not detected.
[STDERR  ] 2018-01-16T10:55:26.48654123Z: [    3.884707] audit: initializing netlink subsys (disabled)
[STDERR  ] 2018-01-16T10:55:26.486549583Z: [    3.886174] audit: type=2000 audit(1516100105.880:1): initialized
[STDERR  ] 2018-01-16T10:55:26.486558296Z: [    3.892811] workingset: timestamp_bits=46 max_order=18 bucket_order=0
[STDERR  ] 2018-01-16T10:55:26.486567351Z: [    3.895956] squashfs: version 4.0 (2009/01/31) Phillip Lougher
[STDERR  ] 2018-01-16T10:55:26.486575738Z: [    3.897814] FS-Cache: Netfs 'cifs' registered for caching
[STDERR  ] 2018-01-16T10:55:26.486582715Z: [    3.898569] fuse init (API version 7.26)
[STDERR  ] 2018-01-16T10:55:26.486588255Z: [    3.903735] SGI XFS with ACLs, security attributes, no debug enabled
[STDERR  ] 2018-01-16T10:55:26.486593939Z: [    3.907442] 9p: Installing v9fs 9p2000 file system support
[STDERR  ] 2018-01-16T10:55:26.486602365Z: [    3.907863] FS-Cache: Netfs '9p' registered for caching
[STDERR  ] 2018-01-16T10:55:26.486612761Z: [    3.931039] NET: Registered protocol family 38
[STDERR  ] 2018-01-16T10:55:26.48662143Z: [    3.931584] Key type asymmetric registered
[STDERR  ] 2018-01-16T10:55:26.486630345Z: [    3.931901] Asymmetric key parser 'x509' registered
[STDERR  ] 2018-01-16T10:55:26.48663872Z: [    3.932783] Block layer SCSI generic (bsg) driver version 0.4 loaded (major 251)
[STDERR  ] 2018-01-16T10:55:26.486645247Z: [    3.934238] io scheduler noop registered
[STDERR  ] 2018-01-16T10:55:26.486655876Z: [    3.934551] io scheduler deadline registered (default)
[STDERR  ] 2018-01-16T10:55:26.486664168Z: [    3.935191] io scheduler cfq registered
[STDERR  ] 2018-01-16T10:55:26.486671724Z: [    3.937463] pci_hotplug: PCI Hot Plug PCI Core version: 0.5
[STDERR  ] 2018-01-16T10:55:26.486679799Z: [    3.938031] pciehp: PCI Express Hot Plug Controller Driver version: 0.4
[STDERR  ] 2018-01-16T10:55:26.486692279Z: [    3.938735] shpchp: Standard Hot Plug PCI Controller Driver version: 0.4
[STDERR  ] 2018-01-16T10:55:26.486701207Z: [    3.939423] hv_vmbus: registering driver hyperv_fb
[STDERR  ] 2018-01-16T10:55:26.486710712Z: [    3.943030] input: Power Button as /devices/LNXSYSTM:00/LNXPWRBN:00/input/input0
[STDERR  ] 2018-01-16T10:55:26.486719002Z: [    3.944074] ACPI: Power Button [PWRF]
[STDERR  ] 2018-01-16T10:55:26.486727538Z: [    3.948570] GHES: HEST is not enabled!
[STDERR  ] 2018-01-16T10:55:26.486736624Z: [    3.955539] ACPI: PCI Interrupt Link [GSIG] enabled at IRQ 22
[STDERR  ] 2018-01-16T10:55:26.486745245Z: [    3.965921] ACPI: PCI Interrupt Link [GSIH] enabled at IRQ 23
[STDERR  ] 2018-01-16T10:55:26.486754975Z: [    3.970631] xenfs: not registering filesystem on non-xen platform
[STDERR  ] 2018-01-16T10:55:26.486765872Z: [    3.972454] Serial: 8250/16550 driver, 4 ports, IRQ sharing disabled
[STDERR  ] 2018-01-16T10:55:26.486771971Z: [    3.996052] 00:04: ttyS0 at I/O 0x3f8 (irq = 4, base_baud = 115200) is a 16550A
[STDERR  ] 2018-01-16T10:55:26.486777913Z: [    4.005907] Non-volatile memory driver v1.3
[STDERR  ] 2018-01-16T10:55:26.486783769Z: [    4.011707] Hangcheck: starting hangcheck timer 0.9.1 (tick is 180 seconds, margin is 60 seconds).
[STDERR  ] 2018-01-16T10:55:26.486789933Z: [    4.015822] random: fast init done
[STDERR  ] 2018-01-16T10:55:26.486795648Z: [    4.016991] random: crng init done
[STDERR  ] 2018-01-16T10:55:26.486811353Z: [    4.042934] loop: module loaded
