[INFO    ] 2017-07-10T20:29:12.357178995Z: Running Test linuxkit.security.ports in /tmp/build/test/cases/030_security/010_ports
[INFO    ] 2017-07-10T20:29:12.357282237Z: Running command: [/bin/sh -x /tmp/build/test/cases/030_security/010_ports/test.sh]
[STDERR  ] 2017-07-10T20:29:12.387438563Z: + set -e
[STDERR  ] 2017-07-10T20:29:12.387459674Z: + . /tmp/build/test/cases/_lib/lib.sh
[STDERR  ] 2017-07-10T20:29:12.387465036Z: + [ -f src/github.com/linuxkit/rtf/lib/lib.sh ]
[STDERR  ] 2017-07-10T20:29:12.387496179Z: + LINUXKIT_TMPDIR=/tmp/build/test/cases/_tmp
[STDERR  ] 2017-07-10T20:29:12.387505873Z: + [ -f /tmp/build/test/cases/_tmp/env.sh ]
[STDERR  ] 2017-07-10T20:29:12.387515153Z: + . /tmp/build/test/cases/_tmp/env.sh
[STDERR  ] 2017-07-10T20:29:12.387524204Z: + export LINUXKIT_EXAMPLES_DIR=/tmp/build/test/cases/../../examples
[STDERR  ] 2017-07-10T20:29:12.387545284Z: + export LINUXKIT_BLUEPRINTS_DIR=/tmp/build/test/cases/../../blueprints
[STDERR  ] 2017-07-10T20:29:12.387551153Z: + RT_CANCEL=253
[STDERR  ] 2017-07-10T20:29:12.387566033Z: + NAME=lsof
[STDERR  ] 2017-07-10T20:29:12.387574724Z: + trap clean_up EXIT
[STDERR  ] 2017-07-10T20:29:12.387584204Z: + moby build -output kernel+initrd -name lsof test.yml
[STDERR  ] 2017-07-10T20:29:12.399456602Z: Extract kernel image: linuxkit/kernel:4.9.36
[STDERR  ] 2017-07-10T20:29:13.956267731Z: Add init containers:
[STDERR  ] 2017-07-10T20:29:13.956333105Z: Process init image: linuxkit/init:14a38303ee9dcb4541c00e2b87404befc1ba2083
[STDERR  ] 2017-07-10T20:29:15.145453222Z: Process init image: linuxkit/runc:2310ad9d266cf5d9c4d07613bd2135ed7eb8a21f
[STDERR  ] 2017-07-10T20:29:16.39845348Z: Process init image: linuxkit/containerd:c977f27c234d55b85172813b8451f67ea86be4a3
[STDERR  ] 2017-07-10T20:29:17.915729179Z: Add onboot containers:
[STDERR  ] 2017-07-10T20:29:17.915745968Z:   Create OCI config for alpine:3.6
[STDERR  ] 2017-07-10T20:29:18.226459072Z:   Create OCI config for linuxkit/poweroff:bce51402e293da0b653923a43c3c7be6e0effa05
[STDERR  ] 2017-07-10T20:29:19.472293196Z: Add files:
[STDERR  ] 2017-07-10T20:29:19.472323836Z:   check.sh
[STDERR  ] 2017-07-10T20:29:19.483166865Z: Create outputs:
[STDERR  ] 2017-07-10T20:29:27.340584365Z:   lsof-kernel lsof-initrd.img lsof-cmdline
[STDERR  ] 2017-07-10T20:29:27.4042031Z: + linuxkit run qemu -kernel lsof
[STDERR  ] 2017-07-10T20:29:27.421630415Z: Unable to find qemu-system-x86_64 within the $PATH. Using a container
[STDOUT  ] 2017-07-10T20:29:29.371070286Z: [    0.000000] Linux version 4.9.36-linuxkit (root@e1ede117fb1e) (gcc version 6.3.0 (Alpine 6.3.0) ) #1 SMP Fri Jul 7 17:27:59 UTC 2017
[STDOUT  ] 2017-07-10T20:29:29.371503405Z: [    0.000000] Command line: console=ttyS0 page_poison=1
[STDOUT  ] 2017-07-10T20:29:29.371517196Z: [    0.000000] x86/fpu: Legacy x87 FPU detected.
[STDOUT  ] 2017-07-10T20:29:29.371741078Z: [    0.000000] x86/fpu: Using 'eager' FPU context switches.
[STDOUT  ] 2017-07-10T20:29:29.371863023Z: [    0.000000] e820: BIOS-provided physical RAM map:
[STDOUT  ] 2017-07-10T20:29:29.372191133Z: [    0.000000] BIOS-e820: [mem 0x0000000000000000-0x000000000009fbff] usable
[STDOUT  ] 2017-07-10T20:29:29.372300716Z: [    0.000000] BIOS-e820: [mem 0x000000000009fc00-0x000000000009ffff] reserved
[STDOUT  ] 2017-07-10T20:29:29.372577179Z: [    0.000000] BIOS-e820: [mem 0x00000000000f0000-0x00000000000fffff] reserved
[STDOUT  ] 2017-07-10T20:29:29.373001738Z: [    0.000000] BIOS-e820: [mem 0x0000000000100000-0x000000003ffdefff] usable
[STDOUT  ] 2017-07-10T20:29:29.373381216Z: [    0.000000] BIOS-e820: [mem 0x000000003ffdf000-0x000000003fffffff] reserved
[STDOUT  ] 2017-07-10T20:29:29.373681146Z: [    0.000000] BIOS-e820: [mem 0x00000000b0000000-0x00000000bfffffff] reserved
[STDOUT  ] 2017-07-10T20:29:29.373897023Z: [    0.000000] BIOS-e820: [mem 0x00000000fed1c000-0x00000000fed1ffff] reserved
[STDOUT  ] 2017-07-10T20:29:29.374069313Z: [    0.000000] BIOS-e820: [mem 0x00000000fffc0000-0x00000000ffffffff] reserved
[STDOUT  ] 2017-07-10T20:29:29.374103383Z: [    0.000000] NX (Execute Disable) protection: active
[STDOUT  ] 2017-07-10T20:29:29.374382793Z: [    0.000000] SMBIOS 2.8 present.
[STDOUT  ] 2017-07-10T20:29:29.374561035Z: [    0.000000] e820: last_pfn = 0x3ffdf max_arch_pfn = 0x400000000
[STDOUT  ] 2017-07-10T20:29:29.374830333Z: [    0.000000] x86/PAT: Configuration [0-7]: WB  WC  UC- UC  WB  WC  UC- WT  
[STDOUT  ] 2017-07-10T20:29:29.375031779Z: [    0.000000] found SMP MP-table at [mem 0x000f6aa0-0x000f6aaf] mapped at [ffff8e36400f6aa0]
[STDOUT  ] 2017-07-10T20:29:29.375199145Z: [    0.000000] RAMDISK: [mem 0x3d817000-0x3ffcffff]
[STDOUT  ] 2017-07-10T20:29:29.375402236Z: [    0.000000] ACPI: Early table checksum verification disabled
[STDOUT  ] 2017-07-10T20:29:29.375571893Z: [    0.000000] ACPI: RSDP 0x00000000000F68C0 000014 (v00 BOCHS )
[STDOUT  ] 2017-07-10T20:29:29.375936156Z: [    0.000000] ACPI: RSDT 0x000000003FFE2404 000034 (v01 BOCHS  BXPCRSDT 00000001 BXPC 00000001)
[STDOUT  ] 2017-07-10T20:29:29.376248503Z: [    0.000000] ACPI: FACP 0x000000003FFE22A4 000074 (v01 BOCHS  BXPCFACP 00000001 BXPC 00000001)
[STDOUT  ] 2017-07-10T20:29:29.376567243Z: [    0.000000] ACPI: DSDT 0x000000003FFE0040 002264 (v01 BOCHS  BXPCDSDT 00000001 BXPC 00000001)
[STDOUT  ] 2017-07-10T20:29:29.376722559Z: [    0.000000] ACPI: FACS 0x000000003FFE0000 000040
[STDOUT  ] 2017-07-10T20:29:29.377045808Z: [    0.000000] ACPI: APIC 0x000000003FFE2318 000078 (v01 BOCHS  BXPCAPIC 00000001 BXPC 00000001)
[STDOUT  ] 2017-07-10T20:29:29.377353203Z: [    0.000000] ACPI: HPET 0x000000003FFE2390 000038 (v01 BOCHS  BXPCHPET 00000001 BXPC 00000001)
[STDOUT  ] 2017-07-10T20:29:29.377666376Z: [    0.000000] ACPI: MCFG 0x000000003FFE23C8 00003C (v01 BOCHS  BXPCMCFG 00000001 BXPC 00000001)
[STDOUT  ] 2017-07-10T20:29:29.377672835Z: [    0.000000] Zone ranges:
[STDOUT  ] 2017-07-10T20:29:29.377882036Z: [    0.000000]   DMA      [mem 0x0000000000001000-0x0000000000ffffff]
[STDOUT  ] 2017-07-10T20:29:29.378248183Z: [    0.000000]   DMA32    [mem 0x0000000001000000-0x000000003ffdefff]
[STDOUT  ] 2017-07-10T20:29:29.378370813Z: [    0.000000]   Normal   empty
[STDOUT  ] 2017-07-10T20:29:29.378500639Z: [    0.000000] Movable zone start for each node
[STDOUT  ] 2017-07-10T20:29:29.378614046Z: [    0.000000] Early memory node ranges
[STDOUT  ] 2017-07-10T20:29:29.378821949Z: [    0.000000]   node   0: [mem 0x0000000000001000-0x000000000009efff]
[STDOUT  ] 2017-07-10T20:29:29.379207693Z: [    0.000000]   node   0: [mem 0x0000000000100000-0x000000003ffdefff]
[STDOUT  ] 2017-07-10T20:29:29.379453358Z: [    0.000000] Initmem setup node 0 [mem 0x0000000000001000-0x000000003ffdefff]
[STDOUT  ] 2017-07-10T20:29:29.379587263Z: [    0.000000] ACPI: PM-Timer IO Port: 0x608
[STDOUT  ] 2017-07-10T20:29:29.379866136Z: [    0.000000] ACPI: LAPIC_NMI (acpi_id[0xff] dfl dfl lint[0x1])
[STDOUT  ] 2017-07-10T20:29:29.379971323Z: [    0.000000] IOAPIC[0]: apic_id 0, version 32, address 0xfec00000, GSI 0-23
[STDOUT  ] 2017-07-10T20:29:29.380283333Z: [    0.000000] ACPI: INT_SRC_OVR (bus 0 bus_irq 0 global_irq 2 dfl dfl)
[STDOUT  ] 2017-07-10T20:29:29.380493979Z: [    0.000000] ACPI: INT_SRC_OVR (bus 0 bus_irq 5 global_irq 5 high level)
[STDOUT  ] 2017-07-10T20:29:29.380788033Z: [    0.000000] ACPI: INT_SRC_OVR (bus 0 bus_irq 9 global_irq 9 high level)
[STDOUT  ] 2017-07-10T20:29:29.381026868Z: [    0.000000] ACPI: INT_SRC_OVR (bus 0 bus_irq 10 global_irq 10 high level)
[STDOUT  ] 2017-07-10T20:29:29.381225018Z: [    0.000000] ACPI: INT_SRC_OVR (bus 0 bus_irq 11 global_irq 11 high level)
[STDOUT  ] 2017-07-10T20:29:29.381401373Z: [    0.000000] Using ACPI (MADT) for SMP configuration information
[STDOUT  ] 2017-07-10T20:29:29.381562948Z: [    0.000000] ACPI: HPET id: 0x8086a201 base: 0xfed00000
[STDOUT  ] 2017-07-10T20:29:29.381887925Z: [    0.000000] smpboot: Allowing 1 CPUs, 0 hotplug CPUs
[STDOUT  ] 2017-07-10T20:29:29.382018826Z: [    0.000000] e820: [mem 0x40000000-0xafffffff] available for PCI devices
[STDOUT  ] 2017-07-10T20:29:29.382219016Z: [    0.000000] Booting paravirtualized kernel on bare hardware
[STDOUT  ] 2017-07-10T20:29:29.382715293Z: [    0.000000] clocksource: refined-jiffies: mask: 0xffffffff max_cycles: 0xffffffff, max_idle_ns: 19112604462750000 ns
[STDOUT  ] 2017-07-10T20:29:29.382897058Z: [    0.000000] setup_percpu: NR_CPUS:128 nr_cpumask_bits:128 nr_cpu_ids:1 nr_node_ids:1
[STDOUT  ] 2017-07-10T20:29:29.383277639Z: [    0.000000] percpu: Embedded 35 pages/cpu @ffff8e367d600000 s105112 r8192 d30056 u2097152
[STDOUT  ] 2017-07-10T20:29:29.383435829Z: [    0.000000] Built 1 zonelists in Zone order, mobility grouping on.  Total pages: 257896
[STDOUT  ] 2017-07-10T20:29:29.383630509Z: [    0.000000] Kernel command line: console=ttyS0 page_poison=1
[STDOUT  ] 2017-07-10T20:29:29.383959148Z: [    0.000000] PID hash table entries: 4096 (order: 3, 32768 bytes)
[STDOUT  ] 2017-07-10T20:29:29.384278798Z: [    0.000000] Dentry cache hash table entries: 131072 (order: 8, 1048576 bytes)
[STDOUT  ] 2017-07-10T20:29:29.384428428Z: [    0.000000] Inode-cache hash table entries: 65536 (order: 7, 524288 bytes)
[STDOUT  ] 2017-07-10T20:29:29.384892726Z: [    0.000000] Memory: 973512K/1048052K available (8019K kernel code, 1366K rwdata, 2692K rodata, 1372K init, 568K bss, 74540K reserved, 0K cma-reserved)
[STDOUT  ] 2017-07-10T20:29:29.385061339Z: [    0.000000] Hierarchical RCU implementation.
[STDOUT  ] 2017-07-10T20:29:29.385222743Z: [    0.000000] 	Build-time adjustment of leaf fanout to 64.
[STDOUT  ] 2017-07-10T20:29:29.385462213Z: [    0.000000] 	RCU restricting CPUs from NR_CPUS=128 to nr_cpu_ids=1.
[STDOUT  ] 2017-07-10T20:29:29.385707593Z: [    0.000000] RCU: Adjusting geometry for rcu_fanout_leaf=64, nr_cpu_ids=1
[STDOUT  ] 2017-07-10T20:29:29.385862733Z: [    0.000000] NR_IRQS:8448 nr_irqs:256 16
[STDOUT  ] 2017-07-10T20:29:29.386064913Z: [    0.000000] Console: colour VGA+ 80x25
[STDOUT  ] 2017-07-10T20:29:29.386319863Z: [    0.000000] console [ttyS0] enabled
[STDOUT  ] 2017-07-10T20:29:29.388346632Z: [    0.000000] allocated 2097152 bytes of page_ext
[STDOUT  ] 2017-07-10T20:29:29.391594237Z: [    0.000000] clocksource: hpet: mask: 0xffffffff max_cycles: 0xffffffff, max_idle_ns: 19112604467 ns
[STDOUT  ] 2017-07-10T20:29:29.429959799Z: [    0.000000] tsc: Fast TSC calibration using PIT
[STDOUT  ] 2017-07-10T20:29:29.435662626Z: [    0.000000] tsc: Detected 2599.995 MHz processor
[STDOUT  ] 2017-07-10T20:29:29.438371484Z: [    0.021405] Calibrating delay loop (skipped), value calculated using timer frequency.. 5199.99 BogoMIPS (lpj=25999950)
[STDOUT  ] 2017-07-10T20:29:29.438824968Z: [    0.022573] pid_max: default: 32768 minimum: 301
[STDOUT  ] 2017-07-10T20:29:29.439868963Z: [    0.023698] ACPI: Core revision 20160831
[STDOUT  ] 2017-07-10T20:29:29.48343799Z: [    0.069737] ACPI: 1 ACPI AML tables successfully acquired and loaded
[STDOUT  ] 2017-07-10T20:29:29.488373669Z: [    0.074477] Security Framework initialized
[STDOUT  ] 2017-07-10T20:29:29.488777931Z: [    0.074942] Yama: becoming mindful.
[STDOUT  ] 2017-07-10T20:29:29.491069783Z: [    0.077009] Mount-cache hash table entries: 2048 (order: 2, 16384 bytes)
[STDOUT  ] 2017-07-10T20:29:29.491747678Z: [    0.077571] Mountpoint-cache hash table entries: 2048 (order: 2, 16384 bytes)
[STDOUT  ] 2017-07-10T20:29:29.513868224Z: [    0.100480] Last level iTLB entries: 4KB 0, 2MB 0, 4MB 0
[STDOUT  ] 2017-07-10T20:29:29.514333164Z: [    0.100961] Last level dTLB entries: 4KB 0, 2MB 0, 4MB 0, 1GB 0
[STDOUT  ] 2017-07-10T20:29:29.813870779Z: [    0.400178] Freeing SMP alternatives memory: 20K (ffffffff9eeae000 - ffffffff9eeb3000)
[STDOUT  ] 2017-07-10T20:29:29.824527232Z: [    0.410846] ftrace: allocating 35428 entries in 139 pages
[STDOUT  ] 2017-07-10T20:29:30.136033396Z: [    0.582306] smpboot: Max logical packages: 1
[STDOUT  ] 2017-07-10T20:29:30.143219302Z: [    0.589442] ..TIMER: vector=0x30 apic1=0 pin1=2 apic2=-1 pin2=-1
[STDOUT  ] 2017-07-10T20:29:30.364590514Z: [    0.690000] smpboot: CPU0: AMD QEMU Virtual CPU version 2.5+ (family: 0x6, model: 0x6, stepping: 0x3)
[STDOUT  ] 2017-07-10T20:29:30.366189148Z: [    0.690000] Performance Events: PMU not available due to virtualization, using software events only.
[STDOUT  ] 2017-07-10T20:29:30.383376457Z: [    0.698930] NMI watchdog: disabled (cpu0): hardware events not enabled
[STDOUT  ] 2017-07-10T20:29:30.383865106Z: [    0.699478] NMI watchdog: Shutting down hard lockup detector on all cpus
[STDOUT  ] 2017-07-10T20:29:30.387668697Z: [    0.703469] x86: Booted up 1 node, 1 CPUs
[STDOUT  ] 2017-07-10T20:29:30.388345089Z: [    0.703936] smpboot: Total of 1 processors activated (5199.99 BogoMIPS)
[STDOUT  ] 2017-07-10T20:29:30.403231975Z: [    0.718803] devtmpfs: initialized
[STDOUT  ] 2017-07-10T20:29:30.408164866Z: [    0.724134] x86/mm: Memory block size: 128MB
[STDOUT  ] 2017-07-10T20:29:30.473894769Z: [    0.789258] clocksource: jiffies: mask: 0xffffffff max_cycles: 0xffffffff, max_idle_ns: 19112604462750000 ns
[STDOUT  ] 2017-07-10T20:29:30.474683308Z: [    0.790409] futex hash table entries: 256 (order: 2, 16384 bytes)
[STDOUT  ] 2017-07-10T20:29:30.483668576Z: [    0.799310] NET: Registered protocol family 16
[STDOUT  ] 2017-07-10T20:29:30.493207122Z: [    0.809034] cpuidle: using governor ladder
[STDOUT  ] 2017-07-10T20:29:30.493737977Z: [    0.809574] cpuidle: using governor menu
[STDOUT  ] 2017-07-10T20:29:30.494988422Z: [    0.810965] ACPI: bus type PCI registered
[STDOUT  ] 2017-07-10T20:29:30.498152706Z: [    0.813786] PCI: MMCONFIG for domain 0000 [bus 00-ff] at [mem 0xb0000000-0xbfffffff] (base 0xb0000000)
[STDOUT  ] 2017-07-10T20:29:30.498895476Z: [    0.814582] PCI: MMCONFIG at [mem 0xb0000000-0xbfffffff] reserved in E820
[STDOUT  ] 2017-07-10T20:29:30.500134701Z: [    0.815981] PCI: Using configuration type 1 for base access
[STDOUT  ] 2017-07-10T20:29:30.558173704Z: [    0.873849] HugeTLB registered 2 MB page size, pre-allocated 0 pages
[STDOUT  ] 2017-07-10T20:29:30.572403048Z: [    0.888300] ACPI: Added _OSI(Module Device)
[STDOUT  ] 2017-07-10T20:29:30.572645892Z: [    0.888713] ACPI: Added _OSI(Processor Device)
[STDOUT  ] 2017-07-10T20:29:30.57293192Z: [    0.889032] ACPI: Added _OSI(3.0 _SCP Extensions)
[STDOUT  ] 2017-07-10T20:29:30.573280062Z: [    0.889344] ACPI: Added _OSI(Processor Aggregator Device)
[STDOUT  ] 2017-07-10T20:29:30.647544804Z: [    0.963462] ACPI: Interpreter enabled
[STDOUT  ] 2017-07-10T20:29:30.648464742Z: [    0.964441] ACPI: (supports S0 S5)
[STDOUT  ] 2017-07-10T20:29:30.648879116Z: [    0.964808] ACPI: Using IOAPIC for interrupt routing
[STDOUT  ] 2017-07-10T20:29:30.65174819Z: [    0.967534] PCI: Using host bridge windows from ACPI; if necessary, use "pci=nocrs" and report a bug
[STDOUT  ] 2017-07-10T20:29:30.716460381Z: [    1.032397] ACPI: PCI Root Bridge [PCI0] (domain 0000 [bus 00-ff])
[STDOUT  ] 2017-07-10T20:29:30.71785451Z: [    1.033539] acpi PNP0A08:00: _OSC: OS supports [ExtendedConfig ASPM ClockPM Segments MSI]
[STDOUT  ] 2017-07-10T20:29:30.724981942Z: [    1.040750] acpi PNP0A08:00: _OSC: OS now controls [PCIeHotplug PME PCIeCapability]
[STDOUT  ] 2017-07-10T20:29:30.728613022Z: [    1.044509] PCI host bridge to bus 0000:00
[STDOUT  ] 2017-07-10T20:29:30.729186502Z: [    1.044997] pci_bus 0000:00: root bus resource [io  0x0000-0x0cf7 window]
[STDOUT  ] 2017-07-10T20:29:30.729604113Z: [    1.045486] pci_bus 0000:00: root bus resource [io  0x0d00-0xffff window]
[STDOUT  ] 2017-07-10T20:29:30.730097424Z: [    1.045939] pci_bus 0000:00: root bus resource [mem 0x000a0000-0x000bffff window]
[STDOUT  ] 2017-07-10T20:29:30.730566482Z: [    1.046412] pci_bus 0000:00: root bus resource [mem 0xc0000000-0xfebfffff window]
[STDOUT  ] 2017-07-10T20:29:30.731052233Z: [    1.047067] pci_bus 0000:00: root bus resource [bus 00-ff]
[STDOUT  ] 2017-07-10T20:29:30.82333149Z: [    1.137888] pci 0000:00:1f.0: quirk: [io  0x0600-0x067f] claimed by ICH6 ACPI/GPIO/TCO
[STDOUT  ] 2017-07-10T20:29:30.881575708Z: [    1.196540] ACPI: PCI Interrupt Link [LNKA] (IRQs 5 *10 11)
[STDOUT  ] 2017-07-10T20:29:30.884540991Z: [    1.200238] ACPI: PCI Interrupt Link [LNKB] (IRQs 5 *10 11)
[STDOUT  ] 2017-07-10T20:29:30.886866231Z: [    1.202671] ACPI: PCI Interrupt Link [LNKC] (IRQs 5 10 *11)
[STDOUT  ] 2017-07-10T20:29:30.888729177Z: [    1.204488] ACPI: PCI Interrupt Link [LNKD] (IRQs 5 10 *11)
[STDOUT  ] 2017-07-10T20:29:30.890629116Z: [    1.206375] ACPI: PCI Interrupt Link [LNKE] (IRQs 5 *10 11)
[STDOUT  ] 2017-07-10T20:29:30.892570011Z: [    1.208347] ACPI: PCI Interrupt Link [LNKF] (IRQs 5 *10 11)
[STDOUT  ] 2017-07-10T20:29:30.894550123Z: [    1.210425] ACPI: PCI Interrupt Link [LNKG] (IRQs 5 10 *11)
[STDOUT  ] 2017-07-10T20:29:30.896390886Z: [    1.212265] ACPI: PCI Interrupt Link [LNKH] (IRQs 5 10 *11)
[STDOUT  ] 2017-07-10T20:29:30.897481668Z: [    1.213320] ACPI: PCI Interrupt Link [GSIA] (IRQs *16)
[STDOUT  ] 2017-07-10T20:29:30.898099712Z: [    1.214093] ACPI: PCI Interrupt Link [GSIB] (IRQs *17)
[STDOUT  ] 2017-07-10T20:29:30.89903779Z: [    1.214841] ACPI: PCI Interrupt Link [GSIC] (IRQs *18)
[STDOUT  ] 2017-07-10T20:29:30.899763215Z: [    1.215604] ACPI: PCI Interrupt Link [GSID] (IRQs *19)
[STDOUT  ] 2017-07-10T20:29:30.900422869Z: [    1.216410] ACPI: PCI Interrupt Link [GSIE] (IRQs *20)
[STDOUT  ] 2017-07-10T20:29:30.901287835Z: [    1.217153] ACPI: PCI Interrupt Link [GSIF] (IRQs *21)
[STDOUT  ] 2017-07-10T20:29:30.901898455Z: [    1.217912] ACPI: PCI Interrupt Link [GSIG] (IRQs *22)
[STDOUT  ] 2017-07-10T20:29:30.902642875Z: [    1.218627] ACPI: PCI Interrupt Link [GSIH] (IRQs *23)
[STDOUT  ] 2017-07-10T20:29:30.906620423Z: [    1.222633] ACPI: Enabled 2 GPEs in block 00 to 3F
[STDOUT  ] 2017-07-10T20:29:30.911129414Z: [    1.227011] SCSI subsystem initialized
[STDOUT  ] 2017-07-10T20:29:30.912894222Z: [    1.229006] ACPI: bus type USB registered
[STDOUT  ] 2017-07-10T20:29:30.914490798Z: [    1.230364] usbcore: registered new interface driver usbfs
[STDOUT  ] 2017-07-10T20:29:30.915549887Z: [    1.231449] usbcore: registered new interface driver hub
[STDOUT  ] 2017-07-10T20:29:30.916367912Z: [    1.232317] usbcore: registered new device driver usb
[STDOUT  ] 2017-07-10T20:29:30.917646079Z: [    1.233561] pps_core: LinuxPPS API ver. 1 registered
[STDOUT  ] 2017-07-10T20:29:30.918125461Z: [    1.233853] pps_core: Software ver. 5.3.6 - Copyright 2005-2007 Rodolfo Giometti <giometti@linux.it>
[STDOUT  ] 2017-07-10T20:29:30.918646823Z: [    1.234613] PTP clock support registered
[STDOUT  ] 2017-07-10T20:29:30.919847784Z: [    1.235908] wmi: Mapper loaded
[STDOUT  ] 2017-07-10T20:29:30.921178371Z: [    1.237086] PCI: Using ACPI for IRQ routing
[STDOUT  ] 2017-07-10T20:29:30.939386322Z: [    1.255336] NetLabel: Initializing
[STDOUT  ] 2017-07-10T20:29:30.939757645Z: [    1.255588] NetLabel:  domain hash size = 128
[STDOUT  ] 2017-07-10T20:29:30.940018925Z: [    1.255970] NetLabel:  protocols = UNLABELED CIPSOv4
[STDOUT  ] 2017-07-10T20:29:30.942851631Z: [    1.258731] NetLabel:  unlabeled traffic allowed by default
[STDOUT  ] 2017-07-10T20:29:30.944496678Z: [    1.260285] HPET: 3 timers in total, 0 timers will be used for per-cpu timer
[STDOUT  ] 2017-07-10T20:29:30.945509225Z: [    1.261175] hpet0: at MMIO 0xfed00000, IRQs 2, 8, 0
[STDOUT  ] 2017-07-10T20:29:30.945929534Z: [    1.261822] hpet0: 3 comparators, 64-bit 100.000000 MHz counter
[STDOUT  ] 2017-07-10T20:29:30.953676308Z: [    1.269500] clocksource: Switched to clocksource hpet
[STDOUT  ] 2017-07-10T20:29:31.271270303Z: [    1.577839] VFS: Disk quotas dquot_6.6.0
[STDOUT  ] 2017-07-10T20:29:31.272332827Z: [    1.578892] VFS: Dquot-cache hash table entries: 512 (order 0, 4096 bytes)
[STDOUT  ] 2017-07-10T20:29:31.276264429Z: [    1.583072] FS-Cache: Loaded
[STDOUT  ] 2017-07-10T20:29:31.282897389Z: [    1.589614] CacheFiles: Loaded
[STDOUT  ] 2017-07-10T20:29:31.284854969Z: [    1.591712] pnp: PnP ACPI init
[STDOUT  ] 2017-07-10T20:29:31.296488835Z: [    1.603300] pnp: PnP ACPI: found 5 devices
[STDOUT  ] 2017-07-10T20:29:31.349068075Z: [    1.655366] clocksource: acpi_pm: mask: 0xffffff max_cycles: 0xffffff, max_idle_ns: 2085701024 ns
[STDOUT  ] 2017-07-10T20:29:31.352926037Z: [    1.659652] NET: Registered protocol family 2
[STDOUT  ] 2017-07-10T20:29:31.360767899Z: [    1.667297] TCP established hash table entries: 8192 (order: 4, 65536 bytes)
[STDOUT  ] 2017-07-10T20:29:31.361593069Z: [    1.668172] TCP bind hash table entries: 8192 (order: 5, 131072 bytes)
[STDOUT  ] 2017-07-10T20:29:31.362194023Z: [    1.668930] TCP: Hash tables configured (established 8192 bind 8192)
[STDOUT  ] 2017-07-10T20:29:31.364454913Z: [    1.671095] UDP hash table entries: 512 (order: 2, 16384 bytes)
[STDOUT  ] 2017-07-10T20:29:31.365093777Z: [    1.671651] UDP-Lite hash table entries: 512 (order: 2, 16384 bytes)
[STDOUT  ] 2017-07-10T20:29:31.367359874Z: [    1.674034] NET: Registered protocol family 1
[STDOUT  ] 2017-07-10T20:29:31.368555191Z: [    1.675081] pci 0000:00:01.0: Video device with shadowed ROM at [mem 0x000c0000-0x000dffff]
[STDOUT  ] 2017-07-10T20:29:31.378078873Z: [    1.684896] Unpacking initramfs...
[STDOUT  ] 2017-07-10T20:29:36.647317561Z: [    6.953780] Freeing initrd memory: 40676K (ffff8e367d817000 - ffff8e367ffd0000)
[STDOUT  ] 2017-07-10T20:29:36.6723003Z: [    6.978915] PCLMULQDQ-NI instructions are not detected.
[STDOUT  ] 2017-07-10T20:29:36.674009224Z: [    6.980766] AVX or AES-NI instructions are not detected.
[STDOUT  ] 2017-07-10T20:29:36.674512473Z: [    6.981221] CPU feature 'AVX registers' is not supported.
[STDOUT  ] 2017-07-10T20:29:36.674853157Z: [    6.981612] CPU feature 'AVX registers' is not supported.
[STDOUT  ] 2017-07-10T20:29:36.675411874Z: [    6.982022] CPU feature 'AVX registers' is not supported.
[STDOUT  ] 2017-07-10T20:29:36.67584614Z: [    6.982520] CPU feature 'AVX registers' is not supported.
[STDOUT  ] 2017-07-10T20:29:36.676191813Z: [    6.982935] AVX2 or AES-NI instructions are not detected.
[STDOUT  ] 2017-07-10T20:29:36.676622346Z: [    6.983346] AVX2 instructions are not detected.
[STDOUT  ] 2017-07-10T20:29:36.682282762Z: [    6.988970] audit: initializing netlink subsys (disabled)
[STDOUT  ] 2017-07-10T20:29:36.685466115Z: [    6.992166] audit: type=2000 audit(1499718574.990:1): initialized
[STDOUT  ] 2017-07-10T20:29:36.695204597Z: [    7.001704] workingset: timestamp_bits=46 max_order=18 bucket_order=0
[STDOUT  ] 2017-07-10T20:29:36.702903518Z: [    7.009536] FS-Cache: Netfs 'cifs' registered for caching
[STDOUT  ] 2017-07-10T20:29:36.70448237Z: [    7.011183] fuse init (API version 7.26)
[STDOUT  ] 2017-07-10T20:29:36.706777998Z: [    7.013521] SGI XFS with ACLs, security attributes, no debug enabled
[STDOUT  ] 2017-07-10T20:29:36.710614974Z: [    7.017269] 9p: Installing v9fs 9p2000 file system support
[STDOUT  ] 2017-07-10T20:29:36.710987438Z: [    7.017727] FS-Cache: Netfs '9p' registered for caching
[STDOUT  ] 2017-07-10T20:29:36.742865144Z: [    7.049573] NET: Registered protocol family 38
[STDOUT  ] 2017-07-10T20:29:36.744407802Z: [    7.050062] Key type asymmetric registered
[STDOUT  ] 2017-07-10T20:29:36.746306236Z: [    7.052921] Asymmetric key parser 'x509' registered
[STDOUT  ] 2017-07-10T20:29:36.747543911Z: [    7.054119] Block layer SCSI generic (bsg) driver version 0.4 loaded (major 251)
[STDOUT  ] 2017-07-10T20:29:36.748902892Z: [    7.055585] io scheduler noop registered
[STDOUT  ] 2017-07-10T20:29:36.749255066Z: [    7.055919] io scheduler deadline registered (default)
[STDOUT  ] 2017-07-10T20:29:36.749752489Z: [    7.056613] io scheduler cfq registered
[STDOUT  ] 2017-07-10T20:29:36.752603751Z: [    7.059364] pci_hotplug: PCI Hot Plug PCI Core version: 0.5
[STDOUT  ] 2017-07-10T20:29:36.753452465Z: [    7.060017] pciehp: PCI Express Hot Plug Controller Driver version: 0.4
[STDOUT  ] 2017-07-10T20:29:36.755565903Z: [    7.062084] shpchp: Standard Hot Plug PCI Controller Driver version: 0.4
[STDOUT  ] 2017-07-10T20:29:36.756339171Z: [    7.063031] hv_vmbus: registering driver hyperv_fb
[STDOUT  ] 2017-07-10T20:29:36.759678048Z: [    7.066194] input: Power Button as /devices/LNXSYSTM:00/LNXPWRBN:00/input/input0
[STDOUT  ] 2017-07-10T20:29:36.760446118Z: [    7.067308] ACPI: Power Button [PWRF]
[STDOUT  ] 2017-07-10T20:29:36.765874463Z: [    7.072530] GHES: HEST is not enabled!
[STDOUT  ] 2017-07-10T20:29:36.777262316Z: [    7.083990] ACPI: PCI Interrupt Link [GSIH] enabled at IRQ 23
[STDOUT  ] 2017-07-10T20:29:36.783710261Z: [    7.090393] xenfs: not registering filesystem on non-xen platform
[STDOUT  ] 2017-07-10T20:29:36.785960136Z: [    7.092509] Serial: 8250/16550 driver, 4 ports, IRQ sharing disabled
[STDOUT  ] 2017-07-10T20:29:36.810776584Z: [    7.117214] 00:04: ttyS0 at I/O 0x3f8 (irq = 4, base_baud = 115200) is a 16550A
[STDOUT  ] 2017-07-10T20:29:36.823628559Z: [    7.130311] Non-volatile memory driver v1.3
[STDOUT  ] 2017-07-10T20:29:36.829968088Z: [    7.136447] Hangcheck: starting hangcheck timer 0.9.1 (tick is 180 seconds, margin is 60 seconds).
[STDOUT  ] 2017-07-10T20:29:36.890820888Z: [    7.197497] loop: module loaded
[STDOUT  ] 2017-07-10T20:29:36.90956924Z: [    7.216253] nbd: registered device at major 43
[STDOUT  ] 2017-07-10T20:29:36.95527911Z: [    7.261999] lpc_ich 0000:00:1f.0: I/O space for GPIO uninitialized
[STDOUT  ] 2017-07-10T20:29:36.95751853Z: [    7.264286] VMware PVSCSI driver - version 1.0.7.0-k
[STDOUT  ] 2017-07-10T20:29:36.958518798Z: [    7.265297] hv_vmbus: registering driver hv_storvsc
[STDOUT  ] 2017-07-10T20:29:36.969640531Z: [    7.276414] ACPI: PCI Interrupt Link [GSIA] enabled at IRQ 16
[STDOUT  ] 2017-07-10T20:29:36.978121479Z: [    7.284523] ahci 0000:00:1f.2: AHCI 0001.0000 32 slots 6 ports 1.5 Gbps 0x3f impl SATA mode
[STDOUT  ] 2017-07-10T20:29:36.9785641Z: [    7.285296] ahci 0000:00:1f.2: flags: 64bit ncq only 
[STDOUT  ] 2017-07-10T20:29:36.999701293Z: [    7.306531] scsi host0: ahci
[STDOUT  ] 2017-07-10T20:29:37.006033892Z: [    7.312767] scsi host1: ahci
[STDOUT  ] 2017-07-10T20:29:37.008408744Z: [    7.315274] scsi host2: ahci
[STDOUT  ] 2017-07-10T20:29:37.010811649Z: [    7.317683] scsi host3: ahci
[STDOUT  ] 2017-07-10T20:29:37.013122921Z: [    7.319978] scsi host4: ahci
[STDOUT  ] 2017-07-10T20:29:37.015738652Z: [    7.322538] scsi host5: ahci
[STDOUT  ] 2017-07-10T20:29:37.017720378Z: [    7.324457] ata1: SATA max UDMA/133 abar m4096@0xfebf1000 port 0xfebf1100 irq 24
[STDOUT  ] 2017-07-10T20:29:37.018386126Z: [    7.324959] ata2: SATA max UDMA/133 abar m4096@0xfebf1000 port 0xfebf1180 irq 24
[STDOUT  ] 2017-07-10T20:29:37.018829056Z: [    7.325408] ata3: SATA max UDMA/133 abar m4096@0xfebf1000 port 0xfebf1200 irq 24
[STDOUT  ] 2017-07-10T20:29:37.01925944Z: [    7.325896] ata4: SATA max UDMA/133 abar m4096@0xfebf1000 port 0xfebf1280 irq 24
[STDOUT  ] 2017-07-10T20:29:37.019711361Z: [    7.326375] ata5: SATA max UDMA/133 abar m4096@0xfebf1000 port 0xfebf1300 irq 24
[STDOUT  ] 2017-07-10T20:29:37.02027683Z: [    7.326833] ata6: SATA max UDMA/133 abar m4096@0xfebf1000 port 0xfebf1380 irq 24
[STDOUT  ] 2017-07-10T20:29:37.034066937Z: [    7.340795] tun: Universal TUN/TAP device driver, 1.6
[STDOUT  ] 2017-07-10T20:29:37.034485399Z: [    7.341172] tun: (C) 1999-2004 Max Krasnyansky <maxk@qualcomm.com>
[STDOUT  ] 2017-07-10T20:29:37.036925872Z: [    7.343416] VMware vmxnet3 virtual NIC driver - version 1.4.a.0-k-NAPI
[STDOUT  ] 2017-07-10T20:29:37.037912886Z: [    7.344645] hv_vmbus: registering driver hv_netvsc
[STDOUT  ] 2017-07-10T20:29:37.038229552Z: [    7.344980] Fusion MPT base driver 3.04.20
[STDOUT  ] 2017-07-10T20:29:37.03842075Z: [    7.345256] Copyright (c) 1999-2008 LSI Corporation
[STDOUT  ] 2017-07-10T20:29:37.039156892Z: [    7.345873] Fusion MPT SPI Host driver 3.04.20
[STDOUT  ] 2017-07-10T20:29:37.041479997Z: [    7.348028] i8042: PNP: PS/2 Controller [PNP0303:KBD,PNP0f13:MOU] at 0x60,0x64 irq 1,12
[STDOUT  ] 2017-07-10T20:29:37.045873232Z: [    7.352564] serio: i8042 KBD port at 0x60,0x64 irq 1
[STDOUT  ] 2017-07-10T20:29:37.046521677Z: [    7.353293] serio: i8042 AUX port at 0x60,0x64 irq 12
[STDOUT  ] 2017-07-10T20:29:37.049764354Z: [    7.356462] hv_vmbus: registering driver hyperv_keyboard
[STDOUT  ] 2017-07-10T20:29:37.052486295Z: [    7.359124] mousedev: PS/2 mouse device common for all mice
[STDOUT  ] 2017-07-10T20:29:37.057940784Z: [    7.364438] input: AT Translated Set 2 keyboard as /devices/platform/i8042/serio0/input/input1
[STDOUT  ] 2017-07-10T20:29:37.060840807Z: [    7.367409] input: PC Speaker as /devices/platform/pcspkr/input/input2
[STDOUT  ] 2017-07-10T20:29:37.064793355Z: [    7.371464] rtc_cmos 00:00: RTC can wake from S4
[STDOUT  ] 2017-07-10T20:29:37.068207487Z: [    7.374852] rtc_cmos 00:00: rtc core: registered rtc_cmos as rtc0
[STDOUT  ] 2017-07-10T20:29:37.069558257Z: [    7.376283] rtc_cmos 00:00: alarms up to one day, y3k, 114 bytes nvram, hpet irqs
[STDOUT  ] 2017-07-10T20:29:37.070055013Z: [    7.376967] i2c /dev entries driver
[STDOUT  ] 2017-07-10T20:29:37.072451144Z: [    7.378975] device-mapper: ioctl: 4.35.0-ioctl (2016-06-23) initialised: dm-devel@redhat.com
[STDOUT  ] 2017-07-10T20:29:37.077648723Z: [    7.384269] usbcore: registered new interface driver usbhid
[STDOUT  ] 2017-07-10T20:29:37.077951502Z: [    7.384689] usbhid: USB HID core driver
[STDOUT  ] 2017-07-10T20:29:37.078669923Z: [    7.385415] hv_utils: Registering HyperV Utility Driver
[STDOUT  ] 2017-07-10T20:29:37.079009586Z: [    7.385745] hv_vmbus: registering driver hv_util
[STDOUT  ] 2017-07-10T20:29:37.079267227Z: [    7.386061] hv_vmbus: registering driver hv_balloon
[STDOUT  ] 2017-07-10T20:29:37.079900479Z: [    7.386653] oprofile: using NMI interrupt.
[STDOUT  ] 2017-07-10T20:29:37.080982302Z: [    7.387857] GACT probability on
[STDOUT  ] 2017-07-10T20:29:37.08160589Z: [    7.388340] Mirror/redirect action on
[STDOUT  ] 2017-07-10T20:29:37.082430149Z: [    7.389301] Simple TC action Loaded
[STDOUT  ] 2017-07-10T20:29:37.083114226Z: [    7.389953] u32 classifier
[STDOUT  ] 2017-07-10T20:29:37.083767953Z: [    7.390537]     Performance counters on
[STDOUT  ] 2017-07-10T20:29:37.084105716Z: [    7.390828]     input device check on
[STDOUT  ] 2017-07-10T20:29:37.084241377Z: [    7.391126]     Actions configured
[STDOUT  ] 2017-07-10T20:29:37.085207812Z: [    7.392089] Netfilter messages via NETLINK v0.30.
[STDOUT  ] 2017-07-10T20:29:37.085884822Z: [    7.392643] nfnl_acct: registering with nfnetlink.
[STDOUT  ] 2017-07-10T20:29:37.087341772Z: [    7.394034] nf_conntrack version 0.5.0 (8192 buckets, 32768 max)
[STDOUT  ] 2017-07-10T20:29:37.090395072Z: [    7.397072] ctnetlink v0.93: registering with nfnetlink.
[STDOUT  ] 2017-07-10T20:29:37.094055881Z: [    7.400765] nf_tables: (c) 2007-2009 Patrick McHardy <kaber@trash.net>
[STDOUT  ] 2017-07-10T20:29:37.095085482Z: [    7.401654] nf_tables_compat: (c) 2012 Pablo Neira Ayuso <pablo@netfilter.org>
[STDOUT  ] 2017-07-10T20:29:37.097225456Z: [    7.404128] xt_time: kernel timezone is -0000
[STDOUT  ] 2017-07-10T20:29:37.097777045Z: [    7.404657] ip_set: protocol 6
[STDOUT  ] 2017-07-10T20:29:37.098577529Z: [    7.405332] IPVS: Registered protocols (TCP, UDP, SCTP, AH, ESP)
[STDOUT  ] 2017-07-10T20:29:37.099219503Z: [    7.405974] IPVS: Connection hash table configured (size=4096, memory=64Kbytes)
[STDOUT  ] 2017-07-10T20:29:37.100895869Z: [    7.407745] IPVS: Creating netns size=2104 id=0
[STDOUT  ] 2017-07-10T20:29:37.104056831Z: [    7.410919] IPVS: ipvs loaded.
[STDOUT  ] 2017-07-10T20:29:37.104600913Z: [    7.411360] IPVS: [rr] scheduler registered.
[STDOUT  ] 2017-07-10T20:29:37.104968702Z: [    7.411710] IPVS: [wrr] scheduler registered.
[STDOUT  ] 2017-07-10T20:29:37.105279215Z: [    7.412028] IPVS: [lc] scheduler registered.
[STDOUT  ] 2017-07-10T20:29:37.105585609Z: [    7.412320] IPVS: [wlc] scheduler registered.
[STDOUT  ] 2017-07-10T20:29:37.105737939Z: [    7.412617] IPVS: [fo] scheduler registered.
[STDOUT  ] 2017-07-10T20:29:37.106129556Z: [    7.412914] IPVS: [ovf] scheduler registered.
[STDOUT  ] 2017-07-10T20:29:37.106707196Z: [    7.413451] IPVS: [lblc] scheduler registered.
[STDOUT  ] 2017-07-10T20:29:37.107146576Z: [    7.413922] IPVS: [lblcr] scheduler registered.
[STDOUT  ] 2017-07-10T20:29:37.107457808Z: [    7.414285] IPVS: [dh] scheduler registered.
[STDOUT  ] 2017-07-10T20:29:37.107869728Z: [    7.414605] IPVS: [sh] scheduler registered.
[STDOUT  ] 2017-07-10T20:29:37.108187105Z: [    7.414927] IPVS: [sed] scheduler registered.
[STDOUT  ] 2017-07-10T20:29:37.108333529Z: [    7.415216] IPVS: [nq] scheduler registered.
[STDOUT  ] 2017-07-10T20:29:37.109251485Z: [    7.415967] IPVS: ftp: loaded support on port[0] = 21
[STDOUT  ] 2017-07-10T20:29:37.110129153Z: [    7.416874] ipip: IPv4 and MPLS over IPv4 tunneling driver
[STDOUT  ] 2017-07-10T20:29:37.115251835Z: [    7.421892] gre: GRE over IPv4 demultiplexor driver
[STDOUT  ] 2017-07-10T20:29:37.117924914Z: [    7.424585] ip_tables: (C) 2000-2006 Netfilter Core Team
[STDOUT  ] 2017-07-10T20:29:37.121030595Z: [    7.427707] ipt_CLUSTERIP: ClusterIP Version 0.8 loaded successfully
[STDOUT  ] 2017-07-10T20:29:37.121764852Z: [    7.428478] arp_tables: arp_tables: (C) 2002 David S. Miller
[STDOUT  ] 2017-07-10T20:29:37.12459584Z: [    7.431275] NET: Registered protocol family 10
[STDOUT  ] 2017-07-10T20:29:37.133684086Z: [    7.439987] ip6_tables: (C) 2000-2006 Netfilter Core Team
[STDOUT  ] 2017-07-10T20:29:37.142079353Z: [    7.448797] NET: Registered protocol family 17
[STDOUT  ] 2017-07-10T20:29:37.143292033Z: [    7.449950] Bridge firewalling registered
[STDOUT  ] 2017-07-10T20:29:37.144234227Z: [    7.451148] Ebtables v2.0 registered
[STDOUT  ] 2017-07-10T20:29:37.14646242Z: [    7.453151] 8021q: 802.1Q VLAN Support v1.8
[STDOUT  ] 2017-07-10T20:29:37.147947278Z: [    7.454696] 9pnet: Installing 9P2000 support
[STDOUT  ] 2017-07-10T20:29:37.149521583Z: [    7.456257] Key type dns_resolver registered
[STDOUT  ] 2017-07-10T20:29:37.150578515Z: [    7.457314] microcode: AMD CPU family 0x6 not supported
[STDOUT  ] 2017-07-10T20:29:37.155047799Z: [    7.461652] registered taskstats version 1
[STDOUT  ] 2017-07-10T20:29:37.357356322Z: [    7.664057] ata4: SATA link down (SStatus 0 SControl 300)
[STDOUT  ] 2017-07-10T20:29:37.360773367Z: [    7.667378] ata3: SATA link up 1.5 Gbps (SStatus 113 SControl 300)
[STDOUT  ] 2017-07-10T20:29:37.364252243Z: [    7.670933] ata5: SATA link down (SStatus 0 SControl 300)
[STDOUT  ] 2017-07-10T20:29:37.36478196Z: [    7.671549] ata2: SATA link down (SStatus 0 SControl 300)
[STDOUT  ] 2017-07-10T20:29:37.365282683Z: [    7.672047] ata1: SATA link down (SStatus 0 SControl 300)
[STDOUT  ] 2017-07-10T20:29:37.366378767Z: [    7.673093] ata6: SATA link down (SStatus 0 SControl 300)
[STDOUT  ] 2017-07-10T20:29:37.375965845Z: [    7.682386] ata3.00: ATAPI: QEMU DVD-ROM, 2.5+, max UDMA/100
[STDOUT  ] 2017-07-10T20:29:37.376279159Z: [    7.682944] ata3.00: applying bridge limits
[STDOUT  ] 2017-07-10T20:29:37.378302814Z: [    7.684996] ata3.00: configured for UDMA/100
[STDOUT  ] 2017-07-10T20:29:37.392928245Z: [    7.699352] scsi 2:0:0:0: CD-ROM            QEMU     QEMU DVD-ROM     2.5+ PQ: 0 ANSI: 5
[STDOUT  ] 2017-07-10T20:29:37.410905252Z: [    7.717649] Key type big_key registered
[STDOUT  ] 2017-07-10T20:29:37.427346585Z: [    7.733826] sr 2:0:0:0: [sr0] scsi3-mmc drive: 4x/4x cd/rw xa/form2 tray
[STDOUT  ] 2017-07-10T20:29:37.428003816Z: [    7.734701] cdrom: Uniform CD-ROM driver Revision: 3.20
[STDOUT  ] 2017-07-10T20:29:37.448747432Z: [    7.755484] sr 2:0:0:0: Attached scsi generic sg0 type 5
[STDOUT  ] 2017-07-10T20:29:37.478720603Z: [    7.785418] Key type encrypted registered
[STDOUT  ] 2017-07-10T20:29:37.485483005Z: [    7.791925] rtc_cmos 00:00: setting system clock to 2017-07-10 20:29:36 UTC (1499718576)
[STDOUT  ] 2017-07-10T20:29:37.628109537Z: [    7.934508] Freeing unused kernel memory: 1372K (ffffffff9ed57000 - ffffffff9eeae000)
[STDOUT  ] 2017-07-10T20:29:37.628695873Z: [    7.935160] Write protecting the kernel read-only data: 12288k
[STDOUT  ] 2017-07-10T20:29:37.636622435Z: [    7.943156] Freeing unused kernel memory: 156K (ffff8e367a7d9000 - ffff8e367a800000)
[STDOUT  ] 2017-07-10T20:29:37.740367258Z: [    8.046680] Freeing unused kernel memory: 1404K (ffff8e367aaa1000 - ffff8e367ac00000)
[STDOUT  ] 2017-07-10T20:29:37.741119609Z: [    8.047816] tsc: Refined TSC clocksource calibration: 2600.002 MHz
[STDOUT  ] 2017-07-10T20:29:37.741960662Z: [    8.048367] clocksource: tsc: mask: 0xffffffffffffffff max_cycles: 0x257a3e40e8d, max_idle_ns: 440795298933 ns
[STDOUT  ] 2017-07-10T20:29:38.754155054Z: [    9.060803] clocksource: Switched to clocksource tsc
[STDOUT  ] 2017-07-10T20:29:43.776337022Z: [   14.082816] e1000: Intel(R) PRO/1000 Network Driver - version 7.3.21-k8-NAPI
[STDOUT  ] 2017-07-10T20:29:43.776855626Z: [   14.083361] e1000: Copyright (c) 1999-2006 Intel Corporation.
[STDOUT  ] 2017-07-10T20:29:43.797032655Z: [   14.103660] ACPI: PCI Interrupt Link [GSIG] enabled at IRQ 22
[STDOUT  ] 2017-07-10T20:29:44.160802071Z: [   14.467117] e1000 0000:00:02.0 eth0: (PCI:33MHz:32-bit) 52:54:00:12:34:56
[STDOUT  ] 2017-07-10T20:29:44.161571922Z: [   14.468156] e1000 0000:00:02.0 eth0: Intel(R) PRO/1000 Network Connection
[STDOUT  ] 2017-07-10T20:29:44.596634725Z: 
[STDOUT  ] 2017-07-10T20:29:44.59772383Z: Starting containerd
[STDOUT  ] 2017-07-10T20:29:44.684105346Z: 
[STDOUT  ] 2017-07-10T20:29:44.684426462Z: Welcome to LinuxKit
[STDOUT  ] 2017-07-10T20:29:44.684620064Z: 
[STDOUT  ] 2017-07-10T20:29:44.684991656Z:                         ##         .
[STDOUT  ] 2017-07-10T20:29:44.685587195Z:                   ## ## ##        ==
[STDOUT  ] 2017-07-10T20:29:44.685920758Z:                ## ## ## ## ##    ===
[STDOUT  ] 2017-07-10T20:29:44.686259902Z:            /"""""""""""""""""\___/ ===
[STDOUT  ] 2017-07-10T20:29:44.686788274Z:           {                       /  ===-
[STDOUT  ] 2017-07-10T20:29:44.687118141Z:            \______ O           __/
[STDOUT  ] 2017-07-10T20:29:44.687455208Z:              \    \         __/
[STDOUT  ] 2017-07-10T20:29:44.687812821Z:               \____\_______/
[STDOUT  ] 2017-07-10T20:29:44.687824545Z: 
[STDOUT  ] 2017-07-10T20:29:45.042442609Z: [34mINFO[0m[0000] starting containerd boot...                   [34mmodule[0m=containerd
[STDOUT  ] 2017-07-10T20:29:45.068105102Z: [34mINFO[0m[0000] starting debug API...                         [34mdebug[0m="/run/containerd/debug.sock" [34mmodule[0m=containerd
[STDOUT  ] 2017-07-10T20:29:45.070652813Z: [34mINFO[0m[0000] loading plugin "io.containerd.content.v1.content"...  [34mmodule[0m=containerd [34mtype[0m=io.containerd.content.v1
[STDOUT  ] 2017-07-10T20:29:45.080405089Z: [34mINFO[0m[0000] loading plugin "io.containerd.snapshotter.v1.btrfs"...  [34mmodule[0m=containerd [34mtype[0m=io.containerd.snapshotter.v1
[STDOUT  ] 2017-07-10T20:29:45.082066002Z: [34mINFO[0m[0000] loading plugin "io.containerd.snapshotter.v1.overlayfs"...  [34mmodule[0m=containerd [34mtype[0m=io.containerd.snapshotter.v1
[STDOUT  ] 2017-07-10T20:29:45.089225663Z: [34mINFO[0m[0000] loading plugin "io.containerd.differ.v1.base-diff"...  [34mmodule[0m=containerd [34mtype[0m=io.containerd.differ.v1
[STDOUT  ] 2017-07-10T20:29:45.091059203Z: [34mINFO[0m[0000] loading plugin "io.containerd.metadata.v1.bolt"...  [34mmodule[0m=containerd [34mtype[0m=io.containerd.metadata.v1
[STDOUT  ] 2017-07-10T20:29:45.098242408Z: [34mINFO[0m[0000] loading plugin "io.containerd.grpc.v1.containers"...  [34mmodule[0m=containerd [34mtype[0m=io.containerd.grpc.v1
[STDOUT  ] 2017-07-10T20:29:45.100462402Z: [34mINFO[0m[0000] loading plugin "io.containerd.grpc.v1.content"...  [34mmodule[0m=containerd [34mtype[0m=io.containerd.grpc.v1
[STDOUT  ] 2017-07-10T20:29:45.10204389Z: [34mINFO[0m[0000] loading plugin "io.containerd.grpc.v1.diff"...  [34mmodule[0m=containerd [34mtype[0m=io.containerd.grpc.v1
[STDOUT  ] 2017-07-10T20:29:45.104140662Z: [34mINFO[0m[0000] loading plugin "io.containerd.monitor.v1.cgroups"...  [34mmodule[0m=containerd [34mtype[0m=io.containerd.monitor.v1
[STDOUT  ] 2017-07-10T20:29:45.120791137Z: [34mINFO[0m[0000] loading plugin "io.containerd.runtime.v1.linux"...  [34mmodule[0m=containerd [34mtype[0m=io.containerd.runtime.v1
[STDOUT  ] 2017-07-10T20:29:45.146772014Z: [34mINFO[0m[0000] loading plugin "io.containerd.grpc.v1.tasks"...  [34mmodule[0m=containerd [34mtype[0m=io.containerd.grpc.v1
[STDOUT  ] 2017-07-10T20:29:45.150090858Z: [34mINFO[0m[0000] loading plugin "io.containerd.grpc.v1.healthcheck"...  [34mmodule[0m=containerd [34mtype[0m=io.containerd.grpc.v1
[STDOUT  ] 2017-07-10T20:29:45.15190709Z: [34mINFO[0m[0000] loading plugin "io.containerd.grpc.v1.images"...  [34mmodule[0m=containerd [34mtype[0m=io.containerd.grpc.v1
[STDOUT  ] 2017-07-10T20:29:45.154314286Z: [34mINFO[0m[0000] loading plugin "io.containerd.grpc.v1.namespaces"...  [34mmodule[0m=containerd [34mtype[0m=io.containerd.grpc.v1
[STDOUT  ] 2017-07-10T20:29:45.168427929Z: [34mINFO[0m[0000] loading plugin "io.containerd.grpc.v1.snapshots"...  [34mmodule[0m=containerd [34mtype[0m=io.containerd.grpc.v1
[STDOUT  ] 2017-07-10T20:29:45.170009455Z: [34mINFO[0m[0000] loading plugin "io.containerd.grpc.v1.version"...  [34mmodule[0m=containerd [34mtype[0m=io.containerd.grpc.v1
[STDOUT  ] 2017-07-10T20:29:45.170516827Z: [   15.477153] random: fast init done
[STDOUT  ] 2017-07-10T20:29:45.251729323Z: [34mINFO[0m[0000] starting GRPC API server...                   [34mmodule[0m=containerd
[STDOUT  ] 2017-07-10T20:29:45.257617391Z: [34mINFO[0m[0000] containerd successfully booted in 0.220660s   [34mmodule[0m=containerd
[STDOUT  ] 2017-07-10T20:29:46.650286664Z: Ports test case PASSED
[STDOUT  ] 2017-07-10T20:29:46.715781351Z:  - 000-test
[STDOUT  ] 2017-07-10T20:29:57.866941927Z: [   28.173463] ACPI: Preparing to enter system sleep state S5
[STDOUT  ] 2017-07-10T20:29:57.868535508Z: [   28.175258] reboot: Power down
[STDERR  ] 2017-07-10T20:29:58.358334764Z: + exit 0
[STDERR  ] 2017-07-10T20:29:58.358348057Z: + clean_up
[STDERR  ] 2017-07-10T20:29:58.358351069Z: + rm -rf lsof-cmdline lsof-initrd.img lsof-kernel
[PASS    ] linuxkit.security.ports 46.01s
