[INFO    ] 2019-03-07T22:52:45.664159196Z: Running Test linuxkit.packages.format_mount.multiple in /tmp/with_clone252724f/test/cases/040_packages/006_format_mount/010_multiple
[STDERR  ] 2019-03-07T22:52:45.664287974Z: crw-rw----    1 root     root        4,   7 Mar  7 22:52 tty7
[STDERR  ] 2019-03-07T22:52:45.664330081Z: crw-rw----    1 root     root        4,   8 Mar  7 22:52 tty8
[STDERR  ] 2019-03-07T22:52:45.664363210Z: crw-rw----    1 root     root        4,   9 Mar  7 22:52 tty9
[STDERR  ] 2019-03-07T22:52:45.664392803Z: crw-rw----    1 root     root        4,  64 Mar  7 22:52 ttyS0
[STDERR  ] 2019-03-07T22:52:45.664420593Z: crw-rw----    1 root     root        4,  65 Mar  7 22:52 ttyS1
[INFO    ] 2019-03-07T22:52:45.664440608Z: Running command: [/bin/sh -x /tmp/with_clone252724f/test/cases/040_packages/006_format_mount/010_multiple/test.sh]
[STDERR  ] 2019-03-07T22:52:45.664450131Z: crw-rw----    1 root     root        4,  66 Mar  7 22:52 ttyS2
[STDERR  ] 2019-03-07T22:52:45.664507081Z: crw-rw----    1 root     root        4,  67 Mar  7 22:52 ttyS3
[STDERR  ] 2019-03-07T22:52:45.664536382Z: crw-rw----    1 root     root       10, 223 Mar  7 22:52 uinput
[STDERR  ] 2019-03-07T22:52:45.664588776Z: crw-rw----    1 root     root        1,   9 Mar  7 22:52 urandom
[STDERR  ] 2019-03-07T22:52:45.664666674Z: crw-rw----    1 root     root        7,   0 Mar  7 22:52 vcs
[STDERR  ] 2019-03-07T22:52:45.664695851Z: crw-rw----    1 root     root        7,   1 Mar  7 22:52 vcs1
[STDERR  ] 2019-03-07T22:52:45.664725792Z: crw-rw----    1 root     root        7, 128 Mar  7 22:52 vcsa
[STDERR  ] 2019-03-07T22:52:45.664773006Z: crw-rw----    1 root     root        7, 129 Mar  7 22:52 vcsa1
[STDERR  ] 2019-03-07T22:52:45.664802020Z: crw-rw----    1 root     root        7,  64 Mar  7 22:52 vcsu
[STDERR  ] 2019-03-07T22:52:45.664829984Z: crw-rw----    1 root     root        7,  65 Mar  7 22:52 vcsu1
[STDERR  ] 2019-03-07T22:52:45.664858892Z: crw-rw----    1 root     root        1,   5 Mar  7 22:52 zero
[STDERR  ] 2019-03-07T22:52:45.664895117Z: Found /dev/sda1 and /dev/sdb1 block devices
[STDERR  ] 2019-03-07T22:52:45.664930047Z: === /dev/sda1 ===
[STDERR  ] 2019-03-07T22:52:45.664957640Z: DEVNAME=/dev/sda1
[STDERR  ] 2019-03-07T22:52:45.664990746Z: UUID=86a8345c-1d32-4309-a641-36e618fed4a1
[STDERR  ] 2019-03-07T22:52:45.665020697Z: TYPE=ext4
[STDERR  ] 2019-03-07T22:52:45.665050955Z: PARTUUID=bdc316eb-01
[STDERR  ] 2019-03-07T22:52:45.665082015Z: === /dev/sdb1 ===
[STDERR  ] 2019-03-07T22:52:45.665114246Z: DEVNAME=/dev/sdb1
[STDERR  ] 2019-03-07T22:52:45.665145347Z: UUID=a0ae1de0-823a-4ab3-bfff-a69bd2d8434d
[STDERR  ] 2019-03-07T22:52:45.665176280Z: TYPE=xfs
[STDERR  ] 2019-03-07T22:52:45.665225260Z: PARTUUID=bd6e83ad-01
[STDERR  ] 2019-03-07T22:52:45.665257948Z: === /dev/sda1 test ===
[STDERR  ] 2019-03-07T22:52:45.665294152Z: === /dev/sdb1 test ===
[STDERR  ] 2019-03-07T22:52:45.665319233Z: format_force test suite PASSED
[STDERR  ] 2019-03-07T22:52:45.665348822Z: [  131.570589] sd 1:0:0:0: [sdb] Synchronizing SCSI cache
[STDERR  ] 2019-03-07T22:52:45.665383189Z: [  131.573886] sd 1:0:0:0: [sdb] Stopping disk
[STDERR  ] 2019-03-07T22:52:45.665415895Z: [  131.575312] sd 0:0:0:0: [sda] Synchronizing SCSI cache
[STDERR  ] 2019-03-07T22:52:45.665466073Z: [  131.576389] sd 0:0:0:0: [sda] Stopping disk
[STDERR  ] 2019-03-07T22:52:45.665506467Z: [  131.581816] ACPI: Preparing to enter system sleep state S5
[STDERR  ] 2019-03-07T22:52:45.665539780Z: [  131.586561] reboot: Power down
[STDERR  ] 2019-03-07T22:52:45.665570987Z: + grep -q suite PASSED
[STDERR  ] 2019-03-07T22:52:45.665614427Z: + echo [    0.000000] Linu
[STDERR  ] 2019-03-07T22:52:45.665633743Z: + set -e
[STDERR  ] 2019-03-07T22:52:45.665777762Z: + . /tmp/with_clone252724f/test/cases/_lib/lib.sh
[STDERR  ] 2019-03-07T22:52:45.665828314Z: + [ -f src/github.com/linuxkit/rtf/lib/lib.sh ]
[STDERR  ] 2019-03-07T22:52:45.665859740Z: + LINUXKIT_TMPDIR=/tmp/with_clone252724f/test/cases/_tmp
[STDERR  ] 2019-03-07T22:52:45.665920997Z: + [ -f /tmp/with_clone252724f/test/cases/_tmp/env.sh ]
[STDERR  ] 2019-03-07T22:52:45.665965606Z: + . /tmp/with_clone252724f/test/cases/_tmp/env.sh
[STDERR  ] 2019-03-07T22:52:45.666000402Z: + export LINUXKIT_EXAMPLES_DIR=/tmp/with_clone252724f/test/cases/../../examples
[STDERR  ] 2019-03-07T22:52:45.666040027Z: + RT_CANCEL=253
[STDERR  ] 2019-03-07T22:52:45.666080338Z: + NAME=test-format
[STDERR  ] 2019-03-07T22:52:45.666112372Z: + DISK1=disk1.img
[STDERR  ] 2019-03-07T22:52:45.666146643Z: + DISK2=disk2.img
[STDERR  ] 2019-03-07T22:52:45.666175546Z: + trap clean_up EXIT
[STDERR  ] 2019-03-07T22:52:45.666218057Z: + linuxkit build -format kernel+initrd -name test-format test.yml
[STDERR  ] 2019-03-07T22:52:45.719182049Z: Extract kernel image: linuxkit/kernel:4.19.26
[STDERR  ] 2019-03-07T22:52:50.599340829Z: Add init containers:
[STDERR  ] 2019-03-07T22:52:50.599441471Z: Process init image: linuxkit/init:005807f5c6a74e23f485a6d1657818bdccb70cd0
[STDERR  ] 2019-03-07T22:52:52.379343242Z: Process init image: linuxkit/runc:606971451ea29b4238029804ca638f9f85caf5af
[STDERR  ] 2019-03-07T22:52:53.904032600Z: Add onboot containers:
[STDERR  ] 2019-03-07T22:52:53.904143519Z:   Create OCI config for linuxkit/format:ada5fd97592c33399140f5f93f517c02f55edb14
[STDERR  ] 2019-03-07T22:52:55.632143811Z:   Create OCI config for linuxkit/format:ada5fd97592c33399140f5f93f517c02f55edb14
[STDERR  ] 2019-03-07T22:52:57.379472360Z:   Create OCI config for linuxkit/mount:019bc551972cf2d136b443d70b4bf94c54d0d1fe
[STDERR  ] 2019-03-07T22:52:59.026286312Z:   Create OCI config for linuxkit/mount:019bc551972cf2d136b443d70b4bf94c54d0d1fe
[STDERR  ] 2019-03-07T22:53:00.665154415Z:   Create OCI config for alpine:3.9
[STDERR  ] 2019-03-07T22:53:02.303670430Z:   Create OCI config for linuxkit/poweroff:9f4e04f09bbb4a028f0a1f57d430e1ad3095ace1
[STDERR  ] 2019-03-07T22:53:03.835620355Z: Add files:
[STDERR  ] 2019-03-07T22:53:03.835727926Z:   check.sh
[STDERR  ] 2019-03-07T22:53:03.835769820Z: Create outputs:
[STDERR  ] 2019-03-07T22:53:12.672567527Z:   test-format-kernel test-format-initrd.img test-format-cmdline
[STDERR  ] 2019-03-07T22:53:12.788300412Z: + linuxkit run -disk file=disk1.img,size=512M -disk file=disk2.img,size=512M test-format
[STDERR  ] 2019-03-07T22:55:11.784237619Z: + RESULT=[    0.000000] Linux version 4.19.26-linuxkit (root@1d4c19bf251c) (gcc version 8.2.0 (Alpine 8.2.0)) #1 SMP Wed Mar 6 21:34:25 UTC 2019
[STDERR  ] 2019-03-07T22:55:11.785182107Z: [    0.000000] Command line: console=ttyS0 console=ttyAMA0
[STDERR  ] 2019-03-07T22:55:11.785229395Z: [    0.000000] x86/fpu: x87 FPU will use FXSAVE
[STDERR  ] 2019-03-07T22:55:11.785258344Z: [    0.000000] BIOS-provided physical RAM map:
[STDERR  ] 2019-03-07T22:55:11.785287121Z: [    0.000000] BIOS-e820: [mem 0x0000000000000000-0x000000000009fbff] usable
[STDERR  ] 2019-03-07T22:55:11.785316782Z: [    0.000000] BIOS-e820: [mem 0x000000000009fc00-0x000000000009ffff] reserved
[STDERR  ] 2019-03-07T22:55:11.785342323Z: [    0.000000] BIOS-e820: [mem 0x00000000000f0000-0x00000000000fffff] reserved
[STDERR  ] 2019-03-07T22:55:11.785368811Z: [    0.000000] BIOS-e820: [mem 0x0000000000100000-0x000000003ffddfff] usable
[STDERR  ] 2019-03-07T22:55:11.785394247Z: [    0.000000] BIOS-e820: [mem 0x000000003ffde000-0x000000003fffffff] reserved
[STDERR  ] 2019-03-07T22:55:11.785420538Z: [    0.000000] BIOS-e820: [mem 0x00000000b0000000-0x00000000bfffffff] reserved
[STDERR  ] 2019-03-07T22:55:11.785447299Z: [    0.000000] BIOS-e820: [mem 0x00000000fed1c000-0x00000000fed1ffff] reserved
[STDERR  ] 2019-03-07T22:55:11.785473188Z: [    0.000000] BIOS-e820: [mem 0x00000000fffc0000-0x00000000ffffffff] reserved
[STDERR  ] 2019-03-07T22:55:11.785498044Z: [    0.000000] NX (Execute Disable) protection: active
[STDERR  ] 2019-03-07T22:55:11.785535677Z: [    0.000000] SMBIOS 2.8 present.
[STDERR  ] 2019-03-07T22:55:11.785565760Z: [    0.000000] DMI: QEMU Standard PC (Q35 + ICH9, 2009), BIOS rel-1.10.2-0-g5f4c7b1-prebuilt.qemu-project.org 04/01/2014
[STDERR  ] 2019-03-07T22:55:11.785618177Z: [    0.000000] tsc: Fast TSC calibration using PIT
[STDERR  ] 2019-03-07T22:55:11.785658494Z: [    0.000000] tsc: Detected 2599.754 MHz processor
[STDERR  ] 2019-03-07T22:55:11.785703233Z: [    0.061664] last_pfn = 0x3ffde max_arch_pfn = 0x400000000
[STDERR  ] 2019-03-07T22:55:11.785736188Z: [    0.064037] x86/PAT: Configuration [0-7]: WB  WC  UC- UC  WB  WP  UC- WT  
[STDOUT  ] 2019-03-07T22:55:11.785700159Z: [    0.000000] Linux version 4.19.26-linuxkit (root@1d4c19bf251c) (gcc version 8.2.0 (Alpine 8.2.0)) #1 SMP Wed Mar 6 21:34:25 UTC 2019
[STDOUT  ] 2019-03-07T22:55:11.785893752Z: [    0.000000] Command line: console=ttyS0 console=ttyAMA0
[STDOUT  ] 2019-03-07T22:55:11.785917127Z: [    0.000000] x86/fpu: x87 FPU will use FXSAVE
[STDOUT  ] 2019-03-07T22:55:11.785937788Z: [    0.000000] BIOS-provided physical RAM map:
[STDOUT  ] 2019-03-07T22:55:11.785958278Z: [    0.000000] BIOS-e820: [mem 0x0000000000000000-0x000000000009fbff] usable
[STDOUT  ] 2019-03-07T22:55:11.785979006Z: [    0.000000] BIOS-e820: [mem 0x000000000009fc00-0x000000000009ffff] reserved
[STDOUT  ] 2019-03-07T22:55:11.785998147Z: [    0.000000] BIOS-e820: [mem 0x00000000000f0000-0x00000000000fffff] reserved
[STDOUT  ] 2019-03-07T22:55:11.786018588Z: [    0.000000] BIOS-e820: [mem 0x0000000000100000-0x000000003ffddfff] usable
[STDOUT  ] 2019-03-07T22:55:11.786038653Z: [    0.000000] BIOS-e820: [mem 0x000000003ffde000-0x000000003fffffff] reserved
[STDOUT  ] 2019-03-07T22:55:11.786059231Z: [    0.000000] BIOS-e820: [mem 0x00000000b0000000-0x00000000bfffffff] reserved
[STDOUT  ] 2019-03-07T22:55:11.786100180Z: [    0.000000] BIOS-e820: [mem 0x00000000fed1c000-0x00000000fed1ffff] reserved
[STDOUT  ] 2019-03-07T22:55:11.786119232Z: [    0.000000] BIOS-e820: [mem 0x00000000fffc0000-0x00000000ffffffff] reserved
[STDOUT  ] 2019-03-07T22:55:11.786139922Z: [    0.000000] NX (Execute Disable) protection: active
[STDOUT  ] 2019-03-07T22:55:11.786160372Z: [    0.000000] SMBIOS 2.8 present.
[STDOUT  ] 2019-03-07T22:55:11.786179340Z: [    0.000000] DMI: QEMU Standard PC (Q35 + ICH9, 2009), BIOS rel-1.10.2-0-g5f4c7b1-prebuilt.qemu-project.org 04/01/2014
[STDOUT  ] 2019-03-07T22:55:11.786222988Z: [    0.000000] tsc: Fast TSC calibration using PIT
[STDOUT  ] 2019-03-07T22:55:11.786241518Z: [    0.000000] tsc: Detected 2599.754 MHz processor
[STDOUT  ] 2019-03-07T22:55:11.786296971Z: [    0.061664] last_pfn = 0x3ffde max_arch_pfn = 0x400000000
[STDOUT  ] 2019-03-07T22:55:11.786318146Z: [    0.064037] x86/PAT: Configuration [0-7]: WB  WC  UC- UC  WB  WP  UC- WT  
[STDOUT  ] 2019-03-07T22:55:11.786337343Z: [    0.139855] found SMP MP-table at [mem 0x000f6aa0-0x000f6aaf] mapped at [(____ptrval____)]
[STDOUT  ] 2019-03-07T22:55:11.786361357Z: [    0.153222] RAMDISK: [mem 0x3cdfc000-0x3ffcffff]
[STDOUT  ] 2019-03-07T22:55:11.786380848Z: [    0.154429] ACPI: Early table checksum verification disabled
[STDOUT  ] 2019-03-07T22:55:11.786399630Z: [    0.157968] ACPI: RSDP 0x00000000000F68C0 000014 (v00 BOCHS )
[STDOUT  ] 2019-03-07T22:55:11.786417779Z: [    0.158444] ACPI: RSDT 0x000000003FFE2404 000034 (v01 BOCHS  BXPCRSDT 00000001 BXPC 00000001)
[STDOUT  ] 2019-03-07T22:55:11.786436788Z: [    0.159636] ACPI: FACP 0x000000003FFE22A4 000074 (v01 BOCHS  BXPCFACP 00000001 BXPC 00000001)
[STDOUT  ] 2019-03-07T22:55:11.786454538Z: [    0.160699] ACPI: DSDT 0x000000003FFE0040 002264 (v01 BOCHS  BXPCDSDT 00000001 BXPC 00000001)
[STDOUT  ] 2019-03-07T22:55:11.786472454Z: [    0.160921] ACPI: FACS 0x000000003FFE0000 000040
[STDOUT  ] 2019-03-07T22:55:11.786492502Z: [    0.161098] ACPI: APIC 0x000000003FFE2318 000078 (v01 BOCHS  BXPCAPIC 00000001 BXPC 00000001)
[STDOUT  ] 2019-03-07T22:55:11.786515068Z: [    0.161215] ACPI: HPET 0x000000003FFE2390 000038 (v01 BOCHS  BXPCHPET 00000001 BXPC 00000001)
[STDOUT  ] 2019-03-07T22:55:11.786536675Z: [    0.161330] ACPI: MCFG 0x000000003FFE23C8 00003C (v01 BOCHS  BXPCMCFG 00000001 BXPC 00000001)
[STDOUT  ] 2019-03-07T22:55:11.786559110Z: [    0.169141] Zone ranges:
[STDOUT  ] 2019-03-07T22:55:11.786580388Z: [    0.169299]   DMA      [mem 0x0000000000001000-0x0000000000ffffff]
[STDOUT  ] 2019-03-07T22:55:11.786600986Z: [    0.169419]   DMA32    [mem 0x0000000001000000-0x000000003ffddfff]
[STDOUT  ] 2019-03-07T22:55:11.786632883Z: [    0.169477]   Normal   empty
[STDOUT  ] 2019-03-07T22:55:11.786653387Z: [    0.169540]   Device   empty
[STDOUT  ] 2019-03-07T22:55:11.786672270Z: [    0.169596] Movable zone start for each node
[STDOUT  ] 2019-03-07T22:55:11.786691027Z: [    0.169682] Early memory node ranges
[STDOUT  ] 2019-03-07T22:55:11.786712862Z: [    0.169761]   node   0: [mem 0x0000000000001000-0x000000000009efff]
[STDOUT  ] 2019-03-07T22:55:11.786734132Z: [    0.169846]   node   0: [mem 0x0000000000100000-0x000000003ffddfff]
[STDOUT  ] 2019-03-07T22:55:11.786755049Z: [    0.170894] Reserved but unavailable: 98 pages
[STDOUT  ] 2019-03-07T22:55:11.786775427Z: [    0.171203] Initmem setup node 0 [mem 0x0000000000001000-0x000000003ffddfff]
[STDOUT  ] 2019-03-07T22:55:11.786798022Z: [    0.288401] ACPI: PM-Timer IO Port: 0x608
[STDOUT  ] 2019-03-07T22:55:11.786819773Z: [    0.289466] ACPI: LAPIC_NMI (acpi_id[0xff] dfl dfl lint[0x1])
[STDOUT  ] 2019-03-07T22:55:11.786837922Z: [    0.290380] IOAPIC[0]: apic_id 0, version 32, address 0xfec00000, GSI 0-23
[STDOUT  ] 2019-03-07T22:55:11.786856086Z: [    0.290661] ACPI: INT_SRC_OVR (bus 0 bus_irq 0 global_irq 2 dfl dfl)
[STDOUT  ] 2019-03-07T22:55:11.786875800Z: [    0.291199] ACPI: INT_SRC_OVR (bus 0 bus_irq 5 global_irq 5 high level)
[STDOUT  ] 2019-03-07T22:55:11.786897187Z: [    0.291291] ACPI: INT_SRC_OVR (bus 0 bus_irq 9 global_irq 9 high level)
[STDOUT  ] 2019-03-07T22:55:11.786925923Z: [    0.291480] ACPI: INT_SRC_OVR (bus 0 bus_irq 10 global_irq 10 high level)
[STDOUT  ] 2019-03-07T22:55:11.786946825Z: [    0.291525] ACPI: INT_SRC_OVR (bus 0 bus_irq 11 global_irq 11 high level)
[STDOUT  ] 2019-03-07T22:55:11.786965588Z: [    0.292130] Using ACPI (MADT) for SMP configuration information
[STDOUT  ] 2019-03-07T22:55:11.786983872Z: [    0.292243] ACPI: HPET id: 0x8086a201 base: 0xfed00000
[STDOUT  ] 2019-03-07T22:55:11.786999953Z: [    0.293058] smpboot: Allowing 1 CPUs, 0 hotplug CPUs
[STDOUT  ] 2019-03-07T22:55:11.787015440Z: [    0.294656] [mem 0x40000000-0xafffffff] available for PCI devices
[STDOUT  ] 2019-03-07T22:55:11.787030706Z: [    0.294783] Booting paravirtualized kernel on bare hardware
[STDOUT  ] 2019-03-07T22:55:11.787046288Z: [    0.295191] clocksource: refined-jiffies: mask: 0xffffffff max_cycles: 0xffffffff, max_idle_ns: 1910969940391419 ns
[STDOUT  ] 2019-03-07T22:55:11.787063711Z: [    3.851128] random: get_random_bytes called from start_kernel+0x91/0x517 with crng_init=0
[STDOUT  ] 2019-03-07T22:55:11.787094350Z: [    3.852206] setup_percpu: NR_CPUS:128 nr_cpumask_bits:128 nr_cpu_ids:1 nr_node_ids:1
[STDOUT  ] 2019-03-07T22:55:11.787112834Z: [    3.860967] percpu: Embedded 45 pages/cpu @(____ptrval____) s145112 r8192 d31016 u2097152
[STDERR  ] 2019-03-07T22:55:11.785791457Z: [    0.139855] found SMP MP-table at [mem 0x000f6aa0-0x000f6aaf] mapped at [(____ptrval____)]
[STDERR  ] 2019-03-07T22:55:11.787158941Z: [    0.153222] RAMDISK: [mem 0x3cdfc000-0x3ffcffff]
[STDERR  ] 2019-03-07T22:55:11.787225341Z: [    0.154429] ACPI: Early table checksum verification disabled
[STDERR  ] 2019-03-07T22:55:11.787250550Z: [    0.157968] ACPI: RSDP 0x00000000000F68C0 000014 (v00 BOCHS )
[STDERR  ] 2019-03-07T22:55:11.787280329Z: [    0.158444] ACPI: RSDT 0x000000003FFE2404 000034 (v01 BOCHS  BXPCRSDT 00000001 BXPC 00000001)
[STDERR  ] 2019-03-07T22:55:11.787306164Z: [    0.159636] ACPI: FACP 0x000000003FFE22A4 000074 (v01 BOCHS  BXPCFACP 00000001 BXPC 00000001)
[STDERR  ] 2019-03-07T22:55:11.787328677Z: [    0.160699] ACPI: DSDT 0x000000003FFE0040 002264 (v01 BOCHS  BXPCDSDT 00000001 BXPC 00000001)
[STDERR  ] 2019-03-07T22:55:11.787356035Z: [    0.160921] ACPI: FACS 0x000000003FFE0000 000040
[STDERR  ] 2019-03-07T22:55:11.787394887Z: [    0.161098] ACPI: APIC 0x000000003FFE2318 000078 (v01 BOCHS  BXPCAPIC 00000001 BXPC 00000001)
[STDERR  ] 2019-03-07T22:55:11.787417177Z: [    0.161215] ACPI: HPET 0x000000003FFE2390 000038 (v01 BOCHS  BXPCHPET 00000001 BXPC 00000001)
[STDERR  ] 2019-03-07T22:55:11.787438637Z: [    0.161330] ACPI: MCFG 0x000000003FFE23C8 00003C (v01 BOCHS  BXPCMCFG 00000001 BXPC 00000001)
[STDERR  ] 2019-03-07T22:55:11.787481164Z: [    0.169141] Zone ranges:
[STDERR  ] 2019-03-07T22:55:11.787513577Z: [    0.169299]   DMA      [mem 0x0000000000001000-0x0000000000ffffff]
[STDOUT  ] 2019-03-07T22:55:11.787131339Z: [    3.863956] Built 1 zonelists, mobility grouping on.  Total pages: 257895
[STDOUT  ] 2019-03-07T22:55:11.787589985Z: [    3.864194] Kernel command line: console=ttyS0 console=ttyAMA0
[STDOUT  ] 2019-03-07T22:55:11.787609571Z: [    3.869376] Dentry cache hash table entries: 131072 (order: 8, 1048576 bytes)
[STDOUT  ] 2019-03-07T22:55:11.787628730Z: [    3.871160] Inode-cache hash table entries: 65536 (order: 7, 524288 bytes)
[STDOUT  ] 2019-03-07T22:55:11.787652007Z: [    3.942515] Memory: 952080K/1048048K available (12300K kernel code, 1574K rwdata, 3056K rodata, 1584K init, 2036K bss, 95968K reserved, 0K cma-reserved)
[STDOUT  ] 2019-03-07T22:55:11.787674413Z: [    3.949985] ftrace: allocating 43038 entries in 169 pages
[STDOUT  ] 2019-03-07T22:55:11.787690794Z: [    4.411894] rcu: Hierarchical RCU implementation.
[STDOUT  ] 2019-03-07T22:55:11.787707467Z: [    4.412083] rcu: 	RCU restricting CPUs from NR_CPUS=128 to nr_cpu_ids=1.
[STDOUT  ] 2019-03-07T22:55:11.787722785Z: [    4.412244] rcu: Adjusting geometry for rcu_fanout_leaf=16, nr_cpu_ids=1
[STDOUT  ] 2019-03-07T22:55:11.787738472Z: [    4.471477] NR_IRQS: 8448, nr_irqs: 256, preallocated irqs: 16
[STDOUT  ] 2019-03-07T22:55:11.787762645Z: [    4.485572] Console: colour VGA+ 80x25
[STDOUT  ] 2019-03-07T22:55:11.787777744Z: [    4.537089] console [ttyS0] enabled
[STDOUT  ] 2019-03-07T22:55:11.787792863Z: [    4.537871] ACPI: Core revision 20180810
[STDOUT  ] 2019-03-07T22:55:11.787807805Z: [    4.546341] clocksource: hpet: mask: 0xffffffff max_cycles: 0xffffffff, max_idle_ns: 19112604467 ns
[STDOUT  ] 2019-03-07T22:55:11.787822772Z: [    4.553633] APIC: Switch to symmetric I/O mode setup
[STDOUT  ] 2019-03-07T22:55:11.787838718Z: [    4.560906] ..TIMER: vector=0x30 apic1=0 pin1=2 apic2=-1 pin2=-1
[STDOUT  ] 2019-03-07T22:55:11.787854035Z: [    4.566778] clocksource: tsc-early: mask: 0xffffffffffffffff max_cycles: 0x257953b988e, max_idle_ns: 440795265736 ns
[STDOUT  ] 2019-03-07T22:55:11.787869894Z: [    4.570887] Calibrating delay loop (skipped), value calculated using timer frequency.. 5199.50 BogoMIPS (lpj=2599754)
[STDOUT  ] 2019-03-07T22:55:11.787884710Z: [    4.571477] pid_max: default: 32768 minimum: 301
[STDOUT  ] 2019-03-07T22:55:11.787899873Z: [    4.577713] Security Framework initialized
[STDOUT  ] 2019-03-07T22:55:11.787914650Z: [    4.578459] Yama: becoming mindful.
[STDOUT  ] 2019-03-07T22:55:11.787929315Z: [    4.580958] Mount-cache hash table entries: 2048 (order: 2, 16384 bytes)
[STDOUT  ] 2019-03-07T22:55:11.787944359Z: [    4.581436] Mountpoint-cache hash table entries: 2048 (order: 2, 16384 bytes)
[STDOUT  ] 2019-03-07T22:55:11.787959466Z: [    4.600118] Last level iTLB entries: 4KB 0, 2MB 0, 4MB 0
[STDOUT  ] 2019-03-07T22:55:11.787974557Z: [    4.600369] Last level dTLB entries: 4KB 0, 2MB 0, 4MB 0, 1GB 0
[STDOUT  ] 2019-03-07T22:55:11.787989332Z: [    4.601529] Spectre V2 : Spectre mitigation: LFENCE not serializing, switching to generic retpoline
[STDOUT  ] 2019-03-07T22:55:11.788004064Z: [    4.602374] Spectre V2 : Mitigation: Full generic retpoline
[STDOUT  ] 2019-03-07T22:55:11.788019229Z: [    4.603358] Spectre V2 : Spectre v2 / SpectreRSB mitigation: Filling RSB on context switch
[STDOUT  ] 2019-03-07T22:55:11.788034815Z: [    4.604483] Speculative Store Bypass: Vulnerable
[STDOUT  ] 2019-03-07T22:55:11.788049554Z: [    4.810703] random: fast init done
[STDOUT  ] 2019-03-07T22:55:11.788064499Z: [    4.946682] Freeing SMP alternatives memory: 20K
[STDOUT  ] 2019-03-07T22:55:11.788082697Z: [    4.972317] smpboot: CPU0: AMD QEMU Virtual CPU version 2.5+ (family: 0x6, model: 0x6, stepping: 0x3)
[STDOUT  ] 2019-03-07T22:55:11.788097937Z: [    4.981436] Performance Events: PMU not available due to virtualization, using software events only.
[STDOUT  ] 2019-03-07T22:55:11.788120261Z: [    4.985806] rcu: Hierarchical SRCU implementation.
[STDOUT  ] 2019-03-07T22:55:11.788135188Z: [    4.992219] NMI watchdog: Perf NMI watchdog permanently disabled
[STDOUT  ] 2019-03-07T22:55:11.788150438Z: [    4.997830] smp: Bringing up secondary CPUs ...
[STDOUT  ] 2019-03-07T22:55:11.788165147Z: [    4.998430] smp: Brought up 1 node, 1 CPU
[STDOUT  ] 2019-03-07T22:55:11.788180106Z: [    4.998796] smpboot: Max logical packages: 1
[STDOUT  ] 2019-03-07T22:55:11.788201008Z: [    4.999199] smpboot: Total of 1 processors activated (5199.50 BogoMIPS)
[STDOUT  ] 2019-03-07T22:55:11.788224147Z: [    5.014466] devtmpfs: initialized
[STDOUT  ] 2019-03-07T22:55:11.788239122Z: [    5.019755] x86/mm: Memory block size: 128MB
[STDOUT  ] 2019-03-07T22:55:11.788254246Z: [    5.032842] clocksource: jiffies: mask: 0xffffffff max_cycles: 0xffffffff, max_idle_ns: 1911260446275000 ns
[STDOUT  ] 2019-03-07T22:55:11.788269399Z: [    5.033586] futex hash table entries: 256 (order: 2, 16384 bytes)
[STDOUT  ] 2019-03-07T22:55:11.788284425Z: [    5.049142] NET: Registered protocol family 16
[STDOUT  ] 2019-03-07T22:55:11.788301245Z: [    5.054083] audit: initializing netlink subsys (disabled)
[STDOUT  ] 2019-03-07T22:55:11.788316408Z: [    5.059806] audit: type=2000 audit(1551999199.502:1): state=initialized audit_enabled=0 res=1
[STDOUT  ] 2019-03-07T22:55:11.788333019Z: [    5.062867] cpuidle: using governor ladder
[STDOUT  ] 2019-03-07T22:55:11.788353959Z: [    5.063495] cpuidle: using governor menu
[STDOUT  ] 2019-03-07T22:55:11.788368873Z: [    5.065800] ACPI: bus type PCI registered
[STDOUT  ] 2019-03-07T22:55:11.788384048Z: [    5.069104] PCI: MMCONFIG for domain 0000 [bus 00-ff] at [mem 0xb0000000-0xbfffffff] (base 0xb0000000)
[STDOUT  ] 2019-03-07T22:55:11.788398789Z: [    5.070572] PCI: MMCONFIG at [mem 0xb0000000-0xbfffffff] reserved in E820
[STDOUT  ] 2019-03-07T22:55:11.788414450Z: [    5.072020] PCI: Using configuration type 1 for base access
[STDOUT  ] 2019-03-07T22:55:11.788430785Z: [    5.142212] HugeTLB registered 2.00 MiB page size, pre-allocated 0 pages
[STDOUT  ] 2019-03-07T22:55:11.788445936Z: [    5.148132] cryptd: max_cpu_qlen set to 1000
[STDOUT  ] 2019-03-07T22:55:11.788460797Z: [    5.155191] ACPI: Added _OSI(Module Device)
[STDOUT  ] 2019-03-07T22:55:11.788475476Z: [    5.155383] ACPI: Added _OSI(Processor Device)
[STDOUT  ] 2019-03-07T22:55:11.788507968Z: [    5.156352] ACPI: Added _OSI(3.0 _SCP Extensions)
[STDOUT  ] 2019-03-07T22:55:11.788527608Z: [    5.156777] ACPI: Added _OSI(Processor Aggregator Device)
[STDOUT  ] 2019-03-07T22:55:11.788545777Z: [    5.157475] ACPI: Added _OSI(Linux-Dell-Video)
[STDOUT  ] 2019-03-07T22:55:11.788560573Z: [    5.157886] ACPI: Added _OSI(Linux-Lenovo-NV-HDMI-Audio)
[STDOUT  ] 2019-03-07T22:55:11.788576425Z: [    5.214374] ACPI: 1 ACPI AML tables successfully acquired and loaded
[STDOUT  ] 2019-03-07T22:55:11.788591208Z: [    5.252867] ACPI: Interpreter enabled
[STDOUT  ] 2019-03-07T22:55:11.788606517Z: [    5.253937] ACPI: (supports S0 S5)
[STDOUT  ] 2019-03-07T22:55:11.788621448Z: [    5.254414] ACPI: Using IOAPIC for interrupt routing
[STDOUT  ] 2019-03-07T22:55:11.788636168Z: [    5.256914] PCI: Using host bridge windows from ACPI; if necessary, use "pci=nocrs" and report a bug
[STDOUT  ] 2019-03-07T22:55:11.788651036Z: [    5.261742] ACPI: Enabled 2 GPEs in block 00 to 3F
[STDOUT  ] 2019-03-07T22:55:11.788665699Z: [    5.342203] ACPI: PCI Root Bridge [PCI0] (domain 0000 [bus 00-ff])
[STDOUT  ] 2019-03-07T22:55:11.788680694Z: [    5.343870] acpi PNP0A08:00: _OSC: OS supports [ExtendedConfig ASPM ClockPM Segments MSI]
[STDOUT  ] 2019-03-07T22:55:11.788697248Z: [    5.348882] acpi PNP0A08:00: _OSC: platform does not support [SHPCHotplug LTR]
[STDOUT  ] 2019-03-07T22:55:11.788712640Z: [    5.352643] acpi PNP0A08:00: _OSC: OS now controls [PCIeHotplug PME PCIeCapability]
[STDOUT  ] 2019-03-07T22:55:11.788727522Z: [    5.357359] PCI host bridge to bus 0000:00
[STDOUT  ] 2019-03-07T22:55:11.788742430Z: [    5.357936] pci_bus 0000:00: root bus resource [io  0x0000-0x0cf7 window]
[STDOUT  ] 2019-03-07T22:55:11.788764113Z: [    5.358407] pci_bus 0000:00: root bus resource [io  0x0d00-0xffff window]
[STDOUT  ] 2019-03-07T22:55:11.788779144Z: [    5.359373] pci_bus 0000:00: root bus resource [mem 0x000a0000-0x000bffff window]
[STDOUT  ] 2019-03-07T22:55:11.788795257Z: [    5.359954] pci_bus 0000:00: root bus resource [mem 0xc0000000-0xfebfffff window]
[STDOUT  ] 2019-03-07T22:55:11.788810061Z: [    5.360482] pci_bus 0000:00: root bus resource [bus 00-ff]
[STDOUT  ] 2019-03-07T22:55:11.788824838Z: [    5.423485] pci 0000:00:1f.0: quirk: [io  0x0600-0x067f] claimed by ICH6 ACPI/GPIO/TCO
[STDOUT  ] 2019-03-07T22:55:11.788839742Z: [    5.471547] ACPI: PCI Interrupt Link [LNKA] (IRQs 5 *10 11)
[STDOUT  ] 2019-03-07T22:55:11.788854885Z: [    5.473978] ACPI: PCI Interrupt Link [LNKB] (IRQs 5 *10 11)
[STDOUT  ] 2019-03-07T22:55:11.788869700Z: [    5.476389] ACPI: PCI Interrupt Link [LNKC] (IRQs 5 10 *11)
[STDOUT  ] 2019-03-07T22:55:11.788884442Z: [    5.478688] ACPI: PCI Interrupt Link [LNKD] (IRQs 5 10 *11)
[STDOUT  ] 2019-03-07T22:55:11.788899488Z: [    5.480911] ACPI: PCI Interrupt Link [LNKE] (IRQs 5 *10 11)
[STDOUT  ] 2019-03-07T22:55:11.788914164Z: [    5.483022] ACPI: PCI Interrupt Link [LNKF] (IRQs 5 *10 11)
[STDOUT  ] 2019-03-07T22:55:11.788928815Z: [    5.485199] ACPI: PCI Interrupt Link [LNKG] (IRQs 5 10 *11)
[STDOUT  ] 2019-03-07T22:55:11.788943768Z: [    5.487157] ACPI: PCI Interrupt Link [LNKH] (IRQs 5 10 *11)
[STDOUT  ] 2019-03-07T22:55:11.788963358Z: [    5.488553] ACPI: PCI Interrupt Link [GSIA] (IRQs *16)
[STDOUT  ] 2019-03-07T22:55:11.788978943Z: [    5.489187] ACPI: PCI Interrupt Link [GSIB] (IRQs *17)
[STDOUT  ] 2019-03-07T22:55:11.788994738Z: [    5.489317] ACPI: PCI Interrupt Link [GSIC] (IRQs *18)
[STDOUT  ] 2019-03-07T22:55:11.789009512Z: [    5.489317] ACPI: PCI Interrupt Link [GSID] (IRQs *19)
[STDOUT  ] 2019-03-07T22:55:11.789024691Z: [    5.489317] ACPI: PCI Interrupt Link [GSIE] (IRQs *20)
[STDOUT  ] 2019-03-07T22:55:11.789039272Z: [    5.489317] ACPI: PCI Interrupt Link [GSIF] (IRQs *21)
[STDOUT  ] 2019-03-07T22:55:11.789054036Z: [    5.489317] ACPI: PCI Interrupt Link [GSIG] (IRQs *22)
[STDOUT  ] 2019-03-07T22:55:11.789068688Z: [    5.489317] ACPI: PCI Interrupt Link [GSIH] (IRQs *23)
[STDOUT  ] 2019-03-07T22:55:11.789083455Z: [    5.496798] SCSI subsystem initialized
[STDOUT  ] 2019-03-07T22:55:11.789098222Z: [    5.500163] ACPI: bus type USB registered
[STDOUT  ] 2019-03-07T22:55:11.789115711Z: [    5.501805] usbcore: registered new interface driver usbfs
[STDOUT  ] 2019-03-07T22:55:11.789130839Z: [    5.502925] usbcore: registered new interface driver hub
[STDOUT  ] 2019-03-07T22:55:11.789145637Z: [    5.504374] usbcore: registered new device driver usb
[STDOUT  ] 2019-03-07T22:55:11.789160319Z: [    5.505706] pps_core: LinuxPPS API ver. 1 registered
[STDOUT  ] 2019-03-07T22:55:11.789176281Z: [    5.506226] pps_core: Software ver. 5.3.6 - Copyright 2005-2007 Rodolfo Giometti <giometti@linux.it>
[STDOUT  ] 2019-03-07T22:55:11.789195789Z: [    5.506536] PTP clock support registered
[STDOUT  ] 2019-03-07T22:55:11.789219145Z: [    5.509632] PCI: Using ACPI for IRQ routing
[STDOUT  ] 2019-03-07T22:55:11.789234185Z: [    5.534005] NetLabel: Initializing
[STDOUT  ] 2019-03-07T22:55:11.789249056Z: [    5.534368] NetLabel:  domain hash size = 128
[STDOUT  ] 2019-03-07T22:55:11.789264792Z: [    5.534744] NetLabel:  protocols = UNLABELED CIPSOv4 CALIPSO
[STDOUT  ] 2019-03-07T22:55:11.789279313Z: [    5.537756] NetLabel:  unlabeled traffic allowed by default
[STDOUT  ] 2019-03-07T22:55:11.789295926Z: [    5.539084] HPET: 3 timers in total, 0 timers will be used for per-cpu timer
[STDOUT  ] 2019-03-07T22:55:11.789310728Z: [    5.539688] hpet0: at MMIO 0xfed00000, IRQs 2, 8, 0
[STDOUT  ] 2019-03-07T22:55:11.789325813Z: [    5.540744] hpet0: 3 comparators, 64-bit 100.000000 MHz counter
[STDOUT  ] 2019-03-07T22:55:11.789340453Z: [    5.546133] clocksource: Switched to clocksource tsc-early
[STDOUT  ] 2019-03-07T22:55:11.789355212Z: [    5.994256] VFS: Disk quotas dquot_6.6.0
[STDOUT  ] 2019-03-07T22:55:11.789374839Z: [    5.995713] VFS: Dquot-cache hash table entries: 512 (order 0, 4096 bytes)
[STDOUT  ] 2019-03-07T22:55:11.789389819Z: [    5.999274] FS-Cache: Loaded
[STDOUT  ] 2019-03-07T22:55:11.789404656Z: [    6.006912] CacheFiles: Loaded
[STDOUT  ] 2019-03-07T22:55:11.789419467Z: [    6.008700] pnp: PnP ACPI init
[STDOUT  ] 2019-03-07T22:55:11.789434662Z: [    6.023592] pnp: PnP ACPI: found 5 devices
[STDOUT  ] 2019-03-07T22:55:11.789449401Z: [    6.073567] clocksource: acpi_pm: mask: 0xffffff max_cycles: 0xffffff, max_idle_ns: 2085701024 ns
[STDOUT  ] 2019-03-07T22:55:11.789464522Z: [    6.077877] NET: Registered protocol family 2
[STDOUT  ] 2019-03-07T22:55:11.789479110Z: [    6.090355] tcp_listen_portaddr_hash hash table entries: 512 (order: 1, 8192 bytes)
[STDOUT  ] 2019-03-07T22:55:11.789495118Z: [    6.091878] TCP established hash table entries: 8192 (order: 4, 65536 bytes)
[STDOUT  ] 2019-03-07T22:55:11.789522619Z: [    6.093130] TCP bind hash table entries: 8192 (order: 5, 131072 bytes)
[STDOUT  ] 2019-03-07T22:55:11.789541839Z: [    6.094110] TCP: Hash tables configured (established 8192 bind 8192)
[STDOUT  ] 2019-03-07T22:55:11.789559625Z: [    6.097075] UDP hash table entries: 512 (order: 2, 16384 bytes)
[STDOUT  ] 2019-03-07T22:55:11.789574470Z: [    6.098084] UDP-Lite hash table entries: 512 (order: 2, 16384 bytes)
[STDOUT  ] 2019-03-07T22:55:11.789589785Z: [    6.101946] NET: Registered protocol family 1
[STDOUT  ] 2019-03-07T22:55:11.789610155Z: [    6.103014] NET: Registered protocol family 44
[STDOUT  ] 2019-03-07T22:55:11.789625145Z: [    6.104167] pci 0000:00:01.0: Video device with shadowed ROM at [mem 0x000c0000-0x000dffff]
[STDOUT  ] 2019-03-07T22:55:11.789639961Z: [    6.117205] Trying to unpack rootfs image as initramfs...
[STDOUT  ] 2019-03-07T22:55:11.789654725Z: [   23.032274] Freeing initrd memory: 51024K
[STDOUT  ] 2019-03-07T22:55:11.789669770Z: [   23.066383] PCLMULQDQ-NI instructions are not detected.
[STDOUT  ] 2019-03-07T22:55:11.789685809Z: [   23.068259] AVX or AES-NI instructions are not detected.
[STDOUT  ] 2019-03-07T22:55:11.789701542Z: [   23.069061] CPU feature 'AVX registers' is not supported.
[STDOUT  ] 2019-03-07T22:55:11.789716281Z: [   23.069743] CPU feature 'AVX registers' is not supported.
[STDOUT  ] 2019-03-07T22:55:11.789731126Z: [   23.070320] CPU feature 'AVX registers' is not supported.
[STDOUT  ] 2019-03-07T22:55:11.789746029Z: [   23.070958] CPU feature 'AVX registers' is not supported.
[STDOUT  ] 2019-03-07T22:55:11.789760850Z: [   23.071684] AVX2 or AES-NI instructions are not detected.
[STDOUT  ] 2019-03-07T22:55:11.789776065Z: [   23.072153] AVX2 instructions are not detected.
[STDOUT  ] 2019-03-07T22:55:11.789790944Z: [   23.087384] workingset: timestamp_bits=46 max_order=18 bucket_order=0
[STDOUT  ] 2019-03-07T22:55:11.789806034Z: [   23.095850] squashfs: version 4.0 (2009/01/31) Phillip Lougher
[STDOUT  ] 2019-03-07T22:55:11.789822835Z: [   23.099385] FS-Cache: Netfs 'cifs' registered for caching
[STDOUT  ] 2019-03-07T22:55:11.789837557Z: [   23.101108] fuse init (API version 7.27)
[STDOUT  ] 2019-03-07T22:55:11.789852751Z: [   23.104631] SGI XFS with ACLs, security attributes, no debug enabled
[STDOUT  ] 2019-03-07T22:55:11.789867752Z: [   23.110301] 9p: Installing v9fs 9p2000 file system support
[STDOUT  ] 2019-03-07T22:55:11.789882359Z: [   23.111158] FS-Cache: Netfs '9p' registered for caching
[STDOUT  ] 2019-03-07T22:55:11.789897128Z: [   23.112027] pstore: using deflate compression
[STDOUT  ] 2019-03-07T22:55:11.789911784Z: [   23.175975] NET: Registered protocol family 38
[STDOUT  ] 2019-03-07T22:55:11.789926900Z: [   23.177070] Key type asymmetric registered
[STDOUT  ] 2019-03-07T22:55:11.789941445Z: [   23.177782] Asymmetric key parser 'x509' registered
[STDOUT  ] 2019-03-07T22:55:11.789956298Z: [   23.178858] Block layer SCSI generic (bsg) driver version 0.4 loaded (major 247)
[STDOUT  ] 2019-03-07T22:55:11.789971334Z: [   23.181699] io scheduler noop registered
[STDOUT  ] 2019-03-07T22:55:11.789990402Z: [   23.182137] io scheduler deadline registered (default)
[STDOUT  ] 2019-03-07T22:55:11.790005184Z: [   23.183344] io scheduler cfq registered
[STDOUT  ] 2019-03-07T22:55:11.790020124Z: [   23.184017] io scheduler mq-deadline registered (default)
[STDOUT  ] 2019-03-07T22:55:11.790035195Z: [   23.184605] io scheduler kyber registered
[STDOUT  ] 2019-03-07T22:55:11.790049845Z: [   23.188578] shpchp: Standard Hot Plug PCI Controller Driver version: 0.4
[STDOUT  ] 2019-03-07T22:55:11.790064495Z: [   23.189686] hv_vmbus: registering driver hyperv_fb
[STDOUT  ] 2019-03-07T22:55:11.790079325Z: [   23.194301] input: Power Button as /devices/LNXSYSTM:00/LNXPWRBN:00/input/input0
[STDOUT  ] 2019-03-07T22:55:11.790094287Z: [   23.198597] ACPI: Power Button [PWRF]
[STDOUT  ] 2019-03-07T22:55:11.790109019Z: [   23.224120] PCI Interrupt Link [GSIG] enabled at IRQ 22
[STDOUT  ] 2019-03-07T22:55:11.790126176Z: [   23.246944] PCI Interrupt Link [GSIH] enabled at IRQ 23
[STDOUT  ] 2019-03-07T22:55:11.790141036Z: [   23.255087] Serial: 8250/16550 driver, 4 ports, IRQ sharing disabled
[STDOUT  ] 2019-03-07T22:55:11.790155708Z: [   23.282883] 00:04: ttyS0 at I/O 0x3f8 (irq = 4, base_baud = 115200) is a 16550A
[STDOUT  ] 2019-03-07T22:55:11.790172549Z: [   23.296785] Non-volatile memory driver v1.3
[STDOUT  ] 2019-03-07T22:55:11.790192089Z: [   23.305847] Hangcheck: starting hangcheck timer 0.9.1 (tick is 180 seconds, margin is 60 seconds).
[STDOUT  ] 2019-03-07T22:55:11.790226224Z: [   23.313666] random: crng init done
[STDOUT  ] 2019-03-07T22:55:11.790273350Z: [   23.398797] brd: module loaded
[STDOUT  ] 2019-03-07T22:55:11.790296262Z: [   23.444870] loop: module loaded
[STDOUT  ] 2019-03-07T22:55:11.790312156Z: [   23.522775] lpc_ich 0000:00:1f.0: I/O space for GPIO uninitialized
[STDOUT  ] 2019-03-07T22:55:11.790327472Z: [   23.526021] VMware PVSCSI driver - version 1.0.7.0-k
[STDERR  ] 2019-03-07T22:55:11.787536254Z: [    0.169419]   DMA32    [mem 0x0000000001000000-0x000000003ffddfff]
[STDERR  ] 2019-03-07T22:55:11.790394038Z: [    0.169477]   Normal   empty
[STDERR  ] 2019-03-07T22:55:11.790453838Z: [    0.169540]   Device   empty
[STDOUT  ] 2019-03-07T22:55:11.790342349Z: [   23.527037] hv_vmbus: registering driver hv_storvsc
[STDOUT  ] 2019-03-07T22:55:11.790508543Z: [   23.543026] PCI Interrupt Link [GSIA] enabled at IRQ 16
[STDOUT  ] 2019-03-07T22:55:11.790537588Z: [   23.552142] ahci 0000:00:1f.2: AHCI 0001.0000 32 slots 6 ports 1.5 Gbps 0x3f impl SATA mode
[STDOUT  ] 2019-03-07T22:55:11.790555069Z: [   23.553567] ahci 0000:00:1f.2: flags: 64bit ncq only 
[STDOUT  ] 2019-03-07T22:55:11.790572209Z: [   23.574101] scsi host0: ahci
[STDERR  ] 2019-03-07T22:55:11.790481324Z: [    0.169596] Movable zone start for each node
[STDERR  ] 2019-03-07T22:55:11.790609012Z: [    0.169682] Early memory node ranges
[STDERR  ] 2019-03-07T22:55:11.790644552Z: [    0.169761]   node   0: [mem 0x0000000000001000-0x000000000009efff]
[STDOUT  ] 2019-03-07T22:55:11.790593119Z: [   23.578793] scsi host1: ahci
[STDERR  ] 2019-03-07T22:55:11.790692979Z: [    0.169846]   node   0: [mem 0x0000000000100000-0x000000003ffddfff]
[STDERR  ] 2019-03-07T22:55:11.790738833Z: [    0.170894] Reserved but unavailable: 98 pages
[STDERR  ] 2019-03-07T22:55:11.790780947Z: [    0.171203] Initmem setup node 0 [mem 0x0000000000001000-0x000000003ffddfff]
[STDOUT  ] 2019-03-07T22:55:11.790836655Z: [   23.581331] scsi host2: ahci
[STDOUT  ] 2019-03-07T22:55:11.790860922Z: [   23.584287] scsi host3: ahci
[STDOUT  ] 2019-03-07T22:55:11.790879624Z: [   23.586909] scsi host4: ahci
[STDERR  ] 2019-03-07T22:55:11.790806814Z: [    0.288401] ACPI: PM-Timer IO Port: 0x608
[STDOUT  ] 2019-03-07T22:55:11.790900683Z: [   23.589380] scsi host5: ahci
[STDERR  ] 2019-03-07T22:55:11.790913151Z: [    0.289466] ACPI: LAPIC_NMI (acpi_id[0xff] dfl dfl lint[0x1])
[STDERR  ] 2019-03-07T22:55:11.790953082Z: [    0.290380] IOAPIC[0]: apic_id 0, version 32, address 0xfec00000, GSI 0-23
[STDERR  ] 2019-03-07T22:55:11.790987260Z: [    0.290661] ACPI: INT_SRC_OVR (bus 0 bus_irq 0 global_irq 2 dfl dfl)
[STDOUT  ] 2019-03-07T22:55:11.790923435Z: [   23.591313] ata1: SATA max UDMA/133 abar m4096@0xfebd2000 port 0xfebd2100 irq 24
[STDERR  ] 2019-03-07T22:55:11.791024670Z: [    0.291199] ACPI: INT_SRC_OVR (bus 0 bus_irq 5 global_irq 5 high level)
[STDERR  ] 2019-03-07T22:55:11.791063938Z: [    0.291291] ACPI: INT_SRC_OVR (bus 0 bus_irq 9 global_irq 9 high level)
[STDERR  ] 2019-03-07T22:55:11.791090738Z: [    0.291480] ACPI: INT_SRC_OVR (bus 0 bus_irq 10 global_irq 10 high level)
[STDERR  ] 2019-03-07T22:55:11.791115585Z: [    0.291525] ACPI: INT_SRC_OVR (bus 0 bus_irq 11 global_irq 11 high level)
[STDOUT  ] 2019-03-07T22:55:11.791038041Z: [   23.592502] ata2: SATA max UDMA/133 abar m4096@0xfebd2000 port 0xfebd2180 irq 24
[STDOUT  ] 2019-03-07T22:55:11.791153277Z: [   23.593270] ata3: SATA max UDMA/133 abar m4096@0xfebd2000 port 0xfebd2200 irq 24
[STDOUT  ] 2019-03-07T22:55:11.791182072Z: [   23.594129] ata4: SATA max UDMA/133 abar m4096@0xfebd2000 port 0xfebd2280 irq 24
[STDOUT  ] 2019-03-07T22:55:11.791215146Z: [   23.595065] ata5: SATA max UDMA/133 abar m4096@0xfebd2000 port 0xfebd2300 irq 24
[STDOUT  ] 2019-03-07T22:55:11.791233539Z: [   23.596103] ata6: SATA max UDMA/133 abar m4096@0xfebd2000 port 0xfebd2380 irq 24
[STDERR  ] 2019-03-07T22:55:11.791141061Z: [    0.292130] Using ACPI (MADT) for SMP configuration information
[STDERR  ] 2019-03-07T22:55:11.791277084Z: [    0.292243] ACPI: HPET id: 0x8086a201 base: 0xfed00000
[STDOUT  ] 2019-03-07T22:55:11.791252516Z: [   23.613202] tun: Universal TUN/TAP device driver, 1.6
[STDERR  ] 2019-03-07T22:55:11.791343273Z: [    0.293058] smpboot: Allowing 1 CPUs, 0 hotplug CPUs
[STDOUT  ] 2019-03-07T22:55:11.791380228Z: [   23.628972] VMware vmxnet3 virtual NIC driver - version 1.4.16.0-k-NAPI
[STDOUT  ] 2019-03-07T22:55:11.791406118Z: [   23.630826] hv_vmbus: registering driver hv_netvsc
[STDOUT  ] 2019-03-07T22:55:11.791424367Z: [   23.631727] Fusion MPT base driver 3.04.20
[STDOUT  ] 2019-03-07T22:55:11.791442430Z: [   23.632208] Copyright (c) 1999-2008 LSI Corporation
[STDERR  ] 2019-03-07T22:55:11.791372659Z: [    0.294656] [mem 0x40000000-0xafffffff] available for PCI devices
[STDOUT  ] 2019-03-07T22:55:11.791462022Z: [   23.633260] Fusion MPT SPI Host driver 3.04.20
[STDERR  ] 2019-03-07T22:55:11.791491136Z: [    0.294783] Booting paravirtualized kernel on bare hardware
[STDOUT  ] 2019-03-07T22:55:11.791511835Z: [   23.636303] i8042: PNP: PS/2 Controller [PNP0303:KBD,PNP0f13:MOU] at 0x60,0x64 irq 1,12
[STDOUT  ] 2019-03-07T22:55:11.791564944Z: [   23.643612] serio: i8042 KBD port at 0x60,0x64 irq 1
[STDOUT  ] 2019-03-07T22:55:11.791585549Z: [   23.644624] serio: i8042 AUX port at 0x60,0x64 irq 12
[STDOUT  ] 2019-03-07T22:55:11.791603782Z: [   23.648233] hv_vmbus: registering driver hyperv_keyboard
[STDERR  ] 2019-03-07T22:55:11.791537248Z: [    0.295191] clocksource: refined-jiffies: mask: 0xffffffff max_cycles: 0xffffffff, max_idle_ns: 1910969940391419 ns
[STDERR  ] 2019-03-07T22:55:11.791674703Z: [    3.851128] random: get_random_bytes called from start_kernel+0x91/0x517 with crng_init=0
[STDERR  ] 2019-03-07T22:55:11.791706393Z: [    3.852206] setup_percpu: NR_CPUS:128 nr_cpumask_bits:128 nr_cpu_ids:1 nr_node_ids:1
[STDERR  ] 2019-03-07T22:55:11.791744428Z: [    3.860967] percpu: Embedded 45 pages/cpu @(____ptrval____) s145112 r8192 d31016 u2097152
[STDERR  ] 2019-03-07T22:55:11.791783155Z: [    3.863956] Built 1 zonelists, mobility grouping on.  Total pages: 257895
[STDERR  ] 2019-03-07T22:55:11.791823750Z: [    3.864194] Kernel command line: console=ttyS0 console=ttyAMA0
[STDERR  ] 2019-03-07T22:55:11.791852874Z: [    3.869376] Dentry cache hash table entries: 131072 (order: 8, 1048576 bytes)
[STDERR  ] 2019-03-07T22:55:11.791879961Z: [    3.871160] Inode-cache hash table entries: 65536 (order: 7, 524288 bytes)
[STDERR  ] 2019-03-07T22:55:11.791909051Z: [    3.942515] Memory: 952080K/1048048K available (12300K kernel code, 1574K rwdata, 3056K rodata, 1584K init, 2036K bss, 95968K reserved, 0K cma-reserved)
[STDOUT  ] 2019-03-07T22:55:11.791621465Z: [   23.651755] mousedev: PS/2 mouse device common for all mice
[STDOUT  ] 2019-03-07T22:55:11.791964824Z: [   23.658860] input: PC Speaker as /devices/platform/pcspkr/input/input2
[STDOUT  ] 2019-03-07T22:55:11.792000524Z: [   23.661813] input: AT Translated Set 2 keyboard as /devices/platform/i8042/serio0/input/input1
[STDOUT  ] 2019-03-07T22:55:11.792020795Z: [   23.666717] rtc_cmos 00:00: RTC can wake from S4
[STDOUT  ] 2019-03-07T22:55:11.792041552Z: [   23.673725] rtc_cmos 00:00: registered as rtc0
[STDOUT  ] 2019-03-07T22:55:11.792060387Z: [   23.675309] rtc_cmos 00:00: alarms up to one day, y3k, 114 bytes nvram, hpet irqs
[STDOUT  ] 2019-03-07T22:55:11.792078888Z: [   23.676768] i2c /dev entries driver
[STDOUT  ] 2019-03-07T22:55:11.792103781Z: [   23.679621] device-mapper: ioctl: 4.39.0-ioctl (2018-04-03) initialised: dm-devel@redhat.com
[STDOUT  ] 2019-03-07T22:55:11.792121890Z: [   23.686201] usbcore: registered new interface driver usbhid
[STDOUT  ] 2019-03-07T22:55:11.792139326Z: [   23.687010] usbhid: USB HID core driver
[STDOUT  ] 2019-03-07T22:55:11.792156505Z: [   23.688232] hv_utils: Registering HyperV Utility Driver
[STDERR  ] 2019-03-07T22:55:11.791939277Z: [    3.949985] ftrace: allocating 43038 entries in 169 pages
[STDOUT  ] 2019-03-07T22:55:11.792174090Z: [   23.688927] hv_vmbus: registering driver hv_util
[STDOUT  ] 2019-03-07T22:55:11.792197787Z: [   23.689640] hv_vmbus: registering driver hv_balloon
[STDERR  ] 2019-03-07T22:55:11.792190428Z: [    4.411894] rcu: Hierarchical RCU implementation.
[STDERR  ] 2019-03-07T22:55:11.792259465Z: [    4.412083] rcu: 	RCU restricting CPUs from NR_CPUS=128 to nr_cpu_ids=1.
[STDERR  ] 2019-03-07T22:55:11.792304939Z: [    4.412244] rcu: Adjusting geometry for rcu_fanout_leaf=16, nr_cpu_ids=1
[STDOUT  ] 2019-03-07T22:55:11.792221107Z: [   23.690480] oprofile: using NMI interrupt.
[STDOUT  ] 2019-03-07T22:55:11.792341312Z: [   23.692682] GACT probability on
[STDOUT  ] 2019-03-07T22:55:11.792361787Z: [   23.693208] Mirror/redirect action on
[STDOUT  ] 2019-03-07T22:55:11.792385310Z: [   23.694203] Simple TC action Loaded
[STDOUT  ] 2019-03-07T22:55:11.792414219Z: [   23.695145] u32 classifier
[STDOUT  ] 2019-03-07T22:55:11.792435758Z: [   23.695670]     Performance counters on
[STDERR  ] 2019-03-07T22:55:11.792340635Z: [    4.471477] NR_IRQS: 8448, nr_irqs: 256, preallocated irqs: 16
[STDERR  ] 2019-03-07T22:55:11.792489148Z: [    4.485572] Console: colour VGA+ 80x25
[STDERR  ] 2019-03-07T22:55:11.792525113Z: [    4.537089] console [ttyS0] enabled
[STDOUT  ] 2019-03-07T22:55:11.792458233Z: [   23.696069]     input device check on
[STDOUT  ] 2019-03-07T22:55:11.792577890Z: [   23.696583]     Actions configured
[STDOUT  ] 2019-03-07T22:55:11.792598532Z: [   23.711862] xt_time: kernel timezone is -0000
[STDOUT  ] 2019-03-07T22:55:11.792616129Z: [   23.713328] IPVS: Registered protocols (TCP, UDP, SCTP, AH, ESP)
[STDOUT  ] 2019-03-07T22:55:11.792642287Z: [   23.714720] IPVS: Connection hash table configured (size=4096, memory=64Kbytes)
[STDERR  ] 2019-03-07T22:55:11.792551453Z: [    4.537871] ACPI: Core revision 20180810
[STDERR  ] 2019-03-07T22:55:11.792693962Z: [    4.546341] clocksource: hpet: mask: 0xffffffff max_cycles: 0xffffffff, max_idle_ns: 19112604467 ns
[STDERR  ] 2019-03-07T22:55:11.792736509Z: [    4.553633] APIC: Switch to symmetric I/O mode setup
[STDERR  ] 2019-03-07T22:55:11.792761101Z: [    4.560906] ..TIMER: vector=0x30 apic1=0 pin1=2 apic2=-1 pin2=-1
[STDERR  ] 2019-03-07T22:55:11.792791347Z: [    4.566778] clocksource: tsc-early: mask: 0xffffffffffffffff max_cycles: 0x257953b988e, max_idle_ns: 440795265736 ns
[STDERR  ] 2019-03-07T22:55:11.792826831Z: [    4.570887] Calibrating delay loop (skipped), value calculated using timer frequency.. 5199.50 BogoMIPS (lpj=2599754)
[STDERR  ] 2019-03-07T22:55:11.792851133Z: [    4.571477] pid_max: default: 32768 minimum: 301
[STDOUT  ] 2019-03-07T22:55:11.792662835Z: [   23.721124] IPVS: ipvs loaded.
[STDOUT  ] 2019-03-07T22:55:11.792879036Z: [   23.721898] IPVS: [rr] scheduler registered.
[STDERR  ] 2019-03-07T22:55:11.792876112Z: [    4.577713] Security Framework initialized
[STDERR  ] 2019-03-07T22:55:11.792910339Z: [    4.578459] Yama: becoming mindful.
[STDERR  ] 2019-03-07T22:55:11.792949989Z: [    4.580958] Mount-cache hash table entries: 2048 (order: 2, 16384 bytes)
[STDERR  ] 2019-03-07T22:55:11.792984305Z: [    4.581436] Mountpoint-cache hash table entries: 2048 (order: 2, 16384 bytes)
[STDOUT  ] 2019-03-07T22:55:11.792912746Z: [   23.722683] IPVS: [wrr] scheduler registered.
[STDERR  ] 2019-03-07T22:55:11.793010071Z: [    4.600118] Last level iTLB entries: 4KB 0, 2MB 0, 4MB 0
[STDOUT  ] 2019-03-07T22:55:11.793024129Z: [   23.723216] IPVS: [lc] scheduler registered.
[STDERR  ] 2019-03-07T22:55:11.793038500Z: [    4.600369] Last level dTLB entries: 4KB 0, 2MB 0, 4MB 0, 1GB 0
[STDERR  ] 2019-03-07T22:55:11.793074033Z: [    4.601529] Spectre V2 : Spectre mitigation: LFENCE not serializing, switching to generic retpoline
[STDERR  ] 2019-03-07T22:55:11.793099751Z: [    4.602374] Spectre V2 : Mitigation: Full generic retpoline
[STDERR  ] 2019-03-07T22:55:11.793124122Z: [    4.603358] Spectre V2 : Spectre v2 / SpectreRSB mitigation: Filling RSB on context switch
[STDOUT  ] 2019-03-07T22:55:11.793048205Z: [   23.723918] IPVS: [wlc] scheduler registered.
[STDERR  ] 2019-03-07T22:55:11.793154491Z: [    4.604483] Speculative Store Bypass: Vulnerable
[STDERR  ] 2019-03-07T22:55:11.793188286Z: [    4.810703] random: fast init done
[STDERR  ] 2019-03-07T22:55:11.793228257Z: [    4.946682] Freeing SMP alternatives memory: 20K
[STDOUT  ] 2019-03-07T22:55:11.793161245Z: [   23.724605] IPVS: [fo] scheduler registered.
[STDERR  ] 2019-03-07T22:55:11.793262957Z: [    4.972317] smpboot: CPU0: AMD QEMU Virtual CPU version 2.5+ (family: 0x6, model: 0x6, stepping: 0x3)
[STDERR  ] 2019-03-07T22:55:11.793296801Z: [    4.981436] Performance Events: PMU not available due to virtualization, using software events only.
[STDERR  ] 2019-03-07T22:55:11.793322730Z: [    4.985806] rcu: Hierarchical SRCU implementation.
[STDERR  ] 2019-03-07T22:55:11.793346992Z: [    4.992219] NMI watchdog: Perf NMI watchdog permanently disabled
[STDOUT  ] 2019-03-07T22:55:11.793272139Z: [   23.725132] IPVS: [ovf] scheduler registered.
[STDOUT  ] 2019-03-07T22:55:11.793384884Z: [   23.725961] IPVS: [lblc] scheduler registered.
[STDOUT  ] 2019-03-07T22:55:11.793423176Z: [   23.726801] IPVS: [lblcr] scheduler registered.
[STDOUT  ] 2019-03-07T22:55:11.793443267Z: [   23.727509] IPVS: [dh] scheduler registered.
[STDOUT  ] 2019-03-07T22:55:11.793461246Z: [   23.727949] IPVS: [sh] scheduler registered.
[STDOUT  ] 2019-03-07T22:55:11.793478965Z: [   23.728382] IPVS: [mh] scheduler registered.
[STDOUT  ] 2019-03-07T22:55:11.793501673Z: [   23.728955] IPVS: [sed] scheduler registered.
[STDERR  ] 2019-03-07T22:55:11.793397399Z: [    4.997830] smp: Bringing up secondary CPUs ...
[STDERR  ] 2019-03-07T22:55:11.793548653Z: [    4.998430] smp: Brought up 1 node, 1 CPU
[STDERR  ] 2019-03-07T22:55:11.793572725Z: [    4.998796] smpboot: Max logical packages: 1
[STDERR  ] 2019-03-07T22:55:11.793603836Z: [    4.999199] smpboot: Total of 1 processors activated (5199.50 BogoMIPS)
[STDERR  ] 2019-03-07T22:55:11.793643658Z: [    5.014466] devtmpfs: initialized
[STDERR  ] 2019-03-07T22:55:11.793668493Z: [    5.019755] x86/mm: Memory block size: 128MB
[STDOUT  ] 2019-03-07T22:55:11.793608617Z: [   23.729372] IPVS: [nq] scheduler registered.
[STDERR  ] 2019-03-07T22:55:11.793704488Z: [    5.032842] clocksource: jiffies: mask: 0xffffffff max_cycles: 0xffffffff, max_idle_ns: 1911260446275000 ns
[STDERR  ] 2019-03-07T22:55:11.793735304Z: [    5.033586] futex hash table entries: 256 (order: 2, 16384 bytes)
[STDERR  ] 2019-03-07T22:55:11.793759064Z: [    5.049142] NET: Registered protocol family 16
[STDERR  ] 2019-03-07T22:55:11.793782839Z: [    5.054083] audit: initializing netlink subsys (disabled)
[STDERR  ] 2019-03-07T22:55:11.793809922Z: [    5.059806] audit: type=2000 audit(1551999199.502:1): state=initialized audit_enabled=0 res=1
[STDOUT  ] 2019-03-07T22:55:11.793805498Z: [   23.730344] IPVS: ftp: loaded support on port[0] = 21
[STDERR  ] 2019-03-07T22:55:11.793850420Z: [    5.062867] cpuidle: using governor ladder
[STDERR  ] 2019-03-07T22:55:11.793883687Z: [    5.063495] cpuidle: using governor menu
[STDERR  ] 2019-03-07T22:55:11.793913375Z: [    5.065800] ACPI: bus type PCI registered
[STDERR  ] 2019-03-07T22:55:11.793940971Z: [    5.069104] PCI: MMCONFIG for domain 0000 [bus 00-ff] at [mem 0xb0000000-0xbfffffff] (base 0xb0000000)
[STDOUT  ] 2019-03-07T22:55:11.793853040Z: [   23.731722] ipip: IPv4 and MPLS over IPv4 tunneling driver
[STDOUT  ] 2019-03-07T22:55:11.793966163Z: [   23.737214] gre: GRE over IPv4 demultiplexor driver
[STDOUT  ] 2019-03-07T22:55:11.793993424Z: [   23.745171] ipt_CLUSTERIP: ClusterIP Version 0.8 loaded successfully
[STDOUT  ] 2019-03-07T22:55:11.794019861Z: [   23.749123] NET: Registered protocol family 10
[STDOUT  ] 2019-03-07T22:55:11.794038277Z: [   23.762638] Segment Routing with IPv6
[STDOUT  ] 2019-03-07T22:55:11.794055768Z: [   23.775557] NET: Registered protocol family 17
[STDERR  ] 2019-03-07T22:55:11.793980360Z: [    5.070572] PCI: MMCONFIG at [mem 0xb0000000-0xbfffffff] reserved in E820
[STDOUT  ] 2019-03-07T22:55:11.794073281Z: [   23.777044] Bridge firewalling registered
[STDOUT  ] 2019-03-07T22:55:11.794093362Z: [   23.780792] 8021q: 802.1Q VLAN Support v1.8
[STDERR  ] 2019-03-07T22:55:11.794109272Z: [    5.072020] PCI: Using configuration type 1 for base access
[STDERR  ] 2019-03-07T22:55:11.794138457Z: [    5.142212] HugeTLB registered 2.00 MiB page size, pre-allocated 0 pages
[STDERR  ] 2019-03-07T22:55:11.794177720Z: [    5.148132] cryptd: max_cpu_qlen set to 1000
[STDERR  ] 2019-03-07T22:55:11.794211303Z: [    5.155191] ACPI: Added _OSI(Module Device)
[STDOUT  ] 2019-03-07T22:55:11.794120276Z: [   23.783092] 9pnet: Installing 9P2000 support
[STDOUT  ] 2019-03-07T22:55:11.794234521Z: [   23.785608] Key type dns_resolver registered
[STDERR  ] 2019-03-07T22:55:11.794281430Z: [    5.155383] ACPI: Added _OSI(Processor Device)
[STDOUT  ] 2019-03-07T22:55:11.794342858Z: [   23.787642] sched_clock: Marking stable (23709802966, 77639441)->(24062168741, -274726334)
[STDOUT  ] 2019-03-07T22:55:11.794364684Z: [   23.793234] registered taskstats version 1
[STDOUT  ] 2019-03-07T22:55:11.794391194Z: [   23.917289] ata4: SATA link down (SStatus 0 SControl 300)
[STDOUT  ] 2019-03-07T22:55:11.794409908Z: [   23.920405] ata3: SATA link up 1.5 Gbps (SStatus 113 SControl 300)
[STDOUT  ] 2019-03-07T22:55:11.794428433Z: [   23.923618] ata2: SATA link up 1.5 Gbps (SStatus 113 SControl 300)
[STDERR  ] 2019-03-07T22:55:11.794369108Z: [    5.156352] ACPI: Added _OSI(3.0 _SCP Extensions)
[STDERR  ] 2019-03-07T22:55:11.794506469Z: [    5.156777] ACPI: Added _OSI(Processor Aggregator Device)
[STDERR  ] 2019-03-07T22:55:11.794530889Z: [    5.157475] ACPI: Added _OSI(Linux-Dell-Video)
[STDOUT  ] 2019-03-07T22:55:11.794446240Z: [   23.924589] ata1: SATA link up 1.5 Gbps (SStatus 113 SControl 300)
[STDERR  ] 2019-03-07T22:55:11.794558629Z: [    5.157886] ACPI: Added _OSI(Linux-Lenovo-NV-HDMI-Audio)
[STDOUT  ] 2019-03-07T22:55:11.794582003Z: [   23.928354] ata1.00: ATA-7: QEMU HARDDISK, 2.5+, max UDMA/100
[STDOUT  ] 2019-03-07T22:55:11.794604959Z: [   23.929142] ata1.00: 1048576 sectors, multi 16: LBA48 NCQ (depth 32)
[STDOUT  ] 2019-03-07T22:55:11.794624036Z: [   23.930036] ata1.00: applying bridge limits
[STDOUT  ] 2019-03-07T22:55:11.794643644Z: [   23.931810] ata6: SATA link down (SStatus 0 SControl 300)
[STDOUT  ] 2019-03-07T22:55:11.794662521Z: [   23.932625] ata5: SATA link down (SStatus 0 SControl 300)
[STDOUT  ] 2019-03-07T22:55:11.794686915Z: [   23.933815] ata2.00: ATA-7: QEMU HARDDISK, 2.5+, max UDMA/100
[STDOUT  ] 2019-03-07T22:55:11.794704597Z: [   23.934317] ata2.00: 1048576 sectors, multi 16: LBA48 NCQ (depth 32)
[STDOUT  ] 2019-03-07T22:55:11.794739920Z: [   23.935026] ata2.00: applying bridge limits
[STDOUT  ] 2019-03-07T22:55:11.794759354Z: [   23.936352] ata2.00: configured for UDMA/100
[STDERR  ] 2019-03-07T22:55:11.794588335Z: [    5.214374] ACPI: 1 ACPI AML tables successfully acquired and loaded
[STDERR  ] 2019-03-07T22:55:11.794820702Z: [    5.252867] ACPI: Interpreter enabled
[STDOUT  ] 2019-03-07T22:55:11.794870905Z: [   23.938860] ata3.00: ATAPI: QEMU DVD-ROM, 2.5+, max UDMA/100
[STDOUT  ] 2019-03-07T22:55:11.794889096Z: [   23.939685] ata3.00: applying bridge limits
[STDOUT  ] 2019-03-07T22:55:11.794910590Z: [   23.943923] ata3.00: configured for UDMA/100
[STDOUT  ] 2019-03-07T22:55:11.794927864Z: [   23.946528] ata1.00: configured for UDMA/100
[STDERR  ] 2019-03-07T22:55:11.794854729Z: [    5.253937] ACPI: (supports S0 S5)
[STDERR  ] 2019-03-07T22:55:11.795002291Z: [    5.254414] ACPI: Using IOAPIC for interrupt routing
[STDERR  ] 2019-03-07T22:55:11.795039976Z: [    5.256914] PCI: Using host bridge windows from ACPI; if necessary, use "pci=nocrs" and report a bug
[STDERR  ] 2019-03-07T22:55:11.795083310Z: [    5.261742] ACPI: Enabled 2 GPEs in block 00 to 3F
[STDERR  ] 2019-03-07T22:55:11.795118985Z: [    5.342203] ACPI: PCI Root Bridge [PCI0] (domain 0000 [bus 00-ff])
[STDERR  ] 2019-03-07T22:55:11.795161274Z: [    5.343870] acpi PNP0A08:00: _OSC: OS supports [ExtendedConfig ASPM ClockPM Segments MSI]
[STDERR  ] 2019-03-07T22:55:11.795190678Z: [    5.348882] acpi PNP0A08:00: _OSC: platform does not support [SHPCHotplug LTR]
[STDERR  ] 2019-03-07T22:55:11.795241345Z: [    5.352643] acpi PNP0A08:00: _OSC: OS now controls [PCIeHotplug PME PCIeCapability]
[STDERR  ] 2019-03-07T22:55:11.795287326Z: [    5.357359] PCI host bridge to bus 0000:00
[STDERR  ] 2019-03-07T22:55:11.795332431Z: [    5.357936] pci_bus 0000:00: root bus resource [io  0x0000-0x0cf7 window]
[STDERR  ] 2019-03-07T22:55:11.795367633Z: [    5.358407] pci_bus 0000:00: root bus resource [io  0x0d00-0xffff window]
[STDERR  ] 2019-03-07T22:55:11.795398399Z: [    5.359373] pci_bus 0000:00: root bus resource [mem 0x000a0000-0x000bffff window]
[STDOUT  ] 2019-03-07T22:55:11.794945266Z: [   23.969975] scsi 0:0:0:0: Direct-Access     ATA      QEMU HARDDISK    2.5+ PQ: 0 ANSI: 5
[STDERR  ] 2019-03-07T22:55:11.795429594Z: [    5.359954] pci_bus 0000:00: root bus resource [mem 0xc0000000-0xfebfffff window]
[STDERR  ] 2019-03-07T22:55:11.795474022Z: [    5.360482] pci_bus 0000:00: root bus resource [bus 00-ff]
[STDOUT  ] 2019-03-07T22:55:11.795421438Z: [   23.997127] sd 0:0:0:0: [sda] 1048576 512-byte logical blocks: (537 MB/512 MiB)
[STDERR  ] 2019-03-07T22:55:11.795503659Z: [    5.423485] pci 0000:00:1f.0: quirk: [io  0x0600-0x067f] claimed by ICH6 ACPI/GPIO/TCO
[STDOUT  ] 2019-03-07T22:55:11.795528287Z: [   24.001903] sd 0:0:0:0: Attached scsi generic sg0 type 0
[STDOUT  ] 2019-03-07T22:55:11.795565536Z: [   24.004170] sd 0:0:0:0: [sda] Write Protect is off
[STDERR  ] 2019-03-07T22:55:11.795540528Z: [    5.471547] ACPI: PCI Interrupt Link [LNKA] (IRQs 5 *10 11)
[STDERR  ] 2019-03-07T22:55:11.795618619Z: [    5.473978] ACPI: PCI Interrupt Link [LNKB] (IRQs 5 *10 11)
[STDOUT  ] 2019-03-07T22:55:11.795584207Z: [   24.008393] scsi 1:0:0:0: Direct-Access     ATA      QEMU HARDDISK    2.5+ PQ: 0 ANSI: 5
[STDOUT  ] 2019-03-07T22:55:11.795700547Z: [   24.013374] sd 0:0:0:0: [sda] Write cache: enabled, read cache: enabled, doesn't support DPO or FUA
[STDOUT  ] 2019-03-07T22:55:11.795719921Z: [   24.018864] sd 1:0:0:0: [sdb] 1048576 512-byte logical blocks: (537 MB/512 MiB)
[STDOUT  ] 2019-03-07T22:55:11.795737955Z: [   24.025264] sd 1:0:0:0: [sdb] Write Protect is off
[STDERR  ] 2019-03-07T22:55:11.795647802Z: [    5.476389] ACPI: PCI Interrupt Link [LNKC] (IRQs 5 10 *11)
[STDERR  ] 2019-03-07T22:55:11.795782982Z: [    5.478688] ACPI: PCI Interrupt Link [LNKD] (IRQs 5 10 *11)
[STDERR  ] 2019-03-07T22:55:11.795817481Z: [    5.480911] ACPI: PCI Interrupt Link [LNKE] (IRQs 5 *10 11)
[STDERR  ] 2019-03-07T22:55:11.795842671Z: [    5.483022] ACPI: PCI Interrupt Link [LNKF] (IRQs 5 *10 11)
[STDERR  ] 2019-03-07T22:55:11.795868544Z: [    5.485199] ACPI: PCI Interrupt Link [LNKG] (IRQs 5 10 *11)
[STDERR  ] 2019-03-07T22:55:11.795900236Z: [    5.487157] ACPI: PCI Interrupt Link [LNKH] (IRQs 5 10 *11)
[STDERR  ] 2019-03-07T22:55:11.795925055Z: [    5.488553] ACPI: PCI Interrupt Link [GSIA] (IRQs *16)
[STDERR  ] 2019-03-07T22:55:11.795958637Z: [    5.489187] ACPI: PCI Interrupt Link [GSIB] (IRQs *17)
[STDERR  ] 2019-03-07T22:55:11.795989089Z: [    5.489317] ACPI: PCI Interrupt Link [GSIC] (IRQs *18)
[STDERR  ] 2019-03-07T22:55:11.796013297Z: [    5.489317] ACPI: PCI Interrupt Link [GSID] (IRQs *19)
[STDOUT  ] 2019-03-07T22:55:11.795757025Z: [   24.026821] sd 1:0:0:0: Attached scsi generic sg1 type 0
[STDERR  ] 2019-03-07T22:55:11.796038375Z: [    5.489317] ACPI: PCI Interrupt Link [GSIE] (IRQs *20)
[STDERR  ] 2019-03-07T22:55:11.796082143Z: [    5.489317] ACPI: PCI Interrupt Link [GSIF] (IRQs *21)
[STDERR  ] 2019-03-07T22:55:11.796106000Z: [    5.489317] ACPI: PCI Interrupt Link [GSIG] (IRQs *22)
[STDERR  ] 2019-03-07T22:55:11.796130328Z: [    5.489317] ACPI: PCI Interrupt Link [GSIH] (IRQs *23)
[STDOUT  ] 2019-03-07T22:55:11.796043508Z: [   24.029664] sd 1:0:0:0: [sdb] Write cache: enabled, read cache: enabled, doesn't support DPO or FUA
[STDERR  ] 2019-03-07T22:55:11.796162965Z: [    5.496798] SCSI subsystem initialized
[STDOUT  ] 2019-03-07T22:55:11.796159270Z: [   24.037715] scsi 2:0:0:0: CD-ROM            QEMU     QEMU DVD-ROM     2.5+ PQ: 0 ANSI: 5
[STDOUT  ] 2019-03-07T22:55:11.796182109Z: [   24.043849] tsc: Refined TSC clocksource calibration: 2599.761 MHz
[STDERR  ] 2019-03-07T22:55:11.796196802Z: [    5.500163] ACPI: bus type USB registered
[STDERR  ] 2019-03-07T22:55:11.796233797Z: [    5.501805] usbcore: registered new interface driver usbfs
[STDOUT  ] 2019-03-07T22:55:11.796218630Z: [   24.044846] clocksource: tsc: mask: 0xffffffffffffffff max_cycles: 0x25795a3d23f, max_idle_ns: 440795283713 ns
[STDOUT  ] 2019-03-07T22:55:11.796253223Z: [   24.046034] clocksource: Switched to clocksource tsc
[STDERR  ] 2019-03-07T22:55:11.796266690Z: [    5.502925] usbcore: registered new interface driver hub
[STDOUT  ] 2019-03-07T22:55:11.796275992Z: [   24.080712] sr 2:0:0:0: [sr0] scsi3-mmc drive: 4x/4x cd/rw xa/form2 tray
[STDERR  ] 2019-03-07T22:55:11.796297017Z: [    5.504374] usbcore: registered new device driver usb
[STDERR  ] 2019-03-07T22:55:11.796334608Z: [    5.505706] pps_core: LinuxPPS API ver. 1 registered
[STDERR  ] 2019-03-07T22:55:11.796378207Z: [    5.506226] pps_core: Software ver. 5.3.6 - Copyright 2005-2007 Rodolfo Giometti <giometti@linux.it>
[STDOUT  ] 2019-03-07T22:55:11.796299680Z: [   24.081710] cdrom: Uniform CD-ROM driver Revision: 3.20
[STDOUT  ] 2019-03-07T22:55:11.796441252Z: [   24.092932] sd 1:0:0:0: [sdb] Attached SCSI disk
[STDOUT  ] 2019-03-07T22:55:11.796461984Z: [   24.098975] sd 0:0:0:0: [sda] Attached SCSI disk
[STDOUT  ] 2019-03-07T22:55:11.796479759Z: [   24.099972] sr 2:0:0:0: Attached scsi generic sg2 type 5
[STDOUT  ] 2019-03-07T22:55:11.796497866Z: [   24.275183] Key type big_key registered
[STDERR  ] 2019-03-07T22:55:11.796417112Z: [    5.506536] PTP clock support registered
[STDERR  ] 2019-03-07T22:55:11.796552507Z: [    5.509632] PCI: Using ACPI for IRQ routing
[STDERR  ] 2019-03-07T22:55:11.796577882Z: [    5.534005] NetLabel: Initializing
[STDERR  ] 2019-03-07T22:55:11.796636352Z: [    5.534368] NetLabel:  domain hash size = 128
[STDERR  ] 2019-03-07T22:55:11.796675122Z: [    5.534744] NetLabel:  protocols = UNLABELED CIPSOv4 CALIPSO
[STDERR  ] 2019-03-07T22:55:11.796707281Z: [    5.537756] NetLabel:  unlabeled traffic allowed by default
[STDOUT  ] 2019-03-07T22:55:11.796515649Z: [   24.397299] Key type trusted registered
[STDOUT  ] 2019-03-07T22:55:11.796751979Z: [   24.535955] Key type encrypted registered
[STDOUT  ] 2019-03-07T22:55:11.796777873Z: [   24.537140] ima: No TPM chip found, activating TPM-bypass!
[STDOUT  ] 2019-03-07T22:55:11.796796999Z: [   24.538632] ima: Allocated hash algorithm: sha256
[STDOUT  ] 2019-03-07T22:55:11.796814802Z: [   24.543016] evm: Initialising EVM extended attributes:
[STDOUT  ] 2019-03-07T22:55:11.796830566Z: [   24.543771] evm: security.ima
[STDERR  ] 2019-03-07T22:55:11.796736080Z: [    5.539084] HPET: 3 timers in total, 0 timers will be used for per-cpu timer
[STDERR  ] 2019-03-07T22:55:11.796882654Z: [    5.539688] hpet0: at MMIO 0xfed00000, IRQs 2, 8, 0
[STDERR  ] 2019-03-07T22:55:11.796915208Z: [    5.540744] hpet0: 3 comparators, 64-bit 100.000000 MHz counter
[STDERR  ] 2019-03-07T22:55:11.796939638Z: [    5.546133] clocksource: Switched to clocksource tsc-early
[STDERR  ] 2019-03-07T22:55:11.796973088Z: [    5.994256] VFS: Disk quotas dquot_6.6.0
[STDERR  ] 2019-03-07T22:55:11.797002407Z: [    5.995713] VFS: Dquot-cache hash table entries: 512 (order 0, 4096 bytes)
[STDERR  ] 2019-03-07T22:55:11.797026486Z: [    5.999274] FS-Cache: Loaded
[STDOUT  ] 2019-03-07T22:55:11.796850459Z: [   24.544117] evm: security.capability
[STDERR  ] 2019-03-07T22:55:11.797050524Z: [    6.006912] CacheFiles: Loaded
[STDERR  ] 2019-03-07T22:55:11.797090539Z: [    6.008700] pnp: PnP ACPI init
[STDERR  ] 2019-03-07T22:55:11.797123062Z: [    6.023592] pnp: PnP ACPI: found 5 devices
[STDOUT  ] 2019-03-07T22:55:11.797063149Z: [   24.544601] evm: HMAC attrs: 0x1
[STDOUT  ] 2019-03-07T22:55:11.797189027Z: [   24.557843] rtc_cmos 00:00: setting system clock to 2019-03-07 22:53:39 UTC (1551999219)
[STDOUT  ] 2019-03-07T22:55:11.797223102Z: [   24.763859] Freeing unused kernel image memory: 1584K
[STDOUT  ] 2019-03-07T22:55:11.797247932Z: [   24.765973] Write protecting the kernel read-only data: 18432k
[STDERR  ] 2019-03-07T22:55:11.797147179Z: [    6.073567] clocksource: acpi_pm: mask: 0xffffff max_cycles: 0xffffff, max_idle_ns: 2085701024 ns
[STDOUT  ] 2019-03-07T22:55:11.797266273Z: [   24.787878] Freeing unused kernel image memory: 2028K
[STDOUT  ] 2019-03-07T22:55:11.797300385Z: [   24.795866] Freeing unused kernel image memory: 1040K
[STDOUT  ] 2019-03-07T22:55:11.797317748Z: [   24.797116] Run /init as init process
[STDOUT  ] 2019-03-07T22:55:11.797334690Z: 
[STDOUT  ] 2019-03-07T22:55:11.797353738Z: Welcome to LinuxKit
[STDOUT  ] 2019-03-07T22:55:11.797372919Z: 
[STDOUT  ] 2019-03-07T22:55:11.797403149Z:                         ##         .
[STDOUT  ] 2019-03-07T22:55:11.797420975Z:                   ## ## ##        ==
[STDOUT  ] 2019-03-07T22:55:11.797437009Z:                ## ## ## ## ##    ===
[STDERR  ] 2019-03-07T22:55:11.797276298Z: [    6.077877] NET: Registered protocol family 2
[STDERR  ] 2019-03-07T22:55:11.797487932Z: [    6.090355] tcp_listen_portaddr_hash hash table entries: 512 (order: 1, 8192 bytes)
[STDERR  ] 2019-03-07T22:55:11.797512503Z: [    6.091878] TCP established hash table entries: 8192 (order: 4, 65536 bytes)
[STDOUT  ] 2019-03-07T22:55:11.797550194Z:            /"""""""""""""""""\___/ ===
[STDOUT  ] 2019-03-07T22:55:11.797571968Z:           {                       /  ===-
[STDERR  ] 2019-03-07T22:55:11.797537474Z: [    6.093130] TCP bind hash table entries: 8192 (order: 5, 131072 bytes)
[STDERR  ] 2019-03-07T22:55:11.797698508Z: [    6.094110] TCP: Hash tables configured (established 8192 bind 8192)
[STDERR  ] 2019-03-07T22:55:11.797727759Z: [    6.097075] UDP hash table entries: 512 (order: 2, 16384 bytes)
[STDOUT  ] 2019-03-07T22:55:11.797587681Z:            \______ O           __/
[STDOUT  ] 2019-03-07T22:55:11.797765683Z:              \    \         __/
[STDOUT  ] 2019-03-07T22:55:11.797796570Z:               \____\_______/
[STDOUT  ] 2019-03-07T22:55:11.797816173Z: 
[STDOUT  ] 2019-03-07T22:55:11.797833091Z: [   72.257293] IPVS: ftp: loaded support on port[0] = 21
[STDERR  ] 2019-03-07T22:55:11.797752148Z: [    6.098084] UDP-Lite hash table entries: 512 (order: 2, 16384 bytes)
[STDERR  ] 2019-03-07T22:55:11.797874099Z: [    6.101946] NET: Registered protocol family 1
[STDERR  ] 2019-03-07T22:55:11.797918028Z: [    6.103014] NET: Registered protocol family 44
[STDERR  ] 2019-03-07T22:55:11.797942966Z: [    6.104167] pci 0000:00:01.0: Video device with shadowed ROM at [mem 0x000c0000-0x000dffff]
[STDERR  ] 2019-03-07T22:55:11.797986688Z: [    6.117205] Trying to unpack rootfs image as initramfs...
[STDERR  ] 2019-03-07T22:55:11.798010940Z: [   23.032274] Freeing initrd memory: 51024K
[STDOUT  ] 2019-03-07T22:55:11.797853603Z: [   74.883708]  sda:
[STDERR  ] 2019-03-07T22:55:11.798035130Z: [   23.066383] PCLMULQDQ-NI instructions are not detected.
[STDOUT  ] 2019-03-07T22:55:11.798072255Z: [   75.018107]  sda:
[STDOUT  ] 2019-03-07T22:55:11.798104061Z: [   75.398110]  sda: sda1
[STDOUT  ] 2019-03-07T22:55:11.798121870Z: [   75.538307]  sda: sda1
[STDOUT  ] 2019-03-07T22:55:11.798141551Z: 2019/03/07 22:54:29 Creating partition on /dev/sda
[STDOUT  ] 2019-03-07T22:55:11.798163704Z: 2019/03/07 22:54:33 Partition /dev/sda1 successfully created!
[STDOUT  ] 2019-03-07T22:55:11.798180209Z: [   79.718685] IPVS: ftp: loaded support on port[0] = 21
[STDOUT  ] 2019-03-07T22:55:11.798195506Z: [   82.591274]  sdb:
[STDOUT  ] 2019-03-07T22:55:11.798220946Z: [   82.719142]  sdb:
[STDERR  ] 2019-03-07T22:55:11.798075835Z: [   23.068259] AVX or AES-NI instructions are not detected.
[STDERR  ] 2019-03-07T22:55:11.798312420Z: [   23.069061] CPU feature 'AVX registers' is not supported.
[STDERR  ] 2019-03-07T22:55:11.798340939Z: [   23.069743] CPU feature 'AVX registers' is not supported.
[STDERR  ] 2019-03-07T22:55:11.798367060Z: [   23.070320] CPU feature 'AVX registers' is not supported.
[STDERR  ] 2019-03-07T22:55:11.798416873Z: [   23.070958] CPU feature 'AVX registers' is not supported.
[STDERR  ] 2019-03-07T22:55:11.798448457Z: [   23.071684] AVX2 or AES-NI instructions are not detected.
[STDOUT  ] 2019-03-07T22:55:11.798236127Z: [   83.105175]  sdb: sdb1
[STDOUT  ] 2019-03-07T22:55:11.798489213Z: [   83.256145]  sdb: sdb1
[STDOUT  ] 2019-03-07T22:55:11.798506950Z: 2019/03/07 22:54:36 /dev/sda has content. blkid returned: /dev/sda: PTUUID="1dda6396" PTTYPE="dos"
[STDOUT  ] 2019-03-07T22:55:11.798524808Z: 2019/03/07 22:54:37 Creating partition on /dev/sdb
[STDOUT  ] 2019-03-07T22:55:11.798555417Z: 2019/03/07 22:54:40 Partition /dev/sdb1 successfully created!
[STDOUT  ] 2019-03-07T22:55:11.798576992Z: [   87.575101] IPVS: ftp: loaded support on port[0] = 21
[STDOUT  ] 2019-03-07T22:55:11.798606935Z: [   90.082868] EXT4-fs (sda1): mounted filesystem with ordered data mode. Opts: (null)
[STDOUT  ] 2019-03-07T22:55:11.798629100Z: [   94.179746] IPVS: ftp: loaded support on port[0] = 21
[STDOUT  ] 2019-03-07T22:55:11.798646860Z: [   96.755401] EXT4-fs (sdb1): mounted filesystem with ordered data mode. Opts: (null)
[STDERR  ] 2019-03-07T22:55:11.798562559Z: [   23.072153] AVX2 instructions are not detected.
[STDERR  ] 2019-03-07T22:55:11.798701905Z: [   23.087384] workingset: timestamp_bits=46 max_order=18 bucket_order=0
[STDERR  ] 2019-03-07T22:55:11.798733419Z: [   23.095850] squashfs: version 4.0 (2009/01/31) Phillip Lougher
[STDERR  ] 2019-03-07T22:55:11.798758039Z: [   23.099385] FS-Cache: Netfs 'cifs' registered for caching
[STDERR  ] 2019-03-07T22:55:11.798785827Z: [   23.101108] fuse init (API version 7.27)
[STDERR  ] 2019-03-07T22:55:11.798810395Z: [   23.104631] SGI XFS with ACLs, security attributes, no debug enabled
[STDERR  ] 2019-03-07T22:55:11.798834189Z: [   23.110301] 9p: Installing v9fs 9p2000 file system support
[STDERR  ] 2019-03-07T22:55:11.798867973Z: [   23.111158] FS-Cache: Netfs '9p' registered for caching
[STDERR  ] 2019-03-07T22:55:11.798892122Z: [   23.112027] pstore: using deflate compression
[STDERR  ] 2019-03-07T22:55:11.798916320Z: [   23.175975] NET: Registered protocol family 38
[STDOUT  ] 2019-03-07T22:55:11.798666001Z: 2019/03/07 22:54:53 Failed to create "/dev/disk/by-uuid/991f0b63-9980-42ff-9f3c-6a816f655503": symlink ../../sda1 /dev/disk/by-uuid/991f0b63-9980-42ff-9f3c-6a816f655503: file exists
[STDERR  ] 2019-03-07T22:55:11.798941008Z: [   23.177070] Key type asymmetric registered
[STDERR  ] 2019-03-07T22:55:11.798967967Z: [   23.177782] Asymmetric key parser 'x509' registered
[STDERR  ] 2019-03-07T22:55:11.798992983Z: [   23.178858] Block layer SCSI generic (bsg) driver version 0.4 loaded (major 247)
[STDERR  ] 2019-03-07T22:55:11.799018570Z: [   23.181699] io scheduler noop registered
[STDERR  ] 2019-03-07T22:55:11.799047233Z: [   23.182137] io scheduler deadline registered (default)
[STDERR  ] 2019-03-07T22:55:11.799071478Z: [   23.183344] io scheduler cfq registered
[STDERR  ] 2019-03-07T22:55:11.799117920Z: [   23.184017] io scheduler mq-deadline registered (default)
[STDOUT  ] 2019-03-07T22:55:11.798980506Z: 2019/03/07 22:54:53 Failed to create "/dev/disk/by-uuid/ab4a3cee-3509-4c16-8465-ff7c106aa2a0": symlink ../../sdb1 /dev/disk/by-uuid/ab4a3cee-3509-4c16-8465-ff7c106aa2a0: file exists
[STDOUT  ] 2019-03-07T22:55:11.799143777Z: format_mount test suite PASSED
[STDOUT  ] 2019-03-07T22:55:11.799179211Z: [  116.866171] sd 1:0:0:0: [sdb] Synchronizing SCSI cache
[STDERR  ] 2019-03-07T22:55:11.799145218Z: [   23.184605] io scheduler kyber registered
[STDOUT  ] 2019-03-07T22:55:11.799216519Z: [  116.873059] sd 1:0:0:0: [sdb] Stopping disk
[STDOUT  ] 2019-03-07T22:55:11.799256519Z: [  116.874606] sd 0:0:0:0: [sda] Synchronizing SCSI cache
[STDOUT  ] 2019-03-07T22:55:11.799278629Z: [  116.875672] sd 0:0:0:0: [sda] Stopping disk
[STDOUT  ] 2019-03-07T22:55:11.799297343Z: [  116.881307] ACPI: Preparing to enter system sleep state S5
[STDOUT  ] 2019-03-07T22:55:11.799317720Z: [  116.886111] reboot: Power down
[STDERR  ] 2019-03-07T22:55:11.799219061Z: [   23.188578] shpchp: Standard Hot Plug PCI Controller Driver version: 0.4
[STDERR  ] 2019-03-07T22:55:11.799380464Z: [   23.189686] hv_vmbus: registering driver hyperv_fb
[STDERR  ] 2019-03-07T22:55:11.799411685Z: [   23.194301] input: Power Button as /devices/LNXSYSTM:00/LNXPWRBN:00/input/input0
[STDERR  ] 2019-03-07T22:55:11.799441461Z: [   23.198597] ACPI: Power Button [PWRF]
[STDERR  ] 2019-03-07T22:55:11.799472827Z: [   23.224120] PCI Interrupt Link [GSIG] enabled at IRQ 22
[STDERR  ] 2019-03-07T22:55:11.799516981Z: [   23.246944] PCI Interrupt Link [GSIH] enabled at IRQ 23
[STDERR  ] 2019-03-07T22:55:11.799547924Z: [   23.255087] Serial: 8250/16550 driver, 4 ports, IRQ sharing disabled
[STDERR  ] 2019-03-07T22:55:11.799578595Z: [   23.282883] 00:04: ttyS0 at I/O 0x3f8 (irq = 4, base_baud = 115200) is a 16550A
[STDERR  ] 2019-03-07T22:55:11.799609201Z: [   23.296785] Non-volatile memory driver v1.3
[STDERR  ] 2019-03-07T22:55:11.799640093Z: [   23.305847] Hangcheck: starting hangcheck timer 0.9.1 (tick is 180 seconds, margin is 60 seconds).
[STDERR  ] 2019-03-07T22:55:11.799679848Z: [   23.313666] random: crng init done
[STDERR  ] 2019-03-07T22:55:11.799744158Z: [   23.398797] brd: module loaded
[STDERR  ] 2019-03-07T22:55:11.799778294Z: [   23.444870] loop: module loaded
[STDERR  ] 2019-03-07T22:55:11.799807223Z: [   23.522775] lpc_ich 0000:00:1f.0: I/O space for GPIO uninitialized
[STDERR  ] 2019-03-07T22:55:11.799838696Z: [   23.526021] VMware PVSCSI driver - version 1.0.7.0-k
[STDERR  ] 2019-03-07T22:55:11.799868862Z: [   23.527037] hv_vmbus: registering driver hv_storvsc
[STDERR  ] 2019-03-07T22:55:11.799899795Z: [   23.543026] PCI Interrupt Link [GSIA] enabled at IRQ 16
[STDERR  ] 2019-03-07T22:55:11.799933739Z: [   23.552142] ahci 0000:00:1f.2: AHCI 0001.0000 32 slots 6 ports 1.5 Gbps 0x3f impl SATA mode
[STDERR  ] 2019-03-07T22:55:11.799970065Z: [   23.553567] ahci 0000:00:1f.2: flags: 64bit ncq only 
[STDERR  ] 2019-03-07T22:55:11.799999727Z: [   23.574101] scsi host0: ahci
[STDERR  ] 2019-03-07T22:55:11.800029541Z: [   23.578793] scsi host1: ahci
[STDERR  ] 2019-03-07T22:55:11.800060594Z: [   23.581331] scsi host2: ahci
[STDERR  ] 2019-03-07T22:55:11.800092439Z: [   23.584287] scsi host3: ahci
[STDERR  ] 2019-03-07T22:55:11.800123833Z: [   23.586909] scsi host4: ahci
[STDERR  ] 2019-03-07T22:55:11.800153147Z: [   23.589380] scsi host5: ahci
[STDERR  ] 2019-03-07T22:55:11.800186217Z: [   23.591313] ata1: SATA max UDMA/133 abar m4096@0xfebd2000 port 0xfebd2100 irq 24
[STDERR  ] 2019-03-07T22:55:11.800228608Z: [   23.592502] ata2: SATA max UDMA/133 abar m4096@0xfebd2000 port 0xfebd2180 irq 24
[STDERR  ] 2019-03-07T22:55:11.800257840Z: [   23.593270] ata3: SATA max UDMA/133 abar m4096@0xfebd2000 port 0xfebd2200 irq 24
[STDERR  ] 2019-03-07T22:55:11.800287671Z: [   23.594129] ata4: SATA max UDMA/133 abar m4096@0xfebd2000 port 0xfebd2280 irq 24
[STDERR  ] 2019-03-07T22:55:11.800318816Z: [   23.595065] ata5: SATA max UDMA/133 abar m4096@0xfebd2000 port 0xfebd2300 irq 24
[STDERR  ] 2019-03-07T22:55:11.800370255Z: [   23.596103] ata6: SATA max UDMA/133 abar m4096@0xfebd2000 port 0xfebd2380 irq 24
[STDERR  ] 2019-03-07T22:55:11.800402353Z: [   23.613202] tun: Universal TUN/TAP device driver, 1.6
[STDERR  ] 2019-03-07T22:55:11.800431417Z: [   23.628972] VMware vmxnet3 virtual NIC driver - version 1.4.16.0-k-NAPI
[STDERR  ] 2019-03-07T22:55:11.800461795Z: [   23.630826] hv_vmbus: registering driver hv_netvsc
[STDERR  ] 2019-03-07T22:55:11.800492047Z: [   23.631727] Fusion MPT base driver 3.04.20
[STDERR  ] 2019-03-07T22:55:11.800520919Z: [   23.632208] Copyright (c) 1999-2008 LSI Corporation
[STDERR  ] 2019-03-07T22:55:11.800550870Z: [   23.633260] Fusion MPT SPI Host driver 3.04.20
[STDERR  ] 2019-03-07T22:55:11.800579602Z: [   23.636303] i8042: PNP: PS/2 Controller [PNP0303:KBD,PNP0f13:MOU] at 0x60,0x64 irq 1,12
[STDERR  ] 2019-03-07T22:55:11.800609090Z: [   23.643612] serio: i8042 KBD port at 0x60,0x64 irq 1
[STDERR  ] 2019-03-07T22:55:11.800643512Z: [   23.644624] serio: i8042 AUX port at 0x60,0x64 irq 12
[STDERR  ] 2019-03-07T22:55:11.800673036Z: [   23.648233] hv_vmbus: registering driver hyperv_keyboard
[STDERR  ] 2019-03-07T22:55:11.800702368Z: [   23.651755] mousedev: PS/2 mouse device common for all mice
[STDERR  ] 2019-03-07T22:55:11.800733332Z: [   23.658860] input: PC Speaker as /devices/platform/pcspkr/input/input2
[STDERR  ] 2019-03-07T22:55:11.800762940Z: [   23.661813] input: AT Translated Set 2 keyboard as /devices/platform/i8042/serio0/input/input1
[STDERR  ] 2019-03-07T22:55:11.800805597Z: [   23.666717] rtc_cmos 00:00: RTC can wake from S4
[STDERR  ] 2019-03-07T22:55:11.800834782Z: [   23.673725] rtc_cmos 00:00: registered as rtc0
[STDERR  ] 2019-03-07T22:55:11.800867931Z: [   23.675309] rtc_cmos 00:00: alarms up to one day, y3k, 114 bytes nvram, hpet irqs
[STDERR  ] 2019-03-07T22:55:11.800899484Z: [   23.676768] i2c /dev entries driver
[STDERR  ] 2019-03-07T22:55:11.800929153Z: [   23.679621] device-mapper: ioctl: 4.39.0-ioctl (2018-04-03) initialised: dm-devel@redhat.com
[STDERR  ] 2019-03-07T22:55:11.800965198Z: [   23.686201] usbcore: registered new interface driver usbhid
[STDERR  ] 2019-03-07T22:55:11.800994987Z: [   23.687010] usbhid: USB HID core driver
[STDERR  ] 2019-03-07T22:55:11.801023985Z: [   23.688232] hv_utils: Registering HyperV Utility Driver
[STDERR  ] 2019-03-07T22:55:11.801055227Z: [   23.688927] hv_vmbus: registering driver hv_util
[STDERR  ] 2019-03-07T22:55:11.801086697Z: [   23.689640] hv_vmbus: registering driver hv_balloon
[STDERR  ] 2019-03-07T22:55:11.801120193Z: [   23.690480] oprofile: using NMI interrupt.
[STDERR  ] 2019-03-07T22:55:11.801156150Z: [   23.692682] GACT probability on
[STDERR  ] 2019-03-07T22:55:11.801187813Z: [   23.693208] Mirror/redirect action on
[STDERR  ] 2019-03-07T22:55:11.801228025Z: [   23.694203] Simple TC action Loaded
[STDERR  ] 2019-03-07T22:55:11.801258811Z: [   23.695145] u32 classifier
[STDERR  ] 2019-03-07T22:55:11.801289916Z: [   23.695670]     Performance counters on
[STDERR  ] 2019-03-07T22:55:11.801320964Z: [   23.696069]     input device check on
[STDERR  ] 2019-03-07T22:55:11.801359502Z: [   23.696583]     Actions configured
[STDERR  ] 2019-03-07T22:55:11.801390588Z: [   23.711862] xt_time: kernel timezone is -0000
[STDERR  ] 2019-03-07T22:55:11.801424273Z: [   23.713328] IPVS: Registered protocols (TCP, UDP, SCTP, AH, ESP)
[STDERR  ] 2019-03-07T22:55:11.801454573Z: [   23.714720] IPVS: Connection hash table configured (size=4096, memory=64Kbytes)
[STDERR  ] 2019-03-07T22:55:11.801484609Z: [   23.721124] IPVS: ipvs loaded.
[STDERR  ] 2019-03-07T22:55:11.801514952Z: [   23.721898] IPVS: [rr] scheduler registered.
[STDERR  ] 2019-03-07T22:55:11.801544741Z: [   23.722683] IPVS: [wrr] scheduler registered.
[STDERR  ] 2019-03-07T22:55:11.801572815Z: [   23.723216] IPVS: [lc] scheduler registered.
[STDERR  ] 2019-03-07T22:55:11.801604919Z: [   23.723918] IPVS: [wlc] scheduler registered.
[STDERR  ] 2019-03-07T22:55:11.801634587Z: [   23.724605] IPVS: [fo] scheduler registered.
[STDERR  ] 2019-03-07T22:55:11.801672676Z: [   23.725132] IPVS: [ovf] scheduler registered.
[STDERR  ] 2019-03-07T22:55:11.801704483Z: [   23.725961] IPVS: [lblc] scheduler registered.
[STDERR  ] 2019-03-07T22:55:11.801737188Z: [   23.726801] IPVS: [lblcr] scheduler registered.
[STDERR  ] 2019-03-07T22:55:11.801771380Z: [   23.727509] IPVS: [dh] scheduler registered.
[STDERR  ] 2019-03-07T22:55:11.801804143Z: [   23.727949] IPVS: [sh] scheduler registered.
[STDERR  ] 2019-03-07T22:55:11.801833621Z: [   23.728382] IPVS: [mh] scheduler registered.
[STDERR  ] 2019-03-07T22:55:11.801863302Z: [   23.728955] IPVS: [sed] scheduler registered.
[STDERR  ] 2019-03-07T22:55:11.801893576Z: [   23.729372] IPVS: [nq] scheduler registered.
[STDERR  ] 2019-03-07T22:55:11.801927662Z: [   23.730344] IPVS: ftp: loaded support on port[0] = 21
[STDERR  ] 2019-03-07T22:55:11.801958871Z: [   23.731722] ipip: IPv4 and MPLS over IPv4 tunneling driver
[STDERR  ] 2019-03-07T22:55:11.801987392Z: [   23.737214] gre: GRE over IPv4 demultiplexor driver
[STDERR  ] 2019-03-07T22:55:11.802020292Z: [   23.745171] ipt_CLUSTERIP: ClusterIP Version 0.8 loaded successfully
[STDERR  ] 2019-03-07T22:55:11.802089481Z: [   23.749123] NET: Registered protocol family 10
[STDERR  ] 2019-03-07T22:55:11.802121205Z: [   23.762638] Segment Routing with IPv6
[STDERR  ] 2019-03-07T22:55:11.802151976Z: [   23.775557] NET: Registered protocol family 17
[STDERR  ] 2019-03-07T22:55:11.802184358Z: [   23.777044] Bridge firewalling registered
[STDERR  ] 2019-03-07T22:55:11.802225548Z: [   23.780792] 8021q: 802.1Q VLAN Support v1.8
[STDERR  ] 2019-03-07T22:55:11.802306965Z: [   23.783092] 9pnet: Installing 9P2000 support
[STDERR  ] 2019-03-07T22:55:11.802339655Z: [   23.785608] Key type dns_resolver registered
[STDERR  ] 2019-03-07T22:55:11.802374482Z: [   23.787642] sched_clock: Marking stable (23709802966, 77639441)->(24062168741, -274726334)
[STDERR  ] 2019-03-07T22:55:11.802451659Z: [   23.793234] registered taskstats version 1
[STDERR  ] 2019-03-07T22:55:11.802484598Z: [   23.917289] ata4: SATA link down (SStatus 0 SControl 300)
[STDERR  ] 2019-03-07T22:55:11.802514908Z: [   23.920405] ata3: SATA link up 1.5 Gbps (SStatus 113 SControl 300)
[STDERR  ] 2019-03-07T22:55:11.802544101Z: [   23.923618] ata2: SATA link up 1.5 Gbps (SStatus 113 SControl 300)
[STDERR  ] 2019-03-07T22:55:11.802575242Z: [   23.924589] ata1: SATA link up 1.5 Gbps (SStatus 113 SControl 300)
[STDERR  ] 2019-03-07T22:55:11.802604774Z: [   23.928354] ata1.00: ATA-7: QEMU HARDDISK, 2.5+, max UDMA/100
[STDERR  ] 2019-03-07T22:55:11.802642201Z: [   23.929142] ata1.00: 1048576 sectors, multi 16: LBA48 NCQ (depth 32)
[STDERR  ] 2019-03-07T22:55:11.802672693Z: [   23.930036] ata1.00: applying bridge limits
[STDERR  ] 2019-03-07T22:55:11.802704828Z: [   23.931810] ata6: SATA link down (SStatus 0 SControl 300)
[STDERR  ] 2019-03-07T22:55:11.802740434Z: [   23.932625] ata5: SATA link down (SStatus 0 SControl 300)
[STDERR  ] 2019-03-07T22:55:11.802772892Z: [   23.933815] ata2.00: ATA-7: QEMU HARDDISK, 2.5+, max UDMA/100
[STDERR  ] 2019-03-07T22:55:11.802802228Z: [   23.934317] ata2.00: 1048576 sectors, multi 16: LBA48 NCQ (depth 32)
[STDERR  ] 2019-03-07T22:55:11.802839050Z: [   23.935026] ata2.00: applying bridge limits
[STDERR  ] 2019-03-07T22:55:11.802866471Z: [   23.936352] ata2.00: configured for UDMA/100
[STDERR  ] 2019-03-07T22:55:11.802897827Z: [   23.938860] ata3.00: ATAPI: QEMU DVD-ROM, 2.5+, max UDMA/100
[STDERR  ] 2019-03-07T22:55:11.802927340Z: [   23.939685] ata3.00: applying bridge limits
[STDERR  ] 2019-03-07T22:55:11.802957872Z: [   23.943923] ata3.00: configured for UDMA/100
[STDERR  ] 2019-03-07T22:55:11.802988942Z: [   23.946528] ata1.00: configured for UDMA/100
[STDERR  ] 2019-03-07T22:55:11.803019835Z: [   23.969975] scsi 0:0:0:0: Direct-Access     ATA      QEMU HARDDISK    2.5+ PQ: 0 ANSI: 5
[STDERR  ] 2019-03-07T22:55:11.803051341Z: [   23.997127] sd 0:0:0:0: [sda] 1048576 512-byte logical blocks: (537 MB/512 MiB)
[STDERR  ] 2019-03-07T22:55:11.803080570Z: [   24.001903] sd 0:0:0:0: Attached scsi generic sg0 type 0
[STDERR  ] 2019-03-07T22:55:11.803117751Z: [   24.004170] sd 0:0:0:0: [sda] Write Protect is off
[STDERR  ] 2019-03-07T22:55:11.803151848Z: [   24.008393] scsi 1:0:0:0: Direct-Access     ATA      QEMU HARDDISK    2.5+ PQ: 0 ANSI: 5
[STDERR  ] 2019-03-07T22:55:11.803181023Z: [   24.013374] sd 0:0:0:0: [sda] Write cache: enabled, read cache: enabled, doesn't support DPO or FUA
[STDERR  ] 2019-03-07T22:55:11.803220551Z: [   24.018864] sd 1:0:0:0: [sdb] 1048576 512-byte logical blocks: (537 MB/512 MiB)
[STDERR  ] 2019-03-07T22:55:11.803250047Z: [   24.025264] sd 1:0:0:0: [sdb] Write Protect is off
[STDERR  ] 2019-03-07T22:55:11.803280804Z: [   24.026821] sd 1:0:0:0: Attached scsi generic sg1 type 0
[STDERR  ] 2019-03-07T22:55:11.803314289Z: [   24.029664] sd 1:0:0:0: [sdb] Write cache: enabled, read cache: enabled, doesn't support DPO or FUA
[STDERR  ] 2019-03-07T22:55:11.803352036Z: [   24.037715] scsi 2:0:0:0: CD-ROM            QEMU     QEMU DVD-ROM     2.5+ PQ: 0 ANSI: 5
[STDERR  ] 2019-03-07T22:55:11.803382862Z: [   24.043849] tsc: Refined TSC clocksource calibration: 2599.761 MHz
[STDERR  ] 2019-03-07T22:55:11.803414857Z: [   24.044846] clocksource: tsc: mask: 0xffffffffffffffff max_cycles: 0x25795a3d23f, max_idle_ns: 440795283713 ns
[STDERR  ] 2019-03-07T22:55:11.803447468Z: [   24.046034] clocksource: Switched to clocksource tsc
[STDERR  ] 2019-03-07T22:55:11.803478793Z: [   24.080712] sr 2:0:0:0: [sr0] scsi3-mmc drive: 4x/4x cd/rw xa/form2 tray
[STDERR  ] 2019-03-07T22:55:11.803509256Z: [   24.081710] cdrom: Uniform CD-ROM driver Revision: 3.20
[STDERR  ] 2019-03-07T22:55:11.803547631Z: [   24.092932] sd 1:0:0:0: [sdb] Attached SCSI disk
[STDERR  ] 2019-03-07T22:55:11.803576602Z: [   24.098975] sd 0:0:0:0: [sda] Attached SCSI disk
[STDERR  ] 2019-03-07T22:55:11.803607385Z: [   24.099972] sr 2:0:0:0: Attached scsi generic sg2 type 5
[STDERR  ] 2019-03-07T22:55:11.803645628Z: [   24.275183] Key type big_key registered
[STDERR  ] 2019-03-07T22:55:11.803673949Z: [   24.397299] Key type trusted registered
[STDERR  ] 2019-03-07T22:55:11.803703228Z: [   24.535955] Key type encrypted registered
[STDERR  ] 2019-03-07T22:55:11.803731942Z: [   24.537140] ima: No TPM chip found, activating TPM-bypass!
[STDERR  ] 2019-03-07T22:55:11.803766656Z: [   24.538632] ima: Allocated hash algorithm: sha256
[STDERR  ] 2019-03-07T22:55:11.803795287Z: [   24.543016] evm: Initialising EVM extended attributes:
[STDERR  ] 2019-03-07T22:55:11.803828812Z: [   24.543771] evm: security.ima
[STDERR  ] 2019-03-07T22:55:11.803858130Z: [   24.544117] evm: security.capability
[STDERR  ] 2019-03-07T22:55:11.803888052Z: [   24.544601] evm: HMAC attrs: 0x1
[STDERR  ] 2019-03-07T22:55:11.803919586Z: [   24.557843] rtc_cmos 00:00: setting system clock to 2019-03-07 22:53:39 UTC (1551999219)
[STDERR  ] 2019-03-07T22:55:11.803949339Z: [   24.763859] Freeing unused kernel image memory: 1584K
[STDERR  ] 2019-03-07T22:55:11.803979351Z: [   24.765973] Write protecting the kernel read-only data: 18432k
[STDERR  ] 2019-03-07T22:55:11.804009468Z: [   24.787878] Freeing unused kernel image memory: 2028K
[STDERR  ] 2019-03-07T22:55:11.804043058Z: [   24.795866] Freeing unused kernel image memory: 1040K
[STDERR  ] 2019-03-07T22:55:11.804075210Z: [   24.797116] Run /init as init process
[STDERR  ] 2019-03-07T22:55:11.804108061Z: 
[STDERR  ] 2019-03-07T22:55:11.804142202Z: Welcome to LinuxKit
[STDERR  ] 2019-03-07T22:55:11.804177476Z: 
[STDERR  ] 2019-03-07T22:55:11.804218011Z:                         ##         .
[STDERR  ] 2019-03-07T22:55:11.804250806Z:                   ## ## ##        ==
[STDERR  ] 2019-03-07T22:55:11.804282757Z:                ## ## ## ## ##    ===
[STDERR  ] 2019-03-07T22:55:11.804312175Z:            /"""""""""""""""""\___/ ===
[STDERR  ] 2019-03-07T22:55:11.804352802Z:           {                       /  ===-
[STDERR  ] 2019-03-07T22:55:11.804384268Z:            \______ O           __/
[STDERR  ] 2019-03-07T22:55:11.804414248Z:              \    \         __/
[STDERR  ] 2019-03-07T22:55:11.804450321Z:               \____\_______/
[STDERR  ] 2019-03-07T22:55:11.804491712Z: 
[STDERR  ] 2019-03-07T22:55:11.804547660Z: [   72.257293] IPVS: ftp: loaded support on port[0] = 21
[STDERR  ] 2019-03-07T22:55:11.804581617Z: [   74.883708]  sda:
[STDERR  ] 2019-03-07T22:55:11.804614587Z: [   75.018107]  sda:
[STDERR  ] 2019-03-07T22:55:11.804646177Z: [   75.398110]  sda: sda1
[STDERR  ] 2019-03-07T22:55:11.804677006Z: [   75.538307]  sda: sda1
[STDERR  ] 2019-03-07T22:55:11.804706959Z: 2019/03/07 22:54:29 Creating partition on /dev/sda
[STDERR  ] 2019-03-07T22:55:11.804734881Z: 2019/03/07 22:54:33 Partition /dev/sda1 successfully created!
[STDERR  ] 2019-03-07T22:55:11.804764424Z: [   79.718685] IPVS: ftp: loaded support on port[0] = 21
[STDERR  ] 2019-03-07T22:55:11.804794684Z: [   82.591274]  sdb:
[STDERR  ] 2019-03-07T22:55:11.804824436Z: [   82.719142]  sdb:
[STDERR  ] 2019-03-07T22:55:11.804859136Z: [   83.105175]  sdb: sdb1
[STDERR  ] 2019-03-07T22:55:11.804889211Z: [   83.256145]  sdb: sdb1
[STDERR  ] 2019-03-07T22:55:11.804920249Z: 2019/03/07 22:54:36 /dev/sda has content. blkid returned: /dev/sda: PTUUID="1dda6396" PTTYPE="dos"
[STDERR  ] 2019-03-07T22:55:11.804952640Z: 2019/03/07 22:54:37 Creating partition on /dev/sdb
[STDERR  ] 2019-03-07T22:55:11.804982262Z: 2019/03/07 22:54:40 Partition /dev/sdb1 successfully created!
[STDERR  ] 2019-03-07T22:55:11.805012749Z: [   87.575101] IPVS: ftp: loaded support on port[0] = 21
[STDERR  ] 2019-03-07T22:55:11.805044064Z: [   90.082868] EXT4-fs (sda1): mounted filesystem with ordered data mode. Opts: (null)
[STDERR  ] 2019-03-07T22:55:11.805080842Z: [   94.179746] IPVS: ftp: loaded support on port[0] = 21
[STDERR  ] 2019-03-07T22:55:11.805113907Z: [   96.755401] EXT4-fs (sdb1): mounted filesystem with ordered data mode. Opts: (null)
[STDERR  ] 2019-03-07T22:55:11.805144493Z: 2019/03/07 22:54:53 Failed to create "/dev/disk/by-uuid/991f0b63-9980-42ff-9f3c-6a816f655503": symlink ../../sda1 /dev/disk/by-uuid/991f0b63-9980-42ff-9f3c-6a816f655503: file exists
[STDERR  ] 2019-03-07T22:55:11.805177875Z: 2019/03/07 22:54:53 Failed to create "/dev/disk/by-uuid/ab4a3cee-3509-4c16-8465-ff7c106aa2a0": symlink ../../sdb1 /dev/disk/by-uuid/ab4a3cee-3509-4c16-8465-ff7c106aa2a0: file exists
[STDERR  ] 2019-03-07T22:55:11.805216444Z: format_mount test suite PASSED
[STDERR  ] 2019-03-07T22:55:11.805252071Z: [  116.866171] sd 1:0:0:0: [sdb] Synchronizing SCSI cache
[STDERR  ] 2019-03-07T22:55:11.805286059Z: [  116.873059] sd 1:0:0:0: [sdb] Stopping disk
[STDERR  ] 2019-03-07T22:55:11.805317199Z: [  116.874606] sd 0:0:0:0: [sda] Synchronizing SCSI cache
[STDERR  ] 2019-03-07T22:55:11.805355887Z: [  116.875672] sd 0:0:0:0: [sda] Stopping disk
[STDERR  ] 2019-03-07T22:55:11.805396326Z: [  116.881307] ACPI: Preparing to enter system sleep state S5
[STDERR  ] 2019-03-07T22:55:11.805427013Z: [  116.886111] reboot: Power down
[STDERR  ] 2019-03-07T22:55:11.805456393Z: + echo [    0.000000] Linux version 4.19.26-linuxkit (root@1d4c19bf251c) (gcc version 8.2.0 (Alpine 8.2.0)) #1 SMP Wed Mar 6 21:34:25 UTC 2019
[STDERR  ] 2019-03-07T22:55:11.805486989Z: [    0.000000] Command line: console=ttyS0 console=ttyAMA0
[STDERR  ] 2019-03-07T22:55:11.805515155Z: [    0.000000] x86/fpu: x87 FPU will use FXSAVE
[STDERR  ] 2019-03-07T22:55:11.805545904Z: [    0.000000] BIOS-provided physical RAM map:
[STDERR  ] 2019-03-07T22:55:11.805579516Z: [    0.000000] BIOS-e820: [mem 0x0000000000000000-0x000000000009fbff] usable
[STDERR  ] 2019-03-07T22:55:11.805611609Z: [    0.000000] BIOS-e820: [mem 0x000000000009fc00-0x000000000009ffff] reserved
[STDERR  ] 2019-03-07T22:55:11.805640766Z: [    0.000000] BIOS-e820: [mem 0x00000000000f0000-0x00000000000fffff] reserved
[STDERR  ] 2019-03-07T22:55:11.805669876Z: [    0.000000] BIOS-e820: [mem 0x0000000000100000-0x000000003ffddfff] usable
[STDERR  ] 2019-03-07T22:55:11.805701198Z: [    0.000000] BIOS-e820: [mem 0x000000003ffde000-0x000000003fffffff] reserved
[STDERR  ] 2019-03-07T22:55:11.805730292Z: [    0.000000] BIOS-e820: [mem 0x00000000b0000000-0x00000000bfffffff] reserved
[STDERR  ] 2019-03-07T22:55:11.805769726Z: [    0.000000] BIOS-e820: [mem 0x00000000fed1c000-0x00000000fed1ffff] reserved
[STDERR  ] 2019-03-07T22:55:11.805800439Z: [    0.000000] BIOS-e820: [mem 0x00000000fffc0000-0x00000000ffffffff] reserved
[STDERR  ] 2019-03-07T22:55:11.805828564Z: [    0.000000] NX (Execute Disable) protection: active
[STDERR  ] 2019-03-07T22:55:11.805865308Z: [    0.000000] SMBIOS 2.8 present.
[STDERR  ] 2019-03-07T22:55:11.805892946Z: [    0.000000] DMI: QEMU Standard PC (Q35 + ICH9, 2009), BIOS rel-1.10.2-0-g5f4c7b1-prebuilt.qemu-project.org 04/01/2014
[STDERR  ] 2019-03-07T22:55:11.805920315Z: [    0.000000] tsc: Fast TSC calibration using PIT
[STDERR  ] 2019-03-07T22:55:11.805945501Z: [    0.000000] tsc: Detected 2599.754 MHz processor
[STDERR  ] 2019-03-07T22:55:11.805971429Z: [    0.061664] last_pfn = 0x3ffde max_arch_pfn = 0x400000000
[STDERR  ] 2019-03-07T22:55:11.806003973Z: [    0.064037] x86/PAT: Configuration [0-7]: WB  WC  UC- UC  WB  WP  UC- WT  
[STDERR  ] 2019-03-07T22:55:11.806034918Z: [    0.139855] found SMP MP-table at [mem 0x000f6aa0-0x000f6aaf] mapped at [(____ptrval____)]
[STDERR  ] 2019-03-07T22:55:11.806065278Z: [    0.153222] RAMDISK: [mem 0x3cdfc000-0x3ffcffff]
[STDERR  ] 2019-03-07T22:55:11.806091204Z: [    0.154429] ACPI: Early table checksum verification disabled
[STDERR  ] 2019-03-07T22:55:11.806117146Z: [    0.157968] ACPI: RSDP 0x00000000000F68C0 000014 (v00 BOCHS )
[STDERR  ] 2019-03-07T22:55:11.806143140Z: [    0.158444] ACPI: RSDT 0x000000003FFE2404 000034 (v01 BOCHS  BXPCRSDT 00000001 BXPC 00000001)
[STDERR  ] 2019-03-07T22:55:11.806182610Z: [    0.159636] ACPI: FACP 0x000000003FFE22A4 000074 (v01 BOCHS  BXPCFACP 00000001 BXPC 00000001)
[STDERR  ] 2019-03-07T22:55:11.806219882Z: [    0.160699] ACPI: DSDT 0x000000003FFE0040 002264 (v01 BOCHS  BXPCDSDT 00000001 BXPC 00000001)
[STDERR  ] 2019-03-07T22:55:11.806282255Z: [    0.160921] ACPI: FACS 0x000000003FFE0000 000040
[STDERR  ] 2019-03-07T22:55:11.806312648Z: [    0.161098] ACPI: APIC 0x000000003FFE2318 000078 (v01 BOCHS  BXPCAPIC 00000001 BXPC 00000001)
[STDERR  ] 2019-03-07T22:55:11.806340847Z: [    0.161215] ACPI: HPET 0x000000003FFE2390 000038 (v01 BOCHS  BXPCHPET 00000001 BXPC 00000001)
[STDERR  ] 2019-03-07T22:55:11.806374007Z: [    0.161330] ACPI: MCFG 0x000000003FFE23C8 00003C (v01 BOCHS  BXPCMCFG 00000001 BXPC 00000001)
[STDERR  ] 2019-03-07T22:55:11.806399452Z: [    0.169141] Zone ranges:
[STDERR  ] 2019-03-07T22:55:11.806426556Z: [    0.169299]   DMA      [mem 0x0000000000001000-0x0000000000ffffff]
[STDERR  ] 2019-03-07T22:55:11.806476476Z: [    0.169419]   DMA32    [mem 0x0000000001000000-0x000000003ffddfff]
[STDERR  ] 2019-03-07T22:55:11.806505211Z: [    0.169477]   Normal   empty
[STDERR  ] 2019-03-07T22:55:11.806531499Z: [    0.169540]   Device   empty
[STDERR  ] 2019-03-07T22:55:11.806556424Z: [    0.169596] Movable zone start for each node
[STDERR  ] 2019-03-07T22:55:11.806585966Z: [    0.169682] Early memory node ranges
[STDERR  ] 2019-03-07T22:55:11.806611412Z: [    0.169761]   node   0: [mem 0x0000000000001000-0x000000000009efff]
[STDERR  ] 2019-03-07T22:55:11.806644545Z: [    0.169846]   node   0: [mem 0x0000000000100000-0x000000003ffddfff]
[STDERR  ] 2019-03-07T22:55:11.806669612Z: [    0.170894] Reserved but unavailable: 98 pages
[STDERR  ] 2019-03-07T22:55:11.806697404Z: [    0.171203] Initmem setup node 0 [mem 0x0000000000001000-0x000000003ffddfff]
[STDERR  ] 2019-03-07T22:55:11.806726397Z: [    0.288401] ACPI: PM-Timer IO Port: 0x608
[STDERR  ] 2019-03-07T22:55:11.806755890Z: [    0.289466] ACPI: LAPIC_NMI (acpi_id[0xff] dfl dfl lint[0x1])
[STDERR  ] 2019-03-07T22:55:11.806787293Z: [    0.290380] IOAPIC[0]: apic_id 0, version 32, address 0xfec00000, GSI 0-23
[STDERR  ] 2019-03-07T22:55:11.806816618Z: [    0.290661] ACPI: INT_SRC_OVR (bus 0 bus_irq 0 global_irq 2 dfl dfl)
[STDERR  ] 2019-03-07T22:55:11.806847458Z: [    0.291199] ACPI: INT_SRC_OVR (bus 0 bus_irq 5 global_irq 5 high level)
[STDERR  ] 2019-03-07T22:55:11.806880912Z: [    0.291291] ACPI: INT_SRC_OVR (bus 0 bus_irq 9 global_irq 9 high level)
[STDERR  ] 2019-03-07T22:55:11.806916518Z: [    0.291480] ACPI: INT_SRC_OVR (bus 0 bus_irq 10 global_irq 10 high level)
[STDERR  ] 2019-03-07T22:55:11.806947944Z: [    0.291525] ACPI: INT_SRC_OVR (bus 0 bus_irq 11 global_irq 11 high level)
[STDERR  ] 2019-03-07T22:55:11.806976613Z: [    0.292130] Using ACPI (MADT) for SMP configuration information
[STDERR  ] 2019-03-07T22:55:11.807007869Z: [    0.292243] ACPI: HPET id: 0x8086a201 base: 0xfed00000
[STDERR  ] 2019-03-07T22:55:11.807040356Z: [    0.293058] smpboot: Allowing 1 CPUs, 0 hotplug CPUs
[STDERR  ] 2019-03-07T22:55:11.807070471Z: [    0.294656] [mem 0x40000000-0xafffffff] available for PCI devices
[STDERR  ] 2019-03-07T22:55:11.807104595Z: [    0.294783] Booting paravirtualized kernel on bare hardware
[STDERR  ] 2019-03-07T22:55:11.807137958Z: [    0.295191] clocksource: refined-jiffies: mask: 0xffffffff max_cycles: 0xffffffff, max_idle_ns: 1910969940391419 ns
[STDERR  ] 2019-03-07T22:55:11.807172112Z: [    3.851128] random: get_random_bytes called from start_kernel+0x91/0x517 with crng_init=0
[STDERR  ] 2019-03-07T22:55:11.807200847Z: [    3.852206] setup_percpu: NR_CPUS:128 nr_cpumask_bits:128 nr_cpu_ids:1 nr_node_ids:1
[STDERR  ] 2019-03-07T22:55:11.807241027Z: [    3.860967] percpu: Embedded 45 pages/cpu @(____ptrval____) s145112 r8192 d31016 u2097152
[STDERR  ] 2019-03-07T22:55:11.807279108Z: [    3.863956] Built 1 zonelists, mobility grouping on.  Total pages: 257895
[STDERR  ] 2019-03-07T22:55:11.807309225Z: [    3.864194] Kernel command line: console=ttyS0 console=ttyAMA0
[STDERR  ] 2019-03-07T22:55:11.807355930Z: [    3.869376] Dentry cache hash table entries: 131072 (order: 8, 1048576 bytes)
[STDERR  ] 2019-03-07T22:55:11.807386721Z: [    3.871160] Inode-cache hash table entries: 65536 (order: 7, 524288 bytes)
[STDERR  ] 2019-03-07T22:55:11.807416538Z: [    3.942515] Memory: 952080K/1048048K available (12300K kernel code, 1574K rwdata, 3056K rodata, 1584K init, 2036K bss, 95968K reserved, 0K cma-reserved)
[STDERR  ] 2019-03-07T22:55:11.807451737Z: [    3.949985] ftrace: allocating 43038 entries in 169 pages
[STDERR  ] 2019-03-07T22:55:11.807477432Z: [    4.411894] rcu: Hierarchical RCU implementation.
[STDERR  ] 2019-03-07T22:55:11.807507110Z: [    4.412083] rcu: 	RCU restricting CPUs from NR_CPUS=128 to nr_cpu_ids=1.
[STDERR  ] 2019-03-07T22:55:11.807538052Z: [    4.412244] rcu: Adjusting geometry for rcu_fanout_leaf=16, nr_cpu_ids=1
[STDERR  ] 2019-03-07T22:55:11.807566704Z: [    4.471477] NR_IRQS: 8448, nr_irqs: 256, preallocated irqs: 16
[STDERR  ] 2019-03-07T22:55:11.807596454Z: [    4.485572] Console: colour VGA+ 80x25
[STDERR  ] 2019-03-07T22:55:11.807627519Z: [    4.537089] console [ttyS0] enabled
[STDERR  ] 2019-03-07T22:55:11.807656256Z: [    4.537871] ACPI: Core revision 20180810
[STDERR  ] 2019-03-07T22:55:11.807689453Z: [    4.546341] clocksource: hpet: mask: 0xffffffff max_cycles: 0xffffffff, max_idle_ns: 19112604467 ns
[STDERR  ] 2019-03-07T22:55:11.807721194Z: [    4.553633] APIC: Switch to symmetric I/O mode setup
[STDERR  ] 2019-03-07T22:55:11.807750768Z: [    4.560906] ..TIMER: vector=0x30 apic1=0 pin1=2 apic2=-1 pin2=-1
[STDERR  ] 2019-03-07T22:55:11.807780388Z: [    4.566778] clocksource: tsc-early: mask: 0xffffffffffffffff max_cycles: 0x257953b988e, max_idle_ns: 440795265736 ns
[STDERR  ] 2019-03-07T22:55:11.807811309Z: [    4.570887] Calibrating delay loop (skipped), value calculated using timer frequency.. 5199.50 BogoMIPS (lpj=2599754)
[STDERR  ] 2019-03-07T22:55:11.807838206Z: [    4.571477] pid_max: default: 32768 minimum: 301
[STDERR  ] 2019-03-07T22:55:11.807866663Z: [    4.577713] Security Framework initialized
[STDERR  ] 2019-03-07T22:55:11.807897242Z: [    4.578459] Yama: becoming mindful.
[STDERR  ] 2019-03-07T22:55:11.807930192Z: [    4.580958] Mount-cache hash table entries: 2048 (order: 2, 16384 bytes)
[STDERR  ] 2019-03-07T22:55:11.807959962Z: [    4.581436] Mountpoint-cache hash table entries: 2048 (order: 2, 16384 bytes)
[STDERR  ] 2019-03-07T22:55:11.807992720Z: [    4.600118] Last level iTLB entries: 4KB 0, 2MB 0, 4MB 0
[STDERR  ] 2019-03-07T22:55:11.808030188Z: [    4.600369] Last level dTLB entries: 4KB 0, 2MB 0, 4MB 0, 1GB 0
[STDERR  ] 2019-03-07T22:55:11.808067601Z: [    4.601529] Spectre V2 : Spectre mitigation: LFENCE not serializing, switching to generic retpoline
[STDERR  ] 2019-03-07T22:55:11.808096469Z: [    4.602374] Spectre V2 : Mitigation: Full generic retpoline
[STDERR  ] 2019-03-07T22:55:11.808126390Z: [    4.603358] Spectre V2 : Spectre v2 / SpectreRSB mitigation: Filling RSB on context switch
[STDERR  ] 2019-03-07T22:55:11.808156231Z: [    4.604483] Speculative Store Bypass: Vulnerable
[STDERR  ] 2019-03-07T22:55:11.808185155Z: [    4.810703] random: fast init done
[STDERR  ] 2019-03-07T22:55:11.808224132Z: [    4.946682] Freeing SMP alternatives memory: 20K
[STDERR  ] 2019-03-07T22:55:11.808272958Z: [    4.972317] smpboot: CPU0: AMD QEMU Virtual CPU version 2.5+ (family: 0x6, model: 0x6, stepping: 0x3)
[STDERR  ] 2019-03-07T22:55:11.808304115Z: [    4.981436] Performance Events: PMU not available due to virtualization, using software events only.
[STDERR  ] 2019-03-07T22:55:11.808337147Z: [    4.985806] rcu: Hierarchical SRCU implementation.
[STDERR  ] 2019-03-07T22:55:11.808371956Z: [    4.992219] NMI watchdog: Perf NMI watchdog permanently disabled
[STDERR  ] 2019-03-07T22:55:11.808406272Z: [    4.997830] smp: Bringing up secondary CPUs ...
[STDERR  ] 2019-03-07T22:55:11.808439646Z: [    4.998430] smp: Brought up 1 node, 1 CPU
[STDERR  ] 2019-03-07T22:55:11.808466654Z: [    4.998796] smpboot: Max logical packages: 1
