[INFO    ] 2017-07-05T21:38:44.845710754Z: Running Test linuxkit.packages.mkimage in /tmp/with_clone3ae42f49/test/cases/040_packages/013_mkimage
[INFO    ] 2017-07-05T21:38:44.84581581Z: Running command: [/bin/sh -x /tmp/with_clone3ae42f49/test/cases/040_packages/013_mkimage/test.sh]
[STDERR  ] 2017-07-05T21:38:44.846855464Z: + set -e
[STDERR  ] 2017-07-05T21:38:44.846938268Z: + . /tmp/with_clone3ae42f49/test/cases/_lib/lib.sh
[STDERR  ] 2017-07-05T21:38:44.847031828Z: + [ -f src/github.com/linuxkit/rtf/lib/lib.sh ]
[STDERR  ] 2017-07-05T21:38:44.84708393Z: + LINUXKIT_TMPDIR=/tmp/with_clone3ae42f49/test/cases/_tmp
[STDERR  ] 2017-07-05T21:38:44.847125225Z: + [ -f /tmp/with_clone3ae42f49/test/cases/_tmp/env.sh ]
[STDERR  ] 2017-07-05T21:38:44.847169372Z: + . /tmp/with_clone3ae42f49/test/cases/_tmp/env.sh
[STDERR  ] 2017-07-05T21:38:44.847211616Z: + export LINUXKIT_EXAMPLES_DIR=/tmp/with_clone3ae42f49/test/cases/../../examples
[STDERR  ] 2017-07-05T21:38:44.847260639Z: + export LINUXKIT_BLUEPRINTS_DIR=/tmp/with_clone3ae42f49/test/cases/../../blueprints
[STDERR  ] 2017-07-05T21:38:44.847289926Z: + RT_CANCEL=253
[STDERR  ] 2017-07-05T21:38:44.847391581Z: + trap clean_up EXIT
[STDERR  ] 2017-07-05T21:38:44.847439647Z: + moby build -output kernel+initrd run.yml
[STDERR  ] 2017-07-05T21:38:44.858364238Z: Extract kernel image: linuxkit/kernel:4.9.35
[STDERR  ] 2017-07-05T21:38:52.499825538Z: Add init containers:
[STDERR  ] 2017-07-05T21:38:52.499860916Z: Process init image: linuxkit/init:14a38303ee9dcb4541c00e2b87404befc1ba2083
[STDERR  ] 2017-07-05T21:38:54.105530299Z: Process init image: linuxkit/runc:2310ad9d266cf5d9c4d07613bd2135ed7eb8a21f
[STDERR  ] 2017-07-05T21:38:56.183554082Z: Process init image: linuxkit/containerd:c977f27c234d55b85172813b8451f67ea86be4a3
[STDERR  ] 2017-07-05T21:39:03.383444801Z: Add onboot containers:
[STDERR  ] 2017-07-05T21:39:03.383458891Z:   Create OCI config for linuxkit/poweroff:bce51402e293da0b653923a43c3c7be6e0effa05
[STDERR  ] 2017-07-05T21:39:05.07231874Z: Create outputs:
[STDERR  ] 2017-07-05T21:39:12.758620739Z:   run-kernel run-initrd.img run-cmdline
[STDERR  ] 2017-07-05T21:39:13.036003128Z: + moby build -output kernel+initrd mkimage.yml
[STDERR  ] 2017-07-05T21:39:13.046475269Z: Extract kernel image: linuxkit/kernel:4.9.35
[STDERR  ] 2017-07-05T21:39:21.638860201Z: Add init containers:
[STDERR  ] 2017-07-05T21:39:21.63894514Z: Process init image: linuxkit/init:14a38303ee9dcb4541c00e2b87404befc1ba2083
[STDERR  ] 2017-07-05T21:39:23.287857021Z: Process init image: linuxkit/runc:2310ad9d266cf5d9c4d07613bd2135ed7eb8a21f
[STDERR  ] 2017-07-05T21:39:25.459412134Z: Process init image: linuxkit/containerd:c977f27c234d55b85172813b8451f67ea86be4a3
[STDERR  ] 2017-07-05T21:39:32.850236211Z: Add onboot containers:
[STDERR  ] 2017-07-05T21:39:32.850261626Z:   Create OCI config for linuxkit/mkimage:a63b8ee4c5de335afc32ba850e0af319b25b96c0
[STDERR  ] 2017-07-05T21:39:35.216276314Z:   Create OCI config for linuxkit/poweroff:bce51402e293da0b653923a43c3c7be6e0effa05
[STDERR  ] 2017-07-05T21:39:36.913135501Z: Create outputs:
[STDERR  ] 2017-07-05T21:39:45.079391601Z:   mkimage-kernel mkimage-initrd.img mkimage-cmdline
[STDERR  ] 2017-07-05T21:39:45.365062972Z: + tar cf tarball.img run-kernel run-initrd.img run-cmdline
[STDERR  ] 2017-07-05T21:39:45.414226828Z: + linuxkit run qemu -disk disk.qcow2,size=200M,format=qcow2 -disk tarball.img,format=raw -kernel mkimage
[STDERR  ] 2017-07-05T21:39:45.4470493Z: Using existing disk [tarball.img] format raw
[STDOUT  ] 2017-07-05T21:39:47.022093525Z: [    0.000000] Linux version 4.9.35-linuxkit (root@b147ce67977e) (gcc version 6.3.0 (Alpine 6.3.0) ) #1 SMP Fri Jun 30 14:24:51 UTC 2017
[STDOUT  ] 2017-07-05T21:39:47.022511453Z: [    0.000000] Command line: console=ttyS0
[STDOUT  ] 2017-07-05T21:39:47.022858485Z: [    0.000000] x86/fpu: Legacy x87 FPU detected.
[STDOUT  ] 2017-07-05T21:39:47.023258573Z: [    0.000000] x86/fpu: Using 'eager' FPU context switches.
[STDOUT  ] 2017-07-05T21:39:47.023638499Z: [    0.000000] e820: BIOS-provided physical RAM map:
[STDOUT  ] 2017-07-05T21:39:47.024152709Z: [    0.000000] BIOS-e820: [mem 0x0000000000000000-0x000000000009fbff] usable
[STDOUT  ] 2017-07-05T21:39:47.024705265Z: [    0.000000] BIOS-e820: [mem 0x000000000009fc00-0x000000000009ffff] reserved
[STDOUT  ] 2017-07-05T21:39:47.025232303Z: [    0.000000] BIOS-e820: [mem 0x00000000000f0000-0x00000000000fffff] reserved
[STDOUT  ] 2017-07-05T21:39:47.025734402Z: [    0.000000] BIOS-e820: [mem 0x0000000000100000-0x000000003ffddfff] usable
[STDOUT  ] 2017-07-05T21:39:47.026274939Z: [    0.000000] BIOS-e820: [mem 0x000000003ffde000-0x000000003fffffff] reserved
[STDOUT  ] 2017-07-05T21:39:47.026801089Z: [    0.000000] BIOS-e820: [mem 0x00000000b0000000-0x00000000bfffffff] reserved
[STDOUT  ] 2017-07-05T21:39:47.027325609Z: [    0.000000] BIOS-e820: [mem 0x00000000fed1c000-0x00000000fed1ffff] reserved
[STDOUT  ] 2017-07-05T21:39:47.027878538Z: [    0.000000] BIOS-e820: [mem 0x00000000fffc0000-0x00000000ffffffff] reserved
[STDOUT  ] 2017-07-05T21:39:47.028255363Z: [    0.000000] NX (Execute Disable) protection: active
[STDOUT  ] 2017-07-05T21:39:47.028525892Z: [    0.000000] SMBIOS 2.8 present.
[STDOUT  ] 2017-07-05T21:39:47.028974323Z: [    0.000000] e820: last_pfn = 0x3ffde max_arch_pfn = 0x400000000
[STDOUT  ] 2017-07-05T21:39:47.029493801Z: [    0.000000] x86/PAT: Configuration [0-7]: WB  WC  UC- UC  WB  WC  UC- WT  
[STDOUT  ] 2017-07-05T21:39:47.030121472Z: [    0.000000] found SMP MP-table at [mem 0x000f6aa0-0x000f6aaf] mapped at [ffff8c24c00f6aa0]
[STDOUT  ] 2017-07-05T21:39:47.030468932Z: [    0.000000] RAMDISK: [mem 0x3d449000-0x3ffcffff]
[STDOUT  ] 2017-07-05T21:39:47.03088546Z: [    0.000000] ACPI: Early table checksum verification disabled
[STDOUT  ] 2017-07-05T21:39:47.031296646Z: [    0.000000] ACPI: RSDP 0x00000000000F68C0 000014 (v00 BOCHS )
[STDOUT  ] 2017-07-05T21:39:47.031904654Z: [    0.000000] ACPI: RSDT 0x000000003FFE2404 000034 (v01 BOCHS  BXPCRSDT 00000001 BXPC 00000001)
[STDOUT  ] 2017-07-05T21:39:47.03248163Z: [    0.000000] ACPI: FACP 0x000000003FFE22A4 000074 (v01 BOCHS  BXPCFACP 00000001 BXPC 00000001)
[STDOUT  ] 2017-07-05T21:39:47.033068554Z: [    0.000000] ACPI: DSDT 0x000000003FFE0040 002264 (v01 BOCHS  BXPCDSDT 00000001 BXPC 00000001)
[STDOUT  ] 2017-07-05T21:39:47.033403029Z: [    0.000000] ACPI: FACS 0x000000003FFE0000 000040
[STDOUT  ] 2017-07-05T21:39:47.033993133Z: [    0.000000] ACPI: APIC 0x000000003FFE2318 000078 (v01 BOCHS  BXPCAPIC 00000001 BXPC 00000001)
[STDOUT  ] 2017-07-05T21:39:47.034574013Z: [    0.000000] ACPI: HPET 0x000000003FFE2390 000038 (v01 BOCHS  BXPCHPET 00000001 BXPC 00000001)
[STDOUT  ] 2017-07-05T21:39:47.035250686Z: [    0.000000] ACPI: MCFG 0x000000003FFE23C8 00003C (v01 BOCHS  BXPCMCFG 00000001 BXPC 00000001)
[STDOUT  ] 2017-07-05T21:39:47.035449099Z: [    0.000000] Zone ranges:
[STDOUT  ] 2017-07-05T21:39:47.035902054Z: [    0.000000]   DMA      [mem 0x0000000000001000-0x0000000000ffffff]
[STDOUT  ] 2017-07-05T21:39:47.036335001Z: [    0.000000]   DMA32    [mem 0x0000000001000000-0x000000003ffddfff]
[STDOUT  ] 2017-07-05T21:39:47.03654383Z: [    0.000000]   Normal   empty
[STDOUT  ] 2017-07-05T21:39:47.036847628Z: [    0.000000] Movable zone start for each node
[STDOUT  ] 2017-07-05T21:39:47.037113029Z: [    0.000000] Early memory node ranges
[STDOUT  ] 2017-07-05T21:39:47.037594156Z: [    0.000000]   node   0: [mem 0x0000000000001000-0x000000000009efff]
[STDOUT  ] 2017-07-05T21:39:47.038039537Z: [    0.000000]   node   0: [mem 0x0000000000100000-0x000000003ffddfff]
[STDOUT  ] 2017-07-05T21:39:47.038520079Z: [    0.000000] Initmem setup node 0 [mem 0x0000000000001000-0x000000003ffddfff]
[STDOUT  ] 2017-07-05T21:39:47.038817886Z: [    0.000000] ACPI: PM-Timer IO Port: 0x608
[STDOUT  ] 2017-07-05T21:39:47.039220147Z: [    0.000000] ACPI: LAPIC_NMI (acpi_id[0xff] dfl dfl lint[0x1])
[STDOUT  ] 2017-07-05T21:39:47.039691369Z: [    0.000000] IOAPIC[0]: apic_id 0, version 32, address 0xfec00000, GSI 0-23
[STDOUT  ] 2017-07-05T21:39:47.040139092Z: [    0.000000] ACPI: INT_SRC_OVR (bus 0 bus_irq 0 global_irq 2 dfl dfl)
[STDOUT  ] 2017-07-05T21:39:47.040624499Z: [    0.000000] ACPI: INT_SRC_OVR (bus 0 bus_irq 5 global_irq 5 high level)
[STDOUT  ] 2017-07-05T21:39:47.041159872Z: [    0.000000] ACPI: INT_SRC_OVR (bus 0 bus_irq 9 global_irq 9 high level)
[STDOUT  ] 2017-07-05T21:39:47.04163249Z: [    0.000000] ACPI: INT_SRC_OVR (bus 0 bus_irq 10 global_irq 10 high level)
[STDOUT  ] 2017-07-05T21:39:47.042102696Z: [    0.000000] ACPI: INT_SRC_OVR (bus 0 bus_irq 11 global_irq 11 high level)
[STDOUT  ] 2017-07-05T21:39:47.042522145Z: [    0.000000] Using ACPI (MADT) for SMP configuration information
[STDOUT  ] 2017-07-05T21:39:47.042886023Z: [    0.000000] ACPI: HPET id: 0x8086a201 base: 0xfed00000
[STDOUT  ] 2017-07-05T21:39:47.043237479Z: [    0.000000] smpboot: Allowing 1 CPUs, 0 hotplug CPUs
[STDOUT  ] 2017-07-05T21:39:47.043696855Z: [    0.000000] e820: [mem 0x40000000-0xafffffff] available for PCI devices
[STDOUT  ] 2017-07-05T21:39:47.044088757Z: [    0.000000] Booting paravirtualized kernel on bare hardware
[STDOUT  ] 2017-07-05T21:39:47.044810352Z: [    0.000000] clocksource: refined-jiffies: mask: 0xffffffff max_cycles: 0xffffffff, max_idle_ns: 19112604462750000 ns
[STDOUT  ] 2017-07-05T21:39:47.045339016Z: [    0.000000] setup_percpu: NR_CPUS:128 nr_cpumask_bits:128 nr_cpu_ids:1 nr_node_ids:1
[STDOUT  ] 2017-07-05T21:39:47.045901683Z: [    0.000000] percpu: Embedded 35 pages/cpu @ffff8c24fd200000 s105112 r8192 d30056 u2097152
[STDOUT  ] 2017-07-05T21:39:47.046508249Z: [    0.000000] Built 1 zonelists in Zone order, mobility grouping on.  Total pages: 257895
[STDOUT  ] 2017-07-05T21:39:47.046829819Z: [    0.000000] Kernel command line: console=ttyS0
[STDOUT  ] 2017-07-05T21:39:47.047249477Z: [    0.000000] PID hash table entries: 4096 (order: 3, 32768 bytes)
[STDOUT  ] 2017-07-05T21:39:47.04777268Z: [    0.000000] Dentry cache hash table entries: 131072 (order: 8, 1048576 bytes)
[STDOUT  ] 2017-07-05T21:39:47.048250964Z: [    0.000000] Inode-cache hash table entries: 65536 (order: 7, 524288 bytes)
[STDOUT  ] 2017-07-05T21:39:47.049164484Z: [    0.000000] Memory: 969604K/1048048K available (8019K kernel code, 1366K rwdata, 2692K rodata, 1372K init, 568K bss, 78444K reserved, 0K cma-reserved)
[STDOUT  ] 2017-07-05T21:39:47.049472554Z: [    0.000000] Hierarchical RCU implementation.
[STDOUT  ] 2017-07-05T21:39:47.049847545Z: [    0.000000] 	Build-time adjustment of leaf fanout to 64.
[STDOUT  ] 2017-07-05T21:39:47.05028367Z: [    0.000000] 	RCU restricting CPUs from NR_CPUS=128 to nr_cpu_ids=1.
[STDOUT  ] 2017-07-05T21:39:47.050743533Z: [    0.000000] RCU: Adjusting geometry for rcu_fanout_leaf=64, nr_cpu_ids=1
[STDOUT  ] 2017-07-05T21:39:47.051033636Z: [    0.000000] NR_IRQS:8448 nr_irqs:256 16
[STDOUT  ] 2017-07-05T21:39:47.051325306Z: [    0.000000] Console: colour VGA+ 80x25
[STDOUT  ] 2017-07-05T21:39:47.051714387Z: [    0.000000] console [ttyS0] enabled
[STDOUT  ] 2017-07-05T21:39:47.055295663Z: [    0.000000] clocksource: hpet: mask: 0xffffffff max_cycles: 0xffffffff, max_idle_ns: 19112604467 ns
[STDOUT  ] 2017-07-05T21:39:47.099918434Z: [    0.000000] tsc: Fast TSC calibration using PIT
[STDOUT  ] 2017-07-05T21:39:47.10058055Z: [    0.000000] tsc: Detected 2300.110 MHz processor
[STDOUT  ] 2017-07-05T21:39:47.103228067Z: [    0.021479] Calibrating delay loop (skipped), value calculated using timer frequency.. 4600.22 BogoMIPS (lpj=23001100)
[STDOUT  ] 2017-07-05T21:39:47.103735383Z: [    0.022611] pid_max: default: 32768 minimum: 301
[STDOUT  ] 2017-07-05T21:39:47.104690545Z: [    0.023604] ACPI: Core revision 20160831
[STDOUT  ] 2017-07-05T21:39:47.150239315Z: [    0.073050] ACPI: 1 ACPI AML tables successfully acquired and loaded
[STDOUT  ] 2017-07-05T21:39:47.153573395Z: [    0.076610] Security Framework initialized
[STDOUT  ] 2017-07-05T21:39:47.153963345Z: [    0.077054] Yama: becoming mindful.
[STDOUT  ] 2017-07-05T21:39:47.156316094Z: [    0.079173] Mount-cache hash table entries: 2048 (order: 2, 16384 bytes)
[STDOUT  ] 2017-07-05T21:39:47.157039644Z: [    0.079765] Mountpoint-cache hash table entries: 2048 (order: 2, 16384 bytes)
[STDOUT  ] 2017-07-05T21:39:47.17630504Z: [    0.099259] Last level iTLB entries: 4KB 0, 2MB 0, 4MB 0
[STDOUT  ] 2017-07-05T21:39:47.176908854Z: [    0.099784] Last level dTLB entries: 4KB 0, 2MB 0, 4MB 0, 1GB 0
[STDOUT  ] 2017-07-05T21:39:47.476159668Z: [    0.398849] Freeing SMP alternatives memory: 20K (ffffffff86eae000 - ffffffff86eb3000)
[STDOUT  ] 2017-07-05T21:39:47.485235004Z: [    0.408196] ftrace: allocating 35425 entries in 139 pages
[STDOUT  ] 2017-07-05T21:39:47.802789524Z: [    0.594504] smpboot: Max logical packages: 1
[STDOUT  ] 2017-07-05T21:39:47.809231676Z: [    0.602143] ..TIMER: vector=0x30 apic1=0 pin1=2 apic2=-1 pin2=-1
[STDOUT  ] 2017-07-05T21:39:48.028378219Z: [    0.710000] smpboot: CPU0: AMD QEMU Virtual CPU version 2.5+ (family: 0x6, model: 0x6, stepping: 0x3)
[STDOUT  ] 2017-07-05T21:39:48.029755399Z: [    0.710000] Performance Events: PMU not available due to virtualization, using software events only.
[STDOUT  ] 2017-07-05T21:39:48.046331893Z: [    0.718362] NMI watchdog: disabled (cpu0): hardware events not enabled
[STDOUT  ] 2017-07-05T21:39:48.046857423Z: [    0.718926] NMI watchdog: Shutting down hard lockup detector on all cpus
[STDOUT  ] 2017-07-05T21:39:48.049699856Z: [    0.721954] x86: Booted up 1 node, 1 CPUs
[STDOUT  ] 2017-07-05T21:39:48.050263684Z: [    0.722374] smpboot: Total of 1 processors activated (4600.22 BogoMIPS)
[STDOUT  ] 2017-07-05T21:39:48.064176797Z: [    0.736196] devtmpfs: initialized
[STDOUT  ] 2017-07-05T21:39:48.069627091Z: [    0.742017] x86/mm: Memory block size: 128MB
[STDOUT  ] 2017-07-05T21:39:48.161345477Z: [    0.812825] clocksource: jiffies: mask: 0xffffffff max_cycles: 0xffffffff, max_idle_ns: 19112604462750000 ns
[STDOUT  ] 2017-07-05T21:39:48.162533127Z: [    0.814510] futex hash table entries: 256 (order: 2, 16384 bytes)
[STDOUT  ] 2017-07-05T21:39:48.179496807Z: [    0.831543] NET: Registered protocol family 16
[STDOUT  ] 2017-07-05T21:39:48.196975532Z: [    0.849148] cpuidle: using governor ladder
[STDOUT  ] 2017-07-05T21:39:48.198042034Z: [    0.850238] cpuidle: using governor menu
[STDOUT  ] 2017-07-05T21:39:48.200231153Z: [    0.852414] ACPI: bus type PCI registered
[STDOUT  ] 2017-07-05T21:39:48.206395222Z: [    0.858091] PCI: MMCONFIG for domain 0000 [bus 00-ff] at [mem 0xb0000000-0xbfffffff] (base 0xb0000000)
[STDOUT  ] 2017-07-05T21:39:48.20751687Z: [    0.859392] PCI: MMCONFIG at [mem 0xb0000000-0xbfffffff] reserved in E820
[STDOUT  ] 2017-07-05T21:39:48.209771651Z: [    0.861590] PCI: Using configuration type 1 for base access
[STDOUT  ] 2017-07-05T21:39:48.269367249Z: [    0.921617] HugeTLB registered 2 MB page size, pre-allocated 0 pages
[STDOUT  ] 2017-07-05T21:39:48.282024489Z: [    0.934483] ACPI: Added _OSI(Module Device)
[STDOUT  ] 2017-07-05T21:39:48.282305589Z: [    0.934774] ACPI: Added _OSI(Processor Device)
[STDOUT  ] 2017-07-05T21:39:48.282574289Z: [    0.935036] ACPI: Added _OSI(3.0 _SCP Extensions)
[STDOUT  ] 2017-07-05T21:39:48.282907104Z: [    0.935324] ACPI: Added _OSI(Processor Aggregator Device)
[STDOUT  ] 2017-07-05T21:39:48.369777158Z: [    1.022240] ACPI: Interpreter enabled
[STDOUT  ] 2017-07-05T21:39:48.370628187Z: [    1.023113] ACPI: (supports S0 S5)
[STDOUT  ] 2017-07-05T21:39:48.371066365Z: [    1.023479] ACPI: Using IOAPIC for interrupt routing
[STDOUT  ] 2017-07-05T21:39:48.373258212Z: [    1.025400] PCI: Using host bridge windows from ACPI; if necessary, use "pci=nocrs" and report a bug
[STDOUT  ] 2017-07-05T21:39:48.438778334Z: [    1.091089] ACPI: PCI Root Bridge [PCI0] (domain 0000 [bus 00-ff])
[STDOUT  ] 2017-07-05T21:39:48.439945393Z: [    1.092154] acpi PNP0A08:00: _OSC: OS supports [ExtendedConfig ASPM ClockPM Segments MSI]
[STDOUT  ] 2017-07-05T21:39:48.446331288Z: [    1.098571] acpi PNP0A08:00: _OSC: OS now controls [PCIeHotplug PME PCIeCapability]
[STDOUT  ] 2017-07-05T21:39:48.45011914Z: [    1.102593] PCI host bridge to bus 0000:00
[STDOUT  ] 2017-07-05T21:39:48.450714061Z: [    1.103039] pci_bus 0000:00: root bus resource [io  0x0000-0x0cf7 window]
[STDOUT  ] 2017-07-05T21:39:48.45119857Z: [    1.103548] pci_bus 0000:00: root bus resource [io  0x0d00-0xffff window]
[STDOUT  ] 2017-07-05T21:39:48.451717112Z: [    1.104021] pci_bus 0000:00: root bus resource [mem 0x000a0000-0x000bffff window]
[STDOUT  ] 2017-07-05T21:39:48.452209214Z: [    1.104515] pci_bus 0000:00: root bus resource [mem 0xc0000000-0xfebfffff window]
[STDOUT  ] 2017-07-05T21:39:48.452705571Z: [    1.105120] pci_bus 0000:00: root bus resource [bus 00-ff]
[STDOUT  ] 2017-07-05T21:39:48.541690547Z: [    1.192752] pci 0000:00:1f.0: quirk: [io  0x0600-0x067f] claimed by ICH6 ACPI/GPIO/TCO
[STDOUT  ] 2017-07-05T21:39:48.596605139Z: [    1.248743] ACPI: PCI Interrupt Link [LNKA] (IRQs 5 *10 11)
[STDOUT  ] 2017-07-05T21:39:48.599103684Z: [    1.251163] ACPI: PCI Interrupt Link [LNKB] (IRQs 5 *10 11)
[STDOUT  ] 2017-07-05T21:39:48.601042676Z: [    1.253109] ACPI: PCI Interrupt Link [LNKC] (IRQs 5 10 *11)
[STDOUT  ] 2017-07-05T21:39:48.603044832Z: [    1.255040] ACPI: PCI Interrupt Link [LNKD] (IRQs 5 10 *11)
[STDOUT  ] 2017-07-05T21:39:48.604995542Z: [    1.257057] ACPI: PCI Interrupt Link [LNKE] (IRQs 5 *10 11)
[STDOUT  ] 2017-07-05T21:39:48.606845081Z: [    1.258954] ACPI: PCI Interrupt Link [LNKF] (IRQs 5 *10 11)
[STDOUT  ] 2017-07-05T21:39:48.608842629Z: [    1.261205] ACPI: PCI Interrupt Link [LNKG] (IRQs 5 10 *11)
[STDOUT  ] 2017-07-05T21:39:48.61060303Z: [    1.262970] ACPI: PCI Interrupt Link [LNKH] (IRQs 5 10 *11)
[STDOUT  ] 2017-07-05T21:39:48.611417469Z: [    1.263819] ACPI: PCI Interrupt Link [GSIA] (IRQs *16)
[STDOUT  ] 2017-07-05T21:39:48.612054702Z: [    1.264488] ACPI: PCI Interrupt Link [GSIB] (IRQs *17)
[STDOUT  ] 2017-07-05T21:39:48.612682334Z: [    1.265116] ACPI: PCI Interrupt Link [GSIC] (IRQs *18)
[STDOUT  ] 2017-07-05T21:39:48.613315389Z: [    1.265748] ACPI: PCI Interrupt Link [GSID] (IRQs *19)
[STDOUT  ] 2017-07-05T21:39:48.613942491Z: [    1.266377] ACPI: PCI Interrupt Link [GSIE] (IRQs *20)
[STDOUT  ] 2017-07-05T21:39:48.614569074Z: [    1.267004] ACPI: PCI Interrupt Link [GSIF] (IRQs *21)
[STDOUT  ] 2017-07-05T21:39:48.615182824Z: [    1.267628] ACPI: PCI Interrupt Link [GSIG] (IRQs *22)
[STDOUT  ] 2017-07-05T21:39:48.615932199Z: [    1.268329] ACPI: PCI Interrupt Link [GSIH] (IRQs *23)
[STDOUT  ] 2017-07-05T21:39:48.619704773Z: [    1.272159] ACPI: Enabled 2 GPEs in block 00 to 3F
[STDOUT  ] 2017-07-05T21:39:48.623846679Z: [    1.276413] SCSI subsystem initialized
[STDOUT  ] 2017-07-05T21:39:48.625620066Z: [    1.278170] ACPI: bus type USB registered
[STDOUT  ] 2017-07-05T21:39:48.626776186Z: [    1.279251] usbcore: registered new interface driver usbfs
[STDOUT  ] 2017-07-05T21:39:48.627810965Z: [    1.280293] usbcore: registered new interface driver hub
[STDOUT  ] 2017-07-05T21:39:48.62860385Z: [    1.281040] usbcore: registered new device driver usb
[STDOUT  ] 2017-07-05T21:39:48.62971149Z: [    1.282179] pps_core: LinuxPPS API ver. 1 registered
[STDOUT  ] 2017-07-05T21:39:48.630209253Z: [    1.282484] pps_core: Software ver. 5.3.6 - Copyright 2005-2007 Rodolfo Giometti <giometti@linux.it>
[STDOUT  ] 2017-07-05T21:39:48.630603496Z: [    1.283129] PTP clock support registered
[STDOUT  ] 2017-07-05T21:39:48.631658318Z: [    1.284228] wmi: Mapper loaded
[STDOUT  ] 2017-07-05T21:39:48.632678188Z: [    1.285208] PCI: Using ACPI for IRQ routing
[STDOUT  ] 2017-07-05T21:39:48.651540245Z: [    1.304059] NetLabel: Initializing
[STDOUT  ] 2017-07-05T21:39:48.651786448Z: [    1.304290] NetLabel:  domain hash size = 128
[STDOUT  ] 2017-07-05T21:39:48.65207192Z: [    1.304551] NetLabel:  protocols = UNLABELED CIPSOv4
[STDOUT  ] 2017-07-05T21:39:48.653963425Z: [    1.306411] NetLabel:  unlabeled traffic allowed by default
[STDOUT  ] 2017-07-05T21:39:48.654889186Z: [    1.307266] HPET: 3 timers in total, 0 timers will be used for per-cpu timer
[STDOUT  ] 2017-07-05T21:39:48.655644587Z: [    1.307969] hpet0: at MMIO 0xfed00000, IRQs 2, 8, 0
[STDOUT  ] 2017-07-05T21:39:48.655984269Z: [    1.308419] hpet0: 3 comparators, 64-bit 100.000000 MHz counter
[STDOUT  ] 2017-07-05T21:39:48.662205312Z: [    1.314635] clocksource: Switched to clocksource hpet
[STDOUT  ] 2017-07-05T21:39:48.972066311Z: [    1.620049] VFS: Disk quotas dquot_6.6.0
[STDOUT  ] 2017-07-05T21:39:48.97298789Z: [    1.620947] VFS: Dquot-cache hash table entries: 512 (order 0, 4096 bytes)
[STDOUT  ] 2017-07-05T21:39:48.976057653Z: [    1.624170] FS-Cache: Loaded
[STDOUT  ] 2017-07-05T21:39:48.981248278Z: [    1.629351] CacheFiles: Loaded
[STDOUT  ] 2017-07-05T21:39:48.982998895Z: [    1.631133] pnp: PnP ACPI init
[STDOUT  ] 2017-07-05T21:39:48.994766326Z: [    1.642828] pnp: PnP ACPI: found 5 devices
[STDOUT  ] 2017-07-05T21:39:49.044936364Z: [    1.692749] clocksource: acpi_pm: mask: 0xffffff max_cycles: 0xffffff, max_idle_ns: 2085701024 ns
[STDOUT  ] 2017-07-05T21:39:49.051801565Z: [    1.695749] NET: Registered protocol family 2
[STDOUT  ] 2017-07-05T21:39:49.055557961Z: [    1.703408] TCP established hash table entries: 8192 (order: 4, 65536 bytes)
[STDOUT  ] 2017-07-05T21:39:49.056300974Z: [    1.704184] TCP bind hash table entries: 8192 (order: 5, 131072 bytes)
[STDOUT  ] 2017-07-05T21:39:49.057024678Z: [    1.704923] TCP: Hash tables configured (established 8192 bind 8192)
[STDOUT  ] 2017-07-05T21:39:49.058951333Z: [    1.706888] UDP hash table entries: 512 (order: 2, 16384 bytes)
[STDOUT  ] 2017-07-05T21:39:49.059556932Z: [    1.707463] UDP-Lite hash table entries: 512 (order: 2, 16384 bytes)
[STDOUT  ] 2017-07-05T21:39:49.061726475Z: [    1.709757] NET: Registered protocol family 1
[STDOUT  ] 2017-07-05T21:39:49.063129805Z: [    1.710924] pci 0000:00:01.0: Video device with shadowed ROM at [mem 0x000c0000-0x000dffff]
[STDOUT  ] 2017-07-05T21:39:49.069806875Z: [    1.717904] Unpacking initramfs...
[STDOUT  ] 2017-07-05T21:39:54.788559078Z: [    7.436340] Freeing initrd memory: 44572K (ffff8c24fd449000 - ffff8c24fffd0000)
[STDOUT  ] 2017-07-05T21:39:54.813022952Z: [    7.460935] PCLMULQDQ-NI instructions are not detected.
[STDOUT  ] 2017-07-05T21:39:54.814290493Z: [    7.462229] AVX or AES-NI instructions are not detected.
[STDOUT  ] 2017-07-05T21:39:54.814769643Z: [    7.462726] CPU feature 'AVX registers' is not supported.
[STDOUT  ] 2017-07-05T21:39:54.815209235Z: [    7.463183] CPU feature 'AVX registers' is not supported.
[STDOUT  ] 2017-07-05T21:39:54.815665822Z: [    7.463622] CPU feature 'AVX registers' is not supported.
[STDOUT  ] 2017-07-05T21:39:54.8161015Z: [    7.464063] CPU feature 'AVX registers' is not supported.
[STDOUT  ] 2017-07-05T21:39:54.816530309Z: [    7.464506] AVX2 or AES-NI instructions are not detected.
[STDOUT  ] 2017-07-05T21:39:54.816919144Z: [    7.464935] AVX2 instructions are not detected.
[STDOUT  ] 2017-07-05T21:39:54.824317182Z: [    7.472279] audit: initializing netlink subsys (disabled)
[STDOUT  ] 2017-07-05T21:39:54.825914262Z: [    7.473859] audit: type=2000 audit(1499290793.470:1): initialized
[STDOUT  ] 2017-07-05T21:39:54.833119681Z: [    7.481041] workingset: timestamp_bits=46 max_order=18 bucket_order=0
[STDOUT  ] 2017-07-05T21:39:54.839603608Z: [    7.487562] FS-Cache: Netfs 'cifs' registered for caching
[STDOUT  ] 2017-07-05T21:39:54.84047023Z: [    7.488543] fuse init (API version 7.26)
[STDOUT  ] 2017-07-05T21:39:54.845773213Z: [    7.493682] SGI XFS with ACLs, security attributes, no debug enabled
[STDOUT  ] 2017-07-05T21:39:54.849839599Z: [    7.497796] 9p: Installing v9fs 9p2000 file system support
[STDOUT  ] 2017-07-05T21:39:54.850318987Z: [    7.498306] FS-Cache: Netfs '9p' registered for caching
[STDOUT  ] 2017-07-05T21:39:54.883379564Z: [    7.531353] NET: Registered protocol family 38
[STDOUT  ] 2017-07-05T21:39:54.883970557Z: [    7.531994] Key type asymmetric registered
[STDOUT  ] 2017-07-05T21:39:54.884387779Z: [    7.532391] Asymmetric key parser 'x509' registered
[STDOUT  ] 2017-07-05T21:39:54.885373016Z: [    7.533193] Block layer SCSI generic (bsg) driver version 0.4 loaded (major 251)
[STDOUT  ] 2017-07-05T21:39:54.886488032Z: [    7.534520] io scheduler noop registered
[STDOUT  ] 2017-07-05T21:39:54.886919619Z: [    7.534892] io scheduler deadline registered (default)
[STDOUT  ] 2017-07-05T21:39:54.887514676Z: [    7.535522] io scheduler cfq registered
[STDOUT  ] 2017-07-05T21:39:54.890385122Z: [    7.538320] pci_hotplug: PCI Hot Plug PCI Core version: 0.5
[STDOUT  ] 2017-07-05T21:39:54.891057868Z: [    7.538945] pciehp: PCI Express Hot Plug Controller Driver version: 0.4
[STDOUT  ] 2017-07-05T21:39:54.892003906Z: [    7.539819] shpchp: Standard Hot Plug PCI Controller Driver version: 0.4
[STDOUT  ] 2017-07-05T21:39:54.893704929Z: [    7.541706] hv_vmbus: registering driver hyperv_fb
[STDOUT  ] 2017-07-05T21:39:54.896958845Z: [    7.544811] input: Power Button as /devices/LNXSYSTM:00/LNXPWRBN:00/input/input0
[STDOUT  ] 2017-07-05T21:39:54.897856091Z: [    7.545904] ACPI: Power Button [PWRF]
[STDOUT  ] 2017-07-05T21:39:54.903588251Z: [    7.551661] GHES: HEST is not enabled!
[STDOUT  ] 2017-07-05T21:39:54.914965005Z: [    7.562907] ACPI: PCI Interrupt Link [GSIH] enabled at IRQ 23
[STDOUT  ] 2017-07-05T21:39:54.920681958Z: [    7.568597] xenfs: not registering filesystem on non-xen platform
[STDOUT  ] 2017-07-05T21:39:54.922804015Z: [    7.570705] Serial: 8250/16550 driver, 4 ports, IRQ sharing disabled
[STDOUT  ] 2017-07-05T21:39:54.948108568Z: [    7.595910] 00:04: ttyS0 at I/O 0x3f8 (irq = 4, base_baud = 115200) is a 16550A
[STDOUT  ] 2017-07-05T21:39:54.959283055Z: [    7.607298] Non-volatile memory driver v1.3
[STDOUT  ] 2017-07-05T21:39:54.966217478Z: [    7.613951] Hangcheck: starting hangcheck timer 0.9.1 (tick is 180 seconds, margin is 60 seconds).
[STDOUT  ] 2017-07-05T21:39:54.971293766Z: [    7.619361] random: fast init done
[STDOUT  ] 2017-07-05T21:39:54.972667799Z: [    7.620756] random: crng init done
[STDOUT  ] 2017-07-05T21:39:55.026606006Z: [    7.674492] loop: module loaded
[STDOUT  ] 2017-07-05T21:39:55.049971513Z: [    7.697783] nbd: registered device at major 43
[STDOUT  ] 2017-07-05T21:39:55.106163534Z: [    7.753945] lpc_ich 0000:00:1f.0: I/O space for GPIO uninitialized
[STDOUT  ] 2017-07-05T21:39:55.107974743Z: [    7.755943] VMware PVSCSI driver - version 1.0.7.0-k
[STDOUT  ] 2017-07-05T21:39:55.108776429Z: [    7.756754] hv_vmbus: registering driver hv_storvsc
[STDOUT  ] 2017-07-05T21:39:55.119831971Z: [    7.767788] ACPI: PCI Interrupt Link [GSIA] enabled at IRQ 16
[STDOUT  ] 2017-07-05T21:39:55.126352182Z: [    7.774146] ahci 0000:00:1f.2: AHCI 0001.0000 32 slots 6 ports 1.5 Gbps 0x3f impl SATA mode
[STDOUT  ] 2017-07-05T21:39:55.126817444Z: [    7.774833] ahci 0000:00:1f.2: flags: 64bit ncq only 
[STDOUT  ] 2017-07-05T21:39:55.147204776Z: [    7.795271] scsi host0: ahci
[STDOUT  ] 2017-07-05T21:39:55.151243754Z: [    7.799333] scsi host1: ahci
[STDOUT  ] 2017-07-05T21:39:55.15391872Z: [    7.802032] scsi host2: ahci
[STDOUT  ] 2017-07-05T21:39:55.156417286Z: [    7.804547] scsi host3: ahci
[STDOUT  ] 2017-07-05T21:39:55.158749253Z: [    7.806863] scsi host4: ahci
[STDOUT  ] 2017-07-05T21:39:55.160950876Z: [    7.809067] scsi host5: ahci
[STDOUT  ] 2017-07-05T21:39:55.163232306Z: [    7.811085] ata1: SATA max UDMA/133 abar m4096@0xfebf1000 port 0xfebf1100 irq 24
[STDOUT  ] 2017-07-05T21:39:55.163778203Z: [    7.811647] ata2: SATA max UDMA/133 abar m4096@0xfebf1000 port 0xfebf1180 irq 24
[STDOUT  ] 2017-07-05T21:39:55.164271816Z: [    7.812150] ata3: SATA max UDMA/133 abar m4096@0xfebf1000 port 0xfebf1200 irq 24
[STDOUT  ] 2017-07-05T21:39:55.164753794Z: [    7.812632] ata4: SATA max UDMA/133 abar m4096@0xfebf1000 port 0xfebf1280 irq 24
[STDOUT  ] 2017-07-05T21:39:55.165273344Z: [    7.813115] ata5: SATA max UDMA/133 abar m4096@0xfebf1000 port 0xfebf1300 irq 24
[STDOUT  ] 2017-07-05T21:39:55.165769755Z: [    7.813649] ata6: SATA max UDMA/133 abar m4096@0xfebf1000 port 0xfebf1380 irq 24
[STDOUT  ] 2017-07-05T21:39:55.179011077Z: [    7.826953] tun: Universal TUN/TAP device driver, 1.6
[STDOUT  ] 2017-07-05T21:39:55.179479073Z: [    7.827395] tun: (C) 1999-2004 Max Krasnyansky <maxk@qualcomm.com>
[STDOUT  ] 2017-07-05T21:39:55.181549159Z: [    7.829416] VMware vmxnet3 virtual NIC driver - version 1.4.a.0-k-NAPI
[STDOUT  ] 2017-07-05T21:39:55.182742417Z: [    7.830725] hv_vmbus: registering driver hv_netvsc
[STDOUT  ] 2017-07-05T21:39:55.183123559Z: [    7.831153] Fusion MPT base driver 3.04.20
[STDOUT  ] 2017-07-05T21:39:55.183515735Z: [    7.831511] Copyright (c) 1999-2008 LSI Corporation
[STDOUT  ] 2017-07-05T21:39:55.184130698Z: [    7.832142] Fusion MPT SPI Host driver 3.04.20
[STDOUT  ] 2017-07-05T21:39:55.186578154Z: [    7.834351] i8042: PNP: PS/2 Controller [PNP0303:KBD,PNP0f13:MOU] at 0x60,0x64 irq 1,12
[STDOUT  ] 2017-07-05T21:39:55.190523937Z: [    7.838531] serio: i8042 KBD port at 0x60,0x64 irq 1
[STDOUT  ] 2017-07-05T21:39:55.191166542Z: [    7.839165] serio: i8042 AUX port at 0x60,0x64 irq 12
[STDOUT  ] 2017-07-05T21:39:55.194568489Z: [    7.842540] hv_vmbus: registering driver hyperv_keyboard
[STDOUT  ] 2017-07-05T21:39:55.196646332Z: [    7.844604] mousedev: PS/2 mouse device common for all mice
[STDOUT  ] 2017-07-05T21:39:55.201548958Z: [    7.849322] input: AT Translated Set 2 keyboard as /devices/platform/i8042/serio0/input/input1
[STDOUT  ] 2017-07-05T21:39:55.203982623Z: [    7.851883] input: PC Speaker as /devices/platform/pcspkr/input/input2
[STDOUT  ] 2017-07-05T21:39:55.208498594Z: [    7.856501] rtc_cmos 00:00: RTC can wake from S4
[STDOUT  ] 2017-07-05T21:39:55.211873819Z: [    7.859732] rtc_cmos 00:00: rtc core: registered rtc_cmos as rtc0
[STDOUT  ] 2017-07-05T21:39:55.213438407Z: [    7.861288] rtc_cmos 00:00: alarms up to one day, y3k, 114 bytes nvram, hpet irqs
[STDOUT  ] 2017-07-05T21:39:55.213951625Z: [    7.862031] i2c /dev entries driver
[STDOUT  ] 2017-07-05T21:39:55.216030394Z: [    7.863822] device-mapper: ioctl: 4.35.0-ioctl (2016-06-23) initialised: dm-devel@redhat.com
[STDOUT  ] 2017-07-05T21:39:55.220519314Z: [    7.868473] usbcore: registered new interface driver usbhid
[STDOUT  ] 2017-07-05T21:39:55.220802676Z: [    7.868894] usbhid: USB HID core driver
[STDOUT  ] 2017-07-05T21:39:55.221455631Z: [    7.869449] hv_utils: Registering HyperV Utility Driver
[STDOUT  ] 2017-07-05T21:39:55.221848411Z: [    7.869820] hv_vmbus: registering driver hv_util
[STDOUT  ] 2017-07-05T21:39:55.222356428Z: [    7.870370] hv_vmbus: registering driver hv_balloon
[STDOUT  ] 2017-07-05T21:39:55.222939591Z: [    7.870996] oprofile: using NMI interrupt.
[STDOUT  ] 2017-07-05T21:39:55.223861829Z: [    7.871979] GACT probability on
[STDOUT  ] 2017-07-05T21:39:55.224342031Z: [    7.872425] Mirror/redirect action on
[STDOUT  ] 2017-07-05T21:39:55.225125299Z: [    7.873219] Simple TC action Loaded
[STDOUT  ] 2017-07-05T21:39:55.225624828Z: [    7.873775] u32 classifier
[STDOUT  ] 2017-07-05T21:39:55.225911814Z: [    7.873996]     Performance counters on
[STDOUT  ] 2017-07-05T21:39:55.226165999Z: [    7.874270]     input device check on
[STDOUT  ] 2017-07-05T21:39:55.226424941Z: [    7.874535]     Actions configured
[STDOUT  ] 2017-07-05T21:39:55.227018744Z: [    7.875056] Netfilter messages via NETLINK v0.30.
[STDOUT  ] 2017-07-05T21:39:55.227611868Z: [    7.875566] nfnl_acct: registering with nfnetlink.
[STDOUT  ] 2017-07-05T21:39:55.229171064Z: [    7.877122] nf_conntrack version 0.5.0 (8192 buckets, 32768 max)
[STDOUT  ] 2017-07-05T21:39:55.235329572Z: [    7.883398] ctnetlink v0.93: registering with nfnetlink.
[STDOUT  ] 2017-07-05T21:39:55.238385466Z: [    7.886412] nf_tables: (c) 2007-2009 Patrick McHardy <kaber@trash.net>
[STDOUT  ] 2017-07-05T21:39:55.23907792Z: [    7.887086] nf_tables_compat: (c) 2012 Pablo Neira Ayuso <pablo@netfilter.org>
[STDOUT  ] 2017-07-05T21:39:55.246243889Z: [    7.894358] xt_time: kernel timezone is -0000
[STDOUT  ] 2017-07-05T21:39:55.246631343Z: [    7.894800] ip_set: protocol 6
[STDOUT  ] 2017-07-05T21:39:55.247273451Z: [    7.895337] IPVS: Registered protocols (TCP, UDP, SCTP, AH, ESP)
[STDOUT  ] 2017-07-05T21:39:55.247840579Z: [    7.895812] IPVS: Connection hash table configured (size=4096, memory=64Kbytes)
[STDOUT  ] 2017-07-05T21:39:55.249216191Z: [    7.897324] IPVS: Creating netns size=2104 id=0
[STDOUT  ] 2017-07-05T21:39:55.251646606Z: [    7.899785] IPVS: ipvs loaded.
[STDOUT  ] 2017-07-05T21:39:55.252533887Z: [    7.900625] IPVS: [rr] scheduler registered.
[STDOUT  ] 2017-07-05T21:39:55.252890475Z: [    7.900983] IPVS: [wrr] scheduler registered.
[STDOUT  ] 2017-07-05T21:39:55.25312724Z: [    7.901223] IPVS: [lc] scheduler registered.
[STDOUT  ] 2017-07-05T21:39:55.253358584Z: [    7.901459] IPVS: [wlc] scheduler registered.
[STDOUT  ] 2017-07-05T21:39:55.253579403Z: [    7.901691] IPVS: [fo] scheduler registered.
[STDOUT  ] 2017-07-05T21:39:55.253823905Z: [    7.901922] IPVS: [ovf] scheduler registered.
[STDOUT  ] 2017-07-05T21:39:55.254157563Z: [    7.902263] IPVS: [lblc] scheduler registered.
[STDOUT  ] 2017-07-05T21:39:55.254548835Z: [    7.902620] IPVS: [lblcr] scheduler registered.
[STDOUT  ] 2017-07-05T21:39:55.254776647Z: [    7.902890] IPVS: [dh] scheduler registered.
[STDOUT  ] 2017-07-05T21:39:55.255016574Z: [    7.903122] IPVS: [sh] scheduler registered.
[STDOUT  ] 2017-07-05T21:39:55.255251223Z: [    7.903352] IPVS: [sed] scheduler registered.
[STDOUT  ] 2017-07-05T21:39:55.255480852Z: [    7.903583] IPVS: [nq] scheduler registered.
[STDOUT  ] 2017-07-05T21:39:55.256092363Z: [    7.904169] IPVS: ftp: loaded support on port[0] = 21
[STDOUT  ] 2017-07-05T21:39:55.256886305Z: [    7.904948] ipip: IPv4 and MPLS over IPv4 tunneling driver
[STDOUT  ] 2017-07-05T21:39:55.261015538Z: [    7.909107] gre: GRE over IPv4 demultiplexor driver
[STDOUT  ] 2017-07-05T21:39:55.263889865Z: [    7.911964] ip_tables: (C) 2000-2006 Netfilter Core Team
[STDOUT  ] 2017-07-05T21:39:55.266982544Z: [    7.915015] ipt_CLUSTERIP: ClusterIP Version 0.8 loaded successfully
[STDOUT  ] 2017-07-05T21:39:55.267573896Z: [    7.915606] arp_tables: arp_tables: (C) 2002 David S. Miller
[STDOUT  ] 2017-07-05T21:39:55.269617131Z: [    7.917723] NET: Registered protocol family 10
[STDOUT  ] 2017-07-05T21:39:55.278288426Z: [    7.926363] ip6_tables: (C) 2000-2006 Netfilter Core Team
[STDOUT  ] 2017-07-05T21:39:55.286303798Z: [    7.934405] NET: Registered protocol family 17
[STDOUT  ] 2017-07-05T21:39:55.287196342Z: [    7.935322] Bridge firewalling registered
[STDOUT  ] 2017-07-05T21:39:55.287610378Z: [    7.935763] Ebtables v2.0 registered
[STDOUT  ] 2017-07-05T21:39:55.289378103Z: [    7.937484] 8021q: 802.1Q VLAN Support v1.8
[STDOUT  ] 2017-07-05T21:39:55.290677599Z: [    7.938798] 9pnet: Installing 9P2000 support
[STDOUT  ] 2017-07-05T21:39:55.292251378Z: [    7.940391] Key type dns_resolver registered
[STDOUT  ] 2017-07-05T21:39:55.293001446Z: [    7.941110] microcode: AMD CPU family 0x6 not supported
[STDOUT  ] 2017-07-05T21:39:55.296475587Z: [    7.944594] registered taskstats version 1
[STDOUT  ] 2017-07-05T21:39:55.449493855Z: [    8.097469] Key type big_key registered
[STDOUT  ] 2017-07-05T21:39:55.497074746Z: [    8.144917] ata2: SATA link up 1.5 Gbps (SStatus 113 SControl 300)
[STDOUT  ] 2017-07-05T21:39:55.500267848Z: [    8.148183] ata1: SATA link up 1.5 Gbps (SStatus 113 SControl 300)
[STDOUT  ] 2017-07-05T21:39:55.502803515Z: [    8.150743] ata1.00: ATA-7: QEMU HARDDISK, 2.5+, max UDMA/100
[STDOUT  ] 2017-07-05T21:39:55.503332923Z: [    8.151220] ata1.00: 409600 sectors, multi 16: LBA48 NCQ (depth 31/32)
[STDOUT  ] 2017-07-05T21:39:55.503807565Z: [    8.151840] ata1.00: applying bridge limits
[STDOUT  ] 2017-07-05T21:39:55.505272264Z: [    8.153188] ata5: SATA link down (SStatus 0 SControl 300)
[STDOUT  ] 2017-07-05T21:39:55.506909366Z: [    8.154838] ata3: SATA link up 1.5 Gbps (SStatus 113 SControl 300)
[STDOUT  ] 2017-07-05T21:39:55.507673772Z: [    8.155604] ata3.00: ATAPI: QEMU DVD-ROM, 2.5+, max UDMA/100
[STDOUT  ] 2017-07-05T21:39:55.508025627Z: [    8.156085] ata3.00: applying bridge limits
[STDOUT  ] 2017-07-05T21:39:55.509450071Z: [    8.157502] ata3.00: configured for UDMA/100
[STDOUT  ] 2017-07-05T21:39:55.511187418Z: [    8.159156] ata4: SATA link down (SStatus 0 SControl 300)
[STDOUT  ] 2017-07-05T21:39:55.511935684Z: [    8.159917] ata1.00: configured for UDMA/100
[STDOUT  ] 2017-07-05T21:39:55.514347288Z: [    8.162236] ata2.00: ATA-7: QEMU HARDDISK, 2.5+, max UDMA/100
[STDOUT  ] 2017-07-05T21:39:55.514784723Z: [    8.162726] ata2.00: 90260 sectors, multi 16: LBA48 NCQ (depth 31/32)
[STDOUT  ] 2017-07-05T21:39:55.515122323Z: [    8.163189] ata2.00: applying bridge limits
[STDOUT  ] 2017-07-05T21:39:55.515703599Z: [    8.163738] ata2.00: configured for UDMA/100
[STDOUT  ] 2017-07-05T21:39:55.517040473Z: [    8.165014] ata6: SATA link down (SStatus 0 SControl 300)
[STDOUT  ] 2017-07-05T21:39:55.531718511Z: [    8.179754] Key type encrypted registered
[STDOUT  ] 2017-07-05T21:39:55.536034605Z: [    8.183848] rtc_cmos 00:00: setting system clock to 2017-07-05 21:39:55 UTC (1499290795)
[STDOUT  ] 2017-07-05T21:39:55.543194439Z: [    8.191002] scsi 0:0:0:0: Direct-Access     ATA      QEMU HARDDISK    2.5+ PQ: 0 ANSI: 5
[STDOUT  ] 2017-07-05T21:39:55.550244314Z: [    8.198102] sd 0:0:0:0: [sda] 409600 512-byte logical blocks: (210 MB/200 MiB)
[STDOUT  ] 2017-07-05T21:39:55.554840557Z: [    8.202812] sd 0:0:0:0: Attached scsi generic sg0 type 0
[STDOUT  ] 2017-07-05T21:39:55.556270508Z: [    8.204276] sd 0:0:0:0: [sda] Write Protect is off
[STDOUT  ] 2017-07-05T21:39:55.560062002Z: [    8.207801] sd 0:0:0:0: [sda] Write cache: enabled, read cache: enabled, doesn't support DPO or FUA
[STDOUT  ] 2017-07-05T21:39:55.565612895Z: [    8.213381] scsi 1:0:0:0: Direct-Access     ATA      QEMU HARDDISK    2.5+ PQ: 0 ANSI: 5
[STDOUT  ] 2017-07-05T21:39:55.56930657Z: [    8.217126] sd 1:0:0:0: [sdb] 90260 512-byte logical blocks: (46.2 MB/44.1 MiB)
[STDOUT  ] 2017-07-05T21:39:55.570989947Z: [    8.218943] sd 1:0:0:0: [sdb] Write Protect is off
[STDOUT  ] 2017-07-05T21:39:55.572890767Z: [    8.220602] sd 1:0:0:0: [sdb] Write cache: enabled, read cache: enabled, doesn't support DPO or FUA
[STDOUT  ] 2017-07-05T21:39:55.576066247Z: [    8.224037] sd 1:0:0:0: Attached scsi generic sg1 type 0
[STDOUT  ] 2017-07-05T21:39:55.584358233Z: [    8.232161] scsi 2:0:0:0: CD-ROM            QEMU     QEMU DVD-ROM     2.5+ PQ: 0 ANSI: 5
[STDERR  ] 2017-07-05T21:39:55.599157619Z: main-loop: WARNING: I/O thread spun for 1000 iterations
[STDOUT  ] 2017-07-05T21:39:55.604802528Z: [    8.252650] sr 2:0:0:0: [sr0] scsi3-mmc drive: 4x/4x cd/rw xa/form2 tray
[STDOUT  ] 2017-07-05T21:39:55.6053845Z: [    8.253349] cdrom: Uniform CD-ROM driver Revision: 3.20
[STDOUT  ] 2017-07-05T21:39:55.616045272Z: [    8.264006] sr 2:0:0:0: Attached scsi generic sg2 type 5
[STDOUT  ] 2017-07-05T21:39:55.62026351Z: [    8.268268] sd 0:0:0:0: [sda] Attached SCSI disk
[STDOUT  ] 2017-07-05T21:39:55.624927491Z: [    8.272938] sd 1:0:0:0: [sdb] Attached SCSI disk
[STDOUT  ] 2017-07-05T21:39:55.75756789Z: [    8.405274] Freeing unused kernel memory: 1372K (ffffffff86d57000 - ffffffff86eae000)
[STDOUT  ] 2017-07-05T21:39:55.75809167Z: [    8.406035] Write protecting the kernel read-only data: 12288k
[STDOUT  ] 2017-07-05T21:39:55.764288171Z: [    8.412075] Freeing unused kernel memory: 160K (ffff8c24e07d8000 - ffff8c24e0800000)
[STDOUT  ] 2017-07-05T21:39:55.854477471Z: [    8.502236] Freeing unused kernel memory: 1404K (ffff8c24e0aa1000 - ffff8c24e0c00000)
[STDOUT  ] 2017-07-05T21:39:55.855256522Z: [    8.503156] tsc: Refined TSC clocksource calibration: 2300.039 MHz
[STDOUT  ] 2017-07-05T21:39:55.856025093Z: [    8.503690] clocksource: tsc: mask: 0xffffffffffffffff max_cycles: 0x21275a2a673, max_idle_ns: 440795322019 ns
[STDOUT  ] 2017-07-05T21:39:56.873868751Z: [    9.520643] clocksource: Switched to clocksource tsc
[STDOUT  ] 2017-07-05T21:40:02.472984574Z: [   15.120744] e1000: Intel(R) PRO/1000 Network Driver - version 7.3.21-k8-NAPI
[STDOUT  ] 2017-07-05T21:40:02.474445872Z: [   15.121455] e1000: Copyright (c) 1999-2006 Intel Corporation.
[STDOUT  ] 2017-07-05T21:40:02.492703772Z: [   15.140571] ACPI: PCI Interrupt Link [GSIG] enabled at IRQ 22
[STDOUT  ] 2017-07-05T21:40:02.85801877Z: [   15.505789] e1000 0000:00:02.0 eth0: (PCI:33MHz:32-bit) 52:54:00:12:34:56
[STDOUT  ] 2017-07-05T21:40:02.858801689Z: [   15.506642] e1000 0000:00:02.0 eth0: Intel(R) PRO/1000 Network Connection
[STDOUT  ] 2017-07-05T21:40:03.325465646Z: 
[STDOUT  ] 2017-07-05T21:40:03.326359446Z: Starting containerd
[STDOUT  ] 2017-07-05T21:40:03.402068879Z: 
[STDOUT  ] 2017-07-05T21:40:03.41242472Z: Welcome to LinuxKit
[STDOUT  ] 2017-07-05T21:40:03.412521333Z: 
[STDOUT  ] 2017-07-05T21:40:03.412834229Z:                         ##         .
[STDOUT  ] 2017-07-05T21:40:03.413134091Z:                   ## ## ##        ==
[STDOUT  ] 2017-07-05T21:40:03.413420641Z:                ## ## ## ## ##    ===
[STDOUT  ] 2017-07-05T21:40:03.413730623Z:            /"""""""""""""""""\___/ ===
[STDOUT  ] 2017-07-05T21:40:03.414073229Z:           {                       /  ===-
[STDOUT  ] 2017-07-05T21:40:03.414344826Z:            \______ O           __/
[STDOUT  ] 2017-07-05T21:40:03.414605883Z:              \    \         __/
[STDOUT  ] 2017-07-05T21:40:03.414862447Z:               \____\_______/
[STDOUT  ] 2017-07-05T21:40:03.414929667Z: 
[STDOUT  ] 2017-07-05T21:40:03.790127705Z: [34mINFO[0m[0000] starting containerd boot...                   [34mmodule[0m=containerd
[STDOUT  ] 2017-07-05T21:40:03.805768864Z: [34mINFO[0m[0000] starting debug API...                         [34mdebug[0m="/run/containerd/debug.sock" [34mmodule[0m=containerd
[STDOUT  ] 2017-07-05T21:40:03.808018924Z: [34mINFO[0m[0000] loading plugin "io.containerd.content.v1.content"...  [34mmodule[0m=containerd [34mtype[0m=io.containerd.content.v1
[STDOUT  ] 2017-07-05T21:40:03.810680631Z: [34mINFO[0m[0000] loading plugin "io.containerd.snapshotter.v1.btrfs"...  [34mmodule[0m=containerd [34mtype[0m=io.containerd.snapshotter.v1
[STDOUT  ] 2017-07-05T21:40:03.812424557Z: [34mINFO[0m[0000] loading plugin "io.containerd.snapshotter.v1.overlayfs"...  [34mmodule[0m=containerd [34mtype[0m=io.containerd.snapshotter.v1
[STDOUT  ] 2017-07-05T21:40:03.81834193Z: [34mINFO[0m[0000] loading plugin "io.containerd.differ.v1.base-diff"...  [34mmodule[0m=containerd [34mtype[0m=io.containerd.differ.v1
[STDOUT  ] 2017-07-05T21:40:03.820016471Z: [34mINFO[0m[0000] loading plugin "io.containerd.metadata.v1.bolt"...  [34mmodule[0m=containerd [34mtype[0m=io.containerd.metadata.v1
[STDOUT  ] 2017-07-05T21:40:03.830915469Z: [34mINFO[0m[0000] loading plugin "io.containerd.grpc.v1.containers"...  [34mmodule[0m=containerd [34mtype[0m=io.containerd.grpc.v1
[STDOUT  ] 2017-07-05T21:40:03.832947397Z: [34mINFO[0m[0000] loading plugin "io.containerd.grpc.v1.content"...  [34mmodule[0m=containerd [34mtype[0m=io.containerd.grpc.v1
[STDOUT  ] 2017-07-05T21:40:03.834395595Z: [34mINFO[0m[0000] loading plugin "io.containerd.grpc.v1.diff"...  [34mmodule[0m=containerd [34mtype[0m=io.containerd.grpc.v1
[STDOUT  ] 2017-07-05T21:40:03.83604359Z: [34mINFO[0m[0000] loading plugin "io.containerd.monitor.v1.cgroups"...  [34mmodule[0m=containerd [34mtype[0m=io.containerd.monitor.v1
[STDOUT  ] 2017-07-05T21:40:03.877886964Z: [34mINFO[0m[0000] loading plugin "io.containerd.runtime.v1.linux"...  [34mmodule[0m=containerd [34mtype[0m=io.containerd.runtime.v1
[STDOUT  ] 2017-07-05T21:40:03.889782267Z: [34mINFO[0m[0000] loading plugin "io.containerd.grpc.v1.tasks"...  [34mmodule[0m=containerd [34mtype[0m=io.containerd.grpc.v1
[STDOUT  ] 2017-07-05T21:40:03.903801942Z: [34mINFO[0m[0000] loading plugin "io.containerd.grpc.v1.healthcheck"...  [34mmodule[0m=containerd [34mtype[0m=io.containerd.grpc.v1
[STDOUT  ] 2017-07-05T21:40:03.910027553Z: [34mINFO[0m[0000] loading plugin "io.containerd.grpc.v1.images"...  [34mmodule[0m=containerd [34mtype[0m=io.containerd.grpc.v1
[STDOUT  ] 2017-07-05T21:40:03.911512524Z: [34mINFO[0m[0000] loading plugin "io.containerd.grpc.v1.namespaces"...  [34mmodule[0m=containerd [34mtype[0m=io.containerd.grpc.v1
[STDOUT  ] 2017-07-05T21:40:03.925039751Z: [34mINFO[0m[0000] loading plugin "io.containerd.grpc.v1.snapshots"...  [34mmodule[0m=containerd [34mtype[0m=io.containerd.grpc.v1
[STDOUT  ] 2017-07-05T21:40:03.928842156Z: [34mINFO[0m[0000] loading plugin "io.containerd.grpc.v1.version"...  [34mmodule[0m=containerd [34mtype[0m=io.containerd.grpc.v1
[STDOUT  ] 2017-07-05T21:40:04.003878152Z: [34mINFO[0m[0000] starting GRPC API server...                   [34mmodule[0m=containerd
[STDOUT  ] 2017-07-05T21:40:04.007785747Z: [34mINFO[0m[0000] containerd successfully booted in 0.234198s   [34mmodule[0m=containerd
[STDOUT  ] 2017-07-05T21:40:06.789628462Z: [   19.437721]  sda:
[STDOUT  ] 2017-07-05T21:40:06.842914787Z: [   19.490993]  sda:
[STDOUT  ] 2017-07-05T21:40:06.870841341Z: [   19.518902]  sda: sda1
[STDOUT  ] 2017-07-05T21:40:06.932736666Z: [   19.580806]  sda: sda1
[STDOUT  ] 2017-07-05T21:40:31.155472771Z: [   43.803184] EXT4-fs (sda1): couldn't mount as ext3 due to feature incompatibilities
[STDOUT  ] 2017-07-05T21:40:31.161714932Z: [   43.809349] EXT4-fs (sda1): couldn't mount as ext2 due to feature incompatibilities
[STDOUT  ] 2017-07-05T21:40:31.18493119Z: [   43.832608] EXT4-fs (sda1): mounted filesystem with ordered data mode. Opts: (null)
[STDOUT  ] 2017-07-05T21:40:33.51617886Z: /mnt is device /dev/sda1
[STDOUT  ] 2017-07-05T21:40:33.555135494Z: [   46.202959] extlinux: sending ioctl 4c05 to a partition!
[STDOUT  ] 2017-07-05T21:40:33.555607899Z: [   46.203507] extlinux: sending ioctl 4c03 to a partition!
[STDOUT  ] 2017-07-05T21:40:34.63471331Z: [   47.282559] umount: sending ioctl 4c01 to a partition!
[STDOUT  ] 2017-07-05T21:40:34.654555109Z: 1+0 records in
[STDOUT  ] 2017-07-05T21:40:34.654747677Z: 1+0 records out
[STDOUT  ] 2017-07-05T21:40:34.687050908Z: The bootable flag on partition 1 is enabled now.
[STDOUT  ] 2017-07-05T21:40:34.69583183Z: [   47.343860]  sda: sda1
[STDOUT  ] 2017-07-05T21:40:34.718814718Z: 
[STDOUT  ] 2017-07-05T21:40:34.719205283Z: The partition table has been altered.
[STDOUT  ] 2017-07-05T21:40:34.719601625Z: Calling ioctl() to re-read partition table.
[STDOUT  ] 2017-07-05T21:40:34.71980758Z: Syncing disks.
[STDOUT  ] 2017-07-05T21:40:34.802937022Z:  - 000-mkimage
[STDOUT  ] 2017-07-05T21:41:06.218643525Z: [   78.865649] sd 1:0:0:0: [sdb] Synchronizing SCSI cache
[STDOUT  ] 2017-07-05T21:41:06.219567069Z: [   78.867419] sd 1:0:0:0: [sdb] Stopping disk
[STDOUT  ] 2017-07-05T21:41:06.220383022Z: [   78.868183] sd 0:0:0:0: [sda] Synchronizing SCSI cache
[STDOUT  ] 2017-07-05T21:41:06.220929679Z: [   78.868795] sd 0:0:0:0: [sda] Stopping disk
[STDOUT  ] 2017-07-05T21:41:06.223901317Z: [   78.871644] ACPI: Preparing to enter system sleep state S5
[STDOUT  ] 2017-07-05T21:41:06.225005467Z: [   78.872925] reboot: Power down
[STDERR  ] 2017-07-05T21:41:06.399336098Z: + linuxkit run qemu disk.qcow2
[STDERR  ] 2017-07-05T21:41:06.417256369Z: Using existing disk [disk.qcow2] format 
[STDOUT  ] 2017-07-05T21:41:12.321724012Z: [    0.000000] Linux version 4.9.35-linuxkit (root@b147ce67977e) (gcc version 6.3.0 (Alpine 6.3.0) ) #1 SMP Fri Jun 30 14:24:51 UTC 2017
[STDOUT  ] 2017-07-05T21:41:12.322406958Z: [    0.000000] Command line: BOOT_IMAGE=/kernel console=ttyS0 initrd=/initrd.img
[STDOUT  ] 2017-07-05T21:41:12.322771884Z: [    0.000000] x86/fpu: Legacy x87 FPU detected.
[STDOUT  ] 2017-07-05T21:41:12.323211189Z: [    0.000000] x86/fpu: Using 'eager' FPU context switches.
[STDOUT  ] 2017-07-05T21:41:12.323595955Z: [    0.000000] e820: BIOS-provided physical RAM map:
[STDOUT  ] 2017-07-05T21:41:12.324139939Z: [    0.000000] BIOS-e820: [mem 0x0000000000000000-0x000000000009fbff] usable
[STDOUT  ] 2017-07-05T21:41:12.324702312Z: [    0.000000] BIOS-e820: [mem 0x000000000009fc00-0x000000000009ffff] reserved
[STDOUT  ] 2017-07-05T21:41:12.325267643Z: [    0.000000] BIOS-e820: [mem 0x00000000000f0000-0x00000000000fffff] reserved
[STDOUT  ] 2017-07-05T21:41:12.325810172Z: [    0.000000] BIOS-e820: [mem 0x0000000000100000-0x000000003ffdefff] usable
[STDOUT  ] 2017-07-05T21:41:12.326375049Z: [    0.000000] BIOS-e820: [mem 0x000000003ffdf000-0x000000003fffffff] reserved
[STDOUT  ] 2017-07-05T21:41:12.326918579Z: [    0.000000] BIOS-e820: [mem 0x00000000b0000000-0x00000000bfffffff] reserved
[STDOUT  ] 2017-07-05T21:41:12.327514478Z: [    0.000000] BIOS-e820: [mem 0x00000000fed1c000-0x00000000fed1ffff] reserved
[STDOUT  ] 2017-07-05T21:41:12.328091427Z: [    0.000000] BIOS-e820: [mem 0x00000000fffc0000-0x00000000ffffffff] reserved
[STDOUT  ] 2017-07-05T21:41:12.328497214Z: [    0.000000] NX (Execute Disable) protection: active
[STDOUT  ] 2017-07-05T21:41:12.328799003Z: [    0.000000] SMBIOS 2.8 present.
[STDOUT  ] 2017-07-05T21:41:12.329263788Z: [    0.000000] e820: last_pfn = 0x3ffdf max_arch_pfn = 0x400000000
[STDOUT  ] 2017-07-05T21:41:12.329817219Z: [    0.000000] x86/PAT: Configuration [0-7]: WB  WC  UC- UC  WB  WC  UC- WT  
[STDOUT  ] 2017-07-05T21:41:12.330422964Z: [    0.000000] found SMP MP-table at [mem 0x000f6aa0-0x000f6aaf] mapped at [ffff8adc800f6aa0]
[STDOUT  ] 2017-07-05T21:41:12.33078255Z: [    0.000000] RAMDISK: [mem 0x3da0d000-0x3ffdefff]
[STDOUT  ] 2017-07-05T21:41:12.331213842Z: [    0.000000] ACPI: Early table checksum verification disabled
[STDOUT  ] 2017-07-05T21:41:12.331640396Z: [    0.000000] ACPI: RSDP 0x00000000000F68C0 000014 (v00 BOCHS )
[STDOUT  ] 2017-07-05T21:41:12.332269262Z: [    0.000000] ACPI: RSDT 0x000000003FFE2404 000034 (v01 BOCHS  BXPCRSDT 00000001 BXPC 00000001)
[STDOUT  ] 2017-07-05T21:41:12.332908482Z: [    0.000000] ACPI: FACP 0x000000003FFE22A4 000074 (v01 BOCHS  BXPCFACP 00000001 BXPC 00000001)
[STDOUT  ] 2017-07-05T21:41:12.333529881Z: [    0.000000] ACPI: DSDT 0x000000003FFE0040 002264 (v01 BOCHS  BXPCDSDT 00000001 BXPC 00000001)
[STDOUT  ] 2017-07-05T21:41:12.333878478Z: [    0.000000] ACPI: FACS 0x000000003FFE0000 000040
[STDOUT  ] 2017-07-05T21:41:12.334496099Z: [    0.000000] ACPI: APIC 0x000000003FFE2318 000078 (v01 BOCHS  BXPCAPIC 00000001 BXPC 00000001)
[STDOUT  ] 2017-07-05T21:41:12.335129995Z: [    0.000000] ACPI: HPET 0x000000003FFE2390 000038 (v01 BOCHS  BXPCHPET 00000001 BXPC 00000001)
[STDOUT  ] 2017-07-05T21:41:12.335748036Z: [    0.000000] ACPI: MCFG 0x000000003FFE23C8 00003C (v01 BOCHS  BXPCMCFG 00000001 BXPC 00000001)
[STDOUT  ] 2017-07-05T21:41:12.3359461Z: [    0.000000] Zone ranges:
[STDOUT  ] 2017-07-05T21:41:12.336403063Z: [    0.000000]   DMA      [mem 0x0000000000001000-0x0000000000ffffff]
[STDOUT  ] 2017-07-05T21:41:12.336866571Z: [    0.000000]   DMA32    [mem 0x0000000001000000-0x000000003ffdefff]
[STDOUT  ] 2017-07-05T21:41:12.337094155Z: [    0.000000]   Normal   empty
[STDOUT  ] 2017-07-05T21:41:12.337453041Z: [    0.000000] Movable zone start for each node
[STDOUT  ] 2017-07-05T21:41:12.337733383Z: [    0.000000] Early memory node ranges
[STDOUT  ] 2017-07-05T21:41:12.338197595Z: [    0.000000]   node   0: [mem 0x0000000000001000-0x000000000009efff]
[STDOUT  ] 2017-07-05T21:41:12.338660283Z: [    0.000000]   node   0: [mem 0x0000000000100000-0x000000003ffdefff]
[STDOUT  ] 2017-07-05T21:41:12.339183719Z: [    0.000000] Initmem setup node 0 [mem 0x0000000000001000-0x000000003ffdefff]
[STDOUT  ] 2017-07-05T21:41:12.339495038Z: [    0.000000] ACPI: PM-Timer IO Port: 0x608
[STDOUT  ] 2017-07-05T21:41:12.339938988Z: [    0.000000] ACPI: LAPIC_NMI (acpi_id[0xff] dfl dfl lint[0x1])
[STDOUT  ] 2017-07-05T21:41:12.340439114Z: [    0.000000] IOAPIC[0]: apic_id 0, version 32, address 0xfec00000, GSI 0-23
[STDOUT  ] 2017-07-05T21:41:12.340914997Z: [    0.000000] ACPI: INT_SRC_OVR (bus 0 bus_irq 0 global_irq 2 dfl dfl)
[STDOUT  ] 2017-07-05T21:41:12.341394932Z: [    0.000000] ACPI: INT_SRC_OVR (bus 0 bus_irq 5 global_irq 5 high level)
[STDOUT  ] 2017-07-05T21:41:12.341888215Z: [    0.000000] ACPI: INT_SRC_OVR (bus 0 bus_irq 9 global_irq 9 high level)
[STDOUT  ] 2017-07-05T21:41:12.342389743Z: [    0.000000] ACPI: INT_SRC_OVR (bus 0 bus_irq 10 global_irq 10 high level)
[STDOUT  ] 2017-07-05T21:41:12.34288894Z: [    0.000000] ACPI: INT_SRC_OVR (bus 0 bus_irq 11 global_irq 11 high level)
[STDOUT  ] 2017-07-05T21:41:12.343330604Z: [    0.000000] Using ACPI (MADT) for SMP configuration information
[STDOUT  ] 2017-07-05T21:41:12.343715321Z: [    0.000000] ACPI: HPET id: 0x8086a201 base: 0xfed00000
[STDOUT  ] 2017-07-05T21:41:12.344087493Z: [    0.000000] smpboot: Allowing 1 CPUs, 0 hotplug CPUs
[STDOUT  ] 2017-07-05T21:41:12.34459286Z: [    0.000000] e820: [mem 0x40000000-0xafffffff] available for PCI devices
[STDOUT  ] 2017-07-05T21:41:12.345023909Z: [    0.000000] Booting paravirtualized kernel on bare hardware
[STDOUT  ] 2017-07-05T21:41:12.345814978Z: [    0.000000] clocksource: refined-jiffies: mask: 0xffffffff max_cycles: 0xffffffff, max_idle_ns: 19112604462750000 ns
[STDOUT  ] 2017-07-05T21:41:12.346412688Z: [    0.000000] setup_percpu: NR_CPUS:128 nr_cpumask_bits:128 nr_cpu_ids:1 nr_node_ids:1
[STDOUT  ] 2017-07-05T21:41:12.347019458Z: [    0.000000] percpu: Embedded 35 pages/cpu @ffff8adcbd800000 s105112 r8192 d30056 u2097152
[STDOUT  ] 2017-07-05T21:41:12.347770651Z: [    0.000000] Built 1 zonelists in Zone order, mobility grouping on.  Total pages: 257896
[STDOUT  ] 2017-07-05T21:41:12.348375919Z: [    0.000000] Kernel command line: BOOT_IMAGE=/kernel console=ttyS0 initrd=/initrd.img
[STDOUT  ] 2017-07-05T21:41:12.34882425Z: [    0.000000] PID hash table entries: 4096 (order: 3, 32768 bytes)
[STDOUT  ] 2017-07-05T21:41:12.349352442Z: [    0.000000] Dentry cache hash table entries: 131072 (order: 8, 1048576 bytes)
[STDOUT  ] 2017-07-05T21:41:12.349852853Z: [    0.000000] Inode-cache hash table entries: 65536 (order: 7, 524288 bytes)
[STDOUT  ] 2017-07-05T21:41:12.350832786Z: [    0.000000] Memory: 975452K/1048052K available (8019K kernel code, 1366K rwdata, 2692K rodata, 1372K init, 568K bss, 72600K reserved, 0K cma-reserved)
[STDOUT  ] 2017-07-05T21:41:12.351177853Z: [    0.000000] Hierarchical RCU implementation.
[STDOUT  ] 2017-07-05T21:41:12.351576189Z: [    0.000000] 	Build-time adjustment of leaf fanout to 64.
[STDOUT  ] 2017-07-05T21:41:12.35204147Z: [    0.000000] 	RCU restricting CPUs from NR_CPUS=128 to nr_cpu_ids=1.
[STDOUT  ] 2017-07-05T21:41:12.352535018Z: [    0.000000] RCU: Adjusting geometry for rcu_fanout_leaf=64, nr_cpu_ids=1
[STDOUT  ] 2017-07-05T21:41:12.352823539Z: [    0.000000] NR_IRQS:8448 nr_irqs:256 16
[STDOUT  ] 2017-07-05T21:41:12.353111864Z: [    0.000000] Console: colour VGA+ 80x25
[STDOUT  ] 2017-07-05T21:41:12.353482785Z: [    0.000000] console [ttyS0] enabled
[STDOUT  ] 2017-07-05T21:41:12.357131993Z: [    0.000000] clocksource: hpet: mask: 0xffffffff max_cycles: 0xffffffff, max_idle_ns: 19112604467 ns
[STDOUT  ] 2017-07-05T21:41:12.407426816Z: [    0.000000] tsc: Fast TSC calibration failed
[STDOUT  ] 2017-07-05T21:41:12.469496621Z: [    0.000000] tsc: Unable to calibrate against PIT
[STDOUT  ] 2017-07-05T21:41:12.469889917Z: [    0.000000] tsc: using HPET reference calibration
[STDOUT  ] 2017-07-05T21:41:12.470364874Z: [    0.000000] tsc: Detected 2300.094 MHz processor
[STDOUT  ] 2017-07-05T21:41:12.472953119Z: [    0.061495] Calibrating delay loop (skipped), value calculated using timer frequency.. 4600.18 BogoMIPS (lpj=23000940)
[STDOUT  ] 2017-07-05T21:41:12.473421456Z: [    0.062562] pid_max: default: 32768 minimum: 301
[STDOUT  ] 2017-07-05T21:41:12.474348634Z: [    0.063564] ACPI: Core revision 20160831
[STDOUT  ] 2017-07-05T21:41:12.523669017Z: [    0.114649] ACPI: 1 ACPI AML tables successfully acquired and loaded
[STDOUT  ] 2017-07-05T21:41:12.527198035Z: [    0.118420] Security Framework initialized
[STDOUT  ] 2017-07-05T21:41:12.527616947Z: [    0.118882] Yama: becoming mindful.
[STDOUT  ] 2017-07-05T21:41:12.530311084Z: [    0.121340] Mount-cache hash table entries: 2048 (order: 2, 16384 bytes)
[STDOUT  ] 2017-07-05T21:41:12.530954121Z: [    0.121969] Mountpoint-cache hash table entries: 2048 (order: 2, 16384 bytes)
[STDOUT  ] 2017-07-05T21:41:12.55007851Z: [    0.141185] Last level iTLB entries: 4KB 0, 2MB 0, 4MB 0
[STDOUT  ] 2017-07-05T21:41:12.550609067Z: [    0.141705] Last level dTLB entries: 4KB 0, 2MB 0, 4MB 0, 1GB 0
[STDOUT  ] 2017-07-05T21:41:12.860760891Z: [    0.451421] Freeing SMP alternatives memory: 20K (ffffffff8beae000 - ffffffff8beb3000)
[STDOUT  ] 2017-07-05T21:41:12.870401036Z: [    0.461273] ftrace: allocating 35425 entries in 139 pages
[STDOUT  ] 2017-07-05T21:41:13.160972654Z: [    0.631911] smpboot: Max logical packages: 1
[STDOUT  ] 2017-07-05T21:41:13.166792835Z: [    0.637874] ..TIMER: vector=0x30 apic1=0 pin1=2 apic2=-1 pin2=-1
[STDOUT  ] 2017-07-05T21:41:13.380197001Z: [    0.740000] smpboot: CPU0: AMD QEMU Virtual CPU version 2.5+ (family: 0x6, model: 0x6, stepping: 0x3)
[STDOUT  ] 2017-07-05T21:41:13.381663933Z: [    0.740000] Performance Events: PMU not available due to virtualization, using software events only.
[STDOUT  ] 2017-07-05T21:41:13.399971229Z: [    0.750288] NMI watchdog: disabled (cpu0): hardware events not enabled
[STDOUT  ] 2017-07-05T21:41:13.400520196Z: [    0.750866] NMI watchdog: Shutting down hard lockup detector on all cpus
[STDOUT  ] 2017-07-05T21:41:13.403184161Z: [    0.753692] x86: Booted up 1 node, 1 CPUs
[STDOUT  ] 2017-07-05T21:41:13.403794021Z: [    0.754142] smpboot: Total of 1 processors activated (4600.18 BogoMIPS)
[STDOUT  ] 2017-07-05T21:41:13.419392483Z: [    0.768319] devtmpfs: initialized
[STDOUT  ] 2017-07-05T21:41:13.426761209Z: [    0.776970] x86/mm: Memory block size: 128MB
[STDOUT  ] 2017-07-05T21:41:13.492242204Z: [    0.842326] clocksource: jiffies: mask: 0xffffffff max_cycles: 0xffffffff, max_idle_ns: 19112604462750000 ns
[STDOUT  ] 2017-07-05T21:41:13.492955272Z: [    0.843368] futex hash table entries: 256 (order: 2, 16384 bytes)
[STDOUT  ] 2017-07-05T21:41:13.50183976Z: [    0.852355] NET: Registered protocol family 16
[STDOUT  ] 2017-07-05T21:41:13.511459123Z: [    0.862000] cpuidle: using governor ladder
[STDOUT  ] 2017-07-05T21:41:13.511897419Z: [    0.862470] cpuidle: using governor menu
[STDOUT  ] 2017-07-05T21:41:13.513169572Z: [    0.863724] ACPI: bus type PCI registered
[STDOUT  ] 2017-07-05T21:41:13.516274835Z: [    0.866494] PCI: MMCONFIG for domain 0000 [bus 00-ff] at [mem 0xb0000000-0xbfffffff] (base 0xb0000000)
[STDOUT  ] 2017-07-05T21:41:13.516921762Z: [    0.867313] PCI: MMCONFIG at [mem 0xb0000000-0xbfffffff] reserved in E820
[STDOUT  ] 2017-07-05T21:41:13.518228008Z: [    0.868683] PCI: Using configuration type 1 for base access
[STDOUT  ] 2017-07-05T21:41:13.575930993Z: [    0.926291] HugeTLB registered 2 MB page size, pre-allocated 0 pages
[STDOUT  ] 2017-07-05T21:41:13.58754211Z: [    0.938041] ACPI: Added _OSI(Module Device)
[STDOUT  ] 2017-07-05T21:41:13.587966804Z: [    0.938485] ACPI: Added _OSI(Processor Device)
[STDOUT  ] 2017-07-05T21:41:13.588358223Z: [    0.938852] ACPI: Added _OSI(3.0 _SCP Extensions)
[STDOUT  ] 2017-07-05T21:41:13.588779067Z: [    0.939259] ACPI: Added _OSI(Processor Aggregator Device)
[STDOUT  ] 2017-07-05T21:41:13.667266625Z: [    1.017781] ACPI: Interpreter enabled
[STDOUT  ] 2017-07-05T21:41:13.668161303Z: [    1.018740] ACPI: (supports S0 S5)
[STDOUT  ] 2017-07-05T21:41:13.668632196Z: [    1.019106] ACPI: Using IOAPIC for interrupt routing
[STDOUT  ] 2017-07-05T21:41:13.671265513Z: [    1.021371] PCI: Using host bridge windows from ACPI; if necessary, use "pci=nocrs" and report a bug
[STDOUT  ] 2017-07-05T21:41:13.748430431Z: [    1.098985] ACPI: PCI Root Bridge [PCI0] (domain 0000 [bus 00-ff])
[STDOUT  ] 2017-07-05T21:41:13.749544621Z: [    1.099892] acpi PNP0A08:00: _OSC: OS supports [ExtendedConfig ASPM ClockPM Segments MSI]
[STDOUT  ] 2017-07-05T21:41:13.755748371Z: [    1.105741] acpi PNP0A08:00: _OSC: OS now controls [PCIeHotplug PME PCIeCapability]
[STDOUT  ] 2017-07-05T21:41:13.759574561Z: [    1.110231] PCI host bridge to bus 0000:00
[STDOUT  ] 2017-07-05T21:41:13.760083924Z: [    1.110634] pci_bus 0000:00: root bus resource [io  0x0000-0x0cf7 window]
[STDOUT  ] 2017-07-05T21:41:13.760502987Z: [    1.111067] pci_bus 0000:00: root bus resource [io  0x0d00-0xffff window]
[STDOUT  ] 2017-07-05T21:41:13.760968938Z: [    1.111468] pci_bus 0000:00: root bus resource [mem 0x000a0000-0x000bffff window]
[STDOUT  ] 2017-07-05T21:41:13.761419705Z: [    1.111918] pci_bus 0000:00: root bus resource [mem 0xc0000000-0xfebfffff window]
[STDOUT  ] 2017-07-05T21:41:13.761886401Z: [    1.112478] pci_bus 0000:00: root bus resource [bus 00-ff]
[STDOUT  ] 2017-07-05T21:41:13.848616606Z: [    1.197508] pci 0000:00:1f.0: quirk: [io  0x0600-0x067f] claimed by ICH6 ACPI/GPIO/TCO
[STDOUT  ] 2017-07-05T21:41:13.903275667Z: [    1.253325] ACPI: PCI Interrupt Link [LNKA] (IRQs 5 *10 11)
[STDOUT  ] 2017-07-05T21:41:13.905335879Z: [    1.255466] ACPI: PCI Interrupt Link [LNKB] (IRQs 5 *10 11)
[STDOUT  ] 2017-07-05T21:41:13.907213249Z: [    1.257357] ACPI: PCI Interrupt Link [LNKC] (IRQs 5 10 *11)
[STDOUT  ] 2017-07-05T21:41:13.909226575Z: [    1.259235] ACPI: PCI Interrupt Link [LNKD] (IRQs 5 10 *11)
[STDOUT  ] 2017-07-05T21:41:13.911121793Z: [    1.261609] ACPI: PCI Interrupt Link [LNKE] (IRQs 5 *10 11)
[STDOUT  ] 2017-07-05T21:41:13.912981575Z: [    1.263454] ACPI: PCI Interrupt Link [LNKF] (IRQs 5 *10 11)
[STDOUT  ] 2017-07-05T21:41:13.91470993Z: [    1.265209] ACPI: PCI Interrupt Link [LNKG] (IRQs 5 10 *11)
[STDOUT  ] 2017-07-05T21:41:13.916394969Z: [    1.266928] ACPI: PCI Interrupt Link [LNKH] (IRQs 5 10 *11)
[STDOUT  ] 2017-07-05T21:41:13.917097341Z: [    1.267696] ACPI: PCI Interrupt Link [GSIA] (IRQs *16)
[STDOUT  ] 2017-07-05T21:41:13.917696385Z: [    1.268256] ACPI: PCI Interrupt Link [GSIB] (IRQs *17)
[STDOUT  ] 2017-07-05T21:41:13.918326313Z: [    1.268878] ACPI: PCI Interrupt Link [GSIC] (IRQs *18)
[STDOUT  ] 2017-07-05T21:41:13.918900925Z: [    1.269485] ACPI: PCI Interrupt Link [GSID] (IRQs *19)
[STDOUT  ] 2017-07-05T21:41:13.91964452Z: [    1.270213] ACPI: PCI Interrupt Link [GSIE] (IRQs *20)
[STDOUT  ] 2017-07-05T21:41:13.920253229Z: [    1.270824] ACPI: PCI Interrupt Link [GSIF] (IRQs *21)
[STDOUT  ] 2017-07-05T21:41:13.920835799Z: [    1.271433] ACPI: PCI Interrupt Link [GSIG] (IRQs *22)
[STDOUT  ] 2017-07-05T21:41:13.921440197Z: [    1.272028] ACPI: PCI Interrupt Link [GSIH] (IRQs *23)
[STDOUT  ] 2017-07-05T21:41:13.925559119Z: [    1.275722] ACPI: Enabled 2 GPEs in block 00 to 3F
[STDOUT  ] 2017-07-05T21:41:13.929927315Z: [    1.280585] SCSI subsystem initialized
[STDOUT  ] 2017-07-05T21:41:13.931654029Z: [    1.282327] ACPI: bus type USB registered
[STDOUT  ] 2017-07-05T21:41:13.932787907Z: [    1.283393] usbcore: registered new interface driver usbfs
[STDOUT  ] 2017-07-05T21:41:13.933633172Z: [    1.284294] usbcore: registered new interface driver hub
[STDOUT  ] 2017-07-05T21:41:13.934319084Z: [    1.284991] usbcore: registered new device driver usb
[STDOUT  ] 2017-07-05T21:41:13.935309931Z: [    1.286010] pps_core: LinuxPPS API ver. 1 registered
[STDOUT  ] 2017-07-05T21:41:13.935757831Z: [    1.286275] pps_core: Software ver. 5.3.6 - Copyright 2005-2007 Rodolfo Giometti <giometti@linux.it>
[STDOUT  ] 2017-07-05T21:41:13.936105083Z: [    1.286834] PTP clock support registered
[STDOUT  ] 2017-07-05T21:41:13.937104893Z: [    1.287877] wmi: Mapper loaded
[STDOUT  ] 2017-07-05T21:41:13.938196574Z: [    1.288868] PCI: Using ACPI for IRQ routing
[STDOUT  ] 2017-07-05T21:41:13.95698114Z: [    1.307712] NetLabel: Initializing
[STDOUT  ] 2017-07-05T21:41:13.957290058Z: [    1.307956] NetLabel:  domain hash size = 128
[STDOUT  ] 2017-07-05T21:41:13.95758876Z: [    1.308247] NetLabel:  protocols = UNLABELED CIPSOv4
[STDOUT  ] 2017-07-05T21:41:13.959853658Z: [    1.310445] NetLabel:  unlabeled traffic allowed by default
[STDOUT  ] 2017-07-05T21:41:13.961018033Z: [    1.311547] HPET: 3 timers in total, 0 timers will be used for per-cpu timer
[STDOUT  ] 2017-07-05T21:41:13.961792091Z: [    1.312268] hpet0: at MMIO 0xfed00000, IRQs 2, 8, 0
[STDOUT  ] 2017-07-05T21:41:13.962138478Z: [    1.312749] hpet0: 3 comparators, 64-bit 100.000000 MHz counter
[STDOUT  ] 2017-07-05T21:41:13.971368385Z: [    1.321509] clocksource: Switched to clocksource hpet
[STDOUT  ] 2017-07-05T21:41:14.280603189Z: [    1.629503] VFS: Disk quotas dquot_6.6.0
[STDOUT  ] 2017-07-05T21:41:14.281604419Z: [    1.630419] VFS: Dquot-cache hash table entries: 512 (order 0, 4096 bytes)
[STDOUT  ] 2017-07-05T21:41:14.284200453Z: [    1.633224] FS-Cache: Loaded
[STDOUT  ] 2017-07-05T21:41:14.289493306Z: [    1.638483] CacheFiles: Loaded
[STDOUT  ] 2017-07-05T21:41:14.291219713Z: [    1.640260] pnp: PnP ACPI init
[STDOUT  ] 2017-07-05T21:41:14.302971473Z: [    1.651972] pnp: PnP ACPI: found 5 devices
[STDOUT  ] 2017-07-05T21:41:14.353717475Z: [    1.702440] clocksource: acpi_pm: mask: 0xffffff max_cycles: 0xffffff, max_idle_ns: 2085701024 ns
[STDOUT  ] 2017-07-05T21:41:14.35636309Z: [    1.705339] NET: Registered protocol family 2
[STDOUT  ] 2017-07-05T21:41:14.364322364Z: [    1.713139] TCP established hash table entries: 8192 (order: 4, 65536 bytes)
[STDOUT  ] 2017-07-05T21:41:14.365004984Z: [    1.713836] TCP bind hash table entries: 8192 (order: 5, 131072 bytes)
[STDOUT  ] 2017-07-05T21:41:14.365621022Z: [    1.714479] TCP: Hash tables configured (established 8192 bind 8192)
[STDOUT  ] 2017-07-05T21:41:14.367437438Z: [    1.716312] UDP hash table entries: 512 (order: 2, 16384 bytes)
[STDOUT  ] 2017-07-05T21:41:14.367950754Z: [    1.716818] UDP-Lite hash table entries: 512 (order: 2, 16384 bytes)
[STDOUT  ] 2017-07-05T21:41:14.370096426Z: [    1.719035] NET: Registered protocol family 1
[STDOUT  ] 2017-07-05T21:41:14.371317694Z: [    1.719919] pci 0000:00:01.0: Video device with shadowed ROM at [mem 0x000c0000-0x000dffff]
[STDOUT  ] 2017-07-05T21:41:14.378174625Z: [    1.727149] Unpacking initramfs...
[STDOUT  ] 2017-07-05T21:41:19.358446709Z: [    6.707176] Freeing initrd memory: 38728K (ffff8adcbda0d000 - ffff8adcbffdf000)
[STDOUT  ] 2017-07-05T21:41:19.383146974Z: [    6.732004] PCLMULQDQ-NI instructions are not detected.
[STDOUT  ] 2017-07-05T21:41:19.384385706Z: [    6.733181] AVX or AES-NI instructions are not detected.
[STDOUT  ] 2017-07-05T21:41:19.384789078Z: [    6.733698] CPU feature 'AVX registers' is not supported.
[STDOUT  ] 2017-07-05T21:41:19.385166869Z: [    6.734073] CPU feature 'AVX registers' is not supported.
[STDOUT  ] 2017-07-05T21:41:19.385597101Z: [    6.734457] CPU feature 'AVX registers' is not supported.
[STDOUT  ] 2017-07-05T21:41:19.385950097Z: [    6.734864] CPU feature 'AVX registers' is not supported.
[STDOUT  ] 2017-07-05T21:41:19.386310306Z: [    6.735216] AVX2 or AES-NI instructions are not detected.
[STDOUT  ] 2017-07-05T21:41:19.386628611Z: [    6.735578] AVX2 instructions are not detected.
[STDOUT  ] 2017-07-05T21:41:19.393822386Z: [    6.742668] audit: initializing netlink subsys (disabled)
[STDOUT  ] 2017-07-05T21:41:19.395362926Z: [    6.744212] audit: type=2000 audit(1499290877.740:1): initialized
[STDOUT  ] 2017-07-05T21:41:19.405119418Z: [    6.753907] workingset: timestamp_bits=46 max_order=18 bucket_order=0
[STDOUT  ] 2017-07-05T21:41:19.411733296Z: [    6.760596] FS-Cache: Netfs 'cifs' registered for caching
[STDOUT  ] 2017-07-05T21:41:19.412574269Z: [    6.761534] fuse init (API version 7.26)
[STDOUT  ] 2017-07-05T21:41:19.414864084Z: [    6.763684] SGI XFS with ACLs, security attributes, no debug enabled
[STDOUT  ] 2017-07-05T21:41:19.418413097Z: [    6.767295] 9p: Installing v9fs 9p2000 file system support
[STDOUT  ] 2017-07-05T21:41:19.418840831Z: [    6.767741] FS-Cache: Netfs '9p' registered for caching
[STDOUT  ] 2017-07-05T21:41:19.452081322Z: [    6.801020] NET: Registered protocol family 38
[STDOUT  ] 2017-07-05T21:41:19.452589882Z: [    6.801543] Key type asymmetric registered
[STDOUT  ] 2017-07-05T21:41:19.452937538Z: [    6.801879] Asymmetric key parser 'x509' registered
[STDOUT  ] 2017-07-05T21:41:19.453791464Z: [    6.802577] Block layer SCSI generic (bsg) driver version 0.4 loaded (major 251)
[STDOUT  ] 2017-07-05T21:41:19.454866332Z: [    6.803812] io scheduler noop registered
[STDOUT  ] 2017-07-05T21:41:19.455198433Z: [    6.804137] io scheduler deadline registered (default)
[STDOUT  ] 2017-07-05T21:41:19.455688955Z: [    6.804675] io scheduler cfq registered
[STDOUT  ] 2017-07-05T21:41:19.458505529Z: [    6.807386] pci_hotplug: PCI Hot Plug PCI Core version: 0.5
[STDOUT  ] 2017-07-05T21:41:19.459071097Z: [    6.807913] pciehp: PCI Express Hot Plug Controller Driver version: 0.4
[STDOUT  ] 2017-07-05T21:41:19.459879631Z: [    6.808694] shpchp: Standard Hot Plug PCI Controller Driver version: 0.4
[STDOUT  ] 2017-07-05T21:41:19.460574628Z: [    6.809485] hv_vmbus: registering driver hyperv_fb
[STDOUT  ] 2017-07-05T21:41:19.465461839Z: [    6.814231] input: Power Button as /devices/LNXSYSTM:00/LNXPWRBN:00/input/input0
[STDOUT  ] 2017-07-05T21:41:19.466233505Z: [    6.815223] ACPI: Power Button [PWRF]
[STDOUT  ] 2017-07-05T21:41:19.470992864Z: [    6.819862] GHES: HEST is not enabled!
[STDOUT  ] 2017-07-05T21:41:19.482806161Z: [    6.831678] ACPI: PCI Interrupt Link [GSIH] enabled at IRQ 23
[STDOUT  ] 2017-07-05T21:41:19.489168968Z: [    6.838001] xenfs: not registering filesystem on non-xen platform
[STDOUT  ] 2017-07-05T21:41:19.49120872Z: [    6.839966] Serial: 8250/16550 driver, 4 ports, IRQ sharing disabled
[STDOUT  ] 2017-07-05T21:41:19.521278847Z: [    6.869997] 00:04: ttyS0 at I/O 0x3f8 (irq = 4, base_baud = 115200) is a 16550A
[STDOUT  ] 2017-07-05T21:41:19.532463289Z: [    6.881440] Non-volatile memory driver v1.3
[STDOUT  ] 2017-07-05T21:41:19.539137944Z: [    6.887860] Hangcheck: starting hangcheck timer 0.9.1 (tick is 180 seconds, margin is 60 seconds).
[STDOUT  ] 2017-07-05T21:41:19.544277827Z: [    6.893239] random: fast init done
[STDOUT  ] 2017-07-05T21:41:19.545353276Z: [    6.894348] random: crng init done
[STDOUT  ] 2017-07-05T21:41:19.580076558Z: [    6.929012] loop: module loaded
[STDOUT  ] 2017-07-05T21:41:19.595389096Z: [    6.944347] nbd: registered device at major 43
[STDOUT  ] 2017-07-05T21:41:19.639595199Z: [    6.988451] lpc_ich 0000:00:1f.0: I/O space for GPIO uninitialized
[STDOUT  ] 2017-07-05T21:41:19.641489204Z: [    6.990404] VMware PVSCSI driver - version 1.0.7.0-k
[STDOUT  ] 2017-07-05T21:41:19.642226884Z: [    6.991136] hv_vmbus: registering driver hv_storvsc
[STDOUT  ] 2017-07-05T21:41:19.653282771Z: [    7.002139] ACPI: PCI Interrupt Link [GSIA] enabled at IRQ 16
[STDOUT  ] 2017-07-05T21:41:19.659322372Z: [    7.008030] ahci 0000:00:1f.2: AHCI 0001.0000 32 slots 6 ports 1.5 Gbps 0x3f impl SATA mode
[STDOUT  ] 2017-07-05T21:41:19.659755719Z: [    7.008668] ahci 0000:00:1f.2: flags: 64bit ncq only 
[STDOUT  ] 2017-07-05T21:41:19.68029425Z: [    7.029305] scsi host0: ahci
[STDOUT  ] 2017-07-05T21:41:19.684372873Z: [    7.033405] scsi host1: ahci
[STDOUT  ] 2017-07-05T21:41:19.686882258Z: [    7.035901] scsi host2: ahci
[STDOUT  ] 2017-07-05T21:41:19.689316837Z: [    7.038345] scsi host3: ahci
[STDOUT  ] 2017-07-05T21:41:19.691760105Z: [    7.040768] scsi host4: ahci
[STDOUT  ] 2017-07-05T21:41:19.693977001Z: [    7.042974] scsi host5: ahci
[STDOUT  ] 2017-07-05T21:41:19.696023825Z: [    7.044802] ata1: SATA max UDMA/133 abar m4096@0xfebf1000 port 0xfebf1100 irq 24
[STDOUT  ] 2017-07-05T21:41:19.69651983Z: [    7.045310] ata2: SATA max UDMA/133 abar m4096@0xfebf1000 port 0xfebf1180 irq 24
[STDOUT  ] 2017-07-05T21:41:19.696992057Z: [    7.045772] ata3: SATA max UDMA/133 abar m4096@0xfebf1000 port 0xfebf1200 irq 24
[STDOUT  ] 2017-07-05T21:41:19.697472486Z: [    7.046243] ata4: SATA max UDMA/133 abar m4096@0xfebf1000 port 0xfebf1280 irq 24
[STDOUT  ] 2017-07-05T21:41:19.697908825Z: [    7.046707] ata5: SATA max UDMA/133 abar m4096@0xfebf1000 port 0xfebf1300 irq 24
[STDOUT  ] 2017-07-05T21:41:19.698344596Z: [    7.047148] ata6: SATA max UDMA/133 abar m4096@0xfebf1000 port 0xfebf1380 irq 24
[STDOUT  ] 2017-07-05T21:41:19.711538156Z: [    7.060431] tun: Universal TUN/TAP device driver, 1.6
[STDOUT  ] 2017-07-05T21:41:19.711947631Z: [    7.060775] tun: (C) 1999-2004 Max Krasnyansky <maxk@qualcomm.com>
[STDOUT  ] 2017-07-05T21:41:19.714014566Z: [    7.062784] VMware vmxnet3 virtual NIC driver - version 1.4.a.0-k-NAPI
[STDOUT  ] 2017-07-05T21:41:19.714928075Z: [    7.063854] hv_vmbus: registering driver hv_netvsc
[STDOUT  ] 2017-07-05T21:41:19.715209494Z: [    7.064178] Fusion MPT base driver 3.04.20
[STDOUT  ] 2017-07-05T21:41:19.715508583Z: [    7.064436] Copyright (c) 1999-2008 LSI Corporation
[STDOUT  ] 2017-07-05T21:41:19.716059289Z: [    7.064990] Fusion MPT SPI Host driver 3.04.20
[STDOUT  ] 2017-07-05T21:41:19.718403933Z: [    7.067155] i8042: PNP: PS/2 Controller [PNP0303:KBD,PNP0f13:MOU] at 0x60,0x64 irq 1,12
[STDOUT  ] 2017-07-05T21:41:19.722701419Z: [    7.071599] serio: i8042 KBD port at 0x60,0x64 irq 1
[STDOUT  ] 2017-07-05T21:41:19.723255383Z: [    7.072167] serio: i8042 AUX port at 0x60,0x64 irq 12
[STDOUT  ] 2017-07-05T21:41:19.726103054Z: [    7.075052] hv_vmbus: registering driver hyperv_keyboard
[STDOUT  ] 2017-07-05T21:41:19.728162023Z: [    7.077030] mousedev: PS/2 mouse device common for all mice
[STDOUT  ] 2017-07-05T21:41:19.73333833Z: [    7.082033] input: AT Translated Set 2 keyboard as /devices/platform/i8042/serio0/input/input1
[STDOUT  ] 2017-07-05T21:41:19.735948479Z: [    7.084756] input: PC Speaker as /devices/platform/pcspkr/input/input2
[STDOUT  ] 2017-07-05T21:41:19.739272016Z: [    7.088189] rtc_cmos 00:00: RTC can wake from S4
[STDOUT  ] 2017-07-05T21:41:19.742704031Z: [    7.091606] rtc_cmos 00:00: rtc core: registered rtc_cmos as rtc0
[STDOUT  ] 2017-07-05T21:41:19.743798897Z: [    7.092647] rtc_cmos 00:00: alarms up to one day, y3k, 114 bytes nvram, hpet irqs
[STDOUT  ] 2017-07-05T21:41:19.744196457Z: [    7.093229] i2c /dev entries driver
[STDOUT  ] 2017-07-05T21:41:19.746092725Z: [    7.094923] device-mapper: ioctl: 4.35.0-ioctl (2016-06-23) initialised: dm-devel@redhat.com
[STDOUT  ] 2017-07-05T21:41:19.750442523Z: [    7.099298] usbcore: registered new interface driver usbhid
[STDOUT  ] 2017-07-05T21:41:19.750702805Z: [    7.099678] usbhid: USB HID core driver
[STDOUT  ] 2017-07-05T21:41:19.7515863Z: [    7.100519] hv_utils: Registering HyperV Utility Driver
[STDOUT  ] 2017-07-05T21:41:19.751827373Z: [    7.100810] hv_vmbus: registering driver hv_util
[STDOUT  ] 2017-07-05T21:41:19.752083564Z: [    7.101064] hv_vmbus: registering driver hv_balloon
[STDOUT  ] 2017-07-05T21:41:19.752480641Z: [    7.101486] oprofile: using NMI interrupt.
[STDOUT  ] 2017-07-05T21:41:19.753350045Z: [    7.102390] GACT probability on
[STDOUT  ] 2017-07-05T21:41:19.753724849Z: [    7.102765] Mirror/redirect action on
[STDOUT  ] 2017-07-05T21:41:19.754465619Z: [    7.103492] Simple TC action Loaded
[STDOUT  ] 2017-07-05T21:41:19.754917988Z: [    7.103996] u32 classifier
[STDOUT  ] 2017-07-05T21:41:19.755140622Z: [    7.104161]     Performance counters on
[STDOUT  ] 2017-07-05T21:41:19.755329621Z: [    7.104371]     input device check on
[STDOUT  ] 2017-07-05T21:41:19.755512098Z: [    7.104569]     Actions configured
[STDOUT  ] 2017-07-05T21:41:19.756057793Z: [    7.105038] Netfilter messages via NETLINK v0.30.
[STDOUT  ] 2017-07-05T21:41:19.756484854Z: [    7.105466] nfnl_acct: registering with nfnetlink.
[STDOUT  ] 2017-07-05T21:41:19.757811525Z: [    7.106670] nf_conntrack version 0.5.0 (8192 buckets, 32768 max)
[STDOUT  ] 2017-07-05T21:41:19.760914072Z: [    7.109775] ctnetlink v0.93: registering with nfnetlink.
[STDOUT  ] 2017-07-05T21:41:19.764175929Z: [    7.113071] nf_tables: (c) 2007-2009 Patrick McHardy <kaber@trash.net>
[STDOUT  ] 2017-07-05T21:41:19.764876091Z: [    7.113769] nf_tables_compat: (c) 2012 Pablo Neira Ayuso <pablo@netfilter.org>
[STDOUT  ] 2017-07-05T21:41:19.766894084Z: [    7.115882] xt_time: kernel timezone is -0000
[STDOUT  ] 2017-07-05T21:41:19.767268837Z: [    7.116313] ip_set: protocol 6
[STDOUT  ] 2017-07-05T21:41:19.76801178Z: [    7.116880] IPVS: Registered protocols (TCP, UDP, SCTP, AH, ESP)
[STDOUT  ] 2017-07-05T21:41:19.768597425Z: [    7.117393] IPVS: Connection hash table configured (size=4096, memory=64Kbytes)
[STDOUT  ] 2017-07-05T21:41:19.770028959Z: [    7.118962] IPVS: Creating netns size=2104 id=0
[STDOUT  ] 2017-07-05T21:41:19.772982978Z: [    7.121960] IPVS: ipvs loaded.
[STDOUT  ] 2017-07-05T21:41:19.773354721Z: [    7.122302] IPVS: [rr] scheduler registered.
[STDOUT  ] 2017-07-05T21:41:19.773672793Z: [    7.122622] IPVS: [wrr] scheduler registered.
[STDOUT  ] 2017-07-05T21:41:19.773978788Z: [    7.122919] IPVS: [lc] scheduler registered.
[STDOUT  ] 2017-07-05T21:41:19.774279576Z: [    7.123214] IPVS: [wlc] scheduler registered.
[STDOUT  ] 2017-07-05T21:41:19.774607744Z: [    7.123512] IPVS: [fo] scheduler registered.
[STDOUT  ] 2017-07-05T21:41:19.774900741Z: [    7.123844] IPVS: [ovf] scheduler registered.
[STDOUT  ] 2017-07-05T21:41:19.775289645Z: [    7.124244] IPVS: [lblc] scheduler registered.
[STDOUT  ] 2017-07-05T21:41:19.775701419Z: [    7.124629] IPVS: [lblcr] scheduler registered.
[STDOUT  ] 2017-07-05T21:41:19.776000012Z: [    7.124951] IPVS: [dh] scheduler registered.
[STDOUT  ] 2017-07-05T21:41:19.776282997Z: [    7.125238] IPVS: [sh] scheduler registered.
[STDOUT  ] 2017-07-05T21:41:19.776582894Z: [    7.125524] IPVS: [sed] scheduler registered.
[STDOUT  ] 2017-07-05T21:41:19.776868587Z: [    7.125815] IPVS: [nq] scheduler registered.
[STDOUT  ] 2017-07-05T21:41:19.777596392Z: [    7.126461] IPVS: ftp: loaded support on port[0] = 21
[STDOUT  ] 2017-07-05T21:41:19.778404793Z: [    7.127288] ipip: IPv4 and MPLS over IPv4 tunneling driver
[STDOUT  ] 2017-07-05T21:41:19.782991849Z: [    7.131875] gre: GRE over IPv4 demultiplexor driver
[STDOUT  ] 2017-07-05T21:41:19.785629095Z: [    7.134489] ip_tables: (C) 2000-2006 Netfilter Core Team
[STDOUT  ] 2017-07-05T21:41:19.788890309Z: [    7.137699] ipt_CLUSTERIP: ClusterIP Version 0.8 loaded successfully
[STDOUT  ] 2017-07-05T21:41:19.789539998Z: [    7.138399] arp_tables: arp_tables: (C) 2002 David S. Miller
[STDOUT  ] 2017-07-05T21:41:19.792044082Z: [    7.140980] NET: Registered protocol family 10
[STDOUT  ] 2017-07-05T21:41:19.800569657Z: [    7.149412] ip6_tables: (C) 2000-2006 Netfilter Core Team
[STDOUT  ] 2017-07-05T21:41:19.808999548Z: [    7.157926] NET: Registered protocol family 17
[STDOUT  ] 2017-07-05T21:41:19.809933275Z: [    7.158905] Bridge firewalling registered
[STDOUT  ] 2017-07-05T21:41:19.810404978Z: [    7.159385] Ebtables v2.0 registered
[STDOUT  ] 2017-07-05T21:41:19.812675284Z: [    7.161590] 8021q: 802.1Q VLAN Support v1.8
[STDOUT  ] 2017-07-05T21:41:19.81403761Z: [    7.162981] 9pnet: Installing 9P2000 support
[STDOUT  ] 2017-07-05T21:41:19.81538945Z: [    7.164328] Key type dns_resolver registered
[STDOUT  ] 2017-07-05T21:41:19.816428225Z: [    7.165310] microcode: AMD CPU family 0x6 not supported
[STDOUT  ] 2017-07-05T21:41:19.819987174Z: [    7.168924] registered taskstats version 1
[STDOUT  ] 2017-07-05T21:41:19.968078673Z: [    7.316933] Key type big_key registered
[STDOUT  ] 2017-07-05T21:41:20.023936368Z: [    7.372744] Key type encrypted registered
[STDOUT  ] 2017-07-05T21:41:20.029594964Z: [    7.378206] rtc_cmos 00:00: setting system clock to 2017-07-05 21:41:19 UTC (1499290879)
[STDOUT  ] 2017-07-05T21:41:20.036682596Z: [    7.385509] ata4: SATA link down (SStatus 0 SControl 300)
[STDOUT  ] 2017-07-05T21:41:20.039082872Z: [    7.387862] ata3: SATA link up 1.5 Gbps (SStatus 113 SControl 300)
[STDOUT  ] 2017-07-05T21:41:20.04165656Z: [    7.390490] ata2: SATA link down (SStatus 0 SControl 300)
[STDOUT  ] 2017-07-05T21:41:20.042225098Z: [    7.391023] ata1: SATA link up 1.5 Gbps (SStatus 113 SControl 300)
[STDOUT  ] 2017-07-05T21:41:20.044483692Z: [    7.393298] ata1.00: ATA-7: QEMU HARDDISK, 2.5+, max UDMA/100
[STDOUT  ] 2017-07-05T21:41:20.044980991Z: [    7.393774] ata1.00: 409600 sectors, multi 16: LBA48 NCQ (depth 31/32)
[STDOUT  ] 2017-07-05T21:41:20.04543942Z: [    7.394366] ata1.00: applying bridge limits
[STDOUT  ] 2017-07-05T21:41:20.046756865Z: [    7.395595] ata6: SATA link down (SStatus 0 SControl 300)
[STDOUT  ] 2017-07-05T21:41:20.047525751Z: [    7.396342] ata5: SATA link down (SStatus 0 SControl 300)
[STDOUT  ] 2017-07-05T21:41:20.048652002Z: [    7.397556] ata1.00: configured for UDMA/100
[STDOUT  ] 2017-07-05T21:41:20.051162301Z: [    7.399916] ata3.00: ATAPI: QEMU DVD-ROM, 2.5+, max UDMA/100
[STDOUT  ] 2017-07-05T21:41:20.051747922Z: [    7.400681] ata3.00: applying bridge limits
[STDOUT  ] 2017-07-05T21:41:20.056287193Z: [    7.405181] ata3.00: configured for UDMA/100
[STDOUT  ] 2017-07-05T21:41:20.067399517Z: [    7.416014] scsi 0:0:0:0: Direct-Access     ATA      QEMU HARDDISK    2.5+ PQ: 0 ANSI: 5
[STDOUT  ] 2017-07-05T21:41:20.074990748Z: [    7.423713] sd 0:0:0:0: [sda] 409600 512-byte logical blocks: (210 MB/200 MiB)
[STDOUT  ] 2017-07-05T21:41:20.079438758Z: [    7.428223] sd 0:0:0:0: Attached scsi generic sg0 type 0
[STDOUT  ] 2017-07-05T21:41:20.080983843Z: [    7.429799] sd 0:0:0:0: [sda] Write Protect is off
[STDOUT  ] 2017-07-05T21:41:20.083967921Z: [    7.432539] sd 0:0:0:0: [sda] Write cache: enabled, read cache: enabled, doesn't support DPO or FUA
[STDOUT  ] 2017-07-05T21:41:20.08874446Z: [    7.437398] scsi 2:0:0:0: CD-ROM            QEMU     QEMU DVD-ROM     2.5+ PQ: 0 ANSI: 5
[STDOUT  ] 2017-07-05T21:41:20.103952878Z: [    7.452917]  sda: sda1
[STDOUT  ] 2017-07-05T21:41:20.114186636Z: [    7.462904] sr 2:0:0:0: [sr0] scsi3-mmc drive: 4x/4x cd/rw xa/form2 tray
[STDOUT  ] 2017-07-05T21:41:20.114723986Z: [    7.463592] cdrom: Uniform CD-ROM driver Revision: 3.20
[STDOUT  ] 2017-07-05T21:41:20.122992011Z: [    7.471865] sd 0:0:0:0: [sda] Attached SCSI disk
[STDOUT  ] 2017-07-05T21:41:20.123675763Z: [    7.472535] sr 2:0:0:0: Attached scsi generic sg1 type 5
[STDOUT  ] 2017-07-05T21:41:20.256981815Z: [    7.605557] Freeing unused kernel memory: 1372K (ffffffff8bd57000 - ffffffff8beae000)
[STDOUT  ] 2017-07-05T21:41:20.257540942Z: [    7.606303] Write protecting the kernel read-only data: 12288k
[STDOUT  ] 2017-07-05T21:41:20.263843809Z: [    7.612497] Freeing unused kernel memory: 160K (ffff8adcb27d8000 - ffff8adcb2800000)
[STDOUT  ] 2017-07-05T21:41:20.355701504Z: [    7.704331] Freeing unused kernel memory: 1404K (ffff8adcb2aa1000 - ffff8adcb2c00000)
[STDOUT  ] 2017-07-05T21:41:20.411926323Z: [    7.760589] tsc: Refined TSC clocksource calibration: 2300.035 MHz
[STDOUT  ] 2017-07-05T21:41:20.412770288Z: [    7.761262] clocksource: tsc: mask: 0xffffffffffffffff max_cycles: 0x21275623ef1, max_idle_ns: 440795252285 ns
[STDOUT  ] 2017-07-05T21:41:21.431914615Z: [    8.780700] clocksource: Switched to clocksource tsc
[STDOUT  ] 2017-07-05T21:41:25.916611454Z: [   13.265187] e1000: Intel(R) PRO/1000 Network Driver - version 7.3.21-k8-NAPI
[STDOUT  ] 2017-07-05T21:41:25.917077546Z: [   13.265853] e1000: Copyright (c) 1999-2006 Intel Corporation.
[STDOUT  ] 2017-07-05T21:41:25.936798668Z: [   13.285524] ACPI: PCI Interrupt Link [GSIG] enabled at IRQ 22
[STDOUT  ] 2017-07-05T21:41:26.296995044Z: [   13.645641] e1000 0000:00:02.0 eth0: (PCI:33MHz:32-bit) 52:54:00:12:34:56
[STDOUT  ] 2017-07-05T21:41:26.297860437Z: [   13.646514] e1000 0000:00:02.0 eth0: Intel(R) PRO/1000 Network Connection
[STDOUT  ] 2017-07-05T21:41:26.703808465Z: 
[STDOUT  ] 2017-07-05T21:41:26.704677119Z: Starting containerd
[STDOUT  ] 2017-07-05T21:41:26.776803469Z: 
[STDOUT  ] 2017-07-05T21:41:26.777072979Z: Welcome to LinuxKit
[STDOUT  ] 2017-07-05T21:41:26.777164734Z: 
[STDOUT  ] 2017-07-05T21:41:26.777583702Z:                         ##         .
[STDOUT  ] 2017-07-05T21:41:26.777944767Z:                   ## ## ##        ==
[STDOUT  ] 2017-07-05T21:41:26.778305198Z:                ## ## ## ## ##    ===
[STDOUT  ] 2017-07-05T21:41:26.778703574Z:            /"""""""""""""""""\___/ ===
[STDOUT  ] 2017-07-05T21:41:26.779094138Z:           {                       /  ===-
[STDOUT  ] 2017-07-05T21:41:26.779441477Z:            \______ O           __/
[STDOUT  ] 2017-07-05T21:41:26.779759968Z:              \    \         __/
[STDOUT  ] 2017-07-05T21:41:26.780038761Z:               \____\_______/
[STDOUT  ] 2017-07-05T21:41:26.780138189Z: 
[STDOUT  ] 2017-07-05T21:41:27.152276781Z: [34mINFO[0m[0000] starting containerd boot...                   [34mmodule[0m=containerd
[STDOUT  ] 2017-07-05T21:41:27.164141942Z: [34mINFO[0m[0000] starting debug API...                         [34mdebug[0m="/run/containerd/debug.sock" [34mmodule[0m=containerd
[STDOUT  ] 2017-07-05T21:41:27.16942708Z: [34mINFO[0m[0000] loading plugin "io.containerd.content.v1.content"...  [34mmodule[0m=containerd [34mtype[0m=io.containerd.content.v1
[STDOUT  ] 2017-07-05T21:41:27.172587312Z: [34mINFO[0m[0000] loading plugin "io.containerd.snapshotter.v1.btrfs"...  [34mmodule[0m=containerd [34mtype[0m=io.containerd.snapshotter.v1
[STDOUT  ] 2017-07-05T21:41:27.174075456Z: [34mINFO[0m[0000] loading plugin "io.containerd.snapshotter.v1.overlayfs"...  [34mmodule[0m=containerd [34mtype[0m=io.containerd.snapshotter.v1
[STDOUT  ] 2017-07-05T21:41:27.179844219Z: [34mINFO[0m[0000] loading plugin "io.containerd.differ.v1.base-diff"...  [34mmodule[0m=containerd [34mtype[0m=io.containerd.differ.v1
[STDOUT  ] 2017-07-05T21:41:27.182166399Z: [34mINFO[0m[0000] loading plugin "io.containerd.metadata.v1.bolt"...  [34mmodule[0m=containerd [34mtype[0m=io.containerd.metadata.v1
[STDOUT  ] 2017-07-05T21:41:27.188352148Z: [34mINFO[0m[0000] loading plugin "io.containerd.grpc.v1.containers"...  [34mmodule[0m=containerd [34mtype[0m=io.containerd.grpc.v1
[STDOUT  ] 2017-07-05T21:41:27.19031501Z: [34mINFO[0m[0000] loading plugin "io.containerd.grpc.v1.content"...  [34mmodule[0m=containerd [34mtype[0m=io.containerd.grpc.v1
[STDOUT  ] 2017-07-05T21:41:27.192082425Z: [34mINFO[0m[0000] loading plugin "io.containerd.grpc.v1.diff"...  [34mmodule[0m=containerd [34mtype[0m=io.containerd.grpc.v1
[STDOUT  ] 2017-07-05T21:41:27.194429242Z: [34mINFO[0m[0000] loading plugin "io.containerd.monitor.v1.cgroups"...  [34mmodule[0m=containerd [34mtype[0m=io.containerd.monitor.v1
[STDOUT  ] 2017-07-05T21:41:27.21020931Z: [34mINFO[0m[0000] loading plugin "io.containerd.runtime.v1.linux"...  [34mmodule[0m=containerd [34mtype[0m=io.containerd.runtime.v1
[STDOUT  ] 2017-07-05T21:41:27.213403586Z: [34mINFO[0m[0000] loading plugin "io.containerd.grpc.v1.tasks"...  [34mmodule[0m=containerd [34mtype[0m=io.containerd.grpc.v1
[STDOUT  ] 2017-07-05T21:41:27.216208322Z: [34mINFO[0m[0000] loading plugin "io.containerd.grpc.v1.healthcheck"...  [34mmodule[0m=containerd [34mtype[0m=io.containerd.grpc.v1
[STDOUT  ] 2017-07-05T21:41:27.217795627Z: [34mINFO[0m[0000] loading plugin "io.containerd.grpc.v1.images"...  [34mmodule[0m=containerd [34mtype[0m=io.containerd.grpc.v1
[STDOUT  ] 2017-07-05T21:41:27.219356782Z: [34mINFO[0m[0000] loading plugin "io.containerd.grpc.v1.namespaces"...  [34mmodule[0m=containerd [34mtype[0m=io.containerd.grpc.v1
[STDOUT  ] 2017-07-05T21:41:27.221367545Z: [34mINFO[0m[0000] loading plugin "io.containerd.grpc.v1.snapshots"...  [34mmodule[0m=containerd [34mtype[0m=io.containerd.grpc.v1
[STDOUT  ] 2017-07-05T21:41:27.223140806Z: [34mINFO[0m[0000] loading plugin "io.containerd.grpc.v1.version"...  [34mmodule[0m=containerd [34mtype[0m=io.containerd.grpc.v1
[STDOUT  ] 2017-07-05T21:41:27.335990943Z: [34mINFO[0m[0000] starting GRPC API server...                   [34mmodule[0m=containerd
[STDOUT  ] 2017-07-05T21:41:27.340797212Z: [34mINFO[0m[0000] containerd successfully booted in 0.208126s   [34mmodule[0m=containerd
[STDOUT  ] 2017-07-05T21:41:59.110583112Z: [   46.459297] sd 0:0:0:0: [sda] Synchronizing SCSI cache
[STDOUT  ] 2017-07-05T21:41:59.112060379Z: [   46.460900] sd 0:0:0:0: [sda] Stopping disk
[STDOUT  ] 2017-07-05T21:41:59.114821432Z: [   46.463567] ACPI: Preparing to enter system sleep state S5
[STDOUT  ] 2017-07-05T21:41:59.115879937Z: [   46.464810] reboot: Power down
[STDERR  ] 2017-07-05T21:41:59.24976929Z: + exit 0
[STDERR  ] 2017-07-05T21:41:59.24979262Z: + clean_up
[STDERR  ] 2017-07-05T21:41:59.249806456Z: + find . -depth -iname run* -not -iname *.yml -exec rm -rf {} ;
[STDERR  ] 2017-07-05T21:41:59.270990265Z: + find . -depth -iname mkimage* -not -iname *.yml -exec rm -rf {} ;
[STDERR  ] 2017-07-05T21:41:59.293776878Z: + find . -depth -iname disk.qcow2* -not -iname *.yml -exec rm -rf {} ;
[STDERR  ] 2017-07-05T21:41:59.31758906Z: + rm -f tarball.img
[PASS    ] linuxkit.packages.mkimage 194.49s
