[INFO    ] 2018-09-03T20:23:59.854178981Z: Running Test linuxkit.packages.binfmt in /tmp/with_clone6cc2006/test/cases/040_packages/002_binfmt
[INFO    ] 2018-09-03T20:23:59.854400637Z: Running command: [/bin/sh -x /tmp/with_clone6cc2006/test/cases/040_packages/002_binfmt/test.sh]
[STDERR  ] 2018-09-03T20:23:59.855396549Z: + set -e
[STDERR  ] 2018-09-03T20:23:59.855503516Z: + . /tmp/with_clone6cc2006/test/cases/_lib/lib.sh
[STDERR  ] 2018-09-03T20:23:59.855549619Z: + [ -f src/github.com/linuxkit/rtf/lib/lib.sh ]
[STDERR  ] 2018-09-03T20:23:59.855582232Z: + LINUXKIT_TMPDIR=/tmp/with_clone6cc2006/test/cases/_tmp
[STDERR  ] 2018-09-03T20:23:59.855632206Z: + [ -f /tmp/with_clone6cc2006/test/cases/_tmp/env.sh ]
[STDERR  ] 2018-09-03T20:23:59.855671540Z: + . /tmp/with_clone6cc2006/test/cases/_tmp/env.sh
[STDERR  ] 2018-09-03T20:23:59.855705044Z: + export LINUXKIT_EXAMPLES_DIR=/tmp/with_clone6cc2006/test/cases/../../examples
[STDERR  ] 2018-09-03T20:23:59.855735678Z: + RT_CANCEL=253
[STDERR  ] 2018-09-03T20:23:59.855775191Z: + NAME=binfmt
[STDERR  ] 2018-09-03T20:23:59.855802627Z: + trap clean_up EXIT
[STDERR  ] 2018-09-03T20:23:59.855834675Z: + linuxkit build -format kernel+initrd -name binfmt test.yml
[STDERR  ] 2018-09-03T20:23:59.916678600Z: Extract kernel image: linuxkit/kernel:4.14.67
[STDERR  ] 2018-09-03T20:24:05.104619365Z: Add init containers:
[STDERR  ] 2018-09-03T20:24:05.104756893Z: Process init image: linuxkit/init:e24105ebb339e1a2e578fde7ec8bccf844a633d5
[STDERR  ] 2018-09-03T20:24:06.753030487Z: Process init image: linuxkit/runc:1dc6559fd0a9a332c740312637af0c3fbe6bafa3
[STDERR  ] 2018-09-03T20:24:08.256127314Z: Add onboot containers:
[STDERR  ] 2018-09-03T20:24:08.256251879Z:   Create OCI config for linuxkit/binfmt:v0.6
[STDERR  ] 2018-09-03T20:24:10.720876848Z:   Create OCI config for alpine:3.8
[STDERR  ] 2018-09-03T20:24:12.224795697Z:   Create OCI config for linuxkit/poweroff:afe8f7dd0d47a7991c54519b0f09124cb8c4e300
[STDERR  ] 2018-09-03T20:24:13.728972261Z: Add files:
[STDERR  ] 2018-09-03T20:24:13.729078177Z:   check.sh
[STDERR  ] 2018-09-03T20:24:13.729114069Z: Create outputs:
[STDERR  ] 2018-09-03T20:24:23.648021943Z:   binfmt-kernel binfmt-initrd.img binfmt-cmdline
[STDERR  ] 2018-09-03T20:24:23.778511970Z: + linuxkit run binfmt
[STDERR  ] 2018-09-03T20:25:27.412491697Z: + RESULT=[    0.000000] Linux version 4.14.67-linuxkit (root@abc0ed7ade08) (gcc version 6.4.0 (Alpine 6.4.0)) #1 SMP Tue Aug 28 07:07:17 UTC 2018
[STDERR  ] 2018-09-03T20:25:27.412639866Z: [    0.000000] Command line: console=ttyS0 console=ttyAMA0
[STDERR  ] 2018-09-03T20:25:27.412668227Z: [    0.000000] x86/fpu: x87 FPU will use FXSAVE
[STDERR  ] 2018-09-03T20:25:27.412695515Z: [    0.000000] e820: BIOS-provided physical RAM map:
[STDERR  ] 2018-09-03T20:25:27.412722393Z: [    0.000000] BIOS-e820: [mem 0x0000000000000000-0x000000000009fbff] usable
[STDERR  ] 2018-09-03T20:25:27.412748119Z: [    0.000000] BIOS-e820: [mem 0x000000000009fc00-0x000000000009ffff] reserved
[STDERR  ] 2018-09-03T20:25:27.412772905Z: [    0.000000] BIOS-e820: [mem 0x00000000000f0000-0x00000000000fffff] reserved
[STDERR  ] 2018-09-03T20:25:27.412796549Z: [    0.000000] BIOS-e820: [mem 0x0000000000100000-0x000000003ffdefff] usable
[STDERR  ] 2018-09-03T20:25:27.412820703Z: [    0.000000] BIOS-e820: [mem 0x000000003ffdf000-0x000000003fffffff] reserved
[STDERR  ] 2018-09-03T20:25:27.412844694Z: [    0.000000] BIOS-e820: [mem 0x00000000b0000000-0x00000000bfffffff] reserved
[STDERR  ] 2018-09-03T20:25:27.412868948Z: [    0.000000] BIOS-e820: [mem 0x00000000fed1c000-0x00000000fed1ffff] reserved
[STDERR  ] 2018-09-03T20:25:27.412986167Z: [    0.000000] BIOS-e820: [mem 0x00000000fffc0000-0x00000000ffffffff] reserved
[STDERR  ] 2018-09-03T20:25:27.413020002Z: [    0.000000] NX (Execute Disable) protection: active
[STDERR  ] 2018-09-03T20:25:27.413044266Z: [    0.000000] SMBIOS 2.8 present.
[STDERR  ] 2018-09-03T20:25:27.413068774Z: [    0.000000] DMI: QEMU Standard PC (Q35 + ICH9, 2009), BIOS rel-1.10.2-0-g5f4c7b1-prebuilt.qemu-project.org 04/01/2014
[STDERR  ] 2018-09-03T20:25:27.413106835Z: [    0.000000] tsc: Fast TSC calibration using PIT
[STDERR  ] 2018-09-03T20:25:27.413155664Z: [    0.000000] e820: last_pfn = 0x3ffdf max_arch_pfn = 0x400000000
[STDERR  ] 2018-09-03T20:25:27.413204015Z: [    0.000000] x86/PAT: Configuration [0-7]: WB  WC  UC- UC  WB  WP  UC- WT  
[STDERR  ] 2018-09-03T20:25:27.413227856Z: [    0.000000] found SMP MP-table at [mem 0x000f6aa0-0x000f6aaf] mapped at [ffffffffff200aa0]
[STDERR  ] 2018-09-03T20:25:27.413252278Z: [    0.000000] RAMDISK: [mem 0x3c2a5000-0x3ffcffff]
[STDERR  ] 2018-09-03T20:25:27.413275951Z: [    0.000000] ACPI: Early table checksum verification disabled
[STDERR  ] 2018-09-03T20:25:27.413299827Z: [    0.000000] ACPI: RSDP 0x00000000000F68C0 000014 (v00 BOCHS )
[STDERR  ] 2018-09-03T20:25:27.413326158Z: [    0.000000] ACPI: RSDT 0x000000003FFE2404 000034 (v01 BOCHS  BXPCRSDT 00000001 BXPC 00000001)
[STDERR  ] 2018-09-03T20:25:27.413348673Z: [    0.000000] ACPI: FACP 0x000000003FFE22A4 000074 (v01 BOCHS  BXPCFACP 00000001 BXPC 00000001)
[STDERR  ] 2018-09-03T20:25:27.413370613Z: [    0.000000] ACPI: DSDT 0x000000003FFE0040 002264 (v01 BOCHS  BXPCDSDT 00000001 BXPC 00000001)
[STDERR  ] 2018-09-03T20:25:27.413405211Z: [    0.000000] ACPI: FACS 0x000000003FFE0000 000040
[STDERR  ] 2018-09-03T20:25:27.413428145Z: [    0.000000] ACPI: APIC 0x000000003FFE2318 000078 (v01 BOCHS  BXPCAPIC 00000001 BXPC 00000001)
[STDERR  ] 2018-09-03T20:25:27.413450224Z: [    0.000000] ACPI: HPET 0x000000003FFE2390 000038 (v01 BOCHS  BXPCHPET 00000001 BXPC 00000001)
[STDERR  ] 2018-09-03T20:25:27.413480997Z: [    0.000000] ACPI: MCFG 0x000000003FFE23C8 00003C (v01 BOCHS  BXPCMCFG 00000001 BXPC 00000001)
[STDERR  ] 2018-09-03T20:25:27.413505068Z: [    0.000000] Zone ranges:
[STDERR  ] 2018-09-03T20:25:27.413529208Z: [    0.000000]   DMA      [mem 0x0000000000001000-0x0000000000ffffff]
[STDERR  ] 2018-09-03T20:25:27.413552322Z: [    0.000000]   DMA32    [mem 0x0000000001000000-0x000000003ffdefff]
[STDERR  ] 2018-09-03T20:25:27.413577273Z: [    0.000000]   Normal   empty
[STDERR  ] 2018-09-03T20:25:27.413615619Z: [    0.000000]   Device   empty
[STDERR  ] 2018-09-03T20:25:27.413644271Z: [    0.000000] Movable zone start for each node
[STDERR  ] 2018-09-03T20:25:27.413681267Z: [    0.000000] Early memory node ranges
[STDERR  ] 2018-09-03T20:25:27.413709368Z: [    0.000000]   node   0: [mem 0x0000000000001000-0x000000000009efff]
[STDERR  ] 2018-09-03T20:25:27.413736703Z: [    0.000000]   node   0: [mem 0x0000000000100000-0x000000003ffdefff]
[STDERR  ] 2018-09-03T20:25:27.413771151Z: [    0.000000] Initmem setup node 0 [mem 0x0000000000001000-0x000000003ffdefff]
[STDERR  ] 2018-09-03T20:25:27.413804699Z: [    0.000000] ACPI: PM-Timer IO Port: 0x608
[STDERR  ] 2018-09-03T20:25:27.413832330Z: [    0.000000] ACPI: LAPIC_NMI (acpi_id[0xff] dfl dfl lint[0x1])
[STDERR  ] 2018-09-03T20:25:27.413869307Z: [    0.000000] IOAPIC[0]: apic_id 0, version 32, address 0xfec00000, GSI 0-23
[STDERR  ] 2018-09-03T20:25:27.413902237Z: [    0.000000] ACPI: INT_SRC_OVR (bus 0 bus_irq 0 global_irq 2 dfl dfl)
[STDERR  ] 2018-09-03T20:25:27.413939300Z: [    0.000000] ACPI: INT_SRC_OVR (bus 0 bus_irq 5 global_irq 5 high level)
[STDERR  ] 2018-09-03T20:25:27.413975205Z: [    0.000000] ACPI: INT_SRC_OVR (bus 0 bus_irq 9 global_irq 9 high level)
[STDERR  ] 2018-09-03T20:25:27.414063125Z: [    0.000000] ACPI: INT_SRC_OVR (bus 0 bus_irq 10 global_irq 10 high level)
[STDERR  ] 2018-09-03T20:25:27.414089228Z: [    0.000000] ACPI: INT_SRC_OVR (bus 0 bus_irq 11 global_irq 11 high level)
[STDERR  ] 2018-09-03T20:25:27.414115590Z: [    0.000000] Using ACPI (MADT) for SMP configuration information
[STDERR  ] 2018-09-03T20:25:27.414143174Z: [    0.000000] ACPI: HPET id: 0x8086a201 base: 0xfed00000
[STDERR  ] 2018-09-03T20:25:27.414179718Z: [    0.000000] smpboot: Allowing 1 CPUs, 0 hotplug CPUs
[STDERR  ] 2018-09-03T20:25:27.414218613Z: [    0.000000] e820: [mem 0x40000000-0xafffffff] available for PCI devices
[STDERR  ] 2018-09-03T20:25:27.414249783Z: [    0.000000] Booting paravirtualized kernel on bare hardware
[STDERR  ] 2018-09-03T20:25:27.414282948Z: [    0.000000] clocksource: refined-jiffies: mask: 0xffffffff max_cycles: 0xffffffff, max_idle_ns: 1910969940391419 ns
[STDERR  ] 2018-09-03T20:25:27.414313611Z: [    0.000000] random: get_random_bytes called from start_kernel+0x92/0x4cb with crng_init=0
[STDERR  ] 2018-09-03T20:25:27.414338153Z: [    0.000000] setup_percpu: NR_CPUS:128 nr_cpumask_bits:128 nr_cpu_ids:1 nr_node_ids:1
[STDERR  ] 2018-09-03T20:25:27.414361428Z: [    0.000000] percpu: Embedded 45 pages/cpu @ffff8d7fbc000000 s144280 r8192 d31848 u2097152
[STDERR  ] 2018-09-03T20:25:27.414384479Z: [    0.000000] Built 1 zonelists, mobility grouping on.  Total pages: 257896
[STDERR  ] 2018-09-03T20:25:27.414428289Z: [    0.000000] Kernel command line: console=ttyS0 console=ttyAMA0
[STDERR  ] 2018-09-03T20:25:27.414452088Z: [    0.000000] PID hash table entries: 4096 (order: 3, 32768 bytes)
[STDERR  ] 2018-09-03T20:25:27.414475399Z: [    0.000000] Dentry cache hash table entries: 131072 (order: 8, 1048576 bytes)
[STDERR  ] 2018-09-03T20:25:27.414499079Z: [    0.000000] Inode-cache hash table entries: 65536 (order: 7, 524288 bytes)
[STDERR  ] 2018-09-03T20:25:27.414529188Z: [    0.000000] Memory: 942208K/1048052K available (12300K kernel code, 1447K rwdata, 2964K rodata, 1512K init, 628K bss, 105844K reserved, 0K cma-reserved)
[STDERR  ] 2018-09-03T20:25:27.414632722Z: [    0.000000] ftrace: allocating 40632 entries in 159 pages
[STDERR  ] 2018-09-03T20:25:27.414656326Z: [    0.000000] Hierarchical RCU implementation.
[STDERR  ] 2018-09-03T20:25:27.414679902Z: [    0.000000] 	RCU restricting CPUs from NR_CPUS=128 to nr_cpu_ids=1.
[STDERR  ] 2018-09-03T20:25:27.414710510Z: [    0.000000] RCU: Adjusting geometry for rcu_fanout_leaf=16, nr_cpu_ids=1
[STDERR  ] 2018-09-03T20:25:27.414734287Z: [    0.000000] NR_IRQS: 8448, nr_irqs: 256, preallocated irqs: 16
[STDERR  ] 2018-09-03T20:25:27.414758114Z: [    0.000000] Console: colour VGA+ 80x25
[STDERR  ] 2018-09-03T20:25:27.414781057Z: [    0.000000] console [ttyS0] enabled
[STDERR  ] 2018-09-03T20:25:27.414809188Z: [    0.000000] clocksource: hpet: mask: 0xffffffff max_cycles: 0xffffffff, max_idle_ns: 19112604467 ns
[STDERR  ] 2018-09-03T20:25:27.414832793Z: [    0.003000] tsc: Fast TSC calibration using PIT
[STDERR  ] 2018-09-03T20:25:27.414857759Z: [    0.004000] tsc: Detected 2599.999 MHz processor
[STDERR  ] 2018-09-03T20:25:27.414890360Z: [    0.008408] Calibrating delay loop (skipped), value calculated using timer frequency.. 5199.99 BogoMIPS (lpj=2599999)
[STDERR  ] 2018-09-03T20:25:27.414914446Z: [    0.010051] pid_max: default: 32768 minimum: 301
[STDERR  ] 2018-09-03T20:25:27.414937163Z: [    0.011181] ACPI: Core revision 20170728
[STDERR  ] 2018-09-03T20:25:27.414968158Z: [    0.057247] ACPI: 1 ACPI AML tables successfully acquired and loaded
[STDERR  ] 2018-09-03T20:25:27.415003219Z: [    0.062211] Security Framework initialized
[STDERR  ] 2018-09-03T20:25:27.415031381Z: [    0.062782] Yama: becoming mindful.
[STDERR  ] 2018-09-03T20:25:27.415055108Z: [    0.065595] Mount-cache hash table entries: 2048 (order: 2, 16384 bytes)
[STDERR  ] 2018-09-03T20:25:27.415077701Z: [    0.066094] Mountpoint-cache hash table entries: 2048 (order: 2, 16384 bytes)
[STDERR  ] 2018-09-03T20:25:27.415100732Z: [    0.088254] Last level iTLB entries: 4KB 0, 2MB 0, 4MB 0
[STDERR  ] 2018-09-03T20:25:27.415123839Z: [    0.088863] Last level dTLB entries: 4KB 0, 2MB 0, 4MB 0, 1GB 0
[STDERR  ] 2018-09-03T20:25:27.415146822Z: [    0.089184] Spectre V2 : Spectre mitigation: LFENCE not serializing, switching to generic retpoline
[STDERR  ] 2018-09-03T20:25:27.415212142Z: [    0.090061] Spectre V2 : Mitigation: Full generic retpoline
[STDERR  ] 2018-09-03T20:25:27.415245770Z: [    0.091055] Spectre V2 : Spectre v2 / SpectreRSB mitigation: Filling RSB on context switch
[STDERR  ] 2018-09-03T20:25:27.415279897Z: [    0.092090] Speculative Store Bypass: Vulnerable
[STDERR  ] 2018-09-03T20:25:27.415306945Z: [    0.256397] random: fast init done
[STDERR  ] 2018-09-03T20:25:27.415332465Z: [    0.415187] Freeing SMP alternatives memory: 20K
[STDERR  ] 2018-09-03T20:25:27.415373967Z: [    0.440521] smpboot: Max logical packages: 1
[STDERR  ] 2018-09-03T20:25:27.415425988Z: [    0.448000] ..TIMER: vector=0x30 apic1=0 pin1=2 apic2=-1 pin2=-1
[STDERR  ] 2018-09-03T20:25:27.415446045Z: [    0.458000] smpboot: CPU0: AMD QEMU Virtual CPU version 2.5+ (family: 0x6, model: 0x6, stepping: 0x3)
[STDERR  ] 2018-09-03T20:25:27.415465297Z: [    0.465332] Performance Events: PMU not available due to virtualization, using software events only.
[STDERR  ] 2018-09-03T20:25:27.415484410Z: [    0.469266] Hierarchical SRCU implementation.
[STDERR  ] 2018-09-03T20:25:27.415505856Z: [    0.475460] NMI watchdog: Perf event create on CPU 0 failed with -2
[STDERR  ] 2018-09-03T20:25:27.415524865Z: [    0.476070] NMI watchdog: Perf NMI watchdog permanently disabled
[STDERR  ] 2018-09-03T20:25:27.415545796Z: [    0.481230] smp: Bringing up secondary CPUs ...
[STDERR  ] 2018-09-03T20:25:27.415564348Z: [    0.481765] smp: Brought up 1 node, 1 CPU
[STDERR  ] 2018-09-03T20:25:27.415583089Z: [    0.482153] smpboot: Total of 1 processors activated (5199.99 BogoMIPS)
[STDERR  ] 2018-09-03T20:25:27.415601780Z: [    0.499533] devtmpfs: initialized
[STDERR  ] 2018-09-03T20:25:27.415620240Z: [    0.506195] x86/mm: Memory block size: 128MB
[STDERR  ] 2018-09-03T20:25:27.415639363Z: [    0.513893] evm: security.ima
[STDERR  ] 2018-09-03T20:25:27.415679665Z: [    0.514060] evm: security.capability
[STDERR  ] 2018-09-03T20:25:27.415710390Z: [    0.518540] clocksource: jiffies: mask: 0xffffffff max_cycles: 0xffffffff, max_idle_ns: 1911260446275000 ns
[STDERR  ] 2018-09-03T20:25:27.415731943Z: [    0.520067] futex hash table entries: 256 (order: 2, 16384 bytes)
[STDERR  ] 2018-09-03T20:25:27.415750893Z: [    0.533399] NET: Registered protocol family 16
[STDERR  ] 2018-09-03T20:25:27.415769815Z: [    0.541861] cpuidle: using governor ladder
[STDERR  ] 2018-09-03T20:25:27.415788407Z: [    0.542187] cpuidle: using governor menu
[STDERR  ] 2018-09-03T20:25:27.415814151Z: [    0.544652] ACPI: bus type PCI registered
[STDERR  ] 2018-09-03T20:25:27.415838799Z: [    0.549468] PCI: MMCONFIG for domain 0000 [bus 00-ff] at [mem 0xb0000000-0xbfffffff] (base 0xb0000000)
[STDERR  ] 2018-09-03T20:25:27.415869921Z: [    0.551053] PCI: MMCONFIG at [mem 0xb0000000-0xbfffffff] reserved in E820
[STDERR  ] 2018-09-03T20:25:27.415889996Z: [    0.552674] PCI: Using configuration type 1 for base access
[STDERR  ] 2018-09-03T20:25:27.415915107Z: [    0.623205] HugeTLB registered 2.00 MiB page size, pre-allocated 0 pages
[STDERR  ] 2018-09-03T20:25:27.415938978Z: [    0.635817] ACPI: Added _OSI(Module Device)
[STDERR  ] 2018-09-03T20:25:27.415960701Z: [    0.636075] ACPI: Added _OSI(Processor Device)
[STDERR  ] 2018-09-03T20:25:27.415979187Z: [    0.637041] ACPI: Added _OSI(3.0 _SCP Extensions)
[STDERR  ] 2018-09-03T20:25:27.416008666Z: [    0.637459] ACPI: Added _OSI(Processor Aggregator Device)
[STDERR  ] 2018-09-03T20:25:27.416041032Z: [    0.730239] ACPI: Interpreter enabled
[STDERR  ] 2018-09-03T20:25:27.416062878Z: [    0.731304] ACPI: (supports S0 S5)
[STDERR  ] 2018-09-03T20:25:27.416083794Z: [    0.731686] ACPI: Using IOAPIC for interrupt routing
[STDERR  ] 2018-09-03T20:25:27.416114209Z: [    0.734444] PCI: Using host bridge windows from ACPI; if necessary, use "pci=nocrs" and report a bug
[STDERR  ] 2018-09-03T20:25:27.416137560Z: [    0.739000] ACPI: Enabled 2 GPEs in block 00 to 3F
[STDERR  ] 2018-09-03T20:25:27.416159526Z: [    0.823000] ACPI: PCI Root Bridge [PCI0] (domain 0000 [bus 00-ff])
[STDERR  ] 2018-09-03T20:25:27.416191053Z: [    0.824331] acpi PNP0A08:00: _OSC: OS supports [ExtendedConfig ASPM ClockPM Segments MSI]
[STDERR  ] 2018-09-03T20:25:27.416214964Z: [    0.830355] acpi PNP0A08:00: _OSC: OS now controls [PCIeHotplug PME PCIeCapability]
[STDERR  ] 2018-09-03T20:25:27.416238050Z: [    0.834822] PCI host bridge to bus 0000:00
[STDERR  ] 2018-09-03T20:25:27.416257234Z: [    0.835267] pci_bus 0000:00: root bus resource [io  0x0000-0x0cf7 window]
[STDERR  ] 2018-09-03T20:25:27.416281114Z: [    0.836066] pci_bus 0000:00: root bus resource [io  0x0d00-0xffff window]
[STDERR  ] 2018-09-03T20:25:27.416320783Z: [    0.836619] pci_bus 0000:00: root bus resource [mem 0x000a0000-0x000bffff window]
[STDERR  ] 2018-09-03T20:25:27.416339710Z: [    0.837045] pci_bus 0000:00: root bus resource [mem 0xc0000000-0xfebfffff window]
[STDERR  ] 2018-09-03T20:25:27.416358430Z: [    0.838166] pci_bus 0000:00: root bus resource [bus 00-ff]
[STDERR  ] 2018-09-03T20:25:27.416384385Z: [    0.899358] pci 0000:00:1f.0: quirk: [io  0x0600-0x067f] claimed by ICH6 ACPI/GPIO/TCO
[STDERR  ] 2018-09-03T20:25:27.416420856Z: [    0.952094] ACPI: PCI Interrupt Link [LNKA] (IRQs 5 *10 11)
[STDERR  ] 2018-09-03T20:25:27.416443442Z: [    0.955656] ACPI: PCI Interrupt Link [LNKB] (IRQs 5 *10 11)
[STDERR  ] 2018-09-03T20:25:27.416469581Z: [    0.958215] ACPI: PCI Interrupt Link [LNKC] (IRQs 5 10 *11)
[STDERR  ] 2018-09-03T20:25:27.416497549Z: [    0.960473] ACPI: PCI Interrupt Link [LNKD] (IRQs 5 10 *11)
[STDERR  ] 2018-09-03T20:25:27.416519425Z: [    0.962879] ACPI: PCI Interrupt Link [LNKE] (IRQs 5 *10 11)
[STDERR  ] 2018-09-03T20:25:27.416545404Z: [    0.965233] ACPI: PCI Interrupt Link [LNKF] (IRQs 5 *10 11)
[STDERR  ] 2018-09-03T20:25:27.416576027Z: [    0.967464] ACPI: PCI Interrupt Link [LNKG] (IRQs 5 10 *11)
[STDERR  ] 2018-09-03T20:25:27.416604304Z: [    0.969771] ACPI: PCI Interrupt Link [LNKH] (IRQs 5 10 *11)
[STDERR  ] 2018-09-03T20:25:27.416626776Z: [    0.971210] ACPI: PCI Interrupt Link [GSIA] (IRQs *16)
[STDERR  ] 2018-09-03T20:25:27.416655531Z: [    0.971967] ACPI: PCI Interrupt Link [GSIB] (IRQs *17)
[STDERR  ] 2018-09-03T20:25:27.416685541Z: [    0.972773] ACPI: PCI Interrupt Link [GSIC] (IRQs *18)
[STDERR  ] 2018-09-03T20:25:27.416708617Z: [    0.973348] ACPI: PCI Interrupt Link [GSID] (IRQs *19)
[STDERR  ] 2018-09-03T20:25:27.416743815Z: [    0.974347] ACPI: PCI Interrupt Link [GSIE] (IRQs *20)
[STDERR  ] 2018-09-03T20:25:27.416828846Z: [    0.975350] ACPI: PCI Interrupt Link [GSIF] (IRQs *21)
[STDERR  ] 2018-09-03T20:25:27.416857372Z: [    0.976349] ACPI: PCI Interrupt Link [GSIG] (IRQs *22)
[STDERR  ] 2018-09-03T20:25:27.416883282Z: [    0.977323] ACPI: PCI Interrupt Link [GSIH] (IRQs *23)
[STDERR  ] 2018-09-03T20:25:27.416909804Z: [    0.987804] SCSI subsystem initialized
[STDERR  ] 2018-09-03T20:25:27.416936090Z: [    0.991462] ACPI: bus type USB registered
[STDERR  ] 2018-09-03T20:25:27.416962935Z: [    0.992683] usbcore: registered new interface driver usbfs
[STDERR  ] 2018-09-03T20:25:27.416989468Z: [    0.994087] usbcore: registered new interface driver hub
[STDERR  ] 2018-09-03T20:25:27.417030158Z: [    0.995145] usbcore: registered new device driver usb
[STDERR  ] 2018-09-03T20:25:27.417056329Z: [    0.996401] pps_core: LinuxPPS API ver. 1 registered
[STDERR  ] 2018-09-03T20:25:27.417088519Z: [    0.996818] pps_core: Software ver. 5.3.6 - Copyright 2005-2007 Rodolfo Giometti <giometti@linux.it>
[STDERR  ] 2018-09-03T20:25:27.417116486Z: [    0.997207] PTP clock support registered
[STDERR  ] 2018-09-03T20:25:27.417145444Z: [    1.001234] PCI: Using ACPI for IRQ routing
[STDERR  ] 2018-09-03T20:25:27.417172348Z: [    1.024229] NetLabel: Initializing
[STDERR  ] 2018-09-03T20:25:27.417196915Z: [    1.024579] NetLabel:  domain hash size = 128
[STDERR  ] 2018-09-03T20:25:27.417224006Z: [    1.024920] NetLabel:  protocols = UNLABELED CIPSOv4 CALIPSO
[STDERR  ] 2018-09-03T20:25:27.417249298Z: [    1.027721] NetLabel:  unlabeled traffic allowed by default
[STDERR  ] 2018-09-03T20:25:27.417274131Z: [    1.030117] HPET: 3 timers in total, 0 timers will be used for per-cpu timer
[STDERR  ] 2018-09-03T20:25:27.417299721Z: [    1.031149] hpet0: at MMIO 0xfed00000, IRQs 2, 8, 0
[STDERR  ] 2018-09-03T20:25:27.417325869Z: [    1.031664] hpet0: 3 comparators, 64-bit 100.000000 MHz counter
[STDERR  ] 2018-09-03T20:25:27.417359736Z: [    1.037626] clocksource: Switched to clocksource hpet
[STDERR  ] 2018-09-03T20:25:27.417386144Z: [    1.419455] VFS: Disk quotas dquot_6.6.0
[STDERR  ] 2018-09-03T20:25:27.417454662Z: [    1.420583] VFS: Dquot-cache hash table entries: 512 (order 0, 4096 bytes)
[STDERR  ] 2018-09-03T20:25:27.417497643Z: [    1.424424] FS-Cache: Loaded
[STDERR  ] 2018-09-03T20:25:27.417525033Z: [    1.431546] CacheFiles: Loaded
[STDERR  ] 2018-09-03T20:25:27.417551031Z: [    1.433072] pnp: PnP ACPI init
[STDERR  ] 2018-09-03T20:25:27.417579292Z: [    1.448519] pnp: PnP ACPI: found 5 devices
[STDERR  ] 2018-09-03T20:25:27.417609962Z: [    1.501299] clocksource: acpi_pm: mask: 0xffffff max_cycles: 0xffffff, max_idle_ns: 2085701024 ns
[STDERR  ] 2018-09-03T20:25:27.417638506Z: [    1.504893] NET: Registered protocol family 2
[STDERR  ] 2018-09-03T20:25:27.417664521Z: [    1.515016] TCP established hash table entries: 8192 (order: 4, 65536 bytes)
[STDERR  ] 2018-09-03T20:25:27.417691547Z: [    1.516386] TCP bind hash table entries: 8192 (order: 5, 131072 bytes)
[STDERR  ] 2018-09-03T20:25:27.417722562Z: [    1.518361] TCP: Hash tables configured (established 8192 bind 8192)
[STDERR  ] 2018-09-03T20:25:27.417748099Z: [    1.521071] UDP hash table entries: 512 (order: 2, 16384 bytes)
[STDERR  ] 2018-09-03T20:25:27.417779690Z: [    1.521933] UDP-Lite hash table entries: 512 (order: 2, 16384 bytes)
[STDERR  ] 2018-09-03T20:25:27.417810946Z: [    1.525415] NET: Registered protocol family 1
[STDERR  ] 2018-09-03T20:25:27.417836952Z: [    1.526750] pci 0000:00:01.0: Video device with shadowed ROM at [mem 0x000c0000-0x000dffff]
[STDERR  ] 2018-09-03T20:25:27.417867556Z: [    1.536581] Trying to unpack rootfs image as initramfs...
[STDERR  ] 2018-09-03T20:25:27.417890349Z: [   15.322049] Freeing initrd memory: 62636K
[STDERR  ] 2018-09-03T20:25:27.417912796Z: [   15.357511] PCLMULQDQ-NI instructions are not detected.
[STDERR  ] 2018-09-03T20:25:27.417944221Z: [   15.359398] AVX or AES-NI instructions are not detected.
[STDERR  ] 2018-09-03T20:25:27.417971461Z: [   15.359919] CPU feature 'AVX registers' is not supported.
[STDERR  ] 2018-09-03T20:25:27.418005516Z: [   15.360634] CPU feature 'AVX registers' is not supported.
[STDERR  ] 2018-09-03T20:25:27.418034268Z: [   15.361259] CPU feature 'AVX registers' is not supported.
[STDERR  ] 2018-09-03T20:25:27.418060557Z: [   15.361712] CPU feature 'AVX registers' is not supported.
[STDERR  ] 2018-09-03T20:25:27.418087093Z: [   15.362300] AVX2 or AES-NI instructions are not detected.
[STDERR  ] 2018-09-03T20:25:27.418113796Z: [   15.362766] AVX2 instructions are not detected.
[STDERR  ] 2018-09-03T20:25:27.418139020Z: [   15.370696] audit: initializing netlink subsys (disabled)
[STDERR  ] 2018-09-03T20:25:27.418166557Z: [   15.376616] audit: type=2000 audit(1536006283.372:1): state=initialized audit_enabled=0 res=1
[STDERR  ] 2018-09-03T20:25:27.418193496Z: [   15.381895] workingset: timestamp_bits=46 max_order=18 bucket_order=0
[STDERR  ] 2018-09-03T20:25:27.418220319Z: [   15.390612] squashfs: version 4.0 (2009/01/31) Phillip Lougher
[STDERR  ] 2018-09-03T20:25:27.418247380Z: [   15.393869] FS-Cache: Netfs 'cifs' registered for caching
[STDERR  ] 2018-09-03T20:25:27.418274935Z: [   15.396262] fuse init (API version 7.26)
[STDERR  ] 2018-09-03T20:25:27.418302614Z: [   15.399462] SGI XFS with ACLs, security attributes, no debug enabled
[STDERR  ] 2018-09-03T20:25:27.418330014Z: [   15.404415] 9p: Installing v9fs 9p2000 file system support
[STDERR  ] 2018-09-03T20:25:27.418356866Z: [   15.405006] FS-Cache: Netfs '9p' registered for caching
[STDERR  ] 2018-09-03T20:25:27.418384668Z: [   15.461694] NET: Registered protocol family 38
[STDERR  ] 2018-09-03T20:25:27.418421909Z: [   15.462619] Key type asymmetric registered
[STDERR  ] 2018-09-03T20:25:27.418447304Z: [   15.463032] Asymmetric key parser 'x509' registered
[STDERR  ] 2018-09-03T20:25:27.418479537Z: [   15.464280] Block layer SCSI generic (bsg) driver version 0.4 loaded (major 247)
[STDERR  ] 2018-09-03T20:25:27.418507743Z: [   15.466346] io scheduler noop registered
[STDERR  ] 2018-09-03T20:25:27.418535249Z: [   15.466747] io scheduler deadline registered (default)
[STDERR  ] 2018-09-03T20:25:27.418564660Z: [   15.467812] io scheduler cfq registered
[STDERR  ] 2018-09-03T20:25:27.418597879Z: [   15.468362] io scheduler mq-deadline registered
[STDERR  ] 2018-09-03T20:25:27.418637334Z: [   15.468700] io scheduler kyber registered
[STDERR  ] 2018-09-03T20:25:27.418669772Z: [   15.472992] shpchp: Standard Hot Plug PCI Controller Driver version: 0.4
[STDERR  ] 2018-09-03T20:25:27.418702543Z: [   15.474525] hv_vmbus: registering driver hyperv_fb
[STDERR  ] 2018-09-03T20:25:27.418729190Z: [   15.478878] input: Power Button as /devices/LNXSYSTM:00/LNXPWRBN:00/input/input0
[STDERR  ] 2018-09-03T20:25:27.418758975Z: [   15.482827] ACPI: Power Button [PWRF]
[STDERR  ] 2018-09-03T20:25:27.418785629Z: [   15.505900] ACPI: PCI Interrupt Link [GSIG] enabled at IRQ 22
[STDERR  ] 2018-09-03T20:25:27.418814913Z: [   15.522649] ACPI: PCI Interrupt Link [GSIH] enabled at IRQ 23
[STDERR  ] 2018-09-03T20:25:27.418841317Z: [   15.531821] Serial: 8250/16550 driver, 4 ports, IRQ sharing disabled
[STDERR  ] 2018-09-03T20:25:27.418868148Z: [   15.558302] 00:04: ttyS0 at I/O 0x3f8 (irq = 4, base_baud = 115200) is a 16550A
[STDERR  ] 2018-09-03T20:25:27.418894973Z: [   15.571498] Non-volatile memory driver v1.3
[STDERR  ] 2018-09-03T20:25:27.418922377Z: [   15.580043] Hangcheck: starting hangcheck timer 0.9.1 (tick is 180 seconds, margin is 60 seconds).
[STDERR  ] 2018-09-03T20:25:27.419020719Z: [   15.589500] random: crng init done
[STDERR  ] 2018-09-03T20:25:27.419051292Z: [   15.674570] brd: module loaded
[STDERR  ] 2018-09-03T20:25:27.419080341Z: [   15.716518] loop: module loaded
[STDERR  ] 2018-09-03T20:25:27.419109512Z: [   15.791915] lpc_ich 0000:00:1f.0: I/O space for GPIO uninitialized
[STDERR  ] 2018-09-03T20:25:27.419136887Z: [   15.794955] VMware PVSCSI driver - version 1.0.7.0-k
[STDERR  ] 2018-09-03T20:25:27.419181843Z: [   15.795846] hv_vmbus: registering driver hv_storvsc
[STDERR  ] 2018-09-03T20:25:27.419213371Z: [   15.809607] ACPI: PCI Interrupt Link [GSIA] enabled at IRQ 16
[STDERR  ] 2018-09-03T20:25:27.419239743Z: [   15.817690] ahci 0000:00:1f.2: AHCI 0001.0000 32 slots 6 ports 1.5 Gbps 0x3f impl SATA mode
[STDERR  ] 2018-09-03T20:25:27.419267584Z: [   15.818646] ahci 0000:00:1f.2: flags: 64bit ncq only 
[STDERR  ] 2018-09-03T20:25:27.419294157Z: [   15.840635] scsi host0: ahci
[STDERR  ] 2018-09-03T20:25:27.419324120Z: [   15.844890] scsi host1: ahci
[STDERR  ] 2018-09-03T20:25:27.419352003Z: [   15.847468] scsi host2: ahci
[STDERR  ] 2018-09-03T20:25:27.419378428Z: [   15.849851] scsi host3: ahci
[STDERR  ] 2018-09-03T20:25:27.419419815Z: [   15.852403] scsi host4: ahci
[STDERR  ] 2018-09-03T20:25:27.419446054Z: [   15.854746] scsi host5: ahci
[STDERR  ] 2018-09-03T20:25:27.419474306Z: [   15.856673] ata1: SATA max UDMA/133 abar m4096@0xfebd2000 port 0xfebd2100 irq 24
[STDERR  ] 2018-09-03T20:25:27.419511963Z: [   15.857413] ata2: SATA max UDMA/133 abar m4096@0xfebd2000 port 0xfebd2180 irq 24
[STDERR  ] 2018-09-03T20:25:27.419567771Z: [   15.857936] ata3: SATA max UDMA/133 abar m4096@0xfebd2000 port 0xfebd2200 irq 24
[STDERR  ] 2018-09-03T20:25:27.419594699Z: [   15.858619] ata4: SATA max UDMA/133 abar m4096@0xfebd2000 port 0xfebd2280 irq 24
[STDERR  ] 2018-09-03T20:25:27.419618357Z: [   15.859444] ata5: SATA max UDMA/133 abar m4096@0xfebd2000 port 0xfebd2300 irq 24
[STDERR  ] 2018-09-03T20:25:27.419643423Z: [   15.860211] ata6: SATA max UDMA/133 abar m4096@0xfebd2000 port 0xfebd2380 irq 24
[STDERR  ] 2018-09-03T20:25:27.419667140Z: [   15.876494] tun: Universal TUN/TAP device driver, 1.6
[STDERR  ] 2018-09-03T20:25:27.419692784Z: [   15.889694] VMware vmxnet3 virtual NIC driver - version 1.4.a.0-k-NAPI
[STDERR  ] 2018-09-03T20:25:27.419720088Z: [   15.890882] hv_vmbus: registering driver hv_netvsc
[STDERR  ] 2018-09-03T20:25:27.419751748Z: [   15.891581] Fusion MPT base driver 3.04.20
[STDERR  ] 2018-09-03T20:25:27.419780735Z: [   15.892003] Copyright (c) 1999-2008 LSI Corporation
[STDERR  ] 2018-09-03T20:25:27.419807134Z: [   15.892953] Fusion MPT SPI Host driver 3.04.20
[STDERR  ] 2018-09-03T20:25:27.419835588Z: [   15.895877] i8042: PNP: PS/2 Controller [PNP0303:KBD,PNP0f13:MOU] at 0x60,0x64 irq 1,12
[STDERR  ] 2018-09-03T20:25:27.419878141Z: [   15.901761] serio: i8042 KBD port at 0x60,0x64 irq 1
[STDERR  ] 2018-09-03T20:25:27.419933661Z: [   15.902771] serio: i8042 AUX port at 0x60,0x64 irq 12
[STDERR  ] 2018-09-03T20:25:27.419960808Z: [   15.906229] hv_vmbus: registering driver hyperv_keyboard
[STDERR  ] 2018-09-03T20:25:27.419985105Z: [   15.908983] mousedev: PS/2 mouse device common for all mice
[STDERR  ] 2018-09-03T20:25:27.420020553Z: [   15.915053] input: AT Translated Set 2 keyboard as /devices/platform/i8042/serio0/input/input1
[STDERR  ] 2018-09-03T20:25:27.420047744Z: [   15.917421] input: PC Speaker as /devices/platform/pcspkr/input/input2
[STDERR  ] 2018-09-03T20:25:27.420073371Z: [   15.923577] rtc_cmos 00:00: RTC can wake from S4
[STDERR  ] 2018-09-03T20:25:27.420100646Z: [   15.927630] rtc_cmos 00:00: rtc core: registered rtc_cmos as rtc0
[STDERR  ] 2018-09-03T20:25:27.420124694Z: [   15.929397] rtc_cmos 00:00: alarms up to one day, y3k, 114 bytes nvram, hpet irqs
[STDERR  ] 2018-09-03T20:25:27.420149022Z: [   15.930480] i2c /dev entries driver
[STDERR  ] 2018-09-03T20:25:27.420186191Z: [   15.932990] device-mapper: ioctl: 4.37.0-ioctl (2017-09-20) initialised: dm-devel@redhat.com
[STDERR  ] 2018-09-03T20:25:27.420210476Z: [   15.939495] usbcore: registered new interface driver usbhid
[STDERR  ] 2018-09-03T20:25:27.420233640Z: [   15.940043] usbhid: USB HID core driver
[STDERR  ] 2018-09-03T20:25:27.420264015Z: [   15.941407] hv_utils: Registering HyperV Utility Driver
[STDERR  ] 2018-09-03T20:25:27.420287069Z: [   15.941847] hv_vmbus: registering driver hv_util
[STDERR  ] 2018-09-03T20:25:27.420319247Z: [   15.942416] hv_vmbus: registering driver hv_balloon
[STDERR  ] 2018-09-03T20:25:27.420350889Z: [   15.943032] oprofile: using NMI interrupt.
[STDERR  ] 2018-09-03T20:25:27.420375553Z: [   15.944779] GACT probability on
[STDERR  ] 2018-09-03T20:25:27.420422974Z: [   15.945434] Mirror/redirect action on
[STDERR  ] 2018-09-03T20:25:27.420447545Z: [   15.946279] Simple TC action Loaded
[STDERR  ] 2018-09-03T20:25:27.420476060Z: [   15.946871] u32 classifier
[STDERR  ] 2018-09-03T20:25:27.420508326Z: [   15.947278]     Performance counters on
[STDERR  ] 2018-09-03T20:25:27.420532187Z: [   15.947603]     input device check on
[STDERR  ] 2018-09-03T20:25:27.420555541Z: [   15.947932]     Actions configured
[STDERR  ] 2018-09-03T20:25:27.420578806Z: [   15.948898] Netfilter messages via NETLINK v0.30.
[STDERR  ] 2018-09-03T20:25:27.420609617Z: [   15.949864] nfnl_acct: registering with nfnetlink.
[STDERR  ] 2018-09-03T20:25:27.420633399Z: [   15.952287] nf_conntrack version 0.5.0 (8192 buckets, 32768 max)
[STDERR  ] 2018-09-03T20:25:27.420657185Z: [   15.955430] ctnetlink v0.93: registering with nfnetlink.
[STDERR  ] 2018-09-03T20:25:27.420687576Z: [   15.959693] nf_tables: (c) 2007-2009 Patrick McHardy <kaber@trash.net>
[STDERR  ] 2018-09-03T20:25:27.420711652Z: [   15.960969] nf_tables_compat: (c) 2012 Pablo Neira Ayuso <pablo@netfilter.org>
[STDERR  ] 2018-09-03T20:25:27.420734698Z: [   15.964638] xt_time: kernel timezone is -0000
[STDERR  ] 2018-09-03T20:25:27.420765895Z: [   15.965545] ip_set: protocol 6
[STDERR  ] 2018-09-03T20:25:27.420788733Z: [   15.966848] ipip: IPv4 and MPLS over IPv4 tunneling driver
[STDERR  ] 2018-09-03T20:25:27.420812756Z: [   15.972357] gre: GRE over IPv4 demultiplexor driver
[STDERR  ] 2018-09-03T20:25:27.420838259Z: [   15.976023] ip_tables: (C) 2000-2006 Netfilter Core Team
[STDERR  ] 2018-09-03T20:25:27.420868276Z: [   15.982579] arp_tables: arp_tables: (C) 2002 David S. Miller
[STDERR  ] 2018-09-03T20:25:27.420891637Z: [   15.985679] NET: Registered protocol family 10
[STDERR  ] 2018-09-03T20:25:27.420914752Z: [   15.998621] Segment Routing with IPv6
[STDERR  ] 2018-09-03T20:25:27.420938591Z: [   15.999753] ip6_tables: (C) 2000-2006 Netfilter Core Team
[STDERR  ] 2018-09-03T20:25:27.420966159Z: [   16.011680] NET: Registered protocol family 17
[STDERR  ] 2018-09-03T20:25:27.421003987Z: [   16.012990] Bridge firewalling registered
[STDERR  ] 2018-09-03T20:25:27.421043684Z: [   16.013892] 8021q: 802.1Q VLAN Support v1.8
[STDERR  ] 2018-09-03T20:25:27.421107167Z: [   16.016216] 9pnet: Installing 9P2000 support
[STDERR  ] 2018-09-03T20:25:27.421131350Z: [   16.018392] Key type dns_resolver registered
[STDERR  ] 2018-09-03T20:25:27.421155820Z: [   16.020356] sched_clock: Marking stable (16020151510, 0)->(16280224160, -260072650)
[STDERR  ] 2018-09-03T20:25:27.421179883Z: [   16.025478] registered taskstats version 1
[STDERR  ] 2018-09-03T20:25:27.421207470Z: [   16.177384] ata3: SATA link up 1.5 Gbps (SStatus 113 SControl 300)
[STDERR  ] 2018-09-03T20:25:27.421231251Z: [   16.181064] ata2: SATA link down (SStatus 0 SControl 300)
[STDERR  ] 2018-09-03T20:25:27.421262052Z: [   16.182803] ata1: SATA link down (SStatus 0 SControl 300)
[STDERR  ] 2018-09-03T20:25:27.421284939Z: [   16.183590] ata6: SATA link down (SStatus 0 SControl 300)
[STDERR  ] 2018-09-03T20:25:27.421308379Z: [   16.184247] ata5: SATA link down (SStatus 0 SControl 300)
[STDERR  ] 2018-09-03T20:25:27.421331162Z: [   16.184797] ata4: SATA link down (SStatus 0 SControl 300)
[STDERR  ] 2018-09-03T20:25:27.421353913Z: [   16.191935] ata3.00: ATAPI: QEMU DVD-ROM, 2.5+, max UDMA/100
[STDERR  ] 2018-09-03T20:25:27.421376903Z: [   16.192697] ata3.00: applying bridge limits
[STDERR  ] 2018-09-03T20:25:27.421412938Z: [   16.198978] ata3.00: configured for UDMA/100
[STDERR  ] 2018-09-03T20:25:27.421452215Z: [   16.222958] scsi 2:0:0:0: CD-ROM            QEMU     QEMU DVD-ROM     2.5+ PQ: 0 ANSI: 5
[STDERR  ] 2018-09-03T20:25:27.421476922Z: [   16.256858] sr 2:0:0:0: [sr0] scsi3-mmc drive: 4x/4x cd/rw xa/form2 tray
[STDERR  ] 2018-09-03T20:25:27.421504185Z: [   16.258015] cdrom: Uniform CD-ROM driver Revision: 3.20
[STDERR  ] 2018-09-03T20:25:27.421527519Z: [   16.273020] sr 2:0:0:0: Attached scsi generic sg0 type 5
[STDERR  ] 2018-09-03T20:25:27.421551008Z: [   16.352460] tsc: Refined TSC clocksource calibration: 2599.915 MHz
[STDERR  ] 2018-09-03T20:25:27.421573942Z: [   16.353507] clocksource: tsc: mask: 0xffffffffffffffff max_cycles: 0x2579ebf5280, max_idle_ns: 440795265740 ns
[STDERR  ] 2018-09-03T20:25:27.421598076Z: [   16.407711] Key type big_key registered
[STDERR  ] 2018-09-03T20:25:27.421621409Z: [   16.529762] Key type trusted registered
[STDERR  ] 2018-09-03T20:25:27.421644338Z: [   16.656081] Key type encrypted registered
[STDERR  ] 2018-09-03T20:25:27.421667952Z: [   16.657371] ima: No TPM chip found, activating TPM-bypass! (rc=-19)
[STDERR  ] 2018-09-03T20:25:27.421697909Z: [   16.658302] ima: Allocated hash algorithm: sha256
[STDERR  ] 2018-09-03T20:25:27.421721342Z: [   16.662791] evm: HMAC attrs: 0x1
[STDERR  ] 2018-09-03T20:25:27.421745565Z: [   16.668755] rtc_cmos 00:00: setting system clock to 2018-09-03 20:24:45 UTC (1536006285)
[STDERR  ] 2018-09-03T20:25:27.421768983Z: [   16.859056] Freeing unused kernel memory: 1512K
[STDERR  ] 2018-09-03T20:25:27.421792690Z: [   16.860975] Write protecting the kernel read-only data: 18432k
[STDERR  ] 2018-09-03T20:25:27.421820614Z: [   16.881512] Freeing unused kernel memory: 2024K
[STDERR  ] 2018-09-03T20:25:27.421849957Z: [   16.968560] Freeing unused kernel memory: 1132K
[STDERR  ] 2018-09-03T20:25:27.421873189Z: [   17.364843] clocksource: Switched to clocksource tsc
[STDERR  ] 2018-09-03T20:25:27.421896382Z: 
[STDERR  ] 2018-09-03T20:25:27.421921037Z: Welcome to LinuxKit
[STDERR  ] 2018-09-03T20:25:27.421945630Z: 
[STDERR  ] 2018-09-03T20:25:27.421975459Z:                         ##         .
[STDERR  ] 2018-09-03T20:25:27.422005305Z:                   ## ## ##        ==
[STDERR  ] 2018-09-03T20:25:27.422035847Z:                ## ## ## ## ##    ===
[STDERR  ] 2018-09-03T20:25:27.422060030Z:            /"""""""""""""""""\___/ ===
[STDERR  ] 2018-09-03T20:25:27.422083107Z:           {                       /  ===-
[STDERR  ] 2018-09-03T20:25:27.422106470Z:            \______ O           __/
[STDERR  ] 2018-09-03T20:25:27.422129626Z:              \    \         __/
[STDERR  ] 2018-09-03T20:25:27.422156010Z:               \____\_______/
[STDERR  ] 2018-09-03T20:25:27.422189293Z: 
[STDERR  ] 2018-09-03T20:25:27.422226863Z: binfmt test suite PASSED
[STDERR  ] 2018-09-03T20:25:27.422251627Z: [   57.329924] ACPI: Preparing to enter system sleep state S5
[STDERR  ] 2018-09-03T20:25:27.422275095Z: [   57.331938] reboot: Power down
[STDERR  ] 2018-09-03T20:25:27.422299267Z: + echo [    0.000000] Linux version 4.14.67-linuxkit (root@abc0ed7ade08) (gcc version 6.4.0 (Alpine 6.4.0)) #1 SMP Tue Aug 28 07:07:17 UTC 2018
[STDERR  ] 2018-09-03T20:25:27.422332636Z: [    0.000000] Command line: console=ttyS0 console=ttyAMA0
[STDERR  ] 2018-09-03T20:25:27.422356463Z: [    0.000000] x86/fpu: x87 FPU will use FXSAVE
[STDERR  ] 2018-09-03T20:25:27.422379482Z: [    0.000000] e820: BIOS-provided physical RAM map:
[STDERR  ] 2018-09-03T20:25:27.422431394Z: [    0.000000] BIOS-e820: [mem 0x0000000000000000-0x000000000009fbff] usable
[STDERR  ] 2018-09-03T20:25:27.422455255Z: [    0.000000] BIOS-e820: [mem 0x000000000009fc00-0x000000000009ffff] reserved
[STDERR  ] 2018-09-03T20:25:27.422478975Z: [    0.000000] BIOS-e820: [mem 0x00000000000f0000-0x00000000000fffff] reserved
[STDERR  ] 2018-09-03T20:25:27.422502522Z: [    0.000000] BIOS-e820: [mem 0x0000000000100000-0x000000003ffdefff] usable
[STDERR  ] 2018-09-03T20:25:27.422526605Z: [    0.000000] BIOS-e820: [mem 0x000000003ffdf000-0x000000003fffffff] reserved
[STDERR  ] 2018-09-03T20:25:27.422549838Z: [    0.000000] BIOS-e820: [mem 0x00000000b0000000-0x00000000bfffffff] reserved
[STDERR  ] 2018-09-03T20:25:27.422572883Z: [    0.000000] BIOS-e820: [mem 0x00000000fed1c000-0x00000000fed1ffff] reserved
[STDERR  ] 2018-09-03T20:25:27.422596726Z: [    0.000000] BIOS-e820: [mem 0x00000000fffc0000-0x00000000ffffffff] reserved
[STDERR  ] 2018-09-03T20:25:27.422624305Z: [    0.000000] NX (Execute Disable) protection: active
[STDERR  ] 2018-09-03T20:25:27.422655236Z: [    0.000000] SMBIOS 2.8 present.
[STDERR  ] 2018-09-03T20:25:27.422679447Z: [    0.000000] DMI: QEMU Standard PC (Q35 + ICH9, 2009), BIOS rel-1.10.2-0-g5f4c7b1-prebuilt.qemu-project.org 04/01/2014
[STDERR  ] 2018-09-03T20:25:27.422703750Z: [    0.000000] tsc: Fast TSC calibration using PIT
[STDERR  ] 2018-09-03T20:25:27.422727400Z: [    0.000000] e820: last_pfn = 0x3ffdf max_arch_pfn = 0x400000000
[STDERR  ] 2018-09-03T20:25:27.422750375Z: [    0.000000] x86/PAT: Configuration [0-7]: WB  WC  UC- UC  WB  WP  UC- WT  
[STDERR  ] 2018-09-03T20:25:27.422780182Z: [    0.000000] found SMP MP-table at [mem 0x000f6aa0-0x000f6aaf] mapped at [ffffffffff200aa0]
[STDERR  ] 2018-09-03T20:25:27.422807427Z: [    0.000000] RAMDISK: [mem 0x3c2a5000-0x3ffcffff]
[STDERR  ] 2018-09-03T20:25:27.422840244Z: [    0.000000] ACPI: Early table checksum verification disabled
[STDERR  ] 2018-09-03T20:25:27.422863282Z: [    0.000000] ACPI: RSDP 0x00000000000F68C0 000014 (v00 BOCHS )
[STDERR  ] 2018-09-03T20:25:27.422886931Z: [    0.000000] ACPI: RSDT 0x000000003FFE2404 000034 (v01 BOCHS  BXPCRSDT 00000001 BXPC 00000001)
[STDERR  ] 2018-09-03T20:25:27.422919467Z: [    0.000000] ACPI: FACP 0x000000003FFE22A4 000074 (v01 BOCHS  BXPCFACP 00000001 BXPC 00000001)
[STDERR  ] 2018-09-03T20:25:27.422942685Z: [    0.000000] ACPI: DSDT 0x000000003FFE0040 002264 (v01 BOCHS  BXPCDSDT 00000001 BXPC 00000001)
[STDERR  ] 2018-09-03T20:25:27.422966293Z: [    0.000000] ACPI: FACS 0x000000003FFE0000 000040
[STDERR  ] 2018-09-03T20:25:27.423003091Z: [    0.000000] ACPI: APIC 0x000000003FFE2318 000078 (v01 BOCHS  BXPCAPIC 00000001 BXPC 00000001)
[STDERR  ] 2018-09-03T20:25:27.423034198Z: [    0.000000] ACPI: HPET 0x000000003FFE2390 000038 (v01 BOCHS  BXPCHPET 00000001 BXPC 00000001)
[STDERR  ] 2018-09-03T20:25:27.423057642Z: [    0.000000] ACPI: MCFG 0x000000003FFE23C8 00003C (v01 BOCHS  BXPCMCFG 00000001 BXPC 00000001)
[STDERR  ] 2018-09-03T20:25:27.423082079Z: [    0.000000] Zone ranges:
[STDERR  ] 2018-09-03T20:25:27.423105642Z: [    0.000000]   DMA      [mem 0x0000000000001000-0x0000000000ffffff]
[STDERR  ] 2018-09-03T20:25:27.423128689Z: [    0.000000]   DMA32    [mem 0x0000000001000000-0x000000003ffdefff]
[STDERR  ] 2018-09-03T20:25:27.423182074Z: [    0.000000]   Normal   empty
[STDERR  ] 2018-09-03T20:25:27.423223378Z: [    0.000000]   Device   empty
[STDOUT  ] 2018-09-03T20:25:27.423199467Z: [    0.000000] Linux version 4.14.67-linuxkit (root@abc0ed7ade08) (gcc version 6.4.0 (Alpine 6.4.0)) #1 SMP Tue Aug 28 07:07:17 UTC 2018
[STDOUT  ] 2018-09-03T20:25:27.423286313Z: [    0.000000] Command line: console=ttyS0 console=ttyAMA0
[STDOUT  ] 2018-09-03T20:25:27.423303076Z: [    0.000000] x86/fpu: x87 FPU will use FXSAVE
[STDERR  ] 2018-09-03T20:25:27.423251769Z: [    0.000000] Movable zone start for each node
[STDERR  ] 2018-09-03T20:25:27.423359926Z: [    0.000000] Early memory node ranges
[STDERR  ] 2018-09-03T20:25:27.423383748Z: [    0.000000]   node   0: [mem 0x0000000000001000-0x000000000009efff]
[STDERR  ] 2018-09-03T20:25:27.423424940Z: [    0.000000]   node   0: [mem 0x0000000000100000-0x000000003ffdefff]
[STDERR  ] 2018-09-03T20:25:27.423449164Z: [    0.000000] Initmem setup node 0 [mem 0x0000000000001000-0x000000003ffdefff]
[STDERR  ] 2018-09-03T20:25:27.423472415Z: [    0.000000] ACPI: PM-Timer IO Port: 0x608
[STDERR  ] 2018-09-03T20:25:27.423495970Z: [    0.000000] ACPI: LAPIC_NMI (acpi_id[0xff] dfl dfl lint[0x1])
[STDERR  ] 2018-09-03T20:25:27.423522048Z: [    0.000000] IOAPIC[0]: apic_id 0, version 32, address 0xfec00000, GSI 0-23
[STDERR  ] 2018-09-03T20:25:27.423545252Z: [    0.000000] ACPI: INT_SRC_OVR (bus 0 bus_irq 0 global_irq 2 dfl dfl)
[STDOUT  ] 2018-09-03T20:25:27.423318419Z: [    0.000000] e820: BIOS-provided physical RAM map:
[STDOUT  ] 2018-09-03T20:25:27.423582220Z: [    0.000000] BIOS-e820: [mem 0x0000000000000000-0x000000000009fbff] usable
[STDOUT  ] 2018-09-03T20:25:27.423601326Z: [    0.000000] BIOS-e820: [mem 0x000000000009fc00-0x000000000009ffff] reserved
[STDERR  ] 2018-09-03T20:25:27.423591355Z: [    0.000000] ACPI: INT_SRC_OVR (bus 0 bus_irq 5 global_irq 5 high level)
[STDERR  ] 2018-09-03T20:25:27.423616009Z: [    0.000000] ACPI: INT_SRC_OVR (bus 0 bus_irq 9 global_irq 9 high level)
[STDERR  ] 2018-09-03T20:25:27.423683731Z: [    0.000000] ACPI: INT_SRC_OVR (bus 0 bus_irq 10 global_irq 10 high level)
[STDERR  ] 2018-09-03T20:25:27.423706701Z: [    0.000000] ACPI: INT_SRC_OVR (bus 0 bus_irq 11 global_irq 11 high level)
[STDERR  ] 2018-09-03T20:25:27.423754723Z: [    0.000000] Using ACPI (MADT) for SMP configuration information
[STDERR  ] 2018-09-03T20:25:27.423779132Z: [    0.000000] ACPI: HPET id: 0x8086a201 base: 0xfed00000
[STDERR  ] 2018-09-03T20:25:27.423802698Z: [    0.000000] smpboot: Allowing 1 CPUs, 0 hotplug CPUs
[STDERR  ] 2018-09-03T20:25:27.423826317Z: [    0.000000] e820: [mem 0x40000000-0xafffffff] available for PCI devices
[STDERR  ] 2018-09-03T20:25:27.423850253Z: [    0.000000] Booting paravirtualized kernel on bare hardware
[STDERR  ] 2018-09-03T20:25:27.423873839Z: [    0.000000] clocksource: refined-jiffies: mask: 0xffffffff max_cycles: 0xffffffff, max_idle_ns: 1910969940391419 ns
[STDOUT  ] 2018-09-03T20:25:27.423616818Z: [    0.000000] BIOS-e820: [mem 0x00000000000f0000-0x00000000000fffff] reserved
[STDOUT  ] 2018-09-03T20:25:27.423892101Z: [    0.000000] BIOS-e820: [mem 0x0000000000100000-0x000000003ffdefff] usable
[STDERR  ] 2018-09-03T20:25:27.423899746Z: [    0.000000] random: get_random_bytes called from start_kernel+0x92/0x4cb with crng_init=0
[STDOUT  ] 2018-09-03T20:25:27.423909804Z: [    0.000000] BIOS-e820: [mem 0x000000003ffdf000-0x000000003fffffff] reserved
[STDOUT  ] 2018-09-03T20:25:27.423925061Z: [    0.000000] BIOS-e820: [mem 0x00000000b0000000-0x00000000bfffffff] reserved
[STDOUT  ] 2018-09-03T20:25:27.423940636Z: [    0.000000] BIOS-e820: [mem 0x00000000fed1c000-0x00000000fed1ffff] reserved
[STDOUT  ] 2018-09-03T20:25:27.423954481Z: [    0.000000] BIOS-e820: [mem 0x00000000fffc0000-0x00000000ffffffff] reserved
[STDOUT  ] 2018-09-03T20:25:27.423973875Z: [    0.000000] NX (Execute Disable) protection: active
[STDOUT  ] 2018-09-03T20:25:27.423988468Z: [    0.000000] SMBIOS 2.8 present.
[STDOUT  ] 2018-09-03T20:25:27.424002484Z: [    0.000000] DMI: QEMU Standard PC (Q35 + ICH9, 2009), BIOS rel-1.10.2-0-g5f4c7b1-prebuilt.qemu-project.org 04/01/2014
[STDOUT  ] 2018-09-03T20:25:27.424065932Z: [    0.000000] tsc: Fast TSC calibration using PIT
[STDOUT  ] 2018-09-03T20:25:27.424081075Z: [    0.000000] e820: last_pfn = 0x3ffdf max_arch_pfn = 0x400000000
[STDOUT  ] 2018-09-03T20:25:27.424095186Z: [    0.000000] x86/PAT: Configuration [0-7]: WB  WC  UC- UC  WB  WP  UC- WT  
[STDOUT  ] 2018-09-03T20:25:27.424109117Z: [    0.000000] found SMP MP-table at [mem 0x000f6aa0-0x000f6aaf] mapped at [ffffffffff200aa0]
[STDOUT  ] 2018-09-03T20:25:27.424126303Z: [    0.000000] RAMDISK: [mem 0x3c2a5000-0x3ffcffff]
[STDOUT  ] 2018-09-03T20:25:27.424143369Z: [    0.000000] ACPI: Early table checksum verification disabled
[STDOUT  ] 2018-09-03T20:25:27.424160247Z: [    0.000000] ACPI: RSDP 0x00000000000F68C0 000014 (v00 BOCHS )
[STDOUT  ] 2018-09-03T20:25:27.424174548Z: [    0.000000] ACPI: RSDT 0x000000003FFE2404 000034 (v01 BOCHS  BXPCRSDT 00000001 BXPC 00000001)
[STDOUT  ] 2018-09-03T20:25:27.424188509Z: [    0.000000] ACPI: FACP 0x000000003FFE22A4 000074 (v01 BOCHS  BXPCFACP 00000001 BXPC 00000001)
[STDOUT  ] 2018-09-03T20:25:27.424202392Z: [    0.000000] ACPI: DSDT 0x000000003FFE0040 002264 (v01 BOCHS  BXPCDSDT 00000001 BXPC 00000001)
[STDOUT  ] 2018-09-03T20:25:27.424216486Z: [    0.000000] ACPI: FACS 0x000000003FFE0000 000040
[STDOUT  ] 2018-09-03T20:25:27.424230722Z: [    0.000000] ACPI: APIC 0x000000003FFE2318 000078 (v01 BOCHS  BXPCAPIC 00000001 BXPC 00000001)
[STDOUT  ] 2018-09-03T20:25:27.424244586Z: [    0.000000] ACPI: HPET 0x000000003FFE2390 000038 (v01 BOCHS  BXPCHPET 00000001 BXPC 00000001)
[STDOUT  ] 2018-09-03T20:25:27.424258889Z: [    0.000000] ACPI: MCFG 0x000000003FFE23C8 00003C (v01 BOCHS  BXPCMCFG 00000001 BXPC 00000001)
[STDOUT  ] 2018-09-03T20:25:27.424272800Z: [    0.000000] Zone ranges:
[STDOUT  ] 2018-09-03T20:25:27.424286589Z: [    0.000000]   DMA      [mem 0x0000000000001000-0x0000000000ffffff]
[STDOUT  ] 2018-09-03T20:25:27.424300438Z: [    0.000000]   DMA32    [mem 0x0000000001000000-0x000000003ffdefff]
[STDOUT  ] 2018-09-03T20:25:27.424314261Z: [    0.000000]   Normal   empty
[STDOUT  ] 2018-09-03T20:25:27.424327903Z: [    0.000000]   Device   empty
[STDOUT  ] 2018-09-03T20:25:27.424341581Z: [    0.000000] Movable zone start for each node
[STDOUT  ] 2018-09-03T20:25:27.424355169Z: [    0.000000] Early memory node ranges
[STDOUT  ] 2018-09-03T20:25:27.424369235Z: [    0.000000]   node   0: [mem 0x0000000000001000-0x000000000009efff]
[STDOUT  ] 2018-09-03T20:25:27.424385809Z: [    0.000000]   node   0: [mem 0x0000000000100000-0x000000003ffdefff]
[STDOUT  ] 2018-09-03T20:25:27.424408388Z: [    0.000000] Initmem setup node 0 [mem 0x0000000000001000-0x000000003ffdefff]
[STDOUT  ] 2018-09-03T20:25:27.424422074Z: [    0.000000] ACPI: PM-Timer IO Port: 0x608
[STDOUT  ] 2018-09-03T20:25:27.424435717Z: [    0.000000] ACPI: LAPIC_NMI (acpi_id[0xff] dfl dfl lint[0x1])
[STDOUT  ] 2018-09-03T20:25:27.424449377Z: [    0.000000] IOAPIC[0]: apic_id 0, version 32, address 0xfec00000, GSI 0-23
[STDOUT  ] 2018-09-03T20:25:27.424463138Z: [    0.000000] ACPI: INT_SRC_OVR (bus 0 bus_irq 0 global_irq 2 dfl dfl)
[STDOUT  ] 2018-09-03T20:25:27.424476661Z: [    0.000000] ACPI: INT_SRC_OVR (bus 0 bus_irq 5 global_irq 5 high level)
[STDOUT  ] 2018-09-03T20:25:27.424493203Z: [    0.000000] ACPI: INT_SRC_OVR (bus 0 bus_irq 9 global_irq 9 high level)
[STDOUT  ] 2018-09-03T20:25:27.424506996Z: [    0.000000] ACPI: INT_SRC_OVR (bus 0 bus_irq 10 global_irq 10 high level)
[STDOUT  ] 2018-09-03T20:25:27.424521204Z: [    0.000000] ACPI: INT_SRC_OVR (bus 0 bus_irq 11 global_irq 11 high level)
[STDOUT  ] 2018-09-03T20:25:27.424534874Z: [    0.000000] Using ACPI (MADT) for SMP configuration information
[STDOUT  ] 2018-09-03T20:25:27.424548592Z: [    0.000000] ACPI: HPET id: 0x8086a201 base: 0xfed00000
[STDOUT  ] 2018-09-03T20:25:27.424562031Z: [    0.000000] smpboot: Allowing 1 CPUs, 0 hotplug CPUs
[STDOUT  ] 2018-09-03T20:25:27.424575336Z: [    0.000000] e820: [mem 0x40000000-0xafffffff] available for PCI devices
[STDOUT  ] 2018-09-03T20:25:27.424593721Z: [    0.000000] Booting paravirtualized kernel on bare hardware
[STDOUT  ] 2018-09-03T20:25:27.424611067Z: [    0.000000] clocksource: refined-jiffies: mask: 0xffffffff max_cycles: 0xffffffff, max_idle_ns: 1910969940391419 ns
[STDOUT  ] 2018-09-03T20:25:27.424624825Z: [    0.000000] random: get_random_bytes called from start_kernel+0x92/0x4cb with crng_init=0
[STDOUT  ] 2018-09-03T20:25:27.424664598Z: [    0.000000] setup_percpu: NR_CPUS:128 nr_cpumask_bits:128 nr_cpu_ids:1 nr_node_ids:1
[STDOUT  ] 2018-09-03T20:25:27.424684984Z: [    0.000000] percpu: Embedded 45 pages/cpu @ffff8d7fbc000000 s144280 r8192 d31848 u2097152
[STDOUT  ] 2018-09-03T20:25:27.424698768Z: [    0.000000] Built 1 zonelists, mobility grouping on.  Total pages: 257896
[STDOUT  ] 2018-09-03T20:25:27.424712441Z: [    0.000000] Kernel command line: console=ttyS0 console=ttyAMA0
[STDOUT  ] 2018-09-03T20:25:27.424726091Z: [    0.000000] PID hash table entries: 4096 (order: 3, 32768 bytes)
[STDOUT  ] 2018-09-03T20:25:27.424739710Z: [    0.000000] Dentry cache hash table entries: 131072 (order: 8, 1048576 bytes)
[STDOUT  ] 2018-09-03T20:25:27.424753412Z: [    0.000000] Inode-cache hash table entries: 65536 (order: 7, 524288 bytes)
[STDOUT  ] 2018-09-03T20:25:27.424770878Z: [    0.000000] Memory: 942208K/1048052K available (12300K kernel code, 1447K rwdata, 2964K rodata, 1512K init, 628K bss, 105844K reserved, 0K cma-reserved)
[STDOUT  ] 2018-09-03T20:25:27.424786711Z: [    0.000000] ftrace: allocating 40632 entries in 159 pages
[STDOUT  ] 2018-09-03T20:25:27.424800365Z: [    0.000000] Hierarchical RCU implementation.
[STDOUT  ] 2018-09-03T20:25:27.424813925Z: [    0.000000] 	RCU restricting CPUs from NR_CPUS=128 to nr_cpu_ids=1.
[STDOUT  ] 2018-09-03T20:25:27.424827628Z: [    0.000000] RCU: Adjusting geometry for rcu_fanout_leaf=16, nr_cpu_ids=1
[STDOUT  ] 2018-09-03T20:25:27.424841172Z: [    0.000000] NR_IRQS: 8448, nr_irqs: 256, preallocated irqs: 16
[STDOUT  ] 2018-09-03T20:25:27.424855340Z: [    0.000000] Console: colour VGA+ 80x25
[STDOUT  ] 2018-09-03T20:25:27.424869461Z: [    0.000000] console [ttyS0] enabled
[STDOUT  ] 2018-09-03T20:25:27.424882834Z: [    0.000000] clocksource: hpet: mask: 0xffffffff max_cycles: 0xffffffff, max_idle_ns: 19112604467 ns
[STDOUT  ] 2018-09-03T20:25:27.424896365Z: [    0.003000] tsc: Fast TSC calibration using PIT
[STDOUT  ] 2018-09-03T20:25:27.424910044Z: [    0.004000] tsc: Detected 2599.999 MHz processor
[STDOUT  ] 2018-09-03T20:25:27.424923567Z: [    0.008408] Calibrating delay loop (skipped), value calculated using timer frequency.. 5199.99 BogoMIPS (lpj=2599999)
[STDOUT  ] 2018-09-03T20:25:27.424937378Z: [    0.010051] pid_max: default: 32768 minimum: 301
[STDOUT  ] 2018-09-03T20:25:27.424950852Z: [    0.011181] ACPI: Core revision 20170728
[STDOUT  ] 2018-09-03T20:25:27.424964553Z: [    0.057247] ACPI: 1 ACPI AML tables successfully acquired and loaded
[STDOUT  ] 2018-09-03T20:25:27.424978154Z: [    0.062211] Security Framework initialized
[STDOUT  ] 2018-09-03T20:25:27.424991619Z: [    0.062782] Yama: becoming mindful.
[STDOUT  ] 2018-09-03T20:25:27.425008715Z: [    0.065595] Mount-cache hash table entries: 2048 (order: 2, 16384 bytes)
[STDOUT  ] 2018-09-03T20:25:27.425024554Z: [    0.066094] Mountpoint-cache hash table entries: 2048 (order: 2, 16384 bytes)
[STDOUT  ] 2018-09-03T20:25:27.425038344Z: [    0.088254] Last level iTLB entries: 4KB 0, 2MB 0, 4MB 0
[STDOUT  ] 2018-09-03T20:25:27.425052515Z: [    0.088863] Last level dTLB entries: 4KB 0, 2MB 0, 4MB 0, 1GB 0
[STDOUT  ] 2018-09-03T20:25:27.425069595Z: [    0.089184] Spectre V2 : Spectre mitigation: LFENCE not serializing, switching to generic retpoline
[STDOUT  ] 2018-09-03T20:25:27.425083271Z: [    0.090061] Spectre V2 : Mitigation: Full generic retpoline
[STDOUT  ] 2018-09-03T20:25:27.425097209Z: [    0.091055] Spectre V2 : Spectre v2 / SpectreRSB mitigation: Filling RSB on context switch
[STDOUT  ] 2018-09-03T20:25:27.425110884Z: [    0.092090] Speculative Store Bypass: Vulnerable
[STDOUT  ] 2018-09-03T20:25:27.425128280Z: [    0.256397] random: fast init done
[STDOUT  ] 2018-09-03T20:25:27.425147792Z: [    0.415187] Freeing SMP alternatives memory: 20K
[STDOUT  ] 2018-09-03T20:25:27.425161258Z: [    0.440521] smpboot: Max logical packages: 1
[STDOUT  ] 2018-09-03T20:25:27.425175223Z: [    0.448000] ..TIMER: vector=0x30 apic1=0 pin1=2 apic2=-1 pin2=-1
[STDOUT  ] 2018-09-03T20:25:27.425189054Z: [    0.458000] smpboot: CPU0: AMD QEMU Virtual CPU version 2.5+ (family: 0x6, model: 0x6, stepping: 0x3)
[STDOUT  ] 2018-09-03T20:25:27.425202604Z: [    0.465332] Performance Events: PMU not available due to virtualization, using software events only.
[STDOUT  ] 2018-09-03T20:25:27.425216248Z: [    0.469266] Hierarchical SRCU implementation.
[STDOUT  ] 2018-09-03T20:25:27.425229694Z: [    0.475460] NMI watchdog: Perf event create on CPU 0 failed with -2
[STDOUT  ] 2018-09-03T20:25:27.425248885Z: [    0.476070] NMI watchdog: Perf NMI watchdog permanently disabled
[STDOUT  ] 2018-09-03T20:25:27.425263346Z: [    0.481230] smp: Bringing up secondary CPUs ...
[STDOUT  ] 2018-09-03T20:25:27.425276902Z: [    0.481765] smp: Brought up 1 node, 1 CPU
[STDOUT  ] 2018-09-03T20:25:27.425290463Z: [    0.482153] smpboot: Total of 1 processors activated (5199.99 BogoMIPS)
[STDOUT  ] 2018-09-03T20:25:27.425304317Z: [    0.499533] devtmpfs: initialized
[STDOUT  ] 2018-09-03T20:25:27.425317964Z: [    0.506195] x86/mm: Memory block size: 128MB
[STDOUT  ] 2018-09-03T20:25:27.425344493Z: [    0.513893] evm: security.ima
[STDOUT  ] 2018-09-03T20:25:27.425361258Z: [    0.514060] evm: security.capability
[STDOUT  ] 2018-09-03T20:25:27.425374987Z: [    0.518540] clocksource: jiffies: mask: 0xffffffff max_cycles: 0xffffffff, max_idle_ns: 1911260446275000 ns
[STDOUT  ] 2018-09-03T20:25:27.425396964Z: [    0.520067] futex hash table entries: 256 (order: 2, 16384 bytes)
[STDOUT  ] 2018-09-03T20:25:27.425411049Z: [    0.533399] NET: Registered protocol family 16
[STDOUT  ] 2018-09-03T20:25:27.425424693Z: [    0.541861] cpuidle: using governor ladder
[STDOUT  ] 2018-09-03T20:25:27.425446569Z: [    0.542187] cpuidle: using governor menu
[STDOUT  ] 2018-09-03T20:25:27.425460115Z: [    0.544652] ACPI: bus type PCI registered
[STDOUT  ] 2018-09-03T20:25:27.425477718Z: [    0.549468] PCI: MMCONFIG for domain 0000 [bus 00-ff] at [mem 0xb0000000-0xbfffffff] (base 0xb0000000)
[STDOUT  ] 2018-09-03T20:25:27.425491917Z: [    0.551053] PCI: MMCONFIG at [mem 0xb0000000-0xbfffffff] reserved in E820
[STDOUT  ] 2018-09-03T20:25:27.425505752Z: [    0.552674] PCI: Using configuration type 1 for base access
[STDOUT  ] 2018-09-03T20:25:27.425519071Z: [    0.623205] HugeTLB registered 2.00 MiB page size, pre-allocated 0 pages
[STDOUT  ] 2018-09-03T20:25:27.425533012Z: [    0.635817] ACPI: Added _OSI(Module Device)
[STDOUT  ] 2018-09-03T20:25:27.425546546Z: [    0.636075] ACPI: Added _OSI(Processor Device)
[STDOUT  ] 2018-09-03T20:25:27.425560063Z: [    0.637041] ACPI: Added _OSI(3.0 _SCP Extensions)
[STDOUT  ] 2018-09-03T20:25:27.425574004Z: [    0.637459] ACPI: Added _OSI(Processor Aggregator Device)
[STDOUT  ] 2018-09-03T20:25:27.425605666Z: [    0.730239] ACPI: Interpreter enabled
[STDOUT  ] 2018-09-03T20:25:27.425619998Z: [    0.731304] ACPI: (supports S0 S5)
[STDOUT  ] 2018-09-03T20:25:27.425639483Z: [    0.731686] ACPI: Using IOAPIC for interrupt routing
[STDOUT  ] 2018-09-03T20:25:27.425653268Z: [    0.734444] PCI: Using host bridge windows from ACPI; if necessary, use "pci=nocrs" and report a bug
[STDOUT  ] 2018-09-03T20:25:27.425667232Z: [    0.739000] ACPI: Enabled 2 GPEs in block 00 to 3F
[STDOUT  ] 2018-09-03T20:25:27.425680751Z: [    0.823000] ACPI: PCI Root Bridge [PCI0] (domain 0000 [bus 00-ff])
[STDOUT  ] 2018-09-03T20:25:27.425694383Z: [    0.824331] acpi PNP0A08:00: _OSC: OS supports [ExtendedConfig ASPM ClockPM Segments MSI]
[STDOUT  ] 2018-09-03T20:25:27.425708262Z: [    0.830355] acpi PNP0A08:00: _OSC: OS now controls [PCIeHotplug PME PCIeCapability]
[STDOUT  ] 2018-09-03T20:25:27.425721860Z: [    0.834822] PCI host bridge to bus 0000:00
[STDOUT  ] 2018-09-03T20:25:27.425740110Z: [    0.835267] pci_bus 0000:00: root bus resource [io  0x0000-0x0cf7 window]
[STDOUT  ] 2018-09-03T20:25:27.425757576Z: [    0.836066] pci_bus 0000:00: root bus resource [io  0x0d00-0xffff window]
[STDOUT  ] 2018-09-03T20:25:27.425771037Z: [    0.836619] pci_bus 0000:00: root bus resource [mem 0x000a0000-0x000bffff window]
[STDOUT  ] 2018-09-03T20:25:27.425784633Z: [    0.837045] pci_bus 0000:00: root bus resource [mem 0xc0000000-0xfebfffff window]
[STDOUT  ] 2018-09-03T20:25:27.425798140Z: [    0.838166] pci_bus 0000:00: root bus resource [bus 00-ff]
[STDOUT  ] 2018-09-03T20:25:27.425811764Z: [    0.899358] pci 0000:00:1f.0: quirk: [io  0x0600-0x067f] claimed by ICH6 ACPI/GPIO/TCO
[STDOUT  ] 2018-09-03T20:25:27.425825418Z: [    0.952094] ACPI: PCI Interrupt Link [LNKA] (IRQs 5 *10 11)
[STDOUT  ] 2018-09-03T20:25:27.425839398Z: [    0.955656] ACPI: PCI Interrupt Link [LNKB] (IRQs 5 *10 11)
[STDOUT  ] 2018-09-03T20:25:27.425852814Z: [    0.958215] ACPI: PCI Interrupt Link [LNKC] (IRQs 5 10 *11)
[STDOUT  ] 2018-09-03T20:25:27.425866362Z: [    0.960473] ACPI: PCI Interrupt Link [LNKD] (IRQs 5 10 *11)
[STDOUT  ] 2018-09-03T20:25:27.425879807Z: [    0.962879] ACPI: PCI Interrupt Link [LNKE] (IRQs 5 *10 11)
[STDOUT  ] 2018-09-03T20:25:27.425893293Z: [    0.965233] ACPI: PCI Interrupt Link [LNKF] (IRQs 5 *10 11)
[STDOUT  ] 2018-09-03T20:25:27.425907061Z: [    0.967464] ACPI: PCI Interrupt Link [LNKG] (IRQs 5 10 *11)
[STDOUT  ] 2018-09-03T20:25:27.425920480Z: [    0.969771] ACPI: PCI Interrupt Link [LNKH] (IRQs 5 10 *11)
[STDOUT  ] 2018-09-03T20:25:27.425937580Z: [    0.971210] ACPI: PCI Interrupt Link [GSIA] (IRQs *16)
[STDOUT  ] 2018-09-03T20:25:27.425951134Z: [    0.971967] ACPI: PCI Interrupt Link [GSIB] (IRQs *17)
[STDOUT  ] 2018-09-03T20:25:27.425964634Z: [    0.972773] ACPI: PCI Interrupt Link [GSIC] (IRQs *18)
[STDOUT  ] 2018-09-03T20:25:27.425978271Z: [    0.973348] ACPI: PCI Interrupt Link [GSID] (IRQs *19)
[STDOUT  ] 2018-09-03T20:25:27.425992860Z: [    0.974347] ACPI: PCI Interrupt Link [GSIE] (IRQs *20)
[STDOUT  ] 2018-09-03T20:25:27.426008593Z: [    0.975350] ACPI: PCI Interrupt Link [GSIF] (IRQs *21)
[STDOUT  ] 2018-09-03T20:25:27.426025669Z: [    0.976349] ACPI: PCI Interrupt Link [GSIG] (IRQs *22)
[STDOUT  ] 2018-09-03T20:25:27.426039275Z: [    0.977323] ACPI: PCI Interrupt Link [GSIH] (IRQs *23)
[STDOUT  ] 2018-09-03T20:25:27.426052654Z: [    0.987804] SCSI subsystem initialized
[STDOUT  ] 2018-09-03T20:25:27.426069028Z: [    0.991462] ACPI: bus type USB registered
[STDOUT  ] 2018-09-03T20:25:27.426082430Z: [    0.992683] usbcore: registered new interface driver usbfs
[STDOUT  ] 2018-09-03T20:25:27.426095924Z: [    0.994087] usbcore: registered new interface driver hub
[STDOUT  ] 2018-09-03T20:25:27.426109818Z: [    0.995145] usbcore: registered new device driver usb
[STDOUT  ] 2018-09-03T20:25:27.426123312Z: [    0.996401] pps_core: LinuxPPS API ver. 1 registered
[STDOUT  ] 2018-09-03T20:25:27.426138202Z: [    0.996818] pps_core: Software ver. 5.3.6 - Copyright 2005-2007 Rodolfo Giometti <giometti@linux.it>
[STDOUT  ] 2018-09-03T20:25:27.426151791Z: [    0.997207] PTP clock support registered
[STDOUT  ] 2018-09-03T20:25:27.426165266Z: [    1.001234] PCI: Using ACPI for IRQ routing
[STDOUT  ] 2018-09-03T20:25:27.426178975Z: [    1.024229] NetLabel: Initializing
[STDOUT  ] 2018-09-03T20:25:27.426192640Z: [    1.024579] NetLabel:  domain hash size = 128
[STDOUT  ] 2018-09-03T20:25:27.426206243Z: [    1.024920] NetLabel:  protocols = UNLABELED CIPSOv4 CALIPSO
[STDOUT  ] 2018-09-03T20:25:27.426220173Z: [    1.027721] NetLabel:  unlabeled traffic allowed by default
[STDOUT  ] 2018-09-03T20:25:27.426233846Z: [    1.030117] HPET: 3 timers in total, 0 timers will be used for per-cpu timer
[STDOUT  ] 2018-09-03T20:25:27.426247404Z: [    1.031149] hpet0: at MMIO 0xfed00000, IRQs 2, 8, 0
[STDOUT  ] 2018-09-03T20:25:27.426261153Z: [    1.031664] hpet0: 3 comparators, 64-bit 100.000000 MHz counter
[STDOUT  ] 2018-09-03T20:25:27.426276258Z: [    1.037626] clocksource: Switched to clocksource hpet
[STDOUT  ] 2018-09-03T20:25:27.426297978Z: [    1.419455] VFS: Disk quotas dquot_6.6.0
[STDOUT  ] 2018-09-03T20:25:27.426315711Z: [    1.420583] VFS: Dquot-cache hash table entries: 512 (order 0, 4096 bytes)
[STDOUT  ] 2018-09-03T20:25:27.426329576Z: [    1.424424] FS-Cache: Loaded
[STDOUT  ] 2018-09-03T20:25:27.426343645Z: [    1.431546] CacheFiles: Loaded
[STDOUT  ] 2018-09-03T20:25:27.426357708Z: [    1.433072] pnp: PnP ACPI init
[STDOUT  ] 2018-09-03T20:25:27.426371443Z: [    1.448519] pnp: PnP ACPI: found 5 devices
[STDOUT  ] 2018-09-03T20:25:27.426385065Z: [    1.501299] clocksource: acpi_pm: mask: 0xffffff max_cycles: 0xffffff, max_idle_ns: 2085701024 ns
[STDOUT  ] 2018-09-03T20:25:27.426411612Z: [    1.504893] NET: Registered protocol family 2
[STDOUT  ] 2018-09-03T20:25:27.426427610Z: [    1.515016] TCP established hash table entries: 8192 (order: 4, 65536 bytes)
[STDOUT  ] 2018-09-03T20:25:27.426441404Z: [    1.516386] TCP bind hash table entries: 8192 (order: 5, 131072 bytes)
[STDOUT  ] 2018-09-03T20:25:27.426456615Z: [    1.518361] TCP: Hash tables configured (established 8192 bind 8192)
[STDOUT  ] 2018-09-03T20:25:27.426470594Z: [    1.521071] UDP hash table entries: 512 (order: 2, 16384 bytes)
[STDOUT  ] 2018-09-03T20:25:27.426487240Z: [    1.521933] UDP-Lite hash table entries: 512 (order: 2, 16384 bytes)
[STDOUT  ] 2018-09-03T20:25:27.426504315Z: [    1.525415] NET: Registered protocol family 1
[STDOUT  ] 2018-09-03T20:25:27.426518147Z: [    1.526750] pci 0000:00:01.0: Video device with shadowed ROM at [mem 0x000c0000-0x000dffff]
[STDOUT  ] 2018-09-03T20:25:27.426531971Z: [    1.536581] Trying to unpack rootfs image as initramfs...
[STDOUT  ] 2018-09-03T20:25:27.426558379Z: [   15.322049] Freeing initrd memory: 62636K
[STDOUT  ] 2018-09-03T20:25:27.426573577Z: [   15.357511] PCLMULQDQ-NI instructions are not detected.
[STDOUT  ] 2018-09-03T20:25:27.426587045Z: [   15.359398] AVX or AES-NI instructions are not detected.
[STDOUT  ] 2018-09-03T20:25:27.426600481Z: [   15.359919] CPU feature 'AVX registers' is not supported.
[STDOUT  ] 2018-09-03T20:25:27.426614494Z: [   15.360634] CPU feature 'AVX registers' is not supported.
[STDOUT  ] 2018-09-03T20:25:27.426628174Z: [   15.361259] CPU feature 'AVX registers' is not supported.
[STDOUT  ] 2018-09-03T20:25:27.426647654Z: [   15.361712] CPU feature 'AVX registers' is not supported.
[STDOUT  ] 2018-09-03T20:25:27.426663040Z: [   15.362300] AVX2 or AES-NI instructions are not detected.
[STDOUT  ] 2018-09-03T20:25:27.426681766Z: [   15.362766] AVX2 instructions are not detected.
[STDOUT  ] 2018-09-03T20:25:27.426695647Z: [   15.370696] audit: initializing netlink subsys (disabled)
[STDOUT  ] 2018-09-03T20:25:27.426709568Z: [   15.376616] audit: type=2000 audit(1536006283.372:1): state=initialized audit_enabled=0 res=1
[STDOUT  ] 2018-09-03T20:25:27.426723343Z: [   15.381895] workingset: timestamp_bits=46 max_order=18 bucket_order=0
[STDOUT  ] 2018-09-03T20:25:27.426737152Z: [   15.390612] squashfs: version 4.0 (2009/01/31) Phillip Lougher
[STDOUT  ] 2018-09-03T20:25:27.426750996Z: [   15.393869] FS-Cache: Netfs 'cifs' registered for caching
[STDOUT  ] 2018-09-03T20:25:27.426765184Z: [   15.396262] fuse init (API version 7.26)
[STDOUT  ] 2018-09-03T20:25:27.426778985Z: [   15.399462] SGI XFS with ACLs, security attributes, no debug enabled
[STDOUT  ] 2018-09-03T20:25:27.426793148Z: [   15.404415] 9p: Installing v9fs 9p2000 file system support
[STDOUT  ] 2018-09-03T20:25:27.426806785Z: [   15.405006] FS-Cache: Netfs '9p' registered for caching
[STDOUT  ] 2018-09-03T20:25:27.426820334Z: [   15.461694] NET: Registered protocol family 38
[STDOUT  ] 2018-09-03T20:25:27.426833811Z: [   15.462619] Key type asymmetric registered
[STDOUT  ] 2018-09-03T20:25:27.426847606Z: [   15.463032] Asymmetric key parser 'x509' registered
[STDOUT  ] 2018-09-03T20:25:27.426860991Z: [   15.464280] Block layer SCSI generic (bsg) driver version 0.4 loaded (major 247)
[STDOUT  ] 2018-09-03T20:25:27.426874863Z: [   15.466346] io scheduler noop registered
[STDOUT  ] 2018-09-03T20:25:27.426888658Z: [   15.466747] io scheduler deadline registered (default)
[STDOUT  ] 2018-09-03T20:25:27.426912555Z: [   15.467812] io scheduler cfq registered
[STDOUT  ] 2018-09-03T20:25:27.426926439Z: [   15.468362] io scheduler mq-deadline registered
[STDOUT  ] 2018-09-03T20:25:27.426940102Z: [   15.468700] io scheduler kyber registered
[STDOUT  ] 2018-09-03T20:25:27.426953601Z: [   15.472992] shpchp: Standard Hot Plug PCI Controller Driver version: 0.4
[STDOUT  ] 2018-09-03T20:25:27.426967120Z: [   15.474525] hv_vmbus: registering driver hyperv_fb
[STDOUT  ] 2018-09-03T20:25:27.426980812Z: [   15.478878] input: Power Button as /devices/LNXSYSTM:00/LNXPWRBN:00/input/input0
[STDOUT  ] 2018-09-03T20:25:27.426994780Z: [   15.482827] ACPI: Power Button [PWRF]
[STDOUT  ] 2018-09-03T20:25:27.427009755Z: [   15.505900] ACPI: PCI Interrupt Link [GSIG] enabled at IRQ 22
[STDOUT  ] 2018-09-03T20:25:27.427023422Z: [   15.522649] ACPI: PCI Interrupt Link [GSIH] enabled at IRQ 23
[STDOUT  ] 2018-09-03T20:25:27.427040385Z: [   15.531821] Serial: 8250/16550 driver, 4 ports, IRQ sharing disabled
[STDOUT  ] 2018-09-03T20:25:27.427054029Z: [   15.558302] 00:04: ttyS0 at I/O 0x3f8 (irq = 4, base_baud = 115200) is a 16550A
[STDOUT  ] 2018-09-03T20:25:27.427067564Z: [   15.571498] Non-volatile memory driver v1.3
[STDOUT  ] 2018-09-03T20:25:27.427083657Z: [   15.580043] Hangcheck: starting hangcheck timer 0.9.1 (tick is 180 seconds, margin is 60 seconds).
[STDOUT  ] 2018-09-03T20:25:27.427097404Z: [   15.589500] random: crng init done
[STDOUT  ] 2018-09-03T20:25:27.427111179Z: [   15.674570] brd: module loaded
[STDOUT  ] 2018-09-03T20:25:27.427124749Z: [   15.716518] loop: module loaded
[STDOUT  ] 2018-09-03T20:25:27.427139789Z: [   15.791915] lpc_ich 0000:00:1f.0: I/O space for GPIO uninitialized
[STDOUT  ] 2018-09-03T20:25:27.427153814Z: [   15.794955] VMware PVSCSI driver - version 1.0.7.0-k
[STDOUT  ] 2018-09-03T20:25:27.427208944Z: [   15.795846] hv_vmbus: registering driver hv_storvsc
[STDOUT  ] 2018-09-03T20:25:27.427223765Z: [   15.809607] ACPI: PCI Interrupt Link [GSIA] enabled at IRQ 16
[STDERR  ] 2018-09-03T20:25:27.423925634Z: [    0.000000] setup_percpu: NR_CPUS:128 nr_cpumask_bits:128 nr_cpu_ids:1 nr_node_ids:1
[STDERR  ] 2018-09-03T20:25:27.427301964Z: [    0.000000] percpu: Embedded 45 pages/cpu @ffff8d7fbc000000 s144280 r8192 d31848 u2097152
[STDERR  ] 2018-09-03T20:25:27.427329170Z: [    0.000000] Built 1 zonelists, mobility grouping on.  Total pages: 257896
[STDERR  ] 2018-09-03T20:25:27.427354658Z: [    0.000000] Kernel command line: console=ttyS0 console=ttyAMA0
[STDERR  ] 2018-09-03T20:25:27.427379720Z: [    0.000000] PID hash table entries: 4096 (order: 3, 32768 bytes)
[STDOUT  ] 2018-09-03T20:25:27.427237441Z: [   15.817690] ahci 0000:00:1f.2: AHCI 0001.0000 32 slots 6 ports 1.5 Gbps 0x3f impl SATA mode
[STDOUT  ] 2018-09-03T20:25:27.427490700Z: [   15.818646] ahci 0000:00:1f.2: flags: 64bit ncq only 
[STDOUT  ] 2018-09-03T20:25:27.427552306Z: [   15.840635] scsi host0: ahci
[STDOUT  ] 2018-09-03T20:25:27.427567814Z: [   15.844890] scsi host1: ahci
[STDOUT  ] 2018-09-03T20:25:27.427582438Z: [   15.847468] scsi host2: ahci
[STDOUT  ] 2018-09-03T20:25:27.427598672Z: [   15.849851] scsi host3: ahci
[STDOUT  ] 2018-09-03T20:25:27.427612633Z: [   15.852403] scsi host4: ahci
[STDOUT  ] 2018-09-03T20:25:27.427626573Z: [   15.854746] scsi host5: ahci
[STDOUT  ] 2018-09-03T20:25:27.427641307Z: [   15.856673] ata1: SATA max UDMA/133 abar m4096@0xfebd2000 port 0xfebd2100 irq 24
[STDOUT  ] 2018-09-03T20:25:27.427655684Z: [   15.857413] ata2: SATA max UDMA/133 abar m4096@0xfebd2000 port 0xfebd2180 irq 24
[STDOUT  ] 2018-09-03T20:25:27.427669217Z: [   15.857936] ata3: SATA max UDMA/133 abar m4096@0xfebd2000 port 0xfebd2200 irq 24
[STDERR  ] 2018-09-03T20:25:27.427414782Z: [    0.000000] Dentry cache hash table entries: 131072 (order: 8, 1048576 bytes)
[STDERR  ] 2018-09-03T20:25:27.427700822Z: [    0.000000] Inode-cache hash table entries: 65536 (order: 7, 524288 bytes)
[STDOUT  ] 2018-09-03T20:25:27.427685870Z: [   15.858619] ata4: SATA max UDMA/133 abar m4096@0xfebd2000 port 0xfebd2280 irq 24
[STDOUT  ] 2018-09-03T20:25:27.427834836Z: [   15.859444] ata5: SATA max UDMA/133 abar m4096@0xfebd2000 port 0xfebd2300 irq 24
[STDERR  ] 2018-09-03T20:25:27.427743093Z: [    0.000000] Memory: 942208K/1048052K available (12300K kernel code, 1447K rwdata, 2964K rodata, 1512K init, 628K bss, 105844K reserved, 0K cma-reserved)
[STDERR  ] 2018-09-03T20:25:27.427866819Z: [    0.000000] ftrace: allocating 40632 entries in 159 pages
[STDERR  ] 2018-09-03T20:25:27.427896204Z: [    0.000000] Hierarchical RCU implementation.
[STDERR  ] 2018-09-03T20:25:27.427916553Z: [    0.000000] 	RCU restricting CPUs from NR_CPUS=128 to nr_cpu_ids=1.
[STDERR  ] 2018-09-03T20:25:27.427935802Z: [    0.000000] RCU: Adjusting geometry for rcu_fanout_leaf=16, nr_cpu_ids=1
[STDERR  ] 2018-09-03T20:25:27.427955199Z: [    0.000000] NR_IRQS: 8448, nr_irqs: 256, preallocated irqs: 16
[STDOUT  ] 2018-09-03T20:25:27.427856584Z: [   15.860211] ata6: SATA max UDMA/133 abar m4096@0xfebd2000 port 0xfebd2380 irq 24
[STDOUT  ] 2018-09-03T20:25:27.428011594Z: [   15.876494] tun: Universal TUN/TAP device driver, 1.6
[STDOUT  ] 2018-09-03T20:25:27.428026964Z: [   15.889694] VMware vmxnet3 virtual NIC driver - version 1.4.a.0-k-NAPI
[STDOUT  ] 2018-09-03T20:25:27.428040672Z: [   15.890882] hv_vmbus: registering driver hv_netvsc
[STDOUT  ] 2018-09-03T20:25:27.428055501Z: [   15.891581] Fusion MPT base driver 3.04.20
[STDOUT  ] 2018-09-03T20:25:27.428069343Z: [   15.892003] Copyright (c) 1999-2008 LSI Corporation
[STDOUT  ] 2018-09-03T20:25:27.428084472Z: [   15.892953] Fusion MPT SPI Host driver 3.04.20
[STDERR  ] 2018-09-03T20:25:27.427978164Z: [    0.000000] Console: colour VGA+ 80x25
[STDERR  ] 2018-09-03T20:25:27.428115433Z: [    0.000000] console [ttyS0] enabled
[STDOUT  ] 2018-09-03T20:25:27.428099104Z: [   15.895877] i8042: PNP: PS/2 Controller [PNP0303:KBD,PNP0f13:MOU] at 0x60,0x64 irq 1,12
[STDOUT  ] 2018-09-03T20:25:27.428173537Z: [   15.901761] serio: i8042 KBD port at 0x60,0x64 irq 1
[STDOUT  ] 2018-09-03T20:25:27.428189464Z: [   15.902771] serio: i8042 AUX port at 0x60,0x64 irq 12
[STDOUT  ] 2018-09-03T20:25:27.428216742Z: [   15.906229] hv_vmbus: registering driver hyperv_keyboard
[STDOUT  ] 2018-09-03T20:25:27.428231448Z: [   15.908983] mousedev: PS/2 mouse device common for all mice
[STDOUT  ] 2018-09-03T20:25:27.428245326Z: [   15.915053] input: AT Translated Set 2 keyboard as /devices/platform/i8042/serio0/input/input1
[STDOUT  ] 2018-09-03T20:25:27.428272619Z: [   15.917421] input: PC Speaker as /devices/platform/pcspkr/input/input2
[STDOUT  ] 2018-09-03T20:25:27.428287140Z: [   15.923577] rtc_cmos 00:00: RTC can wake from S4
[STDOUT  ] 2018-09-03T20:25:27.428300948Z: [   15.927630] rtc_cmos 00:00: rtc core: registered rtc_cmos as rtc0
[STDOUT  ] 2018-09-03T20:25:27.428315271Z: [   15.929397] rtc_cmos 00:00: alarms up to one day, y3k, 114 bytes nvram, hpet irqs
[STDOUT  ] 2018-09-03T20:25:27.428328937Z: [   15.930480] i2c /dev entries driver
[STDOUT  ] 2018-09-03T20:25:27.428342638Z: [   15.932990] device-mapper: ioctl: 4.37.0-ioctl (2017-09-20) initialised: dm-devel@redhat.com
[STDOUT  ] 2018-09-03T20:25:27.428356290Z: [   15.939495] usbcore: registered new interface driver usbhid
[STDOUT  ] 2018-09-03T20:25:27.428370033Z: [   15.940043] usbhid: USB HID core driver
[STDOUT  ] 2018-09-03T20:25:27.428383896Z: [   15.941407] hv_utils: Registering HyperV Utility Driver
[STDOUT  ] 2018-09-03T20:25:27.428409524Z: [   15.941847] hv_vmbus: registering driver hv_util
[STDOUT  ] 2018-09-03T20:25:27.428423311Z: [   15.942416] hv_vmbus: registering driver hv_balloon
[STDOUT  ] 2018-09-03T20:25:27.428437429Z: [   15.943032] oprofile: using NMI interrupt.
[STDOUT  ] 2018-09-03T20:25:27.428456053Z: [   15.944779] GACT probability on
[STDOUT  ] 2018-09-03T20:25:27.428469926Z: [   15.945434] Mirror/redirect action on
[STDOUT  ] 2018-09-03T20:25:27.428484560Z: [   15.946279] Simple TC action Loaded
[STDOUT  ] 2018-09-03T20:25:27.428498218Z: [   15.946871] u32 classifier
[STDOUT  ] 2018-09-03T20:25:27.428512302Z: [   15.947278]     Performance counters on
[STDOUT  ] 2018-09-03T20:25:27.428539924Z: [   15.947603]     input device check on
[STDOUT  ] 2018-09-03T20:25:27.428557477Z: [   15.947932]     Actions configured
[STDOUT  ] 2018-09-03T20:25:27.428571221Z: [   15.948898] Netfilter messages via NETLINK v0.30.
[STDOUT  ] 2018-09-03T20:25:27.428585107Z: [   15.949864] nfnl_acct: registering with nfnetlink.
[STDOUT  ] 2018-09-03T20:25:27.428599382Z: [   15.952287] nf_conntrack version 0.5.0 (8192 buckets, 32768 max)
[STDOUT  ] 2018-09-03T20:25:27.428613208Z: [   15.955430] ctnetlink v0.93: registering with nfnetlink.
[STDOUT  ] 2018-09-03T20:25:27.428627292Z: [   15.959693] nf_tables: (c) 2007-2009 Patrick McHardy <kaber@trash.net>
[STDOUT  ] 2018-09-03T20:25:27.428650787Z: [   15.960969] nf_tables_compat: (c) 2012 Pablo Neira Ayuso <pablo@netfilter.org>
[STDOUT  ] 2018-09-03T20:25:27.428664737Z: [   15.964638] xt_time: kernel timezone is -0000
[STDOUT  ] 2018-09-03T20:25:27.428678563Z: [   15.965545] ip_set: protocol 6
[STDOUT  ] 2018-09-03T20:25:27.428692704Z: [   15.966848] ipip: IPv4 and MPLS over IPv4 tunneling driver
[STDOUT  ] 2018-09-03T20:25:27.428711066Z: [   15.972357] gre: GRE over IPv4 demultiplexor driver
[STDOUT  ] 2018-09-03T20:25:27.428724932Z: [   15.976023] ip_tables: (C) 2000-2006 Netfilter Core Team
[STDOUT  ] 2018-09-03T20:25:27.428738531Z: [   15.982579] arp_tables: arp_tables: (C) 2002 David S. Miller
[STDOUT  ] 2018-09-03T20:25:27.428752182Z: [   15.985679] NET: Registered protocol family 10
[STDOUT  ] 2018-09-03T20:25:27.428766064Z: [   15.998621] Segment Routing with IPv6
[STDOUT  ] 2018-09-03T20:25:27.428779574Z: [   15.999753] ip6_tables: (C) 2000-2006 Netfilter Core Team
[STDOUT  ] 2018-09-03T20:25:27.428793241Z: [   16.011680] NET: Registered protocol family 17
[STDOUT  ] 2018-09-03T20:25:27.428806910Z: [   16.012990] Bridge firewalling registered
[STDOUT  ] 2018-09-03T20:25:27.428823297Z: [   16.013892] 8021q: 802.1Q VLAN Support v1.8
[STDOUT  ] 2018-09-03T20:25:27.428836986Z: [   16.016216] 9pnet: Installing 9P2000 support
[STDOUT  ] 2018-09-03T20:25:27.428850591Z: [   16.018392] Key type dns_resolver registered
[STDOUT  ] 2018-09-03T20:25:27.428864115Z: [   16.020356] sched_clock: Marking stable (16020151510, 0)->(16280224160, -260072650)
[STDOUT  ] 2018-09-03T20:25:27.428878424Z: [   16.025478] registered taskstats version 1
[STDOUT  ] 2018-09-03T20:25:27.428892042Z: [   16.177384] ata3: SATA link up 1.5 Gbps (SStatus 113 SControl 300)
[STDOUT  ] 2018-09-03T20:25:27.428905778Z: [   16.181064] ata2: SATA link down (SStatus 0 SControl 300)
[STDOUT  ] 2018-09-03T20:25:27.428920492Z: [   16.182803] ata1: SATA link down (SStatus 0 SControl 300)
[STDOUT  ] 2018-09-03T20:25:27.428935812Z: [   16.183590] ata6: SATA link down (SStatus 0 SControl 300)
[STDOUT  ] 2018-09-03T20:25:27.428953388Z: [   16.184247] ata5: SATA link down (SStatus 0 SControl 300)
[STDOUT  ] 2018-09-03T20:25:27.428967674Z: [   16.184797] ata4: SATA link down (SStatus 0 SControl 300)
[STDOUT  ] 2018-09-03T20:25:27.428982455Z: [   16.191935] ata3.00: ATAPI: QEMU DVD-ROM, 2.5+, max UDMA/100
[STDOUT  ] 2018-09-03T20:25:27.428996274Z: [   16.192697] ata3.00: applying bridge limits
[STDOUT  ] 2018-09-03T20:25:27.429010307Z: [   16.198978] ata3.00: configured for UDMA/100
[STDOUT  ] 2018-09-03T20:25:27.429023976Z: [   16.222958] scsi 2:0:0:0: CD-ROM            QEMU     QEMU DVD-ROM     2.5+ PQ: 0 ANSI: 5
[STDOUT  ] 2018-09-03T20:25:27.429038187Z: [   16.256858] sr 2:0:0:0: [sr0] scsi3-mmc drive: 4x/4x cd/rw xa/form2 tray
[STDOUT  ] 2018-09-03T20:25:27.429052043Z: [   16.258015] cdrom: Uniform CD-ROM driver Revision: 3.20
[STDOUT  ] 2018-09-03T20:25:27.429065713Z: [   16.273020] sr 2:0:0:0: Attached scsi generic sg0 type 5
[STDOUT  ] 2018-09-03T20:25:27.429079334Z: [   16.352460] tsc: Refined TSC clocksource calibration: 2599.915 MHz
[STDOUT  ] 2018-09-03T20:25:27.429093194Z: [   16.353507] clocksource: tsc: mask: 0xffffffffffffffff max_cycles: 0x2579ebf5280, max_idle_ns: 440795265740 ns
[STDOUT  ] 2018-09-03T20:25:27.429109818Z: [   16.407711] Key type big_key registered
[STDOUT  ] 2018-09-03T20:25:27.429128737Z: [   16.529762] Key type trusted registered
[STDOUT  ] 2018-09-03T20:25:27.429147916Z: [   16.656081] Key type encrypted registered
[STDOUT  ] 2018-09-03T20:25:27.429162979Z: [   16.657371] ima: No TPM chip found, activating TPM-bypass! (rc=-19)
[STDOUT  ] 2018-09-03T20:25:27.429176659Z: [   16.658302] ima: Allocated hash algorithm: sha256
[STDOUT  ] 2018-09-03T20:25:27.429195038Z: [   16.662791] evm: HMAC attrs: 0x1
[STDOUT  ] 2018-09-03T20:25:27.429210092Z: [   16.668755] rtc_cmos 00:00: setting system clock to 2018-09-03 20:24:45 UTC (1536006285)
[STDOUT  ] 2018-09-03T20:25:27.429223819Z: [   16.859056] Freeing unused kernel memory: 1512K
[STDOUT  ] 2018-09-03T20:25:27.429237578Z: [   16.860975] Write protecting the kernel read-only data: 18432k
[STDOUT  ] 2018-09-03T20:25:27.429251356Z: [   16.881512] Freeing unused kernel memory: 2024K
[STDOUT  ] 2018-09-03T20:25:27.429279434Z: [   16.968560] Freeing unused kernel memory: 1132K
[STDOUT  ] 2018-09-03T20:25:27.429294469Z: [   17.364843] clocksource: Switched to clocksource tsc
[STDOUT  ] 2018-09-03T20:25:27.429308088Z: 
[STDOUT  ] 2018-09-03T20:25:27.429328951Z: Welcome to LinuxKit
[STDOUT  ] 2018-09-03T20:25:27.429342808Z: 
[STDOUT  ] 2018-09-03T20:25:27.429356754Z:                         ##         .
[STDOUT  ] 2018-09-03T20:25:27.429372493Z:                   ## ## ##        ==
[STDOUT  ] 2018-09-03T20:25:27.429386341Z:                ## ## ## ## ##    ===
[STDOUT  ] 2018-09-03T20:25:27.429409068Z:            /"""""""""""""""""\___/ ===
[STDOUT  ] 2018-09-03T20:25:27.429422873Z:           {                       /  ===-
[STDOUT  ] 2018-09-03T20:25:27.429436477Z:            \______ O           __/
[STDOUT  ] 2018-09-03T20:25:27.429450106Z:              \    \         __/
[STDOUT  ] 2018-09-03T20:25:27.429464330Z:               \____\_______/
[STDOUT  ] 2018-09-03T20:25:27.429480149Z: 
[STDOUT  ] 2018-09-03T20:25:27.429494791Z: binfmt test suite PASSED
[STDOUT  ] 2018-09-03T20:25:27.429508346Z: [   57.329924] ACPI: Preparing to enter system sleep state S5
[STDOUT  ] 2018-09-03T20:25:27.429522419Z: [   57.331938] reboot: Power down
[STDERR  ] 2018-09-03T20:25:27.428158705Z: [    0.000000] clocksource: hpet: mask: 0xffffffff max_cycles: 0xffffffff, max_idle_ns: 19112604467 ns
[STDERR  ] 2018-09-03T20:25:27.429558131Z: [    0.003000] tsc: Fast TSC calibration using PIT
[STDERR  ] 2018-09-03T20:25:27.429596338Z: [    0.004000] tsc: Detected 2599.999 MHz processor
[STDERR  ] 2018-09-03T20:25:27.429615455Z: [    0.008408] Calibrating delay loop (skipped), value calculated using timer frequency.. 5199.99 BogoMIPS (lpj=2599999)
[STDERR  ] 2018-09-03T20:25:27.429693529Z: [    0.010051] pid_max: default: 32768 minimum: 301
[STDERR  ] 2018-09-03T20:25:27.429713291Z: [    0.011181] ACPI: Core revision 20170728
[STDERR  ] 2018-09-03T20:25:27.429737221Z: [    0.057247] ACPI: 1 ACPI AML tables successfully acquired and loaded
[STDERR  ] 2018-09-03T20:25:27.429757144Z: [    0.062211] Security Framework initialized
[STDERR  ] 2018-09-03T20:25:27.429775916Z: [    0.062782] Yama: becoming mindful.
[STDERR  ] 2018-09-03T20:25:27.429794656Z: [    0.065595] Mount-cache hash table entries: 2048 (order: 2, 16384 bytes)
[STDERR  ] 2018-09-03T20:25:27.429813504Z: [    0.066094] Mountpoint-cache hash table entries: 2048 (order: 2, 16384 bytes)
[STDERR  ] 2018-09-03T20:25:27.429832827Z: [    0.088254] Last level iTLB entries: 4KB 0, 2MB 0, 4MB 0
[STDERR  ] 2018-09-03T20:25:27.429851997Z: [    0.088863] Last level dTLB entries: 4KB 0, 2MB 0, 4MB 0, 1GB 0
[STDERR  ] 2018-09-03T20:25:27.429874511Z: [    0.089184] Spectre V2 : Spectre mitigation: LFENCE not serializing, switching to generic retpoline
[STDERR  ] 2018-09-03T20:25:27.429903534Z: [    0.090061] Spectre V2 : Mitigation: Full generic retpoline
[STDERR  ] 2018-09-03T20:25:27.429924197Z: [    0.091055] Spectre V2 : Spectre v2 / SpectreRSB mitigation: Filling RSB on context switch
[STDERR  ] 2018-09-03T20:25:27.429943797Z: [    0.092090] Speculative Store Bypass: Vulnerable
[STDERR  ] 2018-09-03T20:25:27.429968509Z: [    0.256397] random: fast init done
[STDERR  ] 2018-09-03T20:25:27.430000932Z: [    0.415187] Freeing SMP alternatives memory: 20K
[STDERR  ] 2018-09-03T20:25:27.430030023Z: [    0.440521] smpboot: Max logical packages: 1
[STDERR  ] 2018-09-03T20:25:27.430049743Z: [    0.448000] ..TIMER: vector=0x30 apic1=0 pin1=2 apic2=-1 pin2=-1
[STDERR  ] 2018-09-03T20:25:27.430068703Z: [    0.458000] smpboot: CPU0: AMD QEMU Virtual CPU version 2.5+ (family: 0x6, model: 0x6, stepping: 0x3)
[STDERR  ] 2018-09-03T20:25:27.430112422Z: [    0.465332] Performance Events: PMU not available due to virtualization, using software events only.
[STDERR  ] 2018-09-03T20:25:27.430136176Z: [    0.469266] Hierarchical SRCU implementation.
[STDERR  ] 2018-09-03T20:25:27.430155116Z: [    0.475460] NMI watchdog: Perf event create on CPU 0 failed with -2
[STDERR  ] 2018-09-03T20:25:27.430174031Z: [    0.476070] NMI watchdog: Perf NMI watchdog permanently disabled
[STDERR  ] 2018-09-03T20:25:27.430193280Z: [    0.481230] smp: Bringing up secondary CPUs ...
[STDERR  ] 2018-09-03T20:25:27.430218343Z: [    0.481765] smp: Brought up 1 node, 1 CPU
[STDERR  ] 2018-09-03T20:25:27.430237402Z: [    0.482153] smpboot: Total of 1 processors activated (5199.99 BogoMIPS)
[STDERR  ] 2018-09-03T20:25:27.430256166Z: [    0.499533] devtmpfs: initialized
[STDERR  ] 2018-09-03T20:25:27.430276619Z: [    0.506195] x86/mm: Memory block size: 128MB
[STDERR  ] 2018-09-03T20:25:27.430295183Z: [    0.513893] evm: security.ima
[STDERR  ] 2018-09-03T20:25:27.430314295Z: [    0.514060] evm: security.capability
[STDERR  ] 2018-09-03T20:25:27.430333426Z: [    0.518540] clocksource: jiffies: mask: 0xffffffff max_cycles: 0xffffffff, max_idle_ns: 1911260446275000 ns
[STDERR  ] 2018-09-03T20:25:27.430352534Z: [    0.520067] futex hash table entries: 256 (order: 2, 16384 bytes)
[STDERR  ] 2018-09-03T20:25:27.430371453Z: [    0.533399] NET: Registered protocol family 16
[STDERR  ] 2018-09-03T20:25:27.430400708Z: [    0.541861] cpuidle: using governor ladder
[STDERR  ] 2018-09-03T20:25:27.430420161Z: [    0.542187] cpuidle: using governor menu
[STDERR  ] 2018-09-03T20:25:27.430445677Z: [    0.544652] ACPI: bus type PCI registered
[STDERR  ] 2018-09-03T20:25:27.430464537Z: [    0.549468] PCI: MMCONFIG for domain 0000 [bus 00-ff] at [mem 0xb0000000-0xbfffffff] (base 0xb0000000)
[STDERR  ] 2018-09-03T20:25:27.430485483Z: [    0.551053] PCI: MMCONFIG at [mem 0xb0000000-0xbfffffff] reserved in E820
[STDERR  ] 2018-09-03T20:25:27.430505809Z: [    0.552674] PCI: Using configuration type 1 for base access
[STDERR  ] 2018-09-03T20:25:27.430524725Z: [    0.623205] HugeTLB registered 2.00 MiB page size, pre-allocated 0 pages
[STDERR  ] 2018-09-03T20:25:27.430583530Z: [    0.635817] ACPI: Added _OSI(Module Device)
[STDERR  ] 2018-09-03T20:25:27.430639826Z: [    0.636075] ACPI: Added _OSI(Processor Device)
[STDERR  ] 2018-09-03T20:25:27.430659396Z: [    0.637041] ACPI: Added _OSI(3.0 _SCP Extensions)
[STDERR  ] 2018-09-03T20:25:27.430678679Z: [    0.637459] ACPI: Added _OSI(Processor Aggregator Device)
[STDERR  ] 2018-09-03T20:25:27.430698202Z: [    0.730239] ACPI: Interpreter enabled
[STDERR  ] 2018-09-03T20:25:27.430717265Z: [    0.731304] ACPI: (supports S0 S5)
[STDERR  ] 2018-09-03T20:25:27.430736222Z: [    0.731686] ACPI: Using IOAPIC for interrupt routing
[STDERR  ] 2018-09-03T20:25:27.430755152Z: [    0.734444] PCI: Using host bridge windows from ACPI; if necessary, use "pci=nocrs" and report a bug
[STDERR  ] 2018-09-03T20:25:27.430774502Z: [    0.739000] ACPI: Enabled 2 GPEs in block 00 to 3F
[STDERR  ] 2018-09-03T20:25:27.430793264Z: [    0.823000] ACPI: PCI Root Bridge [PCI0] (domain 0000 [bus 00-ff])
[STDERR  ] 2018-09-03T20:25:27.430812459Z: [    0.824331] acpi PNP0A08:00: _OSC: OS supports [ExtendedConfig ASPM ClockPM Segments MSI]
[STDERR  ] 2018-09-03T20:25:27.430832423Z: [    0.830355] acpi PNP0A08:00: _OSC: OS now controls [PCIeHotplug PME PCIeCapability]
[STDERR  ] 2018-09-03T20:25:27.430851528Z: [    0.834822] PCI host bridge to bus 0000:00
[STDERR  ] 2018-09-03T20:25:27.430880462Z: [    0.835267] pci_bus 0000:00: root bus resource [io  0x0000-0x0cf7 window]
[STDERR  ] 2018-09-03T20:25:27.430912772Z: [    0.836066] pci_bus 0000:00: root bus resource [io  0x0d00-0xffff window]
[STDERR  ] 2018-09-03T20:25:27.430931935Z: [    0.836619] pci_bus 0000:00: root bus resource [mem 0x000a0000-0x000bffff window]
[STDERR  ] 2018-09-03T20:25:27.430954855Z: [    0.837045] pci_bus 0000:00: root bus resource [mem 0xc0000000-0xfebfffff window]
[STDERR  ] 2018-09-03T20:25:27.430974574Z: [    0.838166] pci_bus 0000:00: root bus resource [bus 00-ff]
[STDERR  ] 2018-09-03T20:25:27.430993737Z: [    0.899358] pci 0000:00:1f.0: quirk: [io  0x0600-0x067f] claimed by ICH6 ACPI/GPIO/TCO
[STDERR  ] 2018-09-03T20:25:27.431016835Z: [    0.952094] ACPI: PCI Interrupt Link [LNKA] (IRQs 5 *10 11)
[STDERR  ] 2018-09-03T20:25:27.431035740Z: [    0.955656] ACPI: PCI Interrupt Link [LNKB] (IRQs 5 *10 11)
[STDERR  ] 2018-09-03T20:25:27.431058173Z: [    0.958215] ACPI: PCI Interrupt Link [LNKC] (IRQs 5 10 *11)
[STDERR  ] 2018-09-03T20:25:27.431083152Z: [    0.960473] ACPI: PCI Interrupt Link [LNKD] (IRQs 5 10 *11)
[STDERR  ] 2018-09-03T20:25:27.431102175Z: [    0.962879] ACPI: PCI Interrupt Link [LNKE] (IRQs 5 *10 11)
[STDERR  ] 2018-09-03T20:25:27.431121764Z: [    0.965233] ACPI: PCI Interrupt Link [LNKF] (IRQs 5 *10 11)
[STDERR  ] 2018-09-03T20:25:27.431143233Z: [    0.967464] ACPI: PCI Interrupt Link [LNKG] (IRQs 5 10 *11)
[STDERR  ] 2018-09-03T20:25:27.431193157Z: [    0.969771] ACPI: PCI Interrupt Link [LNKH] (IRQs 5 10 *11)
[STDERR  ] 2018-09-03T20:25:27.431223812Z: [    0.971210] ACPI: PCI Interrupt Link [GSIA] (IRQs *16)
[STDERR  ] 2018-09-03T20:25:27.431243146Z: [    0.971967] ACPI: PCI Interrupt Link [GSIB] (IRQs *17)
[STDERR  ] 2018-09-03T20:25:27.431262040Z: [    0.972773] ACPI: PCI Interrupt Link [GSIC] (IRQs *18)
[STDERR  ] 2018-09-03T20:25:27.431281541Z: [    0.973348] ACPI: PCI Interrupt Link [GSID] (IRQs *19)
[STDERR  ] 2018-09-03T20:25:27.431300493Z: [    0.974347] ACPI: PCI Interrupt Link [GSIE] (IRQs *20)
[STDERR  ] 2018-09-03T20:25:27.431320477Z: [    0.975350] ACPI: PCI Interrupt Link [GSIF] (IRQs *21)
[STDERR  ] 2018-09-03T20:25:27.431340416Z: [    0.976349] ACPI: PCI Interrupt Link [GSIG] (IRQs *22)
[STDERR  ] 2018-09-03T20:25:27.431364324Z: [    0.977323] ACPI: PCI Interrupt Link [GSIH] (IRQs *23)
[STDERR  ] 2018-09-03T20:25:27.431398901Z: [    0.987804] SCSI subsystem initialized
[STDERR  ] 2018-09-03T20:25:27.431418686Z: [    0.991462] ACPI: bus type USB registered
[STDERR  ] 2018-09-03T20:25:27.431437553Z: [    0.992683] usbcore: registered new interface driver usbfs
[STDERR  ] 2018-09-03T20:25:27.431457031Z: [    0.994087] usbcore: registered new interface driver hub
[STDERR  ] 2018-09-03T20:25:27.431476382Z: [    0.995145] usbcore: registered new device driver usb
[STDERR  ] 2018-09-03T20:25:27.431501027Z: [    0.996401] pps_core: LinuxPPS API ver. 1 registered
[STDERR  ] 2018-09-03T20:25:27.431521285Z: [    0.996818] pps_core: Software ver. 5.3.6 - Copyright 2005-2007 Rodolfo Giometti <giometti@linux.it>
[STDERR  ] 2018-09-03T20:25:27.431540679Z: [    0.997207] PTP clock support registered
[STDERR  ] 2018-09-03T20:25:27.431575770Z: [    1.001234] PCI: Using ACPI for IRQ routing
[STDERR  ] 2018-09-03T20:25:27.431601739Z: [    1.024229] NetLabel: Initializing
[STDERR  ] 2018-09-03T20:25:27.431620584Z: [    1.024579] NetLabel:  domain hash size = 128
[STDERR  ] 2018-09-03T20:25:27.431654223Z: [    1.024920] NetLabel:  protocols = UNLABELED CIPSOv4 CALIPSO
[STDERR  ] 2018-09-03T20:25:27.431673514Z: [    1.027721] NetLabel:  unlabeled traffic allowed by default
[STDERR  ] 2018-09-03T20:25:27.431694628Z: [    1.030117] HPET: 3 timers in total, 0 timers will be used for per-cpu timer
[STDERR  ] 2018-09-03T20:25:27.431713937Z: [    1.031149] hpet0: at MMIO 0xfed00000, IRQs 2, 8, 0
[STDERR  ] 2018-09-03T20:25:27.431732913Z: [    1.031664] hpet0: 3 comparators, 64-bit 100.000000 MHz counter
[STDERR  ] 2018-09-03T20:25:27.431752443Z: [    1.037626] clocksource: Switched to clocksource hpet
[STDERR  ] 2018-09-03T20:25:27.431777174Z: [    1.419455] VFS: Disk quotas dquot_6.6.0
[STDERR  ] 2018-09-03T20:25:27.431804260Z: [    1.420583] VFS: Dquot-cache hash table entries: 512 (order 0, 4096 bytes)
[STDERR  ] 2018-09-03T20:25:27.431830085Z: [    1.424424] FS-Cache: Loaded
[STDERR  ] 2018-09-03T20:25:27.431849234Z: [    1.431546] CacheFiles: Loaded
[STDERR  ] 2018-09-03T20:25:27.431867838Z: [    1.433072] pnp: PnP ACPI init
[STDERR  ] 2018-09-03T20:25:27.431886732Z: [    1.448519] pnp: PnP ACPI: found 5 devices
[STDERR  ] 2018-09-03T20:25:27.431905839Z: [    1.501299] clocksource: acpi_pm: mask: 0xffffff max_cycles: 0xffffff, max_idle_ns: 2085701024 ns
[STDERR  ] 2018-09-03T20:25:27.431925371Z: [    1.504893] NET: Registered protocol family 2
[STDERR  ] 2018-09-03T20:25:27.431944038Z: [    1.515016] TCP established hash table entries: 8192 (order: 4, 65536 bytes)
[STDERR  ] 2018-09-03T20:25:27.431966381Z: [    1.516386] TCP bind hash table entries: 8192 (order: 5, 131072 bytes)
[STDERR  ] 2018-09-03T20:25:27.431985914Z: [    1.518361] TCP: Hash tables configured (established 8192 bind 8192)
[STDERR  ] 2018-09-03T20:25:27.432004670Z: [    1.521071] UDP hash table entries: 512 (order: 2, 16384 bytes)
[STDERR  ] 2018-09-03T20:25:27.432026983Z: [    1.521933] UDP-Lite hash table entries: 512 (order: 2, 16384 bytes)
[STDERR  ] 2018-09-03T20:25:27.432056331Z: [    1.525415] NET: Registered protocol family 1
[STDERR  ] 2018-09-03T20:25:27.432075767Z: [    1.526750] pci 0000:00:01.0: Video device with shadowed ROM at [mem 0x000c0000-0x000dffff]
[STDERR  ] 2018-09-03T20:25:27.432095146Z: [    1.536581] Trying to unpack rootfs image as initramfs...
[STDERR  ] 2018-09-03T20:25:27.432120384Z: [   15.322049] Freeing initrd memory: 62636K
[STDERR  ] 2018-09-03T20:25:27.432140930Z: [   15.357511] PCLMULQDQ-NI instructions are not detected.
[STDERR  ] 2018-09-03T20:25:27.432160047Z: [   15.359398] AVX or AES-NI instructions are not detected.
[STDERR  ] 2018-09-03T20:25:27.432179193Z: [   15.359919] CPU feature 'AVX registers' is not supported.
[STDERR  ] 2018-09-03T20:25:27.432198888Z: [   15.360634] CPU feature 'AVX registers' is not supported.
[STDERR  ] 2018-09-03T20:25:27.432218111Z: [   15.361259] CPU feature 'AVX registers' is not supported.
[STDERR  ] 2018-09-03T20:25:27.432237395Z: [   15.361712] CPU feature 'AVX registers' is not supported.
[STDERR  ] 2018-09-03T20:25:27.432263089Z: [   15.362300] AVX2 or AES-NI instructions are not detected.
[STDERR  ] 2018-09-03T20:25:27.432281917Z: [   15.362766] AVX2 instructions are not detected.
[STDERR  ] 2018-09-03T20:25:27.432301254Z: [   15.370696] audit: initializing netlink subsys (disabled)
[STDERR  ] 2018-09-03T20:25:27.432320230Z: [   15.376616] audit: type=2000 audit(1536006283.372:1): state=initialized audit_enabled=0 res=1
[STDERR  ] 2018-09-03T20:25:27.432339568Z: [   15.381895] workingset: timestamp_bits=46 max_order=18 bucket_order=0
[STDERR  ] 2018-09-03T20:25:27.432358822Z: [   15.390612] squashfs: version 4.0 (2009/01/31) Phillip Lougher
[STDERR  ] 2018-09-03T20:25:27.432378120Z: [   15.393869] FS-Cache: Netfs 'cifs' registered for caching
[STDERR  ] 2018-09-03T20:25:27.432405842Z: [   15.396262] fuse init (API version 7.26)
[STDERR  ] 2018-09-03T20:25:27.432425438Z: [   15.399462] SGI XFS with ACLs, security attributes, no debug enabled
[STDERR  ] 2018-09-03T20:25:27.432444187Z: [   15.404415] 9p: Installing v9fs 9p2000 file system support
[STDERR  ] 2018-09-03T20:25:27.432464270Z: [   15.405006] FS-Cache: Netfs '9p' registered for caching
[STDERR  ] 2018-09-03T20:25:27.432486401Z: [   15.461694] NET: Registered protocol family 38
[STDERR  ] 2018-09-03T20:25:27.432505753Z: [   15.462619] Key type asymmetric registered
[STDERR  ] 2018-09-03T20:25:27.432525449Z: [   15.463032] Asymmetric key parser 'x509' registered
[STDERR  ] 2018-09-03T20:25:27.432548976Z: [   15.464280] Block layer SCSI generic (bsg) driver version 0.4 loaded (major 247)
[STDERR  ] 2018-09-03T20:25:27.432568820Z: [   15.466346] io scheduler noop registered
[STDERR  ] 2018-09-03T20:25:27.432593643Z: [   15.466747] io scheduler deadline registered (default)
[STDERR  ] 2018-09-03T20:25:27.432624390Z: [   15.467812] io scheduler cfq registered
[STDERR  ] 2018-09-03T20:25:27.432649521Z: [   15.468362] io scheduler mq-deadline registered
[STDERR  ] 2018-09-03T20:25:27.432668957Z: [   15.468700] io scheduler kyber registered
[STDERR  ] 2018-09-03T20:25:27.432688065Z: [   15.472992] shpchp: Standard Hot Plug PCI Controller Driver version: 0.4
[STDERR  ] 2018-09-03T20:25:27.432707657Z: [   15.474525] hv_vmbus: registering driver hyperv_fb
[STDERR  ] 2018-09-03T20:25:27.432727425Z: [   15.478878] input: Power Button as /devices/LNXSYSTM:00/LNXPWRBN:00/input/input0
[STDERR  ] 2018-09-03T20:25:27.432755770Z: [   15.482827] ACPI: Power Button [PWRF]
[STDERR  ] 2018-09-03T20:25:27.432789461Z: [   15.505900] ACPI: PCI Interrupt Link [GSIG] enabled at IRQ 22
[STDERR  ] 2018-09-03T20:25:27.432811669Z: [   15.522649] ACPI: PCI Interrupt Link [GSIH] enabled at IRQ 23
[STDERR  ] 2018-09-03T20:25:27.432836404Z: [   15.531821] Serial: 8250/16550 driver, 4 ports, IRQ sharing disabled
[STDERR  ] 2018-09-03T20:25:27.432855889Z: [   15.558302] 00:04: ttyS0 at I/O 0x3f8 (irq = 4, base_baud = 115200) is a 16550A
[STDERR  ] 2018-09-03T20:25:27.432875211Z: [   15.571498] Non-volatile memory driver v1.3
[STDERR  ] 2018-09-03T20:25:27.432900077Z: [   15.580043] Hangcheck: starting hangcheck timer 0.9.1 (tick is 180 seconds, margin is 60 seconds).
[STDERR  ] 2018-09-03T20:25:27.432920060Z: [   15.589500] random: crng init done
[STDERR  ] 2018-09-03T20:25:27.432939850Z: [   15.674570] brd: module loaded
[STDERR  ] 2018-09-03T20:25:27.432958947Z: [   15.716518] loop: module loaded
[STDERR  ] 2018-09-03T20:25:27.432977575Z: [   15.791915] lpc_ich 0000:00:1f.0: I/O space for GPIO uninitialized
[STDERR  ] 2018-09-03T20:25:27.432996971Z: [   15.794955] VMware PVSCSI driver - version 1.0.7.0-k
[STDERR  ] 2018-09-03T20:25:27.433030850Z: [   15.795846] hv_vmbus: registering driver hv_storvsc
[STDERR  ] 2018-09-03T20:25:27.433057734Z: [   15.809607] ACPI: PCI Interrupt Link [GSIA] enabled at IRQ 16
[STDERR  ] 2018-09-03T20:25:27.433077131Z: [   15.817690] ahci 0000:00:1f.2: AHCI 0001.0000 32 slots 6 ports 1.5 Gbps 0x3f impl SATA mode
[STDERR  ] 2018-09-03T20:25:27.433098245Z: [   15.818646] ahci 0000:00:1f.2: flags: 64bit ncq only 
[STDERR  ] 2018-09-03T20:25:27.433121288Z: [   15.840635] scsi host0: ahci
[STDERR  ] 2018-09-03T20:25:27.433141896Z: [   15.844890] scsi host1: ahci
[STDERR  ] 2018-09-03T20:25:27.433162074Z: [   15.847468] scsi host2: ahci
[STDERR  ] 2018-09-03T20:25:27.433190220Z: [   15.849851] scsi host3: ahci
[STDERR  ] 2018-09-03T20:25:27.433211486Z: [   15.852403] scsi host4: ahci
[STDERR  ] 2018-09-03T20:25:27.433230149Z: [   15.854746] scsi host5: ahci
[STDERR  ] 2018-09-03T20:25:27.433249814Z: [   15.856673] ata1: SATA max UDMA/133 abar m4096@0xfebd2000 port 0xfebd2100 irq 24
[STDERR  ] 2018-09-03T20:25:27.433269696Z: [   15.857413] ata2: SATA max UDMA/133 abar m4096@0xfebd2000 port 0xfebd2180 irq 24
[STDERR  ] 2018-09-03T20:25:27.433289405Z: [   15.857936] ata3: SATA max UDMA/133 abar m4096@0xfebd2000 port 0xfebd2200 irq 24
[STDERR  ] 2018-09-03T20:25:27.433312789Z: [   15.858619] ata4: SATA max UDMA/133 abar m4096@0xfebd2000 port 0xfebd2280 irq 24
[STDERR  ] 2018-09-03T20:25:27.433331784Z: [   15.859444] ata5: SATA max UDMA/133 abar m4096@0xfebd2000 port 0xfebd2300 irq 24
[STDERR  ] 2018-09-03T20:25:27.433351224Z: [   15.860211] ata6: SATA max UDMA/133 abar m4096@0xfebd2000 port 0xfebd2380 irq 24
[STDERR  ] 2018-09-03T20:25:27.433379314Z: [   15.876494] tun: Universal TUN/TAP device driver, 1.6
[STDERR  ] 2018-09-03T20:25:27.433408247Z: [   15.889694] VMware vmxnet3 virtual NIC driver - version 1.4.a.0-k-NAPI
[STDERR  ] 2018-09-03T20:25:27.433428103Z: [   15.890882] hv_vmbus: registering driver hv_netvsc
[STDERR  ] 2018-09-03T20:25:27.433447517Z: [   15.891581] Fusion MPT base driver 3.04.20
[STDERR  ] 2018-09-03T20:25:27.433467334Z: [   15.892003] Copyright (c) 1999-2008 LSI Corporation
[STDERR  ] 2018-09-03T20:25:27.433504773Z: [   15.892953] Fusion MPT SPI Host driver 3.04.20
[STDERR  ] 2018-09-03T20:25:27.433529865Z: [   15.895877] i8042: PNP: PS/2 Controller [PNP0303:KBD,PNP0f13:MOU] at 0x60,0x64 irq 1,12
[STDERR  ] 2018-09-03T20:25:27.433549536Z: [   15.901761] serio: i8042 KBD port at 0x60,0x64 irq 1
[STDERR  ] 2018-09-03T20:25:27.433569599Z: [   15.902771] serio: i8042 AUX port at 0x60,0x64 irq 12
[STDERR  ] 2018-09-03T20:25:27.433589659Z: [   15.906229] hv_vmbus: registering driver hyperv_keyboard
[STDERR  ] 2018-09-03T20:25:27.433609096Z: [   15.908983] mousedev: PS/2 mouse device common for all mice
[STDERR  ] 2018-09-03T20:25:27.433628662Z: [   15.915053] input: AT Translated Set 2 keyboard as /devices/platform/i8042/serio0/input/input1
[STDERR  ] 2018-09-03T20:25:27.433654936Z: [   15.917421] input: PC Speaker as /devices/platform/pcspkr/input/input2
[STDERR  ] 2018-09-03T20:25:27.433676389Z: [   15.923577] rtc_cmos 00:00: RTC can wake from S4
[STDERR  ] 2018-09-03T20:25:27.433696772Z: [   15.927630] rtc_cmos 00:00: rtc core: registered rtc_cmos as rtc0
[STDERR  ] 2018-09-03T20:25:27.433716064Z: [   15.929397] rtc_cmos 00:00: alarms up to one day, y3k, 114 bytes nvram, hpet irqs
[STDERR  ] 2018-09-03T20:25:27.433735634Z: [   15.930480] i2c /dev entries driver
[STDERR  ] 2018-09-03T20:25:27.433755308Z: [   15.932990] device-mapper: ioctl: 4.37.0-ioctl (2017-09-20) initialised: dm-devel@redhat.com
[STDERR  ] 2018-09-03T20:25:27.433779242Z: [   15.939495] usbcore: registered new interface driver usbhid
[STDERR  ] 2018-09-03T20:25:27.433799399Z: [   15.940043] usbhid: USB HID core driver
