[INFO    ] 2018-01-11T14:02:14.331267593Z: Running Test linuxkit.packages.extend.ext4 in /tmp/build/test/cases/040_packages/005_extend/000_ext4
[INFO    ] 2018-01-11T14:02:14.331420248Z: Running command: [/bin/sh -x /tmp/build/test/cases/040_packages/005_extend/000_ext4/test.sh]
[STDERR  ] 2018-01-11T14:02:14.350020242Z: + set -ex
[STDERR  ] 2018-01-11T14:02:14.350168827Z: + . /tmp/build/test/cases/_lib/lib.sh
[STDERR  ] 2018-01-11T14:02:14.350184082Z: + [ -f src/github.com/linuxkit/rtf/lib/lib.sh ]
[STDERR  ] 2018-01-11T14:02:14.350204267Z: + LINUXKIT_TMPDIR=/tmp/build/test/cases/_tmp
[STDERR  ] 2018-01-11T14:02:14.350231048Z: + [ -f /tmp/build/test/cases/_tmp/env.sh ]
[STDERR  ] 2018-01-11T14:02:14.350242335Z: + . /tmp/build/test/cases/_tmp/env.sh
[STDERR  ] 2018-01-11T14:02:14.350252828Z: + export LINUXKIT_EXAMPLES_DIR=/tmp/build/test/cases/../../examples
[STDERR  ] 2018-01-11T14:02:14.350263658Z: + export LINUXKIT_BLUEPRINTS_DIR=/tmp/build/test/cases/../../blueprints
[STDERR  ] 2018-01-11T14:02:14.350276755Z: + RT_CANCEL=253
[STDERR  ] 2018-01-11T14:02:14.350288174Z: + NAME_CREATE=create-ext4
[STDERR  ] 2018-01-11T14:02:14.350298142Z: + NAME_EXTEND=extend-ext4
[STDERR  ] 2018-01-11T14:02:14.350308844Z: + DISK=disk.img
[STDERR  ] 2018-01-11T14:02:14.350318922Z: + trap clean_up EXIT
[STDERR  ] 2018-01-11T14:02:14.350330835Z: + linuxkit build -name create-ext4 -format kernel+initrd test-create.yml
[STDERR  ] 2018-01-11T14:02:14.378783902Z: Extract kernel image: linuxkit/kernel:4.9.76
[STDERR  ] 2018-01-11T14:02:15.536548261Z: time="2018-01-11T14:02:15Z" level=warning msg="certificate with CN Justin Cormack is near expiry"
[STDERR  ] 2018-01-11T14:02:15.536589194Z: time="2018-01-11T14:02:15Z" level=warning msg="certificate with CN  is near expiry"
[STDERR  ] 2018-01-11T14:02:15.536653004Z: time="2018-01-11T14:02:15Z" level=warning msg="certificate with CN  is near expiry"
[STDERR  ] 2018-01-11T14:02:15.578289045Z: time="2018-01-11T14:02:15Z" level=warning msg="certificate with CN Justin Cormack is near expiry"
[STDERR  ] 2018-01-11T14:02:15.931619538Z: Add init containers:
[STDERR  ] 2018-01-11T14:02:15.931666508Z: Process init image: linuxkit/init:81fc00e879cf56fa6f058f6c891b012bc867de7f
[STDERR  ] 2018-01-11T14:02:16.961585791Z: time="2018-01-11T14:02:16Z" level=warning msg="certificate with CN Justin Cormack is near expiry"
[STDERR  ] 2018-01-11T14:02:16.961695713Z: time="2018-01-11T14:02:16Z" level=warning msg="certificate with CN  is near expiry"
[STDERR  ] 2018-01-11T14:02:16.961777739Z: time="2018-01-11T14:02:16Z" level=warning msg="certificate with CN  is near expiry"
[STDERR  ] 2018-01-11T14:02:16.965772355Z: time="2018-01-11T14:02:16Z" level=warning msg="certificate with CN Justin Cormack is near expiry"
[STDERR  ] 2018-01-11T14:02:16.967356031Z: time="2018-01-11T14:02:16Z" level=warning msg="certificate with CN  is near expiry"
[STDERR  ] 2018-01-11T14:02:17.128531246Z: Process init image: linuxkit/runc:abc3f292653e64a2fd488e9675ace19a55ec7023
[STDERR  ] 2018-01-11T14:02:18.155543404Z: time="2018-01-11T14:02:18Z" level=warning msg="certificate with CN  is near expiry"
[STDERR  ] 2018-01-11T14:02:18.155642184Z: time="2018-01-11T14:02:18Z" level=warning msg="certificate with CN  is near expiry"
[STDERR  ] 2018-01-11T14:02:18.155848196Z: time="2018-01-11T14:02:18Z" level=warning msg="certificate with CN Justin Cormack is near expiry"
[STDERR  ] 2018-01-11T14:02:18.157886551Z: time="2018-01-11T14:02:18Z" level=warning msg="certificate with CN Justin Cormack is near expiry"
[STDERR  ] 2018-01-11T14:02:18.159144365Z: time="2018-01-11T14:02:18Z" level=warning msg="certificate with CN  is near expiry"
[STDERR  ] 2018-01-11T14:02:18.319882823Z: Add onboot containers:
[STDERR  ] 2018-01-11T14:02:18.319940781Z:   Create OCI config for linuxkit/format:e945016ec780a788a71dcddc81497d54d3b14bc7
[STDERR  ] 2018-01-11T14:02:19.45595818Z: time="2018-01-11T14:02:19Z" level=warning msg="certificate with CN Justin Cormack is near expiry"
[STDERR  ] 2018-01-11T14:02:19.4561507Z: time="2018-01-11T14:02:19Z" level=warning msg="certificate with CN Rolf Neugebauer is near expiry"
[STDERR  ] 2018-01-11T14:02:19.456177292Z: time="2018-01-11T14:02:19Z" level=warning msg="certificate with CN  is near expiry"
[STDERR  ] 2018-01-11T14:02:19.456222824Z: time="2018-01-11T14:02:19Z" level=warning msg="certificate with CN  is near expiry"
[STDERR  ] 2018-01-11T14:02:19.458650659Z: time="2018-01-11T14:02:19Z" level=warning msg="certificate with CN Justin Cormack is near expiry"
[STDERR  ] 2018-01-11T14:02:19.461075551Z: time="2018-01-11T14:02:19Z" level=warning msg="certificate with CN Rolf Neugebauer is near expiry"
[STDERR  ] 2018-01-11T14:02:19.462520416Z: time="2018-01-11T14:02:19Z" level=warning msg="certificate with CN  is near expiry"
[STDERR  ] 2018-01-11T14:02:19.935911344Z:   Create OCI config for linuxkit/mount:b346ec277b7074e5c9986128a879c10a1d18742b
[STDERR  ] 2018-01-11T14:02:20.989075657Z: time="2018-01-11T14:02:20Z" level=warning msg="certificate with CN Rolf Neugebauer is near expiry"
[STDERR  ] 2018-01-11T14:02:20.989133808Z: time="2018-01-11T14:02:20Z" level=warning msg="certificate with CN  is near expiry"
[STDERR  ] 2018-01-11T14:02:20.989253702Z: time="2018-01-11T14:02:20Z" level=warning msg="certificate with CN  is near expiry"
[STDERR  ] 2018-01-11T14:02:20.989550736Z: time="2018-01-11T14:02:20Z" level=warning msg="certificate with CN Justin Cormack is near expiry"
[STDERR  ] 2018-01-11T14:02:20.991232289Z: time="2018-01-11T14:02:20Z" level=warning msg="certificate with CN Justin Cormack is near expiry"
[STDERR  ] 2018-01-11T14:02:20.992314915Z: time="2018-01-11T14:02:20Z" level=warning msg="certificate with CN Rolf Neugebauer is near expiry"
[STDERR  ] 2018-01-11T14:02:20.993086803Z: time="2018-01-11T14:02:20Z" level=warning msg="certificate with CN  is near expiry"
[STDERR  ] 2018-01-11T14:02:21.377300092Z:   Create OCI config for alpine:3.7
[STDERR  ] 2018-01-11T14:02:22.584766226Z:   Create OCI config for linuxkit/poweroff:bccfe1cb04fc7bb9f03613d2314f38abd2620f29
[STDERR  ] 2018-01-11T14:02:23.615336829Z: time="2018-01-11T14:02:23Z" level=warning msg="certificate with CN Justin Cormack is near expiry"
[STDERR  ] 2018-01-11T14:02:23.615583051Z: time="2018-01-11T14:02:23Z" level=warning msg="certificate with CN Rolf Neugebauer is near expiry"
[STDERR  ] 2018-01-11T14:02:23.615650463Z: time="2018-01-11T14:02:23Z" level=warning msg="certificate with CN  is near expiry"
[STDERR  ] 2018-01-11T14:02:23.615658745Z: time="2018-01-11T14:02:23Z" level=warning msg="certificate with CN  is near expiry"
[STDERR  ] 2018-01-11T14:02:23.618227131Z: time="2018-01-11T14:02:23Z" level=warning msg="certificate with CN Rolf Neugebauer is near expiry"
[STDERR  ] 2018-01-11T14:02:23.619393205Z: time="2018-01-11T14:02:23Z" level=warning msg="certificate with CN  is near expiry"
[STDERR  ] 2018-01-11T14:02:23.781796917Z: Create outputs:
[STDERR  ] 2018-01-11T14:02:29.412848606Z:   create-ext4-kernel create-ext4-initrd.img create-ext4-cmdline
[STDERR  ] 2018-01-11T14:02:29.473228609Z: + linuxkit run -disk file=disk.img,format=raw,size=256M create-ext4
[STDERR  ] 2018-01-11T14:02:29.496039319Z: Unable to find qemu-system-x86_64 within the $PATH. Using a container
[STDOUT  ] 2018-01-11T14:02:31.794824345Z: [    0.000000] Linux version 4.9.76-linuxkit (root@1dc47965cda0) (gcc version 6.4.0 (Alpine 6.4.0) ) #1 SMP Wed Jan 10 11:40:11 UTC 2018
[STDOUT  ] 2018-01-11T14:02:31.795156947Z: [    0.000000] Command line: console=ttyS0 console=ttyAMA0
[STDOUT  ] 2018-01-11T14:02:31.795189134Z: [    0.000000] x86/fpu: Legacy x87 FPU detected.
[STDOUT  ] 2018-01-11T14:02:31.79547501Z: [    0.000000] x86/fpu: Using 'eager' FPU context switches.
[STDOUT  ] 2018-01-11T14:02:31.795494227Z: [    0.000000] e820: BIOS-provided physical RAM map:
[STDOUT  ] 2018-01-11T14:02:31.795729808Z: [    0.000000] BIOS-e820: [mem 0x0000000000000000-0x000000000009fbff] usable
[STDOUT  ] 2018-01-11T14:02:31.79583573Z: [    0.000000] BIOS-e820: [mem 0x000000000009fc00-0x000000000009ffff] reserved
[STDOUT  ] 2018-01-11T14:02:31.796031312Z: [    0.000000] BIOS-e820: [mem 0x00000000000f0000-0x00000000000fffff] reserved
[STDOUT  ] 2018-01-11T14:02:31.796232967Z: [    0.000000] BIOS-e820: [mem 0x0000000000100000-0x000000003ffdefff] usable
[STDOUT  ] 2018-01-11T14:02:31.796624427Z: [    0.000000] BIOS-e820: [mem 0x000000003ffdf000-0x000000003fffffff] reserved
[STDOUT  ] 2018-01-11T14:02:31.796659415Z: [    0.000000] BIOS-e820: [mem 0x00000000b0000000-0x00000000bfffffff] reserved
[STDOUT  ] 2018-01-11T14:02:31.796907481Z: [    0.000000] BIOS-e820: [mem 0x00000000fed1c000-0x00000000fed1ffff] reserved
[STDOUT  ] 2018-01-11T14:02:31.797072505Z: [    0.000000] BIOS-e820: [mem 0x00000000fffc0000-0x00000000ffffffff] reserved
[STDOUT  ] 2018-01-11T14:02:31.797262171Z: [    0.000000] NX (Execute Disable) protection: active
[STDOUT  ] 2018-01-11T14:02:31.797292326Z: [    0.000000] SMBIOS 2.8 present.
[STDOUT  ] 2018-01-11T14:02:31.797465813Z: [    0.000000] Kernel/User page tables isolation: disabled
[STDOUT  ] 2018-01-11T14:02:31.797559268Z: [    0.000000] e820: last_pfn = 0x3ffdf max_arch_pfn = 0x400000000
[STDOUT  ] 2018-01-11T14:02:31.797833483Z: [    0.000000] x86/PAT: Configuration [0-7]: WB  WC  UC- UC  WB  WC  UC- WT  
[STDOUT  ] 2018-01-11T14:02:31.797928746Z: [    0.000000] found SMP MP-table at [mem 0x000f6aa0-0x000f6aaf] mapped at [ffff9a35c00f6aa0]
[STDOUT  ] 2018-01-11T14:02:31.798217005Z: [    0.000000] RAMDISK: [mem 0x3e006000-0x3ffcffff]
[STDOUT  ] 2018-01-11T14:02:31.798321433Z: [    0.000000] ACPI: Early table checksum verification disabled
[STDOUT  ] 2018-01-11T14:02:31.798513339Z: [    0.000000] ACPI: RSDP 0x00000000000F68B0 000014 (v00 BOCHS )
[STDOUT  ] 2018-01-11T14:02:31.798762748Z: [    0.000000] ACPI: RSDT 0x000000003FFE20A8 000034 (v01 BOCHS  BXPCRSDT 00000001 BXPC 00000001)
[STDOUT  ] 2018-01-11T14:02:31.798916988Z: [    0.000000] ACPI: FACP 0x000000003FFE1EC8 0000F4 (v03 BOCHS  BXPCFACP 00000001 BXPC 00000001)
[STDOUT  ] 2018-01-11T14:02:31.799059641Z: [    0.000000] ACPI: DSDT 0x000000003FFE0040 001E88 (v01 BOCHS  BXPCDSDT 00000001 BXPC 00000001)
[STDOUT  ] 2018-01-11T14:02:31.799235569Z: [    0.000000] ACPI: FACS 0x000000003FFE0000 000040
[STDOUT  ] 2018-01-11T14:02:31.799560759Z: [    0.000000] ACPI: APIC 0x000000003FFE1FBC 000078 (v01 BOCHS  BXPCAPIC 00000001 BXPC 00000001)
[STDOUT  ] 2018-01-11T14:02:31.799898059Z: [    0.000000] ACPI: HPET 0x000000003FFE2034 000038 (v01 BOCHS  BXPCHPET 00000001 BXPC 00000001)
[STDOUT  ] 2018-01-11T14:02:31.800174662Z: [    0.000000] ACPI: MCFG 0x000000003FFE206C 00003C (v01 BOCHS  BXPCMCFG 00000001 BXPC 00000001)
[STDOUT  ] 2018-01-11T14:02:31.800204696Z: [    0.000000] Zone ranges:
[STDOUT  ] 2018-01-11T14:02:31.80021666Z: [    0.000000]   DMA      [mem 0x0000000000001000-0x0000000000ffffff]
[STDOUT  ] 2018-01-11T14:02:31.800479257Z: [    0.000000]   DMA32    [mem 0x0000000001000000-0x000000003ffdefff]
[STDOUT  ] 2018-01-11T14:02:31.800529347Z: [    0.000000]   Normal   empty
[STDOUT  ] 2018-01-11T14:02:31.800763084Z: [    0.000000] Movable zone start for each node
[STDOUT  ] 2018-01-11T14:02:31.800780354Z: [    0.000000] Early memory node ranges
[STDOUT  ] 2018-01-11T14:02:31.800918124Z: [    0.000000]   node   0: [mem 0x0000000000001000-0x000000000009efff]
[STDOUT  ] 2018-01-11T14:02:31.801103176Z: [    0.000000]   node   0: [mem 0x0000000000100000-0x000000003ffdefff]
[STDOUT  ] 2018-01-11T14:02:31.801210432Z: [    0.000000] Initmem setup node 0 [mem 0x0000000000001000-0x000000003ffdefff]
[STDOUT  ] 2018-01-11T14:02:31.801392332Z: [    0.000000] ACPI: PM-Timer IO Port: 0x608
[STDOUT  ] 2018-01-11T14:02:31.801644477Z: [    0.000000] ACPI: LAPIC_NMI (acpi_id[0xff] dfl dfl lint[0x1])
[STDOUT  ] 2018-01-11T14:02:31.801757224Z: [    0.000000] IOAPIC[0]: apic_id 0, version 32, address 0xfec00000, GSI 0-23
[STDOUT  ] 2018-01-11T14:02:31.801918502Z: [    0.000000] ACPI: INT_SRC_OVR (bus 0 bus_irq 0 global_irq 2 dfl dfl)
[STDOUT  ] 2018-01-11T14:02:31.802094082Z: [    0.000000] ACPI: INT_SRC_OVR (bus 0 bus_irq 5 global_irq 5 high level)
[STDOUT  ] 2018-01-11T14:02:31.802203872Z: [    0.000000] ACPI: INT_SRC_OVR (bus 0 bus_irq 9 global_irq 9 high level)
[STDOUT  ] 2018-01-11T14:02:31.80242746Z: [    0.000000] ACPI: INT_SRC_OVR (bus 0 bus_irq 10 global_irq 10 high level)
[STDOUT  ] 2018-01-11T14:02:31.802598653Z: [    0.000000] ACPI: INT_SRC_OVR (bus 0 bus_irq 11 global_irq 11 high level)
[STDOUT  ] 2018-01-11T14:02:31.802843098Z: [    0.000000] Using ACPI (MADT) for SMP configuration information
[STDOUT  ] 2018-01-11T14:02:31.802873331Z: [    0.000000] ACPI: HPET id: 0x8086a201 base: 0xfed00000
[STDOUT  ] 2018-01-11T14:02:31.803065673Z: [    0.000000] smpboot: Allowing 1 CPUs, 0 hotplug CPUs
[STDOUT  ] 2018-01-11T14:02:31.803286431Z: [    0.000000] e820: [mem 0x40000000-0xafffffff] available for PCI devices
[STDOUT  ] 2018-01-11T14:02:31.803538558Z: [    0.000000] Booting paravirtualized kernel on bare hardware
[STDOUT  ] 2018-01-11T14:02:31.803852905Z: [    0.000000] clocksource: refined-jiffies: mask: 0xffffffff max_cycles: 0xffffffff, max_idle_ns: 19112604462750000 ns
[STDOUT  ] 2018-01-11T14:02:31.803959841Z: [    0.000000] setup_percpu: NR_CPUS:128 nr_cpumask_bits:128 nr_cpu_ids:1 nr_node_ids:1
[STDOUT  ] 2018-01-11T14:02:31.804118653Z: [    0.000000] percpu: Embedded 36 pages/cpu @ffff9a35fde00000 s106904 r8192 d32360 u2097152
[STDOUT  ] 2018-01-11T14:02:31.804374505Z: [    0.000000] Built 1 zonelists in Zone order, mobility grouping on.  Total pages: 257896
[STDOUT  ] 2018-01-11T14:02:31.804584698Z: [    0.000000] Kernel command line: console=ttyS0 console=ttyAMA0
[STDOUT  ] 2018-01-11T14:02:31.804774607Z: [    0.000000] PID hash table entries: 4096 (order: 3, 32768 bytes)
[STDOUT  ] 2018-01-11T14:02:31.80495572Z: [    0.000000] Dentry cache hash table entries: 131072 (order: 8, 1048576 bytes)
[STDOUT  ] 2018-01-11T14:02:31.805131719Z: [    0.000000] Inode-cache hash table entries: 65536 (order: 7, 524288 bytes)
[STDOUT  ] 2018-01-11T14:02:31.805403944Z: [    0.000000] Memory: 981580K/1048052K available (8053K kernel code, 1391K rwdata, 2700K rodata, 1396K init, 564K bss, 66472K reserved, 0K cma-reserved)
[STDOUT  ] 2018-01-11T14:02:31.805574864Z: [    0.000000] Hierarchical RCU implementation.
[STDOUT  ] 2018-01-11T14:02:31.805677656Z: [    0.000000] 	Build-time adjustment of leaf fanout to 64.
[STDOUT  ] 2018-01-11T14:02:31.805861291Z: [    0.000000] 	RCU restricting CPUs from NR_CPUS=128 to nr_cpu_ids=1.
[STDOUT  ] 2018-01-11T14:02:31.806075898Z: [    0.000000] RCU: Adjusting geometry for rcu_fanout_leaf=64, nr_cpu_ids=1
[STDOUT  ] 2018-01-11T14:02:31.806092062Z: [    0.000000] NR_IRQS:8448 nr_irqs:256 16
[STDOUT  ] 2018-01-11T14:02:31.806183811Z: [    0.000000] Console: colour VGA+ 80x25
[STDOUT  ] 2018-01-11T14:02:31.806633904Z: [    0.000000] console [ttyS0] enabled
[STDOUT  ] 2018-01-11T14:02:31.81013988Z: [    0.000000] clocksource: hpet: mask: 0xffffffff max_cycles: 0xffffffff, max_idle_ns: 19112604467 ns
[STDOUT  ] 2018-01-11T14:02:31.85062278Z: [    0.000000] tsc: Fast TSC calibration using PIT
[STDOUT  ] 2018-01-11T14:02:31.851403554Z: [    0.000000] tsc: Detected 2599.979 MHz processor
[STDOUT  ] 2018-01-11T14:02:31.855104691Z: [    0.032407] Calibrating delay loop (skipped), value calculated using timer frequency.. 5199.95 BogoMIPS (lpj=25999790)
[STDOUT  ] 2018-01-11T14:02:31.855650939Z: [    0.033675] pid_max: default: 32768 minimum: 301
[STDOUT  ] 2018-01-11T14:02:31.856825264Z: [    0.034797] ACPI: Core revision 20160831
[STDOUT  ] 2018-01-11T14:02:31.88595598Z: [    0.063292] ACPI: 1 ACPI AML tables successfully acquired and loaded
[STDOUT  ] 2018-01-11T14:02:31.890627589Z: [    0.068168] Security Framework initialized
[STDOUT  ] 2018-01-11T14:02:31.890988377Z: [    0.068696] Yama: becoming mindful.
[STDOUT  ] 2018-01-11T14:02:31.894430127Z: [    0.071809] Mount-cache hash table entries: 2048 (order: 2, 16384 bytes)
[STDOUT  ] 2018-01-11T14:02:31.895066487Z: [    0.072463] Mountpoint-cache hash table entries: 2048 (order: 2, 16384 bytes)
[STDOUT  ] 2018-01-11T14:02:31.913807382Z: [    0.091131] Last level iTLB entries: 4KB 0, 2MB 0, 4MB 0
[STDOUT  ] 2018-01-11T14:02:31.91418439Z: [    0.091638] Last level dTLB entries: 4KB 0, 2MB 0, 4MB 0, 1GB 0
[STDOUT  ] 2018-01-11T14:02:32.269508876Z: [    0.447001] Freeing SMP alternatives memory: 20K
[STDOUT  ] 2018-01-11T14:02:32.279646451Z: [    0.456900] ftrace: allocating 35552 entries in 139 pages
[STDOUT  ] 2018-01-11T14:02:32.406922741Z: [    0.533620] smpboot: Max logical packages: 1
[STDOUT  ] 2018-01-11T14:02:32.414579065Z: [    0.541855] ..TIMER: vector=0x30 apic1=0 pin1=2 apic2=-1 pin2=-1
[STDOUT  ] 2018-01-11T14:02:32.634034948Z: [    0.650000] smpboot: CPU0: AMD QEMU Virtual CPU version 2.5+ (family: 0x6, model: 0x6, stepping: 0x3)
[STDOUT  ] 2018-01-11T14:02:32.635776669Z: [    0.650000] Performance Events: PMU not available due to virtualization, using software events only.
[STDOUT  ] 2018-01-11T14:02:32.651881909Z: [    0.657857] NMI watchdog: disabled (cpu0): hardware events not enabled
[STDOUT  ] 2018-01-11T14:02:32.652488516Z: [    0.658402] NMI watchdog: Shutting down hard lockup detector on all cpus
[STDOUT  ] 2018-01-11T14:02:32.656484044Z: [    0.662762] x86: Booted up 1 node, 1 CPUs
[STDOUT  ] 2018-01-11T14:02:32.657035869Z: [    0.663268] smpboot: Total of 1 processors activated (5199.95 BogoMIPS)
[STDOUT  ] 2018-01-11T14:02:32.670521771Z: [    0.676637] devtmpfs: initialized
[STDOUT  ] 2018-01-11T14:02:32.676853573Z: [    0.683227] x86/mm: Memory block size: 128MB
[STDOUT  ] 2018-01-11T14:02:32.709215313Z: [    0.715290] clocksource: jiffies: mask: 0xffffffff max_cycles: 0xffffffff, max_idle_ns: 19112604462750000 ns
[STDOUT  ] 2018-01-11T14:02:32.710076608Z: [    0.716297] futex hash table entries: 256 (order: 2, 16384 bytes)
[STDOUT  ] 2018-01-11T14:02:32.718814268Z: [    0.725224] NET: Registered protocol family 16
[STDOUT  ] 2018-01-11T14:02:32.727377313Z: [    0.733762] cpuidle: using governor ladder
[STDOUT  ] 2018-01-11T14:02:32.727795506Z: [    0.734240] cpuidle: using governor menu
[STDOUT  ] 2018-01-11T14:02:32.728971655Z: [    0.735461] ACPI: bus type PCI registered
[STDOUT  ] 2018-01-11T14:02:32.73236092Z: [    0.738454] PCI: MMCONFIG for domain 0000 [bus 00-ff] at [mem 0xb0000000-0xbfffffff] (base 0xb0000000)
[STDOUT  ] 2018-01-11T14:02:32.732970354Z: [    0.739216] PCI: MMCONFIG at [mem 0xb0000000-0xbfffffff] reserved in E820
[STDOUT  ] 2018-01-11T14:02:32.733969287Z: [    0.740329] PCI: Using configuration type 1 for base access
[STDOUT  ] 2018-01-11T14:02:32.772863187Z: [    0.778365] HugeTLB registered 2 MB page size, pre-allocated 0 pages
[STDOUT  ] 2018-01-11T14:02:32.784225419Z: [    0.790622] ACPI: Added _OSI(Module Device)
[STDOUT  ] 2018-01-11T14:02:32.784436541Z: [    0.790939] ACPI: Added _OSI(Processor Device)
[STDOUT  ] 2018-01-11T14:02:32.784803345Z: [    0.791215] ACPI: Added _OSI(3.0 _SCP Extensions)
[STDOUT  ] 2018-01-11T14:02:32.7851803Z: [    0.791524] ACPI: Added _OSI(Processor Aggregator Device)
[STDOUT  ] 2018-01-11T14:02:32.831558811Z: [    0.836966] ACPI: Interpreter enabled
[STDOUT  ] 2018-01-11T14:02:32.832476832Z: [    0.837844] ACPI: (supports S0 S5)
[STDOUT  ] 2018-01-11T14:02:32.832933492Z: [    0.838239] ACPI: Using IOAPIC for interrupt routing
[STDOUT  ] 2018-01-11T14:02:32.836369334Z: [    0.842284] PCI: Using host bridge windows from ACPI; if necessary, use "pci=nocrs" and report a bug
[STDOUT  ] 2018-01-11T14:02:32.881067573Z: [    0.887350] ACPI: PCI Root Bridge [PCI0] (domain 0000 [bus 00-ff])
[STDOUT  ] 2018-01-11T14:02:32.882281203Z: [    0.888441] acpi PNP0A08:00: _OSC: OS supports [ExtendedConfig ASPM ClockPM Segments MSI]
[STDOUT  ] 2018-01-11T14:02:32.888230486Z: [    0.894462] acpi PNP0A08:00: _OSC: OS now controls [PCIeHotplug PME PCIeCapability]
[STDOUT  ] 2018-01-11T14:02:32.891636316Z: [    0.897925] PCI host bridge to bus 0000:00
[STDOUT  ] 2018-01-11T14:02:32.89220371Z: [    0.898468] pci_bus 0000:00: root bus resource [io  0x0000-0x0cf7 window]
[STDOUT  ] 2018-01-11T14:02:32.892660256Z: [    0.898928] pci_bus 0000:00: root bus resource [io  0x0d00-0xffff window]
[STDOUT  ] 2018-01-11T14:02:32.893411376Z: [    0.899412] pci_bus 0000:00: root bus resource [mem 0x000a0000-0x000bffff window]
[STDOUT  ] 2018-01-11T14:02:32.894096244Z: [    0.900118] pci_bus 0000:00: root bus resource [mem 0xc0000000-0xfebfffff window]
[STDOUT  ] 2018-01-11T14:02:32.894593308Z: [    0.900751] pci_bus 0000:00: root bus resource [bus 00-ff]
[STDOUT  ] 2018-01-11T14:02:33.023394607Z: [    1.025697] pci 0000:00:1f.0: quirk: [io  0x0600-0x067f] claimed by ICH6 ACPI/GPIO/TCO
[STDOUT  ] 2018-01-11T14:02:33.095618515Z: [    1.100799] ACPI: PCI Interrupt Link [LNKA] (IRQs 5 *10 11)
[STDOUT  ] 2018-01-11T14:02:33.097783189Z: [    1.103217] ACPI: PCI Interrupt Link [LNKB] (IRQs 5 *10 11)
[STDOUT  ] 2018-01-11T14:02:33.099785429Z: [    1.105221] ACPI: PCI Interrupt Link [LNKC] (IRQs 5 10 *11)
[STDOUT  ] 2018-01-11T14:02:33.101552641Z: [    1.106942] ACPI: PCI Interrupt Link [LNKD] (IRQs 5 10 *11)
[STDOUT  ] 2018-01-11T14:02:33.103153572Z: [    1.108459] ACPI: PCI Interrupt Link [LNKE] (IRQs 5 *10 11)
[STDOUT  ] 2018-01-11T14:02:33.104921279Z: [    1.110806] ACPI: PCI Interrupt Link [LNKF] (IRQs 5 *10 11)
[STDOUT  ] 2018-01-11T14:02:33.106494626Z: [    1.112490] ACPI: PCI Interrupt Link [LNKG] (IRQs 5 10 *11)
[STDOUT  ] 2018-01-11T14:02:33.108087422Z: [    1.114075] ACPI: PCI Interrupt Link [LNKH] (IRQs 5 10 *11)
[STDOUT  ] 2018-01-11T14:02:33.108934602Z: [    1.114984] ACPI: PCI Interrupt Link [GSIA] (IRQs *16)
[STDOUT  ] 2018-01-11T14:02:33.109595642Z: [    1.115666] ACPI: PCI Interrupt Link [GSIB] (IRQs *17)
[STDOUT  ] 2018-01-11T14:02:33.110292965Z: [    1.116344] ACPI: PCI Interrupt Link [GSIC] (IRQs *18)
[STDOUT  ] 2018-01-11T14:02:33.110774681Z: [    1.117005] ACPI: PCI Interrupt Link [GSID] (IRQs *19)
[STDOUT  ] 2018-01-11T14:02:33.111419311Z: [    1.117615] ACPI: PCI Interrupt Link [GSIE] (IRQs *20)
[STDOUT  ] 2018-01-11T14:02:33.11219037Z: [    1.118262] ACPI: PCI Interrupt Link [GSIF] (IRQs *21)
[STDOUT  ] 2018-01-11T14:02:33.112819891Z: [    1.118942] ACPI: PCI Interrupt Link [GSIG] (IRQs *22)
[STDOUT  ] 2018-01-11T14:02:33.113982364Z: [    1.119624] ACPI: PCI Interrupt Link [GSIH] (IRQs *23)
[STDOUT  ] 2018-01-11T14:02:33.117437485Z: [    1.123228] ACPI: Enabled 1 GPEs in block 00 to 3F
[STDOUT  ] 2018-01-11T14:02:33.12081303Z: [    1.126525] SCSI subsystem initialized
[STDOUT  ] 2018-01-11T14:02:33.122509508Z: [    1.128606] ACPI: bus type USB registered
[STDOUT  ] 2018-01-11T14:02:33.123746799Z: [    1.130117] usbcore: registered new interface driver usbfs
[STDOUT  ] 2018-01-11T14:02:33.124786216Z: [    1.131059] usbcore: registered new interface driver hub
[STDOUT  ] 2018-01-11T14:02:33.125839308Z: [    1.132099] usbcore: registered new device driver usb
[STDOUT  ] 2018-01-11T14:02:33.127062861Z: [    1.133338] pps_core: LinuxPPS API ver. 1 registered
[STDOUT  ] 2018-01-11T14:02:33.127775953Z: [    1.133657] pps_core: Software ver. 5.3.6 - Copyright 2005-2007 Rodolfo Giometti <giometti@linux.it>
[STDOUT  ] 2018-01-11T14:02:33.12813587Z: [    1.134526] PTP clock support registered
[STDOUT  ] 2018-01-11T14:02:33.129775132Z: [    1.136007] wmi: Mapper loaded
[STDOUT  ] 2018-01-11T14:02:33.131012102Z: [    1.137336] PCI: Using ACPI for IRQ routing
[STDOUT  ] 2018-01-11T14:02:33.144946937Z: [    1.151255] NetLabel: Initializing
[STDOUT  ] 2018-01-11T14:02:33.145218109Z: [    1.151511] NetLabel:  domain hash size = 128
[STDOUT  ] 2018-01-11T14:02:33.145733446Z: [    1.151901] NetLabel:  protocols = UNLABELED CIPSOv4
[STDOUT  ] 2018-01-11T14:02:33.148582308Z: [    1.154679] NetLabel:  unlabeled traffic allowed by default
[STDOUT  ] 2018-01-11T14:02:33.150066342Z: [    1.156052] HPET: 3 timers in total, 0 timers will be used for per-cpu timer
[STDOUT  ] 2018-01-11T14:02:33.151026392Z: [    1.157032] hpet0: at MMIO 0xfed00000, IRQs 2, 8, 0
[STDOUT  ] 2018-01-11T14:02:33.151339069Z: [    1.157613] hpet0: 3 comparators, 64-bit 100.000000 MHz counter
[STDOUT  ] 2018-01-11T14:02:33.161183662Z: [    1.166898] clocksource: Switched to clocksource hpet
[STDOUT  ] 2018-01-11T14:02:33.361530218Z: [    1.360705] VFS: Disk quotas dquot_6.6.0
[STDOUT  ] 2018-01-11T14:02:33.36247256Z: [    1.361520] VFS: Dquot-cache hash table entries: 512 (order 0, 4096 bytes)
[STDOUT  ] 2018-01-11T14:02:33.365975405Z: [    1.365333] FS-Cache: Loaded
[STDOUT  ] 2018-01-11T14:02:33.373740103Z: [    1.372928] CacheFiles: Loaded
[STDOUT  ] 2018-01-11T14:02:33.375131421Z: [    1.374537] pnp: PnP ACPI init
[STDOUT  ] 2018-01-11T14:02:33.384968147Z: [    1.384319] pnp: PnP ACPI: found 5 devices
[STDOUT  ] 2018-01-11T14:02:33.427347817Z: [    1.426198] clocksource: acpi_pm: mask: 0xffffff max_cycles: 0xffffff, max_idle_ns: 2085701024 ns
[STDOUT  ] 2018-01-11T14:02:33.430701684Z: [    1.429794] NET: Registered protocol family 2
[STDOUT  ] 2018-01-11T14:02:33.43848302Z: [    1.437587] TCP established hash table entries: 8192 (order: 4, 65536 bytes)
[STDOUT  ] 2018-01-11T14:02:33.439248281Z: [    1.438495] TCP bind hash table entries: 8192 (order: 5, 131072 bytes)
[STDOUT  ] 2018-01-11T14:02:33.44005742Z: [    1.439221] TCP: Hash tables configured (established 8192 bind 8192)
[STDOUT  ] 2018-01-11T14:02:33.442105702Z: [    1.441265] UDP hash table entries: 512 (order: 2, 16384 bytes)
[STDOUT  ] 2018-01-11T14:02:33.442669807Z: [    1.441845] UDP-Lite hash table entries: 512 (order: 2, 16384 bytes)
[STDOUT  ] 2018-01-11T14:02:33.444906945Z: [    1.444160] NET: Registered protocol family 1
[STDOUT  ] 2018-01-11T14:02:33.446009918Z: [    1.445200] pci 0000:00:01.0: Video device with shadowed ROM at [mem 0x000c0000-0x000dffff]
[STDOUT  ] 2018-01-11T14:02:33.453930732Z: [    1.453144] Unpacking initramfs...
[STDOUT  ] 2018-01-11T14:02:38.494076367Z: [    6.493410] Freeing initrd memory: 32552K
[STDOUT  ] 2018-01-11T14:02:38.517773135Z: [    6.516862] PCLMULQDQ-NI instructions are not detected.
[STDOUT  ] 2018-01-11T14:02:38.519082535Z: [    6.518305] AVX or AES-NI instructions are not detected.
[STDOUT  ] 2018-01-11T14:02:38.519579523Z: [    6.518833] CPU feature 'AVX registers' is not supported.
[STDOUT  ] 2018-01-11T14:02:38.520026025Z: [    6.519292] CPU feature 'AVX registers' is not supported.
[STDOUT  ] 2018-01-11T14:02:38.520569613Z: [    6.519701] CPU feature 'AVX registers' is not supported.
[STDOUT  ] 2018-01-11T14:02:38.521430907Z: [    6.520516] CPU feature 'AVX registers' is not supported.
[STDOUT  ] 2018-01-11T14:02:38.521865803Z: [    6.520997] AVX2 or AES-NI instructions are not detected.
[STDOUT  ] 2018-01-11T14:02:38.522138961Z: [    6.521430] AVX2 instructions are not detected.
[STDOUT  ] 2018-01-11T14:02:38.527231902Z: [    6.526513] audit: initializing netlink subsys (disabled)
[STDOUT  ] 2018-01-11T14:02:38.529445792Z: [    6.528671] audit: type=2000 audit(1515679356.520:1): initialized
[STDOUT  ] 2018-01-11T14:02:38.538915703Z: [    6.538080] workingset: timestamp_bits=46 max_order=18 bucket_order=0
[STDOUT  ] 2018-01-11T14:02:38.543091231Z: [    6.542234] squashfs: version 4.0 (2009/01/31) Phillip Lougher
[STDOUT  ] 2018-01-11T14:02:38.546839812Z: [    6.546048] FS-Cache: Netfs 'cifs' registered for caching
[STDOUT  ] 2018-01-11T14:02:38.547898942Z: [    6.547152] fuse init (API version 7.26)
[STDOUT  ] 2018-01-11T14:02:38.550324829Z: [    6.549407] SGI XFS with ACLs, security attributes, no debug enabled
[STDOUT  ] 2018-01-11T14:02:38.554369677Z: [    6.553495] 9p: Installing v9fs 9p2000 file system support
[STDOUT  ] 2018-01-11T14:02:38.554933595Z: [    6.554051] FS-Cache: Netfs '9p' registered for caching
[STDOUT  ] 2018-01-11T14:02:38.583479605Z: [    6.582656] NET: Registered protocol family 38
[STDOUT  ] 2018-01-11T14:02:38.584191442Z: [    6.583319] Key type asymmetric registered
[STDOUT  ] 2018-01-11T14:02:38.584767843Z: [    6.583779] Asymmetric key parser 'x509' registered
[STDOUT  ] 2018-01-11T14:02:38.585880942Z: [    6.584909] Block layer SCSI generic (bsg) driver version 0.4 loaded (major 251)
[STDOUT  ] 2018-01-11T14:02:38.587147729Z: [    6.586532] io scheduler noop registered
[STDOUT  ] 2018-01-11T14:02:38.58768099Z: [    6.586847] io scheduler deadline registered (default)
[STDOUT  ] 2018-01-11T14:02:38.588473453Z: [    6.587683] io scheduler cfq registered
[STDOUT  ] 2018-01-11T14:02:38.592767029Z: [    6.591830] pci_hotplug: PCI Hot Plug PCI Core version: 0.5
[STDOUT  ] 2018-01-11T14:02:38.593362361Z: [    6.592484] pciehp: PCI Express Hot Plug Controller Driver version: 0.4
[STDOUT  ] 2018-01-11T14:02:38.594170416Z: [    6.593425] shpchp: Standard Hot Plug PCI Controller Driver version: 0.4
[STDOUT  ] 2018-01-11T14:02:38.595077799Z: [    6.594298] hv_vmbus: registering driver hyperv_fb
[STDOUT  ] 2018-01-11T14:02:38.597889436Z: [    6.597086] input: Power Button as /devices/LNXSYSTM:00/LNXPWRBN:00/input/input0
[STDOUT  ] 2018-01-11T14:02:38.598966471Z: [    6.598202] ACPI: Power Button [PWRF]
[STDOUT  ] 2018-01-11T14:02:38.605409562Z: [    6.604710] GHES: HEST is not enabled!
[STDOUT  ] 2018-01-11T14:02:38.614290386Z: [    6.613333] ACPI: PCI Interrupt Link [GSIG] enabled at IRQ 22
[STDOUT  ] 2018-01-11T14:02:38.623430867Z: [    6.622446] ACPI: PCI Interrupt Link [GSIH] enabled at IRQ 23
[STDOUT  ] 2018-01-11T14:02:38.627455361Z: [    6.626672] xenfs: not registering filesystem on non-xen platform
[STDOUT  ] 2018-01-11T14:02:38.629352607Z: [    6.628601] Serial: 8250/16550 driver, 4 ports, IRQ sharing disabled
[STDOUT  ] 2018-01-11T14:02:38.654220916Z: [    6.653204] 00:04: ttyS0 at I/O 0x3f8 (irq = 4, base_baud = 115200) is a 16550A
[STDOUT  ] 2018-01-11T14:02:38.664620097Z: [    6.663885] Non-volatile memory driver v1.3
[STDOUT  ] 2018-01-11T14:02:38.671274551Z: [    6.670249] Hangcheck: starting hangcheck timer 0.9.1 (tick is 180 seconds, margin is 60 seconds).
[STDOUT  ] 2018-01-11T14:02:38.675272974Z: [    6.674690] random: fast init done
[STDOUT  ] 2018-01-11T14:02:38.676941417Z: [    6.676263] random: crng init done
[STDOUT  ] 2018-01-11T14:02:38.705373873Z: [    6.704715] loop: module loaded
[STDOUT  ] 2018-01-11T14:02:38.718688039Z: [    6.717973] nbd: registered device at major 43
[STDOUT  ] 2018-01-11T14:02:38.749962487Z: [    6.749259] lpc_ich 0000:00:1f.0: I/O space for GPIO uninitialized
[STDOUT  ] 2018-01-11T14:02:38.752027932Z: [    6.751201] VMware PVSCSI driver - version 1.0.7.0-k
[STDOUT  ] 2018-01-11T14:02:38.75278597Z: [    6.752044] hv_vmbus: registering driver hv_storvsc
[STDOUT  ] 2018-01-11T14:02:38.759633902Z: [    6.758775] ACPI: PCI Interrupt Link [GSIA] enabled at IRQ 16
[STDOUT  ] 2018-01-11T14:02:38.76787064Z: [    6.766171] ahci 0000:00:1f.2: AHCI 0001.0000 32 slots 6 ports 1.5 Gbps 0x3f impl SATA mode
[STDOUT  ] 2018-01-11T14:02:38.768444Z: [    6.767397] ahci 0000:00:1f.2: flags: 64bit ncq only 
[STDOUT  ] 2018-01-11T14:02:38.794710612Z: [    6.793770] scsi host0: ahci
[STDOUT  ] 2018-01-11T14:02:38.799342847Z: [    6.798800] scsi host1: ahci
[STDOUT  ] 2018-01-11T14:02:38.80254608Z: [    6.801708] scsi host2: ahci
[STDOUT  ] 2018-01-11T14:02:38.80446792Z: [    6.803777] scsi host3: ahci
[STDOUT  ] 2018-01-11T14:02:38.807154087Z: [    6.806511] scsi host4: ahci
[STDOUT  ] 2018-01-11T14:02:38.809679265Z: [    6.809137] scsi host5: ahci
[STDOUT  ] 2018-01-11T14:02:38.811599355Z: [    6.810786] ata1: SATA max UDMA/133 abar m4096@0xfebd2000 port 0xfebd2100 irq 24
[STDOUT  ] 2018-01-11T14:02:38.812071185Z: [    6.811226] ata2: SATA max UDMA/133 abar m4096@0xfebd2000 port 0xfebd2180 irq 24
[STDOUT  ] 2018-01-11T14:02:38.812679926Z: [    6.811713] ata3: SATA max UDMA/133 abar m4096@0xfebd2000 port 0xfebd2200 irq 24
[STDOUT  ] 2018-01-11T14:02:38.813054272Z: [    6.812162] ata4: SATA max UDMA/133 abar m4096@0xfebd2000 port 0xfebd2280 irq 24
[STDOUT  ] 2018-01-11T14:02:38.813408492Z: [    6.812584] ata5: SATA max UDMA/133 abar m4096@0xfebd2000 port 0xfebd2300 irq 24
[STDOUT  ] 2018-01-11T14:02:38.814076562Z: [    6.813048] ata6: SATA max UDMA/133 abar m4096@0xfebd2000 port 0xfebd2380 irq 24
[STDOUT  ] 2018-01-11T14:02:38.825241505Z: [    6.824467] tun: Universal TUN/TAP device driver, 1.6
[STDOUT  ] 2018-01-11T14:02:38.825616343Z: [    6.824745] tun: (C) 1999-2004 Max Krasnyansky <maxk@qualcomm.com>
[STDOUT  ] 2018-01-11T14:02:38.835949846Z: [    6.834960] VMware vmxnet3 virtual NIC driver - version 1.4.a.0-k-NAPI
[STDOUT  ] 2018-01-11T14:02:38.836592586Z: [    6.835872] hv_vmbus: registering driver hv_netvsc
[STDOUT  ] 2018-01-11T14:02:38.836910627Z: [    6.836202] Fusion MPT base driver 3.04.20
[STDOUT  ] 2018-01-11T14:02:38.837259382Z: [    6.836533] Copyright (c) 1999-2008 LSI Corporation
[STDOUT  ] 2018-01-11T14:02:38.83779815Z: [    6.837167] Fusion MPT SPI Host driver 3.04.20
[STDOUT  ] 2018-01-11T14:02:38.839926841Z: [    6.838989] i8042: PNP: PS/2 Controller [PNP0303:KBD,PNP0f13:MOU] at 0x60,0x64 irq 1,12
[STDOUT  ] 2018-01-11T14:02:38.844027437Z: [    6.843121] serio: i8042 KBD port at 0x60,0x64 irq 1
[STDOUT  ] 2018-01-11T14:02:38.844621662Z: [    6.843950] serio: i8042 AUX port at 0x60,0x64 irq 12
[STDOUT  ] 2018-01-11T14:02:38.847175528Z: [    6.846482] hv_vmbus: registering driver hyperv_keyboard
[STDOUT  ] 2018-01-11T14:02:38.849384744Z: [    6.848448] mousedev: PS/2 mouse device common for all mice
[STDOUT  ] 2018-01-11T14:02:38.853938983Z: [    6.853051] input: AT Translated Set 2 keyboard as /devices/platform/i8042/serio0/input/input1
[STDOUT  ] 2018-01-11T14:02:38.856459234Z: [    6.855599] input: PC Speaker as /devices/platform/pcspkr/input/input2
[STDOUT  ] 2018-01-11T14:02:38.860125925Z: [    6.859348] rtc_cmos 00:00: RTC can wake from S4
[STDOUT  ] 2018-01-11T14:02:38.863422344Z: [    6.862669] rtc_cmos 00:00: rtc core: registered rtc_cmos as rtc0
[STDOUT  ] 2018-01-11T14:02:38.864659529Z: [    6.863832] rtc_cmos 00:00: alarms up to one day, y3k, 114 bytes nvram, hpet irqs
[STDOUT  ] 2018-01-11T14:02:38.865219287Z: [    6.864524] i2c /dev entries driver
[STDOUT  ] 2018-01-11T14:02:38.86736274Z: [    6.866326] device-mapper: ioctl: 4.35.0-ioctl (2016-06-23) initialised: dm-devel@redhat.com
[STDOUT  ] 2018-01-11T14:02:38.871556892Z: [    6.870776] usbcore: registered new interface driver usbhid
[STDOUT  ] 2018-01-11T14:02:38.871867892Z: [    6.871151] usbhid: USB HID core driver
[STDOUT  ] 2018-01-11T14:02:38.872466552Z: [    6.871808] hv_utils: Registering HyperV Utility Driver
[STDOUT  ] 2018-01-11T14:02:38.872798654Z: [    6.872106] hv_vmbus: registering driver hv_util
[STDOUT  ] 2018-01-11T14:02:38.873279743Z: [    6.872416] hv_vmbus: registering driver hv_balloon
[STDOUT  ] 2018-01-11T14:02:38.873666037Z: [    6.873024] oprofile: using NMI interrupt.
[STDOUT  ] 2018-01-11T14:02:38.874781505Z: [    6.874110] GACT probability on
[STDOUT  ] 2018-01-11T14:02:38.875264143Z: [    6.874567] Mirror/redirect action on
[STDOUT  ] 2018-01-11T14:02:38.876129001Z: [    6.875444] Simple TC action Loaded
[STDOUT  ] 2018-01-11T14:02:38.876636734Z: [    6.876003] u32 classifier
[STDOUT  ] 2018-01-11T14:02:38.876805031Z: [    6.876166]     Performance counters on
[STDOUT  ] 2018-01-11T14:02:38.877139518Z: [    6.876443]     input device check on
[STDOUT  ] 2018-01-11T14:02:38.877463051Z: [    6.876710]     Actions configured
[STDOUT  ] 2018-01-11T14:02:38.878020769Z: [    6.877391] Netfilter messages via NETLINK v0.30.
[STDOUT  ] 2018-01-11T14:02:38.878612564Z: [    6.877942] nfnl_acct: registering with nfnetlink.
[STDOUT  ] 2018-01-11T14:02:38.880398602Z: [    6.879520] nf_conntrack version 0.5.0 (8192 buckets, 32768 max)
[STDOUT  ] 2018-01-11T14:02:38.883523176Z: [    6.882831] ctnetlink v0.93: registering with nfnetlink.
[STDOUT  ] 2018-01-11T14:02:38.886438291Z: [    6.885588] nf_tables: (c) 2007-2009 Patrick McHardy <kaber@trash.net>
[STDOUT  ] 2018-01-11T14:02:38.887303966Z: [    6.886419] nf_tables_compat: (c) 2012 Pablo Neira Ayuso <pablo@netfilter.org>
[STDOUT  ] 2018-01-11T14:02:38.88938056Z: [    6.888636] xt_time: kernel timezone is -0000
[STDOUT  ] 2018-01-11T14:02:38.8898435Z: [    6.889150] ip_set: protocol 6
[STDOUT  ] 2018-01-11T14:02:38.890662289Z: [    6.889859] IPVS: Registered protocols (TCP, UDP, SCTP, AH, ESP)
[STDOUT  ] 2018-01-11T14:02:38.891740264Z: [    6.890884] IPVS: Connection hash table configured (size=4096, memory=64Kbytes)
[STDOUT  ] 2018-01-11T14:02:38.89350653Z: [    6.892759] IPVS: Creating netns size=2104 id=0
[STDOUT  ] 2018-01-11T14:02:38.896357921Z: [    6.895758] IPVS: ipvs loaded.
[STDOUT  ] 2018-01-11T14:02:38.896801241Z: [    6.896113] IPVS: [rr] scheduler registered.
[STDOUT  ] 2018-01-11T14:02:38.897161525Z: [    6.896442] IPVS: [wrr] scheduler registered.
[STDOUT  ] 2018-01-11T14:02:38.897522261Z: [    6.896802] IPVS: [lc] scheduler registered.
[STDOUT  ] 2018-01-11T14:02:38.897874248Z: [    6.897098] IPVS: [wlc] scheduler registered.
[STDOUT  ] 2018-01-11T14:02:38.898039611Z: [    6.897378] IPVS: [fo] scheduler registered.
[STDOUT  ] 2018-01-11T14:02:38.898367761Z: [    6.897650] IPVS: [ovf] scheduler registered.
[STDOUT  ] 2018-01-11T14:02:38.898977285Z: [    6.898180] IPVS: [lblc] scheduler registered.
[STDOUT  ] 2018-01-11T14:02:38.899517112Z: [    6.898609] IPVS: [lblcr] scheduler registered.
[STDOUT  ] 2018-01-11T14:02:38.899712846Z: [    6.899018] IPVS: [dh] scheduler registered.
[STDOUT  ] 2018-01-11T14:02:38.90003682Z: [    6.899299] IPVS: [sh] scheduler registered.
[STDOUT  ] 2018-01-11T14:02:38.900365034Z: [    6.899615] IPVS: [sed] scheduler registered.
[STDOUT  ] 2018-01-11T14:02:38.900771939Z: [    6.899909] IPVS: [nq] scheduler registered.
[STDOUT  ] 2018-01-11T14:02:38.902058757Z: [    6.901229] IPVS: ftp: loaded support on port[0] = 21
[STDOUT  ] 2018-01-11T14:02:38.90271298Z: [    6.902042] ipip: IPv4 and MPLS over IPv4 tunneling driver
[STDOUT  ] 2018-01-11T14:02:38.906267024Z: [    6.905490] gre: GRE over IPv4 demultiplexor driver
[STDOUT  ] 2018-01-11T14:02:38.909151193Z: [    6.908247] ip_tables: (C) 2000-2006 Netfilter Core Team
[STDOUT  ] 2018-01-11T14:02:38.912806564Z: [    6.911870] ipt_CLUSTERIP: ClusterIP Version 0.8 loaded successfully
[STDOUT  ] 2018-01-11T14:02:38.913506478Z: [    6.912649] arp_tables: arp_tables: (C) 2002 David S. Miller
[STDOUT  ] 2018-01-11T14:02:38.915657847Z: [    6.914912] NET: Registered protocol family 10
[STDOUT  ] 2018-01-11T14:02:38.924802251Z: [    6.923948] ip6_tables: (C) 2000-2006 Netfilter Core Team
[STDOUT  ] 2018-01-11T14:02:38.932497393Z: [    6.931800] NET: Registered protocol family 17
[STDOUT  ] 2018-01-11T14:02:38.933566034Z: [    6.932854] Bridge firewalling registered
[STDOUT  ] 2018-01-11T14:02:38.934119406Z: [    6.933403] Ebtables v2.0 registered
[STDOUT  ] 2018-01-11T14:02:38.936095219Z: [    6.935277] 8021q: 802.1Q VLAN Support v1.8
[STDOUT  ] 2018-01-11T14:02:38.937395617Z: [    6.936663] 9pnet: Installing 9P2000 support
[STDOUT  ] 2018-01-11T14:02:38.938822136Z: [    6.938090] Key type dns_resolver registered
[STDOUT  ] 2018-01-11T14:02:38.93972859Z: [    6.939019] microcode: AMD CPU family 0x6 not supported
[STDOUT  ] 2018-01-11T14:02:38.943432784Z: [    6.942609] registered taskstats version 1
[STDOUT  ] 2018-01-11T14:02:39.109779419Z: [    7.109115] Key type big_key registered
[STDOUT  ] 2018-01-11T14:02:39.144651348Z: [    7.143862] ata2: SATA link down (SStatus 0 SControl 300)
[STDOUT  ] 2018-01-11T14:02:39.147941006Z: [    7.147036] ata1: SATA link up 1.5 Gbps (SStatus 113 SControl 300)
[STDOUT  ] 2018-01-11T14:02:39.151971015Z: [    7.151032] ata3: SATA link up 1.5 Gbps (SStatus 113 SControl 300)
[STDOUT  ] 2018-01-11T14:02:39.153807569Z: [    7.152935] ata3.00: ATAPI: QEMU DVD-ROM, 2.5+, max UDMA/100
[STDOUT  ] 2018-01-11T14:02:39.154272243Z: [    7.153419] ata3.00: applying bridge limits
[STDOUT  ] 2018-01-11T14:02:39.15609291Z: [    7.155325] ata3.00: configured for UDMA/100
[STDOUT  ] 2018-01-11T14:02:39.157513139Z: [    7.156745] ata4: SATA link down (SStatus 0 SControl 300)
[STDOUT  ] 2018-01-11T14:02:39.161841069Z: [    7.160989] ata1.00: ATA-7: QEMU HARDDISK, 2.5+, max UDMA/100
[STDOUT  ] 2018-01-11T14:02:39.162281211Z: [    7.161453] ata1.00: 524288 sectors, multi 16: LBA48 NCQ (depth 31/32)
[STDOUT  ] 2018-01-11T14:02:39.162924561Z: [    7.162206] ata1.00: applying bridge limits
[STDOUT  ] 2018-01-11T14:02:39.163412931Z: [    7.162804] ata6: SATA link down (SStatus 0 SControl 300)
[STDOUT  ] 2018-01-11T14:02:39.164055627Z: [    7.163330] ata5: SATA link down (SStatus 0 SControl 300)
[STDOUT  ] 2018-01-11T14:02:39.165382892Z: [    7.164738] ata1.00: configured for UDMA/100
[STDOUT  ] 2018-01-11T14:02:39.182893303Z: [    7.181920] scsi 0:0:0:0: Direct-Access     ATA      QEMU HARDDISK    2.5+ PQ: 0 ANSI: 5
[STDOUT  ] 2018-01-11T14:02:39.196164994Z: [    7.195235] sd 0:0:0:0: Attached scsi generic sg0 type 0
[STDOUT  ] 2018-01-11T14:02:39.199409424Z: [    7.198542] sd 0:0:0:0: [sda] 524288 512-byte logical blocks: (268 MB/256 MiB)
[STDOUT  ] 2018-01-11T14:02:39.213009315Z: [    7.212295] sd 0:0:0:0: [sda] Write Protect is off
[STDOUT  ] 2018-01-11T14:02:39.215816441Z: [    7.214813] scsi 2:0:0:0: CD-ROM            QEMU     QEMU DVD-ROM     2.5+ PQ: 0 ANSI: 5
[STDOUT  ] 2018-01-11T14:02:39.219383474Z: [    7.218390] sd 0:0:0:0: [sda] Write cache: enabled, read cache: enabled, doesn't support DPO or FUA
[STDOUT  ] 2018-01-11T14:02:39.234653049Z: [    7.233732] sr 2:0:0:0: [sr0] scsi3-mmc drive: 4x/4x cd/rw xa/form2 tray
[STDOUT  ] 2018-01-11T14:02:39.235266928Z: [    7.234480] cdrom: Uniform CD-ROM driver Revision: 3.20
[STDOUT  ] 2018-01-11T14:02:39.243993718Z: [    7.243132] sr 2:0:0:0: Attached scsi generic sg1 type 5
[STDOUT  ] 2018-01-11T14:02:39.264460295Z: [    7.263303] sd 0:0:0:0: [sda] Attached SCSI disk
[STDOUT  ] 2018-01-11T14:02:39.308610468Z: [    7.307928] Key type encrypted registered
[STDOUT  ] 2018-01-11T14:02:39.314957538Z: [    7.313985] rtc_cmos 00:00: setting system clock to 2018-01-11 14:02:38 UTC (1515679358)
[STDOUT  ] 2018-01-11T14:02:39.458263558Z: [    7.457406] Freeing unused kernel memory: 1396K
[STDOUT  ] 2018-01-11T14:02:39.458795591Z: [    7.457784] Write protecting the kernel read-only data: 12288k
[STDOUT  ] 2018-01-11T14:02:39.46436076Z: [    7.463616] Freeing unused kernel memory: 124K
[STDOUT  ] 2018-01-11T14:02:39.5619078Z: [    7.561112] Freeing unused kernel memory: 1396K
[STDOUT  ] 2018-01-11T14:02:39.562840608Z: [    7.561922] tsc: Refined TSC clocksource calibration: 2600.002 MHz
[STDOUT  ] 2018-01-11T14:02:39.563460863Z: [    7.562478] clocksource: tsc: mask: 0xffffffffffffffff max_cycles: 0x257a3e40e8d, max_idle_ns: 440795298933 ns
[STDOUT  ] 2018-01-11T14:02:40.579270919Z: [    8.577099] clocksource: Switched to clocksource tsc
[STDOUT  ] 2018-01-11T14:02:49.251887937Z: 
[STDOUT  ] 2018-01-11T14:02:49.252398457Z: Welcome to LinuxKit
[STDOUT  ] 2018-01-11T14:02:49.252613131Z: 
[STDOUT  ] 2018-01-11T14:02:49.252813632Z:                         ##         .
[STDOUT  ] 2018-01-11T14:02:49.253146485Z:                   ## ## ##        ==
[STDOUT  ] 2018-01-11T14:02:49.253555483Z:                ## ## ## ## ##    ===
[STDOUT  ] 2018-01-11T14:02:49.253886655Z:            /"""""""""""""""""\___/ ===
[STDOUT  ] 2018-01-11T14:02:49.254223938Z:           {                       /  ===-
[STDOUT  ] 2018-01-11T14:02:49.254568212Z:            \______ O           __/
[STDOUT  ] 2018-01-11T14:02:49.254902129Z:              \    \         __/
[STDOUT  ] 2018-01-11T14:02:49.255238839Z:               \____\_______/
[STDOUT  ] 2018-01-11T14:02:49.255275966Z: 
[STDOUT  ] 2018-01-11T14:02:49.957762591Z: [   17.956920] IPVS: Creating netns size=2104 id=1
[STDOUT  ] 2018-01-11T14:02:49.958284181Z: [   17.957450] IPVS: ftp: loaded support on port[0] = 21
[STDOUT  ] 2018-01-11T14:02:51.01724587Z: 2018/01/11 14:02:49 Creating partition on /dev/sda
[STDOUT  ] 2018-01-11T14:02:51.12225856Z: [   19.121557]  sda:
[STDOUT  ] 2018-01-11T14:02:51.190556047Z: [   19.189897]  sda:
[STDOUT  ] 2018-01-11T14:02:51.251794128Z: [   19.251108]  sda: sda1
[STDOUT  ] 2018-01-11T14:02:51.321533395Z: [   19.320771]  sda: sda1
[STDOUT  ] 2018-01-11T14:02:52.989224061Z: 2018/01/11 14:02:51 Partition /dev/sda1 successfully created!
[STDOUT  ] 2018-01-11T14:02:53.530091719Z: [   21.529207] IPVS: Creating netns size=2104 id=2
[STDOUT  ] 2018-01-11T14:02:53.53013872Z: [   21.529462] IPVS: ftp: loaded support on port[0] = 21
[STDOUT  ] 2018-01-11T14:02:54.562330544Z: [   22.561482] EXT4-fs (sda1): couldn't mount as ext3 due to feature incompatibilities
[STDOUT  ] 2018-01-11T14:02:54.569892117Z: [   22.569125] EXT4-fs (sda1): couldn't mount as ext2 due to feature incompatibilities
[STDOUT  ] 2018-01-11T14:02:54.592597548Z: [   22.591513] EXT4-fs (sda1): mounted filesystem with ordered data mode. Opts: (null)
[STDOUT  ] 2018-01-11T14:03:08.104277702Z: [   36.102185] sd 0:0:0:0: [sda] Synchronizing SCSI cache
[STDOUT  ] 2018-01-11T14:03:08.106690328Z: [   36.105889] sd 0:0:0:0: [sda] Stopping disk
[STDOUT  ] 2018-01-11T14:03:08.112160166Z: [   36.111270] ACPI: Preparing to enter system sleep state S5
[STDOUT  ] 2018-01-11T14:03:08.116662693Z: [   36.115984] reboot: Power down
[STDERR  ] 2018-01-11T14:03:08.461877921Z: + [ -f disk.img ]
[STDERR  ] 2018-01-11T14:03:08.461936902Z: + dd if=/dev/zero bs=1048576 count=256
[STDERR  ] 2018-01-11T14:03:08.766502689Z: 256+0 records in
[STDERR  ] 2018-01-11T14:03:08.766551762Z: 256+0 records out
[STDERR  ] 2018-01-11T14:03:08.766562093Z: 268435456 bytes (268 MB) copied, 0.191271 s, 1.4 GB/s
[STDERR  ] 2018-01-11T14:03:08.766839269Z: + linuxkit build -format kernel+initrd -name extend-ext4 test.yml
[STDERR  ] 2018-01-11T14:03:08.842441021Z: Extract kernel image: linuxkit/kernel:4.9.76
[STDERR  ] 2018-01-11T14:03:09.995654474Z: time="2018-01-11T14:03:09Z" level=warning msg="certificate with CN  is near expiry"
[STDERR  ] 2018-01-11T14:03:09.995963608Z: time="2018-01-11T14:03:09Z" level=warning msg="certificate with CN Justin Cormack is near expiry"
[STDERR  ] 2018-01-11T14:03:09.996002651Z: time="2018-01-11T14:03:09Z" level=warning msg="certificate with CN  is near expiry"
[STDERR  ] 2018-01-11T14:03:10.040440204Z: time="2018-01-11T14:03:10Z" level=warning msg="certificate with CN Justin Cormack is near expiry"
[STDERR  ] 2018-01-11T14:03:10.427705895Z: Add init containers:
[STDERR  ] 2018-01-11T14:03:10.427759013Z: Process init image: linuxkit/init:81fc00e879cf56fa6f058f6c891b012bc867de7f
[STDERR  ] 2018-01-11T14:03:11.46113316Z: time="2018-01-11T14:03:11Z" level=warning msg="certificate with CN  is near expiry"
[STDERR  ] 2018-01-11T14:03:11.461196007Z: time="2018-01-11T14:03:11Z" level=warning msg="certificate with CN  is near expiry"
[STDERR  ] 2018-01-11T14:03:11.461424667Z: time="2018-01-11T14:03:11Z" level=warning msg="certificate with CN Justin Cormack is near expiry"
[STDERR  ] 2018-01-11T14:03:11.465807587Z: time="2018-01-11T14:03:11Z" level=warning msg="certificate with CN Justin Cormack is near expiry"
[STDERR  ] 2018-01-11T14:03:11.467372775Z: time="2018-01-11T14:03:11Z" level=warning msg="certificate with CN  is near expiry"
[STDERR  ] 2018-01-11T14:03:11.631355187Z: Process init image: linuxkit/runc:abc3f292653e64a2fd488e9675ace19a55ec7023
[STDERR  ] 2018-01-11T14:03:12.662793149Z: time="2018-01-11T14:03:12Z" level=warning msg="certificate with CN Justin Cormack is near expiry"
[STDERR  ] 2018-01-11T14:03:12.662890496Z: time="2018-01-11T14:03:12Z" level=warning msg="certificate with CN  is near expiry"
[STDERR  ] 2018-01-11T14:03:12.662964373Z: time="2018-01-11T14:03:12Z" level=warning msg="certificate with CN  is near expiry"
[STDERR  ] 2018-01-11T14:03:12.665501714Z: time="2018-01-11T14:03:12Z" level=warning msg="certificate with CN Justin Cormack is near expiry"
[STDERR  ] 2018-01-11T14:03:12.66710428Z: time="2018-01-11T14:03:12Z" level=warning msg="certificate with CN  is near expiry"
[STDERR  ] 2018-01-11T14:03:12.806823653Z: Add onboot containers:
[STDERR  ] 2018-01-11T14:03:12.806862811Z:   Create OCI config for linuxkit/extend:e550c16d8464cabeffdff80f27e6fa8278f06dbb
[STDERR  ] 2018-01-11T14:03:14.56508382Z: time="2018-01-11T14:03:14Z" level=warning msg="certificate with CN Rolf Neugebauer is near expiry"
[STDERR  ] 2018-01-11T14:03:14.565320559Z: time="2018-01-11T14:03:14Z" level=warning msg="certificate with CN  is near expiry"
[STDERR  ] 2018-01-11T14:03:14.565431205Z: time="2018-01-11T14:03:14Z" level=warning msg="certificate with CN Moby CI is near expiry"
[STDERR  ] 2018-01-11T14:03:14.565533473Z: time="2018-01-11T14:03:14Z" level=warning msg="certificate with CN  is near expiry"
[STDERR  ] 2018-01-11T14:03:14.565635753Z: time="2018-01-11T14:03:14Z" level=warning msg="certificate with CN Justin Cormack is near expiry"
[STDERR  ] 2018-01-11T14:03:14.654828733Z: time="2018-01-11T14:03:14Z" level=warning msg="certificate with CN  is near expiry"
[STDERR  ] 2018-01-11T14:03:14.829405372Z: time="2018-01-11T14:03:14Z" level=warning msg="certificate with CN Rolf Neugebauer is near expiry"
[STDERR  ] 2018-01-11T14:03:14.849783134Z: Pull image: docker.io/linuxkit/extend:e550c16d8464cabeffdff80f27e6fa8278f06dbb@sha256:9393e4c52007fc501a65078b17521ef184e487785cec99fbc15be468c7c21b4e
[STDERR  ] 2018-01-11T14:03:18.438711835Z:   Create OCI config for linuxkit/mount:b346ec277b7074e5c9986128a879c10a1d18742b
[STDERR  ] 2018-01-11T14:03:19.521306092Z: time="2018-01-11T14:03:19Z" level=warning msg="certificate with CN Justin Cormack is near expiry"
[STDERR  ] 2018-01-11T14:03:19.521811262Z: time="2018-01-11T14:03:19Z" level=warning msg="certificate with CN Rolf Neugebauer is near expiry"
[STDERR  ] 2018-01-11T14:03:19.522009105Z: time="2018-01-11T14:03:19Z" level=warning msg="certificate with CN  is near expiry"
[STDERR  ] 2018-01-11T14:03:19.522263208Z: time="2018-01-11T14:03:19Z" level=warning msg="certificate with CN  is near expiry"
[STDERR  ] 2018-01-11T14:03:19.525932494Z: time="2018-01-11T14:03:19Z" level=warning msg="certificate with CN Justin Cormack is near expiry"
[STDERR  ] 2018-01-11T14:03:19.527074478Z: time="2018-01-11T14:03:19Z" level=warning msg="certificate with CN Rolf Neugebauer is near expiry"
[STDERR  ] 2018-01-11T14:03:19.527894633Z: time="2018-01-11T14:03:19Z" level=warning msg="certificate with CN  is near expiry"
[STDERR  ] 2018-01-11T14:03:19.963011343Z:   Create OCI config for alpine:3.7
[STDERR  ] 2018-01-11T14:03:21.187609188Z:   Create OCI config for linuxkit/poweroff:bccfe1cb04fc7bb9f03613d2314f38abd2620f29
[STDERR  ] 2018-01-11T14:03:22.221887156Z: time="2018-01-11T14:03:22Z" level=warning msg="certificate with CN Justin Cormack is near expiry"
[STDERR  ] 2018-01-11T14:03:22.222064058Z: time="2018-01-11T14:03:22Z" level=warning msg="certificate with CN Rolf Neugebauer is near expiry"
[STDERR  ] 2018-01-11T14:03:22.222155123Z: time="2018-01-11T14:03:22Z" level=warning msg="certificate with CN  is near expiry"
[STDERR  ] 2018-01-11T14:03:22.222251393Z: time="2018-01-11T14:03:22Z" level=warning msg="certificate with CN  is near expiry"
[STDERR  ] 2018-01-11T14:03:22.224045547Z: time="2018-01-11T14:03:22Z" level=warning msg="certificate with CN Rolf Neugebauer is near expiry"
[STDERR  ] 2018-01-11T14:03:22.224834974Z: time="2018-01-11T14:03:22Z" level=warning msg="certificate with CN  is near expiry"
[STDERR  ] 2018-01-11T14:03:22.402884196Z: Add files:
[STDERR  ] 2018-01-11T14:03:22.40293909Z:   check.sh
[STDERR  ] 2018-01-11T14:03:22.429000477Z: Create outputs:
[STDERR  ] 2018-01-11T14:03:28.091201259Z:   extend-ext4-kernel extend-ext4-initrd.img extend-ext4-cmdline
[STDERR  ] 2018-01-11T14:03:28.152073452Z: + linuxkit run -disk file=disk.img extend-ext4
[STDERR  ] 2018-01-11T14:03:28.175310745Z: Unable to find qemu-system-x86_64 within the $PATH. Using a container
[STDERR  ] 2018-01-11T14:03:28.175394574Z: Using existing disk [disk.img] format 
[STDERR  ] 2018-01-11T14:03:29.079165989Z: WARNING: Image format was not specified for 'disk.img' and probing guessed raw.
[STDERR  ] 2018-01-11T14:03:29.079219173Z:          Automatically detecting the format is dangerous for raw images, write operations on block 0 will be restricted.
[STDERR  ] 2018-01-11T14:03:29.079243192Z:          Specify the 'raw' format explicitly to remove the restrictions.
[STDERR  ] 2018-01-11T14:04:08.064439819Z: + RESULT=[    0.000000] Linux version 4.9.76-linuxkit (root@1dc47965cda0) (gcc version 6.4.0 (Alpine 6.4.0) ) #1 SMP Wed Jan 10 11:40:11 UTC 2018
[STDERR  ] 2018-01-11T14:04:08.064500784Z: [    0.000000] Command line: console=ttyS0 console=ttyAMA0
[STDERR  ] 2018-01-11T14:04:08.064513138Z: [    0.000000] x86/fpu: Legacy x87 FPU detected.
[STDERR  ] 2018-01-11T14:04:08.064521178Z: [    0.000000] x86/fpu: Using 'eager' FPU context switches.
[STDERR  ] 2018-01-11T14:04:08.064528634Z: [    0.000000] e820: BIOS-provided physical RAM map:
[STDERR  ] 2018-01-11T14:04:08.064536361Z: [    0.000000] BIOS-e820: [mem 0x0000000000000000-0x000000000009fbff] usable
[STDERR  ] 2018-01-11T14:04:08.064544301Z: [    0.000000] BIOS-e820: [mem 0x000000000009fc00-0x000000000009ffff] reserved
[STDERR  ] 2018-01-11T14:04:08.064551832Z: [    0.000000] BIOS-e820: [mem 0x00000000000f0000-0x00000000000fffff] reserved
[STDERR  ] 2018-01-11T14:04:08.064570359Z: [    0.000000] BIOS-e820: [mem 0x0000000000100000-0x000000003ffdefff] usable
[STDERR  ] 2018-01-11T14:04:08.064580114Z: [    0.000000] BIOS-e820: [mem 0x000000003ffdf000-0x000000003fffffff] reserved
[STDERR  ] 2018-01-11T14:04:08.064586682Z: [    0.000000] BIOS-e820: [mem 0x00000000b0000000-0x00000000bfffffff] reserved
[STDERR  ] 2018-01-11T14:04:08.064593134Z: [    0.000000] BIOS-e820: [mem 0x00000000fed1c000-0x00000000fed1ffff] reserved
[STDERR  ] 2018-01-11T14:04:08.064605211Z: [    0.000000] BIOS-e820: [mem 0x00000000fffc0000-0x00000000ffffffff] reserved
[STDERR  ] 2018-01-11T14:04:08.064611411Z: [    0.000000] NX (Execute Disable) protection: active
[STDERR  ] 2018-01-11T14:04:08.064618098Z: [    0.000000] SMBIOS 2.8 present.
[STDERR  ] 2018-01-11T14:04:08.064625218Z: [    0.000000] Kernel/User page tables isolation: disabled
[STDERR  ] 2018-01-11T14:04:08.064631964Z: [    0.000000] e820: last_pfn = 0x3ffdf max_arch_pfn = 0x400000000
[STDERR  ] 2018-01-11T14:04:08.064637951Z: [    0.000000] x86/PAT: Configuration [0-7]: WB  WC  UC- UC  WB  WC  UC- WT  
[STDERR  ] 2018-01-11T14:04:08.064643969Z: [    0.000000] found SMP MP-table at [mem 0x000f6aa0-0x000f6aaf] mapped at [ffff8b62c00f6aa0]
[STDERR  ] 2018-01-11T14:04:08.064650749Z: [    0.000000] RAMDISK: [mem 0x3deb9000-0x3ffcffff]
[STDERR  ] 2018-01-11T14:04:08.064656695Z: [    0.000000] ACPI: Early table checksum verification disabled
[STDERR  ] 2018-01-11T14:04:08.064663572Z: [    0.000000] ACPI: RSDP 0x00000000000F68B0 000014 (v00 BOCHS )
[STDERR  ] 2018-01-11T14:04:08.064669986Z: [    0.000000] ACPI: RSDT 0x000000003FFE20A8 000034 (v01 BOCHS  BXPCRSDT 00000001 BXPC 00000001)
[STDERR  ] 2018-01-11T14:04:08.064676335Z: [    0.000000] ACPI: FACP 0x000000003FFE1EC8 0000F4 (v03 BOCHS  BXPCFACP 00000001 BXPC 00000001)
[STDERR  ] 2018-01-11T14:04:08.064685445Z: [    0.000000] ACPI: DSDT 0x000000003FFE0040 001E88 (v01 BOCHS  BXPCDSDT 00000001 BXPC 00000001)
[STDERR  ] 2018-01-11T14:04:08.064691846Z: [    0.000000] ACPI: FACS 0x000000003FFE0000 000040
[STDERR  ] 2018-01-11T14:04:08.064698071Z: [    0.000000] ACPI: APIC 0x000000003FFE1FBC 000078 (v01 BOCHS  BXPCAPIC 00000001 BXPC 00000001)
[STDERR  ] 2018-01-11T14:04:08.064704156Z: [    0.000000] ACPI: HPET 0x000000003FFE2034 000038 (v01 BOCHS  BXPCHPET 00000001 BXPC 00000001)
[STDERR  ] 2018-01-11T14:04:08.064710804Z: [    0.000000] ACPI: MCFG 0x000000003FFE206C 00003C (v01 BOCHS  BXPCMCFG 00000001 BXPC 00000001)
[STDERR  ] 2018-01-11T14:04:08.064716761Z: [    0.000000] Zone ranges:
[STDERR  ] 2018-01-11T14:04:08.064722972Z: [    0.000000]   DMA      [mem 0x0000000000001000-0x0000000000ffffff]
[STDERR  ] 2018-01-11T14:04:08.064729621Z: [    0.000000]   DMA32    [mem 0x0000000001000000-0x000000003ffdefff]
[STDERR  ] 2018-01-11T14:04:08.064735986Z: [    0.000000]   Normal   empty
[STDERR  ] 2018-01-11T14:04:08.064742179Z: [    0.000000] Movable zone start for each node
[STDERR  ] 2018-01-11T14:04:08.064748648Z: [    0.000000] Early memory node ranges
[STDERR  ] 2018-01-11T14:04:08.064755506Z: [    0.000000]   node   0: [mem 0x0000000000001000-0x000000000009efff]
[STDERR  ] 2018-01-11T14:04:08.064761858Z: [    0.000000]   node   0: [mem 0x0000000000100000-0x000000003ffdefff]
[STDERR  ] 2018-01-11T14:04:08.064767868Z: [    0.000000] Initmem setup node 0 [mem 0x0000000000001000-0x000000003ffdefff]
[STDERR  ] 2018-01-11T14:04:08.064773761Z: [    0.000000] ACPI: PM-Timer IO Port: 0x608
[STDERR  ] 2018-01-11T14:04:08.064779822Z: [    0.000000] ACPI: LAPIC_NMI (acpi_id[0xff] dfl dfl lint[0x1])
[STDERR  ] 2018-01-11T14:04:08.064785986Z: [    0.000000] IOAPIC[0]: apic_id 0, version 32, address 0xfec00000, GSI 0-23
[STDERR  ] 2018-01-11T14:04:08.064792019Z: [    0.000000] ACPI: INT_SRC_OVR (bus 0 bus_irq 0 global_irq 2 dfl dfl)
[STDERR  ] 2018-01-11T14:04:08.064797891Z: [    0.000000] ACPI: INT_SRC_OVR (bus 0 bus_irq 5 global_irq 5 high level)
[STDERR  ] 2018-01-11T14:04:08.064803742Z: [    0.000000] ACPI: INT_SRC_OVR (bus 0 bus_irq 9 global_irq 9 high level)
[STDERR  ] 2018-01-11T14:04:08.064813719Z: [    0.000000] ACPI: INT_SRC_OVR (bus 0 bus_irq 10 global_irq 10 high level)
[STDERR  ] 2018-01-11T14:04:08.064820831Z: [    0.000000] ACPI: INT_SRC_OVR (bus 0 bus_irq 11 global_irq 11 high level)
[STDERR  ] 2018-01-11T14:04:08.064827141Z: [    0.000000] Using ACPI (MADT) for SMP configuration information
[STDERR  ] 2018-01-11T14:04:08.064833838Z: [    0.000000] ACPI: HPET id: 0x8086a201 base: 0xfed00000
[STDERR  ] 2018-01-11T14:04:08.064840235Z: [    0.000000] smpboot: Allowing 1 CPUs, 0 hotplug CPUs
[STDERR  ] 2018-01-11T14:04:08.064852675Z: [    0.000000] e820: [mem 0x40000000-0xafffffff] available for PCI devices
[STDERR  ] 2018-01-11T14:04:08.064858872Z: [    0.000000] Booting paravirtualized kernel on bare hardware
[STDERR  ] 2018-01-11T14:04:08.064864815Z: [    0.000000] clocksource: refined-jiffies: mask: 0xffffffff max_cycles: 0xffffffff, max_idle_ns: 19112604462750000 ns
[STDERR  ] 2018-01-11T14:04:08.064871776Z: [    0.000000] setup_percpu: NR_CPUS:128 nr_cpumask_bits:128 nr_cpu_ids:1 nr_node_ids:1
[STDERR  ] 2018-01-11T14:04:08.064877669Z: [    0.000000] percpu: Embedded 36 pages/cpu @ffff8b62fdc00000 s106904 r8192 d32360 u2097152
[STDERR  ] 2018-01-11T14:04:08.064883771Z: [    0.000000] Built 1 zonelists in Zone order, mobility grouping on.  Total pages: 257896
[STDERR  ] 2018-01-11T14:04:08.064889809Z: [    0.000000] Kernel command line: console=ttyS0 console=ttyAMA0
[STDERR  ] 2018-01-11T14:04:08.064896234Z: [    0.000000] PID hash table entries: 4096 (order: 3, 32768 bytes)
[STDERR  ] 2018-01-11T14:04:08.064903039Z: [    0.000000] Dentry cache hash table entries: 131072 (order: 8, 1048576 bytes)
[STDERR  ] 2018-01-11T14:04:08.064909019Z: [    0.000000] Inode-cache hash table entries: 65536 (order: 7, 524288 bytes)
[STDERR  ] 2018-01-11T14:04:08.064915109Z: [    0.000000] Memory: 980248K/1048052K available (8053K kernel code, 1391K rwdata, 2700K rodata, 1396K init, 564K bss, 67804K reserved, 0K cma-reserved)
[STDERR  ] 2018-01-11T14:04:08.064925168Z: [    0.000000] Hierarchical RCU implementation.
[STDERR  ] 2018-01-11T14:04:08.064934902Z: [    0.000000] 	Build-time adjustment of leaf fanout to 64.
[STDERR  ] 2018-01-11T14:04:08.064944081Z: [    0.000000] 	RCU restricting CPUs from NR_CPUS=128 to nr_cpu_ids=1.
[STDERR  ] 2018-01-11T14:04:08.064952884Z: [    0.000000] RCU: Adjusting geometry for rcu_fanout_leaf=64, nr_cpu_ids=1
[STDERR  ] 2018-01-11T14:04:08.064961091Z: [    0.000000] NR_IRQS:8448 nr_irqs:256 16
[STDERR  ] 2018-01-11T14:04:08.064969311Z: [    0.000000] Console: colour VGA+ 80x25
[STDERR  ] 2018-01-11T14:04:08.064977944Z: [    0.000000] console [ttyS0] enabled
[STDERR  ] 2018-01-11T14:04:08.064986579Z: [    0.000000] clocksource: hpet: mask: 0xffffffff max_cycles: 0xffffffff, max_idle_ns: 19112604467 ns
[STDERR  ] 2018-01-11T14:04:08.064995586Z: [    0.000000] tsc: Fast TSC calibration using PIT
[STDERR  ] 2018-01-11T14:04:08.065005504Z: [    0.000000] tsc: Detected 2599.983 MHz processor
[STDERR  ] 2018-01-11T14:04:08.065014724Z: [    0.021679] Calibrating delay loop (skipped), value calculated using timer frequency.. 5199.96 BogoMIPS (lpj=25999830)
[STDERR  ] 2018-01-11T14:04:08.065023922Z: [    0.022818] pid_max: default: 32768 minimum: 301
[STDERR  ] 2018-01-11T14:04:08.065032685Z: [    0.024231] ACPI: Core revision 20160831
[STDERR  ] 2018-01-11T14:04:08.065041548Z: [    0.050439] ACPI: 1 ACPI AML tables successfully acquired and loaded
[STDERR  ] 2018-01-11T14:04:08.065050676Z: [    0.055287] Security Framework initialized
[STDERR  ] 2018-01-11T14:04:08.065059494Z: [    0.055739] Yama: becoming mindful.
[STDERR  ] 2018-01-11T14:04:08.065068631Z: [    0.058595] Mount-cache hash table entries: 2048 (order: 2, 16384 bytes)
[STDERR  ] 2018-01-11T14:04:08.065077499Z: [    0.059191] Mountpoint-cache hash table entries: 2048 (order: 2, 16384 bytes)
[STDERR  ] 2018-01-11T14:04:08.065087025Z: [    0.077614] Last level iTLB entries: 4KB 0, 2MB 0, 4MB 0
[STDERR  ] 2018-01-11T14:04:08.065097891Z: [    0.078130] Last level dTLB entries: 4KB 0, 2MB 0, 4MB 0, 1GB 0
[STDERR  ] 2018-01-11T14:04:08.065112004Z: [    0.411221] Freeing SMP alternatives memory: 20K
[STDERR  ] 2018-01-11T14:04:08.065121318Z: [    0.421207] ftrace: allocating 35552 entries in 139 pages
[STDERR  ] 2018-01-11T14:04:08.065130788Z: [    0.502262] smpboot: Max logical packages: 1
[STDERR  ] 2018-01-11T14:04:08.065139641Z: [    0.509449] ..TIMER: vector=0x30 apic1=0 pin1=2 apic2=-1 pin2=-1
[STDERR  ] 2018-01-11T14:04:08.065149018Z: [    0.610000] smpboot: CPU0: AMD QEMU Virtual CPU version 2.5+ (family: 0x6, model: 0x6, stepping: 0x3)
[STDERR  ] 2018-01-11T14:04:08.065162974Z: [    0.610000] Performance Events: PMU not available due to virtualization, using software events only.
[STDERR  ] 2018-01-11T14:04:08.065172876Z: [    0.618433] NMI watchdog: disabled (cpu0): hardware events not enabled
[STDERR  ] 2018-01-11T14:04:08.065181999Z: [    0.619063] NMI watchdog: Shutting down hard lockup detector on all cpus
[STDERR  ] 2018-01-11T14:04:08.065191229Z: [    0.623043] x86: Booted up 1 node, 1 CPUs
[STDERR  ] 2018-01-11T14:04:08.065200374Z: [    0.623517] smpboot: Total of 1 processors activated (5199.96 BogoMIPS)
[STDERR  ] 2018-01-11T14:04:08.065209684Z: [    0.638642] devtmpfs: initialized
[STDERR  ] 2018-01-11T14:04:08.065218552Z: [    0.645196] x86/mm: Memory block size: 128MB
[STDERR  ] 2018-01-11T14:04:08.065238461Z: [    0.677823] clocksource: jiffies: mask: 0xffffffff max_cycles: 0xffffffff, max_idle_ns: 19112604462750000 ns
[STDERR  ] 2018-01-11T14:04:08.065247731Z: [    0.678811] futex hash table entries: 256 (order: 2, 16384 bytes)
[STDERR  ] 2018-01-11T14:04:08.065256666Z: [    0.687376] NET: Registered protocol family 16
[STDERR  ] 2018-01-11T14:04:08.065266501Z: [    0.696144] cpuidle: using governor ladder
[STDERR  ] 2018-01-11T14:04:08.065275594Z: [    0.696544] cpuidle: using governor menu
[STDERR  ] 2018-01-11T14:04:08.065284624Z: [    0.698090] ACPI: bus type PCI registered
[STDERR  ] 2018-01-11T14:04:08.065294099Z: [    0.701249] PCI: MMCONFIG for domain 0000 [bus 00-ff] at [mem 0xb0000000-0xbfffffff] (base 0xb0000000)
[STDERR  ] 2018-01-11T14:04:08.065303149Z: [    0.702042] PCI: MMCONFIG at [mem 0xb0000000-0xbfffffff] reserved in E820
[STDERR  ] 2018-01-11T14:04:08.065313261Z: [    0.703061] PCI: Using configuration type 1 for base access
[STDERR  ] 2018-01-11T14:04:08.065323405Z: [    0.741428] HugeTLB registered 2 MB page size, pre-allocated 0 pages
[STDERR  ] 2018-01-11T14:04:08.065334634Z: [    0.752897] ACPI: Added _OSI(Module Device)
[STDERR  ] 2018-01-11T14:04:08.065344188Z: [    0.753244] ACPI: Added _OSI(Processor Device)
[STDERR  ] 2018-01-11T14:04:08.065353412Z: [    0.753556] ACPI: Added _OSI(3.0 _SCP Extensions)
[STDERR  ] 2018-01-11T14:04:08.065363209Z: [    0.753842] ACPI: Added _OSI(Processor Aggregator Device)
[STDERR  ] 2018-01-11T14:04:08.065372594Z: [    0.801599] ACPI: Interpreter enabled
[STDERR  ] 2018-01-11T14:04:08.065383585Z: [    0.802599] ACPI: (supports S0 S5)
[STDERR  ] 2018-01-11T14:04:08.065396424Z: [    0.802977] ACPI: Using IOAPIC for interrupt routing
[STDERR  ] 2018-01-11T14:04:08.065406944Z: [    0.805673] PCI: Using host bridge windows from ACPI; if necessary, use "pci=nocrs" and report a bug
[STDERR  ] 2018-01-11T14:04:08.065416682Z: [    0.850851] ACPI: PCI Root Bridge [PCI0] (domain 0000 [bus 00-ff])
[STDERR  ] 2018-01-11T14:04:08.065426671Z: [    0.852167] acpi PNP0A08:00: _OSC: OS supports [ExtendedConfig ASPM ClockPM Segments MSI]
[STDERR  ] 2018-01-11T14:04:08.065437498Z: [    0.857821] acpi PNP0A08:00: _OSC: OS now controls [PCIeHotplug PME PCIeCapability]
[STDERR  ] 2018-01-11T14:04:08.065448674Z: [    0.861592] PCI host bridge to bus 0000:00
[STDERR  ] 2018-01-11T14:04:08.065458416Z: [    0.862158] pci_bus 0000:00: root bus resource [io  0x0000-0x0cf7 window]
[STDERR  ] 2018-01-11T14:04:08.065468356Z: [    0.862663] pci_bus 0000:00: root bus resource [io  0x0d00-0xffff window]
[STDERR  ] 2018-01-11T14:04:08.065478792Z: [    0.863051] pci_bus 0000:00: root bus resource [mem 0x000a0000-0x000bffff window]
[STDERR  ] 2018-01-11T14:04:08.065494106Z: [    0.863519] pci_bus 0000:00: root bus resource [mem 0xc0000000-0xfebfffff window]
[STDERR  ] 2018-01-11T14:04:08.065504181Z: [    0.864175] pci_bus 0000:00: root bus resource [bus 00-ff]
[STDERR  ] 2018-01-11T14:04:08.065515614Z: [    0.992198] pci 0000:00:1f.0: quirk: [io  0x0600-0x067f] claimed by ICH6 ACPI/GPIO/TCO
[STDERR  ] 2018-01-11T14:04:08.065525206Z: [    1.063561] ACPI: PCI Interrupt Link [LNKA] (IRQs 5 *10 11)
[STDERR  ] 2018-01-11T14:04:08.065535156Z: [    1.066117] ACPI: PCI Interrupt Link [LNKB] (IRQs 5 *10 11)
[STDERR  ] 2018-01-11T14:04:08.065550686Z: [    1.068118] ACPI: PCI Interrupt Link [LNKC] (IRQs 5 10 *11)
[STDERR  ] 2018-01-11T14:04:08.065561152Z: [    1.070827] ACPI: PCI Interrupt Link [LNKD] (IRQs 5 10 *11)
[STDERR  ] 2018-01-11T14:04:08.065570669Z: [    1.072184] ACPI: PCI Interrupt Link [LNKE] (IRQs 5 *10 11)
[STDERR  ] 2018-01-11T14:04:08.065580775Z: [    1.073688] ACPI: PCI Interrupt Link [LNKF] (IRQs 5 *10 11)
[STDERR  ] 2018-01-11T14:04:08.065590666Z: [    1.075128] ACPI: PCI Interrupt Link [LNKG] (IRQs 5 10 *11)
[STDERR  ] 2018-01-11T14:04:08.065600881Z: [    1.076658] ACPI: PCI Interrupt Link [LNKH] (IRQs 5 10 *11)
[STDERR  ] 2018-01-11T14:04:08.065611112Z: [    1.077558] ACPI: PCI Interrupt Link [GSIA] (IRQs *16)
[STDERR  ] 2018-01-11T14:04:08.065621092Z: [    1.078205] ACPI: PCI Interrupt Link [GSIB] (IRQs *17)
[STDERR  ] 2018-01-11T14:04:08.065630888Z: [    1.078838] ACPI: PCI Interrupt Link [GSIC] (IRQs *18)
[STDERR  ] 2018-01-11T14:04:08.065640728Z: [    1.079482] ACPI: PCI Interrupt Link [GSID] (IRQs *19)
[STDERR  ] 2018-01-11T14:04:08.065650658Z: [    1.080500] ACPI: PCI Interrupt Link [GSIE] (IRQs *20)
[STDERR  ] 2018-01-11T14:04:08.065660678Z: [    1.081126] ACPI: PCI Interrupt Link [GSIF] (IRQs *21)
[STDERR  ] 2018-01-11T14:04:08.065670522Z: [    1.081782] ACPI: PCI Interrupt Link [GSIG] (IRQs *22)
[STDERR  ] 2018-01-11T14:04:08.065680577Z: [    1.082416] ACPI: PCI Interrupt Link [GSIH] (IRQs *23)
[STDERR  ] 2018-01-11T14:04:08.065690863Z: [    1.085825] ACPI: Enabled 1 GPEs in block 00 to 3F
[STDERR  ] 2018-01-11T14:04:08.065701242Z: [    1.089250] SCSI subsystem initialized
[STDERR  ] 2018-01-11T14:04:08.065710095Z: [    1.091684] ACPI: bus type USB registered
[STDERR  ] 2018-01-11T14:04:08.065716805Z: [    1.093140] usbcore: registered new interface driver usbfs
[STDERR  ] 2018-01-11T14:04:08.065723275Z: [    1.094114] usbcore: registered new interface driver hub
[STDERR  ] 2018-01-11T14:04:08.065729532Z: [    1.095135] usbcore: registered new device driver usb
[STDERR  ] 2018-01-11T14:04:08.06573989Z: [    1.096621] pps_core: LinuxPPS API ver. 1 registered
[STDERR  ] 2018-01-11T14:04:08.065748269Z: [    1.096928] pps_core: Software ver. 5.3.6 - Copyright 2005-2007 Rodolfo Giometti <giometti@linux.it>
[STDERR  ] 2018-01-11T14:04:08.065754847Z: [    1.097600] PTP clock support registered
[STDERR  ] 2018-01-11T14:04:08.065761657Z: [    1.098766] wmi: Mapper loaded
[STDERR  ] 2018-01-11T14:04:08.065768032Z: [    1.100367] PCI: Using ACPI for IRQ routing
[STDERR  ] 2018-01-11T14:04:08.065774517Z: [    1.113345] NetLabel: Initializing
[STDERR  ] 2018-01-11T14:04:08.065780647Z: [    1.113569] NetLabel:  domain hash size = 128
[STDERR  ] 2018-01-11T14:04:08.06578672Z: [    1.113987] NetLabel:  protocols = UNLABELED CIPSOv4
[STDERR  ] 2018-01-11T14:04:08.0657933Z: [    1.115827] NetLabel:  unlabeled traffic allowed by default
[STDERR  ] 2018-01-11T14:04:08.065800092Z: [    1.116704] HPET: 3 timers in total, 0 timers will be used for per-cpu timer
[STDERR  ] 2018-01-11T14:04:08.065806553Z: [    1.117453] hpet0: at MMIO 0xfed00000, IRQs 2, 8, 0
[STDERR  ] 2018-01-11T14:04:08.065817495Z: [    1.117969] hpet0: 3 comparators, 64-bit 100.000000 MHz counter
[STDERR  ] 2018-01-11T14:04:08.065826922Z: [    1.124722] clocksource: Switched to clocksource hpet
[STDERR  ] 2018-01-11T14:04:08.065836395Z: [    1.310586] VFS: Disk quotas dquot_6.6.0
[STDERR  ] 2018-01-11T14:04:08.065842722Z: [    1.311437] VFS: Dquot-cache hash table entries: 512 (order 0, 4096 bytes)
[STDERR  ] 2018-01-11T14:04:08.065854337Z: [    1.315257] FS-Cache: Loaded
[STDERR  ] 2018-01-11T14:04:08.065861256Z: [    1.321983] CacheFiles: Loaded
[STDERR  ] 2018-01-11T14:04:08.065867492Z: [    1.323971] pnp: PnP ACPI init
[STDERR  ] 2018-01-11T14:04:08.065873699Z: [    1.332989] pnp: PnP ACPI: found 5 devices
[STDERR  ] 2018-01-11T14:04:08.065880032Z: [    1.372949] clocksource: acpi_pm: mask: 0xffffff max_cycles: 0xffffff, max_idle_ns: 2085701024 ns
[STDERR  ] 2018-01-11T14:04:08.065886355Z: [    1.376470] NET: Registered protocol family 2
[STDERR  ] 2018-01-11T14:04:08.065897325Z: [    1.385629] TCP established hash table entries: 8192 (order: 4, 65536 bytes)
[STDERR  ] 2018-01-11T14:04:08.06590404Z: [    1.386504] TCP bind hash table entries: 8192 (order: 5, 131072 bytes)
[STDERR  ] 2018-01-11T14:04:08.065910567Z: [    1.387187] TCP: Hash tables configured (established 8192 bind 8192)
[STDERR  ] 2018-01-11T14:04:08.065916697Z: [    1.389044] UDP hash table entries: 512 (order: 2, 16384 bytes)
[STDERR  ] 2018-01-11T14:04:08.065923445Z: [    1.389628] UDP-Lite hash table entries: 512 (order: 2, 16384 bytes)
[STDERR  ] 2018-01-11T14:04:08.065929839Z: [    1.392252] NET: Registered protocol family 1
[STDERR  ] 2018-01-11T14:04:08.06593591Z: [    1.393410] pci 0000:00:01.0: Video device with shadowed ROM at [mem 0x000c0000-0x000dffff]
[STDERR  ] 2018-01-11T14:04:08.065942145Z: [    1.400935] Unpacking initramfs...
[STDERR  ] 2018-01-11T14:04:08.065948377Z: [    6.591898] Freeing initrd memory: 33884K
[STDERR  ] 2018-01-11T14:04:08.06595731Z: [    6.614968] PCLMULQDQ-NI instructions are not detected.
[STDERR  ] 2018-01-11T14:04:08.065964136Z: [    6.616356] AVX or AES-NI instructions are not detected.
[STDERR  ] 2018-01-11T14:04:08.06597072Z: [    6.616806] CPU feature 'AVX registers' is not supported.
[STDERR  ] 2018-01-11T14:04:08.065976923Z: [    6.617204] CPU feature 'AVX registers' is not supported.
[STDERR  ] 2018-01-11T14:04:08.06598299Z: [    6.617556] CPU feature 'AVX registers' is not supported.
[STDERR  ] 2018-01-11T14:04:08.065989219Z: [    6.617947] CPU feature 'AVX registers' is not supported.
[STDERR  ] 2018-01-11T14:04:08.065995235Z: [    6.618337] AVX2 or AES-NI instructions are not detected.
[STDERR  ] 2018-01-11T14:04:08.066002745Z: [    6.618738] AVX2 instructions are not detected.
[STDERR  ] 2018-01-11T14:04:08.066008895Z: [    6.624593] audit: initializing netlink subsys (disabled)
[STDERR  ] 2018-01-11T14:04:08.066015132Z: [    6.626198] audit: type=2000 audit(1515679415.620:1): initialized
[STDERR  ] 2018-01-11T14:04:08.066021313Z: [    6.634735] workingset: timestamp_bits=46 max_order=18 bucket_order=0
[STDERR  ] 2018-01-11T14:04:08.066027309Z: [    6.638230] squashfs: version 4.0 (2009/01/31) Phillip Lougher
[STDERR  ] 2018-01-11T14:04:08.06603352Z: [    6.641767] FS-Cache: Netfs 'cifs' registered for caching
[STDERR  ] 2018-01-11T14:04:08.066039505Z: [    6.642733] fuse init (API version 7.26)
[STDERR  ] 2018-01-11T14:04:08.066045459Z: [    6.647272] SGI XFS with ACLs, security attributes, no debug enabled
[STDERR  ] 2018-01-11T14:04:08.066051403Z: [    6.651407] 9p: Installing v9fs 9p2000 file system support
[STDERR  ] 2018-01-11T14:04:08.066057165Z: [    6.652029] FS-Cache: Netfs '9p' registered for caching
[STDERR  ] 2018-01-11T14:04:08.066063002Z: [    6.680586] NET: Registered protocol family 38
[STDERR  ] 2018-01-11T14:04:08.066068752Z: [    6.681241] Key type asymmetric registered
[STDERR  ] 2018-01-11T14:04:08.066074529Z: [    6.681631] Asymmetric key parser 'x509' registered
[STDERR  ] 2018-01-11T14:04:08.066080299Z: [    6.682721] Block layer SCSI generic (bsg) driver version 0.4 loaded (major 251)
[STDERR  ] 2018-01-11T14:04:08.066099932Z: [    6.684407] io scheduler noop registered
[STDERR  ] 2018-01-11T14:04:08.06610761Z: [    6.684739] io scheduler deadline registered (default)
[STDERR  ] 2018-01-11T14:04:08.066113533Z: [    6.685565] io scheduler cfq registered
[STDERR  ] 2018-01-11T14:04:08.066119975Z: [    6.687929] pci_hotplug: PCI Hot Plug PCI Core version: 0.5
[STDERR  ] 2018-01-11T14:04:08.066134655Z: [    6.688481] pciehp: PCI Express Hot Plug Controller Driver version: 0.4
[STDERR  ] 2018-01-11T14:04:08.066144919Z: [    6.689227] shpchp: Standard Hot Plug PCI Controller Driver version: 0.4
[STDERR  ] 2018-01-11T14:04:08.066154702Z: [    6.690008] hv_vmbus: registering driver hyperv_fb
[STDERR  ] 2018-01-11T14:04:08.066165243Z: [    6.693819] input: Power Button as /devices/LNXSYSTM:00/LNXPWRBN:00/input/input0
[STDERR  ] 2018-01-11T14:04:08.066175003Z: [    6.695212] ACPI: Power Button [PWRF]
[STDERR  ] 2018-01-11T14:04:08.066189803Z: [    6.702424] GHES: HEST is not enabled!
[STDERR  ] 2018-01-11T14:04:08.066199392Z: [    6.709011] ACPI: PCI Interrupt Link [GSIG] enabled at IRQ 22
[STDERR  ] 2018-01-11T14:04:08.066208289Z: [    6.718846] ACPI: PCI Interrupt Link [GSIH] enabled at IRQ 23
[STDERR  ] 2018-01-11T14:04:08.066218035Z: [    6.723611] xenfs: not registering filesystem on non-xen platform
[STDERR  ] 2018-01-11T14:04:08.066276917Z: [    6.725622] Serial: 8250/16550 driver, 4 ports, IRQ sharing disabled
[STDERR  ] 2018-01-11T14:04:08.066283742Z: [    6.749500] 00:04: ttyS0 at I/O 0x3f8 (irq = 4, base_baud = 115200) is a 16550A
[STDERR  ] 2018-01-11T14:04:08.066289765Z: [    6.760397] Non-volatile memory driver v1.3
[STDERR  ] 2018-01-11T14:04:08.066296017Z: [    6.766397] Hangcheck: starting hangcheck timer 0.9.1 (tick is 180 seconds, margin is 60 seconds).
[STDERR  ] 2018-01-11T14:04:08.066302223Z: [    6.770805] random: fast init done
[STDERR  ] 2018-01-11T14:04:08.066308247Z: [    6.772319] random: crng init done
[STDERR  ] 2018-01-11T14:04:08.066314136Z: [    6.801124] loop: module loaded
[STDERR  ] 2018-01-11T14:04:08.066320047Z: [    6.814525] nbd: registered device at major 43
[STDERR  ] 2018-01-11T14:04:08.066325876Z: [    6.843982] lpc_ich 0000:00:1f.0: I/O space for GPIO uninitialized
[STDERR  ] 2018-01-11T14:04:08.066331675Z: [    6.845868] VMware PVSCSI driver - version 1.0.7.0-k
[STDERR  ] 2018-01-11T14:04:08.066338012Z: [    6.846674] hv_vmbus: registering driver hv_storvsc
[STDERR  ] 2018-01-11T14:04:08.066344076Z: [    6.853683] ACPI: PCI Interrupt Link [GSIA] enabled at IRQ 16
[STDERR  ] 2018-01-11T14:04:08.06635082Z: [    6.859555] ahci 0000:00:1f.2: AHCI 0001.0000 32 slots 6 ports 1.5 Gbps 0x3f impl SATA mode
[STDERR  ] 2018-01-11T14:04:08.066356883Z: [    6.860557] ahci 0000:00:1f.2: flags: 64bit ncq only 
[STDERR  ] 2018-01-11T14:04:08.066363129Z: [    6.876632] scsi host0: ahci
[STDERR  ] 2018-01-11T14:04:08.066369157Z: [    6.879692] scsi host1: ahci
[STDERR  ] 2018-01-11T14:04:08.066375Z: [    6.881826] scsi host2: ahci
[STDERR  ] 2018-01-11T14:04:08.066380933Z: [    6.883567] scsi host3: ahci
[STDERR  ] 2018-01-11T14:04:08.066386765Z: [    6.886056] scsi host4: ahci
[STDERR  ] 2018-01-11T14:04:08.066392596Z: [    6.888564] scsi host5: ahci
[STDERR  ] 2018-01-11T14:04:08.066398429Z: [    6.890273] ata1: SATA max UDMA/133 abar m4096@0xfebd2000 port 0xfebd2100 irq 24
[STDERR  ] 2018-01-11T14:04:08.066404196Z: [    6.890755] ata2: SATA max UDMA/133 abar m4096@0xfebd2000 port 0xfebd2180 irq 24
[STDERR  ] 2018-01-11T14:04:08.066410213Z: [    6.891142] ata3: SATA max UDMA/133 abar m4096@0xfebd2000 port 0xfebd2200 irq 24
[STDERR  ] 2018-01-11T14:04:08.066416052Z: [    6.891513] ata4: SATA max UDMA/133 abar m4096@0xfebd2000 port 0xfebd2280 irq 24
[STDERR  ] 2018-01-11T14:04:08.066421743Z: [    6.891923] ata5: SATA max UDMA/133 abar m4096@0xfebd2000 port 0xfebd2300 irq 24
[STDERR  ] 2018-01-11T14:04:08.066427415Z: [    6.892328] ata6: SATA max UDMA/133 abar m4096@0xfebd2000 port 0xfebd2380 irq 24
[STDERR  ] 2018-01-11T14:04:08.066433176Z: [    6.903849] tun: Universal TUN/TAP device driver, 1.6
[STDERR  ] 2018-01-11T14:04:08.066438925Z: [    6.904226] tun: (C) 1999-2004 Max Krasnyansky <maxk@qualcomm.com>
[STDERR  ] 2018-01-11T14:04:08.066445089Z: [    6.915182] VMware vmxnet3 virtual NIC driver - version 1.4.a.0-k-NAPI
[STDERR  ] 2018-01-11T14:04:08.066451655Z: [    6.916094] hv_vmbus: registering driver hv_netvsc
[STDERR  ] 2018-01-11T14:04:08.066461237Z: [    6.916398] Fusion MPT base driver 3.04.20
[STDERR  ] 2018-01-11T14:04:08.066467855Z: [    6.916653] Copyright (c) 1999-2008 LSI Corporation
[STDERR  ] 2018-01-11T14:04:08.066474016Z: [    6.917200] Fusion MPT SPI Host driver 3.04.20
[STDERR  ] 2018-01-11T14:04:08.066483099Z: [    6.918901] i8042: PNP: PS/2 Controller [PNP0303:KBD,PNP0f13:MOU] at 0x60,0x64 irq 1,12
[STDERR  ] 2018-01-11T14:04:08.066491707Z: [    6.923221] serio: i8042 KBD port at 0x60,0x64 irq 1
[STDERR  ] 2018-01-11T14:04:08.066498046Z: [    6.923866] serio: i8042 AUX port at 0x60,0x64 irq 12
[STDERR  ] 2018-01-11T14:04:08.066507832Z: [    6.926310] hv_vmbus: registering driver hyperv_keyboard
[STDERR  ] 2018-01-11T14:04:08.066514262Z: [    6.928185] mousedev: PS/2 mouse device common for all mice
[STDERR  ] 2018-01-11T14:04:08.066520239Z: [    6.932748] input: AT Translated Set 2 keyboard as /devices/platform/i8042/serio0/input/input1
[STDERR  ] 2018-01-11T14:04:08.066526063Z: [    6.935246] input: PC Speaker as /devices/platform/pcspkr/input/input2
[STDERR  ] 2018-01-11T14:04:08.066532065Z: [    6.938476] rtc_cmos 00:00: RTC can wake from S4
[STDERR  ] 2018-01-11T14:04:08.066538263Z: [    6.941778] rtc_cmos 00:00: rtc core: registered rtc_cmos as rtc0
[STDERR  ] 2018-01-11T14:04:08.066544933Z: [    6.943101] rtc_cmos 00:00: alarms up to one day, y3k, 114 bytes nvram, hpet irqs
[STDERR  ] 2018-01-11T14:04:08.066551536Z: [    6.943745] i2c /dev entries driver
[STDERR  ] 2018-01-11T14:04:08.066557815Z: [    6.945878] device-mapper: ioctl: 4.35.0-ioctl (2016-06-23) initialised: dm-devel@redhat.com
[STDERR  ] 2018-01-11T14:04:08.066563816Z: [    6.949972] usbcore: registered new interface driver usbhid
[STDERR  ] 2018-01-11T14:04:08.066570217Z: [    6.950672] usbhid: USB HID core driver
[STDERR  ] 2018-01-11T14:04:08.066576022Z: [    6.951339] hv_utils: Registering HyperV Utility Driver
[STDERR  ] 2018-01-11T14:04:08.066581872Z: [    6.951662] hv_vmbus: registering driver hv_util
[STDERR  ] 2018-01-11T14:04:08.066587777Z: [    6.951914] hv_vmbus: registering driver hv_balloon
[STDERR  ] 2018-01-11T14:04:08.06659392Z: [    6.952394] oprofile: using NMI interrupt.
[STDERR  ] 2018-01-11T14:04:08.066599839Z: [    6.953408] GACT probability on
[STDERR  ] 2018-01-11T14:04:08.066605737Z: [    6.953864] Mirror/redirect action on
[STDERR  ] 2018-01-11T14:04:08.066611632Z: [    6.954693] Simple TC action Loaded
[STDERR  ] 2018-01-11T14:04:08.066617363Z: [    6.955245] u32 classifier
[STDERR  ] 2018-01-11T14:04:08.066623436Z: [    6.955403]     Performance counters on
[STDERR  ] 2018-01-11T14:04:08.06662931Z: [    6.955634]     input device check on
[STDERR  ] 2018-01-11T14:04:08.066635959Z: [    6.955838]     Actions configured
[STDERR  ] 2018-01-11T14:04:08.066642252Z: [    6.956389] Netfilter messages via NETLINK v0.30.
[STDERR  ] 2018-01-11T14:04:08.066648039Z: [    6.956924] nfnl_acct: registering with nfnetlink.
[STDERR  ] 2018-01-11T14:04:08.066653905Z: [    6.958316] nf_conntrack version 0.5.0 (8192 buckets, 32768 max)
[STDERR  ] 2018-01-11T14:04:08.06665979Z: [    6.961924] ctnetlink v0.93: registering with nfnetlink.
[STDERR  ] 2018-01-11T14:04:08.066665723Z: [    6.964856] nf_tables: (c) 2007-2009 Patrick McHardy <kaber@trash.net>
[STDERR  ] 2018-01-11T14:04:08.066673756Z: [    6.965727] nf_tables_compat: (c) 2012 Pablo Neira Ayuso <pablo@netfilter.org>
[STDERR  ] 2018-01-11T14:04:08.066679973Z: [    6.967852] xt_time: kernel timezone is -0000
[STDERR  ] 2018-01-11T14:04:08.066685792Z: [    6.968379] ip_set: protocol 6
[STDERR  ] 2018-01-11T14:04:08.066691662Z: [    6.969082] IPVS: Registered protocols (TCP, UDP, SCTP, AH, ESP)
[STDERR  ] 2018-01-11T14:04:08.06669802Z: [    6.969686] IPVS: Connection hash table configured (size=4096, memory=64Kbytes)
[STDERR  ] 2018-01-11T14:04:08.066704032Z: [    6.971739] IPVS: Creating netns size=2104 id=0
[STDERR  ] 2018-01-11T14:04:08.066710065Z: [    6.974641] IPVS: ipvs loaded.
[STDERR  ] 2018-01-11T14:04:08.066716437Z: [    6.974999] IPVS: [rr] scheduler registered.
[STDERR  ] 2018-01-11T14:04:08.066726319Z: [    6.975276] IPVS: [wrr] scheduler registered.
[STDERR  ] 2018-01-11T14:04:08.066732573Z: [    6.975524] IPVS: [lc] scheduler registered.
[STDERR  ] 2018-01-11T14:04:08.066738707Z: [    6.975799] IPVS: [wlc] scheduler registered.
[STDERR  ] 2018-01-11T14:04:08.066744759Z: [    6.976026] IPVS: [fo] scheduler registered.
[STDERR  ] 2018-01-11T14:04:08.066750607Z: [    6.976273] IPVS: [ovf] scheduler registered.
[STDERR  ] 2018-01-11T14:04:08.066756819Z: [    6.976716] IPVS: [lblc] scheduler registered.
[STDERR  ] 2018-01-11T14:04:08.066765862Z: [    6.977126] IPVS: [lblcr] scheduler registered.
[STDERR  ] 2018-01-11T14:04:08.066771836Z: [    6.977393] IPVS: [dh] scheduler registered.
[STDERR  ] 2018-01-11T14:04:08.066777676Z: [    6.977638] IPVS: [sh] scheduler registered.
[STDERR  ] 2018-01-11T14:04:08.066783742Z: [    6.977886] IPVS: [sed] scheduler registered.
[STDERR  ] 2018-01-11T14:04:08.06678969Z: [    6.978147] IPVS: [nq] scheduler registered.
[STDERR  ] 2018-01-11T14:04:08.066795629Z: [    6.978892] IPVS: ftp: loaded support on port[0] = 21
[STDERR  ] 2018-01-11T14:04:08.066801903Z: [    6.979664] ipip: IPv4 and MPLS over IPv4 tunneling driver
[STDERR  ] 2018-01-11T14:04:08.066808133Z: [    6.983665] gre: GRE over IPv4 demultiplexor driver
[STDERR  ] 2018-01-11T14:04:08.066814512Z: [    6.986261] ip_tables: (C) 2000-2006 Netfilter Core Team
[STDERR  ] 2018-01-11T14:04:08.066820423Z: [    6.989296] ipt_CLUSTERIP: ClusterIP Version 0.8 loaded successfully
[STDERR  ] 2018-01-11T14:04:08.066827039Z: [    6.990449] arp_tables: arp_tables: (C) 2002 David S. Miller
[STDERR  ] 2018-01-11T14:04:08.066832973Z: [    6.992788] NET: Registered protocol family 10
[STDERR  ] 2018-01-11T14:04:08.066838855Z: [    7.001667] ip6_tables: (C) 2000-2006 Netfilter Core Team
[STDERR  ] 2018-01-11T14:04:08.066844705Z: [    7.009060] NET: Registered protocol family 17
[STDERR  ] 2018-01-11T14:04:08.06685031Z: [    7.010646] Bridge firewalling registered
[STDERR  ] 2018-01-11T14:04:08.066856092Z: [    7.011183] Ebtables v2.0 registered
[STDERR  ] 2018-01-11T14:04:08.06686377Z: [    7.013005] 8021q: 802.1Q VLAN Support v1.8
[STDERR  ] 2018-01-11T14:04:08.066869636Z: [    7.014301] 9pnet: Installing 9P2000 support
[STDERR  ] 2018-01-11T14:04:08.066875379Z: [    7.015723] Key type dns_resolver registered
[STDERR  ] 2018-01-11T14:04:08.06688117Z: [    7.016628] microcode: AMD CPU family 0x6 not supported
[STDERR  ] 2018-01-11T14:04:08.066887987Z: [    7.019848] registered taskstats version 1
[STDERR  ] 2018-01-11T14:04:08.066894053Z: [    7.193562] Key type big_key registered
[STDERR  ] 2018-01-11T14:04:08.066900019Z: [    7.223039] ata2: SATA link down (SStatus 0 SControl 300)
[STDERR  ] 2018-01-11T14:04:08.066906439Z: [    7.226059] ata1: SATA link up 1.5 Gbps (SStatus 113 SControl 300)
[STDERR  ] 2018-01-11T14:04:08.066912753Z: [    7.230669] ata1.00: ATA-7: QEMU HARDDISK, 2.5+, max UDMA/100
[STDERR  ] 2018-01-11T14:04:08.06691861Z: [    7.231061] ata1.00: 1048576 sectors, multi 16: LBA48 NCQ (depth 31/32)
[STDERR  ] 2018-01-11T14:04:08.066924727Z: [    7.231589] ata1.00: applying bridge limits
[STDERR  ] 2018-01-11T14:04:08.066930595Z: [    7.233516] ata1.00: configured for UDMA/100
[STDERR  ] 2018-01-11T14:04:08.066938622Z: [    7.236124] ata5: SATA link down (SStatus 0 SControl 300)
[STDERR  ] 2018-01-11T14:04:08.066944916Z: [    7.236601] ata4: SATA link down (SStatus 0 SControl 300)
[STDERR  ] 2018-01-11T14:04:08.066950695Z: [    7.237144] ata3: SATA link up 1.5 Gbps (SStatus 113 SControl 300)
[STDERR  ] 2018-01-11T14:04:08.066972359Z: [    7.237936] ata3.00: ATAPI: QEMU DVD-ROM, 2.5+, max UDMA/100
[STDERR  ] 2018-01-11T14:04:08.066984832Z: [    7.238307] ata3.00: applying bridge limits
[STDERR  ] 2018-01-11T14:04:08.066994176Z: [    7.238833] ata3.00: configured for UDMA/100
[STDERR  ] 2018-01-11T14:04:08.067003647Z: [    7.240995] ata6: SATA link down (SStatus 0 SControl 300)
[STDERR  ] 2018-01-11T14:04:08.067013889Z: [    7.262054] scsi 0:0:0:0: Direct-Access     ATA      QEMU HARDDISK    2.5+ PQ: 0 ANSI: 5
[STDERR  ] 2018-01-11T14:04:08.06702787Z: [    7.275797] sd 0:0:0:0: [sda] 1048576 512-byte logical blocks: (537 MB/512 MiB)
[STDERR  ] 2018-01-11T14:04:08.067034923Z: [    7.280033] sd 0:0:0:0: Attached scsi generic sg0 type 0
[STDERR  ] 2018-01-11T14:04:08.067043465Z: [    7.281053] sd 0:0:0:0: [sda] Write Protect is off
[STDERR  ] 2018-01-11T14:04:08.06705451Z: [    7.282922] sd 0:0:0:0: [sda] Write cache: enabled, read cache: enabled, doesn't support DPO or FUA
[STDERR  ] 2018-01-11T14:04:08.067065429Z: [    7.294437] scsi 2:0:0:0: CD-ROM            QEMU     QEMU DVD-ROM     2.5+ PQ: 0 ANSI: 5
[STDERR  ] 2018-01-11T14:04:08.067079049Z: [    7.313183] sr 2:0:0:0: [sr0] scsi3-mmc drive: 4x/4x cd/rw xa/form2 tray
[STDERR  ] 2018-01-11T14:04:08.067085456Z: [    7.313962] cdrom: Uniform CD-ROM driver Revision: 3.20
[STDERR  ] 2018-01-11T14:04:08.067092385Z: [    7.324282] sr 2:0:0:0: Attached scsi generic sg1 type 5
[STDERR  ] 2018-01-11T14:04:08.067098562Z: [    7.328301]  sda: sda1
[STDERR  ] 2018-01-11T14:04:08.06710493Z: [    7.351212] sd 0:0:0:0: [sda] Attached SCSI disk
[STDERR  ] 2018-01-11T14:04:08.067110825Z: [    7.398473] Key type encrypted registered
[STDERR  ] 2018-01-11T14:04:08.067116663Z: [    7.404333] rtc_cmos 00:00: setting system clock to 2018-01-11 14:03:37 UTC (1515679417)
[STDERR  ] 2018-01-11T14:04:08.067122595Z: [    7.543096] Freeing unused kernel memory: 1396K
[STDERR  ] 2018-01-11T14:04:08.067128423Z: [    7.543480] Write protecting the kernel read-only data: 12288k
[STDERR  ] 2018-01-11T14:04:08.067137486Z: [    7.549011] Freeing unused kernel memory: 124K
[STDERR  ] 2018-01-11T14:04:08.067143517Z: [    7.636980] Freeing unused kernel memory: 1396K
[STDERR  ] 2018-01-11T14:04:08.067149582Z: [    7.637663] tsc: Refined TSC clocksource calibration: 2600.003 MHz
[STDERR  ] 2018-01-11T14:04:08.06715633Z: [    7.638253] clocksource: tsc: mask: 0xffffffffffffffff max_cycles: 0x257a3ef07ae, max_idle_ns: 440795268508 ns
[STDERR  ] 2018-01-11T14:04:08.067162577Z: [    8.651780] clocksource: Switched to clocksource tsc
[STDERR  ] 2018-01-11T14:04:08.067168787Z: 
[STDERR  ] 2018-01-11T14:04:08.067174909Z: Welcome to LinuxKit
[STDERR  ] 2018-01-11T14:04:08.067181045Z: 
[STDERR  ] 2018-01-11T14:04:08.067186897Z:                         ##         .
[STDERR  ] 2018-01-11T14:04:08.067193083Z:                   ## ## ##        ==
[STDERR  ] 2018-01-11T14:04:08.067199043Z:                ## ## ## ## ##    ===
[STDERR  ] 2018-01-11T14:04:08.067205163Z:            /"""""""""""""""""\___/ ===
[STDERR  ] 2018-01-11T14:04:08.067210986Z:           {                       /  ===-
[STDERR  ] 2018-01-11T14:04:08.067216742Z:            \______ O           __/
[STDERR  ] 2018-01-11T14:04:08.067228702Z:              \    \         __/
[STDERR  ] 2018-01-11T14:04:08.067234666Z:               \____\_______/
[STDERR  ] 2018-01-11T14:04:08.067240372Z: 
[STDERR  ] 2018-01-11T14:04:08.067246243Z: [   18.369071] IPVS: Creating netns size=2104 id=1
[STDERR  ] 2018-01-11T14:04:08.067251942Z: [   18.369551] IPVS: ftp: loaded support on port[0] = 21
[STDERR  ] 2018-01-11T14:04:08.067258179Z: [   19.860804]  sda:
[STDERR  ] 2018-01-11T14:04:08.06726422Z: [   19.944242]  sda:
[STDERR  ] 2018-01-11T14:04:08.067270995Z: [   19.994550]  sda: sda1
[STDERR  ] 2018-01-11T14:04:08.067277307Z: [   20.081129]  sda: sda1
[STDERR  ] 2018-01-11T14:04:08.067286022Z: [   20.160993]  sda: sda1
[STDERR  ] 2018-01-11T14:04:08.067294886Z: 2018/01/11 14:03:51 Successfully resized /dev/sda
[STDERR  ] 2018-01-11T14:04:08.067303783Z: [   22.635136] IPVS: Creating netns size=2104 id=2
[STDERR  ] 2018-01-11T14:04:08.067309743Z: [   22.635441] IPVS: ftp: loaded support on port[0] = 21
[STDERR  ] 2018-01-11T14:04:08.067316075Z: [   23.673817] EXT4-fs (sda1): couldn't mount as ext3 due to feature incompatibilities
[STDERR  ] 2018-01-11T14:04:08.067324252Z: [   23.683268] EXT4-fs (sda1): couldn't mount as ext2 due to feature incompatibilities
[STDERR  ] 2018-01-11T14:04:08.067330099Z: [   23.707385] EXT4-fs (sda1): mounted filesystem with ordered data mode. Opts: (null)
[STDERR  ] 2018-01-11T14:04:08.06733955Z: + [ -f /var/lib/docker/bar ]
[STDERR  ] 2018-01-11T14:04:08.067345682Z: + touch /var/lib/docker/foo
[STDERR  ] 2018-01-11T14:04:08.067352259Z: + df -h
[STDERR  ] 2018-01-11T14:04:08.067358289Z: + grep -qE [4-5][0-9]{2}\.[0-9]{1,}M
[STDERR  ] 2018-01-11T14:04:08.067364159Z: + printf extend test suite PASSED\n
[STDERR  ] 2018-01-11T14:04:08.067370905Z: extend test suite PASSED
[STDERR  ] 2018-01-11T14:04:08.067376892Z: [   37.372845] sd 0:0:0:0: [sda] Synchronizing SCSI cache
[STDERR  ] 2018-01-11T14:04:08.067386203Z: [   37.376204] sd 0:0:0:0: [sda] Stopping disk
[STDERR  ] 2018-01-11T14:04:08.067394645Z: [   37.381829] ACPI: Preparing to enter system sleep state S5
[STDERR  ] 2018-01-11T14:04:08.067401062Z: [   37.384800] reboot: Power down
[STDERR  ] 2018-01-11T14:04:08.067406927Z: + echo [    0.000000] Linux version 4.9.76-linuxkit (root@1dc47965cda0) (gcc version 6.4.0 (Alpine 6.4.0) ) #1 SMP Wed Jan 10 11:40:11 UTC 2018
[STDERR  ] 2018-01-11T14:04:08.067414053Z: [    0.000000] Command line: console=ttyS0 console=ttyAMA0
[STDERR  ] 2018-01-11T14:04:08.0674204Z: [    0.000000] x86/fpu: Legacy x87 FPU detected.
[STDERR  ] 2018-01-11T14:04:08.067426522Z: [    0.000000] x86/fpu: Using 'eager' FPU context switches.
[STDERR  ] 2018-01-11T14:04:08.067432262Z: [    0.000000] e820: BIOS-provided physical RAM map:
[STDERR  ] 2018-01-11T14:04:08.067438037Z: [    0.000000] BIOS-e820: [mem 0x0000000000000000-0x000000000009fbff] usable
[STDERR  ] 2018-01-11T14:04:08.067444357Z: [    0.000000] BIOS-e820: [mem 0x000000000009fc00-0x000000000009ffff] reserved
[STDERR  ] 2018-01-11T14:04:08.067450162Z: [    0.000000] BIOS-e820: [mem 0x00000000000f0000-0x00000000000fffff] reserved
[STDERR  ] 2018-01-11T14:04:08.06745601Z: [    0.000000] BIOS-e820: [mem 0x0000000000100000-0x000000003ffdefff] usable
[STDERR  ] 2018-01-11T14:04:08.067461905Z: [    0.000000] BIOS-e820: [mem 0x000000003ffdf000-0x000000003fffffff] reserved
[STDERR  ] 2018-01-11T14:04:08.067468233Z: [    0.000000] BIOS-e820: [mem 0x00000000b0000000-0x00000000bfffffff] reserved
[STDERR  ] 2018-01-11T14:04:08.067474016Z: [    0.000000] BIOS-e820: [mem 0x00000000fed1c000-0x00000000fed1ffff] reserved
[STDERR  ] 2018-01-11T14:04:08.067482236Z: [    0.000000] BIOS-e820: [mem 0x00000000fffc0000-0x00000000ffffffff] reserved
[STDERR  ] 2018-01-11T14:04:08.067488256Z: [    0.000000] NX (Execute Disable) protection: active
[STDERR  ] 2018-01-11T14:04:08.067494043Z: [    0.000000] SMBIOS 2.8 present.
[STDERR  ] 2018-01-11T14:04:08.067499783Z: [    0.000000] Kernel/User page tables isolation: disabled
[STDERR  ] 2018-01-11T14:04:08.067505575Z: [    0.000000] e820: last_pfn = 0x3ffdf max_arch_pfn = 0x400000000
[STDERR  ] 2018-01-11T14:04:08.067511762Z: [    0.000000] x86/PAT: Configuration [0-7]: WB  WC  UC- UC  WB  WC  UC- WT  
[STDERR  ] 2018-01-11T14:04:08.067517635Z: [    0.000000] found SMP MP-table at [mem 0x000f6aa0-0x000f6aaf] mapped at [ffff8b62c00f6aa0]
[STDERR  ] 2018-01-11T14:04:08.067523445Z: [    0.000000] RAMDISK: [mem 0x3deb9000-0x3ffcffff]
[STDERR  ] 2018-01-11T14:04:08.067529273Z: [    0.000000] ACPI: Early table checksum verification disabled
[STDERR  ] 2018-01-11T14:04:08.067534916Z: [    0.000000] ACPI: RSDP 0x00000000000F68B0 000014 (v00 BOCHS )
[STDERR  ] 2018-01-11T14:04:08.067540713Z: [    0.000000] ACPI: RSDT 0x000000003FFE20A8 000034 (v01 BOCHS  BXPCRSDT 00000001 BXPC 00000001)
[STDERR  ] 2018-01-11T14:04:08.067546623Z: [    0.000000] ACPI: FACP 0x000000003FFE1EC8 0000F4 (v03 BOCHS  BXPCFACP 00000001 BXPC 00000001)
[STDERR  ] 2018-01-11T14:04:08.067552316Z: [    0.000000] ACPI: DSDT 0x000000003FFE0040 001E88 (v01 BOCHS  BXPCDSDT 00000001 BXPC 00000001)
[STDERR  ] 2018-01-11T14:04:08.067563862Z: [    0.000000] ACPI: FACS 0x000000003FFE0000 000040
[STDERR  ] 2018-01-11T14:04:08.067573369Z: [    0.000000] ACPI: APIC 0x000000003FFE1FBC 000078 (v01 BOCHS  BXPCAPIC 00000001 BXPC 00000001)
[STDERR  ] 2018-01-11T14:04:08.067583723Z: [    0.000000] ACPI: HPET 0x000000003FFE2034 000038 (v01 BOCHS  BXPCHPET 00000001 BXPC 00000001)
[STDERR  ] 2018-01-11T14:04:08.067602229Z: [    0.000000] ACPI: MCFG 0x000000003FFE206C 00003C (v01 BOCHS  BXPCMCFG 00000001 BXPC 00000001)
[STDERR  ] 2018-01-11T14:04:08.067611749Z: [    0.000000] Zone ranges:
[STDERR  ] 2018-01-11T14:04:08.067618195Z: [    0.000000]   DMA      [mem 0x0000000000001000-0x0000000000ffffff]
[STDERR  ] 2018-01-11T14:04:08.067638012Z: [    0.000000]   DMA32    [mem 0x0000000001000000-0x000000003ffdefff]
[STDERR  ] 2018-01-11T14:04:08.06764396Z: [    0.000000]   Normal   empty
[STDERR  ] 2018-01-11T14:04:08.067650412Z: [    0.000000] Movable zone start for each node
[STDERR  ] 2018-01-11T14:04:08.067660259Z: [    0.000000] Early memory node ranges
[STDERR  ] 2018-01-11T14:04:08.067666132Z: [    0.000000]   node   0: [mem 0x0000000000001000-0x000000000009efff]
[STDERR  ] 2018-01-11T14:04:08.06767261Z: [    0.000000]   node   0: [mem 0x0000000000100000-0x000000003ffdefff]
[STDERR  ] 2018-01-11T14:04:08.067678683Z: [    0.000000] Initmem setup node 0 [mem 0x0000000000001000-0x000000003ffdefff]
[STDERR  ] 2018-01-11T14:04:08.067684369Z: [    0.000000] ACPI: PM-Timer IO Port: 0x608
[STDERR  ] 2018-01-11T14:04:08.067690152Z: [    0.000000] ACPI: LAPIC_NMI (acpi_id[0xff] dfl dfl lint[0x1])
[STDERR  ] 2018-01-11T14:04:08.067696012Z: [    0.000000] IOAPIC[0]: apic_id 0, version 32, address 0xfec00000, GSI 0-23
[STDERR  ] 2018-01-11T14:04:08.067701869Z: [    0.000000] ACPI: INT_SRC_OVR (bus 0 bus_irq 0 global_irq 2 dfl dfl)
[STDERR  ] 2018-01-11T14:04:08.067707765Z: [    0.000000] ACPI: INT_SRC_OVR (bus 0 bus_irq 5 global_irq 5 high level)
[STDERR  ] 2018-01-11T14:04:08.067713395Z: [    0.000000] ACPI: INT_SRC_OVR (bus 0 bus_irq 9 global_irq 9 high level)
[STDERR  ] 2018-01-11T14:04:08.067719263Z: [    0.000000] ACPI: INT_SRC_OVR (bus 0 bus_irq 10 global_irq 10 high level)
[STDERR  ] 2018-01-11T14:04:08.067725063Z: [    0.000000] ACPI: INT_SRC_OVR (bus 0 bus_irq 11 global_irq 11 high level)
[STDERR  ] 2018-01-11T14:04:08.067731619Z: [    0.000000] Using ACPI (MADT) for SMP configuration information
[STDERR  ] 2018-01-11T14:04:08.067737467Z: [    0.000000] ACPI: HPET id: 0x8086a201 base: 0xfed00000
[STDERR  ] 2018-01-11T14:04:08.067743737Z: [    0.000000] smpboot: Allowing 1 CPUs, 0 hotplug CPUs
[STDERR  ] 2018-01-11T14:04:08.067753132Z: [    0.000000] e820: [mem 0x40000000-0xafffffff] available for PCI devices
[STDERR  ] 2018-01-11T14:04:08.067763082Z: [    0.000000] Booting paravirtualized kernel on bare hardware
[STDERR  ] 2018-01-11T14:04:08.067773893Z: [    0.000000] clocksource: refined-jiffies: mask: 0xffffffff max_cycles: 0xffffffff, max_idle_ns: 19112604462750000 ns
[STDERR  ] 2018-01-11T14:04:08.067784103Z: [    0.000000] setup_percpu: NR_CPUS:128 nr_cpumask_bits:128 nr_cpu_ids:1 nr_node_ids:1
[STDERR  ] 2018-01-11T14:04:08.067790153Z: [    0.000000] percpu: Embedded 36 pages/cpu @ffff8b62fdc00000 s106904 r8192 d32360 u2097152
[STDERR  ] 2018-01-11T14:04:08.067796177Z: [    0.000000] Built 1 zonelists in Zone order, mobility grouping on.  Total pages: 257896
[STDERR  ] 2018-01-11T14:04:08.067801843Z: [    0.000000] Kernel command line: console=ttyS0 console=ttyAMA0
[STDERR  ] 2018-01-11T14:04:08.067808549Z: [    0.000000] PID hash table entries: 4096 (order: 3, 32768 bytes)
[STDERR  ] 2018-01-11T14:04:08.067814673Z: [    0.000000] Dentry cache hash table entries: 131072 (order: 8, 1048576 bytes)
[STDERR  ] 2018-01-11T14:04:08.067820767Z: [    0.000000] Inode-cache hash table entries: 65536 (order: 7, 524288 bytes)
[STDERR  ] 2018-01-11T14:04:08.067827525Z: [    0.000000] Memory: 980248K/1048052K available (8053K kernel code, 1391K rwdata, 2700K rodata, 1396K init, 564K bss, 67804K reserved, 0K cma-reserved)
[STDERR  ] 2018-01-11T14:04:08.067838117Z: [    0.000000] Hierarchical RCU implementation.
[STDERR  ] 2018-01-11T14:04:08.067848255Z: [    0.000000] 	Build-time adjustment of leaf fanout to 64.
[STDERR  ] 2018-01-11T14:04:08.067857205Z: [    0.000000] 	RCU restricting CPUs from NR_CPUS=128 to nr_cpu_ids=1.
[STDERR  ] 2018-01-11T14:04:08.067866797Z: [    0.000000] RCU: Adjusting geometry for rcu_fanout_leaf=64, nr_cpu_ids=1
[STDERR  ] 2018-01-11T14:04:08.06788331Z: [    0.000000] NR_IRQS:8448 nr_irqs:256 16
[STDERR  ] 2018-01-11T14:04:08.067893492Z: [    0.000000] Console: colour VGA+ 80x25
[STDERR  ] 2018-01-11T14:04:08.067902627Z: [    0.000000] console [ttyS0] enabled
[STDERR  ] 2018-01-11T14:04:08.067911709Z: [    0.000000] clocksource: hpet: mask: 0xffffffff max_cycles: 0xffffffff, max_idle_ns: 19112604467 ns
[STDERR  ] 2018-01-11T14:04:08.067926762Z: [    0.000000] tsc: Fast TSC calibration using PIT
[STDERR  ] 2018-01-11T14:04:08.067944426Z: [    0.000000] tsc: Detected 2599.983 MHz processor
[STDERR  ] 2018-01-11T14:04:08.067952635Z: [    0.021679] Calibrating delay loop (skipped), value calculated using timer frequency.. 5199.96 BogoMIPS (lpj=25999830)
[STDERR  ] 2018-01-11T14:04:08.067959497Z: [    0.022818] pid_max: default: 32768 minimum: 301
[STDERR  ] 2018-01-11T14:04:08.067965212Z: [    0.024231] ACPI: Core revision 20160831
[STDERR  ] 2018-01-11T14:04:08.067971093Z: [    0.050439] ACPI: 1 ACPI AML tables successfully acquired and loaded
[STDERR  ] 2018-01-11T14:04:08.067977599Z: [    0.055287] Security Framework initialized
[STDERR  ] 2018-01-11T14:04:08.067983432Z: [    0.055739] Yama: becoming mindful.
[STDERR  ] 2018-01-11T14:04:08.067989246Z: [    0.058595] Mount-cache hash table entries: 2048 (order: 2, 16384 bytes)
[STDERR  ] 2018-01-11T14:04:08.067995892Z: [    0.059191] Mountpoint-cache hash table entries: 2048 (order: 2, 16384 bytes)
[STDERR  ] 2018-01-11T14:04:08.068002216Z: [    0.077614] Last level iTLB entries: 4KB 0, 2MB 0, 4MB 0
