[INFO    ] 2019-01-21T21:49:55.690062593Z: Running Test linuxkit.packages.sysctl in /tmp/with_clone298370ad/test/cases/040_packages/019_sysctl
[INFO    ] 2019-01-21T21:49:55.690481169Z: Running command: [/bin/sh -x /tmp/with_clone298370ad/test/cases/040_packages/019_sysctl/test.sh]
[STDERR  ] 2019-01-21T21:49:55.691453506Z: + set -e
[STDERR  ] 2019-01-21T21:49:55.691544256Z: + . /tmp/with_clone298370ad/test/cases/_lib/lib.sh
[STDERR  ] 2019-01-21T21:49:55.691579683Z: + [ -f src/github.com/linuxkit/rtf/lib/lib.sh ]
[STDERR  ] 2019-01-21T21:49:55.691614226Z: + LINUXKIT_TMPDIR=/tmp/with_clone298370ad/test/cases/_tmp
[STDERR  ] 2019-01-21T21:49:55.691648427Z: + [ -f /tmp/with_clone298370ad/test/cases/_tmp/env.sh ]
[STDERR  ] 2019-01-21T21:49:55.691680791Z: + . /tmp/with_clone298370ad/test/cases/_tmp/env.sh
[STDERR  ] 2019-01-21T21:49:55.691713181Z: + export LINUXKIT_EXAMPLES_DIR=/tmp/with_clone298370ad/test/cases/../../examples
[STDERR  ] 2019-01-21T21:49:55.691748766Z: + RT_CANCEL=253
[STDERR  ] 2019-01-21T21:49:55.691775846Z: + NAME=sysctl
[STDERR  ] 2019-01-21T21:49:55.691807062Z: + trap clean_up EXIT
[STDERR  ] 2019-01-21T21:49:55.691838872Z: + linuxkit build -format kernel+initrd -name sysctl test.yml
[STDERR  ] 2019-01-21T21:49:55.743245691Z: Extract kernel image: linuxkit/kernel:4.19.16
[STDERR  ] 2019-01-21T21:50:00.463554594Z: Add init containers:
[STDERR  ] 2019-01-21T21:50:00.463657821Z: Process init image: linuxkit/init:e0dced91adbfba34c53cd673760e011f410638ff
[STDERR  ] 2019-01-21T21:50:02.195348937Z: Process init image: linuxkit/runc:b87c49e73eb14ba73d23eabf75423e987a043209
[STDERR  ] 2019-01-21T21:50:03.756949510Z: Add onboot containers:
[STDERR  ] 2019-01-21T21:50:03.757059157Z:   Create OCI config for linuxkit/sysctl:v0.6
[STDERR  ] 2019-01-21T21:50:05.467695344Z:   Create OCI config for alpine:3.8
[STDERR  ] 2019-01-21T21:50:07.007595913Z:   Create OCI config for linuxkit/poweroff:afe8f7dd0d47a7991c54519b0f09124cb8c4e300
[STDERR  ] 2019-01-21T21:50:08.539778819Z: Add files:
[STDERR  ] 2019-01-21T21:50:08.539882609Z:   check.sh
[STDERR  ] 2019-01-21T21:50:08.539920020Z: Create outputs:
[STDERR  ] 2019-01-21T21:50:14.241401264Z:   sysctl-kernel sysctl-initrd.img sysctl-cmdline
[STDERR  ] 2019-01-21T21:50:14.305905500Z: + linuxkit run sysctl
[STDERR  ] 2019-01-21T21:51:02.170889207Z: + RESULT=[    0.000000] Linux version 4.19.16-linuxkit (root@86a7b772f7be) (gcc version 6.4.0 (Alpine 6.4.0)) #1 SMP Fri Jan 18 00:38:11 UTC 2019
[STDERR  ] 2019-01-21T21:51:02.171034331Z: [    0.000000] Command line: console=ttyS0 console=ttyAMA0
[STDERR  ] 2019-01-21T21:51:02.171062086Z: [    0.000000] x86/fpu: x87 FPU will use FXSAVE
[STDERR  ] 2019-01-21T21:51:02.171124684Z: [    0.000000] BIOS-provided physical RAM map:
[STDERR  ] 2019-01-21T21:51:02.171149782Z: [    0.000000] BIOS-e820: [mem 0x0000000000000000-0x000000000009fbff] usable
[STDERR  ] 2019-01-21T21:51:02.171177988Z: [    0.000000] BIOS-e820: [mem 0x000000000009fc00-0x000000000009ffff] reserved
[STDERR  ] 2019-01-21T21:51:02.171201769Z: [    0.000000] BIOS-e820: [mem 0x00000000000f0000-0x00000000000fffff] reserved
[STDERR  ] 2019-01-21T21:51:02.171225986Z: [    0.000000] BIOS-e820: [mem 0x0000000000100000-0x000000003ffdefff] usable
[STDERR  ] 2019-01-21T21:51:02.171250755Z: [    0.000000] BIOS-e820: [mem 0x000000003ffdf000-0x000000003fffffff] reserved
[STDERR  ] 2019-01-21T21:51:02.171274933Z: [    0.000000] BIOS-e820: [mem 0x00000000b0000000-0x00000000bfffffff] reserved
[STDERR  ] 2019-01-21T21:51:02.171313842Z: [    0.000000] BIOS-e820: [mem 0x00000000fed1c000-0x00000000fed1ffff] reserved
[STDERR  ] 2019-01-21T21:51:02.171345256Z: [    0.000000] BIOS-e820: [mem 0x00000000fffc0000-0x00000000ffffffff] reserved
[STDERR  ] 2019-01-21T21:51:02.171376261Z: [    0.000000] NX (Execute Disable) protection: active
[STDERR  ] 2019-01-21T21:51:02.171411427Z: [    0.000000] SMBIOS 2.8 present.
[STDERR  ] 2019-01-21T21:51:02.171446114Z: [    0.000000] DMI: QEMU Standard PC (Q35 + ICH9, 2009), BIOS rel-1.10.2-0-g5f4c7b1-prebuilt.qemu-project.org 04/01/2014
[STDERR  ] 2019-01-21T21:51:02.171482284Z: [    0.000000] tsc: Fast TSC calibration using PIT
[STDERR  ] 2019-01-21T21:51:02.171528295Z: [    0.000000] tsc: Detected 2599.780 MHz processor
[STDERR  ] 2019-01-21T21:51:02.171563610Z: [    0.064507] last_pfn = 0x3ffdf max_arch_pfn = 0x400000000
[STDERR  ] 2019-01-21T21:51:02.171596063Z: [    0.066190] x86/PAT: Configuration [0-7]: WB  WC  UC- UC  WB  WP  UC- WT  
[STDERR  ] 2019-01-21T21:51:02.171627507Z: [    0.128193] found SMP MP-table at [mem 0x000f6aa0-0x000f6aaf] mapped at [(____ptrval____)]
[STDERR  ] 2019-01-21T21:51:02.171658336Z: [    0.137655] RAMDISK: [mem 0x3e329000-0x3ffcffff]
[STDERR  ] 2019-01-21T21:51:02.171700942Z: [    0.138541] ACPI: Early table checksum verification disabled
[STDERR  ] 2019-01-21T21:51:02.171729916Z: [    0.140854] ACPI: RSDP 0x00000000000F68C0 000014 (v00 BOCHS )
[STDERR  ] 2019-01-21T21:51:02.171768589Z: [    0.141180] ACPI: RSDT 0x000000003FFE2404 000034 (v01 BOCHS  BXPCRSDT 00000001 BXPC 00000001)
[STDERR  ] 2019-01-21T21:51:02.171797513Z: [    0.142055] ACPI: FACP 0x000000003FFE22A4 000074 (v01 BOCHS  BXPCFACP 00000001 BXPC 00000001)
[STDERR  ] 2019-01-21T21:51:02.171834018Z: [    0.142933] ACPI: DSDT 0x000000003FFE0040 002264 (v01 BOCHS  BXPCDSDT 00000001 BXPC 00000001)
[STDERR  ] 2019-01-21T21:51:02.171863019Z: [    0.143077] ACPI: FACS 0x000000003FFE0000 000040
[STDERR  ] 2019-01-21T21:51:02.171893062Z: [    0.143198] ACPI: APIC 0x000000003FFE2318 000078 (v01 BOCHS  BXPCAPIC 00000001 BXPC 00000001)
[STDERR  ] 2019-01-21T21:51:02.171919525Z: [    0.143285] ACPI: HPET 0x000000003FFE2390 000038 (v01 BOCHS  BXPCHPET 00000001 BXPC 00000001)
[STDERR  ] 2019-01-21T21:51:02.171946737Z: [    0.143367] ACPI: MCFG 0x000000003FFE23C8 00003C (v01 BOCHS  BXPCMCFG 00000001 BXPC 00000001)
[STDERR  ] 2019-01-21T21:51:02.171978712Z: [    0.148093] Zone ranges:
[STDERR  ] 2019-01-21T21:51:02.172006882Z: [    0.148199]   DMA      [mem 0x0000000000001000-0x0000000000ffffff]
[STDERR  ] 2019-01-21T21:51:02.172035603Z: [    0.148280]   DMA32    [mem 0x0000000001000000-0x000000003ffdefff]
[STDERR  ] 2019-01-21T21:51:02.172063695Z: [    0.148319]   Normal   empty
[STDERR  ] 2019-01-21T21:51:02.172092143Z: [    0.148363]   Device   empty
[STDERR  ] 2019-01-21T21:51:02.172124424Z: [    0.148403] Movable zone start for each node
[STDERR  ] 2019-01-21T21:51:02.172151275Z: [    0.148461] Early memory node ranges
[STDERR  ] 2019-01-21T21:51:02.172181204Z: [    0.148515]   node   0: [mem 0x0000000000001000-0x000000000009efff]
[STDERR  ] 2019-01-21T21:51:02.172220484Z: [    0.148556]   node   0: [mem 0x0000000000100000-0x000000003ffdefff]
[STDERR  ] 2019-01-21T21:51:02.172272086Z: [    0.149385] Reserved but unavailable: 98 pages
[STDERR  ] 2019-01-21T21:51:02.172330487Z: [    0.149609] Initmem setup node 0 [mem 0x0000000000001000-0x000000003ffdefff]
[STDERR  ] 2019-01-21T21:51:02.172373620Z: [    0.235350] ACPI: PM-Timer IO Port: 0x608
[STDERR  ] 2019-01-21T21:51:02.172400977Z: [    0.236106] ACPI: LAPIC_NMI (acpi_id[0xff] dfl dfl lint[0x1])
[STDERR  ] 2019-01-21T21:51:02.172503973Z: [    0.236696] IOAPIC[0]: apic_id 0, version 32, address 0xfec00000, GSI 0-23
[STDERR  ] 2019-01-21T21:51:02.172540986Z: [    0.236917] ACPI: INT_SRC_OVR (bus 0 bus_irq 0 global_irq 2 dfl dfl)
[STDERR  ] 2019-01-21T21:51:02.172575113Z: [    0.237277] ACPI: INT_SRC_OVR (bus 0 bus_irq 5 global_irq 5 high level)
[STDERR  ] 2019-01-21T21:51:02.172602383Z: [    0.237340] ACPI: INT_SRC_OVR (bus 0 bus_irq 9 global_irq 9 high level)
[STDERR  ] 2019-01-21T21:51:02.172629830Z: [    0.237463] ACPI: INT_SRC_OVR (bus 0 bus_irq 10 global_irq 10 high level)
[STDERR  ] 2019-01-21T21:51:02.172663482Z: [    0.237496] ACPI: INT_SRC_OVR (bus 0 bus_irq 11 global_irq 11 high level)
[STDERR  ] 2019-01-21T21:51:02.172691372Z: [    0.238016] Using ACPI (MADT) for SMP configuration information
[STDERR  ] 2019-01-21T21:51:02.172721313Z: [    0.238096] ACPI: HPET id: 0x8086a201 base: 0xfed00000
[STDERR  ] 2019-01-21T21:51:02.172750830Z: [    0.238642] smpboot: Allowing 1 CPUs, 0 hotplug CPUs
[STDERR  ] 2019-01-21T21:51:02.172782223Z: [    0.239771] [mem 0x40000000-0xafffffff] available for PCI devices
[STDERR  ] 2019-01-21T21:51:02.172818222Z: [    0.239851] Booting paravirtualized kernel on bare hardware
[STDERR  ] 2019-01-21T21:51:02.172850884Z: [    0.240121] clocksource: refined-jiffies: mask: 0xffffffff max_cycles: 0xffffffff, max_idle_ns: 1910969940391419 ns
[STDERR  ] 2019-01-21T21:51:02.172879772Z: [    3.791484] random: get_random_bytes called from start_kernel+0x92/0x528 with crng_init=0
[STDERR  ] 2019-01-21T21:51:02.172907721Z: [    3.792581] setup_percpu: NR_CPUS:128 nr_cpumask_bits:128 nr_cpu_ids:1 nr_node_ids:1
[STDERR  ] 2019-01-21T21:51:02.172940159Z: [    3.801838] percpu: Embedded 45 pages/cpu @(____ptrval____) s145112 r8192 d31016 u2097152
[STDERR  ] 2019-01-21T21:51:02.172967104Z: [    3.805066] Built 1 zonelists, mobility grouping on.  Total pages: 257896
[STDERR  ] 2019-01-21T21:51:02.172995968Z: [    3.805370] Kernel command line: console=ttyS0 console=ttyAMA0
[STDERR  ] 2019-01-21T21:51:02.173025806Z: [    3.810176] Dentry cache hash table entries: 131072 (order: 8, 1048576 bytes)
[STDERR  ] 2019-01-21T21:51:02.173057422Z: [    3.811974] Inode-cache hash table entries: 65536 (order: 7, 524288 bytes)
[STDERR  ] 2019-01-21T21:51:02.173084668Z: [    3.907349] Memory: 973788K/1048052K available (12300K kernel code, 1579K rwdata, 3052K rodata, 1588K init, 1996K bss, 74264K reserved, 0K cma-reserved)
[STDERR  ] 2019-01-21T21:51:02.173116957Z: [    3.914507] ftrace: allocating 42970 entries in 168 pages
[STDERR  ] 2019-01-21T21:51:02.173145494Z: [    4.376019] rcu: Hierarchical RCU implementation.
[STDERR  ] 2019-01-21T21:51:02.173173108Z: [    4.376204] rcu: 	RCU restricting CPUs from NR_CPUS=128 to nr_cpu_ids=1.
[STDERR  ] 2019-01-21T21:51:02.173204702Z: [    4.376363] rcu: Adjusting geometry for rcu_fanout_leaf=16, nr_cpu_ids=1
[STDERR  ] 2019-01-21T21:51:02.173235194Z: [    4.437200] NR_IRQS: 8448, nr_irqs: 256, preallocated irqs: 16
[STDERR  ] 2019-01-21T21:51:02.173261887Z: [    4.451843] Console: colour VGA+ 80x25
[STDERR  ] 2019-01-21T21:51:02.173313409Z: [    4.490936] console [ttyS0] enabled
[STDERR  ] 2019-01-21T21:51:02.173342103Z: [    4.491808] ACPI: Core revision 20180810
[STDERR  ] 2019-01-21T21:51:02.173369427Z: [    4.500627] clocksource: hpet: mask: 0xffffffff max_cycles: 0xffffffff, max_idle_ns: 19112604467 ns
[STDERR  ] 2019-01-21T21:51:02.173398532Z: [    4.508151] APIC: Switch to symmetric I/O mode setup
[STDERR  ] 2019-01-21T21:51:02.173426881Z: [    4.517208] ..TIMER: vector=0x30 apic1=0 pin1=2 apic2=-1 pin2=-1
[STDERR  ] 2019-01-21T21:51:02.173456049Z: [    4.523431] clocksource: tsc-early: mask: 0xffffffffffffffff max_cycles: 0x25796c68edd, max_idle_ns: 440795244994 ns
[STDERR  ] 2019-01-21T21:51:02.173492158Z: [    4.527168] Calibrating delay loop (skipped), value calculated using timer frequency.. 5199.56 BogoMIPS (lpj=2599780)
[STDERR  ] 2019-01-21T21:51:02.173518941Z: [    4.528102] pid_max: default: 32768 minimum: 301
[STDERR  ] 2019-01-21T21:51:02.173552383Z: [    4.530971] Security Framework initialized
[STDERR  ] 2019-01-21T21:51:02.173588769Z: [    4.531141] Yama: becoming mindful.
[STDERR  ] 2019-01-21T21:51:02.173617270Z: [    4.533709] Mount-cache hash table entries: 2048 (order: 2, 16384 bytes)
[STDERR  ] 2019-01-21T21:51:02.173646622Z: [    4.534100] Mountpoint-cache hash table entries: 2048 (order: 2, 16384 bytes)
[STDERR  ] 2019-01-21T21:51:02.173674155Z: [    4.559465] Last level iTLB entries: 4KB 0, 2MB 0, 4MB 0
[STDERR  ] 2019-01-21T21:51:02.173705446Z: [    4.560024] Last level dTLB entries: 4KB 0, 2MB 0, 4MB 0, 1GB 0
[STDERR  ] 2019-01-21T21:51:02.173733598Z: [    4.560656] Spectre V2 : Spectre mitigation: LFENCE not serializing, switching to generic retpoline
[STDERR  ] 2019-01-21T21:51:02.173760855Z: [    4.561032] Spectre V2 : Mitigation: Full generic retpoline
[STDERR  ] 2019-01-21T21:51:02.173788711Z: [    4.562015] Spectre V2 : Spectre v2 / SpectreRSB mitigation: Filling RSB on context switch
[STDERR  ] 2019-01-21T21:51:02.173814847Z: [    4.562796] Speculative Store Bypass: Vulnerable
[STDERR  ] 2019-01-21T21:51:02.173849025Z: [    4.765354] random: fast init done
[STDERR  ] 2019-01-21T21:51:02.173874669Z: [    4.938178] Freeing SMP alternatives memory: 20K
[STDERR  ] 2019-01-21T21:51:02.173898041Z: [    4.967971] smpboot: CPU0: AMD QEMU Virtual CPU version 2.5+ (family: 0x6, model: 0x6, stepping: 0x3)
[STDERR  ] 2019-01-21T21:51:02.173922783Z: [    4.979550] Performance Events: PMU not available due to virtualization, using software events only.
[STDERR  ] 2019-01-21T21:51:02.173948449Z: [    4.985067] rcu: Hierarchical SRCU implementation.
[STDERR  ] 2019-01-21T21:51:02.173974762Z: [    4.993321] NMI watchdog: Perf NMI watchdog permanently disabled
[STDERR  ] 2019-01-21T21:51:02.174001204Z: [    4.998786] smp: Bringing up secondary CPUs ...
[STDERR  ] 2019-01-21T21:51:02.174034702Z: [    4.999098] smp: Brought up 1 node, 1 CPU
[STDERR  ] 2019-01-21T21:51:02.174061075Z: [    5.000113] smpboot: Max logical packages: 1
[STDERR  ] 2019-01-21T21:51:02.174091360Z: [    5.000574] smpboot: Total of 1 processors activated (5199.56 BogoMIPS)
[STDERR  ] 2019-01-21T21:51:02.174117582Z: [    5.021753] devtmpfs: initialized
[STDERR  ] 2019-01-21T21:51:02.174142975Z: [    5.028597] x86/mm: Memory block size: 128MB
[STDERR  ] 2019-01-21T21:51:02.174171617Z: [    5.043861] clocksource: jiffies: mask: 0xffffffff max_cycles: 0xffffffff, max_idle_ns: 1911260446275000 ns
[STDERR  ] 2019-01-21T21:51:02.174302905Z: [    5.044438] futex hash table entries: 256 (order: 2, 16384 bytes)
[STDERR  ] 2019-01-21T21:51:02.174340479Z: [    5.062177] NET: Registered protocol family 16
[STDERR  ] 2019-01-21T21:51:02.174373505Z: [    5.067408] audit: initializing netlink subsys (disabled)
[STDERR  ] 2019-01-21T21:51:02.174401486Z: [    5.073520] audit: type=2000 audit(1548107419.561:1): state=initialized audit_enabled=0 res=1
[STDERR  ] 2019-01-21T21:51:02.174429489Z: [    5.077075] cpuidle: using governor ladder
[STDERR  ] 2019-01-21T21:51:02.174462038Z: [    5.077622] cpuidle: using governor menu
[STDERR  ] 2019-01-21T21:51:02.174489071Z: [    5.081331] ACPI: bus type PCI registered
[STDERR  ] 2019-01-21T21:51:02.174524789Z: [    5.085310] PCI: MMCONFIG for domain 0000 [bus 00-ff] at [mem 0xb0000000-0xbfffffff] (base 0xb0000000)
[STDERR  ] 2019-01-21T21:51:02.174556531Z: [    5.086255] PCI: MMCONFIG at [mem 0xb0000000-0xbfffffff] reserved in E820
[STDERR  ] 2019-01-21T21:51:02.174582678Z: [    5.087728] PCI: Using configuration type 1 for base access
[STDERR  ] 2019-01-21T21:51:02.174610785Z: [    5.165381] HugeTLB registered 2.00 MiB page size, pre-allocated 0 pages
[STDERR  ] 2019-01-21T21:51:02.174638552Z: [    5.172878] cryptd: max_cpu_qlen set to 1000
[STDERR  ] 2019-01-21T21:51:02.174678640Z: [    5.180220] ACPI: Added _OSI(Module Device)
[STDERR  ] 2019-01-21T21:51:02.174705923Z: [    5.180783] ACPI: Added _OSI(Processor Device)
[STDERR  ] 2019-01-21T21:51:02.174738372Z: [    5.181037] ACPI: Added _OSI(3.0 _SCP Extensions)
[STDERR  ] 2019-01-21T21:51:02.174766660Z: [    5.181492] ACPI: Added _OSI(Processor Aggregator Device)
[STDERR  ] 2019-01-21T21:51:02.174794760Z: [    5.182136] ACPI: Added _OSI(Linux-Dell-Video)
[STDERR  ] 2019-01-21T21:51:02.174826033Z: [    5.182493] ACPI: Added _OSI(Linux-Lenovo-NV-HDMI-Audio)
[STDERR  ] 2019-01-21T21:51:02.174854982Z: [    5.247426] ACPI: 1 ACPI AML tables successfully acquired and loaded
[STDERR  ] 2019-01-21T21:51:02.174888288Z: [    5.288921] ACPI: Interpreter enabled
[STDERR  ] 2019-01-21T21:51:02.174916708Z: [    5.290269] ACPI: (supports S0 S5)
[STDERR  ] 2019-01-21T21:51:02.174944520Z: [    5.290610] ACPI: Using IOAPIC for interrupt routing
[STDERR  ] 2019-01-21T21:51:02.174971755Z: [    5.293189] PCI: Using host bridge windows from ACPI; if necessary, use "pci=nocrs" and report a bug
[STDERR  ] 2019-01-21T21:51:02.174999787Z: [    5.297906] ACPI: Enabled 2 GPEs in block 00 to 3F
[STDERR  ] 2019-01-21T21:51:02.175027782Z: [    5.389474] ACPI: PCI Root Bridge [PCI0] (domain 0000 [bus 00-ff])
[STDERR  ] 2019-01-21T21:51:02.175053796Z: [    5.390653] acpi PNP0A08:00: _OSC: OS supports [ExtendedConfig ASPM ClockPM Segments MSI]
[STDERR  ] 2019-01-21T21:51:02.175089029Z: [    5.396697] acpi PNP0A08:00: _OSC: platform does not support [SHPCHotplug LTR]
[STDERR  ] 2019-01-21T21:51:02.175123045Z: [    5.401039] acpi PNP0A08:00: _OSC: OS now controls [PCIeHotplug PME PCIeCapability]
[STDERR  ] 2019-01-21T21:51:02.175150566Z: [    5.407200] PCI host bridge to bus 0000:00
[STDERR  ] 2019-01-21T21:51:02.175181151Z: [    5.408194] pci_bus 0000:00: root bus resource [io  0x0000-0x0cf7 window]
[STDERR  ] 2019-01-21T21:51:02.175209796Z: [    5.408724] pci_bus 0000:00: root bus resource [io  0x0d00-0xffff window]
[STDERR  ] 2019-01-21T21:51:02.175236124Z: [    5.409039] pci_bus 0000:00: root bus resource [mem 0x000a0000-0x000bffff window]
[STDERR  ] 2019-01-21T21:51:02.175263603Z: [    5.410028] pci_bus 0000:00: root bus resource [mem 0xc0000000-0xfebfffff window]
[STDERR  ] 2019-01-21T21:51:02.175306972Z: [    5.411040] pci_bus 0000:00: root bus resource [bus 00-ff]
[STDERR  ] 2019-01-21T21:51:02.175333452Z: [    5.473971] pci 0000:00:1f.0: quirk: [io  0x0600-0x067f] claimed by ICH6 ACPI/GPIO/TCO
[STDERR  ] 2019-01-21T21:51:02.175359515Z: [    5.531217] ACPI: PCI Interrupt Link [LNKA] (IRQs 5 *10 11)
[STDERR  ] 2019-01-21T21:51:02.175387446Z: [    5.534231] ACPI: PCI Interrupt Link [LNKB] (IRQs 5 *10 11)
[STDERR  ] 2019-01-21T21:51:02.175415729Z: [    5.536447] ACPI: PCI Interrupt Link [LNKC] (IRQs 5 10 *11)
[STDERR  ] 2019-01-21T21:51:02.175449770Z: [    5.539030] ACPI: PCI Interrupt Link [LNKD] (IRQs 5 10 *11)
[STDERR  ] 2019-01-21T21:51:02.175481358Z: [    5.541390] ACPI: PCI Interrupt Link [LNKE] (IRQs 5 *10 11)
[STDERR  ] 2019-01-21T21:51:02.175509091Z: [    5.543577] ACPI: PCI Interrupt Link [LNKF] (IRQs 5 *10 11)
[STDERR  ] 2019-01-21T21:51:02.175538971Z: [    5.545770] ACPI: PCI Interrupt Link [LNKG] (IRQs 5 10 *11)
[STDERR  ] 2019-01-21T21:51:02.175566189Z: [    5.548272] ACPI: PCI Interrupt Link [LNKH] (IRQs 5 10 *11)
[STDERR  ] 2019-01-21T21:51:02.175599908Z: [    5.549527] ACPI: PCI Interrupt Link [GSIA] (IRQs *16)
[STDERR  ] 2019-01-21T21:51:02.175633182Z: [    5.550329] ACPI: PCI Interrupt Link [GSIB] (IRQs *17)
[STDERR  ] 2019-01-21T21:51:02.175659268Z: [    5.551316] ACPI: PCI Interrupt Link [GSIC] (IRQs *18)
[STDERR  ] 2019-01-21T21:51:02.175686728Z: [    5.552083] ACPI: PCI Interrupt Link [GSID] (IRQs *19)
[STDERR  ] 2019-01-21T21:51:02.175714698Z: [    5.552871] ACPI: PCI Interrupt Link [GSIE] (IRQs *20)
[STDERR  ] 2019-01-21T21:51:02.175741358Z: [    5.553758] ACPI: PCI Interrupt Link [GSIF] (IRQs *21)
[STDERR  ] 2019-01-21T21:51:02.175768898Z: [    5.554332] ACPI: PCI Interrupt Link [GSIG] (IRQs *22)
[STDERR  ] 2019-01-21T21:51:02.175804672Z: [    5.555331] ACPI: PCI Interrupt Link [GSIH] (IRQs *23)
[STDERR  ] 2019-01-21T21:51:02.175844180Z: [    5.567961] SCSI subsystem initialized
[STDERR  ] 2019-01-21T21:51:02.175869669Z: [    5.571741] ACPI: bus type USB registered
[STDERR  ] 2019-01-21T21:51:02.175892554Z: [    5.572756] usbcore: registered new interface driver usbfs
[STDERR  ] 2019-01-21T21:51:02.175915536Z: [    5.574423] usbcore: registered new interface driver hub
[STDERR  ] 2019-01-21T21:51:02.175939588Z: [    5.575377] usbcore: registered new device driver usb
[STDERR  ] 2019-01-21T21:51:02.175965780Z: [    5.576586] pps_core: LinuxPPS API ver. 1 registered
[STDERR  ] 2019-01-21T21:51:02.175988562Z: [    5.577097] pps_core: Software ver. 5.3.6 - Copyright 2005-2007 Rodolfo Giometti <giometti@linux.it>
[STDERR  ] 2019-01-21T21:51:02.176012154Z: [    5.578171] PTP clock support registered
[STDERR  ] 2019-01-21T21:51:02.176035157Z: [    5.581375] PCI: Using ACPI for IRQ routing
[STDERR  ] 2019-01-21T21:51:02.176060880Z: [    5.606477] NetLabel: Initializing
[STDERR  ] 2019-01-21T21:51:02.176084621Z: [    5.607025] NetLabel:  domain hash size = 128
[STDERR  ] 2019-01-21T21:51:02.176111283Z: [    5.607515] NetLabel:  protocols = UNLABELED CIPSOv4 CALIPSO
[STDERR  ] 2019-01-21T21:51:02.176134292Z: [    5.611382] NetLabel:  unlabeled traffic allowed by default
[STDERR  ] 2019-01-21T21:51:02.176164021Z: [    5.612844] HPET: 3 timers in total, 0 timers will be used for per-cpu timer
[STDERR  ] 2019-01-21T21:51:02.176194703Z: [    5.614230] hpet0: at MMIO 0xfed00000, IRQs 2, 8, 0
[STDERR  ] 2019-01-21T21:51:02.176219022Z: [    5.614724] hpet0: 3 comparators, 64-bit 100.000000 MHz counter
[STDERR  ] 2019-01-21T21:51:02.176247894Z: [    5.622843] clocksource: Switched to clocksource tsc-early
[STDERR  ] 2019-01-21T21:51:02.176271570Z: [    6.177322] VFS: Disk quotas dquot_6.6.0
[STDERR  ] 2019-01-21T21:51:02.176308630Z: [    6.178610] VFS: Dquot-cache hash table entries: 512 (order 0, 4096 bytes)
[STDERR  ] 2019-01-21T21:51:02.176335460Z: [    6.181160] FS-Cache: Loaded
[STDERR  ] 2019-01-21T21:51:02.176356485Z: [    6.181160] CacheFiles: Loaded
[STDERR  ] 2019-01-21T21:51:02.176376322Z: [    6.191379] pnp: PnP ACPI init
[STDERR  ] 2019-01-21T21:51:02.176400414Z: [    6.210077] pnp: PnP ACPI: found 5 devices
[STDERR  ] 2019-01-21T21:51:02.176421443Z: [    6.267391] clocksource: acpi_pm: mask: 0xffffff max_cycles: 0xffffff, max_idle_ns: 2085701024 ns
[STDERR  ] 2019-01-21T21:51:02.176453158Z: [    6.272437] NET: Registered protocol family 2
[STDERR  ] 2019-01-21T21:51:02.176472801Z: [    6.285714] tcp_listen_portaddr_hash hash table entries: 512 (order: 1, 8192 bytes)
[STDERR  ] 2019-01-21T21:51:02.176495517Z: [    6.287108] TCP established hash table entries: 8192 (order: 4, 65536 bytes)
[STDERR  ] 2019-01-21T21:51:02.176514807Z: [    6.288398] TCP bind hash table entries: 8192 (order: 5, 131072 bytes)
[STDERR  ] 2019-01-21T21:51:02.176534583Z: [    6.289348] TCP: Hash tables configured (established 8192 bind 8192)
[STDERR  ] 2019-01-21T21:51:02.176553738Z: [    6.292581] UDP hash table entries: 512 (order: 2, 16384 bytes)
[STDERR  ] 2019-01-21T21:51:02.176574232Z: [    6.293561] UDP-Lite hash table entries: 512 (order: 2, 16384 bytes)
[STDERR  ] 2019-01-21T21:51:02.176593652Z: [    6.297753] NET: Registered protocol family 1
[STDERR  ] 2019-01-21T21:51:02.176613185Z: [    6.298741] NET: Registered protocol family 44
[STDERR  ] 2019-01-21T21:51:02.176634952Z: [    6.299798] pci 0000:00:01.0: Video device with shadowed ROM at [mem 0x000c0000-0x000dffff]
[STDERR  ] 2019-01-21T21:51:02.176654275Z: [    6.309552] Trying to unpack rootfs image as initramfs...
[STDERR  ] 2019-01-21T21:51:02.176673294Z: [   11.518563] Freeing initrd memory: 29340K
[STDERR  ] 2019-01-21T21:51:02.176695075Z: [   11.551849] PCLMULQDQ-NI instructions are not detected.
[STDERR  ] 2019-01-21T21:51:02.176714749Z: [   11.553753] AVX or AES-NI instructions are not detected.
[STDERR  ] 2019-01-21T21:51:02.176734078Z: [   11.554744] CPU feature 'AVX registers' is not supported.
[STDERR  ] 2019-01-21T21:51:02.176759067Z: [   11.555516] CPU feature 'AVX registers' is not supported.
[STDERR  ] 2019-01-21T21:51:02.176783114Z: [   11.555998] CPU feature 'AVX registers' is not supported.
[STDERR  ] 2019-01-21T21:51:02.176802794Z: [   11.556740] CPU feature 'AVX registers' is not supported.
[STDERR  ] 2019-01-21T21:51:02.176826263Z: [   11.557405] AVX2 or AES-NI instructions are not detected.
[STDERR  ] 2019-01-21T21:51:02.176850342Z: [   11.557942] AVX2 instructions are not detected.
[STDERR  ] 2019-01-21T21:51:02.176869568Z: [   11.572098] workingset: timestamp_bits=46 max_order=18 bucket_order=0
[STDERR  ] 2019-01-21T21:51:02.176891934Z: [   11.580559] squashfs: version 4.0 (2009/01/31) Phillip Lougher
[STDERR  ] 2019-01-21T21:51:02.176911445Z: [   11.583991] FS-Cache: Netfs 'cifs' registered for caching
[STDERR  ] 2019-01-21T21:51:02.176931018Z: [   11.586313] fuse init (API version 7.27)
[STDERR  ] 2019-01-21T21:51:02.176949912Z: [   11.589397] SGI XFS with ACLs, security attributes, no debug enabled
[STDERR  ] 2019-01-21T21:51:02.176969392Z: [   11.595400] 9p: Installing v9fs 9p2000 file system support
[STDERR  ] 2019-01-21T21:51:02.176988755Z: [   11.596250] FS-Cache: Netfs '9p' registered for caching
[STDERR  ] 2019-01-21T21:51:02.177008283Z: [   11.596998] pstore: using deflate compression
[STDERR  ] 2019-01-21T21:51:02.177027651Z: [   11.655968] NET: Registered protocol family 38
[STDERR  ] 2019-01-21T21:51:02.177052637Z: [   11.656902] Key type asymmetric registered
[STDERR  ] 2019-01-21T21:51:02.177072915Z: [   11.657461] Asymmetric key parser 'x509' registered
[STDERR  ] 2019-01-21T21:51:02.177092458Z: [   11.658445] Block layer SCSI generic (bsg) driver version 0.4 loaded (major 247)
[STDERR  ] 2019-01-21T21:51:02.177111779Z: [   11.660791] io scheduler noop registered
[STDERR  ] 2019-01-21T21:51:02.177130820Z: [   11.661369] io scheduler deadline registered (default)
[STDERR  ] 2019-01-21T21:51:02.177150165Z: [   11.662602] io scheduler cfq registered
[STDERR  ] 2019-01-21T21:51:02.177169342Z: [   11.662957] io scheduler mq-deadline registered (default)
[STDERR  ] 2019-01-21T21:51:02.177188980Z: [   11.663660] io scheduler kyber registered
[STDERR  ] 2019-01-21T21:51:02.177210360Z: [   11.668004] shpchp: Standard Hot Plug PCI Controller Driver version: 0.4
[STDERR  ] 2019-01-21T21:51:02.177229868Z: [   11.669492] hv_vmbus: registering driver hyperv_fb
[STDERR  ] 2019-01-21T21:51:02.177273648Z: [   11.673864] input: Power Button as /devices/LNXSYSTM:00/LNXPWRBN:00/input/input0
[STDERR  ] 2019-01-21T21:51:02.177324220Z: [   11.677920] ACPI: Power Button [PWRF]
[STDERR  ] 2019-01-21T21:51:02.177353363Z: [   11.701516] PCI Interrupt Link [GSIG] enabled at IRQ 22
[STDERR  ] 2019-01-21T21:51:02.177387874Z: [   11.717542] PCI Interrupt Link [GSIH] enabled at IRQ 23
[STDERR  ] 2019-01-21T21:51:02.177415420Z: [   11.725535] Serial: 8250/16550 driver, 4 ports, IRQ sharing disabled
[STDERR  ] 2019-01-21T21:51:02.177444238Z: [   11.751513] 00:04: ttyS0 at I/O 0x3f8 (irq = 4, base_baud = 115200) is a 16550A
[STDERR  ] 2019-01-21T21:51:02.177476439Z: [   11.763902] Non-volatile memory driver v1.3
[STDERR  ] 2019-01-21T21:51:02.177505168Z: [   11.772356] Hangcheck: starting hangcheck timer 0.9.1 (tick is 180 seconds, margin is 60 seconds).
[STDERR  ] 2019-01-21T21:51:02.177542762Z: [   11.781765] random: crng init done
[STDERR  ] 2019-01-21T21:51:02.177571472Z: [   11.863577] brd: module loaded
[STDERR  ] 2019-01-21T21:51:02.177607157Z: [   11.905846] loop: module loaded
[STDERR  ] 2019-01-21T21:51:02.177639720Z: [   11.986860] lpc_ich 0000:00:1f.0: I/O space for GPIO uninitialized
[STDERR  ] 2019-01-21T21:51:02.177668897Z: [   11.990251] VMware PVSCSI driver - version 1.0.7.0-k
[STDERR  ] 2019-01-21T21:51:02.177700405Z: [   11.991246] hv_vmbus: registering driver hv_storvsc
[STDERR  ] 2019-01-21T21:51:02.177729763Z: [   12.007724] PCI Interrupt Link [GSIA] enabled at IRQ 16
[STDERR  ] 2019-01-21T21:51:02.177756543Z: [   12.016784] ahci 0000:00:1f.2: AHCI 0001.0000 32 slots 6 ports 1.5 Gbps 0x3f impl SATA mode
[STDERR  ] 2019-01-21T21:51:02.177803298Z: [   12.017985] ahci 0000:00:1f.2: flags: 64bit ncq only 
[STDERR  ] 2019-01-21T21:51:02.177831889Z: [   12.039554] scsi host0: ahci
[STDERR  ] 2019-01-21T21:51:02.177860640Z: [   12.044330] scsi host1: ahci
[STDERR  ] 2019-01-21T21:51:02.177890715Z: [   12.046945] scsi host2: ahci
[STDERR  ] 2019-01-21T21:51:02.177919108Z: [   12.049660] scsi host3: ahci
[STDERR  ] 2019-01-21T21:51:02.177948196Z: [   12.052321] scsi host4: ahci
[STDERR  ] 2019-01-21T21:51:02.177980311Z: [   12.054756] scsi host5: ahci
[STDERR  ] 2019-01-21T21:51:02.178007158Z: [   12.056632] ata1: SATA max UDMA/133 abar m4096@0xfebd2000 port 0xfebd2100 irq 24
[STDERR  ] 2019-01-21T21:51:02.178033149Z: [   12.057517] ata2: SATA max UDMA/133 abar m4096@0xfebd2000 port 0xfebd2180 irq 24
[STDERR  ] 2019-01-21T21:51:02.178060357Z: [   12.058279] ata3: SATA max UDMA/133 abar m4096@0xfebd2000 port 0xfebd2200 irq 24
[STDERR  ] 2019-01-21T21:51:02.178086636Z: [   12.058914] ata4: SATA max UDMA/133 abar m4096@0xfebd2000 port 0xfebd2280 irq 24
[STDERR  ] 2019-01-21T21:51:02.178106963Z: [   12.059765] ata5: SATA max UDMA/133 abar m4096@0xfebd2000 port 0xfebd2300 irq 24
[STDERR  ] 2019-01-21T21:51:02.178132967Z: [   12.060561] ata6: SATA max UDMA/133 abar m4096@0xfebd2000 port 0xfebd2380 irq 24
[STDERR  ] 2019-01-21T21:51:02.178156673Z: [   12.079211] tun: Universal TUN/TAP device driver, 1.6
[STDERR  ] 2019-01-21T21:51:02.178187394Z: [   12.094779] VMware vmxnet3 virtual NIC driver - version 1.4.16.0-k-NAPI
[STDERR  ] 2019-01-21T21:51:02.178207175Z: [   12.096310] hv_vmbus: registering driver hv_netvsc
[STDERR  ] 2019-01-21T21:51:02.178227114Z: [   12.096865] Fusion MPT base driver 3.04.20
[STDERR  ] 2019-01-21T21:51:02.178314378Z: [   12.097504] Copyright (c) 1999-2008 LSI Corporation
[STDERR  ] 2019-01-21T21:51:02.178339132Z: [   12.098340] Fusion MPT SPI Host driver 3.04.20
[STDERR  ] 2019-01-21T21:51:02.178358493Z: [   12.101219] i8042: PNP: PS/2 Controller [PNP0303:KBD,PNP0f13:MOU] at 0x60,0x64 irq 1,12
[STDERR  ] 2019-01-21T21:51:02.178377918Z: [   12.106769] serio: i8042 KBD port at 0x60,0x64 irq 1
[STDERR  ] 2019-01-21T21:51:02.178397307Z: [   12.107914] serio: i8042 AUX port at 0x60,0x64 irq 12
[STDERR  ] 2019-01-21T21:51:02.178416423Z: [   12.111814] hv_vmbus: registering driver hyperv_keyboard
[STDERR  ] 2019-01-21T21:51:02.178435750Z: [   12.115380] mousedev: PS/2 mouse device common for all mice
[STDERR  ] 2019-01-21T21:51:02.178458940Z: [   12.122540] input: PC Speaker as /devices/platform/pcspkr/input/input2
[STDERR  ] 2019-01-21T21:51:02.178478175Z: [   12.124912] input: AT Translated Set 2 keyboard as /devices/platform/i8042/serio0/input/input1
[STDERR  ] 2019-01-21T21:51:02.178497925Z: [   12.129914] rtc_cmos 00:00: RTC can wake from S4
[STDERR  ] 2019-01-21T21:51:02.178517242Z: [   12.136921] rtc_cmos 00:00: registered as rtc0
[STDERR  ] 2019-01-21T21:51:02.178536075Z: [   12.138657] rtc_cmos 00:00: alarms up to one day, y3k, 114 bytes nvram, hpet irqs
[STDERR  ] 2019-01-21T21:51:02.178555501Z: [   12.139802] i2c /dev entries driver
[STDERR  ] 2019-01-21T21:51:02.178574538Z: [   12.142657] device-mapper: ioctl: 4.39.0-ioctl (2018-04-03) initialised: dm-devel@redhat.com
[STDERR  ] 2019-01-21T21:51:02.178597772Z: [   12.149883] usbcore: registered new interface driver usbhid
[STDERR  ] 2019-01-21T21:51:02.178616942Z: [   12.150647] usbhid: USB HID core driver
[STDERR  ] 2019-01-21T21:51:02.178636154Z: [   12.151639] hv_utils: Registering HyperV Utility Driver
[STDERR  ] 2019-01-21T21:51:02.178655311Z: [   12.152342] hv_vmbus: registering driver hv_util
[STDERR  ] 2019-01-21T21:51:02.178674255Z: [   12.152773] hv_vmbus: registering driver hv_balloon
[STDERR  ] 2019-01-21T21:51:02.178693621Z: [   12.153568] oprofile: using NMI interrupt.
[STDERR  ] 2019-01-21T21:51:02.178712844Z: [   12.155364] GACT probability on
[STDERR  ] 2019-01-21T21:51:02.178733025Z: [   12.155907] Mirror/redirect action on
[STDERR  ] 2019-01-21T21:51:02.178755108Z: [   12.156848] Simple TC action Loaded
[STDERR  ] 2019-01-21T21:51:02.178788831Z: [   12.157656] u32 classifier
[STDERR  ] 2019-01-21T21:51:02.178808261Z: [   12.157964]     Performance counters on
[STDERR  ] 2019-01-21T21:51:02.178827312Z: [   12.158551]     input device check on
[STDERR  ] 2019-01-21T21:51:02.178846214Z: [   12.158883]     Actions configured
[STDERR  ] 2019-01-21T21:51:02.178865262Z: [   12.173594] xt_time: kernel timezone is -0000
[STDERR  ] 2019-01-21T21:51:02.178888769Z: [   12.174954] IPVS: Registered protocols (TCP, UDP, SCTP, AH, ESP)
[STDERR  ] 2019-01-21T21:51:02.178908512Z: [   12.176408] IPVS: Connection hash table configured (size=4096, memory=64Kbytes)
[STDERR  ] 2019-01-21T21:51:02.178928127Z: [   12.182352] IPVS: ipvs loaded.
[STDERR  ] 2019-01-21T21:51:02.178947422Z: [   12.182875] IPVS: [rr] scheduler registered.
[STDERR  ] 2019-01-21T21:51:02.178966705Z: [   12.183636] IPVS: [wrr] scheduler registered.
[STDERR  ] 2019-01-21T21:51:02.178985699Z: [   12.184295] IPVS: [lc] scheduler registered.
[STDERR  ] 2019-01-21T21:51:02.179008788Z: [   12.184697] IPVS: [wlc] scheduler registered.
[STDERR  ] 2019-01-21T21:51:02.179028215Z: [   12.185400] IPVS: [fo] scheduler registered.
[STDERR  ] 2019-01-21T21:51:02.179048344Z: [   12.185916] IPVS: [ovf] scheduler registered.
[STDERR  ] 2019-01-21T21:51:02.179067207Z: [   12.186718] IPVS: [lblc] scheduler registered.
[STDERR  ] 2019-01-21T21:51:02.179090892Z: [   12.187428] IPVS: [lblcr] scheduler registered.
[STDERR  ] 2019-01-21T21:51:02.179115174Z: [   12.187882] IPVS: [dh] scheduler registered.
[STDERR  ] 2019-01-21T21:51:02.179137278Z: [   12.188367] IPVS: [sh] scheduler registered.
[STDERR  ] 2019-01-21T21:51:02.179156396Z: [   12.188781] IPVS: [mh] scheduler registered.
[STDERR  ] 2019-01-21T21:51:02.179175666Z: [   12.189377] IPVS: [sed] scheduler registered.
[STDERR  ] 2019-01-21T21:51:02.179194734Z: [   12.189784] IPVS: [nq] scheduler registered.
[STDERR  ] 2019-01-21T21:51:02.179214662Z: [   12.190774] IPVS: ftp: loaded support on port[0] = 21
[STDERR  ] 2019-01-21T21:51:02.179233691Z: [   12.191995] ipip: IPv4 and MPLS over IPv4 tunneling driver
[STDERR  ] 2019-01-21T21:51:02.179252745Z: [   12.197885] gre: GRE over IPv4 demultiplexor driver
[STDERR  ] 2019-01-21T21:51:02.179271797Z: [   12.206383] ipt_CLUSTERIP: ClusterIP Version 0.8 loaded successfully
[STDERR  ] 2019-01-21T21:51:02.179305738Z: [   12.210621] NET: Registered protocol family 10
[STDERR  ] 2019-01-21T21:51:02.179325021Z: [   12.223948] Segment Routing with IPv6
[STDERR  ] 2019-01-21T21:51:02.179355842Z: [   12.236590] NET: Registered protocol family 17
[STDERR  ] 2019-01-21T21:51:02.179383014Z: [   12.238267] Bridge firewalling registered
[STDERR  ] 2019-01-21T21:51:02.179402293Z: [   12.241516] 8021q: 802.1Q VLAN Support v1.8
[STDERR  ] 2019-01-21T21:51:02.179421674Z: [   12.243695] 9pnet: Installing 9P2000 support
[STDERR  ] 2019-01-21T21:51:02.179441001Z: [   12.245964] Key type dns_resolver registered
[STDERR  ] 2019-01-21T21:51:02.179470141Z: [   12.248008] sched_clock: Marking stable (12180623230, 66448415)->(12561272035, -314200390)
[STDERR  ] 2019-01-21T21:51:02.179494074Z: [   12.253441] registered taskstats version 1
[STDERR  ] 2019-01-21T21:51:02.179513445Z: [   12.383544] ata4: SATA link down (SStatus 0 SControl 300)
[STDERR  ] 2019-01-21T21:51:02.179532815Z: [   12.386420] ata3: SATA link up 1.5 Gbps (SStatus 113 SControl 300)
[STDERR  ] 2019-01-21T21:51:02.179552124Z: [   12.389696] ata2: SATA link down (SStatus 0 SControl 300)
[STDERR  ] 2019-01-21T21:51:02.179575317Z: [   12.390614] ata1: SATA link down (SStatus 0 SControl 300)
[STDERR  ] 2019-01-21T21:51:02.179597948Z: [   12.392286] ata6: SATA link down (SStatus 0 SControl 300)
[STDERR  ] 2019-01-21T21:51:02.179617156Z: [   12.394015] ata5: SATA link down (SStatus 0 SControl 300)
[STDERR  ] 2019-01-21T21:51:02.179639251Z: [   12.398308] ata3.00: ATAPI: QEMU DVD-ROM, 2.5+, max UDMA/100
[STDERR  ] 2019-01-21T21:51:02.179659091Z: [   12.399159] ata3.00: applying bridge limits
[STDERR  ] 2019-01-21T21:51:02.179678216Z: [   12.405865] ata3.00: configured for UDMA/100
[STDERR  ] 2019-01-21T21:51:02.179711362Z: [   12.442710] scsi 2:0:0:0: CD-ROM            QEMU     QEMU DVD-ROM     2.5+ PQ: 0 ANSI: 5
[STDERR  ] 2019-01-21T21:51:02.179730671Z: [   12.475879] sr 2:0:0:0: [sr0] scsi3-mmc drive: 4x/4x cd/rw xa/form2 tray
[STDERR  ] 2019-01-21T21:51:02.179750471Z: [   12.476971] cdrom: Uniform CD-ROM driver Revision: 3.20
[STDERR  ] 2019-01-21T21:51:02.179769729Z: [   12.498702] sr 2:0:0:0: Attached scsi generic sg0 type 5
[STDERR  ] 2019-01-21T21:51:02.179791157Z: [   12.541416] tsc: Refined TSC clocksource calibration: 2599.781 MHz
[STDERR  ] 2019-01-21T21:51:02.179814282Z: [   12.542489] clocksource: tsc: mask: 0xffffffffffffffff max_cycles: 0x25796d18783, max_idle_ns: 440795214571 ns
[STDERR  ] 2019-01-21T21:51:02.179834179Z: [   12.543910] clocksource: Switched to clocksource tsc
[STDERR  ] 2019-01-21T21:51:02.179853614Z: [   12.670427] Key type big_key registered
[STDERR  ] 2019-01-21T21:51:02.179872577Z: [   12.802644] Key type trusted registered
[STDERR  ] 2019-01-21T21:51:02.179891611Z: [   12.928985] Key type encrypted registered
[STDERR  ] 2019-01-21T21:51:02.179910979Z: [   12.938835] ima: No TPM chip found, activating TPM-bypass!
[STDERR  ] 2019-01-21T21:51:02.179930224Z: [   12.940042] ima: Allocated hash algorithm: sha256
[STDERR  ] 2019-01-21T21:51:02.179949213Z: [   12.944391] evm: Initialising EVM extended attributes:
[STDERR  ] 2019-01-21T21:51:02.179974357Z: [   12.944897] evm: security.ima
[STDERR  ] 2019-01-21T21:51:02.179994062Z: [   12.945384] evm: security.capability
[STDERR  ] 2019-01-21T21:51:02.180012785Z: [   12.945754] evm: HMAC attrs: 0x1
[STDERR  ] 2019-01-21T21:51:02.180032647Z: [   12.956001] rtc_cmos 00:00: setting system clock to 2019-01-21 21:50:28 UTC (1548107428)
[STDERR  ] 2019-01-21T21:51:02.180051979Z: [   13.163999] Freeing unused kernel image memory: 1588K
[STDERR  ] 2019-01-21T21:51:02.180071384Z: [   13.165647] Write protecting the kernel read-only data: 18432k
[STDERR  ] 2019-01-21T21:51:02.180090632Z: [   13.186314] Freeing unused kernel image memory: 2028K
[STDERR  ] 2019-01-21T21:51:02.180109815Z: [   13.195265] Freeing unused kernel image memory: 1044K
[STDERR  ] 2019-01-21T21:51:02.180131448Z: [   13.196533] Run /init as init process
[STDERR  ] 2019-01-21T21:51:02.180150489Z: 
[STDERR  ] 2019-01-21T21:51:02.180170800Z: Welcome to LinuxKit
[STDERR  ] 2019-01-21T21:51:02.180190831Z: 
[STDERR  ] 2019-01-21T21:51:02.180210138Z:                         ##         .
[STDERR  ] 2019-01-21T21:51:02.180230362Z:                   ## ## ##        ==
[STDERR  ] 2019-01-21T21:51:02.180249691Z:                ## ## ## ## ##    ===
[STDERR  ] 2019-01-21T21:51:02.180268817Z:            /"""""""""""""""""\___/ ===
[STDERR  ] 2019-01-21T21:51:02.180303016Z:           {                       /  ===-
[STDERR  ] 2019-01-21T21:51:02.180322242Z:            \______ O           __/
[STDERR  ] 2019-01-21T21:51:02.180341250Z:              \    \         __/
[STDERR  ] 2019-01-21T21:51:02.180360043Z:               \____\_______/
[STDERR  ] 2019-01-21T21:51:02.180378985Z: 
[STDERR  ] 2019-01-21T21:51:02.180399168Z: sysctl test suite PASSED
[STDERR  ] 2019-01-21T21:51:02.180419779Z: [   46.233422] ACPI: Preparing to enter system sleep state S5
[STDERR  ] 2019-01-21T21:51:02.180440141Z: [   46.235015] reboot: Power down
[STDERR  ] 2019-01-21T21:51:02.180459350Z: + echo [    0.000000] Linux version 4.19.16-linuxkit (root@86a7b772f7be) (gcc version 6.4.0 (Alpine 6.4.0)) #1 SMP Fri Jan 18 00:38:11 UTC 2019
[STDERR  ] 2019-01-21T21:51:02.180480599Z: [    0.000000] Command line: console=ttyS0 console=ttyAMA0
[STDERR  ] 2019-01-21T21:51:02.180503191Z: [    0.000000] x86/fpu: x87 FPU will use FXSAVE
[STDERR  ] 2019-01-21T21:51:02.180522128Z: [    0.000000] BIOS-provided physical RAM map:
[STDERR  ] 2019-01-21T21:51:02.180541284Z: [    0.000000] BIOS-e820: [mem 0x0000000000000000-0x000000000009fbff] usable
[STDERR  ] 2019-01-21T21:51:02.180560596Z: [    0.000000] BIOS-e820: [mem 0x000000000009fc00-0x000000000009ffff] reserved
[STDERR  ] 2019-01-21T21:51:02.180585460Z: [    0.000000] BIOS-e820: [mem 0x00000000000f0000-0x00000000000fffff] reserved
[STDERR  ] 2019-01-21T21:51:02.180604567Z: [    0.000000] BIOS-e820: [mem 0x0000000000100000-0x000000003ffdefff] usable
[STDERR  ] 2019-01-21T21:51:02.180624007Z: [    0.000000] BIOS-e820: [mem 0x000000003ffdf000-0x000000003fffffff] reserved
[STDERR  ] 2019-01-21T21:51:02.180643090Z: [    0.000000] BIOS-e820: [mem 0x00000000b0000000-0x00000000bfffffff] reserved
[STDERR  ] 2019-01-21T21:51:02.180662064Z: [    0.000000] BIOS-e820: [mem 0x00000000fed1c000-0x00000000fed1ffff] reserved
[STDERR  ] 2019-01-21T21:51:02.180681411Z: [    0.000000] BIOS-e820: [mem 0x00000000fffc0000-0x00000000ffffffff] reserved
[STDERR  ] 2019-01-21T21:51:02.180700594Z: [    0.000000] NX (Execute Disable) protection: active
[STDERR  ] 2019-01-21T21:51:02.180720915Z: [    0.000000] SMBIOS 2.8 present.
[STDERR  ] 2019-01-21T21:51:02.180740094Z: [    0.000000] DMI: QEMU Standard PC (Q35 + ICH9, 2009), BIOS rel-1.10.2-0-g5f4c7b1-prebuilt.qemu-project.org 04/01/2014
[STDERR  ] 2019-01-21T21:51:02.180759532Z: [    0.000000] tsc: Fast TSC calibration using PIT
[STDERR  ] 2019-01-21T21:51:02.180778826Z: [    0.000000] tsc: Detected 2599.780 MHz processor
[STDERR  ] 2019-01-21T21:51:02.180799366Z: [    0.064507] last_pfn = 0x3ffdf max_arch_pfn = 0x400000000
[STDERR  ] 2019-01-21T21:51:02.180818541Z: [    0.066190] x86/PAT: Configuration [0-7]: WB  WC  UC- UC  WB  WP  UC- WT  
[STDERR  ] 2019-01-21T21:51:02.180843020Z: [    0.128193] found SMP MP-table at [mem 0x000f6aa0-0x000f6aaf] mapped at [(____ptrval____)]
[STDERR  ] 2019-01-21T21:51:02.180864934Z: [    0.137655] RAMDISK: [mem 0x3e329000-0x3ffcffff]
[STDERR  ] 2019-01-21T21:51:02.180888900Z: [    0.138541] ACPI: Early table checksum verification disabled
[STDERR  ] 2019-01-21T21:51:02.180914285Z: [    0.140854] ACPI: RSDP 0x00000000000F68C0 000014 (v00 BOCHS )
[STDERR  ] 2019-01-21T21:51:02.180933663Z: [    0.141180] ACPI: RSDT 0x000000003FFE2404 000034 (v01 BOCHS  BXPCRSDT 00000001 BXPC 00000001)
[STDERR  ] 2019-01-21T21:51:02.180953205Z: [    0.142055] ACPI: FACP 0x000000003FFE22A4 000074 (v01 BOCHS  BXPCFACP 00000001 BXPC 00000001)
[STDERR  ] 2019-01-21T21:51:02.180972560Z: [    0.142933] ACPI: DSDT 0x000000003FFE0040 002264 (v01 BOCHS  BXPCDSDT 00000001 BXPC 00000001)
[STDERR  ] 2019-01-21T21:51:02.180991501Z: [    0.143077] ACPI: FACS 0x000000003FFE0000 000040
[STDERR  ] 2019-01-21T21:51:02.181010279Z: [    0.143198] ACPI: APIC 0x000000003FFE2318 000078 (v01 BOCHS  BXPCAPIC 00000001 BXPC 00000001)
[STDERR  ] 2019-01-21T21:51:02.181029426Z: [    0.143285] ACPI: HPET 0x000000003FFE2390 000038 (v01 BOCHS  BXPCHPET 00000001 BXPC 00000001)
[STDERR  ] 2019-01-21T21:51:02.181048739Z: [    0.143367] ACPI: MCFG 0x000000003FFE23C8 00003C (v01 BOCHS  BXPCMCFG 00000001 BXPC 00000001)
[STDERR  ] 2019-01-21T21:51:02.181068030Z: [    0.148093] Zone ranges:
[STDERR  ] 2019-01-21T21:51:02.181087101Z: [    0.148199]   DMA      [mem 0x0000000000001000-0x0000000000ffffff]
[STDERR  ] 2019-01-21T21:51:02.181109569Z: [    0.148280]   DMA32    [mem 0x0000000001000000-0x000000003ffdefff]
[STDERR  ] 2019-01-21T21:51:02.181128588Z: [    0.148319]   Normal   empty
[STDERR  ] 2019-01-21T21:51:02.181147466Z: [    0.148363]   Device   empty
[STDERR  ] 2019-01-21T21:51:02.181166344Z: [    0.148403] Movable zone start for each node
[STDERR  ] 2019-01-21T21:51:02.181185379Z: [    0.148461] Early memory node ranges
[STDERR  ] 2019-01-21T21:51:02.181204667Z: [    0.148515]   node   0: [mem 0x0000000000001000-0x000000000009efff]
[STDERR  ] 2019-01-21T21:51:02.181223690Z: [    0.148556]   node   0: [mem 0x0000000000100000-0x000000003ffdefff]
[STDERR  ] 2019-01-21T21:51:02.181242697Z: [    0.149385] Reserved but unavailable: 98 pages
[STDERR  ] 2019-01-21T21:51:02.181261782Z: [    0.149609] Initmem setup node 0 [mem 0x0000000000001000-0x000000003ffdefff]
[STDERR  ] 2019-01-21T21:51:02.181295665Z: [    0.235350] ACPI: PM-Timer IO Port: 0x608
[STDERR  ] 2019-01-21T21:51:02.181315261Z: [    0.236106] ACPI: LAPIC_NMI (acpi_id[0xff] dfl dfl lint[0x1])
[STDERR  ] 2019-01-21T21:51:02.181339540Z: [    0.236696] IOAPIC[0]: apic_id 0, version 32, address 0xfec00000, GSI 0-23
[STDERR  ] 2019-01-21T21:51:02.181359870Z: [    0.236917] ACPI: INT_SRC_OVR (bus 0 bus_irq 0 global_irq 2 dfl dfl)
[STDERR  ] 2019-01-21T21:51:02.181378995Z: [    0.237277] ACPI: INT_SRC_OVR (bus 0 bus_irq 5 global_irq 5 high level)
[STDERR  ] 2019-01-21T21:51:02.181397950Z: [    0.237340] ACPI: INT_SRC_OVR (bus 0 bus_irq 9 global_irq 9 high level)
[STDERR  ] 2019-01-21T21:51:02.181417279Z: [    0.237463] ACPI: INT_SRC_OVR (bus 0 bus_irq 10 global_irq 10 high level)
[STDERR  ] 2019-01-21T21:51:02.181437243Z: [    0.237496] ACPI: INT_SRC_OVR (bus 0 bus_irq 11 global_irq 11 high level)
[STDERR  ] 2019-01-21T21:51:02.181456752Z: [    0.238016] Using ACPI (MADT) for SMP configuration information
[STDERR  ] 2019-01-21T21:51:02.181475937Z: [    0.238096] ACPI: HPET id: 0x8086a201 base: 0xfed00000
[STDERR  ] 2019-01-21T21:51:02.181495462Z: [    0.238642] smpboot: Allowing 1 CPUs, 0 hotplug CPUs
[STDERR  ] 2019-01-21T21:51:02.181514677Z: [    0.239771] [mem 0x40000000-0xafffffff] available for PCI devices
[STDERR  ] 2019-01-21T21:51:02.181535756Z: [    0.239851] Booting paravirtualized kernel on bare hardware
[STDERR  ] 2019-01-21T21:51:02.181556188Z: [    0.240121] clocksource: refined-jiffies: mask: 0xffffffff max_cycles: 0xffffffff, max_idle_ns: 1910969940391419 ns
[STDERR  ] 2019-01-21T21:51:02.181580093Z: [    3.791484] random: get_random_bytes called from start_kernel+0x92/0x528 with crng_init=0
[STDERR  ] 2019-01-21T21:51:02.181600560Z: [    3.792581] setup_percpu: NR_CPUS:128 nr_cpumask_bits:128 nr_cpu_ids:1 nr_node_ids:1
[STDERR  ] 2019-01-21T21:51:02.181621836Z: [    3.801838] percpu: Embedded 45 pages/cpu @(____ptrval____) s145112 r8192 d31016 u2097152
[STDERR  ] 2019-01-21T21:51:02.181650119Z: [    3.805066] Built 1 zonelists, mobility grouping on.  Total pages: 257896
[STDERR  ] 2019-01-21T21:51:02.181673371Z: [    3.805370] Kernel command line: console=ttyS0 console=ttyAMA0
[STDERR  ] 2019-01-21T21:51:02.181700467Z: [    3.810176] Dentry cache hash table entries: 131072 (order: 8, 1048576 bytes)
[STDERR  ] 2019-01-21T21:51:02.181721828Z: [    3.811974] Inode-cache hash table entries: 65536 (order: 7, 524288 bytes)
[STDERR  ] 2019-01-21T21:51:02.181741352Z: [    3.907349] Memory: 973788K/1048052K available (12300K kernel code, 1579K rwdata, 3052K rodata, 1588K init, 1996K bss, 74264K reserved, 0K cma-reserved)
[STDERR  ] 2019-01-21T21:51:02.181761439Z: [    3.914507] ftrace: allocating 42970 entries in 168 pages
[STDERR  ] 2019-01-21T21:51:02.181784297Z: [    4.376019] rcu: Hierarchical RCU implementation.
[STDERR  ] 2019-01-21T21:51:02.181808020Z: [    4.376204] rcu: 	RCU restricting CPUs from NR_CPUS=128 to nr_cpu_ids=1.
[STDERR  ] 2019-01-21T21:51:02.181827491Z: [    4.376363] rcu: Adjusting geometry for rcu_fanout_leaf=16, nr_cpu_ids=1
[STDERR  ] 2019-01-21T21:51:02.181850116Z: [    4.437200] NR_IRQS: 8448, nr_irqs: 256, preallocated irqs: 16
[STDERR  ] 2019-01-21T21:51:02.181878905Z: [    4.451843] Console: colour VGA+ 80x25
[STDERR  ] 2019-01-21T21:51:02.181906170Z: [    4.490936] console [ttyS0] enabled
[STDERR  ] 2019-01-21T21:51:02.181929833Z: [    4.491808] ACPI: Core revision 20180810
[STDERR  ] 2019-01-21T21:51:02.181952635Z: [    4.500627] clocksource: hpet: mask: 0xffffffff max_cycles: 0xffffffff, max_idle_ns: 19112604467 ns
[STDERR  ] 2019-01-21T21:51:02.181984181Z: [    4.508151] APIC: Switch to symmetric I/O mode setup
[STDERR  ] 2019-01-21T21:51:02.182007564Z: [    4.517208] ..TIMER: vector=0x30 apic1=0 pin1=2 apic2=-1 pin2=-1
[STDERR  ] 2019-01-21T21:51:02.182037233Z: [    4.523431] clocksource: tsc-early: mask: 0xffffffffffffffff max_cycles: 0x25796c68edd, max_idle_ns: 440795244994 ns
[PASS    ] linuxkit.packages.sysctl 66.49s
[STDERR  ] 2019-01-21T21:51:02.182067584Z: [    4.527168] Calibrating delay loop (skipped), value calculated using timer frequency.. 5199.56 BogoMIPS (lpj=2599780)
[STDOUT  ] 2019-01-21T21:51:02.182095103Z: [    0.000000] Linux version 4.19.16-linuxkit (root@86a7b772f7be) (gcc version 6.4.0 (Alpine 6.4.0)) #1 SMP Fri Jan 18 00:38:11 UTC 2019
