[INFO    ] 2017-06-26T22:23:08.184034191Z: Running Test linuxkit.kernel.kmod_4.9.x in /tmp/build/test/cases/020_kernel/010_kmod_4.9.x
[INFO    ] 2017-06-26T22:23:08.184107906Z: Running command: [/bin/sh -x /tmp/build/test/cases/020_kernel/010_kmod_4.9.x/test.sh]
[STDERR  ] 2017-06-26T22:23:08.20858349Z: + set -e
[STDERR  ] 2017-06-26T22:23:08.208621689Z: + . /tmp/build/test/cases/_lib/lib.sh
[STDERR  ] 2017-06-26T22:23:08.208691935Z: + [ -f src/github.com/linuxkit/rtf/lib/lib.sh ]
[STDERR  ] 2017-06-26T22:23:08.208756739Z: + LINUXKIT_TMPDIR=/tmp/build/test/cases/_tmp
[STDERR  ] 2017-06-26T22:23:08.208790544Z: + [ -f /tmp/build/test/cases/_tmp/env.sh ]
[STDERR  ] 2017-06-26T22:23:08.208832198Z: + . /tmp/build/test/cases/_tmp/env.sh
[STDERR  ] 2017-06-26T22:23:08.208877263Z: + export LINUXKIT_EXAMPLES_DIR=/tmp/build/test/cases/../../examples
[STDERR  ] 2017-06-26T22:23:08.208899819Z: + export LINUXKIT_BLUEPRINTS_DIR=/tmp/build/test/cases/../../blueprints
[STDERR  ] 2017-06-26T22:23:08.208927954Z: + RT_CANCEL=253
[STDERR  ] 2017-06-26T22:23:08.208952397Z: + IMAGE_NAME=kmod-test
[STDERR  ] 2017-06-26T22:23:08.209053979Z: + trap clean_up EXIT
[STDERR  ] 2017-06-26T22:23:08.209080045Z: + docker pull linuxkit/kernel:4.9.x
[STDOUT  ] 2017-06-26T22:23:09.347204371Z: 4.9.x: Pulling from linuxkit/kernel
[STDOUT  ] 2017-06-26T22:23:09.347292672Z: Digest: sha256:14f5467dd92bc8955d46f4b4e108261922ad4c0c2e1abfce5b775d3c8fbb9610
[STDOUT  ] 2017-06-26T22:23:09.347365535Z: Status: Image is up to date for linuxkit/kernel:4.9.x
[STDERR  ] 2017-06-26T22:23:09.348206896Z: + docker build -t kmod-test .
[STDOUT  ] 2017-06-26T22:23:09.413098829Z: Sending build context to Docker daemon  9.216kB
[STDOUT  ] 2017-06-26T22:23:09.416784789Z: Step 1/11 : FROM linuxkit/kernel:4.9.x AS ksrc
[STDOUT  ] 2017-06-26T22:23:09.433452436Z:  ---> 80c9e5318257
[STDOUT  ] 2017-06-26T22:23:09.433505642Z: Step 2/11 : FROM linuxkit/kernel-compile:1b396c221af673757703258159ddc8539843b02b@sha256:6b32d205bfc6407568324337b707d195d027328dbfec554428ea93e7b0a8299b AS build
[STDOUT  ] 2017-06-26T22:23:10.507632586Z: 1b396c221af673757703258159ddc8539843b02b: Pulling from linuxkit/kernel-compile
[STDOUT  ] 2017-06-26T22:23:10.540581316Z: 627beaf3eaaf: Already exists
[STDOUT  ] 2017-06-26T22:23:10.613334269Z: 26dc4067def6: Pulling fs layer
[STDOUT  ] 2017-06-26T22:23:13.563972384Z: 26dc4067def6: Verifying Checksum
[STDOUT  ] 2017-06-26T22:23:13.565372028Z: 26dc4067def6: Download complete
[STDOUT  ] 2017-06-26T22:23:22.223026534Z: 26dc4067def6: Pull complete
[STDOUT  ] 2017-06-26T22:23:22.246907557Z: Digest: sha256:6b32d205bfc6407568324337b707d195d027328dbfec554428ea93e7b0a8299b
[STDOUT  ] 2017-06-26T22:23:22.255194582Z: Status: Downloaded newer image for linuxkit/kernel-compile:1b396c221af673757703258159ddc8539843b02b@sha256:6b32d205bfc6407568324337b707d195d027328dbfec554428ea93e7b0a8299b
[STDOUT  ] 2017-06-26T22:23:22.255591151Z:  ---> 261c60c4eb02
[STDOUT  ] 2017-06-26T22:23:22.255757295Z: Step 3/11 : COPY --from=ksrc /kernel-dev.tar /
[STDOUT  ] 2017-06-26T22:23:24.503540916Z:  ---> 833e826a1cb6
[STDOUT  ] 2017-06-26T22:23:24.615289283Z: Removing intermediate container 90e2ca5ca09d
[STDOUT  ] 2017-06-26T22:23:24.615429376Z: Step 4/11 : RUN tar xf kernel-dev.tar
[STDOUT  ] 2017-06-26T22:23:24.752844867Z:  ---> Running in cb82cb1740aa
[STDOUT  ] 2017-06-26T22:23:32.495282363Z:  ---> 8d30f6dbe3af
[STDOUT  ] 2017-06-26T22:23:32.865213985Z: Removing intermediate container cb82cb1740aa
[STDOUT  ] 2017-06-26T22:23:32.865356138Z: Step 5/11 : WORKDIR /kmod
[STDOUT  ] 2017-06-26T22:23:33.105552312Z:  ---> 4eefb7676bf6
[STDOUT  ] 2017-06-26T22:23:33.125092727Z: Removing intermediate container f17c5d85912a
[STDOUT  ] 2017-06-26T22:23:33.125240079Z: Step 6/11 : COPY ./src/* ./
[STDOUT  ] 2017-06-26T22:23:33.428129719Z:  ---> ba980e311555
[STDOUT  ] 2017-06-26T22:23:33.463966636Z: Removing intermediate container 7163f8bd15d1
[STDOUT  ] 2017-06-26T22:23:33.464078142Z: Step 7/11 : RUN make all
[STDOUT  ] 2017-06-26T22:23:33.594829635Z:  ---> Running in 98bd1a84edf2
[STDOUT  ] 2017-06-26T22:23:33.784921509Z: make -C /usr/src/linux-headers-4.9.33-linuxkit M=/kmod modules
[STDOUT  ] 2017-06-26T22:23:33.786104402Z: make[1]: Entering directory '/usr/src/linux-headers-4.9.33-linuxkit'
[STDOUT  ] 2017-06-26T22:23:34.838903587Z:   CC [M]  /kmod/hello_world.o
[STDOUT  ] 2017-06-26T22:23:35.12243576Z:   Building modules, stage 2.
[STDOUT  ] 2017-06-26T22:23:35.132622376Z:   MODPOST 1 modules
[STDOUT  ] 2017-06-26T22:23:35.148881383Z:   CC      /kmod/hello_world.mod.o
[STDOUT  ] 2017-06-26T22:23:35.337616766Z:   LD [M]  /kmod/hello_world.ko
[STDOUT  ] 2017-06-26T22:23:35.33991993Z: make[1]: Leaving directory '/usr/src/linux-headers-4.9.33-linuxkit'
[STDOUT  ] 2017-06-26T22:23:35.586177786Z:  ---> db837b77e344
[STDOUT  ] 2017-06-26T22:23:35.603994786Z: Removing intermediate container 98bd1a84edf2
[STDOUT  ] 2017-06-26T22:23:35.604150995Z: Step 8/11 : FROM alpine:3.5
[STDOUT  ] 2017-06-26T22:23:36.672250843Z: 3.5: Pulling from library/alpine
[STDOUT  ] 2017-06-26T22:23:36.672976273Z: c800c6a61b48: Pulling fs layer
[STDOUT  ] 2017-06-26T22:23:37.307875166Z: c800c6a61b48: Verifying Checksum
[STDOUT  ] 2017-06-26T22:23:37.308002061Z: c800c6a61b48: Download complete
[STDOUT  ] 2017-06-26T22:23:37.49565969Z: c800c6a61b48: Pull complete
[STDOUT  ] 2017-06-26T22:23:37.510882182Z: Digest: sha256:6e49be89a3c11e49f037f415819698c1feb8f92c478951f81998705b6e0c552b
[STDOUT  ] 2017-06-26T22:23:37.537292224Z: Status: Downloaded newer image for alpine:3.5
[STDOUT  ] 2017-06-26T22:23:37.537931257Z:  ---> 8b613b705735
[STDOUT  ] 2017-06-26T22:23:37.538098068Z: Step 9/11 : COPY --from=build /kmod/hello_world.ko /
[STDOUT  ] 2017-06-26T22:23:37.801098499Z:  ---> 4d1ef930f010
[STDOUT  ] 2017-06-26T22:23:37.813221363Z: Removing intermediate container 40f78e5e5879
[STDOUT  ] 2017-06-26T22:23:37.81336552Z: Step 10/11 : COPY check.sh /check.sh
[STDOUT  ] 2017-06-26T22:23:38.051594901Z:  ---> eefb79c7453a
[STDOUT  ] 2017-06-26T22:23:38.076715311Z: Removing intermediate container ad1d97ae1061
[STDOUT  ] 2017-06-26T22:23:38.076852972Z: Step 11/11 : ENTRYPOINT /bin/sh /check.sh
[STDOUT  ] 2017-06-26T22:23:38.26890357Z:  ---> Running in 3c2b3ca4f72b
[STDOUT  ] 2017-06-26T22:23:38.446017017Z:  ---> b668e1760c5b
[STDOUT  ] 2017-06-26T22:23:38.492884181Z: Removing intermediate container 3c2b3ca4f72b
[STDOUT  ] 2017-06-26T22:23:38.492984381Z: Successfully built b668e1760c5b
[STDOUT  ] 2017-06-26T22:23:38.516570572Z: Successfully tagged kmod-test:latest
[STDERR  ] 2017-06-26T22:23:38.543418217Z: + moby build -output kernel+initrd kmod.yml
[STDERR  ] 2017-06-26T22:23:38.552317891Z: Extract kernel image: linuxkit/kernel:4.9.x
[STDERR  ] 2017-06-26T22:23:40.276461745Z: Add init containers:
[STDERR  ] 2017-06-26T22:23:40.276550247Z: Process init image: linuxkit/init:17693d233dd009b2a3a8d23673cb85969e1dce80
[STDERR  ] 2017-06-26T22:23:41.567069727Z: Process init image: linuxkit/runc:3a4e6cbf15470f62501b019b55e1caac5ee7689f
[STDERR  ] 2017-06-26T22:23:42.950467158Z: Process init image: linuxkit/containerd:a33cdcf50b8107ffe14c92802c460fe7ada39acd
[STDERR  ] 2017-06-26T22:23:44.703769629Z: Add onboot containers:
[STDERR  ] 2017-06-26T22:23:44.703808062Z:   Create OCI config for kmod-test
[STDERR  ] 2017-06-26T22:23:44.905905187Z:   Create OCI config for linuxkit/poweroff:7404cf2295df89ccfa2dda41997a28307a90cf28
[STDERR  ] 2017-06-26T22:23:46.104352743Z: Create outputs:
[STDERR  ] 2017-06-26T22:23:56.219930744Z:   kmod-kernel kmod-initrd.img kmod-cmdline
[STDERR  ] 2017-06-26T22:23:56.275818107Z: + linuxkit run kmod
[STDERR  ] 2017-06-26T22:23:56.2911578Z: Unable to find qemu-system-x86_64 within the $PATH. Using a container
[STDERR  ] 2017-06-26T22:24:25.939546329Z: + RESULT=[    0.000000] Linux version 4.9.33-linuxkit (root@b147ce67977e) (gcc version 6.3.0 (Alpine 6.3.0) ) #1 SMP Thu Jun 22 19:57:24 UTC 2017
[STDERR  ] 2017-06-26T22:24:25.939559092Z: [    0.000000] Command line: console=ttyS0
[STDERR  ] 2017-06-26T22:24:25.939565175Z: [    0.000000] x86/fpu: Legacy x87 FPU detected.
[STDERR  ] 2017-06-26T22:24:25.939582178Z: [    0.000000] x86/fpu: Using 'eager' FPU context switches.
[STDERR  ] 2017-06-26T22:24:25.939601648Z: [    0.000000] e820: BIOS-provided physical RAM map:
[STDERR  ] 2017-06-26T22:24:25.939608588Z: [    0.000000] BIOS-e820: [mem 0x0000000000000000-0x000000000009fbff] usable
[STDERR  ] 2017-06-26T22:24:25.939614801Z: [    0.000000] BIOS-e820: [mem 0x000000000009fc00-0x000000000009ffff] reserved
[STDERR  ] 2017-06-26T22:24:25.939620178Z: [    0.000000] BIOS-e820: [mem 0x00000000000f0000-0x00000000000fffff] reserved
[STDERR  ] 2017-06-26T22:24:25.939623177Z: [    0.000000] BIOS-e820: [mem 0x0000000000100000-0x000000003ffdefff] usable
[STDERR  ] 2017-06-26T22:24:25.939635846Z: [    0.000000] BIOS-e820: [mem 0x000000003ffdf000-0x000000003fffffff] reserved
[STDERR  ] 2017-06-26T22:24:25.939643831Z: [    0.000000] BIOS-e820: [mem 0x00000000b0000000-0x00000000bfffffff] reserved
[STDERR  ] 2017-06-26T22:24:25.939649111Z: [    0.000000] BIOS-e820: [mem 0x00000000fed1c000-0x00000000fed1ffff] reserved
[STDERR  ] 2017-06-26T22:24:25.939651818Z: [    0.000000] BIOS-e820: [mem 0x00000000fffc0000-0x00000000ffffffff] reserved
[STDERR  ] 2017-06-26T22:24:25.939657366Z: [    0.000000] NX (Execute Disable) protection: active
[STDERR  ] 2017-06-26T22:24:25.939673096Z: [    0.000000] SMBIOS 2.8 present.
[STDERR  ] 2017-06-26T22:24:25.939678688Z: [    0.000000] e820: last_pfn = 0x3ffdf max_arch_pfn = 0x400000000
[STDERR  ] 2017-06-26T22:24:25.939684067Z: [    0.000000] x86/PAT: Configuration [0-7]: WB  WC  UC- UC  WB  WC  UC- WT  
[STDERR  ] 2017-06-26T22:24:25.939686758Z: [    0.000000] found SMP MP-table at [mem 0x000f6aa0-0x000f6aaf] mapped at [ffff928b000f6aa0]
[STDERR  ] 2017-06-26T22:24:25.939696471Z: [    0.000000] RAMDISK: [mem 0x3d6a4000-0x3ffcffff]
[STDERR  ] 2017-06-26T22:24:25.939699226Z: [    0.000000] ACPI: Early table checksum verification disabled
[STDERR  ] 2017-06-26T22:24:25.939707374Z: [    0.000000] ACPI: RSDP 0x00000000000F68C0 000014 (v00 BOCHS )
[STDERR  ] 2017-06-26T22:24:25.939712871Z: [    0.000000] ACPI: RSDT 0x000000003FFE2404 000034 (v01 BOCHS  BXPCRSDT 00000001 BXPC 00000001)
[STDERR  ] 2017-06-26T22:24:25.93971799Z: [    0.000000] ACPI: FACP 0x000000003FFE22A4 000074 (v01 BOCHS  BXPCFACP 00000001 BXPC 00000001)
[STDERR  ] 2017-06-26T22:24:25.93972316Z: [    0.000000] ACPI: DSDT 0x000000003FFE0040 002264 (v01 BOCHS  BXPCDSDT 00000001 BXPC 00000001)
[STDERR  ] 2017-06-26T22:24:25.93972593Z: [    0.000000] ACPI: FACS 0x000000003FFE0000 000040
[STDERR  ] 2017-06-26T22:24:25.939737375Z: [    0.000000] ACPI: APIC 0x000000003FFE2318 000078 (v01 BOCHS  BXPCAPIC 00000001 BXPC 00000001)
[STDERR  ] 2017-06-26T22:24:25.939747093Z: [    0.000000] ACPI: HPET 0x000000003FFE2390 000038 (v01 BOCHS  BXPCHPET 00000001 BXPC 00000001)
[STDERR  ] 2017-06-26T22:24:25.939749657Z: [    0.000000] ACPI: MCFG 0x000000003FFE23C8 00003C (v01 BOCHS  BXPCMCFG 00000001 BXPC 00000001)
[STDERR  ] 2017-06-26T22:24:25.939758607Z: [    0.000000] Zone ranges:
[STDERR  ] 2017-06-26T22:24:25.939763757Z: [    0.000000]   DMA      [mem 0x0000000000001000-0x0000000000ffffff]
[STDERR  ] 2017-06-26T22:24:25.939768637Z: [    0.000000]   DMA32    [mem 0x0000000001000000-0x000000003ffdefff]
[STDERR  ] 2017-06-26T22:24:25.939773805Z: [    0.000000]   Normal   empty
[STDERR  ] 2017-06-26T22:24:25.939778806Z: [    0.000000] Movable zone start for each node
[STDERR  ] 2017-06-26T22:24:25.939783716Z: [    0.000000] Early memory node ranges
[STDERR  ] 2017-06-26T22:24:25.939788656Z: [    0.000000]   node   0: [mem 0x0000000000001000-0x000000000009efff]
[STDERR  ] 2017-06-26T22:24:25.93979359Z: [    0.000000]   node   0: [mem 0x0000000000100000-0x000000003ffdefff]
[STDERR  ] 2017-06-26T22:24:25.939798427Z: [    0.000000] Initmem setup node 0 [mem 0x0000000000001000-0x000000003ffdefff]
[STDERR  ] 2017-06-26T22:24:25.939803546Z: [    0.000000] ACPI: PM-Timer IO Port: 0x608
[STDERR  ] 2017-06-26T22:24:25.939808477Z: [    0.000000] ACPI: LAPIC_NMI (acpi_id[0xff] dfl dfl lint[0x1])
[STDERR  ] 2017-06-26T22:24:25.93981343Z: [    0.000000] IOAPIC[0]: apic_id 0, version 32, address 0xfec00000, GSI 0-23
[STDERR  ] 2017-06-26T22:24:25.939815992Z: [    0.000000] ACPI: INT_SRC_OVR (bus 0 bus_irq 0 global_irq 2 dfl dfl)
[STDERR  ] 2017-06-26T22:24:25.939830946Z: [    0.000000] ACPI: INT_SRC_OVR (bus 0 bus_irq 5 global_irq 5 high level)
[STDERR  ] 2017-06-26T22:24:25.939833495Z: [    0.000000] ACPI: INT_SRC_OVR (bus 0 bus_irq 9 global_irq 9 high level)
[STDERR  ] 2017-06-26T22:24:25.939840755Z: [    0.000000] ACPI: INT_SRC_OVR (bus 0 bus_irq 10 global_irq 10 high level)
[STDERR  ] 2017-06-26T22:24:25.93984331Z: [    0.000000] ACPI: INT_SRC_OVR (bus 0 bus_irq 11 global_irq 11 high level)
[STDERR  ] 2017-06-26T22:24:25.939854635Z: [    0.000000] Using ACPI (MADT) for SMP configuration information
[STDERR  ] 2017-06-26T22:24:25.939865532Z: [    0.000000] ACPI: HPET id: 0x8086a201 base: 0xfed00000
[STDERR  ] 2017-06-26T22:24:25.939870441Z: [    0.000000] smpboot: Allowing 1 CPUs, 0 hotplug CPUs
[STDERR  ] 2017-06-26T22:24:25.939872881Z: [    0.000000] e820: [mem 0x40000000-0xafffffff] available for PCI devices
[STDERR  ] 2017-06-26T22:24:25.939880309Z: [    0.000000] Booting paravirtualized kernel on bare hardware
[STDERR  ] 2017-06-26T22:24:25.939889219Z: [    0.000000] clocksource: refined-jiffies: mask: 0xffffffff max_cycles: 0xffffffff, max_idle_ns: 19112604462750000 ns
[STDERR  ] 2017-06-26T22:24:25.939894714Z: [    0.000000] setup_percpu: NR_CPUS:128 nr_cpumask_bits:128 nr_cpu_ids:1 nr_node_ids:1
[STDERR  ] 2017-06-26T22:24:25.939897432Z: [    0.000000] percpu: Embedded 35 pages/cpu @ffff928b3d400000 s105112 r8192 d30056 u2097152
[STDERR  ] 2017-06-26T22:24:25.939902411Z: [    0.000000] Built 1 zonelists in Zone order, mobility grouping on.  Total pages: 257896
[STDERR  ] 2017-06-26T22:24:25.939909741Z: [    0.000000] Kernel command line: console=ttyS0
[STDERR  ] 2017-06-26T22:24:25.939914682Z: [    0.000000] PID hash table entries: 4096 (order: 3, 32768 bytes)
[STDERR  ] 2017-06-26T22:24:25.939919579Z: [    0.000000] Dentry cache hash table entries: 131072 (order: 8, 1048576 bytes)
[STDERR  ] 2017-06-26T22:24:25.939931932Z: [    0.000000] Inode-cache hash table entries: 65536 (order: 7, 524288 bytes)
[STDERR  ] 2017-06-26T22:24:25.939937826Z: [    0.000000] Memory: 972052K/1048052K available (8023K kernel code, 1336K rwdata, 2692K rodata, 1372K init, 564K bss, 76000K reserved, 0K cma-reserved)
[STDERR  ] 2017-06-26T22:24:25.939943309Z: [    0.000000] Hierarchical RCU implementation.
[STDERR  ] 2017-06-26T22:24:25.939948371Z: [    0.000000] 	Build-time adjustment of leaf fanout to 64.
[STDERR  ] 2017-06-26T22:24:25.939953529Z: [    0.000000] 	RCU restricting CPUs from NR_CPUS=128 to nr_cpu_ids=1.
[STDERR  ] 2017-06-26T22:24:25.939958489Z: [    0.000000] RCU: Adjusting geometry for rcu_fanout_leaf=64, nr_cpu_ids=1
[STDERR  ] 2017-06-26T22:24:25.939963505Z: [    0.000000] NR_IRQS:8448 nr_irqs:256 16
[STDERR  ] 2017-06-26T22:24:25.939968529Z: [    0.000000] Console: colour VGA+ 80x25
[STDERR  ] 2017-06-26T22:24:25.939973394Z: [    0.000000] console [ttyS0] enabled
[STDERR  ] 2017-06-26T22:24:25.939978774Z: [    0.000000] clocksource: hpet: mask: 0xffffffff max_cycles: 0xffffffff, max_idle_ns: 19112604467 ns
[STDERR  ] 2017-06-26T22:24:25.939981869Z: [    0.000000] tsc: Fast TSC calibration failed
[STDERR  ] 2017-06-26T22:24:25.939989119Z: [    0.000000] tsc: Unable to calibrate against PIT
[STDERR  ] 2017-06-26T22:24:25.939991585Z: [    0.000000] tsc: using HPET reference calibration
[STDERR  ] 2017-06-26T22:24:25.939999065Z: [    0.000000] tsc: Detected 2600.101 MHz processor
[STDERR  ] 2017-06-26T22:24:25.940004228Z: [    0.060819] Calibrating delay loop (skipped), value calculated using timer frequency.. 5200.20 BogoMIPS (lpj=26001010)
[STDERR  ] 2017-06-26T22:24:25.94000954Z: [    0.062743] pid_max: default: 32768 minimum: 301
[STDERR  ] 2017-06-26T22:24:25.940014378Z: [    0.064064] ACPI: Core revision 20160831
[STDERR  ] 2017-06-26T22:24:25.94001701Z: [    0.118850] ACPI: 1 ACPI AML tables successfully acquired and loaded
[STDERR  ] 2017-06-26T22:24:25.940021923Z: [    0.122933] Security Framework initialized
[STDERR  ] 2017-06-26T22:24:25.940033253Z: [    0.123732] Yama: becoming mindful.
[STDERR  ] 2017-06-26T22:24:25.940042411Z: [    0.125986] Mount-cache hash table entries: 2048 (order: 2, 16384 bytes)
[STDERR  ] 2017-06-26T22:24:25.940049624Z: [    0.126797] Mountpoint-cache hash table entries: 2048 (order: 2, 16384 bytes)
[STDERR  ] 2017-06-26T22:24:25.940057238Z: [    0.151418] Last level iTLB entries: 4KB 0, 2MB 0, 4MB 0
[STDERR  ] 2017-06-26T22:24:25.940062205Z: [    0.152377] Last level dTLB entries: 4KB 0, 2MB 0, 4MB 0, 1GB 0
[STDERR  ] 2017-06-26T22:24:25.940067068Z: [    0.481198] Freeing SMP alternatives memory: 20K (ffffffffb2ea7000 - ffffffffb2eac000)
[STDERR  ] 2017-06-26T22:24:25.940072023Z: [    0.491840] ftrace: allocating 35395 entries in 139 pages
[STDERR  ] 2017-06-26T22:24:25.940076871Z: [    0.667900] smpboot: Max logical packages: 1
[STDERR  ] 2017-06-26T22:24:25.940079463Z: [    0.680000] ..TIMER: vector=0x30 apic1=0 pin1=2 apic2=-1 pin2=-1
[STDERR  ] 2017-06-26T22:24:25.940084324Z: [    0.780000] smpboot: CPU0: AMD QEMU Virtual CPU version 2.5+ (family: 0x6, model: 0x6, stepping: 0x3)
[STDERR  ] 2017-06-26T22:24:25.940095128Z: [    0.780000] Performance Events: PMU not available due to virtualization, using software events only.
[STDERR  ] 2017-06-26T22:24:25.940098463Z: [    0.792635] NMI watchdog: disabled (cpu0): hardware events not enabled
[STDERR  ] 2017-06-26T22:24:25.940103223Z: [    0.793494] NMI watchdog: Shutting down hard lockup detector on all cpus
[STDERR  ] 2017-06-26T22:24:25.940111025Z: [    0.797166] x86: Booted up 1 node, 1 CPUs
[STDERR  ] 2017-06-26T22:24:25.94011918Z: [    0.797785] smpboot: Total of 1 processors activated (5200.20 BogoMIPS)
[STDERR  ] 2017-06-26T22:24:25.940124488Z: [    0.815715] devtmpfs: initialized
[STDERR  ] 2017-06-26T22:24:25.940129644Z: [    0.821792] x86/mm: Memory block size: 128MB
[STDERR  ] 2017-06-26T22:24:25.940134914Z: [    0.898287] clocksource: jiffies: mask: 0xffffffff max_cycles: 0xffffffff, max_idle_ns: 19112604462750000 ns
[STDERR  ] 2017-06-26T22:24:25.940143203Z: [    0.900386] futex hash table entries: 256 (order: 2, 16384 bytes)
[STDERR  ] 2017-06-26T22:24:25.940146049Z: [    0.912532] NET: Registered protocol family 16
[STDERR  ] 2017-06-26T22:24:25.940150914Z: [    0.926125] cpuidle: using governor ladder
[STDERR  ] 2017-06-26T22:24:25.94015846Z: [    0.927545] cpuidle: using governor menu
[STDERR  ] 2017-06-26T22:24:25.940166087Z: [    0.929761] ACPI: bus type PCI registered
[STDERR  ] 2017-06-26T22:24:25.94017316Z: [    0.934799] PCI: MMCONFIG for domain 0000 [bus 00-ff] at [mem 0xb0000000-0xbfffffff] (base 0xb0000000)
[STDERR  ] 2017-06-26T22:24:25.940178744Z: [    0.936147] PCI: MMCONFIG at [mem 0xb0000000-0xbfffffff] reserved in E820
[STDERR  ] 2017-06-26T22:24:25.940183799Z: [    0.937771] PCI: Using configuration type 1 for base access
[STDERR  ] 2017-06-26T22:24:25.940189024Z: [    1.005813] HugeTLB registered 2 MB page size, pre-allocated 0 pages
[STDERR  ] 2017-06-26T22:24:25.940196829Z: [    1.021223] ACPI: Added _OSI(Module Device)
[STDERR  ] 2017-06-26T22:24:25.940202267Z: [    1.021962] ACPI: Added _OSI(Processor Device)
[STDERR  ] 2017-06-26T22:24:25.940207293Z: [    1.022666] ACPI: Added _OSI(3.0 _SCP Extensions)
[STDERR  ] 2017-06-26T22:24:25.940212499Z: [    1.023154] ACPI: Added _OSI(Processor Aggregator Device)
[STDERR  ] 2017-06-26T22:24:25.94021756Z: [    1.127625] ACPI: Interpreter enabled
[STDERR  ] 2017-06-26T22:24:25.940222634Z: [    1.129041] ACPI: (supports S0 S5)
[STDERR  ] 2017-06-26T22:24:25.940227753Z: [    1.129541] ACPI: Using IOAPIC for interrupt routing
[STDERR  ] 2017-06-26T22:24:25.940235353Z: [    1.132103] PCI: Using host bridge windows from ACPI; if necessary, use "pci=nocrs" and report a bug
[STDERR  ] 2017-06-26T22:24:25.94023847Z: [    1.223224] ACPI: PCI Root Bridge [PCI0] (domain 0000 [bus 00-ff])
[STDERR  ] 2017-06-26T22:24:25.940246043Z: [    1.225537] acpi PNP0A08:00: _OSC: OS supports [ExtendedConfig ASPM ClockPM Segments MSI]
[STDERR  ] 2017-06-26T22:24:25.940248624Z: [    1.235746] acpi PNP0A08:00: _OSC: OS now controls [PCIeHotplug PME PCIeCapability]
[STDERR  ] 2017-06-26T22:24:25.940259517Z: [    1.242322] PCI host bridge to bus 0000:00
[STDERR  ] 2017-06-26T22:24:25.940264604Z: [    1.243365] pci_bus 0000:00: root bus resource [io  0x0000-0x0cf7 window]
[STDERR  ] 2017-06-26T22:24:25.940269716Z: [    1.244103] pci_bus 0000:00: root bus resource [io  0x0d00-0xffff window]
[STDERR  ] 2017-06-26T22:24:25.940279161Z: [    1.245122] pci_bus 0000:00: root bus resource [mem 0x000a0000-0x000bffff window]
[STDERR  ] 2017-06-26T22:24:25.940284163Z: [    1.246052] pci_bus 0000:00: root bus resource [mem 0xc0000000-0xfebfffff window]
[STDERR  ] 2017-06-26T22:24:25.940289318Z: [    1.247103] pci_bus 0000:00: root bus resource [bus 00-ff]
[STDERR  ] 2017-06-26T22:24:25.940294369Z: [    1.373401] pci 0000:00:1f.0: quirk: [io  0x0600-0x067f] claimed by ICH6 ACPI/GPIO/TCO
[STDERR  ] 2017-06-26T22:24:25.940299476Z: [    1.450959] ACPI: PCI Interrupt Link [LNKA] (IRQs 5 *10 11)
[STDERR  ] 2017-06-26T22:24:25.940304729Z: [    1.453746] ACPI: PCI Interrupt Link [LNKB] (IRQs 5 *10 11)
[STDERR  ] 2017-06-26T22:24:25.940310838Z: [    1.455931] ACPI: PCI Interrupt Link [LNKC] (IRQs 5 10 *11)
[STDERR  ] 2017-06-26T22:24:25.940321721Z: [    1.458071] ACPI: PCI Interrupt Link [LNKD] (IRQs 5 10 *11)
[STDERR  ] 2017-06-26T22:24:25.940326943Z: [    1.460631] ACPI: PCI Interrupt Link [LNKE] (IRQs 5 *10 11)
[STDERR  ] 2017-06-26T22:24:25.940329446Z: [    1.463761] ACPI: PCI Interrupt Link [LNKF] (IRQs 5 *10 11)
[STDERR  ] 2017-06-26T22:24:25.940346629Z: [    1.467288] ACPI: PCI Interrupt Link [LNKG] (IRQs 5 10 *11)
[STDERR  ] 2017-06-26T22:24:25.940352096Z: [    1.469796] ACPI: PCI Interrupt Link [LNKH] (IRQs 5 10 *11)
[STDERR  ] 2017-06-26T22:24:25.940357458Z: [    1.471067] ACPI: PCI Interrupt Link [GSIA] (IRQs *16)
[STDERR  ] 2017-06-26T22:24:25.940362409Z: [    1.472094] ACPI: PCI Interrupt Link [GSIB] (IRQs *17)
[STDERR  ] 2017-06-26T22:24:25.940367342Z: [    1.473048] ACPI: PCI Interrupt Link [GSIC] (IRQs *18)
[STDERR  ] 2017-06-26T22:24:25.940372588Z: [    1.473948] ACPI: PCI Interrupt Link [GSID] (IRQs *19)
[STDERR  ] 2017-06-26T22:24:25.940375401Z: [    1.474890] ACPI: PCI Interrupt Link [GSIE] (IRQs *20)
[STDERR  ] 2017-06-26T22:24:25.940380356Z: [    1.475796] ACPI: PCI Interrupt Link [GSIF] (IRQs *21)
[STDERR  ] 2017-06-26T22:24:25.940387942Z: [    1.476684] ACPI: PCI Interrupt Link [GSIG] (IRQs *22)
[STDERR  ] 2017-06-26T22:24:25.940392926Z: [    1.477558] ACPI: PCI Interrupt Link [GSIH] (IRQs *23)
[STDERR  ] 2017-06-26T22:24:25.940397829Z: [    1.482502] ACPI: Enabled 2 GPEs in block 00 to 3F
[STDERR  ] 2017-06-26T22:24:25.940402871Z: [    1.487516] SCSI subsystem initialized
[STDERR  ] 2017-06-26T22:24:25.940407875Z: [    1.490194] ACPI: bus type USB registered
[STDERR  ] 2017-06-26T22:24:25.940412695Z: [    1.491670] usbcore: registered new interface driver usbfs
[STDERR  ] 2017-06-26T22:24:25.940417652Z: [    1.492962] usbcore: registered new interface driver hub
[STDERR  ] 2017-06-26T22:24:25.94042239Z: [    1.494160] usbcore: registered new device driver usb
[STDERR  ] 2017-06-26T22:24:25.940431142Z: [    1.495648] pps_core: LinuxPPS API ver. 1 registered
[STDERR  ] 2017-06-26T22:24:25.940436628Z: [    1.496167] pps_core: Software ver. 5.3.6 - Copyright 2005-2007 Rodolfo Giometti <giometti@linux.it>
[STDERR  ] 2017-06-26T22:24:25.940441451Z: [    1.497431] PTP clock support registered
[STDERR  ] 2017-06-26T22:24:25.940446437Z: [    1.498989] wmi: Mapper loaded
[STDERR  ] 2017-06-26T22:24:25.94045125Z: [    1.500740] PCI: Using ACPI for IRQ routing
[STDERR  ] 2017-06-26T22:24:25.940456057Z: [    1.523111] NetLabel: Initializing
[STDERR  ] 2017-06-26T22:24:25.940460761Z: [    1.523680] NetLabel:  domain hash size = 128
[STDERR  ] 2017-06-26T22:24:25.940465581Z: [    1.524106] NetLabel:  protocols = UNLABELED CIPSOv4
[STDERR  ] 2017-06-26T22:24:25.940468128Z: [    1.526721] NetLabel:  unlabeled traffic allowed by default
[STDERR  ] 2017-06-26T22:24:25.940475362Z: [    1.528742] HPET: 3 timers in total, 0 timers will be used for per-cpu timer
[STDERR  ] 2017-06-26T22:24:25.940483938Z: [    1.530444] hpet0: at MMIO 0xfed00000, IRQs 2, 8, 0
[STDERR  ] 2017-06-26T22:24:25.94048749Z: [    1.531456] hpet0: 3 comparators, 64-bit 100.000000 MHz counter
[STDERR  ] 2017-06-26T22:24:25.94049486Z: [    1.538469] clocksource: Switched to clocksource hpet
[STDERR  ] 2017-06-26T22:24:25.940503877Z: [    1.890648] VFS: Disk quotas dquot_6.6.0
[STDERR  ] 2017-06-26T22:24:25.940509047Z: [    1.892359] VFS: Dquot-cache hash table entries: 512 (order 0, 4096 bytes)
[STDERR  ] 2017-06-26T22:24:25.940514068Z: [    1.896623] FS-Cache: Loaded
[STDERR  ] 2017-06-26T22:24:25.940519211Z: [    1.903524] CacheFiles: Loaded
[STDERR  ] 2017-06-26T22:24:25.940524285Z: [    1.905706] pnp: PnP ACPI init
[STDERR  ] 2017-06-26T22:24:25.940531082Z: [    1.920871] pnp: PnP ACPI: found 5 devices
[STDERR  ] 2017-06-26T22:24:25.940536041Z: [    1.979063] clocksource: acpi_pm: mask: 0xffffff max_cycles: 0xffffff, max_idle_ns: 2085701024 ns
[STDERR  ] 2017-06-26T22:24:25.940541001Z: [    1.983186] NET: Registered protocol family 2
[STDERR  ] 2017-06-26T22:24:25.940550694Z: [    1.993037] TCP established hash table entries: 8192 (order: 4, 65536 bytes)
[STDERR  ] 2017-06-26T22:24:25.940553434Z: [    1.994381] TCP bind hash table entries: 8192 (order: 5, 131072 bytes)
[STDERR  ] 2017-06-26T22:24:25.940560989Z: [    1.995408] TCP: Hash tables configured (established 8192 bind 8192)
[STDERR  ] 2017-06-26T22:24:25.94056597Z: [    1.997763] UDP hash table entries: 512 (order: 2, 16384 bytes)
[STDERR  ] 2017-06-26T22:24:25.940570954Z: [    1.998719] UDP-Lite hash table entries: 512 (order: 2, 16384 bytes)
[STDERR  ] 2017-06-26T22:24:25.940573444Z: [    2.001850] NET: Registered protocol family 1
[STDERR  ] 2017-06-26T22:24:25.940580921Z: [    2.003118] pci 0000:00:01.0: Video device with shadowed ROM at [mem 0x000c0000-0x000dffff]
[STDERR  ] 2017-06-26T22:24:25.940585979Z: [    2.015381] Unpacking initramfs...
[STDERR  ] 2017-06-26T22:24:25.940590979Z: [   11.826209] Freeing initrd memory: 42160K (ffff928b3d6a4000 - ffff928b3ffd0000)
[STDERR  ] 2017-06-26T22:24:25.940595916Z: [   11.864358] PCLMULQDQ-NI instructions are not detected.
[STDERR  ] 2017-06-26T22:24:25.94060081Z: [   11.866561] AVX or AES-NI instructions are not detected.
[STDERR  ] 2017-06-26T22:24:25.940605756Z: [   11.867525] CPU feature 'AVX registers' is not supported.
[STDERR  ] 2017-06-26T22:24:25.940610804Z: [   11.868359] CPU feature 'AVX registers' is not supported.
[STDERR  ] 2017-06-26T22:24:25.940620114Z: [   11.869168] CPU feature 'AVX registers' is not supported.
[STDERR  ] 2017-06-26T22:24:25.940628474Z: [   11.870094] CPU feature 'AVX registers' is not supported.
[STDERR  ] 2017-06-26T22:24:25.940642949Z: [   11.872148] AVX2 or AES-NI instructions are not detected.
[STDERR  ] 2017-06-26T22:24:25.940650794Z: [   11.872916] AVX2 instructions are not detected.
[STDERR  ] 2017-06-26T22:24:25.940659376Z: [   11.879695] audit: initializing netlink subsys (disabled)
[STDERR  ] 2017-06-26T22:24:25.940668014Z: [   11.882633] audit: type=2000 audit(1498515848.880:1): initialized
[STDERR  ] 2017-06-26T22:24:25.940676224Z: [   11.891028] workingset: timestamp_bits=46 max_order=18 bucket_order=0
[STDERR  ] 2017-06-26T22:24:25.940684523Z: [   11.897790] FS-Cache: Netfs 'cifs' registered for caching
[STDERR  ] 2017-06-26T22:24:25.940693555Z: [   11.899221] fuse init (API version 7.26)
[STDERR  ] 2017-06-26T22:24:25.940698033Z: [   11.902325] SGI XFS with ACLs, security attributes, no debug enabled
[STDERR  ] 2017-06-26T22:24:25.940706528Z: [   11.906483] 9p: Installing v9fs 9p2000 file system support
[STDERR  ] 2017-06-26T22:24:25.94072465Z: [   11.907370] FS-Cache: Netfs '9p' registered for caching
[STDERR  ] 2017-06-26T22:24:25.94072791Z: [   11.952470] NET: Registered protocol family 38
[STDERR  ] 2017-06-26T22:24:25.940732823Z: [   11.953639] Key type asymmetric registered
[STDERR  ] 2017-06-26T22:24:25.940740308Z: [   11.954116] Asymmetric key parser 'x509' registered
[STDERR  ] 2017-06-26T22:24:25.940745305Z: [   11.955530] Block layer SCSI generic (bsg) driver version 0.4 loaded (major 251)
[STDERR  ] 2017-06-26T22:24:25.940754648Z: [   11.957440] io scheduler noop registered
[STDERR  ] 2017-06-26T22:24:25.940759805Z: [   11.958124] io scheduler deadline registered (default)
[STDERR  ] 2017-06-26T22:24:25.940764766Z: [   11.959165] io scheduler cfq registered
[STDERR  ] 2017-06-26T22:24:25.940769709Z: [   11.963271] pci_hotplug: PCI Hot Plug PCI Core version: 0.5
[STDERR  ] 2017-06-26T22:24:25.940774758Z: [   11.964408] pciehp: PCI Express Hot Plug Controller Driver version: 0.4
[STDERR  ] 2017-06-26T22:24:25.940779758Z: [   11.965924] shpchp: Standard Hot Plug PCI Controller Driver version: 0.4
[STDERR  ] 2017-06-26T22:24:25.940782423Z: [   11.967159] hv_vmbus: registering driver hyperv_fb
[STDERR  ] 2017-06-26T22:24:25.940787299Z: [   11.972426] input: Power Button as /devices/LNXSYSTM:00/LNXPWRBN:00/input/input0
[STDERR  ] 2017-06-26T22:24:25.940794813Z: [   11.974014] ACPI: Power Button [PWRF]
[STDERR  ] 2017-06-26T22:24:25.940799868Z: [   11.979250] GHES: HEST is not enabled!
[STDERR  ] 2017-06-26T22:24:25.9408048Z: [   11.992136] ACPI: PCI Interrupt Link [GSIH] enabled at IRQ 23
[STDERR  ] 2017-06-26T22:24:25.940813243Z: [   11.999521] xenfs: not registering filesystem on non-xen platform
[STDERR  ] 2017-06-26T22:24:25.940815955Z: [   12.003443] Serial: 8250/16550 driver, 4 ports, IRQ sharing disabled
[STDERR  ] 2017-06-26T22:24:25.940824632Z: [   12.031534] 00:04: ttyS0 at I/O 0x3f8 (irq = 4, base_baud = 115200) is a 16550A
[STDERR  ] 2017-06-26T22:24:25.940832172Z: [   12.049673] Non-volatile memory driver v1.3
[STDERR  ] 2017-06-26T22:24:25.940837167Z: [   12.057055] Hangcheck: starting hangcheck timer 0.9.1 (tick is 180 seconds, margin is 60 seconds).
[STDERR  ] 2017-06-26T22:24:25.940842124Z: [   12.099956] loop: module loaded
[STDERR  ] 2017-06-26T22:24:25.940847175Z: [   12.116141] nbd: registered device at major 43
[STDERR  ] 2017-06-26T22:24:25.940849802Z: [   12.162008] lpc_ich 0000:00:1f.0: I/O space for GPIO uninitialized
[STDERR  ] 2017-06-26T22:24:25.940856995Z: [   12.164168] VMware PVSCSI driver - version 1.0.7.0-k
[STDERR  ] 2017-06-26T22:24:25.940861922Z: [   12.165183] hv_vmbus: registering driver hv_storvsc
[STDERR  ] 2017-06-26T22:24:25.940864555Z: [   12.175855] ACPI: PCI Interrupt Link [GSIA] enabled at IRQ 16
[STDERR  ] 2017-06-26T22:24:25.940871948Z: [   12.183827] ahci 0000:00:1f.2: AHCI 0001.0000 32 slots 6 ports 1.5 Gbps 0x3f impl SATA mode
[STDERR  ] 2017-06-26T22:24:25.940877144Z: [   12.185727] ahci 0000:00:1f.2: flags: 64bit ncq only 
[STDERR  ] 2017-06-26T22:24:25.940884859Z: [   12.211770] scsi host0: ahci
[STDERR  ] 2017-06-26T22:24:25.940889962Z: [   12.216885] scsi host1: ahci
[STDERR  ] 2017-06-26T22:24:25.940895032Z: [   12.219916] scsi host2: ahci
[STDERR  ] 2017-06-26T22:24:25.940899915Z: [   12.222855] scsi host3: ahci
[STDERR  ] 2017-06-26T22:24:25.940904972Z: [   12.225343] scsi host4: ahci
[STDERR  ] 2017-06-26T22:24:25.940909829Z: [   12.227690] scsi host5: ahci
[STDERR  ] 2017-06-26T22:24:25.940914845Z: [   12.229909] ata1: SATA max UDMA/133 abar m4096@0xfebf1000 port 0xfebf1100 irq 24
[STDERR  ] 2017-06-26T22:24:25.940917589Z: [   12.231425] ata2: SATA max UDMA/133 abar m4096@0xfebf1000 port 0xfebf1180 irq 24
[STDERR  ] 2017-06-26T22:24:25.940922317Z: [   12.232198] ata3: SATA max UDMA/133 abar m4096@0xfebf1000 port 0xfebf1200 irq 24
[STDERR  ] 2017-06-26T22:24:25.940929519Z: [   12.232985] ata4: SATA max UDMA/133 abar m4096@0xfebf1000 port 0xfebf1280 irq 24
[STDERR  ] 2017-06-26T22:24:25.940934359Z: [   12.233734] ata5: SATA max UDMA/133 abar m4096@0xfebf1000 port 0xfebf1300 irq 24
[STDERR  ] 2017-06-26T22:24:25.940940912Z: [   12.234417] ata6: SATA max UDMA/133 abar m4096@0xfebf1000 port 0xfebf1380 irq 24
[STDERR  ] 2017-06-26T22:24:25.940943442Z: [   12.249827] tun: Universal TUN/TAP device driver, 1.6
[STDERR  ] 2017-06-26T22:24:25.940952441Z: [   12.251507] tun: (C) 1999-2004 Max Krasnyansky <maxk@qualcomm.com>
[STDERR  ] 2017-06-26T22:24:25.940959787Z: [   12.254297] VMware vmxnet3 virtual NIC driver - version 1.4.a.0-k-NAPI
[STDERR  ] 2017-06-26T22:24:25.940968067Z: [   12.255633] hv_vmbus: registering driver hv_netvsc
[STDERR  ] 2017-06-26T22:24:25.940973066Z: [   12.256206] Fusion MPT base driver 3.04.20
[STDERR  ] 2017-06-26T22:24:25.940977938Z: [   12.256754] Copyright (c) 1999-2008 LSI Corporation
[STDERR  ] 2017-06-26T22:24:25.940982888Z: [   12.257598] Fusion MPT SPI Host driver 3.04.20
[STDERR  ] 2017-06-26T22:24:25.940985428Z: [   12.260622] i8042: PNP: PS/2 Controller [PNP0303:KBD,PNP0f13:MOU] at 0x60,0x64 irq 1,12
[STDERR  ] 2017-06-26T22:24:25.940990564Z: [   12.265389] serio: i8042 KBD port at 0x60,0x64 irq 1
[STDERR  ] 2017-06-26T22:24:25.940997908Z: [   12.266358] serio: i8042 AUX port at 0x60,0x64 irq 12
[STDERR  ] 2017-06-26T22:24:25.941002903Z: [   12.269773] hv_vmbus: registering driver hyperv_keyboard
[STDERR  ] 2017-06-26T22:24:25.941007931Z: [   12.272756] mousedev: PS/2 mouse device common for all mice
[STDERR  ] 2017-06-26T22:24:25.941014826Z: [   12.278782] input: AT Translated Set 2 keyboard as /devices/platform/i8042/serio0/input/input1
[STDERR  ] 2017-06-26T22:24:25.941024793Z: [   12.282455] input: PC Speaker as /devices/platform/pcspkr/input/input2
[STDERR  ] 2017-06-26T22:24:25.941035624Z: [   12.287641] rtc_cmos 00:00: RTC can wake from S4
[STDERR  ] 2017-06-26T22:24:25.941038276Z: [   12.292018] rtc_cmos 00:00: rtc core: registered rtc_cmos as rtc0
[STDERR  ] 2017-06-26T22:24:25.941043141Z: [   12.294528] rtc_cmos 00:00: alarms up to one day, y3k, 114 bytes nvram, hpet irqs
[STDERR  ] 2017-06-26T22:24:25.941050703Z: [   12.296274] i2c /dev entries driver
[STDERR  ] 2017-06-26T22:24:25.941060253Z: [   12.299638] device-mapper: ioctl: 4.35.0-ioctl (2016-06-23) initialised: dm-devel@redhat.com
[STDERR  ] 2017-06-26T22:24:25.941065298Z: [   12.306631] usbcore: registered new interface driver usbhid
[STDERR  ] 2017-06-26T22:24:25.941070334Z: [   12.307313] usbhid: USB HID core driver
[STDERR  ] 2017-06-26T22:24:25.941075301Z: [   12.308235] hv_utils: Registering HyperV Utility Driver
[STDERR  ] 2017-06-26T22:24:25.941080406Z: [   12.308854] hv_vmbus: registering driver hv_util
[STDERR  ] 2017-06-26T22:24:25.941085513Z: [   12.309307] hv_vmbus: registering driver hv_balloon
[STDERR  ] 2017-06-26T22:24:25.941088257Z: [   12.310794] oprofile: using NMI interrupt.
[STDERR  ] 2017-06-26T22:24:25.94109304Z: [   12.312179] GACT probability on
[STDERR  ] 2017-06-26T22:24:25.941106415Z: [   12.312879] Mirror/redirect action on
[STDERR  ] 2017-06-26T22:24:25.941109067Z: [   12.313920] Simple TC action Loaded
[STDERR  ] 2017-06-26T22:24:25.94111644Z: [   12.314703] u32 classifier
[STDERR  ] 2017-06-26T22:24:25.941119013Z: [   12.315008]     Performance counters on
[STDERR  ] 2017-06-26T22:24:25.941126595Z: [   12.315397]     input device check on
[STDERR  ] 2017-06-26T22:24:25.941131605Z: [   12.315782]     Actions configured
[STDERR  ] 2017-06-26T22:24:25.94113658Z: [   12.316529] Netfilter messages via NETLINK v0.30.
[STDERR  ] 2017-06-26T22:24:25.941141765Z: [   12.317354] nfnl_acct: registering with nfnetlink.
[STDERR  ] 2017-06-26T22:24:25.941146723Z: [   12.319480] nf_conntrack version 0.5.0 (8192 buckets, 32768 max)
[STDERR  ] 2017-06-26T22:24:25.941151705Z: [   12.324142] ctnetlink v0.93: registering with nfnetlink.
[STDERR  ] 2017-06-26T22:24:25.94115664Z: [   12.328123] nf_tables: (c) 2007-2009 Patrick McHardy <kaber@trash.net>
[STDERR  ] 2017-06-26T22:24:25.941161537Z: [   12.329466] nf_tables_compat: (c) 2012 Pablo Neira Ayuso <pablo@netfilter.org>
[STDERR  ] 2017-06-26T22:24:25.94116639Z: [   12.333006] xt_time: kernel timezone is -0000
[STDERR  ] 2017-06-26T22:24:25.941169045Z: [   12.334256] ip_set: protocol 6
[STDERR  ] 2017-06-26T22:24:25.94117381Z: [   12.335251] IPVS: Registered protocols (TCP, UDP, SCTP, AH, ESP)
[STDERR  ] 2017-06-26T22:24:25.941181015Z: [   12.336231] IPVS: Connection hash table configured (size=4096, memory=64Kbytes)
[STDERR  ] 2017-06-26T22:24:25.941185915Z: [   12.338381] IPVS: Creating netns size=2104 id=0
[STDERR  ] 2017-06-26T22:24:25.941190932Z: [   12.339740] IPVS: ipvs loaded.
[STDERR  ] 2017-06-26T22:24:25.941198967Z: [   12.340887] IPVS: [rr] scheduler registered.
[STDERR  ] 2017-06-26T22:24:25.941203827Z: [   12.341474] IPVS: [wrr] scheduler registered.
[STDERR  ] 2017-06-26T22:24:25.941206453Z: [   12.342011] IPVS: [lc] scheduler registered.
[STDERR  ] 2017-06-26T22:24:25.941211136Z: [   12.342434] IPVS: [wlc] scheduler registered.
[STDERR  ] 2017-06-26T22:24:25.941219435Z: [   12.342909] IPVS: [fo] scheduler registered.
[STDERR  ] 2017-06-26T22:24:25.941224296Z: [   12.343350] IPVS: [ovf] scheduler registered.
[STDERR  ] 2017-06-26T22:24:25.941229279Z: [   12.344118] IPVS: [lblc] scheduler registered.
[STDERR  ] 2017-06-26T22:24:25.941231909Z: [   12.344805] IPVS: [lblcr] scheduler registered.
[STDERR  ] 2017-06-26T22:24:25.941240519Z: [   12.345288] IPVS: [dh] scheduler registered.
[STDERR  ] 2017-06-26T22:24:25.941252076Z: [   12.345795] IPVS: [sh] scheduler registered.
[STDERR  ] 2017-06-26T22:24:25.941257311Z: [   12.346263] IPVS: [sed] scheduler registered.
[STDERR  ] 2017-06-26T22:24:25.941262189Z: [   12.346762] IPVS: [nq] scheduler registered.
[STDERR  ] 2017-06-26T22:24:25.941270149Z: [   12.347776] IPVS: ftp: loaded support on port[0] = 21
[STDERR  ] 2017-06-26T22:24:25.941272992Z: [   12.349019] ipip: IPv4 and MPLS over IPv4 tunneling driver
[STDERR  ] 2017-06-26T22:24:25.941277911Z: [   12.354655] gre: GRE over IPv4 demultiplexor driver
[STDERR  ] 2017-06-26T22:24:25.941285365Z: [   12.357812] ip_tables: (C) 2000-2006 Netfilter Core Team
[STDERR  ] 2017-06-26T22:24:25.941287854Z: [   12.362231] ipt_CLUSTERIP: ClusterIP Version 0.8 loaded successfully
[STDERR  ] 2017-06-26T22:24:25.941297702Z: [   12.363541] arp_tables: arp_tables: (C) 2002 David S. Miller
[STDERR  ] 2017-06-26T22:24:25.941305484Z: [   12.366015] NET: Registered protocol family 10
[STDERR  ] 2017-06-26T22:24:25.941310619Z: [   12.375706] ip6_tables: (C) 2000-2006 Netfilter Core Team
[STDERR  ] 2017-06-26T22:24:25.941313286Z: [   12.383889] NET: Registered protocol family 17
[STDERR  ] 2017-06-26T22:24:25.941320712Z: [   12.385374] Bridge firewalling registered
[STDERR  ] 2017-06-26T22:24:25.941323252Z: [   12.386458] Ebtables v2.0 registered
[STDERR  ] 2017-06-26T22:24:25.941330926Z: [   12.388557] 8021q: 802.1Q VLAN Support v1.8
[STDERR  ] 2017-06-26T22:24:25.941342895Z: [   12.390596] 9pnet: Installing 9P2000 support
[STDERR  ] 2017-06-26T22:24:25.941348392Z: [   12.392406] Key type dns_resolver registered
[STDERR  ] 2017-06-26T22:24:25.941354889Z: [   12.394016] microcode: AMD CPU family 0x6 not supported
[STDERR  ] 2017-06-26T22:24:25.941359929Z: [   12.398785] registered taskstats version 1
[STDERR  ] 2017-06-26T22:24:25.941364974Z: [   12.585149] ata5: SATA link down (SStatus 0 SControl 300)
[STDERR  ] 2017-06-26T22:24:25.941370063Z: [   12.587804] ata4: SATA link down (SStatus 0 SControl 300)
[STDERR  ] 2017-06-26T22:24:25.94137263Z: [   12.588926] ata3: SATA link up 1.5 Gbps (SStatus 113 SControl 300)
[STDERR  ] 2017-06-26T22:24:25.941377575Z: [   12.591849] ata2: SATA link down (SStatus 0 SControl 300)
[STDERR  ] 2017-06-26T22:24:25.941389305Z: [   12.592765] ata1: SATA link down (SStatus 0 SControl 300)
[STDERR  ] 2017-06-26T22:24:25.941391908Z: [   12.593532] ata6: SATA link down (SStatus 0 SControl 300)
[STDERR  ] 2017-06-26T22:24:25.941396874Z: [   12.596470] ata3.00: ATAPI: QEMU DVD-ROM, 2.5+, max UDMA/100
[STDERR  ] 2017-06-26T22:24:25.941404348Z: [   12.597341] ata3.00: applying bridge limits
[STDERR  ] 2017-06-26T22:24:25.94140699Z: [   12.599808] ata3.00: configured for UDMA/100
[STDERR  ] 2017-06-26T22:24:25.941411994Z: [   12.615007] scsi 2:0:0:0: CD-ROM            QEMU     QEMU DVD-ROM     2.5+ PQ: 0 ANSI: 5
[STDERR  ] 2017-06-26T22:24:25.941419763Z: [   12.644477] sr 2:0:0:0: [sr0] scsi3-mmc drive: 4x/4x cd/rw xa/form2 tray
[STDERR  ] 2017-06-26T22:24:25.941424803Z: [   12.645834] cdrom: Uniform CD-ROM driver Revision: 3.20
[STDERR  ] 2017-06-26T22:24:25.941429853Z: [   12.673229] sr 2:0:0:0: Attached scsi generic sg0 type 5
[STDERR  ] 2017-06-26T22:24:25.941434835Z: [   12.695691] Key type big_key registered
[STDERR  ] 2017-06-26T22:24:25.941443161Z: [   12.783372] Key type encrypted registered
[STDERR  ] 2017-06-26T22:24:25.941448235Z: [   12.791826] rtc_cmos 00:00: setting system clock to 2017-06-26 22:24:10 UTC (1498515850)
[STDERR  ] 2017-06-26T22:24:25.941453313Z: [   13.058817] Freeing unused kernel memory: 1372K (ffffffffb2d50000 - ffffffffb2ea7000)
[STDERR  ] 2017-06-26T22:24:25.941455844Z: [   13.061097] Write protecting the kernel read-only data: 12288k
[STDERR  ] 2017-06-26T22:24:25.941460695Z: [   13.064015] tsc: Refined TSC clocksource calibration: 2600.021 MHz
[STDERR  ] 2017-06-26T22:24:25.941469841Z: [   13.065491] clocksource: tsc: mask: 0xffffffffffffffff max_cycles: 0x257a5015c68, max_idle_ns: 440795275423 ns
[STDERR  ] 2017-06-26T22:24:25.94163338Z: [   13.075394] Freeing unused kernel memory: 156K (ffff928b377d9000 - ffff928b37800000)
[STDERR  ] 2017-06-26T22:24:25.941642366Z: [   13.226714] Freeing unused kernel memory: 1404K (ffff928b37aa1000 - ffff928b37c00000)
[STDERR  ] 2017-06-26T22:24:25.941647746Z: [   14.081713] clocksource: Switched to clocksource tsc
[STDERR  ] 2017-06-26T22:24:25.941657726Z: [   19.549071] e1000: Intel(R) PRO/1000 Network Driver - version 7.3.21-k8-NAPI
[STDERR  ] 2017-06-26T22:24:25.941663146Z: [   19.549954] e1000: Copyright (c) 1999-2006 Intel Corporation.
[STDERR  ] 2017-06-26T22:24:25.941668532Z: [   19.567583] ACPI: PCI Interrupt Link [GSIG] enabled at IRQ 22
[STDERR  ] 2017-06-26T22:24:25.941673576Z: [   19.940053] e1000 0000:00:02.0 eth0: (PCI:33MHz:32-bit) 52:54:00:12:34:56
[STDERR  ] 2017-06-26T22:24:25.941678578Z: [   19.941495] e1000 0000:00:02.0 eth0: Intel(R) PRO/1000 Network Connection
[STDERR  ] 2017-06-26T22:24:25.941683622Z: 
[STDERR  ] 2017-06-26T22:24:25.941688758Z: Starting containerd
[STDERR  ] 2017-06-26T22:24:25.941706362Z: [   20.426161] random: fast init done
[STDERR  ] 2017-06-26T22:24:25.941716228Z: 
[STDERR  ] 2017-06-26T22:24:25.941721556Z: Welcome to LinuxKit
[STDERR  ] 2017-06-26T22:24:25.941726536Z: 
[STDERR  ] 2017-06-26T22:24:25.941732528Z:                         ##         .
[STDERR  ] 2017-06-26T22:24:25.941737786Z:                   ## ## ##        ==
[STDERR  ] 2017-06-26T22:24:25.941742766Z:                ## ## ## ## ##    ===
[STDERR  ] 2017-06-26T22:24:25.941747852Z:            /"""""""""""""""""\___/ ===
[STDERR  ] 2017-06-26T22:24:25.941752961Z:       ~~~ {~~ ~~~~ ~~~ ~~~~ ~~~ ~ /  ===- ~~~
[STDERR  ] 2017-06-26T22:24:25.941757089Z:            \______ o           __/
[STDERR  ] 2017-06-26T22:24:25.941761971Z:              \    \         __/
[STDERR  ] 2017-06-26T22:24:25.941788305Z:               \____\_______/
[STDERR  ] 2017-06-26T22:24:25.941797335Z: 
[STDERR  ] 2017-06-26T22:24:25.941805515Z: [34mINFO[0m[0000] starting containerd boot...                   [34mmodule[0m=containerd
[STDERR  ] 2017-06-26T22:24:25.941815202Z: [34mINFO[0m[0000] loading plugin "io.containerd.content.v1.content"...  [34mmodule[0m=containerd [34mtype[0m=io.containerd.content.v1
[STDERR  ] 2017-06-26T22:24:25.941824625Z: [34mINFO[0m[0000] skip loading plugin "io.containerd.snapshotter.v1.btrfs"...  [34mmodule[0m=containerd [34mtype[0m=io.containerd.snapshotter.v1
[STDERR  ] 2017-06-26T22:24:25.941834477Z: [34mINFO[0m[0000] loading plugin "io.containerd.snapshotter.v1.overlayfs"...  [34mmodule[0m=containerd [34mtype[0m=io.containerd.snapshotter.v1
[STDERR  ] 2017-06-26T22:24:25.941843521Z: [34mINFO[0m[0000] loading plugin "io.containerd.differ.v1.base-diff"...  [34mmodule[0m=containerd [34mtype[0m=io.containerd.differ.v1
[STDERR  ] 2017-06-26T22:24:25.941859412Z: [34mINFO[0m[0000] loading plugin "io.containerd.metadata.v1.bolt"...  [34mmodule[0m=containerd [34mtype[0m=io.containerd.metadata.v1
[STDERR  ] 2017-06-26T22:24:25.941872078Z: [34mINFO[0m[0000] loading plugin "io.containerd.grpc.v1.containers"...  [34mmodule[0m=containerd [34mtype[0m=io.containerd.grpc.v1
[STDERR  ] 2017-06-26T22:24:25.941877615Z: [34mINFO[0m[0000] loading plugin "io.containerd.grpc.v1.content"...  [34mmodule[0m=containerd [34mtype[0m=io.containerd.grpc.v1
[STDERR  ] 2017-06-26T22:24:25.941887777Z: [34mINFO[0m[0000] loading plugin "io.containerd.grpc.v1.diff"...  [34mmodule[0m=containerd [34mtype[0m=io.containerd.grpc.v1
[STDERR  ] 2017-06-26T22:24:25.94189082Z: [34mINFO[0m[0000] loading plugin "io.containerd.grpc.v1.events"...  [34mmodule[0m=containerd [34mtype[0m=io.containerd.grpc.v1
[STDERR  ] 2017-06-26T22:24:25.94189859Z: [34mINFO[0m[0000] loading plugin "io.containerd.grpc.v1.healthcheck"...  [34mmodule[0m=containerd [34mtype[0m=io.containerd.grpc.v1
[STDERR  ] 2017-06-26T22:24:25.941906875Z: [34mINFO[0m[0000] loading plugin "io.containerd.grpc.v1.images"...  [34mmodule[0m=containerd [34mtype[0m=io.containerd.grpc.v1
[STDERR  ] 2017-06-26T22:24:25.941914385Z: [34mINFO[0m[0000] loading plugin "io.containerd.grpc.v1.namespaces"...  [34mmodule[0m=containerd [34mtype[0m=io.containerd.grpc.v1
[STDERR  ] 2017-06-26T22:24:25.941922109Z: [34mINFO[0m[0000] loading plugin "io.containerd.grpc.v1.snapshots"...  [34mmodule[0m=containerd [34mtype[0m=io.containerd.grpc.v1
[STDERR  ] 2017-06-26T22:24:25.941939364Z: [34mINFO[0m[0000] loading plugin "io.containerd.monitor.v1.cgroups"...  [34mmodule[0m=containerd [34mtype[0m=io.containerd.monitor.v1
[STDERR  ] 2017-06-26T22:24:25.941945594Z: [34mINFO[0m[0000] loading plugin "io.containerd.runtime.v1.linux"...  [34mmodule[0m=containerd [34mtype[0m=io.containerd.runtime.v1
[STDERR  ] 2017-06-26T22:24:25.941956194Z: [34mINFO[0m[0000] loading plugin "io.containerd.grpc.v1.tasks"...  [34mmodule[0m=containerd [34mtype[0m=io.containerd.grpc.v1
[STDERR  ] 2017-06-26T22:24:25.94196155Z: [34mINFO[0m[0000] loading plugin "io.containerd.grpc.v1.version"...  [34mmodule[0m=containerd [34mtype[0m=io.containerd.grpc.v1
[STDERR  ] 2017-06-26T22:24:25.941967029Z: [34mINFO[0m[0000] serving...                                    [34maddress[0m="/run/containerd/debug.sock" [34mmodule[0m="containerd/debug"
[STDERR  ] 2017-06-26T22:24:25.941970154Z: [34mINFO[0m[0000] serving...                                    [34maddress[0m="/run/containerd/containerd.sock" [34mmodule[0m="containerd/grpc"
[STDERR  ] 2017-06-26T22:24:25.941979464Z: [34mINFO[0m[0000] containerd successfully booted in 0.299328s   [34mmodule[0m=containerd
[STDERR  ] 2017-06-26T22:24:25.94198459Z: Linux linuxkit-525400123456 4.9.33-linuxkit #1 SMP Thu Jun 22 19:57:24 UTC 2017 x86_64 Linux
[STDERR  ] 2017-06-26T22:24:25.941987194Z: filename:       hello_world.ko
[STDERR  ] 2017-06-26T22:24:25.941994981Z: author:         Rolf Neugebauer <rolf.neugebauer@docker.com>
[STDERR  ] 2017-06-26T22:24:25.94200005Z: description:    A simple Hello World kernel module for testing
[STDERR  ] 2017-06-26T22:24:25.94201325Z: license:        GPL
[STDERR  ] 2017-06-26T22:24:25.9420193Z: depends:        
[STDERR  ] 2017-06-26T22:24:25.942024424Z: vermagic:       4.9.33-linuxkit SMP mod_unload 
[STDERR  ] 2017-06-26T22:24:25.942027136Z: [   22.656933] hello_world: loading out-of-tree module taints kernel.
[STDERR  ] 2017-06-26T22:24:25.942032141Z: [   22.659919] Hello LinuxKit
[STDERR  ] 2017-06-26T22:24:25.942039814Z: [   22.767786] Goodbye LinuxKit.
[STDERR  ] 2017-06-26T22:24:25.942044927Z: Kernel module test suite PASSED
[STDERR  ] 2017-06-26T22:24:25.94204999Z:  - 000-check
[STDERR  ] 2017-06-26T22:24:25.942054988Z: [   27.089521] ACPI: Preparing to enter system sleep state S5
[STDERR  ] 2017-06-26T22:24:25.94206007Z: [   27.091756] reboot: Power down
[STDERR  ] 2017-06-26T22:24:25.942315078Z: + grep -q Hello LinuxKit
[STDERR  ] 2017-06-26T22:24:25.943658402Z: + echo [    0.000000] Linux version 4.9.33-linuxkit (root@b147ce67977e) (gcc version 6.3.0 (Alpine 6.3.0) ) #1 SMP Thu Jun 22 19:57:24 UTC 2017
[STDERR  ] 2017-06-26T22:24:25.943672267Z: [    0.000000] Command line: console=ttyS0
[STDERR  ] 2017-06-26T22:24:25.943677844Z: [    0.000000] x86/fpu: Legacy x87 FPU detected.
[STDERR  ] 2017-06-26T22:24:25.943687952Z: [    0.000000] x86/fpu: Using 'eager' FPU context switches.
[STDERR  ] 2017-06-26T22:24:25.943705718Z: [    0.000000] e820: BIOS-provided physical RAM map:
[STDERR  ] 2017-06-26T22:24:25.943711306Z: [    0.000000] BIOS-e820: [mem 0x0000000000000000-0x000000000009fbff] usable
[STDERR  ] 2017-06-26T22:24:25.943716427Z: [    0.000000] BIOS-e820: [mem 0x000000000009fc00-0x000000000009ffff] reserved
[STDERR  ] 2017-06-26T22:24:25.943721534Z: [    0.000000] BIOS-e820: [mem 0x00000000000f0000-0x00000000000fffff] reserved
[STDERR  ] 2017-06-26T22:24:25.943726631Z: [    0.000000] BIOS-e820: [mem 0x0000000000100000-0x000000003ffdefff] usable
[STDERR  ] 2017-06-26T22:24:25.943731728Z: [    0.000000] BIOS-e820: [mem 0x000000003ffdf000-0x000000003fffffff] reserved
[STDERR  ] 2017-06-26T22:24:25.943736761Z: [    0.000000] BIOS-e820: [mem 0x00000000b0000000-0x00000000bfffffff] reserved
[STDERR  ] 2017-06-26T22:24:25.943741751Z: [    0.000000] BIOS-e820: [mem 0x00000000fed1c000-0x00000000fed1ffff] reserved
[STDERR  ] 2017-06-26T22:24:25.943746641Z: [    0.000000] BIOS-e820: [mem 0x00000000fffc0000-0x00000000ffffffff] reserved
[STDERR  ] 2017-06-26T22:24:25.943751731Z: [    0.000000] NX (Execute Disable) protection: active
[STDERR  ] 2017-06-26T22:24:25.943760413Z: [    0.000000] SMBIOS 2.8 present.
[STDERR  ] 2017-06-26T22:24:25.943765654Z: [    0.000000] e820: last_pfn = 0x3ffdf max_arch_pfn = 0x400000000
[STDERR  ] 2017-06-26T22:24:25.943768466Z: [    0.000000] x86/PAT: Configuration [0-7]: WB  WC  UC- UC  WB  WC  UC- WT  
[STDERR  ] 2017-06-26T22:24:25.943776001Z: [    0.000000] found SMP MP-table at [mem 0x000f6aa0-0x000f6aaf] mapped at [ffff928b000f6aa0]
[STDERR  ] 2017-06-26T22:24:25.943782673Z: [    0.000000] RAMDISK: [mem 0x3d6a4000-0x3ffcffff]
[STDERR  ] 2017-06-26T22:24:25.943792146Z: [    0.000000] ACPI: Early table checksum verification disabled
[STDERR  ] 2017-06-26T22:24:25.943797578Z: [    0.000000] ACPI: RSDP 0x00000000000F68C0 000014 (v00 BOCHS )
[STDERR  ] 2017-06-26T22:24:25.943802628Z: [    0.000000] ACPI: RSDT 0x000000003FFE2404 000034 (v01 BOCHS  BXPCRSDT 00000001 BXPC 00000001)
[STDERR  ] 2017-06-26T22:24:25.943807696Z: [    0.000000] ACPI: FACP 0x000000003FFE22A4 000074 (v01 BOCHS  BXPCFACP 00000001 BXPC 00000001)
[STDERR  ] 2017-06-26T22:24:25.943812707Z: [    0.000000] ACPI: DSDT 0x000000003FFE0040 002264 (v01 BOCHS  BXPCDSDT 00000001 BXPC 00000001)
[STDERR  ] 2017-06-26T22:24:25.943817734Z: [    0.000000] ACPI: FACS 0x000000003FFE0000 000040
[STDERR  ] 2017-06-26T22:24:25.943820381Z: [    0.000000] ACPI: APIC 0x000000003FFE2318 000078 (v01 BOCHS  BXPCAPIC 00000001 BXPC 00000001)
[STDERR  ] 2017-06-26T22:24:25.943827718Z: [    0.000000] ACPI: HPET 0x000000003FFE2390 000038 (v01 BOCHS  BXPCHPET 00000001 BXPC 00000001)
[STDERR  ] 2017-06-26T22:24:25.943832644Z: [    0.000000] ACPI: MCFG 0x000000003FFE23C8 00003C (v01 BOCHS  BXPCMCFG 00000001 BXPC 00000001)
[STDERR  ] 2017-06-26T22:24:25.943835191Z: [    0.000000] Zone ranges:
[STDERR  ] 2017-06-26T22:24:25.943844075Z: [    0.000000]   DMA      [mem 0x0000000000001000-0x0000000000ffffff]
[STDERR  ] 2017-06-26T22:24:25.943846677Z: [    0.000000]   DMA32    [mem 0x0000000001000000-0x000000003ffdefff]
[STDERR  ] 2017-06-26T22:24:25.94385877Z: [    0.000000]   Normal   empty
[STDERR  ] 2017-06-26T22:24:25.943866436Z: [    0.000000] Movable zone start for each node
[STDERR  ] 2017-06-26T22:24:25.94387149Z: [    0.000000] Early memory node ranges
[STDERR  ] 2017-06-26T22:24:25.943876477Z: [    0.000000]   node   0: [mem 0x0000000000001000-0x000000000009efff]
[STDERR  ] 2017-06-26T22:24:25.94388154Z: [    0.000000]   node   0: [mem 0x0000000000100000-0x000000003ffdefff]
[STDERR  ] 2017-06-26T22:24:25.943890166Z: [    0.000000] Initmem setup node 0 [mem 0x0000000000001000-0x000000003ffdefff]
[STDERR  ] 2017-06-26T22:24:25.943895275Z: [    0.000000] ACPI: PM-Timer IO Port: 0x608
[STDERR  ] 2017-06-26T22:24:25.94390048Z: [    0.000000] ACPI: LAPIC_NMI (acpi_id[0xff] dfl dfl lint[0x1])
[STDERR  ] 2017-06-26T22:24:25.94390539Z: [    0.000000] IOAPIC[0]: apic_id 0, version 32, address 0xfec00000, GSI 0-23
[STDERR  ] 2017-06-26T22:24:25.943911305Z: [    0.000000] ACPI: INT_SRC_OVR (bus 0 bus_irq 0 global_irq 2 dfl dfl)
[STDERR  ] 2017-06-26T22:24:25.943916346Z: [    0.000000] ACPI: INT_SRC_OVR (bus 0 bus_irq 5 global_irq 5 high level)
[STDERR  ] 2017-06-26T22:24:25.943923803Z: [    0.000000] ACPI: INT_SRC_OVR (bus 0 bus_irq 9 global_irq 9 high level)
[STDERR  ] 2017-06-26T22:24:25.94392631Z: [    0.000000] ACPI: INT_SRC_OVR (bus 0 bus_irq 10 global_irq 10 high level)
[STDERR  ] 2017-06-26T22:24:25.943933623Z: [    0.000000] ACPI: INT_SRC_OVR (bus 0 bus_irq 11 global_irq 11 high level)
[STDERR  ] 2017-06-26T22:24:25.943936172Z: [    0.000000] Using ACPI (MADT) for SMP configuration information
[STDERR  ] 2017-06-26T22:24:25.943943732Z: [    0.000000] ACPI: HPET id: 0x8086a201 base: 0xfed00000
[STDERR  ] 2017-06-26T22:24:25.9439488Z: [    0.000000] smpboot: Allowing 1 CPUs, 0 hotplug CPUs
[STDERR  ] 2017-06-26T22:24:25.943953776Z: [    0.000000] e820: [mem 0x40000000-0xafffffff] available for PCI devices
[STDERR  ] 2017-06-26T22:24:25.943962893Z: [    0.000000] Booting paravirtualized kernel on bare hardware
[STDERR  ] 2017-06-26T22:24:25.94397266Z: [    0.000000] clocksource: refined-jiffies: mask: 0xffffffff max_cycles: 0xffffffff, max_idle_ns: 19112604462750000 ns
[STDERR  ] 2017-06-26T22:24:25.943978084Z: [    0.000000] setup_percpu: NR_CPUS:128 nr_cpumask_bits:128 nr_cpu_ids:1 nr_node_ids:1
[STDERR  ] 2017-06-26T22:24:25.943980829Z: [    0.000000] percpu: Embedded 35 pages/cpu @ffff928b3d400000 s105112 r8192 d30056 u2097152
[STDERR  ] 2017-06-26T22:24:25.943988149Z: [    0.000000] Built 1 zonelists in Zone order, mobility grouping on.  Total pages: 257896
[STDERR  ] 2017-06-26T22:24:25.943997295Z: [    0.000000] Kernel command line: console=ttyS0
[STDERR  ] 2017-06-26T22:24:25.944002515Z: [    0.000000] PID hash table entries: 4096 (order: 3, 32768 bytes)
[STDERR  ] 2017-06-26T22:24:25.944007516Z: [    0.000000] Dentry cache hash table entries: 131072 (order: 8, 1048576 bytes)
[STDERR  ] 2017-06-26T22:24:25.944010114Z: [    0.000000] Inode-cache hash table entries: 65536 (order: 7, 524288 bytes)
[STDERR  ] 2017-06-26T22:24:25.944018661Z: [    0.000000] Memory: 972052K/1048052K available (8023K kernel code, 1336K rwdata, 2692K rodata, 1372K init, 564K bss, 76000K reserved, 0K cma-reserved)
[STDERR  ] 2017-06-26T22:24:25.944021994Z: [    0.000000] Hierarchical RCU implementation.
[STDERR  ] 2017-06-26T22:24:25.944031775Z: [    0.000000] 	Build-time adjustment of leaf fanout to 64.
[STDERR  ] 2017-06-26T22:24:25.944036459Z: [    0.000000] 	RCU restricting CPUs from NR_CPUS=128 to nr_cpu_ids=1.
[STDERR  ] 2017-06-26T22:24:25.944049411Z: [    0.000000] RCU: Adjusting geometry for rcu_fanout_leaf=64, nr_cpu_ids=1
[STDERR  ] 2017-06-26T22:24:25.944057859Z: [    0.000000] NR_IRQS:8448 nr_irqs:256 16
[STDERR  ] 2017-06-26T22:24:25.944065595Z: [    0.000000] Console: colour VGA+ 80x25
[STDERR  ] 2017-06-26T22:24:25.944074086Z: [    0.000000] console [ttyS0] enabled
[STDERR  ] 2017-06-26T22:24:25.944082631Z: [    0.000000] clocksource: hpet: mask: 0xffffffff max_cycles: 0xffffffff, max_idle_ns: 19112604467 ns
[STDERR  ] 2017-06-26T22:24:25.944091524Z: [    0.000000] tsc: Fast TSC calibration failed
[STDERR  ] 2017-06-26T22:24:25.944096349Z: [    0.000000] tsc: Unable to calibrate against PIT
[STDERR  ] 2017-06-26T22:24:25.944105609Z: [    0.000000] tsc: using HPET reference calibration
[STDERR  ] 2017-06-26T22:24:25.944118515Z: [    0.000000] tsc: Detected 2600.101 MHz processor
[STDERR  ] 2017-06-26T22:24:25.944129598Z: [    0.060819] Calibrating delay loop (skipped), value calculated using timer frequency.. 5200.20 BogoMIPS (lpj=26001010)
[STDERR  ] 2017-06-26T22:24:25.944135493Z: [    0.062743] pid_max: default: 32768 minimum: 301
[STDERR  ] 2017-06-26T22:24:25.944143073Z: [    0.064064] ACPI: Core revision 20160831
[STDERR  ] 2017-06-26T22:24:25.944148154Z: [    0.118850] ACPI: 1 ACPI AML tables successfully acquired and loaded
[STDERR  ] 2017-06-26T22:24:25.944158103Z: [    0.122933] Security Framework initialized
[STDERR  ] 2017-06-26T22:24:25.944163248Z: [    0.123732] Yama: becoming mindful.
[STDERR  ] 2017-06-26T22:24:25.94417027Z: [    0.125986] Mount-cache hash table entries: 2048 (order: 2, 16384 bytes)
[STDERR  ] 2017-06-26T22:24:25.944181718Z: [    0.126797] Mountpoint-cache hash table entries: 2048 (order: 2, 16384 bytes)
[STDERR  ] 2017-06-26T22:24:25.944187098Z: [    0.151418] Last level iTLB entries: 4KB 0, 2MB 0, 4MB 0
[STDERR  ] 2017-06-26T22:24:25.944192155Z: [    0.152377] Last level dTLB entries: 4KB 0, 2MB 0, 4MB 0, 1GB 0
[STDERR  ] 2017-06-26T22:24:25.944199721Z: [    0.481198] Freeing SMP alternatives memory: 20K (ffffffffb2ea7000 - ffffffffb2eac000)
[STDERR  ] 2017-06-26T22:24:25.944204858Z: [    0.491840] ftrace: allocating 35395 entries in 139 pages
[STDERR  ] 2017-06-26T22:24:25.944209941Z: [    0.667900] smpboot: Max logical packages: 1
[STDERR  ] 2017-06-26T22:24:25.94421487Z: [    0.680000] ..TIMER: vector=0x30 apic1=0 pin1=2 apic2=-1 pin2=-1
[STDERR  ] 2017-06-26T22:24:25.94422038Z: [    0.780000] smpboot: CPU0: AMD QEMU Virtual CPU version 2.5+ (family: 0x6, model: 0x6, stepping: 0x3)
[STDERR  ] 2017-06-26T22:24:25.944223344Z: [    0.780000] Performance Events: PMU not available due to virtualization, using software events only.
[STDERR  ] 2017-06-26T22:24:25.944242604Z: [    0.792635] NMI watchdog: disabled (cpu0): hardware events not enabled
[STDERR  ] 2017-06-26T22:24:25.944245288Z: [    0.793494] NMI watchdog: Shutting down hard lockup detector on all cpus
[STDERR  ] 2017-06-26T22:24:25.944250265Z: [    0.797166] x86: Booted up 1 node, 1 CPUs
[STDERR  ] 2017-06-26T22:24:25.944257744Z: [    0.797785] smpboot: Total of 1 processors activated (5200.20 BogoMIPS)
[STDERR  ] 2017-06-26T22:24:25.944260259Z: [    0.815715] devtmpfs: initialized
[STDERR  ] 2017-06-26T22:24:25.94426753Z: [    0.821792] x86/mm: Memory block size: 128MB
[STDERR  ] 2017-06-26T22:24:25.944270114Z: [    0.898287] clocksource: jiffies: mask: 0xffffffff max_cycles: 0xffffffff, max_idle_ns: 19112604462750000 ns
[STDERR  ] 2017-06-26T22:24:25.94427766Z: [    0.900386] futex hash table entries: 256 (order: 2, 16384 bytes)
[STDERR  ] 2017-06-26T22:24:25.94428021Z: [    0.912532] NET: Registered protocol family 16
[STDERR  ] 2017-06-26T22:24:25.944287829Z: [    0.926125] cpuidle: using governor ladder
[STDERR  ] 2017-06-26T22:24:25.944290272Z: [    0.927545] cpuidle: using governor menu
[STDERR  ] 2017-06-26T22:24:25.944297842Z: [    0.929761] ACPI: bus type PCI registered
[STDERR  ] 2017-06-26T22:24:25.944302842Z: [    0.934799] PCI: MMCONFIG for domain 0000 [bus 00-ff] at [mem 0xb0000000-0xbfffffff] (base 0xb0000000)
[STDERR  ] 2017-06-26T22:24:25.944307829Z: [    0.936147] PCI: MMCONFIG at [mem 0xb0000000-0xbfffffff] reserved in E820
[STDERR  ] 2017-06-26T22:24:25.944312833Z: [    0.937771] PCI: Using configuration type 1 for base access
[STDERR  ] 2017-06-26T22:24:25.94431777Z: [    1.005813] HugeTLB registered 2 MB page size, pre-allocated 0 pages
[STDERR  ] 2017-06-26T22:24:25.944322762Z: [    1.021223] ACPI: Added _OSI(Module Device)
[STDERR  ] 2017-06-26T22:24:25.944325319Z: [    1.021962] ACPI: Added _OSI(Processor Device)
[STDERR  ] 2017-06-26T22:24:25.944332849Z: [    1.022666] ACPI: Added _OSI(3.0 _SCP Extensions)
[STDERR  ] 2017-06-26T22:24:25.944345904Z: [    1.023154] ACPI: Added _OSI(Processor Aggregator Device)
[STDERR  ] 2017-06-26T22:24:25.944353507Z: [    1.127625] ACPI: Interpreter enabled
[STDERR  ] 2017-06-26T22:24:25.944358629Z: [    1.129041] ACPI: (supports S0 S5)
[STDERR  ] 2017-06-26T22:24:25.944363632Z: [    1.129541] ACPI: Using IOAPIC for interrupt routing
[STDERR  ] 2017-06-26T22:24:25.944366229Z: [    1.132103] PCI: Using host bridge windows from ACPI; if necessary, use "pci=nocrs" and report a bug
[STDERR  ] 2017-06-26T22:24:25.944371179Z: [    1.223224] ACPI: PCI Root Bridge [PCI0] (domain 0000 [bus 00-ff])
[STDERR  ] 2017-06-26T22:24:25.944378753Z: [    1.225537] acpi PNP0A08:00: _OSC: OS supports [ExtendedConfig ASPM ClockPM Segments MSI]
[STDERR  ] 2017-06-26T22:24:25.944381374Z: [    1.235746] acpi PNP0A08:00: _OSC: OS now controls [PCIeHotplug PME PCIeCapability]
[STDERR  ] 2017-06-26T22:24:25.944389854Z: [    1.242322] PCI host bridge to bus 0000:00
[STDERR  ] 2017-06-26T22:24:25.944397439Z: [    1.243365] pci_bus 0000:00: root bus resource [io  0x0000-0x0cf7 window]
[STDERR  ] 2017-06-26T22:24:25.944402438Z: [    1.244103] pci_bus 0000:00: root bus resource [io  0x0d00-0xffff window]
[STDERR  ] 2017-06-26T22:24:25.944407416Z: [    1.245122] pci_bus 0000:00: root bus resource [mem 0x000a0000-0x000bffff window]
[STDERR  ] 2017-06-26T22:24:25.944412392Z: [    1.246052] pci_bus 0000:00: root bus resource [mem 0xc0000000-0xfebfffff window]
[STDERR  ] 2017-06-26T22:24:25.944417366Z: [    1.247103] pci_bus 0000:00: root bus resource [bus 00-ff]
[STDERR  ] 2017-06-26T22:24:25.944422298Z: [    1.373401] pci 0000:00:1f.0: quirk: [io  0x0600-0x067f] claimed by ICH6 ACPI/GPIO/TCO
[STDERR  ] 2017-06-26T22:24:25.944431361Z: [    1.450959] ACPI: PCI Interrupt Link [LNKA] (IRQs 5 *10 11)
[STDERR  ] 2017-06-26T22:24:25.944436492Z: [    1.453746] ACPI: PCI Interrupt Link [LNKB] (IRQs 5 *10 11)
[STDERR  ] 2017-06-26T22:24:25.944439191Z: [    1.455931] ACPI: PCI Interrupt Link [LNKC] (IRQs 5 10 *11)
[STDERR  ] 2017-06-26T22:24:25.944447346Z: [    1.458071] ACPI: PCI Interrupt Link [LNKD] (IRQs 5 10 *11)
[STDERR  ] 2017-06-26T22:24:25.944459763Z: [    1.460631] ACPI: PCI Interrupt Link [LNKE] (IRQs 5 *10 11)
[STDERR  ] 2017-06-26T22:24:25.944467679Z: [    1.463761] ACPI: PCI Interrupt Link [LNKF] (IRQs 5 *10 11)
[STDERR  ] 2017-06-26T22:24:25.944476366Z: [    1.467288] ACPI: PCI Interrupt Link [LNKG] (IRQs 5 10 *11)
[STDERR  ] 2017-06-26T22:24:25.944485342Z: [    1.469796] ACPI: PCI Interrupt Link [LNKH] (IRQs 5 10 *11)
[STDERR  ] 2017-06-26T22:24:25.944493116Z: [    1.471067] ACPI: PCI Interrupt Link [GSIA] (IRQs *16)
[STDERR  ] 2017-06-26T22:24:25.944498221Z: [    1.472094] ACPI: PCI Interrupt Link [GSIB] (IRQs *17)
[STDERR  ] 2017-06-26T22:24:25.944503316Z: [    1.473048] ACPI: PCI Interrupt Link [GSIC] (IRQs *18)
[STDERR  ] 2017-06-26T22:24:25.944508239Z: [    1.473948] ACPI: PCI Interrupt Link [GSID] (IRQs *19)
[STDERR  ] 2017-06-26T22:24:25.944510998Z: [    1.474890] ACPI: PCI Interrupt Link [GSIE] (IRQs *20)
[STDERR  ] 2017-06-26T22:24:25.944519382Z: [    1.475796] ACPI: PCI Interrupt Link [GSIF] (IRQs *21)
[STDERR  ] 2017-06-26T22:24:25.944521962Z: [    1.476684] ACPI: PCI Interrupt Link [GSIG] (IRQs *22)
[STDERR  ] 2017-06-26T22:24:25.944529391Z: [    1.477558] ACPI: PCI Interrupt Link [GSIH] (IRQs *23)
[STDERR  ] 2017-06-26T22:24:25.944534345Z: [    1.482502] ACPI: Enabled 2 GPEs in block 00 to 3F
[STDERR  ] 2017-06-26T22:24:25.94453941Z: [    1.487516] SCSI subsystem initialized
[STDERR  ] 2017-06-26T22:24:25.944544381Z: [    1.490194] ACPI: bus type USB registered
[STDERR  ] 2017-06-26T22:24:25.944549357Z: [    1.491670] usbcore: registered new interface driver usbfs
[STDERR  ] 2017-06-26T22:24:25.944554317Z: [    1.492962] usbcore: registered new interface driver hub
[STDERR  ] 2017-06-26T22:24:25.944561858Z: [    1.494160] usbcore: registered new device driver usb
[STDERR  ] 2017-06-26T22:24:25.944566867Z: [    1.495648] pps_core: LinuxPPS API ver. 1 registered
[STDERR  ] 2017-06-26T22:24:25.944574375Z: [    1.496167] pps_core: Software ver. 5.3.6 - Copyright 2005-2007 Rodolfo Giometti <giometti@linux.it>
[STDERR  ] 2017-06-26T22:24:25.94458042Z: [    1.497431] PTP clock support registered
[STDERR  ] 2017-06-26T22:24:25.944585461Z: [    1.498989] wmi: Mapper loaded
[STDERR  ] 2017-06-26T22:24:25.944590267Z: [    1.500740] PCI: Using ACPI for IRQ routing
[STDERR  ] 2017-06-26T22:24:25.944593001Z: [    1.523111] NetLabel: Initializing
[STDERR  ] 2017-06-26T22:24:25.944603951Z: [    1.523680] NetLabel:  domain hash size = 128
[STDERR  ] 2017-06-26T22:24:25.94460662Z: [    1.524106] NetLabel:  protocols = UNLABELED CIPSOv4
[STDERR  ] 2017-06-26T22:24:25.944615438Z: [    1.526721] NetLabel:  unlabeled traffic allowed by default
[STDERR  ] 2017-06-26T22:24:25.944620442Z: [    1.528742] HPET: 3 timers in total, 0 timers will be used for per-cpu timer
[STDERR  ] 2017-06-26T22:24:25.944627588Z: [    1.530444] hpet0: at MMIO 0xfed00000, IRQs 2, 8, 0
[STDERR  ] 2017-06-26T22:24:25.944632698Z: [    1.531456] hpet0: 3 comparators, 64-bit 100.000000 MHz counter
[STDERR  ] 2017-06-26T22:24:25.944640155Z: [    1.538469] clocksource: Switched to clocksource hpet
[STDERR  ] 2017-06-26T22:24:25.944645182Z: [    1.890648] VFS: Disk quotas dquot_6.6.0
[STDERR  ] 2017-06-26T22:24:25.944655241Z: [    1.892359] VFS: Dquot-cache hash table entries: 512 (order 0, 4096 bytes)
[STDERR  ] 2017-06-26T22:24:25.944660495Z: [    1.896623] FS-Cache: Loaded
[STDERR  ] 2017-06-26T22:24:25.944665407Z: [    1.903524] CacheFiles: Loaded
[STDERR  ] 2017-06-26T22:24:25.944670369Z: [    1.905706] pnp: PnP ACPI init
[STDERR  ] 2017-06-26T22:24:25.944675224Z: [    1.920871] pnp: PnP ACPI: found 5 devices
[STDERR  ] 2017-06-26T22:24:25.944680224Z: [    1.979063] clocksource: acpi_pm: mask: 0xffffff max_cycles: 0xffffff, max_idle_ns: 2085701024 ns
[STDERR  ] 2017-06-26T22:24:25.944690247Z: [    1.983186] NET: Registered protocol family 2
[STDERR  ] 2017-06-26T22:24:25.944692837Z: [    1.993037] TCP established hash table entries: 8192 (order: 4, 65536 bytes)
[STDERR  ] 2017-06-26T22:24:25.944703504Z: [    1.994381] TCP bind hash table entries: 8192 (order: 5, 131072 bytes)
[STDERR  ] 2017-06-26T22:24:25.944712239Z: [    1.995408] TCP: Hash tables configured (established 8192 bind 8192)
[STDERR  ] 2017-06-26T22:24:25.944717266Z: [    1.997763] UDP hash table entries: 512 (order: 2, 16384 bytes)
[STDERR  ] 2017-06-26T22:24:25.944722184Z: [    1.998719] UDP-Lite hash table entries: 512 (order: 2, 16384 bytes)
[STDERR  ] 2017-06-26T22:24:25.944724614Z: [    2.001850] NET: Registered protocol family 1
[STDERR  ] 2017-06-26T22:24:25.944732254Z: [    2.003118] pci 0000:00:01.0: Video device with shadowed ROM at [mem 0x000c0000-0x000dffff]
[STDERR  ] 2017-06-26T22:24:25.944737364Z: [    2.015381] Unpacking initramfs...
[STDERR  ] 2017-06-26T22:24:25.944742284Z: [   11.826209] Freeing initrd memory: 42160K (ffff928b3d6a4000 - ffff928b3ffd0000)
[STDERR  ] 2017-06-26T22:24:25.944747204Z: [   11.864358] PCLMULQDQ-NI instructions are not detected.
[STDERR  ] 2017-06-26T22:24:25.944752271Z: [   11.866561] AVX or AES-NI instructions are not detected.
[STDERR  ] 2017-06-26T22:24:25.944757354Z: [   11.867525] CPU feature 'AVX registers' is not supported.
[STDERR  ] 2017-06-26T22:24:25.944762534Z: [   11.868359] CPU feature 'AVX registers' is not supported.
[STDERR  ] 2017-06-26T22:24:25.944767524Z: [   11.869168] CPU feature 'AVX registers' is not supported.
[STDERR  ] 2017-06-26T22:24:25.944772474Z: [   11.870094] CPU feature 'AVX registers' is not supported.
[STDERR  ] 2017-06-26T22:24:25.944777397Z: [   11.872148] AVX2 or AES-NI instructions are not detected.
[STDERR  ] 2017-06-26T22:24:25.94478242Z: [   11.872916] AVX2 instructions are not detected.
[STDERR  ] 2017-06-26T22:24:25.944785019Z: [   11.879695] audit: initializing netlink subsys (disabled)
[STDERR  ] 2017-06-26T22:24:25.94478975Z: [   11.882633] audit: type=2000 audit(1498515848.880:1): initialized
[STDERR  ] 2017-06-26T22:24:25.944797056Z: [   11.891028] workingset: timestamp_bits=46 max_order=18 bucket_order=0
[STDERR  ] 2017-06-26T22:24:25.944805093Z: [   11.897790] FS-Cache: Netfs 'cifs' registered for caching
[STDERR  ] 2017-06-26T22:24:25.944810176Z: [   11.899221] fuse init (API version 7.26)
[STDERR  ] 2017-06-26T22:24:25.944815056Z: [   11.902325] SGI XFS with ACLs, security attributes, no debug enabled
[STDERR  ] 2017-06-26T22:24:25.944819923Z: [   11.906483] 9p: Installing v9fs 9p2000 file system support
[STDERR  ] 2017-06-26T22:24:25.94482479Z: [   11.907370] FS-Cache: Netfs '9p' registered for caching
[STDERR  ] 2017-06-26T22:24:25.944829745Z: [   11.952470] NET: Registered protocol family 38
[STDERR  ] 2017-06-26T22:24:25.944834809Z: [   11.953639] Key type asymmetric registered
[STDERR  ] 2017-06-26T22:24:25.94483978Z: [   11.954116] Asymmetric key parser 'x509' registered
[STDERR  ] 2017-06-26T22:24:25.94484466Z: [   11.955530] Block layer SCSI generic (bsg) driver version 0.4 loaded (major 251)
[STDERR  ] 2017-06-26T22:24:25.944857336Z: [   11.957440] io scheduler noop registered
[STDERR  ] 2017-06-26T22:24:25.944862353Z: [   11.958124] io scheduler deadline registered (default)
[STDERR  ] 2017-06-26T22:24:25.944867218Z: [   11.959165] io scheduler cfq registered
[STDERR  ] 2017-06-26T22:24:25.944869823Z: [   11.963271] pci_hotplug: PCI Hot Plug PCI Core version: 0.5
[STDERR  ] 2017-06-26T22:24:25.944877116Z: [   11.964408] pciehp: PCI Express Hot Plug Controller Driver version: 0.4
[STDERR  ] 2017-06-26T22:24:25.94488204Z: [   11.965924] shpchp: Standard Hot Plug PCI Controller Driver version: 0.4
[STDERR  ] 2017-06-26T22:24:25.944887Z: [   11.967159] hv_vmbus: registering driver hyperv_fb
[STDERR  ] 2017-06-26T22:24:25.944889605Z: [   11.972426] input: Power Button as /devices/LNXSYSTM:00/LNXPWRBN:00/input/input0
[STDERR  ] 2017-06-26T22:24:25.944897208Z: [   11.974014] ACPI: Power Button [PWRF]
[STDERR  ] 2017-06-26T22:24:25.944899913Z: [   11.979250] GHES: HEST is not enabled!
[STDERR  ] 2017-06-26T22:24:25.94490717Z: [   11.992136] ACPI: PCI Interrupt Link [GSIH] enabled at IRQ 23
[STDERR  ] 2017-06-26T22:24:25.944914996Z: [   11.999521] xenfs: not registering filesystem on non-xen platform
[STDERR  ] 2017-06-26T22:24:25.944920063Z: [   12.003443] Serial: 8250/16550 driver, 4 ports, IRQ sharing disabled
[STDERR  ] 2017-06-26T22:24:25.944925028Z: [   12.031534] 00:04: ttyS0 at I/O 0x3f8 (irq = 4, base_baud = 115200) is a 16550A
[STDERR  ] 2017-06-26T22:24:25.944930015Z: [   12.049673] Non-volatile memory driver v1.3
[STDERR  ] 2017-06-26T22:24:25.944939658Z: [   12.057055] Hangcheck: starting hangcheck timer 0.9.1 (tick is 180 seconds, margin is 60 seconds).
[STDERR  ] 2017-06-26T22:24:25.944947492Z: [   12.099956] loop: module loaded
[STDERR  ] 2017-06-26T22:24:25.944952507Z: [   12.116141] nbd: registered device at major 43
[STDERR  ] 2017-06-26T22:24:25.944957485Z: [   12.162008] lpc_ich 0000:00:1f.0: I/O space for GPIO uninitialized
[STDERR  ] 2017-06-26T22:24:25.944962505Z: [   12.164168] VMware PVSCSI driver - version 1.0.7.0-k
[STDERR  ] 2017-06-26T22:24:25.944967762Z: [   12.165183] hv_vmbus: registering driver hv_storvsc
[STDERR  ] 2017-06-26T22:24:25.944972848Z: [   12.175855] ACPI: PCI Interrupt Link [GSIA] enabled at IRQ 16
[STDERR  ] 2017-06-26T22:24:25.944975512Z: [   12.183827] ahci 0000:00:1f.2: AHCI 0001.0000 32 slots 6 ports 1.5 Gbps 0x3f impl SATA mode
[STDERR  ] 2017-06-26T22:24:25.944981842Z: [   12.185727] ahci 0000:00:1f.2: flags: 64bit ncq only 
[STDERR  ] 2017-06-26T22:24:25.944989512Z: [   12.211770] scsi host0: ahci
[STDERR  ] 2017-06-26T22:24:25.944994488Z: [   12.216885] scsi host1: ahci
[STDERR  ] 2017-06-26T22:24:25.944997194Z: [   12.219916] scsi host2: ahci
[STDERR  ] 2017-06-26T22:24:25.945002288Z: [   12.222855] scsi host3: ahci
[STDERR  ] 2017-06-26T22:24:25.945009722Z: [   12.225343] scsi host4: ahci
[STDERR  ] 2017-06-26T22:24:25.945012387Z: [   12.227690] scsi host5: ahci
[STDERR  ] 2017-06-26T22:24:25.945019627Z: [   12.229909] ata1: SATA max UDMA/133 abar m4096@0xfebf1000 port 0xfebf1100 irq 24
[STDERR  ] 2017-06-26T22:24:25.945022252Z: [   12.231425] ata2: SATA max UDMA/133 abar m4096@0xfebf1000 port 0xfebf1180 irq 24
[STDERR  ] 2017-06-26T22:24:25.945029614Z: [   12.232198] ata3: SATA max UDMA/133 abar m4096@0xfebf1000 port 0xfebf1200 irq 24
[STDERR  ] 2017-06-26T22:24:25.945034464Z: [   12.232985] ata4: SATA max UDMA/133 abar m4096@0xfebf1000 port 0xfebf1280 irq 24
[STDERR  ] 2017-06-26T22:24:25.945043338Z: [   12.233734] ata5: SATA max UDMA/133 abar m4096@0xfebf1000 port 0xfebf1300 irq 24
[STDERR  ] 2017-06-26T22:24:25.945048432Z: [   12.234417] ata6: SATA max UDMA/133 abar m4096@0xfebf1000 port 0xfebf1380 irq 24
[STDERR  ] 2017-06-26T22:24:25.945053304Z: [   12.249827] tun: Universal TUN/TAP device driver, 1.6
[STDERR  ] 2017-06-26T22:24:25.945055842Z: [   12.251507] tun: (C) 1999-2004 Max Krasnyansky <maxk@qualcomm.com>
[STDERR  ] 2017-06-26T22:24:25.945060519Z: [   12.254297] VMware vmxnet3 virtual NIC driver - version 1.4.a.0-k-NAPI
[STDERR  ] 2017-06-26T22:24:25.945070718Z: [   12.255633] hv_vmbus: registering driver hv_netvsc
[STDERR  ] 2017-06-26T22:24:25.945075784Z: [   12.256206] Fusion MPT base driver 3.04.20
[STDERR  ] 2017-06-26T22:24:25.945080871Z: [   12.256754] Copyright (c) 1999-2008 LSI Corporation
[STDERR  ] 2017-06-26T22:24:25.945085904Z: [   12.257598] Fusion MPT SPI Host driver 3.04.20
[STDERR  ] 2017-06-26T22:24:25.945092541Z: [   12.260622] i8042: PNP: PS/2 Controller [PNP0303:KBD,PNP0f13:MOU] at 0x60,0x64 irq 1,12
[STDERR  ] 2017-06-26T22:24:25.945098014Z: [   12.265389] serio: i8042 KBD port at 0x60,0x64 irq 1
[STDERR  ] 2017-06-26T22:24:25.945105591Z: [   12.266358] serio: i8042 AUX port at 0x60,0x64 irq 12
[STDERR  ] 2017-06-26T22:24:25.945108398Z: [   12.269773] hv_vmbus: registering driver hyperv_keyboard
[STDERR  ] 2017-06-26T22:24:25.945119481Z: [   12.272756] mousedev: PS/2 mouse device common for all mice
[STDERR  ] 2017-06-26T22:24:25.945124526Z: [   12.278782] input: AT Translated Set 2 keyboard as /devices/platform/i8042/serio0/input/input1
[STDERR  ] 2017-06-26T22:24:25.945127213Z: [   12.282455] input: PC Speaker as /devices/platform/pcspkr/input/input2
[STDERR  ] 2017-06-26T22:24:25.945138098Z: [   12.287641] rtc_cmos 00:00: RTC can wake from S4
[STDERR  ] 2017-06-26T22:24:25.945143113Z: [   12.292018] rtc_cmos 00:00: rtc core: registered rtc_cmos as rtc0
[STDERR  ] 2017-06-26T22:24:25.945148041Z: [   12.294528] rtc_cmos 00:00: alarms up to one day, y3k, 114 bytes nvram, hpet irqs
[STDERR  ] 2017-06-26T22:24:25.945153151Z: [   12.296274] i2c /dev entries driver
[STDERR  ] 2017-06-26T22:24:25.945155838Z: [   12.299638] device-mapper: ioctl: 4.35.0-ioctl (2016-06-23) initialised: dm-devel@redhat.com
[STDERR  ] 2017-06-26T22:24:25.945163246Z: [   12.306631] usbcore: registered new interface driver usbhid
[STDERR  ] 2017-06-26T22:24:25.945165968Z: [   12.307313] usbhid: USB HID core driver
[STDERR  ] 2017-06-26T22:24:25.945173357Z: [   12.308235] hv_utils: Registering HyperV Utility Driver
[STDERR  ] 2017-06-26T22:24:25.945178354Z: [   12.308854] hv_vmbus: registering driver hv_util
[STDERR  ] 2017-06-26T22:24:25.945183371Z: [   12.309307] hv_vmbus: registering driver hv_balloon
[STDERR  ] 2017-06-26T22:24:25.945188298Z: [   12.310794] oprofile: using NMI interrupt.
[STDERR  ] 2017-06-26T22:24:25.945193226Z: [   12.312179] GACT probability on
[STDERR  ] 2017-06-26T22:24:25.945198236Z: [   12.312879] Mirror/redirect action on
[STDERR  ] 2017-06-26T22:24:25.945200846Z: [   12.313920] Simple TC action Loaded
[STDERR  ] 2017-06-26T22:24:25.945207951Z: [   12.314703] u32 classifier
[STDERR  ] 2017-06-26T22:24:25.945214793Z: [   12.315008]     Performance counters on
[STDERR  ] 2017-06-26T22:24:25.945226636Z: [   12.315397]     input device check on
[STDERR  ] 2017-06-26T22:24:25.94522929Z: [   12.315782]     Actions configured
[STDERR  ] 2017-06-26T22:24:25.94523651Z: [   12.316529] Netfilter messages via NETLINK v0.30.
[STDERR  ] 2017-06-26T22:24:25.945241473Z: [   12.317354] nfnl_acct: registering with nfnetlink.
[STDERR  ] 2017-06-26T22:24:25.945246325Z: [   12.319480] nf_conntrack version 0.5.0 (8192 buckets, 32768 max)
[STDERR  ] 2017-06-26T22:24:25.945248852Z: [   12.324142] ctnetlink v0.93: registering with nfnetlink.
[STDERR  ] 2017-06-26T22:24:25.945256176Z: [   12.328123] nf_tables: (c) 2007-2009 Patrick McHardy <kaber@trash.net>
[STDERR  ] 2017-06-26T22:24:25.94525873Z: [   12.329466] nf_tables_compat: (c) 2012 Pablo Neira Ayuso <pablo@netfilter.org>
[STDERR  ] 2017-06-26T22:24:25.945265893Z: [   12.333006] xt_time: kernel timezone is -0000
[STDERR  ] 2017-06-26T22:24:25.945268415Z: [   12.334256] ip_set: protocol 6
[STDERR  ] 2017-06-26T22:24:25.945276912Z: [   12.335251] IPVS: Registered protocols (TCP, UDP, SCTP, AH, ESP)
[STDERR  ] 2017-06-26T22:24:25.945279446Z: [   12.336231] IPVS: Connection hash table configured (size=4096, memory=64Kbytes)
[STDERR  ] 2017-06-26T22:24:25.94528445Z: [   12.338381] IPVS: Creating netns size=2104 id=0
[STDERR  ] 2017-06-26T22:24:25.945293523Z: [   12.339740] IPVS: ipvs loaded.
[STDERR  ] 2017-06-26T22:24:25.945301405Z: [   12.340887] IPVS: [rr] scheduler registered.
[STDERR  ] 2017-06-26T22:24:25.945306442Z: [   12.341474] IPVS: [wrr] scheduler registered.
[STDERR  ] 2017-06-26T22:24:25.945311503Z: [   12.342011] IPVS: [lc] scheduler registered.
[STDERR  ] 2017-06-26T22:24:25.945316496Z: [   12.342434] IPVS: [wlc] scheduler registered.
[STDERR  ] 2017-06-26T22:24:25.945321943Z: [   12.342909] IPVS: [fo] scheduler registered.
[STDERR  ] 2017-06-26T22:24:25.945326915Z: [   12.343350] IPVS: [ovf] scheduler registered.
[STDERR  ] 2017-06-26T22:24:25.945331946Z: [   12.344118] IPVS: [lblc] scheduler registered.
[STDERR  ] 2017-06-26T22:24:25.945342066Z: [   12.344805] IPVS: [lblcr] scheduler registered.
[STDERR  ] 2017-06-26T22:24:25.945352272Z: [   12.345288] IPVS: [dh] scheduler registered.
[STDERR  ] 2017-06-26T22:24:25.945357335Z: [   12.345795] IPVS: [sh] scheduler registered.
[STDERR  ] 2017-06-26T22:24:25.945362344Z: [   12.346263] IPVS: [sed] scheduler registered.
[STDERR  ] 2017-06-26T22:24:25.945367222Z: [   12.346762] IPVS: [nq] scheduler registered.
[STDERR  ] 2017-06-26T22:24:25.945375432Z: [   12.347776] IPVS: ftp: loaded support on port[0] = 21
[STDERR  ] 2017-06-26T22:24:25.945380772Z: [   12.349019] ipip: IPv4 and MPLS over IPv4 tunneling driver
[STDERR  ] 2017-06-26T22:24:25.945387295Z: [   12.354655] gre: GRE over IPv4 demultiplexor driver
[STDERR  ] 2017-06-26T22:24:25.945392404Z: [   12.357812] ip_tables: (C) 2000-2006 Netfilter Core Team
[STDERR  ] 2017-06-26T22:24:25.945397434Z: [   12.362231] ipt_CLUSTERIP: ClusterIP Version 0.8 loaded successfully
[STDERR  ] 2017-06-26T22:24:25.945402585Z: [   12.363541] arp_tables: arp_tables: (C) 2002 David S. Miller
[STDERR  ] 2017-06-26T22:24:25.945407719Z: [   12.366015] NET: Registered protocol family 10
[STDERR  ] 2017-06-26T22:24:25.945412734Z: [   12.375706] ip6_tables: (C) 2000-2006 Netfilter Core Team
[STDERR  ] 2017-06-26T22:24:25.945417716Z: [   12.383889] NET: Registered protocol family 17
[STDERR  ] 2017-06-26T22:24:25.945422836Z: [   12.385374] Bridge firewalling registered
[STDERR  ] 2017-06-26T22:24:25.945425476Z: [   12.386458] Ebtables v2.0 registered
[STDERR  ] 2017-06-26T22:24:25.945432916Z: [   12.388557] 8021q: 802.1Q VLAN Support v1.8
[STDERR  ] 2017-06-26T22:24:25.945435406Z: [   12.390596] 9pnet: Installing 9P2000 support
[STDERR  ] 2017-06-26T22:24:25.945443099Z: [   12.392406] Key type dns_resolver registered
[STDERR  ] 2017-06-26T22:24:25.945448044Z: [   12.394016] microcode: AMD CPU family 0x6 not supported
[STDERR  ] 2017-06-26T22:24:25.945453211Z: [   12.398785] registered taskstats version 1
[STDERR  ] 2017-06-26T22:24:25.945458199Z: [   12.585149] ata5: SATA link down (SStatus 0 SControl 300)
[STDERR  ] 2017-06-26T22:24:25.945464976Z: [   12.587804] ata4: SATA link down (SStatus 0 SControl 300)
[STDERR  ] 2017-06-26T22:24:25.945473961Z: [   12.588926] ata3: SATA link up 1.5 Gbps (SStatus 113 SControl 300)
[STDERR  ] 2017-06-26T22:24:25.945584763Z: [   12.591849] ata2: SATA link down (SStatus 0 SControl 300)
[STDERR  ] 2017-06-26T22:24:25.945592971Z: [   12.592765] ata1: SATA link down (SStatus 0 SControl 300)
[STDERR  ] 2017-06-26T22:24:25.945595445Z: [   12.593532] ata6: SATA link down (SStatus 0 SControl 300)
[STDERR  ] 2017-06-26T22:24:25.94560275Z: [   12.596470] ata3.00: ATAPI: QEMU DVD-ROM, 2.5+, max UDMA/100
[STDERR  ] 2017-06-26T22:24:25.945607778Z: [   12.597341] ata3.00: applying bridge limits
[STDERR  ] 2017-06-26T22:24:25.945612811Z: [   12.599808] ata3.00: configured for UDMA/100
[STDERR  ] 2017-06-26T22:24:25.945624488Z: [   12.615007] scsi 2:0:0:0: CD-ROM            QEMU     QEMU DVD-ROM     2.5+ PQ: 0 ANSI: 5
[STDERR  ] 2017-06-26T22:24:25.945629887Z: [   12.644477] sr 2:0:0:0: [sr0] scsi3-mmc drive: 4x/4x cd/rw xa/form2 tray
[STDERR  ] 2017-06-26T22:24:25.94563497Z: [   12.645834] cdrom: Uniform CD-ROM driver Revision: 3.20
[STDERR  ] 2017-06-26T22:24:25.945639953Z: [   12.673229] sr 2:0:0:0: Attached scsi generic sg0 type 5
[STDERR  ] 2017-06-26T22:24:25.945645234Z: [   12.695691] Key type big_key registered
[STDERR  ] 2017-06-26T22:24:25.945660372Z: [   12.783372] Key type encrypted registered
[STDERR  ] 2017-06-26T22:24:25.945668872Z: [   12.791826] rtc_cmos 00:00: setting system clock to 2017-06-26 22:24:10 UTC (1498515850)
[STDERR  ] 2017-06-26T22:24:25.945671694Z: [   13.058817] Freeing unused kernel memory: 1372K (ffffffffb2d50000 - ffffffffb2ea7000)
[STDERR  ] 2017-06-26T22:24:25.945679327Z: [   13.061097] Write protecting the kernel read-only data: 12288k
[STDERR  ] 2017-06-26T22:24:25.945681997Z: [   13.064015] tsc: Refined TSC clocksource calibration: 2600.021 MHz
[STDERR  ] 2017-06-26T22:24:25.945689657Z: [   13.065491] clocksource: tsc: mask: 0xffffffffffffffff max_cycles: 0x257a5015c68, max_idle_ns: 440795275423 ns
[STDERR  ] 2017-06-26T22:24:25.94569243Z: [   13.075394] Freeing unused kernel memory: 156K (ffff928b377d9000 - ffff928b37800000)
[STDERR  ] 2017-06-26T22:24:25.945699884Z: [   13.226714] Freeing unused kernel memory: 1404K (ffff928b37aa1000 - ffff928b37c00000)
[STDERR  ] 2017-06-26T22:24:25.945705214Z: [   14.081713] clocksource: Switched to clocksource tsc
[STDERR  ] 2017-06-26T22:24:25.945707919Z: [   19.549071] e1000: Intel(R) PRO/1000 Network Driver - version 7.3.21-k8-NAPI
[STDERR  ] 2017-06-26T22:24:25.945718774Z: [   19.549954] e1000: Copyright (c) 1999-2006 Intel Corporation.
[STDERR  ] 2017-06-26T22:24:25.945733457Z: [   19.567583] ACPI: PCI Interrupt Link [GSIG] enabled at IRQ 22
[STDERR  ] 2017-06-26T22:24:25.945739499Z: [   19.940053] e1000 0000:00:02.0 eth0: (PCI:33MHz:32-bit) 52:54:00:12:34:56
[STDERR  ] 2017-06-26T22:24:25.945744497Z: [   19.941495] e1000 0000:00:02.0 eth0: Intel(R) PRO/1000 Network Connection
[STDERR  ] 2017-06-26T22:24:25.945747094Z: 
[STDERR  ] 2017-06-26T22:24:25.945755149Z: Starting containerd
[STDERR  ] 2017-06-26T22:24:25.945761951Z: [   20.426161] random: fast init done
[STDERR  ] 2017-06-26T22:24:25.945764506Z: 
[STDERR  ] 2017-06-26T22:24:25.945769443Z: Welcome to LinuxKit
[STDERR  ] 2017-06-26T22:24:25.945776756Z: 
[STDERR  ] 2017-06-26T22:24:25.945781679Z:                         ##         .
[STDERR  ] 2017-06-26T22:24:25.945784852Z:                   ## ## ##        ==
[STDERR  ] 2017-06-26T22:24:25.945792048Z:                ## ## ## ## ##    ===
[STDERR  ] 2017-06-26T22:24:25.945794581Z:            /"""""""""""""""""\___/ ===
[STDERR  ] 2017-06-26T22:24:25.945810246Z:       ~~~ {~~ ~~~~ ~~~ ~~~~ ~~~ ~ /  ===- ~~~
[STDERR  ] 2017-06-26T22:24:25.945815288Z:            \______ o           __/
[STDERR  ] 2017-06-26T22:24:25.945820371Z:              \    \         __/
[STDERR  ] 2017-06-26T22:24:25.945825446Z:               \____\_______/
[STDERR  ] 2017-06-26T22:24:25.945830399Z: 
[STDERR  ] 2017-06-26T22:24:25.945835409Z: [34mINFO[0m[0000] starting containerd boot...                   [34mmodule[0m=containerd
[STDERR  ] 2017-06-26T22:24:25.945841316Z: [34mINFO[0m[0000] loading plugin "io.containerd.content.v1.content"...  [34mmodule[0m=containerd [34mtype[0m=io.containerd.content.v1
[STDERR  ] 2017-06-26T22:24:25.945847572Z: [34mINFO[0m[0000] skip loading plugin "io.containerd.snapshotter.v1.btrfs"...  [34mmodule[0m=containerd [34mtype[0m=io.containerd.snapshotter.v1
[STDERR  ] 2017-06-26T22:24:25.945855071Z: [34mINFO[0m[0000] loading plugin "io.containerd.snapshotter.v1.overlayfs"...  [34mmodule[0m=containerd [34mtype[0m=io.containerd.snapshotter.v1
[STDERR  ] 2017-06-26T22:24:25.945864036Z: [34mINFO[0m[0000] loading plugin "io.containerd.differ.v1.base-diff"...  [34mmodule[0m=containerd [34mtype[0m=io.containerd.differ.v1
[STDERR  ] 2017-06-26T22:24:25.945874346Z: [34mINFO[0m[0000] loading plugin "io.containerd.metadata.v1.bolt"...  [34mmodule[0m=containerd [34mtype[0m=io.containerd.metadata.v1
[STDERR  ] 2017-06-26T22:24:25.945896083Z: [34mINFO[0m[0000] loading plugin "io.containerd.grpc.v1.containers"...  [34mmodule[0m=containerd [34mtype[0m=io.containerd.grpc.v1
[STDERR  ] 2017-06-26T22:24:25.945910167Z: [34mINFO[0m[0000] loading plugin "io.containerd.grpc.v1.content"...  [34mmodule[0m=containerd [34mtype[0m=io.containerd.grpc.v1
[STDERR  ] 2017-06-26T22:24:25.945920211Z: [34mINFO[0m[0000] loading plugin "io.containerd.grpc.v1.diff"...  [34mmodule[0m=containerd [34mtype[0m=io.containerd.grpc.v1
[STDERR  ] 2017-06-26T22:24:25.945929351Z: [34mINFO[0m[0000] loading plugin "io.containerd.grpc.v1.events"...  [34mmodule[0m=containerd [34mtype[0m=io.containerd.grpc.v1
[STDERR  ] 2017-06-26T22:24:25.945938962Z: [34mINFO[0m[0000] loading plugin "io.containerd.grpc.v1.healthcheck"...  [34mmodule[0m=containerd [34mtype[0m=io.containerd.grpc.v1
[STDERR  ] 2017-06-26T22:24:25.945948678Z: [34mINFO[0m[0000] loading plugin "io.containerd.grpc.v1.images"...  [34mmodule[0m=containerd [34mtype[0m=io.containerd.grpc.v1
[STDERR  ] 2017-06-26T22:24:25.945971382Z: [34mINFO[0m[0000] loading plugin "io.containerd.grpc.v1.namespaces"...  [34mmodule[0m=containerd [34mtype[0m=io.containerd.grpc.v1
[STDERR  ] 2017-06-26T22:24:25.945981728Z: [34mINFO[0m[0000] loading plugin "io.containerd.grpc.v1.snapshots"...  [34mmodule[0m=containerd [34mtype[0m=io.containerd.grpc.v1
[STDERR  ] 2017-06-26T22:24:25.945990412Z: [34mINFO[0m[0000] loading plugin "io.containerd.monitor.v1.cgroups"...  [34mmodule[0m=containerd [34mtype[0m=io.containerd.monitor.v1
[STDERR  ] 2017-06-26T22:24:25.945995795Z: [34mINFO[0m[0000] loading plugin "io.containerd.runtime.v1.linux"...  [34mmodule[0m=containerd [34mtype[0m=io.containerd.runtime.v1
[STDERR  ] 2017-06-26T22:24:25.946001275Z: [34mINFO[0m[0000] loading plugin "io.containerd.grpc.v1.tasks"...  [34mmodule[0m=containerd [34mtype[0m=io.containerd.grpc.v1
[STDERR  ] 2017-06-26T22:24:25.946006322Z: [34mINFO[0m[0000] loading plugin "io.containerd.grpc.v1.version"...  [34mmodule[0m=containerd [34mtype[0m=io.containerd.grpc.v1
[STDERR  ] 2017-06-26T22:24:25.94601596Z: [34mINFO[0m[0000] serving...                                    [34maddress[0m="/run/containerd/debug.sock" [34mmodule[0m="containerd/debug"
[STDERR  ] 2017-06-26T22:24:25.946026238Z: [34mINFO[0m[0000] serving...                                    [34maddress[0m="/run/containerd/containerd.sock" [34mmodule[0m="containerd/grpc"
[STDERR  ] 2017-06-26T22:24:25.946031636Z: [34mINFO[0m[0000] containerd successfully booted in 0.299328s   [34mmodule[0m=containerd
[STDERR  ] 2017-06-26T22:24:25.946133484Z: Linux linuxkit-525400123456 4.9.33-linuxkit #1 SMP Thu Jun 22 19:57:24 UTC 2017 x86_64 Linux
[STDERR  ] 2017-06-26T22:24:25.946138731Z: filename:       hello_world.ko
[STDERR  ] 2017-06-26T22:24:25.946143984Z: author:         Rolf Neugebauer <rolf.neugebauer@docker.com>
[STDERR  ] 2017-06-26T22:24:25.946149027Z: description:    A simple Hello World kernel module for testing
[STDERR  ] 2017-06-26T22:24:25.946154264Z: license:        GPL
[STDERR  ] 2017-06-26T22:24:25.946159264Z: depends:        
[STDERR  ] 2017-06-26T22:24:25.946164449Z: vermagic:       4.9.33-linuxkit SMP mod_unload 
[STDERR  ] 2017-06-26T22:24:25.946173209Z: [   22.656933] hello_world: loading out-of-tree module taints kernel.
[STDERR  ] 2017-06-26T22:24:25.946178453Z: [   22.659919] Hello LinuxKit
[STDERR  ] 2017-06-26T22:24:25.946183523Z: [   22.767786] Goodbye LinuxKit.
[STDERR  ] 2017-06-26T22:24:25.946186219Z: Kernel module test suite PASSED
[STDERR  ] 2017-06-26T22:24:25.946288089Z:  - 000-check
[STDERR  ] 2017-06-26T22:24:25.946293673Z: [   27.089521] ACPI: Preparing to enter system sleep state S5
[STDERR  ] 2017-06-26T22:24:25.946297283Z: [   27.091756] reboot: Power down
[STDERR  ] 2017-06-26T22:24:25.946571951Z: + exit 0
[STDERR  ] 2017-06-26T22:24:25.94657793Z: + clean_up
[STDERR  ] 2017-06-26T22:24:25.946583125Z: + docker rmi kmod-test
[STDOUT  ] 2017-06-26T22:24:26.011996794Z: Untagged: kmod-test:latest
[STDOUT  ] 2017-06-26T22:24:26.012037694Z: Deleted: sha256:b668e1760c5b3da2e8b906a1461475d830dbbe0a62c033dbd765d4dba6028765
[STDOUT  ] 2017-06-26T22:24:26.012047644Z: Deleted: sha256:eefb79c7453a87b3c1e87f3b6a1d2546bf57ccf251a658783fa6a5660373934a
[STDOUT  ] 2017-06-26T22:24:26.012060759Z: Deleted: sha256:f84965728c0eab990651ce3ab4308785f9212c613e9bd09c18c105c82f77ce22
[STDOUT  ] 2017-06-26T22:24:26.01207021Z: Deleted: sha256:4d1ef930f0105d351a956e93dec470011bc8582801c039b05bdb2745db40e091
[STDOUT  ] 2017-06-26T22:24:26.01207909Z: Deleted: sha256:c845b7cb1a89e64259f2a57b235232ea9ff0b46e80ac9087293a9035a388ddc2
[STDERR  ] 2017-06-26T22:24:26.012909845Z: + find . -depth -iname kmod* -not -iname *.yml -exec rm -rf {} ;
[PASS    ] linuxkit.kernel.kmod_4.9.x 77.84s
