[INFO    ] 2018-04-14T12:16:41.947054650Z: Running Test linuxkit.packages.format_mount.by_name in /tmp/build/test/cases/040_packages/006_format_mount/002_by_name
[INFO    ] 2018-04-14T12:16:41.947147088Z: Running command: [/bin/sh -x /tmp/build/test/cases/040_packages/006_format_mount/002_by_name/test.sh]
[STDERR  ] 2018-04-14T12:16:41.947254415Z: [    0.153053] evm: security.ima
[STDERR  ] 2018-04-14T12:16:41.947298557Z: [    0.154650] evm: security.capability
[STDERR  ] 2018-04-14T12:16:41.947326778Z: [    0.157374] clocksource: jiffies: mask: 0xffffffff max_cycles: 0xffffffff, max_idle_ns: 19112604462750000 ns
[STDERR  ] 2018-04-14T12:16:41.947358016Z: [    0.160022] futex hash table entries: 256 (order: 2, 16384 bytes)
[STDERR  ] 2018-04-14T12:16:41.947389761Z: [    0.170283] NET: Registered protocol family 16
[STDERR  ] 2018-04-14T12:16:41.947415969Z: [    0.173905] cpuidle: using governor ladder
[STDERR  ] 2018-04-14T12:16:41.947442115Z: [    0.176911] cpuidle: using governor menu
[STDERR  ] 2018-04-14T12:16:41.947468483Z: [    0.180160] ACPI: bus type PCI registered
[STDERR  ] 2018-04-14T12:16:41.947495018Z: [    0.183939] PCI: MMCONFIG for domain 0000 [bus 00-ff] at [mem 0xb0000000-0xbfffffff] (base 0xb0000000)
[STDERR  ] 2018-04-14T12:16:41.947521962Z: [    0.190018] PCI: MMCONFIG at [mem 0xb0000000-0xbfffffff] reserved in E820
[STDERR  ] 2018-04-14T12:16:41.947547695Z: [    0.194817] PCI: Using configuration type 1 for base access
[STDERR  ] 2018-04-14T12:16:41.947574499Z: [    0.202009] HugeTLB registered 2.00 MiB page size, pre-allocated 0 pages
[STDERR  ] 2018-04-14T12:16:41.947603260Z: [    0.207723] ACPI: Added _OSI(Module Device)
[STDERR  ] 2018-04-14T12:16:41.947626351Z: [    0.210019] ACPI: Added _OSI(Processor Device)
[STDERR  ] 2018-04-14T12:16:41.947661861Z: [    0.213182] ACPI: Added _OSI(3.0 _SCP Extensions)
[STDERR  ] 2018-04-14T12:16:41.947688641Z: [    0.216752] ACPI: Added _OSI(Processor Aggregator Device)
[STDERR  ] 2018-04-14T12:16:41.947716969Z: [    0.230259] ACPI: Interpreter enabled
[STDERR  ] 2018-04-14T12:16:41.947743730Z: [    0.233050] ACPI: (supports S0 S5)
[STDERR  ] 2018-04-14T12:16:41.947780567Z: [    0.235476] ACPI: Using IOAPIC for interrupt routing
[STDERR  ] 2018-04-14T12:16:41.947808178Z: [    0.240113] PCI: Using host bridge windows from ACPI; if necessary, use "pci=nocrs" and report a bug
[STDERR  ] 2018-04-14T12:16:41.947835155Z: [    0.246918] ACPI: Enabled 1 GPEs in block 00 to 3F
[STDERR  ] 2018-04-14T12:16:41.947862062Z: [    0.253810] ACPI: PCI Root Bridge [PCI0] (domain 0000 [bus 00-ff])
[STDERR  ] 2018-04-14T12:16:41.947889163Z: [    0.258498] acpi PNP0A08:00: _OSC: OS supports [ExtendedConfig ASPM ClockPM Segments MSI]
[STDERR  ] 2018-04-14T12:16:41.947916728Z: [    0.260206] acpi PNP0A08:00: _OSC: OS now controls [PCIeHotplug PME PCIeCapability]
[STDERR  ] 2018-04-14T12:16:41.947942641Z: [    0.270104] PCI host bridge to bus 0000:00
[STDERR  ] 2018-04-14T12:16:41.947970860Z: [    0.273210] pci_bus 0000:00: root bus res
[STDERR  ] 2018-04-14T12:16:41.963937764Z: + set -e
[STDERR  ] 2018-04-14T12:16:41.964085936Z: + . /tmp/build/test/cases/_lib/lib.sh
[STDERR  ] 2018-04-14T12:16:41.964113939Z: + [ -f src/github.com/linuxkit/rtf/lib/lib.sh ]
[STDERR  ] 2018-04-14T12:16:41.964138091Z: + LINUXKIT_TMPDIR=/tmp/build/test/cases/_tmp
[STDERR  ] 2018-04-14T12:16:41.964162165Z: + [ -f /tmp/build/test/cases/_tmp/env.sh ]
[STDERR  ] 2018-04-14T12:16:41.964186994Z: + . /tmp/build/test/cases/_tmp/env.sh
[STDERR  ] 2018-04-14T12:16:41.964218604Z: + export LINUXKIT_EXAMPLES_DIR=/tmp/build/test/cases/../../examples
[STDERR  ] 2018-04-14T12:16:41.964241970Z: + RT_CANCEL=253
[STDERR  ] 2018-04-14T12:16:41.964264495Z: + NAME=test-format
[STDERR  ] 2018-04-14T12:16:41.964287339Z: + DISK=disk.img
[STDERR  ] 2018-04-14T12:16:41.964311576Z: + trap clean_up EXIT
[STDERR  ] 2018-04-14T12:16:41.964336242Z: + [ linux = osx ]
[STDERR  ] 2018-04-14T12:16:41.964358673Z: + DEVICE=/dev/sda
[STDERR  ] 2018-04-14T12:16:41.964386913Z: + sed -e s,@DEVICE@,/dev/sda,g test.yml.in
[STDERR  ] 2018-04-14T12:16:42.003062323Z: + linuxkit build -format kernel+initrd -name test-format test.yml
[STDERR  ] 2018-04-14T12:16:42.032894890Z: Extract kernel image: linuxkit/kernel:4.9.38
[STDERR  ] 2018-04-14T12:16:45.388247262Z: Add init containers:
[STDERR  ] 2018-04-14T12:16:45.388322698Z: Process init image: linuxkit/init:v0.3
[STDERR  ] 2018-04-14T12:16:46.648195603Z: Process init image: linuxkit/runc:v0.3
[STDERR  ] 2018-04-14T12:16:47.841190121Z: Add onboot containers:
[STDERR  ] 2018-04-14T12:16:47.841265398Z:   Create OCI config for linuxkit/format:v0.3
[STDERR  ] 2018-04-14T12:16:49.331167946Z:   Create OCI config for linuxkit/mount:v0.3
[STDERR  ] 2018-04-14T12:16:50.809232215Z:   Create OCI config for alpine:3.7
[STDERR  ] 2018-04-14T12:16:52.029600565Z:   Create OCI config for linuxkit/poweroff:5740687bf0a6a0480922c0f59b3a4ca77c866cae
[STDERR  ] 2018-04-14T12:16:53.281033840Z: Add files:
[STDERR  ] 2018-04-14T12:16:53.281110907Z:   check.sh
[STDERR  ] 2018-04-14T12:16:53.307010641Z: Create outputs:
[STDERR  ] 2018-04-14T12:16:59.896345992Z:   test-format-kernel test-format-initrd.img test-format-cmdline
[STDERR  ] 2018-04-14T12:16:59.969679321Z: + linuxkit run -disk file=disk.img,size=512M test-format
[STDERR  ] 2018-04-14T12:17:00.000155112Z: Unable to find qemu-system-x86_64 within the $PATH. Using a container
[STDERR  ] 2018-04-14T12:17:18.808068314Z: + RESULT=[    0.000000] Linux version 4.9.38-linuxkit (root@e1ede117fb1e) (gcc version 6.3.0 (Alpine 6.3.0) ) #1 SMP Thu Jul 20 16:07:02 UTC 2017
[STDERR  ] 2018-04-14T12:17:18.808129493Z: [    0.000000] Command line: console=ttyS0 console=ttyAMA0
[STDERR  ] 2018-04-14T12:17:18.808140600Z: [    0.000000] x86/fpu: Legacy x87 FPU detected.
[STDERR  ] 2018-04-14T12:17:18.808160259Z: [    0.000000] x86/fpu: Using 'eager' FPU context switches.
[STDERR  ] 2018-04-14T12:17:18.808169977Z: [    0.000000] e820: BIOS-provided physical RAM map:
[STDERR  ] 2018-04-14T12:17:18.808181735Z: [    0.000000] BIOS-e820: [mem 0x0000000000000000-0x000000000009fbff] usable
[STDERR  ] 2018-04-14T12:17:18.808191464Z: [    0.000000] BIOS-e820: [mem 0x000000000009fc00-0x000000000009ffff] reserved
[STDERR  ] 2018-04-14T12:17:18.808205057Z: [    0.000000] BIOS-e820: [mem 0x00000000000f0000-0x00000000000fffff] reserved
[STDERR  ] 2018-04-14T12:17:18.808214405Z: [    0.000000] BIOS-e820: [mem 0x0000000000100000-0x000000003ffdefff] usable
[STDERR  ] 2018-04-14T12:17:18.808222939Z: [    0.000000] BIOS-e820: [mem 0x000000003ffdf000-0x000000003fffffff] reserved
[STDERR  ] 2018-04-14T12:17:18.808231503Z: [    0.000000] BIOS-e820: [mem 0x00000000b0000000-0x00000000bfffffff] reserved
[STDERR  ] 2018-04-14T12:17:18.808240024Z: [    0.000000] BIOS-e820: [mem 0x00000000fed1c000-0x00000000fed1ffff] reserved
[STDERR  ] 2018-04-14T12:17:18.808248494Z: [    0.000000] BIOS-e820: [mem 0x00000000feffc000-0x00000000feffffff] reserved
[STDERR  ] 2018-04-14T12:17:18.808257074Z: [    0.000000] BIOS-e820: [mem 0x00000000fffc0000-0x00000000ffffffff] reserved
[STDERR  ] 2018-04-14T12:17:18.808265668Z: [    0.000000] NX (Execute Disable) protection: active
[STDERR  ] 2018-04-14T12:17:18.808276363Z: [    0.000000] SMBIOS 2.8 present.
[STDERR  ] 2018-04-14T12:17:18.808285437Z: [    0.000000] Hypervisor detected: KVM
[STDERR  ] 2018-04-14T12:17:18.808294003Z: [    0.000000] e820: last_pfn = 0x3ffdf max_arch_pfn = 0x400000000
[STDERR  ] 2018-04-14T12:17:18.808302587Z: [    0.000000] x86/PAT: PAT not supported by CPU.
[STDERR  ] 2018-04-14T12:17:18.808311254Z: [    0.000000] x86/PAT: Configuration [0-7]: WB  WT  UC- UC  WB  WT  UC- UC  
[STDERR  ] 2018-04-14T12:17:18.808319941Z: [    0.000000] found SMP MP-table at [mem 0x000f6aa0-0x000f6aaf] mapped at [ffff8fe4000f6aa0]
[STDERR  ] 2018-04-14T12:17:18.808331149Z: [    0.000000] RAMDISK: [mem 0x3e132000-0x3ffcffff]
[STDERR  ] 2018-04-14T12:17:18.808342827Z: [    0.000000] ACPI: Early table checksum verification disabled
[STDERR  ] 2018-04-14T12:17:18.808355039Z: [    0.000000] ACPI: RSDP 0x00000000000F68B0 000014 (v00 BOCHS )
[STDERR  ] 2018-04-14T12:17:18.808367547Z: [    0.000000] ACPI: RSDT 0x000000003FFE20A8 000034 (v01 BOCHS  BXPCRSDT 00000001 BXPC 00000001)
[STDERR  ] 2018-04-14T12:17:18.808391792Z: [    0.000000] ACPI: FACP 0x000000003FFE1EC8 0000F4 (v03 BOCHS  BXPCFACP 00000001 BXPC 00000001)
[STDERR  ] 2018-04-14T12:17:18.808624676Z: [    0.000000] ACPI: DSDT 0x000000003FFE0040 001E88 (v01 BOCHS  BXPCDSDT 00000001 BXPC 00000001)
[STDERR  ] 2018-04-14T12:17:18.808656485Z: [    0.000000] ACPI: FACS 0x000000003FFE0000 000040
[STDERR  ] 2018-04-14T12:17:18.808665577Z: [    0.000000] ACPI: APIC 0x000000003FFE1FBC 000078 (v01 BOCHS  BXPCAPIC 00000001 BXPC 00000001)
[STDERR  ] 2018-04-14T12:17:18.808673899Z: [    0.000000] ACPI: HPET 0x000000003FFE2034 000038 (v01 BOCHS  BXPCHPET 00000001 BXPC 00000001)
[STDERR  ] 2018-04-14T12:17:18.808682122Z: [    0.000000] ACPI: MCFG 0x000000003FFE206C 00003C (v01 BOCHS  BXPCMCFG 00000001 BXPC 00000001)
[STDERR  ] 2018-04-14T12:17:18.808690427Z: [    0.000000] kvm-clock: Using msrs 4b564d01 and 4b564d00
[STDERR  ] 2018-04-14T12:17:18.808699718Z: [    0.000000] kvm-clock: cpu 0, msr 0:3ffdd001, primary cpu clock
[STDERR  ] 2018-04-14T12:17:18.808708137Z: [    0.000000] clocksource: kvm-clock: mask: 0xffffffffffffffff max_cycles: 0x1cd42e4dffb, max_idle_ns: 881590591483 ns
[STDERR  ] 2018-04-14T12:17:18.808717865Z: [    0.000000] Zone ranges:
[STDERR  ] 2018-04-14T12:17:18.808726301Z: [    0.000000]   DMA      [mem 0x0000000000001000-0x0000000000ffffff]
[STDERR  ] 2018-04-14T12:17:18.808735348Z: [    0.000000]   DMA32    [mem 0x0000000001000000-0x000000003ffdefff]
[STDERR  ] 2018-04-14T12:17:18.808743445Z: [    0.000000]   Normal   empty
[STDERR  ] 2018-04-14T12:17:18.808751925Z: [    0.000000] Movable zone start for each node
[STDERR  ] 2018-04-14T12:17:18.808760233Z: [    0.000000] Early memory node ranges
[STDERR  ] 2018-04-14T12:17:18.808775587Z: [    0.000000]   node   0: [mem 0x0000000000001000-0x000000000009efff]
[STDERR  ] 2018-04-14T12:17:18.808798661Z: [    0.000000]   node   0: [mem 0x0000000000100000-0x000000003ffdefff]
[STDERR  ] 2018-04-14T12:17:18.808816524Z: [    0.000000] Initmem setup node 0 [mem 0x0000000000001000-0x000000003ffdefff]
[STDERR  ] 2018-04-14T12:17:18.808829459Z: [    0.000000] ACPI: PM-Timer IO Port: 0x608
[STDERR  ] 2018-04-14T12:17:18.808841376Z: [    0.000000] ACPI: LAPIC_NMI (acpi_id[0xff] dfl dfl lint[0x1])
[STDERR  ] 2018-04-14T12:17:18.808853894Z: [    0.000000] IOAPIC[0]: apic_id 0, version 17, address 0xfec00000, GSI 0-23
[STDERR  ] 2018-04-14T12:17:18.808865135Z: [    0.000000] ACPI: INT_SRC_OVR (bus 0 bus_irq 0 global_irq 2 dfl dfl)
[STDERR  ] 2018-04-14T12:17:18.808876656Z: [    0.000000] ACPI: INT_SRC_OVR (bus 0 bus_irq 5 global_irq 5 high level)
[STDERR  ] 2018-04-14T12:17:18.808888816Z: [    0.000000] ACPI: INT_SRC_OVR (bus 0 bus_irq 9 global_irq 9 high level)
[STDERR  ] 2018-04-14T12:17:18.808941183Z: [    0.000000] ACPI: INT_SRC_OVR (bus 0 bus_irq 10 global_irq 10 high level)
[STDERR  ] 2018-04-14T12:17:18.808949830Z: [    0.000000] ACPI: INT_SRC_OVR (bus 0 bus_irq 11 global_irq 11 high level)
[STDERR  ] 2018-04-14T12:17:18.808958000Z: [    0.000000] Using ACPI (MADT) for SMP configuration information
[STDERR  ] 2018-04-14T12:17:18.808969106Z: [    0.000000] ACPI: HPET id: 0x8086a201 base: 0xfed00000
[STDERR  ] 2018-04-14T12:17:18.808977164Z: [    0.000000] smpboot: Allowing 1 CPUs, 0 hotplug CPUs
[STDERR  ] 2018-04-14T12:17:18.808985086Z: [    0.000000] e820: [mem 0x40000000-0xafffffff] available for PCI devices
[STDERR  ] 2018-04-14T12:17:18.808992975Z: [    0.000000] Booting paravirtualized kernel on KVM
[STDERR  ] 2018-04-14T12:17:18.809001869Z: [    0.000000] clocksource: refined-jiffies: mask: 0xffffffff max_cycles: 0xffffffff, max_idle_ns: 19112604462750000 ns
[STDERR  ] 2018-04-14T12:17:18.809010045Z: [    0.000000] setup_percpu: NR_CPUS:128 nr_cpumask_bits:128 nr_cpu_ids:1 nr_node_ids:1
[STDERR  ] 2018-04-14T12:17:18.809018493Z: [    0.000000] percpu: Embedded 35 pages/cpu @ffff8fe43de00000 s105176 r8192 d29992 u2097152
[STDERR  ] 2018-04-14T12:17:18.809026729Z: [    0.000000] KVM setup async PF for cpu 0
[STDERR  ] 2018-04-14T12:17:18.809041820Z: [    0.000000] kvm-stealtime: cpu 0, msr 3de0d580
[STDERR  ] 2018-04-14T12:17:18.809053617Z: [    0.000000] Built 1 zonelists in Zone order, mobility grouping on.  Total pages: 257896
[STDERR  ] 2018-04-14T12:17:18.809065767Z: [    0.000000] Kernel command line: console=ttyS0 console=ttyAMA0
[STDERR  ] 2018-04-14T12:17:18.809082633Z: [    0.000000] PID hash table entries: 4096 (order: 3, 32768 bytes)
[STDERR  ] 2018-04-14T12:17:18.809094060Z: [    0.000000] Dentry cache hash table entries: 131072 (order: 8, 1048576 bytes)
[STDERR  ] 2018-04-14T12:17:18.809108299Z: [    0.000000] Inode-cache hash table entries: 65536 (order: 7, 524288 bytes)
[STDERR  ] 2018-04-14T12:17:18.809119335Z: [    0.000000] Memory: 982812K/1048052K available (8026K kernel code, 1366K rwdata, 2696K rodata, 1380K init, 568K bss, 65240K reserved, 0K cma-reserved)
[STDERR  ] 2018-04-14T12:17:18.809131240Z: [    0.000000] Hierarchical RCU implementation.
[STDERR  ] 2018-04-14T12:17:18.809141748Z: [    0.000000] 	Build-time adjustment of leaf fanout to 64.
[STDERR  ] 2018-04-14T12:17:18.809155404Z: [    0.000000] 	RCU restricting CPUs from NR_CPUS=128 to nr_cpu_ids=1.
[STDERR  ] 2018-04-14T12:17:18.809167763Z: [    0.000000] RCU: Adjusting geometry for rcu_fanout_leaf=64, nr_cpu_ids=1
[STDERR  ] 2018-04-14T12:17:18.809179224Z: [    0.000000] NR_IRQS:8448 nr_irqs:256 16
[STDERR  ] 2018-04-14T12:17:18.809191983Z: [    0.000000] Console: colour VGA+ 80x25
[STDERR  ] 2018-04-14T12:17:18.809199977Z: [    0.000000] console [ttyS0] enabled
[STDERR  ] 2018-04-14T12:17:18.809207763Z: [    0.000000] clocksource: hpet: mask: 0xffffffff max_cycles: 0xffffffff, max_idle_ns: 19112604467 ns
[STDERR  ] 2018-04-14T12:17:18.809216444Z: [    0.000000] tsc: Detected 2299.930 MHz processor
[STDERR  ] 2018-04-14T12:17:18.809224343Z: [    0.020000] Calibrating delay loop (skipped) preset value.. 4599.86 BogoMIPS (lpj=22999300)
[STDERR  ] 2018-04-14T12:17:18.809232788Z: [    0.020028] pid_max: default: 32768 minimum: 301
[STDERR  ] 2018-04-14T12:17:18.809240964Z: [    0.023657] ACPI: Core revision 20160831
[STDERR  ] 2018-04-14T12:17:18.809251997Z: [    0.027589] ACPI: 1 ACPI AML tables successfully acquired and loaded
[STDERR  ] 2018-04-14T12:17:18.809259895Z: [    0.030158] Security Framework initialized
[STDERR  ] 2018-04-14T12:17:18.809270699Z: [    0.033378] Yama: becoming mindful.
[STDERR  ] 2018-04-14T12:17:18.809278642Z: [    0.036256] Mount-cache hash table entries: 2048 (order: 2, 16384 bytes)
[STDERR  ] 2018-04-14T12:17:18.809291206Z: [    0.040032] Mountpoint-cache hash table entries: 2048 (order: 2, 16384 bytes)
[STDERR  ] 2018-04-14T12:17:18.809299482Z: [    0.050963] CPU: Physical Processor ID: 0
[STDERR  ] 2018-04-14T12:17:18.809309953Z: [    0.054628] Last level iTLB entries: 4KB 0, 2MB 0, 4MB 0
[STDERR  ] 2018-04-14T12:17:18.809318012Z: [    0.058866] Last level dTLB entries: 4KB 0, 2MB 0, 4MB 0, 1GB 0
[STDERR  ] 2018-04-14T12:17:18.809328449Z: [    0.170698] Freeing SMP alternatives memory: 20K (ffffffff9eeb0000 - ffffffff9eeb5000)
[STDERR  ] 2018-04-14T12:17:18.809341814Z: [    0.203596] ftrace: allocating 35489 entries in 139 pages
[STDERR  ] 2018-04-14T12:17:18.809352732Z: [    0.220170] smpboot: Max logical packages: 1
[STDERR  ] 2018-04-14T12:17:18.809360568Z: [    0.226314] x2apic enabled
[STDERR  ] 2018-04-14T12:17:18.809373384Z: [    0.230028] Switched APIC routing to physical x2apic.
[STDERR  ] 2018-04-14T12:17:18.809381351Z: [    0.246765] ..TIMER: vector=0x30 apic1=0 pin1=2 apic2=-1 pin2=-1
[STDERR  ] 2018-04-14T12:17:18.809389419Z: [    0.250000] smpboot: CPU0: Intel QEMU Virtual CPU version 2.5+ (family: 0x6, model: 0x6, stepping: 0x3)
[STDERR  ] 2018-04-14T12:17:18.809397676Z: [    0.250000] Performance Events: PMU not available due to virtualization, using software events only.
[STDERR  ] 2018-04-14T12:17:18.809408139Z: [    0.260760] x86: Booted up 1 node, 1 CPUs
[STDERR  ] 2018-04-14T12:17:18.809416238Z: [    0.264317] smpboot: Total of 1 processors activated (4599.86 BogoMIPS)
[STDERR  ] 2018-04-14T12:17:18.809428073Z: [    0.271885] devtmpfs: initialized
[STDERR  ] 2018-04-14T12:17:18.809442418Z: [    0.274809] x86/mm: Memory block size: 128MB
[STDERR  ] 2018-04-14T12:17:18.809454507Z: [    0.284295] clocksource: jiffies: mask: 0xffffffff max_cycles: 0xffffffff, max_idle_ns: 19112604462750000 ns
[STDERR  ] 2018-04-14T12:17:18.809469222Z: [    0.290064] futex hash table entries: 256 (order: 2, 16384 bytes)
[STDERR  ] 2018-04-14T12:17:18.809477382Z: [    0.300200] NET: Registered protocol family 16
[STDERR  ] 2018-04-14T12:17:18.809487880Z: [    0.304310] cpuidle: using governor ladder
[STDERR  ] 2018-04-14T12:17:18.809498174Z: [    0.307953] cpuidle: using governor menu
[STDERR  ] 2018-04-14T12:17:18.809511557Z: [    0.310376] ACPI: bus type PCI registered
[STDERR  ] 2018-04-14T12:17:18.809519582Z: [    0.313938] PCI: MMCONFIG for domain 0000 [bus 00-ff] at [mem 0xb0000000-0xbfffffff] (base 0xb0000000)
[STDERR  ] 2018-04-14T12:17:18.809532792Z: [    0.320016] PCI: MMCONFIG at [mem 0xb0000000-0xbfffffff] reserved in E820
[STDERR  ] 2018-04-14T12:17:18.809540733Z: [    0.325811] PCI: Using configuration type 1 for base access
[STDERR  ] 2018-04-14T12:17:18.809551141Z: [    0.331946] HugeTLB registered 2 MB page size, pre-allocated 0 pages
[STDERR  ] 2018-04-14T12:17:18.809559208Z: [    0.337151] ACPI: Added _OSI(Module Device)
[STDERR  ] 2018-04-14T12:17:18.809567038Z: [    0.340014] ACPI: Added _OSI(Processor Device)
[STDERR  ] 2018-04-14T12:17:18.809577302Z: [    0.343659] ACPI: Added _OSI(3.0 _SCP Extensions)
[STDERR  ] 2018-04-14T12:17:18.809585629Z: [    0.350013] ACPI: Added _OSI(Processor Aggregator Device)
[STDERR  ] 2018-04-14T12:17:18.809595762Z: [    0.360246] ACPI: Interpreter enabled
[STDERR  ] 2018-04-14T12:17:18.809603644Z: [    0.363275] ACPI: (supports S0 S5)
[STDERR  ] 2018-04-14T12:17:18.809616032Z: [    0.366055] ACPI: Using IOAPIC for interrupt routing
[STDERR  ] 2018-04-14T12:17:18.809624127Z: [    0.370087] PCI: Using host bridge windows from ACPI; if necessary, use "pci=nocrs" and report a bug
[STDERR  ] 2018-04-14T12:17:18.809634550Z: [    0.381734] ACPI: PCI Root Bridge [PCI0] (domain 0000 [bus 00-ff])
[STDERR  ] 2018-04-14T12:17:18.809642390Z: [    0.387054] acpi PNP0A08:00: _OSC: OS supports [ExtendedConfig ASPM ClockPM Segments MSI]
[STDERR  ] 2018-04-14T12:17:18.809653164Z: [    0.390257] acpi PNP0A08:00: _OSC: OS now controls [PCIeHotplug PME PCIeCapability]
[STDERR  ] 2018-04-14T12:17:18.809665956Z: [    0.400108] PCI host bridge to bus 0000:00
[STDERR  ] 2018-04-14T12:17:18.809673928Z: [    0.403347] pci_bus 0000:00: root bus resource [io  0x0000-0x0cf7 window]
[STDERR  ] 2018-04-14T12:17:18.809686531Z: [    0.408355] pci_bus 0000:00: root bus resource [io  0x0d00-0xffff window]
[STDERR  ] 2018-04-14T12:17:18.809694339Z: [    0.410016] pci_bus 0000:00: root bus resource [mem 0x000a0000-0x000bffff window]
[STDERR  ] 2018-04-14T12:17:18.809702200Z: [    0.415789] pci_bus 0000:00: root bus resource [mem 0xc0000000-0xfebfffff window]
[STDERR  ] 2018-04-14T12:17:18.809712501Z: [    0.420016] pci_bus 0000:00: root bus resource [bus 00-ff]
[STDERR  ] 2018-04-14T12:17:18.809720510Z: [    0.617437] pci 0000:00:1f.0: quirk: [io  0x0600-0x067f] claimed by ICH6 ACPI/GPIO/TCO
[STDERR  ] 2018-04-14T12:17:18.809728392Z: [    0.710921] ACPI: PCI Interrupt Link [LNKA] (IRQs 5 *10 11)
[STDERR  ] 2018-04-14T12:17:18.809736360Z: [    0.716630] ACPI: PCI Interrupt Link [LNKB] (IRQs 5 *10 11)
[STDERR  ] 2018-04-14T12:17:18.809748983Z: [    0.721822] ACPI: PCI Interrupt Link [LNKC] (IRQs 5 10 *11)
[STDERR  ] 2018-04-14T12:17:18.809756791Z: [    0.727315] ACPI: PCI Interrupt Link [LNKD] (IRQs 5 10 *11)
[STDERR  ] 2018-04-14T12:17:18.809764558Z: [    0.731915] ACPI: PCI Interrupt Link [LNKE] (IRQs 5 *10 11)
[STDERR  ] 2018-04-14T12:17:18.809774578Z: [    0.737648] ACPI: PCI Interrupt Link [LNKF] (IRQs 5 *10 11)
[STDERR  ] 2018-04-14T12:17:18.809782488Z: [    0.741879] ACPI: PCI Interrupt Link [LNKG] (IRQs 5 10 *11)
[STDERR  ] 2018-04-14T12:17:18.809792980Z: [    0.750870] ACPI: PCI Interrupt Link [LNKH] (IRQs 5 10 *11)
[STDERR  ] 2018-04-14T12:17:18.809807067Z: [    0.756364] ACPI: PCI Interrupt Link [GSIA] (IRQs *16)
[STDERR  ] 2018-04-14T12:17:18.809818769Z: [    0.760895] ACPI: PCI Interrupt Link [GSIB] (IRQs *17)
[STDERR  ] 2018-04-14T12:17:18.809829353Z: [    0.765629] ACPI: PCI Interrupt Link [GSIC] (IRQs *18)
[STDERR  ] 2018-04-14T12:17:18.809841050Z: [    0.770552] ACPI: PCI Interrupt Link [GSID] (IRQs *19)
[STDERR  ] 2018-04-14T12:17:18.809851645Z: [    0.775143] ACPI: PCI Interrupt Link [GSIE] (IRQs *20)
[STDERR  ] 2018-04-14T12:17:18.809859546Z: [    0.780056] ACPI: PCI Interrupt Link [GSIF] (IRQs *21)
[STDERR  ] 2018-04-14T12:17:18.810001637Z: [    0.784732] ACPI: PCI Interrupt Link [GSIG] (IRQs *22)
[STDERR  ] 2018-04-14T12:17:18.810054007Z: [    0.789433] ACPI: PCI Interrupt Link [GSIH] (IRQs *23)
[STDERR  ] 2018-04-14T12:17:18.810069635Z: [    0.791174] ACPI: Enabled 1 GPEs in block 00 to 3F
[STDERR  ] 2018-04-14T12:17:18.810085810Z: [    0.796130] SCSI subsystem initialized
[STDERR  ] 2018-04-14T12:17:18.810105524Z: [    0.800117] ACPI: bus type USB registered
[STDERR  ] 2018-04-14T12:17:18.810126845Z: [    0.803669] usbcore: registered new interface driver usbfs
[STDERR  ] 2018-04-14T12:17:18.810142904Z: [    0.810065] usbcore: registered new interface driver hub
[STDERR  ] 2018-04-14T12:17:18.810157970Z: [    0.814527] usbcore: registered new device driver usb
[STDERR  ] 2018-04-14T12:17:18.810171318Z: [    0.818766] pps_core: LinuxPPS API ver. 1 registered
[STDERR  ] 2018-04-14T12:17:18.810186469Z: [    0.820011] pps_core: Software ver. 5.3.6 - Copyright 2005-2007 Rodolfo Giometti <giometti@linux.it>
[STDERR  ] 2018-04-14T12:17:18.810204722Z: [    0.830035] PTP clock support registered
[STDERR  ] 2018-04-14T12:17:18.810226179Z: [    0.833407] wmi: Mapper loaded
[STDERR  ] 2018-04-14T12:17:18.810238476Z: [    0.835976] PCI: Using ACPI for IRQ routing
[STDERR  ] 2018-04-14T12:17:18.810253868Z: [    1.240415] NetLabel: Initializing
[STDERR  ] 2018-04-14T12:17:18.810270114Z: [    1.243479] NetLabel:  domain hash size = 128
[STDERR  ] 2018-04-14T12:17:18.810290040Z: [    1.247312] NetLabel:  protocols = UNLABELED CIPSOv4
[STDERR  ] 2018-04-14T12:17:18.810306568Z: [    1.250045] NetLabel:  unlabeled traffic allowed by default
[STDERR  ] 2018-04-14T12:17:18.810322361Z: [    1.255068] HPET: 3 timers in total, 0 timers will be used for per-cpu timer
[STDERR  ] 2018-04-14T12:17:18.810338257Z: [    1.260124] hpet0: at MMIO 0xfed00000, IRQs 2, 8, 0
[STDERR  ] 2018-04-14T12:17:18.810354692Z: [    1.264354] hpet0: 3 comparators, 64-bit 100.000000 MHz counter
[STDERR  ] 2018-04-14T12:17:18.810371308Z: [    1.273517] clocksource: Switched to clocksource kvm-clock
[STDERR  ] 2018-04-14T12:17:18.810390741Z: [    1.292686] VFS: Disk quotas dquot_6.6.0
[STDERR  ] 2018-04-14T12:17:18.810413329Z: [    1.296228] VFS: Dquot-cache hash table entries: 512 (order 0, 4096 bytes)
[STDERR  ] 2018-04-14T12:17:18.810431341Z: [    1.302113] FS-Cache: Loaded
[STDERR  ] 2018-04-14T12:17:18.810448436Z: [    1.304887] CacheFiles: Loaded
[STDERR  ] 2018-04-14T12:17:18.810464837Z: [    1.307560] pnp: PnP ACPI init
[STDERR  ] 2018-04-14T12:17:18.810482045Z: [    1.311325] pnp: PnP ACPI: found 5 devices
[STDERR  ] 2018-04-14T12:17:18.810501585Z: [    1.320977] clocksource: acpi_pm: mask: 0xffffff max_cycles: 0xffffff, max_idle_ns: 2085701024 ns
[STDERR  ] 2018-04-14T12:17:18.810518487Z: [    1.328628] NET: Registered protocol family 2
[STDERR  ] 2018-04-14T12:17:18.810535179Z: [    1.332575] TCP established hash table entries: 8192 (order: 4, 65536 bytes)
[STDERR  ] 2018-04-14T12:17:18.810552713Z: [    1.338423] TCP bind hash table entries: 8192 (order: 5, 131072 bytes)
[STDERR  ] 2018-04-14T12:17:18.810568764Z: [    1.344138] TCP: Hash tables configured (established 8192 bind 8192)
[STDERR  ] 2018-04-14T12:17:18.810586920Z: [    1.350827] UDP hash table entries: 512 (order: 2, 16384 bytes)
[STDERR  ] 2018-04-14T12:17:18.810602242Z: [    1.355422] UDP-Lite hash table entries: 512 (order: 2, 16384 bytes)
[STDERR  ] 2018-04-14T12:17:18.810618793Z: [    1.360611] NET: Registered protocol family 1
[STDERR  ] 2018-04-14T12:17:18.810640967Z: [    1.364407] pci 0000:00:01.0: Video device with shadowed ROM at [mem 0x000c0000-0x000dffff]
[STDERR  ] 2018-04-14T12:17:18.810657821Z: [    1.371786] Unpacking initramfs...
[STDERR  ] 2018-04-14T12:17:18.810680879Z: [    2.052964] Freeing initrd memory: 31352K (ffff8fe43e132000 - ffff8fe43ffd0000)
[STDERR  ] 2018-04-14T12:17:18.810697409Z: [    2.059792] PCLMULQDQ-NI instructions are not detected.
[STDERR  ] 2018-04-14T12:17:18.810710787Z: [    2.064178] AVX or AES-NI instructions are not detected.
[STDERR  ] 2018-04-14T12:17:18.810726703Z: [    2.068110] CPU feature 'AVX registers' is not supported.
[STDERR  ] 2018-04-14T12:17:18.810742877Z: [    2.072373] CPU feature 'AVX registers' is not supported.
[STDERR  ] 2018-04-14T12:17:18.810758846Z: [    2.076679] CPU feature 'AVX registers' is not supported.
[STDERR  ] 2018-04-14T12:17:18.810774927Z: [    2.080722] CPU feature 'AVX registers' is not supported.
[STDERR  ] 2018-04-14T12:17:18.810793123Z: [    2.084883] AVX2 or AES-NI instructions are not detected.
[STDERR  ] 2018-04-14T12:17:18.810811854Z: [    2.088945] AVX2 instructions are not detected.
[STDERR  ] 2018-04-14T12:17:18.810829659Z: [    2.092698] audit: initializing netlink subsys (disabled)
[STDERR  ] 2018-04-14T12:17:18.810859173Z: [    2.097249] audit: type=2000 audit(1523708224.107:1): initialized
[STDERR  ] 2018-04-14T12:17:18.810873701Z: [    2.103157] workingset: timestamp_bits=46 max_order=18 bucket_order=0
[STDERR  ] 2018-04-14T12:17:18.810893767Z: [    2.109577] FS-Cache: Netfs 'cifs' registered for caching
[STDERR  ] 2018-04-14T12:17:18.810913241Z: [    2.114520] fuse init (API version 7.26)
[STDERR  ] 2018-04-14T12:17:18.810929975Z: [    2.117845] SGI XFS with ACLs, security attributes, no debug enabled
[STDERR  ] 2018-04-14T12:17:18.810952006Z: [    2.123443] 9p: Installing v9fs 9p2000 file system support
[STDERR  ] 2018-04-14T12:17:18.810972376Z: [    2.127719] FS-Cache: Netfs '9p' registered for caching
[STDERR  ] 2018-04-14T12:17:18.810988540Z: [    2.133175] NET: Registered protocol family 38
[STDERR  ] 2018-04-14T12:17:18.811005898Z: [    2.136769] Key type asymmetric registered
[STDERR  ] 2018-04-14T12:17:18.811022022Z: [    2.140261] Asymmetric key parser 'x509' registered
[STDERR  ] 2018-04-14T12:17:18.811037604Z: [    2.144297] Block layer SCSI generic (bsg) driver version 0.4 loaded (major 251)
[STDERR  ] 2018-04-14T12:17:18.811054239Z: [    2.149753] io scheduler noop registered
[STDERR  ] 2018-04-14T12:17:18.811071431Z: [    2.152625] io scheduler deadline registered (default)
[STDERR  ] 2018-04-14T12:17:18.811084831Z: [    2.156320] io scheduler cfq registered
[STDERR  ] 2018-04-14T12:17:18.811102036Z: [    2.159283] pci_hotplug: PCI Hot Plug PCI Core version: 0.5
[STDERR  ] 2018-04-14T12:17:18.811118382Z: [    2.163781] pciehp: PCI Express Hot Plug Controller Driver version: 0.4
[STDERR  ] 2018-04-14T12:17:18.811135176Z: [    2.168958] shpchp: Standard Hot Plug PCI Controller Driver version: 0.4
[STDERR  ] 2018-04-14T12:17:18.811153219Z: [    2.173965] hv_vmbus: registering driver hyperv_fb
[STDERR  ] 2018-04-14T12:17:18.811170440Z: [    2.177502] input: Power Button as /devices/LNXSYSTM:00/LNXPWRBN:00/input/input0
[STDERR  ] 2018-04-14T12:17:18.811187928Z: [    2.182768] ACPI: Power Button [PWRF]
[STDERR  ] 2018-04-14T12:17:18.811206250Z: [    2.185833] GHES: HEST is not enabled!
[STDERR  ] 2018-04-14T12:17:18.811222775Z: [    2.189314] ACPI: PCI Interrupt Link [GSIG] enabled at IRQ 22
[STDERR  ] 2018-04-14T12:17:18.811238963Z: [    2.199809] ACPI: PCI Interrupt Link [GSIH] enabled at IRQ 23
[STDERR  ] 2018-04-14T12:17:18.811254963Z: [    2.211218] xenfs: not registering filesystem on non-xen platform
[STDERR  ] 2018-04-14T12:17:18.811271901Z: [    2.216161] Serial: 8250/16550 driver, 4 ports, IRQ sharing disabled
[STDERR  ] 2018-04-14T12:17:18.811292133Z: [    2.252789] 00:04: ttyS0 at I/O 0x3f8 (irq = 4, base_baud = 115200) is a 16550A
[STDERR  ] 2018-04-14T12:17:18.811308539Z: [    2.259494] Non-volatile memory driver v1.3
[STDERR  ] 2018-04-14T12:17:18.811327250Z: [    2.265753] Hangcheck: starting hangcheck timer 0.9.1 (tick is 180 seconds, margin is 60 seconds).
[STDERR  ] 2018-04-14T12:17:18.811344608Z: [    2.273236] random: fast init done
[STDERR  ] 2018-04-14T12:17:18.811368426Z: [    2.276207] random: crng init done
[STDERR  ] 2018-04-14T12:17:18.811384892Z: [    2.280820] loop: module loaded
[STDERR  ] 2018-04-14T12:17:18.811401032Z: [    2.284214] nbd: registered device at major 43
[STDERR  ] 2018-04-14T12:17:18.811417674Z: [    2.289713] lpc_ich 0000:00:1f.0: I/O space for GPIO uninitialized
[STDERR  ] 2018-04-14T12:17:18.811430408Z: [    2.294830] VMware PVSCSI driver - version 1.0.7.0-k
[STDERR  ] 2018-04-14T12:17:18.811447418Z: [    2.298742] hv_vmbus: registering driver hv_storvsc
[STDERR  ] 2018-04-14T12:17:18.811464639Z: [    2.303223] ACPI: PCI Interrupt Link [GSIA] enabled at IRQ 16
[STDERR  ] 2018-04-14T12:17:18.811479390Z: [    2.311191] ahci 0000:00:1f.2: AHCI 0001.0000 32 slots 6 ports 1.5 Gbps 0x3f impl SATA mode
[STDERR  ] 2018-04-14T12:17:18.811497032Z: [    2.317530] ahci 0000:00:1f.2: flags: 64bit ncq only 
[STDERR  ] 2018-04-14T12:17:18.811514479Z: [    2.325159] scsi host0: ahci
[STDERR  ] 2018-04-14T12:17:18.811528545Z: [    2.327727] scsi host1: ahci
[STDERR  ] 2018-04-14T12:17:18.811541464Z: [    2.330360] scsi host2: ahci
[STDERR  ] 2018-04-14T12:17:18.811567522Z: [    2.332888] scsi host3: ahci
[STDERR  ] 2018-04-14T12:17:18.811580415Z: [    2.335389] scsi host4: ahci
[STDERR  ] 2018-04-14T12:17:18.811600397Z: [    2.337865] scsi host5: ahci
[STDERR  ] 2018-04-14T12:17:18.811616868Z: [    2.340261] ata1: SATA max UDMA/133 abar m4096@0xfebd2000 port 0xfebd2100 irq 24
[STDERR  ] 2018-04-14T12:17:18.811631864Z: [    2.345833] ata2: SATA max UDMA/133 abar m4096@0xfebd2000 port 0xfebd2180 irq 24
[STDERR  ] 2018-04-14T12:17:18.811648526Z: [    2.351667] ata3: SATA max UDMA/133 abar m4096@0xfebd2000 port 0xfebd2200 irq 24
[STDERR  ] 2018-04-14T12:17:18.811663756Z: [    2.357316] ata4: SATA max UDMA/133 abar m4096@0xfebd2000 port 0xfebd2280 irq 24
[STDERR  ] 2018-04-14T12:17:18.811676640Z: [    2.363313] ata5: SATA max UDMA/133 abar m4096@0xfebd2000 port 0xfebd2300 irq 24
[STDERR  ] 2018-04-14T12:17:18.811692904Z: [    2.368954] ata6: SATA max UDMA/133 abar m4096@0xfebd2000 port 0xfebd2380 irq 24
[STDERR  ] 2018-04-14T12:17:18.811704472Z: [    2.377047] tun: Universal TUN/TAP device driver, 1.6
[STDERR  ] 2018-04-14T12:17:18.811722780Z: [    2.381177] tun: (C) 1999-2004 Max Krasnyansky <maxk@qualcomm.com>
[STDERR  ] 2018-04-14T12:17:18.811740052Z: [    2.390248] VMware vmxnet3 virtual NIC driver - version 1.4.a.0-k-NAPI
[STDERR  ] 2018-04-14T12:17:18.811755283Z: [    2.395560] hv_vmbus: registering driver hv_netvsc
[STDERR  ] 2018-04-14T12:17:18.811767809Z: [    2.399371] Fusion MPT base driver 3.04.20
[STDERR  ] 2018-04-14T12:17:18.811782193Z: [    2.402763] Copyright (c) 1999-2008 LSI Corporation
[STDERR  ] 2018-04-14T12:17:18.811794676Z: [    2.406620] Fusion MPT SPI Host driver 3.04.20
[STDERR  ] 2018-04-14T12:17:18.811806614Z: [    2.410270] i8042: PNP: PS/2 Controller [PNP0303:KBD,PNP0f13:MOU] at 0x60,0x64 irq 1,12
[STDERR  ] 2018-04-14T12:17:18.811819309Z: [    2.420109] serio: i8042 KBD port at 0x60,0x64 irq 1
[STDERR  ] 2018-04-14T12:17:18.811833158Z: [    2.424124] serio: i8042 AUX port at 0x60,0x64 irq 12
[STDERR  ] 2018-04-14T12:17:18.811911695Z: [    2.428220] hv_vmbus: registering driver hyperv_keyboard
[STDERR  ] 2018-04-14T12:17:18.811924584Z: [    2.432742] mousedev: PS/2 mouse device common for all mice
[STDERR  ] 2018-04-14T12:17:18.811939736Z: [    2.438672] input: AT Translated Set 2 keyboard as /devices/platform/i8042/serio0/input/input1
[STDERR  ] 2018-04-14T12:17:18.811952308Z: [    2.445829] input: PC Speaker as /devices/platform/pcspkr/input/input2
[STDERR  ] 2018-04-14T12:17:18.811969199Z: [    2.451221] rtc_cmos 00:00: RTC can wake from S4
[STDERR  ] 2018-04-14T12:17:18.811982971Z: [    2.457252] rtc_cmos 00:00: rtc core: registered rtc_cmos as rtc0
[STDERR  ] 2018-04-14T12:17:18.812002773Z: [    2.463151] rtc_cmos 00:00: alarms up to one day, y3k, 114 bytes nvram, hpet irqs
[STDERR  ] 2018-04-14T12:17:18.812019533Z: [    2.468681] i2c /dev entries driver
[STDERR  ] 2018-04-14T12:17:18.812036867Z: [    2.471593] device-mapper: ioctl: 4.35.0-ioctl (2016-06-23) initialised: dm-devel@redhat.com
[STDERR  ] 2018-04-14T12:17:18.812055906Z: [    2.479025] usbcore: registered new interface driver usbhid
[STDERR  ] 2018-04-14T12:17:18.812071927Z: [    2.483465] usbhid: USB HID core driver
[STDERR  ] 2018-04-14T12:17:18.812084679Z: [    2.486546] hv_utils: Registering HyperV Utility Driver
[STDERR  ] 2018-04-14T12:17:18.812100994Z: [    2.490958] hv_vmbus: registering driver hv_util
[STDERR  ] 2018-04-14T12:17:18.812117895Z: [    2.494953] hv_vmbus: registering driver hv_balloon
[STDERR  ] 2018-04-14T12:17:18.812131171Z: [    2.498988] oprofile: using NMI interrupt.
[STDERR  ] 2018-04-14T12:17:18.812146845Z: [    2.502441] GACT probability on
[STDERR  ] 2018-04-14T12:17:18.812160657Z: [    2.504943] Mirror/redirect action on
[STDERR  ] 2018-04-14T12:17:18.812176275Z: [    2.507908] Simple TC action Loaded
[STDERR  ] 2018-04-14T12:17:18.812190823Z: [    2.510861] u32 classifier
[STDERR  ] 2018-04-14T12:17:18.812202239Z: [    2.513150]     Performance counters on
[STDERR  ] 2018-04-14T12:17:18.812217272Z: [    2.516191]     input device check on
[STDERR  ] 2018-04-14T12:17:18.812230382Z: [    2.519096]     Actions configured
[STDERR  ] 2018-04-14T12:17:18.812246586Z: [    2.521754] Netfilter messages via NETLINK v0.30.
[STDERR  ] 2018-04-14T12:17:18.812262259Z: [    2.525415] nfnl_acct: registering with nfnetlink.
[STDERR  ] 2018-04-14T12:17:18.812606965Z: [    2.529372] nf_conntrack version 0.5.0 (8192 buckets, 32768 max)
[STDOUT  ] 2018-04-14T12:17:18.812577578Z: [    0.000000] Linux version 4.9.38-linuxkit (root@e1ede117fb1e) (gcc version 6.3.0 (Alpine 6.3.0) ) #1 SMP Thu Jul 20 16:07:02 UTC 2017
[STDERR  ] 2018-04-14T12:17:18.812656415Z: [    2.534275] ctnetlink v0.93: registering with nfnetlink.
[STDERR  ] 2018-04-14T12:17:18.812701873Z: [    2.538409] nf_tables: (c) 2007-2009 Patrick McHardy <kaber@trash.net>
[STDERR  ] 2018-04-14T12:17:18.812731715Z: [    2.543462] nf_tables_compat: (c) 2012 Pablo Neira Ayuso <pablo@netfilter.org>
[STDERR  ] 2018-04-14T12:17:18.812787432Z: [    2.549228] xt_time: kernel timezone is -0000
[STDERR  ] 2018-04-14T12:17:18.812829366Z: [    2.552806] ip_set: protocol 6
[STDERR  ] 2018-04-14T12:17:18.812864777Z: [    2.555208] IPVS: Registered protocols (TCP, UDP, SCTP, AH, ESP)
[STDERR  ] 2018-04-14T12:17:18.812893577Z: [    2.559680] IPVS: Connection hash table configured (size=4096, memory=64Kbytes)
[STDERR  ] 2018-04-14T12:17:18.812940353Z: [    2.565405] IPVS: Creating netns size=2104 id=0
[STDERR  ] 2018-04-14T12:17:18.812968237Z: [    2.569873] IPVS: ipvs loaded.
[STDERR  ] 2018-04-14T12:17:18.813003178Z: [    2.572366] IPVS: [rr] scheduler registered.
[STDERR  ] 2018-04-14T12:17:18.813027892Z: [    2.575517] IPVS: [wrr] scheduler registered.
[STDERR  ] 2018-04-14T12:17:18.813065289Z: [    2.578743] IPVS: [lc] scheduler registered.
[STDERR  ] 2018-04-14T12:17:18.813091266Z: [    2.582120] IPVS: [wlc] scheduler registered.
[STDERR  ] 2018-04-14T12:17:18.813115343Z: [    2.585525] IPVS: [fo] scheduler registered.
[STDERR  ] 2018-04-14T12:17:18.813152051Z: [    2.588881] IPVS: [ovf] scheduler registered.
[STDERR  ] 2018-04-14T12:17:18.813178859Z: [    2.592680] IPVS: [lblc] scheduler registered.
[STDOUT  ] 2018-04-14T12:17:18.812680075Z: [    0.000000] Command line: console=ttyS0 console=ttyAMA0
[STDOUT  ] 2018-04-14T12:17:18.813228782Z: [    0.000000] x86/fpu: Legacy x87 FPU detected.
[STDOUT  ] 2018-04-14T12:17:18.813256039Z: [    0.000000] x86/fpu: Using 'eager' FPU context switches.
[STDERR  ] 2018-04-14T12:17:18.813242185Z: [    2.596001] IPVS: [lblcr] scheduler registered.
[STDOUT  ] 2018-04-14T12:17:18.813278498Z: [    0.000000] e820: BIOS-provided physical RAM map:
[STDERR  ] 2018-04-14T12:17:18.813282426Z: [    2.599568] IPVS: [dh] scheduler registered.
[STDOUT  ] 2018-04-14T12:17:18.813314098Z: [    0.000000] BIOS-e820: [mem 0x0000000000000000-0x000000000009fbff] usable
[STDOUT  ] 2018-04-14T12:17:18.813383579Z: [    0.000000] BIOS-e820: [mem 0x000000000009fc00-0x000000000009ffff] reserved
[STDOUT  ] 2018-04-14T12:17:18.813413027Z: [    0.000000] BIOS-e820: [mem 0x00000000000f0000-0x00000000000fffff] reserved
[STDOUT  ] 2018-04-14T12:17:18.813423008Z: [    0.000000] BIOS-e820: [mem 0x0000000000100000-0x000000003ffdefff] usable
[STDOUT  ] 2018-04-14T12:17:18.813433278Z: [    0.000000] BIOS-e820: [mem 0x000000003ffdf000-0x000000003fffffff] reserved
[STDOUT  ] 2018-04-14T12:17:18.813443020Z: [    0.000000] BIOS-e820: [mem 0x00000000b0000000-0x00000000bfffffff] reserved
[STDOUT  ] 2018-04-14T12:17:18.813450201Z: [    0.000000] BIOS-e820: [mem 0x00000000fed1c000-0x00000000fed1ffff] reserved
[STDOUT  ] 2018-04-14T12:17:18.813456816Z: [    0.000000] BIOS-e820: [mem 0x00000000feffc000-0x00000000feffffff] reserved
[STDOUT  ] 2018-04-14T12:17:18.813463993Z: [    0.000000] BIOS-e820: [mem 0x00000000fffc0000-0x00000000ffffffff] reserved
[STDOUT  ] 2018-04-14T12:17:18.813471259Z: [    0.000000] NX (Execute Disable) protection: active
[STDOUT  ] 2018-04-14T12:17:18.813479720Z: [    0.000000] SMBIOS 2.8 present.
[STDOUT  ] 2018-04-14T12:17:18.813486170Z: [    0.000000] Hypervisor detected: KVM
[STDOUT  ] 2018-04-14T12:17:18.813514263Z: [    0.000000] e820: last_pfn = 0x3ffdf max_arch_pfn = 0x400000000
[STDOUT  ] 2018-04-14T12:17:18.813521419Z: [    0.000000] x86/PAT: PAT not supported by CPU.
[STDOUT  ] 2018-04-14T12:17:18.813528091Z: [    0.000000] x86/PAT: Configuration [0-7]: WB  WT  UC- UC  WB  WT  UC- UC  
[STDOUT  ] 2018-04-14T12:17:18.813536890Z: [    0.000000] found SMP MP-table at [mem 0x000f6aa0-0x000f6aaf] mapped at [ffff8fe4000f6aa0]
[STDOUT  ] 2018-04-14T12:17:18.813549672Z: [    0.000000] RAMDISK: [mem 0x3e132000-0x3ffcffff]
[STDOUT  ] 2018-04-14T12:17:18.813559576Z: [    0.000000] ACPI: Early table checksum verification disabled
[STDOUT  ] 2018-04-14T12:17:18.813568585Z: [    0.000000] ACPI: RSDP 0x00000000000F68B0 000014 (v00 BOCHS )
[STDOUT  ] 2018-04-14T12:17:18.813579042Z: [    0.000000] ACPI: RSDT 0x000000003FFE20A8 000034 (v01 BOCHS  BXPCRSDT 00000001 BXPC 00000001)
[STDOUT  ] 2018-04-14T12:17:18.813587119Z: [    0.000000] ACPI: FACP 0x000000003FFE1EC8 0000F4 (v03 BOCHS  BXPCFACP 00000001 BXPC 00000001)
[STDOUT  ] 2018-04-14T12:17:18.813593563Z: [    0.000000] ACPI: DSDT 0x000000003FFE0040 001E88 (v01 BOCHS  BXPCDSDT 00000001 BXPC 00000001)
[STDOUT  ] 2018-04-14T12:17:18.813600182Z: [    0.000000] ACPI: FACS 0x000000003FFE0000 000040
[STDOUT  ] 2018-04-14T12:17:18.813606800Z: [    0.000000] ACPI: APIC 0x000000003FFE1FBC 000078 (v01 BOCHS  BXPCAPIC 00000001 BXPC 00000001)
[STDOUT  ] 2018-04-14T12:17:18.813612994Z: [    0.000000] ACPI: HPET 0x000000003FFE2034 000038 (v01 BOCHS  BXPCHPET 00000001 BXPC 00000001)
[STDOUT  ] 2018-04-14T12:17:18.813619293Z: [    0.000000] ACPI: MCFG 0x000000003FFE206C 00003C (v01 BOCHS  BXPCMCFG 00000001 BXPC 00000001)
[STDOUT  ] 2018-04-14T12:17:18.813626144Z: [    0.000000] kvm-clock: Using msrs 4b564d01 and 4b564d00
[STDOUT  ] 2018-04-14T12:17:18.813632472Z: [    0.000000] kvm-clock: cpu 0, msr 0:3ffdd001, primary cpu clock
[STDOUT  ] 2018-04-14T12:17:18.813638573Z: [    0.000000] clocksource: kvm-clock: mask: 0xffffffffffffffff max_cycles: 0x1cd42e4dffb, max_idle_ns: 881590591483 ns
[STDOUT  ] 2018-04-14T12:17:18.813646519Z: [    0.000000] Zone ranges:
[STDOUT  ] 2018-04-14T12:17:18.813653143Z: [    0.000000]   DMA      [mem 0x0000000000001000-0x0000000000ffffff]
[STDOUT  ] 2018-04-14T12:17:18.813661419Z: [    0.000000]   DMA32    [mem 0x0000000001000000-0x000000003ffdefff]
[STDOUT  ] 2018-04-14T12:17:18.813668086Z: [    0.000000]   Normal   empty
[STDOUT  ] 2018-04-14T12:17:18.813674583Z: [    0.000000] Movable zone start for each node
[STDOUT  ] 2018-04-14T12:17:18.813681249Z: [    0.000000] Early memory node ranges
[STDOUT  ] 2018-04-14T12:17:18.813689307Z: [    0.000000]   node   0: [mem 0x0000000000001000-0x000000000009efff]
[STDOUT  ] 2018-04-14T12:17:18.813700372Z: [    0.000000]   node   0: [mem 0x0000000000100000-0x000000003ffdefff]
[STDOUT  ] 2018-04-14T12:17:18.813706967Z: [    0.000000] Initmem setup node 0 [mem 0x0000000000001000-0x000000003ffdefff]
[STDOUT  ] 2018-04-14T12:17:18.813718545Z: [    0.000000] ACPI: PM-Timer IO Port: 0x608
[STDOUT  ] 2018-04-14T12:17:18.813725262Z: [    0.000000] ACPI: LAPIC_NMI (acpi_id[0xff] dfl dfl lint[0x1])
[STDOUT  ] 2018-04-14T12:17:18.813731609Z: [    0.000000] IOAPIC[0]: apic_id 0, version 17, address 0xfec00000, GSI 0-23
[STDOUT  ] 2018-04-14T12:17:18.813738390Z: [    0.000000] ACPI: INT_SRC_OVR (bus 0 bus_irq 0 global_irq 2 dfl dfl)
[STDOUT  ] 2018-04-14T12:17:18.813744837Z: [    0.000000] ACPI: INT_SRC_OVR (bus 0 bus_irq 5 global_irq 5 high level)
[STDOUT  ] 2018-04-14T12:17:18.813751221Z: [    0.000000] ACPI: INT_SRC_OVR (bus 0 bus_irq 9 global_irq 9 high level)
[STDOUT  ] 2018-04-14T12:17:18.813757718Z: [    0.000000] ACPI: INT_SRC_OVR (bus 0 bus_irq 10 global_irq 10 high level)
[STDOUT  ] 2018-04-14T12:17:18.813764360Z: [    0.000000] ACPI: INT_SRC_OVR (bus 0 bus_irq 11 global_irq 11 high level)
[STDOUT  ] 2018-04-14T12:17:18.813771149Z: [    0.000000] Using ACPI (MADT) for SMP configuration information
[STDOUT  ] 2018-04-14T12:17:18.813777338Z: [    0.000000] ACPI: HPET id: 0x8086a201 base: 0xfed00000
[STDOUT  ] 2018-04-14T12:17:18.813784251Z: [    0.000000] smpboot: Allowing 1 CPUs, 0 hotplug CPUs
[STDOUT  ] 2018-04-14T12:17:18.813791258Z: [    0.000000] e820: [mem 0x40000000-0xafffffff] available for PCI devices
[STDOUT  ] 2018-04-14T12:17:18.813797733Z: [    0.000000] Booting paravirtualized kernel on KVM
[STDOUT  ] 2018-04-14T12:17:18.813808229Z: [    0.000000] clocksource: refined-jiffies: mask: 0xffffffff max_cycles: 0xffffffff, max_idle_ns: 19112604462750000 ns
[STDOUT  ] 2018-04-14T12:17:18.813814667Z: [    0.000000] setup_percpu: NR_CPUS:128 nr_cpumask_bits:128 nr_cpu_ids:1 nr_node_ids:1
[STDOUT  ] 2018-04-14T12:17:18.813821257Z: [    0.000000] percpu: Embedded 35 pages/cpu @ffff8fe43de00000 s105176 r8192 d29992 u2097152
[STDOUT  ] 2018-04-14T12:17:18.813827408Z: [    0.000000] KVM setup async PF for cpu 0
[STDOUT  ] 2018-04-14T12:17:18.813833941Z: [    0.000000] kvm-stealtime: cpu 0, msr 3de0d580
[STDOUT  ] 2018-04-14T12:17:18.813840580Z: [    0.000000] Built 1 zonelists in Zone order, mobility grouping on.  Total pages: 257896
[STDOUT  ] 2018-04-14T12:17:18.813847104Z: [    0.000000] Kernel command line: console=ttyS0 console=ttyAMA0
[STDOUT  ] 2018-04-14T12:17:18.813853519Z: [    0.000000] PID hash table entries: 4096 (order: 3, 32768 bytes)
[STDOUT  ] 2018-04-14T12:17:18.813869566Z: [    0.000000] Dentry cache hash table entries: 131072 (order: 8, 1048576 bytes)
[STDOUT  ] 2018-04-14T12:17:18.813877165Z: [    0.000000] Inode-cache hash table entries: 65536 (order: 7, 524288 bytes)
[STDOUT  ] 2018-04-14T12:17:18.813886770Z: [    0.000000] Memory: 982812K/1048052K available (8026K kernel code, 1366K rwdata, 2696K rodata, 1380K init, 568K bss, 65240K reserved, 0K cma-reserved)
[STDOUT  ] 2018-04-14T12:17:18.813896678Z: [    0.000000] Hierarchical RCU implementation.
[STDOUT  ] 2018-04-14T12:17:18.813903188Z: [    0.000000] 	Build-time adjustment of leaf fanout to 64.
[STDOUT  ] 2018-04-14T12:17:18.813910034Z: [    0.000000] 	RCU restricting CPUs from NR_CPUS=128 to nr_cpu_ids=1.
[STDOUT  ] 2018-04-14T12:17:18.813916554Z: [    0.000000] RCU: Adjusting geometry for rcu_fanout_leaf=64, nr_cpu_ids=1
[STDOUT  ] 2018-04-14T12:17:18.813924308Z: [    0.000000] NR_IRQS:8448 nr_irqs:256 16
[STDOUT  ] 2018-04-14T12:17:18.813931151Z: [    0.000000] Console: colour VGA+ 80x25
[STDOUT  ] 2018-04-14T12:17:18.813938268Z: [    0.000000] console [ttyS0] enabled
[STDOUT  ] 2018-04-14T12:17:18.813944416Z: [    0.000000] clocksource: hpet: mask: 0xffffffff max_cycles: 0xffffffff, max_idle_ns: 19112604467 ns
[STDOUT  ] 2018-04-14T12:17:18.813951321Z: [    0.000000] tsc: Detected 2299.930 MHz processor
[STDOUT  ] 2018-04-14T12:17:18.813957515Z: [    0.020000] Calibrating delay loop (skipped) preset value.. 4599.86 BogoMIPS (lpj=22999300)
[STDOUT  ] 2018-04-14T12:17:18.813967540Z: [    0.020028] pid_max: default: 32768 minimum: 301
[STDOUT  ] 2018-04-14T12:17:18.813973745Z: [    0.023657] ACPI: Core revision 20160831
[STDOUT  ] 2018-04-14T12:17:18.813983729Z: [    0.027589] ACPI: 1 ACPI AML tables successfully acquired and loaded
[STDOUT  ] 2018-04-14T12:17:18.813990910Z: [    0.030158] Security Framework initialized
[STDOUT  ] 2018-04-14T12:17:18.813997896Z: [    0.033378] Yama: becoming mindful.
[STDOUT  ] 2018-04-14T12:17:18.814004215Z: [    0.036256] Mount-cache hash table entries: 2048 (order: 2, 16384 bytes)
[STDOUT  ] 2018-04-14T12:17:18.814011782Z: [    0.040032] Mountpoint-cache hash table entries: 2048 (order: 2, 16384 bytes)
[STDOUT  ] 2018-04-14T12:17:18.814018110Z: [    0.050963] CPU: Physical Processor ID: 0
[STDOUT  ] 2018-04-14T12:17:18.814025376Z: [    0.054628] Last level iTLB entries: 4KB 0, 2MB 0, 4MB 0
[STDOUT  ] 2018-04-14T12:17:18.814032414Z: [    0.058866] Last level dTLB entries: 4KB 0, 2MB 0, 4MB 0, 1GB 0
[STDOUT  ] 2018-04-14T12:17:18.814039168Z: [    0.170698] Freeing SMP alternatives memory: 20K (ffffffff9eeb0000 - ffffffff9eeb5000)
[STDOUT  ] 2018-04-14T12:17:18.814045991Z: [    0.203596] ftrace: allocating 35489 entries in 139 pages
[STDOUT  ] 2018-04-14T12:17:18.814052539Z: [    0.220170] smpboot: Max logical packages: 1
[STDOUT  ] 2018-04-14T12:17:18.814059005Z: [    0.226314] x2apic enabled
[STDOUT  ] 2018-04-14T12:17:18.814065542Z: [    0.230028] Switched APIC routing to physical x2apic.
[STDOUT  ] 2018-04-14T12:17:18.814071515Z: [    0.246765] ..TIMER: vector=0x30 apic1=0 pin1=2 apic2=-1 pin2=-1
[STDOUT  ] 2018-04-14T12:17:18.814077578Z: [    0.250000] smpboot: CPU0: Intel QEMU Virtual CPU version 2.5+ (family: 0x6, model: 0x6, stepping: 0x3)
[STDOUT  ] 2018-04-14T12:17:18.814085363Z: [    0.250000] Performance Events: PMU not available due to virtualization, using software events only.
[STDOUT  ] 2018-04-14T12:17:18.814092099Z: [    0.260760] x86: Booted up 1 node, 1 CPUs
[STDOUT  ] 2018-04-14T12:17:18.814098464Z: [    0.264317] smpboot: Total of 1 processors activated (4599.86 BogoMIPS)
[STDOUT  ] 2018-04-14T12:17:18.814104788Z: [    0.271885] devtmpfs: initialized
[STDOUT  ] 2018-04-14T12:17:18.814111026Z: [    0.274809] x86/mm: Memory block size: 128MB
[STDOUT  ] 2018-04-14T12:17:18.814117658Z: [    0.284295] clocksource: jiffies: mask: 0xffffffff max_cycles: 0xffffffff, max_idle_ns: 19112604462750000 ns
[STDOUT  ] 2018-04-14T12:17:18.814124273Z: [    0.290064] futex hash table entries: 256 (order: 2, 16384 bytes)
[STDOUT  ] 2018-04-14T12:17:18.814131313Z: [    0.300200] NET: Registered protocol family 16
[STDOUT  ] 2018-04-14T12:17:18.814139142Z: [    0.304310] cpuidle: using governor ladder
[STDOUT  ] 2018-04-14T12:17:18.814145119Z: [    0.307953] cpuidle: using governor menu
[STDOUT  ] 2018-04-14T12:17:18.814153196Z: [    0.310376] ACPI: bus type PCI registered
[STDOUT  ] 2018-04-14T12:17:18.814164142Z: [    0.313938] PCI: MMCONFIG for domain 0000 [bus 00-ff] at [mem 0xb0000000-0xbfffffff] (base 0xb0000000)
[STDOUT  ] 2018-04-14T12:17:18.814174247Z: [    0.320016] PCI: MMCONFIG at [mem 0xb0000000-0xbfffffff] reserved in E820
[STDOUT  ] 2018-04-14T12:17:18.814183047Z: [    0.325811] PCI: Using configuration type 1 for base access
[STDOUT  ] 2018-04-14T12:17:18.814192754Z: [    0.331946] HugeTLB registered 2 MB page size, pre-allocated 0 pages
[STDOUT  ] 2018-04-14T12:17:18.814201477Z: [    0.337151] ACPI: Added _OSI(Module Device)
[STDOUT  ] 2018-04-14T12:17:18.814210130Z: [    0.340014] ACPI: Added _OSI(Processor Device)
[STDOUT  ] 2018-04-14T12:17:18.814219471Z: [    0.343659] ACPI: Added _OSI(3.0 _SCP Extensions)
[STDOUT  ] 2018-04-14T12:17:18.814228708Z: [    0.350013] ACPI: Added _OSI(Processor Aggregator Device)
[STDOUT  ] 2018-04-14T12:17:18.814239061Z: [    0.360246] ACPI: Interpreter enabled
[STDOUT  ] 2018-04-14T12:17:18.814248780Z: [    0.363275] ACPI: (supports S0 S5)
[STDOUT  ] 2018-04-14T12:17:18.814258993Z: [    0.366055] ACPI: Using IOAPIC for interrupt routing
[STDOUT  ] 2018-04-14T12:17:18.814276417Z: [    0.370087] PCI: Using host bridge windows from ACPI; if necessary, use "pci=nocrs" and report a bug
[STDOUT  ] 2018-04-14T12:17:18.814286573Z: [    0.381734] ACPI: PCI Root Bridge [PCI0] (domain 0000 [bus 00-ff])
[STDOUT  ] 2018-04-14T12:17:18.814300863Z: [    0.387054] acpi PNP0A08:00: _OSC: OS supports [ExtendedConfig ASPM ClockPM Segments MSI]
[STDOUT  ] 2018-04-14T12:17:18.814397754Z: [    0.390257] acpi PNP0A08:00: _OSC: OS now controls [PCIeHotplug PME PCIeCapability]
[STDOUT  ] 2018-04-14T12:17:18.814408023Z: [    0.400108] PCI host bridge to bus 0000:00
[STDOUT  ] 2018-04-14T12:17:18.814418426Z: [    0.403347] pci_bus 0000:00: root bus resource [io  0x0000-0x0cf7 window]
[STDOUT  ] 2018-04-14T12:17:18.814427274Z: [    0.408355] pci_bus 0000:00: root bus resource [io  0x0d00-0xffff window]
[STDOUT  ] 2018-04-14T12:17:18.814437191Z: [    0.410016] pci_bus 0000:00: root bus resource [mem 0x000a0000-0x000bffff window]
[STDOUT  ] 2018-04-14T12:17:18.814447955Z: [    0.415789] pci_bus 0000:00: root bus resource [mem 0xc0000000-0xfebfffff window]
[STDOUT  ] 2018-04-14T12:17:18.814457961Z: [    0.420016] pci_bus 0000:00: root bus resource [bus 00-ff]
[STDOUT  ] 2018-04-14T12:17:18.814466385Z: [    0.617437] pci 0000:00:1f.0: quirk: [io  0x0600-0x067f] claimed by ICH6 ACPI/GPIO/TCO
[STDOUT  ] 2018-04-14T12:17:18.814476384Z: [    0.710921] ACPI: PCI Interrupt Link [LNKA] (IRQs 5 *10 11)
[STDOUT  ] 2018-04-14T12:17:18.814482980Z: [    0.716630] ACPI: PCI Interrupt Link [LNKB] (IRQs 5 *10 11)
[STDOUT  ] 2018-04-14T12:17:18.814489664Z: [    0.721822] ACPI: PCI Interrupt Link [LNKC] (IRQs 5 10 *11)
[STDOUT  ] 2018-04-14T12:17:18.814496090Z: [    0.727315] ACPI: PCI Interrupt Link [LNKD] (IRQs 5 10 *11)
[STDOUT  ] 2018-04-14T12:17:18.814502557Z: [    0.731915] ACPI: PCI Interrupt Link [LNKE] (IRQs 5 *10 11)
[STDOUT  ] 2018-04-14T12:17:18.814508921Z: [    0.737648] ACPI: PCI Interrupt Link [LNKF] (IRQs 5 *10 11)
[STDOUT  ] 2018-04-14T12:17:18.814518881Z: [    0.741879] ACPI: PCI Interrupt Link [LNKG] (IRQs 5 10 *11)
[STDOUT  ] 2018-04-14T12:17:18.814525507Z: [    0.750870] ACPI: PCI Interrupt Link [LNKH] (IRQs 5 10 *11)
[STDOUT  ] 2018-04-14T12:17:18.814531930Z: [    0.756364] ACPI: PCI Interrupt Link [GSIA] (IRQs *16)
[STDOUT  ] 2018-04-14T12:17:18.814538432Z: [    0.760895] ACPI: PCI Interrupt Link [GSIB] (IRQs *17)
[STDOUT  ] 2018-04-14T12:17:18.814545488Z: [    0.765629] ACPI: PCI Interrupt Link [GSIC] (IRQs *18)
[STDOUT  ] 2018-04-14T12:17:18.814551601Z: [    0.770552] ACPI: PCI Interrupt Link [GSID] (IRQs *19)
[STDOUT  ] 2018-04-14T12:17:18.814557546Z: [    0.775143] ACPI: PCI Interrupt Link [GSIE] (IRQs *20)
[STDOUT  ] 2018-04-14T12:17:18.814563541Z: [    0.780056] ACPI: PCI Interrupt Link [GSIF] (IRQs *21)
[STDOUT  ] 2018-04-14T12:17:18.814570027Z: [    0.784732] ACPI: PCI Interrupt Link [GSIG] (IRQs *22)
[STDOUT  ] 2018-04-14T12:17:18.814576580Z: [    0.789433] ACPI: PCI Interrupt Link [GSIH] (IRQs *23)
[STDOUT  ] 2018-04-14T12:17:18.814582841Z: [    0.791174] ACPI: Enabled 1 GPEs in block 00 to 3F
[STDOUT  ] 2018-04-14T12:17:18.814588743Z: [    0.796130] SCSI subsystem initialized
[STDOUT  ] 2018-04-14T12:17:18.814595497Z: [    0.800117] ACPI: bus type USB registered
[STDOUT  ] 2018-04-14T12:17:18.814603069Z: [    0.803669] usbcore: registered new interface driver usbfs
[STDOUT  ] 2018-04-14T12:17:18.814611386Z: [    0.810065] usbcore: registered new interface driver hub
[STDOUT  ] 2018-04-14T12:17:18.814619999Z: [    0.814527] usbcore: registered new device driver usb
[STDOUT  ] 2018-04-14T12:17:18.814628104Z: [    0.818766] pps_core: LinuxPPS API ver. 1 registered
[STDOUT  ] 2018-04-14T12:17:18.814638931Z: [    0.820011] pps_core: Software ver. 5.3.6 - Copyright 2005-2007 Rodolfo Giometti <giometti@linux.it>
[STDOUT  ] 2018-04-14T12:17:18.814651079Z: [    0.830035] PTP clock support registered
[STDOUT  ] 2018-04-14T12:17:18.814660958Z: [    0.833407] wmi: Mapper loaded
[STDOUT  ] 2018-04-14T12:17:18.814670828Z: [    0.835976] PCI: Using ACPI for IRQ routing
[STDOUT  ] 2018-04-14T12:17:18.814686891Z: [    1.240415] NetLabel: Initializing
[STDOUT  ] 2018-04-14T12:17:18.814693998Z: [    1.243479] NetLabel:  domain hash size = 128
[STDOUT  ] 2018-04-14T12:17:18.814702061Z: [    1.247312] NetLabel:  protocols = UNLABELED CIPSOv4
[STDOUT  ] 2018-04-14T12:17:18.814715462Z: [    1.250045] NetLabel:  unlabeled traffic allowed by default
[STDOUT  ] 2018-04-14T12:17:18.814722320Z: [    1.255068] HPET: 3 timers in total, 0 timers will be used for per-cpu timer
[STDOUT  ] 2018-04-14T12:17:18.814728811Z: [    1.260124] hpet0: at MMIO 0xfed00000, IRQs 2, 8, 0
[STDOUT  ] 2018-04-14T12:17:18.814735432Z: [    1.264354] hpet0: 3 comparators, 64-bit 100.000000 MHz counter
[STDOUT  ] 2018-04-14T12:17:18.814741806Z: [    1.273517] clocksource: Switched to clocksource kvm-clock
[STDOUT  ] 2018-04-14T12:17:18.814748000Z: [    1.292686] VFS: Disk quotas dquot_6.6.0
[STDOUT  ] 2018-04-14T12:17:18.814755650Z: [    1.296228] VFS: Dquot-cache hash table entries: 512 (order 0, 4096 bytes)
[STDOUT  ] 2018-04-14T12:17:18.814762522Z: [    1.302113] FS-Cache: Loaded
[STDOUT  ] 2018-04-14T12:17:18.814769098Z: [    1.304887] CacheFiles: Loaded
[STDOUT  ] 2018-04-14T12:17:18.814775620Z: [    1.307560] pnp: PnP ACPI init
[STDOUT  ] 2018-04-14T12:17:18.814781812Z: [    1.311325] pnp: PnP ACPI: found 5 devices
[STDOUT  ] 2018-04-14T12:17:18.814788905Z: [    1.320977] clocksource: acpi_pm: mask: 0xffffff max_cycles: 0xffffff, max_idle_ns: 2085701024 ns
[STDOUT  ] 2018-04-14T12:17:18.814795099Z: [    1.328628] NET: Registered protocol family 2
[STDOUT  ] 2018-04-14T12:17:18.814801114Z: [    1.332575] TCP established hash table entries: 8192 (order: 4, 65536 bytes)
[STDOUT  ] 2018-04-14T12:17:18.814807135Z: [    1.338423] TCP bind hash table entries: 8192 (order: 5, 131072 bytes)
[STDOUT  ] 2018-04-14T12:17:18.814813641Z: [    1.344138] TCP: Hash tables configured (established 8192 bind 8192)
[STDOUT  ] 2018-04-14T12:17:18.814820141Z: [    1.350827] UDP hash table entries: 512 (order: 2, 16384 bytes)
[STDOUT  ] 2018-04-14T12:17:18.814826261Z: [    1.355422] UDP-Lite hash table entries: 512 (order: 2, 16384 bytes)
[STDOUT  ] 2018-04-14T12:17:18.814832530Z: [    1.360611] NET: Registered protocol family 1
[STDOUT  ] 2018-04-14T12:17:18.814838562Z: [    1.364407] pci 0000:00:01.0: Video device with shadowed ROM at [mem 0x000c0000-0x000dffff]
[STDOUT  ] 2018-04-14T12:17:18.814844963Z: [    1.371786] Unpacking initramfs...
[STDOUT  ] 2018-04-14T12:17:18.814851495Z: [    2.052964] Freeing initrd memory: 31352K (ffff8fe43e132000 - ffff8fe43ffd0000)
[STDOUT  ] 2018-04-14T12:17:18.814859454Z: [    2.059792] PCLMULQDQ-NI instructions are not detected.
[STDOUT  ] 2018-04-14T12:17:18.814876767Z: [    2.064178] AVX or AES-NI instructions are not detected.
[STDOUT  ] 2018-04-14T12:17:18.814883788Z: [    2.068110] CPU feature 'AVX registers' is not supported.
[STDOUT  ] 2018-04-14T12:17:18.814890542Z: [    2.072373] CPU feature 'AVX registers' is not supported.
[STDOUT  ] 2018-04-14T12:17:18.814897137Z: [    2.076679] CPU feature 'AVX registers' is not supported.
[STDOUT  ] 2018-04-14T12:17:18.814903403Z: [    2.080722] CPU feature 'AVX registers' is not supported.
[STDOUT  ] 2018-04-14T12:17:18.814909606Z: [    2.084883] AVX2 or AES-NI instructions are not detected.
[STDOUT  ] 2018-04-14T12:17:18.814915930Z: [    2.088945] AVX2 instructions are not detected.
[STDOUT  ] 2018-04-14T12:17:18.814922986Z: [    2.092698] audit: initializing netlink subsys (disabled)
[STDOUT  ] 2018-04-14T12:17:18.814930635Z: [    2.097249] audit: type=2000 audit(1523708224.107:1): initialized
[STDOUT  ] 2018-04-14T12:17:18.814937302Z: [    2.103157] workingset: timestamp_bits=46 max_order=18 bucket_order=0
[STDOUT  ] 2018-04-14T12:17:18.814943861Z: [    2.109577] FS-Cache: Netfs 'cifs' registered for caching
[STDOUT  ] 2018-04-14T12:17:18.814950681Z: [    2.114520] fuse init (API version 7.26)
[STDOUT  ] 2018-04-14T12:17:18.814957002Z: [    2.117845] SGI XFS with ACLs, security attributes, no debug enabled
[STDOUT  ] 2018-04-14T12:17:18.814964451Z: [    2.123443] 9p: Installing v9fs 9p2000 file system support
[STDOUT  ] 2018-04-14T12:17:18.814974847Z: [    2.127719] FS-Cache: Netfs '9p' registered for caching
[STDOUT  ] 2018-04-14T12:17:18.814980935Z: [    2.133175] NET: Registered protocol family 38
[STDOUT  ] 2018-04-14T12:17:18.814992071Z: [    2.136769] Key type asymmetric registered
[STDOUT  ] 2018-04-14T12:17:18.814999617Z: [    2.140261] Asymmetric key parser 'x509' registered
[STDOUT  ] 2018-04-14T12:17:18.815006138Z: [    2.144297] Block layer SCSI generic (bsg) driver version 0.4 loaded (major 251)
[STDOUT  ] 2018-04-14T12:17:18.815012902Z: [    2.149753] io scheduler noop registered
[STDOUT  ] 2018-04-14T12:17:18.815020136Z: [    2.152625] io scheduler deadline registered (default)
[STDOUT  ] 2018-04-14T12:17:18.815026691Z: [    2.156320] io scheduler cfq registered
[STDOUT  ] 2018-04-14T12:17:18.815032918Z: [    2.159283] pci_hotplug: PCI Hot Plug PCI Core version: 0.5
[STDOUT  ] 2018-04-14T12:17:18.815039018Z: [    2.163781] pciehp: PCI Express Hot Plug Controller Driver version: 0.4
[STDOUT  ] 2018-04-14T12:17:18.815045536Z: [    2.168958] shpchp: Standard Hot Plug PCI Controller Driver version: 0.4
[STDOUT  ] 2018-04-14T12:17:18.815052302Z: [    2.173965] hv_vmbus: registering driver hyperv_fb
[STDOUT  ] 2018-04-14T12:17:18.815058463Z: [    2.177502] input: Power Button as /devices/LNXSYSTM:00/LNXPWRBN:00/input/input0
[STDOUT  ] 2018-04-14T12:17:18.815064891Z: [    2.182768] ACPI: Power Button [PWRF]
[STDOUT  ] 2018-04-14T12:17:18.815071340Z: [    2.185833] GHES: HEST is not enabled!
[STDOUT  ] 2018-04-14T12:17:18.815077460Z: [    2.189314] ACPI: PCI Interrupt Link [GSIG] enabled at IRQ 22
[STDOUT  ] 2018-04-14T12:17:18.815083855Z: [    2.199809] ACPI: PCI Interrupt Link [GSIH] enabled at IRQ 23
[STDOUT  ] 2018-04-14T12:17:18.815090028Z: [    2.211218] xenfs: not registering filesystem on non-xen platform
[STDOUT  ] 2018-04-14T12:17:18.815096288Z: [    2.216161] Serial: 8250/16550 driver, 4 ports, IRQ sharing disabled
[STDOUT  ] 2018-04-14T12:17:18.815102430Z: [    2.252789] 00:04: ttyS0 at I/O 0x3f8 (irq = 4, base_baud = 115200) is a 16550A
[STDOUT  ] 2018-04-14T12:17:18.815108696Z: [    2.259494] Non-volatile memory driver v1.3
[STDOUT  ] 2018-04-14T12:17:18.815114974Z: [    2.265753] Hangcheck: starting hangcheck timer 0.9.1 (tick is 180 seconds, margin is 60 seconds).
[STDOUT  ] 2018-04-14T12:17:18.815121113Z: [    2.273236] random: fast init done
[STDOUT  ] 2018-04-14T12:17:18.815127371Z: [    2.276207] random: crng init done
[STDOUT  ] 2018-04-14T12:17:18.815133648Z: [    2.280820] loop: module loaded
[STDOUT  ] 2018-04-14T12:17:18.815139729Z: [    2.284214] nbd: registered device at major 43
[STDOUT  ] 2018-04-14T12:17:18.815146173Z: [    2.289713] lpc_ich 0000:00:1f.0: I/O space for GPIO uninitialized
[STDOUT  ] 2018-04-14T12:17:18.815152858Z: [    2.294830] VMware PVSCSI driver - version 1.0.7.0-k
[STDOUT  ] 2018-04-14T12:17:18.815159013Z: [    2.298742] hv_vmbus: registering driver hv_storvsc
[STDOUT  ] 2018-04-14T12:17:18.815166829Z: [    2.303223] ACPI: PCI Interrupt Link [GSIA] enabled at IRQ 16
[STDOUT  ] 2018-04-14T12:17:18.815174246Z: [    2.311191] ahci 0000:00:1f.2: AHCI 0001.0000 32 slots 6 ports 1.5 Gbps 0x3f impl SATA mode
[STDOUT  ] 2018-04-14T12:17:18.815180382Z: [    2.317530] ahci 0000:00:1f.2: flags: 64bit ncq only 
[STDOUT  ] 2018-04-14T12:17:18.815186982Z: [    2.325159] scsi host0: ahci
[STDOUT  ] 2018-04-14T12:17:18.815192913Z: [    2.327727] scsi host1: ahci
[STDOUT  ] 2018-04-14T12:17:18.815199345Z: [    2.330360] scsi host2: ahci
[STDOUT  ] 2018-04-14T12:17:18.815205290Z: [    2.332888] scsi host3: ahci
[STDOUT  ] 2018-04-14T12:17:18.815211245Z: [    2.335389] scsi host4: ahci
[STDOUT  ] 2018-04-14T12:17:18.815217912Z: [    2.337865] scsi host5: ahci
[STDOUT  ] 2018-04-14T12:17:18.815223931Z: [    2.340261] ata1: SATA max UDMA/133 abar m4096@0xfebd2000 port 0xfebd2100 irq 24
[STDOUT  ] 2018-04-14T12:17:18.815230149Z: [    2.345833] ata2: SATA max UDMA/133 abar m4096@0xfebd2000 port 0xfebd2180 irq 24
[STDOUT  ] 2018-04-14T12:17:18.815237382Z: [    2.351667] ata3: SATA max UDMA/133 abar m4096@0xfebd2000 port 0xfebd2200 irq 24
[STDOUT  ] 2018-04-14T12:17:18.815248203Z: [    2.357316] ata4: SATA max UDMA/133 abar m4096@0xfebd2000 port 0xfebd2280 irq 24
[STDOUT  ] 2018-04-14T12:17:18.815257097Z: [    2.363313] ata5: SATA max UDMA/133 abar m4096@0xfebd2000 port 0xfebd2300 irq 24
[STDOUT  ] 2018-04-14T12:17:18.815263100Z: [    2.368954] ata6: SATA max UDMA/133 abar m4096@0xfebd2000 port 0xfebd2380 irq 24
[STDOUT  ] 2018-04-14T12:17:18.815269109Z: [    2.377047] tun: Universal TUN/TAP device driver, 1.6
[STDOUT  ] 2018-04-14T12:17:18.815277584Z: [    2.381177] tun: (C) 1999-2004 Max Krasnyansky <maxk@qualcomm.com>
[STDOUT  ] 2018-04-14T12:17:18.815283565Z: [    2.390248] VMware vmxnet3 virtual NIC driver - version 1.4.a.0-k-NAPI
[STDOUT  ] 2018-04-14T12:17:18.815289589Z: [    2.395560] hv_vmbus: registering driver hv_netvsc
[STDOUT  ] 2018-04-14T12:17:18.815296137Z: [    2.399371] Fusion MPT base driver 3.04.20
[STDOUT  ] 2018-04-14T12:17:18.815302310Z: [    2.402763] Copyright (c) 1999-2008 LSI Corporation
[STDOUT  ] 2018-04-14T12:17:18.815308227Z: [    2.406620] Fusion MPT SPI Host driver 3.04.20
[STDOUT  ] 2018-04-14T12:17:18.815314655Z: [    2.410270] i8042: PNP: PS/2 Controller [PNP0303:KBD,PNP0f13:MOU] at 0x60,0x64 irq 1,12
[STDOUT  ] 2018-04-14T12:17:18.815383664Z: [    2.420109] serio: i8042 KBD port at 0x60,0x64 irq 1
[STDOUT  ] 2018-04-14T12:17:18.815393062Z: [    2.424124] serio: i8042 AUX port at 0x60,0x64 irq 12
[STDOUT  ] 2018-04-14T12:17:18.815399180Z: [    2.428220] hv_vmbus: registering driver hyperv_keyboard
[STDOUT  ] 2018-04-14T12:17:18.815405611Z: [    2.432742] mousedev: PS/2 mouse device common for all mice
[STDOUT  ] 2018-04-14T12:17:18.815412367Z: [    2.438672] input: AT Translated Set 2 keyboard as /devices/platform/i8042/serio0/input/input1
[STDOUT  ] 2018-04-14T12:17:18.815423315Z: [    2.445829] input: PC Speaker as /devices/platform/pcspkr/input/input2
[STDOUT  ] 2018-04-14T12:17:18.815432525Z: [    2.451221] rtc_cmos 00:00: RTC can wake from S4
[STDOUT  ] 2018-04-14T12:17:18.815440999Z: [    2.457252] rtc_cmos 00:00: rtc core: registered rtc_cmos as rtc0
[STDOUT  ] 2018-04-14T12:17:18.815450426Z: [    2.463151] rtc_cmos 00:00: alarms up to one day, y3k, 114 bytes nvram, hpet irqs
[STDOUT  ] 2018-04-14T12:17:18.815460123Z: [    2.468681] i2c /dev entries driver
[STDOUT  ] 2018-04-14T12:17:18.815469969Z: [    2.471593] device-mapper: ioctl: 4.35.0-ioctl (2016-06-23) initialised: dm-devel@redhat.com
[STDOUT  ] 2018-04-14T12:17:18.815477151Z: [    2.479025] usbcore: registered new interface driver usbhid
[STDOUT  ] 2018-04-14T12:17:18.815483516Z: [    2.483465] usbhid: USB HID core driver
[STDOUT  ] 2018-04-14T12:17:18.815490416Z: [    2.486546] hv_utils: Registering HyperV Utility Driver
[STDOUT  ] 2018-04-14T12:17:18.815499356Z: [    2.490958] hv_vmbus: registering driver hv_util
[STDOUT  ] 2018-04-14T12:17:18.815505831Z: [    2.494953] hv_vmbus: registering driver hv_balloon
[STDOUT  ] 2018-04-14T12:17:18.815511845Z: [    2.498988] oprofile: using NMI interrupt.
[STDOUT  ] 2018-04-14T12:17:18.815518730Z: [    2.502441] GACT probability on
[STDOUT  ] 2018-04-14T12:17:18.815527428Z: [    2.504943] Mirror/redirect action on
[STDOUT  ] 2018-04-14T12:17:18.815536544Z: [    2.507908] Simple TC action Loaded
[STDOUT  ] 2018-04-14T12:17:18.815545804Z: [    2.510861] u32 classifier
[STDOUT  ] 2018-04-14T12:17:18.815554772Z: [    2.513150]     Performance counters on
[STDOUT  ] 2018-04-14T12:17:18.815564336Z: [    2.516191]     input device check on
[STDOUT  ] 2018-04-14T12:17:18.815573954Z: [    2.519096]     Actions configured
[STDOUT  ] 2018-04-14T12:17:18.815580710Z: [    2.521754] Netfilter messages via NETLINK v0.30.
[STDOUT  ] 2018-04-14T12:17:18.815587191Z: [    2.525415] nfnl_acct: registering with nfnetlink.
[STDOUT  ] 2018-04-14T12:17:18.815593511Z: [    2.529372] nf_conntrack version 0.5.0 (8192 buckets, 32768 max)
[STDOUT  ] 2018-04-14T12:17:18.815599892Z: [    2.534275] ctnetlink v0.93: registering with nfnetlink.
[STDOUT  ] 2018-04-14T12:17:18.815612631Z: [    2.538409] nf_tables: (c) 2007-2009 Patrick McHardy <kaber@trash.net>
[STDOUT  ] 2018-04-14T12:17:18.815619583Z: [    2.543462] nf_tables_compat: (c) 2012 Pablo Neira Ayuso <pablo@netfilter.org>
[STDOUT  ] 2018-04-14T12:17:18.815629950Z: [    2.549228] xt_time: kernel timezone is -0000
[STDOUT  ] 2018-04-14T12:17:18.815636072Z: [    2.552806] ip_set: protocol 6
[STDOUT  ] 2018-04-14T12:17:18.815642642Z: [    2.555208] IPVS: Registered protocols (TCP, UDP, SCTP, AH, ESP)
[STDOUT  ] 2018-04-14T12:17:18.815648940Z: [    2.559680] IPVS: Connection hash table configured (size=4096, memory=64Kbytes)
[STDOUT  ] 2018-04-14T12:17:18.815655271Z: [    2.565405] IPVS: Creating netns size=2104 id=0
[STDOUT  ] 2018-04-14T12:17:18.815661913Z: [    2.569873] IPVS: ipvs loaded.
[STDOUT  ] 2018-04-14T12:17:18.815668305Z: [    2.572366] IPVS: [rr] scheduler registered.
[STDOUT  ] 2018-04-14T12:17:18.815675142Z: [    2.575517] IPVS: [wrr] scheduler registered.
[STDOUT  ] 2018-04-14T12:17:18.815681673Z: [    2.578743] IPVS: [lc] scheduler registered.
[STDOUT  ] 2018-04-14T12:17:18.815687749Z: [    2.582120] IPVS: [wlc] scheduler registered.
[STDOUT  ] 2018-04-14T12:17:18.815695203Z: [    2.585525] IPVS: [fo] scheduler registered.
[STDOUT  ] 2018-04-14T12:17:18.815703500Z: [    2.588881] IPVS: [ovf] scheduler registered.
[STDOUT  ] 2018-04-14T12:17:18.815711541Z: [    2.592680] IPVS: [lblc] scheduler registered.
[STDOUT  ] 2018-04-14T12:17:18.815723210Z: [    2.596001] IPVS: [lblcr] scheduler registered.
[STDOUT  ] 2018-04-14T12:17:18.815732285Z: [    2.599568] IPVS: [dh] scheduler registered.
[STDOUT  ] 2018-04-14T12:17:18.815742733Z: [    2.603061] IPVS: [sh] scheduler registered.
[STDOUT  ] 2018-04-14T12:17:18.815752651Z: [    2.606687] IPVS: [sed] scheduler registered.
[STDOUT  ] 2018-04-14T12:17:18.815795341Z: [    2.610360] IPVS: [nq] scheduler registered.
[STDOUT  ] 2018-04-14T12:17:18.815805762Z: [    2.613753] IPVS: ftp: loaded support on port[0] = 21
[STDOUT  ] 2018-04-14T12:17:18.815816823Z: [    2.617748] ipip: IPv4 and MPLS over IPv4 tunneling driver
[STDOUT  ] 2018-04-14T12:17:18.815827227Z: [    2.622362] gre: GRE over IPv4 demultiplexor driver
[STDOUT  ] 2018-04-14T12:17:18.815838225Z: [    2.626830] ip_tables: (C) 2000-2006 Netfilter Core Team
[STDOUT  ] 2018-04-14T12:17:18.815847971Z: [    2.631380] ipt_CLUSTERIP: ClusterIP Version 0.8 loaded successfully
[STDOUT  ] 2018-04-14T12:17:18.815907574Z: [    2.636423] arp_tables: arp_tables: (C) 2002 David S. Miller
[STDOUT  ] 2018-04-14T12:17:18.815921763Z: [    2.640900] NET: Registered protocol family 10
[STDOUT  ] 2018-04-14T12:17:18.815929066Z: [    2.645026] ip6_tables: (C) 2000-2006 Netfilter Core Team
[STDOUT  ] 2018-04-14T12:17:18.815936178Z: [    2.650289] NET: Registered protocol family 17
[STDOUT  ] 2018-04-14T12:17:18.816016886Z: [    2.653666] Bridge firewalling registered
[STDOUT  ] 2018-04-14T12:17:18.816025577Z: [    2.656967] Ebtables v2.0 registered
[STDOUT  ] 2018-04-14T12:17:18.816032530Z: [    2.659996] 8021q: 802.1Q VLAN Support v1.8
[STDOUT  ] 2018-04-14T12:17:18.816039522Z: [    2.663716] 9pnet: Installing 9P2000 support
[STDOUT  ] 2018-04-14T12:17:18.816046566Z: [    2.666930] Key type dns_resolver registered
[STDOUT  ] 2018-04-14T12:17:18.816057043Z: [    2.670730] microcode: sig=0x663, pf=0x1, revision=0x1
[STDOUT  ] 2018-04-14T12:17:18.816064002Z: [    2.674465] microcode: Microcode Update Driver: v2.01 <tigran@aivazian.fsnet.co.uk>, Peter Oruba
[STDOUT  ] 2018-04-14T12:17:18.816071543Z: [    2.681572] registered taskstats version 1
[STDOUT  ] 2018-04-14T12:17:18.816078445Z: [    2.690830] Key type big_key registered
[STDOUT  ] 2018-04-14T12:17:18.816085929Z: [    2.696759] Key type encrypted registered
[STDOUT  ] 2018-04-14T12:17:18.816130851Z: [    2.701710] rtc_cmos 00:00: setting system clock to 2018-04-14 12:17:05 UTC (1523708225)
[STDOUT  ] 2018-04-14T12:17:18.816138333Z: [    2.708580] ata4: SATA link down (SStatus 0 SControl 300)
[STDOUT  ] 2018-04-14T12:17:18.816145832Z: [    2.713569] ata3: SATA link up 1.5 Gbps (SStatus 113 SControl 300)
[STDOUT  ] 2018-04-14T12:17:18.816160445Z: [    2.718545] ata3.00: ATAPI: QEMU DVD-ROM, 2.5+, max UDMA/100
[STDOUT  ] 2018-04-14T12:17:18.816168553Z: [    2.722844] ata3.00: applying bridge limits
[STDOUT  ] 2018-04-14T12:17:18.816186849Z: [    2.726416] ata2: SATA link down (SStatus 0 SControl 300)
[STDOUT  ] 2018-04-14T12:17:18.816194530Z: [    2.730827] ata1: SATA link up 1.5 Gbps (SStatus 113 SControl 300)
[STDOUT  ] 2018-04-14T12:17:18.816201419Z: [    2.735139] ata1.00: ATA-7: QEMU HARDDISK, 2.5+, max UDMA/100
[STDOUT  ] 2018-04-14T12:17:18.816208216Z: [    2.739750] ata1.00: 1048576 sectors, multi 16: LBA48 NCQ (depth 31/32)
[STDOUT  ] 2018-04-14T12:17:18.816214882Z: [    2.744933] ata1.00: applying bridge limits
[STDOUT  ] 2018-04-14T12:17:18.816221555Z: [    2.749064] ata5: SATA link down (SStatus 0 SControl 300)
[STDOUT  ] 2018-04-14T12:17:18.816315252Z: [    2.754248] ata6: SATA link down (SStatus 0 SControl 300)
[STDOUT  ] 2018-04-14T12:17:18.816326701Z: [    2.760462] ata3.00: configured for UDMA/100
[STDOUT  ] 2018-04-14T12:17:18.816336370Z: [    2.764674] ata1.00: configured for UDMA/100
[STDOUT  ] 2018-04-14T12:17:18.816345818Z: [    2.768214] scsi 0:0:0:0: Direct-Access     ATA      QEMU HARDDISK    2.5+ PQ: 0 ANSI: 5
[STDOUT  ] 2018-04-14T12:17:18.816355995Z: [    2.775211] sd 0:0:0:0: [sda] 1048576 512-byte logical blocks: (537 MB/512 MiB)
[STDOUT  ] 2018-04-14T12:17:18.816368841Z: [    2.781008] sd 0:0:0:0: Attached scsi generic sg0 type 0
[STDOUT  ] 2018-04-14T12:17:18.816377972Z: [    2.785209] sd 0:0:0:0: [sda] Write Protect is off
[STDOUT  ] 2018-04-14T12:17:18.816390008Z: [    2.789355] scsi 2:0:0:0: CD-ROM            QEMU     QEMU DVD-ROM     2.5+ PQ: 0 ANSI: 5
[STDERR  ] 2018-04-14T12:17:18.813316178Z: [    2.603061] IPVS: [sh] scheduler registered.
[STDERR  ] 2018-04-14T12:17:18.816481164Z: [    2.606687] IPVS: [sed] scheduler registered.
[STDERR  ] 2018-04-14T12:17:18.816492140Z: [    2.610360] IPVS: [nq] scheduler registered.
[STDERR  ] 2018-04-14T12:17:18.816502672Z: [    2.613753] IPVS: ftp: loaded support on port[0] = 21
[STDERR  ] 2018-04-14T12:17:18.816515199Z: [    2.617748] ipip: IPv4 and MPLS over IPv4 tunneling driver
[STDERR  ] 2018-04-14T12:17:18.816524993Z: [    2.622362] gre: GRE over IPv4 demultiplexor driver
[STDERR  ] 2018-04-14T12:17:18.816534577Z: [    2.626830] ip_tables: (C) 2000-2006 Netfilter Core Team
[STDERR  ] 2018-04-14T12:17:18.816545108Z: [    2.631380] ipt_CLUSTERIP: ClusterIP Version 0.8 loaded successfully
[STDERR  ] 2018-04-14T12:17:18.816570039Z: [    2.636423] arp_tables: arp_tables: (C) 2002 David S. Miller
[STDERR  ] 2018-04-14T12:17:18.816583602Z: [    2.640900] NET: Registered protocol family 10
[STDERR  ] 2018-04-14T12:17:18.816597419Z: [    2.645026] ip6_tables: (C) 2000-2006 Netfilter Core Team
[STDERR  ] 2018-04-14T12:17:18.816611594Z: [    2.650289] NET: Registered protocol family 17
[STDERR  ] 2018-04-14T12:17:18.816625621Z: [    2.653666] Bridge firewalling registered
[STDERR  ] 2018-04-14T12:17:18.816640319Z: [    2.656967] Ebtables v2.0 registered
[STDERR  ] 2018-04-14T12:17:18.816654642Z: [    2.659996] 8021q: 802.1Q VLAN Support v1.8
[STDERR  ] 2018-04-14T12:17:18.816669637Z: [    2.663716] 9pnet: Installing 9P2000 support
[STDERR  ] 2018-04-14T12:17:18.816684023Z: [    2.666930] Key type dns_resolver registered
[STDERR  ] 2018-04-14T12:17:18.816696934Z: [    2.670730] microcode: sig=0x663, pf=0x1, revision=0x1
[STDERR  ] 2018-04-14T12:17:18.816707519Z: [    2.674465] microcode: Microcode Update Driver: v2.01 <tigran@aivazian.fsnet.co.uk>, Peter Oruba
[STDERR  ] 2018-04-14T12:17:18.816719925Z: [    2.681572] registered taskstats version 1
[STDERR  ] 2018-04-14T12:17:18.816729743Z: [    2.690830] Key type big_key registered
[STDERR  ] 2018-04-14T12:17:18.816739994Z: [    2.696759] Key type encrypted registered
[STDERR  ] 2018-04-14T12:17:18.816749410Z: [    2.701710] rtc_cmos 00:00: setting system clock to 2018-04-14 12:17:05 UTC (1523708225)
[STDERR  ] 2018-04-14T12:17:18.816759219Z: [    2.708580] ata4: SATA link down (SStatus 0 SControl 300)
[STDERR  ] 2018-04-14T12:17:18.816777253Z: [    2.713569] ata3: SATA link up 1.5 Gbps (SStatus 113 SControl 300)
[STDERR  ] 2018-04-14T12:17:18.816787912Z: [    2.718545] ata3.00: ATAPI: QEMU DVD-ROM, 2.5+, max UDMA/100
[STDERR  ] 2018-04-14T12:17:18.816802929Z: [    2.722844] ata3.00: applying bridge limits
[STDERR  ] 2018-04-14T12:17:18.816814046Z: [    2.726416] ata2: SATA link down (SStatus 0 SControl 300)
[STDERR  ] 2018-04-14T12:17:18.816826459Z: [    2.730827] ata1: SATA link up 1.5 Gbps (SStatus 113 SControl 300)
[STDERR  ] 2018-04-14T12:17:18.816836852Z: [    2.735139] ata1.00: ATA-7: QEMU HARDDISK, 2.5+, max UDMA/100
[STDERR  ] 2018-04-14T12:17:18.816847030Z: [    2.739750] ata1.00: 1048576 sectors, multi 16: LBA48 NCQ (depth 31/32)
[STDERR  ] 2018-04-14T12:17:18.816856850Z: [    2.744933] ata1.00: applying bridge limits
[STDERR  ] 2018-04-14T12:17:18.816866863Z: [    2.749064] ata5: SATA link down (SStatus 0 SControl 300)
[STDERR  ] 2018-04-14T12:17:18.816876229Z: [    2.754248] ata6: SATA link down (SStatus 0 SControl 300)
[STDERR  ] 2018-04-14T12:17:18.816885534Z: [    2.760462] ata3.00: configured for UDMA/100
[STDERR  ] 2018-04-14T12:17:18.816894879Z: [    2.764674] ata1.00: configured for UDMA/100
[STDERR  ] 2018-04-14T12:17:18.816903824Z: [    2.768214] scsi 0:0:0:0: Direct-Access     ATA      QEMU HARDDISK    2.5+ PQ: 0 ANSI: 5
[STDERR  ] 2018-04-14T12:17:18.816919618Z: [    2.775211] sd 0:0:0:0: [sda] 1048576 512-byte logical blocks: (537 MB/512 MiB)
[STDERR  ] 2018-04-14T12:17:18.817067764Z: [    2.781008] sd 0:0:0:0: Attached scsi generic sg0 type 0
[STDERR  ] 2018-04-14T12:17:18.817103308Z: [    2.785209] sd 0:0:0:0: [sda] Write Protect is off
[STDERR  ] 2018-04-14T12:17:18.817113572Z: [    2.789355] scsi 2:0:0:0: CD-ROM            QEMU     QEMU DVD-ROM     2.5+ PQ: 0 ANSI: 5
[STDERR  ] 2018-04-14T12:17:18.817124283Z: [    2.795860] sd 0:0:0:0: [sda] Write cache: enabled, read cache: enabled, doesn't support DPO or FUA
[STDERR  ] 2018-04-14T12:17:18.817140276Z: [    2.805008] sd 0:0:0:0: [sda] Attached SCSI disk
[STDERR  ] 2018-04-14T12:17:18.817150928Z: [    2.821454] sr 2:0:0:0: [sr0] scsi3-mmc drive: 4x/4x cd/rw xa/form2 tray
[STDERR  ] 2018-04-14T12:17:18.817161527Z: [    2.826709] cdrom: Uniform CD-ROM driver Revision: 3.20
[STDERR  ] 2018-04-14T12:17:18.817171094Z: [    2.831461] sr 2:0:0:0: Attached scsi generic sg1 type 5
[STDERR  ] 2018-04-14T12:17:18.817181195Z: [    2.838423] Freeing unused kernel memory: 1380K (ffffffff9ed57000 - ffffffff9eeb0000)
[STDERR  ] 2018-04-14T12:17:18.817191588Z: [    2.844610] Write protecting the kernel read-only data: 12288k
[STDERR  ] 2018-04-14T12:17:18.817201694Z: [    2.849388] Freeing unused kernel memory: 152K (ffff8fe4087da000 - ffff8fe408800000)
[STDERR  ] 2018-04-14T12:17:18.817214664Z: [    2.860000] Freeing unused kernel memory: 1400K (ffff8fe408aa2000 - ffff8fe408c00000)
[STDERR  ] 2018-04-14T12:17:18.817227275Z: 
[STDERR  ] 2018-04-14T12:17:18.817240099Z: Welcome to LinuxKit
[STDERR  ] 2018-04-14T12:17:18.817252180Z: 
[STDERR  ] 2018-04-14T12:17:18.817264275Z:                         ##         .
[STDERR  ] 2018-04-14T12:17:18.817277097Z:                   ## ## ##        ==
[STDERR  ] 2018-04-14T12:17:18.817289169Z:                ## ## ## ## ##    ===
[STDERR  ] 2018-04-14T12:17:18.817302288Z:            /"""""""""""""""""\___/ ===
[STDERR  ] 2018-04-14T12:17:18.817316051Z:           {                       /  ===-
[STDERR  ] 2018-04-14T12:17:18.817329563Z:            \______ O           __/
[STDERR  ] 2018-04-14T12:17:18.817343354Z:              \    \         __/
[STDERR  ] 2018-04-14T12:17:18.817356304Z:               \____\_______/
[STDERR  ] 2018-04-14T12:17:18.817369826Z: 
[STDERR  ] 2018-04-14T12:17:18.817383557Z: [    3.337824] IPVS: Creating netns size=2104 id=1
[STDERR  ] 2018-04-14T12:17:18.817397139Z: [    3.341605] IPVS: ftp: loaded support on port[0] = 21
[STDERR  ] 2018-04-14T12:17:18.817410757Z: [    3.439725]  sda:
[STDERR  ] 2018-04-14T12:17:18.817424850Z: [    3.452527]  sda:
[STDERR  ] 2018-04-14T12:17:18.817446399Z: [    3.468994]  sda: sda1
[STDERR  ] 2018-04-14T12:17:18.817459986Z: [    3.476301]  sda: sda1
[STDERR  ] 2018-04-14T12:17:18.817474641Z: 2018/04/14 12:17:06 Creating partition on /dev/sda
[STDERR  ] 2018-04-14T12:17:18.817494914Z: 2018/04/14 12:17:07 Partition /dev/sda1 successfully created!
[STDERR  ] 2018-04-14T12:17:18.817509321Z: [    4.711247] IPVS: Creating netns size=2104 id=2
[STDERR  ] 2018-04-14T12:17:18.817522465Z: [    4.715449] IPVS: ftp: loaded support on port[0] = 21
[STDERR  ] 2018-04-14T12:17:18.817536942Z: [    4.746332] EXT4-fs (sda1): couldn't mount as ext3 due to feature incompatibilities
[STDERR  ] 2018-04-14T12:17:18.817553454Z: [    4.754599] EXT4-fs (sda1): couldn't mount as ext2 due to feature incompatibilities
[STDERR  ] 2018-04-14T12:17:18.817575578Z: [    4.767376] EXT4-fs (sda1): mounted filesystem with ordered data mode. Opts: (null)
[STDERR  ] 2018-04-14T12:17:18.817590036Z: format_mount test suite PASSED
[STDERR  ] 2018-04-14T12:17:18.817603893Z: [   15.287094] sd 0:0:0:0: [sda] Synchronizing SCSI cache
[STDERR  ] 2018-04-14T12:17:18.817618317Z: [   15.297227] sd 0:0:0:0: [sda] Stopping disk
[STDERR  ] 2018-04-14T12:17:18.817631623Z: [   15.305891] ACPI: Preparing to enter system sleep state S5
[STDERR  ] 2018-04-14T12:17:18.817644688Z: [   15.312432] reboot: Power down
[STDERR  ] 2018-04-14T12:17:18.817663511Z: + echo [    0.000000] Linux version 4.9.38-linuxkit (root@e1ede117fb1e) (gcc version 6.3.0 (Alpine 6.3.0) ) #1 SMP Thu Jul 20 16:07:02 UTC 2017
[STDERR  ] 2018-04-14T12:17:18.817680756Z: [    0.000000] Command line: console=ttyS0 console=ttyAMA0
[STDERR  ] 2018-04-14T12:17:18.817695288Z: [    0.000000] x86/fpu: Legacy x87 FPU detected.
[STDERR  ] 2018-04-14T12:17:18.817711810Z: [    0.000000] x86/fpu: Using 'eager' FPU context switches.
[STDERR  ] 2018-04-14T12:17:18.817726923Z: [    0.000000] e820: BIOS-provided physical RAM map:
[STDERR  ] 2018-04-14T12:17:18.817742371Z: [    0.000000] BIOS-e820: [mem 0x0000000000000000-0x000000000009fbff] usable
[STDERR  ] 2018-04-14T12:17:18.817758437Z: [    0.000000] BIOS-e820: [mem 0x000000000009fc00-0x000000000009ffff] reserved
[STDERR  ] 2018-04-14T12:17:18.817772818Z: [    0.000000] BIOS-e820: [mem 0x00000000000f0000-0x00000000000fffff] reserved
[STDERR  ] 2018-04-14T12:17:18.817787436Z: [    0.000000] BIOS-e820: [mem 0x0000000000100000-0x000000003ffdefff] usable
[STDERR  ] 2018-04-14T12:17:18.817802362Z: [    0.000000] BIOS-e820: [mem 0x000000003ffdf000-0x000000003fffffff] reserved
[STDERR  ] 2018-04-14T12:17:18.817820661Z: [    0.000000] BIOS-e820: [mem 0x00000000b0000000-0x00000000bfffffff] reserved
[STDERR  ] 2018-04-14T12:17:18.817836189Z: [    0.000000] BIOS-e820: [mem 0x00000000fed1c000-0x00000000fed1ffff] reserved
[STDERR  ] 2018-04-14T12:17:18.817850690Z: [    0.000000] BIOS-e820: [mem 0x00000000feffc000-0x00000000feffffff] reserved
[STDERR  ] 2018-04-14T12:17:18.817865857Z: [    0.000000] BIOS-e820: [mem 0x00000000fffc0000-0x00000000ffffffff] reserved
[STDERR  ] 2018-04-14T12:17:18.817879909Z: [    0.000000] NX (Execute Disable) protection: active
[STDERR  ] 2018-04-14T12:17:18.817894490Z: [    0.000000] SMBIOS 2.8 present.
[STDERR  ] 2018-04-14T12:17:18.817909177Z: [    0.000000] Hypervisor detected: KVM
[STDERR  ] 2018-04-14T12:17:18.817925735Z: [    0.000000] e820: last_pfn = 0x3ffdf max_arch_pfn = 0x400000000
[STDERR  ] 2018-04-14T12:17:18.817940161Z: [    0.000000] x86/PAT: PAT not supported by CPU.
[STDERR  ] 2018-04-14T12:17:18.817955197Z: [    0.000000] x86/PAT: Configuration [0-7]: WB  WT  UC- UC  WB  WT  UC- UC  
[STDERR  ] 2018-04-14T12:17:18.818024926Z: [    0.000000] found SMP MP-table at [mem 0x000f6aa0-0x000f6aaf] mapped at [ffff8fe4000f6aa0]
[STDERR  ] 2018-04-14T12:17:18.818040038Z: [    0.000000] RAMDISK: [mem 0x3e132000-0x3ffcffff]
[STDERR  ] 2018-04-14T12:17:18.818054600Z: [    0.000000] ACPI: Early table checksum verification disabled
[STDERR  ] 2018-04-14T12:17:18.818069277Z: [    0.000000] ACPI: RSDP 0x00000000000F68B0 000014 (v00 BOCHS )
[STDERR  ] 2018-04-14T12:17:18.818084081Z: [    0.000000] ACPI: RSDT 0x000000003FFE20A8 000034 (v01 BOCHS  BXPCRSDT 00000001 BXPC 00000001)
[STDERR  ] 2018-04-14T12:17:18.818105108Z: [    0.000000] ACPI: FACP 0x000000003FFE1EC8 0000F4 (v03 BOCHS  BXPCFACP 00000001 BXPC 00000001)
[STDERR  ] 2018-04-14T12:17:18.818125979Z: [    0.000000] ACPI: DSDT 0x000000003FFE0040 001E88 (v01 BOCHS  BXPCDSDT 00000001 BXPC 00000001)
[STDERR  ] 2018-04-14T12:17:18.818140672Z: [    0.000000] ACPI: FACS 0x000000003FFE0000 000040
[STDERR  ] 2018-04-14T12:17:18.818156512Z: [    0.000000] ACPI: APIC 0x000000003FFE1FBC 000078 (v01 BOCHS  BXPCAPIC 00000001 BXPC 00000001)
[STDERR  ] 2018-04-14T12:17:18.818171990Z: [    0.000000] ACPI: HPET 0x000000003FFE2034 000038 (v01 BOCHS  BXPCHPET 00000001 BXPC 00000001)
[STDERR  ] 2018-04-14T12:17:18.818186441Z: [    0.000000] ACPI: MCFG 0x000000003FFE206C 00003C (v01 BOCHS  BXPCMCFG 00000001 BXPC 00000001)
[STDERR  ] 2018-04-14T12:17:18.818203277Z: [    0.000000] kvm-clock: Using msrs 4b564d01 and 4b564d00
[STDERR  ] 2018-04-14T12:17:18.818217518Z: [    0.000000] kvm-clock: cpu 0, msr 0:3ffdd001, primary cpu clock
[STDERR  ] 2018-04-14T12:17:18.818232844Z: [    0.000000] clocksource: kvm-clock: mask: 0xffffffffffffffff max_cycles: 0x1cd42e4dffb, max_idle_ns: 881590591483 ns
[STDERR  ] 2018-04-14T12:17:18.818250205Z: [    0.000000] Zone ranges:
[STDERR  ] 2018-04-14T12:17:18.818265112Z: [    0.000000]   DMA      [mem 0x0000000000001000-0x0000000000ffffff]
[STDERR  ] 2018-04-14T12:17:18.818280412Z: [    0.000000]   DMA32    [mem 0x0000000001000000-0x000000003ffdefff]
[STDERR  ] 2018-04-14T12:17:18.818294186Z: [    0.000000]   Normal   empty
[STDERR  ] 2018-04-14T12:17:18.818308828Z: [    0.000000] Movable zone start for each node
[STDERR  ] 2018-04-14T12:17:18.818321264Z: [    0.000000] Early memory node ranges
[STDERR  ] 2018-04-14T12:17:18.818334915Z: [    0.000000]   node   0: [mem 0x0000000000001000-0x000000000009efff]
[STDERR  ] 2018-04-14T12:17:18.818348153Z: [    0.000000]   node   0: [mem 0x0000000000100000-0x000000003ffdefff]
[STDERR  ] 2018-04-14T12:17:18.818361740Z: [    0.000000] Initmem setup node 0 [mem 0x0000000000001000-0x000000003ffdefff]
[STDERR  ] 2018-04-14T12:17:18.818376302Z: [    0.000000] ACPI: PM-Timer IO Port: 0x608
[STDERR  ] 2018-04-14T12:17:18.818391279Z: [    0.000000] ACPI: LAPIC_NMI (acpi_id[0xff] dfl dfl lint[0x1])
[STDERR  ] 2018-04-14T12:17:18.818407412Z: [    0.000000] IOAPIC[0]: apic_id 0, version 17, address 0xfec00000, GSI 0-23
[STDERR  ] 2018-04-14T12:17:18.818427241Z: [    0.000000] ACPI: INT_SRC_OVR (bus 0 bus_irq 0 global_irq 2 dfl dfl)
[STDERR  ] 2018-04-14T12:17:18.818442669Z: [    0.000000] ACPI: INT_SRC_OVR (bus 0 bus_irq 5 global_irq 5 high level)
[STDERR  ] 2018-04-14T12:17:18.818457230Z: [    0.000000] ACPI: INT_SRC_OVR (bus 0 bus_irq 9 global_irq 9 high level)
[STDERR  ] 2018-04-14T12:17:18.818474648Z: [    0.000000] ACPI: INT_SRC_OVR (bus 0 bus_irq 10 global_irq 10 high level)
[STDERR  ] 2018-04-14T12:17:18.818489954Z: [    0.000000] ACPI: INT_SRC_OVR (bus 0 bus_irq 11 global_irq 11 high level)
[STDERR  ] 2018-04-14T12:17:18.818505451Z: [    0.000000] Using ACPI (MADT) for SMP configuration information
[STDERR  ] 2018-04-14T12:17:18.818522987Z: [    0.000000] ACPI: HPET id: 0x8086a201 base: 0xfed00000
[STDERR  ] 2018-04-14T12:17:18.818537551Z: [    0.000000] smpboot: Allowing 1 CPUs, 0 hotplug CPUs
[STDERR  ] 2018-04-14T12:17:18.818553107Z: [    0.000000] e820: [mem 0x40000000-0xafffffff] available for PCI devices
[STDERR  ] 2018-04-14T12:17:18.818568896Z: [    0.000000] Booting paravirtualized kernel on KVM
[STDERR  ] 2018-04-14T12:17:18.818589631Z: [    0.000000] clocksource: refined-jiffies: mask: 0xffffffff max_cycles: 0xffffffff, max_idle_ns: 19112604462750000 ns
[STDERR  ] 2018-04-14T12:17:18.818604904Z: [    0.000000] setup_percpu: NR_CPUS:128 nr_cpumask_bits:128 nr_cpu_ids:1 nr_node_ids:1
[STDERR  ] 2018-04-14T12:17:18.818622583Z: [    0.000000] percpu: Embedded 35 pages/cpu @ffff8fe43de00000 s105176 r8192 d29992 u2097152
[STDERR  ] 2018-04-14T12:17:18.818637157Z: [    0.000000] KVM setup async PF for cpu 0
[STDERR  ] 2018-04-14T12:17:18.818656967Z: [    0.000000] kvm-stealtime: cpu 0, msr 3de0d580
[STDERR  ] 2018-04-14T12:17:18.818673121Z: [    0.000000] Built 1 zonelists in Zone order, mobility grouping on.  Total pages: 257896
[STDERR  ] 2018-04-14T12:17:18.818692880Z: [    0.000000] Kernel command line: console=ttyS0 console=ttyAMA0
[STDERR  ] 2018-04-14T12:17:18.818708482Z: [    0.000000] PID hash table entries: 4096 (order: 3, 32768 bytes)
[STDERR  ] 2018-04-14T12:17:18.818724413Z: [    0.000000] Dentry cache hash table entries: 131072 (order: 8, 1048576 bytes)
[STDERR  ] 2018-04-14T12:17:18.818740938Z: [    0.000000] Inode-cache hash table entries: 65536 (order: 7, 524288 bytes)
[STDERR  ] 2018-04-14T12:17:18.818756510Z: [    0.000000] Memory: 982812K/1048052K available (8026K kernel code, 1366K rwdata, 2696K rodata, 1380K init, 568K bss, 65240K reserved, 0K cma-reserved)
[STDERR  ] 2018-04-14T12:17:18.818782552Z: [    0.000000] Hierarchical RCU implementation.
[STDERR  ] 2018-04-14T12:17:18.818813417Z: [    0.000000] 	Build-time adjustment of leaf fanout to 64.
[STDERR  ] 2018-04-14T12:17:18.818827664Z: [    0.000000] 	RCU restricting CPUs from NR_CPUS=128 to nr_cpu_ids=1.
[STDERR  ] 2018-04-14T12:17:18.818841567Z: [    0.000000] RCU: Adjusting geometry for rcu_fanout_leaf=64, nr_cpu_ids=1
[STDERR  ] 2018-04-14T12:17:18.818856587Z: [    0.000000] NR_IRQS:8448 nr_irqs:256 16
[STDERR  ] 2018-04-14T12:17:18.818872854Z: [    0.000000] Console: colour VGA+ 80x25
[STDERR  ] 2018-04-14T12:17:18.818888610Z: [    0.000000] console [ttyS0] enabled
[STDERR  ] 2018-04-14T12:17:18.818902667Z: [    0.000000] clocksource: hpet: mask: 0xffffffff max_cycles: 0xffffffff, max_idle_ns: 19112604467 ns
[STDERR  ] 2018-04-14T12:17:18.818918208Z: [    0.000000] tsc: Detected 2299.930 MHz processor
[STDERR  ] 2018-04-14T12:17:18.818932539Z: [    0.020000] Calibrating delay loop (skipped) preset value.. 4599.86 BogoMIPS (lpj=22999300)
[STDERR  ] 2018-04-14T12:17:18.818950006Z: [    0.020028] pid_max: default: 32768 minimum: 301
[STDERR  ] 2018-04-14T12:17:18.818973254Z: [    0.023657] ACPI: Core revision 20160831
[STDERR  ] 2018-04-14T12:17:18.818986900Z: [    0.027589] ACPI: 1 ACPI AML tables successfully acquired and loaded
[STDERR  ] 2018-04-14T12:17:18.819000238Z: [    0.030158] Security Framework initialized
[STDERR  ] 2018-04-14T12:17:18.819013410Z: [    0.033378] Yama: becoming mindful.
[STDERR  ] 2018-04-14T12:17:18.819027397Z: [    0.036256] Mount-cache hash table entries: 2048 (order: 2, 16384 bytes)
[STDERR  ] 2018-04-14T12:17:18.819041319Z: [    0.040032] Mountpoint-cache hash table entries: 2048 (order: 2, 16384 bytes)
[STDERR  ] 2018-04-14T12:17:18.819055217Z: [    0.050963] CPU: Physical Processor ID: 0
[STDERR  ] 2018-04-14T12:17:18.819069096Z: [    0.054628] Last level iTLB entries: 4KB 0, 2MB 0, 4MB 0
[STDERR  ] 2018-04-14T12:17:18.819098117Z: [    0.058866] Last level dTLB entries: 4KB 0, 2MB 0, 4MB 0, 1GB 0
[STDERR  ] 2018-04-14T12:17:18.819110249Z: [    0.170698] Freeing SMP alternatives memory: 20K (ffffffff9eeb0000 - ffffffff9eeb5000)
[STDERR  ] 2018-04-14T12:17:18.819123965Z: [    0.203596] ftrace: allocating 35489 entries in 139 pages
[STDERR  ] 2018-04-14T12:17:18.819138279Z: [    0.220170] smpboot: Max logical packages: 1
[STDERR  ] 2018-04-14T12:17:18.819152565Z: [    0.226314] x2apic enabled
[STDERR  ] 2018-04-14T12:17:18.819165221Z: [    0.230028] Switched APIC routing to physical x2apic.
[STDERR  ] 2018-04-14T12:17:18.819181039Z: [    0.246765] ..TIMER: vector=0x30 apic1=0 pin1=2 apic2=-1 pin2=-1
[STDERR  ] 2018-04-14T12:17:18.819196185Z: [    0.250000] smpboot: CPU0: Intel QEMU Virtual CPU version 2.5+ (family: 0x6, model: 0x6, stepping: 0x3)
[STDERR  ] 2018-04-14T12:17:18.819210787Z: [    0.250000] Performance Events: PMU not available due to virtualization, using software events only.
[STDERR  ] 2018-04-14T12:17:18.819226077Z: [    0.260760] x86: Booted up 1 node, 1 CPUs
[STDERR  ] 2018-04-14T12:17:18.819241322Z: [    0.264317] smpboot: Total of 1 processors activated (4599.86 BogoMIPS)
[STDERR  ] 2018-04-14T12:17:18.819264165Z: [    0.271885] devtmpfs: initialized
[STDERR  ] 2018-04-14T12:17:18.819277994Z: [    0.274809] x86/mm: Memory block size: 128MB
[STDERR  ] 2018-04-14T12:17:18.819290193Z: [    0.284295] clocksource: jiffies: mask: 0xffffffff max_cycles: 0xffffffff, max_idle_ns: 19112604462750000 ns
[STDERR  ] 2018-04-14T12:17:18.819309504Z: [    0.290064] futex hash table entries: 256 (order: 2, 16384 bytes)
[STDERR  ] 2018-04-14T12:17:18.819324763Z: [    0.300200] NET: Registered protocol family 16
[STDERR  ] 2018-04-14T12:17:18.819337627Z: [    0.304310] cpuidle: using governor ladder
[STDERR  ] 2018-04-14T12:17:18.819349885Z: [    0.307953] cpuidle: using governor menu
[STDERR  ] 2018-04-14T12:17:18.819363656Z: [    0.310376] ACPI: bus type PCI registered
[STDERR  ] 2018-04-14T12:17:18.819378002Z: [    0.313938] PCI: MMCONFIG for domain 0000 [bus 00-ff] at [mem 0xb0000000-0xbfffffff] (base 0xb0000000)
[STDERR  ] 2018-04-14T12:17:18.819392106Z: [    0.320016] PCI: MMCONFIG at [mem 0xb0000000-0xbfffffff] reserved in E820
[STDERR  ] 2018-04-14T12:17:18.819405440Z: [    0.325811] PCI: Using configuration type 1 for base access
[STDERR  ] 2018-04-14T12:17:18.819419189Z: [    0.331946] HugeTLB registered 2 MB page size, pre-allocated 0 pages
[STDERR  ] 2018-04-14T12:17:18.819439947Z: [    0.337151] ACPI: Added _OSI(Module Device)
[STDERR  ] 2018-04-14T12:17:18.819455364Z: [    0.340014] ACPI: Added _OSI(Processor Device)
[STDERR  ] 2018-04-14T12:17:18.819468462Z: [    0.343659] ACPI: Added _OSI(3.0 _SCP Extensions)
[STDERR  ] 2018-04-14T12:17:18.819483342Z: [    0.350013] ACPI: Added _OSI(Processor Aggregator Device)
[STDERR  ] 2018-04-14T12:17:18.819496687Z: [    0.360246] ACPI: Interpreter enabled
[STDERR  ] 2018-04-14T12:17:18.819510312Z: [    0.363275] ACPI: (supports S0 S5)
[STDERR  ] 2018-04-14T12:17:18.819523746Z: [    0.366055] ACPI: Using IOAPIC for interrupt routing
[STDERR  ] 2018-04-14T12:17:18.819543211Z: [    0.370087] PCI: Using host bridge windows from ACPI; if necessary, use "pci=nocrs" and report a bug
[STDERR  ] 2018-04-14T12:17:18.819560831Z: [    0.381734] ACPI: PCI Root Bridge [PCI0] (domain 0000 [bus 00-ff])
[STDERR  ] 2018-04-14T12:17:18.819574933Z: [    0.387054] acpi PNP0A08:00: _OSC: OS supports [ExtendedConfig ASPM ClockPM Segments MSI]
[STDERR  ] 2018-04-14T12:17:18.819588388Z: [    0.390257] acpi PNP0A08:00: _OSC: OS now controls [PCIeHotplug PME PCIeCapability]
[STDERR  ] 2018-04-14T12:17:18.819602242Z: [    0.400108] PCI host bridge to bus 0000:00
[STDERR  ] 2018-04-14T12:17:18.819615754Z: [    0.403347] pci_bus 0000:00: root bus resource [io  0x0000-0x0cf7 window]
[STDERR  ] 2018-04-14T12:17:18.819629906Z: [    0.408355] pci_bus 0000:00: root bus resource [io  0x0d00-0xffff window]
[STDERR  ] 2018-04-14T12:17:18.819645082Z: [    0.410016] pci_bus 0000:00: root bus resource [mem 0x000a0000-0x000bffff window]
[STDERR  ] 2018-04-14T12:17:18.819660459Z: [    0.415789] pci_bus 0000:00: root bus resource [mem 0xc0000000-0xfebfffff window]
[STDERR  ] 2018-04-14T12:17:18.819685428Z: [    0.420016] pci_bus 0000:00: root bus resource [bus 00-ff]
[STDERR  ] 2018-04-14T12:17:18.819699995Z: [    0.617437] pci 0000:00:1f.0: quirk: [io  0x0600-0x067f] claimed by ICH6 ACPI/GPIO/TCO
[STDERR  ] 2018-04-14T12:17:18.819714975Z: [    0.710921] ACPI: PCI Interrupt Link [LNKA] (IRQs 5 *10 11)
[STDERR  ] 2018-04-14T12:17:18.819728976Z: [    0.716630] ACPI: PCI Interrupt Link [LNKB] (IRQs 5 *10 11)
[STDERR  ] 2018-04-14T12:17:18.819742055Z: [    0.721822] ACPI: PCI Interrupt Link [LNKC] (IRQs 5 10 *11)
[STDERR  ] 2018-04-14T12:17:18.819755641Z: [    0.727315] ACPI: PCI Interrupt Link [LNKD] (IRQs 5 10 *11)
[STDERR  ] 2018-04-14T12:17:18.819770416Z: [    0.731915] ACPI: PCI Interrupt Link [LNKE] (IRQs 5 *10 11)
[STDERR  ] 2018-04-14T12:17:18.819783648Z: [    0.737648] ACPI: PCI Interrupt Link [LNKF] (IRQs 5 *10 11)
[STDERR  ] 2018-04-14T12:17:18.819799138Z: [    0.741879] ACPI: PCI Interrupt Link [LNKG] (IRQs 5 10 *11)
[STDERR  ] 2018-04-14T12:17:18.819812889Z: [    0.750870] ACPI: PCI Interrupt Link [LNKH] (IRQs 5 10 *11)
[STDERR  ] 2018-04-14T12:17:18.819834753Z: [    0.756364] ACPI: PCI Interrupt Link [GSIA] (IRQs *16)
[STDERR  ] 2018-04-14T12:17:18.819849194Z: [    0.760895] ACPI: PCI Interrupt Link [GSIB] (IRQs *17)
[STDERR  ] 2018-04-14T12:17:18.819868707Z: [    0.765629] ACPI: PCI Interrupt Link [GSIC] (IRQs *18)
[STDERR  ] 2018-04-14T12:17:18.819880849Z: [    0.770552] ACPI: PCI Interrupt Link [GSID] (IRQs *19)
[STDERR  ] 2018-04-14T12:17:18.819893922Z: [    0.775143] ACPI: PCI Interrupt Link [GSIE] (IRQs *20)
[STDERR  ] 2018-04-14T12:17:18.819907744Z: [    0.780056] ACPI: PCI Interrupt Link [GSIF] (IRQs *21)
[STDERR  ] 2018-04-14T12:17:18.819922784Z: [    0.784732] ACPI: PCI Interrupt Link [GSIG] (IRQs *22)
[STDERR  ] 2018-04-14T12:17:18.819937715Z: [    0.789433] ACPI: PCI Interrupt Link [GSIH] (IRQs *23)
[STDERR  ] 2018-04-14T12:17:18.819953434Z: [    0.791174] ACPI: Enabled 1 GPEs in block 00 to 3F
[STDERR  ] 2018-04-14T12:17:18.819975934Z: [    0.796130] SCSI subsystem initialized
[STDERR  ] 2018-04-14T12:17:18.819990667Z: [    0.800117] ACPI: bus type USB registered
[STDERR  ] 2018-04-14T12:17:18.820004157Z: [    0.803669] usbcore: registered new interface driver usbfs
[STDERR  ] 2018-04-14T12:17:18.820018923Z: [    0.810065] usbcore: registered new interface driver hub
[STDERR  ] 2018-04-14T12:17:18.820034953Z: [    0.814527] usbcore: registered new device driver usb
[STDERR  ] 2018-04-14T12:17:18.820049007Z: [    0.818766] pps_core: LinuxPPS API ver. 1 registered
[STDERR  ] 2018-04-14T12:17:18.820062485Z: [    0.820011] pps_core: Software ver. 5.3.6 - Copyright 2005-2007 Rodolfo Giometti <giometti@linux.it>
[STDERR  ] 2018-04-14T12:17:18.820076186Z: [    0.830035] PTP clock support registered
[STDERR  ] 2018-04-14T12:17:18.820090432Z: [    0.833407] wmi: Mapper loaded
[STDERR  ] 2018-04-14T12:17:18.820106117Z: [    0.835976] PCI: Using ACPI for IRQ routing
[STDERR  ] 2018-04-14T12:17:18.820120657Z: [    1.240415] NetLabel: Initializing
[STDERR  ] 2018-04-14T12:17:18.820134442Z: [    1.243479] NetLabel:  domain hash size = 128
[STDERR  ] 2018-04-14T12:17:18.820234909Z: [    1.247312] NetLabel:  protocols = UNLABELED CIPSOv4
[STDERR  ] 2018-04-14T12:17:18.820249995Z: [    1.250045] NetLabel:  unlabeled traffic allowed by default
[STDERR  ] 2018-04-14T12:17:18.820262947Z: [    1.255068] HPET: 3 timers in total, 0 timers will be used for per-cpu timer
[STDERR  ] 2018-04-14T12:17:18.820276054Z: [    1.260124] hpet0: at MMIO 0xfed00000, IRQs 2, 8, 0
[STDERR  ] 2018-04-14T12:17:18.820290083Z: [    1.264354] hpet0: 3 comparators, 64-bit 100.000000 MHz counter
[STDERR  ] 2018-04-14T12:17:18.820303024Z: [    1.273517] clocksource: Switched to clocksource kvm-clock
[STDERR  ] 2018-04-14T12:17:18.820316023Z: [    1.292686] VFS: Disk quotas dquot_6.6.0
[STDERR  ] 2018-04-14T12:17:18.820330470Z: [    1.296228] VFS: Dquot-cache hash table entries: 512 (order 0, 4096 bytes)
[STDERR  ] 2018-04-14T12:17:18.820342858Z: [    1.302113] FS-Cache: Loaded
[STDERR  ] 2018-04-14T12:17:18.820355627Z: [    1.304887] CacheFiles: Loaded
[STDERR  ] 2018-04-14T12:17:18.820368845Z: [    1.307560] pnp: PnP ACPI init
[STDERR  ] 2018-04-14T12:17:18.820382521Z: [    1.311325] pnp: PnP ACPI: found 5 devices
[STDOUT  ] 2018-04-14T12:17:18.816400276Z: [    2.795860] sd 0:0:0:0: [sda] Write cache: enabled, read cache: enabled, doesn't support DPO or FUA
[STDERR  ] 2018-04-14T12:17:18.820396202Z: [    1.320977] clocksource: acpi_pm: mask: 0xffffff max_cycles: 0xffffff, max_idle_ns: 2085701024 ns
[STDERR  ] 2018-04-14T12:17:18.821033537Z: [    1.328628] NET: Registered protocol family 2
[STDERR  ] 2018-04-14T12:17:18.821066557Z: [    1.332575] TCP established hash table entries: 8192 (order: 4, 65536 bytes)
[STDERR  ] 2018-04-14T12:17:18.821096280Z: [    1.338423] TCP bind hash table entries: 8192 (order: 5, 131072 bytes)
[STDERR  ] 2018-04-14T12:17:18.821122996Z: [    1.344138] TCP: Hash tables configured (established 8192 bind 8192)
[STDERR  ] 2018-04-14T12:17:18.821154576Z: [    1.350827] UDP hash table entries: 512 (order: 2, 16384 bytes)
[STDERR  ] 2018-04-14T12:17:18.821191144Z: [    1.355422] UDP-Lite hash table entries: 512 (order: 2, 16384 bytes)
[STDERR  ] 2018-04-14T12:17:18.821218779Z: [    1.360611] NET: Registered protocol family 1
[STDERR  ] 2018-04-14T12:17:18.821244836Z: [    1.364407] pci 0000:00:01.0: Video device with shadowed ROM at [mem 0x000c0000-0x000dffff]
[STDERR  ] 2018-04-14T12:17:18.821280709Z: [    1.371786] Unpacking initramfs...
[STDERR  ] 2018-04-14T12:17:18.821306744Z: [    2.052964] Freeing initrd memory: 31352K (ffff8fe43e132000 - ffff8fe43ffd0000)
[STDERR  ] 2018-04-14T12:17:18.821333078Z: [    2.059792] PCLMULQDQ-NI instructions are not detected.
[STDERR  ] 2018-04-14T12:17:18.821367333Z: [    2.064178] AVX or AES-NI instructions are not detected.
[STDERR  ] 2018-04-14T12:17:18.821393774Z: [    2.068110] CPU feature 'AVX registers' is not supported.
[STDERR  ] 2018-04-14T12:17:18.821423851Z: [    2.072373] CPU feature 'AVX registers' is not supported.
[STDERR  ] 2018-04-14T12:17:18.821452030Z: [    2.076679] CPU feature 'AVX registers' is not supported.
[STDERR  ] 2018-04-14T12:17:18.821478869Z: [    2.080722] CPU feature 'AVX registers' is not supported.
[STDERR  ] 2018-04-14T12:17:18.821504351Z: [    2.084883] AVX2 or AES-NI instructions are not detected.
[STDOUT  ] 2018-04-14T12:17:18.821504634Z: [    2.805008] sd 0:0:0:0: [sda] Attached SCSI disk
[STDOUT  ] 2018-04-14T12:17:18.821523209Z: [    2.821454] sr 2:0:0:0: [sr0] scsi3-mmc drive: 4x/4x cd/rw xa/form2 tray
[STDERR  ] 2018-04-14T12:17:18.821526898Z: [    2.088945] AVX2 instructions are not detected.
