[INFO    ] 2017-10-13T18:50:38.878488549Z: Running Test linuxkit.packages.containerd in /tmp/build/test/cases/040_packages/003_containerd
[INFO    ] 2017-10-13T18:50:38.878605873Z: Running command: [/bin/sh -x /tmp/build/test/cases/040_packages/003_containerd/test.sh]
[STDERR  ] 2017-10-13T18:50:38.879053304Z: + set -e
[STDERR  ] 2017-10-13T18:50:38.87908746Z: + . /tmp/build/test/cases/_lib/lib.sh
[STDERR  ] 2017-10-13T18:50:38.879102515Z: + [ -f src/github.com/linuxkit/rtf/lib/lib.sh ]
[STDERR  ] 2017-10-13T18:50:38.879109083Z: + LINUXKIT_TMPDIR=/tmp/build/test/cases/_tmp
[STDERR  ] 2017-10-13T18:50:38.879116173Z: + [ -f /tmp/build/test/cases/_tmp/env.sh ]
[STDERR  ] 2017-10-13T18:50:38.879121836Z: + . /tmp/build/test/cases/_tmp/env.sh
[STDERR  ] 2017-10-13T18:50:38.879127621Z: + export LINUXKIT_EXAMPLES_DIR=/tmp/build/test/cases/../../examples
[STDERR  ] 2017-10-13T18:50:38.879134003Z: + export LINUXKIT_BLUEPRINTS_DIR=/tmp/build/test/cases/../../blueprints
[STDERR  ] 2017-10-13T18:50:38.879141828Z: + RT_CANCEL=253
[STDERR  ] 2017-10-13T18:50:38.87914786Z: + NAME=containerd
[STDERR  ] 2017-10-13T18:50:38.879153555Z: + trap clean_up EXIT
[STDERR  ] 2017-10-13T18:50:38.879159929Z: + moby build -format kernel+initrd -name containerd test.yml
[STDERR  ] 2017-10-13T18:50:38.922230268Z: Extract kernel image: linuxkit/kernel:4.9.54
[STDERR  ] 2017-10-13T18:50:40.243579715Z: time="2017-10-13T18:50:40Z" level=warning msg="certificate with CN Moby CI is near expiry" 
[STDERR  ] 2017-10-13T18:50:40.243685158Z: time="2017-10-13T18:50:40Z" level=warning msg="certificate with CN Rolf Neugebauer is near expiry" 
[STDERR  ] 2017-10-13T18:50:40.263722586Z: time="2017-10-13T18:50:40Z" level=warning msg="certificate with CN Rolf Neugebauer is near expiry" 
[STDERR  ] 2017-10-13T18:50:40.965712714Z: Add init containers:
[STDERR  ] 2017-10-13T18:50:42.175075167Z: time="2017-10-13T18:50:42Z" level=warning msg="certificate with CN Rolf Neugebauer is near expiry" 
[STDERR  ] 2017-10-13T18:50:42.175322058Z: time="2017-10-13T18:50:42Z" level=warning msg="certificate with CN Moby CI is near expiry" 
[STDERR  ] 2017-10-13T18:50:42.179522526Z: time="2017-10-13T18:50:42Z" level=warning msg="certificate with CN Rolf Neugebauer is near expiry" 
[STDERR  ] 2017-10-13T18:50:43.567930392Z: time="2017-10-13T18:50:43Z" level=warning msg="certificate with CN Moby CI is near expiry" 
[STDERR  ] 2017-10-13T18:50:43.568134236Z: time="2017-10-13T18:50:43Z" level=warning msg="certificate with CN Rolf Neugebauer is near expiry" 
[STDERR  ] 2017-10-13T18:50:43.571362104Z: time="2017-10-13T18:50:43Z" level=warning msg="certificate with CN Rolf Neugebauer is near expiry" 
[STDERR  ] 2017-10-13T18:50:44.843566898Z: time="2017-10-13T18:50:44Z" level=warning msg="certificate with CN Moby CI is near expiry" 
[STDERR  ] 2017-10-13T18:50:44.843759999Z: time="2017-10-13T18:50:44Z" level=warning msg="certificate with CN Rolf Neugebauer is near expiry" 
[STDERR  ] 2017-10-13T18:50:44.848129787Z: time="2017-10-13T18:50:44Z" level=warning msg="certificate with CN Rolf Neugebauer is near expiry" 
[STDERR  ] 2017-10-13T18:50:46.371380138Z: time="2017-10-13T18:50:46Z" level=warning msg="certificate with CN Rolf Neugebauer is near expiry" 
[STDERR  ] 2017-10-13T18:50:46.371512484Z: time="2017-10-13T18:50:46Z" level=warning msg="certificate with CN Moby CI is near expiry" 
[STDERR  ] 2017-10-13T18:50:46.37335535Z: time="2017-10-13T18:50:46Z" level=warning msg="certificate with CN Rolf Neugebauer is near expiry" 
[STDERR  ] 2017-10-13T18:50:46.498709179Z: Add onboot containers:
[STDERR  ] 2017-10-13T18:50:46.498744316Z:   Create OCI config for linuxkit/dhcpcd:aa685261ceb2557990dcfe9dd8824c6b9ec416e2
[STDERR  ] 2017-10-13T18:50:47.596225155Z: time="2017-10-13T18:50:47Z" level=warning msg="certificate with CN Rolf Neugebauer is near expiry" 
[STDERR  ] 2017-10-13T18:50:47.596464493Z: time="2017-10-13T18:50:47Z" level=warning msg="certificate with CN Moby CI is near expiry" 
[STDERR  ] 2017-10-13T18:50:47.598076916Z: time="2017-10-13T18:50:47Z" level=warning msg="certificate with CN Rolf Neugebauer is near expiry" 
[STDERR  ] 2017-10-13T18:50:47.744211041Z:   Create OCI config for linuxkit/sysctl:1644bf07edbcaf5ce0bb764fa925b544183547f9
[STDERR  ] 2017-10-13T18:50:48.988011985Z: time="2017-10-13T18:50:48Z" level=warning msg="certificate with CN Moby CI is near expiry" 
[STDERR  ] 2017-10-13T18:50:48.98817927Z: time="2017-10-13T18:50:48Z" level=warning msg="certificate with CN Rolf Neugebauer is near expiry" 
[STDERR  ] 2017-10-13T18:50:48.989988848Z: time="2017-10-13T18:50:48Z" level=warning msg="certificate with CN Rolf Neugebauer is near expiry" 
[STDERR  ] 2017-10-13T18:50:49.127407957Z:   Create OCI config for linuxkit/format:be811ded880af37a916f23bc9ddb274026ccc514
[STDERR  ] 2017-10-13T18:50:50.213634468Z: time="2017-10-13T18:50:50Z" level=warning msg="certificate with CN Rolf Neugebauer is near expiry" 
[STDERR  ] 2017-10-13T18:50:50.213857808Z: time="2017-10-13T18:50:50Z" level=warning msg="certificate with CN Moby CI is near expiry" 
[STDERR  ] 2017-10-13T18:50:50.21593662Z: time="2017-10-13T18:50:50Z" level=warning msg="certificate with CN Rolf Neugebauer is near expiry" 
[STDERR  ] 2017-10-13T18:50:50.511524929Z:   Create OCI config for linuxkit/mount:ef2e2106212b2d333b548821191f04da984ef48f
[STDERR  ] 2017-10-13T18:50:51.951323527Z: time="2017-10-13T18:50:51Z" level=warning msg="certificate with CN Moby CI is near expiry" 
[STDERR  ] 2017-10-13T18:50:51.951563787Z: time="2017-10-13T18:50:51Z" level=warning msg="certificate with CN Rolf Neugebauer is near expiry" 
[STDERR  ] 2017-10-13T18:50:51.953735546Z: time="2017-10-13T18:50:51Z" level=warning msg="certificate with CN Rolf Neugebauer is near expiry" 
[STDERR  ] 2017-10-13T18:50:52.109941719Z:   Create OCI config for linuxkit/test-containerd:a74697f70cdc5f19cfc4d0d7828621f3cef5b264
[STDERR  ] 2017-10-13T18:50:54.032963554Z: time="2017-10-13T18:50:54Z" level=warning msg="certificate with CN Rolf Neugebauer is near expiry" 
[STDERR  ] 2017-10-13T18:50:54.033199354Z: time="2017-10-13T18:50:54Z" level=warning msg="certificate with CN Moby CI is near expiry" 
[STDERR  ] 2017-10-13T18:50:54.625250525Z: time="2017-10-13T18:50:54Z" level=warning msg="certificate with CN Rolf Neugebauer is near expiry" 
[STDERR  ] 2017-10-13T18:50:54.646211313Z: Pull image: docker.io/linuxkit/test-containerd:a74697f70cdc5f19cfc4d0d7828621f3cef5b264@sha256:4d9220e64bcd9645503b2dfb0103129880d1b798c1bd0de7ee749b341e09ce21
[STDERR  ] 2017-10-13T18:51:16.765133107Z:   Create OCI config for linuxkit/poweroff:ffd3f539a6f4e67d4cd4ff36503636de35edd7b2
[STDERR  ] 2017-10-13T18:51:18.22533708Z: time="2017-10-13T18:51:18Z" level=warning msg="certificate with CN Rolf Neugebauer is near expiry" 
[STDERR  ] 2017-10-13T18:51:18.225665841Z: time="2017-10-13T18:51:18Z" level=warning msg="certificate with CN Moby CI is near expiry" 
[STDERR  ] 2017-10-13T18:51:18.227273546Z: time="2017-10-13T18:51:18Z" level=warning msg="certificate with CN Rolf Neugebauer is near expiry" 
[STDERR  ] 2017-10-13T18:51:19.208315664Z: Create outputs:
[STDERR  ] 2017-10-13T18:51:54.084014521Z:   containerd-kernel containerd-initrd.img containerd-cmdline
[STDERR  ] 2017-10-13T18:51:54.485899081Z: + linuxkit run -mem 2048 -disk size=2G containerd
[STDERR  ] 2017-10-13T18:51:55.649701441Z: Unable to find qemu-system-x86_64 within the $PATH. Using a container
[STDERR  ] 2017-10-13T18:53:55.780825598Z: main-loop: WARNING: I/O thread spun for 1000 iterations
[STDERR  ] 2017-10-13T19:02:57.63953281Z: + RESULT=[    0.000000] Linux version 4.9.54-linuxkit (root@e73ac76f2f14) (gcc version 6.3.0 (Alpine 6.3.0) ) #1 SMP Wed Oct 11 11:30:59 UTC 2017
[STDERR  ] 2017-10-13T19:02:57.63959528Z: [    0.000000] Command line: console=ttyS0 page_poison=1
[STDERR  ] 2017-10-13T19:02:57.639604251Z: [    0.000000] x86/fpu: Legacy x87 FPU detected.
[STDERR  ] 2017-10-13T19:02:57.668250244Z: [    0.000000] x86/fpu: Using 'eager' FPU context switches.
[STDERR  ] 2017-10-13T19:02:57.668262854Z: [    0.000000] e820: BIOS-provided physical RAM map:
[STDERR  ] 2017-10-13T19:02:57.668271691Z: [    0.000000] BIOS-e820: [mem 0x0000000000000000-0x000000000009fbff] usable
[STDERR  ] 2017-10-13T19:02:57.668287217Z: [    0.000000] BIOS-e820: [mem 0x000000000009fc00-0x000000000009ffff] reserved
[STDERR  ] 2017-10-13T19:02:57.668294599Z: [    0.000000] BIOS-e820: [mem 0x00000000000f0000-0x00000000000fffff] reserved
[STDERR  ] 2017-10-13T19:02:57.668301199Z: [    0.000000] BIOS-e820: [mem 0x0000000000100000-0x000000007ffdefff] usable
[STDERR  ] 2017-10-13T19:02:57.668307041Z: [    0.000000] BIOS-e820: [mem 0x000000007ffdf000-0x000000007fffffff] reserved
[STDERR  ] 2017-10-13T19:02:57.668313189Z: [    0.000000] BIOS-e820: [mem 0x00000000b0000000-0x00000000bfffffff] reserved
[STDERR  ] 2017-10-13T19:02:57.668319289Z: [    0.000000] BIOS-e820: [mem 0x00000000fed1c000-0x00000000fed1ffff] reserved
[STDERR  ] 2017-10-13T19:02:57.668324888Z: [    0.000000] BIOS-e820: [mem 0x00000000fffc0000-0x00000000ffffffff] reserved
[STDERR  ] 2017-10-13T19:02:57.668330564Z: [    0.000000] NX (Execute Disable) protection: active
[STDERR  ] 2017-10-13T19:02:57.668341314Z: [    0.000000] SMBIOS 2.8 present.
[STDERR  ] 2017-10-13T19:02:57.668347771Z: [    0.000000] e820: last_pfn = 0x7ffdf max_arch_pfn = 0x400000000
[STDERR  ] 2017-10-13T19:02:57.668353854Z: [    0.000000] x86/PAT: Configuration [0-7]: WB  WC  UC- UC  WB  WC  UC- WT  
[STDERR  ] 2017-10-13T19:02:57.668360001Z: [    0.000000] found SMP MP-table at [mem 0x000f6aa0-0x000f6aaf] mapped at [ffff9eee800f6aa0]
[STDERR  ] 2017-10-13T19:02:57.668367319Z: [    0.000000] RAMDISK: [mem 0x71b11000-0x7ffcffff]
[STDERR  ] 2017-10-13T19:02:57.668373324Z: [    0.000000] ACPI: Early table checksum verification disabled
[STDERR  ] 2017-10-13T19:02:57.668379474Z: [    0.000000] ACPI: RSDP 0x00000000000F68C0 000014 (v00 BOCHS )
[STDERR  ] 2017-10-13T19:02:57.668385711Z: [    0.000000] ACPI: RSDT 0x000000007FFE2404 000034 (v01 BOCHS  BXPCRSDT 00000001 BXPC 00000001)
[STDERR  ] 2017-10-13T19:02:57.668392051Z: [    0.000000] ACPI: FACP 0x000000007FFE22A4 000074 (v01 BOCHS  BXPCFACP 00000001 BXPC 00000001)
[STDERR  ] 2017-10-13T19:02:57.668398238Z: [    0.000000] ACPI: DSDT 0x000000007FFE0040 002264 (v01 BOCHS  BXPCDSDT 00000001 BXPC 00000001)
[STDERR  ] 2017-10-13T19:02:57.668403986Z: [    0.000000] ACPI: FACS 0x000000007FFE0000 000040
[STDERR  ] 2017-10-13T19:02:57.668409704Z: [    0.000000] ACPI: APIC 0x000000007FFE2318 000078 (v01 BOCHS  BXPCAPIC 00000001 BXPC 00000001)
[STDERR  ] 2017-10-13T19:02:57.668415239Z: [    0.000000] ACPI: HPET 0x000000007FFE2390 000038 (v01 BOCHS  BXPCHPET 00000001 BXPC 00000001)
[STDERR  ] 2017-10-13T19:02:57.668421099Z: [    0.000000] ACPI: MCFG 0x000000007FFE23C8 00003C (v01 BOCHS  BXPCMCFG 00000001 BXPC 00000001)
[STDERR  ] 2017-10-13T19:02:57.668426611Z: [    0.000000] Zone ranges:
[STDERR  ] 2017-10-13T19:02:57.668432553Z: [    0.000000]   DMA      [mem 0x0000000000001000-0x0000000000ffffff]
[STDERR  ] 2017-10-13T19:02:57.668439688Z: [    0.000000]   DMA32    [mem 0x0000000001000000-0x000000007ffdefff]
[STDERR  ] 2017-10-13T19:02:57.668445781Z: [    0.000000]   Normal   empty
[STDERR  ] 2017-10-13T19:02:57.668451461Z: [    0.000000] Movable zone start for each node
[STDERR  ] 2017-10-13T19:02:57.668456954Z: [    0.000000] Early memory node ranges
[STDERR  ] 2017-10-13T19:02:57.668462666Z: [    0.000000]   node   0: [mem 0x0000000000001000-0x000000000009efff]
[STDERR  ] 2017-10-13T19:02:57.668470634Z: [    0.000000]   node   0: [mem 0x0000000000100000-0x000000007ffdefff]
[STDERR  ] 2017-10-13T19:02:57.668476374Z: [    0.000000] Initmem setup node 0 [mem 0x0000000000001000-0x000000007ffdefff]
[STDERR  ] 2017-10-13T19:02:57.668481921Z: [    0.000000] ACPI: PM-Timer IO Port: 0x608
[STDERR  ] 2017-10-13T19:02:57.668488881Z: [    0.000000] ACPI: LAPIC_NMI (acpi_id[0xff] dfl dfl lint[0x1])
[STDERR  ] 2017-10-13T19:02:57.668495804Z: [    0.000000] IOAPIC[0]: apic_id 0, version 32, address 0xfec00000, GSI 0-23
[STDERR  ] 2017-10-13T19:02:57.668506061Z: [    0.000000] ACPI: INT_SRC_OVR (bus 0 bus_irq 0 global_irq 2 dfl dfl)
[STDERR  ] 2017-10-13T19:02:57.668512591Z: [    0.000000] ACPI: INT_SRC_OVR (bus 0 bus_irq 5 global_irq 5 high level)
[STDERR  ] 2017-10-13T19:02:57.668530316Z: [    0.000000] ACPI: INT_SRC_OVR (bus 0 bus_irq 9 global_irq 9 high level)
[STDERR  ] 2017-10-13T19:02:57.668536531Z: [    0.000000] ACPI: INT_SRC_OVR (bus 0 bus_irq 10 global_irq 10 high level)
[STDERR  ] 2017-10-13T19:02:57.668542386Z: [    0.000000] ACPI: INT_SRC_OVR (bus 0 bus_irq 11 global_irq 11 high level)
[STDERR  ] 2017-10-13T19:02:57.668548134Z: [    0.000000] Using ACPI (MADT) for SMP configuration information
[STDERR  ] 2017-10-13T19:02:57.668554053Z: [    0.000000] ACPI: HPET id: 0x8086a201 base: 0xfed00000
[STDERR  ] 2017-10-13T19:02:57.668560223Z: [    0.000000] smpboot: Allowing 1 CPUs, 0 hotplug CPUs
[STDERR  ] 2017-10-13T19:02:57.668566686Z: [    0.000000] e820: [mem 0xc0000000-0xfed1bfff] available for PCI devices
[STDERR  ] 2017-10-13T19:02:57.668572331Z: [    0.000000] Booting paravirtualized kernel on bare hardware
[STDERR  ] 2017-10-13T19:02:57.668613303Z: [    0.000000] clocksource: refined-jiffies: mask: 0xffffffff max_cycles: 0xffffffff, max_idle_ns: 19112604462750000 ns
[STDERR  ] 2017-10-13T19:02:57.668631439Z: [    0.000000] setup_percpu: NR_CPUS:128 nr_cpumask_bits:128 nr_cpu_ids:1 nr_node_ids:1
[STDERR  ] 2017-10-13T19:02:57.668637101Z: [    0.000000] percpu: Embedded 35 pages/cpu @ffff9eeef1800000 s105240 r8192 d29928 u2097152
[STDERR  ] 2017-10-13T19:02:57.668647611Z: [    0.000000] Built 1 zonelists in Zone order, mobility grouping on.  Total pages: 515944
[STDERR  ] 2017-10-13T19:02:57.668653174Z: [    0.000000] Kernel command line: console=ttyS0 page_poison=1
[STDERR  ] 2017-10-13T19:02:57.668659563Z: [    0.000000] PID hash table entries: 4096 (order: 3, 32768 bytes)
[STDERR  ] 2017-10-13T19:02:57.668665302Z: [    0.000000] Dentry cache hash table entries: 262144 (order: 9, 2097152 bytes)
[STDERR  ] 2017-10-13T19:02:57.668670983Z: [    0.000000] Inode-cache hash table entries: 131072 (order: 8, 1048576 bytes)
[STDERR  ] 2017-10-13T19:02:57.668677011Z: [    0.000000] Memory: 1810592K/2096628K available (8052K kernel code, 1367K rwdata, 2704K rodata, 1380K init, 568K bss, 286036K reserved, 0K cma-reserved)
[STDERR  ] 2017-10-13T19:02:57.668693152Z: [    0.000000] Hierarchical RCU implementation.
[STDERR  ] 2017-10-13T19:02:57.668699477Z: [    0.000000] 	Build-time adjustment of leaf fanout to 64.
[STDERR  ] 2017-10-13T19:02:57.668705185Z: [    0.000000] 	RCU restricting CPUs from NR_CPUS=128 to nr_cpu_ids=1.
[STDERR  ] 2017-10-13T19:02:57.668711261Z: [    0.000000] RCU: Adjusting geometry for rcu_fanout_leaf=64, nr_cpu_ids=1
[STDERR  ] 2017-10-13T19:02:57.668717208Z: [    0.000000] NR_IRQS:8448 nr_irqs:256 16
[STDERR  ] 2017-10-13T19:02:57.668722903Z: [    0.000000] Console: colour VGA+ 80x25
[STDERR  ] 2017-10-13T19:02:57.668728525Z: [    0.000000] console [ttyS0] enabled
[STDERR  ] 2017-10-13T19:02:57.66873392Z: [    0.000000] allocated 4194304 bytes of page_ext
[STDERR  ] 2017-10-13T19:02:57.668739565Z: [    0.000000] clocksource: hpet: mask: 0xffffffff max_cycles: 0xffffffff, max_idle_ns: 19112604467 ns
[STDERR  ] 2017-10-13T19:02:57.668746185Z: [    0.000000] tsc: Fast TSC calibration using PIT
[STDERR  ] 2017-10-13T19:02:57.668752871Z: [    0.000000] tsc: Detected 2599.983 MHz processor
[STDERR  ] 2017-10-13T19:02:57.668758565Z: [    0.032189] Calibrating delay loop (skipped), value calculated using timer frequency.. 5199.96 BogoMIPS (lpj=25999830)
[STDERR  ] 2017-10-13T19:02:57.668764393Z: [    0.033512] pid_max: default: 32768 minimum: 301
[STDERR  ] 2017-10-13T19:02:57.668769971Z: [    0.034534] ACPI: Core revision 20160831
[STDERR  ] 2017-10-13T19:02:57.668775525Z: [    0.098067] ACPI: 1 ACPI AML tables successfully acquired and loaded
[STDERR  ] 2017-10-13T19:02:57.668780905Z: [    0.103606] Security Framework initialized
[STDERR  ] 2017-10-13T19:02:57.66879071Z: [    0.104111] Yama: becoming mindful.
[STDERR  ] 2017-10-13T19:02:57.668796185Z: [    0.106440] Mount-cache hash table entries: 4096 (order: 3, 32768 bytes)
[STDERR  ] 2017-10-13T19:02:57.668802442Z: [    0.107116] Mountpoint-cache hash table entries: 4096 (order: 3, 32768 bytes)
[STDERR  ] 2017-10-13T19:02:57.66881146Z: [    0.135227] Last level iTLB entries: 4KB 0, 2MB 0, 4MB 0
[STDERR  ] 2017-10-13T19:02:57.668817325Z: [    0.135809] Last level dTLB entries: 4KB 0, 2MB 0, 4MB 0, 1GB 0
[STDERR  ] 2017-10-13T19:02:57.668823072Z: [    0.466551] Freeing SMP alternatives memory: 20K
[STDERR  ] 2017-10-13T19:02:57.668828658Z: [    0.475094] ftrace: allocating 35580 entries in 139 pages
[STDERR  ] 2017-10-13T19:02:57.668834472Z: [    0.639633] smpboot: Max logical packages: 1
[STDERR  ] 2017-10-13T19:02:57.668840425Z: [    0.644857] ..TIMER: vector=0x30 apic1=0 pin1=2 apic2=-1 pin2=-1
[STDERR  ] 2017-10-13T19:02:57.668845932Z: [    0.750000] smpboot: CPU0: AMD QEMU Virtual CPU version 2.5+ (family: 0x6, model: 0x6, stepping: 0x3)
[STDERR  ] 2017-10-13T19:02:57.668852138Z: [    0.750000] Performance Events: PMU not available due to virtualization, using software events only.
[STDERR  ] 2017-10-13T19:02:57.668858Z: [    0.757249] NMI watchdog: disabled (cpu0): hardware events not enabled
[STDERR  ] 2017-10-13T19:02:57.66886599Z: [    0.757687] NMI watchdog: Shutting down hard lockup detector on all cpus
[STDERR  ] 2017-10-13T19:02:57.668873001Z: [    0.760545] x86: Booted up 1 node, 1 CPUs
[STDERR  ] 2017-10-13T19:02:57.668878962Z: [    0.760880] smpboot: Total of 1 processors activated (5199.96 BogoMIPS)
[STDERR  ] 2017-10-13T19:02:57.668885311Z: [    0.776102] devtmpfs: initialized
[STDERR  ] 2017-10-13T19:02:57.668891272Z: [    0.780935] x86/mm: Memory block size: 128MB
[STDERR  ] 2017-10-13T19:02:57.668897083Z: [    0.849806] clocksource: jiffies: mask: 0xffffffff max_cycles: 0xffffffff, max_idle_ns: 19112604462750000 ns
[STDERR  ] 2017-10-13T19:02:57.668902568Z: [    0.850269] futex hash table entries: 256 (order: 2, 16384 bytes)
[STDERR  ] 2017-10-13T19:02:57.66891267Z: [    0.857911] NET: Registered protocol family 16
[STDERR  ] 2017-10-13T19:02:57.668918772Z: [    0.868184] cpuidle: using governor ladder
[STDERR  ] 2017-10-13T19:02:57.668925102Z: [    0.868596] cpuidle: using governor menu
[STDERR  ] 2017-10-13T19:02:57.668930858Z: [    0.869782] ACPI: bus type PCI registered
[STDERR  ] 2017-10-13T19:02:57.668936335Z: [    0.872477] PCI: MMCONFIG for domain 0000 [bus 00-ff] at [mem 0xb0000000-0xbfffffff] (base 0xb0000000)
[STDERR  ] 2017-10-13T19:02:57.668942537Z: [    0.873123] PCI: MMCONFIG at [mem 0xb0000000-0xbfffffff] reserved in E820
[STDERR  ] 2017-10-13T19:02:57.668948447Z: [    0.874317] PCI: Using configuration type 1 for base access
[STDERR  ] 2017-10-13T19:02:57.668954285Z: [    0.929281] HugeTLB registered 2 MB page size, pre-allocated 0 pages
[STDERR  ] 2017-10-13T19:02:57.668960063Z: [    0.942204] ACPI: Added _OSI(Module Device)
[STDERR  ] 2017-10-13T19:02:57.66896635Z: [    0.942483] ACPI: Added _OSI(Processor Device)
[STDERR  ] 2017-10-13T19:02:57.668972077Z: [    0.942643] ACPI: Added _OSI(3.0 _SCP Extensions)
[STDERR  ] 2017-10-13T19:02:57.668977837Z: [    0.942886] ACPI: Added _OSI(Processor Aggregator Device)
[STDERR  ] 2017-10-13T19:02:57.66901666Z: [    1.013296] ACPI: Interpreter enabled
[STDERR  ] 2017-10-13T19:02:57.669024922Z: [    1.014203] ACPI: (supports S0 S5)
[STDERR  ] 2017-10-13T19:02:57.669030696Z: [    1.014451] ACPI: Using IOAPIC for interrupt routing
[STDERR  ] 2017-10-13T19:02:57.669041769Z: [    1.016193] PCI: Using host bridge windows from ACPI; if necessary, use "pci=nocrs" and report a bug
[STDERR  ] 2017-10-13T19:02:57.669049052Z: [    1.078451] ACPI: PCI Root Bridge [PCI0] (domain 0000 [bus 00-ff])
[STDERR  ] 2017-10-13T19:02:57.66905492Z: [    1.079208] acpi PNP0A08:00: _OSC: OS supports [ExtendedConfig ASPM ClockPM Segments MSI]
[STDERR  ] 2017-10-13T19:02:57.669060649Z: [    1.084781] acpi PNP0A08:00: _OSC: OS now controls [PCIeHotplug PME PCIeCapability]
[STDERR  ] 2017-10-13T19:02:57.669070854Z: [    1.088351] PCI host bridge to bus 0000:00
[STDERR  ] 2017-10-13T19:02:57.669076787Z: [    1.088664] pci_bus 0000:00: root bus resource [io  0x0000-0x0cf7 window]
[STDERR  ] 2017-10-13T19:02:57.66908327Z: [    1.088979] pci_bus 0000:00: root bus resource [io  0x0d00-0xffff window]
[STDERR  ] 2017-10-13T19:02:57.669093059Z: [    1.089301] pci_bus 0000:00: root bus resource [mem 0x000a0000-0x000bffff window]
[STDERR  ] 2017-10-13T19:02:57.669099096Z: [    1.089622] pci_bus 0000:00: root bus resource [mem 0xc0000000-0xfebfffff window]
[STDERR  ] 2017-10-13T19:02:57.66910495Z: [    1.090221] pci_bus 0000:00: root bus resource [bus 00-ff]
[STDERR  ] 2017-10-13T19:02:57.669115276Z: [    1.202749] pci 0000:00:1f.0: quirk: [io  0x0600-0x067f] claimed by ICH6 ACPI/GPIO/TCO
[STDERR  ] 2017-10-13T19:02:57.669121287Z: [    1.266844] ACPI: PCI Interrupt Link [LNKA] (IRQs 5 *10 11)
[STDERR  ] 2017-10-13T19:02:57.669127667Z: [    1.269223] ACPI: PCI Interrupt Link [LNKB] (IRQs 5 *10 11)
[STDERR  ] 2017-10-13T19:02:57.669135227Z: [    1.271306] ACPI: PCI Interrupt Link [LNKC] (IRQs 5 10 *11)
[STDERR  ] 2017-10-13T19:02:57.669141406Z: [    1.273080] ACPI: PCI Interrupt Link [LNKD] (IRQs 5 10 *11)
[STDERR  ] 2017-10-13T19:02:57.669147049Z: [    1.274945] ACPI: PCI Interrupt Link [LNKE] (IRQs 5 *10 11)
[STDERR  ] 2017-10-13T19:02:57.669152782Z: [    1.276741] ACPI: PCI Interrupt Link [LNKF] (IRQs 5 *10 11)
[STDERR  ] 2017-10-13T19:02:57.669158372Z: [    1.278505] ACPI: PCI Interrupt Link [LNKG] (IRQs 5 10 *11)
[STDERR  ] 2017-10-13T19:02:57.669164279Z: [    1.280756] ACPI: PCI Interrupt Link [LNKH] (IRQs 5 10 *11)
[STDERR  ] 2017-10-13T19:02:57.66916991Z: [    1.281440] ACPI: PCI Interrupt Link [GSIA] (IRQs *16)
[STDERR  ] 2017-10-13T19:02:57.669175952Z: [    1.281985] ACPI: PCI Interrupt Link [GSIB] (IRQs *17)
[STDERR  ] 2017-10-13T19:02:57.66918156Z: [    1.282498] ACPI: PCI Interrupt Link [GSIC] (IRQs *18)
[STDERR  ] 2017-10-13T19:02:57.669187572Z: [    1.282996] ACPI: PCI Interrupt Link [GSID] (IRQs *19)
[STDERR  ] 2017-10-13T19:02:57.669193326Z: [    1.283515] ACPI: PCI Interrupt Link [GSIE] (IRQs *20)
[STDERR  ] 2017-10-13T19:02:57.669198966Z: [    1.284003] ACPI: PCI Interrupt Link [GSIF] (IRQs *21)
[STDERR  ] 2017-10-13T19:02:57.669205052Z: [    1.284556] ACPI: PCI Interrupt Link [GSIG] (IRQs *22)
[STDERR  ] 2017-10-13T19:02:57.669211222Z: [    1.285045] ACPI: PCI Interrupt Link [GSIH] (IRQs *23)
[STDERR  ] 2017-10-13T19:02:57.669216486Z: [    1.288807] ACPI: Enabled 2 GPEs in block 00 to 3F
[STDERR  ] 2017-10-13T19:02:57.669221812Z: [    1.293221] SCSI subsystem initialized
[STDERR  ] 2017-10-13T19:02:57.66922722Z: [    1.295039] ACPI: bus type USB registered
[STDERR  ] 2017-10-13T19:02:57.669232576Z: [    1.295987] usbcore: registered new interface driver usbfs
[STDERR  ] 2017-10-13T19:02:57.669237964Z: [    1.296700] usbcore: registered new interface driver hub
[STDERR  ] 2017-10-13T19:02:57.669243342Z: [    1.297351] usbcore: registered new device driver usb
[STDERR  ] 2017-10-13T19:02:57.669248597Z: [    1.298374] pps_core: LinuxPPS API ver. 1 registered
[STDERR  ] 2017-10-13T19:02:57.669254064Z: [    1.298584] pps_core: Software ver. 5.3.6 - Copyright 2005-2007 Rodolfo Giometti <giometti@linux.it>
[STDERR  ] 2017-10-13T19:02:57.669259599Z: [    1.299132] PTP clock support registered
[STDERR  ] 2017-10-13T19:02:57.66926486Z: [    1.300362] wmi: Mapper loaded
[STDERR  ] 2017-10-13T19:02:57.669270169Z: [    1.301337] PCI: Using ACPI for IRQ routing
[STDERR  ] 2017-10-13T19:02:57.669275442Z: [    1.319647] NetLabel: Initializing
[STDERR  ] 2017-10-13T19:02:57.669280754Z: [    1.319797] NetLabel:  domain hash size = 128
[STDERR  ] 2017-10-13T19:02:57.66928607Z: [    1.320000] NetLabel:  protocols = UNLABELED CIPSOv4
[STDERR  ] 2017-10-13T19:02:57.669291379Z: [    1.321878] NetLabel:  unlabeled traffic allowed by default
[STDERR  ] 2017-10-13T19:02:57.669296769Z: [    1.322777] HPET: 3 timers in total, 0 timers will be used for per-cpu timer
[STDERR  ] 2017-10-13T19:02:57.66930576Z: [    1.323356] hpet0: at MMIO 0xfed00000, IRQs 2, 8, 0
[STDERR  ] 2017-10-13T19:02:57.669311174Z: [    1.323741] hpet0: 3 comparators, 64-bit 100.000000 MHz counter
[STDERR  ] 2017-10-13T19:02:57.669316602Z: [    1.328899] clocksource: Switched to clocksource hpet
[STDERR  ] 2017-10-13T19:02:57.669324574Z: [    1.609908] VFS: Disk quotas dquot_6.6.0
[STDERR  ] 2017-10-13T19:02:57.669330056Z: [    1.611089] VFS: Dquot-cache hash table entries: 512 (order 0, 4096 bytes)
[STDERR  ] 2017-10-13T19:02:57.669335812Z: [    1.614840] FS-Cache: Loaded
[STDERR  ] 2017-10-13T19:02:57.669342226Z: [    1.619659] CacheFiles: Loaded
[STDERR  ] 2017-10-13T19:02:57.66934779Z: [    1.622259] pnp: PnP ACPI init
[STDERR  ] 2017-10-13T19:02:57.669353096Z: [    1.633519] pnp: PnP ACPI: found 5 devices
[STDERR  ] 2017-10-13T19:02:57.669358434Z: [    1.684713] clocksource: acpi_pm: mask: 0xffffff max_cycles: 0xffffff, max_idle_ns: 2085701024 ns
[STDERR  ] 2017-10-13T19:02:57.669363812Z: [    1.688821] NET: Registered protocol family 2
[STDERR  ] 2017-10-13T19:02:57.66936913Z: [    1.696225] TCP established hash table entries: 16384 (order: 5, 131072 bytes)
[STDERR  ] 2017-10-13T19:02:57.66937483Z: [    1.697195] TCP bind hash table entries: 16384 (order: 6, 262144 bytes)
[STDERR  ] 2017-10-13T19:02:57.669380486Z: [    1.698445] TCP: Hash tables configured (established 16384 bind 16384)
[STDERR  ] 2017-10-13T19:02:57.669386279Z: [    1.699923] UDP hash table entries: 1024 (order: 3, 32768 bytes)
[STDERR  ] 2017-10-13T19:02:57.669398126Z: [    1.700969] UDP-Lite hash table entries: 1024 (order: 3, 32768 bytes)
[STDERR  ] 2017-10-13T19:02:57.669403859Z: [    1.703819] NET: Registered protocol family 1
[STDERR  ] 2017-10-13T19:02:57.669410935Z: [    1.705123] pci 0000:00:01.0: Video device with shadowed ROM at [mem 0x000c0000-0x000dffff]
[STDERR  ] 2017-10-13T19:02:57.669416446Z: [    1.713527] Unpacking initramfs...
[STDERR  ] 2017-10-13T19:02:57.669422331Z: [   31.447617] Freeing initrd memory: 234236K
[STDERR  ] 2017-10-13T19:02:57.669431978Z: [   31.472805] PCLMULQDQ-NI instructions are not detected.
[STDERR  ] 2017-10-13T19:02:57.669442862Z: [   31.474427] AVX or AES-NI instructions are not detected.
[STDERR  ] 2017-10-13T19:02:57.669449468Z: [   31.474967] CPU feature 'AVX registers' is not supported.
[STDERR  ] 2017-10-13T19:02:57.669455191Z: [   31.475453] CPU feature 'AVX registers' is not supported.
[STDERR  ] 2017-10-13T19:02:57.669461373Z: [   31.475900] CPU feature 'AVX registers' is not supported.
[STDERR  ] 2017-10-13T19:02:57.669467146Z: [   31.476297] CPU feature 'AVX registers' is not supported.
[STDERR  ] 2017-10-13T19:02:57.669472633Z: [   31.476709] AVX2 or AES-NI instructions are not detected.
[STDERR  ] 2017-10-13T19:02:57.669478231Z: [   31.477160] AVX2 instructions are not detected.
[STDERR  ] 2017-10-13T19:02:57.669483853Z: [   31.483827] audit: initializing netlink subsys (disabled)
[STDERR  ] 2017-10-13T19:02:57.669489361Z: [   31.485568] audit: type=2000 audit(1507920755.480:1): initialized
[STDERR  ] 2017-10-13T19:02:57.669494759Z: [   31.495305] workingset: timestamp_bits=46 max_order=19 bucket_order=0
[STDERR  ] 2017-10-13T19:02:57.669500679Z: [   31.502645] squashfs: version 4.0 (2009/01/31) Phillip Lougher
[STDERR  ] 2017-10-13T19:02:57.669506499Z: [   31.505183] FS-Cache: Netfs 'cifs' registered for caching
[STDERR  ] 2017-10-13T19:02:57.669512023Z: [   31.506161] fuse init (API version 7.26)
[STDERR  ] 2017-10-13T19:02:57.669517513Z: [   31.508308] SGI XFS with ACLs, security attributes, no debug enabled
[STDERR  ] 2017-10-13T19:02:57.669523492Z: [   31.512908] 9p: Installing v9fs 9p2000 file system support
[STDERR  ] 2017-10-13T19:02:57.669528891Z: [   31.513418] FS-Cache: Netfs '9p' registered for caching
[STDERR  ] 2017-10-13T19:02:57.669534141Z: [   31.547204] NET: Registered protocol family 38
[STDERR  ] 2017-10-13T19:02:57.669539469Z: [   31.547830] Key type asymmetric registered
[STDERR  ] 2017-10-13T19:02:57.669544788Z: [   31.548189] Asymmetric key parser 'x509' registered
[STDERR  ] 2017-10-13T19:02:57.669553726Z: [   31.549291] Block layer SCSI generic (bsg) driver version 0.4 loaded (major 251)
[STDERR  ] 2017-10-13T19:02:57.669559196Z: [   31.552014] io scheduler noop registered
[STDERR  ] 2017-10-13T19:02:57.669564432Z: [   31.552404] io scheduler deadline registered (default)
[STDERR  ] 2017-10-13T19:02:57.669572525Z: [   31.553270] io scheduler cfq registered
[STDERR  ] 2017-10-13T19:02:57.669585073Z: [   31.555909] pci_hotplug: PCI Hot Plug PCI Core version: 0.5
[STDERR  ] 2017-10-13T19:02:57.669591698Z: [   31.556524] pciehp: PCI Express Hot Plug Controller Driver version: 0.4
[STDERR  ] 2017-10-13T19:02:57.669597239Z: [   31.557405] shpchp: Standard Hot Plug PCI Controller Driver version: 0.4
[STDERR  ] 2017-10-13T19:02:57.669602958Z: [   31.558279] hv_vmbus: registering driver hyperv_fb
[STDERR  ] 2017-10-13T19:02:57.669608231Z: [   31.563263] input: Power Button as /devices/LNXSYSTM:00/LNXPWRBN:00/input/input0
[STDERR  ] 2017-10-13T19:02:57.669617217Z: [   31.564395] ACPI: Power Button [PWRF]
[STDERR  ] 2017-10-13T19:02:57.669625551Z: [   31.569108] GHES: HEST is not enabled!
[STDERR  ] 2017-10-13T19:02:57.669634808Z: [   31.579247] ACPI: PCI Interrupt Link [GSIG] enabled at IRQ 22
[STDERR  ] 2017-10-13T19:02:57.669640387Z: [   31.592583] ACPI: PCI Interrupt Link [GSIH] enabled at IRQ 23
[STDERR  ] 2017-10-13T19:02:57.669645907Z: [   31.596651] xenfs: not registering filesystem on non-xen platform
[STDERR  ] 2017-10-13T19:02:57.669651299Z: [   31.598704] Serial: 8250/16550 driver, 4 ports, IRQ sharing disabled
[STDERR  ] 2017-10-13T19:02:57.669657023Z: [   31.624015] 00:04: ttyS0 at I/O 0x3f8 (irq = 4, base_baud = 115200) is a 16550A
[STDERR  ] 2017-10-13T19:02:57.669662647Z: [   31.637735] Non-volatile memory driver v1.3
[STDERR  ] 2017-10-13T19:02:57.669668581Z: [   31.644150] Hangcheck: starting hangcheck timer 0.9.1 (tick is 180 seconds, margin is 60 seconds).
[STDERR  ] 2017-10-13T19:02:57.669674121Z: [   31.649200] random: fast init done
[STDERR  ] 2017-10-13T19:02:57.669679727Z: [   31.684591] loop: module loaded
[STDERR  ] 2017-10-13T19:02:57.669685451Z: [   31.701597] nbd: registered device at major 43
[STDERR  ] 2017-10-13T19:02:57.669691021Z: [   31.744663] lpc_ich 0000:00:1f.0: I/O space for GPIO uninitialized
[STDERR  ] 2017-10-13T19:02:57.669697003Z: [   31.746889] VMware PVSCSI driver - version 1.0.7.0-k
[STDERR  ] 2017-10-13T19:02:57.669702649Z: [   31.747824] hv_vmbus: registering driver hv_storvsc
[STDERR  ] 2017-10-13T19:02:57.669707932Z: [   31.758180] ACPI: PCI Interrupt Link [GSIA] enabled at IRQ 16
[STDERR  ] 2017-10-13T19:02:57.669713207Z: [   31.764842] ahci 0000:00:1f.2: AHCI 0001.0000 32 slots 6 ports 1.5 Gbps 0x3f impl SATA mode
[STDERR  ] 2017-10-13T19:02:57.669718755Z: [   31.765625] ahci 0000:00:1f.2: flags: 64bit ncq only 
[STDERR  ] 2017-10-13T19:02:57.669724821Z: [   31.785736] scsi host0: ahci
[STDERR  ] 2017-10-13T19:02:57.669733068Z: [   31.791174] scsi host1: ahci
[STDERR  ] 2017-10-13T19:02:57.669739245Z: [   31.793514] scsi host2: ahci
[STDERR  ] 2017-10-13T19:02:57.669744843Z: [   31.795774] scsi host3: ahci
[STDERR  ] 2017-10-13T19:02:57.669750679Z: [   31.798062] scsi host4: ahci
[STDERR  ] 2017-10-13T19:02:57.669756011Z: [   31.800588] scsi host5: ahci
[STDERR  ] 2017-10-13T19:02:57.669761444Z: [   31.802485] ata1: SATA max UDMA/133 abar m4096@0xfebd2000 port 0xfebd2100 irq 24
[STDERR  ] 2017-10-13T19:02:57.66976745Z: [   31.803022] ata2: SATA max UDMA/133 abar m4096@0xfebd2000 port 0xfebd2180 irq 24
[STDERR  ] 2017-10-13T19:02:57.66977301Z: [   31.803517] ata3: SATA max UDMA/133 abar m4096@0xfebd2000 port 0xfebd2200 irq 24
[STDERR  ] 2017-10-13T19:02:57.669778288Z: [   31.803988] ata4: SATA max UDMA/133 abar m4096@0xfebd2000 port 0xfebd2280 irq 24
[STDERR  ] 2017-10-13T19:02:57.669783696Z: [   31.804467] ata5: SATA max UDMA/133 abar m4096@0xfebd2000 port 0xfebd2300 irq 24
[STDERR  ] 2017-10-13T19:02:57.669789147Z: [   31.804940] ata6: SATA max UDMA/133 abar m4096@0xfebd2000 port 0xfebd2380 irq 24
[STDERR  ] 2017-10-13T19:02:57.669800677Z: [   31.818570] tun: Universal TUN/TAP device driver, 1.6
[STDERR  ] 2017-10-13T19:02:57.66981042Z: [   31.818991] tun: (C) 1999-2004 Max Krasnyansky <maxk@qualcomm.com>
[STDERR  ] 2017-10-13T19:02:57.669816188Z: [   31.831383] VMware vmxnet3 virtual NIC driver - version 1.4.a.0-k-NAPI
[STDERR  ] 2017-10-13T19:02:57.669822023Z: [   31.832446] hv_vmbus: registering driver hv_netvsc
[STDERR  ] 2017-10-13T19:02:57.66983081Z: [   31.832852] Fusion MPT base driver 3.04.20
[STDERR  ] 2017-10-13T19:02:57.66983638Z: [   31.833174] Copyright (c) 1999-2008 LSI Corporation
[STDERR  ] 2017-10-13T19:02:57.669841891Z: [   31.833836] Fusion MPT SPI Host driver 3.04.20
[STDERR  ] 2017-10-13T19:02:57.669847508Z: [   31.836563] i8042: PNP: PS/2 Controller [PNP0303:KBD,PNP0f13:MOU] at 0x60,0x64 irq 1,12
[STDERR  ] 2017-10-13T19:02:57.669858103Z: [   31.841166] serio: i8042 KBD port at 0x60,0x64 irq 1
[STDERR  ] 2017-10-13T19:02:57.66986518Z: [   31.841904] serio: i8042 AUX port at 0x60,0x64 irq 12
[STDERR  ] 2017-10-13T19:02:57.669871063Z: [   31.845533] hv_vmbus: registering driver hyperv_keyboard
[STDERR  ] 2017-10-13T19:02:57.669876504Z: [   31.847804] mousedev: PS/2 mouse device common for all mice
[STDERR  ] 2017-10-13T19:02:57.669881998Z: [   31.852795] input: AT Translated Set 2 keyboard as /devices/platform/i8042/serio0/input/input1
[STDERR  ] 2017-10-13T19:02:57.66988749Z: [   31.855698] input: PC Speaker as /devices/platform/pcspkr/input/input2
[STDERR  ] 2017-10-13T19:02:57.669893613Z: [   31.859304] rtc_cmos 00:00: RTC can wake from S4
[STDERR  ] 2017-10-13T19:02:57.669899324Z: [   31.862874] rtc_cmos 00:00: rtc core: registered rtc_cmos as rtc0
[STDERR  ] 2017-10-13T19:02:57.66990534Z: [   31.864358] rtc_cmos 00:00: alarms up to one day, y3k, 114 bytes nvram, hpet irqs
[STDERR  ] 2017-10-13T19:02:57.669910966Z: [   31.865140] i2c /dev entries driver
[STDERR  ] 2017-10-13T19:02:57.669916863Z: [   31.867157] device-mapper: ioctl: 4.35.0-ioctl (2016-06-23) initialised: dm-devel@redhat.com
[STDERR  ] 2017-10-13T19:02:57.669922283Z: [   31.872124] usbcore: registered new interface driver usbhid
[STDERR  ] 2017-10-13T19:02:57.669928001Z: [   31.872566] usbhid: USB HID core driver
[STDERR  ] 2017-10-13T19:02:57.669937884Z: [   31.873218] hv_utils: Registering HyperV Utility Driver
[STDERR  ] 2017-10-13T19:02:57.669943404Z: [   31.873569] hv_vmbus: registering driver hv_util
[STDERR  ] 2017-10-13T19:02:57.66994883Z: [   31.873848] hv_vmbus: registering driver hv_balloon
[STDERR  ] 2017-10-13T19:02:57.669955713Z: [   31.874421] oprofile: using NMI interrupt.
[STDERR  ] 2017-10-13T19:02:57.669961154Z: [   31.875665] GACT probability on
[STDERR  ] 2017-10-13T19:02:57.669966576Z: [   31.876166] Mirror/redirect action on
[STDERR  ] 2017-10-13T19:02:57.669972076Z: [   31.877193] Simple TC action Loaded
[STDERR  ] 2017-10-13T19:02:57.669977474Z: [   31.877753] u32 classifier
[STDERR  ] 2017-10-13T19:02:57.66998307Z: [   31.877943]     Performance counters on
[STDERR  ] 2017-10-13T19:02:57.669988736Z: [   31.878220]     input device check on
[STDERR  ] 2017-10-13T19:02:57.66999423Z: [   31.878461]     Actions configured
[STDERR  ] 2017-10-13T19:02:57.669999807Z: [   31.879097] Netfilter messages via NETLINK v0.30.
[STDERR  ] 2017-10-13T19:02:57.670005257Z: [   31.879929] nfnl_acct: registering with nfnetlink.
[STDERR  ] 2017-10-13T19:02:57.670011566Z: [   31.881780] nf_conntrack version 0.5.0 (16384 buckets, 65536 max)
[STDERR  ] 2017-10-13T19:02:57.670017206Z: [   31.884735] ctnetlink v0.93: registering with nfnetlink.
[STDERR  ] 2017-10-13T19:02:57.670022528Z: [   31.887840] nf_tables: (c) 2007-2009 Patrick McHardy <kaber@trash.net>
[STDERR  ] 2017-10-13T19:02:57.670027811Z: [   31.888667] nf_tables_compat: (c) 2012 Pablo Neira Ayuso <pablo@netfilter.org>
[STDERR  ] 2017-10-13T19:02:57.670033154Z: [   31.891391] xt_time: kernel timezone is -0000
[STDERR  ] 2017-10-13T19:02:57.670038563Z: [   31.891930] ip_set: protocol 6
[STDERR  ] 2017-10-13T19:02:57.670044833Z: [   31.892582] IPVS: Registered protocols (TCP, UDP, SCTP, AH, ESP)
[STDERR  ] 2017-10-13T19:02:57.670053501Z: [   31.893199] IPVS: Connection hash table configured (size=4096, memory=64Kbytes)
[STDERR  ] 2017-10-13T19:02:57.670059143Z: [   31.894958] IPVS: Creating netns size=2104 id=0
[STDERR  ] 2017-10-13T19:02:57.670064616Z: [   31.897688] IPVS: ipvs loaded.
[STDERR  ] 2017-10-13T19:02:57.670070558Z: [   31.898065] IPVS: [rr] scheduler registered.
[STDERR  ] 2017-10-13T19:02:57.67008012Z: [   31.898424] IPVS: [wrr] scheduler registered.
[STDERR  ] 2017-10-13T19:02:57.670085713Z: [   31.898750] IPVS: [lc] scheduler registered.
[STDERR  ] 2017-10-13T19:02:57.670091303Z: [   31.899033] IPVS: [wlc] scheduler registered.
[STDERR  ] 2017-10-13T19:02:57.670096601Z: [   31.899336] IPVS: [fo] scheduler registered.
[STDERR  ] 2017-10-13T19:02:57.670101957Z: [   31.899632] IPVS: [ovf] scheduler registered.
[STDERR  ] 2017-10-13T19:02:57.670107374Z: [   31.900599] IPVS: [lblc] scheduler registered.
[STDERR  ] 2017-10-13T19:02:57.670113108Z: [   31.901065] IPVS: [lblcr] scheduler registered.
[STDERR  ] 2017-10-13T19:02:57.670123035Z: [   31.901394] IPVS: [dh] scheduler registered.
[STDERR  ] 2017-10-13T19:02:57.670128462Z: [   31.901681] IPVS: [sh] scheduler registered.
[STDERR  ] 2017-10-13T19:02:57.670133873Z: [   31.901948] IPVS: [sed] scheduler registered.
[STDERR  ] 2017-10-13T19:02:57.670139215Z: [   31.902266] IPVS: [nq] scheduler registered.
[STDERR  ] 2017-10-13T19:02:57.670149627Z: [   31.902997] IPVS: ftp: loaded support on port[0] = 21
[STDERR  ] 2017-10-13T19:02:57.670155406Z: [   31.903892] ipip: IPv4 and MPLS over IPv4 tunneling driver
[STDERR  ] 2017-10-13T19:02:57.670160999Z: [   31.908054] gre: GRE over IPv4 demultiplexor driver
[STDERR  ] 2017-10-13T19:02:57.670166723Z: [   31.911280] ip_tables: (C) 2000-2006 Netfilter Core Team
[STDERR  ] 2017-10-13T19:02:57.670172345Z: [   31.916260] ipt_CLUSTERIP: ClusterIP Version 0.8 loaded successfully
[STDERR  ] 2017-10-13T19:02:57.67017846Z: [   31.917097] arp_tables: arp_tables: (C) 2002 David S. Miller
[STDERR  ] 2017-10-13T19:02:57.670183912Z: [   31.919386] NET: Registered protocol family 10
[STDERR  ] 2017-10-13T19:02:57.670189562Z: [   31.929212] ip6_tables: (C) 2000-2006 Netfilter Core Team
[STDERR  ] 2017-10-13T19:02:57.670199395Z: [   31.937598] NET: Registered protocol family 17
[STDERR  ] 2017-10-13T19:02:57.670204779Z: [   31.938798] Bridge firewalling registered
[STDERR  ] 2017-10-13T19:02:57.670210199Z: [   31.939405] Ebtables v2.0 registered
[STDERR  ] 2017-10-13T19:02:57.670215573Z: [   31.941925] 8021q: 802.1Q VLAN Support v1.8
[STDERR  ] 2017-10-13T19:02:57.670220896Z: [   31.943350] 9pnet: Installing 9P2000 support
[STDERR  ] 2017-10-13T19:02:57.67022625Z: [   31.944930] Key type dns_resolver registered
[STDERR  ] 2017-10-13T19:02:57.670231642Z: [   31.946013] microcode: AMD CPU family 0x6 not supported
[STDERR  ] 2017-10-13T19:02:57.670237186Z: [   31.949727] registered taskstats version 1
[STDERR  ] 2017-10-13T19:02:57.670242475Z: [   32.115797] Key type big_key registered
[STDERR  ] 2017-10-13T19:02:57.670247965Z: [   32.144914] ata5: SATA link down (SStatus 0 SControl 300)
[STDERR  ] 2017-10-13T19:02:57.670253572Z: [   32.147920] ata4: SATA link down (SStatus 0 SControl 300)
[STDERR  ] 2017-10-13T19:02:57.670259452Z: [   32.148976] ata3: SATA link up 1.5 Gbps (SStatus 113 SControl 300)
[STDERR  ] 2017-10-13T19:02:57.670265365Z: [   32.152095] ata2: SATA link down (SStatus 0 SControl 300)
[STDERR  ] 2017-10-13T19:02:57.670270965Z: [   32.152738] ata1: SATA link up 1.5 Gbps (SStatus 113 SControl 300)
[STDERR  ] 2017-10-13T19:02:57.670276577Z: [   32.154750] ata1.00: ATA-7: QEMU HARDDISK, 2.5+, max UDMA/100
[STDERR  ] 2017-10-13T19:02:57.670282047Z: [   32.155173] ata1.00: 4194304 sectors, multi 16: LBA48 NCQ (depth 31/32)
[STDERR  ] 2017-10-13T19:02:57.670292049Z: [   32.155778] ata1.00: applying bridge limits
[STDERR  ] 2017-10-13T19:02:57.670298286Z: [   32.157639] ata1.00: configured for UDMA/100
[STDERR  ] 2017-10-13T19:02:57.67030367Z: [   32.159823] ata6: SATA link down (SStatus 0 SControl 300)
[STDERR  ] 2017-10-13T19:02:57.670313577Z: [   32.161177] ata3.00: ATAPI: QEMU DVD-ROM, 2.5+, max UDMA/100
[STDERR  ] 2017-10-13T19:02:57.670319507Z: [   32.161581] ata3.00: applying bridge limits
[STDERR  ] 2017-10-13T19:02:57.670324826Z: [   32.162306] ata3.00: configured for UDMA/100
[STDERR  ] 2017-10-13T19:02:57.670330216Z: [   32.182114] scsi 0:0:0:0: Direct-Access     ATA      QEMU HARDDISK    2.5+ PQ: 0 ANSI: 5
[STDERR  ] 2017-10-13T19:02:57.670338816Z: [   32.200730] sd 0:0:0:0: Attached scsi generic sg0 type 0
[STDERR  ] 2017-10-13T19:02:57.670344673Z: [   32.205913] sd 0:0:0:0: [sda] 4194304 512-byte logical blocks: (2.15 GB/2.00 GiB)
[STDERR  ] 2017-10-13T19:02:57.670350092Z: [   32.211105] sd 0:0:0:0: [sda] Write Protect is off
[STDERR  ] 2017-10-13T19:02:57.670355428Z: [   32.213357] scsi 2:0:0:0: CD-ROM            QEMU     QEMU DVD-ROM     2.5+ PQ: 0 ANSI: 5
[STDERR  ] 2017-10-13T19:02:57.670360926Z: [   32.220574] sd 0:0:0:0: [sda] Write cache: enabled, read cache: enabled, doesn't support DPO or FUA
[STDERR  ] 2017-10-13T19:02:57.670366955Z: [   32.233134] sr 2:0:0:0: [sr0] scsi3-mmc drive: 4x/4x cd/rw xa/form2 tray
[STDERR  ] 2017-10-13T19:02:57.670372568Z: [   32.233873] cdrom: Uniform CD-ROM driver Revision: 3.20
[STDERR  ] 2017-10-13T19:02:57.670378255Z: [   32.250665] sr 2:0:0:0: Attached scsi generic sg1 type 5
[STDERR  ] 2017-10-13T19:02:57.670383918Z: [   32.273568] sd 0:0:0:0: [sda] Attached SCSI disk
[STDERR  ] 2017-10-13T19:02:57.670389538Z: [   32.324132] Key type encrypted registered
[STDERR  ] 2017-10-13T19:02:57.67039504Z: [   32.330365] rtc_cmos 00:00: setting system clock to 2017-10-13 18:52:37 UTC (1507920757)
[STDERR  ] 2017-10-13T19:02:57.67040061Z: [   32.477594] Freeing unused kernel memory: 1380K
[STDERR  ] 2017-10-13T19:02:57.670406252Z: [   32.478136] Write protecting the kernel read-only data: 12288k
[STDERR  ] 2017-10-13T19:02:57.67041213Z: [   32.481036] tsc: Refined TSC clocksource calibration: 2600.037 MHz
[STDERR  ] 2017-10-13T19:02:57.670417733Z: [   32.481632] clocksource: tsc: mask: 0xffffffffffffffff max_cycles: 0x257a5ed49e5, max_idle_ns: 440795235317 ns
[STDERR  ] 2017-10-13T19:02:57.670424138Z: [   32.486370] Freeing unused kernel memory: 124K
[STDERR  ] 2017-10-13T19:02:57.670430388Z: [   32.573427] Freeing unused kernel memory: 1392K
[STDERR  ] 2017-10-13T19:02:57.670441019Z: [   33.501195] clocksource: Switched to clocksource tsc
[STDERR  ] 2017-10-13T19:02:57.670446605Z: 
[STDERR  ] 2017-10-13T19:02:57.670452313Z: Welcome to LinuxKit
[STDERR  ] 2017-10-13T19:02:57.670457869Z: 
[STDERR  ] 2017-10-13T19:02:57.670463103Z:                         ##         .
[STDERR  ] 2017-10-13T19:02:57.670469702Z:                   ## ## ##        ==
[STDERR  ] 2017-10-13T19:02:57.670476462Z:                ## ## ## ## ##    ===
[STDERR  ] 2017-10-13T19:02:57.670482058Z:            /"""""""""""""""""\___/ ===
[STDERR  ] 2017-10-13T19:02:57.670487539Z:           {                       /  ===-
[STDERR  ] 2017-10-13T19:02:57.670497784Z:            \______ O           __/
[STDERR  ] 2017-10-13T19:02:57.670503284Z:              \    \         __/
[STDERR  ] 2017-10-13T19:02:57.670509068Z:               \____\_______/
[STDERR  ] 2017-10-13T19:02:57.670514535Z: 
[STDERR  ] 2017-10-13T19:02:57.670520099Z: [  104.478006] 8021q: adding VLAN 0 to HW filter on device eth0
[STDERR  ] 2017-10-13T19:02:57.670525704Z: eth0: waiting for carrier
[STDERR  ] 2017-10-13T19:02:57.670531111Z: eth0: carrier acquired
[STDERR  ] 2017-10-13T19:02:57.670536714Z: DUID 00:01:00:01:21:73:c8:3d:7e:a5:2e:9d:ed:89
[STDERR  ] 2017-10-13T19:02:57.670542112Z: eth0: IAID 2e:9d:ed:89
[STDERR  ] 2017-10-13T19:02:57.670548737Z: eth0: adding address fe80::2469:65bc:845a:5db3
[STDERR  ] 2017-10-13T19:02:57.670557452Z: eth0: soliciting an IPv6 router
[STDERR  ] 2017-10-13T19:02:57.670566771Z: eth0: soliciting a DHCP lease
[STDERR  ] 2017-10-13T19:02:57.670584251Z: eth0: offered 10.0.2.15 from 10.0.2.2
[STDERR  ] 2017-10-13T19:02:57.670594011Z: eth0: leased 10.0.2.15 for 86400 seconds
[STDERR  ] 2017-10-13T19:02:57.670602745Z: eth0: adding route to 10.0.2.0/24
[STDERR  ] 2017-10-13T19:02:57.670623599Z: eth0: adding default route via 10.0.2.2
[STDERR  ] 2017-10-13T19:02:57.670632985Z: exiting due to oneshot
[STDERR  ] 2017-10-13T19:02:57.670639058Z: dhcpcd exited
[STDERR  ] 2017-10-13T19:02:57.670644805Z: [  106.786949] IPVS: Creating netns size=2104 id=1
[STDERR  ] 2017-10-13T19:02:57.670654038Z: [  106.787465] IPVS: ftp: loaded support on port[0] = 21
[STDERR  ] 2017-10-13T19:02:57.670660072Z: 2017/10/13 18:53:52 Creating partition on /dev/sda
[STDERR  ] 2017-10-13T19:02:57.670665465Z: [  108.078491] random: crng init done
[STDERR  ] 2017-10-13T19:02:57.670670671Z: [  108.118992]  sda:
[STDERR  ] 2017-10-13T19:02:57.670676305Z: [  108.190614]  sda:
[STDERR  ] 2017-10-13T19:02:57.670681625Z: [  108.221153]  sda: sda1
[STDERR  ] 2017-10-13T19:02:57.670687394Z: [  108.300956]  sda: sda1
[STDERR  ] 2017-10-13T19:02:57.670692929Z: 2017/10/13 18:53:56 Partition /dev/sda1 successfully created!
[STDERR  ] 2017-10-13T19:02:57.670698332Z: [  112.015337] IPVS: Creating netns size=2104 id=2
[STDERR  ] 2017-10-13T19:02:57.670703588Z: [  112.015655] IPVS: ftp: loaded support on port[0] = 21
[STDERR  ] 2017-10-13T19:02:57.670708938Z: [  113.218836] EXT4-fs (sda1): couldn't mount as ext3 due to feature incompatibilities
[STDERR  ] 2017-10-13T19:02:57.670719138Z: [  113.227363] EXT4-fs (sda1): couldn't mount as ext2 due to feature incompatibilities
[STDERR  ] 2017-10-13T19:02:57.670724817Z: [  113.252414] EXT4-fs (sda1): mounted filesystem with ordered data mode. Opts: (null)
[STDERR  ] 2017-10-13T19:02:57.670730294Z: v1.0.0-beta.2
[STDERR  ] 2017-10-13T19:02:57.670735805Z: a543c937eb0a05e1636714ee2be70819d745b960
[STDERR  ] 2017-10-13T19:02:57.670741188Z: ðŸ‡© root-test
[STDERR  ] 2017-10-13T19:02:57.670746397Z: [  219.708340] XFS (loop0): Mounting V4 Filesystem
[STDERR  ] 2017-10-13T19:02:57.670751772Z: [  219.754876] XFS (loop0): Ending clean mount
[STDERR  ] 2017-10-13T19:02:57.670756988Z: [  219.818228] XFS (loop0): Unmounting Filesystem
[STDERR  ] 2017-10-13T19:02:57.670762445Z: [  220.493188] XFS (loop0): Mounting V4 Filesystem
[STDERR  ] 2017-10-13T19:02:57.670767834Z: [  220.530996] XFS (loop0): Ending clean mount
[STDERR  ] 2017-10-13T19:02:57.670773364Z: [  220.548329] XFS (loop0): Unmounting Filesystem
[STDERR  ] 2017-10-13T19:02:57.670778769Z: ok  	github.com/containerd/containerd/fs	2.249s
[STDERR  ] 2017-10-13T19:02:57.670784199Z: ok  	github.com/containerd/containerd/metadata	6.199s
[STDERR  ] 2017-10-13T19:02:57.670789544Z: [  477.072095] XFS (loop2): Mounting V5 Filesystem
[STDERR  ] 2017-10-13T19:02:57.670795049Z: [  477.120006] XFS (loop2): Ending clean mount
[STDERR  ] 2017-10-13T19:02:57.670800441Z: [  477.313275] XFS (loop2): Unmounting Filesystem
[STDERR  ] 2017-10-13T19:02:57.670810438Z: ok  	github.com/containerd/containerd/mount/lookup_test	1.596s
[STDERR  ] 2017-10-13T19:02:57.670816012Z: [  522.030561] raid6: sse2x1   gen()   346 MB/s
[STDERR  ] 2017-10-13T19:02:57.670821409Z: [  522.200474] raid6: sse2x1   xor()   165 MB/s
[STDERR  ] 2017-10-13T19:02:57.670826718Z: [  522.370531] raid6: sse2x2   gen()   257 MB/s
[STDERR  ] 2017-10-13T19:02:57.670837609Z: [  522.540387] raid6: sse2x2   xor()   181 MB/s
[STDERR  ] 2017-10-13T19:02:57.670843924Z: [  522.710488] raid6: sse2x4   gen()   324 MB/s
[STDERR  ] 2017-10-13T19:02:57.670849313Z: [  522.880302] raid6: sse2x4   xor()   189 MB/s
[STDERR  ] 2017-10-13T19:02:57.670854697Z: [  522.880827] raid6: using algorithm sse2x1 gen() 346 MB/s
[STDERR  ] 2017-10-13T19:02:57.670860124Z: [  522.881262] raid6: .... xor() 165 MB/s, rmw enabled
[STDERR  ] 2017-10-13T19:02:57.67086581Z: [  522.881816] raid6: using intx1 recovery algorithm
[STDERR  ] 2017-10-13T19:02:57.670871281Z: [  522.906996] xor: measuring software checksum speed
[STDERR  ] 2017-10-13T19:02:57.670881504Z: [  523.000329]    prefetch64-sse:   673.200 MB/sec
[STDERR  ] 2017-10-13T19:02:57.670887261Z: [  523.100281]    generic_sse:   660.400 MB/sec
[STDERR  ] 2017-10-13T19:02:57.670892523Z: [  523.100746] xor: using function: prefetch64-sse (673.200 MB/sec)
[STDERR  ] 2017-10-13T19:02:57.670901453Z: [  523.264936] Btrfs loaded, crc32c=crc32c-generic
[STDERR  ] 2017-10-13T19:02:57.67090687Z: [  523.273375] BTRFS: device fsid 2cdd48f5-2516-42a4-8dc7-c2f6638c53d6 devid 1 transid 5 /dev/loop2
[STDERR  ] 2017-10-13T19:02:57.670912484Z: [  523.312170] BTRFS info (device loop2): disk space caching is enabled
[STDERR  ] 2017-10-13T19:02:57.670921106Z: [  523.312845] BTRFS info (device loop2): has skinny extents
[STDERR  ] 2017-10-13T19:02:57.67092687Z: [  523.313220] BTRFS info (device loop2): flagging fs with big metadata feature
[STDERR  ] 2017-10-13T19:02:57.670933303Z: [  523.362463] BTRFS info (device loop2): creating UUID tree
[STDERR  ] 2017-10-13T19:02:57.670938853Z: [  525.166907] BTRFS: device fsid 306a897e-0f39-49a6-bb31-ebf239e0b5f7 devid 1 transid 5 /dev/loop2
[STDERR  ] 2017-10-13T19:02:57.670944488Z: [  525.345566] BTRFS info (device loop2): disk space caching is enabled
[STDERR  ] 2017-10-13T19:02:57.670950363Z: [  525.346122] BTRFS info (device loop2): has skinny extents
[STDERR  ] 2017-10-13T19:02:57.670955798Z: [  525.346516] BTRFS info (device loop2): flagging fs with big metadata feature
[STDERR  ] 2017-10-13T19:02:57.67096127Z: [  525.379928] BTRFS info (device loop2): creating UUID tree
[STDERR  ] 2017-10-13T19:02:57.67096668Z: [  526.765260] BTRFS: device fsid 2c3ac6a5-76be-4dc1-a6c0-aad73790d592 devid 1 transid 5 /dev/loop2
[STDERR  ] 2017-10-13T19:02:57.670972364Z: [  526.943923] BTRFS info (device loop2): disk space caching is enabled
[STDERR  ] 2017-10-13T19:02:57.670977918Z: [  526.944468] BTRFS info (device loop2): has skinny extents
[STDERR  ] 2017-10-13T19:02:57.670983423Z: [  526.944819] BTRFS info (device loop2): flagging fs with big metadata feature
[STDERR  ] 2017-10-13T19:02:57.670988834Z: [  526.978738] BTRFS info (device loop2): creating UUID tree
[STDERR  ] 2017-10-13T19:02:57.670994322Z: [  528.702266] BTRFS: device fsid 484093ef-8cf0-40c5-bd68-61f514aee0fe devid 1 transid 5 /dev/loop2
[STDERR  ] 2017-10-13T19:02:57.671000413Z: [  528.873882] BTRFS info (device loop2): disk space caching is enabled
[STDERR  ] 2017-10-13T19:02:57.671005987Z: [  528.874413] BTRFS info (device loop2): has skinny extents
[STDERR  ] 2017-10-13T19:02:57.671015726Z: [  528.874760] BTRFS info (device loop2): flagging fs with big metadata feature
[STDERR  ] 2017-10-13T19:02:57.671025312Z: [  528.909673] BTRFS info (device loop2): creating UUID tree
[STDERR  ] 2017-10-13T19:02:57.67103075Z: [  530.810841] BTRFS: device fsid 485a9fed-507f-45f1-ba14-99fecb6558d4 devid 1 transid 5 /dev/loop2
[STDERR  ] 2017-10-13T19:02:57.671036233Z: [  530.983953] BTRFS info (device loop2): disk space caching is enabled
[STDERR  ] 2017-10-13T19:02:57.671042018Z: [  530.984496] BTRFS info (device loop2): has skinny extents
[STDERR  ] 2017-10-13T19:02:57.671047418Z: [  530.984895] BTRFS info (device loop2): flagging fs with big metadata feature
[STDERR  ] 2017-10-13T19:02:57.671053023Z: [  531.019280] BTRFS info (device loop2): creating UUID tree
[STDERR  ] 2017-10-13T19:02:57.671058343Z: [  532.586508] BTRFS: device fsid ec0ef51c-2abf-416f-97e8-9afef5f55cc2 devid 1 transid 5 /dev/loop2
[STDERR  ] 2017-10-13T19:02:57.671063748Z: [  532.763926] BTRFS info (device loop2): disk space caching is enabled
[STDERR  ] 2017-10-13T19:02:57.671069166Z: [  532.764452] BTRFS info (device loop2): has skinny extents
[STDERR  ] 2017-10-13T19:02:57.671074558Z: [  532.764845] BTRFS info (device loop2): flagging fs with big metadata feature
[STDERR  ] 2017-10-13T19:02:57.671080182Z: [  532.799843] BTRFS info (device loop2): creating UUID tree
[STDERR  ] 2017-10-13T19:02:57.671085463Z: [  535.089851] BTRFS: device fsid c64426ec-99c7-458d-b157-88e9178de7f6 devid 1 transid 5 /dev/loop2
[STDERR  ] 2017-10-13T19:02:57.671090903Z: [  535.263953] BTRFS info (device loop2): disk space caching is enabled
[STDERR  ] 2017-10-13T19:02:57.671096132Z: [  535.264455] BTRFS info (device loop2): has skinny extents
[STDERR  ] 2017-10-13T19:02:57.671101534Z: [  535.264756] BTRFS info (device loop2): flagging fs with big metadata feature
[STDERR  ] 2017-10-13T19:02:57.671110082Z: [  535.299997] BTRFS info (device loop2): creating UUID tree
[STDERR  ] 2017-10-13T19:02:57.671115462Z: [  537.078085] BTRFS: device fsid 98f91687-2b21-4e2c-b156-c2df8956d37b devid 1 transid 5 /dev/loop2
[STDERR  ] 2017-10-13T19:02:57.671120926Z: [  537.253913] BTRFS info (device loop2): disk space caching is enabled
[STDERR  ] 2017-10-13T19:02:57.67112888Z: [  537.254389] BTRFS info (device loop2): has skinny extents
[STDERR  ] 2017-10-13T19:02:57.671134413Z: [  537.254822] BTRFS info (device loop2): flagging fs with big metadata feature
[STDERR  ] 2017-10-13T19:02:57.671140499Z: [  537.291444] BTRFS info (device loop2): creating UUID tree
[STDERR  ] 2017-10-13T19:02:57.671151647Z: [  539.296230] BTRFS: device fsid 396cc4c0-51a0-42fe-a1e9-bbcc3cf0c78d devid 1 transid 5 /dev/loop2
[STDERR  ] 2017-10-13T19:02:57.6711573Z: [  539.474053] BTRFS info (device loop2): disk space caching is enabled
[STDERR  ] 2017-10-13T19:02:57.671163167Z: [  539.474545] BTRFS info (device loop2): has skinny extents
[STDERR  ] 2017-10-13T19:02:57.67116869Z: [  539.474944] BTRFS info (device loop2): flagging fs with big metadata feature
[STDERR  ] 2017-10-13T19:02:57.6711743Z: [  539.509579] BTRFS info (device loop2): creating UUID tree
[STDERR  ] 2017-10-13T19:02:57.671186876Z: [  546.016090] BTRFS: device fsid 71f3a4da-daaf-4ecd-87ea-d82cba5489dc devid 1 transid 5 /dev/loop2
[STDERR  ] 2017-10-13T19:02:57.67119324Z: [  546.194028] BTRFS info (device loop2): disk space caching is enabled
[STDERR  ] 2017-10-13T19:02:57.671198712Z: [  546.194548] BTRFS info (device loop2): has skinny extents
[STDERR  ] 2017-10-13T19:02:57.671204109Z: [  546.194924] BTRFS info (device loop2): flagging fs with big metadata feature
[STDERR  ] 2017-10-13T19:02:57.671209839Z: [  546.229879] BTRFS info (device loop2): creating UUID tree
[STDERR  ] 2017-10-13T19:02:57.671215293Z: [  547.679053] BTRFS: device fsid 67e8dd15-1dce-4abe-beec-4b647dc104fc devid 1 transid 5 /dev/loop2
[STDERR  ] 2017-10-13T19:02:57.671280823Z: [  547.854238] BTRFS info (device loop2): disk space caching is enabled
[STDERR  ] 2017-10-13T19:02:57.671287961Z: [  547.854781] BTRFS info (device loop2): has skinny extents
[STDERR  ] 2017-10-13T19:02:57.671293538Z: [  547.855216] BTRFS info (device loop2): flagging fs with big metadata feature
[STDERR  ] 2017-10-13T19:02:57.671299299Z: [  547.889593] BTRFS info (device loop2): creating UUID tree
[STDERR  ] 2017-10-13T19:02:57.671304679Z: [  549.670882] BTRFS: device fsid fbcb46d4-26b7-4908-a8ae-7eabaf8cf44b devid 1 transid 5 /dev/loop2
[STDERR  ] 2017-10-13T19:02:57.671335346Z: [  549.843836] BTRFS info (device loop2): disk space caching is enabled
[STDERR  ] 2017-10-13T19:02:57.671342299Z: [  549.844438] BTRFS info (device loop2): has skinny extents
[STDERR  ] 2017-10-13T19:02:57.671347746Z: [  549.844847] BTRFS info (device loop2): flagging fs with big metadata feature
[STDERR  ] 2017-10-13T19:02:57.671353499Z: [  549.881646] BTRFS info (device loop2): creating UUID tree
[STDERR  ] 2017-10-13T19:02:57.671358889Z: [  551.228292] BTRFS: device fsid 5c712ddd-317b-4e59-8cbf-3c7ded6dd8ac devid 1 transid 5 /dev/loop2
[STDERR  ] 2017-10-13T19:02:57.671364481Z: [  551.403999] BTRFS info (device loop2): disk space caching is enabled
[STDERR  ] 2017-10-13T19:02:57.671374166Z: [  551.404591] BTRFS info (device loop2): has skinny extents
[STDERR  ] 2017-10-13T19:02:57.671379949Z: [  551.405027] BTRFS info (device loop2): flagging fs with big metadata feature
[STDERR  ] 2017-10-13T19:02:57.671385476Z: [  551.442550] BTRFS info (device loop2): creating UUID tree
[STDERR  ] 2017-10-13T19:02:57.671390953Z: [  552.760816] BTRFS: device fsid d75913b7-ca0b-42f7-8e1e-83387d44c9a2 devid 1 transid 5 /dev/loop2
[STDERR  ] 2017-10-13T19:02:57.671396543Z: [  552.933926] BTRFS info (device loop2): disk space caching is enabled
[STDERR  ] 2017-10-13T19:02:57.671402715Z: [  552.934523] BTRFS info (device loop2): has skinny extents
[STDERR  ] 2017-10-13T19:02:57.671408039Z: [  552.934911] BTRFS info (device loop2): flagging fs with big metadata feature
[STDERR  ] 2017-10-13T19:02:57.671428939Z: [  552.969783] BTRFS info (device loop2): creating UUID tree
[STDERR  ] 2017-10-13T19:02:57.671434513Z: [  554.153879] BTRFS: device fsid 6ccf0290-ef69-4d48-8651-5ba0b1ded2d2 devid 1 transid 5 /dev/loop2
[STDERR  ] 2017-10-13T19:02:57.671440156Z: [  554.344337] BTRFS info (device loop2): disk space caching is enabled
[STDERR  ] 2017-10-13T19:02:57.671459713Z: [  554.344692] BTRFS info (device loop2): has skinny extents
[STDERR  ] 2017-10-13T19:02:57.671465733Z: [  554.345154] BTRFS info (device loop2): flagging fs with big metadata feature
[STDERR  ] 2017-10-13T19:02:57.671471621Z: [  554.381697] BTRFS info (device loop2): creating UUID tree
[STDERR  ] 2017-10-13T19:02:57.671477096Z: [  555.488746] BTRFS: device fsid 03d80160-4dfa-49bf-a6a6-ff8c9ef07e18 devid 1 transid 5 /dev/loop2
[STDERR  ] 2017-10-13T19:02:57.671482536Z: [  555.674003] BTRFS info (device loop2): disk space caching is enabled
[STDERR  ] 2017-10-13T19:02:57.671488898Z: [  555.674516] BTRFS info (device loop2): has skinny extents
[STDERR  ] 2017-10-13T19:02:57.671494236Z: [  555.675144] BTRFS info (device loop2): flagging fs with big metadata feature
[STDERR  ] 2017-10-13T19:02:57.671499946Z: [  555.710551] BTRFS info (device loop2): creating UUID tree
[STDERR  ] 2017-10-13T19:02:57.67153654Z: ok  	github.com/containerd/containerd/snapshot/btrfs	35.736s
[STDERR  ] 2017-10-13T19:02:57.671542188Z: ok  	github.com/containerd/containerd/snapshot/naive	4.941s
[STDERR  ] 2017-10-13T19:02:57.671560741Z: ok  	github.com/containerd/containerd/snapshot/overlay	5.087s
[STDERR  ] 2017-10-13T19:02:57.671566988Z: containerd test suite PASSED
[STDERR  ] 2017-10-13T19:02:57.67157292Z: [  651.949755] sd 0:0:0:0: [sda] Synchronizing SCSI cache
[STDERR  ] 2017-10-13T19:02:57.671584779Z: [  651.952992] sd 0:0:0:0: [sda] Stopping disk
[STDERR  ] 2017-10-13T19:02:57.67159036Z: [  651.957254] ACPI: Preparing to enter system sleep state S5
[STDERR  ] 2017-10-13T19:02:57.671595947Z: [  651.960463] reboot: Power down
[STDERR  ] 2017-10-13T19:02:57.67160162Z: + grep -q suite PASSED
[STDERR  ] 2017-10-13T19:02:57.671607572Z: + echo [    0.000000] Linux version 4.9.54-linuxkit (root@e73ac76f2f14) (gcc version 6.3.0 (Alpine 6.3.0) ) #1 SMP Wed Oct 11 11:30:59 UTC 2017
[STDERR  ] 2017-10-13T19:02:57.67161374Z: [    0.000000] Command line: console=ttyS0 page_poison=1
[STDERR  ] 2017-10-13T19:02:57.671619189Z: [    0.000000] x86/fpu: Legacy x87 FPU detected.
[STDERR  ] 2017-10-13T19:02:57.671624527Z: [    0.000000] x86/fpu: Using 'eager' FPU context switches.
[STDERR  ] 2017-10-13T19:02:57.67163001Z: [    0.000000] e820: BIOS-provided physical RAM map:
[STDERR  ] 2017-10-13T19:02:57.671635324Z: [    0.000000] BIOS-e820: [mem 0x0000000000000000-0x000000000009fbff] usable
[STDERR  ] 2017-10-13T19:02:57.671640857Z: [    0.000000] BIOS-e820: [mem 0x000000000009fc00-0x000000000009ffff] reserved
[STDERR  ] 2017-10-13T19:02:57.671646565Z: [    0.000000] BIOS-e820: [mem 0x00000000000f0000-0x00000000000fffff] reserved
[STDERR  ] 2017-10-13T19:02:57.671652122Z: [    0.000000] BIOS-e820: [mem 0x0000000000100000-0x000000007ffdefff] usable
[STDERR  ] 2017-10-13T19:02:57.671657609Z: [    0.000000] BIOS-e820: [mem 0x000000007ffdf000-0x000000007fffffff] reserved
[STDERR  ] 2017-10-13T19:02:57.671662997Z: [    0.000000] BIOS-e820: [mem 0x00000000b0000000-0x00000000bfffffff] reserved
[STDERR  ] 2017-10-13T19:02:57.671668695Z: [    0.000000] BIOS-e820: [mem 0x00000000fed1c000-0x00000000fed1ffff] reserved
[STDERR  ] 2017-10-13T19:02:57.671680073Z: [    0.000000] BIOS-e820: [mem 0x00000000fffc0000-0x00000000ffffffff] reserved
[STDERR  ] 2017-10-13T19:02:57.67168653Z: [    0.000000] NX (Execute Disable) protection: active
[STDERR  ] 2017-10-13T19:02:57.671692193Z: [    0.000000] SMBIOS 2.8 present.
[STDERR  ] 2017-10-13T19:02:57.671698102Z: [    0.000000] e820: last_pfn = 0x7ffdf max_arch_pfn = 0x400000000
[STDERR  ] 2017-10-13T19:02:57.671703617Z: [    0.000000] x86/PAT: Configuration [0-7]: WB  WC  UC- UC  WB  WC  UC- WT  
[STDERR  ] 2017-10-13T19:02:57.671713344Z: [    0.000000] found SMP MP-table at [mem 0x000f6aa0-0x000f6aaf] mapped at [ffff9eee800f6aa0]
[STDERR  ] 2017-10-13T19:02:57.671719045Z: [    0.000000] RAMDISK: [mem 0x71b11000-0x7ffcffff]
[STDERR  ] 2017-10-13T19:02:57.671724404Z: [    0.000000] ACPI: Early table checksum verification disabled
[STDERR  ] 2017-10-13T19:02:57.671732695Z: [    0.000000] ACPI: RSDP 0x00000000000F68C0 000014 (v00 BOCHS )
[STDERR  ] 2017-10-13T19:02:57.67173818Z: [    0.000000] ACPI: RSDT 0x000000007FFE2404 000034 (v01 BOCHS  BXPCRSDT 00000001 BXPC 00000001)
[STDERR  ] 2017-10-13T19:02:57.671743754Z: [    0.000000] ACPI: FACP 0x000000007FFE22A4 000074 (v01 BOCHS  BXPCFACP 00000001 BXPC 00000001)
[STDERR  ] 2017-10-13T19:02:57.671749219Z: [    0.000000] ACPI: DSDT 0x000000007FFE0040 002264 (v01 BOCHS  BXPCDSDT 00000001 BXPC 00000001)
[STDERR  ] 2017-10-13T19:02:57.671754722Z: [    0.000000] ACPI: FACS 0x000000007FFE0000 000040
[STDERR  ] 2017-10-13T19:02:57.671760305Z: [    0.000000] ACPI: APIC 0x000000007FFE2318 000078 (v01 BOCHS  BXPCAPIC 00000001 BXPC 00000001)
[STDERR  ] 2017-10-13T19:02:57.671765899Z: [    0.000000] ACPI: HPET 0x000000007FFE2390 000038 (v01 BOCHS  BXPCHPET 00000001 BXPC 00000001)
[STDERR  ] 2017-10-13T19:02:57.67177116Z: [    0.000000] ACPI: MCFG 0x000000007FFE23C8 00003C (v01 BOCHS  BXPCMCFG 00000001 BXPC 00000001)
[STDERR  ] 2017-10-13T19:02:57.671776553Z: [    0.000000] Zone ranges:
[STDERR  ] 2017-10-13T19:02:57.671782664Z: [    0.000000]   DMA      [mem 0x0000000000001000-0x0000000000ffffff]
[STDERR  ] 2017-10-13T19:02:57.671788609Z: [    0.000000]   DMA32    [mem 0x0000000001000000-0x000000007ffdefff]
[STDERR  ] 2017-10-13T19:02:57.671794195Z: [    0.000000]   Normal   empty
[STDERR  ] 2017-10-13T19:02:57.671799824Z: [    0.000000] Movable zone start for each node
[STDERR  ] 2017-10-13T19:02:57.671805333Z: [    0.000000] Early memory node ranges
[STDERR  ] 2017-10-13T19:02:57.67181064Z: [    0.000000]   node   0: [mem 0x0000000000001000-0x000000000009efff]
[STDERR  ] 2017-10-13T19:02:57.671816084Z: [    0.000000]   node   0: [mem 0x0000000000100000-0x000000007ffdefff]
[STDERR  ] 2017-10-13T19:02:57.671821345Z: [    0.000000] Initmem setup node 0 [mem 0x0000000000001000-0x000000007ffdefff]
[STDERR  ] 2017-10-13T19:02:57.67182756Z: [    0.000000] ACPI: PM-Timer IO Port: 0x608
[STDERR  ] 2017-10-13T19:02:57.671832997Z: [    0.000000] ACPI: LAPIC_NMI (acpi_id[0xff] dfl dfl lint[0x1])
[STDERR  ] 2017-10-13T19:02:57.671838493Z: [    0.000000] IOAPIC[0]: apic_id 0, version 32, address 0xfec00000, GSI 0-23
[STDERR  ] 2017-10-13T19:02:57.67184377Z: [    0.000000] ACPI: INT_SRC_OVR (bus 0 bus_irq 0 global_irq 2 dfl dfl)
[STDERR  ] 2017-10-13T19:02:57.671849113Z: [    0.000000] ACPI: INT_SRC_OVR (bus 0 bus_irq 5 global_irq 5 high level)
[STDERR  ] 2017-10-13T19:02:57.671854367Z: [    0.000000] ACPI: INT_SRC_OVR (bus 0 bus_irq 9 global_irq 9 high level)
[STDERR  ] 2017-10-13T19:02:57.671859613Z: [    0.000000] ACPI: INT_SRC_OVR (bus 0 bus_irq 10 global_irq 10 high level)
[STDERR  ] 2017-10-13T19:02:57.671865533Z: [    0.000000] ACPI: INT_SRC_OVR (bus 0 bus_irq 11 global_irq 11 high level)
[STDERR  ] 2017-10-13T19:02:57.671870847Z: [    0.000000] Using ACPI (MADT) for SMP configuration information
[STDERR  ] 2017-10-13T19:02:57.671876109Z: [    0.000000] ACPI: HPET id: 0x8086a201 base: 0xfed00000
[STDERR  ] 2017-10-13T19:02:57.671881455Z: [    0.000000] smpboot: Allowing 1 CPUs, 0 hotplug CPUs
[STDERR  ] 2017-10-13T19:02:57.671886767Z: [    0.000000] e820: [mem 0xc0000000-0xfed1bfff] available for PCI devices
[STDERR  ] 2017-10-13T19:02:57.671892505Z: [    0.000000] Booting paravirtualized kernel on bare hardware
[STDERR  ] 2017-10-13T19:02:57.671897923Z: [    0.000000] clocksource: refined-jiffies: mask: 0xffffffff max_cycles: 0xffffffff, max_idle_ns: 19112604462750000 ns
[STDERR  ] 2017-10-13T19:02:57.671903554Z: [    0.000000] setup_percpu: NR_CPUS:128 nr_cpumask_bits:128 nr_cpu_ids:1 nr_node_ids:1
[STDERR  ] 2017-10-13T19:02:57.671908897Z: [    0.000000] percpu: Embedded 35 pages/cpu @ffff9eeef1800000 s105240 r8192 d29928 u2097152
[STDERR  ] 2017-10-13T19:02:57.671917645Z: [    0.000000] Built 1 zonelists in Zone order, mobility grouping on.  Total pages: 515944
[STDERR  ] 2017-10-13T19:02:57.67192852Z: [    0.000000] Kernel command line: console=ttyS0 page_poison=1
[STDERR  ] 2017-10-13T19:02:57.671934282Z: [    0.000000] PID hash table entries: 4096 (order: 3, 32768 bytes)
[STDERR  ] 2017-10-13T19:02:57.671947049Z: [    0.000000] Dentry cache hash table entries: 262144 (order: 9, 2097152 bytes)
[STDERR  ] 2017-10-13T19:02:57.671957818Z: [    0.000000] Inode-cache hash table entries: 131072 (order: 8, 1048576 bytes)
[STDERR  ] 2017-10-13T19:02:57.671964038Z: [    0.000000] Memory: 1810592K/2096628K available (8052K kernel code, 1367K rwdata, 2704K rodata, 1380K init, 568K bss, 286036K reserved, 0K cma-reserved)
[STDERR  ] 2017-10-13T19:02:57.671969581Z: [    0.000000] Hierarchical RCU implementation.
[STDERR  ] 2017-10-13T19:02:57.671979146Z: [    0.000000] 	Build-time adjustment of leaf fanout to 64.
[STDERR  ] 2017-10-13T19:02:57.671984861Z: [    0.000000] 	RCU restricting CPUs from NR_CPUS=128 to nr_cpu_ids=1.
[STDERR  ] 2017-10-13T19:02:57.671990191Z: [    0.000000] RCU: Adjusting geometry for rcu_fanout_leaf=64, nr_cpu_ids=1
[STDERR  ] 2017-10-13T19:02:57.671995896Z: [    0.000000] NR_IRQS:8448 nr_irqs:256 16
[STDERR  ] 2017-10-13T19:02:57.672001204Z: [    0.000000] Console: colour VGA+ 80x25
[STDERR  ] 2017-10-13T19:02:57.672006644Z: [    0.000000] console [ttyS0] enabled
[STDERR  ] 2017-10-13T19:02:57.672011929Z: [    0.000000] allocated 4194304 bytes of page_ext
[STDERR  ] 2017-10-13T19:02:57.672017336Z: [    0.000000] clocksource: hpet: mask: 0xffffffff max_cycles: 0xffffffff, max_idle_ns: 19112604467 ns
[STDERR  ] 2017-10-13T19:02:57.672028894Z: [    0.000000] tsc: Fast TSC calibration using PIT
[STDERR  ] 2017-10-13T19:02:57.672035256Z: [    0.000000] tsc: Detected 2599.983 MHz processor
[STDERR  ] 2017-10-13T19:02:57.672040652Z: [    0.032189] Calibrating delay loop (skipped), value calculated using timer frequency.. 5199.96 BogoMIPS (lpj=25999830)
[STDERR  ] 2017-10-13T19:02:57.672046434Z: [    0.033512] pid_max: default: 32768 minimum: 301
[STDERR  ] 2017-10-13T19:02:57.672051656Z: [    0.034534] ACPI: Core revision 20160831
[STDERR  ] 2017-10-13T19:02:57.672057052Z: [    0.098067] ACPI: 1 ACPI AML tables successfully acquired and loaded
[STDERR  ] 2017-10-13T19:02:57.672063002Z: [    0.103606] Security Framework initialized
[STDERR  ] 2017-10-13T19:02:57.672068391Z: [    0.104111] Yama: becoming mindful.
[STDERR  ] 2017-10-13T19:02:57.672073659Z: [    0.106440] Mount-cache hash table entries: 4096 (order: 3, 32768 bytes)
[STDERR  ] 2017-10-13T19:02:57.672079348Z: [    0.107116] Mountpoint-cache hash table entries: 4096 (order: 3, 32768 bytes)
[STDERR  ] 2017-10-13T19:02:57.672085639Z: [    0.135227] Last level iTLB entries: 4KB 0, 2MB 0, 4MB 0
[STDERR  ] 2017-10-13T19:02:57.672091121Z: [    0.135809] Last level dTLB entries: 4KB 0, 2MB 0, 4MB 0, 1GB 0
[STDERR  ] 2017-10-13T19:02:57.672096501Z: [    0.466551] Freeing SMP alternatives memory: 20K
[STDERR  ] 2017-10-13T19:02:57.672106274Z: [    0.475094] ftrace: allocating 35580 entries in 139 pages
[STDERR  ] 2017-10-13T19:02:57.672111666Z: [    0.639633] smpboot: Max logical packages: 1
[STDERR  ] 2017-10-13T19:02:57.672117078Z: [    0.644857] ..TIMER: vector=0x30 apic1=0 pin1=2 apic2=-1 pin2=-1
[STDERR  ] 2017-10-13T19:02:57.672122404Z: [    0.750000] smpboot: CPU0: AMD QEMU Virtual CPU version 2.5+ (family: 0x6, model: 0x6, stepping: 0x3)
[STDERR  ] 2017-10-13T19:02:57.672128754Z: [    0.750000] Performance Events: PMU not available due to virtualization, using software events only.
[STDERR  ] 2017-10-13T19:02:57.672138949Z: [    0.757249] NMI watchdog: disabled (cpu0): hardware events not enabled
[STDERR  ] 2017-10-13T19:02:57.672144859Z: [    0.757687] NMI watchdog: Shutting down hard lockup detector on all cpus
[STDERR  ] 2017-10-13T19:02:57.672155124Z: [    0.760545] x86: Booted up 1 node, 1 CPUs
[STDERR  ] 2017-10-13T19:02:57.672160836Z: [    0.760880] smpboot: Total of 1 processors activated (5199.96 BogoMIPS)
[STDERR  ] 2017-10-13T19:02:57.672170114Z: [    0.776102] devtmpfs: initialized
[STDERR  ] 2017-10-13T19:02:57.672175792Z: [    0.780935] x86/mm: Memory block size: 128MB
[STDERR  ] 2017-10-13T19:02:57.672181084Z: [    0.849806] clocksource: jiffies: mask: 0xffffffff max_cycles: 0xffffffff, max_idle_ns: 19112604462750000 ns
[STDERR  ] 2017-10-13T19:02:57.672202366Z: [    0.850269] futex hash table entries: 256 (order: 2, 16384 bytes)
[STDERR  ] 2017-10-13T19:02:57.672209392Z: [    0.857911] NET: Registered protocol family 16
[STDERR  ] 2017-10-13T19:02:57.672214874Z: [    0.868184] cpuidle: using governor ladder
[STDERR  ] 2017-10-13T19:02:57.672220326Z: [    0.868596] cpuidle: using governor menu
[STDERR  ] 2017-10-13T19:02:57.672225768Z: [    0.869782] ACPI: bus type PCI registered
[STDERR  ] 2017-10-13T19:02:57.672231578Z: [    0.872477] PCI: MMCONFIG for domain 0000 [bus 00-ff] at [mem 0xb0000000-0xbfffffff] (base 0xb0000000)
[STDERR  ] 2017-10-13T19:02:57.672239746Z: [    0.873123] PCI: MMCONFIG at [mem 0xb0000000-0xbfffffff] reserved in E820
[STDERR  ] 2017-10-13T19:02:57.672245562Z: [    0.874317] PCI: Using configuration type 1 for base access
[STDERR  ] 2017-10-13T19:02:57.672251159Z: [    0.929281] HugeTLB registered 2 MB page size, pre-allocated 0 pages
[STDERR  ] 2017-10-13T19:02:57.672256506Z: [    0.942204] ACPI: Added _OSI(Module Device)
[STDERR  ] 2017-10-13T19:02:57.672261998Z: [    0.942483] ACPI: Added _OSI(Processor Device)
[STDERR  ] 2017-10-13T19:02:57.672267392Z: [    0.942643] ACPI: Added _OSI(3.0 _SCP Extensions)
[STDERR  ] 2017-10-13T19:02:57.672277766Z: [    0.942886] ACPI: Added _OSI(Processor Aggregator Device)
[STDERR  ] 2017-10-13T19:02:57.672283364Z: [    1.013296] ACPI: Interpreter enabled
[STDERR  ] 2017-10-13T19:02:57.672288822Z: [    1.014203] ACPI: (supports S0 S5)
[STDERR  ] 2017-10-13T19:02:57.672294196Z: [    1.014451] ACPI: Using IOAPIC for interrupt routing
[STDERR  ] 2017-10-13T19:02:57.672299521Z: [    1.016193] PCI: Using host bridge windows from ACPI; if necessary, use "pci=nocrs" and report a bug
[STDERR  ] 2017-10-13T19:02:57.67230499Z: [    1.078451] ACPI: PCI Root Bridge [PCI0] (domain 0000 [bus 00-ff])
[STDERR  ] 2017-10-13T19:02:57.67231049Z: [    1.079208] acpi PNP0A08:00: _OSC: OS supports [ExtendedConfig ASPM ClockPM Segments MSI]
[STDERR  ] 2017-10-13T19:02:57.672315927Z: [    1.084781] acpi PNP0A08:00: _OSC: OS now controls [PCIeHotplug PME PCIeCapability]
[STDERR  ] 2017-10-13T19:02:57.67232151Z: [    1.088351] PCI host bridge to bus 0000:00
[STDERR  ] 2017-10-13T19:02:57.672326973Z: [    1.088664] pci_bus 0000:00: root bus resource [io  0x0000-0x0cf7 window]
[STDERR  ] 2017-10-13T19:02:57.672332461Z: [    1.088979] pci_bus 0000:00: root bus resource [io  0x0d00-0xffff window]
[STDERR  ] 2017-10-13T19:02:57.672338097Z: [    1.089301] pci_bus 0000:00: root bus resource [mem 0x000a0000-0x000bffff window]
[STDERR  ] 2017-10-13T19:02:57.672343407Z: [    1.089622] pci_bus 0000:00: root bus resource [mem 0xc0000000-0xfebfffff window]
[STDERR  ] 2017-10-13T19:02:57.672348698Z: [    1.090221] pci_bus 0000:00: root bus resource [bus 00-ff]
[STDERR  ] 2017-10-13T19:02:57.672353967Z: [    1.202749] pci 0000:00:1f.0: quirk: [io  0x0600-0x067f] claimed by ICH6 ACPI/GPIO/TCO
[STDERR  ] 2017-10-13T19:02:57.672359337Z: [    1.266844] ACPI: PCI Interrupt Link [LNKA] (IRQs 5 *10 11)
[STDERR  ] 2017-10-13T19:02:57.672369267Z: [    1.269223] ACPI: PCI Interrupt Link [LNKB] (IRQs 5 *10 11)
[STDERR  ] 2017-10-13T19:02:57.67237478Z: [    1.271306] ACPI: PCI Interrupt Link [LNKC] (IRQs 5 10 *11)
[STDERR  ] 2017-10-13T19:02:57.672380238Z: [    1.273080] ACPI: PCI Interrupt Link [LNKD] (IRQs 5 10 *11)
[STDERR  ] 2017-10-13T19:02:57.67238558Z: [    1.274945] ACPI: PCI Interrupt Link [LNKE] (IRQs 5 *10 11)
[STDERR  ] 2017-10-13T19:02:57.672391197Z: [    1.276741] ACPI: PCI Interrupt Link [LNKF] (IRQs 5 *10 11)
[STDERR  ] 2017-10-13T19:02:57.672400907Z: [    1.278505] ACPI: PCI Interrupt Link [LNKG] (IRQs 5 10 *11)
[STDERR  ] 2017-10-13T19:02:57.672409871Z: [    1.280756] ACPI: PCI Interrupt Link [LNKH] (IRQs 5 10 *11)
[STDERR  ] 2017-10-13T19:02:57.672415287Z: [    1.281440] ACPI: PCI Interrupt Link [GSIA] (IRQs *16)
[STDERR  ] 2017-10-13T19:02:57.672426063Z: [    1.281985] ACPI: PCI Interrupt Link [GSIB] (IRQs *17)
[STDERR  ] 2017-10-13T19:02:57.672447838Z: [    1.282498] ACPI: PCI Interrupt Link [GSIC] (IRQs *18)
[STDERR  ] 2017-10-13T19:02:57.672455175Z: [    1.282996] ACPI: PCI Interrupt Link [GSID] (IRQs *19)
[STDERR  ] 2017-10-13T19:02:57.672460568Z: [    1.283515] ACPI: PCI Interrupt Link [GSIE] (IRQs *20)
[STDERR  ] 2017-10-13T19:02:57.672465995Z: [    1.284003] ACPI: PCI Interrupt Link [GSIF] (IRQs *21)
[STDERR  ] 2017-10-13T19:02:57.672471267Z: [    1.284556] ACPI: PCI Interrupt Link [GSIG] (IRQs *22)
[STDERR  ] 2017-10-13T19:02:57.672476783Z: [    1.285045] ACPI: PCI Interrupt Link [GSIH] (IRQs *23)
[STDERR  ] 2017-10-13T19:02:57.672482164Z: [    1.288807] ACPI: Enabled 2 GPEs in block 00 to 3F
[STDERR  ] 2017-10-13T19:02:57.672487631Z: [    1.293221] SCSI subsystem initialized
[STDERR  ] 2017-10-13T19:02:57.672492874Z: [    1.295039] ACPI: bus type USB registered
[STDERR  ] 2017-10-13T19:02:57.672498314Z: [    1.295987] usbcore: registered new interface driver usbfs
[STDERR  ] 2017-10-13T19:02:57.672503745Z: [    1.296700] usbcore: registered new interface driver hub
[STDERR  ] 2017-10-13T19:02:57.672509155Z: [    1.297351] usbcore: registered new device driver usb
[STDERR  ] 2017-10-13T19:02:57.672514365Z: [    1.298374] pps_core: LinuxPPS API ver. 1 registered
[STDERR  ] 2017-10-13T19:02:57.672519777Z: [    1.298584] pps_core: Software ver. 5.3.6 - Copyright 2005-2007 Rodolfo Giometti <giometti@linux.it>
[STDERR  ] 2017-10-13T19:02:57.672525294Z: [    1.299132] PTP clock support registered
[STDERR  ] 2017-10-13T19:02:57.672530748Z: [    1.300362] wmi: Mapper loaded
[STDERR  ] 2017-10-13T19:02:57.67253609Z: [    1.301337] PCI: Using ACPI for IRQ routing
[STDERR  ] 2017-10-13T19:02:57.672541424Z: [    1.319647] NetLabel: Initializing
[STDERR  ] 2017-10-13T19:02:57.672546783Z: [    1.319797] NetLabel:  domain hash size = 128
[STDERR  ] 2017-10-13T19:02:57.672552235Z: [    1.320000] NetLabel:  protocols = UNLABELED CIPSOv4
[STDERR  ] 2017-10-13T19:02:57.672557784Z: [    1.321878] NetLabel:  unlabeled traffic allowed by default
[STDERR  ] 2017-10-13T19:02:57.672563141Z: [    1.322777] HPET: 3 timers in total, 0 timers will be used for per-cpu timer
[STDERR  ] 2017-10-13T19:02:57.672568477Z: [    1.323356] hpet0: at MMIO 0xfed00000, IRQs 2, 8, 0
[STDERR  ] 2017-10-13T19:02:57.672600935Z: [    1.323741] hpet0: 3 comparators, 64-bit 100.000000 MHz counter
[STDERR  ] 2017-10-13T19:02:57.672606335Z: [    1.328899] clocksource: Switched to clocksource hpet
[STDERR  ] 2017-10-13T19:02:57.67261166Z: [    1.609908] VFS: Disk quotas dquot_6.6.0
[STDERR  ] 2017-10-13T19:02:57.672617155Z: [    1.611089] VFS: Dquot-cache hash table entries: 512 (order 0, 4096 bytes)
[STDERR  ] 2017-10-13T19:02:57.672622521Z: [    1.614840] FS-Cache: Loaded
[STDERR  ] 2017-10-13T19:02:57.67262901Z: [    1.619659] CacheFiles: Loaded
[STDERR  ] 2017-10-13T19:02:57.672634537Z: [    1.622259] pnp: PnP ACPI init
[STDERR  ] 2017-10-13T19:02:57.672640163Z: [    1.633519] pnp: PnP ACPI: found 5 devices
[STDERR  ] 2017-10-13T19:02:57.672645583Z: [    1.684713] clocksource: acpi_pm: mask: 0xffffff max_cycles: 0xffffff, max_idle_ns: 2085701024 ns
[STDERR  ] 2017-10-13T19:02:57.672650964Z: [    1.688821] NET: Registered protocol family 2
[STDERR  ] 2017-10-13T19:02:57.672656385Z: [    1.696225] TCP established hash table entries: 16384 (order: 5, 131072 bytes)
[STDERR  ] 2017-10-13T19:02:57.672662007Z: [    1.697195] TCP bind hash table entries: 16384 (order: 6, 262144 bytes)
[STDERR  ] 2017-10-13T19:02:57.672668353Z: [    1.698445] TCP: Hash tables configured (established 16384 bind 16384)
[STDERR  ] 2017-10-13T19:02:57.672674008Z: [    1.699923] UDP hash table entries: 1024 (order: 3, 32768 bytes)
[STDERR  ] 2017-10-13T19:02:57.672679546Z: [    1.700969] UDP-Lite hash table entries: 1024 (order: 3, 32768 bytes)
[STDERR  ] 2017-10-13T19:02:57.672688583Z: [    1.703819] NET: Registered protocol family 1
[STDERR  ] 2017-10-13T19:02:57.672694123Z: [    1.705123] pci 0000:00:01.0: Video device with shadowed ROM at [mem 0x000c0000-0x000dffff]
[STDERR  ] 2017-10-13T19:02:57.672699622Z: [    1.713527] Unpacking initramfs...
[STDERR  ] 2017-10-13T19:02:57.67270808Z: [   31.447617] Freeing initrd memory: 234236K
[STDERR  ] 2017-10-13T19:02:57.67271358Z: [   31.472805] PCLMULQDQ-NI instructions are not detected.
[STDERR  ] 2017-10-13T19:02:57.672719053Z: [   31.474427] AVX or AES-NI instructions are not detected.
[STDERR  ] 2017-10-13T19:02:57.672724373Z: [   31.474967] CPU feature 'AVX registers' is not supported.
[STDERR  ] 2017-10-13T19:02:57.672729772Z: [   31.475453] CPU feature 'AVX registers' is not supported.
[STDERR  ] 2017-10-13T19:02:57.672735122Z: [   31.475900] CPU feature 'AVX registers' is not supported.
[STDERR  ] 2017-10-13T19:02:57.672740553Z: [   31.476297] CPU feature 'AVX registers' is not supported.
[STDERR  ] 2017-10-13T19:02:57.672745954Z: [   31.476709] AVX2 or AES-NI instructions are not detected.
[STDERR  ] 2017-10-13T19:02:57.672751416Z: [   31.477160] AVX2 instructions are not detected.
[STDERR  ] 2017-10-13T19:02:57.672756776Z: [   31.483827] audit: initializing netlink subsys (disabled)
[STDERR  ] 2017-10-13T19:02:57.672762246Z: [   31.485568] audit: type=2000 audit(1507920755.480:1): initialized
[STDERR  ] 2017-10-13T19:02:57.672767608Z: [   31.495305] workingset: timestamp_bits=46 max_order=19 bucket_order=0
[STDERR  ] 2017-10-13T19:02:57.672773234Z: [   31.502645] squashfs: version 4.0 (2009/01/31) Phillip Lougher
[STDERR  ] 2017-10-13T19:02:57.672778584Z: [   31.505183] FS-Cache: Netfs 'cifs' registered for caching
[STDERR  ] 2017-10-13T19:02:57.67278893Z: [   31.506161] fuse init (API version 7.26)
[STDERR  ] 2017-10-13T19:02:57.672794546Z: [   31.508308] SGI XFS with ACLs, security attributes, no debug enabled
[STDERR  ] 2017-10-13T19:02:57.672800512Z: [   31.512908] 9p: Installing v9fs 9p2000 file system support
[STDERR  ] 2017-10-13T19:02:57.672805756Z: [   31.513418] FS-Cache: Netfs '9p' registered for caching
[STDERR  ] 2017-10-13T19:02:57.672811234Z: [   31.547204] NET: Registered protocol family 38
[STDERR  ] 2017-10-13T19:02:57.6728166Z: [   31.547830] Key type asymmetric registered
[STDERR  ] 2017-10-13T19:02:57.672822123Z: [   31.548189] Asymmetric key parser 'x509' registered
[STDERR  ] 2017-10-13T19:02:57.67282743Z: [   31.549291] Block layer SCSI generic (bsg) driver version 0.4 loaded (major 251)
[STDERR  ] 2017-10-13T19:02:57.672833195Z: [   31.552014] io scheduler noop registered
[STDERR  ] 2017-10-13T19:02:57.672843808Z: [   31.552404] io scheduler deadline registered (default)
[STDERR  ] 2017-10-13T19:02:57.672853515Z: [   31.553270] io scheduler cfq registered
[STDERR  ] 2017-10-13T19:02:57.672858852Z: [   31.555909] pci_hotplug: PCI Hot Plug PCI Core version: 0.5
[STDERR  ] 2017-10-13T19:02:57.672870772Z: [   31.556524] pciehp: PCI Express Hot Plug Controller Driver version: 0.4
[STDERR  ] 2017-10-13T19:02:57.672877268Z: [   31.557405] shpchp: Standard Hot Plug PCI Controller Driver version: 0.4
[STDERR  ] 2017-10-13T19:02:57.672882956Z: [   31.558279] hv_vmbus: registering driver hyperv_fb
[STDERR  ] 2017-10-13T19:02:57.672888298Z: [   31.563263] input: Power Button as /devices/LNXSYSTM:00/LNXPWRBN:00/input/input0
[STDERR  ] 2017-10-13T19:02:57.672894223Z: [   31.564395] ACPI: Power Button [PWRF]
[STDERR  ] 2017-10-13T19:02:57.672899555Z: [   31.569108] GHES: HEST is not enabled!
[STDERR  ] 2017-10-13T19:02:57.672905099Z: [   31.579247] ACPI: PCI Interrupt Link [GSIG] enabled at IRQ 22
[STDERR  ] 2017-10-13T19:02:57.672910495Z: [   31.592583] ACPI: PCI Interrupt Link [GSIH] enabled at IRQ 23
[STDERR  ] 2017-10-13T19:02:57.672915936Z: [   31.596651] xenfs: not registering filesystem on non-xen platform
[STDERR  ] 2017-10-13T19:02:57.672921319Z: [   31.598704] Serial: 8250/16550 driver, 4 ports, IRQ sharing disabled
[STDERR  ] 2017-10-13T19:02:57.672931793Z: [   31.624015] 00:04: ttyS0 at I/O 0x3f8 (irq = 4, base_baud = 115200) is a 16550A
[STDERR  ] 2017-10-13T19:02:57.672937558Z: [   31.637735] Non-volatile memory driver v1.3
[STDERR  ] 2017-10-13T19:02:57.672943068Z: [   31.644150] Hangcheck: starting hangcheck timer 0.9.1 (tick is 180 seconds, margin is 60 seconds).
[STDERR  ] 2017-10-13T19:02:57.672951368Z: [   31.649200] random: fast init done
[STDERR  ] 2017-10-13T19:02:57.672956952Z: [   31.684591] loop: module loaded
[STDERR  ] 2017-10-13T19:02:57.672962728Z: [   31.701597] nbd: registered device at major 43
[STDERR  ] 2017-10-13T19:02:57.672968072Z: [   31.744663] lpc_ich 0000:00:1f.0: I/O space for GPIO uninitialized
[STDERR  ] 2017-10-13T19:02:57.672974048Z: [   31.746889] VMware PVSCSI driver - version 1.0.7.0-k
[STDERR  ] 2017-10-13T19:02:57.672979533Z: [   31.747824] hv_vmbus: registering driver hv_storvsc
[STDERR  ] 2017-10-13T19:02:57.673037559Z: [   31.758180] ACPI: PCI Interrupt Link [GSIA] enabled at IRQ 16
[STDERR  ] 2017-10-13T19:02:57.673045839Z: [   31.764842] ahci 0000:00:1f.2: AHCI 0001.0000 32 slots 6 ports 1.5 Gbps 0x3f impl SATA mode
[STDERR  ] 2017-10-13T19:02:57.673051381Z: [   31.765625] ahci 0000:00:1f.2: flags: 64bit ncq only 
[STDERR  ] 2017-10-13T19:02:57.673056939Z: [   31.785736] scsi host0: ahci
[STDERR  ] 2017-10-13T19:02:57.673062634Z: [   31.791174] scsi host1: ahci
[STDERR  ] 2017-10-13T19:02:57.673068472Z: [   31.793514] scsi host2: ahci
[STDERR  ] 2017-10-13T19:02:57.673073674Z: [   31.795774] scsi host3: ahci
[STDERR  ] 2017-10-13T19:02:57.673078975Z: [   31.798062] scsi host4: ahci
[STDERR  ] 2017-10-13T19:02:57.673084144Z: [   31.800588] scsi host5: ahci
[STDERR  ] 2017-10-13T19:02:57.673089507Z: [   31.802485] ata1: SATA max UDMA/133 abar m4096@0xfebd2000 port 0xfebd2100 irq 24
[STDERR  ] 2017-10-13T19:02:57.673095348Z: [   31.803022] ata2: SATA max UDMA/133 abar m4096@0xfebd2000 port 0xfebd2180 irq 24
[STDERR  ] 2017-10-13T19:02:57.673100932Z: [   31.803517] ata3: SATA max UDMA/133 abar m4096@0xfebd2000 port 0xfebd2200 irq 24
[STDERR  ] 2017-10-13T19:02:57.673106169Z: [   31.803988] ata4: SATA max UDMA/133 abar m4096@0xfebd2000 port 0xfebd2280 irq 24
[STDERR  ] 2017-10-13T19:02:57.673112232Z: [   31.804467] ata5: SATA max UDMA/133 abar m4096@0xfebd2000 port 0xfebd2300 irq 24
[STDERR  ] 2017-10-13T19:02:57.673118007Z: [   31.804940] ata6: SATA max UDMA/133 abar m4096@0xfebd2000 port 0xfebd2380 irq 24
[STDERR  ] 2017-10-13T19:02:57.673123412Z: [   31.818570] tun: Universal TUN/TAP device driver, 1.6
[STDERR  ] 2017-10-13T19:02:57.673128847Z: [   31.818991] tun: (C) 1999-2004 Max Krasnyansky <maxk@qualcomm.com>
[STDERR  ] 2017-10-13T19:02:57.673134295Z: [   31.831383] VMware vmxnet3 virtual NIC driver - version 1.4.a.0-k-NAPI
[STDERR  ] 2017-10-13T19:02:57.673139649Z: [   31.832446] hv_vmbus: registering driver hv_netvsc
[STDERR  ] 2017-10-13T19:02:57.673145105Z: [   31.832852] Fusion MPT base driver 3.04.20
[STDERR  ] 2017-10-13T19:02:57.673150382Z: [   31.833174] Copyright (c) 1999-2008 LSI Corporation
[STDERR  ] 2017-10-13T19:02:57.673155721Z: [   31.833836] Fusion MPT SPI Host driver 3.04.20
[STDERR  ] 2017-10-13T19:02:57.673161097Z: [   31.836563] i8042: PNP: PS/2 Controller [PNP0303:KBD,PNP0f13:MOU] at 0x60,0x64 irq 1,12
[STDERR  ] 2017-10-13T19:02:57.673166755Z: [   31.841166] serio: i8042 KBD port at 0x60,0x64 irq 1
[STDERR  ] 2017-10-13T19:02:57.673172144Z: [   31.841904] serio: i8042 AUX port at 0x60,0x64 irq 12
[STDERR  ] 2017-10-13T19:02:57.673177518Z: [   31.845533] hv_vmbus: registering driver hyperv_keyboard
[STDERR  ] 2017-10-13T19:02:57.673182837Z: [   31.847804] mousedev: PS/2 mouse device common for all mice
[STDERR  ] 2017-10-13T19:02:57.673188109Z: [   31.852795] input: AT Translated Set 2 keyboard as /devices/platform/i8042/serio0/input/input1
[STDERR  ] 2017-10-13T19:02:57.673193598Z: [   31.855698] input: PC Speaker as /devices/platform/pcspkr/input/input2
[STDERR  ] 2017-10-13T19:02:57.673198859Z: [   31.859304] rtc_cmos 00:00: RTC can wake from S4
[STDERR  ] 2017-10-13T19:02:57.673208867Z: [   31.862874] rtc_cmos 00:00: rtc core: registered rtc_cmos as rtc0
[STDERR  ] 2017-10-13T19:02:57.673214271Z: [   31.864358] rtc_cmos 00:00: alarms up to one day, y3k, 114 bytes nvram, hpet irqs
[STDERR  ] 2017-10-13T19:02:57.673219637Z: [   31.865140] i2c /dev entries driver
[STDERR  ] 2017-10-13T19:02:57.673232692Z: [   31.867157] device-mapper: ioctl: 4.35.0-ioctl (2016-06-23) initialised: dm-devel@redhat.com
[STDERR  ] 2017-10-13T19:02:57.673238488Z: [   31.872124] usbcore: registered new interface driver usbhid
[STDERR  ] 2017-10-13T19:02:57.673249601Z: [   31.872566] usbhid: USB HID core driver
[STDERR  ] 2017-10-13T19:02:57.673254911Z: [   31.873218] hv_utils: Registering HyperV Utility Driver
[STDERR  ] 2017-10-13T19:02:57.673260135Z: [   31.873569] hv_vmbus: registering driver hv_util
[STDERR  ] 2017-10-13T19:02:57.673265471Z: [   31.873848] hv_vmbus: registering driver hv_balloon
[STDERR  ] 2017-10-13T19:02:57.673271018Z: [   31.874421] oprofile: using NMI interrupt.
[STDERR  ] 2017-10-13T19:02:57.673276407Z: [   31.875665] GACT probability on
[STDERR  ] 2017-10-13T19:02:57.673281928Z: [   31.876166] Mirror/redirect action on
[STDERR  ] 2017-10-13T19:02:57.673287231Z: [   31.877193] Simple TC action Loaded
[STDERR  ] 2017-10-13T19:02:57.673292619Z: [   31.877753] u32 classifier
[STDERR  ] 2017-10-13T19:02:57.673297958Z: [   31.877943]     Performance counters on
[STDERR  ] 2017-10-13T19:02:57.673303398Z: [   31.878220]     input device check on
[STDERR  ] 2017-10-13T19:02:57.673308779Z: [   31.878461]     Actions configured
[STDERR  ] 2017-10-13T19:02:57.673318271Z: [   31.879097] Netfilter messages via NETLINK v0.30.
[STDERR  ] 2017-10-13T19:02:57.673331222Z: [   31.879929] nfnl_acct: registering with nfnetlink.
[STDERR  ] 2017-10-13T19:02:57.673338104Z: [   31.881780] nf_conntrack version 0.5.0 (16384 buckets, 65536 max)
[STDERR  ] 2017-10-13T19:02:57.673343555Z: [   31.884735] ctnetlink v0.93: registering with nfnetlink.
[STDERR  ] 2017-10-13T19:02:57.673349077Z: [   31.887840] nf_tables: (c) 2007-2009 Patrick McHardy <kaber@trash.net>
[STDERR  ] 2017-10-13T19:02:57.673354751Z: [   31.888667] nf_tables_compat: (c) 2012 Pablo Neira Ayuso <pablo@netfilter.org>
[STDERR  ] 2017-10-13T19:02:57.673360898Z: [   31.891391] xt_time: kernel timezone is -0000
[STDERR  ] 2017-10-13T19:02:57.673366292Z: [   31.891930] ip_set: protocol 6
[STDERR  ] 2017-10-13T19:02:57.673371787Z: [   31.892582] IPVS: Registered protocols (TCP, UDP, SCTP, AH, ESP)
[STDERR  ] 2017-10-13T19:02:57.673377141Z: [   31.893199] IPVS: Connection hash table configured (size=4096, memory=64Kbytes)
[STDERR  ] 2017-10-13T19:02:57.673382554Z: [   31.894958] IPVS: Creating netns size=2104 id=0
[STDERR  ] 2017-10-13T19:02:57.673387994Z: [   31.897688] IPVS: ipvs loaded.
[STDERR  ] 2017-10-13T19:02:57.673393536Z: [   31.898065] IPVS: [rr] scheduler registered.
[STDERR  ] 2017-10-13T19:02:57.673398916Z: [   31.898424] IPVS: [wrr] scheduler registered.
[STDERR  ] 2017-10-13T19:02:57.67340434Z: [   31.898750] IPVS: [lc] scheduler registered.
[STDERR  ] 2017-10-13T19:02:57.673409741Z: [   31.899033] IPVS: [wlc] scheduler registered.
[STDERR  ] 2017-10-13T19:02:57.673415197Z: [   31.899336] IPVS: [fo] scheduler registered.
[STDERR  ] 2017-10-13T19:02:57.673420506Z: [   31.899632] IPVS: [ovf] scheduler registered.
[STDERR  ] 2017-10-13T19:02:57.673426047Z: [   31.900599] IPVS: [lblc] scheduler registered.
[STDERR  ] 2017-10-13T19:02:57.673431476Z: [   31.901065] IPVS: [lblcr] scheduler registered.
[STDERR  ] 2017-10-13T19:02:57.673436939Z: [   31.901394] IPVS: [dh] scheduler registered.
[STDERR  ] 2017-10-13T19:02:57.673442197Z: [   31.901681] IPVS: [sh] scheduler registered.
[STDERR  ] 2017-10-13T19:02:57.67344766Z: [   31.901948] IPVS: [sed] scheduler registered.
[STDERR  ] 2017-10-13T19:02:57.67345288Z: [   31.902266] IPVS: [nq] scheduler registered.
[STDERR  ] 2017-10-13T19:02:57.673458304Z: [   31.902997] IPVS: ftp: loaded support on port[0] = 21
[STDERR  ] 2017-10-13T19:02:57.673463703Z: [   31.903892] ipip: IPv4 and MPLS over IPv4 tunneling driver
[STDERR  ] 2017-10-13T19:02:57.67347272Z: [   31.908054] gre: GRE over IPv4 demultiplexor driver
[STDERR  ] 2017-10-13T19:02:57.67347826Z: [   31.911280] ip_tables: (C) 2000-2006 Netfilter Core Team
[STDERR  ] 2017-10-13T19:02:57.673483674Z: [   31.916260] ipt_CLUSTERIP: ClusterIP Version 0.8 loaded successfully
[STDERR  ] 2017-10-13T19:02:57.67349191Z: [   31.917097] arp_tables: arp_tables: (C) 2002 David S. Miller
[STDERR  ] 2017-10-13T19:02:57.673497339Z: [   31.919386] NET: Registered protocol family 10
[STDERR  ] 2017-10-13T19:02:57.67350275Z: [   31.929212] ip6_tables: (C) 2000-2006 Netfilter Core Team
[STDERR  ] 2017-10-13T19:02:57.673508126Z: [   31.937598] NET: Registered protocol family 17
[STDERR  ] 2017-10-13T19:02:57.673513369Z: [   31.938798] Bridge firewalling registered
[STDERR  ] 2017-10-13T19:02:57.673518664Z: [   31.939405] Ebtables v2.0 registered
[STDERR  ] 2017-10-13T19:02:57.673523969Z: [   31.941925] 8021q: 802.1Q VLAN Support v1.8
[STDERR  ] 2017-10-13T19:02:57.673529227Z: [   31.943350] 9pnet: Installing 9P2000 support
[STDERR  ] 2017-10-13T19:02:57.673539166Z: [   31.944930] Key type dns_resolver registered
[STDERR  ] 2017-10-13T19:02:57.673544544Z: [   31.946013] microcode: AMD CPU family 0x6 not supported
[STDERR  ] 2017-10-13T19:02:57.673549913Z: [   31.949727] registered taskstats version 1
[STDERR  ] 2017-10-13T19:02:57.673555177Z: [   32.115797] Key type big_key registered
[STDERR  ] 2017-10-13T19:02:57.673560554Z: [   32.144914] ata5: SATA link down (SStatus 0 SControl 300)
[STDERR  ] 2017-10-13T19:02:57.673565947Z: [   32.147920] ata4: SATA link down (SStatus 0 SControl 300)
[STDERR  ] 2017-10-13T19:02:57.673571314Z: [   32.148976] ata3: SATA link up 1.5 Gbps (SStatus 113 SControl 300)
[STDERR  ] 2017-10-13T19:02:57.673582857Z: [   32.152095] ata2: SATA link down (SStatus 0 SControl 300)
[STDERR  ] 2017-10-13T19:02:57.673588457Z: [   32.152738] ata1: SATA link up 1.5 Gbps (SStatus 113 SControl 300)
[STDERR  ] 2017-10-13T19:02:57.673594321Z: [   32.154750] ata1.00: ATA-7: QEMU HARDDISK, 2.5+, max UDMA/100
[STDERR  ] 2017-10-13T19:02:57.673599724Z: [   32.155173] ata1.00: 4194304 sectors, multi 16: LBA48 NCQ (depth 31/32)
[STDERR  ] 2017-10-13T19:02:57.673605211Z: [   32.155778] ata1.00: applying bridge limits
[STDERR  ] 2017-10-13T19:02:57.673610531Z: [   32.157639] ata1.00: configured for UDMA/100
[STDERR  ] 2017-10-13T19:02:57.673620353Z: [   32.159823] ata6: SATA link down (SStatus 0 SControl 300)
[STDERR  ] 2017-10-13T19:02:57.673630486Z: [   32.161177] ata3.00: ATAPI: QEMU DVD-ROM, 2.5+, max UDMA/100
[STDERR  ] 2017-10-13T19:02:57.673635943Z: [   32.161581] ata3.00: applying bridge limits
[STDERR  ] 2017-10-13T19:02:57.673641183Z: [   32.162306] ata3.00: configured for UDMA/100
[STDERR  ] 2017-10-13T19:02:57.673646559Z: [   32.182114] scsi 0:0:0:0: Direct-Access     ATA      QEMU HARDDISK    2.5+ PQ: 0 ANSI: 5
[STDERR  ] 2017-10-13T19:02:57.673652064Z: [   32.200730] sd 0:0:0:0: Attached scsi generic sg0 type 0
[STDERR  ] 2017-10-13T19:02:57.673657499Z: [   32.205913] sd 0:0:0:0: [sda] 4194304 512-byte logical blocks: (2.15 GB/2.00 GiB)
[STDERR  ] 2017-10-13T19:02:57.67366304Z: [   32.211105] sd 0:0:0:0: [sda] Write Protect is off
[STDERR  ] 2017-10-13T19:02:57.67366853Z: [   32.213357] scsi 2:0:0:0: CD-ROM            QEMU     QEMU DVD-ROM     2.5+ PQ: 0 ANSI: 5
[STDERR  ] 2017-10-13T19:02:57.673673973Z: [   32.220574] sd 0:0:0:0: [sda] Write cache: enabled, read cache: enabled, doesn't support DPO or FUA
[STDERR  ] 2017-10-13T19:02:57.673679649Z: [   32.233134] sr 2:0:0:0: [sr0] scsi3-mmc drive: 4x/4x cd/rw xa/form2 tray
[STDERR  ] 2017-10-13T19:02:57.673685499Z: [   32.233873] cdrom: Uniform CD-ROM driver Revision: 3.20
[STDERR  ] 2017-10-13T19:02:57.673690927Z: [   32.250665] sr 2:0:0:0: Attached scsi generic sg1 type 5
[STDERR  ] 2017-10-13T19:02:57.673696216Z: [   32.273568] sd 0:0:0:0: [sda] Attached SCSI disk
[STDERR  ] 2017-10-13T19:02:57.67370159Z: [   32.324132] Key type encrypted registered
[STDERR  ] 2017-10-13T19:02:57.673706921Z: [   32.330365] rtc_cmos 00:00: setting system clock to 2017-10-13 18:52:37 UTC (1507920757)
[STDERR  ] 2017-10-13T19:02:57.67373929Z: [   32.477594] Freeing unused kernel memory: 1380K
[STDERR  ] 2017-10-13T19:02:57.673746512Z: [   32.478136] Write protecting the kernel read-only data: 12288k
[STDERR  ] 2017-10-13T19:02:57.673751909Z: [   32.481036] tsc: Refined TSC clocksource calibration: 2600.037 MHz
[STDERR  ] 2017-10-13T19:02:57.673772325Z: [   32.481632] clocksource: tsc: mask: 0xffffffffffffffff max_cycles: 0x257a5ed49e5, max_idle_ns: 440795235317 ns
[STDERR  ] 2017-10-13T19:02:57.673779348Z: [   32.486370] Freeing unused kernel memory: 124K
[STDERR  ] 2017-10-13T19:02:57.673784693Z: [   32.573427] Freeing unused kernel memory: 1392K
[STDERR  ] 2017-10-13T19:02:57.673790018Z: [   33.501195] clocksource: Switched to clocksource tsc
[STDERR  ] 2017-10-13T19:02:57.673795302Z: 
[STDERR  ] 2017-10-13T19:02:57.673801029Z: Welcome to LinuxKit
[STDERR  ] 2017-10-13T19:02:57.673806489Z: 
[STDERR  ] 2017-10-13T19:02:57.673811975Z:                         ##         .
[STDERR  ] 2017-10-13T19:02:57.673823208Z:                   ## ## ##        ==
[STDERR  ] 2017-10-13T19:02:57.67382862Z:                ## ## ## ## ##    ===
[STDERR  ] 2017-10-13T19:02:57.67383411Z:            /"""""""""""""""""\___/ ===
[STDERR  ] 2017-10-13T19:02:57.673839698Z:           {                       /  ===-
[STDERR  ] 2017-10-13T19:02:57.673845389Z:            \______ O           __/
[STDERR  ] 2017-10-13T19:02:57.673850683Z:              \    \         __/
[STDERR  ] 2017-10-13T19:02:57.67385618Z:               \____\_______/
[STDERR  ] 2017-10-13T19:02:57.673861486Z: 
[STDERR  ] 2017-10-13T19:02:57.673867175Z: [  104.478006] 8021q: adding VLAN 0 to HW filter on device eth0
[STDERR  ] 2017-10-13T19:02:57.673872539Z: eth0: waiting for carrier
[STDERR  ] 2017-10-13T19:02:57.673877825Z: eth0: carrier acquired
[STDERR  ] 2017-10-13T19:02:57.67388309Z: DUID 00:01:00:01:21:73:c8:3d:7e:a5:2e:9d:ed:89
[STDERR  ] 2017-10-13T19:02:57.673888596Z: eth0: IAID 2e:9d:ed:89
[STDERR  ] 2017-10-13T19:02:57.673894102Z: eth0: adding address fe80::2469:65bc:845a:5db3
[STDERR  ] 2017-10-13T19:02:57.673899495Z: eth0: soliciting an IPv6 router
[STDERR  ] 2017-10-13T19:02:57.673904838Z: eth0: soliciting a DHCP lease
[STDERR  ] 2017-10-13T19:02:57.6739101Z: eth0: offered 10.0.2.15 from 10.0.2.2
[STDERR  ] 2017-10-13T19:02:57.673915518Z: eth0: leased 10.0.2.15 for 86400 seconds
[STDERR  ] 2017-10-13T19:02:57.673920849Z: eth0: adding route to 10.0.2.0/24
[STDERR  ] 2017-10-13T19:02:57.673926215Z: eth0: adding default route via 10.0.2.2
[STDERR  ] 2017-10-13T19:02:57.673931633Z: exiting due to oneshot
[STDERR  ] 2017-10-13T19:02:57.673936946Z: dhcpcd exited
[STDERR  ] 2017-10-13T19:02:57.67394241Z: [  106.786949] IPVS: Creating netns size=2104 id=1
[STDERR  ] 2017-10-13T19:02:57.673952523Z: [  106.787465] IPVS: ftp: loaded support on port[0] = 21
[STDERR  ] 2017-10-13T19:02:57.673957895Z: 2017/10/13 18:53:52 Creating partition on /dev/sda
[STDERR  ] 2017-10-13T19:02:57.67396313Z: [  108.078491] random: crng init done
[STDERR  ] 2017-10-13T19:02:57.673968385Z: [  108.118992]  sda:
[STDERR  ] 2017-10-13T19:02:57.673973732Z: [  108.190614]  sda:
[STDERR  ] 2017-10-13T19:02:57.673979533Z: [  108.221153]  sda: sda1
[STDERR  ] 2017-10-13T19:02:57.673984779Z: [  108.300956]  sda: sda1
[STDERR  ] 2017-10-13T19:02:57.673990089Z: 2017/10/13 18:53:56 Partition /dev/sda1 successfully created!
[STDERR  ] 2017-10-13T19:02:57.673995416Z: [  112.015337] IPVS: Creating netns size=2104 id=2
[STDERR  ] 2017-10-13T19:02:57.67400074Z: [  112.015655] IPVS: ftp: loaded support on port[0] = 21
[STDERR  ] 2017-10-13T19:02:57.674006082Z: [  113.218836] EXT4-fs (sda1): couldn't mount as ext3 due to feature incompatibilities
[STDERR  ] 2017-10-13T19:02:57.67401152Z: [  113.227363] EXT4-fs (sda1): couldn't mount as ext2 due to feature incompatibilities
[STDERR  ] 2017-10-13T19:02:57.674020993Z: [  113.252414] EXT4-fs (sda1): mounted filesystem with ordered data mode. Opts: (null)
[STDERR  ] 2017-10-13T19:02:57.674026438Z: v1.0.0-beta.2
[STDERR  ] 2017-10-13T19:02:57.674035415Z: a543c937eb0a05e1636714ee2be70819d745b960
[STDERR  ] 2017-10-13T19:02:57.674045445Z: ðŸ‡© root-test
[STDERR  ] 2017-10-13T19:02:57.674051073Z: [  219.708340] XFS (loop0): Mounting V4 Filesystem
[STDERR  ] 2017-10-13T19:02:57.67405649Z: [  219.754876] XFS (loop0): Ending clean mount
[STDERR  ] 2017-10-13T19:02:57.674064409Z: [  219.818228] XFS (loop0): Unmounting Filesystem
[STDERR  ] 2017-10-13T19:02:57.674069973Z: [  220.493188] XFS (loop0): Mounting V4 Filesystem
[STDERR  ] 2017-10-13T19:02:57.674075246Z: [  220.530996] XFS (loop0): Ending clean mount
[STDERR  ] 2017-10-13T19:02:57.674080594Z: [  220.548329] XFS (loop0): Unmounting Filesystem
[STDERR  ] 2017-10-13T19:02:57.674085859Z: ok  	github.com/containerd/containerd/fs	2.249s
[STDERR  ] 2017-10-13T19:02:57.674091422Z: ok  	github.com/containerd/containerd/metadata	6.199s
[STDERR  ] 2017-10-13T19:02:57.674096759Z: [  477.072095] XFS (loop2): Mounting V5 Filesystem
[STDERR  ] 2017-10-13T19:02:57.674102062Z: [  477.120006] XFS (loop2): Ending clean mount
[STDERR  ] 2017-10-13T19:02:57.674107355Z: [  477.313275] XFS (loop2): Unmounting Filesystem
[STDERR  ] 2017-10-13T19:02:57.674112738Z: ok  	github.com/containerd/containerd/mount/lookup_test	1.596s
[STDERR  ] 2017-10-13T19:02:57.674118014Z: [  522.030561] raid6: sse2x1   gen()   346 MB/s
[STDERR  ] 2017-10-13T19:02:57.674123315Z: [  522.200474] raid6: sse2x1   xor()   165 MB/s
[STDERR  ] 2017-10-13T19:02:57.674128591Z: [  522.370531] raid6: sse2x2   gen()   257 MB/s
[STDERR  ] 2017-10-13T19:02:57.674133867Z: [  522.540387] raid6: sse2x2   xor()   181 MB/s
[STDERR  ] 2017-10-13T19:02:57.674139058Z: [  522.710488] raid6: sse2x4   gen()   324 MB/s
[STDERR  ] 2017-10-13T19:02:57.674144335Z: [  522.880302] raid6: sse2x4   xor()   189 MB/s
[STDERR  ] 2017-10-13T19:02:57.674149641Z: [  522.880827] raid6: using algorithm sse2x1 gen() 346 MB/s
