[INFO    ] 2017-09-06T08:32:22.725313246Z: Running Test linuxkit.packages.containerd in /tmp/build/test/cases/040_packages/003_containerd
[INFO    ] 2017-09-06T08:32:22.725399237Z: Running command: [/bin/sh -x /tmp/build/test/cases/040_packages/003_containerd/test.sh]
[STDERR  ] 2017-09-06T08:32:22.731317576Z: + set -e
[STDERR  ] 2017-09-06T08:32:22.731391878Z: + . /tmp/build/test/cases/_lib/lib.sh
[STDERR  ] 2017-09-06T08:32:22.731402038Z: + [ -f src/github.com/linuxkit/rtf/lib/lib.sh ]
[STDERR  ] 2017-09-06T08:32:22.73141148Z: + LINUXKIT_TMPDIR=/tmp/build/test/cases/_tmp
[STDERR  ] 2017-09-06T08:32:22.731433436Z: + [ -f /tmp/build/test/cases/_tmp/env.sh ]
[STDERR  ] 2017-09-06T08:32:22.731442129Z: + . /tmp/build/test/cases/_tmp/env.sh
[STDERR  ] 2017-09-06T08:32:22.731453322Z: + export LINUXKIT_EXAMPLES_DIR=/tmp/build/test/cases/../../examples
[STDERR  ] 2017-09-06T08:32:22.731463328Z: + export LINUXKIT_BLUEPRINTS_DIR=/tmp/build/test/cases/../../blueprints
[STDERR  ] 2017-09-06T08:32:22.731470829Z: + RT_CANCEL=253
[STDERR  ] 2017-09-06T08:32:22.731477411Z: + trap clean_up EXIT
[STDERR  ] 2017-09-06T08:32:22.731483423Z: + moby build test-containerd.yml
[STDERR  ] 2017-09-06T08:32:22.748044009Z: Extract kernel image: linuxkit/kernel:4.9.47
[STDERR  ] 2017-09-06T08:32:24.447143531Z: Add init containers:
[STDERR  ] 2017-09-06T08:32:24.447198601Z: Process init image: linuxkit/init:6d11a1f9d299d3425e78cce80dfba8b236d20412
[STDERR  ] 2017-09-06T08:32:25.67679394Z: Process init image: linuxkit/runc:a1b564248a0d0b118c11e61db9f84ecf41dd2d2a
[STDERR  ] 2017-09-06T08:32:26.959871532Z: Process init image: linuxkit/containerd:7d97282aebe36040fcdd3378a95562d440d34a9d
[STDERR  ] 2017-09-06T08:32:28.411502986Z: Process init image: linuxkit/ca-certificates:e44b0a66df5a102c0e220f0066b0d904710dcb10
[STDERR  ] 2017-09-06T08:32:29.604040847Z: Add onboot containers:
[STDERR  ] 2017-09-06T08:32:29.604090331Z:   Create OCI config for linuxkit/dhcpcd:f3f5413abb78fae9020e35bd4788fa93df4530b7
[STDERR  ] 2017-09-06T08:32:30.84223607Z:   Create OCI config for linuxkit/sysctl:154913b72c6f1f33eb408609fca9963628e8c051
[STDERR  ] 2017-09-06T08:32:32.055285808Z:   Create OCI config for linuxkit/format:158d992b7bf7ab984100c697d7e72161ea7d7382
[STDERR  ] 2017-09-06T08:32:33.474794848Z:   Create OCI config for linuxkit/mount:4fe245efb01384e42622c36302e13e386bbaeb08
[STDERR  ] 2017-09-06T08:32:34.721580578Z:   Create OCI config for linuxkit/test-containerd:4f8a0405a48e544e3f7651dc79bfb6e07f3dc753
[STDERR  ] 2017-09-06T08:32:36.820692246Z: Pull image: docker.io/linuxkit/test-containerd:4f8a0405a48e544e3f7651dc79bfb6e07f3dc753@sha256:0ec1eca41d06a72e29020c5c5cc0263389d0895dd6c0360d4db28ec9b3a847bd
[STDERR  ] 2017-09-06T08:33:00.933972221Z:   Create OCI config for linuxkit/poweroff:1e9876c682c74d0602b7647c628bb0875fb13998
[STDERR  ] 2017-09-06T08:33:03.469258262Z: Create outputs:
[STDERR  ] 2017-09-06T08:33:31.548271914Z:   test-containerd-kernel test-containerd-initrd.img test-containerd-cmdline
[STDERR  ] 2017-09-06T08:33:31.870546036Z: + linuxkit run -mem 2048 -disk size=2G test-containerd
[STDERR  ] 2017-09-06T08:33:32.153862692Z: Unable to find qemu-system-x86_64 within the $PATH. Using a container
[STDERR  ] 2017-09-06T08:44:18.593445548Z: main-loop: WARNING: I/O thread spun for 1000 iterations
[STDERR  ] 2017-09-06T08:44:19.085942396Z: + RESULT=[    0.000000] Linux version 4.9.47-linuxkit (root@e1ede117fb1e) (gcc version 6.3.0 (Alpine 6.3.0) ) #1 SMP Mon Sep 4 16:11:11 UTC 2017
[STDERR  ] 2017-09-06T08:44:19.086021068Z: [    0.000000] Command line: console=ttyS0 page_poison=1
[STDERR  ] 2017-09-06T08:44:19.086032885Z: [    0.000000] x86/fpu: Legacy x87 FPU detected.
[STDERR  ] 2017-09-06T08:44:19.086047932Z: [    0.000000] x86/fpu: Using 'eager' FPU context switches.
[STDERR  ] 2017-09-06T08:44:19.08605705Z: [    0.000000] e820: BIOS-provided physical RAM map:
[STDERR  ] 2017-09-06T08:44:19.086070615Z: [    0.000000] BIOS-e820: [mem 0x0000000000000000-0x000000000009fbff] usable
[STDERR  ] 2017-09-06T08:44:19.08609771Z: [    0.000000] BIOS-e820: [mem 0x000000000009fc00-0x000000000009ffff] reserved
[STDERR  ] 2017-09-06T08:44:19.086121448Z: [    0.000000] BIOS-e820: [mem 0x00000000000f0000-0x00000000000fffff] reserved
[STDERR  ] 2017-09-06T08:44:19.086133915Z: [    0.000000] BIOS-e820: [mem 0x0000000000100000-0x000000007ffdefff] usable
[STDERR  ] 2017-09-06T08:44:19.086142756Z: [    0.000000] BIOS-e820: [mem 0x000000007ffdf000-0x000000007fffffff] reserved
[STDERR  ] 2017-09-06T08:44:19.086152568Z: [    0.000000] BIOS-e820: [mem 0x00000000b0000000-0x00000000bfffffff] reserved
[STDERR  ] 2017-09-06T08:44:19.086161512Z: [    0.000000] BIOS-e820: [mem 0x00000000fed1c000-0x00000000fed1ffff] reserved
[STDERR  ] 2017-09-06T08:44:19.086170981Z: [    0.000000] BIOS-e820: [mem 0x00000000fffc0000-0x00000000ffffffff] reserved
[STDERR  ] 2017-09-06T08:44:19.086181925Z: [    0.000000] NX (Execute Disable) protection: active
[STDERR  ] 2017-09-06T08:44:19.086193933Z: [    0.000000] SMBIOS 2.8 present.
[STDERR  ] 2017-09-06T08:44:19.086203339Z: [    0.000000] e820: last_pfn = 0x7ffdf max_arch_pfn = 0x400000000
[STDERR  ] 2017-09-06T08:44:19.086212177Z: [    0.000000] x86/PAT: Configuration [0-7]: WB  WC  UC- UC  WB  WC  UC- WT  
[STDERR  ] 2017-09-06T08:44:19.086222096Z: [    0.000000] found SMP MP-table at [mem 0x000f6aa0-0x000f6aaf] mapped at [ffff91c1800f6aa0]
[STDERR  ] 2017-09-06T08:44:19.086229614Z: [    0.000000] RAMDISK: [mem 0x74191000-0x7ffcffff]
[STDERR  ] 2017-09-06T08:44:19.086239014Z: [    0.000000] ACPI: Early table checksum verification disabled
[STDERR  ] 2017-09-06T08:44:19.086245512Z: [    0.000000] ACPI: RSDP 0x00000000000F68C0 000014 (v00 BOCHS )
[STDERR  ] 2017-09-06T08:44:19.086252005Z: [    0.000000] ACPI: RSDT 0x000000007FFE2404 000034 (v01 BOCHS  BXPCRSDT 00000001 BXPC 00000001)
[STDERR  ] 2017-09-06T08:44:19.086258145Z: [    0.000000] ACPI: FACP 0x000000007FFE22A4 000074 (v01 BOCHS  BXPCFACP 00000001 BXPC 00000001)
[STDERR  ] 2017-09-06T08:44:19.086268085Z: [    0.000000] ACPI: DSDT 0x000000007FFE0040 002264 (v01 BOCHS  BXPCDSDT 00000001 BXPC 00000001)
[STDERR  ] 2017-09-06T08:44:19.086274117Z: [    0.000000] ACPI: FACS 0x000000007FFE0000 000040
[STDERR  ] 2017-09-06T08:44:19.086281643Z: [    0.000000] ACPI: APIC 0x000000007FFE2318 000078 (v01 BOCHS  BXPCAPIC 00000001 BXPC 00000001)
[STDERR  ] 2017-09-06T08:44:19.086287904Z: [    0.000000] ACPI: HPET 0x000000007FFE2390 000038 (v01 BOCHS  BXPCHPET 00000001 BXPC 00000001)
[STDERR  ] 2017-09-06T08:44:19.086298001Z: [    0.000000] ACPI: MCFG 0x000000007FFE23C8 00003C (v01 BOCHS  BXPCMCFG 00000001 BXPC 00000001)
[STDERR  ] 2017-09-06T08:44:19.086313693Z: [    0.000000] Zone ranges:
[STDERR  ] 2017-09-06T08:44:19.086320326Z: [    0.000000]   DMA      [mem 0x0000000000001000-0x0000000000ffffff]
[STDERR  ] 2017-09-06T08:44:19.086329898Z: [    0.000000]   DMA32    [mem 0x0000000001000000-0x000000007ffdefff]
[STDERR  ] 2017-09-06T08:44:19.086336798Z: [    0.000000]   Normal   empty
[STDERR  ] 2017-09-06T08:44:19.086347424Z: [    0.000000] Movable zone start for each node
[STDERR  ] 2017-09-06T08:44:19.086353425Z: [    0.000000] Early memory node ranges
[STDERR  ] 2017-09-06T08:44:19.086359455Z: [    0.000000]   node   0: [mem 0x0000000000001000-0x000000000009efff]
[STDERR  ] 2017-09-06T08:44:19.086365098Z: [    0.000000]   node   0: [mem 0x0000000000100000-0x000000007ffdefff]
[STDERR  ] 2017-09-06T08:44:19.086372454Z: [    0.000000] Initmem setup node 0 [mem 0x0000000000001000-0x000000007ffdefff]
[STDERR  ] 2017-09-06T08:44:19.086380743Z: [    0.000000] ACPI: PM-Timer IO Port: 0x608
[STDERR  ] 2017-09-06T08:44:19.086388645Z: [    0.000000] ACPI: LAPIC_NMI (acpi_id[0xff] dfl dfl lint[0x1])
[STDERR  ] 2017-09-06T08:44:19.086397154Z: [    0.000000] IOAPIC[0]: apic_id 0, version 32, address 0xfec00000, GSI 0-23
[STDERR  ] 2017-09-06T08:44:19.086408197Z: [    0.000000] ACPI: INT_SRC_OVR (bus 0 bus_irq 0 global_irq 2 dfl dfl)
[STDERR  ] 2017-09-06T08:44:19.086416387Z: [    0.000000] ACPI: INT_SRC_OVR (bus 0 bus_irq 5 global_irq 5 high level)
[STDERR  ] 2017-09-06T08:44:19.086422261Z: [    0.000000] ACPI: INT_SRC_OVR (bus 0 bus_irq 9 global_irq 9 high level)
[STDERR  ] 2017-09-06T08:44:19.086433133Z: [    0.000000] ACPI: INT_SRC_OVR (bus 0 bus_irq 10 global_irq 10 high level)
[STDERR  ] 2017-09-06T08:44:19.086442794Z: [    0.000000] ACPI: INT_SRC_OVR (bus 0 bus_irq 11 global_irq 11 high level)
[STDERR  ] 2017-09-06T08:44:19.086448881Z: [    0.000000] Using ACPI (MADT) for SMP configuration information
[STDERR  ] 2017-09-06T08:44:19.086455947Z: [    0.000000] ACPI: HPET id: 0x8086a201 base: 0xfed00000
[STDERR  ] 2017-09-06T08:44:19.086462735Z: [    0.000000] smpboot: Allowing 1 CPUs, 0 hotplug CPUs
[STDERR  ] 2017-09-06T08:44:19.086468572Z: [    0.000000] e820: [mem 0xc0000000-0xfed1bfff] available for PCI devices
[STDERR  ] 2017-09-06T08:44:19.086474456Z: [    0.000000] Booting paravirtualized kernel on bare hardware
[STDERR  ] 2017-09-06T08:44:19.086482186Z: [    0.000000] clocksource: refined-jiffies: mask: 0xffffffff max_cycles: 0xffffffff, max_idle_ns: 19112604462750000 ns
[STDERR  ] 2017-09-06T08:44:19.08649108Z: [    0.000000] setup_percpu: NR_CPUS:128 nr_cpumask_bits:128 nr_cpu_ids:1 nr_node_ids:1
[STDERR  ] 2017-09-06T08:44:19.086498084Z: [    0.000000] percpu: Embedded 35 pages/cpu @ffff91c1f3e00000 s105240 r8192 d29928 u2097152
[STDERR  ] 2017-09-06T08:44:19.086509207Z: [    0.000000] Built 1 zonelists in Zone order, mobility grouping on.  Total pages: 515944
[STDERR  ] 2017-09-06T08:44:19.086517453Z: [    0.000000] Kernel command line: console=ttyS0 page_poison=1
[STDERR  ] 2017-09-06T08:44:19.086525325Z: [    0.000000] PID hash table entries: 4096 (order: 3, 32768 bytes)
[STDERR  ] 2017-09-06T08:44:19.086533215Z: [    0.000000] Dentry cache hash table entries: 262144 (order: 9, 2097152 bytes)
[STDERR  ] 2017-09-06T08:44:19.086540951Z: [    0.000000] Inode-cache hash table entries: 131072 (order: 8, 1048576 bytes)
[STDERR  ] 2017-09-06T08:44:19.08654909Z: [    0.000000] Memory: 1850016K/2096628K available (8032K kernel code, 1366K rwdata, 2696K rodata, 1380K init, 568K bss, 246612K reserved, 0K cma-reserved)
[STDERR  ] 2017-09-06T08:44:19.086557356Z: [    0.000000] Hierarchical RCU implementation.
[STDERR  ] 2017-09-06T08:44:19.086564248Z: [    0.000000] 	Build-time adjustment of leaf fanout to 64.
[STDERR  ] 2017-09-06T08:44:19.086570889Z: [    0.000000] 	RCU restricting CPUs from NR_CPUS=128 to nr_cpu_ids=1.
[STDERR  ] 2017-09-06T08:44:19.086576817Z: [    0.000000] RCU: Adjusting geometry for rcu_fanout_leaf=64, nr_cpu_ids=1
[STDERR  ] 2017-09-06T08:44:19.086583205Z: [    0.000000] NR_IRQS:8448 nr_irqs:256 16
[STDERR  ] 2017-09-06T08:44:19.086593359Z: [    0.000000] Console: colour VGA+ 80x25
[STDERR  ] 2017-09-06T08:44:19.086599413Z: [    0.000000] console [ttyS0] enabled
[STDERR  ] 2017-09-06T08:44:19.086605012Z: [    0.000000] allocated 4194304 bytes of page_ext
[STDERR  ] 2017-09-06T08:44:19.086610508Z: [    0.000000] clocksource: hpet: mask: 0xffffffff max_cycles: 0xffffffff, max_idle_ns: 19112604467 ns
[STDERR  ] 2017-09-06T08:44:19.086616823Z: [    0.000000] tsc: Fast TSC calibration using PIT
[STDERR  ] 2017-09-06T08:44:19.086623894Z: [    0.000000] tsc: Detected 2599.882 MHz processor
[STDERR  ] 2017-09-06T08:44:19.086629821Z: [    0.032058] Calibrating delay loop (skipped), value calculated using timer frequency.. 5199.76 BogoMIPS (lpj=25998820)
[STDERR  ] 2017-09-06T08:44:19.086641386Z: [    0.033355] pid_max: default: 32768 minimum: 301
[STDERR  ] 2017-09-06T08:44:19.086650141Z: [    0.034508] ACPI: Core revision 20160831
[STDERR  ] 2017-09-06T08:44:19.086658265Z: [    0.079388] ACPI: 1 ACPI AML tables successfully acquired and loaded
[STDERR  ] 2017-09-06T08:44:19.086666004Z: [    0.084126] Security Framework initialized
[STDERR  ] 2017-09-06T08:44:19.086674189Z: [    0.084685] Yama: becoming mindful.
[STDERR  ] 2017-09-06T08:44:19.086682813Z: [    0.086972] Mount-cache hash table entries: 4096 (order: 3, 32768 bytes)
[STDERR  ] 2017-09-06T08:44:19.086690732Z: [    0.087470] Mountpoint-cache hash table entries: 4096 (order: 3, 32768 bytes)
[STDERR  ] 2017-09-06T08:44:19.086700922Z: [    0.108685] Last level iTLB entries: 4KB 0, 2MB 0, 4MB 0
[STDERR  ] 2017-09-06T08:44:19.086713411Z: [    0.109255] Last level dTLB entries: 4KB 0, 2MB 0, 4MB 0, 1GB 0
[STDERR  ] 2017-09-06T08:44:19.086724094Z: [    0.402989] Freeing SMP alternatives memory: 20K
[STDERR  ] 2017-09-06T08:44:19.086734471Z: [    0.414139] ftrace: allocating 35509 entries in 139 pages
[STDERR  ] 2017-09-06T08:44:19.086743451Z: [    0.581033] smpboot: Max logical packages: 1
[STDERR  ] 2017-09-06T08:44:19.086752573Z: [    0.588057] ..TIMER: vector=0x30 apic1=0 pin1=2 apic2=-1 pin2=-1
[STDERR  ] 2017-09-06T08:44:19.086761328Z: [    0.690000] smpboot: CPU0: AMD QEMU Virtual CPU version 2.5+ (family: 0x6, model: 0x6, stepping: 0x3)
[STDERR  ] 2017-09-06T08:44:19.086772359Z: [    0.690000] Performance Events: PMU not available due to virtualization, using software events only.
[STDERR  ] 2017-09-06T08:44:19.086781438Z: [    0.699588] NMI watchdog: disabled (cpu0): hardware events not enabled
[STDERR  ] 2017-09-06T08:44:19.086789636Z: [    0.700148] NMI watchdog: Shutting down hard lockup detector on all cpus
[STDERR  ] 2017-09-06T08:44:19.086802745Z: [    0.703969] x86: Booted up 1 node, 1 CPUs
[STDERR  ] 2017-09-06T08:44:19.086811339Z: [    0.704390] smpboot: Total of 1 processors activated (5199.76 BogoMIPS)
[STDERR  ] 2017-09-06T08:44:19.086819625Z: [    0.721545] devtmpfs: initialized
[STDERR  ] 2017-09-06T08:44:19.086836016Z: [    0.727885] x86/mm: Memory block size: 128MB
[STDERR  ] 2017-09-06T08:44:19.086847579Z: [    0.797972] clocksource: jiffies: mask: 0xffffffff max_cycles: 0xffffffff, max_idle_ns: 19112604462750000 ns
[STDERR  ] 2017-09-06T08:44:19.086859417Z: [    0.799047] futex hash table entries: 256 (order: 2, 16384 bytes)
[STDERR  ] 2017-09-06T08:44:19.086868038Z: [    0.808262] NET: Registered protocol family 16
[STDERR  ] 2017-09-06T08:44:19.086878836Z: [    0.818113] cpuidle: using governor ladder
[STDERR  ] 2017-09-06T08:44:19.086899957Z: [    0.818628] cpuidle: using governor menu
[STDERR  ] 2017-09-06T08:44:19.086910825Z: [    0.820180] ACPI: bus type PCI registered
[STDERR  ] 2017-09-06T08:44:19.086919895Z: [    0.823086] PCI: MMCONFIG for domain 0000 [bus 00-ff] at [mem 0xb0000000-0xbfffffff] (base 0xb0000000)
[STDERR  ] 2017-09-06T08:44:19.08692889Z: [    0.823933] PCI: MMCONFIG at [mem 0xb0000000-0xbfffffff] reserved in E820
[STDERR  ] 2017-09-06T08:44:19.086938481Z: [    0.825372] PCI: Using configuration type 1 for base access
[STDERR  ] 2017-09-06T08:44:19.086947759Z: [    0.880740] HugeTLB registered 2 MB page size, pre-allocated 0 pages
[STDERR  ] 2017-09-06T08:44:19.08696247Z: [    0.894915] ACPI: Added _OSI(Module Device)
[STDERR  ] 2017-09-06T08:44:19.08697224Z: [    0.895272] ACPI: Added _OSI(Processor Device)
[STDERR  ] 2017-09-06T08:44:19.086978345Z: [    0.895554] ACPI: Added _OSI(3.0 _SCP Extensions)
[STDERR  ] 2017-09-06T08:44:19.086984413Z: [    0.895815] ACPI: Added _OSI(Processor Aggregator Device)
[STDERR  ] 2017-09-06T08:44:19.086990627Z: [    0.969108] ACPI: Interpreter enabled
[STDERR  ] 2017-09-06T08:44:19.087001471Z: [    0.970826] ACPI: (supports S0 S5)
[STDERR  ] 2017-09-06T08:44:19.08700818Z: [    0.971180] ACPI: Using IOAPIC for interrupt routing
[STDERR  ] 2017-09-06T08:44:19.087014408Z: [    0.973695] PCI: Using host bridge windows from ACPI; if necessary, use "pci=nocrs" and report a bug
[STDERR  ] 2017-09-06T08:44:19.087020327Z: [    1.035974] ACPI: PCI Root Bridge [PCI0] (domain 0000 [bus 00-ff])
[STDERR  ] 2017-09-06T08:44:19.087027125Z: [    1.037121] acpi PNP0A08:00: _OSC: OS supports [ExtendedConfig ASPM ClockPM Segments MSI]
[STDERR  ] 2017-09-06T08:44:19.087035347Z: [    1.043701] acpi PNP0A08:00: _OSC: OS now controls [PCIeHotplug PME PCIeCapability]
[STDERR  ] 2017-09-06T08:44:19.087041044Z: [    1.047614] PCI host bridge to bus 0000:00
[STDERR  ] 2017-09-06T08:44:19.087047047Z: [    1.048127] pci_bus 0000:00: root bus resource [io  0x0000-0x0cf7 window]
[STDERR  ] 2017-09-06T08:44:19.087052767Z: [    1.048596] pci_bus 0000:00: root bus resource [io  0x0d00-0xffff window]
[STDERR  ] 2017-09-06T08:44:19.087060084Z: [    1.048934] pci_bus 0000:00: root bus resource [mem 0x000a0000-0x000bffff window]
[STDERR  ] 2017-09-06T08:44:19.087071184Z: [    1.049397] pci_bus 0000:00: root bus resource [mem 0xc0000000-0xfebfffff window]
[STDERR  ] 2017-09-06T08:44:19.087079504Z: [    1.050212] pci_bus 0000:00: root bus resource [bus 00-ff]
[STDERR  ] 2017-09-06T08:44:19.087088046Z: [    1.191687] pci 0000:00:1f.0: quirk: [io  0x0600-0x067f] claimed by ICH6 ACPI/GPIO/TCO
[STDERR  ] 2017-09-06T08:44:19.087096601Z: [    1.268846] ACPI: PCI Interrupt Link [LNKA] (IRQs 5 *10 11)
[STDERR  ] 2017-09-06T08:44:19.08710723Z: [    1.271103] ACPI: PCI Interrupt Link [LNKB] (IRQs 5 *10 11)
[STDERR  ] 2017-09-06T08:44:19.087116609Z: [    1.273288] ACPI: PCI Interrupt Link [LNKC] (IRQs 5 10 *11)
[STDERR  ] 2017-09-06T08:44:19.087124758Z: [    1.275092] ACPI: PCI Interrupt Link [LNKD] (IRQs 5 10 *11)
[STDERR  ] 2017-09-06T08:44:19.087131637Z: [    1.276876] ACPI: PCI Interrupt Link [LNKE] (IRQs 5 *10 11)
[STDERR  ] 2017-09-06T08:44:19.087140017Z: [    1.280383] ACPI: PCI Interrupt Link [LNKF] (IRQs 5 *10 11)
[STDERR  ] 2017-09-06T08:44:19.087148484Z: [    1.282123] ACPI: PCI Interrupt Link [LNKG] (IRQs 5 10 *11)
[STDERR  ] 2017-09-06T08:44:19.087156978Z: [    1.283899] ACPI: PCI Interrupt Link [LNKH] (IRQs 5 10 *11)
[STDERR  ] 2017-09-06T08:44:19.087166251Z: [    1.284813] ACPI: PCI Interrupt Link [GSIA] (IRQs *16)
[STDERR  ] 2017-09-06T08:44:19.087175441Z: [    1.285514] ACPI: PCI Interrupt Link [GSIB] (IRQs *17)
[STDERR  ] 2017-09-06T08:44:19.087184604Z: [    1.286186] ACPI: PCI Interrupt Link [GSIC] (IRQs *18)
[STDERR  ] 2017-09-06T08:44:19.087194188Z: [    1.286844] ACPI: PCI Interrupt Link [GSID] (IRQs *19)
[STDERR  ] 2017-09-06T08:44:19.087203297Z: [    1.287485] ACPI: PCI Interrupt Link [GSIE] (IRQs *20)
[STDERR  ] 2017-09-06T08:44:19.087212083Z: [    1.288176] ACPI: PCI Interrupt Link [GSIF] (IRQs *21)
[STDERR  ] 2017-09-06T08:44:19.087220739Z: [    1.288831] ACPI: PCI Interrupt Link [GSIG] (IRQs *22)
[STDERR  ] 2017-09-06T08:44:19.087230133Z: [    1.289557] ACPI: PCI Interrupt Link [GSIH] (IRQs *23)
[STDERR  ] 2017-09-06T08:44:19.087240696Z: [    1.293465] ACPI: Enabled 2 GPEs in block 00 to 3F
[STDERR  ] 2017-09-06T08:44:19.08724927Z: [    1.299608] SCSI subsystem initialized
[STDERR  ] 2017-09-06T08:44:19.087257349Z: [    1.301665] ACPI: bus type USB registered
[STDERR  ] 2017-09-06T08:44:19.087269969Z: [    1.302911] usbcore: registered new interface driver usbfs
[STDERR  ] 2017-09-06T08:44:19.087284906Z: [    1.303867] usbcore: registered new interface driver hub
[STDERR  ] 2017-09-06T08:44:19.087294031Z: [    1.304730] usbcore: registered new device driver usb
[STDERR  ] 2017-09-06T08:44:19.087308747Z: [    1.305884] pps_core: LinuxPPS API ver. 1 registered
[STDERR  ] 2017-09-06T08:44:19.08731737Z: [    1.306244] pps_core: Software ver. 5.3.6 - Copyright 2005-2007 Rodolfo Giometti <giometti@linux.it>
[STDERR  ] 2017-09-06T08:44:19.087328241Z: [    1.306998] PTP clock support registered
[STDERR  ] 2017-09-06T08:44:19.087336711Z: [    1.308172] wmi: Mapper loaded
[STDERR  ] 2017-09-06T08:44:19.087345379Z: [    1.309372] PCI: Using ACPI for IRQ routing
[STDERR  ] 2017-09-06T08:44:19.087354105Z: [    1.328257] NetLabel: Initializing
[STDERR  ] 2017-09-06T08:44:19.087365392Z: [    1.328568] NetLabel:  domain hash size = 128
[STDERR  ] 2017-09-06T08:44:19.087375013Z: [    1.328943] NetLabel:  protocols = UNLABELED CIPSOv4
[STDERR  ] 2017-09-06T08:44:19.087381654Z: [    1.331710] NetLabel:  unlabeled traffic allowed by default
[STDERR  ] 2017-09-06T08:44:19.087389325Z: [    1.332981] HPET: 3 timers in total, 0 timers will be used for per-cpu timer
[STDERR  ] 2017-09-06T08:44:19.087398651Z: [    1.333777] hpet0: at MMIO 0xfed00000, IRQs 2, 8, 0
[STDERR  ] 2017-09-06T08:44:19.087406848Z: [    1.334267] hpet0: 3 comparators, 64-bit 100.000000 MHz counter
[STDERR  ] 2017-09-06T08:44:19.087413159Z: [    1.341655] clocksource: Switched to clocksource hpet
[STDERR  ] 2017-09-06T08:44:19.087419169Z: [    1.583271] VFS: Disk quotas dquot_6.6.0
[STDERR  ] 2017-09-06T08:44:19.087425332Z: [    1.584033] VFS: Dquot-cache hash table entries: 512 (order 0, 4096 bytes)
[STDERR  ] 2017-09-06T08:44:19.087439913Z: [    1.587609] FS-Cache: Loaded
[STDERR  ] 2017-09-06T08:44:19.087453384Z: [    1.593403] CacheFiles: Loaded
[STDERR  ] 2017-09-06T08:44:19.087459143Z: [    1.595188] pnp: PnP ACPI init
[STDERR  ] 2017-09-06T08:44:19.087465451Z: [    1.606607] pnp: PnP ACPI: found 5 devices
[STDERR  ] 2017-09-06T08:44:19.08747173Z: [    1.653642] clocksource: acpi_pm: mask: 0xffffff max_cycles: 0xffffff, max_idle_ns: 2085701024 ns
[STDERR  ] 2017-09-06T08:44:19.087478028Z: [    1.657483] NET: Registered protocol family 2
[STDERR  ] 2017-09-06T08:44:19.087483693Z: [    1.666346] TCP established hash table entries: 16384 (order: 5, 131072 bytes)
[STDERR  ] 2017-09-06T08:44:19.087489894Z: [    1.667377] TCP bind hash table entries: 16384 (order: 6, 262144 bytes)
[STDERR  ] 2017-09-06T08:44:19.087497526Z: [    1.668730] TCP: Hash tables configured (established 16384 bind 16384)
[STDERR  ] 2017-09-06T08:44:19.087503315Z: [    1.670571] UDP hash table entries: 1024 (order: 3, 32768 bytes)
[STDERR  ] 2017-09-06T08:44:19.087513075Z: [    1.671246] UDP-Lite hash table entries: 1024 (order: 3, 32768 bytes)
[STDERR  ] 2017-09-06T08:44:19.08752147Z: [    1.673720] NET: Registered protocol family 1
[STDERR  ] 2017-09-06T08:44:19.087535042Z: [    1.674811] pci 0000:00:01.0: Video device with shadowed ROM at [mem 0x000c0000-0x000dffff]
[STDERR  ] 2017-09-06T08:44:19.087543553Z: [    1.683815] Unpacking initramfs...
[STDERR  ] 2017-09-06T08:44:19.087549681Z: [   23.736474] Freeing initrd memory: 194812K
[STDERR  ] 2017-09-06T08:44:19.087555908Z: [   23.759680] PCLMULQDQ-NI instructions are not detected.
[STDERR  ] 2017-09-06T08:44:19.087563922Z: [   23.761926] AVX or AES-NI instructions are not detected.
[STDERR  ] 2017-09-06T08:44:19.087570236Z: [   23.762420] CPU feature 'AVX registers' is not supported.
[STDERR  ] 2017-09-06T08:44:19.08757835Z: [   23.762810] CPU feature 'AVX registers' is not supported.
[STDERR  ] 2017-09-06T08:44:19.087588399Z: [   23.763199] CPU feature 'AVX registers' is not supported.
[STDERR  ] 2017-09-06T08:44:19.087596539Z: [   23.763553] CPU feature 'AVX registers' is not supported.
[STDERR  ] 2017-09-06T08:44:19.087604738Z: [   23.763964] AVX2 or AES-NI instructions are not detected.
[STDERR  ] 2017-09-06T08:44:19.0876137Z: [   23.764331] AVX2 instructions are not detected.
[STDERR  ] 2017-09-06T08:44:19.087621711Z: [   23.769762] audit: initializing netlink subsys (disabled)
[STDERR  ] 2017-09-06T08:44:19.0876359Z: [   23.772558] audit: type=2000 audit(1504686840.770:1): initialized
[STDERR  ] 2017-09-06T08:44:19.087645344Z: [   23.779576] workingset: timestamp_bits=46 max_order=19 bucket_order=0
[STDERR  ] 2017-09-06T08:44:19.08765387Z: [   23.789510] FS-Cache: Netfs 'cifs' registered for caching
[STDERR  ] 2017-09-06T08:44:19.087662353Z: [   23.791129] fuse init (API version 7.26)
[STDERR  ] 2017-09-06T08:44:19.087670989Z: [   23.793268] SGI XFS with ACLs, security attributes, no debug enabled
[STDERR  ] 2017-09-06T08:44:19.087679868Z: [   23.797038] 9p: Installing v9fs 9p2000 file system support
[STDERR  ] 2017-09-06T08:44:19.087688498Z: [   23.797508] FS-Cache: Netfs '9p' registered for caching
[STDERR  ] 2017-09-06T08:44:19.087700393Z: [   23.826542] NET: Registered protocol family 38
[STDERR  ] 2017-09-06T08:44:19.087712475Z: [   23.827190] Key type asymmetric registered
[STDERR  ] 2017-09-06T08:44:19.087721302Z: [   23.827554] Asymmetric key parser 'x509' registered
[STDERR  ] 2017-09-06T08:44:19.087730137Z: [   23.828491] Block layer SCSI generic (bsg) driver version 0.4 loaded (major 251)
[STDERR  ] 2017-09-06T08:44:19.087738908Z: [   23.830475] io scheduler noop registered
[STDERR  ] 2017-09-06T08:44:19.087747527Z: [   23.830824] io scheduler deadline registered (default)
[STDERR  ] 2017-09-06T08:44:19.087756294Z: [   23.832341] io scheduler cfq registered
[STDERR  ] 2017-09-06T08:44:19.087768353Z: [   23.835009] pci_hotplug: PCI Hot Plug PCI Core version: 0.5
[STDERR  ] 2017-09-06T08:44:19.087777361Z: [   23.835575] pciehp: PCI Express Hot Plug Controller Driver version: 0.4
[STDERR  ] 2017-09-06T08:44:19.087790944Z: [   23.836519] shpchp: Standard Hot Plug PCI Controller Driver version: 0.4
[STDERR  ] 2017-09-06T08:44:19.087800068Z: [   23.837366] hv_vmbus: registering driver hyperv_fb
[STDERR  ] 2017-09-06T08:44:19.08780737Z: [   23.842124] input: Power Button as /devices/LNXSYSTM:00/LNXPWRBN:00/input/input0
[STDERR  ] 2017-09-06T08:44:19.087819572Z: [   23.843331] ACPI: Power Button [PWRF]
[STDERR  ] 2017-09-06T08:44:19.087827159Z: [   23.848111] GHES: HEST is not enabled!
[STDERR  ] 2017-09-06T08:44:19.087833157Z: [   23.861080] ACPI: PCI Interrupt Link [GSIG] enabled at IRQ 22
[STDERR  ] 2017-09-06T08:44:19.087839298Z: [   23.874420] ACPI: PCI Interrupt Link [GSIH] enabled at IRQ 23
[STDERR  ] 2017-09-06T08:44:19.087845198Z: [   23.880023] xenfs: not registering filesystem on non-xen platform
[STDERR  ] 2017-09-06T08:44:19.087850805Z: [   23.882722] Serial: 8250/16550 driver, 4 ports, IRQ sharing disabled
[STDERR  ] 2017-09-06T08:44:19.087864994Z: [   23.907281] 00:04: ttyS0 at I/O 0x3f8 (irq = 4, base_baud = 115200) is a 16550A
[STDERR  ] 2017-09-06T08:44:19.087871231Z: [   23.919268] Non-volatile memory driver v1.3
[STDERR  ] 2017-09-06T08:44:19.087876839Z: [   23.927119] Hangcheck: starting hangcheck timer 0.9.1 (tick is 180 seconds, margin is 60 seconds).
[STDERR  ] 2017-09-06T08:44:19.087885271Z: [   23.965971] loop: module loaded
[STDERR  ] 2017-09-06T08:44:19.087898941Z: [   23.981026] nbd: registered device at major 43
[STDERR  ] 2017-09-06T08:44:19.087906897Z: [   24.025272] lpc_ich 0000:00:1f.0: I/O space for GPIO uninitialized
[STDERR  ] 2017-09-06T08:44:19.087919648Z: [   24.027447] VMware PVSCSI driver - version 1.0.7.0-k
[STDERR  ] 2017-09-06T08:44:19.087928985Z: [   24.028318] hv_vmbus: registering driver hv_storvsc
[STDERR  ] 2017-09-06T08:44:19.08793806Z: [   24.039006] ACPI: PCI Interrupt Link [GSIA] enabled at IRQ 16
[STDERR  ] 2017-09-06T08:44:19.087946427Z: [   24.045954] ahci 0000:00:1f.2: AHCI 0001.0000 32 slots 6 ports 1.5 Gbps 0x3f impl SATA mode
[STDERR  ] 2017-09-06T08:44:19.087956609Z: [   24.046664] ahci 0000:00:1f.2: flags: 64bit ncq only 
[STDERR  ] 2017-09-06T08:44:19.087962791Z: [   24.066819] scsi host0: ahci
[STDERR  ] 2017-09-06T08:44:19.087969074Z: [   24.072232] scsi host1: ahci
[STDERR  ] 2017-09-06T08:44:19.087976469Z: [   24.074670] scsi host2: ahci
[STDERR  ] 2017-09-06T08:44:19.087993678Z: [   24.077000] scsi host3: ahci
[STDERR  ] 2017-09-06T08:44:19.088000102Z: [   24.079338] scsi host4: ahci
[STDERR  ] 2017-09-06T08:44:19.088009455Z: [   24.081815] scsi host5: ahci
[STDERR  ] 2017-09-06T08:44:19.088015266Z: [   24.083745] ata1: SATA max UDMA/133 abar m4096@0xfebd2000 port 0xfebd2100 irq 24
[STDERR  ] 2017-09-06T08:44:19.088024666Z: [   24.084318] ata2: SATA max UDMA/133 abar m4096@0xfebd2000 port 0xfebd2180 irq 24
[STDERR  ] 2017-09-06T08:44:19.088030426Z: [   24.084765] ata3: SATA max UDMA/133 abar m4096@0xfebd2000 port 0xfebd2200 irq 24
[STDERR  ] 2017-09-06T08:44:19.08803817Z: [   24.085204] ata4: SATA max UDMA/133 abar m4096@0xfebd2000 port 0xfebd2280 irq 24
[STDERR  ] 2017-09-06T08:44:19.088044024Z: [   24.085693] ata5: SATA max UDMA/133 abar m4096@0xfebd2000 port 0xfebd2300 irq 24
[STDERR  ] 2017-09-06T08:44:19.08805374Z: [   24.086147] ata6: SATA max UDMA/133 abar m4096@0xfebd2000 port 0xfebd2380 irq 24
[STDERR  ] 2017-09-06T08:44:19.088059381Z: [   24.099335] tun: Universal TUN/TAP device driver, 1.6
[STDERR  ] 2017-09-06T08:44:19.088065549Z: [   24.099747] tun: (C) 1999-2004 Max Krasnyansky <maxk@qualcomm.com>
[STDERR  ] 2017-09-06T08:44:19.088072791Z: [   24.110824] VMware vmxnet3 virtual NIC driver - version 1.4.a.0-k-NAPI
[STDERR  ] 2017-09-06T08:44:19.088078349Z: [   24.111856] hv_vmbus: registering driver hv_netvsc
[STDERR  ] 2017-09-06T08:44:19.088084268Z: [   24.112177] Fusion MPT base driver 3.04.20
[STDERR  ] 2017-09-06T08:44:19.088091773Z: [   24.112419] Copyright (c) 1999-2008 LSI Corporation
[STDERR  ] 2017-09-06T08:44:19.088100044Z: [   24.113016] Fusion MPT SPI Host driver 3.04.20
[STDERR  ] 2017-09-06T08:44:19.08811136Z: [   24.115089] i8042: PNP: PS/2 Controller [PNP0303:KBD,PNP0f13:MOU] at 0x60,0x64 irq 1,12
[STDERR  ] 2017-09-06T08:44:19.088120623Z: [   24.119507] serio: i8042 KBD port at 0x60,0x64 irq 1
[STDERR  ] 2017-09-06T08:44:19.088131211Z: [   24.120429] serio: i8042 AUX port at 0x60,0x64 irq 12
[STDERR  ] 2017-09-06T08:44:19.088137158Z: [   24.123651] hv_vmbus: registering driver hyperv_keyboard
[STDERR  ] 2017-09-06T08:44:19.088144771Z: [   24.125807] mousedev: PS/2 mouse device common for all mice
[STDERR  ] 2017-09-06T08:44:19.08815069Z: [   24.130930] input: AT Translated Set 2 keyboard as /devices/platform/i8042/serio0/input/input1
[STDERR  ] 2017-09-06T08:44:19.088156844Z: [   24.133932] input: PC Speaker as /devices/platform/pcspkr/input/input2
[STDERR  ] 2017-09-06T08:44:19.088162536Z: [   24.137557] rtc_cmos 00:00: RTC can wake from S4
[STDERR  ] 2017-09-06T08:44:19.08816844Z: [   24.141327] rtc_cmos 00:00: rtc core: registered rtc_cmos as rtc0
[STDERR  ] 2017-09-06T08:44:19.088174014Z: [   24.142667] rtc_cmos 00:00: alarms up to one day, y3k, 114 bytes nvram, hpet irqs
[STDERR  ] 2017-09-06T08:44:19.088179681Z: [   24.143421] i2c /dev entries driver
[STDERR  ] 2017-09-06T08:44:19.088194674Z: [   24.145321] device-mapper: ioctl: 4.35.0-ioctl (2016-06-23) initialised: dm-devel@redhat.com
[STDERR  ] 2017-09-06T08:44:19.088201006Z: [   24.150101] usbcore: registered new interface driver usbhid
[STDERR  ] 2017-09-06T08:44:19.088207401Z: [   24.150739] usbhid: USB HID core driver
[STDERR  ] 2017-09-06T08:44:19.088213025Z: [   24.151572] hv_utils: Registering HyperV Utility Driver
[STDERR  ] 2017-09-06T08:44:19.088218913Z: [   24.151905] hv_vmbus: registering driver hv_util
[STDERR  ] 2017-09-06T08:44:19.088224695Z: [   24.152214] hv_vmbus: registering driver hv_balloon
[STDERR  ] 2017-09-06T08:44:19.088231646Z: [   24.152746] oprofile: using NMI interrupt.
[STDERR  ] 2017-09-06T08:44:19.088237399Z: [   24.153844] GACT probability on
[STDERR  ] 2017-09-06T08:44:19.088243256Z: [   24.154314] Mirror/redirect action on
[STDERR  ] 2017-09-06T08:44:19.088249022Z: [   24.155135] Simple TC action Loaded
[STDERR  ] 2017-09-06T08:44:19.088254395Z: [   24.155720] u32 classifier
[STDERR  ] 2017-09-06T08:44:19.088260159Z: [   24.155921]     Performance counters on
[STDERR  ] 2017-09-06T08:44:19.088265777Z: [   24.156189]     input device check on
[STDERR  ] 2017-09-06T08:44:19.088275556Z: [   24.156435]     Actions configured
[STDERR  ] 2017-09-06T08:44:19.088281056Z: [   24.157049] Netfilter messages via NETLINK v0.30.
[STDERR  ] 2017-09-06T08:44:19.08828658Z: [   24.157651] nfnl_acct: registering with nfnetlink.
[STDERR  ] 2017-09-06T08:44:19.088291898Z: [   24.159287] nf_conntrack version 0.5.0 (16384 buckets, 65536 max)
[STDERR  ] 2017-09-06T08:44:19.088297718Z: [   24.162673] ctnetlink v0.93: registering with nfnetlink.
[STDERR  ] 2017-09-06T08:44:19.088303093Z: [   24.165891] nf_tables: (c) 2007-2009 Patrick McHardy <kaber@trash.net>
[STDERR  ] 2017-09-06T08:44:19.088310065Z: [   24.166776] nf_tables_compat: (c) 2012 Pablo Neira Ayuso <pablo@netfilter.org>
[STDERR  ] 2017-09-06T08:44:19.088315678Z: [   24.169173] xt_time: kernel timezone is -0000
[STDERR  ] 2017-09-06T08:44:19.088321219Z: [   24.169766] ip_set: protocol 6
[STDERR  ] 2017-09-06T08:44:19.088326649Z: [   24.170745] IPVS: Registered protocols (TCP, UDP, SCTP, AH, ESP)
[STDERR  ] 2017-09-06T08:44:19.088332096Z: [   24.171378] IPVS: Connection hash table configured (size=4096, memory=64Kbytes)
[STDERR  ] 2017-09-06T08:44:19.088337767Z: [   24.173204] IPVS: Creating netns size=2104 id=0
[STDERR  ] 2017-09-06T08:44:19.088343204Z: [   24.175833] IPVS: ipvs loaded.
[STDERR  ] 2017-09-06T08:44:19.08834865Z: [   24.176217] IPVS: [rr] scheduler registered.
[STDERR  ] 2017-09-06T08:44:19.088354092Z: [   24.176531] IPVS: [wrr] scheduler registered.
[STDERR  ] 2017-09-06T08:44:19.08836081Z: [   24.176802] IPVS: [lc] scheduler registered.
[STDERR  ] 2017-09-06T08:44:19.088366243Z: [   24.177067] IPVS: [wlc] scheduler registered.
[STDERR  ] 2017-09-06T08:44:19.08837451Z: [   24.177343] IPVS: [fo] scheduler registered.
[STDERR  ] 2017-09-06T08:44:19.088380981Z: [   24.177627] IPVS: [ovf] scheduler registered.
[STDERR  ] 2017-09-06T08:44:19.088386782Z: [   24.178098] IPVS: [lblc] scheduler registered.
[STDERR  ] 2017-09-06T08:44:19.088392242Z: [   24.178527] IPVS: [lblcr] scheduler registered.
[STDERR  ] 2017-09-06T08:44:19.088397937Z: [   24.178813] IPVS: [dh] scheduler registered.
[STDERR  ] 2017-09-06T08:44:19.088407986Z: [   24.179088] IPVS: [sh] scheduler registered.
[STDERR  ] 2017-09-06T08:44:19.088413366Z: [   24.179367] IPVS: [sed] scheduler registered.
[STDERR  ] 2017-09-06T08:44:19.088418636Z: [   24.179638] IPVS: [nq] scheduler registered.
[STDERR  ] 2017-09-06T08:44:19.088424618Z: [   24.180826] IPVS: ftp: loaded support on port[0] = 21
[STDERR  ] 2017-09-06T08:44:19.088430296Z: [   24.181847] ipip: IPv4 and MPLS over IPv4 tunneling driver
[STDERR  ] 2017-09-06T08:44:19.088436421Z: [   24.186252] gre: GRE over IPv4 demultiplexor driver
[STDERR  ] 2017-09-06T08:44:19.088444388Z: [   24.189090] ip_tables: (C) 2000-2006 Netfilter Core Team
[STDERR  ] 2017-09-06T08:44:19.088451703Z: [   24.193137] ipt_CLUSTERIP: ClusterIP Version 0.8 loaded successfully
[STDERR  ] 2017-09-06T08:44:19.088457427Z: [   24.194007] arp_tables: arp_tables: (C) 2002 David S. Miller
[STDERR  ] 2017-09-06T08:44:19.088462886Z: [   24.196379] NET: Registered protocol family 10
[STDERR  ] 2017-09-06T08:44:19.088468381Z: [   24.206521] ip6_tables: (C) 2000-2006 Netfilter Core Team
[STDERR  ] 2017-09-06T08:44:19.088473981Z: [   24.215780] NET: Registered protocol family 17
[STDERR  ] 2017-09-06T08:44:19.088479356Z: [   24.216891] Bridge firewalling registered
[STDERR  ] 2017-09-06T08:44:19.088484991Z: [   24.217535] Ebtables v2.0 registered
[STDERR  ] 2017-09-06T08:44:19.088490327Z: [   24.219542] 8021q: 802.1Q VLAN Support v1.8
[STDERR  ] 2017-09-06T08:44:19.088495712Z: [   24.221537] 9pnet: Installing 9P2000 support
[STDERR  ] 2017-09-06T08:44:19.088501102Z: [   24.223165] Key type dns_resolver registered
[STDERR  ] 2017-09-06T08:44:19.088506582Z: [   24.224162] microcode: AMD CPU family 0x6 not supported
[STDERR  ] 2017-09-06T08:44:19.088512075Z: [   24.227852] registered taskstats version 1
[STDERR  ] 2017-09-06T08:44:19.088519779Z: [   24.425623] ata4: SATA link down (SStatus 0 SControl 300)
[STDERR  ] 2017-09-06T08:44:19.088530974Z: [   24.428736] ata3: SATA link up 1.5 Gbps (SStatus 113 SControl 300)
[STDERR  ] 2017-09-06T08:44:19.088543179Z: [   24.432002] ata2: SATA link down (SStatus 0 SControl 300)
[STDERR  ] 2017-09-06T08:44:19.0885496Z: [   24.432540] ata1: SATA link up 1.5 Gbps (SStatus 113 SControl 300)
[STDERR  ] 2017-09-06T08:44:19.088555975Z: [   24.434739] ata1.00: ATA-7: QEMU HARDDISK, 2.5+, max UDMA/100
[STDERR  ] 2017-09-06T08:44:19.088561731Z: [   24.435178] ata1.00: 4194304 sectors, multi 16: LBA48 NCQ (depth 31/32)
[STDERR  ] 2017-09-06T08:44:19.088567286Z: [   24.435734] ata1.00: applying bridge limits
[STDERR  ] 2017-09-06T08:44:19.088573118Z: [   24.437627] ata1.00: configured for UDMA/100
[STDERR  ] 2017-09-06T08:44:19.088578741Z: [   24.439763] ata6: SATA link down (SStatus 0 SControl 300)
[STDERR  ] 2017-09-06T08:44:19.088584565Z: [   24.440510] ata5: SATA link down (SStatus 0 SControl 300)
[STDERR  ] 2017-09-06T08:44:19.08859263Z: [   24.450971] ata3.00: ATAPI: QEMU DVD-ROM, 2.5+, max UDMA/100
[STDERR  ] 2017-09-06T08:44:19.088598562Z: [   24.451492] ata3.00: applying bridge limits
[STDERR  ] 2017-09-06T08:44:19.088603946Z: [   24.452243] ata3.00: configured for UDMA/100
[STDERR  ] 2017-09-06T08:44:19.088609407Z: [   24.465190] scsi 0:0:0:0: Direct-Access     ATA      QEMU HARDDISK    2.5+ PQ: 0 ANSI: 5
[STDERR  ] 2017-09-06T08:44:19.088615142Z: [   24.484056] sd 0:0:0:0: [sda] 4194304 512-byte logical blocks: (2.15 GB/2.00 GiB)
[STDERR  ] 2017-09-06T08:44:19.088622758Z: [   24.485904] sd 0:0:0:0: Attached scsi generic sg0 type 0
[STDERR  ] 2017-09-06T08:44:19.088628181Z: [   24.490633] sd 0:0:0:0: [sda] Write Protect is off
[STDERR  ] 2017-09-06T08:44:19.088636616Z: [   24.493137] sd 0:0:0:0: [sda] Write cache: enabled, read cache: enabled, doesn't support DPO or FUA
[STDERR  ] 2017-09-06T08:44:19.088642607Z: [   24.495646] scsi 2:0:0:0: CD-ROM            QEMU     QEMU DVD-ROM     2.5+ PQ: 0 ANSI: 5
[STDERR  ] 2017-09-06T08:44:19.088648466Z: [   24.507782] Key type big_key registered
[STDERR  ] 2017-09-06T08:44:19.088653921Z: [   24.513366] sr 2:0:0:0: [sr0] scsi3-mmc drive: 4x/4x cd/rw xa/form2 tray
[STDERR  ] 2017-09-06T08:44:19.08865977Z: [   24.514020] cdrom: Uniform CD-ROM driver Revision: 3.20
[STDERR  ] 2017-09-06T08:44:19.088665321Z: [   24.540741] sr 2:0:0:0: Attached scsi generic sg1 type 5
[STDERR  ] 2017-09-06T08:44:19.088670763Z: [   24.553049] sd 0:0:0:0: [sda] Attached SCSI disk
[STDERR  ] 2017-09-06T08:44:19.088676124Z: [   24.591155] Key type encrypted registered
[STDERR  ] 2017-09-06T08:44:19.088682778Z: [   24.596723] rtc_cmos 00:00: setting system clock to 2017-09-06 08:34:02 UTC (1504686842)
[STDERR  ] 2017-09-06T08:44:19.088688201Z: [   24.745246] Freeing unused kernel memory: 1380K
[STDERR  ] 2017-09-06T08:44:19.088693749Z: [   24.745661] Write protecting the kernel read-only data: 12288k
[STDERR  ] 2017-09-06T08:44:19.088699153Z: [   24.754223] Freeing unused kernel memory: 144K
[STDERR  ] 2017-09-06T08:44:19.088709328Z: [   24.879295] Freeing unused kernel memory: 1400K
[STDERR  ] 2017-09-06T08:44:19.08871476Z: [   24.880507] tsc: Refined TSC clocksource calibration: 2599.911 MHz
[STDERR  ] 2017-09-06T08:44:19.088720554Z: [   24.881080] clocksource: tsc: mask: 0xffffffffffffffff max_cycles: 0x2579e82f95b, max_idle_ns: 440795279568 ns
[STDERR  ] 2017-09-06T08:44:19.088725952Z: [   25.899228] clocksource: Switched to clocksource tsc
[STDERR  ] 2017-09-06T08:44:19.088731376Z: 
[STDERR  ] 2017-09-06T08:44:19.088736973Z: Welcome to LinuxKit
[STDERR  ] 2017-09-06T08:44:19.088742444Z: 
[STDERR  ] 2017-09-06T08:44:19.088747938Z:                         ##         .
[STDERR  ] 2017-09-06T08:44:19.088753352Z:                   ## ## ##        ==
[STDERR  ] 2017-09-06T08:44:19.088759134Z:                ## ## ## ## ##    ===
[STDERR  ] 2017-09-06T08:44:19.088764534Z:            /"""""""""""""""""\___/ ===
[STDERR  ] 2017-09-06T08:44:19.08876995Z:           {                       /  ===-
[STDERR  ] 2017-09-06T08:44:19.088775334Z:            \______ O           __/
[STDERR  ] 2017-09-06T08:44:19.088780801Z:              \    \         __/
[STDERR  ] 2017-09-06T08:44:19.088789084Z:               \____\_______/
[STDERR  ] 2017-09-06T08:44:19.088795804Z: 
[STDERR  ] 2017-09-06T08:44:19.088801499Z: [   83.827961] 8021q: adding VLAN 0 to HW filter on device eth0
[STDERR  ] 2017-09-06T08:44:19.088807604Z: eth0: waiting for carrier
[STDERR  ] 2017-09-06T08:44:19.088813175Z: eth0: carrier acquired
[STDERR  ] 2017-09-06T08:44:19.088818625Z: DUID 00:01:00:01:21:42:6f:b5:1a:14:5d:f3:a0:48
[STDERR  ] 2017-09-06T08:44:19.088823997Z: eth0: IAID 5d:f3:a0:48
[STDERR  ] 2017-09-06T08:44:19.088829325Z: [   83.903582] random: dhcpcd: uninitialized urandom read (112 bytes read)
[STDERR  ] 2017-09-06T08:44:19.088834915Z: eth0: adding address fe80::e056:afb0:8826:3126
[STDERR  ] 2017-09-06T08:44:19.088840563Z: eth0: soliciting an IPv6 router
[STDERR  ] 2017-09-06T08:44:19.088846291Z: eth0: soliciting a DHCP lease
[STDERR  ] 2017-09-06T08:44:19.08885192Z: eth0: offered 10.0.2.15 from 10.0.2.2
[STDERR  ] 2017-09-06T08:44:19.088857411Z: eth0: leased 10.0.2.15 for 86400 seconds
[STDERR  ] 2017-09-06T08:44:19.088863066Z: eth0: adding route to 10.0.2.0/24
[STDERR  ] 2017-09-06T08:44:19.088868523Z: eth0: adding default route via 10.0.2.2
[STDERR  ] 2017-09-06T08:44:19.088873871Z: exiting due to oneshot
[STDERR  ] 2017-09-06T08:44:19.088879231Z: dhcpcd exited
[STDERR  ] 2017-09-06T08:44:19.088884694Z: [   85.929903] IPVS: Creating netns size=2104 id=1
[STDERR  ] 2017-09-06T08:44:19.088895465Z: [   85.931117] IPVS: ftp: loaded support on port[0] = 21
[STDERR  ] 2017-09-06T08:44:19.088901625Z: 2017/09/06 08:35:04 Creating partition on /dev/sda
[STDERR  ] 2017-09-06T08:44:19.088910207Z: [   87.279923] random: fdisk: uninitialized urandom read (4 bytes read)
[STDERR  ] 2017-09-06T08:44:19.088915905Z: [   87.314038]  sda:
[STDERR  ] 2017-09-06T08:44:19.088923725Z: [   87.384582]  sda:
[STDERR  ] 2017-09-06T08:44:19.088929353Z: [   87.401910] random: sfdisk: uninitialized urandom read (4 bytes read)
[STDERR  ] 2017-09-06T08:44:19.088937424Z: [   87.417174]  sda: sda1
[STDERR  ] 2017-09-06T08:44:19.088943377Z: [   87.480736]  sda: sda1
[STDERR  ] 2017-09-06T08:44:19.088950233Z: [   88.990851] random: mkfs.ext4: uninitialized urandom read (16 bytes read)
[STDERR  ] 2017-09-06T08:44:19.088955811Z: [   88.992748] random: mkfs.ext4: uninitialized urandom read (16 bytes read)
[STDERR  ] 2017-09-06T08:44:19.088961326Z: 2017/09/06 08:35:07 Partition /dev/sda1 successfully created!
[STDERR  ] 2017-09-06T08:44:19.088967311Z: [   90.819989] IPVS: Creating netns size=2104 id=2
[STDERR  ] 2017-09-06T08:44:19.088972732Z: [   90.821125] IPVS: ftp: loaded support on port[0] = 21
[STDERR  ] 2017-09-06T08:44:19.088978347Z: [   92.142147] EXT4-fs (sda1): couldn't mount as ext3 due to feature incompatibilities
[STDERR  ] 2017-09-06T08:44:19.088988987Z: [   92.154214] EXT4-fs (sda1): couldn't mount as ext2 due to feature incompatibilities
[STDERR  ] 2017-09-06T08:44:19.088996785Z: [   92.179274] EXT4-fs (sda1): mounted filesystem with ordered data mode. Opts: (null)
[STDERR  ] 2017-09-06T08:44:19.089002256Z: v1.0.0-alpha6
[STDERR  ] 2017-09-06T08:44:19.089007759Z: f05281743e5ac9ad11c6e19a72be7a903eab79f5
[STDERR  ] 2017-09-06T08:44:19.089013275Z: [   94.248370] random: cc1: uninitialized urandom read (8 bytes read)
[STDERR  ] 2017-09-06T08:44:19.089019865Z: [   94.669450] random: cc1: uninitialized urandom read (8 bytes read)
[STDERR  ] 2017-09-06T08:44:19.089025457Z: [   95.318676] random: cc1: uninitialized urandom read (8 bytes read)
[STDERR  ] 2017-09-06T08:44:19.089030795Z: [   95.615325] random: cc1: uninitialized urandom read (8 bytes read)
[STDERR  ] 2017-09-06T08:44:19.089036116Z: ðŸ‡© root-test
[STDERR  ] 2017-09-06T08:44:19.08904281Z: [  104.655596] random: cc1: uninitialized urandom read (8 bytes read)
[STDERR  ] 2017-09-06T08:44:19.089048269Z: [  203.271980] XFS (loop0): Mounting V4 Filesystem
[STDERR  ] 2017-09-06T08:44:19.089053791Z: [  203.319480] XFS (loop0): Ending clean mount
[STDERR  ] 2017-09-06T08:44:19.089059357Z: [  203.386686] XFS (loop0): Unmounting Filesystem
[STDERR  ] 2017-09-06T08:44:19.089067843Z: [  204.063953] XFS (loop0): Mounting V4 Filesystem
[STDERR  ] 2017-09-06T08:44:19.089073484Z: [  204.101232] XFS (loop0): Ending clean mount
[STDERR  ] 2017-09-06T08:44:19.089078985Z: [  204.136053] XFS (loop0): Unmounting Filesystem
[STDERR  ] 2017-09-06T08:44:19.089084363Z: ok  	github.com/containerd/containerd/fs	2.595s
[STDERR  ] 2017-09-06T08:44:19.089090011Z: ok  	github.com/containerd/containerd/metadata	5.044s
[STDERR  ] 2017-09-06T08:44:19.089095594Z: [  465.747183] XFS (loop2): Mounting V5 Filesystem
[STDERR  ] 2017-09-06T08:44:19.08910105Z: [  465.794358] XFS (loop2): Ending clean mount
[STDERR  ] 2017-09-06T08:44:19.089112555Z: [  465.842813] XFS (loop2): Unmounting Filesystem
[STDERR  ] 2017-09-06T08:44:19.089118875Z: ok  	github.com/containerd/containerd/mount/lookup_test	1.305s
[STDERR  ] 2017-09-06T08:44:19.089124419Z: [  513.160948] raid6: sse2x1   gen()   314 MB/s
[STDERR  ] 2017-09-06T08:44:19.089129747Z: [  513.330319] raid6: sse2x1   xor()   164 MB/s
[STDERR  ] 2017-09-06T08:44:19.089135093Z: [  513.500327] raid6: sse2x2   gen()   252 MB/s
[STDERR  ] 2017-09-06T08:44:19.089140356Z: [  513.670322] raid6: sse2x2   xor()   174 MB/s
[STDERR  ] 2017-09-06T08:44:19.089146483Z: [  513.840426] raid6: sse2x4   gen()   308 MB/s
[STDERR  ] 2017-09-06T08:44:19.089151858Z: [  514.010318] raid6: sse2x4   xor()   177 MB/s
[STDERR  ] 2017-09-06T08:44:19.089157344Z: [  514.010754] raid6: using algorithm sse2x1 gen() 314 MB/s
[STDERR  ] 2017-09-06T08:44:19.089164156Z: [  514.011148] raid6: .... xor() 164 MB/s, rmw enabled
[STDERR  ] 2017-09-06T08:44:19.089172561Z: [  514.011694] raid6: using intx1 recovery algorithm
[STDERR  ] 2017-09-06T08:44:19.089177977Z: [  514.037833] xor: measuring software checksum speed
[STDERR  ] 2017-09-06T08:44:19.089183327Z: [  514.130287]    prefetch64-sse:   644.800 MB/sec
[STDERR  ] 2017-09-06T08:44:19.089188622Z: [  514.230191]    generic_sse:   630.000 MB/sec
[STDERR  ] 2017-09-06T08:44:19.089194104Z: [  514.230637] xor: using function: prefetch64-sse (644.800 MB/sec)
[STDERR  ] 2017-09-06T08:44:19.089199417Z: [  514.415538] Btrfs loaded, crc32c=crc32c-generic
[STDERR  ] 2017-09-06T08:44:19.089204888Z: [  514.424785] BTRFS: device fsid f3d5dc0a-ff21-4dce-a447-79ed140addce devid 1 transid 5 /dev/loop2
[STDERR  ] 2017-09-06T08:44:19.08921045Z: [  514.462579] BTRFS info (device loop2): disk space caching is enabled
[STDERR  ] 2017-09-06T08:44:19.089216244Z: [  514.463214] BTRFS info (device loop2): has skinny extents
[STDERR  ] 2017-09-06T08:44:19.08922178Z: [  514.463657] BTRFS info (device loop2): flagging fs with big metadata feature
[STDERR  ] 2017-09-06T08:44:19.089227349Z: [  514.521310] BTRFS info (device loop2): creating UUID tree
[STDERR  ] 2017-09-06T08:44:19.08923434Z: [  516.433372] BTRFS: device fsid 71bd646a-69df-4e8e-9411-cda15c1d6e19 devid 1 transid 5 /dev/loop2
[STDERR  ] 2017-09-06T08:44:19.089240002Z: [  516.614173] BTRFS info (device loop2): disk space caching is enabled
[STDERR  ] 2017-09-06T08:44:19.089245591Z: [  516.614725] BTRFS info (device loop2): has skinny extents
[STDERR  ] 2017-09-06T08:44:19.089251286Z: [  516.615076] BTRFS info (device loop2): flagging fs with big metadata feature
[STDERR  ] 2017-09-06T08:44:19.089258144Z: [  516.651903] BTRFS info (device loop2): creating UUID tree
[STDERR  ] 2017-09-06T08:44:19.089263654Z: [  519.033662] BTRFS: device fsid 8d09fdc0-a7d9-43a6-bf3f-e79651b2e36c devid 1 transid 5 /dev/loop2
[STDERR  ] 2017-09-06T08:44:19.08926922Z: [  519.214540] BTRFS info (device loop2): disk space caching is enabled
[STDERR  ] 2017-09-06T08:44:19.089274624Z: [  519.215096] BTRFS info (device loop2): has skinny extents
[STDERR  ] 2017-09-06T08:44:19.089280174Z: [  519.215522] BTRFS info (device loop2): flagging fs with big metadata feature
[STDERR  ] 2017-09-06T08:44:19.089285498Z: [  519.253735] BTRFS info (device loop2): creating UUID tree
[STDERR  ] 2017-09-06T08:44:19.089291072Z: [  521.058194] BTRFS: device fsid 8ee7a169-72fe-42e8-832c-f93d57f788c3 devid 1 transid 5 /dev/loop2
[STDERR  ] 2017-09-06T08:44:19.08930371Z: [  521.244570] BTRFS info (device loop2): disk space caching is enabled
[STDERR  ] 2017-09-06T08:44:19.089309041Z: [  521.245168] BTRFS info (device loop2): has skinny extents
[STDERR  ] 2017-09-06T08:44:19.089315911Z: [  521.245528] BTRFS info (device loop2): flagging fs with big metadata feature
[STDERR  ] 2017-09-06T08:44:19.089321282Z: [  521.282499] BTRFS info (device loop2): creating UUID tree
[STDERR  ] 2017-09-06T08:44:19.089326724Z: [  523.459964] BTRFS: device fsid b7758d61-de14-42ab-8272-8b1d1702c00f devid 1 transid 5 /dev/loop2
[STDERR  ] 2017-09-06T08:44:19.089333664Z: [  523.654282] BTRFS info (device loop2): disk space caching is enabled
[STDERR  ] 2017-09-06T08:44:19.089339359Z: [  523.654627] BTRFS info (device loop2): has skinny extents
[STDERR  ] 2017-09-06T08:44:19.089344836Z: [  523.655134] BTRFS info (device loop2): flagging fs with big metadata feature
[STDERR  ] 2017-09-06T08:44:19.08935015Z: [  523.694281] BTRFS info (device loop2): creating UUID tree
[STDERR  ] 2017-09-06T08:44:19.08935561Z: [  530.303799] BTRFS: device fsid eb21f552-6698-4fe0-a586-fde779272b26 devid 1 transid 5 /dev/loop2
[STDERR  ] 2017-09-06T08:44:19.089361096Z: [  530.504158] BTRFS info (device loop2): disk space caching is enabled
[STDERR  ] 2017-09-06T08:44:19.089366404Z: [  530.504681] BTRFS info (device loop2): has skinny extents
[STDERR  ] 2017-09-06T08:44:19.089371969Z: [  530.505052] BTRFS info (device loop2): flagging fs with big metadata feature
[STDERR  ] 2017-09-06T08:44:19.089378167Z: [  530.541756] BTRFS info (device loop2): creating UUID tree
[STDERR  ] 2017-09-06T08:44:19.089386267Z: [  532.122215] BTRFS: device fsid 1656e0b7-9cb9-49eb-aa73-0112a1e1a184 devid 1 transid 5 /dev/loop2
[STDERR  ] 2017-09-06T08:44:19.08939185Z: [  532.314416] BTRFS info (device loop2): disk space caching is enabled
[STDERR  ] 2017-09-06T08:44:19.089397338Z: [  532.314935] BTRFS info (device loop2): has skinny extents
[STDERR  ] 2017-09-06T08:44:19.089403586Z: [  532.315302] BTRFS info (device loop2): flagging fs with big metadata feature
[STDERR  ] 2017-09-06T08:44:19.089408998Z: [  532.352974] BTRFS info (device loop2): creating UUID tree
[STDERR  ] 2017-09-06T08:44:19.089414351Z: [  534.495541] BTRFS: device fsid 62753129-baa3-4e4d-bd70-a8ac5210fe67 devid 1 transid 5 /dev/loop2
[STDERR  ] 2017-09-06T08:44:19.089419733Z: [  534.694540] BTRFS info (device loop2): disk space caching is enabled
[STDERR  ] 2017-09-06T08:44:19.089425005Z: [  534.695381] BTRFS info (device loop2): has skinny extents
[STDERR  ] 2017-09-06T08:44:19.089430382Z: [  534.695780] BTRFS info (device loop2): flagging fs with big metadata feature
[STDERR  ] 2017-09-06T08:44:19.089435683Z: [  534.734698] BTRFS info (device loop2): creating UUID tree
[STDERR  ] 2017-09-06T08:44:19.089441198Z: [  536.111497] BTRFS: device fsid 0feff275-611f-4012-93b1-def9b6e069bd devid 1 transid 5 /dev/loop2
[STDERR  ] 2017-09-06T08:44:19.089450087Z: [  536.355021] BTRFS info (device loop2): disk space caching is enabled
[STDERR  ] 2017-09-06T08:44:19.089455371Z: [  536.355611] BTRFS info (device loop2): has skinny extents
[STDERR  ] 2017-09-06T08:44:19.089460801Z: [  536.356027] BTRFS info (device loop2): flagging fs with big metadata feature
[STDERR  ] 2017-09-06T08:44:19.089466072Z: [  536.396760] BTRFS info (device loop2): creating UUID tree
[STDERR  ] 2017-09-06T08:44:19.089471923Z: [  537.811369] BTRFS: device fsid 81682e54-c608-416e-b50a-94cb5222cafc devid 1 transid 5 /dev/loop2
[STDERR  ] 2017-09-06T08:44:19.089478352Z: [  538.014407] BTRFS info (device loop2): disk space caching is enabled
[STDERR  ] 2017-09-06T08:44:19.089485205Z: [  538.014959] BTRFS info (device loop2): has skinny extents
[STDERR  ] 2017-09-06T08:44:19.08949109Z: [  538.015304] BTRFS info (device loop2): flagging fs with big metadata feature
[STDERR  ] 2017-09-06T08:44:19.089496734Z: [  538.053025] BTRFS info (device loop2): creating UUID tree
[STDERR  ] 2017-09-06T08:44:19.089502375Z: [  539.232106] BTRFS: device fsid 8ec8c2f7-ed90-4b01-b4a6-2863619722f5 devid 1 transid 5 /dev/loop2
[STDERR  ] 2017-09-06T08:44:19.089510904Z: [  539.434503] BTRFS info (device loop2): disk space caching is enabled
[STDERR  ] 2017-09-06T08:44:19.089516353Z: [  539.435004] BTRFS info (device loop2): has skinny extents
[STDERR  ] 2017-09-06T08:44:19.089524941Z: [  539.435346] BTRFS info (device loop2): flagging fs with big metadata feature
[STDERR  ] 2017-09-06T08:44:19.089530526Z: [  539.473967] BTRFS info (device loop2): creating UUID tree
[STDERR  ] 2017-09-06T08:44:19.089535988Z: [  540.602672] BTRFS: device fsid b884f6bb-1d00-489f-bc00-0889ee485db0 devid 1 transid 5 /dev/loop2
[STDERR  ] 2017-09-06T08:44:19.089546704Z: [  540.804622] BTRFS info (device loop2): disk space caching is enabled
[STDERR  ] 2017-09-06T08:44:19.089552229Z: [  540.805167] BTRFS info (device loop2): has skinny extents
[STDERR  ] 2017-09-06T08:44:19.089557662Z: [  540.805364] BTRFS info (device loop2): flagging fs with big metadata feature
[STDERR  ] 2017-09-06T08:44:19.089563144Z: [  540.843112] BTRFS info (device loop2): creating UUID tree
[STDERR  ] 2017-09-06T08:44:19.08956865Z: ok  	github.com/containerd/containerd/snapshot/btrfs	29.819s
[STDERR  ] 2017-09-06T08:44:19.089574326Z: ok  	github.com/containerd/containerd/snapshot/naive	4.591s
[STDERR  ] 2017-09-06T08:44:19.089582154Z: ok  	github.com/containerd/containerd/snapshot/overlay	5.278s
[STDERR  ] 2017-09-06T08:44:19.089591062Z: containerd test suite PASSED
[STDERR  ] 2017-09-06T08:44:19.089599289Z: [  640.127278] random: crng init done
[STDERR  ] 2017-09-06T08:44:19.089607651Z: [  640.138201] sd 0:0:0:0: [sda] Synchronizing SCSI cache
[STDERR  ] 2017-09-06T08:44:19.089619782Z: [  640.141071] sd 0:0:0:0: [sda] Stopping disk
[STDERR  ] 2017-09-06T08:44:19.089633946Z: [  640.145876] ACPI: Preparing to enter system sleep state S5
[STDERR  ] 2017-09-06T08:44:19.089642866Z: [  640.149144] reboot: Power down
[STDERR  ] 2017-09-06T08:44:19.090777018Z: + echo [    0.000000] Linux version 4.9.47-linuxkit (root@e1ede117fb1e) (gcc version 6.3.0 (Alpine 6.3.0) ) #1 SMP Mon Sep 4 16:11:11 UTC 2017
[STDERR  ] 2017-09-06T08:44:19.090821504Z: [    0.000000] Command line: console=ttyS0 page_poison=1
[STDERR  ] 2017-09-06T08:44:19.090832007Z: [    0.000000] x86/fpu: Legacy x87 FPU detected.
[STDERR  ] 2017-09-06T08:44:19.090838414Z: [    0.000000] x86/fpu: Using 'eager' FPU context switches.
[STDERR  ] 2017-09-06T08:44:19.090844632Z: [    0.000000] e820: BIOS-provided physical RAM map:
[STDERR  ] 2017-09-06T08:44:19.090850686Z: [    0.000000] BIOS-e820: [mem 0x0000000000000000-0x000000000009fbff] usable
[STDERR  ] 2017-09-06T08:44:19.090857289Z: [    0.000000] BIOS-e820: [mem 0x000000000009fc00-0x000000000009ffff] reserved
[STDERR  ] 2017-09-06T08:44:19.090866336Z: [    0.000000] BIOS-e820: [mem 0x00000000000f0000-0x00000000000fffff] reserved
[STDERR  ] 2017-09-06T08:44:19.090872629Z: [    0.000000] BIOS-e820: [mem 0x0000000000100000-0x000000007ffdefff] usable
[STDERR  ] 2017-09-06T08:44:19.090878556Z: [    0.000000] BIOS-e820: [mem 0x000000007ffdf000-0x000000007fffffff] reserved
[STDERR  ] 2017-09-06T08:44:19.09088432Z: [    0.000000] BIOS-e820: [mem 0x00000000b0000000-0x00000000bfffffff] reserved
[STDERR  ] 2017-09-06T08:44:19.090890507Z: [    0.000000] BIOS-e820: [mem 0x00000000fed1c000-0x00000000fed1ffff] reserved
[STDERR  ] 2017-09-06T08:44:19.090896156Z: [    0.000000] BIOS-e820: [mem 0x00000000fffc0000-0x00000000ffffffff] reserved
[STDERR  ] 2017-09-06T08:44:19.090901817Z: [    0.000000] NX (Execute Disable) protection: active
[STDERR  ] 2017-09-06T08:44:19.090907432Z: [    0.000000] SMBIOS 2.8 present.
[STDERR  ] 2017-09-06T08:44:19.090912889Z: [    0.000000] e820: last_pfn = 0x7ffdf max_arch_pfn = 0x400000000
[STDERR  ] 2017-09-06T08:44:19.090918596Z: [    0.000000] x86/PAT: Configuration [0-7]: WB  WC  UC- UC  WB  WC  UC- WT  
[STDERR  ] 2017-09-06T08:44:19.090927175Z: [    0.000000] found SMP MP-table at [mem 0x000f6aa0-0x000f6aaf] mapped at [ffff91c1800f6aa0]
[STDERR  ] 2017-09-06T08:44:19.090933153Z: [    0.000000] RAMDISK: [mem 0x74191000-0x7ffcffff]
[STDERR  ] 2017-09-06T08:44:19.090938978Z: [    0.000000] ACPI: Early table checksum verification disabled
[STDERR  ] 2017-09-06T08:44:19.090955272Z: [    0.000000] ACPI: RSDP 0x00000000000F68C0 000014 (v00 BOCHS )
[STDERR  ] 2017-09-06T08:44:19.090961829Z: [    0.000000] ACPI: RSDT 0x000000007FFE2404 000034 (v01 BOCHS  BXPCRSDT 00000001 BXPC 00000001)
[STDERR  ] 2017-09-06T08:44:19.090967426Z: [    0.000000] ACPI: FACP 0x000000007FFE22A4 000074 (v01 BOCHS  BXPCFACP 00000001 BXPC 00000001)
[STDERR  ] 2017-09-06T08:44:19.090973601Z: [    0.000000] ACPI: DSDT 0x000000007FFE0040 002264 (v01 BOCHS  BXPCDSDT 00000001 BXPC 00000001)
[STDERR  ] 2017-09-06T08:44:19.090979315Z: [    0.000000] ACPI: FACS 0x000000007FFE0000 000040
[STDERR  ] 2017-09-06T08:44:19.090985066Z: [    0.000000] ACPI: APIC 0x000000007FFE2318 000078 (v01 BOCHS  BXPCAPIC 00000001 BXPC 00000001)
[STDERR  ] 2017-09-06T08:44:19.090990622Z: [    0.000000] ACPI: HPET 0x000000007FFE2390 000038 (v01 BOCHS  BXPCHPET 00000001 BXPC 00000001)
[STDERR  ] 2017-09-06T08:44:19.090996315Z: [    0.000000] ACPI: MCFG 0x000000007FFE23C8 00003C (v01 BOCHS  BXPCMCFG 00000001 BXPC 00000001)
[STDERR  ] 2017-09-06T08:44:19.091002089Z: [    0.000000] Zone ranges:
[STDERR  ] 2017-09-06T08:44:19.091007546Z: [    0.000000]   DMA      [mem 0x0000000000001000-0x0000000000ffffff]
[STDERR  ] 2017-09-06T08:44:19.091019694Z: [    0.000000]   DMA32    [mem 0x0000000001000000-0x000000007ffdefff]
[STDERR  ] 2017-09-06T08:44:19.091025421Z: [    0.000000]   Normal   empty
[STDERR  ] 2017-09-06T08:44:19.091031463Z: [    0.000000] Movable zone start for each node
[STDERR  ] 2017-09-06T08:44:19.091037482Z: [    0.000000] Early memory node ranges
[STDERR  ] 2017-09-06T08:44:19.091047484Z: [    0.000000]   node   0: [mem 0x0000000000001000-0x000000000009efff]
[STDERR  ] 2017-09-06T08:44:19.091054783Z: [    0.000000]   node   0: [mem 0x0000000000100000-0x000000007ffdefff]
[STDERR  ] 2017-09-06T08:44:19.091060548Z: [    0.000000] Initmem setup node 0 [mem 0x0000000000001000-0x000000007ffdefff]
[STDERR  ] 2017-09-06T08:44:19.091066148Z: [    0.000000] ACPI: PM-Timer IO Port: 0x608
[STDERR  ] 2017-09-06T08:44:19.091078569Z: [    0.000000] ACPI: LAPIC_NMI (acpi_id[0xff] dfl dfl lint[0x1])
[STDERR  ] 2017-09-06T08:44:19.091089949Z: [    0.000000] IOAPIC[0]: apic_id 0, version 32, address 0xfec00000, GSI 0-23
[STDERR  ] 2017-09-06T08:44:19.091095596Z: [    0.000000] ACPI: INT_SRC_OVR (bus 0 bus_irq 0 global_irq 2 dfl dfl)
[STDERR  ] 2017-09-06T08:44:19.091102629Z: [    0.000000] ACPI: INT_SRC_OVR (bus 0 bus_irq 5 global_irq 5 high level)
[STDERR  ] 2017-09-06T08:44:19.091108458Z: [    0.000000] ACPI: INT_SRC_OVR (bus 0 bus_irq 9 global_irq 9 high level)
[STDERR  ] 2017-09-06T08:44:19.091114043Z: [    0.000000] ACPI: INT_SRC_OVR (bus 0 bus_irq 10 global_irq 10 high level)
[STDERR  ] 2017-09-06T08:44:19.09111975Z: [    0.000000] ACPI: INT_SRC_OVR (bus 0 bus_irq 11 global_irq 11 high level)
[STDERR  ] 2017-09-06T08:44:19.091125358Z: [    0.000000] Using ACPI (MADT) for SMP configuration information
[STDERR  ] 2017-09-06T08:44:19.091130865Z: [    0.000000] ACPI: HPET id: 0x8086a201 base: 0xfed00000
[STDERR  ] 2017-09-06T08:44:19.091136831Z: [    0.000000] smpboot: Allowing 1 CPUs, 0 hotplug CPUs
[STDERR  ] 2017-09-06T08:44:19.091142301Z: [    0.000000] e820: [mem 0xc0000000-0xfed1bfff] available for PCI devices
[STDERR  ] 2017-09-06T08:44:19.091154226Z: [    0.000000] Booting paravirtualized kernel on bare hardware
[STDERR  ] 2017-09-06T08:44:19.091162808Z: [    0.000000] clocksource: refined-jiffies: mask: 0xffffffff max_cycles: 0xffffffff, max_idle_ns: 19112604462750000 ns
[STDERR  ] 2017-09-06T08:44:19.091169552Z: [    0.000000] setup_percpu: NR_CPUS:128 nr_cpumask_bits:128 nr_cpu_ids:1 nr_node_ids:1
[STDERR  ] 2017-09-06T08:44:19.091175263Z: [    0.000000] percpu: Embedded 35 pages/cpu @ffff91c1f3e00000 s105240 r8192 d29928 u2097152
[STDERR  ] 2017-09-06T08:44:19.091180639Z: [    0.000000] Built 1 zonelists in Zone order, mobility grouping on.  Total pages: 515944
[STDERR  ] 2017-09-06T08:44:19.091186211Z: [    0.000000] Kernel command line: console=ttyS0 page_poison=1
[STDERR  ] 2017-09-06T08:44:19.09119804Z: [    0.000000] PID hash table entries: 4096 (order: 3, 32768 bytes)
[STDERR  ] 2017-09-06T08:44:19.09120384Z: [    0.000000] Dentry cache hash table entries: 262144 (order: 9, 2097152 bytes)
[STDERR  ] 2017-09-06T08:44:19.09120973Z: [    0.000000] Inode-cache hash table entries: 131072 (order: 8, 1048576 bytes)
[STDERR  ] 2017-09-06T08:44:19.091218102Z: [    0.000000] Memory: 1850016K/2096628K available (8032K kernel code, 1366K rwdata, 2696K rodata, 1380K init, 568K bss, 246612K reserved, 0K cma-reserved)
[STDERR  ] 2017-09-06T08:44:19.091229048Z: [    0.000000] Hierarchical RCU implementation.
[STDERR  ] 2017-09-06T08:44:19.091234768Z: [    0.000000] 	Build-time adjustment of leaf fanout to 64.
[STDERR  ] 2017-09-06T08:44:19.091240842Z: [    0.000000] 	RCU restricting CPUs from NR_CPUS=128 to nr_cpu_ids=1.
[STDERR  ] 2017-09-06T08:44:19.091246812Z: [    0.000000] RCU: Adjusting geometry for rcu_fanout_leaf=64, nr_cpu_ids=1
[STDERR  ] 2017-09-06T08:44:19.091252581Z: [    0.000000] NR_IRQS:8448 nr_irqs:256 16
[STDERR  ] 2017-09-06T08:44:19.09125804Z: [    0.000000] Console: colour VGA+ 80x25
[STDERR  ] 2017-09-06T08:44:19.09126375Z: [    0.000000] console [ttyS0] enabled
[STDERR  ] 2017-09-06T08:44:19.091269385Z: [    0.000000] allocated 4194304 bytes of page_ext
[STDERR  ] 2017-09-06T08:44:19.091274897Z: [    0.000000] clocksource: hpet: mask: 0xffffffff max_cycles: 0xffffffff, max_idle_ns: 19112604467 ns
[STDERR  ] 2017-09-06T08:44:19.091281108Z: [    0.000000] tsc: Fast TSC calibration using PIT
[STDERR  ] 2017-09-06T08:44:19.091290635Z: [    0.000000] tsc: Detected 2599.882 MHz processor
[STDERR  ] 2017-09-06T08:44:19.091296076Z: [    0.032058] Calibrating delay loop (skipped), value calculated using timer frequency.. 5199.76 BogoMIPS (lpj=25998820)
[STDERR  ] 2017-09-06T08:44:19.09130185Z: [    0.033355] pid_max: default: 32768 minimum: 301
[STDERR  ] 2017-09-06T08:44:19.091307573Z: [    0.034508] ACPI: Core revision 20160831
[STDERR  ] 2017-09-06T08:44:19.091313103Z: [    0.079388] ACPI: 1 ACPI AML tables successfully acquired and loaded
[STDERR  ] 2017-09-06T08:44:19.091318671Z: [    0.084126] Security Framework initialized
[STDERR  ] 2017-09-06T08:44:19.091325794Z: [    0.084685] Yama: becoming mindful.
[STDERR  ] 2017-09-06T08:44:19.091331262Z: [    0.086972] Mount-cache hash table entries: 4096 (order: 3, 32768 bytes)
[STDERR  ] 2017-09-06T08:44:19.091336734Z: [    0.087470] Mountpoint-cache hash table entries: 4096 (order: 3, 32768 bytes)
[STDERR  ] 2017-09-06T08:44:19.091342124Z: [    0.108685] Last level iTLB entries: 4KB 0, 2MB 0, 4MB 0
[STDERR  ] 2017-09-06T08:44:19.091347824Z: [    0.109255] Last level dTLB entries: 4KB 0, 2MB 0, 4MB 0, 1GB 0
[STDERR  ] 2017-09-06T08:44:19.091353407Z: [    0.402989] Freeing SMP alternatives memory: 20K
[STDERR  ] 2017-09-06T08:44:19.091358695Z: [    0.414139] ftrace: allocating 35509 entries in 139 pages
[STDERR  ] 2017-09-06T08:44:19.091364421Z: [    0.581033] smpboot: Max logical packages: 1
[STDERR  ] 2017-09-06T08:44:19.091369816Z: [    0.588057] ..TIMER: vector=0x30 apic1=0 pin1=2 apic2=-1 pin2=-1
[STDERR  ] 2017-09-06T08:44:19.091375234Z: [    0.690000] smpboot: CPU0: AMD QEMU Virtual CPU version 2.5+ (family: 0x6, model: 0x6, stepping: 0x3)
[STDERR  ] 2017-09-06T08:44:19.091380775Z: [    0.690000] Performance Events: PMU not available due to virtualization, using software events only.
[STDERR  ] 2017-09-06T08:44:19.091386569Z: [    0.699588] NMI watchdog: disabled (cpu0): hardware events not enabled
[STDERR  ] 2017-09-06T08:44:19.091392793Z: [    0.700148] NMI watchdog: Shutting down hard lockup detector on all cpus
[STDERR  ] 2017-09-06T08:44:19.091399138Z: [    0.703969] x86: Booted up 1 node, 1 CPUs
[STDERR  ] 2017-09-06T08:44:19.091404494Z: [    0.704390] smpboot: Total of 1 processors activated (5199.76 BogoMIPS)
[STDERR  ] 2017-09-06T08:44:19.091409766Z: [    0.721545] devtmpfs: initialized
[STDERR  ] 2017-09-06T08:44:19.091415184Z: [    0.727885] x86/mm: Memory block size: 128MB
[STDERR  ] 2017-09-06T08:44:19.091424202Z: [    0.797972] clocksource: jiffies: mask: 0xffffffff max_cycles: 0xffffffff, max_idle_ns: 19112604462750000 ns
[STDERR  ] 2017-09-06T08:44:19.091429902Z: [    0.799047] futex hash table entries: 256 (order: 2, 16384 bytes)
[STDERR  ] 2017-09-06T08:44:19.091435252Z: [    0.808262] NET: Registered protocol family 16
[STDERR  ] 2017-09-06T08:44:19.091440637Z: [    0.818113] cpuidle: using governor ladder
[STDERR  ] 2017-09-06T08:44:19.091447444Z: [    0.818628] cpuidle: using governor menu
[STDERR  ] 2017-09-06T08:44:19.09145292Z: [    0.820180] ACPI: bus type PCI registered
[STDERR  ] 2017-09-06T08:44:19.091458233Z: [    0.823086] PCI: MMCONFIG for domain 0000 [bus 00-ff] at [mem 0xb0000000-0xbfffffff] (base 0xb0000000)
[STDERR  ] 2017-09-06T08:44:19.091464107Z: [    0.823933] PCI: MMCONFIG at [mem 0xb0000000-0xbfffffff] reserved in E820
[STDERR  ] 2017-09-06T08:44:19.091475227Z: [    0.825372] PCI: Using configuration type 1 for base access
[STDERR  ] 2017-09-06T08:44:19.091480646Z: [    0.880740] HugeTLB registered 2 MB page size, pre-allocated 0 pages
[STDERR  ] 2017-09-06T08:44:19.091485951Z: [    0.894915] ACPI: Added _OSI(Module Device)
[STDERR  ] 2017-09-06T08:44:19.09150052Z: [    0.895272] ACPI: Added _OSI(Processor Device)
[STDERR  ] 2017-09-06T08:44:19.091505983Z: [    0.895554] ACPI: Added _OSI(3.0 _SCP Extensions)
[STDERR  ] 2017-09-06T08:44:19.091511427Z: [    0.895815] ACPI: Added _OSI(Processor Aggregator Device)
[STDERR  ] 2017-09-06T08:44:19.09151683Z: [    0.969108] ACPI: Interpreter enabled
[STDERR  ] 2017-09-06T08:44:19.091522433Z: [    0.970826] ACPI: (supports S0 S5)
[STDERR  ] 2017-09-06T08:44:19.091531466Z: [    0.971180] ACPI: Using IOAPIC for interrupt routing
[STDERR  ] 2017-09-06T08:44:19.091537152Z: [    0.973695] PCI: Using host bridge windows from ACPI; if necessary, use "pci=nocrs" and report a bug
[STDERR  ] 2017-09-06T08:44:19.091542557Z: [    1.035974] ACPI: PCI Root Bridge [PCI0] (domain 0000 [bus 00-ff])
[STDERR  ] 2017-09-06T08:44:19.091548Z: [    1.037121] acpi PNP0A08:00: _OSC: OS supports [ExtendedConfig ASPM ClockPM Segments MSI]
[STDERR  ] 2017-09-06T08:44:19.091553644Z: [    1.043701] acpi PNP0A08:00: _OSC: OS now controls [PCIeHotplug PME PCIeCapability]
[STDERR  ] 2017-09-06T08:44:19.091559058Z: [    1.047614] PCI host bridge to bus 0000:00
[STDERR  ] 2017-09-06T08:44:19.091564471Z: [    1.048127] pci_bus 0000:00: root bus resource [io  0x0000-0x0cf7 window]
[STDERR  ] 2017-09-06T08:44:19.091572004Z: [    1.048596] pci_bus 0000:00: root bus resource [io  0x0d00-0xffff window]
[STDERR  ] 2017-09-06T08:44:19.091577694Z: [    1.048934] pci_bus 0000:00: root bus resource [mem 0x000a0000-0x000bffff window]
[STDERR  ] 2017-09-06T08:44:19.091585022Z: [    1.049397] pci_bus 0000:00: root bus resource [mem 0xc0000000-0xfebfffff window]
[STDERR  ] 2017-09-06T08:44:19.091590507Z: [    1.050212] pci_bus 0000:00: root bus resource [bus 00-ff]
[STDERR  ] 2017-09-06T08:44:19.091595895Z: [    1.191687] pci 0000:00:1f.0: quirk: [io  0x0600-0x067f] claimed by ICH6 ACPI/GPIO/TCO
[STDERR  ] 2017-09-06T08:44:19.091601325Z: [    1.268846] ACPI: PCI Interrupt Link [LNKA] (IRQs 5 *10 11)
[STDERR  ] 2017-09-06T08:44:19.09161112Z: [    1.271103] ACPI: PCI Interrupt Link [LNKB] (IRQs 5 *10 11)
[STDERR  ] 2017-09-06T08:44:19.091616693Z: [    1.273288] ACPI: PCI Interrupt Link [LNKC] (IRQs 5 10 *11)
[STDERR  ] 2017-09-06T08:44:19.091622155Z: [    1.275092] ACPI: PCI Interrupt Link [LNKD] (IRQs 5 10 *11)
[STDERR  ] 2017-09-06T08:44:19.091627578Z: [    1.276876] ACPI: PCI Interrupt Link [LNKE] (IRQs 5 *10 11)
[STDERR  ] 2017-09-06T08:44:19.091633001Z: [    1.280383] ACPI: PCI Interrupt Link [LNKF] (IRQs 5 *10 11)
[STDERR  ] 2017-09-06T08:44:19.091638671Z: [    1.282123] ACPI: PCI Interrupt Link [LNKG] (IRQs 5 10 *11)
[STDERR  ] 2017-09-06T08:44:19.091644181Z: [    1.283899] ACPI: PCI Interrupt Link [LNKH] (IRQs 5 10 *11)
[STDERR  ] 2017-09-06T08:44:19.091653474Z: [    1.284813] ACPI: PCI Interrupt Link [GSIA] (IRQs *16)
[STDERR  ] 2017-09-06T08:44:19.091658915Z: [    1.285514] ACPI: PCI Interrupt Link [GSIB] (IRQs *17)
[STDERR  ] 2017-09-06T08:44:19.091668659Z: [    1.286186] ACPI: PCI Interrupt Link [GSIC] (IRQs *18)
[STDERR  ] 2017-09-06T08:44:19.091674589Z: [    1.286844] ACPI: PCI Interrupt Link [GSID] (IRQs *19)
[STDERR  ] 2017-09-06T08:44:19.091680092Z: [    1.287485] ACPI: PCI Interrupt Link [GSIE] (IRQs *20)
[STDERR  ] 2017-09-06T08:44:19.091685477Z: [    1.288176] ACPI: PCI Interrupt Link [GSIF] (IRQs *21)
[STDERR  ] 2017-09-06T08:44:19.091690869Z: [    1.288831] ACPI: PCI Interrupt Link [GSIG] (IRQs *22)
[STDERR  ] 2017-09-06T08:44:19.091696254Z: [    1.289557] ACPI: PCI Interrupt Link [GSIH] (IRQs *23)
[STDERR  ] 2017-09-06T08:44:19.091707344Z: [    1.293465] ACPI: Enabled 2 GPEs in block 00 to 3F
[STDERR  ] 2017-09-06T08:44:19.091712814Z: [    1.299608] SCSI subsystem initialized
[STDERR  ] 2017-09-06T08:44:19.09171822Z: [    1.301665] ACPI: bus type USB registered
[STDERR  ] 2017-09-06T08:44:19.09172411Z: [    1.302911] usbcore: registered new interface driver usbfs
[STDERR  ] 2017-09-06T08:44:19.0917297Z: [    1.303867] usbcore: registered new interface driver hub
[STDERR  ] 2017-09-06T08:44:19.091744057Z: [    1.304730] usbcore: registered new device driver usb
[STDERR  ] 2017-09-06T08:44:19.091749541Z: [    1.305884] pps_core: LinuxPPS API ver. 1 registered
[STDERR  ] 2017-09-06T08:44:19.091754921Z: [    1.306244] pps_core: Software ver. 5.3.6 - Copyright 2005-2007 Rodolfo Giometti <giometti@linux.it>
[STDERR  ] 2017-09-06T08:44:19.0917612Z: [    1.306998] PTP clock support registered
[STDERR  ] 2017-09-06T08:44:19.091767045Z: [    1.308172] wmi: Mapper loaded
[STDERR  ] 2017-09-06T08:44:19.091776357Z: [    1.309372] PCI: Using ACPI for IRQ routing
[STDERR  ] 2017-09-06T08:44:19.091781919Z: [    1.328257] NetLabel: Initializing
[STDERR  ] 2017-09-06T08:44:19.091787142Z: [    1.328568] NetLabel:  domain hash size = 128
[STDERR  ] 2017-09-06T08:44:19.09179268Z: [    1.328943] NetLabel:  protocols = UNLABELED CIPSOv4
[STDERR  ] 2017-09-06T08:44:19.091798456Z: [    1.331710] NetLabel:  unlabeled traffic allowed by default
[STDERR  ] 2017-09-06T08:44:19.091808842Z: [    1.332981] HPET: 3 timers in total, 0 timers will be used for per-cpu timer
[STDERR  ] 2017-09-06T08:44:19.091814438Z: [    1.333777] hpet0: at MMIO 0xfed00000, IRQs 2, 8, 0
[STDERR  ] 2017-09-06T08:44:19.09181992Z: [    1.334267] hpet0: 3 comparators, 64-bit 100.000000 MHz counter
[STDERR  ] 2017-09-06T08:44:19.09182551Z: [    1.341655] clocksource: Switched to clocksource hpet
[STDERR  ] 2017-09-06T08:44:19.091830981Z: [    1.583271] VFS: Disk quotas dquot_6.6.0
[STDERR  ] 2017-09-06T08:44:19.091836472Z: [    1.584033] VFS: Dquot-cache hash table entries: 512 (order 0, 4096 bytes)
[STDERR  ] 2017-09-06T08:44:19.091843446Z: [    1.587609] FS-Cache: Loaded
[STDERR  ] 2017-09-06T08:44:19.091848943Z: [    1.593403] CacheFiles: Loaded
[STDERR  ] 2017-09-06T08:44:19.09185612Z: [    1.595188] pnp: PnP ACPI init
[STDERR  ] 2017-09-06T08:44:19.091861898Z: [    1.606607] pnp: PnP ACPI: found 5 devices
[STDERR  ] 2017-09-06T08:44:19.091870528Z: [    1.653642] clocksource: acpi_pm: mask: 0xffffff max_cycles: 0xffffff, max_idle_ns: 2085701024 ns
[STDERR  ] 2017-09-06T08:44:19.091880685Z: [    1.657483] NET: Registered protocol family 2
[STDERR  ] 2017-09-06T08:44:19.091886115Z: [    1.666346] TCP established hash table entries: 16384 (order: 5, 131072 bytes)
[STDERR  ] 2017-09-06T08:44:19.091891824Z: [    1.667377] TCP bind hash table entries: 16384 (order: 6, 262144 bytes)
[STDERR  ] 2017-09-06T08:44:19.091897332Z: [    1.668730] TCP: Hash tables configured (established 16384 bind 16384)
[STDERR  ] 2017-09-06T08:44:19.09190389Z: [    1.670571] UDP hash table entries: 1024 (order: 3, 32768 bytes)
[STDERR  ] 2017-09-06T08:44:19.091909373Z: [    1.671246] UDP-Lite hash table entries: 1024 (order: 3, 32768 bytes)
[STDERR  ] 2017-09-06T08:44:19.091915131Z: [    1.673720] NET: Registered protocol family 1
[STDERR  ] 2017-09-06T08:44:19.091920744Z: [    1.674811] pci 0000:00:01.0: Video device with shadowed ROM at [mem 0x000c0000-0x000dffff]
[STDERR  ] 2017-09-06T08:44:19.0919327Z: [    1.683815] Unpacking initramfs...
[STDERR  ] 2017-09-06T08:44:19.091938418Z: [   23.736474] Freeing initrd memory: 194812K
[STDERR  ] 2017-09-06T08:44:19.091944007Z: [   23.759680] PCLMULQDQ-NI instructions are not detected.
[STDERR  ] 2017-09-06T08:44:19.091949766Z: [   23.761926] AVX or AES-NI instructions are not detected.
[STDERR  ] 2017-09-06T08:44:19.091955225Z: [   23.762420] CPU feature 'AVX registers' is not supported.
[STDERR  ] 2017-09-06T08:44:19.091960629Z: [   23.762810] CPU feature 'AVX registers' is not supported.
[STDERR  ] 2017-09-06T08:44:19.091966017Z: [   23.763199] CPU feature 'AVX registers' is not supported.
[STDERR  ] 2017-09-06T08:44:19.091971602Z: [   23.763553] CPU feature 'AVX registers' is not supported.
[STDERR  ] 2017-09-06T08:44:19.091976942Z: [   23.763964] AVX2 or AES-NI instructions are not detected.
[STDERR  ] 2017-09-06T08:44:19.091982619Z: [   23.764331] AVX2 instructions are not detected.
[STDERR  ] 2017-09-06T08:44:19.091988005Z: [   23.769762] audit: initializing netlink subsys (disabled)
[STDERR  ] 2017-09-06T08:44:19.091994889Z: [   23.772558] audit: type=2000 audit(1504686840.770:1): initialized
[STDERR  ] 2017-09-06T08:44:19.092000463Z: [   23.779576] workingset: timestamp_bits=46 max_order=19 bucket_order=0
[STDERR  ] 2017-09-06T08:44:19.092006026Z: [   23.789510] FS-Cache: Netfs 'cifs' registered for caching
[STDERR  ] 2017-09-06T08:44:19.092015968Z: [   23.791129] fuse init (API version 7.26)
[STDERR  ] 2017-09-06T08:44:19.092021865Z: [   23.793268] SGI XFS with ACLs, security attributes, no debug enabled
[STDERR  ] 2017-09-06T08:44:19.092030618Z: [   23.797038] 9p: Installing v9fs 9p2000 file system support
[STDERR  ] 2017-09-06T08:44:19.092040415Z: [   23.797508] FS-Cache: Netfs '9p' registered for caching
[STDERR  ] 2017-09-06T08:44:19.0920459Z: [   23.826542] NET: Registered protocol family 38
[STDERR  ] 2017-09-06T08:44:19.092051395Z: [   23.827190] Key type asymmetric registered
[STDERR  ] 2017-09-06T08:44:19.092061245Z: [   23.827554] Asymmetric key parser 'x509' registered
[STDERR  ] 2017-09-06T08:44:19.092066588Z: [   23.828491] Block layer SCSI generic (bsg) driver version 0.4 loaded (major 251)
[STDERR  ] 2017-09-06T08:44:19.09207203Z: [   23.830475] io scheduler noop registered
[STDERR  ] 2017-09-06T08:44:19.092077457Z: [   23.830824] io scheduler deadline registered (default)
[STDERR  ] 2017-09-06T08:44:19.092082892Z: [   23.832341] io scheduler cfq registered
[STDERR  ] 2017-09-06T08:44:19.092088311Z: [   23.835009] pci_hotplug: PCI Hot Plug PCI Core version: 0.5
[STDERR  ] 2017-09-06T08:44:19.092093836Z: [   23.835575] pciehp: PCI Express Hot Plug Controller Driver version: 0.4
[STDERR  ] 2017-09-06T08:44:19.092099836Z: [   23.836519] shpchp: Standard Hot Plug PCI Controller Driver version: 0.4
[STDERR  ] 2017-09-06T08:44:19.092106196Z: [   23.837366] hv_vmbus: registering driver hyperv_fb
[STDERR  ] 2017-09-06T08:44:19.092111472Z: [   23.842124] input: Power Button as /devices/LNXSYSTM:00/LNXPWRBN:00/input/input0
[STDERR  ] 2017-09-06T08:44:19.092116926Z: [   23.843331] ACPI: Power Button [PWRF]
[STDERR  ] 2017-09-06T08:44:19.092122505Z: [   23.848111] GHES: HEST is not enabled!
[STDERR  ] 2017-09-06T08:44:19.092127995Z: [   23.861080] ACPI: PCI Interrupt Link [GSIG] enabled at IRQ 22
[STDERR  ] 2017-09-06T08:44:19.092138378Z: [   23.874420] ACPI: PCI Interrupt Link [GSIH] enabled at IRQ 23
[STDERR  ] 2017-09-06T08:44:19.092143972Z: [   23.880023] xenfs: not registering filesystem on non-xen platform
[STDERR  ] 2017-09-06T08:44:19.092149559Z: [   23.882722] Serial: 8250/16550 driver, 4 ports, IRQ sharing disabled
[STDERR  ] 2017-09-06T08:44:19.092156654Z: [   23.907281] 00:04: ttyS0 at I/O 0x3f8 (irq = 4, base_baud = 115200) is a 16550A
[STDERR  ] 2017-09-06T08:44:19.092162221Z: [   23.919268] Non-volatile memory driver v1.3
[STDERR  ] 2017-09-06T08:44:19.092167684Z: [   23.927119] Hangcheck: starting hangcheck timer 0.9.1 (tick is 180 seconds, margin is 60 seconds).
[STDERR  ] 2017-09-06T08:44:19.092173704Z: [   23.965971] loop: module loaded
[STDERR  ] 2017-09-06T08:44:19.092182844Z: [   23.981026] nbd: registered device at major 43
[STDERR  ] 2017-09-06T08:44:19.092188166Z: [   24.025272] lpc_ich 0000:00:1f.0: I/O space for GPIO uninitialized
[STDERR  ] 2017-09-06T08:44:19.0921936Z: [   24.027447] VMware PVSCSI driver - version 1.0.7.0-k
[STDERR  ] 2017-09-06T08:44:19.092199341Z: [   24.028318] hv_vmbus: registering driver hv_storvsc
[STDERR  ] 2017-09-06T08:44:19.092204723Z: [   24.039006] ACPI: PCI Interrupt Link [GSIA] enabled at IRQ 16
[STDERR  ] 2017-09-06T08:44:19.092210253Z: [   24.045954] ahci 0000:00:1f.2: AHCI 0001.0000 32 slots 6 ports 1.5 Gbps 0x3f impl SATA mode
[STDERR  ] 2017-09-06T08:44:19.09221732Z: [   24.046664] ahci 0000:00:1f.2: flags: 64bit ncq only 
[STDERR  ] 2017-09-06T08:44:19.09222285Z: [   24.066819] scsi host0: ahci
[STDERR  ] 2017-09-06T08:44:19.092230106Z: [   24.072232] scsi host1: ahci
[STDERR  ] 2017-09-06T08:44:19.092235815Z: [   24.074670] scsi host2: ahci
[STDERR  ] 2017-09-06T08:44:19.092241238Z: [   24.077000] scsi host3: ahci
[STDERR  ] 2017-09-06T08:44:19.092246601Z: [   24.079338] scsi host4: ahci
[STDERR  ] 2017-09-06T08:44:19.092252069Z: [   24.081815] scsi host5: ahci
[STDERR  ] 2017-09-06T08:44:19.092257407Z: [   24.083745] ata1: SATA max UDMA/133 abar m4096@0xfebd2000 port 0xfebd2100 irq 24
[STDERR  ] 2017-09-06T08:44:19.092262894Z: [   24.084318] ata2: SATA max UDMA/133 abar m4096@0xfebd2000 port 0xfebd2180 irq 24
[STDERR  ] 2017-09-06T08:44:19.092268231Z: [   24.084765] ata3: SATA max UDMA/133 abar m4096@0xfebd2000 port 0xfebd2200 irq 24
[STDERR  ] 2017-09-06T08:44:19.092276818Z: [   24.085204] ata4: SATA max UDMA/133 abar m4096@0xfebd2000 port 0xfebd2280 irq 24
[STDERR  ] 2017-09-06T08:44:19.092282309Z: [   24.085693] ata5: SATA max UDMA/133 abar m4096@0xfebd2000 port 0xfebd2300 irq 24
[STDERR  ] 2017-09-06T08:44:19.092288605Z: [   24.086147] ata6: SATA max UDMA/133 abar m4096@0xfebd2000 port 0xfebd2380 irq 24
[STDERR  ] 2017-09-06T08:44:19.092294161Z: [   24.099335] tun: Universal TUN/TAP device driver, 1.6
[STDERR  ] 2017-09-06T08:44:19.092299709Z: [   24.099747] tun: (C) 1999-2004 Max Krasnyansky <maxk@qualcomm.com>
[STDERR  ] 2017-09-06T08:44:19.092305055Z: [   24.110824] VMware vmxnet3 virtual NIC driver - version 1.4.a.0-k-NAPI
[STDERR  ] 2017-09-06T08:44:19.092310412Z: [   24.111856] hv_vmbus: registering driver hv_netvsc
[STDERR  ] 2017-09-06T08:44:19.092315968Z: [   24.112177] Fusion MPT base driver 3.04.20
[STDERR  ] 2017-09-06T08:44:19.092325233Z: [   24.112419] Copyright (c) 1999-2008 LSI Corporation
[STDERR  ] 2017-09-06T08:44:19.092330586Z: [   24.113016] Fusion MPT SPI Host driver 3.04.20
[STDERR  ] 2017-09-06T08:44:19.092335889Z: [   24.115089] i8042: PNP: PS/2 Controller [PNP0303:KBD,PNP0f13:MOU] at 0x60,0x64 irq 1,12
[STDERR  ] 2017-09-06T08:44:19.09234151Z: [   24.119507] serio: i8042 KBD port at 0x60,0x64 irq 1
[STDERR  ] 2017-09-06T08:44:19.09234689Z: [   24.120429] serio: i8042 AUX port at 0x60,0x64 irq 12
[STDERR  ] 2017-09-06T08:44:19.09235804Z: [   24.123651] hv_vmbus: registering driver hyperv_keyboard
[STDERR  ] 2017-09-06T08:44:19.092363535Z: [   24.125807] mousedev: PS/2 mouse device common for all mice
[STDERR  ] 2017-09-06T08:44:19.092369035Z: [   24.130930] input: AT Translated Set 2 keyboard as /devices/platform/i8042/serio0/input/input1
[STDERR  ] 2017-09-06T08:44:19.092374761Z: [   24.133932] input: PC Speaker as /devices/platform/pcspkr/input/input2
[STDERR  ] 2017-09-06T08:44:19.092380551Z: [   24.137557] rtc_cmos 00:00: RTC can wake from S4
[STDERR  ] 2017-09-06T08:44:19.092385955Z: [   24.141327] rtc_cmos 00:00: rtc core: registered rtc_cmos as rtc0
[STDERR  ] 2017-09-06T08:44:19.092392981Z: [   24.142667] rtc_cmos 00:00: alarms up to one day, y3k, 114 bytes nvram, hpet irqs
[STDERR  ] 2017-09-06T08:44:19.092398559Z: [   24.143421] i2c /dev entries driver
[STDERR  ] 2017-09-06T08:44:19.092408669Z: [   24.145321] device-mapper: ioctl: 4.35.0-ioctl (2016-06-23) initialised: dm-devel@redhat.com
[STDERR  ] 2017-09-06T08:44:19.092414499Z: [   24.150101] usbcore: registered new interface driver usbhid
[STDERR  ] 2017-09-06T08:44:19.092423634Z: [   24.150739] usbhid: USB HID core driver
[STDERR  ] 2017-09-06T08:44:19.092429073Z: [   24.151572] hv_utils: Registering HyperV Utility Driver
[STDERR  ] 2017-09-06T08:44:19.09243493Z: [   24.151905] hv_vmbus: registering driver hv_util
[STDERR  ] 2017-09-06T08:44:19.09244038Z: [   24.152214] hv_vmbus: registering driver hv_balloon
[STDERR  ] 2017-09-06T08:44:19.092445872Z: [   24.152746] oprofile: using NMI interrupt.
[STDERR  ] 2017-09-06T08:44:19.092455336Z: [   24.153844] GACT probability on
[STDERR  ] 2017-09-06T08:44:19.092462472Z: [   24.154314] Mirror/redirect action on
[STDERR  ] 2017-09-06T08:44:19.092467948Z: [   24.155135] Simple TC action Loaded
[STDERR  ] 2017-09-06T08:44:19.092473395Z: [   24.155720] u32 classifier
[STDERR  ] 2017-09-06T08:44:19.092479637Z: [   24.155921]     Performance counters on
[STDERR  ] 2017-09-06T08:44:19.092485088Z: [   24.156189]     input device check on
[STDERR  ] 2017-09-06T08:44:19.092493727Z: [   24.156435]     Actions configured
[STDERR  ] 2017-09-06T08:44:19.092503989Z: [   24.157049] Netfilter messages via NETLINK v0.30.
[STDERR  ] 2017-09-06T08:44:19.092509449Z: [   24.157651] nfnl_acct: registering with nfnetlink.
[STDERR  ] 2017-09-06T08:44:19.092514755Z: [   24.159287] nf_conntrack version 0.5.0 (16384 buckets, 65536 max)
[STDERR  ] 2017-09-06T08:44:19.092520258Z: [   24.162673] ctnetlink v0.93: registering with nfnetlink.
[STDERR  ] 2017-09-06T08:44:19.09252562Z: [   24.165891] nf_tables: (c) 2007-2009 Patrick McHardy <kaber@trash.net>
[STDERR  ] 2017-09-06T08:44:19.092533766Z: [   24.166776] nf_tables_compat: (c) 2012 Pablo Neira Ayuso <pablo@netfilter.org>
[STDERR  ] 2017-09-06T08:44:19.092541042Z: [   24.169173] xt_time: kernel timezone is -0000
[STDERR  ] 2017-09-06T08:44:19.092546784Z: [   24.169766] ip_set: protocol 6
[STDERR  ] 2017-09-06T08:44:19.092552122Z: [   24.170745] IPVS: Registered protocols (TCP, UDP, SCTP, AH, ESP)
[STDERR  ] 2017-09-06T08:44:19.092557753Z: [   24.171378] IPVS: Connection hash table configured (size=4096, memory=64Kbytes)
[STDERR  ] 2017-09-06T08:44:19.092567923Z: [   24.173204] IPVS: Creating netns size=2104 id=0
[STDERR  ] 2017-09-06T08:44:19.092573779Z: [   24.175833] IPVS: ipvs loaded.
[STDERR  ] 2017-09-06T08:44:19.092579463Z: [   24.176217] IPVS: [rr] scheduler registered.
[STDERR  ] 2017-09-06T08:44:19.092585106Z: [   24.176531] IPVS: [wrr] scheduler registered.
[STDERR  ] 2017-09-06T08:44:19.09259056Z: [   24.176802] IPVS: [lc] scheduler registered.
[STDERR  ] 2017-09-06T08:44:19.092601083Z: [   24.177067] IPVS: [wlc] scheduler registered.
[STDERR  ] 2017-09-06T08:44:19.092606588Z: [   24.177343] IPVS: [fo] scheduler registered.
[STDERR  ] 2017-09-06T08:44:19.092612Z: [   24.177627] IPVS: [ovf] scheduler registered.
[STDERR  ] 2017-09-06T08:44:19.092617599Z: [   24.178098] IPVS: [lblc] scheduler registered.
[STDERR  ] 2017-09-06T08:44:19.092623095Z: [   24.178527] IPVS: [lblcr] scheduler registered.
[STDERR  ] 2017-09-06T08:44:19.092628571Z: [   24.178813] IPVS: [dh] scheduler registered.
[STDERR  ] 2017-09-06T08:44:19.092633886Z: [   24.179088] IPVS: [sh] scheduler registered.
[STDERR  ] 2017-09-06T08:44:19.092639227Z: [   24.179367] IPVS: [sed] scheduler registered.
[STDERR  ] 2017-09-06T08:44:19.092644654Z: [   24.179638] IPVS: [nq] scheduler registered.
[STDERR  ] 2017-09-06T08:44:19.092650321Z: [   24.180826] IPVS: ftp: loaded support on port[0] = 21
[STDERR  ] 2017-09-06T08:44:19.09265582Z: [   24.181847] ipip: IPv4 and MPLS over IPv4 tunneling driver
[STDERR  ] 2017-09-06T08:44:19.092661574Z: [   24.186252] gre: GRE over IPv4 demultiplexor driver
[STDERR  ] 2017-09-06T08:44:19.092667391Z: [   24.189090] ip_tables: (C) 2000-2006 Netfilter Core Team
[STDERR  ] 2017-09-06T08:44:19.092672931Z: [   24.193137] ipt_CLUSTERIP: ClusterIP Version 0.8 loaded successfully
[STDERR  ] 2017-09-06T08:44:19.092682088Z: [   24.194007] arp_tables: arp_tables: (C) 2002 David S. Miller
[STDERR  ] 2017-09-06T08:44:19.09268759Z: [   24.196379] NET: Registered protocol family 10
[STDERR  ] 2017-09-06T08:44:19.092696318Z: [   24.206521] ip6_tables: (C) 2000-2006 Netfilter Core Team
[STDERR  ] 2017-09-06T08:44:19.09273493Z: [   24.215780] NET: Registered protocol family 17
[STDERR  ] 2017-09-06T08:44:19.092740528Z: [   24.216891] Bridge firewalling registered
[STDERR  ] 2017-09-06T08:44:19.09274596Z: [   24.217535] Ebtables v2.0 registered
[STDERR  ] 2017-09-06T08:44:19.092751419Z: [   24.219542] 8021q: 802.1Q VLAN Support v1.8
[STDERR  ] 2017-09-06T08:44:19.092756729Z: [   24.221537] 9pnet: Installing 9P2000 support
[STDERR  ] 2017-09-06T08:44:19.092767236Z: [   24.223165] Key type dns_resolver registered
[STDERR  ] 2017-09-06T08:44:19.092772745Z: [   24.224162] microcode: AMD CPU family 0x6 not supported
[STDERR  ] 2017-09-06T08:44:19.092778516Z: [   24.227852] registered taskstats version 1
[STDERR  ] 2017-09-06T08:44:19.092783911Z: [   24.425623] ata4: SATA link down (SStatus 0 SControl 300)
[STDERR  ] 2017-09-06T08:44:19.092794689Z: [   24.428736] ata3: SATA link up 1.5 Gbps (SStatus 113 SControl 300)
[STDERR  ] 2017-09-06T08:44:19.092800483Z: [   24.432002] ata2: SATA link down (SStatus 0 SControl 300)
[STDERR  ] 2017-09-06T08:44:19.092806066Z: [   24.432540] ata1: SATA link up 1.5 Gbps (SStatus 113 SControl 300)
[STDERR  ] 2017-09-06T08:44:19.092816192Z: [   24.434739] ata1.00: ATA-7: QEMU HARDDISK, 2.5+, max UDMA/100
[STDERR  ] 2017-09-06T08:44:19.092821722Z: [   24.435178] ata1.00: 4194304 sectors, multi 16: LBA48 NCQ (depth 31/32)
[STDERR  ] 2017-09-06T08:44:19.092827259Z: [   24.435734] ata1.00: applying bridge limits
[STDERR  ] 2017-09-06T08:44:19.092837243Z: [   24.437627] ata1.00: configured for UDMA/100
[STDERR  ] 2017-09-06T08:44:19.09284288Z: [   24.439763] ata6: SATA link down (SStatus 0 SControl 300)
[STDERR  ] 2017-09-06T08:44:19.092848601Z: [   24.440510] ata5: SATA link down (SStatus 0 SControl 300)
[STDERR  ] 2017-09-06T08:44:19.092854001Z: [   24.450971] ata3.00: ATAPI: QEMU DVD-ROM, 2.5+, max UDMA/100
[STDERR  ] 2017-09-06T08:44:19.092859393Z: [   24.451492] ata3.00: applying bridge limits
[STDERR  ] 2017-09-06T08:44:19.092865802Z: [   24.452243] ata3.00: configured for UDMA/100
[STDERR  ] 2017-09-06T08:44:19.092871178Z: [   24.465190] scsi 0:0:0:0: Direct-Access     ATA      QEMU HARDDISK    2.5+ PQ: 0 ANSI: 5
[STDERR  ] 2017-09-06T08:44:19.092876772Z: [   24.484056] sd 0:0:0:0: [sda] 4194304 512-byte logical blocks: (2.15 GB/2.00 GiB)
[STDERR  ] 2017-09-06T08:44:19.092882258Z: [   24.485904] sd 0:0:0:0: Attached scsi generic sg0 type 0
[STDERR  ] 2017-09-06T08:44:19.092889349Z: [   24.490633] sd 0:0:0:0: [sda] Write Protect is off
[STDERR  ] 2017-09-06T08:44:19.092894811Z: [   24.493137] sd 0:0:0:0: [sda] Write cache: enabled, read cache: enabled, doesn't support DPO or FUA
[STDERR  ] 2017-09-06T08:44:19.092900901Z: [   24.495646] scsi 2:0:0:0: CD-ROM            QEMU     QEMU DVD-ROM     2.5+ PQ: 0 ANSI: 5
[STDERR  ] 2017-09-06T08:44:19.092906334Z: [   24.507782] Key type big_key registered
[STDERR  ] 2017-09-06T08:44:19.092911776Z: [   24.513366] sr 2:0:0:0: [sr0] scsi3-mmc drive: 4x/4x cd/rw xa/form2 tray
[STDERR  ] 2017-09-06T08:44:19.092917069Z: [   24.514020] cdrom: Uniform CD-ROM driver Revision: 3.20
[STDERR  ] 2017-09-06T08:44:19.092922562Z: [   24.540741] sr 2:0:0:0: Attached scsi generic sg1 type 5
[STDERR  ] 2017-09-06T08:44:19.092928059Z: [   24.553049] sd 0:0:0:0: [sda] Attached SCSI disk
[STDERR  ] 2017-09-06T08:44:19.092933331Z: [   24.591155] Key type encrypted registered
[STDERR  ] 2017-09-06T08:44:19.092938615Z: [   24.596723] rtc_cmos 00:00: setting system clock to 2017-09-06 08:34:02 UTC (1504686842)
[STDERR  ] 2017-09-06T08:44:19.092944146Z: [   24.745246] Freeing unused kernel memory: 1380K
[STDERR  ] 2017-09-06T08:44:19.092949633Z: [   24.745661] Write protecting the kernel read-only data: 12288k
[STDERR  ] 2017-09-06T08:44:19.092955078Z: [   24.754223] Freeing unused kernel memory: 144K
[STDERR  ] 2017-09-06T08:44:19.092962207Z: [   24.879295] Freeing unused kernel memory: 1400K
[STDERR  ] 2017-09-06T08:44:19.092971281Z: [   24.880507] tsc: Refined TSC clocksource calibration: 2599.911 MHz
[STDERR  ] 2017-09-06T08:44:19.092978035Z: [   24.881080] clocksource: tsc: mask: 0xffffffffffffffff max_cycles: 0x2579e82f95b, max_idle_ns: 440795279568 ns
[STDERR  ] 2017-09-06T08:44:19.092983645Z: [   25.899228] clocksource: Switched to clocksource tsc
[STDERR  ] 2017-09-06T08:44:19.092988965Z: 
[STDERR  ] 2017-09-06T08:44:19.092996272Z: Welcome to LinuxKit
[STDERR  ] 2017-09-06T08:44:19.093001558Z: 
[STDERR  ] 2017-09-06T08:44:19.093006898Z:                         ##         .
[STDERR  ] 2017-09-06T08:44:19.093015291Z:                   ## ## ##        ==
[STDERR  ] 2017-09-06T08:44:19.093021178Z:                ## ## ## ## ##    ===
[STDERR  ] 2017-09-06T08:44:19.093026499Z:            /"""""""""""""""""\___/ ===
[STDERR  ] 2017-09-06T08:44:19.093031804Z:           {                       /  ===-
[STDERR  ] 2017-09-06T08:44:19.093037205Z:            \______ O           __/
[STDERR  ] 2017-09-06T08:44:19.093043744Z:              \    \         __/
[STDERR  ] 2017-09-06T08:44:19.093049327Z:               \____\_______/
[STDERR  ] 2017-09-06T08:44:19.093054728Z: 
[STDERR  ] 2017-09-06T08:44:19.093064134Z: [   83.827961] 8021q: adding VLAN 0 to HW filter on device eth0
[STDERR  ] 2017-09-06T08:44:19.093069513Z: eth0: waiting for carrier
[STDERR  ] 2017-09-06T08:44:19.093074908Z: eth0: carrier acquired
[STDERR  ] 2017-09-06T08:44:19.093080251Z: DUID 00:01:00:01:21:42:6f:b5:1a:14:5d:f3:a0:48
[STDERR  ] 2017-09-06T08:44:19.0930857Z: eth0: IAID 5d:f3:a0:48
[STDERR  ] 2017-09-06T08:44:19.093091111Z: [   83.903582] random: dhcpcd: uninitialized urandom read (112 bytes read)
[STDERR  ] 2017-09-06T08:44:19.093100462Z: eth0: adding address fe80::e056:afb0:8826:3126
[STDERR  ] 2017-09-06T08:44:19.093108735Z: eth0: soliciting an IPv6 router
[STDERR  ] 2017-09-06T08:44:19.093114481Z: eth0: soliciting a DHCP lease
[STDERR  ] 2017-09-06T08:44:19.093120105Z: eth0: offered 10.0.2.15 from 10.0.2.2
[STDERR  ] 2017-09-06T08:44:19.093130023Z: eth0: leased 10.0.2.15 for 86400 seconds
[STDERR  ] 2017-09-06T08:44:19.09313557Z: eth0: adding route to 10.0.2.0/24
[STDERR  ] 2017-09-06T08:44:19.093140915Z: eth0: adding default route via 10.0.2.2
[STDERR  ] 2017-09-06T08:44:19.093150953Z: exiting due to oneshot
[STDERR  ] 2017-09-06T08:44:19.093156473Z: dhcpcd exited
[STDERR  ] 2017-09-06T08:44:19.093161931Z: [   85.929903] IPVS: Creating netns size=2104 id=1
[STDERR  ] 2017-09-06T08:44:19.093171754Z: [   85.931117] IPVS: ftp: loaded support on port[0] = 21
[STDERR  ] 2017-09-06T08:44:19.093177234Z: 2017/09/06 08:35:04 Creating partition on /dev/sda
[STDERR  ] 2017-09-06T08:44:19.093182555Z: [   87.279923] random: fdisk: uninitialized urandom read (4 bytes read)
[STDERR  ] 2017-09-06T08:44:19.093188498Z: [   87.314038]  sda:
[STDERR  ] 2017-09-06T08:44:19.093194263Z: [   87.384582]  sda:
[STDERR  ] 2017-09-06T08:44:19.093199655Z: [   87.401910] random: sfdisk: uninitialized urandom read (4 bytes read)
[STDERR  ] 2017-09-06T08:44:19.093205188Z: [   87.417174]  sda: sda1
[STDERR  ] 2017-09-06T08:44:19.093210803Z: [   87.480736]  sda: sda1
[STDERR  ] 2017-09-06T08:44:19.09321796Z: [   88.990851] random: mkfs.ext4: uninitialized urandom read (16 bytes read)
[STDERR  ] 2017-09-06T08:44:19.093223432Z: [   88.992748] random: mkfs.ext4: uninitialized urandom read (16 bytes read)
[STDERR  ] 2017-09-06T08:44:19.093228762Z: 2017/09/06 08:35:07 Partition /dev/sda1 successfully created!
[STDERR  ] 2017-09-06T08:44:19.093234456Z: [   90.819989] IPVS: Creating netns size=2104 id=2
[STDERR  ] 2017-09-06T08:44:19.093239818Z: [   90.821125] IPVS: ftp: loaded support on port[0] = 21
[STDERR  ] 2017-09-06T08:44:19.093245408Z: [   92.142147] EXT4-fs (sda1): couldn't mount as ext3 due to feature incompatibilities
[STDERR  ] 2017-09-06T08:44:19.093250986Z: [   92.154214] EXT4-fs (sda1): couldn't mount as ext2 due to feature incompatibilities
[STDERR  ] 2017-09-06T08:44:19.093256797Z: [   92.179274] EXT4-fs (sda1): mounted filesystem with ordered data mode. Opts: (null)
[STDERR  ] 2017-09-06T08:44:19.093265925Z: v1.0.0-alpha6
[STDERR  ] 2017-09-06T08:44:19.09327166Z: f05281743e5ac9ad11c6e19a72be7a903eab79f5
[STDERR  ] 2017-09-06T08:44:19.093277167Z: [   94.248370] random: cc1: uninitialized urandom read (8 bytes read)
[STDERR  ] 2017-09-06T08:44:19.093282641Z: [   94.669450] random: cc1: uninitialized urandom read (8 bytes read)
[STDERR  ] 2017-09-06T08:44:19.093289988Z: [   95.318676] random: cc1: uninitialized urandom read (8 bytes read)
[STDERR  ] 2017-09-06T08:44:19.093295869Z: [   95.615325] random: cc1: uninitialized urandom read (8 bytes read)
[STDERR  ] 2017-09-06T08:44:19.093301514Z: ðŸ‡© root-test
[STDERR  ] 2017-09-06T08:44:19.093306911Z: [  104.655596] random: cc1: uninitialized urandom read (8 bytes read)
[STDERR  ] 2017-09-06T08:44:19.093312209Z: [  203.271980] XFS (loop0): Mounting V4 Filesystem
[STDERR  ] 2017-09-06T08:44:19.093317581Z: [  203.319480] XFS (loop0): Ending clean mount
[STDERR  ] 2017-09-06T08:44:19.093323424Z: [  203.386686] XFS (loop0): Unmounting Filesystem
[STDERR  ] 2017-09-06T08:44:19.093328788Z: [  204.063953] XFS (loop0): Mounting V4 Filesystem
[STDERR  ] 2017-09-06T08:44:19.093334088Z: [  204.101232] XFS (loop0): Ending clean mount
[STDERR  ] 2017-09-06T08:44:19.093339692Z: [  204.136053] XFS (loop0): Unmounting Filesystem
[STDERR  ] 2017-09-06T08:44:19.093345639Z: ok  	github.com/containerd/containerd/fs	2.595s
[STDERR  ] 2017-09-06T08:44:19.093351277Z: ok  	github.com/containerd/containerd/metadata	5.044s
[STDERR  ] 2017-09-06T08:44:19.093357245Z: [  465.747183] XFS (loop2): Mounting V5 Filesystem
[STDERR  ] 2017-09-06T08:44:19.093365113Z: [  465.794358] XFS (loop2): Ending clean mount
[STDERR  ] 2017-09-06T08:44:19.093370675Z: [  465.842813] XFS (loop2): Unmounting Filesystem
[STDERR  ] 2017-09-06T08:44:19.093376028Z: ok  	github.com/containerd/containerd/mount/lookup_test	1.305s
[STDERR  ] 2017-09-06T08:44:19.093383058Z: [  513.160948] raid6: sse2x1   gen()   314 MB/s
[STDERR  ] 2017-09-06T08:44:19.093388651Z: [  513.330319] raid6: sse2x1   xor()   164 MB/s
[STDERR  ] 2017-09-06T08:44:19.093394119Z: [  513.500327] raid6: sse2x2   gen()   252 MB/s
[STDERR  ] 2017-09-06T08:44:19.093399462Z: [  513.670322] raid6: sse2x2   xor()   174 MB/s
[STDERR  ] 2017-09-06T08:44:19.093404768Z: [  513.840426] raid6: sse2x4   gen()   308 MB/s
[STDERR  ] 2017-09-06T08:44:19.093410092Z: [  514.010318] raid6: sse2x4   xor()   177 MB/s
[STDERR  ] 2017-09-06T08:44:19.093415331Z: [  514.010754] raid6: using algorithm sse2x1 gen() 314 MB/s
[STDERR  ] 2017-09-06T08:44:19.093430366Z: [  514.011148] raid6: .... xor() 164 MB/s, rmw enabled
[STDERR  ] 2017-09-06T08:44:19.093436901Z: [  514.011694] raid6: using intx1 recovery algorithm
[STDERR  ] 2017-09-06T08:44:19.093451241Z: [  514.037833] xor: measuring software checksum speed
[STDERR  ] 2017-09-06T08:44:19.093456725Z: [  514.130287]    prefetch64-sse:   644.800 MB/sec
[STDERR  ] 2017-09-06T08:44:19.093462065Z: [  514.230191]    generic_sse:   630.000 MB/sec
[STDERR  ] 2017-09-06T08:44:19.093467478Z: [  514.230637] xor: using function: prefetch64-sse (644.800 MB/sec)
[STDERR  ] 2017-09-06T08:44:19.093476247Z: [  514.415538] Btrfs loaded, crc32c=crc32c-generic
[STDERR  ] 2017-09-06T08:44:19.093481681Z: [  514.424785] BTRFS: device fsid f3d5dc0a-ff21-4dce-a447-79ed140addce devid 1 transid 5 /dev/loop2
[STDERR  ] 2017-09-06T08:44:19.093487214Z: [  514.462579] BTRFS info (device loop2): disk space caching is enabled
[STDERR  ] 2017-09-06T08:44:19.09349279Z: [  514.463214] BTRFS info (device loop2): has skinny extents
[STDERR  ] 2017-09-06T08:44:19.093498307Z: [  514.463657] BTRFS info (device loop2): flagging fs with big metadata feature
[STDERR  ] 2017-09-06T08:44:19.093503928Z: [  514.521310] BTRFS info (device loop2): creating UUID tree
[STDERR  ] 2017-09-06T08:44:19.093509455Z: [  516.433372] BTRFS: device fsid 71bd646a-69df-4e8e-9411-cda15c1d6e19 devid 1 transid 5 /dev/loop2
[STDERR  ] 2017-09-06T08:44:19.093514971Z: [  516.614173] BTRFS info (device loop2): disk space caching is enabled
[STDERR  ] 2017-09-06T08:44:19.093520481Z: [  516.614725] BTRFS info (device loop2): has skinny extents
[STDERR  ] 2017-09-06T08:44:19.093529328Z: [  516.615076] BTRFS info (device loop2): flagging fs with big metadata feature
[STDERR  ] 2017-09-06T08:44:19.093535087Z: [  516.651903] BTRFS info (device loop2): creating UUID tree
[STDERR  ] 2017-09-06T08:44:19.093543685Z: [  519.033662] BTRFS: device fsid 8d09fdc0-a7d9-43a6-bf3f-e79651b2e36c devid 1 transid 5 /dev/loop2
[STDERR  ] 2017-09-06T08:44:19.093553349Z: [  519.214540] BTRFS info (device loop2): disk space caching is enabled
[STDERR  ] 2017-09-06T08:44:19.093559247Z: [  519.215096] BTRFS info (device loop2): has skinny extents
[STDERR  ] 2017-09-06T08:44:19.093565044Z: [  519.215522] BTRFS info (device loop2): flagging fs with big metadata feature
[STDERR  ] 2017-09-06T08:44:19.093570606Z: [  519.253735] BTRFS info (device loop2): creating UUID tree
[STDERR  ] 2017-09-06T08:44:19.093576122Z: [  521.058194] BTRFS: device fsid 8ee7a169-72fe-42e8-832c-f93d57f788c3 devid 1 transid 5 /dev/loop2
[STDERR  ] 2017-09-06T08:44:19.093581763Z: [  521.244570] BTRFS info (device loop2): disk space caching is enabled
[STDERR  ] 2017-09-06T08:44:19.093587194Z: [  521.245168] BTRFS info (device loop2): has skinny extents
[STDERR  ] 2017-09-06T08:44:19.093592687Z: [  521.245528] BTRFS info (device loop2): flagging fs with big metadata feature
[STDERR  ] 2017-09-06T08:44:19.093598231Z: [  521.282499] BTRFS info (device loop2): creating UUID tree
[STDERR  ] 2017-09-06T08:44:19.093603704Z: [  523.459964] BTRFS: device fsid b7758d61-de14-42ab-8272-8b1d1702c00f devid 1 transid 5 /dev/loop2
[STDERR  ] 2017-09-06T08:44:19.093612431Z: [  523.654282] BTRFS info (device loop2): disk space caching is enabled
[STDERR  ] 2017-09-06T08:44:19.093617898Z: [  523.654627] BTRFS info (device loop2): has skinny extents
[STDERR  ] 2017-09-06T08:44:19.093623511Z: [  523.655134] BTRFS info (device loop2): flagging fs with big metadata feature
[STDERR  ] 2017-09-06T08:44:19.09362892Z: [  523.694281] BTRFS info (device loop2): creating UUID tree
[STDERR  ] 2017-09-06T08:44:19.093634349Z: [  530.303799] BTRFS: device fsid eb21f552-6698-4fe0-a586-fde779272b26 devid 1 transid 5 /dev/loop2
[STDERR  ] 2017-09-06T08:44:19.093639759Z: [  530.504158] BTRFS info (device loop2): disk space caching is enabled
[STDERR  ] 2017-09-06T08:44:19.093645141Z: [  530.504681] BTRFS info (device loop2): has skinny extents
[STDERR  ] 2017-09-06T08:44:19.093650592Z: [  530.505052] BTRFS info (device loop2): flagging fs with big metadata feature
[STDERR  ] 2017-09-06T08:44:19.093658359Z: [  530.541756] BTRFS info (device loop2): creating UUID tree
[STDERR  ] 2017-09-06T08:44:19.093663869Z: [  532.122215] BTRFS: device fsid 1656e0b7-9cb9-49eb-aa73-0112a1e1a184 devid 1 transid 5 /dev/loop2
[STDERR  ] 2017-09-06T08:44:19.093669374Z: [  532.314416] BTRFS info (device loop2): disk space caching is enabled
[STDERR  ] 2017-09-06T08:44:19.093674975Z: [  532.314935] BTRFS info (device loop2): has skinny extents
[STDERR  ] 2017-09-06T08:44:19.09368535Z: [  532.315302] BTRFS info (device loop2): flagging fs with big metadata feature
[STDERR  ] 2017-09-06T08:44:19.093690927Z: [  532.352974] BTRFS info (device loop2): creating UUID tree
