[INFO    ] 2019-07-03T20:52:29.064167530Z: Running Test linuxkit.packages.format_mount.btrfs in /tmp/build/test/cases/040_packages/006_format_mount/003_btrfs
[INFO    ] 2019-07-03T20:52:29.064334722Z: Running command: [/bin/sh -x /tmp/build/test/cases/040_packages/006_format_mount/003_btrfs/test.sh]
[STDERR  ] 2019-07-03T20:52:29.076095901Z: + set -e
[STDERR  ] 2019-07-03T20:52:29.076349884Z: + . /tmp/build/test/cases/_lib/lib.sh
[STDERR  ] 2019-07-03T20:52:29.076365885Z: + [ -f src/github.com/linuxkit/rtf/lib/lib.sh ]
[STDERR  ] 2019-07-03T20:52:29.076376259Z: + LINUXKIT_TMPDIR=/tmp/build/test/cases/_tmp
[STDERR  ] 2019-07-03T20:52:29.076387741Z: + [ -f /tmp/build/test/cases/_tmp/env.sh ]
[STDERR  ] 2019-07-03T20:52:29.076401819Z: + . /tmp/build/test/cases/_tmp/env.sh
[STDERR  ] 2019-07-03T20:52:29.076415934Z: + export LINUXKIT_EXAMPLES_DIR=/tmp/build/test/cases/../../examples
[STDERR  ] 2019-07-03T20:52:29.076429789Z: + RT_CANCEL=253
[STDERR  ] 2019-07-03T20:52:29.076440188Z: + NAME=test-format
[STDERR  ] 2019-07-03T20:52:29.076450077Z: + DISK=disk.img
[STDERR  ] 2019-07-03T20:52:29.076459295Z: + trap clean_up EXIT
[STDERR  ] 2019-07-03T20:52:29.076468143Z: + linuxkit build -format kernel+initrd -name test-format test.yml
[STDERR  ] 2019-07-03T20:52:29.110701888Z: Extract kernel image: linuxkit/kernel:4.19.56
[STDERR  ] 2019-07-03T20:52:31.060555094Z: Add init containers:
[STDERR  ] 2019-07-03T20:52:31.060638746Z: Process init image: linuxkit/init:1a0c6b624708b5a9e58b9a608a9ce3164e7b2908
[STDERR  ] 2019-07-03T20:52:32.293380172Z: Process init image: linuxkit/runc:c1f0db27e71d948f3134b31ce76276f843849b0a
[STDERR  ] 2019-07-03T20:52:33.450318505Z: Add onboot containers:
[STDERR  ] 2019-07-03T20:52:33.450382422Z:   Create OCI config for linuxkit/modprobe:v0.7
[STDERR  ] 2019-07-03T20:52:34.613554463Z:   Create OCI config for linuxkit/format:v0.7
[STDERR  ] 2019-07-03T20:52:35.969353287Z:   Create OCI config for linuxkit/mount:v0.7
[STDERR  ] 2019-07-03T20:52:37.334554289Z:   Create OCI config for alpine:3.9
[STDERR  ] 2019-07-03T20:52:38.525676601Z:   Create OCI config for linuxkit/poweroff:b498d30dd9660090565537fceb9e757618737a85
[STDERR  ] 2019-07-03T20:52:39.713815858Z: Add files:
[STDERR  ] 2019-07-03T20:52:39.713891936Z:   check.sh
[STDERR  ] 2019-07-03T20:52:39.714740972Z: Create outputs:
[STDERR  ] 2019-07-03T20:52:47.126744058Z:   test-format-kernel test-format-initrd.img test-format-cmdline
[STDERR  ] 2019-07-03T20:52:47.201401180Z: + linuxkit run -disk file=disk.img,size=512M test-format
[STDERR  ] 2019-07-03T20:53:04.766769869Z: + RESULT=[    0.000000] Linux version 4.19.56-linuxkit (root@2bca0d689baf) (gcc version 8.3.0 (Alpine 8.3.0)) #1 SMP Tue Jul 2 21:39:19 UTC 2019
[STDERR  ] 2019-07-03T20:53:04.766854216Z: [    0.000000] Command line: console=ttyS0 console=ttyAMA0
[STDERR  ] 2019-07-03T20:53:04.766871723Z: [    0.000000] x86/fpu: x87 FPU will use FXSAVE
[STDERR  ] 2019-07-03T20:53:04.766887392Z: [    0.000000] BIOS-provided physical RAM map:
[STDERR  ] 2019-07-03T20:53:04.766902229Z: [    0.000000] BIOS-e820: [mem 0x0000000000000000-0x000000000009fbff] usable
[STDERR  ] 2019-07-03T20:53:04.766917016Z: [    0.000000] BIOS-e820: [mem 0x000000000009fc00-0x000000000009ffff] reserved
[STDERR  ] 2019-07-03T20:53:04.766930411Z: [    0.000000] BIOS-e820: [mem 0x00000000000f0000-0x00000000000fffff] reserved
[STDERR  ] 2019-07-03T20:53:04.766943547Z: [    0.000000] BIOS-e820: [mem 0x0000000000100000-0x000000003ffdefff] usable
[STDERR  ] 2019-07-03T20:53:04.766957327Z: [    0.000000] BIOS-e820: [mem 0x000000003ffdf000-0x000000003fffffff] reserved
[STDERR  ] 2019-07-03T20:53:04.766970449Z: [    0.000000] BIOS-e820: [mem 0x00000000b0000000-0x00000000bfffffff] reserved
[STDERR  ] 2019-07-03T20:53:04.766990811Z: [    0.000000] BIOS-e820: [mem 0x00000000fed1c000-0x00000000fed1ffff] reserved
[STDERR  ] 2019-07-03T20:53:04.767003486Z: [    0.000000] BIOS-e820: [mem 0x00000000feffc000-0x00000000feffffff] reserved
[STDERR  ] 2019-07-03T20:53:04.767015401Z: [    0.000000] BIOS-e820: [mem 0x00000000fffc0000-0x00000000ffffffff] reserved
[STDERR  ] 2019-07-03T20:53:04.767046077Z: [    0.000000] NX (Execute Disable) protection: active
[STDERR  ] 2019-07-03T20:53:04.767060234Z: [    0.000000] SMBIOS 2.8 present.
[STDERR  ] 2019-07-03T20:53:04.767072351Z: [    0.000000] DMI: QEMU Standard PC (Q35 + ICH9, 2009), BIOS 1.10.2-1 04/01/2014
[STDERR  ] 2019-07-03T20:53:04.767084568Z: [    0.000000] Hypervisor detected: KVM
[STDERR  ] 2019-07-03T20:53:04.767096785Z: [    0.000000] kvm-clock: Using msrs 4b564d01 and 4b564d00
[STDERR  ] 2019-07-03T20:53:04.767109605Z: [    0.562616] kvm-clock: cpu 0, msr 1081e001, primary cpu clock
[STDERR  ] 2019-07-03T20:53:04.767122247Z: [    0.562616] clocksource: kvm-clock: mask: 0xffffffffffffffff max_cycles: 0x1cd42e4dffb, max_idle_ns: 881590591483 ns
[STDERR  ] 2019-07-03T20:53:04.767136868Z: [    0.562628] tsc: Detected 2299.792 MHz processor
[STDERR  ] 2019-07-03T20:53:04.767149584Z: [    0.565835] last_pfn = 0x3ffdf max_arch_pfn = 0x400000000
[STDERR  ] 2019-07-03T20:53:04.767162004Z: [    0.566479] x86/PAT: PAT not supported by CPU.
[STDERR  ] 2019-07-03T20:53:04.767183175Z: [    0.566539] x86/PAT: Configuration [0-7]: WB  WT  UC- UC  WB  WT  UC- UC  
[STDERR  ] 2019-07-03T20:53:04.767196080Z: [    0.577052] found SMP MP-table at [mem 0x000f6a90-0x000f6a9f]
[STDERR  ] 2019-07-03T20:53:04.767208087Z: [    0.577392] RAMDISK: [mem 0x3d5ce000-0x3ffcffff]
[STDERR  ] 2019-07-03T20:53:04.767220735Z: [    0.577605] ACPI: Early table checksum verification disabled
[STDERR  ] 2019-07-03T20:53:04.767233920Z: [    0.577735] ACPI: RSDP 0x00000000000F68D0 000014 (v00 BOCHS )
[STDERR  ] 2019-07-03T20:53:04.767246773Z: [    0.577743] ACPI: RSDT 0x000000003FFE2404 000034 (v01 BOCHS  BXPCRSDT 00000001 BXPC 00000001)
[STDERR  ] 2019-07-03T20:53:04.767260943Z: [    0.577762] ACPI: FACP 0x000000003FFE22A4 000074 (v01 BOCHS  BXPCFACP 00000001 BXPC 00000001)
[STDERR  ] 2019-07-03T20:53:04.767273319Z: [    0.577769] ACPI: DSDT 0x000000003FFE0040 002264 (v01 BOCHS  BXPCDSDT 00000001 BXPC 00000001)
[STDERR  ] 2019-07-03T20:53:04.767285563Z: [    0.577774] ACPI: FACS 0x000000003FFE0000 000040
[STDERR  ] 2019-07-03T20:53:04.767298051Z: [    0.577778] ACPI: APIC 0x000000003FFE2318 000078 (v01 BOCHS  BXPCAPIC 00000001 BXPC 00000001)
[STDERR  ] 2019-07-03T20:53:04.767310152Z: [    0.577782] ACPI: HPET 0x000000003FFE2390 000038 (v01 BOCHS  BXPCHPET 00000001 BXPC 00000001)
[STDERR  ] 2019-07-03T20:53:04.767326213Z: [    0.577786] ACPI: MCFG 0x000000003FFE23C8 00003C (v01 BOCHS  BXPCMCFG 00000001 BXPC 00000001)
[STDERR  ] 2019-07-03T20:53:04.767341979Z: [    0.578556] Zone ranges:
[STDERR  ] 2019-07-03T20:53:04.767361907Z: [    0.578558]   DMA      [mem 0x0000000000001000-0x0000000000ffffff]
[STDERR  ] 2019-07-03T20:53:04.767373972Z: [    0.578560]   DMA32    [mem 0x0000000001000000-0x000000003ffdefff]
[STDERR  ] 2019-07-03T20:53:04.767385940Z: [    0.578561]   Normal   empty
[STDERR  ] 2019-07-03T20:53:04.767397635Z: [    0.578563]   Device   empty
[STDERR  ] 2019-07-03T20:53:04.767410056Z: [    0.578564] Movable zone start for each node
[STDERR  ] 2019-07-03T20:53:04.767422741Z: [    0.578565] Early memory node ranges
[STDERR  ] 2019-07-03T20:53:04.767439005Z: [    0.578566]   node   0: [mem 0x0000000000001000-0x000000000009efff]
[STDERR  ] 2019-07-03T20:53:04.767451473Z: [    0.578568]   node   0: [mem 0x0000000000100000-0x000000003ffdefff]
[STDERR  ] 2019-07-03T20:53:04.767463367Z: [    0.579182] Reserved but unavailable: 98 pages
[STDERR  ] 2019-07-03T20:53:04.767475691Z: [    0.579184] Initmem setup node 0 [mem 0x0000000000001000-0x000000003ffdefff]
[STDERR  ] 2019-07-03T20:53:04.767490495Z: [    0.590819] ACPI: PM-Timer IO Port: 0x608
[STDERR  ] 2019-07-03T20:53:04.767506991Z: [    0.590868] ACPI: LAPIC_NMI (acpi_id[0xff] dfl dfl lint[0x1])
[STDERR  ] 2019-07-03T20:53:04.767519488Z: [    0.591130] IOAPIC[0]: apic_id 0, version 17, address 0xfec00000, GSI 0-23
[STDERR  ] 2019-07-03T20:53:04.767532097Z: [    0.591134] ACPI: INT_SRC_OVR (bus 0 bus_irq 0 global_irq 2 dfl dfl)
[STDERR  ] 2019-07-03T20:53:04.767549896Z: [    0.591136] ACPI: INT_SRC_OVR (bus 0 bus_irq 5 global_irq 5 high level)
[STDERR  ] 2019-07-03T20:53:04.767566620Z: [    0.591138] ACPI: INT_SRC_OVR (bus 0 bus_irq 9 global_irq 9 high level)
[STDERR  ] 2019-07-03T20:53:04.767579418Z: [    0.591144] ACPI: INT_SRC_OVR (bus 0 bus_irq 10 global_irq 10 high level)
[STDERR  ] 2019-07-03T20:53:04.767591200Z: [    0.591145] ACPI: INT_SRC_OVR (bus 0 bus_irq 11 global_irq 11 high level)
[STDERR  ] 2019-07-03T20:53:04.767604796Z: [    0.591153] Using ACPI (MADT) for SMP configuration information
[STDERR  ] 2019-07-03T20:53:04.767619727Z: [    0.591155] ACPI: HPET id: 0x8086a201 base: 0xfed00000
[STDERR  ] 2019-07-03T20:53:04.767633642Z: [    0.591195] smpboot: Allowing 1 CPUs, 0 hotplug CPUs
[STDERR  ] 2019-07-03T20:53:04.767648769Z: [    0.591324] [mem 0x40000000-0xafffffff] available for PCI devices
[STDERR  ] 2019-07-03T20:53:04.767660949Z: [    0.591325] Booting paravirtualized kernel on KVM
[STDERR  ] 2019-07-03T20:53:04.767673012Z: [    0.591328] clocksource: refined-jiffies: mask: 0xffffffff max_cycles: 0xffffffff, max_idle_ns: 1910969940391419 ns
[STDERR  ] 2019-07-03T20:53:04.767686313Z: [    0.696470] random: get_random_bytes called from start_kernel+0x91/0x512 with crng_init=0
[STDERR  ] 2019-07-03T20:53:04.767699394Z: [    0.696490] setup_percpu: NR_CPUS:128 nr_cpumask_bits:128 nr_cpu_ids:1 nr_node_ids:1
[STDERR  ] 2019-07-03T20:53:04.767711378Z: [    0.697280] percpu: Embedded 45 pages/cpu s145112 r8192 d31016 u2097152
[STDERR  ] 2019-07-03T20:53:04.767723846Z: [    0.697382] KVM setup async PF for cpu 0
[STDERR  ] 2019-07-03T20:53:04.767735949Z: [    0.697439] kvm-stealtime: cpu 0, msr 3c015e80
[STDERR  ] 2019-07-03T20:53:04.767747916Z: [    0.697468] Built 1 zonelists, mobility grouping on.  Total pages: 257896
[STDERR  ] 2019-07-03T20:53:04.767760404Z: [    0.697471] Kernel command line: console=ttyS0 console=ttyAMA0
[STDERR  ] 2019-07-03T20:53:04.767773180Z: [    0.697718] Dentry cache hash table entries: 131072 (order: 8, 1048576 bytes)
[STDERR  ] 2019-07-03T20:53:04.767785954Z: [    0.697794] Inode-cache hash table entries: 65536 (order: 7, 524288 bytes)
[STDERR  ] 2019-07-03T20:53:04.767799051Z: [    0.701575] Memory: 959908K/1048052K available (12300K kernel code, 1583K rwdata, 3016K rodata, 1588K init, 2020K bss, 88144K reserved, 0K cma-reserved)
[STDERR  ] 2019-07-03T20:53:04.767813227Z: [    0.702388] Kernel/User page tables isolation: enabled
[STDERR  ] 2019-07-03T20:53:04.767826539Z: [    0.702491] ftrace: allocating 43136 entries in 169 pages
[STDERR  ] 2019-07-03T20:53:04.767842295Z: [    0.725000] rcu: Hierarchical RCU implementation.
[STDERR  ] 2019-07-03T20:53:04.767855832Z: [    0.725004] rcu: 	RCU restricting CPUs from NR_CPUS=128 to nr_cpu_ids=1.
[STDERR  ] 2019-07-03T20:53:04.767873248Z: [    0.725005] rcu: Adjusting geometry for rcu_fanout_leaf=16, nr_cpu_ids=1
[STDERR  ] 2019-07-03T20:53:04.767885920Z: [    0.727930] NR_IRQS: 8448, nr_irqs: 256, preallocated irqs: 16
[STDERR  ] 2019-07-03T20:53:04.767899160Z: [    0.759478] Console: colour VGA+ 80x25
[STDERR  ] 2019-07-03T20:53:04.767912071Z: [    1.197169] console [ttyS0] enabled
[STDERR  ] 2019-07-03T20:53:04.767924670Z: [    1.200412] ACPI: Core revision 20180810
[STDERR  ] 2019-07-03T20:53:04.767937306Z: [    1.205006] clocksource: hpet: mask: 0xffffffff max_cycles: 0xffffffff, max_idle_ns: 19112604467 ns
[STDERR  ] 2019-07-03T20:53:04.767951005Z: [    1.213868] APIC: Switch to symmetric I/O mode setup
[STDERR  ] 2019-07-03T20:53:04.767964530Z: [    1.220946] x2apic enabled
[STDERR  ] 2019-07-03T20:53:04.767977526Z: [    1.225681] Switched APIC routing to physical x2apic.
[STDERR  ] 2019-07-03T20:53:04.767990038Z: [    1.240084] ..TIMER: vector=0x30 apic1=0 pin1=2 apic2=-1 pin2=-1
[STDERR  ] 2019-07-03T20:53:04.768002070Z: [    1.245645] clocksource: tsc-early: mask: 0xffffffffffffffff max_cycles: 0x212670b980e, max_idle_ns: 440795215582 ns
[STDERR  ] 2019-07-03T20:53:04.768017061Z: [    1.255115] Calibrating delay loop (skipped) preset value.. 4599.58 BogoMIPS (lpj=2299792)
[STDERR  ] 2019-07-03T20:53:04.768036461Z: [    1.256105] pid_max: default: 32768 minimum: 301
[STDERR  ] 2019-07-03T20:53:04.768053540Z: [    1.257209] Security Framework initialized
[STDERR  ] 2019-07-03T20:53:04.768066195Z: [    1.258090] Yama: becoming mindful.
[STDERR  ] 2019-07-03T20:53:04.768079416Z: [    1.259140] Mount-cache hash table entries: 2048 (order: 2, 16384 bytes)
[STDERR  ] 2019-07-03T20:53:04.768092527Z: [    1.260094] Mountpoint-cache hash table entries: 2048 (order: 2, 16384 bytes)
[STDERR  ] 2019-07-03T20:53:04.768134658Z: [    1.264137] Last level iTLB entries: 4KB 0, 2MB 0, 4MB 0
[STDERR  ] 2019-07-03T20:53:04.768148040Z: [    1.265091] Last level dTLB entries: 4KB 0, 2MB 0, 4MB 0, 1GB 0
[STDERR  ] 2019-07-03T20:53:04.768162204Z: [    1.266092] Spectre V2 : Mitigation: Full generic retpoline
[STDERR  ] 2019-07-03T20:53:04.768184646Z: [    1.267088] Spectre V2 : Spectre v2 / SpectreRSB mitigation: Filling RSB on context switch
[STDERR  ] 2019-07-03T20:53:04.768197748Z: [    1.268090] Speculative Store Bypass: Vulnerable
[STDERR  ] 2019-07-03T20:53:04.768211307Z: [    1.269108] MDS: Vulnerable: Clear CPU buffers attempted, no microcode
[STDERR  ] 2019-07-03T20:53:04.768224249Z: [    1.280095] Freeing SMP alternatives memory: 20K
[STDERR  ] 2019-07-03T20:53:04.768237381Z: [    1.283083] smpboot: CPU0: Intel QEMU Virtual CPU version 2.5+ (family: 0x6, model: 0x6, stepping: 0x3)
[STDERR  ] 2019-07-03T20:53:04.768256885Z: [    1.283265] Performance Events: PMU not available due to virtualization, using software events only.
[STDERR  ] 2019-07-03T20:53:04.768270254Z: [    1.285395] rcu: Hierarchical SRCU implementation.
[STDERR  ] 2019-07-03T20:53:04.768283656Z: [    1.286220] NMI watchdog: Perf NMI watchdog permanently disabled
[STDERR  ] 2019-07-03T20:53:04.768296449Z: [    1.288162] smp: Bringing up secondary CPUs ...
[STDERR  ] 2019-07-03T20:53:04.768309141Z: [    1.289088] smp: Brought up 1 node, 1 CPU
[STDERR  ] 2019-07-03T20:53:04.768325506Z: [    1.290091] smpboot: Max logical packages: 1
[STDERR  ] 2019-07-03T20:53:04.768337874Z: [    1.291088] smpboot: Total of 1 processors activated (4599.58 BogoMIPS)
[STDERR  ] 2019-07-03T20:53:04.768350910Z: [    1.293134] devtmpfs: initialized
[STDERR  ] 2019-07-03T20:53:04.768363917Z: [    1.294164] x86/mm: Memory block size: 128MB
[STDERR  ] 2019-07-03T20:53:04.768376183Z: [    1.295469] clocksource: jiffies: mask: 0xffffffff max_cycles: 0xffffffff, max_idle_ns: 1911260446275000 ns
[STDERR  ] 2019-07-03T20:53:04.768391812Z: [    1.296095] futex hash table entries: 256 (order: 2, 16384 bytes)
[STDERR  ] 2019-07-03T20:53:04.768406005Z: [    1.298103] NET: Registered protocol family 16
[STDERR  ] 2019-07-03T20:53:04.768418575Z: [    1.299274] audit: initializing netlink subsys (disabled)
[STDERR  ] 2019-07-03T20:53:04.768432738Z: [    1.300164] audit: type=2000 audit(1562187168.118:1): state=initialized audit_enabled=0 res=1
[STDERR  ] 2019-07-03T20:53:04.768445461Z: [    1.301202] cpuidle: using governor ladder
[STDERR  ] 2019-07-03T20:53:04.768457461Z: [    1.302089] cpuidle: using governor menu
[STDERR  ] 2019-07-03T20:53:04.768470016Z: [    1.303231] ACPI: bus type PCI registered
[STDERR  ] 2019-07-03T20:53:04.768483121Z: [    1.304088] acpiphp: ACPI Hot Plug PCI Controller Driver version: 0.5
[STDERR  ] 2019-07-03T20:53:04.768497450Z: [    1.306509] PCI: MMCONFIG for domain 0000 [bus 00-ff] at [mem 0xb0000000-0xbfffffff] (base 0xb0000000)
[STDERR  ] 2019-07-03T20:53:04.768509843Z: [    1.307094] PCI: MMCONFIG at [mem 0xb0000000-0xbfffffff] reserved in E820
[STDERR  ] 2019-07-03T20:53:04.768521755Z: [    1.308107] PCI: Using configuration type 1 for base access
[STDERR  ] 2019-07-03T20:53:04.768535291Z: [    1.311815] HugeTLB registered 2.00 MiB page size, pre-allocated 0 pages
[STDERR  ] 2019-07-03T20:53:04.768547530Z: [    1.312259] cryptd: max_cpu_qlen set to 1000
[STDERR  ] 2019-07-03T20:53:04.768559836Z: [    1.314170] ACPI: Added _OSI(Module Device)
[STDERR  ] 2019-07-03T20:53:04.768572373Z: [    1.315090] ACPI: Added _OSI(Processor Device)
[STDERR  ] 2019-07-03T20:53:04.768590995Z: [    1.316089] ACPI: Added _OSI(3.0 _SCP Extensions)
[STDERR  ] 2019-07-03T20:53:04.768607158Z: [    1.317088] ACPI: Added _OSI(Processor Aggregator Device)
[STDERR  ] 2019-07-03T20:53:04.768620458Z: [    1.318105] ACPI: Added _OSI(Linux-Dell-Video)
[STDERR  ] 2019-07-03T20:53:04.768632045Z: [    1.319088] ACPI: Added _OSI(Linux-Lenovo-NV-HDMI-Audio)
[STDERR  ] 2019-07-03T20:53:04.768644572Z: [    1.321513] ACPI: 1 ACPI AML tables successfully acquired and loaded
[STDERR  ] 2019-07-03T20:53:04.768657103Z: [    1.324264] ACPI: Interpreter enabled
[STDERR  ] 2019-07-03T20:53:04.768669891Z: [    1.325097] ACPI: (supports S0 S5)
[STDERR  ] 2019-07-03T20:53:04.768683115Z: [    1.326088] ACPI: Using IOAPIC for interrupt routing
[STDERR  ] 2019-07-03T20:53:04.768695505Z: [    1.327144] PCI: Using host bridge windows from ACPI; if necessary, use "pci=nocrs" and report a bug
[STDERR  ] 2019-07-03T20:53:04.768709998Z: [    1.328320] ACPI: Enabled 2 GPEs in block 00 to 3F
[STDERR  ] 2019-07-03T20:53:04.768724344Z: [    1.333466] ACPI: PCI Root Bridge [PCI0] (domain 0000 [bus 00-ff])
[STDERR  ] 2019-07-03T20:53:04.768740946Z: [    1.335088] acpi PNP0A08:00: _OSC: OS supports [ExtendedConfig ASPM ClockPM Segments MSI]
[STDERR  ] 2019-07-03T20:53:04.768756492Z: [    1.336201] acpi PNP0A08:00: _OSC: platform does not support [SHPCHotplug LTR]
[STDERR  ] 2019-07-03T20:53:04.768769104Z: [    1.337180] acpi PNP0A08:00: _OSC: OS now controls [PCIeHotplug PME PCIeCapability]
[STDERR  ] 2019-07-03T20:53:04.768781964Z: [    1.338526] PCI host bridge to bus 0000:00
[STDERR  ] 2019-07-03T20:53:04.768794462Z: [    1.339092] pci_bus 0000:00: root bus resource [io  0x0000-0x0cf7 window]
[STDERR  ] 2019-07-03T20:53:04.768806544Z: [    1.340090] pci_bus 0000:00: root bus resource [io  0x0d00-0xffff window]
[STDERR  ] 2019-07-03T20:53:04.768819194Z: [    1.341090] pci_bus 0000:00: root bus resource [mem 0x000a0000-0x000bffff window]
[STDERR  ] 2019-07-03T20:53:04.768831339Z: [    1.342090] pci_bus 0000:00: root bus resource [mem 0xc0000000-0xfebfffff window]
[STDERR  ] 2019-07-03T20:53:04.768844373Z: [    1.343091] pci_bus 0000:00: root bus resource [bus 00-ff]
[STDERR  ] 2019-07-03T20:53:04.768857243Z: [    1.415335] pci 0000:00:1f.0: quirk: [io  0x0600-0x067f] claimed by ICH6 ACPI/GPIO/TCO
[STDERR  ] 2019-07-03T20:53:04.768873328Z: [    1.443403] ACPI: PCI Interrupt Link [LNKA] (IRQs 5 *10 11)
[STDERR  ] 2019-07-03T20:53:04.768888174Z: [    1.444391] ACPI: PCI Interrupt Link [LNKB] (IRQs 5 *10 11)
[STDERR  ] 2019-07-03T20:53:04.768902806Z: [    1.446377] ACPI: PCI Interrupt Link [LNKC] (IRQs 5 10 *11)
[STDERR  ] 2019-07-03T20:53:04.768915445Z: [    1.447386] ACPI: PCI Interrupt Link [LNKD] (IRQs 5 10 *11)
[STDERR  ] 2019-07-03T20:53:04.768928330Z: [    1.449178] ACPI: PCI Interrupt Link [LNKE] (IRQs 5 *10 11)
[STDERR  ] 2019-07-03T20:53:04.768940848Z: [    1.450381] ACPI: PCI Interrupt Link [LNKF] (IRQs 5 *10 11)
[STDERR  ] 2019-07-03T20:53:04.768953734Z: [    1.451380] ACPI: PCI Interrupt Link [LNKG] (IRQs 5 10 *11)
[STDERR  ] 2019-07-03T20:53:04.768966897Z: [    1.453240] ACPI: PCI Interrupt Link [LNKH] (IRQs 5 10 *11)
[STDERR  ] 2019-07-03T20:53:04.768979621Z: [    1.454237] ACPI: PCI Interrupt Link [GSIA] (IRQs *16)
[STDERR  ] 2019-07-03T20:53:04.768991849Z: [    1.455111] ACPI: PCI Interrupt Link [GSIB] (IRQs *17)
[STDERR  ] 2019-07-03T20:53:04.769004181Z: [    1.456107] ACPI: PCI Interrupt Link [GSIC] (IRQs *18)
[STDERR  ] 2019-07-03T20:53:04.769017840Z: [    1.457110] ACPI: PCI Interrupt Link [GSID] (IRQs *19)
[STDERR  ] 2019-07-03T20:53:04.769029749Z: [    1.458107] ACPI: PCI Interrupt Link [GSIE] (IRQs *20)
[STDERR  ] 2019-07-03T20:53:04.769042397Z: [    1.459106] ACPI: PCI Interrupt Link [GSIF] (IRQs *21)
[STDERR  ] 2019-07-03T20:53:04.769054276Z: [    1.460102] ACPI: PCI Interrupt Link [GSIG] (IRQs *22)
[STDERR  ] 2019-07-03T20:53:04.769068677Z: [    1.461103] ACPI: PCI Interrupt Link [GSIH] (IRQs *23)
[STDERR  ] 2019-07-03T20:53:04.769085486Z: [    1.463471] SCSI subsystem initialized
[STDERR  ] 2019-07-03T20:53:04.769103570Z: [    1.465095] ACPI: bus type USB registered
[STDERR  ] 2019-07-03T20:53:04.769119664Z: [    1.466132] usbcore: registered new interface driver usbfs
[STDERR  ] 2019-07-03T20:53:04.769131508Z: [    1.467132] usbcore: registered new interface driver hub
[STDERR  ] 2019-07-03T20:53:04.769142765Z: [    1.468126] usbcore: registered new device driver usb
[STDERR  ] 2019-07-03T20:53:04.769154076Z: [    1.469123] pps_core: LinuxPPS API ver. 1 registered
[STDERR  ] 2019-07-03T20:53:04.769165414Z: [    1.470088] pps_core: Software ver. 5.3.6 - Copyright 2005-2007 Rodolfo Giometti <giometti@linux.it>
[STDERR  ] 2019-07-03T20:53:04.769185824Z: [    1.471105] PTP clock support registered
[STDERR  ] 2019-07-03T20:53:04.769197560Z: [    1.472191] PCI: Using ACPI for IRQ routing
[STDERR  ] 2019-07-03T20:53:04.769208905Z: [    1.922652] NetLabel: Initializing
[STDERR  ] 2019-07-03T20:53:04.769220349Z: [    1.923088] NetLabel:  domain hash size = 128
[STDERR  ] 2019-07-03T20:53:04.769232503Z: [    1.924086] NetLabel:  protocols = UNLABELED CIPSOv4 CALIPSO
[STDERR  ] 2019-07-03T20:53:04.769244506Z: [    1.925124] NetLabel:  unlabeled traffic allowed by default
[STDERR  ] 2019-07-03T20:53:04.769260261Z: [    1.926255] HPET: 3 timers in total, 0 timers will be used for per-cpu timer
[STDERR  ] 2019-07-03T20:53:04.769272775Z: [    1.927194] hpet0: at MMIO 0xfed00000, IRQs 2, 8, 0
[STDERR  ] 2019-07-03T20:53:04.769285190Z: [    1.928088] hpet0: 3 comparators, 64-bit 100.000000 MHz counter
[STDERR  ] 2019-07-03T20:53:04.769297838Z: [    1.932128] clocksource: Switched to clocksource kvm-clock
[STDERR  ] 2019-07-03T20:53:04.769311035Z: [    1.959522] VFS: Disk quotas dquot_6.6.0
[STDERR  ] 2019-07-03T20:53:04.769324399Z: [    1.963263] VFS: Dquot-cache hash table entries: 512 (order 0, 4096 bytes)
[STDERR  ] 2019-07-03T20:53:04.769337403Z: [    1.969483] FS-Cache: Loaded
[STDERR  ] 2019-07-03T20:53:04.769349101Z: [    1.972242] CacheFiles: Loaded
[STDERR  ] 2019-07-03T20:53:04.769367192Z: [    1.975078] pnp: PnP ACPI init
[STDERR  ] 2019-07-03T20:53:04.769379928Z: [    1.979031] pnp: PnP ACPI: found 5 devices
[STDERR  ] 2019-07-03T20:53:04.769392228Z: [    1.989181] clocksource: acpi_pm: mask: 0xffffff max_cycles: 0xffffff, max_idle_ns: 2085701024 ns
[STDERR  ] 2019-07-03T20:53:04.769408340Z: [    1.997251] NET: Registered protocol family 2
[STDERR  ] 2019-07-03T20:53:04.769420899Z: [    2.002079] tcp_listen_portaddr_hash hash table entries: 512 (order: 1, 8192 bytes)
[STDERR  ] 2019-07-03T20:53:04.769434079Z: [    2.009082] TCP established hash table entries: 8192 (order: 4, 65536 bytes)
[STDERR  ] 2019-07-03T20:53:04.769446674Z: [    2.015396] TCP bind hash table entries: 8192 (order: 5, 131072 bytes)
[STDERR  ] 2019-07-03T20:53:04.769458912Z: [    2.021236] TCP: Hash tables configured (established 8192 bind 8192)
[STDERR  ] 2019-07-03T20:53:04.769471335Z: [    2.027010] UDP hash table entries: 512 (order: 2, 16384 bytes)
[STDERR  ] 2019-07-03T20:53:04.769484998Z: [    2.032355] UDP-Lite hash table entries: 512 (order: 2, 16384 bytes)
[STDERR  ] 2019-07-03T20:53:04.769499906Z: [    2.038210] NET: Registered protocol family 1
[STDERR  ] 2019-07-03T20:53:04.769512212Z: [    2.042196] NET: Registered protocol family 44
[STDERR  ] 2019-07-03T20:53:04.769525273Z: [    2.046448] pci 0000:00:01.0: Video device with shadowed ROM at [mem 0x000c0000-0x000dffff]
[STDERR  ] 2019-07-03T20:53:04.769538176Z: [    2.054341] Trying to unpack rootfs image as initramfs...
[STDERR  ] 2019-07-03T20:53:04.769553254Z: [    2.892150] Freeing initrd memory: 43016K
[STDERR  ] 2019-07-03T20:53:04.769565293Z: [    2.896081] clocksource: tsc: mask: 0xffffffffffffffff max_cycles: 0x212670b980e, max_idle_ns: 440795215582 ns
[STDERR  ] 2019-07-03T20:53:04.769577535Z: [    2.905685] PCLMULQDQ-NI instructions are not detected.
[STDERR  ] 2019-07-03T20:53:04.769589396Z: [    2.910543] AVX or AES-NI instructions are not detected.
[STDERR  ] 2019-07-03T20:53:04.769601269Z: [    2.915609] CPU feature 'AVX registers' is not supported.
[STDERR  ] 2019-07-03T20:53:04.769619988Z: [    2.920533] CPU feature 'AVX registers' is not supported.
[STDERR  ] 2019-07-03T20:53:04.769636710Z: [    2.925425] CPU feature 'AVX registers' is not supported.
[STDERR  ] 2019-07-03T20:53:04.769648981Z: [    2.930329] CPU feature 'AVX registers' is not supported.
[STDERR  ] 2019-07-03T20:53:04.769661316Z: [    2.934689] AVX2 or AES-NI instructions are not detected.
[STDERR  ] 2019-07-03T20:53:04.769673822Z: [    2.939498] AVX2 instructions are not detected.
[STDERR  ] 2019-07-03T20:53:04.769690048Z: [    2.944277] workingset: timestamp_bits=46 max_order=18 bucket_order=0
[STDERR  ] 2019-07-03T20:53:04.769703043Z: [    2.950517] squashfs: version 4.0 (2009/01/31) Phillip Lougher
[STDERR  ] 2019-07-03T20:53:04.769715515Z: [    2.956007] FS-Cache: Netfs 'cifs' registered for caching
[STDERR  ] 2019-07-03T20:53:04.769728351Z: [    2.960966] fuse init (API version 7.27)
[STDERR  ] 2019-07-03T20:53:04.769740918Z: [    2.964874] SGI XFS with ACLs, security attributes, no debug enabled
[STDERR  ] 2019-07-03T20:53:04.769753262Z: [    2.970898] 9p: Installing v9fs 9p2000 file system support
[STDERR  ] 2019-07-03T20:53:04.769764738Z: [    2.975896] FS-Cache: Netfs '9p' registered for caching
[STDERR  ] 2019-07-03T20:53:04.769776318Z: [    2.981941] NET: Registered protocol family 38
[STDERR  ] 2019-07-03T20:53:04.769788472Z: [    2.986054] Key type asymmetric registered
[STDERR  ] 2019-07-03T20:53:04.769798918Z: [    2.989929] Asymmetric key parser 'x509' registered
[STDERR  ] 2019-07-03T20:53:04.769812276Z: [    2.994481] Block layer SCSI generic (bsg) driver version 0.4 loaded (major 247)
[STDERR  ] 2019-07-03T20:53:04.769823734Z: [    3.001202] io scheduler noop registered
[STDERR  ] 2019-07-03T20:53:04.769839476Z: [    3.004769] io scheduler deadline registered (default)
[STDERR  ] 2019-07-03T20:53:04.769852000Z: [    3.009463] io scheduler cfq registered
[STDERR  ] 2019-07-03T20:53:04.769864332Z: [    3.012996] io scheduler mq-deadline registered (default)
[STDERR  ] 2019-07-03T20:53:04.769876568Z: [    3.017875] io scheduler kyber registered
[STDERR  ] 2019-07-03T20:53:04.769889516Z: [    3.021660] shpchp: Standard Hot Plug PCI Controller Driver version: 0.4
[STDERR  ] 2019-07-03T20:53:04.769901993Z: [    3.027737] hv_vmbus: registering driver hyperv_fb
[STDERR  ] 2019-07-03T20:53:04.769914317Z: [    3.032252] input: Power Button as /devices/LNXSYSTM:00/LNXPWRBN:00/input/input0
[STDERR  ] 2019-07-03T20:53:04.769934097Z: [    3.038906] ACPI: Power Button [PWRF]
[STDERR  ] 2019-07-03T20:53:04.769947030Z: [    3.042971] PCI Interrupt Link [GSIG] enabled at IRQ 22
[STDERR  ] 2019-07-03T20:53:04.770001976Z: [    3.053661] PCI Interrupt Link [GSIH] enabled at IRQ 23
[STDERR  ] 2019-07-03T20:53:04.770051686Z: [    3.064217] Serial: 8250/16550 driver, 4 ports, IRQ sharing disabled
[STDERR  ] 2019-07-03T20:53:04.770071145Z: [    3.103703] 00:04: ttyS0 at I/O 0x3f8 (irq = 4, base_baud = 115200) is a 16550A
[STDERR  ] 2019-07-03T20:53:04.770083649Z: [    3.111170] Non-volatile memory driver v1.3
[STDERR  ] 2019-07-03T20:53:04.770096088Z: [    3.116647] Hangcheck: starting hangcheck timer 0.9.1 (tick is 180 seconds, margin is 60 seconds).
[STDERR  ] 2019-07-03T20:53:04.770109878Z: [    3.124856] random: fast init done
[STDERR  ] 2019-07-03T20:53:04.770122873Z: [    3.128857] random: crng init done
[STDERR  ] 2019-07-03T20:53:04.770135572Z: [    3.133323] brd: module loaded
[STDERR  ] 2019-07-03T20:53:04.770148823Z: [    3.138638] loop: module loaded
[STDERR  ] 2019-07-03T20:53:04.770161538Z: [    3.145373] lpc_ich 0000:00:1f.0: I/O space for GPIO uninitialized
[STDERR  ] 2019-07-03T20:53:04.770184701Z: [    3.151055] VMware PVSCSI driver - version 1.0.7.0-k
[STDERR  ] 2019-07-03T20:53:04.770197197Z: [    3.155609] hv_vmbus: registering driver hv_storvsc
[STDERR  ] 2019-07-03T20:53:04.770209825Z: [    3.160729] PCI Interrupt Link [GSIA] enabled at IRQ 16
[STDERR  ] 2019-07-03T20:53:04.770222477Z: [    3.168986] ahci 0000:00:1f.2: AHCI 0001.0000 32 slots 6 ports 1.5 Gbps 0x3f impl SATA mode
[STDERR  ] 2019-07-03T20:53:04.770246653Z: [    3.176427] ahci 0000:00:1f.2: flags: 64bit ncq only 
[STDERR  ] 2019-07-03T20:53:04.770265495Z: [    3.184433] scsi host0: ahci
[STDERR  ] 2019-07-03T20:53:04.770278090Z: [    3.187020] scsi host1: ahci
[STDERR  ] 2019-07-03T20:53:04.770291063Z: [    3.189610] scsi host2: ahci
[STDERR  ] 2019-07-03T20:53:04.770303375Z: [    3.192224] scsi host3: ahci
[STDERR  ] 2019-07-03T20:53:04.770322319Z: [    3.194781] scsi host4: ahci
[STDERR  ] 2019-07-03T20:53:04.770335229Z: [    3.197358] scsi host5: ahci
[STDERR  ] 2019-07-03T20:53:04.770348116Z: [    3.199930] ata1: SATA max UDMA/133 abar m4096@0xfebd2000 port 0xfebd2100 irq 24
[STDERR  ] 2019-07-03T20:53:04.770384103Z: [    3.206060] ata2: SATA max UDMA/133 abar m4096@0xfebd2000 port 0xfebd2180 irq 24
[STDERR  ] 2019-07-03T20:53:04.770410231Z: [    3.212189] ata3: SATA max UDMA/133 abar m4096@0xfebd2000 port 0xfebd2200 irq 24
[STDERR  ] 2019-07-03T20:53:04.770422417Z: [    3.218342] ata4: SATA max UDMA/133 abar m4096@0xfebd2000 port 0xfebd2280 irq 24
[STDERR  ] 2019-07-03T20:53:04.770435065Z: [    3.224611] ata5: SATA max UDMA/133 abar m4096@0xfebd2000 port 0xfebd2300 irq 24
[STDERR  ] 2019-07-03T20:53:04.770447734Z: [    3.230725] ata6: SATA max UDMA/133 abar m4096@0xfebd2000 port 0xfebd2380 irq 24
[STDERR  ] 2019-07-03T20:53:04.770487078Z: [    3.239235] tun: Universal TUN/TAP device driver, 1.6
[STDERR  ] 2019-07-03T20:53:04.770508720Z: [    3.248381] VMware vmxnet3 virtual NIC driver - version 1.4.16.0-k-NAPI
[STDERR  ] 2019-07-03T20:53:04.770520870Z: [    3.254769] hv_vmbus: registering driver hv_netvsc
[STDERR  ] 2019-07-03T20:53:04.770536777Z: [    3.259280] Fusion MPT base driver 3.04.20
[STDERR  ] 2019-07-03T20:53:04.770549334Z: [    3.262866] Copyright (c) 1999-2008 LSI Corporation
[STDERR  ] 2019-07-03T20:53:04.770586364Z: [    3.267090] Fusion MPT SPI Host driver 3.04.20
[STDERR  ] 2019-07-03T20:53:04.770609351Z: [    3.270844] i8042: PNP: PS/2 Controller [PNP0303:KBD,PNP0f13:MOU] at 0x60,0x64 irq 1,12
[STDERR  ] 2019-07-03T20:53:04.770621608Z: [    3.281492] serio: i8042 KBD port at 0x60,0x64 irq 1
[STDERR  ] 2019-07-03T20:53:04.770637342Z: [    3.286035] serio: i8042 AUX port at 0x60,0x64 irq 12
[STDERR  ] 2019-07-03T20:53:04.770649578Z: [    3.290774] hv_vmbus: registering driver hyperv_keyboard
[STDERR  ] 2019-07-03T20:53:04.770661188Z: [    3.295699] mousedev: PS/2 mouse device common for all mice
[STDERR  ] 2019-07-03T20:53:04.770673241Z: [    3.302144] input: AT Translated Set 2 keyboard as /devices/platform/i8042/serio0/input/input1
[STDERR  ] 2019-07-03T20:53:04.770686012Z: [    3.310004] input: PC Speaker as /devices/platform/pcspkr/input/input2
[STDERR  ] 2019-07-03T20:53:04.770698319Z: [    3.316293] rtc_cmos 00:00: RTC can wake from S4
[STDERR  ] 2019-07-03T20:53:04.770710663Z: [    3.323814] rtc_cmos 00:00: registered as rtc0
[STDERR  ] 2019-07-03T20:53:04.770723056Z: [    3.327995] rtc_cmos 00:00: alarms up to one day, y3k, 114 bytes nvram, hpet irqs
[STDERR  ] 2019-07-03T20:53:04.770735605Z: [    3.334796] i2c /dev entries driver
[STDERR  ] 2019-07-03T20:53:04.770747966Z: [    3.338437] device-mapper: ioctl: 4.39.0-ioctl (2018-04-03) initialised: dm-devel@redhat.com
[STDERR  ] 2019-07-03T20:53:04.770760336Z: [    3.346678] usbcore: registered new interface driver usbhid
[STDERR  ] 2019-07-03T20:53:04.770772819Z: [    3.351794] usbhid: USB HID core driver
[STDERR  ] 2019-07-03T20:53:04.770810207Z: [    3.355380] hv_utils: Registering HyperV Utility Driver
[STDERR  ] 2019-07-03T20:53:04.770826966Z: [    3.360114] hv_vmbus: registering driver hv_util
[STDERR  ] 2019-07-03T20:53:04.770838881Z: [    3.364358] hv_vmbus: registering driver hv_balloon
[STDERR  ] 2019-07-03T20:53:04.770851238Z: [    3.368842] oprofile: using NMI interrupt.
[STDERR  ] 2019-07-03T20:53:04.770863627Z: [    3.372676] GACT probability on
[STDERR  ] 2019-07-03T20:53:04.770876032Z: [    3.375630] Mirror/redirect action on
[STDERR  ] 2019-07-03T20:53:04.770888508Z: [    3.378989] Simple TC action Loaded
[STDERR  ] 2019-07-03T20:53:04.770929945Z: [    3.382227] u32 classifier
[STDERR  ] 2019-07-03T20:53:04.770947043Z: [    3.384815]     Performance counters on
[STDERR  ] 2019-07-03T20:53:04.770964123Z: [    3.388353]     input device check on
[STDERR  ] 2019-07-03T20:53:04.770982911Z: [    3.391690]     Actions configured
[STDERR  ] 2019-07-03T20:53:04.770994389Z: [    3.395159] xt_time: kernel timezone is -0000
[STDERR  ] 2019-07-03T20:53:04.771006427Z: [    3.399177] IPVS: Registered protocols (TCP, UDP, SCTP, AH, ESP)
[STDERR  ] 2019-07-03T20:53:04.771018882Z: [    3.404632] IPVS: Connection hash table configured (size=4096, memory=64Kbytes)
[STDERR  ] 2019-07-03T20:53:04.771031353Z: [    3.411501] IPVS: ipvs loaded.
[STDERR  ] 2019-07-03T20:53:04.771049426Z: [    3.414401] IPVS: [rr] scheduler registered.
[STDERR  ] 2019-07-03T20:53:04.771064291Z: [    3.418310] IPVS: [wrr] scheduler registered.
[STDERR  ] 2019-07-03T20:53:04.771080249Z: [    3.422282] IPVS: [lc] scheduler registered.
[STDERR  ] 2019-07-03T20:53:04.771095185Z: [    3.426208] IPVS: [wlc] scheduler registered.
[STDERR  ] 2019-07-03T20:53:04.771107454Z: [    3.430167] IPVS: [fo] scheduler registered.
[STDERR  ] 2019-07-03T20:53:04.771147707Z: [    3.434050] IPVS: [ovf] scheduler registered.
[STDERR  ] 2019-07-03T20:53:04.771164335Z: [    3.438049] IPVS: [lblc] scheduler registered.
[STDERR  ] 2019-07-03T20:53:04.771184890Z: [    3.442068] IPVS: [lblcr] scheduler registered.
[STDERR  ] 2019-07-03T20:53:04.771197631Z: [    3.446650] IPVS: [dh] scheduler registered.
[STDERR  ] 2019-07-03T20:53:04.771215655Z: [    3.450707] IPVS: [sh] scheduler registered.
[STDERR  ] 2019-07-03T20:53:04.771252740Z: [    3.454817] IPVS: [mh] scheduler registered.
[STDERR  ] 2019-07-03T20:53:04.771269424Z: [    3.458772] IPVS: [sed] scheduler registered.
[STDERR  ] 2019-07-03T20:53:04.771281749Z: [    3.462980] IPVS: [nq] scheduler registered.
[STDERR  ] 2019-07-03T20:53:04.771292458Z: [    3.466891] IPVS: ftp: loaded support on port[0] = 21
[STDERR  ] 2019-07-03T20:53:04.771304788Z: [    3.471784] ipip: IPv4 and MPLS over IPv4 tunneling driver
[STDERR  ] 2019-07-03T20:53:04.771315973Z: [    3.477228] gre: GRE over IPv4 demultiplexor driver
[STDERR  ] 2019-07-03T20:53:04.771329039Z: [    3.481797] ipt_CLUSTERIP: ClusterIP Version 0.8 loaded successfully
[STDERR  ] 2019-07-03T20:53:04.771342051Z: [    3.487931] NET: Registered protocol family 10
[STDERR  ] 2019-07-03T20:53:04.771354512Z: [    3.492473] Segment Routing with IPv6
[STDERR  ] 2019-07-03T20:53:04.771366875Z: [    3.496460] NET: Registered protocol family 17
[STDERR  ] 2019-07-03T20:53:04.771383524Z: [    3.500570] Bridge firewalling registered
[STDERR  ] 2019-07-03T20:53:04.771396091Z: [    3.504481] 8021q: 802.1Q VLAN Support v1.8
[STDERR  ] 2019-07-03T20:53:04.771408596Z: [    3.508433] 9pnet: Installing 9P2000 support
[STDERR  ] 2019-07-03T20:53:04.771421245Z: [    3.512576] Key type dns_resolver registered
[STDERR  ] 2019-07-03T20:53:04.771433307Z: [    3.516613] NET: Registered protocol family 40
[STDERR  ] 2019-07-03T20:53:04.771445761Z: [    3.521225] registered taskstats version 1
[STDERR  ] 2019-07-03T20:53:04.771458262Z: [    3.533395] Key type big_key registered
[STDERR  ] 2019-07-03T20:53:04.771470857Z: [    3.540916] Key type trusted registered
[STDERR  ] 2019-07-03T20:53:04.771483624Z: [    3.548476] Key type encrypted registered
[STDERR  ] 2019-07-03T20:53:04.771495732Z: [    3.552822] ata6: SATA link down (SStatus 0 SControl 300)
[STDERR  ] 2019-07-03T20:53:04.771510568Z: [    3.558549] ata5: SATA link down (SStatus 0 SControl 300)
[STDERR  ] 2019-07-03T20:53:04.771545827Z: [    3.564264] ata4: SATA link down (SStatus 0 SControl 300)
[STDERR  ] 2019-07-03T20:53:04.771566134Z: [    3.569977] ata3: SATA link up 1.5 Gbps (SStatus 113 SControl 300)
[STDERR  ] 2019-07-03T20:53:04.771578342Z: [    3.576637] ata2: SATA link down (SStatus 0 SControl 300)
[STDERR  ] 2019-07-03T20:53:04.771590647Z: [    3.582409] ata1: SATA link up 1.5 Gbps (SStatus 113 SControl 300)
[STDERR  ] 2019-07-03T20:53:04.771607290Z: [    3.588450] ima: No TPM chip found, activating TPM-bypass!
[STDERR  ] 2019-07-03T20:53:04.771649685Z: [    3.593470] ata1.00: ATA-7: QEMU HARDDISK, 2.5+, max UDMA/100
[STDERR  ] 2019-07-03T20:53:04.771671652Z: [    3.598695] ata1.00: 1048576 sectors, multi 16: LBA48 NCQ (depth 32)
[STDERR  ] 2019-07-03T20:53:04.771683934Z: [    3.604581] ata1.00: applying bridge limits
[STDERR  ] 2019-07-03T20:53:04.771698947Z: [    3.608764] ata3.00: ATAPI: QEMU DVD-ROM, 2.5+, max UDMA/100
[STDERR  ] 2019-07-03T20:53:04.771711059Z: [    3.613951] ata3.00: applying bridge limits
[STDERR  ] 2019-07-03T20:53:04.771746133Z: [    3.618160] ima: Allocated hash algorithm: sha256
[STDERR  ] 2019-07-03T20:53:04.771765250Z: [    3.622540] evm: Initialising EVM extended attributes:
[STDERR  ] 2019-07-03T20:53:04.771777310Z: [    3.627293] evm: security.ima
[STDERR  ] 2019-07-03T20:53:04.771794945Z: [    3.630049] evm: security.capability
[STDERR  ] 2019-07-03T20:53:04.771807439Z: [    3.633344] evm: HMAC attrs: 0x1
[STDERR  ] 2019-07-03T20:53:04.771820295Z: [    3.636674] ata3.00: configured for UDMA/100
[STDERR  ] 2019-07-03T20:53:04.771861740Z: [    3.641631] ata1.00: configured for UDMA/100
[STDERR  ] 2019-07-03T20:53:04.771879744Z: [    3.645695] scsi 0:0:0:0: Direct-Access     ATA      QEMU HARDDISK    2.5+ PQ: 0 ANSI: 5
[STDERR  ] 2019-07-03T20:53:04.771892953Z: [    3.653859] rtc_cmos 00:00: setting system clock to 2019-07-03 20:52:51 UTC (1562187171)
[STDERR  ] 2019-07-03T20:53:04.771905129Z: [    3.661375] sd 0:0:0:0: [sda] 1048576 512-byte logical blocks: (537 MB/512 MiB)
[STDERR  ] 2019-07-03T20:53:04.771917545Z: [    3.668167] sd 0:0:0:0: Attached scsi generic sg0 type 0
[STDERR  ] 2019-07-03T20:53:04.771929844Z: [    3.673004] sd 0:0:0:0: [sda] Write Protect is off
[STDERR  ] 2019-07-03T20:53:04.771945755Z: [    3.677463] Unstable clock detected, switching default tracing clock to "global"
[STDERR  ] 2019-07-03T20:53:04.771958401Z: [    3.677463] If you want to keep using the local clock, then add:
[STDERR  ] 2019-07-03T20:53:04.771970911Z: [    3.677463]   "trace_clock=local"
[STDERR  ] 2019-07-03T20:53:04.771983331Z: [    3.677463] on the kernel command line
[STDERR  ] 2019-07-03T20:53:04.771995921Z: [    3.696420] scsi 2:0:0:0: CD-ROM            QEMU     QEMU DVD-ROM     2.5+ PQ: 0 ANSI: 5
[STDERR  ] 2019-07-03T20:53:04.772008703Z: [    3.703932] sd 0:0:0:0: [sda] Write cache: enabled, read cache: enabled, doesn't support DPO or FUA
[STDERR  ] 2019-07-03T20:53:04.772058606Z: [    3.714286] sd 0:0:0:0: [sda] Attached SCSI disk
[STDERR  ] 2019-07-03T20:53:04.772088814Z: [    3.728295] sr 2:0:0:0: [sr0] scsi3-mmc drive: 4x/4x cd/rw xa/form2 tray
[STDERR  ] 2019-07-03T20:53:04.772129745Z: [    3.734382] cdrom: Uniform CD-ROM driver Revision: 3.20
[STDERR  ] 2019-07-03T20:53:04.772144456Z: [    3.739670] sr 2:0:0:0: Attached scsi generic sg1 type 5
[STDERR  ] 2019-07-03T20:53:04.772161437Z: [    3.747573] Freeing unused kernel image memory: 1588K
[STDERR  ] 2019-07-03T20:53:04.772179924Z: [    3.754200] Write protecting the kernel read-only data: 18432k
[STDERR  ] 2019-07-03T20:53:04.772191993Z: [    3.761775] Freeing unused kernel image memory: 2028K
[STDERR  ] 2019-07-03T20:53:04.772204867Z: [    3.766788] Freeing unused kernel image memory: 1080K
[STDERR  ] 2019-07-03T20:53:04.772217700Z: [    3.771516] Run /init as init process
[STDERR  ] 2019-07-03T20:53:04.772229570Z: 
[STDERR  ] 2019-07-03T20:53:04.772241777Z: Welcome to LinuxKit
[STDERR  ] 2019-07-03T20:53:04.772254761Z: 
[STDERR  ] 2019-07-03T20:53:04.772280970Z:                         ##         .
[STDERR  ] 2019-07-03T20:53:04.772294578Z:                   ## ## ##        ==
[STDERR  ] 2019-07-03T20:53:04.772306351Z:                ## ## ## ## ##    ===
[STDERR  ] 2019-07-03T20:53:04.772318908Z:            /"""""""""""""""""\___/ ===
[STDERR  ] 2019-07-03T20:53:04.772331464Z:           {                       /  ===-
[STDERR  ] 2019-07-03T20:53:04.772347085Z:            \______ O           __/
[STDERR  ] 2019-07-03T20:53:04.772360564Z:              \    \         __/
[STDERR  ] 2019-07-03T20:53:04.772379663Z:               \____\_______/
[STDERR  ] 2019-07-03T20:53:04.772391963Z: 
[STDERR  ] 2019-07-03T20:53:04.772408515Z: [    4.587146] raid6: sse2x1   gen()  8539 MB/s
[STDERR  ] 2019-07-03T20:53:04.772421639Z: [    4.608141] raid6: sse2x1   xor()  5853 MB/s
[STDERR  ] 2019-07-03T20:53:04.772434420Z: [    4.628146] raid6: sse2x2   gen() 10441 MB/s
[STDERR  ] 2019-07-03T20:53:04.772447025Z: [    4.648145] raid6: sse2x2   xor()  7191 MB/s
[STDERR  ] 2019-07-03T20:53:04.772459682Z: [    4.668145] raid6: sse2x4   gen() 12179 MB/s
[STDERR  ] 2019-07-03T20:53:04.772471876Z: [    4.688144] raid6: sse2x4   xor()  7822 MB/s
[STDERR  ] 2019-07-03T20:53:04.772489762Z: [    4.692179] raid6: using algorithm sse2x4 gen() 12179 MB/s
[STDERR  ] 2019-07-03T20:53:04.772502385Z: [    4.697158] raid6: .... xor() 7822 MB/s, rmw enabled
[STDERR  ] 2019-07-03T20:53:04.772515036Z: [    4.701915] raid6: using intx1 recovery algorithm
[STDERR  ] 2019-07-03T20:53:04.772530728Z: [    4.711182] xor: measuring software checksum speed
[STDERR  ] 2019-07-03T20:53:04.772543193Z: [    4.725144]    prefetch64-sse: 14136.000 MB/sec
[STDERR  ] 2019-07-03T20:53:04.772555644Z: [    4.739152]    generic_sse: 13288.000 MB/sec
[STDERR  ] 2019-07-03T20:53:04.772567995Z: [    4.743243] xor: using function: prefetch64-sse (14136.000 MB/sec)
[STDERR  ] 2019-07-03T20:53:04.772580796Z: [    4.776518] Btrfs loaded, crc32c=crc32c-generic
[STDERR  ] 2019-07-03T20:53:04.772592697Z: [    4.834580] IPVS: ftp: loaded support on port[0] = 21
[STDERR  ] 2019-07-03T20:53:04.772605078Z: [    4.975482]  sda:
[STDERR  ] 2019-07-03T20:53:04.772618276Z: [    4.986664]  sda:
[STDERR  ] 2019-07-03T20:53:04.772631256Z: [    5.257667]  sda: sda1
[STDERR  ] 2019-07-03T20:53:04.772644067Z: [    5.263836]  sda: sda1
[STDERR  ] 2019-07-03T20:53:04.772655826Z: [    6.348056] BTRFS: device fsid 786cf7a1-b372-4886-9022-4eb2a2b9798f devid 1 transid 5 /dev/sda1
[STDERR  ] 2019-07-03T20:53:04.772671826Z: 2019/07/03 20:52:51 Creating partition on /dev/sda
[STDERR  ] 2019-07-03T20:53:04.772684327Z: 2019/07/03 20:52:52 Partition /dev/sda1 successfully created!
[STDERR  ] 2019-07-03T20:53:04.772696702Z: [    6.424562] IPVS: ftp: loaded support on port[0] = 21
[STDERR  ] 2019-07-03T20:53:04.772709212Z: [    6.496503] FAT-fs (sda1): utf8 is not a recommended IO charset for FAT filesystems, filesystem will be case sensitive!
[STDERR  ] 2019-07-03T20:53:04.772722834Z: [    6.506906] FAT-fs (sda1): utf8 is not a recommended IO charset for FAT filesystems, filesystem will be case sensitive!
[STDERR  ] 2019-07-03T20:53:04.772734938Z: [    6.552722] BTRFS info (device sda1): disk space caching is enabled
[STDERR  ] 2019-07-03T20:53:04.772746523Z: [    6.558439] BTRFS info (device sda1): has skinny extents
[STDERR  ] 2019-07-03T20:53:04.772758873Z: [    6.563281] BTRFS info (device sda1): flagging fs with big metadata feature
[STDERR  ] 2019-07-03T20:53:04.772808615Z: [    6.574164] BTRFS info (device sda1): checking UUID tree
[STDERR  ] 2019-07-03T20:53:04.772825108Z: format_mount test suite PASSED
[STDERR  ] 2019-07-03T20:53:04.772837079Z: [   16.896661] sd 0:0:0:0: [sda] Synchronizing SCSI cache
[STDERR  ] 2019-07-03T20:53:04.772849359Z: [   16.902358] sd 0:0:0:0: [sda] Stopping disk
[STDERR  ] 2019-07-03T20:53:04.772862015Z: [   16.907670] ACPI: Preparing to enter system sleep state S5
[STDERR  ] 2019-07-03T20:53:04.772877708Z: [   16.913387] reboot: Power down
[STDERR  ] 2019-07-03T20:53:04.772891901Z: + echo [    0.000000] Linux version 4.19.56-linuxkit (root@2bca0d689baf) (gcc version 8.3.0 (Alpine 8.3.0)) #1 SMP Tue Jul 2 21:39:19 UTC 2019
[STDERR  ] 2019-07-03T20:53:04.772904627Z: [    0.000000] Command line: console=ttyS0 console=ttyAMA0
[STDERR  ] 2019-07-03T20:53:04.772916550Z: [    0.000000] x86/fpu: x87 FPU will use FXSAVE
[STDERR  ] 2019-07-03T20:53:04.772928396Z: [    0.000000] BIOS-provided physical RAM map:
[STDERR  ] 2019-07-03T20:53:04.772940604Z: [    0.000000] BIOS-e820: [mem 0x0000000000000000-0x000000000009fbff] usable
[STDERR  ] 2019-07-03T20:53:04.772953196Z: [    0.000000] BIOS-e820: [mem 0x000000000009fc00-0x000000000009ffff] reserved
[STDERR  ] 2019-07-03T20:53:04.772975958Z: [    0.000000] BIOS-e820: [mem 0x00000000000f0000-0x00000000000fffff] reserved
[STDERR  ] 2019-07-03T20:53:04.772992333Z: [    0.000000] BIOS-e820: [mem 0x0000000000100000-0x000000003ffdefff] usable
[STDERR  ] 2019-07-03T20:53:04.773004750Z: [    0.000000] BIOS-e820: [mem 0x000000003ffdf000-0x000000003fffffff] reserved
[STDERR  ] 2019-07-03T20:53:04.773016674Z: [    0.000000] BIOS-e820: [mem 0x00000000b0000000-0x00000000bfffffff] reserved
[STDERR  ] 2019-07-03T20:53:04.773028612Z: [    0.000000] BIOS-e820: [mem 0x00000000fed1c000-0x00000000fed1ffff] reserved
[STDERR  ] 2019-07-03T20:53:04.773040898Z: [    0.000000] BIOS-e820: [mem 0x00000000feffc000-0x00000000feffffff] reserved
[STDERR  ] 2019-07-03T20:53:04.773053625Z: [    0.000000] BIOS-e820: [mem 0x00000000fffc0000-0x00000000ffffffff] reserved
[STDERR  ] 2019-07-03T20:53:04.773069108Z: [    0.000000] NX (Execute Disable) protection: active
[STDERR  ] 2019-07-03T20:53:04.773081935Z: [    0.000000] SMBIOS 2.8 present.
[STDERR  ] 2019-07-03T20:53:04.773094890Z: [    0.000000] DMI: QEMU Standard PC (Q35 + ICH9, 2009), BIOS 1.10.2-1 04/01/2014
[STDERR  ] 2019-07-03T20:53:04.773106701Z: [    0.000000] Hypervisor detected: KVM
[STDERR  ] 2019-07-03T20:53:04.773119195Z: [    0.000000] kvm-clock: Using msrs 4b564d01 and 4b564d00
[STDERR  ] 2019-07-03T20:53:04.773131569Z: [    0.562616] kvm-clock: cpu 0, msr 1081e001, primary cpu clock
[STDERR  ] 2019-07-03T20:53:04.773144106Z: [    0.562616] clocksource: kvm-clock: mask: 0xffffffffffffffff max_cycles: 0x1cd42e4dffb, max_idle_ns: 881590591483 ns
[STDERR  ] 2019-07-03T20:53:04.773156904Z: [    0.562628] tsc: Detected 2299.792 MHz processor
[STDERR  ] 2019-07-03T20:53:04.773179721Z: [    0.565835] last_pfn = 0x3ffdf max_arch_pfn = 0x400000000
[STDERR  ] 2019-07-03T20:53:04.773191428Z: [    0.566479] x86/PAT: PAT not supported by CPU.
[STDERR  ] 2019-07-03T20:53:04.773203297Z: [    0.566539] x86/PAT: Configuration [0-7]: WB  WT  UC- UC  WB  WT  UC- UC  
[STDERR  ] 2019-07-03T20:53:04.773215926Z: [    0.577052] found SMP MP-table at [mem 0x000f6a90-0x000f6a9f]
[STDERR  ] 2019-07-03T20:53:04.773228112Z: [    0.577392] RAMDISK: [mem 0x3d5ce000-0x3ffcffff]
[STDERR  ] 2019-07-03T20:53:04.773240731Z: [    0.577605] ACPI: Early table checksum verification disabled
[STDERR  ] 2019-07-03T20:53:04.773252579Z: [    0.577735] ACPI: RSDP 0x00000000000F68D0 000014 (v00 BOCHS )
[STDERR  ] 2019-07-03T20:53:04.773265069Z: [    0.577743] ACPI: RSDT 0x000000003FFE2404 000034 (v01 BOCHS  BXPCRSDT 00000001 BXPC 00000001)
[STDERR  ] 2019-07-03T20:53:04.773277092Z: [    0.577762] ACPI: FACP 0x000000003FFE22A4 000074 (v01 BOCHS  BXPCFACP 00000001 BXPC 00000001)
[STDERR  ] 2019-07-03T20:53:04.773289232Z: [    0.577769] ACPI: DSDT 0x000000003FFE0040 002264 (v01 BOCHS  BXPCDSDT 00000001 BXPC 00000001)
[STDERR  ] 2019-07-03T20:53:04.773301677Z: [    0.577774] ACPI: FACS 0x000000003FFE0000 000040
[STDERR  ] 2019-07-03T20:53:04.773314042Z: [    0.577778] ACPI: APIC 0x000000003FFE2318 000078 (v01 BOCHS  BXPCAPIC 00000001 BXPC 00000001)
[STDERR  ] 2019-07-03T20:53:04.773331022Z: [    0.577782] ACPI: HPET 0x000000003FFE2390 000038 (v01 BOCHS  BXPCHPET 00000001 BXPC 00000001)
[STDERR  ] 2019-07-03T20:53:04.773343629Z: [    0.577786] ACPI: MCFG 0x000000003FFE23C8 00003C (v01 BOCHS  BXPCMCFG 00000001 BXPC 00000001)
[STDERR  ] 2019-07-03T20:53:04.773359253Z: [    0.578556] Zone ranges:
[STDERR  ] 2019-07-03T20:53:04.773372716Z: [    0.578558]   DMA      [mem 0x0000000000001000-0x0000000000ffffff]
[STDERR  ] 2019-07-03T20:53:04.773384515Z: [    0.578560]   DMA32    [mem 0x0000000001000000-0x000000003ffdefff]
[STDERR  ] 2019-07-03T20:53:04.773396802Z: [    0.578561]   Normal   empty
[STDERR  ] 2019-07-03T20:53:04.773409425Z: [    0.578563]   Device   empty
[STDERR  ] 2019-07-03T20:53:04.773422272Z: [    0.578564] Movable zone start for each node
[STDERR  ] 2019-07-03T20:53:04.773438119Z: [    0.578565] Early memory node ranges
[STDERR  ] 2019-07-03T20:53:04.773455769Z: [    0.578566]   node   0: [mem 0x0000000000001000-0x000000000009efff]
[STDERR  ] 2019-07-03T20:53:04.773474605Z: [    0.578568]   node   0: [mem 0x0000000000100000-0x000000003ffdefff]
[STDERR  ] 2019-07-03T20:53:04.773527689Z: [    0.579182] Reserved but unavailable: 98 pages
[STDERR  ] 2019-07-03T20:53:04.773544468Z: [    0.579184] Initmem setup node 0 [mem 0x0000000000001000-0x000000003ffdefff]
[STDERR  ] 2019-07-03T20:53:04.773556551Z: [    0.590819] ACPI: PM-Timer IO Port: 0x608
[STDERR  ] 2019-07-03T20:53:04.773568873Z: [    0.590868] ACPI: LAPIC_NMI (acpi_id[0xff] dfl dfl lint[0x1])
[STDERR  ] 2019-07-03T20:53:04.773580652Z: [    0.591130] IOAPIC[0]: apic_id 0, version 17, address 0xfec00000, GSI 0-23
[STDERR  ] 2019-07-03T20:53:04.773592554Z: [    0.591134] ACPI: INT_SRC_OVR (bus 0 bus_irq 0 global_irq 2 dfl dfl)
[STDERR  ] 2019-07-03T20:53:04.773604575Z: [    0.591136] ACPI: INT_SRC_OVR (bus 0 bus_irq 5 global_irq 5 high level)
[STDERR  ] 2019-07-03T20:53:04.773617399Z: [    0.591138] ACPI: INT_SRC_OVR (bus 0 bus_irq 9 global_irq 9 high level)
[STDERR  ] 2019-07-03T20:53:04.773630181Z: [    0.591144] ACPI: INT_SRC_OVR (bus 0 bus_irq 10 global_irq 10 high level)
[STDERR  ] 2019-07-03T20:53:04.773642276Z: [    0.591145] ACPI: INT_SRC_OVR (bus 0 bus_irq 11 global_irq 11 high level)
[STDERR  ] 2019-07-03T20:53:04.773654463Z: [    0.591153] Using ACPI (MADT) for SMP configuration information
[STDERR  ] 2019-07-03T20:53:04.773667011Z: [    0.591155] ACPI: HPET id: 0x8086a201 base: 0xfed00000
[STDERR  ] 2019-07-03T20:53:04.773682574Z: [    0.591195] smpboot: Allowing 1 CPUs, 0 hotplug CPUs
[STDERR  ] 2019-07-03T20:53:04.773694908Z: [    0.591324] [mem 0x40000000-0xafffffff] available for PCI devices
[STDERR  ] 2019-07-03T20:53:04.773707617Z: [    0.591325] Booting paravirtualized kernel on KVM
[STDERR  ] 2019-07-03T20:53:04.773719850Z: [    0.591328] clocksource: refined-jiffies: mask: 0xffffffff max_cycles: 0xffffffff, max_idle_ns: 1910969940391419 ns
[STDERR  ] 2019-07-03T20:53:04.773732009Z: [    0.696470] random: get_random_bytes called from start_kernel+0x91/0x512 with crng_init=0
[STDERR  ] 2019-07-03T20:53:04.773744775Z: [    0.696490] setup_percpu: NR_CPUS:128 nr_cpumask_bits:128 nr_cpu_ids:1 nr_node_ids:1
[STDERR  ] 2019-07-03T20:53:04.773757461Z: [    0.697280] percpu: Embedded 45 pages/cpu s145112 r8192 d31016 u2097152
[STDERR  ] 2019-07-03T20:53:04.773770721Z: [    0.697382] KVM setup async PF for cpu 0
[STDERR  ] 2019-07-03T20:53:04.773783377Z: [    0.697439] kvm-stealtime: cpu 0, msr 3c015e80
[STDERR  ] 2019-07-03T20:53:04.773795716Z: [    0.697468] Built 1 zonelists, mobility grouping on.  Total pages: 257896
[STDERR  ] 2019-07-03T20:53:04.773811659Z: [    0.697471] Kernel command line: console=ttyS0 console=ttyAMA0
[STDERR  ] 2019-07-03T20:53:04.773823738Z: [    0.697718] Dentry cache hash table entries: 131072 (order: 8, 1048576 bytes)
[STDERR  ] 2019-07-03T20:53:04.773836186Z: [    0.697794] Inode-cache hash table entries: 65536 (order: 7, 524288 bytes)
[STDERR  ] 2019-07-03T20:53:04.773849073Z: [    0.701575] Memory: 959908K/1048052K available (12300K kernel code, 1583K rwdata, 3016K rodata, 1588K init, 2020K bss, 88144K reserved, 0K cma-reserved)
[STDERR  ] 2019-07-03T20:53:04.773862779Z: [    0.702388] Kernel/User page tables isolation: enabled
[STDERR  ] 2019-07-03T20:53:04.773875132Z: [    0.702491] ftrace: allocating 43136 entries in 169 pages
[STDERR  ] 2019-07-03T20:53:04.773890044Z: [    0.725000] rcu: Hierarchical RCU implementation.
[STDERR  ] 2019-07-03T20:53:04.773902085Z: [    0.725004] rcu: 	RCU restricting CPUs from NR_CPUS=128 to nr_cpu_ids=1.
[STDERR  ] 2019-07-03T20:53:04.773914476Z: [    0.725005] rcu: Adjusting geometry for rcu_fanout_leaf=16, nr_cpu_ids=1
[STDERR  ] 2019-07-03T20:53:04.773927218Z: [    0.727930] NR_IRQS: 8448, nr_irqs: 256, preallocated irqs: 16
[STDERR  ] 2019-07-03T20:53:04.773939107Z: [    0.759478] Console: colour VGA+ 80x25
[STDERR  ] 2019-07-03T20:53:04.773952503Z: [    1.197169] console [ttyS0] enabled
[STDERR  ] 2019-07-03T20:53:04.773965306Z: [    1.200412] ACPI: Core revision 20180810
[STDERR  ] 2019-07-03T20:53:04.773983290Z: [    1.205006] clocksource: hpet: mask: 0xffffffff max_cycles: 0xffffffff, max_idle_ns: 19112604467 ns
[STDERR  ] 2019-07-03T20:53:04.773999970Z: [    1.213868] APIC: Switch to symmetric I/O mode setup
[STDERR  ] 2019-07-03T20:53:04.774012399Z: [    1.220946] x2apic enabled
[STDERR  ] 2019-07-03T20:53:04.774026009Z: [    1.225681] Switched APIC routing to physical x2apic.
[STDERR  ] 2019-07-03T20:53:04.774038540Z: [    1.240084] ..TIMER: vector=0x30 apic1=0 pin1=2 apic2=-1 pin2=-1
[STDERR  ] 2019-07-03T20:53:04.774051113Z: [    1.245645] clocksource: tsc-early: mask: 0xffffffffffffffff max_cycles: 0x212670b980e, max_idle_ns: 440795215582 ns
[STDERR  ] 2019-07-03T20:53:04.774063389Z: [    1.255115] Calibrating delay loop (skipped) preset value.. 4599.58 BogoMIPS (lpj=2299792)
[STDERR  ] 2019-07-03T20:53:04.774078583Z: [    1.256105] pid_max: default: 32768 minimum: 301
[STDERR  ] 2019-07-03T20:53:04.774090645Z: [    1.257209] Security Framework initialized
[STDERR  ] 2019-07-03T20:53:04.774103332Z: [    1.258090] Yama: becoming mindful.
[STDERR  ] 2019-07-03T20:53:04.774116178Z: [    1.259140] Mount-cache hash table entries: 2048 (order: 2, 16384 bytes)
[STDERR  ] 2019-07-03T20:53:04.774129135Z: [    1.260094] Mountpoint-cache hash table entries: 2048 (order: 2, 16384 bytes)
[STDERR  ] 2019-07-03T20:53:04.774141797Z: [    1.264137] Last level iTLB entries: 4KB 0, 2MB 0, 4MB 0
[STDERR  ] 2019-07-03T20:53:04.774159198Z: [    1.265091] Last level dTLB entries: 4KB 0, 2MB 0, 4MB 0, 1GB 0
[STDERR  ] 2019-07-03T20:53:04.774177620Z: [    1.266092] Spectre V2 : Mitigation: Full generic retpoline
[STDERR  ] 2019-07-03T20:53:04.774194308Z: [    1.267088] Spectre V2 : Spectre v2 / SpectreRSB mitigation: Filling RSB on context switch
[STDERR  ] 2019-07-03T20:53:04.774206785Z: [    1.268090] Speculative Store Bypass: Vulnerable
[STDERR  ] 2019-07-03T20:53:04.774222433Z: [    1.269108] MDS: Vulnerable: Clear CPU buffers attempted, no microcode
[STDERR  ] 2019-07-03T20:53:04.774235206Z: [    1.280095] Freeing SMP alternatives memory: 20K
[STDERR  ] 2019-07-03T20:53:04.774247210Z: [    1.283083] smpboot: CPU0: Intel QEMU Virtual CPU version 2.5+ (family: 0x6, model: 0x6, stepping: 0x3)
[STDERR  ] 2019-07-03T20:53:04.774259847Z: [    1.283265] Performance Events: PMU not available due to virtualization, using software events only.
[STDERR  ] 2019-07-03T20:53:04.774272106Z: [    1.285395] rcu: Hierarchical SRCU implementation.
[STDERR  ] 2019-07-03T20:53:04.774284153Z: [    1.286220] NMI watchdog: Perf NMI watchdog permanently disabled
[STDERR  ] 2019-07-03T20:53:04.774296566Z: [    1.288162] smp: Bringing up secondary CPUs ...
[STDERR  ] 2019-07-03T20:53:04.774309154Z: [    1.289088] smp: Brought up 1 node, 1 CPU
[STDERR  ] 2019-07-03T20:53:04.774321829Z: [    1.290091] smpboot: Max logical packages: 1
[STDERR  ] 2019-07-03T20:53:04.774336790Z: [    1.291088] smpboot: Total of 1 processors activated (4599.58 BogoMIPS)
[STDERR  ] 2019-07-03T20:53:04.774348563Z: [    1.293134] devtmpfs: initialized
[STDERR  ] 2019-07-03T20:53:04.774361932Z: [    1.294164] x86/mm: Memory block size: 128MB
[STDERR  ] 2019-07-03T20:53:04.774374785Z: [    1.295469] clocksource: jiffies: mask: 0xffffffff max_cycles: 0xffffffff, max_idle_ns: 1911260446275000 ns
[STDERR  ] 2019-07-03T20:53:04.774392889Z: [    1.296095] futex hash table entries: 256 (order: 2, 16384 bytes)
[STDERR  ] 2019-07-03T20:53:04.774405025Z: [    1.298103] NET: Registered protocol family 16
[STDERR  ] 2019-07-03T20:53:04.774416788Z: [    1.299274] audit: initializing netlink subsys (disabled)
[STDERR  ] 2019-07-03T20:53:04.774428655Z: [    1.300164] audit: type=2000 audit(1562187168.118:1): state=initialized audit_enabled=0 res=1
[STDERR  ] 2019-07-03T20:53:04.774440677Z: [    1.301202] cpuidle: using governor ladder
[STDERR  ] 2019-07-03T20:53:04.774453398Z: [    1.302089] cpuidle: using governor menu
[STDERR  ] 2019-07-03T20:53:04.774465884Z: [    1.303231] ACPI: bus type PCI registered
[STDERR  ] 2019-07-03T20:53:04.774485695Z: [    1.304088] acpiphp: ACPI Hot Plug PCI Controller Driver version: 0.5
[STDERR  ] 2019-07-03T20:53:04.774502625Z: [    1.306509] PCI: MMCONFIG for domain 0000 [bus 00-ff] at [mem 0xb0000000-0xbfffffff] (base 0xb0000000)
[STDERR  ] 2019-07-03T20:53:04.774514803Z: [    1.307094] PCI: MMCONFIG at [mem 0xb0000000-0xbfffffff] reserved in E820
[STDERR  ] 2019-07-03T20:53:04.774526476Z: [    1.308107] PCI: Using configuration type 1 for base access
[STDERR  ] 2019-07-03T20:53:04.774538794Z: [    1.311815] HugeTLB registered 2.00 MiB page size, pre-allocated 0 pages
[STDERR  ] 2019-07-03T20:53:04.774553699Z: [    1.312259] cryptd: max_cpu_qlen set to 1000
[STDERR  ] 2019-07-03T20:53:04.774566430Z: [    1.314170] ACPI: Added _OSI(Module Device)
[STDERR  ] 2019-07-03T20:53:04.774578371Z: [    1.315090] ACPI: Added _OSI(Processor Device)
[STDERR  ] 2019-07-03T20:53:04.774590654Z: [    1.316089] ACPI: Added _OSI(3.0 _SCP Extensions)
[STDERR  ] 2019-07-03T20:53:04.774602478Z: [    1.317088] ACPI: Added _OSI(Processor Aggregator Device)
[STDERR  ] 2019-07-03T20:53:04.774614797Z: [    1.318105] ACPI: Added _OSI(Linux-Dell-Video)
[STDERR  ] 2019-07-03T20:53:04.774630958Z: [    1.319088] ACPI: Added _OSI(Linux-Lenovo-NV-HDMI-Audio)
[STDERR  ] 2019-07-03T20:53:04.774643649Z: [    1.321513] ACPI: 1 ACPI AML tables successfully acquired and loaded
[STDERR  ] 2019-07-03T20:53:04.774656061Z: [    1.324264] ACPI: Interpreter enabled
[STDERR  ] 2019-07-03T20:53:04.774668670Z: [    1.325097] ACPI: (supports S0 S5)
[STDERR  ] 2019-07-03T20:53:04.774680613Z: [    1.326088] ACPI: Using IOAPIC for interrupt routing
[STDERR  ] 2019-07-03T20:53:04.774692750Z: [    1.327144] PCI: Using host bridge windows from ACPI; if necessary, use "pci=nocrs" and report a bug
[STDERR  ] 2019-07-03T20:53:04.774704552Z: [    1.328320] ACPI: Enabled 2 GPEs in block 00 to 3F
[STDERR  ] 2019-07-03T20:53:04.774716510Z: [    1.333466] ACPI: PCI Root Bridge [PCI0] (domain 0000 [bus 00-ff])
[STDERR  ] 2019-07-03T20:53:04.774728937Z: [    1.335088] acpi PNP0A08:00: _OSC: OS supports [ExtendedConfig ASPM ClockPM Segments MSI]
[STDERR  ] 2019-07-03T20:53:04.774741530Z: [    1.336201] acpi PNP0A08:00: _OSC: platform does not support [SHPCHotplug LTR]
[STDERR  ] 2019-07-03T20:53:04.774754060Z: [    1.337180] acpi PNP0A08:00: _OSC: OS now controls [PCIeHotplug PME PCIeCapability]
[STDERR  ] 2019-07-03T20:53:04.774766530Z: [    1.338526] PCI host bridge to bus 0000:00
[STDERR  ] 2019-07-03T20:53:04.774778839Z: [    1.339092] pci_bus 0000:00: root bus resource [io  0x0000-0x0cf7 window]
[STDERR  ] 2019-07-03T20:53:04.774791667Z: [    1.340090] pci_bus 0000:00: root bus resource [io  0x0d00-0xffff window]
[STDERR  ] 2019-07-03T20:53:04.774804160Z: [    1.341090] pci_bus 0000:00: root bus resource [mem 0x000a0000-0x000bffff window]
[STDERR  ] 2019-07-03T20:53:04.774816879Z: [    1.342090] pci_bus 0000:00: root bus resource [mem 0xc0000000-0xfebfffff window]
[STDERR  ] 2019-07-03T20:53:04.774829337Z: [    1.343091] pci_bus 0000:00: root bus resource [bus 00-ff]
[STDERR  ] 2019-07-03T20:53:04.774842124Z: [    1.415335] pci 0000:00:1f.0: quirk: [io  0x0600-0x067f] claimed by ICH6 ACPI/GPIO/TCO
[STDERR  ] 2019-07-03T20:53:04.774857777Z: [    1.443403] ACPI: PCI Interrupt Link [LNKA] (IRQs 5 *10 11)
[STDERR  ] 2019-07-03T20:53:04.774872149Z: [    1.444391] ACPI: PCI Interrupt Link [LNKB] (IRQs 5 *10 11)
[STDERR  ] 2019-07-03T20:53:04.774884076Z: [    1.446377] ACPI: PCI Interrupt Link [LNKC] (IRQs 5 10 *11)
[STDERR  ] 2019-07-03T20:53:04.774896705Z: [    1.447386] ACPI: PCI Interrupt Link [LNKD] (IRQs 5 10 *11)
[STDERR  ] 2019-07-03T20:53:04.774909110Z: [    1.449178] ACPI: PCI Interrupt Link [LNKE] (IRQs 5 *10 11)
[STDERR  ] 2019-07-03T20:53:04.774920906Z: [    1.450381] ACPI: PCI Interrupt Link [LNKF] (IRQs 5 *10 11)
[STDERR  ] 2019-07-03T20:53:04.774932967Z: [    1.451380] ACPI: PCI Interrupt Link [LNKG] (IRQs 5 10 *11)
[STDERR  ] 2019-07-03T20:53:04.774949797Z: [    1.453240] ACPI: PCI Interrupt Link [LNKH] (IRQs 5 10 *11)
[STDERR  ] 2019-07-03T20:53:04.774967773Z: [    1.454237] ACPI: PCI Interrupt Link [GSIA] (IRQs *16)
[STDERR  ] 2019-07-03T20:53:04.774985483Z: [    1.455111] ACPI: PCI Interrupt Link [GSIB] (IRQs *17)
[STDERR  ] 2019-07-03T20:53:04.774997327Z: [    1.456107] ACPI: PCI Interrupt Link [GSIC] (IRQs *18)
[STDERR  ] 2019-07-03T20:53:04.775009709Z: [    1.457110] ACPI: PCI Interrupt Link [GSID] (IRQs *19)
[STDERR  ] 2019-07-03T20:53:04.775022407Z: [    1.458107] ACPI: PCI Interrupt Link [GSIE] (IRQs *20)
[STDERR  ] 2019-07-03T20:53:04.775036911Z: [    1.459106] ACPI: PCI Interrupt Link [GSIF] (IRQs *21)
[STDERR  ] 2019-07-03T20:53:04.775049171Z: [    1.460102] ACPI: PCI Interrupt Link [GSIG] (IRQs *22)
[STDERR  ] 2019-07-03T20:53:04.775061567Z: [    1.461103] ACPI: PCI Interrupt Link [GSIH] (IRQs *23)
[STDERR  ] 2019-07-03T20:53:04.775073747Z: [    1.463471] SCSI subsystem initialized
[STDERR  ] 2019-07-03T20:53:04.775086150Z: [    1.465095] ACPI: bus type USB registered
[STDERR  ] 2019-07-03T20:53:04.775098711Z: [    1.466132] usbcore: registered new interface driver usbfs
[STDERR  ] 2019-07-03T20:53:04.775111090Z: [    1.467132] usbcore: registered new interface driver hub
[STDERR  ] 2019-07-03T20:53:04.775123126Z: [    1.468126] usbcore: registered new device driver usb
[STDERR  ] 2019-07-03T20:53:04.775134692Z: [    1.469123] pps_core: LinuxPPS API ver. 1 registered
[STDERR  ] 2019-07-03T20:53:04.775146836Z: [    1.470088] pps_core: Software ver. 5.3.6 - Copyright 2005-2007 Rodolfo Giometti <giometti@linux.it>
[STDERR  ] 2019-07-03T20:53:04.775159614Z: [    1.471105] PTP clock support registered
[STDERR  ] 2019-07-03T20:53:04.775264879Z: [    1.472191] PCI: Using ACPI for IRQ routing
[STDERR  ] 2019-07-03T20:53:04.775279239Z: [    1.922652] NetLabel: Initializing
[STDERR  ] 2019-07-03T20:53:04.775292263Z: [    1.923088] NetLabel:  domain hash size = 128
[STDERR  ] 2019-07-03T20:53:04.775305781Z: [    1.924086] NetLabel:  protocols = UNLABELED CIPSOv4 CALIPSO
[STDERR  ] 2019-07-03T20:53:04.775318302Z: [    1.925124] NetLabel:  unlabeled traffic allowed by default
[STDERR  ] 2019-07-03T20:53:04.775330863Z: [    1.926255] HPET: 3 timers in total, 0 timers will be used for per-cpu timer
[STDERR  ] 2019-07-03T20:53:04.775343502Z: [    1.927194] hpet0: at MMIO 0xfed00000, IRQs 2, 8, 0
[STDERR  ] 2019-07-03T20:53:04.775355078Z: [    1.928088] hpet0: 3 comparators, 64-bit 100.000000 MHz counter
[STDERR  ] 2019-07-03T20:53:04.775367284Z: [    1.932128] clocksource: Switched to clocksource kvm-clock
[STDERR  ] 2019-07-03T20:53:04.775383809Z: [    1.959522] VFS: Disk quotas dquot_6.6.0
[STDERR  ] 2019-07-03T20:53:04.775395849Z: [    1.963263] VFS: Dquot-cache hash table entries: 512 (order 0, 4096 bytes)
[STDERR  ] 2019-07-03T20:53:04.775408402Z: [    1.969483] FS-Cache: Loaded
[STDERR  ] 2019-07-03T20:53:04.775420579Z: [    1.972242] CacheFiles: Loaded
[STDERR  ] 2019-07-03T20:53:04.775438098Z: [    1.975078] pnp: PnP ACPI init
[STDERR  ] 2019-07-03T20:53:04.775450831Z: [    1.979031] pnp: PnP ACPI: found 5 devices
[STDERR  ] 2019-07-03T20:53:04.775463541Z: [    1.989181] clocksource: acpi_pm: mask: 0xffffff max_cycles: 0xffffff, max_idle_ns: 2085701024 ns
[STDERR  ] 2019-07-03T20:53:04.775477007Z: [    1.997251] NET: Registered protocol family 2
[STDERR  ] 2019-07-03T20:53:04.775489813Z: [    2.002079] tcp_listen_portaddr_hash hash table entries: 512 (order: 1, 8192 bytes)
[STDERR  ] 2019-07-03T20:53:04.775502788Z: [    2.009082] TCP established hash table entries: 8192 (order: 4, 65536 bytes)
[STDERR  ] 2019-07-03T20:53:04.775516299Z: [    2.015396] TCP bind hash table entries: 8192 (order: 5, 131072 bytes)
[STDERR  ] 2019-07-03T20:53:04.775532144Z: [    2.021236] TCP: Hash tables configured (established 8192 bind 8192)
[STDERR  ] 2019-07-03T20:53:04.775547751Z: [    2.027010] UDP hash table entries: 512 (order: 2, 16384 bytes)
[STDERR  ] 2019-07-03T20:53:04.775573807Z: [    2.032355] UDP-Lite hash table entries: 512 (order: 2, 16384 bytes)
[STDERR  ] 2019-07-03T20:53:04.775590499Z: [    2.038210] NET: Registered protocol family 1
[STDERR  ] 2019-07-03T20:53:04.775616278Z: [    2.042196] NET: Registered protocol family 44
[STDERR  ] 2019-07-03T20:53:04.775629271Z: [    2.046448] pci 0000:00:01.0: Video device with shadowed ROM at [mem 0x000c0000-0x000dffff]
[STDERR  ] 2019-07-03T20:53:04.775646235Z: [    2.054341] Trying to unpack rootfs image as initramfs...
[STDERR  ] 2019-07-03T20:53:04.775659251Z: [    2.892150] Freeing initrd memory: 43016K
[STDERR  ] 2019-07-03T20:53:04.775671906Z: [    2.896081] clocksource: tsc: mask: 0xffffffffffffffff max_cycles: 0x212670b980e, max_idle_ns: 440795215582 ns
[STDERR  ] 2019-07-03T20:53:04.775685101Z: [    2.905685] PCLMULQDQ-NI instructions are not detected.
[STDERR  ] 2019-07-03T20:53:04.775698184Z: [    2.910543] AVX or AES-NI instructions are not detected.
[STDERR  ] 2019-07-03T20:53:04.775711070Z: [    2.915609] CPU feature 'AVX registers' is not supported.
[STDERR  ] 2019-07-03T20:53:04.775723347Z: [    2.920533] CPU feature 'AVX registers' is not supported.
[STDERR  ] 2019-07-03T20:53:04.775735596Z: [    2.925425] CPU feature 'AVX registers' is not supported.
[STDERR  ] 2019-07-03T20:53:04.775747609Z: [    2.930329] CPU feature 'AVX registers' is not supported.
[STDERR  ] 2019-07-03T20:53:04.775760668Z: [    2.934689] AVX2 or AES-NI instructions are not detected.
[STDERR  ] 2019-07-03T20:53:04.775772788Z: [    2.939498] AVX2 instructions are not detected.
[STDERR  ] 2019-07-03T20:53:04.775785416Z: [    2.944277] workingset: timestamp_bits=46 max_order=18 bucket_order=0
[STDERR  ] 2019-07-03T20:53:04.775797815Z: [    2.950517] squashfs: version 4.0 (2009/01/31) Phillip Lougher
[STDERR  ] 2019-07-03T20:53:04.775809957Z: [    2.956007] FS-Cache: Netfs 'cifs' registered for caching
[STDERR  ] 2019-07-03T20:53:04.775822500Z: [    2.960966] fuse init (API version 7.27)
[STDERR  ] 2019-07-03T20:53:04.775835466Z: [    2.964874] SGI XFS with ACLs, security attributes, no debug enabled
[STDERR  ] 2019-07-03T20:53:04.775848262Z: [    2.970898] 9p: Installing v9fs 9p2000 file system support
[STDERR  ] 2019-07-03T20:53:04.775864380Z: [    2.975896] FS-Cache: Netfs '9p' registered for caching
[STDERR  ] 2019-07-03T20:53:04.775876614Z: [    2.981941] NET: Registered protocol family 38
[STDERR  ] 2019-07-03T20:53:04.775889603Z: [    2.986054] Key type asymmetric registered
[STDERR  ] 2019-07-03T20:53:04.775901928Z: [    2.989929] Asymmetric key parser 'x509' registered
[STDERR  ] 2019-07-03T20:53:04.775914381Z: [    2.994481] Block layer SCSI generic (bsg) driver version 0.4 loaded (major 247)
[STDERR  ] 2019-07-03T20:53:04.775926810Z: [    3.001202] io scheduler noop registered
[STDERR  ] 2019-07-03T20:53:04.775946605Z: [    3.004769] io scheduler deadline registered (default)
[STDERR  ] 2019-07-03T20:53:04.775962665Z: [    3.009463] io scheduler cfq registered
[STDERR  ] 2019-07-03T20:53:04.775974860Z: [    3.012996] io scheduler mq-deadline registered (default)
[STDERR  ] 2019-07-03T20:53:04.775987068Z: [    3.017875] io scheduler kyber registered
[STDERR  ] 2019-07-03T20:53:04.775999801Z: [    3.021660] shpchp: Standard Hot Plug PCI Controller Driver version: 0.4
[STDERR  ] 2019-07-03T20:53:04.776012726Z: [    3.027737] hv_vmbus: registering driver hyperv_fb
[STDERR  ] 2019-07-03T20:53:04.776025360Z: [    3.032252] input: Power Button as /devices/LNXSYSTM:00/LNXPWRBN:00/input/input0
[STDERR  ] 2019-07-03T20:53:04.776038123Z: [    3.038906] ACPI: Power Button [PWRF]
[STDERR  ] 2019-07-03T20:53:04.776050999Z: [    3.042971] PCI Interrupt Link [GSIG] enabled at IRQ 22
[STDERR  ] 2019-07-03T20:53:04.776063521Z: [    3.053661] PCI Interrupt Link [GSIH] enabled at IRQ 23
[STDERR  ] 2019-07-03T20:53:04.776075812Z: [    3.064217] Serial: 8250/16550 driver, 4 ports, IRQ sharing disabled
[STDERR  ] 2019-07-03T20:53:04.776088012Z: [    3.103703] 00:04: ttyS0 at I/O 0x3f8 (irq = 4, base_baud = 115200) is a 16550A
[STDERR  ] 2019-07-03T20:53:04.776450323Z: [    3.111170] Non-volatile memory driver v1.3
[STDERR  ] 2019-07-03T20:53:04.776480605Z: [    3.116647] Hangcheck: starting hangcheck timer 0.9.1 (tick is 180 seconds, margin is 60 seconds).
[STDERR  ] 2019-07-03T20:53:04.776501813Z: [    3.124856] random: fast init done
[STDERR  ] 2019-07-03T20:53:04.776518253Z: [    3.128857] random: crng init done
[STDERR  ] 2019-07-03T20:53:04.776534626Z: [    3.133323] brd: module loaded
[STDERR  ] 2019-07-03T20:53:04.776812654Z: [    3.138638] loop: module loaded
[STDERR  ] 2019-07-03T20:53:04.776841479Z: [    3.145373] lpc_ich 0000:00:1f.0: I/O space for GPIO uninitialized
[STDERR  ] 2019-07-03T20:53:04.776859763Z: [    3.151055] VMware PVSCSI driver - version 1.0.7.0-k
[STDERR  ] 2019-07-03T20:53:04.776873709Z: [    3.155609] hv_vmbus: registering driver hv_storvsc
[STDERR  ] 2019-07-03T20:53:04.776886529Z: [    3.160729] PCI Interrupt Link [GSIA] enabled at IRQ 16
[STDERR  ] 2019-07-03T20:53:04.776901537Z: [    3.168986] ahci 0000:00:1f.2: AHCI 0001.0000 32 slots 6 ports 1.5 Gbps 0x3f impl SATA mode
[STDERR  ] 2019-07-03T20:53:04.776918892Z: [    3.176427] ahci 0000:00:1f.2: flags: 64bit ncq only 
[STDERR  ] 2019-07-03T20:53:04.776932154Z: [    3.184433] scsi host0: ahci
[STDERR  ] 2019-07-03T20:53:04.776945496Z: [    3.187020] scsi host1: ahci
[STDERR  ] 2019-07-03T20:53:04.776958229Z: [    3.189610] scsi host2: ahci
[STDERR  ] 2019-07-03T20:53:04.776970961Z: [    3.192224] scsi host3: ahci
[STDERR  ] 2019-07-03T20:53:04.776983721Z: [    3.194781] scsi host4: ahci
[STDERR  ] 2019-07-03T20:53:04.776996385Z: [    3.197358] scsi host5: ahci
[STDERR  ] 2019-07-03T20:53:04.777008599Z: [    3.199930] ata1: SATA max UDMA/133 abar m4096@0xfebd2000 port 0xfebd2100 irq 24
[STDERR  ] 2019-07-03T20:53:04.777034146Z: [    3.206060] ata2: SATA max UDMA/133 abar m4096@0xfebd2000 port 0xfebd2180 irq 24
[STDERR  ] 2019-07-03T20:53:04.777051514Z: [    3.212189] ata3: SATA max UDMA/133 abar m4096@0xfebd2000 port 0xfebd2200 irq 24
[STDERR  ] 2019-07-03T20:53:04.777063218Z: [    3.218342] ata4: SATA max UDMA/133 abar m4096@0xfebd2000 port 0xfebd2280 irq 24
[STDERR  ] 2019-07-03T20:53:04.777075480Z: [    3.224611] ata5: SATA max UDMA/133 abar m4096@0xfebd2000 port 0xfebd2300 irq 24
[STDERR  ] 2019-07-03T20:53:04.777088244Z: [    3.230725] ata6: SATA max UDMA/133 abar m4096@0xfebd2000 port 0xfebd2380 irq 24
[STDERR  ] 2019-07-03T20:53:04.777101147Z: [    3.239235] tun: Universal TUN/TAP device driver, 1.6
[STDERR  ] 2019-07-03T20:53:04.777119363Z: [    3.248381] VMware vmxnet3 virtual NIC driver - version 1.4.16.0-k-NAPI
[STDERR  ] 2019-07-03T20:53:04.777132222Z: [    3.254769] hv_vmbus: registering driver hv_netvsc
[STDERR  ] 2019-07-03T20:53:04.777145025Z: [    3.259280] Fusion MPT base driver 3.04.20
[STDERR  ] 2019-07-03T20:53:04.777157837Z: [    3.262866] Copyright (c) 1999-2008 LSI Corporation
[STDERR  ] 2019-07-03T20:53:04.777177942Z: [    3.267090] Fusion MPT SPI Host driver 3.04.20
[STDERR  ] 2019-07-03T20:53:04.777191022Z: [    3.270844] i8042: PNP: PS/2 Controller [PNP0303:KBD,PNP0f13:MOU] at 0x60,0x64 irq 1,12
[STDERR  ] 2019-07-03T20:53:04.777202976Z: [    3.281492] serio: i8042 KBD port at 0x60,0x64 irq 1
[STDERR  ] 2019-07-03T20:53:04.777215896Z: [    3.286035] serio: i8042 AUX port at 0x60,0x64 irq 12
[STDERR  ] 2019-07-03T20:53:04.777228472Z: [    3.290774] hv_vmbus: registering driver hyperv_keyboard
[STDERR  ] 2019-07-03T20:53:04.777241238Z: [    3.295699] mousedev: PS/2 mouse device common for all mice
[STDERR  ] 2019-07-03T20:53:04.777254026Z: [    3.302144] input: AT Translated Set 2 keyboard as /devices/platform/i8042/serio0/input/input1
[STDERR  ] 2019-07-03T20:53:04.777267036Z: [    3.310004] input: PC Speaker as /devices/platform/pcspkr/input/input2
[STDERR  ] 2019-07-03T20:53:04.777279738Z: [    3.316293] rtc_cmos 00:00: RTC can wake from S4
[STDERR  ] 2019-07-03T20:53:04.777292814Z: [    3.323814] rtc_cmos 00:00: registered as rtc0
[STDERR  ] 2019-07-03T20:53:04.777305910Z: [    3.327995] rtc_cmos 00:00: alarms up to one day, y3k, 114 bytes nvram, hpet irqs
[STDERR  ] 2019-07-03T20:53:04.777318774Z: [    3.334796] i2c /dev entries driver
[STDERR  ] 2019-07-03T20:53:04.777331571Z: [    3.338437] device-mapper: ioctl: 4.39.0-ioctl (2018-04-03) initialised: dm-devel@redhat.com
[STDERR  ] 2019-07-03T20:53:04.777350571Z: [    3.346678] usbcore: registered new interface driver usbhid
[STDERR  ] 2019-07-03T20:53:04.777367522Z: [    3.351794] usbhid: USB HID core driver
[STDERR  ] 2019-07-03T20:53:04.777383688Z: [    3.355380] hv_utils: Registering HyperV Utility Driver
[STDERR  ] 2019-07-03T20:53:04.777396181Z: [    3.360114] hv_vmbus: registering driver hv_util
[STDERR  ] 2019-07-03T20:53:04.777408686Z: [    3.364358] hv_vmbus: registering driver hv_balloon
[STDERR  ] 2019-07-03T20:53:04.777421286Z: [    3.368842] oprofile: using NMI interrupt.
[STDERR  ] 2019-07-03T20:53:04.777434368Z: [    3.372676] GACT probability on
[STDERR  ] 2019-07-03T20:53:04.777447120Z: [    3.375630] Mirror/redirect action on
[STDERR  ] 2019-07-03T20:53:04.777459495Z: [    3.378989] Simple TC action Loaded
[STDERR  ] 2019-07-03T20:53:04.777471933Z: [    3.382227] u32 classifier
[STDERR  ] 2019-07-03T20:53:04.777484572Z: [    3.384815]     Performance counters on
[STDERR  ] 2019-07-03T20:53:04.777497035Z: [    3.388353]     input device check on
[STDERR  ] 2019-07-03T20:53:04.777509674Z: [    3.391690]     Actions configured
[STDERR  ] 2019-07-03T20:53:04.777525195Z: [    3.395159] xt_time: kernel timezone is -0000
[STDERR  ] 2019-07-03T20:53:04.777537705Z: [    3.399177] IPVS: Registered protocols (TCP, UDP, SCTP, AH, ESP)
[STDERR  ] 2019-07-03T20:53:04.777554974Z: [    3.404632] IPVS: Connection hash table configured (size=4096, memory=64Kbytes)
[STDERR  ] 2019-07-03T20:53:04.777568026Z: [    3.411501] IPVS: ipvs loaded.
[STDERR  ] 2019-07-03T20:53:04.777581011Z: [    3.414401] IPVS: [rr] scheduler registered.
[STDERR  ] 2019-07-03T20:53:04.777592934Z: [    3.418310] IPVS: [wrr] scheduler registered.
[STDERR  ] 2019-07-03T20:53:04.777608517Z: [    3.422282] IPVS: [lc] scheduler registered.
[STDERR  ] 2019-07-03T20:53:04.777627452Z: [    3.426208] IPVS: [wlc] scheduler registered.
[STDERR  ] 2019-07-03T20:53:04.777638983Z: [    3.430167] IPVS: [fo] scheduler registered.
[STDERR  ] 2019-07-03T20:53:04.777650889Z: [    3.434050] IPVS: [ovf] scheduler registered.
[STDERR  ] 2019-07-03T20:53:04.777663216Z: [    3.438049] IPVS: [lblc] scheduler registered.
[STDERR  ] 2019-07-03T20:53:04.777675330Z: [    3.442068] IPVS: [lblcr] scheduler registered.
[STDERR  ] 2019-07-03T20:53:04.777687982Z: [    3.446650] IPVS: [dh] scheduler registered.
[STDERR  ] 2019-07-03T20:53:04.777700376Z: [    3.450707] IPVS: [sh] scheduler registered.
[STDERR  ] 2019-07-03T20:53:04.777712852Z: [    3.454817] IPVS: [mh] scheduler registered.
[STDERR  ] 2019-07-03T20:53:04.777725291Z: [    3.458772] IPVS: [sed] scheduler registered.
[STDERR  ] 2019-07-03T20:53:04.777737689Z: [    3.462980] IPVS: [nq] scheduler registered.
[STDERR  ] 2019-07-03T20:53:04.777754023Z: [    3.466891] IPVS: ftp: loaded support on port[0] = 21
[STDERR  ] 2019-07-03T20:53:04.777766714Z: [    3.471784] ipip: IPv4 and MPLS over IPv4 tunneling driver
[STDERR  ] 2019-07-03T20:53:04.777783545Z: [    3.477228] gre: GRE over IPv4 demultiplexor driver
[STDOUT  ] 2019-07-03T20:53:04.777821138Z: [    0.000000] Linux version 4.19.56-linuxkit (root@2bca0d689baf) (gcc version 8.3.0 (Alpine 8.3.0)) #1 SMP Tue Jul 2 21:39:19 UTC 2019
[STDOUT  ] 2019-07-03T20:53:04.777871956Z: [    0.000000] Command line: console=ttyS0 console=ttyAMA0
[STDOUT  ] 2019-07-03T20:53:04.777885243Z: [    0.000000] x86/fpu: x87 FPU will use FXSAVE
[STDOUT  ] 2019-07-03T20:53:04.777896305Z: [    0.000000] BIOS-provided physical RAM map:
[STDOUT  ] 2019-07-03T20:53:04.777905063Z: [    0.000000] BIOS-e820: [mem 0x0000000000000000-0x000000000009fbff] usable
[STDOUT  ] 2019-07-03T20:53:04.777916171Z: [    0.000000] BIOS-e820: [mem 0x000000000009fc00-0x000000000009ffff] reserved
[STDOUT  ] 2019-07-03T20:53:04.777924851Z: [    0.000000] BIOS-e820: [mem 0x00000000000f0000-0x00000000000fffff] reserved
[STDOUT  ] 2019-07-03T20:53:04.777933457Z: [    0.000000] BIOS-e820: [mem 0x0000000000100000-0x000000003ffdefff] usable
[STDOUT  ] 2019-07-03T20:53:04.777947795Z: [    0.000000] BIOS-e820: [mem 0x000000003ffdf000-0x000000003fffffff] reserved
[STDOUT  ] 2019-07-03T20:53:04.777956267Z: [    0.000000] BIOS-e820: [mem 0x00000000b0000000-0x00000000bfffffff] reserved
[STDOUT  ] 2019-07-03T20:53:04.777968892Z: [    0.000000] BIOS-e820: [mem 0x00000000fed1c000-0x00000000fed1ffff] reserved
[STDOUT  ] 2019-07-03T20:53:04.777978084Z: [    0.000000] BIOS-e820: [mem 0x00000000feffc000-0x00000000feffffff] reserved
[STDOUT  ] 2019-07-03T20:53:04.777987487Z: [    0.000000] BIOS-e820: [mem 0x00000000fffc0000-0x00000000ffffffff] reserved
[STDOUT  ] 2019-07-03T20:53:04.777996388Z: [    0.000000] NX (Execute Disable) protection: active
[STDOUT  ] 2019-07-03T20:53:04.778004707Z: [    0.000000] SMBIOS 2.8 present.
[STDOUT  ] 2019-07-03T20:53:04.778013747Z: [    0.000000] DMI: QEMU Standard PC (Q35 + ICH9, 2009), BIOS 1.10.2-1 04/01/2014
[STDOUT  ] 2019-07-03T20:53:04.778022288Z: [    0.000000] Hypervisor detected: KVM
[STDOUT  ] 2019-07-03T20:53:04.778030982Z: [    0.000000] kvm-clock: Using msrs 4b564d01 and 4b564d00
[STDOUT  ] 2019-07-03T20:53:04.778039278Z: [    0.562616] kvm-clock: cpu 0, msr 1081e001, primary cpu clock
[STDOUT  ] 2019-07-03T20:53:04.778047739Z: [    0.562616] clocksource: kvm-clock: mask: 0xffffffffffffffff max_cycles: 0x1cd42e4dffb, max_idle_ns: 881590591483 ns
[STDOUT  ] 2019-07-03T20:53:04.778058065Z: [    0.562628] tsc: Detected 2299.792 MHz processor
[STDOUT  ] 2019-07-03T20:53:04.778066691Z: [    0.565835] last_pfn = 0x3ffdf max_arch_pfn = 0x400000000
[STDOUT  ] 2019-07-03T20:53:04.778075070Z: [    0.566479] x86/PAT: PAT not supported by CPU.
[STDOUT  ] 2019-07-03T20:53:04.778083694Z: [    0.566539] x86/PAT: Configuration [0-7]: WB  WT  UC- UC  WB  WT  UC- UC  
[STDOUT  ] 2019-07-03T20:53:04.778091851Z: [    0.577052] found SMP MP-table at [mem 0x000f6a90-0x000f6a9f]
[STDOUT  ] 2019-07-03T20:53:04.778100446Z: [    0.577392] RAMDISK: [mem 0x3d5ce000-0x3ffcffff]
[STDOUT  ] 2019-07-03T20:53:04.778108770Z: [    0.577605] ACPI: Early table checksum verification disabled
[STDOUT  ] 2019-07-03T20:53:04.778118028Z: [    0.577735] ACPI: RSDP 0x00000000000F68D0 000014 (v00 BOCHS )
[STDOUT  ] 2019-07-03T20:53:04.778126498Z: [    0.577743] ACPI: RSDT 0x000000003FFE2404 000034 (v01 BOCHS  BXPCRSDT 00000001 BXPC 00000001)
[STDOUT  ] 2019-07-03T20:53:04.778135413Z: [    0.577762] ACPI: FACP 0x000000003FFE22A4 000074 (v01 BOCHS  BXPCFACP 00000001 BXPC 00000001)
[STDOUT  ] 2019-07-03T20:53:04.778144283Z: [    0.577769] ACPI: DSDT 0x000000003FFE0040 002264 (v01 BOCHS  BXPCDSDT 00000001 BXPC 00000001)
[STDOUT  ] 2019-07-03T20:53:04.778154010Z: [    0.577774] ACPI: FACS 0x000000003FFE0000 000040
[STDOUT  ] 2019-07-03T20:53:04.778163467Z: [    0.577778] ACPI: APIC 0x000000003FFE2318 000078 (v01 BOCHS  BXPCAPIC 00000001 BXPC 00000001)
[STDOUT  ] 2019-07-03T20:53:04.778183306Z: [    0.577782] ACPI: HPET 0x000000003FFE2390 000038 (v01 BOCHS  BXPCHPET 00000001 BXPC 00000001)
[STDOUT  ] 2019-07-03T20:53:04.778193097Z: [    0.577786] ACPI: MCFG 0x000000003FFE23C8 00003C (v01 BOCHS  BXPCMCFG 00000001 BXPC 00000001)
[STDOUT  ] 2019-07-03T20:53:04.778202237Z: [    0.578556] Zone ranges:
[STDOUT  ] 2019-07-03T20:53:04.778211667Z: [    0.578558]   DMA      [mem 0x0000000000001000-0x0000000000ffffff]
[STDOUT  ] 2019-07-03T20:53:04.778220210Z: [    0.578560]   DMA32    [mem 0x0000000001000000-0x000000003ffdefff]
[STDOUT  ] 2019-07-03T20:53:04.778228502Z: [    0.578561]   Normal   empty
[STDOUT  ] 2019-07-03T20:53:04.778237451Z: [    0.578563]   Device   empty
[STDOUT  ] 2019-07-03T20:53:04.778246608Z: [    0.578564] Movable zone start for each node
[STDOUT  ] 2019-07-03T20:53:04.778255374Z: [    0.578565] Early memory node ranges
[STDOUT  ] 2019-07-03T20:53:04.778264298Z: [    0.578566]   node   0: [mem 0x0000000000001000-0x000000000009efff]
[STDOUT  ] 2019-07-03T20:53:04.778273352Z: [    0.578568]   node   0: [mem 0x0000000000100000-0x000000003ffdefff]
[STDOUT  ] 2019-07-03T20:53:04.778281428Z: [    0.579182] Reserved but unavailable: 98 pages
[STDOUT  ] 2019-07-03T20:53:04.778295834Z: [    0.579184] Initmem setup node 0 [mem 0x0000000000001000-0x000000003ffdefff]
[STDOUT  ] 2019-07-03T20:53:04.778308841Z: [    0.590819] ACPI: PM-Timer IO Port: 0x608
[STDOUT  ] 2019-07-03T20:53:04.778322665Z: [    0.590868] ACPI: LAPIC_NMI (acpi_id[0xff] dfl dfl lint[0x1])
[STDOUT  ] 2019-07-03T20:53:04.778332037Z: [    0.591130] IOAPIC[0]: apic_id 0, version 17, address 0xfec00000, GSI 0-23
[STDOUT  ] 2019-07-03T20:53:04.778340872Z: [    0.591134] ACPI: INT_SRC_OVR (bus 0 bus_irq 0 global_irq 2 dfl dfl)
[STDOUT  ] 2019-07-03T20:53:04.778349399Z: [    0.591136] ACPI: INT_SRC_OVR (bus 0 bus_irq 5 global_irq 5 high level)
[STDOUT  ] 2019-07-03T20:53:04.778358201Z: [    0.591138] ACPI: INT_SRC_OVR (bus 0 bus_irq 9 global_irq 9 high level)
[STDOUT  ] 2019-07-03T20:53:04.778366883Z: [    0.591144] ACPI: INT_SRC_OVR (bus 0 bus_irq 10 global_irq 10 high level)
[STDOUT  ] 2019-07-03T20:53:04.778375435Z: [    0.591145] ACPI: INT_SRC_OVR (bus 0 bus_irq 11 global_irq 11 high level)
[STDOUT  ] 2019-07-03T20:53:04.778384356Z: [    0.591153] Using ACPI (MADT) for SMP configuration information
[STDOUT  ] 2019-07-03T20:53:04.778393275Z: [    0.591155] ACPI: HPET id: 0x8086a201 base: 0xfed00000
[STDOUT  ] 2019-07-03T20:53:04.778403078Z: [    0.591195] smpboot: Allowing 1 CPUs, 0 hotplug CPUs
[STDOUT  ] 2019-07-03T20:53:04.778412139Z: [    0.591324] [mem 0x40000000-0xafffffff] available for PCI devices
[STDOUT  ] 2019-07-03T20:53:04.778420776Z: [    0.591325] Booting paravirtualized kernel on KVM
[STDOUT  ] 2019-07-03T20:53:04.778433227Z: [    0.591328] clocksource: refined-jiffies: mask: 0xffffffff max_cycles: 0xffffffff, max_idle_ns: 1910969940391419 ns
[STDOUT  ] 2019-07-03T20:53:04.778442764Z: [    0.696470] random: get_random_bytes called from start_kernel+0x91/0x512 with crng_init=0
[STDOUT  ] 2019-07-03T20:53:04.778452946Z: [    0.696490] setup_percpu: NR_CPUS:128 nr_cpumask_bits:128 nr_cpu_ids:1 nr_node_ids:1
[STDOUT  ] 2019-07-03T20:53:04.778462052Z: [    0.697280] percpu: Embedded 45 pages/cpu s145112 r8192 d31016 u2097152
[STDOUT  ] 2019-07-03T20:53:04.778471099Z: [    0.697382] KVM setup async PF for cpu 0
[STDOUT  ] 2019-07-03T20:53:04.778479960Z: [    0.697439] kvm-stealtime: cpu 0, msr 3c015e80
[STDOUT  ] 2019-07-03T20:53:04.778492203Z: [    0.697468] Built 1 zonelists, mobility grouping on.  Total pages: 257896
[STDOUT  ] 2019-07-03T20:53:04.778500920Z: [    0.697471] Kernel command line: console=ttyS0 console=ttyAMA0
[STDOUT  ] 2019-07-03T20:53:04.778509316Z: [    0.697718] Dentry cache hash table entries: 131072 (order: 8, 1048576 bytes)
[STDOUT  ] 2019-07-03T20:53:04.778518157Z: [    0.697794] Inode-cache hash table entries: 65536 (order: 7, 524288 bytes)
[STDOUT  ] 2019-07-03T20:53:04.778529525Z: [    0.701575] Memory: 959908K/1048052K available (12300K kernel code, 1583K rwdata, 3016K rodata, 1588K init, 2020K bss, 88144K reserved, 0K cma-reserved)
[STDOUT  ] 2019-07-03T20:53:04.778540799Z: [    0.702388] Kernel/User page tables isolation: enabled
[STDOUT  ] 2019-07-03T20:53:04.778550019Z: [    0.702491] ftrace: allocating 43136 entries in 169 pages
[STDOUT  ] 2019-07-03T20:53:04.778559570Z: [    0.725000] rcu: Hierarchical RCU implementation.
[STDOUT  ] 2019-07-03T20:53:04.778568836Z: [    0.725004] rcu: 	RCU restricting CPUs from NR_CPUS=128 to nr_cpu_ids=1.
[STDOUT  ] 2019-07-03T20:53:04.778577217Z: [    0.725005] rcu: Adjusting geometry for rcu_fanout_leaf=16, nr_cpu_ids=1
[STDOUT  ] 2019-07-03T20:53:04.778586165Z: [    0.727930] NR_IRQS: 8448, nr_irqs: 256, preallocated irqs: 16
[STDOUT  ] 2019-07-03T20:53:04.778595438Z: [    0.759478] Console: colour VGA+ 80x25
[STDOUT  ] 2019-07-03T20:53:04.778604288Z: [    1.197169] console [ttyS0] enabled
[STDOUT  ] 2019-07-03T20:53:04.778613191Z: [    1.200412] ACPI: Core revision 20180810
[STDOUT  ] 2019-07-03T20:53:04.778622778Z: [    1.205006] clocksource: hpet: mask: 0xffffffff max_cycles: 0xffffffff, max_idle_ns: 19112604467 ns
[STDOUT  ] 2019-07-03T20:53:04.778631821Z: [    1.213868] APIC: Switch to symmetric I/O mode setup
[STDOUT  ] 2019-07-03T20:53:04.778645618Z: [    1.220946] x2apic enabled
[STDOUT  ] 2019-07-03T20:53:04.778655033Z: [    1.225681] Switched APIC routing to physical x2apic.
[STDOUT  ] 2019-07-03T20:53:04.778667630Z: [    1.240084] ..TIMER: vector=0x30 apic1=0 pin1=2 apic2=-1 pin2=-1
[STDOUT  ] 2019-07-03T20:53:04.778682061Z: [    1.245645] clocksource: tsc-early: mask: 0xffffffffffffffff max_cycles: 0x212670b980e, max_idle_ns: 440795215582 ns
[STDOUT  ] 2019-07-03T20:53:04.778692264Z: [    1.255115] Calibrating delay loop (skipped) preset value.. 4599.58 BogoMIPS (lpj=2299792)
[STDOUT  ] 2019-07-03T20:53:04.778701887Z: [    1.256105] pid_max: default: 32768 minimum: 301
[STDOUT  ] 2019-07-03T20:53:04.778713357Z: [    1.257209] Security Framework initialized
[STDOUT  ] 2019-07-03T20:53:04.778722412Z: [    1.258090] Yama: becoming mindful.
[STDOUT  ] 2019-07-03T20:53:04.778731610Z: [    1.259140] Mount-cache hash table entries: 2048 (order: 2, 16384 bytes)
[STDOUT  ] 2019-07-03T20:53:04.778740810Z: [    1.260094] Mountpoint-cache hash table entries: 2048 (order: 2, 16384 bytes)
[STDOUT  ] 2019-07-03T20:53:04.778750376Z: [    1.264137] Last level iTLB entries: 4KB 0, 2MB 0, 4MB 0
[STDOUT  ] 2019-07-03T20:53:04.778759876Z: [    1.265091] Last level dTLB entries: 4KB 0, 2MB 0, 4MB 0, 1GB 0
[STDOUT  ] 2019-07-03T20:53:04.778768885Z: [    1.266092] Spectre V2 : Mitigation: Full generic retpoline
[STDOUT  ] 2019-07-03T20:53:04.778778124Z: [    1.267088] Spectre V2 : Spectre v2 / SpectreRSB mitigation: Filling RSB on context switch
[STDOUT  ] 2019-07-03T20:53:04.778787962Z: [    1.268090] Speculative Store Bypass: Vulnerable
[STDOUT  ] 2019-07-03T20:53:04.778797231Z: [    1.269108] MDS: Vulnerable: Clear CPU buffers attempted, no microcode
[STDOUT  ] 2019-07-03T20:53:04.778806779Z: [    1.280095] Freeing SMP alternatives memory: 20K
[STDOUT  ] 2019-07-03T20:53:04.778816050Z: [    1.283083] smpboot: CPU0: Intel QEMU Virtual CPU version 2.5+ (family: 0x6, model: 0x6, stepping: 0x3)
[STDOUT  ] 2019-07-03T20:53:04.778825497Z: [    1.283265] Performance Events: PMU not available due to virtualization, using software events only.
[STDOUT  ] 2019-07-03T20:53:04.778834748Z: [    1.285395] rcu: Hierarchical SRCU implementation.
[STDOUT  ] 2019-07-03T20:53:04.778843803Z: [    1.286220] NMI watchdog: Perf NMI watchdog permanently disabled
[STDOUT  ] 2019-07-03T20:53:04.778853407Z: [    1.288162] smp: Bringing up secondary CPUs ...
[STDOUT  ] 2019-07-03T20:53:04.778862842Z: [    1.289088] smp: Brought up 1 node, 1 CPU
[STDOUT  ] 2019-07-03T20:53:04.778872397Z: [    1.290091] smpboot: Max logical packages: 1
[STDOUT  ] 2019-07-03T20:53:04.778881815Z: [    1.291088] smpboot: Total of 1 processors activated (4599.58 BogoMIPS)
[STDOUT  ] 2019-07-03T20:53:04.778894365Z: [    1.293134] devtmpfs: initialized
[STDOUT  ] 2019-07-03T20:53:04.778904122Z: [    1.294164] x86/mm: Memory block size: 128MB
[STDOUT  ] 2019-07-03T20:53:04.778913560Z: [    1.295469] clocksource: jiffies: mask: 0xffffffff max_cycles: 0xffffffff, max_idle_ns: 1911260446275000 ns
[STDOUT  ] 2019-07-03T20:53:04.778922771Z: [    1.296095] futex hash table entries: 256 (order: 2, 16384 bytes)
[STDOUT  ] 2019-07-03T20:53:04.778932060Z: [    1.298103] NET: Registered protocol family 16
[STDOUT  ] 2019-07-03T20:53:04.778941730Z: [    1.299274] audit: initializing netlink subsys (disabled)
[STDOUT  ] 2019-07-03T20:53:04.778951071Z: [    1.300164] audit: type=2000 audit(1562187168.118:1): state=initialized audit_enabled=0 res=1
[STDOUT  ] 2019-07-03T20:53:04.778960947Z: [    1.301202] cpuidle: using governor ladder
[STDOUT  ] 2019-07-03T20:53:04.778970666Z: [    1.302089] cpuidle: using governor menu
[STDOUT  ] 2019-07-03T20:53:04.778979984Z: [    1.303231] ACPI: bus type PCI registered
[STDOUT  ] 2019-07-03T20:53:04.778989341Z: [    1.304088] acpiphp: ACPI Hot Plug PCI Controller Driver version: 0.5
[STDOUT  ] 2019-07-03T20:53:04.779002823Z: [    1.306509] PCI: MMCONFIG for domain 0000 [bus 00-ff] at [mem 0xb0000000-0xbfffffff] (base 0xb0000000)
[STDOUT  ] 2019-07-03T20:53:04.779012531Z: [    1.307094] PCI: MMCONFIG at [mem 0xb0000000-0xbfffffff] reserved in E820
[STDOUT  ] 2019-07-03T20:53:04.779032690Z: [    1.308107] PCI: Using configuration type 1 for base access
[STDOUT  ] 2019-07-03T20:53:04.779041980Z: [    1.311815] HugeTLB registered 2.00 MiB page size, pre-allocated 0 pages
[STDOUT  ] 2019-07-03T20:53:04.779059855Z: [    1.312259] cryptd: max_cpu_qlen set to 1000
[STDOUT  ] 2019-07-03T20:53:04.779069523Z: [    1.314170] ACPI: Added _OSI(Module Device)
[STDOUT  ] 2019-07-03T20:53:04.779078523Z: [    1.315090] ACPI: Added _OSI(Processor Device)
[STDOUT  ] 2019-07-03T20:53:04.779087691Z: [    1.316089] ACPI: Added _OSI(3.0 _SCP Extensions)
[STDOUT  ] 2019-07-03T20:53:04.779097177Z: [    1.317088] ACPI: Added _OSI(Processor Aggregator Device)
[STDOUT  ] 2019-07-03T20:53:04.779106671Z: [    1.318105] ACPI: Added _OSI(Linux-Dell-Video)
[STDOUT  ] 2019-07-03T20:53:04.779118425Z: [    1.319088] ACPI: Added _OSI(Linux-Lenovo-NV-HDMI-Audio)
[STDOUT  ] 2019-07-03T20:53:04.779128440Z: [    1.321513] ACPI: 1 ACPI AML tables successfully acquired and loaded
[STDOUT  ] 2019-07-03T20:53:04.779141113Z: [    1.324264] ACPI: Interpreter enabled
[STDOUT  ] 2019-07-03T20:53:04.779149963Z: [    1.325097] ACPI: (supports S0 S5)
[STDOUT  ] 2019-07-03T20:53:04.779159379Z: [    1.326088] ACPI: Using IOAPIC for interrupt routing
[STDOUT  ] 2019-07-03T20:53:04.779168676Z: [    1.327144] PCI: Using host bridge windows from ACPI; if necessary, use "pci=nocrs" and report a bug
[STDOUT  ] 2019-07-03T20:53:04.779183690Z: [    1.328320] ACPI: Enabled 2 GPEs in block 00 to 3F
[STDOUT  ] 2019-07-03T20:53:04.779192929Z: [    1.333466] ACPI: PCI Root Bridge [PCI0] (domain 0000 [bus 00-ff])
[STDOUT  ] 2019-07-03T20:53:04.779202411Z: [    1.335088] acpi PNP0A08:00: _OSC: OS supports [ExtendedConfig ASPM ClockPM Segments MSI]
[STDOUT  ] 2019-07-03T20:53:04.779212203Z: [    1.336201] acpi PNP0A08:00: _OSC: platform does not support [SHPCHotplug LTR]
[STDOUT  ] 2019-07-03T20:53:04.779221665Z: [    1.337180] acpi PNP0A08:00: _OSC: OS now controls [PCIeHotplug PME PCIeCapability]
[STDOUT  ] 2019-07-03T20:53:04.779231287Z: [    1.338526] PCI host bridge to bus 0000:00
[STDOUT  ] 2019-07-03T20:53:04.779243034Z: [    1.339092] pci_bus 0000:00: root bus resource [io  0x0000-0x0cf7 window]
[STDOUT  ] 2019-07-03T20:53:04.779252488Z: [    1.340090] pci_bus 0000:00: root bus resource [io  0x0d00-0xffff window]
[STDOUT  ] 2019-07-03T20:53:04.779262063Z: [    1.341090] pci_bus 0000:00: root bus resource [mem 0x000a0000-0x000bffff window]
[STDOUT  ] 2019-07-03T20:53:04.779271558Z: [    1.342090] pci_bus 0000:00: root bus resource [mem 0xc0000000-0xfebfffff window]
[STDOUT  ] 2019-07-03T20:53:04.779281102Z: [    1.343091] pci_bus 0000:00: root bus resource [bus 00-ff]
[STDOUT  ] 2019-07-03T20:53:04.779290513Z: [    1.415335] pci 0000:00:1f.0: quirk: [io  0x0600-0x067f] claimed by ICH6 ACPI/GPIO/TCO
[STDOUT  ] 2019-07-03T20:53:04.779302154Z: [    1.443403] ACPI: PCI Interrupt Link [LNKA] (IRQs 5 *10 11)
[STDOUT  ] 2019-07-03T20:53:04.779311637Z: [    1.444391] ACPI: PCI Interrupt Link [LNKB] (IRQs 5 *10 11)
[STDOUT  ] 2019-07-03T20:53:04.779321131Z: [    1.446377] ACPI: PCI Interrupt Link [LNKC] (IRQs 5 10 *11)
[STDOUT  ] 2019-07-03T20:53:04.779334001Z: [    1.447386] ACPI: PCI Interrupt Link [LNKD] (IRQs 5 10 *11)
[STDOUT  ] 2019-07-03T20:53:04.779343170Z: [    1.449178] ACPI: PCI Interrupt Link [LNKE] (IRQs 5 *10 11)
[STDOUT  ] 2019-07-03T20:53:04.779352457Z: [    1.450381] ACPI: PCI Interrupt Link [LNKF] (IRQs 5 *10 11)
[STDOUT  ] 2019-07-03T20:53:04.779362116Z: [    1.451380] ACPI: PCI Interrupt Link [LNKG] (IRQs 5 10 *11)
[STDOUT  ] 2019-07-03T20:53:04.779371318Z: [    1.453240] ACPI: PCI Interrupt Link [LNKH] (IRQs 5 10 *11)
[STDOUT  ] 2019-07-03T20:53:04.779380696Z: [    1.454237] ACPI: PCI Interrupt Link [GSIA] (IRQs *16)
[STDOUT  ] 2019-07-03T20:53:04.779389736Z: [    1.455111] ACPI: PCI Interrupt Link [GSIB] (IRQs *17)
[STDOUT  ] 2019-07-03T20:53:04.779399031Z: [    1.456107] ACPI: PCI Interrupt Link [GSIC] (IRQs *18)
[STDOUT  ] 2019-07-03T20:53:04.779413421Z: [    1.457110] ACPI: PCI Interrupt Link [GSID] (IRQs *19)
[STDOUT  ] 2019-07-03T20:53:04.779422956Z: [    1.458107] ACPI: PCI Interrupt Link [GSIE] (IRQs *20)
[STDOUT  ] 2019-07-03T20:53:04.779432509Z: [    1.459106] ACPI: PCI Interrupt Link [GSIF] (IRQs *21)
[STDOUT  ] 2019-07-03T20:53:04.779444996Z: [    1.460102] ACPI: PCI Interrupt Link [GSIG] (IRQs *22)
[STDOUT  ] 2019-07-03T20:53:04.779454745Z: [    1.461103] ACPI: PCI Interrupt Link [GSIH] (IRQs *23)
[STDOUT  ] 2019-07-03T20:53:04.779464195Z: [    1.463471] SCSI subsystem initialized
[STDOUT  ] 2019-07-03T20:53:04.779473523Z: [    1.465095] ACPI: bus type USB registered
[STDOUT  ] 2019-07-03T20:53:04.779482850Z: [    1.466132] usbcore: registered new interface driver usbfs
[STDOUT  ] 2019-07-03T20:53:04.779491908Z: [    1.467132] usbcore: registered new interface driver hub
[STDOUT  ] 2019-07-03T20:53:04.779501479Z: [    1.468126] usbcore: registered new device driver usb
[STDOUT  ] 2019-07-03T20:53:04.779510735Z: [    1.469123] pps_core: LinuxPPS API ver. 1 registered
[STDOUT  ] 2019-07-03T20:53:04.779519698Z: [    1.470088] pps_core: Software ver. 5.3.6 - Copyright 2005-2007 Rodolfo Giometti <giometti@linux.it>
[STDOUT  ] 2019-07-03T20:53:04.779529224Z: [    1.471105] PTP clock support registered
[STDOUT  ] 2019-07-03T20:53:04.779538599Z: [    1.472191] PCI: Using ACPI for IRQ routing
[STDOUT  ] 2019-07-03T20:53:04.779547598Z: [    1.922652] NetLabel: Initializing
[STDOUT  ] 2019-07-03T20:53:04.779556535Z: [    1.923088] NetLabel:  domain hash size = 128
[STDOUT  ] 2019-07-03T20:53:04.779565905Z: [    1.924086] NetLabel:  protocols = UNLABELED CIPSOv4 CALIPSO
[STDOUT  ] 2019-07-03T20:53:04.779578730Z: [    1.925124] NetLabel:  unlabeled traffic allowed by default
[STDOUT  ] 2019-07-03T20:53:04.779588220Z: [    1.926255] HPET: 3 timers in total, 0 timers will be used for per-cpu timer
[STDOUT  ] 2019-07-03T20:53:04.779597341Z: [    1.927194] hpet0: at MMIO 0xfed00000, IRQs 2, 8, 0
[STDOUT  ] 2019-07-03T20:53:04.779606819Z: [    1.928088] hpet0: 3 comparators, 64-bit 100.000000 MHz counter
[STDOUT  ] 2019-07-03T20:53:04.779616188Z: [    1.932128] clocksource: Switched to clocksource kvm-clock
[STDOUT  ] 2019-07-03T20:53:04.779625568Z: [    1.959522] VFS: Disk quotas dquot_6.6.0
[STDOUT  ] 2019-07-03T20:53:04.779635354Z: [    1.963263] VFS: Dquot-cache hash table entries: 512 (order 0, 4096 bytes)
[STDOUT  ] 2019-07-03T20:53:04.779644648Z: [    1.969483] FS-Cache: Loaded
[STDOUT  ] 2019-07-03T20:53:04.779657645Z: [    1.972242] CacheFiles: Loaded
[STDOUT  ] 2019-07-03T20:53:04.779666886Z: [    1.975078] pnp: PnP ACPI init
[STDOUT  ] 2019-07-03T20:53:04.779676724Z: [    1.979031] pnp: PnP ACPI: found 5 devices
[STDOUT  ] 2019-07-03T20:53:04.779686456Z: [    1.989181] clocksource: acpi_pm: mask: 0xffffff max_cycles: 0xffffff, max_idle_ns: 2085701024 ns
[STDOUT  ] 2019-07-03T20:53:04.779695843Z: [    1.997251] NET: Registered protocol family 2
[STDOUT  ] 2019-07-03T20:53:04.779704860Z: [    2.002079] tcp_listen_portaddr_hash hash table entries: 512 (order: 1, 8192 bytes)
[STDOUT  ] 2019-07-03T20:53:04.779714403Z: [    2.009082] TCP established hash table entries: 8192 (order: 4, 65536 bytes)
[STDOUT  ] 2019-07-03T20:53:04.779723390Z: [    2.015396] TCP bind hash table entries: 8192 (order: 5, 131072 bytes)
[STDOUT  ] 2019-07-03T20:53:04.779732423Z: [    2.021236] TCP: Hash tables configured (established 8192 bind 8192)
[STDOUT  ] 2019-07-03T20:53:04.779741807Z: [    2.027010] UDP hash table entries: 512 (order: 2, 16384 bytes)
[STDOUT  ] 2019-07-03T20:53:04.779751275Z: [    2.032355] UDP-Lite hash table entries: 512 (order: 2, 16384 bytes)
[STDOUT  ] 2019-07-03T20:53:04.779762696Z: [    2.038210] NET: Registered protocol family 1
[STDOUT  ] 2019-07-03T20:53:04.779774577Z: [    2.042196] NET: Registered protocol family 44
[STDOUT  ] 2019-07-03T20:53:04.779784053Z: [    2.046448] pci 0000:00:01.0: Video device with shadowed ROM at [mem 0x000c0000-0x000dffff]
[STDOUT  ] 2019-07-03T20:53:04.779793578Z: [    2.054341] Trying to unpack rootfs image as initramfs...
[STDOUT  ] 2019-07-03T20:53:04.779806991Z: [    2.892150] Freeing initrd memory: 43016K
[STDOUT  ] 2019-07-03T20:53:04.779816282Z: [    2.896081] clocksource: tsc: mask: 0xffffffffffffffff max_cycles: 0x212670b980e, max_idle_ns: 440795215582 ns
[STDOUT  ] 2019-07-03T20:53:04.779829631Z: [    2.905685] PCLMULQDQ-NI instructions are not detected.
[STDOUT  ] 2019-07-03T20:53:04.779838886Z: [    2.910543] AVX or AES-NI instructions are not detected.
[STDOUT  ] 2019-07-03T20:53:04.779848679Z: [    2.915609] CPU feature 'AVX registers' is not supported.
[STDOUT  ] 2019-07-03T20:53:04.779857945Z: [    2.920533] CPU feature 'AVX registers' is not supported.
[STDOUT  ] 2019-07-03T20:53:04.779867235Z: [    2.925425] CPU feature 'AVX registers' is not supported.
[STDOUT  ] 2019-07-03T20:53:04.779876096Z: [    2.930329] CPU feature 'AVX registers' is not supported.
[STDOUT  ] 2019-07-03T20:53:04.779885298Z: [    2.934689] AVX2 or AES-NI instructions are not detected.
[STDOUT  ] 2019-07-03T20:53:04.779894650Z: [    2.939498] AVX2 instructions are not detected.
[STDOUT  ] 2019-07-03T20:53:04.779904407Z: [    2.944277] workingset: timestamp_bits=46 max_order=18 bucket_order=0
[STDOUT  ] 2019-07-03T20:53:04.779913686Z: [    2.950517] squashfs: version 4.0 (2009/01/31) Phillip Lougher
[STDOUT  ] 2019-07-03T20:53:04.779923095Z: [    2.956007] FS-Cache: Netfs 'cifs' registered for caching
[STDOUT  ] 2019-07-03T20:53:04.779932591Z: [    2.960966] fuse init (API version 7.27)
[STDOUT  ] 2019-07-03T20:53:04.779941948Z: [    2.964874] SGI XFS with ACLs, security attributes, no debug enabled
[STDOUT  ] 2019-07-03T20:53:04.779951363Z: [    2.970898] 9p: Installing v9fs 9p2000 file system support
[STDOUT  ] 2019-07-03T20:53:04.779960416Z: [    2.975896] FS-Cache: Netfs '9p' registered for caching
