[INFO    ] 2017-08-21T19:31:01.240223492Z: Running Test linuxkit.packages.binfmt in /tmp/with_clone152a503a/test/cases/040_packages/002_binfmt
[INFO    ] 2017-08-21T19:31:01.240306597Z: Running command: [/bin/sh -x /tmp/with_clone152a503a/test/cases/040_packages/002_binfmt/test.sh]
[STDERR  ] 2017-08-21T19:31:01.241082674Z: + set -e
[STDERR  ] 2017-08-21T19:31:01.241143059Z: + . /tmp/with_clone152a503a/test/cases/_lib/lib.sh
[STDERR  ] 2017-08-21T19:31:01.241166847Z: + [ -f src/github.com/linuxkit/rtf/lib/lib.sh ]
[STDERR  ] 2017-08-21T19:31:01.24117979Z: + LINUXKIT_TMPDIR=/tmp/with_clone152a503a/test/cases/_tmp
[STDERR  ] 2017-08-21T19:31:01.241195767Z: + [ -f /tmp/with_clone152a503a/test/cases/_tmp/env.sh ]
[STDERR  ] 2017-08-21T19:31:01.241209495Z: + . /tmp/with_clone152a503a/test/cases/_tmp/env.sh
[STDERR  ] 2017-08-21T19:31:01.241224394Z: + export LINUXKIT_EXAMPLES_DIR=/tmp/with_clone152a503a/test/cases/../../examples
[STDERR  ] 2017-08-21T19:31:01.241244613Z: + export LINUXKIT_BLUEPRINTS_DIR=/tmp/with_clone152a503a/test/cases/../../blueprints
[STDERR  ] 2017-08-21T19:31:01.241257434Z: + RT_CANCEL=253
[STDERR  ] 2017-08-21T19:31:01.241270237Z: + trap clean_up EXIT
[STDERR  ] 2017-08-21T19:31:01.241283173Z: + moby build -output kernel+initrd test-binfmt.yml
[STDERR  ] 2017-08-21T19:31:01.252316547Z: Extract kernel image: linuxkit/kernel:4.9.44
[STDERR  ] 2017-08-21T19:31:09.301794204Z: Add init containers:
[STDERR  ] 2017-08-21T19:31:09.301865999Z: Process init image: linuxkit/init:2122f8b7202b383c1be0a91a02122b0c078ca6ac
[STDERR  ] 2017-08-21T19:31:11.542750623Z: Process init image: linuxkit/runc:a1b564248a0d0b118c11e61db9f84ecf41dd2d2a
[STDERR  ] 2017-08-21T19:31:13.397302905Z: Add onboot containers:
[STDERR  ] 2017-08-21T19:31:13.397433761Z:   Create OCI config for linuxkit/binfmt:472eeba777d056c5f98fe074aa0f581c67ccc7ff
[STDERR  ] 2017-08-21T19:31:15.285832727Z:   Create OCI config for alpine:3.6
[STDERR  ] 2017-08-21T19:31:16.974343403Z:   Create OCI config for linuxkit/poweroff:1e9876c682c74d0602b7647c628bb0875fb13998
[STDERR  ] 2017-08-21T19:31:19.811706078Z: Add files:
[STDERR  ] 2017-08-21T19:31:19.811761905Z:   check.sh
[STDERR  ] 2017-08-21T19:31:19.811777307Z: Create outputs:
[STDERR  ] 2017-08-21T19:31:24.25829018Z:   test-binfmt-kernel test-binfmt-initrd.img test-binfmt-cmdline
[STDERR  ] 2017-08-21T19:31:24.440221781Z: + linuxkit run test-binfmt
[STDERR  ] 2017-08-21T19:31:56.266855183Z: + RESULT=[    0.000000] Linux version 4.9.44-linuxkit (root@e1ede117fb1e) (gcc version 6.3.0 (Alpine 6.3.0) ) #1 SMP Fri Aug 18 17:11:43 UTC 2017
[STDERR  ] 2017-08-21T19:31:56.266928689Z: [    0.000000] Command line: console=ttyS0 page_poison=1
[STDERR  ] 2017-08-21T19:31:56.266952206Z: [    0.000000] x86/fpu: Legacy x87 FPU detected.
[STDERR  ] 2017-08-21T19:31:56.266966813Z: [    0.000000] x86/fpu: Using 'eager' FPU context switches.
[STDERR  ] 2017-08-21T19:31:56.266979197Z: [    0.000000] e820: BIOS-provided physical RAM map:
[STDERR  ] 2017-08-21T19:31:56.267002203Z: [    0.000000] BIOS-e820: [mem 0x0000000000000000-0x000000000009fbff] usable
[STDERR  ] 2017-08-21T19:31:56.267015525Z: [    0.000000] BIOS-e820: [mem 0x000000000009fc00-0x000000000009ffff] reserved
[STDERR  ] 2017-08-21T19:31:56.267027963Z: [    0.000000] BIOS-e820: [mem 0x00000000000f0000-0x00000000000fffff] reserved
[STDERR  ] 2017-08-21T19:31:56.267039994Z: [    0.000000] BIOS-e820: [mem 0x0000000000100000-0x000000003ffdefff] usable
[STDERR  ] 2017-08-21T19:31:56.267052104Z: [    0.000000] BIOS-e820: [mem 0x000000003ffdf000-0x000000003fffffff] reserved
[STDERR  ] 2017-08-21T19:31:56.267064051Z: [    0.000000] BIOS-e820: [mem 0x00000000b0000000-0x00000000bfffffff] reserved
[STDERR  ] 2017-08-21T19:31:56.267075829Z: [    0.000000] BIOS-e820: [mem 0x00000000fed1c000-0x00000000fed1ffff] reserved
[STDERR  ] 2017-08-21T19:31:56.267090973Z: [    0.000000] BIOS-e820: [mem 0x00000000fffc0000-0x00000000ffffffff] reserved
[STDERR  ] 2017-08-21T19:31:56.26710357Z: [    0.000000] NX (Execute Disable) protection: active
[STDERR  ] 2017-08-21T19:31:56.267115685Z: [    0.000000] SMBIOS 2.8 present.
[STDERR  ] 2017-08-21T19:31:56.26713445Z: [    0.000000] e820: last_pfn = 0x3ffdf max_arch_pfn = 0x400000000
[STDERR  ] 2017-08-21T19:31:56.26714615Z: [    0.000000] x86/PAT: Configuration [0-7]: WB  WC  UC- UC  WB  WC  UC- WT  
[STDERR  ] 2017-08-21T19:31:56.267157782Z: [    0.000000] found SMP MP-table at [mem 0x000f6aa0-0x000f6aaf] mapped at [ffff96b9000f6aa0]
[STDERR  ] 2017-08-21T19:31:56.267176851Z: [    0.000000] RAMDISK: [mem 0x3e60a000-0x3ffcffff]
[STDERR  ] 2017-08-21T19:31:56.267188895Z: [    0.000000] ACPI: Early table checksum verification disabled
[STDERR  ] 2017-08-21T19:31:56.267200388Z: [    0.000000] ACPI: RSDP 0x00000000000F68C0 000014 (v00 BOCHS )
[STDERR  ] 2017-08-21T19:31:56.267217971Z: [    0.000000] ACPI: RSDT 0x000000003FFE2404 000034 (v01 BOCHS  BXPCRSDT 00000001 BXPC 00000001)
[STDERR  ] 2017-08-21T19:31:56.267230385Z: [    0.000000] ACPI: FACP 0x000000003FFE22A4 000074 (v01 BOCHS  BXPCFACP 00000001 BXPC 00000001)
[STDERR  ] 2017-08-21T19:31:56.26724222Z: [    0.000000] ACPI: DSDT 0x000000003FFE0040 002264 (v01 BOCHS  BXPCDSDT 00000001 BXPC 00000001)
[STDERR  ] 2017-08-21T19:31:56.267253894Z: [    0.000000] ACPI: FACS 0x000000003FFE0000 000040
[STDERR  ] 2017-08-21T19:31:56.267265174Z: [    0.000000] ACPI: APIC 0x000000003FFE2318 000078 (v01 BOCHS  BXPCAPIC 00000001 BXPC 00000001)
[STDERR  ] 2017-08-21T19:31:56.267276542Z: [    0.000000] ACPI: HPET 0x000000003FFE2390 000038 (v01 BOCHS  BXPCHPET 00000001 BXPC 00000001)
[STDERR  ] 2017-08-21T19:31:56.267287742Z: [    0.000000] ACPI: MCFG 0x000000003FFE23C8 00003C (v01 BOCHS  BXPCMCFG 00000001 BXPC 00000001)
[STDERR  ] 2017-08-21T19:31:56.267299047Z: [    0.000000] Zone ranges:
[STDERR  ] 2017-08-21T19:31:56.267318654Z: [    0.000000]   DMA      [mem 0x0000000000001000-0x0000000000ffffff]
[STDERR  ] 2017-08-21T19:31:56.267330404Z: [    0.000000]   DMA32    [mem 0x0000000001000000-0x000000003ffdefff]
[STDERR  ] 2017-08-21T19:31:56.267341954Z: [    0.000000]   Normal   empty
[STDERR  ] 2017-08-21T19:31:56.267353309Z: [    0.000000] Movable zone start for each node
[STDERR  ] 2017-08-21T19:31:56.267420199Z: [    0.000000] Early memory node ranges
[STDERR  ] 2017-08-21T19:31:56.267436336Z: [    0.000000]   node   0: [mem 0x0000000000001000-0x000000000009efff]
[STDERR  ] 2017-08-21T19:31:56.26744781Z: [    0.000000]   node   0: [mem 0x0000000000100000-0x000000003ffdefff]
[STDERR  ] 2017-08-21T19:31:56.267459352Z: [    0.000000] Initmem setup node 0 [mem 0x0000000000001000-0x000000003ffdefff]
[STDERR  ] 2017-08-21T19:31:56.267472027Z: [    0.000000] ACPI: PM-Timer IO Port: 0x608
[STDERR  ] 2017-08-21T19:31:56.267484707Z: [    0.000000] ACPI: LAPIC_NMI (acpi_id[0xff] dfl dfl lint[0x1])
[STDERR  ] 2017-08-21T19:31:56.267502163Z: [    0.000000] IOAPIC[0]: apic_id 0, version 32, address 0xfec00000, GSI 0-23
[STDERR  ] 2017-08-21T19:31:56.267514402Z: [    0.000000] ACPI: INT_SRC_OVR (bus 0 bus_irq 0 global_irq 2 dfl dfl)
[STDERR  ] 2017-08-21T19:31:56.26753543Z: [    0.000000] ACPI: INT_SRC_OVR (bus 0 bus_irq 5 global_irq 5 high level)
[STDERR  ] 2017-08-21T19:31:56.267547846Z: [    0.000000] ACPI: INT_SRC_OVR (bus 0 bus_irq 9 global_irq 9 high level)
[STDERR  ] 2017-08-21T19:31:56.267560042Z: [    0.000000] ACPI: INT_SRC_OVR (bus 0 bus_irq 10 global_irq 10 high level)
[STDERR  ] 2017-08-21T19:31:56.267571487Z: [    0.000000] ACPI: INT_SRC_OVR (bus 0 bus_irq 11 global_irq 11 high level)
[STDERR  ] 2017-08-21T19:31:56.267582877Z: [    0.000000] Using ACPI (MADT) for SMP configuration information
[STDERR  ] 2017-08-21T19:31:56.267594165Z: [    0.000000] ACPI: HPET id: 0x8086a201 base: 0xfed00000
[STDERR  ] 2017-08-21T19:31:56.267605552Z: [    0.000000] smpboot: Allowing 1 CPUs, 0 hotplug CPUs
[STDERR  ] 2017-08-21T19:31:56.26761704Z: [    0.000000] e820: [mem 0x40000000-0xafffffff] available for PCI devices
[STDERR  ] 2017-08-21T19:31:56.267628263Z: [    0.000000] Booting paravirtualized kernel on bare hardware
[STDERR  ] 2017-08-21T19:31:56.267639671Z: [    0.000000] clocksource: refined-jiffies: mask: 0xffffffff max_cycles: 0xffffffff, max_idle_ns: 19112604462750000 ns
[STDERR  ] 2017-08-21T19:31:56.267661149Z: [    0.000000] setup_percpu: NR_CPUS:128 nr_cpumask_bits:128 nr_cpu_ids:1 nr_node_ids:1
[STDERR  ] 2017-08-21T19:31:56.267673463Z: [    0.000000] percpu: Embedded 35 pages/cpu @ffff96b93e400000 s105240 r8192 d29928 u2097152
[STDERR  ] 2017-08-21T19:31:56.267684011Z: [    0.000000] Built 1 zonelists in Zone order, mobility grouping on.  Total pages: 257896
[STDERR  ] 2017-08-21T19:31:56.26769465Z: [    0.000000] Kernel command line: console=ttyS0 page_poison=1
[STDERR  ] 2017-08-21T19:31:56.267705271Z: [    0.000000] PID hash table entries: 4096 (order: 3, 32768 bytes)
[STDERR  ] 2017-08-21T19:31:56.2677156Z: [    0.000000] Dentry cache hash table entries: 131072 (order: 8, 1048576 bytes)
[STDERR  ] 2017-08-21T19:31:56.267728986Z: [    0.000000] Inode-cache hash table entries: 65536 (order: 7, 524288 bytes)
[STDERR  ] 2017-08-21T19:31:56.267740497Z: [    0.000000] Memory: 987788K/1048052K available (8028K kernel code, 1366K rwdata, 2696K rodata, 1380K init, 568K bss, 60264K reserved, 0K cma-reserved)
[STDERR  ] 2017-08-21T19:31:56.26775446Z: [    0.000000] Hierarchical RCU implementation.
[STDERR  ] 2017-08-21T19:31:56.267765689Z: [    0.000000] 	Build-time adjustment of leaf fanout to 64.
[STDERR  ] 2017-08-21T19:31:56.267776986Z: [    0.000000] 	RCU restricting CPUs from NR_CPUS=128 to nr_cpu_ids=1.
[STDERR  ] 2017-08-21T19:31:56.267788349Z: [    0.000000] RCU: Adjusting geometry for rcu_fanout_leaf=64, nr_cpu_ids=1
[STDERR  ] 2017-08-21T19:31:56.267799668Z: [    0.000000] NR_IRQS:8448 nr_irqs:256 16
[STDERR  ] 2017-08-21T19:31:56.267810499Z: [    0.000000] Console: colour VGA+ 80x25
[STDERR  ] 2017-08-21T19:31:56.267821297Z: [    0.000000] console [ttyS0] enabled
[STDERR  ] 2017-08-21T19:31:56.267832213Z: [    0.000000] allocated 2097152 bytes of page_ext
[STDERR  ] 2017-08-21T19:31:56.267842663Z: [    0.000000] clocksource: hpet: mask: 0xffffffff max_cycles: 0xffffffff, max_idle_ns: 19112604467 ns
[STDERR  ] 2017-08-21T19:31:56.267855686Z: [    0.000000] tsc: Fast TSC calibration using PIT
[STDERR  ] 2017-08-21T19:31:56.267866592Z: [    0.000000] tsc: Detected 2300.110 MHz processor
[STDERR  ] 2017-08-21T19:31:56.267880499Z: [    0.021357] Calibrating delay loop (skipped), value calculated using timer frequency.. 4600.22 BogoMIPS (lpj=23001100)
[STDERR  ] 2017-08-21T19:31:56.267892685Z: [    0.022393] pid_max: default: 32768 minimum: 301
[STDERR  ] 2017-08-21T19:31:56.26790343Z: [    0.023302] ACPI: Core revision 20160831
[STDERR  ] 2017-08-21T19:31:56.267914991Z: [    0.081518] ACPI: 1 ACPI AML tables successfully acquired and loaded
[STDERR  ] 2017-08-21T19:31:56.267926269Z: [    0.084733] Security Framework initialized
[STDERR  ] 2017-08-21T19:31:56.267937632Z: [    0.085102] Yama: becoming mindful.
[STDERR  ] 2017-08-21T19:31:56.267951318Z: [    0.086895] Mount-cache hash table entries: 2048 (order: 2, 16384 bytes)
[STDERR  ] 2017-08-21T19:31:56.267967003Z: [    0.087397] Mountpoint-cache hash table entries: 2048 (order: 2, 16384 bytes)
[STDERR  ] 2017-08-21T19:31:56.267980936Z: [    0.106361] Last level iTLB entries: 4KB 0, 2MB 0, 4MB 0
[STDERR  ] 2017-08-21T19:31:56.267994685Z: [    0.106773] Last level dTLB entries: 4KB 0, 2MB 0, 4MB 0, 1GB 0
[STDERR  ] 2017-08-21T19:31:56.268014931Z: [    0.409220] Freeing SMP alternatives memory: 20K
[STDERR  ] 2017-08-21T19:31:56.268027569Z: [    0.417893] ftrace: allocating 35486 entries in 139 pages
[STDERR  ] 2017-08-21T19:31:56.268039Z: [    0.576783] smpboot: Max logical packages: 1
[STDERR  ] 2017-08-21T19:31:56.268049381Z: [    0.582858] ..TIMER: vector=0x30 apic1=0 pin1=2 apic2=-1 pin2=-1
[STDERR  ] 2017-08-21T19:31:56.268059616Z: [    0.690000] smpboot: CPU0: AMD QEMU Virtual CPU version 2.5+ (family: 0x6, model: 0x6, stepping: 0x3)
[STDERR  ] 2017-08-21T19:31:56.268076365Z: [    0.690000] Performance Events: PMU not available due to virtualization, using software events only.
[STDERR  ] 2017-08-21T19:31:56.268087648Z: [    0.697415] NMI watchdog: disabled (cpu0): hardware events not enabled
[STDERR  ] 2017-08-21T19:31:56.268103593Z: [    0.697816] NMI watchdog: Shutting down hard lockup detector on all cpus
[STDERR  ] 2017-08-21T19:31:56.268116395Z: [    0.700243] x86: Booted up 1 node, 1 CPUs
[STDERR  ] 2017-08-21T19:31:56.268126572Z: [    0.700568] smpboot: Total of 1 processors activated (4600.22 BogoMIPS)
[STDERR  ] 2017-08-21T19:31:56.268140284Z: [    0.714810] devtmpfs: initialized
[STDERR  ] 2017-08-21T19:31:56.268152542Z: [    0.719326] x86/mm: Memory block size: 128MB
[STDERR  ] 2017-08-21T19:31:56.268168152Z: [    0.781385] clocksource: jiffies: mask: 0xffffffff max_cycles: 0xffffffff, max_idle_ns: 19112604462750000 ns
[STDERR  ] 2017-08-21T19:31:56.268181269Z: [    0.782165] futex hash table entries: 256 (order: 2, 16384 bytes)
[STDERR  ] 2017-08-21T19:31:56.268192402Z: [    0.791163] NET: Registered protocol family 16
[STDERR  ] 2017-08-21T19:31:56.26821101Z: [    0.800178] cpuidle: using governor ladder
[STDERR  ] 2017-08-21T19:31:56.268222266Z: [    0.800557] cpuidle: using governor menu
[STDERR  ] 2017-08-21T19:31:56.268233186Z: [    0.801598] ACPI: bus type PCI registered
[STDERR  ] 2017-08-21T19:31:56.268244276Z: [    0.804244] PCI: MMCONFIG for domain 0000 [bus 00-ff] at [mem 0xb0000000-0xbfffffff] (base 0xb0000000)
[STDERR  ] 2017-08-21T19:31:56.268260412Z: [    0.804913] PCI: MMCONFIG at [mem 0xb0000000-0xbfffffff] reserved in E820
[STDERR  ] 2017-08-21T19:31:56.268272957Z: [    0.806110] PCI: Using configuration type 1 for base access
[STDERR  ] 2017-08-21T19:31:56.268284201Z: [    0.861175] HugeTLB registered 2 MB page size, pre-allocated 0 pages
[STDERR  ] 2017-08-21T19:31:56.268296082Z: [    0.873440] ACPI: Added _OSI(Module Device)
[STDERR  ] 2017-08-21T19:31:56.268306575Z: [    0.873738] ACPI: Added _OSI(Processor Device)
[STDERR  ] 2017-08-21T19:31:56.268317081Z: [    0.873997] ACPI: Added _OSI(3.0 _SCP Extensions)
[STDERR  ] 2017-08-21T19:31:56.268328249Z: [    0.874267] ACPI: Added _OSI(Processor Aggregator Device)
[STDERR  ] 2017-08-21T19:31:56.268338988Z: [    0.946198] ACPI: Interpreter enabled
[STDERR  ] 2017-08-21T19:31:56.268349869Z: [    0.947031] ACPI: (supports S0 S5)
[STDERR  ] 2017-08-21T19:31:56.268360701Z: [    0.947297] ACPI: Using IOAPIC for interrupt routing
[STDERR  ] 2017-08-21T19:31:56.268371566Z: [    0.948969] PCI: Using host bridge windows from ACPI; if necessary, use "pci=nocrs" and report a bug
[STDERR  ] 2017-08-21T19:31:56.268383406Z: [    1.010531] ACPI: PCI Root Bridge [PCI0] (domain 0000 [bus 00-ff])
[STDERR  ] 2017-08-21T19:31:56.268394833Z: [    1.011397] acpi PNP0A08:00: _OSC: OS supports [ExtendedConfig ASPM ClockPM Segments MSI]
[STDERR  ] 2017-08-21T19:31:56.268405855Z: [    1.016740] acpi PNP0A08:00: _OSC: OS now controls [PCIeHotplug PME PCIeCapability]
[STDERR  ] 2017-08-21T19:31:56.268417848Z: [    1.020286] PCI host bridge to bus 0000:00
[STDERR  ] 2017-08-21T19:31:56.268428365Z: [    1.020662] pci_bus 0000:00: root bus resource [io  0x0000-0x0cf7 window]
[STDERR  ] 2017-08-21T19:31:56.268445867Z: [    1.021053] pci_bus 0000:00: root bus resource [io  0x0d00-0xffff window]
[STDERR  ] 2017-08-21T19:31:56.268460281Z: [    1.021430] pci_bus 0000:00: root bus resource [mem 0x000a0000-0x000bffff window]
[STDERR  ] 2017-08-21T19:31:56.268473035Z: [    1.021838] pci_bus 0000:00: root bus resource [mem 0xc0000000-0xfebfffff window]
[STDERR  ] 2017-08-21T19:31:56.268486355Z: [    1.022365] pci_bus 0000:00: root bus resource [bus 00-ff]
[STDERR  ] 2017-08-21T19:31:56.268497197Z: [    1.130265] pci 0000:00:1f.0: quirk: [io  0x0600-0x067f] claimed by ICH6 ACPI/GPIO/TCO
[STDERR  ] 2017-08-21T19:31:56.268508539Z: [    1.188411] ACPI: PCI Interrupt Link [LNKA] (IRQs 5 *10 11)
[STDERR  ] 2017-08-21T19:31:56.268519872Z: [    1.190992] ACPI: PCI Interrupt Link [LNKB] (IRQs 5 *10 11)
[STDERR  ] 2017-08-21T19:31:56.268531588Z: [    1.192617] ACPI: PCI Interrupt Link [LNKC] (IRQs 5 10 *11)
[STDERR  ] 2017-08-21T19:31:56.268542742Z: [    1.194230] ACPI: PCI Interrupt Link [LNKD] (IRQs 5 10 *11)
[STDERR  ] 2017-08-21T19:31:56.268554067Z: [    1.195846] ACPI: PCI Interrupt Link [LNKE] (IRQs 5 *10 11)
[STDERR  ] 2017-08-21T19:31:56.268570069Z: [    1.197507] ACPI: PCI Interrupt Link [LNKF] (IRQs 5 *10 11)
[STDERR  ] 2017-08-21T19:31:56.268580657Z: [    1.199126] ACPI: PCI Interrupt Link [LNKG] (IRQs 5 10 *11)
[STDERR  ] 2017-08-21T19:31:56.268591459Z: [    1.200883] ACPI: PCI Interrupt Link [LNKH] (IRQs 5 10 *11)
[STDERR  ] 2017-08-21T19:31:56.268601872Z: [    1.201649] ACPI: PCI Interrupt Link [GSIA] (IRQs *16)
[STDERR  ] 2017-08-21T19:31:56.26861276Z: [    1.202215] ACPI: PCI Interrupt Link [GSIB] (IRQs *17)
[STDERR  ] 2017-08-21T19:31:56.2686239Z: [    1.202770] ACPI: PCI Interrupt Link [GSIC] (IRQs *18)
[STDERR  ] 2017-08-21T19:31:56.268644766Z: [    1.203327] ACPI: PCI Interrupt Link [GSID] (IRQs *19)
[STDERR  ] 2017-08-21T19:31:56.268656459Z: [    1.203885] ACPI: PCI Interrupt Link [GSIE] (IRQs *20)
[STDERR  ] 2017-08-21T19:31:56.268671193Z: [    1.204460] ACPI: PCI Interrupt Link [GSIF] (IRQs *21)
[STDERR  ] 2017-08-21T19:31:56.268681913Z: [    1.205017] ACPI: PCI Interrupt Link [GSIG] (IRQs *22)
[STDERR  ] 2017-08-21T19:31:56.268692609Z: [    1.205580] ACPI: PCI Interrupt Link [GSIH] (IRQs *23)
[STDERR  ] 2017-08-21T19:31:56.268703459Z: [    1.209082] ACPI: Enabled 2 GPEs in block 00 to 3F
[STDERR  ] 2017-08-21T19:31:56.268714781Z: [    1.213368] SCSI subsystem initialized
[STDERR  ] 2017-08-21T19:31:56.268726216Z: [    1.215100] ACPI: bus type USB registered
[STDERR  ] 2017-08-21T19:31:56.26873724Z: [    1.216113] usbcore: registered new interface driver usbfs
[STDERR  ] 2017-08-21T19:31:56.268748342Z: [    1.216988] usbcore: registered new interface driver hub
[STDERR  ] 2017-08-21T19:31:56.268758799Z: [    1.217699] usbcore: registered new device driver usb
[STDERR  ] 2017-08-21T19:31:56.26876961Z: [    1.218752] pps_core: LinuxPPS API ver. 1 registered
[STDERR  ] 2017-08-21T19:31:56.268780937Z: [    1.219043] pps_core: Software ver. 5.3.6 - Copyright 2005-2007 Rodolfo Giometti <giometti@linux.it>
[STDERR  ] 2017-08-21T19:31:56.268794917Z: [    1.219649] PTP clock support registered
[STDERR  ] 2017-08-21T19:31:56.268806108Z: [    1.220885] wmi: Mapper loaded
[STDERR  ] 2017-08-21T19:31:56.268817542Z: [    1.221857] PCI: Using ACPI for IRQ routing
[STDERR  ] 2017-08-21T19:31:56.268831737Z: [    1.240495] NetLabel: Initializing
[STDERR  ] 2017-08-21T19:31:56.268843867Z: [    1.240695] NetLabel:  domain hash size = 128
[STDERR  ] 2017-08-21T19:31:56.268855385Z: [    1.240903] NetLabel:  protocols = UNLABELED CIPSOv4
[STDERR  ] 2017-08-21T19:31:56.268867444Z: [    1.242581] NetLabel:  unlabeled traffic allowed by default
[STDERR  ] 2017-08-21T19:31:56.268878753Z: [    1.243382] HPET: 3 timers in total, 0 timers will be used for per-cpu timer
[STDERR  ] 2017-08-21T19:31:56.268890722Z: [    1.243965] hpet0: at MMIO 0xfed00000, IRQs 2, 8, 0
[STDERR  ] 2017-08-21T19:31:56.268901969Z: [    1.244363] hpet0: 3 comparators, 64-bit 100.000000 MHz counter
[STDERR  ] 2017-08-21T19:31:56.268918438Z: [    1.250661] clocksource: Switched to clocksource hpet
[STDERR  ] 2017-08-21T19:31:56.268929701Z: [    1.508225] VFS: Disk quotas dquot_6.6.0
[STDERR  ] 2017-08-21T19:31:56.26894093Z: [    1.508825] VFS: Dquot-cache hash table entries: 512 (order 0, 4096 bytes)
[STDERR  ] 2017-08-21T19:31:56.268952837Z: [    1.511558] FS-Cache: Loaded
[STDERR  ] 2017-08-21T19:31:56.268964882Z: [    1.516266] CacheFiles: Loaded
[STDERR  ] 2017-08-21T19:31:56.268976438Z: [    1.517760] pnp: PnP ACPI init
[STDERR  ] 2017-08-21T19:31:56.268990558Z: [    1.528802] pnp: PnP ACPI: found 5 devices
[STDERR  ] 2017-08-21T19:31:56.2690019Z: [    1.577007] clocksource: acpi_pm: mask: 0xffffff max_cycles: 0xffffff, max_idle_ns: 2085701024 ns
[STDERR  ] 2017-08-21T19:31:56.269015683Z: [    1.579702] NET: Registered protocol family 2
[STDERR  ] 2017-08-21T19:31:56.269026998Z: [    1.587018] TCP established hash table entries: 8192 (order: 4, 65536 bytes)
[STDERR  ] 2017-08-21T19:31:56.269042565Z: [    1.587688] TCP bind hash table entries: 8192 (order: 5, 131072 bytes)
[STDERR  ] 2017-08-21T19:31:56.269056274Z: [    1.588304] TCP: Hash tables configured (established 8192 bind 8192)
[STDERR  ] 2017-08-21T19:31:56.269071694Z: [    1.590335] UDP hash table entries: 512 (order: 2, 16384 bytes)
[STDERR  ] 2017-08-21T19:31:56.269083165Z: [    1.590826] UDP-Lite hash table entries: 512 (order: 2, 16384 bytes)
[STDERR  ] 2017-08-21T19:31:56.26909495Z: [    1.593004] NET: Registered protocol family 1
[STDERR  ] 2017-08-21T19:31:56.269111616Z: [    1.593876] pci 0000:00:01.0: Video device with shadowed ROM at [mem 0x000c0000-0x000dffff]
[STDERR  ] 2017-08-21T19:31:56.269124172Z: [    1.601963] Unpacking initramfs...
[STDERR  ] 2017-08-21T19:31:56.269135545Z: [    5.007816] Freeing initrd memory: 26392K
[STDERR  ] 2017-08-21T19:31:56.26914692Z: [    5.030559] PCLMULQDQ-NI instructions are not detected.
[STDERR  ] 2017-08-21T19:31:56.269158392Z: [    5.031696] AVX or AES-NI instructions are not detected.
[STDERR  ] 2017-08-21T19:31:56.269169727Z: [    5.032085] CPU feature 'AVX registers' is not supported.
[STDERR  ] 2017-08-21T19:31:56.269181024Z: [    5.032434] CPU feature 'AVX registers' is not supported.
[STDERR  ] 2017-08-21T19:31:56.269196347Z: [    5.032779] CPU feature 'AVX registers' is not supported.
[STDERR  ] 2017-08-21T19:31:56.26920773Z: [    5.033118] CPU feature 'AVX registers' is not supported.
[STDERR  ] 2017-08-21T19:31:56.269219202Z: [    5.033460] AVX2 or AES-NI instructions are not detected.
[STDERR  ] 2017-08-21T19:31:56.26923062Z: [    5.033797] AVX2 instructions are not detected.
[STDERR  ] 2017-08-21T19:31:56.269241977Z: [    5.038840] audit: initializing netlink subsys (disabled)
[STDERR  ] 2017-08-21T19:31:56.269253207Z: [    5.041116] audit: type=2000 audit(1503343890.030:1): initialized
[STDERR  ] 2017-08-21T19:31:56.269269167Z: [    5.050856] workingset: timestamp_bits=46 max_order=18 bucket_order=0
[STDERR  ] 2017-08-21T19:31:56.269281274Z: [    5.056747] FS-Cache: Netfs 'cifs' registered for caching
[STDERR  ] 2017-08-21T19:31:56.269292549Z: [    5.057578] fuse init (API version 7.26)
[STDERR  ] 2017-08-21T19:31:56.269303947Z: [    5.059674] SGI XFS with ACLs, security attributes, no debug enabled
[STDERR  ] 2017-08-21T19:31:56.269315335Z: [    5.063714] 9p: Installing v9fs 9p2000 file system support
[STDERR  ] 2017-08-21T19:31:56.269326664Z: [    5.064079] FS-Cache: Netfs '9p' registered for caching
[STDERR  ] 2017-08-21T19:31:56.269337917Z: [    5.096406] NET: Registered protocol family 38
[STDERR  ] 2017-08-21T19:31:56.269349123Z: [    5.096902] Key type asymmetric registered
[STDERR  ] 2017-08-21T19:31:56.269360436Z: [    5.097206] Asymmetric key parser 'x509' registered
[STDERR  ] 2017-08-21T19:31:56.26937171Z: [    5.097894] Block layer SCSI generic (bsg) driver version 0.4 loaded (major 251)
[STDERR  ] 2017-08-21T19:31:56.269385144Z: [    5.099021] io scheduler noop registered
[STDERR  ] 2017-08-21T19:31:56.269396636Z: [    5.099299] io scheduler deadline registered (default)
[STDERR  ] 2017-08-21T19:31:56.269411895Z: [    5.099815] io scheduler cfq registered
[STDERR  ] 2017-08-21T19:31:56.269423424Z: [    5.103113] pci_hotplug: PCI Hot Plug PCI Core version: 0.5
[STDERR  ] 2017-08-21T19:31:56.26943486Z: [    5.103628] pciehp: PCI Express Hot Plug Controller Driver version: 0.4
[STDERR  ] 2017-08-21T19:31:56.269446466Z: [    5.104322] shpchp: Standard Hot Plug PCI Controller Driver version: 0.4
[STDERR  ] 2017-08-21T19:31:56.26945823Z: [    5.105029] hv_vmbus: registering driver hyperv_fb
[STDERR  ] 2017-08-21T19:31:56.269469582Z: [    5.108013] input: Power Button as /devices/LNXSYSTM:00/LNXPWRBN:00/input/input0
[STDERR  ] 2017-08-21T19:31:56.269480974Z: [    5.108978] ACPI: Power Button [PWRF]
[STDERR  ] 2017-08-21T19:31:56.269492299Z: [    5.114967] GHES: HEST is not enabled!
[STDERR  ] 2017-08-21T19:31:56.269503582Z: [    5.125502] ACPI: PCI Interrupt Link [GSIG] enabled at IRQ 22
[STDERR  ] 2017-08-21T19:31:56.269514955Z: [    5.137368] ACPI: PCI Interrupt Link [GSIH] enabled at IRQ 23
[STDERR  ] 2017-08-21T19:31:56.269526316Z: [    5.141280] xenfs: not registering filesystem on non-xen platform
[STDERR  ] 2017-08-21T19:31:56.269541123Z: [    5.143083] Serial: 8250/16550 driver, 4 ports, IRQ sharing disabled
[STDERR  ] 2017-08-21T19:31:56.269552389Z: [    5.168986] 00:04: ttyS0 at I/O 0x3f8 (irq = 4, base_baud = 115200) is a 16550A
[STDERR  ] 2017-08-21T19:31:56.269563545Z: [    5.179244] Non-volatile memory driver v1.3
[STDERR  ] 2017-08-21T19:31:56.269574942Z: [    5.185319] Hangcheck: starting hangcheck timer 0.9.1 (tick is 180 seconds, margin is 60 seconds).
[STDERR  ] 2017-08-21T19:31:56.269588439Z: [    5.190328] random: fast init done
[STDERR  ] 2017-08-21T19:31:56.269601014Z: [    5.191986] random: crng init done
[STDERR  ] 2017-08-21T19:31:56.269612349Z: [    5.225669] loop: module loaded
[STDERR  ] 2017-08-21T19:31:56.26962602Z: [    5.239417] nbd: registered device at major 43
[STDERR  ] 2017-08-21T19:31:56.269637359Z: [    5.279298] lpc_ich 0000:00:1f.0: I/O space for GPIO uninitialized
[STDERR  ] 2017-08-21T19:31:56.269650094Z: [    5.281095] VMware PVSCSI driver - version 1.0.7.0-k
[STDERR  ] 2017-08-21T19:31:56.269660779Z: [    5.281730] hv_vmbus: registering driver hv_storvsc
[STDERR  ] 2017-08-21T19:31:56.269671532Z: [    5.291511] ACPI: PCI Interrupt Link [GSIA] enabled at IRQ 16
[STDERR  ] 2017-08-21T19:31:56.269681906Z: [    5.297426] ahci 0000:00:1f.2: AHCI 0001.0000 32 slots 6 ports 1.5 Gbps 0x3f impl SATA mode
[STDERR  ] 2017-08-21T19:31:56.269693225Z: [    5.298000] ahci 0000:00:1f.2: flags: 64bit ncq only 
[STDERR  ] 2017-08-21T19:31:56.269708195Z: [    5.317795] scsi host0: ahci
[STDERR  ] 2017-08-21T19:31:56.26971962Z: [    5.321492] scsi host1: ahci
[STDERR  ] 2017-08-21T19:31:56.269730656Z: [    5.323540] scsi host2: ahci
[STDERR  ] 2017-08-21T19:31:56.269741537Z: [    5.325543] scsi host3: ahci
[STDERR  ] 2017-08-21T19:31:56.269752289Z: [    5.327739] scsi host4: ahci
[STDERR  ] 2017-08-21T19:31:56.269762976Z: [    5.329744] scsi host5: ahci
[STDERR  ] 2017-08-21T19:31:56.269776322Z: [    5.331587] ata1: SATA max UDMA/133 abar m4096@0xfebd2000 port 0xfebd2100 irq 24
[STDERR  ] 2017-08-21T19:31:56.269787962Z: [    5.332063] ata2: SATA max UDMA/133 abar m4096@0xfebd2000 port 0xfebd2180 irq 24
[STDERR  ] 2017-08-21T19:31:56.269799117Z: [    5.332463] ata3: SATA max UDMA/133 abar m4096@0xfebd2000 port 0xfebd2200 irq 24
[STDERR  ] 2017-08-21T19:31:56.269809923Z: [    5.332870] ata4: SATA max UDMA/133 abar m4096@0xfebd2000 port 0xfebd2280 irq 24
[STDERR  ] 2017-08-21T19:31:56.269820607Z: [    5.333266] ata5: SATA max UDMA/133 abar m4096@0xfebd2000 port 0xfebd2300 irq 24
[STDERR  ] 2017-08-21T19:31:56.269833573Z: [    5.333662] ata6: SATA max UDMA/133 abar m4096@0xfebd2000 port 0xfebd2380 irq 24
[STDERR  ] 2017-08-21T19:31:56.269844086Z: [    5.346065] tun: Universal TUN/TAP device driver, 1.6
[STDERR  ] 2017-08-21T19:31:56.269854631Z: [    5.346347] tun: (C) 1999-2004 Max Krasnyansky <maxk@qualcomm.com>
[STDERR  ] 2017-08-21T19:31:56.269870528Z: [    5.357430] VMware vmxnet3 virtual NIC driver - version 1.4.a.0-k-NAPI
[STDERR  ] 2017-08-21T19:31:56.269891039Z: [    5.358154] hv_vmbus: registering driver hv_netvsc
[STDERR  ] 2017-08-21T19:31:56.269902852Z: [    5.358447] Fusion MPT base driver 3.04.20
[STDERR  ] 2017-08-21T19:31:56.269913948Z: [    5.358685] Copyright (c) 1999-2008 LSI Corporation
[STDERR  ] 2017-08-21T19:31:56.269924798Z: [    5.359163] Fusion MPT SPI Host driver 3.04.20
[STDERR  ] 2017-08-21T19:31:56.269936093Z: [    5.361367] i8042: PNP: PS/2 Controller [PNP0303:KBD,PNP0f13:MOU] at 0x60,0x64 irq 1,12
[STDERR  ] 2017-08-21T19:31:56.269948394Z: [    5.365044] serio: i8042 KBD port at 0x60,0x64 irq 1
[STDERR  ] 2017-08-21T19:31:56.269959585Z: [    5.365519] serio: i8042 AUX port at 0x60,0x64 irq 12
[STDERR  ] 2017-08-21T19:31:56.269970555Z: [    5.368329] hv_vmbus: registering driver hyperv_keyboard
[STDERR  ] 2017-08-21T19:31:56.269981209Z: [    5.370556] mousedev: PS/2 mouse device common for all mice
[STDERR  ] 2017-08-21T19:31:56.269993667Z: [    5.374997] input: AT Translated Set 2 keyboard as /devices/platform/i8042/serio0/input/input1
[STDERR  ] 2017-08-21T19:31:56.270005851Z: [    5.377624] input: PC Speaker as /devices/platform/pcspkr/input/input2
[STDERR  ] 2017-08-21T19:31:56.270023667Z: [    5.381137] rtc_cmos 00:00: RTC can wake from S4
[STDERR  ] 2017-08-21T19:31:56.270035526Z: [    5.384152] rtc_cmos 00:00: rtc core: registered rtc_cmos as rtc0
[STDERR  ] 2017-08-21T19:31:56.270047371Z: [    5.385343] rtc_cmos 00:00: alarms up to one day, y3k, 114 bytes nvram, hpet irqs
[STDERR  ] 2017-08-21T19:31:56.270059083Z: [    5.385942] i2c /dev entries driver
[STDERR  ] 2017-08-21T19:31:56.270077955Z: [    5.387679] device-mapper: ioctl: 4.35.0-ioctl (2016-06-23) initialised: dm-devel@redhat.com
[STDERR  ] 2017-08-21T19:31:56.270089344Z: [    5.392420] usbcore: registered new interface driver usbhid
[STDERR  ] 2017-08-21T19:31:56.270101072Z: [    5.392759] usbhid: USB HID core driver
[STDERR  ] 2017-08-21T19:31:56.270112376Z: [    5.393240] hv_utils: Registering HyperV Utility Driver
[STDERR  ] 2017-08-21T19:31:56.270123783Z: [    5.393546] hv_vmbus: registering driver hv_util
[STDERR  ] 2017-08-21T19:31:56.270135043Z: [    5.393809] hv_vmbus: registering driver hv_balloon
[STDERR  ] 2017-08-21T19:31:56.270146507Z: [    5.394242] oprofile: using NMI interrupt.
[STDERR  ] 2017-08-21T19:31:56.270158176Z: [    5.395185] GACT probability on
[STDERR  ] 2017-08-21T19:31:56.270170107Z: [    5.395599] Mirror/redirect action on
[STDERR  ] 2017-08-21T19:31:56.270181232Z: [    5.396395] Simple TC action Loaded
[STDERR  ] 2017-08-21T19:31:56.270192822Z: [    5.396879] u32 classifier
[STDERR  ] 2017-08-21T19:31:56.270205014Z: [    5.397052]     Performance counters on
[STDERR  ] 2017-08-21T19:31:56.270216411Z: [    5.397282]     input device check on
[STDERR  ] 2017-08-21T19:31:56.270227696Z: [    5.397492]     Actions configured
[STDERR  ] 2017-08-21T19:31:56.270239068Z: [    5.397977] Netfilter messages via NETLINK v0.30.
[STDERR  ] 2017-08-21T19:31:56.270250333Z: [    5.398434] nfnl_acct: registering with nfnetlink.
[STDERR  ] 2017-08-21T19:31:56.270261819Z: [    5.399620] nf_conntrack version 0.5.0 (8192 buckets, 32768 max)
[STDERR  ] 2017-08-21T19:31:56.270273095Z: [    5.402971] ctnetlink v0.93: registering with nfnetlink.
[STDERR  ] 2017-08-21T19:31:56.270284473Z: [    5.405949] nf_tables: (c) 2007-2009 Patrick McHardy <kaber@trash.net>
[STDERR  ] 2017-08-21T19:31:56.270295855Z: [    5.406698] nf_tables_compat: (c) 2012 Pablo Neira Ayuso <pablo@netfilter.org>
[STDERR  ] 2017-08-21T19:31:56.270307208Z: [    5.408851] xt_time: kernel timezone is -0000
[STDERR  ] 2017-08-21T19:31:56.270320734Z: [    5.409322] ip_set: protocol 6
[STDERR  ] 2017-08-21T19:31:56.270332511Z: [    5.409892] IPVS: Registered protocols (TCP, UDP, SCTP, AH, ESP)
[STDERR  ] 2017-08-21T19:31:56.270343948Z: [    5.410658] IPVS: Connection hash table configured (size=4096, memory=64Kbytes)
[STDERR  ] 2017-08-21T19:31:56.270355206Z: [    5.412229] IPVS: Creating netns size=2104 id=0
[STDERR  ] 2017-08-21T19:31:56.270371218Z: [    5.414700] IPVS: ipvs loaded.
[STDERR  ] 2017-08-21T19:31:56.270382965Z: [    5.414999] IPVS: [rr] scheduler registered.
[STDERR  ] 2017-08-21T19:31:56.270394181Z: [    5.415283] IPVS: [wrr] scheduler registered.
[STDERR  ] 2017-08-21T19:31:56.270405326Z: [    5.415539] IPVS: [lc] scheduler registered.
[STDERR  ] 2017-08-21T19:31:56.270416682Z: [    5.415782] IPVS: [wlc] scheduler registered.
[STDERR  ] 2017-08-21T19:31:56.270428109Z: [    5.416036] IPVS: [fo] scheduler registered.
[STDERR  ] 2017-08-21T19:31:56.27043969Z: [    5.416314] IPVS: [ovf] scheduler registered.
[STDERR  ] 2017-08-21T19:31:56.270450879Z: [    5.416702] IPVS: [lblc] scheduler registered.
[STDERR  ] 2017-08-21T19:31:56.270462477Z: [    5.417068] IPVS: [lblcr] scheduler registered.
[STDERR  ] 2017-08-21T19:31:56.270473878Z: [    5.417354] IPVS: [dh] scheduler registered.
[STDERR  ] 2017-08-21T19:31:56.27049016Z: [    5.417612] IPVS: [sh] scheduler registered.
[STDERR  ] 2017-08-21T19:31:56.270508028Z: [    5.417859] IPVS: [sed] scheduler registered.
[STDERR  ] 2017-08-21T19:31:56.270519582Z: [    5.418110] IPVS: [nq] scheduler registered.
[STDERR  ] 2017-08-21T19:31:56.270534974Z: [    5.418714] IPVS: ftp: loaded support on port[0] = 21
[STDERR  ] 2017-08-21T19:31:56.270546731Z: [    5.419511] ipip: IPv4 and MPLS over IPv4 tunneling driver
[STDERR  ] 2017-08-21T19:31:56.270558179Z: [    5.423719] gre: GRE over IPv4 demultiplexor driver
[STDERR  ] 2017-08-21T19:31:56.270574141Z: [    5.426438] ip_tables: (C) 2000-2006 Netfilter Core Team
[STDERR  ] 2017-08-21T19:31:56.27058584Z: [    5.429598] ipt_CLUSTERIP: ClusterIP Version 0.8 loaded successfully
[STDERR  ] 2017-08-21T19:31:56.270597283Z: [    5.430536] arp_tables: arp_tables: (C) 2002 David S. Miller
[STDERR  ] 2017-08-21T19:31:56.270608543Z: [    5.432827] NET: Registered protocol family 10
[STDERR  ] 2017-08-21T19:31:56.270619959Z: [    5.442736] ip6_tables: (C) 2000-2006 Netfilter Core Team
[STDERR  ] 2017-08-21T19:31:56.270631486Z: [    5.450855] NET: Registered protocol family 17
[STDERR  ] 2017-08-21T19:31:56.27064275Z: [    5.451778] Bridge firewalling registered
[STDERR  ] 2017-08-21T19:31:56.270656069Z: [    5.452230] Ebtables v2.0 registered
[STDERR  ] 2017-08-21T19:31:56.270667709Z: [    5.453950] 8021q: 802.1Q VLAN Support v1.8
[STDERR  ] 2017-08-21T19:31:56.270679216Z: [    5.455280] 9pnet: Installing 9P2000 support
[STDERR  ] 2017-08-21T19:31:56.270690689Z: [    5.456648] Key type dns_resolver registered
[STDERR  ] 2017-08-21T19:31:56.270705575Z: [    5.457460] microcode: AMD CPU family 0x6 not supported
[STDERR  ] 2017-08-21T19:31:56.270717554Z: [    5.461214] registered taskstats version 1
[STDERR  ] 2017-08-21T19:31:56.270729066Z: [    5.618862] Key type big_key registered
[STDERR  ] 2017-08-21T19:31:56.270740632Z: [    5.663763] ata1: SATA link down (SStatus 0 SControl 300)
[STDERR  ] 2017-08-21T19:31:56.270752128Z: [    5.673934] ata5: SATA link down (SStatus 0 SControl 300)
[STDERR  ] 2017-08-21T19:31:56.270763559Z: [    5.674402] ata4: SATA link down (SStatus 0 SControl 300)
[STDERR  ] 2017-08-21T19:31:56.270775155Z: [    5.675056] ata3: SATA link up 1.5 Gbps (SStatus 113 SControl 300)
[STDERR  ] 2017-08-21T19:31:56.270786845Z: [    5.677495] ata2: SATA link down (SStatus 0 SControl 300)
[STDERR  ] 2017-08-21T19:31:56.27079826Z: [    5.679239] ata3.00: ATAPI: QEMU DVD-ROM, 2.5+, max UDMA/100
[STDERR  ] 2017-08-21T19:31:56.270809718Z: [    5.679673] ata3.00: applying bridge limits
[STDERR  ] 2017-08-21T19:31:56.270821184Z: [    5.682826] ata6: SATA link down (SStatus 0 SControl 300)
[STDERR  ] 2017-08-21T19:31:56.270832747Z: [    5.683897] ata3.00: configured for UDMA/100
[STDERR  ] 2017-08-21T19:31:56.270844143Z: [    5.696743] scsi 2:0:0:0: CD-ROM            QEMU     QEMU DVD-ROM     2.5+ PQ: 0 ANSI: 5
[STDERR  ] 2017-08-21T19:31:56.27085567Z: [    5.700814] Key type encrypted registered
[STDERR  ] 2017-08-21T19:31:56.27086705Z: [    5.704579] rtc_cmos 00:00: setting system clock to 2017-08-21 19:31:31 UTC (1503343891)
[STDERR  ] 2017-08-21T19:31:56.270884584Z: [    5.732826] sr 2:0:0:0: [sr0] scsi3-mmc drive: 4x/4x cd/rw xa/form2 tray
[STDERR  ] 2017-08-21T19:31:56.270896256Z: [    5.733370] cdrom: Uniform CD-ROM driver Revision: 3.20
[STDERR  ] 2017-08-21T19:31:56.270907595Z: [    5.739306] sr 2:0:0:0: Attached scsi generic sg0 type 5
[STDERR  ] 2017-08-21T19:31:56.270919107Z: [    5.929662] Freeing unused kernel memory: 1380K
[STDERR  ] 2017-08-21T19:31:56.270930816Z: [    5.930027] Write protecting the kernel read-only data: 12288k
[STDERR  ] 2017-08-21T19:31:56.270942354Z: [    5.936129] Freeing unused kernel memory: 148K
[STDERR  ] 2017-08-21T19:31:56.270953785Z: [    6.055591] Freeing unused kernel memory: 1400K
[STDERR  ] 2017-08-21T19:31:56.270965239Z: [    6.081015] tsc: Refined TSC clocksource calibration: 2300.040 MHz
[STDERR  ] 2017-08-21T19:31:56.270976663Z: [    6.081474] clocksource: tsc: mask: 0xffffffffffffffff max_cycles: 0x21275af87f5, max_idle_ns: 440795281647 ns
[STDERR  ] 2017-08-21T19:31:56.270988871Z: [    7.094167] clocksource: Switched to clocksource tsc
[STDERR  ] 2017-08-21T19:31:56.271000017Z: 
[STDERR  ] 2017-08-21T19:31:56.271011801Z: Welcome to LinuxKit
[STDERR  ] 2017-08-21T19:31:56.271027217Z: 
[STDERR  ] 2017-08-21T19:31:56.271039699Z:                         ##         .
[STDERR  ] 2017-08-21T19:31:56.271051191Z:                   ## ## ##        ==
[STDERR  ] 2017-08-21T19:31:56.271062759Z:                ## ## ## ## ##    ===
[STDERR  ] 2017-08-21T19:31:56.271074117Z:            /"""""""""""""""""\___/ ===
[STDERR  ] 2017-08-21T19:31:56.271085787Z:           {                       /  ===-
[STDERR  ] 2017-08-21T19:31:56.271098733Z:            \______ O           __/
[STDERR  ] 2017-08-21T19:31:56.27111342Z:              \    \         __/
[STDERR  ] 2017-08-21T19:31:56.271130622Z:               \____\_______/
[STDERR  ] 2017-08-21T19:31:56.271141981Z: 
[STDERR  ] 2017-08-21T19:31:56.271153227Z: [   13.287348] IPVS: Creating netns size=2104 id=1
[STDERR  ] 2017-08-21T19:31:56.271171091Z: [   13.287795] IPVS: ftp: loaded support on port[0] = 21
[STDERR  ] 2017-08-21T19:31:56.271182344Z: binfmt test suite PASSED
[STDERR  ] 2017-08-21T19:31:56.271194326Z: [   29.786573] ACPI: Preparing to enter system sleep state S5
[STDERR  ] 2017-08-21T19:31:56.27120573Z: [   29.788128] reboot: Power down
[STDERR  ] 2017-08-21T19:31:56.271217954Z: + echo [    0.000000] Linux version 4.9.44-linuxkit (root@e1ede117fb1e) (gcc version 6.3.0 (Alpine 6.3.0) ) #1 SMP Fri Aug 18 17:11:43 UTC 2017
[STDERR  ] 2017-08-21T19:31:56.271230429Z: [    0.000000] Command line: console=ttyS0 page_poison=1
[STDERR  ] 2017-08-21T19:31:56.2712418Z: [    0.000000] x86/fpu: Legacy x87 FPU detected.
[STDERR  ] 2017-08-21T19:31:56.271255241Z: [    0.000000] x86/fpu: Using 'eager' FPU context switches.
[STDERR  ] 2017-08-21T19:31:56.271273845Z: [    0.000000] e820: BIOS-provided physical RAM map:
[STDERR  ] 2017-08-21T19:31:56.271286117Z: [    0.000000] BIOS-e820: [mem 0x0000000000000000-0x000000000009fbff] usable
[STDERR  ] 2017-08-21T19:31:56.271297547Z: [    0.000000] BIOS-e820: [mem 0x000000000009fc00-0x000000000009ffff] reserved
[STDERR  ] 2017-08-21T19:31:56.27130924Z: [    0.000000] BIOS-e820: [mem 0x00000000000f0000-0x00000000000fffff] reserved
[STDERR  ] 2017-08-21T19:31:56.271321215Z: [    0.000000] BIOS-e820: [mem 0x0000000000100000-0x000000003ffdefff] usable
[STDERR  ] 2017-08-21T19:31:56.271333204Z: [    0.000000] BIOS-e820: [mem 0x000000003ffdf000-0x000000003fffffff] reserved
[STDERR  ] 2017-08-21T19:31:56.271344724Z: [    0.000000] BIOS-e820: [mem 0x00000000b0000000-0x00000000bfffffff] reserved
[STDERR  ] 2017-08-21T19:31:56.271356243Z: [    0.000000] BIOS-e820: [mem 0x00000000fed1c000-0x00000000fed1ffff] reserved
[STDERR  ] 2017-08-21T19:31:56.271373618Z: [    0.000000] BIOS-e820: [mem 0x00000000fffc0000-0x00000000ffffffff] reserved
[STDERR  ] 2017-08-21T19:31:56.271385817Z: [    0.000000] NX (Execute Disable) protection: active
[STDERR  ] 2017-08-21T19:31:56.271397133Z: [    0.000000] SMBIOS 2.8 present.
[STDERR  ] 2017-08-21T19:31:56.271408801Z: [    0.000000] e820: last_pfn = 0x3ffdf max_arch_pfn = 0x400000000
[STDERR  ] 2017-08-21T19:31:56.271426487Z: [    0.000000] x86/PAT: Configuration [0-7]: WB  WC  UC- UC  WB  WC  UC- WT  
[STDERR  ] 2017-08-21T19:31:56.271438167Z: [    0.000000] found SMP MP-table at [mem 0x000f6aa0-0x000f6aaf] mapped at [ffff96b9000f6aa0]
[STDERR  ] 2017-08-21T19:31:56.271450172Z: [    0.000000] RAMDISK: [mem 0x3e60a000-0x3ffcffff]
[STDERR  ] 2017-08-21T19:31:56.271461482Z: [    0.000000] ACPI: Early table checksum verification disabled
[STDERR  ] 2017-08-21T19:31:56.27147267Z: [    0.000000] ACPI: RSDP 0x00000000000F68C0 000014 (v00 BOCHS )
[STDERR  ] 2017-08-21T19:31:56.271483941Z: [    0.000000] ACPI: RSDT 0x000000003FFE2404 000034 (v01 BOCHS  BXPCRSDT 00000001 BXPC 00000001)
[STDERR  ] 2017-08-21T19:31:56.27149596Z: [    0.000000] ACPI: FACP 0x000000003FFE22A4 000074 (v01 BOCHS  BXPCFACP 00000001 BXPC 00000001)
[STDERR  ] 2017-08-21T19:31:56.271508273Z: [    0.000000] ACPI: DSDT 0x000000003FFE0040 002264 (v01 BOCHS  BXPCDSDT 00000001 BXPC 00000001)
[STDERR  ] 2017-08-21T19:31:56.271520604Z: [    0.000000] ACPI: FACS 0x000000003FFE0000 000040
[STDERR  ] 2017-08-21T19:31:56.271540348Z: [    0.000000] ACPI: APIC 0x000000003FFE2318 000078 (v01 BOCHS  BXPCAPIC 00000001 BXPC 00000001)
[STDERR  ] 2017-08-21T19:31:56.271553719Z: [    0.000000] ACPI: HPET 0x000000003FFE2390 000038 (v01 BOCHS  BXPCHPET 00000001 BXPC 00000001)
[STDERR  ] 2017-08-21T19:31:56.271565291Z: [    0.000000] ACPI: MCFG 0x000000003FFE23C8 00003C (v01 BOCHS  BXPCMCFG 00000001 BXPC 00000001)
[STDERR  ] 2017-08-21T19:31:56.271580627Z: [    0.000000] Zone ranges:
[STDERR  ] 2017-08-21T19:31:56.271593203Z: [    0.000000]   DMA      [mem 0x0000000000001000-0x0000000000ffffff]
[STDERR  ] 2017-08-21T19:31:56.27160481Z: [    0.000000]   DMA32    [mem 0x0000000001000000-0x000000003ffdefff]
[STDERR  ] 2017-08-21T19:31:56.271616636Z: [    0.000000]   Normal   empty
[STDERR  ] 2017-08-21T19:31:56.271629953Z: [    0.000000] Movable zone start for each node
[STDERR  ] 2017-08-21T19:31:56.271640782Z: [    0.000000] Early memory node ranges
[STDERR  ] 2017-08-21T19:31:56.271652307Z: [    0.000000]   node   0: [mem 0x0000000000001000-0x000000000009efff]
[STDERR  ] 2017-08-21T19:31:56.271663772Z: [    0.000000]   node   0: [mem 0x0000000000100000-0x000000003ffdefff]
[STDERR  ] 2017-08-21T19:31:56.271674785Z: [    0.000000] Initmem setup node 0 [mem 0x0000000000001000-0x000000003ffdefff]
[STDERR  ] 2017-08-21T19:31:56.271686428Z: [    0.000000] ACPI: PM-Timer IO Port: 0x608
[STDERR  ] 2017-08-21T19:31:56.271698461Z: [    0.000000] ACPI: LAPIC_NMI (acpi_id[0xff] dfl dfl lint[0x1])
[STDERR  ] 2017-08-21T19:31:56.271710349Z: [    0.000000] IOAPIC[0]: apic_id 0, version 32, address 0xfec00000, GSI 0-23
[STDERR  ] 2017-08-21T19:31:56.271722175Z: [    0.000000] ACPI: INT_SRC_OVR (bus 0 bus_irq 0 global_irq 2 dfl dfl)
[STDERR  ] 2017-08-21T19:31:56.271733996Z: [    0.000000] ACPI: INT_SRC_OVR (bus 0 bus_irq 5 global_irq 5 high level)
[STDERR  ] 2017-08-21T19:31:56.271745448Z: [    0.000000] ACPI: INT_SRC_OVR (bus 0 bus_irq 9 global_irq 9 high level)
[STDERR  ] 2017-08-21T19:31:56.271756647Z: [    0.000000] ACPI: INT_SRC_OVR (bus 0 bus_irq 10 global_irq 10 high level)
[STDERR  ] 2017-08-21T19:31:56.271774421Z: [    0.000000] ACPI: INT_SRC_OVR (bus 0 bus_irq 11 global_irq 11 high level)
[STDERR  ] 2017-08-21T19:31:56.271785668Z: [    0.000000] Using ACPI (MADT) for SMP configuration information
[STDERR  ] 2017-08-21T19:31:56.271796094Z: [    0.000000] ACPI: HPET id: 0x8086a201 base: 0xfed00000
[STDERR  ] 2017-08-21T19:31:56.271806317Z: [    0.000000] smpboot: Allowing 1 CPUs, 0 hotplug CPUs
[STDERR  ] 2017-08-21T19:31:56.271816783Z: [    0.000000] e820: [mem 0x40000000-0xafffffff] available for PCI devices
[STDERR  ] 2017-08-21T19:31:56.271829514Z: [    0.000000] Booting paravirtualized kernel on bare hardware
[STDERR  ] 2017-08-21T19:31:56.271841106Z: [    0.000000] clocksource: refined-jiffies: mask: 0xffffffff max_cycles: 0xffffffff, max_idle_ns: 19112604462750000 ns
[STDERR  ] 2017-08-21T19:31:56.271853595Z: [    0.000000] setup_percpu: NR_CPUS:128 nr_cpumask_bits:128 nr_cpu_ids:1 nr_node_ids:1
[STDERR  ] 2017-08-21T19:31:56.271873893Z: [    0.000000] percpu: Embedded 35 pages/cpu @ffff96b93e400000 s105240 r8192 d29928 u2097152
[STDERR  ] 2017-08-21T19:31:56.271885698Z: [    0.000000] Built 1 zonelists in Zone order, mobility grouping on.  Total pages: 257896
[STDERR  ] 2017-08-21T19:31:56.271897773Z: [    0.000000] Kernel command line: console=ttyS0 page_poison=1
[STDERR  ] 2017-08-21T19:31:56.271909304Z: [    0.000000] PID hash table entries: 4096 (order: 3, 32768 bytes)
[STDERR  ] 2017-08-21T19:31:56.271920796Z: [    0.000000] Dentry cache hash table entries: 131072 (order: 8, 1048576 bytes)
[STDERR  ] 2017-08-21T19:31:56.271932104Z: [    0.000000] Inode-cache hash table entries: 65536 (order: 7, 524288 bytes)
[STDERR  ] 2017-08-21T19:31:56.271943653Z: [    0.000000] Memory: 987788K/1048052K available (8028K kernel code, 1366K rwdata, 2696K rodata, 1380K init, 568K bss, 60264K reserved, 0K cma-reserved)
[STDERR  ] 2017-08-21T19:31:56.271956382Z: [    0.000000] Hierarchical RCU implementation.
[STDERR  ] 2017-08-21T19:31:56.271967906Z: [    0.000000] 	Build-time adjustment of leaf fanout to 64.
[STDERR  ] 2017-08-21T19:31:56.271984896Z: [    0.000000] 	RCU restricting CPUs from NR_CPUS=128 to nr_cpu_ids=1.
[STDERR  ] 2017-08-21T19:31:56.272002555Z: [    0.000000] RCU: Adjusting geometry for rcu_fanout_leaf=64, nr_cpu_ids=1
[STDERR  ] 2017-08-21T19:31:56.27201381Z: [    0.000000] NR_IRQS:8448 nr_irqs:256 16
[STDERR  ] 2017-08-21T19:31:56.272025162Z: [    0.000000] Console: colour VGA+ 80x25
[STDERR  ] 2017-08-21T19:31:56.272036043Z: [    0.000000] console [ttyS0] enabled
[STDERR  ] 2017-08-21T19:31:56.272047808Z: [    0.000000] allocated 2097152 bytes of page_ext
[STDERR  ] 2017-08-21T19:31:56.272059484Z: [    0.000000] clocksource: hpet: mask: 0xffffffff max_cycles: 0xffffffff, max_idle_ns: 19112604467 ns
[STDERR  ] 2017-08-21T19:31:56.272072216Z: [    0.000000] tsc: Fast TSC calibration using PIT
[STDERR  ] 2017-08-21T19:31:56.272083899Z: [    0.000000] tsc: Detected 2300.110 MHz processor
[STDERR  ] 2017-08-21T19:31:56.272096045Z: [    0.021357] Calibrating delay loop (skipped), value calculated using timer frequency.. 4600.22 BogoMIPS (lpj=23001100)
[STDERR  ] 2017-08-21T19:31:56.272108605Z: [    0.022393] pid_max: default: 32768 minimum: 301
[STDERR  ] 2017-08-21T19:31:56.272119742Z: [    0.023302] ACPI: Core revision 20160831
[STDERR  ] 2017-08-21T19:31:56.272130944Z: [    0.081518] ACPI: 1 ACPI AML tables successfully acquired and loaded
[STDERR  ] 2017-08-21T19:31:56.272142125Z: [    0.084733] Security Framework initialized
[STDERR  ] 2017-08-21T19:31:56.272153217Z: [    0.085102] Yama: becoming mindful.
[STDERR  ] 2017-08-21T19:31:56.272163759Z: [    0.086895] Mount-cache hash table entries: 2048 (order: 2, 16384 bytes)
[STDERR  ] 2017-08-21T19:31:56.272174184Z: [    0.087397] Mountpoint-cache hash table entries: 2048 (order: 2, 16384 bytes)
[STDERR  ] 2017-08-21T19:31:56.272185173Z: [    0.106361] Last level iTLB entries: 4KB 0, 2MB 0, 4MB 0
[STDERR  ] 2017-08-21T19:31:56.272195236Z: [    0.106773] Last level dTLB entries: 4KB 0, 2MB 0, 4MB 0, 1GB 0
[STDERR  ] 2017-08-21T19:31:56.272205075Z: [    0.409220] Freeing SMP alternatives memory: 20K
[STDERR  ] 2017-08-21T19:31:56.272222919Z: [    0.417893] ftrace: allocating 35486 entries in 139 pages
[STDERR  ] 2017-08-21T19:31:56.272234425Z: [    0.576783] smpboot: Max logical packages: 1
[STDERR  ] 2017-08-21T19:31:56.27224931Z: [    0.582858] ..TIMER: vector=0x30 apic1=0 pin1=2 apic2=-1 pin2=-1
[STDERR  ] 2017-08-21T19:31:56.272261643Z: [    0.690000] smpboot: CPU0: AMD QEMU Virtual CPU version 2.5+ (family: 0x6, model: 0x6, stepping: 0x3)
[STDERR  ] 2017-08-21T19:31:56.272274114Z: [    0.690000] Performance Events: PMU not available due to virtualization, using software events only.
[STDERR  ] 2017-08-21T19:31:56.272286297Z: [    0.697415] NMI watchdog: disabled (cpu0): hardware events not enabled
[STDERR  ] 2017-08-21T19:31:56.272297468Z: [    0.697816] NMI watchdog: Shutting down hard lockup detector on all cpus
[STDERR  ] 2017-08-21T19:31:56.272315992Z: [    0.700243] x86: Booted up 1 node, 1 CPUs
[STDERR  ] 2017-08-21T19:31:56.272327671Z: [    0.700568] smpboot: Total of 1 processors activated (4600.22 BogoMIPS)
[STDERR  ] 2017-08-21T19:31:56.272338507Z: [    0.714810] devtmpfs: initialized
[STDERR  ] 2017-08-21T19:31:56.272350185Z: [    0.719326] x86/mm: Memory block size: 128MB
[STDERR  ] 2017-08-21T19:31:56.272367298Z: [    0.781385] clocksource: jiffies: mask: 0xffffffff max_cycles: 0xffffffff, max_idle_ns: 19112604462750000 ns
[STDERR  ] 2017-08-21T19:31:56.272381187Z: [    0.782165] futex hash table entries: 256 (order: 2, 16384 bytes)
[STDERR  ] 2017-08-21T19:31:56.272392657Z: [    0.791163] NET: Registered protocol family 16
[STDERR  ] 2017-08-21T19:31:56.272412296Z: [    0.800178] cpuidle: using governor ladder
[STDERR  ] 2017-08-21T19:31:56.272424431Z: [    0.800557] cpuidle: using governor menu
[STDERR  ] 2017-08-21T19:31:56.272435544Z: [    0.801598] ACPI: bus type PCI registered
[STDERR  ] 2017-08-21T19:31:56.272446719Z: [    0.804244] PCI: MMCONFIG for domain 0000 [bus 00-ff] at [mem 0xb0000000-0xbfffffff] (base 0xb0000000)
[STDERR  ] 2017-08-21T19:31:56.272469064Z: [    0.804913] PCI: MMCONFIG at [mem 0xb0000000-0xbfffffff] reserved in E820
[STDERR  ] 2017-08-21T19:31:56.272481022Z: [    0.806110] PCI: Using configuration type 1 for base access
[STDERR  ] 2017-08-21T19:31:56.272492594Z: [    0.861175] HugeTLB registered 2 MB page size, pre-allocated 0 pages
[STDERR  ] 2017-08-21T19:31:56.272504124Z: [    0.873440] ACPI: Added _OSI(Module Device)
[STDERR  ] 2017-08-21T19:31:56.272516084Z: [    0.873738] ACPI: Added _OSI(Processor Device)
[STDERR  ] 2017-08-21T19:31:56.272527599Z: [    0.873997] ACPI: Added _OSI(3.0 _SCP Extensions)
[STDERR  ] 2017-08-21T19:31:56.272539169Z: [    0.874267] ACPI: Added _OSI(Processor Aggregator Device)
[STDERR  ] 2017-08-21T19:31:56.272550911Z: [    0.946198] ACPI: Interpreter enabled
[STDERR  ] 2017-08-21T19:31:56.272562681Z: [    0.947031] ACPI: (supports S0 S5)
[STDERR  ] 2017-08-21T19:31:56.272574587Z: [    0.947297] ACPI: Using IOAPIC for interrupt routing
[STDERR  ] 2017-08-21T19:31:56.272585739Z: [    0.948969] PCI: Using host bridge windows from ACPI; if necessary, use "pci=nocrs" and report a bug
[STDERR  ] 2017-08-21T19:31:56.272597246Z: [    1.010531] ACPI: PCI Root Bridge [PCI0] (domain 0000 [bus 00-ff])
[STDERR  ] 2017-08-21T19:31:56.272608279Z: [    1.011397] acpi PNP0A08:00: _OSC: OS supports [ExtendedConfig ASPM ClockPM Segments MSI]
[STDERR  ] 2017-08-21T19:31:56.27262034Z: [    1.016740] acpi PNP0A08:00: _OSC: OS now controls [PCIeHotplug PME PCIeCapability]
[STDERR  ] 2017-08-21T19:31:56.272631917Z: [    1.020286] PCI host bridge to bus 0000:00
[STDERR  ] 2017-08-21T19:31:56.272643027Z: [    1.020662] pci_bus 0000:00: root bus resource [io  0x0000-0x0cf7 window]
[STDERR  ] 2017-08-21T19:31:56.272655683Z: [    1.021053] pci_bus 0000:00: root bus resource [io  0x0d00-0xffff window]
[STDERR  ] 2017-08-21T19:31:56.272670946Z: [    1.021430] pci_bus 0000:00: root bus resource [mem 0x000a0000-0x000bffff window]
[STDERR  ] 2017-08-21T19:31:56.27268347Z: [    1.021838] pci_bus 0000:00: root bus resource [mem 0xc0000000-0xfebfffff window]
[STDERR  ] 2017-08-21T19:31:56.272696249Z: [    1.022365] pci_bus 0000:00: root bus resource [bus 00-ff]
[STDERR  ] 2017-08-21T19:31:56.272708879Z: [    1.130265] pci 0000:00:1f.0: quirk: [io  0x0600-0x067f] claimed by ICH6 ACPI/GPIO/TCO
[STDERR  ] 2017-08-21T19:31:56.272723745Z: [    1.188411] ACPI: PCI Interrupt Link [LNKA] (IRQs 5 *10 11)
[STDERR  ] 2017-08-21T19:31:56.272736662Z: [    1.190992] ACPI: PCI Interrupt Link [LNKB] (IRQs 5 *10 11)
[STDERR  ] 2017-08-21T19:31:56.272750166Z: [    1.192617] ACPI: PCI Interrupt Link [LNKC] (IRQs 5 10 *11)
[STDERR  ] 2017-08-21T19:31:56.272762051Z: [    1.194230] ACPI: PCI Interrupt Link [LNKD] (IRQs 5 10 *11)
[STDERR  ] 2017-08-21T19:31:56.272775206Z: [    1.195846] ACPI: PCI Interrupt Link [LNKE] (IRQs 5 *10 11)
[STDERR  ] 2017-08-21T19:31:56.272794617Z: [    1.197507] ACPI: PCI Interrupt Link [LNKF] (IRQs 5 *10 11)
[STDERR  ] 2017-08-21T19:31:56.272806506Z: [    1.199126] ACPI: PCI Interrupt Link [LNKG] (IRQs 5 10 *11)
[STDERR  ] 2017-08-21T19:31:56.272820499Z: [    1.200883] ACPI: PCI Interrupt Link [LNKH] (IRQs 5 10 *11)
[STDERR  ] 2017-08-21T19:31:56.272831651Z: [    1.201649] ACPI: PCI Interrupt Link [GSIA] (IRQs *16)
[STDERR  ] 2017-08-21T19:31:56.272842755Z: [    1.202215] ACPI: PCI Interrupt Link [GSIB] (IRQs *17)
[STDERR  ] 2017-08-21T19:31:56.272857312Z: [    1.202770] ACPI: PCI Interrupt Link [GSIC] (IRQs *18)
[STDERR  ] 2017-08-21T19:31:56.272868654Z: [    1.203327] ACPI: PCI Interrupt Link [GSID] (IRQs *19)
[STDERR  ] 2017-08-21T19:31:56.272883057Z: [    1.203885] ACPI: PCI Interrupt Link [GSIE] (IRQs *20)
[STDERR  ] 2017-08-21T19:31:56.27290084Z: [    1.204460] ACPI: PCI Interrupt Link [GSIF] (IRQs *21)
[STDERR  ] 2017-08-21T19:31:56.272914192Z: [    1.205017] ACPI: PCI Interrupt Link [GSIG] (IRQs *22)
[STDERR  ] 2017-08-21T19:31:56.272925686Z: [    1.205580] ACPI: PCI Interrupt Link [GSIH] (IRQs *23)
[STDERR  ] 2017-08-21T19:31:56.272939071Z: [    1.209082] ACPI: Enabled 2 GPEs in block 00 to 3F
[STDERR  ] 2017-08-21T19:31:56.272955417Z: [    1.213368] SCSI subsystem initialized
[STDERR  ] 2017-08-21T19:31:56.272968961Z: [    1.215100] ACPI: bus type USB registered
[STDERR  ] 2017-08-21T19:31:56.272981648Z: [    1.216113] usbcore: registered new interface driver usbfs
[STDERR  ] 2017-08-21T19:31:56.272994903Z: [    1.216988] usbcore: registered new interface driver hub
[STDERR  ] 2017-08-21T19:31:56.273007449Z: [    1.217699] usbcore: registered new device driver usb
[STDERR  ] 2017-08-21T19:31:56.273019913Z: [    1.218752] pps_core: LinuxPPS API ver. 1 registered
[STDERR  ] 2017-08-21T19:31:56.273033128Z: [    1.219043] pps_core: Software ver. 5.3.6 - Copyright 2005-2007 Rodolfo Giometti <giometti@linux.it>
[STDERR  ] 2017-08-21T19:31:56.273044372Z: [    1.219649] PTP clock support registered
[STDERR  ] 2017-08-21T19:31:56.273062382Z: [    1.220885] wmi: Mapper loaded
[STDERR  ] 2017-08-21T19:31:56.273083804Z: [    1.221857] PCI: Using ACPI for IRQ routing
[STDERR  ] 2017-08-21T19:31:56.27309588Z: [    1.240495] NetLabel: Initializing
[STDERR  ] 2017-08-21T19:31:56.273108961Z: [    1.240695] NetLabel:  domain hash size = 128
[STDERR  ] 2017-08-21T19:31:56.273121137Z: [    1.240903] NetLabel:  protocols = UNLABELED CIPSOv4
[STDERR  ] 2017-08-21T19:31:56.273133889Z: [    1.242581] NetLabel:  unlabeled traffic allowed by default
[STDERR  ] 2017-08-21T19:31:56.27314648Z: [    1.243382] HPET: 3 timers in total, 0 timers will be used for per-cpu timer
[STDERR  ] 2017-08-21T19:31:56.273157684Z: [    1.243965] hpet0: at MMIO 0xfed00000, IRQs 2, 8, 0
[STDERR  ] 2017-08-21T19:31:56.273172231Z: [    1.244363] hpet0: 3 comparators, 64-bit 100.000000 MHz counter
[STDERR  ] 2017-08-21T19:31:56.273183974Z: [    1.250661] clocksource: Switched to clocksource hpet
[STDERR  ] 2017-08-21T19:31:56.273197536Z: [    1.508225] VFS: Disk quotas dquot_6.6.0
[STDERR  ] 2017-08-21T19:31:56.273209164Z: [    1.508825] VFS: Dquot-cache hash table entries: 512 (order 0, 4096 bytes)
[STDERR  ] 2017-08-21T19:31:56.273229406Z: [    1.511558] FS-Cache: Loaded
[STDERR  ] 2017-08-21T19:31:56.273241157Z: [    1.516266] CacheFiles: Loaded
[STDERR  ] 2017-08-21T19:31:56.273255905Z: [    1.517760] pnp: PnP ACPI init
[STDERR  ] 2017-08-21T19:31:56.273267634Z: [    1.528802] pnp: PnP ACPI: found 5 devices
[STDERR  ] 2017-08-21T19:31:56.273286987Z: [    1.577007] clocksource: acpi_pm: mask: 0xffffff max_cycles: 0xffffff, max_idle_ns: 2085701024 ns
[STDERR  ] 2017-08-21T19:31:56.273299705Z: [    1.579702] NET: Registered protocol family 2
[STDERR  ] 2017-08-21T19:31:56.273313062Z: [    1.587018] TCP established hash table entries: 8192 (order: 4, 65536 bytes)
[STDERR  ] 2017-08-21T19:31:56.273324471Z: [    1.587688] TCP bind hash table entries: 8192 (order: 5, 131072 bytes)
[STDERR  ] 2017-08-21T19:31:56.273337318Z: [    1.588304] TCP: Hash tables configured (established 8192 bind 8192)
[STDERR  ] 2017-08-21T19:31:56.273353861Z: [    1.590335] UDP hash table entries: 512 (order: 2, 16384 bytes)
[STDERR  ] 2017-08-21T19:31:56.273368243Z: [    1.590826] UDP-Lite hash table entries: 512 (order: 2, 16384 bytes)
[STDERR  ] 2017-08-21T19:31:56.273379183Z: [    1.593004] NET: Registered protocol family 1
[STDERR  ] 2017-08-21T19:31:56.273392896Z: [    1.593876] pci 0000:00:01.0: Video device with shadowed ROM at [mem 0x000c0000-0x000dffff]
[STDERR  ] 2017-08-21T19:31:56.273405227Z: [    1.601963] Unpacking initramfs...
[STDERR  ] 2017-08-21T19:31:56.273418031Z: [    5.007816] Freeing initrd memory: 26392K
[STDERR  ] 2017-08-21T19:31:56.273430642Z: [    5.030559] PCLMULQDQ-NI instructions are not detected.
[STDERR  ] 2017-08-21T19:31:56.27344382Z: [    5.031696] AVX or AES-NI instructions are not detected.
[STDERR  ] 2017-08-21T19:31:56.273456939Z: [    5.032085] CPU feature 'AVX registers' is not supported.
[STDERR  ] 2017-08-21T19:31:56.273468084Z: [    5.032434] CPU feature 'AVX registers' is not supported.
[STDERR  ] 2017-08-21T19:31:56.273488525Z: [    5.032779] CPU feature 'AVX registers' is not supported.
[STDERR  ] 2017-08-21T19:31:56.27350902Z: [    5.033118] CPU feature 'AVX registers' is not supported.
[STDERR  ] 2017-08-21T19:31:56.273520552Z: [    5.033460] AVX2 or AES-NI instructions are not detected.
[STDERR  ] 2017-08-21T19:31:56.273537693Z: [    5.033797] AVX2 instructions are not detected.
[STDERR  ] 2017-08-21T19:31:56.273549153Z: [    5.038840] audit: initializing netlink subsys (disabled)
[STDERR  ] 2017-08-21T19:31:56.273563833Z: [    5.041116] audit: type=2000 audit(1503343890.030:1): initialized
[STDERR  ] 2017-08-21T19:31:56.273575231Z: [    5.050856] workingset: timestamp_bits=46 max_order=18 bucket_order=0
[STDERR  ] 2017-08-21T19:31:56.273587229Z: [    5.056747] FS-Cache: Netfs 'cifs' registered for caching
[STDERR  ] 2017-08-21T19:31:56.273599452Z: [    5.057578] fuse init (API version 7.26)
[STDERR  ] 2017-08-21T19:31:56.273612025Z: [    5.059674] SGI XFS with ACLs, security attributes, no debug enabled
[STDERR  ] 2017-08-21T19:31:56.273625344Z: [    5.063714] 9p: Installing v9fs 9p2000 file system support
[STDERR  ] 2017-08-21T19:31:56.273637757Z: [    5.064079] FS-Cache: Netfs '9p' registered for caching
[STDERR  ] 2017-08-21T19:31:56.273651502Z: [    5.096406] NET: Registered protocol family 38
[STDERR  ] 2017-08-21T19:31:56.273662903Z: [    5.096902] Key type asymmetric registered
[STDERR  ] 2017-08-21T19:31:56.273677342Z: [    5.097206] Asymmetric key parser 'x509' registered
[STDERR  ] 2017-08-21T19:31:56.273688657Z: [    5.097894] Block layer SCSI generic (bsg) driver version 0.4 loaded (major 251)
[STDERR  ] 2017-08-21T19:31:56.273702455Z: [    5.099021] io scheduler noop registered
[STDERR  ] 2017-08-21T19:31:56.273713815Z: [    5.099299] io scheduler deadline registered (default)
[STDERR  ] 2017-08-21T19:31:56.273725905Z: [    5.099815] io scheduler cfq registered
[STDERR  ] 2017-08-21T19:31:56.273738612Z: [    5.103113] pci_hotplug: PCI Hot Plug PCI Core version: 0.5
[STDERR  ] 2017-08-21T19:31:56.273750238Z: [    5.103628] pciehp: PCI Express Hot Plug Controller Driver version: 0.4
[STDERR  ] 2017-08-21T19:31:56.273764209Z: [    5.104322] shpchp: Standard Hot Plug PCI Controller Driver version: 0.4
[STDERR  ] 2017-08-21T19:31:56.273782286Z: [    5.105029] hv_vmbus: registering driver hyperv_fb
[STDERR  ] 2017-08-21T19:31:56.273795488Z: [    5.108013] input: Power Button as /devices/LNXSYSTM:00/LNXPWRBN:00/input/input0
[STDERR  ] 2017-08-21T19:31:56.273807082Z: [    5.108978] ACPI: Power Button [PWRF]
[STDERR  ] 2017-08-21T19:31:56.273820903Z: [    5.114967] GHES: HEST is not enabled!
[STDERR  ] 2017-08-21T19:31:56.273832319Z: [    5.125502] ACPI: PCI Interrupt Link [GSIG] enabled at IRQ 22
[STDERR  ] 2017-08-21T19:31:56.273846083Z: [    5.137368] ACPI: PCI Interrupt Link [GSIH] enabled at IRQ 23
[STDERR  ] 2017-08-21T19:31:56.273857755Z: [    5.141280] xenfs: not registering filesystem on non-xen platform
[STDERR  ] 2017-08-21T19:31:56.273871118Z: [    5.143083] Serial: 8250/16550 driver, 4 ports, IRQ sharing disabled
[STDERR  ] 2017-08-21T19:31:56.273887479Z: [    5.168986] 00:04: ttyS0 at I/O 0x3f8 (irq = 4, base_baud = 115200) is a 16550A
[STDERR  ] 2017-08-21T19:31:56.273900608Z: [    5.179244] Non-volatile memory driver v1.3
[STDERR  ] 2017-08-21T19:31:56.273913048Z: [    5.185319] Hangcheck: starting hangcheck timer 0.9.1 (tick is 180 seconds, margin is 60 seconds).
[STDERR  ] 2017-08-21T19:31:56.273926024Z: [    5.190328] random: fast init done
[STDERR  ] 2017-08-21T19:31:56.273938994Z: [    5.191986] random: crng init done
[STDERR  ] 2017-08-21T19:31:56.27395129Z: [    5.225669] loop: module loaded
[STDERR  ] 2017-08-21T19:31:56.273965598Z: [    5.239417] nbd: registered device at major 43
[STDERR  ] 2017-08-21T19:31:56.27398016Z: [    5.279298] lpc_ich 0000:00:1f.0: I/O space for GPIO uninitialized
[STDERR  ] 2017-08-21T19:31:56.273994054Z: [    5.281095] VMware PVSCSI driver - version 1.0.7.0-k
[STDERR  ] 2017-08-21T19:31:56.274005739Z: [    5.281730] hv_vmbus: registering driver hv_storvsc
[STDERR  ] 2017-08-21T19:31:56.274027242Z: [    5.291511] ACPI: PCI Interrupt Link [GSIA] enabled at IRQ 16
[STDERR  ] 2017-08-21T19:31:56.274046548Z: [    5.297426] ahci 0000:00:1f.2: AHCI 0001.0000 32 slots 6 ports 1.5 Gbps 0x3f impl SATA mode
[STDERR  ] 2017-08-21T19:31:56.274058591Z: [    5.298000] ahci 0000:00:1f.2: flags: 64bit ncq only 
[STDERR  ] 2017-08-21T19:31:56.274073582Z: [    5.317795] scsi host0: ahci
[STDERR  ] 2017-08-21T19:31:56.274085Z: [    5.321492] scsi host1: ahci
[STDERR  ] 2017-08-21T19:31:56.27410121Z: [    5.323540] scsi host2: ahci
[STDERR  ] 2017-08-21T19:31:56.274113603Z: [    5.325543] scsi host3: ahci
[STDERR  ] 2017-08-21T19:31:56.27412696Z: [    5.327739] scsi host4: ahci
[STDERR  ] 2017-08-21T19:31:56.274139179Z: [    5.329744] scsi host5: ahci
[STDERR  ] 2017-08-21T19:31:56.274151985Z: [    5.331587] ata1: SATA max UDMA/133 abar m4096@0xfebd2000 port 0xfebd2100 irq 24
[STDERR  ] 2017-08-21T19:31:56.274164486Z: [    5.332063] ata2: SATA max UDMA/133 abar m4096@0xfebd2000 port 0xfebd2180 irq 24
[STDERR  ] 2017-08-21T19:31:56.274175925Z: [    5.332463] ata3: SATA max UDMA/133 abar m4096@0xfebd2000 port 0xfebd2200 irq 24
[STDERR  ] 2017-08-21T19:31:56.274190156Z: [    5.332870] ata4: SATA max UDMA/133 abar m4096@0xfebd2000 port 0xfebd2280 irq 24
[STDERR  ] 2017-08-21T19:31:56.274207034Z: [    5.333266] ata5: SATA max UDMA/133 abar m4096@0xfebd2000 port 0xfebd2300 irq 24
[STDERR  ] 2017-08-21T19:31:56.27422086Z: [    5.333662] ata6: SATA max UDMA/133 abar m4096@0xfebd2000 port 0xfebd2380 irq 24
[STDERR  ] 2017-08-21T19:31:56.274231758Z: [    5.346065] tun: Universal TUN/TAP device driver, 1.6
[STDERR  ] 2017-08-21T19:31:56.274245873Z: [    5.346347] tun: (C) 1999-2004 Max Krasnyansky <maxk@qualcomm.com>
[STDERR  ] 2017-08-21T19:31:56.274257226Z: [    5.357430] VMware vmxnet3 virtual NIC driver - version 1.4.a.0-k-NAPI
[STDERR  ] 2017-08-21T19:31:56.274270919Z: [    5.358154] hv_vmbus: registering driver hv_netvsc
[STDERR  ] 2017-08-21T19:31:56.27428388Z: [    5.358447] Fusion MPT base driver 3.04.20
[STDERR  ] 2017-08-21T19:31:56.274298995Z: [    5.358685] Copyright (c) 1999-2008 LSI Corporation
[STDERR  ] 2017-08-21T19:31:56.27431067Z: [    5.359163] Fusion MPT SPI Host driver 3.04.20
[STDERR  ] 2017-08-21T19:31:56.274331316Z: [    5.361367] i8042: PNP: PS/2 Controller [PNP0303:KBD,PNP0f13:MOU] at 0x60,0x64 irq 1,12
[STDERR  ] 2017-08-21T19:31:56.274343635Z: [    5.365044] serio: i8042 KBD port at 0x60,0x64 irq 1
[STDERR  ] 2017-08-21T19:31:56.274356851Z: [    5.365519] serio: i8042 AUX port at 0x60,0x64 irq 12
[STDERR  ] 2017-08-21T19:31:56.274369368Z: [    5.368329] hv_vmbus: registering driver hyperv_keyboard
[STDERR  ] 2017-08-21T19:31:56.274382356Z: [    5.370556] mousedev: PS/2 mouse device common for all mice
[STDERR  ] 2017-08-21T19:31:56.274394694Z: [    5.374997] input: AT Translated Set 2 keyboard as /devices/platform/i8042/serio0/input/input1
[STDERR  ] 2017-08-21T19:31:56.274407344Z: [    5.377624] input: PC Speaker as /devices/platform/pcspkr/input/input2
[STDERR  ] 2017-08-21T19:31:56.27442444Z: [    5.381137] rtc_cmos 00:00: RTC can wake from S4
[STDERR  ] 2017-08-21T19:31:56.274437854Z: [    5.384152] rtc_cmos 00:00: rtc core: registered rtc_cmos as rtc0
[STDERR  ] 2017-08-21T19:31:56.274450392Z: [    5.385343] rtc_cmos 00:00: alarms up to one day, y3k, 114 bytes nvram, hpet irqs
[STDERR  ] 2017-08-21T19:31:56.274461928Z: [    5.385942] i2c /dev entries driver
[STDERR  ] 2017-08-21T19:31:56.274481165Z: [    5.387679] device-mapper: ioctl: 4.35.0-ioctl (2016-06-23) initialised: dm-devel@redhat.com
[STDERR  ] 2017-08-21T19:31:56.274494367Z: [    5.392420] usbcore: registered new interface driver usbhid
[STDERR  ] 2017-08-21T19:31:56.274507486Z: [    5.392759] usbhid: USB HID core driver
[STDERR  ] 2017-08-21T19:31:56.274521283Z: [    5.393240] hv_utils: Registering HyperV Utility Driver
[STDERR  ] 2017-08-21T19:31:56.274533751Z: [    5.393546] hv_vmbus: registering driver hv_util
[STDERR  ] 2017-08-21T19:31:56.274544829Z: [    5.393809] hv_vmbus: registering driver hv_balloon
[STDERR  ] 2017-08-21T19:31:56.274559325Z: [    5.394242] oprofile: using NMI interrupt.
[STDERR  ] 2017-08-21T19:31:56.274574979Z: [    5.395185] GACT probability on
[STDERR  ] 2017-08-21T19:31:56.27458997Z: [    5.395599] Mirror/redirect action on
[STDERR  ] 2017-08-21T19:31:56.274601292Z: [    5.396395] Simple TC action Loaded
[STDERR  ] 2017-08-21T19:31:56.274615772Z: [    5.396879] u32 classifier
[STDERR  ] 2017-08-21T19:31:56.274627207Z: [    5.397052]     Performance counters on
[STDERR  ] 2017-08-21T19:31:56.274641658Z: [    5.397282]     input device check on
[STDERR  ] 2017-08-21T19:31:56.274652937Z: [    5.397492]     Actions configured
[STDERR  ] 2017-08-21T19:31:56.274665956Z: [    5.397977] Netfilter messages via NETLINK v0.30.
[STDERR  ] 2017-08-21T19:31:56.274678843Z: [    5.398434] nfnl_acct: registering with nfnetlink.
[STDERR  ] 2017-08-21T19:31:56.274691675Z: [    5.399620] nf_conntrack version 0.5.0 (8192 buckets, 32768 max)
[STDERR  ] 2017-08-21T19:31:56.274704916Z: [    5.402971] ctnetlink v0.93: registering with nfnetlink.
[STDERR  ] 2017-08-21T19:31:56.274717481Z: [    5.405949] nf_tables: (c) 2007-2009 Patrick McHardy <kaber@trash.net>
[STDERR  ] 2017-08-21T19:31:56.274731337Z: [    5.406698] nf_tables_compat: (c) 2012 Pablo Neira Ayuso <pablo@netfilter.org>
[STDERR  ] 2017-08-21T19:31:56.274743291Z: [    5.408851] xt_time: kernel timezone is -0000
[STDERR  ] 2017-08-21T19:31:56.274757236Z: [    5.409322] ip_set: protocol 6
[STDERR  ] 2017-08-21T19:31:56.274770404Z: [    5.409892] IPVS: Registered protocols (TCP, UDP, SCTP, AH, ESP)
[STDERR  ] 2017-08-21T19:31:56.274783366Z: [    5.410658] IPVS: Connection hash table configured (size=4096, memory=64Kbytes)
[STDERR  ] 2017-08-21T19:31:56.274794417Z: [    5.412229] IPVS: Creating netns size=2104 id=0
[STDERR  ] 2017-08-21T19:31:56.274808927Z: [    5.414700] IPVS: ipvs loaded.
[STDERR  ] 2017-08-21T19:31:56.274820631Z: [    5.414999] IPVS: [rr] scheduler registered.
[STDERR  ] 2017-08-21T19:31:56.274833748Z: [    5.415283] IPVS: [wrr] scheduler registered.
[STDERR  ] 2017-08-21T19:31:56.274846336Z: [    5.415539] IPVS: [lc] scheduler registered.
[STDERR  ] 2017-08-21T19:31:56.274858568Z: [    5.415782] IPVS: [wlc] scheduler registered.
[STDERR  ] 2017-08-21T19:31:56.274871729Z: [    5.416036] IPVS: [fo] scheduler registered.
[STDERR  ] 2017-08-21T19:31:56.274884513Z: [    5.416314] IPVS: [ovf] scheduler registered.
[STDERR  ] 2017-08-21T19:31:56.274897763Z: [    5.416702] IPVS: [lblc] scheduler registered.
[STDERR  ] 2017-08-21T19:31:56.274922706Z: [    5.417068] IPVS: [lblcr] scheduler registered.
[STDERR  ] 2017-08-21T19:31:56.274934524Z: [    5.417354] IPVS: [dh] scheduler registered.
[STDERR  ] 2017-08-21T19:31:56.274947153Z: [    5.417612] IPVS: [sh] scheduler registered.
[STDERR  ] 2017-08-21T19:31:56.27495936Z: [    5.417859] IPVS: [sed] scheduler registered.
[STDERR  ] 2017-08-21T19:31:56.274970914Z: [    5.418110] IPVS: [nq] scheduler registered.
[STDERR  ] 2017-08-21T19:31:56.27498446Z: [    5.418714] IPVS: ftp: loaded support on port[0] = 21
[STDERR  ] 2017-08-21T19:31:56.275007445Z: [    5.419511] ipip: IPv4 and MPLS over IPv4 tunneling driver
[STDERR  ] 2017-08-21T19:31:56.275019207Z: [    5.423719] gre: GRE over IPv4 demultiplexor driver
[STDERR  ] 2017-08-21T19:31:56.275031437Z: [    5.426438] ip_tables: (C) 2000-2006 Netfilter Core Team
[STDERR  ] 2017-08-21T19:31:56.275044031Z: [    5.429598] ipt_CLUSTERIP: ClusterIP Version 0.8 loaded successfully
[STDERR  ] 2017-08-21T19:31:56.275055082Z: [    5.430536] arp_tables: arp_tables: (C) 2002 David S. Miller
[STDERR  ] 2017-08-21T19:31:56.275069582Z: [    5.432827] NET: Registered protocol family 10
[STDERR  ] 2017-08-21T19:31:56.275080671Z: [    5.442736] ip6_tables: (C) 2000-2006 Netfilter Core Team
[STDERR  ] 2017-08-21T19:31:56.275094336Z: [    5.450855] NET: Registered protocol family 17
[STDERR  ] 2017-08-21T19:31:56.275105606Z: [    5.451778] Bridge firewalling registered
[STDERR  ] 2017-08-21T19:31:56.275118336Z: [    5.452230] Ebtables v2.0 registered
[STDERR  ] 2017-08-21T19:31:56.275131561Z: [    5.453950] 8021q: 802.1Q VLAN Support v1.8
[STDERR  ] 2017-08-21T19:31:56.275156241Z: [    5.455280] 9pnet: Installing 9P2000 support
[STDERR  ] 2017-08-21T19:31:56.275175679Z: [    5.456648] Key type dns_resolver registered
[STDERR  ] 2017-08-21T19:31:56.275187973Z: [    5.457460] microcode: AMD CPU family 0x6 not supported
[STDERR  ] 2017-08-21T19:31:56.275200069Z: [    5.461214] registered taskstats version 1
[STDERR  ] 2017-08-21T19:31:56.275212998Z: [    5.618862] Key type big_key registered
[STDERR  ] 2017-08-21T19:31:56.275223681Z: [    5.663763] ata1: SATA link down (SStatus 0 SControl 300)
[STDERR  ] 2017-08-21T19:31:56.275237658Z: [    5.673934] ata5: SATA link down (SStatus 0 SControl 300)
[STDERR  ] 2017-08-21T19:31:56.275249018Z: [    5.674402] ata4: SATA link down (SStatus 0 SControl 300)
[STDERR  ] 2017-08-21T19:31:56.275262085Z: [    5.675056] ata3: SATA link up 1.5 Gbps (SStatus 113 SControl 300)
[STDERR  ] 2017-08-21T19:31:56.275274545Z: [    5.677495] ata2: SATA link down (SStatus 0 SControl 300)
[STDERR  ] 2017-08-21T19:31:56.275285908Z: [    5.679239] ata3.00: ATAPI: QEMU DVD-ROM, 2.5+, max UDMA/100
[STDERR  ] 2017-08-21T19:31:56.275299186Z: [    5.679673] ata3.00: applying bridge limits
[STDERR  ] 2017-08-21T19:31:56.27531013Z: [    5.682826] ata6: SATA link down (SStatus 0 SControl 300)
[STDERR  ] 2017-08-21T19:31:56.275324473Z: [    5.683897] ata3.00: configured for UDMA/100
[STDERR  ] 2017-08-21T19:31:56.275335886Z: [    5.696743] scsi 2:0:0:0: CD-ROM            QEMU     QEMU DVD-ROM     2.5+ PQ: 0 ANSI: 5
[STDERR  ] 2017-08-21T19:31:56.275355811Z: [    5.700814] Key type encrypted registered
[STDERR  ] 2017-08-21T19:31:56.275367361Z: [    5.704579] rtc_cmos 00:00: setting system clock to 2017-08-21 19:31:31 UTC (1503343891)
[STDERR  ] 2017-08-21T19:31:56.275382254Z: [    5.732826] sr 2:0:0:0: [sr0] scsi3-mmc drive: 4x/4x cd/rw xa/form2 tray
[STDERR  ] 2017-08-21T19:31:56.27539335Z: [    5.733370] cdrom: Uniform CD-ROM driver Revision: 3.20
[STDERR  ] 2017-08-21T19:31:56.275406654Z: [    5.739306] sr 2:0:0:0: Attached scsi generic sg0 type 5
[STDERR  ] 2017-08-21T19:31:56.275417638Z: [    5.929662] Freeing unused kernel memory: 1380K
[STDERR  ] 2017-08-21T19:31:56.275431971Z: [    5.930027] Write protecting the kernel read-only data: 12288k
[STDERR  ] 2017-08-21T19:31:56.275445306Z: [    5.936129] Freeing unused kernel memory: 148K
[STDERR  ] 2017-08-21T19:31:56.275457606Z: [    6.055591] Freeing unused kernel memory: 1400K
[STDERR  ] 2017-08-21T19:31:56.275471168Z: [    6.081015] tsc: Refined TSC clocksource calibration: 2300.040 MHz
[STDERR  ] 2017-08-21T19:31:56.275482816Z: [    6.081474] clocksource: tsc: mask: 0xffffffffffffffff max_cycles: 0x21275af87f5, max_idle_ns: 440795281647 ns
[STDERR  ] 2017-08-21T19:31:56.275497099Z: [    7.094167] clocksource: Switched to clocksource tsc
[STDERR  ] 2017-08-21T19:31:56.275508104Z: 
[STDERR  ] 2017-08-21T19:31:56.275522474Z: Welcome to LinuxKit
[STDERR  ] 2017-08-21T19:31:56.275533738Z: 
[STDERR  ] 2017-08-21T19:31:56.275552956Z:                         ##         .
[STDERR  ] 2017-08-21T19:31:56.275564536Z:                   ## ## ##        ==
[STDERR  ] 2017-08-21T19:31:56.275579457Z:                ## ## ## ## ##    ===
[STDERR  ] 2017-08-21T19:31:56.275591095Z:            /"""""""""""""""""\___/ ===
[STDERR  ] 2017-08-21T19:31:56.275610216Z:           {                       /  ===-
[STDERR  ] 2017-08-21T19:31:56.275621394Z:            \______ O           __/
[STDERR  ] 2017-08-21T19:31:56.275635893Z:              \    \         __/
[STDERR  ] 2017-08-21T19:31:56.2756473Z:               \____\_______/
[STDERR  ] 2017-08-21T19:31:56.27566054Z: 
[STDERR  ] 2017-08-21T19:31:56.275672285Z: [   13.287348] IPVS: Creating netns size=2104 id=1
[STDERR  ] 2017-08-21T19:31:56.275684605Z: [   13.287795] IPVS: ftp: loaded support on port[0] = 21
[STDERR  ] 2017-08-21T19:31:56.275697577Z: binfmt test suite PASSED
[STDERR  ] 2017-08-21T19:31:56.275710681Z: [   29.786573] ACPI: Preparing to enter system sleep state S5
[STDERR  ] 2017-08-21T19:31:56.275729164Z: [   29.788128] reboot: Power down
[STDERR  ] 2017-08-21T19:31:56.275743125Z: + grep -q suite PASSED
[STDERR  ] 2017-08-21T19:31:56.275759228Z: + echo [    0.000000] Linux version 4.9.44-linuxkit (root@e1ede117fb1e) (gcc version 6.3.0 (Alpine 6.3.0) ) #1 SMP Fri Aug 18 17:11:43 UTC 2017
[STDERR  ] 2017-08-21T19:31:56.275774356Z: [    0.000000] Command line: console=ttyS0 page_poison=1
[STDERR  ] 2017-08-21T19:31:56.275785472Z: [    0.000000] x86/fpu: Legacy x87 FPU detected.
[STDERR  ] 2017-08-21T19:31:56.275797493Z: [    0.000000] x86/fpu: Using 'eager' FPU context switches.
[STDERR  ] 2017-08-21T19:31:56.275810611Z: [    0.000000] e820: BIOS-provided physical RAM map:
[STDERR  ] 2017-08-21T19:31:56.275822324Z: [    0.000000] BIOS-e820: [mem 0x0000000000000000-0x000000000009fbff] usable
[STDERR  ] 2017-08-21T19:31:56.275836065Z: [    0.000000] BIOS-e820: [mem 0x000000000009fc00-0x000000000009ffff] reserved
[STDERR  ] 2017-08-21T19:31:56.275861318Z: [    0.000000] BIOS-e820: [mem 0x00000000000f0000-0x00000000000fffff] reserved
[STDERR  ] 2017-08-21T19:31:56.275873807Z: [    0.000000] BIOS-e820: [mem 0x0000000000100000-0x000000003ffdefff] usable
[STDERR  ] 2017-08-21T19:31:56.275884713Z: [    0.000000] BIOS-e820: [mem 0x000000003ffdf000-0x000000003fffffff] reserved
[STDERR  ] 2017-08-21T19:31:56.275895688Z: [    0.000000] BIOS-e820: [mem 0x00000000b0000000-0x00000000bfffffff] reserved
[STDERR  ] 2017-08-21T19:31:56.275909511Z: [    0.000000] BIOS-e820: [mem 0x00000000fed1c000-0x00000000fed1ffff] reserved
[STDERR  ] 2017-08-21T19:31:56.275921043Z: [    0.000000] BIOS-e820: [mem 0x00000000fffc0000-0x00000000ffffffff] reserved
[STDERR  ] 2017-08-21T19:31:56.275932212Z: [    0.000000] NX (Execute Disable) protection: active
[STDERR  ] 2017-08-21T19:31:56.275943917Z: [    0.000000] SMBIOS 2.8 present.
[STDERR  ] 2017-08-21T19:31:56.275956949Z: [    0.000000] e820: last_pfn = 0x3ffdf max_arch_pfn = 0x400000000
[STDERR  ] 2017-08-21T19:31:56.275968453Z: [    0.000000] x86/PAT: Configuration [0-7]: WB  WC  UC- UC  WB  WC  UC- WT  
[STDERR  ] 2017-08-21T19:31:56.275979575Z: [    0.000000] found SMP MP-table at [mem 0x000f6aa0-0x000f6aaf] mapped at [ffff96b9000f6aa0]
[STDERR  ] 2017-08-21T19:31:56.275991803Z: [    0.000000] RAMDISK: [mem 0x3e60a000-0x3ffcffff]
[STDERR  ] 2017-08-21T19:31:56.27600272Z: [    0.000000] ACPI: Early table checksum verification disabled
[STDERR  ] 2017-08-21T19:31:56.276013857Z: [    0.000000] ACPI: RSDP 0x00000000000F68C0 000014 (v00 BOCHS )
[STDERR  ] 2017-08-21T19:31:56.276025474Z: [    0.000000] ACPI: RSDT 0x000000003FFE2404 000034 (v01 BOCHS  BXPCRSDT 00000001 BXPC 00000001)
[STDERR  ] 2017-08-21T19:31:56.276037492Z: [    0.000000] ACPI: FACP 0x000000003FFE22A4 000074 (v01 BOCHS  BXPCFACP 00000001 BXPC 00000001)
[STDERR  ] 2017-08-21T19:31:56.276049627Z: [    0.000000] ACPI: DSDT 0x000000003FFE0040 002264 (v01 BOCHS  BXPCDSDT 00000001 BXPC 00000001)
[STDERR  ] 2017-08-21T19:31:56.276061744Z: [    0.000000] ACPI: FACS 0x000000003FFE0000 000040
[STDERR  ] 2017-08-21T19:31:56.276079076Z: [    0.000000] ACPI: APIC 0x000000003FFE2318 000078 (v01 BOCHS  BXPCAPIC 00000001 BXPC 00000001)
[STDERR  ] 2017-08-21T19:31:56.276091368Z: [    0.000000] ACPI: HPET 0x000000003FFE2390 000038 (v01 BOCHS  BXPCHPET 00000001 BXPC 00000001)
[STDERR  ] 2017-08-21T19:31:56.276105437Z: [    0.000000] ACPI: MCFG 0x000000003FFE23C8 00003C (v01 BOCHS  BXPCMCFG 00000001 BXPC 00000001)
[STDERR  ] 2017-08-21T19:31:56.276117675Z: [    0.000000] Zone ranges:
[STDERR  ] 2017-08-21T19:31:56.276129818Z: [    0.000000]   DMA      [mem 0x0000000000001000-0x0000000000ffffff]
[STDERR  ] 2017-08-21T19:31:56.276141106Z: [    0.000000]   DMA32    [mem 0x0000000001000000-0x000000003ffdefff]
[STDERR  ] 2017-08-21T19:31:56.276152543Z: [    0.000000]   Normal   empty
[STDERR  ] 2017-08-21T19:31:56.276164534Z: [    0.000000] Movable zone start for each node
[STDERR  ] 2017-08-21T19:31:56.27617561Z: [    0.000000] Early memory node ranges
[STDERR  ] 2017-08-21T19:31:56.276186832Z: [    0.000000]   node   0: [mem 0x0000000000001000-0x000000000009efff]
[STDERR  ] 2017-08-21T19:31:56.276198242Z: [    0.000000]   node   0: [mem 0x0000000000100000-0x000000003ffdefff]
[STDERR  ] 2017-08-21T19:31:56.276214402Z: [    0.000000] Initmem setup node 0 [mem 0x0000000000001000-0x000000003ffdefff]
[STDERR  ] 2017-08-21T19:31:56.27622624Z: [    0.000000] ACPI: PM-Timer IO Port: 0x608
[STDERR  ] 2017-08-21T19:31:56.276237551Z: [    0.000000] ACPI: LAPIC_NMI (acpi_id[0xff] dfl dfl lint[0x1])
[STDERR  ] 2017-08-21T19:31:56.276249604Z: [    0.000000] IOAPIC[0]: apic_id 0, version 32, address 0xfec00000, GSI 0-23
[STDERR  ] 2017-08-21T19:31:56.276261327Z: [    0.000000] ACPI: INT_SRC_OVR (bus 0 bus_irq 0 global_irq 2 dfl dfl)
[STDERR  ] 2017-08-21T19:31:56.276272862Z: [    0.000000] ACPI: INT_SRC_OVR (bus 0 bus_irq 5 global_irq 5 high level)
[STDERR  ] 2017-08-21T19:31:56.27628443Z: [    0.000000] ACPI: INT_SRC_OVR (bus 0 bus_irq 9 global_irq 9 high level)
[STDERR  ] 2017-08-21T19:31:56.27630292Z: [    0.000000] ACPI: INT_SRC_OVR (bus 0 bus_irq 10 global_irq 10 high level)
[STDERR  ] 2017-08-21T19:31:56.27631473Z: [    0.000000] ACPI: INT_SRC_OVR (bus 0 bus_irq 11 global_irq 11 high level)
[STDERR  ] 2017-08-21T19:31:56.276325742Z: [    0.000000] Using ACPI (MADT) for SMP configuration information
[STDERR  ] 2017-08-21T19:31:56.276337094Z: [    0.000000] ACPI: HPET id: 0x8086a201 base: 0xfed00000
[STDERR  ] 2017-08-21T19:31:56.276348249Z: [    0.000000] smpboot: Allowing 1 CPUs, 0 hotplug CPUs
[STDERR  ] 2017-08-21T19:31:56.276359206Z: [    0.000000] e820: [mem 0x40000000-0xafffffff] available for PCI devices
[STDERR  ] 2017-08-21T19:31:56.276370798Z: [    0.000000] Booting paravirtualized kernel on bare hardware
[STDERR  ] 2017-08-21T19:31:56.276381739Z: [    0.000000] clocksource: refined-jiffies: mask: 0xffffffff max_cycles: 0xffffffff, max_idle_ns: 19112604462750000 ns
[STDERR  ] 2017-08-21T19:31:56.276393253Z: [    0.000000] setup_percpu: NR_CPUS:128 nr_cpumask_bits:128 nr_cpu_ids:1 nr_node_ids:1
[STDERR  ] 2017-08-21T19:31:56.276405113Z: [    0.000000] percpu: Embedded 35 pages/cpu @ffff96b93e400000 s105240 r8192 d29928 u2097152
[STDERR  ] 2017-08-21T19:31:56.276417354Z: [    0.000000] Built 1 zonelists in Zone order, mobility grouping on.  Total pages: 257896
[STDERR  ] 2017-08-21T19:31:56.27643211Z: [    0.000000] Kernel command line: console=ttyS0 page_poison=1
[STDERR  ] 2017-08-21T19:31:56.276443438Z: [    0.000000] PID hash table entries: 4096 (order: 3, 32768 bytes)
[STDERR  ] 2017-08-21T19:31:56.276454642Z: [    0.000000] Dentry cache hash table entries: 131072 (order: 8, 1048576 bytes)
[STDERR  ] 2017-08-21T19:31:56.276465858Z: [    0.000000] Inode-cache hash table entries: 65536 (order: 7, 524288 bytes)
[STDERR  ] 2017-08-21T19:31:56.276483051Z: [    0.000000] Memory: 987788K/1048052K available (8028K kernel code, 1366K rwdata, 2696K rodata, 1380K init, 568K bss, 60264K reserved, 0K cma-reserved)
[STDERR  ] 2017-08-21T19:31:56.276501219Z: [    0.000000] Hierarchical RCU implementation.
[STDERR  ] 2017-08-21T19:31:56.276518045Z: [    0.000000] 	Build-time adjustment of leaf fanout to 64.
[STDERR  ] 2017-08-21T19:31:56.276529719Z: [    0.000000] 	RCU restricting CPUs from NR_CPUS=128 to nr_cpu_ids=1.
[STDERR  ] 2017-08-21T19:31:56.276540688Z: [    0.000000] RCU: Adjusting geometry for rcu_fanout_leaf=64, nr_cpu_ids=1
[STDERR  ] 2017-08-21T19:31:56.276551646Z: [    0.000000] NR_IRQS:8448 nr_irqs:256 16
[STDERR  ] 2017-08-21T19:31:56.276563073Z: [    0.000000] Console: colour VGA+ 80x25
[STDERR  ] 2017-08-21T19:31:56.276574204Z: [    0.000000] console [ttyS0] enabled
[STDERR  ] 2017-08-21T19:31:56.276585639Z: [    0.000000] allocated 2097152 bytes of page_ext
[STDERR  ] 2017-08-21T19:31:56.276599433Z: [    0.000000] clocksource: hpet: mask: 0xffffffff max_cycles: 0xffffffff, max_idle_ns: 19112604467 ns
[STDERR  ] 2017-08-21T19:31:56.276611464Z: [    0.000000] tsc: Fast TSC calibration using PIT
[STDERR  ] 2017-08-21T19:31:56.276622492Z: [    0.000000] tsc: Detected 2300.110 MHz processor
[STDERR  ] 2017-08-21T19:31:56.276633359Z: [    0.021357] Calibrating delay loop (skipped), value calculated using timer frequency.. 4600.22 BogoMIPS (lpj=23001100)
[STDERR  ] 2017-08-21T19:31:56.276657187Z: [    0.022393] pid_max: default: 32768 minimum: 301
[STDERR  ] 2017-08-21T19:31:56.276670099Z: [    0.023302] ACPI: Core revision 20160831
[STDERR  ] 2017-08-21T19:31:56.276681322Z: [    0.081518] ACPI: 1 ACPI AML tables successfully acquired and loaded
[STDERR  ] 2017-08-21T19:31:56.276692666Z: [    0.084733] Security Framework initialized
[STDERR  ] 2017-08-21T19:31:56.276711108Z: [    0.085102] Yama: becoming mindful.
[STDERR  ] 2017-08-21T19:31:56.276722355Z: [    0.086895] Mount-cache hash table entries: 2048 (order: 2, 16384 bytes)
[STDERR  ] 2017-08-21T19:31:56.276733477Z: [    0.087397] Mountpoint-cache hash table entries: 2048 (order: 2, 16384 bytes)
[STDERR  ] 2017-08-21T19:31:56.276744965Z: [    0.106361] Last level iTLB entries: 4KB 0, 2MB 0, 4MB 0
[STDERR  ] 2017-08-21T19:31:56.276756473Z: [    0.106773] Last level dTLB entries: 4KB 0, 2MB 0, 4MB 0, 1GB 0
[STDERR  ] 2017-08-21T19:31:56.27677256Z: [    0.409220] Freeing SMP alternatives memory: 20K
[STDERR  ] 2017-08-21T19:31:56.276783936Z: [    0.417893] ftrace: allocating 35486 entries in 139 pages
[STDERR  ] 2017-08-21T19:31:56.276795135Z: [    0.576783] smpboot: Max logical packages: 1
[STDERR  ] 2017-08-21T19:31:56.276806372Z: [    0.582858] ..TIMER: vector=0x30 apic1=0 pin1=2 apic2=-1 pin2=-1
[STDERR  ] 2017-08-21T19:31:56.276823419Z: [    0.690000] smpboot: CPU0: AMD QEMU Virtual CPU version 2.5+ (family: 0x6, model: 0x6, stepping: 0x3)
[STDERR  ] 2017-08-21T19:31:56.276835489Z: [    0.690000] Performance Events: PMU not available due to virtualization, using software events only.
[STDERR  ] 2017-08-21T19:31:56.276847393Z: [    0.697415] NMI watchdog: disabled (cpu0): hardware events not enabled
[STDERR  ] 2017-08-21T19:31:56.276859095Z: [    0.697816] NMI watchdog: Shutting down hard lockup detector on all cpus
[STDERR  ] 2017-08-21T19:31:56.276870222Z: [    0.700243] x86: Booted up 1 node, 1 CPUs
[STDERR  ] 2017-08-21T19:31:56.276881435Z: [    0.700568] smpboot: Total of 1 processors activated (4600.22 BogoMIPS)
[STDERR  ] 2017-08-21T19:31:56.27689246Z: [    0.714810] devtmpfs: initialized
[STDERR  ] 2017-08-21T19:31:56.276906039Z: [    0.719326] x86/mm: Memory block size: 128MB
[STDERR  ] 2017-08-21T19:31:56.276917085Z: [    0.781385] clocksource: jiffies: mask: 0xffffffff max_cycles: 0xffffffff, max_idle_ns: 19112604462750000 ns
[STDERR  ] 2017-08-21T19:31:56.276928187Z: [    0.782165] futex hash table entries: 256 (order: 2, 16384 bytes)
[STDERR  ] 2017-08-21T19:31:56.276940171Z: [    0.791163] NET: Registered protocol family 16
[STDERR  ] 2017-08-21T19:31:56.276953461Z: [    0.800178] cpuidle: using governor ladder
[STDERR  ] 2017-08-21T19:31:56.276964465Z: [    0.800557] cpuidle: using governor menu
[STDERR  ] 2017-08-21T19:31:56.276978664Z: [    0.801598] ACPI: bus type PCI registered
[STDERR  ] 2017-08-21T19:31:56.276989584Z: [    0.804244] PCI: MMCONFIG for domain 0000 [bus 00-ff] at [mem 0xb0000000-0xbfffffff] (base 0xb0000000)
[STDERR  ] 2017-08-21T19:31:56.277010423Z: [    0.804913] PCI: MMCONFIG at [mem 0xb0000000-0xbfffffff] reserved in E820
[STDERR  ] 2017-08-21T19:31:56.277021618Z: [    0.806110] PCI: Using configuration type 1 for base access
[STDERR  ] 2017-08-21T19:31:56.277034992Z: [    0.861175] HugeTLB registered 2 MB page size, pre-allocated 0 pages
[STDERR  ] 2017-08-21T19:31:56.27704748Z: [    0.873440] ACPI: Added _OSI(Module Device)
[STDERR  ] 2017-08-21T19:31:56.277060213Z: [    0.873738] ACPI: Added _OSI(Processor Device)
[STDERR  ] 2017-08-21T19:31:56.277073415Z: [    0.873997] ACPI: Added _OSI(3.0 _SCP Extensions)
[STDERR  ] 2017-08-21T19:31:56.277084285Z: [    0.874267] ACPI: Added _OSI(Processor Aggregator Device)
[STDERR  ] 2017-08-21T19:31:56.2770975Z: [    0.946198] ACPI: Interpreter enabled
[STDERR  ] 2017-08-21T19:31:56.277109798Z: [    0.947031] ACPI: (supports S0 S5)
[STDERR  ] 2017-08-21T19:31:56.27712146Z: [    0.947297] ACPI: Using IOAPIC for interrupt routing
[STDERR  ] 2017-08-21T19:31:56.277135095Z: [    0.948969] PCI: Using host bridge windows from ACPI; if necessary, use "pci=nocrs" and report a bug
[STDERR  ] 2017-08-21T19:31:56.277160928Z: [    1.010531] ACPI: PCI Root Bridge [PCI0] (domain 0000 [bus 00-ff])
[STDERR  ] 2017-08-21T19:31:56.27717776Z: [    1.011397] acpi PNP0A08:00: _OSC: OS supports [ExtendedConfig ASPM ClockPM Segments MSI]
[STDERR  ] 2017-08-21T19:31:56.277192585Z: [    1.016740] acpi PNP0A08:00: _OSC: OS now controls [PCIeHotplug PME PCIeCapability]
[STDERR  ] 2017-08-21T19:31:56.277206437Z: [    1.020286] PCI host bridge to bus 0000:00
[STDERR  ] 2017-08-21T19:31:56.27722079Z: [    1.020662] pci_bus 0000:00: root bus resource [io  0x0000-0x0cf7 window]
[STDERR  ] 2017-08-21T19:31:56.277232163Z: [    1.021053] pci_bus 0000:00: root bus resource [io  0x0d00-0xffff window]
[STDERR  ] 2017-08-21T19:31:56.277244943Z: [    1.021430] pci_bus 0000:00: root bus resource [mem 0x000a0000-0x000bffff window]
[STDERR  ] 2017-08-21T19:31:56.277257551Z: [    1.021838] pci_bus 0000:00: root bus resource [mem 0xc0000000-0xfebfffff window]
[STDERR  ] 2017-08-21T19:31:56.277269683Z: [    1.022365] pci_bus 0000:00: root bus resource [bus 00-ff]
[STDERR  ] 2017-08-21T19:31:56.277282487Z: [    1.130265] pci 0000:00:1f.0: quirk: [io  0x0600-0x067f] claimed by ICH6 ACPI/GPIO/TCO
[STDERR  ] 2017-08-21T19:31:56.277294044Z: [    1.188411] ACPI: PCI Interrupt Link [LNKA] (IRQs 5 *10 11)
[STDERR  ] 2017-08-21T19:31:56.27730802Z: [    1.190992] ACPI: PCI Interrupt Link [LNKB] (IRQs 5 *10 11)
[STDERR  ] 2017-08-21T19:31:56.277319519Z: [    1.192617] ACPI: PCI Interrupt Link [LNKC] (IRQs 5 10 *11)
[STDERR  ] 2017-08-21T19:31:56.277332403Z: [    1.194230] ACPI: PCI Interrupt Link [LNKD] (IRQs 5 10 *11)
[STDERR  ] 2017-08-21T19:31:56.277344514Z: [    1.195846] ACPI: PCI Interrupt Link [LNKE] (IRQs 5 *10 11)
[STDOUT  ] 2017-08-21T19:31:56.277415861Z: [    0.000000] Linux version 4.9.44-linuxkit (root@e1ede117fb1e) (gcc version 6.3.0 (Alpine 6.3.0) ) #1 SMP Fri Aug 18 17:11:43 UTC 2017
[STDOUT  ] 2017-08-21T19:31:56.27749486Z: [    0.000000] Command line: console=ttyS0 page_poison=1
[STDOUT  ] 2017-08-21T19:31:56.277514417Z: [    0.000000] x86/fpu: Legacy x87 FPU detected.
[STDOUT  ] 2017-08-21T19:31:56.277528278Z: [    0.000000] x86/fpu: Using 'eager' FPU context switches.
[STDOUT  ] 2017-08-21T19:31:56.277541742Z: [    0.000000] e820: BIOS-provided physical RAM map:
[STDOUT  ] 2017-08-21T19:31:56.277570117Z: [    0.000000] BIOS-e820: [mem 0x0000000000000000-0x000000000009fbff] usable
[STDOUT  ] 2017-08-21T19:31:56.277586926Z: [    0.000000] BIOS-e820: [mem 0x000000000009fc00-0x000000000009ffff] reserved
[STDOUT  ] 2017-08-21T19:31:56.277600157Z: [    0.000000] BIOS-e820: [mem 0x00000000000f0000-0x00000000000fffff] reserved
[STDOUT  ] 2017-08-21T19:31:56.277611232Z: [    0.000000] BIOS-e820: [mem 0x0000000000100000-0x000000003ffdefff] usable
[STDOUT  ] 2017-08-21T19:31:56.277624903Z: [    0.000000] BIOS-e820: [mem 0x000000003ffdf000-0x000000003fffffff] reserved
[STDOUT  ] 2017-08-21T19:31:56.277642625Z: [    0.000000] BIOS-e820: [mem 0x00000000b0000000-0x00000000bfffffff] reserved
[STDOUT  ] 2017-08-21T19:31:56.277656411Z: [    0.000000] BIOS-e820: [mem 0x00000000fed1c000-0x00000000fed1ffff] reserved
[STDOUT  ] 2017-08-21T19:31:56.277667654Z: [    0.000000] BIOS-e820: [mem 0x00000000fffc0000-0x00000000ffffffff] reserved
[STDOUT  ] 2017-08-21T19:31:56.277680592Z: [    0.000000] NX (Execute Disable) protection: active
[STDOUT  ] 2017-08-21T19:31:56.277692985Z: [    0.000000] SMBIOS 2.8 present.
[STDOUT  ] 2017-08-21T19:31:56.277705579Z: [    0.000000] e820: last_pfn = 0x3ffdf max_arch_pfn = 0x400000000
[STDOUT  ] 2017-08-21T19:31:56.277719299Z: [    0.000000] x86/PAT: Configuration [0-7]: WB  WC  UC- UC  WB  WC  UC- WT  
[STDOUT  ] 2017-08-21T19:31:56.277730236Z: [    0.000000] found SMP MP-table at [mem 0x000f6aa0-0x000f6aaf] mapped at [ffff96b9000f6aa0]
[STDOUT  ] 2017-08-21T19:31:56.277744415Z: [    0.000000] RAMDISK: [mem 0x3e60a000-0x3ffcffff]
[STDOUT  ] 2017-08-21T19:31:56.277756314Z: [    0.000000] ACPI: Early table checksum verification disabled
[STDOUT  ] 2017-08-21T19:31:56.27776901Z: [    0.000000] ACPI: RSDP 0x00000000000F68C0 000014 (v00 BOCHS )
[STDOUT  ] 2017-08-21T19:31:56.277785539Z: [    0.000000] ACPI: RSDT 0x000000003FFE2404 000034 (v01 BOCHS  BXPCRSDT 00000001 BXPC 00000001)
[STDOUT  ] 2017-08-21T19:31:56.277799381Z: [    0.000000] ACPI: FACP 0x000000003FFE22A4 000074 (v01 BOCHS  BXPCFACP 00000001 BXPC 00000001)
[STDOUT  ] 2017-08-21T19:31:56.277812395Z: [    0.000000] ACPI: DSDT 0x000000003FFE0040 002264 (v01 BOCHS  BXPCDSDT 00000001 BXPC 00000001)
[STDOUT  ] 2017-08-21T19:31:56.277825539Z: [    0.000000] ACPI: FACS 0x000000003FFE0000 000040
[STDOUT  ] 2017-08-21T19:31:56.277838085Z: [    0.000000] ACPI: APIC 0x000000003FFE2318 000078 (v01 BOCHS  BXPCAPIC 00000001 BXPC 00000001)
[STDOUT  ] 2017-08-21T19:31:56.27785031Z: [    0.000000] ACPI: HPET 0x000000003FFE2390 000038 (v01 BOCHS  BXPCHPET 00000001 BXPC 00000001)
[STDOUT  ] 2017-08-21T19:31:56.277864302Z: [    0.000000] ACPI: MCFG 0x000000003FFE23C8 00003C (v01 BOCHS  BXPCMCFG 00000001 BXPC 00000001)
[STDOUT  ] 2017-08-21T19:31:56.277877607Z: [    0.000000] Zone ranges:
[STDOUT  ] 2017-08-21T19:31:56.277891575Z: [    0.000000]   DMA      [mem 0x0000000000001000-0x0000000000ffffff]
[STDOUT  ] 2017-08-21T19:31:56.277903057Z: [    0.000000]   DMA32    [mem 0x0000000001000000-0x000000003ffdefff]
[STDOUT  ] 2017-08-21T19:31:56.277916201Z: [    0.000000]   Normal   empty
[STDOUT  ] 2017-08-21T19:31:56.277928735Z: [    0.000000] Movable zone start for each node
[STDOUT  ] 2017-08-21T19:31:56.277941574Z: [    0.000000] Early memory node ranges
[STDOUT  ] 2017-08-21T19:31:56.277954522Z: [    0.000000]   node   0: [mem 0x0000000000001000-0x000000000009efff]
[STDOUT  ] 2017-08-21T19:31:56.277966361Z: [    0.000000]   node   0: [mem 0x0000000000100000-0x000000003ffdefff]
[STDOUT  ] 2017-08-21T19:31:56.277980049Z: [    0.000000] Initmem setup node 0 [mem 0x0000000000001000-0x000000003ffdefff]
[STDOUT  ] 2017-08-21T19:31:56.277991259Z: [    0.000000] ACPI: PM-Timer IO Port: 0x608
[STDOUT  ] 2017-08-21T19:31:56.278007435Z: [    0.000000] ACPI: LAPIC_NMI (acpi_id[0xff] dfl dfl lint[0x1])
[STDOUT  ] 2017-08-21T19:31:56.278020244Z: [    0.000000] IOAPIC[0]: apic_id 0, version 32, address 0xfec00000, GSI 0-23
[STDOUT  ] 2017-08-21T19:31:56.278032282Z: [    0.000000] ACPI: INT_SRC_OVR (bus 0 bus_irq 0 global_irq 2 dfl dfl)
[STDOUT  ] 2017-08-21T19:31:56.278045582Z: [    0.000000] ACPI: INT_SRC_OVR (bus 0 bus_irq 5 global_irq 5 high level)
[STDOUT  ] 2017-08-21T19:31:56.278063335Z: [    0.000000] ACPI: INT_SRC_OVR (bus 0 bus_irq 9 global_irq 9 high level)
[STDOUT  ] 2017-08-21T19:31:56.278076318Z: [    0.000000] ACPI: INT_SRC_OVR (bus 0 bus_irq 10 global_irq 10 high level)
[STDOUT  ] 2017-08-21T19:31:56.278087934Z: [    0.000000] ACPI: INT_SRC_OVR (bus 0 bus_irq 11 global_irq 11 high level)
[STDOUT  ] 2017-08-21T19:31:56.278101598Z: [    0.000000] Using ACPI (MADT) for SMP configuration information
[STDOUT  ] 2017-08-21T19:31:56.278117685Z: [    0.000000] ACPI: HPET id: 0x8086a201 base: 0xfed00000
[STDOUT  ] 2017-08-21T19:31:56.278131093Z: [    0.000000] smpboot: Allowing 1 CPUs, 0 hotplug CPUs
[STDOUT  ] 2017-08-21T19:31:56.27814259Z: [    0.000000] e820: [mem 0x40000000-0xafffffff] available for PCI devices
[STDOUT  ] 2017-08-21T19:31:56.278155323Z: [    0.000000] Booting paravirtualized kernel on bare hardware
[STDOUT  ] 2017-08-21T19:31:56.2781668Z: [    0.000000] clocksource: refined-jiffies: mask: 0xffffffff max_cycles: 0xffffffff, max_idle_ns: 19112604462750000 ns
[STDOUT  ] 2017-08-21T19:31:56.278186653Z: [    0.000000] setup_percpu: NR_CPUS:128 nr_cpumask_bits:128 nr_cpu_ids:1 nr_node_ids:1
[STDOUT  ] 2017-08-21T19:31:56.278204387Z: [    0.000000] percpu: Embedded 35 pages/cpu @ffff96b93e400000 s105240 r8192 d29928 u2097152
[STDOUT  ] 2017-08-21T19:31:56.278219648Z: [    0.000000] Built 1 zonelists in Zone order, mobility grouping on.  Total pages: 257896
[STDOUT  ] 2017-08-21T19:31:56.278231744Z: [    0.000000] Kernel command line: console=ttyS0 page_poison=1
[STDOUT  ] 2017-08-21T19:31:56.278247687Z: [    0.000000] PID hash table entries: 4096 (order: 3, 32768 bytes)
[STDOUT  ] 2017-08-21T19:31:56.278264069Z: [    0.000000] Dentry cache hash table entries: 131072 (order: 8, 1048576 bytes)
[STDOUT  ] 2017-08-21T19:31:56.278278837Z: [    0.000000] Inode-cache hash table entries: 65536 (order: 7, 524288 bytes)
[STDOUT  ] 2017-08-21T19:31:56.278295199Z: [    0.000000] Memory: 987788K/1048052K available (8028K kernel code, 1366K rwdata, 2696K rodata, 1380K init, 568K bss, 60264K reserved, 0K cma-reserved)
[STDOUT  ] 2017-08-21T19:31:56.27832179Z: [    0.000000] Hierarchical RCU implementation.
[STDOUT  ] 2017-08-21T19:31:56.278338048Z: [    0.000000] 	Build-time adjustment of leaf fanout to 64.
[STDOUT  ] 2017-08-21T19:31:56.278350541Z: [    0.000000] 	RCU restricting CPUs from NR_CPUS=128 to nr_cpu_ids=1.
[STDOUT  ] 2017-08-21T19:31:56.278363569Z: [    0.000000] RCU: Adjusting geometry for rcu_fanout_leaf=64, nr_cpu_ids=1
[STDOUT  ] 2017-08-21T19:31:56.278376623Z: [    0.000000] NR_IRQS:8448 nr_irqs:256 16
[STDOUT  ] 2017-08-21T19:31:56.278389687Z: [    0.000000] Console: colour VGA+ 80x25
[STDOUT  ] 2017-08-21T19:31:56.278402549Z: [    0.000000] console [ttyS0] enabled
[STDOUT  ] 2017-08-21T19:31:56.278415148Z: [    0.000000] allocated 2097152 bytes of page_ext
[STDOUT  ] 2017-08-21T19:31:56.278429072Z: [    0.000000] clocksource: hpet: mask: 0xffffffff max_cycles: 0xffffffff, max_idle_ns: 19112604467 ns
[STDOUT  ] 2017-08-21T19:31:56.278440055Z: [    0.000000] tsc: Fast TSC calibration using PIT
[STDOUT  ] 2017-08-21T19:31:56.278454023Z: [    0.000000] tsc: Detected 2300.110 MHz processor
[STDOUT  ] 2017-08-21T19:31:56.278466521Z: [    0.021357] Calibrating delay loop (skipped), value calculated using timer frequency.. 4600.22 BogoMIPS (lpj=23001100)
[STDOUT  ] 2017-08-21T19:31:56.278479483Z: [    0.022393] pid_max: default: 32768 minimum: 301
[STDOUT  ] 2017-08-21T19:31:56.278491891Z: [    0.023302] ACPI: Core revision 20160831
[STDOUT  ] 2017-08-21T19:31:56.278503357Z: [    0.081518] ACPI: 1 ACPI AML tables successfully acquired and loaded
[STDOUT  ] 2017-08-21T19:31:56.278517213Z: [    0.084733] Security Framework initialized
[STDOUT  ] 2017-08-21T19:31:56.278528662Z: [    0.085102] Yama: becoming mindful.
[STDOUT  ] 2017-08-21T19:31:56.27854298Z: [    0.086895] Mount-cache hash table entries: 2048 (order: 2, 16384 bytes)
[STDOUT  ] 2017-08-21T19:31:56.278555072Z: [    0.087397] Mountpoint-cache hash table entries: 2048 (order: 2, 16384 bytes)
[STDOUT  ] 2017-08-21T19:31:56.278565808Z: [    0.106361] Last level iTLB entries: 4KB 0, 2MB 0, 4MB 0
[STDOUT  ] 2017-08-21T19:31:56.27857965Z: [    0.106773] Last level dTLB entries: 4KB 0, 2MB 0, 4MB 0, 1GB 0
[STDOUT  ] 2017-08-21T19:31:56.278591049Z: [    0.409220] Freeing SMP alternatives memory: 20K
[STDOUT  ] 2017-08-21T19:31:56.278610584Z: [    0.417893] ftrace: allocating 35486 entries in 139 pages
[STDOUT  ] 2017-08-21T19:31:56.278621992Z: [    0.576783] smpboot: Max logical packages: 1
[STDOUT  ] 2017-08-21T19:31:56.278640243Z: [    0.582858] ..TIMER: vector=0x30 apic1=0 pin1=2 apic2=-1 pin2=-1
[STDOUT  ] 2017-08-21T19:31:56.278657328Z: [    0.690000] smpboot: CPU0: AMD QEMU Virtual CPU version 2.5+ (family: 0x6, model: 0x6, stepping: 0x3)
[STDOUT  ] 2017-08-21T19:31:56.278671563Z: [    0.690000] Performance Events: PMU not available due to virtualization, using software events only.
[STDOUT  ] 2017-08-21T19:31:56.278683812Z: [    0.697415] NMI watchdog: disabled (cpu0): hardware events not enabled
[STDOUT  ] 2017-08-21T19:31:56.278697577Z: [    0.697816] NMI watchdog: Shutting down hard lockup detector on all cpus
[STDOUT  ] 2017-08-21T19:31:56.278708222Z: [    0.700243] x86: Booted up 1 node, 1 CPUs
[STDOUT  ] 2017-08-21T19:31:56.278720563Z: [    0.700568] smpboot: Total of 1 processors activated (4600.22 BogoMIPS)
[STDOUT  ] 2017-08-21T19:31:56.278733141Z: [    0.714810] devtmpfs: initialized
[STDOUT  ] 2017-08-21T19:31:56.278745829Z: [    0.719326] x86/mm: Memory block size: 128MB
[STDOUT  ] 2017-08-21T19:31:56.278758608Z: [    0.781385] clocksource: jiffies: mask: 0xffffffff max_cycles: 0xffffffff, max_idle_ns: 19112604462750000 ns
[STDOUT  ] 2017-08-21T19:31:56.278773653Z: [    0.782165] futex hash table entries: 256 (order: 2, 16384 bytes)
[STDOUT  ] 2017-08-21T19:31:56.278788Z: [    0.791163] NET: Registered protocol family 16
[STDOUT  ] 2017-08-21T19:31:56.278799369Z: [    0.800178] cpuidle: using governor ladder
[STDOUT  ] 2017-08-21T19:31:56.278813508Z: [    0.800557] cpuidle: using governor menu
[STDOUT  ] 2017-08-21T19:31:56.278824845Z: [    0.801598] ACPI: bus type PCI registered
[STDOUT  ] 2017-08-21T19:31:56.278837127Z: [    0.804244] PCI: MMCONFIG for domain 0000 [bus 00-ff] at [mem 0xb0000000-0xbfffffff] (base 0xb0000000)
[STDOUT  ] 2017-08-21T19:31:56.278850192Z: [    0.804913] PCI: MMCONFIG at [mem 0xb0000000-0xbfffffff] reserved in E820
[STDOUT  ] 2017-08-21T19:31:56.278868011Z: [    0.806110] PCI: Using configuration type 1 for base access
[STDOUT  ] 2017-08-21T19:31:56.27888105Z: [    0.861175] HugeTLB registered 2 MB page size, pre-allocated 0 pages
[STDOUT  ] 2017-08-21T19:31:56.27889248Z: [    0.873440] ACPI: Added _OSI(Module Device)
[STDOUT  ] 2017-08-21T19:31:56.278912716Z: [    0.873738] ACPI: Added _OSI(Processor Device)
[STDOUT  ] 2017-08-21T19:31:56.278925049Z: [    0.873997] ACPI: Added _OSI(3.0 _SCP Extensions)
[STDOUT  ] 2017-08-21T19:31:56.278937609Z: [    0.874267] ACPI: Added _OSI(Processor Aggregator Device)
[STDOUT  ] 2017-08-21T19:31:56.278948807Z: [    0.946198] ACPI: Interpreter enabled
[STDOUT  ] 2017-08-21T19:31:56.27896285Z: [    0.947031] ACPI: (supports S0 S5)
[STDOUT  ] 2017-08-21T19:31:56.278974593Z: [    0.947297] ACPI: Using IOAPIC for interrupt routing
