[INFO    ] 2017-09-21T20:35:08.907105228Z: Running Test linuxkit.packages.dhcpcd in /tmp/with_clone32802bc3/test/cases/040_packages/004_dhcpcd
[INFO    ] 2017-09-21T20:35:08.907226184Z: Running command: [/bin/sh -x /tmp/with_clone32802bc3/test/cases/040_packages/004_dhcpcd/test.sh]
[STDERR  ] 2017-09-21T20:35:08.9083171Z: + set -e
[STDERR  ] 2017-09-21T20:35:08.908418193Z: + . /tmp/with_clone32802bc3/test/cases/_lib/lib.sh
[STDERR  ] 2017-09-21T20:35:08.908431601Z: + [ -f src/github.com/linuxkit/rtf/lib/lib.sh ]
[STDERR  ] 2017-09-21T20:35:08.908443424Z: + LINUXKIT_TMPDIR=/tmp/with_clone32802bc3/test/cases/_tmp
[STDERR  ] 2017-09-21T20:35:08.908463906Z: + [ -f /tmp/with_clone32802bc3/test/cases/_tmp/env.sh ]
[STDERR  ] 2017-09-21T20:35:08.908475961Z: + . /tmp/with_clone32802bc3/test/cases/_tmp/env.sh
[STDERR  ] 2017-09-21T20:35:08.908490718Z: + export LINUXKIT_EXAMPLES_DIR=/tmp/with_clone32802bc3/test/cases/../../examples
[STDERR  ] 2017-09-21T20:35:08.908510742Z: + export LINUXKIT_BLUEPRINTS_DIR=/tmp/with_clone32802bc3/test/cases/../../blueprints
[STDERR  ] 2017-09-21T20:35:08.908522648Z: + RT_CANCEL=253
[STDERR  ] 2017-09-21T20:35:08.908534861Z: + NAME=dhcpcd
[STDERR  ] 2017-09-21T20:35:08.908547704Z: + trap clean_up EXIT
[STDERR  ] 2017-09-21T20:35:08.908559833Z: + moby build -format kernel+initrd -name dhcpcd test.yml
[STDERR  ] 2017-09-21T20:35:08.919823173Z: Extract kernel image: linuxkit/kernel:4.9.51
[STDERR  ] 2017-09-21T20:35:16.418831961Z: Add init containers:
[STDERR  ] 2017-09-21T20:35:16.418911506Z: Process init image: linuxkit/init:6fe9d31a53bbd200183bb31edd795305e868d5a7
[STDERR  ] 2017-09-21T20:35:18.957104029Z: Process init image: linuxkit/runc:a1b564248a0d0b118c11e61db9f84ecf41dd2d2a
[STDERR  ] 2017-09-21T20:35:20.859478226Z: Add onboot containers:
[STDERR  ] 2017-09-21T20:35:20.859543545Z:   Create OCI config for linuxkit/dhcpcd:d4408777ed6b6e6e562a5d4938fd09804324b33e
[STDERR  ] 2017-09-21T20:35:22.367175766Z:   Create OCI config for alpine:3.6
[STDERR  ] 2017-09-21T20:35:24.009385937Z:   Create OCI config for linuxkit/poweroff:1e9876c682c74d0602b7647c628bb0875fb13998
[STDERR  ] 2017-09-21T20:35:25.593731781Z: Add files:
[STDERR  ] 2017-09-21T20:35:25.593798234Z:   check.sh
[STDERR  ] 2017-09-21T20:35:25.593817218Z: Create outputs:
[STDERR  ] 2017-09-21T20:35:29.928089881Z:   dhcpcd-kernel dhcpcd-initrd.img dhcpcd-cmdline
[STDERR  ] 2017-09-21T20:35:30.162132926Z: + linuxkit run dhcpcd
[STDOUT  ] 2017-09-21T20:36:02.099768458Z: [    0.000000] Linux version 4.9.51-linuxkit (root@3253c0754a54) (gcc version 6.3.0 (Alpine 6.3.0) ) #1 SMP Wed Sep 20 11:32:07 UTC 2017
[STDOUT  ] 2017-09-21T20:36:02.099868018Z: [    0.000000] Command line: console=ttyS0 page_poison=1
[STDOUT  ] 2017-09-21T20:36:02.099883431Z: [    0.000000] x86/fpu: Legacy x87 FPU detected.
[STDOUT  ] 2017-09-21T20:36:02.099896364Z: [    0.000000] x86/fpu: Using 'eager' FPU context switches.
[STDOUT  ] 2017-09-21T20:36:02.099911414Z: [    0.000000] e820: BIOS-provided physical RAM map:
[STDOUT  ] 2017-09-21T20:36:02.099925587Z: [    0.000000] BIOS-e820: [mem 0x0000000000000000-0x000000000009fbff] usable
[STDERR  ] 2017-09-21T20:36:02.09994215Z: + RESULT=[    0.000000] Linux version 4.9.51-linuxkit (root@3253c0754a54) (gcc version 6.3.0 (Alpine 6.3.0) ) #1 SMP Wed Sep 20 11:32:07 UTC 2017
[STDOUT  ] 2017-09-21T20:36:02.099950629Z: [    0.000000] BIOS-e820: [mem 0x000000000009fc00-0x000000000009ffff] reserved
[STDERR  ] 2017-09-21T20:36:02.099965616Z: [    0.000000] Command line: console=ttyS0 page_poison=1
[STDOUT  ] 2017-09-21T20:36:02.099967543Z: [    0.000000] BIOS-e820: [mem 0x00000000000f0000-0x00000000000fffff] reserved
[STDERR  ] 2017-09-21T20:36:02.099978788Z: [    0.000000] x86/fpu: Legacy x87 FPU detected.
[STDOUT  ] 2017-09-21T20:36:02.099981243Z: [    0.000000] BIOS-e820: [mem 0x0000000000100000-0x000000003ffdefff] usable
[STDERR  ] 2017-09-21T20:36:02.099991339Z: [    0.000000] x86/fpu: Using 'eager' FPU context switches.
[STDOUT  ] 2017-09-21T20:36:02.09999415Z: [    0.000000] BIOS-e820: [mem 0x000000003ffdf000-0x000000003fffffff] reserved
[STDERR  ] 2017-09-21T20:36:02.1000042Z: [    0.000000] e820: BIOS-provided physical RAM map:
[STDERR  ] 2017-09-21T20:36:02.100021711Z: [    0.000000] BIOS-e820: [mem 0x0000000000000000-0x000000000009fbff] usable
[STDOUT  ] 2017-09-21T20:36:02.100019796Z: [    0.000000] BIOS-e820: [mem 0x00000000b0000000-0x00000000bfffffff] reserved
[STDOUT  ] 2017-09-21T20:36:02.10003208Z: [    0.000000] BIOS-e820: [mem 0x00000000fed1c000-0x00000000fed1ffff] reserved
[STDERR  ] 2017-09-21T20:36:02.100034513Z: [    0.000000] BIOS-e820: [mem 0x000000000009fc00-0x000000000009ffff] reserved
[STDOUT  ] 2017-09-21T20:36:02.100045018Z: [    0.000000] BIOS-e820: [mem 0x00000000fffc0000-0x00000000ffffffff] reserved
[STDERR  ] 2017-09-21T20:36:02.100047018Z: [    0.000000] BIOS-e820: [mem 0x00000000000f0000-0x00000000000fffff] reserved
[STDERR  ] 2017-09-21T20:36:02.100059165Z: [    0.000000] BIOS-e820: [mem 0x0000000000100000-0x000000003ffdefff] usable
[STDERR  ] 2017-09-21T20:36:02.100071518Z: [    0.000000] BIOS-e820: [mem 0x000000003ffdf000-0x000000003fffffff] reserved
[STDOUT  ] 2017-09-21T20:36:02.100070862Z: [    0.000000] NX (Execute Disable) protection: active
[STDOUT  ] 2017-09-21T20:36:02.100086586Z: [    0.000000] SMBIOS 2.8 present.
[STDERR  ] 2017-09-21T20:36:02.100083896Z: [    0.000000] BIOS-e820: [mem 0x00000000b0000000-0x00000000bfffffff] reserved
[STDERR  ] 2017-09-21T20:36:02.100096623Z: [    0.000000] BIOS-e820: [mem 0x00000000fed1c000-0x00000000fed1ffff] reserved
[STDOUT  ] 2017-09-21T20:36:02.100098775Z: [    0.000000] e820: last_pfn = 0x3ffdf max_arch_pfn = 0x400000000
[STDERR  ] 2017-09-21T20:36:02.100108645Z: [    0.000000] BIOS-e820: [mem 0x00000000fffc0000-0x00000000ffffffff] reserved
[STDOUT  ] 2017-09-21T20:36:02.100111315Z: [    0.000000] x86/PAT: Configuration [0-7]: WB  WC  UC- UC  WB  WC  UC- WT  
[STDERR  ] 2017-09-21T20:36:02.100120675Z: [    0.000000] NX (Execute Disable) protection: active
[STDOUT  ] 2017-09-21T20:36:02.100123473Z: [    0.000000] found SMP MP-table at [mem 0x000f6aa0-0x000f6aaf] mapped at [ffff9355800f6aa0]
[STDERR  ] 2017-09-21T20:36:02.100132877Z: [    0.000000] SMBIOS 2.8 present.
[STDOUT  ] 2017-09-21T20:36:02.100137403Z: [    0.000000] RAMDISK: [mem 0x3e71f000-0x3ffcffff]
[STDERR  ] 2017-09-21T20:36:02.100146045Z: [    0.000000] e820: last_pfn = 0x3ffdf max_arch_pfn = 0x400000000
[STDOUT  ] 2017-09-21T20:36:02.100149194Z: [    0.000000] ACPI: Early table checksum verification disabled
[STDERR  ] 2017-09-21T20:36:02.100158157Z: [    0.000000] x86/PAT: Configuration [0-7]: WB  WC  UC- UC  WB  WC  UC- WT  
[STDOUT  ] 2017-09-21T20:36:02.100166993Z: [    0.000000] ACPI: RSDP 0x00000000000F68C0 000014 (v00 BOCHS )
[STDERR  ] 2017-09-21T20:36:02.100170164Z: [    0.000000] found SMP MP-table at [mem 0x000f6aa0-0x000f6aaf] mapped at [ffff9355800f6aa0]
[STDERR  ] 2017-09-21T20:36:02.100182146Z: [    0.000000] RAMDISK: [mem 0x3e71f000-0x3ffcffff]
[STDOUT  ] 2017-09-21T20:36:02.100178893Z: [    0.000000] ACPI: RSDT 0x000000003FFE2404 000034 (v01 BOCHS  BXPCRSDT 00000001 BXPC 00000001)
[STDOUT  ] 2017-09-21T20:36:02.100190989Z: [    0.000000] ACPI: FACP 0x000000003FFE22A4 000074 (v01 BOCHS  BXPCFACP 00000001 BXPC 00000001)
[STDERR  ] 2017-09-21T20:36:02.100194168Z: [    0.000000] ACPI: Early table checksum verification disabled
[STDOUT  ] 2017-09-21T20:36:02.100202455Z: [    0.000000] ACPI: DSDT 0x000000003FFE0040 002264 (v01 BOCHS  BXPCDSDT 00000001 BXPC 00000001)
[STDERR  ] 2017-09-21T20:36:02.100205969Z: [    0.000000] ACPI: RSDP 0x00000000000F68C0 000014 (v00 BOCHS )
[STDOUT  ] 2017-09-21T20:36:02.10021425Z: [    0.000000] ACPI: FACS 0x000000003FFE0000 000040
[STDERR  ] 2017-09-21T20:36:02.100223358Z: [    0.000000] ACPI: RSDT 0x000000003FFE2404 000034 (v01 BOCHS  BXPCRSDT 00000001 BXPC 00000001)
[STDOUT  ] 2017-09-21T20:36:02.100225949Z: [    0.000000] ACPI: APIC 0x000000003FFE2318 000078 (v01 BOCHS  BXPCAPIC 00000001 BXPC 00000001)
[STDERR  ] 2017-09-21T20:36:02.100235373Z: [    0.000000] ACPI: FACP 0x000000003FFE22A4 000074 (v01 BOCHS  BXPCFACP 00000001 BXPC 00000001)
[STDOUT  ] 2017-09-21T20:36:02.100238389Z: [    0.000000] ACPI: HPET 0x000000003FFE2390 000038 (v01 BOCHS  BXPCHPET 00000001 BXPC 00000001)
[STDERR  ] 2017-09-21T20:36:02.100247325Z: [    0.000000] ACPI: DSDT 0x000000003FFE0040 002264 (v01 BOCHS  BXPCDSDT 00000001 BXPC 00000001)
[STDERR  ] 2017-09-21T20:36:02.100258479Z: [    0.000000] ACPI: FACS 0x000000003FFE0000 000040
[STDOUT  ] 2017-09-21T20:36:02.100254202Z: [    0.000000] ACPI: MCFG 0x000000003FFE23C8 00003C (v01 BOCHS  BXPCMCFG 00000001 BXPC 00000001)
[STDOUT  ] 2017-09-21T20:36:02.100267146Z: [    0.000000] Zone ranges:
[STDERR  ] 2017-09-21T20:36:02.100270411Z: [    0.000000] ACPI: APIC 0x000000003FFE2318 000078 (v01 BOCHS  BXPCAPIC 00000001 BXPC 00000001)
[STDOUT  ] 2017-09-21T20:36:02.100278769Z: [    0.000000]   DMA      [mem 0x0000000000001000-0x0000000000ffffff]
[STDERR  ] 2017-09-21T20:36:02.100281857Z: [    0.000000] ACPI: HPET 0x000000003FFE2390 000038 (v01 BOCHS  BXPCHPET 00000001 BXPC 00000001)
[STDOUT  ] 2017-09-21T20:36:02.100289817Z: [    0.000000]   DMA32    [mem 0x0000000001000000-0x000000003ffdefff]
[STDERR  ] 2017-09-21T20:36:02.100294356Z: [    0.000000] ACPI: MCFG 0x000000003FFE23C8 00003C (v01 BOCHS  BXPCMCFG 00000001 BXPC 00000001)
[STDOUT  ] 2017-09-21T20:36:02.100300882Z: [    0.000000]   Normal   empty
[STDERR  ] 2017-09-21T20:36:02.100307338Z: [    0.000000] Zone ranges:
[STDOUT  ] 2017-09-21T20:36:02.100312023Z: [    0.000000] Movable zone start for each node
[STDERR  ] 2017-09-21T20:36:02.100320508Z: [    0.000000]   DMA      [mem 0x0000000000001000-0x0000000000ffffff]
[STDOUT  ] 2017-09-21T20:36:02.100330808Z: [    0.000000] Early memory node ranges
[STDERR  ] 2017-09-21T20:36:02.100336734Z: [    0.000000]   DMA32    [mem 0x0000000001000000-0x000000003ffdefff]
[STDOUT  ] 2017-09-21T20:36:02.100342211Z: [    0.000000]   node   0: [mem 0x0000000000001000-0x000000000009efff]
[STDERR  ] 2017-09-21T20:36:02.100349153Z: [    0.000000]   Normal   empty
[STDOUT  ] 2017-09-21T20:36:02.10035314Z: [    0.000000]   node   0: [mem 0x0000000000100000-0x000000003ffdefff]
[STDERR  ] 2017-09-21T20:36:02.100360877Z: [    0.000000] Movable zone start for each node
[STDOUT  ] 2017-09-21T20:36:02.100364276Z: [    0.000000] Initmem setup node 0 [mem 0x0000000000001000-0x000000003ffdefff]
[STDERR  ] 2017-09-21T20:36:02.100372481Z: [    0.000000] Early memory node ranges
[STDOUT  ] 2017-09-21T20:36:02.100375703Z: [    0.000000] ACPI: PM-Timer IO Port: 0x608
[STDOUT  ] 2017-09-21T20:36:02.100386905Z: [    0.000000] ACPI: LAPIC_NMI (acpi_id[0xff] dfl dfl lint[0x1])
[STDERR  ] 2017-09-21T20:36:02.100392958Z: [    0.000000]   node   0: [mem 0x0000000000001000-0x000000000009efff]
[STDOUT  ] 2017-09-21T20:36:02.100399771Z: [    0.000000] IOAPIC[0]: apic_id 0, version 32, address 0xfec00000, GSI 0-23
[STDERR  ] 2017-09-21T20:36:02.100404398Z: [    0.000000]   node   0: [mem 0x0000000000100000-0x000000003ffdefff]
[STDOUT  ] 2017-09-21T20:36:02.100413864Z: [    0.000000] ACPI: INT_SRC_OVR (bus 0 bus_irq 0 global_irq 2 dfl dfl)
[STDERR  ] 2017-09-21T20:36:02.100415435Z: [    0.000000] Initmem setup node 0 [mem 0x0000000000001000-0x000000003ffdefff]
[STDOUT  ] 2017-09-21T20:36:02.100425377Z: [    0.000000] ACPI: INT_SRC_OVR (bus 0 bus_irq 5 global_irq 5 high level)
[STDERR  ] 2017-09-21T20:36:02.100427202Z: [    0.000000] ACPI: PM-Timer IO Port: 0x608
[STDERR  ] 2017-09-21T20:36:02.100438951Z: [    0.000000] ACPI: LAPIC_NMI (acpi_id[0xff] dfl dfl lint[0x1])
[STDOUT  ] 2017-09-21T20:36:02.100436586Z: [    0.000000] ACPI: INT_SRC_OVR (bus 0 bus_irq 9 global_irq 9 high level)
[STDOUT  ] 2017-09-21T20:36:02.100447825Z: [    0.000000] ACPI: INT_SRC_OVR (bus 0 bus_irq 10 global_irq 10 high level)
[STDERR  ] 2017-09-21T20:36:02.100450808Z: [    0.000000] IOAPIC[0]: apic_id 0, version 32, address 0xfec00000, GSI 0-23
[STDERR  ] 2017-09-21T20:36:02.100462187Z: [    0.000000] ACPI: INT_SRC_OVR (bus 0 bus_irq 0 global_irq 2 dfl dfl)
[STDOUT  ] 2017-09-21T20:36:02.100459309Z: [    0.000000] ACPI: INT_SRC_OVR (bus 0 bus_irq 11 global_irq 11 high level)
[STDOUT  ] 2017-09-21T20:36:02.100470523Z: [    0.000000] Using ACPI (MADT) for SMP configuration information
[STDERR  ] 2017-09-21T20:36:02.10047833Z: [    0.000000] ACPI: INT_SRC_OVR (bus 0 bus_irq 5 global_irq 5 high level)
[STDERR  ] 2017-09-21T20:36:02.100489766Z: [    0.000000] ACPI: INT_SRC_OVR (bus 0 bus_irq 9 global_irq 9 high level)
[STDOUT  ] 2017-09-21T20:36:02.100486183Z: [    0.000000] ACPI: HPET id: 0x8086a201 base: 0xfed00000
[STDERR  ] 2017-09-21T20:36:02.100501057Z: [    0.000000] ACPI: INT_SRC_OVR (bus 0 bus_irq 10 global_irq 10 high level)
[STDOUT  ] 2017-09-21T20:36:02.100497883Z: [    0.000000] smpboot: Allowing 1 CPUs, 0 hotplug CPUs
[STDOUT  ] 2017-09-21T20:36:02.100510592Z: [    0.000000] e820: [mem 0x40000000-0xafffffff] available for PCI devices
[STDERR  ] 2017-09-21T20:36:02.100512598Z: [    0.000000] ACPI: INT_SRC_OVR (bus 0 bus_irq 11 global_irq 11 high level)
[STDOUT  ] 2017-09-21T20:36:02.100521845Z: [    0.000000] Booting paravirtualized kernel on bare hardware
[STDERR  ] 2017-09-21T20:36:02.10052408Z: [    0.000000] Using ACPI (MADT) for SMP configuration information
[STDERR  ] 2017-09-21T20:36:02.100536121Z: [    0.000000] ACPI: HPET id: 0x8086a201 base: 0xfed00000
[STDOUT  ] 2017-09-21T20:36:02.100533459Z: [    0.000000] clocksource: refined-jiffies: mask: 0xffffffff max_cycles: 0xffffffff, max_idle_ns: 19112604462750000 ns
[STDERR  ] 2017-09-21T20:36:02.100547633Z: [    0.000000] smpboot: Allowing 1 CPUs, 0 hotplug CPUs
[STDOUT  ] 2017-09-21T20:36:02.10054961Z: [    0.000000] setup_percpu: NR_CPUS:128 nr_cpumask_bits:128 nr_cpu_ids:1 nr_node_ids:1
[STDERR  ] 2017-09-21T20:36:02.100559468Z: [    0.000000] e820: [mem 0x40000000-0xafffffff] available for PCI devices
[STDOUT  ] 2017-09-21T20:36:02.100561633Z: [    0.000000] percpu: Embedded 35 pages/cpu @ffff9355be400000 s105240 r8192 d29928 u2097152
[STDERR  ] 2017-09-21T20:36:02.100570734Z: [    0.000000] Booting paravirtualized kernel on bare hardware
[STDOUT  ] 2017-09-21T20:36:02.100573411Z: [    0.000000] Built 1 zonelists in Zone order, mobility grouping on.  Total pages: 257896
[STDOUT  ] 2017-09-21T20:36:02.100584828Z: [    0.000000] Kernel command line: console=ttyS0 page_poison=1
[STDERR  ] 2017-09-21T20:36:02.100582916Z: [    0.000000] clocksource: refined-jiffies: mask: 0xffffffff max_cycles: 0xffffffff, max_idle_ns: 19112604462750000 ns
[STDOUT  ] 2017-09-21T20:36:02.100598258Z: [    0.000000] PID hash table entries: 4096 (order: 3, 32768 bytes)
[STDERR  ] 2017-09-21T20:36:02.100601202Z: [    0.000000] setup_percpu: NR_CPUS:128 nr_cpumask_bits:128 nr_cpu_ids:1 nr_node_ids:1
[STDOUT  ] 2017-09-21T20:36:02.100613887Z: [    0.000000] Dentry cache hash table entries: 131072 (order: 8, 1048576 bytes)
[STDERR  ] 2017-09-21T20:36:02.100618021Z: [    0.000000] percpu: Embedded 35 pages/cpu @ffff9355be400000 s105240 r8192 d29928 u2097152
[STDOUT  ] 2017-09-21T20:36:02.100625269Z: [    0.000000] Inode-cache hash table entries: 65536 (order: 7, 524288 bytes)
[STDERR  ] 2017-09-21T20:36:02.100630334Z: [    0.000000] Built 1 zonelists in Zone order, mobility grouping on.  Total pages: 257896
[STDOUT  ] 2017-09-21T20:36:02.100637832Z: [    0.000000] Memory: 988888K/1048052K available (8036K kernel code, 1367K rwdata, 2696K rodata, 1380K init, 568K bss, 59164K reserved, 0K cma-reserved)
[STDERR  ] 2017-09-21T20:36:02.100643237Z: [    0.000000] Kernel command line: console=ttyS0 page_poison=1
[STDOUT  ] 2017-09-21T20:36:02.100652692Z: [    0.000000] Hierarchical RCU implementation.
[STDERR  ] 2017-09-21T20:36:02.10065497Z: [    0.000000] PID hash table entries: 4096 (order: 3, 32768 bytes)
[STDOUT  ] 2017-09-21T20:36:02.100664519Z: [    0.000000] 	Build-time adjustment of leaf fanout to 64.
[STDERR  ] 2017-09-21T20:36:02.100666627Z: [    0.000000] Dentry cache hash table entries: 131072 (order: 8, 1048576 bytes)
[STDERR  ] 2017-09-21T20:36:02.100677752Z: [    0.000000] Inode-cache hash table entries: 65536 (order: 7, 524288 bytes)
[STDOUT  ] 2017-09-21T20:36:02.100676342Z: [    0.000000] 	RCU restricting CPUs from NR_CPUS=128 to nr_cpu_ids=1.
[STDOUT  ] 2017-09-21T20:36:02.100691826Z: [    0.000000] RCU: Adjusting geometry for rcu_fanout_leaf=64, nr_cpu_ids=1
[STDOUT  ] 2017-09-21T20:36:02.100707364Z: [    0.000000] NR_IRQS:8448 nr_irqs:256 16
[STDERR  ] 2017-09-21T20:36:02.100688973Z: [    0.000000] Memory: 988888K/1048052K available (8036K kernel code, 1367K rwdata, 2696K rodata, 1380K init, 568K bss, 59164K reserved, 0K cma-reserved)
[STDERR  ] 2017-09-21T20:36:02.100716174Z: [    0.000000] Hierarchical RCU implementation.
[STDOUT  ] 2017-09-21T20:36:02.100719468Z: [    0.000000] Console: colour VGA+ 80x25
[STDOUT  ] 2017-09-21T20:36:02.100731302Z: [    0.000000] console [ttyS0] enabled
[STDERR  ] 2017-09-21T20:36:02.100728102Z: [    0.000000] 	Build-time adjustment of leaf fanout to 64.
[STDERR  ] 2017-09-21T20:36:02.100746591Z: [    0.000000] 	RCU restricting CPUs from NR_CPUS=128 to nr_cpu_ids=1.
[STDOUT  ] 2017-09-21T20:36:02.100743496Z: [    0.000000] allocated 2097152 bytes of page_ext
[STDOUT  ] 2017-09-21T20:36:02.100755261Z: [    0.000000] clocksource: hpet: mask: 0xffffffff max_cycles: 0xffffffff, max_idle_ns: 19112604467 ns
[STDERR  ] 2017-09-21T20:36:02.100758113Z: [    0.000000] RCU: Adjusting geometry for rcu_fanout_leaf=64, nr_cpu_ids=1
[STDOUT  ] 2017-09-21T20:36:02.100767865Z: [    0.000000] tsc: Fast TSC calibration using PIT
[STDERR  ] 2017-09-21T20:36:02.100769747Z: [    0.000000] NR_IRQS:8448 nr_irqs:256 16
[STDERR  ] 2017-09-21T20:36:02.100780932Z: [    0.000000] Console: colour VGA+ 80x25
[STDOUT  ] 2017-09-21T20:36:02.10077954Z: [    0.000000] tsc: Detected 2300.123 MHz processor
[STDERR  ] 2017-09-21T20:36:02.100792577Z: [    0.000000] console [ttyS0] enabled
[STDOUT  ] 2017-09-21T20:36:02.100797546Z: [    0.021349] Calibrating delay loop (skipped), value calculated using timer frequency.. 4600.24 BogoMIPS (lpj=23001230)
[STDERR  ] 2017-09-21T20:36:02.100804162Z: [    0.000000] allocated 2097152 bytes of page_ext
[STDOUT  ] 2017-09-21T20:36:02.10081439Z: [    0.022507] pid_max: default: 32768 minimum: 301
[STDERR  ] 2017-09-21T20:36:02.100820815Z: [    0.000000] clocksource: hpet: mask: 0xffffffff max_cycles: 0xffffffff, max_idle_ns: 19112604467 ns
[STDOUT  ] 2017-09-21T20:36:02.100825899Z: [    0.023642] ACPI: Core revision 20160831
[STDERR  ] 2017-09-21T20:36:02.100832103Z: [    0.000000] tsc: Fast TSC calibration using PIT
[STDOUT  ] 2017-09-21T20:36:02.100837166Z: [    0.071283] ACPI: 1 ACPI AML tables successfully acquired and loaded
[STDERR  ] 2017-09-21T20:36:02.100843409Z: [    0.000000] tsc: Detected 2300.123 MHz processor
[STDERR  ] 2017-09-21T20:36:02.100854707Z: [    0.021349] Calibrating delay loop (skipped), value calculated using timer frequency.. 4600.24 BogoMIPS (lpj=23001230)
[STDOUT  ] 2017-09-21T20:36:02.100852808Z: [    0.074572] Security Framework initialized
[STDOUT  ] 2017-09-21T20:36:02.100864247Z: [    0.074968] Yama: becoming mindful.
[STDERR  ] 2017-09-21T20:36:02.100866186Z: [    0.022507] pid_max: default: 32768 minimum: 301
[STDOUT  ] 2017-09-21T20:36:02.100875757Z: [    0.076878] Mount-cache hash table entries: 2048 (order: 2, 16384 bytes)
[STDERR  ] 2017-09-21T20:36:02.100882684Z: [    0.023642] ACPI: Core revision 20160831
[STDOUT  ] 2017-09-21T20:36:02.100887182Z: [    0.077427] Mountpoint-cache hash table entries: 2048 (order: 2, 16384 bytes)
[STDOUT  ] 2017-09-21T20:36:02.100898524Z: [    0.096757] Last level iTLB entries: 4KB 0, 2MB 0, 4MB 0
[STDERR  ] 2017-09-21T20:36:02.100893932Z: [    0.071283] ACPI: 1 ACPI AML tables successfully acquired and loaded
[STDERR  ] 2017-09-21T20:36:02.10090955Z: [    0.074572] Security Framework initialized
[STDOUT  ] 2017-09-21T20:36:02.100910054Z: [    0.097236] Last level dTLB entries: 4KB 0, 2MB 0, 4MB 0, 1GB 0
[STDERR  ] 2017-09-21T20:36:02.10092089Z: [    0.074968] Yama: becoming mindful.
[STDOUT  ] 2017-09-21T20:36:02.100923057Z: [    0.453654] Freeing SMP alternatives memory: 20K
[STDERR  ] 2017-09-21T20:36:02.100932442Z: [    0.076878] Mount-cache hash table entries: 2048 (order: 2, 16384 bytes)
[STDOUT  ] 2017-09-21T20:36:02.10093434Z: [    0.462515] ftrace: allocating 35528 entries in 139 pages
[STDERR  ] 2017-09-21T20:36:02.100943821Z: [    0.077427] Mountpoint-cache hash table entries: 2048 (order: 2, 16384 bytes)
[STDOUT  ] 2017-09-21T20:36:02.100949502Z: [    0.632277] smpboot: Max logical packages: 1
[STDERR  ] 2017-09-21T20:36:02.100955573Z: [    0.096757] Last level iTLB entries: 4KB 0, 2MB 0, 4MB 0
[STDOUT  ] 2017-09-21T20:36:02.100960819Z: [    0.637543] ..TIMER: vector=0x30 apic1=0 pin1=2 apic2=-1 pin2=-1
[STDERR  ] 2017-09-21T20:36:02.100966563Z: [    0.097236] Last level dTLB entries: 4KB 0, 2MB 0, 4MB 0, 1GB 0
[STDOUT  ] 2017-09-21T20:36:02.100977104Z: [    0.740000] smpboot: CPU0: AMD QEMU Virtual CPU version 2.5+ (family: 0x6, model: 0x6, stepping: 0x3)
[STDERR  ] 2017-09-21T20:36:02.100978988Z: [    0.453654] Freeing SMP alternatives memory: 20K
[STDERR  ] 2017-09-21T20:36:02.100990967Z: [    0.462515] ftrace: allocating 35528 entries in 139 pages
[STDOUT  ] 2017-09-21T20:36:02.100993716Z: [    0.740000] Performance Events: PMU not available due to virtualization, using software events only.
[STDERR  ] 2017-09-21T20:36:02.101002153Z: [    0.632277] smpboot: Max logical packages: 1
[STDOUT  ] 2017-09-21T20:36:02.101006481Z: [    0.747230] NMI watchdog: disabled (cpu0): hardware events not enabled
[STDERR  ] 2017-09-21T20:36:02.101013373Z: [    0.637543] ..TIMER: vector=0x30 apic1=0 pin1=2 apic2=-1 pin2=-1
[STDOUT  ] 2017-09-21T20:36:02.101017797Z: [    0.747737] NMI watchdog: Shutting down hard lockup detector on all cpus
[STDERR  ] 2017-09-21T20:36:02.10102452Z: [    0.740000] smpboot: CPU0: AMD QEMU Virtual CPU version 2.5+ (family: 0x6, model: 0x6, stepping: 0x3)
[STDOUT  ] 2017-09-21T20:36:02.101028837Z: [    0.750483] x86: Booted up 1 node, 1 CPUs
[STDERR  ] 2017-09-21T20:36:02.101036141Z: [    0.740000] Performance Events: PMU not available due to virtualization, using software events only.
[STDOUT  ] 2017-09-21T20:36:02.101040089Z: [    0.750855] smpboot: Total of 1 processors activated (4600.24 BogoMIPS)
[STDOUT  ] 2017-09-21T20:36:02.101051588Z: [    0.765617] devtmpfs: initialized
[STDERR  ] 2017-09-21T20:36:02.101047366Z: [    0.747230] NMI watchdog: disabled (cpu0): hardware events not enabled
[STDOUT  ] 2017-09-21T20:36:02.101062792Z: [    0.770385] x86/mm: Memory block size: 128MB
[STDERR  ] 2017-09-21T20:36:02.101059633Z: [    0.747737] NMI watchdog: Shutting down hard lockup detector on all cpus
[STDERR  ] 2017-09-21T20:36:02.101071013Z: [    0.750483] x86: Booted up 1 node, 1 CPUs
[STDERR  ] 2017-09-21T20:36:02.10108237Z: [    0.750855] smpboot: Total of 1 processors activated (4600.24 BogoMIPS)
[STDOUT  ] 2017-09-21T20:36:02.101078288Z: [    0.836019] clocksource: jiffies: mask: 0xffffffff max_cycles: 0xffffffff, max_idle_ns: 19112604462750000 ns
[STDOUT  ] 2017-09-21T20:36:02.101090749Z: [    0.836908] futex hash table entries: 256 (order: 2, 16384 bytes)
[STDERR  ] 2017-09-21T20:36:02.101093768Z: [    0.765617] devtmpfs: initialized
[STDOUT  ] 2017-09-21T20:36:02.101102334Z: [    0.844875] NET: Registered protocol family 16
[STDERR  ] 2017-09-21T20:36:02.101107685Z: [    0.770385] x86/mm: Memory block size: 128MB
[STDOUT  ] 2017-09-21T20:36:02.10111435Z: [    0.854779] cpuidle: using governor ladder
[STDERR  ] 2017-09-21T20:36:02.101120971Z: [    0.836019] clocksource: jiffies: mask: 0xffffffff max_cycles: 0xffffffff, max_idle_ns: 19112604462750000 ns
[STDOUT  ] 2017-09-21T20:36:02.101125664Z: [    0.855229] cpuidle: using governor menu
[STDERR  ] 2017-09-21T20:36:02.101132296Z: [    0.836908] futex hash table entries: 256 (order: 2, 16384 bytes)
[STDOUT  ] 2017-09-21T20:36:02.10113861Z: [    0.856356] ACPI: bus type PCI registered
[STDERR  ] 2017-09-21T20:36:02.101143279Z: [    0.844875] NET: Registered protocol family 16
[STDOUT  ] 2017-09-21T20:36:02.101149527Z: [    0.859082] PCI: MMCONFIG for domain 0000 [bus 00-ff] at [mem 0xb0000000-0xbfffffff] (base 0xb0000000)
[STDERR  ] 2017-09-21T20:36:02.101154332Z: [    0.854779] cpuidle: using governor ladder
[STDERR  ] 2017-09-21T20:36:02.101165561Z: [    0.855229] cpuidle: using governor menu
[STDOUT  ] 2017-09-21T20:36:02.101161244Z: [    0.860135] PCI: MMCONFIG at [mem 0xb0000000-0xbfffffff] reserved in E820
[STDOUT  ] 2017-09-21T20:36:02.101176997Z: [    0.861434] PCI: Using configuration type 1 for base access
[STDERR  ] 2017-09-21T20:36:02.101176806Z: [    0.856356] ACPI: bus type PCI registered
[STDOUT  ] 2017-09-21T20:36:02.101188197Z: [    0.939317] HugeTLB registered 2 MB page size, pre-allocated 0 pages
[STDERR  ] 2017-09-21T20:36:02.10119024Z: [    0.859082] PCI: MMCONFIG for domain 0000 [bus 00-ff] at [mem 0xb0000000-0xbfffffff] (base 0xb0000000)
[STDOUT  ] 2017-09-21T20:36:02.101199546Z: [    0.956374] ACPI: Added _OSI(Module Device)
[STDERR  ] 2017-09-21T20:36:02.101205103Z: [    0.860135] PCI: MMCONFIG at [mem 0xb0000000-0xbfffffff] reserved in E820
[STDOUT  ] 2017-09-21T20:36:02.101210871Z: [    0.956943] ACPI: Added _OSI(Processor Device)
[STDERR  ] 2017-09-21T20:36:02.101217798Z: [    0.861434] PCI: Using configuration type 1 for base access
[STDOUT  ] 2017-09-21T20:36:02.101222171Z: [    0.957419] ACPI: Added _OSI(3.0 _SCP Extensions)
[STDERR  ] 2017-09-21T20:36:02.10122912Z: [    0.939317] HugeTLB registered 2 MB page size, pre-allocated 0 pages
[STDOUT  ] 2017-09-21T20:36:02.10123328Z: [    0.957910] ACPI: Added _OSI(Processor Aggregator Device)
[STDERR  ] 2017-09-21T20:36:02.10124049Z: [    0.956374] ACPI: Added _OSI(Module Device)
[STDOUT  ] 2017-09-21T20:36:02.101244639Z: [    1.055913] ACPI: Interpreter enabled
[STDERR  ] 2017-09-21T20:36:02.101251693Z: [    0.956943] ACPI: Added _OSI(Processor Device)
[STDOUT  ] 2017-09-21T20:36:02.101257308Z: [    1.056731] ACPI: (supports S0 S5)
[STDERR  ] 2017-09-21T20:36:02.101262997Z: [    0.957419] ACPI: Added _OSI(3.0 _SCP Extensions)
[STDOUT  ] 2017-09-21T20:36:02.101268378Z: [    1.057030] ACPI: Using IOAPIC for interrupt routing
[STDERR  ] 2017-09-21T20:36:02.101274146Z: [    0.957910] ACPI: Added _OSI(Processor Aggregator Device)
[STDOUT  ] 2017-09-21T20:36:02.101279483Z: [    1.058869] PCI: Using host bridge windows from ACPI; if necessary, use "pci=nocrs" and report a bug
[STDERR  ] 2017-09-21T20:36:02.101285213Z: [    1.055913] ACPI: Interpreter enabled
[STDOUT  ] 2017-09-21T20:36:02.101293218Z: [    1.122158] ACPI: PCI Root Bridge [PCI0] (domain 0000 [bus 00-ff])
[STDERR  ] 2017-09-21T20:36:02.10129657Z: [    1.056731] ACPI: (supports S0 S5)
[STDOUT  ] 2017-09-21T20:36:02.101304833Z: [    1.123098] acpi PNP0A08:00: _OSC: OS supports [ExtendedConfig ASPM ClockPM Segments MSI]
[STDERR  ] 2017-09-21T20:36:02.10130818Z: [    1.057030] ACPI: Using IOAPIC for interrupt routing
[STDOUT  ] 2017-09-21T20:36:02.101320438Z: [    1.128737] acpi PNP0A08:00: _OSC: OS now controls [PCIeHotplug PME PCIeCapability]
[STDERR  ] 2017-09-21T20:36:02.101323702Z: [    1.058869] PCI: Using host bridge windows from ACPI; if necessary, use "pci=nocrs" and report a bug
[STDOUT  ] 2017-09-21T20:36:02.101332897Z: [    1.132516] PCI host bridge to bus 0000:00
[STDERR  ] 2017-09-21T20:36:02.101335325Z: [    1.122158] ACPI: PCI Root Bridge [PCI0] (domain 0000 [bus 00-ff])
[STDOUT  ] 2017-09-21T20:36:02.101344142Z: [    1.132951] pci_bus 0000:00: root bus resource [io  0x0000-0x0cf7 window]
[STDERR  ] 2017-09-21T20:36:02.101346961Z: [    1.123098] acpi PNP0A08:00: _OSC: OS supports [ExtendedConfig ASPM ClockPM Segments MSI]
[STDERR  ] 2017-09-21T20:36:02.101358765Z: [    1.128737] acpi PNP0A08:00: _OSC: OS now controls [PCIeHotplug PME PCIeCapability]
[STDOUT  ] 2017-09-21T20:36:02.101358493Z: [    1.133441] pci_bus 0000:00: root bus resource [io  0x0d00-0xffff window]
[STDOUT  ] 2017-09-21T20:36:02.101370301Z: [    1.133896] pci_bus 0000:00: root bus resource [mem 0x000a0000-0x000bffff window]
[STDERR  ] 2017-09-21T20:36:02.101370443Z: [    1.132516] PCI host bridge to bus 0000:00
[STDOUT  ] 2017-09-21T20:36:02.101381478Z: [    1.134393] pci_bus 0000:00: root bus resource [mem 0xc0000000-0xfebfffff window]
[STDERR  ] 2017-09-21T20:36:02.101383348Z: [    1.132951] pci_bus 0000:00: root bus resource [io  0x0000-0x0cf7 window]
[STDOUT  ] 2017-09-21T20:36:02.101392737Z: [    1.135057] pci_bus 0000:00: root bus resource [bus 00-ff]
[STDERR  ] 2017-09-21T20:36:02.101394702Z: [    1.133441] pci_bus 0000:00: root bus resource [io  0x0d00-0xffff window]
[STDERR  ] 2017-09-21T20:36:02.10140587Z: [    1.133896] pci_bus 0000:00: root bus resource [mem 0x000a0000-0x000bffff window]
[STDOUT  ] 2017-09-21T20:36:02.101407709Z: [    1.245574] pci 0000:00:1f.0: quirk: [io  0x0600-0x067f] claimed by ICH6 ACPI/GPIO/TCO
[STDERR  ] 2017-09-21T20:36:02.101417098Z: [    1.134393] pci_bus 0000:00: root bus resource [mem 0xc0000000-0xfebfffff window]
[STDOUT  ] 2017-09-21T20:36:02.101422977Z: [    1.308903] ACPI: PCI Interrupt Link [LNKA] (IRQs 5 *10 11)
[STDERR  ] 2017-09-21T20:36:02.101430854Z: [    1.135057] pci_bus 0000:00: root bus resource [bus 00-ff]
[STDOUT  ] 2017-09-21T20:36:02.101434427Z: [    1.311736] ACPI: PCI Interrupt Link [LNKB] (IRQs 5 *10 11)
[STDERR  ] 2017-09-21T20:36:02.101442508Z: [    1.245574] pci 0000:00:1f.0: quirk: [io  0x0600-0x067f] claimed by ICH6 ACPI/GPIO/TCO
[STDOUT  ] 2017-09-21T20:36:02.10144587Z: [    1.313422] ACPI: PCI Interrupt Link [LNKC] (IRQs 5 10 *11)
[STDERR  ] 2017-09-21T20:36:02.101454691Z: [    1.308903] ACPI: PCI Interrupt Link [LNKA] (IRQs 5 *10 11)
[STDOUT  ] 2017-09-21T20:36:02.101457133Z: [    1.315166] ACPI: PCI Interrupt Link [LNKD] (IRQs 5 10 *11)
[STDERR  ] 2017-09-21T20:36:02.101466177Z: [    1.311736] ACPI: PCI Interrupt Link [LNKB] (IRQs 5 *10 11)
[STDOUT  ] 2017-09-21T20:36:02.101468581Z: [    1.316856] ACPI: PCI Interrupt Link [LNKE] (IRQs 5 *10 11)
[STDOUT  ] 2017-09-21T20:36:02.10147998Z: [    1.318545] ACPI: PCI Interrupt Link [LNKF] (IRQs 5 *10 11)
[STDERR  ] 2017-09-21T20:36:02.101477652Z: [    1.313422] ACPI: PCI Interrupt Link [LNKC] (IRQs 5 10 *11)
[STDOUT  ] 2017-09-21T20:36:02.101491177Z: [    1.320460] ACPI: PCI Interrupt Link [LNKG] (IRQs 5 10 *11)
[STDERR  ] 2017-09-21T20:36:02.101494638Z: [    1.315166] ACPI: PCI Interrupt Link [LNKD] (IRQs 5 10 *11)
[STDOUT  ] 2017-09-21T20:36:02.10150266Z: [    1.322162] ACPI: PCI Interrupt Link [LNKH] (IRQs 5 10 *11)
[STDERR  ] 2017-09-21T20:36:02.101505904Z: [    1.316856] ACPI: PCI Interrupt Link [LNKE] (IRQs 5 *10 11)
[STDERR  ] 2017-09-21T20:36:02.101517456Z: [    1.318545] ACPI: PCI Interrupt Link [LNKF] (IRQs 5 *10 11)
[STDOUT  ] 2017-09-21T20:36:02.101514032Z: [    1.322976] ACPI: PCI Interrupt Link [GSIA] (IRQs *16)
[STDOUT  ] 2017-09-21T20:36:02.101525606Z: [    1.323598] ACPI: PCI Interrupt Link [GSIB] (IRQs *17)
[STDERR  ] 2017-09-21T20:36:02.101528813Z: [    1.320460] ACPI: PCI Interrupt Link [LNKG] (IRQs 5 10 *11)
[STDOUT  ] 2017-09-21T20:36:02.101543824Z: [    1.324197] ACPI: PCI Interrupt Link [GSIC] (IRQs *18)
[STDERR  ] 2017-09-21T20:36:02.101543809Z: [    1.322162] ACPI: PCI Interrupt Link [LNKH] (IRQs 5 10 *11)
[STDOUT  ] 2017-09-21T20:36:02.10155526Z: [    1.324862] ACPI: PCI Interrupt Link [GSID] (IRQs *19)
[STDERR  ] 2017-09-21T20:36:02.101564729Z: [    1.322976] ACPI: PCI Interrupt Link [GSIA] (IRQs *16)
[STDOUT  ] 2017-09-21T20:36:02.101566621Z: [    1.325462] ACPI: PCI Interrupt Link [GSIE] (IRQs *20)
[STDERR  ] 2017-09-21T20:36:02.101575912Z: [    1.323598] ACPI: PCI Interrupt Link [GSIB] (IRQs *17)
[STDOUT  ] 2017-09-21T20:36:02.101584659Z: [    1.326058] ACPI: PCI Interrupt Link [GSIF] (IRQs *21)
[STDERR  ] 2017-09-21T20:36:02.101587554Z: [    1.324197] ACPI: PCI Interrupt Link [GSIC] (IRQs *18)
[STDOUT  ] 2017-09-21T20:36:02.101595858Z: [    1.326659] ACPI: PCI Interrupt Link [GSIG] (IRQs *22)
[STDERR  ] 2017-09-21T20:36:02.101598895Z: [    1.324862] ACPI: PCI Interrupt Link [GSID] (IRQs *19)
[STDERR  ] 2017-09-21T20:36:02.101610193Z: [    1.325462] ACPI: PCI Interrupt Link [GSIE] (IRQs *20)
[STDOUT  ] 2017-09-21T20:36:02.101611973Z: [    1.327256] ACPI: PCI Interrupt Link [GSIH] (IRQs *23)
[STDERR  ] 2017-09-21T20:36:02.101621618Z: [    1.326058] ACPI: PCI Interrupt Link [GSIF] (IRQs *21)
[STDOUT  ] 2017-09-21T20:36:02.10162344Z: [    1.331030] ACPI: Enabled 2 GPEs in block 00 to 3F
[STDERR  ] 2017-09-21T20:36:02.101632974Z: [    1.326659] ACPI: PCI Interrupt Link [GSIG] (IRQs *22)
[STDOUT  ] 2017-09-21T20:36:02.1016348Z: [    1.335352] SCSI subsystem initialized
[STDERR  ] 2017-09-21T20:36:02.101644231Z: [    1.327256] ACPI: PCI Interrupt Link [GSIH] (IRQs *23)
[STDOUT  ] 2017-09-21T20:36:02.10165457Z: [    1.337806] ACPI: bus type USB registered
[STDERR  ] 2017-09-21T20:36:02.101656265Z: [    1.331030] ACPI: Enabled 2 GPEs in block 00 to 3F
[STDOUT  ] 2017-09-21T20:36:02.101666124Z: [    1.338883] usbcore: registered new interface driver usbfs
[STDOUT  ] 2017-09-21T20:36:02.101677263Z: [    1.339762] usbcore: registered new interface driver hub
[STDERR  ] 2017-09-21T20:36:02.101668184Z: [    1.335352] SCSI subsystem initialized
[STDERR  ] 2017-09-21T20:36:02.101687069Z: [    1.337806] ACPI: bus type USB registered
[STDOUT  ] 2017-09-21T20:36:02.101688768Z: [    1.340488] usbcore: registered new device driver usb
[STDERR  ] 2017-09-21T20:36:02.10169841Z: [    1.338883] usbcore: registered new interface driver usbfs
[STDOUT  ] 2017-09-21T20:36:02.101700243Z: [    1.341605] pps_core: LinuxPPS API ver. 1 registered
[STDERR  ] 2017-09-21T20:36:02.101709666Z: [    1.339762] usbcore: registered new interface driver hub
[STDOUT  ] 2017-09-21T20:36:02.101711465Z: [    1.341954] pps_core: Software ver. 5.3.6 - Copyright 2005-2007 Rodolfo Giometti <giometti@linux.it>
[STDERR  ] 2017-09-21T20:36:02.101720891Z: [    1.340488] usbcore: registered new device driver usb
[STDOUT  ] 2017-09-21T20:36:02.101723729Z: [    1.342663] PTP clock support registered
[STDERR  ] 2017-09-21T20:36:02.101732628Z: [    1.341605] pps_core: LinuxPPS API ver. 1 registered
[STDOUT  ] 2017-09-21T20:36:02.101735118Z: [    1.343789] wmi: Mapper loaded
[STDERR  ] 2017-09-21T20:36:02.101743938Z: [    1.341954] pps_core: Software ver. 5.3.6 - Copyright 2005-2007 Rodolfo Giometti <giometti@linux.it>
[STDOUT  ] 2017-09-21T20:36:02.101746856Z: [    1.344928] PCI: Using ACPI for IRQ routing
[STDERR  ] 2017-09-21T20:36:02.101755484Z: [    1.342663] PTP clock support registered
[STDOUT  ] 2017-09-21T20:36:02.101758276Z: [    1.364583] NetLabel: Initializing
[STDERR  ] 2017-09-21T20:36:02.10176685Z: [    1.343789] wmi: Mapper loaded
[STDOUT  ] 2017-09-21T20:36:02.101769682Z: [    1.364885] NetLabel:  domain hash size = 128
[STDERR  ] 2017-09-21T20:36:02.101778649Z: [    1.344928] PCI: Using ACPI for IRQ routing
[STDERR  ] 2017-09-21T20:36:02.101789682Z: [    1.364583] NetLabel: Initializing
[STDOUT  ] 2017-09-21T20:36:02.101780899Z: [    1.365185] NetLabel:  protocols = UNLABELED CIPSOv4
[STDERR  ] 2017-09-21T20:36:02.101801003Z: [    1.364885] NetLabel:  domain hash size = 128
[STDOUT  ] 2017-09-21T20:36:02.101797644Z: [    1.366970] NetLabel:  unlabeled traffic allowed by default
[STDOUT  ] 2017-09-21T20:36:02.101809182Z: [    1.367940] HPET: 3 timers in total, 0 timers will be used for per-cpu timer
[STDERR  ] 2017-09-21T20:36:02.101812234Z: [    1.365185] NetLabel:  protocols = UNLABELED CIPSOv4
[STDERR  ] 2017-09-21T20:36:02.101823634Z: [    1.366970] NetLabel:  unlabeled traffic allowed by default
[STDOUT  ] 2017-09-21T20:36:02.101820703Z: [    1.368673] hpet0: at MMIO 0xfed00000, IRQs 2, 8, 0
[STDOUT  ] 2017-09-21T20:36:02.101833609Z: [    1.369142] hpet0: 3 comparators, 64-bit 100.000000 MHz counter
[STDERR  ] 2017-09-21T20:36:02.101835004Z: [    1.367940] HPET: 3 timers in total, 0 timers will be used for per-cpu timer
[STDOUT  ] 2017-09-21T20:36:02.101845088Z: [    1.374722] clocksource: Switched to clocksource hpet
[STDERR  ] 2017-09-21T20:36:02.101846923Z: [    1.368673] hpet0: at MMIO 0xfed00000, IRQs 2, 8, 0
[STDOUT  ] 2017-09-21T20:36:02.101856375Z: [    1.640517] VFS: Disk quotas dquot_6.6.0
[STDERR  ] 2017-09-21T20:36:02.101858262Z: [    1.369142] hpet0: 3 comparators, 64-bit 100.000000 MHz counter
[STDOUT  ] 2017-09-21T20:36:02.101867766Z: [    1.641253] VFS: Dquot-cache hash table entries: 512 (order 0, 4096 bytes)
[STDERR  ] 2017-09-21T20:36:02.101869806Z: [    1.374722] clocksource: Switched to clocksource hpet
[STDOUT  ] 2017-09-21T20:36:02.101885041Z: [    1.643858] FS-Cache: Loaded
[STDERR  ] 2017-09-21T20:36:02.101887294Z: [    1.640517] VFS: Disk quotas dquot_6.6.0
[STDOUT  ] 2017-09-21T20:36:02.101896872Z: [    1.648639] CacheFiles: Loaded
[STDERR  ] 2017-09-21T20:36:02.10190296Z: [    1.641253] VFS: Dquot-cache hash table entries: 512 (order 0, 4096 bytes)
[STDOUT  ] 2017-09-21T20:36:02.101910895Z: [    1.650512] pnp: PnP ACPI init
[STDERR  ] 2017-09-21T20:36:02.101914094Z: [    1.643858] FS-Cache: Loaded
[STDOUT  ] 2017-09-21T20:36:02.101922397Z: [    1.662438] pnp: PnP ACPI: found 5 devices
[STDERR  ] 2017-09-21T20:36:02.101925841Z: [    1.648639] CacheFiles: Loaded
[STDOUT  ] 2017-09-21T20:36:02.101933466Z: [    1.713002] clocksource: acpi_pm: mask: 0xffffff max_cycles: 0xffffff, max_idle_ns: 2085701024 ns
[STDERR  ] 2017-09-21T20:36:02.101937558Z: [    1.650512] pnp: PnP ACPI init
[STDOUT  ] 2017-09-21T20:36:02.101944993Z: [    1.715850] NET: Registered protocol family 2
[STDERR  ] 2017-09-21T20:36:02.101948939Z: [    1.662438] pnp: PnP ACPI: found 5 devices
[STDOUT  ] 2017-09-21T20:36:02.101956187Z: [    1.723212] TCP established hash table entries: 8192 (order: 4, 65536 bytes)
[STDERR  ] 2017-09-21T20:36:02.10196033Z: [    1.713002] clocksource: acpi_pm: mask: 0xffffff max_cycles: 0xffffff, max_idle_ns: 2085701024 ns
[STDOUT  ] 2017-09-21T20:36:02.101966907Z: [    1.723978] TCP bind hash table entries: 8192 (order: 5, 131072 bytes)
[STDERR  ] 2017-09-21T20:36:02.101974739Z: [    1.715850] NET: Registered protocol family 2
[STDOUT  ] 2017-09-21T20:36:02.101978255Z: [    1.724646] TCP: Hash tables configured (established 8192 bind 8192)
[STDERR  ] 2017-09-21T20:36:02.101986204Z: [    1.723212] TCP established hash table entries: 8192 (order: 4, 65536 bytes)
[STDOUT  ] 2017-09-21T20:36:02.101989444Z: [    1.726546] UDP hash table entries: 512 (order: 2, 16384 bytes)
[STDOUT  ] 2017-09-21T20:36:02.102000729Z: [    1.727096] UDP-Lite hash table entries: 512 (order: 2, 16384 bytes)
[STDERR  ] 2017-09-21T20:36:02.102000526Z: [    1.723978] TCP bind hash table entries: 8192 (order: 5, 131072 bytes)
[STDOUT  ] 2017-09-21T20:36:02.102011931Z: [    1.729474] NET: Registered protocol family 1
[STDERR  ] 2017-09-21T20:36:02.102018891Z: [    1.724646] TCP: Hash tables configured (established 8192 bind 8192)
[STDOUT  ] 2017-09-21T20:36:02.102023085Z: [    1.730625] pci 0000:00:01.0: Video device with shadowed ROM at [mem 0x000c0000-0x000dffff]
[STDERR  ] 2017-09-21T20:36:02.1020298Z: [    1.726546] UDP hash table entries: 512 (order: 2, 16384 bytes)
[STDOUT  ] 2017-09-21T20:36:02.102035026Z: [    1.737438] Unpacking initramfs...
[STDERR  ] 2017-09-21T20:36:02.102044907Z: [    1.727096] UDP-Lite hash table entries: 512 (order: 2, 16384 bytes)
[STDOUT  ] 2017-09-21T20:36:02.102046566Z: [    5.146812] Freeing initrd memory: 25284K
[STDERR  ] 2017-09-21T20:36:02.102056433Z: [    1.729474] NET: Registered protocol family 1
[STDOUT  ] 2017-09-21T20:36:02.102058242Z: [    5.171952] PCLMULQDQ-NI instructions are not detected.
[STDERR  ] 2017-09-21T20:36:02.102067904Z: [    1.730625] pci 0000:00:01.0: Video device with shadowed ROM at [mem 0x000c0000-0x000dffff]
[STDOUT  ] 2017-09-21T20:36:02.10206973Z: [    5.173094] AVX or AES-NI instructions are not detected.
[STDOUT  ] 2017-09-21T20:36:02.102081749Z: [    5.173536] CPU feature 'AVX registers' is not supported.
[STDERR  ] 2017-09-21T20:36:02.10208Z: [    1.737438] Unpacking initramfs...
[STDOUT  ] 2017-09-21T20:36:02.102092559Z: [    5.173933] CPU feature 'AVX registers' is not supported.
[STDERR  ] 2017-09-21T20:36:02.10209445Z: [    5.146812] Freeing initrd memory: 25284K
[STDOUT  ] 2017-09-21T20:36:02.102103889Z: [    5.174383] CPU feature 'AVX registers' is not supported.
[STDERR  ] 2017-09-21T20:36:02.102105863Z: [    5.171952] PCLMULQDQ-NI instructions are not detected.
[STDOUT  ] 2017-09-21T20:36:02.102119464Z: [    5.174818] CPU feature 'AVX registers' is not supported.
[STDERR  ] 2017-09-21T20:36:02.102117155Z: [    5.173094] AVX or AES-NI instructions are not detected.
[STDERR  ] 2017-09-21T20:36:02.102133715Z: [    5.173536] CPU feature 'AVX registers' is not supported.
[STDOUT  ] 2017-09-21T20:36:02.102130727Z: [    5.175213] AVX2 or AES-NI instructions are not detected.
[STDERR  ] 2017-09-21T20:36:02.102145153Z: [    5.173933] CPU feature 'AVX registers' is not supported.
[STDOUT  ] 2017-09-21T20:36:02.102145736Z: [    5.175604] AVX2 instructions are not detected.
[STDERR  ] 2017-09-21T20:36:02.102156581Z: [    5.174383] CPU feature 'AVX registers' is not supported.
[STDOUT  ] 2017-09-21T20:36:02.102158356Z: [    5.182493] audit: initializing netlink subsys (disabled)
[STDOUT  ] 2017-09-21T20:36:02.102172957Z: [    5.184055] audit: type=2000 audit(1506026136.180:1): initialized
[STDERR  ] 2017-09-21T20:36:02.102172962Z: [    5.174818] CPU feature 'AVX registers' is not supported.
[STDOUT  ] 2017-09-21T20:36:02.102184906Z: [    5.194164] workingset: timestamp_bits=46 max_order=18 bucket_order=0
[STDERR  ] 2017-09-21T20:36:02.102186669Z: [    5.175213] AVX2 or AES-NI instructions are not detected.
[STDOUT  ] 2017-09-21T20:36:02.102196301Z: [    5.200882] FS-Cache: Netfs 'cifs' registered for caching
[STDERR  ] 2017-09-21T20:36:02.102198244Z: [    5.175604] AVX2 instructions are not detected.
[STDOUT  ] 2017-09-21T20:36:02.102207718Z: [    5.201847] fuse init (API version 7.26)
[STDERR  ] 2017-09-21T20:36:02.102209564Z: [    5.182493] audit: initializing netlink subsys (disabled)
[STDOUT  ] 2017-09-21T20:36:02.102219092Z: [    5.204139] SGI XFS with ACLs, security attributes, no debug enabled
[STDERR  ] 2017-09-21T20:36:02.102221017Z: [    5.184055] audit: type=2000 audit(1506026136.180:1): initialized
[STDERR  ] 2017-09-21T20:36:02.102232164Z: [    5.194164] workingset: timestamp_bits=46 max_order=18 bucket_order=0
[STDOUT  ] 2017-09-21T20:36:02.102236794Z: [    5.208367] 9p: Installing v9fs 9p2000 file system support
[STDOUT  ] 2017-09-21T20:36:02.10224798Z: [    5.208892] FS-Cache: Netfs '9p' registered for caching
[STDERR  ] 2017-09-21T20:36:02.102244859Z: [    5.200882] FS-Cache: Netfs 'cifs' registered for caching
[STDERR  ] 2017-09-21T20:36:02.102256181Z: [    5.201847] fuse init (API version 7.26)
[STDOUT  ] 2017-09-21T20:36:02.102259554Z: [    5.242526] NET: Registered protocol family 38
[STDOUT  ] 2017-09-21T20:36:02.102270852Z: [    5.243114] Key type asymmetric registered
[STDERR  ] 2017-09-21T20:36:02.102267398Z: [    5.204139] SGI XFS with ACLs, security attributes, no debug enabled
[STDERR  ] 2017-09-21T20:36:02.102278902Z: [    5.208367] 9p: Installing v9fs 9p2000 file system support
[STDOUT  ] 2017-09-21T20:36:02.10228208Z: [    5.243456] Asymmetric key parser 'x509' registered
[STDERR  ] 2017-09-21T20:36:02.102294387Z: [    5.208892] FS-Cache: Netfs '9p' registered for caching
[STDOUT  ] 2017-09-21T20:36:02.102298539Z: [    5.244264] Block layer SCSI generic (bsg) driver version 0.4 loaded (major 251)
[STDERR  ] 2017-09-21T20:36:02.102305493Z: [    5.242526] NET: Registered protocol family 38
[STDOUT  ] 2017-09-21T20:36:02.102309865Z: [    5.245508] io scheduler noop registered
[STDERR  ] 2017-09-21T20:36:02.102316695Z: [    5.243114] Key type asymmetric registered
[STDOUT  ] 2017-09-21T20:36:02.102320999Z: [    5.245834] io scheduler deadline registered (default)
[STDERR  ] 2017-09-21T20:36:02.102327743Z: [    5.243456] Asymmetric key parser 'x509' registered
[STDOUT  ] 2017-09-21T20:36:02.102332192Z: [    5.246622] io scheduler cfq registered
[STDERR  ] 2017-09-21T20:36:02.102340029Z: [    5.244264] Block layer SCSI generic (bsg) driver version 0.4 loaded (major 251)
[STDOUT  ] 2017-09-21T20:36:02.10234339Z: [    5.249673] pci_hotplug: PCI Hot Plug PCI Core version: 0.5
[STDERR  ] 2017-09-21T20:36:02.102351658Z: [    5.245508] io scheduler noop registered
[STDOUT  ] 2017-09-21T20:36:02.102354824Z: [    5.252160] pciehp: PCI Express Hot Plug Controller Driver version: 0.4
[STDERR  ] 2017-09-21T20:36:02.10236297Z: [    5.245834] io scheduler deadline registered (default)
[STDOUT  ] 2017-09-21T20:36:02.102366222Z: [    5.253008] shpchp: Standard Hot Plug PCI Controller Driver version: 0.4
[STDERR  ] 2017-09-21T20:36:02.102374407Z: [    5.246622] io scheduler cfq registered
[STDOUT  ] 2017-09-21T20:36:02.102377649Z: [    5.253851] hv_vmbus: registering driver hyperv_fb
[STDERR  ] 2017-09-21T20:36:02.102385702Z: [    5.249673] pci_hotplug: PCI Hot Plug PCI Core version: 0.5
[STDOUT  ] 2017-09-21T20:36:02.102392606Z: [    5.256847] input: Power Button as /devices/LNXSYSTM:00/LNXPWRBN:00/input/input0
[STDERR  ] 2017-09-21T20:36:02.102401366Z: [    5.252160] pciehp: PCI Express Hot Plug Controller Driver version: 0.4
[STDOUT  ] 2017-09-21T20:36:02.102404459Z: [    5.257890] ACPI: Power Button [PWRF]
[STDERR  ] 2017-09-21T20:36:02.102412716Z: [    5.253008] shpchp: Standard Hot Plug PCI Controller Driver version: 0.4
[STDOUT  ] 2017-09-21T20:36:02.102415815Z: [    5.263397] GHES: HEST is not enabled!
[STDERR  ] 2017-09-21T20:36:02.102424113Z: [    5.253851] hv_vmbus: registering driver hyperv_fb
[STDOUT  ] 2017-09-21T20:36:02.102427303Z: [    5.274937] ACPI: PCI Interrupt Link [GSIG] enabled at IRQ 22
[STDOUT  ] 2017-09-21T20:36:02.102438742Z: [    5.287773] ACPI: PCI Interrupt Link [GSIH] enabled at IRQ 23
[STDERR  ] 2017-09-21T20:36:02.102435364Z: [    5.256847] input: Power Button as /devices/LNXSYSTM:00/LNXPWRBN:00/input/input0
[STDERR  ] 2017-09-21T20:36:02.102446917Z: [    5.257890] ACPI: Power Button [PWRF]
[STDOUT  ] 2017-09-21T20:36:02.102450089Z: [    5.292264] xenfs: not registering filesystem on non-xen platform
[STDOUT  ] 2017-09-21T20:36:02.102461524Z: [    5.294290] Serial: 8250/16550 driver, 4 ports, IRQ sharing disabled
[STDERR  ] 2017-09-21T20:36:02.102458302Z: [    5.263397] GHES: HEST is not enabled!
[STDOUT  ] 2017-09-21T20:36:02.102472817Z: [    5.321091] 00:04: ttyS0 at I/O 0x3f8 (irq = 4, base_baud = 115200) is a 16550A
[STDERR  ] 2017-09-21T20:36:02.102469634Z: [    5.274937] ACPI: PCI Interrupt Link [GSIG] enabled at IRQ 22
[STDERR  ] 2017-09-21T20:36:02.10248665Z: [    5.287773] ACPI: PCI Interrupt Link [GSIH] enabled at IRQ 23
[STDOUT  ] 2017-09-21T20:36:02.102484358Z: [    5.332073] Non-volatile memory driver v1.3
[STDOUT  ] 2017-09-21T20:36:02.102500465Z: [    5.338028] Hangcheck: starting hangcheck timer 0.9.1 (tick is 180 seconds, margin is 60 seconds).
[STDERR  ] 2017-09-21T20:36:02.102498194Z: [    5.292264] xenfs: not registering filesystem on non-xen platform
[STDOUT  ] 2017-09-21T20:36:02.102512686Z: [    5.343384] random: fast init done
[STDERR  ] 2017-09-21T20:36:02.102509683Z: [    5.294290] Serial: 8250/16550 driver, 4 ports, IRQ sharing disabled
[STDERR  ] 2017-09-21T20:36:02.102520939Z: [    5.321091] 00:04: ttyS0 at I/O 0x3f8 (irq = 4, base_baud = 115200) is a 16550A
[STDOUT  ] 2017-09-21T20:36:02.102527643Z: [    5.344529] random: crng init done
[STDERR  ] 2017-09-21T20:36:02.102536068Z: [    5.332073] Non-volatile memory driver v1.3
[STDOUT  ] 2017-09-21T20:36:02.102539457Z: [    5.380454] loop: module loaded
[STDERR  ] 2017-09-21T20:36:02.102547321Z: [    5.338028] Hangcheck: starting hangcheck timer 0.9.1 (tick is 180 seconds, margin is 60 seconds).
[STDOUT  ] 2017-09-21T20:36:02.102551201Z: [    5.398908] nbd: registered device at major 43
[STDOUT  ] 2017-09-21T20:36:02.102562724Z: [    5.441678] lpc_ich 0000:00:1f.0: I/O space for GPIO uninitialized
[STDERR  ] 2017-09-21T20:36:02.102559624Z: [    5.343384] random: fast init done
[STDOUT  ] 2017-09-21T20:36:02.102573744Z: [    5.443314] VMware PVSCSI driver - version 1.0.7.0-k
[STDOUT  ] 2017-09-21T20:36:02.102585104Z: [    5.444003] hv_vmbus: registering driver hv_storvsc
[STDERR  ] 2017-09-21T20:36:02.102581926Z: [    5.344529] random: crng init done
[STDERR  ] 2017-09-21T20:36:02.102593288Z: [    5.380454] loop: module loaded
[STDOUT  ] 2017-09-21T20:36:02.102596496Z: [    5.454308] ACPI: PCI Interrupt Link [GSIA] enabled at IRQ 16
[STDERR  ] 2017-09-21T20:36:02.102604893Z: [    5.398908] nbd: registered device at major 43
[STDOUT  ] 2017-09-21T20:36:02.102607849Z: [    5.460695] ahci 0000:00:1f.2: AHCI 0001.0000 32 slots 6 ports 1.5 Gbps 0x3f impl SATA mode
[STDERR  ] 2017-09-21T20:36:02.102616365Z: [    5.441678] lpc_ich 0000:00:1f.0: I/O space for GPIO uninitialized
[STDOUT  ] 2017-09-21T20:36:02.102620023Z: [    5.461404] ahci 0000:00:1f.2: flags: 64bit ncq only 
[STDERR  ] 2017-09-21T20:36:02.102627254Z: [    5.443314] VMware PVSCSI driver - version 1.0.7.0-k
[STDERR  ] 2017-09-21T20:36:02.102642755Z: [    5.444003] hv_vmbus: registering driver hv_storvsc
[STDOUT  ] 2017-09-21T20:36:02.10264118Z: [    5.482215] scsi host0: ahci
[STDERR  ] 2017-09-21T20:36:02.102654578Z: [    5.454308] ACPI: PCI Interrupt Link [GSIA] enabled at IRQ 16
[STDOUT  ] 2017-09-21T20:36:02.102660723Z: [    5.485777] scsi host1: ahci
[STDERR  ] 2017-09-21T20:36:02.102665611Z: [    5.460695] ahci 0000:00:1f.2: AHCI 0001.0000 32 slots 6 ports 1.5 Gbps 0x3f impl SATA mode
[STDOUT  ] 2017-09-21T20:36:02.102672182Z: [    5.487962] scsi host2: ahci
[STDERR  ] 2017-09-21T20:36:02.10267957Z: [    5.461404] ahci 0000:00:1f.2: flags: 64bit ncq only 
[STDOUT  ] 2017-09-21T20:36:02.102683381Z: [    5.490481] scsi host3: ahci
[STDOUT  ] 2017-09-21T20:36:02.102695387Z: [    5.492643] scsi host4: ahci
[STDERR  ] 2017-09-21T20:36:02.102696135Z: [    5.482215] scsi host0: ahci
[STDOUT  ] 2017-09-21T20:36:02.102706869Z: [    5.494778] scsi host5: ahci
[STDERR  ] 2017-09-21T20:36:02.102708655Z: [    5.485777] scsi host1: ahci
[STDERR  ] 2017-09-21T20:36:02.102720176Z: [    5.487962] scsi host2: ahci
[STDOUT  ] 2017-09-21T20:36:02.1027181Z: [    5.496624] ata1: SATA max UDMA/133 abar m4096@0xfebd2000 port 0xfebd2100 irq 24
[STDOUT  ] 2017-09-21T20:36:02.10272947Z: [    5.497250] ata2: SATA max UDMA/133 abar m4096@0xfebd2000 port 0xfebd2180 irq 24
[STDERR  ] 2017-09-21T20:36:02.102731293Z: [    5.490481] scsi host3: ahci
[STDERR  ] 2017-09-21T20:36:02.10274253Z: [    5.492643] scsi host4: ahci
[STDOUT  ] 2017-09-21T20:36:02.102740816Z: [    5.497742] ata3: SATA max UDMA/133 abar m4096@0xfebd2000 port 0xfebd2200 irq 24
[STDOUT  ] 2017-09-21T20:36:02.102756317Z: [    5.498231] ata4: SATA max UDMA/133 abar m4096@0xfebd2000 port 0xfebd2280 irq 24
[STDERR  ] 2017-09-21T20:36:02.102753948Z: [    5.494778] scsi host5: ahci
[STDOUT  ] 2017-09-21T20:36:02.102766802Z: [    5.498719] ata5: SATA max UDMA/133 abar m4096@0xfebd2000 port 0xfebd2300 irq 24
[STDOUT  ] 2017-09-21T20:36:02.102778111Z: [    5.499260] ata6: SATA max UDMA/133 abar m4096@0xfebd2000 port 0xfebd2380 irq 24
[STDERR  ] 2017-09-21T20:36:02.102774351Z: [    5.496624] ata1: SATA max UDMA/133 abar m4096@0xfebd2000 port 0xfebd2100 irq 24
[STDERR  ] 2017-09-21T20:36:02.102786237Z: [    5.497250] ata2: SATA max UDMA/133 abar m4096@0xfebd2000 port 0xfebd2180 irq 24
[STDOUT  ] 2017-09-21T20:36:02.102789394Z: [    5.511796] tun: Universal TUN/TAP device driver, 1.6
[STDERR  ] 2017-09-21T20:36:02.102801589Z: [    5.497742] ata3: SATA max UDMA/133 abar m4096@0xfebd2000 port 0xfebd2200 irq 24
[STDOUT  ] 2017-09-21T20:36:02.102804827Z: [    5.512197] tun: (C) 1999-2004 Max Krasnyansky <maxk@qualcomm.com>
[STDERR  ] 2017-09-21T20:36:02.10281309Z: [    5.498231] ata4: SATA max UDMA/133 abar m4096@0xfebd2000 port 0xfebd2280 irq 24
[STDOUT  ] 2017-09-21T20:36:02.102816431Z: [    5.523365] VMware vmxnet3 virtual NIC driver - version 1.4.a.0-k-NAPI
[STDOUT  ] 2017-09-21T20:36:02.102827764Z: [    5.524218] hv_vmbus: registering driver hv_netvsc
[STDERR  ] 2017-09-21T20:36:02.102824561Z: [    5.498719] ata5: SATA max UDMA/133 abar m4096@0xfebd2000 port 0xfebd2300 irq 24
[STDERR  ] 2017-09-21T20:36:02.102843962Z: [    5.499260] ata6: SATA max UDMA/133 abar m4096@0xfebd2000 port 0xfebd2380 irq 24
[STDOUT  ] 2017-09-21T20:36:02.102839351Z: [    5.524574] Fusion MPT base driver 3.04.20
[STDOUT  ] 2017-09-21T20:36:02.102851972Z: [    5.524854] Copyright (c) 1999-2008 LSI Corporation
[STDERR  ] 2017-09-21T20:36:02.102855352Z: [    5.511796] tun: Universal TUN/TAP device driver, 1.6
[STDOUT  ] 2017-09-21T20:36:02.102863124Z: [    5.525382] Fusion MPT SPI Host driver 3.04.20
[STDERR  ] 2017-09-21T20:36:02.102866623Z: [    5.512197] tun: (C) 1999-2004 Max Krasnyansky <maxk@qualcomm.com>
[STDERR  ] 2017-09-21T20:36:02.102878087Z: [    5.523365] VMware vmxnet3 virtual NIC driver - version 1.4.a.0-k-NAPI
[STDOUT  ] 2017-09-21T20:36:02.102879012Z: [    5.527309] i8042: PNP: PS/2 Controller [PNP0303:KBD,PNP0f13:MOU] at 0x60,0x64 irq 1,12
[STDERR  ] 2017-09-21T20:36:02.102889169Z: [    5.524218] hv_vmbus: registering driver hv_netvsc
[STDOUT  ] 2017-09-21T20:36:02.102896408Z: [    5.531763] serio: i8042 KBD port at 0x60,0x64 irq 1
[STDOUT  ] 2017-09-21T20:36:02.102908129Z: [    5.532369] serio: i8042 AUX port at 0x60,0x64 irq 12
[STDERR  ] 2017-09-21T20:36:02.102904933Z: [    5.524574] Fusion MPT base driver 3.04.20
[STDERR  ] 2017-09-21T20:36:02.102916174Z: [    5.524854] Copyright (c) 1999-2008 LSI Corporation
[STDOUT  ] 2017-09-21T20:36:02.102919356Z: [    5.535311] hv_vmbus: registering driver hyperv_keyboard
[STDERR  ] 2017-09-21T20:36:02.102927598Z: [    5.525382] Fusion MPT SPI Host driver 3.04.20
[STDOUT  ] 2017-09-21T20:36:02.102930636Z: [    5.537472] mousedev: PS/2 mouse device common for all mice
[STDERR  ] 2017-09-21T20:36:02.102939025Z: [    5.527309] i8042: PNP: PS/2 Controller [PNP0303:KBD,PNP0f13:MOU] at 0x60,0x64 irq 1,12
[STDOUT  ] 2017-09-21T20:36:02.102941918Z: [    5.542624] input: AT Translated Set 2 keyboard as /devices/platform/i8042/serio0/input/input1
[STDERR  ] 2017-09-21T20:36:02.102950925Z: [    5.531763] serio: i8042 KBD port at 0x60,0x64 irq 1
[STDOUT  ] 2017-09-21T20:36:02.102954081Z: [    5.545449] input: PC Speaker as /devices/platform/pcspkr/input/input2
[STDOUT  ] 2017-09-21T20:36:02.102965497Z: [    5.548969] rtc_cmos 00:00: RTC can wake from S4
[STDERR  ] 2017-09-21T20:36:02.102962262Z: [    5.532369] serio: i8042 AUX port at 0x60,0x64 irq 12
[STDERR  ] 2017-09-21T20:36:02.102973458Z: [    5.535311] hv_vmbus: registering driver hyperv_keyboard
[STDOUT  ] 2017-09-21T20:36:02.102979498Z: [    5.553664] rtc_cmos 00:00: rtc core: registered rtc_cmos as rtc0
[STDERR  ] 2017-09-21T20:36:02.10298458Z: [    5.537472] mousedev: PS/2 mouse device common for all mice
[STDOUT  ] 2017-09-21T20:36:02.102991337Z: [    5.555463] rtc_cmos 00:00: alarms up to one day, y3k, 114 bytes nvram, hpet irqs
[STDOUT  ] 2017-09-21T20:36:02.103002225Z: [    5.556555] i2c /dev entries driver
[STDERR  ] 2017-09-21T20:36:02.102995907Z: [    5.542624] input: AT Translated Set 2 keyboard as /devices/platform/i8042/serio0/input/input1
[STDERR  ] 2017-09-21T20:36:02.103010189Z: [    5.545449] input: PC Speaker as /devices/platform/pcspkr/input/input2
[STDOUT  ] 2017-09-21T20:36:02.103013412Z: [    5.559567] device-mapper: ioctl: 4.35.0-ioctl (2016-06-23) initialised: dm-devel@redhat.com
[STDOUT  ] 2017-09-21T20:36:02.103025302Z: [    5.567709] usbcore: registered new interface driver usbhid
[STDERR  ] 2017-09-21T20:36:02.103025644Z: [    5.548969] rtc_cmos 00:00: RTC can wake from S4
[STDERR  ] 2017-09-21T20:36:02.103038595Z: [    5.553664] rtc_cmos 00:00: rtc core: registered rtc_cmos as rtc0
[STDOUT  ] 2017-09-21T20:36:02.103036715Z: [    5.568352] usbhid: USB HID core driver
[STDOUT  ] 2017-09-21T20:36:02.103047852Z: [    5.569250] hv_utils: Registering HyperV Utility Driver
[STDERR  ] 2017-09-21T20:36:02.103049925Z: [    5.555463] rtc_cmos 00:00: alarms up to one day, y3k, 114 bytes nvram, hpet irqs
[STDOUT  ] 2017-09-21T20:36:02.103058989Z: [    5.569813] hv_vmbus: registering driver hv_util
[STDERR  ] 2017-09-21T20:36:02.103061082Z: [    5.556555] i2c /dev entries driver
[STDOUT  ] 2017-09-21T20:36:02.103070311Z: [    5.570977] hv_vmbus: registering driver hv_balloon
[STDERR  ] 2017-09-21T20:36:02.103072277Z: [    5.559567] device-mapper: ioctl: 4.35.0-ioctl (2016-06-23) initialised: dm-devel@redhat.com
[STDERR  ] 2017-09-21T20:36:02.103083797Z: [    5.567709] usbcore: registered new interface driver usbhid
[STDOUT  ] 2017-09-21T20:36:02.103081514Z: [    5.571982] oprofile: using NMI interrupt.
[STDOUT  ] 2017-09-21T20:36:02.103092703Z: [    5.573597] GACT probability on
[STDERR  ] 2017-09-21T20:36:02.103095163Z: [    5.568352] usbhid: USB HID core driver
[STDOUT  ] 2017-09-21T20:36:02.103104222Z: [    5.574304] Mirror/redirect action on
[STDERR  ] 2017-09-21T20:36:02.103106211Z: [    5.569250] hv_utils: Registering HyperV Utility Driver
[STDOUT  ] 2017-09-21T20:36:02.10311551Z: [    5.575588] Simple TC action Loaded
[STDERR  ] 2017-09-21T20:36:02.10311743Z: [    5.569813] hv_vmbus: registering driver hv_util
[STDOUT  ] 2017-09-21T20:36:02.103130886Z: [    5.576417] u32 classifier
[STDERR  ] 2017-09-21T20:36:02.103128562Z: [    5.570977] hv_vmbus: registering driver hv_balloon
[STDOUT  ] 2017-09-21T20:36:02.103142819Z: [    5.576726]     Performance counters on
[STDERR  ] 2017-09-21T20:36:02.103145411Z: [    5.571982] oprofile: using NMI interrupt.
[STDOUT  ] 2017-09-21T20:36:02.103154147Z: [    5.577130]     input device check on
[STDERR  ] 2017-09-21T20:36:02.103156957Z: [    5.573597] GACT probability on
[STDOUT  ] 2017-09-21T20:36:02.103165412Z: [    5.577521]     Actions configured
[STDERR  ] 2017-09-21T20:36:02.103168741Z: [    5.574304] Mirror/redirect action on
[STDOUT  ] 2017-09-21T20:36:02.103176689Z: [    5.578361] Netfilter messages via NETLINK v0.30.
[STDERR  ] 2017-09-21T20:36:02.103179931Z: [    5.575588] Simple TC action Loaded
[STDOUT  ] 2017-09-21T20:36:02.103187978Z: [    5.579214] nfnl_acct: registering with nfnetlink.
[STDERR  ] 2017-09-21T20:36:02.103191093Z: [    5.576417] u32 classifier
[STDOUT  ] 2017-09-21T20:36:02.103199631Z: [    5.581746] nf_conntrack version 0.5.0 (8192 buckets, 32768 max)
[STDERR  ] 2017-09-21T20:36:02.103202972Z: [    5.576726]     Performance counters on
[STDOUT  ] 2017-09-21T20:36:02.103211028Z: [    5.586735] ctnetlink v0.93: registering with nfnetlink.
[STDERR  ] 2017-09-21T20:36:02.103214553Z: [    5.577130]     input device check on
[STDOUT  ] 2017-09-21T20:36:02.103222139Z: [    5.592478] nf_tables: (c) 2007-2009 Patrick McHardy <kaber@trash.net>
[STDERR  ] 2017-09-21T20:36:02.103225779Z: [    5.577521]     Actions configured
[STDOUT  ] 2017-09-21T20:36:02.103233339Z: [    5.593805] nf_tables_compat: (c) 2012 Pablo Neira Ayuso <pablo@netfilter.org>
[STDERR  ] 2017-09-21T20:36:02.103236837Z: [    5.578361] Netfilter messages via NETLINK v0.30.
[STDOUT  ] 2017-09-21T20:36:02.103244593Z: [    5.597595] xt_time: kernel timezone is -0000
[STDERR  ] 2017-09-21T20:36:02.103247938Z: [    5.579214] nfnl_acct: registering with nfnetlink.
[STDOUT  ] 2017-09-21T20:36:02.103256045Z: [    5.598434] ip_set: protocol 6
[STDERR  ] 2017-09-21T20:36:02.103259186Z: [    5.581746] nf_conntrack version 0.5.0 (8192 buckets, 32768 max)
[STDOUT  ] 2017-09-21T20:36:02.103269199Z: [    5.599431] IPVS: Registered protocols (TCP, UDP, SCTP, AH, ESP)
[STDERR  ] 2017-09-21T20:36:02.103271135Z: [    5.586735] ctnetlink v0.93: registering with nfnetlink.
[STDOUT  ] 2017-09-21T20:36:02.103284181Z: [    5.600975] IPVS: Connection hash table configured (size=4096, memory=64Kbytes)
[STDERR  ] 2017-09-21T20:36:02.103286173Z: [    5.592478] nf_tables: (c) 2007-2009 Patrick McHardy <kaber@trash.net>
[STDOUT  ] 2017-09-21T20:36:02.10329578Z: [    5.603710] IPVS: Creating netns size=2104 id=0
[STDERR  ] 2017-09-21T20:36:02.103297452Z: [    5.593805] nf_tables_compat: (c) 2012 Pablo Neira Ayuso <pablo@netfilter.org>
[STDOUT  ] 2017-09-21T20:36:02.103307176Z: [    5.608177] IPVS: ipvs loaded.
[STDERR  ] 2017-09-21T20:36:02.103308962Z: [    5.597595] xt_time: kernel timezone is -0000
[STDERR  ] 2017-09-21T20:36:02.103320769Z: [    5.598434] ip_set: protocol 6
[STDOUT  ] 2017-09-21T20:36:02.103318774Z: [    5.608714] IPVS: [rr] scheduler registered.
[STDERR  ] 2017-09-21T20:36:02.103332087Z: [    5.599431] IPVS: Registered protocols (TCP, UDP, SCTP, AH, ESP)
[STDOUT  ] 2017-09-21T20:36:02.103335829Z: [    5.609261] IPVS: [wrr] scheduler registered.
[STDOUT  ] 2017-09-21T20:36:02.103346875Z: [    5.609732] IPVS: [lc] scheduler registered.
[STDERR  ] 2017-09-21T20:36:02.103343344Z: [    5.600975] IPVS: Connection hash table configured (size=4096, memory=64Kbytes)
[STDERR  ] 2017-09-21T20:36:02.103354933Z: [    5.603710] IPVS: Creating netns size=2104 id=0
[STDOUT  ] 2017-09-21T20:36:02.103358175Z: [    5.610892] IPVS: [wlc] scheduler registered.
[STDERR  ] 2017-09-21T20:36:02.103366093Z: [    5.608177] IPVS: ipvs loaded.
[STDOUT  ] 2017-09-21T20:36:02.103369413Z: [    5.611381] IPVS: [fo] scheduler registered.
[STDERR  ] 2017-09-21T20:36:02.103377588Z: [    5.608714] IPVS: [rr] scheduler registered.
[STDOUT  ] 2017-09-21T20:36:02.103384131Z: [    5.611833] IPVS: [ovf] scheduler registered.
[STDOUT  ] 2017-09-21T20:36:02.103395759Z: [    5.612479] IPVS: [lblc] scheduler registered.
[STDERR  ] 2017-09-21T20:36:02.1033978Z: [    5.609261] IPVS: [wrr] scheduler registered.
[STDOUT  ] 2017-09-21T20:36:02.103407555Z: [    5.613107] IPVS: [lblcr] scheduler registered.
[STDERR  ] 2017-09-21T20:36:02.10341761Z: [    5.609732] IPVS: [lc] scheduler registered.
[STDOUT  ] 2017-09-21T20:36:02.103418732Z: [    5.613616] IPVS: [dh] scheduler registered.
[STDOUT  ] 2017-09-21T20:36:02.103430526Z: [    5.614073] IPVS: [sh] scheduler registered.
[STDERR  ] 2017-09-21T20:36:02.103428743Z: [    5.610892] IPVS: [wlc] scheduler registered.
[STDERR  ] 2017-09-21T20:36:02.103440065Z: [    5.611381] IPVS: [fo] scheduler registered.
[STDOUT  ] 2017-09-21T20:36:02.103441585Z: [    5.614528] IPVS: [sed] scheduler registered.
[STDERR  ] 2017-09-21T20:36:02.103451174Z: [    5.611833] IPVS: [ovf] scheduler registered.
[STDOUT  ] 2017-09-21T20:36:02.103452929Z: [    5.614989] IPVS: [nq] scheduler registered.
[STDERR  ] 2017-09-21T20:36:02.103462389Z: [    5.612479] IPVS: [lblc] scheduler registered.
[STDOUT  ] 2017-09-21T20:36:02.103464218Z: [    5.616054] IPVS: ftp: loaded support on port[0] = 21
[STDERR  ] 2017-09-21T20:36:02.103473641Z: [    5.613107] IPVS: [lblcr] scheduler registered.
[STDOUT  ] 2017-09-21T20:36:02.103475499Z: [    5.617433] ipip: IPv4 and MPLS over IPv4 tunneling driver
[STDERR  ] 2017-09-21T20:36:02.103484762Z: [    5.613616] IPVS: [dh] scheduler registered.
[STDOUT  ] 2017-09-21T20:36:02.103491408Z: [    5.623288] gre: GRE over IPv4 demultiplexor driver
[STDERR  ] 2017-09-21T20:36:02.103495569Z: [    5.614073] IPVS: [sh] scheduler registered.
[STDERR  ] 2017-09-21T20:36:02.103506584Z: [    5.614528] IPVS: [sed] scheduler registered.
[STDERR  ] 2017-09-21T20:36:02.103517153Z: [    5.614989] IPVS: [nq] scheduler registered.
[STDERR  ] 2017-09-21T20:36:02.103527623Z: [    5.616054] IPVS: ftp: loaded support on port[0] = 21
[STDOUT  ] 2017-09-21T20:36:02.103507089Z: [    5.625923] ip_tables: (C) 2000-2006 Netfilter Core Team
[STDOUT  ] 2017-09-21T20:36:02.103552417Z: [    5.629066] ipt_CLUSTERIP: ClusterIP Version 0.8 loaded successfully
[STDERR  ] 2017-09-21T20:36:02.103550179Z: [    5.617433] ipip: IPv4 and MPLS over IPv4 tunneling driver
[STDOUT  ] 2017-09-21T20:36:02.103565318Z: [    5.629884] arp_tables: arp_tables: (C) 2002 David S. Miller
[STDERR  ] 2017-09-21T20:36:02.103566912Z: [    5.623288] gre: GRE over IPv4 demultiplexor driver
[STDOUT  ] 2017-09-21T20:36:02.103576779Z: [    5.632567] NET: Registered protocol family 10
[STDERR  ] 2017-09-21T20:36:02.103578723Z: [    5.625923] ip_tables: (C) 2000-2006 Netfilter Core Team
[STDOUT  ] 2017-09-21T20:36:02.103588176Z: [    5.642162] ip6_tables: (C) 2000-2006 Netfilter Core Team
[STDERR  ] 2017-09-21T20:36:02.103591688Z: [    5.629066] ipt_CLUSTERIP: ClusterIP Version 0.8 loaded successfully
[STDOUT  ] 2017-09-21T20:36:02.103599921Z: [    5.650629] NET: Registered protocol family 17
[STDERR  ] 2017-09-21T20:36:02.103603085Z: [    5.629884] arp_tables: arp_tables: (C) 2002 David S. Miller
[STDOUT  ] 2017-09-21T20:36:02.103611296Z: [    5.651646] Bridge firewalling registered
[STDERR  ] 2017-09-21T20:36:02.103614293Z: [    5.632567] NET: Registered protocol family 10
[STDERR  ] 2017-09-21T20:36:02.103625627Z: [    5.642162] ip6_tables: (C) 2000-2006 Netfilter Core Team
[STDOUT  ] 2017-09-21T20:36:02.103622624Z: [    5.652137] Ebtables v2.0 registered
[STDOUT  ] 2017-09-21T20:36:02.10363388Z: [    5.654013] 8021q: 802.1Q VLAN Support v1.8
[STDERR  ] 2017-09-21T20:36:02.103636949Z: [    5.650629] NET: Registered protocol family 17
[STDERR  ] 2017-09-21T20:36:02.10364846Z: [    5.651646] Bridge firewalling registered
[STDOUT  ] 2017-09-21T20:36:02.103645304Z: [    5.655393] 9pnet: Installing 9P2000 support
[STDOUT  ] 2017-09-21T20:36:02.103656525Z: [    5.656793] Key type dns_resolver registered
[STDERR  ] 2017-09-21T20:36:02.103659837Z: [    5.652137] Ebtables v2.0 registered
[STDOUT  ] 2017-09-21T20:36:02.103671907Z: [    5.657734] microcode: AMD CPU family 0x6 not supported
[STDERR  ] 2017-09-21T20:36:02.10367523Z: [    5.654013] 8021q: 802.1Q VLAN Support v1.8
[STDERR  ] 2017-09-21T20:36:02.103686587Z: [    5.655393] 9pnet: Installing 9P2000 support
[STDOUT  ] 2017-09-21T20:36:02.10368361Z: [    5.661874] registered taskstats version 1
[STDOUT  ] 2017-09-21T20:36:02.103694888Z: [    5.835470] ata2: SATA link down (SStatus 0 SControl 300)
[STDERR  ] 2017-09-21T20:36:02.103697975Z: [    5.656793] Key type dns_resolver registered
[STDOUT  ] 2017-09-21T20:36:02.103706199Z: [    5.837349] ata1: SATA link down (SStatus 0 SControl 300)
[STDERR  ] 2017-09-21T20:36:02.103713316Z: [    5.657734] microcode: AMD CPU family 0x6 not supported
[STDOUT  ] 2017-09-21T20:36:02.103717448Z: [    5.839069] Key type big_key registered
[STDERR  ] 2017-09-21T20:36:02.10372549Z: [    5.661874] registered taskstats version 1
[STDOUT  ] 2017-09-21T20:36:02.103728645Z: [    5.845515] ata5: SATA link down (SStatus 0 SControl 300)
[STDERR  ] 2017-09-21T20:36:02.103736782Z: [    5.835470] ata2: SATA link down (SStatus 0 SControl 300)
[STDOUT  ] 2017-09-21T20:36:02.10374005Z: [    5.846118] ata4: SATA link down (SStatus 0 SControl 300)
[STDERR  ] 2017-09-21T20:36:02.103748268Z: [    5.837349] ata1: SATA link down (SStatus 0 SControl 300)
[STDOUT  ] 2017-09-21T20:36:02.103751639Z: [    5.846834] ata3: SATA link up 1.5 Gbps (SStatus 113 SControl 300)
[STDERR  ] 2017-09-21T20:36:02.103759626Z: [    5.839069] Key type big_key registered
[STDOUT  ] 2017-09-21T20:36:02.103763086Z: [    5.850526] ata3.00: ATAPI: QEMU DVD-ROM, 2.5+, max UDMA/100
[STDERR  ] 2017-09-21T20:36:02.103770675Z: [    5.845515] ata5: SATA link down (SStatus 0 SControl 300)
[STDOUT  ] 2017-09-21T20:36:02.103774305Z: [    5.851017] ata3.00: applying bridge limits
[STDERR  ] 2017-09-21T20:36:02.103781427Z: [    5.846118] ata4: SATA link down (SStatus 0 SControl 300)
[STDOUT  ] 2017-09-21T20:36:02.103791355Z: [    5.852455] ata6: SATA link down (SStatus 0 SControl 300)
[STDERR  ] 2017-09-21T20:36:02.103793143Z: [    5.846834] ata3: SATA link up 1.5 Gbps (SStatus 113 SControl 300)
[STDERR  ] 2017-09-21T20:36:02.103804526Z: [    5.850526] ata3.00: ATAPI: QEMU DVD-ROM, 2.5+, max UDMA/100
[STDOUT  ] 2017-09-21T20:36:02.103802704Z: [    5.861307] ata3.00: configured for UDMA/100
[STDERR  ] 2017-09-21T20:36:02.103817108Z: [    5.851017] ata3.00: applying bridge limits
[STDOUT  ] 2017-09-21T20:36:02.103820542Z: [    5.881840] scsi 2:0:0:0: CD-ROM            QEMU     QEMU DVD-ROM     2.5+ PQ: 0 ANSI: 5
[STDERR  ] 2017-09-21T20:36:02.103833872Z: [    5.852455] ata6: SATA link down (SStatus 0 SControl 300)
[STDOUT  ] 2017-09-21T20:36:02.103835548Z: [    5.903548] sr 2:0:0:0: [sr0] scsi3-mmc drive: 4x/4x cd/rw xa/form2 tray
[STDERR  ] 2017-09-21T20:36:02.103845235Z: [    5.861307] ata3.00: configured for UDMA/100
[STDOUT  ] 2017-09-21T20:36:02.103847173Z: [    5.904207] cdrom: Uniform CD-ROM driver Revision: 3.20
[STDERR  ] 2017-09-21T20:36:02.103856366Z: [    5.881840] scsi 2:0:0:0: CD-ROM            QEMU     QEMU DVD-ROM     2.5+ PQ: 0 ANSI: 5
[STDOUT  ] 2017-09-21T20:36:02.103858589Z: [    5.914645] sr 2:0:0:0: Attached scsi generic sg0 type 5
[STDERR  ] 2017-09-21T20:36:02.103869261Z: [    5.903548] sr 2:0:0:0: [sr0] scsi3-mmc drive: 4x/4x cd/rw xa/form2 tray
[STDOUT  ] 2017-09-21T20:36:02.103870883Z: [    5.932351] Key type encrypted registered
[STDERR  ] 2017-09-21T20:36:02.103880486Z: [    5.904207] cdrom: Uniform CD-ROM driver Revision: 3.20
[STDOUT  ] 2017-09-21T20:36:02.103885595Z: [    5.936274] rtc_cmos 00:00: setting system clock to 2017-09-21 20:35:37 UTC (1506026137)
[STDERR  ] 2017-09-21T20:36:02.103891488Z: [    5.914645] sr 2:0:0:0: Attached scsi generic sg0 type 5
[STDOUT  ] 2017-09-21T20:36:02.103897587Z: [    6.089450] Freeing unused kernel memory: 1380K
[STDERR  ] 2017-09-21T20:36:02.103907692Z: [    5.932351] Key type encrypted registered
[STDOUT  ] 2017-09-21T20:36:02.1039089Z: [    6.089888] Write protecting the kernel read-only data: 12288k
[STDOUT  ] 2017-09-21T20:36:02.103920008Z: [    6.097055] Freeing unused kernel memory: 140K
[STDERR  ] 2017-09-21T20:36:02.103923058Z: [    5.936274] rtc_cmos 00:00: setting system clock to 2017-09-21 20:35:37 UTC (1506026137)
[STDOUT  ] 2017-09-21T20:36:02.103933761Z: [    6.218560] Freeing unused kernel memory: 1400K
[STDERR  ] 2017-09-21T20:36:02.103937953Z: [    6.089450] Freeing unused kernel memory: 1380K
[STDOUT  ] 2017-09-21T20:36:02.103944972Z: [    6.219364] tsc: Refined TSC clocksource calibration: 2300.041 MHz
[STDERR  ] 2017-09-21T20:36:02.103949215Z: [    6.089888] Write protecting the kernel read-only data: 12288k
[STDOUT  ] 2017-09-21T20:36:02.103957219Z: [    6.219866] clocksource: tsc: mask: 0xffffffffffffffff max_cycles: 0x21275bc6978, max_idle_ns: 440795241275 ns
[STDERR  ] 2017-09-21T20:36:02.103960379Z: [    6.097055] Freeing unused kernel memory: 140K
[STDOUT  ] 2017-09-21T20:36:02.10396959Z: [    7.241317] clocksource: Switched to clocksource tsc
[STDERR  ] 2017-09-21T20:36:02.10397151Z: [    6.218560] Freeing unused kernel memory: 1400K
[STDOUT  ] 2017-09-21T20:36:02.103980833Z: 
[STDERR  ] 2017-09-21T20:36:02.10398286Z: [    6.219364] tsc: Refined TSC clocksource calibration: 2300.041 MHz
[STDOUT  ] 2017-09-21T20:36:02.103992404Z: Welcome to LinuxKit
[STDERR  ] 2017-09-21T20:36:02.103994385Z: [    6.219866] clocksource: tsc: mask: 0xffffffffffffffff max_cycles: 0x21275bc6978, max_idle_ns: 440795241275 ns
[STDERR  ] 2017-09-21T20:36:02.104006025Z: [    7.241317] clocksource: Switched to clocksource tsc
[STDOUT  ] 2017-09-21T20:36:02.104003995Z: 
[STDOUT  ] 2017-09-21T20:36:02.104015394Z:                         ##         .
[STDERR  ] 2017-09-21T20:36:02.104017064Z: 
[STDOUT  ] 2017-09-21T20:36:02.104027252Z:                   ## ## ##        ==
[STDERR  ] 2017-09-21T20:36:02.104029089Z: Welcome to LinuxKit
[STDOUT  ] 2017-09-21T20:36:02.104038752Z:                ## ## ## ## ##    ===
[STDERR  ] 2017-09-21T20:36:02.104046953Z: 
[STDOUT  ] 2017-09-21T20:36:02.104052446Z:            /"""""""""""""""""\___/ ===
[STDERR  ] 2017-09-21T20:36:02.104058197Z:                         ##         .
[STDERR  ] 2017-09-21T20:36:02.104069729Z:                   ## ## ##        ==
[STDOUT  ] 2017-09-21T20:36:02.104066046Z:           {                       /  ===-
[STDOUT  ] 2017-09-21T20:36:02.104077881Z:            \______ O           __/
[STDERR  ] 2017-09-21T20:36:02.104085836Z:                ## ## ## ## ##    ===
[STDOUT  ] 2017-09-21T20:36:02.104089366Z:              \    \         __/
[STDERR  ] 2017-09-21T20:36:02.104097683Z:            /"""""""""""""""""\___/ ===
[STDOUT  ] 2017-09-21T20:36:02.104101068Z:               \____\_______/
[STDERR  ] 2017-09-21T20:36:02.104108739Z:           {                       /  ===-
[STDOUT  ] 2017-09-21T20:36:02.104114528Z: 
[STDERR  ] 2017-09-21T20:36:02.104119579Z:            \______ O           __/
[STDOUT  ] 2017-09-21T20:36:02.104126041Z: [   15.824471] 8021q: adding VLAN 0 to HW filter on device eth0
[STDERR  ] 2017-09-21T20:36:02.104131268Z:              \    \         __/
[STDOUT  ] 2017-09-21T20:36:02.10413706Z: eth0: waiting for carrier
[STDERR  ] 2017-09-21T20:36:02.104142524Z:               \____\_______/
[STDOUT  ] 2017-09-21T20:36:02.104153281Z: eth0: carrier acquired
[STDERR  ] 2017-09-21T20:36:02.104155083Z: 
[STDOUT  ] 2017-09-21T20:36:02.104164826Z: DUID 00:01:00:01:21:56:df:23:4a:fb:6f:66:d1:e3
[STDERR  ] 2017-09-21T20:36:02.10416656Z: [   15.824471] 8021q: adding VLAN 0 to HW filter on device eth0
[STDERR  ] 2017-09-21T20:36:02.104177779Z: eth0: waiting for carrier
[STDOUT  ] 2017-09-21T20:36:02.10418029Z: eth0: IAID 6f:66:d1:e3
[STDOUT  ] 2017-09-21T20:36:02.104191903Z: eth0: adding address fe80::89e5:334f:9111:5a0
[STDERR  ] 2017-09-21T20:36:02.104189628Z: eth0: carrier acquired
[STDOUT  ] 2017-09-21T20:36:02.104203385Z: eth0: soliciting an IPv6 router
[STDERR  ] 2017-09-21T20:36:02.104207415Z: DUID 00:01:00:01:21:56:df:23:4a:fb:6f:66:d1:e3
[STDOUT  ] 2017-09-21T20:36:02.104215497Z: eth0: soliciting a DHCP lease
[STDOUT  ] 2017-09-21T20:36:02.10422729Z: eth0: offered 10.0.2.15 from 10.0.2.2
[STDERR  ] 2017-09-21T20:36:02.104222538Z: eth0: IAID 6f:66:d1:e3
[STDOUT  ] 2017-09-21T20:36:02.104238665Z: eth0: leased 10.0.2.15 for 86400 seconds
[STDERR  ] 2017-09-21T20:36:02.104235288Z: eth0: adding address fe80::89e5:334f:9111:5a0
[STDERR  ] 2017-09-21T20:36:02.104246778Z: eth0: soliciting an IPv6 router
[STDOUT  ] 2017-09-21T20:36:02.104249978Z: eth0: adding route to 10.0.2.0/24
[STDERR  ] 2017-09-21T20:36:02.104258799Z: eth0: soliciting a DHCP lease
[STDOUT  ] 2017-09-21T20:36:02.104261473Z: eth0: adding default route via 10.0.2.2
[STDOUT  ] 2017-09-21T20:36:02.104272742Z: exiting due to oneshot
[STDERR  ] 2017-09-21T20:36:02.104270542Z: eth0: offered 10.0.2.15 from 10.0.2.2
[STDERR  ] 2017-09-21T20:36:02.104281645Z: eth0: leased 10.0.2.15 for 86400 seconds
[STDOUT  ] 2017-09-21T20:36:02.10428493Z: dhcpcd exited
[STDOUT  ] 2017-09-21T20:36:02.104296435Z: dhcpcd test suite PASSED
[STDERR  ] 2017-09-21T20:36:02.104292898Z: eth0: adding route to 10.0.2.0/24
[STDERR  ] 2017-09-21T20:36:02.104304801Z: eth0: adding default route via 10.0.2.2
[STDOUT  ] 2017-09-21T20:36:02.104308394Z: [   29.756272] ACPI: Preparing to enter system sleep state S5
[STDERR  ] 2017-09-21T20:36:02.104315766Z: exiting due to oneshot
[STDOUT  ] 2017-09-21T20:36:02.104319751Z: [   29.757630] reboot: Power down
[STDERR  ] 2017-09-21T20:36:02.104327027Z: dhcpcd exited
[STDERR  ] 2017-09-21T20:36:02.104337655Z: dhcpcd test suite PASSED
[STDERR  ] 2017-09-21T20:36:02.104349117Z: [   29.756272] ACPI: Preparing to enter system sleep state S5
[STDERR  ] 2017-09-21T20:36:02.104359902Z: [   29.757630] reboot: Power down
[STDERR  ] 2017-09-21T20:36:02.104371423Z: + echo [    0.000000] Linux version 4.9.51-linuxkit (root@3253c0754a54) (gcc version 6.3.0 (Alpine 6.3.0) ) #1 SMP Wed Sep 20 11:32:07 UTC 2017
[STDERR  ] 2017-09-21T20:36:02.104382954Z: [    0.000000] Command line: console=ttyS0 page_poison=1
[STDERR  ] 2017-09-21T20:36:02.104393533Z: [    0.000000] x86/fpu: Legacy x87 FPU detected.
[STDERR  ] 2017-09-21T20:36:02.104404133Z: [    0.000000] x86/fpu: Using 'eager' FPU context switches.
[STDERR  ] 2017-09-21T20:36:02.104414802Z: [    0.000000] e820: BIOS-provided physical RAM map:
[STDERR  ] 2017-09-21T20:36:02.104426516Z: [    0.000000] BIOS-e820: [mem 0x0000000000000000-0x000000000009fbff] usable
[STDERR  ] 2017-09-21T20:36:02.104445152Z: [    0.000000] BIOS-e820: [mem 0x000000000009fc00-0x000000000009ffff] reserved
[STDERR  ] 2017-09-21T20:36:02.104455326Z: [    0.000000] BIOS-e820: [mem 0x00000000000f0000-0x00000000000fffff] reserved
[STDERR  ] 2017-09-21T20:36:02.104466031Z: [    0.000000] BIOS-e820: [mem 0x0000000000100000-0x000000003ffdefff] usable
[STDERR  ] 2017-09-21T20:36:02.104483474Z: [    0.000000] BIOS-e820: [mem 0x000000003ffdf000-0x000000003fffffff] reserved
[STDERR  ] 2017-09-21T20:36:02.104496288Z: [    0.000000] BIOS-e820: [mem 0x00000000b0000000-0x00000000bfffffff] reserved
[STDERR  ] 2017-09-21T20:36:02.104507437Z: [    0.000000] BIOS-e820: [mem 0x00000000fed1c000-0x00000000fed1ffff] reserved
[STDERR  ] 2017-09-21T20:36:02.10451844Z: [    0.000000] BIOS-e820: [mem 0x00000000fffc0000-0x00000000ffffffff] reserved
[STDERR  ] 2017-09-21T20:36:02.104529356Z: [    0.000000] NX (Execute Disable) protection: active
[STDERR  ] 2017-09-21T20:36:02.104540786Z: [    0.000000] SMBIOS 2.8 present.
[STDERR  ] 2017-09-21T20:36:02.104552825Z: [    0.000000] e820: last_pfn = 0x3ffdf max_arch_pfn = 0x400000000
[STDERR  ] 2017-09-21T20:36:02.104563701Z: [    0.000000] x86/PAT: Configuration [0-7]: WB  WC  UC- UC  WB  WC  UC- WT  
[STDERR  ] 2017-09-21T20:36:02.10457481Z: [    0.000000] found SMP MP-table at [mem 0x000f6aa0-0x000f6aaf] mapped at [ffff9355800f6aa0]
[STDERR  ] 2017-09-21T20:36:02.104587028Z: [    0.000000] RAMDISK: [mem 0x3e71f000-0x3ffcffff]
[STDERR  ] 2017-09-21T20:36:02.104598353Z: [    0.000000] ACPI: Early table checksum verification disabled
[STDERR  ] 2017-09-21T20:36:02.104609348Z: [    0.000000] ACPI: RSDP 0x00000000000F68C0 000014 (v00 BOCHS )
[STDERR  ] 2017-09-21T20:36:02.104629702Z: [    0.000000] ACPI: RSDT 0x000000003FFE2404 000034 (v01 BOCHS  BXPCRSDT 00000001 BXPC 00000001)
[STDERR  ] 2017-09-21T20:36:02.104642252Z: [    0.000000] ACPI: FACP 0x000000003FFE22A4 000074 (v01 BOCHS  BXPCFACP 00000001 BXPC 00000001)
[STDERR  ] 2017-09-21T20:36:02.104653233Z: [    0.000000] ACPI: DSDT 0x000000003FFE0040 002264 (v01 BOCHS  BXPCDSDT 00000001 BXPC 00000001)
[STDERR  ] 2017-09-21T20:36:02.104671744Z: [    0.000000] ACPI: FACS 0x000000003FFE0000 000040
[STDERR  ] 2017-09-21T20:36:02.104682863Z: [    0.000000] ACPI: APIC 0x000000003FFE2318 000078 (v01 BOCHS  BXPCAPIC 00000001 BXPC 00000001)
[STDERR  ] 2017-09-21T20:36:02.104696956Z: [    0.000000] ACPI: HPET 0x000000003FFE2390 000038 (v01 BOCHS  BXPCHPET 00000001 BXPC 00000001)
[STDERR  ] 2017-09-21T20:36:02.104709222Z: [    0.000000] ACPI: MCFG 0x000000003FFE23C8 00003C (v01 BOCHS  BXPCMCFG 00000001 BXPC 00000001)
[STDERR  ] 2017-09-21T20:36:02.104721054Z: [    0.000000] Zone ranges:
[STDERR  ] 2017-09-21T20:36:02.104732074Z: [    0.000000]   DMA      [mem 0x0000000000001000-0x0000000000ffffff]
[STDERR  ] 2017-09-21T20:36:02.104742384Z: [    0.000000]   DMA32    [mem 0x0000000001000000-0x000000003ffdefff]
[STDERR  ] 2017-09-21T20:36:02.104752661Z: [    0.000000]   Normal   empty
[STDERR  ] 2017-09-21T20:36:02.104763995Z: [    0.000000] Movable zone start for each node
[STDERR  ] 2017-09-21T20:36:02.104774923Z: [    0.000000] Early memory node ranges
[STDERR  ] 2017-09-21T20:36:02.10478588Z: [    0.000000]   node   0: [mem 0x0000000000001000-0x000000000009efff]
[STDERR  ] 2017-09-21T20:36:02.104797154Z: [    0.000000]   node   0: [mem 0x0000000000100000-0x000000003ffdefff]
[STDERR  ] 2017-09-21T20:36:02.10480839Z: [    0.000000] Initmem setup node 0 [mem 0x0000000000001000-0x000000003ffdefff]
[STDERR  ] 2017-09-21T20:36:02.104819425Z: [    0.000000] ACPI: PM-Timer IO Port: 0x608
[STDERR  ] 2017-09-21T20:36:02.104836671Z: [    0.000000] ACPI: LAPIC_NMI (acpi_id[0xff] dfl dfl lint[0x1])
[STDERR  ] 2017-09-21T20:36:02.104847516Z: [    0.000000] IOAPIC[0]: apic_id 0, version 32, address 0xfec00000, GSI 0-23
[STDERR  ] 2017-09-21T20:36:02.104858551Z: [    0.000000] ACPI: INT_SRC_OVR (bus 0 bus_irq 0 global_irq 2 dfl dfl)
[STDERR  ] 2017-09-21T20:36:02.104869476Z: [    0.000000] ACPI: INT_SRC_OVR (bus 0 bus_irq 5 global_irq 5 high level)
[STDERR  ] 2017-09-21T20:36:02.104885615Z: [    0.000000] ACPI: INT_SRC_OVR (bus 0 bus_irq 9 global_irq 9 high level)
[STDERR  ] 2017-09-21T20:36:02.104897295Z: [    0.000000] ACPI: INT_SRC_OVR (bus 0 bus_irq 10 global_irq 10 high level)
[STDERR  ] 2017-09-21T20:36:02.104908417Z: [    0.000000] ACPI: INT_SRC_OVR (bus 0 bus_irq 11 global_irq 11 high level)
[STDERR  ] 2017-09-21T20:36:02.104925289Z: [    0.000000] Using ACPI (MADT) for SMP configuration information
[STDERR  ] 2017-09-21T20:36:02.104936649Z: [    0.000000] ACPI: HPET id: 0x8086a201 base: 0xfed00000
[STDERR  ] 2017-09-21T20:36:02.104948009Z: [    0.000000] smpboot: Allowing 1 CPUs, 0 hotplug CPUs
[STDERR  ] 2017-09-21T20:36:02.104960669Z: [    0.000000] e820: [mem 0x40000000-0xafffffff] available for PCI devices
[STDERR  ] 2017-09-21T20:36:02.104972481Z: [    0.000000] Booting paravirtualized kernel on bare hardware
[STDERR  ] 2017-09-21T20:36:02.104983804Z: [    0.000000] clocksource: refined-jiffies: mask: 0xffffffff max_cycles: 0xffffffff, max_idle_ns: 19112604462750000 ns
[STDERR  ] 2017-09-21T20:36:02.104995409Z: [    0.000000] setup_percpu: NR_CPUS:128 nr_cpumask_bits:128 nr_cpu_ids:1 nr_node_ids:1
[STDERR  ] 2017-09-21T20:36:02.105007325Z: [    0.000000] percpu: Embedded 35 pages/cpu @ffff9355be400000 s105240 r8192 d29928 u2097152
[STDERR  ] 2017-09-21T20:36:02.105019014Z: [    0.000000] Built 1 zonelists in Zone order, mobility grouping on.  Total pages: 257896
[STDERR  ] 2017-09-21T20:36:02.105030278Z: [    0.000000] Kernel command line: console=ttyS0 page_poison=1
[STDERR  ] 2017-09-21T20:36:02.105041462Z: [    0.000000] PID hash table entries: 4096 (order: 3, 32768 bytes)
[STDERR  ] 2017-09-21T20:36:02.105062723Z: [    0.000000] Dentry cache hash table entries: 131072 (order: 8, 1048576 bytes)
[STDERR  ] 2017-09-21T20:36:02.105074139Z: [    0.000000] Inode-cache hash table entries: 65536 (order: 7, 524288 bytes)
[STDERR  ] 2017-09-21T20:36:02.105085424Z: [    0.000000] Memory: 988888K/1048052K available (8036K kernel code, 1367K rwdata, 2696K rodata, 1380K init, 568K bss, 59164K reserved, 0K cma-reserved)
[STDERR  ] 2017-09-21T20:36:02.105096825Z: [    0.000000] Hierarchical RCU implementation.
[STDERR  ] 2017-09-21T20:36:02.105107979Z: [    0.000000] 	Build-time adjustment of leaf fanout to 64.
[STDERR  ] 2017-09-21T20:36:02.105119122Z: [    0.000000] 	RCU restricting CPUs from NR_CPUS=128 to nr_cpu_ids=1.
[STDERR  ] 2017-09-21T20:36:02.10513037Z: [    0.000000] RCU: Adjusting geometry for rcu_fanout_leaf=64, nr_cpu_ids=1
[STDERR  ] 2017-09-21T20:36:02.105141466Z: [    0.000000] NR_IRQS:8448 nr_irqs:256 16
[STDERR  ] 2017-09-21T20:36:02.105152659Z: [    0.000000] Console: colour VGA+ 80x25
[STDERR  ] 2017-09-21T20:36:02.10516381Z: [    0.000000] console [ttyS0] enabled
[STDERR  ] 2017-09-21T20:36:02.105174934Z: [    0.000000] allocated 2097152 bytes of page_ext
[STDERR  ] 2017-09-21T20:36:02.105186047Z: [    0.000000] clocksource: hpet: mask: 0xffffffff max_cycles: 0xffffffff, max_idle_ns: 19112604467 ns
[STDERR  ] 2017-09-21T20:36:02.105197285Z: [    0.000000] tsc: Fast TSC calibration using PIT
[STDERR  ] 2017-09-21T20:36:02.105208438Z: [    0.000000] tsc: Detected 2300.123 MHz processor
[STDERR  ] 2017-09-21T20:36:02.105219469Z: [    0.021349] Calibrating delay loop (skipped), value calculated using timer frequency.. 4600.24 BogoMIPS (lpj=23001230)
[STDERR  ] 2017-09-21T20:36:02.105230815Z: [    0.022507] pid_max: default: 32768 minimum: 301
[STDERR  ] 2017-09-21T20:36:02.105241903Z: [    0.023642] ACPI: Core revision 20160831
[STDERR  ] 2017-09-21T20:36:02.10525301Z: [    0.071283] ACPI: 1 ACPI AML tables successfully acquired and loaded
[STDERR  ] 2017-09-21T20:36:02.105264201Z: [    0.074572] Security Framework initialized
[STDERR  ] 2017-09-21T20:36:02.105282242Z: [    0.074968] Yama: becoming mindful.
[STDERR  ] 2017-09-21T20:36:02.105293532Z: [    0.076878] Mount-cache hash table entries: 2048 (order: 2, 16384 bytes)
[STDERR  ] 2017-09-21T20:36:02.105307729Z: [    0.077427] Mountpoint-cache hash table entries: 2048 (order: 2, 16384 bytes)
[STDERR  ] 2017-09-21T20:36:02.105326401Z: [    0.096757] Last level iTLB entries: 4KB 0, 2MB 0, 4MB 0
[STDERR  ] 2017-09-21T20:36:02.105338115Z: [    0.097236] Last level dTLB entries: 4KB 0, 2MB 0, 4MB 0, 1GB 0
[STDERR  ] 2017-09-21T20:36:02.105349328Z: [    0.453654] Freeing SMP alternatives memory: 20K
[STDERR  ] 2017-09-21T20:36:02.10536061Z: [    0.462515] ftrace: allocating 35528 entries in 139 pages
[STDERR  ] 2017-09-21T20:36:02.105371894Z: [    0.632277] smpboot: Max logical packages: 1
[STDERR  ] 2017-09-21T20:36:02.105383169Z: [    0.637543] ..TIMER: vector=0x30 apic1=0 pin1=2 apic2=-1 pin2=-1
[STDERR  ] 2017-09-21T20:36:02.105394324Z: [    0.740000] smpboot: CPU0: AMD QEMU Virtual CPU version 2.5+ (family: 0x6, model: 0x6, stepping: 0x3)
[STDERR  ] 2017-09-21T20:36:02.105405757Z: [    0.740000] Performance Events: PMU not available due to virtualization, using software events only.
[STDERR  ] 2017-09-21T20:36:02.105417103Z: [    0.747230] NMI watchdog: disabled (cpu0): hardware events not enabled
[STDERR  ] 2017-09-21T20:36:02.105428408Z: [    0.747737] NMI watchdog: Shutting down hard lockup detector on all cpus
[STDERR  ] 2017-09-21T20:36:02.105439731Z: [    0.750483] x86: Booted up 1 node, 1 CPUs
[STDERR  ] 2017-09-21T20:36:02.105450973Z: [    0.750855] smpboot: Total of 1 processors activated (4600.24 BogoMIPS)
[STDERR  ] 2017-09-21T20:36:02.105462106Z: [    0.765617] devtmpfs: initialized
[STDERR  ] 2017-09-21T20:36:02.105473222Z: [    0.770385] x86/mm: Memory block size: 128MB
[STDERR  ] 2017-09-21T20:36:02.105484471Z: [    0.836019] clocksource: jiffies: mask: 0xffffffff max_cycles: 0xffffffff, max_idle_ns: 19112604462750000 ns
[STDERR  ] 2017-09-21T20:36:02.105505038Z: [    0.836908] futex hash table entries: 256 (order: 2, 16384 bytes)
[STDERR  ] 2017-09-21T20:36:02.105516277Z: [    0.844875] NET: Registered protocol family 16
[STDERR  ] 2017-09-21T20:36:02.105527366Z: [    0.854779] cpuidle: using governor ladder
[STDERR  ] 2017-09-21T20:36:02.105538422Z: [    0.855229] cpuidle: using governor menu
[STDERR  ] 2017-09-21T20:36:02.105549495Z: [    0.856356] ACPI: bus type PCI registered
[STDERR  ] 2017-09-21T20:36:02.105560566Z: [    0.859082] PCI: MMCONFIG for domain 0000 [bus 00-ff] at [mem 0xb0000000-0xbfffffff] (base 0xb0000000)
[STDERR  ] 2017-09-21T20:36:02.105571792Z: [    0.860135] PCI: MMCONFIG at [mem 0xb0000000-0xbfffffff] reserved in E820
[STDERR  ] 2017-09-21T20:36:02.105582937Z: [    0.861434] PCI: Using configuration type 1 for base access
[STDERR  ] 2017-09-21T20:36:02.105594045Z: [    0.939317] HugeTLB registered 2 MB page size, pre-allocated 0 pages
[STDERR  ] 2017-09-21T20:36:02.105605193Z: [    0.956374] ACPI: Added _OSI(Module Device)
[STDERR  ] 2017-09-21T20:36:02.105616274Z: [    0.956943] ACPI: Added _OSI(Processor Device)
[STDERR  ] 2017-09-21T20:36:02.105632296Z: [    0.957419] ACPI: Added _OSI(3.0 _SCP Extensions)
[STDERR  ] 2017-09-21T20:36:02.105643377Z: [    0.957910] ACPI: Added _OSI(Processor Aggregator Device)
[STDERR  ] 2017-09-21T20:36:02.105654593Z: [    1.055913] ACPI: Interpreter enabled
[STDERR  ] 2017-09-21T20:36:02.105665875Z: [    1.056731] ACPI: (supports S0 S5)
[STDERR  ] 2017-09-21T20:36:02.105676999Z: [    1.057030] ACPI: Using IOAPIC for interrupt routing
[STDERR  ] 2017-09-21T20:36:02.105688251Z: [    1.058869] PCI: Using host bridge windows from ACPI; if necessary, use "pci=nocrs" and report a bug
[STDERR  ] 2017-09-21T20:36:02.105705699Z: [    1.122158] ACPI: PCI Root Bridge [PCI0] (domain 0000 [bus 00-ff])
[STDERR  ] 2017-09-21T20:36:02.105717185Z: [    1.123098] acpi PNP0A08:00: _OSC: OS supports [ExtendedConfig ASPM ClockPM Segments MSI]
[STDERR  ] 2017-09-21T20:36:02.105728584Z: [    1.128737] acpi PNP0A08:00: _OSC: OS now controls [PCIeHotplug PME PCIeCapability]
[STDERR  ] 2017-09-21T20:36:02.105741565Z: [    1.132516] PCI host bridge to bus 0000:00
[STDERR  ] 2017-09-21T20:36:02.105753146Z: [    1.132951] pci_bus 0000:00: root bus resource [io  0x0000-0x0cf7 window]
[STDERR  ] 2017-09-21T20:36:02.105768206Z: [    1.133441] pci_bus 0000:00: root bus resource [io  0x0d00-0xffff window]
[STDERR  ] 2017-09-21T20:36:02.105784202Z: [    1.133896] pci_bus 0000:00: root bus resource [mem 0x000a0000-0x000bffff window]
[STDERR  ] 2017-09-21T20:36:02.105794245Z: [    1.134393] pci_bus 0000:00: root bus resource [mem 0xc0000000-0xfebfffff window]
[STDERR  ] 2017-09-21T20:36:02.105804631Z: [    1.135057] pci_bus 0000:00: root bus resource [bus 00-ff]
[STDERR  ] 2017-09-21T20:36:02.105815375Z: [    1.245574] pci 0000:00:1f.0: quirk: [io  0x0600-0x067f] claimed by ICH6 ACPI/GPIO/TCO
[STDERR  ] 2017-09-21T20:36:02.105826321Z: [    1.308903] ACPI: PCI Interrupt Link [LNKA] (IRQs 5 *10 11)
[STDERR  ] 2017-09-21T20:36:02.105836671Z: [    1.311736] ACPI: PCI Interrupt Link [LNKB] (IRQs 5 *10 11)
[STDERR  ] 2017-09-21T20:36:02.105846869Z: [    1.313422] ACPI: PCI Interrupt Link [LNKC] (IRQs 5 10 *11)
[STDERR  ] 2017-09-21T20:36:02.105857466Z: [    1.315166] ACPI: PCI Interrupt Link [LNKD] (IRQs 5 10 *11)
[STDERR  ] 2017-09-21T20:36:02.105868177Z: [    1.316856] ACPI: PCI Interrupt Link [LNKE] (IRQs 5 *10 11)
[STDERR  ] 2017-09-21T20:36:02.10587923Z: [    1.318545] ACPI: PCI Interrupt Link [LNKF] (IRQs 5 *10 11)
[STDERR  ] 2017-09-21T20:36:02.105897056Z: [    1.320460] ACPI: PCI Interrupt Link [LNKG] (IRQs 5 10 *11)
[STDERR  ] 2017-09-21T20:36:02.10591221Z: [    1.322162] ACPI: PCI Interrupt Link [LNKH] (IRQs 5 10 *11)
[STDERR  ] 2017-09-21T20:36:02.105922575Z: [    1.322976] ACPI: PCI Interrupt Link [GSIA] (IRQs *16)
[STDERR  ] 2017-09-21T20:36:02.105932846Z: [    1.323598] ACPI: PCI Interrupt Link [GSIB] (IRQs *17)
[STDERR  ] 2017-09-21T20:36:02.105943246Z: [    1.324197] ACPI: PCI Interrupt Link [GSIC] (IRQs *18)
[STDERR  ] 2017-09-21T20:36:02.10595792Z: [    1.324862] ACPI: PCI Interrupt Link [GSID] (IRQs *19)
[STDERR  ] 2017-09-21T20:36:02.105968479Z: [    1.325462] ACPI: PCI Interrupt Link [GSIE] (IRQs *20)
[STDERR  ] 2017-09-21T20:36:02.105978854Z: [    1.326058] ACPI: PCI Interrupt Link [GSIF] (IRQs *21)
[STDERR  ] 2017-09-21T20:36:02.105989076Z: [    1.326659] ACPI: PCI Interrupt Link [GSIG] (IRQs *22)
[STDERR  ] 2017-09-21T20:36:02.105999658Z: [    1.327256] ACPI: PCI Interrupt Link [GSIH] (IRQs *23)
[STDERR  ] 2017-09-21T20:36:02.106010486Z: [    1.331030] ACPI: Enabled 2 GPEs in block 00 to 3F
[STDERR  ] 2017-09-21T20:36:02.106021052Z: [    1.335352] SCSI subsystem initialized
[STDERR  ] 2017-09-21T20:36:02.106031463Z: [    1.337806] ACPI: bus type USB registered
[STDERR  ] 2017-09-21T20:36:02.10604231Z: [    1.338883] usbcore: registered new interface driver usbfs
[STDERR  ] 2017-09-21T20:36:02.10605587Z: [    1.339762] usbcore: registered new interface driver hub
[STDERR  ] 2017-09-21T20:36:02.106067007Z: [    1.340488] usbcore: registered new device driver usb
[STDERR  ] 2017-09-21T20:36:02.10607774Z: [    1.341605] pps_core: LinuxPPS API ver. 1 registered
[STDERR  ] 2017-09-21T20:36:02.106089006Z: [    1.341954] pps_core: Software ver. 5.3.6 - Copyright 2005-2007 Rodolfo Giometti <giometti@linux.it>
[STDERR  ] 2017-09-21T20:36:02.106100556Z: [    1.342663] PTP clock support registered
[STDERR  ] 2017-09-21T20:36:02.106111565Z: [    1.343789] wmi: Mapper loaded
[STDERR  ] 2017-09-21T20:36:02.10612294Z: [    1.344928] PCI: Using ACPI for IRQ routing
[STDERR  ] 2017-09-21T20:36:02.106133676Z: [    1.364583] NetLabel: Initializing
[STDERR  ] 2017-09-21T20:36:02.106144838Z: [    1.364885] NetLabel:  domain hash size = 128
[STDERR  ] 2017-09-21T20:36:02.106156283Z: [    1.365185] NetLabel:  protocols = UNLABELED CIPSOv4
[STDERR  ] 2017-09-21T20:36:02.106167254Z: [    1.366970] NetLabel:  unlabeled traffic allowed by default
[STDERR  ] 2017-09-21T20:36:02.106178397Z: [    1.367940] HPET: 3 timers in total, 0 timers will be used for per-cpu timer
[STDERR  ] 2017-09-21T20:36:02.106189375Z: [    1.368673] hpet0: at MMIO 0xfed00000, IRQs 2, 8, 0
[STDERR  ] 2017-09-21T20:36:02.106200611Z: [    1.369142] hpet0: 3 comparators, 64-bit 100.000000 MHz counter
[STDERR  ] 2017-09-21T20:36:02.106220067Z: [    1.374722] clocksource: Switched to clocksource hpet
[STDERR  ] 2017-09-21T20:36:02.106236394Z: [    1.640517] VFS: Disk quotas dquot_6.6.0
[STDERR  ] 2017-09-21T20:36:02.106303626Z: [    1.641253] VFS: Dquot-cache hash table entries: 512 (order 0, 4096 bytes)
[STDERR  ] 2017-09-21T20:36:02.106315518Z: [    1.643858] FS-Cache: Loaded
[STDERR  ] 2017-09-21T20:36:02.106327379Z: [    1.648639] CacheFiles: Loaded
[STDERR  ] 2017-09-21T20:36:02.106338827Z: [    1.650512] pnp: PnP ACPI init
[STDERR  ] 2017-09-21T20:36:02.106354935Z: [    1.662438] pnp: PnP ACPI: found 5 devices
[STDERR  ] 2017-09-21T20:36:02.106366382Z: [    1.713002] clocksource: acpi_pm: mask: 0xffffff max_cycles: 0xffffff, max_idle_ns: 2085701024 ns
[STDERR  ] 2017-09-21T20:36:02.106378596Z: [    1.715850] NET: Registered protocol family 2
[STDERR  ] 2017-09-21T20:36:02.106389904Z: [    1.723212] TCP established hash table entries: 8192 (order: 4, 65536 bytes)
[STDERR  ] 2017-09-21T20:36:02.106401272Z: [    1.723978] TCP bind hash table entries: 8192 (order: 5, 131072 bytes)
[STDERR  ] 2017-09-21T20:36:02.10641263Z: [    1.724646] TCP: Hash tables configured (established 8192 bind 8192)
[STDERR  ] 2017-09-21T20:36:02.106423959Z: [    1.726546] UDP hash table entries: 512 (order: 2, 16384 bytes)
[STDERR  ] 2017-09-21T20:36:02.106471505Z: [    1.727096] UDP-Lite hash table entries: 512 (order: 2, 16384 bytes)
[STDERR  ] 2017-09-21T20:36:02.106485515Z: [    1.729474] NET: Registered protocol family 1
[STDERR  ] 2017-09-21T20:36:02.106497073Z: [    1.730625] pci 0000:00:01.0: Video device with shadowed ROM at [mem 0x000c0000-0x000dffff]
[STDERR  ] 2017-09-21T20:36:02.106509102Z: [    1.737438] Unpacking initramfs...
[STDERR  ] 2017-09-21T20:36:02.106526316Z: [    5.146812] Freeing initrd memory: 25284K
[STDERR  ] 2017-09-21T20:36:02.10653815Z: [    5.171952] PCLMULQDQ-NI instructions are not detected.
[STDERR  ] 2017-09-21T20:36:02.10654951Z: [    5.173094] AVX or AES-NI instructions are not detected.
[STDERR  ] 2017-09-21T20:36:02.106560862Z: [    5.173536] CPU feature 'AVX registers' is not supported.
[STDERR  ] 2017-09-21T20:36:02.106572025Z: [    5.173933] CPU feature 'AVX registers' is not supported.
[STDERR  ] 2017-09-21T20:36:02.106583205Z: [    5.174383] CPU feature 'AVX registers' is not supported.
[STDERR  ] 2017-09-21T20:36:02.106594417Z: [    5.174818] CPU feature 'AVX registers' is not supported.
[STDERR  ] 2017-09-21T20:36:02.106642054Z: [    5.175213] AVX2 or AES-NI instructions are not detected.
[STDERR  ] 2017-09-21T20:36:02.106653884Z: [    5.175604] AVX2 instructions are not detected.
[STDERR  ] 2017-09-21T20:36:02.106665144Z: [    5.182493] audit: initializing netlink subsys (disabled)
[STDERR  ] 2017-09-21T20:36:02.106676709Z: [    5.184055] audit: type=2000 audit(1506026136.180:1): initialized
[STDERR  ] 2017-09-21T20:36:02.106688144Z: [    5.194164] workingset: timestamp_bits=46 max_order=18 bucket_order=0
[STDERR  ] 2017-09-21T20:36:02.106699408Z: [    5.200882] FS-Cache: Netfs 'cifs' registered for caching
[STDERR  ] 2017-09-21T20:36:02.106710699Z: [    5.201847] fuse init (API version 7.26)
[STDERR  ] 2017-09-21T20:36:02.106722094Z: [    5.204139] SGI XFS with ACLs, security attributes, no debug enabled
[STDERR  ] 2017-09-21T20:36:02.106733371Z: [    5.208367] 9p: Installing v9fs 9p2000 file system support
[STDERR  ] 2017-09-21T20:36:02.106744517Z: [    5.208892] FS-Cache: Netfs '9p' registered for caching
[STDERR  ] 2017-09-21T20:36:02.106755693Z: [    5.242526] NET: Registered protocol family 38
[STDERR  ] 2017-09-21T20:36:02.106766936Z: [    5.243114] Key type asymmetric registered
[STDERR  ] 2017-09-21T20:36:02.106805422Z: [    5.243456] Asymmetric key parser 'x509' registered
[STDERR  ] 2017-09-21T20:36:02.10681686Z: [    5.244264] Block layer SCSI generic (bsg) driver version 0.4 loaded (major 251)
[STDERR  ] 2017-09-21T20:36:02.106828352Z: [    5.245508] io scheduler noop registered
[STDERR  ] 2017-09-21T20:36:02.106839625Z: [    5.245834] io scheduler deadline registered (default)
[STDERR  ] 2017-09-21T20:36:02.106850876Z: [    5.246622] io scheduler cfq registered
[STDERR  ] 2017-09-21T20:36:02.106868954Z: [    5.249673] pci_hotplug: PCI Hot Plug PCI Core version: 0.5
[STDERR  ] 2017-09-21T20:36:02.106880249Z: [    5.252160] pciehp: PCI Express Hot Plug Controller Driver version: 0.4
[STDERR  ] 2017-09-21T20:36:02.106891732Z: [    5.253008] shpchp: Standard Hot Plug PCI Controller Driver version: 0.4
[STDERR  ] 2017-09-21T20:36:02.106902997Z: [    5.253851] hv_vmbus: registering driver hyperv_fb
[STDERR  ] 2017-09-21T20:36:02.106919471Z: [    5.256847] input: Power Button as /devices/LNXSYSTM:00/LNXPWRBN:00/input/input0
[STDERR  ] 2017-09-21T20:36:02.106930849Z: [    5.257890] ACPI: Power Button [PWRF]
[STDERR  ] 2017-09-21T20:36:02.106961697Z: [    5.263397] GHES: HEST is not enabled!
[STDERR  ] 2017-09-21T20:36:02.106973231Z: [    5.274937] ACPI: PCI Interrupt Link [GSIG] enabled at IRQ 22
[STDERR  ] 2017-09-21T20:36:02.106984711Z: [    5.287773] ACPI: PCI Interrupt Link [GSIH] enabled at IRQ 23
[STDERR  ] 2017-09-21T20:36:02.106996123Z: [    5.292264] xenfs: not registering filesystem on non-xen platform
[STDERR  ] 2017-09-21T20:36:02.107007583Z: [    5.294290] Serial: 8250/16550 driver, 4 ports, IRQ sharing disabled
[STDERR  ] 2017-09-21T20:36:02.107019024Z: [    5.321091] 00:04: ttyS0 at I/O 0x3f8 (irq = 4, base_baud = 115200) is a 16550A
[STDERR  ] 2017-09-21T20:36:02.10703851Z: [    5.332073] Non-volatile memory driver v1.3
[STDERR  ] 2017-09-21T20:36:02.107050108Z: [    5.338028] Hangcheck: starting hangcheck timer 0.9.1 (tick is 180 seconds, margin is 60 seconds).
[STDERR  ] 2017-09-21T20:36:02.107061648Z: [    5.343384] random: fast init done
[STDERR  ] 2017-09-21T20:36:02.107073078Z: [    5.344529] random: crng init done
[STDERR  ] 2017-09-21T20:36:02.107088516Z: [    5.380454] loop: module loaded
[STDERR  ] 2017-09-21T20:36:02.10711837Z: [    5.398908] nbd: registered device at major 43
[STDERR  ] 2017-09-21T20:36:02.107131668Z: [    5.441678] lpc_ich 0000:00:1f.0: I/O space for GPIO uninitialized
[STDERR  ] 2017-09-21T20:36:02.107143048Z: [    5.443314] VMware PVSCSI driver - version 1.0.7.0-k
[STDERR  ] 2017-09-21T20:36:02.107154464Z: [    5.444003] hv_vmbus: registering driver hv_storvsc
[STDERR  ] 2017-09-21T20:36:02.107165968Z: [    5.454308] ACPI: PCI Interrupt Link [GSIA] enabled at IRQ 16
[STDERR  ] 2017-09-21T20:36:02.107177287Z: [    5.460695] ahci 0000:00:1f.2: AHCI 0001.0000 32 slots 6 ports 1.5 Gbps 0x3f impl SATA mode
[STDERR  ] 2017-09-21T20:36:02.107189681Z: [    5.461404] ahci 0000:00:1f.2: flags: 64bit ncq only 
[STDERR  ] 2017-09-21T20:36:02.107200976Z: [    5.482215] scsi host0: ahci
[STDERR  ] 2017-09-21T20:36:02.107212672Z: [    5.485777] scsi host1: ahci
[STDERR  ] 2017-09-21T20:36:02.107224597Z: [    5.487962] scsi host2: ahci
[STDERR  ] 2017-09-21T20:36:02.107236312Z: [    5.490481] scsi host3: ahci
[STDERR  ] 2017-09-21T20:36:02.107247639Z: [    5.492643] scsi host4: ahci
[STDERR  ] 2017-09-21T20:36:02.10726174Z: [    5.494778] scsi host5: ahci
[STDERR  ] 2017-09-21T20:36:02.107289632Z: [    5.496624] ata1: SATA max UDMA/133 abar m4096@0xfebd2000 port 0xfebd2100 irq 24
[STDERR  ] 2017-09-21T20:36:02.107301106Z: [    5.497250] ata2: SATA max UDMA/133 abar m4096@0xfebd2000 port 0xfebd2180 irq 24
