[INFO    ] 2018-01-02T15:19:29.345634289Z: Running Test linuxkit.packages.format_mount.multiple in /tmp/build/test/cases/040_packages/006_format_mount/010_multiple
[INFO    ] 2018-01-02T15:19:29.345759033Z: Running command: [/bin/sh -x /tmp/build/test/cases/040_packages/006_format_mount/010_multiple/test.sh]
[STDERR  ] 2018-01-02T15:19:29.370857256Z: + set -e
[STDERR  ] 2018-01-02T15:19:29.370946292Z: + . /tmp/build/test/cases/_lib/lib.sh
[STDERR  ] 2018-01-02T15:19:29.370962347Z: + [ -f src/github.com/linuxkit/rtf/lib/lib.sh ]
[STDERR  ] 2018-01-02T15:19:29.37097638Z: + LINUXKIT_TMPDIR=/tmp/build/test/cases/_tmp
[STDERR  ] 2018-01-02T15:19:29.3709997Z: + [ -f /tmp/build/test/cases/_tmp/env.sh ]
[STDERR  ] 2018-01-02T15:19:29.371012082Z: + . /tmp/build/test/cases/_tmp/env.sh
[STDERR  ] 2018-01-02T15:19:29.371022892Z: + export LINUXKIT_EXAMPLES_DIR=/tmp/build/test/cases/../../examples
[STDERR  ] 2018-01-02T15:19:29.37103414Z: + export LINUXKIT_BLUEPRINTS_DIR=/tmp/build/test/cases/../../blueprints
[STDERR  ] 2018-01-02T15:19:29.37104454Z: + RT_CANCEL=253
[STDERR  ] 2018-01-02T15:19:29.371055854Z: + NAME=test-format
[STDERR  ] 2018-01-02T15:19:29.371066416Z: + DISK1=disk1.img
[STDERR  ] 2018-01-02T15:19:29.371094457Z: + DISK2=disk2.img
[STDERR  ] 2018-01-02T15:19:29.371104857Z: + trap clean_up EXIT
[STDERR  ] 2018-01-02T15:19:29.371116599Z: + linuxkit build -format kernel+initrd -name test-format test.yml
[STDERR  ] 2018-01-02T15:19:29.406896631Z: Extract kernel image: linuxkit/kernel:4.9.70
[STDERR  ] 2018-01-02T15:19:30.599887378Z: time="2018-01-02T15:19:30Z" level=warning msg="certificate with CN Justin Cormack is near expiry" 
[STDERR  ] 2018-01-02T15:19:30.59995673Z: time="2018-01-02T15:19:30Z" level=warning msg="certificate with CN  is near expiry" 
[STDERR  ] 2018-01-02T15:19:30.600021583Z: time="2018-01-02T15:19:30Z" level=warning msg="certificate with CN  is near expiry" 
[STDERR  ] 2018-01-02T15:19:30.642581302Z: time="2018-01-02T15:19:30Z" level=warning msg="certificate with CN Justin Cormack is near expiry" 
[STDERR  ] 2018-01-02T15:19:31.041858555Z: Add init containers:
[STDERR  ] 2018-01-02T15:19:31.041909039Z: Process init image: linuxkit/init:9250948d0de494df8a811edb3242b4584057cfe4
[STDERR  ] 2018-01-02T15:19:32.06942693Z: time="2018-01-02T15:19:32Z" level=warning msg="certificate with CN  is near expiry" 
[STDERR  ] 2018-01-02T15:19:32.069822922Z: time="2018-01-02T15:19:32Z" level=warning msg="certificate with CN Justin Cormack is near expiry" 
[STDERR  ] 2018-01-02T15:19:32.070030962Z: time="2018-01-02T15:19:32Z" level=warning msg="certificate with CN  is near expiry" 
[STDERR  ] 2018-01-02T15:19:32.076344793Z: time="2018-01-02T15:19:32Z" level=warning msg="certificate with CN Justin Cormack is near expiry" 
[STDERR  ] 2018-01-02T15:19:32.078622098Z: time="2018-01-02T15:19:32Z" level=warning msg="certificate with CN  is near expiry" 
[STDERR  ] 2018-01-02T15:19:32.302828384Z: Process init image: linuxkit/runc:abc3f292653e64a2fd488e9675ace19a55ec7023
[STDERR  ] 2018-01-02T15:19:33.371486891Z: time="2018-01-02T15:19:33Z" level=warning msg="certificate with CN  is near expiry" 
[STDERR  ] 2018-01-02T15:19:33.371535387Z: time="2018-01-02T15:19:33Z" level=warning msg="certificate with CN  is near expiry" 
[STDERR  ] 2018-01-02T15:19:33.371771258Z: time="2018-01-02T15:19:33Z" level=warning msg="certificate with CN Justin Cormack is near expiry" 
[STDERR  ] 2018-01-02T15:19:33.374135815Z: time="2018-01-02T15:19:33Z" level=warning msg="certificate with CN Justin Cormack is near expiry" 
[STDERR  ] 2018-01-02T15:19:33.375531403Z: time="2018-01-02T15:19:33Z" level=warning msg="certificate with CN  is near expiry" 
[STDERR  ] 2018-01-02T15:19:33.547919661Z: Add onboot containers:
[STDERR  ] 2018-01-02T15:19:33.547957225Z:   Create OCI config for linuxkit/format:e945016ec780a788a71dcddc81497d54d3b14bc7
[STDERR  ] 2018-01-02T15:19:34.581773363Z: time="2018-01-02T15:19:34Z" level=warning msg="certificate with CN Justin Cormack is near expiry" 
[STDERR  ] 2018-01-02T15:19:34.581964133Z: time="2018-01-02T15:19:34Z" level=warning msg="certificate with CN Rolf Neugebauer is near expiry" 
[STDERR  ] 2018-01-02T15:19:34.582044042Z: time="2018-01-02T15:19:34Z" level=warning msg="certificate with CN  is near expiry" 
[STDERR  ] 2018-01-02T15:19:34.582146383Z: time="2018-01-02T15:19:34Z" level=warning msg="certificate with CN  is near expiry" 
[STDERR  ] 2018-01-02T15:19:34.584611291Z: time="2018-01-02T15:19:34Z" level=warning msg="certificate with CN Justin Cormack is near expiry" 
[STDERR  ] 2018-01-02T15:19:34.586259568Z: time="2018-01-02T15:19:34Z" level=warning msg="certificate with CN Rolf Neugebauer is near expiry" 
[STDERR  ] 2018-01-02T15:19:34.587561469Z: time="2018-01-02T15:19:34Z" level=warning msg="certificate with CN  is near expiry" 
[STDERR  ] 2018-01-02T15:19:34.992313512Z:   Create OCI config for linuxkit/format:e945016ec780a788a71dcddc81497d54d3b14bc7
[STDERR  ] 2018-01-02T15:19:36.028152046Z: time="2018-01-02T15:19:36Z" level=warning msg="certificate with CN Justin Cormack is near expiry" 
[STDERR  ] 2018-01-02T15:19:36.028349896Z: time="2018-01-02T15:19:36Z" level=warning msg="certificate with CN Rolf Neugebauer is near expiry" 
[STDERR  ] 2018-01-02T15:19:36.028467274Z: time="2018-01-02T15:19:36Z" level=warning msg="certificate with CN  is near expiry" 
[STDERR  ] 2018-01-02T15:19:36.028528949Z: time="2018-01-02T15:19:36Z" level=warning msg="certificate with CN  is near expiry" 
[STDERR  ] 2018-01-02T15:19:36.03188829Z: time="2018-01-02T15:19:36Z" level=warning msg="certificate with CN Justin Cormack is near expiry" 
[STDERR  ] 2018-01-02T15:19:36.034578877Z: time="2018-01-02T15:19:36Z" level=warning msg="certificate with CN Rolf Neugebauer is near expiry" 
[STDERR  ] 2018-01-02T15:19:36.035542077Z: time="2018-01-02T15:19:36Z" level=warning msg="certificate with CN  is near expiry" 
[STDERR  ] 2018-01-02T15:19:36.417081089Z:   Create OCI config for linuxkit/mount:b346ec277b7074e5c9986128a879c10a1d18742b
[STDERR  ] 2018-01-02T15:19:37.453649184Z: time="2018-01-02T15:19:37Z" level=warning msg="certificate with CN Justin Cormack is near expiry" 
[STDERR  ] 2018-01-02T15:19:37.453766835Z: time="2018-01-02T15:19:37Z" level=warning msg="certificate with CN Rolf Neugebauer is near expiry" 
[STDERR  ] 2018-01-02T15:19:37.453852868Z: time="2018-01-02T15:19:37Z" level=warning msg="certificate with CN  is near expiry" 
[STDERR  ] 2018-01-02T15:19:37.453988695Z: time="2018-01-02T15:19:37Z" level=warning msg="certificate with CN  is near expiry" 
[STDERR  ] 2018-01-02T15:19:37.456082418Z: time="2018-01-02T15:19:37Z" level=warning msg="certificate with CN Justin Cormack is near expiry" 
[STDERR  ] 2018-01-02T15:19:37.457728456Z: time="2018-01-02T15:19:37Z" level=warning msg="certificate with CN Rolf Neugebauer is near expiry" 
[STDERR  ] 2018-01-02T15:19:37.45882783Z: time="2018-01-02T15:19:37Z" level=warning msg="certificate with CN  is near expiry" 
[STDERR  ] 2018-01-02T15:19:37.863089528Z:   Create OCI config for linuxkit/mount:b346ec277b7074e5c9986128a879c10a1d18742b
[STDERR  ] 2018-01-02T15:19:38.90196614Z: time="2018-01-02T15:19:38Z" level=warning msg="certificate with CN Justin Cormack is near expiry" 
[STDERR  ] 2018-01-02T15:19:38.902150386Z: time="2018-01-02T15:19:38Z" level=warning msg="certificate with CN Rolf Neugebauer is near expiry" 
[STDERR  ] 2018-01-02T15:19:38.902241818Z: time="2018-01-02T15:19:38Z" level=warning msg="certificate with CN  is near expiry" 
[STDERR  ] 2018-01-02T15:19:38.902286028Z: time="2018-01-02T15:19:38Z" level=warning msg="certificate with CN  is near expiry" 
[STDERR  ] 2018-01-02T15:19:38.904206955Z: time="2018-01-02T15:19:38Z" level=warning msg="certificate with CN Justin Cormack is near expiry" 
[STDERR  ] 2018-01-02T15:19:38.905523939Z: time="2018-01-02T15:19:38Z" level=warning msg="certificate with CN Rolf Neugebauer is near expiry" 
[STDERR  ] 2018-01-02T15:19:38.906357803Z: time="2018-01-02T15:19:38Z" level=warning msg="certificate with CN  is near expiry" 
[STDERR  ] 2018-01-02T15:19:39.276835929Z:   Create OCI config for alpine:3.7
[STDERR  ] 2018-01-02T15:19:40.475899633Z:   Create OCI config for linuxkit/poweroff:bccfe1cb04fc7bb9f03613d2314f38abd2620f29
[STDERR  ] 2018-01-02T15:19:41.569632391Z: time="2018-01-02T15:19:41Z" level=warning msg="certificate with CN  is near expiry" 
[STDERR  ] 2018-01-02T15:19:41.569772736Z: time="2018-01-02T15:19:41Z" level=warning msg="certificate with CN  is near expiry" 
[STDERR  ] 2018-01-02T15:19:41.569954212Z: time="2018-01-02T15:19:41Z" level=warning msg="certificate with CN Justin Cormack is near expiry" 
[STDERR  ] 2018-01-02T15:19:41.57010074Z: time="2018-01-02T15:19:41Z" level=warning msg="certificate with CN Rolf Neugebauer is near expiry" 
[STDERR  ] 2018-01-02T15:19:41.571721541Z: time="2018-01-02T15:19:41Z" level=warning msg="certificate with CN Rolf Neugebauer is near expiry" 
[STDERR  ] 2018-01-02T15:19:41.572469083Z: time="2018-01-02T15:19:41Z" level=warning msg="certificate with CN  is near expiry" 
[STDERR  ] 2018-01-02T15:19:41.754524286Z: Add files:
[STDERR  ] 2018-01-02T15:19:41.7545617Z:   check.sh
[STDERR  ] 2018-01-02T15:19:41.793152918Z: Create outputs:
[STDERR  ] 2018-01-02T15:19:49.842055258Z:   test-format-kernel test-format-initrd.img test-format-cmdline
[STDERR  ] 2018-01-02T15:19:49.917775645Z: + linuxkit run -disk file=disk1.img,size=512M -disk file=disk2.img,size=512M test-format
[STDERR  ] 2018-01-02T15:19:49.942487478Z: Unable to find qemu-system-x86_64 within the $PATH. Using a container
[STDERR  ] 2018-01-02T15:20:53.334003328Z: + RESULT=[    0.000000] Linux version 4.9.70-linuxkit (root@76d0ab89f7bc) (gcc version 6.4.0 (Alpine 6.4.0) ) #1 SMP Mon Dec 18 14:18:58 UTC 2017
[STDERR  ] 2018-01-02T15:20:53.334074068Z: [    0.000000] Command line: console=ttyS0 console=ttyAMA0
[STDERR  ] 2018-01-02T15:20:53.334086625Z: [    0.000000] x86/fpu: Legacy x87 FPU detected.
[STDERR  ] 2018-01-02T15:20:53.334098545Z: [    0.000000] x86/fpu: Using 'eager' FPU context switches.
[STDERR  ] 2018-01-02T15:20:53.334109672Z: [    0.000000] e820: BIOS-provided physical RAM map:
[STDERR  ] 2018-01-02T15:20:53.334120537Z: [    0.000000] BIOS-e820: [mem 0x0000000000000000-0x000000000009fbff] usable
[STDERR  ] 2018-01-02T15:20:53.334132318Z: [    0.000000] BIOS-e820: [mem 0x000000000009fc00-0x000000000009ffff] reserved
[STDERR  ] 2018-01-02T15:20:53.334142604Z: [    0.000000] BIOS-e820: [mem 0x00000000000f0000-0x00000000000fffff] reserved
[STDERR  ] 2018-01-02T15:20:53.334153025Z: [    0.000000] BIOS-e820: [mem 0x0000000000100000-0x000000003ffddfff] usable
[STDERR  ] 2018-01-02T15:20:53.334171377Z: [    0.000000] BIOS-e820: [mem 0x000000003ffde000-0x000000003fffffff] reserved
[STDERR  ] 2018-01-02T15:20:53.334181614Z: [    0.000000] BIOS-e820: [mem 0x00000000b0000000-0x00000000bfffffff] reserved
[STDERR  ] 2018-01-02T15:20:53.334191405Z: [    0.000000] BIOS-e820: [mem 0x00000000fed1c000-0x00000000fed1ffff] reserved
[STDERR  ] 2018-01-02T15:20:53.334201349Z: [    0.000000] BIOS-e820: [mem 0x00000000fffc0000-0x00000000ffffffff] reserved
[STDERR  ] 2018-01-02T15:20:53.334211162Z: [    0.000000] NX (Execute Disable) protection: active
[STDERR  ] 2018-01-02T15:20:53.334222376Z: [    0.000000] SMBIOS 2.8 present.
[STDERR  ] 2018-01-02T15:20:53.334232982Z: [    0.000000] e820: last_pfn = 0x3ffde max_arch_pfn = 0x400000000
[STDERR  ] 2018-01-02T15:20:53.334243258Z: [    0.000000] x86/PAT: Configuration [0-7]: WB  WC  UC- UC  WB  WC  UC- WT  
[STDERR  ] 2018-01-02T15:20:53.334253239Z: [    0.000000] found SMP MP-table at [mem 0x000f6aa0-0x000f6aaf] mapped at [ffff8eba400f6aa0]
[STDERR  ] 2018-01-02T15:20:53.334263693Z: [    0.000000] RAMDISK: [mem 0x3d7f9000-0x3ffcffff]
[STDERR  ] 2018-01-02T15:20:53.334273773Z: [    0.000000] ACPI: Early table checksum verification disabled
[STDERR  ] 2018-01-02T15:20:53.334283909Z: [    0.000000] ACPI: RSDP 0x00000000000F68B0 000014 (v00 BOCHS )
[STDERR  ] 2018-01-02T15:20:53.334293618Z: [    0.000000] ACPI: RSDT 0x000000003FFE20A8 000034 (v01 BOCHS  BXPCRSDT 00000001 BXPC 00000001)
[STDERR  ] 2018-01-02T15:20:53.334377368Z: [    0.000000] ACPI: FACP 0x000000003FFE1EC8 0000F4 (v03 BOCHS  BXPCFACP 00000001 BXPC 00000001)
[STDERR  ] 2018-01-02T15:20:53.334388012Z: [    0.000000] ACPI: DSDT 0x000000003FFE0040 001E88 (v01 BOCHS  BXPCDSDT 00000001 BXPC 00000001)
[STDERR  ] 2018-01-02T15:20:53.33441374Z: [    0.000000] ACPI: FACS 0x000000003FFE0000 000040
[STDERR  ] 2018-01-02T15:20:53.334425988Z: [    0.000000] ACPI: APIC 0x000000003FFE1FBC 000078 (v01 BOCHS  BXPCAPIC 00000001 BXPC 00000001)
[STDERR  ] 2018-01-02T15:20:53.334436336Z: [    0.000000] ACPI: HPET 0x000000003FFE2034 000038 (v01 BOCHS  BXPCHPET 00000001 BXPC 00000001)
[STDERR  ] 2018-01-02T15:20:53.334446476Z: [    0.000000] ACPI: MCFG 0x000000003FFE206C 00003C (v01 BOCHS  BXPCMCFG 00000001 BXPC 00000001)
[STDERR  ] 2018-01-02T15:20:53.334456443Z: [    0.000000] Zone ranges:
[STDERR  ] 2018-01-02T15:20:53.33446699Z: [    0.000000]   DMA      [mem 0x0000000000001000-0x0000000000ffffff]
[STDERR  ] 2018-01-02T15:20:53.334477191Z: [    0.000000]   DMA32    [mem 0x0000000001000000-0x000000003ffddfff]
[STDERR  ] 2018-01-02T15:20:53.334487373Z: [    0.000000]   Normal   empty
[STDERR  ] 2018-01-02T15:20:53.334497564Z: [    0.000000] Movable zone start for each node
[STDERR  ] 2018-01-02T15:20:53.334511246Z: [    0.000000] Early memory node ranges
[STDERR  ] 2018-01-02T15:20:53.334530557Z: [    0.000000]   node   0: [mem 0x0000000000001000-0x000000000009efff]
[STDERR  ] 2018-01-02T15:20:53.334543783Z: [    0.000000]   node   0: [mem 0x0000000000100000-0x000000003ffddfff]
[STDERR  ] 2018-01-02T15:20:53.334553431Z: [    0.000000] Initmem setup node 0 [mem 0x0000000000001000-0x000000003ffddfff]
[STDERR  ] 2018-01-02T15:20:53.334562546Z: [    0.000000] ACPI: PM-Timer IO Port: 0x608
[STDERR  ] 2018-01-02T15:20:53.334572106Z: [    0.000000] ACPI: LAPIC_NMI (acpi_id[0xff] dfl dfl lint[0x1])
[STDERR  ] 2018-01-02T15:20:53.334581675Z: [    0.000000] IOAPIC[0]: apic_id 0, version 32, address 0xfec00000, GSI 0-23
[STDERR  ] 2018-01-02T15:20:53.334591036Z: [    0.000000] ACPI: INT_SRC_OVR (bus 0 bus_irq 0 global_irq 2 dfl dfl)
[STDERR  ] 2018-01-02T15:20:53.334600209Z: [    0.000000] ACPI: INT_SRC_OVR (bus 0 bus_irq 5 global_irq 5 high level)
[STDERR  ] 2018-01-02T15:20:53.3346095Z: [    0.000000] ACPI: INT_SRC_OVR (bus 0 bus_irq 9 global_irq 9 high level)
[STDERR  ] 2018-01-02T15:20:53.334618893Z: [    0.000000] ACPI: INT_SRC_OVR (bus 0 bus_irq 10 global_irq 10 high level)
[STDERR  ] 2018-01-02T15:20:53.334628649Z: [    0.000000] ACPI: INT_SRC_OVR (bus 0 bus_irq 11 global_irq 11 high level)
[STDERR  ] 2018-01-02T15:20:53.334637873Z: [    0.000000] Using ACPI (MADT) for SMP configuration information
[STDERR  ] 2018-01-02T15:20:53.334647589Z: [    0.000000] ACPI: HPET id: 0x8086a201 base: 0xfed00000
[STDERR  ] 2018-01-02T15:20:53.334658042Z: [    0.000000] smpboot: Allowing 1 CPUs, 0 hotplug CPUs
[STDERR  ] 2018-01-02T15:20:53.334668402Z: [    0.000000] e820: [mem 0x40000000-0xafffffff] available for PCI devices
[STDERR  ] 2018-01-02T15:20:53.334681456Z: [    0.000000] Booting paravirtualized kernel on bare hardware
[STDERR  ] 2018-01-02T15:20:53.334691054Z: [    0.000000] clocksource: refined-jiffies: mask: 0xffffffff max_cycles: 0xffffffff, max_idle_ns: 19112604462750000 ns
[STDERR  ] 2018-01-02T15:20:53.334700871Z: [    0.000000] setup_percpu: NR_CPUS:128 nr_cpumask_bits:128 nr_cpu_ids:1 nr_node_ids:1
[STDERR  ] 2018-01-02T15:20:53.334710214Z: [    0.000000] percpu: Embedded 35 pages/cpu @ffff8eba7d400000 s105048 r8192 d30120 u2097152
[STDERR  ] 2018-01-02T15:20:53.334719236Z: [    0.000000] Built 1 zonelists in Zone order, mobility grouping on.  Total pages: 257895
[STDERR  ] 2018-01-02T15:20:53.334728394Z: [    0.000000] Kernel command line: console=ttyS0 console=ttyAMA0
[STDERR  ] 2018-01-02T15:20:53.334737864Z: [    0.000000] PID hash table entries: 4096 (order: 3, 32768 bytes)
[STDERR  ] 2018-01-02T15:20:53.334751604Z: [    0.000000] Dentry cache hash table entries: 131072 (order: 8, 1048576 bytes)
[STDERR  ] 2018-01-02T15:20:53.334760756Z: [    0.000000] Inode-cache hash table entries: 65536 (order: 7, 524288 bytes)
[STDERR  ] 2018-01-02T15:20:53.334769018Z: [    0.000000] Memory: 973372K/1048048K available (8048K kernel code, 1367K rwdata, 2700K rodata, 1380K init, 568K bss, 74676K reserved, 0K cma-reserved)
[STDERR  ] 2018-01-02T15:20:53.334785603Z: [    0.000000] Hierarchical RCU implementation.
[STDERR  ] 2018-01-02T15:20:53.334795518Z: [    0.000000] 	Build-time adjustment of leaf fanout to 64.
[STDERR  ] 2018-01-02T15:20:53.334808223Z: [    0.000000] 	RCU restricting CPUs from NR_CPUS=128 to nr_cpu_ids=1.
[STDERR  ] 2018-01-02T15:20:53.3348175Z: [    0.000000] RCU: Adjusting geometry for rcu_fanout_leaf=64, nr_cpu_ids=1
[STDERR  ] 2018-01-02T15:20:53.334826401Z: [    0.000000] NR_IRQS:8448 nr_irqs:256 16
[STDERR  ] 2018-01-02T15:20:53.334835467Z: [    0.000000] Console: colour VGA+ 80x25
[STDERR  ] 2018-01-02T15:20:53.334847708Z: [    0.000000] console [ttyS0] enabled
[STDERR  ] 2018-01-02T15:20:53.334857627Z: [    0.000000] clocksource: hpet: mask: 0xffffffff max_cycles: 0xffffffff, max_idle_ns: 19112604467 ns
[STDERR  ] 2018-01-02T15:20:53.334866916Z: [    0.000000] tsc: Fast TSC calibration using PIT
[STDERR  ] 2018-01-02T15:20:53.334894528Z: [    0.000000] tsc: Detected 2599.992 MHz processor
[STDERR  ] 2018-01-02T15:20:53.334902832Z: [    0.011520] Calibrating delay loop (skipped), value calculated using timer frequency.. 5199.98 BogoMIPS (lpj=25999920)
[STDERR  ] 2018-01-02T15:20:53.334928604Z: [    0.012611] pid_max: default: 32768 minimum: 301
[STDERR  ] 2018-01-02T15:20:53.334938595Z: [    0.020535] ACPI: Core revision 20160831
[STDERR  ] 2018-01-02T15:20:53.334948111Z: [    0.050166] ACPI: 1 ACPI AML tables successfully acquired and loaded
[STDERR  ] 2018-01-02T15:20:53.334956967Z: [    0.054814] Security Framework initialized
[STDERR  ] 2018-01-02T15:20:53.334966021Z: [    0.055259] Yama: becoming mindful.
[STDERR  ] 2018-01-02T15:20:53.334975801Z: [    0.057317] Mount-cache hash table entries: 2048 (order: 2, 16384 bytes)
[STDERR  ] 2018-01-02T15:20:53.334985867Z: [    0.057774] Mountpoint-cache hash table entries: 2048 (order: 2, 16384 bytes)
[STDERR  ] 2018-01-02T15:20:53.334995219Z: [    0.079519] Last level iTLB entries: 4KB 0, 2MB 0, 4MB 0
[STDERR  ] 2018-01-02T15:20:53.335009964Z: [    0.079907] Last level dTLB entries: 4KB 0, 2MB 0, 4MB 0, 1GB 0
[STDERR  ] 2018-01-02T15:20:53.335019515Z: [    0.446475] Freeing SMP alternatives memory: 20K
[STDERR  ] 2018-01-02T15:20:53.335028154Z: [    0.455627] ftrace: allocating 35540 entries in 139 pages
[STDERR  ] 2018-01-02T15:20:53.335036061Z: [    0.525377] smpboot: Max logical packages: 1
[STDERR  ] 2018-01-02T15:20:53.335044549Z: [    0.533641] ..TIMER: vector=0x30 apic1=0 pin1=2 apic2=-1 pin2=-1
[STDERR  ] 2018-01-02T15:20:53.335052752Z: [    0.640000] smpboot: CPU0: AMD QEMU Virtual CPU version 2.5+ (family: 0x6, model: 0x6, stepping: 0x3)
[STDERR  ] 2018-01-02T15:20:53.335061469Z: [    0.640000] Performance Events: PMU not available due to virtualization, using software events only.
[STDERR  ] 2018-01-02T15:20:53.335069507Z: [    0.650179] NMI watchdog: disabled (cpu0): hardware events not enabled
[STDERR  ] 2018-01-02T15:20:53.335087162Z: [    0.650714] NMI watchdog: Shutting down hard lockup detector on all cpus
[STDERR  ] 2018-01-02T15:20:53.33509733Z: [    0.654432] x86: Booted up 1 node, 1 CPUs
[STDERR  ] 2018-01-02T15:20:53.335107065Z: [    0.654869] smpboot: Total of 1 processors activated (5199.98 BogoMIPS)
[STDERR  ] 2018-01-02T15:20:53.33511673Z: [    0.672345] devtmpfs: initialized
[STDERR  ] 2018-01-02T15:20:53.335126513Z: [    0.678458] x86/mm: Memory block size: 128MB
[STDERR  ] 2018-01-02T15:20:53.33513932Z: [    0.712853] clocksource: jiffies: mask: 0xffffffff max_cycles: 0xffffffff, max_idle_ns: 19112604462750000 ns
[STDERR  ] 2018-01-02T15:20:53.33514959Z: [    0.713741] futex hash table entries: 256 (order: 2, 16384 bytes)
[STDERR  ] 2018-01-02T15:20:53.335158443Z: [    0.724909] NET: Registered protocol family 16
[STDERR  ] 2018-01-02T15:20:53.335167335Z: [    0.736710] cpuidle: using governor ladder
[STDERR  ] 2018-01-02T15:20:53.33517635Z: [    0.737225] cpuidle: using governor menu
[STDERR  ] 2018-01-02T15:20:53.335185253Z: [    0.738485] ACPI: bus type PCI registered
[STDERR  ] 2018-01-02T15:20:53.33519955Z: [    0.742055] PCI: MMCONFIG for domain 0000 [bus 00-ff] at [mem 0xb0000000-0xbfffffff] (base 0xb0000000)
[STDERR  ] 2018-01-02T15:20:53.33520977Z: [    0.742870] PCI: MMCONFIG at [mem 0xb0000000-0xbfffffff] reserved in E820
[STDERR  ] 2018-01-02T15:20:53.335222793Z: [    0.743761] PCI: Using configuration type 1 for base access
[STDERR  ] 2018-01-02T15:20:53.335232447Z: [    0.799818] HugeTLB registered 2 MB page size, pre-allocated 0 pages
[STDERR  ] 2018-01-02T15:20:53.33524136Z: [    0.812767] ACPI: Added _OSI(Module Device)
[STDERR  ] 2018-01-02T15:20:53.335254287Z: [    0.813062] ACPI: Added _OSI(Processor Device)
[STDERR  ] 2018-01-02T15:20:53.335263252Z: [    0.813470] ACPI: Added _OSI(3.0 _SCP Extensions)
[STDERR  ] 2018-01-02T15:20:53.335271835Z: [    0.813758] ACPI: Added _OSI(Processor Aggregator Device)
[STDERR  ] 2018-01-02T15:20:53.335280533Z: [    0.871430] ACPI: Interpreter enabled
[STDERR  ] 2018-01-02T15:20:53.335289387Z: [    0.872462] ACPI: (supports S0 S5)
[STDERR  ] 2018-01-02T15:20:53.335305112Z: [    0.872795] ACPI: Using IOAPIC for interrupt routing
[STDERR  ] 2018-01-02T15:20:53.335320119Z: [    0.875512] PCI: Using host bridge windows from ACPI; if necessary, use "pci=nocrs" and report a bug
[STDERR  ] 2018-01-02T15:20:53.335329538Z: [    0.932129] ACPI: PCI Root Bridge [PCI0] (domain 0000 [bus 00-ff])
[STDERR  ] 2018-01-02T15:20:53.335338329Z: [    0.933272] acpi PNP0A08:00: _OSC: OS supports [ExtendedConfig ASPM ClockPM Segments MSI]
[STDERR  ] 2018-01-02T15:20:53.335349812Z: [    0.938868] acpi PNP0A08:00: _OSC: OS now controls [PCIeHotplug PME PCIeCapability]
[STDERR  ] 2018-01-02T15:20:53.335359533Z: [    0.942989] PCI host bridge to bus 0000:00
[STDERR  ] 2018-01-02T15:20:53.335368669Z: [    0.943424] pci_bus 0000:00: root bus resource [io  0x0000-0x0cf7 window]
[STDERR  ] 2018-01-02T15:20:53.335377102Z: [    0.943779] pci_bus 0000:00: root bus resource [io  0x0d00-0xffff window]
[STDERR  ] 2018-01-02T15:20:53.335388208Z: [    0.944141] pci_bus 0000:00: root bus resource [mem 0x000a0000-0x000bffff window]
[STDERR  ] 2018-01-02T15:20:53.335396883Z: [    0.944626] pci_bus 0000:00: root bus resource [mem 0xc0000000-0xfebfffff window]
[STDERR  ] 2018-01-02T15:20:53.335405171Z: [    0.945235] pci_bus 0000:00: root bus resource [bus 00-ff]
[STDERR  ] 2018-01-02T15:20:53.335413844Z: [    1.085875] pci 0000:00:1f.0: quirk: [io  0x0600-0x067f] claimed by ICH6 ACPI/GPIO/TCO
[STDERR  ] 2018-01-02T15:20:53.335422543Z: [    1.170200] ACPI: PCI Interrupt Link [LNKA] (IRQs 5 *10 11)
[STDERR  ] 2018-01-02T15:20:53.335431101Z: [    1.173194] ACPI: PCI Interrupt Link [LNKB] (IRQs 5 *10 11)
[STDERR  ] 2018-01-02T15:20:53.335439479Z: [    1.174946] ACPI: PCI Interrupt Link [LNKC] (IRQs 5 10 *11)
[STDERR  ] 2018-01-02T15:20:53.335447858Z: [    1.176559] ACPI: PCI Interrupt Link [LNKD] (IRQs 5 10 *11)
[STDERR  ] 2018-01-02T15:20:53.335456081Z: [    1.177954] ACPI: PCI Interrupt Link [LNKE] (IRQs 5 *10 11)
[STDERR  ] 2018-01-02T15:20:53.335464588Z: [    1.179375] ACPI: PCI Interrupt Link [LNKF] (IRQs 5 *10 11)
[STDERR  ] 2018-01-02T15:20:53.335473068Z: [    1.181616] ACPI: PCI Interrupt Link [LNKG] (IRQs 5 10 *11)
[STDERR  ] 2018-01-02T15:20:53.335485281Z: [    1.182990] ACPI: PCI Interrupt Link [LNKH] (IRQs 5 10 *11)
[STDERR  ] 2018-01-02T15:20:53.335494734Z: [    1.183802] ACPI: PCI Interrupt Link [GSIA] (IRQs *16)
[STDERR  ] 2018-01-02T15:20:53.335503911Z: [    1.184436] ACPI: PCI Interrupt Link [GSIB] (IRQs *17)
[STDERR  ] 2018-01-02T15:20:53.335513141Z: [    1.185041] ACPI: PCI Interrupt Link [GSIC] (IRQs *18)
[STDERR  ] 2018-01-02T15:20:53.335522603Z: [    1.185663] ACPI: PCI Interrupt Link [GSID] (IRQs *19)
[STDERR  ] 2018-01-02T15:20:53.335531846Z: [    1.186264] ACPI: PCI Interrupt Link [GSIE] (IRQs *20)
[STDERR  ] 2018-01-02T15:20:53.33554126Z: [    1.186882] ACPI: PCI Interrupt Link [GSIF] (IRQs *21)
[STDERR  ] 2018-01-02T15:20:53.335550617Z: [    1.187496] ACPI: PCI Interrupt Link [GSIG] (IRQs *22)
[STDERR  ] 2018-01-02T15:20:53.335563659Z: [    1.188172] ACPI: PCI Interrupt Link [GSIH] (IRQs *23)
[STDERR  ] 2018-01-02T15:20:53.335579002Z: [    1.191782] ACPI: Enabled 1 GPEs in block 00 to 3F
[STDERR  ] 2018-01-02T15:20:53.335587414Z: [    1.195732] SCSI subsystem initialized
[STDERR  ] 2018-01-02T15:20:53.335595214Z: [    1.197775] ACPI: bus type USB registered
[STDERR  ] 2018-01-02T15:20:53.33560412Z: [    1.198881] usbcore: registered new interface driver usbfs
[STDERR  ] 2018-01-02T15:20:53.335613567Z: [    1.199697] usbcore: registered new interface driver hub
[STDERR  ] 2018-01-02T15:20:53.335622872Z: [    1.200642] usbcore: registered new device driver usb
[STDERR  ] 2018-01-02T15:20:53.335632124Z: [    1.201885] pps_core: LinuxPPS API ver. 1 registered
[STDERR  ] 2018-01-02T15:20:53.33564144Z: [    1.202159] pps_core: Software ver. 5.3.6 - Copyright 2005-2007 Rodolfo Giometti <giometti@linux.it>
[STDERR  ] 2018-01-02T15:20:53.33565092Z: [    1.202895] PTP clock support registered
[STDERR  ] 2018-01-02T15:20:53.335660042Z: [    1.204083] wmi: Mapper loaded
[STDERR  ] 2018-01-02T15:20:53.335669447Z: [    1.205338] PCI: Using ACPI for IRQ routing
[STDERR  ] 2018-01-02T15:20:53.335683735Z: [    1.219508] NetLabel: Initializing
[STDERR  ] 2018-01-02T15:20:53.335692969Z: [    1.219739] NetLabel:  domain hash size = 128
[STDERR  ] 2018-01-02T15:20:53.335702017Z: [    1.220000] NetLabel:  protocols = UNLABELED CIPSOv4
[STDERR  ] 2018-01-02T15:20:53.335711005Z: [    1.222472] NetLabel:  unlabeled traffic allowed by default
[STDERR  ] 2018-01-02T15:20:53.33572027Z: [    1.223784] HPET: 3 timers in total, 0 timers will be used for per-cpu timer
[STDERR  ] 2018-01-02T15:20:53.335729233Z: [    1.224603] hpet0: at MMIO 0xfed00000, IRQs 2, 8, 0
[STDERR  ] 2018-01-02T15:20:53.335738397Z: [    1.225047] hpet0: 3 comparators, 64-bit 100.000000 MHz counter
[STDERR  ] 2018-01-02T15:20:53.335749892Z: [    1.233649] clocksource: Switched to clocksource hpet
[STDERR  ] 2018-01-02T15:20:53.335759066Z: [    1.475604] VFS: Disk quotas dquot_6.6.0
[STDERR  ] 2018-01-02T15:20:53.335772043Z: [    1.476353] VFS: Dquot-cache hash table entries: 512 (order 0, 4096 bytes)
[STDERR  ] 2018-01-02T15:20:53.335781546Z: [    1.480612] FS-Cache: Loaded
[STDERR  ] 2018-01-02T15:20:53.335791124Z: [    1.488149] CacheFiles: Loaded
[STDERR  ] 2018-01-02T15:20:53.335800321Z: [    1.489715] pnp: PnP ACPI init
[STDERR  ] 2018-01-02T15:20:53.335809841Z: [    1.499280] pnp: PnP ACPI: found 5 devices
[STDERR  ] 2018-01-02T15:20:53.335818911Z: [    1.549269] clocksource: acpi_pm: mask: 0xffffff max_cycles: 0xffffff, max_idle_ns: 2085701024 ns
[STDERR  ] 2018-01-02T15:20:53.335828604Z: [    1.553477] NET: Registered protocol family 2
[STDERR  ] 2018-01-02T15:20:53.335837916Z: [    1.561751] TCP established hash table entries: 8192 (order: 4, 65536 bytes)
[STDERR  ] 2018-01-02T15:20:53.335850423Z: [    1.562609] TCP bind hash table entries: 8192 (order: 5, 131072 bytes)
[STDERR  ] 2018-01-02T15:20:53.335861851Z: [    1.563344] TCP: Hash tables configured (established 8192 bind 8192)
[STDERR  ] 2018-01-02T15:20:53.335870946Z: [    1.565255] UDP hash table entries: 512 (order: 2, 16384 bytes)
[STDERR  ] 2018-01-02T15:20:53.335879681Z: [    1.565823] UDP-Lite hash table entries: 512 (order: 2, 16384 bytes)
[STDERR  ] 2018-01-02T15:20:53.335886536Z: [    1.568113] NET: Registered protocol family 1
[STDERR  ] 2018-01-02T15:20:53.335892051Z: [    1.569103] pci 0000:00:01.0: Video device with shadowed ROM at [mem 0x000c0000-0x000dffff]
[STDERR  ] 2018-01-02T15:20:53.335897476Z: [    1.577704] Unpacking initramfs...
[STDERR  ] 2018-01-02T15:20:53.335902974Z: [   10.847873] Freeing initrd memory: 40796K
[STDERR  ] 2018-01-02T15:20:53.335908338Z: [   10.873284] PCLMULQDQ-NI instructions are not detected.
[STDERR  ] 2018-01-02T15:20:53.335913764Z: [   10.877586] AVX or AES-NI instructions are not detected.
[STDERR  ] 2018-01-02T15:20:53.335919053Z: [   10.878064] CPU feature 'AVX registers' is not supported.
[STDERR  ] 2018-01-02T15:20:53.335924456Z: [   10.878462] CPU feature 'AVX registers' is not supported.
[STDERR  ] 2018-01-02T15:20:53.335933923Z: [   10.878838] CPU feature 'AVX registers' is not supported.
[STDERR  ] 2018-01-02T15:20:53.335940181Z: [   10.879241] CPU feature 'AVX registers' is not supported.
[STDERR  ] 2018-01-02T15:20:53.33594823Z: [   10.879625] AVX2 or AES-NI instructions are not detected.
[STDERR  ] 2018-01-02T15:20:53.335956588Z: [   10.879982] AVX2 instructions are not detected.
[STDERR  ] 2018-01-02T15:20:53.335964884Z: [   10.887311] audit: initializing netlink subsys (disabled)
[STDERR  ] 2018-01-02T15:20:53.3359739Z: [   10.888858] audit: type=2000 audit(1514906402.880:1): initialized
[STDERR  ] 2018-01-02T15:20:53.335979699Z: [   10.896088] workingset: timestamp_bits=46 max_order=18 bucket_order=0
[STDERR  ] 2018-01-02T15:20:53.335985337Z: [   10.900076] squashfs: version 4.0 (2009/01/31) Phillip Lougher
[STDERR  ] 2018-01-02T15:20:53.335990611Z: [   10.902766] FS-Cache: Netfs 'cifs' registered for caching
[STDERR  ] 2018-01-02T15:20:53.335996049Z: [   10.903629] fuse init (API version 7.26)
[STDERR  ] 2018-01-02T15:20:53.336003061Z: [   10.908150] SGI XFS with ACLs, security attributes, no debug enabled
[STDERR  ] 2018-01-02T15:20:53.336017242Z: [   10.912099] 9p: Installing v9fs 9p2000 file system support
[STDERR  ] 2018-01-02T15:20:53.336026291Z: [   10.912577] FS-Cache: Netfs '9p' registered for caching
[STDERR  ] 2018-01-02T15:20:53.336034849Z: [   10.945744] NET: Registered protocol family 38
[STDERR  ] 2018-01-02T15:20:53.336046374Z: [   10.946276] Key type asymmetric registered
[STDERR  ] 2018-01-02T15:20:53.336051847Z: [   10.946635] Asymmetric key parser 'x509' registered
[STDERR  ] 2018-01-02T15:20:53.336057299Z: [   10.947631] Block layer SCSI generic (bsg) driver version 0.4 loaded (major 251)
[STDERR  ] 2018-01-02T15:20:53.336062825Z: [   10.949083] io scheduler noop registered
[STDERR  ] 2018-01-02T15:20:53.336068124Z: [   10.949383] io scheduler deadline registered (default)
[STDERR  ] 2018-01-02T15:20:53.336073639Z: [   10.951173] io scheduler cfq registered
[STDERR  ] 2018-01-02T15:20:53.336078901Z: [   10.953809] pci_hotplug: PCI Hot Plug PCI Core version: 0.5
[STDERR  ] 2018-01-02T15:20:53.336086751Z: [   10.954338] pciehp: PCI Express Hot Plug Controller Driver version: 0.4
[STDERR  ] 2018-01-02T15:20:53.336092254Z: [   10.955184] shpchp: Standard Hot Plug PCI Controller Driver version: 0.4
[STDERR  ] 2018-01-02T15:20:53.336097668Z: [   10.955993] hv_vmbus: registering driver hyperv_fb
[STDERR  ] 2018-01-02T15:20:53.336102977Z: [   10.958840] input: Power Button as /devices/LNXSYSTM:00/LNXPWRBN:00/input/input0
[STDERR  ] 2018-01-02T15:20:53.336110511Z: [   10.960100] ACPI: Power Button [PWRF]
[STDERR  ] 2018-01-02T15:20:53.336122529Z: [   10.966483] GHES: HEST is not enabled!
[STDERR  ] 2018-01-02T15:20:53.336129919Z: [   10.976545] ACPI: PCI Interrupt Link [GSIG] enabled at IRQ 22
[STDERR  ] 2018-01-02T15:20:53.336135294Z: [   10.988173] ACPI: PCI Interrupt Link [GSIH] enabled at IRQ 23
[STDERR  ] 2018-01-02T15:20:53.336140777Z: [   10.993112] xenfs: not registering filesystem on non-xen platform
[STDERR  ] 2018-01-02T15:20:53.336146045Z: [   10.995124] Serial: 8250/16550 driver, 4 ports, IRQ sharing disabled
[STDERR  ] 2018-01-02T15:20:53.336151532Z: [   11.019310] 00:04: ttyS0 at I/O 0x3f8 (irq = 4, base_baud = 115200) is a 16550A
[STDERR  ] 2018-01-02T15:20:53.336159337Z: [   11.031711] Non-volatile memory driver v1.3
[STDERR  ] 2018-01-02T15:20:53.336164827Z: [   11.038998] Hangcheck: starting hangcheck timer 0.9.1 (tick is 180 seconds, margin is 60 seconds).
[STDERR  ] 2018-01-02T15:20:53.336170857Z: [   11.045741] random: fast init done
[STDERR  ] 2018-01-02T15:20:53.336176351Z: [   11.047300] random: crng init done
[STDERR  ] 2018-01-02T15:20:53.336183225Z: [   11.084270] loop: module loaded
[STDERR  ] 2018-01-02T15:20:53.336192537Z: [   11.099575] nbd: registered device at major 43
[STDERR  ] 2018-01-02T15:20:53.336200556Z: [   11.141097] lpc_ich 0000:00:1f.0: I/O space for GPIO uninitialized
[STDERR  ] 2018-01-02T15:20:53.336206053Z: [   11.143210] VMware PVSCSI driver - version 1.0.7.0-k
[STDERR  ] 2018-01-02T15:20:53.33621578Z: [   11.143888] hv_vmbus: registering driver hv_storvsc
[STDERR  ] 2018-01-02T15:20:53.336221752Z: [   11.151707] ACPI: PCI Interrupt Link [GSIA] enabled at IRQ 16
[STDERR  ] 2018-01-02T15:20:53.336227125Z: [   11.161060] ahci 0000:00:1f.2: AHCI 0001.0000 32 slots 6 ports 1.5 Gbps 0x3f impl SATA mode
[STDERR  ] 2018-01-02T15:20:53.336235046Z: [   11.161741] ahci 0000:00:1f.2: flags: 64bit ncq only 
[STDERR  ] 2018-01-02T15:20:53.33624037Z: [   11.184268] scsi host0: ahci
[STDERR  ] 2018-01-02T15:20:53.33624769Z: [   11.189344] scsi host1: ahci
[STDERR  ] 2018-01-02T15:20:53.336259838Z: [   11.191507] scsi host2: ahci
[STDERR  ] 2018-01-02T15:20:53.336268098Z: [   11.193478] scsi host3: ahci
[STDERR  ] 2018-01-02T15:20:53.336289696Z: [   11.196225] scsi host4: ahci
[STDERR  ] 2018-01-02T15:20:53.336309108Z: [   11.198856] scsi host5: ahci
[STDERR  ] 2018-01-02T15:20:53.336318438Z: [   11.200791] ata1: SATA max UDMA/133 abar m4096@0xfebd2000 port 0xfebd2100 irq 24
[STDERR  ] 2018-01-02T15:20:53.33632687Z: [   11.201372] ata2: SATA max UDMA/133 abar m4096@0xfebd2000 port 0xfebd2180 irq 24
[STDERR  ] 2018-01-02T15:20:53.336347Z: [   11.201796] ata3: SATA max UDMA/133 abar m4096@0xfebd2000 port 0xfebd2200 irq 24
[STDERR  ] 2018-01-02T15:20:53.336357604Z: [   11.202275] ata4: SATA max UDMA/133 abar m4096@0xfebd2000 port 0xfebd2280 irq 24
[STDERR  ] 2018-01-02T15:20:53.336363135Z: [   11.202630] ata5: SATA max UDMA/133 abar m4096@0xfebd2000 port 0xfebd2300 irq 24
[STDERR  ] 2018-01-02T15:20:53.336370834Z: [   11.202981] ata6: SATA max UDMA/133 abar m4096@0xfebd2000 port 0xfebd2380 irq 24
[STDERR  ] 2018-01-02T15:20:53.336379385Z: [   11.217190] tun: Universal TUN/TAP device driver, 1.6
[STDERR  ] 2018-01-02T15:20:53.3363885Z: [   11.217557] tun: (C) 1999-2004 Max Krasnyansky <maxk@qualcomm.com>
[STDERR  ] 2018-01-02T15:20:53.336397216Z: [   11.229863] VMware vmxnet3 virtual NIC driver - version 1.4.a.0-k-NAPI
[STDERR  ] 2018-01-02T15:20:53.336406222Z: [   11.231281] hv_vmbus: registering driver hv_netvsc
[STDERR  ] 2018-01-02T15:20:53.336415408Z: [   11.231561] Fusion MPT base driver 3.04.20
[STDERR  ] 2018-01-02T15:20:53.336453435Z: [   11.231821] Copyright (c) 1999-2008 LSI Corporation
[STDERR  ] 2018-01-02T15:20:53.336461819Z: [   11.232386] Fusion MPT SPI Host driver 3.04.20
[STDERR  ] 2018-01-02T15:20:53.336470817Z: [   11.235063] i8042: PNP: PS/2 Controller [PNP0303:KBD,PNP0f13:MOU] at 0x60,0x64 irq 1,12
[STDERR  ] 2018-01-02T15:20:53.3364805Z: [   11.239433] serio: i8042 KBD port at 0x60,0x64 irq 1
[STDERR  ] 2018-01-02T15:20:53.336489635Z: [   11.240414] serio: i8042 AUX port at 0x60,0x64 irq 12
[STDERR  ] 2018-01-02T15:20:53.336498513Z: [   11.243479] hv_vmbus: registering driver hyperv_keyboard
[STDERR  ] 2018-01-02T15:20:53.336506882Z: [   11.245334] mousedev: PS/2 mouse device common for all mice
[STDERR  ] 2018-01-02T15:20:53.33651559Z: [   11.251906] input: PC Speaker as /devices/platform/pcspkr/input/input2
[STDERR  ] 2018-01-02T15:20:53.336524209Z: [   11.253775] input: AT Translated Set 2 keyboard as /devices/platform/i8042/serio0/input/input1
[STDERR  ] 2018-01-02T15:20:53.336533769Z: [   11.258281] rtc_cmos 00:00: RTC can wake from S4
[STDERR  ] 2018-01-02T15:20:53.336542587Z: [   11.262748] rtc_cmos 00:00: rtc core: registered rtc_cmos as rtc0
[STDERR  ] 2018-01-02T15:20:53.336550225Z: [   11.264087] rtc_cmos 00:00: alarms up to one day, y3k, 114 bytes nvram, hpet irqs
[STDERR  ] 2018-01-02T15:20:53.336555566Z: [   11.264710] i2c /dev entries driver
[STDERR  ] 2018-01-02T15:20:53.336561002Z: [   11.267245] device-mapper: ioctl: 4.35.0-ioctl (2016-06-23) initialised: dm-devel@redhat.com
[STDERR  ] 2018-01-02T15:20:53.33657013Z: [   11.273953] usbcore: registered new interface driver usbhid
[STDERR  ] 2018-01-02T15:20:53.336582529Z: [   11.274268] usbhid: USB HID core driver
[STDERR  ] 2018-01-02T15:20:53.336588256Z: [   11.274902] hv_utils: Registering HyperV Utility Driver
[STDERR  ] 2018-01-02T15:20:53.336593547Z: [   11.275121] hv_vmbus: registering driver hv_util
[STDERR  ] 2018-01-02T15:20:53.336604135Z: [   11.275345] hv_vmbus: registering driver hv_balloon
[STDERR  ] 2018-01-02T15:20:53.336609769Z: [   11.275898] oprofile: using NMI interrupt.
[STDERR  ] 2018-01-02T15:20:53.336615242Z: [   11.277397] GACT probability on
[STDERR  ] 2018-01-02T15:20:53.336620797Z: [   11.277898] Mirror/redirect action on
[STDERR  ] 2018-01-02T15:20:53.336626203Z: [   11.278988] Simple TC action Loaded
[STDERR  ] 2018-01-02T15:20:53.336631677Z: [   11.279847] u32 classifier
[STDERR  ] 2018-01-02T15:20:53.3366372Z: [   11.280042]     Performance counters on
[STDERR  ] 2018-01-02T15:20:53.336642591Z: [   11.280652]     input device check on
[STDERR  ] 2018-01-02T15:20:53.336647946Z: [   11.280859]     Actions configured
[STDERR  ] 2018-01-02T15:20:53.33665322Z: [   11.281655] Netfilter messages via NETLINK v0.30.
[STDERR  ] 2018-01-02T15:20:53.33665857Z: [   11.282268] nfnl_acct: registering with nfnetlink.
[STDERR  ] 2018-01-02T15:20:53.336666108Z: [   11.284072] nf_conntrack version 0.5.0 (8192 buckets, 32768 max)
[STDERR  ] 2018-01-02T15:20:53.33667154Z: [   11.288293] ctnetlink v0.93: registering with nfnetlink.
[STDERR  ] 2018-01-02T15:20:53.336681343Z: [   11.293124] nf_tables: (c) 2007-2009 Patrick McHardy <kaber@trash.net>
[STDERR  ] 2018-01-02T15:20:53.336686824Z: [   11.294134] nf_tables_compat: (c) 2012 Pablo Neira Ayuso <pablo@netfilter.org>
[STDERR  ] 2018-01-02T15:20:53.336692186Z: [   11.296838] xt_time: kernel timezone is -0000
[STDERR  ] 2018-01-02T15:20:53.336697484Z: [   11.297390] ip_set: protocol 6
[STDERR  ] 2018-01-02T15:20:53.336702786Z: [   11.298150] IPVS: Registered protocols (TCP, UDP, SCTP, AH, ESP)
[STDERR  ] 2018-01-02T15:20:53.336708191Z: [   11.298732] IPVS: Connection hash table configured (size=4096, memory=64Kbytes)
[STDERR  ] 2018-01-02T15:20:53.336713498Z: [   11.301101] IPVS: Creating netns size=2104 id=0
[STDERR  ] 2018-01-02T15:20:53.336718814Z: [   11.304566] IPVS: ipvs loaded.
[STDERR  ] 2018-01-02T15:20:53.336724251Z: [   11.304925] IPVS: [rr] scheduler registered.
[STDERR  ] 2018-01-02T15:20:53.336729807Z: [   11.305280] IPVS: [wrr] scheduler registered.
[STDERR  ] 2018-01-02T15:20:53.33673515Z: [   11.305517] IPVS: [lc] scheduler registered.
[STDERR  ] 2018-01-02T15:20:53.33674058Z: [   11.305794] IPVS: [wlc] scheduler registered.
[STDERR  ] 2018-01-02T15:20:53.336745947Z: [   11.306049] IPVS: [fo] scheduler registered.
[STDERR  ] 2018-01-02T15:20:53.336751274Z: [   11.306309] IPVS: [ovf] scheduler registered.
[STDERR  ] 2018-01-02T15:20:53.336756623Z: [   11.306762] IPVS: [lblc] scheduler registered.
[STDERR  ] 2018-01-02T15:20:53.336761944Z: [   11.307164] IPVS: [lblcr] scheduler registered.
[STDERR  ] 2018-01-02T15:20:53.336767366Z: [   11.307465] IPVS: [dh] scheduler registered.
[STDERR  ] 2018-01-02T15:20:53.336772793Z: [   11.307769] IPVS: [sh] scheduler registered.
[STDERR  ] 2018-01-02T15:20:53.336778057Z: [   11.308027] IPVS: [sed] scheduler registered.
[STDERR  ] 2018-01-02T15:20:53.33678336Z: [   11.308268] IPVS: [nq] scheduler registered.
[STDERR  ] 2018-01-02T15:20:53.336788853Z: [   11.309077] IPVS: ftp: loaded support on port[0] = 21
[STDERR  ] 2018-01-02T15:20:53.336794184Z: [   11.309963] ipip: IPv4 and MPLS over IPv4 tunneling driver
[STDERR  ] 2018-01-02T15:20:53.33680156Z: [   11.315001] gre: GRE over IPv4 demultiplexor driver
[STDERR  ] 2018-01-02T15:20:53.336810391Z: [   11.317886] ip_tables: (C) 2000-2006 Netfilter Core Team
[STDERR  ] 2018-01-02T15:20:53.33682167Z: [   11.322244] ipt_CLUSTERIP: ClusterIP Version 0.8 loaded successfully
[STDERR  ] 2018-01-02T15:20:53.336841737Z: [   11.323012] arp_tables: arp_tables: (C) 2002 David S. Miller
[STDERR  ] 2018-01-02T15:20:53.336852358Z: [   11.325556] NET: Registered protocol family 10
[STDERR  ] 2018-01-02T15:20:53.336861278Z: [   11.336818] ip6_tables: (C) 2000-2006 Netfilter Core Team
[STDERR  ] 2018-01-02T15:20:53.336870479Z: [   11.346488] NET: Registered protocol family 17
[STDERR  ] 2018-01-02T15:20:53.336879422Z: [   11.347545] Bridge firewalling registered
[STDERR  ] 2018-01-02T15:20:53.336895237Z: [   11.348115] Ebtables v2.0 registered
[STDERR  ] 2018-01-02T15:20:53.336904129Z: [   11.349985] 8021q: 802.1Q VLAN Support v1.8
[STDERR  ] 2018-01-02T15:20:53.336911954Z: [   11.351986] 9pnet: Installing 9P2000 support
[STDERR  ] 2018-01-02T15:20:53.336923547Z: [   11.353898] Key type dns_resolver registered
[STDERR  ] 2018-01-02T15:20:53.336931235Z: [   11.354830] microcode: AMD CPU family 0x6 not supported
[STDERR  ] 2018-01-02T15:20:53.336940249Z: [   11.358163] registered taskstats version 1
[STDERR  ] 2018-01-02T15:20:53.336948708Z: [   11.531521] ata2: SATA link up 1.5 Gbps (SStatus 113 SControl 300)
[STDERR  ] 2018-01-02T15:20:53.336956745Z: [   11.535637] ata1: SATA link up 1.5 Gbps (SStatus 113 SControl 300)
[STDERR  ] 2018-01-02T15:20:53.336968378Z: [   11.538141] ata1.00: ATA-7: QEMU HARDDISK, 2.5+, max UDMA/100
[STDERR  ] 2018-01-02T15:20:53.336977254Z: [   11.538493] ata1.00: 1048576 sectors, multi 16: LBA48 NCQ (depth 31/32)
[STDERR  ] 2018-01-02T15:20:53.336985847Z: [   11.538995] ata1.00: applying bridge limits
[STDERR  ] 2018-01-02T15:20:53.336993881Z: [   11.540913] ata4: SATA link down (SStatus 0 SControl 300)
[STDERR  ] 2018-01-02T15:20:53.337009262Z: [   11.542333] ata3: SATA link up 1.5 Gbps (SStatus 113 SControl 300)
[STDERR  ] 2018-01-02T15:20:53.337018018Z: [   11.543007] ata3.00: ATAPI: QEMU DVD-ROM, 2.5+, max UDMA/100
[STDERR  ] 2018-01-02T15:20:53.337025901Z: [   11.543335] ata3.00: applying bridge limits
[STDERR  ] 2018-01-02T15:20:53.337034522Z: [   11.544278] ata3.00: configured for UDMA/100
[STDERR  ] 2018-01-02T15:20:53.337046505Z: [   11.546105] ata2.00: ATA-7: QEMU HARDDISK, 2.5+, max UDMA/100
[STDERR  ] 2018-01-02T15:20:53.337055817Z: [   11.546409] ata2.00: 1048576 sectors, multi 16: LBA48 NCQ (depth 31/32)
[STDERR  ] 2018-01-02T15:20:53.337065138Z: [   11.546747] ata2.00: applying bridge limits
[STDERR  ] 2018-01-02T15:20:53.337073028Z: [   11.547201] ata2.00: configured for UDMA/100
[STDERR  ] 2018-01-02T15:20:53.337081133Z: [   11.550943] ata5: SATA link down (SStatus 0 SControl 300)
[STDERR  ] 2018-01-02T15:20:53.337089452Z: [   11.551646] ata6: SATA link down (SStatus 0 SControl 300)
[STDERR  ] 2018-01-02T15:20:53.337101051Z: [   11.552199] ata1.00: configured for UDMA/100
[STDERR  ] 2018-01-02T15:20:53.337109721Z: [   11.570732] scsi 0:0:0:0: Direct-Access     ATA      QEMU HARDDISK    2.5+ PQ: 0 ANSI: 5
[STDERR  ] 2018-01-02T15:20:53.337118846Z: [   11.590807] sd 0:0:0:0: [sda] 1048576 512-byte logical blocks: (537 MB/512 MiB)
[STDERR  ] 2018-01-02T15:20:53.337127093Z: [   11.592407] sd 0:0:0:0: Attached scsi generic sg0 type 0
[STDERR  ] 2018-01-02T15:20:53.337135866Z: [   11.605350] sd 0:0:0:0: [sda] Write Protect is off
[STDERR  ] 2018-01-02T15:20:53.337144258Z: [   11.607318] scsi 1:0:0:0: Direct-Access     ATA      QEMU HARDDISK    2.5+ PQ: 0 ANSI: 5
[STDERR  ] 2018-01-02T15:20:53.337153136Z: [   11.611070] sd 1:0:0:0: [sdb] 1048576 512-byte logical blocks: (537 MB/512 MiB)
[STDERR  ] 2018-01-02T15:20:53.337161922Z: [   11.614531] sd 1:0:0:0: [sdb] Write Protect is off
[STDERR  ] 2018-01-02T15:20:53.337170751Z: [   11.615634] sd 0:0:0:0: [sda] Write cache: enabled, read cache: enabled, doesn't support DPO or FUA
[STDERR  ] 2018-01-02T15:20:53.337180582Z: [   11.616857] sd 1:0:0:0: Attached scsi generic sg1 type 0
[STDERR  ] 2018-01-02T15:20:53.337189682Z: [   11.618149] sd 1:0:0:0: [sdb] Write cache: enabled, read cache: enabled, doesn't support DPO or FUA
[STDERR  ] 2018-01-02T15:20:53.337199779Z: [   11.629452] scsi 2:0:0:0: CD-ROM            QEMU     QEMU DVD-ROM     2.5+ PQ: 0 ANSI: 5
[STDERR  ] 2018-01-02T15:20:53.337208363Z: [   11.655609] sr 2:0:0:0: [sr0] scsi3-mmc drive: 4x/4x cd/rw xa/form2 tray
[STDERR  ] 2018-01-02T15:20:53.337217233Z: [   11.656344] cdrom: Uniform CD-ROM driver Revision: 3.20
[STDERR  ] 2018-01-02T15:20:53.337226292Z: [   11.662252] Key type big_key registered
[STDERR  ] 2018-01-02T15:20:53.337236176Z: [   11.689679] sr 2:0:0:0: Attached scsi generic sg2 type 5
[STDERR  ] 2018-01-02T15:20:53.337245049Z: [   11.698465] sd 0:0:0:0: [sda] Attached SCSI disk
[STDERR  ] 2018-01-02T15:20:53.337259305Z: [   11.702788] sd 1:0:0:0: [sdb] Attached SCSI disk
[STDERR  ] 2018-01-02T15:20:53.337269499Z: [   11.850684] Key type encrypted registered
[STDERR  ] 2018-01-02T15:20:53.337277878Z: [   11.856460] rtc_cmos 00:00: setting system clock to 2018-01-02 15:20:04 UTC (1514906404)
[STDERR  ] 2018-01-02T15:20:53.337286856Z: [   12.018841] Freeing unused kernel memory: 1380K
[STDERR  ] 2018-01-02T15:20:53.337295567Z: [   12.019161] Write protecting the kernel read-only data: 12288k
[STDERR  ] 2018-01-02T15:20:53.337314824Z: [   12.021581] tsc: Refined TSC clocksource calibration: 2599.991 MHz
[STDERR  ] 2018-01-02T15:20:53.337323736Z: [   12.022143] clocksource: tsc: mask: 0xffffffffffffffff max_cycles: 0x257a339f942, max_idle_ns: 440795309996 ns
[STDERR  ] 2018-01-02T15:20:53.33733737Z: [   12.026013] Freeing unused kernel memory: 128K
[STDERR  ] 2018-01-02T15:20:53.337347032Z: [   12.095449] Freeing unused kernel memory: 1396K
[STDERR  ] 2018-01-02T15:20:53.337358064Z: [   13.036237] clocksource: Switched to clocksource tsc
[STDERR  ] 2018-01-02T15:20:53.33737323Z: 
[STDERR  ] 2018-01-02T15:20:53.337381984Z: Welcome to LinuxKit
[STDERR  ] 2018-01-02T15:20:53.337390216Z: 
[STDERR  ] 2018-01-02T15:20:53.337398282Z:                         ##         .
[STDERR  ] 2018-01-02T15:20:53.33740689Z:                   ## ## ##        ==
[STDERR  ] 2018-01-02T15:20:53.337415397Z:                ## ## ## ## ##    ===
[STDERR  ] 2018-01-02T15:20:53.33742418Z:            /"""""""""""""""""\___/ ===
[STDERR  ] 2018-01-02T15:20:53.337432627Z:           {                       /  ===-
[STDERR  ] 2018-01-02T15:20:53.337441189Z:            \______ O           __/
[STDERR  ] 2018-01-02T15:20:53.337450204Z:              \    \         __/
[STDERR  ] 2018-01-02T15:20:53.337462477Z:               \____\_______/
[STDERR  ] 2018-01-02T15:20:53.33747127Z: 
[STDERR  ] 2018-01-02T15:20:53.337479842Z: [   31.748756] IPVS: Creating netns size=2104 id=1
[STDERR  ] 2018-01-02T15:20:53.337488456Z: [   31.749232] IPVS: ftp: loaded support on port[0] = 21
[STDERR  ] 2018-01-02T15:20:53.33749814Z: 2018/01/02 15:20:25 Creating partition on /dev/sda
[STDERR  ] 2018-01-02T15:20:53.337506838Z: [   33.057414]  sda:
[STDERR  ] 2018-01-02T15:20:53.337515328Z: [   33.135477]  sda:
[STDERR  ] 2018-01-02T15:20:53.337524053Z: [   33.198627]  sda: sda1
[STDERR  ] 2018-01-02T15:20:53.337532834Z: [   33.270971]  sda: sda1
[STDERR  ] 2018-01-02T15:20:53.337541731Z: 2018/01/02 15:20:27 Partition /dev/sda1 successfully created!
[STDERR  ] 2018-01-02T15:20:53.337554605Z: [   35.951001] IPVS: Creating netns size=2104 id=2
[STDERR  ] 2018-01-02T15:20:53.337567173Z: [   35.951275] IPVS: ftp: loaded support on port[0] = 21
[STDERR  ] 2018-01-02T15:20:53.337575914Z: 2018/01/02 15:20:29 /dev/sda has content. blkid returned: /dev/sda: PTUUID="5a66340d" PTTYPE="dos"
[STDERR  ] 2018-01-02T15:20:53.337584497Z: 2018/01/02 15:20:29 Creating partition on /dev/sdb
[STDERR  ] 2018-01-02T15:20:53.337593418Z: [   37.568615]  sdb:
[STDERR  ] 2018-01-02T15:20:53.337601715Z: [   37.649111]  sdb:
[STDERR  ] 2018-01-02T15:20:53.33761081Z: [   37.721334]  sdb: sdb1
[STDERR  ] 2018-01-02T15:20:53.337619024Z: [   37.802713]  sdb: sdb1
[STDERR  ] 2018-01-02T15:20:53.337627708Z: 2018/01/02 15:20:32 Partition /dev/sdb1 successfully created!
[STDERR  ] 2018-01-02T15:20:53.337639307Z: [   40.566125] IPVS: Creating netns size=2104 id=3
[STDERR  ] 2018-01-02T15:20:53.33764787Z: [   40.566401] IPVS: ftp: loaded support on port[0] = 21
[STDERR  ] 2018-01-02T15:20:53.337656343Z: [   42.095211] EXT4-fs (sda1): couldn't mount as ext3 due to feature incompatibilities
[STDERR  ] 2018-01-02T15:20:53.337665265Z: [   42.104953] EXT4-fs (sda1): couldn't mount as ext2 due to feature incompatibilities
[STDERR  ] 2018-01-02T15:20:53.33767423Z: [   42.134230] EXT4-fs (sda1): mounted filesystem with ordered data mode. Opts: (null)
[STDERR  ] 2018-01-02T15:20:53.337683038Z: [   44.152024] IPVS: Creating netns size=2104 id=4
[STDERR  ] 2018-01-02T15:20:53.337697365Z: [   44.154192] IPVS: ftp: loaded support on port[0] = 21
[STDERR  ] 2018-01-02T15:20:53.337707175Z: [   45.841719] EXT4-fs (sdb1): couldn't mount as ext3 due to feature incompatibilities
[STDERR  ] 2018-01-02T15:20:53.337715545Z: [   45.851373] EXT4-fs (sdb1): couldn't mount as ext2 due to feature incompatibilities
[STDERR  ] 2018-01-02T15:20:53.337723908Z: [   45.880258] EXT4-fs (sdb1): mounted filesystem with ordered data mode. Opts: (null)
[STDERR  ] 2018-01-02T15:20:53.337735382Z: 2018/01/02 15:20:39 Failed to create "symlink ../../sda1 /dev/disk/by-uuid/63643d20-88aa-4d78-bb6b-a17c193dbe41: file exists": %!v(MISSING)
[STDERR  ] 2018-01-02T15:20:53.337745069Z: 2018/01/02 15:20:39 Failed to create "symlink ../../sdb1 /dev/disk/by-uuid/6253dd7b-43f7-49d3-9954-a5a266b6561b: file exists": %!v(MISSING)
[STDERR  ] 2018-01-02T15:20:53.337754804Z: format_mount test suite PASSED
[STDERR  ] 2018-01-02T15:20:53.337763271Z: [   59.583967] sd 1:0:0:0: [sdb] Synchronizing SCSI cache
[STDERR  ] 2018-01-02T15:20:53.337771555Z: [   59.585457] sd 1:0:0:0: [sdb] Stopping disk
[STDERR  ] 2018-01-02T15:20:53.337786867Z: [   59.586165] sd 0:0:0:0: [sda] Synchronizing SCSI cache
[STDERR  ] 2018-01-02T15:20:53.337796082Z: [   59.586723] sd 0:0:0:0: [sda] Stopping disk
[STDERR  ] 2018-01-02T15:20:53.337805375Z: [   59.592669] ACPI: Preparing to enter system sleep state S5
[STDERR  ] 2018-01-02T15:20:53.337814582Z: [   59.596923] reboot: Power down
[STDERR  ] 2018-01-02T15:20:53.337823594Z: + echo [    0.000000] Linux version 4.9.70-linuxkit (root@76d0ab89f7bc) (gcc version 6.4.0 (Alpine 6.4.0) ) #1 SMP Mon Dec 18 14:18:58 UTC 2017
[STDERR  ] 2018-01-02T15:20:53.337833359Z: [    0.000000] Command line: console=ttyS0 console=ttyAMA0
[STDERR  ] 2018-01-02T15:20:53.337847354Z: [    0.000000] x86/fpu: Legacy x87 FPU detected.
[STDERR  ] 2018-01-02T15:20:53.337855505Z: [    0.000000] x86/fpu: Using 'eager' FPU context switches.
[STDERR  ] 2018-01-02T15:20:53.337864281Z: [    0.000000] e820: BIOS-provided physical RAM map:
[STDERR  ] 2018-01-02T15:20:53.337873141Z: [    0.000000] BIOS-e820: [mem 0x0000000000000000-0x000000000009fbff] usable
[STDERR  ] 2018-01-02T15:20:53.337881858Z: [    0.000000] BIOS-e820: [mem 0x000000000009fc00-0x000000000009ffff] reserved
[STDERR  ] 2018-01-02T15:20:53.337890204Z: [    0.000000] BIOS-e820: [mem 0x00000000000f0000-0x00000000000fffff] reserved
[STDERR  ] 2018-01-02T15:20:53.337901929Z: [    0.000000] BIOS-e820: [mem 0x0000000000100000-0x000000003ffddfff] usable
[STDERR  ] 2018-01-02T15:20:53.337920109Z: [    0.000000] BIOS-e820: [mem 0x000000003ffde000-0x000000003fffffff] reserved
[STDERR  ] 2018-01-02T15:20:53.33792934Z: [    0.000000] BIOS-e820: [mem 0x00000000b0000000-0x00000000bfffffff] reserved
[STDERR  ] 2018-01-02T15:20:53.337937483Z: [    0.000000] BIOS-e820: [mem 0x00000000fed1c000-0x00000000fed1ffff] reserved
[STDERR  ] 2018-01-02T15:20:53.337945845Z: [    0.000000] BIOS-e820: [mem 0x00000000fffc0000-0x00000000ffffffff] reserved
[STDERR  ] 2018-01-02T15:20:53.337953913Z: [    0.000000] NX (Execute Disable) protection: active
[STDERR  ] 2018-01-02T15:20:53.337963383Z: [    0.000000] SMBIOS 2.8 present.
[STDERR  ] 2018-01-02T15:20:53.337972523Z: [    0.000000] e820: last_pfn = 0x3ffde max_arch_pfn = 0x400000000
[STDERR  ] 2018-01-02T15:20:53.337981553Z: [    0.000000] x86/PAT: Configuration [0-7]: WB  WC  UC- UC  WB  WC  UC- WT  
[STDERR  ] 2018-01-02T15:20:53.3379935Z: [    0.000000] found SMP MP-table at [mem 0x000f6aa0-0x000f6aaf] mapped at [ffff8eba400f6aa0]
[STDERR  ] 2018-01-02T15:20:53.338003198Z: [    0.000000] RAMDISK: [mem 0x3d7f9000-0x3ffcffff]
[STDERR  ] 2018-01-02T15:20:53.338012078Z: [    0.000000] ACPI: Early table checksum verification disabled
[STDERR  ] 2018-01-02T15:20:53.338020536Z: [    0.000000] ACPI: RSDP 0x00000000000F68B0 000014 (v00 BOCHS )
[STDERR  ] 2018-01-02T15:20:53.338028968Z: [    0.000000] ACPI: RSDT 0x000000003FFE20A8 000034 (v01 BOCHS  BXPCRSDT 00000001 BXPC 00000001)
[STDERR  ] 2018-01-02T15:20:53.338038188Z: [    0.000000] ACPI: FACP 0x000000003FFE1EC8 0000F4 (v03 BOCHS  BXPCFACP 00000001 BXPC 00000001)
[STDERR  ] 2018-01-02T15:20:53.338061693Z: [    0.000000] ACPI: DSDT 0x000000003FFE0040 001E88 (v01 BOCHS  BXPCDSDT 00000001 BXPC 00000001)
[STDERR  ] 2018-01-02T15:20:53.338067783Z: [    0.000000] ACPI: FACS 0x000000003FFE0000 000040
[STDERR  ] 2018-01-02T15:20:53.338076383Z: [    0.000000] ACPI: APIC 0x000000003FFE1FBC 000078 (v01 BOCHS  BXPCAPIC 00000001 BXPC 00000001)
[STDERR  ] 2018-01-02T15:20:53.338089373Z: [    0.000000] ACPI: HPET 0x000000003FFE2034 000038 (v01 BOCHS  BXPCHPET 00000001 BXPC 00000001)
[STDERR  ] 2018-01-02T15:20:53.338094993Z: [    0.000000] ACPI: MCFG 0x000000003FFE206C 00003C (v01 BOCHS  BXPCMCFG 00000001 BXPC 00000001)
[STDERR  ] 2018-01-02T15:20:53.338100535Z: [    0.000000] Zone ranges:
[STDERR  ] 2018-01-02T15:20:53.33810595Z: [    0.000000]   DMA      [mem 0x0000000000001000-0x0000000000ffffff]
[STDERR  ] 2018-01-02T15:20:53.338114803Z: [    0.000000]   DMA32    [mem 0x0000000001000000-0x000000003ffddfff]
[STDERR  ] 2018-01-02T15:20:53.33812038Z: [    0.000000]   Normal   empty
[STDERR  ] 2018-01-02T15:20:53.338130393Z: [    0.000000] Movable zone start for each node
[STDERR  ] 2018-01-02T15:20:53.338136299Z: [    0.000000] Early memory node ranges
[STDERR  ] 2018-01-02T15:20:53.338141754Z: [    0.000000]   node   0: [mem 0x0000000000001000-0x000000000009efff]
[STDERR  ] 2018-01-02T15:20:53.338147091Z: [    0.000000]   node   0: [mem 0x0000000000100000-0x000000003ffddfff]
[STDERR  ] 2018-01-02T15:20:53.338154117Z: [    0.000000] Initmem setup node 0 [mem 0x0000000000001000-0x000000003ffddfff]
[STDERR  ] 2018-01-02T15:20:53.338163597Z: [    0.000000] ACPI: PM-Timer IO Port: 0x608
[STDERR  ] 2018-01-02T15:20:53.338169277Z: [    0.000000] ACPI: LAPIC_NMI (acpi_id[0xff] dfl dfl lint[0x1])
[STDERR  ] 2018-01-02T15:20:53.338174741Z: [    0.000000] IOAPIC[0]: apic_id 0, version 32, address 0xfec00000, GSI 0-23
[STDERR  ] 2018-01-02T15:20:53.338182167Z: [    0.000000] ACPI: INT_SRC_OVR (bus 0 bus_irq 0 global_irq 2 dfl dfl)
[STDERR  ] 2018-01-02T15:20:53.338190531Z: [    0.000000] ACPI: INT_SRC_OVR (bus 0 bus_irq 5 global_irq 5 high level)
[STDERR  ] 2018-01-02T15:20:53.338198777Z: [    0.000000] ACPI: INT_SRC_OVR (bus 0 bus_irq 9 global_irq 9 high level)
[STDERR  ] 2018-01-02T15:20:53.338207064Z: [    0.000000] ACPI: INT_SRC_OVR (bus 0 bus_irq 10 global_irq 10 high level)
[STDERR  ] 2018-01-02T15:20:53.338215034Z: [    0.000000] ACPI: INT_SRC_OVR (bus 0 bus_irq 11 global_irq 11 high level)
[STDERR  ] 2018-01-02T15:20:53.338224076Z: [    0.000000] Using ACPI (MADT) for SMP configuration information
[STDERR  ] 2018-01-02T15:20:53.338232757Z: [    0.000000] ACPI: HPET id: 0x8086a201 base: 0xfed00000
[STDERR  ] 2018-01-02T15:20:53.338242009Z: [    0.000000] smpboot: Allowing 1 CPUs, 0 hotplug CPUs
[STDERR  ] 2018-01-02T15:20:53.338251701Z: [    0.000000] e820: [mem 0x40000000-0xafffffff] available for PCI devices
[STDERR  ] 2018-01-02T15:20:53.338260476Z: [    0.000000] Booting paravirtualized kernel on bare hardware
[STDERR  ] 2018-01-02T15:20:53.338269554Z: [    0.000000] clocksource: refined-jiffies: mask: 0xffffffff max_cycles: 0xffffffff, max_idle_ns: 19112604462750000 ns
[STDERR  ] 2018-01-02T15:20:53.338288477Z: [    0.000000] setup_percpu: NR_CPUS:128 nr_cpumask_bits:128 nr_cpu_ids:1 nr_node_ids:1
[STDERR  ] 2018-01-02T15:20:53.338294329Z: [    0.000000] percpu: Embedded 35 pages/cpu @ffff8eba7d400000 s105048 r8192 d30120 u2097152
[STDERR  ] 2018-01-02T15:20:53.338305717Z: [    0.000000] Built 1 zonelists in Zone order, mobility grouping on.  Total pages: 257895
[STDERR  ] 2018-01-02T15:20:53.338311181Z: [    0.000000] Kernel command line: console=ttyS0 console=ttyAMA0
[STDERR  ] 2018-01-02T15:20:53.338316491Z: [    0.000000] PID hash table entries: 4096 (order: 3, 32768 bytes)
[STDERR  ] 2018-01-02T15:20:53.338321831Z: [    0.000000] Dentry cache hash table entries: 131072 (order: 8, 1048576 bytes)
[STDERR  ] 2018-01-02T15:20:53.338327171Z: [    0.000000] Inode-cache hash table entries: 65536 (order: 7, 524288 bytes)
[STDERR  ] 2018-01-02T15:20:53.338337559Z: [    0.000000] Memory: 973372K/1048048K available (8048K kernel code, 1367K rwdata, 2700K rodata, 1380K init, 568K bss, 74676K reserved, 0K cma-reserved)
[STDERR  ] 2018-01-02T15:20:53.338344194Z: [    0.000000] Hierarchical RCU implementation.
[STDERR  ] 2018-01-02T15:20:53.338349599Z: [    0.000000] 	Build-time adjustment of leaf fanout to 64.
[STDERR  ] 2018-01-02T15:20:53.338354978Z: [    0.000000] 	RCU restricting CPUs from NR_CPUS=128 to nr_cpu_ids=1.
[STDERR  ] 2018-01-02T15:20:53.338360365Z: [    0.000000] RCU: Adjusting geometry for rcu_fanout_leaf=64, nr_cpu_ids=1
[STDERR  ] 2018-01-02T15:20:53.338365767Z: [    0.000000] NR_IRQS:8448 nr_irqs:256 16
[STDERR  ] 2018-01-02T15:20:53.338371185Z: [    0.000000] Console: colour VGA+ 80x25
[STDERR  ] 2018-01-02T15:20:53.33837641Z: [    0.000000] console [ttyS0] enabled
[STDERR  ] 2018-01-02T15:20:53.33838177Z: [    0.000000] clocksource: hpet: mask: 0xffffffff max_cycles: 0xffffffff, max_idle_ns: 19112604467 ns
[STDERR  ] 2018-01-02T15:20:53.338387178Z: [    0.000000] tsc: Fast TSC calibration using PIT
[STDERR  ] 2018-01-02T15:20:53.338399735Z: [    0.000000] tsc: Detected 2599.992 MHz processor
[STDERR  ] 2018-01-02T15:20:53.33840533Z: [    0.011520] Calibrating delay loop (skipped), value calculated using timer frequency.. 5199.98 BogoMIPS (lpj=25999920)
[STDERR  ] 2018-01-02T15:20:53.338411526Z: [    0.012611] pid_max: default: 32768 minimum: 301
[STDERR  ] 2018-01-02T15:20:53.338416928Z: [    0.020535] ACPI: Core revision 20160831
[STDERR  ] 2018-01-02T15:20:53.338422292Z: [    0.050166] ACPI: 1 ACPI AML tables successfully acquired and loaded
[STDERR  ] 2018-01-02T15:20:53.338430086Z: [    0.054814] Security Framework initialized
[STDERR  ] 2018-01-02T15:20:53.338435592Z: [    0.055259] Yama: becoming mindful.
[STDERR  ] 2018-01-02T15:20:53.338440866Z: [    0.057317] Mount-cache hash table entries: 2048 (order: 2, 16384 bytes)
[STDERR  ] 2018-01-02T15:20:53.338446198Z: [    0.057774] Mountpoint-cache hash table entries: 2048 (order: 2, 16384 bytes)
[STDERR  ] 2018-01-02T15:20:53.338451457Z: [    0.079519] Last level iTLB entries: 4KB 0, 2MB 0, 4MB 0
[STDERR  ] 2018-01-02T15:20:53.338456887Z: [    0.079907] Last level dTLB entries: 4KB 0, 2MB 0, 4MB 0, 1GB 0
[STDERR  ] 2018-01-02T15:20:53.33846218Z: [    0.446475] Freeing SMP alternatives memory: 20K
[STDERR  ] 2018-01-02T15:20:53.338467517Z: [    0.455627] ftrace: allocating 35540 entries in 139 pages
[STDERR  ] 2018-01-02T15:20:53.338472758Z: [    0.525377] smpboot: Max logical packages: 1
[STDERR  ] 2018-01-02T15:20:53.338478097Z: [    0.533641] ..TIMER: vector=0x30 apic1=0 pin1=2 apic2=-1 pin2=-1
[STDERR  ] 2018-01-02T15:20:53.338486277Z: [    0.640000] smpboot: CPU0: AMD QEMU Virtual CPU version 2.5+ (family: 0x6, model: 0x6, stepping: 0x3)
[STDERR  ] 2018-01-02T15:20:53.338491732Z: [    0.640000] Performance Events: PMU not available due to virtualization, using software events only.
[STDERR  ] 2018-01-02T15:20:53.338500182Z: [    0.650179] NMI watchdog: disabled (cpu0): hardware events not enabled
[STDERR  ] 2018-01-02T15:20:53.338508238Z: [    0.650714] NMI watchdog: Shutting down hard lockup detector on all cpus
[STDERR  ] 2018-01-02T15:20:53.338516792Z: [    0.654432] x86: Booted up 1 node, 1 CPUs
[STDERR  ] 2018-01-02T15:20:53.33852676Z: [    0.654869] smpboot: Total of 1 processors activated (5199.98 BogoMIPS)
[STDERR  ] 2018-01-02T15:20:53.338532486Z: [    0.672345] devtmpfs: initialized
[STDERR  ] 2018-01-02T15:20:53.338543265Z: [    0.678458] x86/mm: Memory block size: 128MB
[STDERR  ] 2018-01-02T15:20:53.338548837Z: [    0.712853] clocksource: jiffies: mask: 0xffffffff max_cycles: 0xffffffff, max_idle_ns: 19112604462750000 ns
[STDERR  ] 2018-01-02T15:20:53.338554293Z: [    0.713741] futex hash table entries: 256 (order: 2, 16384 bytes)
[STDERR  ] 2018-01-02T15:20:53.338559603Z: [    0.724909] NET: Registered protocol family 16
[STDERR  ] 2018-01-02T15:20:53.338564955Z: [    0.736710] cpuidle: using governor ladder
[STDERR  ] 2018-01-02T15:20:53.338570433Z: [    0.737225] cpuidle: using governor menu
[STDERR  ] 2018-01-02T15:20:53.338579647Z: [    0.738485] ACPI: bus type PCI registered
[STDERR  ] 2018-01-02T15:20:53.338585261Z: [    0.742055] PCI: MMCONFIG for domain 0000 [bus 00-ff] at [mem 0xb0000000-0xbfffffff] (base 0xb0000000)
[STDERR  ] 2018-01-02T15:20:53.338590931Z: [    0.742870] PCI: MMCONFIG at [mem 0xb0000000-0xbfffffff] reserved in E820
[STDERR  ] 2018-01-02T15:20:53.338596298Z: [    0.743761] PCI: Using configuration type 1 for base access
[STDERR  ] 2018-01-02T15:20:53.338601581Z: [    0.799818] HugeTLB registered 2 MB page size, pre-allocated 0 pages
[STDERR  ] 2018-01-02T15:20:53.338606978Z: [    0.812767] ACPI: Added _OSI(Module Device)
[STDERR  ] 2018-01-02T15:20:53.338612339Z: [    0.813062] ACPI: Added _OSI(Processor Device)
[STDERR  ] 2018-01-02T15:20:53.338617601Z: [    0.813470] ACPI: Added _OSI(3.0 _SCP Extensions)
[STDERR  ] 2018-01-02T15:20:53.338625306Z: [    0.813758] ACPI: Added _OSI(Processor Aggregator Device)
[STDERR  ] 2018-01-02T15:20:53.338634333Z: [    0.871430] ACPI: Interpreter enabled
[STDERR  ] 2018-01-02T15:20:53.338641227Z: [    0.872462] ACPI: (supports S0 S5)
[STDERR  ] 2018-01-02T15:20:53.338655554Z: [    0.872795] ACPI: Using IOAPIC for interrupt routing
[STDERR  ] 2018-01-02T15:20:53.338664444Z: [    0.875512] PCI: Using host bridge windows from ACPI; if necessary, use "pci=nocrs" and report a bug
[STDERR  ] 2018-01-02T15:20:53.338673779Z: [    0.932129] ACPI: PCI Root Bridge [PCI0] (domain 0000 [bus 00-ff])
[STDERR  ] 2018-01-02T15:20:53.338683587Z: [    0.933272] acpi PNP0A08:00: _OSC: OS supports [ExtendedConfig ASPM ClockPM Segments MSI]
[STDERR  ] 2018-01-02T15:20:53.338692719Z: [    0.938868] acpi PNP0A08:00: _OSC: OS now controls [PCIeHotplug PME PCIeCapability]
[STDERR  ] 2018-01-02T15:20:53.338701764Z: [    0.942989] PCI host bridge to bus 0000:00
[STDERR  ] 2018-01-02T15:20:53.338710257Z: [    0.943424] pci_bus 0000:00: root bus resource [io  0x0000-0x0cf7 window]
[STDERR  ] 2018-01-02T15:20:53.338719686Z: [    0.943779] pci_bus 0000:00: root bus resource [io  0x0d00-0xffff window]
[STDERR  ] 2018-01-02T15:20:53.338728856Z: [    0.944141] pci_bus 0000:00: root bus resource [mem 0x000a0000-0x000bffff window]
[STDERR  ] 2018-01-02T15:20:53.338738084Z: [    0.944626] pci_bus 0000:00: root bus resource [mem 0xc0000000-0xfebfffff window]
[STDERR  ] 2018-01-02T15:20:53.338747046Z: [    0.945235] pci_bus 0000:00: root bus resource [bus 00-ff]
[STDERR  ] 2018-01-02T15:20:53.338755809Z: [    1.085875] pci 0000:00:1f.0: quirk: [io  0x0600-0x067f] claimed by ICH6 ACPI/GPIO/TCO
[STDERR  ] 2018-01-02T15:20:53.338768489Z: [    1.170200] ACPI: PCI Interrupt Link [LNKA] (IRQs 5 *10 11)
[STDERR  ] 2018-01-02T15:20:53.338777854Z: [    1.173194] ACPI: PCI Interrupt Link [LNKB] (IRQs 5 *10 11)
[STDERR  ] 2018-01-02T15:20:53.338786814Z: [    1.174946] ACPI: PCI Interrupt Link [LNKC] (IRQs 5 10 *11)
[STDERR  ] 2018-01-02T15:20:53.338796064Z: [    1.176559] ACPI: PCI Interrupt Link [LNKD] (IRQs 5 10 *11)
[STDERR  ] 2018-01-02T15:20:53.338804625Z: [    1.177954] ACPI: PCI Interrupt Link [LNKE] (IRQs 5 *10 11)
[STDERR  ] 2018-01-02T15:20:53.338813955Z: [    1.179375] ACPI: PCI Interrupt Link [LNKF] (IRQs 5 *10 11)
[STDERR  ] 2018-01-02T15:20:53.338822768Z: [    1.181616] ACPI: PCI Interrupt Link [LNKG] (IRQs 5 10 *11)
[STDERR  ] 2018-01-02T15:20:53.338831564Z: [    1.182990] ACPI: PCI Interrupt Link [LNKH] (IRQs 5 10 *11)
[STDERR  ] 2018-01-02T15:20:53.338840517Z: [    1.183802] ACPI: PCI Interrupt Link [GSIA] (IRQs *16)
[STDERR  ] 2018-01-02T15:20:53.33884986Z: [    1.184436] ACPI: PCI Interrupt Link [GSIB] (IRQs *17)
[STDERR  ] 2018-01-02T15:20:53.338859095Z: [    1.185041] ACPI: PCI Interrupt Link [GSIC] (IRQs *18)
[STDERR  ] 2018-01-02T15:20:53.338868395Z: [    1.185663] ACPI: PCI Interrupt Link [GSID] (IRQs *19)
[STDERR  ] 2018-01-02T15:20:53.338881162Z: [    1.186264] ACPI: PCI Interrupt Link [GSIE] (IRQs *20)
[STDERR  ] 2018-01-02T15:20:53.338890367Z: [    1.186882] ACPI: PCI Interrupt Link [GSIF] (IRQs *21)
[STDERR  ] 2018-01-02T15:20:53.338906008Z: [    1.187496] ACPI: PCI Interrupt Link [GSIG] (IRQs *22)
[STDERR  ] 2018-01-02T15:20:53.33891636Z: [    1.188172] ACPI: PCI Interrupt Link [GSIH] (IRQs *23)
[STDERR  ] 2018-01-02T15:20:53.33892522Z: [    1.191782] ACPI: Enabled 1 GPEs in block 00 to 3F
[STDERR  ] 2018-01-02T15:20:53.338937414Z: [    1.195732] SCSI subsystem initialized
[STDERR  ] 2018-01-02T15:20:53.338946505Z: [    1.197775] ACPI: bus type USB registered
[STDERR  ] 2018-01-02T15:20:53.338955725Z: [    1.198881] usbcore: registered new interface driver usbfs
[STDERR  ] 2018-01-02T15:20:53.338964605Z: [    1.199697] usbcore: registered new interface driver hub
[STDERR  ] 2018-01-02T15:20:53.338973825Z: [    1.200642] usbcore: registered new device driver usb
[STDERR  ] 2018-01-02T15:20:53.33898326Z: [    1.201885] pps_core: LinuxPPS API ver. 1 registered
[STDERR  ] 2018-01-02T15:20:53.3389928Z: [    1.202159] pps_core: Software ver. 5.3.6 - Copyright 2005-2007 Rodolfo Giometti <giometti@linux.it>
[STDERR  ] 2018-01-02T15:20:53.339002906Z: [    1.202895] PTP clock support registered
[STDERR  ] 2018-01-02T15:20:53.339012643Z: [    1.204083] wmi: Mapper loaded
[STDERR  ] 2018-01-02T15:20:53.339028421Z: [    1.205338] PCI: Using ACPI for IRQ routing
[STDERR  ] 2018-01-02T15:20:53.339038138Z: [    1.219508] NetLabel: Initializing
[STDERR  ] 2018-01-02T15:20:53.339047235Z: [    1.219739] NetLabel:  domain hash size = 128
[STDERR  ] 2018-01-02T15:20:53.339056168Z: [    1.220000] NetLabel:  protocols = UNLABELED CIPSOv4
[STDERR  ] 2018-01-02T15:20:53.339065068Z: [    1.222472] NetLabel:  unlabeled traffic allowed by default
[STDERR  ] 2018-01-02T15:20:53.339073896Z: [    1.223784] HPET: 3 timers in total, 0 timers will be used for per-cpu timer
[STDERR  ] 2018-01-02T15:20:53.339083173Z: [    1.224603] hpet0: at MMIO 0xfed00000, IRQs 2, 8, 0
[STDERR  ] 2018-01-02T15:20:53.339095716Z: [    1.225047] hpet0: 3 comparators, 64-bit 100.000000 MHz counter
[STDERR  ] 2018-01-02T15:20:53.339103348Z: [    1.233649] clocksource: Switched to clocksource hpet
[STDERR  ] 2018-01-02T15:20:53.339114081Z: [    1.475604] VFS: Disk quotas dquot_6.6.0
[STDERR  ] 2018-01-02T15:20:53.339123009Z: [    1.476353] VFS: Dquot-cache hash table entries: 512 (order 0, 4096 bytes)
[STDERR  ] 2018-01-02T15:20:53.339132463Z: [    1.480612] FS-Cache: Loaded
[STDERR  ] 2018-01-02T15:20:53.339148729Z: [    1.488149] CacheFiles: Loaded
[STDERR  ] 2018-01-02T15:20:53.339157671Z: [    1.489715] pnp: PnP ACPI init
[STDERR  ] 2018-01-02T15:20:53.339166591Z: [    1.499280] pnp: PnP ACPI: found 5 devices
[STDERR  ] 2018-01-02T15:20:53.339176005Z: [    1.549269] clocksource: acpi_pm: mask: 0xffffff max_cycles: 0xffffff, max_idle_ns: 2085701024 ns
[STDERR  ] 2018-01-02T15:20:53.339185432Z: [    1.553477] NET: Registered protocol family 2
[STDERR  ] 2018-01-02T15:20:53.339194252Z: [    1.561751] TCP established hash table entries: 8192 (order: 4, 65536 bytes)
[STDERR  ] 2018-01-02T15:20:53.339203622Z: [    1.562609] TCP bind hash table entries: 8192 (order: 5, 131072 bytes)
[STDERR  ] 2018-01-02T15:20:53.339213716Z: [    1.563344] TCP: Hash tables configured (established 8192 bind 8192)
[STDERR  ] 2018-01-02T15:20:53.339219079Z: [    1.565255] UDP hash table entries: 512 (order: 2, 16384 bytes)
[STDERR  ] 2018-01-02T15:20:53.339224399Z: [    1.565823] UDP-Lite hash table entries: 512 (order: 2, 16384 bytes)
[STDERR  ] 2018-01-02T15:20:53.339229857Z: [    1.568113] NET: Registered protocol family 1
[STDERR  ] 2018-01-02T15:20:53.339237663Z: [    1.569103] pci 0000:00:01.0: Video device with shadowed ROM at [mem 0x000c0000-0x000dffff]
[STDERR  ] 2018-01-02T15:20:53.339243086Z: [    1.577704] Unpacking initramfs...
[STDERR  ] 2018-01-02T15:20:53.339248566Z: [   10.847873] Freeing initrd memory: 40796K
[STDERR  ] 2018-01-02T15:20:53.339253954Z: [   10.873284] PCLMULQDQ-NI instructions are not detected.
[STDERR  ] 2018-01-02T15:20:53.339259702Z: [   10.877586] AVX or AES-NI instructions are not detected.
[STDERR  ] 2018-01-02T15:20:53.339265052Z: [   10.878064] CPU feature 'AVX registers' is not supported.
[STDERR  ] 2018-01-02T15:20:53.339279513Z: [   10.878462] CPU feature 'AVX registers' is not supported.
[STDERR  ] 2018-01-02T15:20:53.339289614Z: [   10.878838] CPU feature 'AVX registers' is not supported.
[STDERR  ] 2018-01-02T15:20:53.339295462Z: [   10.879241] CPU feature 'AVX registers' is not supported.
[STDERR  ] 2018-01-02T15:20:53.339307913Z: [   10.879625] AVX2 or AES-NI instructions are not detected.
[STDERR  ] 2018-01-02T15:20:53.339313333Z: [   10.879982] AVX2 instructions are not detected.
[STDERR  ] 2018-01-02T15:20:53.339318617Z: [   10.887311] audit: initializing netlink subsys (disabled)
[STDERR  ] 2018-01-02T15:20:53.339324007Z: [   10.888858] audit: type=2000 audit(1514906402.880:1): initialized
[STDERR  ] 2018-01-02T15:20:53.339329393Z: [   10.896088] workingset: timestamp_bits=46 max_order=18 bucket_order=0
[STDERR  ] 2018-01-02T15:20:53.339334787Z: [   10.900076] squashfs: version 4.0 (2009/01/31) Phillip Lougher
[STDERR  ] 2018-01-02T15:20:53.339340202Z: [   10.902766] FS-Cache: Netfs 'cifs' registered for caching
[STDERR  ] 2018-01-02T15:20:53.339345733Z: [   10.903629] fuse init (API version 7.26)
[STDERR  ] 2018-01-02T15:20:53.339355372Z: [   10.908150] SGI XFS with ACLs, security attributes, no debug enabled
[STDERR  ] 2018-01-02T15:20:53.339360914Z: [   10.912099] 9p: Installing v9fs 9p2000 file system support
[STDERR  ] 2018-01-02T15:20:53.339366986Z: [   10.912577] FS-Cache: Netfs '9p' registered for caching
[STDERR  ] 2018-01-02T15:20:53.339376366Z: [   10.945744] NET: Registered protocol family 38
[STDERR  ] 2018-01-02T15:20:53.339382027Z: [   10.946276] Key type asymmetric registered
[STDERR  ] 2018-01-02T15:20:53.339387493Z: [   10.946635] Asymmetric key parser 'x509' registered
[STDERR  ] 2018-01-02T15:20:53.339392869Z: [   10.947631] Block layer SCSI generic (bsg) driver version 0.4 loaded (major 251)
[STDERR  ] 2018-01-02T15:20:53.339398203Z: [   10.949083] io scheduler noop registered
[STDERR  ] 2018-01-02T15:20:53.339403484Z: [   10.949383] io scheduler deadline registered (default)
[STDERR  ] 2018-01-02T15:20:53.339408943Z: [   10.951173] io scheduler cfq registered
[STDERR  ] 2018-01-02T15:20:53.339414192Z: [   10.953809] pci_hotplug: PCI Hot Plug PCI Core version: 0.5
[STDERR  ] 2018-01-02T15:20:53.339419542Z: [   10.954338] pciehp: PCI Express Hot Plug Controller Driver version: 0.4
[STDERR  ] 2018-01-02T15:20:53.33942502Z: [   10.955184] shpchp: Standard Hot Plug PCI Controller Driver version: 0.4
[STDERR  ] 2018-01-02T15:20:53.339430521Z: [   10.955993] hv_vmbus: registering driver hyperv_fb
[STDERR  ] 2018-01-02T15:20:53.339435905Z: [   10.958840] input: Power Button as /devices/LNXSYSTM:00/LNXPWRBN:00/input/input0
[STDERR  ] 2018-01-02T15:20:53.339441395Z: [   10.960100] ACPI: Power Button [PWRF]
[STDERR  ] 2018-01-02T15:20:53.339446821Z: [   10.966483] GHES: HEST is not enabled!
[STDERR  ] 2018-01-02T15:20:53.339452416Z: [   10.976545] ACPI: PCI Interrupt Link [GSIG] enabled at IRQ 22
[STDERR  ] 2018-01-02T15:20:53.339461888Z: [   10.988173] ACPI: PCI Interrupt Link [GSIH] enabled at IRQ 23
[STDERR  ] 2018-01-02T15:20:53.339467693Z: [   10.993112] xenfs: not registering filesystem on non-xen platform
[STDERR  ] 2018-01-02T15:20:53.33947317Z: [   10.995124] Serial: 8250/16550 driver, 4 ports, IRQ sharing disabled
[STDERR  ] 2018-01-02T15:20:53.339478628Z: [   11.019310] 00:04: ttyS0 at I/O 0x3f8 (irq = 4, base_baud = 115200) is a 16550A
[STDERR  ] 2018-01-02T15:20:53.339483934Z: [   11.031711] Non-volatile memory driver v1.3
[STDERR  ] 2018-01-02T15:20:53.339491973Z: [   11.038998] Hangcheck: starting hangcheck timer 0.9.1 (tick is 180 seconds, margin is 60 seconds).
[STDERR  ] 2018-01-02T15:20:53.339498026Z: [   11.045741] random: fast init done
[STDERR  ] 2018-01-02T15:20:53.339503473Z: [   11.047300] random: crng init done
[STDERR  ] 2018-01-02T15:20:53.339508836Z: [   11.084270] loop: module loaded
[STDERR  ] 2018-01-02T15:20:53.339514241Z: [   11.099575] nbd: registered device at major 43
[STDERR  ] 2018-01-02T15:20:53.339519646Z: [   11.141097] lpc_ich 0000:00:1f.0: I/O space for GPIO uninitialized
[STDERR  ] 2018-01-02T15:20:53.339531537Z: [   11.143210] VMware PVSCSI driver - version 1.0.7.0-k
[STDERR  ] 2018-01-02T15:20:53.339542514Z: [   11.143888] hv_vmbus: registering driver hv_storvsc
[STDERR  ] 2018-01-02T15:20:53.339555288Z: [   11.151707] ACPI: PCI Interrupt Link [GSIA] enabled at IRQ 16
[STDERR  ] 2018-01-02T15:20:53.339560751Z: [   11.161060] ahci 0000:00:1f.2: AHCI 0001.0000 32 slots 6 ports 1.5 Gbps 0x3f impl SATA mode
[STDERR  ] 2018-01-02T15:20:53.339572911Z: [   11.161741] ahci 0000:00:1f.2: flags: 64bit ncq only 
[STDERR  ] 2018-01-02T15:20:53.339582556Z: [   11.184268] scsi host0: ahci
[STDERR  ] 2018-01-02T15:20:53.339591224Z: [   11.189344] scsi host1: ahci
[STDERR  ] 2018-01-02T15:20:53.339600297Z: [   11.191507] scsi host2: ahci
[STDERR  ] 2018-01-02T15:20:53.339613361Z: [   11.193478] scsi host3: ahci
[STDERR  ] 2018-01-02T15:20:53.33962244Z: [   11.196225] scsi host4: ahci
[STDERR  ] 2018-01-02T15:20:53.339631128Z: [   11.198856] scsi host5: ahci
[STDERR  ] 2018-01-02T15:20:53.339640126Z: [   11.200791] ata1: SATA max UDMA/133 abar m4096@0xfebd2000 port 0xfebd2100 irq 24
[STDERR  ] 2018-01-02T15:20:53.339655839Z: [   11.201372] ata2: SATA max UDMA/133 abar m4096@0xfebd2000 port 0xfebd2180 irq 24
[STDERR  ] 2018-01-02T15:20:53.339661481Z: [   11.201796] ata3: SATA max UDMA/133 abar m4096@0xfebd2000 port 0xfebd2200 irq 24
[STDERR  ] 2018-01-02T15:20:53.339666841Z: [   11.202275] ata4: SATA max UDMA/133 abar m4096@0xfebd2000 port 0xfebd2280 irq 24
[STDERR  ] 2018-01-02T15:20:53.339672162Z: [   11.202630] ata5: SATA max UDMA/133 abar m4096@0xfebd2000 port 0xfebd2300 irq 24
[STDERR  ] 2018-01-02T15:20:53.339679618Z: [   11.202981] ata6: SATA max UDMA/133 abar m4096@0xfebd2000 port 0xfebd2380 irq 24
[STDERR  ] 2018-01-02T15:20:53.339684901Z: [   11.217190] tun: Universal TUN/TAP device driver, 1.6
[STDERR  ] 2018-01-02T15:20:53.339690335Z: [   11.217557] tun: (C) 1999-2004 Max Krasnyansky <maxk@qualcomm.com>
[STDERR  ] 2018-01-02T15:20:53.339695635Z: [   11.229863] VMware vmxnet3 virtual NIC driver - version 1.4.a.0-k-NAPI
[STDERR  ] 2018-01-02T15:20:53.339704902Z: [   11.231281] hv_vmbus: registering driver hv_netvsc
[STDERR  ] 2018-01-02T15:20:53.339712178Z: [   11.231561] Fusion MPT base driver 3.04.20
[STDERR  ] 2018-01-02T15:20:53.339721558Z: [   11.231821] Copyright (c) 1999-2008 LSI Corporation
[STDERR  ] 2018-01-02T15:20:53.339730617Z: [   11.232386] Fusion MPT SPI Host driver 3.04.20
[STDERR  ] 2018-01-02T15:20:53.339736272Z: [   11.235063] i8042: PNP: PS/2 Controller [PNP0303:KBD,PNP0f13:MOU] at 0x60,0x64 irq 1,12
[STDERR  ] 2018-01-02T15:20:53.339741939Z: [   11.239433] serio: i8042 KBD port at 0x60,0x64 irq 1
[STDERR  ] 2018-01-02T15:20:53.339747295Z: [   11.240414] serio: i8042 AUX port at 0x60,0x64 irq 12
[STDERR  ] 2018-01-02T15:20:53.339752599Z: [   11.243479] hv_vmbus: registering driver hyperv_keyboard
[STDERR  ] 2018-01-02T15:20:53.339758085Z: [   11.245334] mousedev: PS/2 mouse device common for all mice
[STDERR  ] 2018-01-02T15:20:53.339763549Z: [   11.251906] input: PC Speaker as /devices/platform/pcspkr/input/input2
[STDERR  ] 2018-01-02T15:20:53.339768965Z: [   11.253775] input: AT Translated Set 2 keyboard as /devices/platform/i8042/serio0/input/input1
[STDERR  ] 2018-01-02T15:20:53.339774542Z: [   11.258281] rtc_cmos 00:00: RTC can wake from S4
[STDERR  ] 2018-01-02T15:20:53.339779945Z: [   11.262748] rtc_cmos 00:00: rtc core: registered rtc_cmos as rtc0
[STDERR  ] 2018-01-02T15:20:53.339785271Z: [   11.264087] rtc_cmos 00:00: alarms up to one day, y3k, 114 bytes nvram, hpet irqs
[STDERR  ] 2018-01-02T15:20:53.339790567Z: [   11.264710] i2c /dev entries driver
[STDERR  ] 2018-01-02T15:20:53.339795881Z: [   11.267245] device-mapper: ioctl: 4.35.0-ioctl (2016-06-23) initialised: dm-devel@redhat.com
[STDERR  ] 2018-01-02T15:20:53.339805115Z: [   11.273953] usbcore: registered new interface driver usbhid
[STDERR  ] 2018-01-02T15:20:53.339813895Z: [   11.274268] usbhid: USB HID core driver
[STDERR  ] 2018-01-02T15:20:53.339822335Z: [   11.274902] hv_utils: Registering HyperV Utility Driver
[STDERR  ] 2018-01-02T15:20:53.339836941Z: [   11.275121] hv_vmbus: registering driver hv_util
[STDERR  ] 2018-01-02T15:20:53.339847245Z: [   11.275345] hv_vmbus: registering driver hv_balloon
[STDERR  ] 2018-01-02T15:20:53.339854645Z: [   11.275898] oprofile: using NMI interrupt.
[STDERR  ] 2018-01-02T15:20:53.33986003Z: [   11.277397] GACT probability on
[STDERR  ] 2018-01-02T15:20:53.33986545Z: [   11.277898] Mirror/redirect action on
[STDERR  ] 2018-01-02T15:20:53.33987097Z: [   11.278988] Simple TC action Loaded
[STDERR  ] 2018-01-02T15:20:53.339876303Z: [   11.279847] u32 classifier
[STDERR  ] 2018-01-02T15:20:53.33988174Z: [   11.280042]     Performance counters on
[STDERR  ] 2018-01-02T15:20:53.339887778Z: [   11.280652]     input device check on
[STDERR  ] 2018-01-02T15:20:53.339896848Z: [   11.280859]     Actions configured
[STDERR  ] 2018-01-02T15:20:53.339902506Z: [   11.281655] Netfilter messages via NETLINK v0.30.
[STDERR  ] 2018-01-02T15:20:53.339907965Z: [   11.282268] nfnl_acct: registering with nfnetlink.
[STDERR  ] 2018-01-02T15:20:53.339917368Z: [   11.284072] nf_conntrack version 0.5.0 (8192 buckets, 32768 max)
[STDERR  ] 2018-01-02T15:20:53.3399234Z: [   11.288293] ctnetlink v0.93: registering with nfnetlink.
[STDERR  ] 2018-01-02T15:20:53.339928966Z: [   11.293124] nf_tables: (c) 2007-2009 Patrick McHardy <kaber@trash.net>
[STDERR  ] 2018-01-02T15:20:53.339934502Z: [   11.294134] nf_tables_compat: (c) 2012 Pablo Neira Ayuso <pablo@netfilter.org>
[STDERR  ] 2018-01-02T15:20:53.339939959Z: [   11.296838] xt_time: kernel timezone is -0000
[STDERR  ] 2018-01-02T15:20:53.339945438Z: [   11.297390] ip_set: protocol 6
[STDERR  ] 2018-01-02T15:20:53.339950745Z: [   11.298150] IPVS: Registered protocols (TCP, UDP, SCTP, AH, ESP)
[STDERR  ] 2018-01-02T15:20:53.339959876Z: [   11.298732] IPVS: Connection hash table configured (size=4096, memory=64Kbytes)
[STDERR  ] 2018-01-02T15:20:53.339965519Z: [   11.301101] IPVS: Creating netns size=2104 id=0
[STDERR  ] 2018-01-02T15:20:53.339973482Z: [   11.304566] IPVS: ipvs loaded.
[STDERR  ] 2018-01-02T15:20:53.339982522Z: [   11.304925] IPVS: [rr] scheduler registered.
[STDERR  ] 2018-01-02T15:20:53.339991335Z: [   11.305280] IPVS: [wrr] scheduler registered.
[STDERR  ] 2018-01-02T15:20:53.3400012Z: [   11.305517] IPVS: [lc] scheduler registered.
[STDERR  ] 2018-01-02T15:20:53.340010292Z: [   11.305794] IPVS: [wlc] scheduler registered.
[STDERR  ] 2018-01-02T15:20:53.340019568Z: [   11.306049] IPVS: [fo] scheduler registered.
[STDERR  ] 2018-01-02T15:20:53.340029386Z: [   11.306309] IPVS: [ovf] scheduler registered.
[STDERR  ] 2018-01-02T15:20:53.340038114Z: [   11.306762] IPVS: [lblc] scheduler registered.
[STDERR  ] 2018-01-02T15:20:53.340050986Z: [   11.307164] IPVS: [lblcr] scheduler registered.
[STDERR  ] 2018-01-02T15:20:53.340060088Z: [   11.307465] IPVS: [dh] scheduler registered.
[STDERR  ] 2018-01-02T15:20:53.340069342Z: [   11.307769] IPVS: [sh] scheduler registered.
[STDERR  ] 2018-01-02T15:20:53.34007818Z: [   11.308027] IPVS: [sed] scheduler registered.
[STDERR  ] 2018-01-02T15:20:53.340083683Z: [   11.308268] IPVS: [nq] scheduler registered.
[STDERR  ] 2018-01-02T15:20:53.340089037Z: [   11.309077] IPVS: ftp: loaded support on port[0] = 21
[STDERR  ] 2018-01-02T15:20:53.34009448Z: [   11.309963] ipip: IPv4 and MPLS over IPv4 tunneling driver
[STDERR  ] 2018-01-02T15:20:53.340103599Z: [   11.315001] gre: GRE over IPv4 demultiplexor driver
[STDERR  ] 2018-01-02T15:20:53.340109459Z: [   11.317886] ip_tables: (C) 2000-2006 Netfilter Core Team
[STDERR  ] 2018-01-02T15:20:53.340114843Z: [   11.322244] ipt_CLUSTERIP: ClusterIP Version 0.8 loaded successfully
[STDERR  ] 2018-01-02T15:20:53.340122957Z: [   11.323012] arp_tables: arp_tables: (C) 2002 David S. Miller
[STDERR  ] 2018-01-02T15:20:53.340130603Z: [   11.325556] NET: Registered protocol family 10
[STDERR  ] 2018-01-02T15:20:53.340139416Z: [   11.336818] ip6_tables: (C) 2000-2006 Netfilter Core Team
[STDERR  ] 2018-01-02T15:20:53.340148627Z: [   11.346488] NET: Registered protocol family 17
[STDERR  ] 2018-01-02T15:20:53.340164286Z: [   11.347545] Bridge firewalling registered
[STDERR  ] 2018-01-02T15:20:53.340174653Z: [   11.348115] Ebtables v2.0 registered
[STDERR  ] 2018-01-02T15:20:53.340183977Z: [   11.349985] 8021q: 802.1Q VLAN Support v1.8
[STDERR  ] 2018-01-02T15:20:53.340192213Z: [   11.351986] 9pnet: Installing 9P2000 support
[STDERR  ] 2018-01-02T15:20:53.340200823Z: [   11.353898] Key type dns_resolver registered
[STDERR  ] 2018-01-02T15:20:53.34020959Z: [   11.354830] microcode: AMD CPU family 0x6 not supported
[STDERR  ] 2018-01-02T15:20:53.340218495Z: [   11.358163] registered taskstats version 1
[STDERR  ] 2018-01-02T15:20:53.34022801Z: [   11.531521] ata2: SATA link up 1.5 Gbps (SStatus 113 SControl 300)
[STDERR  ] 2018-01-02T15:20:53.340237142Z: [   11.535637] ata1: SATA link up 1.5 Gbps (SStatus 113 SControl 300)
[STDERR  ] 2018-01-02T15:20:53.340246152Z: [   11.538141] ata1.00: ATA-7: QEMU HARDDISK, 2.5+, max UDMA/100
[STDERR  ] 2018-01-02T15:20:53.340255122Z: [   11.538493] ata1.00: 1048576 sectors, multi 16: LBA48 NCQ (depth 31/32)
[STDERR  ] 2018-01-02T15:20:53.34027154Z: [   11.538995] ata1.00: applying bridge limits
[STDERR  ] 2018-01-02T15:20:53.34028435Z: [   11.540913] ata4: SATA link down (SStatus 0 SControl 300)
[STDERR  ] 2018-01-02T15:20:53.34029372Z: [   11.542333] ata3: SATA link up 1.5 Gbps (SStatus 113 SControl 300)
[STDERR  ] 2018-01-02T15:20:53.340313304Z: [   11.543007] ata3.00: ATAPI: QEMU DVD-ROM, 2.5+, max UDMA/100
[STDERR  ] 2018-01-02T15:20:53.340322798Z: [   11.543335] ata3.00: applying bridge limits
[STDERR  ] 2018-01-02T15:20:53.340331387Z: [   11.544278] ata3.00: configured for UDMA/100
[STDERR  ] 2018-01-02T15:20:53.340340187Z: [   11.546105] ata2.00: ATA-7: QEMU HARDDISK, 2.5+, max UDMA/100
[STDERR  ] 2018-01-02T15:20:53.340349251Z: [   11.546409] ata2.00: 1048576 sectors, multi 16: LBA48 NCQ (depth 31/32)
[STDERR  ] 2018-01-02T15:20:53.340358133Z: [   11.546747] ata2.00: applying bridge limits
[STDERR  ] 2018-01-02T15:20:53.340367347Z: [   11.547201] ata2.00: configured for UDMA/100
[STDERR  ] 2018-01-02T15:20:53.34037631Z: [   11.550943] ata5: SATA link down (SStatus 0 SControl 300)
[STDERR  ] 2018-01-02T15:20:53.340385344Z: [   11.551646] ata6: SATA link down (SStatus 0 SControl 300)
[STDERR  ] 2018-01-02T15:20:53.340394036Z: [   11.552199] ata1.00: configured for UDMA/100
[STDERR  ] 2018-01-02T15:20:53.340403764Z: [   11.570732] scsi 0:0:0:0: Direct-Access     ATA      QEMU HARDDISK    2.5+ PQ: 0 ANSI: 5
[STDERR  ] 2018-01-02T15:20:53.34041284Z: [   11.590807] sd 0:0:0:0: [sda] 1048576 512-byte logical blocks: (537 MB/512 MiB)
[STDERR  ] 2018-01-02T15:20:53.340494986Z: [   11.592407] sd 0:0:0:0: Attached scsi generic sg0 type 0
[STDERR  ] 2018-01-02T15:20:53.340506399Z: [   11.605350] sd 0:0:0:0: [sda] Write Protect is off
[STDERR  ] 2018-01-02T15:20:53.340515729Z: [   11.607318] scsi 1:0:0:0: Direct-Access     ATA      QEMU HARDDISK    2.5+ PQ: 0 ANSI: 5
[STDERR  ] 2018-01-02T15:20:53.340525568Z: [   11.611070] sd 1:0:0:0: [sdb] 1048576 512-byte logical blocks: (537 MB/512 MiB)
[STDERR  ] 2018-01-02T15:20:53.340534212Z: [   11.614531] sd 1:0:0:0: [sdb] Write Protect is off
[STDERR  ] 2018-01-02T15:20:53.340547274Z: [   11.615634] sd 0:0:0:0: [sda] Write cache: enabled, read cache: enabled, doesn't support DPO or FUA
[STDERR  ] 2018-01-02T15:20:53.340576514Z: [   11.616857] sd 1:0:0:0: Attached scsi generic sg1 type 0
[STDERR  ] 2018-01-02T15:20:53.340584988Z: [   11.618149] sd 1:0:0:0: [sdb] Write cache: enabled, read cache: enabled, doesn't support DPO or FUA
[STDERR  ] 2018-01-02T15:20:53.340593752Z: [   11.629452] scsi 2:0:0:0: CD-ROM            QEMU     QEMU DVD-ROM     2.5+ PQ: 0 ANSI: 5
[STDERR  ] 2018-01-02T15:20:53.340601918Z: [   11.655609] sr 2:0:0:0: [sr0] scsi3-mmc drive: 4x/4x cd/rw xa/form2 tray
[STDERR  ] 2018-01-02T15:20:53.340609988Z: [   11.656344] cdrom: Uniform CD-ROM driver Revision: 3.20
[STDERR  ] 2018-01-02T15:20:53.340617878Z: [   11.662252] Key type big_key registered
[STDERR  ] 2018-01-02T15:20:53.340644641Z: [   11.689679] sr 2:0:0:0: Attached scsi generic sg2 type 5
[STDERR  ] 2018-01-02T15:20:53.340654739Z: [   11.698465] sd 0:0:0:0: [sda] Attached SCSI disk
[STDERR  ] 2018-01-02T15:20:53.340663518Z: [   11.702788] sd 1:0:0:0: [sdb] Attached SCSI disk
[STDERR  ] 2018-01-02T15:20:53.340672279Z: [   11.850684] Key type encrypted registered
[STDERR  ] 2018-01-02T15:20:53.340681197Z: [   11.856460] rtc_cmos 00:00: setting system clock to 2018-01-02 15:20:04 UTC (1514906404)
[STDERR  ] 2018-01-02T15:20:53.340689377Z: [   12.018841] Freeing unused kernel memory: 1380K
[STDERR  ] 2018-01-02T15:20:53.340697119Z: [   12.019161] Write protecting the kernel read-only data: 12288k
[STDERR  ] 2018-01-02T15:20:53.340705081Z: [   12.021581] tsc: Refined TSC clocksource calibration: 2599.991 MHz
[STDERR  ] 2018-01-02T15:20:53.340728835Z: [   12.022143] clocksource: tsc: mask: 0xffffffffffffffff max_cycles: 0x257a339f942, max_idle_ns: 440795309996 ns
[STDERR  ] 2018-01-02T15:20:53.34073711Z: [   12.026013] Freeing unused kernel memory: 128K
[STDERR  ] 2018-01-02T15:20:53.340745226Z: [   12.095449] Freeing unused kernel memory: 1396K
[STDERR  ] 2018-01-02T15:20:53.340763278Z: [   13.036237] clocksource: Switched to clocksource tsc
[STDERR  ] 2018-01-02T15:20:53.340779599Z: 
[STDERR  ] 2018-01-02T15:20:53.340788268Z: Welcome to LinuxKit
[STDERR  ] 2018-01-02T15:20:53.340815386Z: 
[STDERR  ] 2018-01-02T15:20:53.340824271Z:                         ##         .
[STDERR  ] 2018-01-02T15:20:53.340833119Z:                   ## ## ##        ==
[STDERR  ] 2018-01-02T15:20:53.340841895Z:                ## ## ## ## ##    ===
[STDERR  ] 2018-01-02T15:20:53.340850455Z:            /"""""""""""""""""\___/ ===
[STDERR  ] 2018-01-02T15:20:53.340859121Z:           {                       /  ===-
[STDERR  ] 2018-01-02T15:20:53.340868422Z:            \______ O           __/
[STDERR  ] 2018-01-02T15:20:53.340890295Z:              \    \         __/
[STDERR  ] 2018-01-02T15:20:53.340899062Z:               \____\_______/
[STDERR  ] 2018-01-02T15:20:53.340907568Z: 
[STDERR  ] 2018-01-02T15:20:53.340915725Z: [   31.748756] IPVS: Creating netns size=2104 id=1
[STDERR  ] 2018-01-02T15:20:53.340923922Z: [   31.749232] IPVS: ftp: loaded support on port[0] = 21
[STDERR  ] 2018-01-02T15:20:53.340936679Z: 2018/01/02 15:20:25 Creating partition on /dev/sda
[STDERR  ] 2018-01-02T15:20:53.34094572Z: [   33.057414]  sda:
[STDERR  ] 2018-01-02T15:20:53.340966494Z: [   33.135477]  sda:
[STDERR  ] 2018-01-02T15:20:53.34097566Z: [   33.198627]  sda: sda1
[STDERR  ] 2018-01-02T15:20:53.340984262Z: [   33.270971]  sda: sda1
[STDERR  ] 2018-01-02T15:20:53.340991654Z: 2018/01/02 15:20:27 Partition /dev/sda1 successfully created!
[STDERR  ] 2018-01-02T15:20:53.340999899Z: [   35.951001] IPVS: Creating netns size=2104 id=2
[STDERR  ] 2018-01-02T15:20:53.341008794Z: [   35.951275] IPVS: ftp: loaded support on port[0] = 21
[STDERR  ] 2018-01-02T15:20:53.341016727Z: 2018/01/02 15:20:29 /dev/sda has content. blkid returned: /dev/sda: PTUUID="5a66340d" PTTYPE="dos"
[STDERR  ] 2018-01-02T15:20:53.341024844Z: 2018/01/02 15:20:29 Creating partition on /dev/sdb
[STDERR  ] 2018-01-02T15:20:53.341046873Z: [   37.568615]  sdb:
[STDERR  ] 2018-01-02T15:20:53.341056143Z: [   37.649111]  sdb:
[STDERR  ] 2018-01-02T15:20:53.341064303Z: [   37.721334]  sdb: sdb1
[STDERR  ] 2018-01-02T15:20:53.341072147Z: [   37.802713]  sdb: sdb1
[STDERR  ] 2018-01-02T15:20:53.341080126Z: 2018/01/02 15:20:32 Partition /dev/sdb1 successfully created!
[STDERR  ] 2018-01-02T15:20:53.341088033Z: [   40.566125] IPVS: Creating netns size=2104 id=3
[STDERR  ] 2018-01-02T15:20:53.341096416Z: [   40.566401] IPVS: ftp: loaded support on port[0] = 21
[STDERR  ] 2018-01-02T15:20:53.341104537Z: [   42.095211] EXT4-fs (sda1): couldn't mount as ext3 due to feature incompatibilities
[STDERR  ] 2018-01-02T15:20:53.341131897Z: [   42.104953] EXT4-fs (sda1): couldn't mount as ext2 due to feature incompatibilities
[STDERR  ] 2018-01-02T15:20:53.341141249Z: [   42.134230] EXT4-fs (sda1): mounted filesystem with ordered data mode. Opts: (null)
[STDERR  ] 2018-01-02T15:20:53.341160375Z: [   44.152024] IPVS: Creating netns size=2104 id=4
[STDERR  ] 2018-01-02T15:20:53.341168228Z: [   44.154192] IPVS: ftp: loaded support on port[0] = 21
[STDERR  ] 2018-01-02T15:20:53.341176965Z: [   45.841719] EXT4-fs (sdb1): couldn't mount as ext3 due to feature incompatibilities
[STDERR  ] 2018-01-02T15:20:53.341198921Z: [   45.851373] EXT4-fs (sdb1): couldn't mount as ext2 due to feature incompatibilities
[STDERR  ] 2018-01-02T15:20:53.341209361Z: [   45.880258] EXT4-fs (sdb1): mounted filesystem with ordered data mode. Opts: (null)
[STDERR  ] 2018-01-02T15:20:53.341217793Z: 2018/01/02 15:20:39 Failed to create "symlink ../../sda1 /dev/disk/by-uuid/63643d20-88aa-4d78-bb6b-a17c193dbe41: file exists": %!v(MISSING)
[STDERR  ] 2018-01-02T15:20:53.341228581Z: 2018/01/02 15:20:39 Failed to create "symlink ../../sdb1 /dev/disk/by-uuid/6253dd7b-43f7-49d3-9954-a5a266b6561b: file exists": %!v(MISSING)
[STDERR  ] 2018-01-02T15:20:53.341239901Z: format_mount test suite PASSED
[STDERR  ] 2018-01-02T15:20:53.341248907Z: [   59.583967] sd 1:0:0:0: [sdb] Synchronizing SCSI cache
[STDERR  ] 2018-01-02T15:20:53.341264095Z: [   59.585457] sd 1:0:0:0: [sdb] Stopping disk
[STDERR  ] 2018-01-02T15:20:53.341285511Z: [   59.586165] sd 0:0:0:0: [sda] Synchronizing SCSI cache
[STDERR  ] 2018-01-02T15:20:53.341294205Z: [   59.586723] sd 0:0:0:0: [sda] Stopping disk
[STDERR  ] 2018-01-02T15:20:53.341309677Z: [   59.592669] ACPI: Preparing to enter system sleep state S5
[STDERR  ] 2018-01-02T15:20:53.34131851Z: [   59.596923] reboot: Power down
[STDERR  ] 2018-01-02T15:20:53.341326775Z: + echo [    0.000000] Linux version 4.9.70-linuxkit (root@76d0ab89f7bc) (gcc version 6.4.0 (Alpine 6.4.0) ) #1 SMP Mon Dec 18 14:18:58 UTC 2017
[STDERR  ] 2018-01-02T15:20:53.341336167Z: [    0.000000] Command line: console=ttyS0 console=ttyAMA0
[STDERR  ] 2018-01-02T15:20:53.341344335Z: [    0.000000] x86/fpu: Legacy x87 FPU detected.
[STDERR  ] 2018-01-02T15:20:53.341367608Z: [    0.000000] x86/fpu: Using 'eager' FPU context switches.
[STDERR  ] 2018-01-02T15:20:53.341377194Z: [    0.000000] e820: BIOS-provided physical RAM map:
[STDERR  ] 2018-01-02T15:20:53.341385776Z: [    0.000000] BIOS-e820: [mem 0x0000000000000000-0x000000000009fbff] usable
[STDERR  ] 2018-01-02T15:20:53.341394181Z: [    0.000000] BIOS-e820: [mem 0x000000000009fc00-0x000000000009ffff] reserved
[STDERR  ] 2018-01-02T15:20:53.341402498Z: [    0.000000] BIOS-e820: [mem 0x00000000000f0000-0x00000000000fffff] reserved
[STDERR  ] 2018-01-02T15:20:53.341411298Z: [    0.000000] BIOS-e820: [mem 0x0000000000100000-0x000000003ffddfff] usable
[STDERR  ] 2018-01-02T15:20:53.341420042Z: [    0.000000] BIOS-e820: [mem 0x000000003ffde000-0x000000003fffffff] reserved
[STDERR  ] 2018-01-02T15:20:53.341442544Z: [    0.000000] BIOS-e820: [mem 0x00000000b0000000-0x00000000bfffffff] reserved
[STDERR  ] 2018-01-02T15:20:53.34145131Z: [    0.000000] BIOS-e820: [mem 0x00000000fed1c000-0x00000000fed1ffff] reserved
[STDERR  ] 2018-01-02T15:20:53.341463271Z: [    0.000000] BIOS-e820: [mem 0x00000000fffc0000-0x00000000ffffffff] reserved
[STDERR  ] 2018-01-02T15:20:53.341472231Z: [    0.000000] NX (Execute Disable) protection: active
[STDERR  ] 2018-01-02T15:20:53.34148076Z: [    0.000000] SMBIOS 2.8 present.
[STDERR  ] 2018-01-02T15:20:53.341489008Z: [    0.000000] e820: last_pfn = 0x3ffde max_arch_pfn = 0x400000000
[STDERR  ] 2018-01-02T15:20:53.341500436Z: [    0.000000] x86/PAT: Configuration [0-7]: WB  WC  UC- UC  WB  WC  UC- WT  
[STDERR  ] 2018-01-02T15:20:53.34152767Z: [    0.000000] found SMP MP-table at [mem 0x000f6aa0-0x000f6aaf] mapped at [ffff8eba400f6aa0]
[STDERR  ] 2018-01-02T15:20:53.341536914Z: [    0.000000] RAMDISK: [mem 0x3d7f9000-0x3ffcffff]
[STDERR  ] 2018-01-02T15:20:53.341546114Z: [    0.000000] ACPI: Early table checksum verification disabled
[STDERR  ] 2018-01-02T15:20:53.341558218Z: [    0.000000] ACPI: RSDP 0x00000000000F68B0 000014 (v00 BOCHS )
[STDERR  ] 2018-01-02T15:20:53.341566542Z: [    0.000000] ACPI: RSDT 0x000000003FFE20A8 000034 (v01 BOCHS  BXPCRSDT 00000001 BXPC 00000001)
[STDERR  ] 2018-01-02T15:20:53.341597379Z: [    0.000000] ACPI: FACP 0x000000003FFE1EC8 0000F4 (v03 BOCHS  BXPCFACP 00000001 BXPC 00000001)
[STDERR  ] 2018-01-02T15:20:53.341609489Z: [    0.000000] ACPI: DSDT 0x000000003FFE0040 001E88 (v01 BOCHS  BXPCDSDT 00000001 BXPC 00000001)
[STDERR  ] 2018-01-02T15:20:53.341617945Z: [    0.000000] ACPI: FACS 0x000000003FFE0000 000040
[STDERR  ] 2018-01-02T15:20:53.341625845Z: [    0.000000] ACPI: APIC 0x000000003FFE1FBC 000078 (v01 BOCHS  BXPCAPIC 00000001 BXPC 00000001)
[STDERR  ] 2018-01-02T15:20:53.341634311Z: [    0.000000] ACPI: HPET 0x000000003FFE2034 000038 (v01 BOCHS  BXPCHPET 00000001 BXPC 00000001)
[STDERR  ] 2018-01-02T15:20:53.341647231Z: [    0.000000] ACPI: MCFG 0x000000003FFE206C 00003C (v01 BOCHS  BXPCMCFG 00000001 BXPC 00000001)
[STDERR  ] 2018-01-02T15:20:53.341656713Z: [    0.000000] Zone ranges:
[STDERR  ] 2018-01-02T15:20:53.341676275Z: [    0.000000]   DMA      [mem 0x0000000000001000-0x0000000000ffffff]
[STDERR  ] 2018-01-02T15:20:53.341687441Z: [    0.000000]   DMA32    [mem 0x0000000001000000-0x000000003ffddfff]
[STDERR  ] 2018-01-02T15:20:53.341702643Z: [    0.000000]   Normal   empty
[STDERR  ] 2018-01-02T15:20:53.341711643Z: [    0.000000] Movable zone start for each node
[STDERR  ] 2018-01-02T15:20:53.341720321Z: [    0.000000] Early memory node ranges
[STDERR  ] 2018-01-02T15:20:53.341728911Z: [    0.000000]   node   0: [mem 0x0000000000001000-0x000000000009efff]
[STDERR  ] 2018-01-02T15:20:53.341737023Z: [    0.000000]   node   0: [mem 0x0000000000100000-0x000000003ffddfff]
[STDERR  ] 2018-01-02T15:20:53.341758395Z: [    0.000000] Initmem setup node 0 [mem 0x0000000000001000-0x000000003ffddfff]
[STDERR  ] 2018-01-02T15:20:53.341768318Z: [    0.000000] ACPI: PM-Timer IO Port: 0x608
[STDERR  ] 2018-01-02T15:20:53.341777348Z: [    0.000000] ACPI: LAPIC_NMI (acpi_id[0xff] dfl dfl lint[0x1])
[STDERR  ] 2018-01-02T15:20:53.341786201Z: [    0.000000] IOAPIC[0]: apic_id 0, version 32, address 0xfec00000, GSI 0-23
[STDERR  ] 2018-01-02T15:20:53.341799869Z: [    0.000000] ACPI: INT_SRC_OVR (bus 0 bus_irq 0 global_irq 2 dfl dfl)
[STDERR  ] 2018-01-02T15:20:53.341809226Z: [    0.000000] ACPI: INT_SRC_OVR (bus 0 bus_irq 5 global_irq 5 high level)
[STDERR  ] 2018-01-02T15:20:53.341817389Z: [    0.000000] ACPI: INT_SRC_OVR (bus 0 bus_irq 9 global_irq 9 high level)
[STDERR  ] 2018-01-02T15:20:53.341838884Z: [    0.000000] ACPI: INT_SRC_OVR (bus 0 bus_irq 10 global_irq 10 high level)
[STDERR  ] 2018-01-02T15:20:53.341848174Z: [    0.000000] ACPI: INT_SRC_OVR (bus 0 bus_irq 11 global_irq 11 high level)
[STDERR  ] 2018-01-02T15:20:53.341856839Z: [    0.000000] Using ACPI (MADT) for SMP configuration information
[STDERR  ] 2018-01-02T15:20:53.34186506Z: [    0.000000] ACPI: HPET id: 0x8086a201 base: 0xfed00000
[STDERR  ] 2018-01-02T15:20:53.341874194Z: [    0.000000] smpboot: Allowing 1 CPUs, 0 hotplug CPUs
[STDERR  ] 2018-01-02T15:20:53.341882544Z: [    0.000000] e820: [mem 0x40000000-0xafffffff] available for PCI devices
[STDERR  ] 2018-01-02T15:20:53.341890649Z: [    0.000000] Booting paravirtualized kernel on bare hardware
[STDERR  ] 2018-01-02T15:20:53.341899078Z: [    0.000000] clocksource: refined-jiffies: mask: 0xffffffff max_cycles: 0xffffffff, max_idle_ns: 19112604462750000 ns
[STDERR  ] 2018-01-02T15:20:53.341925288Z: [    0.000000] setup_percpu: NR_CPUS:128 nr_cpumask_bits:128 nr_cpu_ids:1 nr_node_ids:1
[STDERR  ] 2018-01-02T15:20:53.341933892Z: [    0.000000] percpu: Embedded 35 pages/cpu @ffff8eba7d400000 s105048 r8192 d30120 u2097152
[STDERR  ] 2018-01-02T15:20:53.341942636Z: [    0.000000] Built 1 zonelists in Zone order, mobility grouping on.  Total pages: 257895
[STDERR  ] 2018-01-02T15:20:53.341954138Z: [    0.000000] Kernel command line: console=ttyS0 console=ttyAMA0
[STDERR  ] 2018-01-02T15:20:53.341962768Z: [    0.000000] PID hash table entries: 4096 (order: 3, 32768 bytes)
[STDERR  ] 2018-01-02T15:20:53.341971321Z: [    0.000000] Dentry cache hash table entries: 131072 (order: 8, 1048576 bytes)
[STDERR  ] 2018-01-02T15:20:53.341999834Z: [    0.000000] Inode-cache hash table entries: 65536 (order: 7, 524288 bytes)
[STDERR  ] 2018-01-02T15:20:53.342009608Z: [    0.000000] Memory: 973372K/1048048K available (8048K kernel code, 1367K rwdata, 2700K rodata, 1380K init, 568K bss, 74676K reserved, 0K cma-reserved)
[STDERR  ] 2018-01-02T15:20:53.342019775Z: [    0.000000] Hierarchical RCU implementation.
[STDERR  ] 2018-01-02T15:20:53.342028379Z: [    0.000000] 	Build-time adjustment of leaf fanout to 64.
[STDERR  ] 2018-01-02T15:20:53.342036675Z: [    0.000000] 	RCU restricting CPUs from NR_CPUS=128 to nr_cpu_ids=1.
[STDERR  ] 2018-01-02T15:20:53.342044457Z: [    0.000000] RCU: Adjusting geometry for rcu_fanout_leaf=64, nr_cpu_ids=1
[STDERR  ] 2018-01-02T15:20:53.342052913Z: [    0.000000] NR_IRQS:8448 nr_irqs:256 16
[STDERR  ] 2018-01-02T15:20:53.342071112Z: [    0.000000] Console: colour VGA+ 80x25
[STDERR  ] 2018-01-02T15:20:53.34208097Z: [    0.000000] console [ttyS0] enabled
[STDERR  ] 2018-01-02T15:20:53.342089485Z: [    0.000000] clocksource: hpet: mask: 0xffffffff max_cycles: 0xffffffff, max_idle_ns: 19112604467 ns
[STDERR  ] 2018-01-02T15:20:53.342106373Z: [    0.000000] tsc: Fast TSC calibration using PIT
[STDERR  ] 2018-01-02T15:20:53.34211518Z: [    0.000000] tsc: Detected 2599.992 MHz processor
[STDERR  ] 2018-01-02T15:20:53.342123446Z: [    0.011520] Calibrating delay loop (skipped), value calculated using timer frequency.. 5199.98 BogoMIPS (lpj=25999920)
[STDERR  ] 2018-01-02T15:20:53.342132062Z: [    0.012611] pid_max: default: 32768 minimum: 301
