[INFO    ] 2017-10-30T17:28:30.812218934Z: Running Test linuxkit.kernel.config_4.4.x in /tmp/with_clone329a7b4/test/cases/020_kernel/000_config_4.4.x
[INFO    ] 2017-10-30T17:28:30.812304619Z: Running command: [/bin/sh -x /tmp/with_clone329a7b4/test/cases/020_kernel/000_config_4.4.x/test.sh]
[STDERR  ] 2017-10-30T17:28:30.812724943Z: + set -e
[STDERR  ] 2017-10-30T17:28:30.812766828Z: + . /tmp/with_clone329a7b4/test/cases/_lib/lib.sh
[STDERR  ] 2017-10-30T17:28:30.81278165Z: + [ -f src/github.com/linuxkit/rtf/lib/lib.sh ]
[STDERR  ] 2017-10-30T17:28:30.812813277Z: + LINUXKIT_TMPDIR=/tmp/with_clone329a7b4/test/cases/_tmp
[STDERR  ] 2017-10-30T17:28:30.812834928Z: + [ -f /tmp/with_clone329a7b4/test/cases/_tmp/env.sh ]
[STDERR  ] 2017-10-30T17:28:30.812849187Z: + . /tmp/with_clone329a7b4/test/cases/_tmp/env.sh
[STDERR  ] 2017-10-30T17:28:30.812865765Z: + export LINUXKIT_EXAMPLES_DIR=/tmp/with_clone329a7b4/test/cases/../../examples
[STDERR  ] 2017-10-30T17:28:30.812882308Z: + export LINUXKIT_BLUEPRINTS_DIR=/tmp/with_clone329a7b4/test/cases/../../blueprints
[STDERR  ] 2017-10-30T17:28:30.812897545Z: + RT_CANCEL=253
[STDERR  ] 2017-10-30T17:28:30.812912381Z: + NAME=kconfig
[STDERR  ] 2017-10-30T17:28:30.812934682Z: + trap clean_up EXIT
[STDERR  ] 2017-10-30T17:28:30.812950057Z: + moby build -format kernel+initrd -name kconfig test.yml
[STDERR  ] 2017-10-30T17:28:30.823370857Z: Extract kernel image: linuxkit/kernel:4.4.95
[STDERR  ] 2017-10-30T17:28:38.403118423Z: Add init containers:
[STDERR  ] 2017-10-30T17:28:42.800359103Z: Add onboot containers:
[STDERR  ] 2017-10-30T17:28:42.80048155Z:   Create OCI config for linuxkit/test-kernel-config:ff8fac1c318403aff3e2993dd9b130304e09f92e
[STDERR  ] 2017-10-30T17:28:43.952801333Z: time="2017-10-30T17:28:43Z" level=warning msg="certificate with CN Rolf Neugebauer is near expiry" 
[STDERR  ] 2017-10-30T17:28:43.956495157Z: time="2017-10-30T17:28:43Z" level=warning msg="certificate with CN Rolf Neugebauer is near expiry" 
[STDERR  ] 2017-10-30T17:28:44.768518788Z:   Create OCI config for linuxkit/poweroff:280bd01daa8776fbe1f4d912977f1886b8374834
[STDERR  ] 2017-10-30T17:28:45.742175936Z: time="2017-10-30T17:28:45Z" level=warning msg="certificate with CN Rolf Neugebauer is near expiry" 
[STDERR  ] 2017-10-30T17:28:45.743913374Z: time="2017-10-30T17:28:45Z" level=warning msg="certificate with CN Rolf Neugebauer is near expiry" 
[STDERR  ] 2017-10-30T17:28:46.285206823Z: Create outputs:
[STDERR  ] 2017-10-30T17:28:50.300845122Z:   kconfig-kernel kconfig-initrd.img kconfig-cmdline
[STDERR  ] 2017-10-30T17:28:50.498946475Z: + linuxkit run kconfig
[STDERR  ] 2017-10-30T17:29:33.200694351Z: + RESULT=[    0.000000] Initializing cgroup subsys cpuset
[STDERR  ] 2017-10-30T17:29:33.2007659Z: [    0.000000] Initializing cgroup subsys cpu
[STDERR  ] 2017-10-30T17:29:33.200781771Z: [    0.000000] Initializing cgroup subsys cpuacct
[STDERR  ] 2017-10-30T17:29:33.200796828Z: [    0.000000] Linux version 4.4.95-linuxkit (root@d45703099dc1) (gcc version 6.3.0 (Alpine 6.3.0) ) #1 SMP Sat Oct 28 17:13:38 UTC 2017
[STDERR  ] 2017-10-30T17:29:33.200812668Z: [    0.000000] Command line: console=ttyS0
[STDERR  ] 2017-10-30T17:29:33.200826221Z: [    0.000000] x86/fpu: Legacy x87 FPU detected.
[STDERR  ] 2017-10-30T17:29:33.200839706Z: [    0.000000] x86/fpu: Using 'lazy' FPU context switches.
[STDERR  ] 2017-10-30T17:29:33.200853663Z: [    0.000000] e820: BIOS-provided physical RAM map:
[STDERR  ] 2017-10-30T17:29:33.200868773Z: [    0.000000] BIOS-e820: [mem 0x0000000000000000-0x000000000009fbff] usable
[STDERR  ] 2017-10-30T17:29:33.20089047Z: [    0.000000] BIOS-e820: [mem 0x000000000009fc00-0x000000000009ffff] reserved
[STDERR  ] 2017-10-30T17:29:33.200905452Z: [    0.000000] BIOS-e820: [mem 0x00000000000f0000-0x00000000000fffff] reserved
[STDERR  ] 2017-10-30T17:29:33.200920181Z: [    0.000000] BIOS-e820: [mem 0x0000000000100000-0x000000003ffdefff] usable
[STDERR  ] 2017-10-30T17:29:33.200934647Z: [    0.000000] BIOS-e820: [mem 0x000000003ffdf000-0x000000003fffffff] reserved
[STDERR  ] 2017-10-30T17:29:33.200948238Z: [    0.000000] BIOS-e820: [mem 0x00000000b0000000-0x00000000bfffffff] reserved
[STDERR  ] 2017-10-30T17:29:33.20097534Z: [    0.000000] BIOS-e820: [mem 0x00000000fed1c000-0x00000000fed1ffff] reserved
[STDERR  ] 2017-10-30T17:29:33.200989646Z: [    0.000000] BIOS-e820: [mem 0x00000000fffc0000-0x00000000ffffffff] reserved
[STDERR  ] 2017-10-30T17:29:33.201002996Z: [    0.000000] NX (Execute Disable) protection: active
[STDERR  ] 2017-10-30T17:29:33.201016164Z: [    0.000000] SMBIOS 2.8 present.
[STDERR  ] 2017-10-30T17:29:33.201029437Z: [    0.000000] e820: last_pfn = 0x3ffdf max_arch_pfn = 0x400000000
[STDERR  ] 2017-10-30T17:29:33.201042998Z: [    0.000000] x86/PAT: Configuration [0-7]: WB  WC  UC- UC  WB  WC  UC- WT  
[STDERR  ] 2017-10-30T17:29:33.201056131Z: [    0.000000] found SMP MP-table at [mem 0x000f6aa0-0x000f6aaf] mapped at [ffff8800000f6aa0]
[STDERR  ] 2017-10-30T17:29:33.201069536Z: [    0.000000] RAMDISK: [mem 0x3e8e7000-0x3ffcffff]
[STDERR  ] 2017-10-30T17:29:33.201082466Z: [    0.000000] ACPI: Early table checksum verification disabled
[STDERR  ] 2017-10-30T17:29:33.201095724Z: [    0.000000] ACPI: RSDP 0x00000000000F68C0 000014 (v00 BOCHS )
[STDERR  ] 2017-10-30T17:29:33.201117806Z: [    0.000000] ACPI: RSDT 0x000000003FFE2404 000034 (v01 BOCHS  BXPCRSDT 00000001 BXPC 00000001)
[STDERR  ] 2017-10-30T17:29:33.201131491Z: [    0.000000] ACPI: FACP 0x000000003FFE22A4 000074 (v01 BOCHS  BXPCFACP 00000001 BXPC 00000001)
[STDERR  ] 2017-10-30T17:29:33.201147121Z: [    0.000000] ACPI: DSDT 0x000000003FFE0040 002264 (v01 BOCHS  BXPCDSDT 00000001 BXPC 00000001)
[STDERR  ] 2017-10-30T17:29:33.20116505Z: [    0.000000] ACPI: FACS 0x000000003FFE0000 000040
[STDERR  ] 2017-10-30T17:29:33.201178891Z: [    0.000000] ACPI: APIC 0x000000003FFE2318 000078 (v01 BOCHS  BXPCAPIC 00000001 BXPC 00000001)
[STDERR  ] 2017-10-30T17:29:33.201192885Z: [    0.000000] ACPI: HPET 0x000000003FFE2390 000038 (v01 BOCHS  BXPCHPET 00000001 BXPC 00000001)
[STDERR  ] 2017-10-30T17:29:33.201205783Z: [    0.000000] ACPI: MCFG 0x000000003FFE23C8 00003C (v01 BOCHS  BXPCMCFG 00000001 BXPC 00000001)
[STDERR  ] 2017-10-30T17:29:33.201220176Z: [    0.000000] Zone ranges:
[STDERR  ] 2017-10-30T17:29:33.201232941Z: [    0.000000]   DMA      [mem 0x0000000000001000-0x0000000000ffffff]
[STDERR  ] 2017-10-30T17:29:33.201245352Z: [    0.000000]   DMA32    [mem 0x0000000001000000-0x000000003ffdefff]
[STDERR  ] 2017-10-30T17:29:33.201257432Z: [    0.000000]   Normal   empty
[STDERR  ] 2017-10-30T17:29:33.201271294Z: [    0.000000] Movable zone start for each node
[STDERR  ] 2017-10-30T17:29:33.201285949Z: [    0.000000] Early memory node ranges
[STDERR  ] 2017-10-30T17:29:33.201298919Z: [    0.000000]   node   0: [mem 0x0000000000001000-0x000000000009efff]
[STDERR  ] 2017-10-30T17:29:33.201312219Z: [    0.000000]   node   0: [mem 0x0000000000100000-0x000000003ffdefff]
[STDERR  ] 2017-10-30T17:29:33.201332784Z: [    0.000000] Initmem setup node 0 [mem 0x0000000000001000-0x000000003ffdefff]
[STDERR  ] 2017-10-30T17:29:33.201346226Z: [    0.000000] ACPI: PM-Timer IO Port: 0x608
[STDERR  ] 2017-10-30T17:29:33.201358768Z: [    0.000000] ACPI: LAPIC_NMI (acpi_id[0xff] dfl dfl lint[0x1])
[STDERR  ] 2017-10-30T17:29:33.201371676Z: [    0.000000] IOAPIC[0]: apic_id 0, version 32, address 0xfec00000, GSI 0-23
[STDERR  ] 2017-10-30T17:29:33.201384809Z: [    0.000000] ACPI: INT_SRC_OVR (bus 0 bus_irq 0 global_irq 2 dfl dfl)
[STDERR  ] 2017-10-30T17:29:33.201398258Z: [    0.000000] ACPI: INT_SRC_OVR (bus 0 bus_irq 5 global_irq 5 high level)
[STDERR  ] 2017-10-30T17:29:33.201411269Z: [    0.000000] ACPI: INT_SRC_OVR (bus 0 bus_irq 9 global_irq 9 high level)
[STDERR  ] 2017-10-30T17:29:33.201424185Z: [    0.000000] ACPI: INT_SRC_OVR (bus 0 bus_irq 10 global_irq 10 high level)
[STDERR  ] 2017-10-30T17:29:33.201436553Z: [    0.000000] ACPI: INT_SRC_OVR (bus 0 bus_irq 11 global_irq 11 high level)
[STDERR  ] 2017-10-30T17:29:33.201449814Z: [    0.000000] Using ACPI (MADT) for SMP configuration information
[STDERR  ] 2017-10-30T17:29:33.201462445Z: [    0.000000] ACPI: HPET id: 0x8086a201 base: 0xfed00000
[STDERR  ] 2017-10-30T17:29:33.201481045Z: [    0.000000] smpboot: Allowing 1 CPUs, 0 hotplug CPUs
[STDERR  ] 2017-10-30T17:29:33.201494286Z: [    0.000000] e820: [mem 0x40000000-0xafffffff] available for PCI devices
[STDERR  ] 2017-10-30T17:29:33.201507006Z: [    0.000000] Booting paravirtualized kernel on bare hardware
[STDERR  ] 2017-10-30T17:29:33.201520092Z: [    0.000000] clocksource: refined-jiffies: mask: 0xffffffff max_cycles: 0xffffffff, max_idle_ns: 19112604462750000 ns
[STDERR  ] 2017-10-30T17:29:33.20153482Z: [    0.000000] setup_percpu: NR_CPUS:128 nr_cpumask_bits:128 nr_cpu_ids:1 nr_node_ids:1
[STDERR  ] 2017-10-30T17:29:33.201548433Z: [    0.000000] PERCPU: Embedded 33 pages/cpu @ffff88003e600000 s95896 r8192 d31080 u2097152
[STDERR  ] 2017-10-30T17:29:33.201562251Z: [    0.000000] Built 1 zonelists in Zone order, mobility grouping on.  Total pages: 257896
[STDERR  ] 2017-10-30T17:29:33.201575282Z: [    0.000000] Kernel command line: console=ttyS0
[STDERR  ] 2017-10-30T17:29:33.201588385Z: [    0.000000] PID hash table entries: 4096 (order: 3, 32768 bytes)
[STDERR  ] 2017-10-30T17:29:33.201601436Z: [    0.000000] Dentry cache hash table entries: 131072 (order: 8, 1048576 bytes)
[STDERR  ] 2017-10-30T17:29:33.201620125Z: [    0.000000] Inode-cache hash table entries: 65536 (order: 7, 524288 bytes)
[STDERR  ] 2017-10-30T17:29:33.201634397Z: [    0.000000] Memory: 990624K/1048052K available (7634K kernel code, 1259K rwdata, 2704K rodata, 1296K init, 688K bss, 57428K reserved, 0K cma-reserved)
[STDERR  ] 2017-10-30T17:29:33.201660387Z: [    0.000000] Hierarchical RCU implementation.
[STDERR  ] 2017-10-30T17:29:33.201673889Z: [    0.000000] 	Build-time adjustment of leaf fanout to 64.
[STDERR  ] 2017-10-30T17:29:33.201687143Z: [    0.000000] 	RCU restricting CPUs from NR_CPUS=128 to nr_cpu_ids=1.
[STDERR  ] 2017-10-30T17:29:33.201700514Z: [    0.000000] RCU: Adjusting geometry for rcu_fanout_leaf=64, nr_cpu_ids=1
[STDERR  ] 2017-10-30T17:29:33.201713393Z: [    0.000000] NR_IRQS:8448 nr_irqs:256 16
[STDERR  ] 2017-10-30T17:29:33.201726241Z: [    0.000000] Console: colour VGA+ 80x25
[STDERR  ] 2017-10-30T17:29:33.201738976Z: [    0.000000] console [ttyS0] enabled
[STDERR  ] 2017-10-30T17:29:33.201752365Z: [    0.000000] clocksource: hpet: mask: 0xffffffff max_cycles: 0xffffffff, max_idle_ns: 19112604467 ns
[STDERR  ] 2017-10-30T17:29:33.201765708Z: [    0.000000] tsc: Fast TSC calibration using PIT
[STDERR  ] 2017-10-30T17:29:33.201778338Z: [    0.000000] tsc: Detected 2300.112 MHz processor
[STDERR  ] 2017-10-30T17:29:33.201790875Z: [    0.021887] Calibrating delay loop (skipped), value calculated using timer frequency.. 4600.22 BogoMIPS (lpj=23001120)
[STDERR  ] 2017-10-30T17:29:33.201809258Z: [    0.023113] pid_max: default: 32768 minimum: 301
[STDERR  ] 2017-10-30T17:29:33.201822051Z: [    0.023764] ACPI: Core revision 20150930
[STDERR  ] 2017-10-30T17:29:33.201835125Z: [    0.090584] ACPI: 1 ACPI AML tables successfully acquired and loaded
[STDERR  ] 2017-10-30T17:29:33.201848202Z: [    0.092888] Security Framework initialized
[STDERR  ] 2017-10-30T17:29:33.201866052Z: [    0.093389] Yama: becoming mindful.
[STDERR  ] 2017-10-30T17:29:33.201878664Z: [    0.099069] Mount-cache hash table entries: 2048 (order: 2, 16384 bytes)
[STDERR  ] 2017-10-30T17:29:33.201891975Z: [    0.099861] Mountpoint-cache hash table entries: 2048 (order: 2, 16384 bytes)
[STDERR  ] 2017-10-30T17:29:33.20190492Z: [    0.124930] Initializing cgroup subsys io
[STDERR  ] 2017-10-30T17:29:33.201917906Z: [    0.126136] Initializing cgroup subsys memory
[STDERR  ] 2017-10-30T17:29:33.201930426Z: [    0.127476] Initializing cgroup subsys devices
[STDERR  ] 2017-10-30T17:29:33.201943234Z: [    0.128123] Initializing cgroup subsys freezer
[STDERR  ] 2017-10-30T17:29:33.201955724Z: [    0.128759] Initializing cgroup subsys net_cls
[STDERR  ] 2017-10-30T17:29:33.201968439Z: [    0.129337] Initializing cgroup subsys perf_event
[STDERR  ] 2017-10-30T17:29:33.201980828Z: [    0.129751] Initializing cgroup subsys net_prio
[STDERR  ] 2017-10-30T17:29:33.201997881Z: [    0.130272] Initializing cgroup subsys hugetlb
[STDERR  ] 2017-10-30T17:29:33.202010442Z: [    0.130998] Initializing cgroup subsys pids
[STDERR  ] 2017-10-30T17:29:33.20202322Z: [    0.134750] Last level iTLB entries: 4KB 0, 2MB 0, 4MB 0
[STDERR  ] 2017-10-30T17:29:33.202036781Z: [    0.135078] Last level dTLB entries: 4KB 0, 2MB 0, 4MB 0, 1GB 0
[STDERR  ] 2017-10-30T17:29:33.202050475Z: [    0.407156] Freeing SMP alternatives memory: 20K
[STDERR  ] 2017-10-30T17:29:33.202063145Z: [    0.414469] ftrace: allocating 33472 entries in 131 pages
[STDERR  ] 2017-10-30T17:29:33.202076465Z: [    0.583960] ..TIMER: vector=0x30 apic1=0 pin1=2 apic2=-1 pin2=-1
[STDERR  ] 2017-10-30T17:29:33.202089188Z: [    0.690000] smpboot: CPU0: AMD QEMU Virtual CPU version 2.5+ (family: 0x6, model: 0x6, stepping: 0x3)
[STDERR  ] 2017-10-30T17:29:33.202102612Z: [    0.690000] Performance Events: Broken PMU hardware detected, using software events only.
[STDERR  ] 2017-10-30T17:29:33.202115918Z: [    0.690000] Failed to access perfctr msr (MSR c0010007 is 0)
[STDERR  ] 2017-10-30T17:29:33.202129582Z: [    0.694203] x86: Booted up 1 node, 1 CPUs
[STDERR  ] 2017-10-30T17:29:33.202152099Z: [    0.694567] smpboot: Total of 1 processors activated (4600.22 BogoMIPS)
[STDERR  ] 2017-10-30T17:29:33.20216604Z: [    0.702089] NMI watchdog: disabled (cpu0): hardware events not enabled
[STDERR  ] 2017-10-30T17:29:33.202178797Z: [    0.702533] NMI watchdog: Shutting down hard lockup detector on all cpus
[STDERR  ] 2017-10-30T17:29:33.202192756Z: [    0.712071] devtmpfs: initialized
[STDERR  ] 2017-10-30T17:29:33.202205718Z: [    0.786452] clocksource: jiffies: mask: 0xffffffff max_cycles: 0xffffffff, max_idle_ns: 19112604462750000 ns
[STDERR  ] 2017-10-30T17:29:33.202219457Z: [    0.787408] futex hash table entries: 256 (order: 2, 16384 bytes)
[STDERR  ] 2017-10-30T17:29:33.202232578Z: [    0.798668] NET: Registered protocol family 16
[STDERR  ] 2017-10-30T17:29:33.202245388Z: [    0.805438] cpuidle: using governor ladder
[STDERR  ] 2017-10-30T17:29:33.202258032Z: [    0.805870] cpuidle: using governor menu
[STDERR  ] 2017-10-30T17:29:33.202270804Z: [    0.807223] ACPI: bus type PCI registered
[STDERR  ] 2017-10-30T17:29:33.202283461Z: [    0.810308] PCI: MMCONFIG for domain 0000 [bus 00-ff] at [mem 0xb0000000-0xbfffffff] (base 0xb0000000)
[STDERR  ] 2017-10-30T17:29:33.202297669Z: [    0.811132] PCI: MMCONFIG at [mem 0xb0000000-0xbfffffff] reserved in E820
[STDERR  ] 2017-10-30T17:29:33.202310791Z: [    0.812396] PCI: Using configuration type 1 for base access
[STDERR  ] 2017-10-30T17:29:33.202327749Z: [    0.871147] ACPI: Added _OSI(Module Device)
[STDERR  ] 2017-10-30T17:29:33.202340219Z: [    0.871471] ACPI: Added _OSI(Processor Device)
[STDERR  ] 2017-10-30T17:29:33.202352808Z: [    0.871839] ACPI: Added _OSI(3.0 _SCP Extensions)
[STDERR  ] 2017-10-30T17:29:33.202365252Z: [    0.872138] ACPI: Added _OSI(Processor Aggregator Device)
[STDERR  ] 2017-10-30T17:29:33.20237826Z: [    0.951111] ACPI: Interpreter enabled
[STDERR  ] 2017-10-30T17:29:33.202390862Z: [    0.952174] ACPI: (supports S0 S5)
[STDERR  ] 2017-10-30T17:29:33.202408541Z: [    0.952495] ACPI: Using IOAPIC for interrupt routing
[STDERR  ] 2017-10-30T17:29:33.2024224Z: [    0.954217] PCI: Using host bridge windows from ACPI; if necessary, use "pci=nocrs" and report a bug
[STDERR  ] 2017-10-30T17:29:33.202436457Z: [    1.016750] ACPI: PCI Root Bridge [PCI0] (domain 0000 [bus 00-ff])
[STDERR  ] 2017-10-30T17:29:33.202449571Z: [    1.017706] acpi PNP0A08:00: _OSC: OS supports [ExtendedConfig ASPM ClockPM Segments MSI]
[STDERR  ] 2017-10-30T17:29:33.202463066Z: [    1.023026] acpi PNP0A08:00: _OSC: OS now controls [PCIeHotplug PME PCIeCapability]
[STDERR  ] 2017-10-30T17:29:33.202475921Z: [    1.026521] PCI host bridge to bus 0000:00
[STDERR  ] 2017-10-30T17:29:33.202488417Z: [    1.026993] pci_bus 0000:00: root bus resource [io  0x0000-0x0cf7 window]
[STDERR  ] 2017-10-30T17:29:33.202501667Z: [    1.027453] pci_bus 0000:00: root bus resource [io  0x0d00-0xffff window]
[STDERR  ] 2017-10-30T17:29:33.202517983Z: [    1.027890] pci_bus 0000:00: root bus resource [mem 0x000a0000-0x000bffff window]
[STDERR  ] 2017-10-30T17:29:33.202529916Z: [    1.028360] pci_bus 0000:00: root bus resource [mem 0xc0000000-0xfebfffff window]
[STDERR  ] 2017-10-30T17:29:33.202541819Z: [    1.028939] pci_bus 0000:00: root bus resource [bus 00-ff]
[STDERR  ] 2017-10-30T17:29:33.202554756Z: [    1.132140] pci 0000:00:1f.0: quirk: [io  0x0600-0x067f] claimed by ICH6 ACPI/GPIO/TCO
[STDERR  ] 2017-10-30T17:29:33.202566392Z: [    1.193590] ACPI: PCI Interrupt Link [LNKA] (IRQs 5 *10 11)
[STDERR  ] 2017-10-30T17:29:33.202578342Z: [    1.195444] ACPI: PCI Interrupt Link [LNKB] (IRQs 5 *10 11)
[STDERR  ] 2017-10-30T17:29:33.202596009Z: [    1.197080] ACPI: PCI Interrupt Link [LNKC] (IRQs 5 10 *11)
[STDERR  ] 2017-10-30T17:29:33.202612838Z: [    1.198686] ACPI: PCI Interrupt Link [LNKD] (IRQs 5 10 *11)
[STDERR  ] 2017-10-30T17:29:33.202624814Z: [    1.200876] ACPI: PCI Interrupt Link [LNKE] (IRQs 5 *10 11)
[STDERR  ] 2017-10-30T17:29:33.202636685Z: [    1.202480] ACPI: PCI Interrupt Link [LNKF] (IRQs 5 *10 11)
[STDERR  ] 2017-10-30T17:29:33.202653734Z: [    1.204076] ACPI: PCI Interrupt Link [LNKG] (IRQs 5 10 *11)
[STDERR  ] 2017-10-30T17:29:33.202665323Z: [    1.205670] ACPI: PCI Interrupt Link [LNKH] (IRQs 5 10 *11)
[STDERR  ] 2017-10-30T17:29:33.202681734Z: [    1.206430] ACPI: PCI Interrupt Link [GSIA] (IRQs *16)
[STDERR  ] 2017-10-30T17:29:33.202693377Z: [    1.207058] ACPI: PCI Interrupt Link [GSIB] (IRQs *17)
[STDERR  ] 2017-10-30T17:29:33.202704706Z: [    1.207637] ACPI: PCI Interrupt Link [GSIC] (IRQs *18)
[STDERR  ] 2017-10-30T17:29:33.202716049Z: [    1.208214] ACPI: PCI Interrupt Link [GSID] (IRQs *19)
[STDERR  ] 2017-10-30T17:29:33.202726982Z: [    1.208789] ACPI: PCI Interrupt Link [GSIE] (IRQs *20)
[STDERR  ] 2017-10-30T17:29:33.202738125Z: [    1.209362] ACPI: PCI Interrupt Link [GSIF] (IRQs *21)
[STDERR  ] 2017-10-30T17:29:33.202749544Z: [    1.210063] ACPI: PCI Interrupt Link [GSIG] (IRQs *22)
[STDERR  ] 2017-10-30T17:29:33.202760633Z: [    1.210689] ACPI: PCI Interrupt Link [GSIH] (IRQs *23)
[STDERR  ] 2017-10-30T17:29:33.202771872Z: [    1.214462] ACPI: Enabled 2 GPEs in block 00 to 3F
[STDERR  ] 2017-10-30T17:29:33.202783147Z: [    1.218481] SCSI subsystem initialized
[STDERR  ] 2017-10-30T17:29:33.202794514Z: [    1.220361] ACPI: bus type USB registered
[STDERR  ] 2017-10-30T17:29:33.202806434Z: [    1.221433] usbcore: registered new interface driver usbfs
[STDERR  ] 2017-10-30T17:29:33.202818085Z: [    1.222254] usbcore: registered new interface driver hub
[STDERR  ] 2017-10-30T17:29:33.202829947Z: [    1.223029] usbcore: registered new device driver usb
[STDERR  ] 2017-10-30T17:29:33.202841664Z: [    1.224162] pps_core: LinuxPPS API ver. 1 registered
[STDERR  ] 2017-10-30T17:29:33.202857764Z: [    1.224495] pps_core: Software ver. 5.3.6 - Copyright 2005-2007 Rodolfo Giometti <giometti@linux.it>
[STDERR  ] 2017-10-30T17:29:33.202870596Z: [    1.225189] PTP clock support registered
[STDERR  ] 2017-10-30T17:29:33.202882075Z: [    1.226376] wmi: Mapper loaded
[STDERR  ] 2017-10-30T17:29:33.202894264Z: [    1.227392] PCI: Using ACPI for IRQ routing
[STDERR  ] 2017-10-30T17:29:33.202905579Z: [    1.246704] NetLabel: Initializing
[STDERR  ] 2017-10-30T17:29:33.202918215Z: [    1.247017] NetLabel:  domain hash size = 128
[STDERR  ] 2017-10-30T17:29:33.202930898Z: [    1.247301] NetLabel:  protocols = UNLABELED CIPSOv4
[STDERR  ] 2017-10-30T17:29:33.20294327Z: [    1.248959] NetLabel:  unlabeled traffic allowed by default
[STDERR  ] 2017-10-30T17:29:33.202956176Z: [    1.249841] HPET: 3 timers in total, 0 timers will be used for per-cpu timer
[STDERR  ] 2017-10-30T17:29:33.202969442Z: [    1.250316] hpet0: at MMIO 0xfed00000, IRQs 2, 8, 0
[STDERR  ] 2017-10-30T17:29:33.202986297Z: [    1.250753] hpet0: 3 comparators, 64-bit 100.000000 MHz counter
[STDERR  ] 2017-10-30T17:29:33.20299948Z: [    1.255155] amd_nb: Cannot enumerate AMD northbridges
[STDERR  ] 2017-10-30T17:29:33.203011691Z: [    1.256121] clocksource: Switched to clocksource hpet
[STDERR  ] 2017-10-30T17:29:33.203028661Z: [    1.481818] FS-Cache: Loaded
[STDERR  ] 2017-10-30T17:29:33.203041793Z: [    1.485410] CacheFiles: Loaded
[STDERR  ] 2017-10-30T17:29:33.203056561Z: [    1.487380] pnp: PnP ACPI init
[STDERR  ] 2017-10-30T17:29:33.203069397Z: [    1.498572] pnp: PnP ACPI: found 5 devices
[STDERR  ] 2017-10-30T17:29:33.203082556Z: [    1.546455] clocksource: acpi_pm: mask: 0xffffff max_cycles: 0xffffff, max_idle_ns: 2085701024 ns
[STDERR  ] 2017-10-30T17:29:33.203095685Z: [    1.548490] NET: Registered protocol family 2
[STDERR  ] 2017-10-30T17:29:33.20310858Z: [    1.555322] TCP established hash table entries: 8192 (order: 4, 65536 bytes)
[STDERR  ] 2017-10-30T17:29:33.203121565Z: [    1.556019] TCP bind hash table entries: 8192 (order: 5, 131072 bytes)
[STDERR  ] 2017-10-30T17:29:33.203136087Z: [    1.556665] TCP: Hash tables configured (established 8192 bind 8192)
[STDERR  ] 2017-10-30T17:29:33.203149362Z: [    1.558050] UDP hash table entries: 512 (order: 2, 16384 bytes)
[STDERR  ] 2017-10-30T17:29:33.203162176Z: [    1.558573] UDP-Lite hash table entries: 512 (order: 2, 16384 bytes)
[STDERR  ] 2017-10-30T17:29:33.203184125Z: [    1.561016] NET: Registered protocol family 1
[STDERR  ] 2017-10-30T17:29:33.203197665Z: [    1.567605] Unpacking initramfs...
[STDERR  ] 2017-10-30T17:29:33.203211161Z: [    7.419200] Freeing initrd memory: 23460K
[STDERR  ] 2017-10-30T17:29:33.203223857Z: [    7.441098] PCLMULQDQ-NI instructions are not detected.
[STDERR  ] 2017-10-30T17:29:33.203236781Z: [    7.442282] AVX or AES-NI instructions are not detected.
[STDERR  ] 2017-10-30T17:29:33.203249717Z: [    7.442728] CPU feature 'AVX registers' is not supported.
[STDERR  ] 2017-10-30T17:29:33.203262852Z: [    7.443130] CPU feature 'AVX registers' is not supported.
[STDERR  ] 2017-10-30T17:29:33.203275629Z: [    7.443528] CPU feature 'AVX registers' is not supported.
[STDERR  ] 2017-10-30T17:29:33.203288256Z: [    7.443924] CPU feature 'AVX registers' is not supported.
[STDERR  ] 2017-10-30T17:29:33.203301543Z: [    7.444321] AVX2 or AES-NI instructions are not detected.
[STDERR  ] 2017-10-30T17:29:33.203314361Z: [    7.444717] AVX2 instructions are not detected.
[STDERR  ] 2017-10-30T17:29:33.203327165Z: [    7.451389] audit: initializing netlink subsys (disabled)
[STDERR  ] 2017-10-30T17:29:33.203340051Z: [    7.452837] audit: type=2000 audit(1509384538.450:1): initialized
[STDERR  ] 2017-10-30T17:29:33.203352985Z: [    7.459355] HugeTLB registered 2 MB page size, pre-allocated 0 pages
[STDERR  ] 2017-10-30T17:29:33.203366342Z: [    7.463851] VFS: Disk quotas dquot_6.6.0
[STDERR  ] 2017-10-30T17:29:33.203379232Z: [    7.464409] VFS: Dquot-cache hash table entries: 512 (order 0, 4096 bytes)
[STDERR  ] 2017-10-30T17:29:33.20339208Z: [    7.467516] squashfs: version 4.0 (2009/01/31) Phillip Lougher
[STDERR  ] 2017-10-30T17:29:33.203412805Z: [    7.470771] FS-Cache: Netfs 'cifs' registered for caching
[STDERR  ] 2017-10-30T17:29:33.203425732Z: [    7.471624] fuse init (API version 7.23)
[STDERR  ] 2017-10-30T17:29:33.203438896Z: [    7.473716] SGI XFS with ACLs, security attributes, no debug enabled
[STDERR  ] 2017-10-30T17:29:33.203451452Z: [    7.476292] 9p: Installing v9fs 9p2000 file system support
[STDERR  ] 2017-10-30T17:29:33.20346466Z: [    7.476857] FS-Cache: Netfs '9p' registered for caching
[STDERR  ] 2017-10-30T17:29:33.203477666Z: [    7.478448] Key type big_key registered
[STDERR  ] 2017-10-30T17:29:33.203490314Z: [    7.509129] NET: Registered protocol family 38
[STDERR  ] 2017-10-30T17:29:33.203503155Z: [    7.509665] Key type asymmetric registered
[STDERR  ] 2017-10-30T17:29:33.20352065Z: [    7.509999] Asymmetric key parser 'x509' registered
[STDERR  ] 2017-10-30T17:29:33.203534236Z: [    7.511796] Block layer SCSI generic (bsg) driver version 0.4 loaded (major 251)
[STDERR  ] 2017-10-30T17:29:33.203547572Z: [    7.513031] io scheduler noop registered
[STDERR  ] 2017-10-30T17:29:33.203566562Z: [    7.513371] io scheduler deadline registered (default)
[STDERR  ] 2017-10-30T17:29:33.203583891Z: [    7.513965] io scheduler cfq registered
[STDERR  ] 2017-10-30T17:29:33.203596879Z: [    7.516492] pci_hotplug: PCI Hot Plug PCI Core version: 0.5
[STDERR  ] 2017-10-30T17:29:33.203609854Z: [    7.517054] pciehp: PCI Express Hot Plug Controller Driver version: 0.4
[STDERR  ] 2017-10-30T17:29:33.203623393Z: [    7.517829] shpchp: Standard Hot Plug PCI Controller Driver version: 0.4
[STDERR  ] 2017-10-30T17:29:33.203636591Z: [    7.518682] hv_vmbus: registering driver hyperv_fb
[STDERR  ] 2017-10-30T17:29:33.2036495Z: [    7.525187] input: Power Button as /devices/LNXSYSTM:00/LNXPWRBN:00/input/input0
[STDERR  ] 2017-10-30T17:29:33.203662246Z: [    7.526296] ACPI: Power Button [PWRF]
[STDERR  ] 2017-10-30T17:29:33.203674882Z: [    7.531122] GHES: HEST is not enabled!
[STDERR  ] 2017-10-30T17:29:33.203687616Z: [    7.542036] ACPI: PCI Interrupt Link [GSIG] enabled at IRQ 22
[STDERR  ] 2017-10-30T17:29:33.2037003Z: [    7.554126] ACPI: PCI Interrupt Link [GSIH] enabled at IRQ 23
[STDERR  ] 2017-10-30T17:29:33.203713148Z: [    7.557808] xenfs: not registering filesystem on non-xen platform
[STDERR  ] 2017-10-30T17:29:33.203729827Z: [    7.559770] Serial: 8250/16550 driver, 4 ports, IRQ sharing disabled
[STDERR  ] 2017-10-30T17:29:33.203743607Z: [    7.586239] 00:04: ttyS0 at I/O 0x3f8 (irq = 4, base_baud = 115200) is a 16550A
[STDERR  ] 2017-10-30T17:29:33.203756801Z: [    7.596218] Non-volatile memory driver v1.3
[STDERR  ] 2017-10-30T17:29:33.203770174Z: [    7.602064] Hangcheck: starting hangcheck timer 0.9.1 (tick is 180 seconds, margin is 60 seconds).
[STDERR  ] 2017-10-30T17:29:33.203783792Z: [    7.607388] random: nonblocking pool is initialized
[STDERR  ] 2017-10-30T17:29:33.203796588Z: [    7.640629] loop: module loaded
[STDERR  ] 2017-10-30T17:29:33.203809342Z: [    7.651912] nbd: registered device at major 43
[STDERR  ] 2017-10-30T17:29:33.203822274Z: [    7.689215] lpc_ich 0000:00:1f.0: I/O space for GPIO uninitialized
[STDERR  ] 2017-10-30T17:29:33.203835094Z: [    7.691089] VMware PVSCSI driver - version 1.0.5.0-k
[STDERR  ] 2017-10-30T17:29:33.203847762Z: [    7.691811] hv_vmbus: registering driver hv_storvsc
[STDERR  ] 2017-10-30T17:29:33.203860589Z: [    7.701827] ACPI: PCI Interrupt Link [GSIA] enabled at IRQ 16
[STDERR  ] 2017-10-30T17:29:33.203873297Z: [    7.707239] ahci 0000:00:1f.2: AHCI 0001.0000 32 slots 6 ports 1.5 Gbps 0x3f impl SATA mode
[STDERR  ] 2017-10-30T17:29:33.203890394Z: [    7.707885] ahci 0000:00:1f.2: flags: 64bit ncq only 
[STDERR  ] 2017-10-30T17:29:33.203903446Z: [    7.727427] scsi host0: ahci
[STDERR  ] 2017-10-30T17:29:33.203916668Z: [    7.730421] scsi host1: ahci
[STDERR  ] 2017-10-30T17:29:33.203929828Z: [    7.732475] scsi host2: ahci
[STDERR  ] 2017-10-30T17:29:33.203942934Z: [    7.734461] scsi host3: ahci
[STDERR  ] 2017-10-30T17:29:33.203955949Z: [    7.736474] scsi host4: ahci
[STDERR  ] 2017-10-30T17:29:33.203968745Z: [    7.738506] scsi host5: ahci
[STDERR  ] 2017-10-30T17:29:33.203981427Z: [    7.740525] ata1: SATA max UDMA/133 abar m4096@0xfebd2000 port 0xfebd2100 irq 24
[STDERR  ] 2017-10-30T17:29:33.203994846Z: [    7.741070] ata2: SATA max UDMA/133 abar m4096@0xfebd2000 port 0xfebd2180 irq 24
[STDERR  ] 2017-10-30T17:29:33.204007775Z: [    7.741534] ata3: SATA max UDMA/133 abar m4096@0xfebd2000 port 0xfebd2200 irq 24
[STDERR  ] 2017-10-30T17:29:33.204020711Z: [    7.741991] ata4: SATA max UDMA/133 abar m4096@0xfebd2000 port 0xfebd2280 irq 24
[STDERR  ] 2017-10-30T17:29:33.204033484Z: [    7.742447] ata5: SATA max UDMA/133 abar m4096@0xfebd2000 port 0xfebd2300 irq 24
[STDERR  ] 2017-10-30T17:29:33.204047199Z: [    7.742901] ata6: SATA max UDMA/133 abar m4096@0xfebd2000 port 0xfebd2380 irq 24
[STDERR  ] 2017-10-30T17:29:33.204060478Z: [    7.754817] tun: Universal TUN/TAP device driver, 1.6
[STDERR  ] 2017-10-30T17:29:33.204073385Z: [    7.755180] tun: (C) 1999-2004 Max Krasnyansky <maxk@qualcomm.com>
[STDERR  ] 2017-10-30T17:29:33.204086924Z: [    7.766016] VMware vmxnet3 virtual NIC driver - version 1.4.5.0-k-NAPI
[STDERR  ] 2017-10-30T17:29:33.204103756Z: [    7.766832] hv_vmbus: registering driver hv_netvsc
[STDERR  ] 2017-10-30T17:29:33.204116768Z: [    7.767173] Fusion MPT base driver 3.04.20
[STDERR  ] 2017-10-30T17:29:33.204129482Z: [    7.767442] Copyright (c) 1999-2008 LSI Corporation
[STDERR  ] 2017-10-30T17:29:33.204147548Z: [    7.767963] Fusion MPT SPI Host driver 3.04.20
[STDERR  ] 2017-10-30T17:29:33.204160893Z: [    7.769898] i8042: PNP: PS/2 Controller [PNP0303:KBD,PNP0f13:MOU] at 0x60,0x64 irq 1,12
[STDERR  ] 2017-10-30T17:29:33.204174796Z: [    7.774298] serio: i8042 KBD port at 0x60,0x64 irq 1
[STDERR  ] 2017-10-30T17:29:33.204187545Z: [    7.774865] serio: i8042 AUX port at 0x60,0x64 irq 12
[STDERR  ] 2017-10-30T17:29:33.204200962Z: [    7.777982] hv_vmbus: registering driver hyperv_keyboard
[STDERR  ] 2017-10-30T17:29:33.204213454Z: [    7.779972] mousedev: PS/2 mouse device common for all mice
[STDERR  ] 2017-10-30T17:29:33.2042266Z: [    7.785149] input: AT Translated Set 2 keyboard as /devices/platform/i8042/serio0/input/input1
[STDERR  ] 2017-10-30T17:29:33.204240712Z: [    7.787903] input: PC Speaker as /devices/platform/pcspkr/input/input2
[STDERR  ] 2017-10-30T17:29:33.20425804Z: [    7.791500] rtc_cmos 00:00: RTC can wake from S4
[STDERR  ] 2017-10-30T17:29:33.204278437Z: [    7.794581] rtc_cmos 00:00: rtc core: registered rtc_cmos as rtc0
[STDERR  ] 2017-10-30T17:29:33.204291392Z: [    7.795790] rtc_cmos 00:00: alarms up to one day, y3k, 114 bytes nvram, hpet irqs
[STDERR  ] 2017-10-30T17:29:33.204304071Z: [    7.796485] i2c /dev entries driver
[STDERR  ] 2017-10-30T17:29:33.204317125Z: [    7.798186] device-mapper: ioctl: 4.34.0-ioctl (2015-10-28) initialised: dm-devel@redhat.com
[STDERR  ] 2017-10-30T17:29:33.204330509Z: [    7.803588] usbcore: registered new interface driver usbhid
[STDERR  ] 2017-10-30T17:29:33.204343272Z: [    7.803981] usbhid: USB HID core driver
[STDERR  ] 2017-10-30T17:29:33.204355789Z: [    7.804595] hv_utils: Registering HyperV Utility Driver
[STDERR  ] 2017-10-30T17:29:33.204368463Z: [    7.804940] hv_vmbus: registering driver hv_util
[STDERR  ] 2017-10-30T17:29:33.204381415Z: [    7.805260] hv_vmbus: registering driver hv_balloon
[STDERR  ] 2017-10-30T17:29:33.204398325Z: [    7.805755] oprofile: using NMI interrupt.
[STDERR  ] 2017-10-30T17:29:33.204411157Z: [    7.806750] GACT probability on
[STDERR  ] 2017-10-30T17:29:33.204423959Z: [    7.807109] Mirror/redirect action on
[STDERR  ] 2017-10-30T17:29:33.204436965Z: [    7.807515] Simple TC action Loaded
[STDERR  ] 2017-10-30T17:29:33.204449355Z: [    7.807840] u32 classifier
[STDERR  ] 2017-10-30T17:29:33.204462221Z: [    7.808030]     Performance counters on
[STDERR  ] 2017-10-30T17:29:33.204474961Z: [    7.808277]     input device check on
[STDERR  ] 2017-10-30T17:29:33.204487718Z: [    7.808513]     Actions configured
[STDERR  ] 2017-10-30T17:29:33.204500546Z: [    7.809175] Netfilter messages via NETLINK v0.30.
[STDERR  ] 2017-10-30T17:29:33.204512Z: [    7.809689] nfnl_acct: registering with nfnetlink.
[STDERR  ] 2017-10-30T17:29:33.204531351Z: [    7.810911] nf_conntrack version 0.5.0 (7922 buckets, 31688 max)
[STDERR  ] 2017-10-30T17:29:33.204544006Z: [    7.814444] ctnetlink v0.93: registering with nfnetlink.
[STDERR  ] 2017-10-30T17:29:33.204556981Z: [    7.817587] nf_tables: (c) 2007-2009 Patrick McHardy <kaber@trash.net>
[STDERR  ] 2017-10-30T17:29:33.204570065Z: [    7.818432] nf_tables_compat: (c) 2012 Pablo Neira Ayuso <pablo@netfilter.org>
[STDERR  ] 2017-10-30T17:29:33.204583838Z: [    7.821925] xt_time: kernel timezone is -0000
[STDERR  ] 2017-10-30T17:29:33.204597225Z: [    7.822447] ip_set: protocol 6
[STDERR  ] 2017-10-30T17:29:33.204610585Z: [    7.823191] IPVS: Registered protocols (TCP, UDP, SCTP, AH, ESP)
[STDERR  ] 2017-10-30T17:29:33.204623261Z: [    7.823824] IPVS: Connection hash table configured (size=4096, memory=64Kbytes)
[STDERR  ] 2017-10-30T17:29:33.204636195Z: [    7.825542] IPVS: Creating netns size=2096 id=0
[STDERR  ] 2017-10-30T17:29:33.20464856Z: [    7.828012] IPVS: ipvs loaded.
[STDERR  ] 2017-10-30T17:29:33.204666994Z: [    7.828369] IPVS: [rr] scheduler registered.
[STDERR  ] 2017-10-30T17:29:33.204680033Z: [    7.828708] IPVS: [wrr] scheduler registered.
[STDERR  ] 2017-10-30T17:29:33.20469296Z: [    7.829018] IPVS: [lc] scheduler registered.
[STDERR  ] 2017-10-30T17:29:33.20470621Z: [    7.829322] IPVS: [wlc] scheduler registered.
[STDERR  ] 2017-10-30T17:29:33.204755011Z: [    7.829628] IPVS: [fo] scheduler registered.
[STDERR  ] 2017-10-30T17:29:33.204770727Z: [    7.829930] IPVS: [ovf] scheduler registered.
[STDERR  ] 2017-10-30T17:29:33.204784223Z: [    7.830631] IPVS: [lblc] scheduler registered.
[STDERR  ] 2017-10-30T17:29:33.204797716Z: [    7.831059] IPVS: [lblcr] scheduler registered.
[STDERR  ] 2017-10-30T17:29:33.204810316Z: [    7.831396] IPVS: [dh] scheduler registered.
[STDERR  ] 2017-10-30T17:29:33.204823306Z: [    7.831700] IPVS: [sh] scheduler registered.
[STDERR  ] 2017-10-30T17:29:33.204835968Z: [    7.832003] IPVS: [sed] scheduler registered.
[STDERR  ] 2017-10-30T17:29:33.204848566Z: [    7.832309] IPVS: [nq] scheduler registered.
[STDERR  ] 2017-10-30T17:29:33.20486175Z: [    7.832964] IPVS: ftp: loaded support on port[0] = 21
[STDERR  ] 2017-10-30T17:29:33.204881771Z: [    7.833724] ipip: IPv4 over IPv4 tunneling driver
[STDERR  ] 2017-10-30T17:29:33.204900368Z: [    7.837587] gre: GRE over IPv4 demultiplexor driver
[STDERR  ] 2017-10-30T17:29:33.204914453Z: [    7.841096] ip_tables: (C) 2000-2006 Netfilter Core Team
[STDERR  ] 2017-10-30T17:29:33.204927734Z: [    7.844130] ipt_CLUSTERIP: ClusterIP Version 0.8 loaded successfully
[STDERR  ] 2017-10-30T17:29:33.204941738Z: [    7.844884] arp_tables: (C) 2002 David S. Miller
[STDERR  ] 2017-10-30T17:29:33.20495445Z: [    7.847365] NET: Registered protocol family 10
[STDERR  ] 2017-10-30T17:29:33.204967042Z: [    7.856184] ip6_tables: (C) 2000-2006 Netfilter Core Team
[STDERR  ] 2017-10-30T17:29:33.2049795Z: [    7.864348] NET: Registered protocol family 17
[STDERR  ] 2017-10-30T17:29:33.204991248Z: [    7.865304] bridge: automatic filtering via arp/ip/ip6tables has been deprecated. Update your scripts to load br_netfilter if you need this.
[STDERR  ] 2017-10-30T17:29:33.205003985Z: [    7.866589] Bridge firewalling registered
[STDERR  ] 2017-10-30T17:29:33.205015512Z: [    7.867166] Ebtables v2.0 registered
[STDERR  ] 2017-10-30T17:29:33.205035304Z: [    7.869512] 8021q: 802.1Q VLAN Support v1.8
[STDERR  ] 2017-10-30T17:29:33.205047688Z: [    7.871341] 9pnet: Installing 9P2000 support
[STDERR  ] 2017-10-30T17:29:33.205060016Z: [    7.872881] Key type dns_resolver registered
[STDERR  ] 2017-10-30T17:29:33.205072671Z: [    7.873372] microcode: AMD CPU family 0x6 not supported
[STDERR  ] 2017-10-30T17:29:33.205087011Z: [    7.877229] registered taskstats version 1
[STDERR  ] 2017-10-30T17:29:33.205101139Z: [    8.091592] ata1: SATA link down (SStatus 0 SControl 300)
[STDERR  ] 2017-10-30T17:29:33.205114709Z: [    8.094732] ata2: SATA link down (SStatus 0 SControl 300)
[STDERR  ] 2017-10-30T17:29:33.205135471Z: [    8.101122] ata3: SATA link up 1.5 Gbps (SStatus 113 SControl 300)
[STDERR  ] 2017-10-30T17:29:33.205151579Z: [    8.106748] ata3.00: ATAPI: QEMU DVD-ROM, 2.5+, max UDMA/100
[STDERR  ] 2017-10-30T17:29:33.20516399Z: [    8.107327] ata3.00: applying bridge limits
[STDERR  ] 2017-10-30T17:29:33.205179594Z: [    8.110015] ata3.00: configured for UDMA/100
[STDERR  ] 2017-10-30T17:29:33.205192065Z: [    8.111970] ata4: SATA link down (SStatus 0 SControl 300)
[STDERR  ] 2017-10-30T17:29:33.20520796Z: [    8.112633] ata5: SATA link down (SStatus 0 SControl 300)
[STDERR  ] 2017-10-30T17:29:33.205220603Z: [    8.113185] ata6: SATA link down (SStatus 0 SControl 300)
[STDERR  ] 2017-10-30T17:29:33.205235952Z: [    8.139576] Key type encrypted registered
[STDERR  ] 2017-10-30T17:29:33.20524863Z: [    8.147850] rtc_cmos 00:00: setting system clock to 2017-10-30 17:28:59 UTC (1509384539)
[STDERR  ] 2017-10-30T17:29:33.205263161Z: [    8.153030] scsi 2:0:0:0: CD-ROM            QEMU     QEMU DVD-ROM     2.5+ PQ: 0 ANSI: 5
[STDERR  ] 2017-10-30T17:29:33.205282253Z: [    8.173980] sr 2:0:0:0: [sr0] scsi3-mmc drive: 4x/4x cd/rw xa/form2 tray
[STDERR  ] 2017-10-30T17:29:33.205297509Z: [    8.174914] cdrom: Uniform CD-ROM driver Revision: 3.20
[STDERR  ] 2017-10-30T17:29:33.205310166Z: [    8.191931] sr 2:0:0:0: Attached scsi generic sg0 type 5
[STDERR  ] 2017-10-30T17:29:33.205332651Z: [    8.316133] Freeing unused kernel memory: 1296K
[STDERR  ] 2017-10-30T17:29:33.20534628Z: [    8.316524] Write protecting the kernel read-only data: 12288k
[STDERR  ] 2017-10-30T17:29:33.205360282Z: [    8.325360] Freeing unused kernel memory: 548K
[STDERR  ] 2017-10-30T17:29:33.20537422Z: [    8.446428] Freeing unused kernel memory: 1392K
[STDERR  ] 2017-10-30T17:29:33.205387987Z: [    8.447068] tsc: Refined TSC clocksource calibration: 2300.037 MHz
[STDERR  ] 2017-10-30T17:29:33.205401141Z: [    8.447499] clocksource: tsc: mask: 0xffffffffffffffff max_cycles: 0x21275849845, max_idle_ns: 440795280423 ns
[STDERR  ] 2017-10-30T17:29:33.205416727Z: [    9.451079] clocksource: Switched to clocksource tsc
[STDERR  ] 2017-10-30T17:29:33.205429883Z: 
[STDERR  ] 2017-10-30T17:29:33.205443074Z: Welcome to LinuxKit
[STDERR  ] 2017-10-30T17:29:33.205460962Z: 
[STDERR  ] 2017-10-30T17:29:33.205476162Z:                         ##         .
[STDERR  ] 2017-10-30T17:29:33.205490872Z:                   ## ## ##        ==
[STDERR  ] 2017-10-30T17:29:33.205505786Z:                ## ## ## ## ##    ===
[STDERR  ] 2017-10-30T17:29:33.205518231Z:            /"""""""""""""""""\___/ ===
[STDERR  ] 2017-10-30T17:29:33.205533201Z:           {                       /  ===-
[STDERR  ] 2017-10-30T17:29:33.205545658Z:            \______ O           __/
[STDERR  ] 2017-10-30T17:29:33.205560013Z:              \    \         __/
[STDERR  ] 2017-10-30T17:29:33.205573285Z:               \____\_______/
[STDERR  ] 2017-10-30T17:29:33.205586609Z: 
[STDERR  ] 2017-10-30T17:29:33.205600087Z: starting kernel config sanity test with /proc/config.gz
[STDERR  ] 2017-10-30T17:29:33.20561365Z: [   21.324122] RPC: Registered named UNIX socket transport module.
[STDERR  ] 2017-10-30T17:29:33.205628261Z: [   21.324609] RPC: Registered udp transport module.
[STDERR  ] 2017-10-30T17:29:33.205641467Z: [   21.324932] RPC: Registered tcp transport module.
[STDERR  ] 2017-10-30T17:29:33.205655189Z: [   21.325239] RPC: Registered tcp NFSv4.1 backchannel transport module.
[STDERR  ] 2017-10-30T17:29:33.205668609Z: [   21.418359] FS-Cache: Netfs 'nfs' registered for caching
[STDERR  ] 2017-10-30T17:29:33.205683511Z: [   21.513723] Installing knfsd (copyright (C) 1996 okir@monad.swb.de).
[STDERR  ] 2017-10-30T17:29:33.205697377Z: [   21.559919] ntfs: driver 2.1.32 [Flags: R/O MODULE].
[STDERR  ] 2017-10-30T17:29:33.205711532Z: kernel config test succeeded!
[STDERR  ] 2017-10-30T17:29:33.205724484Z: [37minfo: reading kernel config from /proc/config.gz ...[m
[STDERR  ] 2017-10-30T17:29:33.205738826Z: 
[STDERR  ] 2017-10-30T17:29:33.205751855Z: Generally Necessary:
[STDERR  ] 2017-10-30T17:29:33.205772744Z: - [37mcgroup hierarchy[m: [32mproperly mounted[m [/sys/fs/cgroup]
[STDERR  ] 2017-10-30T17:29:33.205787397Z: - [37mCONFIG_NAMESPACES[m: [32menabled[m
[STDERR  ] 2017-10-30T17:29:33.20580122Z: - [37mCONFIG_NET_NS[m: [32menabled[m
[STDERR  ] 2017-10-30T17:29:33.205814982Z: - [37mCONFIG_PID_NS[m: [32menabled[m
[STDERR  ] 2017-10-30T17:29:33.205828859Z: - [37mCONFIG_IPC_NS[m: [32menabled[m
[STDERR  ] 2017-10-30T17:29:33.205841447Z: - [37mCONFIG_UTS_NS[m: [32menabled[m
[STDERR  ] 2017-10-30T17:29:33.2058558Z: - [37mCONFIG_CGROUPS[m: [32menabled[m
[STDERR  ] 2017-10-30T17:29:33.205868511Z: - [37mCONFIG_CGROUP_CPUACCT[m: [32menabled[m
[STDERR  ] 2017-10-30T17:29:33.205888198Z: - [37mCONFIG_CGROUP_DEVICE[m: [32menabled[m
[STDERR  ] 2017-10-30T17:29:33.205901365Z: - [37mCONFIG_CGROUP_FREEZER[m: [32menabled[m
[STDERR  ] 2017-10-30T17:29:33.20591581Z: - [37mCONFIG_CGROUP_SCHED[m: [32menabled[m
[STDERR  ] 2017-10-30T17:29:33.205928298Z: - [37mCONFIG_CPUSETS[m: [32menabled[m
[STDERR  ] 2017-10-30T17:29:33.20594714Z: - [37mCONFIG_MEMCG[m: [32menabled[m
[STDERR  ] 2017-10-30T17:29:33.205960808Z: - [37mCONFIG_KEYS[m: [32menabled[m
[STDERR  ] 2017-10-30T17:29:33.205975194Z: - [37mCONFIG_VETH[m: [32menabled[m
[STDERR  ] 2017-10-30T17:29:33.205987925Z: - [37mCONFIG_BRIDGE[m: [32menabled[m
[STDERR  ] 2017-10-30T17:29:33.206002813Z: - [37mCONFIG_BRIDGE_NETFILTER[m: [32menabled[m
[STDERR  ] 2017-10-30T17:29:33.206018624Z: - [37mCONFIG_NF_NAT_IPV4[m: [32menabled[m
[STDERR  ] 2017-10-30T17:29:33.206033777Z: - [37mCONFIG_IP_NF_FILTER[m: [32menabled[m
[STDERR  ] 2017-10-30T17:29:33.206046062Z: - [37mCONFIG_IP_NF_TARGET_MASQUERADE[m: [32menabled[m
[STDERR  ] 2017-10-30T17:29:33.206061076Z: - [37mCONFIG_NETFILTER_XT_MATCH_ADDRTYPE[m: [32menabled[m
[STDERR  ] 2017-10-30T17:29:33.206082564Z: - [37mCONFIG_NETFILTER_XT_MATCH_CONNTRACK[m: [32menabled[m
[STDERR  ] 2017-10-30T17:29:33.206095958Z: - [37mCONFIG_NETFILTER_XT_MATCH_IPVS[m: [32menabled[m
[STDERR  ] 2017-10-30T17:29:33.206108767Z: - [37mCONFIG_IP_NF_NAT[m: [32menabled[m
[STDERR  ] 2017-10-30T17:29:33.206123084Z: - [37mCONFIG_NF_NAT[m: [32menabled[m
[STDERR  ] 2017-10-30T17:29:33.206141581Z: - [37mCONFIG_NF_NAT_NEEDED[m: [32menabled[m
[STDERR  ] 2017-10-30T17:29:33.206154979Z: - [37mCONFIG_POSIX_MQUEUE[m: [32menabled[m
[STDERR  ] 2017-10-30T17:29:33.206167648Z: - [37mCONFIG_DEVPTS_MULTIPLE_INSTANCES[m: [32menabled[m
[STDERR  ] 2017-10-30T17:29:33.20618214Z: 
[STDERR  ] 2017-10-30T17:29:33.2061947Z: Optional Features:
[STDERR  ] 2017-10-30T17:29:33.206209313Z: - [37mCONFIG_USER_NS[m: [32menabled[m
[STDERR  ] 2017-10-30T17:29:33.206221837Z: - [37mCONFIG_SECCOMP[m: [32menabled[m
[STDERR  ] 2017-10-30T17:29:33.206234967Z: - [37mCONFIG_CGROUP_PIDS[m: [32menabled[m
[STDERR  ] 2017-10-30T17:29:33.206248068Z: - [37mCONFIG_MEMCG_SWAP[m: [32menabled[m
[STDERR  ] 2017-10-30T17:29:33.206269393Z: - [37mCONFIG_MEMCG_SWAP_ENABLED[m: [32menabled[m
[STDERR  ] 2017-10-30T17:29:33.206282549Z:     [1;30m(cgroup swap accounting is currently enabled)[m
[STDERR  ] 2017-10-30T17:29:33.206305623Z: - [1mCONFIG_LEGACY_VSYSCALL_NONE[m: [1;31menabled[m
[STDERR  ] 2017-10-30T17:29:33.206318677Z:     [1;30m(containers using eglibc <= 2.13 will not work. Switch to[m
[STDERR  ] 2017-10-30T17:29:33.206333946Z:     [1;30m "CONFIG_VSYSCALL_[NATIVE|EMULATE]" or use "vsyscall=[native|emulate]"[m
[STDERR  ] 2017-10-30T17:29:33.206346912Z:     [1;30m on kernel command line. Note that this will disable ASLR for the,[m
[STDERR  ] 2017-10-30T17:29:33.206361344Z:     [1;30m VDSO which may assist in exploiting security vulnerabilities.)[m
[STDERR  ] 2017-10-30T17:29:33.206375251Z: - [37mCONFIG_MEMCG_KMEM[m: [32menabled[m
[STDERR  ] 2017-10-30T17:29:33.206395939Z: - [37mCONFIG_BLK_CGROUP[m: [32menabled[m
[STDERR  ] 2017-10-30T17:29:33.206408878Z: - [37mCONFIG_BLK_DEV_THROTTLING[m: [32menabled[m
[STDERR  ] 2017-10-30T17:29:33.206422734Z: - [37mCONFIG_IOSCHED_CFQ[m: [32menabled[m
[STDERR  ] 2017-10-30T17:29:33.206435174Z: - [37mCONFIG_CFQ_GROUP_IOSCHED[m: [32menabled[m
[STDERR  ] 2017-10-30T17:29:33.206450356Z: - [37mCONFIG_CGROUP_PERF[m: [32menabled[m
[STDERR  ] 2017-10-30T17:29:33.206463012Z: - [37mCONFIG_CGROUP_HUGETLB[m: [32menabled[m
[STDERR  ] 2017-10-30T17:29:33.206478412Z: - [37mCONFIG_NET_CLS_CGROUP[m: [32menabled[m
[STDERR  ] 2017-10-30T17:29:33.206491056Z: - [37mCONFIG_CGROUP_NET_PRIO[m: [32menabled[m
[STDERR  ] 2017-10-30T17:29:33.206505651Z: - [37mCONFIG_CFS_BANDWIDTH[m: [32menabled[m
[STDERR  ] 2017-10-30T17:29:33.206518633Z: - [37mCONFIG_FAIR_GROUP_SCHED[m: [32menabled[m
[STDERR  ] 2017-10-30T17:29:33.206533138Z: - [37mCONFIG_RT_GROUP_SCHED[m: [32menabled[m
[STDERR  ] 2017-10-30T17:29:33.206545885Z: - [37mCONFIG_IP_VS[m: [32menabled[m
[STDERR  ] 2017-10-30T17:29:33.206559403Z: - [37mCONFIG_IP_VS_NFCT[m: [32menabled[m
[STDERR  ] 2017-10-30T17:29:33.206573385Z: - [37mCONFIG_IP_VS_RR[m: [32menabled[m
[STDERR  ] 2017-10-30T17:29:33.206587708Z: - [37mCONFIG_EXT4_FS[m: [32menabled[m
[STDERR  ] 2017-10-30T17:29:33.206606383Z: - [37mCONFIG_EXT4_FS_POSIX_ACL[m: [32menabled[m
[STDERR  ] 2017-10-30T17:29:33.206620822Z: - [37mCONFIG_EXT4_FS_SECURITY[m: [32menabled[m
[STDERR  ] 2017-10-30T17:29:33.206634439Z: - Network Drivers:
[STDERR  ] 2017-10-30T17:29:33.206648402Z:   - "[34moverlay[m":
[STDERR  ] 2017-10-30T17:29:33.206662136Z:     - [37mCONFIG_VXLAN[m: [32menabled[m
[STDERR  ] 2017-10-30T17:29:33.206676005Z:       Optional (for encrypted networks):
[STDERR  ] 2017-10-30T17:29:33.206688938Z:       - [37mCONFIG_CRYPTO[m: [32menabled[m
[STDERR  ] 2017-10-30T17:29:33.206702033Z:       - [37mCONFIG_CRYPTO_AEAD[m: [32menabled[m
[STDERR  ] 2017-10-30T17:29:33.206721565Z:       - [37mCONFIG_CRYPTO_GCM[m: [32menabled[m
[STDERR  ] 2017-10-30T17:29:33.2067357Z:       - [37mCONFIG_CRYPTO_SEQIV[m: [32menabled[m
[STDERR  ] 2017-10-30T17:29:33.206749114Z:       - [37mCONFIG_CRYPTO_GHASH[m: [32menabled[m
[STDERR  ] 2017-10-30T17:29:33.20676383Z:       - [37mCONFIG_XFRM[m: [32menabled[m
[STDERR  ] 2017-10-30T17:29:33.206777873Z:       - [37mCONFIG_XFRM_USER[m: [32menabled (as module)[m
[STDERR  ] 2017-10-30T17:29:33.206797426Z:       - [37mCONFIG_XFRM_ALGO[m: [32menabled (as module)[m
[STDERR  ] 2017-10-30T17:29:33.206810324Z:       - [37mCONFIG_INET_ESP[m: [32menabled (as module)[m
[STDERR  ] 2017-10-30T17:29:33.206823725Z:       - [37mCONFIG_INET_XFRM_MODE_TRANSPORT[m: [32menabled (as module)[m
[STDERR  ] 2017-10-30T17:29:33.206837919Z:   - "[34mipvlan[m":
[STDERR  ] 2017-10-30T17:29:33.206851842Z:     - [37mCONFIG_IPVLAN[m: [32menabled[m
[STDERR  ] 2017-10-30T17:29:33.206865625Z:   - "[34mmacvlan[m":
[STDERR  ] 2017-10-30T17:29:33.206879744Z:     - [37mCONFIG_MACVLAN[m: [32menabled[m
[STDERR  ] 2017-10-30T17:29:33.20689371Z:     - [37mCONFIG_DUMMY[m: [32menabled (as module)[m
[STDERR  ] 2017-10-30T17:29:33.206906164Z:   - "[34mftp,tftp client in container[m":
[STDERR  ] 2017-10-30T17:29:33.206921352Z:     - [37mCONFIG_NF_NAT_FTP[m: [32menabled[m
[STDERR  ] 2017-10-30T17:29:33.206933834Z:     - [37mCONFIG_NF_CONNTRACK_FTP[m: [32menabled[m
[STDERR  ] 2017-10-30T17:29:33.206948172Z:     - [37mCONFIG_NF_NAT_TFTP[m: [32menabled[m
[STDERR  ] 2017-10-30T17:29:33.206961148Z:     - [37mCONFIG_NF_CONNTRACK_TFTP[m: [32menabled[m
[STDERR  ] 2017-10-30T17:29:33.20697603Z: - Storage Drivers:
[STDERR  ] 2017-10-30T17:29:33.206989037Z:   - "[34maufs[m":
[STDERR  ] 2017-10-30T17:29:33.207003122Z:     - [1mCONFIG_AUFS_FS[m: [1;31mmissing[m
[STDERR  ] 2017-10-30T17:29:33.207015071Z:   - "[34mbtrfs[m":
[STDERR  ] 2017-10-30T17:29:33.207027626Z:     - [37mCONFIG_BTRFS_FS[m: [32menabled (as module)[m
[STDERR  ] 2017-10-30T17:29:33.207042304Z:     - [37mCONFIG_BTRFS_FS_POSIX_ACL[m: [32menabled[m
[STDERR  ] 2017-10-30T17:29:33.207055756Z:   - "[34mdevicemapper[m":
[STDERR  ] 2017-10-30T17:29:33.207070271Z:     - [37mCONFIG_BLK_DEV_DM[m: [32menabled[m
[STDERR  ] 2017-10-30T17:29:33.207082942Z:     - [37mCONFIG_DM_THIN_PROVISIONING[m: [32menabled[m
[STDERR  ] 2017-10-30T17:29:33.207097958Z:   - "[34moverlay[m":
[STDERR  ] 2017-10-30T17:29:33.207110898Z:     - [37mCONFIG_OVERLAY_FS[m: [32menabled[m
[STDERR  ] 2017-10-30T17:29:33.207125839Z:   - "[34mzfs[m":
[STDERR  ] 2017-10-30T17:29:33.20713912Z:     - [1m/dev/zfs[m: [1;31mmissing[m
[STDERR  ] 2017-10-30T17:29:33.207152932Z:     - [1mzfs command[m: [1;31mmissing[m
[STDERR  ] 2017-10-30T17:29:33.207165818Z:     - [1mzpool command[m: [1;31mmissing[m
[STDERR  ] 2017-10-30T17:29:33.207186548Z: 
[STDERR  ] 2017-10-30T17:29:33.207200063Z: Limits:
[STDERR  ] 2017-10-30T17:29:33.207214307Z: [37m- /proc/sys/kernel/keys/root_maxkeys[m: [32m1000000[m
[STDERR  ] 2017-10-30T17:29:33.207226983Z: 
[STDERR  ] 2017-10-30T17:29:33.20724235Z: Kernel config test suite PASSED
[STDERR  ] 2017-10-30T17:29:33.207255436Z: [   40.741250] ACPI: Preparing to enter system sleep state S5
[STDERR  ] 2017-10-30T17:29:33.207275773Z: [   40.745546] reboot: Power down
[STDERR  ] 2017-10-30T17:29:33.207295009Z: + grep -q suite PASSED
[STDERR  ] 2017-10-30T17:29:33.207309379Z: + echo [    0.000000] Initializing cgroup subsys cpuset
[STDERR  ] 2017-10-30T17:29:33.207323683Z: [    0.000000] Initializing cgroup subsys cpu
[STDERR  ] 2017-10-30T17:29:33.207336898Z: [    0.000000] Initializing cgroup subsys cpuacct
[STDERR  ] 2017-10-30T17:29:33.207350712Z: [    0.000000] Linux version 4.4.95-linuxkit (root@d45703099dc1) (gcc version 6.3.0 (Alpine 6.3.0) ) #1 SMP Sat Oct 28 17:13:38 UTC 2017
[STDERR  ] 2017-10-30T17:29:33.208671026Z: [    0.000000] Command line: console=ttyS0
[STDERR  ] 2017-10-30T17:29:33.208703435Z: [    0.000000] x86/fpu: Legacy x87 FPU detected.
[STDERR  ] 2017-10-30T17:29:33.208730658Z: [    0.000000] x86/fpu: Using 'lazy' FPU context switches.
[STDERR  ] 2017-10-30T17:29:33.208756916Z: [    0.000000] e820: BIOS-provided physical RAM map:
[STDERR  ] 2017-10-30T17:29:33.208784746Z: [    0.000000] BIOS-e820: [mem 0x0000000000000000-0x000000000009fbff] usable
[STDERR  ] 2017-10-30T17:29:33.208812827Z: [    0.000000] BIOS-e820: [mem 0x000000000009fc00-0x000000000009ffff] reserved
[STDERR  ] 2017-10-30T17:29:33.208858024Z: [    0.000000] BIOS-e820: [mem 0x00000000000f0000-0x00000000000fffff] reserved
[STDERR  ] 2017-10-30T17:29:33.208886569Z: [    0.000000] BIOS-e820: [mem 0x0000000000100000-0x000000003ffdefff] usable
[STDERR  ] 2017-10-30T17:29:33.208912924Z: [    0.000000] BIOS-e820: [mem 0x000000003ffdf000-0x000000003fffffff] reserved
[STDERR  ] 2017-10-30T17:29:33.208939594Z: [    0.000000] BIOS-e820: [mem 0x00000000b0000000-0x00000000bfffffff] reserved
[STDERR  ] 2017-10-30T17:29:33.208966784Z: [    0.000000] BIOS-e820: [mem 0x00000000fed1c000-0x00000000fed1ffff] reserved
[STDERR  ] 2017-10-30T17:29:33.208993681Z: [    0.000000] BIOS-e820: [mem 0x00000000fffc0000-0x00000000ffffffff] reserved
[STDERR  ] 2017-10-30T17:29:33.209021228Z: [    0.000000] NX (Execute Disable) protection: active
[STDERR  ] 2017-10-30T17:29:33.20904913Z: [    0.000000] SMBIOS 2.8 present.
[STDERR  ] 2017-10-30T17:29:33.209076502Z: [    0.000000] e820: last_pfn = 0x3ffdf max_arch_pfn = 0x400000000
[STDERR  ] 2017-10-30T17:29:33.209101738Z: [    0.000000] x86/PAT: Configuration [0-7]: WB  WC  UC- UC  WB  WC  UC- WT  
[STDERR  ] 2017-10-30T17:29:33.209127868Z: [    0.000000] found SMP MP-table at [mem 0x000f6aa0-0x000f6aaf] mapped at [ffff8800000f6aa0]
[STDERR  ] 2017-10-30T17:29:33.209154379Z: [    0.000000] RAMDISK: [mem 0x3e8e7000-0x3ffcffff]
[STDERR  ] 2017-10-30T17:29:33.209203531Z: [    0.000000] ACPI: Early table checksum verification disabled
[STDERR  ] 2017-10-30T17:29:33.209231553Z: [    0.000000] ACPI: RSDP 0x00000000000F68C0 000014 (v00 BOCHS )
[STDERR  ] 2017-10-30T17:29:33.209265158Z: [    0.000000] ACPI: RSDT 0x000000003FFE2404 000034 (v01 BOCHS  BXPCRSDT 00000001 BXPC 00000001)
[STDERR  ] 2017-10-30T17:29:33.209293202Z: [    0.000000] ACPI: FACP 0x000000003FFE22A4 000074 (v01 BOCHS  BXPCFACP 00000001 BXPC 00000001)
[STDERR  ] 2017-10-30T17:29:33.209320014Z: [    0.000000] ACPI: DSDT 0x000000003FFE0040 002264 (v01 BOCHS  BXPCDSDT 00000001 BXPC 00000001)
[STDERR  ] 2017-10-30T17:29:33.209345242Z: [    0.000000] ACPI: FACS 0x000000003FFE0000 000040
[STDERR  ] 2017-10-30T17:29:33.209371624Z: [    0.000000] ACPI: APIC 0x000000003FFE2318 000078 (v01 BOCHS  BXPCAPIC 00000001 BXPC 00000001)
[STDERR  ] 2017-10-30T17:29:33.20939481Z: [    0.000000] ACPI: HPET 0x000000003FFE2390 000038 (v01 BOCHS  BXPCHPET 00000001 BXPC 00000001)
[STDERR  ] 2017-10-30T17:29:33.209420547Z: [    0.000000] ACPI: MCFG 0x000000003FFE23C8 00003C (v01 BOCHS  BXPCMCFG 00000001 BXPC 00000001)
[STDERR  ] 2017-10-30T17:29:33.209445941Z: [    0.000000] Zone ranges:
[STDERR  ] 2017-10-30T17:29:33.209473568Z: [    0.000000]   DMA      [mem 0x0000000000001000-0x0000000000ffffff]
[STDERR  ] 2017-10-30T17:29:33.209501029Z: [    0.000000]   DMA32    [mem 0x0000000001000000-0x000000003ffdefff]
[STDERR  ] 2017-10-30T17:29:33.209527832Z: [    0.000000]   Normal   empty
[STDERR  ] 2017-10-30T17:29:33.209555266Z: [    0.000000] Movable zone start for each node
[STDERR  ] 2017-10-30T17:29:33.209597131Z: [    0.000000] Early memory node ranges
[STDERR  ] 2017-10-30T17:29:33.209624178Z: [    0.000000]   node   0: [mem 0x0000000000001000-0x000000000009efff]
[STDERR  ] 2017-10-30T17:29:33.209650719Z: [    0.000000]   node   0: [mem 0x0000000000100000-0x000000003ffdefff]
[STDERR  ] 2017-10-30T17:29:33.209677421Z: [    0.000000] Initmem setup node 0 [mem 0x0000000000001000-0x000000003ffdefff]
[STDERR  ] 2017-10-30T17:29:33.20970414Z: [    0.000000] ACPI: PM-Timer IO Port: 0x608
[STDERR  ] 2017-10-30T17:29:33.209730679Z: [    0.000000] ACPI: LAPIC_NMI (acpi_id[0xff] dfl dfl lint[0x1])
[STDERR  ] 2017-10-30T17:29:33.209756547Z: [    0.000000] IOAPIC[0]: apic_id 0, version 32, address 0xfec00000, GSI 0-23
[STDERR  ] 2017-10-30T17:29:33.209780102Z: [    0.000000] ACPI: INT_SRC_OVR (bus 0 bus_irq 0 global_irq 2 dfl dfl)
[STDERR  ] 2017-10-30T17:29:33.209804046Z: [    0.000000] ACPI: INT_SRC_OVR (bus 0 bus_irq 5 global_irq 5 high level)
[STDERR  ] 2017-10-30T17:29:33.209826723Z: [    0.000000] ACPI: INT_SRC_OVR (bus 0 bus_irq 9 global_irq 9 high level)
[STDERR  ] 2017-10-30T17:29:33.209858336Z: [    0.000000] ACPI: INT_SRC_OVR (bus 0 bus_irq 10 global_irq 10 high level)
[STDERR  ] 2017-10-30T17:29:33.20988709Z: [    0.000000] ACPI: INT_SRC_OVR (bus 0 bus_irq 11 global_irq 11 high level)
[STDERR  ] 2017-10-30T17:29:33.209914067Z: [    0.000000] Using ACPI (MADT) for SMP configuration information
[STDERR  ] 2017-10-30T17:29:33.209940346Z: [    0.000000] ACPI: HPET id: 0x8086a201 base: 0xfed00000
[STDERR  ] 2017-10-30T17:29:33.209967292Z: [    0.000000] smpboot: Allowing 1 CPUs, 0 hotplug CPUs
[STDERR  ] 2017-10-30T17:29:33.209994104Z: [    0.000000] e820: [mem 0x40000000-0xafffffff] available for PCI devices
[STDERR  ] 2017-10-30T17:29:33.210020817Z: [    0.000000] Booting paravirtualized kernel on bare hardware
[STDERR  ] 2017-10-30T17:29:33.21004784Z: [    0.000000] clocksource: refined-jiffies: mask: 0xffffffff max_cycles: 0xffffffff, max_idle_ns: 19112604462750000 ns
[STDERR  ] 2017-10-30T17:29:33.210075191Z: [    0.000000] setup_percpu: NR_CPUS:128 nr_cpumask_bits:128 nr_cpu_ids:1 nr_node_ids:1
[STDERR  ] 2017-10-30T17:29:33.210102407Z: [    0.000000] PERCPU: Embedded 33 pages/cpu @ffff88003e600000 s95896 r8192 d31080 u2097152
[STDERR  ] 2017-10-30T17:29:33.210137572Z: [    0.000000] Built 1 zonelists in Zone order, mobility grouping on.  Total pages: 257896
[STDERR  ] 2017-10-30T17:29:33.210174412Z: [    0.000000] Kernel command line: console=ttyS0
[STDERR  ] 2017-10-30T17:29:33.210201192Z: [    0.000000] PID hash table entries: 4096 (order: 3, 32768 bytes)
[STDERR  ] 2017-10-30T17:29:33.210227588Z: [    0.000000] Dentry cache hash table entries: 131072 (order: 8, 1048576 bytes)
[STDERR  ] 2017-10-30T17:29:33.210255668Z: [    0.000000] Inode-cache hash table entries: 65536 (order: 7, 524288 bytes)
[STDERR  ] 2017-10-30T17:29:33.210282317Z: [    0.000000] Memory: 990624K/1048052K available (7634K kernel code, 1259K rwdata, 2704K rodata, 1296K init, 688K bss, 57428K reserved, 0K cma-reserved)
[STDERR  ] 2017-10-30T17:29:33.210308757Z: [    0.000000] Hierarchical RCU implementation.
[STDERR  ] 2017-10-30T17:29:33.210334882Z: [    0.000000] 	Build-time adjustment of leaf fanout to 64.
[STDERR  ] 2017-10-30T17:29:33.210361561Z: [    0.000000] 	RCU restricting CPUs from NR_CPUS=128 to nr_cpu_ids=1.
[STDERR  ] 2017-10-30T17:29:33.210389666Z: [    0.000000] RCU: Adjusting geometry for rcu_fanout_leaf=64, nr_cpu_ids=1
[STDERR  ] 2017-10-30T17:29:33.21041671Z: [    0.000000] NR_IRQS:8448 nr_irqs:256 16
[STDERR  ] 2017-10-30T17:29:33.210444245Z: [    0.000000] Console: colour VGA+ 80x25
[STDERR  ] 2017-10-30T17:29:33.210470589Z: [    0.000000] console [ttyS0] enabled
[STDERR  ] 2017-10-30T17:29:33.210496735Z: [    0.000000] clocksource: hpet: mask: 0xffffffff max_cycles: 0xffffffff, max_idle_ns: 19112604467 ns
[STDERR  ] 2017-10-30T17:29:33.210524102Z: [    0.000000] tsc: Fast TSC calibration using PIT
[STDERR  ] 2017-10-30T17:29:33.210551099Z: [    0.000000] tsc: Detected 2300.112 MHz processor
[STDERR  ] 2017-10-30T17:29:33.210582772Z: [    0.021887] Calibrating delay loop (skipped), value calculated using timer frequency.. 4600.22 BogoMIPS (lpj=23001120)
[STDERR  ] 2017-10-30T17:29:33.210610685Z: [    0.023113] pid_max: default: 32768 minimum: 301
[STDERR  ] 2017-10-30T17:29:33.210637356Z: [    0.023764] ACPI: Core revision 20150930
[STDERR  ] 2017-10-30T17:29:33.210663522Z: [    0.090584] ACPI: 1 ACPI AML tables successfully acquired and loaded
[STDERR  ] 2017-10-30T17:29:33.210690297Z: [    0.092888] Security Framework initialized
[STDERR  ] 2017-10-30T17:29:33.210717002Z: [    0.093389] Yama: becoming mindful.
[STDERR  ] 2017-10-30T17:29:33.210743132Z: [    0.099069] Mount-cache hash table entries: 2048 (order: 2, 16384 bytes)
[STDERR  ] 2017-10-30T17:29:33.210770023Z: [    0.099861] Mountpoint-cache hash table entries: 2048 (order: 2, 16384 bytes)
[STDERR  ] 2017-10-30T17:29:33.210796736Z: [    0.124930] Initializing cgroup subsys io
[STDERR  ] 2017-10-30T17:29:33.210823435Z: [    0.126136] Initializing cgroup subsys memory
[STDERR  ] 2017-10-30T17:29:33.210849625Z: [    0.127476] Initializing cgroup subsys devices
[STDERR  ] 2017-10-30T17:29:33.210881232Z: [    0.128123] Initializing cgroup subsys freezer
[STDERR  ] 2017-10-30T17:29:33.210915093Z: [    0.128759] Initializing cgroup subsys net_cls
[STDERR  ] 2017-10-30T17:29:33.210942199Z: [    0.129337] Initializing cgroup subsys perf_event
[STDERR  ] 2017-10-30T17:29:33.21096848Z: [    0.129751] Initializing cgroup subsys net_prio
[STDERR  ] 2017-10-30T17:29:33.210995024Z: [    0.130272] Initializing cgroup subsys hugetlb
[STDERR  ] 2017-10-30T17:29:33.21102119Z: [    0.130998] Initializing cgroup subsys pids
[STDERR  ] 2017-10-30T17:29:33.211047959Z: [    0.134750] Last level iTLB entries: 4KB 0, 2MB 0, 4MB 0
[STDERR  ] 2017-10-30T17:29:33.211074124Z: [    0.135078] Last level dTLB entries: 4KB 0, 2MB 0, 4MB 0, 1GB 0
[STDERR  ] 2017-10-30T17:29:33.211100042Z: [    0.407156] Freeing SMP alternatives memory: 20K
[STDERR  ] 2017-10-30T17:29:33.211126073Z: [    0.414469] ftrace: allocating 33472 entries in 131 pages
[STDERR  ] 2017-10-30T17:29:33.21115264Z: [    0.583960] ..TIMER: vector=0x30 apic1=0 pin1=2 apic2=-1 pin2=-1
[STDERR  ] 2017-10-30T17:29:33.211179562Z: [    0.690000] smpboot: CPU0: AMD QEMU Virtual CPU version 2.5+ (family: 0x6, model: 0x6, stepping: 0x3)
[STDERR  ] 2017-10-30T17:29:33.211234924Z: [    0.690000] Performance Events: Broken PMU hardware detected, using software events only.
[STDERR  ] 2017-10-30T17:29:33.211264224Z: [    0.690000] Failed to access perfctr msr (MSR c0010007 is 0)
[STDERR  ] 2017-10-30T17:29:33.211290394Z: [    0.694203] x86: Booted up 1 node, 1 CPUs
[STDERR  ] 2017-10-30T17:29:33.211316427Z: [    0.694567] smpboot: Total of 1 processors activated (4600.22 BogoMIPS)
[STDERR  ] 2017-10-30T17:29:33.211343707Z: [    0.702089] NMI watchdog: disabled (cpu0): hardware events not enabled
[STDERR  ] 2017-10-30T17:29:33.211370569Z: [    0.702533] NMI watchdog: Shutting down hard lockup detector on all cpus
[STDERR  ] 2017-10-30T17:29:33.211397455Z: [    0.712071] devtmpfs: initialized
[STDERR  ] 2017-10-30T17:29:33.211424032Z: [    0.786452] clocksource: jiffies: mask: 0xffffffff max_cycles: 0xffffffff, max_idle_ns: 19112604462750000 ns
[STDERR  ] 2017-10-30T17:29:33.211450405Z: [    0.787408] futex hash table entries: 256 (order: 2, 16384 bytes)
[STDERR  ] 2017-10-30T17:29:33.211476665Z: [    0.798668] NET: Registered protocol family 16
[STDERR  ] 2017-10-30T17:29:33.211503125Z: [    0.805438] cpuidle: using governor ladder
[STDERR  ] 2017-10-30T17:29:33.211529331Z: [    0.805870] cpuidle: using governor menu
[STDERR  ] 2017-10-30T17:29:33.211555287Z: [    0.807223] ACPI: bus type PCI registered
[STDERR  ] 2017-10-30T17:29:33.211581609Z: [    0.810308] PCI: MMCONFIG for domain 0000 [bus 00-ff] at [mem 0xb0000000-0xbfffffff] (base 0xb0000000)
[STDERR  ] 2017-10-30T17:29:33.211607964Z: [    0.811132] PCI: MMCONFIG at [mem 0xb0000000-0xbfffffff] reserved in E820
[STDERR  ] 2017-10-30T17:29:33.211640855Z: [    0.812396] PCI: Using configuration type 1 for base access
[STDERR  ] 2017-10-30T17:29:33.211667055Z: [    0.871147] ACPI: Added _OSI(Module Device)
[STDERR  ] 2017-10-30T17:29:33.211692894Z: [    0.871471] ACPI: Added _OSI(Processor Device)
[STDERR  ] 2017-10-30T17:29:33.211718872Z: [    0.871839] ACPI: Added _OSI(3.0 _SCP Extensions)
[STDERR  ] 2017-10-30T17:29:33.211745251Z: [    0.872138] ACPI: Added _OSI(Processor Aggregator Device)
[STDERR  ] 2017-10-30T17:29:33.211771458Z: [    0.951111] ACPI: Interpreter enabled
[STDERR  ] 2017-10-30T17:29:33.211796999Z: [    0.952174] ACPI: (supports S0 S5)
[STDERR  ] 2017-10-30T17:29:33.211823368Z: [    0.952495] ACPI: Using IOAPIC for interrupt routing
[STDERR  ] 2017-10-30T17:29:33.211849683Z: [    0.954217] PCI: Using host bridge windows from ACPI; if necessary, use "pci=nocrs" and report a bug
[STDERR  ] 2017-10-30T17:29:33.211882193Z: [    1.016750] ACPI: PCI Root Bridge [PCI0] (domain 0000 [bus 00-ff])
[STDERR  ] 2017-10-30T17:29:33.211910531Z: [    1.017706] acpi PNP0A08:00: _OSC: OS supports [ExtendedConfig ASPM ClockPM Segments MSI]
[STDERR  ] 2017-10-30T17:29:33.211950726Z: [    1.023026] acpi PNP0A08:00: _OSC: OS now controls [PCIeHotplug PME PCIeCapability]
[STDERR  ] 2017-10-30T17:29:33.21197868Z: [    1.026521] PCI host bridge to bus 0000:00
[STDERR  ] 2017-10-30T17:29:33.212005082Z: [    1.026993] pci_bus 0000:00: root bus resource [io  0x0000-0x0cf7 window]
[STDERR  ] 2017-10-30T17:29:33.212033486Z: [    1.027453] pci_bus 0000:00: root bus resource [io  0x0d00-0xffff window]
[STDERR  ] 2017-10-30T17:29:33.212060164Z: [    1.027890] pci_bus 0000:00: root bus resource [mem 0x000a0000-0x000bffff window]
[STDERR  ] 2017-10-30T17:29:33.212086854Z: [    1.028360] pci_bus 0000:00: root bus resource [mem 0xc0000000-0xfebfffff window]
[STDERR  ] 2017-10-30T17:29:33.212112793Z: [    1.028939] pci_bus 0000:00: root bus resource [bus 00-ff]
[STDERR  ] 2017-10-30T17:29:33.212146072Z: [    1.132140] pci 0000:00:1f.0: quirk: [io  0x0600-0x067f] claimed by ICH6 ACPI/GPIO/TCO
[STDERR  ] 2017-10-30T17:29:33.21217313Z: [    1.193590] ACPI: PCI Interrupt Link [LNKA] (IRQs 5 *10 11)
[STDERR  ] 2017-10-30T17:29:33.212199995Z: [    1.195444] ACPI: PCI Interrupt Link [LNKB] (IRQs 5 *10 11)
[STDERR  ] 2017-10-30T17:29:33.212226217Z: [    1.197080] ACPI: PCI Interrupt Link [LNKC] (IRQs 5 10 *11)
[STDERR  ] 2017-10-30T17:29:33.212252699Z: [    1.198686] ACPI: PCI Interrupt Link [LNKD] (IRQs 5 10 *11)
[STDERR  ] 2017-10-30T17:29:33.21227893Z: [    1.200876] ACPI: PCI Interrupt Link [LNKE] (IRQs 5 *10 11)
[STDERR  ] 2017-10-30T17:29:33.21230499Z: [    1.202480] ACPI: PCI Interrupt Link [LNKF] (IRQs 5 *10 11)
[STDERR  ] 2017-10-30T17:29:33.212331124Z: [    1.204076] ACPI: PCI Interrupt Link [LNKG] (IRQs 5 10 *11)
[STDERR  ] 2017-10-30T17:29:33.212357523Z: [    1.205670] ACPI: PCI Interrupt Link [LNKH] (IRQs 5 10 *11)
[STDERR  ] 2017-10-30T17:29:33.21238903Z: [    1.206430] ACPI: PCI Interrupt Link [GSIA] (IRQs *16)
[STDERR  ] 2017-10-30T17:29:33.212415649Z: [    1.207058] ACPI: PCI Interrupt Link [GSIB] (IRQs *17)
[STDERR  ] 2017-10-30T17:29:33.212441839Z: [    1.207637] ACPI: PCI Interrupt Link [GSIC] (IRQs *18)
[STDERR  ] 2017-10-30T17:29:33.212467984Z: [    1.208214] ACPI: PCI Interrupt Link [GSID] (IRQs *19)
[STDERR  ] 2017-10-30T17:29:33.2124942Z: [    1.208789] ACPI: PCI Interrupt Link [GSIE] (IRQs *20)
[STDERR  ] 2017-10-30T17:29:33.212520649Z: [    1.209362] ACPI: PCI Interrupt Link [GSIF] (IRQs *21)
[STDERR  ] 2017-10-30T17:29:33.212547282Z: [    1.210063] ACPI: PCI Interrupt Link [GSIG] (IRQs *22)
[STDERR  ] 2017-10-30T17:29:33.212573801Z: [    1.210689] ACPI: PCI Interrupt Link [GSIH] (IRQs *23)
[STDERR  ] 2017-10-30T17:29:33.212600324Z: [    1.214462] ACPI: Enabled 2 GPEs in block 00 to 3F
[STDERR  ] 2017-10-30T17:29:33.212627124Z: [    1.218481] SCSI subsystem initialized
[STDERR  ] 2017-10-30T17:29:33.212653284Z: [    1.220361] ACPI: bus type USB registered
[STDERR  ] 2017-10-30T17:29:33.21267945Z: [    1.221433] usbcore: registered new interface driver usbfs
[STDERR  ] 2017-10-30T17:29:33.212716908Z: [    1.222254] usbcore: registered new interface driver hub
[STDERR  ] 2017-10-30T17:29:33.21274462Z: [    1.223029] usbcore: registered new device driver usb
[STDERR  ] 2017-10-30T17:29:33.212771139Z: [    1.224162] pps_core: LinuxPPS API ver. 1 registered
[STDERR  ] 2017-10-30T17:29:33.212797681Z: [    1.224495] pps_core: Software ver. 5.3.6 - Copyright 2005-2007 Rodolfo Giometti <giometti@linux.it>
[STDERR  ] 2017-10-30T17:29:33.212824099Z: [    1.225189] PTP clock support registered
[STDERR  ] 2017-10-30T17:29:33.212856987Z: [    1.226376] wmi: Mapper loaded
[STDERR  ] 2017-10-30T17:29:33.212884025Z: [    1.227392] PCI: Using ACPI for IRQ routing
[STDERR  ] 2017-10-30T17:29:33.212909868Z: [    1.246704] NetLabel: Initializing
[STDERR  ] 2017-10-30T17:29:33.212936522Z: [    1.247017] NetLabel:  domain hash size = 128
[STDERR  ] 2017-10-30T17:29:33.212962793Z: [    1.247301] NetLabel:  protocols = UNLABELED CIPSOv4
[STDERR  ] 2017-10-30T17:29:33.212989349Z: [    1.248959] NetLabel:  unlabeled traffic allowed by default
[STDERR  ] 2017-10-30T17:29:33.213016115Z: [    1.249841] HPET: 3 timers in total, 0 timers will be used for per-cpu timer
[STDERR  ] 2017-10-30T17:29:33.213049191Z: [    1.250316] hpet0: at MMIO 0xfed00000, IRQs 2, 8, 0
[STDERR  ] 2017-10-30T17:29:33.213075958Z: [    1.250753] hpet0: 3 comparators, 64-bit 100.000000 MHz counter
[STDERR  ] 2017-10-30T17:29:33.213102567Z: [    1.255155] amd_nb: Cannot enumerate AMD northbridges
[STDERR  ] 2017-10-30T17:29:33.213138443Z: [    1.256121] clocksource: Switched to clocksource hpet
[STDERR  ] 2017-10-30T17:29:33.213164823Z: [    1.481818] FS-Cache: Loaded
[STDERR  ] 2017-10-30T17:29:33.213191122Z: [    1.485410] CacheFiles: Loaded
[STDERR  ] 2017-10-30T17:29:33.213217748Z: [    1.487380] pnp: PnP ACPI init
[STDERR  ] 2017-10-30T17:29:33.213245023Z: [    1.498572] pnp: PnP ACPI: found 5 devices
[STDERR  ] 2017-10-30T17:29:33.213271695Z: [    1.546455] clocksource: acpi_pm: mask: 0xffffff max_cycles: 0xffffff, max_idle_ns: 2085701024 ns
[STDERR  ] 2017-10-30T17:29:33.213298777Z: [    1.548490] NET: Registered protocol family 2
[STDERR  ] 2017-10-30T17:29:33.213324942Z: [    1.555322] TCP established hash table entries: 8192 (order: 4, 65536 bytes)
[STDERR  ] 2017-10-30T17:29:33.213351683Z: [    1.556019] TCP bind hash table entries: 8192 (order: 5, 131072 bytes)
[STDERR  ] 2017-10-30T17:29:33.213378672Z: [    1.556665] TCP: Hash tables configured (established 8192 bind 8192)
[STDERR  ] 2017-10-30T17:29:33.213405403Z: [    1.558050] UDP hash table entries: 512 (order: 2, 16384 bytes)
[STDERR  ] 2017-10-30T17:29:33.213432048Z: [    1.558573] UDP-Lite hash table entries: 512 (order: 2, 16384 bytes)
[STDERR  ] 2017-10-30T17:29:33.213459139Z: [    1.561016] NET: Registered protocol family 1
[STDERR  ] 2017-10-30T17:29:33.213485758Z: [    1.567605] Unpacking initramfs...
[STDERR  ] 2017-10-30T17:29:33.213512193Z: [    7.419200] Freeing initrd memory: 23460K
[STDERR  ] 2017-10-30T17:29:33.213538949Z: [    7.441098] PCLMULQDQ-NI instructions are not detected.
[STDERR  ] 2017-10-30T17:29:33.213565248Z: [    7.442282] AVX or AES-NI instructions are not detected.
[STDERR  ] 2017-10-30T17:29:33.213591555Z: [    7.442728] CPU feature 'AVX registers' is not supported.
[STDERR  ] 2017-10-30T17:29:33.213617991Z: [    7.443130] CPU feature 'AVX registers' is not supported.
[STDERR  ] 2017-10-30T17:29:33.213649872Z: [    7.443528] CPU feature 'AVX registers' is not supported.
[STDERR  ] 2017-10-30T17:29:33.213677553Z: [    7.443924] CPU feature 'AVX registers' is not supported.
[STDERR  ] 2017-10-30T17:29:33.213716538Z: [    7.444321] AVX2 or AES-NI instructions are not detected.
[STDERR  ] 2017-10-30T17:29:33.213743873Z: [    7.444717] AVX2 instructions are not detected.
[STDERR  ] 2017-10-30T17:29:33.213770381Z: [    7.451389] audit: initializing netlink subsys (disabled)
[STDERR  ] 2017-10-30T17:29:33.213803902Z: [    7.452837] audit: type=2000 audit(1509384538.450:1): initialized
[STDERR  ] 2017-10-30T17:29:33.213830241Z: [    7.459355] HugeTLB registered 2 MB page size, pre-allocated 0 pages
[STDERR  ] 2017-10-30T17:29:33.213863288Z: [    7.463851] VFS: Disk quotas dquot_6.6.0
[STDERR  ] 2017-10-30T17:29:33.2138901Z: [    7.464409] VFS: Dquot-cache hash table entries: 512 (order 0, 4096 bytes)
[STDERR  ] 2017-10-30T17:29:33.213917137Z: [    7.467516] squashfs: version 4.0 (2009/01/31) Phillip Lougher
[STDERR  ] 2017-10-30T17:29:33.213943572Z: [    7.470771] FS-Cache: Netfs 'cifs' registered for caching
[STDERR  ] 2017-10-30T17:29:33.213969699Z: [    7.471624] fuse init (API version 7.23)
[STDERR  ] 2017-10-30T17:29:33.213996403Z: [    7.473716] SGI XFS with ACLs, security attributes, no debug enabled
[STDERR  ] 2017-10-30T17:29:33.214023785Z: [    7.476292] 9p: Installing v9fs 9p2000 file system support
[STDERR  ] 2017-10-30T17:29:33.214050125Z: [    7.476857] FS-Cache: Netfs '9p' registered for caching
[STDERR  ] 2017-10-30T17:29:33.214076484Z: [    7.478448] Key type big_key registered
[STDERR  ] 2017-10-30T17:29:33.214103025Z: [    7.509129] NET: Registered protocol family 38
[STDERR  ] 2017-10-30T17:29:33.214128524Z: [    7.509665] Key type asymmetric registered
[STDERR  ] 2017-10-30T17:29:33.21416113Z: [    7.509999] Asymmetric key parser 'x509' registered
[STDERR  ] 2017-10-30T17:29:33.214187934Z: [    7.511796] Block layer SCSI generic (bsg) driver version 0.4 loaded (major 251)
[STDERR  ] 2017-10-30T17:29:33.214215855Z: [    7.513031] io scheduler noop registered
[STDERR  ] 2017-10-30T17:29:33.214242231Z: [    7.513371] io scheduler deadline registered (default)
[STDERR  ] 2017-10-30T17:29:33.214269015Z: [    7.513965] io scheduler cfq registered
[STDERR  ] 2017-10-30T17:29:33.214295274Z: [    7.516492] pci_hotplug: PCI Hot Plug PCI Core version: 0.5
[STDERR  ] 2017-10-30T17:29:33.214321672Z: [    7.517054] pciehp: PCI Express Hot Plug Controller Driver version: 0.4
[STDERR  ] 2017-10-30T17:29:33.214348777Z: [    7.517829] shpchp: Standard Hot Plug PCI Controller Driver version: 0.4
[STDERR  ] 2017-10-30T17:29:33.214375682Z: [    7.518682] hv_vmbus: registering driver hyperv_fb
[STDERR  ] 2017-10-30T17:29:33.214402012Z: [    7.525187] input: Power Button as /devices/LNXSYSTM:00/LNXPWRBN:00/input/input0
[STDERR  ] 2017-10-30T17:29:33.214428891Z: [    7.526296] ACPI: Power Button [PWRF]
[STDERR  ] 2017-10-30T17:29:33.214455811Z: [    7.531122] GHES: HEST is not enabled!
[STDERR  ] 2017-10-30T17:29:33.214481909Z: [    7.542036] ACPI: PCI Interrupt Link [GSIG] enabled at IRQ 22
[STDERR  ] 2017-10-30T17:29:33.214508143Z: [    7.554126] ACPI: PCI Interrupt Link [GSIH] enabled at IRQ 23
[STDERR  ] 2017-10-30T17:29:33.214535426Z: [    7.557808] xenfs: not registering filesystem on non-xen platform
[STDERR  ] 2017-10-30T17:29:33.214561804Z: [    7.559770] Serial: 8250/16550 driver, 4 ports, IRQ sharing disabled
[STDERR  ] 2017-10-30T17:29:33.214589122Z: [    7.586239] 00:04: ttyS0 at I/O 0x3f8 (irq = 4, base_baud = 115200) is a 16550A
[STDERR  ] 2017-10-30T17:29:33.21461595Z: [    7.596218] Non-volatile memory driver v1.3
[STDERR  ] 2017-10-30T17:29:33.214642816Z: [    7.602064] Hangcheck: starting hangcheck timer 0.9.1 (tick is 180 seconds, margin is 60 seconds).
[STDERR  ] 2017-10-30T17:29:33.214669076Z: [    7.607388] random: nonblocking pool is initialized
[STDERR  ] 2017-10-30T17:29:33.214695639Z: [    7.640629] loop: module loaded
[STDERR  ] 2017-10-30T17:29:33.214722805Z: [    7.651912] nbd: registered device at major 43
[STDERR  ] 2017-10-30T17:29:33.214749501Z: [    7.689215] lpc_ich 0000:00:1f.0: I/O space for GPIO uninitialized
[STDERR  ] 2017-10-30T17:29:33.214776514Z: [    7.691089] VMware PVSCSI driver - version 1.0.5.0-k
[STDERR  ] 2017-10-30T17:29:33.214803224Z: [    7.691811] hv_vmbus: registering driver hv_storvsc
[STDERR  ] 2017-10-30T17:29:33.214829625Z: [    7.701827] ACPI: PCI Interrupt Link [GSIA] enabled at IRQ 16
[STDERR  ] 2017-10-30T17:29:33.214862107Z: [    7.707239] ahci 0000:00:1f.2: AHCI 0001.0000 32 slots 6 ports 1.5 Gbps 0x3f impl SATA mode
[STDERR  ] 2017-10-30T17:29:33.214891139Z: [    7.707885] ahci 0000:00:1f.2: flags: 64bit ncq only 
[STDERR  ] 2017-10-30T17:29:33.214922893Z: [    7.727427] scsi host0: ahci
[STDERR  ] 2017-10-30T17:29:33.214950249Z: [    7.730421] scsi host1: ahci
[STDERR  ] 2017-10-30T17:29:33.214976723Z: [    7.732475] scsi host2: ahci
[STDERR  ] 2017-10-30T17:29:33.215004809Z: [    7.734461] scsi host3: ahci
[STDERR  ] 2017-10-30T17:29:33.215032661Z: [    7.736474] scsi host4: ahci
[STDERR  ] 2017-10-30T17:29:33.215059628Z: [    7.738506] scsi host5: ahci
[STDERR  ] 2017-10-30T17:29:33.215086485Z: [    7.740525] ata1: SATA max UDMA/133 abar m4096@0xfebd2000 port 0xfebd2100 irq 24
[STDERR  ] 2017-10-30T17:29:33.215113269Z: [    7.741070] ata2: SATA max UDMA/133 abar m4096@0xfebd2000 port 0xfebd2180 irq 24
[STDERR  ] 2017-10-30T17:29:33.215140278Z: [    7.741534] ata3: SATA max UDMA/133 abar m4096@0xfebd2000 port 0xfebd2200 irq 24
[STDERR  ] 2017-10-30T17:29:33.215166682Z: [    7.741991] ata4: SATA max UDMA/133 abar m4096@0xfebd2000 port 0xfebd2280 irq 24
[STDERR  ] 2017-10-30T17:29:33.215193075Z: [    7.742447] ata5: SATA max UDMA/133 abar m4096@0xfebd2000 port 0xfebd2300 irq 24
[STDERR  ] 2017-10-30T17:29:33.215219628Z: [    7.742901] ata6: SATA max UDMA/133 abar m4096@0xfebd2000 port 0xfebd2380 irq 24
[STDERR  ] 2017-10-30T17:29:33.215254263Z: [    7.754817] tun: Universal TUN/TAP device driver, 1.6
[STDERR  ] 2017-10-30T17:29:33.215291168Z: [    7.755180] tun: (C) 1999-2004 Max Krasnyansky <maxk@qualcomm.com>
[STDERR  ] 2017-10-30T17:29:33.215318298Z: [    7.766016] VMware vmxnet3 virtual NIC driver - version 1.4.5.0-k-NAPI
[STDERR  ] 2017-10-30T17:29:33.215345446Z: [    7.766832] hv_vmbus: registering driver hv_netvsc
[STDERR  ] 2017-10-30T17:29:33.215372402Z: [    7.767173] Fusion MPT base driver 3.04.20
[STDERR  ] 2017-10-30T17:29:33.215398526Z: [    7.767442] Copyright (c) 1999-2008 LSI Corporation
[STDERR  ] 2017-10-30T17:29:33.215424341Z: [    7.767963] Fusion MPT SPI Host driver 3.04.20
[STDERR  ] 2017-10-30T17:29:33.215450575Z: [    7.769898] i8042: PNP: PS/2 Controller [PNP0303:KBD,PNP0f13:MOU] at 0x60,0x64 irq 1,12
[STDERR  ] 2017-10-30T17:29:33.215485749Z: [    7.774298] serio: i8042 KBD port at 0x60,0x64 irq 1
[STDERR  ] 2017-10-30T17:29:33.215512047Z: [    7.774865] serio: i8042 AUX port at 0x60,0x64 irq 12
[STDERR  ] 2017-10-30T17:29:33.21554332Z: [    7.777982] hv_vmbus: registering driver hyperv_keyboard
[STDERR  ] 2017-10-30T17:29:33.215570293Z: [    7.779972] mousedev: PS/2 mouse device common for all mice
[STDERR  ] 2017-10-30T17:29:33.215596832Z: [    7.785149] input: AT Translated Set 2 keyboard as /devices/platform/i8042/serio0/input/input1
[STDERR  ] 2017-10-30T17:29:33.215623492Z: [    7.787903] input: PC Speaker as /devices/platform/pcspkr/input/input2
[STDERR  ] 2017-10-30T17:29:33.215649792Z: [    7.791500] rtc_cmos 00:00: RTC can wake from S4
[STDERR  ] 2017-10-30T17:29:33.215676079Z: [    7.794581] rtc_cmos 00:00: rtc core: registered rtc_cmos as rtc0
[STDERR  ] 2017-10-30T17:29:33.215702259Z: [    7.795790] rtc_cmos 00:00: alarms up to one day, y3k, 114 bytes nvram, hpet irqs
[STDERR  ] 2017-10-30T17:29:33.215729006Z: [    7.796485] i2c /dev entries driver
[STDERR  ] 2017-10-30T17:29:33.215755418Z: [    7.798186] device-mapper: ioctl: 4.34.0-ioctl (2015-10-28) initialised: dm-devel@redhat.com
[STDERR  ] 2017-10-30T17:29:33.21578286Z: [    7.803588] usbcore: registered new interface driver usbhid
[STDERR  ] 2017-10-30T17:29:33.215809056Z: [    7.803981] usbhid: USB HID core driver
[STDERR  ] 2017-10-30T17:29:33.215835764Z: [    7.804595] hv_utils: Registering HyperV Utility Driver
[STDERR  ] 2017-10-30T17:29:33.215861952Z: [    7.804940] hv_vmbus: registering driver hv_util
[STDERR  ] 2017-10-30T17:29:33.215888377Z: [    7.805260] hv_vmbus: registering driver hv_balloon
[STDERR  ] 2017-10-30T17:29:33.215914524Z: [    7.805755] oprofile: using NMI interrupt.
[STDERR  ] 2017-10-30T17:29:33.215941348Z: [    7.806750] GACT probability on
[STDERR  ] 2017-10-30T17:29:33.215968443Z: [    7.807109] Mirror/redirect action on
[STDERR  ] 2017-10-30T17:29:33.215994769Z: [    7.807515] Simple TC action Loaded
[STDERR  ] 2017-10-30T17:29:33.216026464Z: [    7.807840] u32 classifier
[STDERR  ] 2017-10-30T17:29:33.216054054Z: [    7.808030]     Performance counters on
[STDERR  ] 2017-10-30T17:29:33.216080171Z: [    7.808277]     input device check on
[STDERR  ] 2017-10-30T17:29:33.216106666Z: [    7.808513]     Actions configured
[STDERR  ] 2017-10-30T17:29:33.21613317Z: [    7.809175] Netfilter messages via NETLINK v0.30.
[STDERR  ] 2017-10-30T17:29:33.216159205Z: [    7.809689] nfnl_acct: registering with nfnetlink.
[STDERR  ] 2017-10-30T17:29:33.216185827Z: [    7.810911] nf_conntrack version 0.5.0 (7922 buckets, 31688 max)
[STDERR  ] 2017-10-30T17:29:33.216212521Z: [    7.814444] ctnetlink v0.93: registering with nfnetlink.
[STDERR  ] 2017-10-30T17:29:33.216238635Z: [    7.817587] nf_tables: (c) 2007-2009 Patrick McHardy <kaber@trash.net>
[STDERR  ] 2017-10-30T17:29:33.216265263Z: [    7.818432] nf_tables_compat: (c) 2012 Pablo Neira Ayuso <pablo@netfilter.org>
[STDERR  ] 2017-10-30T17:29:33.216292512Z: [    7.821925] xt_time: kernel timezone is -0000
[STDERR  ] 2017-10-30T17:29:33.216318581Z: [    7.822447] ip_set: protocol 6
[STDERR  ] 2017-10-30T17:29:33.216350472Z: [    7.823191] IPVS: Registered protocols (TCP, UDP, SCTP, AH, ESP)
[STDERR  ] 2017-10-30T17:29:33.216375417Z: [    7.823824] IPVS: Connection hash table configured (size=4096, memory=64Kbytes)
[STDERR  ] 2017-10-30T17:29:33.216401625Z: [    7.825542] IPVS: Creating netns size=2096 id=0
[STDERR  ] 2017-10-30T17:29:33.216426176Z: [    7.828012] IPVS: ipvs loaded.
[STDERR  ] 2017-10-30T17:29:33.216451722Z: [    7.828369] IPVS: [rr] scheduler registered.
[STDERR  ] 2017-10-30T17:29:33.216476898Z: [    7.828708] IPVS: [wrr] scheduler registered.
[STDERR  ] 2017-10-30T17:29:33.216501153Z: [    7.829018] IPVS: [lc] scheduler registered.
[STDERR  ] 2017-10-30T17:29:33.21653204Z: [    7.829322] IPVS: [wlc] scheduler registered.
[STDERR  ] 2017-10-30T17:29:33.216565697Z: [    7.829628] IPVS: [fo] scheduler registered.
[STDERR  ] 2017-10-30T17:29:33.216590803Z: [    7.829930] IPVS: [ovf] scheduler registered.
[STDERR  ] 2017-10-30T17:29:33.216613434Z: [    7.830631] IPVS: [lblc] scheduler registered.
[STDERR  ] 2017-10-30T17:29:33.216638807Z: [    7.831059] IPVS: [lblcr] scheduler registered.
[STDERR  ] 2017-10-30T17:29:33.216665066Z: [    7.831396] IPVS: [dh] scheduler registered.
[STDERR  ] 2017-10-30T17:29:33.216690967Z: [    7.831700] IPVS: [sh] scheduler registered.
[STDERR  ] 2017-10-30T17:29:33.216717085Z: [    7.832003] IPVS: [sed] scheduler registered.
[STDERR  ] 2017-10-30T17:29:33.216743002Z: [    7.832309] IPVS: [nq] scheduler registered.
[STDERR  ] 2017-10-30T17:29:33.216769214Z: [    7.832964] IPVS: ftp: loaded support on port[0] = 21
[STDERR  ] 2017-10-30T17:29:33.216795366Z: [    7.833724] ipip: IPv4 over IPv4 tunneling driver
[STDERR  ] 2017-10-30T17:29:33.216820997Z: [    7.837587] gre: GRE over IPv4 demultiplexor driver
[STDERR  ] 2017-10-30T17:29:33.216846852Z: [    7.841096] ip_tables: (C) 2000-2006 Netfilter Core Team
[STDERR  ] 2017-10-30T17:29:33.216873424Z: [    7.844130] ipt_CLUSTERIP: ClusterIP Version 0.8 loaded successfully
[STDERR  ] 2017-10-30T17:29:33.21690023Z: [    7.844884] arp_tables: (C) 2002 David S. Miller
[STDERR  ] 2017-10-30T17:29:33.216927012Z: [    7.847365] NET: Registered protocol family 10
[STDERR  ] 2017-10-30T17:29:33.216952886Z: [    7.856184] ip6_tables: (C) 2000-2006 Netfilter Core Team
[STDERR  ] 2017-10-30T17:29:33.216986764Z: [    7.864348] NET: Registered protocol family 17
[STDERR  ] 2017-10-30T17:29:33.217012829Z: [    7.865304] bridge: automatic filtering via arp/ip/ip6tables has been deprecated. Update your scripts to load br_netfilter if you need this.
[STDERR  ] 2017-10-30T17:29:33.217040496Z: [    7.866589] Bridge firewalling registered
[STDERR  ] 2017-10-30T17:29:33.21706694Z: [    7.867166] Ebtables v2.0 registered
[STDERR  ] 2017-10-30T17:29:33.21709268Z: [    7.869512] 8021q: 802.1Q VLAN Support v1.8
[STDERR  ] 2017-10-30T17:29:33.217119441Z: [    7.871341] 9pnet: Installing 9P2000 support
[STDERR  ] 2017-10-30T17:29:33.217151149Z: [    7.872881] Key type dns_resolver registered
[STDERR  ] 2017-10-30T17:29:33.2171784Z: [    7.873372] microcode: AMD CPU family 0x6 not supported
[STDERR  ] 2017-10-30T17:29:33.217212234Z: [    7.877229] registered taskstats version 1
[STDERR  ] 2017-10-30T17:29:33.217238586Z: [    8.091592] ata1: SATA link down (SStatus 0 SControl 300)
[STDERR  ] 2017-10-30T17:29:33.217265348Z: [    8.094732] ata2: SATA link down (SStatus 0 SControl 300)
[STDERR  ] 2017-10-30T17:29:33.217291674Z: [    8.101122] ata3: SATA link up 1.5 Gbps (SStatus 113 SControl 300)
[STDERR  ] 2017-10-30T17:29:33.217318889Z: [    8.106748] ata3.00: ATAPI: QEMU DVD-ROM, 2.5+, max UDMA/100
[STDERR  ] 2017-10-30T17:29:33.21734474Z: [    8.107327] ata3.00: applying bridge limits
[STDERR  ] 2017-10-30T17:29:33.217561214Z: [    8.110015] ata3.00: configured for UDMA/100
[STDERR  ] 2017-10-30T17:29:33.21757905Z: [    8.111970] ata4: SATA link down (SStatus 0 SControl 300)
[STDERR  ] 2017-10-30T17:29:33.217594165Z: [    8.112633] ata5: SATA link down (SStatus 0 SControl 300)
[STDERR  ] 2017-10-30T17:29:33.217613515Z: [    8.113185] ata6: SATA link down (SStatus 0 SControl 300)
[STDERR  ] 2017-10-30T17:29:33.217635598Z: [    8.139576] Key type encrypted registered
[STDERR  ] 2017-10-30T17:29:33.217653027Z: [    8.147850] rtc_cmos 00:00: setting system clock to 2017-10-30 17:28:59 UTC (1509384539)
[STDERR  ] 2017-10-30T17:29:33.217667085Z: [    8.153030] scsi 2:0:0:0: CD-ROM            QEMU     QEMU DVD-ROM     2.5+ PQ: 0 ANSI: 5
[STDERR  ] 2017-10-30T17:29:33.21768343Z: [    8.173980] sr 2:0:0:0: [sr0] scsi3-mmc drive: 4x/4x cd/rw xa/form2 tray
[STDERR  ] 2017-10-30T17:29:33.217696922Z: [    8.174914] cdrom: Uniform CD-ROM driver Revision: 3.20
[STDERR  ] 2017-10-30T17:29:33.217711711Z: [    8.191931] sr 2:0:0:0: Attached scsi generic sg0 type 5
[STDERR  ] 2017-10-30T17:29:33.217724517Z: [    8.316133] Freeing unused kernel memory: 1296K
[STDERR  ] 2017-10-30T17:29:33.217740362Z: [    8.316524] Write protecting the kernel read-only data: 12288k
[STDERR  ] 2017-10-30T17:29:33.217753389Z: [    8.325360] Freeing unused kernel memory: 548K
[STDERR  ] 2017-10-30T17:29:33.217768905Z: [    8.446428] Freeing unused kernel memory: 1392K
[STDERR  ] 2017-10-30T17:29:33.217782473Z: [    8.447068] tsc: Refined TSC clocksource calibration: 2300.037 MHz
[STDERR  ] 2017-10-30T17:29:33.217797786Z: [    8.447499] clocksource: tsc: mask: 0xffffffffffffffff max_cycles: 0x21275849845, max_idle_ns: 440795280423 ns
[STDERR  ] 2017-10-30T17:29:33.217811964Z: [    9.451079] clocksource: Switched to clocksource tsc
[STDERR  ] 2017-10-30T17:29:33.217825674Z: 
[STDERR  ] 2017-10-30T17:29:33.21783958Z: Welcome to LinuxKit
[STDERR  ] 2017-10-30T17:29:33.217852227Z: 
[STDERR  ] 2017-10-30T17:29:33.217865916Z:                         ##         .
[STDERR  ] 2017-10-30T17:29:33.217879616Z:                   ## ## ##        ==
[STDERR  ] 2017-10-30T17:29:33.217894278Z:                ## ## ## ## ##    ===
[STDERR  ] 2017-10-30T17:29:33.217907864Z:            /"""""""""""""""""\___/ ===
[STDERR  ] 2017-10-30T17:29:33.217921722Z:           {                       /  ===-
[STDERR  ] 2017-10-30T17:29:33.217934812Z:            \______ O           __/
[STDERR  ] 2017-10-30T17:29:33.21795096Z:              \    \         __/
[STDERR  ] 2017-10-30T17:29:33.217963702Z:               \____\_______/
[STDERR  ] 2017-10-30T17:29:33.217979143Z: 
[STDERR  ] 2017-10-30T17:29:33.217992108Z: starting kernel config sanity test with /proc/config.gz
[STDERR  ] 2017-10-30T17:29:33.218007081Z: [   21.324122] RPC: Registered named UNIX socket transport module.
[STDERR  ] 2017-10-30T17:29:33.218020154Z: [   21.324609] RPC: Registered udp transport module.
[STDERR  ] 2017-10-30T17:29:33.218034693Z: [   21.324932] RPC: Registered tcp transport module.
[STDERR  ] 2017-10-30T17:29:33.218048137Z: [   21.325239] RPC: Registered tcp NFSv4.1 backchannel transport module.
[STDERR  ] 2017-10-30T17:29:33.218063867Z: [   21.418359] FS-Cache: Netfs 'nfs' registered for caching
[STDERR  ] 2017-10-30T17:29:33.218082451Z: [   21.513723] Installing knfsd (copyright (C) 1996 okir@monad.swb.de).
[STDERR  ] 2017-10-30T17:29:33.218098052Z: [   21.559919] ntfs: driver 2.1.32 [Flags: R/O MODULE].
[STDERR  ] 2017-10-30T17:29:33.218110475Z: kernel config test succeeded!
[STDERR  ] 2017-10-30T17:29:33.218125253Z: [37minfo: reading kernel config from /proc/config.gz ...[m
[STDERR  ] 2017-10-30T17:29:33.218138213Z: 
[STDERR  ] 2017-10-30T17:29:33.218152211Z: Generally Necessary:
[STDERR  ] 2017-10-30T17:29:33.218165614Z: - [37mcgroup hierarchy[m: [32mproperly mounted[m [/sys/fs/cgroup]
[STDERR  ] 2017-10-30T17:29:33.218178881Z: - [37mCONFIG_NAMESPACES[m: [32menabled[m
[STDERR  ] 2017-10-30T17:29:33.218194267Z: - [37mCONFIG_NET_NS[m: [32menabled[m
[STDERR  ] 2017-10-30T17:29:33.218207962Z: - [37mCONFIG_PID_NS[m: [32menabled[m
[STDERR  ] 2017-10-30T17:29:33.218222333Z: - [37mCONFIG_IPC_NS[m: [32menabled[m
[STDERR  ] 2017-10-30T17:29:33.218236165Z: - [37mCONFIG_UTS_NS[m: [32menabled[m
[STDERR  ] 2017-10-30T17:29:33.21825009Z: - [37mCONFIG_CGROUPS[m: [32menabled[m
[STDERR  ] 2017-10-30T17:29:33.218263968Z: - [37mCONFIG_CGROUP_CPUACCT[m: [32menabled[m
[STDERR  ] 2017-10-30T17:29:33.218284656Z: - [37mCONFIG_CGROUP_DEVICE[m: [32menabled[m
[STDERR  ] 2017-10-30T17:29:33.218299197Z: - [37mCONFIG_CGROUP_FREEZER[m: [32menabled[m
[STDERR  ] 2017-10-30T17:29:33.218312898Z: - [37mCONFIG_CGROUP_SCHED[m: [32menabled[m
[STDERR  ] 2017-10-30T17:29:33.21832694Z: - [37mCONFIG_CPUSETS[m: [32menabled[m
[STDERR  ] 2017-10-30T17:29:33.218340935Z: - [37mCONFIG_MEMCG[m: [32menabled[m
[STDERR  ] 2017-10-30T17:29:33.218353852Z: - [37mCONFIG_KEYS[m: [32menabled[m
[STDERR  ] 2017-10-30T17:29:33.218368328Z: - [37mCONFIG_VETH[m: [32menabled[m
[STDERR  ] 2017-10-30T17:29:33.218381086Z: - [37mCONFIG_BRIDGE[m: [32menabled[m
[STDERR  ] 2017-10-30T17:29:33.218396261Z: - [37mCONFIG_BRIDGE_NETFILTER[m: [32menabled[m
[STDERR  ] 2017-10-30T17:29:33.218409327Z: - [37mCONFIG_NF_NAT_IPV4[m: [32menabled[m
[STDERR  ] 2017-10-30T17:29:33.218426589Z: - [37mCONFIG_IP_NF_FILTER[m: [32menabled[m
[STDERR  ] 2017-10-30T17:29:33.21843958Z: - [37mCONFIG_IP_NF_TARGET_MASQUERADE[m: [32menabled[m
[STDERR  ] 2017-10-30T17:29:33.218455356Z: - [37mCONFIG_NETFILTER_XT_MATCH_ADDRTYPE[m: [32menabled[m
[STDERR  ] 2017-10-30T17:29:33.218469413Z: - [37mCONFIG_NETFILTER_XT_MATCH_CONNTRACK[m: [32menabled[m
[STDERR  ] 2017-10-30T17:29:33.218485826Z: - [37mCONFIG_NETFILTER_XT_MATCH_IPVS[m: [32menabled[m
[STDERR  ] 2017-10-30T17:29:33.218499273Z: - [37mCONFIG_IP_NF_NAT[m: [32menabled[m
[STDERR  ] 2017-10-30T17:29:33.218513917Z: - [37mCONFIG_NF_NAT[m: [32menabled[m
[STDERR  ] 2017-10-30T17:29:33.218526721Z: - [37mCONFIG_NF_NAT_NEEDED[m: [32menabled[m
[STDERR  ] 2017-10-30T17:29:33.218542406Z: - [37mCONFIG_POSIX_MQUEUE[m: [32menabled[m
[STDERR  ] 2017-10-30T17:29:33.218555241Z: - [37mCONFIG_DEVPTS_MULTIPLE_INSTANCES[m: [32menabled[m
[STDERR  ] 2017-10-30T17:29:33.218569789Z: 
[STDERR  ] 2017-10-30T17:29:33.218583672Z: Optional Features:
[STDERR  ] 2017-10-30T17:29:33.218597889Z: - [37mCONFIG_USER_NS[m: [32menabled[m
[STDERR  ] 2017-10-30T17:29:33.218611365Z: - [37mCONFIG_SECCOMP[m: [32menabled[m
[STDERR  ] 2017-10-30T17:29:33.218625472Z: - [37mCONFIG_CGROUP_PIDS[m: [32menabled[m
[STDERR  ] 2017-10-30T17:29:33.218639422Z: - [37mCONFIG_MEMCG_SWAP[m: [32menabled[m
[STDERR  ] 2017-10-30T17:29:33.218655884Z: - [37mCONFIG_MEMCG_SWAP_ENABLED[m: [32menabled[m
[STDERR  ] 2017-10-30T17:29:33.218669473Z:     [1;30m(cgroup swap accounting is currently enabled)[m
[STDERR  ] 2017-10-30T17:29:33.218683626Z: - [1mCONFIG_LEGACY_VSYSCALL_NONE[m: [1;31menabled[m
[STDERR  ] 2017-10-30T17:29:33.218697704Z:     [1;30m(containers using eglibc <= 2.13 will not work. Switch to[m
[STDERR  ] 2017-10-30T17:29:33.218711665Z:     [1;30m "CONFIG_VSYSCALL_[NATIVE|EMULATE]" or use "vsyscall=[native|emulate]"[m
[STDERR  ] 2017-10-30T17:29:33.218726189Z:     [1;30m on kernel command line. Note that this will disable ASLR for the,[m
[STDERR  ] 2017-10-30T17:29:33.218747666Z:     [1;30m VDSO which may assist in exploiting security vulnerabilities.)[m
[STDERR  ] 2017-10-30T17:29:33.218761589Z: - [37mCONFIG_MEMCG_KMEM[m: [32menabled[m
[STDERR  ] 2017-10-30T17:29:33.218775496Z: - [37mCONFIG_BLK_CGROUP[m: [32menabled[m
[STDERR  ] 2017-10-30T17:29:33.218794829Z: - [37mCONFIG_BLK_DEV_THROTTLING[m: [32menabled[m
[STDERR  ] 2017-10-30T17:29:33.218811161Z: - [37mCONFIG_IOSCHED_CFQ[m: [32menabled[m
[STDERR  ] 2017-10-30T17:29:33.218824855Z: - [37mCONFIG_CFQ_GROUP_IOSCHED[m: [32menabled[m
[STDERR  ] 2017-10-30T17:29:33.218839474Z: - [37mCONFIG_CGROUP_PERF[m: [32menabled[m
[STDERR  ] 2017-10-30T17:29:33.218852394Z: - [37mCONFIG_CGROUP_HUGETLB[m: [32menabled[m
[STDERR  ] 2017-10-30T17:29:33.218867777Z: - [37mCONFIG_NET_CLS_CGROUP[m: [32menabled[m
[STDERR  ] 2017-10-30T17:29:33.218880405Z: - [37mCONFIG_CGROUP_NET_PRIO[m: [32menabled[m
[STDERR  ] 2017-10-30T17:29:33.218894097Z: - [37mCONFIG_CFS_BANDWIDTH[m: [32menabled[m
[STDERR  ] 2017-10-30T17:29:33.218907733Z: - [37mCONFIG_FAIR_GROUP_SCHED[m: [32menabled[m
[STDERR  ] 2017-10-30T17:29:33.218929026Z: - [37mCONFIG_RT_GROUP_SCHED[m: [32menabled[m
[STDERR  ] 2017-10-30T17:29:33.218944362Z: - [37mCONFIG_IP_VS[m: [32menabled[m
[STDERR  ] 2017-10-30T17:29:33.218958725Z: - [37mCONFIG_IP_VS_NFCT[m: [32menabled[m
[STDERR  ] 2017-10-30T17:29:33.21897161Z: - [37mCONFIG_IP_VS_RR[m: [32menabled[m
[STDERR  ] 2017-10-30T17:29:33.218986922Z: - [37mCONFIG_EXT4_FS[m: [32menabled[m
[STDERR  ] 2017-10-30T17:29:33.219000691Z: - [37mCONFIG_EXT4_FS_POSIX_ACL[m: [32menabled[m
[STDERR  ] 2017-10-30T17:29:33.219015929Z: - [37mCONFIG_EXT4_FS_SECURITY[m: [32menabled[m
[STDERR  ] 2017-10-30T17:29:33.219029225Z: - Network Drivers:
[STDERR  ] 2017-10-30T17:29:33.219044441Z:   - "[34moverlay[m":
[STDERR  ] 2017-10-30T17:29:33.219058649Z:     - [37mCONFIG_VXLAN[m: [32menabled[m
[STDERR  ] 2017-10-30T17:29:33.219073386Z:       Optional (for encrypted networks):
[STDERR  ] 2017-10-30T17:29:33.219087405Z:       - [37mCONFIG_CRYPTO[m: [32menabled[m
[STDERR  ] 2017-10-30T17:29:33.219100489Z:       - [37mCONFIG_CRYPTO_AEAD[m: [32menabled[m
[STDERR  ] 2017-10-30T17:29:33.219114739Z:       - [37mCONFIG_CRYPTO_GCM[m: [32menabled[m
[STDERR  ] 2017-10-30T17:29:33.219128289Z:       - [37mCONFIG_CRYPTO_SEQIV[m: [32menabled[m
[STDERR  ] 2017-10-30T17:29:33.219142114Z:       - [37mCONFIG_CRYPTO_GHASH[m: [32menabled[m
[STDERR  ] 2017-10-30T17:29:33.219154838Z:       - [37mCONFIG_XFRM[m: [32menabled[m
[STDERR  ] 2017-10-30T17:29:33.219168051Z:       - [37mCONFIG_XFRM_USER[m: [32menabled (as module)[m
[STDERR  ] 2017-10-30T17:29:33.219181915Z:       - [37mCONFIG_XFRM_ALGO[m: [32menabled (as module)[m
[STDERR  ] 2017-10-30T17:29:33.219195728Z:       - [37mCONFIG_INET_ESP[m: [32menabled (as module)[m
[STDERR  ] 2017-10-30T17:29:33.219210374Z:       - [37mCONFIG_INET_XFRM_MODE_TRANSPORT[m: [32menabled (as module)[m
[STDERR  ] 2017-10-30T17:29:33.219225253Z:   - "[34mipvlan[m":
[STDERR  ] 2017-10-30T17:29:33.219239168Z:     - [37mCONFIG_IPVLAN[m: [32menabled[m
[STDERR  ] 2017-10-30T17:29:33.21925301Z:   - "[34mmacvlan[m":
[STDERR  ] 2017-10-30T17:29:33.219266955Z:     - [37mCONFIG_MACVLAN[m: [32menabled[m
[STDERR  ] 2017-10-30T17:29:33.219280453Z:     - [37mCONFIG_DUMMY[m: [32menabled (as module)[m
[STDERR  ] 2017-10-30T17:29:33.219295645Z:   - "[34mftp,tftp client in container[m":
[STDERR  ] 2017-10-30T17:29:33.219308413Z:     - [37mCONFIG_NF_NAT_FTP[m: [32menabled[m
[STDERR  ] 2017-10-30T17:29:33.219323831Z:     - [37mCONFIG_NF_CONNTRACK_FTP[m: [32menabled[m
[STDERR  ] 2017-10-30T17:29:33.21933709Z:     - [37mCONFIG_NF_NAT_TFTP[m: [32menabled[m
[STDERR  ] 2017-10-30T17:29:33.219352911Z:     - [37mCONFIG_NF_CONNTRACK_TFTP[m: [32menabled[m
[STDERR  ] 2017-10-30T17:29:33.219365514Z: - Storage Drivers:
[STDERR  ] 2017-10-30T17:29:33.219379526Z:   - "[34maufs[m":
[STDERR  ] 2017-10-30T17:29:33.219398317Z:     - [1mCONFIG_AUFS_FS[m: [1;31mmissing[m
[STDERR  ] 2017-10-30T17:29:33.219414201Z:   - "[34mbtrfs[m":
[STDERR  ] 2017-10-30T17:29:33.219426852Z:     - [37mCONFIG_BTRFS_FS[m: [32menabled (as module)[m
[STDERR  ] 2017-10-30T17:29:33.219441422Z:     - [37mCONFIG_BTRFS_FS_POSIX_ACL[m: [32menabled[m
[STDERR  ] 2017-10-30T17:29:33.219454928Z:   - "[34mdevicemapper[m":
[STDERR  ] 2017-10-30T17:29:33.219469629Z:     - [37mCONFIG_BLK_DEV_DM[m: [32menabled[m
[STDERR  ] 2017-10-30T17:29:33.219484418Z:     - [37mCONFIG_DM_THIN_PROVISIONING[m: [32menabled[m
[STDERR  ] 2017-10-30T17:29:33.219499273Z:   - "[34moverlay[m":
[STDERR  ] 2017-10-30T17:29:33.219513023Z:     - [37mCONFIG_OVERLAY_FS[m: [32menabled[m
[STDERR  ] 2017-10-30T17:29:33.219528151Z:   - "[34mzfs[m":
[STDERR  ] 2017-10-30T17:29:33.219541658Z:     - [1m/dev/zfs[m: [1;31mmissing[m
[STDERR  ] 2017-10-30T17:29:33.219556361Z:     - [1mzfs command[m: [1;31mmissing[m
[STDERR  ] 2017-10-30T17:29:33.219572046Z:     - [1mzpool command[m: [1;31mmissing[m
[STDERR  ] 2017-10-30T17:29:33.219585801Z: 
[STDERR  ] 2017-10-30T17:29:33.219604996Z: Limits:
[STDERR  ] 2017-10-30T17:29:33.219621821Z: [37m- /proc/sys/kernel/keys/root_maxkeys[m: [32m1000000[m
[STDERR  ] 2017-10-30T17:29:33.219635354Z: 
[STDERR  ] 2017-10-30T17:29:33.219652305Z: Kernel config test suite PASSED
[STDERR  ] 2017-10-30T17:29:33.219665955Z: [   40.741250] ACPI: Preparing to enter system sleep state S5
[STDERR  ] 2017-10-30T17:29:33.219681248Z: [   40.745546] reboot: Power down
[STDERR  ] 2017-10-30T17:29:33.219695303Z: + exit 0
[STDERR  ] 2017-10-30T17:29:33.219709432Z: + clean_up
[STDERR  ] 2017-10-30T17:29:33.219724065Z: + rm -rf kconfig-cmdline kconfig-initrd.img kconfig-kernel kconfig-state
[PASS    ] linuxkit.kernel.config_4.4.x 62.42s
