[INFO    ] 2018-06-25T19:11:44.130669897Z: Running Test linuxkit.packages.sysctl in /tmp/build/test/cases/040_packages/019_sysctl
[INFO    ] 2018-06-25T19:11:44.130777673Z: Running command: [/bin/sh -x /tmp/build/test/cases/040_packages/019_sysctl/test.sh]
[STDERR  ] 2018-06-25T19:11:44.178717905Z: + set -e
[STDERR  ] 2018-06-25T19:11:44.178788074Z: + . /tmp/build/test/cases/_lib/lib.sh
[STDERR  ] 2018-06-25T19:11:44.178800976Z: + [ -f src/github.com/linuxkit/rtf/lib/lib.sh ]
[STDERR  ] 2018-06-25T19:11:44.178810395Z: + LINUXKIT_TMPDIR=/tmp/build/test/cases/_tmp
[STDERR  ] 2018-06-25T19:11:44.178818575Z: + [ -f /tmp/build/test/cases/_tmp/env.sh ]
[STDERR  ] 2018-06-25T19:11:44.178827098Z: + . /tmp/build/test/cases/_tmp/env.sh
[STDERR  ] 2018-06-25T19:11:44.178841698Z: + export LINUXKIT_EXAMPLES_DIR=/tmp/build/test/cases/../../examples
[STDERR  ] 2018-06-25T19:11:44.178850868Z: + RT_CANCEL=253
[STDERR  ] 2018-06-25T19:11:44.178859777Z: + NAME=sysctl
[STDERR  ] 2018-06-25T19:11:44.178868174Z: + trap clean_up EXIT
[STDERR  ] 2018-06-25T19:11:44.178878108Z: + linuxkit build -format kernel+initrd -name sysctl test.yml
[STDERR  ] 2018-06-25T19:11:44.212827332Z: Extract kernel image: linuxkit/kernel:4.14.51
[STDERR  ] 2018-06-25T19:11:45.953319010Z: Add init containers:
[STDERR  ] 2018-06-25T19:11:45.953381981Z: Process init image: linuxkit/init:923355a5ed75f40ee394741829d42bf4b78cce46
[STDERR  ] 2018-06-25T19:11:47.153098384Z: Process init image: linuxkit/runc:v0.4
[STDERR  ] 2018-06-25T19:11:48.323572711Z: Add onboot containers:
[STDERR  ] 2018-06-25T19:11:48.323642029Z:   Create OCI config for linuxkit/sysctl:v0.4
[STDERR  ] 2018-06-25T19:11:49.655525832Z:   Create OCI config for alpine:3.7
[STDERR  ] 2018-06-25T19:11:50.832016352Z:   Create OCI config for linuxkit/poweroff:d75d94d9603bde9ab95b914deed0d069d05d8b20
[STDERR  ] 2018-06-25T19:11:52.042743282Z: Add files:
[STDERR  ] 2018-06-25T19:11:52.042800571Z:   check.sh
[STDERR  ] 2018-06-25T19:11:52.061271194Z: Create outputs:
[STDERR  ] 2018-06-25T19:11:57.082932431Z:   sysctl-kernel sysctl-initrd.img sysctl-cmdline
[STDERR  ] 2018-06-25T19:11:57.137033645Z: + linuxkit run sysctl
[STDERR  ] 2018-06-25T19:11:57.160065632Z: Unable to find qemu-system-x86_64 within the $PATH. Using a container
[STDERR  ] 2018-06-25T19:12:24.419998148Z: + RESULT=[    0.000000] Linux version 4.14.51-linuxkit (root@d0a5c3056f66) (gcc version 6.4.0 (Alpine 6.4.0)) #1 SMP Fri Jun 22 13:17:09 UTC 2018
[STDERR  ] 2018-06-25T19:12:24.420056714Z: [    0.000000] Command line: console=ttyS0 console=ttyAMA0
[STDERR  ] 2018-06-25T19:12:24.420071673Z: [    0.000000] x86/fpu: x87 FPU will use FXSAVE
[STDERR  ] 2018-06-25T19:12:24.420085935Z: [    0.000000] e820: BIOS-provided physical RAM map:
[STDERR  ] 2018-06-25T19:12:24.420099570Z: [    0.000000] BIOS-e820: [mem 0x0000000000000000-0x000000000009fbff] usable
[STDERR  ] 2018-06-25T19:12:24.420113742Z: [    0.000000] BIOS-e820: [mem 0x000000000009fc00-0x000000000009ffff] reserved
[STDERR  ] 2018-06-25T19:12:24.420126748Z: [    0.000000] BIOS-e820: [mem 0x00000000000f0000-0x00000000000fffff] reserved
[STDERR  ] 2018-06-25T19:12:24.420140058Z: [    0.000000] BIOS-e820: [mem 0x0000000000100000-0x000000003ffdefff] usable
[STDERR  ] 2018-06-25T19:12:24.420152712Z: [    0.000000] BIOS-e820: [mem 0x000000003ffdf000-0x000000003fffffff] reserved
[STDERR  ] 2018-06-25T19:12:24.420171688Z: [    0.000000] BIOS-e820: [mem 0x00000000b0000000-0x00000000bfffffff] reserved
[STDERR  ] 2018-06-25T19:12:24.420187183Z: [    0.000000] BIOS-e820: [mem 0x00000000fed1c000-0x00000000fed1ffff] reserved
[STDERR  ] 2018-06-25T19:12:24.420198711Z: [    0.000000] BIOS-e820: [mem 0x00000000fffc0000-0x00000000ffffffff] reserved
[STDERR  ] 2018-06-25T19:12:24.420211126Z: [    0.000000] NX (Execute Disable) protection: active
[STDERR  ] 2018-06-25T19:12:24.420223770Z: [    0.000000] SMBIOS 2.8 present.
[STDERR  ] 2018-06-25T19:12:24.420235825Z: [    0.000000] DMI: QEMU Standard PC (Q35 + ICH9, 2009), BIOS rel-1.10.2-0-g5f4c7b1-prebuilt.qemu-project.org 04/01/2014
[STDERR  ] 2018-06-25T19:12:24.420248862Z: [    0.000000] tsc: Fast TSC calibration using PIT
[STDERR  ] 2018-06-25T19:12:24.420268583Z: [    0.000000] e820: last_pfn = 0x3ffdf max_arch_pfn = 0x400000000
[STDERR  ] 2018-06-25T19:12:24.420281065Z: [    0.000000] x86/PAT: Configuration [0-7]: WB  WC  UC- UC  WB  WP  UC- WT  
[STDERR  ] 2018-06-25T19:12:24.420292759Z: [    0.000000] found SMP MP-table at [mem 0x000f6aa0-0x000f6aaf] mapped at [ffffffffff200aa0]
[STDERR  ] 2018-06-25T19:12:24.420305597Z: [    0.000000] RAMDISK: [mem 0x3e454000-0x3ffcffff]
[STDERR  ] 2018-06-25T19:12:24.420319932Z: [    0.000000] ACPI: Early table checksum verification disabled
[STDERR  ] 2018-06-25T19:12:24.420334346Z: [    0.000000] ACPI: RSDP 0x00000000000F68B0 000014 (v00 BOCHS )
[STDERR  ] 2018-06-25T19:12:24.420347631Z: [    0.000000] ACPI: RSDT 0x000000003FFE20A8 000034 (v01 BOCHS  BXPCRSDT 00000001 BXPC 00000001)
[STDERR  ] 2018-06-25T19:12:24.420364473Z: [    0.000000] ACPI: FACP 0x000000003FFE1EC8 0000F4 (v03 BOCHS  BXPCFACP 00000001 BXPC 00000001)
[STDERR  ] 2018-06-25T19:12:24.420377219Z: [    0.000000] ACPI: DSDT 0x000000003FFE0040 001E88 (v01 BOCHS  BXPCDSDT 00000001 BXPC 00000001)
[STDERR  ] 2018-06-25T19:12:24.420389399Z: [    0.000000] ACPI: FACS 0x000000003FFE0000 000040
[STDERR  ] 2018-06-25T19:12:24.420407643Z: [    0.000000] ACPI: APIC 0x000000003FFE1FBC 000078 (v01 BOCHS  BXPCAPIC 00000001 BXPC 00000001)
[STDERR  ] 2018-06-25T19:12:24.420420277Z: [    0.000000] ACPI: HPET 0x000000003FFE2034 000038 (v01 BOCHS  BXPCHPET 00000001 BXPC 00000001)
[STDERR  ] 2018-06-25T19:12:24.420432585Z: [    0.000000] ACPI: MCFG 0x000000003FFE206C 00003C (v01 BOCHS  BXPCMCFG 00000001 BXPC 00000001)
[STDERR  ] 2018-06-25T19:12:24.420444528Z: [    0.000000] Zone ranges:
[STDERR  ] 2018-06-25T19:12:24.420458330Z: [    0.000000]   DMA      [mem 0x0000000000001000-0x0000000000ffffff]
[STDERR  ] 2018-06-25T19:12:24.420470382Z: [    0.000000]   DMA32    [mem 0x0000000001000000-0x000000003ffdefff]
[STDERR  ] 2018-06-25T19:12:24.420482364Z: [    0.000000]   Normal   empty
[STDERR  ] 2018-06-25T19:12:24.420504506Z: [    0.000000]   Device   empty
[STDERR  ] 2018-06-25T19:12:24.420516397Z: [    0.000000] Movable zone start for each node
[STDERR  ] 2018-06-25T19:12:24.420528458Z: [    0.000000] Early memory node ranges
[STDERR  ] 2018-06-25T19:12:24.420540517Z: [    0.000000]   node   0: [mem 0x0000000000001000-0x000000000009efff]
[STDERR  ] 2018-06-25T19:12:24.420552121Z: [    0.000000]   node   0: [mem 0x0000000000100000-0x000000003ffdefff]
[STDERR  ] 2018-06-25T19:12:24.420563666Z: [    0.000000] Initmem setup node 0 [mem 0x0000000000001000-0x000000003ffdefff]
[STDERR  ] 2018-06-25T19:12:24.420575245Z: [    0.000000] ACPI: PM-Timer IO Port: 0x608
[STDERR  ] 2018-06-25T19:12:24.420587531Z: [    0.000000] ACPI: LAPIC_NMI (acpi_id[0xff] dfl dfl lint[0x1])
[STDERR  ] 2018-06-25T19:12:24.420599415Z: [    0.000000] IOAPIC[0]: apic_id 0, version 32, address 0xfec00000, GSI 0-23
[STDERR  ] 2018-06-25T19:12:24.420610936Z: [    0.000000] ACPI: INT_SRC_OVR (bus 0 bus_irq 0 global_irq 2 dfl dfl)
[STDERR  ] 2018-06-25T19:12:24.420691373Z: [    0.000000] ACPI: INT_SRC_OVR (bus 0 bus_irq 5 global_irq 5 high level)
[STDERR  ] 2018-06-25T19:12:24.420702626Z: [    0.000000] ACPI: INT_SRC_OVR (bus 0 bus_irq 9 global_irq 9 high level)
[STDERR  ] 2018-06-25T19:12:24.420714031Z: [    0.000000] ACPI: INT_SRC_OVR (bus 0 bus_irq 10 global_irq 10 high level)
[STDERR  ] 2018-06-25T19:12:24.420725105Z: [    0.000000] ACPI: INT_SRC_OVR (bus 0 bus_irq 11 global_irq 11 high level)
[STDERR  ] 2018-06-25T19:12:24.420736153Z: [    0.000000] Using ACPI (MADT) for SMP configuration information
[STDERR  ] 2018-06-25T19:12:24.420747171Z: [    0.000000] ACPI: HPET id: 0x8086a201 base: 0xfed00000
[STDERR  ] 2018-06-25T19:12:24.420759831Z: [    0.000000] smpboot: Allowing 1 CPUs, 0 hotplug CPUs
[STDERR  ] 2018-06-25T19:12:24.420771099Z: [    0.000000] e820: [mem 0x40000000-0xafffffff] available for PCI devices
[STDERR  ] 2018-06-25T19:12:24.420782284Z: [    0.000000] Booting paravirtualized kernel on bare hardware
[STDERR  ] 2018-06-25T19:12:24.420795121Z: [    0.000000] clocksource: refined-jiffies: mask: 0xffffffff max_cycles: 0xffffffff, max_idle_ns: 19112604462750000 ns
[STDERR  ] 2018-06-25T19:12:24.420816963Z: [    0.000000] random: get_random_bytes called from start_kernel+0x92/0x4c8 with crng_init=0
[STDERR  ] 2018-06-25T19:12:24.420829775Z: [    0.000000] setup_percpu: NR_CPUS:128 nr_cpumask_bits:128 nr_cpu_ids:1 nr_node_ids:1
[STDERR  ] 2018-06-25T19:12:24.420842469Z: [    0.000000] percpu: Embedded 44 pages/cpu @ffff9e8dfe200000 s143256 r8192 d28776 u2097152
[STDERR  ] 2018-06-25T19:12:24.420858230Z: [    0.000000] Built 1 zonelists, mobility grouping on.  Total pages: 257896
[STDERR  ] 2018-06-25T19:12:24.420869062Z: [    0.000000] Kernel command line: console=ttyS0 console=ttyAMA0
[STDERR  ] 2018-06-25T19:12:24.420881689Z: [    0.000000] PID hash table entries: 4096 (order: 3, 32768 bytes)
[STDERR  ] 2018-06-25T19:12:24.420898690Z: [    0.000000] Dentry cache hash table entries: 131072 (order: 8, 1048576 bytes)
[STDERR  ] 2018-06-25T19:12:24.420910992Z: [    0.000000] Inode-cache hash table entries: 65536 (order: 7, 524288 bytes)
[STDERR  ] 2018-06-25T19:12:24.420924382Z: [    0.000000] Memory: 976656K/1048052K available (12300K kernel code, 1459K rwdata, 2992K rodata, 1512K init, 632K bss, 71396K reserved, 0K cma-reserved)
[STDERR  ] 2018-06-25T19:12:24.420937335Z: [    0.000000] ftrace: allocating 41025 entries in 161 pages
[STDERR  ] 2018-06-25T19:12:24.420949681Z: [    0.000000] Hierarchical RCU implementation.
[STDERR  ] 2018-06-25T19:12:24.420961097Z: [    0.000000] 	RCU restricting CPUs from NR_CPUS=128 to nr_cpu_ids=1.
[STDERR  ] 2018-06-25T19:12:24.420978707Z: [    0.000000] RCU: Adjusting geometry for rcu_fanout_leaf=16, nr_cpu_ids=1
[STDERR  ] 2018-06-25T19:12:24.420992177Z: [    0.000000] NR_IRQS: 8448, nr_irqs: 256, preallocated irqs: 16
[STDERR  ] 2018-06-25T19:12:24.421004309Z: [    0.000000] Console: colour VGA+ 80x25
[STDERR  ] 2018-06-25T19:12:24.421015270Z: [    0.000000] console [ttyS0] enabled
[STDERR  ] 2018-06-25T19:12:24.421033114Z: [    0.000000] clocksource: hpet: mask: 0xffffffff max_cycles: 0xffffffff, max_idle_ns: 19112604467 ns
[STDERR  ] 2018-06-25T19:12:24.421047762Z: [    0.000000] tsc: Fast TSC calibration using PIT
[STDERR  ] 2018-06-25T19:12:24.421060045Z: [    0.000000] tsc: Detected 2599.783 MHz processor
[STDERR  ] 2018-06-25T19:12:24.421072586Z: [    0.001667] Calibrating delay loop (skipped), value calculated using timer frequency.. 5199.56 BogoMIPS (lpj=25997830)
[STDERR  ] 2018-06-25T19:12:24.421084582Z: [    0.002123] pid_max: default: 32768 minimum: 301
[STDERR  ] 2018-06-25T19:12:24.421097007Z: [    0.002888] ACPI: Core revision 20170728
[STDERR  ] 2018-06-25T19:12:24.421108854Z: [    0.036508] ACPI: 1 ACPI AML tables successfully acquired and loaded
[STDERR  ] 2018-06-25T19:12:24.421120352Z: [    0.038472] Security Framework initialized
[STDERR  ] 2018-06-25T19:12:24.421132566Z: [    0.038920] Yama: becoming mindful.
[STDERR  ] 2018-06-25T19:12:24.421144811Z: [    0.041654] Mount-cache hash table entries: 2048 (order: 2, 16384 bytes)
[STDERR  ] 2018-06-25T19:12:24.421155775Z: [    0.041883] Mountpoint-cache hash table entries: 2048 (order: 2, 16384 bytes)
[STDERR  ] 2018-06-25T19:12:24.421167557Z: [    0.058765] Last level iTLB entries: 4KB 0, 2MB 0, 4MB 0
[STDERR  ] 2018-06-25T19:12:24.421180318Z: [    0.059127] Last level dTLB entries: 4KB 0, 2MB 0, 4MB 0, 1GB 0
[STDERR  ] 2018-06-25T19:12:24.421191349Z: [    0.059633] Spectre V2 : Spectre mitigation: LFENCE not serializing, switching to generic retpoline
[STDERR  ] 2018-06-25T19:12:24.421202519Z: [    0.060126] Spectre V2 : Vulnerable: Minimal generic ASM retpoline
[STDERR  ] 2018-06-25T19:12:24.421214371Z: [    0.060494] Spectre V2 : Spectre v2 mitigation: Filling RSB on context switch
[STDERR  ] 2018-06-25T19:12:24.421225510Z: [    0.060914] Speculative Store Bypass: Vulnerable
[STDERR  ] 2018-06-25T19:12:24.421237045Z: [    0.329542] Freeing SMP alternatives memory: 20K
[STDERR  ] 2018-06-25T19:12:24.421249036Z: [    0.349684] smpboot: Max logical packages: 1
[STDERR  ] 2018-06-25T19:12:24.421266230Z: [    0.356072] ..TIMER: vector=0x30 apic1=0 pin1=2 apic2=-1 pin2=-1
[STDERR  ] 2018-06-25T19:12:24.421278697Z: [    0.460000] smpboot: CPU0: AMD QEMU Virtual CPU version 2.5+ (family: 0x6, model: 0x6, stepping: 0x3)
[STDERR  ] 2018-06-25T19:12:24.421291037Z: [    0.460000] Performance Events: PMU not available due to virtualization, using software events only.
[STDERR  ] 2018-06-25T19:12:24.421304021Z: [    0.460388] Hierarchical SRCU implementation.
[STDERR  ] 2018-06-25T19:12:24.421316241Z: [    0.467487] NMI watchdog: Perf event create on CPU 0 failed with -2
[STDERR  ] 2018-06-25T19:12:24.421336584Z: [    0.467895] NMI watchdog: Perf NMI watchdog permanently disabled
[STDERR  ] 2018-06-25T19:12:24.421355827Z: [    0.470957] smp: Bringing up secondary CPUs ...
[STDERR  ] 2018-06-25T19:12:24.421371471Z: [    0.471317] smp: Brought up 1 node, 1 CPU
[STDERR  ] 2018-06-25T19:12:24.421385576Z: [    0.471640] smpboot: Total of 1 processors activated (5199.56 BogoMIPS)
[STDERR  ] 2018-06-25T19:12:24.421397474Z: [    0.488073] devtmpfs: initialized
[STDERR  ] 2018-06-25T19:12:24.421409987Z: [    0.493445] x86/mm: Memory block size: 128MB
[STDERR  ] 2018-06-25T19:12:24.421422103Z: [    0.499736] evm: security.ima
[STDERR  ] 2018-06-25T19:12:24.421434153Z: [    0.499871] evm: security.capability
[STDERR  ] 2018-06-25T19:12:24.421448736Z: [    0.502784] clocksource: jiffies: mask: 0xffffffff max_cycles: 0xffffffff, max_idle_ns: 19112604462750000 ns
[STDERR  ] 2018-06-25T19:12:24.421461089Z: [    0.503469] futex hash table entries: 256 (order: 2, 16384 bytes)
[STDERR  ] 2018-06-25T19:12:24.421472555Z: [    0.513222] NET: Registered protocol family 16
[STDERR  ] 2018-06-25T19:12:24.421485230Z: [    0.518934] cpuidle: using governor ladder
[STDERR  ] 2018-06-25T19:12:24.421497006Z: [    0.519382] cpuidle: using governor menu
[STDERR  ] 2018-06-25T19:12:24.421508604Z: [    0.521160] ACPI: bus type PCI registered
[STDERR  ] 2018-06-25T19:12:24.421525307Z: [    0.523635] PCI: MMCONFIG for domain 0000 [bus 00-ff] at [mem 0xb0000000-0xbfffffff] (base 0xb0000000)
[STDERR  ] 2018-06-25T19:12:24.421537570Z: [    0.524292] PCI: MMCONFIG at [mem 0xb0000000-0xbfffffff] reserved in E820
[STDERR  ] 2018-06-25T19:12:24.421549943Z: [    0.525189] PCI: Using configuration type 1 for base access
[STDERR  ] 2018-06-25T19:12:24.421562406Z: [    0.561351] HugeTLB registered 2.00 MiB page size, pre-allocated 0 pages
[STDERR  ] 2018-06-25T19:12:24.421574394Z: [    0.571896] ACPI: Added _OSI(Module Device)
[STDERR  ] 2018-06-25T19:12:24.421586361Z: [    0.572065] ACPI: Added _OSI(Processor Device)
[STDERR  ] 2018-06-25T19:12:24.421597569Z: [    0.572165] ACPI: Added _OSI(3.0 _SCP Extensions)
[STDERR  ] 2018-06-25T19:12:24.421609389Z: [    0.572464] ACPI: Added _OSI(Processor Aggregator Device)
[STDERR  ] 2018-06-25T19:12:24.421628943Z: [    0.616801] ACPI: Interpreter enabled
[STDERR  ] 2018-06-25T19:12:24.421640174Z: [    0.617575] ACPI: (supports S0 S5)
[STDERR  ] 2018-06-25T19:12:24.421650854Z: [    0.617896] ACPI: Using IOAPIC for interrupt routing
[STDERR  ] 2018-06-25T19:12:24.421662474Z: [    0.621819] PCI: Using host bridge windows from ACPI; if necessary, use "pci=nocrs" and report a bug
[STDERR  ] 2018-06-25T19:12:24.421674132Z: [    0.624491] ACPI: Enabled 1 GPEs in block 00 to 3F
[STDERR  ] 2018-06-25T19:12:24.421685654Z: [    0.667852] ACPI: PCI Root Bridge [PCI0] (domain 0000 [bus 00-ff])
[STDERR  ] 2018-06-25T19:12:24.421697300Z: [    0.668864] acpi PNP0A08:00: _OSC: OS supports [ExtendedConfig ASPM ClockPM Segments MSI]
[STDERR  ] 2018-06-25T19:12:24.421709781Z: [    0.673144] acpi PNP0A08:00: _OSC: OS now controls [PCIeHotplug PME PCIeCapability]
[STDERR  ] 2018-06-25T19:12:24.421720589Z: [    0.676356] PCI host bridge to bus 0000:00
[STDERR  ] 2018-06-25T19:12:24.421731401Z: [    0.676841] pci_bus 0000:00: root bus resource [io  0x0000-0x0cf7 window]
[STDERR  ] 2018-06-25T19:12:24.421746353Z: [    0.677188] pci_bus 0000:00: root bus resource [io  0x0d00-0xffff window]
[STDERR  ] 2018-06-25T19:12:24.421762191Z: [    0.677494] pci_bus 0000:00: root bus resource [mem 0x000a0000-0x000bffff window]
[STDERR  ] 2018-06-25T19:12:24.421774165Z: [    0.677827] pci_bus 0000:00: root bus resource [mem 0xc0000000-0xfebfffff window]
[STDERR  ] 2018-06-25T19:12:24.421785368Z: [    0.678317] pci_bus 0000:00: root bus resource [bus 00-ff]
[STDERR  ] 2018-06-25T19:12:24.421797499Z: [    0.841875] pci 0000:00:1f.0: quirk: [io  0x0600-0x067f] claimed by ICH6 ACPI/GPIO/TCO
[STDERR  ] 2018-06-25T19:12:24.421809501Z: [    0.926655] ACPI: PCI Interrupt Link [LNKA] (IRQs 5 *10 11)
[STDERR  ] 2018-06-25T19:12:24.421822781Z: [    0.928304] ACPI: PCI Interrupt Link [LNKB] (IRQs 5 *10 11)
[STDERR  ] 2018-06-25T19:12:24.421834770Z: [    0.931347] ACPI: PCI Interrupt Link [LNKC] (IRQs 5 10 *11)
[STDERR  ] 2018-06-25T19:12:24.421848963Z: [    0.932931] ACPI: PCI Interrupt Link [LNKD] (IRQs 5 10 *11)
[STDERR  ] 2018-06-25T19:12:24.421860462Z: [    0.934154] ACPI: PCI Interrupt Link [LNKE] (IRQs 5 *10 11)
[STDERR  ] 2018-06-25T19:12:24.421872893Z: [    0.935697] ACPI: PCI Interrupt Link [LNKF] (IRQs 5 *10 11)
[STDERR  ] 2018-06-25T19:12:24.421885530Z: [    0.937225] ACPI: PCI Interrupt Link [LNKG] (IRQs 5 10 *11)
[STDERR  ] 2018-06-25T19:12:24.421898056Z: [    0.938748] ACPI: PCI Interrupt Link [LNKH] (IRQs 5 10 *11)
[STDERR  ] 2018-06-25T19:12:24.421910434Z: [    0.940439] ACPI: PCI Interrupt Link [GSIA] (IRQs *16)
[STDERR  ] 2018-06-25T19:12:24.421921576Z: [    0.940985] ACPI: PCI Interrupt Link [GSIB] (IRQs *17)
[STDERR  ] 2018-06-25T19:12:24.421933952Z: [    0.941515] ACPI: PCI Interrupt Link [GSIC] (IRQs *18)
[STDERR  ] 2018-06-25T19:12:24.421946053Z: [    0.942069] ACPI: PCI Interrupt Link [GSID] (IRQs *19)
[STDERR  ] 2018-06-25T19:12:24.421958137Z: [    0.942596] ACPI: PCI Interrupt Link [GSIE] (IRQs *20)
[STDERR  ] 2018-06-25T19:12:24.421970962Z: [    0.943174] ACPI: PCI Interrupt Link [GSIF] (IRQs *21)
[STDERR  ] 2018-06-25T19:12:24.421983153Z: [    0.943698] ACPI: PCI Interrupt Link [GSIG] (IRQs *22)
[STDERR  ] 2018-06-25T19:12:24.422000734Z: [    0.944148] ACPI: PCI Interrupt Link [GSIH] (IRQs *23)
[STDERR  ] 2018-06-25T19:12:24.422008936Z: [    0.950926] SCSI subsystem initialized
[STDERR  ] 2018-06-25T19:12:24.422019417Z: [    0.953194] ACPI: bus type USB registered
[STDERR  ] 2018-06-25T19:12:24.422027086Z: [    0.954075] usbcore: registered new interface driver usbfs
[STDERR  ] 2018-06-25T19:12:24.422035072Z: [    0.954861] usbcore: registered new interface driver hub
[STDERR  ] 2018-06-25T19:12:24.422043589Z: [    0.955556] usbcore: registered new device driver usb
[STDERR  ] 2018-06-25T19:12:24.422051272Z: [    0.956465] pps_core: LinuxPPS API ver. 1 registered
[STDERR  ] 2018-06-25T19:12:24.422058963Z: [    0.956748] pps_core: Software ver. 5.3.6 - Copyright 2005-2007 Rodolfo Giometti <giometti@linux.it>
[STDERR  ] 2018-06-25T19:12:24.422066956Z: [    0.957353] PTP clock support registered
[STDERR  ] 2018-06-25T19:12:24.422074456Z: [    0.959269] PCI: Using ACPI for IRQ routing
[STDERR  ] 2018-06-25T19:12:24.422084862Z: [    0.972414] NetLabel: Initializing
[STDERR  ] 2018-06-25T19:12:24.422095638Z: [    0.972637] NetLabel:  domain hash size = 128
[STDERR  ] 2018-06-25T19:12:24.422107107Z: [    0.972939] NetLabel:  protocols = UNLABELED CIPSOv4 CALIPSO
[STDERR  ] 2018-06-25T19:12:24.422118482Z: [    0.975084] NetLabel:  unlabeled traffic allowed by default
[STDERR  ] 2018-06-25T19:12:24.422131477Z: [    0.977020] HPET: 3 timers in total, 0 timers will be used for per-cpu timer
[STDERR  ] 2018-06-25T19:12:24.422142671Z: [    0.977757] hpet0: at MMIO 0xfed00000, IRQs 2, 8, 0
[STDERR  ] 2018-06-25T19:12:24.422156916Z: [    0.978096] hpet0: 3 comparators, 64-bit 100.000000 MHz counter
[STDERR  ] 2018-06-25T19:12:24.422168153Z: [    0.983610] clocksource: Switched to clocksource hpet
[STDERR  ] 2018-06-25T19:12:24.422178946Z: [    1.182833] VFS: Disk quotas dquot_6.6.0
[STDERR  ] 2018-06-25T19:12:24.422194033Z: [    1.183488] VFS: Dquot-cache hash table entries: 512 (order 0, 4096 bytes)
[STDERR  ] 2018-06-25T19:12:24.422205240Z: [    1.186780] FS-Cache: Loaded
[STDERR  ] 2018-06-25T19:12:24.422224749Z: [    1.192329] CacheFiles: Loaded
[STDERR  ] 2018-06-25T19:12:24.422232679Z: [    1.194240] pnp: PnP ACPI init
[STDERR  ] 2018-06-25T19:12:24.422240421Z: [    1.202564] pnp: PnP ACPI: found 5 devices
[STDERR  ] 2018-06-25T19:12:24.422250772Z: [    1.233817] clocksource: acpi_pm: mask: 0xffffff max_cycles: 0xffffff, max_idle_ns: 2085701024 ns
[STDERR  ] 2018-06-25T19:12:24.422259218Z: [    1.236921] NET: Registered protocol family 2
[STDERR  ] 2018-06-25T19:12:24.422270175Z: [    1.244194] TCP established hash table entries: 8192 (order: 4, 65536 bytes)
[STDERR  ] 2018-06-25T19:12:24.422281110Z: [    1.244918] TCP bind hash table entries: 8192 (order: 5, 131072 bytes)
[STDERR  ] 2018-06-25T19:12:24.422295255Z: [    1.245851] TCP: Hash tables configured (established 8192 bind 8192)
[STDERR  ] 2018-06-25T19:12:24.422307395Z: [    1.247775] UDP hash table entries: 512 (order: 2, 16384 bytes)
[STDERR  ] 2018-06-25T19:12:24.422318960Z: [    1.248387] UDP-Lite hash table entries: 512 (order: 2, 16384 bytes)
[STDERR  ] 2018-06-25T19:12:24.422328691Z: [    1.250873] NET: Registered protocol family 1
[STDERR  ] 2018-06-25T19:12:24.422336370Z: [    1.251747] pci 0000:00:01.0: Video device with shadowed ROM at [mem 0x000c0000-0x000dffff]
[STDERR  ] 2018-06-25T19:12:24.422344935Z: [    1.256902] Trying to unpack rootfs image as initramfs...
[STDERR  ] 2018-06-25T19:12:24.422354929Z: [    4.403596] Freeing initrd memory: 28144K
[STDERR  ] 2018-06-25T19:12:24.422362693Z: [    4.427006] PCLMULQDQ-NI instructions are not detected.
[STDERR  ] 2018-06-25T19:12:24.422370298Z: [    4.428158] AVX or AES-NI instructions are not detected.
[STDERR  ] 2018-06-25T19:12:24.422377945Z: [    4.428627] CPU feature 'AVX registers' is not supported.
[STDERR  ] 2018-06-25T19:12:24.422385749Z: [    4.428955] CPU feature 'AVX registers' is not supported.
[STDERR  ] 2018-06-25T19:12:24.422393555Z: [    4.429269] CPU feature 'AVX registers' is not supported.
[STDERR  ] 2018-06-25T19:12:24.422405466Z: [    4.429618] CPU feature 'AVX registers' is not supported.
[STDERR  ] 2018-06-25T19:12:24.422413389Z: [    4.429946] AVX2 or AES-NI instructions are not detected.
[STDERR  ] 2018-06-25T19:12:24.422421026Z: [    4.430830] AVX2 instructions are not detected.
[STDERR  ] 2018-06-25T19:12:24.422428931Z: [    4.436308] audit: initializing netlink subsys (disabled)
[STDERR  ] 2018-06-25T19:12:24.422438801Z: [    4.438985] audit: type=2000 audit(1529953923.430:1): state=initialized audit_enabled=0 res=1
[STDERR  ] 2018-06-25T19:12:24.422447653Z: [    4.444461] workingset: timestamp_bits=46 max_order=18 bucket_order=0
[STDERR  ] 2018-06-25T19:12:24.422457569Z: [    4.448276] squashfs: version 4.0 (2009/01/31) Phillip Lougher
[STDERR  ] 2018-06-25T19:12:24.422465345Z: [    4.451366] FS-Cache: Netfs 'cifs' registered for caching
[STDERR  ] 2018-06-25T19:12:24.422474716Z: [    4.452338] fuse init (API version 7.26)
[STDERR  ] 2018-06-25T19:12:24.422484553Z: [    4.454263] SGI XFS with ACLs, security attributes, no debug enabled
[STDERR  ] 2018-06-25T19:12:24.422492144Z: [    4.457440] 9p: Installing v9fs 9p2000 file system support
[STDERR  ] 2018-06-25T19:12:24.422499588Z: [    4.457936] FS-Cache: Netfs '9p' registered for caching
[STDERR  ] 2018-06-25T19:12:24.422506995Z: [    4.486594] NET: Registered protocol family 38
[STDERR  ] 2018-06-25T19:12:24.422516577Z: [    4.487109] Key type asymmetric registered
[STDERR  ] 2018-06-25T19:12:24.422524016Z: [    4.487628] Asymmetric key parser 'x509' registered
[STDERR  ] 2018-06-25T19:12:24.422531424Z: [    4.488533] Block layer SCSI generic (bsg) driver version 0.4 loaded (major 247)
[STDERR  ] 2018-06-25T19:12:24.422538943Z: [    4.490555] io scheduler noop registered
[STDERR  ] 2018-06-25T19:12:24.422546469Z: [    4.490888] io scheduler deadline registered (default)
[STDERR  ] 2018-06-25T19:12:24.422553853Z: [    4.492452] io scheduler cfq registered
[STDERR  ] 2018-06-25T19:12:24.422561272Z: [    4.492700] io scheduler mq-deadline registered
[STDERR  ] 2018-06-25T19:12:24.422572073Z: [    4.492941] io scheduler kyber registered
[STDERR  ] 2018-06-25T19:12:24.422581815Z: [    4.495554] shpchp: Standard Hot Plug PCI Controller Driver version: 0.4
[STDERR  ] 2018-06-25T19:12:24.422589269Z: [    4.496215] hv_vmbus: registering driver hyperv_fb
[STDERR  ] 2018-06-25T19:12:24.422596628Z: [    4.499064] input: Power Button as /devices/LNXSYSTM:00/LNXPWRBN:00/input/input0
[STDERR  ] 2018-06-25T19:12:24.422604210Z: [    4.502321] ACPI: Power Button [PWRF]
[STDERR  ] 2018-06-25T19:12:24.422611964Z: [    4.514220] ACPI: PCI Interrupt Link [GSIG] enabled at IRQ 22
[STDERR  ] 2018-06-25T19:12:24.422624689Z: [    4.524310] ACPI: PCI Interrupt Link [GSIH] enabled at IRQ 23
[STDERR  ] 2018-06-25T19:12:24.422632212Z: [    4.529877] Serial: 8250/16550 driver, 4 ports, IRQ sharing disabled
[STDERR  ] 2018-06-25T19:12:24.422639716Z: [    4.554731] 00:04: ttyS0 at I/O 0x3f8 (irq = 4, base_baud = 115200) is a 16550A
[STDERR  ] 2018-06-25T19:12:24.422647171Z: [    4.563882] Non-volatile memory driver v1.3
[STDERR  ] 2018-06-25T19:12:24.422654910Z: [    4.570284] Hangcheck: starting hangcheck timer 0.9.1 (tick is 180 seconds, margin is 60 seconds).
[STDERR  ] 2018-06-25T19:12:24.422664846Z: [    4.581023] random: fast init done
[STDERR  ] 2018-06-25T19:12:24.422672311Z: [    4.582355] random: crng init done
[STDERR  ] 2018-06-25T19:12:24.422679652Z: [    4.622937] brd: module loaded
[STDERR  ] 2018-06-25T19:12:24.422687600Z: [    4.646462] loop: module loaded
[STDERR  ] 2018-06-25T19:12:24.422695007Z: [    4.686610] lpc_ich 0000:00:1f.0: I/O space for GPIO uninitialized
[STDERR  ] 2018-06-25T19:12:24.422702605Z: [    4.688788] VMware PVSCSI driver - version 1.0.7.0-k
[STDERR  ] 2018-06-25T19:12:24.422710096Z: [    4.689479] hv_vmbus: registering driver hv_storvsc
[STDERR  ] 2018-06-25T19:12:24.422717580Z: [    4.696986] ACPI: PCI Interrupt Link [GSIA] enabled at IRQ 16
[STDERR  ] 2018-06-25T19:12:24.422726744Z: [    4.703384] ahci 0000:00:1f.2: AHCI 0001.0000 32 slots 6 ports 1.5 Gbps 0x3f impl SATA mode
[STDERR  ] 2018-06-25T19:12:24.422738716Z: [    4.704046] ahci 0000:00:1f.2: flags: 64bit ncq only 
[STDERR  ] 2018-06-25T19:12:24.422746171Z: [    4.716644] scsi host0: ahci
[STDERR  ] 2018-06-25T19:12:24.422753649Z: [    4.719303] scsi host1: ahci
[STDERR  ] 2018-06-25T19:12:24.422761348Z: [    4.720864] scsi host2: ahci
[STDERR  ] 2018-06-25T19:12:24.422769577Z: [    4.722286] scsi host3: ahci
[STDERR  ] 2018-06-25T19:12:24.422776962Z: [    4.723881] scsi host4: ahci
[STDERR  ] 2018-06-25T19:12:24.422787628Z: [    4.725247] scsi host5: ahci
[STDERR  ] 2018-06-25T19:12:24.422796918Z: [    4.726323] ata1: SATA max UDMA/133 abar m4096@0xfebd2000 port 0xfebd2100 irq 24
[STDERR  ] 2018-06-25T19:12:24.422804408Z: [    4.726803] ata2: SATA max UDMA/133 abar m4096@0xfebd2000 port 0xfebd2180 irq 24
[STDERR  ] 2018-06-25T19:12:24.422811764Z: [    4.727098] ata3: SATA max UDMA/133 abar m4096@0xfebd2000 port 0xfebd2200 irq 24
[STDERR  ] 2018-06-25T19:12:24.422818998Z: [    4.727384] ata4: SATA max UDMA/133 abar m4096@0xfebd2000 port 0xfebd2280 irq 24
[STDERR  ] 2018-06-25T19:12:24.422828102Z: [    4.727710] ata5: SATA max UDMA/133 abar m4096@0xfebd2000 port 0xfebd2300 irq 24
[STDERR  ] 2018-06-25T19:12:24.422835374Z: [    4.728003] ata6: SATA max UDMA/133 abar m4096@0xfebd2000 port 0xfebd2380 irq 24
[STDERR  ] 2018-06-25T19:12:24.422842831Z: [    4.737928] tun: Universal TUN/TAP device driver, 1.6
[STDERR  ] 2018-06-25T19:12:24.422850265Z: [    4.748628] VMware vmxnet3 virtual NIC driver - version 1.4.a.0-k-NAPI
[STDERR  ] 2018-06-25T19:12:24.422857770Z: [    4.749550] hv_vmbus: registering driver hv_netvsc
[STDERR  ] 2018-06-25T19:12:24.422865195Z: [    4.749849] Fusion MPT base driver 3.04.20
[STDERR  ] 2018-06-25T19:12:24.422873936Z: [    4.749975] Copyright (c) 1999-2008 LSI Corporation
[STDERR  ] 2018-06-25T19:12:24.422881538Z: [    4.750765] Fusion MPT SPI Host driver 3.04.20
[STDERR  ] 2018-06-25T19:12:24.422888916Z: [    4.752512] i8042: PNP: PS/2 Controller [PNP0303:KBD,PNP0f13:MOU] at 0x60,0x64 irq 1,12
[STDERR  ] 2018-06-25T19:12:24.422899529Z: [    4.756539] serio: i8042 KBD port at 0x60,0x64 irq 1
[STDERR  ] 2018-06-25T19:12:24.422907095Z: [    4.757254] serio: i8042 AUX port at 0x60,0x64 irq 12
[STDERR  ] 2018-06-25T19:12:24.422915137Z: [    4.759272] hv_vmbus: registering driver hyperv_keyboard
[STDERR  ] 2018-06-25T19:12:24.422922647Z: [    4.761374] mousedev: PS/2 mouse device common for all mice
[STDERR  ] 2018-06-25T19:12:24.422930094Z: [    4.765075] input: AT Translated Set 2 keyboard as /devices/platform/i8042/serio0/input/input1
[STDERR  ] 2018-06-25T19:12:24.422939977Z: [    4.767137] input: PC Speaker as /devices/platform/pcspkr/input/input2
[STDERR  ] 2018-06-25T19:12:24.422947481Z: [    4.770712] rtc_cmos 00:00: RTC can wake from S4
[STDERR  ] 2018-06-25T19:12:24.422954889Z: [    4.773478] rtc_cmos 00:00: rtc core: registered rtc_cmos as rtc0
[STDERR  ] 2018-06-25T19:12:24.422962193Z: [    4.774623] rtc_cmos 00:00: alarms up to one day, y3k, 114 bytes nvram, hpet irqs
[STDERR  ] 2018-06-25T19:12:24.422969607Z: [    4.775208] i2c /dev entries driver
[STDERR  ] 2018-06-25T19:12:24.422978979Z: [    4.776982] device-mapper: ioctl: 4.37.0-ioctl (2017-09-20) initialised: dm-devel@redhat.com
[STDERR  ] 2018-06-25T19:12:24.422986921Z: [    4.780730] usbcore: registered new interface driver usbhid
[STDERR  ] 2018-06-25T19:12:24.422994449Z: [    4.781128] usbhid: USB HID core driver
[STDERR  ] 2018-06-25T19:12:24.423001791Z: [    4.781828] hv_utils: Registering HyperV Utility Driver
[STDERR  ] 2018-06-25T19:12:24.423009254Z: [    4.782112] hv_vmbus: registering driver hv_util
[STDERR  ] 2018-06-25T19:12:24.423016621Z: [    4.782330] hv_vmbus: registering driver hv_balloon
[STDERR  ] 2018-06-25T19:12:24.423025773Z: [    4.782790] oprofile: using NMI interrupt.
[STDERR  ] 2018-06-25T19:12:24.423035354Z: [    4.783748] GACT probability on
[STDERR  ] 2018-06-25T19:12:24.423042940Z: [    4.784098] Mirror/redirect action on
[STDERR  ] 2018-06-25T19:12:24.423054978Z: [    4.784626] Simple TC action Loaded
[STDERR  ] 2018-06-25T19:12:24.423062406Z: [    4.785087] u32 classifier
[STDERR  ] 2018-06-25T19:12:24.423069794Z: [    4.785231]     Performance counters on
[STDERR  ] 2018-06-25T19:12:24.423077184Z: [    4.785440]     input device check on
[STDERR  ] 2018-06-25T19:12:24.423084451Z: [    4.785595]     Actions configured
[STDERR  ] 2018-06-25T19:12:24.423091775Z: [    4.786172] Netfilter messages via NETLINK v0.30.
[STDERR  ] 2018-06-25T19:12:24.423099172Z: [    4.786750] nfnl_acct: registering with nfnetlink.
[STDERR  ] 2018-06-25T19:12:24.423106463Z: [    4.787968] nf_conntrack version 0.5.0 (8192 buckets, 32768 max)
[STDERR  ] 2018-06-25T19:12:24.423113986Z: [    4.789939] ctnetlink v0.93: registering with nfnetlink.
[STDERR  ] 2018-06-25T19:12:24.423121448Z: [    4.793259] nf_tables: (c) 2007-2009 Patrick McHardy <kaber@trash.net>
[STDERR  ] 2018-06-25T19:12:24.423128860Z: [    4.794014] nf_tables_compat: (c) 2012 Pablo Neira Ayuso <pablo@netfilter.org>
[STDERR  ] 2018-06-25T19:12:24.423136248Z: [    4.796105] xt_time: kernel timezone is -0000
[STDERR  ] 2018-06-25T19:12:24.423143661Z: [    4.796611] ip_set: protocol 6
[STDERR  ] 2018-06-25T19:12:24.423151072Z: [    4.797263] IPVS: Registered protocols (TCP, UDP, SCTP, AH, ESP)
[STDERR  ] 2018-06-25T19:12:24.423158445Z: [    4.797794] IPVS: Connection hash table configured (size=4096, memory=64Kbytes)
[STDERR  ] 2018-06-25T19:12:24.423167579Z: [    4.801835] IPVS: ipvs loaded.
[STDERR  ] 2018-06-25T19:12:24.423174980Z: [    4.802101] IPVS: [rr] scheduler registered.
[STDERR  ] 2018-06-25T19:12:24.423182473Z: [    4.802346] IPVS: [wrr] scheduler registered.
[STDERR  ] 2018-06-25T19:12:24.423189862Z: [    4.802567] IPVS: [lc] scheduler registered.
[STDERR  ] 2018-06-25T19:12:24.423199227Z: [    4.802771] IPVS: [wlc] scheduler registered.
[STDERR  ] 2018-06-25T19:12:24.423206800Z: [    4.802946] IPVS: [fo] scheduler registered.
[STDERR  ] 2018-06-25T19:12:24.423214275Z: [    4.803176] IPVS: [ovf] scheduler registered.
[STDERR  ] 2018-06-25T19:12:24.423225611Z: [    4.803545] IPVS: [lblc] scheduler registered.
[STDERR  ] 2018-06-25T19:12:24.423233043Z: [    4.803860] IPVS: [lblcr] scheduler registered.
[STDERR  ] 2018-06-25T19:12:24.423240382Z: [    4.804076] IPVS: [dh] scheduler registered.
[STDERR  ] 2018-06-25T19:12:24.423247715Z: [    4.804290] IPVS: [sh] scheduler registered.
[STDERR  ] 2018-06-25T19:12:24.423255004Z: [    4.804508] IPVS: [sed] scheduler registered.
[STDERR  ] 2018-06-25T19:12:24.423262278Z: [    4.804708] IPVS: [nq] scheduler registered.
[STDERR  ] 2018-06-25T19:12:24.423269566Z: [    4.805369] IPVS: ftp: loaded support on port[0] = 21
[STDERR  ] 2018-06-25T19:12:24.423276948Z: [    4.806129] ipip: IPv4 and MPLS over IPv4 tunneling driver
[STDERR  ] 2018-06-25T19:12:24.423284654Z: [    4.809149] gre: GRE over IPv4 demultiplexor driver
[STDERR  ] 2018-06-25T19:12:24.423291963Z: [    4.812019] ip_tables: (C) 2000-2006 Netfilter Core Team
[STDERR  ] 2018-06-25T19:12:24.423299292Z: [    4.815339] ipt_CLUSTERIP: ClusterIP Version 0.8 loaded successfully
[STDERR  ] 2018-06-25T19:12:24.423306734Z: [    4.815892] arp_tables: arp_tables: (C) 2002 David S. Miller
[STDERR  ] 2018-06-25T19:12:24.423314036Z: [    4.817886] NET: Registered protocol family 10
[STDERR  ] 2018-06-25T19:12:24.423321373Z: [    4.826923] Segment Routing with IPv6
[STDERR  ] 2018-06-25T19:12:24.423330424Z: [    4.827782] ip6_tables: (C) 2000-2006 Netfilter Core Team
[STDERR  ] 2018-06-25T19:12:24.423337929Z: [    4.834782] NET: Registered protocol family 17
[STDERR  ] 2018-06-25T19:12:24.423345262Z: [    4.835747] Bridge firewalling registered
[STDERR  ] 2018-06-25T19:12:24.423352678Z: [    4.836241] Ebtables v2.0 registered
[STDERR  ] 2018-06-25T19:12:24.423362195Z: [    4.838213] 8021q: 802.1Q VLAN Support v1.8
[STDERR  ] 2018-06-25T19:12:24.423369524Z: [    4.839720] 9pnet: Installing 9P2000 support
[STDERR  ] 2018-06-25T19:12:24.423376913Z: [    4.841701] Key type dns_resolver registered
[STDERR  ] 2018-06-25T19:12:24.423387226Z: [    4.843060] sched_clock: Marking stable (4840199800, 0)->(4960209939, -120010139)
[STDERR  ] 2018-06-25T19:12:24.423394726Z: [    4.846539] registered taskstats version 1
[STDERR  ] 2018-06-25T19:12:24.423402034Z: [    5.038706] Key type big_key registered
[STDERR  ] 2018-06-25T19:12:24.423409638Z: [    5.063420] ata3: SATA link up 1.5 Gbps (SStatus 113 SControl 300)
[STDERR  ] 2018-06-25T19:12:24.423418547Z: [    5.067481] ata2: SATA link down (SStatus 0 SControl 300)
[STDERR  ] 2018-06-25T19:12:24.423425912Z: [    5.069149] ata1: SATA link down (SStatus 0 SControl 300)
[STDERR  ] 2018-06-25T19:12:24.423435370Z: [    5.073857] ata3.00: ATAPI: QEMU DVD-ROM, 2.5+, max UDMA/100
[STDERR  ] 2018-06-25T19:12:24.423442725Z: [    5.074312] ata3.00: applying bridge limits
[STDERR  ] 2018-06-25T19:12:24.423451624Z: [    5.075718] ata5: SATA link down (SStatus 0 SControl 300)
[STDERR  ] 2018-06-25T19:12:24.423459033Z: [    5.076043] ata4: SATA link down (SStatus 0 SControl 300)
[STDERR  ] 2018-06-25T19:12:24.423466356Z: [    5.078527] ata3.00: configured for UDMA/100
[STDERR  ] 2018-06-25T19:12:24.423473746Z: [    5.083404] ata6: SATA link down (SStatus 0 SControl 300)
[STDERR  ] 2018-06-25T19:12:24.423481068Z: [    5.091326] scsi 2:0:0:0: CD-ROM            QEMU     QEMU DVD-ROM     2.5+ PQ: 0 ANSI: 5
[STDERR  ] 2018-06-25T19:12:24.423488671Z: [    5.138276] Key type trusted registered
[STDERR  ] 2018-06-25T19:12:24.423496077Z: [    5.144023] sr 2:0:0:0: [sr0] scsi3-mmc drive: 4x/4x cd/rw xa/form2 tray
[STDERR  ] 2018-06-25T19:12:24.423503378Z: [    5.144686] cdrom: Uniform CD-ROM driver Revision: 3.20
[STDERR  ] 2018-06-25T19:12:24.423510781Z: [    5.153898] sr 2:0:0:0: Attached scsi generic sg0 type 5
[STDERR  ] 2018-06-25T19:12:24.423518293Z: [    5.215413] Key type encrypted registered
[STDERR  ] 2018-06-25T19:12:24.423525707Z: [    5.216061] ima: No TPM chip found, activating TPM-bypass! (rc=-19)
[STDERR  ] 2018-06-25T19:12:24.423533149Z: [    5.216588] ima: Allocated hash algorithm: sha256
[STDERR  ] 2018-06-25T19:12:24.423540606Z: [    5.219997] evm: HMAC attrs: 0x1
[STDERR  ] 2018-06-25T19:12:24.423550598Z: [    5.224602] rtc_cmos 00:00: setting system clock to 2018-06-25 19:12:04 UTC (1529953924)
[STDERR  ] 2018-06-25T19:12:24.423558194Z: [    5.377577] Freeing unused kernel memory: 1512K
[STDERR  ] 2018-06-25T19:12:24.423565530Z: [    5.390658] Write protecting the kernel read-only data: 18432k
[STDERR  ] 2018-06-25T19:12:24.423572972Z: [    5.401888] Freeing unused kernel memory: 2024K
[STDERR  ] 2018-06-25T19:12:24.423580259Z: [    5.431866] Freeing unused kernel memory: 1104K
[STDERR  ] 2018-06-25T19:12:24.423597788Z: [    5.440729] tsc: Refined TSC clocksource calibration: 2599.782 MHz
[STDERR  ] 2018-06-25T19:12:24.423605263Z: [    5.441409] clocksource: tsc: mask: 0xffffffffffffffff max_cycles: 0x25796e778d0, max_idle_ns: 440795307221 ns
[STDERR  ] 2018-06-25T19:12:24.423612753Z: [    6.456404] clocksource: Switched to clocksource tsc
[STDERR  ] 2018-06-25T19:12:24.423624969Z: 
[STDERR  ] 2018-06-25T19:12:24.423632859Z: Welcome to LinuxKit
[STDERR  ] 2018-06-25T19:12:24.423641623Z: 
[STDERR  ] 2018-06-25T19:12:24.423649233Z:                         ##         .
[STDERR  ] 2018-06-25T19:12:24.423657108Z:                   ## ## ##        ==
[STDERR  ] 2018-06-25T19:12:24.423664681Z:                ## ## ## ## ##    ===
[STDERR  ] 2018-06-25T19:12:24.423672109Z:            /"""""""""""""""""\___/ ===
[STDERR  ] 2018-06-25T19:12:24.423681197Z:           {                       /  ===-
[STDERR  ] 2018-06-25T19:12:24.423688567Z:            \______ O           __/
[STDERR  ] 2018-06-25T19:12:24.424115431Z:              \    \         __/
[STDERR  ] 2018-06-25T19:12:24.424163501Z:               \____\_______/
[STDERR  ] 2018-06-25T19:12:24.424188686Z: 
[STDERR  ] 2018-06-25T19:12:24.424214232Z: sysctl test suite PASSED
[STDERR  ] 2018-06-25T19:12:24.424251533Z: [   24.092991] ACPI: Preparing to enter system sleep state S5
[STDERR  ] 2018-06-25T19:12:24.424276723Z: [   24.094564] reboot: Power down
[STDERR  ] 2018-06-25T19:12:24.424308012Z: + echo [    0.000000] Linux version 4.14.51-linuxkit (root@d0a5c3056f66) (gcc version 6.4.0 (Alpine 6.4.0)) #1 SMP Fri Jun 22 13:17:09 UTC 2018
[STDERR  ] 2018-06-25T19:12:24.424345504Z: [    0.000000] Command line: console=ttyS0 console=ttyAMA0
[STDERR  ] 2018-06-25T19:12:24.424373582Z: [    0.000000] x86/fpu: x87 FPU will use FXSAVE
[STDERR  ] 2018-06-25T19:12:24.424407979Z: [    0.000000] e820: BIOS-provided physical RAM map:
[STDERR  ] 2018-06-25T19:12:24.424432142Z: [    0.000000] BIOS-e820: [mem 0x0000000000000000-0x000000000009fbff] usable
[STDERR  ] 2018-06-25T19:12:24.424457356Z: [    0.000000] BIOS-e820: [mem 0x000000000009fc00-0x000000000009ffff] reserved
[STDERR  ] 2018-06-25T19:12:24.424492326Z: [    0.000000] BIOS-e820: [mem 0x00000000000f0000-0x00000000000fffff] reserved
[STDERR  ] 2018-06-25T19:12:24.424516649Z: [    0.000000] BIOS-e820: [mem 0x0000000000100000-0x000000003ffdefff] usable
[STDERR  ] 2018-06-25T19:12:24.424540469Z: [    0.000000] BIOS-e820: [mem 0x000000003ffdf000-0x000000003fffffff] reserved
[STDERR  ] 2018-06-25T19:12:24.424574357Z: [    0.000000] BIOS-e820: [mem 0x00000000b0000000-0x00000000bfffffff] reserved
[STDERR  ] 2018-06-25T19:12:24.424598166Z: [    0.000000] BIOS-e820: [mem 0x00000000fed1c000-0x00000000fed1ffff] reserved
[STDERR  ] 2018-06-25T19:12:24.424632696Z: [    0.000000] BIOS-e820: [mem 0x00000000fffc0000-0x00000000ffffffff] reserved
[STDERR  ] 2018-06-25T19:12:24.424667936Z: [    0.000000] NX (Execute Disable) protection: active
[STDERR  ] 2018-06-25T19:12:24.424693113Z: [    0.000000] SMBIOS 2.8 present.
[STDERR  ] 2018-06-25T19:12:24.424716250Z: [    0.000000] DMI: QEMU Standard PC (Q35 + ICH9, 2009), BIOS rel-1.10.2-0-g5f4c7b1-prebuilt.qemu-project.org 04/01/2014
[STDERR  ] 2018-06-25T19:12:24.424751353Z: [    0.000000] tsc: Fast TSC calibration using PIT
[STDERR  ] 2018-06-25T19:12:24.424773782Z: [    0.000000] e820: last_pfn = 0x3ffdf max_arch_pfn = 0x400000000
[STDERR  ] 2018-06-25T19:12:24.424799990Z: [    0.000000] x86/PAT: Configuration [0-7]: WB  WC  UC- UC  WB  WP  UC- WT  
[STDERR  ] 2018-06-25T19:12:24.424838231Z: [    0.000000] found SMP MP-table at [mem 0x000f6aa0-0x000f6aaf] mapped at [ffffffffff200aa0]
[STDERR  ] 2018-06-25T19:12:24.424867178Z: [    0.000000] RAMDISK: [mem 0x3e454000-0x3ffcffff]
[STDERR  ] 2018-06-25T19:12:24.424891371Z: [    0.000000] ACPI: Early table checksum verification disabled
[STDERR  ] 2018-06-25T19:12:24.424927693Z: [    0.000000] ACPI: RSDP 0x00000000000F68B0 000014 (v00 BOCHS )
[STDERR  ] 2018-06-25T19:12:24.424951176Z: [    0.000000] ACPI: RSDT 0x000000003FFE20A8 000034 (v01 BOCHS  BXPCRSDT 00000001 BXPC 00000001)
[STDERR  ] 2018-06-25T19:12:24.424989605Z: [    0.000000] ACPI: FACP 0x000000003FFE1EC8 0000F4 (v03 BOCHS  BXPCFACP 00000001 BXPC 00000001)
[STDERR  ] 2018-06-25T19:12:24.425016857Z: [    0.000000] ACPI: DSDT 0x000000003FFE0040 001E88 (v01 BOCHS  BXPCDSDT 00000001 BXPC 00000001)
[STDERR  ] 2018-06-25T19:12:24.425041727Z: [    0.000000] ACPI: FACS 0x000000003FFE0000 000040
[STDERR  ] 2018-06-25T19:12:24.425096872Z: [    0.000000] ACPI: APIC 0x000000003FFE1FBC 000078 (v01 BOCHS  BXPCAPIC 00000001 BXPC 00000001)
[STDERR  ] 2018-06-25T19:12:24.425123485Z: [    0.000000] ACPI: HPET 0x000000003FFE2034 000038 (v01 BOCHS  BXPCHPET 00000001 BXPC 00000001)
[STDERR  ] 2018-06-25T19:12:24.425165542Z: [    0.000000] ACPI: MCFG 0x000000003FFE206C 00003C (v01 BOCHS  BXPCMCFG 00000001 BXPC 00000001)
[STDERR  ] 2018-06-25T19:12:24.425191100Z: [    0.000000] Zone ranges:
[STDERR  ] 2018-06-25T19:12:24.425225813Z: [    0.000000]   DMA      [mem 0x0000000000001000-0x0000000000ffffff]
[STDERR  ] 2018-06-25T19:12:24.425252860Z: [    0.000000]   DMA32    [mem 0x0000000001000000-0x000000003ffdefff]
[STDERR  ] 2018-06-25T19:12:24.425278360Z: [    0.000000]   Normal   empty
[STDERR  ] 2018-06-25T19:12:24.425312846Z: [    0.000000]   Device   empty
[STDERR  ] 2018-06-25T19:12:24.425338510Z: [    0.000000] Movable zone start for each node
[STDERR  ] 2018-06-25T19:12:24.425363355Z: [    0.000000] Early memory node ranges
[STDERR  ] 2018-06-25T19:12:24.425410371Z: [    0.000000]   node   0: [mem 0x0000000000001000-0x000000000009efff]
[STDERR  ] 2018-06-25T19:12:24.425435600Z: [    0.000000]   node   0: [mem 0x0000000000100000-0x000000003ffdefff]
[STDERR  ] 2018-06-25T19:12:24.425465998Z: [    0.000000] Initmem setup node 0 [mem 0x0000000000001000-0x000000003ffdefff]
[STDERR  ] 2018-06-25T19:12:24.425501278Z: [    0.000000] ACPI: PM-Timer IO Port: 0x608
[STDERR  ] 2018-06-25T19:12:24.425526448Z: [    0.000000] ACPI: LAPIC_NMI (acpi_id[0xff] dfl dfl lint[0x1])
[STDERR  ] 2018-06-25T19:12:24.425560394Z: [    0.000000] IOAPIC[0]: apic_id 0, version 32, address 0xfec00000, GSI 0-23
[STDERR  ] 2018-06-25T19:12:24.425585733Z: [    0.000000] ACPI: INT_SRC_OVR (bus 0 bus_irq 0 global_irq 2 dfl dfl)
[STDERR  ] 2018-06-25T19:12:24.425609662Z: [    0.000000] ACPI: INT_SRC_OVR (bus 0 bus_irq 5 global_irq 5 high level)
[STDERR  ] 2018-06-25T19:12:24.425725858Z: [    0.000000] ACPI: INT_SRC_OVR (bus 0 bus_irq 9 global_irq 9 high level)
[STDERR  ] 2018-06-25T19:12:24.425764320Z: [    0.000000] ACPI: INT_SRC_OVR (bus 0 bus_irq 10 global_irq 10 high level)
[STDERR  ] 2018-06-25T19:12:24.425789684Z: [    0.000000] ACPI: INT_SRC_OVR (bus 0 bus_irq 11 global_irq 11 high level)
[STDERR  ] 2018-06-25T19:12:24.425812486Z: [    0.000000] Using ACPI (MADT) for SMP configuration information
[STDERR  ] 2018-06-25T19:12:24.425846845Z: [    0.000000] ACPI: HPET id: 0x8086a201 base: 0xfed00000
[STDERR  ] 2018-06-25T19:12:24.425871595Z: [    0.000000] smpboot: Allowing 1 CPUs, 0 hotplug CPUs
[STDERR  ] 2018-06-25T19:12:24.425897098Z: [    0.000000] e820: [mem 0x40000000-0xafffffff] available for PCI devices
[STDERR  ] 2018-06-25T19:12:24.425932208Z: [    0.000000] Booting paravirtualized kernel on bare hardware
[STDERR  ] 2018-06-25T19:12:24.425956815Z: [    0.000000] clocksource: refined-jiffies: mask: 0xffffffff max_cycles: 0xffffffff, max_idle_ns: 19112604462750000 ns
[STDERR  ] 2018-06-25T19:12:24.425981703Z: [    0.000000] random: get_random_bytes called from start_kernel+0x92/0x4c8 with crng_init=0
[STDERR  ] 2018-06-25T19:12:24.426021838Z: [    0.000000] setup_percpu: NR_CPUS:128 nr_cpumask_bits:128 nr_cpu_ids:1 nr_node_ids:1
[STDERR  ] 2018-06-25T19:12:24.426046299Z: [    0.000000] percpu: Embedded 44 pages/cpu @ffff9e8dfe200000 s143256 r8192 d28776 u2097152
[STDERR  ] 2018-06-25T19:12:24.426072051Z: [    0.000000] Built 1 zonelists, mobility grouping on.  Total pages: 257896
[STDERR  ] 2018-06-25T19:12:24.426107681Z: [    0.000000] Kernel command line: console=ttyS0 console=ttyAMA0
[STDERR  ] 2018-06-25T19:12:24.426132109Z: [    0.000000] PID hash table entries: 4096 (order: 3, 32768 bytes)
[STDERR  ] 2018-06-25T19:12:24.426166417Z: [    0.000000] Dentry cache hash table entries: 131072 (order: 8, 1048576 bytes)
[STDERR  ] 2018-06-25T19:12:24.426190901Z: [    0.000000] Inode-cache hash table entries: 65536 (order: 7, 524288 bytes)
[STDERR  ] 2018-06-25T19:12:24.426231550Z: [    0.000000] Memory: 976656K/1048052K available (12300K kernel code, 1459K rwdata, 2992K rodata, 1512K init, 632K bss, 71396K reserved, 0K cma-reserved)
[STDERR  ] 2018-06-25T19:12:24.426271872Z: [    0.000000] ftrace: allocating 41025 entries in 161 pages
[STDERR  ] 2018-06-25T19:12:24.426306078Z: [    0.000000] Hierarchical RCU implementation.
[STDERR  ] 2018-06-25T19:12:24.426346069Z: [    0.000000] 	RCU restricting CPUs from NR_CPUS=128 to nr_cpu_ids=1.
[STDERR  ] 2018-06-25T19:12:24.426373591Z: [    0.000000] RCU: Adjusting geometry for rcu_fanout_leaf=16, nr_cpu_ids=1
[STDERR  ] 2018-06-25T19:12:24.426411438Z: [    0.000000] NR_IRQS: 8448, nr_irqs: 256, preallocated irqs: 16
[STDERR  ] 2018-06-25T19:12:24.426441443Z: [    0.000000] Console: colour VGA+ 80x25
[STDERR  ] 2018-06-25T19:12:24.426497784Z: [    0.000000] console [ttyS0] enabled
[STDERR  ] 2018-06-25T19:12:24.426525923Z: [    0.000000] clocksource: hpet: mask: 0xffffffff max_cycles: 0xffffffff, max_idle_ns: 19112604467 ns
[STDERR  ] 2018-06-25T19:12:24.426555600Z: [    0.000000] tsc: Fast TSC calibration using PIT
[STDERR  ] 2018-06-25T19:12:24.426602713Z: [    0.000000] tsc: Detected 2599.783 MHz processor
[STDERR  ] 2018-06-25T19:12:24.426648607Z: [    0.001667] Calibrating delay loop (skipped), value calculated using timer frequency.. 5199.56 BogoMIPS (lpj=25997830)
[STDERR  ] 2018-06-25T19:12:24.426686158Z: [    0.002123] pid_max: default: 32768 minimum: 301
[STDERR  ] 2018-06-25T19:12:24.426714159Z: [    0.002888] ACPI: Core revision 20170728
[STDERR  ] 2018-06-25T19:12:24.426761273Z: [    0.036508] ACPI: 1 ACPI AML tables successfully acquired and loaded
[STDERR  ] 2018-06-25T19:12:24.426789280Z: [    0.038472] Security Framework initialized
[STDERR  ] 2018-06-25T19:12:24.426829695Z: [    0.038920] Yama: becoming mindful.
[STDERR  ] 2018-06-25T19:12:24.426857245Z: [    0.041654] Mount-cache hash table entries: 2048 (order: 2, 16384 bytes)
[STDERR  ] 2018-06-25T19:12:24.426901547Z: [    0.041883] Mountpoint-cache hash table entries: 2048 (order: 2, 16384 bytes)
[STDERR  ] 2018-06-25T19:12:24.426928006Z: [    0.058765] Last level iTLB entries: 4KB 0, 2MB 0, 4MB 0
[STDERR  ] 2018-06-25T19:12:24.426967965Z: [    0.059127] Last level dTLB entries: 4KB 0, 2MB 0, 4MB 0, 1GB 0
[STDERR  ] 2018-06-25T19:12:24.426991565Z: [    0.059633] Spectre V2 : Spectre mitigation: LFENCE not serializing, switching to generic retpoline
[STDERR  ] 2018-06-25T19:12:24.427030309Z: [    0.060126] Spectre V2 : Vulnerable: Minimal generic ASM retpoline
[STDERR  ] 2018-06-25T19:12:24.427070064Z: [    0.060494] Spectre V2 : Spectre v2 mitigation: Filling RSB on context switch
[STDERR  ] 2018-06-25T19:12:24.427103670Z: [    0.060914] Speculative Store Bypass: Vulnerable
[STDERR  ] 2018-06-25T19:12:24.427142420Z: [    0.329542] Freeing SMP alternatives memory: 20K
[STDERR  ] 2018-06-25T19:12:24.427171212Z: [    0.349684] smpboot: Max logical packages: 1
[STDERR  ] 2018-06-25T19:12:24.427214978Z: [    0.356072] ..TIMER: vector=0x30 apic1=0 pin1=2 apic2=-1 pin2=-1
[STDERR  ] 2018-06-25T19:12:24.427247990Z: [    0.460000] smpboot: CPU0: AMD QEMU Virtual CPU version 2.5+ (family: 0x6, model: 0x6, stepping: 0x3)
[STDERR  ] 2018-06-25T19:12:24.427292687Z: [    0.460000] Performance Events: PMU not available due to virtualization, using software events only.
[STDERR  ] 2018-06-25T19:12:24.427322871Z: [    0.460388] Hierarchical SRCU implementation.
[STDERR  ] 2018-06-25T19:12:24.427350432Z: [    0.467487] NMI watchdog: Perf event create on CPU 0 failed with -2
[STDERR  ] 2018-06-25T19:12:24.427397169Z: [    0.467895] NMI watchdog: Perf NMI watchdog permanently disabled
[STDERR  ] 2018-06-25T19:12:24.427429025Z: [    0.470957] smp: Bringing up secondary CPUs ...
[STDERR  ] 2018-06-25T19:12:24.427469493Z: [    0.471317] smp: Brought up 1 node, 1 CPU
[STDERR  ] 2018-06-25T19:12:24.427501960Z: [    0.471640] smpboot: Total of 1 processors activated (5199.56 BogoMIPS)
[STDERR  ] 2018-06-25T19:12:24.427538220Z: [    0.488073] devtmpfs: initialized
[STDERR  ] 2018-06-25T19:12:24.427567431Z: [    0.493445] x86/mm: Memory block size: 128MB
[STDERR  ] 2018-06-25T19:12:24.427594844Z: [    0.499736] evm: security.ima
[STDERR  ] 2018-06-25T19:12:24.427644006Z: [    0.499871] evm: security.capability
[STDERR  ] 2018-06-25T19:12:24.427677065Z: [    0.502784] clocksource: jiffies: mask: 0xffffffff max_cycles: 0xffffffff, max_idle_ns: 19112604462750000 ns
[STDERR  ] 2018-06-25T19:12:24.427723650Z: [    0.503469] futex hash table entries: 256 (order: 2, 16384 bytes)
[STDERR  ] 2018-06-25T19:12:24.427753894Z: [    0.513222] NET: Registered protocol family 16
[STDERR  ] 2018-06-25T19:12:24.427794856Z: [    0.518934] cpuidle: using governor ladder
[STDERR  ] 2018-06-25T19:12:24.427829172Z: [    0.519382] cpuidle: using governor menu
[STDERR  ] 2018-06-25T19:12:24.427857612Z: [    0.521160] ACPI: bus type PCI registered
[STDERR  ] 2018-06-25T19:12:24.427896689Z: [    0.523635] PCI: MMCONFIG for domain 0000 [bus 00-ff] at [mem 0xb0000000-0xbfffffff] (base 0xb0000000)
[STDERR  ] 2018-06-25T19:12:24.427932419Z: [    0.524292] PCI: MMCONFIG at [mem 0xb0000000-0xbfffffff] reserved in E820
[STDERR  ] 2018-06-25T19:12:24.427979167Z: [    0.525189] PCI: Using configuration type 1 for base access
[STDERR  ] 2018-06-25T19:12:24.428008636Z: [    0.561351] HugeTLB registered 2.00 MiB page size, pre-allocated 0 pages
[STDERR  ] 2018-06-25T19:12:24.428051341Z: [    0.571896] ACPI: Added _OSI(Module Device)
[STDERR  ] 2018-06-25T19:12:24.428079317Z: [    0.572065] ACPI: Added _OSI(Processor Device)
[STDERR  ] 2018-06-25T19:12:24.428122803Z: [    0.572165] ACPI: Added _OSI(3.0 _SCP Extensions)
[STDERR  ] 2018-06-25T19:12:24.428156753Z: [    0.572464] ACPI: Added _OSI(Processor Aggregator Device)
[STDERR  ] 2018-06-25T19:12:24.428184016Z: [    0.616801] ACPI: Interpreter enabled
[STDERR  ] 2018-06-25T19:12:24.428229142Z: [    0.617575] ACPI: (supports S0 S5)
[STDERR  ] 2018-06-25T19:12:24.428256217Z: [    0.617896] ACPI: Using IOAPIC for interrupt routing
[STDERR  ] 2018-06-25T19:12:24.428299709Z: [    0.621819] PCI: Using host bridge windows from ACPI; if necessary, use "pci=nocrs" and report a bug
[STDERR  ] 2018-06-25T19:12:24.428332170Z: [    0.624491] ACPI: Enabled 1 GPEs in block 00 to 3F
[STDERR  ] 2018-06-25T19:12:24.428360797Z: [    0.667852] ACPI: PCI Root Bridge [PCI0] (domain 0000 [bus 00-ff])
[STDERR  ] 2018-06-25T19:12:24.428392925Z: [    0.668864] acpi PNP0A08:00: _OSC: OS supports [ExtendedConfig ASPM ClockPM Segments MSI]
[STDERR  ] 2018-06-25T19:12:24.428422714Z: [    0.673144] acpi PNP0A08:00: _OSC: OS now controls [PCIeHotplug PME PCIeCapability]
[STDERR  ] 2018-06-25T19:12:24.428462268Z: [    0.676356] PCI host bridge to bus 0000:00
[STDERR  ] 2018-06-25T19:12:24.428494993Z: [    0.676841] pci_bus 0000:00: root bus resource [io  0x0000-0x0cf7 window]
[STDERR  ] 2018-06-25T19:12:24.428523449Z: [    0.677188] pci_bus 0000:00: root bus resource [io  0x0d00-0xffff window]
[STDERR  ] 2018-06-25T19:12:24.428551212Z: [    0.677494] pci_bus 0000:00: root bus resource [mem 0x000a0000-0x000bffff window]
[STDERR  ] 2018-06-25T19:12:24.428585572Z: [    0.677827] pci_bus 0000:00: root bus resource [mem 0xc0000000-0xfebfffff window]
[STDERR  ] 2018-06-25T19:12:24.428630183Z: [    0.678317] pci_bus 0000:00: root bus resource [bus 00-ff]
[STDERR  ] 2018-06-25T19:12:24.428675317Z: [    0.841875] pci 0000:00:1f.0: quirk: [io  0x0600-0x067f] claimed by ICH6 ACPI/GPIO/TCO
[STDERR  ] 2018-06-25T19:12:24.428704846Z: [    0.926655] ACPI: PCI Interrupt Link [LNKA] (IRQs 5 *10 11)
[STDERR  ] 2018-06-25T19:12:24.428732772Z: [    0.928304] ACPI: PCI Interrupt Link [LNKB] (IRQs 5 *10 11)
[STDERR  ] 2018-06-25T19:12:24.428768223Z: [    0.931347] ACPI: PCI Interrupt Link [LNKC] (IRQs 5 10 *11)
[STDERR  ] 2018-06-25T19:12:24.428795598Z: [    0.932931] ACPI: PCI Interrupt Link [LNKD] (IRQs 5 10 *11)
[STDERR  ] 2018-06-25T19:12:24.428828646Z: [    0.934154] ACPI: PCI Interrupt Link [LNKE] (IRQs 5 *10 11)
[STDERR  ] 2018-06-25T19:12:24.428855101Z: [    0.935697] ACPI: PCI Interrupt Link [LNKF] (IRQs 5 *10 11)
[STDERR  ] 2018-06-25T19:12:24.428885345Z: [    0.937225] ACPI: PCI Interrupt Link [LNKG] (IRQs 5 10 *11)
[STDERR  ] 2018-06-25T19:12:24.428911985Z: [    0.938748] ACPI: PCI Interrupt Link [LNKH] (IRQs 5 10 *11)
[STDERR  ] 2018-06-25T19:12:24.428938625Z: [    0.940439] ACPI: PCI Interrupt Link [GSIA] (IRQs *16)
[STDERR  ] 2018-06-25T19:12:24.428971794Z: [    0.940985] ACPI: PCI Interrupt Link [GSIB] (IRQs *17)
[STDERR  ] 2018-06-25T19:12:24.428998871Z: [    0.941515] ACPI: PCI Interrupt Link [GSIC] (IRQs *18)
[STDERR  ] 2018-06-25T19:12:24.429026255Z: [    0.942069] ACPI: PCI Interrupt Link [GSID] (IRQs *19)
[STDERR  ] 2018-06-25T19:12:24.429070247Z: [    0.942596] ACPI: PCI Interrupt Link [GSIE] (IRQs *20)
[STDERR  ] 2018-06-25T19:12:24.429098379Z: [    0.943174] ACPI: PCI Interrupt Link [GSIF] (IRQs *21)
[STDERR  ] 2018-06-25T19:12:24.429130545Z: [    0.943698] ACPI: PCI Interrupt Link [GSIG] (IRQs *22)
[STDERR  ] 2018-06-25T19:12:24.429160251Z: [    0.944148] ACPI: PCI Interrupt Link [GSIH] (IRQs *23)
[STDERR  ] 2018-06-25T19:12:24.429187605Z: [    0.950926] SCSI subsystem initialized
[STDERR  ] 2018-06-25T19:12:24.429220553Z: [    0.953194] ACPI: bus type USB registered
[STDERR  ] 2018-06-25T19:12:24.429251609Z: [    0.954075] usbcore: registered new interface driver usbfs
[STDERR  ] 2018-06-25T19:12:24.429278402Z: [    0.954861] usbcore: registered new interface driver hub
[STDERR  ] 2018-06-25T19:12:24.429306260Z: [    0.955556] usbcore: registered new device driver usb
[STDERR  ] 2018-06-25T19:12:24.429340206Z: [    0.956465] pps_core: LinuxPPS API ver. 1 registered
[STDERR  ] 2018-06-25T19:12:24.429367439Z: [    0.956748] pps_core: Software ver. 5.3.6 - Copyright 2005-2007 Rodolfo Giometti <giometti@linux.it>
[STDERR  ] 2018-06-25T19:12:24.429395871Z: [    0.957353] PTP clock support registered
[STDERR  ] 2018-06-25T19:12:24.429436528Z: [    0.959269] PCI: Using ACPI for IRQ routing
[STDERR  ] 2018-06-25T19:12:24.429466256Z: [    0.972414] NetLabel: Initializing
[STDERR  ] 2018-06-25T19:12:24.429497661Z: [    0.972637] NetLabel:  domain hash size = 128
[STDERR  ] 2018-06-25T19:12:24.429525349Z: [    0.972939] NetLabel:  protocols = UNLABELED CIPSOv4 CALIPSO
[STDERR  ] 2018-06-25T19:12:24.429557977Z: [    0.975084] NetLabel:  unlabeled traffic allowed by default
[STDERR  ] 2018-06-25T19:12:24.429584260Z: [    0.977020] HPET: 3 timers in total, 0 timers will be used for per-cpu timer
[STDERR  ] 2018-06-25T19:12:24.429613149Z: [    0.977757] hpet0: at MMIO 0xfed00000, IRQs 2, 8, 0
[STDERR  ] 2018-06-25T19:12:24.429647135Z: [    0.978096] hpet0: 3 comparators, 64-bit 100.000000 MHz counter
[STDERR  ] 2018-06-25T19:12:24.429680677Z: [    0.983610] clocksource: Switched to clocksource hpet
[STDERR  ] 2018-06-25T19:12:24.429708554Z: [    1.182833] VFS: Disk quotas dquot_6.6.0
[STDERR  ] 2018-06-25T19:12:24.429738399Z: [    1.183488] VFS: Dquot-cache hash table entries: 512 (order 0, 4096 bytes)
[STDERR  ] 2018-06-25T19:12:24.429779178Z: [    1.186780] FS-Cache: Loaded
[STDERR  ] 2018-06-25T19:12:24.429807388Z: [    1.192329] CacheFiles: Loaded
[STDERR  ] 2018-06-25T19:12:24.429840185Z: [    1.194240] pnp: PnP ACPI init
[STDERR  ] 2018-06-25T19:12:24.429874617Z: [    1.202564] pnp: PnP ACPI: found 5 devices
[STDERR  ] 2018-06-25T19:12:24.429906242Z: [    1.233817] clocksource: acpi_pm: mask: 0xffffff max_cycles: 0xffffff, max_idle_ns: 2085701024 ns
[STDERR  ] 2018-06-25T19:12:24.429935467Z: [    1.236921] NET: Registered protocol family 2
[STDERR  ] 2018-06-25T19:12:24.429971737Z: [    1.244194] TCP established hash table entries: 8192 (order: 4, 65536 bytes)
[STDERR  ] 2018-06-25T19:12:24.429999724Z: [    1.244918] TCP bind hash table entries: 8192 (order: 5, 131072 bytes)
[STDERR  ] 2018-06-25T19:12:24.430026924Z: [    1.245851] TCP: Hash tables configured (established 8192 bind 8192)
[STDERR  ] 2018-06-25T19:12:24.430059008Z: [    1.247775] UDP hash table entries: 512 (order: 2, 16384 bytes)
[STDERR  ] 2018-06-25T19:12:24.430088096Z: [    1.248387] UDP-Lite hash table entries: 512 (order: 2, 16384 bytes)
[STDERR  ] 2018-06-25T19:12:24.430122688Z: [    1.250873] NET: Registered protocol family 1
[STDERR  ] 2018-06-25T19:12:24.430159056Z: [    1.251747] pci 0000:00:01.0: Video device with shadowed ROM at [mem 0x000c0000-0x000dffff]
[STDERR  ] 2018-06-25T19:12:24.430188914Z: [    1.256902] Trying to unpack rootfs image as initramfs...
[STDERR  ] 2018-06-25T19:12:24.430217022Z: [    4.403596] Freeing initrd memory: 28144K
[STDERR  ] 2018-06-25T19:12:24.430250662Z: [    4.427006] PCLMULQDQ-NI instructions are not detected.
[STDERR  ] 2018-06-25T19:12:24.430278312Z: [    4.428158] AVX or AES-NI instructions are not detected.
[STDERR  ] 2018-06-25T19:12:24.430305903Z: [    4.428627] CPU feature 'AVX registers' is not supported.
[STDERR  ] 2018-06-25T19:12:24.430333047Z: [    4.428955] CPU feature 'AVX registers' is not supported.
[STDERR  ] 2018-06-25T19:12:24.430367958Z: [    4.429269] CPU feature 'AVX registers' is not supported.
[STDERR  ] 2018-06-25T19:12:24.430395691Z: [    4.429618] CPU feature 'AVX registers' is not supported.
[STDERR  ] 2018-06-25T19:12:24.430428026Z: [    4.429946] AVX2 or AES-NI instructions are not detected.
[STDERR  ] 2018-06-25T19:12:24.430463437Z: [    4.430830] AVX2 instructions are not detected.
[STDERR  ] 2018-06-25T19:12:24.430500400Z: [    4.436308] audit: initializing netlink subsys (disabled)
[STDERR  ] 2018-06-25T19:12:24.430527818Z: [    4.438985] audit: type=2000 audit(1529953923.430:1): state=initialized audit_enabled=0 res=1
[STDERR  ] 2018-06-25T19:12:24.430555468Z: [    4.444461] workingset: timestamp_bits=46 max_order=18 bucket_order=0
[STDERR  ] 2018-06-25T19:12:24.430584212Z: [    4.448276] squashfs: version 4.0 (2009/01/31) Phillip Lougher
[STDERR  ] 2018-06-25T19:12:24.430611404Z: [    4.451366] FS-Cache: Netfs 'cifs' registered for caching
[STDERR  ] 2018-06-25T19:12:24.430646418Z: [    4.452338] fuse init (API version 7.26)
[STDERR  ] 2018-06-25T19:12:24.430673162Z: [    4.454263] SGI XFS with ACLs, security attributes, no debug enabled
[STDERR  ] 2018-06-25T19:12:24.430702057Z: [    4.457440] 9p: Installing v9fs 9p2000 file system support
[STDERR  ] 2018-06-25T19:12:24.430729808Z: [    4.457936] FS-Cache: Netfs '9p' registered for caching
[STDERR  ] 2018-06-25T19:12:24.430760114Z: [    4.486594] NET: Registered protocol family 38
[STDERR  ] 2018-06-25T19:12:24.430789097Z: [    4.487109] Key type asymmetric registered
[STDERR  ] 2018-06-25T19:12:24.430816763Z: [    4.487628] Asymmetric key parser 'x509' registered
[STDERR  ] 2018-06-25T19:12:24.430841429Z: [    4.488533] Block layer SCSI generic (bsg) driver version 0.4 loaded (major 247)
[STDERR  ] 2018-06-25T19:12:24.430869243Z: [    4.490555] io scheduler noop registered
[STDERR  ] 2018-06-25T19:12:24.430904325Z: [    4.490888] io scheduler deadline registered (default)
[STDERR  ] 2018-06-25T19:12:24.430949443Z: [    4.492452] io scheduler cfq registered
[STDERR  ] 2018-06-25T19:12:24.430975760Z: [    4.492700] io scheduler mq-deadline registered
[STDERR  ] 2018-06-25T19:12:24.431005034Z: [    4.492941] io scheduler kyber registered
[STDERR  ] 2018-06-25T19:12:24.431031990Z: [    4.495554] shpchp: Standard Hot Plug PCI Controller Driver version: 0.4
[STDERR  ] 2018-06-25T19:12:24.431059678Z: [    4.496215] hv_vmbus: registering driver hyperv_fb
[STDOUT  ] 2018-06-25T19:12:24.431134382Z: [    0.000000] Linux version 4.14.51-linuxkit (root@d0a5c3056f66) (gcc version 6.4.0 (Alpine 6.4.0)) #1 SMP Fri Jun 22 13:17:09 UTC 2018
[STDOUT  ] 2018-06-25T19:12:24.431191248Z: [    0.000000] Command line: console=ttyS0 console=ttyAMA0
[STDOUT  ] 2018-06-25T19:12:24.431202059Z: [    0.000000] x86/fpu: x87 FPU will use FXSAVE
[STDOUT  ] 2018-06-25T19:12:24.431214050Z: [    0.000000] e820: BIOS-provided physical RAM map:
[STDOUT  ] 2018-06-25T19:12:24.431224691Z: [    0.000000] BIOS-e820: [mem 0x0000000000000000-0x000000000009fbff] usable
[STDOUT  ] 2018-06-25T19:12:24.431234761Z: [    0.000000] BIOS-e820: [mem 0x000000000009fc00-0x000000000009ffff] reserved
[STDOUT  ] 2018-06-25T19:12:24.431243499Z: [    0.000000] BIOS-e820: [mem 0x00000000000f0000-0x00000000000fffff] reserved
[STDOUT  ] 2018-06-25T19:12:24.431257607Z: [    0.000000] BIOS-e820: [mem 0x0000000000100000-0x000000003ffdefff] usable
[STDOUT  ] 2018-06-25T19:12:24.431266435Z: [    0.000000] BIOS-e820: [mem 0x000000003ffdf000-0x000000003fffffff] reserved
[STDOUT  ] 2018-06-25T19:12:24.431274715Z: [    0.000000] BIOS-e820: [mem 0x00000000b0000000-0x00000000bfffffff] reserved
[STDOUT  ] 2018-06-25T19:12:24.431283366Z: [    0.000000] BIOS-e820: [mem 0x00000000fed1c000-0x00000000fed1ffff] reserved
[STDOUT  ] 2018-06-25T19:12:24.431291940Z: [    0.000000] BIOS-e820: [mem 0x00000000fffc0000-0x00000000ffffffff] reserved
[STDOUT  ] 2018-06-25T19:12:24.431300543Z: [    0.000000] NX (Execute Disable) protection: active
[STDOUT  ] 2018-06-25T19:12:24.431309098Z: [    0.000000] SMBIOS 2.8 present.
[STDOUT  ] 2018-06-25T19:12:24.431323258Z: [    0.000000] DMI: QEMU Standard PC (Q35 + ICH9, 2009), BIOS rel-1.10.2-0-g5f4c7b1-prebuilt.qemu-project.org 04/01/2014
[STDOUT  ] 2018-06-25T19:12:24.431334299Z: [    0.000000] tsc: Fast TSC calibration using PIT
[STDOUT  ] 2018-06-25T19:12:24.431342662Z: [    0.000000] e820: last_pfn = 0x3ffdf max_arch_pfn = 0x400000000
[STDOUT  ] 2018-06-25T19:12:24.431356350Z: [    0.000000] x86/PAT: Configuration [0-7]: WB  WC  UC- UC  WB  WP  UC- WT  
[STDOUT  ] 2018-06-25T19:12:24.431365101Z: [    0.000000] found SMP MP-table at [mem 0x000f6aa0-0x000f6aaf] mapped at [ffffffffff200aa0]
[STDOUT  ] 2018-06-25T19:12:24.431373946Z: [    0.000000] RAMDISK: [mem 0x3e454000-0x3ffcffff]
[STDOUT  ] 2018-06-25T19:12:24.431382570Z: [    0.000000] ACPI: Early table checksum verification disabled
[STDOUT  ] 2018-06-25T19:12:24.431391438Z: [    0.000000] ACPI: RSDP 0x00000000000F68B0 000014 (v00 BOCHS )
[STDOUT  ] 2018-06-25T19:12:24.431399944Z: [    0.000000] ACPI: RSDT 0x000000003FFE20A8 000034 (v01 BOCHS  BXPCRSDT 00000001 BXPC 00000001)
[STDOUT  ] 2018-06-25T19:12:24.431408766Z: [    0.000000] ACPI: FACP 0x000000003FFE1EC8 0000F4 (v03 BOCHS  BXPCFACP 00000001 BXPC 00000001)
[STDOUT  ] 2018-06-25T19:12:24.431417809Z: [    0.000000] ACPI: DSDT 0x000000003FFE0040 001E88 (v01 BOCHS  BXPCDSDT 00000001 BXPC 00000001)
[STDOUT  ] 2018-06-25T19:12:24.431426352Z: [    0.000000] ACPI: FACS 0x000000003FFE0000 000040
[STDOUT  ] 2018-06-25T19:12:24.431434856Z: [    0.000000] ACPI: APIC 0x000000003FFE1FBC 000078 (v01 BOCHS  BXPCAPIC 00000001 BXPC 00000001)
[STDOUT  ] 2018-06-25T19:12:24.431443569Z: [    0.000000] ACPI: HPET 0x000000003FFE2034 000038 (v01 BOCHS  BXPCHPET 00000001 BXPC 00000001)
[STDOUT  ] 2018-06-25T19:12:24.431452366Z: [    0.000000] ACPI: MCFG 0x000000003FFE206C 00003C (v01 BOCHS  BXPCMCFG 00000001 BXPC 00000001)
[STDOUT  ] 2018-06-25T19:12:24.431461207Z: [    0.000000] Zone ranges:
[STDOUT  ] 2018-06-25T19:12:24.431469775Z: [    0.000000]   DMA      [mem 0x0000000000001000-0x0000000000ffffff]
[STDOUT  ] 2018-06-25T19:12:24.431478455Z: [    0.000000]   DMA32    [mem 0x0000000001000000-0x000000003ffdefff]
[STDOUT  ] 2018-06-25T19:12:24.431487000Z: [    0.000000]   Normal   empty
[STDOUT  ] 2018-06-25T19:12:24.431495662Z: [    0.000000]   Device   empty
[STDOUT  ] 2018-06-25T19:12:24.431504094Z: [    0.000000] Movable zone start for each node
[STDOUT  ] 2018-06-25T19:12:24.431516152Z: [    0.000000] Early memory node ranges
[STDOUT  ] 2018-06-25T19:12:24.431524774Z: [    0.000000]   node   0: [mem 0x0000000000001000-0x000000000009efff]
[STDOUT  ] 2018-06-25T19:12:24.431533353Z: [    0.000000]   node   0: [mem 0x0000000000100000-0x000000003ffdefff]
[STDOUT  ] 2018-06-25T19:12:24.431541638Z: [    0.000000] Initmem setup node 0 [mem 0x0000000000001000-0x000000003ffdefff]
[STDOUT  ] 2018-06-25T19:12:24.431550222Z: [    0.000000] ACPI: PM-Timer IO Port: 0x608
[STDOUT  ] 2018-06-25T19:12:24.431559083Z: [    0.000000] ACPI: LAPIC_NMI (acpi_id[0xff] dfl dfl lint[0x1])
[STDOUT  ] 2018-06-25T19:12:24.431567600Z: [    0.000000] IOAPIC[0]: apic_id 0, version 32, address 0xfec00000, GSI 0-23
[STDOUT  ] 2018-06-25T19:12:24.431575852Z: [    0.000000] ACPI: INT_SRC_OVR (bus 0 bus_irq 0 global_irq 2 dfl dfl)
[STDOUT  ] 2018-06-25T19:12:24.431586472Z: [    0.000000] ACPI: INT_SRC_OVR (bus 0 bus_irq 5 global_irq 5 high level)
[STDOUT  ] 2018-06-25T19:12:24.431595015Z: [    0.000000] ACPI: INT_SRC_OVR (bus 0 bus_irq 9 global_irq 9 high level)
[STDOUT  ] 2018-06-25T19:12:24.431603526Z: [    0.000000] ACPI: INT_SRC_OVR (bus 0 bus_irq 10 global_irq 10 high level)
[STDOUT  ] 2018-06-25T19:12:24.431612063Z: [    0.000000] ACPI: INT_SRC_OVR (bus 0 bus_irq 11 global_irq 11 high level)
[STDOUT  ] 2018-06-25T19:12:24.431626843Z: [    0.000000] Using ACPI (MADT) for SMP configuration information
[STDOUT  ] 2018-06-25T19:12:24.431635455Z: [    0.000000] ACPI: HPET id: 0x8086a201 base: 0xfed00000
[STDOUT  ] 2018-06-25T19:12:24.431643784Z: [    0.000000] smpboot: Allowing 1 CPUs, 0 hotplug CPUs
[STDOUT  ] 2018-06-25T19:12:24.431652436Z: [    0.000000] e820: [mem 0x40000000-0xafffffff] available for PCI devices
[STDOUT  ] 2018-06-25T19:12:24.431660681Z: [    0.000000] Booting paravirtualized kernel on bare hardware
[STDOUT  ] 2018-06-25T19:12:24.431669378Z: [    0.000000] clocksource: refined-jiffies: mask: 0xffffffff max_cycles: 0xffffffff, max_idle_ns: 19112604462750000 ns
[STDOUT  ] 2018-06-25T19:12:24.431682423Z: [    0.000000] random: get_random_bytes called from start_kernel+0x92/0x4c8 with crng_init=0
[STDOUT  ] 2018-06-25T19:12:24.431726066Z: [    0.000000] setup_percpu: NR_CPUS:128 nr_cpumask_bits:128 nr_cpu_ids:1 nr_node_ids:1
[STDOUT  ] 2018-06-25T19:12:24.431739332Z: [    0.000000] percpu: Embedded 44 pages/cpu @ffff9e8dfe200000 s143256 r8192 d28776 u2097152
[STDOUT  ] 2018-06-25T19:12:24.431748131Z: [    0.000000] Built 1 zonelists, mobility grouping on.  Total pages: 257896
[STDOUT  ] 2018-06-25T19:12:24.431756754Z: [    0.000000] Kernel command line: console=ttyS0 console=ttyAMA0
[STDOUT  ] 2018-06-25T19:12:24.431765203Z: [    0.000000] PID hash table entries: 4096 (order: 3, 32768 bytes)
[STDOUT  ] 2018-06-25T19:12:24.431773825Z: [    0.000000] Dentry cache hash table entries: 131072 (order: 8, 1048576 bytes)
[STDOUT  ] 2018-06-25T19:12:24.431782768Z: [    0.000000] Inode-cache hash table entries: 65536 (order: 7, 524288 bytes)
[STDOUT  ] 2018-06-25T19:12:24.431793773Z: [    0.000000] Memory: 976656K/1048052K available (12300K kernel code, 1459K rwdata, 2992K rodata, 1512K init, 632K bss, 71396K reserved, 0K cma-reserved)
[STDOUT  ] 2018-06-25T19:12:24.431807543Z: [    0.000000] ftrace: allocating 41025 entries in 161 pages
[STDOUT  ] 2018-06-25T19:12:24.431816326Z: [    0.000000] Hierarchical RCU implementation.
[STDOUT  ] 2018-06-25T19:12:24.431824947Z: [    0.000000] 	RCU restricting CPUs from NR_CPUS=128 to nr_cpu_ids=1.
[STDOUT  ] 2018-06-25T19:12:24.431836651Z: [    0.000000] RCU: Adjusting geometry for rcu_fanout_leaf=16, nr_cpu_ids=1
[STDOUT  ] 2018-06-25T19:12:24.431844903Z: [    0.000000] NR_IRQS: 8448, nr_irqs: 256, preallocated irqs: 16
[STDOUT  ] 2018-06-25T19:12:24.431853280Z: [    0.000000] Console: colour VGA+ 80x25
[STDOUT  ] 2018-06-25T19:12:24.431862088Z: [    0.000000] console [ttyS0] enabled
[STDOUT  ] 2018-06-25T19:12:24.431870388Z: [    0.000000] clocksource: hpet: mask: 0xffffffff max_cycles: 0xffffffff, max_idle_ns: 19112604467 ns
[STDOUT  ] 2018-06-25T19:12:24.431879086Z: [    0.000000] tsc: Fast TSC calibration using PIT
[STDOUT  ] 2018-06-25T19:12:24.431891268Z: [    0.000000] tsc: Detected 2599.783 MHz processor
[STDOUT  ] 2018-06-25T19:12:24.431900565Z: [    0.001667] Calibrating delay loop (skipped), value calculated using timer frequency.. 5199.56 BogoMIPS (lpj=25997830)
[STDOUT  ] 2018-06-25T19:12:24.431909352Z: [    0.002123] pid_max: default: 32768 minimum: 301
[STDOUT  ] 2018-06-25T19:12:24.431917989Z: [    0.002888] ACPI: Core revision 20170728
[STDOUT  ] 2018-06-25T19:12:24.431926748Z: [    0.036508] ACPI: 1 ACPI AML tables successfully acquired and loaded
[STDOUT  ] 2018-06-25T19:12:24.431935164Z: [    0.038472] Security Framework initialized
[STDOUT  ] 2018-06-25T19:12:24.431943512Z: [    0.038920] Yama: becoming mindful.
[STDOUT  ] 2018-06-25T19:12:24.431951992Z: [    0.041654] Mount-cache hash table entries: 2048 (order: 2, 16384 bytes)
[STDOUT  ] 2018-06-25T19:12:24.431960282Z: [    0.041883] Mountpoint-cache hash table entries: 2048 (order: 2, 16384 bytes)
[STDOUT  ] 2018-06-25T19:12:24.431968711Z: [    0.058765] Last level iTLB entries: 4KB 0, 2MB 0, 4MB 0
[STDOUT  ] 2018-06-25T19:12:24.431977127Z: [    0.059127] Last level dTLB entries: 4KB 0, 2MB 0, 4MB 0, 1GB 0
[STDOUT  ] 2018-06-25T19:12:24.431985731Z: [    0.059633] Spectre V2 : Spectre mitigation: LFENCE not serializing, switching to generic retpoline
[STDOUT  ] 2018-06-25T19:12:24.431994338Z: [    0.060126] Spectre V2 : Vulnerable: Minimal generic ASM retpoline
[STDOUT  ] 2018-06-25T19:12:24.432003124Z: [    0.060494] Spectre V2 : Spectre v2 mitigation: Filling RSB on context switch
[STDOUT  ] 2018-06-25T19:12:24.432011553Z: [    0.060914] Speculative Store Bypass: Vulnerable
[STDOUT  ] 2018-06-25T19:12:24.432020227Z: [    0.329542] Freeing SMP alternatives memory: 20K
[STDOUT  ] 2018-06-25T19:12:24.432030989Z: [    0.349684] smpboot: Max logical packages: 1
[STDOUT  ] 2018-06-25T19:12:24.432039523Z: [    0.356072] ..TIMER: vector=0x30 apic1=0 pin1=2 apic2=-1 pin2=-1
[STDOUT  ] 2018-06-25T19:12:24.432051351Z: [    0.460000] smpboot: CPU0: AMD QEMU Virtual CPU version 2.5+ (family: 0x6, model: 0x6, stepping: 0x3)
[STDOUT  ] 2018-06-25T19:12:24.432060145Z: [    0.460000] Performance Events: PMU not available due to virtualization, using software events only.
[STDOUT  ] 2018-06-25T19:12:24.432068580Z: [    0.460388] Hierarchical SRCU implementation.
[STDOUT  ] 2018-06-25T19:12:24.432076994Z: [    0.467487] NMI watchdog: Perf event create on CPU 0 failed with -2
[STDOUT  ] 2018-06-25T19:12:24.432087708Z: [    0.467895] NMI watchdog: Perf NMI watchdog permanently disabled
[STDOUT  ] 2018-06-25T19:12:24.432098334Z: [    0.470957] smp: Bringing up secondary CPUs ...
[STDOUT  ] 2018-06-25T19:12:24.432106600Z: [    0.471317] smp: Brought up 1 node, 1 CPU
[STDOUT  ] 2018-06-25T19:12:24.432115240Z: [    0.471640] smpboot: Total of 1 processors activated (5199.56 BogoMIPS)
[STDOUT  ] 2018-06-25T19:12:24.432123646Z: [    0.488073] devtmpfs: initialized
[STDOUT  ] 2018-06-25T19:12:24.432131915Z: [    0.493445] x86/mm: Memory block size: 128MB
[STDOUT  ] 2018-06-25T19:12:24.432140110Z: [    0.499736] evm: security.ima
[STDOUT  ] 2018-06-25T19:12:24.432148639Z: [    0.499871] evm: security.capability
[STDOUT  ] 2018-06-25T19:12:24.432156681Z: [    0.502784] clocksource: jiffies: mask: 0xffffffff max_cycles: 0xffffffff, max_idle_ns: 19112604462750000 ns
[STDOUT  ] 2018-06-25T19:12:24.432165372Z: [    0.503469] futex hash table entries: 256 (order: 2, 16384 bytes)
[STDOUT  ] 2018-06-25T19:12:24.432173939Z: [    0.513222] NET: Registered protocol family 16
[STDOUT  ] 2018-06-25T19:12:24.432182549Z: [    0.518934] cpuidle: using governor ladder
[STDOUT  ] 2018-06-25T19:12:24.432191184Z: [    0.519382] cpuidle: using governor menu
[STDOUT  ] 2018-06-25T19:12:24.432199522Z: [    0.521160] ACPI: bus type PCI registered
[STDOUT  ] 2018-06-25T19:12:24.432207688Z: [    0.523635] PCI: MMCONFIG for domain 0000 [bus 00-ff] at [mem 0xb0000000-0xbfffffff] (base 0xb0000000)
[STDOUT  ] 2018-06-25T19:12:24.432216357Z: [    0.524292] PCI: MMCONFIG at [mem 0xb0000000-0xbfffffff] reserved in E820
[STDOUT  ] 2018-06-25T19:12:24.432229279Z: [    0.525189] PCI: Using configuration type 1 for base access
[STDOUT  ] 2018-06-25T19:12:24.432237816Z: [    0.561351] HugeTLB registered 2.00 MiB page size, pre-allocated 0 pages
[STDOUT  ] 2018-06-25T19:12:24.432246303Z: [    0.571896] ACPI: Added _OSI(Module Device)
[STDOUT  ] 2018-06-25T19:12:24.432254795Z: [    0.572065] ACPI: Added _OSI(Processor Device)
[STDOUT  ] 2018-06-25T19:12:24.432263225Z: [    0.572165] ACPI: Added _OSI(3.0 _SCP Extensions)
[STDOUT  ] 2018-06-25T19:12:24.432271778Z: [    0.572464] ACPI: Added _OSI(Processor Aggregator Device)
[STDOUT  ] 2018-06-25T19:12:24.432280291Z: [    0.616801] ACPI: Interpreter enabled
[STDOUT  ] 2018-06-25T19:12:24.432291343Z: [    0.617575] ACPI: (supports S0 S5)
[STDOUT  ] 2018-06-25T19:12:24.432299711Z: [    0.617896] ACPI: Using IOAPIC for interrupt routing
[STDOUT  ] 2018-06-25T19:12:24.432308040Z: [    0.621819] PCI: Using host bridge windows from ACPI; if necessary, use "pci=nocrs" and report a bug
[STDOUT  ] 2018-06-25T19:12:24.432317012Z: [    0.624491] ACPI: Enabled 1 GPEs in block 00 to 3F
[STDOUT  ] 2018-06-25T19:12:24.432325703Z: [    0.667852] ACPI: PCI Root Bridge [PCI0] (domain 0000 [bus 00-ff])
[STDOUT  ] 2018-06-25T19:12:24.432334267Z: [    0.668864] acpi PNP0A08:00: _OSC: OS supports [ExtendedConfig ASPM ClockPM Segments MSI]
[STDOUT  ] 2018-06-25T19:12:24.432342995Z: [    0.673144] acpi PNP0A08:00: _OSC: OS now controls [PCIeHotplug PME PCIeCapability]
[STDOUT  ] 2018-06-25T19:12:24.432351741Z: [    0.676356] PCI host bridge to bus 0000:00
[STDOUT  ] 2018-06-25T19:12:24.432360554Z: [    0.676841] pci_bus 0000:00: root bus resource [io  0x0000-0x0cf7 window]
[STDOUT  ] 2018-06-25T19:12:24.432368770Z: [    0.677188] pci_bus 0000:00: root bus resource [io  0x0d00-0xffff window]
[STDOUT  ] 2018-06-25T19:12:24.432380234Z: [    0.677494] pci_bus 0000:00: root bus resource [mem 0x000a0000-0x000bffff window]
[STDOUT  ] 2018-06-25T19:12:24.432392640Z: [    0.677827] pci_bus 0000:00: root bus resource [mem 0xc0000000-0xfebfffff window]
[STDOUT  ] 2018-06-25T19:12:24.432401557Z: [    0.678317] pci_bus 0000:00: root bus resource [bus 00-ff]
[STDOUT  ] 2018-06-25T19:12:24.432412028Z: [    0.841875] pci 0000:00:1f.0: quirk: [io  0x0600-0x067f] claimed by ICH6 ACPI/GPIO/TCO
[STDOUT  ] 2018-06-25T19:12:24.432420854Z: [    0.926655] ACPI: PCI Interrupt Link [LNKA] (IRQs 5 *10 11)
[STDOUT  ] 2018-06-25T19:12:24.432429231Z: [    0.928304] ACPI: PCI Interrupt Link [LNKB] (IRQs 5 *10 11)
[STDOUT  ] 2018-06-25T19:12:24.432437429Z: [    0.931347] ACPI: PCI Interrupt Link [LNKC] (IRQs 5 10 *11)
[STDOUT  ] 2018-06-25T19:12:24.432445136Z: [    0.932931] ACPI: PCI Interrupt Link [LNKD] (IRQs 5 10 *11)
[STDOUT  ] 2018-06-25T19:12:24.432452744Z: [    0.934154] ACPI: PCI Interrupt Link [LNKE] (IRQs 5 *10 11)
[STDOUT  ] 2018-06-25T19:12:24.432460078Z: [    0.935697] ACPI: PCI Interrupt Link [LNKF] (IRQs 5 *10 11)
[STDOUT  ] 2018-06-25T19:12:24.432468228Z: [    0.937225] ACPI: PCI Interrupt Link [LNKG] (IRQs 5 10 *11)
[STDOUT  ] 2018-06-25T19:12:24.432476629Z: [    0.938748] ACPI: PCI Interrupt Link [LNKH] (IRQs 5 10 *11)
[STDOUT  ] 2018-06-25T19:12:24.432484203Z: [    0.940439] ACPI: PCI Interrupt Link [GSIA] (IRQs *16)
[STDOUT  ] 2018-06-25T19:12:24.432492517Z: [    0.940985] ACPI: PCI Interrupt Link [GSIB] (IRQs *17)
[STDOUT  ] 2018-06-25T19:12:24.432500875Z: [    0.941515] ACPI: PCI Interrupt Link [GSIC] (IRQs *18)
[STDOUT  ] 2018-06-25T19:12:24.432511496Z: [    0.942069] ACPI: PCI Interrupt Link [GSID] (IRQs *19)
[STDOUT  ] 2018-06-25T19:12:24.432520450Z: [    0.942596] ACPI: PCI Interrupt Link [GSIE] (IRQs *20)
[STDOUT  ] 2018-06-25T19:12:24.432529006Z: [    0.943174] ACPI: PCI Interrupt Link [GSIF] (IRQs *21)
[STDOUT  ] 2018-06-25T19:12:24.432537547Z: [    0.943698] ACPI: PCI Interrupt Link [GSIG] (IRQs *22)
[STDOUT  ] 2018-06-25T19:12:24.432545022Z: [    0.944148] ACPI: PCI Interrupt Link [GSIH] (IRQs *23)
[STDOUT  ] 2018-06-25T19:12:24.432554162Z: [    0.950926] SCSI subsystem initialized
[STDOUT  ] 2018-06-25T19:12:24.432565519Z: [    0.953194] ACPI: bus type USB registered
[STDOUT  ] 2018-06-25T19:12:24.432573662Z: [    0.954075] usbcore: registered new interface driver usbfs
[STDOUT  ] 2018-06-25T19:12:24.432581453Z: [    0.954861] usbcore: registered new interface driver hub
[STDOUT  ] 2018-06-25T19:12:24.432589305Z: [    0.955556] usbcore: registered new device driver usb
[STDOUT  ] 2018-06-25T19:12:24.432596868Z: [    0.956465] pps_core: LinuxPPS API ver. 1 registered
[STDOUT  ] 2018-06-25T19:12:24.432604744Z: [    0.956748] pps_core: Software ver. 5.3.6 - Copyright 2005-2007 Rodolfo Giometti <giometti@linux.it>
[STDOUT  ] 2018-06-25T19:12:24.432612593Z: [    0.957353] PTP clock support registered
[STDOUT  ] 2018-06-25T19:12:24.432627532Z: [    0.959269] PCI: Using ACPI for IRQ routing
[STDOUT  ] 2018-06-25T19:12:24.432638015Z: [    0.972414] NetLabel: Initializing
[STDOUT  ] 2018-06-25T19:12:24.432646319Z: [    0.972637] NetLabel:  domain hash size = 128
[STDOUT  ] 2018-06-25T19:12:24.432653975Z: [    0.972939] NetLabel:  protocols = UNLABELED CIPSOv4 CALIPSO
[STDOUT  ] 2018-06-25T19:12:24.432661686Z: [    0.975084] NetLabel:  unlabeled traffic allowed by default
[STDOUT  ] 2018-06-25T19:12:24.432669395Z: [    0.977020] HPET: 3 timers in total, 0 timers will be used for per-cpu timer
[STDOUT  ] 2018-06-25T19:12:24.432677988Z: [    0.977757] hpet0: at MMIO 0xfed00000, IRQs 2, 8, 0
[STDOUT  ] 2018-06-25T19:12:24.432685215Z: [    0.978096] hpet0: 3 comparators, 64-bit 100.000000 MHz counter
[STDOUT  ] 2018-06-25T19:12:24.432693398Z: [    0.983610] clocksource: Switched to clocksource hpet
[STDOUT  ] 2018-06-25T19:12:24.432701617Z: [    1.182833] VFS: Disk quotas dquot_6.6.0
[STDOUT  ] 2018-06-25T19:12:24.432709882Z: [    1.183488] VFS: Dquot-cache hash table entries: 512 (order 0, 4096 bytes)
[STDOUT  ] 2018-06-25T19:12:24.432717880Z: [    1.186780] FS-Cache: Loaded
[STDOUT  ] 2018-06-25T19:12:24.432726371Z: [    1.192329] CacheFiles: Loaded
[STDOUT  ] 2018-06-25T19:12:24.432739029Z: [    1.194240] pnp: PnP ACPI init
[STDOUT  ] 2018-06-25T19:12:24.432747858Z: [    1.202564] pnp: PnP ACPI: found 5 devices
[STDOUT  ] 2018-06-25T19:12:24.432756185Z: [    1.233817] clocksource: acpi_pm: mask: 0xffffff max_cycles: 0xffffff, max_idle_ns: 2085701024 ns
[STDOUT  ] 2018-06-25T19:12:24.432767479Z: [    1.236921] NET: Registered protocol family 2
[STDOUT  ] 2018-06-25T19:12:24.432775809Z: [    1.244194] TCP established hash table entries: 8192 (order: 4, 65536 bytes)
[STDOUT  ] 2018-06-25T19:12:24.432783745Z: [    1.244918] TCP bind hash table entries: 8192 (order: 5, 131072 bytes)
[STDOUT  ] 2018-06-25T19:12:24.432791738Z: [    1.245851] TCP: Hash tables configured (established 8192 bind 8192)
[STDOUT  ] 2018-06-25T19:12:24.432799818Z: [    1.247775] UDP hash table entries: 512 (order: 2, 16384 bytes)
[STDOUT  ] 2018-06-25T19:12:24.432807717Z: [    1.248387] UDP-Lite hash table entries: 512 (order: 2, 16384 bytes)
[STDOUT  ] 2018-06-25T19:12:24.432815836Z: [    1.250873] NET: Registered protocol family 1
[STDOUT  ] 2018-06-25T19:12:24.432823973Z: [    1.251747] pci 0000:00:01.0: Video device with shadowed ROM at [mem 0x000c0000-0x000dffff]
[STDOUT  ] 2018-06-25T19:12:24.432832076Z: [    1.256902] Trying to unpack rootfs image as initramfs...
[STDOUT  ] 2018-06-25T19:12:24.432840267Z: [    4.403596] Freeing initrd memory: 28144K
[STDOUT  ] 2018-06-25T19:12:24.432851487Z: [    4.427006] PCLMULQDQ-NI instructions are not detected.
[STDOUT  ] 2018-06-25T19:12:24.432859791Z: [    4.428158] AVX or AES-NI instructions are not detected.
[STDOUT  ] 2018-06-25T19:12:24.432870105Z: [    4.428627] CPU feature 'AVX registers' is not supported.
[STDOUT  ] 2018-06-25T19:12:24.432878384Z: [    4.428955] CPU feature 'AVX registers' is not supported.
[STDOUT  ] 2018-06-25T19:12:24.432886473Z: [    4.429269] CPU feature 'AVX registers' is not supported.
[STDOUT  ] 2018-06-25T19:12:24.432894741Z: [    4.429618] CPU feature 'AVX registers' is not supported.
[STDOUT  ] 2018-06-25T19:12:24.432903141Z: [    4.429946] AVX2 or AES-NI instructions are not detected.
[STDOUT  ] 2018-06-25T19:12:24.432915054Z: [    4.430830] AVX2 instructions are not detected.
[STDOUT  ] 2018-06-25T19:12:24.432923253Z: [    4.436308] audit: initializing netlink subsys (disabled)
[STDOUT  ] 2018-06-25T19:12:24.432931510Z: [    4.438985] audit: type=2000 audit(1529953923.430:1): state=initialized audit_enabled=0 res=1
[STDOUT  ] 2018-06-25T19:12:24.432939831Z: [    4.444461] workingset: timestamp_bits=46 max_order=18 bucket_order=0
[STDOUT  ] 2018-06-25T19:12:24.432948413Z: [    4.448276] squashfs: version 4.0 (2009/01/31) Phillip Lougher
[STDOUT  ] 2018-06-25T19:12:24.432956568Z: [    4.451366] FS-Cache: Netfs 'cifs' registered for caching
[STDOUT  ] 2018-06-25T19:12:24.432967137Z: [    4.452338] fuse init (API version 7.26)
[STDOUT  ] 2018-06-25T19:12:24.432975277Z: [    4.454263] SGI XFS with ACLs, security attributes, no debug enabled
[STDOUT  ] 2018-06-25T19:12:24.432985765Z: [    4.457440] 9p: Installing v9fs 9p2000 file system support
[STDOUT  ] 2018-06-25T19:12:24.432993817Z: [    4.457936] FS-Cache: Netfs '9p' registered for caching
[STDOUT  ] 2018-06-25T19:12:24.433001703Z: [    4.486594] NET: Registered protocol family 38
[STDOUT  ] 2018-06-25T19:12:24.433009774Z: [    4.487109] Key type asymmetric registered
[STDOUT  ] 2018-06-25T19:12:24.433017703Z: [    4.487628] Asymmetric key parser 'x509' registered
[STDOUT  ] 2018-06-25T19:12:24.433025777Z: [    4.488533] Block layer SCSI generic (bsg) driver version 0.4 loaded (major 247)
[STDOUT  ] 2018-06-25T19:12:24.433033702Z: [    4.490555] io scheduler noop registered
[STDOUT  ] 2018-06-25T19:12:24.433041733Z: [    4.490888] io scheduler deadline registered (default)
[STDOUT  ] 2018-06-25T19:12:24.433049682Z: [    4.492452] io scheduler cfq registered
[STDOUT  ] 2018-06-25T19:12:24.433057551Z: [    4.492700] io scheduler mq-deadline registered
[STDOUT  ] 2018-06-25T19:12:24.433065423Z: [    4.492941] io scheduler kyber registered
[STDOUT  ] 2018-06-25T19:12:24.433077789Z: [    4.495554] shpchp: Standard Hot Plug PCI Controller Driver version: 0.4
[STDOUT  ] 2018-06-25T19:12:24.433085865Z: [    4.496215] hv_vmbus: registering driver hyperv_fb
[STDOUT  ] 2018-06-25T19:12:24.433093882Z: [    4.499064] input: Power Button as /devices/LNXSYSTM:00/LNXPWRBN:00/input/input0
[STDOUT  ] 2018-06-25T19:12:24.433101864Z: [    4.502321] ACPI: Power Button [PWRF]
[STDOUT  ] 2018-06-25T19:12:24.433109968Z: [    4.514220] ACPI: PCI Interrupt Link [GSIG] enabled at IRQ 22
[STDOUT  ] 2018-06-25T19:12:24.433118286Z: [    4.524310] ACPI: PCI Interrupt Link [GSIH] enabled at IRQ 23
[STDOUT  ] 2018-06-25T19:12:24.433126614Z: [    4.529877] Serial: 8250/16550 driver, 4 ports, IRQ sharing disabled
[STDOUT  ] 2018-06-25T19:12:24.433134600Z: [    4.554731] 00:04: ttyS0 at I/O 0x3f8 (irq = 4, base_baud = 115200) is a 16550A
[STDOUT  ] 2018-06-25T19:12:24.433142572Z: [    4.563882] Non-volatile memory driver v1.3
[STDOUT  ] 2018-06-25T19:12:24.433150656Z: [    4.570284] Hangcheck: starting hangcheck timer 0.9.1 (tick is 180 seconds, margin is 60 seconds).
[STDOUT  ] 2018-06-25T19:12:24.433159164Z: [    4.581023] random: fast init done
[STDOUT  ] 2018-06-25T19:12:24.433167207Z: [    4.582355] random: crng init done
[STDOUT  ] 2018-06-25T19:12:24.433175170Z: [    4.622937] brd: module loaded
[STDOUT  ] 2018-06-25T19:12:24.433183018Z: [    4.646462] loop: module loaded
[STDOUT  ] 2018-06-25T19:12:24.433193456Z: [    4.686610] lpc_ich 0000:00:1f.0: I/O space for GPIO uninitialized
[STDOUT  ] 2018-06-25T19:12:24.433201689Z: [    4.688788] VMware PVSCSI driver - version 1.0.7.0-k
[STDOUT  ] 2018-06-25T19:12:24.433209799Z: [    4.689479] hv_vmbus: registering driver hv_storvsc
[STDOUT  ] 2018-06-25T19:12:24.433217822Z: [    4.696986] ACPI: PCI Interrupt Link [GSIA] enabled at IRQ 16
[STDOUT  ] 2018-06-25T19:12:24.433227813Z: [    4.703384] ahci 0000:00:1f.2: AHCI 0001.0000 32 slots 6 ports 1.5 Gbps 0x3f impl SATA mode
[STDOUT  ] 2018-06-25T19:12:24.433236073Z: [    4.704046] ahci 0000:00:1f.2: flags: 64bit ncq only 
[STDOUT  ] 2018-06-25T19:12:24.433247557Z: [    4.716644] scsi host0: ahci
[STDOUT  ] 2018-06-25T19:12:24.433255682Z: [    4.719303] scsi host1: ahci
[STDOUT  ] 2018-06-25T19:12:24.433263592Z: [    4.720864] scsi host2: ahci
[STDOUT  ] 2018-06-25T19:12:24.433271599Z: [    4.722286] scsi host3: ahci
[STDOUT  ] 2018-06-25T19:12:24.433279539Z: [    4.723881] scsi host4: ahci
[STDOUT  ] 2018-06-25T19:12:24.433287435Z: [    4.725247] scsi host5: ahci
[STDOUT  ] 2018-06-25T19:12:24.433295411Z: [    4.726323] ata1: SATA max UDMA/133 abar m4096@0xfebd2000 port 0xfebd2100 irq 24
[STDOUT  ] 2018-06-25T19:12:24.433303751Z: [    4.726803] ata2: SATA max UDMA/133 abar m4096@0xfebd2000 port 0xfebd2180 irq 24
[STDOUT  ] 2018-06-25T19:12:24.433313499Z: [    4.727098] ata3: SATA max UDMA/133 abar m4096@0xfebd2000 port 0xfebd2200 irq 24
[STDOUT  ] 2018-06-25T19:12:24.433321657Z: [    4.727384] ata4: SATA max UDMA/133 abar m4096@0xfebd2000 port 0xfebd2280 irq 24
[STDOUT  ] 2018-06-25T19:12:24.433329501Z: [    4.727710] ata5: SATA max UDMA/133 abar m4096@0xfebd2000 port 0xfebd2300 irq 24
[STDOUT  ] 2018-06-25T19:12:24.433337511Z: [    4.728003] ata6: SATA max UDMA/133 abar m4096@0xfebd2000 port 0xfebd2380 irq 24
[STDOUT  ] 2018-06-25T19:12:24.433345427Z: [    4.737928] tun: Universal TUN/TAP device driver, 1.6
[STDOUT  ] 2018-06-25T19:12:24.433353559Z: [    4.748628] VMware vmxnet3 virtual NIC driver - version 1.4.a.0-k-NAPI
[STDOUT  ] 2018-06-25T19:12:24.433361653Z: [    4.749550] hv_vmbus: registering driver hv_netvsc
[STDOUT  ] 2018-06-25T19:12:24.433369685Z: [    4.749849] Fusion MPT base driver 3.04.20
[STDOUT  ] 2018-06-25T19:12:24.433377661Z: [    4.749975] Copyright (c) 1999-2008 LSI Corporation
[STDOUT  ] 2018-06-25T19:12:24.433385652Z: [    4.750765] Fusion MPT SPI Host driver 3.04.20
[STDOUT  ] 2018-06-25T19:12:24.433393575Z: [    4.752512] i8042: PNP: PS/2 Controller [PNP0303:KBD,PNP0f13:MOU] at 0x60,0x64 irq 1,12
[STDOUT  ] 2018-06-25T19:12:24.433401656Z: [    4.756539] serio: i8042 KBD port at 0x60,0x64 irq 1
[STDOUT  ] 2018-06-25T19:12:24.433414908Z: [    4.757254] serio: i8042 AUX port at 0x60,0x64 irq 12
[STDOUT  ] 2018-06-25T19:12:24.433425004Z: [    4.759272] hv_vmbus: registering driver hyperv_keyboard
[STDOUT  ] 2018-06-25T19:12:24.433433216Z: [    4.761374] mousedev: PS/2 mouse device common for all mice
[STDOUT  ] 2018-06-25T19:12:24.433441230Z: [    4.765075] input: AT Translated Set 2 keyboard as /devices/platform/i8042/serio0/input/input1
[STDOUT  ] 2018-06-25T19:12:24.433449349Z: [    4.767137] input: PC Speaker as /devices/platform/pcspkr/input/input2
[STDOUT  ] 2018-06-25T19:12:24.433459915Z: [    4.770712] rtc_cmos 00:00: RTC can wake from S4
[STDOUT  ] 2018-06-25T19:12:24.433467926Z: [    4.773478] rtc_cmos 00:00: rtc core: registered rtc_cmos as rtc0
[STDOUT  ] 2018-06-25T19:12:24.433475986Z: [    4.774623] rtc_cmos 00:00: alarms up to one day, y3k, 114 bytes nvram, hpet irqs
[STDOUT  ] 2018-06-25T19:12:24.433483964Z: [    4.775208] i2c /dev entries driver
[STDOUT  ] 2018-06-25T19:12:24.433492748Z: [    4.776982] device-mapper: ioctl: 4.37.0-ioctl (2017-09-20) initialised: dm-devel@redhat.com
[STDOUT  ] 2018-06-25T19:12:24.433500762Z: [    4.780730] usbcore: registered new interface driver usbhid
[STDOUT  ] 2018-06-25T19:12:24.433511597Z: [    4.781128] usbhid: USB HID core driver
[STDOUT  ] 2018-06-25T19:12:24.433519723Z: [    4.781828] hv_utils: Registering HyperV Utility Driver
[STDOUT  ] 2018-06-25T19:12:24.433527829Z: [    4.782112] hv_vmbus: registering driver hv_util
[STDOUT  ] 2018-06-25T19:12:24.433535923Z: [    4.782330] hv_vmbus: registering driver hv_balloon
[STDOUT  ] 2018-06-25T19:12:24.433543898Z: [    4.782790] oprofile: using NMI interrupt.
[STDOUT  ] 2018-06-25T19:12:24.433551952Z: [    4.783748] GACT probability on
[STDOUT  ] 2018-06-25T19:12:24.433560055Z: [    4.784098] Mirror/redirect action on
[STDOUT  ] 2018-06-25T19:12:24.433568877Z: [    4.784626] Simple TC action Loaded
[STDOUT  ] 2018-06-25T19:12:24.433576961Z: [    4.785087] u32 classifier
[STDOUT  ] 2018-06-25T19:12:24.433585108Z: [    4.785231]     Performance counters on
[STDOUT  ] 2018-06-25T19:12:24.433596584Z: [    4.785440]     input device check on
[STDOUT  ] 2018-06-25T19:12:24.433604680Z: [    4.785595]     Actions configured
[STDOUT  ] 2018-06-25T19:12:24.433612774Z: [    4.786172] Netfilter messages via NETLINK v0.30.
[STDOUT  ] 2018-06-25T19:12:24.433626955Z: [    4.786750] nfnl_acct: registering with nfnetlink.
[STDOUT  ] 2018-06-25T19:12:24.433634899Z: [    4.787968] nf_conntrack version 0.5.0 (8192 buckets, 32768 max)
[STDOUT  ] 2018-06-25T19:12:24.433642905Z: [    4.789939] ctnetlink v0.93: registering with nfnetlink.
[STDOUT  ] 2018-06-25T19:12:24.433650759Z: [    4.793259] nf_tables: (c) 2007-2009 Patrick McHardy <kaber@trash.net>
[STDOUT  ] 2018-06-25T19:12:24.433661036Z: [    4.794014] nf_tables_compat: (c) 2012 Pablo Neira Ayuso <pablo@netfilter.org>
[STDOUT  ] 2018-06-25T19:12:24.433669118Z: [    4.796105] xt_time: kernel timezone is -0000
[STDOUT  ] 2018-06-25T19:12:24.433677277Z: [    4.796611] ip_set: protocol 6
[STDOUT  ] 2018-06-25T19:12:24.433685328Z: [    4.797263] IPVS: Registered protocols (TCP, UDP, SCTP, AH, ESP)
[STDOUT  ] 2018-06-25T19:12:24.433693361Z: [    4.797794] IPVS: Connection hash table configured (size=4096, memory=64Kbytes)
[STDOUT  ] 2018-06-25T19:12:24.433701414Z: [    4.801835] IPVS: ipvs loaded.
[STDOUT  ] 2018-06-25T19:12:24.433709395Z: [    4.802101] IPVS: [rr] scheduler registered.
[STDOUT  ] 2018-06-25T19:12:24.433717487Z: [    4.802346] IPVS: [wrr] scheduler registered.
[STDOUT  ] 2018-06-25T19:12:24.433725586Z: [    4.802567] IPVS: [lc] scheduler registered.
[STDOUT  ] 2018-06-25T19:12:24.433781380Z: [    4.802771] IPVS: [wlc] scheduler registered.
[STDOUT  ] 2018-06-25T19:12:24.433789587Z: [    4.802946] IPVS: [fo] scheduler registered.
[STDOUT  ] 2018-06-25T19:12:24.433797579Z: [    4.803176] IPVS: [ovf] scheduler registered.
[STDOUT  ] 2018-06-25T19:12:24.433808153Z: [    4.803545] IPVS: [lblc] scheduler registered.
[STDOUT  ] 2018-06-25T19:12:24.433819748Z: [    4.803860] IPVS: [lblcr] scheduler registered.
[STDOUT  ] 2018-06-25T19:12:24.433827855Z: [    4.804076] IPVS: [dh] scheduler registered.
[STDOUT  ] 2018-06-25T19:12:24.433835924Z: [    4.804290] IPVS: [sh] scheduler registered.
[STDOUT  ] 2018-06-25T19:12:24.433843850Z: [    4.804508] IPVS: [sed] scheduler registered.
[STDOUT  ] 2018-06-25T19:12:24.433851922Z: [    4.804708] IPVS: [nq] scheduler registered.
[STDOUT  ] 2018-06-25T19:12:24.433859923Z: [    4.805369] IPVS: ftp: loaded support on port[0] = 21
[STDOUT  ] 2018-06-25T19:12:24.433868083Z: [    4.806129] ipip: IPv4 and MPLS over IPv4 tunneling driver
[STDOUT  ] 2018-06-25T19:12:24.433883697Z: [    4.809149] gre: GRE over IPv4 demultiplexor driver
[STDOUT  ] 2018-06-25T19:12:24.433895958Z: [    4.812019] ip_tables: (C) 2000-2006 Netfilter Core Team
[STDOUT  ] 2018-06-25T19:12:24.433909523Z: [    4.815339] ipt_CLUSTERIP: ClusterIP Version 0.8 loaded successfully
[STDOUT  ] 2018-06-25T19:12:24.433917630Z: [    4.815892] arp_tables: arp_tables: (C) 2002 David S. Miller
[STDOUT  ] 2018-06-25T19:12:24.433931379Z: [    4.817886] NET: Registered protocol family 10
[STDOUT  ] 2018-06-25T19:12:24.433939316Z: [    4.826923] Segment Routing with IPv6
[STDOUT  ] 2018-06-25T19:12:24.433953673Z: [    4.827782] ip6_tables: (C) 2000-2006 Netfilter Core Team
[STDOUT  ] 2018-06-25T19:12:24.433961870Z: [    4.834782] NET: Registered protocol family 17
[STDOUT  ] 2018-06-25T19:12:24.433969951Z: [    4.835747] Bridge firewalling registered
[STDOUT  ] 2018-06-25T19:12:24.433977985Z: [    4.836241] Ebtables v2.0 registered
[STDOUT  ] 2018-06-25T19:12:24.433986112Z: [    4.838213] 8021q: 802.1Q VLAN Support v1.8
[STDOUT  ] 2018-06-25T19:12:24.433993948Z: [    4.839720] 9pnet: Installing 9P2000 support
[STDOUT  ] 2018-06-25T19:12:24.434002654Z: [    4.841701] Key type dns_resolver registered
[STDOUT  ] 2018-06-25T19:12:24.434010593Z: [    4.843060] sched_clock: Marking stable (4840199800, 0)->(4960209939, -120010139)
[STDOUT  ] 2018-06-25T19:12:24.434018451Z: [    4.846539] registered taskstats version 1
[STDOUT  ] 2018-06-25T19:12:24.434029947Z: [    5.038706] Key type big_key registered
[STDOUT  ] 2018-06-25T19:12:24.434044590Z: [    5.063420] ata3: SATA link up 1.5 Gbps (SStatus 113 SControl 300)
[STDOUT  ] 2018-06-25T19:12:24.434060532Z: [    5.067481] ata2: SATA link down (SStatus 0 SControl 300)
[STDOUT  ] 2018-06-25T19:12:24.434074726Z: [    5.069149] ata1: SATA link down (SStatus 0 SControl 300)
[STDOUT  ] 2018-06-25T19:12:24.434086459Z: [    5.073857] ata3.00: ATAPI: QEMU DVD-ROM, 2.5+, max UDMA/100
[STDOUT  ] 2018-06-25T19:12:24.434098264Z: [    5.074312] ata3.00: applying bridge limits
[STDOUT  ] 2018-06-25T19:12:24.434110602Z: [    5.075718] ata5: SATA link down (SStatus 0 SControl 300)
[STDOUT  ] 2018-06-25T19:12:24.434122073Z: [    5.076043] ata4: SATA link down (SStatus 0 SControl 300)
[STDOUT  ] 2018-06-25T19:12:24.434133473Z: [    5.078527] ata3.00: configured for UDMA/100
[STDOUT  ] 2018-06-25T19:12:24.434145198Z: [    5.083404] ata6: SATA link down (SStatus 0 SControl 300)
[STDOUT  ] 2018-06-25T19:12:24.434163000Z: [    5.091326] scsi 2:0:0:0: CD-ROM            QEMU     QEMU DVD-ROM     2.5+ PQ: 0 ANSI: 5
[STDOUT  ] 2018-06-25T19:12:24.434177924Z: [    5.138276] Key type trusted registered
[STDOUT  ] 2018-06-25T19:12:24.434195358Z: [    5.144023] sr 2:0:0:0: [sr0] scsi3-mmc drive: 4x/4x cd/rw xa/form2 tray
[STDOUT  ] 2018-06-25T19:12:24.434208595Z: [    5.144686] cdrom: Uniform CD-ROM driver Revision: 3.20
[STDOUT  ] 2018-06-25T19:12:24.434216618Z: [    5.153898] sr 2:0:0:0: Attached scsi generic sg0 type 5
[STDOUT  ] 2018-06-25T19:12:24.434231002Z: [    5.215413] Key type encrypted registered
[STDOUT  ] 2018-06-25T19:12:24.434248491Z: [    5.216061] ima: No TPM chip found, activating TPM-bypass! (rc=-19)
[STDOUT  ] 2018-06-25T19:12:24.434261705Z: [    5.216588] ima: Allocated hash algorithm: sha256
[STDOUT  ] 2018-06-25T19:12:24.434275653Z: [    5.219997] evm: HMAC attrs: 0x1
[STDOUT  ] 2018-06-25T19:12:24.434291414Z: [    5.224602] rtc_cmos 00:00: setting system clock to 2018-06-25 19:12:04 UTC (1529953924)
[STDOUT  ] 2018-06-25T19:12:24.434309417Z: [    5.377577] Freeing unused kernel memory: 1512K
[STDOUT  ] 2018-06-25T19:12:24.434324123Z: [    5.390658] Write protecting the kernel read-only data: 18432k
[STDOUT  ] 2018-06-25T19:12:24.434335265Z: [    5.401888] Freeing unused kernel memory: 2024K
[STDOUT  ] 2018-06-25T19:12:24.434353309Z: [    5.431866] Freeing unused kernel memory: 1104K
[STDOUT  ] 2018-06-25T19:12:24.434364907Z: [    5.440729] tsc: Refined TSC clocksource calibration: 2599.782 MHz
[STDOUT  ] 2018-06-25T19:12:24.434379900Z: [    5.441409] clocksource: tsc: mask: 0xffffffffffffffff max_cycles: 0x25796e778d0, max_idle_ns: 440795307221 ns
[STDOUT  ] 2018-06-25T19:12:24.434395337Z: [    6.456404] clocksource: Switched to clocksource tsc
[STDOUT  ] 2018-06-25T19:12:24.434406704Z: 
[STDOUT  ] 2018-06-25T19:12:24.434418885Z: Welcome to LinuxKit
[STDOUT  ] 2018-06-25T19:12:24.434435009Z: 
[STDOUT  ] 2018-06-25T19:12:24.434456562Z:                         ##         .
[STDOUT  ] 2018-06-25T19:12:24.434471828Z:                   ## ## ##        ==
[STDOUT  ] 2018-06-25T19:12:24.434486979Z:                ## ## ## ## ##    ===
[STDOUT  ] 2018-06-25T19:12:24.434498734Z:            /"""""""""""""""""\___/ ===
[STDOUT  ] 2018-06-25T19:12:24.434514047Z:           {                       /  ===-
[STDOUT  ] 2018-06-25T19:12:24.434525508Z:            \______ O           __/
[STDOUT  ] 2018-06-25T19:12:24.434540842Z:              \    \         __/
[STDOUT  ] 2018-06-25T19:12:24.434556280Z:               \____\_______/
[STDOUT  ] 2018-06-25T19:12:24.434568108Z: 
[STDOUT  ] 2018-06-25T19:12:24.434580019Z: sysctl test suite PASSED
[STDOUT  ] 2018-06-25T19:12:24.434587542Z: [   24.092991] ACPI: Preparing to enter system sleep state S5
[STDOUT  ] 2018-06-25T19:12:24.434595697Z: [   24.094564] reboot: Power down
[PASS    ] linuxkit.packages.sysctl 40.30s
[STDERR  ] 2018-06-25T19:12:24.431097848Z: [    4.499064] input: Power Button as /devices/LNXSYSTM:00/LNXPWRBN:00/input/input0
