[INFO    ] 2019-09-23T11:38:02.774685083Z: Running Test linuxkit.kernel.kmod_4.14.x in /tmp/build/test/cases/020_kernel/012_kmod_4.14.x
[INFO    ] 2019-09-23T11:38:02.774992001Z: Running command: [/bin/sh -x /tmp/build/test/cases/020_kernel/012_kmod_4.14.x/test.sh]
[STDERR  ] 2019-09-23T11:38:02.789517708Z: + set -e
[STDERR  ] 2019-09-23T11:38:02.789615472Z: + . /tmp/build/test/cases/_lib/lib.sh
[STDERR  ] 2019-09-23T11:38:02.789634349Z: + [ -f src/github.com/linuxkit/rtf/lib/lib.sh ]
[STDERR  ] 2019-09-23T11:38:02.789648048Z: + LINUXKIT_TMPDIR=/tmp/build/test/cases/_tmp
[STDERR  ] 2019-09-23T11:38:02.789661738Z: + [ -f /tmp/build/test/cases/_tmp/env.sh ]
[STDERR  ] 2019-09-23T11:38:02.789674035Z: + . /tmp/build/test/cases/_tmp/env.sh
[STDERR  ] 2019-09-23T11:38:02.789689930Z: + export LINUXKIT_EXAMPLES_DIR=/tmp/build/test/cases/../../examples
[STDERR  ] 2019-09-23T11:38:02.789709668Z: + RT_CANCEL=253
[STDERR  ] 2019-09-23T11:38:02.789723560Z: + NAME=kmod
[STDERR  ] 2019-09-23T11:38:02.789736783Z: + IMAGE_NAME=kmod-test
[STDERR  ] 2019-09-23T11:38:02.789755307Z: + trap clean_up EXIT
[STDERR  ] 2019-09-23T11:38:02.789768867Z: + docker pull linuxkit/kernel:4.14.142
[STDOUT  ] 2019-09-23T11:38:04.016718104Z: 4.14.142: Pulling from linuxkit/kernel
[STDOUT  ] 2019-09-23T11:38:04.434017575Z: Digest: sha256:f2908008dbec85154ae1d916bc483bf41d2931f242c5b91642e11b60cb52c10a
[STDOUT  ] 2019-09-23T11:38:04.440935436Z: Status: Downloaded newer image for linuxkit/kernel:4.14.142
[STDERR  ] 2019-09-23T11:38:04.442644990Z: + docker build -t kmod-test .
[STDOUT  ] 2019-09-23T11:38:04.524882951Z: Sending build context to Docker daemon  8.704kB
[STDOUT  ] 2019-09-23T11:38:04.671036268Z: Step 1/12 : FROM linuxkit/kernel:4.14.142 AS ksrc
[STDOUT  ] 2019-09-23T11:38:04.671492802Z:  ---> bfe0d39ff841
[STDOUT  ] 2019-09-23T11:38:04.671546721Z: Step 2/12 : FROM linuxkit/alpine:3fdc49366257e53276c6f363956a4353f95d9a81 AS build
[STDOUT  ] 2019-09-23T11:38:04.672087582Z:  ---> 1ef6f4ee4264
[STDOUT  ] 2019-09-23T11:38:04.672110852Z: Step 3/12 : RUN apk add build-base elfutils-dev
[STDOUT  ] 2019-09-23T11:38:04.672505387Z:  ---> Using cache
[STDOUT  ] 2019-09-23T11:38:04.672525399Z:  ---> 2c4d67c327f9
[STDOUT  ] 2019-09-23T11:38:04.672536507Z: Step 4/12 : COPY --from=ksrc /kernel-dev.tar /
[STDOUT  ] 2019-09-23T11:38:05.953643516Z:  ---> f413d9e26736
[STDOUT  ] 2019-09-23T11:38:05.953696159Z: Step 5/12 : RUN tar xf kernel-dev.tar
[STDOUT  ] 2019-09-23T11:38:06.017792686Z:  ---> Running in 2f98d20df45c
[STDOUT  ] 2019-09-23T11:38:12.986506007Z: Removing intermediate container 2f98d20df45c
[STDOUT  ] 2019-09-23T11:38:12.986560594Z:  ---> bd1cef4e114d
[STDOUT  ] 2019-09-23T11:38:12.986568696Z: Step 6/12 : WORKDIR /kmod
[STDOUT  ] 2019-09-23T11:38:13.056855778Z:  ---> Running in 153b3648b7de
[STDOUT  ] 2019-09-23T11:38:13.190363151Z: Removing intermediate container 153b3648b7de
[STDOUT  ] 2019-09-23T11:38:13.190421194Z:  ---> 23a027f22ad4
[STDOUT  ] 2019-09-23T11:38:13.190429625Z: Step 7/12 : COPY ./src/* ./
[STDOUT  ] 2019-09-23T11:38:13.440967862Z:  ---> 334345cc8bb2
[STDOUT  ] 2019-09-23T11:38:13.441035121Z: Step 8/12 : RUN make all
[STDOUT  ] 2019-09-23T11:38:13.504831475Z:  ---> Running in fa362065c971
[STDOUT  ] 2019-09-23T11:38:13.784195261Z: make -C /usr/src/linux-headers-4.14.142-linuxkit M=/kmod modules
[STDOUT  ] 2019-09-23T11:38:13.784273796Z: make[1]: Entering directory '/usr/src/linux-headers-4.14.142-linuxkit'
[STDOUT  ] 2019-09-23T11:38:15.121033767Z:   CC [M]  /kmod/hello_world.o
[STDOUT  ] 2019-09-23T11:38:15.370542110Z:   Building modules, stage 2.
[STDOUT  ] 2019-09-23T11:38:15.378560167Z:   MODPOST 1 modules
[STDOUT  ] 2019-09-23T11:38:15.393607308Z:   CC      /kmod/hello_world.mod.o
[STDOUT  ] 2019-09-23T11:38:15.604259149Z:   LD [M]  /kmod/hello_world.ko
[STDOUT  ] 2019-09-23T11:38:15.607004923Z: make[1]: Leaving directory '/usr/src/linux-headers-4.14.142-linuxkit'
[STDOUT  ] 2019-09-23T11:38:16.019429743Z: Removing intermediate container fa362065c971
[STDOUT  ] 2019-09-23T11:38:16.019482257Z:  ---> 7a023446419a
[STDOUT  ] 2019-09-23T11:38:16.019496184Z: Step 9/12 : FROM alpine:3.9
[STDOUT  ] 2019-09-23T11:38:16.019928562Z:  ---> 055936d39205
[STDOUT  ] 2019-09-23T11:38:16.019953110Z: Step 10/12 : COPY --from=build /kmod/hello_world.ko /
[STDOUT  ] 2019-09-23T11:38:16.225654965Z:  ---> 04a904388ed5
[STDOUT  ] 2019-09-23T11:38:16.225707548Z: Step 11/12 : COPY check.sh /check.sh
[STDOUT  ] 2019-09-23T11:38:16.405023661Z:  ---> 75e3341fd41a
[STDOUT  ] 2019-09-23T11:38:16.405076985Z: Step 12/12 : ENTRYPOINT ["/bin/sh", "/check.sh"]
[STDOUT  ] 2019-09-23T11:38:16.461600177Z:  ---> Running in 67f2e90fafb5
[STDOUT  ] 2019-09-23T11:38:16.571399269Z: Removing intermediate container 67f2e90fafb5
[STDOUT  ] 2019-09-23T11:38:16.571457987Z:  ---> a2c62399a9ae
[STDOUT  ] 2019-09-23T11:38:16.571568014Z: Successfully built a2c62399a9ae
[STDOUT  ] 2019-09-23T11:38:16.578838389Z: Successfully tagged kmod-test:latest
[STDERR  ] 2019-09-23T11:38:16.580705846Z: + linuxkit build -format kernel+initrd -name kmod test.yml
[STDERR  ] 2019-09-23T11:38:16.614825354Z: Extract kernel image: linuxkit/kernel:4.14.142
[STDERR  ] 2019-09-23T11:38:18.559844202Z: Add init containers:
[STDERR  ] 2019-09-23T11:38:18.559915670Z: Process init image: linuxkit/init:1d8e0532ca588c5ad0d9ca6038349a70bb7ac626
[STDERR  ] 2019-09-23T11:38:19.768232995Z: Process init image: linuxkit/runc:c1f0db27e71d948f3134b31ce76276f843849b0a
[STDERR  ] 2019-09-23T11:38:20.904309838Z: Add onboot containers:
[STDERR  ] 2019-09-23T11:38:20.904383395Z:   Create OCI config for kmod-test
[STDERR  ] 2019-09-23T11:38:21.084004581Z:   Create OCI config for linuxkit/poweroff:b498d30dd9660090565537fceb9e757618737a85
[STDERR  ] 2019-09-23T11:38:22.262845993Z: Create outputs:
[STDERR  ] 2019-09-23T11:38:28.151410089Z:   kmod-kernel kmod-initrd.img kmod-cmdline
[STDERR  ] 2019-09-23T11:38:28.217983741Z: + linuxkit run kmod
[STDERR  ] 2019-09-23T11:38:35.851138124Z: + RESULT=[    0.000000] Linux version 4.14.142-linuxkit (root@b1cc5ffa592b) (gcc version 8.3.0 (Alpine 8.3.0)) #1 SMP Tue Sep 17 22:06:26 UTC 2019
[STDERR  ] 2019-09-23T11:38:35.851214739Z: [    0.000000] Command line: console=ttyS0 console=ttyAMA0
[STDERR  ] 2019-09-23T11:38:35.851229883Z: [    0.000000] x86/fpu: x87 FPU will use FXSAVE
[STDERR  ] 2019-09-23T11:38:35.851243831Z: [    0.000000] e820: BIOS-provided physical RAM map:
[STDERR  ] 2019-09-23T11:38:35.851257760Z: [    0.000000] BIOS-e820: [mem 0x0000000000000000-0x000000000009fbff] usable
[STDERR  ] 2019-09-23T11:38:35.851271850Z: [    0.000000] BIOS-e820: [mem 0x000000000009fc00-0x000000000009ffff] reserved
[STDERR  ] 2019-09-23T11:38:35.851283701Z: [    0.000000] BIOS-e820: [mem 0x00000000000f0000-0x00000000000fffff] reserved
[STDERR  ] 2019-09-23T11:38:35.851296654Z: [    0.000000] BIOS-e820: [mem 0x0000000000100000-0x000000003ffdefff] usable
[STDERR  ] 2019-09-23T11:38:35.851308606Z: [    0.000000] BIOS-e820: [mem 0x000000003ffdf000-0x000000003fffffff] reserved
[STDERR  ] 2019-09-23T11:38:35.851325417Z: [    0.000000] BIOS-e820: [mem 0x00000000b0000000-0x00000000bfffffff] reserved
[STDERR  ] 2019-09-23T11:38:35.851345878Z: [    0.000000] BIOS-e820: [mem 0x00000000fed1c000-0x00000000fed1ffff] reserved
[STDERR  ] 2019-09-23T11:38:35.851359585Z: [    0.000000] BIOS-e820: [mem 0x00000000feffc000-0x00000000feffffff] reserved
[STDERR  ] 2019-09-23T11:38:35.851372942Z: [    0.000000] BIOS-e820: [mem 0x00000000fffc0000-0x00000000ffffffff] reserved
[STDERR  ] 2019-09-23T11:38:35.851386315Z: [    0.000000] NX (Execute Disable) protection: active
[STDERR  ] 2019-09-23T11:38:35.851399592Z: [    0.000000] SMBIOS 2.8 present.
[STDERR  ] 2019-09-23T11:38:35.851412811Z: [    0.000000] DMI: QEMU Standard PC (Q35 + ICH9, 2009), BIOS 1.10.2-1 04/01/2014
[STDERR  ] 2019-09-23T11:38:35.851425392Z: [    0.000000] Hypervisor detected: KVM
[STDERR  ] 2019-09-23T11:38:35.851438669Z: [    0.000000] tsc: Fast TSC calibration failed
[STDERR  ] 2019-09-23T11:38:35.851454156Z: [    0.000000] tsc: Unable to calibrate against PIT
[STDERR  ] 2019-09-23T11:38:35.851467030Z: [    0.000000] tsc: No reference (HPET/PMTIMER) available
[STDERR  ] 2019-09-23T11:38:35.851490497Z: [    0.000000] e820: last_pfn = 0x3ffdf max_arch_pfn = 0x400000000
[STDERR  ] 2019-09-23T11:38:35.851504483Z: [    0.000000] x86/PAT: PAT not supported by CPU.
[STDERR  ] 2019-09-23T11:38:35.851519651Z: [    0.000000] x86/PAT: Configuration [0-7]: WB  WT  UC- UC  WB  WT  UC- UC  
[STDERR  ] 2019-09-23T11:38:35.851532088Z: [    0.000000] found SMP MP-table at [mem 0x000f6a90-0x000f6a9f]
[STDERR  ] 2019-09-23T11:38:35.851545498Z: [    0.000000] RAMDISK: [mem 0x3deb8000-0x3ffcffff]
[STDERR  ] 2019-09-23T11:38:35.851558186Z: [    0.000000] ACPI: Early table checksum verification disabled
[STDERR  ] 2019-09-23T11:38:35.851571062Z: [    0.000000] ACPI: RSDP 0x00000000000F68D0 000014 (v00 BOCHS )
[STDERR  ] 2019-09-23T11:38:35.851586922Z: [    0.000000] ACPI: RSDT 0x000000003FFE2404 000034 (v01 BOCHS  BXPCRSDT 00000001 BXPC 00000001)
[STDERR  ] 2019-09-23T11:38:35.851600763Z: [    0.000000] ACPI: FACP 0x000000003FFE22A4 000074 (v01 BOCHS  BXPCFACP 00000001 BXPC 00000001)
[STDERR  ] 2019-09-23T11:38:35.851613594Z: [    0.000000] ACPI: DSDT 0x000000003FFE0040 002264 (v01 BOCHS  BXPCDSDT 00000001 BXPC 00000001)
[STDERR  ] 2019-09-23T11:38:35.851628483Z: [    0.000000] ACPI: FACS 0x000000003FFE0000 000040
[STDERR  ] 2019-09-23T11:38:35.851640938Z: [    0.000000] ACPI: APIC 0x000000003FFE2318 000078 (v01 BOCHS  BXPCAPIC 00000001 BXPC 00000001)
[STDERR  ] 2019-09-23T11:38:35.851654137Z: [    0.000000] ACPI: HPET 0x000000003FFE2390 000038 (v01 BOCHS  BXPCHPET 00000001 BXPC 00000001)
[STDERR  ] 2019-09-23T11:38:35.851673555Z: [    0.000000] ACPI: MCFG 0x000000003FFE23C8 00003C (v01 BOCHS  BXPCMCFG 00000001 BXPC 00000001)
[STDERR  ] 2019-09-23T11:38:35.851685579Z: [    0.000000] kvm-clock: Using msrs 4b564d01 and 4b564d00
[STDERR  ] 2019-09-23T11:38:35.851698910Z: [    0.000000] kvm-clock: cpu 0, msr 0:3ffdd001, primary cpu clock
[STDERR  ] 2019-09-23T11:38:35.851715219Z: [    0.000000] clocksource: kvm-clock: mask: 0xffffffffffffffff max_cycles: 0x1cd42e4dffb, max_idle_ns: 881590591483 ns
[STDERR  ] 2019-09-23T11:38:35.851731051Z: [    0.000000] Zone ranges:
[STDERR  ] 2019-09-23T11:38:35.851742601Z: [    0.000000]   DMA      [mem 0x0000000000001000-0x0000000000ffffff]
[STDERR  ] 2019-09-23T11:38:35.851754710Z: [    0.000000]   DMA32    [mem 0x0000000001000000-0x000000003ffdefff]
[STDERR  ] 2019-09-23T11:38:35.851767281Z: [    0.000000]   Normal   empty
[STDERR  ] 2019-09-23T11:38:35.851779944Z: [    0.000000]   Device   empty
[STDERR  ] 2019-09-23T11:38:35.851792289Z: [    0.000000] Movable zone start for each node
[STDERR  ] 2019-09-23T11:38:35.851804678Z: [    0.000000] Early memory node ranges
[STDERR  ] 2019-09-23T11:38:35.851817707Z: [    0.000000]   node   0: [mem 0x0000000000001000-0x000000000009efff]
[STDERR  ] 2019-09-23T11:38:35.851833465Z: [    0.000000]   node   0: [mem 0x0000000000100000-0x000000003ffdefff]
[STDERR  ] 2019-09-23T11:38:35.851846439Z: [    0.000000] Initmem setup node 0 [mem 0x0000000000001000-0x000000003ffdefff]
[STDERR  ] 2019-09-23T11:38:35.851861866Z: [    0.000000] ACPI: PM-Timer IO Port: 0x608
[STDERR  ] 2019-09-23T11:38:35.851874786Z: [    0.000000] ACPI: LAPIC_NMI (acpi_id[0xff] dfl dfl lint[0x1])
[STDERR  ] 2019-09-23T11:38:35.851886961Z: [    0.000000] IOAPIC[0]: apic_id 0, version 17, address 0xfec00000, GSI 0-23
[STDERR  ] 2019-09-23T11:38:35.851899267Z: [    0.000000] ACPI: INT_SRC_OVR (bus 0 bus_irq 0 global_irq 2 dfl dfl)
[STDERR  ] 2019-09-23T11:38:35.851911347Z: [    0.000000] ACPI: INT_SRC_OVR (bus 0 bus_irq 5 global_irq 5 high level)
[STDERR  ] 2019-09-23T11:38:35.851923843Z: [    0.000000] ACPI: INT_SRC_OVR (bus 0 bus_irq 9 global_irq 9 high level)
[STDERR  ] 2019-09-23T11:38:35.851936370Z: [    0.000000] ACPI: INT_SRC_OVR (bus 0 bus_irq 10 global_irq 10 high level)
[STDERR  ] 2019-09-23T11:38:35.851949467Z: [    0.000000] ACPI: INT_SRC_OVR (bus 0 bus_irq 11 global_irq 11 high level)
[STDERR  ] 2019-09-23T11:38:35.851962174Z: [    0.000000] Using ACPI (MADT) for SMP configuration information
[STDERR  ] 2019-09-23T11:38:35.851974172Z: [    0.000000] ACPI: HPET id: 0x8086a201 base: 0xfed00000
[STDERR  ] 2019-09-23T11:38:35.851991904Z: [    0.000000] smpboot: Allowing 1 CPUs, 0 hotplug CPUs
[STDERR  ] 2019-09-23T11:38:35.852004179Z: [    0.000000] e820: [mem 0x40000000-0xafffffff] available for PCI devices
[STDERR  ] 2019-09-23T11:38:35.852016321Z: [    0.000000] Booting paravirtualized kernel on KVM
[STDERR  ] 2019-09-23T11:38:35.852028574Z: [    0.000000] clocksource: refined-jiffies: mask: 0xffffffff max_cycles: 0xffffffff, max_idle_ns: 1910969940391419 ns
[STDERR  ] 2019-09-23T11:38:35.852041357Z: [    0.000000] random: get_random_bytes called from start_kernel+0x91/0x4b2 with crng_init=0
[STDERR  ] 2019-09-23T11:38:35.852054285Z: [    0.000000] setup_percpu: NR_CPUS:128 nr_cpumask_bits:128 nr_cpu_ids:1 nr_node_ids:1
[STDERR  ] 2019-09-23T11:38:35.852069686Z: [    0.000000] percpu: Embedded 45 pages/cpu s144216 r8192 d31912 u2097152
[STDERR  ] 2019-09-23T11:38:35.852081970Z: [    0.000000] KVM setup async PF for cpu 0
[STDERR  ] 2019-09-23T11:38:35.852111033Z: [    0.000000] kvm-stealtime: cpu 0, msr 3dc15f40
[STDERR  ] 2019-09-23T11:38:35.852123321Z: [    0.000000] Built 1 zonelists, mobility grouping on.  Total pages: 257896
[STDERR  ] 2019-09-23T11:38:35.852137087Z: [    0.000000] Kernel command line: console=ttyS0 console=ttyAMA0
[STDERR  ] 2019-09-23T11:38:35.852149413Z: [    0.000000] PID hash table entries: 4096 (order: 3, 32768 bytes)
[STDERR  ] 2019-09-23T11:38:35.852161827Z: [    0.000000] Dentry cache hash table entries: 131072 (order: 8, 1048576 bytes)
[STDERR  ] 2019-09-23T11:38:35.852182266Z: [    0.000000] Inode-cache hash table entries: 65536 (order: 7, 524288 bytes)
[STDERR  ] 2019-09-23T11:38:35.852195229Z: [    0.000000] Memory: 971004K/1048052K available (12300K kernel code, 1451K rwdata, 2928K rodata, 1532K init, 576K bss, 77048K reserved, 0K cma-reserved)
[STDERR  ] 2019-09-23T11:38:35.852212569Z: [    0.000000] Kernel/User page tables isolation: enabled
[STDERR  ] 2019-09-23T11:38:35.852224902Z: [    0.000000] ftrace: allocating 40608 entries in 159 pages
[STDERR  ] 2019-09-23T11:38:35.852236991Z: [    0.001000] Hierarchical RCU implementation.
[STDERR  ] 2019-09-23T11:38:35.852249312Z: [    0.001000] 	RCU restricting CPUs from NR_CPUS=128 to nr_cpu_ids=1.
[STDERR  ] 2019-09-23T11:38:35.852261251Z: [    0.001000] RCU: Adjusting geometry for rcu_fanout_leaf=16, nr_cpu_ids=1
[STDERR  ] 2019-09-23T11:38:35.852273431Z: [    0.001000] NR_IRQS: 8448, nr_irqs: 256, preallocated irqs: 16
[STDERR  ] 2019-09-23T11:38:35.852285476Z: [    0.001000] Console: colour VGA+ 80x25
[STDERR  ] 2019-09-23T11:38:35.852297528Z: [    0.001000] console [ttyS0] enabled
[STDERR  ] 2019-09-23T11:38:35.852312096Z: [    0.001000] clocksource: hpet: mask: 0xffffffff max_cycles: 0xffffffff, max_idle_ns: 19112604467 ns
[STDERR  ] 2019-09-23T11:38:35.852324746Z: [    0.001024] tsc: Detected 2299.800 MHz processor
[STDERR  ] 2019-09-23T11:38:35.852336448Z: [    0.002037] Calibrating delay loop (skipped) preset value.. 4599.60 BogoMIPS (lpj=2299800)
[STDERR  ] 2019-09-23T11:38:35.852359023Z: [    0.004023] pid_max: default: 32768 minimum: 301
[STDERR  ] 2019-09-23T11:38:35.852370874Z: [    0.005046] ACPI: Core revision 20170728
[STDERR  ] 2019-09-23T11:38:35.852384785Z: [    0.007545] ACPI: 1 ACPI AML tables successfully acquired and loaded
[STDERR  ] 2019-09-23T11:38:35.852396650Z: [    0.008106] Security Framework initialized
[STDERR  ] 2019-09-23T11:38:35.852409747Z: [    0.009024] Yama: becoming mindful.
[STDERR  ] 2019-09-23T11:38:35.852422153Z: [    0.010072] Mount-cache hash table entries: 2048 (order: 2, 16384 bytes)
[STDERR  ] 2019-09-23T11:38:35.852434175Z: [    0.011028] Mountpoint-cache hash table entries: 2048 (order: 2, 16384 bytes)
[STDERR  ] 2019-09-23T11:38:35.852446630Z: [    0.014061] Last level iTLB entries: 4KB 0, 2MB 0, 4MB 0
[STDERR  ] 2019-09-23T11:38:35.852458927Z: [    0.015025] Last level dTLB entries: 4KB 0, 2MB 0, 4MB 0, 1GB 0
[STDERR  ] 2019-09-23T11:38:35.852472389Z: [    0.016025] Spectre V1 : Mitigation: usercopy/swapgs barriers and __user pointer sanitization
[STDERR  ] 2019-09-23T11:38:35.852490144Z: [    0.017024] Spectre V2 : Mitigation: Full generic retpoline
[STDERR  ] 2019-09-23T11:38:35.852504959Z: [    0.018022] Spectre V2 : Spectre v2 / SpectreRSB mitigation: Filling RSB on context switch
[STDERR  ] 2019-09-23T11:38:35.852517463Z: [    0.019022] Speculative Store Bypass: Vulnerable
[STDERR  ] 2019-09-23T11:38:35.852530584Z: [    0.020039] MDS: Vulnerable: Clear CPU buffers attempted, no microcode
[STDERR  ] 2019-09-23T11:38:35.852542239Z: [    0.030305] Freeing SMP alternatives memory: 20K
[STDERR  ] 2019-09-23T11:38:35.852554466Z: [    0.032199] smpboot: Max logical packages: 1
[STDERR  ] 2019-09-23T11:38:35.852566716Z: [    0.035323] x2apic enabled
[STDERR  ] 2019-09-23T11:38:35.852579328Z: [    0.036024] Switched APIC routing to physical x2apic.
[STDERR  ] 2019-09-23T11:38:35.852591776Z: [    0.047000] ..TIMER: vector=0x30 apic1=0 pin1=2 apic2=-1 pin2=-1
[STDERR  ] 2019-09-23T11:38:35.852604084Z: [    0.149254] smpboot: CPU0: Intel QEMU Virtual CPU version 2.5+ (family: 0x6, model: 0x6, stepping: 0x3)
[STDERR  ] 2019-09-23T11:38:35.852624150Z: [    0.150130] Performance Events: PMU not available due to virtualization, using software events only.
[STDERR  ] 2019-09-23T11:38:35.852637031Z: [    0.152340] Hierarchical SRCU implementation.
[STDERR  ] 2019-09-23T11:38:35.852649520Z: [    0.154020] NMI watchdog: Perf event create on CPU 0 failed with -2
[STDERR  ] 2019-09-23T11:38:35.852661850Z: [    0.155009] NMI watchdog: Perf NMI watchdog permanently disabled
[STDERR  ] 2019-09-23T11:38:35.852682232Z: [    0.156085] smp: Bringing up secondary CPUs ...
[STDERR  ] 2019-09-23T11:38:35.852694598Z: [    0.157009] smp: Brought up 1 node, 1 CPU
[STDERR  ] 2019-09-23T11:38:35.852707619Z: [    0.158009] smpboot: Total of 1 processors activated (4599.60 BogoMIPS)
[STDERR  ] 2019-09-23T11:38:35.852719559Z: [    0.161154] devtmpfs: initialized
[STDERR  ] 2019-09-23T11:38:35.852735350Z: [    0.162071] x86/mm: Memory block size: 128MB
[STDERR  ] 2019-09-23T11:38:35.852747317Z: [    0.163210] evm: security.ima
[STDERR  ] 2019-09-23T11:38:35.852759667Z: [    0.164006] evm: security.capability
[STDERR  ] 2019-09-23T11:38:35.852773622Z: [    0.165196] clocksource: jiffies: mask: 0xffffffff max_cycles: 0xffffffff, max_idle_ns: 1911260446275000 ns
[STDERR  ] 2019-09-23T11:38:35.852786242Z: [    0.166017] futex hash table entries: 256 (order: 2, 16384 bytes)
[STDERR  ] 2019-09-23T11:38:35.852798838Z: [    0.167237] NET: Registered protocol family 16
[STDERR  ] 2019-09-23T11:38:35.852810737Z: [    0.168199] cpuidle: using governor ladder
[STDERR  ] 2019-09-23T11:38:35.852821885Z: [    0.169008] cpuidle: using governor menu
[STDERR  ] 2019-09-23T11:38:35.852833223Z: [    0.170121] ACPI: bus type PCI registered
[STDERR  ] 2019-09-23T11:38:35.852845697Z: [    0.171007] acpiphp: ACPI Hot Plug PCI Controller Driver version: 0.5
[STDERR  ] 2019-09-23T11:38:35.852857154Z: [    0.172470] PCI: MMCONFIG for domain 0000 [bus 00-ff] at [mem 0xb0000000-0xbfffffff] (base 0xb0000000)
[STDERR  ] 2019-09-23T11:38:35.852868848Z: [    0.173015] PCI: MMCONFIG at [mem 0xb0000000-0xbfffffff] reserved in E820
[STDERR  ] 2019-09-23T11:38:35.852882779Z: [    0.174028] PCI: Using configuration type 1 for base access
[STDERR  ] 2019-09-23T11:38:35.852894218Z: [    0.177764] HugeTLB registered 2.00 MiB page size, pre-allocated 0 pages
[STDERR  ] 2019-09-23T11:38:35.852906869Z: [    0.179307] ACPI: Added _OSI(Module Device)
[STDERR  ] 2019-09-23T11:38:35.852919472Z: [    0.180018] ACPI: Added _OSI(Processor Device)
[STDERR  ] 2019-09-23T11:38:35.852931471Z: [    0.181004] ACPI: Added _OSI(3.0 _SCP Extensions)
[STDERR  ] 2019-09-23T11:38:35.852944159Z: [    0.182008] ACPI: Added _OSI(Processor Aggregator Device)
[STDERR  ] 2019-09-23T11:38:35.852956667Z: [    0.187183] ACPI: Interpreter enabled
[STDERR  ] 2019-09-23T11:38:35.852969608Z: [    0.188016] ACPI: (supports S0 S5)
[STDERR  ] 2019-09-23T11:38:35.852981420Z: [    0.189006] ACPI: Using IOAPIC for interrupt routing
[STDERR  ] 2019-09-23T11:38:35.852993266Z: [    0.190078] PCI: Using host bridge windows from ACPI; if necessary, use "pci=nocrs" and report a bug
[STDERR  ] 2019-09-23T11:38:35.853009956Z: [    0.191389] ACPI: Enabled 2 GPEs in block 00 to 3F
[STDERR  ] 2019-09-23T11:38:35.853021934Z: [    0.196206] ACPI: PCI Root Bridge [PCI0] (domain 0000 [bus 00-ff])
[STDERR  ] 2019-09-23T11:38:35.853034014Z: [    0.198011] acpi PNP0A08:00: _OSC: OS supports [ExtendedConfig ASPM ClockPM Segments MSI]
[STDERR  ] 2019-09-23T11:38:35.853046284Z: [    0.199144] acpi PNP0A08:00: _OSC: OS now controls [PCIeHotplug PME PCIeCapability]
[STDERR  ] 2019-09-23T11:38:35.853058425Z: [    0.200439] PCI host bridge to bus 0000:00
[STDERR  ] 2019-09-23T11:38:35.853070423Z: [    0.201016] pci_bus 0000:00: root bus resource [io  0x0000-0x0cf7 window]
[STDERR  ] 2019-09-23T11:38:35.853082564Z: [    0.202015] pci_bus 0000:00: root bus resource [io  0x0d00-0xffff window]
[STDERR  ] 2019-09-23T11:38:35.853096555Z: [    0.203014] pci_bus 0000:00: root bus resource [mem 0x000a0000-0x000bffff window]
[STDERR  ] 2019-09-23T11:38:35.853108627Z: [    0.204014] pci_bus 0000:00: root bus resource [mem 0xc0000000-0xfebfffff window]
[STDERR  ] 2019-09-23T11:38:35.853120514Z: [    0.205016] pci_bus 0000:00: root bus resource [bus 00-ff]
[STDERR  ] 2019-09-23T11:38:35.853132654Z: [    0.267649] pci 0000:00:1f.0: quirk: [io  0x0600-0x067f] claimed by ICH6 ACPI/GPIO/TCO
[STDERR  ] 2019-09-23T11:38:35.853145816Z: [    0.292190] ACPI: PCI Interrupt Link [LNKA] (IRQs 5 *10 11)
[STDERR  ] 2019-09-23T11:38:35.853161530Z: [    0.293299] ACPI: PCI Interrupt Link [LNKB] (IRQs 5 *10 11)
[STDERR  ] 2019-09-23T11:38:35.853173291Z: [    0.295021] ACPI: PCI Interrupt Link [LNKC] (IRQs 5 10 *11)
[STDERR  ] 2019-09-23T11:38:35.853188196Z: [    0.297226] ACPI: PCI Interrupt Link [LNKD] (IRQs 5 10 *11)
[STDERR  ] 2019-09-23T11:38:35.853201434Z: [    0.298292] ACPI: PCI Interrupt Link [LNKE] (IRQs 5 *10 11)
[STDERR  ] 2019-09-23T11:38:35.853214034Z: [    0.299309] ACPI: PCI Interrupt Link [LNKF] (IRQs 5 *10 11)
[STDERR  ] 2019-09-23T11:38:35.853226815Z: [    0.301022] ACPI: PCI Interrupt Link [LNKG] (IRQs 5 10 *11)
[STDERR  ] 2019-09-23T11:38:35.853238495Z: [    0.302311] ACPI: PCI Interrupt Link [LNKH] (IRQs 5 10 *11)
[STDERR  ] 2019-09-23T11:38:35.853250627Z: [    0.303170] ACPI: PCI Interrupt Link [GSIA] (IRQs *16)
[STDERR  ] 2019-09-23T11:38:35.853262720Z: [    0.304041] ACPI: PCI Interrupt Link [GSIB] (IRQs *17)
[STDERR  ] 2019-09-23T11:38:35.853274734Z: [    0.305036] ACPI: PCI Interrupt Link [GSIC] (IRQs *18)
[STDERR  ] 2019-09-23T11:38:35.853286867Z: [    0.307029] ACPI: PCI Interrupt Link [GSID] (IRQs *19)
[STDERR  ] 2019-09-23T11:38:35.853299048Z: [    0.308040] ACPI: PCI Interrupt Link [GSIE] (IRQs *20)
[STDERR  ] 2019-09-23T11:38:35.853311547Z: [    0.309025] ACPI: PCI Interrupt Link [GSIF] (IRQs *21)
[STDERR  ] 2019-09-23T11:38:35.853323598Z: [    0.310024] ACPI: PCI Interrupt Link [GSIG] (IRQs *22)
[STDERR  ] 2019-09-23T11:38:35.853344970Z: [    0.311020] ACPI: PCI Interrupt Link [GSIH] (IRQs *23)
[STDERR  ] 2019-09-23T11:38:35.853357741Z: [    0.313361] SCSI subsystem initialized
[STDERR  ] 2019-09-23T11:38:35.853369275Z: [    0.314113] ACPI: bus type USB registered
[STDERR  ] 2019-09-23T11:38:35.853381061Z: [    0.315038] usbcore: registered new interface driver usbfs
[STDERR  ] 2019-09-23T11:38:35.853392743Z: [    0.316029] usbcore: registered new interface driver hub
[STDERR  ] 2019-09-23T11:38:35.853404634Z: [    0.317037] usbcore: registered new device driver usb
[STDERR  ] 2019-09-23T11:38:35.853416901Z: [    0.318033] pps_core: LinuxPPS API ver. 1 registered
[STDERR  ] 2019-09-23T11:38:35.853433231Z: [    0.319003] pps_core: Software ver. 5.3.6 - Copyright 2005-2007 Rodolfo Giometti <giometti@linux.it>
[STDERR  ] 2019-09-23T11:38:35.853445557Z: [    0.320018] PTP clock support registered
[STDERR  ] 2019-09-23T11:38:35.853457525Z: [    0.321097] PCI: Using ACPI for IRQ routing
[STDERR  ] 2019-09-23T11:38:35.853471334Z: [    0.743647] NetLabel: Initializing
[STDERR  ] 2019-09-23T11:38:35.853483630Z: [    0.744005] NetLabel:  domain hash size = 128
[STDERR  ] 2019-09-23T11:38:35.853500794Z: [    0.745003] NetLabel:  protocols = UNLABELED CIPSOv4 CALIPSO
[STDERR  ] 2019-09-23T11:38:35.853513639Z: [    0.746035] NetLabel:  unlabeled traffic allowed by default
[STDERR  ] 2019-09-23T11:38:35.853526499Z: [    0.747180] HPET: 3 timers in total, 0 timers will be used for per-cpu timer
[STDERR  ] 2019-09-23T11:38:35.853539070Z: [    0.748106] hpet0: at MMIO 0xfed00000, IRQs 2, 8, 0
[STDERR  ] 2019-09-23T11:38:35.853552239Z: [    0.749005] hpet0: 3 comparators, 64-bit 100.000000 MHz counter
[STDERR  ] 2019-09-23T11:38:35.853564989Z: [    0.753051] clocksource: Switched to clocksource kvm-clock
[STDERR  ] 2019-09-23T11:38:35.853580471Z: [    0.776624] VFS: Disk quotas dquot_6.6.0
[STDERR  ] 2019-09-23T11:38:35.853592576Z: [    0.780364] VFS: Dquot-cache hash table entries: 512 (order 0, 4096 bytes)
[STDERR  ] 2019-09-23T11:38:35.853604339Z: [    0.786712] FS-Cache: Loaded
[STDERR  ] 2019-09-23T11:38:35.853616800Z: [    0.789492] CacheFiles: Loaded
[STDERR  ] 2019-09-23T11:38:35.853628016Z: [    0.792352] pnp: PnP ACPI init
[STDERR  ] 2019-09-23T11:38:35.853638563Z: [    0.796301] pnp: PnP ACPI: found 5 devices
[STDERR  ] 2019-09-23T11:38:35.853650759Z: [    0.806292] clocksource: acpi_pm: mask: 0xffffff max_cycles: 0xffffff, max_idle_ns: 2085701024 ns
[STDERR  ] 2019-09-23T11:38:35.853664122Z: [    0.814361] NET: Registered protocol family 2
[STDERR  ] 2019-09-23T11:38:35.853676350Z: [    0.818533] TCP established hash table entries: 8192 (order: 4, 65536 bytes)
[STDERR  ] 2019-09-23T11:38:35.853695545Z: [    0.824922] TCP bind hash table entries: 8192 (order: 5, 131072 bytes)
[STDERR  ] 2019-09-23T11:38:35.853708648Z: [    0.831650] TCP: Hash tables configured (established 8192 bind 8192)
[STDERR  ] 2019-09-23T11:38:35.853724860Z: [    0.837440] UDP hash table entries: 512 (order: 2, 16384 bytes)
[STDERR  ] 2019-09-23T11:38:35.853738003Z: [    0.842860] UDP-Lite hash table entries: 512 (order: 2, 16384 bytes)
[STDERR  ] 2019-09-23T11:38:35.853750418Z: [    0.849135] NET: Registered protocol family 1
[STDERR  ] 2019-09-23T11:38:35.853762307Z: [    0.853814] pci 0000:00:01.0: Video device with shadowed ROM at [mem 0x000c0000-0x000dffff]
[STDERR  ] 2019-09-23T11:38:35.853774328Z: [    0.861892] Trying to unpack rootfs image as initramfs...
[STDERR  ] 2019-09-23T11:38:35.853788663Z: [    1.474486] Freeing initrd memory: 33888K
[STDERR  ] 2019-09-23T11:38:35.853799433Z: [    1.478177] clocksource: tsc: mask: 0xffffffffffffffff max_cycles: 0x2126783ca48, max_idle_ns: 440795246164 ns
[STDERR  ] 2019-09-23T11:38:35.853815149Z: [    1.487351] PCLMULQDQ-NI instructions are not detected.
[STDERR  ] 2019-09-23T11:38:35.853826557Z: [    1.491905] AVX or AES-NI instructions are not detected.
[STDERR  ] 2019-09-23T11:38:35.853839207Z: [    1.496447] CPU feature 'AVX registers' is not supported.
[STDERR  ] 2019-09-23T11:38:35.853852052Z: [    1.501036] CPU feature 'AVX registers' is not supported.
[STDERR  ] 2019-09-23T11:38:35.853892104Z: [    1.505619] CPU feature 'AVX registers' is not supported.
[STDERR  ] 2019-09-23T11:38:35.853903758Z: [    1.510201] CPU feature 'AVX registers' is not supported.
[STDERR  ] 2019-09-23T11:38:35.853921035Z: [    1.514769] AVX2 or AES-NI instructions are not detected.
[STDERR  ] 2019-09-23T11:38:35.853933444Z: [    1.519331] AVX2 instructions are not detected.
[STDERR  ] 2019-09-23T11:38:35.853946175Z: [    1.523813] audit: initializing netlink subsys (disabled)
[STDERR  ] 2019-09-23T11:38:35.853958753Z: [    1.528874] audit: type=2000 audit(1569238710.571:1): state=initialized audit_enabled=0 res=1
[STDERR  ] 2019-09-23T11:38:35.854050945Z: [    1.536127] workingset: timestamp_bits=46 max_order=18 bucket_order=0
[STDERR  ] 2019-09-23T11:38:35.854094958Z: [    1.542083] squashfs: version 4.0 (2009/01/31) Phillip Lougher
[STDERR  ] 2019-09-23T11:38:35.854134396Z: [    1.547839] FS-Cache: Netfs 'cifs' registered for caching
[STDERR  ] 2019-09-23T11:38:35.854172968Z: [    1.552520] fuse init (API version 7.26)
[STDERR  ] 2019-09-23T11:38:35.854217084Z: [    1.556082] SGI XFS with ACLs, security attributes, no debug enabled
[STDERR  ] 2019-09-23T11:38:35.854256318Z: [    1.561671] 9p: Installing v9fs 9p2000 file system support
[STDERR  ] 2019-09-23T11:38:35.854294827Z: [    1.566361] FS-Cache: Netfs '9p' registered for caching
[STDERR  ] 2019-09-23T11:38:35.854336590Z: [    1.572091] NET: Registered protocol family 38
[STDERR  ] 2019-09-23T11:38:35.854389880Z: [    1.576204] Key type asymmetric registered
[STDERR  ] 2019-09-23T11:38:35.854429446Z: [    1.580095] Asymmetric key parser 'x509' registered
[STDERR  ] 2019-09-23T11:38:35.854468384Z: [    1.584397] Block layer SCSI generic (bsg) driver version 0.4 loaded (major 247)
[STDERR  ] 2019-09-23T11:38:35.854508548Z: [    1.590724] io scheduler noop registered
[STDERR  ] 2019-09-23T11:38:35.854546426Z: [    1.594099] io scheduler deadline registered (default)
[STDERR  ] 2019-09-23T11:38:35.854588284Z: [    1.598515] io scheduler cfq registered
[STDERR  ] 2019-09-23T11:38:35.854631529Z: [    1.601814] io scheduler mq-deadline registered
[STDERR  ] 2019-09-23T11:38:35.854670123Z: [    1.605684] io scheduler kyber registered
[STDERR  ] 2019-09-23T11:38:35.854707867Z: [    1.609190] shpchp: Standard Hot Plug PCI Controller Driver version: 0.4
[STDERR  ] 2019-09-23T11:38:35.854744847Z: [    1.614842] hv_vmbus: registering driver hyperv_fb
[STDERR  ] 2019-09-23T11:38:35.854786171Z: [    1.619259] input: Power Button as /devices/LNXSYSTM:00/LNXPWRBN:00/input/input0
[STDERR  ] 2019-09-23T11:38:35.854831570Z: [    1.626080] ACPI: Power Button [PWRF]
[STDERR  ] 2019-09-23T11:38:35.854878619Z: [    1.629995] ACPI: PCI Interrupt Link [GSIG] enabled at IRQ 22
[STDERR  ] 2019-09-23T11:38:35.854916720Z: [    1.640383] ACPI: PCI Interrupt Link [GSIH] enabled at IRQ 23
[STDERR  ] 2019-09-23T11:38:35.854953756Z: [    1.650649] Serial: 8250/16550 driver, 4 ports, IRQ sharing disabled
[STDERR  ] 2019-09-23T11:38:35.854992434Z: [    1.689855] 00:04: ttyS0 at I/O 0x3f8 (irq = 4, base_baud = 115200) is a 16550A
[STDERR  ] 2019-09-23T11:38:35.855028402Z: [    1.697281] Non-volatile memory driver v1.3
[STDERR  ] 2019-09-23T11:38:35.855073049Z: [    1.702803] Hangcheck: starting hangcheck timer 0.9.1 (tick is 180 seconds, margin is 60 seconds).
[STDERR  ] 2019-09-23T11:38:35.855116924Z: [    1.711065] random: fast init done
[STDERR  ] 2019-09-23T11:38:35.855153509Z: [    1.715245] random: crng init done
[STDERR  ] 2019-09-23T11:38:35.855189589Z: [    1.719596] brd: module loaded
[STDERR  ] 2019-09-23T11:38:35.855227818Z: [    1.724945] loop: module loaded
[STDERR  ] 2019-09-23T11:38:35.855265860Z: [    1.732447] lpc_ich 0000:00:1f.0: I/O space for GPIO uninitialized
[STDERR  ] 2019-09-23T11:38:35.855305450Z: [    1.738143] VMware PVSCSI driver - version 1.0.7.0-k
[STDERR  ] 2019-09-23T11:38:35.855351228Z: [    1.742629] hv_vmbus: registering driver hv_storvsc
[STDERR  ] 2019-09-23T11:38:35.855390892Z: [    1.747542] ACPI: PCI Interrupt Link [GSIA] enabled at IRQ 16
[STDERR  ] 2019-09-23T11:38:35.855429087Z: [    1.755978] ahci 0000:00:1f.2: AHCI 0001.0000 32 slots 6 ports 1.5 Gbps 0x3f impl SATA mode
[STDERR  ] 2019-09-23T11:38:35.855473014Z: [    1.763302] ahci 0000:00:1f.2: flags: 64bit ncq only 
[STDERR  ] 2019-09-23T11:38:35.855510521Z: [    1.771455] scsi host0: ahci
[STDERR  ] 2019-09-23T11:38:35.855547799Z: [    1.774210] scsi host1: ahci
[STDERR  ] 2019-09-23T11:38:35.855583816Z: [    1.776948] scsi host2: ahci
[STDERR  ] 2019-09-23T11:38:35.855619775Z: [    1.779661] scsi host3: ahci
[STDERR  ] 2019-09-23T11:38:35.855680144Z: [    1.782380] scsi host4: ahci
[STDERR  ] 2019-09-23T11:38:35.855730047Z: [    1.785089] scsi host5: ahci
[STDERR  ] 2019-09-23T11:38:35.855778402Z: [    1.787756] ata1: SATA max UDMA/133 abar m4096@0xfebd2000 port 0xfebd2100 irq 24
[STDERR  ] 2019-09-23T11:38:35.855830762Z: [    1.794567] ata2: SATA max UDMA/133 abar m4096@0xfebd2000 port 0xfebd2180 irq 24
[STDERR  ] 2019-09-23T11:38:35.855877661Z: [    1.800914] ata3: SATA max UDMA/133 abar m4096@0xfebd2000 port 0xfebd2200 irq 24
[STDERR  ] 2019-09-23T11:38:35.855933435Z: [    1.807179] ata4: SATA max UDMA/133 abar m4096@0xfebd2000 port 0xfebd2280 irq 24
[STDERR  ] 2019-09-23T11:38:35.855980322Z: [    1.813408] ata5: SATA max UDMA/133 abar m4096@0xfebd2000 port 0xfebd2300 irq 24
[STDERR  ] 2019-09-23T11:38:35.856021994Z: [    1.819632] ata6: SATA max UDMA/133 abar m4096@0xfebd2000 port 0xfebd2380 irq 24
[STDERR  ] 2019-09-23T11:38:35.856066693Z: [    1.827937] tun: Universal TUN/TAP device driver, 1.6
[STDERR  ] 2019-09-23T11:38:35.856114032Z: [    1.836594] VMware vmxnet3 virtual NIC driver - version 1.4.a.0-k-NAPI
[STDERR  ] 2019-09-23T11:38:35.856160666Z: [    1.842154] hv_vmbus: registering driver hv_netvsc
[STDERR  ] 2019-09-23T11:38:35.856214113Z: [    1.846238] Fusion MPT base driver 3.04.20
[STDERR  ] 2019-09-23T11:38:35.856263232Z: [    1.849700] Copyright (c) 1999-2008 LSI Corporation
[STDERR  ] 2019-09-23T11:38:35.856312259Z: [    1.854471] Fusion MPT SPI Host driver 3.04.20
[STDERR  ] 2019-09-23T11:38:35.856365677Z: [    1.859193] i8042: PNP: PS/2 Controller [PNP0303:KBD,PNP0f13:MOU] at 0x60,0x64 irq 1,12
[STDERR  ] 2019-09-23T11:38:35.856407795Z: [    1.871397] serio: i8042 KBD port at 0x60,0x64 irq 1
[STDERR  ] 2019-09-23T11:38:35.856457743Z: [    1.875896] serio: i8042 AUX port at 0x60,0x64 irq 12
[STDERR  ] 2019-09-23T11:38:35.856499528Z: [    1.880524] hv_vmbus: registering driver hyperv_keyboard
[STDERR  ] 2019-09-23T11:38:35.856544069Z: [    1.885472] mousedev: PS/2 mouse device common for all mice
[STDERR  ] 2019-09-23T11:38:35.856599111Z: [    1.891925] input: AT Translated Set 2 keyboard as /devices/platform/i8042/serio0/input/input1
[STDERR  ] 2019-09-23T11:38:35.856645091Z: [    1.899711] input: PC Speaker as /devices/platform/pcspkr/input/input2
[STDERR  ] 2019-09-23T11:38:35.856697267Z: [    1.907424] rtc_cmos 00:00: RTC can wake from S4
[STDERR  ] 2019-09-23T11:38:35.856746817Z: [    1.913456] rtc_cmos 00:00: rtc core: registered rtc_cmos as rtc0
[STDERR  ] 2019-09-23T11:38:35.856793484Z: [    1.919794] rtc_cmos 00:00: alarms up to one day, y3k, 114 bytes nvram, hpet irqs
[STDERR  ] 2019-09-23T11:38:35.856837769Z: [    1.926467] i2c /dev entries driver
[STDERR  ] 2019-09-23T11:38:35.856887657Z: [    1.929828] device-mapper: ioctl: 4.37.0-ioctl (2017-09-20) initialised: dm-devel@redhat.com
[STDERR  ] 2019-09-23T11:38:35.856933326Z: [    1.938250] usbcore: registered new interface driver usbhid
[STDERR  ] 2019-09-23T11:38:35.856979793Z: [    1.943368] usbhid: USB HID core driver
[STDERR  ] 2019-09-23T11:38:35.857027207Z: [    1.947584] hv_utils: Registering HyperV Utility Driver
[STDERR  ] 2019-09-23T11:38:35.857077201Z: [    1.952993] hv_vmbus: registering driver hv_util
[STDERR  ] 2019-09-23T11:38:35.857126435Z: [    1.957465] hv_vmbus: registering driver hv_balloon
[STDERR  ] 2019-09-23T11:38:35.857172726Z: [    1.961921] oprofile: using NMI interrupt.
[STDERR  ] 2019-09-23T11:38:35.857227736Z: [    1.965769] GACT probability on
[STDERR  ] 2019-09-23T11:38:35.857278026Z: [    1.968636] Mirror/redirect action on
[STDERR  ] 2019-09-23T11:38:35.857331074Z: [    1.971892] Simple TC action Loaded
[STDERR  ] 2019-09-23T11:38:35.857388196Z: [    1.974982] u32 classifier
[STDERR  ] 2019-09-23T11:38:35.857437357Z: [    1.977408]     Performance counters on
[STDERR  ] 2019-09-23T11:38:35.857486730Z: [    1.980827]     input device check on
[STDERR  ] 2019-09-23T11:38:35.857537220Z: [    1.984533]     Actions configured
[STDERR  ] 2019-09-23T11:38:35.857584187Z: [    1.987797] Netfilter messages via NETLINK v0.30.
[STDERR  ] 2019-09-23T11:38:35.857629737Z: [    1.992088] nfnl_acct: registering with nfnetlink.
[STDERR  ] 2019-09-23T11:38:35.857685296Z: [    1.996255] nf_conntrack version 0.5.0 (8192 buckets, 32768 max)
[STDERR  ] 2019-09-23T11:38:35.857731082Z: [    2.001421] ctnetlink v0.93: registering with nfnetlink.
[STDERR  ] 2019-09-23T11:38:35.857772963Z: [    2.005976] nf_tables: (c) 2007-2009 Patrick McHardy <kaber@trash.net>
[STDERR  ] 2019-09-23T11:38:35.857820457Z: [    2.011475] nf_tables_compat: (c) 2012 Pablo Neira Ayuso <pablo@netfilter.org>
[STDERR  ] 2019-09-23T11:38:35.857882698Z: [    2.017599] xt_time: kernel timezone is -0000
[STDERR  ] 2019-09-23T11:38:35.857952685Z: [    2.021371] ip_set: protocol 6
[STDERR  ] 2019-09-23T11:38:35.858048115Z: [    2.024117] ipip: IPv4 and MPLS over IPv4 tunneling driver
[STDERR  ] 2019-09-23T11:38:35.858100269Z: [    2.028934] gre: GRE over IPv4 demultiplexor driver
[STDERR  ] 2019-09-23T11:38:35.858148093Z: [    2.033402] ip_tables: (C) 2000-2006 Netfilter Core Team
[STDERR  ] 2019-09-23T11:38:35.858188470Z: [    2.038718] arp_tables: arp_tables: (C) 2002 David S. Miller
[STDERR  ] 2019-09-23T11:38:35.858233648Z: [    2.044101] NET: Registered protocol family 10
[STDERR  ] 2019-09-23T11:38:35.858277011Z: [    2.048342] Segment Routing with IPv6
[STDERR  ] 2019-09-23T11:38:35.858327044Z: [    2.051774] ip6_tables: (C) 2000-2006 Netfilter Core Team
[STDERR  ] 2019-09-23T11:38:35.858384023Z: [    2.056918] NET: Registered protocol family 17
[STDERR  ] 2019-09-23T11:38:35.858435801Z: [    2.060745] Bridge firewalling registered
[STDERR  ] 2019-09-23T11:38:35.858485338Z: [    2.064375] 8021q: 802.1Q VLAN Support v1.8
[STDERR  ] 2019-09-23T11:38:35.858531341Z: [    2.068074] 9pnet: Installing 9P2000 support
[STDERR  ] 2019-09-23T11:38:35.858577501Z: [    2.071937] Key type dns_resolver registered
[STDERR  ] 2019-09-23T11:38:35.858627655Z: [    2.075877] registered taskstats version 1
[STDERR  ] 2019-09-23T11:38:35.858675413Z: [    2.086993] Key type big_key registered
[STDERR  ] 2019-09-23T11:38:35.858728805Z: [    2.093932] Key type trusted registered
[STDERR  ] 2019-09-23T11:38:35.858774904Z: [    2.100911] Key type encrypted registered
[STDERR  ] 2019-09-23T11:38:35.858819955Z: [    2.104665] ima: No TPM chip found, activating TPM-bypass! (rc=-19)
[STDERR  ] 2019-09-23T11:38:35.858872658Z: [    2.110231] ima: Allocated hash algorithm: sha256
[STDERR  ] 2019-09-23T11:38:35.858919060Z: [    2.114339] evm: HMAC attrs: 0x1
[STDERR  ] 2019-09-23T11:38:35.858965917Z: [    2.119222] rtc_cmos 00:00: setting system clock to 2019-09-23 11:38:31 UTC (1569238711)
[STDERR  ] 2019-09-23T11:38:35.859011824Z: [    2.137247] ata1: SATA link down (SStatus 0 SControl 300)
[STDERR  ] 2019-09-23T11:38:35.859058044Z: [    2.143267] ata3: SATA link up 1.5 Gbps (SStatus 113 SControl 300)
[STDERR  ] 2019-09-23T11:38:35.859105018Z: [    2.149529] ata2: SATA link down (SStatus 0 SControl 300)
[STDERR  ] 2019-09-23T11:38:35.859153684Z: [    2.154841] ata4: SATA link down (SStatus 0 SControl 300)
[STDERR  ] 2019-09-23T11:38:35.859194860Z: [    2.160144] ata6: SATA link down (SStatus 0 SControl 300)
[STDERR  ] 2019-09-23T11:38:35.859241252Z: [    2.165436] ata5: SATA link down (SStatus 0 SControl 300)
[STDERR  ] 2019-09-23T11:38:35.859286809Z: [    2.170227] ata3.00: ATAPI: QEMU DVD-ROM, 2.5+, max UDMA/100
[STDERR  ] 2019-09-23T11:38:35.859333368Z: [    2.174996] ata3.00: applying bridge limits
[STDERR  ] 2019-09-23T11:38:35.859390937Z: [    2.179080] ata3.00: configured for UDMA/100
[STDERR  ] 2019-09-23T11:38:35.859438969Z: [    2.183735] scsi 2:0:0:0: CD-ROM            QEMU     QEMU DVD-ROM     2.5+ PQ: 0 ANSI: 5
[STDERR  ] 2019-09-23T11:38:35.859488289Z: [    2.206147] sr 2:0:0:0: [sr0] scsi3-mmc drive: 4x/4x cd/rw xa/form2 tray
[STDERR  ] 2019-09-23T11:38:35.859538089Z: [    2.212213] cdrom: Uniform CD-ROM driver Revision: 3.20
[STDERR  ] 2019-09-23T11:38:35.859585594Z: [    2.217579] sr 2:0:0:0: Attached scsi generic sg0 type 5
[STDERR  ] 2019-09-23T11:38:35.859637065Z: [    2.224303] Freeing unused kernel memory: 1532K
[STDERR  ] 2019-09-23T11:38:35.859681704Z: [    2.230151] Write protecting the kernel read-only data: 18432k
[STDERR  ] 2019-09-23T11:38:35.859731246Z: [    2.235957] Freeing unused kernel memory: 2024K
[STDERR  ] 2019-09-23T11:38:35.859778547Z: [    2.243456] Freeing unused kernel memory: 1168K
[STDERR  ] 2019-09-23T11:38:35.859823728Z: 
[STDERR  ] 2019-09-23T11:38:35.859876459Z: Welcome to LinuxKit
[STDERR  ] 2019-09-23T11:38:35.859926094Z: 
[STDERR  ] 2019-09-23T11:38:35.859972070Z:                         ##         .
[STDERR  ] 2019-09-23T11:38:35.860030660Z:                   ## ## ##        ==
[STDERR  ] 2019-09-23T11:38:35.860080609Z:                ## ## ## ## ##    ===
[STDERR  ] 2019-09-23T11:38:35.860132287Z:            /"""""""""""""""""\___/ ===
[STDERR  ] 2019-09-23T11:38:35.860180593Z:           {                       /  ===-
[STDERR  ] 2019-09-23T11:38:35.860228719Z:            \______ O           __/
[STDERR  ] 2019-09-23T11:38:35.860274178Z:              \    \         __/
[STDERR  ] 2019-09-23T11:38:35.860321646Z:               \____\_______/
[STDERR  ] 2019-09-23T11:38:35.860375893Z: 
[STDERR  ] 2019-09-23T11:38:35.860429742Z: [    2.747315] hello_world: loading out-of-tree module taints kernel.
[STDERR  ] 2019-09-23T11:38:35.860479191Z: [    2.752910] Hello LinuxKit
[STDERR  ] 2019-09-23T11:38:35.860527612Z: [    2.759126] Goodbye LinuxKit.
[STDERR  ] 2019-09-23T11:38:35.860576996Z: Linux linuxkit-6ae95f6baca9 4.14.142-linuxkit #1 SMP Tue Sep 17 22:06:26 UTC 2019 x86_64 Linux
[STDERR  ] 2019-09-23T11:38:35.860621922Z: filename:       hello_world.ko
[STDERR  ] 2019-09-23T11:38:35.860667564Z: author:         Rolf Neugebauer <rolf.neugebauer@docker.com>
[STDERR  ] 2019-09-23T11:38:35.860715961Z: description:    A simple Hello World kernel module for testing
[STDERR  ] 2019-09-23T11:38:35.860758950Z: license:        GPL
[STDERR  ] 2019-09-23T11:38:35.860811504Z: depends:        
[STDERR  ] 2019-09-23T11:38:35.860859882Z: vermagic:       4.14.142-linuxkit SMP mod_unload modversions RANDSTRUCT_PLUGIN_5c3881ce9d9794458020b3303a2538bce3c92f6e57f03ed3f643160f500163d9
[STDERR  ] 2019-09-23T11:38:35.860917589Z: Kernel module test suite PASSED
[STDERR  ] 2019-09-23T11:38:35.860964109Z: [    5.874548] ACPI: Preparing to enter system sleep state S5
[STDERR  ] 2019-09-23T11:38:35.861010451Z: [    5.879758] reboot: Power down
[STDERR  ] 2019-09-23T11:38:35.861055018Z: + grep -q Hello LinuxKit
[STDERR  ] 2019-09-23T11:38:35.861102680Z: + echo [    0.000000] Linux version 4.14.142-linuxkit (root@b1cc5ffa592b) (gcc version 8.3.0 (Alpine 8.3.0)) #1 SMP Tue Sep 17 22:06:26 UTC 2019
[STDERR  ] 2019-09-23T11:38:35.861153081Z: [    0.000000] Command line: console=ttyS0 console=ttyAMA0
[STDERR  ] 2019-09-23T11:38:35.861202054Z: [    0.000000] x86/fpu: x87 FPU will use FXSAVE
[STDERR  ] 2019-09-23T11:38:35.861255796Z: [    0.000000] e820: BIOS-provided physical RAM map:
[STDERR  ] 2019-09-23T11:38:35.861304149Z: [    0.000000] BIOS-e820: [mem 0x0000000000000000-0x000000000009fbff] usable
[STDERR  ] 2019-09-23T11:38:35.861368717Z: [    0.000000] BIOS-e820: [mem 0x000000000009fc00-0x000000000009ffff] reserved
[STDERR  ] 2019-09-23T11:38:35.861421416Z: [    0.000000] BIOS-e820: [mem 0x00000000000f0000-0x00000000000fffff] reserved
[STDERR  ] 2019-09-23T11:38:35.861470993Z: [    0.000000] BIOS-e820: [mem 0x0000000000100000-0x000000003ffdefff] usable
[STDERR  ] 2019-09-23T11:38:35.861519231Z: [    0.000000] BIOS-e820: [mem 0x000000003ffdf000-0x000000003fffffff] reserved
[STDERR  ] 2019-09-23T11:38:35.861568724Z: [    0.000000] BIOS-e820: [mem 0x00000000b0000000-0x00000000bfffffff] reserved
[STDERR  ] 2019-09-23T11:38:35.861616794Z: [    0.000000] BIOS-e820: [mem 0x00000000fed1c000-0x00000000fed1ffff] reserved
[STDERR  ] 2019-09-23T11:38:35.861662598Z: [    0.000000] BIOS-e820: [mem 0x00000000feffc000-0x00000000feffffff] reserved
[STDERR  ] 2019-09-23T11:38:35.861716845Z: [    0.000000] BIOS-e820: [mem 0x00000000fffc0000-0x00000000ffffffff] reserved
[STDERR  ] 2019-09-23T11:38:35.861763966Z: [    0.000000] NX (Execute Disable) protection: active
[STDERR  ] 2019-09-23T11:38:35.861813448Z: [    0.000000] SMBIOS 2.8 present.
[STDERR  ] 2019-09-23T11:38:35.861864483Z: [    0.000000] DMI: QEMU Standard PC (Q35 + ICH9, 2009), BIOS 1.10.2-1 04/01/2014
[STDERR  ] 2019-09-23T11:38:35.861912951Z: [    0.000000] Hypervisor detected: KVM
[STDERR  ] 2019-09-23T11:38:35.861961463Z: [    0.000000] tsc: Fast TSC calibration failed
[STDERR  ] 2019-09-23T11:38:35.862031748Z: [    0.000000] tsc: Unable to calibrate against PIT
[STDERR  ] 2019-09-23T11:38:35.862092056Z: [    0.000000] tsc: No reference (HPET/PMTIMER) available
[STDERR  ] 2019-09-23T11:38:35.862137894Z: [    0.000000] e820: last_pfn = 0x3ffdf max_arch_pfn = 0x400000000
[STDERR  ] 2019-09-23T11:38:35.862188270Z: [    0.000000] x86/PAT: PAT not supported by CPU.
[STDERR  ] 2019-09-23T11:38:35.862233062Z: [    0.000000] x86/PAT: Configuration [0-7]: WB  WT  UC- UC  WB  WT  UC- UC  
[STDERR  ] 2019-09-23T11:38:35.862294341Z: [    0.000000] found SMP MP-table at [mem 0x000f6a90-0x000f6a9f]
[STDERR  ] 2019-09-23T11:38:35.862350850Z: [    0.000000] RAMDISK: [mem 0x3deb8000-0x3ffcffff]
[STDERR  ] 2019-09-23T11:38:35.862397801Z: [    0.000000] ACPI: Early table checksum verification disabled
[STDERR  ] 2019-09-23T11:38:35.862450316Z: [    0.000000] ACPI: RSDP 0x00000000000F68D0 000014 (v00 BOCHS )
[STDERR  ] 2019-09-23T11:38:35.862497830Z: [    0.000000] ACPI: RSDT 0x000000003FFE2404 000034 (v01 BOCHS  BXPCRSDT 00000001 BXPC 00000001)
[STDERR  ] 2019-09-23T11:38:35.862546184Z: [    0.000000] ACPI: FACP 0x000000003FFE22A4 000074 (v01 BOCHS  BXPCFACP 00000001 BXPC 00000001)
[STDERR  ] 2019-09-23T11:38:35.862594293Z: [    0.000000] ACPI: DSDT 0x000000003FFE0040 002264 (v01 BOCHS  BXPCDSDT 00000001 BXPC 00000001)
[STDERR  ] 2019-09-23T11:38:35.862648078Z: [    0.000000] ACPI: FACS 0x000000003FFE0000 000040
[STDERR  ] 2019-09-23T11:38:35.862697977Z: [    0.000000] ACPI: APIC 0x000000003FFE2318 000078 (v01 BOCHS  BXPCAPIC 00000001 BXPC 00000001)
[STDERR  ] 2019-09-23T11:38:35.862752435Z: [    0.000000] ACPI: HPET 0x000000003FFE2390 000038 (v01 BOCHS  BXPCHPET 00000001 BXPC 00000001)
[STDERR  ] 2019-09-23T11:38:35.862800299Z: [    0.000000] ACPI: MCFG 0x000000003FFE23C8 00003C (v01 BOCHS  BXPCMCFG 00000001 BXPC 00000001)
[STDERR  ] 2019-09-23T11:38:35.862849411Z: [    0.000000] kvm-clock: Using msrs 4b564d01 and 4b564d00
[STDERR  ] 2019-09-23T11:38:35.862899724Z: [    0.000000] kvm-clock: cpu 0, msr 0:3ffdd001, primary cpu clock
[STDERR  ] 2019-09-23T11:38:35.862949408Z: [    0.000000] clocksource: kvm-clock: mask: 0xffffffffffffffff max_cycles: 0x1cd42e4dffb, max_idle_ns: 881590591483 ns
[STDERR  ] 2019-09-23T11:38:35.862998138Z: [    0.000000] Zone ranges:
[STDERR  ] 2019-09-23T11:38:35.863047259Z: [    0.000000]   DMA      [mem 0x0000000000001000-0x0000000000ffffff]
[STDERR  ] 2019-09-23T11:38:35.863096596Z: [    0.000000]   DMA32    [mem 0x0000000001000000-0x000000003ffdefff]
[STDERR  ] 2019-09-23T11:38:35.863145557Z: [    0.000000]   Normal   empty
[STDERR  ] 2019-09-23T11:38:35.863198203Z: [    0.000000]   Device   empty
[STDERR  ] 2019-09-23T11:38:35.863250093Z: [    0.000000] Movable zone start for each node
[STDERR  ] 2019-09-23T11:38:35.863299275Z: [    0.000000] Early memory node ranges
[STDERR  ] 2019-09-23T11:38:35.863354527Z: [    0.000000]   node   0: [mem 0x0000000000001000-0x000000000009efff]
[STDERR  ] 2019-09-23T11:38:35.863405725Z: [    0.000000]   node   0: [mem 0x0000000000100000-0x000000003ffdefff]
[STDERR  ] 2019-09-23T11:38:35.863453629Z: [    0.000000] Initmem setup node 0 [mem 0x0000000000001000-0x000000003ffdefff]
[STDERR  ] 2019-09-23T11:38:35.863502122Z: [    0.000000] ACPI: PM-Timer IO Port: 0x608
[STDERR  ] 2019-09-23T11:38:35.863550636Z: [    0.000000] ACPI: LAPIC_NMI (acpi_id[0xff] dfl dfl lint[0x1])
[STDERR  ] 2019-09-23T11:38:35.863597386Z: [    0.000000] IOAPIC[0]: apic_id 0, version 17, address 0xfec00000, GSI 0-23
[STDERR  ] 2019-09-23T11:38:35.863648956Z: [    0.000000] ACPI: INT_SRC_OVR (bus 0 bus_irq 0 global_irq 2 dfl dfl)
[STDERR  ] 2019-09-23T11:38:35.863701014Z: [    0.000000] ACPI: INT_SRC_OVR (bus 0 bus_irq 5 global_irq 5 high level)
[STDERR  ] 2019-09-23T11:38:35.863748604Z: [    0.000000] ACPI: INT_SRC_OVR (bus 0 bus_irq 9 global_irq 9 high level)
[STDERR  ] 2019-09-23T11:38:35.863799616Z: [    0.000000] ACPI: INT_SRC_OVR (bus 0 bus_irq 10 global_irq 10 high level)
[STDERR  ] 2019-09-23T11:38:35.863847674Z: [    0.000000] ACPI: INT_SRC_OVR (bus 0 bus_irq 11 global_irq 11 high level)
[STDERR  ] 2019-09-23T11:38:35.863895312Z: [    0.000000] Using ACPI (MADT) for SMP configuration information
[STDERR  ] 2019-09-23T11:38:35.863949509Z: [    0.000000] ACPI: HPET id: 0x8086a201 base: 0xfed00000
[STDERR  ] 2019-09-23T11:38:35.863997922Z: [    0.000000] smpboot: Allowing 1 CPUs, 0 hotplug CPUs
[STDERR  ] 2019-09-23T11:38:35.864047206Z: [    0.000000] e820: [mem 0x40000000-0xafffffff] available for PCI devices
[STDERR  ] 2019-09-23T11:38:35.864096743Z: [    0.000000] Booting paravirtualized kernel on KVM
[STDERR  ] 2019-09-23T11:38:35.864145081Z: [    0.000000] clocksource: refined-jiffies: mask: 0xffffffff max_cycles: 0xffffffff, max_idle_ns: 1910969940391419 ns
[STDERR  ] 2019-09-23T11:38:35.864193883Z: [    0.000000] random: get_random_bytes called from start_kernel+0x91/0x4b2 with crng_init=0
[STDERR  ] 2019-09-23T11:38:35.864242500Z: [    0.000000] setup_percpu: NR_CPUS:128 nr_cpumask_bits:128 nr_cpu_ids:1 nr_node_ids:1
[STDERR  ] 2019-09-23T11:38:35.864291059Z: [    0.000000] percpu: Embedded 45 pages/cpu s144216 r8192 d31912 u2097152
[STDERR  ] 2019-09-23T11:38:35.864348927Z: [    0.000000] KVM setup async PF for cpu 0
[STDERR  ] 2019-09-23T11:38:35.864397814Z: [    0.000000] kvm-stealtime: cpu 0, msr 3dc15f40
[STDERR  ] 2019-09-23T11:38:35.864451927Z: [    0.000000] Built 1 zonelists, mobility grouping on.  Total pages: 257896
[STDERR  ] 2019-09-23T11:38:35.864502254Z: [    0.000000] Kernel command line: console=ttyS0 console=ttyAMA0
[STDERR  ] 2019-09-23T11:38:35.864551306Z: [    0.000000] PID hash table entries: 4096 (order: 3, 32768 bytes)
[STDERR  ] 2019-09-23T11:38:35.864605073Z: [    0.000000] Dentry cache hash table entries: 131072 (order: 8, 1048576 bytes)
[STDERR  ] 2019-09-23T11:38:35.864669910Z: [    0.000000] Inode-cache hash table entries: 65536 (order: 7, 524288 bytes)
[STDERR  ] 2019-09-23T11:38:35.864719889Z: [    0.000000] Memory: 971004K/1048052K available (12300K kernel code, 1451K rwdata, 2928K rodata, 1532K init, 576K bss, 77048K reserved, 0K cma-reserved)
[STDERR  ] 2019-09-23T11:38:35.864768728Z: [    0.000000] Kernel/User page tables isolation: enabled
[STDERR  ] 2019-09-23T11:38:35.864816082Z: [    0.000000] ftrace: allocating 40608 entries in 159 pages
[STDERR  ] 2019-09-23T11:38:35.864872126Z: [    0.001000] Hierarchical RCU implementation.
[STDERR  ] 2019-09-23T11:38:35.864918903Z: [    0.001000] 	RCU restricting CPUs from NR_CPUS=128 to nr_cpu_ids=1.
[STDERR  ] 2019-09-23T11:38:35.864974553Z: [    0.001000] RCU: Adjusting geometry for rcu_fanout_leaf=16, nr_cpu_ids=1
[STDERR  ] 2019-09-23T11:38:35.865027937Z: [    0.001000] NR_IRQS: 8448, nr_irqs: 256, preallocated irqs: 16
[STDERR  ] 2019-09-23T11:38:35.865075989Z: [    0.001000] Console: colour VGA+ 80x25
[STDERR  ] 2019-09-23T11:38:35.865125042Z: [    0.001000] console [ttyS0] enabled
[STDERR  ] 2019-09-23T11:38:35.865175225Z: [    0.001000] clocksource: hpet: mask: 0xffffffff max_cycles: 0xffffffff, max_idle_ns: 19112604467 ns
[STDERR  ] 2019-09-23T11:38:35.865224211Z: [    0.001024] tsc: Detected 2299.800 MHz processor
[STDERR  ] 2019-09-23T11:38:35.865272306Z: [    0.002037] Calibrating delay loop (skipped) preset value.. 4599.60 BogoMIPS (lpj=2299800)
[STDERR  ] 2019-09-23T11:38:35.865322337Z: [    0.004023] pid_max: default: 32768 minimum: 301
[STDERR  ] 2019-09-23T11:38:35.865378147Z: [    0.005046] ACPI: Core revision 20170728
[STDERR  ] 2019-09-23T11:38:35.865420956Z: [    0.007545] ACPI: 1 ACPI AML tables successfully acquired and loaded
[STDERR  ] 2019-09-23T11:38:35.865469636Z: [    0.008106] Security Framework initialized
[STDERR  ] 2019-09-23T11:38:35.865515384Z: [    0.009024] Yama: becoming mindful.
[STDERR  ] 2019-09-23T11:38:35.865556673Z: [    0.010072] Mount-cache hash table entries: 2048 (order: 2, 16384 bytes)
[STDERR  ] 2019-09-23T11:38:35.865608051Z: [    0.011028] Mountpoint-cache hash table entries: 2048 (order: 2, 16384 bytes)
[STDERR  ] 2019-09-23T11:38:35.865659003Z: [    0.014061] Last level iTLB entries: 4KB 0, 2MB 0, 4MB 0
[STDERR  ] 2019-09-23T11:38:35.865707829Z: [    0.015025] Last level dTLB entries: 4KB 0, 2MB 0, 4MB 0, 1GB 0
[STDERR  ] 2019-09-23T11:38:35.865758546Z: [    0.016025] Spectre V1 : Mitigation: usercopy/swapgs barriers and __user pointer sanitization
[STDERR  ] 2019-09-23T11:38:35.865812658Z: [    0.017024] Spectre V2 : Mitigation: Full generic retpoline
[STDERR  ] 2019-09-23T11:38:35.865859471Z: [    0.018022] Spectre V2 : Spectre v2 / SpectreRSB mitigation: Filling RSB on context switch
[STDERR  ] 2019-09-23T11:38:35.865903142Z: [    0.019022] Speculative Store Bypass: Vulnerable
[STDERR  ] 2019-09-23T11:38:35.865953732Z: [    0.020039] MDS: Vulnerable: Clear CPU buffers attempted, no microcode
[STDERR  ] 2019-09-23T11:38:35.866040596Z: [    0.030305] Freeing SMP alternatives memory: 20K
[STDERR  ] 2019-09-23T11:38:35.866089885Z: [    0.032199] smpboot: Max logical packages: 1
[STDERR  ] 2019-09-23T11:38:35.866134349Z: [    0.035323] x2apic enabled
[STDERR  ] 2019-09-23T11:38:35.866184533Z: [    0.036024] Switched APIC routing to physical x2apic.
[STDERR  ] 2019-09-23T11:38:35.866234435Z: [    0.047000] ..TIMER: vector=0x30 apic1=0 pin1=2 apic2=-1 pin2=-1
[STDERR  ] 2019-09-23T11:38:35.866282584Z: [    0.149254] smpboot: CPU0: Intel QEMU Virtual CPU version 2.5+ (family: 0x6, model: 0x6, stepping: 0x3)
[STDERR  ] 2019-09-23T11:38:35.866332463Z: [    0.150130] Performance Events: PMU not available due to virtualization, using software events only.
[STDERR  ] 2019-09-23T11:38:35.866389653Z: [    0.152340] Hierarchical SRCU implementation.
[STDERR  ] 2019-09-23T11:38:35.866440833Z: [    0.154020] NMI watchdog: Perf event create on CPU 0 failed with -2
[STDERR  ] 2019-09-23T11:38:35.866496533Z: [    0.155009] NMI watchdog: Perf NMI watchdog permanently disabled
[STDERR  ] 2019-09-23T11:38:35.866544475Z: [    0.156085] smp: Bringing up secondary CPUs ...
[STDERR  ] 2019-09-23T11:38:35.866592838Z: [    0.157009] smp: Brought up 1 node, 1 CPU
[STDERR  ] 2019-09-23T11:38:35.866641240Z: [    0.158009] smpboot: Total of 1 processors activated (4599.60 BogoMIPS)
[STDERR  ] 2019-09-23T11:38:35.866693034Z: [    0.161154] devtmpfs: initialized
[STDERR  ] 2019-09-23T11:38:35.866736437Z: [    0.162071] x86/mm: Memory block size: 128MB
[STDERR  ] 2019-09-23T11:38:35.866785842Z: [    0.163210] evm: security.ima
[STDERR  ] 2019-09-23T11:38:35.866836105Z: [    0.164006] evm: security.capability
[STDERR  ] 2019-09-23T11:38:35.866885181Z: [    0.165196] clocksource: jiffies: mask: 0xffffffff max_cycles: 0xffffffff, max_idle_ns: 1911260446275000 ns
[STDERR  ] 2019-09-23T11:38:35.866935894Z: [    0.166017] futex hash table entries: 256 (order: 2, 16384 bytes)
[STDERR  ] 2019-09-23T11:38:35.866951550Z: [    0.167237] NET: Registered protocol family 16
[STDERR  ] 2019-09-23T11:38:35.866964227Z: [    0.168199] cpuidle: using governor ladder
[STDERR  ] 2019-09-23T11:38:35.866976551Z: [    0.169008] cpuidle: using governor menu
[STDERR  ] 2019-09-23T11:38:35.866998907Z: [    0.170121] ACPI: bus type PCI registered
[STDERR  ] 2019-09-23T11:38:35.867012839Z: [    0.171007] acpiphp: ACPI Hot Plug PCI Controller Driver version: 0.5
[STDERR  ] 2019-09-23T11:38:35.867026128Z: [    0.172470] PCI: MMCONFIG for domain 0000 [bus 00-ff] at [mem 0xb0000000-0xbfffffff] (base 0xb0000000)
[STDERR  ] 2019-09-23T11:38:35.867038595Z: [    0.173015] PCI: MMCONFIG at [mem 0xb0000000-0xbfffffff] reserved in E820
[STDERR  ] 2019-09-23T11:38:35.867051254Z: [    0.174028] PCI: Using configuration type 1 for base access
[STDERR  ] 2019-09-23T11:38:35.867064019Z: [    0.177764] HugeTLB registered 2.00 MiB page size, pre-allocated 0 pages
[STDERR  ] 2019-09-23T11:38:35.867076534Z: [    0.179307] ACPI: Added _OSI(Module Device)
[STDERR  ] 2019-09-23T11:38:35.867094970Z: [    0.180018] ACPI: Added _OSI(Processor Device)
[STDERR  ] 2019-09-23T11:38:35.867107611Z: [    0.181004] ACPI: Added _OSI(3.0 _SCP Extensions)
[STDERR  ] 2019-09-23T11:38:35.867124760Z: [    0.182008] ACPI: Added _OSI(Processor Aggregator Device)
[STDERR  ] 2019-09-23T11:38:35.867138331Z: [    0.187183] ACPI: Interpreter enabled
[STDERR  ] 2019-09-23T11:38:35.867150901Z: [    0.188016] ACPI: (supports S0 S5)
[STDERR  ] 2019-09-23T11:38:35.867163143Z: [    0.189006] ACPI: Using IOAPIC for interrupt routing
[STDERR  ] 2019-09-23T11:38:35.867187429Z: [    0.190078] PCI: Using host bridge windows from ACPI; if necessary, use "pci=nocrs" and report a bug
[STDERR  ] 2019-09-23T11:38:35.867200941Z: [    0.191389] ACPI: Enabled 2 GPEs in block 00 to 3F
[STDERR  ] 2019-09-23T11:38:35.867214112Z: [    0.196206] ACPI: PCI Root Bridge [PCI0] (domain 0000 [bus 00-ff])
[STDERR  ] 2019-09-23T11:38:35.867230735Z: [    0.198011] acpi PNP0A08:00: _OSC: OS supports [ExtendedConfig ASPM ClockPM Segments MSI]
[STDERR  ] 2019-09-23T11:38:35.867247140Z: [    0.199144] acpi PNP0A08:00: _OSC: OS now controls [PCIeHotplug PME PCIeCapability]
[STDERR  ] 2019-09-23T11:38:35.867259389Z: [    0.200439] PCI host bridge to bus 0000:00
[STDERR  ] 2019-09-23T11:38:35.867272615Z: [    0.201016] pci_bus 0000:00: root bus resource [io  0x0000-0x0cf7 window]
[STDERR  ] 2019-09-23T11:38:35.867291531Z: [    0.202015] pci_bus 0000:00: root bus resource [io  0x0d00-0xffff window]
[STDERR  ] 2019-09-23T11:38:35.867304216Z: [    0.203014] pci_bus 0000:00: root bus resource [mem 0x000a0000-0x000bffff window]
[STDERR  ] 2019-09-23T11:38:35.867316539Z: [    0.204014] pci_bus 0000:00: root bus resource [mem 0xc0000000-0xfebfffff window]
[STDERR  ] 2019-09-23T11:38:35.867329148Z: [    0.205016] pci_bus 0000:00: root bus resource [bus 00-ff]
[STDERR  ] 2019-09-23T11:38:35.867349375Z: [    0.267649] pci 0000:00:1f.0: quirk: [io  0x0600-0x067f] claimed by ICH6 ACPI/GPIO/TCO
[STDERR  ] 2019-09-23T11:38:35.867367214Z: [    0.292190] ACPI: PCI Interrupt Link [LNKA] (IRQs 5 *10 11)
[STDERR  ] 2019-09-23T11:38:35.867379840Z: [    0.293299] ACPI: PCI Interrupt Link [LNKB] (IRQs 5 *10 11)
[STDERR  ] 2019-09-23T11:38:35.867394818Z: [    0.295021] ACPI: PCI Interrupt Link [LNKC] (IRQs 5 10 *11)
[STDERR  ] 2019-09-23T11:38:35.867406572Z: [    0.297226] ACPI: PCI Interrupt Link [LNKD] (IRQs 5 10 *11)
[STDERR  ] 2019-09-23T11:38:35.867419114Z: [    0.298292] ACPI: PCI Interrupt Link [LNKE] (IRQs 5 *10 11)
[STDERR  ] 2019-09-23T11:38:35.867431705Z: [    0.299309] ACPI: PCI Interrupt Link [LNKF] (IRQs 5 *10 11)
[STDERR  ] 2019-09-23T11:38:35.867443847Z: [    0.301022] ACPI: PCI Interrupt Link [LNKG] (IRQs 5 10 *11)
[STDERR  ] 2019-09-23T11:38:35.867458425Z: [    0.302311] ACPI: PCI Interrupt Link [LNKH] (IRQs 5 10 *11)
[STDERR  ] 2019-09-23T11:38:35.867470781Z: [    0.303170] ACPI: PCI Interrupt Link [GSIA] (IRQs *16)
[STDERR  ] 2019-09-23T11:38:35.867484096Z: [    0.304041] ACPI: PCI Interrupt Link [GSIB] (IRQs *17)
[STDERR  ] 2019-09-23T11:38:35.867495972Z: [    0.305036] ACPI: PCI Interrupt Link [GSIC] (IRQs *18)
[STDERR  ] 2019-09-23T11:38:35.867508208Z: [    0.307029] ACPI: PCI Interrupt Link [GSID] (IRQs *19)
[STDERR  ] 2019-09-23T11:38:35.867519645Z: [    0.308040] ACPI: PCI Interrupt Link [GSIE] (IRQs *20)
[STDERR  ] 2019-09-23T11:38:35.867531261Z: [    0.309025] ACPI: PCI Interrupt Link [GSIF] (IRQs *21)
[STDERR  ] 2019-09-23T11:38:35.867546545Z: [    0.310024] ACPI: PCI Interrupt Link [GSIG] (IRQs *22)
[STDERR  ] 2019-09-23T11:38:35.867558436Z: [    0.311020] ACPI: PCI Interrupt Link [GSIH] (IRQs *23)
[STDERR  ] 2019-09-23T11:38:35.867570488Z: [    0.313361] SCSI subsystem initialized
[STDERR  ] 2019-09-23T11:38:35.867586029Z: [    0.314113] ACPI: bus type USB registered
[STDERR  ] 2019-09-23T11:38:35.867598459Z: [    0.315038] usbcore: registered new interface driver usbfs
[STDERR  ] 2019-09-23T11:38:35.867610996Z: [    0.316029] usbcore: registered new interface driver hub
[STDERR  ] 2019-09-23T11:38:35.867623673Z: [    0.317037] usbcore: registered new device driver usb
[STDERR  ] 2019-09-23T11:38:35.867636656Z: [    0.318033] pps_core: LinuxPPS API ver. 1 registered
[STDERR  ] 2019-09-23T11:38:35.867649159Z: [    0.319003] pps_core: Software ver. 5.3.6 - Copyright 2005-2007 Rodolfo Giometti <giometti@linux.it>
[STDERR  ] 2019-09-23T11:38:35.867662862Z: [    0.320018] PTP clock support registered
[STDERR  ] 2019-09-23T11:38:35.867675558Z: [    0.321097] PCI: Using ACPI for IRQ routing
[STDERR  ] 2019-09-23T11:38:35.867694584Z: [    0.743647] NetLabel: Initializing
[STDERR  ] 2019-09-23T11:38:35.867711503Z: [    0.744005] NetLabel:  domain hash size = 128
[STDERR  ] 2019-09-23T11:38:35.867729677Z: [    0.745003] NetLabel:  protocols = UNLABELED CIPSOv4 CALIPSO
[STDERR  ] 2019-09-23T11:38:35.867742778Z: [    0.746035] NetLabel:  unlabeled traffic allowed by default
[STDERR  ] 2019-09-23T11:38:35.867755543Z: [    0.747180] HPET: 3 timers in total, 0 timers will be used for per-cpu timer
[STDERR  ] 2019-09-23T11:38:35.867768320Z: [    0.748106] hpet0: at MMIO 0xfed00000, IRQs 2, 8, 0
[STDERR  ] 2019-09-23T11:38:35.867783461Z: [    0.749005] hpet0: 3 comparators, 64-bit 100.000000 MHz counter
[STDERR  ] 2019-09-23T11:38:35.867799914Z: [    0.753051] clocksource: Switched to clocksource kvm-clock
[STDERR  ] 2019-09-23T11:38:35.867812361Z: [    0.776624] VFS: Disk quotas dquot_6.6.0
[STDERR  ] 2019-09-23T11:38:35.867828958Z: [    0.780364] VFS: Dquot-cache hash table entries: 512 (order 0, 4096 bytes)
[STDERR  ] 2019-09-23T11:38:35.867841418Z: [    0.786712] FS-Cache: Loaded
[STDERR  ] 2019-09-23T11:38:35.867854514Z: [    0.789492] CacheFiles: Loaded
[STDERR  ] 2019-09-23T11:38:35.867867585Z: [    0.792352] pnp: PnP ACPI init
[STDERR  ] 2019-09-23T11:38:35.867881037Z: [    0.796301] pnp: PnP ACPI: found 5 devices
[STDERR  ] 2019-09-23T11:38:35.867894501Z: [    0.806292] clocksource: acpi_pm: mask: 0xffffff max_cycles: 0xffffff, max_idle_ns: 2085701024 ns
[STDERR  ] 2019-09-23T11:38:35.867907531Z: [    0.814361] NET: Registered protocol family 2
[STDERR  ] 2019-09-23T11:38:35.867928033Z: [    0.818533] TCP established hash table entries: 8192 (order: 4, 65536 bytes)
[STDERR  ] 2019-09-23T11:38:35.867940862Z: [    0.824922] TCP bind hash table entries: 8192 (order: 5, 131072 bytes)
[STDERR  ] 2019-09-23T11:38:35.867952891Z: [    0.831650] TCP: Hash tables configured (established 8192 bind 8192)
[STDERR  ] 2019-09-23T11:38:35.867970090Z: [    0.837440] UDP hash table entries: 512 (order: 2, 16384 bytes)
[STDERR  ] 2019-09-23T11:38:35.867985821Z: [    0.842860] UDP-Lite hash table entries: 512 (order: 2, 16384 bytes)
[STDERR  ] 2019-09-23T11:38:35.867998393Z: [    0.849135] NET: Registered protocol family 1
[STDERR  ] 2019-09-23T11:38:35.868011232Z: [    0.853814] pci 0000:00:01.0: Video device with shadowed ROM at [mem 0x000c0000-0x000dffff]
[STDERR  ] 2019-09-23T11:38:35.868025587Z: [    0.861892] Trying to unpack rootfs image as initramfs...
[STDERR  ] 2019-09-23T11:38:35.868038814Z: [    1.474486] Freeing initrd memory: 33888K
[STDERR  ] 2019-09-23T11:38:35.868051930Z: [    1.478177] clocksource: tsc: mask: 0xffffffffffffffff max_cycles: 0x2126783ca48, max_idle_ns: 440795246164 ns
[STDERR  ] 2019-09-23T11:38:35.868068023Z: [    1.487351] PCLMULQDQ-NI instructions are not detected.
[STDERR  ] 2019-09-23T11:38:35.868081065Z: [    1.491905] AVX or AES-NI instructions are not detected.
[STDERR  ] 2019-09-23T11:38:35.868093753Z: [    1.496447] CPU feature 'AVX registers' is not supported.
[STDERR  ] 2019-09-23T11:38:35.868106511Z: [    1.501036] CPU feature 'AVX registers' is not supported.
[STDERR  ] 2019-09-23T11:38:35.868119122Z: [    1.505619] CPU feature 'AVX registers' is not supported.
[STDERR  ] 2019-09-23T11:38:35.868131870Z: [    1.510201] CPU feature 'AVX registers' is not supported.
[STDERR  ] 2019-09-23T11:38:35.868144744Z: [    1.514769] AVX2 or AES-NI instructions are not detected.
[STDERR  ] 2019-09-23T11:38:35.868158362Z: [    1.519331] AVX2 instructions are not detected.
[STDERR  ] 2019-09-23T11:38:35.868175567Z: [    1.523813] audit: initializing netlink subsys (disabled)
[STDERR  ] 2019-09-23T11:38:35.868188696Z: [    1.528874] audit: type=2000 audit(1569238710.571:1): state=initialized audit_enabled=0 res=1
[STDERR  ] 2019-09-23T11:38:35.868201982Z: [    1.536127] workingset: timestamp_bits=46 max_order=18 bucket_order=0
[STDERR  ] 2019-09-23T11:38:35.868217856Z: [    1.542083] squashfs: version 4.0 (2009/01/31) Phillip Lougher
[STDERR  ] 2019-09-23T11:38:35.868231065Z: [    1.547839] FS-Cache: Netfs 'cifs' registered for caching
[STDERR  ] 2019-09-23T11:38:35.868248134Z: [    1.552520] fuse init (API version 7.26)
[STDERR  ] 2019-09-23T11:38:35.868261616Z: [    1.556082] SGI XFS with ACLs, security attributes, no debug enabled
[STDERR  ] 2019-09-23T11:38:35.868274110Z: [    1.561671] 9p: Installing v9fs 9p2000 file system support
[STDERR  ] 2019-09-23T11:38:35.868290984Z: [    1.566361] FS-Cache: Netfs '9p' registered for caching
[STDERR  ] 2019-09-23T11:38:35.868304038Z: [    1.572091] NET: Registered protocol family 38
[STDERR  ] 2019-09-23T11:38:35.868316483Z: [    1.576204] Key type asymmetric registered
[STDERR  ] 2019-09-23T11:38:35.868331038Z: [    1.580095] Asymmetric key parser 'x509' registered
[STDERR  ] 2019-09-23T11:38:35.868349839Z: [    1.584397] Block layer SCSI generic (bsg) driver version 0.4 loaded (major 247)
[STDERR  ] 2019-09-23T11:38:35.868362815Z: [    1.590724] io scheduler noop registered
[STDERR  ] 2019-09-23T11:38:35.868375090Z: [    1.594099] io scheduler deadline registered (default)
[STDERR  ] 2019-09-23T11:38:35.868387599Z: [    1.598515] io scheduler cfq registered
[STDERR  ] 2019-09-23T11:38:35.868400127Z: [    1.601814] io scheduler mq-deadline registered
[STDERR  ] 2019-09-23T11:38:35.868413129Z: [    1.605684] io scheduler kyber registered
[STDERR  ] 2019-09-23T11:38:35.868425169Z: [    1.609190] shpchp: Standard Hot Plug PCI Controller Driver version: 0.4
[STDERR  ] 2019-09-23T11:38:35.868437868Z: [    1.614842] hv_vmbus: registering driver hyperv_fb
[STDERR  ] 2019-09-23T11:38:35.868454316Z: [    1.619259] input: Power Button as /devices/LNXSYSTM:00/LNXPWRBN:00/input/input0
[STDERR  ] 2019-09-23T11:38:35.868466905Z: [    1.626080] ACPI: Power Button [PWRF]
[STDERR  ] 2019-09-23T11:38:35.868482152Z: [    1.629995] ACPI: PCI Interrupt Link [GSIG] enabled at IRQ 22
[STDERR  ] 2019-09-23T11:38:35.868495342Z: [    1.640383] ACPI: PCI Interrupt Link [GSIH] enabled at IRQ 23
[STDERR  ] 2019-09-23T11:38:35.868508015Z: [    1.650649] Serial: 8250/16550 driver, 4 ports, IRQ sharing disabled
[STDERR  ] 2019-09-23T11:38:35.868520918Z: [    1.689855] 00:04: ttyS0 at I/O 0x3f8 (irq = 4, base_baud = 115200) is a 16550A
[STDERR  ] 2019-09-23T11:38:35.868533476Z: [    1.697281] Non-volatile memory driver v1.3
[STDERR  ] 2019-09-23T11:38:35.868547225Z: [    1.702803] Hangcheck: starting hangcheck timer 0.9.1 (tick is 180 seconds, margin is 60 seconds).
[STDERR  ] 2019-09-23T11:38:35.868559820Z: [    1.711065] random: fast init done
[STDERR  ] 2019-09-23T11:38:35.868572687Z: [    1.715245] random: crng init done
[STDERR  ] 2019-09-23T11:38:35.868584316Z: [    1.719596] brd: module loaded
[STDERR  ] 2019-09-23T11:38:35.868596326Z: [    1.724945] loop: module loaded
[STDERR  ] 2019-09-23T11:38:35.868607959Z: [    1.732447] lpc_ich 0000:00:1f.0: I/O space for GPIO uninitialized
[STDERR  ] 2019-09-23T11:38:35.868620206Z: [    1.738143] VMware PVSCSI driver - version 1.0.7.0-k
[STDERR  ] 2019-09-23T11:38:35.868632250Z: [    1.742629] hv_vmbus: registering driver hv_storvsc
[STDERR  ] 2019-09-23T11:38:35.868644339Z: [    1.747542] ACPI: PCI Interrupt Link [GSIA] enabled at IRQ 16
[STDERR  ] 2019-09-23T11:38:35.868655841Z: [    1.755978] ahci 0000:00:1f.2: AHCI 0001.0000 32 slots 6 ports 1.5 Gbps 0x3f impl SATA mode
[STDERR  ] 2019-09-23T11:38:35.868668004Z: [    1.763302] ahci 0000:00:1f.2: flags: 64bit ncq only 
[STDERR  ] 2019-09-23T11:38:35.868683140Z: [    1.771455] scsi host0: ahci
[STDERR  ] 2019-09-23T11:38:35.868695180Z: [    1.774210] scsi host1: ahci
[STDERR  ] 2019-09-23T11:38:35.868710419Z: [    1.776948] scsi host2: ahci
[STDERR  ] 2019-09-23T11:38:35.868722070Z: [    1.779661] scsi host3: ahci
[STDERR  ] 2019-09-23T11:38:35.868733431Z: [    1.782380] scsi host4: ahci
[STDERR  ] 2019-09-23T11:38:35.868745173Z: [    1.785089] scsi host5: ahci
[STDERR  ] 2019-09-23T11:38:35.868757310Z: [    1.787756] ata1: SATA max UDMA/133 abar m4096@0xfebd2000 port 0xfebd2100 irq 24
[STDERR  ] 2019-09-23T11:38:35.868770514Z: [    1.794567] ata2: SATA max UDMA/133 abar m4096@0xfebd2000 port 0xfebd2180 irq 24
[STDERR  ] 2019-09-23T11:38:35.868787589Z: [    1.800914] ata3: SATA max UDMA/133 abar m4096@0xfebd2000 port 0xfebd2200 irq 24
[STDERR  ] 2019-09-23T11:38:35.868803227Z: [    1.807179] ata4: SATA max UDMA/133 abar m4096@0xfebd2000 port 0xfebd2280 irq 24
[STDERR  ] 2019-09-23T11:38:35.868815566Z: [    1.813408] ata5: SATA max UDMA/133 abar m4096@0xfebd2000 port 0xfebd2300 irq 24
[STDERR  ] 2019-09-23T11:38:35.868827313Z: [    1.819632] ata6: SATA max UDMA/133 abar m4096@0xfebd2000 port 0xfebd2380 irq 24
[STDERR  ] 2019-09-23T11:38:35.868838902Z: [    1.827937] tun: Universal TUN/TAP device driver, 1.6
[STDERR  ] 2019-09-23T11:38:35.868850911Z: [    1.836594] VMware vmxnet3 virtual NIC driver - version 1.4.a.0-k-NAPI
[STDERR  ] 2019-09-23T11:38:35.868863313Z: [    1.842154] hv_vmbus: registering driver hv_netvsc
[STDERR  ] 2019-09-23T11:38:35.868878928Z: [    1.846238] Fusion MPT base driver 3.04.20
[STDERR  ] 2019-09-23T11:38:35.868892563Z: [    1.849700] Copyright (c) 1999-2008 LSI Corporation
[STDERR  ] 2019-09-23T11:38:35.868908854Z: [    1.854471] Fusion MPT SPI Host driver 3.04.20
[STDERR  ] 2019-09-23T11:38:35.868920595Z: [    1.859193] i8042: PNP: PS/2 Controller [PNP0303:KBD,PNP0f13:MOU] at 0x60,0x64 irq 1,12
[STDERR  ] 2019-09-23T11:38:35.868933794Z: [    1.871397] serio: i8042 KBD port at 0x60,0x64 irq 1
[STDERR  ] 2019-09-23T11:38:35.868949511Z: [    1.875896] serio: i8042 AUX port at 0x60,0x64 irq 12
[STDERR  ] 2019-09-23T11:38:35.868962507Z: [    1.880524] hv_vmbus: registering driver hyperv_keyboard
[STDERR  ] 2019-09-23T11:38:35.868979145Z: [    1.885472] mousedev: PS/2 mouse device common for all mice
[STDERR  ] 2019-09-23T11:38:35.868991565Z: [    1.891925] input: AT Translated Set 2 keyboard as /devices/platform/i8042/serio0/input/input1
[STDERR  ] 2019-09-23T11:38:35.869004861Z: [    1.899711] input: PC Speaker as /devices/platform/pcspkr/input/input2
[STDERR  ] 2019-09-23T11:38:35.869017704Z: [    1.907424] rtc_cmos 00:00: RTC can wake from S4
[STDERR  ] 2019-09-23T11:38:35.869031502Z: [    1.913456] rtc_cmos 00:00: rtc core: registered rtc_cmos as rtc0
[STDERR  ] 2019-09-23T11:38:35.869049662Z: [    1.919794] rtc_cmos 00:00: alarms up to one day, y3k, 114 bytes nvram, hpet irqs
[STDERR  ] 2019-09-23T11:38:35.869063274Z: [    1.926467] i2c /dev entries driver
[STDERR  ] 2019-09-23T11:38:35.869079396Z: [    1.929828] device-mapper: ioctl: 4.37.0-ioctl (2017-09-20) initialised: dm-devel@redhat.com
[STDERR  ] 2019-09-23T11:38:35.869095311Z: [    1.938250] usbcore: registered new interface driver usbhid
[STDERR  ] 2019-09-23T11:38:35.869108661Z: [    1.943368] usbhid: USB HID core driver
[STDERR  ] 2019-09-23T11:38:35.869122303Z: [    1.947584] hv_utils: Registering HyperV Utility Driver
[STDERR  ] 2019-09-23T11:38:35.869135082Z: [    1.952993] hv_vmbus: registering driver hv_util
[STDERR  ] 2019-09-23T11:38:35.869147104Z: [    1.957465] hv_vmbus: registering driver hv_balloon
[STDERR  ] 2019-09-23T11:38:35.869159583Z: [    1.961921] oprofile: using NMI interrupt.
[STDERR  ] 2019-09-23T11:38:35.869171594Z: [    1.965769] GACT probability on
[STDERR  ] 2019-09-23T11:38:35.869183914Z: [    1.968636] Mirror/redirect action on
[STDERR  ] 2019-09-23T11:38:35.869197519Z: [    1.971892] Simple TC action Loaded
[STDERR  ] 2019-09-23T11:38:35.869210614Z: [    1.974982] u32 classifier
[STDERR  ] 2019-09-23T11:38:35.869224212Z: [    1.977408]     Performance counters on
[STDERR  ] 2019-09-23T11:38:35.869237512Z: [    1.980827]     input device check on
[STDERR  ] 2019-09-23T11:38:35.869250754Z: [    1.984533]     Actions configured
[STDERR  ] 2019-09-23T11:38:35.869263998Z: [    1.987797] Netfilter messages via NETLINK v0.30.
[STDERR  ] 2019-09-23T11:38:35.869276791Z: [    1.992088] nfnl_acct: registering with nfnetlink.
[STDERR  ] 2019-09-23T11:38:35.869288503Z: [    1.996255] nf_conntrack version 0.5.0 (8192 buckets, 32768 max)
[STDERR  ] 2019-09-23T11:38:35.869301795Z: [    2.001421] ctnetlink v0.93: registering with nfnetlink.
[STDERR  ] 2019-09-23T11:38:35.869318033Z: [    2.005976] nf_tables: (c) 2007-2009 Patrick McHardy <kaber@trash.net>
[STDERR  ] 2019-09-23T11:38:35.869336000Z: [    2.011475] nf_tables_compat: (c) 2012 Pablo Neira Ayuso <pablo@netfilter.org>
[STDERR  ] 2019-09-23T11:38:35.869356869Z: [    2.017599] xt_time: kernel timezone is -0000
[STDERR  ] 2019-09-23T11:38:35.869370597Z: [    2.021371] ip_set: protocol 6
[STDERR  ] 2019-09-23T11:38:35.869384407Z: [    2.024117] ipip: IPv4 and MPLS over IPv4 tunneling driver
[STDERR  ] 2019-09-23T11:38:35.869397480Z: [    2.028934] gre: GRE over IPv4 demultiplexor driver
[STDERR  ] 2019-09-23T11:38:35.869410435Z: [    2.033402] ip_tables: (C) 2000-2006 Netfilter Core Team
[STDERR  ] 2019-09-23T11:38:35.869424399Z: [    2.038718] arp_tables: arp_tables: (C) 2002 David S. Miller
[STDERR  ] 2019-09-23T11:38:35.869436310Z: [    2.044101] NET: Registered protocol family 10
[STDERR  ] 2019-09-23T11:38:35.869450773Z: [    2.048342] Segment Routing with IPv6
[STDERR  ] 2019-09-23T11:38:35.869468056Z: [    2.051774] ip6_tables: (C) 2000-2006 Netfilter Core Team
[STDERR  ] 2019-09-23T11:38:35.869481221Z: [    2.056918] NET: Registered protocol family 17
[STDERR  ] 2019-09-23T11:38:35.869520586Z: [    2.060745] Bridge firewalling registered
[STDERR  ] 2019-09-23T11:38:35.869536708Z: [    2.064375] 8021q: 802.1Q VLAN Support v1.8
[STDERR  ] 2019-09-23T11:38:35.869548602Z: [    2.068074] 9pnet: Installing 9P2000 support
[STDERR  ] 2019-09-23T11:38:35.869564978Z: [    2.071937] Key type dns_resolver registered
[STDERR  ] 2019-09-23T11:38:35.869578781Z: [    2.075877] registered taskstats version 1
[STDERR  ] 2019-09-23T11:38:35.869597109Z: [    2.086993] Key type big_key registered
[STDERR  ] 2019-09-23T11:38:35.869610025Z: [    2.093932] Key type trusted registered
[STDERR  ] 2019-09-23T11:38:35.869627398Z: [    2.100911] Key type encrypted registered
[STDERR  ] 2019-09-23T11:38:35.869639007Z: [    2.104665] ima: No TPM chip found, activating TPM-bypass! (rc=-19)
[STDERR  ] 2019-09-23T11:38:35.869652586Z: [    2.110231] ima: Allocated hash algorithm: sha256
[STDERR  ] 2019-09-23T11:38:35.869664869Z: [    2.114339] evm: HMAC attrs: 0x1
[STDERR  ] 2019-09-23T11:38:35.869677446Z: [    2.119222] rtc_cmos 00:00: setting system clock to 2019-09-23 11:38:31 UTC (1569238711)
[STDERR  ] 2019-09-23T11:38:35.869696199Z: [    2.137247] ata1: SATA link down (SStatus 0 SControl 300)
[STDERR  ] 2019-09-23T11:38:35.869708468Z: [    2.143267] ata3: SATA link up 1.5 Gbps (SStatus 113 SControl 300)
[STDERR  ] 2019-09-23T11:38:35.869721284Z: [    2.149529] ata2: SATA link down (SStatus 0 SControl 300)
[STDERR  ] 2019-09-23T11:38:35.869734404Z: [    2.154841] ata4: SATA link down (SStatus 0 SControl 300)
[STDERR  ] 2019-09-23T11:38:35.869746281Z: [    2.160144] ata6: SATA link down (SStatus 0 SControl 300)
[STDERR  ] 2019-09-23T11:38:35.869758984Z: [    2.165436] ata5: SATA link down (SStatus 0 SControl 300)
[STDERR  ] 2019-09-23T11:38:35.869771809Z: [    2.170227] ata3.00: ATAPI: QEMU DVD-ROM, 2.5+, max UDMA/100
[STDERR  ] 2019-09-23T11:38:35.869784017Z: [    2.174996] ata3.00: applying bridge limits
[STDERR  ] 2019-09-23T11:38:35.869796212Z: [    2.179080] ata3.00: configured for UDMA/100
[STDERR  ] 2019-09-23T11:38:35.869808870Z: [    2.183735] scsi 2:0:0:0: CD-ROM            QEMU     QEMU DVD-ROM     2.5+ PQ: 0 ANSI: 5
[STDERR  ] 2019-09-23T11:38:35.869821590Z: [    2.206147] sr 2:0:0:0: [sr0] scsi3-mmc drive: 4x/4x cd/rw xa/form2 tray
[STDERR  ] 2019-09-23T11:38:35.869837780Z: [    2.212213] cdrom: Uniform CD-ROM driver Revision: 3.20
[STDERR  ] 2019-09-23T11:38:35.869853859Z: [    2.217579] sr 2:0:0:0: Attached scsi generic sg0 type 5
[STDERR  ] 2019-09-23T11:38:35.869871389Z: [    2.224303] Freeing unused kernel memory: 1532K
[STDERR  ] 2019-09-23T11:38:35.869882927Z: [    2.230151] Write protecting the kernel read-only data: 18432k
[STDERR  ] 2019-09-23T11:38:35.869894900Z: [    2.235957] Freeing unused kernel memory: 2024K
[STDERR  ] 2019-09-23T11:38:35.869906996Z: [    2.243456] Freeing unused kernel memory: 1168K
[STDERR  ] 2019-09-23T11:38:35.869918876Z: 
[STDERR  ] 2019-09-23T11:38:35.869931513Z: Welcome to LinuxKit
[STDERR  ] 2019-09-23T11:38:35.869948402Z: 
[STDERR  ] 2019-09-23T11:38:35.869961364Z:                         ##         .
[STDERR  ] 2019-09-23T11:38:35.870288761Z:                   ## ## ##        ==
[STDERR  ] 2019-09-23T11:38:35.870333632Z:                ## ## ## ## ##    ===
[STDERR  ] 2019-09-23T11:38:35.870399658Z:            /"""""""""""""""""\___/ ===
[STDERR  ] 2019-09-23T11:38:35.870446011Z:           {                       /  ===-
[STDERR  ] 2019-09-23T11:38:35.870493926Z:            \______ O           __/
[STDERR  ] 2019-09-23T11:38:35.870538968Z:              \    \         __/
[STDERR  ] 2019-09-23T11:38:35.870591475Z:               \____\_______/
[STDERR  ] 2019-09-23T11:38:35.870637734Z: 
[STDERR  ] 2019-09-23T11:38:35.870681838Z: [    2.747315] hello_world: loading out-of-tree module taints kernel.
[STDERR  ] 2019-09-23T11:38:35.870736009Z: [    2.752910] Hello LinuxKit
[STDERR  ] 2019-09-23T11:38:35.870782539Z: [    2.759126] Goodbye LinuxKit.
[STDERR  ] 2019-09-23T11:38:35.870839590Z: Linux linuxkit-6ae95f6baca9 4.14.142-linuxkit #1 SMP Tue Sep 17 22:06:26 UTC 2019 x86_64 Linux
[STDERR  ] 2019-09-23T11:38:35.870891038Z: filename:       hello_world.ko
[STDERR  ] 2019-09-23T11:38:35.870949017Z: author:         Rolf Neugebauer <rolf.neugebauer@docker.com>
[STDERR  ] 2019-09-23T11:38:35.871004926Z: description:    A simple Hello World kernel module for testing
[STDERR  ] 2019-09-23T11:38:35.871051914Z: license:        GPL
[STDERR  ] 2019-09-23T11:38:35.871107067Z: depends:        
[STDERR  ] 2019-09-23T11:38:35.871153087Z: vermagic:       4.14.142-linuxkit SMP mod_unload modversions RANDSTRUCT_PLUGIN_5c3881ce9d9794458020b3303a2538bce3c92f6e57f03ed3f643160f500163d9
[STDERR  ] 2019-09-23T11:38:35.871216010Z: Kernel module test suite PASSED
[STDERR  ] 2019-09-23T11:38:35.871260887Z: [    5.874548] ACPI: Preparing to enter system sleep state S5
[STDERR  ] 2019-09-23T11:38:35.871308508Z: [    5.879758] reboot: Power down
[STDERR  ] 2019-09-23T11:38:35.871361687Z: + exit 0
[STDERR  ] 2019-09-23T11:38:35.871409769Z: + clean_up
[STDERR  ] 2019-09-23T11:38:35.871456557Z: + docker rmi kmod-test
[STDOUT  ] 2019-09-23T11:38:35.937953836Z: Untagged: kmod-test:latest
[STDOUT  ] 2019-09-23T11:38:35.938027387Z: Deleted: sha256:a2c62399a9aef669b9b3a61e675e6325c56ef8bff42221ca4fa42f0956a6c525
[STDOUT  ] 2019-09-23T11:38:35.938035213Z: Deleted: sha256:75e3341fd41a74be3fb8bc6e78830ca0d83ed514bad575059d1ecf42c9917f7e
[STDOUT  ] 2019-09-23T11:38:35.938041488Z: Deleted: sha256:de3ab7251927138b0e3ad366d1ff362ee1c0424b62d8173e54e2991804a68567
[STDOUT  ] 2019-09-23T11:38:35.938047433Z: Deleted: sha256:04a904388ed519ae31638ef80dca4be3bb700ec1f057c95f9ec095111be496a2
[STDOUT  ] 2019-09-23T11:38:35.938053736Z: Deleted: sha256:9a73d6a024897250b7449e1d8ba5c09ec190a2d79b4dac8db7631711586f1e5e
[STDERR  ] 2019-09-23T11:38:35.939401210Z: + rm -rf kmod-cmdline kmod-initrd.img kmod-kernel kmod-state
[PASS    ] linuxkit.kernel.kmod_4.14.x 33.17s
