[INFO    ] 2017-10-21T11:57:38.303561991Z: Running Test linuxkit.kernel.config_4.9.x in /tmp/with_cloneec1fd16/test/cases/020_kernel/001_config_4.9.x
[INFO    ] 2017-10-21T11:57:38.303703574Z: Running command: [/bin/sh -x /tmp/with_cloneec1fd16/test/cases/020_kernel/001_config_4.9.x/test.sh]
[STDERR  ] 2017-10-21T11:57:38.304206422Z: + set -e
[STDERR  ] 2017-10-21T11:57:38.304253555Z: + . /tmp/with_cloneec1fd16/test/cases/_lib/lib.sh
[STDERR  ] 2017-10-21T11:57:38.30426686Z: + [ -f src/github.com/linuxkit/rtf/lib/lib.sh ]
[STDERR  ] 2017-10-21T11:57:38.304286738Z: + LINUXKIT_TMPDIR=/tmp/with_cloneec1fd16/test/cases/_tmp
[STDERR  ] 2017-10-21T11:57:38.304316929Z: + [ -f /tmp/with_cloneec1fd16/test/cases/_tmp/env.sh ]
[STDERR  ] 2017-10-21T11:57:38.304330946Z: + . /tmp/with_cloneec1fd16/test/cases/_tmp/env.sh
[STDERR  ] 2017-10-21T11:57:38.30434476Z: + export LINUXKIT_EXAMPLES_DIR=/tmp/with_cloneec1fd16/test/cases/../../examples
[STDERR  ] 2017-10-21T11:57:38.304358703Z: + export LINUXKIT_BLUEPRINTS_DIR=/tmp/with_cloneec1fd16/test/cases/../../blueprints
[STDERR  ] 2017-10-21T11:57:38.304372925Z: + RT_CANCEL=253
[STDERR  ] 2017-10-21T11:57:38.304386525Z: + NAME=kconfig
[STDERR  ] 2017-10-21T11:57:38.304399342Z: + trap clean_up EXIT
[STDERR  ] 2017-10-21T11:57:38.304425444Z: + moby build -format kernel+initrd -name kconfig test.yml
[STDERR  ] 2017-10-21T11:57:38.315134381Z: Extract kernel image: linuxkit/kernel:4.9.56
[STDERR  ] 2017-10-21T11:57:46.723606918Z: Add init containers:
[STDERR  ] 2017-10-21T11:57:50.931019168Z: Add onboot containers:
[STDERR  ] 2017-10-21T11:57:50.931104278Z:   Create OCI config for linuxkit/test-kernel-config:8b09b3d6e69440582e590a8981585851e9206bdc
[STDERR  ] 2017-10-21T11:57:51.95667817Z: time="2017-10-21T11:57:51Z" level=warning msg="certificate with CN Rolf Neugebauer is near expiry" 
[STDERR  ] 2017-10-21T11:57:51.959376458Z: time="2017-10-21T11:57:51Z" level=warning msg="certificate with CN Rolf Neugebauer is near expiry" 
[STDERR  ] 2017-10-21T11:57:52.744948871Z:   Create OCI config for linuxkit/poweroff:ffd3f539a6f4e67d4cd4ff36503636de35edd7b2
[STDERR  ] 2017-10-21T11:57:53.77709156Z: time="2017-10-21T11:57:53Z" level=warning msg="certificate with CN Rolf Neugebauer is near expiry" 
[STDERR  ] 2017-10-21T11:57:53.778638766Z: time="2017-10-21T11:57:53Z" level=warning msg="certificate with CN Rolf Neugebauer is near expiry" 
[STDERR  ] 2017-10-21T11:57:54.291029003Z: Create outputs:
[STDERR  ] 2017-10-21T11:57:58.584141395Z:   kconfig-kernel kconfig-initrd.img kconfig-cmdline
[STDERR  ] 2017-10-21T11:57:58.793988208Z: + linuxkit run kconfig
[STDERR  ] 2017-10-21T11:58:44.584979392Z: + RESULT=[    0.000000] Linux version 4.9.56-linuxkit (root@368f7e67b442) (gcc version 6.3.0 (Alpine 6.3.0) ) #1 SMP Sat Oct 14 12:45:06 UTC 2017
[STDERR  ] 2017-10-21T11:58:44.585058536Z: [    0.000000] Command line: console=ttyS0
[STDERR  ] 2017-10-21T11:58:44.585073538Z: [    0.000000] x86/fpu: Legacy x87 FPU detected.
[STDERR  ] 2017-10-21T11:58:44.585086789Z: [    0.000000] x86/fpu: Using 'eager' FPU context switches.
[STDERR  ] 2017-10-21T11:58:44.585100508Z: [    0.000000] e820: BIOS-provided physical RAM map:
[STDERR  ] 2017-10-21T11:58:44.585113513Z: [    0.000000] BIOS-e820: [mem 0x0000000000000000-0x000000000009fbff] usable
[STDERR  ] 2017-10-21T11:58:44.585126651Z: [    0.000000] BIOS-e820: [mem 0x000000000009fc00-0x000000000009ffff] reserved
[STDERR  ] 2017-10-21T11:58:44.58513975Z: [    0.000000] BIOS-e820: [mem 0x00000000000f0000-0x00000000000fffff] reserved
[STDERR  ] 2017-10-21T11:58:44.585152406Z: [    0.000000] BIOS-e820: [mem 0x0000000000100000-0x000000003ffdefff] usable
[STDERR  ] 2017-10-21T11:58:44.58516547Z: [    0.000000] BIOS-e820: [mem 0x000000003ffdf000-0x000000003fffffff] reserved
[STDERR  ] 2017-10-21T11:58:44.585179492Z: [    0.000000] BIOS-e820: [mem 0x00000000b0000000-0x00000000bfffffff] reserved
[STDERR  ] 2017-10-21T11:58:44.585192962Z: [    0.000000] BIOS-e820: [mem 0x00000000fed1c000-0x00000000fed1ffff] reserved
[STDERR  ] 2017-10-21T11:58:44.585206185Z: [    0.000000] BIOS-e820: [mem 0x00000000fffc0000-0x00000000ffffffff] reserved
[STDERR  ] 2017-10-21T11:58:44.585243092Z: [    0.000000] NX (Execute Disable) protection: active
[STDERR  ] 2017-10-21T11:58:44.585252524Z: [    0.000000] SMBIOS 2.8 present.
[STDERR  ] 2017-10-21T11:58:44.585260122Z: [    0.000000] e820: last_pfn = 0x3ffdf max_arch_pfn = 0x400000000
[STDERR  ] 2017-10-21T11:58:44.585267655Z: [    0.000000] x86/PAT: Configuration [0-7]: WB  WC  UC- UC  WB  WC  UC- WT  
[STDERR  ] 2017-10-21T11:58:44.585275336Z: [    0.000000] found SMP MP-table at [mem 0x000f6aa0-0x000f6aaf] mapped at [ffff928a800f6aa0]
[STDERR  ] 2017-10-21T11:58:44.585283856Z: [    0.000000] RAMDISK: [mem 0x3e749000-0x3ffcffff]
[STDERR  ] 2017-10-21T11:58:44.585291289Z: [    0.000000] ACPI: Early table checksum verification disabled
[STDERR  ] 2017-10-21T11:58:44.585298504Z: [    0.000000] ACPI: RSDP 0x00000000000F68C0 000014 (v00 BOCHS )
[STDERR  ] 2017-10-21T11:58:44.585305512Z: [    0.000000] ACPI: RSDT 0x000000003FFE2404 000034 (v01 BOCHS  BXPCRSDT 00000001 BXPC 00000001)
[STDERR  ] 2017-10-21T11:58:44.585312711Z: [    0.000000] ACPI: FACP 0x000000003FFE22A4 000074 (v01 BOCHS  BXPCFACP 00000001 BXPC 00000001)
[STDERR  ] 2017-10-21T11:58:44.585319564Z: [    0.000000] ACPI: DSDT 0x000000003FFE0040 002264 (v01 BOCHS  BXPCDSDT 00000001 BXPC 00000001)
[STDERR  ] 2017-10-21T11:58:44.585326582Z: [    0.000000] ACPI: FACS 0x000000003FFE0000 000040
[STDERR  ] 2017-10-21T11:58:44.585334993Z: [    0.000000] ACPI: APIC 0x000000003FFE2318 000078 (v01 BOCHS  BXPCAPIC 00000001 BXPC 00000001)
[STDERR  ] 2017-10-21T11:58:44.58534263Z: [    0.000000] ACPI: HPET 0x000000003FFE2390 000038 (v01 BOCHS  BXPCHPET 00000001 BXPC 00000001)
[STDERR  ] 2017-10-21T11:58:44.585349921Z: [    0.000000] ACPI: MCFG 0x000000003FFE23C8 00003C (v01 BOCHS  BXPCMCFG 00000001 BXPC 00000001)
[STDERR  ] 2017-10-21T11:58:44.585357131Z: [    0.000000] Zone ranges:
[STDERR  ] 2017-10-21T11:58:44.58536442Z: [    0.000000]   DMA      [mem 0x0000000000001000-0x0000000000ffffff]
[STDERR  ] 2017-10-21T11:58:44.585376908Z: [    0.000000]   DMA32    [mem 0x0000000001000000-0x000000003ffdefff]
[STDERR  ] 2017-10-21T11:58:44.585383896Z: [    0.000000]   Normal   empty
[STDERR  ] 2017-10-21T11:58:44.585390857Z: [    0.000000] Movable zone start for each node
[STDERR  ] 2017-10-21T11:58:44.585397768Z: [    0.000000] Early memory node ranges
[STDERR  ] 2017-10-21T11:58:44.585405498Z: [    0.000000]   node   0: [mem 0x0000000000001000-0x000000000009efff]
[STDERR  ] 2017-10-21T11:58:44.585412607Z: [    0.000000]   node   0: [mem 0x0000000000100000-0x000000003ffdefff]
[STDERR  ] 2017-10-21T11:58:44.585419203Z: [    0.000000] Initmem setup node 0 [mem 0x0000000000001000-0x000000003ffdefff]
[STDERR  ] 2017-10-21T11:58:44.58542556Z: [    0.000000] ACPI: PM-Timer IO Port: 0x608
[STDERR  ] 2017-10-21T11:58:44.585432537Z: [    0.000000] ACPI: LAPIC_NMI (acpi_id[0xff] dfl dfl lint[0x1])
[STDERR  ] 2017-10-21T11:58:44.585446548Z: [    0.000000] IOAPIC[0]: apic_id 0, version 32, address 0xfec00000, GSI 0-23
[STDERR  ] 2017-10-21T11:58:44.585454171Z: [    0.000000] ACPI: INT_SRC_OVR (bus 0 bus_irq 0 global_irq 2 dfl dfl)
[STDERR  ] 2017-10-21T11:58:44.585461187Z: [    0.000000] ACPI: INT_SRC_OVR (bus 0 bus_irq 5 global_irq 5 high level)
[STDERR  ] 2017-10-21T11:58:44.585468912Z: [    0.000000] ACPI: INT_SRC_OVR (bus 0 bus_irq 9 global_irq 9 high level)
[STDERR  ] 2017-10-21T11:58:44.585475786Z: [    0.000000] ACPI: INT_SRC_OVR (bus 0 bus_irq 10 global_irq 10 high level)
[STDERR  ] 2017-10-21T11:58:44.585482487Z: [    0.000000] ACPI: INT_SRC_OVR (bus 0 bus_irq 11 global_irq 11 high level)
[STDERR  ] 2017-10-21T11:58:44.585488888Z: [    0.000000] Using ACPI (MADT) for SMP configuration information
[STDERR  ] 2017-10-21T11:58:44.58549611Z: [    0.000000] ACPI: HPET id: 0x8086a201 base: 0xfed00000
[STDERR  ] 2017-10-21T11:58:44.585503187Z: [    0.000000] smpboot: Allowing 1 CPUs, 0 hotplug CPUs
[STDERR  ] 2017-10-21T11:58:44.585509907Z: [    0.000000] e820: [mem 0x40000000-0xafffffff] available for PCI devices
[STDERR  ] 2017-10-21T11:58:44.585516386Z: [    0.000000] Booting paravirtualized kernel on bare hardware
[STDERR  ] 2017-10-21T11:58:44.585525732Z: [    0.000000] clocksource: refined-jiffies: mask: 0xffffffff max_cycles: 0xffffffff, max_idle_ns: 19112604462750000 ns
[STDERR  ] 2017-10-21T11:58:44.585535799Z: [    0.000000] setup_percpu: NR_CPUS:128 nr_cpumask_bits:128 nr_cpu_ids:1 nr_node_ids:1
[STDERR  ] 2017-10-21T11:58:44.585543089Z: [    0.000000] percpu: Embedded 35 pages/cpu @ffff928abe400000 s105240 r8192 d29928 u2097152
[STDERR  ] 2017-10-21T11:58:44.585549898Z: [    0.000000] Built 1 zonelists in Zone order, mobility grouping on.  Total pages: 257896
[STDERR  ] 2017-10-21T11:58:44.585556502Z: [    0.000000] Kernel command line: console=ttyS0
[STDERR  ] 2017-10-21T11:58:44.58556343Z: [    0.000000] PID hash table entries: 4096 (order: 3, 32768 bytes)
[STDERR  ] 2017-10-21T11:58:44.585570064Z: [    0.000000] Dentry cache hash table entries: 131072 (order: 8, 1048576 bytes)
[STDERR  ] 2017-10-21T11:58:44.585576627Z: [    0.000000] Inode-cache hash table entries: 65536 (order: 7, 524288 bytes)
[STDERR  ] 2017-10-21T11:58:44.585583727Z: [    0.000000] Memory: 989056K/1048052K available (8053K kernel code, 1367K rwdata, 2704K rodata, 1380K init, 568K bss, 58996K reserved, 0K cma-reserved)
[STDERR  ] 2017-10-21T11:58:44.585592471Z: [    0.000000] Hierarchical RCU implementation.
[STDERR  ] 2017-10-21T11:58:44.585599516Z: [    0.000000] 	Build-time adjustment of leaf fanout to 64.
[STDERR  ] 2017-10-21T11:58:44.585606083Z: [    0.000000] 	RCU restricting CPUs from NR_CPUS=128 to nr_cpu_ids=1.
[STDERR  ] 2017-10-21T11:58:44.58561319Z: [    0.000000] RCU: Adjusting geometry for rcu_fanout_leaf=64, nr_cpu_ids=1
[STDERR  ] 2017-10-21T11:58:44.585619984Z: [    0.000000] NR_IRQS:8448 nr_irqs:256 16
[STDERR  ] 2017-10-21T11:58:44.585626728Z: [    0.000000] Console: colour VGA+ 80x25
[STDERR  ] 2017-10-21T11:58:44.5856333Z: [    0.000000] console [ttyS0] enabled
[STDERR  ] 2017-10-21T11:58:44.585640799Z: [    0.000000] clocksource: hpet: mask: 0xffffffff max_cycles: 0xffffffff, max_idle_ns: 19112604467 ns
[STDERR  ] 2017-10-21T11:58:44.585650345Z: [    0.000000] tsc: Fast TSC calibration using PIT
[STDERR  ] 2017-10-21T11:58:44.585656915Z: [    0.000000] tsc: Detected 2300.077 MHz processor
[STDERR  ] 2017-10-21T11:58:44.585663395Z: [    0.021363] Calibrating delay loop (skipped), value calculated using timer frequency.. 4600.15 BogoMIPS (lpj=23000770)
[STDERR  ] 2017-10-21T11:58:44.58567007Z: [    0.022419] pid_max: default: 32768 minimum: 301
[STDERR  ] 2017-10-21T11:58:44.585677441Z: [    0.023313] ACPI: Core revision 20160831
[STDERR  ] 2017-10-21T11:58:44.585684546Z: [    0.072693] ACPI: 1 ACPI AML tables successfully acquired and loaded
[STDERR  ] 2017-10-21T11:58:44.585691437Z: [    0.075928] Security Framework initialized
[STDERR  ] 2017-10-21T11:58:44.58569817Z: [    0.076322] Yama: becoming mindful.
[STDERR  ] 2017-10-21T11:58:44.585704983Z: [    0.078711] Mount-cache hash table entries: 2048 (order: 2, 16384 bytes)
[STDERR  ] 2017-10-21T11:58:44.585712363Z: [    0.079260] Mountpoint-cache hash table entries: 2048 (order: 2, 16384 bytes)
[STDERR  ] 2017-10-21T11:58:44.585718792Z: [    0.098296] Last level iTLB entries: 4KB 0, 2MB 0, 4MB 0
[STDERR  ] 2017-10-21T11:58:44.58572616Z: [    0.098822] Last level dTLB entries: 4KB 0, 2MB 0, 4MB 0, 1GB 0
[STDERR  ] 2017-10-21T11:58:44.585732904Z: [    0.522138] Freeing SMP alternatives memory: 20K
[STDERR  ] 2017-10-21T11:58:44.585739474Z: [    0.530744] ftrace: allocating 35582 entries in 139 pages
[STDERR  ] 2017-10-21T11:58:44.585745824Z: [    0.704499] smpboot: Max logical packages: 1
[STDERR  ] 2017-10-21T11:58:44.585752146Z: [    0.709726] ..TIMER: vector=0x30 apic1=0 pin1=2 apic2=-1 pin2=-1
[STDERR  ] 2017-10-21T11:58:44.585759347Z: [    0.810000] smpboot: CPU0: AMD QEMU Virtual CPU version 2.5+ (family: 0x6, model: 0x6, stepping: 0x3)
[STDERR  ] 2017-10-21T11:58:44.585765995Z: [    0.810000] Performance Events: PMU not available due to virtualization, using software events only.
[STDERR  ] 2017-10-21T11:58:44.58577235Z: [    0.817277] NMI watchdog: disabled (cpu0): hardware events not enabled
[STDERR  ] 2017-10-21T11:58:44.585781896Z: [    0.817742] NMI watchdog: Shutting down hard lockup detector on all cpus
[STDERR  ] 2017-10-21T11:58:44.585788331Z: [    0.820487] x86: Booted up 1 node, 1 CPUs
[STDERR  ] 2017-10-21T11:58:44.58579479Z: [    0.820855] smpboot: Total of 1 processors activated (4600.15 BogoMIPS)
[STDERR  ] 2017-10-21T11:58:44.585801551Z: [    0.835433] devtmpfs: initialized
[STDERR  ] 2017-10-21T11:58:44.585808351Z: [    0.840275] x86/mm: Memory block size: 128MB
[STDERR  ] 2017-10-21T11:58:44.585814711Z: [    0.907504] clocksource: jiffies: mask: 0xffffffff max_cycles: 0xffffffff, max_idle_ns: 19112604462750000 ns
[STDERR  ] 2017-10-21T11:58:44.585821192Z: [    0.908348] futex hash table entries: 256 (order: 2, 16384 bytes)
[STDERR  ] 2017-10-21T11:58:44.585828185Z: [    0.917205] NET: Registered protocol family 16
[STDERR  ] 2017-10-21T11:58:44.585834625Z: [    0.927010] cpuidle: using governor ladder
[STDERR  ] 2017-10-21T11:58:44.585841459Z: [    0.927429] cpuidle: using governor menu
[STDERR  ] 2017-10-21T11:58:44.585848133Z: [    0.928475] ACPI: bus type PCI registered
[STDERR  ] 2017-10-21T11:58:44.585860168Z: [    0.931356] PCI: MMCONFIG for domain 0000 [bus 00-ff] at [mem 0xb0000000-0xbfffffff] (base 0xb0000000)
[STDERR  ] 2017-10-21T11:58:44.585867414Z: [    0.932113] PCI: MMCONFIG at [mem 0xb0000000-0xbfffffff] reserved in E820
[STDERR  ] 2017-10-21T11:58:44.585874092Z: [    0.933390] PCI: Using configuration type 1 for base access
[STDERR  ] 2017-10-21T11:58:44.585881123Z: [    0.989481] HugeTLB registered 2 MB page size, pre-allocated 0 pages
[STDERR  ] 2017-10-21T11:58:44.585887974Z: [    0.999847] ACPI: Added _OSI(Module Device)
[STDERR  ] 2017-10-21T11:58:44.585894819Z: [    1.000061] ACPI: Added _OSI(Processor Device)
[STDERR  ] 2017-10-21T11:58:44.585901566Z: [    1.000383] ACPI: Added _OSI(3.0 _SCP Extensions)
[STDERR  ] 2017-10-21T11:58:44.585908067Z: [    1.000707] ACPI: Added _OSI(Processor Aggregator Device)
[STDERR  ] 2017-10-21T11:58:44.585917873Z: [    1.080318] ACPI: Interpreter enabled
[STDERR  ] 2017-10-21T11:58:44.585924372Z: [    1.081102] ACPI: (supports S0 S5)
[STDERR  ] 2017-10-21T11:58:44.585931129Z: [    1.081391] ACPI: Using IOAPIC for interrupt routing
[STDERR  ] 2017-10-21T11:58:44.585938367Z: [    1.083129] PCI: Using host bridge windows from ACPI; if necessary, use "pci=nocrs" and report a bug
[STDERR  ] 2017-10-21T11:58:44.585944946Z: [    1.147642] ACPI: PCI Root Bridge [PCI0] (domain 0000 [bus 00-ff])
[STDERR  ] 2017-10-21T11:58:44.585951571Z: [    1.148538] acpi PNP0A08:00: _OSC: OS supports [ExtendedConfig ASPM ClockPM Segments MSI]
[STDERR  ] 2017-10-21T11:58:44.585958413Z: [    1.154433] acpi PNP0A08:00: _OSC: OS now controls [PCIeHotplug PME PCIeCapability]
[STDERR  ] 2017-10-21T11:58:44.585966021Z: [    1.157922] PCI host bridge to bus 0000:00
[STDERR  ] 2017-10-21T11:58:44.585972504Z: [    1.158341] pci_bus 0000:00: root bus resource [io  0x0000-0x0cf7 window]
[STDERR  ] 2017-10-21T11:58:44.585979551Z: [    1.158802] pci_bus 0000:00: root bus resource [io  0x0d00-0xffff window]
[STDERR  ] 2017-10-21T11:58:44.585986127Z: [    1.159274] pci_bus 0000:00: root bus resource [mem 0x000a0000-0x000bffff window]
[STDERR  ] 2017-10-21T11:58:44.585992306Z: [    1.159754] pci_bus 0000:00: root bus resource [mem 0xc0000000-0xfebfffff window]
[STDERR  ] 2017-10-21T11:58:44.585998563Z: [    1.160167] pci_bus 0000:00: root bus resource [bus 00-ff]
[STDERR  ] 2017-10-21T11:58:44.586005502Z: [    1.272097] pci 0000:00:1f.0: quirk: [io  0x0600-0x067f] claimed by ICH6 ACPI/GPIO/TCO
[STDERR  ] 2017-10-21T11:58:44.586011934Z: [    1.331493] ACPI: PCI Interrupt Link [LNKA] (IRQs 5 *10 11)
[STDERR  ] 2017-10-21T11:58:44.586018826Z: [    1.333489] ACPI: PCI Interrupt Link [LNKB] (IRQs 5 *10 11)
[STDERR  ] 2017-10-21T11:58:44.586026025Z: [    1.335268] ACPI: PCI Interrupt Link [LNKC] (IRQs 5 10 *11)
[STDERR  ] 2017-10-21T11:58:44.586032549Z: [    1.336995] ACPI: PCI Interrupt Link [LNKD] (IRQs 5 10 *11)
[STDERR  ] 2017-10-21T11:58:44.586042001Z: [    1.338713] ACPI: PCI Interrupt Link [LNKE] (IRQs 5 *10 11)
[STDERR  ] 2017-10-21T11:58:44.586049054Z: [    1.340890] ACPI: PCI Interrupt Link [LNKF] (IRQs 5 *10 11)
[STDERR  ] 2017-10-21T11:58:44.58605589Z: [    1.342613] ACPI: PCI Interrupt Link [LNKG] (IRQs 5 10 *11)
[STDERR  ] 2017-10-21T11:58:44.586062621Z: [    1.344355] ACPI: PCI Interrupt Link [LNKH] (IRQs 5 10 *11)
[STDERR  ] 2017-10-21T11:58:44.586069447Z: [    1.345167] ACPI: PCI Interrupt Link [GSIA] (IRQs *16)
[STDERR  ] 2017-10-21T11:58:44.586075804Z: [    1.345777] ACPI: PCI Interrupt Link [GSIB] (IRQs *17)
[STDERR  ] 2017-10-21T11:58:44.586082202Z: [    1.346378] ACPI: PCI Interrupt Link [GSIC] (IRQs *18)
[STDERR  ] 2017-10-21T11:58:44.58608878Z: [    1.346977] ACPI: PCI Interrupt Link [GSID] (IRQs *19)
[STDERR  ] 2017-10-21T11:58:44.586095933Z: [    1.347579] ACPI: PCI Interrupt Link [GSIE] (IRQs *20)
[STDERR  ] 2017-10-21T11:58:44.586102934Z: [    1.348178] ACPI: PCI Interrupt Link [GSIF] (IRQs *21)
[STDERR  ] 2017-10-21T11:58:44.586109376Z: [    1.348777] ACPI: PCI Interrupt Link [GSIG] (IRQs *22)
[STDERR  ] 2017-10-21T11:58:44.586115714Z: [    1.349376] ACPI: PCI Interrupt Link [GSIH] (IRQs *23)
[STDERR  ] 2017-10-21T11:58:44.586121943Z: [    1.353054] ACPI: Enabled 2 GPEs in block 00 to 3F
[STDERR  ] 2017-10-21T11:58:44.586128231Z: [    1.357324] SCSI subsystem initialized
[STDERR  ] 2017-10-21T11:58:44.586134928Z: [    1.359141] ACPI: bus type USB registered
[STDERR  ] 2017-10-21T11:58:44.586141858Z: [    1.360335] usbcore: registered new interface driver usbfs
[STDERR  ] 2017-10-21T11:58:44.586148312Z: [    1.361237] usbcore: registered new interface driver hub
[STDERR  ] 2017-10-21T11:58:44.586154879Z: [    1.362006] usbcore: registered new device driver usb
[STDERR  ] 2017-10-21T11:58:44.586160991Z: [    1.363124] pps_core: LinuxPPS API ver. 1 registered
[STDERR  ] 2017-10-21T11:58:44.586167134Z: [    1.363473] pps_core: Software ver. 5.3.6 - Copyright 2005-2007 Rodolfo Giometti <giometti@linux.it>
[STDERR  ] 2017-10-21T11:58:44.58617596Z: [    1.364223] PTP clock support registered
[STDERR  ] 2017-10-21T11:58:44.586182337Z: [    1.365345] wmi: Mapper loaded
[STDERR  ] 2017-10-21T11:58:44.586189687Z: [    1.366431] PCI: Using ACPI for IRQ routing
[STDERR  ] 2017-10-21T11:58:44.586195909Z: [    1.385372] NetLabel: Initializing
[STDERR  ] 2017-10-21T11:58:44.586202713Z: [    1.385632] NetLabel:  domain hash size = 128
[STDERR  ] 2017-10-21T11:58:44.586208959Z: [    1.385927] NetLabel:  protocols = UNLABELED CIPSOv4
[STDERR  ] 2017-10-21T11:58:44.586215168Z: [    1.387716] NetLabel:  unlabeled traffic allowed by default
[STDERR  ] 2017-10-21T11:58:44.586221577Z: [    1.388605] HPET: 3 timers in total, 0 timers will be used for per-cpu timer
[STDERR  ] 2017-10-21T11:58:44.586227908Z: [    1.389327] hpet0: at MMIO 0xfed00000, IRQs 2, 8, 0
[STDERR  ] 2017-10-21T11:58:44.586234169Z: [    1.389793] hpet0: 3 comparators, 64-bit 100.000000 MHz counter
[STDERR  ] 2017-10-21T11:58:44.586240455Z: [    1.394846] clocksource: Switched to clocksource hpet
[STDERR  ] 2017-10-21T11:58:44.586249119Z: [    1.655662] VFS: Disk quotas dquot_6.6.0
[STDERR  ] 2017-10-21T11:58:44.586255577Z: [    1.656368] VFS: Dquot-cache hash table entries: 512 (order 0, 4096 bytes)
[STDERR  ] 2017-10-21T11:58:44.586262964Z: [    1.659315] FS-Cache: Loaded
[STDERR  ] 2017-10-21T11:58:44.586269988Z: [    1.664358] CacheFiles: Loaded
[STDERR  ] 2017-10-21T11:58:44.586276833Z: [    1.665954] pnp: PnP ACPI init
[STDERR  ] 2017-10-21T11:58:44.58628319Z: [    1.677703] pnp: PnP ACPI: found 5 devices
[STDERR  ] 2017-10-21T11:58:44.586289588Z: [    1.727825] clocksource: acpi_pm: mask: 0xffffff max_cycles: 0xffffff, max_idle_ns: 2085701024 ns
[STDERR  ] 2017-10-21T11:58:44.586298223Z: [    1.730765] NET: Registered protocol family 2
[STDERR  ] 2017-10-21T11:58:44.586307061Z: [    1.737717] TCP established hash table entries: 8192 (order: 4, 65536 bytes)
[STDERR  ] 2017-10-21T11:58:44.586314745Z: [    1.738437] TCP bind hash table entries: 8192 (order: 5, 131072 bytes)
[STDERR  ] 2017-10-21T11:58:44.586324111Z: [    1.739120] TCP: Hash tables configured (established 8192 bind 8192)
[STDERR  ] 2017-10-21T11:58:44.586331011Z: [    1.741185] UDP hash table entries: 512 (order: 2, 16384 bytes)
[STDERR  ] 2017-10-21T11:58:44.58633733Z: [    1.741734] UDP-Lite hash table entries: 512 (order: 2, 16384 bytes)
[STDERR  ] 2017-10-21T11:58:44.586344181Z: [    1.743964] NET: Registered protocol family 1
[STDERR  ] 2017-10-21T11:58:44.586351442Z: [    1.744858] pci 0000:00:01.0: Video device with shadowed ROM at [mem 0x000c0000-0x000dffff]
[STDERR  ] 2017-10-21T11:58:44.586358045Z: [    1.753058] Unpacking initramfs...
[STDERR  ] 2017-10-21T11:58:44.586364836Z: [    6.033945] Freeing initrd memory: 25116K
[STDERR  ] 2017-10-21T11:58:44.586371249Z: [    6.056931] PCLMULQDQ-NI instructions are not detected.
[STDERR  ] 2017-10-21T11:58:44.58637752Z: [    6.058021] AVX or AES-NI instructions are not detected.
[STDERR  ] 2017-10-21T11:58:44.586383752Z: [    6.058454] CPU feature 'AVX registers' is not supported.
[STDERR  ] 2017-10-21T11:58:44.586390104Z: [    6.058844] CPU feature 'AVX registers' is not supported.
[STDERR  ] 2017-10-21T11:58:44.586396481Z: [    6.059326] CPU feature 'AVX registers' is not supported.
[STDERR  ] 2017-10-21T11:58:44.586402931Z: [    6.059713] CPU feature 'AVX registers' is not supported.
[STDERR  ] 2017-10-21T11:58:44.586409159Z: [    6.060288] AVX2 or AES-NI instructions are not detected.
[STDERR  ] 2017-10-21T11:58:44.586415912Z: [    6.060682] AVX2 instructions are not detected.
[STDERR  ] 2017-10-21T11:58:44.586422223Z: [    6.065849] audit: initializing netlink subsys (disabled)
[STDERR  ] 2017-10-21T11:58:44.586428712Z: [    6.067380] audit: type=2000 audit(1508587085.060:1): initialized
[STDERR  ] 2017-10-21T11:58:44.586435077Z: [    6.075307] workingset: timestamp_bits=46 max_order=18 bucket_order=0
[STDERR  ] 2017-10-21T11:58:44.586441446Z: [    6.079825] squashfs: version 4.0 (2009/01/31) Phillip Lougher
[STDERR  ] 2017-10-21T11:58:44.586450025Z: [    6.082953] FS-Cache: Netfs 'cifs' registered for caching
[STDERR  ] 2017-10-21T11:58:44.586456568Z: [    6.083816] fuse init (API version 7.26)
[STDERR  ] 2017-10-21T11:58:44.586462923Z: [    6.085916] SGI XFS with ACLs, security attributes, no debug enabled
[STDERR  ] 2017-10-21T11:58:44.586469957Z: [    6.089885] 9p: Installing v9fs 9p2000 file system support
[STDERR  ] 2017-10-21T11:58:44.586476244Z: [    6.090737] FS-Cache: Netfs '9p' registered for caching
[STDERR  ] 2017-10-21T11:58:44.586482589Z: [    6.126283] NET: Registered protocol family 38
[STDERR  ] 2017-10-21T11:58:44.586488776Z: [    6.126811] Key type asymmetric registered
[STDERR  ] 2017-10-21T11:58:44.58649516Z: [    6.127143] Asymmetric key parser 'x509' registered
[STDERR  ] 2017-10-21T11:58:44.586501566Z: [    6.127887] Block layer SCSI generic (bsg) driver version 0.4 loaded (major 251)
[STDERR  ] 2017-10-21T11:58:44.586508389Z: [    6.129309] io scheduler noop registered
[STDERR  ] 2017-10-21T11:58:44.586515194Z: [    6.129634] io scheduler deadline registered (default)
[STDERR  ] 2017-10-21T11:58:44.586521641Z: [    6.131125] io scheduler cfq registered
[STDERR  ] 2017-10-21T11:58:44.586528106Z: [    6.133543] pci_hotplug: PCI Hot Plug PCI Core version: 0.5
[STDERR  ] 2017-10-21T11:58:44.586534591Z: [    6.134110] pciehp: PCI Express Hot Plug Controller Driver version: 0.4
[STDERR  ] 2017-10-21T11:58:44.586541172Z: [    6.134875] shpchp: Standard Hot Plug PCI Controller Driver version: 0.4
[STDERR  ] 2017-10-21T11:58:44.586547427Z: [    6.135676] hv_vmbus: registering driver hyperv_fb
[STDERR  ] 2017-10-21T11:58:44.586555978Z: [    6.138731] input: Power Button as /devices/LNXSYSTM:00/LNXPWRBN:00/input/input0
[STDERR  ] 2017-10-21T11:58:44.586562432Z: [    6.139810] ACPI: Power Button [PWRF]
[STDERR  ] 2017-10-21T11:58:44.586568975Z: [    6.145107] GHES: HEST is not enabled!
[STDERR  ] 2017-10-21T11:58:44.586575773Z: [    6.156959] ACPI: PCI Interrupt Link [GSIG] enabled at IRQ 22
[STDERR  ] 2017-10-21T11:58:44.586584898Z: [    6.169503] ACPI: PCI Interrupt Link [GSIH] enabled at IRQ 23
[STDERR  ] 2017-10-21T11:58:44.586591343Z: [    6.173479] xenfs: not registering filesystem on non-xen platform
[STDERR  ] 2017-10-21T11:58:44.586597633Z: [    6.175360] Serial: 8250/16550 driver, 4 ports, IRQ sharing disabled
[STDERR  ] 2017-10-21T11:58:44.586604974Z: [    6.200973] 00:04: ttyS0 at I/O 0x3f8 (irq = 4, base_baud = 115200) is a 16550A
[STDERR  ] 2017-10-21T11:58:44.586612017Z: [    6.211468] Non-volatile memory driver v1.3
[STDERR  ] 2017-10-21T11:58:44.586618815Z: [    6.217254] Hangcheck: starting hangcheck timer 0.9.1 (tick is 180 seconds, margin is 60 seconds).
[STDERR  ] 2017-10-21T11:58:44.586625354Z: [    6.220624] random: fast init done
[STDERR  ] 2017-10-21T11:58:44.586632226Z: [    6.221718] random: crng init done
[STDERR  ] 2017-10-21T11:58:44.586639111Z: [    6.269641] loop: module loaded
[STDERR  ] 2017-10-21T11:58:44.586646293Z: [    6.292571] nbd: registered device at major 43
[STDERR  ] 2017-10-21T11:58:44.586652679Z: [    6.351359] lpc_ich 0000:00:1f.0: I/O space for GPIO uninitialized
[STDERR  ] 2017-10-21T11:58:44.58665907Z: [    6.353067] VMware PVSCSI driver - version 1.0.7.0-k
[STDERR  ] 2017-10-21T11:58:44.586665457Z: [    6.353753] hv_vmbus: registering driver hv_storvsc
[STDERR  ] 2017-10-21T11:58:44.586671893Z: [    6.364060] ACPI: PCI Interrupt Link [GSIA] enabled at IRQ 16
[STDERR  ] 2017-10-21T11:58:44.586678196Z: [    6.370116] ahci 0000:00:1f.2: AHCI 0001.0000 32 slots 6 ports 1.5 Gbps 0x3f impl SATA mode
[STDERR  ] 2017-10-21T11:58:44.586684513Z: [    6.371339] ahci 0000:00:1f.2: flags: 64bit ncq only 
[STDERR  ] 2017-10-21T11:58:44.586690737Z: [    6.392018] scsi host0: ahci
[STDERR  ] 2017-10-21T11:58:44.586697165Z: [    6.395550] scsi host1: ahci
[STDERR  ] 2017-10-21T11:58:44.586703452Z: [    6.397771] scsi host2: ahci
[STDERR  ] 2017-10-21T11:58:44.586709574Z: [    6.399967] scsi host3: ahci
[STDERR  ] 2017-10-21T11:58:44.586715734Z: [    6.402326] scsi host4: ahci
[STDERR  ] 2017-10-21T11:58:44.586724222Z: [    6.404550] scsi host5: ahci
[STDERR  ] 2017-10-21T11:58:44.586733048Z: [    6.406296] ata1: SATA max UDMA/133 abar m4096@0xfebd2000 port 0xfebd2100 irq 24
[STDERR  ] 2017-10-21T11:58:44.5867398Z: [    6.406835] ata2: SATA max UDMA/133 abar m4096@0xfebd2000 port 0xfebd2180 irq 24
[STDERR  ] 2017-10-21T11:58:44.586746727Z: [    6.407310] ata3: SATA max UDMA/133 abar m4096@0xfebd2000 port 0xfebd2200 irq 24
[STDERR  ] 2017-10-21T11:58:44.586755103Z: [    6.407780] ata4: SATA max UDMA/133 abar m4096@0xfebd2000 port 0xfebd2280 irq 24
[STDERR  ] 2017-10-21T11:58:44.586762179Z: [    6.408254] ata5: SATA max UDMA/133 abar m4096@0xfebd2000 port 0xfebd2300 irq 24
[STDERR  ] 2017-10-21T11:58:44.58676865Z: [    6.408723] ata6: SATA max UDMA/133 abar m4096@0xfebd2000 port 0xfebd2380 irq 24
[STDERR  ] 2017-10-21T11:58:44.586774869Z: [    6.421685] tun: Universal TUN/TAP device driver, 1.6
[STDERR  ] 2017-10-21T11:58:44.586781254Z: [    6.422132] tun: (C) 1999-2004 Max Krasnyansky <maxk@qualcomm.com>
[STDERR  ] 2017-10-21T11:58:44.586787619Z: [    6.433139] VMware vmxnet3 virtual NIC driver - version 1.4.a.0-k-NAPI
[STDERR  ] 2017-10-21T11:58:44.586793972Z: [    6.433935] hv_vmbus: registering driver hv_netvsc
[STDERR  ] 2017-10-21T11:58:44.58680041Z: [    6.434284] Fusion MPT base driver 3.04.20
[STDERR  ] 2017-10-21T11:58:44.586806773Z: [    6.434559] Copyright (c) 1999-2008 LSI Corporation
[STDERR  ] 2017-10-21T11:58:44.58681297Z: [    6.435113] Fusion MPT SPI Host driver 3.04.20
[STDERR  ] 2017-10-21T11:58:44.586819496Z: [    6.437032] i8042: PNP: PS/2 Controller [PNP0303:KBD,PNP0f13:MOU] at 0x60,0x64 irq 1,12
[STDERR  ] 2017-10-21T11:58:44.586825905Z: [    6.441231] serio: i8042 KBD port at 0x60,0x64 irq 1
[STDERR  ] 2017-10-21T11:58:44.586832201Z: [    6.441810] serio: i8042 AUX port at 0x60,0x64 irq 12
[STDERR  ] 2017-10-21T11:58:44.586838521Z: [    6.444763] hv_vmbus: registering driver hyperv_keyboard
[STDERR  ] 2017-10-21T11:58:44.586844984Z: [    6.446808] mousedev: PS/2 mouse device common for all mice
[STDERR  ] 2017-10-21T11:58:44.58685372Z: [    6.451790] input: AT Translated Set 2 keyboard as /devices/platform/i8042/serio0/input/input1
[STDERR  ] 2017-10-21T11:58:44.586860801Z: [    6.454520] input: PC Speaker as /devices/platform/pcspkr/input/input2
[STDERR  ] 2017-10-21T11:58:44.586867219Z: [    6.457880] rtc_cmos 00:00: RTC can wake from S4
[STDERR  ] 2017-10-21T11:58:44.586873601Z: [    6.461414] rtc_cmos 00:00: rtc core: registered rtc_cmos as rtc0
[STDERR  ] 2017-10-21T11:58:44.586879955Z: [    6.462542] rtc_cmos 00:00: alarms up to one day, y3k, 114 bytes nvram, hpet irqs
[STDERR  ] 2017-10-21T11:58:44.586886301Z: [    6.463253] i2c /dev entries driver
[STDERR  ] 2017-10-21T11:58:44.586894797Z: [    6.465051] device-mapper: ioctl: 4.35.0-ioctl (2016-06-23) initialised: dm-devel@redhat.com
[STDERR  ] 2017-10-21T11:58:44.586902408Z: [    6.471396] usbcore: registered new interface driver usbhid
[STDERR  ] 2017-10-21T11:58:44.586908821Z: [    6.472027] usbhid: USB HID core driver
[STDERR  ] 2017-10-21T11:58:44.586915458Z: [    6.472884] hv_utils: Registering HyperV Utility Driver
[STDERR  ] 2017-10-21T11:58:44.586922852Z: [    6.473464] hv_vmbus: registering driver hv_util
[STDERR  ] 2017-10-21T11:58:44.586929334Z: [    6.473969] hv_vmbus: registering driver hv_balloon
[STDERR  ] 2017-10-21T11:58:44.586938265Z: [    6.474777] oprofile: using NMI interrupt.
[STDERR  ] 2017-10-21T11:58:44.586944568Z: [    6.476320] GACT probability on
[STDERR  ] 2017-10-21T11:58:44.586951272Z: [    6.476737] Mirror/redirect action on
[STDERR  ] 2017-10-21T11:58:44.586957781Z: [    6.477513] Simple TC action Loaded
[STDERR  ] 2017-10-21T11:58:44.586964463Z: [    6.478236] u32 classifier
[STDERR  ] 2017-10-21T11:58:44.58697086Z: [    6.478439]     Performance counters on
[STDERR  ] 2017-10-21T11:58:44.58697718Z: [    6.478700]     input device check on
[STDERR  ] 2017-10-21T11:58:44.586983656Z: [    6.478946]     Actions configured
[STDERR  ] 2017-10-21T11:58:44.586989953Z: [    6.479501] Netfilter messages via NETLINK v0.30.
[STDERR  ] 2017-10-21T11:58:44.587000815Z: [    6.480013] nfnl_acct: registering with nfnetlink.
[STDERR  ] 2017-10-21T11:58:44.587007237Z: [    6.481518] nf_conntrack version 0.5.0 (8192 buckets, 32768 max)
[STDERR  ] 2017-10-21T11:58:44.587013733Z: [    6.484389] ctnetlink v0.93: registering with nfnetlink.
[STDERR  ] 2017-10-21T11:58:44.587020173Z: [    6.487421] nf_tables: (c) 2007-2009 Patrick McHardy <kaber@trash.net>
[STDERR  ] 2017-10-21T11:58:44.587027284Z: [    6.488215] nf_tables_compat: (c) 2012 Pablo Neira Ayuso <pablo@netfilter.org>
[STDERR  ] 2017-10-21T11:58:44.587034218Z: [    6.490761] xt_time: kernel timezone is -0000
[STDERR  ] 2017-10-21T11:58:44.587040647Z: [    6.491281] ip_set: protocol 6
[STDERR  ] 2017-10-21T11:58:44.587047913Z: [    6.491872] IPVS: Registered protocols (TCP, UDP, SCTP, AH, ESP)
[STDERR  ] 2017-10-21T11:58:44.587054288Z: [    6.492419] IPVS: Connection hash table configured (size=4096, memory=64Kbytes)
[STDERR  ] 2017-10-21T11:58:44.58706089Z: [    6.494088] IPVS: Creating netns size=2104 id=0
[STDERR  ] 2017-10-21T11:58:44.587067327Z: [    6.496662] IPVS: ipvs loaded.
[STDERR  ] 2017-10-21T11:58:44.587074037Z: [    6.496989] IPVS: [rr] scheduler registered.
[STDERR  ] 2017-10-21T11:58:44.587080457Z: [    6.497308] IPVS: [wrr] scheduler registered.
[STDERR  ] 2017-10-21T11:58:44.587086893Z: [    6.497602] IPVS: [lc] scheduler registered.
[STDERR  ] 2017-10-21T11:58:44.587093237Z: [    6.497887] IPVS: [wlc] scheduler registered.
[STDERR  ] 2017-10-21T11:58:44.58709961Z: [    6.498176] IPVS: [fo] scheduler registered.
[STDERR  ] 2017-10-21T11:58:44.587105989Z: [    6.498462] IPVS: [ovf] scheduler registered.
[STDERR  ] 2017-10-21T11:58:44.587112313Z: [    6.498855] IPVS: [lblc] scheduler registered.
[STDERR  ] 2017-10-21T11:58:44.587118662Z: [    6.499306] IPVS: [lblcr] scheduler registered.
[STDERR  ] 2017-10-21T11:58:44.58712493Z: [    6.499627] IPVS: [dh] scheduler registered.
[STDERR  ] 2017-10-21T11:58:44.587133205Z: [    6.499917] IPVS: [sh] scheduler registered.
[STDERR  ] 2017-10-21T11:58:44.587141912Z: [    6.500505] IPVS: [sed] scheduler registered.
[STDERR  ] 2017-10-21T11:58:44.587148433Z: [    6.500812] IPVS: [nq] scheduler registered.
[STDERR  ] 2017-10-21T11:58:44.587154695Z: [    6.501458] IPVS: ftp: loaded support on port[0] = 21
[STDERR  ] 2017-10-21T11:58:44.587161035Z: [    6.502287] ipip: IPv4 and MPLS over IPv4 tunneling driver
[STDERR  ] 2017-10-21T11:58:44.587169438Z: [    6.506317] gre: GRE over IPv4 demultiplexor driver
[STDERR  ] 2017-10-21T11:58:44.587175987Z: [    6.508927] ip_tables: (C) 2000-2006 Netfilter Core Team
[STDERR  ] 2017-10-21T11:58:44.587182439Z: [    6.512426] ipt_CLUSTERIP: ClusterIP Version 0.8 loaded successfully
[STDERR  ] 2017-10-21T11:58:44.587188844Z: [    6.513114] arp_tables: arp_tables: (C) 2002 David S. Miller
[STDERR  ] 2017-10-21T11:58:44.58719517Z: [    6.515313] NET: Registered protocol family 10
[STDERR  ] 2017-10-21T11:58:44.587201561Z: [    6.524760] ip6_tables: (C) 2000-2006 Netfilter Core Team
[STDERR  ] 2017-10-21T11:58:44.587207843Z: [    6.533445] NET: Registered protocol family 17
[STDERR  ] 2017-10-21T11:58:44.5872143Z: [    6.534410] Bridge firewalling registered
[STDERR  ] 2017-10-21T11:58:44.587220685Z: [    6.534895] Ebtables v2.0 registered
[STDERR  ] 2017-10-21T11:58:44.587228871Z: [    6.536656] 8021q: 802.1Q VLAN Support v1.8
[STDERR  ] 2017-10-21T11:58:44.58723545Z: [    6.538022] 9pnet: Installing 9P2000 support
[STDERR  ] 2017-10-21T11:58:44.587242031Z: [    6.539430] Key type dns_resolver registered
[STDERR  ] 2017-10-21T11:58:44.587248537Z: [    6.540567] microcode: AMD CPU family 0x6 not supported
[STDERR  ] 2017-10-21T11:58:44.587254998Z: [    6.544087] registered taskstats version 1
[STDERR  ] 2017-10-21T11:58:44.587261408Z: [    6.703778] Key type big_key registered
[STDERR  ] 2017-10-21T11:58:44.587267848Z: [    6.742996] ata2: SATA link down (SStatus 0 SControl 300)
[STDERR  ] 2017-10-21T11:58:44.58727422Z: [    6.744823] ata1: SATA link down (SStatus 0 SControl 300)
[STDERR  ] 2017-10-21T11:58:44.587283015Z: [    6.752553] ata5: SATA link down (SStatus 0 SControl 300)
[STDERR  ] 2017-10-21T11:58:44.587289442Z: [    6.753175] ata4: SATA link down (SStatus 0 SControl 300)
[STDERR  ] 2017-10-21T11:58:44.587295863Z: [    6.753889] ata3: SATA link up 1.5 Gbps (SStatus 113 SControl 300)
[STDERR  ] 2017-10-21T11:58:44.587302505Z: [    6.757173] ata3.00: ATAPI: QEMU DVD-ROM, 2.5+, max UDMA/100
[STDERR  ] 2017-10-21T11:58:44.587308999Z: [    6.757821] ata3.00: applying bridge limits
[STDERR  ] 2017-10-21T11:58:44.587315321Z: [    6.760961] ata3.00: configured for UDMA/100
[STDERR  ] 2017-10-21T11:58:44.587321703Z: [    6.764262] ata6: SATA link down (SStatus 0 SControl 300)
[STDERR  ] 2017-10-21T11:58:44.587328043Z: [    6.779164] scsi 2:0:0:0: CD-ROM            QEMU     QEMU DVD-ROM     2.5+ PQ: 0 ANSI: 5
[STDERR  ] 2017-10-21T11:58:44.587335382Z: [    6.803118] sr 2:0:0:0: [sr0] scsi3-mmc drive: 4x/4x cd/rw xa/form2 tray
[STDERR  ] 2017-10-21T11:58:44.587342102Z: [    6.803728] cdrom: Uniform CD-ROM driver Revision: 3.20
[STDERR  ] 2017-10-21T11:58:44.587350578Z: [    6.814302] sr 2:0:0:0: Attached scsi generic sg0 type 5
[STDERR  ] 2017-10-21T11:58:44.587356852Z: [    6.852460] Key type encrypted registered
[STDERR  ] 2017-10-21T11:58:44.587403057Z: [    6.856228] rtc_cmos 00:00: setting system clock to 2017-10-21 11:58:06 UTC (1508587086)
[STDERR  ] 2017-10-21T11:58:44.587411066Z: [    7.007544] Freeing unused kernel memory: 1380K
[STDERR  ] 2017-10-21T11:58:44.587417786Z: [    7.007931] Write protecting the kernel read-only data: 12288k
[STDERR  ] 2017-10-21T11:58:44.587424329Z: [    7.014109] Freeing unused kernel memory: 124K
[STDERR  ] 2017-10-21T11:58:44.587430859Z: [    7.110354] Freeing unused kernel memory: 1392K
[STDERR  ] 2017-10-21T11:58:44.58743727Z: [    7.110956] tsc: Refined TSC clocksource calibration: 2300.041 MHz
[STDERR  ] 2017-10-21T11:58:44.587443774Z: [    7.111444] clocksource: tsc: mask: 0xffffffffffffffff max_cycles: 0x21275bc6978, max_idle_ns: 440795241275 ns
[STDERR  ] 2017-10-21T11:58:44.587453734Z: [    8.126034] clocksource: Switched to clocksource tsc
[STDERR  ] 2017-10-21T11:58:44.587460299Z: 
[STDERR  ] 2017-10-21T11:58:44.587466869Z: Welcome to LinuxKit
[STDERR  ] 2017-10-21T11:58:44.587473671Z: 
[STDERR  ] 2017-10-21T11:58:44.58748022Z:                         ##         .
[STDERR  ] 2017-10-21T11:58:44.587487054Z:                   ## ## ##        ==
[STDERR  ] 2017-10-21T11:58:44.587493846Z:                ## ## ## ## ##    ===
[STDERR  ] 2017-10-21T11:58:44.587500702Z:            /"""""""""""""""""\___/ ===
[STDERR  ] 2017-10-21T11:58:44.58750737Z:           {                       /  ===-
[STDERR  ] 2017-10-21T11:58:44.587513668Z:            \______ O           __/
[STDERR  ] 2017-10-21T11:58:44.587520061Z:              \    \         __/
[STDERR  ] 2017-10-21T11:58:44.58752645Z:               \____\_______/
[STDERR  ] 2017-10-21T11:58:44.58753281Z: 
[STDERR  ] 2017-10-21T11:58:44.587539411Z: starting kernel config sanity test with /proc/config.gz
[STDERR  ] 2017-10-21T11:58:44.587545819Z: [   23.343105] RPC: Registered named UNIX socket transport module.
[STDERR  ] 2017-10-21T11:58:44.587552192Z: [   23.343589] RPC: Registered udp transport module.
[STDERR  ] 2017-10-21T11:58:44.587560961Z: [   23.343907] RPC: Registered tcp transport module.
[STDERR  ] 2017-10-21T11:58:44.587567419Z: [   23.344219] RPC: Registered tcp NFSv4.1 backchannel transport module.
[STDERR  ] 2017-10-21T11:58:44.587573882Z: [   23.437370] FS-Cache: Netfs 'nfs' registered for caching
[STDERR  ] 2017-10-21T11:58:44.587580184Z: [   23.536760] Installing knfsd (copyright (C) 1996 okir@monad.swb.de).
[STDERR  ] 2017-10-21T11:58:44.587586764Z: [   23.587376] ntfs: driver 2.1.32 [Flags: R/O MODULE].
[STDERR  ] 2017-10-21T11:58:44.587593095Z: kernel config test succeeded!
[STDERR  ] 2017-10-21T11:58:44.587599299Z: [37minfo: reading kernel config from /proc/config.gz ...[m
[STDERR  ] 2017-10-21T11:58:44.587605489Z: 
[STDERR  ] 2017-10-21T11:58:44.587611786Z: Generally Necessary:
[STDERR  ] 2017-10-21T11:58:44.587621093Z: - [37mcgroup hierarchy[m: [32mproperly mounted[m [/sys/fs/cgroup]
[STDERR  ] 2017-10-21T11:58:44.587627411Z: - [37mCONFIG_NAMESPACES[m: [32menabled[m
[STDERR  ] 2017-10-21T11:58:44.587633581Z: - [37mCONFIG_NET_NS[m: [32menabled[m
[STDERR  ] 2017-10-21T11:58:44.587639705Z: - [37mCONFIG_PID_NS[m: [32menabled[m
[STDERR  ] 2017-10-21T11:58:44.58764794Z: - [37mCONFIG_IPC_NS[m: [32menabled[m
[STDERR  ] 2017-10-21T11:58:44.587654231Z: - [37mCONFIG_UTS_NS[m: [32menabled[m
[STDERR  ] 2017-10-21T11:58:44.587660464Z: - [37mCONFIG_CGROUPS[m: [32menabled[m
[STDERR  ] 2017-10-21T11:58:44.58766665Z: - [37mCONFIG_CGROUP_CPUACCT[m: [32menabled[m
[STDERR  ] 2017-10-21T11:58:44.587672984Z: - [37mCONFIG_CGROUP_DEVICE[m: [32menabled[m
[STDERR  ] 2017-10-21T11:58:44.587679407Z: - [37mCONFIG_CGROUP_FREEZER[m: [32menabled[m
[STDERR  ] 2017-10-21T11:58:44.587685748Z: - [37mCONFIG_CGROUP_SCHED[m: [32menabled[m
[STDERR  ] 2017-10-21T11:58:44.587692121Z: - [37mCONFIG_CPUSETS[m: [32menabled[m
[STDERR  ] 2017-10-21T11:58:44.58769852Z: - [37mCONFIG_MEMCG[m: [32menabled[m
[STDERR  ] 2017-10-21T11:58:44.587704714Z: - [37mCONFIG_KEYS[m: [32menabled[m
[STDERR  ] 2017-10-21T11:58:44.587710954Z: - [37mCONFIG_VETH[m: [32menabled[m
[STDERR  ] 2017-10-21T11:58:44.587717169Z: - [37mCONFIG_BRIDGE[m: [32menabled[m
[STDERR  ] 2017-10-21T11:58:44.587723459Z: - [37mCONFIG_BRIDGE_NETFILTER[m: [32menabled[m
[STDERR  ] 2017-10-21T11:58:44.587729717Z: - [37mCONFIG_NF_NAT_IPV4[m: [32menabled[m
[STDERR  ] 2017-10-21T11:58:44.587736015Z: - [37mCONFIG_IP_NF_FILTER[m: [32menabled[m
[STDERR  ] 2017-10-21T11:58:44.58774241Z: - [37mCONFIG_IP_NF_TARGET_MASQUERADE[m: [32menabled[m
[STDERR  ] 2017-10-21T11:58:44.587748734Z: - [37mCONFIG_NETFILTER_XT_MATCH_ADDRTYPE[m: [32menabled[m
[STDERR  ] 2017-10-21T11:58:44.587754945Z: - [37mCONFIG_NETFILTER_XT_MATCH_CONNTRACK[m: [32menabled[m
[STDERR  ] 2017-10-21T11:58:44.587761046Z: - [37mCONFIG_NETFILTER_XT_MATCH_IPVS[m: [32menabled[m
[STDERR  ] 2017-10-21T11:58:44.587769662Z: - [37mCONFIG_IP_NF_NAT[m: [32menabled[m
[STDERR  ] 2017-10-21T11:58:44.587776097Z: - [37mCONFIG_NF_NAT[m: [32menabled[m
[STDERR  ] 2017-10-21T11:58:44.587784456Z: - [37mCONFIG_NF_NAT_NEEDED[m: [32menabled[m
[STDERR  ] 2017-10-21T11:58:44.587790855Z: - [37mCONFIG_POSIX_MQUEUE[m: [32menabled[m
[STDERR  ] 2017-10-21T11:58:44.58779698Z: 
[STDERR  ] 2017-10-21T11:58:44.587804099Z: Optional Features:
[STDERR  ] 2017-10-21T11:58:44.587810579Z: - [37mCONFIG_USER_NS[m: [32menabled[m
[STDERR  ] 2017-10-21T11:58:44.587816923Z: - [37mCONFIG_SECCOMP[m: [32menabled[m
[STDERR  ] 2017-10-21T11:58:44.58782682Z: - [37mCONFIG_CGROUP_PIDS[m: [32menabled[m
[STDERR  ] 2017-10-21T11:58:44.587833618Z: - [37mCONFIG_MEMCG_SWAP[m: [32menabled[m
[STDERR  ] 2017-10-21T11:58:44.587840091Z: - [37mCONFIG_MEMCG_SWAP_ENABLED[m: [32menabled[m
[STDERR  ] 2017-10-21T11:58:44.587846485Z:     [1;30m(cgroup swap accounting is currently enabled)[m
[STDERR  ] 2017-10-21T11:58:44.587853212Z: - [1mCONFIG_LEGACY_VSYSCALL_NONE[m: [1;31menabled[m
[STDERR  ] 2017-10-21T11:58:44.5878597Z:     [1;30m(containers using eglibc <= 2.13 will not work. Switch to[m
[STDERR  ] 2017-10-21T11:58:44.587866675Z:     [1;30m "CONFIG_VSYSCALL_[NATIVE|EMULATE]" or use "vsyscall=[native|emulate]"[m
[STDERR  ] 2017-10-21T11:58:44.58787354Z:     [1;30m on kernel command line. Note that this will disable ASLR for the,[m
[STDERR  ] 2017-10-21T11:58:44.58787996Z:     [1;30m VDSO which may assist in exploiting security vulnerabilities.)[m
[STDERR  ] 2017-10-21T11:58:44.587886378Z: - [37mCONFIG_BLK_CGROUP[m: [32menabled[m
[STDERR  ] 2017-10-21T11:58:44.587892945Z: - [37mCONFIG_BLK_DEV_THROTTLING[m: [32menabled[m
[STDERR  ] 2017-10-21T11:58:44.587899408Z: - [37mCONFIG_IOSCHED_CFQ[m: [32menabled[m
[STDERR  ] 2017-10-21T11:58:44.587905695Z: - [37mCONFIG_CFQ_GROUP_IOSCHED[m: [32menabled[m
[STDERR  ] 2017-10-21T11:58:44.587912066Z: - [37mCONFIG_CGROUP_PERF[m: [32menabled[m
[STDERR  ] 2017-10-21T11:58:44.587921191Z: - [37mCONFIG_CGROUP_HUGETLB[m: [32menabled[m
[STDERR  ] 2017-10-21T11:58:44.587927416Z: - [37mCONFIG_NET_CLS_CGROUP[m: [32menabled[m
[STDERR  ] 2017-10-21T11:58:44.587933748Z: - [37mCONFIG_CGROUP_NET_PRIO[m: [32menabled[m
[STDERR  ] 2017-10-21T11:58:44.587939908Z: - [37mCONFIG_CFS_BANDWIDTH[m: [32menabled[m
[STDERR  ] 2017-10-21T11:58:44.587946304Z: - [37mCONFIG_FAIR_GROUP_SCHED[m: [32menabled[m
[STDERR  ] 2017-10-21T11:58:44.587952557Z: - [37mCONFIG_RT_GROUP_SCHED[m: [32menabled[m
[STDERR  ] 2017-10-21T11:58:44.587958893Z: - [37mCONFIG_IP_VS[m: [32menabled[m
[STDERR  ] 2017-10-21T11:58:44.587965352Z: - [37mCONFIG_IP_VS_NFCT[m: [32menabled[m
[STDERR  ] 2017-10-21T11:58:44.58797181Z: - [37mCONFIG_IP_VS_RR[m: [32menabled[m
[STDERR  ] 2017-10-21T11:58:44.587980801Z: - [37mCONFIG_EXT4_FS[m: [32menabled[m
[STDERR  ] 2017-10-21T11:58:44.587987155Z: - [37mCONFIG_EXT4_FS_POSIX_ACL[m: [32menabled[m
[STDERR  ] 2017-10-21T11:58:44.587993494Z: - [37mCONFIG_EXT4_FS_SECURITY[m: [32menabled[m
[STDERR  ] 2017-10-21T11:58:44.587999707Z: - Network Drivers:
[STDERR  ] 2017-10-21T11:58:44.588006027Z:   - "[34moverlay[m":
[STDERR  ] 2017-10-21T11:58:44.588013146Z:     - [37mCONFIG_VXLAN[m: [32menabled[m
[STDERR  ] 2017-10-21T11:58:44.588019467Z:       Optional (for encrypted networks):
[STDERR  ] 2017-10-21T11:58:44.588025591Z:       - [37mCONFIG_CRYPTO[m: [32menabled[m
[STDERR  ] 2017-10-21T11:58:44.588031903Z:       - [37mCONFIG_CRYPTO_AEAD[m: [32menabled[m
[STDERR  ] 2017-10-21T11:58:44.588038368Z:       - [37mCONFIG_CRYPTO_GCM[m: [32menabled[m
[STDERR  ] 2017-10-21T11:58:44.588044587Z:       - [37mCONFIG_CRYPTO_SEQIV[m: [32menabled[m
[STDERR  ] 2017-10-21T11:58:44.588050917Z:       - [37mCONFIG_CRYPTO_GHASH[m: [32menabled[m
[STDERR  ] 2017-10-21T11:58:44.588057205Z:       - [37mCONFIG_XFRM[m: [32menabled[m
[STDERR  ] 2017-10-21T11:58:44.588063811Z:       - [37mCONFIG_XFRM_USER[m: [32menabled (as module)[m
[STDERR  ] 2017-10-21T11:58:44.588072668Z:       - [37mCONFIG_XFRM_ALGO[m: [32menabled (as module)[m
[STDERR  ] 2017-10-21T11:58:44.588081444Z:       - [37mCONFIG_INET_ESP[m: [32menabled (as module)[m
[STDERR  ] 2017-10-21T11:58:44.588089908Z:       - [37mCONFIG_INET_XFRM_MODE_TRANSPORT[m: [32menabled (as module)[m
[STDERR  ] 2017-10-21T11:58:44.588096403Z:   - "[34mipvlan[m":
[STDERR  ] 2017-10-21T11:58:44.588103238Z:     - [37mCONFIG_IPVLAN[m: [32menabled[m
[STDERR  ] 2017-10-21T11:58:44.588109497Z:   - "[34mmacvlan[m":
[STDERR  ] 2017-10-21T11:58:44.588116069Z:     - [37mCONFIG_MACVLAN[m: [32menabled[m
[STDERR  ] 2017-10-21T11:58:44.588122352Z:     - [37mCONFIG_DUMMY[m: [32menabled (as module)[m
[STDERR  ] 2017-10-21T11:58:44.588128596Z:   - "[34mftp,tftp client in container[m":
[STDERR  ] 2017-10-21T11:58:44.588135001Z:     - [37mCONFIG_NF_NAT_FTP[m: [32menabled[m
[STDERR  ] 2017-10-21T11:58:44.588141241Z:     - [37mCONFIG_NF_CONNTRACK_FTP[m: [32menabled[m
[STDERR  ] 2017-10-21T11:58:44.588147543Z:     - [37mCONFIG_NF_NAT_TFTP[m: [32menabled[m
[STDERR  ] 2017-10-21T11:58:44.588153945Z:     - [37mCONFIG_NF_CONNTRACK_TFTP[m: [32menabled[m
[STDERR  ] 2017-10-21T11:58:44.588160161Z: - Storage Drivers:
[STDERR  ] 2017-10-21T11:58:44.588167Z:   - "[34maufs[m":
[STDERR  ] 2017-10-21T11:58:44.588173762Z:     - [1mCONFIG_AUFS_FS[m: [1;31mmissing[m
[STDERR  ] 2017-10-21T11:58:44.588180108Z:   - "[34mbtrfs[m":
[STDERR  ] 2017-10-21T11:58:44.588187224Z:     - [37mCONFIG_BTRFS_FS[m: [32menabled (as module)[m
[STDERR  ] 2017-10-21T11:58:44.58819353Z:     - [37mCONFIG_BTRFS_FS_POSIX_ACL[m: [32menabled[m
[STDERR  ] 2017-10-21T11:58:44.588199938Z:   - "[34mdevicemapper[m":
[STDERR  ] 2017-10-21T11:58:44.588206723Z:     - [37mCONFIG_BLK_DEV_DM[m: [32menabled[m
[STDERR  ] 2017-10-21T11:58:44.588212898Z:     - [37mCONFIG_DM_THIN_PROVISIONING[m: [32menabled[m
[STDERR  ] 2017-10-21T11:58:44.588219067Z:   - "[34moverlay[m":
[STDERR  ] 2017-10-21T11:58:44.588228029Z:     - [37mCONFIG_OVERLAY_FS[m: [32menabled[m
[STDERR  ] 2017-10-21T11:58:44.588234466Z:   - "[34mzfs[m":
[STDERR  ] 2017-10-21T11:58:44.588241173Z:     - [1m/dev/zfs[m: [1;31mmissing[m
[STDERR  ] 2017-10-21T11:58:44.588247495Z:     - [1mzfs command[m: [1;31mmissing[m
[STDERR  ] 2017-10-21T11:58:44.588253755Z:     - [1mzpool command[m: [1;31mmissing[m
[STDERR  ] 2017-10-21T11:58:44.588262155Z: 
[STDERR  ] 2017-10-21T11:58:44.588268838Z: Limits:
[STDERR  ] 2017-10-21T11:58:44.588275584Z: [37m- /proc/sys/kernel/keys/root_maxkeys[m: [32m1000000[m
[STDERR  ] 2017-10-21T11:58:44.588281899Z: 
[STDERR  ] 2017-10-21T11:58:44.588290421Z: Kernel config test suite PASSED
[STDERR  ] 2017-10-21T11:58:44.588297354Z: [   43.663341] ACPI: Preparing to enter system sleep state S5
[STDERR  ] 2017-10-21T11:58:44.588303628Z: [   43.667693] reboot: Power down
[STDERR  ] 2017-10-21T11:58:44.588595245Z: + grep -q suite PASSED
[STDERR  ] 2017-10-21T11:58:44.589644113Z: + echo [    0.000000] Linux version 4.9.56-linuxkit (root@368f7e67b442) (gcc version 6.3.0 (Alpine 6.3.0) ) #1 SMP Sat Oct 14 12:45:06 UTC 2017
[STDERR  ] 2017-10-21T11:58:44.589664078Z: [    0.000000] Command line: console=ttyS0
[STDERR  ] 2017-10-21T11:58:44.589670957Z: [    0.000000] x86/fpu: Legacy x87 FPU detected.
[STDERR  ] 2017-10-21T11:58:44.589677404Z: [    0.000000] x86/fpu: Using 'eager' FPU context switches.
[STDERR  ] 2017-10-21T11:58:44.589683876Z: [    0.000000] e820: BIOS-provided physical RAM map:
[STDERR  ] 2017-10-21T11:58:44.589690527Z: [    0.000000] BIOS-e820: [mem 0x0000000000000000-0x000000000009fbff] usable
[STDERR  ] 2017-10-21T11:58:44.589697679Z: [    0.000000] BIOS-e820: [mem 0x000000000009fc00-0x000000000009ffff] reserved
[STDERR  ] 2017-10-21T11:58:44.589704641Z: [    0.000000] BIOS-e820: [mem 0x00000000000f0000-0x00000000000fffff] reserved
[STDERR  ] 2017-10-21T11:58:44.589711105Z: [    0.000000] BIOS-e820: [mem 0x0000000000100000-0x000000003ffdefff] usable
[STDERR  ] 2017-10-21T11:58:44.589717324Z: [    0.000000] BIOS-e820: [mem 0x000000003ffdf000-0x000000003fffffff] reserved
[STDERR  ] 2017-10-21T11:58:44.589728276Z: [    0.000000] BIOS-e820: [mem 0x00000000b0000000-0x00000000bfffffff] reserved
[STDERR  ] 2017-10-21T11:58:44.589734786Z: [    0.000000] BIOS-e820: [mem 0x00000000fed1c000-0x00000000fed1ffff] reserved
[STDERR  ] 2017-10-21T11:58:44.589741204Z: [    0.000000] BIOS-e820: [mem 0x00000000fffc0000-0x00000000ffffffff] reserved
[STDERR  ] 2017-10-21T11:58:44.58974787Z: [    0.000000] NX (Execute Disable) protection: active
[STDERR  ] 2017-10-21T11:58:44.589754465Z: [    0.000000] SMBIOS 2.8 present.
[STDERR  ] 2017-10-21T11:58:44.589760945Z: [    0.000000] e820: last_pfn = 0x3ffdf max_arch_pfn = 0x400000000
[STDERR  ] 2017-10-21T11:58:44.589776922Z: [    0.000000] x86/PAT: Configuration [0-7]: WB  WC  UC- UC  WB  WC  UC- WT  
[STDERR  ] 2017-10-21T11:58:44.58978508Z: [    0.000000] found SMP MP-table at [mem 0x000f6aa0-0x000f6aaf] mapped at [ffff928a800f6aa0]
[STDERR  ] 2017-10-21T11:58:44.589792269Z: [    0.000000] RAMDISK: [mem 0x3e749000-0x3ffcffff]
[STDERR  ] 2017-10-21T11:58:44.589798665Z: [    0.000000] ACPI: Early table checksum verification disabled
[STDERR  ] 2017-10-21T11:58:44.589804902Z: [    0.000000] ACPI: RSDP 0x00000000000F68C0 000014 (v00 BOCHS )
[STDERR  ] 2017-10-21T11:58:44.58981134Z: [    0.000000] ACPI: RSDT 0x000000003FFE2404 000034 (v01 BOCHS  BXPCRSDT 00000001 BXPC 00000001)
[STDERR  ] 2017-10-21T11:58:44.589817983Z: [    0.000000] ACPI: FACP 0x000000003FFE22A4 000074 (v01 BOCHS  BXPCFACP 00000001 BXPC 00000001)
[STDERR  ] 2017-10-21T11:58:44.589824374Z: [    0.000000] ACPI: DSDT 0x000000003FFE0040 002264 (v01 BOCHS  BXPCDSDT 00000001 BXPC 00000001)
[STDERR  ] 2017-10-21T11:58:44.589831656Z: [    0.000000] ACPI: FACS 0x000000003FFE0000 000040
[STDERR  ] 2017-10-21T11:58:44.589838092Z: [    0.000000] ACPI: APIC 0x000000003FFE2318 000078 (v01 BOCHS  BXPCAPIC 00000001 BXPC 00000001)
[STDERR  ] 2017-10-21T11:58:44.589844684Z: [    0.000000] ACPI: HPET 0x000000003FFE2390 000038 (v01 BOCHS  BXPCHPET 00000001 BXPC 00000001)
[STDERR  ] 2017-10-21T11:58:44.58985453Z: [    0.000000] ACPI: MCFG 0x000000003FFE23C8 00003C (v01 BOCHS  BXPCMCFG 00000001 BXPC 00000001)
[STDERR  ] 2017-10-21T11:58:44.589860883Z: [    0.000000] Zone ranges:
[STDERR  ] 2017-10-21T11:58:44.589871828Z: [    0.000000]   DMA      [mem 0x0000000000001000-0x0000000000ffffff]
[STDERR  ] 2017-10-21T11:58:44.589878963Z: [    0.000000]   DMA32    [mem 0x0000000001000000-0x000000003ffdefff]
[STDERR  ] 2017-10-21T11:58:44.589886074Z: [    0.000000]   Normal   empty
[STDERR  ] 2017-10-21T11:58:44.58989283Z: [    0.000000] Movable zone start for each node
[STDERR  ] 2017-10-21T11:58:44.589899422Z: [    0.000000] Early memory node ranges
[STDERR  ] 2017-10-21T11:58:44.589905836Z: [    0.000000]   node   0: [mem 0x0000000000001000-0x000000000009efff]
[STDERR  ] 2017-10-21T11:58:44.589912267Z: [    0.000000]   node   0: [mem 0x0000000000100000-0x000000003ffdefff]
[STDERR  ] 2017-10-21T11:58:44.589918515Z: [    0.000000] Initmem setup node 0 [mem 0x0000000000001000-0x000000003ffdefff]
[STDERR  ] 2017-10-21T11:58:44.589925092Z: [    0.000000] ACPI: PM-Timer IO Port: 0x608
[STDERR  ] 2017-10-21T11:58:44.589931576Z: [    0.000000] ACPI: LAPIC_NMI (acpi_id[0xff] dfl dfl lint[0x1])
[STDERR  ] 2017-10-21T11:58:44.589938Z: [    0.000000] IOAPIC[0]: apic_id 0, version 32, address 0xfec00000, GSI 0-23
[STDERR  ] 2017-10-21T11:58:44.589945232Z: [    0.000000] ACPI: INT_SRC_OVR (bus 0 bus_irq 0 global_irq 2 dfl dfl)
[STDERR  ] 2017-10-21T11:58:44.589952147Z: [    0.000000] ACPI: INT_SRC_OVR (bus 0 bus_irq 5 global_irq 5 high level)
[STDERR  ] 2017-10-21T11:58:44.589958347Z: [    0.000000] ACPI: INT_SRC_OVR (bus 0 bus_irq 9 global_irq 9 high level)
[STDERR  ] 2017-10-21T11:58:44.58996465Z: [    0.000000] ACPI: INT_SRC_OVR (bus 0 bus_irq 10 global_irq 10 high level)
[STDERR  ] 2017-10-21T11:58:44.58997087Z: [    0.000000] ACPI: INT_SRC_OVR (bus 0 bus_irq 11 global_irq 11 high level)
[STDERR  ] 2017-10-21T11:58:44.589977116Z: [    0.000000] Using ACPI (MADT) for SMP configuration information
[STDERR  ] 2017-10-21T11:58:44.589985949Z: [    0.000000] ACPI: HPET id: 0x8086a201 base: 0xfed00000
[STDERR  ] 2017-10-21T11:58:44.589992469Z: [    0.000000] smpboot: Allowing 1 CPUs, 0 hotplug CPUs
[STDERR  ] 2017-10-21T11:58:44.589998857Z: [    0.000000] e820: [mem 0x40000000-0xafffffff] available for PCI devices
[STDERR  ] 2017-10-21T11:58:44.590005166Z: [    0.000000] Booting paravirtualized kernel on bare hardware
[STDERR  ] 2017-10-21T11:58:44.590013768Z: [    0.000000] clocksource: refined-jiffies: mask: 0xffffffff max_cycles: 0xffffffff, max_idle_ns: 19112604462750000 ns
[STDERR  ] 2017-10-21T11:58:44.590020423Z: [    0.000000] setup_percpu: NR_CPUS:128 nr_cpumask_bits:128 nr_cpu_ids:1 nr_node_ids:1
[STDERR  ] 2017-10-21T11:58:44.59002726Z: [    0.000000] percpu: Embedded 35 pages/cpu @ffff928abe400000 s105240 r8192 d29928 u2097152
[STDERR  ] 2017-10-21T11:58:44.590033944Z: [    0.000000] Built 1 zonelists in Zone order, mobility grouping on.  Total pages: 257896
[STDERR  ] 2017-10-21T11:58:44.590040648Z: [    0.000000] Kernel command line: console=ttyS0
[STDERR  ] 2017-10-21T11:58:44.590048685Z: [    0.000000] PID hash table entries: 4096 (order: 3, 32768 bytes)
[STDERR  ] 2017-10-21T11:58:44.590055203Z: [    0.000000] Dentry cache hash table entries: 131072 (order: 8, 1048576 bytes)
[STDERR  ] 2017-10-21T11:58:44.590061775Z: [    0.000000] Inode-cache hash table entries: 65536 (order: 7, 524288 bytes)
[STDERR  ] 2017-10-21T11:58:44.590068811Z: [    0.000000] Memory: 989056K/1048052K available (8053K kernel code, 1367K rwdata, 2704K rodata, 1380K init, 568K bss, 58996K reserved, 0K cma-reserved)
[STDERR  ] 2017-10-21T11:58:44.590075328Z: [    0.000000] Hierarchical RCU implementation.
[STDERR  ] 2017-10-21T11:58:44.590081685Z: [    0.000000] 	Build-time adjustment of leaf fanout to 64.
[STDERR  ] 2017-10-21T11:58:44.590088081Z: [    0.000000] 	RCU restricting CPUs from NR_CPUS=128 to nr_cpu_ids=1.
[STDERR  ] 2017-10-21T11:58:44.590094457Z: [    0.000000] RCU: Adjusting geometry for rcu_fanout_leaf=64, nr_cpu_ids=1
[STDERR  ] 2017-10-21T11:58:44.590103536Z: [    0.000000] NR_IRQS:8448 nr_irqs:256 16
[STDERR  ] 2017-10-21T11:58:44.590109925Z: [    0.000000] Console: colour VGA+ 80x25
[STDERR  ] 2017-10-21T11:58:44.590116495Z: [    0.000000] console [ttyS0] enabled
[STDERR  ] 2017-10-21T11:58:44.590122803Z: [    0.000000] clocksource: hpet: mask: 0xffffffff max_cycles: 0xffffffff, max_idle_ns: 19112604467 ns
[STDERR  ] 2017-10-21T11:58:44.590129357Z: [    0.000000] tsc: Fast TSC calibration using PIT
[STDERR  ] 2017-10-21T11:58:44.59013572Z: [    0.000000] tsc: Detected 2300.077 MHz processor
[STDERR  ] 2017-10-21T11:58:44.590142188Z: [    0.021363] Calibrating delay loop (skipped), value calculated using timer frequency.. 4600.15 BogoMIPS (lpj=23000770)
[STDERR  ] 2017-10-21T11:58:44.590148743Z: [    0.022419] pid_max: default: 32768 minimum: 301
[STDERR  ] 2017-10-21T11:58:44.590155037Z: [    0.023313] ACPI: Core revision 20160831
[STDERR  ] 2017-10-21T11:58:44.590161342Z: [    0.072693] ACPI: 1 ACPI AML tables successfully acquired and loaded
[STDERR  ] 2017-10-21T11:58:44.59016836Z: [    0.075928] Security Framework initialized
[STDERR  ] 2017-10-21T11:58:44.590176818Z: [    0.076322] Yama: becoming mindful.
[STDERR  ] 2017-10-21T11:58:44.590183821Z: [    0.078711] Mount-cache hash table entries: 2048 (order: 2, 16384 bytes)
[STDERR  ] 2017-10-21T11:58:44.590191129Z: [    0.079260] Mountpoint-cache hash table entries: 2048 (order: 2, 16384 bytes)
[STDERR  ] 2017-10-21T11:58:44.590198437Z: [    0.098296] Last level iTLB entries: 4KB 0, 2MB 0, 4MB 0
[STDERR  ] 2017-10-21T11:58:44.590204815Z: [    0.098822] Last level dTLB entries: 4KB 0, 2MB 0, 4MB 0, 1GB 0
[STDERR  ] 2017-10-21T11:58:44.590211298Z: [    0.522138] Freeing SMP alternatives memory: 20K
[STDERR  ] 2017-10-21T11:58:44.590217645Z: [    0.530744] ftrace: allocating 35582 entries in 139 pages
[STDERR  ] 2017-10-21T11:58:44.590224091Z: [    0.704499] smpboot: Max logical packages: 1
[STDERR  ] 2017-10-21T11:58:44.59023273Z: [    0.709726] ..TIMER: vector=0x30 apic1=0 pin1=2 apic2=-1 pin2=-1
[STDERR  ] 2017-10-21T11:58:44.590239275Z: [    0.810000] smpboot: CPU0: AMD QEMU Virtual CPU version 2.5+ (family: 0x6, model: 0x6, stepping: 0x3)
[STDERR  ] 2017-10-21T11:58:44.590245735Z: [    0.810000] Performance Events: PMU not available due to virtualization, using software events only.
[STDERR  ] 2017-10-21T11:58:44.590252385Z: [    0.817277] NMI watchdog: disabled (cpu0): hardware events not enabled
[STDERR  ] 2017-10-21T11:58:44.590259294Z: [    0.817742] NMI watchdog: Shutting down hard lockup detector on all cpus
[STDERR  ] 2017-10-21T11:58:44.590266211Z: [    0.820487] x86: Booted up 1 node, 1 CPUs
[STDERR  ] 2017-10-21T11:58:44.590272441Z: [    0.820855] smpboot: Total of 1 processors activated (4600.15 BogoMIPS)
[STDERR  ] 2017-10-21T11:58:44.590278872Z: [    0.835433] devtmpfs: initialized
[STDERR  ] 2017-10-21T11:58:44.590285538Z: [    0.840275] x86/mm: Memory block size: 128MB
[STDERR  ] 2017-10-21T11:58:44.590291901Z: [    0.907504] clocksource: jiffies: mask: 0xffffffff max_cycles: 0xffffffff, max_idle_ns: 19112604462750000 ns
[STDERR  ] 2017-10-21T11:58:44.590300804Z: [    0.908348] futex hash table entries: 256 (order: 2, 16384 bytes)
[STDERR  ] 2017-10-21T11:58:44.590309332Z: [    0.917205] NET: Registered protocol family 16
[STDERR  ] 2017-10-21T11:58:44.590315855Z: [    0.927010] cpuidle: using governor ladder
[STDERR  ] 2017-10-21T11:58:44.590322248Z: [    0.927429] cpuidle: using governor menu
[STDERR  ] 2017-10-21T11:58:44.590328475Z: [    0.928475] ACPI: bus type PCI registered
[STDERR  ] 2017-10-21T11:58:44.590334819Z: [    0.931356] PCI: MMCONFIG for domain 0000 [bus 00-ff] at [mem 0xb0000000-0xbfffffff] (base 0xb0000000)
[STDERR  ] 2017-10-21T11:58:44.590341159Z: [    0.932113] PCI: MMCONFIG at [mem 0xb0000000-0xbfffffff] reserved in E820
[STDERR  ] 2017-10-21T11:58:44.59034762Z: [    0.933390] PCI: Using configuration type 1 for base access
[STDERR  ] 2017-10-21T11:58:44.590356697Z: [    0.989481] HugeTLB registered 2 MB page size, pre-allocated 0 pages
[STDERR  ] 2017-10-21T11:58:44.590363695Z: [    0.999847] ACPI: Added _OSI(Module Device)
[STDERR  ] 2017-10-21T11:58:44.590370004Z: [    1.000061] ACPI: Added _OSI(Processor Device)
[STDERR  ] 2017-10-21T11:58:44.590376413Z: [    1.000383] ACPI: Added _OSI(3.0 _SCP Extensions)
[STDERR  ] 2017-10-21T11:58:44.590382747Z: [    1.000707] ACPI: Added _OSI(Processor Aggregator Device)
[STDERR  ] 2017-10-21T11:58:44.59038909Z: [    1.080318] ACPI: Interpreter enabled
[STDERR  ] 2017-10-21T11:58:44.59039531Z: [    1.081102] ACPI: (supports S0 S5)
[STDERR  ] 2017-10-21T11:58:44.59040177Z: [    1.081391] ACPI: Using IOAPIC for interrupt routing
[STDERR  ] 2017-10-21T11:58:44.590407945Z: [    1.083129] PCI: Using host bridge windows from ACPI; if necessary, use "pci=nocrs" and report a bug
[STDERR  ] 2017-10-21T11:58:44.590414356Z: [    1.147642] ACPI: PCI Root Bridge [PCI0] (domain 0000 [bus 00-ff])
[STDERR  ] 2017-10-21T11:58:44.590421572Z: [    1.148538] acpi PNP0A08:00: _OSC: OS supports [ExtendedConfig ASPM ClockPM Segments MSI]
[STDERR  ] 2017-10-21T11:58:44.590428521Z: [    1.154433] acpi PNP0A08:00: _OSC: OS now controls [PCIeHotplug PME PCIeCapability]
[STDERR  ] 2017-10-21T11:58:44.590435316Z: [    1.157922] PCI host bridge to bus 0000:00
[STDERR  ] 2017-10-21T11:58:44.590441655Z: [    1.158341] pci_bus 0000:00: root bus resource [io  0x0000-0x0cf7 window]
[STDERR  ] 2017-10-21T11:58:44.590448133Z: [    1.158802] pci_bus 0000:00: root bus resource [io  0x0d00-0xffff window]
[STDERR  ] 2017-10-21T11:58:44.590456603Z: [    1.159274] pci_bus 0000:00: root bus resource [mem 0x000a0000-0x000bffff window]
[STDERR  ] 2017-10-21T11:58:44.590463242Z: [    1.159754] pci_bus 0000:00: root bus resource [mem 0xc0000000-0xfebfffff window]
[STDERR  ] 2017-10-21T11:58:44.590469878Z: [    1.160167] pci_bus 0000:00: root bus resource [bus 00-ff]
[STDERR  ] 2017-10-21T11:58:44.590476119Z: [    1.272097] pci 0000:00:1f.0: quirk: [io  0x0600-0x067f] claimed by ICH6 ACPI/GPIO/TCO
[STDERR  ] 2017-10-21T11:58:44.590484689Z: [    1.331493] ACPI: PCI Interrupt Link [LNKA] (IRQs 5 *10 11)
[STDERR  ] 2017-10-21T11:58:44.590491222Z: [    1.333489] ACPI: PCI Interrupt Link [LNKB] (IRQs 5 *10 11)
[STDERR  ] 2017-10-21T11:58:44.590497527Z: [    1.335268] ACPI: PCI Interrupt Link [LNKC] (IRQs 5 10 *11)
[STDERR  ] 2017-10-21T11:58:44.590505928Z: [    1.336995] ACPI: PCI Interrupt Link [LNKD] (IRQs 5 10 *11)
[STDERR  ] 2017-10-21T11:58:44.590512325Z: [    1.338713] ACPI: PCI Interrupt Link [LNKE] (IRQs 5 *10 11)
[STDERR  ] 2017-10-21T11:58:44.590518728Z: [    1.340890] ACPI: PCI Interrupt Link [LNKF] (IRQs 5 *10 11)
[STDERR  ] 2017-10-21T11:58:44.59052704Z: [    1.342613] ACPI: PCI Interrupt Link [LNKG] (IRQs 5 10 *11)
[STDERR  ] 2017-10-21T11:58:44.590533584Z: [    1.344355] ACPI: PCI Interrupt Link [LNKH] (IRQs 5 10 *11)
[STDERR  ] 2017-10-21T11:58:44.590539897Z: [    1.345167] ACPI: PCI Interrupt Link [GSIA] (IRQs *16)
[STDERR  ] 2017-10-21T11:58:44.590546472Z: [    1.345777] ACPI: PCI Interrupt Link [GSIB] (IRQs *17)
[STDERR  ] 2017-10-21T11:58:44.59055284Z: [    1.346378] ACPI: PCI Interrupt Link [GSIC] (IRQs *18)
[STDERR  ] 2017-10-21T11:58:44.59055917Z: [    1.346977] ACPI: PCI Interrupt Link [GSID] (IRQs *19)
[STDERR  ] 2017-10-21T11:58:44.590565512Z: [    1.347579] ACPI: PCI Interrupt Link [GSIE] (IRQs *20)
[STDERR  ] 2017-10-21T11:58:44.590571888Z: [    1.348178] ACPI: PCI Interrupt Link [GSIF] (IRQs *21)
[STDERR  ] 2017-10-21T11:58:44.590578207Z: [    1.348777] ACPI: PCI Interrupt Link [GSIG] (IRQs *22)
[STDERR  ] 2017-10-21T11:58:44.5905846Z: [    1.349376] ACPI: PCI Interrupt Link [GSIH] (IRQs *23)
[STDERR  ] 2017-10-21T11:58:44.590590942Z: [    1.353054] ACPI: Enabled 2 GPEs in block 00 to 3F
[STDERR  ] 2017-10-21T11:58:44.590597294Z: [    1.357324] SCSI subsystem initialized
[STDERR  ] 2017-10-21T11:58:44.590603669Z: [    1.359141] ACPI: bus type USB registered
[STDERR  ] 2017-10-21T11:58:44.590609817Z: [    1.360335] usbcore: registered new interface driver usbfs
[STDERR  ] 2017-10-21T11:58:44.590618564Z: [    1.361237] usbcore: registered new interface driver hub
[STDERR  ] 2017-10-21T11:58:44.590625015Z: [    1.362006] usbcore: registered new device driver usb
[STDERR  ] 2017-10-21T11:58:44.590631407Z: [    1.363124] pps_core: LinuxPPS API ver. 1 registered
[STDERR  ] 2017-10-21T11:58:44.590637684Z: [    1.363473] pps_core: Software ver. 5.3.6 - Copyright 2005-2007 Rodolfo Giometti <giometti@linux.it>
[STDERR  ] 2017-10-21T11:58:44.590643966Z: [    1.364223] PTP clock support registered
[STDERR  ] 2017-10-21T11:58:44.59065058Z: [    1.365345] wmi: Mapper loaded
[STDERR  ] 2017-10-21T11:58:44.590656892Z: [    1.366431] PCI: Using ACPI for IRQ routing
[STDERR  ] 2017-10-21T11:58:44.590663264Z: [    1.385372] NetLabel: Initializing
[STDERR  ] 2017-10-21T11:58:44.590669397Z: [    1.385632] NetLabel:  domain hash size = 128
[STDERR  ] 2017-10-21T11:58:44.590678588Z: [    1.385927] NetLabel:  protocols = UNLABELED CIPSOv4
[STDERR  ] 2017-10-21T11:58:44.590685273Z: [    1.387716] NetLabel:  unlabeled traffic allowed by default
[STDERR  ] 2017-10-21T11:58:44.590691676Z: [    1.388605] HPET: 3 timers in total, 0 timers will be used for per-cpu timer
[STDERR  ] 2017-10-21T11:58:44.590700913Z: [    1.389327] hpet0: at MMIO 0xfed00000, IRQs 2, 8, 0
[STDERR  ] 2017-10-21T11:58:44.590709144Z: [    1.389793] hpet0: 3 comparators, 64-bit 100.000000 MHz counter
[STDERR  ] 2017-10-21T11:58:44.590715536Z: [    1.394846] clocksource: Switched to clocksource hpet
[STDERR  ] 2017-10-21T11:58:44.590721986Z: [    1.655662] VFS: Disk quotas dquot_6.6.0
[STDERR  ] 2017-10-21T11:58:44.590728194Z: [    1.656368] VFS: Dquot-cache hash table entries: 512 (order 0, 4096 bytes)
[STDERR  ] 2017-10-21T11:58:44.590735121Z: [    1.659315] FS-Cache: Loaded
[STDERR  ] 2017-10-21T11:58:44.590743493Z: [    1.664358] CacheFiles: Loaded
[STDERR  ] 2017-10-21T11:58:44.590749954Z: [    1.665954] pnp: PnP ACPI init
[STDERR  ] 2017-10-21T11:58:44.590756516Z: [    1.677703] pnp: PnP ACPI: found 5 devices
[STDERR  ] 2017-10-21T11:58:44.590765369Z: [    1.727825] clocksource: acpi_pm: mask: 0xffffff max_cycles: 0xffffff, max_idle_ns: 2085701024 ns
[STDERR  ] 2017-10-21T11:58:44.590772374Z: [    1.730765] NET: Registered protocol family 2
[STDERR  ] 2017-10-21T11:58:44.590778712Z: [    1.737717] TCP established hash table entries: 8192 (order: 4, 65536 bytes)
[STDERR  ] 2017-10-21T11:58:44.590786384Z: [    1.738437] TCP bind hash table entries: 8192 (order: 5, 131072 bytes)
[STDERR  ] 2017-10-21T11:58:44.590793205Z: [    1.739120] TCP: Hash tables configured (established 8192 bind 8192)
[STDERR  ] 2017-10-21T11:58:44.590799556Z: [    1.741185] UDP hash table entries: 512 (order: 2, 16384 bytes)
[STDERR  ] 2017-10-21T11:58:44.590806014Z: [    1.741734] UDP-Lite hash table entries: 512 (order: 2, 16384 bytes)
[STDERR  ] 2017-10-21T11:58:44.590812287Z: [    1.743964] NET: Registered protocol family 1
[STDERR  ] 2017-10-21T11:58:44.590818593Z: [    1.744858] pci 0000:00:01.0: Video device with shadowed ROM at [mem 0x000c0000-0x000dffff]
[STDERR  ] 2017-10-21T11:58:44.590825774Z: [    1.753058] Unpacking initramfs...
[STDERR  ] 2017-10-21T11:58:44.590832024Z: [    6.033945] Freeing initrd memory: 25116K
[STDERR  ] 2017-10-21T11:58:44.590838228Z: [    6.056931] PCLMULQDQ-NI instructions are not detected.
[STDERR  ] 2017-10-21T11:58:44.590844545Z: [    6.058021] AVX or AES-NI instructions are not detected.
[STDERR  ] 2017-10-21T11:58:44.590850705Z: [    6.058454] CPU feature 'AVX registers' is not supported.
[STDERR  ] 2017-10-21T11:58:44.590857036Z: [    6.058844] CPU feature 'AVX registers' is not supported.
[STDERR  ] 2017-10-21T11:58:44.590863265Z: [    6.059326] CPU feature 'AVX registers' is not supported.
[STDERR  ] 2017-10-21T11:58:44.590869651Z: [    6.059713] CPU feature 'AVX registers' is not supported.
[STDERR  ] 2017-10-21T11:58:44.590876008Z: [    6.060288] AVX2 or AES-NI instructions are not detected.
[STDERR  ] 2017-10-21T11:58:44.590882297Z: [    6.060682] AVX2 instructions are not detected.
[STDERR  ] 2017-10-21T11:58:44.590891139Z: [    6.065849] audit: initializing netlink subsys (disabled)
[STDERR  ] 2017-10-21T11:58:44.590897613Z: [    6.067380] audit: type=2000 audit(1508587085.060:1): initialized
[STDERR  ] 2017-10-21T11:58:44.590905778Z: [    6.075307] workingset: timestamp_bits=46 max_order=18 bucket_order=0
[STDERR  ] 2017-10-21T11:58:44.590912575Z: [    6.079825] squashfs: version 4.0 (2009/01/31) Phillip Lougher
[STDERR  ] 2017-10-21T11:58:44.590918799Z: [    6.082953] FS-Cache: Netfs 'cifs' registered for caching
[STDERR  ] 2017-10-21T11:58:44.590925009Z: [    6.083816] fuse init (API version 7.26)
[STDERR  ] 2017-10-21T11:58:44.590931412Z: [    6.085916] SGI XFS with ACLs, security attributes, no debug enabled
[STDERR  ] 2017-10-21T11:58:44.590937854Z: [    6.089885] 9p: Installing v9fs 9p2000 file system support
[STDERR  ] 2017-10-21T11:58:44.590944131Z: [    6.090737] FS-Cache: Netfs '9p' registered for caching
[STDERR  ] 2017-10-21T11:58:44.590950589Z: [    6.126283] NET: Registered protocol family 38
[STDERR  ] 2017-10-21T11:58:44.590956926Z: [    6.126811] Key type asymmetric registered
[STDERR  ] 2017-10-21T11:58:44.590963278Z: [    6.127143] Asymmetric key parser 'x509' registered
[STDERR  ] 2017-10-21T11:58:44.590969625Z: [    6.127887] Block layer SCSI generic (bsg) driver version 0.4 loaded (major 251)
[STDERR  ] 2017-10-21T11:58:44.59097615Z: [    6.129309] io scheduler noop registered
[STDERR  ] 2017-10-21T11:58:44.590982382Z: [    6.129634] io scheduler deadline registered (default)
[STDERR  ] 2017-10-21T11:58:44.590990937Z: [    6.131125] io scheduler cfq registered
[STDERR  ] 2017-10-21T11:58:44.590997331Z: [    6.133543] pci_hotplug: PCI Hot Plug PCI Core version: 0.5
[STDERR  ] 2017-10-21T11:58:44.591003743Z: [    6.134110] pciehp: PCI Express Hot Plug Controller Driver version: 0.4
[STDERR  ] 2017-10-21T11:58:44.59101025Z: [    6.134875] shpchp: Standard Hot Plug PCI Controller Driver version: 0.4
[STDERR  ] 2017-10-21T11:58:44.591016682Z: [    6.135676] hv_vmbus: registering driver hyperv_fb
[STDERR  ] 2017-10-21T11:58:44.591025499Z: [    6.138731] input: Power Button as /devices/LNXSYSTM:00/LNXPWRBN:00/input/input0
[STDERR  ] 2017-10-21T11:58:44.591032646Z: [    6.139810] ACPI: Power Button [PWRF]
[STDERR  ] 2017-10-21T11:58:44.591038924Z: [    6.145107] GHES: HEST is not enabled!
[STDERR  ] 2017-10-21T11:58:44.591045131Z: [    6.156959] ACPI: PCI Interrupt Link [GSIG] enabled at IRQ 22
[STDERR  ] 2017-10-21T11:58:44.59105152Z: [    6.169503] ACPI: PCI Interrupt Link [GSIH] enabled at IRQ 23
[STDERR  ] 2017-10-21T11:58:44.59105785Z: [    6.173479] xenfs: not registering filesystem on non-xen platform
[STDERR  ] 2017-10-21T11:58:44.591064312Z: [    6.175360] Serial: 8250/16550 driver, 4 ports, IRQ sharing disabled
[STDERR  ] 2017-10-21T11:58:44.591071056Z: [    6.200973] 00:04: ttyS0 at I/O 0x3f8 (irq = 4, base_baud = 115200) is a 16550A
[STDERR  ] 2017-10-21T11:58:44.591078138Z: [    6.211468] Non-volatile memory driver v1.3
[STDERR  ] 2017-10-21T11:58:44.591084593Z: [    6.217254] Hangcheck: starting hangcheck timer 0.9.1 (tick is 180 seconds, margin is 60 seconds).
[STDERR  ] 2017-10-21T11:58:44.591091118Z: [    6.220624] random: fast init done
[STDERR  ] 2017-10-21T11:58:44.591097463Z: [    6.221718] random: crng init done
[STDERR  ] 2017-10-21T11:58:44.591103802Z: [    6.269641] loop: module loaded
[STDERR  ] 2017-10-21T11:58:44.591110218Z: [    6.292571] nbd: registered device at major 43
[STDERR  ] 2017-10-21T11:58:44.591116765Z: [    6.351359] lpc_ich 0000:00:1f.0: I/O space for GPIO uninitialized
[STDERR  ] 2017-10-21T11:58:44.591123618Z: [    6.353067] VMware PVSCSI driver - version 1.0.7.0-k
[STDERR  ] 2017-10-21T11:58:44.591130095Z: [    6.353753] hv_vmbus: registering driver hv_storvsc
[STDERR  ] 2017-10-21T11:58:44.591136281Z: [    6.364060] ACPI: PCI Interrupt Link [GSIA] enabled at IRQ 16
[STDERR  ] 2017-10-21T11:58:44.591142596Z: [    6.370116] ahci 0000:00:1f.2: AHCI 0001.0000 32 slots 6 ports 1.5 Gbps 0x3f impl SATA mode
[STDERR  ] 2017-10-21T11:58:44.591149477Z: [    6.371339] ahci 0000:00:1f.2: flags: 64bit ncq only 
[STDERR  ] 2017-10-21T11:58:44.591158112Z: [    6.392018] scsi host0: ahci
[STDERR  ] 2017-10-21T11:58:44.591164845Z: [    6.395550] scsi host1: ahci
[STDERR  ] 2017-10-21T11:58:44.591174141Z: [    6.397771] scsi host2: ahci
[STDERR  ] 2017-10-21T11:58:44.591181169Z: [    6.399967] scsi host3: ahci
[STDERR  ] 2017-10-21T11:58:44.591187813Z: [    6.402326] scsi host4: ahci
[STDERR  ] 2017-10-21T11:58:44.591194471Z: [    6.404550] scsi host5: ahci
[STDERR  ] 2017-10-21T11:58:44.591200851Z: [    6.406296] ata1: SATA max UDMA/133 abar m4096@0xfebd2000 port 0xfebd2100 irq 24
[STDERR  ] 2017-10-21T11:58:44.591207595Z: [    6.406835] ata2: SATA max UDMA/133 abar m4096@0xfebd2000 port 0xfebd2180 irq 24
[STDERR  ] 2017-10-21T11:58:44.591214518Z: [    6.407310] ata3: SATA max UDMA/133 abar m4096@0xfebd2000 port 0xfebd2200 irq 24
[STDERR  ] 2017-10-21T11:58:44.591220786Z: [    6.407780] ata4: SATA max UDMA/133 abar m4096@0xfebd2000 port 0xfebd2280 irq 24
[STDERR  ] 2017-10-21T11:58:44.591227213Z: [    6.408254] ata5: SATA max UDMA/133 abar m4096@0xfebd2000 port 0xfebd2300 irq 24
[STDERR  ] 2017-10-21T11:58:44.591234072Z: [    6.408723] ata6: SATA max UDMA/133 abar m4096@0xfebd2000 port 0xfebd2380 irq 24
[STDERR  ] 2017-10-21T11:58:44.59124065Z: [    6.421685] tun: Universal TUN/TAP device driver, 1.6
[STDERR  ] 2017-10-21T11:58:44.591246946Z: [    6.422132] tun: (C) 1999-2004 Max Krasnyansky <maxk@qualcomm.com>
[STDERR  ] 2017-10-21T11:58:44.591253244Z: [    6.433139] VMware vmxnet3 virtual NIC driver - version 1.4.a.0-k-NAPI
[STDERR  ] 2017-10-21T11:58:44.591259361Z: [    6.433935] hv_vmbus: registering driver hv_netvsc
[STDERR  ] 2017-10-21T11:58:44.591265599Z: [    6.434284] Fusion MPT base driver 3.04.20
[STDERR  ] 2017-10-21T11:58:44.591274395Z: [    6.434559] Copyright (c) 1999-2008 LSI Corporation
[STDERR  ] 2017-10-21T11:58:44.591280775Z: [    6.435113] Fusion MPT SPI Host driver 3.04.20
[STDERR  ] 2017-10-21T11:58:44.591286992Z: [    6.437032] i8042: PNP: PS/2 Controller [PNP0303:KBD,PNP0f13:MOU] at 0x60,0x64 irq 1,12
[STDERR  ] 2017-10-21T11:58:44.591297954Z: [    6.441231] serio: i8042 KBD port at 0x60,0x64 irq 1
[STDERR  ] 2017-10-21T11:58:44.591304391Z: [    6.441810] serio: i8042 AUX port at 0x60,0x64 irq 12
[STDERR  ] 2017-10-21T11:58:44.591310531Z: [    6.444763] hv_vmbus: registering driver hyperv_keyboard
[STDERR  ] 2017-10-21T11:58:44.591316786Z: [    6.446808] mousedev: PS/2 mouse device common for all mice
[STDERR  ] 2017-10-21T11:58:44.591323027Z: [    6.451790] input: AT Translated Set 2 keyboard as /devices/platform/i8042/serio0/input/input1
[STDERR  ] 2017-10-21T11:58:44.591329534Z: [    6.454520] input: PC Speaker as /devices/platform/pcspkr/input/input2
[STDERR  ] 2017-10-21T11:58:44.591336645Z: [    6.457880] rtc_cmos 00:00: RTC can wake from S4
[STDERR  ] 2017-10-21T11:58:44.591344761Z: [    6.461414] rtc_cmos 00:00: rtc core: registered rtc_cmos as rtc0
[STDERR  ] 2017-10-21T11:58:44.591354074Z: [    6.462542] rtc_cmos 00:00: alarms up to one day, y3k, 114 bytes nvram, hpet irqs
[STDERR  ] 2017-10-21T11:58:44.591360823Z: [    6.463253] i2c /dev entries driver
[STDERR  ] 2017-10-21T11:58:44.591367263Z: [    6.465051] device-mapper: ioctl: 4.35.0-ioctl (2016-06-23) initialised: dm-devel@redhat.com
[STDERR  ] 2017-10-21T11:58:44.591374505Z: [    6.471396] usbcore: registered new interface driver usbhid
[STDERR  ] 2017-10-21T11:58:44.591382715Z: [    6.472027] usbhid: USB HID core driver
[STDERR  ] 2017-10-21T11:58:44.591389002Z: [    6.472884] hv_utils: Registering HyperV Utility Driver
[STDERR  ] 2017-10-21T11:58:44.591395418Z: [    6.473464] hv_vmbus: registering driver hv_util
[STDERR  ] 2017-10-21T11:58:44.59140173Z: [    6.473969] hv_vmbus: registering driver hv_balloon
[STDERR  ] 2017-10-21T11:58:44.591408582Z: [    6.474777] oprofile: using NMI interrupt.
[STDERR  ] 2017-10-21T11:58:44.59141528Z: [    6.476320] GACT probability on
[STDERR  ] 2017-10-21T11:58:44.591421705Z: [    6.476737] Mirror/redirect action on
[STDERR  ] 2017-10-21T11:58:44.591427899Z: [    6.477513] Simple TC action Loaded
[STDERR  ] 2017-10-21T11:58:44.591436789Z: [    6.478236] u32 classifier
[STDERR  ] 2017-10-21T11:58:44.591443136Z: [    6.478439]     Performance counters on
[STDERR  ] 2017-10-21T11:58:44.591449447Z: [    6.478700]     input device check on
[STDERR  ] 2017-10-21T11:58:44.591455718Z: [    6.478946]     Actions configured
[STDERR  ] 2017-10-21T11:58:44.591461961Z: [    6.479501] Netfilter messages via NETLINK v0.30.
[STDERR  ] 2017-10-21T11:58:44.591468193Z: [    6.480013] nfnl_acct: registering with nfnetlink.
[STDERR  ] 2017-10-21T11:58:44.591474692Z: [    6.481518] nf_conntrack version 0.5.0 (8192 buckets, 32768 max)
[STDERR  ] 2017-10-21T11:58:44.591480995Z: [    6.484389] ctnetlink v0.93: registering with nfnetlink.
[STDERR  ] 2017-10-21T11:58:44.591487317Z: [    6.487421] nf_tables: (c) 2007-2009 Patrick McHardy <kaber@trash.net>
[STDERR  ] 2017-10-21T11:58:44.591494272Z: [    6.488215] nf_tables_compat: (c) 2012 Pablo Neira Ayuso <pablo@netfilter.org>
[STDERR  ] 2017-10-21T11:58:44.591500965Z: [    6.490761] xt_time: kernel timezone is -0000
[STDERR  ] 2017-10-21T11:58:44.591507364Z: [    6.491281] ip_set: protocol 6
[STDERR  ] 2017-10-21T11:58:44.591514267Z: [    6.491872] IPVS: Registered protocols (TCP, UDP, SCTP, AH, ESP)
[STDERR  ] 2017-10-21T11:58:44.591520657Z: [    6.492419] IPVS: Connection hash table configured (size=4096, memory=64Kbytes)
[STDERR  ] 2017-10-21T11:58:44.591527062Z: [    6.494088] IPVS: Creating netns size=2104 id=0
[STDERR  ] 2017-10-21T11:58:44.591533455Z: [    6.496662] IPVS: ipvs loaded.
[STDERR  ] 2017-10-21T11:58:44.5915398Z: [    6.496989] IPVS: [rr] scheduler registered.
[STDERR  ] 2017-10-21T11:58:44.591546163Z: [    6.497308] IPVS: [wrr] scheduler registered.
[STDERR  ] 2017-10-21T11:58:44.591552395Z: [    6.497602] IPVS: [lc] scheduler registered.
[STDERR  ] 2017-10-21T11:58:44.591558749Z: [    6.497887] IPVS: [wlc] scheduler registered.
[STDERR  ] 2017-10-21T11:58:44.591565054Z: [    6.498176] IPVS: [fo] scheduler registered.
[STDERR  ] 2017-10-21T11:58:44.591573659Z: [    6.498462] IPVS: [ovf] scheduler registered.
[STDERR  ] 2017-10-21T11:58:44.591582302Z: [    6.498855] IPVS: [lblc] scheduler registered.
[STDERR  ] 2017-10-21T11:58:44.591588584Z: [    6.499306] IPVS: [lblcr] scheduler registered.
[STDERR  ] 2017-10-21T11:58:44.591594821Z: [    6.499627] IPVS: [dh] scheduler registered.
[STDERR  ] 2017-10-21T11:58:44.591600986Z: [    6.499917] IPVS: [sh] scheduler registered.
[STDERR  ] 2017-10-21T11:58:44.591609624Z: [    6.500505] IPVS: [sed] scheduler registered.
[STDERR  ] 2017-10-21T11:58:44.591616119Z: [    6.500812] IPVS: [nq] scheduler registered.
[STDERR  ] 2017-10-21T11:58:44.591622371Z: [    6.501458] IPVS: ftp: loaded support on port[0] = 21
[STDERR  ] 2017-10-21T11:58:44.591628748Z: [    6.502287] ipip: IPv4 and MPLS over IPv4 tunneling driver
[STDERR  ] 2017-10-21T11:58:44.591635017Z: [    6.506317] gre: GRE over IPv4 demultiplexor driver
[STDERR  ] 2017-10-21T11:58:44.591641395Z: [    6.508927] ip_tables: (C) 2000-2006 Netfilter Core Team
[STDERR  ] 2017-10-21T11:58:44.591647667Z: [    6.512426] ipt_CLUSTERIP: ClusterIP Version 0.8 loaded successfully
[STDERR  ] 2017-10-21T11:58:44.591654075Z: [    6.513114] arp_tables: arp_tables: (C) 2002 David S. Miller
[STDERR  ] 2017-10-21T11:58:44.591660347Z: [    6.515313] NET: Registered protocol family 10
[STDERR  ] 2017-10-21T11:58:44.591666661Z: [    6.524760] ip6_tables: (C) 2000-2006 Netfilter Core Team
[STDERR  ] 2017-10-21T11:58:44.591672833Z: [    6.533445] NET: Registered protocol family 17
[STDERR  ] 2017-10-21T11:58:44.591679056Z: [    6.534410] Bridge firewalling registered
[STDERR  ] 2017-10-21T11:58:44.591685223Z: [    6.534895] Ebtables v2.0 registered
[STDERR  ] 2017-10-21T11:58:44.5916915Z: [    6.536656] 8021q: 802.1Q VLAN Support v1.8
[STDERR  ] 2017-10-21T11:58:44.591697788Z: [    6.538022] 9pnet: Installing 9P2000 support
[STDERR  ] 2017-10-21T11:58:44.591704133Z: [    6.539430] Key type dns_resolver registered
[STDERR  ] 2017-10-21T11:58:44.591710309Z: [    6.540567] microcode: AMD CPU family 0x6 not supported
[STDERR  ] 2017-10-21T11:58:44.591719221Z: [    6.544087] registered taskstats version 1
[STDERR  ] 2017-10-21T11:58:44.591725472Z: [    6.703778] Key type big_key registered
[STDERR  ] 2017-10-21T11:58:44.591731781Z: [    6.742996] ata2: SATA link down (SStatus 0 SControl 300)
[STDERR  ] 2017-10-21T11:58:44.591737983Z: [    6.744823] ata1: SATA link down (SStatus 0 SControl 300)
[STDERR  ] 2017-10-21T11:58:44.591744362Z: [    6.752553] ata5: SATA link down (SStatus 0 SControl 300)
[STDERR  ] 2017-10-21T11:58:44.591750573Z: [    6.753175] ata4: SATA link down (SStatus 0 SControl 300)
[STDERR  ] 2017-10-21T11:58:44.591756985Z: [    6.753889] ata3: SATA link up 1.5 Gbps (SStatus 113 SControl 300)
[STDERR  ] 2017-10-21T11:58:44.591764249Z: [    6.757173] ata3.00: ATAPI: QEMU DVD-ROM, 2.5+, max UDMA/100
[STDERR  ] 2017-10-21T11:58:44.591773208Z: [    6.757821] ata3.00: applying bridge limits
[STDERR  ] 2017-10-21T11:58:44.591779732Z: [    6.760961] ata3.00: configured for UDMA/100
[STDERR  ] 2017-10-21T11:58:44.59178609Z: [    6.764262] ata6: SATA link down (SStatus 0 SControl 300)
[STDERR  ] 2017-10-21T11:58:44.591792405Z: [    6.779164] scsi 2:0:0:0: CD-ROM            QEMU     QEMU DVD-ROM     2.5+ PQ: 0 ANSI: 5
[STDERR  ] 2017-10-21T11:58:44.59179947Z: [    6.803118] sr 2:0:0:0: [sr0] scsi3-mmc drive: 4x/4x cd/rw xa/form2 tray
[STDERR  ] 2017-10-21T11:58:44.591806468Z: [    6.803728] cdrom: Uniform CD-ROM driver Revision: 3.20
[STDERR  ] 2017-10-21T11:58:44.591812851Z: [    6.814302] sr 2:0:0:0: Attached scsi generic sg0 type 5
[STDERR  ] 2017-10-21T11:58:44.591819257Z: [    6.852460] Key type encrypted registered
[STDERR  ] 2017-10-21T11:58:44.591827416Z: [    6.856228] rtc_cmos 00:00: setting system clock to 2017-10-21 11:58:06 UTC (1508587086)
[STDERR  ] 2017-10-21T11:58:44.591835079Z: [    7.007544] Freeing unused kernel memory: 1380K
[STDERR  ] 2017-10-21T11:58:44.591841541Z: [    7.007931] Write protecting the kernel read-only data: 12288k
[STDERR  ] 2017-10-21T11:58:44.591847908Z: [    7.014109] Freeing unused kernel memory: 124K
[STDERR  ] 2017-10-21T11:58:44.591858199Z: [    7.110354] Freeing unused kernel memory: 1392K
[STDERR  ] 2017-10-21T11:58:44.591867524Z: [    7.110956] tsc: Refined TSC clocksource calibration: 2300.041 MHz
[STDERR  ] 2017-10-21T11:58:44.591874661Z: [    7.111444] clocksource: tsc: mask: 0xffffffffffffffff max_cycles: 0x21275bc6978, max_idle_ns: 440795241275 ns
[STDERR  ] 2017-10-21T11:58:44.591881158Z: [    8.126034] clocksource: Switched to clocksource tsc
[STDERR  ] 2017-10-21T11:58:44.591887609Z: 
[STDERR  ] 2017-10-21T11:58:44.591894135Z: Welcome to LinuxKit
[STDERR  ] 2017-10-21T11:58:44.591900422Z: 
[STDERR  ] 2017-10-21T11:58:44.5919067Z:                         ##         .
[STDERR  ] 2017-10-21T11:58:44.591913111Z:                   ## ## ##        ==
[STDERR  ] 2017-10-21T11:58:44.591919291Z:                ## ## ## ## ##    ===
[STDERR  ] 2017-10-21T11:58:44.591925494Z:            /"""""""""""""""""\___/ ===
[STDERR  ] 2017-10-21T11:58:44.591931696Z:           {                       /  ===-
[STDERR  ] 2017-10-21T11:58:44.591937853Z:            \______ O           __/
[STDERR  ] 2017-10-21T11:58:44.591944035Z:              \    \         __/
[STDERR  ] 2017-10-21T11:58:44.591950313Z:               \____\_______/
[STDERR  ] 2017-10-21T11:58:44.591956497Z: 
[STDERR  ] 2017-10-21T11:58:44.591962636Z: starting kernel config sanity test with /proc/config.gz
[STDERR  ] 2017-10-21T11:58:44.591969033Z: [   23.343105] RPC: Registered named UNIX socket transport module.
[STDERR  ] 2017-10-21T11:58:44.591975448Z: [   23.343589] RPC: Registered udp transport module.
[STDERR  ] 2017-10-21T11:58:44.591981651Z: [   23.343907] RPC: Registered tcp transport module.
[STDERR  ] 2017-10-21T11:58:44.591988008Z: [   23.344219] RPC: Registered tcp NFSv4.1 backchannel transport module.
[STDERR  ] 2017-10-21T11:58:44.59199433Z: [   23.437370] FS-Cache: Netfs 'nfs' registered for caching
[STDERR  ] 2017-10-21T11:58:44.592000555Z: [   23.536760] Installing knfsd (copyright (C) 1996 okir@monad.swb.de).
[STDERR  ] 2017-10-21T11:58:44.592010381Z: [   23.587376] ntfs: driver 2.1.32 [Flags: R/O MODULE].
[STDERR  ] 2017-10-21T11:58:44.592016706Z: kernel config test succeeded!
[STDERR  ] 2017-10-21T11:58:44.592023059Z: [37minfo: reading kernel config from /proc/config.gz ...[m
[STDERR  ] 2017-10-21T11:58:44.592029276Z: 
[STDERR  ] 2017-10-21T11:58:44.592035553Z: Generally Necessary:
[STDERR  ] 2017-10-21T11:58:44.592043665Z: - [37mcgroup hierarchy[m: [32mproperly mounted[m [/sys/fs/cgroup]
[STDERR  ] 2017-10-21T11:58:44.592050018Z: - [37mCONFIG_NAMESPACES[m: [32menabled[m
[STDERR  ] 2017-10-21T11:58:44.592056267Z: - [37mCONFIG_NET_NS[m: [32menabled[m
[STDERR  ] 2017-10-21T11:58:44.592062472Z: - [37mCONFIG_PID_NS[m: [32menabled[m
[STDERR  ] 2017-10-21T11:58:44.592068786Z: - [37mCONFIG_IPC_NS[m: [32menabled[m
[STDERR  ] 2017-10-21T11:58:44.592075Z: - [37mCONFIG_UTS_NS[m: [32menabled[m
[STDERR  ] 2017-10-21T11:58:44.592081289Z: - [37mCONFIG_CGROUPS[m: [32menabled[m
[STDERR  ] 2017-10-21T11:58:44.592087516Z: - [37mCONFIG_CGROUP_CPUACCT[m: [32menabled[m
[STDERR  ] 2017-10-21T11:58:44.592093854Z: - [37mCONFIG_CGROUP_DEVICE[m: [32menabled[m
[STDERR  ] 2017-10-21T11:58:44.59210004Z: - [37mCONFIG_CGROUP_FREEZER[m: [32menabled[m
[STDERR  ] 2017-10-21T11:58:44.592106282Z: - [37mCONFIG_CGROUP_SCHED[m: [32menabled[m
[STDERR  ] 2017-10-21T11:58:44.59211244Z: - [37mCONFIG_CPUSETS[m: [32menabled[m
[STDERR  ] 2017-10-21T11:58:44.592118755Z: - [37mCONFIG_MEMCG[m: [32menabled[m
[STDERR  ] 2017-10-21T11:58:44.59212496Z: - [37mCONFIG_KEYS[m: [32menabled[m
[STDERR  ] 2017-10-21T11:58:44.592131209Z: - [37mCONFIG_VETH[m: [32menabled[m
[STDERR  ] 2017-10-21T11:58:44.592137369Z: - [37mCONFIG_BRIDGE[m: [32menabled[m
[STDERR  ] 2017-10-21T11:58:44.592143608Z: - [37mCONFIG_BRIDGE_NETFILTER[m: [32menabled[m
[STDERR  ] 2017-10-21T11:58:44.592149828Z: - [37mCONFIG_NF_NAT_IPV4[m: [32menabled[m
[STDERR  ] 2017-10-21T11:58:44.592158203Z: - [37mCONFIG_IP_NF_FILTER[m: [32menabled[m
[STDERR  ] 2017-10-21T11:58:44.592168317Z: - [37mCONFIG_IP_NF_TARGET_MASQUERADE[m: [32menabled[m
[STDERR  ] 2017-10-21T11:58:44.592174789Z: - [37mCONFIG_NETFILTER_XT_MATCH_ADDRTYPE[m: [32menabled[m
[STDERR  ] 2017-10-21T11:58:44.592181207Z: - [37mCONFIG_NETFILTER_XT_MATCH_CONNTRACK[m: [32menabled[m
[STDERR  ] 2017-10-21T11:58:44.592189186Z: - [37mCONFIG_NETFILTER_XT_MATCH_IPVS[m: [32menabled[m
[STDERR  ] 2017-10-21T11:58:44.592195449Z: - [37mCONFIG_IP_NF_NAT[m: [32menabled[m
[STDERR  ] 2017-10-21T11:58:44.59220171Z: - [37mCONFIG_NF_NAT[m: [32menabled[m
[STDERR  ] 2017-10-21T11:58:44.592208034Z: - [37mCONFIG_NF_NAT_NEEDED[m: [32menabled[m
[STDERR  ] 2017-10-21T11:58:44.592214562Z: - [37mCONFIG_POSIX_MQUEUE[m: [32menabled[m
[STDERR  ] 2017-10-21T11:58:44.592220823Z: 
[STDERR  ] 2017-10-21T11:58:44.592227071Z: Optional Features:
[STDERR  ] 2017-10-21T11:58:44.592233397Z: - [37mCONFIG_USER_NS[m: [32menabled[m
[STDERR  ] 2017-10-21T11:58:44.592239719Z: - [37mCONFIG_SECCOMP[m: [32menabled[m
[STDERR  ] 2017-10-21T11:58:44.592246006Z: - [37mCONFIG_CGROUP_PIDS[m: [32menabled[m
[STDERR  ] 2017-10-21T11:58:44.59225262Z: - [37mCONFIG_MEMCG_SWAP[m: [32menabled[m
[STDERR  ] 2017-10-21T11:58:44.592258838Z: - [37mCONFIG_MEMCG_SWAP_ENABLED[m: [32menabled[m
[STDERR  ] 2017-10-21T11:58:44.592265165Z:     [1;30m(cgroup swap accounting is currently enabled)[m
[STDERR  ] 2017-10-21T11:58:44.592271454Z: - [1mCONFIG_LEGACY_VSYSCALL_NONE[m: [1;31menabled[m
[STDERR  ] 2017-10-21T11:58:44.592277863Z:     [1;30m(containers using eglibc <= 2.13 will not work. Switch to[m
[STDERR  ] 2017-10-21T11:58:44.59228466Z:     [1;30m "CONFIG_VSYSCALL_[NATIVE|EMULATE]" or use "vsyscall=[native|emulate]"[m
[STDERR  ] 2017-10-21T11:58:44.592291676Z:     [1;30m on kernel command line. Note that this will disable ASLR for the,[m
[STDERR  ] 2017-10-21T11:58:44.592297986Z:     [1;30m VDSO which may assist in exploiting security vulnerabilities.)[m
[STDERR  ] 2017-10-21T11:58:44.59230714Z: - [37mCONFIG_BLK_CGROUP[m: [32menabled[m
[STDERR  ] 2017-10-21T11:58:44.592313443Z: - [37mCONFIG_BLK_DEV_THROTTLING[m: [32menabled[m
[STDERR  ] 2017-10-21T11:58:44.592319735Z: - [37mCONFIG_IOSCHED_CFQ[m: [32menabled[m
[STDERR  ] 2017-10-21T11:58:44.592326042Z: - [37mCONFIG_CFQ_GROUP_IOSCHED[m: [32menabled[m
[STDERR  ] 2017-10-21T11:58:44.592332381Z: - [37mCONFIG_CGROUP_PERF[m: [32menabled[m
[STDERR  ] 2017-10-21T11:58:44.592338713Z: - [37mCONFIG_CGROUP_HUGETLB[m: [32menabled[m
[STDERR  ] 2017-10-21T11:58:44.592344944Z: - [37mCONFIG_NET_CLS_CGROUP[m: [32menabled[m
[STDERR  ] 2017-10-21T11:58:44.59235115Z: - [37mCONFIG_CGROUP_NET_PRIO[m: [32menabled[m
[STDERR  ] 2017-10-21T11:58:44.592357453Z: - [37mCONFIG_CFS_BANDWIDTH[m: [32menabled[m
[STDERR  ] 2017-10-21T11:58:44.592363692Z: - [37mCONFIG_FAIR_GROUP_SCHED[m: [32menabled[m
[STDERR  ] 2017-10-21T11:58:44.592369875Z: - [37mCONFIG_RT_GROUP_SCHED[m: [32menabled[m
[STDERR  ] 2017-10-21T11:58:44.592378011Z: - [37mCONFIG_IP_VS[m: [32menabled[m
[STDERR  ] 2017-10-21T11:58:44.592386393Z: - [37mCONFIG_IP_VS_NFCT[m: [32menabled[m
[STDERR  ] 2017-10-21T11:58:44.59239302Z: - [37mCONFIG_IP_VS_RR[m: [32menabled[m
[STDERR  ] 2017-10-21T11:58:44.59239934Z: - [37mCONFIG_EXT4_FS[m: [32menabled[m
[STDERR  ] 2017-10-21T11:58:44.592405593Z: - [37mCONFIG_EXT4_FS_POSIX_ACL[m: [32menabled[m
[STDERR  ] 2017-10-21T11:58:44.592411969Z: - [37mCONFIG_EXT4_FS_SECURITY[m: [32menabled[m
[STDERR  ] 2017-10-21T11:58:44.59241819Z: - Network Drivers:
[STDERR  ] 2017-10-21T11:58:44.592424575Z:   - "[34moverlay[m":
[STDERR  ] 2017-10-21T11:58:44.592573227Z:     - [37mCONFIG_VXLAN[m: [32menabled[m
[STDERR  ] 2017-10-21T11:58:44.592580219Z:       Optional (for encrypted networks):
[STDERR  ] 2017-10-21T11:58:44.592586567Z:       - [37mCONFIG_CRYPTO[m: [32menabled[m
[STDERR  ] 2017-10-21T11:58:44.592592974Z:       - [37mCONFIG_CRYPTO_AEAD[m: [32menabled[m
[STDERR  ] 2017-10-21T11:58:44.592599409Z:       - [37mCONFIG_CRYPTO_GCM[m: [32menabled[m
[STDERR  ] 2017-10-21T11:58:44.592612419Z:       - [37mCONFIG_CRYPTO_SEQIV[m: [32menabled[m
[STDERR  ] 2017-10-21T11:58:44.592619175Z:       - [37mCONFIG_CRYPTO_GHASH[m: [32menabled[m
[STDERR  ] 2017-10-21T11:58:44.592648968Z:       - [37mCONFIG_XFRM[m: [32menabled[m
[STDERR  ] 2017-10-21T11:58:44.592657995Z:       - [37mCONFIG_XFRM_USER[m: [32menabled (as module)[m
[STDERR  ] 2017-10-21T11:58:44.592664376Z:       - [37mCONFIG_XFRM_ALGO[m: [32menabled (as module)[m
[STDERR  ] 2017-10-21T11:58:44.592673269Z:       - [37mCONFIG_INET_ESP[m: [32menabled (as module)[m
[STDERR  ] 2017-10-21T11:58:44.592679808Z:       - [37mCONFIG_INET_XFRM_MODE_TRANSPORT[m: [32menabled (as module)[m
[STDERR  ] 2017-10-21T11:58:44.592686405Z:   - "[34mipvlan[m":
[STDERR  ] 2017-10-21T11:58:44.592692895Z:     - [37mCONFIG_IPVLAN[m: [32menabled[m
[STDERR  ] 2017-10-21T11:58:44.592699217Z:   - "[34mmacvlan[m":
[STDERR  ] 2017-10-21T11:58:44.592706535Z:     - [37mCONFIG_MACVLAN[m: [32menabled[m
[STDERR  ] 2017-10-21T11:58:44.592712806Z:     - [37mCONFIG_DUMMY[m: [32menabled (as module)[m
[STDERR  ] 2017-10-21T11:58:44.592719162Z:   - "[34mftp,tftp client in container[m":
[STDERR  ] 2017-10-21T11:58:44.592725442Z:     - [37mCONFIG_NF_NAT_FTP[m: [32menabled[m
[STDERR  ] 2017-10-21T11:58:44.592731762Z:     - [37mCONFIG_NF_CONNTRACK_FTP[m: [32menabled[m
[STDERR  ] 2017-10-21T11:58:44.592737972Z:     - [37mCONFIG_NF_NAT_TFTP[m: [32menabled[m
[STDERR  ] 2017-10-21T11:58:44.592744241Z:     - [37mCONFIG_NF_CONNTRACK_TFTP[m: [32menabled[m
[STDERR  ] 2017-10-21T11:58:44.592750522Z: - Storage Drivers:
[STDERR  ] 2017-10-21T11:58:44.592756975Z:   - "[34maufs[m":
[STDERR  ] 2017-10-21T11:58:44.592763261Z:     - [1mCONFIG_AUFS_FS[m: [1;31mmissing[m
[STDERR  ] 2017-10-21T11:58:44.592769578Z:   - "[34mbtrfs[m":
[STDERR  ] 2017-10-21T11:58:44.592775837Z:     - [37mCONFIG_BTRFS_FS[m: [32menabled (as module)[m
[STDERR  ] 2017-10-21T11:58:44.592806895Z:     - [37mCONFIG_BTRFS_FS_POSIX_ACL[m: [32menabled[m
[STDERR  ] 2017-10-21T11:58:44.592832804Z:   - "[34mdevicemapper[m":
[STDERR  ] 2017-10-21T11:58:44.592839938Z:     - [37mCONFIG_BLK_DEV_DM[m: [32menabled[m
[STDERR  ] 2017-10-21T11:58:44.592848428Z:     - [37mCONFIG_DM_THIN_PROVISIONING[m: [32menabled[m
[STDERR  ] 2017-10-21T11:58:44.592854892Z:   - "[34moverlay[m":
[STDERR  ] 2017-10-21T11:58:44.592861612Z:     - [37mCONFIG_OVERLAY_FS[m: [32menabled[m
[STDERR  ] 2017-10-21T11:58:44.59286794Z:   - "[34mzfs[m":
[STDERR  ] 2017-10-21T11:58:44.592874316Z:     - [1m/dev/zfs[m: [1;31mmissing[m
[STDERR  ] 2017-10-21T11:58:44.592880641Z:     - [1mzfs command[m: [1;31mmissing[m
[STDERR  ] 2017-10-21T11:58:44.592887032Z:     - [1mzpool command[m: [1;31mmissing[m
[STDERR  ] 2017-10-21T11:58:44.592893373Z: 
[STDERR  ] 2017-10-21T11:58:44.592899833Z: Limits:
[STDERR  ] 2017-10-21T11:58:44.592906126Z: [37m- /proc/sys/kernel/keys/root_maxkeys[m: [32m1000000[m
[STDERR  ] 2017-10-21T11:58:44.592912425Z: 
[STDERR  ] 2017-10-21T11:58:44.59291892Z: Kernel config test suite PASSED
[STDERR  ] 2017-10-21T11:58:44.592925533Z: [   43.663341] ACPI: Preparing to enter system sleep state S5
[STDERR  ] 2017-10-21T11:58:44.592970607Z: [   43.667693] reboot: Power down
[STDERR  ] 2017-10-21T11:58:44.593898386Z: + exit 0
[STDERR  ] 2017-10-21T11:58:44.593922075Z: + clean_up
[STDERR  ] 2017-10-21T11:58:44.59393682Z: + rm -rf kconfig-cmdline kconfig-initrd.img kconfig-kernel kconfig-state
[PASS    ] linuxkit.kernel.config_4.9.x 66.31s
