[INFO    ] 2018-05-12T17:06:35.084160988Z: Running Test linuxkit.packages.format_mount.btrfs in /tmp/build/test/cases/040_packages/006_format_mount/003_btrfs
[INFO    ] 2018-05-12T17:06:35.084340876Z: Running command: [/bin/sh -x /tmp/build/test/cases/040_packages/006_format_mount/003_btrfs/test.sh]
[STDERR  ] 2018-05-12T17:06:35.109076380Z: + set -e
[STDERR  ] 2018-05-12T17:06:35.109175177Z: + . /tmp/build/test/cases/_lib/lib.sh
[STDERR  ] 2018-05-12T17:06:35.109194993Z: + [ -f src/github.com/linuxkit/rtf/lib/lib.sh ]
[STDERR  ] 2018-05-12T17:06:35.109210095Z: + LINUXKIT_TMPDIR=/tmp/build/test/cases/_tmp
[STDERR  ] 2018-05-12T17:06:35.109225379Z: + [ -f /tmp/build/test/cases/_tmp/env.sh ]
[STDERR  ] 2018-05-12T17:06:35.109239659Z: + . /tmp/build/test/cases/_tmp/env.sh
[STDERR  ] 2018-05-12T17:06:35.109253752Z: + export LINUXKIT_EXAMPLES_DIR=/tmp/build/test/cases/../../examples
[STDERR  ] 2018-05-12T17:06:35.109269581Z: + RT_CANCEL=253
[STDERR  ] 2018-05-12T17:06:35.109284249Z: + NAME=test-format
[STDERR  ] 2018-05-12T17:06:35.109300899Z: + DISK=disk.img
[STDERR  ] 2018-05-12T17:06:35.109313929Z: + trap clean_up EXIT
[STDERR  ] 2018-05-12T17:06:35.109326927Z: + linuxkit build -format kernel+initrd -name test-format test.yml
[STDERR  ] 2018-05-12T17:06:35.137966248Z: Extract kernel image: linuxkit/kernel:4.14.40
[STDERR  ] 2018-05-12T17:06:36.840340387Z: Add init containers:
[STDERR  ] 2018-05-12T17:06:36.840419497Z: Process init image: linuxkit/init:v0.4
[STDERR  ] 2018-05-12T17:06:38.058421069Z: Process init image: linuxkit/runc:v0.4
[STDERR  ] 2018-05-12T17:06:39.242289574Z: Add onboot containers:
[STDERR  ] 2018-05-12T17:06:39.242348119Z:   Create OCI config for linuxkit/modprobe:v0.4
[STDERR  ] 2018-05-12T17:06:40.430524518Z:   Create OCI config for linuxkit/format:v0.4
[STDERR  ] 2018-05-12T17:06:41.875434806Z:   Create OCI config for linuxkit/mount:v0.4
[STDERR  ] 2018-05-12T17:06:43.221573664Z:   Create OCI config for alpine:3.7
[STDERR  ] 2018-05-12T17:06:44.434756574Z:   Create OCI config for linuxkit/poweroff:d75d94d9603bde9ab95b914deed0d069d05d8b20
[STDERR  ] 2018-05-12T17:06:45.621013534Z: Add files:
[STDERR  ] 2018-05-12T17:06:45.621114801Z:   check.sh
[STDERR  ] 2018-05-12T17:06:45.647450694Z: Create outputs:
[STDERR  ] 2018-05-12T17:06:52.145124513Z:   test-format-kernel test-format-initrd.img test-format-cmdline
[STDERR  ] 2018-05-12T17:06:52.208750431Z: + linuxkit run -disk file=disk.img,size=512M test-format
[STDERR  ] 2018-05-12T17:06:52.232097645Z: Unable to find qemu-system-x86_64 within the $PATH. Using a container
[STDERR  ] 2018-05-12T17:07:40.072015812Z: + RESULT=[    0.000000] Linux version 4.14.40-linuxkit (root@945c5b0ac955) (gcc version 6.4.0 (Alpine 6.4.0)) #1 SMP Thu May 10 10:06:57 UTC 2018
[STDERR  ] 2018-05-12T17:07:40.072095923Z: [    0.000000] Command line: console=ttyS0 console=ttyAMA0
[STDERR  ] 2018-05-12T17:07:40.072114321Z: [    0.000000] x86/fpu: x87 FPU will use FXSAVE
[STDERR  ] 2018-05-12T17:07:40.072130013Z: [    0.000000] e820: BIOS-provided physical RAM map:
[STDERR  ] 2018-05-12T17:07:40.072145403Z: [    0.000000] BIOS-e820: [mem 0x0000000000000000-0x000000000009fbff] usable
[STDERR  ] 2018-05-12T17:07:40.072160433Z: [    0.000000] BIOS-e820: [mem 0x000000000009fc00-0x000000000009ffff] reserved
[STDERR  ] 2018-05-12T17:07:40.072174950Z: [    0.000000] BIOS-e820: [mem 0x00000000000f0000-0x00000000000fffff] reserved
[STDERR  ] 2018-05-12T17:07:40.072203423Z: [    0.000000] BIOS-e820: [mem 0x0000000000100000-0x000000003ffdefff] usable
[STDERR  ] 2018-05-12T17:07:40.072218027Z: [    0.000000] BIOS-e820: [mem 0x000000003ffdf000-0x000000003fffffff] reserved
[STDERR  ] 2018-05-12T17:07:40.072240843Z: [    0.000000] BIOS-e820: [mem 0x00000000b0000000-0x00000000bfffffff] reserved
[STDERR  ] 2018-05-12T17:07:40.072254515Z: [    0.000000] BIOS-e820: [mem 0x00000000fed1c000-0x00000000fed1ffff] reserved
[STDERR  ] 2018-05-12T17:07:40.072268170Z: [    0.000000] BIOS-e820: [mem 0x00000000fffc0000-0x00000000ffffffff] reserved
[STDERR  ] 2018-05-12T17:07:40.072281548Z: [    0.000000] NX (Execute Disable) protection: active
[STDERR  ] 2018-05-12T17:07:40.072301215Z: [    0.000000] SMBIOS 2.8 present.
[STDERR  ] 2018-05-12T17:07:40.072314915Z: [    0.000000] DMI: QEMU Standard PC (Q35 + ICH9, 2009), BIOS rel-1.10.2-0-g5f4c7b1-prebuilt.qemu-project.org 04/01/2014
[STDERR  ] 2018-05-12T17:07:40.072329507Z: [    0.000000] tsc: Fast TSC calibration using PIT
[STDERR  ] 2018-05-12T17:07:40.072342718Z: [    0.000000] e820: last_pfn = 0x3ffdf max_arch_pfn = 0x400000000
[STDERR  ] 2018-05-12T17:07:40.072355844Z: [    0.000000] x86/PAT: Configuration [0-7]: WB  WC  UC- UC  WB  WP  UC- WT  
[STDERR  ] 2018-05-12T17:07:40.072367918Z: [    0.000000] found SMP MP-table at [mem 0x000f6aa0-0x000f6aaf] mapped at [ffffffffff200aa0]
[STDERR  ] 2018-05-12T17:07:40.072382064Z: [    0.000000] RAMDISK: [mem 0x3dc14000-0x3ffcffff]
[STDERR  ] 2018-05-12T17:07:40.072395819Z: [    0.000000] ACPI: Early table checksum verification disabled
[STDERR  ] 2018-05-12T17:07:40.072410677Z: [    0.000000] ACPI: RSDP 0x00000000000F68B0 000014 (v00 BOCHS )
[STDERR  ] 2018-05-12T17:07:40.072429233Z: [    0.000000] ACPI: RSDT 0x000000003FFE20A8 000034 (v01 BOCHS  BXPCRSDT 00000001 BXPC 00000001)
[STDERR  ] 2018-05-12T17:07:40.072444393Z: [    0.000000] ACPI: FACP 0x000000003FFE1EC8 0000F4 (v03 BOCHS  BXPCFACP 00000001 BXPC 00000001)
[STDERR  ] 2018-05-12T17:07:40.072474553Z: [    0.000000] ACPI: DSDT 0x000000003FFE0040 001E88 (v01 BOCHS  BXPCDSDT 00000001 BXPC 00000001)
[STDERR  ] 2018-05-12T17:07:40.072490422Z: [    0.000000] ACPI: FACS 0x000000003FFE0000 000040
[STDERR  ] 2018-05-12T17:07:40.072539789Z: [    0.000000] ACPI: APIC 0x000000003FFE1FBC 000078 (v01 BOCHS  BXPCAPIC 00000001 BXPC 00000001)
[STDERR  ] 2018-05-12T17:07:40.072554577Z: [    0.000000] ACPI: HPET 0x000000003FFE2034 000038 (v01 BOCHS  BXPCHPET 00000001 BXPC 00000001)
[STDERR  ] 2018-05-12T17:07:40.072568424Z: [    0.000000] ACPI: MCFG 0x000000003FFE206C 00003C (v01 BOCHS  BXPCMCFG 00000001 BXPC 00000001)
[STDERR  ] 2018-05-12T17:07:40.072582074Z: [    0.000000] Zone ranges:
[STDERR  ] 2018-05-12T17:07:40.072596487Z: [    0.000000]   DMA      [mem 0x0000000000001000-0x0000000000ffffff]
[STDERR  ] 2018-05-12T17:07:40.072610269Z: [    0.000000]   DMA32    [mem 0x0000000001000000-0x000000003ffdefff]
[STDERR  ] 2018-05-12T17:07:40.072623820Z: [    0.000000]   Normal   empty
[STDERR  ] 2018-05-12T17:07:40.072637233Z: [    0.000000]   Device   empty
[STDERR  ] 2018-05-12T17:07:40.072654503Z: [    0.000000] Movable zone start for each node
[STDERR  ] 2018-05-12T17:07:40.072669164Z: [    0.000000] Early memory node ranges
[STDERR  ] 2018-05-12T17:07:40.072687319Z: [    0.000000]   node   0: [mem 0x0000000000001000-0x000000000009efff]
[STDERR  ] 2018-05-12T17:07:40.072702619Z: [    0.000000]   node   0: [mem 0x0000000000100000-0x000000003ffdefff]
[STDERR  ] 2018-05-12T17:07:40.072715626Z: [    0.000000] Initmem setup node 0 [mem 0x0000000000001000-0x000000003ffdefff]
[STDERR  ] 2018-05-12T17:07:40.072728826Z: [    0.000000] ACPI: PM-Timer IO Port: 0x608
[STDERR  ] 2018-05-12T17:07:40.072747095Z: [    0.000000] ACPI: LAPIC_NMI (acpi_id[0xff] dfl dfl lint[0x1])
[STDERR  ] 2018-05-12T17:07:40.072764629Z: [    0.000000] IOAPIC[0]: apic_id 0, version 32, address 0xfec00000, GSI 0-23
[STDERR  ] 2018-05-12T17:07:40.072782655Z: [    0.000000] ACPI: INT_SRC_OVR (bus 0 bus_irq 0 global_irq 2 dfl dfl)
[STDERR  ] 2018-05-12T17:07:40.072803746Z: [    0.000000] ACPI: INT_SRC_OVR (bus 0 bus_irq 5 global_irq 5 high level)
[STDERR  ] 2018-05-12T17:07:40.072817376Z: [    0.000000] ACPI: INT_SRC_OVR (bus 0 bus_irq 9 global_irq 9 high level)
[STDERR  ] 2018-05-12T17:07:40.072830978Z: [    0.000000] ACPI: INT_SRC_OVR (bus 0 bus_irq 10 global_irq 10 high level)
[STDERR  ] 2018-05-12T17:07:40.072844239Z: [    0.000000] ACPI: INT_SRC_OVR (bus 0 bus_irq 11 global_irq 11 high level)
[STDERR  ] 2018-05-12T17:07:40.072857711Z: [    0.000000] Using ACPI (MADT) for SMP configuration information
[STDERR  ] 2018-05-12T17:07:40.072872732Z: [    0.000000] ACPI: HPET id: 0x8086a201 base: 0xfed00000
[STDERR  ] 2018-05-12T17:07:40.072886296Z: [    0.000000] smpboot: Allowing 1 CPUs, 0 hotplug CPUs
[STDERR  ] 2018-05-12T17:07:40.072905511Z: [    0.000000] e820: [mem 0x40000000-0xafffffff] available for PCI devices
[STDERR  ] 2018-05-12T17:07:40.072918889Z: [    0.000000] Booting paravirtualized kernel on bare hardware
[STDERR  ] 2018-05-12T17:07:40.072932798Z: [    0.000000] clocksource: refined-jiffies: mask: 0xffffffff max_cycles: 0xffffffff, max_idle_ns: 19112604462750000 ns
[STDERR  ] 2018-05-12T17:07:40.072949579Z: [    0.000000] random: get_random_bytes called from start_kernel+0x92/0x4c8 with crng_init=0
[STDERR  ] 2018-05-12T17:07:40.072964372Z: [    0.000000] setup_percpu: NR_CPUS:128 nr_cpumask_bits:128 nr_cpu_ids:1 nr_node_ids:1
[STDERR  ] 2018-05-12T17:07:40.072977961Z: [    0.000000] percpu: Embedded 44 pages/cpu @ffff8ee2bda00000 s143256 r8192 d28776 u2097152
[STDERR  ] 2018-05-12T17:07:40.072991328Z: [    0.000000] Built 1 zonelists, mobility grouping on.  Total pages: 257896
[STDERR  ] 2018-05-12T17:07:40.073004125Z: [    0.000000] Kernel command line: console=ttyS0 console=ttyAMA0
[STDERR  ] 2018-05-12T17:07:40.073017416Z: [    0.000000] PID hash table entries: 4096 (order: 3, 32768 bytes)
[STDERR  ] 2018-05-12T17:07:40.073029785Z: [    0.000000] Dentry cache hash table entries: 131072 (order: 8, 1048576 bytes)
[STDERR  ] 2018-05-12T17:07:40.073042208Z: [    0.000000] Inode-cache hash table entries: 65536 (order: 7, 524288 bytes)
[STDERR  ] 2018-05-12T17:07:40.073055871Z: [    0.000000] Memory: 968208K/1048052K available (12300K kernel code, 1465K rwdata, 2988K rodata, 1508K init, 632K bss, 79844K reserved, 0K cma-reserved)
[STDERR  ] 2018-05-12T17:07:40.073070161Z: [    0.000000] ftrace: allocating 40967 entries in 161 pages
[STDERR  ] 2018-05-12T17:07:40.073084101Z: [    0.000000] Hierarchical RCU implementation.
[STDERR  ] 2018-05-12T17:07:40.073097330Z: [    0.000000] 	RCU restricting CPUs from NR_CPUS=128 to nr_cpu_ids=1.
[STDERR  ] 2018-05-12T17:07:40.073110040Z: [    0.000000] RCU: Adjusting geometry for rcu_fanout_leaf=16, nr_cpu_ids=1
[STDERR  ] 2018-05-12T17:07:40.073127445Z: [    0.000000] NR_IRQS: 8448, nr_irqs: 256, preallocated irqs: 16
[STDERR  ] 2018-05-12T17:07:40.073140771Z: [    0.000000] Console: colour VGA+ 80x25
[STDERR  ] 2018-05-12T17:07:40.073154405Z: [    0.000000] console [ttyS0] enabled
[STDERR  ] 2018-05-12T17:07:40.073167133Z: [    0.000000] clocksource: hpet: mask: 0xffffffff max_cycles: 0xffffffff, max_idle_ns: 19112604467 ns
[STDERR  ] 2018-05-12T17:07:40.073181635Z: [    0.010000] tsc: Fast TSC calibration using PIT
[STDERR  ] 2018-05-12T17:07:40.073196387Z: [    0.010000] tsc: Detected 2600.069 MHz processor
[STDERR  ] 2018-05-12T17:07:40.073213693Z: [    0.010000] Calibrating delay loop (skipped), value calculated using timer frequency.. 5200.13 BogoMIPS (lpj=26000690)
[STDERR  ] 2018-05-12T17:07:40.073228699Z: [    0.020220] pid_max: default: 32768 minimum: 301
[STDERR  ] 2018-05-12T17:07:40.073241990Z: [    0.021266] ACPI: Core revision 20170728
[STDERR  ] 2018-05-12T17:07:40.073257740Z: [    0.048564] ACPI: 1 ACPI AML tables successfully acquired and loaded
[STDERR  ] 2018-05-12T17:07:40.073270569Z: [    0.051286] Security Framework initialized
[STDERR  ] 2018-05-12T17:07:40.073283690Z: [    0.051841] Yama: becoming mindful.
[STDERR  ] 2018-05-12T17:07:40.073296849Z: [    0.054943] Mount-cache hash table entries: 2048 (order: 2, 16384 bytes)
[STDERR  ] 2018-05-12T17:07:40.073316971Z: [    0.055481] Mountpoint-cache hash table entries: 2048 (order: 2, 16384 bytes)
[STDERR  ] 2018-05-12T17:07:40.073332127Z: [    0.072201] Last level iTLB entries: 4KB 0, 2MB 0, 4MB 0
[STDERR  ] 2018-05-12T17:07:40.073346403Z: [    0.072664] Last level dTLB entries: 4KB 0, 2MB 0, 4MB 0, 1GB 0
[STDERR  ] 2018-05-12T17:07:40.073360173Z: [    0.073317] Spectre V2 : Spectre mitigation: LFENCE not serializing, switching to generic retpoline
[STDERR  ] 2018-05-12T17:07:40.073376175Z: [    0.073948] Spectre V2 : Vulnerable: Minimal generic ASM retpoline
[STDERR  ] 2018-05-12T17:07:40.073389491Z: [    0.074435] Spectre V2 : Spectre v2 mitigation: Filling RSB on context switch
[STDERR  ] 2018-05-12T17:07:40.073408615Z: [    0.350795] Freeing SMP alternatives memory: 20K
[STDERR  ] 2018-05-12T17:07:40.073423280Z: [    0.371899] smpboot: Max logical packages: 1
[STDERR  ] 2018-05-12T17:07:40.073444218Z: [    0.378714] ..TIMER: vector=0x30 apic1=0 pin1=2 apic2=-1 pin2=-1
[STDERR  ] 2018-05-12T17:07:40.073466105Z: [    0.480000] smpboot: CPU0: AMD QEMU Virtual CPU version 2.5+ (family: 0x6, model: 0x6, stepping: 0x3)
[STDERR  ] 2018-05-12T17:07:40.073479662Z: [    0.480000] Performance Events: PMU not available due to virtualization, using software events only.
[STDERR  ] 2018-05-12T17:07:40.073496145Z: [    0.481847] Hierarchical SRCU implementation.
[STDERR  ] 2018-05-12T17:07:40.073517944Z: [    0.488968] NMI watchdog: Perf event create on CPU 0 failed with -2
[STDERR  ] 2018-05-12T17:07:40.073531038Z: [    0.489514] NMI watchdog: Perf NMI watchdog permanently disabled
[STDERR  ] 2018-05-12T17:07:40.073544249Z: [    0.493563] smp: Bringing up secondary CPUs ...
[STDERR  ] 2018-05-12T17:07:40.073557464Z: [    0.493965] smp: Brought up 1 node, 1 CPU
[STDERR  ] 2018-05-12T17:07:40.073574755Z: [    0.494448] smpboot: Total of 1 processors activated (5200.13 BogoMIPS)
[STDERR  ] 2018-05-12T17:07:40.073587930Z: [    0.510654] devtmpfs: initialized
[STDERR  ] 2018-05-12T17:07:40.073600550Z: [    0.516620] x86/mm: Memory block size: 128MB
[STDERR  ] 2018-05-12T17:07:40.073616612Z: [    0.521753] evm: security.ima
[STDERR  ] 2018-05-12T17:07:40.073629826Z: [    0.521985] evm: security.capability
[STDERR  ] 2018-05-12T17:07:40.073643156Z: [    0.525127] clocksource: jiffies: mask: 0xffffffff max_cycles: 0xffffffff, max_idle_ns: 19112604462750000 ns
[STDERR  ] 2018-05-12T17:07:40.073656486Z: [    0.525978] futex hash table entries: 256 (order: 2, 16384 bytes)
[STDERR  ] 2018-05-12T17:07:40.073669406Z: [    0.536682] NET: Registered protocol family 16
[STDERR  ] 2018-05-12T17:07:40.073682524Z: [    0.543102] cpuidle: using governor ladder
[STDERR  ] 2018-05-12T17:07:40.073695868Z: [    0.543699] cpuidle: using governor menu
[STDERR  ] 2018-05-12T17:07:40.073708110Z: [    0.545343] ACPI: bus type PCI registered
[STDERR  ] 2018-05-12T17:07:40.073720356Z: [    0.547930] PCI: MMCONFIG for domain 0000 [bus 00-ff] at [mem 0xb0000000-0xbfffffff] (base 0xb0000000)
[STDERR  ] 2018-05-12T17:07:40.073733916Z: [    0.548790] PCI: MMCONFIG at [mem 0xb0000000-0xbfffffff] reserved in E820
[STDERR  ] 2018-05-12T17:07:40.073747290Z: [    0.549769] PCI: Using configuration type 1 for base access
[STDERR  ] 2018-05-12T17:07:40.073765192Z: [    0.591493] HugeTLB registered 2.00 MiB page size, pre-allocated 0 pages
[STDERR  ] 2018-05-12T17:07:40.073777838Z: [    0.603592] ACPI: Added _OSI(Module Device)
[STDERR  ] 2018-05-12T17:07:40.073790239Z: [    0.603911] ACPI: Added _OSI(Processor Device)
[STDERR  ] 2018-05-12T17:07:40.073802209Z: [    0.604220] ACPI: Added _OSI(3.0 _SCP Extensions)
[STDERR  ] 2018-05-12T17:07:40.073815199Z: [    0.604541] ACPI: Added _OSI(Processor Aggregator Device)
[STDERR  ] 2018-05-12T17:07:40.073827456Z: [    0.655543] ACPI: Interpreter enabled
[STDERR  ] 2018-05-12T17:07:40.073839519Z: [    0.656491] ACPI: (supports S0 S5)
[STDERR  ] 2018-05-12T17:07:40.073852571Z: [    0.656824] ACPI: Using IOAPIC for interrupt routing
[STDERR  ] 2018-05-12T17:07:40.073873171Z: [    0.659537] PCI: Using host bridge windows from ACPI; if necessary, use "pci=nocrs" and report a bug
[STDERR  ] 2018-05-12T17:07:40.073887106Z: [    0.662619] ACPI: Enabled 1 GPEs in block 00 to 3F
[STDERR  ] 2018-05-12T17:07:40.073899399Z: [    0.712294] ACPI: PCI Root Bridge [PCI0] (domain 0000 [bus 00-ff])
[STDERR  ] 2018-05-12T17:07:40.073915729Z: [    0.713436] acpi PNP0A08:00: _OSC: OS supports [ExtendedConfig ASPM ClockPM Segments MSI]
[STDERR  ] 2018-05-12T17:07:40.073928143Z: [    0.718510] acpi PNP0A08:00: _OSC: OS now controls [PCIeHotplug PME PCIeCapability]
[STDERR  ] 2018-05-12T17:07:40.073940751Z: [    0.722386] PCI host bridge to bus 0000:00
[STDERR  ] 2018-05-12T17:07:40.073952854Z: [    0.722956] pci_bus 0000:00: root bus resource [io  0x0000-0x0cf7 window]
[STDERR  ] 2018-05-12T17:07:40.073972494Z: [    0.723405] pci_bus 0000:00: root bus resource [io  0x0d00-0xffff window]
[STDERR  ] 2018-05-12T17:07:40.073985097Z: [    0.723824] pci_bus 0000:00: root bus resource [mem 0x000a0000-0x000bffff window]
[STDERR  ] 2018-05-12T17:07:40.073998080Z: [    0.724289] pci_bus 0000:00: root bus resource [mem 0xc0000000-0xfebfffff window]
[STDERR  ] 2018-05-12T17:07:40.074011167Z: [    0.724960] pci_bus 0000:00: root bus resource [bus 00-ff]
[STDERR  ] 2018-05-12T17:07:40.074023981Z: [    0.852298] pci 0000:00:1f.0: quirk: [io  0x0600-0x067f] claimed by ICH6 ACPI/GPIO/TCO
[STDERR  ] 2018-05-12T17:07:40.074041413Z: [    0.924922] ACPI: PCI Interrupt Link [LNKA] (IRQs 5 *10 11)
[STDERR  ] 2018-05-12T17:07:40.074054923Z: [    0.927097] ACPI: PCI Interrupt Link [LNKB] (IRQs 5 *10 11)
[STDERR  ] 2018-05-12T17:07:40.074067667Z: [    0.929140] ACPI: PCI Interrupt Link [LNKC] (IRQs 5 10 *11)
[STDERR  ] 2018-05-12T17:07:40.074080833Z: [    0.931747] ACPI: PCI Interrupt Link [LNKD] (IRQs 5 10 *11)
[STDERR  ] 2018-05-12T17:07:40.074096694Z: [    0.933256] ACPI: PCI Interrupt Link [LNKE] (IRQs 5 *10 11)
[STDERR  ] 2018-05-12T17:07:40.074107711Z: [    0.934758] ACPI: PCI Interrupt Link [LNKF] (IRQs 5 *10 11)
[STDERR  ] 2018-05-12T17:07:40.074115319Z: [    0.936243] ACPI: PCI Interrupt Link [LNKG] (IRQs 5 10 *11)
[STDERR  ] 2018-05-12T17:07:40.074123183Z: [    0.937713] ACPI: PCI Interrupt Link [LNKH] (IRQs 5 10 *11)
[STDERR  ] 2018-05-12T17:07:40.074130909Z: [    0.938521] ACPI: PCI Interrupt Link [GSIA] (IRQs *16)
[STDERR  ] 2018-05-12T17:07:40.074138635Z: [    0.939146] ACPI: PCI Interrupt Link [GSIB] (IRQs *17)
[STDERR  ] 2018-05-12T17:07:40.074146429Z: [    0.940424] ACPI: PCI Interrupt Link [GSIC] (IRQs *18)
[STDERR  ] 2018-05-12T17:07:40.074154053Z: [    0.940972] ACPI: PCI Interrupt Link [GSID] (IRQs *19)
[STDERR  ] 2018-05-12T17:07:40.074161693Z: [    0.941638] ACPI: PCI Interrupt Link [GSIE] (IRQs *20)
[STDERR  ] 2018-05-12T17:07:40.074169265Z: [    0.942228] ACPI: PCI Interrupt Link [GSIF] (IRQs *21)
[STDERR  ] 2018-05-12T17:07:40.074176785Z: [    0.942864] ACPI: PCI Interrupt Link [GSIG] (IRQs *22)
[STDERR  ] 2018-05-12T17:07:40.074184790Z: [    0.943477] ACPI: PCI Interrupt Link [GSIH] (IRQs *23)
[STDERR  ] 2018-05-12T17:07:40.074196795Z: [    0.951013] SCSI subsystem initialized
[STDERR  ] 2018-05-12T17:07:40.074206739Z: [    0.954819] ACPI: bus type USB registered
[STDERR  ] 2018-05-12T17:07:40.074214993Z: [    0.955900] usbcore: registered new interface driver usbfs
[STDERR  ] 2018-05-12T17:07:40.074222545Z: [    0.956743] usbcore: registered new interface driver hub
[STDERR  ] 2018-05-12T17:07:40.074230092Z: [    0.957770] usbcore: registered new device driver usb
[STDERR  ] 2018-05-12T17:07:40.074237723Z: [    0.959065] pps_core: LinuxPPS API ver. 1 registered
[STDERR  ] 2018-05-12T17:07:40.074245173Z: [    0.959450] pps_core: Software ver. 5.3.6 - Copyright 2005-2007 Rodolfo Giometti <giometti@linux.it>
[STDERR  ] 2018-05-12T17:07:40.074253163Z: [    0.960353] PTP clock support registered
[STDERR  ] 2018-05-12T17:07:40.074260636Z: [    0.963611] PCI: Using ACPI for IRQ routing
[STDERR  ] 2018-05-12T17:07:40.074268296Z: [    0.978250] NetLabel: Initializing
[STDERR  ] 2018-05-12T17:07:40.074275820Z: [    0.978531] NetLabel:  domain hash size = 128
[STDERR  ] 2018-05-12T17:07:40.074288638Z: [    0.978983] NetLabel:  protocols = UNLABELED CIPSOv4 CALIPSO
[STDERR  ] 2018-05-12T17:07:40.074296323Z: [    0.982348] NetLabel:  unlabeled traffic allowed by default
[STDERR  ] 2018-05-12T17:07:40.074303902Z: [    0.984243] HPET: 3 timers in total, 0 timers will be used for per-cpu timer
[STDERR  ] 2018-05-12T17:07:40.074311648Z: [    0.984952] hpet0: at MMIO 0xfed00000, IRQs 2, 8, 0
[STDERR  ] 2018-05-12T17:07:40.074321835Z: [    0.985341] hpet0: 3 comparators, 64-bit 100.000000 MHz counter
[STDERR  ] 2018-05-12T17:07:40.074329432Z: [    0.990830] clocksource: Switched to clocksource hpet
[STDERR  ] 2018-05-12T17:07:40.074342883Z: [    1.216811] VFS: Disk quotas dquot_6.6.0
[STDERR  ] 2018-05-12T17:07:40.074350739Z: [    1.217569] VFS: Dquot-cache hash table entries: 512 (order 0, 4096 bytes)
[STDERR  ] 2018-05-12T17:07:40.074358479Z: [    1.221896] FS-Cache: Loaded
[STDERR  ] 2018-05-12T17:07:40.074366239Z: [    1.226994] CacheFiles: Loaded
[STDERR  ] 2018-05-12T17:07:40.074373882Z: [    1.228668] pnp: PnP ACPI init
[STDERR  ] 2018-05-12T17:07:40.074381396Z: [    1.237169] pnp: PnP ACPI: found 5 devices
[STDERR  ] 2018-05-12T17:07:40.074389085Z: [    1.272190] clocksource: acpi_pm: mask: 0xffffff max_cycles: 0xffffff, max_idle_ns: 2085701024 ns
[STDERR  ] 2018-05-12T17:07:40.074396848Z: [    1.276678] NET: Registered protocol family 2
[STDERR  ] 2018-05-12T17:07:40.074404331Z: [    1.284346] TCP established hash table entries: 8192 (order: 4, 65536 bytes)
[STDERR  ] 2018-05-12T17:07:40.074411859Z: [    1.285210] TCP bind hash table entries: 8192 (order: 5, 131072 bytes)
[STDERR  ] 2018-05-12T17:07:40.074419312Z: [    1.286334] TCP: Hash tables configured (established 8192 bind 8192)
[STDERR  ] 2018-05-12T17:07:40.074426769Z: [    1.288407] UDP hash table entries: 512 (order: 2, 16384 bytes)
[STDERR  ] 2018-05-12T17:07:40.074434233Z: [    1.289099] UDP-Lite hash table entries: 512 (order: 2, 16384 bytes)
[STDERR  ] 2018-05-12T17:07:40.074441738Z: [    1.291729] NET: Registered protocol family 1
[STDERR  ] 2018-05-12T17:07:40.074449281Z: [    1.292711] pci 0000:00:01.0: Video device with shadowed ROM at [mem 0x000c0000-0x000dffff]
[STDERR  ] 2018-05-12T17:07:40.074456908Z: [    1.298056] Trying to unpack rootfs image as initramfs...
[STDERR  ] 2018-05-12T17:07:40.074484413Z: [    7.834010] Freeing initrd memory: 36592K
[STDERR  ] 2018-05-12T17:07:40.074509998Z: [    7.858360] PCLMULQDQ-NI instructions are not detected.
[STDERR  ] 2018-05-12T17:07:40.074527804Z: [    7.859873] AVX or AES-NI instructions are not detected.
[STDERR  ] 2018-05-12T17:07:40.074540975Z: [    7.861038] CPU feature 'AVX registers' is not supported.
[STDERR  ] 2018-05-12T17:07:40.074556320Z: [    7.861527] CPU feature 'AVX registers' is not supported.
[STDERR  ] 2018-05-12T17:07:40.074569155Z: [    7.862006] CPU feature 'AVX registers' is not supported.
[STDERR  ] 2018-05-12T17:07:40.074582834Z: [    7.862403] CPU feature 'AVX registers' is not supported.
[STDERR  ] 2018-05-12T17:07:40.074596975Z: [    7.862815] AVX2 or AES-NI instructions are not detected.
[STDERR  ] 2018-05-12T17:07:40.074612687Z: [    7.863196] AVX2 instructions are not detected.
[STDERR  ] 2018-05-12T17:07:40.074627077Z: [    7.869487] audit: initializing netlink subsys (disabled)
[STDERR  ] 2018-05-12T17:07:40.074639492Z: [    7.876385] audit: type=2000 audit(1526144822.870:1): state=initialized audit_enabled=0 res=1
[STDERR  ] 2018-05-12T17:07:40.074652155Z: [    7.877544] workingset: timestamp_bits=46 max_order=18 bucket_order=0
[STDERR  ] 2018-05-12T17:07:40.074667474Z: [    7.882583] squashfs: version 4.0 (2009/01/31) Phillip Lougher
[STDERR  ] 2018-05-12T17:07:40.074680047Z: [    7.884960] FS-Cache: Netfs 'cifs' registered for caching
[STDERR  ] 2018-05-12T17:07:40.074692721Z: [    7.885742] fuse init (API version 7.26)
[STDERR  ] 2018-05-12T17:07:40.074705732Z: [    7.887723] SGI XFS with ACLs, security attributes, no debug enabled
[STDERR  ] 2018-05-12T17:07:40.074718442Z: [    7.891950] 9p: Installing v9fs 9p2000 file system support
[STDERR  ] 2018-05-12T17:07:40.074738547Z: [    7.892584] FS-Cache: Netfs '9p' registered for caching
[STDERR  ] 2018-05-12T17:07:40.074751388Z: [    7.927182] NET: Registered protocol family 38
[STDERR  ] 2018-05-12T17:07:40.074763801Z: [    7.927798] Key type asymmetric registered
[STDERR  ] 2018-05-12T17:07:40.074778842Z: [    7.928180] Asymmetric key parser 'x509' registered
[STDERR  ] 2018-05-12T17:07:40.074793684Z: [    7.929156] Block layer SCSI generic (bsg) driver version 0.4 loaded (major 247)
[STDERR  ] 2018-05-12T17:07:40.074806467Z: [    7.932143] io scheduler noop registered
[STDERR  ] 2018-05-12T17:07:40.074819305Z: [    7.932479] io scheduler deadline registered (default)
[STDERR  ] 2018-05-12T17:07:40.074836406Z: [    7.933493] io scheduler cfq registered
[STDERR  ] 2018-05-12T17:07:40.074849934Z: [    7.933791] io scheduler mq-deadline registered
[STDERR  ] 2018-05-12T17:07:40.074862079Z: [    7.934106] io scheduler kyber registered
[STDERR  ] 2018-05-12T17:07:40.074873863Z: [    7.937039] shpchp: Standard Hot Plug PCI Controller Driver version: 0.4
[STDERR  ] 2018-05-12T17:07:40.074885746Z: [    7.937855] hv_vmbus: registering driver hyperv_fb
[STDERR  ] 2018-05-12T17:07:40.074897647Z: [    7.941727] input: Power Button as /devices/LNXSYSTM:00/LNXPWRBN:00/input/input0
[STDERR  ] 2018-05-12T17:07:40.074909590Z: [    7.945803] ACPI: Power Button [PWRF]
[STDERR  ] 2018-05-12T17:07:40.074921659Z: [    7.958384] ACPI: PCI Interrupt Link [GSIG] enabled at IRQ 22
[STDERR  ] 2018-05-12T17:07:40.074933709Z: [    7.971443] ACPI: PCI Interrupt Link [GSIH] enabled at IRQ 23
[STDERR  ] 2018-05-12T17:07:40.074945416Z: [    7.976846] Serial: 8250/16550 driver, 4 ports, IRQ sharing disabled
[STDERR  ] 2018-05-12T17:07:40.074957063Z: [    8.000799] 00:04: ttyS0 at I/O 0x3f8 (irq = 4, base_baud = 115200) is a 16550A
[STDERR  ] 2018-05-12T17:07:40.074970239Z: [    8.011517] Non-volatile memory driver v1.3
[STDERR  ] 2018-05-12T17:07:40.074983670Z: [    8.017807] Hangcheck: starting hangcheck timer 0.9.1 (tick is 180 seconds, margin is 60 seconds).
[STDERR  ] 2018-05-12T17:07:40.074997460Z: [    8.026162] random: fast init done
[STDERR  ] 2018-05-12T17:07:40.075014625Z: [    8.027489] random: crng init done
[STDERR  ] 2018-05-12T17:07:40.075028197Z: [    8.074792] brd: module loaded
[STDERR  ] 2018-05-12T17:07:40.075045199Z: [    8.101021] loop: module loaded
[STDERR  ] 2018-05-12T17:07:40.075058666Z: [    8.144254] lpc_ich 0000:00:1f.0: I/O space for GPIO uninitialized
[STDERR  ] 2018-05-12T17:07:40.075073681Z: [    8.146738] VMware PVSCSI driver - version 1.0.7.0-k
[STDERR  ] 2018-05-12T17:07:40.075087117Z: [    8.147486] hv_vmbus: registering driver hv_storvsc
[STDERR  ] 2018-05-12T17:07:40.075100901Z: [    8.155144] ACPI: PCI Interrupt Link [GSIA] enabled at IRQ 16
[STDERR  ] 2018-05-12T17:07:40.075114735Z: [    8.161492] ahci 0000:00:1f.2: AHCI 0001.0000 32 slots 6 ports 1.5 Gbps 0x3f impl SATA mode
[STDERR  ] 2018-05-12T17:07:40.075128336Z: [    8.162297] ahci 0000:00:1f.2: flags: 64bit ncq only 
[STDERR  ] 2018-05-12T17:07:40.075141897Z: [    8.175910] scsi host0: ahci
[STDERR  ] 2018-05-12T17:07:40.075154946Z: [    8.178618] scsi host1: ahci
[STDERR  ] 2018-05-12T17:07:40.075170473Z: [    8.180407] scsi host2: ahci
[STDERR  ] 2018-05-12T17:07:40.075183565Z: [    8.181953] scsi host3: ahci
[STDERR  ] 2018-05-12T17:07:40.075196328Z: [    8.184135] scsi host4: ahci
[STDERR  ] 2018-05-12T17:07:40.075209029Z: [    8.186285] scsi host5: ahci
[STDERR  ] 2018-05-12T17:07:40.075225205Z: [    8.187500] ata1: SATA max UDMA/133 abar m4096@0xfebd2000 port 0xfebd2100 irq 24
[STDERR  ] 2018-05-12T17:07:40.075238468Z: [    8.188072] ata2: SATA max UDMA/133 abar m4096@0xfebd2000 port 0xfebd2180 irq 24
[STDERR  ] 2018-05-12T17:07:40.075251495Z: [    8.188477] ata3: SATA max UDMA/133 abar m4096@0xfebd2000 port 0xfebd2200 irq 24
[STDERR  ] 2018-05-12T17:07:40.075264425Z: [    8.188937] ata4: SATA max UDMA/133 abar m4096@0xfebd2000 port 0xfebd2280 irq 24
[STDERR  ] 2018-05-12T17:07:40.075285485Z: [    8.189337] ata5: SATA max UDMA/133 abar m4096@0xfebd2000 port 0xfebd2300 irq 24
[STDERR  ] 2018-05-12T17:07:40.075298366Z: [    8.189781] ata6: SATA max UDMA/133 abar m4096@0xfebd2000 port 0xfebd2380 irq 24
[STDERR  ] 2018-05-12T17:07:40.075311935Z: [    8.201449] tun: Universal TUN/TAP device driver, 1.6
[STDERR  ] 2018-05-12T17:07:40.075325285Z: [    8.211634] VMware vmxnet3 virtual NIC driver - version 1.4.a.0-k-NAPI
[STDERR  ] 2018-05-12T17:07:40.075339326Z: [    8.212919] hv_vmbus: registering driver hv_netvsc
[STDERR  ] 2018-05-12T17:07:40.075353321Z: [    8.213251] Fusion MPT base driver 3.04.20
[STDERR  ] 2018-05-12T17:07:40.075366484Z: [    8.213492] Copyright (c) 1999-2008 LSI Corporation
[STDERR  ] 2018-05-12T17:07:40.075384599Z: [    8.214084] Fusion MPT SPI Host driver 3.04.20
[STDERR  ] 2018-05-12T17:07:40.075400755Z: [    8.215971] i8042: PNP: PS/2 Controller [PNP0303:KBD,PNP0f13:MOU] at 0x60,0x64 irq 1,12
[STDERR  ] 2018-05-12T17:07:40.075415632Z: [    8.220796] serio: i8042 KBD port at 0x60,0x64 irq 1
[STDERR  ] 2018-05-12T17:07:40.075432441Z: [    8.221627] serio: i8042 AUX port at 0x60,0x64 irq 12
[STDERR  ] 2018-05-12T17:07:40.075445608Z: [    8.223774] hv_vmbus: registering driver hyperv_keyboard
[STDERR  ] 2018-05-12T17:07:40.075458304Z: [    8.226041] mousedev: PS/2 mouse device common for all mice
[STDERR  ] 2018-05-12T17:07:40.075471819Z: [    8.229952] input: AT Translated Set 2 keyboard as /devices/platform/i8042/serio0/input/input1
[STDERR  ] 2018-05-12T17:07:40.075485592Z: [    8.232041] input: PC Speaker as /devices/platform/pcspkr/input/input2
[STDERR  ] 2018-05-12T17:07:40.075499141Z: [    8.236222] rtc_cmos 00:00: RTC can wake from S4
[STDERR  ] 2018-05-12T17:07:40.075521851Z: [    8.239115] rtc_cmos 00:00: rtc core: registered rtc_cmos as rtc0
[STDERR  ] 2018-05-12T17:07:40.075535098Z: [    8.240771] rtc_cmos 00:00: alarms up to one day, y3k, 114 bytes nvram, hpet irqs
[STDERR  ] 2018-05-12T17:07:40.075547680Z: [    8.241438] i2c /dev entries driver
[STDERR  ] 2018-05-12T17:07:40.075565297Z: [    8.243362] device-mapper: ioctl: 4.37.0-ioctl (2017-09-20) initialised: dm-devel@redhat.com
[STDERR  ] 2018-05-12T17:07:40.075582754Z: [    8.247386] usbcore: registered new interface driver usbhid
[STDERR  ] 2018-05-12T17:07:40.075595894Z: [    8.247701] usbhid: USB HID core driver
[STDERR  ] 2018-05-12T17:07:40.075608940Z: [    8.248446] hv_utils: Registering HyperV Utility Driver
[STDERR  ] 2018-05-12T17:07:40.075621851Z: [    8.248729] hv_vmbus: registering driver hv_util
[STDERR  ] 2018-05-12T17:07:40.075635171Z: [    8.249000] hv_vmbus: registering driver hv_balloon
[STDERR  ] 2018-05-12T17:07:40.075647761Z: [    8.249567] oprofile: using NMI interrupt.
[STDERR  ] 2018-05-12T17:07:40.075659388Z: [    8.251181] GACT probability on
[STDERR  ] 2018-05-12T17:07:40.075671614Z: [    8.251572] Mirror/redirect action on
[STDERR  ] 2018-05-12T17:07:40.075684530Z: [    8.252165] Simple TC action Loaded
[STDERR  ] 2018-05-12T17:07:40.075697710Z: [    8.252712] u32 classifier
[STDERR  ] 2018-05-12T17:07:40.075711411Z: [    8.252931]     Performance counters on
[STDERR  ] 2018-05-12T17:07:40.075724440Z: [    8.253214]     input device check on
[STDERR  ] 2018-05-12T17:07:40.075738101Z: [    8.253459]     Actions configured
[STDERR  ] 2018-05-12T17:07:40.075751224Z: [    8.254158] Netfilter messages via NETLINK v0.30.
[STDERR  ] 2018-05-12T17:07:40.075764970Z: [    8.254814] nfnl_acct: registering with nfnetlink.
[STDERR  ] 2018-05-12T17:07:40.075777791Z: [    8.256318] nf_conntrack version 0.5.0 (8192 buckets, 32768 max)
[STDERR  ] 2018-05-12T17:07:40.075790206Z: [    8.258533] ctnetlink v0.93: registering with nfnetlink.
[STDERR  ] 2018-05-12T17:07:40.075802806Z: [    8.261872] nf_tables: (c) 2007-2009 Patrick McHardy <kaber@trash.net>
[STDERR  ] 2018-05-12T17:07:40.075815637Z: [    8.262739] nf_tables_compat: (c) 2012 Pablo Neira Ayuso <pablo@netfilter.org>
[STDERR  ] 2018-05-12T17:07:40.075828664Z: [    8.265016] xt_time: kernel timezone is -0000
[STDERR  ] 2018-05-12T17:07:40.075845306Z: [    8.265545] ip_set: protocol 6
[STDERR  ] 2018-05-12T17:07:40.075853023Z: [    8.266346] IPVS: Registered protocols (TCP, UDP, SCTP, AH, ESP)
[STDERR  ] 2018-05-12T17:07:40.075860848Z: [    8.266977] IPVS: Connection hash table configured (size=4096, memory=64Kbytes)
[STDERR  ] 2018-05-12T17:07:40.075868551Z: [    8.271496] IPVS: ipvs loaded.
[STDERR  ] 2018-05-12T17:07:40.075876056Z: [    8.271911] IPVS: [rr] scheduler registered.
[STDERR  ] 2018-05-12T17:07:40.075883750Z: [    8.272236] IPVS: [wrr] scheduler registered.
[STDERR  ] 2018-05-12T17:07:40.075891283Z: [    8.272495] IPVS: [lc] scheduler registered.
[STDERR  ] 2018-05-12T17:07:40.075898916Z: [    8.272744] IPVS: [wlc] scheduler registered.
[STDERR  ] 2018-05-12T17:07:40.075914195Z: [    8.273037] IPVS: [fo] scheduler registered.
[STDERR  ] 2018-05-12T17:07:40.075934497Z: [    8.273308] IPVS: [ovf] scheduler registered.
[STDERR  ] 2018-05-12T17:07:40.075942387Z: [    8.273753] IPVS: [lblc] scheduler registered.
[STDERR  ] 2018-05-12T17:07:40.075949827Z: [    8.274189] IPVS: [lblcr] scheduler registered.
[STDERR  ] 2018-05-12T17:07:40.075957420Z: [    8.274496] IPVS: [dh] scheduler registered.
[STDERR  ] 2018-05-12T17:07:40.075965269Z: [    8.274822] IPVS: [sh] scheduler registered.
[STDERR  ] 2018-05-12T17:07:40.075972756Z: [    8.275059] IPVS: [sed] scheduler registered.
[STDERR  ] 2018-05-12T17:07:40.075980355Z: [    8.275299] IPVS: [nq] scheduler registered.
[STDERR  ] 2018-05-12T17:07:40.075987856Z: [    8.276104] IPVS: ftp: loaded support on port[0] = 21
[STDERR  ] 2018-05-12T17:07:40.076000346Z: [    8.276882] ipip: IPv4 and MPLS over IPv4 tunneling driver
[STDERR  ] 2018-05-12T17:07:40.076013629Z: [    8.281020] gre: GRE over IPv4 demultiplexor driver
[STDERR  ] 2018-05-12T17:07:40.076027012Z: [    8.283728] ip_tables: (C) 2000-2006 Netfilter Core Team
[STDERR  ] 2018-05-12T17:07:40.076040309Z: [    8.287125] ipt_CLUSTERIP: ClusterIP Version 0.8 loaded successfully
[STDERR  ] 2018-05-12T17:07:40.076048496Z: [    8.287735] arp_tables: arp_tables: (C) 2002 David S. Miller
[STDERR  ] 2018-05-12T17:07:40.076056833Z: [    8.289936] NET: Registered protocol family 10
[STDERR  ] 2018-05-12T17:07:40.076064537Z: [    8.299374] Segment Routing with IPv6
[STDERR  ] 2018-05-12T17:07:40.076074617Z: [    8.300810] ip6_tables: (C) 2000-2006 Netfilter Core Team
[STDERR  ] 2018-05-12T17:07:40.076082369Z: [    8.307724] NET: Registered protocol family 17
[STDERR  ] 2018-05-12T17:07:40.076089937Z: [    8.308800] Bridge firewalling registered
[STDERR  ] 2018-05-12T17:07:40.076097492Z: [    8.309323] Ebtables v2.0 registered
[STDERR  ] 2018-05-12T17:07:40.076105162Z: [    8.311954] 8021q: 802.1Q VLAN Support v1.8
[STDERR  ] 2018-05-12T17:07:40.076114660Z: [    8.313627] 9pnet: Installing 9P2000 support
[STDERR  ] 2018-05-12T17:07:40.076122277Z: [    8.315710] Key type dns_resolver registered
[STDERR  ] 2018-05-12T17:07:40.076129839Z: [    8.317157] sched_clock: Marking stable (8310233650, 0)->(8413025415, -102791765)
[STDERR  ] 2018-05-12T17:07:40.076140380Z: [    8.321023] registered taskstats version 1
[STDERR  ] 2018-05-12T17:07:40.076148087Z: [    8.525042] ata2: SATA link down (SStatus 0 SControl 300)
[STDERR  ] 2018-05-12T17:07:40.076155947Z: [    8.528502] ata1: SATA link up 1.5 Gbps (SStatus 113 SControl 300)
[STDERR  ] 2018-05-12T17:07:40.076163543Z: [    8.531625] ata3: SATA link up 1.5 Gbps (SStatus 113 SControl 300)
[STDERR  ] 2018-05-12T17:07:40.076171097Z: [    8.533674] ata3.00: ATAPI: QEMU DVD-ROM, 2.5+, max UDMA/100
[STDERR  ] 2018-05-12T17:07:40.076178833Z: [    8.534100] ata3.00: applying bridge limits
[STDERR  ] 2018-05-12T17:07:40.076186465Z: [    8.535838] ata4: SATA link down (SStatus 0 SControl 300)
[STDERR  ] 2018-05-12T17:07:40.076193992Z: [    8.536973] ata3.00: configured for UDMA/100
[STDERR  ] 2018-05-12T17:07:40.076201667Z: [    8.539266] ata1.00: ATA-7: QEMU HARDDISK, 2.5+, max UDMA/100
[STDERR  ] 2018-05-12T17:07:40.076209260Z: [    8.539695] ata1.00: 1048576 sectors, multi 16: LBA48 NCQ (depth 31/32)
[STDERR  ] 2018-05-12T17:07:40.076220843Z: [    8.540789] ata1.00: applying bridge limits
[STDERR  ] 2018-05-12T17:07:40.076228829Z: [    8.541401] ata5: SATA link down (SStatus 0 SControl 300)
[STDERR  ] 2018-05-12T17:07:40.076236592Z: [    8.541986] ata6: SATA link down (SStatus 0 SControl 300)
[STDERR  ] 2018-05-12T17:07:40.076244268Z: [    8.543839] Key type big_key registered
[STDERR  ] 2018-05-12T17:07:40.076251972Z: [    8.545170] ata1.00: configured for UDMA/100
[STDERR  ] 2018-05-12T17:07:40.076259519Z: [    8.562707] scsi 0:0:0:0: Direct-Access     ATA      QEMU HARDDISK    2.5+ PQ: 0 ANSI: 5
[STDERR  ] 2018-05-12T17:07:40.076267388Z: [    8.574949] sd 0:0:0:0: Attached scsi generic sg0 type 0
[STDERR  ] 2018-05-12T17:07:40.076277486Z: [    8.584716] sd 0:0:0:0: [sda] 1048576 512-byte logical blocks: (537 MB/512 MiB)
[STDERR  ] 2018-05-12T17:07:40.076288922Z: [    8.588620] scsi 2:0:0:0: CD-ROM            QEMU     QEMU DVD-ROM     2.5+ PQ: 0 ANSI: 5
[STDERR  ] 2018-05-12T17:07:40.076299166Z: [    8.590943] sd 0:0:0:0: [sda] Write Protect is off
[STDERR  ] 2018-05-12T17:07:40.076306929Z: [    8.594062] sd 0:0:0:0: [sda] Write cache: enabled, read cache: enabled, doesn't support DPO or FUA
[STDERR  ] 2018-05-12T17:07:40.076319381Z: [    8.624994] sd 0:0:0:0: [sda] Attached SCSI disk
[STDERR  ] 2018-05-12T17:07:40.076327026Z: [    8.633063] sr 2:0:0:0: [sr0] scsi3-mmc drive: 4x/4x cd/rw xa/form2 tray
[STDERR  ] 2018-05-12T17:07:40.076334846Z: [    8.633797] cdrom: Uniform CD-ROM driver Revision: 3.20
[STDERR  ] 2018-05-12T17:07:40.076342508Z: [    8.642277] sr 2:0:0:0: Attached scsi generic sg1 type 5
[STDERR  ] 2018-05-12T17:07:40.076349988Z: [    8.677093] Key type trusted registered
[STDERR  ] 2018-05-12T17:07:40.076357576Z: [    8.747345] Key type encrypted registered
[STDERR  ] 2018-05-12T17:07:40.076365048Z: [    8.748190] ima: No TPM chip found, activating TPM-bypass! (rc=-19)
[STDERR  ] 2018-05-12T17:07:40.076373366Z: [    8.753054] evm: HMAC attrs: 0x1
[STDERR  ] 2018-05-12T17:07:40.076380882Z: [    8.757064] rtc_cmos 00:00: setting system clock to 2018-05-12 17:07:04 UTC (1526144824)
[STDERR  ] 2018-05-12T17:07:40.076388469Z: [    8.919668] Freeing unused kernel memory: 1508K
[STDERR  ] 2018-05-12T17:07:40.076396006Z: [    8.920071] Write protecting the kernel read-only data: 18432k
[STDERR  ] 2018-05-12T17:07:40.076403486Z: [    8.921247] tsc: Refined TSC clocksource calibration: 2600.011 MHz
[STDERR  ] 2018-05-12T17:07:40.076410948Z: [    8.921842] clocksource: tsc: mask: 0xffffffffffffffff max_cycles: 0x257a467bc33, max_idle_ns: 440795240849 ns
[STDERR  ] 2018-05-12T17:07:40.076418598Z: [    8.935013] Freeing unused kernel memory: 2024K
[STDERR  ] 2018-05-12T17:07:40.076426104Z: [    8.967990] Freeing unused kernel memory: 1108K
[STDERR  ] 2018-05-12T17:07:40.076435602Z: [    9.934661] clocksource: Switched to clocksource tsc
[STDERR  ] 2018-05-12T17:07:40.076445002Z: 
[STDERR  ] 2018-05-12T17:07:40.076453502Z: Welcome to LinuxKit
[STDERR  ] 2018-05-12T17:07:40.076461026Z: 
[STDERR  ] 2018-05-12T17:07:40.076468557Z:                         ##         .
[STDERR  ] 2018-05-12T17:07:40.076476169Z:                   ## ## ##        ==
[STDERR  ] 2018-05-12T17:07:40.076483506Z:                ## ## ## ## ##    ===
[STDERR  ] 2018-05-12T17:07:40.076490874Z:            /"""""""""""""""""\___/ ===
[STDERR  ] 2018-05-12T17:07:40.076498457Z:           {                       /  ===-
[STDERR  ] 2018-05-12T17:07:40.076513834Z:            \______ O           __/
[STDERR  ] 2018-05-12T17:07:40.076521394Z:              \    \         __/
[STDERR  ] 2018-05-12T17:07:40.076531207Z:               \____\_______/
[STDERR  ] 2018-05-12T17:07:40.076538789Z: 
[STDERR  ] 2018-05-12T17:07:40.076546199Z: [   22.100444] raid6: sse2x1   gen()   469 MB/s
[STDERR  ] 2018-05-12T17:07:40.076553616Z: [   22.270605] raid6: sse2x1   xor()   235 MB/s
[STDERR  ] 2018-05-12T17:07:40.076560949Z: [   22.440464] raid6: sse2x2   gen()   414 MB/s
[STDERR  ] 2018-05-12T17:07:40.076568354Z: [   22.610371] raid6: sse2x2   xor()   281 MB/s
[STDERR  ] 2018-05-12T17:07:40.076579521Z: [   22.780404] raid6: sse2x4   gen()   490 MB/s
[STDERR  ] 2018-05-12T17:07:40.076587165Z: [   22.950398] raid6: sse2x4   xor()   298 MB/s
[STDERR  ] 2018-05-12T17:07:40.076594680Z: [   22.950931] raid6: using algorithm sse2x4 gen() 490 MB/s
[STDERR  ] 2018-05-12T17:07:40.076602265Z: [   22.951451] raid6: .... xor() 298 MB/s, rmw enabled
[STDERR  ] 2018-05-12T17:07:40.076609825Z: [   22.951949] raid6: using intx1 recovery algorithm
[STDERR  ] 2018-05-12T17:07:40.076619263Z: [   23.041171] xor: measuring software checksum speed
[STDERR  ] 2018-05-12T17:07:40.076626978Z: [   23.140426]    prefetch64-sse:   754.800 MB/sec
[STDERR  ] 2018-05-12T17:07:40.076634605Z: [   23.240304]    generic_sse:   728.800 MB/sec
[STDERR  ] 2018-05-12T17:07:40.076645081Z: [   23.240774] xor: using function: prefetch64-sse (754.800 MB/sec)
[STDERR  ] 2018-05-12T17:07:40.076652831Z: [   23.441065] Btrfs loaded, crc32c=crc32c-generic
[STDERR  ] 2018-05-12T17:07:40.076660545Z: [   23.987930] IPVS: ftp: loaded support on port[0] = 21
[STDERR  ] 2018-05-12T17:07:40.076668103Z: [   25.296749]  sda:
[STDERR  ] 2018-05-12T17:07:40.076676216Z: [   25.375970]  sda:
[STDERR  ] 2018-05-12T17:07:40.076683797Z: [   25.447050]  sda: sda1
[STDERR  ] 2018-05-12T17:07:40.076691311Z: [   25.541071]  sda: sda1
[STDERR  ] 2018-05-12T17:07:40.076700841Z: [   27.327141] BTRFS: device fsid e5310278-f54f-4ae7-9757-cb91adb40415 devid 1 transid 5 /dev/sda1
[STDERR  ] 2018-05-12T17:07:40.076708961Z: 2018/05/12 17:07:20 Creating partition on /dev/sda
[STDERR  ] 2018-05-12T17:07:40.076716646Z: 2018/05/12 17:07:22 Partition /dev/sda1 successfully created!
[STDERR  ] 2018-05-12T17:07:40.076724307Z: [   28.069468] IPVS: ftp: loaded support on port[0] = 21
[STDERR  ] 2018-05-12T17:07:40.076734473Z: [   29.266829] FAT-fs (sda1): utf8 is not a recommended IO charset for FAT filesystems, filesystem will be case sensitive!
[STDERR  ] 2018-05-12T17:07:40.076743416Z: [   29.272967] FAT-fs (sda1): utf8 is not a recommended IO charset for FAT filesystems, filesystem will be case sensitive!
[STDERR  ] 2018-05-12T17:07:40.076753206Z: [   29.277176] mount: sending ioctl 5310 to a partition!
[STDERR  ] 2018-05-12T17:07:40.076760741Z: [   29.315451] mount: sending ioctl 5310 to a partition!
[STDERR  ] 2018-05-12T17:07:40.076768158Z: [   29.352047] BTRFS info (device sda1): disk space caching is enabled
[STDERR  ] 2018-05-12T17:07:40.076775941Z: [   29.352459] BTRFS info (device sda1): has skinny extents
[STDERR  ] 2018-05-12T17:07:40.076783467Z: [   29.352670] BTRFS info (device sda1): flagging fs with big metadata feature
[STDERR  ] 2018-05-12T17:07:40.076791035Z: [   29.399562] BTRFS info (device sda1): creating UUID tree
[STDERR  ] 2018-05-12T17:07:40.076798571Z: format_mount test suite PASSED
[STDERR  ] 2018-05-12T17:07:40.076806211Z: [   43.932361] sd 0:0:0:0: [sda] Synchronizing SCSI cache
[STDERR  ] 2018-05-12T17:07:40.076814161Z: [   43.938755] sd 0:0:0:0: [sda] Stopping disk
[STDERR  ] 2018-05-12T17:07:40.076823801Z: [   43.943171] ACPI: Preparing to enter system sleep state S5
[STDERR  ] 2018-05-12T17:07:40.076831346Z: [   43.946262] reboot: Power down
[STDERR  ] 2018-05-12T17:07:40.076838958Z: + echo [    0.000000] Linux version 4.14.40-linuxkit (root@945c5b0ac955) (gcc version 6.4.0 (Alpine 6.4.0)) #1 SMP Thu May 10 10:06:57 UTC 2018
[STDERR  ] 2018-05-12T17:07:40.076848198Z: [    0.000000] Command line: console=ttyS0 console=ttyAMA0
[STDERR  ] 2018-05-12T17:07:40.076855901Z: [    0.000000] x86/fpu: x87 FPU will use FXSAVE
[STDERR  ] 2018-05-12T17:07:40.076863415Z: [    0.000000] e820: BIOS-provided physical RAM map:
[STDERR  ] 2018-05-12T17:07:40.076870931Z: [    0.000000] BIOS-e820: [mem 0x0000000000000000-0x000000000009fbff] usable
[STDERR  ] 2018-05-12T17:07:40.076878611Z: [    0.000000] BIOS-e820: [mem 0x000000000009fc00-0x000000000009ffff] reserved
[STDERR  ] 2018-05-12T17:07:40.076888856Z: [    0.000000] BIOS-e820: [mem 0x00000000000f0000-0x00000000000fffff] reserved
[STDERR  ] 2018-05-12T17:07:40.076896321Z: [    0.000000] BIOS-e820: [mem 0x0000000000100000-0x000000003ffdefff] usable
[STDERR  ] 2018-05-12T17:07:40.076907408Z: [    0.000000] BIOS-e820: [mem 0x000000003ffdf000-0x000000003fffffff] reserved
[STDERR  ] 2018-05-12T17:07:40.076914981Z: [    0.000000] BIOS-e820: [mem 0x00000000b0000000-0x00000000bfffffff] reserved
[STDERR  ] 2018-05-12T17:07:40.076924808Z: [    0.000000] BIOS-e820: [mem 0x00000000fed1c000-0x00000000fed1ffff] reserved
[STDERR  ] 2018-05-12T17:07:40.076932468Z: [    0.000000] BIOS-e820: [mem 0x00000000fffc0000-0x00000000ffffffff] reserved
[STDERR  ] 2018-05-12T17:07:40.076940015Z: [    0.000000] NX (Execute Disable) protection: active
[STDERR  ] 2018-05-12T17:07:40.076947630Z: [    0.000000] SMBIOS 2.8 present.
[STDERR  ] 2018-05-12T17:07:40.076958320Z: [    0.000000] DMI: QEMU Standard PC (Q35 + ICH9, 2009), BIOS rel-1.10.2-0-g5f4c7b1-prebuilt.qemu-project.org 04/01/2014
[STDERR  ] 2018-05-12T17:07:40.076966354Z: [    0.000000] tsc: Fast TSC calibration using PIT
[STDERR  ] 2018-05-12T17:07:40.076973895Z: [    0.000000] e820: last_pfn = 0x3ffdf max_arch_pfn = 0x400000000
[STDERR  ] 2018-05-12T17:07:40.076981335Z: [    0.000000] x86/PAT: Configuration [0-7]: WB  WC  UC- UC  WB  WP  UC- WT  
[STDERR  ] 2018-05-12T17:07:40.076990982Z: [    0.000000] found SMP MP-table at [mem 0x000f6aa0-0x000f6aaf] mapped at [ffffffffff200aa0]
[STDERR  ] 2018-05-12T17:07:40.076998821Z: [    0.000000] RAMDISK: [mem 0x3dc14000-0x3ffcffff]
[STDERR  ] 2018-05-12T17:07:40.077006497Z: [    0.000000] ACPI: Early table checksum verification disabled
[STDERR  ] 2018-05-12T17:07:40.077014215Z: [    0.000000] ACPI: RSDP 0x00000000000F68B0 000014 (v00 BOCHS )
[STDERR  ] 2018-05-12T17:07:40.077021801Z: [    0.000000] ACPI: RSDT 0x000000003FFE20A8 000034 (v01 BOCHS  BXPCRSDT 00000001 BXPC 00000001)
[STDERR  ] 2018-05-12T17:07:40.077029577Z: [    0.000000] ACPI: FACP 0x000000003FFE1EC8 0000F4 (v03 BOCHS  BXPCFACP 00000001 BXPC 00000001)
[STDERR  ] 2018-05-12T17:07:40.077042284Z: [    0.000000] ACPI: DSDT 0x000000003FFE0040 001E88 (v01 BOCHS  BXPCDSDT 00000001 BXPC 00000001)
[STDERR  ] 2018-05-12T17:07:40.077054437Z: [    0.000000] ACPI: FACS 0x000000003FFE0000 000040
[STDERR  ] 2018-05-12T17:07:40.077068020Z: [    0.000000] ACPI: APIC 0x000000003FFE1FBC 000078 (v01 BOCHS  BXPCAPIC 00000001 BXPC 00000001)
[STDERR  ] 2018-05-12T17:07:40.077081820Z: [    0.000000] ACPI: HPET 0x000000003FFE2034 000038 (v01 BOCHS  BXPCHPET 00000001 BXPC 00000001)
[STDERR  ] 2018-05-12T17:07:40.077095407Z: [    0.000000] ACPI: MCFG 0x000000003FFE206C 00003C (v01 BOCHS  BXPCMCFG 00000001 BXPC 00000001)
[STDERR  ] 2018-05-12T17:07:40.077110860Z: [    0.000000] Zone ranges:
[STDERR  ] 2018-05-12T17:07:40.077119027Z: [    0.000000]   DMA      [mem 0x0000000000001000-0x0000000000ffffff]
[STDERR  ] 2018-05-12T17:07:40.077126675Z: [    0.000000]   DMA32    [mem 0x0000000001000000-0x000000003ffdefff]
[STDERR  ] 2018-05-12T17:07:40.077134717Z: [    0.000000]   Normal   empty
[STDERR  ] 2018-05-12T17:07:40.077142552Z: [    0.000000]   Device   empty
[STDERR  ] 2018-05-12T17:07:40.077150121Z: [    0.000000] Movable zone start for each node
[STDERR  ] 2018-05-12T17:07:40.077157720Z: [    0.000000] Early memory node ranges
[STDERR  ] 2018-05-12T17:07:40.077165281Z: [    0.000000]   node   0: [mem 0x0000000000001000-0x000000000009efff]
[STDERR  ] 2018-05-12T17:07:40.077175307Z: [    0.000000]   node   0: [mem 0x0000000000100000-0x000000003ffdefff]
[STDERR  ] 2018-05-12T17:07:40.077182904Z: [    0.000000] Initmem setup node 0 [mem 0x0000000000001000-0x000000003ffdefff]
[STDERR  ] 2018-05-12T17:07:40.077190632Z: [    0.000000] ACPI: PM-Timer IO Port: 0x608
[STDERR  ] 2018-05-12T17:07:40.077198120Z: [    0.000000] ACPI: LAPIC_NMI (acpi_id[0xff] dfl dfl lint[0x1])
[STDERR  ] 2018-05-12T17:07:40.077209762Z: [    0.000000] IOAPIC[0]: apic_id 0, version 32, address 0xfec00000, GSI 0-23
[STDERR  ] 2018-05-12T17:07:40.077217790Z: [    0.000000] ACPI: INT_SRC_OVR (bus 0 bus_irq 0 global_irq 2 dfl dfl)
[STDERR  ] 2018-05-12T17:07:40.077225357Z: [    0.000000] ACPI: INT_SRC_OVR (bus 0 bus_irq 5 global_irq 5 high level)
[STDERR  ] 2018-05-12T17:07:40.077236930Z: [    0.000000] ACPI: INT_SRC_OVR (bus 0 bus_irq 9 global_irq 9 high level)
[STDERR  ] 2018-05-12T17:07:40.077244540Z: [    0.000000] ACPI: INT_SRC_OVR (bus 0 bus_irq 10 global_irq 10 high level)
[STDERR  ] 2018-05-12T17:07:40.077252167Z: [    0.000000] ACPI: INT_SRC_OVR (bus 0 bus_irq 11 global_irq 11 high level)
[STDERR  ] 2018-05-12T17:07:40.077262354Z: [    0.000000] Using ACPI (MADT) for SMP configuration information
[STDERR  ] 2018-05-12T17:07:40.077270224Z: [    0.000000] ACPI: HPET id: 0x8086a201 base: 0xfed00000
[STDERR  ] 2018-05-12T17:07:40.077278004Z: [    0.000000] smpboot: Allowing 1 CPUs, 0 hotplug CPUs
[STDERR  ] 2018-05-12T17:07:40.077285560Z: [    0.000000] e820: [mem 0x40000000-0xafffffff] available for PCI devices
[STDERR  ] 2018-05-12T17:07:40.077296821Z: [    0.000000] Booting paravirtualized kernel on bare hardware
[STDERR  ] 2018-05-12T17:07:40.077304673Z: [    0.000000] clocksource: refined-jiffies: mask: 0xffffffff max_cycles: 0xffffffff, max_idle_ns: 19112604462750000 ns
[STDERR  ] 2018-05-12T17:07:40.077312566Z: [    0.000000] random: get_random_bytes called from start_kernel+0x92/0x4c8 with crng_init=0
[STDERR  ] 2018-05-12T17:07:40.077320431Z: [    0.000000] setup_percpu: NR_CPUS:128 nr_cpumask_bits:128 nr_cpu_ids:1 nr_node_ids:1
[STDERR  ] 2018-05-12T17:07:40.077328016Z: [    0.000000] percpu: Embedded 44 pages/cpu @ffff8ee2bda00000 s143256 r8192 d28776 u2097152
[STDERR  ] 2018-05-12T17:07:40.077335684Z: [    0.000000] Built 1 zonelists, mobility grouping on.  Total pages: 257896
[STDERR  ] 2018-05-12T17:07:40.077343381Z: [    0.000000] Kernel command line: console=ttyS0 console=ttyAMA0
[STDERR  ] 2018-05-12T17:07:40.077350997Z: [    0.000000] PID hash table entries: 4096 (order: 3, 32768 bytes)
[STDERR  ] 2018-05-12T17:07:40.077358581Z: [    0.000000] Dentry cache hash table entries: 131072 (order: 8, 1048576 bytes)
[STDERR  ] 2018-05-12T17:07:40.077369346Z: [    0.000000] Inode-cache hash table entries: 65536 (order: 7, 524288 bytes)
[STDERR  ] 2018-05-12T17:07:40.077376899Z: [    0.000000] Memory: 968208K/1048052K available (12300K kernel code, 1465K rwdata, 2988K rodata, 1508K init, 632K bss, 79844K reserved, 0K cma-reserved)
[STDERR  ] 2018-05-12T17:07:40.077385906Z: [    0.000000] ftrace: allocating 40967 entries in 161 pages
[STDERR  ] 2018-05-12T17:07:40.077393567Z: [    0.000000] Hierarchical RCU implementation.
[STDERR  ] 2018-05-12T17:07:40.077401190Z: [    0.000000] 	RCU restricting CPUs from NR_CPUS=128 to nr_cpu_ids=1.
[STDERR  ] 2018-05-12T17:07:40.077408776Z: [    0.000000] RCU: Adjusting geometry for rcu_fanout_leaf=16, nr_cpu_ids=1
[STDERR  ] 2018-05-12T17:07:40.077416204Z: [    0.000000] NR_IRQS: 8448, nr_irqs: 256, preallocated irqs: 16
[STDERR  ] 2018-05-12T17:07:40.077424043Z: [    0.000000] Console: colour VGA+ 80x25
[STDERR  ] 2018-05-12T17:07:40.077431736Z: [    0.000000] console [ttyS0] enabled
[STDERR  ] 2018-05-12T17:07:40.077439260Z: [    0.000000] clocksource: hpet: mask: 0xffffffff max_cycles: 0xffffffff, max_idle_ns: 19112604467 ns
[STDERR  ] 2018-05-12T17:07:40.077449012Z: [    0.010000] tsc: Fast TSC calibration using PIT
[STDERR  ] 2018-05-12T17:07:40.077458719Z: [    0.010000] tsc: Detected 2600.069 MHz processor
[STDERR  ] 2018-05-12T17:07:40.077466259Z: [    0.010000] Calibrating delay loop (skipped), value calculated using timer frequency.. 5200.13 BogoMIPS (lpj=26000690)
[STDERR  ] 2018-05-12T17:07:40.077474037Z: [    0.020220] pid_max: default: 32768 minimum: 301
[STDERR  ] 2018-05-12T17:07:40.077481462Z: [    0.021266] ACPI: Core revision 20170728
[STDERR  ] 2018-05-12T17:07:40.077488967Z: [    0.048564] ACPI: 1 ACPI AML tables successfully acquired and loaded
[STDERR  ] 2018-05-12T17:07:40.077496639Z: [    0.051286] Security Framework initialized
[STDERR  ] 2018-05-12T17:07:40.077511460Z: [    0.051841] Yama: becoming mindful.
[STDERR  ] 2018-05-12T17:07:40.077518992Z: [    0.054943] Mount-cache hash table entries: 2048 (order: 2, 16384 bytes)
[STDERR  ] 2018-05-12T17:07:40.077526643Z: [    0.055481] Mountpoint-cache hash table entries: 2048 (order: 2, 16384 bytes)
[STDERR  ] 2018-05-12T17:07:40.077540900Z: [    0.072201] Last level iTLB entries: 4KB 0, 2MB 0, 4MB 0
[STDERR  ] 2018-05-12T17:07:40.077548713Z: [    0.072664] Last level dTLB entries: 4KB 0, 2MB 0, 4MB 0, 1GB 0
[STDERR  ] 2018-05-12T17:07:40.077556230Z: [    0.073317] Spectre V2 : Spectre mitigation: LFENCE not serializing, switching to generic retpoline
[STDERR  ] 2018-05-12T17:07:40.077566270Z: [    0.073948] Spectre V2 : Vulnerable: Minimal generic ASM retpoline
[STDERR  ] 2018-05-12T17:07:40.077574020Z: [    0.074435] Spectre V2 : Spectre v2 mitigation: Filling RSB on context switch
[STDERR  ] 2018-05-12T17:07:40.077581640Z: [    0.350795] Freeing SMP alternatives memory: 20K
[STDERR  ] 2018-05-12T17:07:40.077592793Z: [    0.371899] smpboot: Max logical packages: 1
[STDERR  ] 2018-05-12T17:07:40.077600442Z: [    0.378714] ..TIMER: vector=0x30 apic1=0 pin1=2 apic2=-1 pin2=-1
[STDERR  ] 2018-05-12T17:07:40.077608177Z: [    0.480000] smpboot: CPU0: AMD QEMU Virtual CPU version 2.5+ (family: 0x6, model: 0x6, stepping: 0x3)
[STDERR  ] 2018-05-12T17:07:40.077615807Z: [    0.480000] Performance Events: PMU not available due to virtualization, using software events only.
[STDERR  ] 2018-05-12T17:07:40.077623556Z: [    0.481847] Hierarchical SRCU implementation.
[STDERR  ] 2018-05-12T17:07:40.077631090Z: [    0.488968] NMI watchdog: Perf event create on CPU 0 failed with -2
[STDERR  ] 2018-05-12T17:07:40.077638693Z: [    0.489514] NMI watchdog: Perf NMI watchdog permanently disabled
[STDERR  ] 2018-05-12T17:07:40.077648363Z: [    0.493563] smp: Bringing up secondary CPUs ...
[STDERR  ] 2018-05-12T17:07:40.077656018Z: [    0.493965] smp: Brought up 1 node, 1 CPU
[STDERR  ] 2018-05-12T17:07:40.077663488Z: [    0.494448] smpboot: Total of 1 processors activated (5200.13 BogoMIPS)
[STDERR  ] 2018-05-12T17:07:40.077674003Z: [    0.510654] devtmpfs: initialized
[STDERR  ] 2018-05-12T17:07:40.077683903Z: [    0.516620] x86/mm: Memory block size: 128MB
[STDERR  ] 2018-05-12T17:07:40.077693282Z: [    0.521753] evm: security.ima
[STDERR  ] 2018-05-12T17:07:40.077700979Z: [    0.521985] evm: security.capability
[STDERR  ] 2018-05-12T17:07:40.077708432Z: [    0.525127] clocksource: jiffies: mask: 0xffffffff max_cycles: 0xffffffff, max_idle_ns: 19112604462750000 ns
[STDERR  ] 2018-05-12T17:07:40.077716106Z: [    0.525978] futex hash table entries: 256 (order: 2, 16384 bytes)
[STDERR  ] 2018-05-12T17:07:40.077726401Z: [    0.536682] NET: Registered protocol family 16
[STDERR  ] 2018-05-12T17:07:40.077734185Z: [    0.543102] cpuidle: using governor ladder
[STDERR  ] 2018-05-12T17:07:40.077744123Z: [    0.543699] cpuidle: using governor menu
[STDERR  ] 2018-05-12T17:07:40.077752153Z: [    0.545343] ACPI: bus type PCI registered
[STDERR  ] 2018-05-12T17:07:40.077761609Z: [    0.547930] PCI: MMCONFIG for domain 0000 [bus 00-ff] at [mem 0xb0000000-0xbfffffff] (base 0xb0000000)
[STDERR  ] 2018-05-12T17:07:40.077774011Z: [    0.548790] PCI: MMCONFIG at [mem 0xb0000000-0xbfffffff] reserved in E820
[STDERR  ] 2018-05-12T17:07:40.077787418Z: [    0.549769] PCI: Using configuration type 1 for base access
[STDERR  ] 2018-05-12T17:07:40.077800955Z: [    0.591493] HugeTLB registered 2.00 MiB page size, pre-allocated 0 pages
[STDERR  ] 2018-05-12T17:07:40.077814182Z: [    0.603592] ACPI: Added _OSI(Module Device)
[STDERR  ] 2018-05-12T17:07:40.077826755Z: [    0.603911] ACPI: Added _OSI(Processor Device)
[STDERR  ] 2018-05-12T17:07:40.077834865Z: [    0.604220] ACPI: Added _OSI(3.0 _SCP Extensions)
[STDERR  ] 2018-05-12T17:07:40.077842412Z: [    0.604541] ACPI: Added _OSI(Processor Aggregator Device)
[STDERR  ] 2018-05-12T17:07:40.077850085Z: [    0.655543] ACPI: Interpreter enabled
[STDERR  ] 2018-05-12T17:07:40.077857692Z: [    0.656491] ACPI: (supports S0 S5)
[STDERR  ] 2018-05-12T17:07:40.077865235Z: [    0.656824] ACPI: Using IOAPIC for interrupt routing
[STDERR  ] 2018-05-12T17:07:40.077872735Z: [    0.659537] PCI: Using host bridge windows from ACPI; if necessary, use "pci=nocrs" and report a bug
[STDERR  ] 2018-05-12T17:07:40.077884933Z: [    0.662619] ACPI: Enabled 1 GPEs in block 00 to 3F
[STDERR  ] 2018-05-12T17:07:40.077892539Z: [    0.712294] ACPI: PCI Root Bridge [PCI0] (domain 0000 [bus 00-ff])
[STDERR  ] 2018-05-12T17:07:40.077902719Z: [    0.713436] acpi PNP0A08:00: _OSC: OS supports [ExtendedConfig ASPM ClockPM Segments MSI]
[STDERR  ] 2018-05-12T17:07:40.077910513Z: [    0.718510] acpi PNP0A08:00: _OSC: OS now controls [PCIeHotplug PME PCIeCapability]
[STDERR  ] 2018-05-12T17:07:40.077918383Z: [    0.722386] PCI host bridge to bus 0000:00
[STDERR  ] 2018-05-12T17:07:40.077925971Z: [    0.722956] pci_bus 0000:00: root bus resource [io  0x0000-0x0cf7 window]
[STDERR  ] 2018-05-12T17:07:40.077933618Z: [    0.723405] pci_bus 0000:00: root bus resource [io  0x0d00-0xffff window]
[STDERR  ] 2018-05-12T17:07:40.077944118Z: [    0.723824] pci_bus 0000:00: root bus resource [mem 0x000a0000-0x000bffff window]
[STDERR  ] 2018-05-12T17:07:40.077951852Z: [    0.724289] pci_bus 0000:00: root bus resource [mem 0xc0000000-0xfebfffff window]
[STDERR  ] 2018-05-12T17:07:40.077959236Z: [    0.724960] pci_bus 0000:00: root bus resource [bus 00-ff]
[STDERR  ] 2018-05-12T17:07:40.077966919Z: [    0.852298] pci 0000:00:1f.0: quirk: [io  0x0600-0x067f] claimed by ICH6 ACPI/GPIO/TCO
[STDERR  ] 2018-05-12T17:07:40.077974839Z: [    0.924922] ACPI: PCI Interrupt Link [LNKA] (IRQs 5 *10 11)
[STDERR  ] 2018-05-12T17:07:40.077982474Z: [    0.927097] ACPI: PCI Interrupt Link [LNKB] (IRQs 5 *10 11)
[STDERR  ] 2018-05-12T17:07:40.077990002Z: [    0.929140] ACPI: PCI Interrupt Link [LNKC] (IRQs 5 10 *11)
[STDERR  ] 2018-05-12T17:07:40.077997591Z: [    0.931747] ACPI: PCI Interrupt Link [LNKD] (IRQs 5 10 *11)
[STDERR  ] 2018-05-12T17:07:40.078005328Z: [    0.933256] ACPI: PCI Interrupt Link [LNKE] (IRQs 5 *10 11)
[STDERR  ] 2018-05-12T17:07:40.078012970Z: [    0.934758] ACPI: PCI Interrupt Link [LNKF] (IRQs 5 *10 11)
[STDERR  ] 2018-05-12T17:07:40.078022628Z: [    0.936243] ACPI: PCI Interrupt Link [LNKG] (IRQs 5 10 *11)
[STDERR  ] 2018-05-12T17:07:40.078030222Z: [    0.937713] ACPI: PCI Interrupt Link [LNKH] (IRQs 5 10 *11)
[STDERR  ] 2018-05-12T17:07:40.078037708Z: [    0.938521] ACPI: PCI Interrupt Link [GSIA] (IRQs *16)
[STDERR  ] 2018-05-12T17:07:40.078045300Z: [    0.939146] ACPI: PCI Interrupt Link [GSIB] (IRQs *17)
[STDERR  ] 2018-05-12T17:07:40.078054527Z: [    0.940424] ACPI: PCI Interrupt Link [GSIC] (IRQs *18)
[STDERR  ] 2018-05-12T17:07:40.078066690Z: [    0.940972] ACPI: PCI Interrupt Link [GSID] (IRQs *19)
[STDERR  ] 2018-05-12T17:07:40.078078170Z: [    0.941638] ACPI: PCI Interrupt Link [GSIE] (IRQs *20)
[STDERR  ] 2018-05-12T17:07:40.078086978Z: [    0.942228] ACPI: PCI Interrupt Link [GSIF] (IRQs *21)
[STDERR  ] 2018-05-12T17:07:40.078094921Z: [    0.942864] ACPI: PCI Interrupt Link [GSIG] (IRQs *22)
[STDERR  ] 2018-05-12T17:07:40.078102630Z: [    0.943477] ACPI: PCI Interrupt Link [GSIH] (IRQs *23)
[STDERR  ] 2018-05-12T17:07:40.078110375Z: [    0.951013] SCSI subsystem initialized
[STDERR  ] 2018-05-12T17:07:40.078117955Z: [    0.954819] ACPI: bus type USB registered
[STDERR  ] 2018-05-12T17:07:40.078125964Z: [    0.955900] usbcore: registered new interface driver usbfs
[STDERR  ] 2018-05-12T17:07:40.078133758Z: [    0.956743] usbcore: registered new interface driver hub
[STDERR  ] 2018-05-12T17:07:40.078143233Z: [    0.957770] usbcore: registered new device driver usb
[STDERR  ] 2018-05-12T17:07:40.078150878Z: [    0.959065] pps_core: LinuxPPS API ver. 1 registered
[STDERR  ] 2018-05-12T17:07:40.078158311Z: [    0.959450] pps_core: Software ver. 5.3.6 - Copyright 2005-2007 Rodolfo Giometti <giometti@linux.it>
[STDERR  ] 2018-05-12T17:07:40.078166018Z: [    0.960353] PTP clock support registered
[STDERR  ] 2018-05-12T17:07:40.078173430Z: [    0.963611] PCI: Using ACPI for IRQ routing
[STDERR  ] 2018-05-12T17:07:40.078181153Z: [    0.978250] NetLabel: Initializing
[STDERR  ] 2018-05-12T17:07:40.078188814Z: [    0.978531] NetLabel:  domain hash size = 128
[STDERR  ] 2018-05-12T17:07:40.078201337Z: [    0.978983] NetLabel:  protocols = UNLABELED CIPSOv4 CALIPSO
[STDERR  ] 2018-05-12T17:07:40.078213900Z: [    0.982348] NetLabel:  unlabeled traffic allowed by default
[STDERR  ] 2018-05-12T17:07:40.078221578Z: [    0.984243] HPET: 3 timers in total, 0 timers will be used for per-cpu timer
[STDERR  ] 2018-05-12T17:07:40.078229424Z: [    0.984952] hpet0: at MMIO 0xfed00000, IRQs 2, 8, 0
[STDERR  ] 2018-05-12T17:07:40.078237094Z: [    0.985341] hpet0: 3 comparators, 64-bit 100.000000 MHz counter
[STDERR  ] 2018-05-12T17:07:40.078244933Z: [    0.990830] clocksource: Switched to clocksource hpet
[STDERR  ] 2018-05-12T17:07:40.078254673Z: [    1.216811] VFS: Disk quotas dquot_6.6.0
[STDERR  ] 2018-05-12T17:07:40.078262467Z: [    1.217569] VFS: Dquot-cache hash table entries: 512 (order 0, 4096 bytes)
[STDERR  ] 2018-05-12T17:07:40.078273311Z: [    1.221896] FS-Cache: Loaded
[STDERR  ] 2018-05-12T17:07:40.078281000Z: [    1.226994] CacheFiles: Loaded
[STDERR  ] 2018-05-12T17:07:40.078288934Z: [    1.228668] pnp: PnP ACPI init
[STDERR  ] 2018-05-12T17:07:40.078296461Z: [    1.237169] pnp: PnP ACPI: found 5 devices
[STDERR  ] 2018-05-12T17:07:40.078303910Z: [    1.272190] clocksource: acpi_pm: mask: 0xffffff max_cycles: 0xffffff, max_idle_ns: 2085701024 ns
[STDERR  ] 2018-05-12T17:07:40.078311791Z: [    1.276678] NET: Registered protocol family 2
[STDERR  ] 2018-05-12T17:07:40.078319414Z: [    1.284346] TCP established hash table entries: 8192 (order: 4, 65536 bytes)
[STDERR  ] 2018-05-12T17:07:40.078327053Z: [    1.285210] TCP bind hash table entries: 8192 (order: 5, 131072 bytes)
[STDERR  ] 2018-05-12T17:07:40.078336679Z: [    1.286334] TCP: Hash tables configured (established 8192 bind 8192)
[STDERR  ] 2018-05-12T17:07:40.078344210Z: [    1.288407] UDP hash table entries: 512 (order: 2, 16384 bytes)
[STDERR  ] 2018-05-12T17:07:40.078351793Z: [    1.289099] UDP-Lite hash table entries: 512 (order: 2, 16384 bytes)
[STDERR  ] 2018-05-12T17:07:40.078359337Z: [    1.291729] NET: Registered protocol family 1
[STDERR  ] 2018-05-12T17:07:40.078366910Z: [    1.292711] pci 0000:00:01.0: Video device with shadowed ROM at [mem 0x000c0000-0x000dffff]
[STDERR  ] 2018-05-12T17:07:40.078374693Z: [    1.298056] Trying to unpack rootfs image as initramfs...
[STDERR  ] 2018-05-12T17:07:40.078382362Z: [    7.834010] Freeing initrd memory: 36592K
[STDERR  ] 2018-05-12T17:07:40.078390197Z: [    7.858360] PCLMULQDQ-NI instructions are not detected.
[STDERR  ] 2018-05-12T17:07:40.078397823Z: [    7.859873] AVX or AES-NI instructions are not detected.
[STDERR  ] 2018-05-12T17:07:40.078405412Z: [    7.861038] CPU feature 'AVX registers' is not supported.
[STDERR  ] 2018-05-12T17:07:40.078415570Z: [    7.861527] CPU feature 'AVX registers' is not supported.
[STDERR  ] 2018-05-12T17:07:40.078423062Z: [    7.862006] CPU feature 'AVX registers' is not supported.
[STDERR  ] 2018-05-12T17:07:40.078430492Z: [    7.862403] CPU feature 'AVX registers' is not supported.
[STDERR  ] 2018-05-12T17:07:40.078437899Z: [    7.862815] AVX2 or AES-NI instructions are not detected.
[STDERR  ] 2018-05-12T17:07:40.078445262Z: [    7.863196] AVX2 instructions are not detected.
[STDERR  ] 2018-05-12T17:07:40.078454482Z: [    7.869487] audit: initializing netlink subsys (disabled)
[STDERR  ] 2018-05-12T17:07:40.078462222Z: [    7.876385] audit: type=2000 audit(1526144822.870:1): state=initialized audit_enabled=0 res=1
[STDERR  ] 2018-05-12T17:07:40.079106358Z: [    7.877544] workingset: timestamp_bits=46 max_order=18 bucket_order=0
[STDERR  ] 2018-05-12T17:07:40.079154683Z: [    7.882583] squashfs: version 4.0 (2009/01/31) Phillip Lougher
[STDERR  ] 2018-05-12T17:07:40.079181070Z: [    7.884960] FS-Cache: Netfs 'cifs' registered for caching
[STDERR  ] 2018-05-12T17:07:40.079223284Z: [    7.885742] fuse init (API version 7.26)
[STDERR  ] 2018-05-12T17:07:40.079258733Z: [    7.887723] SGI XFS with ACLs, security attributes, no debug enabled
[STDERR  ] 2018-05-12T17:07:40.079286694Z: [    7.891950] 9p: Installing v9fs 9p2000 file system support
[STDERR  ] 2018-05-12T17:07:40.079330128Z: [    7.892584] FS-Cache: Netfs '9p' registered for caching
[STDERR  ] 2018-05-12T17:07:40.079367168Z: [    7.927182] NET: Registered protocol family 38
[STDERR  ] 2018-05-12T17:07:40.079411802Z: [    7.927798] Key type asymmetric registered
[STDERR  ] 2018-05-12T17:07:40.079438515Z: [    7.928180] Asymmetric key parser 'x509' registered
[STDERR  ] 2018-05-12T17:07:40.079477920Z: [    7.929156] Block layer SCSI generic (bsg) driver version 0.4 loaded (major 247)
[STDERR  ] 2018-05-12T17:07:40.079516157Z: [    7.932143] io scheduler noop registered
[STDERR  ] 2018-05-12T17:07:40.079558438Z: [    7.932479] io scheduler deadline registered (default)
[STDERR  ] 2018-05-12T17:07:40.079587020Z: [    7.933493] io scheduler cfq registered
[STDERR  ] 2018-05-12T17:07:40.079634538Z: [    7.933791] io scheduler mq-deadline registered
[STDERR  ] 2018-05-12T17:07:40.079666208Z: [    7.934106] io scheduler kyber registered
[STDERR  ] 2018-05-12T17:07:40.079697689Z: [    7.937039] shpchp: Standard Hot Plug PCI Controller Driver version: 0.4
[STDERR  ] 2018-05-12T17:07:40.079746886Z: [    7.937855] hv_vmbus: registering driver hyperv_fb
[STDERR  ] 2018-05-12T17:07:40.079779262Z: [    7.941727] input: Power Button as /devices/LNXSYSTM:00/LNXPWRBN:00/input/input0
[STDERR  ] 2018-05-12T17:07:40.079826729Z: [    7.945803] ACPI: Power Button [PWRF]
[STDERR  ] 2018-05-12T17:07:40.079854899Z: [    7.958384] ACPI: PCI Interrupt Link [GSIG] enabled at IRQ 22
[STDERR  ] 2018-05-12T17:07:40.079909727Z: [    7.971443] ACPI: PCI Interrupt Link [GSIH] enabled at IRQ 23
[STDERR  ] 2018-05-12T17:07:40.079937901Z: [    7.976846] Serial: 8250/16550 driver, 4 ports, IRQ sharing disabled
[STDERR  ] 2018-05-12T17:07:40.079981189Z: [    8.000799] 00:04: ttyS0 at I/O 0x3f8 (irq = 4, base_baud = 115200) is a 16550A
[STDERR  ] 2018-05-12T17:07:40.080086638Z: [    8.011517] Non-volatile memory driver v1.3
[STDERR  ] 2018-05-12T17:07:40.080117682Z: [    8.017807] Hangcheck: starting hangcheck timer 0.9.1 (tick is 180 seconds, margin is 60 seconds).
[STDERR  ] 2018-05-12T17:07:40.080160446Z: [    8.026162] random: fast init done
[STDERR  ] 2018-05-12T17:07:40.080216116Z: [    8.027489] random: crng init done
[STDERR  ] 2018-05-12T17:07:40.080258320Z: [    8.074792] brd: module loaded
[STDERR  ] 2018-05-12T17:07:40.080287160Z: [    8.101021] loop: module loaded
[STDERR  ] 2018-05-12T17:07:40.080328006Z: [    8.144254] lpc_ich 0000:00:1f.0: I/O space for GPIO uninitialized
[STDERR  ] 2018-05-12T17:07:40.080361649Z: [    8.146738] VMware PVSCSI driver - version 1.0.7.0-k
[STDERR  ] 2018-05-12T17:07:40.080404005Z: [    8.147486] hv_vmbus: registering driver hv_storvsc
[STDERR  ] 2018-05-12T17:07:40.080430837Z: [    8.155144] ACPI: PCI Interrupt Link [GSIA] enabled at IRQ 16
[STDERR  ] 2018-05-12T17:07:40.080498949Z: [    8.161492] ahci 0000:00:1f.2: AHCI 0001.0000 32 slots 6 ports 1.5 Gbps 0x3f impl SATA mode
[STDERR  ] 2018-05-12T17:07:40.080577144Z: [    8.162297] ahci 0000:00:1f.2: flags: 64bit ncq only 
[STDERR  ] 2018-05-12T17:07:40.080609843Z: [    8.175910] scsi host0: ahci
[STDERR  ] 2018-05-12T17:07:40.080666634Z: [    8.178618] scsi host1: ahci
[STDERR  ] 2018-05-12T17:07:40.080709001Z: [    8.180407] scsi host2: ahci
[STDERR  ] 2018-05-12T17:07:40.080753658Z: [    8.181953] scsi host3: ahci
[STDERR  ] 2018-05-12T17:07:40.080786473Z: [    8.184135] scsi host4: ahci
[STDERR  ] 2018-05-12T17:07:40.080859597Z: [    8.186285] scsi host5: ahci
[STDERR  ] 2018-05-12T17:07:40.080902024Z: [    8.187500] ata1: SATA max UDMA/133 abar m4096@0xfebd2000 port 0xfebd2100 irq 24
[STDERR  ] 2018-05-12T17:07:40.080965087Z: [    8.188072] ata2: SATA max UDMA/133 abar m4096@0xfebd2000 port 0xfebd2180 irq 24
[STDERR  ] 2018-05-12T17:07:40.081016719Z: [    8.188477] ata3: SATA max UDMA/133 abar m4096@0xfebd2000 port 0xfebd2200 irq 24
[STDERR  ] 2018-05-12T17:07:40.081102247Z: [    8.188937] ata4: SATA max UDMA/133 abar m4096@0xfebd2000 port 0xfebd2280 irq 24
[STDERR  ] 2018-05-12T17:07:40.081142814Z: [    8.189337] ata5: SATA max UDMA/133 abar m4096@0xfebd2000 port 0xfebd2300 irq 24
[STDERR  ] 2018-05-12T17:07:40.081203459Z: [    8.189781] ata6: SATA max UDMA/133 abar m4096@0xfebd2000 port 0xfebd2380 irq 24
[STDERR  ] 2018-05-12T17:07:40.081249412Z: [    8.201449] tun: Universal TUN/TAP device driver, 1.6
[STDERR  ] 2018-05-12T17:07:40.081306314Z: [    8.211634] VMware vmxnet3 virtual NIC driver - version 1.4.a.0-k-NAPI
[STDERR  ] 2018-05-12T17:07:40.081341746Z: [    8.212919] hv_vmbus: registering driver hv_netvsc
[STDERR  ] 2018-05-12T17:07:40.081389945Z: [    8.213251] Fusion MPT base driver 3.04.20
[STDERR  ] 2018-05-12T17:07:40.081440036Z: [    8.213492] Copyright (c) 1999-2008 LSI Corporation
[STDERR  ] 2018-05-12T17:07:40.081477104Z: [    8.214084] Fusion MPT SPI Host driver 3.04.20
[STDERR  ] 2018-05-12T17:07:40.081537741Z: [    8.215971] i8042: PNP: PS/2 Controller [PNP0303:KBD,PNP0f13:MOU] at 0x60,0x64 irq 1,12
[STDERR  ] 2018-05-12T17:07:40.081621184Z: [    8.220796] serio: i8042 KBD port at 0x60,0x64 irq 1
[STDERR  ] 2018-05-12T17:07:40.081659703Z: [    8.221627] serio: i8042 AUX port at 0x60,0x64 irq 12
[STDERR  ] 2018-05-12T17:07:40.081718005Z: [    8.223774] hv_vmbus: registering driver hyperv_keyboard
[STDERR  ] 2018-05-12T17:07:40.081759880Z: [    8.226041] mousedev: PS/2 mouse device common for all mice
[STDERR  ] 2018-05-12T17:07:40.081811241Z: [    8.229952] input: AT Translated Set 2 keyboard as /devices/platform/i8042/serio0/input/input1
[STDERR  ] 2018-05-12T17:07:40.081845936Z: [    8.232041] input: PC Speaker as /devices/platform/pcspkr/input/input2
[STDERR  ] 2018-05-12T17:07:40.081898708Z: [    8.236222] rtc_cmos 00:00: RTC can wake from S4
[STDERR  ] 2018-05-12T17:07:40.081935626Z: [    8.239115] rtc_cmos 00:00: rtc core: registered rtc_cmos as rtc0
[STDERR  ] 2018-05-12T17:07:40.081994678Z: [    8.240771] rtc_cmos 00:00: alarms up to one day, y3k, 114 bytes nvram, hpet irqs
[STDERR  ] 2018-05-12T17:07:40.082035598Z: [    8.241438] i2c /dev entries driver
[STDOUT  ] 2018-05-12T17:07:40.082082460Z: [    0.000000] Linux version 4.14.40-linuxkit (root@945c5b0ac955) (gcc version 6.4.0 (Alpine 6.4.0)) #1 SMP Thu May 10 10:06:57 UTC 2018
[STDOUT  ] 2018-05-12T17:07:40.082120110Z: [    0.000000] Command line: console=ttyS0 console=ttyAMA0
[STDOUT  ] 2018-05-12T17:07:40.082131506Z: [    0.000000] x86/fpu: x87 FPU will use FXSAVE
[STDOUT  ] 2018-05-12T17:07:40.082142130Z: [    0.000000] e820: BIOS-provided physical RAM map:
[STDOUT  ] 2018-05-12T17:07:40.082152383Z: [    0.000000] BIOS-e820: [mem 0x0000000000000000-0x000000000009fbff] usable
[STDOUT  ] 2018-05-12T17:07:40.082163880Z: [    0.000000] BIOS-e820: [mem 0x000000000009fc00-0x000000000009ffff] reserved
[STDOUT  ] 2018-05-12T17:07:40.082174892Z: [    0.000000] BIOS-e820: [mem 0x00000000000f0000-0x00000000000fffff] reserved
[STDOUT  ] 2018-05-12T17:07:40.082189852Z: [    0.000000] BIOS-e820: [mem 0x0000000000100000-0x000000003ffdefff] usable
[STDOUT  ] 2018-05-12T17:07:40.082200319Z: [    0.000000] BIOS-e820: [mem 0x000000003ffdf000-0x000000003fffffff] reserved
[STDOUT  ] 2018-05-12T17:07:40.082209855Z: [    0.000000] BIOS-e820: [mem 0x00000000b0000000-0x00000000bfffffff] reserved
[STDOUT  ] 2018-05-12T17:07:40.082219579Z: [    0.000000] BIOS-e820: [mem 0x00000000fed1c000-0x00000000fed1ffff] reserved
[STDOUT  ] 2018-05-12T17:07:40.082229272Z: [    0.000000] BIOS-e820: [mem 0x00000000fffc0000-0x00000000ffffffff] reserved
[STDOUT  ] 2018-05-12T17:07:40.082239491Z: [    0.000000] NX (Execute Disable) protection: active
[STDOUT  ] 2018-05-12T17:07:40.082249749Z: [    0.000000] SMBIOS 2.8 present.
[STDOUT  ] 2018-05-12T17:07:40.082260581Z: [    0.000000] DMI: QEMU Standard PC (Q35 + ICH9, 2009), BIOS rel-1.10.2-0-g5f4c7b1-prebuilt.qemu-project.org 04/01/2014
[STDOUT  ] 2018-05-12T17:07:40.082271629Z: [    0.000000] tsc: Fast TSC calibration using PIT
[STDERR  ] 2018-05-12T17:07:40.082104830Z: [    8.243362] device-mapper: ioctl: 4.37.0-ioctl (2017-09-20) initialised: dm-devel@redhat.com
[STDOUT  ] 2018-05-12T17:07:40.082283319Z: [    0.000000] e820: last_pfn = 0x3ffdf max_arch_pfn = 0x400000000
[STDOUT  ] 2018-05-12T17:07:40.082293402Z: [    0.000000] x86/PAT: Configuration [0-7]: WB  WC  UC- UC  WB  WP  UC- WT  
[STDOUT  ] 2018-05-12T17:07:40.082313479Z: [    0.000000] found SMP MP-table at [mem 0x000f6aa0-0x000f6aaf] mapped at [ffffffffff200aa0]
[STDERR  ] 2018-05-12T17:07:40.082288209Z: [    8.247386] usbcore: registered new interface driver usbhid
[STDERR  ] 2018-05-12T17:07:40.082342065Z: [    8.247701] usbhid: USB HID core driver
[STDOUT  ] 2018-05-12T17:07:40.082326449Z: [    0.000000] RAMDISK: [mem 0x3dc14000-0x3ffcffff]
[STDOUT  ] 2018-05-12T17:07:40.082411541Z: [    0.000000] ACPI: Early table checksum verification disabled
[STDERR  ] 2018-05-12T17:07:40.082381717Z: [    8.248446] hv_utils: Registering HyperV Utility Driver
[STDOUT  ] 2018-05-12T17:07:40.082425175Z: [    0.000000] ACPI: RSDP 0x00000000000F68B0 000014 (v00 BOCHS )
[STDOUT  ] 2018-05-12T17:07:40.082435685Z: [    0.000000] ACPI: RSDT 0x000000003FFE20A8 000034 (v01 BOCHS  BXPCRSDT 00000001 BXPC 00000001)
[STDOUT  ] 2018-05-12T17:07:40.082451060Z: [    0.000000] ACPI: FACP 0x000000003FFE1EC8 0000F4 (v03 BOCHS  BXPCFACP 00000001 BXPC 00000001)
[STDOUT  ] 2018-05-12T17:07:40.082461590Z: [    0.000000] ACPI: DSDT 0x000000003FFE0040 001E88 (v01 BOCHS  BXPCDSDT 00000001 BXPC 00000001)
[STDOUT  ] 2018-05-12T17:07:40.082490460Z: [    0.000000] ACPI: FACS 0x000000003FFE0000 000040
[STDERR  ] 2018-05-12T17:07:40.082441227Z: [    8.248729] hv_vmbus: registering driver hv_util
[STDOUT  ] 2018-05-12T17:07:40.082504164Z: [    0.000000] ACPI: APIC 0x000000003FFE1FBC 000078 (v01 BOCHS  BXPCAPIC 00000001 BXPC 00000001)
[STDOUT  ] 2018-05-12T17:07:40.082515390Z: [    0.000000] ACPI: HPET 0x000000003FFE2034 000038 (v01 BOCHS  BXPCHPET 00000001 BXPC 00000001)
[STDOUT  ] 2018-05-12T17:07:40.082525918Z: [    0.000000] ACPI: MCFG 0x000000003FFE206C 00003C (v01 BOCHS  BXPCMCFG 00000001 BXPC 00000001)
[STDOUT  ] 2018-05-12T17:07:40.082535946Z: [    0.000000] Zone ranges:
[STDOUT  ] 2018-05-12T17:07:40.082546184Z: [    0.000000]   DMA      [mem 0x0000000000001000-0x0000000000ffffff]
[STDOUT  ] 2018-05-12T17:07:40.082556036Z: [    0.000000]   DMA32    [mem 0x0000000001000000-0x000000003ffdefff]
[STDOUT  ] 2018-05-12T17:07:40.082566273Z: [    0.000000]   Normal   empty
[STDOUT  ] 2018-05-12T17:07:40.082575720Z: [    0.000000]   Device   empty
[STDOUT  ] 2018-05-12T17:07:40.082586030Z: [    0.000000] Movable zone start for each node
[STDOUT  ] 2018-05-12T17:07:40.082596154Z: [    0.000000] Early memory node ranges
[STDERR  ] 2018-05-12T17:07:40.082510789Z: [    8.249000] hv_vmbus: registering driver hv_balloon
[STDOUT  ] 2018-05-12T17:07:40.082606539Z: [    0.000000]   node   0: [mem 0x0000000000001000-0x000000000009efff]
[STDERR  ] 2018-05-12T17:07:40.082641981Z: [    8.249567] oprofile: using NMI interrupt.
[STDERR  ] 2018-05-12T17:07:40.082703301Z: [    8.251181] GACT probability on
[STDOUT  ] 2018-05-12T17:07:40.082692678Z: [    0.000000]   node   0: [mem 0x0000000000100000-0x000000003ffdefff]
[STDOUT  ] 2018-05-12T17:07:40.082772273Z: [    0.000000] Initmem setup node 0 [mem 0x0000000000001000-0x000000003ffdefff]
[STDOUT  ] 2018-05-12T17:07:40.082792228Z: [    0.000000] ACPI: PM-Timer IO Port: 0x608
[STDOUT  ] 2018-05-12T17:07:40.082803350Z: [    0.000000] ACPI: LAPIC_NMI (acpi_id[0xff] dfl dfl lint[0x1])
[STDOUT  ] 2018-05-12T17:07:40.082813761Z: [    0.000000] IOAPIC[0]: apic_id 0, version 32, address 0xfec00000, GSI 0-23
[STDOUT  ] 2018-05-12T17:07:40.082823801Z: [    0.000000] ACPI: INT_SRC_OVR (bus 0 bus_irq 0 global_irq 2 dfl dfl)
[STDOUT  ] 2018-05-12T17:07:40.082833659Z: [    0.000000] ACPI: INT_SRC_OVR (bus 0 bus_irq 5 global_irq 5 high level)
[STDOUT  ] 2018-05-12T17:07:40.082843491Z: [    0.000000] ACPI: INT_SRC_OVR (bus 0 bus_irq 9 global_irq 9 high level)
[STDOUT  ] 2018-05-12T17:07:40.082858538Z: [    0.000000] ACPI: INT_SRC_OVR (bus 0 bus_irq 10 global_irq 10 high level)
[STDERR  ] 2018-05-12T17:07:40.082771440Z: [    8.251572] Mirror/redirect action on
[STDOUT  ] 2018-05-12T17:07:40.082868825Z: [    0.000000] ACPI: INT_SRC_OVR (bus 0 bus_irq 11 global_irq 11 high level)
[STDERR  ] 2018-05-12T17:07:40.082868828Z: [    8.252165] Simple TC action Loaded
[STDERR  ] 2018-05-12T17:07:40.082887392Z: [    8.252712] u32 classifier
[STDERR  ] 2018-05-12T17:07:40.082908620Z: [    8.252931]     Performance counters on
[STDERR  ] 2018-05-12T17:07:40.082934663Z: [    8.253214]     input device check on
[STDOUT  ] 2018-05-12T17:07:40.082946563Z: [    0.000000] Using ACPI (MADT) for SMP configuration information
[STDOUT  ] 2018-05-12T17:07:40.082960075Z: [    0.000000] ACPI: HPET id: 0x8086a201 base: 0xfed00000
[STDOUT  ] 2018-05-12T17:07:40.082970390Z: [    0.000000] smpboot: Allowing 1 CPUs, 0 hotplug CPUs
[STDOUT  ] 2018-05-12T17:07:40.082980497Z: [    0.000000] e820: [mem 0x40000000-0xafffffff] available for PCI devices
[STDOUT  ] 2018-05-12T17:07:40.082997653Z: [    0.000000] Booting paravirtualized kernel on bare hardware
[STDOUT  ] 2018-05-12T17:07:40.083017050Z: [    0.000000] clocksource: refined-jiffies: mask: 0xffffffff max_cycles: 0xffffffff, max_idle_ns: 19112604462750000 ns
[STDOUT  ] 2018-05-12T17:07:40.083031528Z: [    0.000000] random: get_random_bytes called from start_kernel+0x92/0x4c8 with crng_init=0
[STDOUT  ] 2018-05-12T17:07:40.083041768Z: [    0.000000] setup_percpu: NR_CPUS:128 nr_cpumask_bits:128 nr_cpu_ids:1 nr_node_ids:1
[STDERR  ] 2018-05-12T17:07:40.082948662Z: [    8.253459]     Actions configured
[STDERR  ] 2018-05-12T17:07:40.083054578Z: [    8.254158] Netfilter messages via NETLINK v0.30.
[STDERR  ] 2018-05-12T17:07:40.083070145Z: [    8.254814] nfnl_acct: registering with nfnetlink.
[STDERR  ] 2018-05-12T17:07:40.083087937Z: [    8.256318] nf_conntrack version 0.5.0 (8192 buckets, 32768 max)
[STDERR  ] 2018-05-12T17:07:40.083111103Z: [    8.258533] ctnetlink v0.93: registering with nfnetlink.
[STDOUT  ] 2018-05-12T17:07:40.083055472Z: [    0.000000] percpu: Embedded 44 pages/cpu @ffff8ee2bda00000 s143256 r8192 d28776 u2097152
[STDOUT  ] 2018-05-12T17:07:40.083139410Z: [    0.000000] Built 1 zonelists, mobility grouping on.  Total pages: 257896
[STDERR  ] 2018-05-12T17:07:40.083124480Z: [    8.261872] nf_tables: (c) 2007-2009 Patrick McHardy <kaber@trash.net>
[STDOUT  ] 2018-05-12T17:07:40.083150278Z: [    0.000000] Kernel command line: console=ttyS0 console=ttyAMA0
[STDOUT  ] 2018-05-12T17:07:40.083161810Z: [    0.000000] PID hash table entries: 4096 (order: 3, 32768 bytes)
[STDOUT  ] 2018-05-12T17:07:40.083172388Z: [    0.000000] Dentry cache hash table entries: 131072 (order: 8, 1048576 bytes)
[STDOUT  ] 2018-05-12T17:07:40.083182903Z: [    0.000000] Inode-cache hash table entries: 65536 (order: 7, 524288 bytes)
[STDOUT  ] 2018-05-12T17:07:40.083193393Z: [    0.000000] Memory: 968208K/1048052K available (12300K kernel code, 1465K rwdata, 2988K rodata, 1508K init, 632K bss, 79844K reserved, 0K cma-reserved)
[STDOUT  ] 2018-05-12T17:07:40.083205377Z: [    0.000000] ftrace: allocating 40967 entries in 161 pages
[STDOUT  ] 2018-05-12T17:07:40.083215921Z: [    0.000000] Hierarchical RCU implementation.
[STDOUT  ] 2018-05-12T17:07:40.083226112Z: [    0.000000] 	RCU restricting CPUs from NR_CPUS=128 to nr_cpu_ids=1.
[STDOUT  ] 2018-05-12T17:07:40.083236807Z: [    0.000000] RCU: Adjusting geometry for rcu_fanout_leaf=16, nr_cpu_ids=1
[STDOUT  ] 2018-05-12T17:07:40.083247410Z: [    0.000000] NR_IRQS: 8448, nr_irqs: 256, preallocated irqs: 16
[STDOUT  ] 2018-05-12T17:07:40.083260719Z: [    0.000000] Console: colour VGA+ 80x25
[STDOUT  ] 2018-05-12T17:07:40.083270411Z: [    0.000000] console [ttyS0] enabled
[STDOUT  ] 2018-05-12T17:07:40.083280032Z: [    0.000000] clocksource: hpet: mask: 0xffffffff max_cycles: 0xffffffff, max_idle_ns: 19112604467 ns
[STDOUT  ] 2018-05-12T17:07:40.083290819Z: [    0.010000] tsc: Fast TSC calibration using PIT
[STDERR  ] 2018-05-12T17:07:40.083149037Z: [    8.262739] nf_tables_compat: (c) 2012 Pablo Neira Ayuso <pablo@netfilter.org>
[STDOUT  ] 2018-05-12T17:07:40.083300846Z: [    0.010000] tsc: Detected 2600.069 MHz processor
[STDOUT  ] 2018-05-12T17:07:40.083311097Z: [    0.010000] Calibrating delay loop (skipped), value calculated using timer frequency.. 5200.13 BogoMIPS (lpj=26000690)
[STDERR  ] 2018-05-12T17:07:40.083315747Z: [    8.265016] xt_time: kernel timezone is -0000
[STDERR  ] 2018-05-12T17:07:40.083334121Z: [    8.265545] ip_set: protocol 6
[STDERR  ] 2018-05-12T17:07:40.083354544Z: [    8.266346] IPVS: Registered protocols (TCP, UDP, SCTP, AH, ESP)
[STDERR  ] 2018-05-12T17:07:40.083367842Z: [    8.266977] IPVS: Connection hash table configured (size=4096, memory=64Kbytes)
[STDERR  ] 2018-05-12T17:07:40.083390212Z: [    8.271496] IPVS: ipvs loaded.
[STDERR  ] 2018-05-12T17:07:40.083403185Z: [    8.271911] IPVS: [rr] scheduler registered.
[STDERR  ] 2018-05-12T17:07:40.083416057Z: [    8.272236] IPVS: [wrr] scheduler registered.
[STDERR  ] 2018-05-12T17:07:40.083433482Z: [    8.272495] IPVS: [lc] scheduler registered.
[STDERR  ] 2018-05-12T17:07:40.083446675Z: [    8.272744] IPVS: [wlc] scheduler registered.
[STDERR  ] 2018-05-12T17:07:40.083459595Z: [    8.273037] IPVS: [fo] scheduler registered.
[STDERR  ] 2018-05-12T17:07:40.083472645Z: [    8.273308] IPVS: [ovf] scheduler registered.
[STDERR  ] 2018-05-12T17:07:40.083485482Z: [    8.273753] IPVS: [lblc] scheduler registered.
[STDERR  ] 2018-05-12T17:07:40.083498202Z: [    8.274189] IPVS: [lblcr] scheduler registered.
[STDERR  ] 2018-05-12T17:07:40.083593605Z: [    8.274496] IPVS: [dh] scheduler registered.
[STDERR  ] 2018-05-12T17:07:40.083607378Z: [    8.274822] IPVS: [sh] scheduler registered.
[STDERR  ] 2018-05-12T17:07:40.083620135Z: [    8.275059] IPVS: [sed] scheduler registered.
[STDERR  ] 2018-05-12T17:07:40.083632858Z: [    8.275299] IPVS: [nq] scheduler registered.
[STDERR  ] 2018-05-12T17:07:40.083645368Z: [    8.276104] IPVS: ftp: loaded support on port[0] = 21
[STDERR  ] 2018-05-12T17:07:40.083658196Z: [    8.276882] ipip: IPv4 and MPLS over IPv4 tunneling driver
[STDERR  ] 2018-05-12T17:07:40.083671139Z: [    8.281020] gre: GRE over IPv4 demultiplexor driver
[STDERR  ] 2018-05-12T17:07:40.083687165Z: [    8.283728] ip_tables: (C) 2000-2006 Netfilter Core Team
[STDERR  ] 2018-05-12T17:07:40.083700158Z: [    8.287125] ipt_CLUSTERIP: ClusterIP Version 0.8 loaded successfully
[STDERR  ] 2018-05-12T17:07:40.083713058Z: [    8.287735] arp_tables: arp_tables: (C) 2002 David S. Miller
[STDERR  ] 2018-05-12T17:07:40.083725791Z: [    8.289936] NET: Registered protocol family 10
[STDERR  ] 2018-05-12T17:07:40.083738516Z: [    8.299374] Segment Routing with IPv6
[STDERR  ] 2018-05-12T17:07:40.083757404Z: [    8.300810] ip6_tables: (C) 2000-2006 Netfilter Core Team
[STDERR  ] 2018-05-12T17:07:40.083770938Z: [    8.307724] NET: Registered protocol family 17
[STDERR  ] 2018-05-12T17:07:40.083783814Z: [    8.308800] Bridge firewalling registered
[STDERR  ] 2018-05-12T17:07:40.083796704Z: [    8.309323] Ebtables v2.0 registered
[STDERR  ] 2018-05-12T17:07:40.083812781Z: [    8.311954] 8021q: 802.1Q VLAN Support v1.8
[STDERR  ] 2018-05-12T17:07:40.083825661Z: [    8.313627] 9pnet: Installing 9P2000 support
[STDERR  ] 2018-05-12T17:07:40.083838401Z: [    8.315710] Key type dns_resolver registered
[STDERR  ] 2018-05-12T17:07:40.083851124Z: [    8.317157] sched_clock: Marking stable (8310233650, 0)->(8413025415, -102791765)
[STDERR  ] 2018-05-12T17:07:40.083864014Z: [    8.321023] registered taskstats version 1
[STDERR  ] 2018-05-12T17:07:40.083876890Z: [    8.525042] ata2: SATA link down (SStatus 0 SControl 300)
[STDERR  ] 2018-05-12T17:07:40.083889847Z: [    8.528502] ata1: SATA link up 1.5 Gbps (SStatus 113 SControl 300)
[STDERR  ] 2018-05-12T17:07:40.083902968Z: [    8.531625] ata3: SATA link up 1.5 Gbps (SStatus 113 SControl 300)
[STDERR  ] 2018-05-12T17:07:40.083915943Z: [    8.533674] ata3.00: ATAPI: QEMU DVD-ROM, 2.5+, max UDMA/100
[STDERR  ] 2018-05-12T17:07:40.083929090Z: [    8.534100] ata3.00: applying bridge limits
[STDERR  ] 2018-05-12T17:07:40.083945704Z: [    8.535838] ata4: SATA link down (SStatus 0 SControl 300)
[STDERR  ] 2018-05-12T17:07:40.083959370Z: [    8.536973] ata3.00: configured for UDMA/100
[STDERR  ] 2018-05-12T17:07:40.083972310Z: [    8.539266] ata1.00: ATA-7: QEMU HARDDISK, 2.5+, max UDMA/100
[STDERR  ] 2018-05-12T17:07:40.083985450Z: [    8.539695] ata1.00: 1048576 sectors, multi 16: LBA48 NCQ (depth 31/32)
[STDERR  ] 2018-05-12T17:07:40.083999155Z: [    8.540789] ata1.00: applying bridge limits
[STDERR  ] 2018-05-12T17:07:40.084018277Z: [    8.541401] ata5: SATA link down (SStatus 0 SControl 300)
[STDERR  ] 2018-05-12T17:07:40.084031323Z: [    8.541986] ata6: SATA link down (SStatus 0 SControl 300)
[STDERR  ] 2018-05-12T17:07:40.084044097Z: [    8.543839] Key type big_key registered
[STDERR  ] 2018-05-12T17:07:40.084056775Z: [    8.545170] ata1.00: configured for UDMA/100
[STDERR  ] 2018-05-12T17:07:40.084069731Z: [    8.562707] scsi 0:0:0:0: Direct-Access     ATA      QEMU HARDDISK    2.5+ PQ: 0 ANSI: 5
[STDERR  ] 2018-05-12T17:07:40.084088048Z: [    8.574949] sd 0:0:0:0: Attached scsi generic sg0 type 0
[STDERR  ] 2018-05-12T17:07:40.084101601Z: [    8.584716] sd 0:0:0:0: [sda] 1048576 512-byte logical blocks: (537 MB/512 MiB)
[STDERR  ] 2018-05-12T17:07:40.084114843Z: [    8.588620] scsi 2:0:0:0: CD-ROM            QEMU     QEMU DVD-ROM     2.5+ PQ: 0 ANSI: 5
[STDERR  ] 2018-05-12T17:07:40.084128247Z: [    8.590943] sd 0:0:0:0: [sda] Write Protect is off
[STDERR  ] 2018-05-12T17:07:40.084141418Z: [    8.594062] sd 0:0:0:0: [sda] Write cache: enabled, read cache: enabled, doesn't support DPO or FUA
[STDERR  ] 2018-05-12T17:07:40.084157801Z: [    8.624994] sd 0:0:0:0: [sda] Attached SCSI disk
[STDERR  ] 2018-05-12T17:07:40.084170858Z: [    8.633063] sr 2:0:0:0: [sr0] scsi3-mmc drive: 4x/4x cd/rw xa/form2 tray
[STDERR  ] 2018-05-12T17:07:40.084184048Z: [    8.633797] cdrom: Uniform CD-ROM driver Revision: 3.20
[STDERR  ] 2018-05-12T17:07:40.084199420Z: [    8.642277] sr 2:0:0:0: Attached scsi generic sg1 type 5
[STDERR  ] 2018-05-12T17:07:40.084212207Z: [    8.677093] Key type trusted registered
[STDERR  ] 2018-05-12T17:07:40.084224870Z: [    8.747345] Key type encrypted registered
[STDERR  ] 2018-05-12T17:07:40.084237722Z: [    8.748190] ima: No TPM chip found, activating TPM-bypass! (rc=-19)
[STDERR  ] 2018-05-12T17:07:40.084250603Z: [    8.753054] evm: HMAC attrs: 0x1
[STDERR  ] 2018-05-12T17:07:40.084265770Z: [    8.757064] rtc_cmos 00:00: setting system clock to 2018-05-12 17:07:04 UTC (1526144824)
[STDERR  ] 2018-05-12T17:07:40.084279045Z: [    8.919668] Freeing unused kernel memory: 1508K
[STDERR  ] 2018-05-12T17:07:40.084291699Z: [    8.920071] Write protecting the kernel read-only data: 18432k
[STDERR  ] 2018-05-12T17:07:40.084306975Z: [    8.921247] tsc: Refined TSC clocksource calibration: 2600.011 MHz
[STDERR  ] 2018-05-12T17:07:40.084319732Z: [    8.921842] clocksource: tsc: mask: 0xffffffffffffffff max_cycles: 0x257a467bc33, max_idle_ns: 440795240849 ns
[STDERR  ] 2018-05-12T17:07:40.084332629Z: [    8.935013] Freeing unused kernel memory: 2024K
[STDERR  ] 2018-05-12T17:07:40.084345220Z: [    8.967990] Freeing unused kernel memory: 1108K
[STDERR  ] 2018-05-12T17:07:40.084357966Z: [    9.934661] clocksource: Switched to clocksource tsc
[STDERR  ] 2018-05-12T17:07:40.084370662Z: 
[STDERR  ] 2018-05-12T17:07:40.084383449Z: Welcome to LinuxKit
[STDERR  ] 2018-05-12T17:07:40.084396156Z: 
[STDERR  ] 2018-05-12T17:07:40.084408333Z:                         ##         .
[STDERR  ] 2018-05-12T17:07:40.084420583Z:                   ## ## ##        ==
[STDERR  ] 2018-05-12T17:07:40.084433159Z:                ## ## ## ## ##    ===
[STDERR  ] 2018-05-12T17:07:40.084445475Z:            /"""""""""""""""""\___/ ===
[STDERR  ] 2018-05-12T17:07:40.084457815Z:           {                       /  ===-
[STDERR  ] 2018-05-12T17:07:40.084470229Z:            \______ O           __/
[STDERR  ] 2018-05-12T17:07:40.084483153Z:              \    \         __/
[STDERR  ] 2018-05-12T17:07:40.084495543Z:               \____\_______/
[STDERR  ] 2018-05-12T17:07:40.084519407Z: 
[STDERR  ] 2018-05-12T17:07:40.084533197Z: [   22.100444] raid6: sse2x1   gen()   469 MB/s
[STDERR  ] 2018-05-12T17:07:40.084545931Z: [   22.270605] raid6: sse2x1   xor()   235 MB/s
[STDERR  ] 2018-05-12T17:07:40.084561564Z: [   22.440464] raid6: sse2x2   gen()   414 MB/s
[STDERR  ] 2018-05-12T17:07:40.084575498Z: [   22.610371] raid6: sse2x2   xor()   281 MB/s
[STDERR  ] 2018-05-12T17:07:40.084587886Z: [   22.780404] raid6: sse2x4   gen()   490 MB/s
[STDERR  ] 2018-05-12T17:07:40.084605776Z: [   22.950398] raid6: sse2x4   xor()   298 MB/s
[STDERR  ] 2018-05-12T17:07:40.084618555Z: [   22.950931] raid6: using algorithm sse2x4 gen() 490 MB/s
[STDERR  ] 2018-05-12T17:07:40.084631308Z: [   22.951451] raid6: .... xor() 298 MB/s, rmw enabled
[STDERR  ] 2018-05-12T17:07:40.084643694Z: [   22.951949] raid6: using intx1 recovery algorithm
[STDERR  ] 2018-05-12T17:07:40.084656616Z: [   23.041171] xor: measuring software checksum speed
[STDERR  ] 2018-05-12T17:07:40.084673702Z: [   23.140426]    prefetch64-sse:   754.800 MB/sec
[STDERR  ] 2018-05-12T17:07:40.084686749Z: [   23.240304]    generic_sse:   728.800 MB/sec
[STDERR  ] 2018-05-12T17:07:40.084699878Z: [   23.240774] xor: using function: prefetch64-sse (754.800 MB/sec)
[STDERR  ] 2018-05-12T17:07:40.084712546Z: [   23.441065] Btrfs loaded, crc32c=crc32c-generic
[STDERR  ] 2018-05-12T17:07:40.084725295Z: [   23.987930] IPVS: ftp: loaded support on port[0] = 21
[STDERR  ] 2018-05-12T17:07:40.084738149Z: [   25.296749]  sda:
[STDERR  ] 2018-05-12T17:07:40.084751084Z: [   25.375970]  sda:
[STDERR  ] 2018-05-12T17:07:40.084764048Z: [   25.447050]  sda: sda1
[STDERR  ] 2018-05-12T17:07:40.084776829Z: [   25.541071]  sda: sda1
[STDERR  ] 2018-05-12T17:07:40.084792572Z: [   27.327141] BTRFS: device fsid e5310278-f54f-4ae7-9757-cb91adb40415 devid 1 transid 5 /dev/sda1
[STDERR  ] 2018-05-12T17:07:40.084817364Z: 2018/05/12 17:07:20 Creating partition on /dev/sda
[STDERR  ] 2018-05-12T17:07:40.084830715Z: 2018/05/12 17:07:22 Partition /dev/sda1 successfully created!
[STDERR  ] 2018-05-12T17:07:40.084843182Z: [   28.069468] IPVS: ftp: loaded support on port[0] = 21
[STDERR  ] 2018-05-12T17:07:40.084858574Z: [   29.266829] FAT-fs (sda1): utf8 is not a recommended IO charset for FAT filesystems, filesystem will be case sensitive!
[STDERR  ] 2018-05-12T17:07:40.084874145Z: [   29.272967] FAT-fs (sda1): utf8 is not a recommended IO charset for FAT filesystems, filesystem will be case sensitive!
[STDERR  ] 2018-05-12T17:07:40.084888850Z: [   29.277176] mount: sending ioctl 5310 to a partition!
[STDERR  ] 2018-05-12T17:07:40.084901531Z: [   29.315451] mount: sending ioctl 5310 to a partition!
[STDERR  ] 2018-05-12T17:07:40.084917388Z: [   29.352047] BTRFS info (device sda1): disk space caching is enabled
[STDERR  ] 2018-05-12T17:07:40.084930490Z: [   29.352459] BTRFS info (device sda1): has skinny extents
[STDERR  ] 2018-05-12T17:07:40.084943313Z: [   29.352670] BTRFS info (device sda1): flagging fs with big metadata feature
[STDERR  ] 2018-05-12T17:07:40.084956024Z: [   29.399562] BTRFS info (device sda1): creating UUID tree
[STDERR  ] 2018-05-12T17:07:40.084968754Z: format_mount test suite PASSED
[STDERR  ] 2018-05-12T17:07:40.084981340Z: [   43.932361] sd 0:0:0:0: [sda] Synchronizing SCSI cache
[STDERR  ] 2018-05-12T17:07:40.084994130Z: [   43.938755] sd 0:0:0:0: [sda] Stopping disk
[STDERR  ] 2018-05-12T17:07:40.085006850Z: [   43.943171] ACPI: Preparing to enter system sleep state S5
[STDERR  ] 2018-05-12T17:07:40.085019828Z: [   43.946262] reboot: Power down
[STDERR  ] 2018-05-12T17:07:40.085032760Z: + grep -q suite PASSED
[STDERR  ] 2018-05-12T17:07:40.085048497Z: + echo [    0.000000] Linux version 4.14.40-linuxkit (root@945c5b0ac955) (gcc version 6.4.0 (Alpine 6.4.0)) #1 SMP Thu May 10 10:06:57 UTC 2018
[STDERR  ] 2018-05-12T17:07:40.085063941Z: [    0.000000] Command line: console=ttyS0 console=ttyAMA0
[STDERR  ] 2018-05-12T17:07:40.085077131Z: [    0.000000] x86/fpu: x87 FPU will use FXSAVE
[STDERR  ] 2018-05-12T17:07:40.085090081Z: [    0.000000] e820: BIOS-provided physical RAM map:
[STDERR  ] 2018-05-12T17:07:40.085102961Z: [    0.000000] BIOS-e820: [mem 0x0000000000000000-0x000000000009fbff] usable
[STDERR  ] 2018-05-12T17:07:40.085115864Z: [    0.000000] BIOS-e820: [mem 0x000000000009fc00-0x000000000009ffff] reserved
[STDERR  ] 2018-05-12T17:07:40.085129461Z: [    0.000000] BIOS-e820: [mem 0x00000000000f0000-0x00000000000fffff] reserved
[STDERR  ] 2018-05-12T17:07:40.085142361Z: [    0.000000] BIOS-e820: [mem 0x0000000000100000-0x000000003ffdefff] usable
[STDERR  ] 2018-05-12T17:07:40.085160251Z: [    0.000000] BIOS-e820: [mem 0x000000003ffdf000-0x000000003fffffff] reserved
[STDERR  ] 2018-05-12T17:07:40.085173584Z: [    0.000000] BIOS-e820: [mem 0x00000000b0000000-0x00000000bfffffff] reserved
[STDERR  ] 2018-05-12T17:07:40.085186254Z: [    0.000000] BIOS-e820: [mem 0x00000000fed1c000-0x00000000fed1ffff] reserved
[STDERR  ] 2018-05-12T17:07:40.085199156Z: [    0.000000] BIOS-e820: [mem 0x00000000fffc0000-0x00000000ffffffff] reserved
[STDERR  ] 2018-05-12T17:07:40.085216080Z: [    0.000000] NX (Execute Disable) protection: active
[STDERR  ] 2018-05-12T17:07:40.085229587Z: [    0.000000] SMBIOS 2.8 present.
[STDERR  ] 2018-05-12T17:07:40.085242203Z: [    0.000000] DMI: QEMU Standard PC (Q35 + ICH9, 2009), BIOS rel-1.10.2-0-g5f4c7b1-prebuilt.qemu-project.org 04/01/2014
[STDERR  ] 2018-05-12T17:07:40.085257095Z: [    0.000000] tsc: Fast TSC calibration using PIT
[STDERR  ] 2018-05-12T17:07:40.085269646Z: [    0.000000] e820: last_pfn = 0x3ffdf max_arch_pfn = 0x400000000
[STDERR  ] 2018-05-12T17:07:40.085282255Z: [    0.000000] x86/PAT: Configuration [0-7]: WB  WC  UC- UC  WB  WP  UC- WT  
[STDERR  ] 2018-05-12T17:07:40.085298525Z: [    0.000000] found SMP MP-table at [mem 0x000f6aa0-0x000f6aaf] mapped at [ffffffffff200aa0]
[STDERR  ] 2018-05-12T17:07:40.085311940Z: [    0.000000] RAMDISK: [mem 0x3dc14000-0x3ffcffff]
[STDERR  ] 2018-05-12T17:07:40.085329995Z: [    0.000000] ACPI: Early table checksum verification disabled
[STDERR  ] 2018-05-12T17:07:40.085342996Z: [    0.000000] ACPI: RSDP 0x00000000000F68B0 000014 (v00 BOCHS )
[STDERR  ] 2018-05-12T17:07:40.085355885Z: [    0.000000] ACPI: RSDT 0x000000003FFE20A8 000034 (v01 BOCHS  BXPCRSDT 00000001 BXPC 00000001)
[STDERR  ] 2018-05-12T17:07:40.085372337Z: [    0.000000] ACPI: FACP 0x000000003FFE1EC8 0000F4 (v03 BOCHS  BXPCFACP 00000001 BXPC 00000001)
[STDERR  ] 2018-05-12T17:07:40.085385425Z: [    0.000000] ACPI: DSDT 0x000000003FFE0040 001E88 (v01 BOCHS  BXPCDSDT 00000001 BXPC 00000001)
[STDERR  ] 2018-05-12T17:07:40.085397962Z: [    0.000000] ACPI: FACS 0x000000003FFE0000 000040
[STDERR  ] 2018-05-12T17:07:40.085410602Z: [    0.000000] ACPI: APIC 0x000000003FFE1FBC 000078 (v01 BOCHS  BXPCAPIC 00000001 BXPC 00000001)
[STDERR  ] 2018-05-12T17:07:40.085423033Z: [    0.000000] ACPI: HPET 0x000000003FFE2034 000038 (v01 BOCHS  BXPCHPET 00000001 BXPC 00000001)
[STDERR  ] 2018-05-12T17:07:40.085435530Z: [    0.000000] ACPI: MCFG 0x000000003FFE206C 00003C (v01 BOCHS  BXPCMCFG 00000001 BXPC 00000001)
[STDERR  ] 2018-05-12T17:07:40.085448460Z: [    0.000000] Zone ranges:
[STDERR  ] 2018-05-12T17:07:40.085461076Z: [    0.000000]   DMA      [mem 0x0000000000001000-0x0000000000ffffff]
[STDERR  ] 2018-05-12T17:07:40.085473291Z: [    0.000000]   DMA32    [mem 0x0000000001000000-0x000000003ffdefff]
[STDERR  ] 2018-05-12T17:07:40.085485891Z: [    0.000000]   Normal   empty
[STDERR  ] 2018-05-12T17:07:40.085498451Z: [    0.000000]   Device   empty
[STDERR  ] 2018-05-12T17:07:40.085518807Z: [    0.000000] Movable zone start for each node
[STDERR  ] 2018-05-12T17:07:40.085531280Z: [    0.000000] Early memory node ranges
[STDERR  ] 2018-05-12T17:07:40.085543521Z: [    0.000000]   node   0: [mem 0x0000000000001000-0x000000000009efff]
[STDERR  ] 2018-05-12T17:07:40.085556442Z: [    0.000000]   node   0: [mem 0x0000000000100000-0x000000003ffdefff]
[STDERR  ] 2018-05-12T17:07:40.085569196Z: [    0.000000] Initmem setup node 0 [mem 0x0000000000001000-0x000000003ffdefff]
[STDERR  ] 2018-05-12T17:07:40.085581766Z: [    0.000000] ACPI: PM-Timer IO Port: 0x608
[STDERR  ] 2018-05-12T17:07:40.085597146Z: [    0.000000] ACPI: LAPIC_NMI (acpi_id[0xff] dfl dfl lint[0x1])
[STDERR  ] 2018-05-12T17:07:40.085610284Z: [    0.000000] IOAPIC[0]: apic_id 0, version 32, address 0xfec00000, GSI 0-23
[STDERR  ] 2018-05-12T17:07:40.085623899Z: [    0.000000] ACPI: INT_SRC_OVR (bus 0 bus_irq 0 global_irq 2 dfl dfl)
[STDERR  ] 2018-05-12T17:07:40.085636546Z: [    0.000000] ACPI: INT_SRC_OVR (bus 0 bus_irq 5 global_irq 5 high level)
[STDERR  ] 2018-05-12T17:07:40.085657580Z: [    0.000000] ACPI: INT_SRC_OVR (bus 0 bus_irq 9 global_irq 9 high level)
[STDERR  ] 2018-05-12T17:07:40.085670392Z: [    0.000000] ACPI: INT_SRC_OVR (bus 0 bus_irq 10 global_irq 10 high level)
[STDERR  ] 2018-05-12T17:07:40.085685815Z: [    0.000000] ACPI: INT_SRC_OVR (bus 0 bus_irq 11 global_irq 11 high level)
[STDERR  ] 2018-05-12T17:07:40.085698915Z: [    0.000000] Using ACPI (MADT) for SMP configuration information
[STDERR  ] 2018-05-12T17:07:40.085711657Z: [    0.000000] ACPI: HPET id: 0x8086a201 base: 0xfed00000
[STDERR  ] 2018-05-12T17:07:40.085731834Z: [    0.000000] smpboot: Allowing 1 CPUs, 0 hotplug CPUs
[STDERR  ] 2018-05-12T17:07:40.085745161Z: [    0.000000] e820: [mem 0x40000000-0xafffffff] available for PCI devices
[STDERR  ] 2018-05-12T17:07:40.085758192Z: [    0.000000] Booting paravirtualized kernel on bare hardware
[STDERR  ] 2018-05-12T17:07:40.085771044Z: [    0.000000] clocksource: refined-jiffies: mask: 0xffffffff max_cycles: 0xffffffff, max_idle_ns: 19112604462750000 ns
[STDERR  ] 2018-05-12T17:07:40.085785167Z: [    0.000000] random: get_random_bytes called from start_kernel+0x92/0x4c8 with crng_init=0
[STDERR  ] 2018-05-12T17:07:40.085798730Z: [    0.000000] setup_percpu: NR_CPUS:128 nr_cpumask_bits:128 nr_cpu_ids:1 nr_node_ids:1
[STDERR  ] 2018-05-12T17:07:40.085812099Z: [    0.000000] percpu: Embedded 44 pages/cpu @ffff8ee2bda00000 s143256 r8192 d28776 u2097152
[STDERR  ] 2018-05-12T17:07:40.085827772Z: [    0.000000] Built 1 zonelists, mobility grouping on.  Total pages: 257896
[STDERR  ] 2018-05-12T17:07:40.085841282Z: [    0.000000] Kernel command line: console=ttyS0 console=ttyAMA0
[STDERR  ] 2018-05-12T17:07:40.085854294Z: [    0.000000] PID hash table entries: 4096 (order: 3, 32768 bytes)
[STDERR  ] 2018-05-12T17:07:40.085867214Z: [    0.000000] Dentry cache hash table entries: 131072 (order: 8, 1048576 bytes)
[STDERR  ] 2018-05-12T17:07:40.085879916Z: [    0.000000] Inode-cache hash table entries: 65536 (order: 7, 524288 bytes)
