[INFO    ] 2017-07-10T15:39:22.684513344Z: Running Test linuxkit.packages.sysctl in /tmp/build/test/cases/040_packages/019_sysctl
[INFO    ] 2017-07-10T15:39:22.684584186Z: Running command: [/bin/sh -x /tmp/build/test/cases/040_packages/019_sysctl/test.sh]
[STDERR  ] 2017-07-10T15:39:22.701603922Z: + set -e
[STDERR  ] 2017-07-10T15:39:22.701617814Z: + . /tmp/build/test/cases/_lib/lib.sh
[STDERR  ] 2017-07-10T15:39:22.701624655Z: + [ -f src/github.com/linuxkit/rtf/lib/lib.sh ]
[STDERR  ] 2017-07-10T15:39:22.701627782Z: + LINUXKIT_TMPDIR=/tmp/build/test/cases/_tmp
[STDERR  ] 2017-07-10T15:39:22.701634064Z: + [ -f /tmp/build/test/cases/_tmp/env.sh ]
[STDERR  ] 2017-07-10T15:39:22.701643811Z: + . /tmp/build/test/cases/_tmp/env.sh
[STDERR  ] 2017-07-10T15:39:22.701653605Z: + export LINUXKIT_EXAMPLES_DIR=/tmp/build/test/cases/../../examples
[STDERR  ] 2017-07-10T15:39:22.701661419Z: + export LINUXKIT_BLUEPRINTS_DIR=/tmp/build/test/cases/../../blueprints
[STDERR  ] 2017-07-10T15:39:22.701668716Z: + RT_CANCEL=253
[STDERR  ] 2017-07-10T15:39:22.701675045Z: + trap clean_up EXIT
[STDERR  ] 2017-07-10T15:39:22.701681381Z: + moby build -output kernel+initrd test-sysctl.yml
[STDERR  ] 2017-07-10T15:39:22.723433208Z: Extract kernel image: linuxkit/kernel:4.9.36
[STDERR  ] 2017-07-10T15:39:24.235231803Z: Add init containers:
[STDERR  ] 2017-07-10T15:39:24.235245582Z: Process init image: linuxkit/init:14a38303ee9dcb4541c00e2b87404befc1ba2083
[STDERR  ] 2017-07-10T15:39:25.51957782Z: Process init image: linuxkit/runc:2310ad9d266cf5d9c4d07613bd2135ed7eb8a21f
[STDERR  ] 2017-07-10T15:39:26.809660796Z: Process init image: linuxkit/containerd:c977f27c234d55b85172813b8451f67ea86be4a3
[STDERR  ] 2017-07-10T15:39:28.326776429Z: Add onboot containers:
[STDERR  ] 2017-07-10T15:39:28.326798486Z:   Create OCI config for linuxkit/sysctl:d1a43c7c91e92374766f962dc8534cf9508756b0
[STDERR  ] 2017-07-10T15:39:29.648462622Z:   Create OCI config for alpine:3.6
[STDERR  ] 2017-07-10T15:39:31.060538667Z:   Create OCI config for linuxkit/poweroff:bce51402e293da0b653923a43c3c7be6e0effa05
[STDERR  ] 2017-07-10T15:39:32.265158123Z: Add files:
[STDERR  ] 2017-07-10T15:39:32.265269923Z:   check.sh
[STDERR  ] 2017-07-10T15:39:32.289126705Z: Create outputs:
[STDERR  ] 2017-07-10T15:39:40.616761344Z:   test-sysctl-kernel test-sysctl-initrd.img test-sysctl-cmdline
[STDERR  ] 2017-07-10T15:39:40.688496159Z: + linuxkit run test-sysctl
[STDERR  ] 2017-07-10T15:39:40.707857369Z: Unable to find qemu-system-x86_64 within the $PATH. Using a container
[STDERR  ] 2017-07-10T15:40:15.374919319Z: + RESULT=[    0.000000] Linux version 4.9.36-linuxkit (root@e1ede117fb1e) (gcc version 6.3.0 (Alpine 6.3.0) ) #1 SMP Fri Jul 7 17:27:59 UTC 2017
[STDERR  ] 2017-07-10T15:40:15.374938162Z: [    0.000000] Command line: console=ttyS0 page_poison=1
[STDERR  ] 2017-07-10T15:40:15.374946278Z: [    0.000000] x86/fpu: Legacy x87 FPU detected.
[STDERR  ] 2017-07-10T15:40:15.374952973Z: [    0.000000] x86/fpu: Using 'eager' FPU context switches.
[STDERR  ] 2017-07-10T15:40:15.374970425Z: [    0.000000] e820: BIOS-provided physical RAM map:
[STDERR  ] 2017-07-10T15:40:15.374977915Z: [    0.000000] BIOS-e820: [mem 0x0000000000000000-0x000000000009fbff] usable
[STDERR  ] 2017-07-10T15:40:15.374984988Z: [    0.000000] BIOS-e820: [mem 0x000000000009fc00-0x000000000009ffff] reserved
[STDERR  ] 2017-07-10T15:40:15.374991488Z: [    0.000000] BIOS-e820: [mem 0x00000000000f0000-0x00000000000fffff] reserved
[STDERR  ] 2017-07-10T15:40:15.374995066Z: [    0.000000] BIOS-e820: [mem 0x0000000000100000-0x000000003ffdefff] usable
[STDERR  ] 2017-07-10T15:40:15.375004492Z: [    0.000000] BIOS-e820: [mem 0x000000003ffdf000-0x000000003fffffff] reserved
[STDERR  ] 2017-07-10T15:40:15.37501092Z: [    0.000000] BIOS-e820: [mem 0x00000000b0000000-0x00000000bfffffff] reserved
[STDERR  ] 2017-07-10T15:40:15.37502107Z: [    0.000000] BIOS-e820: [mem 0x00000000fed1c000-0x00000000fed1ffff] reserved
[STDERR  ] 2017-07-10T15:40:15.375042422Z: [    0.000000] BIOS-e820: [mem 0x00000000fffc0000-0x00000000ffffffff] reserved
[STDERR  ] 2017-07-10T15:40:15.375045873Z: [    0.000000] NX (Execute Disable) protection: active
[STDERR  ] 2017-07-10T15:40:15.375064718Z: [    0.000000] SMBIOS 2.8 present.
[STDERR  ] 2017-07-10T15:40:15.375070979Z: [    0.000000] e820: last_pfn = 0x3ffdf max_arch_pfn = 0x400000000
[STDERR  ] 2017-07-10T15:40:15.375077562Z: [    0.000000] x86/PAT: Configuration [0-7]: WB  WC  UC- UC  WB  WC  UC- WT  
[STDERR  ] 2017-07-10T15:40:15.375080518Z: [    0.000000] found SMP MP-table at [mem 0x000f6aa0-0x000f6aaf] mapped at [ffff8e44c00f6aa0]
[STDERR  ] 2017-07-10T15:40:15.375090398Z: [    0.000000] RAMDISK: [mem 0x3d784000-0x3ffcffff]
[STDERR  ] 2017-07-10T15:40:15.375097922Z: [    0.000000] ACPI: Early table checksum verification disabled
[STDERR  ] 2017-07-10T15:40:15.375104788Z: [    0.000000] ACPI: RSDP 0x00000000000F68C0 000014 (v00 BOCHS )
[STDERR  ] 2017-07-10T15:40:15.375107988Z: [    0.000000] ACPI: RSDT 0x000000003FFE2404 000034 (v01 BOCHS  BXPCRSDT 00000001 BXPC 00000001)
[STDERR  ] 2017-07-10T15:40:15.375125119Z: [    0.000000] ACPI: FACP 0x000000003FFE22A4 000074 (v01 BOCHS  BXPCFACP 00000001 BXPC 00000001)
[STDERR  ] 2017-07-10T15:40:15.375128449Z: [    0.000000] ACPI: DSDT 0x000000003FFE0040 002264 (v01 BOCHS  BXPCDSDT 00000001 BXPC 00000001)
[STDERR  ] 2017-07-10T15:40:15.375135025Z: [    0.000000] ACPI: FACS 0x000000003FFE0000 000040
[STDERR  ] 2017-07-10T15:40:15.375144335Z: [    0.000000] ACPI: APIC 0x000000003FFE2318 000078 (v01 BOCHS  BXPCAPIC 00000001 BXPC 00000001)
[STDERR  ] 2017-07-10T15:40:15.375159487Z: [    0.000000] ACPI: HPET 0x000000003FFE2390 000038 (v01 BOCHS  BXPCHPET 00000001 BXPC 00000001)
[STDERR  ] 2017-07-10T15:40:15.375165435Z: [    0.000000] ACPI: MCFG 0x000000003FFE23C8 00003C (v01 BOCHS  BXPCMCFG 00000001 BXPC 00000001)
[STDERR  ] 2017-07-10T15:40:15.375177204Z: [    0.000000] Zone ranges:
[STDERR  ] 2017-07-10T15:40:15.375182985Z: [    0.000000]   DMA      [mem 0x0000000000001000-0x0000000000ffffff]
[STDERR  ] 2017-07-10T15:40:15.375185911Z: [    0.000000]   DMA32    [mem 0x0000000001000000-0x000000003ffdefff]
[STDERR  ] 2017-07-10T15:40:15.375191241Z: [    0.000000]   Normal   empty
[STDERR  ] 2017-07-10T15:40:15.375199908Z: [    0.000000] Movable zone start for each node
[STDERR  ] 2017-07-10T15:40:15.375205397Z: [    0.000000] Early memory node ranges
[STDERR  ] 2017-07-10T15:40:15.375210755Z: [    0.000000]   node   0: [mem 0x0000000000001000-0x000000000009efff]
[STDERR  ] 2017-07-10T15:40:15.375213638Z: [    0.000000]   node   0: [mem 0x0000000000100000-0x000000003ffdefff]
[STDERR  ] 2017-07-10T15:40:15.375219222Z: [    0.000000] Initmem setup node 0 [mem 0x0000000000001000-0x000000003ffdefff]
[STDERR  ] 2017-07-10T15:40:15.375230955Z: [    0.000000] ACPI: PM-Timer IO Port: 0x608
[STDERR  ] 2017-07-10T15:40:15.375236971Z: [    0.000000] ACPI: LAPIC_NMI (acpi_id[0xff] dfl dfl lint[0x1])
[STDERR  ] 2017-07-10T15:40:15.375246175Z: [    0.000000] IOAPIC[0]: apic_id 0, version 32, address 0xfec00000, GSI 0-23
[STDERR  ] 2017-07-10T15:40:15.375254287Z: [    0.000000] ACPI: INT_SRC_OVR (bus 0 bus_irq 0 global_irq 2 dfl dfl)
[STDERR  ] 2017-07-10T15:40:15.375259744Z: [    0.000000] ACPI: INT_SRC_OVR (bus 0 bus_irq 5 global_irq 5 high level)
[STDERR  ] 2017-07-10T15:40:15.375265199Z: [    0.000000] ACPI: INT_SRC_OVR (bus 0 bus_irq 9 global_irq 9 high level)
[STDERR  ] 2017-07-10T15:40:15.375270631Z: [    0.000000] ACPI: INT_SRC_OVR (bus 0 bus_irq 10 global_irq 10 high level)
[STDERR  ] 2017-07-10T15:40:15.375276288Z: [    0.000000] ACPI: INT_SRC_OVR (bus 0 bus_irq 11 global_irq 11 high level)
[STDERR  ] 2017-07-10T15:40:15.375281997Z: [    0.000000] Using ACPI (MADT) for SMP configuration information
[STDERR  ] 2017-07-10T15:40:15.375286048Z: [    0.000000] ACPI: HPET id: 0x8086a201 base: 0xfed00000
[STDERR  ] 2017-07-10T15:40:15.375299654Z: [    0.000000] smpboot: Allowing 1 CPUs, 0 hotplug CPUs
[STDERR  ] 2017-07-10T15:40:15.375305685Z: [    0.000000] e820: [mem 0x40000000-0xafffffff] available for PCI devices
[STDERR  ] 2017-07-10T15:40:15.375308478Z: [    0.000000] Booting paravirtualized kernel on bare hardware
[STDERR  ] 2017-07-10T15:40:15.375328038Z: [    0.000000] clocksource: refined-jiffies: mask: 0xffffffff max_cycles: 0xffffffff, max_idle_ns: 19112604462750000 ns
[STDERR  ] 2017-07-10T15:40:15.375331421Z: [    0.000000] setup_percpu: NR_CPUS:128 nr_cpumask_bits:128 nr_cpu_ids:1 nr_node_ids:1
[STDERR  ] 2017-07-10T15:40:15.375343145Z: [    0.000000] percpu: Embedded 35 pages/cpu @ffff8e44fd400000 s105112 r8192 d30056 u2097152
[STDERR  ] 2017-07-10T15:40:15.375345947Z: [    0.000000] Built 1 zonelists in Zone order, mobility grouping on.  Total pages: 257896
[STDERR  ] 2017-07-10T15:40:15.375354508Z: [    0.000000] Kernel command line: console=ttyS0 page_poison=1
[STDERR  ] 2017-07-10T15:40:15.375360467Z: [    0.000000] PID hash table entries: 4096 (order: 3, 32768 bytes)
[STDERR  ] 2017-07-10T15:40:15.375366212Z: [    0.000000] Dentry cache hash table entries: 131072 (order: 8, 1048576 bytes)
[STDERR  ] 2017-07-10T15:40:15.375377137Z: [    0.000000] Inode-cache hash table entries: 65536 (order: 7, 524288 bytes)
[STDERR  ] 2017-07-10T15:40:15.375381342Z: [    0.000000] Memory: 972916K/1048052K available (8019K kernel code, 1366K rwdata, 2692K rodata, 1372K init, 568K bss, 75136K reserved, 0K cma-reserved)
[STDERR  ] 2017-07-10T15:40:15.375390898Z: [    0.000000] Hierarchical RCU implementation.
[STDERR  ] 2017-07-10T15:40:15.375399169Z: [    0.000000] 	Build-time adjustment of leaf fanout to 64.
[STDERR  ] 2017-07-10T15:40:15.375405465Z: [    0.000000] 	RCU restricting CPUs from NR_CPUS=128 to nr_cpu_ids=1.
[STDERR  ] 2017-07-10T15:40:15.375417381Z: [    0.000000] RCU: Adjusting geometry for rcu_fanout_leaf=64, nr_cpu_ids=1
[STDERR  ] 2017-07-10T15:40:15.375420191Z: [    0.000000] NR_IRQS:8448 nr_irqs:256 16
[STDERR  ] 2017-07-10T15:40:15.375429329Z: [    0.000000] Console: colour VGA+ 80x25
[STDERR  ] 2017-07-10T15:40:15.375438279Z: [    0.000000] console [ttyS0] enabled
[STDERR  ] 2017-07-10T15:40:15.375447155Z: [    0.000000] allocated 2097152 bytes of page_ext
[STDERR  ] 2017-07-10T15:40:15.375455472Z: [    0.000000] clocksource: hpet: mask: 0xffffffff max_cycles: 0xffffffff, max_idle_ns: 19112604467 ns
[STDERR  ] 2017-07-10T15:40:15.375464222Z: [    0.000000] tsc: Fast TSC calibration using PIT
[STDERR  ] 2017-07-10T15:40:15.375472659Z: [    0.000000] tsc: Detected 2600.021 MHz processor
[STDERR  ] 2017-07-10T15:40:15.375481917Z: [    0.022263] Calibrating delay loop (skipped), value calculated using timer frequency.. 5200.04 BogoMIPS (lpj=26000210)
[STDERR  ] 2017-07-10T15:40:15.375490831Z: [    0.030281] pid_max: default: 32768 minimum: 301
[STDERR  ] 2017-07-10T15:40:15.375500005Z: [    0.031425] ACPI: Core revision 20160831
[STDERR  ] 2017-07-10T15:40:15.375505058Z: [    0.075053] ACPI: 1 ACPI AML tables successfully acquired and loaded
[STDERR  ] 2017-07-10T15:40:15.375513989Z: [    0.080270] Security Framework initialized
[STDERR  ] 2017-07-10T15:40:15.375530868Z: [    0.080755] Yama: becoming mindful.
[STDERR  ] 2017-07-10T15:40:15.375539228Z: [    0.082800] Mount-cache hash table entries: 2048 (order: 2, 16384 bytes)
[STDERR  ] 2017-07-10T15:40:15.375549903Z: [    0.083417] Mountpoint-cache hash table entries: 2048 (order: 2, 16384 bytes)
[STDERR  ] 2017-07-10T15:40:15.375562481Z: [    0.102670] Last level iTLB entries: 4KB 0, 2MB 0, 4MB 0
[STDERR  ] 2017-07-10T15:40:15.375568133Z: [    0.103292] Last level dTLB entries: 4KB 0, 2MB 0, 4MB 0, 1GB 0
[STDERR  ] 2017-07-10T15:40:15.375573728Z: [    0.401410] Freeing SMP alternatives memory: 20K (ffffffff8eeae000 - ffffffff8eeb3000)
[STDERR  ] 2017-07-10T15:40:15.375576707Z: [    0.412065] ftrace: allocating 35428 entries in 139 pages
[STDERR  ] 2017-07-10T15:40:15.375582137Z: [    0.568723] smpboot: Max logical packages: 1
[STDERR  ] 2017-07-10T15:40:15.375591613Z: [    0.575943] ..TIMER: vector=0x30 apic1=0 pin1=2 apic2=-1 pin2=-1
[STDERR  ] 2017-07-10T15:40:15.375597367Z: [    0.680000] smpboot: CPU0: AMD QEMU Virtual CPU version 2.5+ (family: 0x6, model: 0x6, stepping: 0x3)
[STDERR  ] 2017-07-10T15:40:15.375603011Z: [    0.680000] Performance Events: PMU not available due to virtualization, using software events only.
[STDERR  ] 2017-07-10T15:40:15.375615218Z: [    0.688892] NMI watchdog: disabled (cpu0): hardware events not enabled
[STDERR  ] 2017-07-10T15:40:15.375621346Z: [    0.689393] NMI watchdog: Shutting down hard lockup detector on all cpus
[STDOUT  ] 2017-07-10T15:40:15.375630021Z: [    0.000000] Linux version 4.9.36-linuxkit (root@e1ede117fb1e) (gcc version 6.3.0 (Alpine 6.3.0) ) #1 SMP Fri Jul 7 17:27:59 UTC 2017
[STDERR  ] 2017-07-10T15:40:15.375631207Z: [    0.693475] x86: Booted up 1 node, 1 CPUs
[STDOUT  ] 2017-07-10T15:40:15.375638586Z: [    0.000000] Command line: console=ttyS0 page_poison=1
[STDERR  ] 2017-07-10T15:40:15.375644204Z: [    0.693864] smpboot: Total of 1 processors activated (5200.04 BogoMIPS)
[STDOUT  ] 2017-07-10T15:40:15.375651783Z: [    0.000000] x86/fpu: Legacy x87 FPU detected.
[STDERR  ] 2017-07-10T15:40:15.375656898Z: [    0.708002] devtmpfs: initialized
[STDERR  ] 2017-07-10T15:40:15.375666426Z: [    0.713450] x86/mm: Memory block size: 128MB
[STDOUT  ] 2017-07-10T15:40:15.375668188Z: [    0.000000] x86/fpu: Using 'eager' FPU context switches.
[STDOUT  ] 2017-07-10T15:40:15.375672116Z: [    0.000000] e820: BIOS-provided physical RAM map:
[STDERR  ] 2017-07-10T15:40:15.375673263Z: [    0.776642] clocksource: jiffies: mask: 0xffffffff max_cycles: 0xffffffff, max_idle_ns: 19112604462750000 ns
[STDERR  ] 2017-07-10T15:40:15.375687446Z: [    0.777658] futex hash table entries: 256 (order: 2, 16384 bytes)
[STDERR  ] 2017-07-10T15:40:15.375690713Z: [    0.786819] NET: Registered protocol family 16
[STDOUT  ] 2017-07-10T15:40:15.375703403Z: [    0.000000] BIOS-e820: [mem 0x0000000000000000-0x000000000009fbff] usable
[STDERR  ] 2017-07-10T15:40:15.375705528Z: [    0.796502] cpuidle: using governor ladder
[STDOUT  ] 2017-07-10T15:40:15.375708194Z: [    0.000000] BIOS-e820: [mem 0x000000000009fc00-0x000000000009ffff] reserved
[STDERR  ] 2017-07-10T15:40:15.375718104Z: [    0.797112] cpuidle: using governor menu
[STDOUT  ] 2017-07-10T15:40:15.375721713Z: [    0.000000] BIOS-e820: [mem 0x00000000000f0000-0x00000000000fffff] reserved
[STDERR  ] 2017-07-10T15:40:15.375725464Z: [    0.798412] ACPI: bus type PCI registered
[STDOUT  ] 2017-07-10T15:40:15.375731753Z: [    0.000000] BIOS-e820: [mem 0x0000000000100000-0x000000003ffdefff] usable
[STDERR  ] 2017-07-10T15:40:15.375735178Z: [    0.803205] PCI: MMCONFIG for domain 0000 [bus 00-ff] at [mem 0xb0000000-0xbfffffff] (base 0xb0000000)
[STDOUT  ] 2017-07-10T15:40:15.375738956Z: [    0.000000] BIOS-e820: [mem 0x000000003ffdf000-0x000000003fffffff] reserved
[STDERR  ] 2017-07-10T15:40:15.375743081Z: [    0.803964] PCI: MMCONFIG at [mem 0xb0000000-0xbfffffff] reserved in E820
[STDERR  ] 2017-07-10T15:40:15.375747083Z: [    0.805353] PCI: Using configuration type 1 for base access
[STDOUT  ] 2017-07-10T15:40:15.375748466Z: [    0.000000] BIOS-e820: [mem 0x00000000b0000000-0x00000000bfffffff] reserved
[STDERR  ] 2017-07-10T15:40:15.375753601Z: [    0.862012] HugeTLB registered 2 MB page size, pre-allocated 0 pages
[STDOUT  ] 2017-07-10T15:40:15.375760324Z: [    0.000000] BIOS-e820: [mem 0x00000000fed1c000-0x00000000fed1ffff] reserved
[STDERR  ] 2017-07-10T15:40:15.375769086Z: [    0.876822] ACPI: Added _OSI(Module Device)
[STDOUT  ] 2017-07-10T15:40:15.37577202Z: [    0.000000] BIOS-e820: [mem 0x00000000fffc0000-0x00000000ffffffff] reserved
[STDERR  ] 2017-07-10T15:40:15.375776446Z: [    0.877257] ACPI: Added _OSI(Processor Device)
[STDOUT  ] 2017-07-10T15:40:15.375777778Z: [    0.000000] NX (Execute Disable) protection: active
[STDERR  ] 2017-07-10T15:40:15.375783088Z: [    0.877576] ACPI: Added _OSI(3.0 _SCP Extensions)
[STDOUT  ] 2017-07-10T15:40:15.375788278Z: [    0.000000] SMBIOS 2.8 present.
[STDERR  ] 2017-07-10T15:40:15.375792961Z: [    0.877907] ACPI: Added _OSI(Processor Aggregator Device)
[STDOUT  ] 2017-07-10T15:40:15.375798934Z: [    0.000000] e820: last_pfn = 0x3ffdf max_arch_pfn = 0x400000000
[STDERR  ] 2017-07-10T15:40:15.375802197Z: [    0.951087] ACPI: Interpreter enabled
[STDOUT  ] 2017-07-10T15:40:15.375806351Z: [    0.000000] x86/PAT: Configuration [0-7]: WB  WC  UC- UC  WB  WC  UC- WT  
[STDERR  ] 2017-07-10T15:40:15.375814074Z: [    0.952106] ACPI: (supports S0 S5)
[STDOUT  ] 2017-07-10T15:40:15.37581643Z: [    0.000000] found SMP MP-table at [mem 0x000f6aa0-0x000f6aaf] mapped at [ffff8e44c00f6aa0]
[STDERR  ] 2017-07-10T15:40:15.375818101Z: [    0.952403] ACPI: Using IOAPIC for interrupt routing
[STDOUT  ] 2017-07-10T15:40:15.375823451Z: [    0.000000] RAMDISK: [mem 0x3d784000-0x3ffcffff]
[STDERR  ] 2017-07-10T15:40:15.375826428Z: [    0.955185] PCI: Using host bridge windows from ACPI; if necessary, use "pci=nocrs" and report a bug
[STDOUT  ] 2017-07-10T15:40:15.37582735Z: [    0.000000] ACPI: Early table checksum verification disabled
[STDOUT  ] 2017-07-10T15:40:15.37583678Z: [    0.000000] ACPI: RSDP 0x00000000000F68C0 000014 (v00 BOCHS )
[STDERR  ] 2017-07-10T15:40:15.375838527Z: [    1.020184] ACPI: PCI Root Bridge [PCI0] (domain 0000 [bus 00-ff])
[STDERR  ] 2017-07-10T15:40:15.375846556Z: [    1.021418] acpi PNP0A08:00: _OSC: OS supports [ExtendedConfig ASPM ClockPM Segments MSI]
[STDOUT  ] 2017-07-10T15:40:15.375848477Z: [    0.000000] ACPI: RSDT 0x000000003FFE2404 000034 (v01 BOCHS  BXPCRSDT 00000001 BXPC 00000001)
[STDOUT  ] 2017-07-10T15:40:15.37585255Z: [    0.000000] ACPI: FACP 0x000000003FFE22A4 000074 (v01 BOCHS  BXPCFACP 00000001 BXPC 00000001)
[STDERR  ] 2017-07-10T15:40:15.375853477Z: [    1.028549] acpi PNP0A08:00: _OSC: OS now controls [PCIeHotplug PME PCIeCapability]
[STDERR  ] 2017-07-10T15:40:15.375857843Z: [    1.032603] PCI host bridge to bus 0000:00
[STDOUT  ] 2017-07-10T15:40:15.375867954Z: [    0.000000] ACPI: DSDT 0x000000003FFE0040 002264 (v01 BOCHS  BXPCDSDT 00000001 BXPC 00000001)
[STDERR  ] 2017-07-10T15:40:15.375869778Z: [    1.033085] pci_bus 0000:00: root bus resource [io  0x0000-0x0cf7 window]
[STDOUT  ] 2017-07-10T15:40:15.375872096Z: [    0.000000] ACPI: FACS 0x000000003FFE0000 000040
[STDERR  ] 2017-07-10T15:40:15.375874474Z: [    1.033522] pci_bus 0000:00: root bus resource [io  0x0d00-0xffff window]
[STDOUT  ] 2017-07-10T15:40:15.375884164Z: [    0.000000] ACPI: APIC 0x000000003FFE2318 000078 (v01 BOCHS  BXPCAPIC 00000001 BXPC 00000001)
[STDOUT  ] 2017-07-10T15:40:15.375888Z: [    0.000000] ACPI: HPET 0x000000003FFE2390 000038 (v01 BOCHS  BXPCHPET 00000001 BXPC 00000001)
[STDERR  ] 2017-07-10T15:40:15.375887863Z: [    1.034035] pci_bus 0000:00: root bus resource [mem 0x000a0000-0x000bffff window]
[STDOUT  ] 2017-07-10T15:40:15.375894827Z: [    0.000000] ACPI: MCFG 0x000000003FFE23C8 00003C (v01 BOCHS  BXPCMCFG 00000001 BXPC 00000001)
[STDOUT  ] 2017-07-10T15:40:15.375906133Z: [    0.000000] Zone ranges:
[STDERR  ] 2017-07-10T15:40:15.375901108Z: [    1.034575] pci_bus 0000:00: root bus resource [mem 0xc0000000-0xfebfffff window]
[STDOUT  ] 2017-07-10T15:40:15.375912071Z: [    0.000000]   DMA      [mem 0x0000000000001000-0x0000000000ffffff]
[STDERR  ] 2017-07-10T15:40:15.375916887Z: [    1.035332] pci_bus 0000:00: root bus resource [bus 00-ff]
[STDOUT  ] 2017-07-10T15:40:15.375919787Z: [    0.000000]   DMA32    [mem 0x0000000001000000-0x000000003ffdefff]
[STDERR  ] 2017-07-10T15:40:15.37592432Z: [    1.126213] pci 0000:00:1f.0: quirk: [io  0x0600-0x067f] claimed by ICH6 ACPI/GPIO/TCO
[STDOUT  ] 2017-07-10T15:40:15.375927164Z: [    0.000000]   Normal   empty
[STDERR  ] 2017-07-10T15:40:15.375931923Z: [    1.191491] ACPI: PCI Interrupt Link [LNKA] (IRQs 5 *10 11)
[STDOUT  ] 2017-07-10T15:40:15.375934716Z: [    0.000000] Movable zone start for each node
[STDOUT  ] 2017-07-10T15:40:15.375938698Z: [    0.000000] Early memory node ranges
[STDERR  ] 2017-07-10T15:40:15.375939513Z: [    1.194920] ACPI: PCI Interrupt Link [LNKB] (IRQs 5 *10 11)
[STDERR  ] 2017-07-10T15:40:15.375947808Z: [    1.197089] ACPI: PCI Interrupt Link [LNKC] (IRQs 5 10 *11)
[STDOUT  ] 2017-07-10T15:40:15.375949648Z: [    0.000000]   node   0: [mem 0x0000000000001000-0x000000000009efff]
[STDERR  ] 2017-07-10T15:40:15.375958378Z: [    1.199126] ACPI: PCI Interrupt Link [LNKD] (IRQs 5 10 *11)
[STDOUT  ] 2017-07-10T15:40:15.375960181Z: [    0.000000]   node   0: [mem 0x0000000000100000-0x000000003ffdefff]
[STDERR  ] 2017-07-10T15:40:15.375975926Z: [    1.201891] ACPI: PCI Interrupt Link [LNKE] (IRQs 5 *10 11)
[STDOUT  ] 2017-07-10T15:40:15.375977666Z: [    0.000000] Initmem setup node 0 [mem 0x0000000000001000-0x000000003ffdefff]
[STDOUT  ] 2017-07-10T15:40:15.375984097Z: [    0.000000] ACPI: PM-Timer IO Port: 0x608
[STDERR  ] 2017-07-10T15:40:15.375985936Z: [    1.204224] ACPI: PCI Interrupt Link [LNKF] (IRQs 5 *10 11)
[STDERR  ] 2017-07-10T15:40:15.375990133Z: [    1.206069] ACPI: PCI Interrupt Link [LNKG] (IRQs 5 10 *11)
[STDOUT  ] 2017-07-10T15:40:15.375993836Z: [    0.000000] ACPI: LAPIC_NMI (acpi_id[0xff] dfl dfl lint[0x1])
[STDOUT  ] 2017-07-10T15:40:15.375997719Z: [    0.000000] IOAPIC[0]: apic_id 0, version 32, address 0xfec00000, GSI 0-23
[STDERR  ] 2017-07-10T15:40:15.376003083Z: [    1.208038] ACPI: PCI Interrupt Link [LNKH] (IRQs 5 10 *11)
[STDERR  ] 2017-07-10T15:40:15.376007005Z: [    1.209029] ACPI: PCI Interrupt Link [GSIA] (IRQs *16)
[STDOUT  ] 2017-07-10T15:40:15.376007965Z: [    0.000000] ACPI: INT_SRC_OVR (bus 0 bus_irq 0 global_irq 2 dfl dfl)
[STDOUT  ] 2017-07-10T15:40:15.376012132Z: [    0.000000] ACPI: INT_SRC_OVR (bus 0 bus_irq 5 global_irq 5 high level)
[STDERR  ] 2017-07-10T15:40:15.376019049Z: [    1.209840] ACPI: PCI Interrupt Link [GSIB] (IRQs *17)
[STDERR  ] 2017-07-10T15:40:15.376026889Z: [    1.210925] ACPI: PCI Interrupt Link [GSIC] (IRQs *18)
[STDERR  ] 2017-07-10T15:40:15.376029979Z: [    1.211731] ACPI: PCI Interrupt Link [GSID] (IRQs *19)
[STDOUT  ] 2017-07-10T15:40:15.376032333Z: [    0.000000] ACPI: INT_SRC_OVR (bus 0 bus_irq 9 global_irq 9 high level)
[STDERR  ] 2017-07-10T15:40:15.376036677Z: [    1.212548] ACPI: PCI Interrupt Link [GSIE] (IRQs *20)
[STDOUT  ] 2017-07-10T15:40:15.376039999Z: [    0.000000] ACPI: INT_SRC_OVR (bus 0 bus_irq 10 global_irq 10 high level)
[STDOUT  ] 2017-07-10T15:40:15.376047597Z: [    0.000000] ACPI: INT_SRC_OVR (bus 0 bus_irq 11 global_irq 11 high level)
[STDERR  ] 2017-07-10T15:40:15.37604949Z: [    1.213367] ACPI: PCI Interrupt Link [GSIF] (IRQs *21)
[STDOUT  ] 2017-07-10T15:40:15.376054316Z: [    0.000000] Using ACPI (MADT) for SMP configuration information
[STDERR  ] 2017-07-10T15:40:15.376056619Z: [    1.214157] ACPI: PCI Interrupt Link [GSIG] (IRQs *22)
[STDOUT  ] 2017-07-10T15:40:15.376061569Z: [    0.000000] ACPI: HPET id: 0x8086a201 base: 0xfed00000
[STDERR  ] 2017-07-10T15:40:15.37606363Z: [    1.215000] ACPI: PCI Interrupt Link [GSIH] (IRQs *23)
[STDERR  ] 2017-07-10T15:40:15.376067327Z: [    1.219980] ACPI: Enabled 2 GPEs in block 00 to 3F
[STDOUT  ] 2017-07-10T15:40:15.3760688Z: [    0.000000] smpboot: Allowing 1 CPUs, 0 hotplug CPUs
[STDOUT  ] 2017-07-10T15:40:15.376072636Z: [    0.000000] e820: [mem 0x40000000-0xafffffff] available for PCI devices
[STDERR  ] 2017-07-10T15:40:15.376077802Z: [    1.224153] SCSI subsystem initialized
[STDOUT  ] 2017-07-10T15:40:15.376080019Z: [    0.000000] Booting paravirtualized kernel on bare hardware
[STDERR  ] 2017-07-10T15:40:15.376083657Z: [    1.226168] ACPI: bus type USB registered
[STDOUT  ] 2017-07-10T15:40:15.376096387Z: [    0.000000] clocksource: refined-jiffies: mask: 0xffffffff max_cycles: 0xffffffff, max_idle_ns: 19112604462750000 ns
[STDERR  ] 2017-07-10T15:40:15.376100305Z: [    1.227362] usbcore: registered new interface driver usbfs
[STDOUT  ] 2017-07-10T15:40:15.3761074Z: [    0.000000] setup_percpu: NR_CPUS:128 nr_cpumask_bits:128 nr_cpu_ids:1 nr_node_ids:1
[STDOUT  ] 2017-07-10T15:40:15.376114935Z: [    0.000000] percpu: Embedded 35 pages/cpu @ffff8e44fd400000 s105112 r8192 d30056 u2097152
[STDOUT  ] 2017-07-10T15:40:15.376117999Z: [    0.000000] Built 1 zonelists in Zone order, mobility grouping on.  Total pages: 257896
[STDERR  ] 2017-07-10T15:40:15.376111159Z: [    1.228420] usbcore: registered new interface driver hub
[STDOUT  ] 2017-07-10T15:40:15.37612368Z: [    0.000000] Kernel command line: console=ttyS0 page_poison=1
[STDERR  ] 2017-07-10T15:40:15.376125889Z: [    1.230382] usbcore: registered new device driver usb
[STDOUT  ] 2017-07-10T15:40:15.376134773Z: [    0.000000] PID hash table entries: 4096 (order: 3, 32768 bytes)
[STDERR  ] 2017-07-10T15:40:15.376144049Z: [    1.231604] pps_core: LinuxPPS API ver. 1 registered
[STDOUT  ] 2017-07-10T15:40:15.376145873Z: [    0.000000] Dentry cache hash table entries: 131072 (order: 8, 1048576 bytes)
[STDOUT  ] 2017-07-10T15:40:15.376156566Z: [    0.000000] Inode-cache hash table entries: 65536 (order: 7, 524288 bytes)
[STDERR  ] 2017-07-10T15:40:15.376159823Z: [    1.231959] pps_core: Software ver. 5.3.6 - Copyright 2005-2007 Rodolfo Giometti <giometti@linux.it>
[STDERR  ] 2017-07-10T15:40:15.376166707Z: [    1.232677] PTP clock support registered
[STDERR  ] 2017-07-10T15:40:15.37617286Z: [    1.233874] wmi: Mapper loaded
[STDOUT  ] 2017-07-10T15:40:15.376179482Z: [    0.000000] Memory: 972916K/1048052K available (8019K kernel code, 1366K rwdata, 2692K rodata, 1372K init, 568K bss, 75136K reserved, 0K cma-reserved)
[STDERR  ] 2017-07-10T15:40:15.376181616Z: [    1.235080] PCI: Using ACPI for IRQ routing
[STDOUT  ] 2017-07-10T15:40:15.37619557Z: [    0.000000] Hierarchical RCU implementation.
[STDERR  ] 2017-07-10T15:40:15.376197429Z: [    1.253259] NetLabel: Initializing
[STDOUT  ] 2017-07-10T15:40:15.376203806Z: [    0.000000] 	Build-time adjustment of leaf fanout to 64.
[STDERR  ] 2017-07-10T15:40:15.376205615Z: [    1.253470] NetLabel:  domain hash size = 128
[STDERR  ] 2017-07-10T15:40:15.376209293Z: [    1.253813] NetLabel:  protocols = UNLABELED CIPSOv4
[STDOUT  ] 2017-07-10T15:40:15.376215579Z: [    0.000000] 	RCU restricting CPUs from NR_CPUS=128 to nr_cpu_ids=1.
[STDERR  ] 2017-07-10T15:40:15.376217807Z: [    1.256570] NetLabel:  unlabeled traffic allowed by default
[STDOUT  ] 2017-07-10T15:40:15.376219507Z: [    0.000000] RCU: Adjusting geometry for rcu_fanout_leaf=64, nr_cpu_ids=1
[STDERR  ] 2017-07-10T15:40:15.376229722Z: [    1.257883] HPET: 3 timers in total, 0 timers will be used for per-cpu timer
[STDOUT  ] 2017-07-10T15:40:15.376231729Z: [    0.000000] NR_IRQS:8448 nr_irqs:256 16
[STDERR  ] 2017-07-10T15:40:15.376233406Z: [    1.258742] hpet0: at MMIO 0xfed00000, IRQs 2, 8, 0
[STDOUT  ] 2017-07-10T15:40:15.376235807Z: [    0.000000] Console: colour VGA+ 80x25
[STDERR  ] 2017-07-10T15:40:15.376241445Z: [    1.259265] hpet0: 3 comparators, 64-bit 100.000000 MHz counter
[STDOUT  ] 2017-07-10T15:40:15.376246382Z: [    0.000000] console [ttyS0] enabled
[STDOUT  ] 2017-07-10T15:40:15.376254283Z: [    0.000000] allocated 2097152 bytes of page_ext
[STDOUT  ] 2017-07-10T15:40:15.37625719Z: [    0.000000] clocksource: hpet: mask: 0xffffffff max_cycles: 0xffffffff, max_idle_ns: 19112604467 ns
[STDERR  ] 2017-07-10T15:40:15.376261197Z: [    1.265679] clocksource: Switched to clocksource hpet
[STDOUT  ] 2017-07-10T15:40:15.376266673Z: [    0.000000] tsc: Fast TSC calibration using PIT
[STDERR  ] 2017-07-10T15:40:15.376268476Z: [    1.671454] VFS: Disk quotas dquot_6.6.0
[STDOUT  ] 2017-07-10T15:40:15.376270689Z: [    0.000000] tsc: Detected 2600.021 MHz processor
[STDERR  ] 2017-07-10T15:40:15.37627869Z: [    1.672318] VFS: Dquot-cache hash table entries: 512 (order 0, 4096 bytes)
[STDOUT  ] 2017-07-10T15:40:15.37628366Z: [    0.022263] Calibrating delay loop (skipped), value calculated using timer frequency.. 5200.04 BogoMIPS (lpj=26000210)
[STDERR  ] 2017-07-10T15:40:15.376284195Z: [    1.676315] FS-Cache: Loaded
[STDOUT  ] 2017-07-10T15:40:15.376287779Z: [    0.030281] pid_max: default: 32768 minimum: 301
[STDERR  ] 2017-07-10T15:40:15.376294993Z: [    1.681730] CacheFiles: Loaded
[STDOUT  ] 2017-07-10T15:40:15.37629697Z: [    0.031425] ACPI: Core revision 20160831
[STDOUT  ] 2017-07-10T15:40:15.376308596Z: [    0.075053] ACPI: 1 ACPI AML tables successfully acquired and loaded
[STDERR  ] 2017-07-10T15:40:15.37631096Z: [    1.683709] pnp: PnP ACPI init
[STDOUT  ] 2017-07-10T15:40:15.37631889Z: [    0.080270] Security Framework initialized
[STDERR  ] 2017-07-10T15:40:15.376320836Z: [    1.700489] pnp: PnP ACPI: found 5 devices
[STDOUT  ] 2017-07-10T15:40:15.376326915Z: [    0.080755] Yama: becoming mindful.
[STDERR  ] 2017-07-10T15:40:15.376332915Z: [    1.760539] clocksource: acpi_pm: mask: 0xffffff max_cycles: 0xffffff, max_idle_ns: 2085701024 ns
[STDOUT  ] 2017-07-10T15:40:15.376334842Z: [    0.082800] Mount-cache hash table entries: 2048 (order: 2, 16384 bytes)
[STDOUT  ] 2017-07-10T15:40:15.37634284Z: [    0.083417] Mountpoint-cache hash table entries: 2048 (order: 2, 16384 bytes)
[STDERR  ] 2017-07-10T15:40:15.376340599Z: [    1.764875] NET: Registered protocol family 2
[STDOUT  ] 2017-07-10T15:40:15.376348805Z: [    0.102670] Last level iTLB entries: 4KB 0, 2MB 0, 4MB 0
[STDERR  ] 2017-07-10T15:40:15.376350617Z: [    1.772449] TCP established hash table entries: 8192 (order: 4, 65536 bytes)
[STDOUT  ] 2017-07-10T15:40:15.376355492Z: [    0.103292] Last level dTLB entries: 4KB 0, 2MB 0, 4MB 0, 1GB 0
[STDOUT  ] 2017-07-10T15:40:15.376359493Z: [    0.401410] Freeing SMP alternatives memory: 20K (ffffffff8eeae000 - ffffffff8eeb3000)
[STDERR  ] 2017-07-10T15:40:15.376361536Z: [    1.773321] TCP bind hash table entries: 8192 (order: 5, 131072 bytes)
[STDERR  ] 2017-07-10T15:40:15.376365962Z: [    1.774087] TCP: Hash tables configured (established 8192 bind 8192)
[STDOUT  ] 2017-07-10T15:40:15.376366287Z: [    0.412065] ftrace: allocating 35428 entries in 139 pages
[STDERR  ] 2017-07-10T15:40:15.376379517Z: [    1.775996] UDP hash table entries: 512 (order: 2, 16384 bytes)
[STDERR  ] 2017-07-10T15:40:15.37638749Z: [    1.776566] UDP-Lite hash table entries: 512 (order: 2, 16384 bytes)
[STDOUT  ] 2017-07-10T15:40:15.37638471Z: [    0.568723] smpboot: Max logical packages: 1
[STDERR  ] 2017-07-10T15:40:15.376393209Z: [    1.778873] NET: Registered protocol family 1
[STDOUT  ] 2017-07-10T15:40:15.376397269Z: [    0.575943] ..TIMER: vector=0x30 apic1=0 pin1=2 apic2=-1 pin2=-1
[STDERR  ] 2017-07-10T15:40:15.37640081Z: [    1.779874] pci 0000:00:01.0: Video device with shadowed ROM at [mem 0x000c0000-0x000dffff]
[STDOUT  ] 2017-07-10T15:40:15.376404539Z: [    0.680000] smpboot: CPU0: AMD QEMU Virtual CPU version 2.5+ (family: 0x6, model: 0x6, stepping: 0x3)
[STDERR  ] 2017-07-10T15:40:15.37640745Z: [    1.787745] Unpacking initramfs...
[STDERR  ] 2017-07-10T15:40:15.376414629Z: [    7.879445] Freeing initrd memory: 41264K (ffff8e44fd784000 - ffff8e44fffd0000)
[STDOUT  ] 2017-07-10T15:40:15.37641244Z: [    0.680000] Performance Events: PMU not available due to virtualization, using software events only.
[STDERR  ] 2017-07-10T15:40:15.376420646Z: [    7.909850] PCLMULQDQ-NI instructions are not detected.
[STDOUT  ] 2017-07-10T15:40:15.376427257Z: [    0.688892] NMI watchdog: disabled (cpu0): hardware events not enabled
[STDERR  ] 2017-07-10T15:40:15.37642903Z: [    7.911725] AVX or AES-NI instructions are not detected.
[STDOUT  ] 2017-07-10T15:40:15.376435492Z: [    0.689393] NMI watchdog: Shutting down hard lockup detector on all cpus
[STDERR  ] 2017-07-10T15:40:15.37643723Z: [    7.912208] CPU feature 'AVX registers' is not supported.
[STDOUT  ] 2017-07-10T15:40:15.376443515Z: [    0.693475] x86: Booted up 1 node, 1 CPUs
[STDERR  ] 2017-07-10T15:40:15.376445313Z: [    7.912593] CPU feature 'AVX registers' is not supported.
[STDOUT  ] 2017-07-10T15:40:15.376452332Z: [    0.693864] smpboot: Total of 1 processors activated (5200.04 BogoMIPS)
[STDERR  ] 2017-07-10T15:40:15.376454161Z: [    7.913003] CPU feature 'AVX registers' is not supported.
[STDOUT  ] 2017-07-10T15:40:15.376456616Z: [    0.708002] devtmpfs: initialized
[STDERR  ] 2017-07-10T15:40:15.376461245Z: [    7.913403] CPU feature 'AVX registers' is not supported.
[STDOUT  ] 2017-07-10T15:40:15.376464246Z: [    0.713450] x86/mm: Memory block size: 128MB
[STDERR  ] 2017-07-10T15:40:15.376470289Z: [    7.913771] AVX2 or AES-NI instructions are not detected.
[STDERR  ] 2017-07-10T15:40:15.376474136Z: [    7.914184] AVX2 instructions are not detected.
[STDOUT  ] 2017-07-10T15:40:15.376479974Z: [    0.776642] clocksource: jiffies: mask: 0xffffffff max_cycles: 0xffffffff, max_idle_ns: 19112604462750000 ns
[STDERR  ] 2017-07-10T15:40:15.376481801Z: [    7.923252] audit: initializing netlink subsys (disabled)
[STDOUT  ] 2017-07-10T15:40:15.376492452Z: [    0.777658] futex hash table entries: 256 (order: 2, 16384 bytes)
[STDERR  ] 2017-07-10T15:40:15.376497399Z: [    7.924981] audit: type=2000 audit(1499701189.920:1): initialized
[STDOUT  ] 2017-07-10T15:40:15.376500039Z: [    0.786819] NET: Registered protocol family 16
[STDERR  ] 2017-07-10T15:40:15.376508506Z: [    7.934735] workingset: timestamp_bits=46 max_order=18 bucket_order=0
[STDOUT  ] 2017-07-10T15:40:15.376510292Z: [    0.796502] cpuidle: using governor ladder
[STDERR  ] 2017-07-10T15:40:15.376516484Z: [    7.944692] FS-Cache: Netfs 'cifs' registered for caching
[STDOUT  ] 2017-07-10T15:40:15.376518469Z: [    0.797112] cpuidle: using governor menu
[STDERR  ] 2017-07-10T15:40:15.376520748Z: [    7.945966] fuse init (API version 7.26)
[STDOUT  ] 2017-07-10T15:40:15.376525442Z: [    0.798412] ACPI: bus type PCI registered
[STDERR  ] 2017-07-10T15:40:15.376530995Z: [    7.948898] SGI XFS with ACLs, security attributes, no debug enabled
[STDOUT  ] 2017-07-10T15:40:15.376532896Z: [    0.803205] PCI: MMCONFIG for domain 0000 [bus 00-ff] at [mem 0xb0000000-0xbfffffff] (base 0xb0000000)
[STDERR  ] 2017-07-10T15:40:15.376535178Z: [    7.953866] 9p: Installing v9fs 9p2000 file system support
[STDOUT  ] 2017-07-10T15:40:15.376537535Z: [    0.803964] PCI: MMCONFIG at [mem 0xb0000000-0xbfffffff] reserved in E820
[STDERR  ] 2017-07-10T15:40:15.376545544Z: [    7.954330] FS-Cache: Netfs '9p' registered for caching
[STDOUT  ] 2017-07-10T15:40:15.376553935Z: [    0.805353] PCI: Using configuration type 1 for base access
[STDERR  ] 2017-07-10T15:40:15.376555821Z: [    7.988072] NET: Registered protocol family 38
[STDERR  ] 2017-07-10T15:40:15.376564224Z: [    7.988757] Key type asymmetric registered
[STDOUT  ] 2017-07-10T15:40:15.376566186Z: [    0.862012] HugeTLB registered 2 MB page size, pre-allocated 0 pages
[STDERR  ] 2017-07-10T15:40:15.376570679Z: [    7.989190] Asymmetric key parser 'x509' registered
[STDOUT  ] 2017-07-10T15:40:15.376577922Z: [    0.876822] ACPI: Added _OSI(Module Device)
[STDERR  ] 2017-07-10T15:40:15.376579721Z: [    7.991693] Block layer SCSI generic (bsg) driver version 0.4 loaded (major 251)
[STDOUT  ] 2017-07-10T15:40:15.376582195Z: [    0.877257] ACPI: Added _OSI(Processor Device)
[STDERR  ] 2017-07-10T15:40:15.376586759Z: [    7.993155] io scheduler noop registered
[STDERR  ] 2017-07-10T15:40:15.376593721Z: [    7.993525] io scheduler deadline registered (default)
[STDOUT  ] 2017-07-10T15:40:15.376596572Z: [    0.877576] ACPI: Added _OSI(3.0 _SCP Extensions)
[STDERR  ] 2017-07-10T15:40:15.376599925Z: [    7.994187] io scheduler cfq registered
[STDOUT  ] 2017-07-10T15:40:15.376602456Z: [    0.877907] ACPI: Added _OSI(Processor Aggregator Device)
[STDERR  ] 2017-07-10T15:40:15.376603962Z: [    7.996827] pci_hotplug: PCI Hot Plug PCI Core version: 0.5
[STDERR  ] 2017-07-10T15:40:15.376615479Z: [    7.997425] pciehp: PCI Express Hot Plug Controller Driver version: 0.4
[STDOUT  ] 2017-07-10T15:40:15.376620679Z: [    0.951087] ACPI: Interpreter enabled
[STDERR  ] 2017-07-10T15:40:15.376625469Z: [    7.998501] shpchp: Standard Hot Plug PCI Controller Driver version: 0.4
[STDOUT  ] 2017-07-10T15:40:15.376633184Z: [    0.952106] ACPI: (supports S0 S5)
[STDERR  ] 2017-07-10T15:40:15.376634794Z: [    7.999448] hv_vmbus: registering driver hyperv_fb
[STDOUT  ] 2017-07-10T15:40:15.376644679Z: [    0.952403] ACPI: Using IOAPIC for interrupt routing
[STDERR  ] 2017-07-10T15:40:15.376646314Z: [    8.005515] input: Power Button as /devices/LNXSYSTM:00/LNXPWRBN:00/input/input0
[STDERR  ] 2017-07-10T15:40:15.376652626Z: [    8.006665] ACPI: Power Button [PWRF]
[STDOUT  ] 2017-07-10T15:40:15.376654509Z: [    0.955185] PCI: Using host bridge windows from ACPI; if necessary, use "pci=nocrs" and report a bug
[STDOUT  ] 2017-07-10T15:40:15.376658869Z: [    1.020184] ACPI: PCI Root Bridge [PCI0] (domain 0000 [bus 00-ff])
[STDERR  ] 2017-07-10T15:40:15.376661996Z: [    8.012541] GHES: HEST is not enabled!
[STDOUT  ] 2017-07-10T15:40:15.376665495Z: [    1.021418] acpi PNP0A08:00: _OSC: OS supports [ExtendedConfig ASPM ClockPM Segments MSI]
[STDERR  ] 2017-07-10T15:40:15.376677226Z: [    8.025006] ACPI: PCI Interrupt Link [GSIH] enabled at IRQ 23
[STDOUT  ] 2017-07-10T15:40:15.376679275Z: [    1.028549] acpi PNP0A08:00: _OSC: OS now controls [PCIeHotplug PME PCIeCapability]
[STDERR  ] 2017-07-10T15:40:15.376681274Z: [    8.033393] xenfs: not registering filesystem on non-xen platform
[STDOUT  ] 2017-07-10T15:40:15.376686124Z: [    1.032603] PCI host bridge to bus 0000:00
[STDOUT  ] 2017-07-10T15:40:15.376694815Z: [    1.033085] pci_bus 0000:00: root bus resource [io  0x0000-0x0cf7 window]
[STDERR  ] 2017-07-10T15:40:15.376692798Z: [    8.035491] Serial: 8250/16550 driver, 4 ports, IRQ sharing disabled
[STDOUT  ] 2017-07-10T15:40:15.376699722Z: [    1.033522] pci_bus 0000:00: root bus resource [io  0x0d00-0xffff window]
[STDERR  ] 2017-07-10T15:40:15.376708622Z: [    8.060511] 00:04: ttyS0 at I/O 0x3f8 (irq = 4, base_baud = 115200) is a 16550A
[STDOUT  ] 2017-07-10T15:40:15.376713252Z: [    1.034035] pci_bus 0000:00: root bus resource [mem 0x000a0000-0x000bffff window]
[STDOUT  ] 2017-07-10T15:40:15.376717112Z: [    1.034575] pci_bus 0000:00: root bus resource [mem 0xc0000000-0xfebfffff window]
[STDERR  ] 2017-07-10T15:40:15.376720245Z: [    8.073359] Non-volatile memory driver v1.3
[STDERR  ] 2017-07-10T15:40:15.376726168Z: [    8.079514] Hangcheck: starting hangcheck timer 0.9.1 (tick is 180 seconds, margin is 60 seconds).
[STDOUT  ] 2017-07-10T15:40:15.376730771Z: [    1.035332] pci_bus 0000:00: root bus resource [bus 00-ff]
[STDOUT  ] 2017-07-10T15:40:15.376734881Z: [    1.126213] pci 0000:00:1f.0: quirk: [io  0x0600-0x067f] claimed by ICH6 ACPI/GPIO/TCO
[STDERR  ] 2017-07-10T15:40:15.376741884Z: [    8.117363] loop: module loaded
[STDOUT  ] 2017-07-10T15:40:15.376745672Z: [    1.191491] ACPI: PCI Interrupt Link [LNKA] (IRQs 5 *10 11)
[STDERR  ] 2017-07-10T15:40:15.376747372Z: [    8.133050] nbd: registered device at major 43
[STDOUT  ] 2017-07-10T15:40:15.376761778Z: [    1.194920] ACPI: PCI Interrupt Link [LNKB] (IRQs 5 *10 11)
[STDERR  ] 2017-07-10T15:40:15.376759599Z: [    8.177513] lpc_ich 0000:00:1f.0: I/O space for GPIO uninitialized
[STDERR  ] 2017-07-10T15:40:15.376767931Z: [    8.180341] VMware PVSCSI driver - version 1.0.7.0-k
[STDOUT  ] 2017-07-10T15:40:15.376768915Z: [    1.197089] ACPI: PCI Interrupt Link [LNKC] (IRQs 5 10 *11)
[STDOUT  ] 2017-07-10T15:40:15.376777272Z: [    1.199126] ACPI: PCI Interrupt Link [LNKD] (IRQs 5 10 *11)
[STDERR  ] 2017-07-10T15:40:15.376779191Z: [    8.181292] hv_vmbus: registering driver hv_storvsc
[STDERR  ] 2017-07-10T15:40:15.376782978Z: [    8.191930] ACPI: PCI Interrupt Link [GSIA] enabled at IRQ 16
[STDOUT  ] 2017-07-10T15:40:15.376784186Z: [    1.201891] ACPI: PCI Interrupt Link [LNKE] (IRQs 5 *10 11)
[STDOUT  ] 2017-07-10T15:40:15.376792378Z: [    1.204224] ACPI: PCI Interrupt Link [LNKF] (IRQs 5 *10 11)
[STDERR  ] 2017-07-10T15:40:15.376794335Z: [    8.197905] ahci 0000:00:1f.2: AHCI 0001.0000 32 slots 6 ports 1.5 Gbps 0x3f impl SATA mode
[STDOUT  ] 2017-07-10T15:40:15.376799074Z: [    1.206069] ACPI: PCI Interrupt Link [LNKG] (IRQs 5 10 *11)
[STDERR  ] 2017-07-10T15:40:15.376801801Z: [    8.198589] ahci 0000:00:1f.2: flags: 64bit ncq only 
[STDOUT  ] 2017-07-10T15:40:15.376806305Z: [    1.208038] ACPI: PCI Interrupt Link [LNKH] (IRQs 5 10 *11)
[STDERR  ] 2017-07-10T15:40:15.376809364Z: [    8.219657] scsi host0: ahci
[STDOUT  ] 2017-07-10T15:40:15.376813685Z: [    1.209029] ACPI: PCI Interrupt Link [GSIA] (IRQs *16)
[STDERR  ] 2017-07-10T15:40:15.376816666Z: [    8.225199] scsi host1: ahci
[STDOUT  ] 2017-07-10T15:40:15.376821081Z: [    1.209840] ACPI: PCI Interrupt Link [GSIB] (IRQs *17)
[STDERR  ] 2017-07-10T15:40:15.376824188Z: [    8.227545] scsi host2: ahci
[STDOUT  ] 2017-07-10T15:40:15.376828425Z: [    1.210925] ACPI: PCI Interrupt Link [GSIC] (IRQs *18)
[STDERR  ] 2017-07-10T15:40:15.376831454Z: [    8.229910] scsi host3: ahci
[STDOUT  ] 2017-07-10T15:40:15.376835486Z: [    1.211731] ACPI: PCI Interrupt Link [GSID] (IRQs *19)
[STDERR  ] 2017-07-10T15:40:15.376839125Z: [    8.232829] scsi host4: ahci
[STDOUT  ] 2017-07-10T15:40:15.376849358Z: [    1.212548] ACPI: PCI Interrupt Link [GSIE] (IRQs *20)
[STDERR  ] 2017-07-10T15:40:15.376851276Z: [    8.235121] scsi host5: ahci
[STDOUT  ] 2017-07-10T15:40:15.376857174Z: [    1.213367] ACPI: PCI Interrupt Link [GSIF] (IRQs *21)
[STDERR  ] 2017-07-10T15:40:15.376859116Z: [    8.236997] ata1: SATA max UDMA/133 abar m4096@0xfebf1000 port 0xfebf1100 irq 24
[STDOUT  ] 2017-07-10T15:40:15.376864298Z: [    1.214157] ACPI: PCI Interrupt Link [GSIG] (IRQs *22)
[STDERR  ] 2017-07-10T15:40:15.376866746Z: [    8.237526] ata2: SATA max UDMA/133 abar m4096@0xfebf1000 port 0xfebf1180 irq 24
[STDERR  ] 2017-07-10T15:40:15.376870719Z: [    8.238022] ata3: SATA max UDMA/133 abar m4096@0xfebf1000 port 0xfebf1200 irq 24
[STDOUT  ] 2017-07-10T15:40:15.376871728Z: [    1.215000] ACPI: PCI Interrupt Link [GSIH] (IRQs *23)
[STDERR  ] 2017-07-10T15:40:15.376880316Z: [    8.238480] ata4: SATA max UDMA/133 abar m4096@0xfebf1000 port 0xfebf1280 irq 24
[STDOUT  ] 2017-07-10T15:40:15.376884831Z: [    1.219980] ACPI: Enabled 2 GPEs in block 00 to 3F
[STDERR  ] 2017-07-10T15:40:15.376887572Z: [    8.238933] ata5: SATA max UDMA/133 abar m4096@0xfebf1000 port 0xfebf1300 irq 24
[STDOUT  ] 2017-07-10T15:40:15.376892741Z: [    1.224153] SCSI subsystem initialized
[STDERR  ] 2017-07-10T15:40:15.376901234Z: [    8.239389] ata6: SATA max UDMA/133 abar m4096@0xfebf1000 port 0xfebf1380 irq 24
[STDOUT  ] 2017-07-10T15:40:15.376903322Z: [    1.226168] ACPI: bus type USB registered
[STDERR  ] 2017-07-10T15:40:15.376909415Z: [    8.252896] tun: Universal TUN/TAP device driver, 1.6
[STDOUT  ] 2017-07-10T15:40:15.376911475Z: [    1.227362] usbcore: registered new interface driver usbfs
[STDERR  ] 2017-07-10T15:40:15.376916803Z: [    8.253260] tun: (C) 1999-2004 Max Krasnyansky <maxk@qualcomm.com>
[STDOUT  ] 2017-07-10T15:40:15.376918818Z: [    1.228420] usbcore: registered new interface driver hub
[STDERR  ] 2017-07-10T15:40:15.37692422Z: [    8.255177] VMware vmxnet3 virtual NIC driver - version 1.4.a.0-k-NAPI
[STDOUT  ] 2017-07-10T15:40:15.376926137Z: [    1.230382] usbcore: registered new device driver usb
[STDERR  ] 2017-07-10T15:40:15.376927925Z: [    8.256096] hv_vmbus: registering driver hv_netvsc
[STDOUT  ] 2017-07-10T15:40:15.376932931Z: [    1.231604] pps_core: LinuxPPS API ver. 1 registered
[STDERR  ] 2017-07-10T15:40:15.376938361Z: [    8.256407] Fusion MPT base driver 3.04.20
[STDOUT  ] 2017-07-10T15:40:15.37694036Z: [    1.231959] pps_core: Software ver. 5.3.6 - Copyright 2005-2007 Rodolfo Giometti <giometti@linux.it>
[STDERR  ] 2017-07-10T15:40:15.376942145Z: [    8.256681] Copyright (c) 1999-2008 LSI Corporation
[STDOUT  ] 2017-07-10T15:40:15.37695213Z: [    1.232677] PTP clock support registered
[STDERR  ] 2017-07-10T15:40:15.376953974Z: [    8.257313] Fusion MPT SPI Host driver 3.04.20
[STDERR  ] 2017-07-10T15:40:15.376958158Z: [    8.259365] i8042: PNP: PS/2 Controller [PNP0303:KBD,PNP0f13:MOU] at 0x60,0x64 irq 1,12
[STDOUT  ] 2017-07-10T15:40:15.37696034Z: [    1.233874] wmi: Mapper loaded
[STDERR  ] 2017-07-10T15:40:15.37696498Z: [    8.264409] serio: i8042 KBD port at 0x60,0x64 irq 1
[STDOUT  ] 2017-07-10T15:40:15.376967878Z: [    1.235080] PCI: Using ACPI for IRQ routing
[STDOUT  ] 2017-07-10T15:40:15.376975585Z: [    1.253259] NetLabel: Initializing
[STDERR  ] 2017-07-10T15:40:15.37697743Z: [    8.265136] serio: i8042 AUX port at 0x60,0x64 irq 12
[STDOUT  ] 2017-07-10T15:40:15.376978651Z: [    1.253470] NetLabel:  domain hash size = 128
[STDERR  ] 2017-07-10T15:40:15.376984307Z: [    8.268195] hv_vmbus: registering driver hyperv_keyboard
[STDOUT  ] 2017-07-10T15:40:15.376987151Z: [    1.253813] NetLabel:  protocols = UNLABELED CIPSOv4
[STDERR  ] 2017-07-10T15:40:15.376991465Z: [    8.270778] mousedev: PS/2 mouse device common for all mice
[STDOUT  ] 2017-07-10T15:40:15.376998013Z: [    1.256570] NetLabel:  unlabeled traffic allowed by default
[STDERR  ] 2017-07-10T15:40:15.376999847Z: [    8.275483] input: AT Translated Set 2 keyboard as /devices/platform/i8042/serio0/input/input1
[STDOUT  ] 2017-07-10T15:40:15.377009344Z: [    1.257883] HPET: 3 timers in total, 0 timers will be used for per-cpu timer
[STDERR  ] 2017-07-10T15:40:15.377011257Z: [    8.278360] input: PC Speaker as /devices/platform/pcspkr/input/input2
[STDOUT  ] 2017-07-10T15:40:15.377017374Z: [    1.258742] hpet0: at MMIO 0xfed00000, IRQs 2, 8, 0
[STDERR  ] 2017-07-10T15:40:15.377019155Z: [    8.282119] rtc_cmos 00:00: RTC can wake from S4
[STDERR  ] 2017-07-10T15:40:15.377026883Z: [    8.285244] rtc_cmos 00:00: rtc core: registered rtc_cmos as rtc0
[STDOUT  ] 2017-07-10T15:40:15.377025103Z: [    1.259265] hpet0: 3 comparators, 64-bit 100.000000 MHz counter
[STDOUT  ] 2017-07-10T15:40:15.377032403Z: [    1.265679] clocksource: Switched to clocksource hpet
[STDERR  ] 2017-07-10T15:40:15.377032607Z: [    8.286584] rtc_cmos 00:00: alarms up to one day, y3k, 114 bytes nvram, hpet irqs
[STDERR  ] 2017-07-10T15:40:15.377041671Z: [    8.287360] i2c /dev entries driver
[STDOUT  ] 2017-07-10T15:40:15.377043687Z: [    1.671454] VFS: Disk quotas dquot_6.6.0
[STDERR  ] 2017-07-10T15:40:15.377048011Z: [    8.289296] device-mapper: ioctl: 4.35.0-ioctl (2016-06-23) initialised: dm-devel@redhat.com
[STDOUT  ] 2017-07-10T15:40:15.377050945Z: [    1.672318] VFS: Dquot-cache hash table entries: 512 (order 0, 4096 bytes)
[STDERR  ] 2017-07-10T15:40:15.377055341Z: [    8.294248] usbcore: registered new interface driver usbhid
[STDERR  ] 2017-07-10T15:40:15.377066624Z: [    8.294596] usbhid: USB HID core driver
[STDOUT  ] 2017-07-10T15:40:15.377068828Z: [    1.676315] FS-Cache: Loaded
[STDERR  ] 2017-07-10T15:40:15.377073254Z: [    8.295242] hv_utils: Registering HyperV Utility Driver
[STDOUT  ] 2017-07-10T15:40:15.37707327Z: [    1.681730] CacheFiles: Loaded
[STDERR  ] 2017-07-10T15:40:15.37707996Z: [    8.295556] hv_vmbus: registering driver hv_util
[STDOUT  ] 2017-07-10T15:40:15.37708595Z: [    1.683709] pnp: PnP ACPI init
[STDERR  ] 2017-07-10T15:40:15.37708896Z: [    8.295851] hv_vmbus: registering driver hv_balloon
[STDOUT  ] 2017-07-10T15:40:15.377090774Z: [    1.700489] pnp: PnP ACPI: found 5 devices
[STDERR  ] 2017-07-10T15:40:15.377099233Z: [    8.296401] oprofile: using NMI interrupt.
[STDERR  ] 2017-07-10T15:40:15.377102647Z: [    8.297666] GACT probability on
[STDOUT  ] 2017-07-10T15:40:15.377105953Z: [    1.760539] clocksource: acpi_pm: mask: 0xffffff max_cycles: 0xffffff, max_idle_ns: 2085701024 ns
[STDOUT  ] 2017-07-10T15:40:15.37711383Z: [    1.764875] NET: Registered protocol family 2
[STDERR  ] 2017-07-10T15:40:15.377122948Z: [    8.298176] Mirror/redirect action on
[STDOUT  ] 2017-07-10T15:40:15.377124847Z: [    1.772449] TCP established hash table entries: 8192 (order: 4, 65536 bytes)
[STDOUT  ] 2017-07-10T15:40:15.377132731Z: [    1.773321] TCP bind hash table entries: 8192 (order: 5, 131072 bytes)
[STDERR  ] 2017-07-10T15:40:15.37713084Z: [    8.299105] Simple TC action Loaded
[STDOUT  ] 2017-07-10T15:40:15.377138615Z: [    1.774087] TCP: Hash tables configured (established 8192 bind 8192)
[STDERR  ] 2017-07-10T15:40:15.37713924Z: [    8.299774] u32 classifier
[STDOUT  ] 2017-07-10T15:40:15.377145551Z: [    1.775996] UDP hash table entries: 512 (order: 2, 16384 bytes)
[STDERR  ] 2017-07-10T15:40:15.377152753Z: [    8.299959]     Performance counters on
[STDOUT  ] 2017-07-10T15:40:15.377154721Z: [    1.776566] UDP-Lite hash table entries: 512 (order: 2, 16384 bytes)
[STDOUT  ] 2017-07-10T15:40:15.377162604Z: [    1.778873] NET: Registered protocol family 1
[STDERR  ] 2017-07-10T15:40:15.37716448Z: [    8.300640]     input device check on
[STDOUT  ] 2017-07-10T15:40:15.377169284Z: [    1.779874] pci 0000:00:01.0: Video device with shadowed ROM at [mem 0x000c0000-0x000dffff]
[STDERR  ] 2017-07-10T15:40:15.377172081Z: [    8.300874]     Actions configured
[STDOUT  ] 2017-07-10T15:40:15.377173433Z: [    1.787745] Unpacking initramfs...
[STDERR  ] 2017-07-10T15:40:15.377178473Z: [    8.301639] Netfilter messages via NETLINK v0.30.
[STDOUT  ] 2017-07-10T15:40:15.377188091Z: [    7.879445] Freeing initrd memory: 41264K (ffff8e44fd784000 - ffff8e44fffd0000)
[STDERR  ] 2017-07-10T15:40:15.377189974Z: [    8.302431] nfnl_acct: registering with nfnetlink.
[STDOUT  ] 2017-07-10T15:40:15.377199301Z: [    7.909850] PCLMULQDQ-NI instructions are not detected.
[STDERR  ] 2017-07-10T15:40:15.377202341Z: [    8.303762] nf_conntrack version 0.5.0 (8192 buckets, 32768 max)
[STDOUT  ] 2017-07-10T15:40:15.377207031Z: [    7.911725] AVX or AES-NI instructions are not detected.
[STDERR  ] 2017-07-10T15:40:15.377215734Z: [    8.306756] ctnetlink v0.93: registering with nfnetlink.
[STDERR  ] 2017-07-10T15:40:15.377219747Z: [    8.309875] nf_tables: (c) 2007-2009 Patrick McHardy <kaber@trash.net>
[STDOUT  ] 2017-07-10T15:40:15.3772178Z: [    7.912208] CPU feature 'AVX registers' is not supported.
[STDOUT  ] 2017-07-10T15:40:15.377225737Z: [    7.912593] CPU feature 'AVX registers' is not supported.
[STDERR  ] 2017-07-10T15:40:15.377231041Z: [    8.311265] nf_tables_compat: (c) 2012 Pablo Neira Ayuso <pablo@netfilter.org>
[STDOUT  ] 2017-07-10T15:40:15.37723596Z: [    7.913003] CPU feature 'AVX registers' is not supported.
[STDERR  ] 2017-07-10T15:40:15.3772383Z: [    8.313629] xt_time: kernel timezone is -0000
[STDOUT  ] 2017-07-10T15:40:15.377240894Z: [    7.913403] CPU feature 'AVX registers' is not supported.
[STDERR  ] 2017-07-10T15:40:15.377245337Z: [    8.314208] ip_set: protocol 6
[STDERR  ] 2017-07-10T15:40:15.377249074Z: [    8.314982] IPVS: Registered protocols (TCP, UDP, SCTP, AH, ESP)
[STDOUT  ] 2017-07-10T15:40:15.377258747Z: [    7.913771] AVX2 or AES-NI instructions are not detected.
[STDERR  ] 2017-07-10T15:40:15.377260614Z: [    8.315774] IPVS: Connection hash table configured (size=4096, memory=64Kbytes)
[STDERR  ] 2017-07-10T15:40:15.377264941Z: [    8.317906] IPVS: Creating netns size=2104 id=0
[STDOUT  ] 2017-07-10T15:40:15.377266667Z: [    7.914184] AVX2 instructions are not detected.
[STDERR  ] 2017-07-10T15:40:15.377271627Z: [    8.321468] IPVS: ipvs loaded.
[STDOUT  ] 2017-07-10T15:40:15.37727436Z: [    7.923252] audit: initializing netlink subsys (disabled)
[STDOUT  ] 2017-07-10T15:40:15.377283578Z: [    7.924981] audit: type=2000 audit(1499701189.920:1): initialized
[STDERR  ] 2017-07-10T15:40:15.377287457Z: [    8.321885] IPVS: [rr] scheduler registered.
[STDOUT  ] 2017-07-10T15:40:15.377290327Z: [    7.934735] workingset: timestamp_bits=46 max_order=18 bucket_order=0
[STDERR  ] 2017-07-10T15:40:15.377291587Z: [    8.322267] IPVS: [wrr] scheduler registered.
[STDOUT  ] 2017-07-10T15:40:15.377297541Z: [    7.944692] FS-Cache: Netfs 'cifs' registered for caching
[STDERR  ] 2017-07-10T15:40:15.377300977Z: [    8.322607] IPVS: [lc] scheduler registered.
[STDOUT  ] 2017-07-10T15:40:15.377302311Z: [    7.945966] fuse init (API version 7.26)
[STDOUT  ] 2017-07-10T15:40:15.377311143Z: [    7.948898] SGI XFS with ACLs, security attributes, no debug enabled
[STDERR  ] 2017-07-10T15:40:15.377312905Z: [    8.322926] IPVS: [wlc] scheduler registered.
[STDERR  ] 2017-07-10T15:40:15.377320668Z: [    8.323208] IPVS: [fo] scheduler registered.
[STDOUT  ] 2017-07-10T15:40:15.377322547Z: [    7.953866] 9p: Installing v9fs 9p2000 file system support
[STDERR  ] 2017-07-10T15:40:15.377327224Z: [    8.323486] IPVS: [ovf] scheduler registered.
[STDOUT  ] 2017-07-10T15:40:15.377329918Z: [    7.954330] FS-Cache: Netfs '9p' registered for caching
[STDERR  ] 2017-07-10T15:40:15.377334485Z: [    8.323980] IPVS: [lblc] scheduler registered.
[STDOUT  ] 2017-07-10T15:40:15.377337388Z: [    7.988072] NET: Registered protocol family 38
[STDERR  ] 2017-07-10T15:40:15.37734213Z: [    8.324487] IPVS: [lblcr] scheduler registered.
[STDOUT  ] 2017-07-10T15:40:15.377344833Z: [    7.988757] Key type asymmetric registered
[STDERR  ] 2017-07-10T15:40:15.377349398Z: [    8.324813] IPVS: [dh] scheduler registered.
[STDOUT  ] 2017-07-10T15:40:15.377352305Z: [    7.989190] Asymmetric key parser 'x509' registered
[STDERR  ] 2017-07-10T15:40:15.377356541Z: [    8.325115] IPVS: [sh] scheduler registered.
[STDOUT  ] 2017-07-10T15:40:15.377359987Z: [    7.991693] Block layer SCSI generic (bsg) driver version 0.4 loaded (major 251)
[STDERR  ] 2017-07-10T15:40:15.377365163Z: [    8.325437] IPVS: [sed] scheduler registered.
[STDERR  ] 2017-07-10T15:40:15.377371441Z: [    8.325743] IPVS: [nq] scheduler registered.
[STDOUT  ] 2017-07-10T15:40:15.377376855Z: [    7.993155] io scheduler noop registered
[STDERR  ] 2017-07-10T15:40:15.377378687Z: [    8.326646] IPVS: ftp: loaded support on port[0] = 21
[STDERR  ] 2017-07-10T15:40:15.377387346Z: [    8.327765] ipip: IPv4 and MPLS over IPv4 tunneling driver
[STDOUT  ] 2017-07-10T15:40:15.377385557Z: [    7.993525] io scheduler deadline registered (default)
[STDOUT  ] 2017-07-10T15:40:15.37739783Z: [    7.994187] io scheduler cfq registered
[STDERR  ] 2017-07-10T15:40:15.377391747Z: [    8.333384] gre: GRE over IPv4 demultiplexor driver
[STDOUT  ] 2017-07-10T15:40:15.377403569Z: [    7.996827] pci_hotplug: PCI Hot Plug PCI Core version: 0.5
[STDOUT  ] 2017-07-10T15:40:15.377407643Z: [    7.997425] pciehp: PCI Express Hot Plug Controller Driver version: 0.4
[STDERR  ] 2017-07-10T15:40:15.377417464Z: [    8.336303] ip_tables: (C) 2000-2006 Netfilter Core Team
[STDERR  ] 2017-07-10T15:40:15.377421423Z: [    8.339424] ipt_CLUSTERIP: ClusterIP Version 0.8 loaded successfully
[STDOUT  ] 2017-07-10T15:40:15.377421244Z: [    7.998501] shpchp: Standard Hot Plug PCI Controller Driver version: 0.4
[STDOUT  ] 2017-07-10T15:40:15.377435904Z: [    7.999448] hv_vmbus: registering driver hyperv_fb
[STDERR  ] 2017-07-10T15:40:15.377437927Z: [    8.340729] arp_tables: arp_tables: (C) 2002 David S. Miller
[STDOUT  ] 2017-07-10T15:40:15.377446487Z: [    8.005515] input: Power Button as /devices/LNXSYSTM:00/LNXPWRBN:00/input/input0
[STDERR  ] 2017-07-10T15:40:15.377450809Z: [    8.343042] NET: Registered protocol family 10
[STDOUT  ] 2017-07-10T15:40:15.37745548Z: [    8.006665] ACPI: Power Button [PWRF]
[STDERR  ] 2017-07-10T15:40:15.377458447Z: [    8.351962] ip6_tables: (C) 2000-2006 Netfilter Core Team
[STDOUT  ] 2017-07-10T15:40:15.377459447Z: [    8.012541] GHES: HEST is not enabled!
[STDERR  ] 2017-07-10T15:40:15.377465269Z: [    8.361099] NET: Registered protocol family 17
[STDERR  ] 2017-07-10T15:40:15.37746908Z: [    8.362268] Bridge firewalling registered
[STDOUT  ] 2017-07-10T15:40:15.377470857Z: [    8.025006] ACPI: PCI Interrupt Link [GSIH] enabled at IRQ 23
[STDOUT  ] 2017-07-10T15:40:15.377478882Z: [    8.033393] xenfs: not registering filesystem on non-xen platform
[STDERR  ] 2017-07-10T15:40:15.377480692Z: [    8.362897] Ebtables v2.0 registered
[STDERR  ] 2017-07-10T15:40:15.377484256Z: [    8.364840] 8021q: 802.1Q VLAN Support v1.8
[STDOUT  ] 2017-07-10T15:40:15.377485594Z: [    8.035491] Serial: 8250/16550 driver, 4 ports, IRQ sharing disabled
[STDERR  ] 2017-07-10T15:40:15.377493624Z: [    8.366291] 9pnet: Installing 9P2000 support
[STDOUT  ] 2017-07-10T15:40:15.377493699Z: [    8.060511] 00:04: ttyS0 at I/O 0x3f8 (irq = 4, base_baud = 115200) is a 16550A
[STDERR  ] 2017-07-10T15:40:15.377497723Z: [    8.367690] Key type dns_resolver registered
[STDERR  ] 2017-07-10T15:40:15.377507949Z: [    8.368694] microcode: AMD CPU family 0x6 not supported
[STDOUT  ] 2017-07-10T15:40:15.377508156Z: [    8.073359] Non-volatile memory driver v1.3
[STDOUT  ] 2017-07-10T15:40:15.377513592Z: [    8.079514] Hangcheck: starting hangcheck timer 0.9.1 (tick is 180 seconds, margin is 60 seconds).
[STDERR  ] 2017-07-10T15:40:15.377517883Z: [    8.372867] registered taskstats version 1
[STDOUT  ] 2017-07-10T15:40:15.377523143Z: [    8.117363] loop: module loaded
[STDERR  ] 2017-07-10T15:40:15.377525109Z: [    8.571198] ata2: SATA link down (SStatus 0 SControl 300)
[STDOUT  ] 2017-07-10T15:40:15.377531172Z: [    8.133050] nbd: registered device at major 43
[STDERR  ] 2017-07-10T15:40:15.3775329Z: [    8.574110] ata1: SATA link down (SStatus 0 SControl 300)
[STDOUT  ] 2017-07-10T15:40:15.377535144Z: [    8.177513] lpc_ich 0000:00:1f.0: I/O space for GPIO uninitialized
[STDERR  ] 2017-07-10T15:40:15.377539939Z: [    8.579447] Key type big_key registered
[STDERR  ] 2017-07-10T15:40:15.377548936Z: [    8.580371] ata4: SATA link down (SStatus 0 SControl 300)
[STDOUT  ] 2017-07-10T15:40:15.377551227Z: [    8.180341] VMware PVSCSI driver - version 1.0.7.0-k
[STDERR  ] 2017-07-10T15:40:15.377555804Z: [    8.581336] ata3: SATA link up 1.5 Gbps (SStatus 113 SControl 300)
[STDOUT  ] 2017-07-10T15:40:15.377558976Z: [    8.181292] hv_vmbus: registering driver hv_storvsc
[STDERR  ] 2017-07-10T15:40:15.37756307Z: [    8.584840] ata3.00: ATAPI: QEMU DVD-ROM, 2.5+, max UDMA/100
[STDERR  ] 2017-07-10T15:40:15.377570434Z: [    8.585348] ata3.00: applying bridge limits
[STDOUT  ] 2017-07-10T15:40:15.377566976Z: [    8.191930] ACPI: PCI Interrupt Link [GSIA] enabled at IRQ 16
[STDOUT  ] 2017-07-10T15:40:15.377579674Z: [    8.197905] ahci 0000:00:1f.2: AHCI 0001.0000 32 slots 6 ports 1.5 Gbps 0x3f impl SATA mode
[STDERR  ] 2017-07-10T15:40:15.377581713Z: [    8.587163] ata3.00: configured for UDMA/100
[STDERR  ] 2017-07-10T15:40:15.377585784Z: [    8.590779] ata5: SATA link down (SStatus 0 SControl 300)
[STDOUT  ] 2017-07-10T15:40:15.377586656Z: [    8.198589] ahci 0000:00:1f.2: flags: 64bit ncq only 
[STDOUT  ] 2017-07-10T15:40:15.377591136Z: [    8.219657] scsi host0: ahci
[STDERR  ] 2017-07-10T15:40:15.377595124Z: [    8.605569] scsi 2:0:0:0: CD-ROM            QEMU     QEMU DVD-ROM     2.5+ PQ: 0 ANSI: 5
[STDOUT  ] 2017-07-10T15:40:15.377610772Z: [    8.225199] scsi host1: ahci
[STDERR  ] 2017-07-10T15:40:15.377612749Z: [    8.633385] sr 2:0:0:0: [sr0] scsi3-mmc drive: 4x/4x cd/rw xa/form2 tray
[STDOUT  ] 2017-07-10T15:40:15.377617642Z: [    8.227545] scsi host2: ahci
[STDERR  ] 2017-07-10T15:40:15.377619307Z: [    8.634142] cdrom: Uniform CD-ROM driver Revision: 3.20
[STDOUT  ] 2017-07-10T15:40:15.377635672Z: [    8.229910] scsi host3: ahci
[STDERR  ] 2017-07-10T15:40:15.377637566Z: [    8.637457] ata6: SATA link down (SStatus 0 SControl 300)
[STDOUT  ] 2017-07-10T15:40:15.377643692Z: [    8.232829] scsi host4: ahci
[STDERR  ] 2017-07-10T15:40:15.377645602Z: [    8.652368] sr 2:0:0:0: Attached scsi generic sg0 type 5
[STDOUT  ] 2017-07-10T15:40:15.37765077Z: [    8.235121] scsi host5: ahci
[STDOUT  ] 2017-07-10T15:40:15.377655099Z: [    8.236997] ata1: SATA max UDMA/133 abar m4096@0xfebf1000 port 0xfebf1100 irq 24
[STDERR  ] 2017-07-10T15:40:15.37765684Z: [    8.672107] Key type encrypted registered
[STDOUT  ] 2017-07-10T15:40:15.37766164Z: [    8.237526] ata2: SATA max UDMA/133 abar m4096@0xfebf1000 port 0xfebf1180 irq 24
[STDERR  ] 2017-07-10T15:40:15.377664267Z: [    8.677842] rtc_cmos 00:00: setting system clock to 2017-07-10 15:39:51 UTC (1499701191)
[STDERR  ] 2017-07-10T15:40:15.377672173Z: [    8.818130] Freeing unused kernel memory: 1372K (ffffffff8ed57000 - ffffffff8eeae000)
[STDOUT  ] 2017-07-10T15:40:15.377673997Z: [    8.238022] ata3: SATA max UDMA/133 abar m4096@0xfebf1000 port 0xfebf1200 irq 24
[STDERR  ] 2017-07-10T15:40:15.377678776Z: [    8.818765] Write protecting the kernel read-only data: 12288k
[STDOUT  ] 2017-07-10T15:40:15.377681362Z: [    8.238480] ata4: SATA max UDMA/133 abar m4096@0xfebf1000 port 0xfebf1280 irq 24
[STDERR  ] 2017-07-10T15:40:15.377686027Z: [    8.826399] Freeing unused kernel memory: 156K (ffff8e44e47d9000 - ffff8e44e4800000)
[STDOUT  ] 2017-07-10T15:40:15.377691012Z: [    8.238933] ata5: SATA max UDMA/133 abar m4096@0xfebf1000 port 0xfebf1300 irq 24
[STDERR  ] 2017-07-10T15:40:15.377693163Z: [    8.932751] Freeing unused kernel memory: 1404K (ffff8e44e4aa1000 - ffff8e44e4c00000)
[STDOUT  ] 2017-07-10T15:40:15.377698072Z: [    8.239389] ata6: SATA max UDMA/133 abar m4096@0xfebf1000 port 0xfebf1380 irq 24
[STDOUT  ] 2017-07-10T15:40:15.377701874Z: [    8.252896] tun: Universal TUN/TAP device driver, 1.6
[STDERR  ] 2017-07-10T15:40:15.37770433Z: [    8.960665] tsc: Refined TSC clocksource calibration: 2600.006 MHz
[STDOUT  ] 2017-07-10T15:40:15.377711757Z: [    8.253260] tun: (C) 1999-2004 Max Krasnyansky <maxk@qualcomm.com>
[STDERR  ] 2017-07-10T15:40:15.377713677Z: [    8.961254] clocksource: tsc: mask: 0xffffffffffffffff max_cycles: 0x257a42068c7, max_idle_ns: 440795285103 ns
[STDOUT  ] 2017-07-10T15:40:15.377719744Z: [    8.255177] VMware vmxnet3 virtual NIC driver - version 1.4.a.0-k-NAPI
[STDERR  ] 2017-07-10T15:40:15.377725216Z: [    9.981017] clocksource: Switched to clocksource tsc
[STDOUT  ] 2017-07-10T15:40:15.377731339Z: [    8.256096] hv_vmbus: registering driver hv_netvsc
[STDERR  ] 2017-07-10T15:40:15.377733239Z: [   15.660844] e1000: Intel(R) PRO/1000 Network Driver - version 7.3.21-k8-NAPI
[STDOUT  ] 2017-07-10T15:40:15.377738546Z: [    8.256407] Fusion MPT base driver 3.04.20
[STDERR  ] 2017-07-10T15:40:15.377740394Z: [   15.661411] e1000: Copyright (c) 1999-2006 Intel Corporation.
[STDOUT  ] 2017-07-10T15:40:15.377746076Z: [    8.256681] Copyright (c) 1999-2008 LSI Corporation
[STDERR  ] 2017-07-10T15:40:15.377752813Z: [   15.683483] ACPI: PCI Interrupt Link [GSIG] enabled at IRQ 22
[STDOUT  ] 2017-07-10T15:40:15.377754733Z: [    8.257313] Fusion MPT SPI Host driver 3.04.20
[STDERR  ] 2017-07-10T15:40:15.377760659Z: [   16.047946] e1000 0000:00:02.0 eth0: (PCI:33MHz:32-bit) 52:54:00:12:34:56
[STDOUT  ] 2017-07-10T15:40:15.377762512Z: [    8.259365] i8042: PNP: PS/2 Controller [PNP0303:KBD,PNP0f13:MOU] at 0x60,0x64 irq 1,12
[STDOUT  ] 2017-07-10T15:40:15.377766539Z: [    8.264409] serio: i8042 KBD port at 0x60,0x64 irq 1
[STDERR  ] 2017-07-10T15:40:15.377767759Z: [   16.048903] e1000 0000:00:02.0 eth0: Intel(R) PRO/1000 Network Connection
[STDOUT  ] 2017-07-10T15:40:15.37777658Z: [    8.265136] serio: i8042 AUX port at 0x60,0x64 irq 12
[STDERR  ] 2017-07-10T15:40:15.377779703Z: 
[STDERR  ] 2017-07-10T15:40:15.377784969Z: Starting containerd
[STDOUT  ] 2017-07-10T15:40:15.377787149Z: [    8.268195] hv_vmbus: registering driver hyperv_keyboard
[STDOUT  ] 2017-07-10T15:40:15.3777954Z: [    8.270778] mousedev: PS/2 mouse device common for all mice
[STDERR  ] 2017-07-10T15:40:15.377797159Z: 
[STDOUT  ] 2017-07-10T15:40:15.377798647Z: [    8.275483] input: AT Translated Set 2 keyboard as /devices/platform/i8042/serio0/input/input1
[STDERR  ] 2017-07-10T15:40:15.377804464Z: Welcome to LinuxKit
[STDOUT  ] 2017-07-10T15:40:15.377809834Z: [    8.278360] input: PC Speaker as /devices/platform/pcspkr/input/input2
[STDERR  ] 2017-07-10T15:40:15.377811567Z: 
[STDOUT  ] 2017-07-10T15:40:15.377817252Z: [    8.282119] rtc_cmos 00:00: RTC can wake from S4
[STDERR  ] 2017-07-10T15:40:15.377819039Z:                         ##         .
[STDOUT  ] 2017-07-10T15:40:15.377825324Z: [    8.285244] rtc_cmos 00:00: rtc core: registered rtc_cmos as rtc0
[STDERR  ] 2017-07-10T15:40:15.377827252Z:                   ## ## ##        ==
[STDERR  ] 2017-07-10T15:40:15.377834524Z:                ## ## ## ## ##    ===
[STDOUT  ] 2017-07-10T15:40:15.377832564Z: [    8.286584] rtc_cmos 00:00: alarms up to one day, y3k, 114 bytes nvram, hpet irqs
[STDERR  ] 2017-07-10T15:40:15.377840286Z:            /"""""""""""""""""\___/ ===
[STDOUT  ] 2017-07-10T15:40:15.377847956Z: [    8.287360] i2c /dev entries driver
[STDERR  ] 2017-07-10T15:40:15.377849706Z:           {                       /  ===-
[STDERR  ] 2017-07-10T15:40:15.377854031Z:            \______ O           __/
[STDOUT  ] 2017-07-10T15:40:15.377857655Z: [    8.289296] device-mapper: ioctl: 4.35.0-ioctl (2016-06-23) initialised: dm-devel@redhat.com
[STDOUT  ] 2017-07-10T15:40:15.377865656Z: [    8.294248] usbcore: registered new interface driver usbhid
[STDERR  ] 2017-07-10T15:40:15.377867405Z:              \    \         __/
[STDERR  ] 2017-07-10T15:40:15.377871033Z:               \____\_______/
[STDOUT  ] 2017-07-10T15:40:15.377868848Z: [    8.294596] usbhid: USB HID core driver
[STDERR  ] 2017-07-10T15:40:15.377882168Z: 
[STDOUT  ] 2017-07-10T15:40:15.377884141Z: [    8.295242] hv_utils: Registering HyperV Utility Driver
[STDERR  ] 2017-07-10T15:40:15.377889279Z: [34mINFO[0m[0000] starting containerd boot...                   [34mmodule[0m=containerd
[STDOUT  ] 2017-07-10T15:40:15.377891653Z: [    8.295556] hv_vmbus: registering driver hv_util
[STDERR  ] 2017-07-10T15:40:15.377896802Z: [34mINFO[0m[0000] starting debug API...                         [34mdebug[0m="/run/containerd/debug.sock" [34mmodule[0m=containerd
[STDERR  ] 2017-07-10T15:40:15.377901209Z: [34mINFO[0m[0000] loading plugin "io.containerd.content.v1.content"...  [34mmodule[0m=containerd [34mtype[0m=io.containerd.content.v1
[STDOUT  ] 2017-07-10T15:40:15.377902908Z: [    8.295851] hv_vmbus: registering driver hv_balloon
[STDOUT  ] 2017-07-10T15:40:15.377910406Z: [    8.296401] oprofile: using NMI interrupt.
[STDERR  ] 2017-07-10T15:40:15.377916128Z: [34mINFO[0m[0000] loading plugin "io.containerd.snapshotter.v1.btrfs"...  [34mmodule[0m=containerd [34mtype[0m=io.containerd.snapshotter.v1
[STDOUT  ] 2017-07-10T15:40:15.377918015Z: [    8.297666] GACT probability on
[STDERR  ] 2017-07-10T15:40:15.377924202Z: [34mINFO[0m[0000] loading plugin "io.containerd.snapshotter.v1.overlayfs"...  [34mmodule[0m=containerd [34mtype[0m=io.containerd.snapshotter.v1
[STDOUT  ] 2017-07-10T15:40:15.377926252Z: [    8.298176] Mirror/redirect action on
[STDERR  ] 2017-07-10T15:40:15.377932362Z: [34mINFO[0m[0000] loading plugin "io.containerd.differ.v1.base-diff"...  [34mmodule[0m=containerd [34mtype[0m=io.containerd.differ.v1
[STDOUT  ] 2017-07-10T15:40:15.377934059Z: [    8.299105] Simple TC action Loaded
[STDERR  ] 2017-07-10T15:40:15.377950162Z: [34mINFO[0m[0000] loading plugin "io.containerd.metadata.v1.bolt"...  [34mmodule[0m=containerd [34mtype[0m=io.containerd.metadata.v1
[STDOUT  ] 2017-07-10T15:40:15.377952351Z: [    8.299774] u32 classifier
[STDOUT  ] 2017-07-10T15:40:15.377961236Z: [    8.299959]     Performance counters on
[STDERR  ] 2017-07-10T15:40:15.377967975Z: [34mINFO[0m[0000] loading plugin "io.containerd.grpc.v1.containers"...  [34mmodule[0m=containerd [34mtype[0m=io.containerd.grpc.v1
[STDOUT  ] 2017-07-10T15:40:15.377969826Z: [    8.300640]     input device check on
[STDOUT  ] 2017-07-10T15:40:15.377975983Z: [    8.300874]     Actions configured
[STDERR  ] 2017-07-10T15:40:15.377980022Z: [34mINFO[0m[0000] loading plugin "io.containerd.grpc.v1.content"...  [34mmodule[0m=containerd [34mtype[0m=io.containerd.grpc.v1
[STDOUT  ] 2017-07-10T15:40:15.377985326Z: [    8.301639] Netfilter messages via NETLINK v0.30.
[STDERR  ] 2017-07-10T15:40:15.377992761Z: [34mINFO[0m[0000] loading plugin "io.containerd.grpc.v1.diff"...  [34mmodule[0m=containerd [34mtype[0m=io.containerd.grpc.v1
[STDOUT  ] 2017-07-10T15:40:15.377994529Z: [    8.302431] nfnl_acct: registering with nfnetlink.
[STDERR  ] 2017-07-10T15:40:15.377999081Z: [34mINFO[0m[0000] loading plugin "io.containerd.monitor.v1.cgroups"...  [34mmodule[0m=containerd [34mtype[0m=io.containerd.monitor.v1
[STDOUT  ] 2017-07-10T15:40:15.378000743Z: [    8.303762] nf_conntrack version 0.5.0 (8192 buckets, 32768 max)
[STDERR  ] 2017-07-10T15:40:15.378013551Z: [34mINFO[0m[0000] loading plugin "io.containerd.runtime.v1.linux"...  [34mmodule[0m=containerd [34mtype[0m=io.containerd.runtime.v1
[STDOUT  ] 2017-07-10T15:40:15.378015322Z: [    8.306756] ctnetlink v0.93: registering with nfnetlink.
[STDOUT  ] 2017-07-10T15:40:15.378019586Z: [    8.309875] nf_tables: (c) 2007-2009 Patrick McHardy <kaber@trash.net>
[STDERR  ] 2017-07-10T15:40:15.378023292Z: [34mINFO[0m[0000] loading plugin "io.containerd.grpc.v1.tasks"...  [34mmodule[0m=containerd [34mtype[0m=io.containerd.grpc.v1
[STDOUT  ] 2017-07-10T15:40:15.378025802Z: [    8.311265] nf_tables_compat: (c) 2012 Pablo Neira Ayuso <pablo@netfilter.org>
[STDERR  ] 2017-07-10T15:40:15.378027353Z: [34mINFO[0m[0000] loading plugin "io.containerd.grpc.v1.healthcheck"...  [34mmodule[0m=containerd [34mtype[0m=io.containerd.grpc.v1
[STDOUT  ] 2017-07-10T15:40:15.378037292Z: [    8.313629] xt_time: kernel timezone is -0000
[STDOUT  ] 2017-07-10T15:40:15.378040776Z: [    8.314208] ip_set: protocol 6
[STDERR  ] 2017-07-10T15:40:15.378043581Z: [34mINFO[0m[0000] loading plugin "io.containerd.grpc.v1.images"...  [34mmodule[0m=containerd [34mtype[0m=io.containerd.grpc.v1
[STDOUT  ] 2017-07-10T15:40:15.378050966Z: [    8.314982] IPVS: Registered protocols (TCP, UDP, SCTP, AH, ESP)
[STDERR  ] 2017-07-10T15:40:15.378052056Z: [34mINFO[0m[0000] loading plugin "io.containerd.grpc.v1.namespaces"...  [34mmodule[0m=containerd [34mtype[0m=io.containerd.grpc.v1
[STDOUT  ] 2017-07-10T15:40:15.378058255Z: [    8.315774] IPVS: Connection hash table configured (size=4096, memory=64Kbytes)
[STDOUT  ] 2017-07-10T15:40:15.378061992Z: [    8.317906] IPVS: Creating netns size=2104 id=0
[STDERR  ] 2017-07-10T15:40:15.378070908Z: [34mINFO[0m[0000] loading plugin "io.containerd.grpc.v1.snapshots"...  [34mmodule[0m=containerd [34mtype[0m=io.containerd.grpc.v1
[STDOUT  ] 2017-07-10T15:40:15.378072755Z: [    8.321468] IPVS: ipvs loaded.
[STDERR  ] 2017-07-10T15:40:15.378078756Z: [34mINFO[0m[0000] loading plugin "io.containerd.grpc.v1.version"...  [34mmodule[0m=containerd [34mtype[0m=io.containerd.grpc.v1
[STDOUT  ] 2017-07-10T15:40:15.378080782Z: [    8.321885] IPVS: [rr] scheduler registered.
[STDERR  ] 2017-07-10T15:40:15.378086002Z: [34mINFO[0m[0000] starting GRPC API server...                   [34mmodule[0m=containerd[   17.295711] random: fast init done
[STDOUT  ] 2017-07-10T15:40:15.378087919Z: [    8.322267] IPVS: [wrr] scheduler registered.
[STDERR  ] 2017-07-10T15:40:15.378093078Z: 
[STDOUT  ] 2017-07-10T15:40:15.378095098Z: [    8.322607] IPVS: [lc] scheduler registered.
[STDERR  ] 2017-07-10T15:40:15.378096855Z: [34mINFO[0m[0000] containerd successfully booted in 0.236088s   [34mmodule[0m=containerd
[STDOUT  ] 2017-07-10T15:40:15.378098691Z: [    8.322926] IPVS: [wlc] scheduler registered.
[STDOUT  ] 2017-07-10T15:40:15.378109755Z: [    8.323208] IPVS: [fo] scheduler registered.
[STDOUT  ] 2017-07-10T15:40:15.378119823Z: [    8.323486] IPVS: [ovf] scheduler registered.
[STDERR  ] 2017-07-10T15:40:15.378111963Z:  - 000-sysctl
[STDOUT  ] 2017-07-10T15:40:15.378125771Z: [    8.323980] IPVS: [lblc] scheduler registered.
[STDERR  ] 2017-07-10T15:40:15.378125385Z: sysctl test suite PASSED
[STDOUT  ] 2017-07-10T15:40:15.378129632Z: [    8.324487] IPVS: [lblcr] scheduler registered.
[STDERR  ] 2017-07-10T15:40:15.378136112Z:  - 001-test
[STDOUT  ] 2017-07-10T15:40:15.378138036Z: [    8.324813] IPVS: [dh] scheduler registered.
[STDERR  ] 2017-07-10T15:40:15.378148296Z: [   31.705783] ACPI: Preparing to enter system sleep state S5
[STDOUT  ] 2017-07-10T15:40:15.378150192Z: [    8.325115] IPVS: [sh] scheduler registered.
[STDERR  ] 2017-07-10T15:40:15.378155586Z: [   31.707316] reboot: Power down
[STDOUT  ] 2017-07-10T15:40:15.378161213Z: [    8.325437] IPVS: [sed] scheduler registered.
[STDERR  ] 2017-07-10T15:40:15.378163152Z: + echo [    0.000000] Linux version 4.9.36-linuxkit (root@e1ede117fb1e) (gcc version 6.3.0 (Alpine 6.3.0) ) #1 SMP Fri Jul 7 17:27:59 UTC 2017
[STDOUT  ] 2017-07-10T15:40:15.378168408Z: [    8.325743] IPVS: [nq] scheduler registered.
[STDERR  ] 2017-07-10T15:40:15.378170476Z: [    0.000000] Command line: console=ttyS0 page_poison=1
[STDOUT  ] 2017-07-10T15:40:15.378175432Z: [    8.326646] IPVS: ftp: loaded support on port[0] = 21
[STDERR  ] 2017-07-10T15:40:15.378178031Z: [    0.000000] x86/fpu: Legacy x87 FPU detected.
[STDERR  ] 2017-07-10T15:40:15.378181848Z: [    0.000000] x86/fpu: Using 'eager' FPU context switches.
[STDOUT  ] 2017-07-10T15:40:15.378188545Z: [    8.327765] ipip: IPv4 and MPLS over IPv4 tunneling driver
[STDERR  ] 2017-07-10T15:40:15.378193372Z: [    0.000000] e820: BIOS-provided physical RAM map:
[STDERR  ] 2017-07-10T15:40:15.378198548Z: [    0.000000] BIOS-e820: [mem 0x0000000000000000-0x000000000009fbff] usable
[STDOUT  ] 2017-07-10T15:40:15.378200588Z: [    8.333384] gre: GRE over IPv4 demultiplexor driver
[STDOUT  ] 2017-07-10T15:40:15.378208641Z: [    8.336303] ip_tables: (C) 2000-2006 Netfilter Core Team
[STDERR  ] 2017-07-10T15:40:15.378210601Z: [    0.000000] BIOS-e820: [mem 0x000000000009fc00-0x000000000009ffff] reserved
[STDOUT  ] 2017-07-10T15:40:15.378215498Z: [    8.339424] ipt_CLUSTERIP: ClusterIP Version 0.8 loaded successfully
[STDERR  ] 2017-07-10T15:40:15.378218169Z: [    0.000000] BIOS-e820: [mem 0x00000000000f0000-0x00000000000fffff] reserved
[STDOUT  ] 2017-07-10T15:40:15.378226731Z: [    8.340729] arp_tables: arp_tables: (C) 2002 David S. Miller
[STDERR  ] 2017-07-10T15:40:15.378228736Z: [    0.000000] BIOS-e820: [mem 0x0000000000100000-0x000000003ffdefff] usable
[STDOUT  ] 2017-07-10T15:40:15.378234356Z: [    8.343042] NET: Registered protocol family 10
[STDERR  ] 2017-07-10T15:40:15.378236372Z: [    0.000000] BIOS-e820: [mem 0x000000003ffdf000-0x000000003fffffff] reserved
[STDOUT  ] 2017-07-10T15:40:15.378241526Z: [    8.351962] ip6_tables: (C) 2000-2006 Netfilter Core Team
[STDERR  ] 2017-07-10T15:40:15.378243756Z: [    0.000000] BIOS-e820: [mem 0x00000000b0000000-0x00000000bfffffff] reserved
[STDOUT  ] 2017-07-10T15:40:15.378248625Z: [    8.361099] NET: Registered protocol family 17
[STDERR  ] 2017-07-10T15:40:15.378250783Z: [    0.000000] BIOS-e820: [mem 0x00000000fed1c000-0x00000000fed1ffff] reserved
[STDOUT  ] 2017-07-10T15:40:15.378255563Z: [    8.362268] Bridge firewalling registered
[STDERR  ] 2017-07-10T15:40:15.378258192Z: [    0.000000] BIOS-e820: [mem 0x00000000fffc0000-0x00000000ffffffff] reserved
[STDOUT  ] 2017-07-10T15:40:15.378259232Z: [    8.362897] Ebtables v2.0 registered
[STDERR  ] 2017-07-10T15:40:15.378267545Z: [    0.000000] NX (Execute Disable) protection: active
[STDOUT  ] 2017-07-10T15:40:15.378275733Z: [    8.364840] 8021q: 802.1Q VLAN Support v1.8
[STDERR  ] 2017-07-10T15:40:15.378277953Z: [    0.000000] SMBIOS 2.8 present.
[STDOUT  ] 2017-07-10T15:40:15.378286188Z: [    8.366291] 9pnet: Installing 9P2000 support
[STDERR  ] 2017-07-10T15:40:15.378289923Z: [    0.000000] e820: last_pfn = 0x3ffdf max_arch_pfn = 0x400000000
[STDOUT  ] 2017-07-10T15:40:15.378290203Z: [    8.367690] Key type dns_resolver registered
[STDERR  ] 2017-07-10T15:40:15.378296881Z: [    0.000000] x86/PAT: Configuration [0-7]: WB  WC  UC- UC  WB  WC  UC- WT  
[STDOUT  ] 2017-07-10T15:40:15.378302931Z: [    8.368694] microcode: AMD CPU family 0x6 not supported
[STDERR  ] 2017-07-10T15:40:15.378305092Z: [    0.000000] found SMP MP-table at [mem 0x000f6aa0-0x000f6aaf] mapped at [ffff8e44c00f6aa0]
[STDOUT  ] 2017-07-10T15:40:15.378310268Z: [    8.372867] registered taskstats version 1
[STDERR  ] 2017-07-10T15:40:15.37831469Z: [    0.000000] RAMDISK: [mem 0x3d784000-0x3ffcffff]
[STDOUT  ] 2017-07-10T15:40:15.378317878Z: [    8.571198] ata2: SATA link down (SStatus 0 SControl 300)
[STDERR  ] 2017-07-10T15:40:15.378318571Z: [    0.000000] ACPI: Early table checksum verification disabled
[STDOUT  ] 2017-07-10T15:40:15.3783248Z: [    8.574110] ata1: SATA link down (SStatus 0 SControl 300)
[STDERR  ] 2017-07-10T15:40:15.378330215Z: [    0.000000] ACPI: RSDP 0x00000000000F68C0 000014 (v00 BOCHS )
[STDOUT  ] 2017-07-10T15:40:15.378332412Z: [    8.579447] Key type big_key registered
[STDERR  ] 2017-07-10T15:40:15.378333902Z: [    0.000000] ACPI: RSDT 0x000000003FFE2404 000034 (v01 BOCHS  BXPCRSDT 00000001 BXPC 00000001)
[STDOUT  ] 2017-07-10T15:40:15.378339167Z: [    8.580371] ata4: SATA link down (SStatus 0 SControl 300)
[STDERR  ] 2017-07-10T15:40:15.378345354Z: [    0.000000] ACPI: FACP 0x000000003FFE22A4 000074 (v01 BOCHS  BXPCFACP 00000001 BXPC 00000001)
[STDOUT  ] 2017-07-10T15:40:15.378347402Z: [    8.581336] ata3: SATA link up 1.5 Gbps (SStatus 113 SControl 300)
[STDOUT  ] 2017-07-10T15:40:15.378354828Z: [    8.584840] ata3.00: ATAPI: QEMU DVD-ROM, 2.5+, max UDMA/100
[STDERR  ] 2017-07-10T15:40:15.378358592Z: [    0.000000] ACPI: DSDT 0x000000003FFE0040 002264 (v01 BOCHS  BXPCDSDT 00000001 BXPC 00000001)
[STDOUT  ] 2017-07-10T15:40:15.378361452Z: [    8.585348] ata3.00: applying bridge limits
[STDERR  ] 2017-07-10T15:40:15.378366455Z: [    0.000000] ACPI: FACS 0x000000003FFE0000 000040
[STDOUT  ] 2017-07-10T15:40:15.378365225Z: [    8.587163] ata3.00: configured for UDMA/100
[STDERR  ] 2017-07-10T15:40:15.378372684Z: [    0.000000] ACPI: APIC 0x000000003FFE2318 000078 (v01 BOCHS  BXPCAPIC 00000001 BXPC 00000001)
[STDOUT  ] 2017-07-10T15:40:15.378378651Z: [    8.590779] ata5: SATA link down (SStatus 0 SControl 300)
[STDERR  ] 2017-07-10T15:40:15.378384061Z: [    0.000000] ACPI: HPET 0x000000003FFE2390 000038 (v01 BOCHS  BXPCHPET 00000001 BXPC 00000001)
[STDOUT  ] 2017-07-10T15:40:15.378389304Z: [    8.605569] scsi 2:0:0:0: CD-ROM            QEMU     QEMU DVD-ROM     2.5+ PQ: 0 ANSI: 5
[STDERR  ] 2017-07-10T15:40:15.378392122Z: [    0.000000] ACPI: MCFG 0x000000003FFE23C8 00003C (v01 BOCHS  BXPCMCFG 00000001 BXPC 00000001)
[STDOUT  ] 2017-07-10T15:40:15.378396127Z: [    8.633385] sr 2:0:0:0: [sr0] scsi3-mmc drive: 4x/4x cd/rw xa/form2 tray
[STDERR  ] 2017-07-10T15:40:15.3783997Z: [    0.000000] Zone ranges:
[STDOUT  ] 2017-07-10T15:40:15.378403491Z: [    8.634142] cdrom: Uniform CD-ROM driver Revision: 3.20
[STDOUT  ] 2017-07-10T15:40:15.378411218Z: [    8.637457] ata6: SATA link down (SStatus 0 SControl 300)
[STDERR  ] 2017-07-10T15:40:15.378413064Z: [    0.000000]   DMA      [mem 0x0000000000001000-0x0000000000ffffff]
[STDERR  ] 2017-07-10T15:40:15.378416997Z: [    0.000000]   DMA32    [mem 0x0000000001000000-0x000000003ffdefff]
[STDOUT  ] 2017-07-10T15:40:15.378417991Z: [    8.652368] sr 2:0:0:0: Attached scsi generic sg0 type 5
[STDOUT  ] 2017-07-10T15:40:15.37842226Z: [    8.672107] Key type encrypted registered
[STDERR  ] 2017-07-10T15:40:15.378423522Z: [    0.000000]   Normal   empty
[STDOUT  ] 2017-07-10T15:40:15.378436065Z: [    8.677842] rtc_cmos 00:00: setting system clock to 2017-07-10 15:39:51 UTC (1499701191)
[STDERR  ] 2017-07-10T15:40:15.378438187Z: [    0.000000] Movable zone start for each node
[STDOUT  ] 2017-07-10T15:40:15.378444025Z: [    8.818130] Freeing unused kernel memory: 1372K (ffffffff8ed57000 - ffffffff8eeae000)
[STDERR  ] 2017-07-10T15:40:15.378445927Z: [    0.000000] Early memory node ranges
[STDOUT  ] 2017-07-10T15:40:15.378448102Z: [    8.818765] Write protecting the kernel read-only data: 12288k
[STDERR  ] 2017-07-10T15:40:15.378453078Z: [    0.000000]   node   0: [mem 0x0000000000001000-0x000000000009efff]
[STDOUT  ] 2017-07-10T15:40:15.378462372Z: [    8.826399] Freeing unused kernel memory: 156K (ffff8e44e47d9000 - ffff8e44e4800000)
[STDERR  ] 2017-07-10T15:40:15.378460274Z: [    0.000000]   node   0: [mem 0x0000000000100000-0x000000003ffdefff]
[STDOUT  ] 2017-07-10T15:40:15.37846645Z: [    8.932751] Freeing unused kernel memory: 1404K (ffff8e44e4aa1000 - ffff8e44e4c00000)
[STDERR  ] 2017-07-10T15:40:15.378468604Z: [    0.000000] Initmem setup node 0 [mem 0x0000000000001000-0x000000003ffdefff]
[STDOUT  ] 2017-07-10T15:40:15.378476912Z: [    8.960665] tsc: Refined TSC clocksource calibration: 2600.006 MHz
[STDERR  ] 2017-07-10T15:40:15.378481652Z: [    0.000000] ACPI: PM-Timer IO Port: 0x608
[STDOUT  ] 2017-07-10T15:40:15.378487294Z: [    8.961254] clocksource: tsc: mask: 0xffffffffffffffff max_cycles: 0x257a42068c7, max_idle_ns: 440795285103 ns
[STDOUT  ] 2017-07-10T15:40:15.378491088Z: [    9.981017] clocksource: Switched to clocksource tsc
[STDERR  ] 2017-07-10T15:40:15.378496082Z: [    0.000000] ACPI: LAPIC_NMI (acpi_id[0xff] dfl dfl lint[0x1])
[STDOUT  ] 2017-07-10T15:40:15.378499267Z: [   15.660844] e1000: Intel(R) PRO/1000 Network Driver - version 7.3.21-k8-NAPI
[STDOUT  ] 2017-07-10T15:40:15.378503182Z: [   15.661411] e1000: Copyright (c) 1999-2006 Intel Corporation.
[STDERR  ] 2017-07-10T15:40:15.378507641Z: [    0.000000] IOAPIC[0]: apic_id 0, version 32, address 0xfec00000, GSI 0-23
[STDOUT  ] 2017-07-10T15:40:15.37851271Z: [   15.683483] ACPI: PCI Interrupt Link [GSIG] enabled at IRQ 22
[STDERR  ] 2017-07-10T15:40:15.378513557Z: [    0.000000] ACPI: INT_SRC_OVR (bus 0 bus_irq 0 global_irq 2 dfl dfl)
[STDOUT  ] 2017-07-10T15:40:15.378516545Z: [   16.047946] e1000 0000:00:02.0 eth0: (PCI:33MHz:32-bit) 52:54:00:12:34:56
[STDOUT  ] 2017-07-10T15:40:15.378527921Z: [   16.048903] e1000 0000:00:02.0 eth0: Intel(R) PRO/1000 Network Connection
[STDOUT  ] 2017-07-10T15:40:15.378531031Z: 
[STDERR  ] 2017-07-10T15:40:15.37853221Z: [    0.000000] ACPI: INT_SRC_OVR (bus 0 bus_irq 5 global_irq 5 high level)
[STDERR  ] 2017-07-10T15:40:15.378540021Z: [    0.000000] ACPI: INT_SRC_OVR (bus 0 bus_irq 9 global_irq 9 high level)
[STDOUT  ] 2017-07-10T15:40:15.37854064Z: Starting containerd
[STDOUT  ] 2017-07-10T15:40:15.378550198Z: 
[STDERR  ] 2017-07-10T15:40:15.378552075Z: [    0.000000] ACPI: INT_SRC_OVR (bus 0 bus_irq 10 global_irq 10 high level)
[STDERR  ] 2017-07-10T15:40:15.378556098Z: [    0.000000] ACPI: INT_SRC_OVR (bus 0 bus_irq 11 global_irq 11 high level)
[STDOUT  ] 2017-07-10T15:40:15.378556814Z: Welcome to LinuxKit
[STDERR  ] 2017-07-10T15:40:15.378562832Z: [    0.000000] Using ACPI (MADT) for SMP configuration information
[STDOUT  ] 2017-07-10T15:40:15.378564632Z: 
[STDOUT  ] 2017-07-10T15:40:15.378568905Z:                         ##         .
[STDERR  ] 2017-07-10T15:40:15.378573148Z: [    0.000000] ACPI: HPET id: 0x8086a201 base: 0xfed00000
[STDOUT  ] 2017-07-10T15:40:15.378578822Z:                   ## ## ##        ==
[STDERR  ] 2017-07-10T15:40:15.378580754Z: [    0.000000] smpboot: Allowing 1 CPUs, 0 hotplug CPUs
[STDOUT  ] 2017-07-10T15:40:15.378586184Z:                ## ## ## ## ##    ===
[STDERR  ] 2017-07-10T15:40:15.37858831Z: [    0.000000] e820: [mem 0x40000000-0xafffffff] available for PCI devices
[STDOUT  ] 2017-07-10T15:40:15.378593435Z:            /"""""""""""""""""\___/ ===
[STDERR  ] 2017-07-10T15:40:15.378596007Z: [    0.000000] Booting paravirtualized kernel on bare hardware
[STDOUT  ] 2017-07-10T15:40:15.378600635Z:           {                       /  ===-
[STDERR  ] 2017-07-10T15:40:15.378607947Z: [    0.000000] clocksource: refined-jiffies: mask: 0xffffffff max_cycles: 0xffffffff, max_idle_ns: 19112604462750000 ns
[STDOUT  ] 2017-07-10T15:40:15.378610135Z:            \______ O           __/
[STDOUT  ] 2017-07-10T15:40:15.378617712Z:              \    \         __/
[STDERR  ] 2017-07-10T15:40:15.37861968Z: [    0.000000] setup_percpu: NR_CPUS:128 nr_cpumask_bits:128 nr_cpu_ids:1 nr_node_ids:1
[STDOUT  ] 2017-07-10T15:40:15.378620637Z:               \____\_______/
[STDERR  ] 2017-07-10T15:40:15.378626598Z: [    0.000000] percpu: Embedded 35 pages/cpu @ffff8e44fd400000 s105112 r8192 d30056 u2097152
[STDOUT  ] 2017-07-10T15:40:15.378632375Z: 
[STDERR  ] 2017-07-10T15:40:15.378634077Z: [    0.000000] Built 1 zonelists in Zone order, mobility grouping on.  Total pages: 257896
[STDOUT  ] 2017-07-10T15:40:15.37863592Z: [34mINFO[0m[0000] starting containerd boot...                   [34mmodule[0m=containerd
[STDERR  ] 2017-07-10T15:40:15.37863827Z: [    0.000000] Kernel command line: console=ttyS0 page_poison=1
[STDOUT  ] 2017-07-10T15:40:15.378647822Z: [34mINFO[0m[0000] starting debug API...                         [34mdebug[0m="/run/containerd/debug.sock" [34mmodule[0m=containerd
[STDOUT  ] 2017-07-10T15:40:15.378651417Z: [34mINFO[0m[0000] loading plugin "io.containerd.content.v1.content"...  [34mmodule[0m=containerd [34mtype[0m=io.containerd.content.v1
[STDERR  ] 2017-07-10T15:40:15.378649545Z: [    0.000000] PID hash table entries: 4096 (order: 3, 32768 bytes)
[STDERR  ] 2017-07-10T15:40:15.378657188Z: [    0.000000] Dentry cache hash table entries: 131072 (order: 8, 1048576 bytes)
[STDOUT  ] 2017-07-10T15:40:15.378660922Z: [34mINFO[0m[0000] loading plugin "io.containerd.snapshotter.v1.btrfs"...  [34mmodule[0m=containerd [34mtype[0m=io.containerd.snapshotter.v1
[STDERR  ] 2017-07-10T15:40:15.37866707Z: [    0.000000] Inode-cache hash table entries: 65536 (order: 7, 524288 bytes)
[STDOUT  ] 2017-07-10T15:40:15.378668862Z: [34mINFO[0m[0000] loading plugin "io.containerd.snapshotter.v1.overlayfs"...  [34mmodule[0m=containerd [34mtype[0m=io.containerd.snapshotter.v1
[STDERR  ] 2017-07-10T15:40:15.378674995Z: [    0.000000] Memory: 972916K/1048052K available (8019K kernel code, 1366K rwdata, 2692K rodata, 1372K init, 568K bss, 75136K reserved, 0K cma-reserved)
[STDOUT  ] 2017-07-10T15:40:15.378677247Z: [34mINFO[0m[0000] loading plugin "io.containerd.differ.v1.base-diff"...  [34mmodule[0m=containerd [34mtype[0m=io.containerd.differ.v1
[STDERR  ] 2017-07-10T15:40:15.378682561Z: [    0.000000] Hierarchical RCU implementation.
[STDOUT  ] 2017-07-10T15:40:15.378695158Z: [34mINFO[0m[0000] loading plugin "io.containerd.metadata.v1.bolt"...  [34mmodule[0m=containerd [34mtype[0m=io.containerd.metadata.v1
[STDERR  ] 2017-07-10T15:40:15.378696912Z: [    0.000000] 	Build-time adjustment of leaf fanout to 64.
[STDOUT  ] 2017-07-10T15:40:15.378706918Z: [34mINFO[0m[0000] loading plugin "io.containerd.grpc.v1.containers"...  [34mmodule[0m=containerd [34mtype[0m=io.containerd.grpc.v1
[STDERR  ] 2017-07-10T15:40:15.378708778Z: [    0.000000] 	RCU restricting CPUs from NR_CPUS=128 to nr_cpu_ids=1.
[STDOUT  ] 2017-07-10T15:40:15.378718432Z: [34mINFO[0m[0000] loading plugin "io.containerd.grpc.v1.content"...  [34mmodule[0m=containerd [34mtype[0m=io.containerd.grpc.v1
[STDERR  ] 2017-07-10T15:40:15.378720242Z: [    0.000000] RCU: Adjusting geometry for rcu_fanout_leaf=64, nr_cpu_ids=1
[STDERR  ] 2017-07-10T15:40:15.378725952Z: [    0.000000] NR_IRQS:8448 nr_irqs:256 16
[STDOUT  ] 2017-07-10T15:40:15.378727914Z: [34mINFO[0m[0000] loading plugin "io.containerd.grpc.v1.diff"...  [34mmodule[0m=containerd [34mtype[0m=io.containerd.grpc.v1
[STDERR  ] 2017-07-10T15:40:15.378732717Z: [    0.000000] Console: colour VGA+ 80x25
[STDOUT  ] 2017-07-10T15:40:15.378741234Z: [34mINFO[0m[0000] loading plugin "io.containerd.monitor.v1.cgroups"...  [34mmodule[0m=containerd [34mtype[0m=io.containerd.monitor.v1
[STDERR  ] 2017-07-10T15:40:15.378746358Z: [    0.000000] console [ttyS0] enabled
[STDOUT  ] 2017-07-10T15:40:15.378749125Z: [34mINFO[0m[0000] loading plugin "io.containerd.runtime.v1.linux"...  [34mmodule[0m=containerd [34mtype[0m=io.containerd.runtime.v1
[STDERR  ] 2017-07-10T15:40:15.378753788Z: [    0.000000] allocated 2097152 bytes of page_ext
[STDOUT  ] 2017-07-10T15:40:15.378756948Z: [34mINFO[0m[0000] loading plugin "io.containerd.grpc.v1.tasks"...  [34mmodule[0m=containerd [34mtype[0m=io.containerd.grpc.v1
[STDERR  ] 2017-07-10T15:40:15.378757528Z: [    0.000000] clocksource: hpet: mask: 0xffffffff max_cycles: 0xffffffff, max_idle_ns: 19112604467 ns
[STDERR  ] 2017-07-10T15:40:15.378766681Z: [    0.000000] tsc: Fast TSC calibration using PIT
[STDOUT  ] 2017-07-10T15:40:15.378768647Z: [34mINFO[0m[0000] loading plugin "io.containerd.grpc.v1.healthcheck"...  [34mmodule[0m=containerd [34mtype[0m=io.containerd.grpc.v1
[STDOUT  ] 2017-07-10T15:40:15.378776761Z: [34mINFO[0m[0000] loading plugin "io.containerd.grpc.v1.images"...  [34mmodule[0m=containerd [34mtype[0m=io.containerd.grpc.v1
[STDERR  ] 2017-07-10T15:40:15.378778687Z: [    0.000000] tsc: Detected 2600.021 MHz processor
[STDOUT  ] 2017-07-10T15:40:15.3787835Z: [34mINFO[0m[0000] loading plugin "io.containerd.grpc.v1.namespaces"...  [34mmodule[0m=containerd [34mtype[0m=io.containerd.grpc.v1
[STDERR  ] 2017-07-10T15:40:15.378786236Z: [    0.022263] Calibrating delay loop (skipped), value calculated using timer frequency.. 5200.04 BogoMIPS (lpj=26000210)
[STDOUT  ] 2017-07-10T15:40:15.378794297Z: [34mINFO[0m[0000] loading plugin "io.containerd.grpc.v1.snapshots"...  [34mmodule[0m=containerd [34mtype[0m=io.containerd.grpc.v1
[STDERR  ] 2017-07-10T15:40:15.378796844Z: [    0.030281] pid_max: default: 32768 minimum: 301
[STDOUT  ] 2017-07-10T15:40:15.378801821Z: [34mINFO[0m[0000] loading plugin "io.containerd.grpc.v1.version"...  [34mmodule[0m=containerd [34mtype[0m=io.containerd.grpc.v1
[STDERR  ] 2017-07-10T15:40:15.378804011Z: [    0.031425] ACPI: Core revision 20160831
[STDOUT  ] 2017-07-10T15:40:15.378805563Z: [34mINFO[0m[0000] starting GRPC API server...                   [34mmodule[0m=containerd[   17.295711] random: fast init done
[STDERR  ] 2017-07-10T15:40:15.378810976Z: [    0.075053] ACPI: 1 ACPI AML tables successfully acquired and loaded
[STDOUT  ] 2017-07-10T15:40:15.378813541Z: 
[STDERR  ] 2017-07-10T15:40:15.378814663Z: [    0.080270] Security Framework initialized
[STDERR  ] 2017-07-10T15:40:15.37882325Z: [    0.080755] Yama: becoming mindful.
[STDOUT  ] 2017-07-10T15:40:15.378825134Z: [34mINFO[0m[0000] containerd successfully booted in 0.236088s   [34mmodule[0m=containerd
[STDOUT  ] 2017-07-10T15:40:15.378835503Z:  - 000-sysctl
[STDERR  ] 2017-07-10T15:40:15.37883748Z: [    0.082800] Mount-cache hash table entries: 2048 (order: 2, 16384 bytes)
[STDERR  ] 2017-07-10T15:40:15.378841607Z: [    0.083417] Mountpoint-cache hash table entries: 2048 (order: 2, 16384 bytes)
[STDOUT  ] 2017-07-10T15:40:15.378844567Z: sysctl test suite PASSED
[STDERR  ] 2017-07-10T15:40:15.378848159Z: [    0.102670] Last level iTLB entries: 4KB 0, 2MB 0, 4MB 0
[STDOUT  ] 2017-07-10T15:40:15.378850417Z:  - 001-test
[STDOUT  ] 2017-07-10T15:40:15.378858397Z: [   31.705783] ACPI: Preparing to enter system sleep state S5
[STDERR  ] 2017-07-10T15:40:15.378860316Z: [    0.103292] Last level dTLB entries: 4KB 0, 2MB 0, 4MB 0, 1GB 0
[STDERR  ] 2017-07-10T15:40:15.378864361Z: [    0.401410] Freeing SMP alternatives memory: 20K (ffffffff8eeae000 - ffffffff8eeb3000)
[STDOUT  ] 2017-07-10T15:40:15.378868127Z: [   31.707316] reboot: Power down
[STDERR  ] 2017-07-10T15:40:15.378871127Z: [    0.412065] ftrace: allocating 35428 entries in 139 pages
[STDERR  ] 2017-07-10T15:40:15.37888124Z: [    0.568723] smpboot: Max logical packages: 1
[STDERR  ] 2017-07-10T15:40:15.378890009Z: [    0.575943] ..TIMER: vector=0x30 apic1=0 pin1=2 apic2=-1 pin2=-1
[STDERR  ] 2017-07-10T15:40:15.378898599Z: [    0.680000] smpboot: CPU0: AMD QEMU Virtual CPU version 2.5+ (family: 0x6, model: 0x6, stepping: 0x3)
[STDERR  ] 2017-07-10T15:40:15.378904244Z: [    0.680000] Performance Events: PMU not available due to virtualization, using software events only.
[STDERR  ] 2017-07-10T15:40:15.378907134Z: [    0.688892] NMI watchdog: disabled (cpu0): hardware events not enabled
[STDERR  ] 2017-07-10T15:40:15.378916849Z: [    0.689393] NMI watchdog: Shutting down hard lockup detector on all cpus
[STDERR  ] 2017-07-10T15:40:15.378924856Z: [    0.693475] x86: Booted up 1 node, 1 CPUs
[STDERR  ] 2017-07-10T15:40:15.378930626Z: [    0.693864] smpboot: Total of 1 processors activated (5200.04 BogoMIPS)
[STDERR  ] 2017-07-10T15:40:15.37894071Z: [    0.708002] devtmpfs: initialized
[STDERR  ] 2017-07-10T15:40:15.3789467Z: [    0.713450] x86/mm: Memory block size: 128MB
[STDERR  ] 2017-07-10T15:40:15.378952104Z: [    0.776642] clocksource: jiffies: mask: 0xffffffff max_cycles: 0xffffffff, max_idle_ns: 19112604462750000 ns
[STDERR  ] 2017-07-10T15:40:15.378961466Z: [    0.777658] futex hash table entries: 256 (order: 2, 16384 bytes)
[STDERR  ] 2017-07-10T15:40:15.3789644Z: [    0.786819] NET: Registered protocol family 16
[STDERR  ] 2017-07-10T15:40:15.378969766Z: [    0.796502] cpuidle: using governor ladder
[STDERR  ] 2017-07-10T15:40:15.378978629Z: [    0.797112] cpuidle: using governor menu
[STDERR  ] 2017-07-10T15:40:15.378987197Z: [    0.798412] ACPI: bus type PCI registered
[STDERR  ] 2017-07-10T15:40:15.378994489Z: [    0.803205] PCI: MMCONFIG for domain 0000 [bus 00-ff] at [mem 0xb0000000-0xbfffffff] (base 0xb0000000)
[STDERR  ] 2017-07-10T15:40:15.378997533Z: [    0.803964] PCI: MMCONFIG at [mem 0xb0000000-0xbfffffff] reserved in E820
[STDERR  ] 2017-07-10T15:40:15.379005426Z: [    0.805353] PCI: Using configuration type 1 for base access
[STDERR  ] 2017-07-10T15:40:15.379008194Z: [    0.862012] HugeTLB registered 2 MB page size, pre-allocated 0 pages
[STDERR  ] 2017-07-10T15:40:15.379016086Z: [    0.876822] ACPI: Added _OSI(Module Device)
[STDERR  ] 2017-07-10T15:40:15.379018869Z: [    0.877257] ACPI: Added _OSI(Processor Device)
[STDERR  ] 2017-07-10T15:40:15.379049594Z: [    0.877576] ACPI: Added _OSI(3.0 _SCP Extensions)
[STDERR  ] 2017-07-10T15:40:15.379053073Z: [    0.877907] ACPI: Added _OSI(Processor Aggregator Device)
[STDERR  ] 2017-07-10T15:40:15.379061296Z: [    0.951087] ACPI: Interpreter enabled
[STDERR  ] 2017-07-10T15:40:15.379066589Z: [    0.952106] ACPI: (supports S0 S5)
[STDERR  ] 2017-07-10T15:40:15.379069301Z: [    0.952403] ACPI: Using IOAPIC for interrupt routing
[STDERR  ] 2017-07-10T15:40:15.379074527Z: [    0.955185] PCI: Using host bridge windows from ACPI; if necessary, use "pci=nocrs" and report a bug
[STDERR  ] 2017-07-10T15:40:15.379086847Z: [    1.020184] ACPI: PCI Root Bridge [PCI0] (domain 0000 [bus 00-ff])
[STDERR  ] 2017-07-10T15:40:15.379092431Z: [    1.021418] acpi PNP0A08:00: _OSC: OS supports [ExtendedConfig ASPM ClockPM Segments MSI]
[STDERR  ] 2017-07-10T15:40:15.379097883Z: [    1.028549] acpi PNP0A08:00: _OSC: OS now controls [PCIeHotplug PME PCIeCapability]
[STDERR  ] 2017-07-10T15:40:15.379103237Z: [    1.032603] PCI host bridge to bus 0000:00
[STDERR  ] 2017-07-10T15:40:15.379108654Z: [    1.033085] pci_bus 0000:00: root bus resource [io  0x0000-0x0cf7 window]
[STDERR  ] 2017-07-10T15:40:15.379140831Z: [    1.033522] pci_bus 0000:00: root bus resource [io  0x0d00-0xffff window]
[STDERR  ] 2017-07-10T15:40:15.379146491Z: [    1.034035] pci_bus 0000:00: root bus resource [mem 0x000a0000-0x000bffff window]
[STDERR  ] 2017-07-10T15:40:15.379151859Z: [    1.034575] pci_bus 0000:00: root bus resource [mem 0xc0000000-0xfebfffff window]
[STDERR  ] 2017-07-10T15:40:15.379157274Z: [    1.035332] pci_bus 0000:00: root bus resource [bus 00-ff]
[STDERR  ] 2017-07-10T15:40:15.379162704Z: [    1.126213] pci 0000:00:1f.0: quirk: [io  0x0600-0x067f] claimed by ICH6 ACPI/GPIO/TCO
[STDERR  ] 2017-07-10T15:40:15.379168136Z: [    1.191491] ACPI: PCI Interrupt Link [LNKA] (IRQs 5 *10 11)
[STDERR  ] 2017-07-10T15:40:15.379178544Z: [    1.194920] ACPI: PCI Interrupt Link [LNKB] (IRQs 5 *10 11)
[STDERR  ] 2017-07-10T15:40:15.379184189Z: [    1.197089] ACPI: PCI Interrupt Link [LNKC] (IRQs 5 10 *11)
[STDERR  ] 2017-07-10T15:40:15.37918774Z: [    1.199126] ACPI: PCI Interrupt Link [LNKD] (IRQs 5 10 *11)
[STDERR  ] 2017-07-10T15:40:15.379195871Z: [    1.201891] ACPI: PCI Interrupt Link [LNKE] (IRQs 5 *10 11)
[STDERR  ] 2017-07-10T15:40:15.379224184Z: [    1.204224] ACPI: PCI Interrupt Link [LNKF] (IRQs 5 *10 11)
[STDERR  ] 2017-07-10T15:40:15.379238667Z: [    1.206069] ACPI: PCI Interrupt Link [LNKG] (IRQs 5 10 *11)
[STDERR  ] 2017-07-10T15:40:15.37924788Z: [    1.208038] ACPI: PCI Interrupt Link [LNKH] (IRQs 5 10 *11)
[STDERR  ] 2017-07-10T15:40:15.379257379Z: [    1.209029] ACPI: PCI Interrupt Link [GSIA] (IRQs *16)
[STDERR  ] 2017-07-10T15:40:15.379266188Z: [    1.209840] ACPI: PCI Interrupt Link [GSIB] (IRQs *17)
[STDERR  ] 2017-07-10T15:40:15.379271849Z: [    1.210925] ACPI: PCI Interrupt Link [GSIC] (IRQs *18)
[STDERR  ] 2017-07-10T15:40:15.379277323Z: [    1.211731] ACPI: PCI Interrupt Link [GSID] (IRQs *19)
[STDERR  ] 2017-07-10T15:40:15.379295846Z: [    1.212548] ACPI: PCI Interrupt Link [GSIE] (IRQs *20)
[STDERR  ] 2017-07-10T15:40:15.379301743Z: [    1.213367] ACPI: PCI Interrupt Link [GSIF] (IRQs *21)
[STDERR  ] 2017-07-10T15:40:15.379307133Z: [    1.214157] ACPI: PCI Interrupt Link [GSIG] (IRQs *22)
[STDERR  ] 2017-07-10T15:40:15.379310029Z: [    1.215000] ACPI: PCI Interrupt Link [GSIH] (IRQs *23)
[STDERR  ] 2017-07-10T15:40:15.379317905Z: [    1.219980] ACPI: Enabled 2 GPEs in block 00 to 3F
[STDERR  ] 2017-07-10T15:40:15.379321372Z: [    1.224153] SCSI subsystem initialized
[STDERR  ] 2017-07-10T15:40:15.379331268Z: [    1.226168] ACPI: bus type USB registered
[STDERR  ] 2017-07-10T15:40:15.379336573Z: [    1.227362] usbcore: registered new interface driver usbfs
[STDERR  ] 2017-07-10T15:40:15.379344503Z: [    1.228420] usbcore: registered new interface driver hub
[STDERR  ] 2017-07-10T15:40:15.37934982Z: [    1.230382] usbcore: registered new device driver usb
[STDERR  ] 2017-07-10T15:40:15.379355878Z: [    1.231604] pps_core: LinuxPPS API ver. 1 registered
[STDERR  ] 2017-07-10T15:40:15.379373072Z: [    1.231959] pps_core: Software ver. 5.3.6 - Copyright 2005-2007 Rodolfo Giometti <giometti@linux.it>
[STDERR  ] 2017-07-10T15:40:15.379386496Z: [    1.232677] PTP clock support registered
[STDERR  ] 2017-07-10T15:40:15.379392245Z: [    1.233874] wmi: Mapper loaded
[STDERR  ] 2017-07-10T15:40:15.37939778Z: [    1.235080] PCI: Using ACPI for IRQ routing
[STDERR  ] 2017-07-10T15:40:15.379402979Z: [    1.253259] NetLabel: Initializing
[STDERR  ] 2017-07-10T15:40:15.379411585Z: [    1.253470] NetLabel:  domain hash size = 128
[STDERR  ] 2017-07-10T15:40:15.379418519Z: [    1.253813] NetLabel:  protocols = UNLABELED CIPSOv4
[STDERR  ] 2017-07-10T15:40:15.3794266Z: [    1.256570] NetLabel:  unlabeled traffic allowed by default
[STDERR  ] 2017-07-10T15:40:15.379431925Z: [    1.257883] HPET: 3 timers in total, 0 timers will be used for per-cpu timer
[STDERR  ] 2017-07-10T15:40:15.37943478Z: [    1.258742] hpet0: at MMIO 0xfed00000, IRQs 2, 8, 0
[STDERR  ] 2017-07-10T15:40:15.379457679Z: [    1.259265] hpet0: 3 comparators, 64-bit 100.000000 MHz counter
[STDERR  ] 2017-07-10T15:40:15.379460966Z: [    1.265679] clocksource: Switched to clocksource hpet
[STDERR  ] 2017-07-10T15:40:15.37946896Z: [    1.671454] VFS: Disk quotas dquot_6.6.0
[STDERR  ] 2017-07-10T15:40:15.379474392Z: [    1.672318] VFS: Dquot-cache hash table entries: 512 (order 0, 4096 bytes)
[STDERR  ] 2017-07-10T15:40:15.379477233Z: [    1.676315] FS-Cache: Loaded
[STDERR  ] 2017-07-10T15:40:15.379482889Z: [    1.681730] CacheFiles: Loaded
[STDERR  ] 2017-07-10T15:40:15.379491983Z: [    1.683709] pnp: PnP ACPI init
[STDERR  ] 2017-07-10T15:40:15.37949782Z: [    1.700489] pnp: PnP ACPI: found 5 devices
[STDERR  ] 2017-07-10T15:40:15.379503433Z: [    1.760539] clocksource: acpi_pm: mask: 0xffffff max_cycles: 0xffffff, max_idle_ns: 2085701024 ns
[STDERR  ] 2017-07-10T15:40:15.3795063Z: [    1.764875] NET: Registered protocol family 2
[STDERR  ] 2017-07-10T15:40:15.379517769Z: [    1.772449] TCP established hash table entries: 8192 (order: 4, 65536 bytes)
