[INFO    ] 2017-08-16T15:56:48.764274593Z: Running Test linuxkit.packages.format_mount.auto in /tmp/with_clone3b3ed3f2/test/cases/040_packages/006_format_mount/000_auto
[INFO    ] 2017-08-16T15:56:48.764407741Z: Running command: [/bin/sh -x /tmp/with_clone3b3ed3f2/test/cases/040_packages/006_format_mount/000_auto/test.sh]
[STDERR  ] 2017-08-16T15:56:48.765529464Z: + set -e
[STDERR  ] 2017-08-16T15:56:48.765599874Z: + . /tmp/with_clone3b3ed3f2/test/cases/_lib/lib.sh
[STDERR  ] 2017-08-16T15:56:48.765675803Z: + [ -f src/github.com/linuxkit/rtf/lib/lib.sh ]
[STDERR  ] 2017-08-16T15:56:48.765725734Z: + LINUXKIT_TMPDIR=/tmp/with_clone3b3ed3f2/test/cases/_tmp
[STDERR  ] 2017-08-16T15:56:48.765767905Z: + [ -f /tmp/with_clone3b3ed3f2/test/cases/_tmp/env.sh ]
[STDERR  ] 2017-08-16T15:56:48.765808969Z: + . /tmp/with_clone3b3ed3f2/test/cases/_tmp/env.sh
[STDERR  ] 2017-08-16T15:56:48.765861995Z: + export LINUXKIT_EXAMPLES_DIR=/tmp/with_clone3b3ed3f2/test/cases/../../examples
[STDERR  ] 2017-08-16T15:56:48.765896524Z: + export LINUXKIT_BLUEPRINTS_DIR=/tmp/with_clone3b3ed3f2/test/cases/../../blueprints
[STDERR  ] 2017-08-16T15:56:48.765923706Z: + RT_CANCEL=253
[STDERR  ] 2017-08-16T15:56:48.765965819Z: + NAME=test-format
[STDERR  ] 2017-08-16T15:56:48.766021736Z: + trap clean_up EXIT
[STDERR  ] 2017-08-16T15:56:48.766078304Z: + moby build -name test-format -output kernel+initrd test.yml
[STDERR  ] 2017-08-16T15:56:48.776872448Z: Extract kernel image: linuxkit/kernel:4.9.43
[STDERR  ] 2017-08-16T15:56:56.784265152Z: Add init containers:
[STDERR  ] 2017-08-16T15:56:56.784329782Z: Process init image: linuxkit/init:c7d651da1a5e308c757bc61ce6a41804ea843426
[STDERR  ] 2017-08-16T15:56:58.392735725Z: Process init image: linuxkit/runc:838259153885c0c40460379d6cdb7baebaf3fa36
[STDERR  ] 2017-08-16T15:57:00.395697375Z: Add onboot containers:
[STDERR  ] 2017-08-16T15:57:00.395773946Z:   Create OCI config for linuxkit/format:158d992b7bf7ab984100c697d7e72161ea7d7382
[STDERR  ] 2017-08-16T15:57:02.697765039Z:   Create OCI config for linuxkit/mount:4fe245efb01384e42622c36302e13e386bbaeb08
[STDERR  ] 2017-08-16T15:57:04.452708717Z:   Create OCI config for alpine:3.6
[STDERR  ] 2017-08-16T15:57:06.15371757Z:   Create OCI config for linuxkit/poweroff:1e9876c682c74d0602b7647c628bb0875fb13998
[STDERR  ] 2017-08-16T15:57:07.751714003Z: Add files:
[STDERR  ] 2017-08-16T15:57:07.751792795Z:   check.sh
[STDERR  ] 2017-08-16T15:57:07.751810744Z: Create outputs:
[STDERR  ] 2017-08-16T15:57:11.939353424Z:   test-format-kernel test-format-initrd.img test-format-cmdline
[STDERR  ] 2017-08-16T15:57:12.164788288Z: + linuxkit run -disk file=test-format1.img,size=512M test-format
[STDERR  ] 2017-08-16T15:57:33.329752465Z: main-loop: WARNING: I/O thread spun for 1000 iterations
[STDOUT  ] 2017-08-16T15:57:54.560782354Z: [    0.000000] Linux version 4.9.43-linuxkit (root@e1ede117fb1e) (gcc version 6.3.0 (Alpine 6.3.0) ) #1 SMP Mon Aug 14 11:26:59 UTC 2017
[STDOUT  ] 2017-08-16T15:57:54.560884269Z: [    0.000000] Command line: console=ttyS0
[STDOUT  ] 2017-08-16T15:57:54.560898559Z: [    0.000000] x86/fpu: Legacy x87 FPU detected.
[STDOUT  ] 2017-08-16T15:57:54.560911194Z: [    0.000000] x86/fpu: Using 'eager' FPU context switches.
[STDOUT  ] 2017-08-16T15:57:54.560924229Z: [    0.000000] e820: BIOS-provided physical RAM map:
[STDOUT  ] 2017-08-16T15:57:54.560937219Z: [    0.000000] BIOS-e820: [mem 0x0000000000000000-0x000000000009fbff] usable
[STDOUT  ] 2017-08-16T15:57:54.560950392Z: [    0.000000] BIOS-e820: [mem 0x000000000009fc00-0x000000000009ffff] reserved
[STDOUT  ] 2017-08-16T15:57:54.560962776Z: [    0.000000] BIOS-e820: [mem 0x00000000000f0000-0x00000000000fffff] reserved
[STDOUT  ] 2017-08-16T15:57:54.560976716Z: [    0.000000] BIOS-e820: [mem 0x0000000000100000-0x000000003ffdefff] usable
[STDERR  ] 2017-08-16T15:57:54.560963484Z: + RESULT=[    0.000000] Linux version 4.9.43-linuxkit (root@e1ede117fb1e) (gcc version 6.3.0 (Alpine 6.3.0) ) #1 SMP Mon Aug 14 11:26:59 UTC 2017
[STDOUT  ] 2017-08-16T15:57:54.560989206Z: [    0.000000] BIOS-e820: [mem 0x000000003ffdf000-0x000000003fffffff] reserved
[STDERR  ] 2017-08-16T15:57:54.561005364Z: [    0.000000] Command line: console=ttyS0
[STDERR  ] 2017-08-16T15:57:54.561027755Z: [    0.000000] x86/fpu: Legacy x87 FPU detected.
[STDOUT  ] 2017-08-16T15:57:54.5610257Z: [    0.000000] BIOS-e820: [mem 0x00000000b0000000-0x00000000bfffffff] reserved
[STDOUT  ] 2017-08-16T15:57:54.561038361Z: [    0.000000] BIOS-e820: [mem 0x00000000fed1c000-0x00000000fed1ffff] reserved
[STDERR  ] 2017-08-16T15:57:54.561040633Z: [    0.000000] x86/fpu: Using 'eager' FPU context switches.
[STDOUT  ] 2017-08-16T15:57:54.561049437Z: [    0.000000] BIOS-e820: [mem 0x00000000fffc0000-0x00000000ffffffff] reserved
[STDERR  ] 2017-08-16T15:57:54.561054429Z: [    0.000000] e820: BIOS-provided physical RAM map:
[STDOUT  ] 2017-08-16T15:57:54.56106061Z: [    0.000000] NX (Execute Disable) protection: active
[STDOUT  ] 2017-08-16T15:57:54.561072191Z: [    0.000000] SMBIOS 2.8 present.
[STDERR  ] 2017-08-16T15:57:54.561073817Z: [    0.000000] BIOS-e820: [mem 0x0000000000000000-0x000000000009fbff] usable
[STDOUT  ] 2017-08-16T15:57:54.561084142Z: [    0.000000] e820: last_pfn = 0x3ffdf max_arch_pfn = 0x400000000
[STDERR  ] 2017-08-16T15:57:54.56108775Z: [    0.000000] BIOS-e820: [mem 0x000000000009fc00-0x000000000009ffff] reserved
[STDOUT  ] 2017-08-16T15:57:54.56109572Z: [    0.000000] x86/PAT: Configuration [0-7]: WB  WC  UC- UC  WB  WC  UC- WT  
[STDERR  ] 2017-08-16T15:57:54.561099195Z: [    0.000000] BIOS-e820: [mem 0x00000000000f0000-0x00000000000fffff] reserved
[STDOUT  ] 2017-08-16T15:57:54.561109336Z: [    0.000000] found SMP MP-table at [mem 0x000f6aa0-0x000f6aaf] mapped at [ffff973c400f6aa0]
[STDERR  ] 2017-08-16T15:57:54.561110904Z: [    0.000000] BIOS-e820: [mem 0x0000000000100000-0x000000003ffdefff] usable
[STDOUT  ] 2017-08-16T15:57:54.56112127Z: [    0.000000] RAMDISK: [mem 0x3e67e000-0x3ffcffff]
[STDERR  ] 2017-08-16T15:57:54.561123109Z: [    0.000000] BIOS-e820: [mem 0x000000003ffdf000-0x000000003fffffff] reserved
[STDOUT  ] 2017-08-16T15:57:54.561133239Z: [    0.000000] ACPI: Early table checksum verification disabled
[STDERR  ] 2017-08-16T15:57:54.56113501Z: [    0.000000] BIOS-e820: [mem 0x00000000b0000000-0x00000000bfffffff] reserved
[STDOUT  ] 2017-08-16T15:57:54.56114466Z: [    0.000000] ACPI: RSDP 0x00000000000F68C0 000014 (v00 BOCHS )
[STDERR  ] 2017-08-16T15:57:54.561146458Z: [    0.000000] BIOS-e820: [mem 0x00000000fed1c000-0x00000000fed1ffff] reserved
[STDOUT  ] 2017-08-16T15:57:54.561156718Z: [    0.000000] ACPI: RSDT 0x000000003FFE2404 000034 (v01 BOCHS  BXPCRSDT 00000001 BXPC 00000001)
[STDERR  ] 2017-08-16T15:57:54.56115948Z: [    0.000000] BIOS-e820: [mem 0x00000000fffc0000-0x00000000ffffffff] reserved
[STDOUT  ] 2017-08-16T15:57:54.561168446Z: [    0.000000] ACPI: FACP 0x000000003FFE22A4 000074 (v01 BOCHS  BXPCFACP 00000001 BXPC 00000001)
[STDERR  ] 2017-08-16T15:57:54.561171222Z: [    0.000000] NX (Execute Disable) protection: active
[STDOUT  ] 2017-08-16T15:57:54.561180017Z: [    0.000000] ACPI: DSDT 0x000000003FFE0040 002264 (v01 BOCHS  BXPCDSDT 00000001 BXPC 00000001)
[STDERR  ] 2017-08-16T15:57:54.561183058Z: [    0.000000] SMBIOS 2.8 present.
[STDOUT  ] 2017-08-16T15:57:54.561191165Z: [    0.000000] ACPI: FACS 0x000000003FFE0000 000040
[STDERR  ] 2017-08-16T15:57:54.561194745Z: [    0.000000] e820: last_pfn = 0x3ffdf max_arch_pfn = 0x400000000
[STDOUT  ] 2017-08-16T15:57:54.561202742Z: [    0.000000] ACPI: APIC 0x000000003FFE2318 000078 (v01 BOCHS  BXPCAPIC 00000001 BXPC 00000001)
[STDERR  ] 2017-08-16T15:57:54.561205979Z: [    0.000000] x86/PAT: Configuration [0-7]: WB  WC  UC- UC  WB  WC  UC- WT  
[STDOUT  ] 2017-08-16T15:57:54.561214054Z: [    0.000000] ACPI: HPET 0x000000003FFE2390 000038 (v01 BOCHS  BXPCHPET 00000001 BXPC 00000001)
[STDERR  ] 2017-08-16T15:57:54.561217072Z: [    0.000000] found SMP MP-table at [mem 0x000f6aa0-0x000f6aaf] mapped at [ffff973c400f6aa0]
[STDOUT  ] 2017-08-16T15:57:54.561224776Z: [    0.000000] ACPI: MCFG 0x000000003FFE23C8 00003C (v01 BOCHS  BXPCMCFG 00000001 BXPC 00000001)
[STDOUT  ] 2017-08-16T15:57:54.561236947Z: [    0.000000] Zone ranges:
[STDERR  ] 2017-08-16T15:57:54.561231705Z: [    0.000000] RAMDISK: [mem 0x3e67e000-0x3ffcffff]
[STDERR  ] 2017-08-16T15:57:54.561250182Z: [    0.000000] ACPI: Early table checksum verification disabled
[STDOUT  ] 2017-08-16T15:57:54.56125198Z: [    0.000000]   DMA      [mem 0x0000000000001000-0x0000000000ffffff]
[STDERR  ] 2017-08-16T15:57:54.561261571Z: [    0.000000] ACPI: RSDP 0x00000000000F68C0 000014 (v00 BOCHS )
[STDOUT  ] 2017-08-16T15:57:54.561264219Z: [    0.000000]   DMA32    [mem 0x0000000001000000-0x000000003ffdefff]
[STDERR  ] 2017-08-16T15:57:54.561274299Z: [    0.000000] ACPI: RSDT 0x000000003FFE2404 000034 (v01 BOCHS  BXPCRSDT 00000001 BXPC 00000001)
[STDOUT  ] 2017-08-16T15:57:54.561276026Z: [    0.000000]   Normal   empty
[STDERR  ] 2017-08-16T15:57:54.561286246Z: [    0.000000] ACPI: FACP 0x000000003FFE22A4 000074 (v01 BOCHS  BXPCFACP 00000001 BXPC 00000001)
[STDOUT  ] 2017-08-16T15:57:54.561287546Z: [    0.000000] Movable zone start for each node
[STDERR  ] 2017-08-16T15:57:54.561297617Z: [    0.000000] ACPI: DSDT 0x000000003FFE0040 002264 (v01 BOCHS  BXPCDSDT 00000001 BXPC 00000001)
[STDOUT  ] 2017-08-16T15:57:54.5612985Z: [    0.000000] Early memory node ranges
[STDERR  ] 2017-08-16T15:57:54.561308974Z: [    0.000000] ACPI: FACS 0x000000003FFE0000 000040
[STDOUT  ] 2017-08-16T15:57:54.561310896Z: [    0.000000]   node   0: [mem 0x0000000000001000-0x000000000009efff]
[STDERR  ] 2017-08-16T15:57:54.561320412Z: [    0.000000] ACPI: APIC 0x000000003FFE2318 000078 (v01 BOCHS  BXPCAPIC 00000001 BXPC 00000001)
[STDOUT  ] 2017-08-16T15:57:54.561323747Z: [    0.000000]   node   0: [mem 0x0000000000100000-0x000000003ffdefff]
[STDERR  ] 2017-08-16T15:57:54.561332871Z: [    0.000000] ACPI: HPET 0x000000003FFE2390 000038 (v01 BOCHS  BXPCHPET 00000001 BXPC 00000001)
[STDOUT  ] 2017-08-16T15:57:54.561336094Z: [    0.000000] Initmem setup node 0 [mem 0x0000000000001000-0x000000003ffdefff]
[STDERR  ] 2017-08-16T15:57:54.561344113Z: [    0.000000] ACPI: MCFG 0x000000003FFE23C8 00003C (v01 BOCHS  BXPCMCFG 00000001 BXPC 00000001)
[STDOUT  ] 2017-08-16T15:57:54.561347621Z: [    0.000000] ACPI: PM-Timer IO Port: 0x608
[STDERR  ] 2017-08-16T15:57:54.56135614Z: [    0.000000] Zone ranges:
[STDOUT  ] 2017-08-16T15:57:54.561359286Z: [    0.000000] ACPI: LAPIC_NMI (acpi_id[0xff] dfl dfl lint[0x1])
[STDOUT  ] 2017-08-16T15:57:54.561371451Z: [    0.000000] IOAPIC[0]: apic_id 0, version 32, address 0xfec00000, GSI 0-23
[STDERR  ] 2017-08-16T15:57:54.561367177Z: [    0.000000]   DMA      [mem 0x0000000000001000-0x0000000000ffffff]
[STDERR  ] 2017-08-16T15:57:54.5613792Z: [    0.000000]   DMA32    [mem 0x0000000001000000-0x000000003ffdefff]
[STDOUT  ] 2017-08-16T15:57:54.561382938Z: [    0.000000] ACPI: INT_SRC_OVR (bus 0 bus_irq 0 global_irq 2 dfl dfl)
[STDERR  ] 2017-08-16T15:57:54.561390389Z: [    0.000000]   Normal   empty
[STDOUT  ] 2017-08-16T15:57:54.561394499Z: [    0.000000] ACPI: INT_SRC_OVR (bus 0 bus_irq 5 global_irq 5 high level)
[STDERR  ] 2017-08-16T15:57:54.561401171Z: [    0.000000] Movable zone start for each node
[STDOUT  ] 2017-08-16T15:57:54.561408996Z: [    0.000000] ACPI: INT_SRC_OVR (bus 0 bus_irq 9 global_irq 9 high level)
[STDERR  ] 2017-08-16T15:57:54.561412123Z: [    0.000000] Early memory node ranges
[STDERR  ] 2017-08-16T15:57:54.561423291Z: [    0.000000]   node   0: [mem 0x0000000000001000-0x000000000009efff]
[STDOUT  ] 2017-08-16T15:57:54.561420376Z: [    0.000000] ACPI: INT_SRC_OVR (bus 0 bus_irq 10 global_irq 10 high level)
[STDOUT  ] 2017-08-16T15:57:54.561431792Z: [    0.000000] ACPI: INT_SRC_OVR (bus 0 bus_irq 11 global_irq 11 high level)
[STDERR  ] 2017-08-16T15:57:54.561434654Z: [    0.000000]   node   0: [mem 0x0000000000100000-0x000000003ffdefff]
[STDOUT  ] 2017-08-16T15:57:54.561442842Z: [    0.000000] Using ACPI (MADT) for SMP configuration information
[STDERR  ] 2017-08-16T15:57:54.561447758Z: [    0.000000] Initmem setup node 0 [mem 0x0000000000001000-0x000000003ffdefff]
[STDOUT  ] 2017-08-16T15:57:54.561454584Z: [    0.000000] ACPI: HPET id: 0x8086a201 base: 0xfed00000
[STDERR  ] 2017-08-16T15:57:54.56145869Z: [    0.000000] ACPI: PM-Timer IO Port: 0x608
[STDOUT  ] 2017-08-16T15:57:54.561473377Z: [    0.000000] smpboot: Allowing 1 CPUs, 0 hotplug CPUs
[STDERR  ] 2017-08-16T15:57:54.561475168Z: [    0.000000] ACPI: LAPIC_NMI (acpi_id[0xff] dfl dfl lint[0x1])
[STDOUT  ] 2017-08-16T15:57:54.561485349Z: [    0.000000] e820: [mem 0x40000000-0xafffffff] available for PCI devices
[STDERR  ] 2017-08-16T15:57:54.561491423Z: [    0.000000] IOAPIC[0]: apic_id 0, version 32, address 0xfec00000, GSI 0-23
[STDERR  ] 2017-08-16T15:57:54.561502418Z: [    0.000000] ACPI: INT_SRC_OVR (bus 0 bus_irq 0 global_irq 2 dfl dfl)
[STDOUT  ] 2017-08-16T15:57:54.561499463Z: [    0.000000] Booting paravirtualized kernel on bare hardware
[STDOUT  ] 2017-08-16T15:57:54.561512337Z: [    0.000000] clocksource: refined-jiffies: mask: 0xffffffff max_cycles: 0xffffffff, max_idle_ns: 19112604462750000 ns
[STDERR  ] 2017-08-16T15:57:54.561515821Z: [    0.000000] ACPI: INT_SRC_OVR (bus 0 bus_irq 5 global_irq 5 high level)
[STDOUT  ] 2017-08-16T15:57:54.561526698Z: [    0.000000] setup_percpu: NR_CPUS:128 nr_cpumask_bits:128 nr_cpu_ids:1 nr_node_ids:1
[STDERR  ] 2017-08-16T15:57:54.56152677Z: [    0.000000] ACPI: INT_SRC_OVR (bus 0 bus_irq 9 global_irq 9 high level)
[STDERR  ] 2017-08-16T15:57:54.561537792Z: [    0.000000] ACPI: INT_SRC_OVR (bus 0 bus_irq 10 global_irq 10 high level)
[STDOUT  ] 2017-08-16T15:57:54.561538365Z: [    0.000000] percpu: Embedded 35 pages/cpu @ffff973c7e400000 s105240 r8192 d29928 u2097152
[STDOUT  ] 2017-08-16T15:57:54.561550797Z: [    0.000000] Built 1 zonelists in Zone order, mobility grouping on.  Total pages: 257896
[STDERR  ] 2017-08-16T15:57:54.561549021Z: [    0.000000] ACPI: INT_SRC_OVR (bus 0 bus_irq 11 global_irq 11 high level)
[STDOUT  ] 2017-08-16T15:57:54.561562239Z: [    0.000000] Kernel command line: console=ttyS0
[STDERR  ] 2017-08-16T15:57:54.561560596Z: [    0.000000] Using ACPI (MADT) for SMP configuration information
[STDERR  ] 2017-08-16T15:57:54.561572293Z: [    0.000000] ACPI: HPET id: 0x8086a201 base: 0xfed00000
[STDOUT  ] 2017-08-16T15:57:54.561573106Z: [    0.000000] PID hash table entries: 4096 (order: 3, 32768 bytes)
[STDERR  ] 2017-08-16T15:57:54.561583673Z: [    0.000000] smpboot: Allowing 1 CPUs, 0 hotplug CPUs
[STDOUT  ] 2017-08-16T15:57:54.561586449Z: [    0.000000] Dentry cache hash table entries: 131072 (order: 8, 1048576 bytes)
[STDOUT  ] 2017-08-16T15:57:54.561598253Z: [    0.000000] Inode-cache hash table entries: 65536 (order: 7, 524288 bytes)
[STDERR  ] 2017-08-16T15:57:54.561594616Z: [    0.000000] e820: [mem 0x40000000-0xafffffff] available for PCI devices
[STDERR  ] 2017-08-16T15:57:54.56160715Z: [    0.000000] Booting paravirtualized kernel on bare hardware
[STDOUT  ] 2017-08-16T15:57:54.561612675Z: [    0.000000] Memory: 988244K/1048052K available (8028K kernel code, 1366K rwdata, 2696K rodata, 1380K init, 568K bss, 59808K reserved, 0K cma-reserved)
[STDOUT  ] 2017-08-16T15:57:54.561626362Z: [    0.000000] Hierarchical RCU implementation.
[STDERR  ] 2017-08-16T15:57:54.561618407Z: [    0.000000] clocksource: refined-jiffies: mask: 0xffffffff max_cycles: 0xffffffff, max_idle_ns: 19112604462750000 ns
[STDERR  ] 2017-08-16T15:57:54.561637055Z: [    0.000000] setup_percpu: NR_CPUS:128 nr_cpumask_bits:128 nr_cpu_ids:1 nr_node_ids:1
[STDOUT  ] 2017-08-16T15:57:54.561637691Z: [    0.000000] 	Build-time adjustment of leaf fanout to 64.
[STDERR  ] 2017-08-16T15:57:54.5616506Z: [    0.000000] percpu: Embedded 35 pages/cpu @ffff973c7e400000 s105240 r8192 d29928 u2097152
[STDOUT  ] 2017-08-16T15:57:54.561650759Z: [    0.000000] 	RCU restricting CPUs from NR_CPUS=128 to nr_cpu_ids=1.
[STDERR  ] 2017-08-16T15:57:54.561662013Z: [    0.000000] Built 1 zonelists in Zone order, mobility grouping on.  Total pages: 257896
[STDOUT  ] 2017-08-16T15:57:54.561662167Z: [    0.000000] RCU: Adjusting geometry for rcu_fanout_leaf=64, nr_cpu_ids=1
[STDERR  ] 2017-08-16T15:57:54.561673266Z: [    0.000000] Kernel command line: console=ttyS0
[STDOUT  ] 2017-08-16T15:57:54.561676441Z: [    0.000000] NR_IRQS:8448 nr_irqs:256 16
[STDERR  ] 2017-08-16T15:57:54.561684556Z: [    0.000000] PID hash table entries: 4096 (order: 3, 32768 bytes)
[STDOUT  ] 2017-08-16T15:57:54.561695395Z: [    0.000000] Console: colour VGA+ 80x25
[STDERR  ] 2017-08-16T15:57:54.56169711Z: [    0.000000] Dentry cache hash table entries: 131072 (order: 8, 1048576 bytes)
[STDOUT  ] 2017-08-16T15:57:54.561706998Z: [    0.000000] console [ttyS0] enabled
[STDERR  ] 2017-08-16T15:57:54.561708514Z: [    0.000000] Inode-cache hash table entries: 65536 (order: 7, 524288 bytes)
[STDOUT  ] 2017-08-16T15:57:54.561718259Z: [    0.000000] clocksource: hpet: mask: 0xffffffff max_cycles: 0xffffffff, max_idle_ns: 19112604467 ns
[STDERR  ] 2017-08-16T15:57:54.561720074Z: [    0.000000] Memory: 988244K/1048052K available (8028K kernel code, 1366K rwdata, 2696K rodata, 1380K init, 568K bss, 59808K reserved, 0K cma-reserved)
[STDOUT  ] 2017-08-16T15:57:54.561730359Z: [    0.000000] tsc: Fast TSC calibration using PIT
[STDERR  ] 2017-08-16T15:57:54.561740905Z: [    0.000000] Hierarchical RCU implementation.
[STDOUT  ] 2017-08-16T15:57:54.561742371Z: [    0.000000] tsc: Detected 2300.117 MHz processor
[STDERR  ] 2017-08-16T15:57:54.561752476Z: [    0.000000] 	Build-time adjustment of leaf fanout to 64.
[STDOUT  ] 2017-08-16T15:57:54.561754377Z: [    0.021624] Calibrating delay loop (skipped), value calculated using timer frequency.. 4600.23 BogoMIPS (lpj=23001170)
[STDERR  ] 2017-08-16T15:57:54.561766363Z: [    0.000000] 	RCU restricting CPUs from NR_CPUS=128 to nr_cpu_ids=1.
[STDOUT  ] 2017-08-16T15:57:54.561766552Z: [    0.022732] pid_max: default: 32768 minimum: 301
[STDERR  ] 2017-08-16T15:57:54.561777526Z: [    0.000000] RCU: Adjusting geometry for rcu_fanout_leaf=64, nr_cpu_ids=1
[STDOUT  ] 2017-08-16T15:57:54.561781049Z: [    0.023650] ACPI: Core revision 20160831
[STDERR  ] 2017-08-16T15:57:54.561789171Z: [    0.000000] NR_IRQS:8448 nr_irqs:256 16
[STDOUT  ] 2017-08-16T15:57:54.561792386Z: [    0.073415] ACPI: 1 ACPI AML tables successfully acquired and loaded
[STDOUT  ] 2017-08-16T15:57:54.561804059Z: [    0.076704] Security Framework initialized
[STDERR  ] 2017-08-16T15:57:54.561800884Z: [    0.000000] Console: colour VGA+ 80x25
[STDERR  ] 2017-08-16T15:57:54.561812737Z: [    0.000000] console [ttyS0] enabled
[STDOUT  ] 2017-08-16T15:57:54.561815521Z: [    0.077091] Yama: becoming mindful.
[STDERR  ] 2017-08-16T15:57:54.561823768Z: [    0.000000] clocksource: hpet: mask: 0xffffffff max_cycles: 0xffffffff, max_idle_ns: 19112604467 ns
[STDOUT  ] 2017-08-16T15:57:54.561826978Z: [    0.078992] Mount-cache hash table entries: 2048 (order: 2, 16384 bytes)
[STDERR  ] 2017-08-16T15:57:54.561835381Z: [    0.000000] tsc: Fast TSC calibration using PIT
[STDOUT  ] 2017-08-16T15:57:54.561838996Z: [    0.079544] Mountpoint-cache hash table entries: 2048 (order: 2, 16384 bytes)
[STDERR  ] 2017-08-16T15:57:54.561846038Z: [    0.000000] tsc: Detected 2300.117 MHz processor
[STDOUT  ] 2017-08-16T15:57:54.56185048Z: [    0.101802] Last level iTLB entries: 4KB 0, 2MB 0, 4MB 0
[STDERR  ] 2017-08-16T15:57:54.56185698Z: [    0.021624] Calibrating delay loop (skipped), value calculated using timer frequency.. 4600.23 BogoMIPS (lpj=23001170)
[STDOUT  ] 2017-08-16T15:57:54.56186215Z: [    0.102184] Last level dTLB entries: 4KB 0, 2MB 0, 4MB 0, 1GB 0
[STDERR  ] 2017-08-16T15:57:54.56186763Z: [    0.022732] pid_max: default: 32768 minimum: 301
[STDOUT  ] 2017-08-16T15:57:54.561875158Z: [    0.403392] Freeing SMP alternatives memory: 20K
[STDERR  ] 2017-08-16T15:57:54.561879366Z: [    0.023650] ACPI: Core revision 20160831
[STDOUT  ] 2017-08-16T15:57:54.561886375Z: [    0.411984] ftrace: allocating 35486 entries in 139 pages
[STDERR  ] 2017-08-16T15:57:54.561890415Z: [    0.073415] ACPI: 1 ACPI AML tables successfully acquired and loaded
[STDOUT  ] 2017-08-16T15:57:54.561898055Z: [    0.574526] smpboot: Max logical packages: 1
[STDERR  ] 2017-08-16T15:57:54.561901662Z: [    0.076704] Security Framework initialized
[STDOUT  ] 2017-08-16T15:57:54.561909815Z: [    0.579683] ..TIMER: vector=0x30 apic1=0 pin1=2 apic2=-1 pin2=-1
[STDERR  ] 2017-08-16T15:57:54.561912843Z: [    0.077091] Yama: becoming mindful.
[STDOUT  ] 2017-08-16T15:57:54.56192692Z: [    0.680000] smpboot: CPU0: AMD QEMU Virtual CPU version 2.5+ (family: 0x6, model: 0x6, stepping: 0x3)
[STDERR  ] 2017-08-16T15:57:54.561927784Z: [    0.078992] Mount-cache hash table entries: 2048 (order: 2, 16384 bytes)
[STDOUT  ] 2017-08-16T15:57:54.561938611Z: [    0.680000] Performance Events: PMU not available due to virtualization, using software events only.
[STDERR  ] 2017-08-16T15:57:54.561943973Z: [    0.079544] Mountpoint-cache hash table entries: 2048 (order: 2, 16384 bytes)
[STDOUT  ] 2017-08-16T15:57:54.561950267Z: [    0.687927] NMI watchdog: disabled (cpu0): hardware events not enabled
[STDERR  ] 2017-08-16T15:57:54.561955219Z: [    0.101802] Last level iTLB entries: 4KB 0, 2MB 0, 4MB 0
[STDOUT  ] 2017-08-16T15:57:54.561963342Z: [    0.688328] NMI watchdog: Shutting down hard lockup detector on all cpus
[STDERR  ] 2017-08-16T15:57:54.561966815Z: [    0.102184] Last level dTLB entries: 4KB 0, 2MB 0, 4MB 0, 1GB 0
[STDOUT  ] 2017-08-16T15:57:54.561974958Z: [    0.690810] x86: Booted up 1 node, 1 CPUs
[STDERR  ] 2017-08-16T15:57:54.561978632Z: [    0.403392] Freeing SMP alternatives memory: 20K
[STDOUT  ] 2017-08-16T15:57:54.561986629Z: [    0.691140] smpboot: Total of 1 processors activated (4600.23 BogoMIPS)
[STDERR  ] 2017-08-16T15:57:54.561989982Z: [    0.411984] ftrace: allocating 35486 entries in 139 pages
[STDOUT  ] 2017-08-16T15:57:54.561997774Z: [    0.704781] devtmpfs: initialized
[STDERR  ] 2017-08-16T15:57:54.562001415Z: [    0.574526] smpboot: Max logical packages: 1
[STDOUT  ] 2017-08-16T15:57:54.562009587Z: [    0.709404] x86/mm: Memory block size: 128MB
[STDERR  ] 2017-08-16T15:57:54.562012734Z: [    0.579683] ..TIMER: vector=0x30 apic1=0 pin1=2 apic2=-1 pin2=-1
[STDOUT  ] 2017-08-16T15:57:54.562020931Z: [    0.775524] clocksource: jiffies: mask: 0xffffffff max_cycles: 0xffffffff, max_idle_ns: 19112604462750000 ns
[STDERR  ] 2017-08-16T15:57:54.562023902Z: [    0.680000] smpboot: CPU0: AMD QEMU Virtual CPU version 2.5+ (family: 0x6, model: 0x6, stepping: 0x3)
[STDERR  ] 2017-08-16T15:57:54.562035509Z: [    0.680000] Performance Events: PMU not available due to virtualization, using software events only.
[STDOUT  ] 2017-08-16T15:57:54.562032995Z: [    0.776316] futex hash table entries: 256 (order: 2, 16384 bytes)
[STDOUT  ] 2017-08-16T15:57:54.562044008Z: [    0.783976] NET: Registered protocol family 16
[STDERR  ] 2017-08-16T15:57:54.562047016Z: [    0.687927] NMI watchdog: disabled (cpu0): hardware events not enabled
[STDOUT  ] 2017-08-16T15:57:54.562055152Z: [    0.793252] cpuidle: using governor ladder
[STDERR  ] 2017-08-16T15:57:54.562058468Z: [    0.688328] NMI watchdog: Shutting down hard lockup detector on all cpus
[STDOUT  ] 2017-08-16T15:57:54.562066508Z: [    0.793656] cpuidle: using governor menu
[STDERR  ] 2017-08-16T15:57:54.562069774Z: [    0.690810] x86: Booted up 1 node, 1 CPUs
[STDOUT  ] 2017-08-16T15:57:54.562077691Z: [    0.794710] ACPI: bus type PCI registered
[STDERR  ] 2017-08-16T15:57:54.562081206Z: [    0.691140] smpboot: Total of 1 processors activated (4600.23 BogoMIPS)
[STDOUT  ] 2017-08-16T15:57:54.56208888Z: [    0.797451] PCI: MMCONFIG for domain 0000 [bus 00-ff] at [mem 0xb0000000-0xbfffffff] (base 0xb0000000)
[STDERR  ] 2017-08-16T15:57:54.562092351Z: [    0.704781] devtmpfs: initialized
[STDOUT  ] 2017-08-16T15:57:54.56209985Z: [    0.798129] PCI: MMCONFIG at [mem 0xb0000000-0xbfffffff] reserved in E820
[STDERR  ] 2017-08-16T15:57:54.562103771Z: [    0.709404] x86/mm: Memory block size: 128MB
[STDOUT  ] 2017-08-16T15:57:54.562111789Z: [    0.799369] PCI: Using configuration type 1 for base access
[STDERR  ] 2017-08-16T15:57:54.562114868Z: [    0.775524] clocksource: jiffies: mask: 0xffffffff max_cycles: 0xffffffff, max_idle_ns: 19112604462750000 ns
[STDOUT  ] 2017-08-16T15:57:54.562122975Z: [    0.856489] HugeTLB registered 2 MB page size, pre-allocated 0 pages
[STDERR  ] 2017-08-16T15:57:54.562126049Z: [    0.776316] futex hash table entries: 256 (order: 2, 16384 bytes)
[STDOUT  ] 2017-08-16T15:57:54.562137443Z: [    0.866895] ACPI: Added _OSI(Module Device)
[STDERR  ] 2017-08-16T15:57:54.562141485Z: [    0.783976] NET: Registered protocol family 16
[STDERR  ] 2017-08-16T15:57:54.562152898Z: [    0.793252] cpuidle: using governor ladder
[STDOUT  ] 2017-08-16T15:57:54.562148813Z: [    0.867204] ACPI: Added _OSI(Processor Device)
[STDOUT  ] 2017-08-16T15:57:54.562160784Z: [    0.867474] ACPI: Added _OSI(3.0 _SCP Extensions)
[STDOUT  ] 2017-08-16T15:57:54.562172237Z: [    0.867767] ACPI: Added _OSI(Processor Aggregator Device)
[STDERR  ] 2017-08-16T15:57:54.562164431Z: [    0.793656] cpuidle: using governor menu
[STDERR  ] 2017-08-16T15:57:54.562179908Z: [    0.794710] ACPI: bus type PCI registered
[STDOUT  ] 2017-08-16T15:57:54.562183658Z: [    0.944358] ACPI: Interpreter enabled
[STDOUT  ] 2017-08-16T15:57:54.562194678Z: [    0.945102] ACPI: (supports S0 S5)
[STDERR  ] 2017-08-16T15:57:54.5621942Z: [    0.797451] PCI: MMCONFIG for domain 0000 [bus 00-ff] at [mem 0xb0000000-0xbfffffff] (base 0xb0000000)
[STDERR  ] 2017-08-16T15:57:54.562207591Z: [    0.798129] PCI: MMCONFIG at [mem 0xb0000000-0xbfffffff] reserved in E820
[STDOUT  ] 2017-08-16T15:57:54.562205896Z: [    0.945413] ACPI: Using IOAPIC for interrupt routing
[STDOUT  ] 2017-08-16T15:57:54.562217394Z: [    0.947137] PCI: Using host bridge windows from ACPI; if necessary, use "pci=nocrs" and report a bug
[STDERR  ] 2017-08-16T15:57:54.56221837Z: [    0.799369] PCI: Using configuration type 1 for base access
[STDOUT  ] 2017-08-16T15:57:54.562229826Z: [    1.010475] ACPI: PCI Root Bridge [PCI0] (domain 0000 [bus 00-ff])
[STDERR  ] 2017-08-16T15:57:54.562231537Z: [    0.856489] HugeTLB registered 2 MB page size, pre-allocated 0 pages
[STDOUT  ] 2017-08-16T15:57:54.562242259Z: [    1.011340] acpi PNP0A08:00: _OSC: OS supports [ExtendedConfig ASPM ClockPM Segments MSI]
[STDERR  ] 2017-08-16T15:57:54.562243746Z: [    0.866895] ACPI: Added _OSI(Module Device)
[STDERR  ] 2017-08-16T15:57:54.562255818Z: [    0.867204] ACPI: Added _OSI(Processor Device)
[STDOUT  ] 2017-08-16T15:57:54.562253354Z: [    1.016917] acpi PNP0A08:00: _OSC: OS now controls [PCIeHotplug PME PCIeCapability]
[STDERR  ] 2017-08-16T15:57:54.562267546Z: [    0.867474] ACPI: Added _OSI(3.0 _SCP Extensions)
[STDOUT  ] 2017-08-16T15:57:54.562269757Z: [    1.020564] PCI host bridge to bus 0000:00
[STDERR  ] 2017-08-16T15:57:54.562279257Z: [    0.867767] ACPI: Added _OSI(Processor Aggregator Device)
[STDOUT  ] 2017-08-16T15:57:54.562280982Z: [    1.020925] pci_bus 0000:00: root bus resource [io  0x0000-0x0cf7 window]
[STDERR  ] 2017-08-16T15:57:54.562290824Z: [    0.944358] ACPI: Interpreter enabled
[STDOUT  ] 2017-08-16T15:57:54.562295081Z: [    1.021272] pci_bus 0000:00: root bus resource [io  0x0d00-0xffff window]
[STDERR  ] 2017-08-16T15:57:54.562302035Z: [    0.945102] ACPI: (supports S0 S5)
[STDOUT  ] 2017-08-16T15:57:54.562306477Z: [    1.021595] pci_bus 0000:00: root bus resource [mem 0x000a0000-0x000bffff window]
[STDERR  ] 2017-08-16T15:57:54.562312994Z: [    0.945413] ACPI: Using IOAPIC for interrupt routing
[STDOUT  ] 2017-08-16T15:57:54.562320768Z: [    1.021953] pci_bus 0000:00: root bus resource [mem 0xc0000000-0xfebfffff window]
[STDERR  ] 2017-08-16T15:57:54.56232472Z: [    0.947137] PCI: Using host bridge windows from ACPI; if necessary, use "pci=nocrs" and report a bug
[STDOUT  ] 2017-08-16T15:57:54.56233209Z: [    1.022422] pci_bus 0000:00: root bus resource [bus 00-ff]
[STDERR  ] 2017-08-16T15:57:54.56233597Z: [    1.010475] ACPI: PCI Root Bridge [PCI0] (domain 0000 [bus 00-ff])
[STDERR  ] 2017-08-16T15:57:54.56234718Z: [    1.011340] acpi PNP0A08:00: _OSC: OS supports [ExtendedConfig ASPM ClockPM Segments MSI]
[STDOUT  ] 2017-08-16T15:57:54.562343836Z: [    1.126620] pci 0000:00:1f.0: quirk: [io  0x0600-0x067f] claimed by ICH6 ACPI/GPIO/TCO
[STDOUT  ] 2017-08-16T15:57:54.562355507Z: [    1.187602] ACPI: PCI Interrupt Link [LNKA] (IRQs 5 *10 11)
[STDERR  ] 2017-08-16T15:57:54.562358524Z: [    1.016917] acpi PNP0A08:00: _OSC: OS now controls [PCIeHotplug PME PCIeCapability]
[STDOUT  ] 2017-08-16T15:57:54.562372812Z: [    1.189582] ACPI: PCI Interrupt Link [LNKB] (IRQs 5 *10 11)
[STDERR  ] 2017-08-16T15:57:54.562378684Z: [    1.020564] PCI host bridge to bus 0000:00
[STDOUT  ] 2017-08-16T15:57:54.562385397Z: [    1.191420] ACPI: PCI Interrupt Link [LNKC] (IRQs 5 10 *11)
[STDERR  ] 2017-08-16T15:57:54.562390037Z: [    1.020925] pci_bus 0000:00: root bus resource [io  0x0000-0x0cf7 window]
[STDOUT  ] 2017-08-16T15:57:54.562396807Z: [    1.193137] ACPI: PCI Interrupt Link [LNKD] (IRQs 5 10 *11)
[STDERR  ] 2017-08-16T15:57:54.562403714Z: [    1.021272] pci_bus 0000:00: root bus resource [io  0x0d00-0xffff window]
[STDOUT  ] 2017-08-16T15:57:54.562408071Z: [    1.194832] ACPI: PCI Interrupt Link [LNKE] (IRQs 5 *10 11)
[STDERR  ] 2017-08-16T15:57:54.562415205Z: [    1.021595] pci_bus 0000:00: root bus resource [mem 0x000a0000-0x000bffff window]
[STDOUT  ] 2017-08-16T15:57:54.562419313Z: [    1.196569] ACPI: PCI Interrupt Link [LNKF] (IRQs 5 *10 11)
[STDERR  ] 2017-08-16T15:57:54.562427255Z: [    1.021953] pci_bus 0000:00: root bus resource [mem 0xc0000000-0xfebfffff window]
[STDOUT  ] 2017-08-16T15:57:54.562430348Z: [    1.198279] ACPI: PCI Interrupt Link [LNKG] (IRQs 5 10 *11)
[STDERR  ] 2017-08-16T15:57:54.562438735Z: [    1.022422] pci_bus 0000:00: root bus resource [bus 00-ff]
[STDOUT  ] 2017-08-16T15:57:54.562442684Z: [    1.200464] ACPI: PCI Interrupt Link [LNKH] (IRQs 5 10 *11)
[STDERR  ] 2017-08-16T15:57:54.562450202Z: [    1.126620] pci 0000:00:1f.0: quirk: [io  0x0600-0x067f] claimed by ICH6 ACPI/GPIO/TCO
[STDOUT  ] 2017-08-16T15:57:54.562454247Z: [    1.201277] ACPI: PCI Interrupt Link [GSIA] (IRQs *16)
[STDERR  ] 2017-08-16T15:57:54.562462286Z: [    1.187602] ACPI: PCI Interrupt Link [LNKA] (IRQs 5 *10 11)
[STDOUT  ] 2017-08-16T15:57:54.5624654Z: [    1.201858] ACPI: PCI Interrupt Link [GSIB] (IRQs *17)
[STDERR  ] 2017-08-16T15:57:54.562474248Z: [    1.189582] ACPI: PCI Interrupt Link [LNKB] (IRQs 5 *10 11)
[STDOUT  ] 2017-08-16T15:57:54.562477302Z: [    1.202427] ACPI: PCI Interrupt Link [GSIC] (IRQs *18)
[STDERR  ] 2017-08-16T15:57:54.562486127Z: [    1.191420] ACPI: PCI Interrupt Link [LNKC] (IRQs 5 10 *11)
[STDOUT  ] 2017-08-16T15:57:54.562493279Z: [    1.203019] ACPI: PCI Interrupt Link [GSID] (IRQs *19)
[STDERR  ] 2017-08-16T15:57:54.562497633Z: [    1.193137] ACPI: PCI Interrupt Link [LNKD] (IRQs 5 10 *11)
[STDOUT  ] 2017-08-16T15:57:54.562504014Z: [    1.203595] ACPI: PCI Interrupt Link [GSIE] (IRQs *20)
[STDERR  ] 2017-08-16T15:57:54.562511724Z: [    1.194832] ACPI: PCI Interrupt Link [LNKE] (IRQs 5 *10 11)
[STDOUT  ] 2017-08-16T15:57:54.562514889Z: [    1.204174] ACPI: PCI Interrupt Link [GSIF] (IRQs *21)
[STDOUT  ] 2017-08-16T15:57:54.56252605Z: [    1.204755] ACPI: PCI Interrupt Link [GSIG] (IRQs *22)
[STDERR  ] 2017-08-16T15:57:54.562522923Z: [    1.196569] ACPI: PCI Interrupt Link [LNKF] (IRQs 5 *10 11)
[STDERR  ] 2017-08-16T15:57:54.562534062Z: [    1.198279] ACPI: PCI Interrupt Link [LNKG] (IRQs 5 10 *11)
[STDOUT  ] 2017-08-16T15:57:54.562537205Z: [    1.205331] ACPI: PCI Interrupt Link [GSIH] (IRQs *23)
[STDERR  ] 2017-08-16T15:57:54.562545324Z: [    1.200464] ACPI: PCI Interrupt Link [LNKH] (IRQs 5 10 *11)
[STDOUT  ] 2017-08-16T15:57:54.562548351Z: [    1.208849] ACPI: Enabled 2 GPEs in block 00 to 3F
[STDERR  ] 2017-08-16T15:57:54.562556633Z: [    1.201277] ACPI: PCI Interrupt Link [GSIA] (IRQs *16)
[STDOUT  ] 2017-08-16T15:57:54.562559418Z: [    1.213184] SCSI subsystem initialized
[STDERR  ] 2017-08-16T15:57:54.56256762Z: [    1.201858] ACPI: PCI Interrupt Link [GSIB] (IRQs *17)
[STDOUT  ] 2017-08-16T15:57:54.562570937Z: [    1.214939] ACPI: bus type USB registered
[STDERR  ] 2017-08-16T15:57:54.562579933Z: [    1.202427] ACPI: PCI Interrupt Link [GSIC] (IRQs *18)
[STDOUT  ] 2017-08-16T15:57:54.562582429Z: [    1.216463] usbcore: registered new interface driver usbfs
[STDERR  ] 2017-08-16T15:57:54.562591165Z: [    1.203019] ACPI: PCI Interrupt Link [GSID] (IRQs *19)
[STDOUT  ] 2017-08-16T15:57:54.562593322Z: [    1.217352] usbcore: registered new interface driver hub
[STDERR  ] 2017-08-16T15:57:54.562606519Z: [    1.203595] ACPI: PCI Interrupt Link [GSIE] (IRQs *20)
[STDOUT  ] 2017-08-16T15:57:54.562607404Z: [    1.218103] usbcore: registered new device driver usb
[STDERR  ] 2017-08-16T15:57:54.56261799Z: [    1.204174] ACPI: PCI Interrupt Link [GSIF] (IRQs *21)
[STDOUT  ] 2017-08-16T15:57:54.562619737Z: [    1.219194] pps_core: LinuxPPS API ver. 1 registered
[STDERR  ] 2017-08-16T15:57:54.562629365Z: [    1.204755] ACPI: PCI Interrupt Link [GSIG] (IRQs *22)
[STDOUT  ] 2017-08-16T15:57:54.562630958Z: [    1.219523] pps_core: Software ver. 5.3.6 - Copyright 2005-2007 Rodolfo Giometti <giometti@linux.it>
[STDERR  ] 2017-08-16T15:57:54.562640549Z: [    1.205331] ACPI: PCI Interrupt Link [GSIH] (IRQs *23)
[STDERR  ] 2017-08-16T15:57:54.56265153Z: [    1.208849] ACPI: Enabled 2 GPEs in block 00 to 3F
[STDOUT  ] 2017-08-16T15:57:54.562642925Z: [    1.220194] PTP clock support registered
[STDERR  ] 2017-08-16T15:57:54.562663193Z: [    1.213184] SCSI subsystem initialized
[STDOUT  ] 2017-08-16T15:57:54.562659715Z: [    1.221339] wmi: Mapper loaded
[STDOUT  ] 2017-08-16T15:57:54.562670956Z: [    1.222352] PCI: Using ACPI for IRQ routing
[STDERR  ] 2017-08-16T15:57:54.562674417Z: [    1.214939] ACPI: bus type USB registered
[STDOUT  ] 2017-08-16T15:57:54.56268188Z: [    1.240679] NetLabel: Initializing
[STDERR  ] 2017-08-16T15:57:54.562690176Z: [    1.216463] usbcore: registered new interface driver usbfs
[STDOUT  ] 2017-08-16T15:57:54.562693459Z: [    1.240924] NetLabel:  domain hash size = 128
[STDERR  ] 2017-08-16T15:57:54.562701323Z: [    1.217352] usbcore: registered new interface driver hub
[STDOUT  ] 2017-08-16T15:57:54.562704546Z: [    1.241188] NetLabel:  protocols = UNLABELED CIPSOv4
[STDERR  ] 2017-08-16T15:57:54.562712802Z: [    1.218103] usbcore: registered new device driver usb
[STDOUT  ] 2017-08-16T15:57:54.562717258Z: [    1.242982] NetLabel:  unlabeled traffic allowed by default
[STDERR  ] 2017-08-16T15:57:54.562727806Z: [    1.219194] pps_core: LinuxPPS API ver. 1 registered
[STDOUT  ] 2017-08-16T15:57:54.56272964Z: [    1.243800] HPET: 3 timers in total, 0 timers will be used for per-cpu timer
[STDERR  ] 2017-08-16T15:57:54.562739176Z: [    1.219523] pps_core: Software ver. 5.3.6 - Copyright 2005-2007 Rodolfo Giometti <giometti@linux.it>
[STDOUT  ] 2017-08-16T15:57:54.562741039Z: [    1.244474] hpet0: at MMIO 0xfed00000, IRQs 2, 8, 0
[STDOUT  ] 2017-08-16T15:57:54.56275231Z: [    1.244935] hpet0: 3 comparators, 64-bit 100.000000 MHz counter
[STDERR  ] 2017-08-16T15:57:54.562750512Z: [    1.220194] PTP clock support registered
[STDOUT  ] 2017-08-16T15:57:54.562763615Z: [    1.249586] clocksource: Switched to clocksource hpet
[STDERR  ] 2017-08-16T15:57:54.562761591Z: [    1.221339] wmi: Mapper loaded
[STDERR  ] 2017-08-16T15:57:54.562772692Z: [    1.222352] PCI: Using ACPI for IRQ routing
[STDOUT  ] 2017-08-16T15:57:54.562774612Z: [    1.511673] VFS: Disk quotas dquot_6.6.0
[STDERR  ] 2017-08-16T15:57:54.562783757Z: [    1.240679] NetLabel: Initializing
[STDOUT  ] 2017-08-16T15:57:54.562787331Z: [    1.512277] VFS: Dquot-cache hash table entries: 512 (order 0, 4096 bytes)
[STDERR  ] 2017-08-16T15:57:54.562794232Z: [    1.240924] NetLabel:  domain hash size = 128
[STDOUT  ] 2017-08-16T15:57:54.56279899Z: [    1.514783] FS-Cache: Loaded
[STDOUT  ] 2017-08-16T15:57:54.56281021Z: [    1.519486] CacheFiles: Loaded
[STDERR  ] 2017-08-16T15:57:54.562806858Z: [    1.241188] NetLabel:  protocols = UNLABELED CIPSOv4
[STDERR  ] 2017-08-16T15:57:54.562818122Z: [    1.242982] NetLabel:  unlabeled traffic allowed by default
[STDOUT  ] 2017-08-16T15:57:54.562821463Z: [    1.521303] pnp: PnP ACPI init
[STDOUT  ] 2017-08-16T15:57:54.56283234Z: [    1.532864] pnp: PnP ACPI: found 5 devices
[STDERR  ] 2017-08-16T15:57:54.562829343Z: [    1.243800] HPET: 3 timers in total, 0 timers will be used for per-cpu timer
[STDOUT  ] 2017-08-16T15:57:54.562843446Z: [    1.582794] clocksource: acpi_pm: mask: 0xffffff max_cycles: 0xffffff, max_idle_ns: 2085701024 ns
[STDERR  ] 2017-08-16T15:57:54.562840986Z: [    1.244474] hpet0: at MMIO 0xfed00000, IRQs 2, 8, 0
[STDOUT  ] 2017-08-16T15:57:54.562861362Z: [    1.585530] NET: Registered protocol family 2
[STDERR  ] 2017-08-16T15:57:54.562864949Z: [    1.244935] hpet0: 3 comparators, 64-bit 100.000000 MHz counter
[STDERR  ] 2017-08-16T15:57:54.562875848Z: [    1.249586] clocksource: Switched to clocksource hpet
[STDOUT  ] 2017-08-16T15:57:54.56287265Z: [    1.592704] TCP established hash table entries: 8192 (order: 4, 65536 bytes)
[STDERR  ] 2017-08-16T15:57:54.562886746Z: [    1.511673] VFS: Disk quotas dquot_6.6.0
[STDOUT  ] 2017-08-16T15:57:54.562888861Z: [    1.593370] TCP bind hash table entries: 8192 (order: 5, 131072 bytes)
[STDERR  ] 2017-08-16T15:57:54.562897587Z: [    1.512277] VFS: Dquot-cache hash table entries: 512 (order 0, 4096 bytes)
[STDOUT  ] 2017-08-16T15:57:54.562903965Z: [    1.594006] TCP: Hash tables configured (established 8192 bind 8192)
[STDERR  ] 2017-08-16T15:57:54.562909936Z: [    1.514783] FS-Cache: Loaded
[STDOUT  ] 2017-08-16T15:57:54.562916338Z: [    1.595901] UDP hash table entries: 512 (order: 2, 16384 bytes)
[STDERR  ] 2017-08-16T15:57:54.562921127Z: [    1.519486] CacheFiles: Loaded
[STDOUT  ] 2017-08-16T15:57:54.562929016Z: [    1.596419] UDP-Lite hash table entries: 512 (order: 2, 16384 bytes)
[STDERR  ] 2017-08-16T15:57:54.562932884Z: [    1.521303] pnp: PnP ACPI init
[STDOUT  ] 2017-08-16T15:57:54.56293963Z: [    1.598606] NET: Registered protocol family 1
[STDERR  ] 2017-08-16T15:57:54.562943823Z: [    1.532864] pnp: PnP ACPI: found 5 devices
[STDOUT  ] 2017-08-16T15:57:54.562950459Z: [    1.599485] pci 0000:00:01.0: Video device with shadowed ROM at [mem 0x000c0000-0x000dffff]
[STDERR  ] 2017-08-16T15:57:54.562954628Z: [    1.582794] clocksource: acpi_pm: mask: 0xffffff max_cycles: 0xffffff, max_idle_ns: 2085701024 ns
[STDOUT  ] 2017-08-16T15:57:54.56296169Z: [    1.606893] Unpacking initramfs...
[STDERR  ] 2017-08-16T15:57:54.562967803Z: [    1.585530] NET: Registered protocol family 2
[STDOUT  ] 2017-08-16T15:57:54.562972261Z: [    5.874402] Freeing initrd memory: 25928K
[STDERR  ] 2017-08-16T15:57:54.56298112Z: [    1.592704] TCP established hash table entries: 8192 (order: 4, 65536 bytes)
[STDOUT  ] 2017-08-16T15:57:54.562984442Z: [    5.898188] PCLMULQDQ-NI instructions are not detected.
[STDERR  ] 2017-08-16T15:57:54.562992724Z: [    1.593370] TCP bind hash table entries: 8192 (order: 5, 131072 bytes)
[STDOUT  ] 2017-08-16T15:57:54.562995449Z: [    5.899274] AVX or AES-NI instructions are not detected.
[STDERR  ] 2017-08-16T15:57:54.563006702Z: [    1.594006] TCP: Hash tables configured (established 8192 bind 8192)
[STDOUT  ] 2017-08-16T15:57:54.563009734Z: [    5.899664] CPU feature 'AVX registers' is not supported.
[STDERR  ] 2017-08-16T15:57:54.563018445Z: [    1.595901] UDP hash table entries: 512 (order: 2, 16384 bytes)
[STDOUT  ] 2017-08-16T15:57:54.563020765Z: [    5.900034] CPU feature 'AVX registers' is not supported.
[STDOUT  ] 2017-08-16T15:57:54.563031395Z: [    5.900652] CPU feature 'AVX registers' is not supported.
[STDERR  ] 2017-08-16T15:57:54.563031813Z: [    1.596419] UDP-Lite hash table entries: 512 (order: 2, 16384 bytes)
[STDOUT  ] 2017-08-16T15:57:54.563042375Z: [    5.901013] CPU feature 'AVX registers' is not supported.
[STDERR  ] 2017-08-16T15:57:54.563044111Z: [    1.598606] NET: Registered protocol family 1
[STDERR  ] 2017-08-16T15:57:54.563055064Z: [    1.599485] pci 0000:00:01.0: Video device with shadowed ROM at [mem 0x000c0000-0x000dffff]
[STDOUT  ] 2017-08-16T15:57:54.563053321Z: [    5.901366] AVX2 or AES-NI instructions are not detected.
[STDERR  ] 2017-08-16T15:57:54.563067001Z: [    1.606893] Unpacking initramfs...
[STDOUT  ] 2017-08-16T15:57:54.563064211Z: [    5.901709] AVX2 instructions are not detected.
[STDOUT  ] 2017-08-16T15:57:54.563075249Z: [    5.907030] audit: initializing netlink subsys (disabled)
[STDERR  ] 2017-08-16T15:57:54.563078149Z: [    5.874402] Freeing initrd memory: 25928K
[STDOUT  ] 2017-08-16T15:57:54.563085915Z: [    5.908582] audit: type=2000 audit(1502899038.900:1): initialized
[STDOUT  ] 2017-08-16T15:57:54.563102254Z: [    5.916585] workingset: timestamp_bits=46 max_order=18 bucket_order=0
[STDERR  ] 2017-08-16T15:57:54.563097634Z: [    5.898188] PCLMULQDQ-NI instructions are not detected.
[STDERR  ] 2017-08-16T15:57:54.563110086Z: [    5.899274] AVX or AES-NI instructions are not detected.
[STDOUT  ] 2017-08-16T15:57:54.563113593Z: [    5.923470] FS-Cache: Netfs 'cifs' registered for caching
[STDERR  ] 2017-08-16T15:57:54.563121581Z: [    5.899664] CPU feature 'AVX registers' is not supported.
[STDOUT  ] 2017-08-16T15:57:54.563127192Z: [    5.924374] fuse init (API version 7.26)
[STDERR  ] 2017-08-16T15:57:54.563132561Z: [    5.900034] CPU feature 'AVX registers' is not supported.
[STDOUT  ] 2017-08-16T15:57:54.563139002Z: [    5.926629] SGI XFS with ACLs, security attributes, no debug enabled
[STDERR  ] 2017-08-16T15:57:54.563143352Z: [    5.900652] CPU feature 'AVX registers' is not supported.
[STDOUT  ] 2017-08-16T15:57:54.563150639Z: [    5.933398] 9p: Installing v9fs 9p2000 file system support
[STDERR  ] 2017-08-16T15:57:54.563154212Z: [    5.901013] CPU feature 'AVX registers' is not supported.
[STDOUT  ] 2017-08-16T15:57:54.563161479Z: [    5.933854] FS-Cache: Netfs '9p' registered for caching
[STDERR  ] 2017-08-16T15:57:54.563165238Z: [    5.901366] AVX2 or AES-NI instructions are not detected.
[STDOUT  ] 2017-08-16T15:57:54.563172259Z: [    5.967372] NET: Registered protocol family 38
[STDERR  ] 2017-08-16T15:57:54.563176331Z: [    5.901709] AVX2 instructions are not detected.
[STDERR  ] 2017-08-16T15:57:54.563187049Z: [    5.907030] audit: initializing netlink subsys (disabled)
[STDOUT  ] 2017-08-16T15:57:54.563185675Z: [    5.967883] Key type asymmetric registered
[STDOUT  ] 2017-08-16T15:57:54.563196791Z: [    5.968194] Asymmetric key parser 'x509' registered
[STDERR  ] 2017-08-16T15:57:54.563198033Z: [    5.908582] audit: type=2000 audit(1502899038.900:1): initialized
[STDERR  ] 2017-08-16T15:57:54.563209502Z: [    5.916585] workingset: timestamp_bits=46 max_order=18 bucket_order=0
[STDOUT  ] 2017-08-16T15:57:54.563207763Z: [    5.968915] Block layer SCSI generic (bsg) driver version 0.4 loaded (major 251)
[STDOUT  ] 2017-08-16T15:57:54.563219299Z: [    5.970385] io scheduler noop registered
[STDERR  ] 2017-08-16T15:57:54.563220513Z: [    5.923470] FS-Cache: Netfs 'cifs' registered for caching
[STDOUT  ] 2017-08-16T15:57:54.563230338Z: [    5.970686] io scheduler deadline registered (default)
[STDERR  ] 2017-08-16T15:57:54.563232037Z: [    5.924374] fuse init (API version 7.26)
[STDOUT  ] 2017-08-16T15:57:54.563241155Z: [    5.971606] io scheduler cfq registered
[STDERR  ] 2017-08-16T15:57:54.563242953Z: [    5.926629] SGI XFS with ACLs, security attributes, no debug enabled
[STDOUT  ] 2017-08-16T15:57:54.563251995Z: [    5.974140] pci_hotplug: PCI Hot Plug PCI Core version: 0.5
[STDERR  ] 2017-08-16T15:57:54.563254257Z: [    5.933398] 9p: Installing v9fs 9p2000 file system support
[STDOUT  ] 2017-08-16T15:57:54.563263078Z: [    5.974673] pciehp: PCI Express Hot Plug Controller Driver version: 0.4
[STDERR  ] 2017-08-16T15:57:54.563269588Z: [    5.933854] FS-Cache: Netfs '9p' registered for caching
[STDOUT  ] 2017-08-16T15:57:54.563274563Z: [    5.975406] shpchp: Standard Hot Plug PCI Controller Driver version: 0.4
[STDERR  ] 2017-08-16T15:57:54.563280534Z: [    5.967372] NET: Registered protocol family 38
[STDOUT  ] 2017-08-16T15:57:54.563286984Z: [    5.976175] hv_vmbus: registering driver hyperv_fb
[STDERR  ] 2017-08-16T15:57:54.563291411Z: [    5.967883] Key type asymmetric registered
[STDOUT  ] 2017-08-16T15:57:54.563297808Z: [    5.979189] input: Power Button as /devices/LNXSYSTM:00/LNXPWRBN:00/input/input0
[STDERR  ] 2017-08-16T15:57:54.563302043Z: [    5.968194] Asymmetric key parser 'x509' registered
[STDOUT  ] 2017-08-16T15:57:54.563310484Z: [    5.980440] ACPI: Power Button [PWRF]
[STDERR  ] 2017-08-16T15:57:54.563313083Z: [    5.968915] Block layer SCSI generic (bsg) driver version 0.4 loaded (major 251)
[STDOUT  ] 2017-08-16T15:57:54.563321513Z: [    5.985355] GHES: HEST is not enabled!
[STDOUT  ] 2017-08-16T15:57:54.563337539Z: [    5.997649] ACPI: PCI Interrupt Link [GSIG] enabled at IRQ 22
[STDERR  ] 2017-08-16T15:57:54.563335656Z: [    5.970385] io scheduler noop registered
[STDERR  ] 2017-08-16T15:57:54.563346918Z: [    5.970686] io scheduler deadline registered (default)
[STDOUT  ] 2017-08-16T15:57:54.563348638Z: [    6.010447] ACPI: PCI Interrupt Link [GSIH] enabled at IRQ 23
[STDERR  ] 2017-08-16T15:57:54.563357824Z: [    5.971606] io scheduler cfq registered
[STDOUT  ] 2017-08-16T15:57:54.563359728Z: [    6.014198] xenfs: not registering filesystem on non-xen platform
[STDERR  ] 2017-08-16T15:57:54.563368735Z: [    5.974140] pci_hotplug: PCI Hot Plug PCI Core version: 0.5
[STDOUT  ] 2017-08-16T15:57:54.563370716Z: [    6.016155] Serial: 8250/16550 driver, 4 ports, IRQ sharing disabled
[STDERR  ] 2017-08-16T15:57:54.563379893Z: [    5.974673] pciehp: PCI Express Hot Plug Controller Driver version: 0.4
[STDOUT  ] 2017-08-16T15:57:54.563382158Z: [    6.040990] 00:04: ttyS0 at I/O 0x3f8 (irq = 4, base_baud = 115200) is a 16550A
[STDOUT  ] 2017-08-16T15:57:54.563393158Z: [    6.051620] Non-volatile memory driver v1.3
[STDERR  ] 2017-08-16T15:57:54.563392494Z: [    5.975406] shpchp: Standard Hot Plug PCI Controller Driver version: 0.4
[STDERR  ] 2017-08-16T15:57:54.563403445Z: [    5.976175] hv_vmbus: registering driver hyperv_fb
[STDOUT  ] 2017-08-16T15:57:54.563403925Z: [    6.058286] Hangcheck: starting hangcheck timer 0.9.1 (tick is 180 seconds, margin is 60 seconds).
[STDOUT  ] 2017-08-16T15:57:54.563416349Z: [    6.063442] random: fast init done
[STDERR  ] 2017-08-16T15:57:54.563414249Z: [    5.979189] input: Power Button as /devices/LNXSYSTM:00/LNXPWRBN:00/input/input0
[STDERR  ] 2017-08-16T15:57:54.563425661Z: [    5.980440] ACPI: Power Button [PWRF]
[STDOUT  ] 2017-08-16T15:57:54.563427164Z: [    6.064599] random: crng init done
[STDERR  ] 2017-08-16T15:57:54.5634367Z: [    5.985355] GHES: HEST is not enabled!
[STDOUT  ] 2017-08-16T15:57:54.563438465Z: [    6.100523] loop: module loaded
[STDERR  ] 2017-08-16T15:57:54.56344752Z: [    5.997649] ACPI: PCI Interrupt Link [GSIG] enabled at IRQ 22
[STDOUT  ] 2017-08-16T15:57:54.563449672Z: [    6.114982] nbd: registered device at major 43
[STDOUT  ] 2017-08-16T15:57:54.563460773Z: [    6.158275] lpc_ich 0000:00:1f.0: I/O space for GPIO uninitialized
[STDERR  ] 2017-08-16T15:57:54.563458834Z: [    6.010447] ACPI: PCI Interrupt Link [GSIH] enabled at IRQ 23
[STDOUT  ] 2017-08-16T15:57:54.563471645Z: [    6.159909] VMware PVSCSI driver - version 1.0.7.0-k
[STDERR  ] 2017-08-16T15:57:54.563469836Z: [    6.014198] xenfs: not registering filesystem on non-xen platform
[STDERR  ] 2017-08-16T15:57:54.563485904Z: [    6.016155] Serial: 8250/16550 driver, 4 ports, IRQ sharing disabled
[STDOUT  ] 2017-08-16T15:57:54.563491495Z: [    6.160793] hv_vmbus: registering driver hv_storvsc
[STDERR  ] 2017-08-16T15:57:54.563498139Z: [    6.040990] 00:04: ttyS0 at I/O 0x3f8 (irq = 4, base_baud = 115200) is a 16550A
[STDOUT  ] 2017-08-16T15:57:54.563502318Z: [    6.171576] ACPI: PCI Interrupt Link [GSIA] enabled at IRQ 16
[STDERR  ] 2017-08-16T15:57:54.563509414Z: [    6.051620] Non-volatile memory driver v1.3
[STDOUT  ] 2017-08-16T15:57:54.563513373Z: [    6.177592] ahci 0000:00:1f.2: AHCI 0001.0000 32 slots 6 ports 1.5 Gbps 0x3f impl SATA mode
[STDERR  ] 2017-08-16T15:57:54.563520227Z: [    6.058286] Hangcheck: starting hangcheck timer 0.9.1 (tick is 180 seconds, margin is 60 seconds).
[STDOUT  ] 2017-08-16T15:57:54.563524944Z: [    6.178184] ahci 0000:00:1f.2: flags: 64bit ncq only 
[STDERR  ] 2017-08-16T15:57:54.563531015Z: [    6.063442] random: fast init done
[STDOUT  ] 2017-08-16T15:57:54.563535604Z: [    6.198724] scsi host0: ahci
[STDERR  ] 2017-08-16T15:57:54.563546527Z: [    6.064599] random: crng init done
[STDOUT  ] 2017-08-16T15:57:54.563548254Z: [    6.202511] scsi host1: ahci
[STDERR  ] 2017-08-16T15:57:54.563557418Z: [    6.100523] loop: module loaded
[STDOUT  ] 2017-08-16T15:57:54.563563669Z: [    6.204675] scsi host2: ahci
[STDERR  ] 2017-08-16T15:57:54.563571716Z: [    6.114982] nbd: registered device at major 43
[STDOUT  ] 2017-08-16T15:57:54.563576313Z: [    6.206874] scsi host3: ahci
[STDERR  ] 2017-08-16T15:57:54.563582771Z: [    6.158275] lpc_ich 0000:00:1f.0: I/O space for GPIO uninitialized
[STDOUT  ] 2017-08-16T15:57:54.563587818Z: [    6.209169] scsi host4: ahci
[STDERR  ] 2017-08-16T15:57:54.563596015Z: [    6.159909] VMware PVSCSI driver - version 1.0.7.0-k
[STDOUT  ] 2017-08-16T15:57:54.563599008Z: [    6.210172] scsi host5: ahci
[STDERR  ] 2017-08-16T15:57:54.563608337Z: [    6.160793] hv_vmbus: registering driver hv_storvsc
[STDOUT  ] 2017-08-16T15:57:54.563610228Z: [    6.210172] ata1: SATA max UDMA/133 abar m4096@0xfebd2000 port 0xfebd2100 irq 24
[STDOUT  ] 2017-08-16T15:57:54.563623514Z: [    6.210172] ata2: SATA max UDMA/133 abar m4096@0xfebd2000 port 0xfebd2180 irq 24
[STDERR  ] 2017-08-16T15:57:54.563620093Z: [    6.171576] ACPI: PCI Interrupt Link [GSIA] enabled at IRQ 16
[STDERR  ] 2017-08-16T15:57:54.563631631Z: [    6.177592] ahci 0000:00:1f.2: AHCI 0001.0000 32 slots 6 ports 1.5 Gbps 0x3f impl SATA mode
[STDOUT  ] 2017-08-16T15:57:54.563639136Z: [    6.210172] ata3: SATA max UDMA/133 abar m4096@0xfebd2000 port 0xfebd2200 irq 24
[STDERR  ] 2017-08-16T15:57:54.56364374Z: [    6.178184] ahci 0000:00:1f.2: flags: 64bit ncq only 
[STDOUT  ] 2017-08-16T15:57:54.563650863Z: [    6.210172] ata4: SATA max UDMA/133 abar m4096@0xfebd2000 port 0xfebd2280 irq 24
[STDERR  ] 2017-08-16T15:57:54.563654822Z: [    6.198724] scsi host0: ahci
[STDOUT  ] 2017-08-16T15:57:54.563662284Z: [    6.210172] ata5: SATA max UDMA/133 abar m4096@0xfebd2000 port 0xfebd2300 irq 24
[STDERR  ] 2017-08-16T15:57:54.563666144Z: [    6.202511] scsi host1: ahci
[STDOUT  ] 2017-08-16T15:57:54.563673215Z: [    6.210172] ata6: SATA max UDMA/133 abar m4096@0xfebd2000 port 0xfebd2380 irq 24
[STDERR  ] 2017-08-16T15:57:54.563677216Z: [    6.204675] scsi host2: ahci
[STDERR  ] 2017-08-16T15:57:54.563688183Z: [    6.206874] scsi host3: ahci
[STDOUT  ] 2017-08-16T15:57:54.56368414Z: [    6.239291] tun: Universal TUN/TAP device driver, 1.6
[STDOUT  ] 2017-08-16T15:57:54.563695994Z: [    6.239665] tun: (C) 1999-2004 Max Krasnyansky <maxk@qualcomm.com>
[STDERR  ] 2017-08-16T15:57:54.563699095Z: [    6.209169] scsi host4: ahci
[STDOUT  ] 2017-08-16T15:57:54.563707148Z: [    6.256079] VMware vmxnet3 virtual NIC driver - version 1.4.a.0-k-NAPI
[STDERR  ] 2017-08-16T15:57:54.563710085Z: [    6.210172] scsi host5: ahci
[STDOUT  ] 2017-08-16T15:57:54.563718268Z: [    6.257125] hv_vmbus: registering driver hv_netvsc
[STDERR  ] 2017-08-16T15:57:54.563721105Z: [    6.210172] ata1: SATA max UDMA/133 abar m4096@0xfebd2000 port 0xfebd2100 irq 24
[STDOUT  ] 2017-08-16T15:57:54.563729305Z: [    6.257362] Fusion MPT base driver 3.04.20
[STDERR  ] 2017-08-16T15:57:54.563732314Z: [    6.210172] ata2: SATA max UDMA/133 abar m4096@0xfebd2000 port 0xfebd2180 irq 24
[STDOUT  ] 2017-08-16T15:57:54.563740468Z: [    6.257642] Copyright (c) 1999-2008 LSI Corporation
[STDERR  ] 2017-08-16T15:57:54.56374321Z: [    6.210172] ata3: SATA max UDMA/133 abar m4096@0xfebd2000 port 0xfebd2200 irq 24
[STDOUT  ] 2017-08-16T15:57:54.563751473Z: [    6.258290] Fusion MPT SPI Host driver 3.04.20
[STDERR  ] 2017-08-16T15:57:54.56375422Z: [    6.210172] ata4: SATA max UDMA/133 abar m4096@0xfebd2000 port 0xfebd2280 irq 24
[STDERR  ] 2017-08-16T15:57:54.563767411Z: [    6.210172] ata5: SATA max UDMA/133 abar m4096@0xfebd2000 port 0xfebd2300 irq 24
[STDOUT  ] 2017-08-16T15:57:54.56379105Z: [    6.261729] i8042: PNP: PS/2 Controller [PNP0303:KBD,PNP0f13:MOU] at 0x60,0x64 irq 1,12
[STDERR  ] 2017-08-16T15:57:54.56377795Z: [    6.210172] ata6: SATA max UDMA/133 abar m4096@0xfebd2000 port 0xfebd2380 irq 24
[STDERR  ] 2017-08-16T15:57:54.563802343Z: [    6.239291] tun: Universal TUN/TAP device driver, 1.6
[STDOUT  ] 2017-08-16T15:57:54.563806135Z: [    6.267799] serio: i8042 KBD port at 0x60,0x64 irq 1
[STDERR  ] 2017-08-16T15:57:54.563812932Z: [    6.239665] tun: (C) 1999-2004 Max Krasnyansky <maxk@qualcomm.com>
[STDERR  ] 2017-08-16T15:57:54.563837854Z: [    6.256079] VMware vmxnet3 virtual NIC driver - version 1.4.a.0-k-NAPI
[STDOUT  ] 2017-08-16T15:57:54.563836456Z: [    6.268529] serio: i8042 AUX port at 0x60,0x64 irq 12
[STDERR  ] 2017-08-16T15:57:54.563848921Z: [    6.257125] hv_vmbus: registering driver hv_netvsc
[STDOUT  ] 2017-08-16T15:57:54.563847721Z: [    6.272405] hv_vmbus: registering driver hyperv_keyboard
[STDOUT  ] 2017-08-16T15:57:54.563858634Z: [    6.276824] mousedev: PS/2 mouse device common for all mice
[STDERR  ] 2017-08-16T15:57:54.563859764Z: [    6.257362] Fusion MPT base driver 3.04.20
[STDERR  ] 2017-08-16T15:57:54.563870292Z: [    6.257642] Copyright (c) 1999-2008 LSI Corporation
[STDOUT  ] 2017-08-16T15:57:54.563869634Z: [    6.284696] input: AT Translated Set 2 keyboard as /devices/platform/i8042/serio0/input/input1
[STDERR  ] 2017-08-16T15:57:54.5638809Z: [    6.258290] Fusion MPT SPI Host driver 3.04.20
[STDOUT  ] 2017-08-16T15:57:54.563881052Z: [    6.288894] input: PC Speaker as /devices/platform/pcspkr/input/input2
[STDERR  ] 2017-08-16T15:57:54.563891809Z: [    6.261729] i8042: PNP: PS/2 Controller [PNP0303:KBD,PNP0f13:MOU] at 0x60,0x64 irq 1,12
[STDOUT  ] 2017-08-16T15:57:54.563893648Z: [    6.294517] rtc_cmos 00:00: RTC can wake from S4
[STDERR  ] 2017-08-16T15:57:54.563903795Z: [    6.267799] serio: i8042 KBD port at 0x60,0x64 irq 1
[STDOUT  ] 2017-08-16T15:57:54.563903968Z: [    6.299603] rtc_cmos 00:00: rtc core: registered rtc_cmos as rtc0
[STDERR  ] 2017-08-16T15:57:54.56391462Z: [    6.268529] serio: i8042 AUX port at 0x60,0x64 irq 12
[STDOUT  ] 2017-08-16T15:57:54.563916377Z: [    6.301567] rtc_cmos 00:00: alarms up to one day, y3k, 114 bytes nvram, hpet irqs
[STDOUT  ] 2017-08-16T15:57:54.563927759Z: [    6.302369] i2c /dev entries driver
[STDERR  ] 2017-08-16T15:57:54.563925675Z: [    6.272405] hv_vmbus: registering driver hyperv_keyboard
[STDERR  ] 2017-08-16T15:57:54.563944181Z: [    6.276824] mousedev: PS/2 mouse device common for all mice
[STDOUT  ] 2017-08-16T15:57:54.563946725Z: [    6.304952] device-mapper: ioctl: 4.35.0-ioctl (2016-06-23) initialised: dm-devel@redhat.com
[STDOUT  ] 2017-08-16T15:57:54.563958611Z: [    6.309547] usbcore: registered new interface driver usbhid
[STDERR  ] 2017-08-16T15:57:54.563955295Z: [    6.284696] input: AT Translated Set 2 keyboard as /devices/platform/i8042/serio0/input/input1
[STDERR  ] 2017-08-16T15:57:54.563967092Z: [    6.288894] input: PC Speaker as /devices/platform/pcspkr/input/input2
[STDOUT  ] 2017-08-16T15:57:54.563969657Z: [    6.309921] usbhid: USB HID core driver
[STDERR  ] 2017-08-16T15:57:54.563978711Z: [    6.294517] rtc_cmos 00:00: RTC can wake from S4
[STDOUT  ] 2017-08-16T15:57:54.563980434Z: [    6.310716] hv_utils: Registering HyperV Utility Driver
[STDERR  ] 2017-08-16T15:57:54.563989569Z: [    6.299603] rtc_cmos 00:00: rtc core: registered rtc_cmos as rtc0
[STDOUT  ] 2017-08-16T15:57:54.563991681Z: [    6.311032] hv_vmbus: registering driver hv_util
[STDERR  ] 2017-08-16T15:57:54.564000685Z: [    6.301567] rtc_cmos 00:00: alarms up to one day, y3k, 114 bytes nvram, hpet irqs
[STDOUT  ] 2017-08-16T15:57:54.564002888Z: [    6.311306] hv_vmbus: registering driver hv_balloon
[STDOUT  ] 2017-08-16T15:57:54.564013887Z: [    6.311751] oprofile: using NMI interrupt.
[STDERR  ] 2017-08-16T15:57:54.564012055Z: [    6.302369] i2c /dev entries driver
[STDERR  ] 2017-08-16T15:57:54.564022956Z: [    6.304952] device-mapper: ioctl: 4.35.0-ioctl (2016-06-23) initialised: dm-devel@redhat.com
[STDOUT  ] 2017-08-16T15:57:54.564025236Z: [    6.312658] GACT probability on
[STDERR  ] 2017-08-16T15:57:54.564034436Z: [    6.309547] usbcore: registered new interface driver usbhid
[STDOUT  ] 2017-08-16T15:57:54.564036668Z: [    6.313075] Mirror/redirect action on
[STDERR  ] 2017-08-16T15:57:54.564045451Z: [    6.309921] usbhid: USB HID core driver
[STDOUT  ] 2017-08-16T15:57:54.564047618Z: [    6.313830] Simple TC action Loaded
[STDERR  ] 2017-08-16T15:57:54.564056166Z: [    6.310716] hv_utils: Registering HyperV Utility Driver
[STDOUT  ] 2017-08-16T15:57:54.564065915Z: [    6.314307] u32 classifier
[STDERR  ] 2017-08-16T15:57:54.564067412Z: [    6.311032] hv_vmbus: registering driver hv_util
[STDOUT  ] 2017-08-16T15:57:54.564077637Z: [    6.314479]     Performance counters on
[STDERR  ] 2017-08-16T15:57:54.564079115Z: [    6.311306] hv_vmbus: registering driver hv_balloon
[STDOUT  ] 2017-08-16T15:57:54.56408875Z: [    6.314709]     input device check on
[STDOUT  ] 2017-08-16T15:57:54.56409971Z: [    6.314927]     Actions configured
[STDERR  ] 2017-08-16T15:57:54.56409031Z: [    6.311751] oprofile: using NMI interrupt.
[STDERR  ] 2017-08-16T15:57:54.56410732Z: [    6.312658] GACT probability on
[STDOUT  ] 2017-08-16T15:57:54.564110997Z: [    6.315407] Netfilter messages via NETLINK v0.30.
[STDERR  ] 2017-08-16T15:57:54.564120535Z: [    6.313075] Mirror/redirect action on
[STDOUT  ] 2017-08-16T15:57:54.564121989Z: [    6.315886] nfnl_acct: registering with nfnetlink.
[STDERR  ] 2017-08-16T15:57:54.564131561Z: [    6.313830] Simple TC action Loaded
[STDERR  ] 2017-08-16T15:57:54.564142469Z: [    6.314307] u32 classifier
[STDOUT  ] 2017-08-16T15:57:54.564133466Z: [    6.317301] nf_conntrack version 0.5.0 (8192 buckets, 32768 max)
[STDOUT  ] 2017-08-16T15:57:54.564150755Z: [    6.320451] ctnetlink v0.93: registering with nfnetlink.
[STDERR  ] 2017-08-16T15:57:54.564154014Z: [    6.314479]     Performance counters on
[STDOUT  ] 2017-08-16T15:57:54.564161941Z: [    6.323368] nf_tables: (c) 2007-2009 Patrick McHardy <kaber@trash.net>
[STDERR  ] 2017-08-16T15:57:54.564165083Z: [    6.314709]     input device check on
[STDOUT  ] 2017-08-16T15:57:54.564174752Z: [    6.324057] nf_tables_compat: (c) 2012 Pablo Neira Ayuso <pablo@netfilter.org>
[STDERR  ] 2017-08-16T15:57:54.564176637Z: [    6.314927]     Actions configured
[STDERR  ] 2017-08-16T15:57:54.564188202Z: [    6.315407] Netfilter messages via NETLINK v0.30.
[STDOUT  ] 2017-08-16T15:57:54.564186434Z: [    6.326208] xt_time: kernel timezone is -0000
[STDOUT  ] 2017-08-16T15:57:54.564197386Z: [    6.326681] ip_set: protocol 6
[STDERR  ] 2017-08-16T15:57:54.564198887Z: [    6.315886] nfnl_acct: registering with nfnetlink.
[STDOUT  ] 2017-08-16T15:57:54.56420879Z: [    6.327243] IPVS: Registered protocols (TCP, UDP, SCTP, AH, ESP)
[STDERR  ] 2017-08-16T15:57:54.564210362Z: [    6.317301] nf_conntrack version 0.5.0 (8192 buckets, 32768 max)
[STDERR  ] 2017-08-16T15:57:54.564221568Z: [    6.320451] ctnetlink v0.93: registering with nfnetlink.
[STDOUT  ] 2017-08-16T15:57:54.564224315Z: [    6.327742] IPVS: Connection hash table configured (size=4096, memory=64Kbytes)
[STDERR  ] 2017-08-16T15:57:54.56423236Z: [    6.323368] nf_tables: (c) 2007-2009 Patrick McHardy <kaber@trash.net>
[STDOUT  ] 2017-08-16T15:57:54.564235636Z: [    6.329323] IPVS: Creating netns size=2104 id=0
[STDERR  ] 2017-08-16T15:57:54.564243268Z: [    6.324057] nf_tables_compat: (c) 2012 Pablo Neira Ayuso <pablo@netfilter.org>
[STDOUT  ] 2017-08-16T15:57:54.56424674Z: [    6.332142] IPVS: ipvs loaded.
[STDERR  ] 2017-08-16T15:57:54.564254206Z: [    6.326208] xt_time: kernel timezone is -0000
[STDOUT  ] 2017-08-16T15:57:54.564259546Z: [    6.332475] IPVS: [rr] scheduler registered.
[STDERR  ] 2017-08-16T15:57:54.564264689Z: [    6.326681] ip_set: protocol 6
[STDOUT  ] 2017-08-16T15:57:54.564270005Z: [    6.332730] IPVS: [wrr] scheduler registered.
[STDERR  ] 2017-08-16T15:57:54.564277724Z: [    6.327243] IPVS: Registered protocols (TCP, UDP, SCTP, AH, ESP)
[STDOUT  ] 2017-08-16T15:57:54.564280735Z: [    6.332961] IPVS: [lc] scheduler registered.
[STDERR  ] 2017-08-16T15:57:54.564288725Z: [    6.327742] IPVS: Connection hash table configured (size=4096, memory=64Kbytes)
[STDOUT  ] 2017-08-16T15:57:54.564291743Z: [    6.333178] IPVS: [wlc] scheduler registered.
[STDOUT  ] 2017-08-16T15:57:54.564302652Z: [    6.333400] IPVS: [fo] scheduler registered.
[STDERR  ] 2017-08-16T15:57:54.564304101Z: [    6.329323] IPVS: Creating netns size=2104 id=0
[STDOUT  ] 2017-08-16T15:57:54.564313426Z: [    6.333616] IPVS: [ovf] scheduler registered.
[STDERR  ] 2017-08-16T15:57:54.564326823Z: [    6.332142] IPVS: ipvs loaded.
[STDOUT  ] 2017-08-16T15:57:54.564328546Z: [    6.333936] IPVS: [lblc] scheduler registered.
[STDOUT  ] 2017-08-16T15:57:54.564339108Z: [    6.334264] IPVS: [lblcr] scheduler registered.
[STDERR  ] 2017-08-16T15:57:54.564338086Z: [    6.332475] IPVS: [rr] scheduler registered.
[STDOUT  ] 2017-08-16T15:57:54.564350474Z: [    6.334508] IPVS: [dh] scheduler registered.
[STDERR  ] 2017-08-16T15:57:54.564353653Z: [    6.332730] IPVS: [wrr] scheduler registered.
[STDOUT  ] 2017-08-16T15:57:54.564361636Z: [    6.334724] IPVS: [sh] scheduler registered.
[STDERR  ] 2017-08-16T15:57:54.56436458Z: [    6.332961] IPVS: [lc] scheduler registered.
[STDOUT  ] 2017-08-16T15:57:54.564372631Z: [    6.334938] IPVS: [sed] scheduler registered.
[STDERR  ] 2017-08-16T15:57:54.564375565Z: [    6.333178] IPVS: [wlc] scheduler registered.
[STDOUT  ] 2017-08-16T15:57:54.564383627Z: [    6.335154] IPVS: [nq] scheduler registered.
[STDERR  ] 2017-08-16T15:57:54.564386587Z: [    6.333400] IPVS: [fo] scheduler registered.
[STDERR  ] 2017-08-16T15:57:54.564397754Z: [    6.333616] IPVS: [ovf] scheduler registered.
[STDOUT  ] 2017-08-16T15:57:54.564394744Z: [    6.335744] IPVS: ftp: loaded support on port[0] = 21
[STDOUT  ] 2017-08-16T15:57:54.564407074Z: [    6.336548] ipip: IPv4 and MPLS over IPv4 tunneling driver
[STDERR  ] 2017-08-16T15:57:54.564408702Z: [    6.333936] IPVS: [lblc] scheduler registered.
[STDERR  ] 2017-08-16T15:57:54.564421476Z: [    6.334264] IPVS: [lblcr] scheduler registered.
[STDOUT  ] 2017-08-16T15:57:54.564418059Z: [    6.340986] gre: GRE over IPv4 demultiplexor driver
[STDOUT  ] 2017-08-16T15:57:54.564429316Z: [    6.343934] ip_tables: (C) 2000-2006 Netfilter Core Team
[STDERR  ] 2017-08-16T15:57:54.56443247Z: [    6.334508] IPVS: [dh] scheduler registered.
[STDOUT  ] 2017-08-16T15:57:54.564440277Z: [    6.346952] ipt_CLUSTERIP: ClusterIP Version 0.8 loaded successfully
[STDERR  ] 2017-08-16T15:57:54.564443339Z: [    6.334724] IPVS: [sh] scheduler registered.
[STDERR  ] 2017-08-16T15:57:54.564454306Z: [    6.334938] IPVS: [sed] scheduler registered.
[STDOUT  ] 2017-08-16T15:57:54.564451938Z: [    6.347578] arp_tables: arp_tables: (C) 2002 David S. Miller
[STDOUT  ] 2017-08-16T15:57:54.564462794Z: [    6.349787] NET: Registered protocol family 10
[STDERR  ] 2017-08-16T15:57:54.564465334Z: [    6.335154] IPVS: [nq] scheduler registered.
[STDOUT  ] 2017-08-16T15:57:54.564473651Z: [    6.359304] ip6_tables: (C) 2000-2006 Netfilter Core Team
[STDERR  ] 2017-08-16T15:57:54.564476356Z: [    6.335744] IPVS: ftp: loaded support on port[0] = 21
[STDOUT  ] 2017-08-16T15:57:54.5644847Z: [    6.367606] NET: Registered protocol family 17
[STDERR  ] 2017-08-16T15:57:54.564487574Z: [    6.336548] ipip: IPv4 and MPLS over IPv4 tunneling driver
[STDOUT  ] 2017-08-16T15:57:54.564495564Z: [    6.368549] Bridge firewalling registered
[STDERR  ] 2017-08-16T15:57:54.564498639Z: [    6.340986] gre: GRE over IPv4 demultiplexor driver
[STDOUT  ] 2017-08-16T15:57:54.56450645Z: [    6.369012] Ebtables v2.0 registered
[STDERR  ] 2017-08-16T15:57:54.564509751Z: [    6.343934] ip_tables: (C) 2000-2006 Netfilter Core Team
[STDOUT  ] 2017-08-16T15:57:54.564517346Z: [    6.371115] 8021q: 802.1Q VLAN Support v1.8
[STDERR  ] 2017-08-16T15:57:54.564520719Z: [    6.346952] ipt_CLUSTERIP: ClusterIP Version 0.8 loaded successfully
[STDERR  ] 2017-08-16T15:57:54.564531937Z: [    6.347578] arp_tables: arp_tables: (C) 2002 David S. Miller
[STDOUT  ] 2017-08-16T15:57:54.564528112Z: [    6.372460] 9pnet: Installing 9P2000 support
[STDERR  ] 2017-08-16T15:57:54.564542714Z: [    6.349787] NET: Registered protocol family 10
[STDOUT  ] 2017-08-16T15:57:54.564539688Z: [    6.373859] Key type dns_resolver registered
[STDOUT  ] 2017-08-16T15:57:54.564550586Z: [    6.374653] microcode: AMD CPU family 0x6 not supported
[STDOUT  ] 2017-08-16T15:57:54.564561371Z: [    6.378209] registered taskstats version 1
[STDERR  ] 2017-08-16T15:57:54.564553669Z: [    6.359304] ip6_tables: (C) 2000-2006 Netfilter Core Team
[STDERR  ] 2017-08-16T15:57:54.5645727Z: [    6.367606] NET: Registered protocol family 17
[STDOUT  ] 2017-08-16T15:57:54.564575868Z: [    6.541939] Key type big_key registered
[STDERR  ] 2017-08-16T15:57:54.564583769Z: [    6.368549] Bridge firewalling registered
[STDOUT  ] 2017-08-16T15:57:54.564586841Z: [    6.551072] ata4: SATA link down (SStatus 0 SControl 300)
[STDERR  ] 2017-08-16T15:57:54.564594822Z: [    6.369012] Ebtables v2.0 registered
[STDOUT  ] 2017-08-16T15:57:54.564598011Z: [    6.553080] ata3: SATA link up 1.5 Gbps (SStatus 113 SControl 300)
[STDOUT  ] 2017-08-16T15:57:54.564609691Z: [    6.556593] ata3.00: ATAPI: QEMU DVD-ROM, 2.5+, max UDMA/100
[STDERR  ] 2017-08-16T15:57:54.564605526Z: [    6.371115] 8021q: 802.1Q VLAN Support v1.8
[STDERR  ] 2017-08-16T15:57:54.564617363Z: [    6.372460] 9pnet: Installing 9P2000 support
[STDOUT  ] 2017-08-16T15:57:54.564620471Z: [    6.557028] ata3.00: applying bridge limits
[STDOUT  ] 2017-08-16T15:57:54.564631476Z: [    6.558288] ata2: SATA link down (SStatus 0 SControl 300)
[STDERR  ] 2017-08-16T15:57:54.56463146Z: [    6.373859] Key type dns_resolver registered
[STDOUT  ] 2017-08-16T15:57:54.564642596Z: [    6.558722] ata1: SATA link up 1.5 Gbps (SStatus 113 SControl 300)
[STDERR  ] 2017-08-16T15:57:54.564644307Z: [    6.374653] microcode: AMD CPU family 0x6 not supported
[STDOUT  ] 2017-08-16T15:57:54.56465437Z: [    6.559614] ata1.00: ATA-7: QEMU HARDDISK, 2.5+, max UDMA/100
[STDERR  ] 2017-08-16T15:57:54.564656147Z: [    6.378209] registered taskstats version 1
[STDERR  ] 2017-08-16T15:57:54.56466708Z: [    6.541939] Key type big_key registered
[STDOUT  ] 2017-08-16T15:57:54.564665475Z: [    6.559978] ata1.00: 1048576 sectors, multi 16: LBA48 NCQ (depth 31/32)
[STDOUT  ] 2017-08-16T15:57:54.564676927Z: [    6.560674] ata1.00: applying bridge limits
[STDERR  ] 2017-08-16T15:57:54.564677496Z: [    6.551072] ata4: SATA link down (SStatus 0 SControl 300)
[STDOUT  ] 2017-08-16T15:57:54.564687756Z: [    6.561190] ata5: SATA link down (SStatus 0 SControl 300)
[STDERR  ] 2017-08-16T15:57:54.564689457Z: [    6.553080] ata3: SATA link up 1.5 Gbps (SStatus 113 SControl 300)
[STDOUT  ] 2017-08-16T15:57:54.564698741Z: [    6.562189] ata1.00: configured for UDMA/100
[STDERR  ] 2017-08-16T15:57:54.564700577Z: [    6.556593] ata3.00: ATAPI: QEMU DVD-ROM, 2.5+, max UDMA/100
[STDOUT  ] 2017-08-16T15:57:54.564709405Z: [    6.564614] ata3.00: configured for UDMA/100
[STDOUT  ] 2017-08-16T15:57:54.564722131Z: [    6.577776] ata6: SATA link down (SStatus 0 SControl 300)
[STDERR  ] 2017-08-16T15:57:54.564720661Z: [    6.557028] ata3.00: applying bridge limits
[STDOUT  ] 2017-08-16T15:57:54.564738425Z: [    6.581982] scsi 0:0:0:0: Direct-Access     ATA      QEMU HARDDISK    2.5+ PQ: 0 ANSI: 5
[STDERR  ] 2017-08-16T15:57:54.56473706Z: [    6.558288] ata2: SATA link down (SStatus 0 SControl 300)
[STDERR  ] 2017-08-16T15:57:54.564748245Z: [    6.558722] ata1: SATA link up 1.5 Gbps (SStatus 113 SControl 300)
[STDOUT  ] 2017-08-16T15:57:54.564749598Z: [    6.595791] sd 0:0:0:0: Attached scsi generic sg0 type 0
[STDERR  ] 2017-08-16T15:57:54.564759187Z: [    6.559614] ata1.00: ATA-7: QEMU HARDDISK, 2.5+, max UDMA/100
[STDOUT  ] 2017-08-16T15:57:54.564760943Z: [    6.598928] sd 0:0:0:0: [sda] 1048576 512-byte logical blocks: (537 MB/512 MiB)
[STDERR  ] 2017-08-16T15:57:54.564770157Z: [    6.559978] ata1.00: 1048576 sectors, multi 16: LBA48 NCQ (depth 31/32)
[STDOUT  ] 2017-08-16T15:57:54.564772072Z: [    6.608818] sd 0:0:0:0: [sda] Write Protect is off
[STDERR  ] 2017-08-16T15:57:54.56478137Z: [    6.560674] ata1.00: applying bridge limits
[STDOUT  ] 2017-08-16T15:57:54.564786328Z: [    6.621976] scsi 2:0:0:0: CD-ROM            QEMU     QEMU DVD-ROM     2.5+ PQ: 0 ANSI: 5
[STDERR  ] 2017-08-16T15:57:54.564792332Z: [    6.561190] ata5: SATA link down (SStatus 0 SControl 300)
[STDOUT  ] 2017-08-16T15:57:54.564799212Z: [    6.625871] sd 0:0:0:0: [sda] Write cache: enabled, read cache: enabled, doesn't support DPO or FUA
[STDERR  ] 2017-08-16T15:57:54.564803056Z: [    6.562189] ata1.00: configured for UDMA/100
[STDERR  ] 2017-08-16T15:57:54.564819795Z: [    6.564614] ata3.00: configured for UDMA/100
[STDOUT  ] 2017-08-16T15:57:54.564818193Z: [    6.642657] sr 2:0:0:0: [sr0] scsi3-mmc drive: 4x/4x cd/rw xa/form2 tray
[STDERR  ] 2017-08-16T15:57:54.564831577Z: [    6.577776] ata6: SATA link down (SStatus 0 SControl 300)
[STDOUT  ] 2017-08-16T15:57:54.564834355Z: [    6.643205] cdrom: Uniform CD-ROM driver Revision: 3.20
[STDERR  ] 2017-08-16T15:57:54.56484281Z: [    6.581982] scsi 0:0:0:0: Direct-Access     ATA      QEMU HARDDISK    2.5+ PQ: 0 ANSI: 5
[STDOUT  ] 2017-08-16T15:57:54.564847097Z: [    6.651947] sr 2:0:0:0: Attached scsi generic sg1 type 5
[STDERR  ] 2017-08-16T15:57:54.564854983Z: [    6.595791] sd 0:0:0:0: Attached scsi generic sg0 type 0
[STDOUT  ] 2017-08-16T15:57:54.564858204Z: [    6.667814] sd 0:0:0:0: [sda] Attached SCSI disk
[STDERR  ] 2017-08-16T15:57:54.564866135Z: [    6.598928] sd 0:0:0:0: [sda] 1048576 512-byte logical blocks: (537 MB/512 MiB)
[STDOUT  ] 2017-08-16T15:57:54.564874346Z: [    6.673667] Key type encrypted registered
[STDERR  ] 2017-08-16T15:57:54.564877629Z: [    6.608818] sd 0:0:0:0: [sda] Write Protect is off
[STDOUT  ] 2017-08-16T15:57:54.564885472Z: [    6.677622] rtc_cmos 00:00: setting system clock to 2017-08-16 15:57:20 UTC (1502899040)
[STDERR  ] 2017-08-16T15:57:54.564888489Z: [    6.621976] scsi 2:0:0:0: CD-ROM            QEMU     QEMU DVD-ROM     2.5+ PQ: 0 ANSI: 5
[STDOUT  ] 2017-08-16T15:57:54.564897204Z: [    6.828570] Freeing unused kernel memory: 1380K
[STDERR  ] 2017-08-16T15:57:54.564901609Z: [    6.625871] sd 0:0:0:0: [sda] Write cache: enabled, read cache: enabled, doesn't support DPO or FUA
[STDERR  ] 2017-08-16T15:57:54.564913081Z: [    6.642657] sr 2:0:0:0: [sr0] scsi3-mmc drive: 4x/4x cd/rw xa/form2 tray
[STDOUT  ] 2017-08-16T15:57:54.564907829Z: [    6.828961] Write protecting the kernel read-only data: 12288k
[STDERR  ] 2017-08-16T15:57:54.564924314Z: [    6.643205] cdrom: Uniform CD-ROM driver Revision: 3.20
[STDOUT  ] 2017-08-16T15:57:54.564923173Z: [    6.835332] Freeing unused kernel memory: 148K
[STDOUT  ] 2017-08-16T15:57:54.56493419Z: [    6.960043] Freeing unused kernel memory: 1400K
[STDERR  ] 2017-08-16T15:57:54.564935077Z: [    6.651947] sr 2:0:0:0: Attached scsi generic sg1 type 5
[STDERR  ] 2017-08-16T15:57:54.564946927Z: [    6.667814] sd 0:0:0:0: [sda] Attached SCSI disk
[STDOUT  ] 2017-08-16T15:57:54.564945023Z: [    6.960959] tsc: Refined TSC clocksource calibration: 2299.974 MHz
[STDOUT  ] 2017-08-16T15:57:54.564956073Z: [    6.961411] clocksource: tsc: mask: 0xffffffffffffffff max_cycles: 0x21271cb6fd6, max_idle_ns: 440795280421 ns
[STDERR  ] 2017-08-16T15:57:54.564957775Z: [    6.673667] Key type encrypted registered
[STDERR  ] 2017-08-16T15:57:54.564969241Z: [    6.677622] rtc_cmos 00:00: setting system clock to 2017-08-16 15:57:20 UTC (1502899040)
[STDOUT  ] 2017-08-16T15:57:54.56496758Z: [    7.977414] clocksource: Switched to clocksource tsc
[STDOUT  ] 2017-08-16T15:57:54.564978493Z: 
[STDERR  ] 2017-08-16T15:57:54.564980954Z: [    6.828570] Freeing unused kernel memory: 1380K
[STDOUT  ] 2017-08-16T15:57:54.564989423Z: Welcome to LinuxKit
[STDERR  ] 2017-08-16T15:57:54.564992055Z: [    6.828961] Write protecting the kernel read-only data: 12288k
[STDOUT  ] 2017-08-16T15:57:54.565000339Z: 
[STDERR  ] 2017-08-16T15:57:54.565003094Z: [    6.835332] Freeing unused kernel memory: 148K
[STDOUT  ] 2017-08-16T15:57:54.565011209Z:                         ##         .
[STDERR  ] 2017-08-16T15:57:54.565014174Z: [    6.960043] Freeing unused kernel memory: 1400K
[STDOUT  ] 2017-08-16T15:57:54.565022182Z:                   ## ## ##        ==
[STDERR  ] 2017-08-16T15:57:54.565027883Z: [    6.960959] tsc: Refined TSC clocksource calibration: 2299.974 MHz
[STDOUT  ] 2017-08-16T15:57:54.565036497Z:                ## ## ## ## ##    ===
[STDERR  ] 2017-08-16T15:57:54.565040828Z: [    6.961411] clocksource: tsc: mask: 0xffffffffffffffff max_cycles: 0x21271cb6fd6, max_idle_ns: 440795280421 ns
[STDOUT  ] 2017-08-16T15:57:54.565052677Z:            /"""""""""""""""""\___/ ===
[STDERR  ] 2017-08-16T15:57:54.565055997Z: [    7.977414] clocksource: Switched to clocksource tsc
[STDOUT  ] 2017-08-16T15:57:54.565064058Z:           {                       /  ===-
[STDERR  ] 2017-08-16T15:57:54.565067111Z: 
[STDOUT  ] 2017-08-16T15:57:54.565074906Z:            \______ O           __/
[STDERR  ] 2017-08-16T15:57:54.565078481Z: Welcome to LinuxKit
[STDOUT  ] 2017-08-16T15:57:54.565086219Z:              \    \         __/
[STDERR  ] 2017-08-16T15:57:54.565089476Z: 
[STDERR  ] 2017-08-16T15:57:54.565100816Z:                         ##         .
[STDOUT  ] 2017-08-16T15:57:54.565097593Z:               \____\_______/
[STDOUT  ] 2017-08-16T15:57:54.565108709Z: 
[STDERR  ] 2017-08-16T15:57:54.565111908Z:                   ## ## ##        ==
[STDERR  ] 2017-08-16T15:57:54.565122994Z:                ## ## ## ## ##    ===
[STDOUT  ] 2017-08-16T15:57:54.565121017Z: [   15.445187] IPVS: Creating netns size=2104 id=1
[STDOUT  ] 2017-08-16T15:57:54.565132055Z: [   15.445646] IPVS: ftp: loaded support on port[0] = 21
[STDERR  ] 2017-08-16T15:57:54.565134153Z:            /"""""""""""""""""\___/ ===
[STDOUT  ] 2017-08-16T15:57:54.565143335Z: 2017/08/16 15:57:30 Creating partition on /dev/sda
[STDERR  ] 2017-08-16T15:57:54.565145205Z:           {                       /  ===-
[STDOUT  ] 2017-08-16T15:57:54.56515604Z: [   17.008227]  sda:
[STDERR  ] 2017-08-16T15:57:54.565157602Z:            \______ O           __/
[STDERR  ] 2017-08-16T15:57:54.565169186Z:              \    \         __/
[STDOUT  ] 2017-08-16T15:57:54.565167351Z: [   17.077644]  sda:
[STDOUT  ] 2017-08-16T15:57:54.565179078Z: [   17.104562]  sda: sda1
[STDERR  ] 2017-08-16T15:57:54.565180067Z:               \____\_______/
[STDOUT  ] 2017-08-16T15:57:54.565190022Z: [   17.175379]  sda: sda1
[STDERR  ] 2017-08-16T15:57:54.565191617Z: 
[STDOUT  ] 2017-08-16T15:57:54.56520112Z: 2017/08/16 15:57:32 Partition /dev/sda1 successfully created!
[STDERR  ] 2017-08-16T15:57:54.56520448Z: [   15.445187] IPVS: Creating netns size=2104 id=1
[STDERR  ] 2017-08-16T15:57:54.565215736Z: [   15.445646] IPVS: ftp: loaded support on port[0] = 21
[STDOUT  ] 2017-08-16T15:57:54.56521264Z: [   24.253580] IPVS: Creating netns size=2104 id=2
[STDOUT  ] 2017-08-16T15:57:54.565223767Z: [   24.253977] IPVS: ftp: loaded support on port[0] = 21
[STDERR  ] 2017-08-16T15:57:54.56522693Z: 2017/08/16 15:57:30 Creating partition on /dev/sda
[STDERR  ] 2017-08-16T15:57:54.565238355Z: [   17.008227]  sda:
[STDOUT  ] 2017-08-16T15:57:54.565235006Z: [   25.737872] EXT4-fs (sda1): couldn't mount as ext3 due to feature incompatibilities
[STDOUT  ] 2017-08-16T15:57:54.565246654Z: [   25.744576] EXT4-fs (sda1): couldn't mount as ext2 due to feature incompatibilities
[STDERR  ] 2017-08-16T15:57:54.565249749Z: [   17.077644]  sda:
[STDOUT  ] 2017-08-16T15:57:54.565258132Z: [   25.772675] EXT4-fs (sda1): mounted filesystem with ordered data mode. Opts: (null)
[STDERR  ] 2017-08-16T15:57:54.565261235Z: [   17.104562]  sda: sda1
[STDOUT  ] 2017-08-16T15:57:54.565269067Z: format_mount test suite PASSED
[STDERR  ] 2017-08-16T15:57:54.565274104Z: [   17.175379]  sda: sda1
[STDOUT  ] 2017-08-16T15:57:54.565280052Z: [   40.246164] sd 0:0:0:0: [sda] Synchronizing SCSI cache
[STDERR  ] 2017-08-16T15:57:54.56528526Z: 2017/08/16 15:57:32 Partition /dev/sda1 successfully created!
[STDOUT  ] 2017-08-16T15:57:54.565290652Z: [   40.246980] sd 0:0:0:0: [sda] Stopping disk
[STDERR  ] 2017-08-16T15:57:54.565298367Z: [   24.253580] IPVS: Creating netns size=2104 id=2
[STDOUT  ] 2017-08-16T15:57:54.565301576Z: [   40.249387] ACPI: Preparing to enter system sleep state S5
[STDERR  ] 2017-08-16T15:57:54.565309232Z: [   24.253977] IPVS: ftp: loaded support on port[0] = 21
[STDOUT  ] 2017-08-16T15:57:54.565312645Z: [   40.250855] reboot: Power down
[STDERR  ] 2017-08-16T15:57:54.565324858Z: [   25.737872] EXT4-fs (sda1): couldn't mount as ext3 due to feature incompatibilities
[STDERR  ] 2017-08-16T15:57:54.565340344Z: [   25.744576] EXT4-fs (sda1): couldn't mount as ext2 due to feature incompatibilities
[STDERR  ] 2017-08-16T15:57:54.565351314Z: [   25.772675] EXT4-fs (sda1): mounted filesystem with ordered data mode. Opts: (null)
[STDERR  ] 2017-08-16T15:57:54.565358176Z: format_mount test suite PASSED
[STDERR  ] 2017-08-16T15:57:54.565364564Z: [   40.246164] sd 0:0:0:0: [sda] Synchronizing SCSI cache
[STDERR  ] 2017-08-16T15:57:54.565370954Z: [   40.246980] sd 0:0:0:0: [sda] Stopping disk
[STDERR  ] 2017-08-16T15:57:54.565377301Z: [   40.249387] ACPI: Preparing to enter system sleep state S5
[STDERR  ] 2017-08-16T15:57:54.565383525Z: [   40.250855] reboot: Power down
[STDERR  ] 2017-08-16T15:57:54.565389954Z: + echo [    0.000000] Linux version 4.9.43-linuxkit (root@e1ede117fb1e) (gcc version 6.3.0 (Alpine 6.3.0) ) #1 SMP Mon Aug 14 11:26:59 UTC 2017
[STDERR  ] 2017-08-16T15:57:54.565396515Z: [    0.000000] Command line: console=ttyS0
[STDERR  ] 2017-08-16T15:57:54.56540287Z: [    0.000000] x86/fpu: Legacy x87 FPU detected.
[STDERR  ] 2017-08-16T15:57:54.565409222Z: [    0.000000] x86/fpu: Using 'eager' FPU context switches.
[STDERR  ] 2017-08-16T15:57:54.565415603Z: [    0.000000] e820: BIOS-provided physical RAM map:
[STDERR  ] 2017-08-16T15:57:54.565421928Z: [    0.000000] BIOS-e820: [mem 0x0000000000000000-0x000000000009fbff] usable
[STDERR  ] 2017-08-16T15:57:54.565430216Z: [    0.000000] BIOS-e820: [mem 0x000000000009fc00-0x000000000009ffff] reserved
[STDERR  ] 2017-08-16T15:57:54.565437026Z: [    0.000000] BIOS-e820: [mem 0x00000000000f0000-0x00000000000fffff] reserved
[STDERR  ] 2017-08-16T15:57:54.565443383Z: [    0.000000] BIOS-e820: [mem 0x0000000000100000-0x000000003ffdefff] usable
[STDERR  ] 2017-08-16T15:57:54.565449853Z: [    0.000000] BIOS-e820: [mem 0x000000003ffdf000-0x000000003fffffff] reserved
[STDERR  ] 2017-08-16T15:57:54.565456232Z: [    0.000000] BIOS-e820: [mem 0x00000000b0000000-0x00000000bfffffff] reserved
[STDERR  ] 2017-08-16T15:57:54.565462696Z: [    0.000000] BIOS-e820: [mem 0x00000000fed1c000-0x00000000fed1ffff] reserved
[STDERR  ] 2017-08-16T15:57:54.565469179Z: [    0.000000] BIOS-e820: [mem 0x00000000fffc0000-0x00000000ffffffff] reserved
[STDERR  ] 2017-08-16T15:57:54.565475588Z: [    0.000000] NX (Execute Disable) protection: active
[STDERR  ] 2017-08-16T15:57:54.565482058Z: [    0.000000] SMBIOS 2.8 present.
[STDERR  ] 2017-08-16T15:57:54.565488504Z: [    0.000000] e820: last_pfn = 0x3ffdf max_arch_pfn = 0x400000000
[STDERR  ] 2017-08-16T15:57:54.56549885Z: [    0.000000] x86/PAT: Configuration [0-7]: WB  WC  UC- UC  WB  WC  UC- WT  
[STDERR  ] 2017-08-16T15:57:54.565509185Z: [    0.000000] found SMP MP-table at [mem 0x000f6aa0-0x000f6aaf] mapped at [ffff973c400f6aa0]
[STDERR  ] 2017-08-16T15:57:54.565516384Z: [    0.000000] RAMDISK: [mem 0x3e67e000-0x3ffcffff]
[STDERR  ] 2017-08-16T15:57:54.565522846Z: [    0.000000] ACPI: Early table checksum verification disabled
[STDERR  ] 2017-08-16T15:57:54.565529109Z: [    0.000000] ACPI: RSDP 0x00000000000F68C0 000014 (v00 BOCHS )
[STDERR  ] 2017-08-16T15:57:54.565535437Z: [    0.000000] ACPI: RSDT 0x000000003FFE2404 000034 (v01 BOCHS  BXPCRSDT 00000001 BXPC 00000001)
[STDERR  ] 2017-08-16T15:57:54.565544044Z: [    0.000000] ACPI: FACP 0x000000003FFE22A4 000074 (v01 BOCHS  BXPCFACP 00000001 BXPC 00000001)
[STDERR  ] 2017-08-16T15:57:54.56555102Z: [    0.000000] ACPI: DSDT 0x000000003FFE0040 002264 (v01 BOCHS  BXPCDSDT 00000001 BXPC 00000001)
[STDERR  ] 2017-08-16T15:57:54.565557946Z: [    0.000000] ACPI: FACS 0x000000003FFE0000 000040
[STDERR  ] 2017-08-16T15:57:54.565568004Z: [    0.000000] ACPI: APIC 0x000000003FFE2318 000078 (v01 BOCHS  BXPCAPIC 00000001 BXPC 00000001)
[STDERR  ] 2017-08-16T15:57:54.565574443Z: [    0.000000] ACPI: HPET 0x000000003FFE2390 000038 (v01 BOCHS  BXPCHPET 00000001 BXPC 00000001)
[STDERR  ] 2017-08-16T15:57:54.565581074Z: [    0.000000] ACPI: MCFG 0x000000003FFE23C8 00003C (v01 BOCHS  BXPCMCFG 00000001 BXPC 00000001)
[STDERR  ] 2017-08-16T15:57:54.565588665Z: [    0.000000] Zone ranges:
[STDERR  ] 2017-08-16T15:57:54.565597803Z: [    0.000000]   DMA      [mem 0x0000000000001000-0x0000000000ffffff]
[STDERR  ] 2017-08-16T15:57:54.565606632Z: [    0.000000]   DMA32    [mem 0x0000000001000000-0x000000003ffdefff]
[STDERR  ] 2017-08-16T15:57:54.565613046Z: [    0.000000]   Normal   empty
[STDERR  ] 2017-08-16T15:57:54.565621196Z: [    0.000000] Movable zone start for each node
[STDERR  ] 2017-08-16T15:57:54.565627444Z: [    0.000000] Early memory node ranges
[STDERR  ] 2017-08-16T15:57:54.565633872Z: [    0.000000]   node   0: [mem 0x0000000000001000-0x000000000009efff]
[STDERR  ] 2017-08-16T15:57:54.565640261Z: [    0.000000]   node   0: [mem 0x0000000000100000-0x000000003ffdefff]
[STDERR  ] 2017-08-16T15:57:54.565646639Z: [    0.000000] Initmem setup node 0 [mem 0x0000000000001000-0x000000003ffdefff]
[STDERR  ] 2017-08-16T15:57:54.565653039Z: [    0.000000] ACPI: PM-Timer IO Port: 0x608
[STDERR  ] 2017-08-16T15:57:54.565659327Z: [    0.000000] ACPI: LAPIC_NMI (acpi_id[0xff] dfl dfl lint[0x1])
[STDERR  ] 2017-08-16T15:57:54.565666042Z: [    0.000000] IOAPIC[0]: apic_id 0, version 32, address 0xfec00000, GSI 0-23
[STDERR  ] 2017-08-16T15:57:54.565672238Z: [    0.000000] ACPI: INT_SRC_OVR (bus 0 bus_irq 0 global_irq 2 dfl dfl)
[STDERR  ] 2017-08-16T15:57:54.565678486Z: [    0.000000] ACPI: INT_SRC_OVR (bus 0 bus_irq 5 global_irq 5 high level)
[STDERR  ] 2017-08-16T15:57:54.565684649Z: [    0.000000] ACPI: INT_SRC_OVR (bus 0 bus_irq 9 global_irq 9 high level)
[STDERR  ] 2017-08-16T15:57:54.565693937Z: [    0.000000] ACPI: INT_SRC_OVR (bus 0 bus_irq 10 global_irq 10 high level)
[STDERR  ] 2017-08-16T15:57:54.565700232Z: [    0.000000] ACPI: INT_SRC_OVR (bus 0 bus_irq 11 global_irq 11 high level)
[STDERR  ] 2017-08-16T15:57:54.565706347Z: [    0.000000] Using ACPI (MADT) for SMP configuration information
[STDERR  ] 2017-08-16T15:57:54.565712516Z: [    0.000000] ACPI: HPET id: 0x8086a201 base: 0xfed00000
[STDERR  ] 2017-08-16T15:57:54.565718775Z: [    0.000000] smpboot: Allowing 1 CPUs, 0 hotplug CPUs
[STDERR  ] 2017-08-16T15:57:54.565724951Z: [    0.000000] e820: [mem 0x40000000-0xafffffff] available for PCI devices
[STDERR  ] 2017-08-16T15:57:54.565731169Z: [    0.000000] Booting paravirtualized kernel on bare hardware
[STDERR  ] 2017-08-16T15:57:54.565737398Z: [    0.000000] clocksource: refined-jiffies: mask: 0xffffffff max_cycles: 0xffffffff, max_idle_ns: 19112604462750000 ns
[STDERR  ] 2017-08-16T15:57:54.565743813Z: [    0.000000] setup_percpu: NR_CPUS:128 nr_cpumask_bits:128 nr_cpu_ids:1 nr_node_ids:1
[STDERR  ] 2017-08-16T15:57:54.565750216Z: [    0.000000] percpu: Embedded 35 pages/cpu @ffff973c7e400000 s105240 r8192 d29928 u2097152
[STDERR  ] 2017-08-16T15:57:54.565758087Z: [    0.000000] Built 1 zonelists in Zone order, mobility grouping on.  Total pages: 257896
[STDERR  ] 2017-08-16T15:57:54.565764984Z: [    0.000000] Kernel command line: console=ttyS0
[STDERR  ] 2017-08-16T15:57:54.565771268Z: [    0.000000] PID hash table entries: 4096 (order: 3, 32768 bytes)
[STDERR  ] 2017-08-16T15:57:54.565777574Z: [    0.000000] Dentry cache hash table entries: 131072 (order: 8, 1048576 bytes)
[STDERR  ] 2017-08-16T15:57:54.565783897Z: [    0.000000] Inode-cache hash table entries: 65536 (order: 7, 524288 bytes)
[STDERR  ] 2017-08-16T15:57:54.565790249Z: [    0.000000] Memory: 988244K/1048052K available (8028K kernel code, 1366K rwdata, 2696K rodata, 1380K init, 568K bss, 59808K reserved, 0K cma-reserved)
[STDERR  ] 2017-08-16T15:57:54.565796688Z: [    0.000000] Hierarchical RCU implementation.
[STDERR  ] 2017-08-16T15:57:54.565804112Z: [    0.000000] 	Build-time adjustment of leaf fanout to 64.
[STDERR  ] 2017-08-16T15:57:54.56581208Z: [    0.000000] 	RCU restricting CPUs from NR_CPUS=128 to nr_cpu_ids=1.
[STDERR  ] 2017-08-16T15:57:54.565818807Z: [    0.000000] RCU: Adjusting geometry for rcu_fanout_leaf=64, nr_cpu_ids=1
[STDERR  ] 2017-08-16T15:57:54.565828963Z: [    0.000000] NR_IRQS:8448 nr_irqs:256 16
[STDERR  ] 2017-08-16T15:57:54.565835287Z: [    0.000000] Console: colour VGA+ 80x25
[STDERR  ] 2017-08-16T15:57:54.565844195Z: [    0.000000] console [ttyS0] enabled
[STDERR  ] 2017-08-16T15:57:54.565852997Z: [    0.000000] clocksource: hpet: mask: 0xffffffff max_cycles: 0xffffffff, max_idle_ns: 19112604467 ns
[STDERR  ] 2017-08-16T15:57:54.56586323Z: [    0.000000] tsc: Fast TSC calibration using PIT
[STDERR  ] 2017-08-16T15:57:54.565869714Z: [    0.000000] tsc: Detected 2300.117 MHz processor
[STDERR  ] 2017-08-16T15:57:54.565876116Z: [    0.021624] Calibrating delay loop (skipped), value calculated using timer frequency.. 4600.23 BogoMIPS (lpj=23001170)
[STDERR  ] 2017-08-16T15:57:54.565882601Z: [    0.022732] pid_max: default: 32768 minimum: 301
[STDERR  ] 2017-08-16T15:57:54.565888883Z: [    0.023650] ACPI: Core revision 20160831
[STDERR  ] 2017-08-16T15:57:54.565895328Z: [    0.073415] ACPI: 1 ACPI AML tables successfully acquired and loaded
[STDERR  ] 2017-08-16T15:57:54.565901557Z: [    0.076704] Security Framework initialized
[STDERR  ] 2017-08-16T15:57:54.565907859Z: [    0.077091] Yama: becoming mindful.
[STDERR  ] 2017-08-16T15:57:54.56591426Z: [    0.078992] Mount-cache hash table entries: 2048 (order: 2, 16384 bytes)
[STDERR  ] 2017-08-16T15:57:54.565920765Z: [    0.079544] Mountpoint-cache hash table entries: 2048 (order: 2, 16384 bytes)
[STDERR  ] 2017-08-16T15:57:54.565926997Z: [    0.101802] Last level iTLB entries: 4KB 0, 2MB 0, 4MB 0
[STDERR  ] 2017-08-16T15:57:54.565933247Z: [    0.102184] Last level dTLB entries: 4KB 0, 2MB 0, 4MB 0, 1GB 0
[STDERR  ] 2017-08-16T15:57:54.565939449Z: [    0.403392] Freeing SMP alternatives memory: 20K
[STDERR  ] 2017-08-16T15:57:54.565945565Z: [    0.411984] ftrace: allocating 35486 entries in 139 pages
[STDERR  ] 2017-08-16T15:57:54.565951798Z: [    0.574526] smpboot: Max logical packages: 1
[STDERR  ] 2017-08-16T15:57:54.565958069Z: [    0.579683] ..TIMER: vector=0x30 apic1=0 pin1=2 apic2=-1 pin2=-1
[STDERR  ] 2017-08-16T15:57:54.5659642Z: [    0.680000] smpboot: CPU0: AMD QEMU Virtual CPU version 2.5+ (family: 0x6, model: 0x6, stepping: 0x3)
[STDERR  ] 2017-08-16T15:57:54.565970472Z: [    0.680000] Performance Events: PMU not available due to virtualization, using software events only.
[STDERR  ] 2017-08-16T15:57:54.565976768Z: [    0.687927] NMI watchdog: disabled (cpu0): hardware events not enabled
[STDERR  ] 2017-08-16T15:57:54.565982875Z: [    0.688328] NMI watchdog: Shutting down hard lockup detector on all cpus
[STDERR  ] 2017-08-16T15:57:54.565989179Z: [    0.690810] x86: Booted up 1 node, 1 CPUs
[STDERR  ] 2017-08-16T15:57:54.565995312Z: [    0.691140] smpboot: Total of 1 processors activated (4600.23 BogoMIPS)
[STDERR  ] 2017-08-16T15:57:54.566001455Z: [    0.704781] devtmpfs: initialized
[STDERR  ] 2017-08-16T15:57:54.566011629Z: [    0.709404] x86/mm: Memory block size: 128MB
[STDERR  ] 2017-08-16T15:57:54.566017934Z: [    0.775524] clocksource: jiffies: mask: 0xffffffff max_cycles: 0xffffffff, max_idle_ns: 19112604462750000 ns
[STDERR  ] 2017-08-16T15:57:54.566024351Z: [    0.776316] futex hash table entries: 256 (order: 2, 16384 bytes)
[STDERR  ] 2017-08-16T15:57:54.566030496Z: [    0.783976] NET: Registered protocol family 16
[STDERR  ] 2017-08-16T15:57:54.566036616Z: [    0.793252] cpuidle: using governor ladder
[STDERR  ] 2017-08-16T15:57:54.56605073Z: [    0.793656] cpuidle: using governor menu
[STDERR  ] 2017-08-16T15:57:54.566057Z: [    0.794710] ACPI: bus type PCI registered
[STDERR  ] 2017-08-16T15:57:54.56606318Z: [    0.797451] PCI: MMCONFIG for domain 0000 [bus 00-ff] at [mem 0xb0000000-0xbfffffff] (base 0xb0000000)
[STDERR  ] 2017-08-16T15:57:54.566069432Z: [    0.798129] PCI: MMCONFIG at [mem 0xb0000000-0xbfffffff] reserved in E820
[STDERR  ] 2017-08-16T15:57:54.56607572Z: [    0.799369] PCI: Using configuration type 1 for base access
[STDERR  ] 2017-08-16T15:57:54.566081942Z: [    0.856489] HugeTLB registered 2 MB page size, pre-allocated 0 pages
[STDERR  ] 2017-08-16T15:57:54.566088463Z: [    0.866895] ACPI: Added _OSI(Module Device)
[STDERR  ] 2017-08-16T15:57:54.566094554Z: [    0.867204] ACPI: Added _OSI(Processor Device)
[STDERR  ] 2017-08-16T15:57:54.566103221Z: [    0.867474] ACPI: Added _OSI(3.0 _SCP Extensions)
[STDERR  ] 2017-08-16T15:57:54.566114558Z: [    0.867767] ACPI: Added _OSI(Processor Aggregator Device)
[STDERR  ] 2017-08-16T15:57:54.566120835Z: [    0.944358] ACPI: Interpreter enabled
[STDERR  ] 2017-08-16T15:57:54.566127019Z: [    0.945102] ACPI: (supports S0 S5)
[STDERR  ] 2017-08-16T15:57:54.566133255Z: [    0.945413] ACPI: Using IOAPIC for interrupt routing
[STDERR  ] 2017-08-16T15:57:54.566143491Z: [    0.947137] PCI: Using host bridge windows from ACPI; if necessary, use "pci=nocrs" and report a bug
[STDERR  ] 2017-08-16T15:57:54.566149997Z: [    1.010475] ACPI: PCI Root Bridge [PCI0] (domain 0000 [bus 00-ff])
[STDERR  ] 2017-08-16T15:57:54.566156228Z: [    1.011340] acpi PNP0A08:00: _OSC: OS supports [ExtendedConfig ASPM ClockPM Segments MSI]
[STDERR  ] 2017-08-16T15:57:54.566162617Z: [    1.016917] acpi PNP0A08:00: _OSC: OS now controls [PCIeHotplug PME PCIeCapability]
[STDERR  ] 2017-08-16T15:57:54.566169424Z: [    1.020564] PCI host bridge to bus 0000:00
[STDERR  ] 2017-08-16T15:57:54.566175621Z: [    1.020925] pci_bus 0000:00: root bus resource [io  0x0000-0x0cf7 window]
[STDERR  ] 2017-08-16T15:57:54.566181869Z: [    1.021272] pci_bus 0000:00: root bus resource [io  0x0d00-0xffff window]
[STDERR  ] 2017-08-16T15:57:54.566188021Z: [    1.021595] pci_bus 0000:00: root bus resource [mem 0x000a0000-0x000bffff window]
[STDERR  ] 2017-08-16T15:57:54.566194146Z: [    1.021953] pci_bus 0000:00: root bus resource [mem 0xc0000000-0xfebfffff window]
[STDERR  ] 2017-08-16T15:57:54.566200218Z: [    1.022422] pci_bus 0000:00: root bus resource [bus 00-ff]
[STDERR  ] 2017-08-16T15:57:54.56620638Z: [    1.126620] pci 0000:00:1f.0: quirk: [io  0x0600-0x067f] claimed by ICH6 ACPI/GPIO/TCO
[STDERR  ] 2017-08-16T15:57:54.566212585Z: [    1.187602] ACPI: PCI Interrupt Link [LNKA] (IRQs 5 *10 11)
[STDERR  ] 2017-08-16T15:57:54.566218865Z: [    1.189582] ACPI: PCI Interrupt Link [LNKB] (IRQs 5 *10 11)
[STDERR  ] 2017-08-16T15:57:54.566225188Z: [    1.191420] ACPI: PCI Interrupt Link [LNKC] (IRQs 5 10 *11)
[STDERR  ] 2017-08-16T15:57:54.566233171Z: [    1.193137] ACPI: PCI Interrupt Link [LNKD] (IRQs 5 10 *11)
[STDERR  ] 2017-08-16T15:57:54.566239663Z: [    1.194832] ACPI: PCI Interrupt Link [LNKE] (IRQs 5 *10 11)
[STDERR  ] 2017-08-16T15:57:54.566245873Z: [    1.196569] ACPI: PCI Interrupt Link [LNKF] (IRQs 5 *10 11)
[STDERR  ] 2017-08-16T15:57:54.566252173Z: [    1.198279] ACPI: PCI Interrupt Link [LNKG] (IRQs 5 10 *11)
[STDERR  ] 2017-08-16T15:57:54.566258378Z: [    1.200464] ACPI: PCI Interrupt Link [LNKH] (IRQs 5 10 *11)
[STDERR  ] 2017-08-16T15:57:54.56626472Z: [    1.201277] ACPI: PCI Interrupt Link [GSIA] (IRQs *16)
[STDERR  ] 2017-08-16T15:57:54.566270925Z: [    1.201858] ACPI: PCI Interrupt Link [GSIB] (IRQs *17)
[STDERR  ] 2017-08-16T15:57:54.566277223Z: [    1.202427] ACPI: PCI Interrupt Link [GSIC] (IRQs *18)
[STDERR  ] 2017-08-16T15:57:54.566283326Z: [    1.203019] ACPI: PCI Interrupt Link [GSID] (IRQs *19)
[STDERR  ] 2017-08-16T15:57:54.566289509Z: [    1.203595] ACPI: PCI Interrupt Link [GSIE] (IRQs *20)
[STDERR  ] 2017-08-16T15:57:54.566295709Z: [    1.204174] ACPI: PCI Interrupt Link [GSIF] (IRQs *21)
[STDERR  ] 2017-08-16T15:57:54.566302005Z: [    1.204755] ACPI: PCI Interrupt Link [GSIG] (IRQs *22)
[STDERR  ] 2017-08-16T15:57:54.56630813Z: [    1.205331] ACPI: PCI Interrupt Link [GSIH] (IRQs *23)
[STDERR  ] 2017-08-16T15:57:54.566314404Z: [    1.208849] ACPI: Enabled 2 GPEs in block 00 to 3F
[STDERR  ] 2017-08-16T15:57:54.566324292Z: [    1.213184] SCSI subsystem initialized
[STDERR  ] 2017-08-16T15:57:54.566330602Z: [    1.214939] ACPI: bus type USB registered
[STDERR  ] 2017-08-16T15:57:54.566336724Z: [    1.216463] usbcore: registered new interface driver usbfs
[STDERR  ] 2017-08-16T15:57:54.566343024Z: [    1.217352] usbcore: registered new interface driver hub
[STDERR  ] 2017-08-16T15:57:54.566349109Z: [    1.218103] usbcore: registered new device driver usb
[STDERR  ] 2017-08-16T15:57:54.56635521Z: [    1.219194] pps_core: LinuxPPS API ver. 1 registered
[STDERR  ] 2017-08-16T15:57:54.566366724Z: [    1.219523] pps_core: Software ver. 5.3.6 - Copyright 2005-2007 Rodolfo Giometti <giometti@linux.it>
[STDERR  ] 2017-08-16T15:57:54.566373474Z: [    1.220194] PTP clock support registered
[STDERR  ] 2017-08-16T15:57:54.566379682Z: [    1.221339] wmi: Mapper loaded
[STDERR  ] 2017-08-16T15:57:54.566387864Z: [    1.222352] PCI: Using ACPI for IRQ routing
[STDERR  ] 2017-08-16T15:57:54.566398025Z: [    1.240679] NetLabel: Initializing
[STDERR  ] 2017-08-16T15:57:54.566404253Z: [    1.240924] NetLabel:  domain hash size = 128
[STDERR  ] 2017-08-16T15:57:54.566410517Z: [    1.241188] NetLabel:  protocols = UNLABELED CIPSOv4
[STDERR  ] 2017-08-16T15:57:54.566416592Z: [    1.242982] NetLabel:  unlabeled traffic allowed by default
[STDERR  ] 2017-08-16T15:57:54.566422877Z: [    1.243800] HPET: 3 timers in total, 0 timers will be used for per-cpu timer
[STDERR  ] 2017-08-16T15:57:54.566429212Z: [    1.244474] hpet0: at MMIO 0xfed00000, IRQs 2, 8, 0
[STDERR  ] 2017-08-16T15:57:54.566435499Z: [    1.244935] hpet0: 3 comparators, 64-bit 100.000000 MHz counter
[STDERR  ] 2017-08-16T15:57:54.566441759Z: [    1.249586] clocksource: Switched to clocksource hpet
[STDERR  ] 2017-08-16T15:57:54.566447887Z: [    1.511673] VFS: Disk quotas dquot_6.6.0
[STDERR  ] 2017-08-16T15:57:54.566454138Z: [    1.512277] VFS: Dquot-cache hash table entries: 512 (order 0, 4096 bytes)
[STDERR  ] 2017-08-16T15:57:54.566460285Z: [    1.514783] FS-Cache: Loaded
[STDERR  ] 2017-08-16T15:57:54.566466901Z: [    1.519486] CacheFiles: Loaded
[STDERR  ] 2017-08-16T15:57:54.566473316Z: [    1.521303] pnp: PnP ACPI init
[STDERR  ] 2017-08-16T15:57:54.566479431Z: [    1.532864] pnp: PnP ACPI: found 5 devices
[STDERR  ] 2017-08-16T15:57:54.56648553Z: [    1.582794] clocksource: acpi_pm: mask: 0xffffff max_cycles: 0xffffff, max_idle_ns: 2085701024 ns
[STDERR  ] 2017-08-16T15:57:54.566491896Z: [    1.585530] NET: Registered protocol family 2
[STDERR  ] 2017-08-16T15:57:54.566498089Z: [    1.592704] TCP established hash table entries: 8192 (order: 4, 65536 bytes)
[STDERR  ] 2017-08-16T15:57:54.566508988Z: [    1.593370] TCP bind hash table entries: 8192 (order: 5, 131072 bytes)
[STDERR  ] 2017-08-16T15:57:54.56651524Z: [    1.594006] TCP: Hash tables configured (established 8192 bind 8192)
[STDERR  ] 2017-08-16T15:57:54.566521413Z: [    1.595901] UDP hash table entries: 512 (order: 2, 16384 bytes)
[STDERR  ] 2017-08-16T15:57:54.566527511Z: [    1.596419] UDP-Lite hash table entries: 512 (order: 2, 16384 bytes)
[STDERR  ] 2017-08-16T15:57:54.566533699Z: [    1.598606] NET: Registered protocol family 1
[STDERR  ] 2017-08-16T15:57:54.566539844Z: [    1.599485] pci 0000:00:01.0: Video device with shadowed ROM at [mem 0x000c0000-0x000dffff]
[STDERR  ] 2017-08-16T15:57:54.566546481Z: [    1.606893] Unpacking initramfs...
[STDERR  ] 2017-08-16T15:57:54.566556256Z: [    5.874402] Freeing initrd memory: 25928K
[STDERR  ] 2017-08-16T15:57:54.566562677Z: [    5.898188] PCLMULQDQ-NI instructions are not detected.
[STDERR  ] 2017-08-16T15:57:54.566568945Z: [    5.899274] AVX or AES-NI instructions are not detected.
[STDERR  ] 2017-08-16T15:57:54.566575152Z: [    5.899664] CPU feature 'AVX registers' is not supported.
[STDERR  ] 2017-08-16T15:57:54.566581373Z: [    5.900034] CPU feature 'AVX registers' is not supported.
[STDERR  ] 2017-08-16T15:57:54.566587921Z: [    5.900652] CPU feature 'AVX registers' is not supported.
[STDERR  ] 2017-08-16T15:57:54.566594124Z: [    5.901013] CPU feature 'AVX registers' is not supported.
[STDERR  ] 2017-08-16T15:57:54.566600348Z: [    5.901366] AVX2 or AES-NI instructions are not detected.
[STDERR  ] 2017-08-16T15:57:54.56660655Z: [    5.901709] AVX2 instructions are not detected.
[STDERR  ] 2017-08-16T15:57:54.566612811Z: [    5.907030] audit: initializing netlink subsys (disabled)
[STDERR  ] 2017-08-16T15:57:54.566622555Z: [    5.908582] audit: type=2000 audit(1502899038.900:1): initialized
[STDERR  ] 2017-08-16T15:57:54.566628872Z: [    5.916585] workingset: timestamp_bits=46 max_order=18 bucket_order=0
[STDERR  ] 2017-08-16T15:57:54.566641256Z: [    5.923470] FS-Cache: Netfs 'cifs' registered for caching
[STDERR  ] 2017-08-16T15:57:54.566647662Z: [    5.924374] fuse init (API version 7.26)
[STDERR  ] 2017-08-16T15:57:54.566653793Z: [    5.926629] SGI XFS with ACLs, security attributes, no debug enabled
[STDERR  ] 2017-08-16T15:57:54.566660094Z: [    5.933398] 9p: Installing v9fs 9p2000 file system support
[STDERR  ] 2017-08-16T15:57:54.56666629Z: [    5.933854] FS-Cache: Netfs '9p' registered for caching
[STDERR  ] 2017-08-16T15:57:54.56667266Z: [    5.967372] NET: Registered protocol family 38
[STDERR  ] 2017-08-16T15:57:54.566678822Z: [    5.967883] Key type asymmetric registered
[STDERR  ] 2017-08-16T15:57:54.566685083Z: [    5.968194] Asymmetric key parser 'x509' registered
[STDERR  ] 2017-08-16T15:57:54.566692836Z: [    5.968915] Block layer SCSI generic (bsg) driver version 0.4 loaded (major 251)
[STDERR  ] 2017-08-16T15:57:54.566699379Z: [    5.970385] io scheduler noop registered
[STDERR  ] 2017-08-16T15:57:54.566705511Z: [    5.970686] io scheduler deadline registered (default)
[STDERR  ] 2017-08-16T15:57:54.566711757Z: [    5.971606] io scheduler cfq registered
[STDERR  ] 2017-08-16T15:57:54.566718006Z: [    5.974140] pci_hotplug: PCI Hot Plug PCI Core version: 0.5
[STDERR  ] 2017-08-16T15:57:54.566724265Z: [    5.974673] pciehp: PCI Express Hot Plug Controller Driver version: 0.4
[STDERR  ] 2017-08-16T15:57:54.566730552Z: [    5.975406] shpchp: Standard Hot Plug PCI Controller Driver version: 0.4
