[INFO    ] 2017-07-20T11:52:08.069189825Z: Running Test linuxkit.security.ports in /tmp/build/test/cases/030_security/010_ports
[INFO    ] 2017-07-20T11:52:08.069256101Z: Running command: [/bin/sh -x /tmp/build/test/cases/030_security/010_ports/test.sh]
[STDERR  ] 2017-07-20T11:52:08.079703315Z: + set -e
[STDERR  ] 2017-07-20T11:52:08.079792745Z: + . /tmp/build/test/cases/_lib/lib.sh
[STDERR  ] 2017-07-20T11:52:08.079802981Z: + [ -f src/github.com/linuxkit/rtf/lib/lib.sh ]
[STDERR  ] 2017-07-20T11:52:08.079812173Z: + LINUXKIT_TMPDIR=/tmp/build/test/cases/_tmp
[STDERR  ] 2017-07-20T11:52:08.079820697Z: + [ -f /tmp/build/test/cases/_tmp/env.sh ]
[STDERR  ] 2017-07-20T11:52:08.079826466Z: + . /tmp/build/test/cases/_tmp/env.sh
[STDERR  ] 2017-07-20T11:52:08.079834893Z: + export LINUXKIT_EXAMPLES_DIR=/tmp/build/test/cases/../../examples
[STDERR  ] 2017-07-20T11:52:08.079851869Z: + export LINUXKIT_BLUEPRINTS_DIR=/tmp/build/test/cases/../../blueprints
[STDERR  ] 2017-07-20T11:52:08.079867075Z: + RT_CANCEL=253
[STDERR  ] 2017-07-20T11:52:08.079876406Z: + NAME=lsof
[STDERR  ] 2017-07-20T11:52:08.079885692Z: + trap clean_up EXIT
[STDERR  ] 2017-07-20T11:52:08.079894825Z: + moby build -output kernel+initrd -name lsof test.yml
[STDERR  ] 2017-07-20T11:52:08.088926691Z: Extract kernel image: linuxkit/kernel:4.9.38
[STDERR  ] 2017-07-20T11:52:09.814178288Z: Add init containers:
[STDERR  ] 2017-07-20T11:52:09.814244182Z: Process init image: linuxkit/init:d049e7b2074da5cd699a27defb47eb101142455d
[STDERR  ] 2017-07-20T11:52:11.063304336Z: Process init image: linuxkit/runc:d5cbeb95bdafedb82ad2cf11cff1a5da7fcae630
[STDERR  ] 2017-07-20T11:52:12.281975434Z: Add onboot containers:
[STDERR  ] 2017-07-20T11:52:12.2820324Z:   Create OCI config for alpine:3.6
[STDERR  ] 2017-07-20T11:52:12.416293685Z:   Create OCI config for linuxkit/poweroff:bce51402e293da0b653923a43c3c7be6e0effa05
[STDERR  ] 2017-07-20T11:52:13.650975341Z: Add files:
[STDERR  ] 2017-07-20T11:52:13.651029126Z:   check.sh
[STDERR  ] 2017-07-20T11:52:13.651612057Z: Create outputs:
[STDERR  ] 2017-07-20T11:52:16.525794662Z:   lsof-kernel lsof-initrd.img lsof-cmdline
[STDERR  ] 2017-07-20T11:52:16.563381811Z: + linuxkit run qemu -kernel lsof
[STDERR  ] 2017-07-20T11:52:16.581969046Z: Unable to find qemu-system-x86_64 within the $PATH. Using a container
[STDOUT  ] 2017-07-20T11:52:18.882725497Z: [    0.000000] Linux version 4.9.38-linuxkit (root@e1ede117fb1e) (gcc version 6.3.0 (Alpine 6.3.0) ) #1 SMP Tue Jul 18 09:12:54 UTC 2017
[STDOUT  ] 2017-07-20T11:52:18.883022798Z: [    0.000000] Command line: console=ttyS0 page_poison=1
[STDOUT  ] 2017-07-20T11:52:18.883044635Z: [    0.000000] x86/fpu: Legacy x87 FPU detected.
[STDOUT  ] 2017-07-20T11:52:18.883314059Z: [    0.000000] x86/fpu: Using 'eager' FPU context switches.
[STDOUT  ] 2017-07-20T11:52:18.88348336Z: [    0.000000] e820: BIOS-provided physical RAM map:
[STDOUT  ] 2017-07-20T11:52:18.883742378Z: [    0.000000] BIOS-e820: [mem 0x0000000000000000-0x000000000009fbff] usable
[STDOUT  ] 2017-07-20T11:52:18.884025518Z: [    0.000000] BIOS-e820: [mem 0x000000000009fc00-0x000000000009ffff] reserved
[STDOUT  ] 2017-07-20T11:52:18.8841906Z: [    0.000000] BIOS-e820: [mem 0x00000000000f0000-0x00000000000fffff] reserved
[STDOUT  ] 2017-07-20T11:52:18.884532416Z: [    0.000000] BIOS-e820: [mem 0x0000000000100000-0x000000003ffdefff] usable
[STDOUT  ] 2017-07-20T11:52:18.884717726Z: [    0.000000] BIOS-e820: [mem 0x000000003ffdf000-0x000000003fffffff] reserved
[STDOUT  ] 2017-07-20T11:52:18.884918211Z: [    0.000000] BIOS-e820: [mem 0x00000000b0000000-0x00000000bfffffff] reserved
[STDOUT  ] 2017-07-20T11:52:18.885243007Z: [    0.000000] BIOS-e820: [mem 0x00000000fed1c000-0x00000000fed1ffff] reserved
[STDOUT  ] 2017-07-20T11:52:18.885593805Z: [    0.000000] BIOS-e820: [mem 0x00000000fffc0000-0x00000000ffffffff] reserved
[STDOUT  ] 2017-07-20T11:52:18.885739273Z: [    0.000000] NX (Execute Disable) protection: active
[STDOUT  ] 2017-07-20T11:52:18.885826929Z: [    0.000000] SMBIOS 2.8 present.
[STDOUT  ] 2017-07-20T11:52:18.886128399Z: [    0.000000] e820: last_pfn = 0x3ffdf max_arch_pfn = 0x400000000
[STDOUT  ] 2017-07-20T11:52:18.88638662Z: [    0.000000] x86/PAT: Configuration [0-7]: WB  WC  UC- UC  WB  WC  UC- WT  
[STDOUT  ] 2017-07-20T11:52:18.886618916Z: [    0.000000] found SMP MP-table at [mem 0x000f6aa0-0x000f6aaf] mapped at [ffff977a800f6aa0]
[STDOUT  ] 2017-07-20T11:52:18.886786024Z: [    0.000000] RAMDISK: [mem 0x3eed8000-0x3ffcffff]
[STDOUT  ] 2017-07-20T11:52:18.886961617Z: [    0.000000] ACPI: Early table checksum verification disabled
[STDOUT  ] 2017-07-20T11:52:18.887269617Z: [    0.000000] ACPI: RSDP 0x00000000000F68C0 000014 (v00 BOCHS )
[STDOUT  ] 2017-07-20T11:52:18.887554516Z: [    0.000000] ACPI: RSDT 0x000000003FFE2404 000034 (v01 BOCHS  BXPCRSDT 00000001 BXPC 00000001)
[STDOUT  ] 2017-07-20T11:52:18.887873781Z: [    0.000000] ACPI: FACP 0x000000003FFE22A4 000074 (v01 BOCHS  BXPCFACP 00000001 BXPC 00000001)
[STDOUT  ] 2017-07-20T11:52:18.888201731Z: [    0.000000] ACPI: DSDT 0x000000003FFE0040 002264 (v01 BOCHS  BXPCDSDT 00000001 BXPC 00000001)
[STDOUT  ] 2017-07-20T11:52:18.888384655Z: [    0.000000] ACPI: FACS 0x000000003FFE0000 000040
[STDOUT  ] 2017-07-20T11:52:18.888752557Z: [    0.000000] ACPI: APIC 0x000000003FFE2318 000078 (v01 BOCHS  BXPCAPIC 00000001 BXPC 00000001)
[STDOUT  ] 2017-07-20T11:52:18.888997216Z: [    0.000000] ACPI: HPET 0x000000003FFE2390 000038 (v01 BOCHS  BXPCHPET 00000001 BXPC 00000001)
[STDOUT  ] 2017-07-20T11:52:18.889313654Z: [    0.000000] ACPI: MCFG 0x000000003FFE23C8 00003C (v01 BOCHS  BXPCMCFG 00000001 BXPC 00000001)
[STDOUT  ] 2017-07-20T11:52:18.889483656Z: [    0.000000] Zone ranges:
[STDOUT  ] 2017-07-20T11:52:18.889636867Z: [    0.000000]   DMA      [mem 0x0000000000001000-0x0000000000ffffff]
[STDOUT  ] 2017-07-20T11:52:18.889987575Z: [    0.000000]   DMA32    [mem 0x0000000001000000-0x000000003ffdefff]
[STDOUT  ] 2017-07-20T11:52:18.890005839Z: [    0.000000]   Normal   empty
[STDOUT  ] 2017-07-20T11:52:18.890219128Z: [    0.000000] Movable zone start for each node
[STDOUT  ] 2017-07-20T11:52:18.89037494Z: [    0.000000] Early memory node ranges
[STDOUT  ] 2017-07-20T11:52:18.890539122Z: [    0.000000]   node   0: [mem 0x0000000000001000-0x000000000009efff]
[STDOUT  ] 2017-07-20T11:52:18.890837165Z: [    0.000000]   node   0: [mem 0x0000000000100000-0x000000003ffdefff]
[STDOUT  ] 2017-07-20T11:52:18.891164529Z: [    0.000000] Initmem setup node 0 [mem 0x0000000000001000-0x000000003ffdefff]
[STDOUT  ] 2017-07-20T11:52:18.891326121Z: [    0.000000] ACPI: PM-Timer IO Port: 0x608
[STDOUT  ] 2017-07-20T11:52:18.891489508Z: [    0.000000] ACPI: LAPIC_NMI (acpi_id[0xff] dfl dfl lint[0x1])
[STDOUT  ] 2017-07-20T11:52:18.891784604Z: [    0.000000] IOAPIC[0]: apic_id 0, version 32, address 0xfec00000, GSI 0-23
[STDOUT  ] 2017-07-20T11:52:18.891939648Z: [    0.000000] ACPI: INT_SRC_OVR (bus 0 bus_irq 0 global_irq 2 dfl dfl)
[STDOUT  ] 2017-07-20T11:52:18.892186847Z: [    0.000000] ACPI: INT_SRC_OVR (bus 0 bus_irq 5 global_irq 5 high level)
[STDOUT  ] 2017-07-20T11:52:18.892509065Z: [    0.000000] ACPI: INT_SRC_OVR (bus 0 bus_irq 9 global_irq 9 high level)
[STDOUT  ] 2017-07-20T11:52:18.892663011Z: [    0.000000] ACPI: INT_SRC_OVR (bus 0 bus_irq 10 global_irq 10 high level)
[STDOUT  ] 2017-07-20T11:52:18.893075394Z: [    0.000000] ACPI: INT_SRC_OVR (bus 0 bus_irq 11 global_irq 11 high level)
[STDOUT  ] 2017-07-20T11:52:18.893229269Z: [    0.000000] Using ACPI (MADT) for SMP configuration information
[STDOUT  ] 2017-07-20T11:52:18.893388629Z: [    0.000000] ACPI: HPET id: 0x8086a201 base: 0xfed00000
[STDOUT  ] 2017-07-20T11:52:18.893547493Z: [    0.000000] smpboot: Allowing 1 CPUs, 0 hotplug CPUs
[STDOUT  ] 2017-07-20T11:52:18.893885684Z: [    0.000000] e820: [mem 0x40000000-0xafffffff] available for PCI devices
[STDOUT  ] 2017-07-20T11:52:18.894038752Z: [    0.000000] Booting paravirtualized kernel on bare hardware
[STDOUT  ] 2017-07-20T11:52:18.894496766Z: [    0.000000] clocksource: refined-jiffies: mask: 0xffffffff max_cycles: 0xffffffff, max_idle_ns: 19112604462750000 ns
[STDOUT  ] 2017-07-20T11:52:18.894652462Z: [    0.000000] setup_percpu: NR_CPUS:128 nr_cpumask_bits:128 nr_cpu_ids:1 nr_node_ids:1
[STDOUT  ] 2017-07-20T11:52:18.894979966Z: [    0.000000] percpu: Embedded 35 pages/cpu @ffff977abec00000 s105176 r8192 d29992 u2097152
[STDOUT  ] 2017-07-20T11:52:18.895293222Z: [    0.000000] Built 1 zonelists in Zone order, mobility grouping on.  Total pages: 257896
[STDOUT  ] 2017-07-20T11:52:18.895608886Z: [    0.000000] Kernel command line: console=ttyS0 page_poison=1
[STDOUT  ] 2017-07-20T11:52:18.895759418Z: [    0.000000] PID hash table entries: 4096 (order: 3, 32768 bytes)
[STDOUT  ] 2017-07-20T11:52:18.896082397Z: [    0.000000] Dentry cache hash table entries: 131072 (order: 8, 1048576 bytes)
[STDOUT  ] 2017-07-20T11:52:18.896388125Z: [    0.000000] Inode-cache hash table entries: 65536 (order: 7, 524288 bytes)
[STDOUT  ] 2017-07-20T11:52:18.896853735Z: [    0.000000] Memory: 996796K/1048052K available (8026K kernel code, 1366K rwdata, 2696K rodata, 1380K init, 568K bss, 51256K reserved, 0K cma-reserved)
[STDOUT  ] 2017-07-20T11:52:18.896960716Z: [    0.000000] Hierarchical RCU implementation.
[STDOUT  ] 2017-07-20T11:52:18.897122325Z: [    0.000000] 	Build-time adjustment of leaf fanout to 64.
[STDOUT  ] 2017-07-20T11:52:18.8973387Z: [    0.000000] 	RCU restricting CPUs from NR_CPUS=128 to nr_cpu_ids=1.
[STDOUT  ] 2017-07-20T11:52:18.89766622Z: [    0.000000] RCU: Adjusting geometry for rcu_fanout_leaf=64, nr_cpu_ids=1
[STDOUT  ] 2017-07-20T11:52:18.897824571Z: [    0.000000] NR_IRQS:8448 nr_irqs:256 16
[STDOUT  ] 2017-07-20T11:52:18.897985321Z: [    0.000000] Console: colour VGA+ 80x25
[STDOUT  ] 2017-07-20T11:52:18.898341652Z: [    0.000000] console [ttyS0] enabled
[STDOUT  ] 2017-07-20T11:52:18.900591306Z: [    0.000000] allocated 2097152 bytes of page_ext
[STDOUT  ] 2017-07-20T11:52:18.903929096Z: [    0.000000] clocksource: hpet: mask: 0xffffffff max_cycles: 0xffffffff, max_idle_ns: 19112604467 ns
[STDOUT  ] 2017-07-20T11:52:18.941587942Z: [    0.000000] tsc: Fast TSC calibration using PIT
[STDOUT  ] 2017-07-20T11:52:18.942389158Z: [    0.000000] tsc: Detected 2599.991 MHz processor
[STDOUT  ] 2017-07-20T11:52:18.946884575Z: [    0.022326] Calibrating delay loop (skipped), value calculated using timer frequency.. 5199.98 BogoMIPS (lpj=25999910)
[STDOUT  ] 2017-07-20T11:52:18.947486813Z: [    0.030759] pid_max: default: 32768 minimum: 301
[STDOUT  ] 2017-07-20T11:52:18.948774684Z: [    0.032214] ACPI: Core revision 20160831
[STDOUT  ] 2017-07-20T11:52:18.994175887Z: [    0.078349] ACPI: 1 ACPI AML tables successfully acquired and loaded
[STDOUT  ] 2017-07-20T11:52:18.999398417Z: [    0.083743] Security Framework initialized
[STDOUT  ] 2017-07-20T11:52:18.999833144Z: [    0.084195] Yama: becoming mindful.
[STDOUT  ] 2017-07-20T11:52:19.002207426Z: [    0.086398] Mount-cache hash table entries: 2048 (order: 2, 16384 bytes)
[STDOUT  ] 2017-07-20T11:52:19.002898986Z: [    0.087078] Mountpoint-cache hash table entries: 2048 (order: 2, 16384 bytes)
[STDOUT  ] 2017-07-20T11:52:19.024714748Z: [    0.108783] Last level iTLB entries: 4KB 0, 2MB 0, 4MB 0
[STDOUT  ] 2017-07-20T11:52:19.025337887Z: [    0.109349] Last level dTLB entries: 4KB 0, 2MB 0, 4MB 0, 1GB 0
[STDOUT  ] 2017-07-20T11:52:19.325911156Z: [    0.409635] Freeing SMP alternatives memory: 20K (ffffffffb8eb0000 - ffffffffb8eb5000)
[STDOUT  ] 2017-07-20T11:52:19.337189367Z: [    0.421011] ftrace: allocating 35489 entries in 139 pages
[STDOUT  ] 2017-07-20T11:52:19.633940969Z: [    0.578061] smpboot: Max logical packages: 1
[STDOUT  ] 2017-07-20T11:52:19.641644351Z: [    0.585716] ..TIMER: vector=0x30 apic1=0 pin1=2 apic2=-1 pin2=-1
[STDOUT  ] 2017-07-20T11:52:19.857021213Z: [    0.690000] smpboot: CPU0: AMD QEMU Virtual CPU version 2.5+ (family: 0x6, model: 0x6, stepping: 0x3)
[STDOUT  ] 2017-07-20T11:52:19.85862931Z: [    0.690000] Performance Events: PMU not available due to virtualization, using software events only.
[STDOUT  ] 2017-07-20T11:52:19.876409455Z: [    0.699625] NMI watchdog: disabled (cpu0): hardware events not enabled
[STDOUT  ] 2017-07-20T11:52:19.877146306Z: [    0.700105] NMI watchdog: Shutting down hard lockup detector on all cpus
[STDOUT  ] 2017-07-20T11:52:19.881100148Z: [    0.704271] x86: Booted up 1 node, 1 CPUs
[STDOUT  ] 2017-07-20T11:52:19.881709513Z: [    0.704773] smpboot: Total of 1 processors activated (5199.98 BogoMIPS)
[STDOUT  ] 2017-07-20T11:52:19.898021674Z: [    0.721711] devtmpfs: initialized
[STDOUT  ] 2017-07-20T11:52:19.905400105Z: [    0.729158] x86/mm: Memory block size: 128MB
[STDOUT  ] 2017-07-20T11:52:19.967782127Z: [    0.790998] clocksource: jiffies: mask: 0xffffffff max_cycles: 0xffffffff, max_idle_ns: 19112604462750000 ns
[STDOUT  ] 2017-07-20T11:52:19.968614281Z: [    0.792180] futex hash table entries: 256 (order: 2, 16384 bytes)
[STDOUT  ] 2017-07-20T11:52:19.980737985Z: [    0.804217] NET: Registered protocol family 16
[STDOUT  ] 2017-07-20T11:52:19.99079827Z: [    0.814469] cpuidle: using governor ladder
[STDOUT  ] 2017-07-20T11:52:19.991229746Z: [    0.814947] cpuidle: using governor menu
[STDOUT  ] 2017-07-20T11:52:19.992495463Z: [    0.816223] ACPI: bus type PCI registered
[STDOUT  ] 2017-07-20T11:52:19.995806066Z: [    0.819037] PCI: MMCONFIG for domain 0000 [bus 00-ff] at [mem 0xb0000000-0xbfffffff] (base 0xb0000000)
[STDOUT  ] 2017-07-20T11:52:19.996624105Z: [    0.820078] PCI: MMCONFIG at [mem 0xb0000000-0xbfffffff] reserved in E820
[STDOUT  ] 2017-07-20T11:52:19.998002466Z: [    0.821460] PCI: Using configuration type 1 for base access
[STDOUT  ] 2017-07-20T11:52:20.057376561Z: [    0.880872] HugeTLB registered 2 MB page size, pre-allocated 0 pages
[STDOUT  ] 2017-07-20T11:52:20.06953263Z: [    0.893217] ACPI: Added _OSI(Module Device)
[STDOUT  ] 2017-07-20T11:52:20.069963614Z: [    0.893646] ACPI: Added _OSI(Processor Device)
[STDOUT  ] 2017-07-20T11:52:20.070285424Z: [    0.894046] ACPI: Added _OSI(3.0 _SCP Extensions)
[STDOUT  ] 2017-07-20T11:52:20.070825798Z: [    0.894364] ACPI: Added _OSI(Processor Aggregator Device)
[STDOUT  ] 2017-07-20T11:52:20.149764769Z: [    0.973362] ACPI: Interpreter enabled
[STDOUT  ] 2017-07-20T11:52:20.150809938Z: [    0.974398] ACPI: (supports S0 S5)
[STDOUT  ] 2017-07-20T11:52:20.151238176Z: [    0.974745] ACPI: Using IOAPIC for interrupt routing
[STDOUT  ] 2017-07-20T11:52:20.154271547Z: [    0.977621] PCI: Using host bridge windows from ACPI; if necessary, use "pci=nocrs" and report a bug
[STDOUT  ] 2017-07-20T11:52:20.224582198Z: [    1.048225] ACPI: PCI Root Bridge [PCI0] (domain 0000 [bus 00-ff])
[STDOUT  ] 2017-07-20T11:52:20.226178399Z: [    1.049427] acpi PNP0A08:00: _OSC: OS supports [ExtendedConfig ASPM ClockPM Segments MSI]
[STDOUT  ] 2017-07-20T11:52:20.233294364Z: [    1.056566] acpi PNP0A08:00: _OSC: OS now controls [PCIeHotplug PME PCIeCapability]
[STDOUT  ] 2017-07-20T11:52:20.237850275Z: [    1.061373] PCI host bridge to bus 0000:00
[STDOUT  ] 2017-07-20T11:52:20.2385139Z: [    1.061871] pci_bus 0000:00: root bus resource [io  0x0000-0x0cf7 window]
[STDOUT  ] 2017-07-20T11:52:20.238918767Z: [    1.062404] pci_bus 0000:00: root bus resource [io  0x0d00-0xffff window]
[STDOUT  ] 2017-07-20T11:52:20.239393024Z: [    1.062907] pci_bus 0000:00: root bus resource [mem 0x000a0000-0x000bffff window]
[STDOUT  ] 2017-07-20T11:52:20.240045285Z: [    1.063427] pci_bus 0000:00: root bus resource [mem 0xc0000000-0xfebfffff window]
[STDOUT  ] 2017-07-20T11:52:20.240547365Z: [    1.064214] pci_bus 0000:00: root bus resource [bus 00-ff]
[STDOUT  ] 2017-07-20T11:52:20.335495387Z: [    1.158223] pci 0000:00:1f.0: quirk: [io  0x0600-0x067f] claimed by ICH6 ACPI/GPIO/TCO
[STDOUT  ] 2017-07-20T11:52:20.394847946Z: [    1.217545] ACPI: PCI Interrupt Link [LNKA] (IRQs 5 *10 11)
[STDOUT  ] 2017-07-20T11:52:20.397997644Z: [    1.221454] ACPI: PCI Interrupt Link [LNKB] (IRQs 5 *10 11)
[STDOUT  ] 2017-07-20T11:52:20.400523881Z: [    1.224026] ACPI: PCI Interrupt Link [LNKC] (IRQs 5 10 *11)
[STDOUT  ] 2017-07-20T11:52:20.402537177Z: [    1.226056] ACPI: PCI Interrupt Link [LNKD] (IRQs 5 10 *11)
[STDOUT  ] 2017-07-20T11:52:20.404336139Z: [    1.228000] ACPI: PCI Interrupt Link [LNKE] (IRQs 5 *10 11)
[STDOUT  ] 2017-07-20T11:52:20.406574924Z: [    1.229966] ACPI: PCI Interrupt Link [LNKF] (IRQs 5 *10 11)
[STDOUT  ] 2017-07-20T11:52:20.408599714Z: [    1.232033] ACPI: PCI Interrupt Link [LNKG] (IRQs 5 10 *11)
[STDOUT  ] 2017-07-20T11:52:20.410736846Z: [    1.234204] ACPI: PCI Interrupt Link [LNKH] (IRQs 5 10 *11)
[STDOUT  ] 2017-07-20T11:52:20.411546574Z: [    1.235300] ACPI: PCI Interrupt Link [GSIA] (IRQs *16)
[STDOUT  ] 2017-07-20T11:52:20.412521617Z: [    1.236099] ACPI: PCI Interrupt Link [GSIB] (IRQs *17)
[STDOUT  ] 2017-07-20T11:52:20.41334709Z: [    1.236953] ACPI: PCI Interrupt Link [GSIC] (IRQs *18)
[STDOUT  ] 2017-07-20T11:52:20.413991895Z: [    1.237672] ACPI: PCI Interrupt Link [GSID] (IRQs *19)
[STDOUT  ] 2017-07-20T11:52:20.414810667Z: [    1.238421] ACPI: PCI Interrupt Link [GSIE] (IRQs *20)
[STDOUT  ] 2017-07-20T11:52:20.415548924Z: [    1.239151] ACPI: PCI Interrupt Link [GSIF] (IRQs *21)
[STDOUT  ] 2017-07-20T11:52:20.416519913Z: [    1.240104] ACPI: PCI Interrupt Link [GSIG] (IRQs *22)
[STDOUT  ] 2017-07-20T11:52:20.417151357Z: [    1.240856] ACPI: PCI Interrupt Link [GSIH] (IRQs *23)
[STDOUT  ] 2017-07-20T11:52:20.421225376Z: [    1.244825] ACPI: Enabled 2 GPEs in block 00 to 3F
[STDOUT  ] 2017-07-20T11:52:20.425667956Z: [    1.249355] SCSI subsystem initialized
[STDOUT  ] 2017-07-20T11:52:20.428751577Z: [    1.252442] ACPI: bus type USB registered
[STDOUT  ] 2017-07-20T11:52:20.430609197Z: [    1.254171] usbcore: registered new interface driver usbfs
[STDOUT  ] 2017-07-20T11:52:20.431659332Z: [    1.255297] usbcore: registered new interface driver hub
[STDOUT  ] 2017-07-20T11:52:20.43260267Z: [    1.256248] usbcore: registered new device driver usb
[STDOUT  ] 2017-07-20T11:52:20.433727498Z: [    1.257521] pps_core: LinuxPPS API ver. 1 registered
[STDOUT  ] 2017-07-20T11:52:20.434490439Z: [    1.257821] pps_core: Software ver. 5.3.6 - Copyright 2005-2007 Rodolfo Giometti <giometti@linux.it>
[STDOUT  ] 2017-07-20T11:52:20.434815306Z: [    1.258643] PTP clock support registered
[STDOUT  ] 2017-07-20T11:52:20.436380043Z: [    1.260161] wmi: Mapper loaded
[STDOUT  ] 2017-07-20T11:52:20.437585313Z: [    1.261360] PCI: Using ACPI for IRQ routing
[STDOUT  ] 2017-07-20T11:52:20.457089124Z: [    1.280524] NetLabel: Initializing
[STDOUT  ] 2017-07-20T11:52:20.457326836Z: [    1.280795] NetLabel:  domain hash size = 128
[STDOUT  ] 2017-07-20T11:52:20.457762657Z: [    1.281183] NetLabel:  protocols = UNLABELED CIPSOv4
[STDOUT  ] 2017-07-20T11:52:20.460754586Z: [    1.284089] NetLabel:  unlabeled traffic allowed by default
[STDOUT  ] 2017-07-20T11:52:20.462084506Z: [    1.285494] HPET: 3 timers in total, 0 timers will be used for per-cpu timer
[STDOUT  ] 2017-07-20T11:52:20.46321042Z: [    1.286464] hpet0: at MMIO 0xfed00000, IRQs 2, 8, 0
[STDOUT  ] 2017-07-20T11:52:20.463534904Z: [    1.287074] hpet0: 3 comparators, 64-bit 100.000000 MHz counter
[STDOUT  ] 2017-07-20T11:52:20.473146505Z: [    1.296773] clocksource: Switched to clocksource hpet
[STDOUT  ] 2017-07-20T11:52:20.736082963Z: [    1.553125] VFS: Disk quotas dquot_6.6.0
[STDOUT  ] 2017-07-20T11:52:20.73710397Z: [    1.554017] VFS: Dquot-cache hash table entries: 512 (order 0, 4096 bytes)
[STDOUT  ] 2017-07-20T11:52:20.740867889Z: [    1.558082] FS-Cache: Loaded
[STDOUT  ] 2017-07-20T11:52:20.746140339Z: [    1.563327] CacheFiles: Loaded
[STDOUT  ] 2017-07-20T11:52:20.747835633Z: [    1.565056] pnp: PnP ACPI init
[STDOUT  ] 2017-07-20T11:52:20.7596471Z: [    1.576797] pnp: PnP ACPI: found 5 devices
[STDOUT  ] 2017-07-20T11:52:20.811945838Z: [    1.628642] clocksource: acpi_pm: mask: 0xffffff max_cycles: 0xffffff, max_idle_ns: 2085701024 ns
[STDOUT  ] 2017-07-20T11:52:20.816430347Z: [    1.633543] NET: Registered protocol family 2
[STDOUT  ] 2017-07-20T11:52:20.824191608Z: [    1.641105] TCP established hash table entries: 8192 (order: 4, 65536 bytes)
[STDOUT  ] 2017-07-20T11:52:20.82506315Z: [    1.641992] TCP bind hash table entries: 8192 (order: 5, 131072 bytes)
[STDOUT  ] 2017-07-20T11:52:20.825746296Z: [    1.642734] TCP: Hash tables configured (established 8192 bind 8192)
[STDOUT  ] 2017-07-20T11:52:20.827725812Z: [    1.644746] UDP hash table entries: 512 (order: 2, 16384 bytes)
[STDOUT  ] 2017-07-20T11:52:20.828422834Z: [    1.645330] UDP-Lite hash table entries: 512 (order: 2, 16384 bytes)
[STDOUT  ] 2017-07-20T11:52:20.830658856Z: [    1.647802] NET: Registered protocol family 1
[STDOUT  ] 2017-07-20T11:52:20.831838523Z: [    1.648813] pci 0000:00:01.0: Video device with shadowed ROM at [mem 0x000c0000-0x000dffff]
[STDOUT  ] 2017-07-20T11:52:20.838727864Z: [    1.655934] Unpacking initramfs...
[STDOUT  ] 2017-07-20T11:52:23.193079776Z: [    4.009942] Freeing initrd memory: 17376K (ffff977abeed8000 - ffff977abffd0000)
[STDOUT  ] 2017-07-20T11:52:23.217971685Z: [    4.034930] PCLMULQDQ-NI instructions are not detected.
[STDOUT  ] 2017-07-20T11:52:23.219394833Z: [    4.036466] AVX or AES-NI instructions are not detected.
[STDOUT  ] 2017-07-20T11:52:23.219907498Z: [    4.036975] CPU feature 'AVX registers' is not supported.
[STDOUT  ] 2017-07-20T11:52:23.220399858Z: [    4.037432] CPU feature 'AVX registers' is not supported.
[STDOUT  ] 2017-07-20T11:52:23.220816794Z: [    4.037903] CPU feature 'AVX registers' is not supported.
[STDOUT  ] 2017-07-20T11:52:23.221399165Z: [    4.038342] CPU feature 'AVX registers' is not supported.
[STDOUT  ] 2017-07-20T11:52:23.221759291Z: [    4.038785] AVX2 or AES-NI instructions are not detected.
[STDOUT  ] 2017-07-20T11:52:23.222212743Z: [    4.039309] AVX2 instructions are not detected.
[STDOUT  ] 2017-07-20T11:52:23.22899512Z: [    4.046034] audit: initializing netlink subsys (disabled)
[STDOUT  ] 2017-07-20T11:52:23.230634059Z: [    4.047663] audit: type=2000 audit(1500551542.040:1): initialized
[STDOUT  ] 2017-07-20T11:52:23.238699598Z: [    4.055703] workingset: timestamp_bits=46 max_order=18 bucket_order=0
[STDOUT  ] 2017-07-20T11:52:23.247611742Z: [    4.064495] FS-Cache: Netfs 'cifs' registered for caching
[STDOUT  ] 2017-07-20T11:52:23.248603542Z: [    4.065614] fuse init (API version 7.26)
[STDOUT  ] 2017-07-20T11:52:23.251028665Z: [    4.068062] SGI XFS with ACLs, security attributes, no debug enabled
[STDOUT  ] 2017-07-20T11:52:23.255418284Z: [    4.072447] 9p: Installing v9fs 9p2000 file system support
[STDOUT  ] 2017-07-20T11:52:23.255961229Z: [    4.072974] FS-Cache: Netfs '9p' registered for caching
[STDOUT  ] 2017-07-20T11:52:23.289262697Z: [    4.106272] NET: Registered protocol family 38
[STDOUT  ] 2017-07-20T11:52:23.289828213Z: [    4.106900] Key type asymmetric registered
[STDOUT  ] 2017-07-20T11:52:23.290366978Z: [    4.107350] Asymmetric key parser 'x509' registered
[STDOUT  ] 2017-07-20T11:52:23.29155484Z: [    4.108483] Block layer SCSI generic (bsg) driver version 0.4 loaded (major 251)
[STDOUT  ] 2017-07-20T11:52:23.294495602Z: [    4.111524] io scheduler noop registered
[STDOUT  ] 2017-07-20T11:52:23.294897413Z: [    4.111944] io scheduler deadline registered (default)
[STDOUT  ] 2017-07-20T11:52:23.296131633Z: [    4.113177] io scheduler cfq registered
[STDOUT  ] 2017-07-20T11:52:23.298918509Z: [    4.115923] pci_hotplug: PCI Hot Plug PCI Core version: 0.5
[STDOUT  ] 2017-07-20T11:52:23.29960252Z: [    4.116577] pciehp: PCI Express Hot Plug Controller Driver version: 0.4
[STDOUT  ] 2017-07-20T11:52:23.30070036Z: [    4.117511] shpchp: Standard Hot Plug PCI Controller Driver version: 0.4
[STDOUT  ] 2017-07-20T11:52:23.301415311Z: [    4.118483] hv_vmbus: registering driver hyperv_fb
[STDOUT  ] 2017-07-20T11:52:23.305489812Z: [    4.122527] input: Power Button as /devices/LNXSYSTM:00/LNXPWRBN:00/input/input0
[STDOUT  ] 2017-07-20T11:52:23.306547566Z: [    4.123596] ACPI: Power Button [PWRF]
[STDOUT  ] 2017-07-20T11:52:23.3115447Z: [    4.128447] GHES: HEST is not enabled!
[STDOUT  ] 2017-07-20T11:52:23.322564107Z: [    4.139417] ACPI: PCI Interrupt Link [GSIH] enabled at IRQ 23
[STDOUT  ] 2017-07-20T11:52:23.331062343Z: [    4.148046] xenfs: not registering filesystem on non-xen platform
[STDOUT  ] 2017-07-20T11:52:23.33344045Z: [    4.150524] Serial: 8250/16550 driver, 4 ports, IRQ sharing disabled
[STDOUT  ] 2017-07-20T11:52:23.358838621Z: [    4.175510] 00:04: ttyS0 at I/O 0x3f8 (irq = 4, base_baud = 115200) is a 16550A
[STDOUT  ] 2017-07-20T11:52:23.37116061Z: [    4.188187] Non-volatile memory driver v1.3
[STDOUT  ] 2017-07-20T11:52:23.37762993Z: [    4.194519] Hangcheck: starting hangcheck timer 0.9.1 (tick is 180 seconds, margin is 60 seconds).
[STDOUT  ] 2017-07-20T11:52:23.415867809Z: [    4.233046] loop: module loaded
[STDOUT  ] 2017-07-20T11:52:23.432669323Z: [    4.249612] nbd: registered device at major 43
[STDOUT  ] 2017-07-20T11:52:23.478065892Z: [    4.294947] lpc_ich 0000:00:1f.0: I/O space for GPIO uninitialized
[STDOUT  ] 2017-07-20T11:52:23.480540004Z: [    4.297412] VMware PVSCSI driver - version 1.0.7.0-k
[STDOUT  ] 2017-07-20T11:52:23.481374018Z: [    4.298452] hv_vmbus: registering driver hv_storvsc
[STDOUT  ] 2017-07-20T11:52:23.493792315Z: [    4.310930] ACPI: PCI Interrupt Link [GSIA] enabled at IRQ 16
[STDOUT  ] 2017-07-20T11:52:23.502032145Z: [    4.318839] ahci 0000:00:1f.2: AHCI 0001.0000 32 slots 6 ports 1.5 Gbps 0x3f impl SATA mode
[STDOUT  ] 2017-07-20T11:52:23.502525685Z: [    4.319636] ahci 0000:00:1f.2: flags: 64bit ncq only 
[STDOUT  ] 2017-07-20T11:52:23.523943113Z: [    4.340986] scsi host0: ahci
[STDOUT  ] 2017-07-20T11:52:23.529408441Z: [    4.346568] scsi host1: ahci
[STDOUT  ] 2017-07-20T11:52:23.531837636Z: [    4.349058] scsi host2: ahci
[STDOUT  ] 2017-07-20T11:52:23.534732485Z: [    4.351754] scsi host3: ahci
[STDOUT  ] 2017-07-20T11:52:23.537058748Z: [    4.354236] scsi host4: ahci
[STDOUT  ] 2017-07-20T11:52:23.539325301Z: [    4.356527] scsi host5: ahci
[STDOUT  ] 2017-07-20T11:52:23.542279026Z: [    4.359245] ata1: SATA max UDMA/133 abar m4096@0xfebf1000 port 0xfebf1100 irq 24
[STDOUT  ] 2017-07-20T11:52:23.542981842Z: [    4.359844] ata2: SATA max UDMA/133 abar m4096@0xfebf1000 port 0xfebf1180 irq 24
[STDOUT  ] 2017-07-20T11:52:23.543766725Z: [    4.360745] ata3: SATA max UDMA/133 abar m4096@0xfebf1000 port 0xfebf1200 irq 24
[STDOUT  ] 2017-07-20T11:52:23.544379845Z: [    4.361261] ata4: SATA max UDMA/133 abar m4096@0xfebf1000 port 0xfebf1280 irq 24
[STDOUT  ] 2017-07-20T11:52:23.54485298Z: [    4.361778] ata5: SATA max UDMA/133 abar m4096@0xfebf1000 port 0xfebf1300 irq 24
[STDOUT  ] 2017-07-20T11:52:23.54531432Z: [    4.362237] ata6: SATA max UDMA/133 abar m4096@0xfebf1000 port 0xfebf1380 irq 24
[STDOUT  ] 2017-07-20T11:52:23.558925777Z: [    4.375896] tun: Universal TUN/TAP device driver, 1.6
[STDOUT  ] 2017-07-20T11:52:23.559413268Z: [    4.376426] tun: (C) 1999-2004 Max Krasnyansky <maxk@qualcomm.com>
[STDOUT  ] 2017-07-20T11:52:23.561131237Z: [    4.378223] VMware vmxnet3 virtual NIC driver - version 1.4.a.0-k-NAPI
[STDOUT  ] 2017-07-20T11:52:23.562244906Z: [    4.379067] hv_vmbus: registering driver hv_netvsc
[STDOUT  ] 2017-07-20T11:52:23.562552403Z: [    4.379717] Fusion MPT base driver 3.04.20
[STDOUT  ] 2017-07-20T11:52:23.563065623Z: [    4.380036] Copyright (c) 1999-2008 LSI Corporation
[STDOUT  ] 2017-07-20T11:52:23.564011087Z: [    4.381054] Fusion MPT SPI Host driver 3.04.20
[STDOUT  ] 2017-07-20T11:52:23.566151588Z: [    4.383100] i8042: PNP: PS/2 Controller [PNP0303:KBD,PNP0f13:MOU] at 0x60,0x64 irq 1,12
[STDOUT  ] 2017-07-20T11:52:23.569999596Z: [    4.387050] serio: i8042 KBD port at 0x60,0x64 irq 1
[STDOUT  ] 2017-07-20T11:52:23.570683752Z: [    4.387748] serio: i8042 AUX port at 0x60,0x64 irq 12
[STDOUT  ] 2017-07-20T11:52:23.57419034Z: [    4.391234] hv_vmbus: registering driver hyperv_keyboard
[STDOUT  ] 2017-07-20T11:52:23.576511596Z: [    4.393422] mousedev: PS/2 mouse device common for all mice
[STDOUT  ] 2017-07-20T11:52:23.581431352Z: [    4.398215] input: AT Translated Set 2 keyboard as /devices/platform/i8042/serio0/input/input1
[STDOUT  ] 2017-07-20T11:52:23.584473017Z: [    4.401531] input: PC Speaker as /devices/platform/pcspkr/input/input2
[STDOUT  ] 2017-07-20T11:52:23.588058774Z: [    4.405103] rtc_cmos 00:00: RTC can wake from S4
[STDOUT  ] 2017-07-20T11:52:23.591179815Z: [    4.408270] rtc_cmos 00:00: rtc core: registered rtc_cmos as rtc0
[STDOUT  ] 2017-07-20T11:52:23.592600234Z: [    4.409584] rtc_cmos 00:00: alarms up to one day, y3k, 114 bytes nvram, hpet irqs
[STDOUT  ] 2017-07-20T11:52:23.593418742Z: [    4.410653] i2c /dev entries driver
[STDOUT  ] 2017-07-20T11:52:23.595748638Z: [    4.412595] device-mapper: ioctl: 4.35.0-ioctl (2016-06-23) initialised: dm-devel@redhat.com
[STDOUT  ] 2017-07-20T11:52:23.600899002Z: [    4.417739] usbcore: registered new interface driver usbhid
[STDOUT  ] 2017-07-20T11:52:23.601199529Z: [    4.418175] usbhid: USB HID core driver
[STDOUT  ] 2017-07-20T11:52:23.601839955Z: [    4.418940] hv_utils: Registering HyperV Utility Driver
[STDOUT  ] 2017-07-20T11:52:23.60229175Z: [    4.419273] hv_vmbus: registering driver hv_util
[STDOUT  ] 2017-07-20T11:52:23.602537202Z: [    4.419658] hv_vmbus: registering driver hv_balloon
[STDOUT  ] 2017-07-20T11:52:23.603653964Z: [    4.420717] oprofile: using NMI interrupt.
[STDOUT  ] 2017-07-20T11:52:23.604686287Z: [    4.421886] GACT probability on
[STDOUT  ] 2017-07-20T11:52:23.605270332Z: [    4.422367] Mirror/redirect action on
[STDOUT  ] 2017-07-20T11:52:23.606044721Z: [    4.423266] Simple TC action Loaded
[STDOUT  ] 2017-07-20T11:52:23.606641634Z: [    4.423875] u32 classifier
[STDOUT  ] 2017-07-20T11:52:23.606954823Z: [    4.424064]     Performance counters on
[STDOUT  ] 2017-07-20T11:52:23.607249482Z: [    4.424342]     input device check on
[STDOUT  ] 2017-07-20T11:52:23.607532423Z: [    4.424622]     Actions configured
[STDOUT  ] 2017-07-20T11:52:23.608413237Z: [    4.425494] Netfilter messages via NETLINK v0.30.
[STDOUT  ] 2017-07-20T11:52:23.608975978Z: [    4.426090] nfnl_acct: registering with nfnetlink.
[STDOUT  ] 2017-07-20T11:52:23.610360486Z: [    4.427438] nf_conntrack version 0.5.0 (8192 buckets, 32768 max)
[STDOUT  ] 2017-07-20T11:52:23.613709762Z: [    4.430740] ctnetlink v0.93: registering with nfnetlink.
[STDOUT  ] 2017-07-20T11:52:23.61676358Z: [    4.433861] nf_tables: (c) 2007-2009 Patrick McHardy <kaber@trash.net>
[STDOUT  ] 2017-07-20T11:52:23.617703029Z: [    4.434651] nf_tables_compat: (c) 2012 Pablo Neira Ayuso <pablo@netfilter.org>
[STDOUT  ] 2017-07-20T11:52:23.619952296Z: [    4.437033] xt_time: kernel timezone is -0000
[STDOUT  ] 2017-07-20T11:52:23.620330838Z: [    4.437597] ip_set: protocol 6
[STDOUT  ] 2017-07-20T11:52:23.621168433Z: [    4.438260] IPVS: Registered protocols (TCP, UDP, SCTP, AH, ESP)
[STDOUT  ] 2017-07-20T11:52:23.621962302Z: [    4.438886] IPVS: Connection hash table configured (size=4096, memory=64Kbytes)
[STDOUT  ] 2017-07-20T11:52:23.623997341Z: [    4.441061] IPVS: Creating netns size=2104 id=0
[STDOUT  ] 2017-07-20T11:52:23.626526563Z: [    4.443751] IPVS: ipvs loaded.
[STDOUT  ] 2017-07-20T11:52:23.627022772Z: [    4.444121] IPVS: [rr] scheduler registered.
[STDOUT  ] 2017-07-20T11:52:23.627351994Z: [    4.444464] IPVS: [wrr] scheduler registered.
[STDOUT  ] 2017-07-20T11:52:23.627700324Z: [    4.444806] IPVS: [lc] scheduler registered.
[STDOUT  ] 2017-07-20T11:52:23.628005487Z: [    4.445095] IPVS: [wlc] scheduler registered.
[STDOUT  ] 2017-07-20T11:52:23.628309449Z: [    4.445410] IPVS: [fo] scheduler registered.
[STDOUT  ] 2017-07-20T11:52:23.628599782Z: [    4.445728] IPVS: [ovf] scheduler registered.
[STDOUT  ] 2017-07-20T11:52:23.629111785Z: [    4.446231] IPVS: [lblc] scheduler registered.
[STDOUT  ] 2017-07-20T11:52:23.629605868Z: [    4.446688] IPVS: [lblcr] scheduler registered.
[STDOUT  ] 2017-07-20T11:52:23.6299037Z: [    4.446976] IPVS: [dh] scheduler registered.
[STDOUT  ] 2017-07-20T11:52:23.630216677Z: [    4.447300] IPVS: [sh] scheduler registered.
[STDOUT  ] 2017-07-20T11:52:23.630454128Z: [    4.447604] IPVS: [sed] scheduler registered.
[STDOUT  ] 2017-07-20T11:52:23.6307585Z: [    4.447914] IPVS: [nq] scheduler registered.
[STDOUT  ] 2017-07-20T11:52:23.631626897Z: [    4.448682] IPVS: ftp: loaded support on port[0] = 21
[STDOUT  ] 2017-07-20T11:52:23.632490961Z: [    4.449559] ipip: IPv4 and MPLS over IPv4 tunneling driver
[STDOUT  ] 2017-07-20T11:52:23.637348292Z: [    4.454400] gre: GRE over IPv4 demultiplexor driver
[STDOUT  ] 2017-07-20T11:52:23.639992023Z: [    4.457044] ip_tables: (C) 2000-2006 Netfilter Core Team
[STDOUT  ] 2017-07-20T11:52:23.643492417Z: [    4.460478] ipt_CLUSTERIP: ClusterIP Version 0.8 loaded successfully
[STDOUT  ] 2017-07-20T11:52:23.64431086Z: [    4.461356] arp_tables: arp_tables: (C) 2002 David S. Miller
[STDOUT  ] 2017-07-20T11:52:23.646424188Z: [    4.463639] NET: Registered protocol family 10
[STDOUT  ] 2017-07-20T11:52:23.655647284Z: [    4.472686] ip6_tables: (C) 2000-2006 Netfilter Core Team
[STDOUT  ] 2017-07-20T11:52:23.664142654Z: [    4.481141] NET: Registered protocol family 17
[STDOUT  ] 2017-07-20T11:52:23.665247299Z: [    4.482303] Bridge firewalling registered
[STDOUT  ] 2017-07-20T11:52:23.665803455Z: [    4.482898] Ebtables v2.0 registered
[STDOUT  ] 2017-07-20T11:52:23.66784519Z: [    4.484873] 8021q: 802.1Q VLAN Support v1.8
[STDOUT  ] 2017-07-20T11:52:23.669251135Z: [    4.486326] 9pnet: Installing 9P2000 support
[STDOUT  ] 2017-07-20T11:52:23.670628053Z: [    4.487825] Key type dns_resolver registered
[STDOUT  ] 2017-07-20T11:52:23.671650835Z: [    4.488704] microcode: AMD CPU family 0x6 not supported
[STDOUT  ] 2017-07-20T11:52:23.675848272Z: [    4.492882] registered taskstats version 1
[STDOUT  ] 2017-07-20T11:52:23.874655108Z: [    4.691638] ata3: SATA link up 1.5 Gbps (SStatus 113 SControl 300)
[STDOUT  ] 2017-07-20T11:52:23.880401102Z: [    4.697361] ata3.00: ATAPI: QEMU DVD-ROM, 2.5+, max UDMA/100
[STDOUT  ] 2017-07-20T11:52:23.880886207Z: [    4.697936] ata3.00: applying bridge limits
[STDOUT  ] 2017-07-20T11:52:23.882575213Z: [    4.699653] ata2: SATA link down (SStatus 0 SControl 300)
[STDOUT  ] 2017-07-20T11:52:23.884491249Z: [    4.701523] ata1: SATA link down (SStatus 0 SControl 300)
[STDOUT  ] 2017-07-20T11:52:23.885614531Z: [    4.702637] ata4: SATA link down (SStatus 0 SControl 300)
[STDOUT  ] 2017-07-20T11:52:23.88610276Z: [    4.703180] ata5: SATA link down (SStatus 0 SControl 300)
[STDOUT  ] 2017-07-20T11:52:23.89214345Z: [    4.709056] ata6: SATA link down (SStatus 0 SControl 300)
[STDOUT  ] 2017-07-20T11:52:23.894294831Z: [    4.711508] ata3.00: configured for UDMA/100
[STDOUT  ] 2017-07-20T11:52:23.906163216Z: [    4.723350] Key type big_key registered
[STDOUT  ] 2017-07-20T11:52:23.915101912Z: [    4.731966] scsi 2:0:0:0: CD-ROM            QEMU     QEMU DVD-ROM     2.5+ PQ: 0 ANSI: 5
[STDOUT  ] 2017-07-20T11:52:23.936848408Z: [    4.753635] sr 2:0:0:0: [sr0] scsi3-mmc drive: 4x/4x cd/rw xa/form2 tray
[STDOUT  ] 2017-07-20T11:52:23.93738235Z: [    4.754407] cdrom: Uniform CD-ROM driver Revision: 3.20
[STDOUT  ] 2017-07-20T11:52:23.955289499Z: [    4.772168] sr 2:0:0:0: Attached scsi generic sg0 type 5
[STDOUT  ] 2017-07-20T11:52:23.98474863Z: [    4.801787] Key type encrypted registered
[STDOUT  ] 2017-07-20T11:52:23.990753508Z: [    4.807678] rtc_cmos 00:00: setting system clock to 2017-07-20 11:52:23 UTC (1500551543)
[STDOUT  ] 2017-07-20T11:52:24.139026357Z: [    4.955795] Freeing unused kernel memory: 1380K (ffffffffb8d57000 - ffffffffb8eb0000)
[STDOUT  ] 2017-07-20T11:52:24.139579831Z: [    4.956427] Write protecting the kernel read-only data: 12288k
[STDOUT  ] 2017-07-20T11:52:24.147627477Z: [    4.964495] Freeing unused kernel memory: 152K (ffff977a8d7da000 - ffff977a8d800000)
[STDOUT  ] 2017-07-20T11:52:24.265899136Z: [    5.082567] Freeing unused kernel memory: 1400K (ffff977a8daa2000 - ffff977a8dc00000)
[STDOUT  ] 2017-07-20T11:52:24.266788891Z: [    5.083708] tsc: Refined TSC clocksource calibration: 2599.998 MHz
[STDOUT  ] 2017-07-20T11:52:24.267563479Z: [    5.084279] clocksource: tsc: mask: 0xffffffffffffffff max_cycles: 0x257a3a7b45f, max_idle_ns: 440795312762 ns
[STDOUT  ] 2017-07-20T11:52:25.284113839Z: [    6.100981] clocksource: Switched to clocksource tsc
[STDOUT  ] 2017-07-20T11:52:28.80521063Z: [    9.622041] e1000: Intel(R) PRO/1000 Network Driver - version 7.3.21-k8-NAPI
[STDOUT  ] 2017-07-20T11:52:28.805775846Z: [    9.622580] e1000: Copyright (c) 1999-2006 Intel Corporation.
[STDOUT  ] 2017-07-20T11:52:28.828580036Z: [    9.645348] ACPI: PCI Interrupt Link [GSIG] enabled at IRQ 22
[STDOUT  ] 2017-07-20T11:52:29.199917522Z: [   10.016580] e1000 0000:00:02.0 eth0: (PCI:33MHz:32-bit) 52:54:00:12:34:56
[STDOUT  ] 2017-07-20T11:52:29.200649265Z: [   10.017572] e1000 0000:00:02.0 eth0: Intel(R) PRO/1000 Network Connection
[STDOUT  ] 2017-07-20T11:52:29.656043599Z: 
[STDOUT  ] 2017-07-20T11:52:29.656581839Z: Welcome to LinuxKit
[STDOUT  ] 2017-07-20T11:52:29.656702767Z: 
[STDOUT  ] 2017-07-20T11:52:29.657289268Z:                         ##         .
[STDOUT  ] 2017-07-20T11:52:29.657634497Z:                   ## ## ##        ==
[STDOUT  ] 2017-07-20T11:52:29.658153688Z:                ## ## ## ## ##    ===
[STDOUT  ] 2017-07-20T11:52:29.65849172Z:            /"""""""""""""""""\___/ ===
[STDOUT  ] 2017-07-20T11:52:29.659029679Z:           {                       /  ===-
[STDOUT  ] 2017-07-20T11:52:29.659371667Z:            \______ O           __/
[STDOUT  ] 2017-07-20T11:52:29.659811032Z:              \    \         __/
[STDOUT  ] 2017-07-20T11:52:29.660313318Z:               \____\_______/
[STDOUT  ] 2017-07-20T11:52:29.660334157Z: 
[STDOUT  ] 2017-07-20T11:52:30.977851885Z: Ports test case PASSED
[STDOUT  ] 2017-07-20T11:52:31.05651297Z:  - 000-test
[STDOUT  ] 2017-07-20T11:52:42.18527406Z: [   23.002133] ACPI: Preparing to enter system sleep state S5
[STDOUT  ] 2017-07-20T11:52:42.186910553Z: [   23.003965] reboot: Power down
[STDERR  ] 2017-07-20T11:52:42.484848695Z: + exit 0
[STDERR  ] 2017-07-20T11:52:42.484900045Z: + clean_up
[STDERR  ] 2017-07-20T11:52:42.484911825Z: + rm -rf lsof-cmdline lsof-initrd.img lsof-kernel
[PASS    ] linuxkit.security.ports 34.42s
