[INFO    ] 2017-11-24T14:54:03.990111104Z: Running Test linuxkit.packages.format_mount.by_device_force in /tmp/with_clone3d31ca95/test/cases/040_packages/006_format_mount/005_by_device_force
[INFO    ] 2017-11-24T14:54:03.990246126Z: Running command: [/bin/sh -x /tmp/with_clone3d31ca95/test/cases/040_packages/006_format_mount/005_by_device_force/test.sh]
[STDERR  ] 2017-11-24T14:54:03.99110249Z: + set -e
[STDERR  ] 2017-11-24T14:54:03.991259894Z: + . /tmp/with_clone3d31ca95/test/cases/_lib/lib.sh
[STDERR  ] 2017-11-24T14:54:03.991399725Z: + [ -f src/github.com/linuxkit/rtf/lib/lib.sh ]
[STDERR  ] 2017-11-24T14:54:03.991505558Z: + LINUXKIT_TMPDIR=/tmp/with_clone3d31ca95/test/cases/_tmp
[STDERR  ] 2017-11-24T14:54:03.991631983Z: + [ -f /tmp/with_clone3d31ca95/test/cases/_tmp/env.sh ]
[STDERR  ] 2017-11-24T14:54:03.991714376Z: + . /tmp/with_clone3d31ca95/test/cases/_tmp/env.sh
[STDERR  ] 2017-11-24T14:54:03.991829941Z: + export LINUXKIT_EXAMPLES_DIR=/tmp/with_clone3d31ca95/test/cases/../../examples
[STDERR  ] 2017-11-24T14:54:03.991919905Z: + export LINUXKIT_BLUEPRINTS_DIR=/tmp/with_clone3d31ca95/test/cases/../../blueprints
[STDERR  ] 2017-11-24T14:54:03.992001764Z: + RT_CANCEL=253
[STDERR  ] 2017-11-24T14:54:03.992065906Z: + NAME=test-format
[STDERR  ] 2017-11-24T14:54:03.992148385Z: + DISK1=disk1.img
[STDERR  ] 2017-11-24T14:54:03.99220851Z: + DISK2=disk2.img
[STDERR  ] 2017-11-24T14:54:03.992320729Z: + trap clean_up EXIT
[STDERR  ] 2017-11-24T14:54:03.992478819Z: + linuxkit build -format kernel+initrd -name test-format test.yml
[STDERR  ] 2017-11-24T14:54:04.032688474Z: Extract kernel image: linuxkit/kernel:4.9.51
[STDERR  ] 2017-11-24T14:54:05.284713994Z: time="2017-11-24T14:54:05Z" level=warning msg="certificate with CN Justin Cormack is near expiry" 
[STDERR  ] 2017-11-24T14:54:05.626248248Z: time="2017-11-24T14:54:05Z" level=warning msg="certificate with CN Justin Cormack is near expiry" 
[STDERR  ] 2017-11-24T14:54:05.662871969Z: time="2017-11-24T14:54:05Z" level=warning msg="certificate with CN Justin Cormack is near expiry" 
[STDERR  ] 2017-11-24T14:54:13.511672938Z: Add init containers:
[STDERR  ] 2017-11-24T14:54:13.513693509Z: Process init image: linuxkit/init:42a92119e1ca10380e0d33e26c0cbcf85b9b3558
[STDERR  ] 2017-11-24T14:54:14.51120614Z: time="2017-11-24T14:54:14Z" level=warning msg="certificate with CN Justin Cormack is near expiry" 
[STDERR  ] 2017-11-24T14:54:14.517323689Z: time="2017-11-24T14:54:14Z" level=warning msg="certificate with CN Justin Cormack is near expiry" 
[STDERR  ] 2017-11-24T14:54:16.228986587Z: Process init image: linuxkit/runc:1b0741d07949c0acc444cd6a04ee7f833443579d
[STDERR  ] 2017-11-24T14:54:17.2385856Z: time="2017-11-24T14:54:17Z" level=warning msg="certificate with CN Justin Cormack is near expiry" 
[STDERR  ] 2017-11-24T14:54:17.24219604Z: time="2017-11-24T14:54:17Z" level=warning msg="certificate with CN Justin Cormack is near expiry" 
[STDERR  ] 2017-11-24T14:54:18.465811357Z: Add onboot containers:
[STDERR  ] 2017-11-24T14:54:18.46594323Z:   Create OCI config for linuxkit/format:6b46d0450082f397177da36be6b4d74d93eacd1e
[STDERR  ] 2017-11-24T14:54:19.515969441Z: time="2017-11-24T14:54:19Z" level=warning msg="certificate with CN Justin Cormack is near expiry" 
[STDERR  ] 2017-11-24T14:54:19.516361697Z: time="2017-11-24T14:54:19Z" level=warning msg="certificate with CN Rolf Neugebauer is near expiry" 
[STDERR  ] 2017-11-24T14:54:19.518824757Z: time="2017-11-24T14:54:19Z" level=warning msg="certificate with CN Justin Cormack is near expiry" 
[STDERR  ] 2017-11-24T14:54:19.520841132Z: time="2017-11-24T14:54:19Z" level=warning msg="certificate with CN Rolf Neugebauer is near expiry" 
[STDERR  ] 2017-11-24T14:54:21.051474335Z:   Create OCI config for linuxkit/format:6b46d0450082f397177da36be6b4d74d93eacd1e
[STDERR  ] 2017-11-24T14:54:22.061528009Z: time="2017-11-24T14:54:22Z" level=warning msg="certificate with CN Justin Cormack is near expiry" 
[STDERR  ] 2017-11-24T14:54:22.061917094Z: time="2017-11-24T14:54:22Z" level=warning msg="certificate with CN Rolf Neugebauer is near expiry" 
[STDERR  ] 2017-11-24T14:54:22.064554483Z: time="2017-11-24T14:54:22Z" level=warning msg="certificate with CN Justin Cormack is near expiry" 
[STDERR  ] 2017-11-24T14:54:22.066561095Z: time="2017-11-24T14:54:22Z" level=warning msg="certificate with CN Rolf Neugebauer is near expiry" 
[STDERR  ] 2017-11-24T14:54:23.779572899Z:   Create OCI config for linuxkit/format:6b46d0450082f397177da36be6b4d74d93eacd1e
[STDERR  ] 2017-11-24T14:54:24.7792519Z: time="2017-11-24T14:54:24Z" level=warning msg="certificate with CN Justin Cormack is near expiry" 
[STDERR  ] 2017-11-24T14:54:24.779671046Z: time="2017-11-24T14:54:24Z" level=warning msg="certificate with CN Rolf Neugebauer is near expiry" 
[STDERR  ] 2017-11-24T14:54:24.782119074Z: time="2017-11-24T14:54:24Z" level=warning msg="certificate with CN Justin Cormack is near expiry" 
[STDERR  ] 2017-11-24T14:54:24.783932889Z: time="2017-11-24T14:54:24Z" level=warning msg="certificate with CN Rolf Neugebauer is near expiry" 
[STDERR  ] 2017-11-24T14:54:26.303493688Z:   Create OCI config for linuxkit/format:6b46d0450082f397177da36be6b4d74d93eacd1e
[STDERR  ] 2017-11-24T14:54:27.375900878Z: time="2017-11-24T14:54:27Z" level=warning msg="certificate with CN Justin Cormack is near expiry" 
[STDERR  ] 2017-11-24T14:54:27.376142773Z: time="2017-11-24T14:54:27Z" level=warning msg="certificate with CN Rolf Neugebauer is near expiry" 
[STDERR  ] 2017-11-24T14:54:27.377928121Z: time="2017-11-24T14:54:27Z" level=warning msg="certificate with CN Justin Cormack is near expiry" 
[STDERR  ] 2017-11-24T14:54:27.379920418Z: time="2017-11-24T14:54:27Z" level=warning msg="certificate with CN Rolf Neugebauer is near expiry" 
[STDERR  ] 2017-11-24T14:54:29.042925063Z:   Create OCI config for linuxkit/format:6b46d0450082f397177da36be6b4d74d93eacd1e
[STDERR  ] 2017-11-24T14:54:30.085070041Z: time="2017-11-24T14:54:30Z" level=warning msg="certificate with CN Justin Cormack is near expiry" 
[STDERR  ] 2017-11-24T14:54:30.085440159Z: time="2017-11-24T14:54:30Z" level=warning msg="certificate with CN Rolf Neugebauer is near expiry" 
[STDERR  ] 2017-11-24T14:54:30.087610369Z: time="2017-11-24T14:54:30Z" level=warning msg="certificate with CN Justin Cormack is near expiry" 
[STDERR  ] 2017-11-24T14:54:30.089382755Z: time="2017-11-24T14:54:30Z" level=warning msg="certificate with CN Rolf Neugebauer is near expiry" 
[STDERR  ] 2017-11-24T14:54:31.782037868Z:   Create OCI config for linuxkit/poweroff:280bd01daa8776fbe1f4d912977f1886b8374834
[STDERR  ] 2017-11-24T14:54:32.83858501Z: time="2017-11-24T14:54:32Z" level=warning msg="certificate with CN Justin Cormack is near expiry" 
[STDERR  ] 2017-11-24T14:54:32.838791427Z: time="2017-11-24T14:54:32Z" level=warning msg="certificate with CN Rolf Neugebauer is near expiry" 
[STDERR  ] 2017-11-24T14:54:32.841069613Z: time="2017-11-24T14:54:32Z" level=warning msg="certificate with CN Rolf Neugebauer is near expiry" 
[STDERR  ] 2017-11-24T14:54:33.823404672Z: Add files:
[STDERR  ] 2017-11-24T14:54:33.823527892Z:   check.sh
[STDERR  ] 2017-11-24T14:54:33.823641804Z: Create outputs:
[STDERR  ] 2017-11-24T14:54:44.871145651Z:   test-format-kernel test-format-initrd.img test-format-cmdline
[STDERR  ] 2017-11-24T14:54:45.201985961Z: + linuxkit run -disk file=disk1.img,size=512M -disk file=disk2.img,size=512M test-format
[STDERR  ] 2017-11-24T14:55:51.231505462Z: main-loop: WARNING: I/O thread spun for 1000 iterations
[STDERR  ] 2017-11-24T14:56:27.434467649Z: + RESULT=[    0.000000] Linux version 4.9.51-linuxkit (root@3253c0754a54) (gcc version 6.3.0 (Alpine 6.3.0) ) #1 SMP Wed Sep 20 11:32:07 UTC 2017
[STDERR  ] 2017-11-24T14:56:27.434546109Z: [    0.000000] Command line: console=ttyS0
[STDERR  ] 2017-11-24T14:56:27.434560121Z: [    0.000000] x86/fpu: Legacy x87 FPU detected.
[STDERR  ] 2017-11-24T14:56:27.43457347Z: [    0.000000] x86/fpu: Using 'eager' FPU context switches.
[STDERR  ] 2017-11-24T14:56:27.434588017Z: [    0.000000] e820: BIOS-provided physical RAM map:
[STDERR  ] 2017-11-24T14:56:27.434600998Z: [    0.000000] BIOS-e820: [mem 0x0000000000000000-0x000000000009fbff] usable
[STDERR  ] 2017-11-24T14:56:27.434625286Z: [    0.000000] BIOS-e820: [mem 0x000000000009fc00-0x000000000009ffff] reserved
[STDERR  ] 2017-11-24T14:56:27.434644444Z: [    0.000000] BIOS-e820: [mem 0x00000000000f0000-0x00000000000fffff] reserved
[STDERR  ] 2017-11-24T14:56:27.434656273Z: [    0.000000] BIOS-e820: [mem 0x0000000000100000-0x000000003ffddfff] usable
[STDERR  ] 2017-11-24T14:56:27.434667842Z: [    0.000000] BIOS-e820: [mem 0x000000003ffde000-0x000000003fffffff] reserved
[STDERR  ] 2017-11-24T14:56:27.434679378Z: [    0.000000] BIOS-e820: [mem 0x00000000b0000000-0x00000000bfffffff] reserved
[STDERR  ] 2017-11-24T14:56:27.434691245Z: [    0.000000] BIOS-e820: [mem 0x00000000fed1c000-0x00000000fed1ffff] reserved
[STDERR  ] 2017-11-24T14:56:27.434702636Z: [    0.000000] BIOS-e820: [mem 0x00000000fffc0000-0x00000000ffffffff] reserved
[STDERR  ] 2017-11-24T14:56:27.434715331Z: [    0.000000] NX (Execute Disable) protection: active
[STDERR  ] 2017-11-24T14:56:27.434727282Z: [    0.000000] SMBIOS 2.8 present.
[STDERR  ] 2017-11-24T14:56:27.434738743Z: [    0.000000] e820: last_pfn = 0x3ffde max_arch_pfn = 0x400000000
[STDERR  ] 2017-11-24T14:56:27.434749984Z: [    0.000000] x86/PAT: Configuration [0-7]: WB  WC  UC- UC  WB  WC  UC- WT  
[STDERR  ] 2017-11-24T14:56:27.434761477Z: [    0.000000] found SMP MP-table at [mem 0x000f6aa0-0x000f6aaf] mapped at [ffff8c9e800f6aa0]
[STDERR  ] 2017-11-24T14:56:27.434772862Z: [    0.000000] RAMDISK: [mem 0x3d0b9000-0x3ffcffff]
[STDERR  ] 2017-11-24T14:56:27.43478412Z: [    0.000000] ACPI: Early table checksum verification disabled
[STDERR  ] 2017-11-24T14:56:27.434795468Z: [    0.000000] ACPI: RSDP 0x00000000000F68C0 000014 (v00 BOCHS )
[STDERR  ] 2017-11-24T14:56:27.434806806Z: [    0.000000] ACPI: RSDT 0x000000003FFE2404 000034 (v01 BOCHS  BXPCRSDT 00000001 BXPC 00000001)
[STDERR  ] 2017-11-24T14:56:27.434818872Z: [    0.000000] ACPI: FACP 0x000000003FFE22A4 000074 (v01 BOCHS  BXPCFACP 00000001 BXPC 00000001)
[STDERR  ] 2017-11-24T14:56:27.434830936Z: [    0.000000] ACPI: DSDT 0x000000003FFE0040 002264 (v01 BOCHS  BXPCDSDT 00000001 BXPC 00000001)
[STDERR  ] 2017-11-24T14:56:27.434842492Z: [    0.000000] ACPI: FACS 0x000000003FFE0000 000040
[STDERR  ] 2017-11-24T14:56:27.434853851Z: [    0.000000] ACPI: APIC 0x000000003FFE2318 000078 (v01 BOCHS  BXPCAPIC 00000001 BXPC 00000001)
[STDERR  ] 2017-11-24T14:56:27.434865469Z: [    0.000000] ACPI: HPET 0x000000003FFE2390 000038 (v01 BOCHS  BXPCHPET 00000001 BXPC 00000001)
[STDERR  ] 2017-11-24T14:56:27.434876849Z: [    0.000000] ACPI: MCFG 0x000000003FFE23C8 00003C (v01 BOCHS  BXPCMCFG 00000001 BXPC 00000001)
[STDERR  ] 2017-11-24T14:56:27.434888069Z: [    0.000000] Zone ranges:
[STDERR  ] 2017-11-24T14:56:27.434899623Z: [    0.000000]   DMA      [mem 0x0000000000001000-0x0000000000ffffff]
[STDERR  ] 2017-11-24T14:56:27.434911048Z: [    0.000000]   DMA32    [mem 0x0000000001000000-0x000000003ffddfff]
[STDERR  ] 2017-11-24T14:56:27.434922507Z: [    0.000000]   Normal   empty
[STDERR  ] 2017-11-24T14:56:27.434933823Z: [    0.000000] Movable zone start for each node
[STDERR  ] 2017-11-24T14:56:27.434945111Z: [    0.000000] Early memory node ranges
[STDERR  ] 2017-11-24T14:56:27.434956267Z: [    0.000000]   node   0: [mem 0x0000000000001000-0x000000000009efff]
[STDERR  ] 2017-11-24T14:56:27.434967454Z: [    0.000000]   node   0: [mem 0x0000000000100000-0x000000003ffddfff]
[STDERR  ] 2017-11-24T14:56:27.43497861Z: [    0.000000] Initmem setup node 0 [mem 0x0000000000001000-0x000000003ffddfff]
[STDERR  ] 2017-11-24T14:56:27.434990101Z: [    0.000000] ACPI: PM-Timer IO Port: 0x608
[STDERR  ] 2017-11-24T14:56:27.435001393Z: [    0.000000] ACPI: LAPIC_NMI (acpi_id[0xff] dfl dfl lint[0x1])
[STDERR  ] 2017-11-24T14:56:27.43501255Z: [    0.000000] IOAPIC[0]: apic_id 0, version 32, address 0xfec00000, GSI 0-23
[STDERR  ] 2017-11-24T14:56:27.435024064Z: [    0.000000] ACPI: INT_SRC_OVR (bus 0 bus_irq 0 global_irq 2 dfl dfl)
[STDERR  ] 2017-11-24T14:56:27.435035186Z: [    0.000000] ACPI: INT_SRC_OVR (bus 0 bus_irq 5 global_irq 5 high level)
[STDERR  ] 2017-11-24T14:56:27.435051031Z: [    0.000000] ACPI: INT_SRC_OVR (bus 0 bus_irq 9 global_irq 9 high level)
[STDERR  ] 2017-11-24T14:56:27.43506751Z: [    0.000000] ACPI: INT_SRC_OVR (bus 0 bus_irq 10 global_irq 10 high level)
[STDERR  ] 2017-11-24T14:56:27.435078978Z: [    0.000000] ACPI: INT_SRC_OVR (bus 0 bus_irq 11 global_irq 11 high level)
[STDERR  ] 2017-11-24T14:56:27.435091501Z: [    0.000000] Using ACPI (MADT) for SMP configuration information
[STDERR  ] 2017-11-24T14:56:27.435103053Z: [    0.000000] ACPI: HPET id: 0x8086a201 base: 0xfed00000
[STDERR  ] 2017-11-24T14:56:27.435114722Z: [    0.000000] smpboot: Allowing 1 CPUs, 0 hotplug CPUs
[STDERR  ] 2017-11-24T14:56:27.435127281Z: [    0.000000] e820: [mem 0x40000000-0xafffffff] available for PCI devices
[STDERR  ] 2017-11-24T14:56:27.43513877Z: [    0.000000] Booting paravirtualized kernel on bare hardware
[STDERR  ] 2017-11-24T14:56:27.4351506Z: [    0.000000] clocksource: refined-jiffies: mask: 0xffffffff max_cycles: 0xffffffff, max_idle_ns: 19112604462750000 ns
[STDERR  ] 2017-11-24T14:56:27.435176327Z: [    0.000000] setup_percpu: NR_CPUS:128 nr_cpumask_bits:128 nr_cpu_ids:1 nr_node_ids:1
[STDERR  ] 2017-11-24T14:56:27.435188245Z: [    0.000000] percpu: Embedded 35 pages/cpu @ffff8c9ebce00000 s105240 r8192 d29928 u2097152
[STDERR  ] 2017-11-24T14:56:27.435199931Z: [    0.000000] Built 1 zonelists in Zone order, mobility grouping on.  Total pages: 257895
[STDERR  ] 2017-11-24T14:56:27.435211368Z: [    0.000000] Kernel command line: console=ttyS0
[STDERR  ] 2017-11-24T14:56:27.435223306Z: [    0.000000] PID hash table entries: 4096 (order: 3, 32768 bytes)
[STDERR  ] 2017-11-24T14:56:27.435235023Z: [    0.000000] Dentry cache hash table entries: 131072 (order: 8, 1048576 bytes)
[STDERR  ] 2017-11-24T14:56:27.435246514Z: [    0.000000] Inode-cache hash table entries: 65536 (order: 7, 524288 bytes)
[STDERR  ] 2017-11-24T14:56:27.435258034Z: [    0.000000] Memory: 965948K/1048048K available (8036K kernel code, 1367K rwdata, 2696K rodata, 1380K init, 568K bss, 82100K reserved, 0K cma-reserved)
[STDERR  ] 2017-11-24T14:56:27.435272076Z: [    0.000000] Hierarchical RCU implementation.
[STDERR  ] 2017-11-24T14:56:27.435283934Z: [    0.000000] 	Build-time adjustment of leaf fanout to 64.
[STDERR  ] 2017-11-24T14:56:27.435296648Z: [    0.000000] 	RCU restricting CPUs from NR_CPUS=128 to nr_cpu_ids=1.
[STDERR  ] 2017-11-24T14:56:27.435308243Z: [    0.000000] RCU: Adjusting geometry for rcu_fanout_leaf=64, nr_cpu_ids=1
[STDERR  ] 2017-11-24T14:56:27.435320389Z: [    0.000000] NR_IRQS:8448 nr_irqs:256 16
[STDERR  ] 2017-11-24T14:56:27.43533195Z: [    0.000000] Console: colour VGA+ 80x25
[STDERR  ] 2017-11-24T14:56:27.435343561Z: [    0.000000] console [ttyS0] enabled
[STDERR  ] 2017-11-24T14:56:27.435355037Z: [    0.000000] clocksource: hpet: mask: 0xffffffff max_cycles: 0xffffffff, max_idle_ns: 19112604467 ns
[STDERR  ] 2017-11-24T14:56:27.435366455Z: [    0.000000] tsc: Unable to calibrate against PIT
[STDERR  ] 2017-11-24T14:56:27.435377749Z: [    0.000000] tsc: using HPET reference calibration
[STDERR  ] 2017-11-24T14:56:27.435389167Z: [    0.000000] tsc: Detected 2300.113 MHz processor
[STDERR  ] 2017-11-24T14:56:27.435400574Z: [    0.052457] Calibrating delay loop (skipped), value calculated using timer frequency.. 4600.22 BogoMIPS (lpj=23001130)
[STDERR  ] 2017-11-24T14:56:27.435412036Z: [    0.053925] pid_max: default: 32768 minimum: 301
[STDERR  ] 2017-11-24T14:56:27.435423254Z: [    0.055315] ACPI: Core revision 20160831
[STDERR  ] 2017-11-24T14:56:27.435435556Z: [    0.130419] ACPI: 1 ACPI AML tables successfully acquired and loaded
[STDERR  ] 2017-11-24T14:56:27.435447748Z: [    0.135706] Security Framework initialized
[STDERR  ] 2017-11-24T14:56:27.435459489Z: [    0.136239] Yama: becoming mindful.
[STDERR  ] 2017-11-24T14:56:27.435470733Z: [    0.139420] Mount-cache hash table entries: 2048 (order: 2, 16384 bytes)
[STDERR  ] 2017-11-24T14:56:27.435482341Z: [    0.140135] Mountpoint-cache hash table entries: 2048 (order: 2, 16384 bytes)
[STDERR  ] 2017-11-24T14:56:27.43549435Z: [    0.173408] Last level iTLB entries: 4KB 0, 2MB 0, 4MB 0
[STDERR  ] 2017-11-24T14:56:27.435515748Z: [    0.173985] Last level dTLB entries: 4KB 0, 2MB 0, 4MB 0, 1GB 0
[STDERR  ] 2017-11-24T14:56:27.435527776Z: [    0.762991] Freeing SMP alternatives memory: 20K
[STDERR  ] 2017-11-24T14:56:27.435539434Z: [    0.777992] ftrace: allocating 35528 entries in 139 pages
[STDERR  ] 2017-11-24T14:56:27.435551199Z: [    1.063751] smpboot: Max logical packages: 1
[STDERR  ] 2017-11-24T14:56:27.435562619Z: [    1.074990] ..TIMER: vector=0x30 apic1=0 pin1=2 apic2=-1 pin2=-1
[STDERR  ] 2017-11-24T14:56:27.435574467Z: [    1.180000] smpboot: CPU0: AMD QEMU Virtual CPU version 2.5+ (family: 0x6, model: 0x6, stepping: 0x3)
[STDERR  ] 2017-11-24T14:56:27.43558602Z: [    1.180000] Performance Events: PMU not available due to virtualization, using software events only.
[STDERR  ] 2017-11-24T14:56:27.435598511Z: [    1.199168] NMI watchdog: disabled (cpu0): hardware events not enabled
[STDERR  ] 2017-11-24T14:56:27.43561011Z: [    1.199634] NMI watchdog: Shutting down hard lockup detector on all cpus
[STDERR  ] 2017-11-24T14:56:27.435621696Z: [    1.203645] x86: Booted up 1 node, 1 CPUs
[STDERR  ] 2017-11-24T14:56:27.435633098Z: [    1.204057] smpboot: Total of 1 processors activated (4600.22 BogoMIPS)
[STDERR  ] 2017-11-24T14:56:27.4356459Z: [    1.226807] devtmpfs: initialized
[STDERR  ] 2017-11-24T14:56:27.435657388Z: [    1.235821] x86/mm: Memory block size: 128MB
[STDERR  ] 2017-11-24T14:56:27.435668952Z: [    1.354781] clocksource: jiffies: mask: 0xffffffff max_cycles: 0xffffffff, max_idle_ns: 19112604462750000 ns
[STDERR  ] 2017-11-24T14:56:27.435680492Z: [    1.355876] futex hash table entries: 256 (order: 2, 16384 bytes)
[STDERR  ] 2017-11-24T14:56:27.435691869Z: [    1.370814] NET: Registered protocol family 16
[STDERR  ] 2017-11-24T14:56:27.435703641Z: [    1.386059] cpuidle: using governor ladder
[STDERR  ] 2017-11-24T14:56:27.435715142Z: [    1.386584] cpuidle: using governor menu
[STDERR  ] 2017-11-24T14:56:27.435727132Z: [    1.388207] ACPI: bus type PCI registered
[STDERR  ] 2017-11-24T14:56:27.435739531Z: [    1.393426] PCI: MMCONFIG for domain 0000 [bus 00-ff] at [mem 0xb0000000-0xbfffffff] (base 0xb0000000)
[STDERR  ] 2017-11-24T14:56:27.435751106Z: [    1.394286] PCI: MMCONFIG at [mem 0xb0000000-0xbfffffff] reserved in E820
[STDERR  ] 2017-11-24T14:56:27.435763077Z: [    1.396163] PCI: Using configuration type 1 for base access
[STDERR  ] 2017-11-24T14:56:27.435774785Z: [    1.493181] HugeTLB registered 2 MB page size, pre-allocated 0 pages
[STDERR  ] 2017-11-24T14:56:27.435785952Z: [    1.509349] ACPI: Added _OSI(Module Device)
[STDERR  ] 2017-11-24T14:56:27.435796631Z: [    1.509698] ACPI: Added _OSI(Processor Device)
[STDERR  ] 2017-11-24T14:56:27.43580741Z: [    1.510063] ACPI: Added _OSI(3.0 _SCP Extensions)
[STDERR  ] 2017-11-24T14:56:27.435818206Z: [    1.510374] ACPI: Added _OSI(Processor Aggregator Device)
[STDERR  ] 2017-11-24T14:56:27.435830506Z: [    1.637607] ACPI: Interpreter enabled
[STDERR  ] 2017-11-24T14:56:27.435840995Z: [    1.638750] ACPI: (supports S0 S5)
[STDERR  ] 2017-11-24T14:56:27.435851575Z: [    1.639170] ACPI: Using IOAPIC for interrupt routing
[STDERR  ] 2017-11-24T14:56:27.435862658Z: [    1.642194] PCI: Using host bridge windows from ACPI; if necessary, use "pci=nocrs" and report a bug
[STDERR  ] 2017-11-24T14:56:27.435873242Z: [    1.746787] ACPI: PCI Root Bridge [PCI0] (domain 0000 [bus 00-ff])
[STDERR  ] 2017-11-24T14:56:27.435887149Z: [    1.748016] acpi PNP0A08:00: _OSC: OS supports [ExtendedConfig ASPM ClockPM Segments MSI]
[STDERR  ] 2017-11-24T14:56:27.435900071Z: [    1.757339] acpi PNP0A08:00: _OSC: OS now controls [PCIeHotplug PME PCIeCapability]
[STDERR  ] 2017-11-24T14:56:27.435911468Z: [    1.763248] PCI host bridge to bus 0000:00
[STDERR  ] 2017-11-24T14:56:27.435923557Z: [    1.763764] pci_bus 0000:00: root bus resource [io  0x0000-0x0cf7 window]
[STDERR  ] 2017-11-24T14:56:27.435935716Z: [    1.764229] pci_bus 0000:00: root bus resource [io  0x0d00-0xffff window]
[STDERR  ] 2017-11-24T14:56:27.43769262Z: [    1.764645] pci_bus 0000:00: root bus resource [mem 0x000a0000-0x000bffff window]
[STDERR  ] 2017-11-24T14:56:27.437724401Z: [    1.765113] pci_bus 0000:00: root bus resource [mem 0xc0000000-0xfebfffff window]
[STDERR  ] 2017-11-24T14:56:27.43773703Z: [    1.765761] pci_bus 0000:00: root bus resource [bus 00-ff]
[STDERR  ] 2017-11-24T14:56:27.43774896Z: [    1.942481] pci 0000:00:1f.0: quirk: [io  0x0600-0x067f] claimed by ICH6 ACPI/GPIO/TCO
[STDERR  ] 2017-11-24T14:56:27.437761778Z: [    2.039592] ACPI: PCI Interrupt Link [LNKA] (IRQs 5 *10 11)
[STDERR  ] 2017-11-24T14:56:27.437773209Z: [    2.042618] ACPI: PCI Interrupt Link [LNKB] (IRQs 5 *10 11)
[STDERR  ] 2017-11-24T14:56:27.437784737Z: [    2.045246] ACPI: PCI Interrupt Link [LNKC] (IRQs 5 10 *11)
[STDERR  ] 2017-11-24T14:56:27.43779633Z: [    2.047716] ACPI: PCI Interrupt Link [LNKD] (IRQs 5 10 *11)
[STDERR  ] 2017-11-24T14:56:27.437807999Z: [    2.050577] ACPI: PCI Interrupt Link [LNKE] (IRQs 5 *10 11)
[STDERR  ] 2017-11-24T14:56:27.437819729Z: [    2.053065] ACPI: PCI Interrupt Link [LNKF] (IRQs 5 *10 11)
[STDERR  ] 2017-11-24T14:56:27.437842091Z: [    2.055521] ACPI: PCI Interrupt Link [LNKG] (IRQs 5 10 *11)
[STDERR  ] 2017-11-24T14:56:27.437854604Z: [    2.058122] ACPI: PCI Interrupt Link [LNKH] (IRQs 5 10 *11)
[STDERR  ] 2017-11-24T14:56:27.437865924Z: [    2.059214] ACPI: PCI Interrupt Link [GSIA] (IRQs *16)
[STDERR  ] 2017-11-24T14:56:27.437877388Z: [    2.060151] ACPI: PCI Interrupt Link [GSIB] (IRQs *17)
[STDERR  ] 2017-11-24T14:56:27.437888947Z: [    2.060910] ACPI: PCI Interrupt Link [GSIC] (IRQs *18)
[STDERR  ] 2017-11-24T14:56:27.437900838Z: [    2.061652] ACPI: PCI Interrupt Link [GSID] (IRQs *19)
[STDERR  ] 2017-11-24T14:56:27.437912348Z: [    2.062385] ACPI: PCI Interrupt Link [GSIE] (IRQs *20)
[STDERR  ] 2017-11-24T14:56:27.4379237Z: [    2.063129] ACPI: PCI Interrupt Link [GSIF] (IRQs *21)
[STDERR  ] 2017-11-24T14:56:27.437935267Z: [    2.063864] ACPI: PCI Interrupt Link [GSIG] (IRQs *22)
[STDERR  ] 2017-11-24T14:56:27.437946577Z: [    2.064602] ACPI: PCI Interrupt Link [GSIH] (IRQs *23)
[STDERR  ] 2017-11-24T14:56:27.437958086Z: [    2.070000] ACPI: Enabled 2 GPEs in block 00 to 3F
[STDERR  ] 2017-11-24T14:56:27.437969523Z: [    2.076552] SCSI subsystem initialized
[STDERR  ] 2017-11-24T14:56:27.437980951Z: [    2.080452] ACPI: bus type USB registered
[STDERR  ] 2017-11-24T14:56:27.437992375Z: [    2.082067] usbcore: registered new interface driver usbfs
[STDERR  ] 2017-11-24T14:56:27.438003704Z: [    2.083255] usbcore: registered new interface driver hub
[STDERR  ] 2017-11-24T14:56:27.438015712Z: [    2.084309] usbcore: registered new device driver usb
[STDERR  ] 2017-11-24T14:56:27.438027915Z: [    2.085890] pps_core: LinuxPPS API ver. 1 registered
[STDERR  ] 2017-11-24T14:56:27.438039283Z: [    2.086225] pps_core: Software ver. 5.3.6 - Copyright 2005-2007 Rodolfo Giometti <giometti@linux.it>
[STDERR  ] 2017-11-24T14:56:27.438053121Z: [    2.086990] PTP clock support registered
[STDERR  ] 2017-11-24T14:56:27.438064573Z: [    2.088667] wmi: Mapper loaded
[STDERR  ] 2017-11-24T14:56:27.438076959Z: [    2.090447] PCI: Using ACPI for IRQ routing
[STDERR  ] 2017-11-24T14:56:27.438088547Z: [    2.122367] NetLabel: Initializing
[STDERR  ] 2017-11-24T14:56:27.438099867Z: [    2.122654] NetLabel:  domain hash size = 128
[STDERR  ] 2017-11-24T14:56:27.438111212Z: [    2.122935] NetLabel:  protocols = UNLABELED CIPSOv4
[STDERR  ] 2017-11-24T14:56:27.438122587Z: [    2.125582] NetLabel:  unlabeled traffic allowed by default
[STDERR  ] 2017-11-24T14:56:27.438134378Z: [    2.126786] HPET: 3 timers in total, 0 timers will be used for per-cpu timer
[STDERR  ] 2017-11-24T14:56:27.438145796Z: [    2.127630] hpet0: at MMIO 0xfed00000, IRQs 2, 8, 0
[STDERR  ] 2017-11-24T14:56:27.438157462Z: [    2.128157] hpet0: 3 comparators, 64-bit 100.000000 MHz counter
[STDERR  ] 2017-11-24T14:56:27.438168787Z: [    2.135614] clocksource: Switched to clocksource hpet
[STDERR  ] 2017-11-24T14:56:27.438188988Z: [    2.590808] VFS: Disk quotas dquot_6.6.0
[STDERR  ] 2017-11-24T14:56:27.438206028Z: [    2.591781] VFS: Dquot-cache hash table entries: 512 (order 0, 4096 bytes)
[STDERR  ] 2017-11-24T14:56:27.438217598Z: [    2.595839] FS-Cache: Loaded
[STDERR  ] 2017-11-24T14:56:27.438229795Z: [    2.604103] CacheFiles: Loaded
[STDERR  ] 2017-11-24T14:56:27.43824121Z: [    2.606493] pnp: PnP ACPI init
[STDERR  ] 2017-11-24T14:56:27.438252443Z: [    2.624640] pnp: PnP ACPI: found 5 devices
[STDERR  ] 2017-11-24T14:56:27.438264051Z: [    2.712229] clocksource: acpi_pm: mask: 0xffffff max_cycles: 0xffffff, max_idle_ns: 2085701024 ns
[STDERR  ] 2017-11-24T14:56:27.438275915Z: [    2.716469] NET: Registered protocol family 2
[STDERR  ] 2017-11-24T14:56:27.438286948Z: [    2.728374] TCP established hash table entries: 8192 (order: 4, 65536 bytes)
[STDERR  ] 2017-11-24T14:56:27.438298376Z: [    2.729246] TCP bind hash table entries: 8192 (order: 5, 131072 bytes)
[STDERR  ] 2017-11-24T14:56:27.43830971Z: [    2.730030] TCP: Hash tables configured (established 8192 bind 8192)
[STDERR  ] 2017-11-24T14:56:27.438321Z: [    2.732876] UDP hash table entries: 512 (order: 2, 16384 bytes)
[STDERR  ] 2017-11-24T14:56:27.438332712Z: [    2.733509] UDP-Lite hash table entries: 512 (order: 2, 16384 bytes)
[STDERR  ] 2017-11-24T14:56:27.438344098Z: [    2.737050] NET: Registered protocol family 1
[STDERR  ] 2017-11-24T14:56:27.43835547Z: [    2.738368] pci 0000:00:01.0: Video device with shadowed ROM at [mem 0x000c0000-0x000dffff]
[STDERR  ] 2017-11-24T14:56:27.438366972Z: [    2.749841] Unpacking initramfs...
[STDERR  ] 2017-11-24T14:56:27.438378389Z: [   19.974241] Freeing initrd memory: 48220K
[STDERR  ] 2017-11-24T14:56:27.438389618Z: [   20.014481] PCLMULQDQ-NI instructions are not detected.
[STDERR  ] 2017-11-24T14:56:27.438401245Z: [   20.016345] AVX or AES-NI instructions are not detected.
[STDERR  ] 2017-11-24T14:56:27.438412372Z: [   20.017039] CPU feature 'AVX registers' is not supported.
[STDERR  ] 2017-11-24T14:56:27.438423771Z: [   20.017681] CPU feature 'AVX registers' is not supported.
[STDERR  ] 2017-11-24T14:56:27.438441768Z: [   20.018319] CPU feature 'AVX registers' is not supported.
[STDERR  ] 2017-11-24T14:56:27.438454218Z: [   20.018930] CPU feature 'AVX registers' is not supported.
[STDERR  ] 2017-11-24T14:56:27.438465417Z: [   20.019551] AVX2 or AES-NI instructions are not detected.
[STDERR  ] 2017-11-24T14:56:27.438476415Z: [   20.020561] AVX2 instructions are not detected.
[STDERR  ] 2017-11-24T14:56:27.438486807Z: [   20.031325] audit: initializing netlink subsys (disabled)
[STDERR  ] 2017-11-24T14:56:27.438497518Z: [   20.033945] audit: type=2000 audit(1511535308.030:1): initialized
[STDERR  ] 2017-11-24T14:56:27.43850866Z: [   20.042966] workingset: timestamp_bits=46 max_order=18 bucket_order=0
[STDERR  ] 2017-11-24T14:56:27.438519543Z: [   20.052287] FS-Cache: Netfs 'cifs' registered for caching
[STDERR  ] 2017-11-24T14:56:27.438530124Z: [   20.053212] fuse init (API version 7.26)
[STDERR  ] 2017-11-24T14:56:27.438540737Z: [   20.055396] SGI XFS with ACLs, security attributes, no debug enabled
[STDERR  ] 2017-11-24T14:56:27.438551288Z: [   20.059469] 9p: Installing v9fs 9p2000 file system support
[STDERR  ] 2017-11-24T14:56:27.438562093Z: [   20.059977] FS-Cache: Netfs '9p' registered for caching
[STDERR  ] 2017-11-24T14:56:27.438573004Z: [   20.094564] NET: Registered protocol family 38
[STDERR  ] 2017-11-24T14:56:27.438583535Z: [   20.095124] Key type asymmetric registered
[STDERR  ] 2017-11-24T14:56:27.438594801Z: [   20.095465] Asymmetric key parser 'x509' registered
[STDERR  ] 2017-11-24T14:56:27.438605636Z: [   20.096251] Block layer SCSI generic (bsg) driver version 0.4 loaded (major 251)
[STDERR  ] 2017-11-24T14:56:27.438616244Z: [   20.097499] io scheduler noop registered
[STDERR  ] 2017-11-24T14:56:27.438626831Z: [   20.097820] io scheduler deadline registered (default)
[STDERR  ] 2017-11-24T14:56:27.438637644Z: [   20.098579] io scheduler cfq registered
[STDERR  ] 2017-11-24T14:56:27.438656753Z: [   20.102804] pci_hotplug: PCI Hot Plug PCI Core version: 0.5
[STDERR  ] 2017-11-24T14:56:27.438676304Z: [   20.103433] pciehp: PCI Express Hot Plug Controller Driver version: 0.4
[STDERR  ] 2017-11-24T14:56:27.438687702Z: [   20.104210] shpchp: Standard Hot Plug PCI Controller Driver version: 0.4
[STDERR  ] 2017-11-24T14:56:27.438698293Z: [   20.105000] hv_vmbus: registering driver hyperv_fb
[STDERR  ] 2017-11-24T14:56:27.438709265Z: [   20.108475] input: Power Button as /devices/LNXSYSTM:00/LNXPWRBN:00/input/input0
[STDERR  ] 2017-11-24T14:56:27.438719839Z: [   20.109501] ACPI: Power Button [PWRF]
[STDERR  ] 2017-11-24T14:56:27.438730171Z: [   20.114653] GHES: HEST is not enabled!
[STDERR  ] 2017-11-24T14:56:27.438740241Z: [   20.125545] ACPI: PCI Interrupt Link [GSIG] enabled at IRQ 22
[STDERR  ] 2017-11-24T14:56:27.438751238Z: [   20.138222] ACPI: PCI Interrupt Link [GSIH] enabled at IRQ 23
[STDERR  ] 2017-11-24T14:56:27.43876219Z: [   20.142245] xenfs: not registering filesystem on non-xen platform
[STDERR  ] 2017-11-24T14:56:27.43877235Z: [   20.144210] Serial: 8250/16550 driver, 4 ports, IRQ sharing disabled
[STDERR  ] 2017-11-24T14:56:27.43878251Z: [   20.171128] 00:04: ttyS0 at I/O 0x3f8 (irq = 4, base_baud = 115200) is a 16550A
[STDERR  ] 2017-11-24T14:56:27.438792756Z: [   20.181746] Non-volatile memory driver v1.3
[STDERR  ] 2017-11-24T14:56:27.438803023Z: [   20.187596] Hangcheck: starting hangcheck timer 0.9.1 (tick is 180 seconds, margin is 60 seconds).
[STDERR  ] 2017-11-24T14:56:27.438813588Z: [   20.192674] random: fast init done
[STDERR  ] 2017-11-24T14:56:27.438823883Z: [   20.193838] random: crng init done
[STDERR  ] 2017-11-24T14:56:27.438834367Z: [   20.227906] loop: module loaded
[STDERR  ] 2017-11-24T14:56:27.438844801Z: [   20.242912] nbd: registered device at major 43
[STDERR  ] 2017-11-24T14:56:27.438855685Z: [   20.284958] lpc_ich 0000:00:1f.0: I/O space for GPIO uninitialized
[STDERR  ] 2017-11-24T14:56:27.438866126Z: [   20.286643] VMware PVSCSI driver - version 1.0.7.0-k
[STDERR  ] 2017-11-24T14:56:27.438876717Z: [   20.287351] hv_vmbus: registering driver hv_storvsc
[STDERR  ] 2017-11-24T14:56:27.438887389Z: [   20.297513] ACPI: PCI Interrupt Link [GSIA] enabled at IRQ 16
[STDERR  ] 2017-11-24T14:56:27.438897983Z: [   20.303823] ahci 0000:00:1f.2: AHCI 0001.0000 32 slots 6 ports 1.5 Gbps 0x3f impl SATA mode
[STDERR  ] 2017-11-24T14:56:27.438908744Z: [   20.304506] ahci 0000:00:1f.2: flags: 64bit ncq only 
[STDERR  ] 2017-11-24T14:56:27.43891983Z: [   20.325170] scsi host0: ahci
[STDERR  ] 2017-11-24T14:56:27.438930459Z: [   20.328720] scsi host1: ahci
[STDERR  ] 2017-11-24T14:56:27.438941023Z: [   20.331164] scsi host2: ahci
[STDERR  ] 2017-11-24T14:56:27.438951745Z: [   20.333454] scsi host3: ahci
[STDERR  ] 2017-11-24T14:56:27.438962337Z: [   20.335678] scsi host4: ahci
[STDERR  ] 2017-11-24T14:56:27.438973653Z: [   20.337794] scsi host5: ahci
[STDERR  ] 2017-11-24T14:56:27.438984919Z: [   20.339574] ata1: SATA max UDMA/133 abar m4096@0xfebd2000 port 0xfebd2100 irq 24
[STDERR  ] 2017-11-24T14:56:27.438995823Z: [   20.340274] ata2: SATA max UDMA/133 abar m4096@0xfebd2000 port 0xfebd2180 irq 24
[STDERR  ] 2017-11-24T14:56:27.439007658Z: [   20.340760] ata3: SATA max UDMA/133 abar m4096@0xfebd2000 port 0xfebd2200 irq 24
[STDERR  ] 2017-11-24T14:56:27.43901914Z: [   20.341236] ata4: SATA max UDMA/133 abar m4096@0xfebd2000 port 0xfebd2280 irq 24
[STDERR  ] 2017-11-24T14:56:27.439030524Z: [   20.341709] ata5: SATA max UDMA/133 abar m4096@0xfebd2000 port 0xfebd2300 irq 24
[STDERR  ] 2017-11-24T14:56:27.439041716Z: [   20.342182] ata6: SATA max UDMA/133 abar m4096@0xfebd2000 port 0xfebd2380 irq 24
[STDERR  ] 2017-11-24T14:56:27.439052127Z: [   20.355050] tun: Universal TUN/TAP device driver, 1.6
[STDERR  ] 2017-11-24T14:56:27.43906397Z: [   20.355420] tun: (C) 1999-2004 Max Krasnyansky <maxk@qualcomm.com>
[STDERR  ] 2017-11-24T14:56:27.439075379Z: [   20.366148] VMware vmxnet3 virtual NIC driver - version 1.4.a.0-k-NAPI
[STDERR  ] 2017-11-24T14:56:27.439094746Z: [   20.366952] hv_vmbus: registering driver hv_netvsc
[STDERR  ] 2017-11-24T14:56:27.439107845Z: [   20.367306] Fusion MPT base driver 3.04.20
[STDERR  ] 2017-11-24T14:56:27.439114685Z: [   20.367582] Copyright (c) 1999-2008 LSI Corporation
[STDERR  ] 2017-11-24T14:56:27.439121511Z: [   20.368104] Fusion MPT SPI Host driver 3.04.20
[STDERR  ] 2017-11-24T14:56:27.439127869Z: [   20.370008] i8042: PNP: PS/2 Controller [PNP0303:KBD,PNP0f13:MOU] at 0x60,0x64 irq 1,12
[STDERR  ] 2017-11-24T14:56:27.43913444Z: [   20.374320] serio: i8042 KBD port at 0x60,0x64 irq 1
[STDERR  ] 2017-11-24T14:56:27.439141046Z: [   20.374899] serio: i8042 AUX port at 0x60,0x64 irq 12
[STDERR  ] 2017-11-24T14:56:27.439147334Z: [   20.377807] hv_vmbus: registering driver hyperv_keyboard
[STDERR  ] 2017-11-24T14:56:27.439170485Z: [   20.379991] mousedev: PS/2 mouse device common for all mice
[STDERR  ] 2017-11-24T14:56:27.43919561Z: [   20.384935] input: AT Translated Set 2 keyboard as /devices/platform/i8042/serio0/input/input1
[STDERR  ] 2017-11-24T14:56:27.439202482Z: [   20.387980] input: PC Speaker as /devices/platform/pcspkr/input/input2
[STDERR  ] 2017-11-24T14:56:27.439208924Z: [   20.391655] rtc_cmos 00:00: RTC can wake from S4
[STDERR  ] 2017-11-24T14:56:27.43921533Z: [   20.394852] rtc_cmos 00:00: rtc core: registered rtc_cmos as rtc0
[STDERR  ] 2017-11-24T14:56:27.439224187Z: [   20.396259] rtc_cmos 00:00: alarms up to one day, y3k, 114 bytes nvram, hpet irqs
[STDERR  ] 2017-11-24T14:56:27.439235607Z: [   20.396963] i2c /dev entries driver
[STDERR  ] 2017-11-24T14:56:27.439247353Z: [   20.398769] device-mapper: ioctl: 4.35.0-ioctl (2016-06-23) initialised: dm-devel@redhat.com
[STDOUT  ] 2017-11-24T14:56:27.436479895Z: [    0.000000] Linux version 4.9.51-linuxkit (root@3253c0754a54) (gcc version 6.3.0 (Alpine 6.3.0) ) #1 SMP Wed Sep 20 11:32:07 UTC 2017
[STDERR  ] 2017-11-24T14:56:27.439258724Z: [   20.404137] usbcore: registered new interface driver usbhid
[STDERR  ] 2017-11-24T14:56:27.439272834Z: [   20.404542] usbhid: USB HID core driver
[STDOUT  ] 2017-11-24T14:56:27.439264693Z: [    0.000000] Command line: console=ttyS0
[STDERR  ] 2017-11-24T14:56:27.439284258Z: [   20.405082] hv_utils: Registering HyperV Utility Driver
[STDERR  ] 2017-11-24T14:56:27.439296203Z: [   20.405438] hv_vmbus: registering driver hv_util
[STDERR  ] 2017-11-24T14:56:27.439307434Z: [   20.405748] hv_vmbus: registering driver hv_balloon
[STDERR  ] 2017-11-24T14:56:27.439316114Z: [   20.406223] oprofile: using NMI interrupt.
[STDERR  ] 2017-11-24T14:56:27.439322568Z: [   20.407233] GACT probability on
[STDERR  ] 2017-11-24T14:56:27.439328934Z: [   20.407658] Mirror/redirect action on
[STDERR  ] 2017-11-24T14:56:27.439335401Z: [   20.408434] Simple TC action Loaded
[STDERR  ] 2017-11-24T14:56:27.439342451Z: [   20.408949] u32 classifier
[STDERR  ] 2017-11-24T14:56:27.439348923Z: [   20.409146]     Performance counters on
[STDERR  ] 2017-11-24T14:56:27.439355533Z: [   20.409404]     input device check on
[STDERR  ] 2017-11-24T14:56:27.439362812Z: [   20.409651]     Actions configured
[STDERR  ] 2017-11-24T14:56:27.43936957Z: [   20.410398] Netfilter messages via NETLINK v0.30.
[STDERR  ] 2017-11-24T14:56:27.439375889Z: [   20.410923] nfnl_acct: registering with nfnetlink.
[STDERR  ] 2017-11-24T14:56:27.439382279Z: [   20.412363] nf_conntrack version 0.5.0 (8192 buckets, 32768 max)
[STDERR  ] 2017-11-24T14:56:27.439388591Z: [   20.415293] ctnetlink v0.93: registering with nfnetlink.
[STDERR  ] 2017-11-24T14:56:27.439394836Z: [   20.418280] nf_tables: (c) 2007-2009 Patrick McHardy <kaber@trash.net>
[STDERR  ] 2017-11-24T14:56:27.43940474Z: [   20.419081] nf_tables_compat: (c) 2012 Pablo Neira Ayuso <pablo@netfilter.org>
[STDERR  ] 2017-11-24T14:56:27.439416032Z: [   20.421582] xt_time: kernel timezone is -0000
[STDERR  ] 2017-11-24T14:56:27.439427529Z: [   20.422106] ip_set: protocol 6
[STDOUT  ] 2017-11-24T14:56:27.439285521Z: [    0.000000] x86/fpu: Legacy x87 FPU detected.
[STDERR  ] 2017-11-24T14:56:27.439438519Z: [   20.422689] IPVS: Registered protocols (TCP, UDP, SCTP, AH, ESP)
[STDERR  ] 2017-11-24T14:56:27.439450049Z: [   20.423335] IPVS: Connection hash table configured (size=4096, memory=64Kbytes)
[STDOUT  ] 2017-11-24T14:56:27.439442532Z: [    0.000000] x86/fpu: Using 'eager' FPU context switches.
[STDOUT  ] 2017-11-24T14:56:27.439465291Z: [    0.000000] e820: BIOS-provided physical RAM map:
[STDERR  ] 2017-11-24T14:56:27.439466531Z: [   20.424969] IPVS: Creating netns size=2104 id=0
[STDERR  ] 2017-11-24T14:56:27.439477847Z: [   20.427633] IPVS: ipvs loaded.
[STDERR  ] 2017-11-24T14:56:27.439491545Z: [   20.427962] IPVS: [rr] scheduler registered.
[STDERR  ] 2017-11-24T14:56:27.43950344Z: [   20.428285] IPVS: [wrr] scheduler registered.
[STDERR  ] 2017-11-24T14:56:27.439512398Z: [   20.428581] IPVS: [lc] scheduler registered.
[STDERR  ] 2017-11-24T14:56:27.4395192Z: [   20.428866] IPVS: [wlc] scheduler registered.
[STDERR  ] 2017-11-24T14:56:27.43952569Z: [   20.429159] IPVS: [fo] scheduler registered.
[STDERR  ] 2017-11-24T14:56:27.439533222Z: [   20.429445] IPVS: [ovf] scheduler registered.
[STDERR  ] 2017-11-24T14:56:27.439540343Z: [   20.429835] IPVS: [lblc] scheduler registered.
[STDERR  ] 2017-11-24T14:56:27.439548919Z: [   20.430553] IPVS: [lblcr] scheduler registered.
[STDERR  ] 2017-11-24T14:56:27.439555564Z: [   20.430885] IPVS: [dh] scheduler registered.
[STDERR  ] 2017-11-24T14:56:27.439562419Z: [   20.431175] IPVS: [sh] scheduler registered.
[STDERR  ] 2017-11-24T14:56:27.439568957Z: [   20.431464] IPVS: [sed] scheduler registered.
[STDERR  ] 2017-11-24T14:56:27.439576995Z: [   20.431756] IPVS: [nq] scheduler registered.
[STDERR  ] 2017-11-24T14:56:27.439588442Z: [   20.432399] IPVS: ftp: loaded support on port[0] = 21
[STDOUT  ] 2017-11-24T14:56:27.439477476Z: [    0.000000] BIOS-e820: [mem 0x0000000000000000-0x000000000009fbff] usable
[STDOUT  ] 2017-11-24T14:56:27.439631847Z: [    0.000000] BIOS-e820: [mem 0x000000000009fc00-0x000000000009ffff] reserved
[STDOUT  ] 2017-11-24T14:56:27.43964272Z: [    0.000000] BIOS-e820: [mem 0x00000000000f0000-0x00000000000fffff] reserved
[STDOUT  ] 2017-11-24T14:56:27.439649689Z: [    0.000000] BIOS-e820: [mem 0x0000000000100000-0x000000003ffddfff] usable
[STDOUT  ] 2017-11-24T14:56:27.439656657Z: [    0.000000] BIOS-e820: [mem 0x000000003ffde000-0x000000003fffffff] reserved
[STDOUT  ] 2017-11-24T14:56:27.439663143Z: [    0.000000] BIOS-e820: [mem 0x00000000b0000000-0x00000000bfffffff] reserved
[STDOUT  ] 2017-11-24T14:56:27.439669517Z: [    0.000000] BIOS-e820: [mem 0x00000000fed1c000-0x00000000fed1ffff] reserved
[STDOUT  ] 2017-11-24T14:56:27.439675888Z: [    0.000000] BIOS-e820: [mem 0x00000000fffc0000-0x00000000ffffffff] reserved
[STDOUT  ] 2017-11-24T14:56:27.439683259Z: [    0.000000] NX (Execute Disable) protection: active
[STDOUT  ] 2017-11-24T14:56:27.439689857Z: [    0.000000] SMBIOS 2.8 present.
[STDOUT  ] 2017-11-24T14:56:27.439696341Z: [    0.000000] e820: last_pfn = 0x3ffde max_arch_pfn = 0x400000000
[STDOUT  ] 2017-11-24T14:56:27.439702804Z: [    0.000000] x86/PAT: Configuration [0-7]: WB  WC  UC- UC  WB  WC  UC- WT  
[STDOUT  ] 2017-11-24T14:56:27.439709574Z: [    0.000000] found SMP MP-table at [mem 0x000f6aa0-0x000f6aaf] mapped at [ffff8c9e800f6aa0]
[STDOUT  ] 2017-11-24T14:56:27.439717238Z: [    0.000000] RAMDISK: [mem 0x3d0b9000-0x3ffcffff]
[STDOUT  ] 2017-11-24T14:56:27.439724264Z: [    0.000000] ACPI: Early table checksum verification disabled
[STDOUT  ] 2017-11-24T14:56:27.439730734Z: [    0.000000] ACPI: RSDP 0x00000000000F68C0 000014 (v00 BOCHS )
[STDOUT  ] 2017-11-24T14:56:27.439737347Z: [    0.000000] ACPI: RSDT 0x000000003FFE2404 000034 (v01 BOCHS  BXPCRSDT 00000001 BXPC 00000001)
[STDOUT  ] 2017-11-24T14:56:27.439744037Z: [    0.000000] ACPI: FACP 0x000000003FFE22A4 000074 (v01 BOCHS  BXPCFACP 00000001 BXPC 00000001)
[STDOUT  ] 2017-11-24T14:56:27.439759112Z: [    0.000000] ACPI: DSDT 0x000000003FFE0040 002264 (v01 BOCHS  BXPCDSDT 00000001 BXPC 00000001)
[STDOUT  ] 2017-11-24T14:56:27.43976594Z: [    0.000000] ACPI: FACS 0x000000003FFE0000 000040
[STDOUT  ] 2017-11-24T14:56:27.439772743Z: [    0.000000] ACPI: APIC 0x000000003FFE2318 000078 (v01 BOCHS  BXPCAPIC 00000001 BXPC 00000001)
[STDOUT  ] 2017-11-24T14:56:27.439789555Z: [    0.000000] ACPI: HPET 0x000000003FFE2390 000038 (v01 BOCHS  BXPCHPET 00000001 BXPC 00000001)
[STDOUT  ] 2017-11-24T14:56:27.439827155Z: [    0.000000] ACPI: MCFG 0x000000003FFE23C8 00003C (v01 BOCHS  BXPCMCFG 00000001 BXPC 00000001)
[STDOUT  ] 2017-11-24T14:56:27.439858434Z: [    0.000000] Zone ranges:
[STDOUT  ] 2017-11-24T14:56:27.439864991Z: [    0.000000]   DMA      [mem 0x0000000000001000-0x0000000000ffffff]
[STDOUT  ] 2017-11-24T14:56:27.439872023Z: [    0.000000]   DMA32    [mem 0x0000000001000000-0x000000003ffddfff]
[STDOUT  ] 2017-11-24T14:56:27.439878596Z: [    0.000000]   Normal   empty
[STDOUT  ] 2017-11-24T14:56:27.439885314Z: [    0.000000] Movable zone start for each node
[STDOUT  ] 2017-11-24T14:56:27.439895451Z: [    0.000000] Early memory node ranges
[STDOUT  ] 2017-11-24T14:56:27.439902183Z: [    0.000000]   node   0: [mem 0x0000000000001000-0x000000000009efff]
[STDOUT  ] 2017-11-24T14:56:27.439908679Z: [    0.000000]   node   0: [mem 0x0000000000100000-0x000000003ffddfff]
[STDOUT  ] 2017-11-24T14:56:27.439915491Z: [    0.000000] Initmem setup node 0 [mem 0x0000000000001000-0x000000003ffddfff]
[STDOUT  ] 2017-11-24T14:56:27.439922746Z: [    0.000000] ACPI: PM-Timer IO Port: 0x608
[STDOUT  ] 2017-11-24T14:56:27.439929297Z: [    0.000000] ACPI: LAPIC_NMI (acpi_id[0xff] dfl dfl lint[0x1])
[STDOUT  ] 2017-11-24T14:56:27.439935743Z: [    0.000000] IOAPIC[0]: apic_id 0, version 32, address 0xfec00000, GSI 0-23
[STDOUT  ] 2017-11-24T14:56:27.439942631Z: [    0.000000] ACPI: INT_SRC_OVR (bus 0 bus_irq 0 global_irq 2 dfl dfl)
[STDOUT  ] 2017-11-24T14:56:27.439949099Z: [    0.000000] ACPI: INT_SRC_OVR (bus 0 bus_irq 5 global_irq 5 high level)
[STDOUT  ] 2017-11-24T14:56:27.439955476Z: [    0.000000] ACPI: INT_SRC_OVR (bus 0 bus_irq 9 global_irq 9 high level)
[STDOUT  ] 2017-11-24T14:56:27.43996185Z: [    0.000000] ACPI: INT_SRC_OVR (bus 0 bus_irq 10 global_irq 10 high level)
[STDOUT  ] 2017-11-24T14:56:27.439968293Z: [    0.000000] ACPI: INT_SRC_OVR (bus 0 bus_irq 11 global_irq 11 high level)
[STDOUT  ] 2017-11-24T14:56:27.439974573Z: [    0.000000] Using ACPI (MADT) for SMP configuration information
[STDOUT  ] 2017-11-24T14:56:27.439981002Z: [    0.000000] ACPI: HPET id: 0x8086a201 base: 0xfed00000
[STDOUT  ] 2017-11-24T14:56:27.439989485Z: [    0.000000] smpboot: Allowing 1 CPUs, 0 hotplug CPUs
[STDOUT  ] 2017-11-24T14:56:27.440031135Z: [    0.000000] e820: [mem 0x40000000-0xafffffff] available for PCI devices
[STDOUT  ] 2017-11-24T14:56:27.440044762Z: [    0.000000] Booting paravirtualized kernel on bare hardware
[STDOUT  ] 2017-11-24T14:56:27.440051704Z: [    0.000000] clocksource: refined-jiffies: mask: 0xffffffff max_cycles: 0xffffffff, max_idle_ns: 19112604462750000 ns
[STDOUT  ] 2017-11-24T14:56:27.440060431Z: [    0.000000] setup_percpu: NR_CPUS:128 nr_cpumask_bits:128 nr_cpu_ids:1 nr_node_ids:1
[STDOUT  ] 2017-11-24T14:56:27.440067496Z: [    0.000000] percpu: Embedded 35 pages/cpu @ffff8c9ebce00000 s105240 r8192 d29928 u2097152
[STDOUT  ] 2017-11-24T14:56:27.440073909Z: [    0.000000] Built 1 zonelists in Zone order, mobility grouping on.  Total pages: 257895
[STDOUT  ] 2017-11-24T14:56:27.440080404Z: [    0.000000] Kernel command line: console=ttyS0
[STDOUT  ] 2017-11-24T14:56:27.44008678Z: [    0.000000] PID hash table entries: 4096 (order: 3, 32768 bytes)
[STDOUT  ] 2017-11-24T14:56:27.440096412Z: [    0.000000] Dentry cache hash table entries: 131072 (order: 8, 1048576 bytes)
[STDOUT  ] 2017-11-24T14:56:27.440104109Z: [    0.000000] Inode-cache hash table entries: 65536 (order: 7, 524288 bytes)
[STDOUT  ] 2017-11-24T14:56:27.440112629Z: [    0.000000] Memory: 965948K/1048048K available (8036K kernel code, 1367K rwdata, 2696K rodata, 1380K init, 568K bss, 82100K reserved, 0K cma-reserved)
[STDOUT  ] 2017-11-24T14:56:27.44012296Z: [    0.000000] Hierarchical RCU implementation.
[STDOUT  ] 2017-11-24T14:56:27.440129421Z: [    0.000000] 	Build-time adjustment of leaf fanout to 64.
[STDOUT  ] 2017-11-24T14:56:27.440135877Z: [    0.000000] 	RCU restricting CPUs from NR_CPUS=128 to nr_cpu_ids=1.
[STDOUT  ] 2017-11-24T14:56:27.440151892Z: [    0.000000] RCU: Adjusting geometry for rcu_fanout_leaf=64, nr_cpu_ids=1
[STDOUT  ] 2017-11-24T14:56:27.440159082Z: [    0.000000] NR_IRQS:8448 nr_irqs:256 16
[STDOUT  ] 2017-11-24T14:56:27.4401656Z: [    0.000000] Console: colour VGA+ 80x25
[STDOUT  ] 2017-11-24T14:56:27.440171984Z: [    0.000000] console [ttyS0] enabled
[STDOUT  ] 2017-11-24T14:56:27.440180143Z: [    0.000000] clocksource: hpet: mask: 0xffffffff max_cycles: 0xffffffff, max_idle_ns: 19112604467 ns
[STDOUT  ] 2017-11-24T14:56:27.44019013Z: [    0.000000] tsc: Unable to calibrate against PIT
[STDERR  ] 2017-11-24T14:56:27.43960011Z: [   20.433370] ipip: IPv4 and MPLS over IPv4 tunneling driver
[STDERR  ] 2017-11-24T14:56:27.440224491Z: [   20.437424] gre: GRE over IPv4 demultiplexor driver
[STDERR  ] 2017-11-24T14:56:27.440237047Z: [   20.440550] ip_tables: (C) 2000-2006 Netfilter Core Team
[STDERR  ] 2017-11-24T14:56:27.440245633Z: [   20.443667] ipt_CLUSTERIP: ClusterIP Version 0.8 loaded successfully
[STDERR  ] 2017-11-24T14:56:27.440252638Z: [   20.444357] arp_tables: arp_tables: (C) 2002 David S. Miller
[STDERR  ] 2017-11-24T14:56:27.440259191Z: [   20.446547] NET: Registered protocol family 10
[STDERR  ] 2017-11-24T14:56:27.440265915Z: [   20.456418] ip6_tables: (C) 2000-2006 Netfilter Core Team
[STDERR  ] 2017-11-24T14:56:27.440272468Z: [   20.472109] NET: Registered protocol family 17
[STDERR  ] 2017-11-24T14:56:27.440279297Z: [   20.473844] Bridge firewalling registered
[STDERR  ] 2017-11-24T14:56:27.440286056Z: [   20.474734] Ebtables v2.0 registered
[STDERR  ] 2017-11-24T14:56:27.440292854Z: [   20.477913] 8021q: 802.1Q VLAN Support v1.8
[STDERR  ] 2017-11-24T14:56:27.440299349Z: [   20.479726] 9pnet: Installing 9P2000 support
[STDERR  ] 2017-11-24T14:56:27.440305732Z: [   20.481633] Key type dns_resolver registered
[STDERR  ] 2017-11-24T14:56:27.440312041Z: [   20.482633] microcode: AMD CPU family 0x6 not supported
[STDERR  ] 2017-11-24T14:56:27.440318363Z: [   20.486382] registered taskstats version 1
[STDERR  ] 2017-11-24T14:56:27.440324798Z: [   20.651290] Key type big_key registered
[STDERR  ] 2017-11-24T14:56:27.440331208Z: [   20.675479] ata2: SATA link up 1.5 Gbps (SStatus 113 SControl 300)
[STDERR  ] 2017-11-24T14:56:27.440337825Z: [   20.679806] ata2.00: ATA-7: QEMU HARDDISK, 2.5+, max UDMA/100
[STDERR  ] 2017-11-24T14:56:27.440344142Z: [   20.680443] ata2.00: 1048576 sectors, multi 16: LBA48 NCQ (depth 31/32)
[STDERR  ] 2017-11-24T14:56:27.440350428Z: [   20.681002] ata2.00: applying bridge limits
[STDERR  ] 2017-11-24T14:56:27.44035682Z: [   20.682259] ata1: SATA link up 1.5 Gbps (SStatus 113 SControl 300)
[STDERR  ] 2017-11-24T14:56:27.440363172Z: [   20.682807] ata1.00: ATA-7: QEMU HARDDISK, 2.5+, max UDMA/100
[STDERR  ] 2017-11-24T14:56:27.440371443Z: [   20.683239] ata1.00: 1048576 sectors, multi 16: LBA48 NCQ (depth 31/32)
[STDERR  ] 2017-11-24T14:56:27.44038256Z: [   20.683672] ata1.00: applying bridge limits
[STDERR  ] 2017-11-24T14:56:27.440393675Z: [   20.684567] ata1.00: configured for UDMA/100
[STDERR  ] 2017-11-24T14:56:27.440403078Z: [   20.687105] ata5: SATA link down (SStatus 0 SControl 300)
[STDERR  ] 2017-11-24T14:56:27.440424725Z: [   20.687955] ata3: SATA link up 1.5 Gbps (SStatus 113 SControl 300)
[STDERR  ] 2017-11-24T14:56:27.44043918Z: [   20.688730] ata3.00: ATAPI: QEMU DVD-ROM, 2.5+, max UDMA/100
[STDERR  ] 2017-11-24T14:56:27.440452222Z: [   20.689159] ata3.00: applying bridge limits
[STDERR  ] 2017-11-24T14:56:27.440463847Z: [   20.689691] ata3.00: configured for UDMA/100
[STDERR  ] 2017-11-24T14:56:27.440476126Z: [   20.690858] ata4: SATA link down (SStatus 0 SControl 300)
[STDERR  ] 2017-11-24T14:56:27.440485934Z: [   20.691678] ata6: SATA link down (SStatus 0 SControl 300)
[STDERR  ] 2017-11-24T14:56:27.440495205Z: [   20.710938] ata2.00: configured for UDMA/100
[STDERR  ] 2017-11-24T14:56:27.440504574Z: [   20.712915] scsi 0:0:0:0: Direct-Access     ATA      QEMU HARDDISK    2.5+ PQ: 0 ANSI: 5
[STDERR  ] 2017-11-24T14:56:27.440521429Z: [   20.725678] sd 0:0:0:0: [sda] 1048576 512-byte logical blocks: (537 MB/512 MiB)
[STDERR  ] 2017-11-24T14:56:27.440537709Z: [   20.730648] sd 0:0:0:0: [sda] Write Protect is off
[STDERR  ] 2017-11-24T14:56:27.440547666Z: [   20.731500] sd 0:0:0:0: Attached scsi generic sg0 type 0
[STDERR  ] 2017-11-24T14:56:27.440557304Z: [   20.740915] sd 0:0:0:0: [sda] Write cache: enabled, read cache: enabled, doesn't support DPO or FUA
[STDERR  ] 2017-11-24T14:56:27.44056749Z: [   20.746364] scsi 1:0:0:0: Direct-Access     ATA      QEMU HARDDISK    2.5+ PQ: 0 ANSI: 5
[STDERR  ] 2017-11-24T14:56:27.440577466Z: [   20.749914] sd 1:0:0:0: [sdb] 1048576 512-byte logical blocks: (537 MB/512 MiB)
[STDERR  ] 2017-11-24T14:56:27.440587784Z: [   20.752991] sd 1:0:0:0: [sdb] Write Protect is off
[STDERR  ] 2017-11-24T14:56:27.440598289Z: [   20.755628] sd 1:0:0:0: [sdb] Write cache: enabled, read cache: enabled, doesn't support DPO or FUA
[STDERR  ] 2017-11-24T14:56:27.440608982Z: [   20.756495] sd 1:0:0:0: Attached scsi generic sg1 type 0
[STDERR  ] 2017-11-24T14:56:27.44061909Z: [   20.762271] scsi 2:0:0:0: CD-ROM            QEMU     QEMU DVD-ROM     2.5+ PQ: 0 ANSI: 5
[STDERR  ] 2017-11-24T14:56:27.440629106Z: [   20.790975] sr 2:0:0:0: [sr0] scsi3-mmc drive: 4x/4x cd/rw xa/form2 tray
[STDERR  ] 2017-11-24T14:56:27.440639345Z: [   20.791616] cdrom: Uniform CD-ROM driver Revision: 3.20
[STDERR  ] 2017-11-24T14:56:27.440648984Z: [   20.796075] sd 1:0:0:0: [sdb] Attached SCSI disk
[STDERR  ] 2017-11-24T14:56:27.440658477Z: [   20.800510] sr 2:0:0:0: Attached scsi generic sg2 type 5
[STDERR  ] 2017-11-24T14:56:27.440668514Z: [   20.805758] Key type encrypted registered
[STDERR  ] 2017-11-24T14:56:27.440678556Z: [   20.809549] rtc_cmos 00:00: setting system clock to 2017-11-24 14:55:09 UTC (1511535309)
[STDERR  ] 2017-11-24T14:56:27.440688447Z: [   20.812778] sd 0:0:0:0: [sda] Attached SCSI disk
[STDERR  ] 2017-11-24T14:56:27.440699329Z: [   21.005225] Freeing unused kernel memory: 1380K
[STDERR  ] 2017-11-24T14:56:27.440709336Z: [   21.005858] Write protecting the kernel read-only data: 12288k
[STDERR  ] 2017-11-24T14:56:27.440719886Z: [   21.017096] Freeing unused kernel memory: 140K
[STDERR  ] 2017-11-24T14:56:27.440729562Z: [   21.236072] Freeing unused kernel memory: 1400K
[STDERR  ] 2017-11-24T14:56:27.440739911Z: [   21.237237] tsc: Refined TSC clocksource calibration: 2300.053 MHz
[STDERR  ] 2017-11-24T14:56:27.44075078Z: [   21.238111] clocksource: tsc: mask: 0xffffffffffffffff max_cycles: 0x2127670bee1, max_idle_ns: 440795219254 ns
[STDERR  ] 2017-11-24T14:56:27.440761182Z: [   22.264205] clocksource: Switched to clocksource tsc
[STDERR  ] 2017-11-24T14:56:27.440773853Z: 
[STDERR  ] 2017-11-24T14:56:27.440783377Z: Welcome to LinuxKit
[STDERR  ] 2017-11-24T14:56:27.440793335Z: 
[STDERR  ] 2017-11-24T14:56:27.440803779Z:                         ##         .
[STDERR  ] 2017-11-24T14:56:27.440815488Z:                   ## ## ##        ==
[STDERR  ] 2017-11-24T14:56:27.440827078Z:                ## ## ## ## ##    ===
[STDERR  ] 2017-11-24T14:56:27.440838265Z:            /"""""""""""""""""\___/ ===
[STDERR  ] 2017-11-24T14:56:27.440849775Z:           {                       /  ===-
[STDERR  ] 2017-11-24T14:56:27.440860987Z:            \______ O           __/
[STDERR  ] 2017-11-24T14:56:27.440872851Z:              \    \         __/
[STDERR  ] 2017-11-24T14:56:27.440884101Z:               \____\_______/
[STDERR  ] 2017-11-24T14:56:27.440893845Z: 
[STDERR  ] 2017-11-24T14:56:27.440903894Z: [   60.156311] IPVS: Creating netns size=2104 id=1
[STDERR  ] 2017-11-24T14:56:27.440914145Z: [   60.156910] IPVS: ftp: loaded support on port[0] = 21
[STDERR  ] 2017-11-24T14:56:27.440924414Z: 2017/11/24 14:55:50 Considering auto format for device /dev/sda
[STDERR  ] 2017-11-24T14:56:27.440934688Z: 2017/11/24 14:55:50 Checking if /dev/sda is empty
[STDERR  ] 2017-11-24T14:56:27.440945195Z: 2017/11/24 14:55:50 blkid did not find any existing content on /dev/sda.
[STDERR  ] 2017-11-24T14:56:27.440957124Z: 2017/11/24 14:55:50 Creating partition on /dev/sda
[STDERR  ] 2017-11-24T14:56:27.440978811Z: [   62.296597]  sda:
[STDERR  ] 2017-11-24T14:56:27.440990522Z: [   62.400464]  sda:
[STDERR  ] 2017-11-24T14:56:27.441000959Z: [   62.446983]  sda: sda1
[STDERR  ] 2017-11-24T14:56:27.441011721Z: [   62.553902]  sda: sda1
[STDERR  ] 2017-11-24T14:56:27.441023294Z: 2017/11/24 14:55:53 Partition /dev/sda1 successfully created!
[STDERR  ] 2017-11-24T14:56:27.441035165Z: [   67.117853] IPVS: Creating netns size=2104 id=2
[STDERR  ] 2017-11-24T14:56:27.441045833Z: [   67.118324] IPVS: ftp: loaded support on port[0] = 21
[STDERR  ] 2017-11-24T14:56:27.441056722Z: 2017/11/24 14:55:56 Considering auto format for device /dev/sdb
[STDERR  ] 2017-11-24T14:56:27.441067748Z: 2017/11/24 14:55:56 Checking if /dev/sdb is empty
[STDERR  ] 2017-11-24T14:56:27.441078863Z: 2017/11/24 14:55:57 blkid did not find any existing content on /dev/sdb.
[STDOUT  ] 2017-11-24T14:56:27.440201391Z: [    0.000000] tsc: using HPET reference calibration
[STDOUT  ] 2017-11-24T14:56:27.441103246Z: [    0.000000] tsc: Detected 2300.113 MHz processor
[STDOUT  ] 2017-11-24T14:56:27.441115895Z: [    0.052457] Calibrating delay loop (skipped), value calculated using timer frequency.. 4600.22 BogoMIPS (lpj=23001130)
[STDOUT  ] 2017-11-24T14:56:27.441127679Z: [    0.053925] pid_max: default: 32768 minimum: 301
[STDOUT  ] 2017-11-24T14:56:27.441135507Z: [    0.055315] ACPI: Core revision 20160831
[STDOUT  ] 2017-11-24T14:56:27.44114239Z: [    0.130419] ACPI: 1 ACPI AML tables successfully acquired and loaded
[STDOUT  ] 2017-11-24T14:56:27.441149255Z: [    0.135706] Security Framework initialized
[STDOUT  ] 2017-11-24T14:56:27.441155456Z: [    0.136239] Yama: becoming mindful.
[STDOUT  ] 2017-11-24T14:56:27.441161765Z: [    0.139420] Mount-cache hash table entries: 2048 (order: 2, 16384 bytes)
[STDOUT  ] 2017-11-24T14:56:27.441168476Z: [    0.140135] Mountpoint-cache hash table entries: 2048 (order: 2, 16384 bytes)
[STDOUT  ] 2017-11-24T14:56:27.441175947Z: [    0.173408] Last level iTLB entries: 4KB 0, 2MB 0, 4MB 0
[STDOUT  ] 2017-11-24T14:56:27.441182515Z: [    0.173985] Last level dTLB entries: 4KB 0, 2MB 0, 4MB 0, 1GB 0
[STDOUT  ] 2017-11-24T14:56:27.441189025Z: [    0.762991] Freeing SMP alternatives memory: 20K
[STDOUT  ] 2017-11-24T14:56:27.441195396Z: [    0.777992] ftrace: allocating 35528 entries in 139 pages
[STDOUT  ] 2017-11-24T14:56:27.441202175Z: [    1.063751] smpboot: Max logical packages: 1
[STDOUT  ] 2017-11-24T14:56:27.441208479Z: [    1.074990] ..TIMER: vector=0x30 apic1=0 pin1=2 apic2=-1 pin2=-1
[STDOUT  ] 2017-11-24T14:56:27.441214879Z: [    1.180000] smpboot: CPU0: AMD QEMU Virtual CPU version 2.5+ (family: 0x6, model: 0x6, stepping: 0x3)
[STDOUT  ] 2017-11-24T14:56:27.441221325Z: [    1.180000] Performance Events: PMU not available due to virtualization, using software events only.
[STDOUT  ] 2017-11-24T14:56:27.441237438Z: [    1.199168] NMI watchdog: disabled (cpu0): hardware events not enabled
[STDOUT  ] 2017-11-24T14:56:27.441245609Z: [    1.199634] NMI watchdog: Shutting down hard lockup detector on all cpus
[STDOUT  ] 2017-11-24T14:56:27.441252526Z: [    1.203645] x86: Booted up 1 node, 1 CPUs
[STDOUT  ] 2017-11-24T14:56:27.441262038Z: [    1.204057] smpboot: Total of 1 processors activated (4600.22 BogoMIPS)
[STDERR  ] 2017-11-24T14:56:27.441090208Z: 2017/11/24 14:55:57 Creating partition on /dev/sdb
[STDERR  ] 2017-11-24T14:56:27.441285307Z: [   69.163365]  sdb:
[STDERR  ] 2017-11-24T14:56:27.441299801Z: [   69.259527]  sdb:
[STDERR  ] 2017-11-24T14:56:27.441311872Z: [   69.305761]  sdb: sdb1
[STDERR  ] 2017-11-24T14:56:27.441320995Z: [   69.412931]  sdb: sdb1
[STDERR  ] 2017-11-24T14:56:27.441328506Z: 2017/11/24 14:56:00 Partition /dev/sdb1 successfully created!
[STDERR  ] 2017-11-24T14:56:27.441335164Z: [   73.828787] IPVS: Creating netns size=2104 id=3
[STDERR  ] 2017-11-24T14:56:27.441341654Z: [   73.829459] IPVS: ftp: loaded support on port[0] = 21
[STDERR  ] 2017-11-24T14:56:27.441348035Z: 2017/11/24 14:56:03 Considering auto format for device /dev/sda
[STDERR  ] 2017-11-24T14:56:27.44136744Z: 2017/11/24 14:56:03 Checking if /dev/sda is empty
[STDERR  ] 2017-11-24T14:56:27.441374311Z: 2017/11/24 14:56:04 /dev/sda has content. blkid returned: /dev/sda: PTUUID="1cdaadd6" PTTYPE="dos"
[STDERR  ] 2017-11-24T14:56:27.441380919Z: 2017/11/24 14:56:04 No eligible disks found
[STDERR  ] 2017-11-24T14:56:27.441387259Z: [   77.605763] IPVS: Creating netns size=2104 id=4
[STDERR  ] 2017-11-24T14:56:27.441395376Z: [   77.606184] IPVS: ftp: loaded support on port[0] = 21
[STDERR  ] 2017-11-24T14:56:27.441410745Z: 2017/11/24 14:56:07 Clearing partitions on /dev/sdb because forced format was requested
[STDERR  ] 2017-11-24T14:56:27.441418251Z: [   78.914312]  sdb:
[STDERR  ] 2017-11-24T14:56:27.441424858Z: 2017/11/24 14:56:07 Creating partition on /dev/sdb
[STDERR  ] 2017-11-24T14:56:27.441431154Z: [   79.107766]  sdb:
[STDERR  ] 2017-11-24T14:56:27.441438693Z: [   79.229979]  sdb:
[STDERR  ] 2017-11-24T14:56:27.441449866Z: [   79.257976]  sdb: sdb1
[STDOUT  ] 2017-11-24T14:56:27.441274147Z: [    1.226807] devtmpfs: initialized
[STDOUT  ] 2017-11-24T14:56:27.441479589Z: [    1.235821] x86/mm: Memory block size: 128MB
[STDOUT  ] 2017-11-24T14:56:27.441494639Z: [    1.354781] clocksource: jiffies: mask: 0xffffffff max_cycles: 0xffffffff, max_idle_ns: 19112604462750000 ns
[STDOUT  ] 2017-11-24T14:56:27.441503714Z: [    1.355876] futex hash table entries: 256 (order: 2, 16384 bytes)
[STDOUT  ] 2017-11-24T14:56:27.441510213Z: [    1.370814] NET: Registered protocol family 16
[STDOUT  ] 2017-11-24T14:56:27.441516471Z: [    1.386059] cpuidle: using governor ladder
[STDOUT  ] 2017-11-24T14:56:27.441522989Z: [    1.386584] cpuidle: using governor menu
[STDOUT  ] 2017-11-24T14:56:27.441532847Z: [    1.388207] ACPI: bus type PCI registered
[STDOUT  ] 2017-11-24T14:56:27.441539245Z: [    1.393426] PCI: MMCONFIG for domain 0000 [bus 00-ff] at [mem 0xb0000000-0xbfffffff] (base 0xb0000000)
[STDOUT  ] 2017-11-24T14:56:27.441545713Z: [    1.394286] PCI: MMCONFIG at [mem 0xb0000000-0xbfffffff] reserved in E820
[STDOUT  ] 2017-11-24T14:56:27.441552785Z: [    1.396163] PCI: Using configuration type 1 for base access
[STDOUT  ] 2017-11-24T14:56:27.441561135Z: [    1.493181] HugeTLB registered 2 MB page size, pre-allocated 0 pages
[STDOUT  ] 2017-11-24T14:56:27.441568172Z: [    1.509349] ACPI: Added _OSI(Module Device)
[STDOUT  ] 2017-11-24T14:56:27.441574463Z: [    1.509698] ACPI: Added _OSI(Processor Device)
[STDOUT  ] 2017-11-24T14:56:27.441580731Z: [    1.510063] ACPI: Added _OSI(3.0 _SCP Extensions)
[STDOUT  ] 2017-11-24T14:56:27.441587096Z: [    1.510374] ACPI: Added _OSI(Processor Aggregator Device)
[STDOUT  ] 2017-11-24T14:56:27.441593283Z: [    1.637607] ACPI: Interpreter enabled
[STDOUT  ] 2017-11-24T14:56:27.441599849Z: [    1.638750] ACPI: (supports S0 S5)
[STDOUT  ] 2017-11-24T14:56:27.441606101Z: [    1.639170] ACPI: Using IOAPIC for interrupt routing
[STDOUT  ] 2017-11-24T14:56:27.441631013Z: [    1.642194] PCI: Using host bridge windows from ACPI; if necessary, use "pci=nocrs" and report a bug
[STDOUT  ] 2017-11-24T14:56:27.441644544Z: [    1.746787] ACPI: PCI Root Bridge [PCI0] (domain 0000 [bus 00-ff])
[STDOUT  ] 2017-11-24T14:56:27.441657706Z: [    1.748016] acpi PNP0A08:00: _OSC: OS supports [ExtendedConfig ASPM ClockPM Segments MSI]
[STDOUT  ] 2017-11-24T14:56:27.441669858Z: [    1.757339] acpi PNP0A08:00: _OSC: OS now controls [PCIeHotplug PME PCIeCapability]
[STDOUT  ] 2017-11-24T14:56:27.4416779Z: [    1.763248] PCI host bridge to bus 0000:00
[STDOUT  ] 2017-11-24T14:56:27.441684392Z: [    1.763764] pci_bus 0000:00: root bus resource [io  0x0000-0x0cf7 window]
[STDOUT  ] 2017-11-24T14:56:27.441691165Z: [    1.764229] pci_bus 0000:00: root bus resource [io  0x0d00-0xffff window]
[STDOUT  ] 2017-11-24T14:56:27.441708124Z: [    1.764645] pci_bus 0000:00: root bus resource [mem 0x000a0000-0x000bffff window]
[STDOUT  ] 2017-11-24T14:56:27.441722677Z: [    1.765113] pci_bus 0000:00: root bus resource [mem 0xc0000000-0xfebfffff window]
[STDOUT  ] 2017-11-24T14:56:27.441730644Z: [    1.765761] pci_bus 0000:00: root bus resource [bus 00-ff]
[STDOUT  ] 2017-11-24T14:56:27.441745076Z: [    1.942481] pci 0000:00:1f.0: quirk: [io  0x0600-0x067f] claimed by ICH6 ACPI/GPIO/TCO
[STDOUT  ] 2017-11-24T14:56:27.441752215Z: [    2.039592] ACPI: PCI Interrupt Link [LNKA] (IRQs 5 *10 11)
[STDOUT  ] 2017-11-24T14:56:27.441758801Z: [    2.042618] ACPI: PCI Interrupt Link [LNKB] (IRQs 5 *10 11)
[STDOUT  ] 2017-11-24T14:56:27.441765124Z: [    2.045246] ACPI: PCI Interrupt Link [LNKC] (IRQs 5 10 *11)
[STDOUT  ] 2017-11-24T14:56:27.441771534Z: [    2.047716] ACPI: PCI Interrupt Link [LNKD] (IRQs 5 10 *11)
[STDOUT  ] 2017-11-24T14:56:27.441785694Z: [    2.050577] ACPI: PCI Interrupt Link [LNKE] (IRQs 5 *10 11)
[STDOUT  ] 2017-11-24T14:56:27.441793168Z: [    2.053065] ACPI: PCI Interrupt Link [LNKF] (IRQs 5 *10 11)
[STDOUT  ] 2017-11-24T14:56:27.441799512Z: [    2.055521] ACPI: PCI Interrupt Link [LNKG] (IRQs 5 10 *11)
[STDOUT  ] 2017-11-24T14:56:27.441805893Z: [    2.058122] ACPI: PCI Interrupt Link [LNKH] (IRQs 5 10 *11)
[STDOUT  ] 2017-11-24T14:56:27.441814637Z: [    2.059214] ACPI: PCI Interrupt Link [GSIA] (IRQs *16)
[STDERR  ] 2017-11-24T14:56:27.441461949Z: [   79.320883]  sdb: sdb1
[STDOUT  ] 2017-11-24T14:56:27.441829891Z: [    2.060151] ACPI: PCI Interrupt Link [GSIB] (IRQs *17)
[STDERR  ] 2017-11-24T14:56:27.441835964Z: [   80.944649] mkfs.xfs: sending ioctl 1261 to a partition!
[STDOUT  ] 2017-11-24T14:56:27.441843449Z: [    2.060910] ACPI: PCI Interrupt Link [GSIC] (IRQs *18)
[STDERR  ] 2017-11-24T14:56:27.441849684Z: 2017/11/24 14:56:09 Partition /dev/sdb1 successfully created!
[STDOUT  ] 2017-11-24T14:56:27.441854483Z: [    2.061652] ACPI: PCI Interrupt Link [GSID] (IRQs *19)
[STDERR  ] 2017-11-24T14:56:27.441860935Z: [   81.721146] IPVS: Creating netns size=2104 id=5
[STDOUT  ] 2017-11-24T14:56:27.441865601Z: [    2.062385] ACPI: PCI Interrupt Link [GSIE] (IRQs *20)
[STDERR  ] 2017-11-24T14:56:27.441872209Z: [   81.721885] IPVS: ftp: loaded support on port[0] = 21
[STDOUT  ] 2017-11-24T14:56:27.441876711Z: [    2.063129] ACPI: PCI Interrupt Link [GSIF] (IRQs *21)
[STDERR  ] 2017-11-24T14:56:27.441883566Z: === forcing device discovery (attempt 1) ===
[STDOUT  ] 2017-11-24T14:56:27.441887644Z: [    2.063864] ACPI: PCI Interrupt Link [GSIG] (IRQs *22)
[STDOUT  ] 2017-11-24T14:56:27.44190287Z: [    2.064602] ACPI: PCI Interrupt Link [GSIH] (IRQs *23)
[STDOUT  ] 2017-11-24T14:56:27.441914632Z: [    2.070000] ACPI: Enabled 2 GPEs in block 00 to 3F
[STDOUT  ] 2017-11-24T14:56:27.441922687Z: [    2.076552] SCSI subsystem initialized
[STDOUT  ] 2017-11-24T14:56:27.441929068Z: [    2.080452] ACPI: bus type USB registered
[STDOUT  ] 2017-11-24T14:56:27.441935494Z: [    2.082067] usbcore: registered new interface driver usbfs
[STDOUT  ] 2017-11-24T14:56:27.441941726Z: [    2.083255] usbcore: registered new interface driver hub
[STDOUT  ] 2017-11-24T14:56:27.441947992Z: [    2.084309] usbcore: registered new device driver usb
[STDOUT  ] 2017-11-24T14:56:27.441954249Z: [    2.085890] pps_core: LinuxPPS API ver. 1 registered
[STDOUT  ] 2017-11-24T14:56:27.441960606Z: [    2.086225] pps_core: Software ver. 5.3.6 - Copyright 2005-2007 Rodolfo Giometti <giometti@linux.it>
[STDOUT  ] 2017-11-24T14:56:27.441967047Z: [    2.086990] PTP clock support registered
[STDOUT  ] 2017-11-24T14:56:27.441973402Z: [    2.088667] wmi: Mapper loaded
[STDOUT  ] 2017-11-24T14:56:27.441980486Z: [    2.090447] PCI: Using ACPI for IRQ routing
[STDOUT  ] 2017-11-24T14:56:27.441986871Z: [    2.122367] NetLabel: Initializing
[STDOUT  ] 2017-11-24T14:56:27.441992999Z: [    2.122654] NetLabel:  domain hash size = 128
[STDOUT  ] 2017-11-24T14:56:27.441999275Z: [    2.122935] NetLabel:  protocols = UNLABELED CIPSOv4
[STDOUT  ] 2017-11-24T14:56:27.442005555Z: [    2.125582] NetLabel:  unlabeled traffic allowed by default
[STDOUT  ] 2017-11-24T14:56:27.44201203Z: [    2.126786] HPET: 3 timers in total, 0 timers will be used for per-cpu timer
[STDOUT  ] 2017-11-24T14:56:27.442018742Z: [    2.127630] hpet0: at MMIO 0xfed00000, IRQs 2, 8, 0
[STDOUT  ] 2017-11-24T14:56:27.44202853Z: [    2.128157] hpet0: 3 comparators, 64-bit 100.000000 MHz counter
[STDOUT  ] 2017-11-24T14:56:27.442048225Z: [    2.135614] clocksource: Switched to clocksource hpet
[STDOUT  ] 2017-11-24T14:56:27.442054472Z: [    2.590808] VFS: Disk quotas dquot_6.6.0
[STDOUT  ] 2017-11-24T14:56:27.442064901Z: [    2.591781] VFS: Dquot-cache hash table entries: 512 (order 0, 4096 bytes)
[STDOUT  ] 2017-11-24T14:56:27.442078982Z: [    2.595839] FS-Cache: Loaded
[STDOUT  ] 2017-11-24T14:56:27.442091391Z: [    2.604103] CacheFiles: Loaded
[STDOUT  ] 2017-11-24T14:56:27.442099063Z: [    2.606493] pnp: PnP ACPI init
[STDOUT  ] 2017-11-24T14:56:27.44210572Z: [    2.624640] pnp: PnP ACPI: found 5 devices
[STDOUT  ] 2017-11-24T14:56:27.442112153Z: [    2.712229] clocksource: acpi_pm: mask: 0xffffff max_cycles: 0xffffff, max_idle_ns: 2085701024 ns
[STDOUT  ] 2017-11-24T14:56:27.442120005Z: [    2.716469] NET: Registered protocol family 2
[STDOUT  ] 2017-11-24T14:56:27.442126362Z: [    2.728374] TCP established hash table entries: 8192 (order: 4, 65536 bytes)
[STDOUT  ] 2017-11-24T14:56:27.442133344Z: [    2.729246] TCP bind hash table entries: 8192 (order: 5, 131072 bytes)
[STDOUT  ] 2017-11-24T14:56:27.442139909Z: [    2.730030] TCP: Hash tables configured (established 8192 bind 8192)
[STDOUT  ] 2017-11-24T14:56:27.44214618Z: [    2.732876] UDP hash table entries: 512 (order: 2, 16384 bytes)
[STDOUT  ] 2017-11-24T14:56:27.442152671Z: [    2.733509] UDP-Lite hash table entries: 512 (order: 2, 16384 bytes)
[STDOUT  ] 2017-11-24T14:56:27.442158912Z: [    2.737050] NET: Registered protocol family 1
[STDOUT  ] 2017-11-24T14:56:27.442165267Z: [    2.738368] pci 0000:00:01.0: Video device with shadowed ROM at [mem 0x000c0000-0x000dffff]
[STDOUT  ] 2017-11-24T14:56:27.442171625Z: [    2.749841] Unpacking initramfs...
[STDOUT  ] 2017-11-24T14:56:27.44217792Z: [   19.974241] Freeing initrd memory: 48220K
[STDOUT  ] 2017-11-24T14:56:27.442184176Z: [   20.014481] PCLMULQDQ-NI instructions are not detected.
[STDOUT  ] 2017-11-24T14:56:27.442190564Z: [   20.016345] AVX or AES-NI instructions are not detected.
[STDOUT  ] 2017-11-24T14:56:27.442196744Z: [   20.017039] CPU feature 'AVX registers' is not supported.
[STDOUT  ] 2017-11-24T14:56:27.442203031Z: [   20.017681] CPU feature 'AVX registers' is not supported.
[STDOUT  ] 2017-11-24T14:56:27.442209279Z: [   20.018319] CPU feature 'AVX registers' is not supported.
[STDOUT  ] 2017-11-24T14:56:27.442217907Z: [   20.018930] CPU feature 'AVX registers' is not supported.
[STDOUT  ] 2017-11-24T14:56:27.442224325Z: [   20.019551] AVX2 or AES-NI instructions are not detected.
[STDOUT  ] 2017-11-24T14:56:27.442230717Z: [   20.020561] AVX2 instructions are not detected.
[STDERR  ] 2017-11-24T14:56:27.441895228Z: === /dev list (attempt 1) ===
[STDERR  ] 2017-11-24T14:56:27.442265015Z: total 0
[STDERR  ] 2017-11-24T14:56:27.442278046Z: drwxr-xr-x    8 root     root          2840 Nov 24 14:56 [1;34m.[0m
[STDERR  ] 2017-11-24T14:56:27.442286269Z: drwxr-xr-x    1 root     root            60 Nov 24 14:56 [1;34m..[0m
[STDERR  ] 2017-11-24T14:56:27.442293246Z: drwxr-xr-x    2 root     root           100 Nov 24 14:56 [1;34mbsg[0m
[STDERR  ] 2017-11-24T14:56:27.442299778Z: crw-rw----    1 root     root       10,  63 Nov 24 14:56 [1;35mcachefiles[0m
[STDERR  ] 2017-11-24T14:56:27.442307056Z: crw-rw----    1 root     root        5,   1 Nov 24 14:56 [1;35mconsole[0m
[STDERR  ] 2017-11-24T14:56:27.442314354Z: lrwxrwxrwx    1 root     root            11 Nov 24 14:56 [1;36mcore[0m -> [0;0m/proc/kcore[0m
[STDERR  ] 2017-11-24T14:56:27.442321292Z: drwxr-xr-x    3 root     root            60 Nov 24 14:56 [1;34mcpu[0m
[STDERR  ] 2017-11-24T14:56:27.442327832Z: crw-rw----    1 root     root       10,  62 Nov 24 14:56 [1;35mcpu_dma_latency[0m
[STDERR  ] 2017-11-24T14:56:27.442336574Z: crw-rw----    1 root     root       10, 203 Nov 24 14:56 [1;35mcuse[0m
[STDERR  ] 2017-11-24T14:56:27.44234406Z: lrwxrwxrwx    1 root     root            13 Nov 24 14:56 [1;36mfd[0m -> [1;34m/proc/self/fd[0m
[STDERR  ] 2017-11-24T14:56:27.442359831Z: crw-rw----    1 root     root        1,   7 Nov 24 14:56 [1;35mfull[0m
[STDERR  ] 2017-11-24T14:56:27.442367062Z: crw-rw----    1 root     root       10, 229 Nov 24 14:56 [1;35mfuse[0m
[STDERR  ] 2017-11-24T14:56:27.442374095Z: crw-rw----    1 root     root       10, 228 Nov 24 14:56 [1;35mhpet[0m
[STDERR  ] 2017-11-24T14:56:27.442380574Z: crw-rw----    1 root     root       10, 183 Nov 24 14:56 [1;35mhwrng[0m
[STDERR  ] 2017-11-24T14:56:27.442386929Z: drwxr-xr-x    2 root     root           120 Nov 24 14:56 [1;34minput[0m
[STDERR  ] 2017-11-24T14:56:27.442393361Z: crw-rw----    1 root     root        1,  11 Nov 24 14:56 [1;35mkmsg[0m
[STDERR  ] 2017-11-24T14:56:27.442399565Z: crw-rw----    1 root     root       10, 237 Nov 24 14:56 [1;35mloop-control[0m
[STDERR  ] 2017-11-24T14:56:27.442406653Z: brw-rw----    1 root     root        7,   0 Nov 24 14:56 [1;35mloop0[0m
[STDERR  ] 2017-11-24T14:56:27.442416608Z: brw-rw----    1 root     root        7,   1 Nov 24 14:56 [1;35mloop1[0m
[STDERR  ] 2017-11-24T14:56:27.442428559Z: brw-rw----    1 root     root        7,   2 Nov 24 14:56 [1;35mloop2[0m
[STDOUT  ] 2017-11-24T14:56:27.442244103Z: [   20.031325] audit: initializing netlink subsys (disabled)
[STDERR  ] 2017-11-24T14:56:27.442440494Z: brw-rw----    1 root     root        7,   3 Nov 24 14:56 [1;35mloop3[0m
[STDERR  ] 2017-11-24T14:56:27.442452661Z: brw-rw----    1 root     root        7,   4 Nov 24 14:56 [1;35mloop4[0m
[STDERR  ] 2017-11-24T14:56:27.442463946Z: brw-rw----    1 root     root        7,   5 Nov 24 14:56 [1;35mloop5[0m
[STDERR  ] 2017-11-24T14:56:27.442470917Z: brw-rw----    1 root     root        7,   6 Nov 24 14:56 [1;35mloop6[0m
[STDERR  ] 2017-11-24T14:56:27.442478201Z: brw-rw----    1 root     root        7,   7 Nov 24 14:56 [1;35mloop7[0m
[STDERR  ] 2017-11-24T14:56:27.442484945Z: drwxr-xr-x    2 root     root            60 Nov 24 14:56 [1;34mmapper[0m
[STDERR  ] 2017-11-24T14:56:27.442491211Z: crw-rw----    1 root     root        1,   1 Nov 24 14:56 [1;35mmem[0m
[STDERR  ] 2017-11-24T14:56:27.442497519Z: crw-rw----    1 root     root       10,  59 Nov 24 14:56 [1;35mmemory_bandwidth[0m
[STDERR  ] 2017-11-24T14:56:27.442503817Z: brw-rw----    1 root     root       43,   0 Nov 24 14:56 [1;35mnbd0[0m
[STDERR  ] 2017-11-24T14:56:27.442510538Z: brw-rw----    1 root     root       43,   1 Nov 24 14:56 [1;35mnbd1[0m
[STDERR  ] 2017-11-24T14:56:27.442517455Z: brw-rw----    1 root     root       43,  10 Nov 24 14:56 [1;35mnbd10[0m
[STDERR  ] 2017-11-24T14:56:27.442523762Z: brw-rw----    1 root     root       43,  11 Nov 24 14:56 [1;35mnbd11[0m
[STDERR  ] 2017-11-24T14:56:27.442530037Z: brw-rw----    1 root     root       43,  12 Nov 24 14:56 [1;35mnbd12[0m
[STDERR  ] 2017-11-24T14:56:27.442536399Z: brw-rw----    1 root     root       43,  13 Nov 24 14:56 [1;35mnbd13[0m
[STDERR  ] 2017-11-24T14:56:27.442542652Z: brw-rw----    1 root     root       43,  14 Nov 24 14:56 [1;35mnbd14[0m
[STDERR  ] 2017-11-24T14:56:27.442548999Z: brw-rw----    1 root     root       43,  15 Nov 24 14:56 [1;35mnbd15[0m
[STDERR  ] 2017-11-24T14:56:27.442557811Z: brw-rw----    1 root     root       43,   2 Nov 24 14:56 [1;35mnbd2[0m
[STDERR  ] 2017-11-24T14:56:27.442564456Z: brw-rw----    1 root     root       43,   3 Nov 24 14:56 [1;35mnbd3[0m
[STDERR  ] 2017-11-24T14:56:27.442570791Z: brw-rw----    1 root     root       43,   4 Nov 24 14:56 [1;35mnbd4[0m
[STDERR  ] 2017-11-24T14:56:27.442577017Z: brw-rw----    1 root     root       43,   5 Nov 24 14:56 [1;35mnbd5[0m
[STDERR  ] 2017-11-24T14:56:27.442583739Z: brw-rw----    1 root     root       43,   6 Nov 24 14:56 [1;35mnbd6[0m
[STDERR  ] 2017-11-24T14:56:27.44259458Z: brw-rw----    1 root     root       43,   7 Nov 24 14:56 [1;35mnbd7[0m
[STDOUT  ] 2017-11-24T14:56:27.442446008Z: [   20.033945] audit: type=2000 audit(1511535308.030:1): initialized
[STDOUT  ] 2017-11-24T14:56:27.442635817Z: [   20.042966] workingset: timestamp_bits=46 max_order=18 bucket_order=0
[STDOUT  ] 2017-11-24T14:56:27.4426594Z: [   20.052287] FS-Cache: Netfs 'cifs' registered for caching
[STDOUT  ] 2017-11-24T14:56:27.442666422Z: [   20.053212] fuse init (API version 7.26)
[STDOUT  ] 2017-11-24T14:56:27.44267311Z: [   20.055396] SGI XFS with ACLs, security attributes, no debug enabled
[STDOUT  ] 2017-11-24T14:56:27.442679911Z: [   20.059469] 9p: Installing v9fs 9p2000 file system support
[STDOUT  ] 2017-11-24T14:56:27.442686401Z: [   20.059977] FS-Cache: Netfs '9p' registered for caching
[STDOUT  ] 2017-11-24T14:56:27.442692843Z: [   20.094564] NET: Registered protocol family 38
[STDOUT  ] 2017-11-24T14:56:27.442699206Z: [   20.095124] Key type asymmetric registered
[STDOUT  ] 2017-11-24T14:56:27.442705888Z: [   20.095465] Asymmetric key parser 'x509' registered
[STDOUT  ] 2017-11-24T14:56:27.442712124Z: [   20.096251] Block layer SCSI generic (bsg) driver version 0.4 loaded (major 251)
[STDOUT  ] 2017-11-24T14:56:27.442718611Z: [   20.097499] io scheduler noop registered
[STDOUT  ] 2017-11-24T14:56:27.442724927Z: [   20.097820] io scheduler deadline registered (default)
[STDOUT  ] 2017-11-24T14:56:27.442734179Z: [   20.098579] io scheduler cfq registered
[STDOUT  ] 2017-11-24T14:56:27.442740402Z: [   20.102804] pci_hotplug: PCI Hot Plug PCI Core version: 0.5
[STDOUT  ] 2017-11-24T14:56:27.442746768Z: [   20.103433] pciehp: PCI Express Hot Plug Controller Driver version: 0.4
[STDOUT  ] 2017-11-24T14:56:27.442753128Z: [   20.104210] shpchp: Standard Hot Plug PCI Controller Driver version: 0.4
[STDOUT  ] 2017-11-24T14:56:27.442779875Z: [   20.105000] hv_vmbus: registering driver hyperv_fb
[STDERR  ] 2017-11-24T14:56:27.442606364Z: brw-rw----    1 root     root       43,   8 Nov 24 14:56 [1;35mnbd8[0m
[STDOUT  ] 2017-11-24T14:56:27.442791957Z: [   20.108475] input: Power Button as /devices/LNXSYSTM:00/LNXPWRBN:00/input/input0
[STDOUT  ] 2017-11-24T14:56:27.442803951Z: [   20.109501] ACPI: Power Button [PWRF]
[STDOUT  ] 2017-11-24T14:56:27.442815593Z: [   20.114653] GHES: HEST is not enabled!
[STDOUT  ] 2017-11-24T14:56:27.442823328Z: [   20.125545] ACPI: PCI Interrupt Link [GSIG] enabled at IRQ 22
[STDOUT  ] 2017-11-24T14:56:27.442829766Z: [   20.138222] ACPI: PCI Interrupt Link [GSIH] enabled at IRQ 23
[STDOUT  ] 2017-11-24T14:56:27.44283613Z: [   20.142245] xenfs: not registering filesystem on non-xen platform
[STDOUT  ] 2017-11-24T14:56:27.44284245Z: [   20.144210] Serial: 8250/16550 driver, 4 ports, IRQ sharing disabled
[STDOUT  ] 2017-11-24T14:56:27.442849268Z: [   20.171128] 00:04: ttyS0 at I/O 0x3f8 (irq = 4, base_baud = 115200) is a 16550A
[STDOUT  ] 2017-11-24T14:56:27.44285671Z: [   20.181746] Non-volatile memory driver v1.3
[STDOUT  ] 2017-11-24T14:56:27.442863045Z: [   20.187596] Hangcheck: starting hangcheck timer 0.9.1 (tick is 180 seconds, margin is 60 seconds).
[STDOUT  ] 2017-11-24T14:56:27.44286976Z: [   20.192674] random: fast init done
[STDOUT  ] 2017-11-24T14:56:27.442876275Z: [   20.193838] random: crng init done
[STDOUT  ] 2017-11-24T14:56:27.442882584Z: [   20.227906] loop: module loaded
[STDOUT  ] 2017-11-24T14:56:27.442889182Z: [   20.242912] nbd: registered device at major 43
[STDOUT  ] 2017-11-24T14:56:27.442895492Z: [   20.284958] lpc_ich 0000:00:1f.0: I/O space for GPIO uninitialized
[STDOUT  ] 2017-11-24T14:56:27.44290229Z: [   20.286643] VMware PVSCSI driver - version 1.0.7.0-k
[STDOUT  ] 2017-11-24T14:56:27.442908686Z: [   20.287351] hv_vmbus: registering driver hv_storvsc
[STDOUT  ] 2017-11-24T14:56:27.442914996Z: [   20.297513] ACPI: PCI Interrupt Link [GSIA] enabled at IRQ 16
[STDOUT  ] 2017-11-24T14:56:27.442934725Z: [   20.303823] ahci 0000:00:1f.2: AHCI 0001.0000 32 slots 6 ports 1.5 Gbps 0x3f impl SATA mode
[STDOUT  ] 2017-11-24T14:56:27.442941546Z: [   20.304506] ahci 0000:00:1f.2: flags: 64bit ncq only 
[STDOUT  ] 2017-11-24T14:56:27.442950034Z: [   20.325170] scsi host0: ahci
[STDOUT  ] 2017-11-24T14:56:27.442958186Z: [   20.328720] scsi host1: ahci
[STDERR  ] 2017-11-24T14:56:27.442796433Z: brw-rw----    1 root     root       43,   9 Nov 24 14:56 [1;35mnbd9[0m
[STDERR  ] 2017-11-24T14:56:27.443010128Z: drwxr-xr-x    2 root     root            60 Nov 24 14:56 [1;34mnet[0m
[STDERR  ] 2017-11-24T14:56:27.443019386Z: crw-rw----    1 root     root       10,  61 Nov 24 14:56 [1;35mnetwork_latency[0m
[STDERR  ] 2017-11-24T14:56:27.443034488Z: crw-rw----    1 root     root       10,  60 Nov 24 14:56 [1;35mnetwork_throughput[0m
[STDERR  ] 2017-11-24T14:56:27.443042639Z: crw-rw----    1 root     root        1,   3 Nov 24 14:56 [1;35mnull[0m
[STDERR  ] 2017-11-24T14:56:27.443049699Z: crw-rw----    1 root     root       10, 144 Nov 24 14:56 [1;35mnvram[0m
[STDERR  ] 2017-11-24T14:56:27.443056423Z: crw-rw----    1 root     root        1,   4 Nov 24 14:56 [1;35mport[0m
[STDERR  ] 2017-11-24T14:56:27.443063274Z: crw-rw----    1 root     root       10,   1 Nov 24 14:56 [1;35mpsaux[0m
[STDERR  ] 2017-11-24T14:56:27.443069959Z: lrwxrwxrwx    1 root     root             8 Nov 24 14:56 [1;36mptmx[0m -> [1;35mpts/ptmx[0m
[STDERR  ] 2017-11-24T14:56:27.443076914Z: drwxr-xr-x    2 root     root             0 Nov 24 14:56 [1;34mpts[0m
[STDERR  ] 2017-11-24T14:56:27.443087622Z: crw-rw----    1 root     root        1,   8 Nov 24 14:56 [1;35mrandom[0m
[STDOUT  ] 2017-11-24T14:56:27.44296962Z: [   20.331164] scsi host2: ahci
[STDOUT  ] 2017-11-24T14:56:27.443118519Z: [   20.333454] scsi host3: ahci
[STDOUT  ] 2017-11-24T14:56:27.443134294Z: [   20.335678] scsi host4: ahci
[STDOUT  ] 2017-11-24T14:56:27.443141702Z: [   20.337794] scsi host5: ahci
[STDOUT  ] 2017-11-24T14:56:27.443148704Z: [   20.339574] ata1: SATA max UDMA/133 abar m4096@0xfebd2000 port 0xfebd2100 irq 24
[STDOUT  ] 2017-11-24T14:56:27.443155973Z: [   20.340274] ata2: SATA max UDMA/133 abar m4096@0xfebd2000 port 0xfebd2180 irq 24
[STDOUT  ] 2017-11-24T14:56:27.443162691Z: [   20.340760] ata3: SATA max UDMA/133 abar m4096@0xfebd2000 port 0xfebd2200 irq 24
[STDOUT  ] 2017-11-24T14:56:27.443168983Z: [   20.341236] ata4: SATA max UDMA/133 abar m4096@0xfebd2000 port 0xfebd2280 irq 24
[STDOUT  ] 2017-11-24T14:56:27.443175288Z: [   20.341709] ata5: SATA max UDMA/133 abar m4096@0xfebd2000 port 0xfebd2300 irq 24
[STDOUT  ] 2017-11-24T14:56:27.443181525Z: [   20.342182] ata6: SATA max UDMA/133 abar m4096@0xfebd2000 port 0xfebd2380 irq 24
[STDOUT  ] 2017-11-24T14:56:27.443189129Z: [   20.355050] tun: Universal TUN/TAP device driver, 1.6
[STDOUT  ] 2017-11-24T14:56:27.443195611Z: [   20.355420] tun: (C) 1999-2004 Max Krasnyansky <maxk@qualcomm.com>
[STDOUT  ] 2017-11-24T14:56:27.443202416Z: [   20.366148] VMware vmxnet3 virtual NIC driver - version 1.4.a.0-k-NAPI
[STDOUT  ] 2017-11-24T14:56:27.443208691Z: [   20.366952] hv_vmbus: registering driver hv_netvsc
[STDOUT  ] 2017-11-24T14:56:27.443215168Z: [   20.367306] Fusion MPT base driver 3.04.20
[STDOUT  ] 2017-11-24T14:56:27.443221447Z: [   20.367582] Copyright (c) 1999-2008 LSI Corporation
[STDOUT  ] 2017-11-24T14:56:27.443227701Z: [   20.368104] Fusion MPT SPI Host driver 3.04.20
[STDOUT  ] 2017-11-24T14:56:27.443233927Z: [   20.370008] i8042: PNP: PS/2 Controller [PNP0303:KBD,PNP0f13:MOU] at 0x60,0x64 irq 1,12
[STDOUT  ] 2017-11-24T14:56:27.44324099Z: [   20.374320] serio: i8042 KBD port at 0x60,0x64 irq 1
[STDOUT  ] 2017-11-24T14:56:27.443247305Z: [   20.374899] serio: i8042 AUX port at 0x60,0x64 irq 12
[STDOUT  ] 2017-11-24T14:56:27.44326696Z: [   20.377807] hv_vmbus: registering driver hyperv_keyboard
[STDOUT  ] 2017-11-24T14:56:27.44327497Z: [   20.379991] mousedev: PS/2 mouse device common for all mice
[STDERR  ] 2017-11-24T14:56:27.443099923Z: crw-rw----    1 root     root      254,   0 Nov 24 14:56 [1;35mrtc0[0m
[STDERR  ] 2017-11-24T14:56:27.443306755Z: brw-rw----    1 root     root        8,   0 Nov 24 14:56 [1;35msda[0m
[STDERR  ] 2017-11-24T14:56:27.443324023Z: brw-rw----    1 root     root        8,   1 Nov 24 14:56 [1;35msda1[0m
[STDERR  ] 2017-11-24T14:56:27.44333114Z: brw-rw----    1 root     root        8,  16 Nov 24 14:56 [1;35msdb[0m
[STDERR  ] 2017-11-24T14:56:27.443338039Z: brw-rw----    1 root     root        8,  17 Nov 24 14:56 [1;35msdb1[0m
[STDERR  ] 2017-11-24T14:56:27.443354807Z: crw-rw----    1 root     root       21,   0 Nov 24 14:56 [1;35msg0[0m
[STDERR  ] 2017-11-24T14:56:27.443361763Z: crw-rw----    1 root     root       21,   1 Nov 24 14:56 [1;35msg1[0m
[STDERR  ] 2017-11-24T14:56:27.443369086Z: crw-rw----    1 root     root       21,   2 Nov 24 14:56 [1;35msg2[0m
[STDERR  ] 2017-11-24T14:56:27.443375659Z: brw-rw----    1 root     root       11,   0 Nov 24 14:56 [1;35msr0[0m
[STDERR  ] 2017-11-24T14:56:27.443382161Z: lrwxrwxrwx    1 root     root            15 Nov 24 14:56 [1;36mstderr[0m -> [1;35m/proc/self/fd/2[0m
[STDERR  ] 2017-11-24T14:56:27.443388687Z: lrwxrwxrwx    1 root     root            15 Nov 24 14:56 [1;36mstdin[0m -> [1;35m/proc/self/fd/0[0m
[STDERR  ] 2017-11-24T14:56:27.443395252Z: lrwxrwxrwx    1 root     root            15 Nov 24 14:56 [1;36mstdout[0m -> [1;35m/proc/self/fd/1[0m
[STDERR  ] 2017-11-24T14:56:27.443401969Z: crw-rw----    1 root     root        5,   0 Nov 24 14:56 [1;35mtty[0m
[STDERR  ] 2017-11-24T14:56:27.443409127Z: crw-rw----    1 root     root        4,   0 Nov 24 14:56 [1;35mtty0[0m
[STDERR  ] 2017-11-24T14:56:27.443418779Z: crw-rw----    1 root     root        4,   1 Nov 24 14:56 [1;35mtty1[0m
[STDERR  ] 2017-11-24T14:56:27.443431495Z: crw-rw----    1 root     root        4,  10 Nov 24 14:56 [1;35mtty10[0m
[STDOUT  ] 2017-11-24T14:56:27.443285606Z: [   20.384935] input: AT Translated Set 2 keyboard as /devices/platform/i8042/serio0/input/input1
[STDERR  ] 2017-11-24T14:56:27.443443369Z: crw-rw----    1 root     root        4,  11 Nov 24 14:56 [1;35mtty11[0m
[STDOUT  ] 2017-11-24T14:56:27.443447481Z: [   20.387980] input: PC Speaker as /devices/platform/pcspkr/input/input2
[STDOUT  ] 2017-11-24T14:56:27.443468471Z: [   20.391655] rtc_cmos 00:00: RTC can wake from S4
[STDOUT  ] 2017-11-24T14:56:27.443478326Z: [   20.394852] rtc_cmos 00:00: rtc core: registered rtc_cmos as rtc0
[STDOUT  ] 2017-11-24T14:56:27.443494189Z: [   20.396259] rtc_cmos 00:00: alarms up to one day, y3k, 114 bytes nvram, hpet irqs
[STDOUT  ] 2017-11-24T14:56:27.443508606Z: [   20.396963] i2c /dev entries driver
[STDOUT  ] 2017-11-24T14:56:27.443516011Z: [   20.398769] device-mapper: ioctl: 4.35.0-ioctl (2016-06-23) initialised: dm-devel@redhat.com
[STDOUT  ] 2017-11-24T14:56:27.443523121Z: [   20.404137] usbcore: registered new interface driver usbhid
[STDOUT  ] 2017-11-24T14:56:27.443529618Z: [   20.404542] usbhid: USB HID core driver
[STDOUT  ] 2017-11-24T14:56:27.443535947Z: [   20.405082] hv_utils: Registering HyperV Utility Driver
[STDOUT  ] 2017-11-24T14:56:27.443545096Z: [   20.405438] hv_vmbus: registering driver hv_util
[STDOUT  ] 2017-11-24T14:56:27.44355161Z: [   20.405748] hv_vmbus: registering driver hv_balloon
[STDOUT  ] 2017-11-24T14:56:27.443557964Z: [   20.406223] oprofile: using NMI interrupt.
[STDOUT  ] 2017-11-24T14:56:27.443564226Z: [   20.407233] GACT probability on
[STDOUT  ] 2017-11-24T14:56:27.443571078Z: [   20.407658] Mirror/redirect action on
[STDOUT  ] 2017-11-24T14:56:27.443581585Z: [   20.408434] Simple TC action Loaded
[STDERR  ] 2017-11-24T14:56:27.443454777Z: crw-rw----    1 root     root        4,  12 Nov 24 14:56 [1;35mtty12[0m
[STDERR  ] 2017-11-24T14:56:27.443662143Z: crw-rw----    1 root     root        4,  13 Nov 24 14:56 [1;35mtty13[0m
[STDERR  ] 2017-11-24T14:56:27.443670836Z: crw-rw----    1 root     root        4,  14 Nov 24 14:56 [1;35mtty14[0m
[STDERR  ] 2017-11-24T14:56:27.443680342Z: crw-rw----    1 root     root        4,  15 Nov 24 14:56 [1;35mtty15[0m
[STDERR  ] 2017-11-24T14:56:27.4436876Z: crw-rw----    1 root     root        4,  16 Nov 24 14:56 [1;35mtty16[0m
[STDERR  ] 2017-11-24T14:56:27.44369483Z: crw-rw----    1 root     root        4,  17 Nov 24 14:56 [1;35mtty17[0m
[STDERR  ] 2017-11-24T14:56:27.44370187Z: crw-rw----    1 root     root        4,  18 Nov 24 14:56 [1;35mtty18[0m
[STDERR  ] 2017-11-24T14:56:27.443709042Z: crw-rw----    1 root     root        4,  19 Nov 24 14:56 [1;35mtty19[0m
[STDERR  ] 2017-11-24T14:56:27.443716067Z: crw-rw----    1 root     root        4,   2 Nov 24 14:56 [1;35mtty2[0m
[STDERR  ] 2017-11-24T14:56:27.443728246Z: crw-rw----    1 root     root        4,  20 Nov 24 14:56 [1;35mtty20[0m
[STDERR  ] 2017-11-24T14:56:27.443738912Z: crw-rw----    1 root     root        4,  21 Nov 24 14:56 [1;35mtty21[0m
[STDERR  ] 2017-11-24T14:56:27.443746582Z: crw-rw----    1 root     root        4,  22 Nov 24 14:56 [1;35mtty22[0m
[STDERR  ] 2017-11-24T14:56:27.443753475Z: crw-rw----    1 root     root        4,  23 Nov 24 14:56 [1;35mtty23[0m
[STDERR  ] 2017-11-24T14:56:27.443779321Z: crw-rw----    1 root     root        4,  24 Nov 24 14:56 [1;35mtty24[0m
[STDERR  ] 2017-11-24T14:56:27.443787536Z: crw-rw----    1 root     root        4,  25 Nov 24 14:56 [1;35mtty25[0m
[STDERR  ] 2017-11-24T14:56:27.443794885Z: crw-rw----    1 root     root        4,  26 Nov 24 14:56 [1;35mtty26[0m
[STDERR  ] 2017-11-24T14:56:27.443802042Z: crw-rw----    1 root     root        4,  27 Nov 24 14:56 [1;35mtty27[0m
[STDERR  ] 2017-11-24T14:56:27.443809245Z: crw-rw----    1 root     root        4,  28 Nov 24 14:56 [1;35mtty28[0m
[STDERR  ] 2017-11-24T14:56:27.4438162Z: crw-rw----    1 root     root        4,  29 Nov 24 14:56 [1;35mtty29[0m
[STDERR  ] 2017-11-24T14:56:27.443825871Z: crw-rw----    1 root     root        4,   3 Nov 24 14:56 [1;35mtty3[0m
[STDERR  ] 2017-11-24T14:56:27.443833057Z: crw-rw----    1 root     root        4,  30 Nov 24 14:56 [1;35mtty30[0m
[STDERR  ] 2017-11-24T14:56:27.443840076Z: crw-rw----    1 root     root        4,  31 Nov 24 14:56 [1;35mtty31[0m
[STDERR  ] 2017-11-24T14:56:27.443847014Z: crw-rw----    1 root     root        4,  32 Nov 24 14:56 [1;35mtty32[0m
[STDERR  ] 2017-11-24T14:56:27.443854341Z: crw-rw----    1 root     root        4,  33 Nov 24 14:56 [1;35mtty33[0m
[STDERR  ] 2017-11-24T14:56:27.443861333Z: crw-rw----    1 root     root        4,  34 Nov 24 14:56 [1;35mtty34[0m
[STDERR  ] 2017-11-24T14:56:27.443868536Z: crw-rw----    1 root     root        4,  35 Nov 24 14:56 [1;35mtty35[0m
[STDERR  ] 2017-11-24T14:56:27.443875545Z: crw-rw----    1 root     root        4,  36 Nov 24 14:56 [1;35mtty36[0m
[STDERR  ] 2017-11-24T14:56:27.443882511Z: crw-rw----    1 root     root        4,  37 Nov 24 14:56 [1;35mtty37[0m
[STDERR  ] 2017-11-24T14:56:27.443899372Z: crw-rw----    1 root     root        4,  38 Nov 24 14:56 [1;35mtty38[0m
[STDERR  ] 2017-11-24T14:56:27.443914098Z: crw-rw----    1 root     root        4,  39 Nov 24 14:56 [1;35mtty39[0m
[STDERR  ] 2017-11-24T14:56:27.443925232Z: crw-rw----    1 root     root        4,   4 Nov 24 14:56 [1;35mtty4[0m
[STDERR  ] 2017-11-24T14:56:27.443931908Z: crw-rw----    1 root     root        4,  40 Nov 24 14:56 [1;35mtty40[0m
[STDERR  ] 2017-11-24T14:56:27.443938308Z: crw-rw----    1 root     root        4,  41 Nov 24 14:56 [1;35mtty41[0m
[STDERR  ] 2017-11-24T14:56:27.443944919Z: crw-rw----    1 root     root        4,  42 Nov 24 14:56 [1;35mtty42[0m
[STDERR  ] 2017-11-24T14:56:27.443951312Z: crw-rw----    1 root     root        4,  43 Nov 24 14:56 [1;35mtty43[0m
[STDERR  ] 2017-11-24T14:56:27.443959712Z: crw-rw----    1 root     root        4,  44 Nov 24 14:56 [1;35mtty44[0m
[STDERR  ] 2017-11-24T14:56:27.443966051Z: crw-rw----    1 root     root        4,  45 Nov 24 14:56 [1;35mtty45[0m
[STDERR  ] 2017-11-24T14:56:27.443972607Z: crw-rw----    1 root     root        4,  46 Nov 24 14:56 [1;35mtty46[0m
[STDERR  ] 2017-11-24T14:56:27.443978957Z: crw-rw----    1 root     root        4,  47 Nov 24 14:56 [1;35mtty47[0m
[STDERR  ] 2017-11-24T14:56:27.443985266Z: crw-rw----    1 root     root        4,  48 Nov 24 14:56 [1;35mtty48[0m
[STDERR  ] 2017-11-24T14:56:27.443991617Z: crw-rw----    1 root     root        4,  49 Nov 24 14:56 [1;35mtty49[0m
[STDERR  ] 2017-11-24T14:56:27.443997988Z: crw-rw----    1 root     root        4,   5 Nov 24 14:56 [1;35mtty5[0m
[STDERR  ] 2017-11-24T14:56:27.444004262Z: crw-rw----    1 root     root        4,  50 Nov 24 14:56 [1;35mtty50[0m
[STDERR  ] 2017-11-24T14:56:27.444010699Z: crw-rw----    1 root     root        4,  51 Nov 24 14:56 [1;35mtty51[0m
[STDERR  ] 2017-11-24T14:56:27.444020693Z: crw-rw----    1 root     root        4,  52 Nov 24 14:56 [1;35mtty52[0m
[STDERR  ] 2017-11-24T14:56:27.444030151Z: crw-rw----    1 root     root        4,  53 Nov 24 14:56 [1;35mtty53[0m
[STDERR  ] 2017-11-24T14:56:27.444036535Z: crw-rw----    1 root     root        4,  54 Nov 24 14:56 [1;35mtty54[0m
[STDERR  ] 2017-11-24T14:56:27.444042881Z: crw-rw----    1 root     root        4,  55 Nov 24 14:56 [1;35mtty55[0m
[STDERR  ] 2017-11-24T14:56:27.444049124Z: crw-rw----    1 root     root        4,  56 Nov 24 14:56 [1;35mtty56[0m
[STDERR  ] 2017-11-24T14:56:27.444055504Z: crw-rw----    1 root     root        4,  57 Nov 24 14:56 [1;35mtty57[0m
[STDERR  ] 2017-11-24T14:56:27.444061884Z: crw-rw----    1 root     root        4,  58 Nov 24 14:56 [1;35mtty58[0m
[STDERR  ] 2017-11-24T14:56:27.444070528Z: crw-rw----    1 root     root        4,  59 Nov 24 14:56 [1;35mtty59[0m
[STDERR  ] 2017-11-24T14:56:27.444077067Z: crw-rw----    1 root     root        4,   6 Nov 24 14:56 [1;35mtty6[0m
[STDERR  ] 2017-11-24T14:56:27.444083458Z: crw-rw----    1 root     root        4,  60 Nov 24 14:56 [1;35mtty60[0m
[STDERR  ] 2017-11-24T14:56:27.444089868Z: crw-rw----    1 root     root        4,  61 Nov 24 14:56 [1;35mtty61[0m
[STDERR  ] 2017-11-24T14:56:27.444096399Z: crw-rw----    1 root     root        4,  62 Nov 24 14:56 [1;35mtty62[0m
[STDERR  ] 2017-11-24T14:56:27.444102724Z: crw-rw----    1 root     root        4,  63 Nov 24 14:56 [1;35mtty63[0m
[STDERR  ] 2017-11-24T14:56:27.444109207Z: crw-rw----    1 root     root        4,   7 Nov 24 14:56 [1;35mtty7[0m
[STDERR  ] 2017-11-24T14:56:27.444115521Z: crw-rw----    1 root     root        4,   8 Nov 24 14:56 [1;35mtty8[0m
[STDERR  ] 2017-11-24T14:56:27.444121825Z: crw-rw----    1 root     root        4,   9 Nov 24 14:56 [1;35mtty9[0m
[STDERR  ] 2017-11-24T14:56:27.444128312Z: crw-rw----    1 root     root        4,  64 Nov 24 14:56 [1;35mttyS0[0m
[STDERR  ] 2017-11-24T14:56:27.44413459Z: crw-rw----    1 root     root        4,  65 Nov 24 14:56 [1;35mttyS1[0m
[STDERR  ] 2017-11-24T14:56:27.444140908Z: crw-rw----    1 root     root        4,  66 Nov 24 14:56 [1;35mttyS2[0m
[STDERR  ] 2017-11-24T14:56:27.444147249Z: crw-rw----    1 root     root        4,  67 Nov 24 14:56 [1;35mttyS3[0m
[STDERR  ] 2017-11-24T14:56:27.444153638Z: crw-rw----    1 root     root       10, 223 Nov 24 14:56 [1;35muinput[0m
[STDERR  ] 2017-11-24T14:56:27.444161691Z: crw-rw----    1 root     root        1,   9 Nov 24 14:56 [1;35murandom[0m
[STDERR  ] 2017-11-24T14:56:27.444168288Z: crw-rw----    1 root     root        7,   0 Nov 24 14:56 [1;35mvcs[0m
[STDERR  ] 2017-11-24T14:56:27.444176821Z: crw-rw----    1 root     root        7,   1 Nov 24 14:56 [1;35mvcs1[0m
[STDERR  ] 2017-11-24T14:56:27.444183251Z: crw-rw----    1 root     root        7, 128 Nov 24 14:56 [1;35mvcsa[0m
[STDERR  ] 2017-11-24T14:56:27.444189488Z: crw-rw----    1 root     root        7, 129 Nov 24 14:56 [1;35mvcsa1[0m
[STDERR  ] 2017-11-24T14:56:27.444195815Z: crw-rw----    1 root     root        1,   5 Nov 24 14:56 [1;35mzero[0m
[STDERR  ] 2017-11-24T14:56:27.444202135Z: Found /dev/sda1 and /dev/sdb1 block devices
[STDERR  ] 2017-11-24T14:56:27.444208572Z: === /dev/sda1 ===
[STDERR  ] 2017-11-24T14:56:27.444215282Z: DEVNAME=/dev/sda1
[STDERR  ] 2017-11-24T14:56:27.444222089Z: UUID=85c5be64-dac4-41d9-809c-183b076f13c8
[STDERR  ] 2017-11-24T14:56:27.444228403Z: TYPE=ext4
[STDERR  ] 2017-11-24T14:56:27.444235091Z: PARTUUID=1cdaadd6-01
[STDERR  ] 2017-11-24T14:56:27.44424176Z: === /dev/sdb1 ===
[STDERR  ] 2017-11-24T14:56:27.444248478Z: DEVNAME=/dev/sdb1
[STDERR  ] 2017-11-24T14:56:27.444255074Z: UUID=60d9c56b-77b0-45a6-a04f-545152b7dcca
[STDERR  ] 2017-11-24T14:56:27.444261442Z: TYPE=xfs
[STDERR  ] 2017-11-24T14:56:27.444268012Z: PARTUUID=64a2fd52-01
[STDERR  ] 2017-11-24T14:56:27.444274236Z: === /dev/sda1 test ===
[STDERR  ] 2017-11-24T14:56:27.444280576Z: === /dev/sdb1 test ===
[STDERR  ] 2017-11-24T14:56:27.444289556Z: format_force test suite PASSED
[STDERR  ] 2017-11-24T14:56:27.444296328Z: [   98.271983] sd 1:0:0:0: [sdb] Synchronizing SCSI cache
[STDERR  ] 2017-11-24T14:56:27.444305632Z: [   98.279932] sd 1:0:0:0: [sdb] Stopping disk
[STDERR  ] 2017-11-24T14:56:27.444312456Z: [   98.281051] sd 0:0:0:0: [sda] Synchronizing SCSI cache
[STDERR  ] 2017-11-24T14:56:27.444320839Z: [   98.286683] sd 0:0:0:0: [sda] Stopping disk
[STDERR  ] 2017-11-24T14:56:27.444327337Z: [   98.291170] ACPI: Preparing to enter system sleep state S5
[STDERR  ] 2017-11-24T14:56:27.444333765Z: [   98.294150] reboot: Power down
[STDERR  ] 2017-11-24T14:56:27.444340896Z: + echo [    0.000000] Linux version 4.9.51-linuxkit (root@3253c0754a54) (gcc version 6.3.0 (Alpine 6.3.0) ) #1 SMP Wed Sep 20 11:32:07 UTC 2017
[STDERR  ] 2017-11-24T14:56:27.444347723Z: [    0.000000] Command line: console=ttyS0
[STDERR  ] 2017-11-24T14:56:27.444362872Z: [    0.000000] x86/fpu: Legacy x87 FPU detected.
[STDERR  ] 2017-11-24T14:56:27.444377235Z: [    0.000000] x86/fpu: Using 'eager' FPU context switches.
[STDERR  ] 2017-11-24T14:56:27.444386726Z: [    0.000000] e820: BIOS-provided physical RAM map:
[STDERR  ] 2017-11-24T14:56:27.444393152Z: [    0.000000] BIOS-e820: [mem 0x0000000000000000-0x000000000009fbff] usable
[STDERR  ] 2017-11-24T14:56:27.444399837Z: [    0.000000] BIOS-e820: [mem 0x000000000009fc00-0x000000000009ffff] reserved
[STDERR  ] 2017-11-24T14:56:27.444406395Z: [    0.000000] BIOS-e820: [mem 0x00000000000f0000-0x00000000000fffff] reserved
[STDERR  ] 2017-11-24T14:56:27.444412888Z: [    0.000000] BIOS-e820: [mem 0x0000000000100000-0x000000003ffddfff] usable
[STDERR  ] 2017-11-24T14:56:27.444419386Z: [    0.000000] BIOS-e820: [mem 0x000000003ffde000-0x000000003fffffff] reserved
[STDERR  ] 2017-11-24T14:56:27.444425943Z: [    0.000000] BIOS-e820: [mem 0x00000000b0000000-0x00000000bfffffff] reserved
[STDERR  ] 2017-11-24T14:56:27.444432195Z: [    0.000000] BIOS-e820: [mem 0x00000000fed1c000-0x00000000fed1ffff] reserved
[STDERR  ] 2017-11-24T14:56:27.44453374Z: [    0.000000] BIOS-e820: [mem 0x00000000fffc0000-0x00000000ffffffff] reserved
[STDERR  ] 2017-11-24T14:56:27.444540442Z: [    0.000000] NX (Execute Disable) protection: active
[STDERR  ] 2017-11-24T14:56:27.444547168Z: [    0.000000] SMBIOS 2.8 present.
[STDERR  ] 2017-11-24T14:56:27.444554897Z: [    0.000000] e820: last_pfn = 0x3ffde max_arch_pfn = 0x400000000
[STDERR  ] 2017-11-24T14:56:27.444561309Z: [    0.000000] x86/PAT: Configuration [0-7]: WB  WC  UC- UC  WB  WC  UC- WT  
[STDERR  ] 2017-11-24T14:56:27.444567739Z: [    0.000000] found SMP MP-table at [mem 0x000f6aa0-0x000f6aaf] mapped at [ffff8c9e800f6aa0]
[STDERR  ] 2017-11-24T14:56:27.444575061Z: [    0.000000] RAMDISK: [mem 0x3d0b9000-0x3ffcffff]
[STDERR  ] 2017-11-24T14:56:27.444581429Z: [    0.000000] ACPI: Early table checksum verification disabled
[STDERR  ] 2017-11-24T14:56:27.444587925Z: [    0.000000] ACPI: RSDP 0x00000000000F68C0 000014 (v00 BOCHS )
[STDERR  ] 2017-11-24T14:56:27.444594203Z: [    0.000000] ACPI: RSDT 0x000000003FFE2404 000034 (v01 BOCHS  BXPCRSDT 00000001 BXPC 00000001)
[STDERR  ] 2017-11-24T14:56:27.444600938Z: [    0.000000] ACPI: FACP 0x000000003FFE22A4 000074 (v01 BOCHS  BXPCFACP 00000001 BXPC 00000001)
[STDERR  ] 2017-11-24T14:56:27.444607515Z: [    0.000000] ACPI: DSDT 0x000000003FFE0040 002264 (v01 BOCHS  BXPCDSDT 00000001 BXPC 00000001)
[STDERR  ] 2017-11-24T14:56:27.444614523Z: [    0.000000] ACPI: FACS 0x000000003FFE0000 000040
[STDERR  ] 2017-11-24T14:56:27.444620837Z: [    0.000000] ACPI: APIC 0x000000003FFE2318 000078 (v01 BOCHS  BXPCAPIC 00000001 BXPC 00000001)
[STDERR  ] 2017-11-24T14:56:27.444627295Z: [    0.000000] ACPI: HPET 0x000000003FFE2390 000038 (v01 BOCHS  BXPCHPET 00000001 BXPC 00000001)
[STDERR  ] 2017-11-24T14:56:27.44465554Z: [    0.000000] ACPI: MCFG 0x000000003FFE23C8 00003C (v01 BOCHS  BXPCMCFG 00000001 BXPC 00000001)
[STDERR  ] 2017-11-24T14:56:27.444665661Z: [    0.000000] Zone ranges:
[STDERR  ] 2017-11-24T14:56:27.444672242Z: [    0.000000]   DMA      [mem 0x0000000000001000-0x0000000000ffffff]
[STDERR  ] 2017-11-24T14:56:27.444685251Z: [    0.000000]   DMA32    [mem 0x0000000001000000-0x000000003ffddfff]
[STDERR  ] 2017-11-24T14:56:27.444694696Z: [    0.000000]   Normal   empty
[STDERR  ] 2017-11-24T14:56:27.444701612Z: [    0.000000] Movable zone start for each node
[STDERR  ] 2017-11-24T14:56:27.444707935Z: [    0.000000] Early memory node ranges
[STDERR  ] 2017-11-24T14:56:27.444714423Z: [    0.000000]   node   0: [mem 0x0000000000001000-0x000000000009efff]
[STDERR  ] 2017-11-24T14:56:27.444724013Z: [    0.000000]   node   0: [mem 0x0000000000100000-0x000000003ffddfff]
[STDERR  ] 2017-11-24T14:56:27.444730756Z: [    0.000000] Initmem setup node 0 [mem 0x0000000000001000-0x000000003ffddfff]
[STDERR  ] 2017-11-24T14:56:27.444736997Z: [    0.000000] ACPI: PM-Timer IO Port: 0x608
[STDERR  ] 2017-11-24T14:56:27.444745189Z: [    0.000000] ACPI: LAPIC_NMI (acpi_id[0xff] dfl dfl lint[0x1])
[STDERR  ] 2017-11-24T14:56:27.444751745Z: [    0.000000] IOAPIC[0]: apic_id 0, version 32, address 0xfec00000, GSI 0-23
[STDERR  ] 2017-11-24T14:56:27.444758258Z: [    0.000000] ACPI: INT_SRC_OVR (bus 0 bus_irq 0 global_irq 2 dfl dfl)
[STDERR  ] 2017-11-24T14:56:27.444764969Z: [    0.000000] ACPI: INT_SRC_OVR (bus 0 bus_irq 5 global_irq 5 high level)
[STDERR  ] 2017-11-24T14:56:27.444771417Z: [    0.000000] ACPI: INT_SRC_OVR (bus 0 bus_irq 9 global_irq 9 high level)
[STDERR  ] 2017-11-24T14:56:27.444777719Z: [    0.000000] ACPI: INT_SRC_OVR (bus 0 bus_irq 10 global_irq 10 high level)
[STDERR  ] 2017-11-24T14:56:27.444784234Z: [    0.000000] ACPI: INT_SRC_OVR (bus 0 bus_irq 11 global_irq 11 high level)
