[INFO    ] 2017-10-03T16:49:49.172028433Z: Running Test linuxkit.packages.wireguard in /tmp/with_clone3e476c55/test/cases/040_packages/023_wireguard
[INFO    ] 2017-10-03T16:49:49.172124614Z: Running command: [/bin/sh -x /tmp/with_clone3e476c55/test/cases/040_packages/023_wireguard/test.sh]
[STDERR  ] 2017-10-03T16:49:49.192354141Z: + set -e
[STDERR  ] 2017-10-03T16:49:49.192398728Z: + . /tmp/with_clone3e476c55/test/cases/_lib/lib.sh
[STDERR  ] 2017-10-03T16:49:49.192405904Z: + [ -f src/github.com/linuxkit/rtf/lib/lib.sh ]
[STDERR  ] 2017-10-03T16:49:49.192412536Z: + LINUXKIT_TMPDIR=/tmp/with_clone3e476c55/test/cases/_tmp
[STDERR  ] 2017-10-03T16:49:49.192420407Z: + [ -f /tmp/with_clone3e476c55/test/cases/_tmp/env.sh ]
[STDERR  ] 2017-10-03T16:49:49.192427162Z: + . /tmp/with_clone3e476c55/test/cases/_tmp/env.sh
[STDERR  ] 2017-10-03T16:49:49.192439679Z: + export LINUXKIT_EXAMPLES_DIR=/tmp/with_clone3e476c55/test/cases/../../examples
[STDERR  ] 2017-10-03T16:49:49.192448068Z: + export LINUXKIT_BLUEPRINTS_DIR=/tmp/with_clone3e476c55/test/cases/../../blueprints
[STDERR  ] 2017-10-03T16:49:49.192454566Z: + RT_CANCEL=253
[STDERR  ] 2017-10-03T16:49:49.192577632Z: + NAME=wireguard
[STDERR  ] 2017-10-03T16:49:49.19258843Z: + trap clean_up EXIT
[STDERR  ] 2017-10-03T16:49:49.192595354Z: + moby build -format kernel+initrd -name wireguard test.yml
[STDERR  ] 2017-10-03T16:49:49.192602439Z: Extract kernel image: linuxkit/kernel:4.9.43
[STDERR  ] 2017-10-03T16:49:50.412198563Z: time="2017-10-03T16:49:50Z" level=warning msg="certificate with CN Moby CI is near expiry" 
[STDERR  ] 2017-10-03T16:49:56.904927156Z: Add init containers:
[STDERR  ] 2017-10-03T16:49:56.906011553Z: Process init image: linuxkit/init:7804129bd06218b72c298139a25698a748d253c6
[STDERR  ] 2017-10-03T16:49:57.93830193Z: time="2017-10-03T16:49:57Z" level=warning msg="certificate with CN Moby CI is near expiry" 
[STDERR  ] 2017-10-03T16:49:59.476904382Z: Process init image: linuxkit/runc:a1b564248a0d0b118c11e61db9f84ecf41dd2d2a
[STDERR  ] 2017-10-03T16:50:00.46368473Z: time="2017-10-03T16:50:00Z" level=warning msg="certificate with CN Moby CI is near expiry" 
[STDERR  ] 2017-10-03T16:50:01.61904248Z: Process init image: linuxkit/containerd:417f83f7b8dc1fa36acf90effe44f99c7397480a
[STDERR  ] 2017-10-03T16:50:02.595390966Z: time="2017-10-03T16:50:02Z" level=warning msg="certificate with CN Moby CI is near expiry" 
[STDERR  ] 2017-10-03T16:50:07.795163614Z: Process init image: linuxkit/ca-certificates:e44b0a66df5a102c0e220f0066b0d904710dcb10
[STDERR  ] 2017-10-03T16:50:08.785823021Z: time="2017-10-03T16:50:08Z" level=warning msg="certificate with CN Moby CI is near expiry" 
[STDERR  ] 2017-10-03T16:50:09.237771401Z: Add onboot containers:
[STDERR  ] 2017-10-03T16:50:09.23789246Z:   Create OCI config for linuxkit/dhcpcd:d4408777ed6b6e6e562a5d4938fd09804324b33e
[STDERR  ] 2017-10-03T16:50:10.246726092Z: time="2017-10-03T16:50:10Z" level=warning msg="certificate with CN Moby CI is near expiry" 
[STDERR  ] 2017-10-03T16:50:10.783578537Z:   Create OCI config for linuxkit/ip:adedf00ca91ed0ed91a40aa76ce23309b32fcb47
[STDERR  ] 2017-10-03T16:50:13.075768882Z:   Create OCI config for linuxkit/ip:adedf00ca91ed0ed91a40aa76ce23309b32fcb47
[STDERR  ] 2017-10-03T16:50:13.112827822Z: Add onshutdown containers:
[STDERR  ] 2017-10-03T16:50:13.112862679Z:   Create OCI config for alpine:3.6
[STDERR  ] 2017-10-03T16:50:14.87437557Z: Add service containers:
[STDERR  ] 2017-10-03T16:50:14.874448113Z:   Create OCI config for nginx:alpine
[STDERR  ] 2017-10-03T16:50:17.439919962Z:   Create OCI config for alpine:3.6
[STDERR  ] 2017-10-03T16:50:17.475618233Z: Add files:
[STDERR  ] 2017-10-03T16:50:17.475658297Z:   etc/wireguard/wg0.conf
[STDERR  ] 2017-10-03T16:50:17.47567283Z:   etc/wireguard/wg1.conf
[STDERR  ] 2017-10-03T16:50:17.475693745Z:   check.sh
[STDERR  ] 2017-10-03T16:50:17.47572115Z: Create outputs:
[STDERR  ] 2017-10-03T16:50:27.223566709Z:   wireguard-kernel wireguard-initrd.img wireguard-cmdline
[STDERR  ] 2017-10-03T16:50:27.593991584Z: + linuxkit run wireguard
[STDERR  ] 2017-10-03T16:51:15.620988619Z: + RESULT=[    0.000000] Linux version 4.9.43-linuxkit (root@e1ede117fb1e) (gcc version 6.3.0 (Alpine 6.3.0) ) #1 SMP Fri Aug 18 15:47:35 UTC 2017
[STDERR  ] 2017-10-03T16:51:15.621077025Z: [    0.000000] Command line: console=ttyS0
[STDERR  ] 2017-10-03T16:51:15.621102868Z: [    0.000000] x86/fpu: Legacy x87 FPU detected.
[STDERR  ] 2017-10-03T16:51:15.621120668Z: [    0.000000] x86/fpu: Using 'eager' FPU context switches.
[STDERR  ] 2017-10-03T16:51:15.621135155Z: [    0.000000] e820: BIOS-provided physical RAM map:
[STDERR  ] 2017-10-03T16:51:15.621148086Z: [    0.000000] BIOS-e820: [mem 0x0000000000000000-0x000000000009fbff] usable
[STDERR  ] 2017-10-03T16:51:15.621162428Z: [    0.000000] BIOS-e820: [mem 0x000000000009fc00-0x000000000009ffff] reserved
[STDERR  ] 2017-10-03T16:51:15.621174898Z: [    0.000000] BIOS-e820: [mem 0x00000000000f0000-0x00000000000fffff] reserved
[STDERR  ] 2017-10-03T16:51:15.621186622Z: [    0.000000] BIOS-e820: [mem 0x0000000000100000-0x000000003ffdefff] usable
[STDERR  ] 2017-10-03T16:51:15.621199941Z: [    0.000000] BIOS-e820: [mem 0x000000003ffdf000-0x000000003fffffff] reserved
[STDERR  ] 2017-10-03T16:51:15.621212391Z: [    0.000000] BIOS-e820: [mem 0x00000000b0000000-0x00000000bfffffff] reserved
[STDERR  ] 2017-10-03T16:51:15.621224187Z: [    0.000000] BIOS-e820: [mem 0x00000000fed1c000-0x00000000fed1ffff] reserved
[STDERR  ] 2017-10-03T16:51:15.621236017Z: [    0.000000] BIOS-e820: [mem 0x00000000fffc0000-0x00000000ffffffff] reserved
[STDERR  ] 2017-10-03T16:51:15.621247599Z: [    0.000000] NX (Execute Disable) protection: active
[STDERR  ] 2017-10-03T16:51:15.621259931Z: [    0.000000] SMBIOS 2.8 present.
[STDERR  ] 2017-10-03T16:51:15.621272058Z: [    0.000000] e820: last_pfn = 0x3ffdf max_arch_pfn = 0x400000000
[STDERR  ] 2017-10-03T16:51:15.621283796Z: [    0.000000] x86/PAT: Configuration [0-7]: WB  WC  UC- UC  WB  WC  UC- WT  
[STDERR  ] 2017-10-03T16:51:15.621295691Z: [    0.000000] found SMP MP-table at [mem 0x000f6aa0-0x000f6aaf] mapped at [ffff9deb400f6aa0]
[STDERR  ] 2017-10-03T16:51:15.621310976Z: [    0.000000] RAMDISK: [mem 0x3ca85000-0x3ffcffff]
[STDERR  ] 2017-10-03T16:51:15.621323221Z: [    0.000000] ACPI: Early table checksum verification disabled
[STDERR  ] 2017-10-03T16:51:15.621334814Z: [    0.000000] ACPI: RSDP 0x00000000000F68C0 000014 (v00 BOCHS )
[STDERR  ] 2017-10-03T16:51:15.621346606Z: [    0.000000] ACPI: RSDT 0x000000003FFE2404 000034 (v01 BOCHS  BXPCRSDT 00000001 BXPC 00000001)
[STDERR  ] 2017-10-03T16:51:15.621359208Z: [    0.000000] ACPI: FACP 0x000000003FFE22A4 000074 (v01 BOCHS  BXPCFACP 00000001 BXPC 00000001)
[STDERR  ] 2017-10-03T16:51:15.621375863Z: [    0.000000] ACPI: DSDT 0x000000003FFE0040 002264 (v01 BOCHS  BXPCDSDT 00000001 BXPC 00000001)
[STDERR  ] 2017-10-03T16:51:15.621387439Z: [    0.000000] ACPI: FACS 0x000000003FFE0000 000040
[STDERR  ] 2017-10-03T16:51:15.62139907Z: [    0.000000] ACPI: APIC 0x000000003FFE2318 000078 (v01 BOCHS  BXPCAPIC 00000001 BXPC 00000001)
[STDERR  ] 2017-10-03T16:51:15.621410571Z: [    0.000000] ACPI: HPET 0x000000003FFE2390 000038 (v01 BOCHS  BXPCHPET 00000001 BXPC 00000001)
[STDERR  ] 2017-10-03T16:51:15.621421835Z: [    0.000000] ACPI: MCFG 0x000000003FFE23C8 00003C (v01 BOCHS  BXPCMCFG 00000001 BXPC 00000001)
[STDERR  ] 2017-10-03T16:51:15.62143461Z: [    0.000000] Zone ranges:
[STDERR  ] 2017-10-03T16:51:15.621445935Z: [    0.000000]   DMA      [mem 0x0000000000001000-0x0000000000ffffff]
[STDERR  ] 2017-10-03T16:51:15.621459011Z: [    0.000000]   DMA32    [mem 0x0000000001000000-0x000000003ffdefff]
[STDERR  ] 2017-10-03T16:51:15.621470517Z: [    0.000000]   Normal   empty
[STDERR  ] 2017-10-03T16:51:15.6214823Z: [    0.000000] Movable zone start for each node
[STDERR  ] 2017-10-03T16:51:15.621493324Z: [    0.000000] Early memory node ranges
[STDERR  ] 2017-10-03T16:51:15.621504417Z: [    0.000000]   node   0: [mem 0x0000000000001000-0x000000000009efff]
[STDERR  ] 2017-10-03T16:51:15.621515533Z: [    0.000000]   node   0: [mem 0x0000000000100000-0x000000003ffdefff]
[STDERR  ] 2017-10-03T16:51:15.621526517Z: [    0.000000] Initmem setup node 0 [mem 0x0000000000001000-0x000000003ffdefff]
[STDERR  ] 2017-10-03T16:51:15.621541968Z: [    0.000000] ACPI: PM-Timer IO Port: 0x608
[STDERR  ] 2017-10-03T16:51:15.6215558Z: [    0.000000] ACPI: LAPIC_NMI (acpi_id[0xff] dfl dfl lint[0x1])
[STDERR  ] 2017-10-03T16:51:15.621568412Z: [    0.000000] IOAPIC[0]: apic_id 0, version 32, address 0xfec00000, GSI 0-23
[STDERR  ] 2017-10-03T16:51:15.621582021Z: [    0.000000] ACPI: INT_SRC_OVR (bus 0 bus_irq 0 global_irq 2 dfl dfl)
[STDERR  ] 2017-10-03T16:51:15.621593543Z: [    0.000000] ACPI: INT_SRC_OVR (bus 0 bus_irq 5 global_irq 5 high level)
[STDERR  ] 2017-10-03T16:51:15.621604749Z: [    0.000000] ACPI: INT_SRC_OVR (bus 0 bus_irq 9 global_irq 9 high level)
[STDERR  ] 2017-10-03T16:51:15.621615892Z: [    0.000000] ACPI: INT_SRC_OVR (bus 0 bus_irq 10 global_irq 10 high level)
[STDERR  ] 2017-10-03T16:51:15.621626971Z: [    0.000000] ACPI: INT_SRC_OVR (bus 0 bus_irq 11 global_irq 11 high level)
[STDERR  ] 2017-10-03T16:51:15.621639752Z: [    0.000000] Using ACPI (MADT) for SMP configuration information
[STDERR  ] 2017-10-03T16:51:15.621651172Z: [    0.000000] ACPI: HPET id: 0x8086a201 base: 0xfed00000
[STDERR  ] 2017-10-03T16:51:15.621662189Z: [    0.000000] smpboot: Allowing 1 CPUs, 0 hotplug CPUs
[STDERR  ] 2017-10-03T16:51:15.621673081Z: [    0.000000] e820: [mem 0x40000000-0xafffffff] available for PCI devices
[STDERR  ] 2017-10-03T16:51:15.62168406Z: [    0.000000] Booting paravirtualized kernel on bare hardware
[STDERR  ] 2017-10-03T16:51:15.621698366Z: [    0.000000] clocksource: refined-jiffies: mask: 0xffffffff max_cycles: 0xffffffff, max_idle_ns: 19112604462750000 ns
[STDERR  ] 2017-10-03T16:51:15.621713407Z: [    0.000000] setup_percpu: NR_CPUS:128 nr_cpumask_bits:128 nr_cpu_ids:1 nr_node_ids:1
[STDERR  ] 2017-10-03T16:51:15.621725346Z: [    0.000000] percpu: Embedded 35 pages/cpu @ffff9deb7c800000 s105240 r8192 d29928 u2097152
[STDERR  ] 2017-10-03T16:51:15.62173672Z: [    0.000000] Built 1 zonelists in Zone order, mobility grouping on.  Total pages: 257896
[STDERR  ] 2017-10-03T16:51:15.621747936Z: [    0.000000] Kernel command line: console=ttyS0
[STDERR  ] 2017-10-03T16:51:15.621764639Z: [    0.000000] PID hash table entries: 4096 (order: 3, 32768 bytes)
[STDERR  ] 2017-10-03T16:51:15.621776003Z: [    0.000000] Dentry cache hash table entries: 131072 (order: 8, 1048576 bytes)
[STDERR  ] 2017-10-03T16:51:15.621787302Z: [    0.000000] Inode-cache hash table entries: 65536 (order: 7, 524288 bytes)
[STDERR  ] 2017-10-03T16:51:15.621798694Z: [    0.000000] Memory: 959600K/1048052K available (8028K kernel code, 1366K rwdata, 2696K rodata, 1380K init, 568K bss, 88452K reserved, 0K cma-reserved)
[STDERR  ] 2017-10-03T16:51:15.621827273Z: [    0.000000] Hierarchical RCU implementation.
[STDERR  ] 2017-10-03T16:51:15.621838738Z: [    0.000000] 	Build-time adjustment of leaf fanout to 64.
[STDERR  ] 2017-10-03T16:51:15.621851492Z: [    0.000000] 	RCU restricting CPUs from NR_CPUS=128 to nr_cpu_ids=1.
[STDERR  ] 2017-10-03T16:51:15.621861753Z: [    0.000000] RCU: Adjusting geometry for rcu_fanout_leaf=64, nr_cpu_ids=1
[STDERR  ] 2017-10-03T16:51:15.621872147Z: [    0.000000] NR_IRQS:8448 nr_irqs:256 16
[STDERR  ] 2017-10-03T16:51:15.621882943Z: [    0.000000] Console: colour VGA+ 80x25
[STDERR  ] 2017-10-03T16:51:15.62189339Z: [    0.000000] console [ttyS0] enabled
[STDERR  ] 2017-10-03T16:51:15.621903624Z: [    0.000000] clocksource: hpet: mask: 0xffffffff max_cycles: 0xffffffff, max_idle_ns: 19112604467 ns
[STDERR  ] 2017-10-03T16:51:15.621914392Z: [    0.000000] tsc: Fast TSC calibration using PIT
[STDERR  ] 2017-10-03T16:51:15.621924397Z: [    0.000000] tsc: Detected 2300.116 MHz processor
[STDERR  ] 2017-10-03T16:51:15.621934446Z: [    0.021328] Calibrating delay loop (skipped), value calculated using timer frequency.. 4600.23 BogoMIPS (lpj=23001160)
[STDERR  ] 2017-10-03T16:51:15.621946551Z: [    0.022422] pid_max: default: 32768 minimum: 301
[STDERR  ] 2017-10-03T16:51:15.621956424Z: [    0.023291] ACPI: Core revision 20160831
[STDERR  ] 2017-10-03T16:51:15.621972506Z: [    0.071411] ACPI: 1 ACPI AML tables successfully acquired and loaded
[STDERR  ] 2017-10-03T16:51:15.621984983Z: [    0.074574] Security Framework initialized
[STDERR  ] 2017-10-03T16:51:15.621995911Z: [    0.074953] Yama: becoming mindful.
[STDERR  ] 2017-10-03T16:51:15.622006588Z: [    0.076841] Mount-cache hash table entries: 2048 (order: 2, 16384 bytes)
[STDERR  ] 2017-10-03T16:51:15.622018546Z: [    0.077362] Mountpoint-cache hash table entries: 2048 (order: 2, 16384 bytes)
[STDERR  ] 2017-10-03T16:51:15.622029074Z: [    0.096682] Last level iTLB entries: 4KB 0, 2MB 0, 4MB 0
[STDERR  ] 2017-10-03T16:51:15.622039552Z: [    0.097107] Last level dTLB entries: 4KB 0, 2MB 0, 4MB 0, 1GB 0
[STDERR  ] 2017-10-03T16:51:15.622051788Z: [    0.398153] Freeing SMP alternatives memory: 20K
[STDERR  ] 2017-10-03T16:51:15.622063185Z: [    0.406962] ftrace: allocating 35486 entries in 139 pages
[STDERR  ] 2017-10-03T16:51:15.622073671Z: [    0.569362] smpboot: Max logical packages: 1
[STDERR  ] 2017-10-03T16:51:15.622084571Z: [    0.574902] ..TIMER: vector=0x30 apic1=0 pin1=2 apic2=-1 pin2=-1
[STDERR  ] 2017-10-03T16:51:15.622094638Z: [    0.680000] smpboot: CPU0: AMD QEMU Virtual CPU version 2.5+ (family: 0x6, model: 0x6, stepping: 0x3)
[STDERR  ] 2017-10-03T16:51:15.62210674Z: [    0.680000] Performance Events: PMU not available due to virtualization, using software events only.
[STDERR  ] 2017-10-03T16:51:15.622117282Z: [    0.687066] NMI watchdog: disabled (cpu0): hardware events not enabled
[STDERR  ] 2017-10-03T16:51:15.622127602Z: [    0.687474] NMI watchdog: Shutting down hard lockup detector on all cpus
[STDERR  ] 2017-10-03T16:51:15.622138736Z: [    0.690368] x86: Booted up 1 node, 1 CPUs
[STDERR  ] 2017-10-03T16:51:15.622149234Z: [    0.690696] smpboot: Total of 1 processors activated (4600.23 BogoMIPS)
[STDERR  ] 2017-10-03T16:51:15.622159849Z: [    0.703884] devtmpfs: initialized
[STDERR  ] 2017-10-03T16:51:15.622170572Z: [    0.708905] x86/mm: Memory block size: 128MB
[STDERR  ] 2017-10-03T16:51:15.622183782Z: [    0.773981] clocksource: jiffies: mask: 0xffffffff max_cycles: 0xffffffff, max_idle_ns: 19112604462750000 ns
[STDERR  ] 2017-10-03T16:51:15.622194783Z: [    0.776026] futex hash table entries: 256 (order: 2, 16384 bytes)
[STDERR  ] 2017-10-03T16:51:15.622205631Z: [    0.783749] NET: Registered protocol family 16
[STDERR  ] 2017-10-03T16:51:15.622216479Z: [    0.792891] cpuidle: using governor ladder
[STDERR  ] 2017-10-03T16:51:15.62222883Z: [    0.793281] cpuidle: using governor menu
[STDERR  ] 2017-10-03T16:51:15.622244937Z: [    0.794277] ACPI: bus type PCI registered
[STDERR  ] 2017-10-03T16:51:15.62225602Z: [    0.796973] PCI: MMCONFIG for domain 0000 [bus 00-ff] at [mem 0xb0000000-0xbfffffff] (base 0xb0000000)
[STDERR  ] 2017-10-03T16:51:15.622267481Z: [    0.797653] PCI: MMCONFIG at [mem 0xb0000000-0xbfffffff] reserved in E820
[STDERR  ] 2017-10-03T16:51:15.622278771Z: [    0.798867] PCI: Using configuration type 1 for base access
[STDERR  ] 2017-10-03T16:51:15.622290161Z: [    0.854916] HugeTLB registered 2 MB page size, pre-allocated 0 pages
[STDERR  ] 2017-10-03T16:51:15.622306353Z: [    0.865114] ACPI: Added _OSI(Module Device)
[STDERR  ] 2017-10-03T16:51:15.622317074Z: [    0.865405] ACPI: Added _OSI(Processor Device)
[STDERR  ] 2017-10-03T16:51:15.622327807Z: [    0.865675] ACPI: Added _OSI(3.0 _SCP Extensions)
[STDERR  ] 2017-10-03T16:51:15.622338363Z: [    0.865966] ACPI: Added _OSI(Processor Aggregator Device)
[STDERR  ] 2017-10-03T16:51:15.62234912Z: [    0.938820] ACPI: Interpreter enabled
[STDERR  ] 2017-10-03T16:51:15.62236027Z: [    0.940514] ACPI: (supports S0 S5)
[STDERR  ] 2017-10-03T16:51:15.622370785Z: [    0.940783] ACPI: Using IOAPIC for interrupt routing
[STDERR  ] 2017-10-03T16:51:15.622384348Z: [    0.942464] PCI: Using host bridge windows from ACPI; if necessary, use "pci=nocrs" and report a bug
[STDERR  ] 2017-10-03T16:51:15.62239555Z: [    1.007393] ACPI: PCI Root Bridge [PCI0] (domain 0000 [bus 00-ff])
[STDERR  ] 2017-10-03T16:51:15.622406323Z: [    1.008245] acpi PNP0A08:00: _OSC: OS supports [ExtendedConfig ASPM ClockPM Segments MSI]
[STDERR  ] 2017-10-03T16:51:15.622422571Z: [    1.014011] acpi PNP0A08:00: _OSC: OS now controls [PCIeHotplug PME PCIeCapability]
[STDERR  ] 2017-10-03T16:51:15.622434195Z: [    1.017462] PCI host bridge to bus 0000:00
[STDERR  ] 2017-10-03T16:51:15.622445303Z: [    1.017862] pci_bus 0000:00: root bus resource [io  0x0000-0x0cf7 window]
[STDERR  ] 2017-10-03T16:51:15.622456784Z: [    1.018295] pci_bus 0000:00: root bus resource [io  0x0d00-0xffff window]
[STDERR  ] 2017-10-03T16:51:15.622471982Z: [    1.018704] pci_bus 0000:00: root bus resource [mem 0x000a0000-0x000bffff window]
[STDERR  ] 2017-10-03T16:51:15.622484112Z: [    1.019149] pci_bus 0000:00: root bus resource [mem 0xc0000000-0xfebfffff window]
[STDERR  ] 2017-10-03T16:51:15.622495592Z: [    1.019719] pci_bus 0000:00: root bus resource [bus 00-ff]
[STDERR  ] 2017-10-03T16:51:15.62250683Z: [    1.122241] pci 0000:00:1f.0: quirk: [io  0x0600-0x067f] claimed by ICH6 ACPI/GPIO/TCO
[STDERR  ] 2017-10-03T16:51:15.622520728Z: [    1.183156] ACPI: PCI Interrupt Link [LNKA] (IRQs 5 *10 11)
[STDERR  ] 2017-10-03T16:51:15.622531799Z: [    1.185070] ACPI: PCI Interrupt Link [LNKB] (IRQs 5 *10 11)
[STDERR  ] 2017-10-03T16:51:15.622542209Z: [    1.186727] ACPI: PCI Interrupt Link [LNKC] (IRQs 5 10 *11)
[STDERR  ] 2017-10-03T16:51:15.622552769Z: [    1.188381] ACPI: PCI Interrupt Link [LNKD] (IRQs 5 10 *11)
[STDERR  ] 2017-10-03T16:51:15.622565917Z: [    1.190179] ACPI: PCI Interrupt Link [LNKE] (IRQs 5 *10 11)
[STDOUT  ] 2017-10-03T16:51:15.622527973Z: [    0.000000] Linux version 4.9.43-linuxkit (root@e1ede117fb1e) (gcc version 6.3.0 (Alpine 6.3.0) ) #1 SMP Fri Aug 18 15:47:35 UTC 2017
[STDERR  ] 2017-10-03T16:51:15.6225792Z: [    1.191852] ACPI: PCI Interrupt Link [LNKF] (IRQs 5 *10 11)
[STDOUT  ] 2017-10-03T16:51:15.622588164Z: [    0.000000] Command line: console=ttyS0
[STDERR  ] 2017-10-03T16:51:15.622590709Z: [    1.193513] ACPI: PCI Interrupt Link [LNKG] (IRQs 5 10 *11)
[STDOUT  ] 2017-10-03T16:51:15.622601739Z: [    0.000000] x86/fpu: Legacy x87 FPU detected.
[STDERR  ] 2017-10-03T16:51:15.622603412Z: [    1.195173] ACPI: PCI Interrupt Link [LNKH] (IRQs 5 10 *11)
[STDERR  ] 2017-10-03T16:51:15.622616428Z: [    1.195949] ACPI: PCI Interrupt Link [GSIA] (IRQs *16)
[STDOUT  ] 2017-10-03T16:51:15.622613993Z: [    0.000000] x86/fpu: Using 'eager' FPU context switches.
[STDERR  ] 2017-10-03T16:51:15.62262732Z: [    1.196522] ACPI: PCI Interrupt Link [GSIB] (IRQs *17)
[STDOUT  ] 2017-10-03T16:51:15.622628976Z: [    0.000000] e820: BIOS-provided physical RAM map:
[STDERR  ] 2017-10-03T16:51:15.62264448Z: [    1.197088] ACPI: PCI Interrupt Link [GSIC] (IRQs *18)
[STDERR  ] 2017-10-03T16:51:15.622655441Z: [    1.197661] ACPI: PCI Interrupt Link [GSID] (IRQs *19)
[STDOUT  ] 2017-10-03T16:51:15.622649226Z: [    0.000000] BIOS-e820: [mem 0x0000000000000000-0x000000000009fbff] usable
[STDERR  ] 2017-10-03T16:51:15.622669375Z: [    1.198231] ACPI: PCI Interrupt Link [GSIE] (IRQs *20)
[STDOUT  ] 2017-10-03T16:51:15.622677976Z: [    0.000000] BIOS-e820: [mem 0x000000000009fc00-0x000000000009ffff] reserved
[STDERR  ] 2017-10-03T16:51:15.62268083Z: [    1.198801] ACPI: PCI Interrupt Link [GSIF] (IRQs *21)
[STDOUT  ] 2017-10-03T16:51:15.622689484Z: [    0.000000] BIOS-e820: [mem 0x00000000000f0000-0x00000000000fffff] reserved
[STDERR  ] 2017-10-03T16:51:15.622692413Z: [    1.199359] ACPI: PCI Interrupt Link [GSIG] (IRQs *22)
[STDERR  ] 2017-10-03T16:51:15.622703354Z: [    1.200197] ACPI: PCI Interrupt Link [GSIH] (IRQs *23)
[STDOUT  ] 2017-10-03T16:51:15.622701077Z: [    0.000000] BIOS-e820: [mem 0x0000000000100000-0x000000003ffdefff] usable
[STDOUT  ] 2017-10-03T16:51:15.622712563Z: [    0.000000] BIOS-e820: [mem 0x000000003ffdf000-0x000000003fffffff] reserved
[STDERR  ] 2017-10-03T16:51:15.622716078Z: [    1.203717] ACPI: Enabled 2 GPEs in block 00 to 3F
[STDOUT  ] 2017-10-03T16:51:15.622723638Z: [    0.000000] BIOS-e820: [mem 0x00000000b0000000-0x00000000bfffffff] reserved
[STDERR  ] 2017-10-03T16:51:15.622727318Z: [    1.207829] SCSI subsystem initialized
[STDERR  ] 2017-10-03T16:51:15.622738886Z: [    1.209551] ACPI: bus type USB registered
[STDOUT  ] 2017-10-03T16:51:15.622739066Z: [    0.000000] BIOS-e820: [mem 0x00000000fed1c000-0x00000000fed1ffff] reserved
[STDERR  ] 2017-10-03T16:51:15.62275001Z: [    1.210726] usbcore: registered new interface driver usbfs
[STDOUT  ] 2017-10-03T16:51:15.622751946Z: [    0.000000] BIOS-e820: [mem 0x00000000fffc0000-0x00000000ffffffff] reserved
[STDERR  ] 2017-10-03T16:51:15.622760996Z: [    1.211640] usbcore: registered new interface driver hub
[STDOUT  ] 2017-10-03T16:51:15.622764504Z: [    0.000000] NX (Execute Disable) protection: active
[STDERR  ] 2017-10-03T16:51:15.622772729Z: [    1.212375] usbcore: registered new device driver usb
[STDOUT  ] 2017-10-03T16:51:15.622775919Z: [    0.000000] SMBIOS 2.8 present.
[STDOUT  ] 2017-10-03T16:51:15.622787186Z: [    0.000000] e820: last_pfn = 0x3ffdf max_arch_pfn = 0x400000000
[STDERR  ] 2017-10-03T16:51:15.622783931Z: [    1.213443] pps_core: LinuxPPS API ver. 1 registered
[STDERR  ] 2017-10-03T16:51:15.622795315Z: [    1.213751] pps_core: Software ver. 5.3.6 - Copyright 2005-2007 Rodolfo Giometti <giometti@linux.it>
[STDOUT  ] 2017-10-03T16:51:15.62279868Z: [    0.000000] x86/PAT: Configuration [0-7]: WB  WC  UC- UC  WB  WC  UC- WT  
[STDERR  ] 2017-10-03T16:51:15.622806936Z: [    1.214387] PTP clock support registered
[STDOUT  ] 2017-10-03T16:51:15.62281001Z: [    0.000000] found SMP MP-table at [mem 0x000f6aa0-0x000f6aaf] mapped at [ffff9deb400f6aa0]
[STDERR  ] 2017-10-03T16:51:15.62281818Z: [    1.215467] wmi: Mapper loaded
[STDOUT  ] 2017-10-03T16:51:15.622821488Z: [    0.000000] RAMDISK: [mem 0x3ca85000-0x3ffcffff]
[STDERR  ] 2017-10-03T16:51:15.622831912Z: [    1.216436] PCI: Using ACPI for IRQ routing
[STDOUT  ] 2017-10-03T16:51:15.622833502Z: [    0.000000] ACPI: Early table checksum verification disabled
[STDOUT  ] 2017-10-03T16:51:15.622845566Z: [    0.000000] ACPI: RSDP 0x00000000000F68C0 000014 (v00 BOCHS )
[STDERR  ] 2017-10-03T16:51:15.622843019Z: [    1.234432] NetLabel: Initializing
[STDERR  ] 2017-10-03T16:51:15.622854312Z: [    1.234669] NetLabel:  domain hash size = 128
[STDOUT  ] 2017-10-03T16:51:15.622856895Z: [    0.000000] ACPI: RSDT 0x000000003FFE2404 000034 (v01 BOCHS  BXPCRSDT 00000001 BXPC 00000001)
[STDERR  ] 2017-10-03T16:51:15.622865184Z: [    1.234938] NetLabel:  protocols = UNLABELED CIPSOv4
[STDOUT  ] 2017-10-03T16:51:15.622868448Z: [    0.000000] ACPI: FACP 0x000000003FFE22A4 000074 (v01 BOCHS  BXPCFACP 00000001 BXPC 00000001)
[STDERR  ] 2017-10-03T16:51:15.62288449Z: [    1.236696] NetLabel:  unlabeled traffic allowed by default
[STDOUT  ] 2017-10-03T16:51:15.622879819Z: [    0.000000] ACPI: DSDT 0x000000003FFE0040 002264 (v01 BOCHS  BXPCDSDT 00000001 BXPC 00000001)
[STDOUT  ] 2017-10-03T16:51:15.622892565Z: [    0.000000] ACPI: FACS 0x000000003FFE0000 000040
[STDERR  ] 2017-10-03T16:51:15.622895974Z: [    1.237516] HPET: 3 timers in total, 0 timers will be used for per-cpu timer
[STDOUT  ] 2017-10-03T16:51:15.622903616Z: [    0.000000] ACPI: APIC 0x000000003FFE2318 000078 (v01 BOCHS  BXPCAPIC 00000001 BXPC 00000001)
[STDERR  ] 2017-10-03T16:51:15.62290848Z: [    1.238177] hpet0: at MMIO 0xfed00000, IRQs 2, 8, 0
[STDOUT  ] 2017-10-03T16:51:15.622916349Z: [    0.000000] ACPI: HPET 0x000000003FFE2390 000038 (v01 BOCHS  BXPCHPET 00000001 BXPC 00000001)
[STDERR  ] 2017-10-03T16:51:15.622920944Z: [    1.238606] hpet0: 3 comparators, 64-bit 100.000000 MHz counter
[STDOUT  ] 2017-10-03T16:51:15.622927107Z: [    0.000000] ACPI: MCFG 0x000000003FFE23C8 00003C (v01 BOCHS  BXPCMCFG 00000001 BXPC 00000001)
[STDERR  ] 2017-10-03T16:51:15.622934077Z: [    1.246560] clocksource: Switched to clocksource hpet
[STDOUT  ] 2017-10-03T16:51:15.622939357Z: [    0.000000] Zone ranges:
[STDERR  ] 2017-10-03T16:51:15.622945542Z: [    1.499929] VFS: Disk quotas dquot_6.6.0
[STDOUT  ] 2017-10-03T16:51:15.622950398Z: [    0.000000]   DMA      [mem 0x0000000000001000-0x0000000000ffffff]
[STDERR  ] 2017-10-03T16:51:15.622958541Z: [    1.500737] VFS: Dquot-cache hash table entries: 512 (order 0, 4096 bytes)
[STDOUT  ] 2017-10-03T16:51:15.622965442Z: [    0.000000]   DMA32    [mem 0x0000000001000000-0x000000003ffdefff]
[STDERR  ] 2017-10-03T16:51:15.622969796Z: [    1.503293] FS-Cache: Loaded
[STDOUT  ] 2017-10-03T16:51:15.622976689Z: [    0.000000]   Normal   empty
[STDERR  ] 2017-10-03T16:51:15.622981018Z: [    1.507956] CacheFiles: Loaded
[STDOUT  ] 2017-10-03T16:51:15.622987706Z: [    0.000000] Movable zone start for each node
[STDERR  ] 2017-10-03T16:51:15.62299242Z: [    1.509485] pnp: PnP ACPI init
[STDOUT  ] 2017-10-03T16:51:15.622998432Z: [    0.000000] Early memory node ranges
[STDERR  ] 2017-10-03T16:51:15.62300356Z: [    1.520972] pnp: PnP ACPI: found 5 devices
[STDOUT  ] 2017-10-03T16:51:15.623009346Z: [    0.000000]   node   0: [mem 0x0000000000001000-0x000000000009efff]
[STDERR  ] 2017-10-03T16:51:15.623014712Z: [    1.570314] clocksource: acpi_pm: mask: 0xffffff max_cycles: 0xffffff, max_idle_ns: 2085701024 ns
[STDOUT  ] 2017-10-03T16:51:15.623020672Z: [    0.000000]   node   0: [mem 0x0000000000100000-0x000000003ffdefff]
[STDERR  ] 2017-10-03T16:51:15.623025842Z: [    1.573073] NET: Registered protocol family 2
[STDOUT  ] 2017-10-03T16:51:15.623031961Z: [    0.000000] Initmem setup node 0 [mem 0x0000000000001000-0x000000003ffdefff]
[STDERR  ] 2017-10-03T16:51:15.623036928Z: [    1.579946] TCP established hash table entries: 8192 (order: 4, 65536 bytes)
[STDOUT  ] 2017-10-03T16:51:15.623042535Z: [    0.000000] ACPI: PM-Timer IO Port: 0x608
[STDERR  ] 2017-10-03T16:51:15.623048363Z: [    1.580764] TCP bind hash table entries: 8192 (order: 5, 131072 bytes)
[STDOUT  ] 2017-10-03T16:51:15.623053414Z: [    0.000000] ACPI: LAPIC_NMI (acpi_id[0xff] dfl dfl lint[0x1])
[STDERR  ] 2017-10-03T16:51:15.623061115Z: [    1.581326] TCP: Hash tables configured (established 8192 bind 8192)
[STDOUT  ] 2017-10-03T16:51:15.623064627Z: [    0.000000] IOAPIC[0]: apic_id 0, version 32, address 0xfec00000, GSI 0-23
[STDERR  ] 2017-10-03T16:51:15.62307237Z: [    1.583096] UDP hash table entries: 512 (order: 2, 16384 bytes)
[STDOUT  ] 2017-10-03T16:51:15.623075507Z: [    0.000000] ACPI: INT_SRC_OVR (bus 0 bus_irq 0 global_irq 2 dfl dfl)
[STDERR  ] 2017-10-03T16:51:15.623083613Z: [    1.583542] UDP-Lite hash table entries: 512 (order: 2, 16384 bytes)
[STDOUT  ] 2017-10-03T16:51:15.623088511Z: [    0.000000] ACPI: INT_SRC_OVR (bus 0 bus_irq 5 global_irq 5 high level)
[STDERR  ] 2017-10-03T16:51:15.623097221Z: [    1.585702] NET: Registered protocol family 1
[STDOUT  ] 2017-10-03T16:51:15.623099601Z: [    0.000000] ACPI: INT_SRC_OVR (bus 0 bus_irq 9 global_irq 9 high level)
[STDOUT  ] 2017-10-03T16:51:15.62311566Z: [    0.000000] ACPI: INT_SRC_OVR (bus 0 bus_irq 10 global_irq 10 high level)
[STDERR  ] 2017-10-03T16:51:15.623114068Z: [    1.586575] pci 0000:00:01.0: Video device with shadowed ROM at [mem 0x000c0000-0x000dffff]
[STDERR  ] 2017-10-03T16:51:15.623125641Z: [    1.594592] Unpacking initramfs...
[STDOUT  ] 2017-10-03T16:51:15.623128048Z: [    0.000000] ACPI: INT_SRC_OVR (bus 0 bus_irq 11 global_irq 11 high level)
[STDOUT  ] 2017-10-03T16:51:15.623139404Z: [    0.000000] Using ACPI (MADT) for SMP configuration information
[STDERR  ] 2017-10-03T16:51:15.623136483Z: [    9.411231] Freeing initrd memory: 54572K
[STDERR  ] 2017-10-03T16:51:15.623148928Z: [    9.434686] PCLMULQDQ-NI instructions are not detected.
[STDOUT  ] 2017-10-03T16:51:15.623151269Z: [    0.000000] ACPI: HPET id: 0x8086a201 base: 0xfed00000
[STDERR  ] 2017-10-03T16:51:15.623159812Z: [    9.435727] AVX or AES-NI instructions are not detected.
[STDERR  ] 2017-10-03T16:51:15.62317059Z: [    9.436111] CPU feature 'AVX registers' is not supported.
[STDOUT  ] 2017-10-03T16:51:15.623162715Z: [    0.000000] smpboot: Allowing 1 CPUs, 0 hotplug CPUs
[STDOUT  ] 2017-10-03T16:51:15.623177518Z: [    0.000000] e820: [mem 0x40000000-0xafffffff] available for PCI devices
[STDERR  ] 2017-10-03T16:51:15.623185167Z: [    9.436473] CPU feature 'AVX registers' is not supported.
[STDOUT  ] 2017-10-03T16:51:15.623188456Z: [    0.000000] Booting paravirtualized kernel on bare hardware
[STDOUT  ] 2017-10-03T16:51:15.62319979Z: [    0.000000] clocksource: refined-jiffies: mask: 0xffffffff max_cycles: 0xffffffff, max_idle_ns: 19112604462750000 ns
[STDERR  ] 2017-10-03T16:51:15.623200195Z: [    9.436823] CPU feature 'AVX registers' is not supported.
[STDERR  ] 2017-10-03T16:51:15.623212588Z: [    9.437168] CPU feature 'AVX registers' is not supported.
[STDOUT  ] 2017-10-03T16:51:15.623217035Z: [    0.000000] setup_percpu: NR_CPUS:128 nr_cpumask_bits:128 nr_cpu_ids:1 nr_node_ids:1
[STDERR  ] 2017-10-03T16:51:15.623223935Z: [    9.437515] AVX2 or AES-NI instructions are not detected.
[STDOUT  ] 2017-10-03T16:51:15.62323188Z: [    0.000000] percpu: Embedded 35 pages/cpu @ffff9deb7c800000 s105240 r8192 d29928 u2097152
[STDERR  ] 2017-10-03T16:51:15.623235252Z: [    9.437855] AVX2 instructions are not detected.
[STDOUT  ] 2017-10-03T16:51:15.623243317Z: [    0.000000] Built 1 zonelists in Zone order, mobility grouping on.  Total pages: 257896
[STDERR  ] 2017-10-03T16:51:15.62324651Z: [    9.443453] audit: initializing netlink subsys (disabled)
[STDOUT  ] 2017-10-03T16:51:15.623254065Z: [    0.000000] Kernel command line: console=ttyS0
[STDERR  ] 2017-10-03T16:51:15.623258466Z: [    9.444998] audit: type=2000 audit(1507049437.440:1): initialized
[STDOUT  ] 2017-10-03T16:51:15.623265073Z: [    0.000000] PID hash table entries: 4096 (order: 3, 32768 bytes)
[STDERR  ] 2017-10-03T16:51:15.623272874Z: [    9.452917] workingset: timestamp_bits=46 max_order=18 bucket_order=0
[STDERR  ] 2017-10-03T16:51:15.623284134Z: [    9.461617] FS-Cache: Netfs 'cifs' registered for caching
[STDOUT  ] 2017-10-03T16:51:15.62327823Z: [    0.000000] Dentry cache hash table entries: 131072 (order: 8, 1048576 bytes)
[STDOUT  ] 2017-10-03T16:51:15.623292158Z: [    0.000000] Inode-cache hash table entries: 65536 (order: 7, 524288 bytes)
[STDERR  ] 2017-10-03T16:51:15.62329576Z: [    9.462456] fuse init (API version 7.26)
[STDERR  ] 2017-10-03T16:51:15.623306861Z: [    9.464461] SGI XFS with ACLs, security attributes, no debug enabled
[STDOUT  ] 2017-10-03T16:51:15.623307235Z: [    0.000000] Memory: 959600K/1048052K available (8028K kernel code, 1366K rwdata, 2696K rodata, 1380K init, 568K bss, 88452K reserved, 0K cma-reserved)
[STDERR  ] 2017-10-03T16:51:15.623320508Z: [    9.467928] 9p: Installing v9fs 9p2000 file system support
[STDOUT  ] 2017-10-03T16:51:15.623326729Z: [    0.000000] Hierarchical RCU implementation.
[STDOUT  ] 2017-10-03T16:51:15.623337394Z: [    0.000000] 	Build-time adjustment of leaf fanout to 64.
[STDERR  ] 2017-10-03T16:51:15.623331968Z: [    9.468319] FS-Cache: Netfs '9p' registered for caching
[STDOUT  ] 2017-10-03T16:51:15.623349469Z: [    0.000000] 	RCU restricting CPUs from NR_CPUS=128 to nr_cpu_ids=1.
[STDERR  ] 2017-10-03T16:51:15.623353707Z: [    9.501438] NET: Registered protocol family 38
[STDOUT  ] 2017-10-03T16:51:15.623362312Z: [    0.000000] RCU: Adjusting geometry for rcu_fanout_leaf=64, nr_cpu_ids=1
[STDERR  ] 2017-10-03T16:51:15.623365185Z: [    9.501967] Key type asymmetric registered
[STDOUT  ] 2017-10-03T16:51:15.623374238Z: [    0.000000] NR_IRQS:8448 nr_irqs:256 16
[STDERR  ] 2017-10-03T16:51:15.62337647Z: [    9.502280] Asymmetric key parser 'x509' registered
[STDOUT  ] 2017-10-03T16:51:15.623385665Z: [    0.000000] Console: colour VGA+ 80x25
[STDERR  ] 2017-10-03T16:51:15.62338738Z: [    9.502967] Block layer SCSI generic (bsg) driver version 0.4 loaded (major 251)
[STDOUT  ] 2017-10-03T16:51:15.623396684Z: [    0.000000] console [ttyS0] enabled
[STDERR  ] 2017-10-03T16:51:15.623398673Z: [    9.504099] io scheduler noop registered
[STDOUT  ] 2017-10-03T16:51:15.623408195Z: [    0.000000] clocksource: hpet: mask: 0xffffffff max_cycles: 0xffffffff, max_idle_ns: 19112604467 ns
[STDERR  ] 2017-10-03T16:51:15.623409481Z: [    9.504391] io scheduler deadline registered (default)
[STDERR  ] 2017-10-03T16:51:15.623419782Z: [    9.504953] io scheduler cfq registered
[STDOUT  ] 2017-10-03T16:51:15.623419935Z: [    0.000000] tsc: Fast TSC calibration using PIT
[STDERR  ] 2017-10-03T16:51:15.623430622Z: [    9.507371] pci_hotplug: PCI Hot Plug PCI Core version: 0.5
[STDOUT  ] 2017-10-03T16:51:15.623434513Z: [    0.000000] tsc: Detected 2300.116 MHz processor
[STDERR  ] 2017-10-03T16:51:15.623442444Z: [    9.507886] pciehp: PCI Express Hot Plug Controller Driver version: 0.4
[STDOUT  ] 2017-10-03T16:51:15.623445569Z: [    0.021328] Calibrating delay loop (skipped), value calculated using timer frequency.. 4600.23 BogoMIPS (lpj=23001160)
[STDERR  ] 2017-10-03T16:51:15.623453845Z: [    9.508606] shpchp: Standard Hot Plug PCI Controller Driver version: 0.4
[STDOUT  ] 2017-10-03T16:51:15.623456811Z: [    0.022422] pid_max: default: 32768 minimum: 301
[STDERR  ] 2017-10-03T16:51:15.623464902Z: [    9.509353] hv_vmbus: registering driver hyperv_fb
[STDOUT  ] 2017-10-03T16:51:15.623468151Z: [    0.023291] ACPI: Core revision 20160831
[STDOUT  ] 2017-10-03T16:51:15.623479673Z: [    0.071411] ACPI: 1 ACPI AML tables successfully acquired and loaded
[STDERR  ] 2017-10-03T16:51:15.623475627Z: [    9.513284] input: Power Button as /devices/LNXSYSTM:00/LNXPWRBN:00/input/input0
[STDERR  ] 2017-10-03T16:51:15.623487581Z: [    9.514269] ACPI: Power Button [PWRF]
[STDERR  ] 2017-10-03T16:51:15.623499217Z: [    9.518808] GHES: HEST is not enabled!
[STDERR  ] 2017-10-03T16:51:15.623509776Z: [    9.530399] ACPI: PCI Interrupt Link [GSIG] enabled at IRQ 22
[STDOUT  ] 2017-10-03T16:51:15.623490844Z: [    0.074574] Security Framework initialized
[STDERR  ] 2017-10-03T16:51:15.623531434Z: [    9.543451] ACPI: PCI Interrupt Link [GSIH] enabled at IRQ 23
[STDOUT  ] 2017-10-03T16:51:15.623532805Z: [    0.074953] Yama: becoming mindful.
[STDERR  ] 2017-10-03T16:51:15.623542504Z: [    9.547254] xenfs: not registering filesystem on non-xen platform
[STDOUT  ] 2017-10-03T16:51:15.623549227Z: [    0.076841] Mount-cache hash table entries: 2048 (order: 2, 16384 bytes)
[STDERR  ] 2017-10-03T16:51:15.623553531Z: [    9.549234] Serial: 8250/16550 driver, 4 ports, IRQ sharing disabled
[STDOUT  ] 2017-10-03T16:51:15.623560561Z: [    0.077362] Mountpoint-cache hash table entries: 2048 (order: 2, 16384 bytes)
[STDERR  ] 2017-10-03T16:51:15.623564677Z: [    9.578493] 00:04: ttyS0 at I/O 0x3f8 (irq = 4, base_baud = 115200) is a 16550A
[STDOUT  ] 2017-10-03T16:51:15.62357253Z: [    0.096682] Last level iTLB entries: 4KB 0, 2MB 0, 4MB 0
[STDOUT  ] 2017-10-03T16:51:15.623583618Z: [    0.097107] Last level dTLB entries: 4KB 0, 2MB 0, 4MB 0, 1GB 0
[STDERR  ] 2017-10-03T16:51:15.623580378Z: [    9.588870] Non-volatile memory driver v1.3
[STDERR  ] 2017-10-03T16:51:15.623591655Z: [    9.594888] Hangcheck: starting hangcheck timer 0.9.1 (tick is 180 seconds, margin is 60 seconds).
[STDOUT  ] 2017-10-03T16:51:15.623599627Z: [    0.398153] Freeing SMP alternatives memory: 20K
[STDOUT  ] 2017-10-03T16:51:15.623610816Z: [    0.406962] ftrace: allocating 35486 entries in 139 pages
[STDERR  ] 2017-10-03T16:51:15.623609758Z: [    9.599820] random: fast init done
[STDOUT  ] 2017-10-03T16:51:15.623621736Z: [    0.569362] smpboot: Max logical packages: 1
[STDERR  ] 2017-10-03T16:51:15.623620969Z: [    9.601064] random: crng init done
[STDERR  ] 2017-10-03T16:51:15.623632196Z: [    9.634971] loop: module loaded
[STDOUT  ] 2017-10-03T16:51:15.623632288Z: [    0.574902] ..TIMER: vector=0x30 apic1=0 pin1=2 apic2=-1 pin2=-1
[STDERR  ] 2017-10-03T16:51:15.623643674Z: [    9.649271] nbd: registered device at major 43
[STDOUT  ] 2017-10-03T16:51:15.62364381Z: [    0.680000] smpboot: CPU0: AMD QEMU Virtual CPU version 2.5+ (family: 0x6, model: 0x6, stepping: 0x3)
[STDERR  ] 2017-10-03T16:51:15.623655815Z: [    9.691743] lpc_ich 0000:00:1f.0: I/O space for GPIO uninitialized
[STDOUT  ] 2017-10-03T16:51:15.623656212Z: [    0.680000] Performance Events: PMU not available due to virtualization, using software events only.
[STDERR  ] 2017-10-03T16:51:15.623667311Z: [    9.693348] VMware PVSCSI driver - version 1.0.7.0-k
[STDOUT  ] 2017-10-03T16:51:15.623668862Z: [    0.687066] NMI watchdog: disabled (cpu0): hardware events not enabled
[STDERR  ] 2017-10-03T16:51:15.623678031Z: [    9.693999] hv_vmbus: registering driver hv_storvsc
[STDERR  ] 2017-10-03T16:51:15.623692775Z: [    9.704124] ACPI: PCI Interrupt Link [GSIA] enabled at IRQ 16
[STDOUT  ] 2017-10-03T16:51:15.623686042Z: [    0.687474] NMI watchdog: Shutting down hard lockup detector on all cpus
[STDOUT  ] 2017-10-03T16:51:15.623700451Z: [    0.690368] x86: Booted up 1 node, 1 CPUs
[STDERR  ] 2017-10-03T16:51:15.623703615Z: [    9.710130] ahci 0000:00:1f.2: AHCI 0001.0000 32 slots 6 ports 1.5 Gbps 0x3f impl SATA mode
[STDOUT  ] 2017-10-03T16:51:15.623711252Z: [    0.690696] smpboot: Total of 1 processors activated (4600.23 BogoMIPS)
[STDERR  ] 2017-10-03T16:51:15.623715682Z: [    9.710867] ahci 0000:00:1f.2: flags: 64bit ncq only 
[STDOUT  ] 2017-10-03T16:51:15.623723339Z: [    0.703884] devtmpfs: initialized
[STDERR  ] 2017-10-03T16:51:15.623726364Z: [    9.731678] scsi host0: ahci
[STDOUT  ] 2017-10-03T16:51:15.623734568Z: [    0.708905] x86/mm: Memory block size: 128MB
[STDERR  ] 2017-10-03T16:51:15.623737891Z: [    9.735266] scsi host1: ahci
[STDOUT  ] 2017-10-03T16:51:15.623745849Z: [    0.773981] clocksource: jiffies: mask: 0xffffffff max_cycles: 0xffffffff, max_idle_ns: 19112604462750000 ns
[STDERR  ] 2017-10-03T16:51:15.62374914Z: [    9.737417] scsi host2: ahci
[STDOUT  ] 2017-10-03T16:51:15.623757722Z: [    0.776026] futex hash table entries: 256 (order: 2, 16384 bytes)
[STDERR  ] 2017-10-03T16:51:15.623760346Z: [    9.739522] scsi host3: ahci
[STDOUT  ] 2017-10-03T16:51:15.623768633Z: [    0.783749] NET: Registered protocol family 16
[STDERR  ] 2017-10-03T16:51:15.623771882Z: [    9.741959] scsi host4: ahci
[STDOUT  ] 2017-10-03T16:51:15.62377979Z: [    0.792891] cpuidle: using governor ladder
[STDERR  ] 2017-10-03T16:51:15.623783188Z: [    9.744089] scsi host5: ahci
[STDOUT  ] 2017-10-03T16:51:15.623790733Z: [    0.793281] cpuidle: using governor menu
[STDERR  ] 2017-10-03T16:51:15.623794158Z: [    9.745865] ata1: SATA max UDMA/133 abar m4096@0xfebd2000 port 0xfebd2100 irq 24
[STDOUT  ] 2017-10-03T16:51:15.623801471Z: [    0.794277] ACPI: bus type PCI registered
[STDERR  ] 2017-10-03T16:51:15.62380817Z: [    9.746355] ata2: SATA max UDMA/133 abar m4096@0xfebd2000 port 0xfebd2180 irq 24
[STDOUT  ] 2017-10-03T16:51:15.623812337Z: [    0.796973] PCI: MMCONFIG for domain 0000 [bus 00-ff] at [mem 0xb0000000-0xbfffffff] (base 0xb0000000)
[STDERR  ] 2017-10-03T16:51:15.623819729Z: [    9.746790] ata3: SATA max UDMA/133 abar m4096@0xfebd2000 port 0xfebd2200 irq 24
[STDOUT  ] 2017-10-03T16:51:15.623823476Z: [    0.797653] PCI: MMCONFIG at [mem 0xb0000000-0xbfffffff] reserved in E820
[STDERR  ] 2017-10-03T16:51:15.623837455Z: [    9.747221] ata4: SATA max UDMA/133 abar m4096@0xfebd2000 port 0xfebd2280 irq 24
[STDOUT  ] 2017-10-03T16:51:15.623841277Z: [    0.798867] PCI: Using configuration type 1 for base access
[STDOUT  ] 2017-10-03T16:51:15.623852145Z: [    0.854916] HugeTLB registered 2 MB page size, pre-allocated 0 pages
[STDERR  ] 2017-10-03T16:51:15.623849113Z: [    9.747665] ata5: SATA max UDMA/133 abar m4096@0xfebd2000 port 0xfebd2300 irq 24
[STDOUT  ] 2017-10-03T16:51:15.623862788Z: [    0.865114] ACPI: Added _OSI(Module Device)
[STDERR  ] 2017-10-03T16:51:15.623864752Z: [    9.748092] ata6: SATA max UDMA/133 abar m4096@0xfebd2000 port 0xfebd2380 irq 24
[STDERR  ] 2017-10-03T16:51:15.623877076Z: [    9.761505] tun: Universal TUN/TAP device driver, 1.6
[STDOUT  ] 2017-10-03T16:51:15.623875403Z: [    0.865405] ACPI: Added _OSI(Processor Device)
[STDERR  ] 2017-10-03T16:51:15.623887887Z: [    9.761998] tun: (C) 1999-2004 Max Krasnyansky <maxk@qualcomm.com>
[STDOUT  ] 2017-10-03T16:51:15.6238865Z: [    0.865675] ACPI: Added _OSI(3.0 _SCP Extensions)
[STDOUT  ] 2017-10-03T16:51:15.623897549Z: [    0.865966] ACPI: Added _OSI(Processor Aggregator Device)
[STDERR  ] 2017-10-03T16:51:15.623899275Z: [    9.772076] VMware vmxnet3 virtual NIC driver - version 1.4.a.0-k-NAPI
[STDOUT  ] 2017-10-03T16:51:15.623908642Z: [    0.938820] ACPI: Interpreter enabled
[STDERR  ] 2017-10-03T16:51:15.623910377Z: [    9.772846] hv_vmbus: registering driver hv_netvsc
[STDOUT  ] 2017-10-03T16:51:15.623923025Z: [    0.940514] ACPI: (supports S0 S5)
[STDERR  ] 2017-10-03T16:51:15.623924828Z: [    9.773161] Fusion MPT base driver 3.04.20
[STDOUT  ] 2017-10-03T16:51:15.623934259Z: [    0.940783] ACPI: Using IOAPIC for interrupt routing
[STDERR  ] 2017-10-03T16:51:15.623935974Z: [    9.773410] Copyright (c) 1999-2008 LSI Corporation
[STDOUT  ] 2017-10-03T16:51:15.6239459Z: [    0.942464] PCI: Using host bridge windows from ACPI; if necessary, use "pci=nocrs" and report a bug
[STDERR  ] 2017-10-03T16:51:15.623947433Z: [    9.773899] Fusion MPT SPI Host driver 3.04.20
[STDOUT  ] 2017-10-03T16:51:15.623957524Z: [    1.007393] ACPI: PCI Root Bridge [PCI0] (domain 0000 [bus 00-ff])
[STDERR  ] 2017-10-03T16:51:15.623959117Z: [    9.775806] i8042: PNP: PS/2 Controller [PNP0303:KBD,PNP0f13:MOU] at 0x60,0x64 irq 1,12
[STDERR  ] 2017-10-03T16:51:15.623971818Z: [    9.779666] serio: i8042 KBD port at 0x60,0x64 irq 1
[STDOUT  ] 2017-10-03T16:51:15.623970024Z: [    1.008245] acpi PNP0A08:00: _OSC: OS supports [ExtendedConfig ASPM ClockPM Segments MSI]
[STDOUT  ] 2017-10-03T16:51:15.623981322Z: [    1.014011] acpi PNP0A08:00: _OSC: OS now controls [PCIeHotplug PME PCIeCapability]
[STDERR  ] 2017-10-03T16:51:15.623982585Z: [    9.780406] serio: i8042 AUX port at 0x60,0x64 irq 12
[STDOUT  ] 2017-10-03T16:51:15.623992482Z: [    1.017462] PCI host bridge to bus 0000:00
[STDERR  ] 2017-10-03T16:51:15.623994265Z: [    9.783333] hv_vmbus: registering driver hyperv_keyboard
[STDOUT  ] 2017-10-03T16:51:15.624003577Z: [    1.017862] pci_bus 0000:00: root bus resource [io  0x0000-0x0cf7 window]
[STDERR  ] 2017-10-03T16:51:15.624005351Z: [    9.785355] mousedev: PS/2 mouse device common for all mice
[STDOUT  ] 2017-10-03T16:51:15.624014842Z: [    1.018295] pci_bus 0000:00: root bus resource [io  0x0d00-0xffff window]
[STDERR  ] 2017-10-03T16:51:15.624021304Z: [    9.789970] input: AT Translated Set 2 keyboard as /devices/platform/i8042/serio0/input/input1
[STDOUT  ] 2017-10-03T16:51:15.624026646Z: [    1.018704] pci_bus 0000:00: root bus resource [mem 0x000a0000-0x000bffff window]
[STDERR  ] 2017-10-03T16:51:15.62403277Z: [    9.792066] input: PC Speaker as /devices/platform/pcspkr/input/input2
[STDOUT  ] 2017-10-03T16:51:15.62404138Z: [    1.019149] pci_bus 0000:00: root bus resource [mem 0xc0000000-0xfebfffff window]
[STDERR  ] 2017-10-03T16:51:15.624043967Z: [    9.796335] rtc_cmos 00:00: RTC can wake from S4
[STDOUT  ] 2017-10-03T16:51:15.624052469Z: [    1.019719] pci_bus 0000:00: root bus resource [bus 00-ff]
[STDERR  ] 2017-10-03T16:51:15.62405981Z: [    9.799394] rtc_cmos 00:00: rtc core: registered rtc_cmos as rtc0
[STDOUT  ] 2017-10-03T16:51:15.624064083Z: [    1.122241] pci 0000:00:1f.0: quirk: [io  0x0600-0x067f] claimed by ICH6 ACPI/GPIO/TCO
[STDOUT  ] 2017-10-03T16:51:15.624075101Z: [    1.183156] ACPI: PCI Interrupt Link [LNKA] (IRQs 5 *10 11)
[STDERR  ] 2017-10-03T16:51:15.624075531Z: [    9.800656] rtc_cmos 00:00: alarms up to one day, y3k, 114 bytes nvram, hpet irqs
[STDOUT  ] 2017-10-03T16:51:15.624086471Z: [    1.185070] ACPI: PCI Interrupt Link [LNKB] (IRQs 5 *10 11)
[STDERR  ] 2017-10-03T16:51:15.624088301Z: [    9.801281] i2c /dev entries driver
[STDOUT  ] 2017-10-03T16:51:15.624098142Z: [    1.186727] ACPI: PCI Interrupt Link [LNKC] (IRQs 5 10 *11)
[STDOUT  ] 2017-10-03T16:51:15.624109597Z: [    1.188381] ACPI: PCI Interrupt Link [LNKD] (IRQs 5 10 *11)
[STDERR  ] 2017-10-03T16:51:15.624104492Z: [    9.802994] device-mapper: ioctl: 4.35.0-ioctl (2016-06-23) initialised: dm-devel@redhat.com
[STDERR  ] 2017-10-03T16:51:15.624117445Z: [    9.807512] usbcore: registered new interface driver usbhid
[STDOUT  ] 2017-10-03T16:51:15.624120694Z: [    1.190179] ACPI: PCI Interrupt Link [LNKE] (IRQs 5 *10 11)
[STDERR  ] 2017-10-03T16:51:15.624128353Z: [    9.807863] usbhid: USB HID core driver
[STDOUT  ] 2017-10-03T16:51:15.624135791Z: [    1.191852] ACPI: PCI Interrupt Link [LNKF] (IRQs 5 *10 11)
[STDERR  ] 2017-10-03T16:51:15.624140302Z: [    9.808366] hv_utils: Registering HyperV Utility Driver
[STDOUT  ] 2017-10-03T16:51:15.62415052Z: [    1.193513] ACPI: PCI Interrupt Link [LNKG] (IRQs 5 10 *11)
[STDERR  ] 2017-10-03T16:51:15.624152159Z: [    9.808687] hv_vmbus: registering driver hv_util
[STDOUT  ] 2017-10-03T16:51:15.62416223Z: [    1.195173] ACPI: PCI Interrupt Link [LNKH] (IRQs 5 10 *11)
[STDERR  ] 2017-10-03T16:51:15.624164049Z: [    9.808962] hv_vmbus: registering driver hv_balloon
[STDERR  ] 2017-10-03T16:51:15.62417508Z: [    9.809403] oprofile: using NMI interrupt.
[STDOUT  ] 2017-10-03T16:51:15.624173594Z: [    1.195949] ACPI: PCI Interrupt Link [GSIA] (IRQs *16)
[STDOUT  ] 2017-10-03T16:51:15.62418457Z: [    1.196522] ACPI: PCI Interrupt Link [GSIB] (IRQs *17)
[STDERR  ] 2017-10-03T16:51:15.624185957Z: [    9.810599] GACT probability on
[STDOUT  ] 2017-10-03T16:51:15.624195248Z: [    1.197088] ACPI: PCI Interrupt Link [GSIC] (IRQs *18)
[STDERR  ] 2017-10-03T16:51:15.624199055Z: [    9.811019] Mirror/redirect action on
[STDOUT  ] 2017-10-03T16:51:15.624206079Z: [    1.197661] ACPI: PCI Interrupt Link [GSID] (IRQs *19)
[STDERR  ] 2017-10-03T16:51:15.624210056Z: [    9.811774] Simple TC action Loaded
[STDERR  ] 2017-10-03T16:51:15.624220921Z: [    9.812266] u32 classifier
[STDOUT  ] 2017-10-03T16:51:15.624217872Z: [    1.198231] ACPI: PCI Interrupt Link [GSIE] (IRQs *20)
[STDERR  ] 2017-10-03T16:51:15.624232454Z: [    9.812447]     Performance counters on
[STDOUT  ] 2017-10-03T16:51:15.624229016Z: [    1.198801] ACPI: PCI Interrupt Link [GSIF] (IRQs *21)
[STDOUT  ] 2017-10-03T16:51:15.624240343Z: [    1.199359] ACPI: PCI Interrupt Link [GSIG] (IRQs *22)
[STDERR  ] 2017-10-03T16:51:15.624243416Z: [    9.812677]     input device check on
[STDOUT  ] 2017-10-03T16:51:15.624251365Z: [    1.200197] ACPI: PCI Interrupt Link [GSIH] (IRQs *23)
[STDERR  ] 2017-10-03T16:51:15.624254383Z: [    9.812897]     Actions configured
[STDOUT  ] 2017-10-03T16:51:15.624263344Z: [    1.203717] ACPI: Enabled 2 GPEs in block 00 to 3F
[STDERR  ] 2017-10-03T16:51:15.624265184Z: [    9.813385] Netfilter messages via NETLINK v0.30.
[STDOUT  ] 2017-10-03T16:51:15.624274299Z: [    1.207829] SCSI subsystem initialized
[STDERR  ] 2017-10-03T16:51:15.62427623Z: [    9.813856] nfnl_acct: registering with nfnetlink.
[STDOUT  ] 2017-10-03T16:51:15.624285096Z: [    1.209551] ACPI: bus type USB registered
[STDERR  ] 2017-10-03T16:51:15.624287195Z: [    9.815093] nf_conntrack version 0.5.0 (8192 buckets, 32768 max)
[STDOUT  ] 2017-10-03T16:51:15.624295768Z: [    1.210726] usbcore: registered new interface driver usbfs
[STDERR  ] 2017-10-03T16:51:15.624298211Z: [    9.818146] ctnetlink v0.93: registering with nfnetlink.
[STDOUT  ] 2017-10-03T16:51:15.624310342Z: [    1.211640] usbcore: registered new interface driver hub
[STDERR  ] 2017-10-03T16:51:15.624313198Z: [    9.821339] nf_tables: (c) 2007-2009 Patrick McHardy <kaber@trash.net>
[STDOUT  ] 2017-10-03T16:51:15.624321201Z: [    1.212375] usbcore: registered new device driver usb
[STDERR  ] 2017-10-03T16:51:15.624324599Z: [    9.822100] nf_tables_compat: (c) 2012 Pablo Neira Ayuso <pablo@netfilter.org>
[STDOUT  ] 2017-10-03T16:51:15.624331961Z: [    1.213443] pps_core: LinuxPPS API ver. 1 registered
[STDERR  ] 2017-10-03T16:51:15.624335774Z: [    9.824270] xt_time: kernel timezone is -0000
[STDOUT  ] 2017-10-03T16:51:15.624342765Z: [    1.213751] pps_core: Software ver. 5.3.6 - Copyright 2005-2007 Rodolfo Giometti <giometti@linux.it>
[STDERR  ] 2017-10-03T16:51:15.624346552Z: [    9.824746] ip_set: protocol 6
[STDOUT  ] 2017-10-03T16:51:15.624355695Z: [    1.214387] PTP clock support registered
[STDERR  ] 2017-10-03T16:51:15.624357908Z: [    9.825346] IPVS: Registered protocols (TCP, UDP, SCTP, AH, ESP)
[STDOUT  ] 2017-10-03T16:51:15.624366486Z: [    1.215467] wmi: Mapper loaded
[STDERR  ] 2017-10-03T16:51:15.624369263Z: [    9.825843] IPVS: Connection hash table configured (size=4096, memory=64Kbytes)
[STDOUT  ] 2017-10-03T16:51:15.624377389Z: [    1.216436] PCI: Using ACPI for IRQ routing
[STDERR  ] 2017-10-03T16:51:15.62438044Z: [    9.827398] IPVS: Creating netns size=2104 id=0
[STDOUT  ] 2017-10-03T16:51:15.624391704Z: [    1.234432] NetLabel: Initializing
[STDERR  ] 2017-10-03T16:51:15.624394366Z: [    9.829862] IPVS: ipvs loaded.
[STDERR  ] 2017-10-03T16:51:15.624405847Z: [    9.830454] IPVS: [rr] scheduler registered.
[STDOUT  ] 2017-10-03T16:51:15.624402435Z: [    1.234669] NetLabel:  domain hash size = 128
[STDOUT  ] 2017-10-03T16:51:15.624419316Z: [    1.234938] NetLabel:  protocols = UNLABELED CIPSOv4
[STDERR  ] 2017-10-03T16:51:15.624416798Z: [    9.830758] IPVS: [wrr] scheduler registered.
[STDERR  ] 2017-10-03T16:51:15.624432067Z: [    9.831029] IPVS: [lc] scheduler registered.
[STDOUT  ] 2017-10-03T16:51:15.624430261Z: [    1.236696] NetLabel:  unlabeled traffic allowed by default
[STDERR  ] 2017-10-03T16:51:15.624443355Z: [    9.831287] IPVS: [wlc] scheduler registered.
[STDOUT  ] 2017-10-03T16:51:15.624445373Z: [    1.237516] HPET: 3 timers in total, 0 timers will be used for per-cpu timer
[STDERR  ] 2017-10-03T16:51:15.624453857Z: [    9.831553] IPVS: [fo] scheduler registered.
[STDOUT  ] 2017-10-03T16:51:15.62445872Z: [    1.238177] hpet0: at MMIO 0xfed00000, IRQs 2, 8, 0
[STDERR  ] 2017-10-03T16:51:15.624464444Z: [    9.831849] IPVS: [ovf] scheduler registered.
[STDOUT  ] 2017-10-03T16:51:15.624469503Z: [    1.238606] hpet0: 3 comparators, 64-bit 100.000000 MHz counter
[STDERR  ] 2017-10-03T16:51:15.624475235Z: [    9.832220] IPVS: [lblc] scheduler registered.
[STDOUT  ] 2017-10-03T16:51:15.624484792Z: [    1.246560] clocksource: Switched to clocksource hpet
[STDERR  ] 2017-10-03T16:51:15.62448643Z: [    9.832572] IPVS: [lblcr] scheduler registered.
[STDOUT  ] 2017-10-03T16:51:15.624495726Z: [    1.499929] VFS: Disk quotas dquot_6.6.0
[STDERR  ] 2017-10-03T16:51:15.624501774Z: [    9.832861] IPVS: [dh] scheduler registered.
[STDOUT  ] 2017-10-03T16:51:15.624506755Z: [    1.500737] VFS: Dquot-cache hash table entries: 512 (order 0, 4096 bytes)
[STDERR  ] 2017-10-03T16:51:15.624512606Z: [    9.833122] IPVS: [sh] scheduler registered.
[STDOUT  ] 2017-10-03T16:51:15.62451825Z: [    1.503293] FS-Cache: Loaded
[STDERR  ] 2017-10-03T16:51:15.624522685Z: [    9.833388] IPVS: [sed] scheduler registered.
[STDOUT  ] 2017-10-03T16:51:15.624533041Z: [    1.507956] CacheFiles: Loaded
[STDERR  ] 2017-10-03T16:51:15.624534541Z: [    9.833649] IPVS: [nq] scheduler registered.
[STDOUT  ] 2017-10-03T16:51:15.624544048Z: [    1.509485] pnp: PnP ACPI init
[STDERR  ] 2017-10-03T16:51:15.624545563Z: [    9.834249] IPVS: ftp: loaded support on port[0] = 21
[STDOUT  ] 2017-10-03T16:51:15.624554718Z: [    1.520972] pnp: PnP ACPI: found 5 devices
[STDERR  ] 2017-10-03T16:51:15.624560924Z: [    9.835097] ipip: IPv4 and MPLS over IPv4 tunneling driver
[STDOUT  ] 2017-10-03T16:51:15.624565613Z: [    1.570314] clocksource: acpi_pm: mask: 0xffffff max_cycles: 0xffffff, max_idle_ns: 2085701024 ns
[STDERR  ] 2017-10-03T16:51:15.624571293Z: [    9.838996] gre: GRE over IPv4 demultiplexor driver
[STDOUT  ] 2017-10-03T16:51:15.624579497Z: [    1.573073] NET: Registered protocol family 2
[STDERR  ] 2017-10-03T16:51:15.624582571Z: [    9.841896] ip_tables: (C) 2000-2006 Netfilter Core Team
[STDOUT  ] 2017-10-03T16:51:15.624590442Z: [    1.579946] TCP established hash table entries: 8192 (order: 4, 65536 bytes)
[STDERR  ] 2017-10-03T16:51:15.624593541Z: [    9.844889] ipt_CLUSTERIP: ClusterIP Version 0.8 loaded successfully
[STDOUT  ] 2017-10-03T16:51:15.624601428Z: [    1.580764] TCP bind hash table entries: 8192 (order: 5, 131072 bytes)
[STDERR  ] 2017-10-03T16:51:15.624606424Z: [    9.845559] arp_tables: arp_tables: (C) 2002 David S. Miller
[STDOUT  ] 2017-10-03T16:51:15.624612778Z: [    1.581326] TCP: Hash tables configured (established 8192 bind 8192)
[STDERR  ] 2017-10-03T16:51:15.624616964Z: [    9.847785] NET: Registered protocol family 10
[STDOUT  ] 2017-10-03T16:51:15.624623835Z: [    1.583096] UDP hash table entries: 512 (order: 2, 16384 bytes)
[STDERR  ] 2017-10-03T16:51:15.624627603Z: [    9.856932] ip6_tables: (C) 2000-2006 Netfilter Core Team
[STDOUT  ] 2017-10-03T16:51:15.624634775Z: [    1.583542] UDP-Lite hash table entries: 512 (order: 2, 16384 bytes)
[STDOUT  ] 2017-10-03T16:51:15.624646271Z: [    1.585702] NET: Registered protocol family 1
[STDERR  ] 2017-10-03T16:51:15.624644698Z: [    9.865051] NET: Registered protocol family 17
[STDOUT  ] 2017-10-03T16:51:15.624656988Z: [    1.586575] pci 0000:00:01.0: Video device with shadowed ROM at [mem 0x000c0000-0x000dffff]
[STDERR  ] 2017-10-03T16:51:15.624655714Z: [    9.865958] Bridge firewalling registered
[STDERR  ] 2017-10-03T16:51:15.624666329Z: [    9.866380] Ebtables v2.0 registered
[STDOUT  ] 2017-10-03T16:51:15.624668602Z: [    1.594592] Unpacking initramfs...
[STDERR  ] 2017-10-03T16:51:15.624677115Z: [    9.868077] 8021q: 802.1Q VLAN Support v1.8
[STDOUT  ] 2017-10-03T16:51:15.624679303Z: [    9.411231] Freeing initrd memory: 54572K
[STDERR  ] 2017-10-03T16:51:15.624688251Z: [    9.869372] 9pnet: Installing 9P2000 support
[STDOUT  ] 2017-10-03T16:51:15.624690041Z: [    9.434686] PCLMULQDQ-NI instructions are not detected.
[STDERR  ] 2017-10-03T16:51:15.624699084Z: [    9.871014] Key type dns_resolver registered
[STDOUT  ] 2017-10-03T16:51:15.624701031Z: [    9.435727] AVX or AES-NI instructions are not detected.
[STDERR  ] 2017-10-03T16:51:15.624709884Z: [    9.871777] microcode: AMD CPU family 0x6 not supported
[STDOUT  ] 2017-10-03T16:51:15.624711972Z: [    9.436111] CPU feature 'AVX registers' is not supported.
[STDERR  ] 2017-10-03T16:51:15.624720766Z: [    9.875220] registered taskstats version 1
[STDOUT  ] 2017-10-03T16:51:15.624722844Z: [    9.436473] CPU feature 'AVX registers' is not supported.
[STDERR  ] 2017-10-03T16:51:15.624731811Z: [   10.027814] Key type big_key registered
[STDOUT  ] 2017-10-03T16:51:15.62473357Z: [    9.436823] CPU feature 'AVX registers' is not supported.
[STDERR  ] 2017-10-03T16:51:15.62474262Z: [   10.081496] Key type encrypted registered
[STDOUT  ] 2017-10-03T16:51:15.624744389Z: [    9.437168] CPU feature 'AVX registers' is not supported.
[STDERR  ] 2017-10-03T16:51:15.62475368Z: [   10.084498] ata2: SATA link down (SStatus 0 SControl 300)
[STDOUT  ] 2017-10-03T16:51:15.624755338Z: [    9.437515] AVX2 or AES-NI instructions are not detected.
[STDERR  ] 2017-10-03T16:51:15.624764876Z: [   10.086305] ata1: SATA link down (SStatus 0 SControl 300)
[STDOUT  ] 2017-10-03T16:51:15.624766475Z: [    9.437855] AVX2 instructions are not detected.
[STDERR  ] 2017-10-03T16:51:15.624776958Z: [   10.088858] rtc_cmos 00:00: setting system clock to 2017-10-03 16:50:38 UTC (1507049438)
[STDOUT  ] 2017-10-03T16:51:15.624778649Z: [    9.443453] audit: initializing netlink subsys (disabled)
[STDERR  ] 2017-10-03T16:51:15.624793187Z: [   10.095263] ata6: SATA link down (SStatus 0 SControl 300)
[STDOUT  ] 2017-10-03T16:51:15.624795206Z: [    9.444998] audit: type=2000 audit(1507049437.440:1): initialized
[STDERR  ] 2017-10-03T16:51:15.624804777Z: [   10.095945] ata3: SATA link up 1.5 Gbps (SStatus 113 SControl 300)
[STDOUT  ] 2017-10-03T16:51:15.624806313Z: [    9.452917] workingset: timestamp_bits=46 max_order=18 bucket_order=0
[STDOUT  ] 2017-10-03T16:51:15.624817025Z: [    9.461617] FS-Cache: Netfs 'cifs' registered for caching
[STDERR  ] 2017-10-03T16:51:15.624816114Z: [   10.099211] ata3.00: ATAPI: QEMU DVD-ROM, 2.5+, max UDMA/100
[STDOUT  ] 2017-10-03T16:51:15.62483092Z: [    9.462456] fuse init (API version 7.26)
[STDERR  ] 2017-10-03T16:51:15.624831959Z: [   10.099651] ata3.00: applying bridge limits
[STDERR  ] 2017-10-03T16:51:15.624842604Z: [   10.101057] ata4: SATA link down (SStatus 0 SControl 300)
[STDOUT  ] 2017-10-03T16:51:15.624842162Z: [    9.464461] SGI XFS with ACLs, security attributes, no debug enabled
[STDOUT  ] 2017-10-03T16:51:15.62485606Z: [    9.467928] 9p: Installing v9fs 9p2000 file system support
[STDOUT  ] 2017-10-03T16:51:15.624923251Z: [    9.468319] FS-Cache: Netfs '9p' registered for caching
[STDOUT  ] 2017-10-03T16:51:15.624933369Z: [    9.501438] NET: Registered protocol family 38
[STDOUT  ] 2017-10-03T16:51:15.624944691Z: [    9.501967] Key type asymmetric registered
[STDOUT  ] 2017-10-03T16:51:15.62496071Z: [    9.502280] Asymmetric key parser 'x509' registered
[STDOUT  ] 2017-10-03T16:51:15.62497173Z: [    9.502967] Block layer SCSI generic (bsg) driver version 0.4 loaded (major 251)
[STDOUT  ] 2017-10-03T16:51:15.624982902Z: [    9.504099] io scheduler noop registered
[STDOUT  ] 2017-10-03T16:51:15.624993178Z: [    9.504391] io scheduler deadline registered (default)
[STDOUT  ] 2017-10-03T16:51:15.625010108Z: [    9.504953] io scheduler cfq registered
[STDOUT  ] 2017-10-03T16:51:15.625020647Z: [    9.507371] pci_hotplug: PCI Hot Plug PCI Core version: 0.5
[STDOUT  ] 2017-10-03T16:51:15.6250319Z: [    9.507886] pciehp: PCI Express Hot Plug Controller Driver version: 0.4
[STDOUT  ] 2017-10-03T16:51:15.62504359Z: [    9.508606] shpchp: Standard Hot Plug PCI Controller Driver version: 0.4
[STDOUT  ] 2017-10-03T16:51:15.625066016Z: [    9.509353] hv_vmbus: registering driver hyperv_fb
[STDOUT  ] 2017-10-03T16:51:15.625077435Z: [    9.513284] input: Power Button as /devices/LNXSYSTM:00/LNXPWRBN:00/input/input0
[STDOUT  ] 2017-10-03T16:51:15.625088979Z: [    9.514269] ACPI: Power Button [PWRF]
[STDOUT  ] 2017-10-03T16:51:15.625100943Z: [    9.518808] GHES: HEST is not enabled!
[STDOUT  ] 2017-10-03T16:51:15.625112187Z: [    9.530399] ACPI: PCI Interrupt Link [GSIG] enabled at IRQ 22
[STDOUT  ] 2017-10-03T16:51:15.625123372Z: [    9.543451] ACPI: PCI Interrupt Link [GSIH] enabled at IRQ 23
[STDOUT  ] 2017-10-03T16:51:15.625134284Z: [    9.547254] xenfs: not registering filesystem on non-xen platform
[STDOUT  ] 2017-10-03T16:51:15.625150659Z: [    9.549234] Serial: 8250/16550 driver, 4 ports, IRQ sharing disabled
[STDOUT  ] 2017-10-03T16:51:15.625162417Z: [    9.578493] 00:04: ttyS0 at I/O 0x3f8 (irq = 4, base_baud = 115200) is a 16550A
[STDOUT  ] 2017-10-03T16:51:15.625175437Z: [    9.588870] Non-volatile memory driver v1.3
[STDOUT  ] 2017-10-03T16:51:15.625186219Z: [    9.594888] Hangcheck: starting hangcheck timer 0.9.1 (tick is 180 seconds, margin is 60 seconds).
[STDOUT  ] 2017-10-03T16:51:15.625197229Z: [    9.599820] random: fast init done
[STDOUT  ] 2017-10-03T16:51:15.625207518Z: [    9.601064] random: crng init done
[STDOUT  ] 2017-10-03T16:51:15.625218314Z: [    9.634971] loop: module loaded
[STDOUT  ] 2017-10-03T16:51:15.62523023Z: [    9.649271] nbd: registered device at major 43
[STDOUT  ] 2017-10-03T16:51:15.625241165Z: [    9.691743] lpc_ich 0000:00:1f.0: I/O space for GPIO uninitialized
[STDOUT  ] 2017-10-03T16:51:15.625252663Z: [    9.693348] VMware PVSCSI driver - version 1.0.7.0-k
[STDOUT  ] 2017-10-03T16:51:15.625268782Z: [    9.693999] hv_vmbus: registering driver hv_storvsc
[STDOUT  ] 2017-10-03T16:51:15.625279866Z: [    9.704124] ACPI: PCI Interrupt Link [GSIA] enabled at IRQ 16
[STDOUT  ] 2017-10-03T16:51:15.625290842Z: [    9.710130] ahci 0000:00:1f.2: AHCI 0001.0000 32 slots 6 ports 1.5 Gbps 0x3f impl SATA mode
[STDOUT  ] 2017-10-03T16:51:15.62530253Z: [    9.710867] ahci 0000:00:1f.2: flags: 64bit ncq only 
[STDOUT  ] 2017-10-03T16:51:15.62531334Z: [    9.731678] scsi host0: ahci
[STDOUT  ] 2017-10-03T16:51:15.625324732Z: [    9.735266] scsi host1: ahci
[STDOUT  ] 2017-10-03T16:51:15.625335934Z: [    9.737417] scsi host2: ahci
[STDOUT  ] 2017-10-03T16:51:15.625346698Z: [    9.739522] scsi host3: ahci
[STDOUT  ] 2017-10-03T16:51:15.625359216Z: [    9.741959] scsi host4: ahci
[STDOUT  ] 2017-10-03T16:51:15.625370338Z: [    9.744089] scsi host5: ahci
[STDOUT  ] 2017-10-03T16:51:15.625381097Z: [    9.745865] ata1: SATA max UDMA/133 abar m4096@0xfebd2000 port 0xfebd2100 irq 24
[STDOUT  ] 2017-10-03T16:51:15.625392969Z: [    9.746355] ata2: SATA max UDMA/133 abar m4096@0xfebd2000 port 0xfebd2180 irq 24
[STDOUT  ] 2017-10-03T16:51:15.625404295Z: [    9.746790] ata3: SATA max UDMA/133 abar m4096@0xfebd2000 port 0xfebd2200 irq 24
[STDOUT  ] 2017-10-03T16:51:15.625415375Z: [    9.747221] ata4: SATA max UDMA/133 abar m4096@0xfebd2000 port 0xfebd2280 irq 24
[STDOUT  ] 2017-10-03T16:51:15.62543169Z: [    9.747665] ata5: SATA max UDMA/133 abar m4096@0xfebd2000 port 0xfebd2300 irq 24
[STDOUT  ] 2017-10-03T16:51:15.625446919Z: [    9.748092] ata6: SATA max UDMA/133 abar m4096@0xfebd2000 port 0xfebd2380 irq 24
[STDOUT  ] 2017-10-03T16:51:15.625457963Z: [    9.761505] tun: Universal TUN/TAP device driver, 1.6
[STDOUT  ] 2017-10-03T16:51:15.625468895Z: [    9.761998] tun: (C) 1999-2004 Max Krasnyansky <maxk@qualcomm.com>
[STDOUT  ] 2017-10-03T16:51:15.625481654Z: [    9.772076] VMware vmxnet3 virtual NIC driver - version 1.4.a.0-k-NAPI
[STDOUT  ] 2017-10-03T16:51:15.625492627Z: [    9.772846] hv_vmbus: registering driver hv_netvsc
[STDOUT  ] 2017-10-03T16:51:15.625503537Z: [    9.773161] Fusion MPT base driver 3.04.20
[STDOUT  ] 2017-10-03T16:51:15.625514328Z: [    9.773410] Copyright (c) 1999-2008 LSI Corporation
[STDOUT  ] 2017-10-03T16:51:15.625525162Z: [    9.773899] Fusion MPT SPI Host driver 3.04.20
[STDOUT  ] 2017-10-03T16:51:15.625535671Z: [    9.775806] i8042: PNP: PS/2 Controller [PNP0303:KBD,PNP0f13:MOU] at 0x60,0x64 irq 1,12
[STDOUT  ] 2017-10-03T16:51:15.625547731Z: [    9.779666] serio: i8042 KBD port at 0x60,0x64 irq 1
[STDOUT  ] 2017-10-03T16:51:15.625559144Z: [    9.780406] serio: i8042 AUX port at 0x60,0x64 irq 12
[STDOUT  ] 2017-10-03T16:51:15.625569916Z: [    9.783333] hv_vmbus: registering driver hyperv_keyboard
[STDOUT  ] 2017-10-03T16:51:15.625584109Z: [    9.785355] mousedev: PS/2 mouse device common for all mice
[STDOUT  ] 2017-10-03T16:51:15.625594928Z: [    9.789970] input: AT Translated Set 2 keyboard as /devices/platform/i8042/serio0/input/input1
[STDOUT  ] 2017-10-03T16:51:15.625606599Z: [    9.792066] input: PC Speaker as /devices/platform/pcspkr/input/input2
[STDOUT  ] 2017-10-03T16:51:15.625617992Z: [    9.796335] rtc_cmos 00:00: RTC can wake from S4
[STDOUT  ] 2017-10-03T16:51:15.625628847Z: [    9.799394] rtc_cmos 00:00: rtc core: registered rtc_cmos as rtc0
[STDOUT  ] 2017-10-03T16:51:15.625646474Z: [    9.800656] rtc_cmos 00:00: alarms up to one day, y3k, 114 bytes nvram, hpet irqs
[STDOUT  ] 2017-10-03T16:51:15.625658338Z: [    9.801281] i2c /dev entries driver
[STDOUT  ] 2017-10-03T16:51:15.625672797Z: [    9.802994] device-mapper: ioctl: 4.35.0-ioctl (2016-06-23) initialised: dm-devel@redhat.com
[STDOUT  ] 2017-10-03T16:51:15.625684685Z: [    9.807512] usbcore: registered new interface driver usbhid
[STDOUT  ] 2017-10-03T16:51:15.625695493Z: [    9.807863] usbhid: USB HID core driver
[STDOUT  ] 2017-10-03T16:51:15.625706577Z: [    9.808366] hv_utils: Registering HyperV Utility Driver
[STDOUT  ] 2017-10-03T16:51:15.62571784Z: [    9.808687] hv_vmbus: registering driver hv_util
[STDOUT  ] 2017-10-03T16:51:15.625733446Z: [    9.808962] hv_vmbus: registering driver hv_balloon
[STDOUT  ] 2017-10-03T16:51:15.625744147Z: [    9.809403] oprofile: using NMI interrupt.
[STDOUT  ] 2017-10-03T16:51:15.625760672Z: [    9.810599] GACT probability on
[STDOUT  ] 2017-10-03T16:51:15.625772003Z: [    9.811019] Mirror/redirect action on
[STDOUT  ] 2017-10-03T16:51:15.625782785Z: [    9.811774] Simple TC action Loaded
[STDOUT  ] 2017-10-03T16:51:15.625793412Z: [    9.812266] u32 classifier
[STDOUT  ] 2017-10-03T16:51:15.625804778Z: [    9.812447]     Performance counters on
[STDOUT  ] 2017-10-03T16:51:15.625815581Z: [    9.812677]     input device check on
[STDOUT  ] 2017-10-03T16:51:15.625826361Z: [    9.812897]     Actions configured
[STDOUT  ] 2017-10-03T16:51:15.625837088Z: [    9.813385] Netfilter messages via NETLINK v0.30.
[STDOUT  ] 2017-10-03T16:51:15.625848315Z: [    9.813856] nfnl_acct: registering with nfnetlink.
[STDOUT  ] 2017-10-03T16:51:15.62585914Z: [    9.815093] nf_conntrack version 0.5.0 (8192 buckets, 32768 max)
[STDOUT  ] 2017-10-03T16:51:15.625870015Z: [    9.818146] ctnetlink v0.93: registering with nfnetlink.
[STDOUT  ] 2017-10-03T16:51:15.625881014Z: [    9.821339] nf_tables: (c) 2007-2009 Patrick McHardy <kaber@trash.net>
[STDOUT  ] 2017-10-03T16:51:15.625892695Z: [    9.822100] nf_tables_compat: (c) 2012 Pablo Neira Ayuso <pablo@netfilter.org>
[STDOUT  ] 2017-10-03T16:51:15.625903941Z: [    9.824270] xt_time: kernel timezone is -0000
[STDOUT  ] 2017-10-03T16:51:15.625918629Z: [    9.824746] ip_set: protocol 6
[STDOUT  ] 2017-10-03T16:51:15.625930097Z: [    9.825346] IPVS: Registered protocols (TCP, UDP, SCTP, AH, ESP)
[STDOUT  ] 2017-10-03T16:51:15.625942505Z: [    9.825843] IPVS: Connection hash table configured (size=4096, memory=64Kbytes)
[STDOUT  ] 2017-10-03T16:51:15.625953411Z: [    9.827398] IPVS: Creating netns size=2104 id=0
[STDOUT  ] 2017-10-03T16:51:15.625964196Z: [    9.829862] IPVS: ipvs loaded.
[STDOUT  ] 2017-10-03T16:51:15.625975462Z: [    9.830454] IPVS: [rr] scheduler registered.
[STDOUT  ] 2017-10-03T16:51:15.62598626Z: [    9.830758] IPVS: [wrr] scheduler registered.
[STDOUT  ] 2017-10-03T16:51:15.625996957Z: [    9.831029] IPVS: [lc] scheduler registered.
[STDOUT  ] 2017-10-03T16:51:15.626007659Z: [    9.831287] IPVS: [wlc] scheduler registered.
[STDOUT  ] 2017-10-03T16:51:15.62601954Z: [    9.831553] IPVS: [fo] scheduler registered.
[STDOUT  ] 2017-10-03T16:51:15.626035508Z: [    9.831849] IPVS: [ovf] scheduler registered.
[STDOUT  ] 2017-10-03T16:51:15.626047412Z: [    9.832220] IPVS: [lblc] scheduler registered.
[STDOUT  ] 2017-10-03T16:51:15.62605814Z: [    9.832572] IPVS: [lblcr] scheduler registered.
[STDOUT  ] 2017-10-03T16:51:15.626068678Z: [    9.832861] IPVS: [dh] scheduler registered.
[STDOUT  ] 2017-10-03T16:51:15.626079245Z: [    9.833122] IPVS: [sh] scheduler registered.
[STDOUT  ] 2017-10-03T16:51:15.626089817Z: [    9.833388] IPVS: [sed] scheduler registered.
[STDOUT  ] 2017-10-03T16:51:15.626100356Z: [    9.833649] IPVS: [nq] scheduler registered.
[STDOUT  ] 2017-10-03T16:51:15.626110902Z: [    9.834249] IPVS: ftp: loaded support on port[0] = 21
[STDOUT  ] 2017-10-03T16:51:15.626121622Z: [    9.835097] ipip: IPv4 and MPLS over IPv4 tunneling driver
[STDOUT  ] 2017-10-03T16:51:15.626132502Z: [    9.838996] gre: GRE over IPv4 demultiplexor driver
[STDOUT  ] 2017-10-03T16:51:15.626143252Z: [    9.841896] ip_tables: (C) 2000-2006 Netfilter Core Team
[STDOUT  ] 2017-10-03T16:51:15.62615395Z: [    9.844889] ipt_CLUSTERIP: ClusterIP Version 0.8 loaded successfully
[STDOUT  ] 2017-10-03T16:51:15.626167114Z: [    9.845559] arp_tables: arp_tables: (C) 2002 David S. Miller
[STDOUT  ] 2017-10-03T16:51:15.626177622Z: [    9.847785] NET: Registered protocol family 10
[STDOUT  ] 2017-10-03T16:51:15.62618812Z: [    9.856932] ip6_tables: (C) 2000-2006 Netfilter Core Team
[STDOUT  ] 2017-10-03T16:51:15.626198925Z: [    9.865051] NET: Registered protocol family 17
[STDOUT  ] 2017-10-03T16:51:15.626209771Z: [    9.865958] Bridge firewalling registered
[STDOUT  ] 2017-10-03T16:51:15.626224696Z: [    9.866380] Ebtables v2.0 registered
[STDOUT  ] 2017-10-03T16:51:15.62623449Z: [    9.868077] 8021q: 802.1Q VLAN Support v1.8
[STDOUT  ] 2017-10-03T16:51:15.62624448Z: [    9.869372] 9pnet: Installing 9P2000 support
[STDOUT  ] 2017-10-03T16:51:15.626254337Z: [    9.871014] Key type dns_resolver registered
[STDOUT  ] 2017-10-03T16:51:15.626264586Z: [    9.871777] microcode: AMD CPU family 0x6 not supported
[STDOUT  ] 2017-10-03T16:51:15.626275061Z: [    9.875220] registered taskstats version 1
[STDOUT  ] 2017-10-03T16:51:15.626284922Z: [   10.027814] Key type big_key registered
[STDOUT  ] 2017-10-03T16:51:15.626294954Z: [   10.081496] Key type encrypted registered
[STDOUT  ] 2017-10-03T16:51:15.626304796Z: [   10.084498] ata2: SATA link down (SStatus 0 SControl 300)
[STDOUT  ] 2017-10-03T16:51:15.626315385Z: [   10.086305] ata1: SATA link down (SStatus 0 SControl 300)
[STDOUT  ] 2017-10-03T16:51:15.62633045Z: [   10.088858] rtc_cmos 00:00: setting system clock to 2017-10-03 16:50:38 UTC (1507049438)
[STDOUT  ] 2017-10-03T16:51:15.626342085Z: [   10.095263] ata6: SATA link down (SStatus 0 SControl 300)
[STDOUT  ] 2017-10-03T16:51:15.626352055Z: [   10.095945] ata3: SATA link up 1.5 Gbps (SStatus 113 SControl 300)
[STDOUT  ] 2017-10-03T16:51:15.626362098Z: [   10.099211] ata3.00: ATAPI: QEMU DVD-ROM, 2.5+, max UDMA/100
[STDOUT  ] 2017-10-03T16:51:15.62637309Z: [   10.099651] ata3.00: applying bridge limits
[STDOUT  ] 2017-10-03T16:51:15.626389255Z: [   10.101057] ata4: SATA link down (SStatus 0 SControl 300)
[STDOUT  ] 2017-10-03T16:51:15.626403394Z: [   10.101570] ata5: SATA link down (SStatus 0 SControl 300)
[STDOUT  ] 2017-10-03T16:51:15.626413342Z: [   10.105990] ata3.00: configured for UDMA/100
[STDOUT  ] 2017-10-03T16:51:15.626423164Z: [   10.118054] scsi 2:0:0:0: CD-ROM            QEMU     QEMU DVD-ROM     2.5+ PQ: 0 ANSI: 5
[STDOUT  ] 2017-10-03T16:51:15.626434958Z: [   10.142670] sr 2:0:0:0: [sr0] scsi3-mmc drive: 4x/4x cd/rw xa/form2 tray
[STDOUT  ] 2017-10-03T16:51:15.626444961Z: [   10.143236] cdrom: Uniform CD-ROM driver Revision: 3.20
[STDOUT  ] 2017-10-03T16:51:15.626454634Z: [   10.149136] sr 2:0:0:0: Attached scsi generic sg0 type 5
[STDOUT  ] 2017-10-03T16:51:15.62646408Z: [   10.291884] Freeing unused kernel memory: 1380K
[STDOUT  ] 2017-10-03T16:51:15.626473879Z: [   10.292244] Write protecting the kernel read-only data: 12288k
[STDOUT  ] 2017-10-03T16:51:15.626483709Z: [   10.298021] Freeing unused kernel memory: 148K
[STDOUT  ] 2017-10-03T16:51:15.626501353Z: [   10.416091] Freeing unused kernel memory: 1400K
[STDOUT  ] 2017-10-03T16:51:15.6265114Z: [   10.480542] tsc: Refined TSC clocksource calibration: 2300.040 MHz
[STDOUT  ] 2017-10-03T16:51:15.626521232Z: [   10.481096] clocksource: tsc: mask: 0xffffffffffffffff max_cycles: 0x21275af87f5, max_idle_ns: 440795281647 ns
[STDOUT  ] 2017-10-03T16:51:15.626532996Z: [   11.498305] clocksource: Switched to clocksource tsc
[STDOUT  ] 2017-10-03T16:51:15.626543881Z: 
[STDOUT  ] 2017-10-03T16:51:15.626554952Z: Welcome to LinuxKit
[STDOUT  ] 2017-10-03T16:51:15.626565308Z: 
[STDOUT  ] 2017-10-03T16:51:15.626575439Z:                         ##         .
[STDOUT  ] 2017-10-03T16:51:15.626586113Z:                   ## ## ##        ==
[STDOUT  ] 2017-10-03T16:51:15.626596411Z:                ## ## ## ## ##    ===
[STDOUT  ] 2017-10-03T16:51:15.626611393Z:            /"""""""""""""""""\___/ ===
[STDOUT  ] 2017-10-03T16:51:15.626621755Z:           {                       /  ===-
[STDOUT  ] 2017-10-03T16:51:15.626632318Z:            \______ O           __/
[STDOUT  ] 2017-10-03T16:51:15.626643248Z:              \    \         __/
[STDOUT  ] 2017-10-03T16:51:15.626655582Z:               \____\_______/
[STDOUT  ] 2017-10-03T16:51:15.626666475Z: 
[STDOUT  ] 2017-10-03T16:51:15.626678221Z: [   24.658570] 8021q: adding VLAN 0 to HW filter on device eth0
[STDOUT  ] 2017-10-03T16:51:15.626689197Z: eth0: waiting for carrier
[STDOUT  ] 2017-10-03T16:51:15.626700094Z: eth0: carrier acquired
[STDOUT  ] 2017-10-03T16:51:15.626716784Z: DUID 00:01:00:01:21:66:7c:6c:52:93:e4:84:5b:5f
[STDOUT  ] 2017-10-03T16:51:15.626728042Z: eth0: IAID e4:84:5b:5f
[STDOUT  ] 2017-10-03T16:51:15.626739098Z: eth0: adding address fe80::5844:b035:2373:7974
[STDOUT  ] 2017-10-03T16:51:15.626749512Z: eth0: soliciting an IPv6 router
[STDOUT  ] 2017-10-03T16:51:15.626761662Z: eth0: soliciting a DHCP lease
[STDOUT  ] 2017-10-03T16:51:15.626772892Z: eth0: offered 10.0.2.15 from 10.0.2.2
[STDOUT  ] 2017-10-03T16:51:15.626783381Z: eth0: leased 10.0.2.15 for 86400 seconds
[STDOUT  ] 2017-10-03T16:51:15.626794059Z: eth0: adding route to 10.0.2.0/24
[STDOUT  ] 2017-10-03T16:51:15.626805265Z: eth0: adding default route via 10.0.2.2
[STDOUT  ] 2017-10-03T16:51:15.626815911Z: exiting due to oneshot
[STDOUT  ] 2017-10-03T16:51:15.626827133Z: dhcpcd exited
[STDOUT  ] 2017-10-03T16:51:15.626838274Z: [   25.339216] IPVS: Creating netns size=2104 id=1
[STDOUT  ] 2017-10-03T16:51:15.62684592Z: [   25.339690] IPVS: ftp: loaded support on port[0] = 21
[STDOUT  ] 2017-10-03T16:51:15.626852247Z: [   26.479402] wireguard: loading out-of-tree module taints kernel.
[STDOUT  ] 2017-10-03T16:51:15.626858991Z: [   26.493139] wireguard: WireGuard 0.0.20170810 loaded. See www.wireguard.com for information.
[STDOUT  ] 2017-10-03T16:51:15.626870693Z: [   26.493656] wireguard: Copyright (C) 2015-2017 Jason A. Donenfeld <Jason@zx2c4.com>. All Rights Reserved.
[STDOUT  ] 2017-10-03T16:51:15.626883376Z: Created interface wg0 type wireguard
[STDOUT  ] 2017-10-03T16:51:15.626899827Z: Moved interface wg0 to pid 336
[STDOUT  ] 2017-10-03T16:51:15.62691225Z: [#] wg setconf wg0 /dev/fd/63
[STDOUT  ] 2017-10-03T16:51:15.626919061Z: [#] ip address add 192.168.2.1/24 dev wg0
[STDOUT  ] 2017-10-03T16:51:15.626925196Z: [#] ip link set mtu 65456 dev wg0
[STDOUT  ] 2017-10-03T16:51:15.626931663Z: [#] ip link set wg0 up
[STDOUT  ] 2017-10-03T16:51:15.626937953Z: [#] ip route add 0.0.0.0/0 dev wg0
[STDOUT  ] 2017-10-03T16:51:15.626944186Z: [   27.970737] IPVS: Creating netns size=2104 id=2
[STDOUT  ] 2017-10-03T16:51:15.626950453Z: [   27.971179] IPVS: ftp: loaded support on port[0] = 21
[STDOUT  ] 2017-10-03T16:51:15.626956705Z: Created interface wg1 type wireguard
[STDOUT  ] 2017-10-03T16:51:15.626963108Z: Moved interface wg1 to pid 391
[STDOUT  ] 2017-10-03T16:51:15.626971911Z: [#] wg setconf wg1 /dev/fd/63
[STDOUT  ] 2017-10-03T16:51:15.626978489Z: [#] ip address add 192.168.2.2/24 dev wg1
[STDOUT  ] 2017-10-03T16:51:15.626984627Z: [#] ip link set mtu 65456 dev wg1
[STDOUT  ] 2017-10-03T16:51:15.626990924Z: [#] ip link set wg1 up
[STDOUT  ] 2017-10-03T16:51:15.626996963Z: [#] ip route add 0.0.0.0/0 dev wg1
[STDOUT  ] 2017-10-03T16:51:15.627003324Z: [34mINFO[0m[0000] starting containerd                           [34mmodule[0m=containerd [34mrevision[0m=20c621178a5f45938e71afad24df281002aac329 [34mversion[0m=v1.0.0-beta.1
[STDOUT  ] 2017-10-03T16:51:15.627011977Z: [34mINFO[0m[0000] loading plugin "io.containerd.content.v1.content"...  [34mmodule[0m=containerd [34mtype[0m=io.containerd.content.v1
[STDOUT  ] 2017-10-03T16:51:15.627018413Z: [34mINFO[0m[0000] loading plugin "io.containerd.metadata.v1.bolt"...  [34mmodule[0m=containerd [34mtype[0m=io.containerd.metadata.v1
[STDOUT  ] 2017-10-03T16:51:15.627024729Z: [34mINFO[0m[0000] loading plugin "io.containerd.differ.v1.walking"...  [34mmodule[0m=containerd [34mtype[0m=io.containerd.differ.v1
[STDOUT  ] 2017-10-03T16:51:15.627030999Z: [34mINFO[0m[0000] loading plugin "io.containerd.grpc.v1.containers"...  [34mmodule[0m=containerd [34mtype[0m=io.containerd.grpc.v1
[STDOUT  ] 2017-10-03T16:51:15.627038585Z: [34mINFO[0m[0000] loading plugin "io.containerd.grpc.v1.content"...  [34mmodule[0m=containerd [34mtype[0m=io.containerd.grpc.v1
[STDOUT  ] 2017-10-03T16:51:15.627049168Z: [34mINFO[0m[0000] loading plugin "io.containerd.grpc.v1.diff"...  [34mmodule[0m=containerd [34mtype[0m=io.containerd.grpc.v1
[STDOUT  ] 2017-10-03T16:51:15.62706076Z: [34mINFO[0m[0000] loading plugin "io.containerd.grpc.v1.events"...  [34mmodule[0m=containerd [34mtype[0m=io.containerd.grpc.v1
[STDOUT  ] 2017-10-03T16:51:15.627077357Z: [34mINFO[0m[0000] loading plugin "io.containerd.grpc.v1.healthcheck"...  [34mmodule[0m=containerd [34mtype[0m=io.containerd.grpc.v1
[STDOUT  ] 2017-10-03T16:51:15.62708598Z: [34mINFO[0m[0000] loading plugin "io.containerd.grpc.v1.images"...  [34mmodule[0m=containerd [34mtype[0m=io.containerd.grpc.v1
[STDOUT  ] 2017-10-03T16:51:15.627092345Z: [34mINFO[0m[0000] loading plugin "io.containerd.grpc.v1.namespaces"...  [34mmodule[0m=containerd [34mtype[0m=io.containerd.grpc.v1
[STDOUT  ] 2017-10-03T16:51:15.62709902Z: [34mINFO[0m[0000] loading plugin "io.containerd.snapshotter.v1.btrfs"...  [34mmodule[0m=containerd [34mtype[0m=io.containerd.snapshotter.v1
[STDOUT  ] 2017-10-03T16:51:15.627107688Z: [33mWARN[0m[0000] failed to load plugin io.containerd.snapshotter.v1.btrfs  [33merror[0m="path /var/lib/containerd/io.containerd.snapshotter.v1.btrfs must be a btrfs filesystem to be used with the btrfs snapshotter" [33mmodule[0m=containerd
[STDOUT  ] 2017-10-03T16:51:15.627119547Z: [34mINFO[0m[0000] loading plugin "io.containerd.snapshotter.v1.overlayfs"...  [34mmodule[0m=containerd [34mtype[0m=io.containerd.snapshotter.v1
[STDOUT  ] 2017-10-03T16:51:15.627126355Z: [34mINFO[0m[0000] loading plugin "io.containerd.grpc.v1.snapshots"...  [34mmodule[0m=containerd [34mtype[0m=io.containerd.grpc.v1
[STDOUT  ] 2017-10-03T16:51:15.627137614Z: [34mINFO[0m[0000] loading plugin "io.containerd.monitor.v1.cgroups"...  [34mmodule[0m=containerd [34mtype[0m=io.containerd.monitor.v1
[STDOUT  ] 2017-10-03T16:51:15.627147162Z: [34mINFO[0m[0000] loading plugin "io.containerd.runtime.v1.linux"...  [34mmodule[0m=containerd [34mtype[0m=io.containerd.runtime.v1
[STDOUT  ] 2017-10-03T16:51:15.627153447Z: [34mINFO[0m[0000] loading plugin "io.containerd.grpc.v1.tasks"...  [34mmodule[0m=containerd [34mtype[0m=io.containerd.grpc.v1
[STDOUT  ] 2017-10-03T16:51:15.627160061Z: [34mINFO[0m[0000] loading plugin "io.containerd.grpc.v1.version"...  [34mmodule[0m=containerd [34mtype[0m=io.containerd.grpc.v1
[STDOUT  ] 2017-10-03T16:51:15.627166436Z: [34mINFO[0m[0000] serving...                                    [34maddress[0m="/run/containerd/debug.sock" [34mmodule[0m="containerd/debug"
[STDOUT  ] 2017-10-03T16:51:15.627172755Z: [34mINFO[0m[0000] serving...                                    [34maddress[0m="/run/containerd/containerd.sock" [34mmodule[0m="containerd/grpc"
[STDOUT  ] 2017-10-03T16:51:15.627180099Z: [34mINFO[0m[0000] containerd successfully booted in 0.170374s   [34mmodule[0m=containerd
[STDOUT  ] 2017-10-03T16:51:15.627188528Z: [34mINFO[0m[0000] shim containerd-shim started                  [34maddress[0m="/containerd-shim/default/nginx/shim.sock" [34mdebug[0m=false [34mmodule[0m="containerd/tasks" [34mpid[0m=442
[STDOUT  ] 2017-10-03T16:51:15.627195329Z: [34mINFO[0m[0004] shim containerd-shim started                  [34maddress[0m="/containerd-shim/default/test/shim.sock" [34mdebug[0m=false [34mmodule[0m="containerd/tasks" [34mpid[0m=477
[STDOUT  ] 2017-10-03T16:51:15.627201676Z: wireguard test suite PASSED
[STDOUT  ] 2017-10-03T16:51:15.627207817Z: [   45.918820] ACPI: Preparing to enter system sleep state S5
[STDOUT  ] 2017-10-03T16:51:15.62721664Z: [   45.923381] reboot: Power down
[STDERR  ] 2017-10-03T16:51:15.627241238Z: [   10.101570] ata5: SATA link down (SStatus 0 SControl 300)
[STDERR  ] 2017-10-03T16:51:15.627255536Z: [   10.105990] ata3.00: configured for UDMA/100
[STDERR  ] 2017-10-03T16:51:15.627262188Z: [   10.118054] scsi 2:0:0:0: CD-ROM            QEMU     QEMU DVD-ROM     2.5+ PQ: 0 ANSI: 5
[STDERR  ] 2017-10-03T16:51:15.627269387Z: [   10.142670] sr 2:0:0:0: [sr0] scsi3-mmc drive: 4x/4x cd/rw xa/form2 tray
[STDERR  ] 2017-10-03T16:51:15.627276526Z: [   10.143236] cdrom: Uniform CD-ROM driver Revision: 3.20
[STDERR  ] 2017-10-03T16:51:15.627282713Z: [   10.149136] sr 2:0:0:0: Attached scsi generic sg0 type 5
[STDERR  ] 2017-10-03T16:51:15.627292627Z: [   10.291884] Freeing unused kernel memory: 1380K
[STDERR  ] 2017-10-03T16:51:15.627308645Z: [   10.292244] Write protecting the kernel read-only data: 12288k
[STDERR  ] 2017-10-03T16:51:15.627321437Z: [   10.298021] Freeing unused kernel memory: 148K
[STDERR  ] 2017-10-03T16:51:15.627332723Z: [   10.416091] Freeing unused kernel memory: 1400K
[STDERR  ] 2017-10-03T16:51:15.62734385Z: [   10.480542] tsc: Refined TSC clocksource calibration: 2300.040 MHz
[STDERR  ] 2017-10-03T16:51:15.627354794Z: [   10.481096] clocksource: tsc: mask: 0xffffffffffffffff max_cycles: 0x21275af87f5, max_idle_ns: 440795281647 ns
[STDERR  ] 2017-10-03T16:51:15.627474767Z: [   11.498305] clocksource: Switched to clocksource tsc
[STDERR  ] 2017-10-03T16:51:15.627487675Z: 
[STDERR  ] 2017-10-03T16:51:15.627499069Z: Welcome to LinuxKit
[STDERR  ] 2017-10-03T16:51:15.627518713Z: 
[STDERR  ] 2017-10-03T16:51:15.627530526Z:                         ##         .
[STDERR  ] 2017-10-03T16:51:15.62754218Z:                   ## ## ##        ==
[STDERR  ] 2017-10-03T16:51:15.627552121Z:                ## ## ## ## ##    ===
[STDERR  ] 2017-10-03T16:51:15.627560362Z:            /"""""""""""""""""\___/ ===
[STDERR  ] 2017-10-03T16:51:15.627566631Z:           {                       /  ===-
[STDERR  ] 2017-10-03T16:51:15.627577644Z:            \______ O           __/
[STDERR  ] 2017-10-03T16:51:15.627584654Z:              \    \         __/
[STDERR  ] 2017-10-03T16:51:15.627591468Z:               \____\_______/
[STDERR  ] 2017-10-03T16:51:15.627604703Z: 
[STDERR  ] 2017-10-03T16:51:15.627615947Z: [   24.658570] 8021q: adding VLAN 0 to HW filter on device eth0
[STDERR  ] 2017-10-03T16:51:15.627627069Z: eth0: waiting for carrier
[STDERR  ] 2017-10-03T16:51:15.627638043Z: eth0: carrier acquired
[STDERR  ] 2017-10-03T16:51:15.627648355Z: DUID 00:01:00:01:21:66:7c:6c:52:93:e4:84:5b:5f
[STDERR  ] 2017-10-03T16:51:15.627654732Z: eth0: IAID e4:84:5b:5f
[STDERR  ] 2017-10-03T16:51:15.627661371Z: eth0: adding address fe80::5844:b035:2373:7974
[STDERR  ] 2017-10-03T16:51:15.627667574Z: eth0: soliciting an IPv6 router
[STDERR  ] 2017-10-03T16:51:15.627674031Z: eth0: soliciting a DHCP lease
[STDERR  ] 2017-10-03T16:51:15.627682421Z: eth0: offered 10.0.2.15 from 10.0.2.2
[STDERR  ] 2017-10-03T16:51:15.627688812Z: eth0: leased 10.0.2.15 for 86400 seconds
[STDERR  ] 2017-10-03T16:51:15.627695092Z: eth0: adding route to 10.0.2.0/24
[STDERR  ] 2017-10-03T16:51:15.627702393Z: eth0: adding default route via 10.0.2.2
[STDERR  ] 2017-10-03T16:51:15.627708579Z: exiting due to oneshot
[STDERR  ] 2017-10-03T16:51:15.627715029Z: dhcpcd exited
[STDERR  ] 2017-10-03T16:51:15.627721592Z: [   25.339216] IPVS: Creating netns size=2104 id=1
[STDERR  ] 2017-10-03T16:51:15.627727861Z: [   25.339690] IPVS: ftp: loaded support on port[0] = 21
[STDERR  ] 2017-10-03T16:51:15.627734169Z: [   26.479402] wireguard: loading out-of-tree module taints kernel.
[STDERR  ] 2017-10-03T16:51:15.627740445Z: [   26.493139] wireguard: WireGuard 0.0.20170810 loaded. See www.wireguard.com for information.
[STDERR  ] 2017-10-03T16:51:15.627747455Z: [   26.493656] wireguard: Copyright (C) 2015-2017 Jason A. Donenfeld <Jason@zx2c4.com>. All Rights Reserved.
[STDERR  ] 2017-10-03T16:51:15.627753747Z: Created interface wg0 type wireguard
[STDERR  ] 2017-10-03T16:51:15.627759971Z: Moved interface wg0 to pid 336
[STDERR  ] 2017-10-03T16:51:15.627766307Z: [#] wg setconf wg0 /dev/fd/63
[STDERR  ] 2017-10-03T16:51:15.627772542Z: [#] ip address add 192.168.2.1/24 dev wg0
[STDERR  ] 2017-10-03T16:51:15.627778635Z: [#] ip link set mtu 65456 dev wg0
[STDERR  ] 2017-10-03T16:51:15.62778665Z: [#] ip link set wg0 up
[STDERR  ] 2017-10-03T16:51:15.627797568Z: [#] ip route add 0.0.0.0/0 dev wg0
[STDERR  ] 2017-10-03T16:51:15.627810848Z: [   27.970737] IPVS: Creating netns size=2104 id=2
[STDERR  ] 2017-10-03T16:51:15.627820262Z: [   27.971179] IPVS: ftp: loaded support on port[0] = 21
[STDERR  ] 2017-10-03T16:51:15.627826444Z: Created interface wg1 type wireguard
[STDERR  ] 2017-10-03T16:51:15.62783668Z: Moved interface wg1 to pid 391
[STDERR  ] 2017-10-03T16:51:15.627843423Z: [#] wg setconf wg1 /dev/fd/63
[STDERR  ] 2017-10-03T16:51:15.627849858Z: [#] ip address add 192.168.2.2/24 dev wg1
[STDERR  ] 2017-10-03T16:51:15.62785621Z: [#] ip link set mtu 65456 dev wg1
[STDERR  ] 2017-10-03T16:51:15.627862298Z: [#] ip link set wg1 up
[STDERR  ] 2017-10-03T16:51:15.627868469Z: [#] ip route add 0.0.0.0/0 dev wg1
[STDERR  ] 2017-10-03T16:51:15.627875099Z: [34mINFO[0m[0000] starting containerd                           [34mmodule[0m=containerd [34mrevision[0m=20c621178a5f45938e71afad24df281002aac329 [34mversion[0m=v1.0.0-beta.1
[STDERR  ] 2017-10-03T16:51:15.627885888Z: [34mINFO[0m[0000] loading plugin "io.containerd.content.v1.content"...  [34mmodule[0m=containerd [34mtype[0m=io.containerd.content.v1
[STDERR  ] 2017-10-03T16:51:15.627892667Z: [34mINFO[0m[0000] loading plugin "io.containerd.metadata.v1.bolt"...  [34mmodule[0m=containerd [34mtype[0m=io.containerd.metadata.v1
[STDERR  ] 2017-10-03T16:51:15.627898998Z: [34mINFO[0m[0000] loading plugin "io.containerd.differ.v1.walking"...  [34mmodule[0m=containerd [34mtype[0m=io.containerd.differ.v1
[STDERR  ] 2017-10-03T16:51:15.62790537Z: [34mINFO[0m[0000] loading plugin "io.containerd.grpc.v1.containers"...  [34mmodule[0m=containerd [34mtype[0m=io.containerd.grpc.v1
[STDERR  ] 2017-10-03T16:51:15.627913261Z: [34mINFO[0m[0000] loading plugin "io.containerd.grpc.v1.content"...  [34mmodule[0m=containerd [34mtype[0m=io.containerd.grpc.v1
[STDERR  ] 2017-10-03T16:51:15.627922213Z: [34mINFO[0m[0000] loading plugin "io.containerd.grpc.v1.diff"...  [34mmodule[0m=containerd [34mtype[0m=io.containerd.grpc.v1
[STDERR  ] 2017-10-03T16:51:15.627934173Z: [34mINFO[0m[0000] loading plugin "io.containerd.grpc.v1.events"...  [34mmodule[0m=containerd [34mtype[0m=io.containerd.grpc.v1
[STDERR  ] 2017-10-03T16:51:15.627940686Z: [34mINFO[0m[0000] loading plugin "io.containerd.grpc.v1.healthcheck"...  [34mmodule[0m=containerd [34mtype[0m=io.containerd.grpc.v1
[STDERR  ] 2017-10-03T16:51:15.627946948Z: [34mINFO[0m[0000] loading plugin "io.containerd.grpc.v1.images"...  [34mmodule[0m=containerd [34mtype[0m=io.containerd.grpc.v1
[STDERR  ] 2017-10-03T16:51:15.627953234Z: [34mINFO[0m[0000] loading plugin "io.containerd.grpc.v1.namespaces"...  [34mmodule[0m=containerd [34mtype[0m=io.containerd.grpc.v1
[STDERR  ] 2017-10-03T16:51:15.627962805Z: [34mINFO[0m[0000] loading plugin "io.containerd.snapshotter.v1.btrfs"...  [34mmodule[0m=containerd [34mtype[0m=io.containerd.snapshotter.v1
[STDERR  ] 2017-10-03T16:51:15.627984263Z: [33mWARN[0m[0000] failed to load plugin io.containerd.snapshotter.v1.btrfs  [33merror[0m="path /var/lib/containerd/io.containerd.snapshotter.v1.btrfs must be a btrfs filesystem to be used with the btrfs snapshotter" [33mmodule[0m=containerd
[STDERR  ] 2017-10-03T16:51:15.628001963Z: [34mINFO[0m[0000] loading plugin "io.containerd.snapshotter.v1.overlayfs"...  [34mmodule[0m=containerd [34mtype[0m=io.containerd.snapshotter.v1
[STDERR  ] 2017-10-03T16:51:15.628014617Z: [34mINFO[0m[0000] loading plugin "io.containerd.grpc.v1.snapshots"...  [34mmodule[0m=containerd [34mtype[0m=io.containerd.grpc.v1
[STDERR  ] 2017-10-03T16:51:15.628031284Z: [34mINFO[0m[0000] loading plugin "io.containerd.monitor.v1.cgroups"...  [34mmodule[0m=containerd [34mtype[0m=io.containerd.monitor.v1
[STDERR  ] 2017-10-03T16:51:15.628038262Z: [34mINFO[0m[0000] loading plugin "io.containerd.runtime.v1.linux"...  [34mmodule[0m=containerd [34mtype[0m=io.containerd.runtime.v1
[STDERR  ] 2017-10-03T16:51:15.628044723Z: [34mINFO[0m[0000] loading plugin "io.containerd.grpc.v1.tasks"...  [34mmodule[0m=containerd [34mtype[0m=io.containerd.grpc.v1
[STDERR  ] 2017-10-03T16:51:15.628051064Z: [34mINFO[0m[0000] loading plugin "io.containerd.grpc.v1.version"...  [34mmodule[0m=containerd [34mtype[0m=io.containerd.grpc.v1
[STDERR  ] 2017-10-03T16:51:15.628057322Z: [34mINFO[0m[0000] serving...                                    [34maddress[0m="/run/containerd/debug.sock" [34mmodule[0m="containerd/debug"
[STDERR  ] 2017-10-03T16:51:15.628067592Z: [34mINFO[0m[0000] serving...                                    [34maddress[0m="/run/containerd/containerd.sock" [34mmodule[0m="containerd/grpc"
[STDERR  ] 2017-10-03T16:51:15.628074993Z: [34mINFO[0m[0000] containerd successfully booted in 0.170374s   [34mmodule[0m=containerd
[STDERR  ] 2017-10-03T16:51:15.628083524Z: [34mINFO[0m[0000] shim containerd-shim started                  [34maddress[0m="/containerd-shim/default/nginx/shim.sock" [34mdebug[0m=false [34mmodule[0m="containerd/tasks" [34mpid[0m=442
[STDERR  ] 2017-10-03T16:51:15.628090247Z: [34mINFO[0m[0004] shim containerd-shim started                  [34maddress[0m="/containerd-shim/default/test/shim.sock" [34mdebug[0m=false [34mmodule[0m="containerd/tasks" [34mpid[0m=477
[STDERR  ] 2017-10-03T16:51:15.628096532Z: wireguard test suite PASSED
[STDERR  ] 2017-10-03T16:51:15.628102836Z: [   45.918820] ACPI: Preparing to enter system sleep state S5
[STDERR  ] 2017-10-03T16:51:15.628109205Z: [   45.923381] reboot: Power down
[STDERR  ] 2017-10-03T16:51:15.6281155Z: + echo [    0.000000] Linux version 4.9.43-linuxkit (root@e1ede117fb1e) (gcc version 6.3.0 (Alpine 6.3.0) ) #1 SMP Fri Aug 18 15:47:35 UTC 2017
[STDERR  ] 2017-10-03T16:51:15.628122007Z: [    0.000000] Command line: console=ttyS0
[STDERR  ] 2017-10-03T16:51:15.62812849Z: [    0.000000] x86/fpu: Legacy x87 FPU detected.
[STDERR  ] 2017-10-03T16:51:15.628142722Z: [    0.000000] x86/fpu: Using 'eager' FPU context switches.
[STDERR  ] 2017-10-03T16:51:15.628154878Z: [    0.000000] e820: BIOS-provided physical RAM map:
[STDERR  ] 2017-10-03T16:51:15.628165816Z: [    0.000000] BIOS-e820: [mem 0x0000000000000000-0x000000000009fbff] usable
[STDERR  ] 2017-10-03T16:51:15.628173282Z: [    0.000000] BIOS-e820: [mem 0x000000000009fc00-0x000000000009ffff] reserved
[STDERR  ] 2017-10-03T16:51:15.628181414Z: [    0.000000] BIOS-e820: [mem 0x00000000000f0000-0x00000000000fffff] reserved
[STDERR  ] 2017-10-03T16:51:15.628188774Z: [    0.000000] BIOS-e820: [mem 0x0000000000100000-0x000000003ffdefff] usable
[STDERR  ] 2017-10-03T16:51:15.628195388Z: [    0.000000] BIOS-e820: [mem 0x000000003ffdf000-0x000000003fffffff] reserved
[STDERR  ] 2017-10-03T16:51:15.628201711Z: [    0.000000] BIOS-e820: [mem 0x00000000b0000000-0x00000000bfffffff] reserved
[STDERR  ] 2017-10-03T16:51:15.62820795Z: [    0.000000] BIOS-e820: [mem 0x00000000fed1c000-0x00000000fed1ffff] reserved
[STDERR  ] 2017-10-03T16:51:15.628214238Z: [    0.000000] BIOS-e820: [mem 0x00000000fffc0000-0x00000000ffffffff] reserved
[STDERR  ] 2017-10-03T16:51:15.628220323Z: [    0.000000] NX (Execute Disable) protection: active
[STDERR  ] 2017-10-03T16:51:15.628226594Z: [    0.000000] SMBIOS 2.8 present.
[STDERR  ] 2017-10-03T16:51:15.628232811Z: [    0.000000] e820: last_pfn = 0x3ffdf max_arch_pfn = 0x400000000
[STDERR  ] 2017-10-03T16:51:15.628238831Z: [    0.000000] x86/PAT: Configuration [0-7]: WB  WC  UC- UC  WB  WC  UC- WT  
[STDERR  ] 2017-10-03T16:51:15.628244927Z: [    0.000000] found SMP MP-table at [mem 0x000f6aa0-0x000f6aaf] mapped at [ffff9deb400f6aa0]
[STDERR  ] 2017-10-03T16:51:15.62825182Z: [    0.000000] RAMDISK: [mem 0x3ca85000-0x3ffcffff]
[STDERR  ] 2017-10-03T16:51:15.628258971Z: [    0.000000] ACPI: Early table checksum verification disabled
[STDERR  ] 2017-10-03T16:51:15.628265103Z: [    0.000000] ACPI: RSDP 0x00000000000F68C0 000014 (v00 BOCHS )
[STDERR  ] 2017-10-03T16:51:15.628311345Z: [    0.000000] ACPI: RSDT 0x000000003FFE2404 000034 (v01 BOCHS  BXPCRSDT 00000001 BXPC 00000001)
[STDERR  ] 2017-10-03T16:51:15.62832763Z: [    0.000000] ACPI: FACP 0x000000003FFE22A4 000074 (v01 BOCHS  BXPCFACP 00000001 BXPC 00000001)
[STDERR  ] 2017-10-03T16:51:15.628338552Z: [    0.000000] ACPI: DSDT 0x000000003FFE0040 002264 (v01 BOCHS  BXPCDSDT 00000001 BXPC 00000001)
[STDERR  ] 2017-10-03T16:51:15.628350183Z: [    0.000000] ACPI: FACS 0x000000003FFE0000 000040
[STDERR  ] 2017-10-03T16:51:15.628365523Z: [    0.000000] ACPI: APIC 0x000000003FFE2318 000078 (v01 BOCHS  BXPCAPIC 00000001 BXPC 00000001)
[STDERR  ] 2017-10-03T16:51:15.628372376Z: [    0.000000] ACPI: HPET 0x000000003FFE2390 000038 (v01 BOCHS  BXPCHPET 00000001 BXPC 00000001)
[STDERR  ] 2017-10-03T16:51:15.628382752Z: [    0.000000] ACPI: MCFG 0x000000003FFE23C8 00003C (v01 BOCHS  BXPCMCFG 00000001 BXPC 00000001)
[STDERR  ] 2017-10-03T16:51:15.628389549Z: [    0.000000] Zone ranges:
[STDERR  ] 2017-10-03T16:51:15.628396482Z: [    0.000000]   DMA      [mem 0x0000000000001000-0x0000000000ffffff]
[STDERR  ] 2017-10-03T16:51:15.628402797Z: [    0.000000]   DMA32    [mem 0x0000000001000000-0x000000003ffdefff]
[STDERR  ] 2017-10-03T16:51:15.628414794Z: [    0.000000]   Normal   empty
[STDERR  ] 2017-10-03T16:51:15.628421429Z: [    0.000000] Movable zone start for each node
[STDERR  ] 2017-10-03T16:51:15.628427621Z: [    0.000000] Early memory node ranges
[STDERR  ] 2017-10-03T16:51:15.628433837Z: [    0.000000]   node   0: [mem 0x0000000000001000-0x000000000009efff]
[STDERR  ] 2017-10-03T16:51:15.628440514Z: [    0.000000]   node   0: [mem 0x0000000000100000-0x000000003ffdefff]
[STDERR  ] 2017-10-03T16:51:15.628447104Z: [    0.000000] Initmem setup node 0 [mem 0x0000000000001000-0x000000003ffdefff]
[STDERR  ] 2017-10-03T16:51:15.628468471Z: [    0.000000] ACPI: PM-Timer IO Port: 0x608
[STDERR  ] 2017-10-03T16:51:15.628476698Z: [    0.000000] ACPI: LAPIC_NMI (acpi_id[0xff] dfl dfl lint[0x1])
[STDERR  ] 2017-10-03T16:51:15.628487373Z: [    0.000000] IOAPIC[0]: apic_id 0, version 32, address 0xfec00000, GSI 0-23
[STDERR  ] 2017-10-03T16:51:15.628497049Z: [    0.000000] ACPI: INT_SRC_OVR (bus 0 bus_irq 0 global_irq 2 dfl dfl)
[STDERR  ] 2017-10-03T16:51:15.628506941Z: [    0.000000] ACPI: INT_SRC_OVR (bus 0 bus_irq 5 global_irq 5 high level)
[STDERR  ] 2017-10-03T16:51:15.628518589Z: [    0.000000] ACPI: INT_SRC_OVR (bus 0 bus_irq 9 global_irq 9 high level)
[STDERR  ] 2017-10-03T16:51:15.628530033Z: [    0.000000] ACPI: INT_SRC_OVR (bus 0 bus_irq 10 global_irq 10 high level)
[STDERR  ] 2017-10-03T16:51:15.628541032Z: [    0.000000] ACPI: INT_SRC_OVR (bus 0 bus_irq 11 global_irq 11 high level)
[STDERR  ] 2017-10-03T16:51:15.628547728Z: [    0.000000] Using ACPI (MADT) for SMP configuration information
[STDERR  ] 2017-10-03T16:51:15.628553994Z: [    0.000000] ACPI: HPET id: 0x8086a201 base: 0xfed00000
[STDERR  ] 2017-10-03T16:51:15.628560119Z: [    0.000000] smpboot: Allowing 1 CPUs, 0 hotplug CPUs
[STDERR  ] 2017-10-03T16:51:15.628566477Z: [    0.000000] e820: [mem 0x40000000-0xafffffff] available for PCI devices
[STDERR  ] 2017-10-03T16:51:15.628572727Z: [    0.000000] Booting paravirtualized kernel on bare hardware
[STDERR  ] 2017-10-03T16:51:15.628578968Z: [    0.000000] clocksource: refined-jiffies: mask: 0xffffffff max_cycles: 0xffffffff, max_idle_ns: 19112604462750000 ns
[STDERR  ] 2017-10-03T16:51:15.628585575Z: [    0.000000] setup_percpu: NR_CPUS:128 nr_cpumask_bits:128 nr_cpu_ids:1 nr_node_ids:1
[STDERR  ] 2017-10-03T16:51:15.628592353Z: [    0.000000] percpu: Embedded 35 pages/cpu @ffff9deb7c800000 s105240 r8192 d29928 u2097152
[STDERR  ] 2017-10-03T16:51:15.628598963Z: [    0.000000] Built 1 zonelists in Zone order, mobility grouping on.  Total pages: 257896
[STDERR  ] 2017-10-03T16:51:15.628605132Z: [    0.000000] Kernel command line: console=ttyS0
[STDERR  ] 2017-10-03T16:51:15.628616396Z: [    0.000000] PID hash table entries: 4096 (order: 3, 32768 bytes)
[STDERR  ] 2017-10-03T16:51:15.628622876Z: [    0.000000] Dentry cache hash table entries: 131072 (order: 8, 1048576 bytes)
[STDERR  ] 2017-10-03T16:51:15.628629121Z: [    0.000000] Inode-cache hash table entries: 65536 (order: 7, 524288 bytes)
[STDERR  ] 2017-10-03T16:51:15.628635393Z: [    0.000000] Memory: 959600K/1048052K available (8028K kernel code, 1366K rwdata, 2696K rodata, 1380K init, 568K bss, 88452K reserved, 0K cma-reserved)
[STDERR  ] 2017-10-03T16:51:15.628643944Z: [    0.000000] Hierarchical RCU implementation.
[STDERR  ] 2017-10-03T16:51:15.628650132Z: [    0.000000] 	Build-time adjustment of leaf fanout to 64.
[STDERR  ] 2017-10-03T16:51:15.628659612Z: [    0.000000] 	RCU restricting CPUs from NR_CPUS=128 to nr_cpu_ids=1.
[STDERR  ] 2017-10-03T16:51:15.628665892Z: [    0.000000] RCU: Adjusting geometry for rcu_fanout_leaf=64, nr_cpu_ids=1
[STDERR  ] 2017-10-03T16:51:15.628672533Z: [    0.000000] NR_IRQS:8448 nr_irqs:256 16
[STDERR  ] 2017-10-03T16:51:15.628682399Z: [    0.000000] Console: colour VGA+ 80x25
[STDERR  ] 2017-10-03T16:51:15.628693606Z: [    0.000000] console [ttyS0] enabled
[STDERR  ] 2017-10-03T16:51:15.628704621Z: [    0.000000] clocksource: hpet: mask: 0xffffffff max_cycles: 0xffffffff, max_idle_ns: 19112604467 ns
[STDERR  ] 2017-10-03T16:51:15.628712625Z: [    0.000000] tsc: Fast TSC calibration using PIT
[STDERR  ] 2017-10-03T16:51:15.628718889Z: [    0.000000] tsc: Detected 2300.116 MHz processor
[STDERR  ] 2017-10-03T16:51:15.628725198Z: [    0.021328] Calibrating delay loop (skipped), value calculated using timer frequency.. 4600.23 BogoMIPS (lpj=23001160)
[STDERR  ] 2017-10-03T16:51:15.62873613Z: [    0.022422] pid_max: default: 32768 minimum: 301
[STDERR  ] 2017-10-03T16:51:15.628742464Z: [    0.023291] ACPI: Core revision 20160831
[STDERR  ] 2017-10-03T16:51:15.628748622Z: [    0.071411] ACPI: 1 ACPI AML tables successfully acquired and loaded
[STDERR  ] 2017-10-03T16:51:15.628756646Z: [    0.074574] Security Framework initialized
[STDERR  ] 2017-10-03T16:51:15.628762861Z: [    0.074953] Yama: becoming mindful.
[STDERR  ] 2017-10-03T16:51:15.628769Z: [    0.076841] Mount-cache hash table entries: 2048 (order: 2, 16384 bytes)
[STDERR  ] 2017-10-03T16:51:15.628779342Z: [    0.077362] Mountpoint-cache hash table entries: 2048 (order: 2, 16384 bytes)
[STDERR  ] 2017-10-03T16:51:15.628786136Z: [    0.096682] Last level iTLB entries: 4KB 0, 2MB 0, 4MB 0
[STDERR  ] 2017-10-03T16:51:15.628792408Z: [    0.097107] Last level dTLB entries: 4KB 0, 2MB 0, 4MB 0, 1GB 0
[STDERR  ] 2017-10-03T16:51:15.628798594Z: [    0.398153] Freeing SMP alternatives memory: 20K
[STDERR  ] 2017-10-03T16:51:15.628804769Z: [    0.406962] ftrace: allocating 35486 entries in 139 pages
[STDERR  ] 2017-10-03T16:51:15.628810998Z: [    0.569362] smpboot: Max logical packages: 1
[STDERR  ] 2017-10-03T16:51:15.628822018Z: [    0.574902] ..TIMER: vector=0x30 apic1=0 pin1=2 apic2=-1 pin2=-1
[STDERR  ] 2017-10-03T16:51:15.628828258Z: [    0.680000] smpboot: CPU0: AMD QEMU Virtual CPU version 2.5+ (family: 0x6, model: 0x6, stepping: 0x3)
[STDERR  ] 2017-10-03T16:51:15.62883472Z: [    0.680000] Performance Events: PMU not available due to virtualization, using software events only.
[STDERR  ] 2017-10-03T16:51:15.628843482Z: [    0.687066] NMI watchdog: disabled (cpu0): hardware events not enabled
[STDERR  ] 2017-10-03T16:51:15.628853635Z: [    0.687474] NMI watchdog: Shutting down hard lockup detector on all cpus
[STDERR  ] 2017-10-03T16:51:15.628865391Z: [    0.690368] x86: Booted up 1 node, 1 CPUs
[STDERR  ] 2017-10-03T16:51:15.628876478Z: [    0.690696] smpboot: Total of 1 processors activated (4600.23 BogoMIPS)
[STDERR  ] 2017-10-03T16:51:15.628885712Z: [    0.703884] devtmpfs: initialized
