[INFO    ] 2018-01-08T13:14:00.303705229Z: Running Test linuxkit.packages.format_mount.btrfs in /tmp/build/test/cases/040_packages/006_format_mount/003_btrfs
[INFO    ] 2018-01-08T13:14:00.303819321Z: Running command: [/bin/sh -x /tmp/build/test/cases/040_packages/006_format_mount/003_btrfs/test.sh]
[STDERR  ] 2018-01-08T13:14:00.360964987Z: + set -e
[STDERR  ] 2018-01-08T13:14:00.36105406Z: + . /tmp/build/test/cases/_lib/lib.sh
[STDERR  ] 2018-01-08T13:14:00.361069034Z: + [ -f src/github.com/linuxkit/rtf/lib/lib.sh ]
[STDERR  ] 2018-01-08T13:14:00.361081203Z: + LINUXKIT_TMPDIR=/tmp/build/test/cases/_tmp
[STDERR  ] 2018-01-08T13:14:00.361091427Z: + [ -f /tmp/build/test/cases/_tmp/env.sh ]
[STDERR  ] 2018-01-08T13:14:00.36110138Z: + . /tmp/build/test/cases/_tmp/env.sh
[STDERR  ] 2018-01-08T13:14:00.361111812Z: + export LINUXKIT_EXAMPLES_DIR=/tmp/build/test/cases/../../examples
[STDERR  ] 2018-01-08T13:14:00.36112233Z: + export LINUXKIT_BLUEPRINTS_DIR=/tmp/build/test/cases/../../blueprints
[STDERR  ] 2018-01-08T13:14:00.361135149Z: + RT_CANCEL=253
[STDERR  ] 2018-01-08T13:14:00.361145197Z: + NAME=test-format
[STDERR  ] 2018-01-08T13:14:00.361154323Z: + DISK=disk.img
[STDERR  ] 2018-01-08T13:14:00.361163342Z: + trap clean_up EXIT
[STDERR  ] 2018-01-08T13:14:00.361172714Z: + linuxkit build -format kernel+initrd -name test-format test.yml
[STDERR  ] 2018-01-08T13:14:00.40047329Z: Extract kernel image: linuxkit/kernel:4.9.74
[STDERR  ] 2018-01-08T13:14:01.546470873Z: time="2018-01-08T13:14:01Z" level=warning msg="certificate with CN Justin Cormack is near expiry"
[STDERR  ] 2018-01-08T13:14:01.546519066Z: time="2018-01-08T13:14:01Z" level=warning msg="certificate with CN  is near expiry"
[STDERR  ] 2018-01-08T13:14:01.546546709Z: time="2018-01-08T13:14:01Z" level=warning msg="certificate with CN  is near expiry"
[STDERR  ] 2018-01-08T13:14:01.592726162Z: time="2018-01-08T13:14:01Z" level=warning msg="certificate with CN Justin Cormack is near expiry"
[STDERR  ] 2018-01-08T13:14:01.999100588Z: Add init containers:
[STDERR  ] 2018-01-08T13:14:01.999148905Z: Process init image: linuxkit/init:fb1e34662dc92a45f8e92c91adbee094e22feb55
[STDERR  ] 2018-01-08T13:14:03.06139562Z: time="2018-01-08T13:14:03Z" level=warning msg="certificate with CN Justin Cormack is near expiry"
[STDERR  ] 2018-01-08T13:14:03.061454949Z: time="2018-01-08T13:14:03Z" level=warning msg="certificate with CN  is near expiry"
[STDERR  ] 2018-01-08T13:14:03.061517285Z: time="2018-01-08T13:14:03Z" level=warning msg="certificate with CN  is near expiry"
[STDERR  ] 2018-01-08T13:14:03.065124807Z: time="2018-01-08T13:14:03Z" level=warning msg="certificate with CN Justin Cormack is near expiry"
[STDERR  ] 2018-01-08T13:14:03.066493464Z: time="2018-01-08T13:14:03Z" level=warning msg="certificate with CN  is near expiry"
[STDERR  ] 2018-01-08T13:14:03.239478659Z: Process init image: linuxkit/runc:abc3f292653e64a2fd488e9675ace19a55ec7023
[STDERR  ] 2018-01-08T13:14:04.264700167Z: time="2018-01-08T13:14:04Z" level=warning msg="certificate with CN Justin Cormack is near expiry"
[STDERR  ] 2018-01-08T13:14:04.264801134Z: time="2018-01-08T13:14:04Z" level=warning msg="certificate with CN  is near expiry"
[STDERR  ] 2018-01-08T13:14:04.264861111Z: time="2018-01-08T13:14:04Z" level=warning msg="certificate with CN  is near expiry"
[STDERR  ] 2018-01-08T13:14:04.266797578Z: time="2018-01-08T13:14:04Z" level=warning msg="certificate with CN Justin Cormack is near expiry"
[STDERR  ] 2018-01-08T13:14:04.268025977Z: time="2018-01-08T13:14:04Z" level=warning msg="certificate with CN  is near expiry"
[STDERR  ] 2018-01-08T13:14:04.427143725Z: Add onboot containers:
[STDERR  ] 2018-01-08T13:14:04.427182173Z:   Create OCI config for linuxkit/modprobe:1a192d168adadec47afa860e3fc874fbc2a823ff
[STDERR  ] 2018-01-08T13:14:05.526007249Z: time="2018-01-08T13:14:05Z" level=warning msg="certificate with CN Rolf Neugebauer is near expiry"
[STDERR  ] 2018-01-08T13:14:05.526059904Z: time="2018-01-08T13:14:05Z" level=warning msg="certificate with CN  is near expiry"
[STDERR  ] 2018-01-08T13:14:05.526142321Z: time="2018-01-08T13:14:05Z" level=warning msg="certificate with CN Moby CI is near expiry"
[STDERR  ] 2018-01-08T13:14:05.526176457Z: time="2018-01-08T13:14:05Z" level=warning msg="certificate with CN  is near expiry"
[STDERR  ] 2018-01-08T13:14:05.526386489Z: time="2018-01-08T13:14:05Z" level=warning msg="certificate with CN Justin Cormack is near expiry"
[STDERR  ] 2018-01-08T13:14:05.527366862Z: time="2018-01-08T13:14:05Z" level=warning msg="certificate with CN  is near expiry"
[STDERR  ] 2018-01-08T13:14:05.528104645Z: time="2018-01-08T13:14:05Z" level=warning msg="certificate with CN Rolf Neugebauer is near expiry"
[STDERR  ] 2018-01-08T13:14:05.664071884Z:   Create OCI config for linuxkit/format:e945016ec780a788a71dcddc81497d54d3b14bc7
[STDERR  ] 2018-01-08T13:14:06.701027438Z: time="2018-01-08T13:14:06Z" level=warning msg="certificate with CN Justin Cormack is near expiry"
[STDERR  ] 2018-01-08T13:14:06.70112454Z: time="2018-01-08T13:14:06Z" level=warning msg="certificate with CN Rolf Neugebauer is near expiry"
[STDERR  ] 2018-01-08T13:14:06.701210218Z: time="2018-01-08T13:14:06Z" level=warning msg="certificate with CN  is near expiry"
[STDERR  ] 2018-01-08T13:14:06.701235077Z: time="2018-01-08T13:14:06Z" level=warning msg="certificate with CN  is near expiry"
[STDERR  ] 2018-01-08T13:14:06.702710697Z: time="2018-01-08T13:14:06Z" level=warning msg="certificate with CN Justin Cormack is near expiry"
[STDERR  ] 2018-01-08T13:14:06.703779027Z: time="2018-01-08T13:14:06Z" level=warning msg="certificate with CN Rolf Neugebauer is near expiry"
[STDERR  ] 2018-01-08T13:14:06.704686506Z: time="2018-01-08T13:14:06Z" level=warning msg="certificate with CN  is near expiry"
[STDERR  ] 2018-01-08T13:14:07.072800508Z:   Create OCI config for linuxkit/mount:b346ec277b7074e5c9986128a879c10a1d18742b
[STDERR  ] 2018-01-08T13:14:08.106596428Z: time="2018-01-08T13:14:08Z" level=warning msg="certificate with CN Justin Cormack is near expiry"
[STDERR  ] 2018-01-08T13:14:08.106898503Z: time="2018-01-08T13:14:08Z" level=warning msg="certificate with CN Rolf Neugebauer is near expiry"
[STDERR  ] 2018-01-08T13:14:08.107022417Z: time="2018-01-08T13:14:08Z" level=warning msg="certificate with CN  is near expiry"
[STDERR  ] 2018-01-08T13:14:08.107160902Z: time="2018-01-08T13:14:08Z" level=warning msg="certificate with CN  is near expiry"
[STDERR  ] 2018-01-08T13:14:08.109154274Z: time="2018-01-08T13:14:08Z" level=warning msg="certificate with CN Justin Cormack is near expiry"
[STDERR  ] 2018-01-08T13:14:08.110238669Z: time="2018-01-08T13:14:08Z" level=warning msg="certificate with CN Rolf Neugebauer is near expiry"
[STDERR  ] 2018-01-08T13:14:08.110980454Z: time="2018-01-08T13:14:08Z" level=warning msg="certificate with CN  is near expiry"
[STDERR  ] 2018-01-08T13:14:08.453762919Z:   Create OCI config for alpine:3.7
[STDERR  ] 2018-01-08T13:14:09.652418972Z:   Create OCI config for linuxkit/poweroff:bccfe1cb04fc7bb9f03613d2314f38abd2620f29
[STDERR  ] 2018-01-08T13:14:10.690364706Z: time="2018-01-08T13:14:10Z" level=warning msg="certificate with CN  is near expiry"
[STDERR  ] 2018-01-08T13:14:10.690445773Z: time="2018-01-08T13:14:10Z" level=warning msg="certificate with CN  is near expiry"
[STDERR  ] 2018-01-08T13:14:10.690599998Z: time="2018-01-08T13:14:10Z" level=warning msg="certificate with CN Justin Cormack is near expiry"
[STDERR  ] 2018-01-08T13:14:10.690738364Z: time="2018-01-08T13:14:10Z" level=warning msg="certificate with CN Rolf Neugebauer is near expiry"
[STDERR  ] 2018-01-08T13:14:10.692408235Z: time="2018-01-08T13:14:10Z" level=warning msg="certificate with CN Rolf Neugebauer is near expiry"
[STDERR  ] 2018-01-08T13:14:10.693090223Z: time="2018-01-08T13:14:10Z" level=warning msg="certificate with CN  is near expiry"
[STDERR  ] 2018-01-08T13:14:10.858273178Z: Add files:
[STDERR  ] 2018-01-08T13:14:10.858320078Z:   check.sh
[STDERR  ] 2018-01-08T13:14:10.870070679Z: Create outputs:
[STDERR  ] 2018-01-08T13:14:16.639187032Z:   test-format-kernel test-format-initrd.img test-format-cmdline
[STDERR  ] 2018-01-08T13:14:16.700925097Z: + linuxkit run -disk file=disk.img,size=512M test-format
[STDERR  ] 2018-01-08T13:14:16.723359073Z: Unable to find qemu-system-x86_64 within the $PATH. Using a container
[STDERR  ] 2018-01-08T13:15:00.296196612Z: + RESULT=[    0.000000] Linux version 4.9.74-linuxkit (root@133b92461d02) (gcc version 6.4.0 (Alpine 6.4.0) ) #1 SMP Wed Jan 3 11:41:29 UTC 2018
[STDERR  ] 2018-01-08T13:15:00.296243276Z: [    0.000000] Command line: console=ttyS0 console=ttyAMA0
[STDERR  ] 2018-01-08T13:15:00.296251651Z: [    0.000000] x86/fpu: Legacy x87 FPU detected.
[STDERR  ] 2018-01-08T13:15:00.296258683Z: [    0.000000] x86/fpu: Using 'eager' FPU context switches.
[STDERR  ] 2018-01-08T13:15:00.296265642Z: [    0.000000] e820: BIOS-provided physical RAM map:
[STDERR  ] 2018-01-08T13:15:00.296272764Z: [    0.000000] BIOS-e820: [mem 0x0000000000000000-0x000000000009fbff] usable
[STDERR  ] 2018-01-08T13:15:00.296280176Z: [    0.000000] BIOS-e820: [mem 0x000000000009fc00-0x000000000009ffff] reserved
[STDERR  ] 2018-01-08T13:15:00.296287002Z: [    0.000000] BIOS-e820: [mem 0x00000000000f0000-0x00000000000fffff] reserved
[STDERR  ] 2018-01-08T13:15:00.296293733Z: [    0.000000] BIOS-e820: [mem 0x0000000000100000-0x000000003ffdefff] usable
[STDERR  ] 2018-01-08T13:15:00.296300213Z: [    0.000000] BIOS-e820: [mem 0x000000003ffdf000-0x000000003fffffff] reserved
[STDERR  ] 2018-01-08T13:15:00.29630799Z: [    0.000000] BIOS-e820: [mem 0x00000000b0000000-0x00000000bfffffff] reserved
[STDERR  ] 2018-01-08T13:15:00.29631508Z: [    0.000000] BIOS-e820: [mem 0x00000000fed1c000-0x00000000fed1ffff] reserved
[STDERR  ] 2018-01-08T13:15:00.296321547Z: [    0.000000] BIOS-e820: [mem 0x00000000fffc0000-0x00000000ffffffff] reserved
[STDERR  ] 2018-01-08T13:15:00.296327871Z: [    0.000000] NX (Execute Disable) protection: active
[STDERR  ] 2018-01-08T13:15:00.296334633Z: [    0.000000] SMBIOS 2.8 present.
[STDERR  ] 2018-01-08T13:15:00.296340907Z: [    0.000000] e820: last_pfn = 0x3ffdf max_arch_pfn = 0x400000000
[STDERR  ] 2018-01-08T13:15:00.296347435Z: [    0.000000] x86/PAT: Configuration [0-7]: WB  WC  UC- UC  WB  WC  UC- WT  
[STDERR  ] 2018-01-08T13:15:00.296353571Z: [    0.000000] found SMP MP-table at [mem 0x000f6aa0-0x000f6aaf] mapped at [ffff89d0800f6aa0]
[STDERR  ] 2018-01-08T13:15:00.296359808Z: [    0.000000] RAMDISK: [mem 0x3df35000-0x3ffcffff]
[STDERR  ] 2018-01-08T13:15:00.296366042Z: [    0.000000] ACPI: Early table checksum verification disabled
[STDERR  ] 2018-01-08T13:15:00.296372172Z: [    0.000000] ACPI: RSDP 0x00000000000F68B0 000014 (v00 BOCHS )
[STDERR  ] 2018-01-08T13:15:00.296390068Z: [    0.000000] ACPI: RSDT 0x000000003FFE20A8 000034 (v01 BOCHS  BXPCRSDT 00000001 BXPC 00000001)
[STDERR  ] 2018-01-08T13:15:00.296400822Z: [    0.000000] ACPI: FACP 0x000000003FFE1EC8 0000F4 (v03 BOCHS  BXPCFACP 00000001 BXPC 00000001)
[STDERR  ] 2018-01-08T13:15:00.296410642Z: [    0.000000] ACPI: DSDT 0x000000003FFE0040 001E88 (v01 BOCHS  BXPCDSDT 00000001 BXPC 00000001)
[STDERR  ] 2018-01-08T13:15:00.296420328Z: [    0.000000] ACPI: FACS 0x000000003FFE0000 000040
[STDERR  ] 2018-01-08T13:15:00.29643018Z: [    0.000000] ACPI: APIC 0x000000003FFE1FBC 000078 (v01 BOCHS  BXPCAPIC 00000001 BXPC 00000001)
[STDERR  ] 2018-01-08T13:15:00.296436441Z: [    0.000000] ACPI: HPET 0x000000003FFE2034 000038 (v01 BOCHS  BXPCHPET 00000001 BXPC 00000001)
[STDERR  ] 2018-01-08T13:15:00.296442532Z: [    0.000000] ACPI: MCFG 0x000000003FFE206C 00003C (v01 BOCHS  BXPCMCFG 00000001 BXPC 00000001)
[STDERR  ] 2018-01-08T13:15:00.296449542Z: [    0.000000] Zone ranges:
[STDERR  ] 2018-01-08T13:15:00.296459265Z: [    0.000000]   DMA      [mem 0x0000000000001000-0x0000000000ffffff]
[STDERR  ] 2018-01-08T13:15:00.296469261Z: [    0.000000]   DMA32    [mem 0x0000000001000000-0x000000003ffdefff]
[STDERR  ] 2018-01-08T13:15:00.296479468Z: [    0.000000]   Normal   empty
[STDERR  ] 2018-01-08T13:15:00.296494617Z: [    0.000000] Movable zone start for each node
[STDERR  ] 2018-01-08T13:15:00.296505692Z: [    0.000000] Early memory node ranges
[STDERR  ] 2018-01-08T13:15:00.296514571Z: [    0.000000]   node   0: [mem 0x0000000000001000-0x000000000009efff]
[STDERR  ] 2018-01-08T13:15:00.296526821Z: [    0.000000]   node   0: [mem 0x0000000000100000-0x000000003ffdefff]
[STDERR  ] 2018-01-08T13:15:00.296533203Z: [    0.000000] Initmem setup node 0 [mem 0x0000000000001000-0x000000003ffdefff]
[STDERR  ] 2018-01-08T13:15:00.296539162Z: [    0.000000] ACPI: PM-Timer IO Port: 0x608
[STDERR  ] 2018-01-08T13:15:00.2965451Z: [    0.000000] ACPI: LAPIC_NMI (acpi_id[0xff] dfl dfl lint[0x1])
[STDERR  ] 2018-01-08T13:15:00.296550892Z: [    0.000000] IOAPIC[0]: apic_id 0, version 32, address 0xfec00000, GSI 0-23
[STDERR  ] 2018-01-08T13:15:00.296556552Z: [    0.000000] ACPI: INT_SRC_OVR (bus 0 bus_irq 0 global_irq 2 dfl dfl)
[STDERR  ] 2018-01-08T13:15:00.29656273Z: [    0.000000] ACPI: INT_SRC_OVR (bus 0 bus_irq 5 global_irq 5 high level)
[STDERR  ] 2018-01-08T13:15:00.296573442Z: [    0.000000] ACPI: INT_SRC_OVR (bus 0 bus_irq 9 global_irq 9 high level)
[STDERR  ] 2018-01-08T13:15:00.296579605Z: [    0.000000] ACPI: INT_SRC_OVR (bus 0 bus_irq 10 global_irq 10 high level)
[STDERR  ] 2018-01-08T13:15:00.296588272Z: [    0.000000] ACPI: INT_SRC_OVR (bus 0 bus_irq 11 global_irq 11 high level)
[STDERR  ] 2018-01-08T13:15:00.296594837Z: [    0.000000] Using ACPI (MADT) for SMP configuration information
[STDERR  ] 2018-01-08T13:15:00.296600412Z: [    0.000000] ACPI: HPET id: 0x8086a201 base: 0xfed00000
[STDERR  ] 2018-01-08T13:15:00.296606477Z: [    0.000000] smpboot: Allowing 1 CPUs, 0 hotplug CPUs
[STDERR  ] 2018-01-08T13:15:00.296612685Z: [    0.000000] e820: [mem 0x40000000-0xafffffff] available for PCI devices
[STDERR  ] 2018-01-08T13:15:00.296618418Z: [    0.000000] Booting paravirtualized kernel on bare hardware
[STDERR  ] 2018-01-08T13:15:00.296640962Z: [    0.000000] clocksource: refined-jiffies: mask: 0xffffffff max_cycles: 0xffffffff, max_idle_ns: 19112604462750000 ns
[STDERR  ] 2018-01-08T13:15:00.296648477Z: [    0.000000] setup_percpu: NR_CPUS:128 nr_cpumask_bits:128 nr_cpu_ids:1 nr_node_ids:1
[STDERR  ] 2018-01-08T13:15:00.296654335Z: [    0.000000] percpu: Embedded 35 pages/cpu @ffff89d0bdc00000 s105048 r8192 d30120 u2097152
[STDERR  ] 2018-01-08T13:15:00.29666015Z: [    0.000000] Built 1 zonelists in Zone order, mobility grouping on.  Total pages: 257896
[STDERR  ] 2018-01-08T13:15:00.296665865Z: [    0.000000] Kernel command line: console=ttyS0 console=ttyAMA0
[STDERR  ] 2018-01-08T13:15:00.296671677Z: [    0.000000] PID hash table entries: 4096 (order: 3, 32768 bytes)
[STDERR  ] 2018-01-08T13:15:00.296677887Z: [    0.000000] Dentry cache hash table entries: 131072 (order: 8, 1048576 bytes)
[STDERR  ] 2018-01-08T13:15:00.296691053Z: [    0.000000] Inode-cache hash table entries: 65536 (order: 7, 524288 bytes)
[STDERR  ] 2018-01-08T13:15:00.29669835Z: [    0.000000] Memory: 980788K/1048052K available (8049K kernel code, 1367K rwdata, 2700K rodata, 1380K init, 564K bss, 67264K reserved, 0K cma-reserved)
[STDERR  ] 2018-01-08T13:15:00.29670513Z: [    0.000000] Hierarchical RCU implementation.
[STDERR  ] 2018-01-08T13:15:00.296711251Z: [    0.000000] 	Build-time adjustment of leaf fanout to 64.
[STDERR  ] 2018-01-08T13:15:00.29671751Z: [    0.000000] 	RCU restricting CPUs from NR_CPUS=128 to nr_cpu_ids=1.
[STDERR  ] 2018-01-08T13:15:00.29672373Z: [    0.000000] RCU: Adjusting geometry for rcu_fanout_leaf=64, nr_cpu_ids=1
[STDERR  ] 2018-01-08T13:15:00.296730129Z: [    0.000000] NR_IRQS:8448 nr_irqs:256 16
[STDERR  ] 2018-01-08T13:15:00.296736092Z: [    0.000000] Console: colour VGA+ 80x25
[STDERR  ] 2018-01-08T13:15:00.296741872Z: [    0.000000] console [ttyS0] enabled
[STDERR  ] 2018-01-08T13:15:00.296747731Z: [    0.000000] clocksource: hpet: mask: 0xffffffff max_cycles: 0xffffffff, max_idle_ns: 19112604467 ns
[STDERR  ] 2018-01-08T13:15:00.296754246Z: [    0.000000] tsc: Fast TSC calibration using PIT
[STDERR  ] 2018-01-08T13:15:00.29675983Z: [    0.000000] tsc: Detected 2599.998 MHz processor
[STDERR  ] 2018-01-08T13:15:00.296765659Z: [    0.021603] Calibrating delay loop (skipped), value calculated using timer frequency.. 5199.99 BogoMIPS (lpj=25999980)
[STDERR  ] 2018-01-08T13:15:00.296775982Z: [    0.022618] pid_max: default: 32768 minimum: 301
[STDERR  ] 2018-01-08T13:15:00.296781749Z: [    0.023550] ACPI: Core revision 20160831
[STDERR  ] 2018-01-08T13:15:00.296787289Z: [    0.049821] ACPI: 1 ACPI AML tables successfully acquired and loaded
[STDERR  ] 2018-01-08T13:15:00.29679469Z: [    0.053986] Security Framework initialized
[STDERR  ] 2018-01-08T13:15:00.296800164Z: [    0.054373] Yama: becoming mindful.
[STDERR  ] 2018-01-08T13:15:00.296805792Z: [    0.056374] Mount-cache hash table entries: 2048 (order: 2, 16384 bytes)
[STDERR  ] 2018-01-08T13:15:00.296811442Z: [    0.056833] Mountpoint-cache hash table entries: 2048 (order: 2, 16384 bytes)
[STDERR  ] 2018-01-08T13:15:00.296817819Z: [    0.075603] Last level iTLB entries: 4KB 0, 2MB 0, 4MB 0
[STDERR  ] 2018-01-08T13:15:00.296828254Z: [    0.076077] Last level dTLB entries: 4KB 0, 2MB 0, 4MB 0, 1GB 0
[STDERR  ] 2018-01-08T13:15:00.296838481Z: [    0.421292] Freeing SMP alternatives memory: 20K
[STDERR  ] 2018-01-08T13:15:00.296851181Z: [    0.430380] ftrace: allocating 35540 entries in 139 pages
[STDERR  ] 2018-01-08T13:15:00.296861517Z: [    0.513727] smpboot: Max logical packages: 1
[STDERR  ] 2018-01-08T13:15:00.296870826Z: [    0.520000] ..TIMER: vector=0x30 apic1=0 pin1=2 apic2=-1 pin2=-1
[STDERR  ] 2018-01-08T13:15:00.296883736Z: [    0.620000] smpboot: CPU0: AMD QEMU Virtual CPU version 2.5+ (family: 0x6, model: 0x6, stepping: 0x3)
[STDERR  ] 2018-01-08T13:15:00.296893637Z: [    0.620000] Performance Events: PMU not available due to virtualization, using software events only.
[STDERR  ] 2018-01-08T13:15:00.296904251Z: [    0.627735] NMI watchdog: disabled (cpu0): hardware events not enabled
[STDERR  ] 2018-01-08T13:15:00.296913096Z: [    0.628192] NMI watchdog: Shutting down hard lockup detector on all cpus
[STDERR  ] 2018-01-08T13:15:00.29692281Z: [    0.631298] x86: Booted up 1 node, 1 CPUs
[STDERR  ] 2018-01-08T13:15:00.296932301Z: [    0.631709] smpboot: Total of 1 processors activated (5199.99 BogoMIPS)
[STDERR  ] 2018-01-08T13:15:00.296942291Z: [    0.646885] devtmpfs: initialized
[STDERR  ] 2018-01-08T13:15:00.296952009Z: [    0.651259] x86/mm: Memory block size: 128MB
[STDERR  ] 2018-01-08T13:15:00.296961734Z: [    0.681462] clocksource: jiffies: mask: 0xffffffff max_cycles: 0xffffffff, max_idle_ns: 19112604462750000 ns
[STDERR  ] 2018-01-08T13:15:00.296971831Z: [    0.682352] futex hash table entries: 256 (order: 2, 16384 bytes)
[STDERR  ] 2018-01-08T13:15:00.296988221Z: [    0.690895] NET: Registered protocol family 16
[STDERR  ] 2018-01-08T13:15:00.296997596Z: [    0.699012] cpuidle: using governor ladder
[STDERR  ] 2018-01-08T13:15:00.297007262Z: [    0.699533] cpuidle: using governor menu
[STDERR  ] 2018-01-08T13:15:00.297019897Z: [    0.700782] ACPI: bus type PCI registered
[STDERR  ] 2018-01-08T13:15:00.297029504Z: [    0.703963] PCI: MMCONFIG for domain 0000 [bus 00-ff] at [mem 0xb0000000-0xbfffffff] (base 0xb0000000)
[STDERR  ] 2018-01-08T13:15:00.297039599Z: [    0.704760] PCI: MMCONFIG at [mem 0xb0000000-0xbfffffff] reserved in E820
[STDERR  ] 2018-01-08T13:15:00.297049917Z: [    0.705864] PCI: Using configuration type 1 for base access
[STDERR  ] 2018-01-08T13:15:00.297059321Z: [    0.747276] HugeTLB registered 2 MB page size, pre-allocated 0 pages
[STDERR  ] 2018-01-08T13:15:00.297069602Z: [    0.759137] ACPI: Added _OSI(Module Device)
[STDERR  ] 2018-01-08T13:15:00.297082069Z: [    0.759444] ACPI: Added _OSI(Processor Device)
[STDERR  ] 2018-01-08T13:15:00.297092169Z: [    0.759809] ACPI: Added _OSI(3.0 _SCP Extensions)
[STDERR  ] 2018-01-08T13:15:00.297101609Z: [    0.760000] ACPI: Added _OSI(Processor Aggregator Device)
[STDERR  ] 2018-01-08T13:15:00.297111349Z: [    0.807392] ACPI: Interpreter enabled
[STDERR  ] 2018-01-08T13:15:00.29712072Z: [    0.810394] ACPI: (supports S0 S5)
[STDERR  ] 2018-01-08T13:15:00.297130695Z: [    0.810761] ACPI: Using IOAPIC for interrupt routing
[STDERR  ] 2018-01-08T13:15:00.297140998Z: [    0.813333] PCI: Using host bridge windows from ACPI; if necessary, use "pci=nocrs" and report a bug
[STDERR  ] 2018-01-08T13:15:00.297156999Z: [    0.861199] ACPI: PCI Root Bridge [PCI0] (domain 0000 [bus 00-ff])
[STDERR  ] 2018-01-08T13:15:00.297167691Z: [    0.862374] acpi PNP0A08:00: _OSC: OS supports [ExtendedConfig ASPM ClockPM Segments MSI]
[STDERR  ] 2018-01-08T13:15:00.297177476Z: [    0.867857] acpi PNP0A08:00: _OSC: OS now controls [PCIeHotplug PME PCIeCapability]
[STDERR  ] 2018-01-08T13:15:00.297187018Z: [    0.871523] PCI host bridge to bus 0000:00
[STDERR  ] 2018-01-08T13:15:00.29719664Z: [    0.872033] pci_bus 0000:00: root bus resource [io  0x0000-0x0cf7 window]
[STDERR  ] 2018-01-08T13:15:00.297206443Z: [    0.872416] pci_bus 0000:00: root bus resource [io  0x0d00-0xffff window]
[STDERR  ] 2018-01-08T13:15:00.297220338Z: [    0.872823] pci_bus 0000:00: root bus resource [mem 0x000a0000-0x000bffff window]
[STDERR  ] 2018-01-08T13:15:00.297229908Z: [    0.873195] pci_bus 0000:00: root bus resource [mem 0xc0000000-0xfebfffff window]
[STDERR  ] 2018-01-08T13:15:00.297239699Z: [    0.873814] pci_bus 0000:00: root bus resource [bus 00-ff]
[STDERR  ] 2018-01-08T13:15:00.297249199Z: [    1.001939] pci 0000:00:1f.0: quirk: [io  0x0600-0x067f] claimed by ICH6 ACPI/GPIO/TCO
[STDERR  ] 2018-01-08T13:15:00.297258913Z: [    1.074410] ACPI: PCI Interrupt Link [LNKA] (IRQs 5 *10 11)
[STDERR  ] 2018-01-08T13:15:00.297268471Z: [    1.076737] ACPI: PCI Interrupt Link [LNKB] (IRQs 5 *10 11)
[STDERR  ] 2018-01-08T13:15:00.29727813Z: [    1.078596] ACPI: PCI Interrupt Link [LNKC] (IRQs 5 10 *11)
[STDERR  ] 2018-01-08T13:15:00.297287738Z: [    1.080987] ACPI: PCI Interrupt Link [LNKD] (IRQs 5 10 *11)
[STDERR  ] 2018-01-08T13:15:00.297304755Z: [    1.082321] ACPI: PCI Interrupt Link [LNKE] (IRQs 5 *10 11)
[STDERR  ] 2018-01-08T13:15:00.29731419Z: [    1.083764] ACPI: PCI Interrupt Link [LNKF] (IRQs 5 *10 11)
[STDERR  ] 2018-01-08T13:15:00.297323731Z: [    1.085347] ACPI: PCI Interrupt Link [LNKG] (IRQs 5 10 *11)
[STDERR  ] 2018-01-08T13:15:00.297333236Z: [    1.086700] ACPI: PCI Interrupt Link [LNKH] (IRQs 5 10 *11)
[STDERR  ] 2018-01-08T13:15:00.29734646Z: [    1.087472] ACPI: PCI Interrupt Link [GSIA] (IRQs *16)
[STDERR  ] 2018-01-08T13:15:00.297356386Z: [    1.088111] ACPI: PCI Interrupt Link [GSIB] (IRQs *17)
[STDERR  ] 2018-01-08T13:15:00.297365443Z: [    1.088737] ACPI: PCI Interrupt Link [GSIC] (IRQs *18)
[STDERR  ] 2018-01-08T13:15:00.297375451Z: [    1.089347] ACPI: PCI Interrupt Link [GSID] (IRQs *19)
[STDERR  ] 2018-01-08T13:15:00.297393031Z: [    1.090489] ACPI: PCI Interrupt Link [GSIE] (IRQs *20)
[STDERR  ] 2018-01-08T13:15:00.297403426Z: [    1.090911] ACPI: PCI Interrupt Link [GSIF] (IRQs *21)
[STDERR  ] 2018-01-08T13:15:00.297412963Z: [    1.091340] ACPI: PCI Interrupt Link [GSIG] (IRQs *22)
[STDERR  ] 2018-01-08T13:15:00.297422313Z: [    1.091792] ACPI: PCI Interrupt Link [GSIH] (IRQs *23)
[STDERR  ] 2018-01-08T13:15:00.297431653Z: [    1.095043] ACPI: Enabled 1 GPEs in block 00 to 3F
[STDERR  ] 2018-01-08T13:15:00.29744093Z: [    1.098346] SCSI subsystem initialized
[STDERR  ] 2018-01-08T13:15:00.297450331Z: [    1.100736] ACPI: bus type USB registered
[STDERR  ] 2018-01-08T13:15:00.297459676Z: [    1.102114] usbcore: registered new interface driver usbfs
[STDERR  ] 2018-01-08T13:15:00.297468885Z: [    1.103013] usbcore: registered new interface driver hub
[STDERR  ] 2018-01-08T13:15:00.297477356Z: [    1.103827] usbcore: registered new device driver usb
[STDERR  ] 2018-01-08T13:15:00.297486058Z: [    1.105193] pps_core: LinuxPPS API ver. 1 registered
[STDERR  ] 2018-01-08T13:15:00.297494521Z: [    1.105499] pps_core: Software ver. 5.3.6 - Copyright 2005-2007 Rodolfo Giometti <giometti@linux.it>
[STDERR  ] 2018-01-08T13:15:00.297504084Z: [    1.106158] PTP clock support registered
[STDERR  ] 2018-01-08T13:15:00.297512708Z: [    1.107652] wmi: Mapper loaded
[STDERR  ] 2018-01-08T13:15:00.29752136Z: [    1.108802] PCI: Using ACPI for IRQ routing
[STDERR  ] 2018-01-08T13:15:00.297529912Z: [    1.123098] NetLabel: Initializing
[STDERR  ] 2018-01-08T13:15:00.297543057Z: [    1.123321] NetLabel:  domain hash size = 128
[STDERR  ] 2018-01-08T13:15:00.297551749Z: [    1.123669] NetLabel:  protocols = UNLABELED CIPSOv4
[STDERR  ] 2018-01-08T13:15:00.297560787Z: [    1.126253] NetLabel:  unlabeled traffic allowed by default
[STDERR  ] 2018-01-08T13:15:00.297569248Z: [    1.127553] HPET: 3 timers in total, 0 timers will be used for per-cpu timer
[STDERR  ] 2018-01-08T13:15:00.297578762Z: [    1.128364] hpet0: at MMIO 0xfed00000, IRQs 2, 8, 0
[STDERR  ] 2018-01-08T13:15:00.297587292Z: [    1.128877] hpet0: 3 comparators, 64-bit 100.000000 MHz counter
[STDERR  ] 2018-01-08T13:15:00.29759605Z: [    1.134867] clocksource: Switched to clocksource hpet
[STDERR  ] 2018-01-08T13:15:00.29760471Z: [    1.380808] VFS: Disk quotas dquot_6.6.0
[STDERR  ] 2018-01-08T13:15:00.297613312Z: [    1.381517] VFS: Dquot-cache hash table entries: 512 (order 0, 4096 bytes)
[STDERR  ] 2018-01-08T13:15:00.297631118Z: [    1.385244] FS-Cache: Loaded
[STDERR  ] 2018-01-08T13:15:00.297640325Z: [    1.389947] CacheFiles: Loaded
[STDERR  ] 2018-01-08T13:15:00.29764958Z: [    1.392258] pnp: PnP ACPI init
[STDERR  ] 2018-01-08T13:15:00.297658452Z: [    1.401195] pnp: PnP ACPI: found 5 devices
[STDERR  ] 2018-01-08T13:15:00.297673362Z: [    1.442042] clocksource: acpi_pm: mask: 0xffffff max_cycles: 0xffffff, max_idle_ns: 2085701024 ns
[STDERR  ] 2018-01-08T13:15:00.29768508Z: [    1.445821] NET: Registered protocol family 2
[STDERR  ] 2018-01-08T13:15:00.297694204Z: [    1.454520] TCP established hash table entries: 8192 (order: 4, 65536 bytes)
[STDERR  ] 2018-01-08T13:15:00.29770375Z: [    1.455377] TCP bind hash table entries: 8192 (order: 5, 131072 bytes)
[STDERR  ] 2018-01-08T13:15:00.297713784Z: [    1.456080] TCP: Hash tables configured (established 8192 bind 8192)
[STDERR  ] 2018-01-08T13:15:00.297723884Z: [    1.458138] UDP hash table entries: 512 (order: 2, 16384 bytes)
[STDERR  ] 2018-01-08T13:15:00.297733769Z: [    1.458774] UDP-Lite hash table entries: 512 (order: 2, 16384 bytes)
[STDERR  ] 2018-01-08T13:15:00.297747472Z: [    1.461372] NET: Registered protocol family 1
[STDERR  ] 2018-01-08T13:15:00.297757815Z: [    1.462737] pci 0000:00:01.0: Video device with shadowed ROM at [mem 0x000c0000-0x000dffff]
[STDERR  ] 2018-01-08T13:15:00.297767109Z: [    1.474299] Unpacking initramfs...
[STDERR  ] 2018-01-08T13:15:00.297780139Z: [    7.238632] Freeing initrd memory: 33388K
[STDERR  ] 2018-01-08T13:15:00.297789237Z: [    7.266903] PCLMULQDQ-NI instructions are not detected.
[STDERR  ] 2018-01-08T13:15:00.297804882Z: [    7.268163] AVX or AES-NI instructions are not detected.
[STDERR  ] 2018-01-08T13:15:00.297818538Z: [    7.268609] CPU feature 'AVX registers' is not supported.
[STDERR  ] 2018-01-08T13:15:00.297828549Z: [    7.269023] CPU feature 'AVX registers' is not supported.
[STDERR  ] 2018-01-08T13:15:00.297838118Z: [    7.269448] CPU feature 'AVX registers' is not supported.
[STDERR  ] 2018-01-08T13:15:00.297847557Z: [    7.269873] CPU feature 'AVX registers' is not supported.
[STDERR  ] 2018-01-08T13:15:00.297856789Z: [    7.270672] AVX2 or AES-NI instructions are not detected.
[STDERR  ] 2018-01-08T13:15:00.29786587Z: [    7.271009] AVX2 instructions are not detected.
[STDERR  ] 2018-01-08T13:15:00.297875214Z: [    7.276029] audit: initializing netlink subsys (disabled)
[STDERR  ] 2018-01-08T13:15:00.297884195Z: [    7.277726] audit: type=2000 audit(1515417265.270:1): initialized
[STDERR  ] 2018-01-08T13:15:00.297893439Z: [    7.284856] workingset: timestamp_bits=46 max_order=18 bucket_order=0
[STDERR  ] 2018-01-08T13:15:00.297903224Z: [    7.288186] squashfs: version 4.0 (2009/01/31) Phillip Lougher
[STDERR  ] 2018-01-08T13:15:00.297912618Z: [    7.291527] FS-Cache: Netfs 'cifs' registered for caching
[STDERR  ] 2018-01-08T13:15:00.297922566Z: [    7.292781] fuse init (API version 7.26)
[STDERR  ] 2018-01-08T13:15:00.297932573Z: [    7.295883] SGI XFS with ACLs, security attributes, no debug enabled
[STDERR  ] 2018-01-08T13:15:00.297943068Z: [    7.302830] 9p: Installing v9fs 9p2000 file system support
[STDERR  ] 2018-01-08T13:15:00.297959359Z: [    7.303175] FS-Cache: Netfs '9p' registered for caching
[STDERR  ] 2018-01-08T13:15:00.297967358Z: [    7.331790] NET: Registered protocol family 38
[STDERR  ] 2018-01-08T13:15:00.297972994Z: [    7.332395] Key type asymmetric registered
[STDERR  ] 2018-01-08T13:15:00.297978509Z: [    7.332743] Asymmetric key parser 'x509' registered
[STDERR  ] 2018-01-08T13:15:00.297984148Z: [    7.333754] Block layer SCSI generic (bsg) driver version 0.4 loaded (major 251)
[STDERR  ] 2018-01-08T13:15:00.297990301Z: [    7.335322] io scheduler noop registered
[STDERR  ] 2018-01-08T13:15:00.297996211Z: [    7.335695] io scheduler deadline registered (default)
[STDERR  ] 2018-01-08T13:15:00.298001627Z: [    7.336649] io scheduler cfq registered
[STDERR  ] 2018-01-08T13:15:00.298007434Z: [    7.339089] pci_hotplug: PCI Hot Plug PCI Core version: 0.5
[STDERR  ] 2018-01-08T13:15:00.298012851Z: [    7.339647] pciehp: PCI Express Hot Plug Controller Driver version: 0.4
[STDERR  ] 2018-01-08T13:15:00.298018927Z: [    7.341938] shpchp: Standard Hot Plug PCI Controller Driver version: 0.4
[STDERR  ] 2018-01-08T13:15:00.298024893Z: [    7.342792] hv_vmbus: registering driver hyperv_fb
[STDERR  ] 2018-01-08T13:15:00.298030501Z: [    7.346081] input: Power Button as /devices/LNXSYSTM:00/LNXPWRBN:00/input/input0
[STDERR  ] 2018-01-08T13:15:00.298036091Z: [    7.347220] ACPI: Power Button [PWRF]
[STDERR  ] 2018-01-08T13:15:00.298041788Z: [    7.353360] GHES: HEST is not enabled!
[STDERR  ] 2018-01-08T13:15:00.298047359Z: [    7.361860] ACPI: PCI Interrupt Link [GSIG] enabled at IRQ 22
[STDERR  ] 2018-01-08T13:15:00.298053158Z: [    7.374507] ACPI: PCI Interrupt Link [GSIH] enabled at IRQ 23
[STDERR  ] 2018-01-08T13:15:00.298058613Z: [    7.379182] xenfs: not registering filesystem on non-xen platform
[STDERR  ] 2018-01-08T13:15:00.298064076Z: [    7.381886] Serial: 8250/16550 driver, 4 ports, IRQ sharing disabled
[STDERR  ] 2018-01-08T13:15:00.298069517Z: [    7.405972] 00:04: ttyS0 at I/O 0x3f8 (irq = 4, base_baud = 115200) is a 16550A
[STDERR  ] 2018-01-08T13:15:00.298075044Z: [    7.417088] Non-volatile memory driver v1.3
[STDERR  ] 2018-01-08T13:15:00.298088771Z: [    7.422869] Hangcheck: starting hangcheck timer 0.9.1 (tick is 180 seconds, margin is 60 seconds).
[STDERR  ] 2018-01-08T13:15:00.298095908Z: [    7.427034] random: fast init done
[STDERR  ] 2018-01-08T13:15:00.298101399Z: [    7.428171] random: crng init done
[STDERR  ] 2018-01-08T13:15:00.298107127Z: [    7.456957] loop: module loaded
[STDERR  ] 2018-01-08T13:15:00.298117573Z: [    7.471300] nbd: registered device at major 43
[STDERR  ] 2018-01-08T13:15:00.298127099Z: [    7.503648] lpc_ich 0000:00:1f.0: I/O space for GPIO uninitialized
[STDERR  ] 2018-01-08T13:15:00.298136984Z: [    7.505632] VMware PVSCSI driver - version 1.0.7.0-k
[STDERR  ] 2018-01-08T13:15:00.298146649Z: [    7.506409] hv_vmbus: registering driver hv_storvsc
[STDERR  ] 2018-01-08T13:15:00.298155851Z: [    7.513304] ACPI: PCI Interrupt Link [GSIA] enabled at IRQ 16
[STDERR  ] 2018-01-08T13:15:00.298165213Z: [    7.519042] ahci 0000:00:1f.2: AHCI 0001.0000 32 slots 6 ports 1.5 Gbps 0x3f impl SATA mode
[STDERR  ] 2018-01-08T13:15:00.298174299Z: [    7.519667] ahci 0000:00:1f.2: flags: 64bit ncq only 
[STDERR  ] 2018-01-08T13:15:00.298183601Z: [    7.537429] scsi host0: ahci
[STDERR  ] 2018-01-08T13:15:00.298192781Z: [    7.540893] scsi host1: ahci
[STDERR  ] 2018-01-08T13:15:00.298201244Z: [    7.542662] scsi host2: ahci
[STDERR  ] 2018-01-08T13:15:00.298206688Z: [    7.544471] scsi host3: ahci
[STDERR  ] 2018-01-08T13:15:00.298212133Z: [    7.547098] scsi host4: ahci
[STDERR  ] 2018-01-08T13:15:00.298219728Z: [    7.549691] scsi host5: ahci
[STDERR  ] 2018-01-08T13:15:00.298225319Z: [    7.551477] ata1: SATA max UDMA/133 abar m4096@0xfebd2000 port 0xfebd2100 irq 24
[STDERR  ] 2018-01-08T13:15:00.298230863Z: [    7.551964] ata2: SATA max UDMA/133 abar m4096@0xfebd2000 port 0xfebd2180 irq 24
[STDERR  ] 2018-01-08T13:15:00.298236958Z: [    7.552361] ata3: SATA max UDMA/133 abar m4096@0xfebd2000 port 0xfebd2200 irq 24
[STDERR  ] 2018-01-08T13:15:00.298247454Z: [    7.552737] ata4: SATA max UDMA/133 abar m4096@0xfebd2000 port 0xfebd2280 irq 24
[STDERR  ] 2018-01-08T13:15:00.298253534Z: [    7.553086] ata5: SATA max UDMA/133 abar m4096@0xfebd2000 port 0xfebd2300 irq 24
[STDERR  ] 2018-01-08T13:15:00.298259433Z: [    7.553459] ata6: SATA max UDMA/133 abar m4096@0xfebd2000 port 0xfebd2380 irq 24
[STDERR  ] 2018-01-08T13:15:00.298265003Z: [    7.565459] tun: Universal TUN/TAP device driver, 1.6
[STDERR  ] 2018-01-08T13:15:00.298270604Z: [    7.565821] tun: (C) 1999-2004 Max Krasnyansky <maxk@qualcomm.com>
[STDERR  ] 2018-01-08T13:15:00.298279027Z: [    7.577097] VMware vmxnet3 virtual NIC driver - version 1.4.a.0-k-NAPI
[STDERR  ] 2018-01-08T13:15:00.298284917Z: [    7.577787] hv_vmbus: registering driver hv_netvsc
[STDERR  ] 2018-01-08T13:15:00.298290571Z: [    7.578081] Fusion MPT base driver 3.04.20
[STDERR  ] 2018-01-08T13:15:00.298296102Z: [    7.578318] Copyright (c) 1999-2008 LSI Corporation
[STDERR  ] 2018-01-08T13:15:00.298301652Z: [    7.578904] Fusion MPT SPI Host driver 3.04.20
[STDERR  ] 2018-01-08T13:15:00.298309527Z: [    7.581170] i8042: PNP: PS/2 Controller [PNP0303:KBD,PNP0f13:MOU] at 0x60,0x64 irq 1,12
[STDERR  ] 2018-01-08T13:15:00.29831554Z: [    7.584802] serio: i8042 KBD port at 0x60,0x64 irq 1
[STDERR  ] 2018-01-08T13:15:00.298321195Z: [    7.585386] serio: i8042 AUX port at 0x60,0x64 irq 12
[STDERR  ] 2018-01-08T13:15:00.298326946Z: [    7.587909] hv_vmbus: registering driver hyperv_keyboard
[STDERR  ] 2018-01-08T13:15:00.29833244Z: [    7.589808] mousedev: PS/2 mouse device common for all mice
[STDERR  ] 2018-01-08T13:15:00.298338098Z: [    7.594241] input: AT Translated Set 2 keyboard as /devices/platform/i8042/serio0/input/input1
[STDERR  ] 2018-01-08T13:15:00.298343657Z: [    7.596508] input: PC Speaker as /devices/platform/pcspkr/input/input2
[STDERR  ] 2018-01-08T13:15:00.298349413Z: [    7.599577] rtc_cmos 00:00: RTC can wake from S4
[STDERR  ] 2018-01-08T13:15:00.29835487Z: [    7.603166] rtc_cmos 00:00: rtc core: registered rtc_cmos as rtc0
[STDERR  ] 2018-01-08T13:15:00.29836253Z: [    7.604578] rtc_cmos 00:00: alarms up to one day, y3k, 114 bytes nvram, hpet irqs
[STDERR  ] 2018-01-08T13:15:00.29836847Z: [    7.605244] i2c /dev entries driver
[STDERR  ] 2018-01-08T13:15:00.298379478Z: [    7.606981] device-mapper: ioctl: 4.35.0-ioctl (2016-06-23) initialised: dm-devel@redhat.com
[STDERR  ] 2018-01-08T13:15:00.29838559Z: [    7.611927] usbcore: registered new interface driver usbhid
[STDERR  ] 2018-01-08T13:15:00.298395186Z: [    7.612283] usbhid: USB HID core driver
[STDERR  ] 2018-01-08T13:15:00.298400725Z: [    7.612871] hv_utils: Registering HyperV Utility Driver
[STDERR  ] 2018-01-08T13:15:00.298406396Z: [    7.613138] hv_vmbus: registering driver hv_util
[STDERR  ] 2018-01-08T13:15:00.298412095Z: [    7.613396] hv_vmbus: registering driver hv_balloon
[STDERR  ] 2018-01-08T13:15:00.298417936Z: [    7.613942] oprofile: using NMI interrupt.
[STDERR  ] 2018-01-08T13:15:00.298423485Z: [    7.614972] GACT probability on
[STDERR  ] 2018-01-08T13:15:00.298429Z: [    7.615439] Mirror/redirect action on
[STDERR  ] 2018-01-08T13:15:00.298434607Z: [    7.616332] Simple TC action Loaded
[STDERR  ] 2018-01-08T13:15:00.298440102Z: [    7.616909] u32 classifier
[STDERR  ] 2018-01-08T13:15:00.29844565Z: [    7.617067]     Performance counters on
[STDERR  ] 2018-01-08T13:15:00.298451338Z: [    7.617292]     input device check on
[STDERR  ] 2018-01-08T13:15:00.298456728Z: [    7.617520]     Actions configured
[STDERR  ] 2018-01-08T13:15:00.29846236Z: [    7.618113] Netfilter messages via NETLINK v0.30.
[STDERR  ] 2018-01-08T13:15:00.298467933Z: [    7.618589] nfnl_acct: registering with nfnetlink.
[STDERR  ] 2018-01-08T13:15:00.298474467Z: [    7.620556] nf_conntrack version 0.5.0 (8192 buckets, 32768 max)
[STDERR  ] 2018-01-08T13:15:00.298480015Z: [    7.623397] ctnetlink v0.93: registering with nfnetlink.
[STDERR  ] 2018-01-08T13:15:00.298487125Z: [    7.626202] nf_tables: (c) 2007-2009 Patrick McHardy <kaber@trash.net>
[STDERR  ] 2018-01-08T13:15:00.298496135Z: [    7.627044] nf_tables_compat: (c) 2012 Pablo Neira Ayuso <pablo@netfilter.org>
[STDERR  ] 2018-01-08T13:15:00.298502318Z: [    7.629126] xt_time: kernel timezone is -0000
[STDERR  ] 2018-01-08T13:15:00.298507812Z: [    7.629640] ip_set: protocol 6
[STDERR  ] 2018-01-08T13:15:00.298515485Z: [    7.630630] IPVS: Registered protocols (TCP, UDP, SCTP, AH, ESP)
[STDERR  ] 2018-01-08T13:15:00.298521137Z: [    7.631171] IPVS: Connection hash table configured (size=4096, memory=64Kbytes)
[STDERR  ] 2018-01-08T13:15:00.298526722Z: [    7.632730] IPVS: Creating netns size=2104 id=0
[STDERR  ] 2018-01-08T13:15:00.298532275Z: [    7.636535] IPVS: ipvs loaded.
[STDERR  ] 2018-01-08T13:15:00.29853882Z: [    7.636940] IPVS: [rr] scheduler registered.
[STDERR  ] 2018-01-08T13:15:00.298548633Z: [    7.637279] IPVS: [wrr] scheduler registered.
[STDERR  ] 2018-01-08T13:15:00.298558613Z: [    7.637554] IPVS: [lc] scheduler registered.
[STDERR  ] 2018-01-08T13:15:00.298567715Z: [    7.637827] IPVS: [wlc] scheduler registered.
[STDERR  ] 2018-01-08T13:15:00.298577525Z: [    7.638069] IPVS: [fo] scheduler registered.
[STDERR  ] 2018-01-08T13:15:00.298587535Z: [    7.638292] IPVS: [ovf] scheduler registered.
[STDERR  ] 2018-01-08T13:15:00.298598222Z: [    7.638781] IPVS: [lblc] scheduler registered.
[STDERR  ] 2018-01-08T13:15:00.298608002Z: [    7.639173] IPVS: [lblcr] scheduler registered.
[STDERR  ] 2018-01-08T13:15:00.298631025Z: [    7.639455] IPVS: [dh] scheduler registered.
[STDERR  ] 2018-01-08T13:15:00.298642Z: [    7.639709] IPVS: [sh] scheduler registered.
[STDERR  ] 2018-01-08T13:15:00.298651323Z: [    7.639969] IPVS: [sed] scheduler registered.
[STDERR  ] 2018-01-08T13:15:00.298661027Z: [    7.640862] IPVS: [nq] scheduler registered.
[STDERR  ] 2018-01-08T13:15:00.298670308Z: [    7.641535] IPVS: ftp: loaded support on port[0] = 21
[STDERR  ] 2018-01-08T13:15:00.298682638Z: [    7.642390] ipip: IPv4 and MPLS over IPv4 tunneling driver
[STDERR  ] 2018-01-08T13:15:00.298692653Z: [    7.645951] gre: GRE over IPv4 demultiplexor driver
[STDERR  ] 2018-01-08T13:15:00.298708977Z: [    7.648889] ip_tables: (C) 2000-2006 Netfilter Core Team
[STDERR  ] 2018-01-08T13:15:00.298718245Z: [    7.652719] ipt_CLUSTERIP: ClusterIP Version 0.8 loaded successfully
[STDERR  ] 2018-01-08T13:15:00.298728449Z: [    7.653466] arp_tables: arp_tables: (C) 2002 David S. Miller
[STDERR  ] 2018-01-08T13:15:00.298738055Z: [    7.655650] NET: Registered protocol family 10
[STDERR  ] 2018-01-08T13:15:00.298757876Z: [    7.668970] ip6_tables: (C) 2000-2006 Netfilter Core Team
[STDERR  ] 2018-01-08T13:15:00.298766025Z: [    7.678051] NET: Registered protocol family 17
[STDERR  ] 2018-01-08T13:15:00.298771714Z: [    7.679032] Bridge firewalling registered
[STDERR  ] 2018-01-08T13:15:00.298777482Z: [    7.679550] Ebtables v2.0 registered
[STDERR  ] 2018-01-08T13:15:00.298782979Z: [    7.681920] 8021q: 802.1Q VLAN Support v1.8
[STDERR  ] 2018-01-08T13:15:00.298788611Z: [    7.683261] 9pnet: Installing 9P2000 support
[STDERR  ] 2018-01-08T13:15:00.298794127Z: [    7.684657] Key type dns_resolver registered
[STDERR  ] 2018-01-08T13:15:00.298799702Z: [    7.685473] microcode: AMD CPU family 0x6 not supported
[STDERR  ] 2018-01-08T13:15:00.298805289Z: [    7.689129] registered taskstats version 1
[STDERR  ] 2018-01-08T13:15:00.298810801Z: [    7.884598] ata1: SATA link up 1.5 Gbps (SStatus 113 SControl 300)
[STDERR  ] 2018-01-08T13:15:00.298816735Z: [    7.890967] ata1.00: ATA-7: QEMU HARDDISK, 2.5+, max UDMA/100
[STDERR  ] 2018-01-08T13:15:00.298825756Z: [    7.891380] ata1.00: 1048576 sectors, multi 16: LBA48 NCQ (depth 31/32)
[STDERR  ] 2018-01-08T13:15:00.298831937Z: [    7.891916] ata1.00: applying bridge limits
[STDERR  ] 2018-01-08T13:15:00.298837456Z: [    7.894399] ata4: SATA link down (SStatus 0 SControl 300)
[STDERR  ] 2018-01-08T13:15:00.298843001Z: [    7.895777] ata3: SATA link up 1.5 Gbps (SStatus 113 SControl 300)
[STDERR  ] 2018-01-08T13:15:00.298853237Z: [    7.896523] ata3.00: ATAPI: QEMU DVD-ROM, 2.5+, max UDMA/100
[STDERR  ] 2018-01-08T13:15:00.298859015Z: [    7.896868] ata3.00: applying bridge limits
[STDERR  ] 2018-01-08T13:15:00.298864676Z: [    7.897875] ata3.00: configured for UDMA/100
[STDERR  ] 2018-01-08T13:15:00.298870292Z: [    7.899973] ata2: SATA link down (SStatus 0 SControl 300)
[STDERR  ] 2018-01-08T13:15:00.298880674Z: [    7.900673] ata6: SATA link down (SStatus 0 SControl 300)
[STDERR  ] 2018-01-08T13:15:00.298886664Z: [    7.901338] ata1.00: configured for UDMA/100
[STDERR  ] 2018-01-08T13:15:00.298892241Z: [    7.911926] ata5: SATA link down (SStatus 0 SControl 300)
[STDERR  ] 2018-01-08T13:15:00.298897792Z: [    7.914914] Key type big_key registered
[STDERR  ] 2018-01-08T13:15:00.298903409Z: [    7.921035] scsi 0:0:0:0: Direct-Access     ATA      QEMU HARDDISK    2.5+ PQ: 0 ANSI: 5
[STDERR  ] 2018-01-08T13:15:00.298909066Z: [    7.934648] sd 0:0:0:0: [sda] 1048576 512-byte logical blocks: (537 MB/512 MiB)
[STDERR  ] 2018-01-08T13:15:00.298915461Z: [    7.936319] sd 0:0:0:0: Attached scsi generic sg0 type 0
[STDERR  ] 2018-01-08T13:15:00.298921225Z: [    7.941144] sd 0:0:0:0: [sda] Write Protect is off
[STDERR  ] 2018-01-08T13:15:00.298927105Z: [    7.952222] scsi 2:0:0:0: CD-ROM            QEMU     QEMU DVD-ROM     2.5+ PQ: 0 ANSI: 5
[STDERR  ] 2018-01-08T13:15:00.298932735Z: [    7.956355] sd 0:0:0:0: [sda] Write cache: enabled, read cache: enabled, doesn't support DPO or FUA
[STDERR  ] 2018-01-08T13:15:00.298938957Z: [    7.974047] sr 2:0:0:0: [sr0] scsi3-mmc drive: 4x/4x cd/rw xa/form2 tray
[STDERR  ] 2018-01-08T13:15:00.298944907Z: [    7.974762] cdrom: Uniform CD-ROM driver Revision: 3.20
[STDERR  ] 2018-01-08T13:15:00.298950535Z: [    7.983681] sr 2:0:0:0: Attached scsi generic sg1 type 5
[STDERR  ] 2018-01-08T13:15:00.298963077Z: [    8.000818] sd 0:0:0:0: [sda] Attached SCSI disk
[STDERR  ] 2018-01-08T13:15:00.298969054Z: [    8.088437] Key type encrypted registered
[STDERR  ] 2018-01-08T13:15:00.298974634Z: [    8.094277] rtc_cmos 00:00: setting system clock to 2018-01-08 13:14:26 UTC (1515417266)
[STDERR  ] 2018-01-08T13:15:00.298983279Z: [    8.243755] Freeing unused kernel memory: 1380K
[STDERR  ] 2018-01-08T13:15:00.298996434Z: [    8.244139] Write protecting the kernel read-only data: 12288k
[STDERR  ] 2018-01-08T13:15:00.299005867Z: [    8.248941] Freeing unused kernel memory: 128K
[STDERR  ] 2018-01-08T13:15:00.299016385Z: [    8.290900] Freeing unused kernel memory: 1396K
[STDERR  ] 2018-01-08T13:15:00.299030876Z: [    8.320669] tsc: Refined TSC clocksource calibration: 2600.009 MHz
[STDERR  ] 2018-01-08T13:15:00.299036691Z: [    8.321238] clocksource: tsc: mask: 0xffffffffffffffff max_cycles: 0x257a44c4d56, max_idle_ns: 440795316911 ns
[STDERR  ] 2018-01-08T13:15:00.299047609Z: [    9.335184] clocksource: Switched to clocksource tsc
[STDERR  ] 2018-01-08T13:15:00.299056959Z: 
[STDERR  ] 2018-01-08T13:15:00.299065661Z: Welcome to LinuxKit
[STDERR  ] 2018-01-08T13:15:00.299073722Z: 
[STDERR  ] 2018-01-08T13:15:00.299082959Z:                         ##         .
[STDERR  ] 2018-01-08T13:15:00.299092447Z:                   ## ## ##        ==
[STDERR  ] 2018-01-08T13:15:00.299102521Z:                ## ## ## ## ##    ===
[STDERR  ] 2018-01-08T13:15:00.299112401Z:            /"""""""""""""""""\___/ ===
[STDERR  ] 2018-01-08T13:15:00.299121333Z:           {                       /  ===-
[STDERR  ] 2018-01-08T13:15:00.299131485Z:            \______ O           __/
[STDERR  ] 2018-01-08T13:15:00.299141011Z:              \    \         __/
[STDERR  ] 2018-01-08T13:15:00.299150176Z:               \____\_______/
[STDERR  ] 2018-01-08T13:15:00.299160534Z: 
[STDERR  ] 2018-01-08T13:15:00.299169418Z: [   20.710422] raid6: sse2x1   gen()   419 MB/s
[STDERR  ] 2018-01-08T13:15:00.299178814Z: [   20.880360] raid6: sse2x1   xor()   230 MB/s
[STDERR  ] 2018-01-08T13:15:00.299188313Z: [   21.050346] raid6: sse2x2   gen()   392 MB/s
[STDERR  ] 2018-01-08T13:15:00.299197546Z: [   21.220323] raid6: sse2x2   xor()   270 MB/s
[STDERR  ] 2018-01-08T13:15:00.29921255Z: [   21.390401] raid6: sse2x4   gen()   503 MB/s
[STDERR  ] 2018-01-08T13:15:00.299226646Z: [   21.560494] raid6: sse2x4   xor()   283 MB/s
[STDERR  ] 2018-01-08T13:15:00.299235955Z: [   21.560922] raid6: using algorithm sse2x4 gen() 503 MB/s
[STDERR  ] 2018-01-08T13:15:00.299245294Z: [   21.561340] raid6: .... xor() 283 MB/s, rmw enabled
[STDERR  ] 2018-01-08T13:15:00.299254428Z: [   21.561885] raid6: using intx1 recovery algorithm
[STDERR  ] 2018-01-08T13:15:00.299263703Z: [   21.581155] xor: measuring software checksum speed
[STDERR  ] 2018-01-08T13:15:00.299272608Z: [   21.680337]    prefetch64-sse:   774.800 MB/sec
[STDERR  ] 2018-01-08T13:15:00.299281808Z: [   21.780334]    generic_sse:   759.600 MB/sec
[STDERR  ] 2018-01-08T13:15:00.299290556Z: [   21.780769] xor: using function: prefetch64-sse (774.800 MB/sec)
[STDERR  ] 2018-01-08T13:15:00.299299553Z: [   21.913080] Btrfs loaded, crc32c=crc32c-generic
[STDERR  ] 2018-01-08T13:15:00.29930822Z: [   22.357015] IPVS: Creating netns size=2104 id=1
[STDERR  ] 2018-01-08T13:15:00.29931698Z: [   22.357503] IPVS: ftp: loaded support on port[0] = 21
[STDERR  ] 2018-01-08T13:15:00.299326256Z: 2018/01/08 13:14:41 Creating partition on /dev/sda
[STDERR  ] 2018-01-08T13:15:00.299335703Z: [   23.509571]  sda:
[STDERR  ] 2018-01-08T13:15:00.299345555Z: [   23.575228]  sda:
[STDERR  ] 2018-01-08T13:15:00.299354868Z: [   23.633099]  sda: sda1
[STDERR  ] 2018-01-08T13:15:00.299363945Z: [   23.700758]  sda: sda1
[STDERR  ] 2018-01-08T13:15:00.299374145Z: [   25.306058] BTRFS: device fsid 38f62c1b-0c2d-4da5-97df-f08708412a13 devid 1 transid 5 /dev/sda1
[STDERR  ] 2018-01-08T13:15:00.299384116Z: 2018/01/08 13:14:43 Partition /dev/sda1 successfully created!
[STDERR  ] 2018-01-08T13:15:00.299396761Z: [   25.883907] IPVS: Creating netns size=2104 id=2
[STDERR  ] 2018-01-08T13:15:00.29940598Z: [   25.884166] IPVS: ftp: loaded support on port[0] = 21
[STDERR  ] 2018-01-08T13:15:00.29941627Z: [   26.936311] FAT-fs (sda1): utf8 is not a recommended IO charset for FAT filesystems, filesystem will be case sensitive!
[STDERR  ] 2018-01-08T13:15:00.299426868Z: [   26.941376] FAT-fs (sda1): utf8 is not a recommended IO charset for FAT filesystems, filesystem will be case sensitive!
[STDERR  ] 2018-01-08T13:15:00.299437745Z: [   26.944858] mount: sending ioctl 5310 to a partition!
[STDERR  ] 2018-01-08T13:15:00.299446674Z: [   26.977717] mount: sending ioctl 5310 to a partition!
[STDERR  ] 2018-01-08T13:15:00.299456155Z: [   26.979273] UDF-fs: warning (device sda1): udf_fill_super: No partition found (2)
[STDERR  ] 2018-01-08T13:15:00.299477734Z: [   27.001685] BTRFS info (device sda1): disk space caching is enabled
[STDERR  ] 2018-01-08T13:15:00.299488818Z: [   27.002040] BTRFS info (device sda1): has skinny extents
[STDERR  ] 2018-01-08T13:15:00.299498107Z: [   27.002214] BTRFS info (device sda1): flagging fs with big metadata feature
[STDERR  ] 2018-01-08T13:15:00.299508Z: [   27.052151] BTRFS info (device sda1): creating UUID tree
[STDERR  ] 2018-01-08T13:15:00.29951736Z: format_mount test suite PASSED
[STDERR  ] 2018-01-08T13:15:00.299527397Z: [   40.709750] sd 0:0:0:0: [sda] Synchronizing SCSI cache
[STDERR  ] 2018-01-08T13:15:00.299537189Z: [   40.716005] sd 0:0:0:0: [sda] Stopping disk
[STDERR  ] 2018-01-08T13:15:00.299546987Z: [   40.720048] ACPI: Preparing to enter system sleep state S5
[STDERR  ] 2018-01-08T13:15:00.299556094Z: [   40.723248] reboot: Power down
[STDERR  ] 2018-01-08T13:15:00.299565462Z: + echo [    0.000000] Linux version 4.9.74-linuxkit (root@133b92461d02) (gcc version 6.4.0 (Alpine 6.4.0) ) #1 SMP Wed Jan 3 11:41:29 UTC 2018
[STDERR  ] 2018-01-08T13:15:00.299576345Z: [    0.000000] Command line: console=ttyS0 console=ttyAMA0
[STDERR  ] 2018-01-08T13:15:00.299586483Z: [    0.000000] x86/fpu: Legacy x87 FPU detected.
[STDERR  ] 2018-01-08T13:15:00.299595809Z: [    0.000000] x86/fpu: Using 'eager' FPU context switches.
[STDERR  ] 2018-01-08T13:15:00.299603557Z: [    0.000000] e820: BIOS-provided physical RAM map:
[STDERR  ] 2018-01-08T13:15:00.299614335Z: [    0.000000] BIOS-e820: [mem 0x0000000000000000-0x000000000009fbff] usable
[STDERR  ] 2018-01-08T13:15:00.299627232Z: [    0.000000] BIOS-e820: [mem 0x000000000009fc00-0x000000000009ffff] reserved
[STDERR  ] 2018-01-08T13:15:00.299633899Z: [    0.000000] BIOS-e820: [mem 0x00000000000f0000-0x00000000000fffff] reserved
[STDERR  ] 2018-01-08T13:15:00.299639989Z: [    0.000000] BIOS-e820: [mem 0x0000000000100000-0x000000003ffdefff] usable
[STDERR  ] 2018-01-08T13:15:00.299645523Z: [    0.000000] BIOS-e820: [mem 0x000000003ffdf000-0x000000003fffffff] reserved
[STDERR  ] 2018-01-08T13:15:00.299650997Z: [    0.000000] BIOS-e820: [mem 0x00000000b0000000-0x00000000bfffffff] reserved
[STDERR  ] 2018-01-08T13:15:00.299656455Z: [    0.000000] BIOS-e820: [mem 0x00000000fed1c000-0x00000000fed1ffff] reserved
[STDERR  ] 2018-01-08T13:15:00.299661944Z: [    0.000000] BIOS-e820: [mem 0x00000000fffc0000-0x00000000ffffffff] reserved
[STDERR  ] 2018-01-08T13:15:00.299667455Z: [    0.000000] NX (Execute Disable) protection: active
[STDERR  ] 2018-01-08T13:15:00.29967649Z: [    0.000000] SMBIOS 2.8 present.
[STDERR  ] 2018-01-08T13:15:00.299682114Z: [    0.000000] e820: last_pfn = 0x3ffdf max_arch_pfn = 0x400000000
[STDERR  ] 2018-01-08T13:15:00.299687643Z: [    0.000000] x86/PAT: Configuration [0-7]: WB  WC  UC- UC  WB  WC  UC- WT  
[STDERR  ] 2018-01-08T13:15:00.299694127Z: [    0.000000] found SMP MP-table at [mem 0x000f6aa0-0x000f6aaf] mapped at [ffff89d0800f6aa0]
[STDERR  ] 2018-01-08T13:15:00.29969985Z: [    0.000000] RAMDISK: [mem 0x3df35000-0x3ffcffff]
[STDERR  ] 2018-01-08T13:15:00.299707675Z: [    0.000000] ACPI: Early table checksum verification disabled
[STDERR  ] 2018-01-08T13:15:00.299713287Z: [    0.000000] ACPI: RSDP 0x00000000000F68B0 000014 (v00 BOCHS )
[STDERR  ] 2018-01-08T13:15:00.299718737Z: [    0.000000] ACPI: RSDT 0x000000003FFE20A8 000034 (v01 BOCHS  BXPCRSDT 00000001 BXPC 00000001)
[STDERR  ] 2018-01-08T13:15:00.299724454Z: [    0.000000] ACPI: FACP 0x000000003FFE1EC8 0000F4 (v03 BOCHS  BXPCFACP 00000001 BXPC 00000001)
[STDERR  ] 2018-01-08T13:15:00.29972993Z: [    0.000000] ACPI: DSDT 0x000000003FFE0040 001E88 (v01 BOCHS  BXPCDSDT 00000001 BXPC 00000001)
[STDERR  ] 2018-01-08T13:15:00.299735472Z: [    0.000000] ACPI: FACS 0x000000003FFE0000 000040
[STDERR  ] 2018-01-08T13:15:00.299740884Z: [    0.000000] ACPI: APIC 0x000000003FFE1FBC 000078 (v01 BOCHS  BXPCAPIC 00000001 BXPC 00000001)
[STDERR  ] 2018-01-08T13:15:00.299748847Z: [    0.000000] ACPI: HPET 0x000000003FFE2034 000038 (v01 BOCHS  BXPCHPET 00000001 BXPC 00000001)
[STDERR  ] 2018-01-08T13:15:00.299758375Z: [    0.000000] ACPI: MCFG 0x000000003FFE206C 00003C (v01 BOCHS  BXPCMCFG 00000001 BXPC 00000001)
[STDERR  ] 2018-01-08T13:15:00.299763937Z: [    0.000000] Zone ranges:
[STDERR  ] 2018-01-08T13:15:00.299769442Z: [    0.000000]   DMA      [mem 0x0000000000001000-0x0000000000ffffff]
[STDERR  ] 2018-01-08T13:15:00.299777524Z: [    0.000000]   DMA32    [mem 0x0000000001000000-0x000000003ffdefff]
[STDERR  ] 2018-01-08T13:15:00.299783275Z: [    0.000000]   Normal   empty
[STDERR  ] 2018-01-08T13:15:00.299789599Z: [    0.000000] Movable zone start for each node
[STDERR  ] 2018-01-08T13:15:00.299795182Z: [    0.000000] Early memory node ranges
[STDERR  ] 2018-01-08T13:15:00.299800634Z: [    0.000000]   node   0: [mem 0x0000000000001000-0x000000000009efff]
[STDERR  ] 2018-01-08T13:15:00.299806004Z: [    0.000000]   node   0: [mem 0x0000000000100000-0x000000003ffdefff]
[STDERR  ] 2018-01-08T13:15:00.2998119Z: [    0.000000] Initmem setup node 0 [mem 0x0000000000001000-0x000000003ffdefff]
[STDERR  ] 2018-01-08T13:15:00.29981764Z: [    0.000000] ACPI: PM-Timer IO Port: 0x608
[STDERR  ] 2018-01-08T13:15:00.299823294Z: [    0.000000] ACPI: LAPIC_NMI (acpi_id[0xff] dfl dfl lint[0x1])
[STDERR  ] 2018-01-08T13:15:00.299828737Z: [    0.000000] IOAPIC[0]: apic_id 0, version 32, address 0xfec00000, GSI 0-23
[STDERR  ] 2018-01-08T13:15:00.29983429Z: [    0.000000] ACPI: INT_SRC_OVR (bus 0 bus_irq 0 global_irq 2 dfl dfl)
[STDERR  ] 2018-01-08T13:15:00.299840032Z: [    0.000000] ACPI: INT_SRC_OVR (bus 0 bus_irq 5 global_irq 5 high level)
[STDERR  ] 2018-01-08T13:15:00.299849132Z: [    0.000000] ACPI: INT_SRC_OVR (bus 0 bus_irq 9 global_irq 9 high level)
[STDERR  ] 2018-01-08T13:15:00.299854729Z: [    0.000000] ACPI: INT_SRC_OVR (bus 0 bus_irq 10 global_irq 10 high level)
[STDERR  ] 2018-01-08T13:15:00.299860185Z: [    0.000000] ACPI: INT_SRC_OVR (bus 0 bus_irq 11 global_irq 11 high level)
[STDERR  ] 2018-01-08T13:15:00.299865875Z: [    0.000000] Using ACPI (MADT) for SMP configuration information
[STDERR  ] 2018-01-08T13:15:00.299871474Z: [    0.000000] ACPI: HPET id: 0x8086a201 base: 0xfed00000
[STDERR  ] 2018-01-08T13:15:00.299877033Z: [    0.000000] smpboot: Allowing 1 CPUs, 0 hotplug CPUs
[STDERR  ] 2018-01-08T13:15:00.299882545Z: [    0.000000] e820: [mem 0x40000000-0xafffffff] available for PCI devices
[STDERR  ] 2018-01-08T13:15:00.299888337Z: [    0.000000] Booting paravirtualized kernel on bare hardware
[STDERR  ] 2018-01-08T13:15:00.299896574Z: [    0.000000] clocksource: refined-jiffies: mask: 0xffffffff max_cycles: 0xffffffff, max_idle_ns: 19112604462750000 ns
[STDERR  ] 2018-01-08T13:15:00.299903354Z: [    0.000000] setup_percpu: NR_CPUS:128 nr_cpumask_bits:128 nr_cpu_ids:1 nr_node_ids:1
[STDERR  ] 2018-01-08T13:15:00.299909001Z: [    0.000000] percpu: Embedded 35 pages/cpu @ffff89d0bdc00000 s105048 r8192 d30120 u2097152
[STDERR  ] 2018-01-08T13:15:00.299937858Z: [    0.000000] Built 1 zonelists in Zone order, mobility grouping on.  Total pages: 257896
[STDERR  ] 2018-01-08T13:15:00.299945279Z: [    0.000000] Kernel command line: console=ttyS0 console=ttyAMA0
[STDERR  ] 2018-01-08T13:15:00.299950722Z: [    0.000000] PID hash table entries: 4096 (order: 3, 32768 bytes)
[STDERR  ] 2018-01-08T13:15:00.299956271Z: [    0.000000] Dentry cache hash table entries: 131072 (order: 8, 1048576 bytes)
[STDERR  ] 2018-01-08T13:15:00.299961946Z: [    0.000000] Inode-cache hash table entries: 65536 (order: 7, 524288 bytes)
[STDERR  ] 2018-01-08T13:15:00.299968444Z: [    0.000000] Memory: 980788K/1048052K available (8049K kernel code, 1367K rwdata, 2700K rodata, 1380K init, 564K bss, 67264K reserved, 0K cma-reserved)
[STDERR  ] 2018-01-08T13:15:00.299974891Z: [    0.000000] Hierarchical RCU implementation.
[STDERR  ] 2018-01-08T13:15:00.299980608Z: [    0.000000] 	Build-time adjustment of leaf fanout to 64.
[STDERR  ] 2018-01-08T13:15:00.299986126Z: [    0.000000] 	RCU restricting CPUs from NR_CPUS=128 to nr_cpu_ids=1.
[STDERR  ] 2018-01-08T13:15:00.299992016Z: [    0.000000] RCU: Adjusting geometry for rcu_fanout_leaf=64, nr_cpu_ids=1
[STDERR  ] 2018-01-08T13:15:00.300002676Z: [    0.000000] NR_IRQS:8448 nr_irqs:256 16
[STDERR  ] 2018-01-08T13:15:00.300008494Z: [    0.000000] Console: colour VGA+ 80x25
[STDERR  ] 2018-01-08T13:15:00.300013973Z: [    0.000000] console [ttyS0] enabled
[STDERR  ] 2018-01-08T13:15:00.300019409Z: [    0.000000] clocksource: hpet: mask: 0xffffffff max_cycles: 0xffffffff, max_idle_ns: 19112604467 ns
[STDERR  ] 2018-01-08T13:15:00.300024954Z: [    0.000000] tsc: Fast TSC calibration using PIT
[STDERR  ] 2018-01-08T13:15:00.300030506Z: [    0.000000] tsc: Detected 2599.998 MHz processor
[STDERR  ] 2018-01-08T13:15:00.300035901Z: [    0.021603] Calibrating delay loop (skipped), value calculated using timer frequency.. 5199.99 BogoMIPS (lpj=25999980)
[STDERR  ] 2018-01-08T13:15:00.300042123Z: [    0.022618] pid_max: default: 32768 minimum: 301
[STDERR  ] 2018-01-08T13:15:00.300047604Z: [    0.023550] ACPI: Core revision 20160831
[STDERR  ] 2018-01-08T13:15:00.300053006Z: [    0.049821] ACPI: 1 ACPI AML tables successfully acquired and loaded
[STDERR  ] 2018-01-08T13:15:00.300058932Z: [    0.053986] Security Framework initialized
[STDERR  ] 2018-01-08T13:15:00.300064439Z: [    0.054373] Yama: becoming mindful.
[STDERR  ] 2018-01-08T13:15:00.300069811Z: [    0.056374] Mount-cache hash table entries: 2048 (order: 2, 16384 bytes)
[STDERR  ] 2018-01-08T13:15:00.300078483Z: [    0.056833] Mountpoint-cache hash table entries: 2048 (order: 2, 16384 bytes)
[STDERR  ] 2018-01-08T13:15:00.300088002Z: [    0.075603] Last level iTLB entries: 4KB 0, 2MB 0, 4MB 0
[STDERR  ] 2018-01-08T13:15:00.300093946Z: [    0.076077] Last level dTLB entries: 4KB 0, 2MB 0, 4MB 0, 1GB 0
[STDERR  ] 2018-01-08T13:15:00.300103191Z: [    0.421292] Freeing SMP alternatives memory: 20K
[STDERR  ] 2018-01-08T13:15:00.300109766Z: [    0.430380] ftrace: allocating 35540 entries in 139 pages
[STDERR  ] 2018-01-08T13:15:00.300115672Z: [    0.513727] smpboot: Max logical packages: 1
[STDERR  ] 2018-01-08T13:15:00.300123268Z: [    0.520000] ..TIMER: vector=0x30 apic1=0 pin1=2 apic2=-1 pin2=-1
[STDERR  ] 2018-01-08T13:15:00.300129081Z: [    0.620000] smpboot: CPU0: AMD QEMU Virtual CPU version 2.5+ (family: 0x6, model: 0x6, stepping: 0x3)
[STDERR  ] 2018-01-08T13:15:00.300134729Z: [    0.620000] Performance Events: PMU not available due to virtualization, using software events only.
[STDERR  ] 2018-01-08T13:15:00.300140244Z: [    0.627735] NMI watchdog: disabled (cpu0): hardware events not enabled
[STDERR  ] 2018-01-08T13:15:00.300145674Z: [    0.628192] NMI watchdog: Shutting down hard lockup detector on all cpus
[STDERR  ] 2018-01-08T13:15:00.300151192Z: [    0.631298] x86: Booted up 1 node, 1 CPUs
[STDERR  ] 2018-01-08T13:15:00.300156562Z: [    0.631709] smpboot: Total of 1 processors activated (5199.99 BogoMIPS)
[STDERR  ] 2018-01-08T13:15:00.300161996Z: [    0.646885] devtmpfs: initialized
[STDERR  ] 2018-01-08T13:15:00.300167486Z: [    0.651259] x86/mm: Memory block size: 128MB
[STDERR  ] 2018-01-08T13:15:00.300173011Z: [    0.681462] clocksource: jiffies: mask: 0xffffffff max_cycles: 0xffffffff, max_idle_ns: 19112604462750000 ns
[STDERR  ] 2018-01-08T13:15:00.300178436Z: [    0.682352] futex hash table entries: 256 (order: 2, 16384 bytes)
[STDERR  ] 2018-01-08T13:15:00.300183973Z: [    0.690895] NET: Registered protocol family 16
[STDERR  ] 2018-01-08T13:15:00.300193982Z: [    0.699012] cpuidle: using governor ladder
[STDERR  ] 2018-01-08T13:15:00.300199602Z: [    0.699533] cpuidle: using governor menu
[STDERR  ] 2018-01-08T13:15:00.300205352Z: [    0.700782] ACPI: bus type PCI registered
[STDERR  ] 2018-01-08T13:15:00.300214779Z: [    0.703963] PCI: MMCONFIG for domain 0000 [bus 00-ff] at [mem 0xb0000000-0xbfffffff] (base 0xb0000000)
[STDERR  ] 2018-01-08T13:15:00.300224048Z: [    0.704760] PCI: MMCONFIG at [mem 0xb0000000-0xbfffffff] reserved in E820
[STDERR  ] 2018-01-08T13:15:00.300233086Z: [    0.705864] PCI: Using configuration type 1 for base access
[STDERR  ] 2018-01-08T13:15:00.300252681Z: [    0.747276] HugeTLB registered 2 MB page size, pre-allocated 0 pages
[STDERR  ] 2018-01-08T13:15:00.300262282Z: [    0.759137] ACPI: Added _OSI(Module Device)
[STDERR  ] 2018-01-08T13:15:00.300269028Z: [    0.759444] ACPI: Added _OSI(Processor Device)
[STDERR  ] 2018-01-08T13:15:00.300274538Z: [    0.759809] ACPI: Added _OSI(3.0 _SCP Extensions)
[STDERR  ] 2018-01-08T13:15:00.300279952Z: [    0.760000] ACPI: Added _OSI(Processor Aggregator Device)
[STDERR  ] 2018-01-08T13:15:00.300285509Z: [    0.807392] ACPI: Interpreter enabled
[STDERR  ] 2018-01-08T13:15:00.300290839Z: [    0.810394] ACPI: (supports S0 S5)
[STDERR  ] 2018-01-08T13:15:00.300296377Z: [    0.810761] ACPI: Using IOAPIC for interrupt routing
[STDERR  ] 2018-01-08T13:15:00.300301757Z: [    0.813333] PCI: Using host bridge windows from ACPI; if necessary, use "pci=nocrs" and report a bug
[STDERR  ] 2018-01-08T13:15:00.300310517Z: [    0.861199] ACPI: PCI Root Bridge [PCI0] (domain 0000 [bus 00-ff])
[STDERR  ] 2018-01-08T13:15:00.300316268Z: [    0.862374] acpi PNP0A08:00: _OSC: OS supports [ExtendedConfig ASPM ClockPM Segments MSI]
[STDERR  ] 2018-01-08T13:15:00.300324225Z: [    0.867857] acpi PNP0A08:00: _OSC: OS now controls [PCIeHotplug PME PCIeCapability]
[STDERR  ] 2018-01-08T13:15:00.300329728Z: [    0.871523] PCI host bridge to bus 0000:00
[STDERR  ] 2018-01-08T13:15:00.300335245Z: [    0.872033] pci_bus 0000:00: root bus resource [io  0x0000-0x0cf7 window]
[STDERR  ] 2018-01-08T13:15:00.300340738Z: [    0.872416] pci_bus 0000:00: root bus resource [io  0x0d00-0xffff window]
[STDERR  ] 2018-01-08T13:15:00.30035125Z: [    0.872823] pci_bus 0000:00: root bus resource [mem 0x000a0000-0x000bffff window]
[STDERR  ] 2018-01-08T13:15:00.300356967Z: [    0.873195] pci_bus 0000:00: root bus resource [mem 0xc0000000-0xfebfffff window]
[STDERR  ] 2018-01-08T13:15:00.300362578Z: [    0.873814] pci_bus 0000:00: root bus resource [bus 00-ff]
[STDERR  ] 2018-01-08T13:15:00.300368061Z: [    1.001939] pci 0000:00:1f.0: quirk: [io  0x0600-0x067f] claimed by ICH6 ACPI/GPIO/TCO
[STDERR  ] 2018-01-08T13:15:00.300373755Z: [    1.074410] ACPI: PCI Interrupt Link [LNKA] (IRQs 5 *10 11)
[STDERR  ] 2018-01-08T13:15:00.300379252Z: [    1.076737] ACPI: PCI Interrupt Link [LNKB] (IRQs 5 *10 11)
[STDERR  ] 2018-01-08T13:15:00.300384695Z: [    1.078596] ACPI: PCI Interrupt Link [LNKC] (IRQs 5 10 *11)
[STDERR  ] 2018-01-08T13:15:00.300390032Z: [    1.080987] ACPI: PCI Interrupt Link [LNKD] (IRQs 5 10 *11)
[STDERR  ] 2018-01-08T13:15:00.300395522Z: [    1.082321] ACPI: PCI Interrupt Link [LNKE] (IRQs 5 *10 11)
[STDERR  ] 2018-01-08T13:15:00.300400841Z: [    1.083764] ACPI: PCI Interrupt Link [LNKF] (IRQs 5 *10 11)
[STDERR  ] 2018-01-08T13:15:00.300406361Z: [    1.085347] ACPI: PCI Interrupt Link [LNKG] (IRQs 5 10 *11)
[STDERR  ] 2018-01-08T13:15:00.300411901Z: [    1.086700] ACPI: PCI Interrupt Link [LNKH] (IRQs 5 10 *11)
[STDERR  ] 2018-01-08T13:15:00.300417317Z: [    1.087472] ACPI: PCI Interrupt Link [GSIA] (IRQs *16)
[STDERR  ] 2018-01-08T13:15:00.300422703Z: [    1.088111] ACPI: PCI Interrupt Link [GSIB] (IRQs *17)
[STDERR  ] 2018-01-08T13:15:00.30042819Z: [    1.088737] ACPI: PCI Interrupt Link [GSIC] (IRQs *18)
[STDERR  ] 2018-01-08T13:15:00.300433573Z: [    1.089347] ACPI: PCI Interrupt Link [GSID] (IRQs *19)
[STDERR  ] 2018-01-08T13:15:00.300439072Z: [    1.090489] ACPI: PCI Interrupt Link [GSIE] (IRQs *20)
[STDERR  ] 2018-01-08T13:15:00.30044452Z: [    1.090911] ACPI: PCI Interrupt Link [GSIF] (IRQs *21)
[STDERR  ] 2018-01-08T13:15:00.300449908Z: [    1.091340] ACPI: PCI Interrupt Link [GSIG] (IRQs *22)
[STDERR  ] 2018-01-08T13:15:00.300457561Z: [    1.091792] ACPI: PCI Interrupt Link [GSIH] (IRQs *23)
[STDERR  ] 2018-01-08T13:15:00.300463108Z: [    1.095043] ACPI: Enabled 1 GPEs in block 00 to 3F
[STDERR  ] 2018-01-08T13:15:00.300468582Z: [    1.098346] SCSI subsystem initialized
[STDERR  ] 2018-01-08T13:15:00.300473965Z: [    1.100736] ACPI: bus type USB registered
[STDERR  ] 2018-01-08T13:15:00.300479395Z: [    1.102114] usbcore: registered new interface driver usbfs
[STDERR  ] 2018-01-08T13:15:00.300487881Z: [    1.103013] usbcore: registered new interface driver hub
[STDERR  ] 2018-01-08T13:15:00.300493617Z: [    1.103827] usbcore: registered new device driver usb
[STDERR  ] 2018-01-08T13:15:00.300499032Z: [    1.105193] pps_core: LinuxPPS API ver. 1 registered
[STDERR  ] 2018-01-08T13:15:00.300504477Z: [    1.105499] pps_core: Software ver. 5.3.6 - Copyright 2005-2007 Rodolfo Giometti <giometti@linux.it>
[STDERR  ] 2018-01-08T13:15:00.300510062Z: [    1.106158] PTP clock support registered
[STDERR  ] 2018-01-08T13:15:00.300515892Z: [    1.107652] wmi: Mapper loaded
[STDERR  ] 2018-01-08T13:15:00.300525182Z: [    1.108802] PCI: Using ACPI for IRQ routing
[STDERR  ] 2018-01-08T13:15:00.30053098Z: [    1.123098] NetLabel: Initializing
[STDERR  ] 2018-01-08T13:15:00.300536542Z: [    1.123321] NetLabel:  domain hash size = 128
[STDERR  ] 2018-01-08T13:15:00.300541937Z: [    1.123669] NetLabel:  protocols = UNLABELED CIPSOv4
[STDERR  ] 2018-01-08T13:15:00.300547392Z: [    1.126253] NetLabel:  unlabeled traffic allowed by default
[STDERR  ] 2018-01-08T13:15:00.300552835Z: [    1.127553] HPET: 3 timers in total, 0 timers will be used for per-cpu timer
[STDERR  ] 2018-01-08T13:15:00.300558543Z: [    1.128364] hpet0: at MMIO 0xfed00000, IRQs 2, 8, 0
[STDERR  ] 2018-01-08T13:15:00.300564002Z: [    1.128877] hpet0: 3 comparators, 64-bit 100.000000 MHz counter
[STDERR  ] 2018-01-08T13:15:00.300569713Z: [    1.134867] clocksource: Switched to clocksource hpet
[STDERR  ] 2018-01-08T13:15:00.300578591Z: [    1.380808] VFS: Disk quotas dquot_6.6.0
[STDERR  ] 2018-01-08T13:15:00.300584145Z: [    1.381517] VFS: Dquot-cache hash table entries: 512 (order 0, 4096 bytes)
[STDERR  ] 2018-01-08T13:15:00.300589631Z: [    1.385244] FS-Cache: Loaded
[STDERR  ] 2018-01-08T13:15:00.300595232Z: [    1.389947] CacheFiles: Loaded
[STDERR  ] 2018-01-08T13:15:00.300603101Z: [    1.392258] pnp: PnP ACPI init
[STDERR  ] 2018-01-08T13:15:00.300608728Z: [    1.401195] pnp: PnP ACPI: found 5 devices
[STDERR  ] 2018-01-08T13:15:00.30061414Z: [    1.442042] clocksource: acpi_pm: mask: 0xffffff max_cycles: 0xffffff, max_idle_ns: 2085701024 ns
[STDERR  ] 2018-01-08T13:15:00.300620125Z: [    1.445821] NET: Registered protocol family 2
[STDERR  ] 2018-01-08T13:15:00.30063214Z: [    1.454520] TCP established hash table entries: 8192 (order: 4, 65536 bytes)
[STDERR  ] 2018-01-08T13:15:00.300637795Z: [    1.455377] TCP bind hash table entries: 8192 (order: 5, 131072 bytes)
[STDERR  ] 2018-01-08T13:15:00.300643182Z: [    1.456080] TCP: Hash tables configured (established 8192 bind 8192)
[STDERR  ] 2018-01-08T13:15:00.300650963Z: [    1.458138] UDP hash table entries: 512 (order: 2, 16384 bytes)
[STDERR  ] 2018-01-08T13:15:00.300656511Z: [    1.458774] UDP-Lite hash table entries: 512 (order: 2, 16384 bytes)
[STDERR  ] 2018-01-08T13:15:00.300661963Z: [    1.461372] NET: Registered protocol family 1
[STDERR  ] 2018-01-08T13:15:00.30066743Z: [    1.462737] pci 0000:00:01.0: Video device with shadowed ROM at [mem 0x000c0000-0x000dffff]
[STDERR  ] 2018-01-08T13:15:00.30067315Z: [    1.474299] Unpacking initramfs...
[STDERR  ] 2018-01-08T13:15:00.300678617Z: [    7.238632] Freeing initrd memory: 33388K
[STDERR  ] 2018-01-08T13:15:00.300686057Z: [    7.266903] PCLMULQDQ-NI instructions are not detected.
[STDERR  ] 2018-01-08T13:15:00.300691568Z: [    7.268163] AVX or AES-NI instructions are not detected.
[STDERR  ] 2018-01-08T13:15:00.300697082Z: [    7.268609] CPU feature 'AVX registers' is not supported.
[STDERR  ] 2018-01-08T13:15:00.300705021Z: [    7.269023] CPU feature 'AVX registers' is not supported.
[STDERR  ] 2018-01-08T13:15:00.30071091Z: [    7.269448] CPU feature 'AVX registers' is not supported.
[STDERR  ] 2018-01-08T13:15:00.300716441Z: [    7.269873] CPU feature 'AVX registers' is not supported.
[STDERR  ] 2018-01-08T13:15:00.300724827Z: [    7.270672] AVX2 or AES-NI instructions are not detected.
[STDERR  ] 2018-01-08T13:15:00.300730339Z: [    7.271009] AVX2 instructions are not detected.
[STDERR  ] 2018-01-08T13:15:00.30074088Z: [    7.276029] audit: initializing netlink subsys (disabled)
[STDERR  ] 2018-01-08T13:15:00.300746652Z: [    7.277726] audit: type=2000 audit(1515417265.270:1): initialized
[STDERR  ] 2018-01-08T13:15:00.300752164Z: [    7.284856] workingset: timestamp_bits=46 max_order=18 bucket_order=0
[STDERR  ] 2018-01-08T13:15:00.300757669Z: [    7.288186] squashfs: version 4.0 (2009/01/31) Phillip Lougher
[STDERR  ] 2018-01-08T13:15:00.300763207Z: [    7.291527] FS-Cache: Netfs 'cifs' registered for caching
[STDERR  ] 2018-01-08T13:15:00.300769139Z: [    7.292781] fuse init (API version 7.26)
[STDERR  ] 2018-01-08T13:15:00.300776036Z: [    7.295883] SGI XFS with ACLs, security attributes, no debug enabled
[STDERR  ] 2018-01-08T13:15:00.300781619Z: [    7.302830] 9p: Installing v9fs 9p2000 file system support
[STDERR  ] 2018-01-08T13:15:00.300787249Z: [    7.303175] FS-Cache: Netfs '9p' registered for caching
[STDERR  ] 2018-01-08T13:15:00.300792661Z: [    7.331790] NET: Registered protocol family 38
[STDERR  ] 2018-01-08T13:15:00.300798204Z: [    7.332395] Key type asymmetric registered
[STDERR  ] 2018-01-08T13:15:00.300803677Z: [    7.332743] Asymmetric key parser 'x509' registered
[STDERR  ] 2018-01-08T13:15:00.300809077Z: [    7.333754] Block layer SCSI generic (bsg) driver version 0.4 loaded (major 251)
[STDERR  ] 2018-01-08T13:15:00.300814404Z: [    7.335322] io scheduler noop registered
[STDERR  ] 2018-01-08T13:15:00.300819926Z: [    7.335695] io scheduler deadline registered (default)
[STDERR  ] 2018-01-08T13:15:00.300828357Z: [    7.336649] io scheduler cfq registered
[STDERR  ] 2018-01-08T13:15:00.300834151Z: [    7.339089] pci_hotplug: PCI Hot Plug PCI Core version: 0.5
[STDERR  ] 2018-01-08T13:15:00.300839629Z: [    7.339647] pciehp: PCI Express Hot Plug Controller Driver version: 0.4
[STDERR  ] 2018-01-08T13:15:00.30084521Z: [    7.341938] shpchp: Standard Hot Plug PCI Controller Driver version: 0.4
[STDERR  ] 2018-01-08T13:15:00.300850741Z: [    7.342792] hv_vmbus: registering driver hyperv_fb
[STDERR  ] 2018-01-08T13:15:00.300856049Z: [    7.346081] input: Power Button as /devices/LNXSYSTM:00/LNXPWRBN:00/input/input0
[STDERR  ] 2018-01-08T13:15:00.300861909Z: [    7.347220] ACPI: Power Button [PWRF]
[STDERR  ] 2018-01-08T13:15:00.300867322Z: [    7.353360] GHES: HEST is not enabled!
[STDERR  ] 2018-01-08T13:15:00.300872719Z: [    7.361860] ACPI: PCI Interrupt Link [GSIG] enabled at IRQ 22
[STDERR  ] 2018-01-08T13:15:00.300878087Z: [    7.374507] ACPI: PCI Interrupt Link [GSIH] enabled at IRQ 23
[STDERR  ] 2018-01-08T13:15:00.300883492Z: [    7.379182] xenfs: not registering filesystem on non-xen platform
[STDERR  ] 2018-01-08T13:15:00.300888814Z: [    7.381886] Serial: 8250/16550 driver, 4 ports, IRQ sharing disabled
[STDERR  ] 2018-01-08T13:15:00.300894324Z: [    7.405972] 00:04: ttyS0 at I/O 0x3f8 (irq = 4, base_baud = 115200) is a 16550A
[STDERR  ] 2018-01-08T13:15:00.300899621Z: [    7.417088] Non-volatile memory driver v1.3
[STDERR  ] 2018-01-08T13:15:00.300905094Z: [    7.422869] Hangcheck: starting hangcheck timer 0.9.1 (tick is 180 seconds, margin is 60 seconds).
[STDERR  ] 2018-01-08T13:15:00.300913142Z: [    7.427034] random: fast init done
[STDERR  ] 2018-01-08T13:15:00.300918606Z: [    7.428171] random: crng init done
[STDERR  ] 2018-01-08T13:15:00.300923986Z: [    7.456957] loop: module loaded
[STDERR  ] 2018-01-08T13:15:00.300929429Z: [    7.471300] nbd: registered device at major 43
[STDERR  ] 2018-01-08T13:15:00.300934827Z: [    7.503648] lpc_ich 0000:00:1f.0: I/O space for GPIO uninitialized
[STDERR  ] 2018-01-08T13:15:00.300940354Z: [    7.505632] VMware PVSCSI driver - version 1.0.7.0-k
[STDERR  ] 2018-01-08T13:15:00.300945774Z: [    7.506409] hv_vmbus: registering driver hv_storvsc
[STDERR  ] 2018-01-08T13:15:00.300951232Z: [    7.513304] ACPI: PCI Interrupt Link [GSIA] enabled at IRQ 16
[STDERR  ] 2018-01-08T13:15:00.30095663Z: [    7.519042] ahci 0000:00:1f.2: AHCI 0001.0000 32 slots 6 ports 1.5 Gbps 0x3f impl SATA mode
[STDERR  ] 2018-01-08T13:15:00.300962224Z: [    7.519667] ahci 0000:00:1f.2: flags: 64bit ncq only 
[STDERR  ] 2018-01-08T13:15:00.30097323Z: [    7.537429] scsi host0: ahci
[STDERR  ] 2018-01-08T13:15:00.300979204Z: [    7.540893] scsi host1: ahci
[STDERR  ] 2018-01-08T13:15:00.300984807Z: [    7.542662] scsi host2: ahci
[STDERR  ] 2018-01-08T13:15:00.300992561Z: [    7.544471] scsi host3: ahci
[STDERR  ] 2018-01-08T13:15:00.300998042Z: [    7.547098] scsi host4: ahci
[STDERR  ] 2018-01-08T13:15:00.301003437Z: [    7.549691] scsi host5: ahci
[STDERR  ] 2018-01-08T13:15:00.301008827Z: [    7.551477] ata1: SATA max UDMA/133 abar m4096@0xfebd2000 port 0xfebd2100 irq 24
[STDERR  ] 2018-01-08T13:15:00.301014271Z: [    7.551964] ata2: SATA max UDMA/133 abar m4096@0xfebd2000 port 0xfebd2180 irq 24
[STDERR  ] 2018-01-08T13:15:00.301019621Z: [    7.552361] ata3: SATA max UDMA/133 abar m4096@0xfebd2000 port 0xfebd2200 irq 24
[STDERR  ] 2018-01-08T13:15:00.301025016Z: [    7.552737] ata4: SATA max UDMA/133 abar m4096@0xfebd2000 port 0xfebd2280 irq 24
[STDERR  ] 2018-01-08T13:15:00.301033857Z: [    7.553086] ata5: SATA max UDMA/133 abar m4096@0xfebd2000 port 0xfebd2300 irq 24
[STDERR  ] 2018-01-08T13:15:00.301043124Z: [    7.553459] ata6: SATA max UDMA/133 abar m4096@0xfebd2000 port 0xfebd2380 irq 24
[STDERR  ] 2018-01-08T13:15:00.30105567Z: [    7.565459] tun: Universal TUN/TAP device driver, 1.6
[STDERR  ] 2018-01-08T13:15:00.301065832Z: [    7.565821] tun: (C) 1999-2004 Max Krasnyansky <maxk@qualcomm.com>
[STDERR  ] 2018-01-08T13:15:00.301074734Z: [    7.577097] VMware vmxnet3 virtual NIC driver - version 1.4.a.0-k-NAPI
[STDERR  ] 2018-01-08T13:15:00.301089427Z: [    7.577787] hv_vmbus: registering driver hv_netvsc
[STDERR  ] 2018-01-08T13:15:00.301101639Z: [    7.578081] Fusion MPT base driver 3.04.20
[STDERR  ] 2018-01-08T13:15:00.301111416Z: [    7.578318] Copyright (c) 1999-2008 LSI Corporation
[STDERR  ] 2018-01-08T13:15:00.301120346Z: [    7.578904] Fusion MPT SPI Host driver 3.04.20
[STDERR  ] 2018-01-08T13:15:00.301130043Z: [    7.581170] i8042: PNP: PS/2 Controller [PNP0303:KBD,PNP0f13:MOU] at 0x60,0x64 irq 1,12
[STDERR  ] 2018-01-08T13:15:00.301140041Z: [    7.584802] serio: i8042 KBD port at 0x60,0x64 irq 1
[STDERR  ] 2018-01-08T13:15:00.301153211Z: [    7.585386] serio: i8042 AUX port at 0x60,0x64 irq 12
[STDERR  ] 2018-01-08T13:15:00.301163735Z: [    7.587909] hv_vmbus: registering driver hyperv_keyboard
[STDERR  ] 2018-01-08T13:15:00.301173059Z: [    7.589808] mousedev: PS/2 mouse device common for all mice
[STDERR  ] 2018-01-08T13:15:00.301182388Z: [    7.594241] input: AT Translated Set 2 keyboard as /devices/platform/i8042/serio0/input/input1
[STDERR  ] 2018-01-08T13:15:00.301190323Z: [    7.596508] input: PC Speaker as /devices/platform/pcspkr/input/input2
[STDERR  ] 2018-01-08T13:15:00.301195871Z: [    7.599577] rtc_cmos 00:00: RTC can wake from S4
[STDERR  ] 2018-01-08T13:15:00.301201351Z: [    7.603166] rtc_cmos 00:00: rtc core: registered rtc_cmos as rtc0
[STDERR  ] 2018-01-08T13:15:00.301206876Z: [    7.604578] rtc_cmos 00:00: alarms up to one day, y3k, 114 bytes nvram, hpet irqs
[STDERR  ] 2018-01-08T13:15:00.301212281Z: [    7.605244] i2c /dev entries driver
[STDERR  ] 2018-01-08T13:15:00.301217756Z: [    7.606981] device-mapper: ioctl: 4.35.0-ioctl (2016-06-23) initialised: dm-devel@redhat.com
[STDERR  ] 2018-01-08T13:15:00.301226148Z: [    7.611927] usbcore: registered new interface driver usbhid
[STDERR  ] 2018-01-08T13:15:00.301231839Z: [    7.612283] usbhid: USB HID core driver
[STDERR  ] 2018-01-08T13:15:00.301237296Z: [    7.612871] hv_utils: Registering HyperV Utility Driver
[STDERR  ] 2018-01-08T13:15:00.301242829Z: [    7.613138] hv_vmbus: registering driver hv_util
[STDERR  ] 2018-01-08T13:15:00.301250003Z: [    7.613396] hv_vmbus: registering driver hv_balloon
[STDERR  ] 2018-01-08T13:15:00.301255625Z: [    7.613942] oprofile: using NMI interrupt.
[STDERR  ] 2018-01-08T13:15:00.30126101Z: [    7.614972] GACT probability on
[STDERR  ] 2018-01-08T13:15:00.30126759Z: [    7.615439] Mirror/redirect action on
[STDERR  ] 2018-01-08T13:15:00.301273738Z: [    7.616332] Simple TC action Loaded
[STDERR  ] 2018-01-08T13:15:00.301284889Z: [    7.616909] u32 classifier
[STDERR  ] 2018-01-08T13:15:00.30129088Z: [    7.617067]     Performance counters on
[STDERR  ] 2018-01-08T13:15:00.30129722Z: [    7.617292]     input device check on
[STDERR  ] 2018-01-08T13:15:00.301303683Z: [    7.617520]     Actions configured
[STDERR  ] 2018-01-08T13:15:00.301309999Z: [    7.618113] Netfilter messages via NETLINK v0.30.
[STDERR  ] 2018-01-08T13:15:00.301315518Z: [    7.618589] nfnl_acct: registering with nfnetlink.
[STDERR  ] 2018-01-08T13:15:00.301320919Z: [    7.620556] nf_conntrack version 0.5.0 (8192 buckets, 32768 max)
[STDERR  ] 2018-01-08T13:15:00.301326419Z: [    7.623397] ctnetlink v0.93: registering with nfnetlink.
[STDERR  ] 2018-01-08T13:15:00.301331843Z: [    7.626202] nf_tables: (c) 2007-2009 Patrick McHardy <kaber@trash.net>
[STDERR  ] 2018-01-08T13:15:00.301337305Z: [    7.627044] nf_tables_compat: (c) 2012 Pablo Neira Ayuso <pablo@netfilter.org>
[STDERR  ] 2018-01-08T13:15:00.30134288Z: [    7.629126] xt_time: kernel timezone is -0000
[STDERR  ] 2018-01-08T13:15:00.301348375Z: [    7.629640] ip_set: protocol 6
[STDERR  ] 2018-01-08T13:15:00.301353819Z: [    7.630630] IPVS: Registered protocols (TCP, UDP, SCTP, AH, ESP)
[STDERR  ] 2018-01-08T13:15:00.301359231Z: [    7.631171] IPVS: Connection hash table configured (size=4096, memory=64Kbytes)
[STDERR  ] 2018-01-08T13:15:00.301364746Z: [    7.632730] IPVS: Creating netns size=2104 id=0
[STDERR  ] 2018-01-08T13:15:00.301370249Z: [    7.636535] IPVS: ipvs loaded.
[STDERR  ] 2018-01-08T13:15:00.301381613Z: [    7.636940] IPVS: [rr] scheduler registered.
[STDERR  ] 2018-01-08T13:15:00.301387348Z: [    7.637279] IPVS: [wrr] scheduler registered.
[STDERR  ] 2018-01-08T13:15:00.301392778Z: [    7.637554] IPVS: [lc] scheduler registered.
[STDERR  ] 2018-01-08T13:15:00.301398275Z: [    7.637827] IPVS: [wlc] scheduler registered.
[STDERR  ] 2018-01-08T13:15:00.301403786Z: [    7.638069] IPVS: [fo] scheduler registered.
[STDERR  ] 2018-01-08T13:15:00.301409166Z: [    7.638292] IPVS: [ovf] scheduler registered.
[STDERR  ] 2018-01-08T13:15:00.301414559Z: [    7.638781] IPVS: [lblc] scheduler registered.
[STDERR  ] 2018-01-08T13:15:00.301419901Z: [    7.639173] IPVS: [lblcr] scheduler registered.
[STDERR  ] 2018-01-08T13:15:00.301425305Z: [    7.639455] IPVS: [dh] scheduler registered.
[STDERR  ] 2018-01-08T13:15:00.301430806Z: [    7.639709] IPVS: [sh] scheduler registered.
[STDERR  ] 2018-01-08T13:15:00.301436351Z: [    7.639969] IPVS: [sed] scheduler registered.
[STDERR  ] 2018-01-08T13:15:00.301443993Z: [    7.640862] IPVS: [nq] scheduler registered.
[STDERR  ] 2018-01-08T13:15:00.301451451Z: [    7.641535] IPVS: ftp: loaded support on port[0] = 21
[STDERR  ] 2018-01-08T13:15:00.301457836Z: [    7.642390] ipip: IPv4 and MPLS over IPv4 tunneling driver
[STDERR  ] 2018-01-08T13:15:00.301466366Z: [    7.645951] gre: GRE over IPv4 demultiplexor driver
[STDERR  ] 2018-01-08T13:15:00.301473566Z: [    7.648889] ip_tables: (C) 2000-2006 Netfilter Core Team
[STDERR  ] 2018-01-08T13:15:00.301479036Z: [    7.652719] ipt_CLUSTERIP: ClusterIP Version 0.8 loaded successfully
[STDERR  ] 2018-01-08T13:15:00.301484578Z: [    7.653466] arp_tables: arp_tables: (C) 2002 David S. Miller
[STDERR  ] 2018-01-08T13:15:00.301490031Z: [    7.655650] NET: Registered protocol family 10
[STDERR  ] 2018-01-08T13:15:00.301495399Z: [    7.668970] ip6_tables: (C) 2000-2006 Netfilter Core Team
[STDERR  ] 2018-01-08T13:15:00.301500777Z: [    7.678051] NET: Registered protocol family 17
[STDERR  ] 2018-01-08T13:15:00.301506338Z: [    7.679032] Bridge firewalling registered
[STDERR  ] 2018-01-08T13:15:00.301511789Z: [    7.679550] Ebtables v2.0 registered
[STDERR  ] 2018-01-08T13:15:00.301517319Z: [    7.681920] 8021q: 802.1Q VLAN Support v1.8
[STDERR  ] 2018-01-08T13:15:00.301522775Z: [    7.683261] 9pnet: Installing 9P2000 support
[STDERR  ] 2018-01-08T13:15:00.301528115Z: [    7.684657] Key type dns_resolver registered
[STDERR  ] 2018-01-08T13:15:00.301533567Z: [    7.685473] microcode: AMD CPU family 0x6 not supported
[STDERR  ] 2018-01-08T13:15:00.301542762Z: [    7.689129] registered taskstats version 1
[STDERR  ] 2018-01-08T13:15:00.301548257Z: [    7.884598] ata1: SATA link up 1.5 Gbps (SStatus 113 SControl 300)
[STDERR  ] 2018-01-08T13:15:00.30155381Z: [    7.890967] ata1.00: ATA-7: QEMU HARDDISK, 2.5+, max UDMA/100
[STDERR  ] 2018-01-08T13:15:00.301559245Z: [    7.891380] ata1.00: 1048576 sectors, multi 16: LBA48 NCQ (depth 31/32)
[STDERR  ] 2018-01-08T13:15:00.301564642Z: [    7.891916] ata1.00: applying bridge limits
[STDERR  ] 2018-01-08T13:15:00.301570015Z: [    7.894399] ata4: SATA link down (SStatus 0 SControl 300)
[STDERR  ] 2018-01-08T13:15:00.3015754Z: [    7.895777] ata3: SATA link up 1.5 Gbps (SStatus 113 SControl 300)
[STDERR  ] 2018-01-08T13:15:00.301581009Z: [    7.896523] ata3.00: ATAPI: QEMU DVD-ROM, 2.5+, max UDMA/100
[STDERR  ] 2018-01-08T13:15:00.301586405Z: [    7.896868] ata3.00: applying bridge limits
[STDERR  ] 2018-01-08T13:15:00.301591718Z: [    7.897875] ata3.00: configured for UDMA/100
[STDERR  ] 2018-01-08T13:15:00.301599535Z: [    7.899973] ata2: SATA link down (SStatus 0 SControl 300)
[STDERR  ] 2018-01-08T13:15:00.301605234Z: [    7.900673] ata6: SATA link down (SStatus 0 SControl 300)
[STDERR  ] 2018-01-08T13:15:00.301610774Z: [    7.901338] ata1.00: configured for UDMA/100
[STDERR  ] 2018-01-08T13:15:00.301616219Z: [    7.911926] ata5: SATA link down (SStatus 0 SControl 300)
[STDERR  ] 2018-01-08T13:15:00.301628368Z: [    7.914914] Key type big_key registered
[STDERR  ] 2018-01-08T13:15:00.301637699Z: [    7.921035] scsi 0:0:0:0: Direct-Access     ATA      QEMU HARDDISK    2.5+ PQ: 0 ANSI: 5
[STDERR  ] 2018-01-08T13:15:00.301643494Z: [    7.934648] sd 0:0:0:0: [sda] 1048576 512-byte logical blocks: (537 MB/512 MiB)
[STDERR  ] 2018-01-08T13:15:00.301649049Z: [    7.936319] sd 0:0:0:0: Attached scsi generic sg0 type 0
[STDERR  ] 2018-01-08T13:15:00.301654484Z: [    7.941144] sd 0:0:0:0: [sda] Write Protect is off
[STDERR  ] 2018-01-08T13:15:00.301659919Z: [    7.952222] scsi 2:0:0:0: CD-ROM            QEMU     QEMU DVD-ROM     2.5+ PQ: 0 ANSI: 5
[STDERR  ] 2018-01-08T13:15:00.301665417Z: [    7.956355] sd 0:0:0:0: [sda] Write cache: enabled, read cache: enabled, doesn't support DPO or FUA
[STDERR  ] 2018-01-08T13:15:00.301671114Z: [    7.974047] sr 2:0:0:0: [sr0] scsi3-mmc drive: 4x/4x cd/rw xa/form2 tray
[STDERR  ] 2018-01-08T13:15:00.301676577Z: [    7.974762] cdrom: Uniform CD-ROM driver Revision: 3.20
[STDERR  ] 2018-01-08T13:15:00.301682072Z: [    7.983681] sr 2:0:0:0: Attached scsi generic sg1 type 5
[STDERR  ] 2018-01-08T13:15:00.301688305Z: [    8.000818] sd 0:0:0:0: [sda] Attached SCSI disk
[STDERR  ] 2018-01-08T13:15:00.301693708Z: [    8.088437] Key type encrypted registered
[STDERR  ] 2018-01-08T13:15:00.301699109Z: [    8.094277] rtc_cmos 00:00: setting system clock to 2018-01-08 13:14:26 UTC (1515417266)
[STDERR  ] 2018-01-08T13:15:00.30170451Z: [    8.243755] Freeing unused kernel memory: 1380K
[STDERR  ] 2018-01-08T13:15:00.301709964Z: [    8.244139] Write protecting the kernel read-only data: 12288k
[STDERR  ] 2018-01-08T13:15:00.301715602Z: [    8.248941] Freeing unused kernel memory: 128K
[STDERR  ] 2018-01-08T13:15:00.301721022Z: [    8.290900] Freeing unused kernel memory: 1396K
[STDERR  ] 2018-01-08T13:15:00.301726455Z: [    8.320669] tsc: Refined TSC clocksource calibration: 2600.009 MHz
[STDERR  ] 2018-01-08T13:15:00.301731879Z: [    8.321238] clocksource: tsc: mask: 0xffffffffffffffff max_cycles: 0x257a44c4d56, max_idle_ns: 440795316911 ns
[STDERR  ] 2018-01-08T13:15:00.301737579Z: [    9.335184] clocksource: Switched to clocksource tsc
[STDERR  ] 2018-01-08T13:15:00.301742944Z: 
[STDERR  ] 2018-01-08T13:15:00.30174884Z: Welcome to LinuxKit
[STDERR  ] 2018-01-08T13:15:00.301754539Z: 
[STDERR  ] 2018-01-08T13:15:00.30176013Z:                         ##         .
[STDERR  ] 2018-01-08T13:15:00.301765567Z:                   ## ## ##        ==
[STDERR  ] 2018-01-08T13:15:00.301771007Z:                ## ## ## ## ##    ===
[STDERR  ] 2018-01-08T13:15:00.301779934Z:            /"""""""""""""""""\___/ ===
[STDERR  ] 2018-01-08T13:15:00.301785362Z:           {                       /  ===-
[STDERR  ] 2018-01-08T13:15:00.301792985Z:            \______ O           __/
[STDERR  ] 2018-01-08T13:15:00.301798559Z:              \    \         __/
[STDERR  ] 2018-01-08T13:15:00.301803977Z:               \____\_______/
[STDERR  ] 2018-01-08T13:15:00.301809315Z: 
[STDERR  ] 2018-01-08T13:15:00.30181479Z: [   20.710422] raid6: sse2x1   gen()   419 MB/s
[STDERR  ] 2018-01-08T13:15:00.301820324Z: [   20.880360] raid6: sse2x1   xor()   230 MB/s
[STDERR  ] 2018-01-08T13:15:00.301825605Z: [   21.050346] raid6: sse2x2   gen()   392 MB/s
[STDERR  ] 2018-01-08T13:15:00.301833392Z: [   21.220323] raid6: sse2x2   xor()   270 MB/s
[STDERR  ] 2018-01-08T13:15:00.301838818Z: [   21.390401] raid6: sse2x4   gen()   503 MB/s
[STDERR  ] 2018-01-08T13:15:00.30184414Z: [   21.560494] raid6: sse2x4   xor()   283 MB/s
[STDERR  ] 2018-01-08T13:15:00.301849524Z: [   21.560922] raid6: using algorithm sse2x4 gen() 503 MB/s
[STDERR  ] 2018-01-08T13:15:00.301856759Z: [   21.561340] raid6: .... xor() 283 MB/s, rmw enabled
[STDERR  ] 2018-01-08T13:15:00.301862218Z: [   21.561885] raid6: using intx1 recovery algorithm
[STDERR  ] 2018-01-08T13:15:00.301867547Z: [   21.581155] xor: measuring software checksum speed
[STDERR  ] 2018-01-08T13:15:00.301872884Z: [   21.680337]    prefetch64-sse:   774.800 MB/sec
[STDERR  ] 2018-01-08T13:15:00.301878299Z: [   21.780334]    generic_sse:   759.600 MB/sec
[STDERR  ] 2018-01-08T13:15:00.30188671Z: [   21.780769] xor: using function: prefetch64-sse (774.800 MB/sec)
[STDERR  ] 2018-01-08T13:15:00.301894507Z: [   21.913080] Btrfs loaded, crc32c=crc32c-generic
[STDERR  ] 2018-01-08T13:15:00.301900081Z: [   22.357015] IPVS: Creating netns size=2104 id=1
[STDERR  ] 2018-01-08T13:15:00.301905609Z: [   22.357503] IPVS: ftp: loaded support on port[0] = 21
[STDERR  ] 2018-01-08T13:15:00.301911209Z: 2018/01/08 13:14:41 Creating partition on /dev/sda
[STDERR  ] 2018-01-08T13:15:00.301916624Z: [   23.509571]  sda:
[STDERR  ] 2018-01-08T13:15:00.301922277Z: [   23.575228]  sda:
[STDERR  ] 2018-01-08T13:15:00.301927647Z: [   23.633099]  sda: sda1
[STDERR  ] 2018-01-08T13:15:00.301933093Z: [   23.700758]  sda: sda1
[STDERR  ] 2018-01-08T13:15:00.301938531Z: [   25.306058] BTRFS: device fsid 38f62c1b-0c2d-4da5-97df-f08708412a13 devid 1 transid 5 /dev/sda1
[STDERR  ] 2018-01-08T13:15:00.301944026Z: 2018/01/08 13:14:43 Partition /dev/sda1 successfully created!
[STDERR  ] 2018-01-08T13:15:00.301949439Z: [   25.883907] IPVS: Creating netns size=2104 id=2
[STDERR  ] 2018-01-08T13:15:00.301954759Z: [   25.884166] IPVS: ftp: loaded support on port[0] = 21
[STDERR  ] 2018-01-08T13:15:00.301960224Z: [   26.936311] FAT-fs (sda1): utf8 is not a recommended IO charset for FAT filesystems, filesystem will be case sensitive!
[STDERR  ] 2018-01-08T13:15:00.301968208Z: [   26.941376] FAT-fs (sda1): utf8 is not a recommended IO charset for FAT filesystems, filesystem will be case sensitive!
[STDERR  ] 2018-01-08T13:15:00.301973696Z: [   26.944858] mount: sending ioctl 5310 to a partition!
[STDERR  ] 2018-01-08T13:15:00.301979104Z: [   26.977717] mount: sending ioctl 5310 to a partition!
[STDERR  ] 2018-01-08T13:15:00.301984511Z: [   26.979273] UDF-fs: warning (device sda1): udf_fill_super: No partition found (2)
[STDERR  ] 2018-01-08T13:15:00.301989983Z: [   27.001685] BTRFS info (device sda1): disk space caching is enabled
[STDERR  ] 2018-01-08T13:15:00.301995344Z: [   27.002040] BTRFS info (device sda1): has skinny extents
[STDERR  ] 2018-01-08T13:15:00.302000784Z: [   27.002214] BTRFS info (device sda1): flagging fs with big metadata feature
[STDERR  ] 2018-01-08T13:15:00.302008428Z: [   27.052151] BTRFS info (device sda1): creating UUID tree
[STDERR  ] 2018-01-08T13:15:00.302013848Z: format_mount test suite PASSED
[STDERR  ] 2018-01-08T13:15:00.302019287Z: [   40.709750] sd 0:0:0:0: [sda] Synchronizing SCSI cache
[STDERR  ] 2018-01-08T13:15:00.302024686Z: [   40.716005] sd 0:0:0:0: [sda] Stopping disk
[STDERR  ] 2018-01-08T13:15:00.302035313Z: [   40.720048] ACPI: Preparing to enter system sleep state S5
[STDERR  ] 2018-01-08T13:15:00.302041121Z: [   40.723248] reboot: Power down
[STDERR  ] 2018-01-08T13:15:00.302046649Z: + grep -q suite PASSED
[STDERR  ] 2018-01-08T13:15:00.302052159Z: + echo [    0.000000] Linux version 4.9.74-linuxkit (root@133b92461d02) (gcc version 6.4.0 (Alpine 6.4.0) ) #1 SMP Wed Jan 3 11:41:29 UTC 2018
[STDERR  ] 2018-01-08T13:15:00.302058364Z: [    0.000000] Command line: console=ttyS0 console=ttyAMA0
[STDERR  ] 2018-01-08T13:15:00.302063797Z: [    0.000000] x86/fpu: Legacy x87 FPU detected.
[STDERR  ] 2018-01-08T13:15:00.302069357Z: [    0.000000] x86/fpu: Using 'eager' FPU context switches.
[STDERR  ] 2018-01-08T13:15:00.302074873Z: [    0.000000] e820: BIOS-provided physical RAM map:
[STDERR  ] 2018-01-08T13:15:00.302080324Z: [    0.000000] BIOS-e820: [mem 0x0000000000000000-0x000000000009fbff] usable
[STDERR  ] 2018-01-08T13:15:00.302085737Z: [    0.000000] BIOS-e820: [mem 0x000000000009fc00-0x000000000009ffff] reserved
[STDERR  ] 2018-01-08T13:15:00.302091098Z: [    0.000000] BIOS-e820: [mem 0x00000000000f0000-0x00000000000fffff] reserved
[STDERR  ] 2018-01-08T13:15:00.302096488Z: [    0.000000] BIOS-e820: [mem 0x0000000000100000-0x000000003ffdefff] usable
[STDERR  ] 2018-01-08T13:15:00.302101847Z: [    0.000000] BIOS-e820: [mem 0x000000003ffdf000-0x000000003fffffff] reserved
[STDERR  ] 2018-01-08T13:15:00.302107193Z: [    0.000000] BIOS-e820: [mem 0x00000000b0000000-0x00000000bfffffff] reserved
[STDERR  ] 2018-01-08T13:15:00.302115647Z: [    0.000000] BIOS-e820: [mem 0x00000000fed1c000-0x00000000fed1ffff] reserved
[STDERR  ] 2018-01-08T13:15:00.302121218Z: [    0.000000] BIOS-e820: [mem 0x00000000fffc0000-0x00000000ffffffff] reserved
[STDERR  ] 2018-01-08T13:15:00.302126856Z: [    0.000000] NX (Execute Disable) protection: active
[STDERR  ] 2018-01-08T13:15:00.302132247Z: [    0.000000] SMBIOS 2.8 present.
[STDERR  ] 2018-01-08T13:15:00.302137738Z: [    0.000000] e820: last_pfn = 0x3ffdf max_arch_pfn = 0x400000000
[STDERR  ] 2018-01-08T13:15:00.302143507Z: [    0.000000] x86/PAT: Configuration [0-7]: WB  WC  UC- UC  WB  WC  UC- WT  
[STDERR  ] 2018-01-08T13:15:00.302152978Z: [    0.000000] found SMP MP-table at [mem 0x000f6aa0-0x000f6aaf] mapped at [ffff89d0800f6aa0]
[STDERR  ] 2018-01-08T13:15:00.302162201Z: [    0.000000] RAMDISK: [mem 0x3df35000-0x3ffcffff]
[STDERR  ] 2018-01-08T13:15:00.302171664Z: [    0.000000] ACPI: Early table checksum verification disabled
[STDERR  ] 2018-01-08T13:15:00.302181328Z: [    0.000000] ACPI: RSDP 0x00000000000F68B0 000014 (v00 BOCHS )
[STDERR  ] 2018-01-08T13:15:00.302194606Z: [    0.000000] ACPI: RSDT 0x000000003FFE20A8 000034 (v01 BOCHS  BXPCRSDT 00000001 BXPC 00000001)
[STDERR  ] 2018-01-08T13:15:00.302204791Z: [    0.000000] ACPI: FACP 0x000000003FFE1EC8 0000F4 (v03 BOCHS  BXPCFACP 00000001 BXPC 00000001)
[STDERR  ] 2018-01-08T13:15:00.302213599Z: [    0.000000] ACPI: DSDT 0x000000003FFE0040 001E88 (v01 BOCHS  BXPCDSDT 00000001 BXPC 00000001)
[STDERR  ] 2018-01-08T13:15:00.302222467Z: [    0.000000] ACPI: FACS 0x000000003FFE0000 000040
[STDERR  ] 2018-01-08T13:15:00.302228204Z: [    0.000000] ACPI: APIC 0x000000003FFE1FBC 000078 (v01 BOCHS  BXPCAPIC 00000001 BXPC 00000001)
[STDERR  ] 2018-01-08T13:15:00.302233701Z: [    0.000000] ACPI: HPET 0x000000003FFE2034 000038 (v01 BOCHS  BXPCHPET 00000001 BXPC 00000001)
[STDERR  ] 2018-01-08T13:15:00.302241713Z: [    0.000000] ACPI: MCFG 0x000000003FFE206C 00003C (v01 BOCHS  BXPCMCFG 00000001 BXPC 00000001)
[STDERR  ] 2018-01-08T13:15:00.302247311Z: [    0.000000] Zone ranges:
[STDERR  ] 2018-01-08T13:15:00.302252786Z: [    0.000000]   DMA      [mem 0x0000000000001000-0x0000000000ffffff]
[STDERR  ] 2018-01-08T13:15:00.302258261Z: [    0.000000]   DMA32    [mem 0x0000000001000000-0x000000003ffdefff]
[STDERR  ] 2018-01-08T13:15:00.302263669Z: [    0.000000]   Normal   empty
[STDERR  ] 2018-01-08T13:15:00.302269069Z: [    0.000000] Movable zone start for each node
[STDERR  ] 2018-01-08T13:15:00.302279647Z: [    0.000000] Early memory node ranges
[STDERR  ] 2018-01-08T13:15:00.302287589Z: [    0.000000]   node   0: [mem 0x0000000000001000-0x000000000009efff]
[STDERR  ] 2018-01-08T13:15:00.302293056Z: [    0.000000]   node   0: [mem 0x0000000000100000-0x000000003ffdefff]
[STDERR  ] 2018-01-08T13:15:00.302298477Z: [    0.000000] Initmem setup node 0 [mem 0x0000000000001000-0x000000003ffdefff]
[STDERR  ] 2018-01-08T13:15:00.302303936Z: [    0.000000] ACPI: PM-Timer IO Port: 0x608
[STDERR  ] 2018-01-08T13:15:00.302309345Z: [    0.000000] ACPI: LAPIC_NMI (acpi_id[0xff] dfl dfl lint[0x1])
[STDERR  ] 2018-01-08T13:15:00.302314848Z: [    0.000000] IOAPIC[0]: apic_id 0, version 32, address 0xfec00000, GSI 0-23
[STDERR  ] 2018-01-08T13:15:00.302320347Z: [    0.000000] ACPI: INT_SRC_OVR (bus 0 bus_irq 0 global_irq 2 dfl dfl)
[STDERR  ] 2018-01-08T13:15:00.302328025Z: [    0.000000] ACPI: INT_SRC_OVR (bus 0 bus_irq 5 global_irq 5 high level)
[STDERR  ] 2018-01-08T13:15:00.30233347Z: [    0.000000] ACPI: INT_SRC_OVR (bus 0 bus_irq 9 global_irq 9 high level)
[STDERR  ] 2018-01-08T13:15:00.302338898Z: [    0.000000] ACPI: INT_SRC_OVR (bus 0 bus_irq 10 global_irq 10 high level)
[STDERR  ] 2018-01-08T13:15:00.302344298Z: [    0.000000] ACPI: INT_SRC_OVR (bus 0 bus_irq 11 global_irq 11 high level)
[STDERR  ] 2018-01-08T13:15:00.302349692Z: [    0.000000] Using ACPI (MADT) for SMP configuration information
[STDERR  ] 2018-01-08T13:15:00.302355206Z: [    0.000000] ACPI: HPET id: 0x8086a201 base: 0xfed00000
[STDERR  ] 2018-01-08T13:15:00.302363576Z: [    0.000000] smpboot: Allowing 1 CPUs, 0 hotplug CPUs
[STDERR  ] 2018-01-08T13:15:00.302369175Z: [    0.000000] e820: [mem 0x40000000-0xafffffff] available for PCI devices
[STDERR  ] 2018-01-08T13:15:00.302374715Z: [    0.000000] Booting paravirtualized kernel on bare hardware
[STDERR  ] 2018-01-08T13:15:00.3023801Z: [    0.000000] clocksource: refined-jiffies: mask: 0xffffffff max_cycles: 0xffffffff, max_idle_ns: 19112604462750000 ns
[STDERR  ] 2018-01-08T13:15:00.302385788Z: [    0.000000] setup_percpu: NR_CPUS:128 nr_cpumask_bits:128 nr_cpu_ids:1 nr_node_ids:1
[STDERR  ] 2018-01-08T13:15:00.302391238Z: [    0.000000] percpu: Embedded 35 pages/cpu @ffff89d0bdc00000 s105048 r8192 d30120 u2097152
[STDERR  ] 2018-01-08T13:15:00.30239678Z: [    0.000000] Built 1 zonelists in Zone order, mobility grouping on.  Total pages: 257896
[STDERR  ] 2018-01-08T13:15:00.3024064Z: [    0.000000] Kernel command line: console=ttyS0 console=ttyAMA0
[STDERR  ] 2018-01-08T13:15:00.302412173Z: [    0.000000] PID hash table entries: 4096 (order: 3, 32768 bytes)
[STDERR  ] 2018-01-08T13:15:00.302417616Z: [    0.000000] Dentry cache hash table entries: 131072 (order: 8, 1048576 bytes)
[STDERR  ] 2018-01-08T13:15:00.302422995Z: [    0.000000] Inode-cache hash table entries: 65536 (order: 7, 524288 bytes)
[STDERR  ] 2018-01-08T13:15:00.302428463Z: [    0.000000] Memory: 980788K/1048052K available (8049K kernel code, 1367K rwdata, 2700K rodata, 1380K init, 564K bss, 67264K reserved, 0K cma-reserved)
[STDERR  ] 2018-01-08T13:15:00.302434988Z: [    0.000000] Hierarchical RCU implementation.
[STDERR  ] 2018-01-08T13:15:00.30244051Z: [    0.000000] 	Build-time adjustment of leaf fanout to 64.
[STDERR  ] 2018-01-08T13:15:00.302445895Z: [    0.000000] 	RCU restricting CPUs from NR_CPUS=128 to nr_cpu_ids=1.
[STDERR  ] 2018-01-08T13:15:00.30245123Z: [    0.000000] RCU: Adjusting geometry for rcu_fanout_leaf=64, nr_cpu_ids=1
[STDERR  ] 2018-01-08T13:15:00.302456745Z: [    0.000000] NR_IRQS:8448 nr_irqs:256 16
[STDERR  ] 2018-01-08T13:15:00.302462072Z: [    0.000000] Console: colour VGA+ 80x25
[STDERR  ] 2018-01-08T13:15:00.302467512Z: [    0.000000] console [ttyS0] enabled
[STDERR  ] 2018-01-08T13:15:00.302472902Z: [    0.000000] clocksource: hpet: mask: 0xffffffff max_cycles: 0xffffffff, max_idle_ns: 19112604467 ns
[STDERR  ] 2018-01-08T13:15:00.302478715Z: [    0.000000] tsc: Fast TSC calibration using PIT
[STDERR  ] 2018-01-08T13:15:00.302484206Z: [    0.000000] tsc: Detected 2599.998 MHz processor
[STDERR  ] 2018-01-08T13:15:00.302494526Z: [    0.021603] Calibrating delay loop (skipped), value calculated using timer frequency.. 5199.99 BogoMIPS (lpj=25999980)
[STDERR  ] 2018-01-08T13:15:00.302500258Z: [    0.022618] pid_max: default: 32768 minimum: 301
[STDERR  ] 2018-01-08T13:15:00.302505765Z: [    0.023550] ACPI: Core revision 20160831
[STDERR  ] 2018-01-08T13:15:00.302511112Z: [    0.049821] ACPI: 1 ACPI AML tables successfully acquired and loaded
[STDERR  ] 2018-01-08T13:15:00.302516566Z: [    0.053986] Security Framework initialized
[STDERR  ] 2018-01-08T13:15:00.302522025Z: [    0.054373] Yama: becoming mindful.
[STDERR  ] 2018-01-08T13:15:00.302527516Z: [    0.056374] Mount-cache hash table entries: 2048 (order: 2, 16384 bytes)
[STDERR  ] 2018-01-08T13:15:00.30253287Z: [    0.056833] Mountpoint-cache hash table entries: 2048 (order: 2, 16384 bytes)
[STDERR  ] 2018-01-08T13:15:00.302540283Z: [    0.075603] Last level iTLB entries: 4KB 0, 2MB 0, 4MB 0
[STDERR  ] 2018-01-08T13:15:00.302547745Z: [    0.076077] Last level dTLB entries: 4KB 0, 2MB 0, 4MB 0, 1GB 0
[STDERR  ] 2018-01-08T13:15:00.302553302Z: [    0.421292] Freeing SMP alternatives memory: 20K
[STDERR  ] 2018-01-08T13:15:00.302558882Z: [    0.430380] ftrace: allocating 35540 entries in 139 pages
[STDERR  ] 2018-01-08T13:15:00.30256432Z: [    0.513727] smpboot: Max logical packages: 1
[STDERR  ] 2018-01-08T13:15:00.302569758Z: [    0.520000] ..TIMER: vector=0x30 apic1=0 pin1=2 apic2=-1 pin2=-1
[STDERR  ] 2018-01-08T13:15:00.30257536Z: [    0.620000] smpboot: CPU0: AMD QEMU Virtual CPU version 2.5+ (family: 0x6, model: 0x6, stepping: 0x3)
[STDERR  ] 2018-01-08T13:15:00.302586737Z: [    0.620000] Performance Events: PMU not available due to virtualization, using software events only.
[STDERR  ] 2018-01-08T13:15:00.302592436Z: [    0.627735] NMI watchdog: disabled (cpu0): hardware events not enabled
[STDERR  ] 2018-01-08T13:15:00.302597837Z: [    0.628192] NMI watchdog: Shutting down hard lockup detector on all cpus
[STDERR  ] 2018-01-08T13:15:00.302603335Z: [    0.631298] x86: Booted up 1 node, 1 CPUs
[STDERR  ] 2018-01-08T13:15:00.302608722Z: [    0.631709] smpboot: Total of 1 processors activated (5199.99 BogoMIPS)
[STDERR  ] 2018-01-08T13:15:00.302619637Z: [    0.646885] devtmpfs: initialized
[STDERR  ] 2018-01-08T13:15:00.302632226Z: [    0.651259] x86/mm: Memory block size: 128MB
[STDERR  ] 2018-01-08T13:15:00.302639666Z: [    0.681462] clocksource: jiffies: mask: 0xffffffff max_cycles: 0xffffffff, max_idle_ns: 19112604462750000 ns
[STDERR  ] 2018-01-08T13:15:00.30264518Z: [    0.682352] futex hash table entries: 256 (order: 2, 16384 bytes)
[STDERR  ] 2018-01-08T13:15:00.302650767Z: [    0.690895] NET: Registered protocol family 16
[STDERR  ] 2018-01-08T13:15:00.302656138Z: [    0.699012] cpuidle: using governor ladder
[STDERR  ] 2018-01-08T13:15:00.302661606Z: [    0.699533] cpuidle: using governor menu
[STDERR  ] 2018-01-08T13:15:00.302666966Z: [    0.700782] ACPI: bus type PCI registered
[STDERR  ] 2018-01-08T13:15:00.30267497Z: [    0.703963] PCI: MMCONFIG for domain 0000 [bus 00-ff] at [mem 0xb0000000-0xbfffffff] (base 0xb0000000)
