[INFO    ] 2017-06-27T17:24:00.115010771Z: Running Test linuxkit.kernel.config_4.9.x in /tmp/build/test/cases/020_kernel/001_config_4.9.x
[INFO    ] 2017-06-27T17:24:00.11510654Z: Running command: [/bin/sh -x /tmp/build/test/cases/020_kernel/001_config_4.9.x/test.sh]
[STDERR  ] 2017-06-27T17:24:00.148865315Z: + set -e
[STDERR  ] 2017-06-27T17:24:00.148911037Z: + . /tmp/build/test/cases/_lib/lib.sh
[STDERR  ] 2017-06-27T17:24:00.149003429Z: + [ -f src/github.com/linuxkit/rtf/lib/lib.sh ]
[STDERR  ] 2017-06-27T17:24:00.14905649Z: + LINUXKIT_TMPDIR=/tmp/build/test/cases/_tmp
[STDERR  ] 2017-06-27T17:24:00.149091323Z: + [ -f /tmp/build/test/cases/_tmp/env.sh ]
[STDERR  ] 2017-06-27T17:24:00.149130155Z: + . /tmp/build/test/cases/_tmp/env.sh
[STDERR  ] 2017-06-27T17:24:00.149167587Z: + export LINUXKIT_EXAMPLES_DIR=/tmp/build/test/cases/../../examples
[STDERR  ] 2017-06-27T17:24:00.149206491Z: + export LINUXKIT_BLUEPRINTS_DIR=/tmp/build/test/cases/../../blueprints
[STDERR  ] 2017-06-27T17:24:00.149230407Z: + RT_CANCEL=253
[STDERR  ] 2017-06-27T17:24:00.149285715Z: + trap clean_up EXIT
[STDERR  ] 2017-06-27T17:24:00.149327608Z: + moby build -output kernel+initrd test-kernel-config.yml
[STDERR  ] 2017-06-27T17:24:00.171527227Z: Extract kernel image: linuxkit/kernel:4.9.x
[STDERR  ] 2017-06-27T17:24:02.163366813Z: Add init containers:
[STDERR  ] 2017-06-27T17:24:02.163405019Z: Process init image: linuxkit/init:687e89ff0d1edcd5d19428afab98d0b4d4ea0664
[STDERR  ] 2017-06-27T17:24:03.698554693Z: Process init image: linuxkit/runc:3a4e6cbf15470f62501b019b55e1caac5ee7689f
[STDERR  ] 2017-06-27T17:24:05.232697659Z: Process init image: linuxkit/containerd:a33cdcf50b8107ffe14c92802c460fe7ada39acd
[STDERR  ] 2017-06-27T17:24:07.219640674Z: Add onboot containers:
[STDERR  ] 2017-06-27T17:24:07.219675212Z:   Create OCI config for linuxkit/test-kernel-config:9f08e3b99f8ac2f422251b3e8c94ce874ee34119
[STDERR  ] 2017-06-27T17:24:08.910436521Z:   Create OCI config for linuxkit/poweroff:7404cf2295df89ccfa2dda41997a28307a90cf28
[STDERR  ] 2017-06-27T17:24:10.40877597Z: Create outputs:
[STDERR  ] 2017-06-27T17:24:19.566140266Z:   test-kernel-config-kernel test-kernel-config-initrd.img test-kernel-config-cmdline
[STDERR  ] 2017-06-27T17:24:19.66803539Z: + linuxkit run test-kernel-config
[STDERR  ] 2017-06-27T17:24:19.694325471Z: Unable to find qemu-system-x86_64 within the $PATH. Using a container
[STDERR  ] 2017-06-27T17:26:39.600445891Z: + RESULT=[    0.000000] Linux version 4.9.34-linuxkit (root@b147ce67977e) (gcc version 6.3.0 (Alpine 6.3.0) ) #1 SMP Tue Jun 27 09:54:32 UTC 2017
[STDERR  ] 2017-06-27T17:26:39.600461931Z: [    0.000000] Command line: console=ttyS0
[STDERR  ] 2017-06-27T17:26:39.600471462Z: [    0.000000] x86/fpu: Legacy x87 FPU detected.
[STDERR  ] 2017-06-27T17:26:39.600481185Z: [    0.000000] x86/fpu: Using 'eager' FPU context switches.
[STDERR  ] 2017-06-27T17:26:39.60049111Z: [    0.000000] e820: BIOS-provided physical RAM map:
[STDERR  ] 2017-06-27T17:26:39.600509433Z: [    0.000000] BIOS-e820: [mem 0x0000000000000000-0x000000000009fbff] usable
[STDERR  ] 2017-06-27T17:26:39.600523711Z: [    0.000000] BIOS-e820: [mem 0x000000000009fc00-0x000000000009ffff] reserved
[STDERR  ] 2017-06-27T17:26:39.600532611Z: [    0.000000] BIOS-e820: [mem 0x00000000000f0000-0x00000000000fffff] reserved
[STDERR  ] 2017-06-27T17:26:39.600542188Z: [    0.000000] BIOS-e820: [mem 0x0000000000100000-0x000000003ffdefff] usable
[STDERR  ] 2017-06-27T17:26:39.600545221Z: [    0.000000] BIOS-e820: [mem 0x000000003ffdf000-0x000000003fffffff] reserved
[STDERR  ] 2017-06-27T17:26:39.600554927Z: [    0.000000] BIOS-e820: [mem 0x00000000b0000000-0x00000000bfffffff] reserved
[STDERR  ] 2017-06-27T17:26:39.600560727Z: [    0.000000] BIOS-e820: [mem 0x00000000fed1c000-0x00000000fed1ffff] reserved
[STDERR  ] 2017-06-27T17:26:39.600567799Z: [    0.000000] BIOS-e820: [mem 0x00000000fffc0000-0x00000000ffffffff] reserved
[STDERR  ] 2017-06-27T17:26:39.600574599Z: [    0.000000] NX (Execute Disable) protection: active
[STDERR  ] 2017-06-27T17:26:39.600580518Z: [    0.000000] SMBIOS 2.8 present.
[STDERR  ] 2017-06-27T17:26:39.600602363Z: [    0.000000] e820: last_pfn = 0x3ffdf max_arch_pfn = 0x400000000
[STDERR  ] 2017-06-27T17:26:39.600608079Z: [    0.000000] x86/PAT: Configuration [0-7]: WB  WC  UC- UC  WB  WC  UC- WT  
[STDERR  ] 2017-06-27T17:26:39.600615954Z: [    0.000000] found SMP MP-table at [mem 0x000f6aa0-0x000f6aaf] mapped at [ffff91af800f6aa0]
[STDERR  ] 2017-06-27T17:26:39.600622511Z: [    0.000000] RAMDISK: [mem 0x3d4a7000-0x3ffcffff]
[STDERR  ] 2017-06-27T17:26:39.600631136Z: [    0.000000] ACPI: Early table checksum verification disabled
[STDERR  ] 2017-06-27T17:26:39.600636678Z: [    0.000000] ACPI: RSDP 0x00000000000F68C0 000014 (v00 BOCHS )
[STDERR  ] 2017-06-27T17:26:39.600642098Z: [    0.000000] ACPI: RSDT 0x000000003FFE2404 000034 (v01 BOCHS  BXPCRSDT 00000001 BXPC 00000001)
[STDERR  ] 2017-06-27T17:26:39.600647648Z: [    0.000000] ACPI: FACP 0x000000003FFE22A4 000074 (v01 BOCHS  BXPCFACP 00000001 BXPC 00000001)
[STDERR  ] 2017-06-27T17:26:39.600650425Z: [    0.000000] ACPI: DSDT 0x000000003FFE0040 002264 (v01 BOCHS  BXPCDSDT 00000001 BXPC 00000001)
[STDERR  ] 2017-06-27T17:26:39.600659252Z: [    0.000000] ACPI: FACS 0x000000003FFE0000 000040
[STDERR  ] 2017-06-27T17:26:39.600671323Z: [    0.000000] ACPI: APIC 0x000000003FFE2318 000078 (v01 BOCHS  BXPCAPIC 00000001 BXPC 00000001)
[STDERR  ] 2017-06-27T17:26:39.600676581Z: [    0.000000] ACPI: HPET 0x000000003FFE2390 000038 (v01 BOCHS  BXPCHPET 00000001 BXPC 00000001)
[STDERR  ] 2017-06-27T17:26:39.600679213Z: [    0.000000] ACPI: MCFG 0x000000003FFE23C8 00003C (v01 BOCHS  BXPCMCFG 00000001 BXPC 00000001)
[STDERR  ] 2017-06-27T17:26:39.600687046Z: [    0.000000] Zone ranges:
[STDERR  ] 2017-06-27T17:26:39.600689594Z: [    0.000000]   DMA      [mem 0x0000000000001000-0x0000000000ffffff]
[STDERR  ] 2017-06-27T17:26:39.600708736Z: [    0.000000]   DMA32    [mem 0x0000000001000000-0x000000003ffdefff]
[STDERR  ] 2017-06-27T17:26:39.600713312Z: [    0.000000]   Normal   empty
[STDERR  ] 2017-06-27T17:26:39.600725764Z: [    0.000000] Movable zone start for each node
[STDERR  ] 2017-06-27T17:26:39.600729684Z: [    0.000000] Early memory node ranges
[STDERR  ] 2017-06-27T17:26:39.600743505Z: [    0.000000]   node   0: [mem 0x0000000000001000-0x000000000009efff]
[STDERR  ] 2017-06-27T17:26:39.600747755Z: [    0.000000]   node   0: [mem 0x0000000000100000-0x000000003ffdefff]
[STDERR  ] 2017-06-27T17:26:39.600755278Z: [    0.000000] Initmem setup node 0 [mem 0x0000000000001000-0x000000003ffdefff]
[STDERR  ] 2017-06-27T17:26:39.600764309Z: [    0.000000] ACPI: PM-Timer IO Port: 0x608
[STDERR  ] 2017-06-27T17:26:39.600769612Z: [    0.000000] ACPI: LAPIC_NMI (acpi_id[0xff] dfl dfl lint[0x1])
[STDERR  ] 2017-06-27T17:26:39.600774639Z: [    0.000000] IOAPIC[0]: apic_id 0, version 32, address 0xfec00000, GSI 0-23
[STDERR  ] 2017-06-27T17:26:39.600779668Z: [    0.000000] ACPI: INT_SRC_OVR (bus 0 bus_irq 0 global_irq 2 dfl dfl)
[STDERR  ] 2017-06-27T17:26:39.600788193Z: [    0.000000] ACPI: INT_SRC_OVR (bus 0 bus_irq 5 global_irq 5 high level)
[STDERR  ] 2017-06-27T17:26:39.600793321Z: [    0.000000] ACPI: INT_SRC_OVR (bus 0 bus_irq 9 global_irq 9 high level)
[STDERR  ] 2017-06-27T17:26:39.600798392Z: [    0.000000] ACPI: INT_SRC_OVR (bus 0 bus_irq 10 global_irq 10 high level)
[STDERR  ] 2017-06-27T17:26:39.60081036Z: [    0.000000] ACPI: INT_SRC_OVR (bus 0 bus_irq 11 global_irq 11 high level)
[STDERR  ] 2017-06-27T17:26:39.600815408Z: [    0.000000] Using ACPI (MADT) for SMP configuration information
[STDERR  ] 2017-06-27T17:26:39.600820972Z: [    0.000000] ACPI: HPET id: 0x8086a201 base: 0xfed00000
[STDERR  ] 2017-06-27T17:26:39.600826252Z: [    0.000000] smpboot: Allowing 1 CPUs, 0 hotplug CPUs
[STDERR  ] 2017-06-27T17:26:39.600831653Z: [    0.000000] e820: [mem 0x40000000-0xafffffff] available for PCI devices
[STDERR  ] 2017-06-27T17:26:39.600836851Z: [    0.000000] Booting paravirtualized kernel on bare hardware
[STDERR  ] 2017-06-27T17:26:39.600847448Z: [    0.000000] clocksource: refined-jiffies: mask: 0xffffffff max_cycles: 0xffffffff, max_idle_ns: 19112604462750000 ns
[STDERR  ] 2017-06-27T17:26:39.60085377Z: [    0.000000] setup_percpu: NR_CPUS:128 nr_cpumask_bits:128 nr_cpu_ids:1 nr_node_ids:1
[STDERR  ] 2017-06-27T17:26:39.600858945Z: [    0.000000] percpu: Embedded 35 pages/cpu @ffff91afbd200000 s105112 r8192 d30056 u2097152
[STDERR  ] 2017-06-27T17:26:39.60086657Z: [    0.000000] Built 1 zonelists in Zone order, mobility grouping on.  Total pages: 257896
[STDERR  ] 2017-06-27T17:26:39.600871839Z: [    0.000000] Kernel command line: console=ttyS0
[STDERR  ] 2017-06-27T17:26:39.600876893Z: [    0.000000] PID hash table entries: 4096 (order: 3, 32768 bytes)
[STDERR  ] 2017-06-27T17:26:39.600882033Z: [    0.000000] Dentry cache hash table entries: 131072 (order: 8, 1048576 bytes)
[STDERR  ] 2017-06-27T17:26:39.600887179Z: [    0.000000] Inode-cache hash table entries: 65536 (order: 7, 524288 bytes)
[STDERR  ] 2017-06-27T17:26:39.60089463Z: [    0.000000] Memory: 970016K/1048052K available (8023K kernel code, 1336K rwdata, 2692K rodata, 1372K init, 564K bss, 78036K reserved, 0K cma-reserved)
[STDERR  ] 2017-06-27T17:26:39.600900053Z: [    0.000000] Hierarchical RCU implementation.
[STDERR  ] 2017-06-27T17:26:39.600909497Z: [    0.000000] 	Build-time adjustment of leaf fanout to 64.
[STDERR  ] 2017-06-27T17:26:39.600912212Z: [    0.000000] 	RCU restricting CPUs from NR_CPUS=128 to nr_cpu_ids=1.
[STDERR  ] 2017-06-27T17:26:39.600919645Z: [    0.000000] RCU: Adjusting geometry for rcu_fanout_leaf=64, nr_cpu_ids=1
[STDERR  ] 2017-06-27T17:26:39.600924788Z: [    0.000000] NR_IRQS:8448 nr_irqs:256 16
[STDERR  ] 2017-06-27T17:26:39.600927258Z: [    0.000000] Console: colour VGA+ 80x25
[STDERR  ] 2017-06-27T17:26:39.600934852Z: [    0.000000] console [ttyS0] enabled
[STDERR  ] 2017-06-27T17:26:39.600937433Z: [    0.000000] clocksource: hpet: mask: 0xffffffff max_cycles: 0xffffffff, max_idle_ns: 19112604467 ns
[STDERR  ] 2017-06-27T17:26:39.600953688Z: [    0.000000] tsc: Fast TSC calibration failed
[STDERR  ] 2017-06-27T17:26:39.600956368Z: [    0.000000] tsc: Unable to calibrate against PIT
[STDERR  ] 2017-06-27T17:26:39.60096405Z: [    0.000000] tsc: using HPET reference calibration
[STDERR  ] 2017-06-27T17:26:39.600972251Z: [    0.000000] tsc: Detected 2599.911 MHz processor
[STDERR  ] 2017-06-27T17:26:39.600977442Z: [    0.050756] Calibrating delay loop (skipped), value calculated using timer frequency.. 5199.82 BogoMIPS (lpj=25999110)
[STDERR  ] 2017-06-27T17:26:39.600982853Z: [    0.052807] pid_max: default: 32768 minimum: 301
[STDERR  ] 2017-06-27T17:26:39.600987963Z: [    0.060421] ACPI: Core revision 20160831
[STDERR  ] 2017-06-27T17:26:39.6009906Z: [    0.125834] ACPI: 1 ACPI AML tables successfully acquired and loaded
[STDERR  ] 2017-06-27T17:26:39.600995851Z: [    0.131738] Security Framework initialized
[STDERR  ] 2017-06-27T17:26:39.601003551Z: [    0.132717] Yama: becoming mindful.
[STDERR  ] 2017-06-27T17:26:39.601008633Z: [    0.135910] Mount-cache hash table entries: 2048 (order: 2, 16384 bytes)
[STDERR  ] 2017-06-27T17:26:39.601015317Z: [    0.137117] Mountpoint-cache hash table entries: 2048 (order: 2, 16384 bytes)
[STDERR  ] 2017-06-27T17:26:39.601020531Z: [    0.167144] Last level iTLB entries: 4KB 0, 2MB 0, 4MB 0
[STDERR  ] 2017-06-27T17:26:39.601036139Z: [    0.168121] Last level dTLB entries: 4KB 0, 2MB 0, 4MB 0, 1GB 0
[STDERR  ] 2017-06-27T17:26:39.601038859Z: [    0.637020] Freeing SMP alternatives memory: 20K (ffffffffb4ea7000 - ffffffffb4eac000)
[STDERR  ] 2017-06-27T17:26:39.60104818Z: [    0.647613] ftrace: allocating 35396 entries in 139 pages
[STDERR  ] 2017-06-27T17:26:39.601050893Z: [    0.851088] smpboot: Max logical packages: 1
[STDERR  ] 2017-06-27T17:26:39.601058472Z: [    0.857393] ..TIMER: vector=0x30 apic1=0 pin1=2 apic2=-1 pin2=-1
[STDERR  ] 2017-06-27T17:26:39.601063672Z: [    0.960000] smpboot: CPU0: AMD QEMU Virtual CPU version 2.5+ (family: 0x6, model: 0x6, stepping: 0x3)
[STDERR  ] 2017-06-27T17:26:39.601069396Z: [    0.960000] Performance Events: PMU not available due to virtualization, using software events only.
[STDERR  ] 2017-06-27T17:26:39.601076128Z: [    0.970339] NMI watchdog: disabled (cpu0): hardware events not enabled
[STDERR  ] 2017-06-27T17:26:39.601083725Z: [    0.971176] NMI watchdog: Shutting down hard lockup detector on all cpus
[STDERR  ] 2017-06-27T17:26:39.601088964Z: [    0.974353] x86: Booted up 1 node, 1 CPUs
[STDERR  ] 2017-06-27T17:26:39.601091679Z: [    0.974941] smpboot: Total of 1 processors activated (5199.82 BogoMIPS)
[STDERR  ] 2017-06-27T17:26:39.601101087Z: [    0.990869] devtmpfs: initialized
[STDERR  ] 2017-06-27T17:26:39.601106693Z: [    0.996186] x86/mm: Memory block size: 128MB
[STDERR  ] 2017-06-27T17:26:39.601115051Z: [    1.058746] clocksource: jiffies: mask: 0xffffffff max_cycles: 0xffffffff, max_idle_ns: 19112604462750000 ns
[STDERR  ] 2017-06-27T17:26:39.601122799Z: [    1.060579] futex hash table entries: 256 (order: 2, 16384 bytes)
[STDERR  ] 2017-06-27T17:26:39.601127958Z: [    1.071480] NET: Registered protocol family 16
[STDERR  ] 2017-06-27T17:26:39.601134933Z: [    1.082674] cpuidle: using governor ladder
[STDERR  ] 2017-06-27T17:26:39.601139931Z: [    1.083677] cpuidle: using governor menu
[STDERR  ] 2017-06-27T17:26:39.601145Z: [    1.085137] ACPI: bus type PCI registered
[STDERR  ] 2017-06-27T17:26:39.60115357Z: [    1.088549] PCI: MMCONFIG for domain 0000 [bus 00-ff] at [mem 0xb0000000-0xbfffffff] (base 0xb0000000)
[STDERR  ] 2017-06-27T17:26:39.601156529Z: [    1.090152] PCI: MMCONFIG at [mem 0xb0000000-0xbfffffff] reserved in E820
[STDERR  ] 2017-06-27T17:26:39.601164007Z: [    1.092049] PCI: Using configuration type 1 for base access
[STDERR  ] 2017-06-27T17:26:39.601166644Z: [    1.151815] HugeTLB registered 2 MB page size, pre-allocated 0 pages
[STDERR  ] 2017-06-27T17:26:39.601174208Z: [    1.163909] ACPI: Added _OSI(Module Device)
[STDERR  ] 2017-06-27T17:26:39.601176837Z: [    1.164588] ACPI: Added _OSI(Processor Device)
[STDERR  ] 2017-06-27T17:26:39.601185637Z: [    1.165046] ACPI: Added _OSI(3.0 _SCP Extensions)
[STDERR  ] 2017-06-27T17:26:39.601193612Z: [    1.165494] ACPI: Added _OSI(Processor Aggregator Device)
[STDERR  ] 2017-06-27T17:26:39.601198606Z: [    1.241228] ACPI: Interpreter enabled
[STDERR  ] 2017-06-27T17:26:39.601203717Z: [    1.242704] ACPI: (supports S0 S5)
[STDERR  ] 2017-06-27T17:26:39.601210432Z: [    1.243179] ACPI: Using IOAPIC for interrupt routing
[STDERR  ] 2017-06-27T17:26:39.601215465Z: [    1.245580] PCI: Using host bridge windows from ACPI; if necessary, use "pci=nocrs" and report a bug
[STDERR  ] 2017-06-27T17:26:39.601220636Z: [    1.313551] ACPI: PCI Root Bridge [PCI0] (domain 0000 [bus 00-ff])
[STDERR  ] 2017-06-27T17:26:39.601225716Z: [    1.315135] acpi PNP0A08:00: _OSC: OS supports [ExtendedConfig ASPM ClockPM Segments MSI]
[STDERR  ] 2017-06-27T17:26:39.601228381Z: [    1.324692] acpi PNP0A08:00: _OSC: OS now controls [PCIeHotplug PME PCIeCapability]
[STDERR  ] 2017-06-27T17:26:39.601233361Z: [    1.331486] PCI host bridge to bus 0000:00
[STDERR  ] 2017-06-27T17:26:39.60124453Z: [    1.332723] pci_bus 0000:00: root bus resource [io  0x0000-0x0cf7 window]
[STDERR  ] 2017-06-27T17:26:39.601252008Z: [    1.333713] pci_bus 0000:00: root bus resource [io  0x0d00-0xffff window]
[STDERR  ] 2017-06-27T17:26:39.601257047Z: [    1.334778] pci_bus 0000:00: root bus resource [mem 0x000a0000-0x000bffff window]
[STDERR  ] 2017-06-27T17:26:39.601262062Z: [    1.335775] pci_bus 0000:00: root bus resource [mem 0xc0000000-0xfebfffff window]
[STDERR  ] 2017-06-27T17:26:39.601267124Z: [    1.337162] pci_bus 0000:00: root bus resource [bus 00-ff]
[STDERR  ] 2017-06-27T17:26:39.601272256Z: [    1.475447] pci 0000:00:1f.0: quirk: [io  0x0600-0x067f] claimed by ICH6 ACPI/GPIO/TCO
[STDERR  ] 2017-06-27T17:26:39.601280698Z: [    1.553572] ACPI: PCI Interrupt Link [LNKA] (IRQs 5 *10 11)
[STDERR  ] 2017-06-27T17:26:39.601285866Z: [    1.556391] ACPI: PCI Interrupt Link [LNKB] (IRQs 5 *10 11)
[STDERR  ] 2017-06-27T17:26:39.601293558Z: [    1.558627] ACPI: PCI Interrupt Link [LNKC] (IRQs 5 10 *11)
[STDERR  ] 2017-06-27T17:26:39.601298558Z: [    1.561105] ACPI: PCI Interrupt Link [LNKD] (IRQs 5 10 *11)
[STDERR  ] 2017-06-27T17:26:39.601307071Z: [    1.563352] ACPI: PCI Interrupt Link [LNKE] (IRQs 5 *10 11)
[STDERR  ] 2017-06-27T17:26:39.60131218Z: [    1.565438] ACPI: PCI Interrupt Link [LNKF] (IRQs 5 *10 11)
[STDERR  ] 2017-06-27T17:26:39.601317396Z: [    1.567397] ACPI: PCI Interrupt Link [LNKG] (IRQs 5 10 *11)
[STDERR  ] 2017-06-27T17:26:39.601320042Z: [    1.569426] ACPI: PCI Interrupt Link [LNKH] (IRQs 5 10 *11)
[STDERR  ] 2017-06-27T17:26:39.601331243Z: [    1.570886] ACPI: PCI Interrupt Link [GSIA] (IRQs *16)
[STDERR  ] 2017-06-27T17:26:39.601336247Z: [    1.571794] ACPI: PCI Interrupt Link [GSIB] (IRQs *17)
[STDERR  ] 2017-06-27T17:26:39.601338784Z: [    1.572666] ACPI: PCI Interrupt Link [GSIC] (IRQs *18)
[STDERR  ] 2017-06-27T17:26:39.601346308Z: [    1.573497] ACPI: PCI Interrupt Link [GSID] (IRQs *19)
[STDERR  ] 2017-06-27T17:26:39.60135134Z: [    1.574378] ACPI: PCI Interrupt Link [GSIE] (IRQs *20)
[STDERR  ] 2017-06-27T17:26:39.601356484Z: [    1.575277] ACPI: PCI Interrupt Link [GSIF] (IRQs *21)
[STDERR  ] 2017-06-27T17:26:39.601361483Z: [    1.576123] ACPI: PCI Interrupt Link [GSIG] (IRQs *22)
[STDERR  ] 2017-06-27T17:26:39.601366497Z: [    1.577000] ACPI: PCI Interrupt Link [GSIH] (IRQs *23)
[STDERR  ] 2017-06-27T17:26:39.601374445Z: [    1.581509] ACPI: Enabled 2 GPEs in block 00 to 3F
[STDERR  ] 2017-06-27T17:26:39.601377099Z: [    1.587028] SCSI subsystem initialized
[STDERR  ] 2017-06-27T17:26:39.601382011Z: [    1.589652] ACPI: bus type USB registered
[STDERR  ] 2017-06-27T17:26:39.601389669Z: [    1.591063] usbcore: registered new interface driver usbfs
[STDERR  ] 2017-06-27T17:26:39.601394708Z: [    1.592393] usbcore: registered new interface driver hub
[STDERR  ] 2017-06-27T17:26:39.601397343Z: [    1.593570] usbcore: registered new device driver usb
[STDERR  ] 2017-06-27T17:26:39.601402222Z: [    1.595008] pps_core: LinuxPPS API ver. 1 registered
[STDERR  ] 2017-06-27T17:26:39.601416648Z: [    1.595523] pps_core: Software ver. 5.3.6 - Copyright 2005-2007 Rodolfo Giometti <giometti@linux.it>
[STDERR  ] 2017-06-27T17:26:39.601421746Z: [    1.596671] PTP clock support registered
[STDERR  ] 2017-06-27T17:26:39.601430922Z: [    1.598066] wmi: Mapper loaded
[STDERR  ] 2017-06-27T17:26:39.601438412Z: [    1.600285] PCI: Using ACPI for IRQ routing
[STDERR  ] 2017-06-27T17:26:39.601443541Z: [    1.622027] NetLabel: Initializing
[STDERR  ] 2017-06-27T17:26:39.601446316Z: [    1.622621] NetLabel:  domain hash size = 128
[STDERR  ] 2017-06-27T17:26:39.601453804Z: [    1.623046] NetLabel:  protocols = UNLABELED CIPSOv4
[STDERR  ] 2017-06-27T17:26:39.601458816Z: [    1.625422] NetLabel:  unlabeled traffic allowed by default
[STDERR  ] 2017-06-27T17:26:39.601461482Z: [    1.626880] HPET: 3 timers in total, 0 timers will be used for per-cpu timer
[STDERR  ] 2017-06-27T17:26:39.601469192Z: [    1.628097] hpet0: at MMIO 0xfed00000, IRQs 2, 8, 0
[STDERR  ] 2017-06-27T17:26:39.601474226Z: [    1.628750] hpet0: 3 comparators, 64-bit 100.000000 MHz counter
[STDERR  ] 2017-06-27T17:26:39.601481725Z: [    1.635038] clocksource: Switched to clocksource hpet
[STDERR  ] 2017-06-27T17:26:39.601486737Z: [    1.917431] VFS: Disk quotas dquot_6.6.0
[STDERR  ] 2017-06-27T17:26:39.601489378Z: [    1.918773] VFS: Dquot-cache hash table entries: 512 (order 0, 4096 bytes)
[STDERR  ] 2017-06-27T17:26:39.601494351Z: [    1.922365] FS-Cache: Loaded
[STDERR  ] 2017-06-27T17:26:39.601501963Z: [    1.930518] CacheFiles: Loaded
[STDERR  ] 2017-06-27T17:26:39.601504585Z: [    1.932907] pnp: PnP ACPI init
[STDERR  ] 2017-06-27T17:26:39.601509507Z: [    1.950888] pnp: PnP ACPI: found 5 devices
[STDERR  ] 2017-06-27T17:26:39.601517042Z: [    2.003545] clocksource: acpi_pm: mask: 0xffffff max_cycles: 0xffffff, max_idle_ns: 2085701024 ns
[STDERR  ] 2017-06-27T17:26:39.601522123Z: [    2.007931] NET: Registered protocol family 2
[STDERR  ] 2017-06-27T17:26:39.601529362Z: [    2.017508] TCP established hash table entries: 8192 (order: 4, 65536 bytes)
[STDERR  ] 2017-06-27T17:26:39.601535723Z: [    2.019196] TCP bind hash table entries: 8192 (order: 5, 131072 bytes)
[STDERR  ] 2017-06-27T17:26:39.601544725Z: [    2.020825] TCP: Hash tables configured (established 8192 bind 8192)
[STDERR  ] 2017-06-27T17:26:39.601549107Z: [    2.024106] UDP hash table entries: 512 (order: 2, 16384 bytes)
[STDERR  ] 2017-06-27T17:26:39.601554069Z: [    2.025345] UDP-Lite hash table entries: 512 (order: 2, 16384 bytes)
[STDERR  ] 2017-06-27T17:26:39.601561571Z: [    2.028716] NET: Registered protocol family 1
[STDERR  ] 2017-06-27T17:26:39.601572877Z: [    2.030722] pci 0000:00:01.0: Video device with shadowed ROM at [mem 0x000c0000-0x000dffff]
[STDERR  ] 2017-06-27T17:26:39.601578001Z: [    2.039586] Unpacking initramfs...
[STDERR  ] 2017-06-27T17:26:39.601585203Z: [   12.107121] Freeing initrd memory: 44196K (ffff91afbd4a7000 - ffff91afbffd0000)
[STDERR  ] 2017-06-27T17:26:39.601590302Z: [   12.129101] PCLMULQDQ-NI instructions are not detected.
[STDERR  ] 2017-06-27T17:26:39.601595261Z: [   12.131025] AVX or AES-NI instructions are not detected.
[STDERR  ] 2017-06-27T17:26:39.601600344Z: [   12.131703] CPU feature 'AVX registers' is not supported.
[STDERR  ] 2017-06-27T17:26:39.601608693Z: [   12.132381] CPU feature 'AVX registers' is not supported.
[STDERR  ] 2017-06-27T17:26:39.601613801Z: [   12.132935] CPU feature 'AVX registers' is not supported.
[STDERR  ] 2017-06-27T17:26:39.601616387Z: [   12.133495] CPU feature 'AVX registers' is not supported.
[STDERR  ] 2017-06-27T17:26:39.601623711Z: [   12.134042] AVX2 or AES-NI instructions are not detected.
[STDERR  ] 2017-06-27T17:26:39.601627819Z: [   12.134611] AVX2 instructions are not detected.
[STDERR  ] 2017-06-27T17:26:39.601635313Z: [   12.141703] audit: initializing netlink subsys (disabled)
[STDERR  ] 2017-06-27T17:26:39.601637954Z: [   12.143733] audit: type=2000 audit(1498584273.140:1): initialized
[STDERR  ] 2017-06-27T17:26:39.601651011Z: [   12.151684] workingset: timestamp_bits=46 max_order=18 bucket_order=0
[STDERR  ] 2017-06-27T17:26:39.601655Z: [   12.157943] FS-Cache: Netfs 'cifs' registered for caching
[STDERR  ] 2017-06-27T17:26:39.601665296Z: [   12.159232] fuse init (API version 7.26)
[STDERR  ] 2017-06-27T17:26:39.601672902Z: [   12.162315] SGI XFS with ACLs, security attributes, no debug enabled
[STDERR  ] 2017-06-27T17:26:39.601679899Z: [   12.166084] 9p: Installing v9fs 9p2000 file system support
[STDERR  ] 2017-06-27T17:26:39.60168368Z: [   12.166845] FS-Cache: Netfs '9p' registered for caching
[STDERR  ] 2017-06-27T17:26:39.601690339Z: [   12.198860] NET: Registered protocol family 38
[STDERR  ] 2017-06-27T17:26:39.601701431Z: [   12.199861] Key type asymmetric registered
[STDERR  ] 2017-06-27T17:26:39.601705492Z: [   12.201473] Asymmetric key parser 'x509' registered
[STDERR  ] 2017-06-27T17:26:39.601713024Z: [   12.202665] Block layer SCSI generic (bsg) driver version 0.4 loaded (major 251)
[STDERR  ] 2017-06-27T17:26:39.601724045Z: [   12.204321] io scheduler noop registered
[STDERR  ] 2017-06-27T17:26:39.601731841Z: [   12.204796] io scheduler deadline registered (default)
[STDERR  ] 2017-06-27T17:26:39.601739279Z: [   12.205712] io scheduler cfq registered
[STDERR  ] 2017-06-27T17:26:39.601745931Z: [   12.208526] pci_hotplug: PCI Hot Plug PCI Core version: 0.5
[STDERR  ] 2017-06-27T17:26:39.601752685Z: [   12.209352] pciehp: PCI Express Hot Plug Controller Driver version: 0.4
[STDERR  ] 2017-06-27T17:26:39.601758714Z: [   12.211528] shpchp: Standard Hot Plug PCI Controller Driver version: 0.4
[STDERR  ] 2017-06-27T17:26:39.601766916Z: [   12.212674] hv_vmbus: registering driver hyperv_fb
[STDERR  ] 2017-06-27T17:26:39.601777787Z: [   12.216022] input: Power Button as /devices/LNXSYSTM:00/LNXPWRBN:00/input/input0
[STDERR  ] 2017-06-27T17:26:39.601785784Z: [   12.217432] ACPI: Power Button [PWRF]
[STDERR  ] 2017-06-27T17:26:39.60179083Z: [   12.222822] GHES: HEST is not enabled!
[STDERR  ] 2017-06-27T17:26:39.601798195Z: [   12.235310] ACPI: PCI Interrupt Link [GSIH] enabled at IRQ 23
[STDERR  ] 2017-06-27T17:26:39.601803403Z: [   12.242665] xenfs: not registering filesystem on non-xen platform
[STDERR  ] 2017-06-27T17:26:39.601811788Z: [   12.245174] Serial: 8250/16550 driver, 4 ports, IRQ sharing disabled
[STDERR  ] 2017-06-27T17:26:39.60181453Z: [   12.271095] 00:04: ttyS0 at I/O 0x3f8 (irq = 4, base_baud = 115200) is a 16550A
[STDERR  ] 2017-06-27T17:26:39.601825693Z: [   12.283767] Non-volatile memory driver v1.3
[STDERR  ] 2017-06-27T17:26:39.601833839Z: [   12.291348] Hangcheck: starting hangcheck timer 0.9.1 (tick is 180 seconds, margin is 60 seconds).
[STDERR  ] 2017-06-27T17:26:39.601839029Z: [   12.329668] loop: module loaded
[STDERR  ] 2017-06-27T17:26:39.601844068Z: [   12.343797] nbd: registered device at major 43
[STDERR  ] 2017-06-27T17:26:39.601846715Z: [   12.385246] lpc_ich 0000:00:1f.0: I/O space for GPIO uninitialized
[STDERR  ] 2017-06-27T17:26:39.601854259Z: [   12.387445] VMware PVSCSI driver - version 1.0.7.0-k
[STDERR  ] 2017-06-27T17:26:39.601859232Z: [   12.388469] hv_vmbus: registering driver hv_storvsc
[STDERR  ] 2017-06-27T17:26:39.601864196Z: [   12.398807] ACPI: PCI Interrupt Link [GSIA] enabled at IRQ 16
[STDERR  ] 2017-06-27T17:26:39.601869246Z: [   12.405995] ahci 0000:00:1f.2: AHCI 0001.0000 32 slots 6 ports 1.5 Gbps 0x3f impl SATA mode
[STDERR  ] 2017-06-27T17:26:39.601874308Z: [   12.407120] ahci 0000:00:1f.2: flags: 64bit ncq only 
[STDERR  ] 2017-06-27T17:26:39.601879509Z: [   12.427638] scsi host0: ahci
[STDERR  ] 2017-06-27T17:26:39.601889397Z: [   12.432111] scsi host1: ahci
[STDERR  ] 2017-06-27T17:26:39.601894443Z: [   12.434658] scsi host2: ahci
[STDERR  ] 2017-06-27T17:26:39.60189934Z: [   12.437257] scsi host3: ahci
[STDERR  ] 2017-06-27T17:26:39.601904316Z: [   12.439835] scsi host4: ahci
[STDERR  ] 2017-06-27T17:26:39.601909404Z: [   12.442508] scsi host5: ahci
[STDERR  ] 2017-06-27T17:26:39.601920348Z: [   12.444522] ata1: SATA max UDMA/133 abar m4096@0xfebf1000 port 0xfebf1100 irq 24
[STDERR  ] 2017-06-27T17:26:39.601932004Z: [   12.445311] ata2: SATA max UDMA/133 abar m4096@0xfebf1000 port 0xfebf1180 irq 24
[STDERR  ] 2017-06-27T17:26:39.601939513Z: [   12.446098] ata3: SATA max UDMA/133 abar m4096@0xfebf1000 port 0xfebf1200 irq 24
[STDERR  ] 2017-06-27T17:26:39.601947156Z: [   12.446807] ata4: SATA max UDMA/133 abar m4096@0xfebf1000 port 0xfebf1280 irq 24
[STDERR  ] 2017-06-27T17:26:39.601954395Z: [   12.447501] ata5: SATA max UDMA/133 abar m4096@0xfebf1000 port 0xfebf1300 irq 24
[STDERR  ] 2017-06-27T17:26:39.601964528Z: [   12.448187] ata6: SATA max UDMA/133 abar m4096@0xfebf1000 port 0xfebf1380 irq 24
[STDERR  ] 2017-06-27T17:26:39.601969605Z: [   12.461160] tun: Universal TUN/TAP device driver, 1.6
[STDERR  ] 2017-06-27T17:26:39.601974786Z: [   12.462060] tun: (C) 1999-2004 Max Krasnyansky <maxk@qualcomm.com>
[STDERR  ] 2017-06-27T17:26:39.601979773Z: [   12.464210] VMware vmxnet3 virtual NIC driver - version 1.4.a.0-k-NAPI
[STDERR  ] 2017-06-27T17:26:39.60198481Z: [   12.465386] hv_vmbus: registering driver hv_netvsc
[STDERR  ] 2017-06-27T17:26:39.601990355Z: [   12.465918] Fusion MPT base driver 3.04.20
[STDERR  ] 2017-06-27T17:26:39.601995376Z: [   12.466324] Copyright (c) 1999-2008 LSI Corporation
[STDERR  ] 2017-06-27T17:26:39.602000377Z: [   12.467137] Fusion MPT SPI Host driver 3.04.20
[STDERR  ] 2017-06-27T17:26:39.602008262Z: [   12.469391] i8042: PNP: PS/2 Controller [PNP0303:KBD,PNP0f13:MOU] at 0x60,0x64 irq 1,12
[STDERR  ] 2017-06-27T17:26:39.602015242Z: [   12.474307] serio: i8042 KBD port at 0x60,0x64 irq 1
[STDERR  ] 2017-06-27T17:26:39.602020282Z: [   12.475190] serio: i8042 AUX port at 0x60,0x64 irq 12
[STDERR  ] 2017-06-27T17:26:39.602025236Z: [   12.478329] hv_vmbus: registering driver hyperv_keyboard
[STDERR  ] 2017-06-27T17:26:39.602034991Z: [   12.481152] mousedev: PS/2 mouse device common for all mice
[STDERR  ] 2017-06-27T17:26:39.602040066Z: [   12.486264] input: AT Translated Set 2 keyboard as /devices/platform/i8042/serio0/input/input1
[STDERR  ] 2017-06-27T17:26:39.602045139Z: [   12.489595] input: PC Speaker as /devices/platform/pcspkr/input/input2
[STDERR  ] 2017-06-27T17:26:39.602050302Z: [   12.493639] rtc_cmos 00:00: RTC can wake from S4
[STDERR  ] 2017-06-27T17:26:39.602058219Z: [   12.497204] rtc_cmos 00:00: rtc core: registered rtc_cmos as rtc0
[STDERR  ] 2017-06-27T17:26:39.602060919Z: [   12.498800] rtc_cmos 00:00: alarms up to one day, y3k, 114 bytes nvram, hpet irqs
[STDERR  ] 2017-06-27T17:26:39.602068363Z: [   12.499851] i2c /dev entries driver
[STDERR  ] 2017-06-27T17:26:39.602070902Z: [   12.502348] device-mapper: ioctl: 4.35.0-ioctl (2016-06-23) initialised: dm-devel@redhat.com
[STDERR  ] 2017-06-27T17:26:39.602078471Z: [   12.509977] usbcore: registered new interface driver usbhid
[STDERR  ] 2017-06-27T17:26:39.602081142Z: [   12.511350] usbhid: USB HID core driver
[STDERR  ] 2017-06-27T17:26:39.60208777Z: [   12.512785] hv_utils: Registering HyperV Utility Driver
[STDERR  ] 2017-06-27T17:26:39.602095297Z: [   12.513534] hv_vmbus: registering driver hv_util
[STDERR  ] 2017-06-27T17:26:39.60210032Z: [   12.514681] hv_vmbus: registering driver hv_balloon
[STDERR  ] 2017-06-27T17:26:39.60210299Z: [   12.515736] oprofile: using NMI interrupt.
[STDERR  ] 2017-06-27T17:26:39.602114451Z: [   12.517658] GACT probability on
[STDERR  ] 2017-06-27T17:26:39.602119785Z: [   12.518578] Mirror/redirect action on
[STDERR  ] 2017-06-27T17:26:39.602127478Z: [   12.520386] Simple TC action Loaded
[STDERR  ] 2017-06-27T17:26:39.602132475Z: [   12.521676] u32 classifier
[STDERR  ] 2017-06-27T17:26:39.602137434Z: [   12.522115]     Performance counters on
[STDERR  ] 2017-06-27T17:26:39.602142412Z: [   12.522671]     input device check on
[STDERR  ] 2017-06-27T17:26:39.602147342Z: [   12.523171]     Actions configured
[STDERR  ] 2017-06-27T17:26:39.60215229Z: [   12.524240] Netfilter messages via NETLINK v0.30.
[STDERR  ] 2017-06-27T17:26:39.602157494Z: [   12.525332] nfnl_acct: registering with nfnetlink.
[STDERR  ] 2017-06-27T17:26:39.602160116Z: [   12.527718] nf_conntrack version 0.5.0 (8192 buckets, 32768 max)
[STDERR  ] 2017-06-27T17:26:39.602173006Z: [   12.533440] ctnetlink v0.93: registering with nfnetlink.
[STDERR  ] 2017-06-27T17:26:39.602180833Z: [   12.537649] nf_tables: (c) 2007-2009 Patrick McHardy <kaber@trash.net>
[STDERR  ] 2017-06-27T17:26:39.602185906Z: [   12.539166] nf_tables_compat: (c) 2012 Pablo Neira Ayuso <pablo@netfilter.org>
[STDERR  ] 2017-06-27T17:26:39.602191037Z: [   12.543497] xt_time: kernel timezone is -0000
[STDERR  ] 2017-06-27T17:26:39.602198043Z: [   12.544497] ip_set: protocol 6
[STDERR  ] 2017-06-27T17:26:39.602203014Z: [   12.545568] IPVS: Registered protocols (TCP, UDP, SCTP, AH, ESP)
[STDERR  ] 2017-06-27T17:26:39.602208061Z: [   12.555015] IPVS: Connection hash table configured (size=4096, memory=64Kbytes)
[STDERR  ] 2017-06-27T17:26:39.602216871Z: [   12.558500] IPVS: Creating netns size=2104 id=0
[STDERR  ] 2017-06-27T17:26:39.602219722Z: [   12.561039] IPVS: ipvs loaded.
[STDERR  ] 2017-06-27T17:26:39.602227202Z: [   12.561814] IPVS: [rr] scheduler registered.
[STDERR  ] 2017-06-27T17:26:39.602229806Z: [   12.562464] IPVS: [wrr] scheduler registered.
[STDERR  ] 2017-06-27T17:26:39.602242391Z: [   12.563157] IPVS: [lc] scheduler registered.
[STDERR  ] 2017-06-27T17:26:39.602247433Z: [   12.563721] IPVS: [wlc] scheduler registered.
[STDERR  ] 2017-06-27T17:26:39.602252486Z: [   12.564312] IPVS: [fo] scheduler registered.
[STDERR  ] 2017-06-27T17:26:39.60225743Z: [   12.564865] IPVS: [ovf] scheduler registered.
[STDERR  ] 2017-06-27T17:26:39.602262767Z: [   12.565782] IPVS: [lblc] scheduler registered.
[STDERR  ] 2017-06-27T17:26:39.602269445Z: [   12.566656] IPVS: [lblcr] scheduler registered.
[STDERR  ] 2017-06-27T17:26:39.602274535Z: [   12.567305] IPVS: [dh] scheduler registered.
[STDERR  ] 2017-06-27T17:26:39.602279533Z: [   12.567971] IPVS: [sh] scheduler registered.
[STDERR  ] 2017-06-27T17:26:39.602284516Z: [   12.568542] IPVS: [sed] scheduler registered.
[STDERR  ] 2017-06-27T17:26:39.602289459Z: [   12.569124] IPVS: [nq] scheduler registered.
[STDERR  ] 2017-06-27T17:26:39.602294439Z: [   12.570919] IPVS: ftp: loaded support on port[0] = 21
[STDERR  ] 2017-06-27T17:26:39.602302165Z: [   12.572600] ipip: IPv4 and MPLS over IPv4 tunneling driver
[STDERR  ] 2017-06-27T17:26:39.602307443Z: [   12.579591] gre: GRE over IPv4 demultiplexor driver
[STDERR  ] 2017-06-27T17:26:39.602312452Z: [   12.583619] ip_tables: (C) 2000-2006 Netfilter Core Team
[STDERR  ] 2017-06-27T17:26:39.602315102Z: [   12.588244] ipt_CLUSTERIP: ClusterIP Version 0.8 loaded successfully
[STDERR  ] 2017-06-27T17:26:39.602320086Z: [   12.589600] arp_tables: arp_tables: (C) 2002 David S. Miller
[STDERR  ] 2017-06-27T17:26:39.602330617Z: [   12.593471] NET: Registered protocol family 10
[STDERR  ] 2017-06-27T17:26:39.602335645Z: [   12.607231] ip6_tables: (C) 2000-2006 Netfilter Core Team
[STDERR  ] 2017-06-27T17:26:39.602338313Z: [   12.619433] NET: Registered protocol family 17
[STDERR  ] 2017-06-27T17:26:39.602343299Z: [   12.622166] Bridge firewalling registered
[STDERR  ] 2017-06-27T17:26:39.602350758Z: [   12.623320] Ebtables v2.0 registered
[STDERR  ] 2017-06-27T17:26:39.602355701Z: [   12.625771] 8021q: 802.1Q VLAN Support v1.8
[STDERR  ] 2017-06-27T17:26:39.602360689Z: [   12.628271] 9pnet: Installing 9P2000 support
[STDERR  ] 2017-06-27T17:26:39.602365704Z: [   12.631456] Key type dns_resolver registered
[STDERR  ] 2017-06-27T17:26:39.602375902Z: [   12.633120] microcode: AMD CPU family 0x6 not supported
[STDERR  ] 2017-06-27T17:26:39.602385573Z: [   12.638867] registered taskstats version 1
[STDERR  ] 2017-06-27T17:26:39.602393415Z: [   12.800867] ata3: SATA link up 1.5 Gbps (SStatus 113 SControl 300)
[STDERR  ] 2017-06-27T17:26:39.602400949Z: [   12.804475] ata2: SATA link down (SStatus 0 SControl 300)
[STDERR  ] 2017-06-27T17:26:39.602408607Z: [   12.806513] ata1: SATA link down (SStatus 0 SControl 300)
[STDERR  ] 2017-06-27T17:26:39.602412816Z: [   12.807350] ata6: SATA link down (SStatus 0 SControl 300)
[STDERR  ] 2017-06-27T17:26:39.602420357Z: [   12.808072] ata5: SATA link down (SStatus 0 SControl 300)
[STDERR  ] 2017-06-27T17:26:39.602430984Z: [   12.808779] ata4: SATA link down (SStatus 0 SControl 300)
[STDERR  ] 2017-06-27T17:26:39.602436186Z: [   12.812060] ata3.00: ATAPI: QEMU DVD-ROM, 2.5+, max UDMA/100
[STDERR  ] 2017-06-27T17:26:39.602441157Z: [   12.812847] ata3.00: applying bridge limits
[STDERR  ] 2017-06-27T17:26:39.602446188Z: [   12.814833] ata3.00: configured for UDMA/100
[STDERR  ] 2017-06-27T17:26:39.602451243Z: [   12.828834] scsi 2:0:0:0: CD-ROM            QEMU     QEMU DVD-ROM     2.5+ PQ: 0 ANSI: 5
[STDERR  ] 2017-06-27T17:26:39.602456424Z: [   12.854452] sr 2:0:0:0: [sr0] scsi3-mmc drive: 4x/4x cd/rw xa/form2 tray
[STDERR  ] 2017-06-27T17:26:39.60246162Z: [   12.855763] cdrom: Uniform CD-ROM driver Revision: 3.20
[STDERR  ] 2017-06-27T17:26:39.602466765Z: [   12.875807] sr 2:0:0:0: Attached scsi generic sg0 type 5
[STDERR  ] 2017-06-27T17:26:39.602469435Z: [   12.911542] Key type big_key registered
[STDERR  ] 2017-06-27T17:26:39.602479277Z: [   12.968734] Key type encrypted registered
[STDERR  ] 2017-06-27T17:26:39.602484308Z: [   12.974455] rtc_cmos 00:00: setting system clock to 2017-06-27 17:24:35 UTC (1498584275)
[STDERR  ] 2017-06-27T17:26:39.602489341Z: [   13.117371] Freeing unused kernel memory: 1372K (ffffffffb4d50000 - ffffffffb4ea7000)
[STDERR  ] 2017-06-27T17:26:39.602494372Z: [   13.118558] Write protecting the kernel read-only data: 12288k
[STDERR  ] 2017-06-27T17:26:39.602500358Z: [   13.120643] tsc: Refined TSC clocksource calibration: 2599.898 MHz
[STDERR  ] 2017-06-27T17:26:39.602508372Z: [   13.121535] clocksource: tsc: mask: 0xffffffffffffffff max_cycles: 0x2579db7fc67, max_idle_ns: 440795228401 ns
[STDERR  ] 2017-06-27T17:26:39.602511592Z: [   13.128114] Freeing unused kernel memory: 156K (ffff91afa67d9000 - ffff91afa6800000)
[STDERR  ] 2017-06-27T17:26:39.602522773Z: [   13.251832] Freeing unused kernel memory: 1404K (ffff91afa6aa1000 - ffff91afa6c00000)
[STDERR  ] 2017-06-27T17:26:39.602527Z: [   14.139154] clocksource: Switched to clocksource tsc
[STDERR  ] 2017-06-27T17:26:39.602538824Z: [   94.147020] e1000: Intel(R) PRO/1000 Network Driver - version 7.3.21-k8-NAPI
[STDERR  ] 2017-06-27T17:26:39.602548876Z: [   94.150436] e1000: Copyright (c) 1999-2006 Intel Corporation.
[STDERR  ] 2017-06-27T17:26:39.602556477Z: [   94.319103] ACPI: PCI Interrupt Link [GSIG] enabled at IRQ 22
[STDERR  ] 2017-06-27T17:26:39.602561556Z: [   95.152330] e1000 0000:00:02.0 eth0: (PCI:33MHz:32-bit) 52:54:00:12:34:56
[STDERR  ] 2017-06-27T17:26:39.602566561Z: [   95.153771] e1000 0000:00:02.0 eth0: Intel(R) PRO/1000 Network Connection
[STDERR  ] 2017-06-27T17:26:39.602571531Z: 
[STDERR  ] 2017-06-27T17:26:39.602576516Z: Starting containerd
[STDERR  ] 2017-06-27T17:26:39.602584712Z: 
[STDERR  ] 2017-06-27T17:26:39.602589908Z: Welcome to LinuxKit
[STDERR  ] 2017-06-27T17:26:39.602592481Z: 
[STDERR  ] 2017-06-27T17:26:39.602601463Z:                         ##         .
[STDERR  ] 2017-06-27T17:26:39.602606487Z:                   ## ## ##        ==
[STDERR  ] 2017-06-27T17:26:39.602611423Z:                ## ## ## ## ##    ===
[STDERR  ] 2017-06-27T17:26:39.602614252Z:            /"""""""""""""""""\___/ ===
[STDERR  ] 2017-06-27T17:26:39.60262182Z:           {                       /  ===-
[STDERR  ] 2017-06-27T17:26:39.602627163Z:            \______ O           __/
[STDERR  ] 2017-06-27T17:26:39.602632213Z:              \    \         __/
[STDERR  ] 2017-06-27T17:26:39.602637509Z:               \____\_______/
[STDERR  ] 2017-06-27T17:26:39.602642592Z: [  100.430056] random: fast init done
[STDERR  ] 2017-06-27T17:26:39.602647626Z: 
[STDERR  ] 2017-06-27T17:26:39.60265475Z: [34mINFO[0m[0000] starting containerd boot...                   [34mmodule[0m=containerd
[STDERR  ] 2017-06-27T17:26:39.602662988Z: [34mINFO[0m[0000] loading plugin "io.containerd.content.v1.content"...  [34mmodule[0m=containerd [34mtype[0m=io.containerd.content.v1
[STDERR  ] 2017-06-27T17:26:39.602672313Z: [34mINFO[0m[0000] skip loading plugin "io.containerd.snapshotter.v1.btrfs"...  [34mmodule[0m=containerd [34mtype[0m=io.containerd.snapshotter.v1
[STDERR  ] 2017-06-27T17:26:39.60267563Z: [34mINFO[0m[0000] loading plugin "io.containerd.snapshotter.v1.overlayfs"...  [34mmodule[0m=containerd [34mtype[0m=io.containerd.snapshotter.v1
[STDERR  ] 2017-06-27T17:26:39.602686405Z: [34mINFO[0m[0000] loading plugin "io.containerd.differ.v1.base-diff"...  [34mmodule[0m=containerd [34mtype[0m=io.containerd.differ.v1
[STDERR  ] 2017-06-27T17:26:39.602691505Z: [34mINFO[0m[0000] loading plugin "io.containerd.metadata.v1.bolt"...  [34mmodule[0m=containerd [34mtype[0m=io.containerd.metadata.v1
[STDERR  ] 2017-06-27T17:26:39.602696566Z: [34mINFO[0m[0000] loading plugin "io.containerd.grpc.v1.containers"...  [34mmodule[0m=containerd [34mtype[0m=io.containerd.grpc.v1
[STDERR  ] 2017-06-27T17:26:39.602699197Z: [34mINFO[0m[0000] loading plugin "io.containerd.grpc.v1.content"...  [34mmodule[0m=containerd [34mtype[0m=io.containerd.grpc.v1
[STDERR  ] 2017-06-27T17:26:39.602707012Z: [34mINFO[0m[0000] loading plugin "io.containerd.grpc.v1.diff"...  [34mmodule[0m=containerd [34mtype[0m=io.containerd.grpc.v1
[STDERR  ] 2017-06-27T17:26:39.602718219Z: [34mINFO[0m[0000] loading plugin "io.containerd.grpc.v1.events"...  [34mmodule[0m=containerd [34mtype[0m=io.containerd.grpc.v1
[STDERR  ] 2017-06-27T17:26:39.602720859Z: [34mINFO[0m[0000] loading plugin "io.containerd.grpc.v1.healthcheck"...  [34mmodule[0m=containerd [34mtype[0m=io.containerd.grpc.v1
[STDERR  ] 2017-06-27T17:26:39.602731913Z: [34mINFO[0m[0000] loading plugin "io.containerd.grpc.v1.images"...  [34mmodule[0m=containerd [34mtype[0m=io.containerd.grpc.v1
[STDERR  ] 2017-06-27T17:26:39.602736697Z: [34mINFO[0m[0000] loading plugin "io.containerd.grpc.v1.namespaces"...  [34mmodule[0m=containerd [34mtype[0m=io.containerd.grpc.v1
[STDERR  ] 2017-06-27T17:26:39.602744363Z: [34mINFO[0m[0000] loading plugin "io.containerd.grpc.v1.snapshots"...  [34mmodule[0m=containerd [34mtype[0m=io.containerd.grpc.v1
[STDERR  ] 2017-06-27T17:26:39.60274948Z: [34mINFO[0m[0000] loading plugin "io.containerd.monitor.v1.cgroups"...  [34mmodule[0m=containerd [34mtype[0m=io.containerd.monitor.v1
[STDERR  ] 2017-06-27T17:26:39.602758374Z: [34mINFO[0m[0000] loading plugin "io.containerd.runtime.v1.linux"...  [34mmodule[0m=containerd [34mtype[0m=io.containerd.runtime.v1
[STDERR  ] 2017-06-27T17:26:39.602763482Z: [34mINFO[0m[0000] loading plugin "io.containerd.grpc.v1.tasks"...  [34mmodule[0m=containerd [34mtype[0m=io.containerd.grpc.v1
[STDERR  ] 2017-06-27T17:26:39.602768738Z: [34mINFO[0m[0000] loading plugin "io.containerd.grpc.v1.version"...  [34mmodule[0m=containerd [34mtype[0m=io.containerd.grpc.v1
[STDERR  ] 2017-06-27T17:26:39.602776786Z: [34mINFO[0m[0000] serving...                                    [34maddress[0m="/run/containerd/debug.sock" [34mmodule[0m="containerd/debug"
[STDERR  ] 2017-06-27T17:26:39.602779561Z: [34mINFO[0m[0000] serving...                                    [34maddress[0m="/run/containerd/containerd.sock" [34mmodule[0m="containerd/grpc"
[STDERR  ] 2017-06-27T17:26:39.602788132Z: [34mINFO[0m[0000] containerd successfully booted in 0.161225s   [34mmodule[0m=containerd
[STDERR  ] 2017-06-27T17:26:39.602796309Z: starting kernel config sanity test with /proc/config.gz
[STDERR  ] 2017-06-27T17:26:39.602801357Z: [  111.007469] RPC: Registered named UNIX socket transport module.
[STDERR  ] 2017-06-27T17:26:39.602806366Z: [  111.008778] RPC: Registered udp transport module.
[STDERR  ] 2017-06-27T17:26:39.602809016Z: [  111.009422] RPC: Registered tcp transport module.
[STDERR  ] 2017-06-27T17:26:39.602813918Z: [  111.010580] RPC: Registered tcp NFSv4.1 backchannel transport module.
[STDERR  ] 2017-06-27T17:26:39.602823131Z: [  111.186899] FS-Cache: Netfs 'nfs' registered for caching
[STDERR  ] 2017-06-27T17:26:39.602825886Z: [  111.368973] Installing knfsd (copyright (C) 1996 okir@monad.swb.de).
[STDERR  ] 2017-06-27T17:26:39.602830837Z: [  111.464792] ntfs: driver 2.1.32 [Flags: R/O MODULE].
[STDERR  ] 2017-06-27T17:26:39.6028411Z: kernel config test succeeded!
[STDERR  ] 2017-06-27T17:26:39.602843793Z: [37minfo: reading kernel config from /proc/config.gz ...[m
[STDERR  ] 2017-06-27T17:26:39.602851128Z: 
[STDERR  ] 2017-06-27T17:26:39.602853651Z: Generally Necessary:
[STDERR  ] 2017-06-27T17:26:39.60286376Z: - [37mcgroup hierarchy[m: [32mproperly mounted[m [/sys/fs/cgroup]
[STDERR  ] 2017-06-27T17:26:39.602866445Z: - [37mCONFIG_NAMESPACES[m: [32menabled[m
[STDERR  ] 2017-06-27T17:26:39.60287135Z: - [37mCONFIG_NET_NS[m: [32menabled[m
[STDERR  ] 2017-06-27T17:26:39.602881722Z: - [37mCONFIG_PID_NS[m: [32menabled[m
[STDERR  ] 2017-06-27T17:26:39.602886765Z: - [37mCONFIG_IPC_NS[m: [32menabled[m
[STDERR  ] 2017-06-27T17:26:39.602889402Z: - [37mCONFIG_UTS_NS[m: [32menabled[m
[STDERR  ] 2017-06-27T17:26:39.602896829Z: - [37mCONFIG_CGROUPS[m: [32menabled[m
[STDERR  ] 2017-06-27T17:26:39.602901799Z: - [37mCONFIG_CGROUP_CPUACCT[m: [32menabled[m
[STDERR  ] 2017-06-27T17:26:39.602906809Z: - [37mCONFIG_CGROUP_DEVICE[m: [32menabled[m
[STDERR  ] 2017-06-27T17:26:39.602911788Z: - [37mCONFIG_CGROUP_FREEZER[m: [32menabled[m
[STDERR  ] 2017-06-27T17:26:39.602914303Z: - [37mCONFIG_CGROUP_SCHED[m: [32menabled[m
[STDERR  ] 2017-06-27T17:26:39.602921766Z: - [37mCONFIG_CPUSETS[m: [32menabled[m
[STDERR  ] 2017-06-27T17:26:39.602924422Z: - [37mCONFIG_MEMCG[m: [32menabled[m
[STDERR  ] 2017-06-27T17:26:39.602931806Z: - [37mCONFIG_KEYS[m: [32menabled[m
[STDERR  ] 2017-06-27T17:26:39.602939157Z: - [37mCONFIG_VETH[m: [32menabled[m
[STDERR  ] 2017-06-27T17:26:39.602941684Z: - [37mCONFIG_BRIDGE[m: [32menabled[m
[STDERR  ] 2017-06-27T17:26:39.602951763Z: - [37mCONFIG_BRIDGE_NETFILTER[m: [32menabled[m
[STDERR  ] 2017-06-27T17:26:39.602956748Z: - [37mCONFIG_NF_NAT_IPV4[m: [32menabled[m
[STDERR  ] 2017-06-27T17:26:39.602961721Z: - [37mCONFIG_IP_NF_FILTER[m: [32menabled[m
[STDERR  ] 2017-06-27T17:26:39.602964349Z: - [37mCONFIG_IP_NF_TARGET_MASQUERADE[m: [32menabled[m
[STDERR  ] 2017-06-27T17:26:39.602971436Z: - [37mCONFIG_NETFILTER_XT_MATCH_ADDRTYPE[m: [32menabled[m
[STDERR  ] 2017-06-27T17:26:39.602983166Z: - [37mCONFIG_NETFILTER_XT_MATCH_CONNTRACK[m: [32menabled[m
[STDERR  ] 2017-06-27T17:26:39.602988192Z: - [37mCONFIG_NETFILTER_XT_MATCH_IPVS[m: [32menabled[m
[STDERR  ] 2017-06-27T17:26:39.602993314Z: - [37mCONFIG_IP_NF_NAT[m: [32menabled[m
[STDERR  ] 2017-06-27T17:26:39.602998316Z: - [37mCONFIG_NF_NAT[m: [32menabled[m
[STDERR  ] 2017-06-27T17:26:39.603000948Z: - [37mCONFIG_NF_NAT_NEEDED[m: [32menabled[m
[STDERR  ] 2017-06-27T17:26:39.60301029Z: - [37mCONFIG_POSIX_MQUEUE[m: [32menabled[m
[STDERR  ] 2017-06-27T17:26:39.60301535Z: 
[STDERR  ] 2017-06-27T17:26:39.60301795Z: Optional Features:
[STDERR  ] 2017-06-27T17:26:39.603025548Z: - [37mCONFIG_USER_NS[m: [32menabled[m
[STDERR  ] 2017-06-27T17:26:39.603035019Z: - [37mCONFIG_SECCOMP[m: [32menabled[m
[STDERR  ] 2017-06-27T17:26:39.603039969Z: - [37mCONFIG_CGROUP_PIDS[m: [32menabled[m
[STDERR  ] 2017-06-27T17:26:39.603047475Z: - [37mCONFIG_MEMCG_SWAP[m: [32menabled[m
[STDERR  ] 2017-06-27T17:26:39.603052435Z: - [37mCONFIG_MEMCG_SWAP_ENABLED[m: [32menabled[m
[STDERR  ] 2017-06-27T17:26:39.603054936Z:     [1;30m(cgroup swap accounting is currently enabled)[m
[STDERR  ] 2017-06-27T17:26:39.603062606Z: - [1mCONFIG_LEGACY_VSYSCALL_NONE[m: [1;31menabled[m
[STDERR  ] 2017-06-27T17:26:39.603067752Z:     [1;30m(containers using eglibc <= 2.13 will not work. Switch to[m
[STDERR  ] 2017-06-27T17:26:39.603072768Z:     [1;30m "CONFIG_VSYSCALL_[NATIVE|EMULATE]" or use "vsyscall=[native|emulate]"[m
[STDERR  ] 2017-06-27T17:26:39.603077892Z:     [1;30m on kernel command line. Note that this will disable ASLR for the,[m
[STDERR  ] 2017-06-27T17:26:39.603082902Z:     [1;30m VDSO which may assist in exploiting security vulnerabilities.)[m
[STDERR  ] 2017-06-27T17:26:39.603091794Z: - [37mCONFIG_BLK_CGROUP[m: [32menabled[m
[STDERR  ] 2017-06-27T17:26:39.603094561Z: - [37mCONFIG_BLK_DEV_THROTTLING[m: [32menabled[m
[STDERR  ] 2017-06-27T17:26:39.603099499Z: - [37mCONFIG_IOSCHED_CFQ[m: [32menabled[m
[STDERR  ] 2017-06-27T17:26:39.603107Z: - [37mCONFIG_CFQ_GROUP_IOSCHED[m: [32menabled[m
[STDERR  ] 2017-06-27T17:26:39.603109628Z: - [37mCONFIG_CGROUP_PERF[m: [32menabled[m
[STDERR  ] 2017-06-27T17:26:39.603118759Z: - [37mCONFIG_CGROUP_HUGETLB[m: [32menabled[m
[STDERR  ] 2017-06-27T17:26:39.603121337Z: - [37mCONFIG_NET_CLS_CGROUP[m: [32menabled[m
[STDERR  ] 2017-06-27T17:26:39.603134137Z: - [37mCONFIG_CGROUP_NET_PRIO[m: [32menabled[m
[STDERR  ] 2017-06-27T17:26:39.603139101Z: - [37mCONFIG_CFS_BANDWIDTH[m: [32menabled[m
[STDERR  ] 2017-06-27T17:26:39.603144146Z: - [37mCONFIG_FAIR_GROUP_SCHED[m: [32menabled[m
[STDERR  ] 2017-06-27T17:26:39.603149174Z: - [37mCONFIG_RT_GROUP_SCHED[m: [32menabled[m
[STDERR  ] 2017-06-27T17:26:39.603156414Z: - [37mCONFIG_IP_VS[m: [32menabled[m
[STDERR  ] 2017-06-27T17:26:39.603161532Z: - [37mCONFIG_IP_VS_NFCT[m: [32menabled[m
[STDERR  ] 2017-06-27T17:26:39.603166482Z: - [37mCONFIG_IP_VS_RR[m: [32menabled[m
[STDERR  ] 2017-06-27T17:26:39.603171449Z: - [37mCONFIG_EXT4_FS[m: [32menabled[m
[STDERR  ] 2017-06-27T17:26:39.603176463Z: - [37mCONFIG_EXT4_FS_POSIX_ACL[m: [32menabled[m
[STDERR  ] 2017-06-27T17:26:39.603181532Z: - [37mCONFIG_EXT4_FS_SECURITY[m: [32menabled[m
[STDERR  ] 2017-06-27T17:26:39.603186533Z: - Network Drivers:
[STDERR  ] 2017-06-27T17:26:39.603191639Z:   - "[34moverlay[m":
[STDERR  ] 2017-06-27T17:26:39.603196626Z:     - [37mCONFIG_VXLAN[m: [32menabled[m
[STDERR  ] 2017-06-27T17:26:39.603204118Z:       Optional (for encrypted networks):
[STDERR  ] 2017-06-27T17:26:39.603209114Z:       - [37mCONFIG_CRYPTO[m: [32menabled[m
[STDERR  ] 2017-06-27T17:26:39.603214097Z:       - [37mCONFIG_CRYPTO_AEAD[m: [32menabled[m
[STDERR  ] 2017-06-27T17:26:39.6032191Z:       - [37mCONFIG_CRYPTO_GCM[m: [32menabled[m
[STDERR  ] 2017-06-27T17:26:39.603224254Z:       - [37mCONFIG_CRYPTO_SEQIV[m: [32menabled[m
[STDERR  ] 2017-06-27T17:26:39.603232263Z:       - [37mCONFIG_CRYPTO_GHASH[m: [32menabled[m
[STDERR  ] 2017-06-27T17:26:39.603241187Z:       - [37mCONFIG_XFRM[m: [32menabled[m
[STDERR  ] 2017-06-27T17:26:39.603246221Z:       - [37mCONFIG_XFRM_USER[m: [32menabled (as module)[m
[STDERR  ] 2017-06-27T17:26:39.603251413Z:       - [37mCONFIG_XFRM_ALGO[m: [32menabled (as module)[m
[STDERR  ] 2017-06-27T17:26:39.603256409Z:       - [37mCONFIG_INET_ESP[m: [32menabled (as module)[m
[STDERR  ] 2017-06-27T17:26:39.603259043Z:       - [37mCONFIG_INET_XFRM_MODE_TRANSPORT[m: [32menabled (as module)[m
[STDERR  ] 2017-06-27T17:26:39.603266625Z:   - "[34mipvlan[m":
[STDERR  ] 2017-06-27T17:26:39.603269162Z:     - [37mCONFIG_IPVLAN[m: [32menabled[m
[STDERR  ] 2017-06-27T17:26:39.60327664Z:   - "[34mmacvlan[m":
[STDERR  ] 2017-06-27T17:26:39.603281653Z:     - [37mCONFIG_MACVLAN[m: [32menabled[m
[STDERR  ] 2017-06-27T17:26:39.603288869Z:     - [37mCONFIG_DUMMY[m: [32menabled (as module)[m
[STDERR  ] 2017-06-27T17:26:39.603291577Z:   - "[34mftp,tftp client in container[m":
[STDERR  ] 2017-06-27T17:26:39.603299444Z:     - [37mCONFIG_NF_NAT_FTP[m: [32menabled[m
[STDERR  ] 2017-06-27T17:26:39.603310657Z:     - [37mCONFIG_NF_CONNTRACK_FTP[m: [32menabled[m
[STDERR  ] 2017-06-27T17:26:39.603315666Z:     - [37mCONFIG_NF_NAT_TFTP[m: [32menabled[m
[STDERR  ] 2017-06-27T17:26:39.6033207Z:     - [37mCONFIG_NF_CONNTRACK_TFTP[m: [32menabled[m
[STDERR  ] 2017-06-27T17:26:39.603323368Z: - Storage Drivers:
[STDERR  ] 2017-06-27T17:26:39.603328284Z:   - "[34maufs[m":
[STDERR  ] 2017-06-27T17:26:39.60333589Z:     - [1mCONFIG_AUFS_FS[m: [1;31mmissing[m
[STDERR  ] 2017-06-27T17:26:39.603338606Z:   - "[34mbtrfs[m":
[STDERR  ] 2017-06-27T17:26:39.603345985Z:     - [37mCONFIG_BTRFS_FS[m: [32menabled (as module)[m
[STDERR  ] 2017-06-27T17:26:39.60335837Z:     - [37mCONFIG_BTRFS_FS_POSIX_ACL[m: [32menabled[m
[STDERR  ] 2017-06-27T17:26:39.603361269Z:   - "[34mdevicemapper[m":
[STDERR  ] 2017-06-27T17:26:39.603372321Z:     - [37mCONFIG_BLK_DEV_DM[m: [32menabled[m
[STDERR  ] 2017-06-27T17:26:39.603377329Z:     - [37mCONFIG_DM_THIN_PROVISIONING[m: [32menabled[m
[STDERR  ] 2017-06-27T17:26:39.60338252Z:   - "[34moverlay[m":
[STDERR  ] 2017-06-27T17:26:39.603387576Z:     - [37mCONFIG_OVERLAY_FS[m: [32menabled[m
[STDERR  ] 2017-06-27T17:26:39.603392554Z:   - "[34mzfs[m":
[STDERR  ] 2017-06-27T17:26:39.603397758Z:     - [1m/dev/zfs[m: [1;31mmissing[m
[STDERR  ] 2017-06-27T17:26:39.603400399Z:     - [1mzfs command[m: [1;31mmissing[m
[STDERR  ] 2017-06-27T17:26:39.603407734Z:     - [1mzpool command[m: [1;31mmissing[m
[STDERR  ] 2017-06-27T17:26:39.603412853Z: 
[STDERR  ] 2017-06-27T17:26:39.60341561Z: Limits:
[STDERR  ] 2017-06-27T17:26:39.603423286Z: [37m- /proc/sys/kernel/keys/root_maxkeys[m: [32m1000000[m
[STDERR  ] 2017-06-27T17:26:39.60342826Z: 
[STDERR  ] 2017-06-27T17:26:39.603431158Z: Kernel config test suite PASSED
[STDERR  ] 2017-06-27T17:26:39.603441496Z:  - 000-check-kernel-config
[STDERR  ] 2017-06-27T17:26:39.603738281Z: [  136.188555] ACPI: Preparing to enter system sleep state S5
[STDERR  ] 2017-06-27T17:26:39.603743754Z: [  136.192709] reboot: Power down
[STDERR  ] 2017-06-27T17:26:39.603961297Z: + grep -q suite PASSED
[STDERR  ] 2017-06-27T17:26:39.605855462Z: + echo [    0.000000] Linux version 4.9.34-linuxkit (root@b147ce67977e) (gcc version 6.3.0 (Alpine 6.3.0) ) #1 SMP Tue Jun 27 09:54:32 UTC 2017
[STDERR  ] 2017-06-27T17:26:39.605887618Z: [    0.000000] Command line: console=ttyS0
[STDERR  ] 2017-06-27T17:26:39.605893163Z: [    0.000000] x86/fpu: Legacy x87 FPU detected.
[STDERR  ] 2017-06-27T17:26:39.605895828Z: [    0.000000] x86/fpu: Using 'eager' FPU context switches.
[STDERR  ] 2017-06-27T17:26:39.605904601Z: [    0.000000] e820: BIOS-provided physical RAM map:
[STDERR  ] 2017-06-27T17:26:39.60591411Z: [    0.000000] BIOS-e820: [mem 0x0000000000000000-0x000000000009fbff] usable
[STDERR  ] 2017-06-27T17:26:39.605919984Z: [    0.000000] BIOS-e820: [mem 0x000000000009fc00-0x000000000009ffff] reserved
[STDERR  ] 2017-06-27T17:26:39.60593936Z: [    0.000000] BIOS-e820: [mem 0x00000000000f0000-0x00000000000fffff] reserved
[STDERR  ] 2017-06-27T17:26:39.605944998Z: [    0.000000] BIOS-e820: [mem 0x0000000000100000-0x000000003ffdefff] usable
[STDERR  ] 2017-06-27T17:26:39.605950412Z: [    0.000000] BIOS-e820: [mem 0x000000003ffdf000-0x000000003fffffff] reserved
[STDERR  ] 2017-06-27T17:26:39.605955732Z: [    0.000000] BIOS-e820: [mem 0x00000000b0000000-0x00000000bfffffff] reserved
[STDERR  ] 2017-06-27T17:26:39.605960706Z: [    0.000000] BIOS-e820: [mem 0x00000000fed1c000-0x00000000fed1ffff] reserved
[STDERR  ] 2017-06-27T17:26:39.605965708Z: [    0.000000] BIOS-e820: [mem 0x00000000fffc0000-0x00000000ffffffff] reserved
[STDERR  ] 2017-06-27T17:26:39.605973513Z: [    0.000000] NX (Execute Disable) protection: active
[STDERR  ] 2017-06-27T17:26:39.60597874Z: [    0.000000] SMBIOS 2.8 present.
[STDERR  ] 2017-06-27T17:26:39.605983966Z: [    0.000000] e820: last_pfn = 0x3ffdf max_arch_pfn = 0x400000000
[STDERR  ] 2017-06-27T17:26:39.605988919Z: [    0.000000] x86/PAT: Configuration [0-7]: WB  WC  UC- UC  WB  WC  UC- WT  
[STDERR  ] 2017-06-27T17:26:39.60600224Z: [    0.000000] found SMP MP-table at [mem 0x000f6aa0-0x000f6aaf] mapped at [ffff91af800f6aa0]
[STDERR  ] 2017-06-27T17:26:39.606005274Z: [    0.000000] RAMDISK: [mem 0x3d4a7000-0x3ffcffff]
[STDERR  ] 2017-06-27T17:26:39.606010241Z: [    0.000000] ACPI: Early table checksum verification disabled
[STDERR  ] 2017-06-27T17:26:39.606017595Z: [    0.000000] ACPI: RSDP 0x00000000000F68C0 000014 (v00 BOCHS )
[STDERR  ] 2017-06-27T17:26:39.60602021Z: [    0.000000] ACPI: RSDT 0x000000003FFE2404 000034 (v01 BOCHS  BXPCRSDT 00000001 BXPC 00000001)
[STDERR  ] 2017-06-27T17:26:39.606025101Z: [    0.000000] ACPI: FACP 0x000000003FFE22A4 000074 (v01 BOCHS  BXPCFACP 00000001 BXPC 00000001)
[STDERR  ] 2017-06-27T17:26:39.606045005Z: [    0.000000] ACPI: DSDT 0x000000003FFE0040 002264 (v01 BOCHS  BXPCDSDT 00000001 BXPC 00000001)
[STDERR  ] 2017-06-27T17:26:39.606050274Z: [    0.000000] ACPI: FACS 0x000000003FFE0000 000040
[STDERR  ] 2017-06-27T17:26:39.606055268Z: [    0.000000] ACPI: APIC 0x000000003FFE2318 000078 (v01 BOCHS  BXPCAPIC 00000001 BXPC 00000001)
[STDERR  ] 2017-06-27T17:26:39.606060212Z: [    0.000000] ACPI: HPET 0x000000003FFE2390 000038 (v01 BOCHS  BXPCHPET 00000001 BXPC 00000001)
[STDERR  ] 2017-06-27T17:26:39.606065192Z: [    0.000000] ACPI: MCFG 0x000000003FFE23C8 00003C (v01 BOCHS  BXPCMCFG 00000001 BXPC 00000001)
[STDERR  ] 2017-06-27T17:26:39.606070124Z: [    0.000000] Zone ranges:
[STDERR  ] 2017-06-27T17:26:39.606076814Z: [    0.000000]   DMA      [mem 0x0000000000001000-0x0000000000ffffff]
[STDERR  ] 2017-06-27T17:26:39.606081713Z: [    0.000000]   DMA32    [mem 0x0000000001000000-0x000000003ffdefff]
[STDERR  ] 2017-06-27T17:26:39.606089561Z: [    0.000000]   Normal   empty
[STDERR  ] 2017-06-27T17:26:39.606094532Z: [    0.000000] Movable zone start for each node
[STDERR  ] 2017-06-27T17:26:39.606099476Z: [    0.000000] Early memory node ranges
[STDERR  ] 2017-06-27T17:26:39.60610441Z: [    0.000000]   node   0: [mem 0x0000000000001000-0x000000000009efff]
[STDERR  ] 2017-06-27T17:26:39.606107058Z: [    0.000000]   node   0: [mem 0x0000000000100000-0x000000003ffdefff]
[STDERR  ] 2017-06-27T17:26:39.606111978Z: [    0.000000] Initmem setup node 0 [mem 0x0000000000001000-0x000000003ffdefff]
[STDERR  ] 2017-06-27T17:26:39.606119314Z: [    0.000000] ACPI: PM-Timer IO Port: 0x608
[STDERR  ] 2017-06-27T17:26:39.606122086Z: [    0.000000] ACPI: LAPIC_NMI (acpi_id[0xff] dfl dfl lint[0x1])
[STDERR  ] 2017-06-27T17:26:39.606126891Z: [    0.000000] IOAPIC[0]: apic_id 0, version 32, address 0xfec00000, GSI 0-23
[STDERR  ] 2017-06-27T17:26:39.606134261Z: [    0.000000] ACPI: INT_SRC_OVR (bus 0 bus_irq 0 global_irq 2 dfl dfl)
[STDERR  ] 2017-06-27T17:26:39.606139275Z: [    0.000000] ACPI: INT_SRC_OVR (bus 0 bus_irq 5 global_irq 5 high level)
[STDERR  ] 2017-06-27T17:26:39.606152156Z: [    0.000000] ACPI: INT_SRC_OVR (bus 0 bus_irq 9 global_irq 9 high level)
[STDERR  ] 2017-06-27T17:26:39.606157256Z: [    0.000000] ACPI: INT_SRC_OVR (bus 0 bus_irq 10 global_irq 10 high level)
[STDERR  ] 2017-06-27T17:26:39.606161999Z: [    0.000000] ACPI: INT_SRC_OVR (bus 0 bus_irq 11 global_irq 11 high level)
[STDERR  ] 2017-06-27T17:26:39.60616954Z: [    0.000000] Using ACPI (MADT) for SMP configuration information
[STDERR  ] 2017-06-27T17:26:39.606174713Z: [    0.000000] ACPI: HPET id: 0x8086a201 base: 0xfed00000
[STDERR  ] 2017-06-27T17:26:39.60617723Z: [    0.000000] smpboot: Allowing 1 CPUs, 0 hotplug CPUs
[STDERR  ] 2017-06-27T17:26:39.606184864Z: [    0.000000] e820: [mem 0x40000000-0xafffffff] available for PCI devices
[STDERR  ] 2017-06-27T17:26:39.606192713Z: [    0.000000] Booting paravirtualized kernel on bare hardware
[STDERR  ] 2017-06-27T17:26:39.606197904Z: [    0.000000] clocksource: refined-jiffies: mask: 0xffffffff max_cycles: 0xffffffff, max_idle_ns: 19112604462750000 ns
[STDERR  ] 2017-06-27T17:26:39.60620444Z: [    0.000000] setup_percpu: NR_CPUS:128 nr_cpumask_bits:128 nr_cpu_ids:1 nr_node_ids:1
[STDERR  ] 2017-06-27T17:26:39.606209552Z: [    0.000000] percpu: Embedded 35 pages/cpu @ffff91afbd200000 s105112 r8192 d30056 u2097152
[STDERR  ] 2017-06-27T17:26:39.606214607Z: [    0.000000] Built 1 zonelists in Zone order, mobility grouping on.  Total pages: 257896
[STDERR  ] 2017-06-27T17:26:39.60621979Z: [    0.000000] Kernel command line: console=ttyS0
[STDERR  ] 2017-06-27T17:26:39.606226344Z: [    0.000000] PID hash table entries: 4096 (order: 3, 32768 bytes)
[STDERR  ] 2017-06-27T17:26:39.606232859Z: [    0.000000] Dentry cache hash table entries: 131072 (order: 8, 1048576 bytes)
[STDERR  ] 2017-06-27T17:26:39.606237834Z: [    0.000000] Inode-cache hash table entries: 65536 (order: 7, 524288 bytes)
[STDERR  ] 2017-06-27T17:26:39.606251312Z: [    0.000000] Memory: 970016K/1048052K available (8023K kernel code, 1336K rwdata, 2692K rodata, 1372K init, 564K bss, 78036K reserved, 0K cma-reserved)
[STDERR  ] 2017-06-27T17:26:39.606256817Z: [    0.000000] Hierarchical RCU implementation.
[STDERR  ] 2017-06-27T17:26:39.606262066Z: [    0.000000] 	Build-time adjustment of leaf fanout to 64.
[STDERR  ] 2017-06-27T17:26:39.606267264Z: [    0.000000] 	RCU restricting CPUs from NR_CPUS=128 to nr_cpu_ids=1.
[STDERR  ] 2017-06-27T17:26:39.606269943Z: [    0.000000] RCU: Adjusting geometry for rcu_fanout_leaf=64, nr_cpu_ids=1
[STDERR  ] 2017-06-27T17:26:39.606277518Z: [    0.000000] NR_IRQS:8448 nr_irqs:256 16
[STDERR  ] 2017-06-27T17:26:39.606284254Z: [    0.000000] Console: colour VGA+ 80x25
[STDERR  ] 2017-06-27T17:26:39.606289217Z: [    0.000000] console [ttyS0] enabled
[STDERR  ] 2017-06-27T17:26:39.606291798Z: [    0.000000] clocksource: hpet: mask: 0xffffffff max_cycles: 0xffffffff, max_idle_ns: 19112604467 ns
[STDERR  ] 2017-06-27T17:26:39.606302778Z: [    0.000000] tsc: Fast TSC calibration failed
[STDERR  ] 2017-06-27T17:26:39.606307868Z: [    0.000000] tsc: Unable to calibrate against PIT
[STDERR  ] 2017-06-27T17:26:39.606312847Z: [    0.000000] tsc: using HPET reference calibration
[STDERR  ] 2017-06-27T17:26:39.60631821Z: [    0.000000] tsc: Detected 2599.911 MHz processor
[STDERR  ] 2017-06-27T17:26:39.606324887Z: [    0.050756] Calibrating delay loop (skipped), value calculated using timer frequency.. 5199.82 BogoMIPS (lpj=25999110)
[STDERR  ] 2017-06-27T17:26:39.606329978Z: [    0.052807] pid_max: default: 32768 minimum: 301
[STDERR  ] 2017-06-27T17:26:39.606334961Z: [    0.060421] ACPI: Core revision 20160831
[STDERR  ] 2017-06-27T17:26:39.606337574Z: [    0.125834] ACPI: 1 ACPI AML tables successfully acquired and loaded
[STDERR  ] 2017-06-27T17:26:39.606344112Z: [    0.131738] Security Framework initialized
[STDERR  ] 2017-06-27T17:26:39.606351764Z: [    0.132717] Yama: becoming mindful.
[STDERR  ] 2017-06-27T17:26:39.6063567Z: [    0.135910] Mount-cache hash table entries: 2048 (order: 2, 16384 bytes)
[STDERR  ] 2017-06-27T17:26:39.606361702Z: [    0.137117] Mountpoint-cache hash table entries: 2048 (order: 2, 16384 bytes)
[STDERR  ] 2017-06-27T17:26:39.606367333Z: [    0.167144] Last level iTLB entries: 4KB 0, 2MB 0, 4MB 0
[STDERR  ] 2017-06-27T17:26:39.606376442Z: [    0.168121] Last level dTLB entries: 4KB 0, 2MB 0, 4MB 0, 1GB 0
[STDERR  ] 2017-06-27T17:26:39.606381618Z: [    0.637020] Freeing SMP alternatives memory: 20K (ffffffffb4ea7000 - ffffffffb4eac000)
[STDERR  ] 2017-06-27T17:26:39.60638427Z: [    0.647613] ftrace: allocating 35396 entries in 139 pages
[STDERR  ] 2017-06-27T17:26:39.606389228Z: [    0.851088] smpboot: Max logical packages: 1
[STDERR  ] 2017-06-27T17:26:39.606399372Z: [    0.857393] ..TIMER: vector=0x30 apic1=0 pin1=2 apic2=-1 pin2=-1
[STDERR  ] 2017-06-27T17:26:39.60640441Z: [    0.960000] smpboot: CPU0: AMD QEMU Virtual CPU version 2.5+ (family: 0x6, model: 0x6, stepping: 0x3)
[STDERR  ] 2017-06-27T17:26:39.606409449Z: [    0.960000] Performance Events: PMU not available due to virtualization, using software events only.
[STDERR  ] 2017-06-27T17:26:39.606414561Z: [    0.970339] NMI watchdog: disabled (cpu0): hardware events not enabled
[STDERR  ] 2017-06-27T17:26:39.606419621Z: [    0.971176] NMI watchdog: Shutting down hard lockup detector on all cpus
[STDERR  ] 2017-06-27T17:26:39.606424564Z: [    0.974353] x86: Booted up 1 node, 1 CPUs
[STDERR  ] 2017-06-27T17:26:39.606429539Z: [    0.974941] smpboot: Total of 1 processors activated (5199.82 BogoMIPS)
[STDERR  ] 2017-06-27T17:26:39.606437168Z: [    0.990869] devtmpfs: initialized
[STDERR  ] 2017-06-27T17:26:39.606442186Z: [    0.996186] x86/mm: Memory block size: 128MB
[STDERR  ] 2017-06-27T17:26:39.606447338Z: [    1.058746] clocksource: jiffies: mask: 0xffffffff max_cycles: 0xffffffff, max_idle_ns: 19112604462750000 ns
[STDERR  ] 2017-06-27T17:26:39.606449975Z: [    1.060579] futex hash table entries: 256 (order: 2, 16384 bytes)
[STDERR  ] 2017-06-27T17:26:39.606459981Z: [    1.071480] NET: Registered protocol family 16
[STDERR  ] 2017-06-27T17:26:39.606471218Z: [    1.082674] cpuidle: using governor ladder
[STDERR  ] 2017-06-27T17:26:39.606476349Z: [    1.083677] cpuidle: using governor menu
[STDERR  ] 2017-06-27T17:26:39.606481321Z: [    1.085137] ACPI: bus type PCI registered
[STDERR  ] 2017-06-27T17:26:39.606486446Z: [    1.088549] PCI: MMCONFIG for domain 0000 [bus 00-ff] at [mem 0xb0000000-0xbfffffff] (base 0xb0000000)
[STDERR  ] 2017-06-27T17:26:39.606491518Z: [    1.090152] PCI: MMCONFIG at [mem 0xb0000000-0xbfffffff] reserved in E820
[STDERR  ] 2017-06-27T17:26:39.606498877Z: [    1.092049] PCI: Using configuration type 1 for base access
[STDERR  ] 2017-06-27T17:26:39.606501362Z: [    1.151815] HugeTLB registered 2 MB page size, pre-allocated 0 pages
[STDERR  ] 2017-06-27T17:26:39.606512363Z: [    1.163909] ACPI: Added _OSI(Module Device)
[STDERR  ] 2017-06-27T17:26:39.606515036Z: [    1.164588] ACPI: Added _OSI(Processor Device)
[STDERR  ] 2017-06-27T17:26:39.60651993Z: [    1.165046] ACPI: Added _OSI(3.0 _SCP Extensions)
[STDERR  ] 2017-06-27T17:26:39.606529584Z: [    1.165494] ACPI: Added _OSI(Processor Aggregator Device)
[STDERR  ] 2017-06-27T17:26:39.606536189Z: [    1.241228] ACPI: Interpreter enabled
[STDERR  ] 2017-06-27T17:26:39.606542717Z: [    1.242704] ACPI: (supports S0 S5)
[STDERR  ] 2017-06-27T17:26:39.606547706Z: [    1.243179] ACPI: Using IOAPIC for interrupt routing
[STDERR  ] 2017-06-27T17:26:39.606552599Z: [    1.245580] PCI: Using host bridge windows from ACPI; if necessary, use "pci=nocrs" and report a bug
[STDERR  ] 2017-06-27T17:26:39.606557478Z: [    1.313551] ACPI: PCI Root Bridge [PCI0] (domain 0000 [bus 00-ff])
[STDERR  ] 2017-06-27T17:26:39.60656237Z: [    1.315135] acpi PNP0A08:00: _OSC: OS supports [ExtendedConfig ASPM ClockPM Segments MSI]
[STDERR  ] 2017-06-27T17:26:39.606567477Z: [    1.324692] acpi PNP0A08:00: _OSC: OS now controls [PCIeHotplug PME PCIeCapability]
[STDERR  ] 2017-06-27T17:26:39.606572478Z: [    1.331486] PCI host bridge to bus 0000:00
[STDERR  ] 2017-06-27T17:26:39.606579453Z: [    1.332723] pci_bus 0000:00: root bus resource [io  0x0000-0x0cf7 window]
[STDERR  ] 2017-06-27T17:26:39.606584303Z: [    1.333713] pci_bus 0000:00: root bus resource [io  0x0d00-0xffff window]
[STDERR  ] 2017-06-27T17:26:39.606591767Z: [    1.334778] pci_bus 0000:00: root bus resource [mem 0x000a0000-0x000bffff window]
[STDERR  ] 2017-06-27T17:26:39.606596742Z: [    1.335775] pci_bus 0000:00: root bus resource [mem 0xc0000000-0xfebfffff window]
[STDERR  ] 2017-06-27T17:26:39.606601956Z: [    1.337162] pci_bus 0000:00: root bus resource [bus 00-ff]
[STDERR  ] 2017-06-27T17:26:39.606604563Z: [    1.475447] pci 0000:00:1f.0: quirk: [io  0x0600-0x067f] claimed by ICH6 ACPI/GPIO/TCO
[STDERR  ] 2017-06-27T17:26:39.606609435Z: [    1.553572] ACPI: PCI Interrupt Link [LNKA] (IRQs 5 *10 11)
[STDERR  ] 2017-06-27T17:26:39.606616729Z: [    1.556391] ACPI: PCI Interrupt Link [LNKB] (IRQs 5 *10 11)
[STDERR  ] 2017-06-27T17:26:39.606621652Z: [    1.558627] ACPI: PCI Interrupt Link [LNKC] (IRQs 5 10 *11)
[STDERR  ] 2017-06-27T17:26:39.606624292Z: [    1.561105] ACPI: PCI Interrupt Link [LNKD] (IRQs 5 10 *11)
[STDERR  ] 2017-06-27T17:26:39.606633484Z: [    1.563352] ACPI: PCI Interrupt Link [LNKE] (IRQs 5 *10 11)
[STDERR  ] 2017-06-27T17:26:39.606637485Z: [    1.565438] ACPI: PCI Interrupt Link [LNKF] (IRQs 5 *10 11)
[STDERR  ] 2017-06-27T17:26:39.606647205Z: [    1.567397] ACPI: PCI Interrupt Link [LNKG] (IRQs 5 10 *11)
[STDERR  ] 2017-06-27T17:26:39.606652193Z: [    1.569426] ACPI: PCI Interrupt Link [LNKH] (IRQs 5 10 *11)
[STDERR  ] 2017-06-27T17:26:39.606657034Z: [    1.570886] ACPI: PCI Interrupt Link [GSIA] (IRQs *16)
[STDERR  ] 2017-06-27T17:26:39.606661874Z: [    1.571794] ACPI: PCI Interrupt Link [GSIB] (IRQs *17)
[STDERR  ] 2017-06-27T17:26:39.60666672Z: [    1.572666] ACPI: PCI Interrupt Link [GSIC] (IRQs *18)
[STDERR  ] 2017-06-27T17:26:39.606671824Z: [    1.573497] ACPI: PCI Interrupt Link [GSID] (IRQs *19)
[STDERR  ] 2017-06-27T17:26:39.606676733Z: [    1.574378] ACPI: PCI Interrupt Link [GSIE] (IRQs *20)
[STDERR  ] 2017-06-27T17:26:39.606686119Z: [    1.575277] ACPI: PCI Interrupt Link [GSIF] (IRQs *21)
[STDERR  ] 2017-06-27T17:26:39.606688853Z: [    1.576123] ACPI: PCI Interrupt Link [GSIG] (IRQs *22)
[STDERR  ] 2017-06-27T17:26:39.606693989Z: [    1.577000] ACPI: PCI Interrupt Link [GSIH] (IRQs *23)
[STDERR  ] 2017-06-27T17:26:39.606706705Z: [    1.581509] ACPI: Enabled 2 GPEs in block 00 to 3F
[STDERR  ] 2017-06-27T17:26:39.606710536Z: [    1.587028] SCSI subsystem initialized
[STDERR  ] 2017-06-27T17:26:39.606721044Z: [    1.589652] ACPI: bus type USB registered
[STDERR  ] 2017-06-27T17:26:39.606728634Z: [    1.591063] usbcore: registered new interface driver usbfs
[STDERR  ] 2017-06-27T17:26:39.606735723Z: [    1.592393] usbcore: registered new interface driver hub
[STDERR  ] 2017-06-27T17:26:39.606739437Z: [    1.593570] usbcore: registered new device driver usb
[STDERR  ] 2017-06-27T17:26:39.606750235Z: [    1.595008] pps_core: LinuxPPS API ver. 1 registered
[STDERR  ] 2017-06-27T17:26:39.606757997Z: [    1.595523] pps_core: Software ver. 5.3.6 - Copyright 2005-2007 Rodolfo Giometti <giometti@linux.it>
[STDERR  ] 2017-06-27T17:26:39.606764282Z: [    1.596671] PTP clock support registered
[STDERR  ] 2017-06-27T17:26:39.60677187Z: [    1.598066] wmi: Mapper loaded
[STDERR  ] 2017-06-27T17:26:39.606782959Z: [    1.600285] PCI: Using ACPI for IRQ routing
[STDERR  ] 2017-06-27T17:26:39.606788814Z: [    1.622027] NetLabel: Initializing
[STDERR  ] 2017-06-27T17:26:39.606793819Z: [    1.622621] NetLabel:  domain hash size = 128
[STDERR  ] 2017-06-27T17:26:39.606796456Z: [    1.623046] NetLabel:  protocols = UNLABELED CIPSOv4
[STDERR  ] 2017-06-27T17:26:39.606806655Z: [    1.625422] NetLabel:  unlabeled traffic allowed by default
[STDERR  ] 2017-06-27T17:26:39.606809264Z: [    1.626880] HPET: 3 timers in total, 0 timers will be used for per-cpu timer
[STDERR  ] 2017-06-27T17:26:39.606816869Z: [    1.628097] hpet0: at MMIO 0xfed00000, IRQs 2, 8, 0
[STDERR  ] 2017-06-27T17:26:39.606824067Z: [    1.628750] hpet0: 3 comparators, 64-bit 100.000000 MHz counter
[STDERR  ] 2017-06-27T17:26:39.606829145Z: [    1.635038] clocksource: Switched to clocksource hpet
[STDERR  ] 2017-06-27T17:26:39.606834271Z: [    1.917431] VFS: Disk quotas dquot_6.6.0
[STDERR  ] 2017-06-27T17:26:39.606842687Z: [    1.918773] VFS: Dquot-cache hash table entries: 512 (order 0, 4096 bytes)
[STDERR  ] 2017-06-27T17:26:39.606849515Z: [    1.922365] FS-Cache: Loaded
[STDERR  ] 2017-06-27T17:26:39.606854572Z: [    1.930518] CacheFiles: Loaded
[STDERR  ] 2017-06-27T17:26:39.606859522Z: [    1.932907] pnp: PnP ACPI init
[STDERR  ] 2017-06-27T17:26:39.60686452Z: [    1.950888] pnp: PnP ACPI: found 5 devices
[STDERR  ] 2017-06-27T17:26:39.606874392Z: [    2.003545] clocksource: acpi_pm: mask: 0xffffff max_cycles: 0xffffff, max_idle_ns: 2085701024 ns
[STDERR  ] 2017-06-27T17:26:39.606885719Z: [    2.007931] NET: Registered protocol family 2
[STDERR  ] 2017-06-27T17:26:39.606890835Z: [    2.017508] TCP established hash table entries: 8192 (order: 4, 65536 bytes)
[STDERR  ] 2017-06-27T17:26:39.606897708Z: [    2.019196] TCP bind hash table entries: 8192 (order: 5, 131072 bytes)
[STDERR  ] 2017-06-27T17:26:39.606905284Z: [    2.020825] TCP: Hash tables configured (established 8192 bind 8192)
[STDERR  ] 2017-06-27T17:26:39.60690781Z: [    2.024106] UDP hash table entries: 512 (order: 2, 16384 bytes)
[STDERR  ] 2017-06-27T17:26:39.606915375Z: [    2.025345] UDP-Lite hash table entries: 512 (order: 2, 16384 bytes)
[STDERR  ] 2017-06-27T17:26:39.6069204Z: [    2.028716] NET: Registered protocol family 1
[STDERR  ] 2017-06-27T17:26:39.606925649Z: [    2.030722] pci 0000:00:01.0: Video device with shadowed ROM at [mem 0x000c0000-0x000dffff]
[STDERR  ] 2017-06-27T17:26:39.60693073Z: [    2.039586] Unpacking initramfs...
[STDERR  ] 2017-06-27T17:26:39.606935757Z: [   12.107121] Freeing initrd memory: 44196K (ffff91afbd4a7000 - ffff91afbffd0000)
[STDERR  ] 2017-06-27T17:26:39.606938388Z: [   12.129101] PCLMULQDQ-NI instructions are not detected.
[STDERR  ] 2017-06-27T17:26:39.606943248Z: [   12.131025] AVX or AES-NI instructions are not detected.
[STDERR  ] 2017-06-27T17:26:39.60695413Z: [   12.131703] CPU feature 'AVX registers' is not supported.
[STDERR  ] 2017-06-27T17:26:39.606959268Z: [   12.132381] CPU feature 'AVX registers' is not supported.
[STDERR  ] 2017-06-27T17:26:39.606963678Z: [   12.132935] CPU feature 'AVX registers' is not supported.
[STDERR  ] 2017-06-27T17:26:39.606971093Z: [   12.133495] CPU feature 'AVX registers' is not supported.
[STDERR  ] 2017-06-27T17:26:39.60697365Z: [   12.134042] AVX2 or AES-NI instructions are not detected.
[STDERR  ] 2017-06-27T17:26:39.606985392Z: [   12.134611] AVX2 instructions are not detected.
[STDERR  ] 2017-06-27T17:26:39.606988029Z: [   12.141703] audit: initializing netlink subsys (disabled)
[STDERR  ] 2017-06-27T17:26:39.606993076Z: [   12.143733] audit: type=2000 audit(1498584273.140:1): initialized
[STDERR  ] 2017-06-27T17:26:39.607000745Z: [   12.151684] workingset: timestamp_bits=46 max_order=18 bucket_order=0
[STDERR  ] 2017-06-27T17:26:39.607005767Z: [   12.157943] FS-Cache: Netfs 'cifs' registered for caching
[STDERR  ] 2017-06-27T17:26:39.607010736Z: [   12.159232] fuse init (API version 7.26)
[STDERR  ] 2017-06-27T17:26:39.607015807Z: [   12.162315] SGI XFS with ACLs, security attributes, no debug enabled
[STDERR  ] 2017-06-27T17:26:39.607020825Z: [   12.166084] 9p: Installing v9fs 9p2000 file system support
[STDERR  ] 2017-06-27T17:26:39.607025824Z: [   12.166845] FS-Cache: Netfs '9p' registered for caching
[STDERR  ] 2017-06-27T17:26:39.607035671Z: [   12.198860] NET: Registered protocol family 38
[STDERR  ] 2017-06-27T17:26:39.607040812Z: [   12.199861] Key type asymmetric registered
[STDERR  ] 2017-06-27T17:26:39.607043421Z: [   12.201473] Asymmetric key parser 'x509' registered
[STDERR  ] 2017-06-27T17:26:39.607050936Z: [   12.202665] Block layer SCSI generic (bsg) driver version 0.4 loaded (major 251)
[STDERR  ] 2017-06-27T17:26:39.607053505Z: [   12.204321] io scheduler noop registered
[STDERR  ] 2017-06-27T17:26:39.607061195Z: [   12.204796] io scheduler deadline registered (default)
[STDERR  ] 2017-06-27T17:26:39.607068488Z: [   12.205712] io scheduler cfq registered
[STDERR  ] 2017-06-27T17:26:39.607072723Z: [   12.208526] pci_hotplug: PCI Hot Plug PCI Core version: 0.5
[STDERR  ] 2017-06-27T17:26:39.607081483Z: [   12.209352] pciehp: PCI Express Hot Plug Controller Driver version: 0.4
[STDERR  ] 2017-06-27T17:26:39.607091375Z: [   12.211528] shpchp: Standard Hot Plug PCI Controller Driver version: 0.4
[STDERR  ] 2017-06-27T17:26:39.607116222Z: [   12.212674] hv_vmbus: registering driver hyperv_fb
[STDERR  ] 2017-06-27T17:26:39.607121398Z: [   12.216022] input: Power Button as /devices/LNXSYSTM:00/LNXPWRBN:00/input/input0
[STDERR  ] 2017-06-27T17:26:39.607126465Z: [   12.217432] ACPI: Power Button [PWRF]
[STDERR  ] 2017-06-27T17:26:39.607136313Z: [   12.222822] GHES: HEST is not enabled!
[STDERR  ] 2017-06-27T17:26:39.607141495Z: [   12.235310] ACPI: PCI Interrupt Link [GSIH] enabled at IRQ 23
[STDERR  ] 2017-06-27T17:26:39.607146561Z: [   12.242665] xenfs: not registering filesystem on non-xen platform
[STDERR  ] 2017-06-27T17:26:39.607151658Z: [   12.245174] Serial: 8250/16550 driver, 4 ports, IRQ sharing disabled
[STDERR  ] 2017-06-27T17:26:39.607156711Z: [   12.271095] 00:04: ttyS0 at I/O 0x3f8 (irq = 4, base_baud = 115200) is a 16550A
[STDERR  ] 2017-06-27T17:26:39.607161776Z: [   12.283767] Non-volatile memory driver v1.3
[STDERR  ] 2017-06-27T17:26:39.607167264Z: [   12.291348] Hangcheck: starting hangcheck timer 0.9.1 (tick is 180 seconds, margin is 60 seconds).
[STDERR  ] 2017-06-27T17:26:39.607172464Z: [   12.329668] loop: module loaded
[STDERR  ] 2017-06-27T17:26:39.607177532Z: [   12.343797] nbd: registered device at major 43
[STDERR  ] 2017-06-27T17:26:39.607182536Z: [   12.385246] lpc_ich 0000:00:1f.0: I/O space for GPIO uninitialized
[STDERR  ] 2017-06-27T17:26:39.607187531Z: [   12.387445] VMware PVSCSI driver - version 1.0.7.0-k
[STDERR  ] 2017-06-27T17:26:39.607195282Z: [   12.388469] hv_vmbus: registering driver hv_storvsc
[STDERR  ] 2017-06-27T17:26:39.607200484Z: [   12.398807] ACPI: PCI Interrupt Link [GSIA] enabled at IRQ 16
[STDERR  ] 2017-06-27T17:26:39.607205635Z: [   12.405995] ahci 0000:00:1f.2: AHCI 0001.0000 32 slots 6 ports 1.5 Gbps 0x3f impl SATA mode
[STDERR  ] 2017-06-27T17:26:39.607210706Z: [   12.407120] ahci 0000:00:1f.2: flags: 64bit ncq only 
[STDERR  ] 2017-06-27T17:26:39.60721585Z: [   12.427638] scsi host0: ahci
[STDERR  ] 2017-06-27T17:26:39.607220922Z: [   12.432111] scsi host1: ahci
[STDERR  ] 2017-06-27T17:26:39.607225941Z: [   12.434658] scsi host2: ahci
[STDERR  ] 2017-06-27T17:26:39.607234022Z: [   12.437257] scsi host3: ahci
[STDERR  ] 2017-06-27T17:26:39.607239179Z: [   12.439835] scsi host4: ahci
[STDERR  ] 2017-06-27T17:26:39.607244113Z: [   12.442508] scsi host5: ahci
[STDERR  ] 2017-06-27T17:26:39.607249197Z: [   12.444522] ata1: SATA max UDMA/133 abar m4096@0xfebf1000 port 0xfebf1100 irq 24
[STDERR  ] 2017-06-27T17:26:39.607254245Z: [   12.445311] ata2: SATA max UDMA/133 abar m4096@0xfebf1000 port 0xfebf1180 irq 24
[STDERR  ] 2017-06-27T17:26:39.607256915Z: [   12.446098] ata3: SATA max UDMA/133 abar m4096@0xfebf1000 port 0xfebf1200 irq 24
[STDERR  ] 2017-06-27T17:26:39.60726647Z: [   12.446807] ata4: SATA max UDMA/133 abar m4096@0xfebf1000 port 0xfebf1280 irq 24
[STDERR  ] 2017-06-27T17:26:39.60726902Z: [   12.447501] ata5: SATA max UDMA/133 abar m4096@0xfebf1000 port 0xfebf1300 irq 24
[STDERR  ] 2017-06-27T17:26:39.607278394Z: [   12.448187] ata6: SATA max UDMA/133 abar m4096@0xfebf1000 port 0xfebf1380 irq 24
[STDERR  ] 2017-06-27T17:26:39.607281048Z: [   12.461160] tun: Universal TUN/TAP device driver, 1.6
[STDERR  ] 2017-06-27T17:26:39.607288493Z: [   12.462060] tun: (C) 1999-2004 Max Krasnyansky <maxk@qualcomm.com>
[STDERR  ] 2017-06-27T17:26:39.607293519Z: [   12.464210] VMware vmxnet3 virtual NIC driver - version 1.4.a.0-k-NAPI
[STDERR  ] 2017-06-27T17:26:39.607298527Z: [   12.465386] hv_vmbus: registering driver hv_netvsc
[STDERR  ] 2017-06-27T17:26:39.607303661Z: [   12.465918] Fusion MPT base driver 3.04.20
[STDERR  ] 2017-06-27T17:26:39.607310307Z: [   12.466324] Copyright (c) 1999-2008 LSI Corporation
[STDERR  ] 2017-06-27T17:26:39.60731536Z: [   12.467137] Fusion MPT SPI Host driver 3.04.20
[STDERR  ] 2017-06-27T17:26:39.607322908Z: [   12.469391] i8042: PNP: PS/2 Controller [PNP0303:KBD,PNP0f13:MOU] at 0x60,0x64 irq 1,12
[STDERR  ] 2017-06-27T17:26:39.607325528Z: [   12.474307] serio: i8042 KBD port at 0x60,0x64 irq 1
[STDERR  ] 2017-06-27T17:26:39.607333053Z: [   12.475190] serio: i8042 AUX port at 0x60,0x64 irq 12
[STDERR  ] 2017-06-27T17:26:39.607335655Z: [   12.478329] hv_vmbus: registering driver hyperv_keyboard
[STDERR  ] 2017-06-27T17:26:39.607343018Z: [   12.481152] mousedev: PS/2 mouse device common for all mice
[STDERR  ] 2017-06-27T17:26:39.607345691Z: [   12.486264] input: AT Translated Set 2 keyboard as /devices/platform/i8042/serio0/input/input1
[STDERR  ] 2017-06-27T17:26:39.607353269Z: [   12.489595] input: PC Speaker as /devices/platform/pcspkr/input/input2
[STDERR  ] 2017-06-27T17:26:39.607358279Z: [   12.493639] rtc_cmos 00:00: RTC can wake from S4
[STDERR  ] 2017-06-27T17:26:39.607360907Z: [   12.497204] rtc_cmos 00:00: rtc core: registered rtc_cmos as rtc0
[STDERR  ] 2017-06-27T17:26:39.6073699Z: [   12.498800] rtc_cmos 00:00: alarms up to one day, y3k, 114 bytes nvram, hpet irqs
[STDERR  ] 2017-06-27T17:26:39.607374969Z: [   12.499851] i2c /dev entries driver
[STDERR  ] 2017-06-27T17:26:39.607377595Z: [   12.502348] device-mapper: ioctl: 4.35.0-ioctl (2016-06-23) initialised: dm-devel@redhat.com
[STDERR  ] 2017-06-27T17:26:39.607385184Z: [   12.509977] usbcore: registered new interface driver usbhid
[STDERR  ] 2017-06-27T17:26:39.607387977Z: [   12.511350] usbhid: USB HID core driver
[STDERR  ] 2017-06-27T17:26:39.607395362Z: [   12.512785] hv_utils: Registering HyperV Utility Driver
[STDERR  ] 2017-06-27T17:26:39.607403027Z: [   12.513534] hv_vmbus: registering driver hv_util
[STDERR  ] 2017-06-27T17:26:39.607405638Z: [   12.514681] hv_vmbus: registering driver hv_balloon
[STDERR  ] 2017-06-27T17:26:39.607414785Z: [   12.515736] oprofile: using NMI interrupt.
[STDERR  ] 2017-06-27T17:26:39.607424781Z: [   12.517658] GACT probability on
[STDERR  ] 2017-06-27T17:26:39.607429764Z: [   12.518578] Mirror/redirect action on
[STDERR  ] 2017-06-27T17:26:39.607434738Z: [   12.520386] Simple TC action Loaded
[STDERR  ] 2017-06-27T17:26:39.607439802Z: [   12.521676] u32 classifier
[STDERR  ] 2017-06-27T17:26:39.607517614Z: [   12.522115]     Performance counters on
[STDERR  ] 2017-06-27T17:26:39.607523162Z: [   12.522671]     input device check on
[STDERR  ] 2017-06-27T17:26:39.607528792Z: [   12.523171]     Actions configured
[STDERR  ] 2017-06-27T17:26:39.607535371Z: [   12.524240] Netfilter messages via NETLINK v0.30.
[STDERR  ] 2017-06-27T17:26:39.607543804Z: [   12.525332] nfnl_acct: registering with nfnetlink.
[STDERR  ] 2017-06-27T17:26:39.607546522Z: [   12.527718] nf_conntrack version 0.5.0 (8192 buckets, 32768 max)
[STDERR  ] 2017-06-27T17:26:39.607559094Z: [   12.533440] ctnetlink v0.93: registering with nfnetlink.
[STDERR  ] 2017-06-27T17:26:39.607566741Z: [   12.537649] nf_tables: (c) 2007-2009 Patrick McHardy <kaber@trash.net>
[STDERR  ] 2017-06-27T17:26:39.607571843Z: [   12.539166] nf_tables_compat: (c) 2012 Pablo Neira Ayuso <pablo@netfilter.org>
[STDERR  ] 2017-06-27T17:26:39.607579526Z: [   12.543497] xt_time: kernel timezone is -0000
[STDERR  ] 2017-06-27T17:26:39.607585211Z: [   12.544497] ip_set: protocol 6
[STDERR  ] 2017-06-27T17:26:39.607590173Z: [   12.545568] IPVS: Registered protocols (TCP, UDP, SCTP, AH, ESP)
[STDERR  ] 2017-06-27T17:26:39.60759275Z: [   12.555015] IPVS: Connection hash table configured (size=4096, memory=64Kbytes)
[STDERR  ] 2017-06-27T17:26:39.607600371Z: [   12.558500] IPVS: Creating netns size=2104 id=0
[STDERR  ] 2017-06-27T17:26:39.607608782Z: [   12.561039] IPVS: ipvs loaded.
[STDERR  ] 2017-06-27T17:26:39.607614088Z: [   12.561814] IPVS: [rr] scheduler registered.
[STDERR  ] 2017-06-27T17:26:39.607619124Z: [   12.562464] IPVS: [wrr] scheduler registered.
[STDERR  ] 2017-06-27T17:26:39.607624057Z: [   12.563157] IPVS: [lc] scheduler registered.
[STDERR  ] 2017-06-27T17:26:39.60763638Z: [   12.563721] IPVS: [wlc] scheduler registered.
[STDERR  ] 2017-06-27T17:26:39.607646543Z: [   12.564312] IPVS: [fo] scheduler registered.
[STDERR  ] 2017-06-27T17:26:39.607649294Z: [   12.564865] IPVS: [ovf] scheduler registered.
[STDERR  ] 2017-06-27T17:26:39.607654524Z: [   12.565782] IPVS: [lblc] scheduler registered.
[STDERR  ] 2017-06-27T17:26:39.607664687Z: [   12.566656] IPVS: [lblcr] scheduler registered.
[STDERR  ] 2017-06-27T17:26:39.607669714Z: [   12.567305] IPVS: [dh] scheduler registered.
[STDERR  ] 2017-06-27T17:26:39.607675085Z: [   12.567971] IPVS: [sh] scheduler registered.
[STDERR  ] 2017-06-27T17:26:39.607679351Z: [   12.568542] IPVS: [sed] scheduler registered.
[STDERR  ] 2017-06-27T17:26:39.607690508Z: [   12.569124] IPVS: [nq] scheduler registered.
[STDERR  ] 2017-06-27T17:26:39.607693061Z: [   12.570919] IPVS: ftp: loaded support on port[0] = 21
[STDERR  ] 2017-06-27T17:26:39.607708356Z: [   12.572600] ipip: IPv4 and MPLS over IPv4 tunneling driver
[STDERR  ] 2017-06-27T17:26:39.607722669Z: [   12.579591] gre: GRE over IPv4 demultiplexor driver
[STDERR  ] 2017-06-27T17:26:39.607727866Z: [   12.583619] ip_tables: (C) 2000-2006 Netfilter Core Team
[STDERR  ] 2017-06-27T17:26:39.607732959Z: [   12.588244] ipt_CLUSTERIP: ClusterIP Version 0.8 loaded successfully
[STDERR  ] 2017-06-27T17:26:39.607738234Z: [   12.589600] arp_tables: arp_tables: (C) 2002 David S. Miller
[STDERR  ] 2017-06-27T17:26:39.607743446Z: [   12.593471] NET: Registered protocol family 10
[STDERR  ] 2017-06-27T17:26:39.607751773Z: [   12.607231] ip6_tables: (C) 2000-2006 Netfilter Core Team
[STDERR  ] 2017-06-27T17:26:39.607756857Z: [   12.619433] NET: Registered protocol family 17
[STDERR  ] 2017-06-27T17:26:39.607761805Z: [   12.622166] Bridge firewalling registered
[STDERR  ] 2017-06-27T17:26:39.607766836Z: [   12.623320] Ebtables v2.0 registered
[STDERR  ] 2017-06-27T17:26:39.607769444Z: [   12.625771] 8021q: 802.1Q VLAN Support v1.8
[STDERR  ] 2017-06-27T17:26:39.607784852Z: [   12.628271] 9pnet: Installing 9P2000 support
[STDERR  ] 2017-06-27T17:26:39.607793117Z: [   12.631456] Key type dns_resolver registered
[STDERR  ] 2017-06-27T17:26:39.607798149Z: [   12.633120] microcode: AMD CPU family 0x6 not supported
[STDERR  ] 2017-06-27T17:26:39.607803167Z: [   12.638867] registered taskstats version 1
[STDERR  ] 2017-06-27T17:26:39.607808235Z: [   12.800867] ata3: SATA link up 1.5 Gbps (SStatus 113 SControl 300)
[STDERR  ] 2017-06-27T17:26:39.607810942Z: [   12.804475] ata2: SATA link down (SStatus 0 SControl 300)
[STDERR  ] 2017-06-27T17:26:39.607815856Z: [   12.806513] ata1: SATA link down (SStatus 0 SControl 300)
[STDERR  ] 2017-06-27T17:26:39.607823302Z: [   12.807350] ata6: SATA link down (SStatus 0 SControl 300)
[STDERR  ] 2017-06-27T17:26:39.60783099Z: [   12.808072] ata5: SATA link down (SStatus 0 SControl 300)
[STDERR  ] 2017-06-27T17:26:39.607836102Z: [   12.808779] ata4: SATA link down (SStatus 0 SControl 300)
[STDERR  ] 2017-06-27T17:26:39.607838917Z: [   12.812060] ata3.00: ATAPI: QEMU DVD-ROM, 2.5+, max UDMA/100
[STDERR  ] 2017-06-27T17:26:39.607846334Z: [   12.812847] ata3.00: applying bridge limits
[STDERR  ] 2017-06-27T17:26:39.607859329Z: [   12.814833] ata3.00: configured for UDMA/100
[STDERR  ] 2017-06-27T17:26:39.607862331Z: [   12.828834] scsi 2:0:0:0: CD-ROM            QEMU     QEMU DVD-ROM     2.5+ PQ: 0 ANSI: 5
[STDERR  ] 2017-06-27T17:26:39.607870192Z: [   12.854452] sr 2:0:0:0: [sr0] scsi3-mmc drive: 4x/4x cd/rw xa/form2 tray
[STDERR  ] 2017-06-27T17:26:39.607875193Z: [   12.855763] cdrom: Uniform CD-ROM driver Revision: 3.20
[STDERR  ] 2017-06-27T17:26:39.607884391Z: [   12.875807] sr 2:0:0:0: Attached scsi generic sg0 type 5
[STDERR  ] 2017-06-27T17:26:39.607889582Z: [   12.911542] Key type big_key registered
[STDERR  ] 2017-06-27T17:26:39.607894605Z: [   12.968734] Key type encrypted registered
[STDERR  ] 2017-06-27T17:26:39.607902269Z: [   12.974455] rtc_cmos 00:00: setting system clock to 2017-06-27 17:24:35 UTC (1498584275)
[STDERR  ] 2017-06-27T17:26:39.607910936Z: [   13.117371] Freeing unused kernel memory: 1372K (ffffffffb4d50000 - ffffffffb4ea7000)
[STDERR  ] 2017-06-27T17:26:39.60792014Z: [   13.118558] Write protecting the kernel read-only data: 12288k
[STDERR  ] 2017-06-27T17:26:39.607925246Z: [   13.120643] tsc: Refined TSC clocksource calibration: 2599.898 MHz
[STDERR  ] 2017-06-27T17:26:39.607938198Z: [   13.121535] clocksource: tsc: mask: 0xffffffffffffffff max_cycles: 0x2579db7fc67, max_idle_ns: 440795228401 ns
[STDERR  ] 2017-06-27T17:26:39.607943304Z: [   13.128114] Freeing unused kernel memory: 156K (ffff91afa67d9000 - ffff91afa6800000)
[STDERR  ] 2017-06-27T17:26:39.607945984Z: [   13.251832] Freeing unused kernel memory: 1404K (ffff91afa6aa1000 - ffff91afa6c00000)
[STDERR  ] 2017-06-27T17:26:39.607953367Z: [   14.139154] clocksource: Switched to clocksource tsc
[STDERR  ] 2017-06-27T17:26:39.60795849Z: [   94.147020] e1000: Intel(R) PRO/1000 Network Driver - version 7.3.21-k8-NAPI
[STDERR  ] 2017-06-27T17:26:39.607963571Z: [   94.150436] e1000: Copyright (c) 1999-2006 Intel Corporation.
[STDERR  ] 2017-06-27T17:26:39.607966128Z: [   94.319103] ACPI: PCI Interrupt Link [GSIG] enabled at IRQ 22
[STDERR  ] 2017-06-27T17:26:39.60797373Z: [   95.152330] e1000 0000:00:02.0 eth0: (PCI:33MHz:32-bit) 52:54:00:12:34:56
[STDERR  ] 2017-06-27T17:26:39.607980848Z: [   95.153771] e1000 0000:00:02.0 eth0: Intel(R) PRO/1000 Network Connection
[STDERR  ] 2017-06-27T17:26:39.607983458Z: 
[STDERR  ] 2017-06-27T17:26:39.60799264Z: Starting containerd
[STDERR  ] 2017-06-27T17:26:39.607997674Z: 
[STDERR  ] 2017-06-27T17:26:39.608002711Z: Welcome to LinuxKit
[STDERR  ] 2017-06-27T17:26:39.608012178Z: 
[STDERR  ] 2017-06-27T17:26:39.608019856Z:                         ##         .
[STDERR  ] 2017-06-27T17:26:39.608024869Z:                   ## ## ##        ==
[STDERR  ] 2017-06-27T17:26:39.608036727Z:                ## ## ## ## ##    ===
[STDERR  ] 2017-06-27T17:26:39.608044713Z:            /"""""""""""""""""\___/ ===
[STDERR  ] 2017-06-27T17:26:39.608049981Z:           {                       /  ===-
[STDERR  ] 2017-06-27T17:26:39.608054963Z:            \______ O           __/
[STDERR  ] 2017-06-27T17:26:39.608057608Z:              \    \         __/
[STDERR  ] 2017-06-27T17:26:39.608065139Z:               \____\_______/
[STDERR  ] 2017-06-27T17:26:39.6080702Z: [  100.430056] random: fast init done
[STDERR  ] 2017-06-27T17:26:39.608075414Z: 
[STDERR  ] 2017-06-27T17:26:39.608088689Z: [34mINFO[0m[0000] starting containerd boot...                   [34mmodule[0m=containerd
[STDERR  ] 2017-06-27T17:26:39.608100798Z: [34mINFO[0m[0000] loading plugin "io.containerd.content.v1.content"...  [34mmodule[0m=containerd [34mtype[0m=io.containerd.content.v1
[STDERR  ] 2017-06-27T17:26:39.608106639Z: [34mINFO[0m[0000] skip loading plugin "io.containerd.snapshotter.v1.btrfs"...  [34mmodule[0m=containerd [34mtype[0m=io.containerd.snapshotter.v1
[STDERR  ] 2017-06-27T17:26:39.60811174Z: [34mINFO[0m[0000] loading plugin "io.containerd.snapshotter.v1.overlayfs"...  [34mmodule[0m=containerd [34mtype[0m=io.containerd.snapshotter.v1
[STDERR  ] 2017-06-27T17:26:39.608116946Z: [34mINFO[0m[0000] loading plugin "io.containerd.differ.v1.base-diff"...  [34mmodule[0m=containerd [34mtype[0m=io.containerd.differ.v1
[STDERR  ] 2017-06-27T17:26:39.608122238Z: [34mINFO[0m[0000] loading plugin "io.containerd.metadata.v1.bolt"...  [34mmodule[0m=containerd [34mtype[0m=io.containerd.metadata.v1
[STDERR  ] 2017-06-27T17:26:39.608128146Z: [34mINFO[0m[0000] loading plugin "io.containerd.grpc.v1.containers"...  [34mmodule[0m=containerd [34mtype[0m=io.containerd.grpc.v1
[STDERR  ] 2017-06-27T17:26:39.608133142Z: [34mINFO[0m[0000] loading plugin "io.containerd.grpc.v1.content"...  [34mmodule[0m=containerd [34mtype[0m=io.containerd.grpc.v1
[STDERR  ] 2017-06-27T17:26:39.608140991Z: [34mINFO[0m[0000] loading plugin "io.containerd.grpc.v1.diff"...  [34mmodule[0m=containerd [34mtype[0m=io.containerd.grpc.v1
[STDERR  ] 2017-06-27T17:26:39.608146455Z: [34mINFO[0m[0000] loading plugin "io.containerd.grpc.v1.events"...  [34mmodule[0m=containerd [34mtype[0m=io.containerd.grpc.v1
[STDERR  ] 2017-06-27T17:26:39.608467488Z: [34mINFO[0m[0000] loading plugin "io.containerd.grpc.v1.healthcheck"...  [34mmodule[0m=containerd [34mtype[0m=io.containerd.grpc.v1
[STDERR  ] 2017-06-27T17:26:39.608471994Z: [34mINFO[0m[0000] loading plugin "io.containerd.grpc.v1.images"...  [34mmodule[0m=containerd [34mtype[0m=io.containerd.grpc.v1
[STDERR  ] 2017-06-27T17:26:39.608485607Z: [34mINFO[0m[0000] loading plugin "io.containerd.grpc.v1.namespaces"...  [34mmodule[0m=containerd [34mtype[0m=io.containerd.grpc.v1
[STDERR  ] 2017-06-27T17:26:39.608490804Z: [34mINFO[0m[0000] loading plugin "io.containerd.grpc.v1.snapshots"...  [34mmodule[0m=containerd [34mtype[0m=io.containerd.grpc.v1
[STDERR  ] 2017-06-27T17:26:39.608493581Z: [34mINFO[0m[0000] loading plugin "io.containerd.monitor.v1.cgroups"...  [34mmodule[0m=containerd [34mtype[0m=io.containerd.monitor.v1
[STDERR  ] 2017-06-27T17:26:39.608502592Z: [34mINFO[0m[0000] loading plugin "io.containerd.runtime.v1.linux"...  [34mmodule[0m=containerd [34mtype[0m=io.containerd.runtime.v1
[STDERR  ] 2017-06-27T17:26:39.60850517Z: [34mINFO[0m[0000] loading plugin "io.containerd.grpc.v1.tasks"...  [34mmodule[0m=containerd [34mtype[0m=io.containerd.grpc.v1
[STDERR  ] 2017-06-27T17:26:39.608513067Z: [34mINFO[0m[0000] loading plugin "io.containerd.grpc.v1.version"...  [34mmodule[0m=containerd [34mtype[0m=io.containerd.grpc.v1
[STDERR  ] 2017-06-27T17:26:39.608518896Z: [34mINFO[0m[0000] serving...                                    [34maddress[0m="/run/containerd/debug.sock" [34mmodule[0m="containerd/debug"
[STDERR  ] 2017-06-27T17:26:39.608525301Z: [34mINFO[0m[0000] serving...                                    [34maddress[0m="/run/containerd/containerd.sock" [34mmodule[0m="containerd/grpc"
[STDERR  ] 2017-06-27T17:26:39.608635521Z: [34mINFO[0m[0000] containerd successfully booted in 0.161225s   [34mmodule[0m=containerd
[STDERR  ] 2017-06-27T17:26:39.60864613Z: starting kernel config sanity test with /proc/config.gz
[STDERR  ] 2017-06-27T17:26:39.60865391Z: [  111.007469] RPC: Registered named UNIX socket transport module.
[STDERR  ] 2017-06-27T17:26:39.608661574Z: [  111.008778] RPC: Registered udp transport module.
[STDERR  ] 2017-06-27T17:26:39.608665406Z: [  111.009422] RPC: Registered tcp transport module.
[STDERR  ] 2017-06-27T17:26:39.60867592Z: [  111.010580] RPC: Registered tcp NFSv4.1 backchannel transport module.
[STDERR  ] 2017-06-27T17:26:39.608682799Z: [  111.186899] FS-Cache: Netfs 'nfs' registered for caching
[STDERR  ] 2017-06-27T17:26:39.608686369Z: [  111.368973] Installing knfsd (copyright (C) 1996 okir@monad.swb.de).
[STDERR  ] 2017-06-27T17:26:39.608868476Z: [  111.464792] ntfs: driver 2.1.32 [Flags: R/O MODULE].
[STDERR  ] 2017-06-27T17:26:39.608881332Z: kernel config test succeeded!
[STDERR  ] 2017-06-27T17:26:39.608884111Z: [37minfo: reading kernel config from /proc/config.gz ...[m
[STDERR  ] 2017-06-27T17:26:39.608890234Z: 
[STDERR  ] 2017-06-27T17:26:39.608898534Z: Generally Necessary:
[STDERR  ] 2017-06-27T17:26:39.608901203Z: - [37mcgroup hierarchy[m: [32mproperly mounted[m [/sys/fs/cgroup]
[STDERR  ] 2017-06-27T17:26:39.608909129Z: - [37mCONFIG_NAMESPACES[m: [32menabled[m
[STDERR  ] 2017-06-27T17:26:39.608914616Z: - [37mCONFIG_NET_NS[m: [32menabled[m
[STDERR  ] 2017-06-27T17:26:39.608919045Z: - [37mCONFIG_PID_NS[m: [32menabled[m
[STDERR  ] 2017-06-27T17:26:39.608928622Z: - [37mCONFIG_IPC_NS[m: [32menabled[m
[STDERR  ] 2017-06-27T17:26:39.608931265Z: - [37mCONFIG_UTS_NS[m: [32menabled[m
[STDERR  ] 2017-06-27T17:26:39.608943471Z: - [37mCONFIG_CGROUPS[m: [32menabled[m
[STDERR  ] 2017-06-27T17:26:39.608950971Z: - [37mCONFIG_CGROUP_CPUACCT[m: [32menabled[m
[STDERR  ] 2017-06-27T17:26:39.608953619Z: - [37mCONFIG_CGROUP_DEVICE[m: [32menabled[m
[STDERR  ] 2017-06-27T17:26:39.60896109Z: - [37mCONFIG_CGROUP_FREEZER[m: [32menabled[m
[STDERR  ] 2017-06-27T17:26:39.608966331Z: - [37mCONFIG_CGROUP_SCHED[m: [32menabled[m
[STDERR  ] 2017-06-27T17:26:39.608973712Z: - [37mCONFIG_CPUSETS[m: [32menabled[m
[STDERR  ] 2017-06-27T17:26:39.608981402Z: - [37mCONFIG_MEMCG[m: [32menabled[m
[STDERR  ] 2017-06-27T17:26:39.608984044Z: - [37mCONFIG_KEYS[m: [32menabled[m
[STDERR  ] 2017-06-27T17:26:39.608993595Z: - [37mCONFIG_VETH[m: [32menabled[m
[STDERR  ] 2017-06-27T17:26:39.608998602Z: - [37mCONFIG_BRIDGE[m: [32menabled[m
[STDERR  ] 2017-06-27T17:26:39.609003545Z: - [37mCONFIG_BRIDGE_NETFILTER[m: [32menabled[m
[STDERR  ] 2017-06-27T17:26:39.609006061Z: - [37mCONFIG_NF_NAT_IPV4[m: [32menabled[m
[STDERR  ] 2017-06-27T17:26:39.609020683Z: - [37mCONFIG_IP_NF_FILTER[m: [32menabled[m
[STDERR  ] 2017-06-27T17:26:39.609025689Z: - [37mCONFIG_IP_NF_TARGET_MASQUERADE[m: [32menabled[m
[STDERR  ] 2017-06-27T17:26:39.609035809Z: - [37mCONFIG_NETFILTER_XT_MATCH_ADDRTYPE[m: [32menabled[m
[STDERR  ] 2017-06-27T17:26:39.609040828Z: - [37mCONFIG_NETFILTER_XT_MATCH_CONNTRACK[m: [32menabled[m
[STDERR  ] 2017-06-27T17:26:39.609045943Z: - [37mCONFIG_NETFILTER_XT_MATCH_IPVS[m: [32menabled[m
[STDERR  ] 2017-06-27T17:26:39.609050921Z: - [37mCONFIG_IP_NF_NAT[m: [32menabled[m
[STDERR  ] 2017-06-27T17:26:39.609053687Z: - [37mCONFIG_NF_NAT[m: [32menabled[m
[STDERR  ] 2017-06-27T17:26:39.609061017Z: - [37mCONFIG_NF_NAT_NEEDED[m: [32menabled[m
[STDERR  ] 2017-06-27T17:26:39.609065999Z: - [37mCONFIG_POSIX_MQUEUE[m: [32menabled[m
[STDERR  ] 2017-06-27T17:26:39.609068479Z: 
[STDERR  ] 2017-06-27T17:26:39.609076191Z: Optional Features:
[STDERR  ] 2017-06-27T17:26:39.609087786Z: - [37mCONFIG_USER_NS[m: [32menabled[m
[STDERR  ] 2017-06-27T17:26:39.609101266Z: - [37mCONFIG_SECCOMP[m: [32menabled[m
[STDERR  ] 2017-06-27T17:26:39.609106392Z: - [37mCONFIG_CGROUP_PIDS[m: [32menabled[m
[STDERR  ] 2017-06-27T17:26:39.609115513Z: - [37mCONFIG_MEMCG_SWAP[m: [32menabled[m
[STDERR  ] 2017-06-27T17:26:39.609118299Z: - [37mCONFIG_MEMCG_SWAP_ENABLED[m: [32menabled[m
[STDERR  ] 2017-06-27T17:26:39.609123194Z:     [1;30m(cgroup swap accounting is currently enabled)[m
[STDERR  ] 2017-06-27T17:26:39.609133501Z: - [1mCONFIG_LEGACY_VSYSCALL_NONE[m: [1;31menabled[m
[STDERR  ] 2017-06-27T17:26:39.609140542Z:     [1;30m(containers using eglibc <= 2.13 will not work. Switch to[m
[STDERR  ] 2017-06-27T17:26:39.60914575Z:     [1;30m "CONFIG_VSYSCALL_[NATIVE|EMULATE]" or use "vsyscall=[native|emulate]"[m
[STDERR  ] 2017-06-27T17:26:39.609150821Z:     [1;30m on kernel command line. Note that this will disable ASLR for the,[m
[STDERR  ] 2017-06-27T17:26:39.609162814Z:     [1;30m VDSO which may assist in exploiting security vulnerabilities.)[m
[STDERR  ] 2017-06-27T17:26:39.609170669Z: - [37mCONFIG_BLK_CGROUP[m: [32menabled[m
[STDERR  ] 2017-06-27T17:26:39.609173513Z: - [37mCONFIG_BLK_DEV_THROTTLING[m: [32menabled[m
[STDERR  ] 2017-06-27T17:26:39.609178413Z: - [37mCONFIG_IOSCHED_CFQ[m: [32menabled[m
[STDERR  ] 2017-06-27T17:26:39.609186066Z: - [37mCONFIG_CFQ_GROUP_IOSCHED[m: [32menabled[m
[STDERR  ] 2017-06-27T17:26:39.609191237Z: - [37mCONFIG_CGROUP_PERF[m: [32menabled[m
[STDERR  ] 2017-06-27T17:26:39.609196176Z: - [37mCONFIG_CGROUP_HUGETLB[m: [32menabled[m
[STDERR  ] 2017-06-27T17:26:39.609202627Z: - [37mCONFIG_NET_CLS_CGROUP[m: [32menabled[m
[STDERR  ] 2017-06-27T17:26:39.609207751Z: - [37mCONFIG_CGROUP_NET_PRIO[m: [32menabled[m
[STDERR  ] 2017-06-27T17:26:39.609210394Z: - [37mCONFIG_CFS_BANDWIDTH[m: [32menabled[m
[STDERR  ] 2017-06-27T17:26:39.609217833Z: - [37mCONFIG_FAIR_GROUP_SCHED[m: [32menabled[m
[STDERR  ] 2017-06-27T17:26:39.60922286Z: - [37mCONFIG_RT_GROUP_SCHED[m: [32menabled[m
[STDERR  ] 2017-06-27T17:26:39.609227977Z: - [37mCONFIG_IP_VS[m: [32menabled[m
[STDERR  ] 2017-06-27T17:26:39.609230519Z: - [37mCONFIG_IP_VS_NFCT[m: [32menabled[m
[STDERR  ] 2017-06-27T17:26:39.609244857Z: - [37mCONFIG_IP_VS_RR[m: [32menabled[m
[STDERR  ] 2017-06-27T17:26:39.609249974Z: - [37mCONFIG_EXT4_FS[m: [32menabled[m
[STDERR  ] 2017-06-27T17:26:39.609255094Z: - [37mCONFIG_EXT4_FS_POSIX_ACL[m: [32menabled[m
[STDERR  ] 2017-06-27T17:26:39.609262095Z: - [37mCONFIG_EXT4_FS_SECURITY[m: [32menabled[m
[STDERR  ] 2017-06-27T17:26:39.609269102Z: - Network Drivers:
[STDERR  ] 2017-06-27T17:26:39.609276788Z:   - "[34moverlay[m":
[STDERR  ] 2017-06-27T17:26:39.609281792Z:     - [37mCONFIG_VXLAN[m: [32menabled[m
[STDERR  ] 2017-06-27T17:26:39.609286843Z:       Optional (for encrypted networks):
[STDERR  ] 2017-06-27T17:26:39.609291965Z:       - [37mCONFIG_CRYPTO[m: [32menabled[m
[STDERR  ] 2017-06-27T17:26:39.609294723Z:       - [37mCONFIG_CRYPTO_AEAD[m: [32menabled[m
[STDERR  ] 2017-06-27T17:26:39.609302133Z:       - [37mCONFIG_CRYPTO_GCM[m: [32menabled[m
[STDERR  ] 2017-06-27T17:26:39.609313631Z:       - [37mCONFIG_CRYPTO_SEQIV[m: [32menabled[m
[STDERR  ] 2017-06-27T17:26:39.609316432Z:       - [37mCONFIG_CRYPTO_GHASH[m: [32menabled[m
[STDERR  ] 2017-06-27T17:26:39.609323932Z:       - [37mCONFIG_XFRM[m: [32menabled[m
[STDERR  ] 2017-06-27T17:26:39.609329083Z:       - [37mCONFIG_XFRM_USER[m: [32menabled (as module)[m
[STDERR  ] 2017-06-27T17:26:39.609337351Z:       - [37mCONFIG_XFRM_ALGO[m: [32menabled (as module)[m
[STDERR  ] 2017-06-27T17:26:39.609341401Z:       - [37mCONFIG_INET_ESP[m: [32menabled (as module)[m
[STDERR  ] 2017-06-27T17:26:39.60935182Z:       - [37mCONFIG_INET_XFRM_MODE_TRANSPORT[m: [32menabled (as module)[m
[STDERR  ] 2017-06-27T17:26:39.609354375Z:   - "[34mipvlan[m":
[STDERR  ] 2017-06-27T17:26:39.609361872Z:     - [37mCONFIG_IPVLAN[m: [32menabled[m
[STDERR  ] 2017-06-27T17:26:39.609364456Z:   - "[34mmacvlan[m":
