[INFO    ] 2017-08-16T17:32:10.956646068Z: Running Test linuxkit.security.ports in /tmp/build/test/cases/030_security/010_ports
[INFO    ] 2017-08-16T17:32:10.956721185Z: Running command: [/bin/sh -x /tmp/build/test/cases/030_security/010_ports/test.sh]
[STDERR  ] 2017-08-16T17:32:10.970979634Z: + set -e
[STDERR  ] 2017-08-16T17:32:10.971073133Z: + . /tmp/build/test/cases/_lib/lib.sh
[STDERR  ] 2017-08-16T17:32:10.971083814Z: + [ -f src/github.com/linuxkit/rtf/lib/lib.sh ]
[STDERR  ] 2017-08-16T17:32:10.97109403Z: + LINUXKIT_TMPDIR=/tmp/build/test/cases/_tmp
[STDERR  ] 2017-08-16T17:32:10.971104172Z: + [ -f /tmp/build/test/cases/_tmp/env.sh ]
[STDERR  ] 2017-08-16T17:32:10.971113429Z: + . /tmp/build/test/cases/_tmp/env.sh
[STDERR  ] 2017-08-16T17:32:10.97112164Z: + export LINUXKIT_EXAMPLES_DIR=/tmp/build/test/cases/../../examples
[STDERR  ] 2017-08-16T17:32:10.971131624Z: + export LINUXKIT_BLUEPRINTS_DIR=/tmp/build/test/cases/../../blueprints
[STDERR  ] 2017-08-16T17:32:10.971141109Z: + RT_CANCEL=253
[STDERR  ] 2017-08-16T17:32:10.971147017Z: + NAME=lsof
[STDERR  ] 2017-08-16T17:32:10.971153213Z: + trap clean_up EXIT
[STDERR  ] 2017-08-16T17:32:10.971160466Z: + moby build -output kernel+initrd -name lsof test.yml
[STDERR  ] 2017-08-16T17:32:10.981006719Z: Extract kernel image: linuxkit/kernel:4.9.43
[STDERR  ] 2017-08-16T17:32:12.648224537Z: Add init containers:
[STDERR  ] 2017-08-16T17:32:12.64828952Z: Process init image: linuxkit/init:c7d651da1a5e308c757bc61ce6a41804ea843426
[STDERR  ] 2017-08-16T17:32:13.922665513Z: Process init image: linuxkit/runc:838259153885c0c40460379d6cdb7baebaf3fa36
[STDERR  ] 2017-08-16T17:32:15.183270904Z: Add onboot containers:
[STDERR  ] 2017-08-16T17:32:15.183338676Z:   Create OCI config for alpine:3.6
[STDERR  ] 2017-08-16T17:32:15.32183128Z:   Create OCI config for linuxkit/poweroff:1e9876c682c74d0602b7647c628bb0875fb13998
[STDERR  ] 2017-08-16T17:32:16.54447297Z: Add files:
[STDERR  ] 2017-08-16T17:32:16.544541267Z:   check.sh
[STDERR  ] 2017-08-16T17:32:16.545732785Z: Create outputs:
[STDERR  ] 2017-08-16T17:32:19.677812819Z:   lsof-kernel lsof-initrd.img lsof-cmdline
[STDERR  ] 2017-08-16T17:32:19.716513342Z: + linuxkit run qemu -kernel lsof
[STDERR  ] 2017-08-16T17:32:19.735339107Z: Unable to find qemu-system-x86_64 within the $PATH. Using a container
[STDOUT  ] 2017-08-16T17:32:21.632470688Z: [    0.000000] Linux version 4.9.43-linuxkit (root@e1ede117fb1e) (gcc version 6.3.0 (Alpine 6.3.0) ) #1 SMP Mon Aug 14 11:26:59 UTC 2017
[STDOUT  ] 2017-08-16T17:32:21.63280006Z: [    0.000000] Command line: console=ttyS0 page_poison=1
[STDOUT  ] 2017-08-16T17:32:21.632967131Z: [    0.000000] x86/fpu: Legacy x87 FPU detected.
[STDOUT  ] 2017-08-16T17:32:21.633249681Z: [    0.000000] x86/fpu: Using 'eager' FPU context switches.
[STDOUT  ] 2017-08-16T17:32:21.633589397Z: [    0.000000] e820: BIOS-provided physical RAM map:
[STDOUT  ] 2017-08-16T17:32:21.633929548Z: [    0.000000] BIOS-e820: [mem 0x0000000000000000-0x000000000009fbff] usable
[STDOUT  ] 2017-08-16T17:32:21.634103269Z: [    0.000000] BIOS-e820: [mem 0x000000000009fc00-0x000000000009ffff] reserved
[STDOUT  ] 2017-08-16T17:32:21.634615036Z: [    0.000000] BIOS-e820: [mem 0x00000000000f0000-0x00000000000fffff] reserved
[STDOUT  ] 2017-08-16T17:32:21.634946243Z: [    0.000000] BIOS-e820: [mem 0x0000000000100000-0x000000003ffdefff] usable
[STDOUT  ] 2017-08-16T17:32:21.635281734Z: [    0.000000] BIOS-e820: [mem 0x000000003ffdf000-0x000000003fffffff] reserved
[STDOUT  ] 2017-08-16T17:32:21.635449479Z: [    0.000000] BIOS-e820: [mem 0x00000000b0000000-0x00000000bfffffff] reserved
[STDOUT  ] 2017-08-16T17:32:21.637022193Z: [    0.000000] BIOS-e820: [mem 0x00000000fed1c000-0x00000000fed1ffff] reserved
[STDOUT  ] 2017-08-16T17:32:21.637045219Z: [    0.000000] BIOS-e820: [mem 0x00000000fffc0000-0x00000000ffffffff] reserved
[STDOUT  ] 2017-08-16T17:32:21.63705711Z: [    0.000000] NX (Execute Disable) protection: active
[STDOUT  ] 2017-08-16T17:32:21.637068347Z: [    0.000000] SMBIOS 2.8 present.
[STDOUT  ] 2017-08-16T17:32:21.637078377Z: [    0.000000] e820: last_pfn = 0x3ffdf max_arch_pfn = 0x400000000
[STDOUT  ] 2017-08-16T17:32:21.637115793Z: [    0.000000] x86/PAT: Configuration [0-7]: WB  WC  UC- UC  WB  WC  UC- WT  
[STDOUT  ] 2017-08-16T17:32:21.637140871Z: [    0.000000] found SMP MP-table at [mem 0x000f6aa0-0x000f6aaf] mapped at [ffff9286800f6aa0]
[STDOUT  ] 2017-08-16T17:32:21.637165789Z: [    0.000000] RAMDISK: [mem 0x3ed59000-0x3ffcffff]
[STDOUT  ] 2017-08-16T17:32:21.637524449Z: [    0.000000] ACPI: Early table checksum verification disabled
[STDOUT  ] 2017-08-16T17:32:21.637830617Z: [    0.000000] ACPI: RSDP 0x00000000000F68C0 000014 (v00 BOCHS )
[STDOUT  ] 2017-08-16T17:32:21.63813335Z: [    0.000000] ACPI: RSDT 0x000000003FFE2404 000034 (v01 BOCHS  BXPCRSDT 00000001 BXPC 00000001)
[STDOUT  ] 2017-08-16T17:32:21.638613949Z: [    0.000000] ACPI: FACP 0x000000003FFE22A4 000074 (v01 BOCHS  BXPCFACP 00000001 BXPC 00000001)
[STDOUT  ] 2017-08-16T17:32:21.638923888Z: [    0.000000] ACPI: DSDT 0x000000003FFE0040 002264 (v01 BOCHS  BXPCDSDT 00000001 BXPC 00000001)
[STDOUT  ] 2017-08-16T17:32:21.639245936Z: [    0.000000] ACPI: FACS 0x000000003FFE0000 000040
[STDOUT  ] 2017-08-16T17:32:21.639566653Z: [    0.000000] ACPI: APIC 0x000000003FFE2318 000078 (v01 BOCHS  BXPCAPIC 00000001 BXPC 00000001)
[STDOUT  ] 2017-08-16T17:32:21.639884521Z: [    0.000000] ACPI: HPET 0x000000003FFE2390 000038 (v01 BOCHS  BXPCHPET 00000001 BXPC 00000001)
[STDOUT  ] 2017-08-16T17:32:21.640328641Z: [    0.000000] ACPI: MCFG 0x000000003FFE23C8 00003C (v01 BOCHS  BXPCMCFG 00000001 BXPC 00000001)
[STDOUT  ] 2017-08-16T17:32:21.640486769Z: [    0.000000] Zone ranges:
[STDOUT  ] 2017-08-16T17:32:21.640799379Z: [    0.000000]   DMA      [mem 0x0000000000001000-0x0000000000ffffff]
[STDOUT  ] 2017-08-16T17:32:21.641083563Z: [    0.000000]   DMA32    [mem 0x0000000001000000-0x000000003ffdefff]
[STDOUT  ] 2017-08-16T17:32:21.641244783Z: [    0.000000]   Normal   empty
[STDOUT  ] 2017-08-16T17:32:21.64138664Z: [    0.000000] Movable zone start for each node
[STDOUT  ] 2017-08-16T17:32:21.64168831Z: [    0.000000] Early memory node ranges
[STDOUT  ] 2017-08-16T17:32:21.641987786Z: [    0.000000]   node   0: [mem 0x0000000000001000-0x000000000009efff]
[STDOUT  ] 2017-08-16T17:32:21.642282776Z: [    0.000000]   node   0: [mem 0x0000000000100000-0x000000003ffdefff]
[STDOUT  ] 2017-08-16T17:32:21.642576146Z: [    0.000000] Initmem setup node 0 [mem 0x0000000000001000-0x000000003ffdefff]
[STDOUT  ] 2017-08-16T17:32:21.64272291Z: [    0.000000] ACPI: PM-Timer IO Port: 0x608
[STDOUT  ] 2017-08-16T17:32:21.643032268Z: [    0.000000] ACPI: LAPIC_NMI (acpi_id[0xff] dfl dfl lint[0x1])
[STDOUT  ] 2017-08-16T17:32:21.643322382Z: [    0.000000] IOAPIC[0]: apic_id 0, version 32, address 0xfec00000, GSI 0-23
[STDOUT  ] 2017-08-16T17:32:21.643613027Z: [    0.000000] ACPI: INT_SRC_OVR (bus 0 bus_irq 0 global_irq 2 dfl dfl)
[STDOUT  ] 2017-08-16T17:32:21.643907597Z: [    0.000000] ACPI: INT_SRC_OVR (bus 0 bus_irq 5 global_irq 5 high level)
[STDOUT  ] 2017-08-16T17:32:21.644206063Z: [    0.000000] ACPI: INT_SRC_OVR (bus 0 bus_irq 9 global_irq 9 high level)
[STDOUT  ] 2017-08-16T17:32:21.644498362Z: [    0.000000] ACPI: INT_SRC_OVR (bus 0 bus_irq 10 global_irq 10 high level)
[STDOUT  ] 2017-08-16T17:32:21.644788312Z: [    0.000000] ACPI: INT_SRC_OVR (bus 0 bus_irq 11 global_irq 11 high level)
[STDOUT  ] 2017-08-16T17:32:21.645230982Z: [    0.000000] Using ACPI (MADT) for SMP configuration information
[STDOUT  ] 2017-08-16T17:32:21.645371008Z: [    0.000000] ACPI: HPET id: 0x8086a201 base: 0xfed00000
[STDOUT  ] 2017-08-16T17:32:21.6456768Z: [    0.000000] smpboot: Allowing 1 CPUs, 0 hotplug CPUs
[STDOUT  ] 2017-08-16T17:32:21.645954825Z: [    0.000000] e820: [mem 0x40000000-0xafffffff] available for PCI devices
[STDOUT  ] 2017-08-16T17:32:21.646247152Z: [    0.000000] Booting paravirtualized kernel on bare hardware
[STDOUT  ] 2017-08-16T17:32:21.646671092Z: [    0.000000] clocksource: refined-jiffies: mask: 0xffffffff max_cycles: 0xffffffff, max_idle_ns: 19112604462750000 ns
[STDOUT  ] 2017-08-16T17:32:21.646989222Z: [    0.000000] setup_percpu: NR_CPUS:128 nr_cpumask_bits:128 nr_cpu_ids:1 nr_node_ids:1
[STDOUT  ] 2017-08-16T17:32:21.647433966Z: [    0.000000] percpu: Embedded 35 pages/cpu @ffff9286bea00000 s105240 r8192 d29928 u2097152
[STDOUT  ] 2017-08-16T17:32:21.647716638Z: [    0.000000] Built 1 zonelists in Zone order, mobility grouping on.  Total pages: 257896
[STDOUT  ] 2017-08-16T17:32:21.648016329Z: [    0.000000] Kernel command line: console=ttyS0 page_poison=1
[STDOUT  ] 2017-08-16T17:32:21.648300939Z: [    0.000000] PID hash table entries: 4096 (order: 3, 32768 bytes)
[STDOUT  ] 2017-08-16T17:32:21.648731344Z: [    0.000000] Dentry cache hash table entries: 131072 (order: 8, 1048576 bytes)
[STDOUT  ] 2017-08-16T17:32:21.649020791Z: [    0.000000] Inode-cache hash table entries: 65536 (order: 7, 524288 bytes)
[STDOUT  ] 2017-08-16T17:32:21.649583096Z: [    0.000000] Memory: 995264K/1048052K available (8028K kernel code, 1366K rwdata, 2696K rodata, 1380K init, 568K bss, 52788K reserved, 0K cma-reserved)
[STDOUT  ] 2017-08-16T17:32:21.649722866Z: [    0.000000] Hierarchical RCU implementation.
[STDOUT  ] 2017-08-16T17:32:21.650005898Z: [    0.000000] 	Build-time adjustment of leaf fanout to 64.
[STDOUT  ] 2017-08-16T17:32:21.65028639Z: [    0.000000] 	RCU restricting CPUs from NR_CPUS=128 to nr_cpu_ids=1.
[STDOUT  ] 2017-08-16T17:32:21.650568918Z: [    0.000000] RCU: Adjusting geometry for rcu_fanout_leaf=64, nr_cpu_ids=1
[STDOUT  ] 2017-08-16T17:32:21.650862725Z: [    0.000000] NR_IRQS:8448 nr_irqs:256 16
[STDOUT  ] 2017-08-16T17:32:21.651000193Z: [    0.000000] Console: colour VGA+ 80x25
[STDOUT  ] 2017-08-16T17:32:21.651380172Z: [    0.000000] console [ttyS0] enabled
[STDOUT  ] 2017-08-16T17:32:21.653540664Z: [    0.000000] allocated 2097152 bytes of page_ext
[STDOUT  ] 2017-08-16T17:32:21.656949445Z: [    0.000000] clocksource: hpet: mask: 0xffffffff max_cycles: 0xffffffff, max_idle_ns: 19112604467 ns
[STDOUT  ] 2017-08-16T17:32:21.694011093Z: [    0.000000] tsc: Fast TSC calibration using PIT
[STDOUT  ] 2017-08-16T17:32:21.695047012Z: [    0.000000] tsc: Detected 2599.987 MHz processor
[STDOUT  ] 2017-08-16T17:32:21.699116935Z: [    0.022297] Calibrating delay loop (skipped), value calculated using timer frequency.. 5199.97 BogoMIPS (lpj=25999870)
[STDOUT  ] 2017-08-16T17:32:21.699710839Z: [    0.030633] pid_max: default: 32768 minimum: 301
[STDOUT  ] 2017-08-16T17:32:21.700766229Z: [    0.031812] ACPI: Core revision 20160831
[STDOUT  ] 2017-08-16T17:32:21.745508885Z: [    0.076515] ACPI: 1 ACPI AML tables successfully acquired and loaded
[STDOUT  ] 2017-08-16T17:32:21.750292345Z: [    0.081774] Security Framework initialized
[STDOUT  ] 2017-08-16T17:32:21.750820406Z: [    0.082304] Yama: becoming mindful.
[STDOUT  ] 2017-08-16T17:32:21.75322199Z: [    0.084340] Mount-cache hash table entries: 2048 (order: 2, 16384 bytes)
[STDOUT  ] 2017-08-16T17:32:21.753878991Z: [    0.085020] Mountpoint-cache hash table entries: 2048 (order: 2, 16384 bytes)
[STDOUT  ] 2017-08-16T17:32:21.773239425Z: [    0.104096] Last level iTLB entries: 4KB 0, 2MB 0, 4MB 0
[STDOUT  ] 2017-08-16T17:32:21.773836177Z: [    0.104636] Last level dTLB entries: 4KB 0, 2MB 0, 4MB 0, 1GB 0
[STDOUT  ] 2017-08-16T17:32:22.06781629Z: [    0.399018] Freeing SMP alternatives memory: 20K
[STDOUT  ] 2017-08-16T17:32:22.078633926Z: [    0.409609] ftrace: allocating 35486 entries in 139 pages
[STDOUT  ] 2017-08-16T17:32:22.370669087Z: [    0.571903] smpboot: Max logical packages: 1
[STDOUT  ] 2017-08-16T17:32:22.377641987Z: [    0.579054] ..TIMER: vector=0x30 apic1=0 pin1=2 apic2=-1 pin2=-1
[STDOUT  ] 2017-08-16T17:32:22.599979762Z: [    0.690000] smpboot: CPU0: AMD QEMU Virtual CPU version 2.5+ (family: 0x6, model: 0x6, stepping: 0x3)
[STDOUT  ] 2017-08-16T17:32:22.601703068Z: [    0.690000] Performance Events: PMU not available due to virtualization, using software events only.
[STDOUT  ] 2017-08-16T17:32:22.619543718Z: [    0.700077] NMI watchdog: disabled (cpu0): hardware events not enabled
[STDOUT  ] 2017-08-16T17:32:22.620037123Z: [    0.700654] NMI watchdog: Shutting down hard lockup detector on all cpus
[STDOUT  ] 2017-08-16T17:32:22.623878225Z: [    0.704666] x86: Booted up 1 node, 1 CPUs
[STDOUT  ] 2017-08-16T17:32:22.624378684Z: [    0.705156] smpboot: Total of 1 processors activated (5199.97 BogoMIPS)
[STDOUT  ] 2017-08-16T17:32:22.63994792Z: [    0.720905] devtmpfs: initialized
[STDOUT  ] 2017-08-16T17:32:22.646935737Z: [    0.727750] x86/mm: Memory block size: 128MB
[STDOUT  ] 2017-08-16T17:32:22.708476177Z: [    0.788958] clocksource: jiffies: mask: 0xffffffff max_cycles: 0xffffffff, max_idle_ns: 19112604462750000 ns
[STDOUT  ] 2017-08-16T17:32:22.709470321Z: [    0.790180] futex hash table entries: 256 (order: 2, 16384 bytes)
[STDOUT  ] 2017-08-16T17:32:22.719797187Z: [    0.800609] NET: Registered protocol family 16
[STDOUT  ] 2017-08-16T17:32:22.728912463Z: [    0.809695] cpuidle: using governor ladder
[STDOUT  ] 2017-08-16T17:32:22.729459267Z: [    0.810290] cpuidle: using governor menu
[STDOUT  ] 2017-08-16T17:32:22.730604822Z: [    0.811531] ACPI: bus type PCI registered
[STDOUT  ] 2017-08-16T17:32:22.733850412Z: [    0.814312] PCI: MMCONFIG for domain 0000 [bus 00-ff] at [mem 0xb0000000-0xbfffffff] (base 0xb0000000)
[STDOUT  ] 2017-08-16T17:32:22.734536224Z: [    0.815161] PCI: MMCONFIG at [mem 0xb0000000-0xbfffffff] reserved in E820
[STDOUT  ] 2017-08-16T17:32:22.735780734Z: [    0.816563] PCI: Using configuration type 1 for base access
[STDOUT  ] 2017-08-16T17:32:22.792883929Z: [    0.873581] HugeTLB registered 2 MB page size, pre-allocated 0 pages
[STDOUT  ] 2017-08-16T17:32:22.807223121Z: [    0.888018] ACPI: Added _OSI(Module Device)
[STDOUT  ] 2017-08-16T17:32:22.807732352Z: [    0.888503] ACPI: Added _OSI(Processor Device)
[STDOUT  ] 2017-08-16T17:32:22.808044808Z: [    0.888878] ACPI: Added _OSI(3.0 _SCP Extensions)
[STDOUT  ] 2017-08-16T17:32:22.808365124Z: [    0.889214] ACPI: Added _OSI(Processor Aggregator Device)
[STDOUT  ] 2017-08-16T17:32:22.880929093Z: [    0.961755] ACPI: Interpreter enabled
[STDOUT  ] 2017-08-16T17:32:22.881978377Z: [    0.962797] ACPI: (supports S0 S5)
[STDOUT  ] 2017-08-16T17:32:22.882397159Z: [    0.963233] ACPI: Using IOAPIC for interrupt routing
[STDOUT  ] 2017-08-16T17:32:22.885433353Z: [    0.965940] PCI: Using host bridge windows from ACPI; if necessary, use "pci=nocrs" and report a bug
[STDOUT  ] 2017-08-16T17:32:22.947675126Z: [    1.028534] ACPI: PCI Root Bridge [PCI0] (domain 0000 [bus 00-ff])
[STDOUT  ] 2017-08-16T17:32:22.94924475Z: [    1.029723] acpi PNP0A08:00: _OSC: OS supports [ExtendedConfig ASPM ClockPM Segments MSI]
[STDOUT  ] 2017-08-16T17:32:22.95618656Z: [    1.036391] acpi PNP0A08:00: _OSC: OS now controls [PCIeHotplug PME PCIeCapability]
[STDOUT  ] 2017-08-16T17:32:22.959916014Z: [    1.040798] PCI host bridge to bus 0000:00
[STDOUT  ] 2017-08-16T17:32:22.960586116Z: [    1.041339] pci_bus 0000:00: root bus resource [io  0x0000-0x0cf7 window]
[STDOUT  ] 2017-08-16T17:32:22.961056802Z: [    1.041829] pci_bus 0000:00: root bus resource [io  0x0d00-0xffff window]
[STDOUT  ] 2017-08-16T17:32:22.96154946Z: [    1.042296] pci_bus 0000:00: root bus resource [mem 0x000a0000-0x000bffff window]
[STDOUT  ] 2017-08-16T17:32:22.962033563Z: [    1.042808] pci_bus 0000:00: root bus resource [mem 0xc0000000-0xfebfffff window]
[STDOUT  ] 2017-08-16T17:32:22.963041537Z: [    1.043965] pci_bus 0000:00: root bus resource [bus 00-ff]
[STDOUT  ] 2017-08-16T17:32:23.072246809Z: [    1.152057] pci 0000:00:1f.0: quirk: [io  0x0600-0x067f] claimed by ICH6 ACPI/GPIO/TCO
[STDOUT  ] 2017-08-16T17:32:23.133693085Z: [    1.213965] ACPI: PCI Interrupt Link [LNKA] (IRQs 5 *10 11)
[STDOUT  ] 2017-08-16T17:32:23.136605091Z: [    1.217267] ACPI: PCI Interrupt Link [LNKB] (IRQs 5 *10 11)
[STDOUT  ] 2017-08-16T17:32:23.139485763Z: [    1.219625] ACPI: PCI Interrupt Link [LNKC] (IRQs 5 10 *11)
[STDOUT  ] 2017-08-16T17:32:23.141710611Z: [    1.221995] ACPI: PCI Interrupt Link [LNKD] (IRQs 5 10 *11)
[STDOUT  ] 2017-08-16T17:32:23.144292997Z: [    1.224615] ACPI: PCI Interrupt Link [LNKE] (IRQs 5 *10 11)
[STDOUT  ] 2017-08-16T17:32:23.146589713Z: [    1.227000] ACPI: PCI Interrupt Link [LNKF] (IRQs 5 *10 11)
[STDOUT  ] 2017-08-16T17:32:23.148467479Z: [    1.228918] ACPI: PCI Interrupt Link [LNKG] (IRQs 5 10 *11)
[STDOUT  ] 2017-08-16T17:32:23.150545406Z: [    1.231336] ACPI: PCI Interrupt Link [LNKH] (IRQs 5 10 *11)
[STDOUT  ] 2017-08-16T17:32:23.151598816Z: [    1.232376] ACPI: PCI Interrupt Link [GSIA] (IRQs *16)
[STDOUT  ] 2017-08-16T17:32:23.152356484Z: [    1.233197] ACPI: PCI Interrupt Link [GSIB] (IRQs *17)
[STDOUT  ] 2017-08-16T17:32:23.153216013Z: [    1.234020] ACPI: PCI Interrupt Link [GSIC] (IRQs *18)
[STDOUT  ] 2017-08-16T17:32:23.153874655Z: [    1.234846] ACPI: PCI Interrupt Link [GSID] (IRQs *19)
[STDOUT  ] 2017-08-16T17:32:23.154750708Z: [    1.235583] ACPI: PCI Interrupt Link [GSIE] (IRQs *20)
[STDOUT  ] 2017-08-16T17:32:23.155531658Z: [    1.236371] ACPI: PCI Interrupt Link [GSIF] (IRQs *21)
[STDOUT  ] 2017-08-16T17:32:23.156354446Z: [    1.237184] ACPI: PCI Interrupt Link [GSIG] (IRQs *22)
[STDOUT  ] 2017-08-16T17:32:23.157088644Z: [    1.237972] ACPI: PCI Interrupt Link [GSIH] (IRQs *23)
[STDOUT  ] 2017-08-16T17:32:23.161217906Z: [    1.242086] ACPI: Enabled 2 GPEs in block 00 to 3F
[STDOUT  ] 2017-08-16T17:32:23.165364132Z: [    1.246538] SCSI subsystem initialized
[STDOUT  ] 2017-08-16T17:32:23.167361113Z: [    1.248379] ACPI: bus type USB registered
[STDOUT  ] 2017-08-16T17:32:23.168715715Z: [    1.249636] usbcore: registered new interface driver usbfs
[STDOUT  ] 2017-08-16T17:32:23.169845097Z: [    1.250716] usbcore: registered new interface driver hub
[STDOUT  ] 2017-08-16T17:32:23.170766477Z: [    1.251613] usbcore: registered new device driver usb
[STDOUT  ] 2017-08-16T17:32:23.172037106Z: [    1.252911] pps_core: LinuxPPS API ver. 1 registered
[STDOUT  ] 2017-08-16T17:32:23.172668494Z: [    1.253230] pps_core: Software ver. 5.3.6 - Copyright 2005-2007 Rodolfo Giometti <giometti@linux.it>
[STDOUT  ] 2017-08-16T17:32:23.17320174Z: [    1.254093] PTP clock support registered
[STDOUT  ] 2017-08-16T17:32:23.174363876Z: [    1.255400] wmi: Mapper loaded
[STDOUT  ] 2017-08-16T17:32:23.175658719Z: [    1.256520] PCI: Using ACPI for IRQ routing
[STDOUT  ] 2017-08-16T17:32:23.193502186Z: [    1.274656] NetLabel: Initializing
[STDOUT  ] 2017-08-16T17:32:23.194047742Z: [    1.274949] NetLabel:  domain hash size = 128
[STDOUT  ] 2017-08-16T17:32:23.194372916Z: [    1.275432] NetLabel:  protocols = UNLABELED CIPSOv4
[STDOUT  ] 2017-08-16T17:32:23.197362467Z: [    1.278268] NetLabel:  unlabeled traffic allowed by default
[STDOUT  ] 2017-08-16T17:32:23.198749355Z: [    1.279648] HPET: 3 timers in total, 0 timers will be used for per-cpu timer
[STDOUT  ] 2017-08-16T17:32:23.199760181Z: [    1.280391] hpet0: at MMIO 0xfed00000, IRQs 2, 8, 0
[STDOUT  ] 2017-08-16T17:32:23.200241378Z: [    1.281010] hpet0: 3 comparators, 64-bit 100.000000 MHz counter
[STDOUT  ] 2017-08-16T17:32:23.207592078Z: [    1.288373] clocksource: Switched to clocksource hpet
[STDOUT  ] 2017-08-16T17:32:23.468022322Z: [    1.540622] VFS: Disk quotas dquot_6.6.0
[STDOUT  ] 2017-08-16T17:32:23.469274368Z: [    1.541573] VFS: Dquot-cache hash table entries: 512 (order 0, 4096 bytes)
[STDOUT  ] 2017-08-16T17:32:23.472974187Z: [    1.545687] FS-Cache: Loaded
[STDOUT  ] 2017-08-16T17:32:23.478149198Z: [    1.550908] CacheFiles: Loaded
[STDOUT  ] 2017-08-16T17:32:23.479985033Z: [    1.552697] pnp: PnP ACPI init
[STDOUT  ] 2017-08-16T17:32:23.491894184Z: [    1.564482] pnp: PnP ACPI: found 5 devices
[STDOUT  ] 2017-08-16T17:32:23.543997377Z: [    1.616602] clocksource: acpi_pm: mask: 0xffffff max_cycles: 0xffffff, max_idle_ns: 2085701024 ns
[STDOUT  ] 2017-08-16T17:32:23.548214322Z: [    1.620784] NET: Registered protocol family 2
[STDOUT  ] 2017-08-16T17:32:23.557195054Z: [    1.629174] TCP established hash table entries: 8192 (order: 4, 65536 bytes)
[STDOUT  ] 2017-08-16T17:32:23.558277952Z: [    1.630762] TCP bind hash table entries: 8192 (order: 5, 131072 bytes)
[STDOUT  ] 2017-08-16T17:32:23.558964508Z: [    1.631567] TCP: Hash tables configured (established 8192 bind 8192)
[STDOUT  ] 2017-08-16T17:32:23.560855355Z: [    1.633439] UDP hash table entries: 512 (order: 2, 16384 bytes)
[STDOUT  ] 2017-08-16T17:32:23.561464016Z: [    1.634100] UDP-Lite hash table entries: 512 (order: 2, 16384 bytes)
[STDOUT  ] 2017-08-16T17:32:23.563859641Z: [    1.636425] NET: Registered protocol family 1
[STDOUT  ] 2017-08-16T17:32:23.565021518Z: [    1.637488] pci 0000:00:01.0: Video device with shadowed ROM at [mem 0x000c0000-0x000dffff]
[STDOUT  ] 2017-08-16T17:32:23.571794523Z: [    1.644490] Unpacking initramfs...
[STDOUT  ] 2017-08-16T17:32:26.06281054Z: [    4.135393] Freeing initrd memory: 18908K
[STDOUT  ] 2017-08-16T17:32:26.088381621Z: [    4.160909] PCLMULQDQ-NI instructions are not detected.
[STDOUT  ] 2017-08-16T17:32:26.090127357Z: [    4.162677] AVX or AES-NI instructions are not detected.
[STDOUT  ] 2017-08-16T17:32:26.090741414Z: [    4.163213] CPU feature 'AVX registers' is not supported.
[STDOUT  ] 2017-08-16T17:32:26.091258606Z: [    4.163709] CPU feature 'AVX registers' is not supported.
[STDOUT  ] 2017-08-16T17:32:26.09159889Z: [    4.164194] CPU feature 'AVX registers' is not supported.
[STDOUT  ] 2017-08-16T17:32:26.092086897Z: [    4.164681] CPU feature 'AVX registers' is not supported.
[STDOUT  ] 2017-08-16T17:32:26.092577338Z: [    4.165175] AVX2 or AES-NI instructions are not detected.
[STDOUT  ] 2017-08-16T17:32:26.093020954Z: [    4.165695] AVX2 instructions are not detected.
[STDOUT  ] 2017-08-16T17:32:26.100129684Z: [    4.172701] audit: initializing netlink subsys (disabled)
[STDOUT  ] 2017-08-16T17:32:26.101860249Z: [    4.174449] audit: type=2000 audit(1502904745.170:1): initialized
[STDOUT  ] 2017-08-16T17:32:26.109562143Z: [    4.182143] workingset: timestamp_bits=46 max_order=18 bucket_order=0
[STDOUT  ] 2017-08-16T17:32:26.115790077Z: [    4.188388] FS-Cache: Netfs 'cifs' registered for caching
[STDOUT  ] 2017-08-16T17:32:26.116865671Z: [    4.189454] fuse init (API version 7.26)
[STDOUT  ] 2017-08-16T17:32:26.119894551Z: [    4.192487] SGI XFS with ACLs, security attributes, no debug enabled
[STDOUT  ] 2017-08-16T17:32:26.126760176Z: [    4.199149] 9p: Installing v9fs 9p2000 file system support
[STDOUT  ] 2017-08-16T17:32:26.127321742Z: [    4.199740] FS-Cache: Netfs '9p' registered for caching
[STDOUT  ] 2017-08-16T17:32:26.161777874Z: [    4.234133] NET: Registered protocol family 38
[STDOUT  ] 2017-08-16T17:32:26.162408572Z: [    4.235033] Key type asymmetric registered
[STDOUT  ] 2017-08-16T17:32:26.162801635Z: [    4.235434] Asymmetric key parser 'x509' registered
[STDOUT  ] 2017-08-16T17:32:26.164122411Z: [    4.236594] Block layer SCSI generic (bsg) driver version 0.4 loaded (major 251)
[STDOUT  ] 2017-08-16T17:32:26.165676291Z: [    4.238357] io scheduler noop registered
[STDOUT  ] 2017-08-16T17:32:26.166160069Z: [    4.238803] io scheduler deadline registered (default)
[STDOUT  ] 2017-08-16T17:32:26.166891765Z: [    4.239530] io scheduler cfq registered
[STDOUT  ] 2017-08-16T17:32:26.170786521Z: [    4.243387] pci_hotplug: PCI Hot Plug PCI Core version: 0.5
[STDOUT  ] 2017-08-16T17:32:26.171565078Z: [    4.244059] pciehp: PCI Express Hot Plug Controller Driver version: 0.4
[STDOUT  ] 2017-08-16T17:32:26.1725445Z: [    4.245028] shpchp: Standard Hot Plug PCI Controller Driver version: 0.4
[STDOUT  ] 2017-08-16T17:32:26.1734548Z: [    4.246051] hv_vmbus: registering driver hyperv_fb
[STDOUT  ] 2017-08-16T17:32:26.176732355Z: [    4.249191] input: Power Button as /devices/LNXSYSTM:00/LNXPWRBN:00/input/input0
[STDOUT  ] 2017-08-16T17:32:26.178949118Z: [    4.251695] ACPI: Power Button [PWRF]
[STDOUT  ] 2017-08-16T17:32:26.183925452Z: [    4.256498] GHES: HEST is not enabled!
[STDOUT  ] 2017-08-16T17:32:26.195034201Z: [    4.267603] ACPI: PCI Interrupt Link [GSIG] enabled at IRQ 22
[STDOUT  ] 2017-08-16T17:32:26.207750957Z: [    4.280097] ACPI: PCI Interrupt Link [GSIH] enabled at IRQ 23
[STDOUT  ] 2017-08-16T17:32:26.213358057Z: [    4.285795] xenfs: not registering filesystem on non-xen platform
[STDOUT  ] 2017-08-16T17:32:26.215496452Z: [    4.287961] Serial: 8250/16550 driver, 4 ports, IRQ sharing disabled
[STDOUT  ] 2017-08-16T17:32:26.240814832Z: [    4.313087] 00:04: ttyS0 at I/O 0x3f8 (irq = 4, base_baud = 115200) is a 16550A
[STDOUT  ] 2017-08-16T17:32:26.253064705Z: [    4.325741] Non-volatile memory driver v1.3
[STDOUT  ] 2017-08-16T17:32:26.25954417Z: [    4.331984] Hangcheck: starting hangcheck timer 0.9.1 (tick is 180 seconds, margin is 60 seconds).
[STDOUT  ] 2017-08-16T17:32:26.296880164Z: [    4.369621] loop: module loaded
[STDOUT  ] 2017-08-16T17:32:26.31326764Z: [    4.385815] nbd: registered device at major 43
[STDOUT  ] 2017-08-16T17:32:26.357959478Z: [    4.429993] lpc_ich 0000:00:1f.0: I/O space for GPIO uninitialized
[STDOUT  ] 2017-08-16T17:32:26.360572789Z: [    4.433189] VMware PVSCSI driver - version 1.0.7.0-k
[STDOUT  ] 2017-08-16T17:32:26.361588672Z: [    4.434240] hv_vmbus: registering driver hv_storvsc
[STDOUT  ] 2017-08-16T17:32:26.372267468Z: [    4.444802] ACPI: PCI Interrupt Link [GSIA] enabled at IRQ 16
[STDOUT  ] 2017-08-16T17:32:26.378618136Z: [    4.451066] ahci 0000:00:1f.2: AHCI 0001.0000 32 slots 6 ports 1.5 Gbps 0x3f impl SATA mode
[STDOUT  ] 2017-08-16T17:32:26.379252633Z: [    4.451791] ahci 0000:00:1f.2: flags: 64bit ncq only 
[STDOUT  ] 2017-08-16T17:32:26.401569145Z: [    4.474214] scsi host0: ahci
[STDOUT  ] 2017-08-16T17:32:26.406957428Z: [    4.479703] scsi host1: ahci
[STDOUT  ] 2017-08-16T17:32:26.409476575Z: [    4.482250] scsi host2: ahci
[STDOUT  ] 2017-08-16T17:32:26.411837074Z: [    4.484597] scsi host3: ahci
[STDOUT  ] 2017-08-16T17:32:26.414179799Z: [    4.486954] scsi host4: ahci
[STDOUT  ] 2017-08-16T17:32:26.416558116Z: [    4.489338] scsi host5: ahci
[STDOUT  ] 2017-08-16T17:32:26.418975886Z: [    4.491452] ata1: SATA max UDMA/133 abar m4096@0xfebd2000 port 0xfebd2100 irq 24
[STDOUT  ] 2017-08-16T17:32:26.419472341Z: [    4.491988] ata2: SATA max UDMA/133 abar m4096@0xfebd2000 port 0xfebd2180 irq 24
[STDOUT  ] 2017-08-16T17:32:26.420033635Z: [    4.492509] ata3: SATA max UDMA/133 abar m4096@0xfebd2000 port 0xfebd2200 irq 24
[STDOUT  ] 2017-08-16T17:32:26.420462651Z: [    4.492986] ata4: SATA max UDMA/133 abar m4096@0xfebd2000 port 0xfebd2280 irq 24
[STDOUT  ] 2017-08-16T17:32:26.421149457Z: [    4.493495] ata5: SATA max UDMA/133 abar m4096@0xfebd2000 port 0xfebd2300 irq 24
[STDOUT  ] 2017-08-16T17:32:26.421584435Z: [    4.494078] ata6: SATA max UDMA/133 abar m4096@0xfebd2000 port 0xfebd2380 irq 24
[STDOUT  ] 2017-08-16T17:32:26.434958678Z: [    4.507474] tun: Universal TUN/TAP device driver, 1.6
[STDOUT  ] 2017-08-16T17:32:26.435429721Z: [    4.507855] tun: (C) 1999-2004 Max Krasnyansky <maxk@qualcomm.com>
[STDOUT  ] 2017-08-16T17:32:26.446107349Z: [    4.518555] VMware vmxnet3 virtual NIC driver - version 1.4.a.0-k-NAPI
[STDOUT  ] 2017-08-16T17:32:26.446930177Z: [    4.519586] hv_vmbus: registering driver hv_netvsc
[STDOUT  ] 2017-08-16T17:32:26.447468724Z: [    4.519963] Fusion MPT base driver 3.04.20
[STDOUT  ] 2017-08-16T17:32:26.448042149Z: [    4.520703] Copyright (c) 1999-2008 LSI Corporation
[STDOUT  ] 2017-08-16T17:32:26.448858087Z: [    4.521471] Fusion MPT SPI Host driver 3.04.20
[STDOUT  ] 2017-08-16T17:32:26.451089009Z: [    4.523566] i8042: PNP: PS/2 Controller [PNP0303:KBD,PNP0f13:MOU] at 0x60,0x64 irq 1,12
[STDOUT  ] 2017-08-16T17:32:26.454961715Z: [    4.527500] serio: i8042 KBD port at 0x60,0x64 irq 1
[STDOUT  ] 2017-08-16T17:32:26.455562027Z: [    4.528226] serio: i8042 AUX port at 0x60,0x64 irq 12
[STDOUT  ] 2017-08-16T17:32:26.45910389Z: [    4.531751] hv_vmbus: registering driver hyperv_keyboard
[STDOUT  ] 2017-08-16T17:32:26.461403198Z: [    4.533998] mousedev: PS/2 mouse device common for all mice
[STDOUT  ] 2017-08-16T17:32:26.466366547Z: [    4.538670] input: AT Translated Set 2 keyboard as /devices/platform/i8042/serio0/input/input1
[STDOUT  ] 2017-08-16T17:32:26.469181068Z: [    4.541670] input: PC Speaker as /devices/platform/pcspkr/input/input2
[STDOUT  ] 2017-08-16T17:32:26.472968824Z: [    4.545557] rtc_cmos 00:00: RTC can wake from S4
[STDOUT  ] 2017-08-16T17:32:26.476263807Z: [    4.548874] rtc_cmos 00:00: rtc core: registered rtc_cmos as rtc0
[STDOUT  ] 2017-08-16T17:32:26.478447022Z: [    4.550933] rtc_cmos 00:00: alarms up to one day, y3k, 114 bytes nvram, hpet irqs
[STDOUT  ] 2017-08-16T17:32:26.478951817Z: [    4.551728] i2c /dev entries driver
[STDOUT  ] 2017-08-16T17:32:26.481260475Z: [    4.553701] device-mapper: ioctl: 4.35.0-ioctl (2016-06-23) initialised: dm-devel@redhat.com
[STDOUT  ] 2017-08-16T17:32:26.485886812Z: [    4.558410] usbcore: registered new interface driver usbhid
[STDOUT  ] 2017-08-16T17:32:26.486212458Z: [    4.558840] usbhid: USB HID core driver
[STDOUT  ] 2017-08-16T17:32:26.48695377Z: [    4.559562] hv_utils: Registering HyperV Utility Driver
[STDOUT  ] 2017-08-16T17:32:26.48742803Z: [    4.559902] hv_vmbus: registering driver hv_util
[STDOUT  ] 2017-08-16T17:32:26.487957371Z: [    4.560611] hv_vmbus: registering driver hv_balloon
[STDOUT  ] 2017-08-16T17:32:26.488669709Z: [    4.561426] oprofile: using NMI interrupt.
[STDOUT  ] 2017-08-16T17:32:26.489777702Z: [    4.562494] GACT probability on
[STDOUT  ] 2017-08-16T17:32:26.490310869Z: [    4.563076] Mirror/redirect action on
[STDOUT  ] 2017-08-16T17:32:26.491333478Z: [    4.563944] Simple TC action Loaded
[STDOUT  ] 2017-08-16T17:32:26.491883553Z: [    4.564652] u32 classifier
[STDOUT  ] 2017-08-16T17:32:26.492231551Z: [    4.564846]     Performance counters on
[STDOUT  ] 2017-08-16T17:32:26.492382331Z: [    4.565113]     input device check on
[STDOUT  ] 2017-08-16T17:32:26.492710643Z: [    4.565400]     Actions configured
[STDOUT  ] 2017-08-16T17:32:26.493654838Z: [    4.566254] Netfilter messages via NETLINK v0.30.
[STDOUT  ] 2017-08-16T17:32:26.494245293Z: [    4.566890] nfnl_acct: registering with nfnetlink.
[STDOUT  ] 2017-08-16T17:32:26.495615185Z: [    4.568265] nf_conntrack version 0.5.0 (8192 buckets, 32768 max)
[STDOUT  ] 2017-08-16T17:32:26.499143048Z: [    4.571684] ctnetlink v0.93: registering with nfnetlink.
[STDOUT  ] 2017-08-16T17:32:26.502299967Z: [    4.574900] nf_tables: (c) 2007-2009 Patrick McHardy <kaber@trash.net>
[STDOUT  ] 2017-08-16T17:32:26.503389158Z: [    4.575789] nf_tables_compat: (c) 2012 Pablo Neira Ayuso <pablo@netfilter.org>
[STDOUT  ] 2017-08-16T17:32:26.505722128Z: [    4.578304] xt_time: kernel timezone is -0000
[STDOUT  ] 2017-08-16T17:32:26.506326673Z: [    4.578978] ip_set: protocol 6
[STDOUT  ] 2017-08-16T17:32:26.507233074Z: [    4.579747] IPVS: Registered protocols (TCP, UDP, SCTP, AH, ESP)
[STDOUT  ] 2017-08-16T17:32:26.508420316Z: [    4.580771] IPVS: Connection hash table configured (size=4096, memory=64Kbytes)
[STDOUT  ] 2017-08-16T17:32:26.50987674Z: [    4.582653] IPVS: Creating netns size=2104 id=0
[STDOUT  ] 2017-08-16T17:32:26.512443762Z: [    4.585193] IPVS: ipvs loaded.
[STDOUT  ] 2017-08-16T17:32:26.512960149Z: [    4.585595] IPVS: [rr] scheduler registered.
[STDOUT  ] 2017-08-16T17:32:26.513299203Z: [    4.585975] IPVS: [wrr] scheduler registered.
[STDOUT  ] 2017-08-16T17:32:26.513710492Z: [    4.586333] IPVS: [lc] scheduler registered.
[STDOUT  ] 2017-08-16T17:32:26.514037811Z: [    4.586677] IPVS: [wlc] scheduler registered.
[STDOUT  ] 2017-08-16T17:32:26.514361939Z: [    4.587003] IPVS: [fo] scheduler registered.
[STDOUT  ] 2017-08-16T17:32:26.51467696Z: [    4.587308] IPVS: [ovf] scheduler registered.
[STDOUT  ] 2017-08-16T17:32:26.515213731Z: [    4.587855] IPVS: [lblc] scheduler registered.
[STDOUT  ] 2017-08-16T17:32:26.515712144Z: [    4.588376] IPVS: [lblcr] scheduler registered.
[STDOUT  ] 2017-08-16T17:32:26.516043547Z: [    4.588734] IPVS: [dh] scheduler registered.
[STDOUT  ] 2017-08-16T17:32:26.516357098Z: [    4.589053] IPVS: [sh] scheduler registered.
[STDOUT  ] 2017-08-16T17:32:26.51673666Z: [    4.589393] IPVS: [sed] scheduler registered.
[STDOUT  ] 2017-08-16T17:32:26.517304164Z: [    4.589807] IPVS: [nq] scheduler registered.
[STDOUT  ] 2017-08-16T17:32:26.518483851Z: [    4.591082] IPVS: ftp: loaded support on port[0] = 21
[STDOUT  ] 2017-08-16T17:32:26.519472446Z: [    4.592080] ipip: IPv4 and MPLS over IPv4 tunneling driver
[STDOUT  ] 2017-08-16T17:32:26.523684041Z: [    4.596282] gre: GRE over IPv4 demultiplexor driver
[STDOUT  ] 2017-08-16T17:32:26.526418367Z: [    4.599012] ip_tables: (C) 2000-2006 Netfilter Core Team
[STDOUT  ] 2017-08-16T17:32:26.530001273Z: [    4.602625] ipt_CLUSTERIP: ClusterIP Version 0.8 loaded successfully
[STDOUT  ] 2017-08-16T17:32:26.530806987Z: [    4.603395] arp_tables: arp_tables: (C) 2002 David S. Miller
[STDOUT  ] 2017-08-16T17:32:26.533203692Z: [    4.605714] NET: Registered protocol family 10
[STDOUT  ] 2017-08-16T17:32:26.542769967Z: [    4.615348] ip6_tables: (C) 2000-2006 Netfilter Core Team
[STDOUT  ] 2017-08-16T17:32:26.551050084Z: [    4.623767] NET: Registered protocol family 17
[STDOUT  ] 2017-08-16T17:32:26.55208309Z: [    4.624807] Bridge firewalling registered
[STDOUT  ] 2017-08-16T17:32:26.552780125Z: [    4.625410] Ebtables v2.0 registered
[STDOUT  ] 2017-08-16T17:32:26.554561232Z: [    4.627329] 8021q: 802.1Q VLAN Support v1.8
[STDOUT  ] 2017-08-16T17:32:26.555972847Z: [    4.628716] 9pnet: Installing 9P2000 support
[STDOUT  ] 2017-08-16T17:32:26.558096508Z: [    4.630694] Key type dns_resolver registered
[STDOUT  ] 2017-08-16T17:32:26.559039761Z: [    4.631691] microcode: AMD CPU family 0x6 not supported
[STDOUT  ] 2017-08-16T17:32:26.56281529Z: [    4.635421] registered taskstats version 1
[STDOUT  ] 2017-08-16T17:32:26.749040072Z: [    4.821488] ata2: SATA link down (SStatus 0 SControl 300)
[STDOUT  ] 2017-08-16T17:32:26.752053491Z: [    4.824526] ata1: SATA link down (SStatus 0 SControl 300)
[STDOUT  ] 2017-08-16T17:32:26.758072335Z: [    4.830690] ata5: SATA link down (SStatus 0 SControl 300)
[STDOUT  ] 2017-08-16T17:32:26.758717509Z: [    4.831343] ata4: SATA link down (SStatus 0 SControl 300)
[STDOUT  ] 2017-08-16T17:32:26.759795359Z: [    4.832239] ata3: SATA link up 1.5 Gbps (SStatus 113 SControl 300)
[STDOUT  ] 2017-08-16T17:32:26.763419143Z: [    4.836031] ata3.00: ATAPI: QEMU DVD-ROM, 2.5+, max UDMA/100
[STDOUT  ] 2017-08-16T17:32:26.763989169Z: [    4.836590] ata3.00: applying bridge limits
[STDOUT  ] 2017-08-16T17:32:26.768395134Z: [    4.840977] ata3.00: configured for UDMA/100
[STDOUT  ] 2017-08-16T17:32:26.771554779Z: [    4.844158] ata6: SATA link down (SStatus 0 SControl 300)
[STDOUT  ] 2017-08-16T17:32:26.786860003Z: [    4.859124] scsi 2:0:0:0: CD-ROM            QEMU     QEMU DVD-ROM     2.5+ PQ: 0 ANSI: 5
[STDOUT  ] 2017-08-16T17:32:26.804297476Z: [    4.876853] Key type big_key registered
[STDOUT  ] 2017-08-16T17:32:26.820558416Z: [    4.893001] sr 2:0:0:0: [sr0] scsi3-mmc drive: 4x/4x cd/rw xa/form2 tray
[STDOUT  ] 2017-08-16T17:32:26.821376459Z: [    4.893805] cdrom: Uniform CD-ROM driver Revision: 3.20
[STDOUT  ] 2017-08-16T17:32:26.839667004Z: [    4.912125] sr 2:0:0:0: Attached scsi generic sg0 type 5
[STDOUT  ] 2017-08-16T17:32:26.872264624Z: [    4.944885] Key type encrypted registered
[STDOUT  ] 2017-08-16T17:32:26.878971646Z: [    4.951283] rtc_cmos 00:00: setting system clock to 2017-08-16 17:32:26 UTC (1502904746)
[STDOUT  ] 2017-08-16T17:32:27.025903527Z: [    5.098529] Freeing unused kernel memory: 1380K
[STDOUT  ] 2017-08-16T17:32:27.026577264Z: [    5.099060] Write protecting the kernel read-only data: 12288k
[STDOUT  ] 2017-08-16T17:32:27.034632238Z: [    5.107187] Freeing unused kernel memory: 148K
[STDOUT  ] 2017-08-16T17:32:27.153236729Z: [    5.225843] Freeing unused kernel memory: 1400K
[STDOUT  ] 2017-08-16T17:32:27.155034291Z: [    5.227497] tsc: Refined TSC clocksource calibration: 2600.000 MHz
[STDOUT  ] 2017-08-16T17:32:27.155801006Z: [    5.228109] clocksource: tsc: mask: 0xffffffffffffffff max_cycles: 0x257a3c3232d, max_idle_ns: 440795236700 ns
[STDOUT  ] 2017-08-16T17:32:28.15970521Z: [    6.232212] clocksource: Switched to clocksource tsc
[STDOUT  ] 2017-08-16T17:32:35.57244179Z: 
[STDOUT  ] 2017-08-16T17:32:35.573206263Z: Welcome to LinuxKit
[STDOUT  ] 2017-08-16T17:32:35.573340083Z: 
[STDOUT  ] 2017-08-16T17:32:35.573843625Z:                         ##         .
[STDOUT  ] 2017-08-16T17:32:35.574183605Z:                   ## ## ##        ==
[STDOUT  ] 2017-08-16T17:32:35.574524116Z:                ## ## ## ## ##    ===
[STDOUT  ] 2017-08-16T17:32:35.575020459Z:            /"""""""""""""""""\___/ ===
[STDOUT  ] 2017-08-16T17:32:35.575448886Z:           {                       /  ===-
[STDOUT  ] 2017-08-16T17:32:35.575789802Z:            \______ O           __/
[STDOUT  ] 2017-08-16T17:32:35.576141683Z:              \    \         __/
[STDOUT  ] 2017-08-16T17:32:35.57632714Z:               \____\_______/
[STDOUT  ] 2017-08-16T17:32:35.576508856Z: 
[STDOUT  ] 2017-08-16T17:32:36.630334978Z: container_linux.go:265: starting container process caused "process_linux.go:348: container init caused \"rootfs_linux.go:57: mounting \\\"/check.sh\\\" to rootfs \\\"/containers/onboot/000-test/rootfs\\\" at \\\"/containers/onboot/000-test/rootfs/check.sh\\\" caused \\\"open /containers/onboot/000-test/rootfs/check.sh: read-only file system\\\"\""
[STDOUT  ] 2017-08-16T17:32:36.665246301Z: 2017/08/16 17:32:36 Error running 000-test: exit status 1
[STDOUT  ] 2017-08-16T17:32:47.715182274Z: [   25.787675] ACPI: Preparing to enter system sleep state S5
[STDOUT  ] 2017-08-16T17:32:47.716742301Z: [   25.789358] reboot: Power down
[STDERR  ] 2017-08-16T17:32:48.047053174Z: + exit 0
[STDERR  ] 2017-08-16T17:32:48.047111744Z: + clean_up
[STDERR  ] 2017-08-16T17:32:48.047123876Z: + rm -rf lsof-cmdline lsof-initrd.img lsof-kernel lsof-state
[PASS    ] linuxkit.security.ports 37.10s
