[INFO    ] 2017-08-18T11:18:25.775944646Z: Running Test linuxkit.security.ports in /tmp/with_clone12bf80a8/test/cases/030_security/010_ports
[INFO    ] 2017-08-18T11:18:25.776034368Z: Running command: [/bin/sh -x /tmp/with_clone12bf80a8/test/cases/030_security/010_ports/test.sh]
[STDERR  ] 2017-08-18T11:18:25.776873549Z: + set -e
[STDERR  ] 2017-08-18T11:18:25.776932118Z: + . /tmp/with_clone12bf80a8/test/cases/_lib/lib.sh
[STDERR  ] 2017-08-18T11:18:25.776998744Z: + [ -f src/github.com/linuxkit/rtf/lib/lib.sh ]
[STDERR  ] 2017-08-18T11:18:25.777056667Z: + LINUXKIT_TMPDIR=/tmp/with_clone12bf80a8/test/cases/_tmp
[STDERR  ] 2017-08-18T11:18:25.777101207Z: + [ -f /tmp/with_clone12bf80a8/test/cases/_tmp/env.sh ]
[STDERR  ] 2017-08-18T11:18:25.777139265Z: + . /tmp/with_clone12bf80a8/test/cases/_tmp/env.sh
[STDERR  ] 2017-08-18T11:18:25.77719737Z: + export LINUXKIT_EXAMPLES_DIR=/tmp/with_clone12bf80a8/test/cases/../../examples
[STDERR  ] 2017-08-18T11:18:25.77723501Z: + export LINUXKIT_BLUEPRINTS_DIR=/tmp/with_clone12bf80a8/test/cases/../../blueprints
[STDERR  ] 2017-08-18T11:18:25.777263901Z: + RT_CANCEL=253
[STDERR  ] 2017-08-18T11:18:25.777288616Z: + NAME=lsof
[STDERR  ] 2017-08-18T11:18:25.777323942Z: + trap clean_up EXIT
[STDERR  ] 2017-08-18T11:18:25.777424537Z: + moby build -output kernel+initrd -name lsof test.yml
[STDERR  ] 2017-08-18T11:18:25.789179153Z: Extract kernel image: linuxkit/kernel:4.9.43
[STDERR  ] 2017-08-18T11:18:33.459826102Z: Add init containers:
[STDERR  ] 2017-08-18T11:18:33.459900833Z: Process init image: linuxkit/init:c7d651da1a5e308c757bc61ce6a41804ea843426
[STDERR  ] 2017-08-18T11:18:35.085574792Z: Process init image: linuxkit/runc:838259153885c0c40460379d6cdb7baebaf3fa36
[STDERR  ] 2017-08-18T11:18:37.173735943Z: Add onboot containers:
[STDERR  ] 2017-08-18T11:18:37.173813505Z:   Create OCI config for alpine:3.6
[STDERR  ] 2017-08-18T11:18:37.697577613Z:   Create OCI config for linuxkit/poweroff:1e9876c682c74d0602b7647c628bb0875fb13998
[STDERR  ] 2017-08-18T11:18:39.152193273Z: Add files:
[STDERR  ] 2017-08-18T11:18:39.152245201Z:   check.sh
[STDERR  ] 2017-08-18T11:18:39.152261549Z: Create outputs:
[STDERR  ] 2017-08-18T11:18:42.326077876Z:   lsof-kernel lsof-initrd.img lsof-cmdline
[STDERR  ] 2017-08-18T11:18:42.496258521Z: + linuxkit run qemu -kernel lsof
[STDOUT  ] 2017-08-18T11:18:44.073572996Z: [    0.000000] Linux version 4.9.43-linuxkit (root@e1ede117fb1e) (gcc version 6.3.0 (Alpine 6.3.0) ) #1 SMP Mon Aug 14 11:26:59 UTC 2017
[STDOUT  ] 2017-08-18T11:18:44.074134415Z: [    0.000000] Command line: console=ttyS0 page_poison=1
[STDOUT  ] 2017-08-18T11:18:44.074493939Z: [    0.000000] x86/fpu: Legacy x87 FPU detected.
[STDOUT  ] 2017-08-18T11:18:44.074927867Z: [    0.000000] x86/fpu: Using 'eager' FPU context switches.
[STDOUT  ] 2017-08-18T11:18:44.075305395Z: [    0.000000] e820: BIOS-provided physical RAM map:
[STDOUT  ] 2017-08-18T11:18:44.075836663Z: [    0.000000] BIOS-e820: [mem 0x0000000000000000-0x000000000009fbff] usable
[STDOUT  ] 2017-08-18T11:18:44.076386533Z: [    0.000000] BIOS-e820: [mem 0x000000000009fc00-0x000000000009ffff] reserved
[STDOUT  ] 2017-08-18T11:18:44.076934844Z: [    0.000000] BIOS-e820: [mem 0x00000000000f0000-0x00000000000fffff] reserved
[STDOUT  ] 2017-08-18T11:18:44.077490089Z: [    0.000000] BIOS-e820: [mem 0x0000000000100000-0x000000003ffdefff] usable
[STDOUT  ] 2017-08-18T11:18:44.078039581Z: [    0.000000] BIOS-e820: [mem 0x000000003ffdf000-0x000000003fffffff] reserved
[STDOUT  ] 2017-08-18T11:18:44.078597023Z: [    0.000000] BIOS-e820: [mem 0x00000000b0000000-0x00000000bfffffff] reserved
[STDOUT  ] 2017-08-18T11:18:44.079174768Z: [    0.000000] BIOS-e820: [mem 0x00000000fed1c000-0x00000000fed1ffff] reserved
[STDOUT  ] 2017-08-18T11:18:44.079719009Z: [    0.000000] BIOS-e820: [mem 0x00000000fffc0000-0x00000000ffffffff] reserved
[STDOUT  ] 2017-08-18T11:18:44.080110236Z: [    0.000000] NX (Execute Disable) protection: active
[STDOUT  ] 2017-08-18T11:18:44.080381735Z: [    0.000000] SMBIOS 2.8 present.
[STDOUT  ] 2017-08-18T11:18:44.080841766Z: [    0.000000] e820: last_pfn = 0x3ffdf max_arch_pfn = 0x400000000
[STDOUT  ] 2017-08-18T11:18:44.081413793Z: [    0.000000] x86/PAT: Configuration [0-7]: WB  WC  UC- UC  WB  WC  UC- WT  
[STDOUT  ] 2017-08-18T11:18:44.082037497Z: [    0.000000] found SMP MP-table at [mem 0x000f6aa0-0x000f6aaf] mapped at [ffff8fe9000f6aa0]
[STDOUT  ] 2017-08-18T11:18:44.082401067Z: [    0.000000] RAMDISK: [mem 0x3ed59000-0x3ffcffff]
[STDOUT  ] 2017-08-18T11:18:44.082833341Z: [    0.000000] ACPI: Early table checksum verification disabled
[STDOUT  ] 2017-08-18T11:18:44.083340978Z: [    0.000000] ACPI: RSDP 0x00000000000F68C0 000014 (v00 BOCHS )
[STDOUT  ] 2017-08-18T11:18:44.083956042Z: [    0.000000] ACPI: RSDT 0x000000003FFE2404 000034 (v01 BOCHS  BXPCRSDT 00000001 BXPC 00000001)
[STDOUT  ] 2017-08-18T11:18:44.08458011Z: [    0.000000] ACPI: FACP 0x000000003FFE22A4 000074 (v01 BOCHS  BXPCFACP 00000001 BXPC 00000001)
[STDOUT  ] 2017-08-18T11:18:44.085197875Z: [    0.000000] ACPI: DSDT 0x000000003FFE0040 002264 (v01 BOCHS  BXPCDSDT 00000001 BXPC 00000001)
[STDOUT  ] 2017-08-18T11:18:44.085541911Z: [    0.000000] ACPI: FACS 0x000000003FFE0000 000040
[STDOUT  ] 2017-08-18T11:18:44.086153875Z: [    0.000000] ACPI: APIC 0x000000003FFE2318 000078 (v01 BOCHS  BXPCAPIC 00000001 BXPC 00000001)
[STDOUT  ] 2017-08-18T11:18:44.086765074Z: [    0.000000] ACPI: HPET 0x000000003FFE2390 000038 (v01 BOCHS  BXPCHPET 00000001 BXPC 00000001)
[STDOUT  ] 2017-08-18T11:18:44.087418566Z: [    0.000000] ACPI: MCFG 0x000000003FFE23C8 00003C (v01 BOCHS  BXPCMCFG 00000001 BXPC 00000001)
[STDOUT  ] 2017-08-18T11:18:44.087629467Z: [    0.000000] Zone ranges:
[STDOUT  ] 2017-08-18T11:18:44.088077976Z: [    0.000000]   DMA      [mem 0x0000000000001000-0x0000000000ffffff]
[STDOUT  ] 2017-08-18T11:18:44.088536503Z: [    0.000000]   DMA32    [mem 0x0000000001000000-0x000000003ffdefff]
[STDOUT  ] 2017-08-18T11:18:44.088760481Z: [    0.000000]   Normal   empty
[STDOUT  ] 2017-08-18T11:18:44.089082812Z: [    0.000000] Movable zone start for each node
[STDOUT  ] 2017-08-18T11:18:44.089353517Z: [    0.000000] Early memory node ranges
[STDOUT  ] 2017-08-18T11:18:44.08980503Z: [    0.000000]   node   0: [mem 0x0000000000001000-0x000000000009efff]
[STDOUT  ] 2017-08-18T11:18:44.090258124Z: [    0.000000]   node   0: [mem 0x0000000000100000-0x000000003ffdefff]
[STDOUT  ] 2017-08-18T11:18:44.090763834Z: [    0.000000] Initmem setup node 0 [mem 0x0000000000001000-0x000000003ffdefff]
[STDOUT  ] 2017-08-18T11:18:44.091076447Z: [    0.000000] ACPI: PM-Timer IO Port: 0x608
[STDOUT  ] 2017-08-18T11:18:44.091495421Z: [    0.000000] ACPI: LAPIC_NMI (acpi_id[0xff] dfl dfl lint[0x1])
[STDOUT  ] 2017-08-18T11:18:44.091989636Z: [    0.000000] IOAPIC[0]: apic_id 0, version 32, address 0xfec00000, GSI 0-23
[STDOUT  ] 2017-08-18T11:18:44.092466929Z: [    0.000000] ACPI: INT_SRC_OVR (bus 0 bus_irq 0 global_irq 2 dfl dfl)
[STDOUT  ] 2017-08-18T11:18:44.092946887Z: [    0.000000] ACPI: INT_SRC_OVR (bus 0 bus_irq 5 global_irq 5 high level)
[STDOUT  ] 2017-08-18T11:18:44.093423346Z: [    0.000000] ACPI: INT_SRC_OVR (bus 0 bus_irq 9 global_irq 9 high level)
[STDOUT  ] 2017-08-18T11:18:44.093910021Z: [    0.000000] ACPI: INT_SRC_OVR (bus 0 bus_irq 10 global_irq 10 high level)
[STDOUT  ] 2017-08-18T11:18:44.094398047Z: [    0.000000] ACPI: INT_SRC_OVR (bus 0 bus_irq 11 global_irq 11 high level)
[STDOUT  ] 2017-08-18T11:18:44.094829788Z: [    0.000000] Using ACPI (MADT) for SMP configuration information
[STDOUT  ] 2017-08-18T11:18:44.095206517Z: [    0.000000] ACPI: HPET id: 0x8086a201 base: 0xfed00000
[STDOUT  ] 2017-08-18T11:18:44.095572033Z: [    0.000000] smpboot: Allowing 1 CPUs, 0 hotplug CPUs
[STDOUT  ] 2017-08-18T11:18:44.096048685Z: [    0.000000] e820: [mem 0x40000000-0xafffffff] available for PCI devices
[STDOUT  ] 2017-08-18T11:18:44.096458462Z: [    0.000000] Booting paravirtualized kernel on bare hardware
[STDOUT  ] 2017-08-18T11:18:44.097202953Z: [    0.000000] clocksource: refined-jiffies: mask: 0xffffffff max_cycles: 0xffffffff, max_idle_ns: 19112604462750000 ns
[STDOUT  ] 2017-08-18T11:18:44.097848902Z: [    0.000000] setup_percpu: NR_CPUS:128 nr_cpumask_bits:128 nr_cpu_ids:1 nr_node_ids:1
[STDOUT  ] 2017-08-18T11:18:44.098452712Z: [    0.000000] percpu: Embedded 35 pages/cpu @ffff8fe93ea00000 s105240 r8192 d29928 u2097152
[STDOUT  ] 2017-08-18T11:18:44.099045137Z: [    0.000000] Built 1 zonelists in Zone order, mobility grouping on.  Total pages: 257896
[STDOUT  ] 2017-08-18T11:18:44.099492153Z: [    0.000000] Kernel command line: console=ttyS0 page_poison=1
[STDOUT  ] 2017-08-18T11:18:44.099979273Z: [    0.000000] PID hash table entries: 4096 (order: 3, 32768 bytes)
[STDOUT  ] 2017-08-18T11:18:44.100539987Z: [    0.000000] Dentry cache hash table entries: 131072 (order: 8, 1048576 bytes)
[STDOUT  ] 2017-08-18T11:18:44.101098297Z: [    0.000000] Inode-cache hash table entries: 65536 (order: 7, 524288 bytes)
[STDOUT  ] 2017-08-18T11:18:44.102234043Z: [    0.000000] Memory: 995264K/1048052K available (8028K kernel code, 1366K rwdata, 2696K rodata, 1380K init, 568K bss, 52788K reserved, 0K cma-reserved)
[STDOUT  ] 2017-08-18T11:18:44.102620005Z: [    0.000000] Hierarchical RCU implementation.
[STDOUT  ] 2017-08-18T11:18:44.1030608Z: [    0.000000] 	Build-time adjustment of leaf fanout to 64.
[STDOUT  ] 2017-08-18T11:18:44.103569126Z: [    0.000000] 	RCU restricting CPUs from NR_CPUS=128 to nr_cpu_ids=1.
[STDOUT  ] 2017-08-18T11:18:44.104141682Z: [    0.000000] RCU: Adjusting geometry for rcu_fanout_leaf=64, nr_cpu_ids=1
[STDOUT  ] 2017-08-18T11:18:44.104519676Z: [    0.000000] NR_IRQS:8448 nr_irqs:256 16
[STDOUT  ] 2017-08-18T11:18:44.104812596Z: [    0.000000] Console: colour VGA+ 80x25
[STDOUT  ] 2017-08-18T11:18:44.105198153Z: [    0.000000] console [ttyS0] enabled
[STDOUT  ] 2017-08-18T11:18:44.107441749Z: [    0.000000] allocated 2097152 bytes of page_ext
[STDOUT  ] 2017-08-18T11:18:44.111056837Z: [    0.000000] clocksource: hpet: mask: 0xffffffff max_cycles: 0xffffffff, max_idle_ns: 19112604467 ns
[STDOUT  ] 2017-08-18T11:18:44.15574312Z: [    0.000000] tsc: Fast TSC calibration using PIT
[STDOUT  ] 2017-08-18T11:18:44.156398974Z: [    0.000000] tsc: Detected 2300.116 MHz processor
[STDOUT  ] 2017-08-18T11:18:44.162256926Z: [    0.021540] Calibrating delay loop (skipped), value calculated using timer frequency.. 4600.23 BogoMIPS (lpj=23001160)
[STDOUT  ] 2017-08-18T11:18:44.162303911Z: [    0.022169] pid_max: default: 32768 minimum: 301
[STDOUT  ] 2017-08-18T11:18:44.162313278Z: [    0.022962] ACPI: Core revision 20160831
[STDOUT  ] 2017-08-18T11:18:44.205658045Z: [    0.072709] ACPI: 1 ACPI AML tables successfully acquired and loaded
[STDOUT  ] 2017-08-18T11:18:44.209198127Z: [    0.076511] Security Framework initialized
[STDOUT  ] 2017-08-18T11:18:44.209590281Z: [    0.076965] Yama: becoming mindful.
[STDOUT  ] 2017-08-18T11:18:44.211880471Z: [    0.079001] Mount-cache hash table entries: 2048 (order: 2, 16384 bytes)
[STDOUT  ] 2017-08-18T11:18:44.212608692Z: [    0.079627] Mountpoint-cache hash table entries: 2048 (order: 2, 16384 bytes)
[STDOUT  ] 2017-08-18T11:18:44.232311776Z: [    0.099377] Last level iTLB entries: 4KB 0, 2MB 0, 4MB 0
[STDOUT  ] 2017-08-18T11:18:44.233004119Z: [    0.100075] Last level dTLB entries: 4KB 0, 2MB 0, 4MB 0, 1GB 0
[STDOUT  ] 2017-08-18T11:18:44.580537527Z: [    0.447801] Freeing SMP alternatives memory: 20K
[STDOUT  ] 2017-08-18T11:18:44.590272405Z: [    0.457462] ftrace: allocating 35486 entries in 139 pages
[STDOUT  ] 2017-08-18T11:18:44.894938039Z: [    0.632007] smpboot: Max logical packages: 1
[STDOUT  ] 2017-08-18T11:18:44.900655697Z: [    0.637902] ..TIMER: vector=0x30 apic1=0 pin1=2 apic2=-1 pin2=-1
[STDOUT  ] 2017-08-18T11:18:45.114034309Z: [    0.740000] smpboot: CPU0: AMD QEMU Virtual CPU version 2.5+ (family: 0x6, model: 0x6, stepping: 0x3)
[STDOUT  ] 2017-08-18T11:18:45.115481611Z: [    0.740000] Performance Events: PMU not available due to virtualization, using software events only.
[STDOUT  ] 2017-08-18T11:18:45.132624052Z: [    0.748935] NMI watchdog: disabled (cpu0): hardware events not enabled
[STDOUT  ] 2017-08-18T11:18:45.133224496Z: [    0.749518] NMI watchdog: Shutting down hard lockup detector on all cpus
[STDOUT  ] 2017-08-18T11:18:45.136117394Z: [    0.752486] x86: Booted up 1 node, 1 CPUs
[STDOUT  ] 2017-08-18T11:18:45.136711608Z: [    0.752912] smpboot: Total of 1 processors activated (4600.23 BogoMIPS)
[STDOUT  ] 2017-08-18T11:18:45.151132073Z: [    0.767013] devtmpfs: initialized
[STDOUT  ] 2017-08-18T11:18:45.155967085Z: [    0.772655] x86/mm: Memory block size: 128MB
[STDOUT  ] 2017-08-18T11:18:45.221662307Z: [    0.837893] clocksource: jiffies: mask: 0xffffffff max_cycles: 0xffffffff, max_idle_ns: 19112604462750000 ns
[STDOUT  ] 2017-08-18T11:18:45.222420038Z: [    0.838956] futex hash table entries: 256 (order: 2, 16384 bytes)
[STDOUT  ] 2017-08-18T11:18:45.232309691Z: [    0.848968] NET: Registered protocol family 16
[STDOUT  ] 2017-08-18T11:18:45.242115023Z: [    0.858797] cpuidle: using governor ladder
[STDOUT  ] 2017-08-18T11:18:45.242547009Z: [    0.859257] cpuidle: using governor menu
[STDOUT  ] 2017-08-18T11:18:45.243806734Z: [    0.860531] ACPI: bus type PCI registered
[STDOUT  ] 2017-08-18T11:18:45.246916574Z: [    0.863319] PCI: MMCONFIG for domain 0000 [bus 00-ff] at [mem 0xb0000000-0xbfffffff] (base 0xb0000000)
[STDOUT  ] 2017-08-18T11:18:45.247585421Z: [    0.864113] PCI: MMCONFIG at [mem 0xb0000000-0xbfffffff] reserved in E820
[STDOUT  ] 2017-08-18T11:18:45.24882736Z: [    0.865461] PCI: Using configuration type 1 for base access
[STDOUT  ] 2017-08-18T11:18:45.305484685Z: [    0.922070] HugeTLB registered 2 MB page size, pre-allocated 0 pages
[STDOUT  ] 2017-08-18T11:18:45.319134056Z: [    0.935746] ACPI: Added _OSI(Module Device)
[STDOUT  ] 2017-08-18T11:18:45.31944104Z: [    0.936062] ACPI: Added _OSI(Processor Device)
[STDOUT  ] 2017-08-18T11:18:45.319710804Z: [    0.936339] ACPI: Added _OSI(3.0 _SCP Extensions)
[STDOUT  ] 2017-08-18T11:18:45.320027076Z: [    0.936619] ACPI: Added _OSI(Processor Aggregator Device)
[STDOUT  ] 2017-08-18T11:18:45.396556105Z: [    1.013192] ACPI: Interpreter enabled
[STDOUT  ] 2017-08-18T11:18:45.397481887Z: [    1.014112] ACPI: (supports S0 S5)
[STDOUT  ] 2017-08-18T11:18:45.397925049Z: [    1.014518] ACPI: Using IOAPIC for interrupt routing
[STDOUT  ] 2017-08-18T11:18:45.400183328Z: [    1.016491] PCI: Using host bridge windows from ACPI; if necessary, use "pci=nocrs" and report a bug
[STDOUT  ] 2017-08-18T11:18:45.464207932Z: [    1.080695] ACPI: PCI Root Bridge [PCI0] (domain 0000 [bus 00-ff])
[STDOUT  ] 2017-08-18T11:18:45.465392722Z: [    1.081802] acpi PNP0A08:00: _OSC: OS supports [ExtendedConfig ASPM ClockPM Segments MSI]
[STDOUT  ] 2017-08-18T11:18:45.471626336Z: [    1.088078] acpi PNP0A08:00: _OSC: OS now controls [PCIeHotplug PME PCIeCapability]
[STDOUT  ] 2017-08-18T11:18:45.475529832Z: [    1.092167] PCI host bridge to bus 0000:00
[STDOUT  ] 2017-08-18T11:18:45.476258141Z: [    1.092720] pci_bus 0000:00: root bus resource [io  0x0000-0x0cf7 window]
[STDOUT  ] 2017-08-18T11:18:45.476759123Z: [    1.093251] pci_bus 0000:00: root bus resource [io  0x0d00-0xffff window]
[STDOUT  ] 2017-08-18T11:18:45.477272542Z: [    1.093728] pci_bus 0000:00: root bus resource [mem 0x000a0000-0x000bffff window]
[STDOUT  ] 2017-08-18T11:18:45.477831058Z: [    1.094238] pci_bus 0000:00: root bus resource [mem 0xc0000000-0xfebfffff window]
[STDOUT  ] 2017-08-18T11:18:45.478354421Z: [    1.094925] pci_bus 0000:00: root bus resource [bus 00-ff]
[STDOUT  ] 2017-08-18T11:18:45.588361302Z: [    1.202439] pci 0000:00:1f.0: quirk: [io  0x0600-0x067f] claimed by ICH6 ACPI/GPIO/TCO
[STDOUT  ] 2017-08-18T11:18:45.648618626Z: [    1.264987] ACPI: PCI Interrupt Link [LNKA] (IRQs 5 *10 11)
[STDOUT  ] 2017-08-18T11:18:45.650749513Z: [    1.267293] ACPI: PCI Interrupt Link [LNKB] (IRQs 5 *10 11)
[STDOUT  ] 2017-08-18T11:18:45.652669597Z: [    1.269216] ACPI: PCI Interrupt Link [LNKC] (IRQs 5 10 *11)
[STDOUT  ] 2017-08-18T11:18:45.655043503Z: [    1.271217] ACPI: PCI Interrupt Link [LNKD] (IRQs 5 10 *11)
[STDOUT  ] 2017-08-18T11:18:45.656948289Z: [    1.273121] ACPI: PCI Interrupt Link [LNKE] (IRQs 5 *10 11)
[STDOUT  ] 2017-08-18T11:18:45.658811668Z: [    1.275001] ACPI: PCI Interrupt Link [LNKF] (IRQs 5 *10 11)
[STDOUT  ] 2017-08-18T11:18:45.660585054Z: [    1.276793] ACPI: PCI Interrupt Link [LNKG] (IRQs 5 10 *11)
[STDOUT  ] 2017-08-18T11:18:45.662326451Z: [    1.278536] ACPI: PCI Interrupt Link [LNKH] (IRQs 5 10 *11)
[STDOUT  ] 2017-08-18T11:18:45.66331149Z: [    1.279397] ACPI: PCI Interrupt Link [GSIA] (IRQs *16)
[STDOUT  ] 2017-08-18T11:18:45.663983685Z: [    1.280420] ACPI: PCI Interrupt Link [GSIB] (IRQs *17)
[STDOUT  ] 2017-08-18T11:18:45.664614069Z: [    1.281050] ACPI: PCI Interrupt Link [GSIC] (IRQs *18)
[STDOUT  ] 2017-08-18T11:18:45.665240945Z: [    1.281678] ACPI: PCI Interrupt Link [GSID] (IRQs *19)
[STDOUT  ] 2017-08-18T11:18:45.66586618Z: [    1.282303] ACPI: PCI Interrupt Link [GSIE] (IRQs *20)
[STDOUT  ] 2017-08-18T11:18:45.666490158Z: [    1.282928] ACPI: PCI Interrupt Link [GSIF] (IRQs *21)
[STDOUT  ] 2017-08-18T11:18:45.667112961Z: [    1.283551] ACPI: PCI Interrupt Link [GSIG] (IRQs *22)
[STDOUT  ] 2017-08-18T11:18:45.66778258Z: [    1.284214] ACPI: PCI Interrupt Link [GSIH] (IRQs *23)
[STDOUT  ] 2017-08-18T11:18:45.671437858Z: [    1.287883] ACPI: Enabled 2 GPEs in block 00 to 3F
[STDOUT  ] 2017-08-18T11:18:45.676303566Z: [    1.292749] SCSI subsystem initialized
[STDOUT  ] 2017-08-18T11:18:45.678216226Z: [    1.294731] ACPI: bus type USB registered
[STDOUT  ] 2017-08-18T11:18:45.679414774Z: [    1.295866] usbcore: registered new interface driver usbfs
[STDOUT  ] 2017-08-18T11:18:45.680334905Z: [    1.296800] usbcore: registered new interface driver hub
[STDOUT  ] 2017-08-18T11:18:45.681131175Z: [    1.297614] usbcore: registered new device driver usb
[STDOUT  ] 2017-08-18T11:18:45.682268203Z: [    1.298759] pps_core: LinuxPPS API ver. 1 registered
[STDOUT  ] 2017-08-18T11:18:45.682960922Z: [    1.299137] pps_core: Software ver. 5.3.6 - Copyright 2005-2007 Rodolfo Giometti <giometti@linux.it>
[STDOUT  ] 2017-08-18T11:18:45.68348766Z: [    1.300195] PTP clock support registered
[STDOUT  ] 2017-08-18T11:18:45.684605639Z: [    1.301363] wmi: Mapper loaded
[STDOUT  ] 2017-08-18T11:18:45.685725708Z: [    1.302414] PCI: Using ACPI for IRQ routing
[STDOUT  ] 2017-08-18T11:18:45.704016691Z: [    1.320765] NetLabel: Initializing
[STDOUT  ] 2017-08-18T11:18:45.704389844Z: [    1.321117] NetLabel:  domain hash size = 128
[STDOUT  ] 2017-08-18T11:18:45.704780071Z: [    1.321474] NetLabel:  protocols = UNLABELED CIPSOv4
[STDOUT  ] 2017-08-18T11:18:45.706953169Z: [    1.323594] NetLabel:  unlabeled traffic allowed by default
[STDOUT  ] 2017-08-18T11:18:45.708281348Z: [    1.324755] HPET: 3 timers in total, 0 timers will be used for per-cpu timer
[STDOUT  ] 2017-08-18T11:18:45.70910427Z: [    1.325672] hpet0: at MMIO 0xfed00000, IRQs 2, 8, 0
[STDOUT  ] 2017-08-18T11:18:45.709570571Z: [    1.326210] hpet0: 3 comparators, 64-bit 100.000000 MHz counter
[STDOUT  ] 2017-08-18T11:18:45.714898697Z: [    1.331604] clocksource: Switched to clocksource hpet
[STDOUT  ] 2017-08-18T11:18:45.981533631Z: [    1.596958] VFS: Disk quotas dquot_6.6.0
[STDOUT  ] 2017-08-18T11:18:45.98230521Z: [    1.597611] VFS: Dquot-cache hash table entries: 512 (order 0, 4096 bytes)
[STDOUT  ] 2017-08-18T11:18:45.985102039Z: [    1.600580] FS-Cache: Loaded
[STDOUT  ] 2017-08-18T11:18:45.990408328Z: [    1.605886] CacheFiles: Loaded
[STDOUT  ] 2017-08-18T11:18:45.992484705Z: [    1.607970] pnp: PnP ACPI init
[STDOUT  ] 2017-08-18T11:18:46.004025781Z: [    1.619459] pnp: PnP ACPI: found 5 devices
[STDOUT  ] 2017-08-18T11:18:46.054258517Z: [    1.669419] clocksource: acpi_pm: mask: 0xffffff max_cycles: 0xffffff, max_idle_ns: 2085701024 ns
[STDOUT  ] 2017-08-18T11:18:46.06651272Z: [    1.672596] NET: Registered protocol family 2
[STDOUT  ] 2017-08-18T11:18:46.068692402Z: [    1.683981] TCP established hash table entries: 8192 (order: 4, 65536 bytes)
[STDOUT  ] 2017-08-18T11:18:46.069352229Z: [    1.684684] TCP bind hash table entries: 8192 (order: 5, 131072 bytes)
[STDOUT  ] 2017-08-18T11:18:46.069996585Z: [    1.685335] TCP: Hash tables configured (established 8192 bind 8192)
[STDOUT  ] 2017-08-18T11:18:46.071950511Z: [    1.687303] UDP hash table entries: 512 (order: 2, 16384 bytes)
[STDOUT  ] 2017-08-18T11:18:46.072497674Z: [    1.687829] UDP-Lite hash table entries: 512 (order: 2, 16384 bytes)
[STDOUT  ] 2017-08-18T11:18:46.074968888Z: [    1.690393] NET: Registered protocol family 1
[STDOUT  ] 2017-08-18T11:18:46.076109763Z: [    1.691317] pci 0000:00:01.0: Video device with shadowed ROM at [mem 0x000c0000-0x000dffff]
[STDOUT  ] 2017-08-18T11:18:46.082926078Z: [    1.698370] Unpacking initramfs...
[STDOUT  ] 2017-08-18T11:18:48.691021449Z: [    4.306422] Freeing initrd memory: 18908K
[STDOUT  ] 2017-08-18T11:18:48.715169908Z: [    4.330543] PCLMULQDQ-NI instructions are not detected.
[STDOUT  ] 2017-08-18T11:18:48.716312331Z: [    4.331695] AVX or AES-NI instructions are not detected.
[STDOUT  ] 2017-08-18T11:18:48.7166992Z: [    4.332093] CPU feature 'AVX registers' is not supported.
[STDOUT  ] 2017-08-18T11:18:48.717054013Z: [    4.332452] CPU feature 'AVX registers' is not supported.
[STDOUT  ] 2017-08-18T11:18:48.717423456Z: [    4.332798] CPU feature 'AVX registers' is not supported.
[STDOUT  ] 2017-08-18T11:18:48.717786044Z: [    4.333166] CPU feature 'AVX registers' is not supported.
[STDOUT  ] 2017-08-18T11:18:48.718142653Z: [    4.333523] AVX2 or AES-NI instructions are not detected.
[STDOUT  ] 2017-08-18T11:18:48.718468333Z: [    4.333886] AVX2 instructions are not detected.
[STDOUT  ] 2017-08-18T11:18:48.724232388Z: [    4.339559] audit: initializing netlink subsys (disabled)
[STDOUT  ] 2017-08-18T11:18:48.727130494Z: [    4.342465] audit: type=2000 audit(1503055127.340:1): initialized
[STDOUT  ] 2017-08-18T11:18:48.733854401Z: [    4.349147] workingset: timestamp_bits=46 max_order=18 bucket_order=0
[STDOUT  ] 2017-08-18T11:18:48.742817414Z: [    4.358166] FS-Cache: Netfs 'cifs' registered for caching
[STDOUT  ] 2017-08-18T11:18:48.743603637Z: [    4.359051] fuse init (API version 7.26)
[STDOUT  ] 2017-08-18T11:18:48.74623103Z: [    4.361550] SGI XFS with ACLs, security attributes, no debug enabled
[STDOUT  ] 2017-08-18T11:18:48.749966039Z: [    4.365317] 9p: Installing v9fs 9p2000 file system support
[STDOUT  ] 2017-08-18T11:18:48.75039032Z: [    4.365773] FS-Cache: Netfs '9p' registered for caching
[STDOUT  ] 2017-08-18T11:18:48.78310461Z: [    4.398524] NET: Registered protocol family 38
[STDOUT  ] 2017-08-18T11:18:48.783619745Z: [    4.399051] Key type asymmetric registered
[STDOUT  ] 2017-08-18T11:18:48.783962268Z: [    4.399370] Asymmetric key parser 'x509' registered
[STDOUT  ] 2017-08-18T11:18:48.785749042Z: [    4.401024] Block layer SCSI generic (bsg) driver version 0.4 loaded (major 251)
[STDOUT  ] 2017-08-18T11:18:48.786817724Z: [    4.402273] io scheduler noop registered
[STDOUT  ] 2017-08-18T11:18:48.787167105Z: [    4.402577] io scheduler deadline registered (default)
[STDOUT  ] 2017-08-18T11:18:48.787687383Z: [    4.403135] io scheduler cfq registered
[STDOUT  ] 2017-08-18T11:18:48.79095988Z: [    4.406323] pci_hotplug: PCI Hot Plug PCI Core version: 0.5
[STDOUT  ] 2017-08-18T11:18:48.791551959Z: [    4.406879] pciehp: PCI Express Hot Plug Controller Driver version: 0.4
[STDOUT  ] 2017-08-18T11:18:48.792323942Z: [    4.407639] shpchp: Standard Hot Plug PCI Controller Driver version: 0.4
[STDOUT  ] 2017-08-18T11:18:48.793072051Z: [    4.408472] hv_vmbus: registering driver hyperv_fb
[STDOUT  ] 2017-08-18T11:18:48.797929337Z: [    4.413204] input: Power Button as /devices/LNXSYSTM:00/LNXPWRBN:00/input/input0
[STDOUT  ] 2017-08-18T11:18:48.798723165Z: [    4.414188] ACPI: Power Button [PWRF]
[STDOUT  ] 2017-08-18T11:18:48.803293917Z: [    4.418742] GHES: HEST is not enabled!
[STDOUT  ] 2017-08-18T11:18:48.813983414Z: [    4.429332] ACPI: PCI Interrupt Link [GSIG] enabled at IRQ 22
[STDOUT  ] 2017-08-18T11:18:48.827326066Z: [    4.442648] ACPI: PCI Interrupt Link [GSIH] enabled at IRQ 23
[STDOUT  ] 2017-08-18T11:18:48.831188586Z: [    4.446502] xenfs: not registering filesystem on non-xen platform
[STDOUT  ] 2017-08-18T11:18:48.83307007Z: [    4.448396] Serial: 8250/16550 driver, 4 ports, IRQ sharing disabled
[STDOUT  ] 2017-08-18T11:18:48.863746295Z: [    4.479013] 00:04: ttyS0 at I/O 0x3f8 (irq = 4, base_baud = 115200) is a 16550A
[STDOUT  ] 2017-08-18T11:18:48.875086446Z: [    4.490519] Non-volatile memory driver v1.3
[STDOUT  ] 2017-08-18T11:18:48.88209801Z: [    4.497287] Hangcheck: starting hangcheck timer 0.9.1 (tick is 180 seconds, margin is 60 seconds).
[STDOUT  ] 2017-08-18T11:18:48.885159862Z: [    4.500623] random: fast init done
[STDOUT  ] 2017-08-18T11:18:48.8862639Z: [    4.501730] random: crng init done
[STDOUT  ] 2017-08-18T11:18:48.922606918Z: [    4.538082] loop: module loaded
[STDOUT  ] 2017-08-18T11:18:48.938017022Z: [    4.553444] nbd: registered device at major 43
[STDOUT  ] 2017-08-18T11:18:48.980894831Z: [    4.596232] lpc_ich 0000:00:1f.0: I/O space for GPIO uninitialized
[STDOUT  ] 2017-08-18T11:18:48.982583121Z: [    4.597998] VMware PVSCSI driver - version 1.0.7.0-k
[STDOUT  ] 2017-08-18T11:18:48.983290999Z: [    4.598693] hv_vmbus: registering driver hv_storvsc
[STDOUT  ] 2017-08-18T11:18:48.994236379Z: [    4.609581] ACPI: PCI Interrupt Link [GSIA] enabled at IRQ 16
[STDOUT  ] 2017-08-18T11:18:49.000618988Z: [    4.615834] ahci 0000:00:1f.2: AHCI 0001.0000 32 slots 6 ports 1.5 Gbps 0x3f impl SATA mode
[STDOUT  ] 2017-08-18T11:18:49.001052437Z: [    4.616444] ahci 0000:00:1f.2: flags: 64bit ncq only 
[STDOUT  ] 2017-08-18T11:18:49.021926961Z: [    4.637405] scsi host0: ahci
[STDOUT  ] 2017-08-18T11:18:49.026140537Z: [    4.641635] scsi host1: ahci
[STDOUT  ] 2017-08-18T11:18:49.028560694Z: [    4.644057] scsi host2: ahci
[STDOUT  ] 2017-08-18T11:18:49.03091779Z: [    4.646425] scsi host3: ahci
[STDOUT  ] 2017-08-18T11:18:49.033195048Z: [    4.648687] scsi host4: ahci
[STDOUT  ] 2017-08-18T11:18:49.035610521Z: [    4.651103] scsi host5: ahci
[STDOUT  ] 2017-08-18T11:18:49.037661872Z: [    4.652877] ata1: SATA max UDMA/133 abar m4096@0xfebd2000 port 0xfebd2100 irq 24
[STDOUT  ] 2017-08-18T11:18:49.038133639Z: [    4.653421] ata2: SATA max UDMA/133 abar m4096@0xfebd2000 port 0xfebd2180 irq 24
[STDOUT  ] 2017-08-18T11:18:49.038554426Z: [    4.653843] ata3: SATA max UDMA/133 abar m4096@0xfebd2000 port 0xfebd2200 irq 24
[STDOUT  ] 2017-08-18T11:18:49.038978306Z: [    4.654261] ata4: SATA max UDMA/133 abar m4096@0xfebd2000 port 0xfebd2280 irq 24
[STDOUT  ] 2017-08-18T11:18:49.039399863Z: [    4.654684] ata5: SATA max UDMA/133 abar m4096@0xfebd2000 port 0xfebd2300 irq 24
[STDOUT  ] 2017-08-18T11:18:49.039829117Z: [    4.655107] ata6: SATA max UDMA/133 abar m4096@0xfebd2000 port 0xfebd2380 irq 24
[STDOUT  ] 2017-08-18T11:18:49.052933945Z: [    4.668230] tun: Universal TUN/TAP device driver, 1.6
[STDOUT  ] 2017-08-18T11:18:49.053396474Z: [    4.668747] tun: (C) 1999-2004 Max Krasnyansky <maxk@qualcomm.com>
[STDOUT  ] 2017-08-18T11:18:49.06464686Z: [    4.679901] VMware vmxnet3 virtual NIC driver - version 1.4.a.0-k-NAPI
[STDOUT  ] 2017-08-18T11:18:49.065564434Z: [    4.680966] hv_vmbus: registering driver hv_netvsc
[STDOUT  ] 2017-08-18T11:18:49.065833375Z: [    4.681293] Fusion MPT base driver 3.04.20
[STDOUT  ] 2017-08-18T11:18:49.06613213Z: [    4.681535] Copyright (c) 1999-2008 LSI Corporation
[STDOUT  ] 2017-08-18T11:18:49.066612474Z: [    4.682040] Fusion MPT SPI Host driver 3.04.20
[STDOUT  ] 2017-08-18T11:18:49.068808643Z: [    4.684058] i8042: PNP: PS/2 Controller [PNP0303:KBD,PNP0f13:MOU] at 0x60,0x64 irq 1,12
[STDOUT  ] 2017-08-18T11:18:49.07247041Z: [    4.687866] serio: i8042 KBD port at 0x60,0x64 irq 1
[STDOUT  ] 2017-08-18T11:18:49.073016741Z: [    4.688420] serio: i8042 AUX port at 0x60,0x64 irq 12
[STDOUT  ] 2017-08-18T11:18:49.07623554Z: [    4.691663] hv_vmbus: registering driver hyperv_keyboard
[STDOUT  ] 2017-08-18T11:18:49.078218894Z: [    4.693595] mousedev: PS/2 mouse device common for all mice
[STDOUT  ] 2017-08-18T11:18:49.082909171Z: [    4.698116] input: AT Translated Set 2 keyboard as /devices/platform/i8042/serio0/input/input1
[STDOUT  ] 2017-08-18T11:18:49.085832616Z: [    4.701139] input: PC Speaker as /devices/platform/pcspkr/input/input2
[STDOUT  ] 2017-08-18T11:18:49.089128099Z: [    4.704532] rtc_cmos 00:00: RTC can wake from S4
[STDOUT  ] 2017-08-18T11:18:49.092782472Z: [    4.708095] rtc_cmos 00:00: rtc core: registered rtc_cmos as rtc0
[STDOUT  ] 2017-08-18T11:18:49.093966091Z: [    4.709225] rtc_cmos 00:00: alarms up to one day, y3k, 114 bytes nvram, hpet irqs
[STDOUT  ] 2017-08-18T11:18:49.094425345Z: [    4.709855] i2c /dev entries driver
[STDOUT  ] 2017-08-18T11:18:49.096719434Z: [    4.711925] device-mapper: ioctl: 4.35.0-ioctl (2016-06-23) initialised: dm-devel@redhat.com
[STDOUT  ] 2017-08-18T11:18:49.101086544Z: [    4.716435] usbcore: registered new interface driver usbhid
[STDOUT  ] 2017-08-18T11:18:49.10134165Z: [    4.716801] usbhid: USB HID core driver
[STDOUT  ] 2017-08-18T11:18:49.101932814Z: [    4.717318] hv_utils: Registering HyperV Utility Driver
[STDOUT  ] 2017-08-18T11:18:49.102225211Z: [    4.717641] hv_vmbus: registering driver hv_util
[STDOUT  ] 2017-08-18T11:18:49.102521628Z: [    4.717929] hv_vmbus: registering driver hv_balloon
[STDOUT  ] 2017-08-18T11:18:49.102931153Z: [    4.718388] oprofile: using NMI interrupt.
[STDOUT  ] 2017-08-18T11:18:49.103858323Z: [    4.719340] GACT probability on
[STDOUT  ] 2017-08-18T11:18:49.104369789Z: [    4.719821] Mirror/redirect action on
[STDOUT  ] 2017-08-18T11:18:49.105380882Z: [    4.720846] Simple TC action Loaded
[STDOUT  ] 2017-08-18T11:18:49.105843388Z: [    4.721355] u32 classifier
[STDOUT  ] 2017-08-18T11:18:49.106080898Z: [    4.721539]     Performance counters on
[STDOUT  ] 2017-08-18T11:18:49.106313551Z: [    4.721779]     input device check on
[STDOUT  ] 2017-08-18T11:18:49.106524766Z: [    4.722009]     Actions configured
[STDOUT  ] 2017-08-18T11:18:49.107092113Z: [    4.722513] Netfilter messages via NETLINK v0.30.
[STDOUT  ] 2017-08-18T11:18:49.107595687Z: [    4.722995] nfnl_acct: registering with nfnetlink.
[STDOUT  ] 2017-08-18T11:18:49.108865504Z: [    4.724210] nf_conntrack version 0.5.0 (8192 buckets, 32768 max)
[STDOUT  ] 2017-08-18T11:18:49.111884947Z: [    4.727278] ctnetlink v0.93: registering with nfnetlink.
[STDOUT  ] 2017-08-18T11:18:49.115288441Z: [    4.730590] nf_tables: (c) 2007-2009 Patrick McHardy <kaber@trash.net>
[STDOUT  ] 2017-08-18T11:18:49.116090851Z: [    4.731361] nf_tables_compat: (c) 2012 Pablo Neira Ayuso <pablo@netfilter.org>
[STDOUT  ] 2017-08-18T11:18:49.118201834Z: [    4.733615] xt_time: kernel timezone is -0000
[STDOUT  ] 2017-08-18T11:18:49.118616544Z: [    4.734112] ip_set: protocol 6
[STDOUT  ] 2017-08-18T11:18:49.119340159Z: [    4.734680] IPVS: Registered protocols (TCP, UDP, SCTP, AH, ESP)
[STDOUT  ] 2017-08-18T11:18:49.11997437Z: [    4.735242] IPVS: Connection hash table configured (size=4096, memory=64Kbytes)
[STDOUT  ] 2017-08-18T11:18:49.121433033Z: [    4.736847] IPVS: Creating netns size=2104 id=0
[STDOUT  ] 2017-08-18T11:18:49.123903501Z: [    4.739382] IPVS: ipvs loaded.
[STDOUT  ] 2017-08-18T11:18:49.124257302Z: [    4.739699] IPVS: [rr] scheduler registered.
[STDOUT  ] 2017-08-18T11:18:49.12465851Z: [    4.739997] IPVS: [wrr] scheduler registered.
[STDOUT  ] 2017-08-18T11:18:49.1251968Z: [    4.740634] IPVS: [lc] scheduler registered.
[STDOUT  ] 2017-08-18T11:18:49.125469953Z: [    4.740908] IPVS: [wlc] scheduler registered.
[STDOUT  ] 2017-08-18T11:18:49.125747668Z: [    4.741178] IPVS: [fo] scheduler registered.
[STDOUT  ] 2017-08-18T11:18:49.12601602Z: [    4.741453] IPVS: [ovf] scheduler registered.
[STDOUT  ] 2017-08-18T11:18:49.126418497Z: [    4.741844] IPVS: [lblc] scheduler registered.
[STDOUT  ] 2017-08-18T11:18:49.126799254Z: [    4.742222] IPVS: [lblcr] scheduler registered.
[STDOUT  ] 2017-08-18T11:18:49.127084837Z: [    4.742519] IPVS: [dh] scheduler registered.
[STDOUT  ] 2017-08-18T11:18:49.127354739Z: [    4.742788] IPVS: [sh] scheduler registered.
[STDOUT  ] 2017-08-18T11:18:49.127679064Z: [    4.743106] IPVS: [sed] scheduler registered.
[STDOUT  ] 2017-08-18T11:18:49.127953014Z: [    4.743385] IPVS: [nq] scheduler registered.
[STDOUT  ] 2017-08-18T11:18:49.128635256Z: [    4.744024] IPVS: ftp: loaded support on port[0] = 21
[STDOUT  ] 2017-08-18T11:18:49.12949406Z: [    4.744854] ipip: IPv4 and MPLS over IPv4 tunneling driver
[STDOUT  ] 2017-08-18T11:18:49.133445802Z: [    4.748841] gre: GRE over IPv4 demultiplexor driver
[STDOUT  ] 2017-08-18T11:18:49.136878016Z: [    4.752244] ip_tables: (C) 2000-2006 Netfilter Core Team
[STDOUT  ] 2017-08-18T11:18:49.140032888Z: [    4.755344] ipt_CLUSTERIP: ClusterIP Version 0.8 loaded successfully
[STDOUT  ] 2017-08-18T11:18:49.140623815Z: [    4.755993] arp_tables: arp_tables: (C) 2002 David S. Miller
[STDOUT  ] 2017-08-18T11:18:49.142823841Z: [    4.758234] NET: Registered protocol family 10
[STDOUT  ] 2017-08-18T11:18:49.152277259Z: [    4.767636] ip6_tables: (C) 2000-2006 Netfilter Core Team
[STDOUT  ] 2017-08-18T11:18:49.160377794Z: [    4.775791] NET: Registered protocol family 17
[STDOUT  ] 2017-08-18T11:18:49.161302945Z: [    4.776739] Bridge firewalling registered
[STDOUT  ] 2017-08-18T11:18:49.161741876Z: [    4.777213] Ebtables v2.0 registered
[STDOUT  ] 2017-08-18T11:18:49.163539056Z: [    4.778962] 8021q: 802.1Q VLAN Support v1.8
[STDOUT  ] 2017-08-18T11:18:49.165135635Z: [    4.780564] 9pnet: Installing 9P2000 support
[STDOUT  ] 2017-08-18T11:18:49.166561549Z: [    4.781994] Key type dns_resolver registered
[STDOUT  ] 2017-08-18T11:18:49.167433289Z: [    4.782796] microcode: AMD CPU family 0x6 not supported
[STDOUT  ] 2017-08-18T11:18:49.17091562Z: [    4.786348] registered taskstats version 1
[STDOUT  ] 2017-08-18T11:18:49.33562961Z: [    4.951054] Key type big_key registered
[STDOUT  ] 2017-08-18T11:18:49.377743192Z: [    4.993100] ata5: SATA link down (SStatus 0 SControl 300)
[STDOUT  ] 2017-08-18T11:18:49.379777631Z: [    4.995134] ata4: SATA link down (SStatus 0 SControl 300)
[STDOUT  ] 2017-08-18T11:18:49.380516117Z: [    4.995861] ata3: SATA link up 1.5 Gbps (SStatus 113 SControl 300)
[STDOUT  ] 2017-08-18T11:18:49.384098056Z: [    4.999466] ata3.00: ATAPI: QEMU DVD-ROM, 2.5+, max UDMA/100
[STDOUT  ] 2017-08-18T11:18:49.384497791Z: [    4.999899] ata3.00: applying bridge limits
[STDOUT  ] 2017-08-18T11:18:49.386106961Z: [    5.001432] ata2: SATA link down (SStatus 0 SControl 300)
[STDOUT  ] 2017-08-18T11:18:49.386500046Z: [    5.001890] ata1: SATA link down (SStatus 0 SControl 300)
[STDOUT  ] 2017-08-18T11:18:49.38694108Z: [    5.002330] ata6: SATA link down (SStatus 0 SControl 300)
[STDOUT  ] 2017-08-18T11:18:49.395684196Z: [    5.011087] ata3.00: configured for UDMA/100
[STDOUT  ] 2017-08-18T11:18:49.413496564Z: [    5.028728] scsi 2:0:0:0: CD-ROM            QEMU     QEMU DVD-ROM     2.5+ PQ: 0 ANSI: 5
[STDOUT  ] 2017-08-18T11:18:49.420456834Z: [    5.035893] Key type encrypted registered
[STDOUT  ] 2017-08-18T11:18:49.42501617Z: [    5.040100] rtc_cmos 00:00: setting system clock to 2017-08-18 11:18:48 UTC (1503055128)
[STDOUT  ] 2017-08-18T11:18:49.43791452Z: [    5.053202] sr 2:0:0:0: [sr0] scsi3-mmc drive: 4x/4x cd/rw xa/form2 tray
[STDOUT  ] 2017-08-18T11:18:49.438409664Z: [    5.053788] cdrom: Uniform CD-ROM driver Revision: 3.20
[STDOUT  ] 2017-08-18T11:18:49.444537008Z: [    5.059874] sr 2:0:0:0: Attached scsi generic sg0 type 5
[STDOUT  ] 2017-08-18T11:18:49.589651364Z: [    5.205051] Freeing unused kernel memory: 1380K
[STDOUT  ] 2017-08-18T11:18:49.590055482Z: [    5.205427] Write protecting the kernel read-only data: 12288k
[STDOUT  ] 2017-08-18T11:18:49.596884564Z: [    5.212290] Freeing unused kernel memory: 148K
[STDOUT  ] 2017-08-18T11:18:49.720172737Z: [    5.335569] Freeing unused kernel memory: 1400K
[STDOUT  ] 2017-08-18T11:18:49.745611471Z: [    5.360919] tsc: Refined TSC clocksource calibration: 2300.038 MHz
[STDOUT  ] 2017-08-18T11:18:49.746248034Z: [    5.361407] clocksource: tsc: mask: 0xffffffffffffffff max_cycles: 0x212759179c6, max_idle_ns: 440795240051 ns
[STDOUT  ] 2017-08-18T11:18:50.765407414Z: [    6.380739] clocksource: Switched to clocksource tsc
[STDOUT  ] 2017-08-18T11:18:55.545455453Z: 
[STDOUT  ] 2017-08-18T11:18:55.546043107Z: Welcome to LinuxKit
[STDOUT  ] 2017-08-18T11:18:55.546134289Z: 
[STDOUT  ] 2017-08-18T11:18:55.546488275Z:                         ##         .
[STDOUT  ] 2017-08-18T11:18:55.546856684Z:                   ## ## ##        ==
[STDOUT  ] 2017-08-18T11:18:55.547225344Z:                ## ## ## ## ##    ===
[STDOUT  ] 2017-08-18T11:18:55.547627684Z:            /"""""""""""""""""\___/ ===
[STDOUT  ] 2017-08-18T11:18:55.548014172Z:           {                       /  ===-
[STDOUT  ] 2017-08-18T11:18:55.548372645Z:            \______ O           __/
[STDOUT  ] 2017-08-18T11:18:55.548672261Z:              \    \         __/
[STDOUT  ] 2017-08-18T11:18:55.548970688Z:               \____\_______/
[STDOUT  ] 2017-08-18T11:18:55.54906626Z: 
[STDOUT  ] 2017-08-18T11:18:56.862009062Z: container_linux.go:265: starting container process caused "process_linux.go:348: container init caused \"rootfs_linux.go:57: mounting \\\"/check.sh\\\" to rootfs \\\"/containers/onboot/000-test/rootfs\\\" at \\\"/containers/onboot/000-test/rootfs/check.sh\\\" caused \\\"open /containers/onboot/000-test/rootfs/check.sh: read-only file system\\\"\""
[STDOUT  ] 2017-08-18T11:18:56.894337383Z: 2017/08/18 11:18:55 Error running 000-test: exit status 1
[STDOUT  ] 2017-08-18T11:19:08.298905583Z: [   23.914190] ACPI: Preparing to enter system sleep state S5
[STDOUT  ] 2017-08-18T11:19:08.299938116Z: [   23.915385] reboot: Power down
[STDERR  ] 2017-08-18T11:19:08.395624774Z: + exit 0
[STDERR  ] 2017-08-18T11:19:08.395683122Z: + clean_up
[STDERR  ] 2017-08-18T11:19:08.395696816Z: + rm -rf lsof-cmdline lsof-initrd.img lsof-kernel lsof-state
[PASS    ] linuxkit.security.ports 42.63s
