[INFO    ] 2017-05-22T14:38:55.092405727Z: Running Test linuxkit.kernel.config_4.11.x in /tmp/with_clone1e8f5aa4/test/cases/020_kernel/003_config_4.11.x
[INFO    ] 2017-05-22T14:38:55.092488653Z: Running command: [/bin/sh -x /tmp/with_clone1e8f5aa4/test/cases/020_kernel/003_config_4.11.x/test.sh]
[STDERR  ] 2017-05-22T14:38:55.09353276Z: + set -e
[STDERR  ] 2017-05-22T14:38:55.093563697Z: + . /tmp/with_clone1e8f5aa4/test/cases/_lib/lib.sh
[STDERR  ] 2017-05-22T14:38:55.093575252Z: + [ -f src/github.com/linuxkit/rtf/lib/lib.sh ]
[STDERR  ] 2017-05-22T14:38:55.09361922Z: + LINUXKIT_TMPDIR=/tmp/with_clone1e8f5aa4/test/cases/_tmp
[STDERR  ] 2017-05-22T14:38:55.093635337Z: + [ -f /tmp/with_clone1e8f5aa4/test/cases/_tmp/env.sh ]
[STDERR  ] 2017-05-22T14:38:55.093642021Z: + . /tmp/with_clone1e8f5aa4/test/cases/_tmp/env.sh
[STDERR  ] 2017-05-22T14:38:55.093670447Z: + export LINUXKIT_EXAMPLES_DIR=/tmp/with_clone1e8f5aa4/test/cases/../../examples
[STDERR  ] 2017-05-22T14:38:55.093684415Z: + RT_CANCEL=253
[STDERR  ] 2017-05-22T14:38:55.093698965Z: + trap clean_up EXIT
[STDERR  ] 2017-05-22T14:38:55.093714261Z: + moby build test-kernel-config
[STDERR  ] 2017-05-22T14:38:55.105145801Z: Extract kernel image: linuxkit/kernel:4.11.x
[STDERR  ] 2017-05-22T14:38:58.995923981Z: Add init containers:
[STDERR  ] 2017-05-22T14:38:58.995939405Z: Process init image: linuxkit/init:cbd7ae748f0a082516501a3e914fa0c924ee941e
[STDERR  ] 2017-05-22T14:38:59.3150687Z: Process init image: linuxkit/runc:24dfe632ed3ff53a026ee3fac046fd544434e2d6
[STDERR  ] 2017-05-22T14:38:59.868050169Z: Process init image: linuxkit/containerd:f1130450206d4f64f0ddc13d15bb68435aa1ff61
[STDERR  ] 2017-05-22T14:39:03.967231633Z: Add onboot containers:
[STDERR  ] 2017-05-22T14:39:03.967283731Z:   Create OCI config for linuxkit/test-kernel-config:ecff41279ccbc408079a3996a956432651c6eb9c
[STDERR  ] 2017-05-22T14:39:04.796919599Z:   Create OCI config for linuxkit/poweroff:a8f1e4ad8d459f1fdaad9e4b007512cb3b504ae8
[STDERR  ] 2017-05-22T14:39:05.274530837Z: Create outputs:
[STDERR  ] 2017-05-22T14:39:11.381684366Z:   test-kernel-config-kernel test-kernel-config-initrd.img test-kernel-config-cmdline
[STDERR  ] 2017-05-22T14:39:11.589814646Z: + linuxkit run qemu test-kernel-config
[STDERR  ] 2017-05-22T14:39:54.817473813Z: + RESULT=[    0.000000] Linux version 4.11.2-linuxkit (root@84baa8e89c00) (gcc version 6.2.1 20160822 (Alpine 6.2.1) ) #1 SMP Mon May 22 13:52:02 UTC 2017
[STDERR  ] 2017-05-22T14:39:54.817551387Z: [    0.000000] Command line: console=ttyS0
[STDERR  ] 2017-05-22T14:39:54.817574618Z: [    0.000000] x86/fpu: x87 FPU will use FXSAVE
[STDERR  ] 2017-05-22T14:39:54.817590896Z: [    0.000000] e820: BIOS-provided physical RAM map:
[STDERR  ] 2017-05-22T14:39:54.817605836Z: [    0.000000] BIOS-e820: [mem 0x0000000000000000-0x000000000009fbff] usable
[STDERR  ] 2017-05-22T14:39:54.817621296Z: [    0.000000] BIOS-e820: [mem 0x000000000009fc00-0x000000000009ffff] reserved
[STDERR  ] 2017-05-22T14:39:54.817636742Z: [    0.000000] BIOS-e820: [mem 0x00000000000f0000-0x00000000000fffff] reserved
[STDERR  ] 2017-05-22T14:39:54.817652262Z: [    0.000000] BIOS-e820: [mem 0x0000000000100000-0x000000003ffdefff] usable
[STDERR  ] 2017-05-22T14:39:54.817666971Z: [    0.000000] BIOS-e820: [mem 0x000000003ffdf000-0x000000003fffffff] reserved
[STDERR  ] 2017-05-22T14:39:54.817682125Z: [    0.000000] BIOS-e820: [mem 0x00000000b0000000-0x00000000bfffffff] reserved
[STDERR  ] 2017-05-22T14:39:54.817700536Z: [    0.000000] BIOS-e820: [mem 0x00000000fed1c000-0x00000000fed1ffff] reserved
[STDERR  ] 2017-05-22T14:39:54.817715631Z: [    0.000000] BIOS-e820: [mem 0x00000000fffc0000-0x00000000ffffffff] reserved
[STDERR  ] 2017-05-22T14:39:54.817731091Z: [    0.000000] NX (Execute Disable) protection: active
[STDERR  ] 2017-05-22T14:39:54.817745954Z: [    0.000000] SMBIOS 2.8 present.
[STDERR  ] 2017-05-22T14:39:54.817763958Z: [    0.000000] DMI: QEMU Standard PC (Q35 + ICH9, 2009), BIOS rel-1.10.1-0-g8891697-prebuilt.qemu-project.org 04/01/2014
[STDERR  ] 2017-05-22T14:39:54.817781162Z: [    0.000000] e820: last_pfn = 0x3ffdf max_arch_pfn = 0x400000000
[STDERR  ] 2017-05-22T14:39:54.817809312Z: [    0.000000] x86/PAT: Configuration [0-7]: WB  WC  UC- UC  WB  WC  UC- WT  
[STDERR  ] 2017-05-22T14:39:54.817824557Z: [    0.000000] found SMP MP-table at [mem 0x000f6aa0-0x000f6aaf] mapped at [ffff8c02000f6aa0]
[STDERR  ] 2017-05-22T14:39:54.817846665Z: [    0.000000] RAMDISK: [mem 0x3df31000-0x3ffcffff]
[STDERR  ] 2017-05-22T14:39:54.8178633Z: [    0.000000] ACPI: Early table checksum verification disabled
[STDERR  ] 2017-05-22T14:39:54.817881908Z: [    0.000000] ACPI: RSDP 0x00000000000F68C0 000014 (v00 BOCHS )
[STDERR  ] 2017-05-22T14:39:54.817897629Z: [    0.000000] ACPI: RSDT 0x000000003FFE2404 000034 (v01 BOCHS  BXPCRSDT 00000001 BXPC 00000001)
[STDERR  ] 2017-05-22T14:39:54.817912333Z: [    0.000000] ACPI: FACP 0x000000003FFE22A4 000074 (v01 BOCHS  BXPCFACP 00000001 BXPC 00000001)
[STDERR  ] 2017-05-22T14:39:54.817926255Z: [    0.000000] ACPI: DSDT 0x000000003FFE0040 002264 (v01 BOCHS  BXPCDSDT 00000001 BXPC 00000001)
[STDERR  ] 2017-05-22T14:39:54.817940353Z: [    0.000000] ACPI: FACS 0x000000003FFE0000 000040
[STDERR  ] 2017-05-22T14:39:54.817947709Z: [    0.000000] ACPI: APIC 0x000000003FFE2318 000078 (v01 BOCHS  BXPCAPIC 00000001 BXPC 00000001)
[STDERR  ] 2017-05-22T14:39:54.817964052Z: [    0.000000] ACPI: HPET 0x000000003FFE2390 000038 (v01 BOCHS  BXPCHPET 00000001 BXPC 00000001)
[STDERR  ] 2017-05-22T14:39:54.817986143Z: [    0.000000] ACPI: MCFG 0x000000003FFE23C8 00003C (v01 BOCHS  BXPCMCFG 00000001 BXPC 00000001)
[STDERR  ] 2017-05-22T14:39:54.817999117Z: [    0.000000] Zone ranges:
[STDERR  ] 2017-05-22T14:39:54.818011992Z: [    0.000000]   DMA      [mem 0x0000000000001000-0x0000000000ffffff]
[STDERR  ] 2017-05-22T14:39:54.818025504Z: [    0.000000]   DMA32    [mem 0x0000000001000000-0x000000003ffdefff]
[STDERR  ] 2017-05-22T14:39:54.818039244Z: [    0.000000]   Normal   empty
[STDERR  ] 2017-05-22T14:39:54.818046942Z: [    0.000000] Movable zone start for each node
[STDERR  ] 2017-05-22T14:39:54.818059552Z: [    0.000000] Early memory node ranges
[STDERR  ] 2017-05-22T14:39:54.81808079Z: [    0.000000]   node   0: [mem 0x0000000000001000-0x000000000009efff]
[STDERR  ] 2017-05-22T14:39:54.81809314Z: [    0.000000]   node   0: [mem 0x0000000000100000-0x000000003ffdefff]
[STDERR  ] 2017-05-22T14:39:54.818109216Z: [    0.000000] Initmem setup node 0 [mem 0x0000000000001000-0x000000003ffdefff]
[STDERR  ] 2017-05-22T14:39:54.818122369Z: [    0.000000] ACPI: PM-Timer IO Port: 0x608
[STDERR  ] 2017-05-22T14:39:54.818138268Z: [    0.000000] ACPI: LAPIC_NMI (acpi_id[0xff] dfl dfl lint[0x1])
[STDERR  ] 2017-05-22T14:39:54.818152179Z: [    0.000000] IOAPIC[0]: apic_id 0, version 32, address 0xfec00000, GSI 0-23
[STDERR  ] 2017-05-22T14:39:54.818168601Z: [    0.000000] ACPI: INT_SRC_OVR (bus 0 bus_irq 0 global_irq 2 dfl dfl)
[STDERR  ] 2017-05-22T14:39:54.818185727Z: [    0.000000] ACPI: INT_SRC_OVR (bus 0 bus_irq 5 global_irq 5 high level)
[STDERR  ] 2017-05-22T14:39:54.818199325Z: [    0.000000] ACPI: INT_SRC_OVR (bus 0 bus_irq 9 global_irq 9 high level)
[STDERR  ] 2017-05-22T14:39:54.818213126Z: [    0.000000] ACPI: INT_SRC_OVR (bus 0 bus_irq 10 global_irq 10 high level)
[STDERR  ] 2017-05-22T14:39:54.818220714Z: [    0.000000] ACPI: INT_SRC_OVR (bus 0 bus_irq 11 global_irq 11 high level)
[STDERR  ] 2017-05-22T14:39:54.818233626Z: [    0.000000] Using ACPI (MADT) for SMP configuration information
[STDERR  ] 2017-05-22T14:39:54.818254599Z: [    0.000000] ACPI: HPET id: 0x8086a201 base: 0xfed00000
[STDERR  ] 2017-05-22T14:39:54.818269248Z: [    0.000000] smpboot: Allowing 1 CPUs, 0 hotplug CPUs
[STDERR  ] 2017-05-22T14:39:54.81828357Z: [    0.000000] e820: [mem 0x40000000-0xafffffff] available for PCI devices
[STDERR  ] 2017-05-22T14:39:54.818302229Z: [    0.000000] Booting paravirtualized kernel on bare hardware
[STDERR  ] 2017-05-22T14:39:54.81831767Z: [    0.000000] clocksource: refined-jiffies: mask: 0xffffffff max_cycles: 0xffffffff, max_idle_ns: 19112604462750000 ns
[STDERR  ] 2017-05-22T14:39:54.818332395Z: [    0.000000] setup_percpu: NR_CPUS:128 nr_cpumask_bits:128 nr_cpu_ids:1 nr_node_ids:1
[STDERR  ] 2017-05-22T14:39:54.818352871Z: [    0.000000] percpu: Embedded 37 pages/cpu @ffff8c023dc00000 s113368 r8192 d29992 u2097152
[STDERR  ] 2017-05-22T14:39:54.818367189Z: [    0.000000] Built 1 zonelists in Zone order, mobility grouping on.  Total pages: 257896
[STDERR  ] 2017-05-22T14:39:54.818374525Z: [    0.000000] Kernel command line: console=ttyS0
[STDERR  ] 2017-05-22T14:39:54.818391892Z: [    0.000000] PID hash table entries: 4096 (order: 3, 32768 bytes)
[STDERR  ] 2017-05-22T14:39:54.818413126Z: [    0.000000] Dentry cache hash table entries: 131072 (order: 8, 1048576 bytes)
[STDERR  ] 2017-05-22T14:39:54.818420519Z: [    0.000000] Inode-cache hash table entries: 65536 (order: 7, 524288 bytes)
[STDERR  ] 2017-05-22T14:39:54.818433691Z: [    0.000000] Memory: 978356K/1048052K available (9675K kernel code, 1603K rwdata, 3156K rodata, 1480K init, 592K bss, 69696K reserved, 0K cma-reserved)
[STDERR  ] 2017-05-22T14:39:54.818457031Z: [    0.000000] Hierarchical RCU implementation.
[STDERR  ] 2017-05-22T14:39:54.818471306Z: [    0.000000] 	Build-time adjustment of leaf fanout to 64.
[STDERR  ] 2017-05-22T14:39:54.818485353Z: [    0.000000] 	RCU restricting CPUs from NR_CPUS=128 to nr_cpu_ids=1.
[STDERR  ] 2017-05-22T14:39:54.81849249Z: [    0.000000] RCU: Adjusting geometry for rcu_fanout_leaf=64, nr_cpu_ids=1
[STDERR  ] 2017-05-22T14:39:54.818517623Z: [    0.000000] NR_IRQS:8448 nr_irqs:256 16
[STDERR  ] 2017-05-22T14:39:54.818533083Z: [    0.000000] Console: colour VGA+ 80x25
[STDERR  ] 2017-05-22T14:39:54.818547329Z: [    0.000000] console [ttyS0] enabled
[STDERR  ] 2017-05-22T14:39:54.818554827Z: [    0.000000] clocksource: hpet: mask: 0xffffffff max_cycles: 0xffffffff, max_idle_ns: 19112604467 ns
[STDERR  ] 2017-05-22T14:39:54.81857791Z: [    0.010000] tsc: Fast TSC calibration using PIT
[STDERR  ] 2017-05-22T14:39:54.818605291Z: [    0.020000] tsc: Detected 2300.364 MHz processor
[STDERR  ] 2017-05-22T14:39:54.818618992Z: [    0.020000] Calibrating delay loop (skipped), value calculated using timer frequency.. 4600.72 BogoMIPS (lpj=23003640)
[STDERR  ] 2017-05-22T14:39:54.818632653Z: [    0.020000] pid_max: default: 32768 minimum: 301
[STDERR  ] 2017-05-22T14:39:54.818646017Z: [    0.020000] ACPI: Core revision 20170119
[STDERR  ] 2017-05-22T14:39:54.818659666Z: [    0.070790] ACPI: 1 ACPI AML tables successfully acquired and loaded
[STDERR  ] 2017-05-22T14:39:54.818667229Z: [    0.075420] Security Framework initialized
[STDERR  ] 2017-05-22T14:39:54.818686344Z: [    0.075943] Yama: becoming mindful.
[STDERR  ] 2017-05-22T14:39:54.818700857Z: [    0.077830] Mount-cache hash table entries: 2048 (order: 2, 16384 bytes)
[STDERR  ] 2017-05-22T14:39:54.818707288Z: [    0.078410] Mountpoint-cache hash table entries: 2048 (order: 2, 16384 bytes)
[STDERR  ] 2017-05-22T14:39:54.81872769Z: [    0.095751] Last level iTLB entries: 4KB 0, 2MB 0, 4MB 0
[STDERR  ] 2017-05-22T14:39:54.818740926Z: [    0.096210] Last level dTLB entries: 4KB 0, 2MB 0, 4MB 0, 1GB 0
[STDERR  ] 2017-05-22T14:39:54.818747884Z: [    0.474262] Freeing SMP alternatives memory: 24K
[STDERR  ] 2017-05-22T14:39:54.818767045Z: [    0.483042] ftrace: allocating 42597 entries in 167 pages
[STDERR  ] 2017-05-22T14:39:54.818780047Z: [    0.679269] smpboot: Max logical packages: 1
[STDERR  ] 2017-05-22T14:39:54.818786286Z: [    0.684756] ..TIMER: vector=0x30 apic1=0 pin1=2 apic2=-1 pin2=-1
[STDERR  ] 2017-05-22T14:39:54.818806415Z: [    0.790000] smpboot: CPU0: AMD QEMU Virtual CPU version 2.5+ (family: 0x6, model: 0x6, stepping: 0x3)
[STDERR  ] 2017-05-22T14:39:54.818819483Z: [    0.790000] Performance Events: PMU not available due to virtualization, using software events only.
[STDERR  ] 2017-05-22T14:39:54.818834577Z: [    0.796001] NMI watchdog: disabled (cpu0): hardware events not enabled
[STDERR  ] 2017-05-22T14:39:54.818847773Z: [    0.796464] NMI watchdog: Shutting down hard lockup detector on all cpus
[STDERR  ] 2017-05-22T14:39:54.818860876Z: [    0.799132] smp: Bringing up secondary CPUs ...
[STDERR  ] 2017-05-22T14:39:54.818880722Z: [    0.799515] smp: Brought up 1 node, 1 CPU
[STDERR  ] 2017-05-22T14:39:54.818894047Z: [    0.800117] smpboot: Total of 1 processors activated (4600.72 BogoMIPS)
[STDERR  ] 2017-05-22T14:39:54.818912959Z: [    0.805173] sched_clock: Marking stable (800000000, 0)->(1057388920, -257388920)
[STDERR  ] 2017-05-22T14:39:54.818926453Z: [    0.815749] devtmpfs: initialized
[STDERR  ] 2017-05-22T14:39:54.818933681Z: [    0.820049] x86/mm: Memory block size: 128MB
[STDERR  ] 2017-05-22T14:39:54.81894601Z: [    0.882548] clocksource: jiffies: mask: 0xffffffff max_cycles: 0xffffffff, max_idle_ns: 19112604462750000 ns
[STDERR  ] 2017-05-22T14:39:54.818966243Z: [    0.883402] futex hash table entries: 256 (order: 2, 16384 bytes)
[STDERR  ] 2017-05-22T14:39:54.818979371Z: [    0.891980] NET: Registered protocol family 16
[STDERR  ] 2017-05-22T14:39:54.818992619Z: [    0.898872] cpuidle: using governor ladder
[STDERR  ] 2017-05-22T14:39:54.81899971Z: [    0.899298] cpuidle: using governor menu
[STDERR  ] 2017-05-22T14:39:54.819018717Z: [    0.899834] PCCT header not found.
[STDERR  ] 2017-05-22T14:39:54.819024914Z: [    0.900933] ACPI: bus type PCI registered
[STDERR  ] 2017-05-22T14:39:54.819048624Z: [    0.903408] PCI: MMCONFIG for domain 0000 [bus 00-ff] at [mem 0xb0000000-0xbfffffff] (base 0xb0000000)
[STDERR  ] 2017-05-22T14:39:54.819062045Z: [    0.904284] PCI: MMCONFIG at [mem 0xb0000000-0xbfffffff] reserved in E820
[STDERR  ] 2017-05-22T14:39:54.819069419Z: [    0.905550] PCI: Using configuration type 1 for base access
[STDERR  ] 2017-05-22T14:39:54.81909058Z: [    0.958950] HugeTLB registered 2 MB page size, pre-allocated 0 pages
[STDERR  ] 2017-05-22T14:39:54.819103751Z: [    0.969287] ACPI: Added _OSI(Module Device)
[STDERR  ] 2017-05-22T14:39:54.819109936Z: [    0.969763] ACPI: Added _OSI(Processor Device)
[STDERR  ] 2017-05-22T14:39:54.819129766Z: [    0.970071] ACPI: Added _OSI(3.0 _SCP Extensions)
[STDERR  ] 2017-05-22T14:39:54.819142944Z: [    0.970385] ACPI: Added _OSI(Processor Aggregator Device)
[STDERR  ] 2017-05-22T14:39:54.819156254Z: [    1.042217] ACPI: Interpreter enabled
[STDERR  ] 2017-05-22T14:39:54.819163387Z: [    1.043018] ACPI: (supports S0 S5)
[STDERR  ] 2017-05-22T14:39:54.819182617Z: [    1.043317] ACPI: Using IOAPIC for interrupt routing
[STDERR  ] 2017-05-22T14:39:54.819199284Z: [    1.045019] PCI: Using host bridge windows from ACPI; if necessary, use "pci=nocrs" and report a bug
[STDERR  ] 2017-05-22T14:39:54.819212936Z: [    1.104752] ACPI: PCI Root Bridge [PCI0] (domain 0000 [bus 00-ff])
[STDERR  ] 2017-05-22T14:39:54.819219271Z: [    1.105662] acpi PNP0A08:00: _OSC: OS supports [ExtendedConfig ASPM ClockPM Segments MSI]
[STDERR  ] 2017-05-22T14:39:54.819239548Z: [    1.111170] acpi PNP0A08:00: _OSC: OS now controls [PCIeHotplug PME PCIeCapability]
[STDERR  ] 2017-05-22T14:39:54.819248285Z: [    1.114746] PCI host bridge to bus 0000:00
[STDERR  ] 2017-05-22T14:39:54.819266043Z: [    1.115232] pci_bus 0000:00: root bus resource [io  0x0000-0x0cf7 window]
[STDERR  ] 2017-05-22T14:39:54.819288276Z: [    1.115717] pci_bus 0000:00: root bus resource [io  0x0d00-0xffff window]
[STDERR  ] 2017-05-22T14:39:54.81930205Z: [    1.116174] pci_bus 0000:00: root bus resource [mem 0x000a0000-0x000bffff window]
[STDERR  ] 2017-05-22T14:39:54.819315245Z: [    1.116671] pci_bus 0000:00: root bus resource [mem 0xc0000000-0xfebfffff window]
[STDERR  ] 2017-05-22T14:39:54.819329077Z: [    1.117273] pci_bus 0000:00: root bus resource [bus 00-ff]
[STDERR  ] 2017-05-22T14:39:54.819342574Z: [    1.204109] pci 0000:00:1f.0: quirk: [io  0x0600-0x067f] claimed by ICH6 ACPI/GPIO/TCO
[STDERR  ] 2017-05-22T14:39:54.819355851Z: [    1.256326] ACPI: PCI Interrupt Link [LNKA] (IRQs 5 *10 11)
[STDERR  ] 2017-05-22T14:39:54.819369048Z: [    1.258190] ACPI: PCI Interrupt Link [LNKB] (IRQs 5 *10 11)
[STDERR  ] 2017-05-22T14:39:54.819382112Z: [    1.260224] ACPI: PCI Interrupt Link [LNKC] (IRQs 5 10 *11)
[STDERR  ] 2017-05-22T14:39:54.819395132Z: [    1.261878] ACPI: PCI Interrupt Link [LNKD] (IRQs 5 10 *11)
[STDERR  ] 2017-05-22T14:39:54.819411946Z: [    1.263472] ACPI: PCI Interrupt Link [LNKE] (IRQs 5 *10 11)
[STDERR  ] 2017-05-22T14:39:54.819424618Z: [    1.265068] ACPI: PCI Interrupt Link [LNKF] (IRQs 5 *10 11)
[STDERR  ] 2017-05-22T14:39:54.819440783Z: [    1.266658] ACPI: PCI Interrupt Link [LNKG] (IRQs 5 10 *11)
[STDERR  ] 2017-05-22T14:39:54.819454377Z: [    1.268293] ACPI: PCI Interrupt Link [LNKH] (IRQs 5 10 *11)
[STDERR  ] 2017-05-22T14:39:54.819468244Z: [    1.269064] ACPI: PCI Interrupt Link [GSIA] (IRQs *16)
[STDERR  ] 2017-05-22T14:39:54.819475193Z: [    1.269823] ACPI: PCI Interrupt Link [GSIB] (IRQs *17)
[STDERR  ] 2017-05-22T14:39:54.819494111Z: [    1.270450] ACPI: PCI Interrupt Link [GSIC] (IRQs *18)
[STDERR  ] 2017-05-22T14:39:54.819506758Z: [    1.271058] ACPI: PCI Interrupt Link [GSID] (IRQs *19)
[STDERR  ] 2017-05-22T14:39:54.819513223Z: [    1.271644] ACPI: PCI Interrupt Link [GSIE] (IRQs *20)
[STDERR  ] 2017-05-22T14:39:54.819532928Z: [    1.272229] ACPI: PCI Interrupt Link [GSIF] (IRQs *21)
[STDERR  ] 2017-05-22T14:39:54.819546439Z: [    1.272812] ACPI: PCI Interrupt Link [GSIG] (IRQs *22)
[STDERR  ] 2017-05-22T14:39:54.81955919Z: [    1.273396] ACPI: PCI Interrupt Link [GSIH] (IRQs *23)
[STDERR  ] 2017-05-22T14:39:54.81957258Z: [    1.276571] ACPI: Enabled 2 GPEs in block 00 to 3F
[STDERR  ] 2017-05-22T14:39:54.819585099Z: [    1.280205] SCSI subsystem initialized
[STDERR  ] 2017-05-22T14:39:54.819591517Z: [    1.282496] pps_core: LinuxPPS API ver. 1 registered
[STDERR  ] 2017-05-22T14:39:54.819614454Z: [    1.282915] pps_core: Software ver. 5.3.6 - Copyright 2005-2007 Rodolfo Giometti <giometti@linux.it>
[STDERR  ] 2017-05-22T14:39:54.819634326Z: [    1.283624] PTP clock support registered
[STDERR  ] 2017-05-22T14:39:54.819640643Z: [    1.284617] wmi: Mapper loaded
[STDERR  ] 2017-05-22T14:39:54.819651231Z: [    1.285642] PCI: Using ACPI for IRQ routing
[STDERR  ] 2017-05-22T14:39:54.819669602Z: [    1.303059] NetLabel: Initializing
[STDERR  ] 2017-05-22T14:39:54.819681372Z: [    1.303328] NetLabel:  domain hash size = 128
[STDERR  ] 2017-05-22T14:39:54.819693157Z: [    1.303625] NetLabel:  protocols = UNLABELED CIPSOv4 CALIPSO
[STDERR  ] 2017-05-22T14:39:54.819704921Z: [    1.305541] NetLabel:  unlabeled traffic allowed by default
[STDERR  ] 2017-05-22T14:39:54.81971141Z: [    1.306471] HPET: 3 timers in total, 0 timers will be used for per-cpu timer
[STDERR  ] 2017-05-22T14:39:54.819722477Z: [    1.307199] hpet0: at MMIO 0xfed00000, IRQs 2, 8, 0
[STDERR  ] 2017-05-22T14:39:54.81974072Z: [    1.307637] hpet0: 3 comparators, 64-bit 100.000000 MHz counter
[STDERR  ] 2017-05-22T14:39:54.819753153Z: [    1.315366] clocksource: Switched to clocksource hpet
[STDERR  ] 2017-05-22T14:39:54.819765387Z: [    1.610756] VFS: Disk quotas dquot_6.6.0
[STDERR  ] 2017-05-22T14:39:54.819777392Z: [    1.611490] VFS: Dquot-cache hash table entries: 512 (order 0, 4096 bytes)
[STDERR  ] 2017-05-22T14:39:54.819789712Z: [    1.613860] FS-Cache: Loaded
[STDERR  ] 2017-05-22T14:39:54.819802243Z: [    1.618654] CacheFiles: Loaded
[STDERR  ] 2017-05-22T14:39:54.819814634Z: [    1.620036] pnp: PnP ACPI init
[STDERR  ] 2017-05-22T14:39:54.81982691Z: [    1.630468] pnp: PnP ACPI: found 5 devices
[STDERR  ] 2017-05-22T14:39:54.81983363Z: [    1.668417] clocksource: acpi_pm: mask: 0xffffff max_cycles: 0xffffff, max_idle_ns: 2085701024 ns
[STDERR  ] 2017-05-22T14:39:54.819845741Z: [    1.671045] NET: Registered protocol family 2
[STDERR  ] 2017-05-22T14:39:54.81986498Z: [    1.678123] TCP established hash table entries: 8192 (order: 4, 65536 bytes)
[STDERR  ] 2017-05-22T14:39:54.819884457Z: [    1.678844] TCP bind hash table entries: 8192 (order: 5, 131072 bytes)
[STDERR  ] 2017-05-22T14:39:54.819898574Z: [    1.679506] TCP: Hash tables configured (established 8192 bind 8192)
[STDERR  ] 2017-05-22T14:39:54.819915779Z: [    1.681366] UDP hash table entries: 512 (order: 2, 16384 bytes)
[STDERR  ] 2017-05-22T14:39:54.819934948Z: [    1.681961] UDP-Lite hash table entries: 512 (order: 2, 16384 bytes)
[STDERR  ] 2017-05-22T14:39:54.819955255Z: [    1.684883] NET: Registered protocol family 1
[STDERR  ] 2017-05-22T14:39:54.819968414Z: [    1.687929] RPC: Registered named UNIX socket transport module.
[STDERR  ] 2017-05-22T14:39:54.819980839Z: [    1.688382] RPC: Registered udp transport module.
[STDERR  ] 2017-05-22T14:39:54.819998313Z: [    1.688704] RPC: Registered tcp transport module.
[STDERR  ] 2017-05-22T14:39:54.82001188Z: [    1.689022] RPC: Registered tcp NFSv4.1 backchannel transport module.
[STDERR  ] 2017-05-22T14:39:54.820025432Z: [    1.689777] pci 0000:00:01.0: Video device with shadowed ROM at [mem 0x000c0000-0x000dffff]
[STDERR  ] 2017-05-22T14:39:54.820032831Z: [    1.698394] Unpacking initramfs...
[STDERR  ] 2017-05-22T14:39:54.820045687Z: [    6.662904] Freeing initrd memory: 33404K
[STDERR  ] 2017-05-22T14:39:54.820065924Z: [    6.685562] PCLMULQDQ-NI instructions are not detected.
[STDERR  ] 2017-05-22T14:39:54.820079264Z: [    6.686666] AVX or AES-NI instructions are not detected.
[STDERR  ] 2017-05-22T14:39:54.820092485Z: [    6.687109] CPU feature 'AVX registers' is not supported.
[STDERR  ] 2017-05-22T14:39:54.820099678Z: [    6.687511] CPU feature 'AVX registers' is not supported.
[STDERR  ] 2017-05-22T14:39:54.820112048Z: [    6.687907] CPU feature 'AVX registers' is not supported.
[STDERR  ] 2017-05-22T14:39:54.82013259Z: [    6.688371] CPU feature 'AVX registers' is not supported.
[STDERR  ] 2017-05-22T14:39:54.820145843Z: [    6.688759] AVX2 or AES-NI instructions are not detected.
[STDERR  ] 2017-05-22T14:39:54.82015911Z: [    6.689146] AVX2 instructions are not detected.
[STDERR  ] 2017-05-22T14:39:54.82016636Z: [    6.693463] audit: initializing netlink subsys (disabled)
[STDERR  ] 2017-05-22T14:39:54.820179572Z: [    6.700263] audit: type=2000 audit(1495463958.690:1): state=initialized audit_enabled=0 res=1
[STDERR  ] 2017-05-22T14:39:54.820199862Z: [    6.701395] workingset: timestamp_bits=46 max_order=18 bucket_order=0
[STDERR  ] 2017-05-22T14:39:54.820212983Z: [    6.708049] FS-Cache: Netfs 'nfs' registered for caching
[STDERR  ] 2017-05-22T14:39:54.820226088Z: [    6.709796] NFS: Registering the id_resolver key type
[STDERR  ] 2017-05-22T14:39:54.82023305Z: [    6.711063] Key type id_resolver registered
[STDERR  ] 2017-05-22T14:39:54.820252124Z: [    6.711390] Key type id_legacy registered
[STDERR  ] 2017-05-22T14:39:54.820258376Z: [    6.711776] nfs4filelayout_init: NFSv4 File Layout Driver Registering...
[STDERR  ] 2017-05-22T14:39:54.820278423Z: [    6.712524] Installing knfsd (copyright (C) 1996 okir@monad.swb.de).
[STDERR  ] 2017-05-22T14:39:54.820285467Z: [    6.715902] FS-Cache: Netfs 'cifs' registered for caching
[STDERR  ] 2017-05-22T14:39:54.820315404Z: [    6.716776] ntfs: driver 2.1.32 [Flags: R/O].
[STDERR  ] 2017-05-22T14:39:54.820328787Z: [    6.717285] fuse init (API version 7.26)
[STDERR  ] 2017-05-22T14:39:54.820342092Z: [    6.719003] SGI XFS with ACLs, security attributes, no debug enabled
[STDERR  ] 2017-05-22T14:39:54.820355203Z: [    6.722755] 9p: Installing v9fs 9p2000 file system support
[STDERR  ] 2017-05-22T14:39:54.82036151Z: [    6.723213] FS-Cache: Netfs '9p' registered for caching
[STDERR  ] 2017-05-22T14:39:54.820381459Z: [    6.758933] NET: Registered protocol family 38
[STDERR  ] 2017-05-22T14:39:54.820400426Z: [    6.759467] Key type asymmetric registered
[STDERR  ] 2017-05-22T14:39:54.820413746Z: [    6.759804] Asymmetric key parser 'x509' registered
[STDERR  ] 2017-05-22T14:39:54.820426901Z: [    6.760415] Block layer SCSI generic (bsg) driver version 0.4 loaded (major 251)
[STDERR  ] 2017-05-22T14:39:54.820439905Z: [    6.761716] io scheduler noop registered
[STDERR  ] 2017-05-22T14:39:54.820447003Z: [    6.762044] io scheduler deadline registered (default)
[STDERR  ] 2017-05-22T14:39:54.820459361Z: [    6.762620] io scheduler cfq registered
[STDERR  ] 2017-05-22T14:39:54.820479298Z: [    6.762912] io scheduler mq-deadline registered
[STDERR  ] 2017-05-22T14:39:54.820486487Z: [    6.767188] shpchp: Standard Hot Plug PCI Controller Driver version: 0.4
[STDERR  ] 2017-05-22T14:39:54.820510818Z: [    6.767931] hv_vmbus: registering driver hyperv_fb
[STDERR  ] 2017-05-22T14:39:54.820524057Z: [    6.770581] input: Power Button as /devices/LNXSYSTM:00/LNXPWRBN:00/input/input0
[STDERR  ] 2017-05-22T14:39:54.820530347Z: [    6.771669] ACPI: Power Button [PWRF]
[STDERR  ] 2017-05-22T14:39:54.820554321Z: [    6.776401] GHES: HEST is not enabled!
[STDERR  ] 2017-05-22T14:39:54.820568101Z: [    6.787386] ACPI: PCI Interrupt Link [GSIH] enabled at IRQ 23
[STDERR  ] 2017-05-22T14:39:54.820575321Z: [    6.792655] xenfs: not registering filesystem on non-xen platform
[STDERR  ] 2017-05-22T14:39:54.820587816Z: [    6.794679] Serial: 8250/16550 driver, 4 ports, IRQ sharing disabled
[STDERR  ] 2017-05-22T14:39:54.820608258Z: [    6.820902] 00:04: ttyS0 at I/O 0x3f8 (irq = 4, base_baud = 115200) is a 16550A
[STDERR  ] 2017-05-22T14:39:54.820621599Z: [    6.826419] Initializing Nozomi driver 2.1d
[STDERR  ] 2017-05-22T14:39:54.820634717Z: [    6.830068] Non-volatile memory driver v1.3
[STDERR  ] 2017-05-22T14:39:54.820641782Z: [    6.835833] Hangcheck: starting hangcheck timer 0.9.1 (tick is 180 seconds, margin is 60 seconds).
[STDERR  ] 2017-05-22T14:39:54.820655513Z: [    6.841847] random: fast init done
[STDERR  ] 2017-05-22T14:39:54.820675929Z: [    6.843292] random: crng init done
[STDERR  ] 2017-05-22T14:39:54.820689293Z: [    6.874454] loop: module loaded
[STDERR  ] 2017-05-22T14:39:54.82070425Z: [    6.928312] lpc_ich 0000:00:1f.0: I/O space for GPIO uninitialized
[STDERR  ] 2017-05-22T14:39:54.820717768Z: [    6.929829] VMware PVSCSI driver - version 1.0.7.0-k
[STDERR  ] 2017-05-22T14:39:54.82072481Z: [    6.930451] hv_vmbus: registering driver hv_storvsc
[STDERR  ] 2017-05-22T14:39:54.820737464Z: [    6.939939] ACPI: PCI Interrupt Link [GSIA] enabled at IRQ 16
[STDERR  ] 2017-05-22T14:39:54.820758042Z: [    6.945973] ahci 0000:00:1f.2: AHCI 0001.0000 32 slots 6 ports 1.5 Gbps 0x3f impl SATA mode
[STDERR  ] 2017-05-22T14:39:54.820771443Z: [    6.946648] ahci 0000:00:1f.2: flags: ncq only 
[STDERR  ] 2017-05-22T14:39:54.820784594Z: [    6.961964] scsi host0: ahci
[STDERR  ] 2017-05-22T14:39:54.82079839Z: [    6.965062] scsi host1: ahci
[STDERR  ] 2017-05-22T14:39:54.820812065Z: [    6.966800] scsi host2: ahci
[STDERR  ] 2017-05-22T14:39:54.820825346Z: [    6.968500] scsi host3: ahci
[STDERR  ] 2017-05-22T14:39:54.820838604Z: [    6.970470] scsi host4: ahci
[STDERR  ] 2017-05-22T14:39:54.820845695Z: [    6.972116] scsi host5: ahci
[STDERR  ] 2017-05-22T14:39:54.820865044Z: [    6.973343] ata1: SATA max UDMA/133 abar m4096@0xfebf1000 port 0xfebf1100 irq 24
[STDERR  ] 2017-05-22T14:39:54.820873451Z: [    6.974108] ata2: SATA max UDMA/133 abar m4096@0xfebf1000 port 0xfebf1180 irq 24
[STDERR  ] 2017-05-22T14:39:54.820893673Z: [    6.974692] ata3: SATA max UDMA/133 abar m4096@0xfebf1000 port 0xfebf1200 irq 24
[STDERR  ] 2017-05-22T14:39:54.820900751Z: [    6.975172] ata4: SATA max UDMA/133 abar m4096@0xfebf1000 port 0xfebf1280 irq 24
[STDERR  ] 2017-05-22T14:39:54.820920067Z: [    6.975647] ata5: SATA max UDMA/133 abar m4096@0xfebf1000 port 0xfebf1300 irq 24
[STDERR  ] 2017-05-22T14:39:54.820931609Z: [    6.976120] ata6: SATA max UDMA/133 abar m4096@0xfebf1000 port 0xfebf1380 irq 24
[STDERR  ] 2017-05-22T14:39:54.820951876Z: [    6.984414] Ethernet Channel Bonding Driver: v3.7.1 (April 27, 2011)
[STDERR  ] 2017-05-22T14:39:54.820966462Z: [    6.999390] tun: Universal TUN/TAP device driver, 1.6
[STDERR  ] 2017-05-22T14:39:54.820979719Z: [    7.000728] ena: Elastic Network Adapter (ENA) v1.1.2
[STDERR  ] 2017-05-22T14:39:54.820993203Z: [    7.001892] e1000: Intel(R) PRO/1000 Network Driver - version 7.3.21-k8-NAPI
[STDERR  ] 2017-05-22T14:39:54.821006299Z: [    7.002374] e1000: Copyright (c) 1999-2006 Intel Corporation.
[STDERR  ] 2017-05-22T14:39:54.821027518Z: [    7.010088] ACPI: PCI Interrupt Link [GSIG] enabled at IRQ 22
[STDERR  ] 2017-05-22T14:39:54.821041067Z: [    7.309470] ata1: SATA link down (SStatus 0 SControl 300)
[STDERR  ] 2017-05-22T14:39:54.821048153Z: [    7.311535] ata2: SATA link down (SStatus 0 SControl 300)
[STDERR  ] 2017-05-22T14:39:54.821071722Z: [    7.318880] ata3: SATA link up 1.5 Gbps (SStatus 113 SControl 300)
[STDERR  ] 2017-05-22T14:39:54.821085158Z: [    7.322750] ata3.00: ATAPI: QEMU DVD-ROM, 2.5+, max UDMA/100
[STDERR  ] 2017-05-22T14:39:54.821107885Z: [    7.323236] ata3.00: applying bridge limits
[STDERR  ] 2017-05-22T14:39:54.821114551Z: [    7.324614] ata5: SATA link down (SStatus 0 SControl 300)
[STDERR  ] 2017-05-22T14:39:54.821134878Z: [    7.325156] ata4: SATA link down (SStatus 0 SControl 300)
[STDERR  ] 2017-05-22T14:39:54.821141874Z: [    7.325635] ata6: SATA link down (SStatus 0 SControl 300)
[STDERR  ] 2017-05-22T14:39:54.821154111Z: [    7.326684] ata3.00: configured for UDMA/100
[STDERR  ] 2017-05-22T14:39:54.821174427Z: [    7.338986] scsi 2:0:0:0: CD-ROM            QEMU     QEMU DVD-ROM     2.5+ PQ: 0 ANSI: 5
[STDERR  ] 2017-05-22T14:39:54.821188146Z: [    7.366577] sr 2:0:0:0: [sr0] scsi3-mmc drive: 4x/4x cd/rw xa/form2 tray
[STDERR  ] 2017-05-22T14:39:54.821201383Z: [    7.367205] cdrom: Uniform CD-ROM driver Revision: 3.20
[STDERR  ] 2017-05-22T14:39:54.821214575Z: [    7.372199] sr 2:0:0:0: Attached scsi generic sg0 type 5
[STDERR  ] 2017-05-22T14:39:54.821221611Z: [    7.376315] e1000 0000:00:02.0 eth0: (PCI:33MHz:32-bit) 52:54:00:12:34:56
[STDERR  ] 2017-05-22T14:39:54.821240718Z: [    7.376849] e1000 0000:00:02.0 eth0: Intel(R) PRO/1000 Network Connection
[STDERR  ] 2017-05-22T14:39:54.821253721Z: [    7.377616] e1000e: Intel(R) PRO/1000 Network Driver - 3.2.6-k
[STDERR  ] 2017-05-22T14:39:54.821260124Z: [    7.378016] e1000e: Copyright(c) 1999 - 2015 Intel Corporation.
[STDERR  ] 2017-05-22T14:39:54.821280237Z: [    7.378675] igb: Intel(R) Gigabit Ethernet Network Driver - version 5.4.0-k
[STDERR  ] 2017-05-22T14:39:54.821293395Z: [    7.379140] igb: Copyright (c) 2007-2014 Intel Corporation.
[STDERR  ] 2017-05-22T14:39:54.821306702Z: [    7.379814] igbvf: Intel(R) Gigabit Virtual Function Network Driver - version 2.4.0-k
[STDERR  ] 2017-05-22T14:39:54.821316284Z: [    7.380374] igbvf: Copyright (c) 2009 - 2012 Intel Corporation.
[STDERR  ] 2017-05-22T14:39:54.821335686Z: [    7.380995] ixgbe: Intel(R) 10 Gigabit PCI Express Network Driver - version 5.0.0-k
[STDERR  ] 2017-05-22T14:39:54.821342102Z: [    7.381492] ixgbe: Copyright (c) 1999-2016 Intel Corporation.
[STDERR  ] 2017-05-22T14:39:54.821362433Z: [    7.382816] ixgbevf: Intel(R) 10 Gigabit PCI Express Virtual Function Network Driver - version 3.2.2-k
[STDERR  ] 2017-05-22T14:39:54.821375972Z: [    7.383429] ixgbevf: Copyright (c) 2009 - 2015 Intel Corporation.
[STDERR  ] 2017-05-22T14:39:54.82138935Z: [    7.384849] ixgb: Intel(R) PRO/10GbE Network Driver - version 1.0.135-k2-NAPI
[STDERR  ] 2017-05-22T14:39:54.821402572Z: [    7.385331] ixgb: Copyright (c) 1999-2008 Intel Corporation.
[STDERR  ] 2017-05-22T14:39:54.821415054Z: [    7.386167] PPP generic driver version 2.4.2
[STDERR  ] 2017-05-22T14:39:54.821422551Z: [    7.387371] PPP BSD Compression module registered
[STDERR  ] 2017-05-22T14:39:54.821434814Z: [    7.387748] PPP Deflate Compression module registered
[STDERR  ] 2017-05-22T14:39:54.821455338Z: [    7.388273] PPP MPPE Compression module registered
[STDERR  ] 2017-05-22T14:39:54.82146904Z: [    7.388636] NET: Registered protocol family 24
[STDERR  ] 2017-05-22T14:39:54.821482362Z: [    7.389154] PPTP driver version 0.8.5
[STDERR  ] 2017-05-22T14:39:54.821495609Z: [    7.390347] VMware vmxnet3 virtual NIC driver - version 1.4.a.0-k-NAPI
[STDERR  ] 2017-05-22T14:39:54.821509393Z: [    7.391103] hv_vmbus: registering driver hv_netvsc
[STDERR  ] 2017-05-22T14:39:54.821522328Z: [    7.391452] Fusion MPT base driver 3.04.20
[STDERR  ] 2017-05-22T14:39:54.821535917Z: [    7.391733] Copyright (c) 1999-2008 LSI Corporation
[STDERR  ] 2017-05-22T14:39:54.821560999Z: [    7.392239] Fusion MPT SPI Host driver 3.04.20
[STDERR  ] 2017-05-22T14:39:54.821575879Z: [    7.397126] aoe: AoE v85 initialised.
[STDERR  ] 2017-05-22T14:39:54.821595577Z: [    7.398784] i8042: PNP: PS/2 Controller [PNP0303:KBD,PNP0f13:MOU] at 0x60,0x64 irq 1,12
[STDERR  ] 2017-05-22T14:39:54.821616312Z: [    7.402476] serio: i8042 KBD port at 0x60,0x64 irq 1
[STDERR  ] 2017-05-22T14:39:54.821630141Z: [    7.403087] serio: i8042 AUX port at 0x60,0x64 irq 12
[STDERR  ] 2017-05-22T14:39:54.821652572Z: [    7.406259] hv_vmbus: registering driver hyperv_keyboard
[STDERR  ] 2017-05-22T14:39:54.821666726Z: [    7.407931] mousedev: PS/2 mouse device common for all mice
[STDERR  ] 2017-05-22T14:39:54.82167409Z: [    7.412007] input: AT Translated Set 2 keyboard as /devices/platform/i8042/serio0/input/input1
[STDERR  ] 2017-05-22T14:39:54.821687308Z: [    7.414641] input: PC Speaker as /devices/platform/pcspkr/input/input2
[STDERR  ] 2017-05-22T14:39:54.821708105Z: [    7.417842] rtc_cmos 00:00: RTC can wake from S4
[STDERR  ] 2017-05-22T14:39:54.821721507Z: [    7.420573] rtc_cmos 00:00: rtc core: registered rtc_cmos as rtc0
[STDERR  ] 2017-05-22T14:39:54.821734574Z: [    7.421789] rtc_cmos 00:00: alarms up to one day, y3k, 114 bytes nvram, hpet irqs
[STDERR  ] 2017-05-22T14:39:54.821751902Z: [    7.422450] i2c /dev entries driver
[STDERR  ] 2017-05-22T14:39:54.821771735Z: [    7.424405] device-mapper: ioctl: 4.35.0-ioctl (2016-06-23) initialised: dm-devel@redhat.com
[STDERR  ] 2017-05-22T14:39:54.821781315Z: [    7.428083] hv_utils: Registering HyperV Utility Driver
[STDERR  ] 2017-05-22T14:39:54.821794596Z: [    7.428455] hv_vmbus: registering driver hv_util
[STDERR  ] 2017-05-22T14:39:54.821815195Z: [    7.428769] hv_vmbus: registering driver hv_balloon
[STDERR  ] 2017-05-22T14:39:54.821822288Z: [    7.429340] oprofile: using NMI interrupt.
[STDERR  ] 2017-05-22T14:39:54.821842034Z: [    7.430408] GACT probability on
[STDERR  ] 2017-05-22T14:39:54.821855488Z: [    7.430892] Mirror/redirect action on
[STDERR  ] 2017-05-22T14:39:54.821862071Z: [    7.431650] Simple TC action Loaded
[STDERR  ] 2017-05-22T14:39:54.821882976Z: [    7.434152] netem: version 1.3
[STDERR  ] 2017-05-22T14:39:54.821896709Z: [    7.434429] u32 classifier
[STDERR  ] 2017-05-22T14:39:54.821910497Z: [    7.434630]     Performance counters on
[STDERR  ] 2017-05-22T14:39:54.821923788Z: [    7.434892]     input device check on
[STDERR  ] 2017-05-22T14:39:54.821937184Z: [    7.435145]     Actions configured
[STDERR  ] 2017-05-22T14:39:54.8219507Z: [    7.435693] Netfilter messages via NETLINK v0.30.
[STDERR  ] 2017-05-22T14:39:54.821964518Z: [    7.436202] nfnl_acct: registering with nfnetlink.
[STDERR  ] 2017-05-22T14:39:54.8219785Z: [    7.437725] nf_conntrack version 0.5.0 (8192 buckets, 32768 max)
[STDERR  ] 2017-05-22T14:39:54.821992073Z: [    7.439979] ctnetlink v0.93: registering with nfnetlink.
[STDERR  ] 2017-05-22T14:39:54.822005481Z: [    7.442766] nf_tables: (c) 2007-2009 Patrick McHardy <kaber@trash.net>
[STDERR  ] 2017-05-22T14:39:54.82201959Z: [    7.443574] nf_tables_compat: (c) 2012 Pablo Neira Ayuso <pablo@netfilter.org>
[STDERR  ] 2017-05-22T14:39:54.822033134Z: [    7.446190] xt_time: kernel timezone is -0000
[STDERR  ] 2017-05-22T14:39:54.822047212Z: [    7.446701] ip_set: protocol 6
[STDERR  ] 2017-05-22T14:39:54.822054073Z: [    7.447319] IPVS: Registered protocols (TCP, UDP, SCTP, AH, ESP)
[STDERR  ] 2017-05-22T14:39:54.822072877Z: [    7.447887] IPVS: Connection hash table configured (size=4096, memory=64Kbytes)
[STDERR  ] 2017-05-22T14:39:54.822085009Z: [    7.449481] IPVS: Creating netns size=2096 id=0
[STDERR  ] 2017-05-22T14:39:54.82209093Z: [    7.452086] IPVS: ipvs loaded.
[STDERR  ] 2017-05-22T14:39:54.822111591Z: [    7.452436] IPVS: [rr] scheduler registered.
[STDERR  ] 2017-05-22T14:39:54.822119115Z: [    7.452762] IPVS: [wrr] scheduler registered.
[STDERR  ] 2017-05-22T14:39:54.822138224Z: [    7.453118] IPVS: [lc] scheduler registered.
[STDERR  ] 2017-05-22T14:39:54.82214505Z: [    7.453413] IPVS: [wlc] scheduler registered.
[STDERR  ] 2017-05-22T14:39:54.822164378Z: [    7.454196] IPVS: [fo] scheduler registered.
[STDERR  ] 2017-05-22T14:39:54.822178018Z: [    7.454508] IPVS: [ovf] scheduler registered.
[STDERR  ] 2017-05-22T14:39:54.822206691Z: [    7.454918] IPVS: [lblc] scheduler registered.
[STDERR  ] 2017-05-22T14:39:54.822214897Z: [    7.455333] IPVS: [lblcr] scheduler registered.
[STDERR  ] 2017-05-22T14:39:54.822227823Z: [    7.455660] IPVS: [dh] scheduler registered.
[STDERR  ] 2017-05-22T14:39:54.822253633Z: [    7.455957] IPVS: [sh] scheduler registered.
[STDERR  ] 2017-05-22T14:39:54.822267511Z: [    7.456253] IPVS: [sed] scheduler registered.
[STDERR  ] 2017-05-22T14:39:54.822274832Z: [    7.456553] IPVS: [nq] scheduler registered.
[STDERR  ] 2017-05-22T14:39:54.822293677Z: [    7.457236] IPVS: ftp: loaded support on port[0] = 21
[STDERR  ] 2017-05-22T14:39:54.822300585Z: [    7.458005] ipip: IPv4 and MPLS over IPv4 tunneling driver
[STDERR  ] 2017-05-22T14:39:54.822320587Z: [    7.460986] gre: GRE over IPv4 demultiplexor driver
[STDERR  ] 2017-05-22T14:39:54.822334149Z: [    7.461355] ip_gre: GRE over IPv4 tunneling driver
[STDERR  ] 2017-05-22T14:39:54.82234765Z: [    7.465332] IPv4 over IPsec tunneling driver
[STDERR  ] 2017-05-22T14:39:54.822361134Z: [    7.470350] ip_tables: (C) 2000-2006 Netfilter Core Team
[STDERR  ] 2017-05-22T14:39:54.822374885Z: [    7.474218] ipt_CLUSTERIP: ClusterIP Version 0.8 loaded successfully
[STDERR  ] 2017-05-22T14:39:54.822395463Z: [    7.474873] arp_tables: arp_tables: (C) 2002 David S. Miller
[STDERR  ] 2017-05-22T14:39:54.822408518Z: [    7.476655] Initializing XFRM netlink socket
[STDERR  ] 2017-05-22T14:39:54.822415335Z: [    7.477642] NET: Registered protocol family 10
[STDERR  ] 2017-05-22T14:39:54.822427467Z: [    7.488067] Segment Routing with IPv6
[STDERR  ] 2017-05-22T14:39:54.822446457Z: [    7.489177] mip6: Mobile IPv6
[STDERR  ] 2017-05-22T14:39:54.822458852Z: [    7.490027] ip6_tables: (C) 2000-2006 Netfilter Core Team
[STDERR  ] 2017-05-22T14:39:54.822465677Z: [    7.497109] sit: IPv6, IPv4 and MPLS over IPv4 tunneling driver
[STDERR  ] 2017-05-22T14:39:54.82248525Z: [    7.502276] ip6_gre: GRE over IPv6 tunneling driver
[STDERR  ] 2017-05-22T14:39:54.822507496Z: [    7.505315] NET: Registered protocol family 17
[STDERR  ] 2017-05-22T14:39:54.82252856Z: [    7.505858] NET: Registered protocol family 15
[STDERR  ] 2017-05-22T14:39:54.822541601Z: [    7.506713] Bridge firewalling registered
[STDERR  ] 2017-05-22T14:39:54.822554874Z: [    7.507210] Ebtables v2.0 registered
[STDERR  ] 2017-05-22T14:39:54.822567649Z: [    7.510039] l2tp_core: L2TP core driver, V2.0
[STDERR  ] 2017-05-22T14:39:54.822580653Z: [    7.510464] l2tp_ppp: PPPoL2TP kernel driver, V2.0
[STDERR  ] 2017-05-22T14:39:54.822594563Z: [    7.510812] 8021q: 802.1Q VLAN Support v1.8
[STDERR  ] 2017-05-22T14:39:54.82260778Z: [    7.512116] 9pnet: Installing 9P2000 support
[STDERR  ] 2017-05-22T14:39:54.822620588Z: [    7.512841] Key type dns_resolver registered
[STDERR  ] 2017-05-22T14:39:54.822633939Z: [    7.513190] openvswitch: Open vSwitch switching datapath
[STDERR  ] 2017-05-22T14:39:54.822647169Z: [    7.515333] mpls_gso: MPLS GSO support
[STDERR  ] 2017-05-22T14:39:54.822654217Z: [    7.518337] registered taskstats version 1
[STDERR  ] 2017-05-22T14:39:54.822673657Z: [    7.645674] Key type big_key registered
[STDERR  ] 2017-05-22T14:39:54.822680379Z: [    7.685302] tsc: Refined TSC clocksource calibration: 2300.105 MHz
[STDERR  ] 2017-05-22T14:39:54.822706141Z: [    7.685908] clocksource: tsc: mask: 0xffffffffffffffff max_cycles: 0x2127986ccfe, max_idle_ns: 440795323246 ns
[STDERR  ] 2017-05-22T14:39:54.822726448Z: [    7.689401] Key type encrypted registered
[STDERR  ] 2017-05-22T14:39:54.822740484Z: [    7.693321] rtc_cmos 00:00: setting system clock to 2017-05-22 14:39:20 UTC (1495463960)
[STDERR  ] 2017-05-22T14:39:54.822753613Z: [    7.845186] Freeing unused kernel memory: 1480K
[STDERR  ] 2017-05-22T14:39:54.822760723Z: [    7.845601] Write protecting the kernel read-only data: 14336k
[STDERR  ] 2017-05-22T14:39:54.822780651Z: [    7.854789] Freeing unused kernel memory: 552K
[STDERR  ] 2017-05-22T14:39:54.822787359Z: [    7.956819] Freeing unused kernel memory: 940K
[STDERR  ] 2017-05-22T14:39:54.822807705Z: [    8.704284] clocksource: Switched to clocksource tsc
[STDERR  ] 2017-05-22T14:39:54.82282859Z: 
[STDERR  ] 2017-05-22T14:39:54.82283612Z: Welcome to LinuxKit
[STDERR  ] 2017-05-22T14:39:54.822848509Z: 
[STDERR  ] 2017-05-22T14:39:54.82287338Z:                         ##         .
[STDERR  ] 2017-05-22T14:39:54.822880782Z:                   ## ## ##        ==
[STDERR  ] 2017-05-22T14:39:54.822897907Z:                ## ## ## ## ##    ===
[STDERR  ] 2017-05-22T14:39:54.822921Z:            /"""""""""""""""""\___/ ===
[STDERR  ] 2017-05-22T14:39:54.82294075Z:       ~~~ {~~ ~~~~ ~~~ ~~~~ ~~~ ~ /  ===- ~~~
[STDERR  ] 2017-05-22T14:39:54.822955626Z:            \______ o           __/
[STDERR  ] 2017-05-22T14:39:54.822970198Z:              \    \         __/
[STDERR  ] 2017-05-22T14:39:54.822985177Z:               \____\_______/
[STDERR  ] 2017-05-22T14:39:54.822992455Z: 
[STDERR  ] 2017-05-22T14:39:54.823014599Z: 
[STDERR  ] 2017-05-22T14:39:54.823021117Z: 
[STDERR  ] 2017-05-22T14:39:54.823044811Z: Starting containerd
[STDERR  ] 2017-05-22T14:39:54.82305212Z: / # [6n[   16.048290] IPVS: Creating netns size=2096 id=1
[STDERR  ] 2017-05-22T14:39:54.82306799Z: [   16.048817] IPVS: ftp: loaded support on port[0] = 21
[STDERR  ] 2017-05-22T14:39:54.823089022Z: [34mINFO[0m[0000] starting containerd boot...                   [34mmodule[0m=containerd
[STDERR  ] 2017-05-22T14:39:54.823105875Z: [34mINFO[0m[0000] starting debug API...                         [34mdebug[0m="/run/containerd/debug.sock" [34mmodule[0m=containerd
[STDERR  ] 2017-05-22T14:39:54.823113646Z: [34mINFO[0m[0000] loading monitor plugin "cgroups"...           [34mmodule[0m=containerd
[STDERR  ] 2017-05-22T14:39:54.823135785Z: [34mINFO[0m[0000] loading runtime plugin "linux"...             [34mmodule[0m=containerd
[STDERR  ] 2017-05-22T14:39:54.82314893Z: [34mINFO[0m[0000] loading snapshot plugin "snapshot-overlay"...  [34mmodule[0m=containerd
[STDERR  ] 2017-05-22T14:39:54.823163468Z: [34mINFO[0m[0000] loading grpc service plugin "content-grpc"...  [34mmodule[0m=containerd
[STDERR  ] 2017-05-22T14:39:54.823169824Z: [34mINFO[0m[0000] loading grpc service plugin "diff-grpc"...    [34mmodule[0m=containerd
[STDERR  ] 2017-05-22T14:39:54.823191063Z: [34mINFO[0m[0000] loading grpc service plugin "snapshots-grpc"...  [34mmodule[0m=containerd
[STDERR  ] 2017-05-22T14:39:54.823205378Z: [34mINFO[0m[0000] loading grpc service plugin "version-grpc"...  [34mmodule[0m=containerd
[STDERR  ] 2017-05-22T14:39:54.823220061Z: [34mINFO[0m[0000] loading grpc service plugin "runtime-grpc"...  [34mmodule[0m=containerd
[STDERR  ] 2017-05-22T14:39:54.823234187Z: [34mINFO[0m[0000] loading grpc service plugin "healthcheck-grpc"...  [34mmodule[0m=containerd
[STDERR  ] 2017-05-22T14:39:54.823256979Z: [34mINFO[0m[0000] loading grpc service plugin "images-grpc"...  [34mmodule[0m=containerd
[STDERR  ] 2017-05-22T14:39:54.823270894Z: [34mINFO[0m[0001] loading grpc service plugin "metrics-grpc"...  [34mmodule[0m=containerd
[STDERR  ] 2017-05-22T14:39:54.823292658Z: [34mINFO[0m[0001] starting GRPC API server...                   [34mmodule[0m=containerd
[STDERR  ] 2017-05-22T14:39:54.823299426Z: [34mINFO[0m[0001] starting metrics API...                       [34mmetrics[0m=":13337" [34mmodule[0m=containerd
[STDERR  ] 2017-05-22T14:39:54.823321648Z: [34mINFO[0m[0001] containerd successfully booted in 0.677705s   [34mmodule[0m=containerd
[STDERR  ] 2017-05-22T14:39:54.823334594Z: starting kernel config sanity test with /proc/config.gz
[STDERR  ] 2017-05-22T14:39:54.82335095Z: CONFIG_DEBUG_RODATA=y
[STDERR  ] 2017-05-22T14:39:54.823364701Z: CONFIG_DEBUG_SET_MODULE_RONX=y
[STDERR  ] 2017-05-22T14:39:54.823373294Z: CONFIG_BUG_ON_DATA_CORRUPTION=y
[STDERR  ] 2017-05-22T14:39:54.823389577Z: kernel config test succeeded!
[STDERR  ] 2017-05-22T14:39:54.823413594Z: [37minfo: reading kernel config from /proc/config.gz ...[m
[STDERR  ] 2017-05-22T14:39:54.823422361Z: 
[STDERR  ] 2017-05-22T14:39:54.823443309Z: Generally Necessary:
[STDERR  ] 2017-05-22T14:39:54.823454662Z: - [37mcgroup hierarchy[m: [32mproperly mounted[m [/sys/fs/cgroup]
[STDERR  ] 2017-05-22T14:39:54.823478671Z: - [37mCONFIG_NAMESPACES[m: [32menabled[m
[STDERR  ] 2017-05-22T14:39:54.823491838Z: - [37mCONFIG_NET_NS[m: [32menabled[m
[STDERR  ] 2017-05-22T14:39:54.823513554Z: - [37mCONFIG_PID_NS[m: [32menabled[m
[STDERR  ] 2017-05-22T14:39:54.823528936Z: - [37mCONFIG_IPC_NS[m: [32menabled[m
[STDERR  ] 2017-05-22T14:39:54.823543551Z: - [37mCONFIG_UTS_NS[m: [32menabled[m
[STDERR  ] 2017-05-22T14:39:54.823557552Z: - [37mCONFIG_CGROUPS[m: [32menabled[m
[STDERR  ] 2017-05-22T14:39:54.823571793Z: - [37mCONFIG_CGROUP_CPUACCT[m: [32menabled[m
[STDERR  ] 2017-05-22T14:39:54.823585346Z: - [37mCONFIG_CGROUP_DEVICE[m: [32menabled[m
[STDERR  ] 2017-05-22T14:39:54.823601363Z: - [37mCONFIG_CGROUP_FREEZER[m: [32menabled[m
[STDERR  ] 2017-05-22T14:39:54.823608507Z: - [37mCONFIG_CGROUP_SCHED[m: [32menabled[m
[STDERR  ] 2017-05-22T14:39:54.823632639Z: - [37mCONFIG_CPUSETS[m: [32menabled[m
[STDERR  ] 2017-05-22T14:39:54.823639198Z: - [37mCONFIG_MEMCG[m: [32menabled[m
[STDERR  ] 2017-05-22T14:39:54.82366071Z: - [37mCONFIG_KEYS[m: [32menabled[m
[STDERR  ] 2017-05-22T14:39:54.823672729Z: - [37mCONFIG_VETH[m: [32menabled[m
[STDERR  ] 2017-05-22T14:39:54.823694659Z: - [37mCONFIG_BRIDGE[m: [32menabled[m
[STDERR  ] 2017-05-22T14:39:54.823700903Z: - [37mCONFIG_BRIDGE_NETFILTER[m: [32menabled[m
[STDERR  ] 2017-05-22T14:39:54.823723662Z: - [37mCONFIG_NF_NAT_IPV4[m: [32menabled[m
[STDERR  ] 2017-05-22T14:39:54.823736919Z: - [37mCONFIG_IP_NF_FILTER[m: [32menabled[m
[STDERR  ] 2017-05-22T14:39:54.823744821Z: - [37mCONFIG_IP_NF_TARGET_MASQUERADE[m: [32menabled[m
[STDERR  ] 2017-05-22T14:39:54.823759878Z: - [37mCONFIG_NETFILTER_XT_MATCH_ADDRTYPE[m: [32menabled[m
[STDERR  ] 2017-05-22T14:39:54.823781216Z: - [37mCONFIG_NETFILTER_XT_MATCH_CONNTRACK[m: [32menabled[m
[STDERR  ] 2017-05-22T14:39:54.823793822Z: - [37mCONFIG_NETFILTER_XT_MATCH_IPVS[m: [32menabled[m
[STDERR  ] 2017-05-22T14:39:54.823808593Z: - [37mCONFIG_IP_NF_NAT[m: [32menabled[m
[STDERR  ] 2017-05-22T14:39:54.823822466Z: - [37mCONFIG_NF_NAT[m: [32menabled[m
[STDERR  ] 2017-05-22T14:39:54.823837887Z: - [37mCONFIG_NF_NAT_NEEDED[m: [32menabled[m
[STDERR  ] 2017-05-22T14:39:54.823851102Z: - [37mCONFIG_POSIX_MQUEUE[m: [32menabled[m
[STDERR  ] 2017-05-22T14:39:54.823869698Z: 
[STDERR  ] 2017-05-22T14:39:54.823886274Z: Optional Features:
[STDERR  ] 2017-05-22T14:39:54.823900365Z: - [37mCONFIG_USER_NS[m: [32menabled[m
[STDERR  ] 2017-05-22T14:39:54.823908831Z: - [37mCONFIG_SECCOMP[m: [32menabled[m
[STDERR  ] 2017-05-22T14:39:54.823928754Z: - [37mCONFIG_CGROUP_PIDS[m: [32menabled[m
[STDERR  ] 2017-05-22T14:39:54.823943657Z: - [37mCONFIG_MEMCG_SWAP[m: [32menabled[m
[STDERR  ] 2017-05-22T14:39:54.823949861Z: - [37mCONFIG_MEMCG_SWAP_ENABLED[m: [32menabled[m
[STDERR  ] 2017-05-22T14:39:54.823973983Z:     [1;30m(cgroup swap accounting is currently enabled)[m
[STDERR  ] 2017-05-22T14:39:54.823981211Z: - [1mCONFIG_LEGACY_VSYSCALL_NONE[m: [1;31menabled[m
[STDERR  ] 2017-05-22T14:39:54.824002415Z:     [1;30m(containers using eglibc <= 2.13 will not work. Switch to[m
[STDERR  ] 2017-05-22T14:39:54.824012068Z:     [1;30m "CONFIG_VSYSCALL_[NATIVE|EMULATE]" or use "vsyscall=[native|emulate]"[m
[STDERR  ] 2017-05-22T14:39:54.824034368Z:     [1;30m on kernel command line. Note that this will disable ASLR for the,[m
[STDERR  ] 2017-05-22T14:39:54.824053798Z:     [1;30m VDSO which may assist in exploiting security vulnerabilities.)[m
[STDERR  ] 2017-05-22T14:39:54.824067509Z: - [37mCONFIG_BLK_CGROUP[m: [32menabled[m
[STDERR  ] 2017-05-22T14:39:54.824080768Z: - [37mCONFIG_BLK_DEV_THROTTLING[m: [32menabled[m
[STDERR  ] 2017-05-22T14:39:54.824096555Z: - [37mCONFIG_IOSCHED_CFQ[m: [32menabled[m
[STDERR  ] 2017-05-22T14:39:54.824110021Z: - [37mCONFIG_CFQ_GROUP_IOSCHED[m: [32menabled[m
[STDERR  ] 2017-05-22T14:39:54.82412521Z: - [37mCONFIG_CGROUP_PERF[m: [32menabled[m
[STDERR  ] 2017-05-22T14:39:54.824145676Z: - [37mCONFIG_CGROUP_HUGETLB[m: [32menabled[m
[STDERR  ] 2017-05-22T14:39:54.824154493Z: - [37mCONFIG_NET_CLS_CGROUP[m: [32menabled[m
[STDERR  ] 2017-05-22T14:39:54.824172987Z: - [37mCONFIG_CGROUP_NET_PRIO[m: [32menabled[m
[STDERR  ] 2017-05-22T14:39:54.824198715Z: - [37mCONFIG_CFS_BANDWIDTH[m: [32menabled[m
[STDERR  ] 2017-05-22T14:39:54.824213055Z: - [37mCONFIG_FAIR_GROUP_SCHED[m: [32menabled[m
[STDERR  ] 2017-05-22T14:39:54.824226631Z: - [37mCONFIG_RT_GROUP_SCHED[m: [32menabled[m
[STDERR  ] 2017-05-22T14:39:54.824240991Z: - [37mCONFIG_IP_VS[m: [32menabled[m
[STDERR  ] 2017-05-22T14:39:54.824256682Z: - [37mCONFIG_IP_VS_NFCT[m: [32menabled[m
[STDERR  ] 2017-05-22T14:39:54.824270197Z: - [37mCONFIG_IP_VS_RR[m: [32menabled[m
[STDERR  ] 2017-05-22T14:39:54.824284721Z: - [37mCONFIG_EXT4_FS[m: [32menabled[m
[STDERR  ] 2017-05-22T14:39:54.824297959Z: - [37mCONFIG_EXT4_FS_POSIX_ACL[m: [32menabled[m
[STDERR  ] 2017-05-22T14:39:54.824315081Z: - [37mCONFIG_EXT4_FS_SECURITY[m: [32menabled[m
[STDERR  ] 2017-05-22T14:39:54.824330637Z: - Network Drivers:
[STDERR  ] 2017-05-22T14:39:54.824345708Z:   - "[34moverlay[m":
[STDERR  ] 2017-05-22T14:39:54.824352806Z:     - [37mCONFIG_VXLAN[m: [32menabled[m
[STDERR  ] 2017-05-22T14:39:54.824374679Z:       Optional (for encrypted networks):
[STDERR  ] 2017-05-22T14:39:54.824388156Z:       - [37mCONFIG_CRYPTO[m: [32menabled[m
[STDERR  ] 2017-05-22T14:39:54.824402364Z:       - [37mCONFIG_CRYPTO_AEAD[m: [32menabled[m
[STDERR  ] 2017-05-22T14:39:54.824408907Z:       - [37mCONFIG_CRYPTO_GCM[m: [32menabled[m
[STDERR  ] 2017-05-22T14:39:54.824429436Z:       - [37mCONFIG_CRYPTO_SEQIV[m: [32menabled[m
[STDERR  ] 2017-05-22T14:39:54.824437711Z:       - [37mCONFIG_CRYPTO_GHASH[m: [32menabled[m
[STDERR  ] 2017-05-22T14:39:54.824457786Z:       - [37mCONFIG_XFRM[m: [32menabled[m
[STDERR  ] 2017-05-22T14:39:54.824465503Z:       - [37mCONFIG_XFRM_USER[m: [32menabled[m
[STDERR  ] 2017-05-22T14:39:54.824485776Z:       - [37mCONFIG_XFRM_ALGO[m: [32menabled[m
[STDERR  ] 2017-05-22T14:39:54.824501167Z:       - [37mCONFIG_INET_ESP[m: [32menabled[m
[STDERR  ] 2017-05-22T14:39:54.824521121Z:       - [37mCONFIG_INET_XFRM_MODE_TRANSPORT[m: [32menabled[m
[STDERR  ] 2017-05-22T14:39:54.824536123Z:   - "[34mipvlan[m":
[STDERR  ] 2017-05-22T14:39:54.824544047Z:     - [37mCONFIG_IPVLAN[m: [32menabled[m
[STDERR  ] 2017-05-22T14:39:54.824567031Z:   - "[34mmacvlan[m":
[STDERR  ] 2017-05-22T14:39:54.824580988Z:     - [37mCONFIG_MACVLAN[m: [32menabled[m
[STDERR  ] 2017-05-22T14:39:54.824596462Z:     - [37mCONFIG_DUMMY[m: [32menabled[m
[STDERR  ] 2017-05-22T14:39:54.824602581Z:   - "[34mftp,tftp client in container[m":
[STDERR  ] 2017-05-22T14:39:54.824624163Z:     - [37mCONFIG_NF_NAT_FTP[m: [32menabled[m
[STDERR  ] 2017-05-22T14:39:54.82463716Z:     - [37mCONFIG_NF_CONNTRACK_FTP[m: [32menabled[m
[STDERR  ] 2017-05-22T14:39:54.824652938Z:     - [37mCONFIG_NF_NAT_TFTP[m: [32menabled[m
[STDERR  ] 2017-05-22T14:39:54.824660939Z:     - [37mCONFIG_NF_CONNTRACK_TFTP[m: [32menabled[m
[STDERR  ] 2017-05-22T14:39:54.824674671Z: - Storage Drivers:
[STDERR  ] 2017-05-22T14:39:54.824695973Z:   - "[34maufs[m":
[STDERR  ] 2017-05-22T14:39:54.824704373Z:     - [1mCONFIG_AUFS_FS[m: [1;31mmissing[m
[STDERR  ] 2017-05-22T14:39:54.824719765Z:   - "[34mbtrfs[m":
[STDERR  ] 2017-05-22T14:39:54.824742504Z:     - [37mCONFIG_BTRFS_FS[m: [32menabled (as module)[m
[STDERR  ] 2017-05-22T14:39:54.824764762Z:     - [37mCONFIG_BTRFS_FS_POSIX_ACL[m: [32menabled[m
[STDERR  ] 2017-05-22T14:39:54.824779994Z:   - "[34mdevicemapper[m":
[STDERR  ] 2017-05-22T14:39:54.824795411Z:     - [37mCONFIG_BLK_DEV_DM[m: [32menabled[m
[STDERR  ] 2017-05-22T14:39:54.824809361Z:     - [37mCONFIG_DM_THIN_PROVISIONING[m: [32menabled[m
[STDERR  ] 2017-05-22T14:39:54.824828195Z:   - "[34moverlay[m":
[STDERR  ] 2017-05-22T14:39:54.824843958Z:     - [37mCONFIG_OVERLAY_FS[m: [32menabled[m
[STDERR  ] 2017-05-22T14:39:54.824864462Z:   - "[34mzfs[m":
[STDERR  ] 2017-05-22T14:39:54.824873236Z:     - [1m/dev/zfs[m: [1;31mmissing[m
[STDERR  ] 2017-05-22T14:39:54.824886994Z:     - [1mzfs command[m: [1;31mmissing[m
[STDERR  ] 2017-05-22T14:39:54.824913014Z:     - [1mzpool command[m: [1;31mmissing[m
[STDERR  ] 2017-05-22T14:39:54.824929495Z: 
[STDERR  ] 2017-05-22T14:39:54.82494362Z: Limits:
[STDERR  ] 2017-05-22T14:39:54.824951671Z: [37m- /proc/sys/kernel/keys/root_maxkeys[m: [32m1000000[m
[STDERR  ] 2017-05-22T14:39:54.824971746Z: 
[STDERR  ] 2017-05-22T14:39:54.824988703Z: Kernel config test suite PASSED
[STDERR  ] 2017-05-22T14:39:54.825001626Z: 
[STDERR  ] 2017-05-22T14:39:54.825008164Z:                         ##         .
[STDERR  ] 2017-05-22T14:39:54.825030529Z:                   ## ## ##        ==
[STDERR  ] 2017-05-22T14:39:54.825037936Z:                ## ## ## ## ##    ===
[STDERR  ] 2017-05-22T14:39:54.825060291Z:            /"""""""""""""""""\___/ ===
[STDERR  ] 2017-05-22T14:39:54.825066773Z:       ~~~ {~~ ~~~~ ~~~ ~~~~ ~~~ ~ /  ===- ~~~
[STDERR  ] 2017-05-22T14:39:54.825088807Z:            \______ o           __/
[STDERR  ] 2017-05-22T14:39:54.82510289Z:              \    \         __/
[STDERR  ] 2017-05-22T14:39:54.825118408Z:               \____\_______/
[STDERR  ] 2017-05-22T14:39:54.825132602Z:  - 000-check-kernel-config
[STDERR  ] 2017-05-22T14:39:54.825147955Z: [   41.027326] ACPI: Preparing to enter system sleep state S5
[STDERR  ] 2017-05-22T14:39:54.825154886Z: [   41.028492] reboot: Power down
[STDERR  ] 2017-05-22T14:39:54.825172223Z: + grep -q suite PASSED
[STDERR  ] 2017-05-22T14:39:54.825194904Z: + echo [    0.000000] Linux version 4.11.2-linuxkit (root@84baa8e89c00) (gcc version 6.2.1 20160822 (Alpine 6.2.1) ) #1 SMP Mon May 22 13:52:02 UTC 2017
[STDERR  ] 2017-05-22T14:39:54.825210356Z: [    0.000000] Command line: console=ttyS0
[STDERR  ] 2017-05-22T14:39:54.825224606Z: [    0.000000] x86/fpu: x87 FPU will use FXSAVE
[STDERR  ] 2017-05-22T14:39:54.825232202Z: [    0.000000] e820: BIOS-provided physical RAM map:
[STDERR  ] 2017-05-22T14:39:54.825245899Z: [    0.000000] BIOS-e820: [mem 0x0000000000000000-0x000000000009fbff] usable
[STDERR  ] 2017-05-22T14:39:54.825268576Z: [    0.000000] BIOS-e820: [mem 0x000000000009fc00-0x000000000009ffff] reserved
[STDERR  ] 2017-05-22T14:39:54.825282337Z: [    0.000000] BIOS-e820: [mem 0x00000000000f0000-0x00000000000fffff] reserved
[STDERR  ] 2017-05-22T14:39:54.825297362Z: [    0.000000] BIOS-e820: [mem 0x0000000000100000-0x000000003ffdefff] usable
[STDERR  ] 2017-05-22T14:39:54.8253113Z: [    0.000000] BIOS-e820: [mem 0x000000003ffdf000-0x000000003fffffff] reserved
[STDERR  ] 2017-05-22T14:39:54.825331379Z: [    0.000000] BIOS-e820: [mem 0x00000000b0000000-0x00000000bfffffff] reserved
[STDERR  ] 2017-05-22T14:39:54.825345521Z: [    0.000000] BIOS-e820: [mem 0x00000000fed1c000-0x00000000fed1ffff] reserved
[STDERR  ] 2017-05-22T14:39:54.825360485Z: [    0.000000] BIOS-e820: [mem 0x00000000fffc0000-0x00000000ffffffff] reserved
[STDERR  ] 2017-05-22T14:39:54.82537355Z: [    0.000000] NX (Execute Disable) protection: active
[STDERR  ] 2017-05-22T14:39:54.82538919Z: [    0.000000] SMBIOS 2.8 present.
[STDERR  ] 2017-05-22T14:39:54.825399703Z: [    0.000000] DMI: QEMU Standard PC (Q35 + ICH9, 2009), BIOS rel-1.10.1-0-g8891697-prebuilt.qemu-project.org 04/01/2014
[STDERR  ] 2017-05-22T14:39:54.825422437Z: [    0.000000] e820: last_pfn = 0x3ffdf max_arch_pfn = 0x400000000
[STDERR  ] 2017-05-22T14:39:54.825428623Z: [    0.000000] x86/PAT: Configuration [0-7]: WB  WC  UC- UC  WB  WC  UC- WT  
[STDERR  ] 2017-05-22T14:39:54.82545817Z: [    0.000000] found SMP MP-table at [mem 0x000f6aa0-0x000f6aaf] mapped at [ffff8c02000f6aa0]
[STDERR  ] 2017-05-22T14:39:54.825471184Z: [    0.000000] RAMDISK: [mem 0x3df31000-0x3ffcffff]
[STDERR  ] 2017-05-22T14:39:54.825486635Z: [    0.000000] ACPI: Early table checksum verification disabled
[STDERR  ] 2017-05-22T14:39:54.825499417Z: [    0.000000] ACPI: RSDP 0x00000000000F68C0 000014 (v00 BOCHS )
[STDERR  ] 2017-05-22T14:39:54.82552031Z: [    0.000000] ACPI: RSDT 0x000000003FFE2404 000034 (v01 BOCHS  BXPCRSDT 00000001 BXPC 00000001)
[STDERR  ] 2017-05-22T14:39:54.825533798Z: [    0.000000] ACPI: FACP 0x000000003FFE22A4 000074 (v01 BOCHS  BXPCFACP 00000001 BXPC 00000001)
[STDERR  ] 2017-05-22T14:39:54.825553398Z: [    0.000000] ACPI: DSDT 0x000000003FFE0040 002264 (v01 BOCHS  BXPCDSDT 00000001 BXPC 00000001)
[STDERR  ] 2017-05-22T14:39:54.825567686Z: [    0.000000] ACPI: FACS 0x000000003FFE0000 000040
[STDERR  ] 2017-05-22T14:39:54.825582351Z: [    0.000000] ACPI: APIC 0x000000003FFE2318 000078 (v01 BOCHS  BXPCAPIC 00000001 BXPC 00000001)
[STDERR  ] 2017-05-22T14:39:54.825596071Z: [    0.000000] ACPI: HPET 0x000000003FFE2390 000038 (v01 BOCHS  BXPCHPET 00000001 BXPC 00000001)
[STDERR  ] 2017-05-22T14:39:54.825617828Z: [    0.000000] ACPI: MCFG 0x000000003FFE23C8 00003C (v01 BOCHS  BXPCMCFG 00000001 BXPC 00000001)
[STDERR  ] 2017-05-22T14:39:54.825633011Z: [    0.000000] Zone ranges:
[STDERR  ] 2017-05-22T14:39:54.825640957Z: [    0.000000]   DMA      [mem 0x0000000000001000-0x0000000000ffffff]
[STDERR  ] 2017-05-22T14:39:54.825653066Z: [    0.000000]   DMA32    [mem 0x0000000001000000-0x000000003ffdefff]
[STDERR  ] 2017-05-22T14:39:54.825676597Z: [    0.000000]   Normal   empty
[STDERR  ] 2017-05-22T14:39:54.825683815Z: [    0.000000] Movable zone start for each node
[STDERR  ] 2017-05-22T14:39:54.825709873Z: [    0.000000] Early memory node ranges
[STDERR  ] 2017-05-22T14:39:54.825723585Z: [    0.000000]   node   0: [mem 0x0000000000001000-0x000000000009efff]
[STDERR  ] 2017-05-22T14:39:54.825731653Z: [    0.000000]   node   0: [mem 0x0000000000100000-0x000000003ffdefff]
[STDERR  ] 2017-05-22T14:39:54.825753079Z: [    0.000000] Initmem setup node 0 [mem 0x0000000000001000-0x000000003ffdefff]
[STDERR  ] 2017-05-22T14:39:54.825767657Z: [    0.000000] ACPI: PM-Timer IO Port: 0x608
[STDERR  ] 2017-05-22T14:39:54.825781906Z: [    0.000000] ACPI: LAPIC_NMI (acpi_id[0xff] dfl dfl lint[0x1])
[STDERR  ] 2017-05-22T14:39:54.825797935Z: [    0.000000] IOAPIC[0]: apic_id 0, version 32, address 0xfec00000, GSI 0-23
[STDERR  ] 2017-05-22T14:39:54.825804939Z: [    0.000000] ACPI: INT_SRC_OVR (bus 0 bus_irq 0 global_irq 2 dfl dfl)
[STDERR  ] 2017-05-22T14:39:54.825819335Z: [    0.000000] ACPI: INT_SRC_OVR (bus 0 bus_irq 5 global_irq 5 high level)
[STDERR  ] 2017-05-22T14:39:54.825841374Z: [    0.000000] ACPI: INT_SRC_OVR (bus 0 bus_irq 9 global_irq 9 high level)
[STDERR  ] 2017-05-22T14:39:54.825855791Z: [    0.000000] ACPI: INT_SRC_OVR (bus 0 bus_irq 10 global_irq 10 high level)
[STDERR  ] 2017-05-22T14:39:54.825869064Z: [    0.000000] ACPI: INT_SRC_OVR (bus 0 bus_irq 11 global_irq 11 high level)
[STDERR  ] 2017-05-22T14:39:54.825876105Z: [    0.000000] Using ACPI (MADT) for SMP configuration information
[STDERR  ] 2017-05-22T14:39:54.825890643Z: [    0.000000] ACPI: HPET id: 0x8086a201 base: 0xfed00000
[STDERR  ] 2017-05-22T14:39:54.825911179Z: [    0.000000] smpboot: Allowing 1 CPUs, 0 hotplug CPUs
[STDERR  ] 2017-05-22T14:39:54.825925916Z: [    0.000000] e820: [mem 0x40000000-0xafffffff] available for PCI devices
[STDERR  ] 2017-05-22T14:39:54.825939471Z: [    0.000000] Booting paravirtualized kernel on bare hardware
[STDERR  ] 2017-05-22T14:39:54.825955215Z: [    0.000000] clocksource: refined-jiffies: mask: 0xffffffff max_cycles: 0xffffffff, max_idle_ns: 19112604462750000 ns
[STDERR  ] 2017-05-22T14:39:54.825968677Z: [    0.000000] setup_percpu: NR_CPUS:128 nr_cpumask_bits:128 nr_cpu_ids:1 nr_node_ids:1
[STDERR  ] 2017-05-22T14:39:54.825976859Z: [    0.000000] percpu: Embedded 37 pages/cpu @ffff8c023dc00000 s113368 r8192 d29992 u2097152
[STDERR  ] 2017-05-22T14:39:54.825997566Z: [    0.000000] Built 1 zonelists in Zone order, mobility grouping on.  Total pages: 257896
[STDERR  ] 2017-05-22T14:39:54.826021282Z: [    0.000000] Kernel command line: console=ttyS0
[STDERR  ] 2017-05-22T14:39:54.826035975Z: [    0.000000] PID hash table entries: 4096 (order: 3, 32768 bytes)
[STDERR  ] 2017-05-22T14:39:54.826054569Z: [    0.000000] Dentry cache hash table entries: 131072 (order: 8, 1048576 bytes)
[STDERR  ] 2017-05-22T14:39:54.826068672Z: [    0.000000] Inode-cache hash table entries: 65536 (order: 7, 524288 bytes)
[STDERR  ] 2017-05-22T14:39:54.826076637Z: [    0.000000] Memory: 978356K/1048052K available (9675K kernel code, 1603K rwdata, 3156K rodata, 1480K init, 592K bss, 69696K reserved, 0K cma-reserved)
[STDERR  ] 2017-05-22T14:39:54.826104929Z: [    0.000000] Hierarchical RCU implementation.
[STDERR  ] 2017-05-22T14:39:54.826118026Z: [    0.000000] 	Build-time adjustment of leaf fanout to 64.
[STDERR  ] 2017-05-22T14:39:54.82613294Z: [    0.000000] 	RCU restricting CPUs from NR_CPUS=128 to nr_cpu_ids=1.
[STDERR  ] 2017-05-22T14:39:54.826149497Z: [    0.000000] RCU: Adjusting geometry for rcu_fanout_leaf=64, nr_cpu_ids=1
[STDERR  ] 2017-05-22T14:39:54.826173555Z: [    0.000000] NR_IRQS:8448 nr_irqs:256 16
[STDERR  ] 2017-05-22T14:39:54.826184679Z: [    0.000000] Console: colour VGA+ 80x25
[STDERR  ] 2017-05-22T14:39:54.826205855Z: [    0.000000] console [ttyS0] enabled
[STDERR  ] 2017-05-22T14:39:54.826212158Z: [    0.000000] clocksource: hpet: mask: 0xffffffff max_cycles: 0xffffffff, max_idle_ns: 19112604467 ns
[STDERR  ] 2017-05-22T14:39:54.826237056Z: [    0.010000] tsc: Fast TSC calibration using PIT
[STDERR  ] 2017-05-22T14:39:54.826251306Z: [    0.020000] tsc: Detected 2300.364 MHz processor
[STDERR  ] 2017-05-22T14:39:54.82625957Z: [    0.020000] Calibrating delay loop (skipped), value calculated using timer frequency.. 4600.72 BogoMIPS (lpj=23003640)
[STDERR  ] 2017-05-22T14:39:54.826285004Z: [    0.020000] pid_max: default: 32768 minimum: 301
[STDERR  ] 2017-05-22T14:39:54.826298595Z: [    0.020000] ACPI: Core revision 20170119
[STDERR  ] 2017-05-22T14:39:54.826305402Z: [    0.070790] ACPI: 1 ACPI AML tables successfully acquired and loaded
[STDERR  ] 2017-05-22T14:39:54.826328855Z: [    0.075420] Security Framework initialized
[STDERR  ] 2017-05-22T14:39:54.826336149Z: [    0.075943] Yama: becoming mindful.
[STDERR  ] 2017-05-22T14:39:54.826358912Z: [    0.077830] Mount-cache hash table entries: 2048 (order: 2, 16384 bytes)
[STDERR  ] 2017-05-22T14:39:54.826374246Z: [    0.078410] Mountpoint-cache hash table entries: 2048 (order: 2, 16384 bytes)
[STDERR  ] 2017-05-22T14:39:54.826388979Z: [    0.095751] Last level iTLB entries: 4KB 0, 2MB 0, 4MB 0
[STDERR  ] 2017-05-22T14:39:54.826395157Z: [    0.096210] Last level dTLB entries: 4KB 0, 2MB 0, 4MB 0, 1GB 0
[STDERR  ] 2017-05-22T14:39:54.826423365Z: [    0.474262] Freeing SMP alternatives memory: 24K
[STDERR  ] 2017-05-22T14:39:54.826439934Z: [    0.483042] ftrace: allocating 42597 entries in 167 pages
[STDERR  ] 2017-05-22T14:39:54.826460016Z: [    0.679269] smpboot: Max logical packages: 1
[STDERR  ] 2017-05-22T14:39:54.826475529Z: [    0.684756] ..TIMER: vector=0x30 apic1=0 pin1=2 apic2=-1 pin2=-1
[STDERR  ] 2017-05-22T14:39:54.826489419Z: [    0.790000] smpboot: CPU0: AMD QEMU Virtual CPU version 2.5+ (family: 0x6, model: 0x6, stepping: 0x3)
[STDERR  ] 2017-05-22T14:39:54.826508442Z: [    0.790000] Performance Events: PMU not available due to virtualization, using software events only.
[STDERR  ] 2017-05-22T14:39:54.826522771Z: [    0.796001] NMI watchdog: disabled (cpu0): hardware events not enabled
[STDERR  ] 2017-05-22T14:39:54.82653731Z: [    0.796464] NMI watchdog: Shutting down hard lockup detector on all cpus
[STDERR  ] 2017-05-22T14:39:54.826551497Z: [    0.799132] smp: Bringing up secondary CPUs ...
[STDERR  ] 2017-05-22T14:39:54.826566288Z: [    0.799515] smp: Brought up 1 node, 1 CPU
[STDERR  ] 2017-05-22T14:39:54.826573573Z: [    0.800117] smpboot: Total of 1 processors activated (4600.72 BogoMIPS)
[STDERR  ] 2017-05-22T14:39:54.826587761Z: [    0.805173] sched_clock: Marking stable (800000000, 0)->(1057388920, -257388920)
[STDERR  ] 2017-05-22T14:39:54.826609594Z: [    0.815749] devtmpfs: initialized
[STDERR  ] 2017-05-22T14:39:54.826618516Z: [    0.820049] x86/mm: Memory block size: 128MB
[STDERR  ] 2017-05-22T14:39:54.826646026Z: [    0.882548] clocksource: jiffies: mask: 0xffffffff max_cycles: 0xffffffff, max_idle_ns: 19112604462750000 ns
[STDERR  ] 2017-05-22T14:39:54.826658721Z: [    0.883402] futex hash table entries: 256 (order: 2, 16384 bytes)
[STDERR  ] 2017-05-22T14:39:54.826682156Z: [    0.891980] NET: Registered protocol family 16
[STDERR  ] 2017-05-22T14:39:54.82670042Z: [    0.898872] cpuidle: using governor ladder
[STDERR  ] 2017-05-22T14:39:54.826722264Z: [    0.899298] cpuidle: using governor menu
[STDERR  ] 2017-05-22T14:39:54.82673139Z: [    0.899834] PCCT header not found.
[STDERR  ] 2017-05-22T14:39:54.826746315Z: [    0.900933] ACPI: bus type PCI registered
[STDERR  ] 2017-05-22T14:39:54.826768054Z: [    0.903408] PCI: MMCONFIG for domain 0000 [bus 00-ff] at [mem 0xb0000000-0xbfffffff] (base 0xb0000000)
[STDERR  ] 2017-05-22T14:39:54.826782008Z: [    0.904284] PCI: MMCONFIG at [mem 0xb0000000-0xbfffffff] reserved in E820
[STDERR  ] 2017-05-22T14:39:54.826795287Z: [    0.905550] PCI: Using configuration type 1 for base access
[STDERR  ] 2017-05-22T14:39:54.826804286Z: [    0.958950] HugeTLB registered 2 MB page size, pre-allocated 0 pages
[STDERR  ] 2017-05-22T14:39:54.826826261Z: [    0.969287] ACPI: Added _OSI(Module Device)
[STDERR  ] 2017-05-22T14:39:54.826833975Z: [    0.969763] ACPI: Added _OSI(Processor Device)
[STDERR  ] 2017-05-22T14:39:54.826856188Z: [    0.970071] ACPI: Added _OSI(3.0 _SCP Extensions)
[STDERR  ] 2017-05-22T14:39:54.826870266Z: [    0.970385] ACPI: Added _OSI(Processor Aggregator Device)
[STDERR  ] 2017-05-22T14:39:54.826885469Z: [    1.042217] ACPI: Interpreter enabled
[STDERR  ] 2017-05-22T14:39:54.826901071Z: [    1.043018] ACPI: (supports S0 S5)
[STDERR  ] 2017-05-22T14:39:54.826908067Z: [    1.043317] ACPI: Using IOAPIC for interrupt routing
[STDERR  ] 2017-05-22T14:39:54.826922761Z: [    1.045019] PCI: Using host bridge windows from ACPI; if necessary, use "pci=nocrs" and report a bug
[STDERR  ] 2017-05-22T14:39:54.826944617Z: [    1.104752] ACPI: PCI Root Bridge [PCI0] (domain 0000 [bus 00-ff])
[STDERR  ] 2017-05-22T14:39:54.826960318Z: [    1.105662] acpi PNP0A08:00: _OSC: OS supports [ExtendedConfig ASPM ClockPM Segments MSI]
[STDERR  ] 2017-05-22T14:39:54.826975105Z: [    1.111170] acpi PNP0A08:00: _OSC: OS now controls [PCIeHotplug PME PCIeCapability]
[STDERR  ] 2017-05-22T14:39:54.826990223Z: [    1.114746] PCI host bridge to bus 0000:00
[STDERR  ] 2017-05-22T14:39:54.827006387Z: [    1.115232] pci_bus 0000:00: root bus resource [io  0x0000-0x0cf7 window]
[STDERR  ] 2017-05-22T14:39:54.827022699Z: [    1.115717] pci_bus 0000:00: root bus resource [io  0x0d00-0xffff window]
[STDERR  ] 2017-05-22T14:39:54.827037418Z: [    1.116174] pci_bus 0000:00: root bus resource [mem 0x000a0000-0x000bffff window]
[STDERR  ] 2017-05-22T14:39:54.82705146Z: [    1.116671] pci_bus 0000:00: root bus resource [mem 0xc0000000-0xfebfffff window]
[STDERR  ] 2017-05-22T14:39:54.827064838Z: [    1.117273] pci_bus 0000:00: root bus resource [bus 00-ff]
[STDERR  ] 2017-05-22T14:39:54.827079897Z: [    1.204109] pci 0000:00:1f.0: quirk: [io  0x0600-0x067f] claimed by ICH6 ACPI/GPIO/TCO
[STDERR  ] 2017-05-22T14:39:54.827098034Z: [    1.256326] ACPI: PCI Interrupt Link [LNKA] (IRQs 5 *10 11)
[STDERR  ] 2017-05-22T14:39:54.827112279Z: [    1.258190] ACPI: PCI Interrupt Link [LNKB] (IRQs 5 *10 11)
[STDERR  ] 2017-05-22T14:39:54.827125463Z: [    1.260224] ACPI: PCI Interrupt Link [LNKC] (IRQs 5 10 *11)
[STDERR  ] 2017-05-22T14:39:54.827147133Z: [    1.261878] ACPI: PCI Interrupt Link [LNKD] (IRQs 5 10 *11)
[STDERR  ] 2017-05-22T14:39:54.8271547Z: [    1.263472] ACPI: PCI Interrupt Link [LNKE] (IRQs 5 *10 11)
[STDERR  ] 2017-05-22T14:39:54.827176388Z: [    1.265068] ACPI: PCI Interrupt Link [LNKF] (IRQs 5 *10 11)
[STDERR  ] 2017-05-22T14:39:54.82718359Z: [    1.266658] ACPI: PCI Interrupt Link [LNKG] (IRQs 5 10 *11)
[STDERR  ] 2017-05-22T14:39:54.827205651Z: [    1.268293] ACPI: PCI Interrupt Link [LNKH] (IRQs 5 10 *11)
[STDERR  ] 2017-05-22T14:39:54.827226609Z: [    1.269064] ACPI: PCI Interrupt Link [GSIA] (IRQs *16)
[STDERR  ] 2017-05-22T14:39:54.827243771Z: [    1.269823] ACPI: PCI Interrupt Link [GSIB] (IRQs *17)
[STDERR  ] 2017-05-22T14:39:54.827258769Z: [    1.270450] ACPI: PCI Interrupt Link [GSIC] (IRQs *18)
[STDERR  ] 2017-05-22T14:39:54.827278545Z: [    1.271058] ACPI: PCI Interrupt Link [GSID] (IRQs *19)
[STDERR  ] 2017-05-22T14:39:54.827299323Z: [    1.271644] ACPI: PCI Interrupt Link [GSIE] (IRQs *20)
[STDERR  ] 2017-05-22T14:39:54.827315222Z: [    1.272229] ACPI: PCI Interrupt Link [GSIF] (IRQs *21)
[STDERR  ] 2017-05-22T14:39:54.827328352Z: [    1.272812] ACPI: PCI Interrupt Link [GSIG] (IRQs *22)
[STDERR  ] 2017-05-22T14:39:54.827344242Z: [    1.273396] ACPI: PCI Interrupt Link [GSIH] (IRQs *23)
[STDERR  ] 2017-05-22T14:39:54.827357191Z: [    1.276571] ACPI: Enabled 2 GPEs in block 00 to 3F
[STDERR  ] 2017-05-22T14:39:54.827470882Z: [    1.280205] SCSI subsystem initialized
[STDERR  ] 2017-05-22T14:39:54.827485584Z: [    1.282496] pps_core: LinuxPPS API ver. 1 registered
[STDERR  ] 2017-05-22T14:39:54.827499126Z: [    1.282915] pps_core: Software ver. 5.3.6 - Copyright 2005-2007 Rodolfo Giometti <giometti@linux.it>
[STDERR  ] 2017-05-22T14:39:54.827509509Z: [    1.283624] PTP clock support registered
[STDERR  ] 2017-05-22T14:39:54.827529647Z: [    1.284617] wmi: Mapper loaded
[STDERR  ] 2017-05-22T14:39:54.827538241Z: [    1.285642] PCI: Using ACPI for IRQ routing
[STDERR  ] 2017-05-22T14:39:54.82755964Z: [    1.303059] NetLabel: Initializing
[STDERR  ] 2017-05-22T14:39:54.827567635Z: [    1.303328] NetLabel:  domain hash size = 128
[STDERR  ] 2017-05-22T14:39:54.827581674Z: [    1.303625] NetLabel:  protocols = UNLABELED CIPSOv4 CALIPSO
[STDERR  ] 2017-05-22T14:39:54.827645143Z: [    1.305541] NetLabel:  unlabeled traffic allowed by default
[STDERR  ] 2017-05-22T14:39:54.827660595Z: [    1.306471] HPET: 3 timers in total, 0 timers will be used for per-cpu timer
[STDERR  ] 2017-05-22T14:39:54.827674509Z: [    1.307199] hpet0: at MMIO 0xfed00000, IRQs 2, 8, 0
[STDERR  ] 2017-05-22T14:39:54.827689202Z: [    1.307637] hpet0: 3 comparators, 64-bit 100.000000 MHz counter
[STDERR  ] 2017-05-22T14:39:54.827703665Z: [    1.315366] clocksource: Switched to clocksource hpet
[STDERR  ] 2017-05-22T14:39:54.827717233Z: [    1.610756] VFS: Disk quotas dquot_6.6.0
[STDERR  ] 2017-05-22T14:39:54.827726672Z: [    1.611490] VFS: Dquot-cache hash table entries: 512 (order 0, 4096 bytes)
[STDERR  ] 2017-05-22T14:39:54.827756067Z: [    1.613860] FS-Cache: Loaded
[STDERR  ] 2017-05-22T14:39:54.827762804Z: [    1.618654] CacheFiles: Loaded
[STDERR  ] 2017-05-22T14:39:54.827810943Z: [    1.620036] pnp: PnP ACPI init
[STDERR  ] 2017-05-22T14:39:54.827825117Z: [    1.630468] pnp: PnP ACPI: found 5 devices
[STDERR  ] 2017-05-22T14:39:54.82783991Z: [    1.668417] clocksource: acpi_pm: mask: 0xffffff max_cycles: 0xffffff, max_idle_ns: 2085701024 ns
[STDERR  ] 2017-05-22T14:39:54.827854518Z: [    1.671045] NET: Registered protocol family 2
[STDERR  ] 2017-05-22T14:39:54.827869242Z: [    1.678123] TCP established hash table entries: 8192 (order: 4, 65536 bytes)
[STDERR  ] 2017-05-22T14:39:54.827876166Z: [    1.678844] TCP bind hash table entries: 8192 (order: 5, 131072 bytes)
[STDERR  ] 2017-05-22T14:39:54.827896452Z: [    1.679506] TCP: Hash tables configured (established 8192 bind 8192)
[STDERR  ] 2017-05-22T14:39:54.82791256Z: [    1.681366] UDP hash table entries: 512 (order: 2, 16384 bytes)
[STDERR  ] 2017-05-22T14:39:54.827918947Z: [    1.681961] UDP-Lite hash table entries: 512 (order: 2, 16384 bytes)
[STDERR  ] 2017-05-22T14:39:54.827963799Z: [    1.684883] NET: Registered protocol family 1
[STDERR  ] 2017-05-22T14:39:54.827979014Z: [    1.687929] RPC: Registered named UNIX socket transport module.
[STDERR  ] 2017-05-22T14:39:54.827993691Z: [    1.688382] RPC: Registered udp transport module.
[STDERR  ] 2017-05-22T14:39:54.828007757Z: [    1.688704] RPC: Registered tcp transport module.
[STDERR  ] 2017-05-22T14:39:54.828020778Z: [    1.689022] RPC: Registered tcp NFSv4.1 backchannel transport module.
[STDERR  ] 2017-05-22T14:39:54.828036248Z: [    1.689777] pci 0000:00:01.0: Video device with shadowed ROM at [mem 0x000c0000-0x000dffff]
[STDERR  ] 2017-05-22T14:39:54.828056615Z: [    1.698394] Unpacking initramfs...
[STDERR  ] 2017-05-22T14:39:54.828077221Z: [    6.662904] Freeing initrd memory: 33404K
[STDERR  ] 2017-05-22T14:39:54.82810633Z: [    6.685562] PCLMULQDQ-NI instructions are not detected.
[STDERR  ] 2017-05-22T14:39:54.828127387Z: [    6.686666] AVX or AES-NI instructions are not detected.
[STDERR  ] 2017-05-22T14:39:54.828140371Z: [    6.687109] CPU feature 'AVX registers' is not supported.
[STDERR  ] 2017-05-22T14:39:54.828168404Z: [    6.687511] CPU feature 'AVX registers' is not supported.
[STDERR  ] 2017-05-22T14:39:54.828184511Z: [    6.687907] CPU feature 'AVX registers' is not supported.
[STDERR  ] 2017-05-22T14:39:54.828197564Z: [    6.688371] CPU feature 'AVX registers' is not supported.
[STDERR  ] 2017-05-22T14:39:54.828213077Z: [    6.688759] AVX2 or AES-NI instructions are not detected.
[STDERR  ] 2017-05-22T14:39:54.828233456Z: [    6.689146] AVX2 instructions are not detected.
[STDERR  ] 2017-05-22T14:39:54.82824182Z: [    6.693463] audit: initializing netlink subsys (disabled)
[STDERR  ] 2017-05-22T14:39:54.828255228Z: [    6.700263] audit: type=2000 audit(1495463958.690:1): state=initialized audit_enabled=0 res=1
[STDERR  ] 2017-05-22T14:39:54.828299656Z: [    6.701395] workingset: timestamp_bits=46 max_order=18 bucket_order=0
[STDERR  ] 2017-05-22T14:39:54.828308521Z: [    6.708049] FS-Cache: Netfs 'nfs' registered for caching
[STDERR  ] 2017-05-22T14:39:54.828327887Z: [    6.709796] NFS: Registering the id_resolver key type
[STDERR  ] 2017-05-22T14:39:54.828343532Z: [    6.711063] Key type id_resolver registered
[STDERR  ] 2017-05-22T14:39:54.82835266Z: [    6.711390] Key type id_legacy registered
[STDERR  ] 2017-05-22T14:39:54.828375132Z: [    6.711776] nfs4filelayout_init: NFSv4 File Layout Driver Registering...
[STDERR  ] 2017-05-22T14:39:54.828388145Z: [    6.712524] Installing knfsd (copyright (C) 1996 okir@monad.swb.de).
[STDERR  ] 2017-05-22T14:39:54.828404072Z: [    6.715902] FS-Cache: Netfs 'cifs' registered for caching
[STDERR  ] 2017-05-22T14:39:54.828423979Z: [    6.716776] ntfs: driver 2.1.32 [Flags: R/O].
[STDERR  ] 2017-05-22T14:39:54.828461463Z: [    6.717285] fuse init (API version 7.26)
[STDERR  ] 2017-05-22T14:39:54.828474733Z: [    6.719003] SGI XFS with ACLs, security attributes, no debug enabled
[STDERR  ] 2017-05-22T14:39:54.828482275Z: [    6.722755] 9p: Installing v9fs 9p2000 file system support
[STDERR  ] 2017-05-22T14:39:54.828496361Z: [    6.723213] FS-Cache: Netfs '9p' registered for caching
[STDERR  ] 2017-05-22T14:39:54.828516365Z: [    6.758933] NET: Registered protocol family 38
[STDERR  ] 2017-05-22T14:39:54.828531153Z: [    6.759467] Key type asymmetric registered
[STDERR  ] 2017-05-22T14:39:54.828538181Z: [    6.759804] Asymmetric key parser 'x509' registered
[STDERR  ] 2017-05-22T14:39:54.828555051Z: [    6.760415] Block layer SCSI generic (bsg) driver version 0.4 loaded (major 251)
[STDERR  ] 2017-05-22T14:39:54.828575226Z: [    6.761716] io scheduler noop registered
[STDERR  ] 2017-05-22T14:39:54.828590944Z: [    6.762044] io scheduler deadline registered (default)
[STDERR  ] 2017-05-22T14:39:54.82862664Z: [    6.762620] io scheduler cfq registered
[STDERR  ] 2017-05-22T14:39:54.828640515Z: [    6.762912] io scheduler mq-deadline registered
[STDERR  ] 2017-05-22T14:39:54.828656575Z: [    6.767188] shpchp: Standard Hot Plug PCI Controller Driver version: 0.4
[STDERR  ] 2017-05-22T14:39:54.828663866Z: [    6.767931] hv_vmbus: registering driver hyperv_fb
[STDERR  ] 2017-05-22T14:39:54.828686579Z: [    6.770581] input: Power Button as /devices/LNXSYSTM:00/LNXPWRBN:00/input/input0
[STDERR  ] 2017-05-22T14:39:54.82870126Z: [    6.771669] ACPI: Power Button [PWRF]
[STDERR  ] 2017-05-22T14:39:54.828709059Z: [    6.776401] GHES: HEST is not enabled!
[STDERR  ] 2017-05-22T14:39:54.828729219Z: [    6.787386] ACPI: PCI Interrupt Link [GSIH] enabled at IRQ 23
[STDERR  ] 2017-05-22T14:39:54.828744634Z: [    6.792655] xenfs: not registering filesystem on non-xen platform
[STDERR  ] 2017-05-22T14:39:54.828786804Z: [    6.794679] Serial: 8250/16550 driver, 4 ports, IRQ sharing disabled
[STDERR  ] 2017-05-22T14:39:54.828804888Z: [    6.820902] 00:04: ttyS0 at I/O 0x3f8 (irq = 4, base_baud = 115200) is a 16550A
[STDERR  ] 2017-05-22T14:39:54.828823619Z: [    6.826419] Initializing Nozomi driver 2.1d
[STDERR  ] 2017-05-22T14:39:54.828838969Z: [    6.830068] Non-volatile memory driver v1.3
[STDERR  ] 2017-05-22T14:39:54.828853409Z: [    6.835833] Hangcheck: starting hangcheck timer 0.9.1 (tick is 180 seconds, margin is 60 seconds).
[STDERR  ] 2017-05-22T14:39:54.828869691Z: [    6.841847] random: fast init done
[STDERR  ] 2017-05-22T14:39:54.828882721Z: [    6.843292] random: crng init done
[STDERR  ] 2017-05-22T14:39:54.828898074Z: [    6.874454] loop: module loaded
[STDERR  ] 2017-05-22T14:39:54.828904954Z: [    6.928312] lpc_ich 0000:00:1f.0: I/O space for GPIO uninitialized
[STDERR  ] 2017-05-22T14:39:54.828944869Z: [    6.929829] VMware PVSCSI driver - version 1.0.7.0-k
[STDERR  ] 2017-05-22T14:39:54.828963111Z: [    6.930451] hv_vmbus: registering driver hv_storvsc
[STDERR  ] 2017-05-22T14:39:54.82897663Z: [    6.939939] ACPI: PCI Interrupt Link [GSIA] enabled at IRQ 16
[STDERR  ] 2017-05-22T14:39:54.828992696Z: [    6.945973] ahci 0000:00:1f.2: AHCI 0001.0000 32 slots 6 ports 1.5 Gbps 0x3f impl SATA mode
[STDERR  ] 2017-05-22T14:39:54.829000066Z: [    6.946648] ahci 0000:00:1f.2: flags: ncq only 
[STDERR  ] 2017-05-22T14:39:54.829023023Z: [    6.961964] scsi host0: ahci
[STDERR  ] 2017-05-22T14:39:54.829042631Z: [    6.965062] scsi host1: ahci
[STDERR  ] 2017-05-22T14:39:54.829057845Z: [    6.966800] scsi host2: ahci
[STDERR  ] 2017-05-22T14:39:54.829072574Z: [    6.968500] scsi host3: ahci
[STDERR  ] 2017-05-22T14:39:54.829087644Z: [    6.970470] scsi host4: ahci
[STDERR  ] 2017-05-22T14:39:54.829122513Z: [    6.972116] scsi host5: ahci
[STDERR  ] 2017-05-22T14:39:54.829129599Z: [    6.973343] ata1: SATA max UDMA/133 abar m4096@0xfebf1000 port 0xfebf1100 irq 24
[STDERR  ] 2017-05-22T14:39:54.829162429Z: [    6.974108] ata2: SATA max UDMA/133 abar m4096@0xfebf1000 port 0xfebf1180 irq 24
[STDERR  ] 2017-05-22T14:39:54.829170564Z: [    6.974692] ata3: SATA max UDMA/133 abar m4096@0xfebf1000 port 0xfebf1200 irq 24
[STDERR  ] 2017-05-22T14:39:54.82919166Z: [    6.975172] ata4: SATA max UDMA/133 abar m4096@0xfebf1000 port 0xfebf1280 irq 24
[STDERR  ] 2017-05-22T14:39:54.829208058Z: [    6.975647] ata5: SATA max UDMA/133 abar m4096@0xfebf1000 port 0xfebf1300 irq 24
[STDERR  ] 2017-05-22T14:39:54.829221975Z: [    6.976120] ata6: SATA max UDMA/133 abar m4096@0xfebf1000 port 0xfebf1380 irq 24
[STDERR  ] 2017-05-22T14:39:54.829238244Z: [    6.984414] Ethernet Channel Bonding Driver: v3.7.1 (April 27, 2011)
[STDERR  ] 2017-05-22T14:39:54.829277767Z: [    6.999390] tun: Universal TUN/TAP device driver, 1.6
[STDERR  ] 2017-05-22T14:39:54.829287058Z: [    7.000728] ena: Elastic Network Adapter (ENA) v1.1.2
[STDERR  ] 2017-05-22T14:39:54.829302287Z: [    7.001892] e1000: Intel(R) PRO/1000 Network Driver - version 7.3.21-k8-NAPI
[STDERR  ] 2017-05-22T14:39:54.829322572Z: [    7.002374] e1000: Copyright (c) 1999-2006 Intel Corporation.
[STDERR  ] 2017-05-22T14:39:54.829330909Z: [    7.010088] ACPI: PCI Interrupt Link [GSIG] enabled at IRQ 22
[STDERR  ] 2017-05-22T14:39:54.829342948Z: [    7.309470] ata1: SATA link down (SStatus 0 SControl 300)
[STDERR  ] 2017-05-22T14:39:54.82936535Z: [    7.311535] ata2: SATA link down (SStatus 0 SControl 300)
[STDERR  ] 2017-05-22T14:39:54.829378398Z: [    7.318880] ata3: SATA link up 1.5 Gbps (SStatus 113 SControl 300)
[STDERR  ] 2017-05-22T14:39:54.829393576Z: [    7.322750] ata3.00: ATAPI: QEMU DVD-ROM, 2.5+, max UDMA/100
[STDERR  ] 2017-05-22T14:39:54.829445383Z: [    7.323236] ata3.00: applying bridge limits
[STDERR  ] 2017-05-22T14:39:54.829462027Z: [    7.324614] ata5: SATA link down (SStatus 0 SControl 300)
[STDERR  ] 2017-05-22T14:39:54.829475426Z: [    7.325156] ata4: SATA link down (SStatus 0 SControl 300)
[STDERR  ] 2017-05-22T14:39:54.829496611Z: [    7.325635] ata6: SATA link down (SStatus 0 SControl 300)
[STDERR  ] 2017-05-22T14:39:54.829510508Z: [    7.326684] ata3.00: configured for UDMA/100
[STDERR  ] 2017-05-22T14:39:54.829528873Z: [    7.338986] scsi 2:0:0:0: CD-ROM            QEMU     QEMU DVD-ROM     2.5+ PQ: 0 ANSI: 5
[STDERR  ] 2017-05-22T14:39:54.829544419Z: [    7.366577] sr 2:0:0:0: [sr0] scsi3-mmc drive: 4x/4x cd/rw xa/form2 tray
[STDERR  ] 2017-05-22T14:39:54.82956082Z: [    7.367205] cdrom: Uniform CD-ROM driver Revision: 3.20
[STDERR  ] 2017-05-22T14:39:54.829576237Z: [    7.372199] sr 2:0:0:0: Attached scsi generic sg0 type 5
[STDERR  ] 2017-05-22T14:39:54.829613086Z: [    7.376315] e1000 0000:00:02.0 eth0: (PCI:33MHz:32-bit) 52:54:00:12:34:56
[STDERR  ] 2017-05-22T14:39:54.829632373Z: [    7.376849] e1000 0000:00:02.0 eth0: Intel(R) PRO/1000 Network Connection
[STDERR  ] 2017-05-22T14:39:54.829646447Z: [    7.377616] e1000e: Intel(R) PRO/1000 Network Driver - 3.2.6-k
[STDERR  ] 2017-05-22T14:39:54.829660498Z: [    7.378016] e1000e: Copyright(c) 1999 - 2015 Intel Corporation.
[STDERR  ] 2017-05-22T14:39:54.829676087Z: [    7.378675] igb: Intel(R) Gigabit Ethernet Network Driver - version 5.4.0-k
[STDERR  ] 2017-05-22T14:39:54.829689662Z: [    7.379140] igb: Copyright (c) 2007-2014 Intel Corporation.
[STDERR  ] 2017-05-22T14:39:54.829705343Z: [    7.379814] igbvf: Intel(R) Gigabit Virtual Function Network Driver - version 2.4.0-k
[STDERR  ] 2017-05-22T14:39:54.829718984Z: [    7.380374] igbvf: Copyright (c) 2009 - 2012 Intel Corporation.
[STDERR  ] 2017-05-22T14:39:54.829734277Z: [    7.380995] ixgbe: Intel(R) 10 Gigabit PCI Express Network Driver - version 5.0.0-k
[STDERR  ] 2017-05-22T14:39:54.829747098Z: [    7.381492] ixgbe: Copyright (c) 1999-2016 Intel Corporation.
[STDERR  ] 2017-05-22T14:39:54.829776936Z: [    7.382816] ixgbevf: Intel(R) 10 Gigabit PCI Express Virtual Function Network Driver - version 3.2.2-k
[STDERR  ] 2017-05-22T14:39:54.829800249Z: [    7.383429] ixgbevf: Copyright (c) 2009 - 2015 Intel Corporation.
[STDERR  ] 2017-05-22T14:39:54.829813301Z: [    7.384849] ixgb: Intel(R) PRO/10GbE Network Driver - version 1.0.135-k2-NAPI
[STDERR  ] 2017-05-22T14:39:54.829836869Z: [    7.385331] ixgb: Copyright (c) 1999-2008 Intel Corporation.
[STDERR  ] 2017-05-22T14:39:54.829851531Z: [    7.386167] PPP generic driver version 2.4.2
[STDERR  ] 2017-05-22T14:39:54.829864201Z: [    7.387371] PPP BSD Compression module registered
[STDERR  ] 2017-05-22T14:39:54.829877216Z: [    7.387748] PPP Deflate Compression module registered
[STDERR  ] 2017-05-22T14:39:54.82989221Z: [    7.388273] PPP MPPE Compression module registered
[STDERR  ] 2017-05-22T14:39:54.829905598Z: [    7.388636] NET: Registered protocol family 24
[STDERR  ] 2017-05-22T14:39:54.829941223Z: [    7.389154] PPTP driver version 0.8.5
[STDERR  ] 2017-05-22T14:39:54.82995703Z: [    7.390347] VMware vmxnet3 virtual NIC driver - version 1.4.a.0-k-NAPI
[STDERR  ] 2017-05-22T14:39:54.829970165Z: [    7.391103] hv_vmbus: registering driver hv_netvsc
[STDERR  ] 2017-05-22T14:39:54.82998572Z: [    7.391452] Fusion MPT base driver 3.04.20
[STDERR  ] 2017-05-22T14:39:54.829992885Z: [    7.391733] Copyright (c) 1999-2008 LSI Corporation
[STDERR  ] 2017-05-22T14:39:54.83001405Z: [    7.392239] Fusion MPT SPI Host driver 3.04.20
[STDERR  ] 2017-05-22T14:39:54.830026544Z: [    7.397126] aoe: AoE v85 initialised.
[STDERR  ] 2017-05-22T14:39:54.830033021Z: [    7.398784] i8042: PNP: PS/2 Controller [PNP0303:KBD,PNP0f13:MOU] at 0x60,0x64 irq 1,12
[STDERR  ] 2017-05-22T14:39:54.830062618Z: [    7.402476] serio: i8042 KBD port at 0x60,0x64 irq 1
[STDERR  ] 2017-05-22T14:39:54.830077586Z: [    7.403087] serio: i8042 AUX port at 0x60,0x64 irq 12
[STDERR  ] 2017-05-22T14:39:54.830113064Z: [    7.406259] hv_vmbus: registering driver hyperv_keyboard
[STDERR  ] 2017-05-22T14:39:54.83012724Z: [    7.407931] mousedev: PS/2 mouse device common for all mice
[STDERR  ] 2017-05-22T14:39:54.830135031Z: [    7.412007] input: AT Translated Set 2 keyboard as /devices/platform/i8042/serio0/input/input1
[STDERR  ] 2017-05-22T14:39:54.830161453Z: [    7.414641] input: PC Speaker as /devices/platform/pcspkr/input/input2
[STDERR  ] 2017-05-22T14:39:54.830176485Z: [    7.417842] rtc_cmos 00:00: RTC can wake from S4
[STDERR  ] 2017-05-22T14:39:54.830196113Z: [    7.420573] rtc_cmos 00:00: rtc core: registered rtc_cmos as rtc0
[STDERR  ] 2017-05-22T14:39:54.830210622Z: [    7.421789] rtc_cmos 00:00: alarms up to one day, y3k, 114 bytes nvram, hpet irqs
[STDERR  ] 2017-05-22T14:39:54.830225089Z: [    7.422450] i2c /dev entries driver
[STDERR  ] 2017-05-22T14:39:54.830269Z: [    7.424405] device-mapper: ioctl: 4.35.0-ioctl (2016-06-23) initialised: dm-devel@redhat.com
[STDERR  ] 2017-05-22T14:39:54.830282631Z: [    7.428083] hv_utils: Registering HyperV Utility Driver
[STDERR  ] 2017-05-22T14:39:54.830297984Z: [    7.428455] hv_vmbus: registering driver hv_util
[STDERR  ] 2017-05-22T14:39:54.830311445Z: [    7.428769] hv_vmbus: registering driver hv_balloon
[STDERR  ] 2017-05-22T14:39:54.830327426Z: [    7.429340] oprofile: using NMI interrupt.
[STDERR  ] 2017-05-22T14:39:54.830334524Z: [    7.430408] GACT probability on
[STDERR  ] 2017-05-22T14:39:54.830349435Z: [    7.430892] Mirror/redirect action on
[STDERR  ] 2017-05-22T14:39:54.830370594Z: [    7.431650] Simple TC action Loaded
[STDERR  ] 2017-05-22T14:39:54.830386655Z: [    7.434152] netem: version 1.3
[STDERR  ] 2017-05-22T14:39:54.830400656Z: [    7.434429] u32 classifier
[STDERR  ] 2017-05-22T14:39:54.830439611Z: [    7.434630]     Performance counters on
[STDERR  ] 2017-05-22T14:39:54.830456079Z: [    7.434892]     input device check on
[STDERR  ] 2017-05-22T14:39:54.830470828Z: [    7.435145]     Actions configured
[STDERR  ] 2017-05-22T14:39:54.830483401Z: [    7.435693] Netfilter messages via NETLINK v0.30.
[STDERR  ] 2017-05-22T14:39:54.830496686Z: [    7.436202] nfnl_acct: registering with nfnetlink.
[STDERR  ] 2017-05-22T14:39:54.830511956Z: [    7.437725] nf_conntrack version 0.5.0 (8192 buckets, 32768 max)
[STDERR  ] 2017-05-22T14:39:54.830525319Z: [    7.439979] ctnetlink v0.93: registering with nfnetlink.
[STDERR  ] 2017-05-22T14:39:54.830540534Z: [    7.442766] nf_tables: (c) 2007-2009 Patrick McHardy <kaber@trash.net>
[STDERR  ] 2017-05-22T14:39:54.830547141Z: [    7.443574] nf_tables_compat: (c) 2012 Pablo Neira Ayuso <pablo@netfilter.org>
[STDERR  ] 2017-05-22T14:39:54.830560017Z: [    7.446190] xt_time: kernel timezone is -0000
[STDERR  ] 2017-05-22T14:39:54.830612022Z: [    7.446701] ip_set: protocol 6
[STDERR  ] 2017-05-22T14:39:54.830619465Z: [    7.447319] IPVS: Registered protocols (TCP, UDP, SCTP, AH, ESP)
[STDERR  ] 2017-05-22T14:39:54.830642157Z: [    7.447887] IPVS: Connection hash table configured (size=4096, memory=64Kbytes)
[STDERR  ] 2017-05-22T14:39:54.830655817Z: [    7.449481] IPVS: Creating netns size=2096 id=0
[STDERR  ] 2017-05-22T14:39:54.830671416Z: [    7.452086] IPVS: ipvs loaded.
[STDERR  ] 2017-05-22T14:39:54.830678036Z: [    7.452436] IPVS: [rr] scheduler registered.
[STDERR  ] 2017-05-22T14:39:54.830700403Z: [    7.452762] IPVS: [wrr] scheduler registered.
[STDERR  ] 2017-05-22T14:39:54.830713009Z: [    7.453118] IPVS: [lc] scheduler registered.
[STDERR  ] 2017-05-22T14:39:54.830728791Z: [    7.453413] IPVS: [wlc] scheduler registered.
[STDERR  ] 2017-05-22T14:39:54.830762801Z: [    7.454196] IPVS: [fo] scheduler registered.
[STDERR  ] 2017-05-22T14:39:54.830777069Z: [    7.454508] IPVS: [ovf] scheduler registered.
[STDERR  ] 2017-05-22T14:39:54.83079152Z: [    7.454918] IPVS: [lblc] scheduler registered.
[STDERR  ] 2017-05-22T14:39:54.830809911Z: [    7.455333] IPVS: [lblcr] scheduler registered.
[STDERR  ] 2017-05-22T14:39:54.830822934Z: [    7.455660] IPVS: [dh] scheduler registered.
[STDERR  ] 2017-05-22T14:39:54.830837187Z: [    7.455957] IPVS: [sh] scheduler registered.
[STDERR  ] 2017-05-22T14:39:54.830852361Z: [    7.456253] IPVS: [sed] scheduler registered.
[STDERR  ] 2017-05-22T14:39:54.830865276Z: [    7.456553] IPVS: [nq] scheduler registered.
[STDERR  ] 2017-05-22T14:39:54.830880604Z: [    7.457236] IPVS: ftp: loaded support on port[0] = 21
[STDERR  ] 2017-05-22T14:39:54.830910177Z: [    7.458005] ipip: IPv4 and MPLS over IPv4 tunneling driver
[STDERR  ] 2017-05-22T14:39:54.830942911Z: [    7.460986] gre: GRE over IPv4 demultiplexor driver
[STDERR  ] 2017-05-22T14:39:54.830949981Z: [    7.461355] ip_gre: GRE over IPv4 tunneling driver
[STDERR  ] 2017-05-22T14:39:54.830974408Z: [    7.465332] IPv4 over IPsec tunneling driver
[STDERR  ] 2017-05-22T14:39:54.830998996Z: [    7.470350] ip_tables: (C) 2000-2006 Netfilter Core Team
[STDERR  ] 2017-05-22T14:39:54.831006745Z: [    7.474218] ipt_CLUSTERIP: ClusterIP Version 0.8 loaded successfully
[STDERR  ] 2017-05-22T14:39:54.831027281Z: [    7.474873] arp_tables: arp_tables: (C) 2002 David S. Miller
[STDERR  ] 2017-05-22T14:39:54.83103434Z: [    7.476655] Initializing XFRM netlink socket
[STDERR  ] 2017-05-22T14:39:54.831055192Z: [    7.477642] NET: Registered protocol family 10
[STDERR  ] 2017-05-22T14:39:54.831092Z: [    7.488067] Segment Routing with IPv6
[STDERR  ] 2017-05-22T14:39:54.831108018Z: [    7.489177] mip6: Mobile IPv6
[STDERR  ] 2017-05-22T14:39:54.831122885Z: [    7.490027] ip6_tables: (C) 2000-2006 Netfilter Core Team
[STDERR  ] 2017-05-22T14:39:54.831137339Z: [    7.497109] sit: IPv6, IPv4 and MPLS over IPv4 tunneling driver
[STDERR  ] 2017-05-22T14:39:54.831151644Z: [    7.502276] ip6_gre: GRE over IPv6 tunneling driver
[STDERR  ] 2017-05-22T14:39:54.831159457Z: [    7.505315] NET: Registered protocol family 17
[STDERR  ] 2017-05-22T14:39:54.831177704Z: [    7.505858] NET: Registered protocol family 15
[STDERR  ] 2017-05-22T14:39:54.831193007Z: [    7.506713] Bridge firewalling registered
[STDERR  ] 2017-05-22T14:39:54.831199355Z: [    7.507210] Ebtables v2.0 registered
[STDERR  ] 2017-05-22T14:39:54.831249524Z: [    7.510039] l2tp_core: L2TP core driver, V2.0
[STDERR  ] 2017-05-22T14:39:54.831264924Z: [    7.510464] l2tp_ppp: PPPoL2TP kernel driver, V2.0
[STDERR  ] 2017-05-22T14:39:54.831280653Z: [    7.510812] 8021q: 802.1Q VLAN Support v1.8
[STDERR  ] 2017-05-22T14:39:54.831293554Z: [    7.512116] 9pnet: Installing 9P2000 support
[STDERR  ] 2017-05-22T14:39:54.831307299Z: [    7.512841] Key type dns_resolver registered
[STDERR  ] 2017-05-22T14:39:54.831321395Z: [    7.513190] openvswitch: Open vSwitch switching datapath
[STDERR  ] 2017-05-22T14:39:54.831328258Z: [    7.515333] mpls_gso: MPLS GSO support
[STDERR  ] 2017-05-22T14:39:54.831343543Z: [    7.518337] registered taskstats version 1
[STDERR  ] 2017-05-22T14:39:54.831362499Z: [    7.645674] Key type big_key registered
[STDERR  ] 2017-05-22T14:39:54.831377157Z: [    7.685302] tsc: Refined TSC clocksource calibration: 2300.105 MHz
[STDERR  ] 2017-05-22T14:39:54.8313909Z: [    7.685908] clocksource: tsc: mask: 0xffffffffffffffff max_cycles: 0x2127986ccfe, max_idle_ns: 440795323246 ns
[STDERR  ] 2017-05-22T14:39:54.831427604Z: [    7.689401] Key type encrypted registered
[STDERR  ] 2017-05-22T14:39:54.831442648Z: [    7.693321] rtc_cmos 00:00: setting system clock to 2017-05-22 14:39:20 UTC (1495463960)
[STDERR  ] 2017-05-22T14:39:54.831465604Z: [    7.845186] Freeing unused kernel memory: 1480K
[STDERR  ] 2017-05-22T14:39:54.831478622Z: [    7.845601] Write protecting the kernel read-only data: 14336k
[STDERR  ] 2017-05-22T14:39:54.83149278Z: [    7.854789] Freeing unused kernel memory: 552K
[STDERR  ] 2017-05-22T14:39:54.831506663Z: [    7.956819] Freeing unused kernel memory: 940K
[STDERR  ] 2017-05-22T14:39:54.831519629Z: [    8.704284] clocksource: Switched to clocksource tsc
[STDERR  ] 2017-05-22T14:39:54.831535037Z: 
[STDERR  ] 2017-05-22T14:39:54.831548027Z: Welcome to LinuxKit
[STDERR  ] 2017-05-22T14:39:54.831583898Z: 
[STDERR  ] 2017-05-22T14:39:54.831599893Z:                         ##         .
[STDERR  ] 2017-05-22T14:39:54.831614501Z:                   ## ## ##        ==
[STDERR  ] 2017-05-22T14:39:54.831633517Z:                ## ## ## ## ##    ===
[STDERR  ] 2017-05-22T14:39:54.831641607Z:            /"""""""""""""""""\___/ ===
[STDERR  ] 2017-05-22T14:39:54.831676364Z:       ~~~ {~~ ~~~~ ~~~ ~~~~ ~~~ ~ /  ===- ~~~
[STDERR  ] 2017-05-22T14:39:54.831692714Z:            \______ o           __/
[STDERR  ] 2017-05-22T14:39:54.831707556Z:              \    \         __/
[STDERR  ] 2017-05-22T14:39:54.831714125Z:               \____\_______/
[STDERR  ] 2017-05-22T14:39:54.83176243Z: 
[STDERR  ] 2017-05-22T14:39:54.831777601Z: 
[STDERR  ] 2017-05-22T14:39:54.831790849Z: 
[STDERR  ] 2017-05-22T14:39:54.831806796Z: Starting containerd
[STDERR  ] 2017-05-22T14:39:54.831820379Z: / # [6n[   16.048290] IPVS: Creating netns size=2096 id=1
[STDERR  ] 2017-05-22T14:39:54.83182885Z: [   16.048817] IPVS: ftp: loaded support on port[0] = 21
[STDERR  ] 2017-05-22T14:39:54.831850759Z: [34mINFO[0m[0000] starting containerd boot...                   [34mmodule[0m=containerd
[STDERR  ] 2017-05-22T14:39:54.831877357Z: [34mINFO[0m[0000] starting debug API...                         [34mdebug[0m="/run/containerd/debug.sock" [34mmodule[0m=containerd
[STDERR  ] 2017-05-22T14:39:54.831884428Z: [34mINFO[0m[0000] loading monitor plugin "cgroups"...           [34mmodule[0m=containerd
[STDERR  ] 2017-05-22T14:39:54.831929172Z: [34mINFO[0m[0000] loading runtime plugin "linux"...             [34mmodule[0m=containerd
[STDERR  ] 2017-05-22T14:39:54.831942591Z: [34mINFO[0m[0000] loading snapshot plugin "snapshot-overlay"...  [34mmodule[0m=containerd
[STDERR  ] 2017-05-22T14:39:54.831958092Z: [34mINFO[0m[0000] loading grpc service plugin "content-grpc"...  [34mmodule[0m=containerd
[STDERR  ] 2017-05-22T14:39:54.831971574Z: [34mINFO[0m[0000] loading grpc service plugin "diff-grpc"...    [34mmodule[0m=containerd
[STDERR  ] 2017-05-22T14:39:54.831986139Z: [34mINFO[0m[0000] loading grpc service plugin "snapshots-grpc"...  [34mmodule[0m=containerd
[STDERR  ] 2017-05-22T14:39:54.832002288Z: [34mINFO[0m[0000] loading grpc service plugin "version-grpc"...  [34mmodule[0m=containerd
[STDERR  ] 2017-05-22T14:39:54.832017548Z: [34mINFO[0m[0000] loading grpc service plugin "runtime-grpc"...  [34mmodule[0m=containerd
[STDERR  ] 2017-05-22T14:39:54.832032801Z: [34mINFO[0m[0000] loading grpc service plugin "healthcheck-grpc"...  [34mmodule[0m=containerd
[STDERR  ] 2017-05-22T14:39:54.832047767Z: [34mINFO[0m[0000] loading grpc service plugin "images-grpc"...  [34mmodule[0m=containerd
[STDERR  ] 2017-05-22T14:39:54.832081265Z: [34mINFO[0m[0001] loading grpc service plugin "metrics-grpc"...  [34mmodule[0m=containerd
[STDERR  ] 2017-05-22T14:39:54.832099095Z: [34mINFO[0m[0001] starting GRPC API server...                   [34mmodule[0m=containerd
[STDERR  ] 2017-05-22T14:39:54.83210837Z: [34mINFO[0m[0001] starting metrics API...                       [34mmetrics[0m=":13337" [34mmodule[0m=containerd
[STDERR  ] 2017-05-22T14:39:54.83212223Z: [34mINFO[0m[0001] containerd successfully booted in 0.677705s   [34mmodule[0m=containerd
[STDERR  ] 2017-05-22T14:39:54.832151775Z: starting kernel config sanity test with /proc/config.gz
[STDERR  ] 2017-05-22T14:39:54.832165686Z: CONFIG_DEBUG_RODATA=y
[STDERR  ] 2017-05-22T14:39:54.832184976Z: CONFIG_DEBUG_SET_MODULE_RONX=y
[STDERR  ] 2017-05-22T14:39:54.832192253Z: CONFIG_BUG_ON_DATA_CORRUPTION=y
[STDERR  ] 2017-05-22T14:39:54.832213721Z: kernel config test succeeded!
[STDERR  ] 2017-05-22T14:39:54.832241777Z: [37minfo: reading kernel config from /proc/config.gz ...[m
[STDERR  ] 2017-05-22T14:39:54.832263127Z: 
[STDERR  ] 2017-05-22T14:39:54.832278621Z: Generally Necessary:
[STDERR  ] 2017-05-22T14:39:54.832293119Z: - [37mcgroup hierarchy[m: [32mproperly mounted[m [/sys/fs/cgroup]
[STDERR  ] 2017-05-22T14:39:54.832309984Z: - [37mCONFIG_NAMESPACES[m: [32menabled[m
[STDERR  ] 2017-05-22T14:39:54.832325086Z: - [37mCONFIG_NET_NS[m: [32menabled[m
[STDERR  ] 2017-05-22T14:39:54.832339005Z: - [37mCONFIG_PID_NS[m: [32menabled[m
[STDERR  ] 2017-05-22T14:39:54.832353741Z: - [37mCONFIG_IPC_NS[m: [32menabled[m
[STDERR  ] 2017-05-22T14:39:54.832362411Z: - [37mCONFIG_UTS_NS[m: [32menabled[m
[STDERR  ] 2017-05-22T14:39:54.832422779Z: - [37mCONFIG_CGROUPS[m: [32menabled[m
[STDERR  ] 2017-05-22T14:39:54.832428848Z: - [37mCONFIG_CGROUP_CPUACCT[m: [32menabled[m
[STDERR  ] 2017-05-22T14:39:54.832451359Z: - [37mCONFIG_CGROUP_DEVICE[m: [32menabled[m
[STDERR  ] 2017-05-22T14:39:54.832458017Z: - [37mCONFIG_CGROUP_FREEZER[m: [32menabled[m
[STDERR  ] 2017-05-22T14:39:54.832475853Z: - [37mCONFIG_CGROUP_SCHED[m: [32menabled[m
[STDERR  ] 2017-05-22T14:39:54.832497069Z: - [37mCONFIG_CPUSETS[m: [32menabled[m
[STDERR  ] 2017-05-22T14:39:54.832504634Z: - [37mCONFIG_MEMCG[m: [32menabled[m
[STDERR  ] 2017-05-22T14:39:54.832524622Z: - [37mCONFIG_KEYS[m: [32menabled[m
[STDERR  ] 2017-05-22T14:39:54.832537391Z: - [37mCONFIG_VETH[m: [32menabled[m
[STDERR  ] 2017-05-22T14:39:54.832575447Z: - [37mCONFIG_BRIDGE[m: [32menabled[m
[STDERR  ] 2017-05-22T14:39:54.832583174Z: - [37mCONFIG_BRIDGE_NETFILTER[m: [32menabled[m
[STDERR  ] 2017-05-22T14:39:54.832605132Z: - [37mCONFIG_NF_NAT_IPV4[m: [32menabled[m
[STDERR  ] 2017-05-22T14:39:54.832618308Z: - [37mCONFIG_IP_NF_FILTER[m: [32menabled[m
[STDERR  ] 2017-05-22T14:39:54.832632477Z: - [37mCONFIG_IP_NF_TARGET_MASQUERADE[m: [32menabled[m
[STDERR  ] 2017-05-22T14:39:54.832647186Z: - [37mCONFIG_NETFILTER_XT_MATCH_ADDRTYPE[m: [32menabled[m
[STDERR  ] 2017-05-22T14:39:54.832654263Z: - [37mCONFIG_NETFILTER_XT_MATCH_CONNTRACK[m: [32menabled[m
[STDERR  ] 2017-05-22T14:39:54.832682455Z: - [37mCONFIG_NETFILTER_XT_MATCH_IPVS[m: [32menabled[m
[STDERR  ] 2017-05-22T14:39:54.832689199Z: - [37mCONFIG_IP_NF_NAT[m: [32menabled[m
