[INFO    ] 2017-05-22T14:35:48.609937808Z: Running Test linuxkit.kernel.config_4.4.x in /tmp/with_clone1e8f5aa4/test/cases/020_kernel/000_config_4.4.x
[INFO    ] 2017-05-22T14:35:48.610006392Z: Running command: [/bin/sh -x /tmp/with_clone1e8f5aa4/test/cases/020_kernel/000_config_4.4.x/test.sh]
[STDERR  ] 2017-05-22T14:35:48.610939677Z: + set -e
[STDERR  ] 2017-05-22T14:35:48.61095881Z: + . /tmp/with_clone1e8f5aa4/test/cases/_lib/lib.sh
[STDERR  ] 2017-05-22T14:35:48.610973941Z: + [ -f src/github.com/linuxkit/rtf/lib/lib.sh ]
[STDERR  ] 2017-05-22T14:35:48.611004272Z: + LINUXKIT_TMPDIR=/tmp/with_clone1e8f5aa4/test/cases/_tmp
[STDERR  ] 2017-05-22T14:35:48.61102272Z: + [ -f /tmp/with_clone1e8f5aa4/test/cases/_tmp/env.sh ]
[STDERR  ] 2017-05-22T14:35:48.611037457Z: + . /tmp/with_clone1e8f5aa4/test/cases/_tmp/env.sh
[STDERR  ] 2017-05-22T14:35:48.611055245Z: + export LINUXKIT_EXAMPLES_DIR=/tmp/with_clone1e8f5aa4/test/cases/../../examples
[STDERR  ] 2017-05-22T14:35:48.611069196Z: + RT_CANCEL=253
[STDERR  ] 2017-05-22T14:35:48.61108434Z: + trap clean_up EXIT
[STDERR  ] 2017-05-22T14:35:48.611092865Z: + moby build test-kernel-config
[STDERR  ] 2017-05-22T14:35:48.621773107Z: Extract kernel image: linuxkit/kernel:4.4.x
[STDERR  ] 2017-05-22T14:35:53.10037122Z: Add init containers:
[STDERR  ] 2017-05-22T14:35:53.100400946Z: Process init image: linuxkit/init:cbd7ae748f0a082516501a3e914fa0c924ee941e
[STDERR  ] 2017-05-22T14:35:53.420730385Z: Process init image: linuxkit/runc:24dfe632ed3ff53a026ee3fac046fd544434e2d6
[STDERR  ] 2017-05-22T14:35:53.976109728Z: Process init image: linuxkit/containerd:f1130450206d4f64f0ddc13d15bb68435aa1ff61
[STDERR  ] 2017-05-22T14:35:56.815062631Z: Add onboot containers:
[STDERR  ] 2017-05-22T14:35:56.815168431Z:   Create OCI config for linuxkit/test-kernel-config:ecff41279ccbc408079a3996a956432651c6eb9c
[STDERR  ] 2017-05-22T14:35:57.646123657Z:   Create OCI config for linuxkit/poweroff:a8f1e4ad8d459f1fdaad9e4b007512cb3b504ae8
[STDERR  ] 2017-05-22T14:35:58.112861078Z: Create outputs:
[STDERR  ] 2017-05-22T14:36:05.029916358Z:   test-kernel-config-kernel test-kernel-config-initrd.img test-kernel-config-cmdline
[STDERR  ] 2017-05-22T14:36:05.224054099Z: + linuxkit run qemu test-kernel-config
[STDERR  ] 2017-05-22T14:36:45.808227628Z: + RESULT=[    0.000000] Initializing cgroup subsys cpuset
[STDERR  ] 2017-05-22T14:36:45.808308763Z: [    0.000000] Initializing cgroup subsys cpu
[STDERR  ] 2017-05-22T14:36:45.808316943Z: [    0.000000] Initializing cgroup subsys cpuacct
[STDERR  ] 2017-05-22T14:36:45.808355153Z: [    0.000000] Linux version 4.4.69-linuxkit (root@84baa8e89c00) (gcc version 6.2.1 20160822 (Alpine 6.2.1) ) #1 SMP Mon May 22 14:14:23 UTC 2017
[STDERR  ] 2017-05-22T14:36:45.808363061Z: [    0.000000] Command line: console=ttyS0
[STDERR  ] 2017-05-22T14:36:45.808384844Z: [    0.000000] x86/fpu: Legacy x87 FPU detected.
[STDERR  ] 2017-05-22T14:36:45.808399866Z: [    0.000000] x86/fpu: Using 'lazy' FPU context switches.
[STDERR  ] 2017-05-22T14:36:45.808417786Z: [    0.000000] e820: BIOS-provided physical RAM map:
[STDERR  ] 2017-05-22T14:36:45.808433571Z: [    0.000000] BIOS-e820: [mem 0x0000000000000000-0x000000000009fbff] usable
[STDERR  ] 2017-05-22T14:36:45.808450212Z: [    0.000000] BIOS-e820: [mem 0x000000000009fc00-0x000000000009ffff] reserved
[STDERR  ] 2017-05-22T14:36:45.808458265Z: [    0.000000] BIOS-e820: [mem 0x00000000000f0000-0x00000000000fffff] reserved
[STDERR  ] 2017-05-22T14:36:45.808479519Z: [    0.000000] BIOS-e820: [mem 0x0000000000100000-0x000000003ffdefff] usable
[STDERR  ] 2017-05-22T14:36:45.808493896Z: [    0.000000] BIOS-e820: [mem 0x000000003ffdf000-0x000000003fffffff] reserved
[STDERR  ] 2017-05-22T14:36:45.808500708Z: [    0.000000] BIOS-e820: [mem 0x00000000b0000000-0x00000000bfffffff] reserved
[STDERR  ] 2017-05-22T14:36:45.808524713Z: [    0.000000] BIOS-e820: [mem 0x00000000fed1c000-0x00000000fed1ffff] reserved
[STDERR  ] 2017-05-22T14:36:45.808538744Z: [    0.000000] BIOS-e820: [mem 0x00000000fffc0000-0x00000000ffffffff] reserved
[STDERR  ] 2017-05-22T14:36:45.808556202Z: [    0.000000] NX (Execute Disable) protection: active
[STDERR  ] 2017-05-22T14:36:45.808581897Z: [    0.000000] SMBIOS 2.8 present.
[STDERR  ] 2017-05-22T14:36:45.808595754Z: [    0.000000] e820: last_pfn = 0x3ffdf max_arch_pfn = 0x400000000
[STDERR  ] 2017-05-22T14:36:45.808609425Z: [    0.000000] x86/PAT: Configuration [0-7]: WB  WC  UC- UC  WB  WC  UC- WT  
[STDERR  ] 2017-05-22T14:36:45.80862344Z: [    0.000000] found SMP MP-table at [mem 0x000f6aa0-0x000f6aaf] mapped at [ffff8800000f6aa0]
[STDERR  ] 2017-05-22T14:36:45.808639043Z: [    0.000000] RAMDISK: [mem 0x3df53000-0x3ffcffff]
[STDERR  ] 2017-05-22T14:36:45.808652563Z: [    0.000000] ACPI: Early table checksum verification disabled
[STDERR  ] 2017-05-22T14:36:45.808666607Z: [    0.000000] ACPI: RSDP 0x00000000000F68C0 000014 (v00 BOCHS )
[STDERR  ] 2017-05-22T14:36:45.808680371Z: [    0.000000] ACPI: RSDT 0x000000003FFE2404 000034 (v01 BOCHS  BXPCRSDT 00000001 BXPC 00000001)
[STDERR  ] 2017-05-22T14:36:45.80869445Z: [    0.000000] ACPI: FACP 0x000000003FFE22A4 000074 (v01 BOCHS  BXPCFACP 00000001 BXPC 00000001)
[STDERR  ] 2017-05-22T14:36:45.808701559Z: [    0.000000] ACPI: DSDT 0x000000003FFE0040 002264 (v01 BOCHS  BXPCDSDT 00000001 BXPC 00000001)
[STDERR  ] 2017-05-22T14:36:45.80872168Z: [    0.000000] ACPI: FACS 0x000000003FFE0000 000040
[STDERR  ] 2017-05-22T14:36:45.808727844Z: [    0.000000] ACPI: APIC 0x000000003FFE2318 000078 (v01 BOCHS  BXPCAPIC 00000001 BXPC 00000001)
[STDERR  ] 2017-05-22T14:36:45.808749114Z: [    0.000000] ACPI: HPET 0x000000003FFE2390 000038 (v01 BOCHS  BXPCHPET 00000001 BXPC 00000001)
[STDERR  ] 2017-05-22T14:36:45.808762418Z: [    0.000000] ACPI: MCFG 0x000000003FFE23C8 00003C (v01 BOCHS  BXPCMCFG 00000001 BXPC 00000001)
[STDERR  ] 2017-05-22T14:36:45.808775856Z: [    0.000000] Zone ranges:
[STDERR  ] 2017-05-22T14:36:45.808782899Z: [    0.000000]   DMA      [mem 0x0000000000001000-0x0000000000ffffff]
[STDERR  ] 2017-05-22T14:36:45.808795298Z: [    0.000000]   DMA32    [mem 0x0000000001000000-0x000000003ffdefff]
[STDERR  ] 2017-05-22T14:36:45.808815846Z: [    0.000000]   Normal   empty
[STDERR  ] 2017-05-22T14:36:45.808822747Z: [    0.000000] Movable zone start for each node
[STDERR  ] 2017-05-22T14:36:45.808847822Z: [    0.000000] Early memory node ranges
[STDERR  ] 2017-05-22T14:36:45.808860772Z: [    0.000000]   node   0: [mem 0x0000000000001000-0x000000000009efff]
[STDERR  ] 2017-05-22T14:36:45.808866879Z: [    0.000000]   node   0: [mem 0x0000000000100000-0x000000003ffdefff]
[STDERR  ] 2017-05-22T14:36:45.808886738Z: [    0.000000] Initmem setup node 0 [mem 0x0000000000001000-0x000000003ffdefff]
[STDERR  ] 2017-05-22T14:36:45.808899761Z: [    0.000000] ACPI: PM-Timer IO Port: 0x608
[STDERR  ] 2017-05-22T14:36:45.808912826Z: [    0.000000] ACPI: LAPIC_NMI (acpi_id[0xff] dfl dfl lint[0x1])
[STDERR  ] 2017-05-22T14:36:45.808934889Z: [    0.000000] IOAPIC[0]: apic_id 0, version 32, address 0xfec00000, GSI 0-23
[STDERR  ] 2017-05-22T14:36:45.808946439Z: [    0.000000] ACPI: INT_SRC_OVR (bus 0 bus_irq 0 global_irq 2 dfl dfl)
[STDERR  ] 2017-05-22T14:36:45.808965871Z: [    0.000000] ACPI: INT_SRC_OVR (bus 0 bus_irq 5 global_irq 5 high level)
[STDERR  ] 2017-05-22T14:36:45.808978738Z: [    0.000000] ACPI: INT_SRC_OVR (bus 0 bus_irq 9 global_irq 9 high level)
[STDERR  ] 2017-05-22T14:36:45.808991587Z: [    0.000000] ACPI: INT_SRC_OVR (bus 0 bus_irq 10 global_irq 10 high level)
[STDERR  ] 2017-05-22T14:36:45.808997777Z: [    0.000000] ACPI: INT_SRC_OVR (bus 0 bus_irq 11 global_irq 11 high level)
[STDERR  ] 2017-05-22T14:36:45.809017617Z: [    0.000000] Using ACPI (MADT) for SMP configuration information
[STDERR  ] 2017-05-22T14:36:45.809024546Z: [    0.000000] ACPI: HPET id: 0x8086a201 base: 0xfed00000
[STDERR  ] 2017-05-22T14:36:45.809036731Z: [    0.000000] smpboot: Allowing 1 CPUs, 0 hotplug CPUs
[STDERR  ] 2017-05-22T14:36:45.809056573Z: [    0.000000] e820: [mem 0x40000000-0xafffffff] available for PCI devices
[STDERR  ] 2017-05-22T14:36:45.809069559Z: [    0.000000] Booting paravirtualized kernel on bare hardware
[STDERR  ] 2017-05-22T14:36:45.809089133Z: [    0.000000] clocksource: refined-jiffies: mask: 0xffffffff max_cycles: 0xffffffff, max_idle_ns: 19112604462750000 ns
[STDERR  ] 2017-05-22T14:36:45.809102477Z: [    0.000000] setup_percpu: NR_CPUS:128 nr_cpumask_bits:128 nr_cpu_ids:1 nr_node_ids:1
[STDERR  ] 2017-05-22T14:36:45.809118904Z: [    0.000000] PERCPU: Embedded 33 pages/cpu @ffff88003dc00000 s95960 r8192 d31016 u2097152
[STDERR  ] 2017-05-22T14:36:45.809132045Z: [    0.000000] Built 1 zonelists in Zone order, mobility grouping on.  Total pages: 257896
[STDERR  ] 2017-05-22T14:36:45.809146792Z: [    0.000000] Kernel command line: console=ttyS0
[STDERR  ] 2017-05-22T14:36:45.809153745Z: [    0.000000] PID hash table entries: 4096 (order: 3, 32768 bytes)
[STDERR  ] 2017-05-22T14:36:45.809168652Z: [    0.000000] Dentry cache hash table entries: 131072 (order: 8, 1048576 bytes)
[STDERR  ] 2017-05-22T14:36:45.809190485Z: [    0.000000] Inode-cache hash table entries: 65536 (order: 7, 524288 bytes)
[STDERR  ] 2017-05-22T14:36:45.80920535Z: [    0.000000] Memory: 978440K/1048052K available (8943K kernel code, 1467K rwdata, 3088K rodata, 1372K init, 728K bss, 69612K reserved, 0K cma-reserved)
[STDERR  ] 2017-05-22T14:36:45.809218604Z: [    0.000000] Hierarchical RCU implementation.
[STDERR  ] 2017-05-22T14:36:45.809231458Z: [    0.000000] 	Build-time adjustment of leaf fanout to 64.
[STDERR  ] 2017-05-22T14:36:45.809244291Z: [    0.000000] 	RCU restricting CPUs from NR_CPUS=128 to nr_cpu_ids=1.
[STDERR  ] 2017-05-22T14:36:45.809257074Z: [    0.000000] RCU: Adjusting geometry for rcu_fanout_leaf=64, nr_cpu_ids=1
[STDERR  ] 2017-05-22T14:36:45.809271467Z: [    0.000000] NR_IRQS:8448 nr_irqs:256 16
[STDERR  ] 2017-05-22T14:36:45.809284596Z: [    0.000000] Console: colour VGA+ 80x25
[STDERR  ] 2017-05-22T14:36:45.809298971Z: [    0.000000] console [ttyS0] enabled
[STDERR  ] 2017-05-22T14:36:45.809306048Z: [    0.000000] clocksource: hpet: mask: 0xffffffff max_cycles: 0xffffffff, max_idle_ns: 19112604467 ns
[STDERR  ] 2017-05-22T14:36:45.809318137Z: [    0.000000] tsc: Fast TSC calibration using PIT
[STDERR  ] 2017-05-22T14:36:45.809339749Z: [    0.000000] tsc: Detected 2298.027 MHz processor
[STDERR  ] 2017-05-22T14:36:45.809352537Z: [    0.021957] Calibrating delay loop (skipped), value calculated using timer frequency.. 4596.05 BogoMIPS (lpj=22980270)
[STDERR  ] 2017-05-22T14:36:45.809365665Z: [    0.023323] pid_max: default: 32768 minimum: 301
[STDERR  ] 2017-05-22T14:36:45.809377431Z: [    0.024050] ACPI: Core revision 20150930
[STDERR  ] 2017-05-22T14:36:45.809383802Z: [    0.071938] ACPI: 1 ACPI AML tables successfully acquired and loaded
[STDERR  ] 2017-05-22T14:36:45.809394757Z: [    0.073431] Security Framework initialized
[STDERR  ] 2017-05-22T14:36:45.809412879Z: [    0.073800] Yama: becoming mindful.
[STDERR  ] 2017-05-22T14:36:45.809419457Z: [    0.077243] Mount-cache hash table entries: 2048 (order: 2, 16384 bytes)
[STDERR  ] 2017-05-22T14:36:45.809430672Z: [    0.077824] Mountpoint-cache hash table entries: 2048 (order: 2, 16384 bytes)
[STDERR  ] 2017-05-22T14:36:45.809449196Z: [    0.093063] Initializing cgroup subsys io
[STDERR  ] 2017-05-22T14:36:45.809456032Z: [    0.093848] Initializing cgroup subsys memory
[STDERR  ] 2017-05-22T14:36:45.809477139Z: [    0.094728] Initializing cgroup subsys devices
[STDERR  ] 2017-05-22T14:36:45.809489723Z: [    0.095183] Initializing cgroup subsys freezer
[STDERR  ] 2017-05-22T14:36:45.809495951Z: [    0.095633] Initializing cgroup subsys net_cls
[STDERR  ] 2017-05-22T14:36:45.809514376Z: [    0.096043] Initializing cgroup subsys perf_event
[STDERR  ] 2017-05-22T14:36:45.809520972Z: [    0.096475] Initializing cgroup subsys net_prio
[STDERR  ] 2017-05-22T14:36:45.809538896Z: [    0.096913] Initializing cgroup subsys hugetlb
[STDERR  ] 2017-05-22T14:36:45.8095509Z: [    0.097368] Initializing cgroup subsys pids
[STDERR  ] 2017-05-22T14:36:45.809563073Z: [    0.099769] Last level iTLB entries: 4KB 0, 2MB 0, 4MB 0
[STDERR  ] 2017-05-22T14:36:45.809568921Z: [    0.100067] Last level dTLB entries: 4KB 0, 2MB 0, 4MB 0, 1GB 0
[STDERR  ] 2017-05-22T14:36:45.809591366Z: [    0.417501] Freeing SMP alternatives memory: 24K (ffffffffa00c7000 - ffffffffa00cd000)
[STDERR  ] 2017-05-22T14:36:45.809598286Z: [    0.425385] ftrace: allocating 39281 entries in 154 pages
[STDERR  ] 2017-05-22T14:36:45.809609493Z: [    0.612398] ..TIMER: vector=0x30 apic1=0 pin1=2 apic2=-1 pin2=-1
[STDERR  ] 2017-05-22T14:36:45.809633565Z: [    0.720000] smpboot: CPU0: AMD QEMU Virtual CPU version 2.5+ (family: 0x6, model: 0x6, stepping: 0x3)
[STDERR  ] 2017-05-22T14:36:45.809646155Z: [    0.720000] Performance Events: Broken PMU hardware detected, using software events only.
[STDERR  ] 2017-05-22T14:36:45.809654617Z: [    0.720000] Failed to access perfctr msr (MSR c0010007 is 0)
[STDERR  ] 2017-05-22T14:36:45.809673249Z: [    0.723322] x86: Booted up 1 node, 1 CPUs
[STDERR  ] 2017-05-22T14:36:45.809686009Z: [    0.723689] smpboot: Total of 1 processors activated (4596.05 BogoMIPS)
[STDERR  ] 2017-05-22T14:36:45.809691725Z: [    0.726602] NMI watchdog: disabled (cpu0): hardware events not enabled
[STDERR  ] 2017-05-22T14:36:45.809716466Z: [    0.727040] NMI watchdog: Shutting down hard lockup detector on all cpus
[STDERR  ] 2017-05-22T14:36:45.809728863Z: [    0.739181] devtmpfs: initialized
[STDERR  ] 2017-05-22T14:36:45.80974807Z: [    0.809859] clocksource: jiffies: mask: 0xffffffff max_cycles: 0xffffffff, max_idle_ns: 19112604462750000 ns
[STDERR  ] 2017-05-22T14:36:45.809763882Z: [    0.810622] futex hash table entries: 256 (order: 2, 16384 bytes)
[STDERR  ] 2017-05-22T14:36:45.809776156Z: [    0.821236] NET: Registered protocol family 16
[STDERR  ] 2017-05-22T14:36:45.809788993Z: [    0.827892] cpuidle: using governor ladder
[STDERR  ] 2017-05-22T14:36:45.809804366Z: [    0.828369] cpuidle: using governor menu
[STDERR  ] 2017-05-22T14:36:45.809817465Z: [    0.831369] ACPI: bus type PCI registered
[STDERR  ] 2017-05-22T14:36:45.809830493Z: [    0.834385] PCI: MMCONFIG for domain 0000 [bus 00-ff] at [mem 0xb0000000-0xbfffffff] (base 0xb0000000)
[STDERR  ] 2017-05-22T14:36:45.809848241Z: [    0.835225] PCI: MMCONFIG at [mem 0xb0000000-0xbfffffff] reserved in E820
[STDERR  ] 2017-05-22T14:36:45.80986245Z: [    0.836502] PCI: Using configuration type 1 for base access
[STDERR  ] 2017-05-22T14:36:45.809878527Z: [    0.905098] ACPI: Added _OSI(Module Device)
[STDERR  ] 2017-05-22T14:36:45.809891581Z: [    0.905442] ACPI: Added _OSI(Processor Device)
[STDERR  ] 2017-05-22T14:36:45.809904196Z: [    0.905734] ACPI: Added _OSI(3.0 _SCP Extensions)
[STDERR  ] 2017-05-22T14:36:45.809917356Z: [    0.906035] ACPI: Added _OSI(Processor Aggregator Device)
[STDERR  ] 2017-05-22T14:36:45.809930162Z: [    0.984101] ACPI: Interpreter enabled
[STDERR  ] 2017-05-22T14:36:45.809942749Z: [    0.984869] ACPI: (supports S0 S5)
[STDERR  ] 2017-05-22T14:36:45.809955818Z: [    0.985159] ACPI: Using IOAPIC for interrupt routing
[STDERR  ] 2017-05-22T14:36:45.80996975Z: [    0.986899] PCI: Using host bridge windows from ACPI; if necessary, use "pci=nocrs" and report a bug
[STDERR  ] 2017-05-22T14:36:45.80998623Z: [    1.047768] ACPI: PCI Root Bridge [PCI0] (domain 0000 [bus 00-ff])
[STDERR  ] 2017-05-22T14:36:45.809998081Z: [    1.048674] acpi PNP0A08:00: _OSC: OS supports [ExtendedConfig ASPM ClockPM Segments MSI]
[STDERR  ] 2017-05-22T14:36:45.810016361Z: [    1.054069] acpi PNP0A08:00: _OSC: OS now controls [PCIeHotplug PME PCIeCapability]
[STDERR  ] 2017-05-22T14:36:45.810029719Z: [    1.057628] PCI host bridge to bus 0000:00
[STDERR  ] 2017-05-22T14:36:45.810036696Z: [    1.058052] pci_bus 0000:00: root bus resource [io  0x0000-0x0cf7 window]
[STDERR  ] 2017-05-22T14:36:45.810055113Z: [    1.058509] pci_bus 0000:00: root bus resource [io  0x0d00-0xffff window]
[STDERR  ] 2017-05-22T14:36:45.810067937Z: [    1.058948] pci_bus 0000:00: root bus resource [mem 0x000a0000-0x000bffff window]
[STDERR  ] 2017-05-22T14:36:45.810074048Z: [    1.059424] pci_bus 0000:00: root bus resource [mem 0xc0000000-0xfebfffff window]
[STDERR  ] 2017-05-22T14:36:45.810093741Z: [    1.060121] pci_bus 0000:00: root bus resource [bus 00-ff]
[STDERR  ] 2017-05-22T14:36:45.810111587Z: [    1.147455] pci 0000:00:1f.0: quirk: [io  0x0600-0x067f] claimed by ICH6 ACPI/GPIO/TCO
[STDERR  ] 2017-05-22T14:36:45.810126968Z: [    1.202129] ACPI: PCI Interrupt Link [LNKA] (IRQs 5 *10 11)
[STDERR  ] 2017-05-22T14:36:45.810133807Z: [    1.204032] ACPI: PCI Interrupt Link [LNKB] (IRQs 5 *10 11)
[STDERR  ] 2017-05-22T14:36:45.810145172Z: [    1.205614] ACPI: PCI Interrupt Link [LNKC] (IRQs 5 10 *11)
[STDERR  ] 2017-05-22T14:36:45.810164188Z: [    1.207191] ACPI: PCI Interrupt Link [LNKD] (IRQs 5 10 *11)
[STDERR  ] 2017-05-22T14:36:45.810177197Z: [    1.208829] ACPI: PCI Interrupt Link [LNKE] (IRQs 5 *10 11)
[STDERR  ] 2017-05-22T14:36:45.810194664Z: [    1.210558] ACPI: PCI Interrupt Link [LNKF] (IRQs 5 *10 11)
[STDERR  ] 2017-05-22T14:36:45.810207739Z: [    1.212164] ACPI: PCI Interrupt Link [LNKG] (IRQs 5 10 *11)
[STDERR  ] 2017-05-22T14:36:45.810214629Z: [    1.213735] ACPI: PCI Interrupt Link [LNKH] (IRQs 5 10 *11)
[STDERR  ] 2017-05-22T14:36:45.810233236Z: [    1.214538] ACPI: PCI Interrupt Link [GSIA] (IRQs *16)
[STDERR  ] 2017-05-22T14:36:45.810246296Z: [    1.215117] ACPI: PCI Interrupt Link [GSIB] (IRQs *17)
[STDERR  ] 2017-05-22T14:36:45.810258661Z: [    1.215689] ACPI: PCI Interrupt Link [GSIC] (IRQs *18)
[STDERR  ] 2017-05-22T14:36:45.81026451Z: [    1.216258] ACPI: PCI Interrupt Link [GSID] (IRQs *19)
[STDERR  ] 2017-05-22T14:36:45.81028414Z: [    1.216833] ACPI: PCI Interrupt Link [GSIE] (IRQs *20)
[STDERR  ] 2017-05-22T14:36:45.810297151Z: [    1.217402] ACPI: PCI Interrupt Link [GSIF] (IRQs *21)
[STDERR  ] 2017-05-22T14:36:45.810311781Z: [    1.217975] ACPI: PCI Interrupt Link [GSIG] (IRQs *22)
[STDERR  ] 2017-05-22T14:36:45.810329024Z: [    1.218543] ACPI: PCI Interrupt Link [GSIH] (IRQs *23)
[STDERR  ] 2017-05-22T14:36:45.810342528Z: [    1.222431] ACPI: Enabled 2 GPEs in block 00 to 3F
[STDERR  ] 2017-05-22T14:36:45.810355633Z: [    1.226601] SCSI subsystem initialized
[STDERR  ] 2017-05-22T14:36:45.810367079Z: [    1.229109] pps_core: LinuxPPS API ver. 1 registered
[STDERR  ] 2017-05-22T14:36:45.810385044Z: [    1.229458] pps_core: Software ver. 5.3.6 - Copyright 2005-2007 Rodolfo Giometti <giometti@linux.it>
[STDERR  ] 2017-05-22T14:36:45.810406481Z: [    1.230234] PTP clock support registered
[STDERR  ] 2017-05-22T14:36:45.810419693Z: [    1.231454] wmi: Mapper loaded
[STDERR  ] 2017-05-22T14:36:45.810433103Z: [    1.232496] PCI: Using ACPI for IRQ routing
[STDERR  ] 2017-05-22T14:36:45.810439723Z: [    1.250633] NetLabel: Initializing
[STDERR  ] 2017-05-22T14:36:45.810457211Z: [    1.250921] NetLabel:  domain hash size = 128
[STDERR  ] 2017-05-22T14:36:45.810469289Z: [    1.251206] NetLabel:  protocols = UNLABELED CIPSOv4
[STDERR  ] 2017-05-22T14:36:45.810475392Z: [    1.252883] NetLabel:  unlabeled traffic allowed by default
[STDERR  ] 2017-05-22T14:36:45.810494475Z: [    1.253805] HPET: 3 timers in total, 0 timers will be used for per-cpu timer
[STDERR  ] 2017-05-22T14:36:45.810508107Z: [    1.254554] hpet0: at MMIO 0xfed00000, IRQs 2, 8, 0
[STDERR  ] 2017-05-22T14:36:45.810521656Z: [    1.254990] hpet0: 3 comparators, 64-bit 100.000000 MHz counter
[STDERR  ] 2017-05-22T14:36:45.81053391Z: [    1.259422] amd_nb: Cannot enumerate AMD northbridges
[STDERR  ] 2017-05-22T14:36:45.810550616Z: [    1.260521] clocksource: Switched to clocksource hpet
[STDERR  ] 2017-05-22T14:36:45.810563269Z: [    1.498467] FS-Cache: Loaded
[STDERR  ] 2017-05-22T14:36:45.810569734Z: [    1.502245] CacheFiles: Loaded
[STDERR  ] 2017-05-22T14:36:45.81058787Z: [    1.504237] pnp: PnP ACPI init
[STDERR  ] 2017-05-22T14:36:45.810600361Z: [    1.515358] pnp: PnP ACPI: found 5 devices
[STDERR  ] 2017-05-22T14:36:45.810606581Z: [    1.562351] clocksource: acpi_pm: mask: 0xffffff max_cycles: 0xffffff, max_idle_ns: 2085701024 ns
[STDERR  ] 2017-05-22T14:36:45.810626576Z: [    1.564561] NET: Registered protocol family 2
[STDERR  ] 2017-05-22T14:36:45.81064415Z: [    1.571420] TCP established hash table entries: 8192 (order: 4, 65536 bytes)
[STDERR  ] 2017-05-22T14:36:45.810662876Z: [    1.572125] TCP bind hash table entries: 8192 (order: 5, 131072 bytes)
[STDERR  ] 2017-05-22T14:36:45.810675585Z: [    1.572776] TCP: Hash tables configured (established 8192 bind 8192)
[STDERR  ] 2017-05-22T14:36:45.810692669Z: [    1.574212] UDP hash table entries: 512 (order: 2, 16384 bytes)
[STDERR  ] 2017-05-22T14:36:45.810705841Z: [    1.574747] UDP-Lite hash table entries: 512 (order: 2, 16384 bytes)
[STDERR  ] 2017-05-22T14:36:45.810719129Z: [    1.576980] NET: Registered protocol family 1
[STDERR  ] 2017-05-22T14:36:45.810726142Z: [    1.580238] RPC: Registered named UNIX socket transport module.
[STDERR  ] 2017-05-22T14:36:45.810738345Z: [    1.580711] RPC: Registered udp transport module.
[STDERR  ] 2017-05-22T14:36:45.810758022Z: [    1.581019] RPC: Registered tcp transport module.
[STDERR  ] 2017-05-22T14:36:45.810765057Z: [    1.581322] RPC: Registered tcp NFSv4.1 backchannel transport module.
[STDERR  ] 2017-05-22T14:36:45.81077732Z: [    1.588343] Unpacking initramfs...
[STDERR  ] 2017-05-22T14:36:45.810797096Z: [    6.198257] Freeing initrd memory: 33268K (ffff88003df53000 - ffff88003ffd0000)
[STDERR  ] 2017-05-22T14:36:45.810810247Z: [    6.219969] PCLMULQDQ-NI instructions are not detected.
[STDERR  ] 2017-05-22T14:36:45.810823304Z: [    6.221417] AVX or AES-NI instructions are not detected.
[STDERR  ] 2017-05-22T14:36:45.810835977Z: [    6.221873] CPU feature 'AVX registers' is not supported.
[STDERR  ] 2017-05-22T14:36:45.810849922Z: [    6.222290] CPU feature 'AVX registers' is not supported.
[STDERR  ] 2017-05-22T14:36:45.810863288Z: [    6.222699] CPU feature 'AVX registers' is not supported.
[STDERR  ] 2017-05-22T14:36:45.810876218Z: [    6.223105] CPU feature 'AVX registers' is not supported.
[STDERR  ] 2017-05-22T14:36:45.810893317Z: [    6.223509] AVX2 or AES-NI instructions are not detected.
[STDERR  ] 2017-05-22T14:36:45.810906369Z: [    6.223964] AVX2 instructions are not detected.
[STDERR  ] 2017-05-22T14:36:45.81091324Z: [    6.229145] audit: initializing netlink subsys (disabled)
[STDERR  ] 2017-05-22T14:36:45.810925333Z: [    6.231277] audit: type=2000 audit(1495463772.220:1): initialized
[STDERR  ] 2017-05-22T14:36:45.810950169Z: [    6.238515] HugeTLB registered 2 MB page size, pre-allocated 0 pages
[STDERR  ] 2017-05-22T14:36:45.810965142Z: [    6.242623] VFS: Disk quotas dquot_6.6.0
[STDERR  ] 2017-05-22T14:36:45.810978515Z: [    6.243187] VFS: Dquot-cache hash table entries: 512 (order 0, 4096 bytes)
[STDERR  ] 2017-05-22T14:36:45.810985486Z: [    6.248154] FS-Cache: Netfs 'nfs' registered for caching
[STDERR  ] 2017-05-22T14:36:45.810997085Z: [    6.249782] NFS: Registering the id_resolver key type
[STDERR  ] 2017-05-22T14:36:45.811017562Z: [    6.251540] Key type id_resolver registered
[STDERR  ] 2017-05-22T14:36:45.811024616Z: [    6.251868] Key type id_legacy registered
[STDERR  ] 2017-05-22T14:36:45.811051391Z: [    6.252280] nfs4filelayout_init: NFSv4 File Layout Driver Registering...
[STDERR  ] 2017-05-22T14:36:45.811058099Z: [    6.253033] Installing knfsd (copyright (C) 1996 okir@monad.swb.de).
[STDERR  ] 2017-05-22T14:36:45.81107804Z: [    6.256106] FS-Cache: Netfs 'cifs' registered for caching
[STDERR  ] 2017-05-22T14:36:45.811091464Z: [    6.256961] ntfs: driver 2.1.32 [Flags: R/O].
[STDERR  ] 2017-05-22T14:36:45.811104508Z: [    6.257473] fuse init (API version 7.23)
[STDERR  ] 2017-05-22T14:36:45.811117522Z: [    6.259573] SGI XFS with ACLs, security attributes, no debug enabled
[STDERR  ] 2017-05-22T14:36:45.811130641Z: [    6.262298] 9p: Installing v9fs 9p2000 file system support
[STDERR  ] 2017-05-22T14:36:45.811143739Z: [    6.262745] FS-Cache: Netfs '9p' registered for caching
[STDERR  ] 2017-05-22T14:36:45.811156637Z: [    6.264381] Key type big_key registered
[STDERR  ] 2017-05-22T14:36:45.811169706Z: [    6.297370] NET: Registered protocol family 38
[STDERR  ] 2017-05-22T14:36:45.811183924Z: [    6.297928] Key type asymmetric registered
[STDERR  ] 2017-05-22T14:36:45.811196769Z: [    6.298292] Asymmetric key parser 'x509' registered
[STDERR  ] 2017-05-22T14:36:45.811208907Z: [    6.299021] Block layer SCSI generic (bsg) driver version 0.4 loaded (major 251)
[STDERR  ] 2017-05-22T14:36:45.811228624Z: [    6.301334] io scheduler noop registered
[STDERR  ] 2017-05-22T14:36:45.811245704Z: [    6.301682] io scheduler deadline registered (default)
[STDERR  ] 2017-05-22T14:36:45.811252313Z: [    6.302294] io scheduler cfq registered
[STDERR  ] 2017-05-22T14:36:45.811272051Z: [    6.304939] pci_hotplug: PCI Hot Plug PCI Core version: 0.5
[STDERR  ] 2017-05-22T14:36:45.81128503Z: [    6.305616] pciehp: PCI Express Hot Plug Controller Driver version: 0.4
[STDERR  ] 2017-05-22T14:36:45.811298381Z: [    6.306505] shpchp: Standard Hot Plug PCI Controller Driver version: 0.4
[STDERR  ] 2017-05-22T14:36:45.811311386Z: [    6.307944] hv_vmbus: registering driver hyperv_fb
[STDERR  ] 2017-05-22T14:36:45.811324134Z: [    6.311954] input: Power Button as /devices/LNXSYSTM:00/LNXPWRBN:00/input/input0
[STDERR  ] 2017-05-22T14:36:45.811344147Z: [    6.313003] ACPI: Power Button [PWRF]
[STDERR  ] 2017-05-22T14:36:45.811358Z: [    6.317887] GHES: HEST is not enabled!
[STDERR  ] 2017-05-22T14:36:45.811371295Z: [    6.329386] ACPI: PCI Interrupt Link [GSIH] enabled at IRQ 23
[STDERR  ] 2017-05-22T14:36:45.811378383Z: [    6.335490] xenfs: not registering filesystem on non-xen platform
[STDERR  ] 2017-05-22T14:36:45.8113906Z: [    6.337475] Serial: 8250/16550 driver, 4 ports, IRQ sharing disabled
[STDERR  ] 2017-05-22T14:36:45.811414029Z: [    6.361689] 00:04: ttyS0 at I/O 0x3f8 (irq = 4, base_baud = 115200) is a 16550A
[STDERR  ] 2017-05-22T14:36:45.811427118Z: [    6.368526] Initializing Nozomi driver 2.1d
[STDERR  ] 2017-05-22T14:36:45.81144002Z: [    6.372863] Non-volatile memory driver v1.3
[STDERR  ] 2017-05-22T14:36:45.811453071Z: [    6.378847] Hangcheck: starting hangcheck timer 0.9.1 (tick is 180 seconds, margin is 60 seconds).
[STDERR  ] 2017-05-22T14:36:45.811466122Z: [    6.384632] random: nonblocking pool is initialized
[STDERR  ] 2017-05-22T14:36:45.811479144Z: [    6.420446] loop: module loaded
[STDERR  ] 2017-05-22T14:36:45.811496458Z: [    6.431384] nbd: registered device at major 43
[STDERR  ] 2017-05-22T14:36:45.81151088Z: [    6.468761] lpc_ich 0000:00:1f.0: I/O space for GPIO uninitialized
[STDERR  ] 2017-05-22T14:36:45.811523854Z: [    6.470631] VMware PVSCSI driver - version 1.0.5.0-k
[STDERR  ] 2017-05-22T14:36:45.811536958Z: [    6.471363] hv_vmbus: registering driver hv_storvsc
[STDERR  ] 2017-05-22T14:36:45.811552316Z: [    6.481340] ACPI: PCI Interrupt Link [GSIA] enabled at IRQ 16
[STDERR  ] 2017-05-22T14:36:45.811569303Z: [    6.487308] ahci 0000:00:1f.2: AHCI 0001.0000 32 slots 6 ports 1.5 Gbps 0x3f impl SATA mode
[STDERR  ] 2017-05-22T14:36:45.811576697Z: [    6.487972] ahci 0000:00:1f.2: flags: ncq only 
[STDERR  ] 2017-05-22T14:36:45.811588864Z: [    6.507654] scsi host0: ahci
[STDERR  ] 2017-05-22T14:36:45.811610467Z: [    6.510654] scsi host1: ahci
[STDERR  ] 2017-05-22T14:36:45.811617498Z: [    6.512661] scsi host2: ahci
[STDERR  ] 2017-05-22T14:36:45.811636578Z: [    6.514686] scsi host3: ahci
[STDERR  ] 2017-05-22T14:36:45.811649153Z: [    6.516712] scsi host4: ahci
[STDERR  ] 2017-05-22T14:36:45.811655724Z: [    6.518847] scsi host5: ahci
[STDERR  ] 2017-05-22T14:36:45.811676428Z: [    6.520718] ata1: SATA max UDMA/133 abar m4096@0xfebf1000 port 0xfebf1100 irq 24
[STDERR  ] 2017-05-22T14:36:45.811689533Z: [    6.521252] ata2: SATA max UDMA/133 abar m4096@0xfebf1000 port 0xfebf1180 irq 24
[STDERR  ] 2017-05-22T14:36:45.811702673Z: [    6.521724] ata3: SATA max UDMA/133 abar m4096@0xfebf1000 port 0xfebf1200 irq 24
[STDERR  ] 2017-05-22T14:36:45.811716101Z: [    6.522194] ata4: SATA max UDMA/133 abar m4096@0xfebf1000 port 0xfebf1280 irq 24
[STDERR  ] 2017-05-22T14:36:45.811723071Z: [    6.522660] ata5: SATA max UDMA/133 abar m4096@0xfebf1000 port 0xfebf1300 irq 24
[STDERR  ] 2017-05-22T14:36:45.811739243Z: [    6.523125] ata6: SATA max UDMA/133 abar m4096@0xfebf1000 port 0xfebf1380 irq 24
[STDERR  ] 2017-05-22T14:36:45.811762144Z: [    6.532656] Ethernet Channel Bonding Driver: v3.7.1 (April 27, 2011)
[STDERR  ] 2017-05-22T14:36:45.811782463Z: [    6.549933] tun: Universal TUN/TAP device driver, 1.6
[STDERR  ] 2017-05-22T14:36:45.811795654Z: [    6.550586] tun: (C) 1999-2004 Max Krasnyansky <maxk@qualcomm.com>
[STDERR  ] 2017-05-22T14:36:45.811808614Z: [    6.552284] e1000: Intel(R) PRO/1000 Network Driver - version 7.3.21-k8-NAPI
[STDERR  ] 2017-05-22T14:36:45.81182167Z: [    6.552751] e1000: Copyright (c) 1999-2006 Intel Corporation.
[STDERR  ] 2017-05-22T14:36:45.811835415Z: [    6.560350] ACPI: PCI Interrupt Link [GSIG] enabled at IRQ 22
[STDERR  ] 2017-05-22T14:36:45.811848666Z: [    6.873896] e1000 0000:00:02.0 eth0: (PCI:33MHz:32-bit) 52:54:00:12:34:56
[STDERR  ] 2017-05-22T14:36:45.811861774Z: [    6.874469] e1000 0000:00:02.0 eth0: Intel(R) PRO/1000 Network Connection
[STDERR  ] 2017-05-22T14:36:45.811868825Z: [    6.875324] e1000e: Intel(R) PRO/1000 Network Driver - 3.2.6-k
[STDERR  ] 2017-05-22T14:36:45.811887703Z: [    6.875711] e1000e: Copyright(c) 1999 - 2015 Intel Corporation.
[STDERR  ] 2017-05-22T14:36:45.811893877Z: [    6.876454] igb: Intel(R) Gigabit Ethernet Network Driver - version 5.3.0-k
[STDERR  ] 2017-05-22T14:36:45.811913777Z: [    6.876906] igb: Copyright (c) 2007-2014 Intel Corporation.
[STDERR  ] 2017-05-22T14:36:45.811920746Z: [    6.877633] igbvf: Intel(R) Gigabit Virtual Function Network Driver - version 2.0.2-k
[STDERR  ] 2017-05-22T14:36:45.811932969Z: [    6.878136] igbvf: Copyright (c) 2009 - 2012 Intel Corporation.
[STDERR  ] 2017-05-22T14:36:45.811953006Z: [    6.878845] ixgbe: Intel(R) 10 Gigabit PCI Express Network Driver - version 4.2.1-k
[STDERR  ] 2017-05-22T14:36:45.811960038Z: [    6.879334] ixgbe: Copyright (c) 1999-2015 Intel Corporation.
[STDERR  ] 2017-05-22T14:36:45.811972031Z: [    6.880616] ixgbevf: Intel(R) 10 Gigabit PCI Express Virtual Function Network Driver - version 2.12.1-k
[STDERR  ] 2017-05-22T14:36:45.811998637Z: [    6.881273] ixgbevf: Copyright (c) 2009 - 2012 Intel Corporation.
[STDERR  ] 2017-05-22T14:36:45.812006266Z: [    6.882034] ixgb: Intel(R) PRO/10GbE Network Driver - version 1.0.135-k2-NAPI
[STDERR  ] 2017-05-22T14:36:45.812025731Z: [    6.882502] ixgb: Copyright (c) 1999-2008 Intel Corporation.
[STDERR  ] 2017-05-22T14:36:45.812046477Z: [    6.883504] PPP generic driver version 2.4.2
[STDERR  ] 2017-05-22T14:36:45.812059459Z: [    6.884869] PPP BSD Compression module registered
[STDERR  ] 2017-05-22T14:36:45.812072585Z: [    6.885263] PPP Deflate Compression module registered
[STDERR  ] 2017-05-22T14:36:45.812079682Z: [    6.885785] PPP MPPE Compression module registered
[STDERR  ] 2017-05-22T14:36:45.812102302Z: [    6.886176] NET: Registered protocol family 24
[STDERR  ] 2017-05-22T14:36:45.812108811Z: [    6.886751] PPTP driver version 0.8.5
[STDERR  ] 2017-05-22T14:36:45.81213088Z: [    6.887943] VMware vmxnet3 virtual NIC driver - version 1.4.5.0-k-NAPI
[STDERR  ] 2017-05-22T14:36:45.812144299Z: [    6.888762] hv_vmbus: registering driver hv_netvsc
[STDERR  ] 2017-05-22T14:36:45.81215836Z: [    6.889110] Fusion MPT base driver 3.04.20
[STDERR  ] 2017-05-22T14:36:45.812165477Z: [    6.889383] Copyright (c) 1999-2008 LSI Corporation
[STDERR  ] 2017-05-22T14:36:45.812184601Z: [    6.889921] Fusion MPT SPI Host driver 3.04.20
[STDERR  ] 2017-05-22T14:36:45.812197675Z: [    6.895453] aoe: AoE v85 initialised.
[STDERR  ] 2017-05-22T14:36:45.812203948Z: [    6.897273] i8042: PNP: PS/2 Controller [PNP0303:KBD,PNP0f13:MOU] at 0x60,0x64 irq 1,12
[STDERR  ] 2017-05-22T14:36:45.812223928Z: [    6.902145] serio: i8042 KBD port at 0x60,0x64 irq 1
[STDERR  ] 2017-05-22T14:36:45.812236895Z: [    6.902721] serio: i8042 AUX port at 0x60,0x64 irq 12
[STDERR  ] 2017-05-22T14:36:45.812244011Z: [    6.905719] hv_vmbus: registering driver hyperv_keyboard
[STDERR  ] 2017-05-22T14:36:45.812255707Z: [    6.907712] mousedev: PS/2 mouse device common for all mice
[STDERR  ] 2017-05-22T14:36:45.812277979Z: [    6.912717] input: AT Translated Set 2 keyboard as /devices/platform/i8042/serio0/input/input1
[STDERR  ] 2017-05-22T14:36:45.812297219Z: [    6.915521] input: PC Speaker as /devices/platform/pcspkr/input/input2
[STDERR  ] 2017-05-22T14:36:45.812312376Z: [    6.918861] rtc_cmos 00:00: RTC can wake from S4
[STDERR  ] 2017-05-22T14:36:45.812325803Z: [    6.922459] rtc_cmos 00:00: rtc core: registered rtc_cmos as rtc0
[STDERR  ] 2017-05-22T14:36:45.812338499Z: [    6.923738] rtc_cmos 00:00: alarms up to one day, y3k, 114 bytes nvram, hpet irqs
[STDERR  ] 2017-05-22T14:36:45.812352148Z: [    6.924439] i2c /dev entries driver
[STDERR  ] 2017-05-22T14:36:45.812364645Z: [    6.926099] device-mapper: ioctl: 4.34.0-ioctl (2015-10-28) initialised: dm-devel@redhat.com
[STDERR  ] 2017-05-22T14:36:45.812376202Z: [    6.931534] hv_utils: Registering HyperV Utility Driver
[STDERR  ] 2017-05-22T14:36:45.812396461Z: [    6.931918] hv_vmbus: registering driver hv_util
[STDERR  ] 2017-05-22T14:36:45.812409987Z: [    6.932247] hv_vmbus: registering driver hv_balloon
[STDERR  ] 2017-05-22T14:36:45.812416232Z: [    6.932755] oprofile: using NMI interrupt.
[STDERR  ] 2017-05-22T14:36:45.812435935Z: [    6.933873] GACT probability on
[STDERR  ] 2017-05-22T14:36:45.812452586Z: [    6.934240] Mirror/redirect action on
[STDERR  ] 2017-05-22T14:36:45.812459628Z: [    6.934648] Simple TC action Loaded
[STDERR  ] 2017-05-22T14:36:45.812480104Z: [    6.937528] netem: version 1.3
[STDERR  ] 2017-05-22T14:36:45.812500066Z: [    6.937853] u32 classifier
[STDERR  ] 2017-05-22T14:36:45.812513254Z: [    6.938052]     Performance counters on
[STDERR  ] 2017-05-22T14:36:45.812526157Z: [    6.938304]     input device check on
[STDERR  ] 2017-05-22T14:36:45.812538982Z: [    6.938543]     Actions configured
[STDERR  ] 2017-05-22T14:36:45.812551927Z: [    6.939250] Netfilter messages via NETLINK v0.30.
[STDERR  ] 2017-05-22T14:36:45.812558537Z: [    6.940029] nfnl_acct: registering with nfnetlink.
[STDERR  ] 2017-05-22T14:36:45.812577214Z: [    6.941317] ata1: SATA link down (SStatus 0 SControl 300)
[STDERR  ] 2017-05-22T14:36:45.812583458Z: [    6.943289] ata2: SATA link down (SStatus 0 SControl 300)
[STDERR  ] 2017-05-22T14:36:45.812609655Z: [    6.944012] ata3: SATA link up 1.5 Gbps (SStatus 113 SControl 300)
[STDERR  ] 2017-05-22T14:36:45.812622731Z: [    6.947387] ata3.00: ATAPI: QEMU DVD-ROM, 2.5+, max UDMA/100
[STDERR  ] 2017-05-22T14:36:45.812638358Z: [    6.947861] ata3.00: applying bridge limits
[STDERR  ] 2017-05-22T14:36:45.812645611Z: [    6.949547] ata3.00: configured for UDMA/100
[STDERR  ] 2017-05-22T14:36:45.812657837Z: [    6.950693] ata5: SATA link down (SStatus 0 SControl 300)
[STDERR  ] 2017-05-22T14:36:45.812682556Z: [    6.951164] ata6: SATA link down (SStatus 0 SControl 300)
[STDERR  ] 2017-05-22T14:36:45.81269062Z: [    6.951619] ata4: SATA link down (SStatus 0 SControl 300)
[STDERR  ] 2017-05-22T14:36:45.812703101Z: [    6.952833] nf_conntrack version 0.5.0 (7904 buckets, 31616 max)
[STDERR  ] 2017-05-22T14:36:45.812722243Z: [    6.956538] ctnetlink v0.93: registering with nfnetlink.
[STDERR  ] 2017-05-22T14:36:45.812729461Z: [    6.959737] nf_tables: (c) 2007-2009 Patrick McHardy <kaber@trash.net>
[STDERR  ] 2017-05-22T14:36:45.812749056Z: [    6.971369] scsi 2:0:0:0: CD-ROM            QEMU     QEMU DVD-ROM     2.5+ PQ: 0 ANSI: 5
[STDERR  ] 2017-05-22T14:36:45.812762027Z: [    6.972728] nf_tables_compat: (c) 2012 Pablo Neira Ayuso <pablo@netfilter.org>
[STDERR  ] 2017-05-22T14:36:45.812775153Z: [    6.976136] xt_time: kernel timezone is -0000
[STDERR  ] 2017-05-22T14:36:45.812781329Z: [    6.976660] ip_set: protocol 6
[STDERR  ] 2017-05-22T14:36:45.812805151Z: [    6.977426] IPVS: Registered protocols (TCP, UDP, SCTP, AH, ESP)
[STDERR  ] 2017-05-22T14:36:45.812817651Z: [    6.978036] IPVS: Connection hash table configured (size=4096, memory=64Kbytes)
[STDERR  ] 2017-05-22T14:36:45.812830699Z: [    6.984628] IPVS: Creating netns size=2096 id=0
[STDERR  ] 2017-05-22T14:36:45.812846957Z: [    6.987039] IPVS: ipvs loaded.
[STDERR  ] 2017-05-22T14:36:45.812860411Z: [    6.987410] IPVS: [rr] scheduler registered.
[STDERR  ] 2017-05-22T14:36:45.812885078Z: [    6.987764] IPVS: [wrr] scheduler registered.
[STDERR  ] 2017-05-22T14:36:45.812898726Z: [    6.988082] IPVS: [lc] scheduler registered.
[STDERR  ] 2017-05-22T14:36:45.812912215Z: [    6.988391] IPVS: [wlc] scheduler registered.
[STDERR  ] 2017-05-22T14:36:45.812924475Z: [    6.988705] IPVS: [fo] scheduler registered.
[STDERR  ] 2017-05-22T14:36:45.812937589Z: [    6.989012] IPVS: [ovf] scheduler registered.
[STDERR  ] 2017-05-22T14:36:45.812944323Z: [    6.989434] IPVS: [lblc] scheduler registered.
[STDERR  ] 2017-05-22T14:36:45.81296251Z: [    6.989850] IPVS: [lblcr] scheduler registered.
[STDERR  ] 2017-05-22T14:36:45.812968562Z: [    6.993113] sr 2:0:0:0: [sr0] scsi3-mmc drive: 4x/4x cd/rw xa/form2 tray
[STDERR  ] 2017-05-22T14:36:45.812986258Z: [    6.993759] cdrom: Uniform CD-ROM driver Revision: 3.20
[STDERR  ] 2017-05-22T14:36:45.812998534Z: [    6.995959] IPVS: [dh] scheduler registered.
[STDERR  ] 2017-05-22T14:36:45.813015456Z: [    6.996315] IPVS: [sh] scheduler registered.
[STDERR  ] 2017-05-22T14:36:45.813029067Z: [    6.996645] IPVS: [sed] scheduler registered.
[STDERR  ] 2017-05-22T14:36:45.81303619Z: [    6.996979] IPVS: [nq] scheduler registered.
[STDERR  ] 2017-05-22T14:36:45.813053404Z: [    6.997693] IPVS: ftp: loaded support on port[0] = 21
[STDERR  ] 2017-05-22T14:36:45.813073811Z: [    6.998619] ipip: IPv4 over IPv4 tunneling driver
[STDERR  ] 2017-05-22T14:36:45.813086338Z: [    7.004206] sr 2:0:0:0: Attached scsi generic sg0 type 5
[STDERR  ] 2017-05-22T14:36:45.813093016Z: [    7.008240] gre: GRE over IPv4 demultiplexor driver
[STDERR  ] 2017-05-22T14:36:45.813104868Z: [    7.008635] ip_gre: GRE over IPv4 tunneling driver
[STDERR  ] 2017-05-22T14:36:45.813128413Z: [    7.014015] IPv4 over IPsec tunneling driver
[STDERR  ] 2017-05-22T14:36:45.813140895Z: [    7.020510] ip_tables: (C) 2000-2006 Netfilter Core Team
[STDERR  ] 2017-05-22T14:36:45.813154077Z: [    7.023546] ipt_CLUSTERIP: ClusterIP Version 0.8 loaded successfully
[STDERR  ] 2017-05-22T14:36:45.813172825Z: [    7.024352] arp_tables: (C) 2002 David S. Miller
[STDERR  ] 2017-05-22T14:36:45.813181307Z: [    7.026242] Initializing XFRM netlink socket
[STDERR  ] 2017-05-22T14:36:45.813206225Z: [    7.027238] NET: Registered protocol family 10
[STDERR  ] 2017-05-22T14:36:45.813213233Z: [    7.038610] mip6: Mobile IPv6
[STDERR  ] 2017-05-22T14:36:45.813232619Z: [    7.039066] ip6_tables: (C) 2000-2006 Netfilter Core Team
[STDERR  ] 2017-05-22T14:36:45.813245557Z: [    7.047587] sit: IPv6 over IPv4 tunneling driver
[STDERR  ] 2017-05-22T14:36:45.813258413Z: [    7.054549] ip6_gre: GRE over IPv6 tunneling driver
[STDERR  ] 2017-05-22T14:36:45.813265272Z: [    7.057931] NET: Registered protocol family 17
[STDERR  ] 2017-05-22T14:36:45.813277096Z: [    7.058538] NET: Registered protocol family 15
[STDERR  ] 2017-05-22T14:36:45.813296892Z: [    7.059370] bridge: automatic filtering via arp/ip/ip6tables has been deprecated. Update your scripts to load br_netfilter if you need this.
[STDERR  ] 2017-05-22T14:36:45.813310206Z: [    7.060978] Bridge firewalling registered
[STDERR  ] 2017-05-22T14:36:45.813323202Z: [    7.061588] Ebtables v2.0 registered
[STDERR  ] 2017-05-22T14:36:45.813330216Z: [    7.065110] l2tp_core: L2TP core driver, V2.0
[STDERR  ] 2017-05-22T14:36:45.813351638Z: [    7.065567] l2tp_ppp: PPPoL2TP kernel driver, V2.0
[STDERR  ] 2017-05-22T14:36:45.813365175Z: [    7.065932] 8021q: 802.1Q VLAN Support v1.8
[STDERR  ] 2017-05-22T14:36:45.813371774Z: [    7.067318] 9pnet: Installing 9P2000 support
[STDERR  ] 2017-05-22T14:36:45.813391732Z: [    7.068185] Key type dns_resolver registered
[STDERR  ] 2017-05-22T14:36:45.813404636Z: [    7.068560] openvswitch: Open vSwitch switching datapath
[STDERR  ] 2017-05-22T14:36:45.813417296Z: [    7.070711] hv_sock: failed to load: VMBus 4 or later is required
[STDERR  ] 2017-05-22T14:36:45.813429763Z: [    7.071166] mpls_gso: MPLS GSO support
[STDERR  ] 2017-05-22T14:36:45.813441051Z: [    7.071625] microcode: AMD CPU family 0x6 not supported
[STDERR  ] 2017-05-22T14:36:45.813459227Z: [    7.075321] registered taskstats version 1
[STDERR  ] 2017-05-22T14:36:45.813475278Z: [    7.191121] tsc: Refined TSC clocksource calibration: 2300.154 MHz
[STDERR  ] 2017-05-22T14:36:45.813492083Z: [    7.191596] clocksource: tsc: mask: 0xffffffffffffffff max_cycles: 0x2127c6da836, max_idle_ns: 440795303673 ns
[STDERR  ] 2017-05-22T14:36:45.813507214Z: [    7.197409] Key type encrypted registered
[STDERR  ] 2017-05-22T14:36:45.813520311Z: [    7.202500] rtc_cmos 00:00: setting system clock to 2017-05-22 14:36:14 UTC (1495463774)
[STDERR  ] 2017-05-22T14:36:45.813538994Z: [    7.341669] Freeing unused kernel memory: 1372K (ffffffff9ff70000 - ffffffffa00c7000)
[STDERR  ] 2017-05-22T14:36:45.813552108Z: [    7.342267] Write protecting the kernel read-only data: 14336k
[STDERR  ] 2017-05-22T14:36:45.81356765Z: [    7.354926] Freeing unused kernel memory: 1288K (ffff88001f8be000 - ffff88001fa00000)
[STDERR  ] 2017-05-22T14:36:45.813580545Z: [    7.437908] Freeing unused kernel memory: 1008K (ffff88001fd04000 - ffff88001fe00000)
[STDERR  ] 2017-05-22T14:36:45.813587185Z: [    8.200874] clocksource: Switched to clocksource tsc
[STDERR  ] 2017-05-22T14:36:45.813611324Z: 
[STDERR  ] 2017-05-22T14:36:45.81362414Z: 
[STDERR  ] 2017-05-22T14:36:45.813637214Z: Starting containerd
[STDERR  ] 2017-05-22T14:36:45.813649695Z: 
[STDERR  ] 2017-05-22T14:36:45.813655801Z: Welcome to LinuxKit
[STDERR  ] 2017-05-22T14:36:45.813675948Z: 
[STDERR  ] 2017-05-22T14:36:45.813689301Z:                         ##         .
[STDERR  ] 2017-05-22T14:36:45.813710108Z:                   ## ## ##        ==
[STDERR  ] 2017-05-22T14:36:45.813725382Z:                ## ## ## ## ##    ===
[STDERR  ] 2017-05-22T14:36:45.81374504Z:            /"""""""""""""""""\___/ ===
[STDERR  ] 2017-05-22T14:36:45.813752258Z:       ~~~ {~~ ~~~~ ~~~ ~~~~ ~~~ ~ /  ===- ~~~
[STDERR  ] 2017-05-22T14:36:45.813771506Z:            \______ o           __/
[STDERR  ] 2017-05-22T14:36:45.813778046Z:              \    \         __/
[STDERR  ] 2017-05-22T14:36:45.813797069Z:               \____\_______/
[STDERR  ] 2017-05-22T14:36:45.813803903Z: 
[STDERR  ] 2017-05-22T14:36:45.813829822Z: / # [6n[   14.291509] IPVS: Creating netns size=2096 id=1
[STDERR  ] 2017-05-22T14:36:45.813843281Z: [   14.292002] IPVS: ftp: loaded support on port[0] = 21
[STDERR  ] 2017-05-22T14:36:45.813855663Z: [34mINFO[0m[0000] starting containerd boot...                   [34mmodule[0m=containerd
[STDERR  ] 2017-05-22T14:36:45.813868933Z: [34mINFO[0m[0001] starting debug API...                         [34mdebug[0m="/run/containerd/debug.sock" [34mmodule[0m=containerd
[STDERR  ] 2017-05-22T14:36:45.813875416Z: [34mINFO[0m[0001] loading monitor plugin "cgroups"...           [34mmodule[0m=containerd
[STDERR  ] 2017-05-22T14:36:45.81390183Z: [34mINFO[0m[0001] loading runtime plugin "linux"...             [34mmodule[0m=containerd
[STDERR  ] 2017-05-22T14:36:45.813915305Z: [34mINFO[0m[0001] loading snapshot plugin "snapshot-overlay"...  [34mmodule[0m=containerd
[STDERR  ] 2017-05-22T14:36:45.813937029Z: [34mINFO[0m[0001] loading grpc service plugin "runtime-grpc"...  [34mmodule[0m=containerd
[STDERR  ] 2017-05-22T14:36:45.813950541Z: [34mINFO[0m[0001] loading grpc service plugin "metrics-grpc"...  [34mmodule[0m=containerd
[STDERR  ] 2017-05-22T14:36:45.813963024Z: [34mINFO[0m[0001] loading grpc service plugin "snapshots-grpc"...  [34mmodule[0m=containerd
[STDERR  ] 2017-05-22T14:36:45.813975575Z: [34mINFO[0m[0001] loading grpc service plugin "version-grpc"...  [34mmodule[0m=containerd
[STDERR  ] 2017-05-22T14:36:45.813990813Z: [34mINFO[0m[0001] loading grpc service plugin "content-grpc"...  [34mmodule[0m=containerd
[STDERR  ] 2017-05-22T14:36:45.813998311Z: [34mINFO[0m[0001] loading grpc service plugin "diff-grpc"...    [34mmodule[0m=containerd
[STDERR  ] 2017-05-22T14:36:45.814009833Z: [34mINFO[0m[0001] loading grpc service plugin "healthcheck-grpc"...  [34mmodule[0m=containerd
[STDERR  ] 2017-05-22T14:36:45.814028648Z: [34mINFO[0m[0001] loading grpc service plugin "images-grpc"...  [34mmodule[0m=containerd
[STDERR  ] 2017-05-22T14:36:45.814049398Z: [34mINFO[0m[0001] starting GRPC API server...                   [34mmodule[0m=containerd
[STDERR  ] 2017-05-22T14:36:45.814063994Z: [34mINFO[0m[0001] starting metrics API...                       [34mmetrics[0m=":13337" [34mmodule[0m=containerd
[STDERR  ] 2017-05-22T14:36:45.814077487Z: [34mINFO[0m[0001] containerd successfully booted in 0.455723s   [34mmodule[0m=containerd
[STDERR  ] 2017-05-22T14:36:45.814091371Z: starting kernel config sanity test with /proc/config.gz
[STDERR  ] 2017-05-22T14:36:45.814105835Z: kernel config test succeeded!
[STDERR  ] 2017-05-22T14:36:45.81411936Z: [37minfo: reading kernel config from /proc/config.gz ...[m
[STDERR  ] 2017-05-22T14:36:45.814133576Z: 
[STDERR  ] 2017-05-22T14:36:45.814140593Z: Generally Necessary:
[STDERR  ] 2017-05-22T14:36:45.814161795Z: - [37mcgroup hierarchy[m: [32mproperly mounted[m [/sys/fs/cgroup]
[STDERR  ] 2017-05-22T14:36:45.81416777Z: - [37mCONFIG_NAMESPACES[m: [32menabled[m
[STDERR  ] 2017-05-22T14:36:45.814187479Z: - [37mCONFIG_NET_NS[m: [32menabled[m
[STDERR  ] 2017-05-22T14:36:45.814200839Z: - [37mCONFIG_PID_NS[m: [32menabled[m
[STDERR  ] 2017-05-22T14:36:45.814214272Z: - [37mCONFIG_IPC_NS[m: [32menabled[m
[STDERR  ] 2017-05-22T14:36:45.814228369Z: - [37mCONFIG_UTS_NS[m: [32menabled[m
[STDERR  ] 2017-05-22T14:36:45.814236255Z: - [37mCONFIG_CGROUPS[m: [32menabled[m
[STDERR  ] 2017-05-22T14:36:45.814254994Z: - [37mCONFIG_CGROUP_CPUACCT[m: [32menabled[m
[STDERR  ] 2017-05-22T14:36:45.814261468Z: - [37mCONFIG_CGROUP_DEVICE[m: [32menabled[m
[STDERR  ] 2017-05-22T14:36:45.814284694Z: - [37mCONFIG_CGROUP_FREEZER[m: [32menabled[m
[STDERR  ] 2017-05-22T14:36:45.814293558Z: - [37mCONFIG_CGROUP_SCHED[m: [32menabled[m
[STDERR  ] 2017-05-22T14:36:45.814307428Z: - [37mCONFIG_CPUSETS[m: [32menabled[m
[STDERR  ] 2017-05-22T14:36:45.814327222Z: - [37mCONFIG_MEMCG[m: [32menabled[m
[STDERR  ] 2017-05-22T14:36:45.814346989Z: - [37mCONFIG_KEYS[m: [32menabled[m
[STDERR  ] 2017-05-22T14:36:45.814359514Z: - [37mCONFIG_VETH[m: [32menabled[m
[STDERR  ] 2017-05-22T14:36:45.814374265Z: - [37mCONFIG_BRIDGE[m: [32menabled[m
[STDERR  ] 2017-05-22T14:36:45.814381672Z: - [37mCONFIG_BRIDGE_NETFILTER[m: [32menabled[m
[STDERR  ] 2017-05-22T14:36:45.814399993Z: - [37mCONFIG_NF_NAT_IPV4[m: [32menabled[m
[STDERR  ] 2017-05-22T14:36:45.814416058Z: - [37mCONFIG_IP_NF_FILTER[m: [32menabled[m
[STDERR  ] 2017-05-22T14:36:45.814431222Z: - [37mCONFIG_IP_NF_TARGET_MASQUERADE[m: [32menabled[m
[STDERR  ] 2017-05-22T14:36:45.8144456Z: - [37mCONFIG_NETFILTER_XT_MATCH_ADDRTYPE[m: [32menabled[m
[STDERR  ] 2017-05-22T14:36:45.814451909Z: - [37mCONFIG_NETFILTER_XT_MATCH_CONNTRACK[m: [32menabled[m
[STDERR  ] 2017-05-22T14:36:45.814472806Z: - [37mCONFIG_NETFILTER_XT_MATCH_IPVS[m: [32menabled[m
[STDERR  ] 2017-05-22T14:36:45.814490308Z: - [37mCONFIG_IP_NF_NAT[m: [32menabled[m
[STDERR  ] 2017-05-22T14:36:45.81450793Z: - [37mCONFIG_NF_NAT[m: [32menabled[m
[STDERR  ] 2017-05-22T14:36:45.814521999Z: - [37mCONFIG_NF_NAT_NEEDED[m: [32menabled[m
[STDERR  ] 2017-05-22T14:36:45.814535731Z: - [37mCONFIG_POSIX_MQUEUE[m: [32menabled[m
[STDERR  ] 2017-05-22T14:36:45.814550126Z: - [37mCONFIG_DEVPTS_MULTIPLE_INSTANCES[m: [32menabled[m
[STDERR  ] 2017-05-22T14:36:45.814563494Z: 
[STDERR  ] 2017-05-22T14:36:45.814578419Z: Optional Features:
[STDERR  ] 2017-05-22T14:36:45.81459154Z: - [37mCONFIG_USER_NS[m: [32menabled[m
[STDERR  ] 2017-05-22T14:36:45.814598261Z: - [37mCONFIG_SECCOMP[m: [32menabled[m
[STDERR  ] 2017-05-22T14:36:45.814612027Z: - [37mCONFIG_CGROUP_PIDS[m: [32menabled[m
[STDERR  ] 2017-05-22T14:36:45.814631504Z: - [37mCONFIG_MEMCG_SWAP[m: [32menabled[m
[STDERR  ] 2017-05-22T14:36:45.814645534Z: - [37mCONFIG_MEMCG_SWAP_ENABLED[m: [32menabled[m
[STDERR  ] 2017-05-22T14:36:45.814653621Z:     [1;30m(cgroup swap accounting is currently enabled)[m
[STDERR  ] 2017-05-22T14:36:45.814693289Z: - [1mCONFIG_LEGACY_VSYSCALL_NONE[m: [1;31menabled[m
[STDERR  ] 2017-05-22T14:36:45.814714789Z:     [1;30m(containers using eglibc <= 2.13 will not work. Switch to[m
[STDERR  ] 2017-05-22T14:36:45.814727729Z:     [1;30m "CONFIG_VSYSCALL_[NATIVE|EMULATE]" or use "vsyscall=[native|emulate]"[m
[STDERR  ] 2017-05-22T14:36:45.814734155Z:     [1;30m on kernel command line. Note that this will disable ASLR for the,[m
[STDERR  ] 2017-05-22T14:36:45.81474682Z:     [1;30m VDSO which may assist in exploiting security vulnerabilities.)[m
[STDERR  ] 2017-05-22T14:36:45.814769192Z: - [37mCONFIG_MEMCG_KMEM[m: [32menabled[m
[STDERR  ] 2017-05-22T14:36:45.814782298Z: - [37mCONFIG_BLK_CGROUP[m: [32menabled[m
[STDERR  ] 2017-05-22T14:36:45.814796689Z: - [37mCONFIG_BLK_DEV_THROTTLING[m: [32menabled[m
[STDERR  ] 2017-05-22T14:36:45.814811729Z: - [37mCONFIG_IOSCHED_CFQ[m: [32menabled[m
[STDERR  ] 2017-05-22T14:36:45.814824325Z: - [37mCONFIG_CFQ_GROUP_IOSCHED[m: [32menabled[m
[STDERR  ] 2017-05-22T14:36:45.814831614Z: - [37mCONFIG_CGROUP_PERF[m: [32menabled[m
[STDERR  ] 2017-05-22T14:36:45.814844261Z: - [37mCONFIG_CGROUP_HUGETLB[m: [32menabled[m
[STDERR  ] 2017-05-22T14:36:45.814864008Z: - [37mCONFIG_NET_CLS_CGROUP[m: [32menabled[m
[STDERR  ] 2017-05-22T14:36:45.814878353Z: - [37mCONFIG_CGROUP_NET_PRIO[m: [32menabled[m
[STDERR  ] 2017-05-22T14:36:45.81489087Z: - [37mCONFIG_CFS_BANDWIDTH[m: [32menabled[m
[STDERR  ] 2017-05-22T14:36:45.81490429Z: - [37mCONFIG_FAIR_GROUP_SCHED[m: [32menabled[m
[STDERR  ] 2017-05-22T14:36:45.81491957Z: - [37mCONFIG_RT_GROUP_SCHED[m: [32menabled[m
[STDERR  ] 2017-05-22T14:36:45.814932536Z: - [37mCONFIG_IP_VS[m: [32menabled[m
[STDERR  ] 2017-05-22T14:36:45.814954849Z: - [37mCONFIG_IP_VS_NFCT[m: [32menabled[m
[STDERR  ] 2017-05-22T14:36:45.814963003Z: - [37mCONFIG_IP_VS_RR[m: [32menabled[m
[STDERR  ] 2017-05-22T14:36:45.814974824Z: - [37mCONFIG_EXT4_FS[m: [32menabled[m
[STDERR  ] 2017-05-22T14:36:45.814996753Z: - [37mCONFIG_EXT4_FS_POSIX_ACL[m: [32menabled[m
[STDERR  ] 2017-05-22T14:36:45.815014955Z: - [37mCONFIG_EXT4_FS_SECURITY[m: [32menabled[m
[STDERR  ] 2017-05-22T14:36:45.815028419Z: - Network Drivers:
[STDERR  ] 2017-05-22T14:36:45.815041133Z:   - "[34moverlay[m":
[STDERR  ] 2017-05-22T14:36:45.815063385Z:     - [37mCONFIG_VXLAN[m: [32menabled[m
[STDERR  ] 2017-05-22T14:36:45.815076175Z:       Optional (for encrypted networks):
[STDERR  ] 2017-05-22T14:36:45.815090831Z:       - [37mCONFIG_CRYPTO[m: [32menabled[m
[STDERR  ] 2017-05-22T14:36:45.815103757Z:       - [37mCONFIG_CRYPTO_AEAD[m: [32menabled[m
[STDERR  ] 2017-05-22T14:36:45.815116815Z:       - [37mCONFIG_CRYPTO_GCM[m: [32menabled[m
[STDERR  ] 2017-05-22T14:36:45.815129961Z:       - [37mCONFIG_CRYPTO_SEQIV[m: [32menabled[m
[STDERR  ] 2017-05-22T14:36:45.815147086Z:       - [37mCONFIG_CRYPTO_GHASH[m: [32menabled[m
[STDERR  ] 2017-05-22T14:36:45.815159551Z:       - [37mCONFIG_XFRM[m: [32menabled[m
[STDERR  ] 2017-05-22T14:36:45.815174817Z:       - [37mCONFIG_XFRM_USER[m: [32menabled[m
[STDERR  ] 2017-05-22T14:36:45.815187253Z:       - [37mCONFIG_XFRM_ALGO[m: [32menabled[m
[STDERR  ] 2017-05-22T14:36:45.815199705Z:       - [37mCONFIG_INET_ESP[m: [32menabled[m
[STDERR  ] 2017-05-22T14:36:45.815207708Z:       - [37mCONFIG_INET_XFRM_MODE_TRANSPORT[m: [32menabled[m
[STDERR  ] 2017-05-22T14:36:45.81521938Z:   - "[34mipvlan[m":
[STDERR  ] 2017-05-22T14:36:45.815241255Z:     - [37mCONFIG_IPVLAN[m: [32menabled[m
[STDERR  ] 2017-05-22T14:36:45.815254079Z:   - "[34mmacvlan[m":
[STDERR  ] 2017-05-22T14:36:45.815268374Z:     - [37mCONFIG_MACVLAN[m: [32menabled[m
[STDERR  ] 2017-05-22T14:36:45.81528125Z:     - [37mCONFIG_DUMMY[m: [32menabled[m
[STDERR  ] 2017-05-22T14:36:45.815294852Z:   - "[34mftp,tftp client in container[m":
[STDERR  ] 2017-05-22T14:36:45.81531199Z:     - [37mCONFIG_NF_NAT_FTP[m: [32menabled[m
[STDERR  ] 2017-05-22T14:36:45.815328107Z:     - [37mCONFIG_NF_CONNTRACK_FTP[m: [32menabled[m
[STDERR  ] 2017-05-22T14:36:45.815350777Z:     - [37mCONFIG_NF_NAT_TFTP[m: [32menabled[m
[STDERR  ] 2017-05-22T14:36:45.815364528Z:     - [37mCONFIG_NF_CONNTRACK_TFTP[m: [32menabled[m
[STDERR  ] 2017-05-22T14:36:45.815377166Z: - Storage Drivers:
[STDERR  ] 2017-05-22T14:36:45.815392769Z:   - "[34maufs[m":
[STDERR  ] 2017-05-22T14:36:45.815398962Z:     - [1mCONFIG_AUFS_FS[m: [1;31mmissing[m
[STDERR  ] 2017-05-22T14:36:45.815420059Z:   - "[34mbtrfs[m":
[STDERR  ] 2017-05-22T14:36:45.815429829Z:     - [37mCONFIG_BTRFS_FS[m: [32menabled (as module)[m
[STDERR  ] 2017-05-22T14:36:45.815449083Z:     - [37mCONFIG_BTRFS_FS_POSIX_ACL[m: [32menabled[m
[STDERR  ] 2017-05-22T14:36:45.815464273Z:   - "[34mdevicemapper[m":
[STDERR  ] 2017-05-22T14:36:45.815478198Z:     - [37mCONFIG_BLK_DEV_DM[m: [32menabled[m
[STDERR  ] 2017-05-22T14:36:45.815490926Z:     - [37mCONFIG_DM_THIN_PROVISIONING[m: [32menabled[m
[STDERR  ] 2017-05-22T14:36:45.815506161Z:   - "[34moverlay[m":
[STDERR  ] 2017-05-22T14:36:45.815512655Z:     - [37mCONFIG_OVERLAY_FS[m: [32menabled[m
[STDERR  ] 2017-05-22T14:36:45.815523976Z:   - "[34mzfs[m":
[STDERR  ] 2017-05-22T14:36:45.815545865Z:     - [1m/dev/zfs[m: [1;31mmissing[m
[STDERR  ] 2017-05-22T14:36:45.81555877Z:     - [1mzfs command[m: [1;31mmissing[m
[STDERR  ] 2017-05-22T14:36:45.815567141Z:     - [1mzpool command[m: [1;31mmissing[m
[STDERR  ] 2017-05-22T14:36:45.815585958Z: 
[STDERR  ] 2017-05-22T14:36:45.815592697Z: Limits:
[STDERR  ] 2017-05-22T14:36:45.815614153Z: [37m- /proc/sys/kernel/keys/root_maxkeys[m: [32m1000000[m
[STDERR  ] 2017-05-22T14:36:45.815631801Z: 
[STDERR  ] 2017-05-22T14:36:45.815646617Z: Kernel config test suite PASSED
[STDERR  ] 2017-05-22T14:36:45.815659455Z: 
[STDERR  ] 2017-05-22T14:36:45.815673364Z:                         ##         .
[STDERR  ] 2017-05-22T14:36:45.815679734Z:                   ## ## ##        ==
[STDERR  ] 2017-05-22T14:36:45.81569357Z:                ## ## ## ## ##    ===
[STDERR  ] 2017-05-22T14:36:45.815723016Z:            /"""""""""""""""""\___/ ===
[STDERR  ] 2017-05-22T14:36:45.81573027Z:       ~~~ {~~ ~~~~ ~~~ ~~~~ ~~~ ~ /  ===- ~~~
[STDERR  ] 2017-05-22T14:36:45.815751484Z:            \______ o           __/
[STDERR  ] 2017-05-22T14:36:45.815764105Z:              \    \         __/
[STDERR  ] 2017-05-22T14:36:45.81577145Z:               \____\_______/
[STDERR  ] 2017-05-22T14:36:45.815795099Z:  - 000-check-kernel-config
[STDERR  ] 2017-05-22T14:36:45.815808767Z: [   38.369697] ACPI: Preparing to enter system sleep state S5
[STDERR  ] 2017-05-22T14:36:45.815823127Z: [   38.372624] reboot: Power down
[STDERR  ] 2017-05-22T14:36:45.815839917Z: + echo [    0.000000] Initializing cgroup subsys cpuset
[STDERR  ] 2017-05-22T14:36:45.815854186Z: [    0.000000] Initializing cgroup subsys cpu
[STDERR  ] 2017-05-22T14:36:45.815862795Z: [    0.000000] Initializing cgroup subsys cpuacct
[STDERR  ] 2017-05-22T14:36:45.815884858Z: [    0.000000] Linux version 4.4.69-linuxkit (root@84baa8e89c00) (gcc version 6.2.1 20160822 (Alpine 6.2.1) ) #1 SMP Mon May 22 14:14:23 UTC 2017
[STDERR  ] 2017-05-22T14:36:45.815892718Z: [    0.000000] Command line: console=ttyS0
[STDERR  ] 2017-05-22T14:36:45.815911841Z: [    0.000000] x86/fpu: Legacy x87 FPU detected.
[STDERR  ] 2017-05-22T14:36:45.815926465Z: [    0.000000] x86/fpu: Using 'lazy' FPU context switches.
[STDERR  ] 2017-05-22T14:36:45.815939357Z: [    0.000000] e820: BIOS-provided physical RAM map:
[STDERR  ] 2017-05-22T14:36:45.815960004Z: [    0.000000] BIOS-e820: [mem 0x0000000000000000-0x000000000009fbff] usable
[STDERR  ] 2017-05-22T14:36:45.816007451Z: [    0.000000] BIOS-e820: [mem 0x000000000009fc00-0x000000000009ffff] reserved
[STDERR  ] 2017-05-22T14:36:45.816015992Z: [    0.000000] BIOS-e820: [mem 0x00000000000f0000-0x00000000000fffff] reserved
[STDERR  ] 2017-05-22T14:36:45.816033542Z: [    0.000000] BIOS-e820: [mem 0x0000000000100000-0x000000003ffdefff] usable
[STDERR  ] 2017-05-22T14:36:45.816054821Z: [    0.000000] BIOS-e820: [mem 0x000000003ffdf000-0x000000003fffffff] reserved
[STDERR  ] 2017-05-22T14:36:45.816075225Z: [    0.000000] BIOS-e820: [mem 0x00000000b0000000-0x00000000bfffffff] reserved
[STDERR  ] 2017-05-22T14:36:45.81608838Z: [    0.000000] BIOS-e820: [mem 0x00000000fed1c000-0x00000000fed1ffff] reserved
[STDERR  ] 2017-05-22T14:36:45.816103214Z: [    0.000000] BIOS-e820: [mem 0x00000000fffc0000-0x00000000ffffffff] reserved
[STDERR  ] 2017-05-22T14:36:45.816116534Z: [    0.000000] NX (Execute Disable) protection: active
[STDERR  ] 2017-05-22T14:36:45.816130791Z: [    0.000000] SMBIOS 2.8 present.
[STDERR  ] 2017-05-22T14:36:45.816143598Z: [    0.000000] e820: last_pfn = 0x3ffdf max_arch_pfn = 0x400000000
[STDERR  ] 2017-05-22T14:36:45.81615754Z: [    0.000000] x86/PAT: Configuration [0-7]: WB  WC  UC- UC  WB  WC  UC- WT  
[STDERR  ] 2017-05-22T14:36:45.816172808Z: [    0.000000] found SMP MP-table at [mem 0x000f6aa0-0x000f6aaf] mapped at [ffff8800000f6aa0]
[STDERR  ] 2017-05-22T14:36:45.816185984Z: [    0.000000] RAMDISK: [mem 0x3df53000-0x3ffcffff]
[STDERR  ] 2017-05-22T14:36:45.816205345Z: [    0.000000] ACPI: Early table checksum verification disabled
[STDERR  ] 2017-05-22T14:36:45.816224522Z: [    0.000000] ACPI: RSDP 0x00000000000F68C0 000014 (v00 BOCHS )
[STDERR  ] 2017-05-22T14:36:45.816241639Z: [    0.000000] ACPI: RSDT 0x000000003FFE2404 000034 (v01 BOCHS  BXPCRSDT 00000001 BXPC 00000001)
[STDERR  ] 2017-05-22T14:36:45.816248798Z: [    0.000000] ACPI: FACP 0x000000003FFE22A4 000074 (v01 BOCHS  BXPCFACP 00000001 BXPC 00000001)
[STDERR  ] 2017-05-22T14:36:45.816262292Z: [    0.000000] ACPI: DSDT 0x000000003FFE0040 002264 (v01 BOCHS  BXPCDSDT 00000001 BXPC 00000001)
[STDERR  ] 2017-05-22T14:36:45.816283995Z: [    0.000000] ACPI: FACS 0x000000003FFE0000 000040
[STDERR  ] 2017-05-22T14:36:45.81629125Z: [    0.000000] ACPI: APIC 0x000000003FFE2318 000078 (v01 BOCHS  BXPCAPIC 00000001 BXPC 00000001)
[STDERR  ] 2017-05-22T14:36:45.816305851Z: [    0.000000] ACPI: HPET 0x000000003FFE2390 000038 (v01 BOCHS  BXPCHPET 00000001 BXPC 00000001)
[STDERR  ] 2017-05-22T14:36:45.816330591Z: [    0.000000] ACPI: MCFG 0x000000003FFE23C8 00003C (v01 BOCHS  BXPCMCFG 00000001 BXPC 00000001)
[STDERR  ] 2017-05-22T14:36:45.816345863Z: [    0.000000] Zone ranges:
[STDERR  ] 2017-05-22T14:36:45.816358725Z: [    0.000000]   DMA      [mem 0x0000000000001000-0x0000000000ffffff]
[STDERR  ] 2017-05-22T14:36:45.816376688Z: [    0.000000]   DMA32    [mem 0x0000000001000000-0x000000003ffdefff]
[STDERR  ] 2017-05-22T14:36:45.816391647Z: [    0.000000]   Normal   empty
[STDERR  ] 2017-05-22T14:36:45.816398742Z: [    0.000000] Movable zone start for each node
[STDERR  ] 2017-05-22T14:36:45.816414215Z: [    0.000000] Early memory node ranges
[STDERR  ] 2017-05-22T14:36:45.816433816Z: [    0.000000]   node   0: [mem 0x0000000000001000-0x000000000009efff]
[STDERR  ] 2017-05-22T14:36:45.816441164Z: [    0.000000]   node   0: [mem 0x0000000000100000-0x000000003ffdefff]
[STDERR  ] 2017-05-22T14:36:45.816453982Z: [    0.000000] Initmem setup node 0 [mem 0x0000000000001000-0x000000003ffdefff]
[STDERR  ] 2017-05-22T14:36:45.816476645Z: [    0.000000] ACPI: PM-Timer IO Port: 0x608
[STDERR  ] 2017-05-22T14:36:45.816483205Z: [    0.000000] ACPI: LAPIC_NMI (acpi_id[0xff] dfl dfl lint[0x1])
[STDERR  ] 2017-05-22T14:36:45.816495403Z: [    0.000000] IOAPIC[0]: apic_id 0, version 32, address 0xfec00000, GSI 0-23
[STDERR  ] 2017-05-22T14:36:45.816516812Z: [    0.000000] ACPI: INT_SRC_OVR (bus 0 bus_irq 0 global_irq 2 dfl dfl)
[STDERR  ] 2017-05-22T14:36:45.816530185Z: [    0.000000] ACPI: INT_SRC_OVR (bus 0 bus_irq 5 global_irq 5 high level)
[STDERR  ] 2017-05-22T14:36:45.816542959Z: [    0.000000] ACPI: INT_SRC_OVR (bus 0 bus_irq 9 global_irq 9 high level)
[STDERR  ] 2017-05-22T14:36:45.816563245Z: [    0.000000] ACPI: INT_SRC_OVR (bus 0 bus_irq 10 global_irq 10 high level)
[STDERR  ] 2017-05-22T14:36:45.816575962Z: [    0.000000] ACPI: INT_SRC_OVR (bus 0 bus_irq 11 global_irq 11 high level)
[STDERR  ] 2017-05-22T14:36:45.81659138Z: [    0.000000] Using ACPI (MADT) for SMP configuration information
[STDERR  ] 2017-05-22T14:36:45.816616621Z: [    0.000000] ACPI: HPET id: 0x8086a201 base: 0xfed00000
[STDERR  ] 2017-05-22T14:36:45.816629951Z: [    0.000000] smpboot: Allowing 1 CPUs, 0 hotplug CPUs
[STDERR  ] 2017-05-22T14:36:45.816644368Z: [    0.000000] e820: [mem 0x40000000-0xafffffff] available for PCI devices
[STDERR  ] 2017-05-22T14:36:45.816653005Z: [    0.000000] Booting paravirtualized kernel on bare hardware
[STDERR  ] 2017-05-22T14:36:45.816664986Z: [    0.000000] clocksource: refined-jiffies: mask: 0xffffffff max_cycles: 0xffffffff, max_idle_ns: 19112604462750000 ns
[STDERR  ] 2017-05-22T14:36:45.816687795Z: [    0.000000] setup_percpu: NR_CPUS:128 nr_cpumask_bits:128 nr_cpu_ids:1 nr_node_ids:1
[STDERR  ] 2017-05-22T14:36:45.816695732Z: [    0.000000] PERCPU: Embedded 33 pages/cpu @ffff88003dc00000 s95960 r8192 d31016 u2097152
[STDERR  ] 2017-05-22T14:36:45.816724807Z: [    0.000000] Built 1 zonelists in Zone order, mobility grouping on.  Total pages: 257896
[STDERR  ] 2017-05-22T14:36:45.816732222Z: [    0.000000] Kernel command line: console=ttyS0
[STDERR  ] 2017-05-22T14:36:45.816755594Z: [    0.000000] PID hash table entries: 4096 (order: 3, 32768 bytes)
[STDERR  ] 2017-05-22T14:36:45.816769879Z: [    0.000000] Dentry cache hash table entries: 131072 (order: 8, 1048576 bytes)
[STDERR  ] 2017-05-22T14:36:45.816783219Z: [    0.000000] Inode-cache hash table entries: 65536 (order: 7, 524288 bytes)
[STDERR  ] 2017-05-22T14:36:45.816798743Z: [    0.000000] Memory: 978440K/1048052K available (8943K kernel code, 1467K rwdata, 3088K rodata, 1372K init, 728K bss, 69612K reserved, 0K cma-reserved)
[STDERR  ] 2017-05-22T14:36:45.81680613Z: [    0.000000] Hierarchical RCU implementation.
[STDERR  ] 2017-05-22T14:36:45.816826937Z: [    0.000000] 	Build-time adjustment of leaf fanout to 64.
[STDERR  ] 2017-05-22T14:36:45.816839817Z: [    0.000000] 	RCU restricting CPUs from NR_CPUS=128 to nr_cpu_ids=1.
[STDERR  ] 2017-05-22T14:36:45.816847209Z: [    0.000000] RCU: Adjusting geometry for rcu_fanout_leaf=64, nr_cpu_ids=1
[STDERR  ] 2017-05-22T14:36:45.816872328Z: [    0.000000] NR_IRQS:8448 nr_irqs:256 16
[STDERR  ] 2017-05-22T14:36:45.816885862Z: [    0.000000] Console: colour VGA+ 80x25
[STDERR  ] 2017-05-22T14:36:45.816901574Z: [    0.000000] console [ttyS0] enabled
[STDERR  ] 2017-05-22T14:36:45.816908592Z: [    0.000000] clocksource: hpet: mask: 0xffffffff max_cycles: 0xffffffff, max_idle_ns: 19112604467 ns
[STDERR  ] 2017-05-22T14:36:45.816920736Z: [    0.000000] tsc: Fast TSC calibration using PIT
[STDERR  ] 2017-05-22T14:36:45.816942732Z: [    0.000000] tsc: Detected 2298.027 MHz processor
[STDERR  ] 2017-05-22T14:36:45.816949622Z: [    0.021957] Calibrating delay loop (skipped), value calculated using timer frequency.. 4596.05 BogoMIPS (lpj=22980270)
[STDERR  ] 2017-05-22T14:36:45.816974516Z: [    0.023323] pid_max: default: 32768 minimum: 301
[STDERR  ] 2017-05-22T14:36:45.816992397Z: [    0.024050] ACPI: Core revision 20150930
[STDERR  ] 2017-05-22T14:36:45.817006404Z: [    0.071938] ACPI: 1 ACPI AML tables successfully acquired and loaded
[STDERR  ] 2017-05-22T14:36:45.817022654Z: [    0.073431] Security Framework initialized
[STDERR  ] 2017-05-22T14:36:45.817029638Z: [    0.073800] Yama: becoming mindful.
[STDERR  ] 2017-05-22T14:36:45.817052744Z: [    0.077243] Mount-cache hash table entries: 2048 (order: 2, 16384 bytes)
[STDERR  ] 2017-05-22T14:36:45.817059711Z: [    0.077824] Mountpoint-cache hash table entries: 2048 (order: 2, 16384 bytes)
[STDERR  ] 2017-05-22T14:36:45.817080993Z: [    0.093063] Initializing cgroup subsys io
[STDERR  ] 2017-05-22T14:36:45.817093614Z: [    0.093848] Initializing cgroup subsys memory
[STDERR  ] 2017-05-22T14:36:45.81710905Z: [    0.094728] Initializing cgroup subsys devices
[STDERR  ] 2017-05-22T14:36:45.817121426Z: [    0.095183] Initializing cgroup subsys freezer
[STDERR  ] 2017-05-22T14:36:45.817129261Z: [    0.095633] Initializing cgroup subsys net_cls
[STDERR  ] 2017-05-22T14:36:45.817149821Z: [    0.096043] Initializing cgroup subsys perf_event
[STDERR  ] 2017-05-22T14:36:45.817161929Z: [    0.096475] Initializing cgroup subsys net_prio
[STDERR  ] 2017-05-22T14:36:45.817186225Z: [    0.096913] Initializing cgroup subsys hugetlb
[STDERR  ] 2017-05-22T14:36:45.817192983Z: [    0.097368] Initializing cgroup subsys pids
[STDERR  ] 2017-05-22T14:36:45.817215036Z: [    0.099769] Last level iTLB entries: 4KB 0, 2MB 0, 4MB 0
[STDERR  ] 2017-05-22T14:36:45.817228158Z: [    0.100067] Last level dTLB entries: 4KB 0, 2MB 0, 4MB 0, 1GB 0
[STDERR  ] 2017-05-22T14:36:45.817241095Z: [    0.417501] Freeing SMP alternatives memory: 24K (ffffffffa00c7000 - ffffffffa00cd000)
[STDERR  ] 2017-05-22T14:36:45.817256925Z: [    0.425385] ftrace: allocating 39281 entries in 154 pages
[STDERR  ] 2017-05-22T14:36:45.817275335Z: [    0.612398] ..TIMER: vector=0x30 apic1=0 pin1=2 apic2=-1 pin2=-1
[STDERR  ] 2017-05-22T14:36:45.81729665Z: [    0.720000] smpboot: CPU0: AMD QEMU Virtual CPU version 2.5+ (family: 0x6, model: 0x6, stepping: 0x3)
[STDERR  ] 2017-05-22T14:36:45.817312738Z: [    0.720000] Performance Events: Broken PMU hardware detected, using software events only.
[STDERR  ] 2017-05-22T14:36:45.817325208Z: [    0.720000] Failed to access perfctr msr (MSR c0010007 is 0)
[STDERR  ] 2017-05-22T14:36:45.817340891Z: [    0.723322] x86: Booted up 1 node, 1 CPUs
[STDERR  ] 2017-05-22T14:36:45.817357039Z: [    0.723689] smpboot: Total of 1 processors activated (4596.05 BogoMIPS)
[STDERR  ] 2017-05-22T14:36:45.817415954Z: [    0.726602] NMI watchdog: disabled (cpu0): hardware events not enabled
[STDERR  ] 2017-05-22T14:36:45.817433886Z: [    0.727040] NMI watchdog: Shutting down hard lockup detector on all cpus
[STDERR  ] 2017-05-22T14:36:45.817441784Z: [    0.739181] devtmpfs: initialized
[STDERR  ] 2017-05-22T14:36:45.817463476Z: [    0.809859] clocksource: jiffies: mask: 0xffffffff max_cycles: 0xffffffff, max_idle_ns: 19112604462750000 ns
[STDERR  ] 2017-05-22T14:36:45.81747176Z: [    0.810622] futex hash table entries: 256 (order: 2, 16384 bytes)
[STDERR  ] 2017-05-22T14:36:45.817492077Z: [    0.821236] NET: Registered protocol family 16
[STDERR  ] 2017-05-22T14:36:45.817510903Z: [    0.827892] cpuidle: using governor ladder
[STDERR  ] 2017-05-22T14:36:45.817525611Z: [    0.828369] cpuidle: using governor menu
[STDERR  ] 2017-05-22T14:36:45.817539028Z: [    0.831369] ACPI: bus type PCI registered
[STDERR  ] 2017-05-22T14:36:45.817552669Z: [    0.834385] PCI: MMCONFIG for domain 0000 [bus 00-ff] at [mem 0xb0000000-0xbfffffff] (base 0xb0000000)
[STDERR  ] 2017-05-22T14:36:45.817567255Z: [    0.835225] PCI: MMCONFIG at [mem 0xb0000000-0xbfffffff] reserved in E820
[STDERR  ] 2017-05-22T14:36:45.817581121Z: [    0.836502] PCI: Using configuration type 1 for base access
[STDERR  ] 2017-05-22T14:36:45.817593801Z: [    0.905098] ACPI: Added _OSI(Module Device)
[STDERR  ] 2017-05-22T14:36:45.8176092Z: [    0.905442] ACPI: Added _OSI(Processor Device)
[STDERR  ] 2017-05-22T14:36:45.817622307Z: [    0.905734] ACPI: Added _OSI(3.0 _SCP Extensions)
[STDERR  ] 2017-05-22T14:36:45.817628889Z: [    0.906035] ACPI: Added _OSI(Processor Aggregator Device)
[STDERR  ] 2017-05-22T14:36:45.817651331Z: [    0.984101] ACPI: Interpreter enabled
[STDERR  ] 2017-05-22T14:36:45.817664964Z: [    0.984869] ACPI: (supports S0 S5)
[STDERR  ] 2017-05-22T14:36:45.817672632Z: [    0.985159] ACPI: Using IOAPIC for interrupt routing
[STDERR  ] 2017-05-22T14:36:45.817695628Z: [    0.986899] PCI: Using host bridge windows from ACPI; if necessary, use "pci=nocrs" and report a bug
[STDERR  ] 2017-05-22T14:36:45.817710953Z: [    1.047768] ACPI: PCI Root Bridge [PCI0] (domain 0000 [bus 00-ff])
[STDERR  ] 2017-05-22T14:36:45.817717788Z: [    1.048674] acpi PNP0A08:00: _OSC: OS supports [ExtendedConfig ASPM ClockPM Segments MSI]
[STDERR  ] 2017-05-22T14:36:45.817737509Z: [    1.054069] acpi PNP0A08:00: _OSC: OS now controls [PCIeHotplug PME PCIeCapability]
[STDERR  ] 2017-05-22T14:36:45.817752132Z: [    1.057628] PCI host bridge to bus 0000:00
[STDERR  ] 2017-05-22T14:36:45.817761279Z: [    1.058052] pci_bus 0000:00: root bus resource [io  0x0000-0x0cf7 window]
[STDERR  ] 2017-05-22T14:36:45.817790936Z: [    1.058509] pci_bus 0000:00: root bus resource [io  0x0d00-0xffff window]
[STDERR  ] 2017-05-22T14:36:45.817797951Z: [    1.058948] pci_bus 0000:00: root bus resource [mem 0x000a0000-0x000bffff window]
[STDERR  ] 2017-05-22T14:36:45.817817614Z: [    1.059424] pci_bus 0000:00: root bus resource [mem 0xc0000000-0xfebfffff window]
[STDERR  ] 2017-05-22T14:36:45.817838288Z: [    1.060121] pci_bus 0000:00: root bus resource [bus 00-ff]
[STDERR  ] 2017-05-22T14:36:45.817852459Z: [    1.147455] pci 0000:00:1f.0: quirk: [io  0x0600-0x067f] claimed by ICH6 ACPI/GPIO/TCO
[STDERR  ] 2017-05-22T14:36:45.817865516Z: [    1.202129] ACPI: PCI Interrupt Link [LNKA] (IRQs 5 *10 11)
[STDERR  ] 2017-05-22T14:36:45.817880338Z: [    1.204032] ACPI: PCI Interrupt Link [LNKB] (IRQs 5 *10 11)
[STDERR  ] 2017-05-22T14:36:45.817895063Z: [    1.205614] ACPI: PCI Interrupt Link [LNKC] (IRQs 5 10 *11)
[STDERR  ] 2017-05-22T14:36:45.817909399Z: [    1.207191] ACPI: PCI Interrupt Link [LNKD] (IRQs 5 10 *11)
[STDERR  ] 2017-05-22T14:36:45.817923305Z: [    1.208829] ACPI: PCI Interrupt Link [LNKE] (IRQs 5 *10 11)
[STDERR  ] 2017-05-22T14:36:45.817936355Z: [    1.210558] ACPI: PCI Interrupt Link [LNKF] (IRQs 5 *10 11)
[STDERR  ] 2017-05-22T14:36:45.817950319Z: [    1.212164] ACPI: PCI Interrupt Link [LNKG] (IRQs 5 10 *11)
[STDERR  ] 2017-05-22T14:36:45.81795897Z: [    1.213735] ACPI: PCI Interrupt Link [LNKH] (IRQs 5 10 *11)
[STDERR  ] 2017-05-22T14:36:45.817971261Z: [    1.214538] ACPI: PCI Interrupt Link [GSIA] (IRQs *16)
[STDERR  ] 2017-05-22T14:36:45.817993626Z: [    1.215117] ACPI: PCI Interrupt Link [GSIB] (IRQs *17)
[STDERR  ] 2017-05-22T14:36:45.818006112Z: [    1.215689] ACPI: PCI Interrupt Link [GSIC] (IRQs *18)
[STDERR  ] 2017-05-22T14:36:45.81802562Z: [    1.216258] ACPI: PCI Interrupt Link [GSID] (IRQs *19)
[STDERR  ] 2017-05-22T14:36:45.818038915Z: [    1.216833] ACPI: PCI Interrupt Link [GSIE] (IRQs *20)
[STDERR  ] 2017-05-22T14:36:45.818054086Z: [    1.217402] ACPI: PCI Interrupt Link [GSIF] (IRQs *21)
[STDERR  ] 2017-05-22T14:36:45.818071869Z: [    1.217975] ACPI: PCI Interrupt Link [GSIG] (IRQs *22)
[STDERR  ] 2017-05-22T14:36:45.818079445Z: [    1.218543] ACPI: PCI Interrupt Link [GSIH] (IRQs *23)
[STDERR  ] 2017-05-22T14:36:45.818100262Z: [    1.222431] ACPI: Enabled 2 GPEs in block 00 to 3F
[STDERR  ] 2017-05-22T14:36:45.818113337Z: [    1.226601] SCSI subsystem initialized
[STDERR  ] 2017-05-22T14:36:45.818129477Z: [    1.229109] pps_core: LinuxPPS API ver. 1 registered
[STDERR  ] 2017-05-22T14:36:45.81813544Z: [    1.229458] pps_core: Software ver. 5.3.6 - Copyright 2005-2007 Rodolfo Giometti <giometti@linux.it>
[STDERR  ] 2017-05-22T14:36:45.818161604Z: [    1.230234] PTP clock support registered
[STDERR  ] 2017-05-22T14:36:45.8181689Z: [    1.231454] wmi: Mapper loaded
[STDERR  ] 2017-05-22T14:36:45.818189144Z: [    1.232496] PCI: Using ACPI for IRQ routing
[STDERR  ] 2017-05-22T14:36:45.818209373Z: [    1.250633] NetLabel: Initializing
[STDERR  ] 2017-05-22T14:36:45.81822421Z: [    1.250921] NetLabel:  domain hash size = 128
[STDERR  ] 2017-05-22T14:36:45.818237034Z: [    1.251206] NetLabel:  protocols = UNLABELED CIPSOv4
[STDERR  ] 2017-05-22T14:36:45.818244431Z: [    1.252883] NetLabel:  unlabeled traffic allowed by default
[STDERR  ] 2017-05-22T14:36:45.818267619Z: [    1.253805] HPET: 3 timers in total, 0 timers will be used for per-cpu timer
[STDERR  ] 2017-05-22T14:36:45.818281009Z: [    1.254554] hpet0: at MMIO 0xfed00000, IRQs 2, 8, 0
[STDERR  ] 2017-05-22T14:36:45.818294797Z: [    1.254990] hpet0: 3 comparators, 64-bit 100.000000 MHz counter
[STDERR  ] 2017-05-22T14:36:45.818309861Z: [    1.259422] amd_nb: Cannot enumerate AMD northbridges
[STDERR  ] 2017-05-22T14:36:45.818315812Z: [    1.260521] clocksource: Switched to clocksource hpet
[STDERR  ] 2017-05-22T14:36:45.818337366Z: [    1.498467] FS-Cache: Loaded
[STDERR  ] 2017-05-22T14:36:45.818343908Z: [    1.502245] CacheFiles: Loaded
[STDERR  ] 2017-05-22T14:36:45.818364674Z: [    1.504237] pnp: PnP ACPI init
[STDERR  ] 2017-05-22T14:36:45.818381897Z: [    1.515358] pnp: PnP ACPI: found 5 devices
[STDERR  ] 2017-05-22T14:36:45.818388683Z: [    1.562351] clocksource: acpi_pm: mask: 0xffffff max_cycles: 0xffffff, max_idle_ns: 2085701024 ns
[STDERR  ] 2017-05-22T14:36:45.818412573Z: [    1.564561] NET: Registered protocol family 2
[STDERR  ] 2017-05-22T14:36:45.818426084Z: [    1.571420] TCP established hash table entries: 8192 (order: 4, 65536 bytes)
[STDERR  ] 2017-05-22T14:36:45.818434684Z: [    1.572125] TCP bind hash table entries: 8192 (order: 5, 131072 bytes)
[STDERR  ] 2017-05-22T14:36:45.818447119Z: [    1.572776] TCP: Hash tables configured (established 8192 bind 8192)
[STDERR  ] 2017-05-22T14:36:45.818467482Z: [    1.574212] UDP hash table entries: 512 (order: 2, 16384 bytes)
[STDERR  ] 2017-05-22T14:36:45.818483536Z: [    1.574747] UDP-Lite hash table entries: 512 (order: 2, 16384 bytes)
[STDERR  ] 2017-05-22T14:36:45.818501547Z: [    1.576980] NET: Registered protocol family 1
[STDERR  ] 2017-05-22T14:36:45.818515783Z: [    1.580238] RPC: Registered named UNIX socket transport module.
[STDERR  ] 2017-05-22T14:36:45.818522416Z: [    1.580711] RPC: Registered udp transport module.
[STDERR  ] 2017-05-22T14:36:45.81854365Z: [    1.581019] RPC: Registered tcp transport module.
[STDERR  ] 2017-05-22T14:36:45.818563263Z: [    1.581322] RPC: Registered tcp NFSv4.1 backchannel transport module.
[STDERR  ] 2017-05-22T14:36:45.818574402Z: [    1.588343] Unpacking initramfs...
[STDERR  ] 2017-05-22T14:36:45.818594653Z: [    6.198257] Freeing initrd memory: 33268K (ffff88003df53000 - ffff88003ffd0000)
[STDERR  ] 2017-05-22T14:36:45.818608464Z: [    6.219969] PCLMULQDQ-NI instructions are not detected.
[STDERR  ] 2017-05-22T14:36:45.818622376Z: [    6.221417] AVX or AES-NI instructions are not detected.
[STDERR  ] 2017-05-22T14:36:45.818635494Z: [    6.221873] CPU feature 'AVX registers' is not supported.
[STDERR  ] 2017-05-22T14:36:45.818659655Z: [    6.222290] CPU feature 'AVX registers' is not supported.
[STDERR  ] 2017-05-22T14:36:45.818678266Z: [    6.222699] CPU feature 'AVX registers' is not supported.
[STDERR  ] 2017-05-22T14:36:45.818691346Z: [    6.223105] CPU feature 'AVX registers' is not supported.
[STDERR  ] 2017-05-22T14:36:45.818704926Z: [    6.223509] AVX2 or AES-NI instructions are not detected.
[STDERR  ] 2017-05-22T14:36:45.818719382Z: [    6.223964] AVX2 instructions are not detected.
[STDERR  ] 2017-05-22T14:36:45.818726198Z: [    6.229145] audit: initializing netlink subsys (disabled)
[STDERR  ] 2017-05-22T14:36:45.818746313Z: [    6.231277] audit: type=2000 audit(1495463772.220:1): initialized
[STDERR  ] 2017-05-22T14:36:45.818758823Z: [    6.238515] HugeTLB registered 2 MB page size, pre-allocated 0 pages
[STDERR  ] 2017-05-22T14:36:45.818764811Z: [    6.242623] VFS: Disk quotas dquot_6.6.0
[STDERR  ] 2017-05-22T14:36:45.818786702Z: [    6.243187] VFS: Dquot-cache hash table entries: 512 (order 0, 4096 bytes)
[STDERR  ] 2017-05-22T14:36:45.81880021Z: [    6.248154] FS-Cache: Netfs 'nfs' registered for caching
[STDERR  ] 2017-05-22T14:36:45.818813175Z: [    6.249782] NFS: Registering the id_resolver key type
[STDERR  ] 2017-05-22T14:36:45.818828894Z: [    6.251540] Key type id_resolver registered
[STDERR  ] 2017-05-22T14:36:45.818841381Z: [    6.251868] Key type id_legacy registered
[STDERR  ] 2017-05-22T14:36:45.818855627Z: [    6.252280] nfs4filelayout_init: NFSv4 File Layout Driver Registering...
[STDERR  ] 2017-05-22T14:36:45.818869573Z: [    6.253033] Installing knfsd (copyright (C) 1996 okir@monad.swb.de).
[STDERR  ] 2017-05-22T14:36:45.818886248Z: [    6.256106] FS-Cache: Netfs 'cifs' registered for caching
[STDERR  ] 2017-05-22T14:36:45.818901569Z: [    6.256961] ntfs: driver 2.1.32 [Flags: R/O].
[STDERR  ] 2017-05-22T14:36:45.818914892Z: [    6.257473] fuse init (API version 7.23)
[STDERR  ] 2017-05-22T14:36:45.81892837Z: [    6.259573] SGI XFS with ACLs, security attributes, no debug enabled
[STDERR  ] 2017-05-22T14:36:45.81894401Z: [    6.262298] 9p: Installing v9fs 9p2000 file system support
[STDERR  ] 2017-05-22T14:36:45.818962411Z: [    6.262745] FS-Cache: Netfs '9p' registered for caching
[STDERR  ] 2017-05-22T14:36:45.818976477Z: [    6.264381] Key type big_key registered
[STDERR  ] 2017-05-22T14:36:45.818989054Z: [    6.297370] NET: Registered protocol family 38
[STDERR  ] 2017-05-22T14:36:45.819002882Z: [    6.297928] Key type asymmetric registered
[STDERR  ] 2017-05-22T14:36:45.819009778Z: [    6.298292] Asymmetric key parser 'x509' registered
[STDERR  ] 2017-05-22T14:36:45.819025386Z: [    6.299021] Block layer SCSI generic (bsg) driver version 0.4 loaded (major 251)
[STDERR  ] 2017-05-22T14:36:45.819049836Z: [    6.301334] io scheduler noop registered
[STDERR  ] 2017-05-22T14:36:45.819064364Z: [    6.301682] io scheduler deadline registered (default)
[STDERR  ] 2017-05-22T14:36:45.81907119Z: [    6.302294] io scheduler cfq registered
[STDERR  ] 2017-05-22T14:36:45.819083583Z: [    6.304939] pci_hotplug: PCI Hot Plug PCI Core version: 0.5
[STDERR  ] 2017-05-22T14:36:45.819105643Z: [    6.305616] pciehp: PCI Express Hot Plug Controller Driver version: 0.4
[STDERR  ] 2017-05-22T14:36:45.819125365Z: [    6.306505] shpchp: Standard Hot Plug PCI Controller Driver version: 0.4
[STDERR  ] 2017-05-22T14:36:45.819137856Z: [    6.307944] hv_vmbus: registering driver hyperv_fb
[STDERR  ] 2017-05-22T14:36:45.819151595Z: [    6.311954] input: Power Button as /devices/LNXSYSTM:00/LNXPWRBN:00/input/input0
[STDERR  ] 2017-05-22T14:36:45.819165888Z: [    6.313003] ACPI: Power Button [PWRF]
[STDERR  ] 2017-05-22T14:36:45.819172779Z: [    6.317887] GHES: HEST is not enabled!
[STDERR  ] 2017-05-22T14:36:45.819187733Z: [    6.329386] ACPI: PCI Interrupt Link [GSIH] enabled at IRQ 23
[STDERR  ] 2017-05-22T14:36:45.819207485Z: [    6.335490] xenfs: not registering filesystem on non-xen platform
[STDERR  ] 2017-05-22T14:36:45.819222238Z: [    6.337475] Serial: 8250/16550 driver, 4 ports, IRQ sharing disabled
[STDERR  ] 2017-05-22T14:36:45.819235124Z: [    6.361689] 00:04: ttyS0 at I/O 0x3f8 (irq = 4, base_baud = 115200) is a 16550A
[STDERR  ] 2017-05-22T14:36:45.81925491Z: [    6.368526] Initializing Nozomi driver 2.1d
[STDERR  ] 2017-05-22T14:36:45.81927106Z: [    6.372863] Non-volatile memory driver v1.3
[STDERR  ] 2017-05-22T14:36:45.819285772Z: [    6.378847] Hangcheck: starting hangcheck timer 0.9.1 (tick is 180 seconds, margin is 60 seconds).
[STDERR  ] 2017-05-22T14:36:45.819300457Z: [    6.384632] random: nonblocking pool is initialized
[STDERR  ] 2017-05-22T14:36:45.819318395Z: [    6.420446] loop: module loaded
[STDERR  ] 2017-05-22T14:36:45.819336246Z: [    6.431384] nbd: registered device at major 43
[STDERR  ] 2017-05-22T14:36:45.819350098Z: [    6.468761] lpc_ich 0000:00:1f.0: I/O space for GPIO uninitialized
[STDERR  ] 2017-05-22T14:36:45.819357654Z: [    6.470631] VMware PVSCSI driver - version 1.0.5.0-k
[STDERR  ] 2017-05-22T14:36:45.819376997Z: [    6.471363] hv_vmbus: registering driver hv_storvsc
[STDERR  ] 2017-05-22T14:36:45.819384201Z: [    6.481340] ACPI: PCI Interrupt Link [GSIA] enabled at IRQ 16
[STDERR  ] 2017-05-22T14:36:45.81940504Z: [    6.487308] ahci 0000:00:1f.2: AHCI 0001.0000 32 slots 6 ports 1.5 Gbps 0x3f impl SATA mode
[STDERR  ] 2017-05-22T14:36:45.819420966Z: [    6.487972] ahci 0000:00:1f.2: flags: ncq only 
[STDERR  ] 2017-05-22T14:36:45.819433303Z: [    6.507654] scsi host0: ahci
[STDERR  ] 2017-05-22T14:36:45.819452801Z: [    6.510654] scsi host1: ahci
[STDERR  ] 2017-05-22T14:36:45.819459505Z: [    6.512661] scsi host2: ahci
[STDERR  ] 2017-05-22T14:36:45.819471715Z: [    6.514686] scsi host3: ahci
[STDERR  ] 2017-05-22T14:36:45.819493112Z: [    6.516712] scsi host4: ahci
[STDERR  ] 2017-05-22T14:36:45.819499791Z: [    6.518847] scsi host5: ahci
[STDERR  ] 2017-05-22T14:36:45.819520689Z: [    6.520718] ata1: SATA max UDMA/133 abar m4096@0xfebf1000 port 0xfebf1100 irq 24
[STDERR  ] 2017-05-22T14:36:45.819526813Z: [    6.521252] ata2: SATA max UDMA/133 abar m4096@0xfebf1000 port 0xfebf1180 irq 24
[STDERR  ] 2017-05-22T14:36:45.81955402Z: [    6.521724] ata3: SATA max UDMA/133 abar m4096@0xfebf1000 port 0xfebf1200 irq 24
[STDERR  ] 2017-05-22T14:36:45.819566464Z: [    6.522194] ata4: SATA max UDMA/133 abar m4096@0xfebf1000 port 0xfebf1280 irq 24
[STDERR  ] 2017-05-22T14:36:45.819580459Z: [    6.522660] ata5: SATA max UDMA/133 abar m4096@0xfebf1000 port 0xfebf1300 irq 24
[STDERR  ] 2017-05-22T14:36:45.819605478Z: [    6.523125] ata6: SATA max UDMA/133 abar m4096@0xfebf1000 port 0xfebf1380 irq 24
[STDERR  ] 2017-05-22T14:36:45.819618434Z: [    6.532656] Ethernet Channel Bonding Driver: v3.7.1 (April 27, 2011)
[STDERR  ] 2017-05-22T14:36:45.819632364Z: [    6.549933] tun: Universal TUN/TAP device driver, 1.6
[STDERR  ] 2017-05-22T14:36:45.81964982Z: [    6.550586] tun: (C) 1999-2004 Max Krasnyansky <maxk@qualcomm.com>
[STDERR  ] 2017-05-22T14:36:45.819656496Z: [    6.552284] e1000: Intel(R) PRO/1000 Network Driver - version 7.3.21-k8-NAPI
[STDERR  ] 2017-05-22T14:36:45.819671336Z: [    6.552751] e1000: Copyright (c) 1999-2006 Intel Corporation.
[STDERR  ] 2017-05-22T14:36:45.81969179Z: [    6.560350] ACPI: PCI Interrupt Link [GSIG] enabled at IRQ 22
[STDERR  ] 2017-05-22T14:36:45.819698422Z: [    6.873896] e1000 0000:00:02.0 eth0: (PCI:33MHz:32-bit) 52:54:00:12:34:56
[STDERR  ] 2017-05-22T14:36:45.819723147Z: [    6.874469] e1000 0000:00:02.0 eth0: Intel(R) PRO/1000 Network Connection
[STDERR  ] 2017-05-22T14:36:45.819736308Z: [    6.875324] e1000e: Intel(R) PRO/1000 Network Driver - 3.2.6-k
[STDERR  ] 2017-05-22T14:36:45.819743007Z: [    6.875711] e1000e: Copyright(c) 1999 - 2015 Intel Corporation.
[STDERR  ] 2017-05-22T14:36:45.819764736Z: [    6.876454] igb: Intel(R) Gigabit Ethernet Network Driver - version 5.3.0-k
[STDERR  ] 2017-05-22T14:36:45.819779253Z: [    6.876906] igb: Copyright (c) 2007-2014 Intel Corporation.
[STDERR  ] 2017-05-22T14:36:45.819788357Z: [    6.877633] igbvf: Intel(R) Gigabit Virtual Function Network Driver - version 2.0.2-k
[STDERR  ] 2017-05-22T14:36:45.819800844Z: [    6.878136] igbvf: Copyright (c) 2009 - 2012 Intel Corporation.
[STDERR  ] 2017-05-22T14:36:45.819828403Z: [    6.878845] ixgbe: Intel(R) 10 Gigabit PCI Express Network Driver - version 4.2.1-k
[STDERR  ] 2017-05-22T14:36:45.819845013Z: [    6.879334] ixgbe: Copyright (c) 1999-2015 Intel Corporation.
[STDERR  ] 2017-05-22T14:36:45.819858027Z: [    6.880616] ixgbevf: Intel(R) 10 Gigabit PCI Express Virtual Function Network Driver - version 2.12.1-k
[STDERR  ] 2017-05-22T14:36:45.819872453Z: [    6.881273] ixgbevf: Copyright (c) 2009 - 2012 Intel Corporation.
[STDERR  ] 2017-05-22T14:36:45.819880476Z: [    6.882034] ixgb: Intel(R) PRO/10GbE Network Driver - version 1.0.135-k2-NAPI
[STDERR  ] 2017-05-22T14:36:45.819900738Z: [    6.882502] ixgb: Copyright (c) 1999-2008 Intel Corporation.
[STDERR  ] 2017-05-22T14:36:45.819908597Z: [    6.883504] PPP generic driver version 2.4.2
[STDERR  ] 2017-05-22T14:36:45.819928386Z: [    6.884869] PPP BSD Compression module registered
[STDERR  ] 2017-05-22T14:36:45.819942744Z: [    6.885263] PPP Deflate Compression module registered
[STDERR  ] 2017-05-22T14:36:45.819955413Z: [    6.885785] PPP MPPE Compression module registered
[STDERR  ] 2017-05-22T14:36:45.81997114Z: [    6.886176] NET: Registered protocol family 24
[STDERR  ] 2017-05-22T14:36:45.819983661Z: [    6.886751] PPTP driver version 0.8.5
[STDERR  ] 2017-05-22T14:36:45.819997583Z: [    6.887943] VMware vmxnet3 virtual NIC driver - version 1.4.5.0-k-NAPI
[STDERR  ] 2017-05-22T14:36:45.820010906Z: [    6.888762] hv_vmbus: registering driver hv_netvsc
[STDERR  ] 2017-05-22T14:36:45.820027291Z: [    6.889110] Fusion MPT base driver 3.04.20
[STDERR  ] 2017-05-22T14:36:45.820041107Z: [    6.889383] Copyright (c) 1999-2008 LSI Corporation
[STDERR  ] 2017-05-22T14:36:45.820047904Z: [    6.889921] Fusion MPT SPI Host driver 3.04.20
[STDERR  ] 2017-05-22T14:36:45.820069073Z: [    6.895453] aoe: AoE v85 initialised.
[STDERR  ] 2017-05-22T14:36:45.820086722Z: [    6.897273] i8042: PNP: PS/2 Controller [PNP0303:KBD,PNP0f13:MOU] at 0x60,0x64 irq 1,12
[STDERR  ] 2017-05-22T14:36:45.820094285Z: [    6.902145] serio: i8042 KBD port at 0x60,0x64 irq 1
[STDERR  ] 2017-05-22T14:36:45.820125448Z: [    6.902721] serio: i8042 AUX port at 0x60,0x64 irq 12
[STDERR  ] 2017-05-22T14:36:45.820137976Z: [    6.905719] hv_vmbus: registering driver hyperv_keyboard
[STDERR  ] 2017-05-22T14:36:45.82015186Z: [    6.907712] mousedev: PS/2 mouse device common for all mice
[STDERR  ] 2017-05-22T14:36:45.820166121Z: [    6.912717] input: AT Translated Set 2 keyboard as /devices/platform/i8042/serio0/input/input1
[STDERR  ] 2017-05-22T14:36:45.820173134Z: [    6.915521] input: PC Speaker as /devices/platform/pcspkr/input/input2
[STDERR  ] 2017-05-22T14:36:45.820188217Z: [    6.918861] rtc_cmos 00:00: RTC can wake from S4
[STDERR  ] 2017-05-22T14:36:45.820208119Z: [    6.922459] rtc_cmos 00:00: rtc core: registered rtc_cmos as rtc0
[STDERR  ] 2017-05-22T14:36:45.820222609Z: [    6.923738] rtc_cmos 00:00: alarms up to one day, y3k, 114 bytes nvram, hpet irqs
[STDERR  ] 2017-05-22T14:36:45.820235087Z: [    6.924439] i2c /dev entries driver
[STDERR  ] 2017-05-22T14:36:45.820251065Z: [    6.926099] device-mapper: ioctl: 4.34.0-ioctl (2015-10-28) initialised: dm-devel@redhat.com
[STDERR  ] 2017-05-22T14:36:45.820264175Z: [    6.931534] hv_utils: Registering HyperV Utility Driver
[STDERR  ] 2017-05-22T14:36:45.820281638Z: [    6.931918] hv_vmbus: registering driver hv_util
[STDERR  ] 2017-05-22T14:36:45.820294316Z: [    6.932247] hv_vmbus: registering driver hv_balloon
[STDERR  ] 2017-05-22T14:36:45.820310059Z: [    6.932755] oprofile: using NMI interrupt.
[STDERR  ] 2017-05-22T14:36:45.820322489Z: [    6.933873] GACT probability on
[STDERR  ] 2017-05-22T14:36:45.820336977Z: [    6.934240] Mirror/redirect action on
[STDERR  ] 2017-05-22T14:36:45.820343966Z: [    6.934648] Simple TC action Loaded
[STDERR  ] 2017-05-22T14:36:45.820363578Z: [    6.937528] netem: version 1.3
[STDERR  ] 2017-05-22T14:36:45.820377301Z: [    6.937853] u32 classifier
[STDERR  ] 2017-05-22T14:36:45.820391489Z: [    6.938052]     Performance counters on
[STDERR  ] 2017-05-22T14:36:45.82040515Z: [    6.938304]     input device check on
[STDERR  ] 2017-05-22T14:36:45.820422611Z: [    6.938543]     Actions configured
[STDERR  ] 2017-05-22T14:36:45.820436681Z: [    6.939250] Netfilter messages via NETLINK v0.30.
[STDERR  ] 2017-05-22T14:36:45.820449922Z: [    6.940029] nfnl_acct: registering with nfnetlink.
[STDERR  ] 2017-05-22T14:36:45.820463408Z: [    6.941317] ata1: SATA link down (SStatus 0 SControl 300)
[STDERR  ] 2017-05-22T14:36:45.820486501Z: [    6.943289] ata2: SATA link down (SStatus 0 SControl 300)
[STDERR  ] 2017-05-22T14:36:45.82049376Z: [    6.944012] ata3: SATA link up 1.5 Gbps (SStatus 113 SControl 300)
[STDERR  ] 2017-05-22T14:36:45.820507165Z: [    6.947387] ata3.00: ATAPI: QEMU DVD-ROM, 2.5+, max UDMA/100
[STDERR  ] 2017-05-22T14:36:45.820527613Z: [    6.947861] ata3.00: applying bridge limits
[STDERR  ] 2017-05-22T14:36:45.82053583Z: [    6.949547] ata3.00: configured for UDMA/100
[STDERR  ] 2017-05-22T14:36:45.820555795Z: [    6.950693] ata5: SATA link down (SStatus 0 SControl 300)
[STDERR  ] 2017-05-22T14:36:45.82056305Z: [    6.951164] ata6: SATA link down (SStatus 0 SControl 300)
[STDERR  ] 2017-05-22T14:36:45.82058323Z: [    6.951619] ata4: SATA link down (SStatus 0 SControl 300)
[STDERR  ] 2017-05-22T14:36:45.820597125Z: [    6.952833] nf_conntrack version 0.5.0 (7904 buckets, 31616 max)
[STDERR  ] 2017-05-22T14:36:45.820615023Z: [    6.956538] ctnetlink v0.93: registering with nfnetlink.
[STDERR  ] 2017-05-22T14:36:45.820629539Z: [    6.959737] nf_tables: (c) 2007-2009 Patrick McHardy <kaber@trash.net>
[STDERR  ] 2017-05-22T14:36:45.82064722Z: [    6.971369] scsi 2:0:0:0: CD-ROM            QEMU     QEMU DVD-ROM     2.5+ PQ: 0 ANSI: 5
[STDERR  ] 2017-05-22T14:36:45.820661869Z: [    6.972728] nf_tables_compat: (c) 2012 Pablo Neira Ayuso <pablo@netfilter.org>
[STDERR  ] 2017-05-22T14:36:45.820681405Z: [    6.976136] xt_time: kernel timezone is -0000
[STDERR  ] 2017-05-22T14:36:45.820696237Z: [    6.976660] ip_set: protocol 6
[STDERR  ] 2017-05-22T14:36:45.820711637Z: [    6.977426] IPVS: Registered protocols (TCP, UDP, SCTP, AH, ESP)
[STDERR  ] 2017-05-22T14:36:45.820733981Z: [    6.978036] IPVS: Connection hash table configured (size=4096, memory=64Kbytes)
[STDERR  ] 2017-05-22T14:36:45.820746736Z: [    6.984628] IPVS: Creating netns size=2096 id=0
[STDERR  ] 2017-05-22T14:36:45.820762512Z: [    6.987039] IPVS: ipvs loaded.
[STDERR  ] 2017-05-22T14:36:45.82077462Z: [    6.987410] IPVS: [rr] scheduler registered.
[STDERR  ] 2017-05-22T14:36:45.820788592Z: [    6.987764] IPVS: [wrr] scheduler registered.
[STDERR  ] 2017-05-22T14:36:45.82079618Z: [    6.988082] IPVS: [lc] scheduler registered.
[STDERR  ] 2017-05-22T14:36:45.820815863Z: [    6.988391] IPVS: [wlc] scheduler registered.
[STDERR  ] 2017-05-22T14:36:45.82082957Z: [    6.988705] IPVS: [fo] scheduler registered.
[STDERR  ] 2017-05-22T14:36:45.820845592Z: [    6.989012] IPVS: [ovf] scheduler registered.
[STDERR  ] 2017-05-22T14:36:45.820860663Z: [    6.989434] IPVS: [lblc] scheduler registered.
[STDERR  ] 2017-05-22T14:36:45.820873523Z: [    6.989850] IPVS: [lblcr] scheduler registered.
[STDERR  ] 2017-05-22T14:36:45.820881162Z: [    6.993113] sr 2:0:0:0: [sr0] scsi3-mmc drive: 4x/4x cd/rw xa/form2 tray
[STDERR  ] 2017-05-22T14:36:45.820900873Z: [    6.993759] cdrom: Uniform CD-ROM driver Revision: 3.20
[STDERR  ] 2017-05-22T14:36:45.820908555Z: [    6.995959] IPVS: [dh] scheduler registered.
[STDERR  ] 2017-05-22T14:36:45.820929857Z: [    6.996315] IPVS: [sh] scheduler registered.
[STDERR  ] 2017-05-22T14:36:45.820944997Z: [    6.996645] IPVS: [sed] scheduler registered.
[STDERR  ] 2017-05-22T14:36:45.820951209Z: [    6.996979] IPVS: [nq] scheduler registered.
[STDERR  ] 2017-05-22T14:36:45.820978765Z: [    6.997693] IPVS: ftp: loaded support on port[0] = 21
[STDERR  ] 2017-05-22T14:36:45.82098626Z: [    6.998619] ipip: IPv4 over IPv4 tunneling driver
[STDERR  ] 2017-05-22T14:36:45.820998396Z: [    7.004206] sr 2:0:0:0: Attached scsi generic sg0 type 5
[STDERR  ] 2017-05-22T14:36:45.821020123Z: [    7.008240] gre: GRE over IPv4 demultiplexor driver
[STDERR  ] 2017-05-22T14:36:45.821039428Z: [    7.008635] ip_gre: GRE over IPv4 tunneling driver
[STDERR  ] 2017-05-22T14:36:45.82105245Z: [    7.014015] IPv4 over IPsec tunneling driver
[STDERR  ] 2017-05-22T14:36:45.821066923Z: [    7.020510] ip_tables: (C) 2000-2006 Netfilter Core Team
[STDERR  ] 2017-05-22T14:36:45.821080085Z: [    7.023546] ipt_CLUSTERIP: ClusterIP Version 0.8 loaded successfully
[STDERR  ] 2017-05-22T14:36:45.821093141Z: [    7.024352] arp_tables: (C) 2002 David S. Miller
[STDERR  ] 2017-05-22T14:36:45.821107406Z: [    7.026242] Initializing XFRM netlink socket
[STDERR  ] 2017-05-22T14:36:45.821114258Z: [    7.027238] NET: Registered protocol family 10
[STDERR  ] 2017-05-22T14:36:45.821135246Z: [    7.038610] mip6: Mobile IPv6
[STDERR  ] 2017-05-22T14:36:45.821141395Z: [    7.039066] ip6_tables: (C) 2000-2006 Netfilter Core Team
[STDERR  ] 2017-05-22T14:36:45.821162451Z: [    7.047587] sit: IPv6 over IPv4 tunneling driver
[STDERR  ] 2017-05-22T14:36:45.821169367Z: [    7.054549] ip6_gre: GRE over IPv6 tunneling driver
[STDERR  ] 2017-05-22T14:36:45.821182085Z: [    7.057931] NET: Registered protocol family 17
[STDERR  ] 2017-05-22T14:36:45.821206329Z: [    7.058538] NET: Registered protocol family 15
[STDERR  ] 2017-05-22T14:36:45.82122414Z: [    7.059370] bridge: automatic filtering via arp/ip/ip6tables has been deprecated. Update your scripts to load br_netfilter if you need this.
[STDERR  ] 2017-05-22T14:36:45.82123151Z: [    7.060978] Bridge firewalling registered
[STDERR  ] 2017-05-22T14:36:45.821243818Z: [    7.061588] Ebtables v2.0 registered
[STDERR  ] 2017-05-22T14:36:45.821264775Z: [    7.065110] l2tp_core: L2TP core driver, V2.0
[STDERR  ] 2017-05-22T14:36:45.821277619Z: [    7.065567] l2tp_ppp: PPPoL2TP kernel driver, V2.0
[STDERR  ] 2017-05-22T14:36:45.821285666Z: [    7.065932] 8021q: 802.1Q VLAN Support v1.8
[STDERR  ] 2017-05-22T14:36:45.821297738Z: [    7.067318] 9pnet: Installing 9P2000 support
[STDERR  ] 2017-05-22T14:36:45.821318437Z: [    7.068185] Key type dns_resolver registered
[STDERR  ] 2017-05-22T14:36:45.821335604Z: [    7.068560] openvswitch: Open vSwitch switching datapath
[STDERR  ] 2017-05-22T14:36:45.821343895Z: [    7.070711] hv_sock: failed to load: VMBus 4 or later is required
[STDERR  ] 2017-05-22T14:36:45.821365515Z: [    7.071166] mpls_gso: MPLS GSO support
[STDERR  ] 2017-05-22T14:36:45.821377006Z: [    7.071625] microcode: AMD CPU family 0x6 not supported
[STDERR  ] 2017-05-22T14:36:45.821396778Z: [    7.075321] registered taskstats version 1
[STDERR  ] 2017-05-22T14:36:45.821412203Z: [    7.191121] tsc: Refined TSC clocksource calibration: 2300.154 MHz
[STDERR  ] 2017-05-22T14:36:45.821425187Z: [    7.191596] clocksource: tsc: mask: 0xffffffffffffffff max_cycles: 0x2127c6da836, max_idle_ns: 440795303673 ns
[STDERR  ] 2017-05-22T14:36:45.821440765Z: [    7.197409] Key type encrypted registered
[STDERR  ] 2017-05-22T14:36:45.821453625Z: [    7.202500] rtc_cmos 00:00: setting system clock to 2017-05-22 14:36:14 UTC (1495463774)
[STDERR  ] 2017-05-22T14:36:45.821467084Z: [    7.341669] Freeing unused kernel memory: 1372K (ffffffff9ff70000 - ffffffffa00c7000)
[STDERR  ] 2017-05-22T14:36:45.821481262Z: [    7.342267] Write protecting the kernel read-only data: 14336k
[STDERR  ] 2017-05-22T14:36:45.821494798Z: [    7.354926] Freeing unused kernel memory: 1288K (ffff88001f8be000 - ffff88001fa00000)
[STDERR  ] 2017-05-22T14:36:45.821511874Z: [    7.437908] Freeing unused kernel memory: 1008K (ffff88001fd04000 - ffff88001fe00000)
[STDERR  ] 2017-05-22T14:36:45.821525627Z: [    8.200874] clocksource: Switched to clocksource tsc
[STDERR  ] 2017-05-22T14:36:45.821532949Z: 
[STDERR  ] 2017-05-22T14:36:45.821551744Z: 
[STDERR  ] 2017-05-22T14:36:45.821559131Z: Starting containerd
[STDERR  ] 2017-05-22T14:36:45.821582473Z: 
[STDERR  ] 2017-05-22T14:36:45.821597125Z: Welcome to LinuxKit
[STDERR  ] 2017-05-22T14:36:45.821603748Z: 
[STDERR  ] 2017-05-22T14:36:45.821615957Z:                         ##         .
[STDERR  ] 2017-05-22T14:36:45.821637745Z:                   ## ## ##        ==
[STDERR  ] 2017-05-22T14:36:45.821656486Z:                ## ## ## ## ##    ===
[STDERR  ] 2017-05-22T14:36:45.821670047Z:            /"""""""""""""""""\___/ ===
[STDERR  ] 2017-05-22T14:36:45.821684645Z:       ~~~ {~~ ~~~~ ~~~ ~~~~ ~~~ ~ /  ===- ~~~
[STDERR  ] 2017-05-22T14:36:45.821698049Z:            \______ o           __/
[STDERR  ] 2017-05-22T14:36:45.82171612Z:              \    \         __/
[STDERR  ] 2017-05-22T14:36:45.821728167Z:               \____\_______/
[STDERR  ] 2017-05-22T14:36:45.821740993Z: 
[STDERR  ] 2017-05-22T14:36:45.821755646Z: / # [6n[   14.291509] IPVS: Creating netns size=2096 id=1
[STDERR  ] 2017-05-22T14:36:45.82176798Z: [   14.292002] IPVS: ftp: loaded support on port[0] = 21
[STDERR  ] 2017-05-22T14:36:45.821783361Z: [34mINFO[0m[0000] starting containerd boot...                   [34mmodule[0m=containerd
[STDERR  ] 2017-05-22T14:36:45.821800434Z: [34mINFO[0m[0001] starting debug API...                         [34mdebug[0m="/run/containerd/debug.sock" [34mmodule[0m=containerd
[STDERR  ] 2017-05-22T14:36:45.821815661Z: [34mINFO[0m[0001] loading monitor plugin "cgroups"...           [34mmodule[0m=containerd
[STDERR  ] 2017-05-22T14:36:45.821829911Z: [34mINFO[0m[0001] loading runtime plugin "linux"...             [34mmodule[0m=containerd
[STDERR  ] 2017-05-22T14:36:45.821845805Z: [34mINFO[0m[0001] loading snapshot plugin "snapshot-overlay"...  [34mmodule[0m=containerd
[STDERR  ] 2017-05-22T14:36:45.82185427Z: [34mINFO[0m[0001] loading grpc service plugin "runtime-grpc"...  [34mmodule[0m=containerd
[STDERR  ] 2017-05-22T14:36:45.821873569Z: [34mINFO[0m[0001] loading grpc service plugin "metrics-grpc"...  [34mmodule[0m=containerd
[STDERR  ] 2017-05-22T14:36:45.821887205Z: [34mINFO[0m[0001] loading grpc service plugin "snapshots-grpc"...  [34mmodule[0m=containerd
[STDERR  ] 2017-05-22T14:36:45.821893365Z: [34mINFO[0m[0001] loading grpc service plugin "version-grpc"...  [34mmodule[0m=containerd
[STDERR  ] 2017-05-22T14:36:45.821924617Z: [34mINFO[0m[0001] loading grpc service plugin "content-grpc"...  [34mmodule[0m=containerd
[STDERR  ] 2017-05-22T14:36:45.821942884Z: [34mINFO[0m[0001] loading grpc service plugin "diff-grpc"...    [34mmodule[0m=containerd
[STDERR  ] 2017-05-22T14:36:45.82195696Z: [34mINFO[0m[0001] loading grpc service plugin "healthcheck-grpc"...  [34mmodule[0m=containerd
[STDERR  ] 2017-05-22T14:36:45.821966551Z: [34mINFO[0m[0001] loading grpc service plugin "images-grpc"...  [34mmodule[0m=containerd
[STDERR  ] 2017-05-22T14:36:45.82198726Z: [34mINFO[0m[0001] starting GRPC API server...                   [34mmodule[0m=containerd
[STDERR  ] 2017-05-22T14:36:45.821994034Z: [34mINFO[0m[0001] starting metrics API...                       [34mmetrics[0m=":13337" [34mmodule[0m=containerd
[STDERR  ] 2017-05-22T14:36:45.822014562Z: [34mINFO[0m[0001] containerd successfully booted in 0.455723s   [34mmodule[0m=containerd
[STDERR  ] 2017-05-22T14:36:45.822027822Z: starting kernel config sanity test with /proc/config.gz
[STDERR  ] 2017-05-22T14:36:45.822040797Z: kernel config test succeeded!
[STDERR  ] 2017-05-22T14:36:45.822056566Z: [37minfo: reading kernel config from /proc/config.gz ...[m
[STDERR  ] 2017-05-22T14:36:45.822069231Z: 
[STDERR  ] 2017-05-22T14:36:45.822085052Z: Generally Necessary:
[STDERR  ] 2017-05-22T14:36:45.822097878Z: - [37mcgroup hierarchy[m: [32mproperly mounted[m [/sys/fs/cgroup]
[STDERR  ] 2017-05-22T14:36:45.822113216Z: - [37mCONFIG_NAMESPACES[m: [32menabled[m
[STDERR  ] 2017-05-22T14:36:45.822125868Z: - [37mCONFIG_NET_NS[m: [32menabled[m
