[INFO    ] 2018-04-20T19:25:43.171547334Z: Running Test linuxkit.packages.format_mount.by_name in /tmp/build/test/cases/040_packages/006_format_mount/002_by_name
[STDERR  ] 2018-04-20T19:25:43.171556165Z: [    2.007044] brd: module loaded
[STDERR  ] 2018-04-20T19:25:43.171587047Z: [    2.011585] loop: module loaded
[STDERR  ] 2018-04-20T19:25:43.171596612Z: [    2.018049] lpc_ich 0000:00:1f.0: I/O space for GPIO uninitialized
[STDERR  ] 2018-04-20T19:25:43.171606612Z: [    2.023902] VMware PVSCSI driver - version 1.0.7.0-k
[STDERR  ] 2018-04-20T19:25:43.171615908Z: [    2.028472] hv_vmbus: registering driver hv_storvsc
[STDERR  ] 2018-04-20T19:25:43.171628672Z: [    2.033488] ACPI: PCI Interrupt Link [GSIA] enabled at IRQ 16
[STDERR  ] 2018-04-20T19:25:43.171637859Z: [    2.041455] ahci 0000:00:1f.2: AHCI 0001.0000 32 slots 6 ports 1.5 Gbps 0x3f impl SATA mode
[STDERR  ] 2018-04-20T19:25:43.171647854Z: [    2.049039] ahci 0000:00:1f.2: flags: 64bit ncq only 
[INFO    ] 2018-04-20T19:25:43.171647491Z: Running command: [/bin/sh -x /tmp/build/test/cases/040_packages/006_format_mount/002_by_name/test.sh]
[STDERR  ] 2018-04-20T19:25:43.171656541Z: [    2.056892] scsi host0: ahci
[STDERR  ] 2018-04-20T19:25:43.171667418Z: [    2.059754] scsi host1: ahci
[STDERR  ] 2018-04-20T19:25:43.171676114Z: [    2.062662] scsi host2: ahci
[STDERR  ] 2018-04-20T19:25:43.171684656Z: [    2.065496] scsi host3: ahci
[STDERR  ] 2018-04-20T19:25:43.171692854Z: [    2.068249] scsi host4: ahci
[STDERR  ] 2018-04-20T19:25:43.171701011Z: [    2.071107] scsi host5: ahci
[STDERR  ] 2018-04-20T19:25:43.171709228Z: [    2.073922] ata1: SATA max UDMA/133 abar m4096@0xfebd2000 port 0xfebd2100 irq 24
[STDERR  ] 2018-04-20T19:25:43.171727483Z: [    2.080757] ata2: SATA max UDMA/133 abar m4096@0xfebd2000 port 0xfebd2180 irq 24
[STDERR  ] 2018-04-20T19:25:43.171736665Z: [    2.087359] ata3: SATA max UDMA/133 abar m4096@0xfebd2000 port 0xfebd2200 irq 24
[STDERR  ] 2018-04-20T19:25:43.171746239Z: [    2.094434] ata4: SATA max UDMA/133 abar m4096@0xfebd2000 port 0xfebd2280 irq 24
[STDERR  ] 2018-04-20T19:25:43.171758064Z: [    2.101091] ata5: SATA max UDMA/133 abar m4096@0xfebd2000 port 0xfebd2300 irq 24
[STDERR  ] 2018-04-20T19:25:43.171766499Z: [    2.108326] ata6: SATA max UDMA/133 abar m4096@0xfebd2000 port 0xfebd2380 irq 24
[STDERR  ] 2018-04-20T19:25:43.171774703Z: [    2.116711] tun: Universal TUN/TAP device driver, 1.6
[STDERR  ] 2018-04-20T19:25:43.171783628Z: [    2.125212] VMware vmxnet3 virtual NIC driver - version 1.4.a.0-k-NAPI
[STDERR  ] 2018-04-20T19:25:43.171791747Z: [    2.131209] hv_vmbus: registering driver hv_netvsc
[STDERR  ] 2018-04-20T19:25:43.171801721Z: [    2.135685] Fusio
[STDERR  ] 2018-04-20T19:25:43.213682219Z: + set -e
[STDERR  ] 2018-04-20T19:25:43.213875017Z: + . /tmp/build/test/cases/_lib/lib.sh
[STDERR  ] 2018-04-20T19:25:43.213953098Z: + [ -f src/github.com/linuxkit/rtf/lib/lib.sh ]
[STDERR  ] 2018-04-20T19:25:43.213966011Z: + LINUXKIT_TMPDIR=/tmp/build/test/cases/_tmp
[STDERR  ] 2018-04-20T19:25:43.213975849Z: + [ -f /tmp/build/test/cases/_tmp/env.sh ]
[STDERR  ] 2018-04-20T19:25:43.213984828Z: + . /tmp/build/test/cases/_tmp/env.sh
[STDERR  ] 2018-04-20T19:25:43.213994020Z: + export LINUXKIT_EXAMPLES_DIR=/tmp/build/test/cases/../../examples
[STDERR  ] 2018-04-20T19:25:43.214003584Z: + RT_CANCEL=253
[STDERR  ] 2018-04-20T19:25:43.214012700Z: + NAME=test-format
[STDERR  ] 2018-04-20T19:25:43.214022000Z: + DISK=disk.img
[STDERR  ] 2018-04-20T19:25:43.214033580Z: + trap clean_up EXIT
[STDERR  ] 2018-04-20T19:25:43.214048892Z: + [ linux = osx ]
[STDERR  ] 2018-04-20T19:25:43.214057989Z: + DEVICE=/dev/sda
[STDERR  ] 2018-04-20T19:25:43.214068319Z: + sed -e s,@DEVICE@,/dev/sda,g test.yml.in
[STDERR  ] 2018-04-20T19:25:43.262742791Z: + linuxkit build -format kernel+initrd -name test-format test.yml
[STDERR  ] 2018-04-20T19:25:43.289182488Z: Extract kernel image: linuxkit/kernel:4.9.38
[STDERR  ] 2018-04-20T19:25:46.575964680Z: Add init containers:
[STDERR  ] 2018-04-20T19:25:46.576049476Z: Process init image: linuxkit/init:d0bf64f4cea42bea71e7d8f8832ba497bb822e89
[STDERR  ] 2018-04-20T19:25:47.824883768Z: Process init image: linuxkit/runc:acba8886e4b1318457c711700f695a02fef9493d
[STDERR  ] 2018-04-20T19:25:49.027467132Z: Add onboot containers:
[STDERR  ] 2018-04-20T19:25:49.027524779Z:   Create OCI config for linuxkit/format:v0.3
[STDERR  ] 2018-04-20T19:25:50.443826749Z:   Create OCI config for linuxkit/mount:v0.3
[STDERR  ] 2018-04-20T19:25:51.820259329Z:   Create OCI config for alpine:3.7
[STDERR  ] 2018-04-20T19:25:53.032304363Z:   Create OCI config for linuxkit/poweroff:5740687bf0a6a0480922c0f59b3a4ca77c866cae
[STDERR  ] 2018-04-20T19:25:54.226899098Z: Add files:
[STDERR  ] 2018-04-20T19:25:54.226954165Z:   check.sh
[STDERR  ] 2018-04-20T19:25:54.253233613Z: Create outputs:
[STDERR  ] 2018-04-20T19:25:59.796217192Z:   test-format-kernel test-format-initrd.img test-format-cmdline
[STDERR  ] 2018-04-20T19:25:59.854466010Z: + linuxkit run -disk file=disk.img,size=512M test-format
[STDERR  ] 2018-04-20T19:25:59.878394228Z: Unable to find qemu-system-x86_64 within the $PATH. Using a container
[STDERR  ] 2018-04-20T19:26:18.190250315Z: + RESULT=[    0.000000] Linux version 4.9.38-linuxkit (root@e1ede117fb1e) (gcc version 6.3.0 (Alpine 6.3.0) ) #1 SMP Thu Jul 20 16:07:02 UTC 2017
[STDERR  ] 2018-04-20T19:26:18.190307999Z: [    0.000000] Command line: console=ttyS0 console=ttyAMA0
[STDERR  ] 2018-04-20T19:26:18.190320003Z: [    0.000000] x86/fpu: Legacy x87 FPU detected.
[STDERR  ] 2018-04-20T19:26:18.190331317Z: [    0.000000] x86/fpu: Using 'eager' FPU context switches.
[STDERR  ] 2018-04-20T19:26:18.190341732Z: [    0.000000] e820: BIOS-provided physical RAM map:
[STDERR  ] 2018-04-20T19:26:18.190364970Z: [    0.000000] BIOS-e820: [mem 0x0000000000000000-0x000000000009fbff] usable
[STDERR  ] 2018-04-20T19:26:18.190375468Z: [    0.000000] BIOS-e820: [mem 0x000000000009fc00-0x000000000009ffff] reserved
[STDERR  ] 2018-04-20T19:26:18.190393484Z: [    0.000000] BIOS-e820: [mem 0x00000000000f0000-0x00000000000fffff] reserved
[STDERR  ] 2018-04-20T19:26:18.190404177Z: [    0.000000] BIOS-e820: [mem 0x0000000000100000-0x000000003ffdefff] usable
[STDERR  ] 2018-04-20T19:26:18.190418419Z: [    0.000000] BIOS-e820: [mem 0x000000003ffdf000-0x000000003fffffff] reserved
[STDERR  ] 2018-04-20T19:26:18.190428051Z: [    0.000000] BIOS-e820: [mem 0x00000000b0000000-0x00000000bfffffff] reserved
[STDERR  ] 2018-04-20T19:26:18.190436851Z: [    0.000000] BIOS-e820: [mem 0x00000000fed1c000-0x00000000fed1ffff] reserved
[STDERR  ] 2018-04-20T19:26:18.190445412Z: [    0.000000] BIOS-e820: [mem 0x00000000feffc000-0x00000000feffffff] reserved
[STDERR  ] 2018-04-20T19:26:18.190454230Z: [    0.000000] BIOS-e820: [mem 0x00000000fffc0000-0x00000000ffffffff] reserved
[STDERR  ] 2018-04-20T19:26:18.190463105Z: [    0.000000] NX (Execute Disable) protection: active
[STDERR  ] 2018-04-20T19:26:18.190472477Z: [    0.000000] SMBIOS 2.8 present.
[STDERR  ] 2018-04-20T19:26:18.190481445Z: [    0.000000] Hypervisor detected: KVM
[STDERR  ] 2018-04-20T19:26:18.190495584Z: [    0.000000] e820: last_pfn = 0x3ffdf max_arch_pfn = 0x400000000
[STDERR  ] 2018-04-20T19:26:18.190504825Z: [    0.000000] x86/PAT: PAT not supported by CPU.
[STDERR  ] 2018-04-20T19:26:18.190513177Z: [    0.000000] x86/PAT: Configuration [0-7]: WB  WT  UC- UC  WB  WT  UC- UC  
[STDERR  ] 2018-04-20T19:26:18.190521719Z: [    0.000000] found SMP MP-table at [mem 0x000f6aa0-0x000f6aaf] mapped at [ffff8a1d400f6aa0]
[STDERR  ] 2018-04-20T19:26:18.190532201Z: [    0.000000] RAMDISK: [mem 0x3e107000-0x3ffcffff]
[STDERR  ] 2018-04-20T19:26:18.190540955Z: [    0.000000] ACPI: Early table checksum verification disabled
[STDERR  ] 2018-04-20T19:26:18.190549811Z: [    0.000000] ACPI: RSDP 0x00000000000F68B0 000014 (v00 BOCHS )
[STDERR  ] 2018-04-20T19:26:18.190558488Z: [    0.000000] ACPI: RSDT 0x000000003FFE20A8 000034 (v01 BOCHS  BXPCRSDT 00000001 BXPC 00000001)
[STDERR  ] 2018-04-20T19:26:18.190570786Z: [    0.000000] ACPI: FACP 0x000000003FFE1EC8 0000F4 (v03 BOCHS  BXPCFACP 00000001 BXPC 00000001)
[STDERR  ] 2018-04-20T19:26:18.190580018Z: [    0.000000] ACPI: DSDT 0x000000003FFE0040 001E88 (v01 BOCHS  BXPCDSDT 00000001 BXPC 00000001)
[STDERR  ] 2018-04-20T19:26:18.190593580Z: [    0.000000] ACPI: FACS 0x000000003FFE0000 000040
[STDERR  ] 2018-04-20T19:26:18.190602127Z: [    0.000000] ACPI: APIC 0x000000003FFE1FBC 000078 (v01 BOCHS  BXPCAPIC 00000001 BXPC 00000001)
[STDERR  ] 2018-04-20T19:26:18.190610055Z: [    0.000000] ACPI: HPET 0x000000003FFE2034 000038 (v01 BOCHS  BXPCHPET 00000001 BXPC 00000001)
[STDERR  ] 2018-04-20T19:26:18.190623669Z: [    0.000000] ACPI: MCFG 0x000000003FFE206C 00003C (v01 BOCHS  BXPCMCFG 00000001 BXPC 00000001)
[STDERR  ] 2018-04-20T19:26:18.190633313Z: [    0.000000] kvm-clock: Using msrs 4b564d01 and 4b564d00
[STDERR  ] 2018-04-20T19:26:18.190641511Z: [    0.000000] kvm-clock: cpu 0, msr 0:3ffdd001, primary cpu clock
[STDERR  ] 2018-04-20T19:26:18.190652304Z: [    0.000000] clocksource: kvm-clock: mask: 0xffffffffffffffff max_cycles: 0x1cd42e4dffb, max_idle_ns: 881590591483 ns
[STDERR  ] 2018-04-20T19:26:18.190661678Z: [    0.000000] Zone ranges:
[STDERR  ] 2018-04-20T19:26:18.190670080Z: [    0.000000]   DMA      [mem 0x0000000000001000-0x0000000000ffffff]
[STDERR  ] 2018-04-20T19:26:18.190678538Z: [    0.000000]   DMA32    [mem 0x0000000001000000-0x000000003ffdefff]
[STDERR  ] 2018-04-20T19:26:18.190686313Z: [    0.000000]   Normal   empty
[STDERR  ] 2018-04-20T19:26:18.190694618Z: [    0.000000] Movable zone start for each node
[STDERR  ] 2018-04-20T19:26:18.190702416Z: [    0.000000] Early memory node ranges
[STDERR  ] 2018-04-20T19:26:18.190712998Z: [    0.000000]   node   0: [mem 0x0000000000001000-0x000000000009efff]
[STDERR  ] 2018-04-20T19:26:18.190728658Z: [    0.000000]   node   0: [mem 0x0000000000100000-0x000000003ffdefff]
[STDERR  ] 2018-04-20T19:26:18.190737033Z: [    0.000000] Initmem setup node 0 [mem 0x0000000000001000-0x000000003ffdefff]
[STDERR  ] 2018-04-20T19:26:18.190748175Z: [    0.000000] ACPI: PM-Timer IO Port: 0x608
[STDERR  ] 2018-04-20T19:26:18.190755998Z: [    0.000000] ACPI: LAPIC_NMI (acpi_id[0xff] dfl dfl lint[0x1])
[STDERR  ] 2018-04-20T19:26:18.190763935Z: [    0.000000] IOAPIC[0]: apic_id 0, version 17, address 0xfec00000, GSI 0-23
[STDERR  ] 2018-04-20T19:26:18.190780404Z: [    0.000000] ACPI: INT_SRC_OVR (bus 0 bus_irq 0 global_irq 2 dfl dfl)
[STDERR  ] 2018-04-20T19:26:18.190788676Z: [    0.000000] ACPI: INT_SRC_OVR (bus 0 bus_irq 5 global_irq 5 high level)
[STDERR  ] 2018-04-20T19:26:18.190796326Z: [    0.000000] ACPI: INT_SRC_OVR (bus 0 bus_irq 9 global_irq 9 high level)
[STDERR  ] 2018-04-20T19:26:18.190804125Z: [    0.000000] ACPI: INT_SRC_OVR (bus 0 bus_irq 10 global_irq 10 high level)
[STDERR  ] 2018-04-20T19:26:18.190811896Z: [    0.000000] ACPI: INT_SRC_OVR (bus 0 bus_irq 11 global_irq 11 high level)
[STDERR  ] 2018-04-20T19:26:18.190819618Z: [    0.000000] Using ACPI (MADT) for SMP configuration information
[STDERR  ] 2018-04-20T19:26:18.190827338Z: [    0.000000] ACPI: HPET id: 0x8086a201 base: 0xfed00000
[STDERR  ] 2018-04-20T19:26:18.190835326Z: [    0.000000] smpboot: Allowing 1 CPUs, 0 hotplug CPUs
[STDERR  ] 2018-04-20T19:26:18.190845886Z: [    0.000000] e820: [mem 0x40000000-0xafffffff] available for PCI devices
[STDERR  ] 2018-04-20T19:26:18.190853738Z: [    0.000000] Booting paravirtualized kernel on KVM
[STDERR  ] 2018-04-20T19:26:18.190861473Z: [    0.000000] clocksource: refined-jiffies: mask: 0xffffffff max_cycles: 0xffffffff, max_idle_ns: 19112604462750000 ns
[STDERR  ] 2018-04-20T19:26:18.190869664Z: [    0.000000] setup_percpu: NR_CPUS:128 nr_cpumask_bits:128 nr_cpu_ids:1 nr_node_ids:1
[STDERR  ] 2018-04-20T19:26:18.190877471Z: [    0.000000] percpu: Embedded 35 pages/cpu @ffff8a1d7de00000 s105176 r8192 d29992 u2097152
[STDERR  ] 2018-04-20T19:26:18.190885280Z: [    0.000000] KVM setup async PF for cpu 0
[STDERR  ] 2018-04-20T19:26:18.190892913Z: [    0.000000] kvm-stealtime: cpu 0, msr 3de0d580
[STDERR  ] 2018-04-20T19:26:18.190900498Z: [    0.000000] Built 1 zonelists in Zone order, mobility grouping on.  Total pages: 257896
[STDERR  ] 2018-04-20T19:26:18.190908295Z: [    0.000000] Kernel command line: console=ttyS0 console=ttyAMA0
[STDERR  ] 2018-04-20T19:26:18.190919798Z: [    0.000000] PID hash table entries: 4096 (order: 3, 32768 bytes)
[STDERR  ] 2018-04-20T19:26:18.190927940Z: [    0.000000] Dentry cache hash table entries: 131072 (order: 8, 1048576 bytes)
[STDERR  ] 2018-04-20T19:26:18.190938311Z: [    0.000000] Inode-cache hash table entries: 65536 (order: 7, 524288 bytes)
[STDERR  ] 2018-04-20T19:26:18.190946596Z: [    0.000000] Memory: 982640K/1048052K available (8026K kernel code, 1366K rwdata, 2696K rodata, 1380K init, 568K bss, 65412K reserved, 0K cma-reserved)
[STDERR  ] 2018-04-20T19:26:18.191012642Z: [    0.000000] Hierarchical RCU implementation.
[STDERR  ] 2018-04-20T19:26:18.191020711Z: [    0.000000] 	Build-time adjustment of leaf fanout to 64.
[STDERR  ] 2018-04-20T19:26:18.191028675Z: [    0.000000] 	RCU restricting CPUs from NR_CPUS=128 to nr_cpu_ids=1.
[STDERR  ] 2018-04-20T19:26:18.191036636Z: [    0.000000] RCU: Adjusting geometry for rcu_fanout_leaf=64, nr_cpu_ids=1
[STDERR  ] 2018-04-20T19:26:18.191044489Z: [    0.000000] NR_IRQS:8448 nr_irqs:256 16
[STDERR  ] 2018-04-20T19:26:18.191052893Z: [    0.000000] Console: colour VGA+ 80x25
[STDERR  ] 2018-04-20T19:26:18.191060613Z: [    0.000000] console [ttyS0] enabled
[STDERR  ] 2018-04-20T19:26:18.191071668Z: [    0.000000] clocksource: hpet: mask: 0xffffffff max_cycles: 0xffffffff, max_idle_ns: 19112604467 ns
[STDERR  ] 2018-04-20T19:26:18.191080846Z: [    0.000000] tsc: Detected 2300.000 MHz processor
[STDERR  ] 2018-04-20T19:26:18.191088493Z: [    0.020000] Calibrating delay loop (skipped) preset value.. 4600.00 BogoMIPS (lpj=23000000)
[STDERR  ] 2018-04-20T19:26:18.191100559Z: [    0.020031] pid_max: default: 32768 minimum: 301
[STDERR  ] 2018-04-20T19:26:18.191108970Z: [    0.024209] ACPI: Core revision 20160831
[STDERR  ] 2018-04-20T19:26:18.191116714Z: [    0.030591] ACPI: 1 ACPI AML tables successfully acquired and loaded
[STDERR  ] 2018-04-20T19:26:18.191124387Z: [    0.036640] Security Framework initialized
[STDERR  ] 2018-04-20T19:26:18.191132179Z: [    0.040027] Yama: becoming mindful.
[STDERR  ] 2018-04-20T19:26:18.191139901Z: [    0.043428] Mount-cache hash table entries: 2048 (order: 2, 16384 bytes)
[STDERR  ] 2018-04-20T19:26:18.191147810Z: [    0.050038] Mountpoint-cache hash table entries: 2048 (order: 2, 16384 bytes)
[STDERR  ] 2018-04-20T19:26:18.191155708Z: [    0.057467] CPU: Physical Processor ID: 0
[STDERR  ] 2018-04-20T19:26:18.191163399Z: [    0.060218] Last level iTLB entries: 4KB 0, 2MB 0, 4MB 0
[STDERR  ] 2018-04-20T19:26:18.191171116Z: [    0.065092] Last level dTLB entries: 4KB 0, 2MB 0, 4MB 0, 1GB 0
[STDERR  ] 2018-04-20T19:26:18.191178812Z: [    0.158912] Freeing SMP alternatives memory: 20K (ffffffff92eb0000 - ffffffff92eb5000)
[STDERR  ] 2018-04-20T19:26:18.191187128Z: [    0.190937] ftrace: allocating 35489 entries in 139 pages
[STDERR  ] 2018-04-20T19:26:18.191194901Z: [    0.210125] smpboot: Max logical packages: 1
[STDERR  ] 2018-04-20T19:26:18.191205305Z: [    0.216212] x2apic enabled
[STDERR  ] 2018-04-20T19:26:18.191213594Z: [    0.220022] Switched APIC routing to physical x2apic.
[STDERR  ] 2018-04-20T19:26:18.191221214Z: [    0.234687] ..TIMER: vector=0x30 apic1=0 pin1=2 apic2=-1 pin2=-1
[STDERR  ] 2018-04-20T19:26:18.191231208Z: [    0.240000] smpboot: CPU0: Intel QEMU Virtual CPU version 2.5+ (family: 0x6, model: 0x6, stepping: 0x3)
[STDERR  ] 2018-04-20T19:26:18.191239607Z: [    0.240000] Performance Events: PMU not available due to virtualization, using software events only.
[STDERR  ] 2018-04-20T19:26:18.191247432Z: [    0.250557] x86: Booted up 1 node, 1 CPUs
[STDERR  ] 2018-04-20T19:26:18.191255392Z: [    0.260009] smpboot: Total of 1 processors activated (4600.00 BogoMIPS)
[STDERR  ] 2018-04-20T19:26:18.191263287Z: [    0.267898] devtmpfs: initialized
[STDERR  ] 2018-04-20T19:26:18.191271468Z: [    0.270094] x86/mm: Memory block size: 128MB
[STDERR  ] 2018-04-20T19:26:18.191281739Z: [    0.277519] clocksource: jiffies: mask: 0xffffffff max_cycles: 0xffffffff, max_idle_ns: 19112604462750000 ns
[STDERR  ] 2018-04-20T19:26:18.191293525Z: [    0.280020] futex hash table entries: 256 (order: 2, 16384 bytes)
[STDERR  ] 2018-04-20T19:26:18.191301710Z: [    0.290228] NET: Registered protocol family 16
[STDERR  ] 2018-04-20T19:26:18.191309679Z: [    0.294514] cpuidle: using governor ladder
[STDERR  ] 2018-04-20T19:26:18.191317337Z: [    0.300012] cpuidle: using governor menu
[STDERR  ] 2018-04-20T19:26:18.191325014Z: [    0.304040] ACPI: bus type PCI registered
[STDERR  ] 2018-04-20T19:26:18.191337577Z: [    0.310440] PCI: MMCONFIG for domain 0000 [bus 00-ff] at [mem 0xb0000000-0xbfffffff] (base 0xb0000000)
[STDERR  ] 2018-04-20T19:26:18.191352072Z: [    0.318745] PCI: MMCONFIG at [mem 0xb0000000-0xbfffffff] reserved in E820
[STDERR  ] 2018-04-20T19:26:18.191363590Z: [    0.320029] PCI: Using configuration type 1 for base access
[STDERR  ] 2018-04-20T19:26:18.191372713Z: [    0.331573] HugeTLB registered 2 MB page size, pre-allocated 0 pages
[STDERR  ] 2018-04-20T19:26:18.191383256Z: [    0.337696] ACPI: Added _OSI(Module Device)
[STDERR  ] 2018-04-20T19:26:18.191391403Z: [    0.340011] ACPI: Added _OSI(Processor Device)
[STDERR  ] 2018-04-20T19:26:18.191399194Z: [    0.344188] ACPI: Added _OSI(3.0 _SCP Extensions)
[STDERR  ] 2018-04-20T19:26:18.191406685Z: [    0.350013] ACPI: Added _OSI(Processor Aggregator Device)
[STDERR  ] 2018-04-20T19:26:18.191414308Z: [    0.360188] ACPI: Interpreter enabled
[STDERR  ] 2018-04-20T19:26:18.191421972Z: [    0.363710] ACPI: (supports S0 S5)
[STDERR  ] 2018-04-20T19:26:18.191429513Z: [    0.366787] ACPI: Using IOAPIC for interrupt routing
[STDERR  ] 2018-04-20T19:26:18.191441207Z: [    0.370081] PCI: Using host bridge windows from ACPI; if necessary, use "pci=nocrs" and report a bug
[STDERR  ] 2018-04-20T19:26:18.191450028Z: [    0.382723] ACPI: PCI Root Bridge [PCI0] (domain 0000 [bus 00-ff])
[STDERR  ] 2018-04-20T19:26:18.191457673Z: [    0.388404] acpi PNP0A08:00: _OSC: OS supports [ExtendedConfig ASPM ClockPM Segments MSI]
[STDERR  ] 2018-04-20T19:26:18.191465348Z: [    0.390208] acpi PNP0A08:00: _OSC: OS now controls [PCIeHotplug PME PCIeCapability]
[STDERR  ] 2018-04-20T19:26:18.191472961Z: [    0.400102] PCI host bridge to bus 0000:00
[STDERR  ] 2018-04-20T19:26:18.191480613Z: [    0.404115] pci_bus 0000:00: root bus resource [io  0x0000-0x0cf7 window]
[STDERR  ] 2018-04-20T19:26:18.191491465Z: [    0.410014] pci_bus 0000:00: root bus resource [io  0x0d00-0xffff window]
[STDERR  ] 2018-04-20T19:26:18.191499139Z: [    0.420011] pci_bus 0000:00: root bus resource [mem 0x000a0000-0x000bffff window]
[STDERR  ] 2018-04-20T19:26:18.191506827Z: [    0.426587] pci_bus 0000:00: root bus resource [mem 0xc0000000-0xfebfffff window]
[STDERR  ] 2018-04-20T19:26:18.191514407Z: [    0.430014] pci_bus 0000:00: root bus resource [bus 00-ff]
[STDERR  ] 2018-04-20T19:26:18.191522157Z: [    0.565797] pci 0000:00:1f.0: quirk: [io  0x0600-0x067f] claimed by ICH6 ACPI/GPIO/TCO
[STDERR  ] 2018-04-20T19:26:18.191532230Z: [    0.630590] ACPI: PCI Interrupt Link [LNKA] (IRQs 5 *10 11)
[STDERR  ] 2018-04-20T19:26:18.191540105Z: [    0.638397] ACPI: PCI Interrupt Link [LNKB] (IRQs 5 *10 11)
[STDERR  ] 2018-04-20T19:26:18.191547792Z: [    0.642250] ACPI: PCI Interrupt Link [LNKC] (IRQs 5 10 *11)
[STDERR  ] 2018-04-20T19:26:18.191555489Z: [    0.652067] ACPI: PCI Interrupt Link [LNKD] (IRQs 5 10 *11)
[STDERR  ] 2018-04-20T19:26:18.191563049Z: [    0.659091] ACPI: PCI Interrupt Link [LNKE] (IRQs 5 *10 11)
[STDERR  ] 2018-04-20T19:26:18.191570722Z: [    0.662156] ACPI: PCI Interrupt Link [LNKF] (IRQs 5 *10 11)
[STDERR  ] 2018-04-20T19:26:18.191578174Z: [    0.672131] ACPI: PCI Interrupt Link [LNKG] (IRQs 5 10 *11)
[STDERR  ] 2018-04-20T19:26:18.191588207Z: [    0.680140] ACPI: PCI Interrupt Link [LNKH] (IRQs 5 10 *11)
[STDERR  ] 2018-04-20T19:26:18.191595755Z: [    0.686618] ACPI: PCI Interrupt Link [GSIA] (IRQs *16)
[STDERR  ] 2018-04-20T19:26:18.191603451Z: [    0.690987] ACPI: PCI Interrupt Link [GSIB] (IRQs *17)
[STDERR  ] 2018-04-20T19:26:18.191610962Z: [    0.695933] ACPI: PCI Interrupt Link [GSIC] (IRQs *18)
[STDERR  ] 2018-04-20T19:26:18.191626094Z: [    0.700938] ACPI: PCI Interrupt Link [GSID] (IRQs *19)
[STDERR  ] 2018-04-20T19:26:18.191634882Z: [    0.705884] ACPI: PCI Interrupt Link [GSIE] (IRQs *20)
[STDERR  ] 2018-04-20T19:26:18.191653724Z: [    0.710952] ACPI: PCI Interrupt Link [GSIF] (IRQs *21)
[STDERR  ] 2018-04-20T19:26:18.191661449Z: [    0.716070] ACPI: PCI Interrupt Link [GSIG] (IRQs *22)
[STDERR  ] 2018-04-20T19:26:18.191669093Z: [    0.720932] ACPI: PCI Interrupt Link [GSIH] (IRQs *23)
[STDERR  ] 2018-04-20T19:26:18.191676744Z: [    0.726260] ACPI: Enabled 1 GPEs in block 00 to 3F
[STDERR  ] 2018-04-20T19:26:18.191684458Z: [    0.730725] SCSI subsystem initialized
[STDERR  ] 2018-04-20T19:26:18.191692209Z: [    0.734379] ACPI: bus type USB registered
[STDERR  ] 2018-04-20T19:26:18.191699731Z: [    0.740067] usbcore: registered new interface driver usbfs
[STDERR  ] 2018-04-20T19:26:18.191707471Z: [    0.744988] usbcore: registered new interface driver hub
[STDERR  ] 2018-04-20T19:26:18.191718033Z: [    0.750047] usbcore: registered new device driver usb
[STDERR  ] 2018-04-20T19:26:18.191725820Z: [    0.754583] pps_core: LinuxPPS API ver. 1 registered
[STDERR  ] 2018-04-20T19:26:18.191733582Z: [    0.760009] pps_core: Software ver. 5.3.6 - Copyright 2005-2007 Rodolfo Giometti <giometti@linux.it>
[STDERR  ] 2018-04-20T19:26:18.191741878Z: [    0.768228] PTP clock support registered
[STDERR  ] 2018-04-20T19:26:18.191749597Z: [    0.770092] wmi: Mapper loaded
[STDERR  ] 2018-04-20T19:26:18.191759947Z: [    0.772996] PCI: Using ACPI for IRQ routing
[STDERR  ] 2018-04-20T19:26:18.191771534Z: [    1.125218] NetLabel: Initializing
[STDERR  ] 2018-04-20T19:26:18.191779389Z: [    1.128468] NetLabel:  domain hash size = 128
[STDERR  ] 2018-04-20T19:26:18.191787091Z: [    1.130009] NetLabel:  protocols = UNLABELED CIPSOv4
[STDERR  ] 2018-04-20T19:26:18.191794837Z: [    1.134512] NetLabel:  unlabeled traffic allowed by default
[STDERR  ] 2018-04-20T19:26:18.191802620Z: [    1.140159] HPET: 3 timers in total, 0 timers will be used for per-cpu timer
[STDERR  ] 2018-04-20T19:26:18.191810494Z: [    1.146564] hpet0: at MMIO 0xfed00000, IRQs 2, 8, 0
[STDERR  ] 2018-04-20T19:26:18.191818231Z: [    1.151292] hpet0: 3 comparators, 64-bit 100.000000 MHz counter
[STDERR  ] 2018-04-20T19:26:18.191826062Z: [    1.161183] clocksource: Switched to clocksource kvm-clock
[STDERR  ] 2018-04-20T19:26:18.191833998Z: [    1.178593] VFS: Disk quotas dquot_6.6.0
[STDERR  ] 2018-04-20T19:26:18.191843767Z: [    1.182749] VFS: Dquot-cache hash table entries: 512 (order 0, 4096 bytes)
[STDERR  ] 2018-04-20T19:26:18.191855098Z: [    1.189266] FS-Cache: Loaded
[STDERR  ] 2018-04-20T19:26:18.191862760Z: [    1.192174] CacheFiles: Loaded
[STDERR  ] 2018-04-20T19:26:18.191870327Z: [    1.195058] pnp: PnP ACPI init
[STDERR  ] 2018-04-20T19:26:18.191877957Z: [    1.198865] pnp: PnP ACPI: found 5 devices
[STDERR  ] 2018-04-20T19:26:18.191888382Z: [    1.209410] clocksource: acpi_pm: mask: 0xffffff max_cycles: 0xffffff, max_idle_ns: 2085701024 ns
[STDERR  ] 2018-04-20T19:26:18.191898695Z: [    1.217708] NET: Registered protocol family 2
[STDERR  ] 2018-04-20T19:26:18.191906366Z: [    1.221957] TCP established hash table entries: 8192 (order: 4, 65536 bytes)
[STDERR  ] 2018-04-20T19:26:18.191916700Z: [    1.228359] TCP bind hash table entries: 8192 (order: 5, 131072 bytes)
[STDERR  ] 2018-04-20T19:26:18.191924489Z: [    1.234342] TCP: Hash tables configured (established 8192 bind 8192)
[STDERR  ] 2018-04-20T19:26:18.191932160Z: [    1.240822] UDP hash table entries: 512 (order: 2, 16384 bytes)
[STDERR  ] 2018-04-20T19:26:18.191951320Z: [    1.246220] UDP-Lite hash table entries: 512 (order: 2, 16384 bytes)
[STDERR  ] 2018-04-20T19:26:18.191960417Z: [    1.252134] NET: Registered protocol family 1
[STDERR  ] 2018-04-20T19:26:18.191968031Z: [    1.256337] pci 0000:00:01.0: Video device with shadowed ROM at [mem 0x000c0000-0x000dffff]
[STDERR  ] 2018-04-20T19:26:18.191975940Z: [    1.264183] Unpacking initramfs...
[STDERR  ] 2018-04-20T19:26:18.191987888Z: [    1.816985] Freeing initrd memory: 31524K (ffff8a1d7e107000 - ffff8a1d7ffd0000)
[STDERR  ] 2018-04-20T19:26:18.191995902Z: [    1.824747] PCLMULQDQ-NI instructions are not detected.
[STDERR  ] 2018-04-20T19:26:18.192003717Z: [    1.829631] AVX or AES-NI instructions are not detected.
[STDERR  ] 2018-04-20T19:26:18.192011557Z: [    1.834535] CPU feature 'AVX registers' is not supported.
[STDERR  ] 2018-04-20T19:26:18.192019144Z: [    1.839358] CPU feature 'AVX registers' is not supported.
[STDERR  ] 2018-04-20T19:26:18.192030215Z: [    1.844242] CPU feature 'AVX registers' is not supported.
[STDERR  ] 2018-04-20T19:26:18.192038817Z: [    1.849202] CPU feature 'AVX registers' is not supported.
[STDERR  ] 2018-04-20T19:26:18.192046607Z: [    1.854070] AVX2 or AES-NI instructions are not detected.
[STDERR  ] 2018-04-20T19:26:18.192054212Z: [    1.858847] AVX2 instructions are not detected.
[STDERR  ] 2018-04-20T19:26:18.192062227Z: [    1.863394] audit: initializing netlink subsys (disabled)
[STDERR  ] 2018-04-20T19:26:18.192070045Z: [    1.868279] audit: type=2000 audit(1524252363.554:1): initialized
[STDERR  ] 2018-04-20T19:26:18.192077721Z: [    1.874310] workingset: timestamp_bits=46 max_order=18 bucket_order=0
[STDERR  ] 2018-04-20T19:26:18.192089049Z: [    1.881383] FS-Cache: Netfs 'cifs' registered for caching
[STDERR  ] 2018-04-20T19:26:18.192096998Z: [    1.886322] fuse init (API version 7.26)
[STDERR  ] 2018-04-20T19:26:18.192104601Z: [    1.889983] SGI XFS with ACLs, security attributes, no debug enabled
[STDERR  ] 2018-04-20T19:26:18.192112205Z: [    1.895968] 9p: Installing v9fs 9p2000 file system support
[STDERR  ] 2018-04-20T19:26:18.192130156Z: [    1.900928] FS-Cache: Netfs '9p' registered for caching
[STDERR  ] 2018-04-20T19:26:18.192158236Z: [    1.906498] NET: Registered protocol family 38
[STDERR  ] 2018-04-20T19:26:18.192169395Z: [    1.910710] Key type asymmetric registered
[STDERR  ] 2018-04-20T19:26:18.192177192Z: [    1.914357] Asymmetric key parser 'x509' registered
[STDERR  ] 2018-04-20T19:26:18.192184878Z: [    1.918770] Block layer SCSI generic (bsg) driver version 0.4 loaded (major 251)
[STDERR  ] 2018-04-20T19:26:18.192192923Z: [    1.925482] io scheduler noop registered
[STDERR  ] 2018-04-20T19:26:18.192203389Z: [    1.929030] io scheduler deadline registered (default)
[STDERR  ] 2018-04-20T19:26:18.192211310Z: [    1.933932] io scheduler cfq registered
[STDERR  ] 2018-04-20T19:26:18.192219069Z: [    1.937543] pci_hotplug: PCI Hot Plug PCI Core version: 0.5
[STDERR  ] 2018-04-20T19:26:18.192226715Z: [    1.942738] pciehp: PCI Express Hot Plug Controller Driver version: 0.4
[STDERR  ] 2018-04-20T19:26:18.192234555Z: [    1.948731] shpchp: Standard Hot Plug PCI Controller Driver version: 0.4
[STDERR  ] 2018-04-20T19:26:18.192242270Z: [    1.954848] hv_vmbus: registering driver hyperv_fb
[STDERR  ] 2018-04-20T19:26:18.192252075Z: [    1.959306] input: Power Button as /devices/LNXSYSTM:00/LNXPWRBN:00/input/input0
[STDERR  ] 2018-04-20T19:26:18.192259859Z: [    1.965923] ACPI: Power Button [PWRF]
[STDERR  ] 2018-04-20T19:26:18.192267692Z: [    1.969615] GHES: HEST is not enabled!
[STDERR  ] 2018-04-20T19:26:18.192275378Z: [    1.973475] ACPI: PCI Interrupt Link [GSIG] enabled at IRQ 22
[STDERR  ] 2018-04-20T19:26:18.192283139Z: [    1.984050] ACPI: PCI Interrupt Link [GSIH] enabled at IRQ 23
[STDERR  ] 2018-04-20T19:26:18.192290854Z: [    1.994640] xenfs: not registering filesystem on non-xen platform
[STDERR  ] 2018-04-20T19:26:18.192298599Z: [    2.000332] Serial: 8250/16550 driver, 4 ports, IRQ sharing disabled
[STDERR  ] 2018-04-20T19:26:18.192306290Z: [    2.038616] 00:04: ttyS0 at I/O 0x3f8 (irq = 4, base_baud = 115200) is a 16550A
[STDERR  ] 2018-04-20T19:26:18.192313921Z: [    2.046656] Non-volatile memory driver v1.3
[STDERR  ] 2018-04-20T19:26:18.192325629Z: [    2.051925] Hangcheck: starting hangcheck timer 0.9.1 (tick is 180 seconds, margin is 60 seconds).
[STDERR  ] 2018-04-20T19:26:18.192334723Z: [    2.060389] random: fast init done
[STDERR  ] 2018-04-20T19:26:18.192349901Z: [    2.064031] random: crng init done
[STDERR  ] 2018-04-20T19:26:18.192357775Z: [    2.068920] loop: module loaded
[STDERR  ] 2018-04-20T19:26:18.192365861Z: [    2.072681] nbd: registered device at major 43
[STDERR  ] 2018-04-20T19:26:18.192373429Z: [    2.078359] lpc_ich 0000:00:1f.0: I/O space for GPIO uninitialized
[STDERR  ] 2018-04-20T19:26:18.192381189Z: [    2.084212] VMware PVSCSI driver - version 1.0.7.0-k
[STDERR  ] 2018-04-20T19:26:18.192388912Z: [    2.088701] hv_vmbus: registering driver hv_storvsc
[STDERR  ] 2018-04-20T19:26:18.192396628Z: [    2.093707] ACPI: PCI Interrupt Link [GSIA] enabled at IRQ 16
[STDERR  ] 2018-04-20T19:26:18.192404301Z: [    2.101632] ahci 0000:00:1f.2: AHCI 0001.0000 32 slots 6 ports 1.5 Gbps 0x3f impl SATA mode
[STDERR  ] 2018-04-20T19:26:18.192412189Z: [    2.109073] ahci 0000:00:1f.2: flags: 64bit ncq only 
[STDERR  ] 2018-04-20T19:26:18.192420228Z: [    2.116898] scsi host0: ahci
[STDERR  ] 2018-04-20T19:26:18.192427876Z: [    2.119838] scsi host1: ahci
[STDERR  ] 2018-04-20T19:26:18.192435515Z: [    2.122673] scsi host2: ahci
[STDERR  ] 2018-04-20T19:26:18.192442995Z: [    2.125633] scsi host3: ahci
[STDERR  ] 2018-04-20T19:26:18.192450452Z: [    2.128407] scsi host4: ahci
[STDERR  ] 2018-04-20T19:26:18.192460449Z: [    2.131393] scsi host5: ahci
[STDERR  ] 2018-04-20T19:26:18.192468401Z: [    2.134313] ata1: SATA max UDMA/133 abar m4096@0xfebd2000 port 0xfebd2100 irq 24
[STDERR  ] 2018-04-20T19:26:18.192476135Z: [    2.141311] ata2: SATA max UDMA/133 abar m4096@0xfebd2000 port 0xfebd2180 irq 24
[STDERR  ] 2018-04-20T19:26:18.192490419Z: [    2.148025] ata3: SATA max UDMA/133 abar m4096@0xfebd2000 port 0xfebd2200 irq 24
[STDERR  ] 2018-04-20T19:26:18.192498785Z: [    2.155147] ata4: SATA max UDMA/133 abar m4096@0xfebd2000 port 0xfebd2280 irq 24
[STDERR  ] 2018-04-20T19:26:18.192506421Z: [    2.161953] ata5: SATA max UDMA/133 abar m4096@0xfebd2000 port 0xfebd2300 irq 24
[STDERR  ] 2018-04-20T19:26:18.192516610Z: [    2.168536] ata6: SATA max UDMA/133 abar m4096@0xfebd2000 port 0xfebd2380 irq 24
[STDERR  ] 2018-04-20T19:26:18.192524289Z: [    2.177564] tun: Universal TUN/TAP device driver, 1.6
[STDERR  ] 2018-04-20T19:26:18.192531978Z: [    2.182270] tun: (C) 1999-2004 Max Krasnyansky <maxk@qualcomm.com>
[STDERR  ] 2018-04-20T19:26:18.192539468Z: [    2.191690] VMware vmxnet3 virtual NIC driver - version 1.4.a.0-k-NAPI
[STDERR  ] 2018-04-20T19:26:18.192547282Z: [    2.197559] hv_vmbus: registering driver hv_netvsc
[STDERR  ] 2018-04-20T19:26:18.192554951Z: [    2.201945] Fusion MPT base driver 3.04.20
[STDERR  ] 2018-04-20T19:26:18.192562491Z: [    2.205628] Copyright (c) 1999-2008 LSI Corporation
[STDERR  ] 2018-04-20T19:26:18.192570162Z: [    2.209975] Fusion MPT SPI Host driver 3.04.20
[STDERR  ] 2018-04-20T19:26:18.192577736Z: [    2.214148] i8042: PNP: PS/2 Controller [PNP0303:KBD,PNP0f13:MOU] at 0x60,0x64 irq 1,12
[STDERR  ] 2018-04-20T19:26:18.192585696Z: [    2.224346] serio: i8042 KBD port at 0x60,0x64 irq 1
[STDERR  ] 2018-04-20T19:26:18.192593222Z: [    2.228908] serio: i8042 AUX port at 0x60,0x64 irq 12
[STDERR  ] 2018-04-20T19:26:18.192603037Z: [    2.233743] hv_vmbus: registering driver hyperv_keyboard
[STDERR  ] 2018-04-20T19:26:18.192610795Z: [    2.238721] mousedev: PS/2 mouse device common for all mice
[STDERR  ] 2018-04-20T19:26:18.192618422Z: [    2.245108] input: AT Translated Set 2 keyboard as /devices/platform/i8042/serio0/input/input1
[STDERR  ] 2018-04-20T19:26:18.192626228Z: [    2.253129] input: PC Speaker as /devices/platform/pcspkr/input/input2
[STDERR  ] 2018-04-20T19:26:18.192633790Z: [    2.260215] rtc_cmos 00:00: RTC can wake from S4
[STDERR  ] 2018-04-20T19:26:18.192641296Z: [    2.265895] rtc_cmos 00:00: rtc core: registered rtc_cmos as rtc0
[STDERR  ] 2018-04-20T19:26:18.192648849Z: [    2.272442] rtc_cmos 00:00: alarms up to one day, y3k, 114 bytes nvram, hpet irqs
[STDERR  ] 2018-04-20T19:26:18.192656539Z: [    2.279322] i2c /dev entries driver
[STDERR  ] 2018-04-20T19:26:18.192664160Z: [    2.282682] device-mapper: ioctl: 4.35.0-ioctl (2016-06-23) initialised: dm-devel@redhat.com
[STDERR  ] 2018-04-20T19:26:18.192675508Z: [    2.291229] usbcore: registered new interface driver usbhid
[STDERR  ] 2018-04-20T19:26:18.192683382Z: [    2.296313] usbhid: USB HID core driver
[STDERR  ] 2018-04-20T19:26:18.192691168Z: [    2.299982] hv_utils: Registering HyperV Utility Driver
[STDERR  ] 2018-04-20T19:26:18.192698737Z: [    2.304785] hv_vmbus: registering driver hv_util
[STDERR  ] 2018-04-20T19:26:18.192706468Z: [    2.309042] hv_vmbus: registering driver hv_balloon
[STDERR  ] 2018-04-20T19:26:18.192714230Z: [    2.313519] oprofile: using NMI interrupt.
[STDERR  ] 2018-04-20T19:26:18.192721822Z: [    2.317263] GACT probability on
[STDERR  ] 2018-04-20T19:26:18.192729589Z: [    2.320450] Mirror/redirect action on
[STDERR  ] 2018-04-20T19:26:18.192742975Z: [    2.323942] Simple TC action Loaded
[STDERR  ] 2018-04-20T19:26:18.192751120Z: [    2.327077] u32 classifier
[STDERR  ] 2018-04-20T19:26:18.192758833Z: [    2.329583]     Performance counters on
[STDERR  ] 2018-04-20T19:26:18.192766371Z: [    2.333180]     input device check on
[STDERR  ] 2018-04-20T19:26:18.192776946Z: [    2.336483]     Actions configured
[STDERR  ] 2018-04-20T19:26:18.192784453Z: [    2.339527] Netfilter messages via NETLINK v0.30.
[STDERR  ] 2018-04-20T19:26:18.192792049Z: [    2.343899] nfnl_acct: registering with nfnetlink.
[STDERR  ] 2018-04-20T19:26:18.192799762Z: [    2.348199] nf_conntrack version 0.5.0 (8192 buckets, 32768 max)
[STDERR  ] 2018-04-20T19:26:18.192809795Z: [    2.353834] ctnetlink v0.93: registering with nfnetlink.
[STDERR  ] 2018-04-20T19:26:18.192823469Z: [    2.358739] nf_tables: (c) 2007-2009 Patrick McHardy <kaber@trash.net>
[STDERR  ] 2018-04-20T19:26:18.192831250Z: [    2.364951] nf_tables_compat: (c) 2012 Pablo Neira Ayuso <pablo@netfilter.org>
[STDERR  ] 2018-04-20T19:26:18.192839068Z: [    2.371624] xt_time: kernel timezone is -0000
[STDERR  ] 2018-04-20T19:26:18.192852296Z: [    2.375581] ip_set: protocol 6
[STDERR  ] 2018-04-20T19:26:18.192862666Z: [    2.378389] IPVS: Registered protocols (TCP, UDP, SCTP, AH, ESP)
[STDERR  ] 2018-04-20T19:26:18.192870676Z: [    2.383978] IPVS: Connection hash table configured (size=4096, memory=64Kbytes)
[STDERR  ] 2018-04-20T19:26:18.192880819Z: [    2.390796] IPVS: Creating netns size=2104 id=0
[STDERR  ] 2018-04-20T19:26:18.192888531Z: [    2.395712] IPVS: ipvs loaded.
[STDERR  ] 2018-04-20T19:26:18.192896124Z: [    2.398618] IPVS: [rr] scheduler registered.
[STDERR  ] 2018-04-20T19:26:18.192903708Z: [    2.402828] IPVS: [wrr] scheduler registered.
[STDERR  ] 2018-04-20T19:26:18.192911368Z: [    2.406880] IPVS: [lc] scheduler registered.
[STDERR  ] 2018-04-20T19:26:18.192918946Z: [    2.410892] IPVS: [wlc] scheduler registered.
[STDERR  ] 2018-04-20T19:26:18.192926484Z: [    2.414978] IPVS: [fo] scheduler registered.
[STDERR  ] 2018-04-20T19:26:18.192934124Z: [    2.419027] IPVS: [ovf] scheduler registered.
[STDERR  ] 2018-04-20T19:26:18.192941831Z: [    2.423103] IPVS: [lblc] scheduler registered.
[STDERR  ] 2018-04-20T19:26:18.192956899Z: [    2.427330] IPVS: [lblcr] scheduler registered.
[STDERR  ] 2018-04-20T19:26:18.192964977Z: [    2.431548] IPVS: [dh] scheduler registered.
[STDERR  ] 2018-04-20T19:26:18.192974868Z: [    2.435667] IPVS: [sh] scheduler registered.
[STDERR  ] 2018-04-20T19:26:18.192982617Z: [    2.439679] IPVS: [sed] scheduler registered.
[STDERR  ] 2018-04-20T19:26:18.192990259Z: [    2.443790] IPVS: [nq] scheduler registered.
[STDERR  ] 2018-04-20T19:26:18.192997844Z: [    2.447896] IPVS: ftp: loaded support on port[0] = 21
[STDERR  ] 2018-04-20T19:26:18.193005613Z: [    2.452707] ipip: IPv4 and MPLS over IPv4 tunneling driver
[STDERR  ] 2018-04-20T19:26:18.193016044Z: [    2.458003] gre: GRE over IPv4 demultiplexor driver
[STDERR  ] 2018-04-20T19:26:18.193023768Z: [    2.462790] ip_tables: (C) 2000-2006 Netfilter Core Team
[STDERR  ] 2018-04-20T19:26:18.193031480Z: [    2.467900] ipt_CLUSTERIP: ClusterIP Version 0.8 loaded successfully
[STDERR  ] 2018-04-20T19:26:18.193047587Z: [    2.473807] arp_tables: arp_tables: (C) 2002 David S. Miller
[STDERR  ] 2018-04-20T19:26:18.193056197Z: [    2.479236] NET: Registered protocol family 10
[STDERR  ] 2018-04-20T19:26:18.193063969Z: [    2.483561] ip6_tables: (C) 2000-2006 Netfilter Core Team
[STDERR  ] 2018-04-20T19:26:18.193071603Z: [    2.489220] NET: Registered protocol family 17
[STDERR  ] 2018-04-20T19:26:18.193079129Z: [    2.493312] Bridge firewalling registered
[STDERR  ] 2018-04-20T19:26:18.193086583Z: [    2.497190] Ebtables v2.0 registered
[STDERR  ] 2018-04-20T19:26:18.193094214Z: [    2.500883] 8021q: 802.1Q VLAN Support v1.8
[STDERR  ] 2018-04-20T19:26:18.193101849Z: [    2.505198] ata2: SATA link down (SStatus 0 SControl 300)
[STDERR  ] 2018-04-20T19:26:18.193109625Z: [    2.510716] ata1: SATA link up 1.5 Gbps (SStatus 113 SControl 300)
[STDERR  ] 2018-04-20T19:26:18.193117525Z: [    2.516646] ata1.00: ATA-7: QEMU HARDDISK, 2.5+, max UDMA/100
[STDERR  ] 2018-04-20T19:26:18.193127860Z: [    2.521782] ata1.00: 1048576 sectors, multi 16: LBA48 NCQ (depth 31/32)
[STDERR  ] 2018-04-20T19:26:18.193144821Z: [    2.527652] ata1.00: applying bridge limits
[STDERR  ] 2018-04-20T19:26:18.193157554Z: [    2.532238] ata6: SATA link down (SStatus 0 SControl 300)
[STDERR  ] 2018-04-20T19:26:18.193170340Z: [    2.537668] ata5: SATA link down (SStatus 0 SControl 300)
[STDERR  ] 2018-04-20T19:26:18.193182925Z: [    2.543249] ata4: SATA link down (SStatus 0 SControl 300)
[STDERR  ] 2018-04-20T19:26:18.193196341Z: [    2.548831] ata3: SATA link up 1.5 Gbps (SStatus 113 SControl 300)
[STDERR  ] 2018-04-20T19:26:18.193209196Z: [    2.554836] 9pnet: Installing 9P2000 support
[STDERR  ] 2018-04-20T19:26:18.193221897Z: [    2.558853] Key type dns_resolver registered
[STDERR  ] 2018-04-20T19:26:18.193229857Z: [    2.562803] ata3.00: ATAPI: QEMU DVD-ROM, 2.5+, max UDMA/100
[STDERR  ] 2018-04-20T19:26:18.193237605Z: [    2.567869] ata3.00: applying bridge limits
[STDERR  ] 2018-04-20T19:26:18.193250476Z: [    2.572242] microcode: sig=0x663, pf=0x1, revision=0x1
[STDERR  ] 2018-04-20T19:26:18.193259216Z: [    2.577324] ata3.00: configured for UDMA/100
[STDERR  ] 2018-04-20T19:26:18.193266791Z: [    2.581617] microcode: Microcode Update Driver: v2.01 <tigran@aivazian.fsnet.co.uk>, Peter Oruba
[STDERR  ] 2018-04-20T19:26:18.193274869Z: [    2.590418] ata1.00: configured for UDMA/100
[STDERR  ] 2018-04-20T19:26:18.193282507Z: [    2.594618] registered taskstats version 1
[STDERR  ] 2018-04-20T19:26:18.193293363Z: [    2.598595] scsi 0:0:0:0: Direct-Access     ATA      QEMU HARDDISK    2.5+ PQ: 0 ANSI: 5
[STDERR  ] 2018-04-20T19:26:18.193301381Z: [    2.608923] sd 0:0:0:0: [sda] 1048576 512-byte logical blocks: (537 MB/512 MiB)
[STDERR  ] 2018-04-20T19:26:18.193309350Z: [    2.615919] sd 0:0:0:0: Attached scsi generic sg0 type 0
[STDERR  ] 2018-04-20T19:26:18.193319610Z: [    2.621000] sd 0:0:0:0: [sda] Write Protect is off
[STDERR  ] 2018-04-20T19:26:18.193327316Z: [    2.626931] scsi 2:0:0:0: CD-ROM            QEMU     QEMU DVD-ROM     2.5+ PQ: 0 ANSI: 5
[STDERR  ] 2018-04-20T19:26:18.193335303Z: [    2.635536] sd 0:0:0:0: [sda] Write cache: enabled, read cache: enabled, doesn't support DPO or FUA
[STDERR  ] 2018-04-20T19:26:18.193346138Z: [    2.644048] Key type big_key registered
[STDERR  ] 2018-04-20T19:26:18.193353905Z: [    2.651464] Key type encrypted registered
[STDERR  ] 2018-04-20T19:26:18.193361503Z: [    2.657332] rtc_cmos 00:00: setting system clock to 2018-04-20 19:26:05 UTC (1524252365)
[STDERR  ] 2018-04-20T19:26:18.193371587Z: [    2.664906] sd 0:0:0:0: [sda] Attached SCSI disk
[STDERR  ] 2018-04-20T19:26:18.193379396Z: [    2.670958] sr 2:0:0:0: [sr0] scsi3-mmc drive: 4x/4x cd/rw xa/form2 tray
[STDERR  ] 2018-04-20T19:26:18.193387256Z: [    2.677110] cdrom: Uniform CD-ROM driver Revision: 3.20
[STDERR  ] 2018-04-20T19:26:18.193395123Z: [    2.682943] sr 2:0:0:0: Attached scsi generic sg1 type 5
[STDERR  ] 2018-04-20T19:26:18.193402751Z: [    2.689821] Freeing unused kernel memory: 1380K (ffffffff92d57000 - ffffffff92eb0000)
[STDERR  ] 2018-04-20T19:26:18.193413932Z: [    2.697025] Write protecting the kernel read-only data: 12288k
[STDERR  ] 2018-04-20T19:26:18.193422192Z: [    2.702649] Freeing unused kernel memory: 152K (ffff8a1d667da000 - ffff8a1d66800000)
[STDERR  ] 2018-04-20T19:26:18.193429890Z: [    2.713453] Freeing unused kernel memory: 1400K (ffff8a1d66aa2000 - ffff8a1d66c00000)
[STDERR  ] 2018-04-20T19:26:18.193437732Z: [    2.880289] clocksource: tsc: mask: 0xffffffffffffffff max_cycles: 0x212735223b2, max_idle_ns: 440795277976 ns
[STDERR  ] 2018-04-20T19:26:18.193445691Z: 
[STDERR  ] 2018-04-20T19:26:18.193453914Z: Welcome to LinuxKit
[STDERR  ] 2018-04-20T19:26:18.193462540Z: 
[STDERR  ] 2018-04-20T19:26:18.193471089Z:                         ##         .
[STDERR  ] 2018-04-20T19:26:18.193478887Z:                   ## ## ##        ==
[STDERR  ] 2018-04-20T19:26:18.193489077Z:                ## ## ## ## ##    ===
[STDERR  ] 2018-04-20T19:26:18.193496947Z:            /"""""""""""""""""\___/ ===
[STDERR  ] 2018-04-20T19:26:18.193504537Z:           {                       /  ===-
[STDERR  ] 2018-04-20T19:26:18.193512223Z:            \______ O           __/
[STDERR  ] 2018-04-20T19:26:18.193520054Z:              \    \         __/
[STDERR  ] 2018-04-20T19:26:18.193527739Z:               \____\_______/
[STDERR  ] 2018-04-20T19:26:18.193535428Z: 
[STDERR  ] 2018-04-20T19:26:18.193543422Z: [    3.164974] IPVS: Creating netns size=2104 id=1
[STDERR  ] 2018-04-20T19:26:18.193551270Z: [    3.169369] IPVS: ftp: loaded support on port[0] = 21
[STDERR  ] 2018-04-20T19:26:18.193559031Z: [    3.257528]  sda:
[STDERR  ] 2018-04-20T19:26:18.193570735Z: [    3.271202]  sda:
[STDERR  ] 2018-04-20T19:26:18.193578486Z: [    3.287079]  sda: sda1
[STDERR  ] 2018-04-20T19:26:18.193586221Z: [    3.294110]  sda: sda1
[STDERR  ] 2018-04-20T19:26:18.193596492Z: 2018/04/20 19:26:05 Creating partition on /dev/sda
[STDERR  ] 2018-04-20T19:26:18.193604415Z: 2018/04/20 19:26:06 Partition /dev/sda1 successfully created!
[STDERR  ] 2018-04-20T19:26:18.193612246Z: [    4.531058] IPVS: Creating netns size=2104 id=2
[STDERR  ] 2018-04-20T19:26:18.193619997Z: [    4.536233] IPVS: ftp: loaded support on port[0] = 21
[STDERR  ] 2018-04-20T19:26:18.193627695Z: [    4.567074] EXT4-fs (sda1): couldn't mount as ext3 due to feature incompatibilities
[STDERR  ] 2018-04-20T19:26:18.193635738Z: [    4.576455] EXT4-fs (sda1): couldn't mount as ext2 due to feature incompatibilities
[STDERR  ] 2018-04-20T19:26:18.193643451Z: [    4.591756] EXT4-fs (sda1): mounted filesystem with ordered data mode. Opts: (null)
[STDERR  ] 2018-04-20T19:26:18.193651092Z: format_mount test suite PASSED
[STDERR  ] 2018-04-20T19:26:18.193658719Z: [   15.036044] sd 0:0:0:0: [sda] Synchronizing SCSI cache
[STDERR  ] 2018-04-20T19:26:18.193666362Z: [   15.043574] sd 0:0:0:0: [sda] Stopping disk
[STDERR  ] 2018-04-20T19:26:18.193674091Z: [   15.048803] ACPI: Preparing to enter system sleep state S5
[STDERR  ] 2018-04-20T19:26:18.193681644Z: [   15.053251] reboot: Power down
[STDERR  ] 2018-04-20T19:26:18.193691704Z: + echo [    0.000000] Linux version 4.9.38-linuxkit (root@e1ede117fb1e) (gcc version 6.3.0 (Alpine 6.3.0) ) #1 SMP Thu Jul 20 16:07:02 UTC 2017
[STDERR  ] 2018-04-20T19:26:18.193701242Z: [    0.000000] Command line: console=ttyS0 console=ttyAMA0
[STDERR  ] 2018-04-20T19:26:18.193708997Z: [    0.000000] x86/fpu: Legacy x87 FPU detected.
[STDERR  ] 2018-04-20T19:26:18.193716859Z: [    0.000000] x86/fpu: Using 'eager' FPU context switches.
[STDERR  ] 2018-04-20T19:26:18.193724633Z: [    0.000000] e820: BIOS-provided physical RAM map:
[STDERR  ] 2018-04-20T19:26:18.193732244Z: [    0.000000] BIOS-e820: [mem 0x0000000000000000-0x000000000009fbff] usable
[STDERR  ] 2018-04-20T19:26:18.193740135Z: [    0.000000] BIOS-e820: [mem 0x000000000009fc00-0x000000000009ffff] reserved
[STDERR  ] 2018-04-20T19:26:18.193747766Z: [    0.000000] BIOS-e820: [mem 0x00000000000f0000-0x00000000000fffff] reserved
[STDERR  ] 2018-04-20T19:26:18.193755439Z: [    0.000000] BIOS-e820: [mem 0x0000000000100000-0x000000003ffdefff] usable
[STDERR  ] 2018-04-20T19:26:18.193769337Z: [    0.000000] BIOS-e820: [mem 0x000000003ffdf000-0x000000003fffffff] reserved
[STDERR  ] 2018-04-20T19:26:18.193777792Z: [    0.000000] BIOS-e820: [mem 0x00000000b0000000-0x00000000bfffffff] reserved
[STDERR  ] 2018-04-20T19:26:18.193785584Z: [    0.000000] BIOS-e820: [mem 0x00000000fed1c000-0x00000000fed1ffff] reserved
[STDERR  ] 2018-04-20T19:26:18.193795702Z: [    0.000000] BIOS-e820: [mem 0x00000000feffc000-0x00000000feffffff] reserved
[STDERR  ] 2018-04-20T19:26:18.193803482Z: [    0.000000] BIOS-e820: [mem 0x00000000fffc0000-0x00000000ffffffff] reserved
[STDERR  ] 2018-04-20T19:26:18.193811202Z: [    0.000000] NX (Execute Disable) protection: active
[STDERR  ] 2018-04-20T19:26:18.193821826Z: [    0.000000] SMBIOS 2.8 present.
[STDERR  ] 2018-04-20T19:26:18.193829793Z: [    0.000000] Hypervisor detected: KVM
[STDERR  ] 2018-04-20T19:26:18.193839566Z: [    0.000000] e820: last_pfn = 0x3ffdf max_arch_pfn = 0x400000000
[STDERR  ] 2018-04-20T19:26:18.193847368Z: [    0.000000] x86/PAT: PAT not supported by CPU.
[STDERR  ] 2018-04-20T19:26:18.193855033Z: [    0.000000] x86/PAT: Configuration [0-7]: WB  WT  UC- UC  WB  WT  UC- UC  
[STDERR  ] 2018-04-20T19:26:18.193862672Z: [    0.000000] found SMP MP-table at [mem 0x000f6aa0-0x000f6aaf] mapped at [ffff8a1d400f6aa0]
[STDERR  ] 2018-04-20T19:26:18.193870450Z: [    0.000000] RAMDISK: [mem 0x3e107000-0x3ffcffff]
[STDERR  ] 2018-04-20T19:26:18.193878232Z: [    0.000000] ACPI: Early table checksum verification disabled
[STDERR  ] 2018-04-20T19:26:18.193885775Z: [    0.000000] ACPI: RSDP 0x00000000000F68B0 000014 (v00 BOCHS )
[STDERR  ] 2018-04-20T19:26:18.193896838Z: [    0.000000] ACPI: RSDT 0x000000003FFE20A8 000034 (v01 BOCHS  BXPCRSDT 00000001 BXPC 00000001)
[STDERR  ] 2018-04-20T19:26:18.193904798Z: [    0.000000] ACPI: FACP 0x000000003FFE1EC8 0000F4 (v03 BOCHS  BXPCFACP 00000001 BXPC 00000001)
[STDERR  ] 2018-04-20T19:26:18.193914682Z: [    0.000000] ACPI: DSDT 0x000000003FFE0040 001E88 (v01 BOCHS  BXPCDSDT 00000001 BXPC 00000001)
[STDERR  ] 2018-04-20T19:26:18.193922528Z: [    0.000000] ACPI: FACS 0x000000003FFE0000 000040
[STDERR  ] 2018-04-20T19:26:18.193930341Z: [    0.000000] ACPI: APIC 0x000000003FFE1FBC 000078 (v01 BOCHS  BXPCAPIC 00000001 BXPC 00000001)
[STDERR  ] 2018-04-20T19:26:18.193937973Z: [    0.000000] ACPI: HPET 0x000000003FFE2034 000038 (v01 BOCHS  BXPCHPET 00000001 BXPC 00000001)
[STDERR  ] 2018-04-20T19:26:18.193945837Z: [    0.000000] ACPI: MCFG 0x000000003FFE206C 00003C (v01 BOCHS  BXPCMCFG 00000001 BXPC 00000001)
[STDERR  ] 2018-04-20T19:26:18.193959491Z: [    0.000000] kvm-clock: Using msrs 4b564d01 and 4b564d00
[STDERR  ] 2018-04-20T19:26:18.193967346Z: [    0.000000] kvm-clock: cpu 0, msr 0:3ffdd001, primary cpu clock
[STDERR  ] 2018-04-20T19:26:18.193975266Z: [    0.000000] clocksource: kvm-clock: mask: 0xffffffffffffffff max_cycles: 0x1cd42e4dffb, max_idle_ns: 881590591483 ns
[STDERR  ] 2018-04-20T19:26:18.193984137Z: [    0.000000] Zone ranges:
[STDERR  ] 2018-04-20T19:26:18.193991742Z: [    0.000000]   DMA      [mem 0x0000000000001000-0x0000000000ffffff]
[STDERR  ] 2018-04-20T19:26:18.194001541Z: [    0.000000]   DMA32    [mem 0x0000000001000000-0x000000003ffdefff]
[STDERR  ] 2018-04-20T19:26:18.194009879Z: [    0.000000]   Normal   empty
[STDERR  ] 2018-04-20T19:26:18.194017660Z: [    0.000000] Movable zone start for each node
[STDERR  ] 2018-04-20T19:26:18.194025214Z: [    0.000000] Early memory node ranges
[STDERR  ] 2018-04-20T19:26:18.194032862Z: [    0.000000]   node   0: [mem 0x0000000000001000-0x000000000009efff]
[STDERR  ] 2018-04-20T19:26:18.194040494Z: [    0.000000]   node   0: [mem 0x0000000000100000-0x000000003ffdefff]
[STDERR  ] 2018-04-20T19:26:18.194048185Z: [    0.000000] Initmem setup node 0 [mem 0x0000000000001000-0x000000003ffdefff]
[STDERR  ] 2018-04-20T19:26:18.194058176Z: [    0.000000] ACPI: PM-Timer IO Port: 0x608
[STDERR  ] 2018-04-20T19:26:18.194066056Z: [    0.000000] ACPI: LAPIC_NMI (acpi_id[0xff] dfl dfl lint[0x1])
[STDERR  ] 2018-04-20T19:26:18.194073705Z: [    0.000000] IOAPIC[0]: apic_id 0, version 17, address 0xfec00000, GSI 0-23
[STDERR  ] 2018-04-20T19:26:18.194085332Z: [    0.000000] ACPI: INT_SRC_OVR (bus 0 bus_irq 0 global_irq 2 dfl dfl)
[STDERR  ] 2018-04-20T19:26:18.194093392Z: [    0.000000] ACPI: INT_SRC_OVR (bus 0 bus_irq 5 global_irq 5 high level)
[STDERR  ] 2018-04-20T19:26:18.194103913Z: [    0.000000] ACPI: INT_SRC_OVR (bus 0 bus_irq 9 global_irq 9 high level)
[STDERR  ] 2018-04-20T19:26:18.194111639Z: [    0.000000] ACPI: INT_SRC_OVR (bus 0 bus_irq 10 global_irq 10 high level)
[STDERR  ] 2018-04-20T19:26:18.194119316Z: [    0.000000] ACPI: INT_SRC_OVR (bus 0 bus_irq 11 global_irq 11 high level)
[STDERR  ] 2018-04-20T19:26:18.194127925Z: [    0.000000] Using ACPI (MADT) for SMP configuration information
[STDERR  ] 2018-04-20T19:26:18.194136058Z: [    0.000000] ACPI: HPET id: 0x8086a201 base: 0xfed00000
[STDERR  ] 2018-04-20T19:26:18.194144152Z: [    0.000000] smpboot: Allowing 1 CPUs, 0 hotplug CPUs
[STDERR  ] 2018-04-20T19:26:18.194151796Z: [    0.000000] e820: [mem 0x40000000-0xafffffff] available for PCI devices
[STDERR  ] 2018-04-20T19:26:18.194162145Z: [    0.000000] Booting paravirtualized kernel on KVM
[STDERR  ] 2018-04-20T19:26:18.194172318Z: [    0.000000] clocksource: refined-jiffies: mask: 0xffffffff max_cycles: 0xffffffff, max_idle_ns: 19112604462750000 ns
[STDERR  ] 2018-04-20T19:26:18.194180853Z: [    0.000000] setup_percpu: NR_CPUS:128 nr_cpumask_bits:128 nr_cpu_ids:1 nr_node_ids:1
[STDERR  ] 2018-04-20T19:26:18.194189392Z: [    0.000000] percpu: Embedded 35 pages/cpu @ffff8a1d7de00000 s105176 r8192 d29992 u2097152
[STDERR  ] 2018-04-20T19:26:18.194208945Z: [    0.000000] KVM setup async PF for cpu 0
[STDERR  ] 2018-04-20T19:26:18.194223891Z: [    0.000000] kvm-stealtime: cpu 0, msr 3de0d580
[STDERR  ] 2018-04-20T19:26:18.194237413Z: [    0.000000] Built 1 zonelists in Zone order, mobility grouping on.  Total pages: 257896
[STDERR  ] 2018-04-20T19:26:18.194248199Z: [    0.000000] Kernel command line: console=ttyS0 console=ttyAMA0
[STDERR  ] 2018-04-20T19:26:18.194256199Z: [    0.000000] PID hash table entries: 4096 (order: 3, 32768 bytes)
[STDERR  ] 2018-04-20T19:26:18.194263916Z: [    0.000000] Dentry cache hash table entries: 131072 (order: 8, 1048576 bytes)
[STDERR  ] 2018-04-20T19:26:18.194271780Z: [    0.000000] Inode-cache hash table entries: 65536 (order: 7, 524288 bytes)
[STDERR  ] 2018-04-20T19:26:18.194279674Z: [    0.000000] Memory: 982640K/1048052K available (8026K kernel code, 1366K rwdata, 2696K rodata, 1380K init, 568K bss, 65412K reserved, 0K cma-reserved)
[STDERR  ] 2018-04-20T19:26:18.194288625Z: [    0.000000] Hierarchical RCU implementation.
[STDERR  ] 2018-04-20T19:26:18.194296454Z: [    0.000000] 	Build-time adjustment of leaf fanout to 64.
[STDERR  ] 2018-04-20T19:26:18.194306936Z: [    0.000000] 	RCU restricting CPUs from NR_CPUS=128 to nr_cpu_ids=1.
[STDERR  ] 2018-04-20T19:26:18.194317312Z: [    0.000000] RCU: Adjusting geometry for rcu_fanout_leaf=64, nr_cpu_ids=1
[STDERR  ] 2018-04-20T19:26:18.194325252Z: [    0.000000] NR_IRQS:8448 nr_irqs:256 16
[STDERR  ] 2018-04-20T19:26:18.194335858Z: [    0.000000] Console: colour VGA+ 80x25
[STDERR  ] 2018-04-20T19:26:18.194343913Z: [    0.000000] console [ttyS0] enabled
[STDERR  ] 2018-04-20T19:26:18.194353956Z: [    0.000000] clocksource: hpet: mask: 0xffffffff max_cycles: 0xffffffff, max_idle_ns: 19112604467 ns
[STDERR  ] 2018-04-20T19:26:18.194361960Z: [    0.000000] tsc: Detected 2300.000 MHz processor
[STDERR  ] 2018-04-20T19:26:18.194369638Z: [    0.020000] Calibrating delay loop (skipped) preset value.. 4600.00 BogoMIPS (lpj=23000000)
[STDERR  ] 2018-04-20T19:26:18.194377478Z: [    0.020031] pid_max: default: 32768 minimum: 301
[STDERR  ] 2018-04-20T19:26:18.194385005Z: [    0.024209] ACPI: Core revision 20160831
[STDERR  ] 2018-04-20T19:26:18.194392549Z: [    0.030591] ACPI: 1 ACPI AML tables successfully acquired and loaded
[STDERR  ] 2018-04-20T19:26:18.194400491Z: [    0.036640] Security Framework initialized
[STDERR  ] 2018-04-20T19:26:18.194408113Z: [    0.040027] Yama: becoming mindful.
[STDERR  ] 2018-04-20T19:26:18.194420487Z: [    0.043428] Mount-cache hash table entries: 2048 (order: 2, 16384 bytes)
[STDERR  ] 2018-04-20T19:26:18.194428645Z: [    0.050038] Mountpoint-cache hash table entries: 2048 (order: 2, 16384 bytes)
[STDERR  ] 2018-04-20T19:26:18.194436563Z: [    0.057467] CPU: Physical Processor ID: 0
[STDERR  ] 2018-04-20T19:26:18.194447505Z: [    0.060218] Last level iTLB entries: 4KB 0, 2MB 0, 4MB 0
[STDERR  ] 2018-04-20T19:26:18.194455356Z: [    0.065092] Last level dTLB entries: 4KB 0, 2MB 0, 4MB 0, 1GB 0
[STDERR  ] 2018-04-20T19:26:18.194463649Z: [    0.158912] Freeing SMP alternatives memory: 20K (ffffffff92eb0000 - ffffffff92eb5000)
[STDERR  ] 2018-04-20T19:26:18.194471676Z: [    0.190937] ftrace: allocating 35489 entries in 139 pages
[STDERR  ] 2018-04-20T19:26:18.194479342Z: [    0.210125] smpboot: Max logical packages: 1
[STDERR  ] 2018-04-20T19:26:18.194486840Z: [    0.216212] x2apic enabled
[STDERR  ] 2018-04-20T19:26:18.194494582Z: [    0.220022] Switched APIC routing to physical x2apic.
[STDERR  ] 2018-04-20T19:26:18.194502162Z: [    0.234687] ..TIMER: vector=0x30 apic1=0 pin1=2 apic2=-1 pin2=-1
[STDERR  ] 2018-04-20T19:26:18.194510066Z: [    0.240000] smpboot: CPU0: Intel QEMU Virtual CPU version 2.5+ (family: 0x6, model: 0x6, stepping: 0x3)
[STDERR  ] 2018-04-20T19:26:18.194517972Z: [    0.240000] Performance Events: PMU not available due to virtualization, using software events only.
[STDERR  ] 2018-04-20T19:26:18.194525964Z: [    0.250557] x86: Booted up 1 node, 1 CPUs
[STDERR  ] 2018-04-20T19:26:18.194533588Z: [    0.260009] smpboot: Total of 1 processors activated (4600.00 BogoMIPS)
[STDERR  ] 2018-04-20T19:26:18.194545766Z: [    0.267898] devtmpfs: initialized
[STDERR  ] 2018-04-20T19:26:18.194554261Z: [    0.270094] x86/mm: Memory block size: 128MB
[STDERR  ] 2018-04-20T19:26:18.194561890Z: [    0.277519] clocksource: jiffies: mask: 0xffffffff max_cycles: 0xffffffff, max_idle_ns: 19112604462750000 ns
[STDERR  ] 2018-04-20T19:26:18.194569759Z: [    0.280020] futex hash table entries: 256 (order: 2, 16384 bytes)
[STDERR  ] 2018-04-20T19:26:18.194577750Z: [    0.290228] NET: Registered protocol family 16
[STDERR  ] 2018-04-20T19:26:18.194585466Z: [    0.294514] cpuidle: using governor ladder
[STDERR  ] 2018-04-20T19:26:18.194593055Z: [    0.300012] cpuidle: using governor menu
[STDERR  ] 2018-04-20T19:26:18.194600646Z: [    0.304040] ACPI: bus type PCI registered
[STDERR  ] 2018-04-20T19:26:18.194610721Z: [    0.310440] PCI: MMCONFIG for domain 0000 [bus 00-ff] at [mem 0xb0000000-0xbfffffff] (base 0xb0000000)
[STDERR  ] 2018-04-20T19:26:18.194618932Z: [    0.318745] PCI: MMCONFIG at [mem 0xb0000000-0xbfffffff] reserved in E820
[STDERR  ] 2018-04-20T19:26:18.194626626Z: [    0.320029] PCI: Using configuration type 1 for base access
[STDERR  ] 2018-04-20T19:26:18.194634421Z: [    0.331573] HugeTLB registered 2 MB page size, pre-allocated 0 pages
[STDERR  ] 2018-04-20T19:26:18.194642174Z: [    0.337696] ACPI: Added _OSI(Module Device)
[STDERR  ] 2018-04-20T19:26:18.194649979Z: [    0.340011] ACPI: Added _OSI(Processor Device)
[STDERR  ] 2018-04-20T19:26:18.194658761Z: [    0.344188] ACPI: Added _OSI(3.0 _SCP Extensions)
[STDERR  ] 2018-04-20T19:26:18.194666599Z: [    0.350013] ACPI: Added _OSI(Processor Aggregator Device)
[STDERR  ] 2018-04-20T19:26:18.194674321Z: [    0.360188] ACPI: Interpreter enabled
[STDERR  ] 2018-04-20T19:26:18.194681984Z: [    0.363710] ACPI: (supports S0 S5)
[STDERR  ] 2018-04-20T19:26:18.194689526Z: [    0.366787] ACPI: Using IOAPIC for interrupt routing
[STDERR  ] 2018-04-20T19:26:18.194699173Z: [    0.370081] PCI: Using host bridge windows from ACPI; if necessary, use "pci=nocrs" and report a bug
[STDERR  ] 2018-04-20T19:26:18.194707250Z: [    0.382723] ACPI: PCI Root Bridge [PCI0] (domain 0000 [bus 00-ff])
[STDERR  ] 2018-04-20T19:26:18.194715128Z: [    0.388404] acpi PNP0A08:00: _OSC: OS supports [ExtendedConfig ASPM ClockPM Segments MSI]
[STDERR  ] 2018-04-20T19:26:18.194725433Z: [    0.390208] acpi PNP0A08:00: _OSC: OS now controls [PCIeHotplug PME PCIeCapability]
[STDERR  ] 2018-04-20T19:26:18.194736588Z: [    0.400102] PCI host bridge to bus 0000:00
[STDERR  ] 2018-04-20T19:26:18.194747701Z: [    0.404115] pci_bus 0000:00: root bus resource [io  0x0000-0x0cf7 window]
[STDERR  ] 2018-04-20T19:26:18.194755899Z: [    0.410014] pci_bus 0000:00: root bus resource [io  0x0d00-0xffff window]
[STDERR  ] 2018-04-20T19:26:18.194763563Z: [    0.420011] pci_bus 0000:00: root bus resource [mem 0x000a0000-0x000bffff window]
[STDERR  ] 2018-04-20T19:26:18.194774108Z: [    0.426587] pci_bus 0000:00: root bus resource [mem 0xc0000000-0xfebfffff window]
[STDERR  ] 2018-04-20T19:26:18.194782014Z: [    0.430014] pci_bus 0000:00: root bus resource [bus 00-ff]
[STDERR  ] 2018-04-20T19:26:18.194789932Z: [    0.565797] pci 0000:00:1f.0: quirk: [io  0x0600-0x067f] claimed by ICH6 ACPI/GPIO/TCO
[STDERR  ] 2018-04-20T19:26:18.194797848Z: [    0.630590] ACPI: PCI Interrupt Link [LNKA] (IRQs 5 *10 11)
[STDERR  ] 2018-04-20T19:26:18.194807719Z: [    0.638397] ACPI: PCI Interrupt Link [LNKB] (IRQs 5 *10 11)
[STDERR  ] 2018-04-20T19:26:18.194815661Z: [    0.642250] ACPI: PCI Interrupt Link [LNKC] (IRQs 5 10 *11)
[STDERR  ] 2018-04-20T19:26:18.194823492Z: [    0.652067] ACPI: PCI Interrupt Link [LNKD] (IRQs 5 10 *11)
[STDERR  ] 2018-04-20T19:26:18.194831337Z: [    0.659091] ACPI: PCI Interrupt Link [LNKE] (IRQs 5 *10 11)
[STDERR  ] 2018-04-20T19:26:18.194838946Z: [    0.662156] ACPI: PCI Interrupt Link [LNKF] (IRQs 5 *10 11)
[STDERR  ] 2018-04-20T19:26:18.194846834Z: [    0.672131] ACPI: PCI Interrupt Link [LNKG] (IRQs 5 10 *11)
[STDERR  ] 2018-04-20T19:26:18.194858466Z: [    0.680140] ACPI: PCI Interrupt Link [LNKH] (IRQs 5 10 *11)
[STDERR  ] 2018-04-20T19:26:18.194866484Z: [    0.686618] ACPI: PCI Interrupt Link [GSIA] (IRQs *16)
[STDERR  ] 2018-04-20T19:26:18.194874190Z: [    0.690987] ACPI: PCI Interrupt Link [GSIB] (IRQs *17)
[STDERR  ] 2018-04-20T19:26:18.194882393Z: [    0.695933] ACPI: PCI Interrupt Link [GSIC] (IRQs *18)
[STDERR  ] 2018-04-20T19:26:18.194890084Z: [    0.700938] ACPI: PCI Interrupt Link [GSID] (IRQs *19)
[STDERR  ] 2018-04-20T19:26:18.194897759Z: [    0.705884] ACPI: PCI Interrupt Link [GSIE] (IRQs *20)
[STDERR  ] 2018-04-20T19:26:18.194907654Z: [    0.710952] ACPI: PCI Interrupt Link [GSIF] (IRQs *21)
[STDERR  ] 2018-04-20T19:26:18.194915679Z: [    0.716070] ACPI: PCI Interrupt Link [GSIG] (IRQs *22)
[STDERR  ] 2018-04-20T19:26:18.194923168Z: [    0.720932] ACPI: PCI Interrupt Link [GSIH] (IRQs *23)
[STDERR  ] 2018-04-20T19:26:18.194930695Z: [    0.726260] ACPI: Enabled 1 GPEs in block 00 to 3F
[STDERR  ] 2018-04-20T19:26:18.194938332Z: [    0.730725] SCSI subsystem initialized
[STDERR  ] 2018-04-20T19:26:18.194945986Z: [    0.734379] ACPI: bus type USB registered
[STDERR  ] 2018-04-20T19:26:18.194964473Z: [    0.740067] usbcore: registered new interface driver usbfs
[STDERR  ] 2018-04-20T19:26:18.194972194Z: [    0.744988] usbcore: registered new interface driver hub
[STDERR  ] 2018-04-20T19:26:18.194979772Z: [    0.750047] usbcore: registered new device driver usb
[STDERR  ] 2018-04-20T19:26:18.194987486Z: [    0.754583] pps_core: LinuxPPS API ver. 1 registered
[STDERR  ] 2018-04-20T19:26:18.194995154Z: [    0.760009] pps_core: Software ver. 5.3.6 - Copyright 2005-2007 Rodolfo Giometti <giometti@linux.it>
[STDERR  ] 2018-04-20T19:26:18.195006727Z: [    0.768228] PTP clock support registered
[STDERR  ] 2018-04-20T19:26:18.195014420Z: [    0.770092] wmi: Mapper loaded
[STDERR  ] 2018-04-20T19:26:18.195022605Z: [    0.772996] PCI: Using ACPI for IRQ routing
[STDERR  ] 2018-04-20T19:26:18.195030380Z: [    1.125218] NetLabel: Initializing
[STDERR  ] 2018-04-20T19:26:18.195037978Z: [    1.128468] NetLabel:  domain hash size = 128
[STDERR  ] 2018-04-20T19:26:18.195045705Z: [    1.130009] NetLabel:  protocols = UNLABELED CIPSOv4
[STDERR  ] 2018-04-20T19:26:18.195056071Z: [    1.134512] NetLabel:  unlabeled traffic allowed by default
[STDERR  ] 2018-04-20T19:26:18.195066202Z: [    1.140159] HPET: 3 timers in total, 0 timers will be used for per-cpu timer
[STDERR  ] 2018-04-20T19:26:18.195077533Z: [    1.146564] hpet0: at MMIO 0xfed00000, IRQs 2, 8, 0
[STDERR  ] 2018-04-20T19:26:18.195085727Z: [    1.151292] hpet0: 3 comparators, 64-bit 100.000000 MHz counter
[STDERR  ] 2018-04-20T19:26:18.195095944Z: [    1.161183] clocksource: Switched to clocksource kvm-clock
[STDERR  ] 2018-04-20T19:26:18.195103940Z: [    1.178593] VFS: Disk quotas dquot_6.6.0
[STDERR  ] 2018-04-20T19:26:18.195112018Z: [    1.182749] VFS: Dquot-cache hash table entries: 512 (order 0, 4096 bytes)
[STDERR  ] 2018-04-20T19:26:18.195119913Z: [    1.189266] FS-Cache: Loaded
[STDERR  ] 2018-04-20T19:26:18.195127671Z: [    1.192174] CacheFiles: Loaded
[STDERR  ] 2018-04-20T19:26:18.195135501Z: [    1.195058] pnp: PnP ACPI init
[STDERR  ] 2018-04-20T19:26:18.195143153Z: [    1.198865] pnp: PnP ACPI: found 5 devices
[STDERR  ] 2018-04-20T19:26:18.195153774Z: [    1.209410] clocksource: acpi_pm: mask: 0xffffff max_cycles: 0xffffff, max_idle_ns: 2085701024 ns
[STDERR  ] 2018-04-20T19:26:18.195161705Z: [    1.217708] NET: Registered protocol family 2
[STDERR  ] 2018-04-20T19:26:18.195169173Z: [    1.221957] TCP established hash table entries: 8192 (order: 4, 65536 bytes)
[STDERR  ] 2018-04-20T19:26:18.195176869Z: [    1.228359] TCP bind hash table entries: 8192 (order: 5, 131072 bytes)
[STDERR  ] 2018-04-20T19:26:18.195184585Z: [    1.234342] TCP: Hash tables configured (established 8192 bind 8192)
[STDERR  ] 2018-04-20T19:26:18.195192371Z: [    1.240822] UDP hash table entries: 512 (order: 2, 16384 bytes)
[STDERR  ] 2018-04-20T19:26:18.195200098Z: [    1.246220] UDP-Lite hash table entries: 512 (order: 2, 16384 bytes)
[STDERR  ] 2018-04-20T19:26:18.195212571Z: [    1.252134] NET: Registered protocol family 1
[STDERR  ] 2018-04-20T19:26:18.195220500Z: [    1.256337] pci 0000:00:01.0: Video device with shadowed ROM at [mem 0x000c0000-0x000dffff]
[STDERR  ] 2018-04-20T19:26:18.195228464Z: [    1.264183] Unpacking initramfs...
[STDERR  ] 2018-04-20T19:26:18.195236014Z: [    1.816985] Freeing initrd memory: 31524K (ffff8a1d7e107000 - ffff8a1d7ffd0000)
[STDERR  ] 2018-04-20T19:26:18.195243704Z: [    1.824747] PCLMULQDQ-NI instructions are not detected.
[STDERR  ] 2018-04-20T19:26:18.195253322Z: [    1.829631] AVX or AES-NI instructions are not detected.
[STDERR  ] 2018-04-20T19:26:18.195261347Z: [    1.834535] CPU feature 'AVX registers' is not supported.
[STDERR  ] 2018-04-20T19:26:18.195269118Z: [    1.839358] CPU feature 'AVX registers' is not supported.
[STDERR  ] 2018-04-20T19:26:18.195279836Z: [    1.844242] CPU feature 'AVX registers' is not supported.
[STDERR  ] 2018-04-20T19:26:18.195287667Z: [    1.849202] CPU feature 'AVX registers' is not supported.
[STDERR  ] 2018-04-20T19:26:18.195295467Z: [    1.854070] AVX2 or AES-NI instructions are not detected.
[STDERR  ] 2018-04-20T19:26:18.195303261Z: [    1.858847] AVX2 instructions are not detected.
[STDERR  ] 2018-04-20T19:26:18.195315861Z: [    1.863394] audit: initializing netlink subsys (disabled)
[STDERR  ] 2018-04-20T19:26:18.195324091Z: [    1.868279] audit: type=2000 audit(1524252363.554:1): initialized
[STDERR  ] 2018-04-20T19:26:18.195331907Z: [    1.874310] workingset: timestamp_bits=46 max_order=18 bucket_order=0
[STDERR  ] 2018-04-20T19:26:18.195339901Z: [    1.881383] FS-Cache: Netfs 'cifs' registered for caching
[STDERR  ] 2018-04-20T19:26:18.195349980Z: [    1.886322] fuse init (API version 7.26)
[STDERR  ] 2018-04-20T19:26:18.195359513Z: [    1.889983] SGI XFS with ACLs, security attributes, no debug enabled
[STDERR  ] 2018-04-20T19:26:18.195372640Z: [    1.895968] 9p: Installing v9fs 9p2000 file system support
[STDERR  ] 2018-04-20T19:26:18.195388549Z: [    1.900928] FS-Cache: Netfs '9p' registered for caching
[STDERR  ] 2018-04-20T19:26:18.195401835Z: [    1.906498] NET: Registered protocol family 38
[STDERR  ] 2018-04-20T19:26:18.195414633Z: [    1.910710] Key type asymmetric registered
[STDERR  ] 2018-04-20T19:26:18.195426821Z: [    1.914357] Asymmetric key parser 'x509' registered
[STDERR  ] 2018-04-20T19:26:18.195449704Z: [    1.918770] Block layer SCSI generic (bsg) driver version 0.4 loaded (major 251)
[STDERR  ] 2018-04-20T19:26:18.195471364Z: [    1.925482] io scheduler noop registered
[STDERR  ] 2018-04-20T19:26:18.195484135Z: [    1.929030] io scheduler deadline registered (default)
[STDERR  ] 2018-04-20T19:26:18.195492184Z: [    1.933932] io scheduler cfq registered
[STDERR  ] 2018-04-20T19:26:18.195500306Z: [    1.937543] pci_hotplug: PCI Hot Plug PCI Core version: 0.5
[STDERR  ] 2018-04-20T19:26:18.195507956Z: [    1.942738] pciehp: PCI Express Hot Plug Controller Driver version: 0.4
[STDERR  ] 2018-04-20T19:26:18.195515848Z: [    1.948731] shpchp: Standard Hot Plug PCI Controller Driver version: 0.4
[STDERR  ] 2018-04-20T19:26:18.195523542Z: [    1.954848] hv_vmbus: registering driver hyperv_fb
[STDERR  ] 2018-04-20T19:26:18.195531397Z: [    1.959306] input: Power Button as /devices/LNXSYSTM:00/LNXPWRBN:00/input/input0
[STDERR  ] 2018-04-20T19:26:18.195539225Z: [    1.965923] ACPI: Power Button [PWRF]
[STDERR  ] 2018-04-20T19:26:18.195548048Z: [    1.969615] GHES: HEST is not enabled!
[STDERR  ] 2018-04-20T19:26:18.195560883Z: [    1.973475] ACPI: PCI Interrupt Link [GSIG] enabled at IRQ 22
[STDERR  ] 2018-04-20T19:26:18.195574863Z: [    1.984050] ACPI: PCI Interrupt Link [GSIH] enabled at IRQ 23
[STDERR  ] 2018-04-20T19:26:18.195588814Z: [    1.994640] xenfs: not registering filesystem on non-xen platform
[STDERR  ] 2018-04-20T19:26:18.195602134Z: [    2.000332] Serial: 8250/16550 driver, 4 ports, IRQ sharing disabled
[STDERR  ] 2018-04-20T19:26:18.195610536Z: [    2.038616] 00:04: ttyS0 at I/O 0x3f8 (irq = 4, base_baud = 115200) is a 16550A
[STDERR  ] 2018-04-20T19:26:18.195623248Z: [    2.046656] Non-volatile memory driver v1.3
[STDERR  ] 2018-04-20T19:26:18.195631106Z: [    2.051925] Hangcheck: starting hangcheck timer 0.9.1 (tick is 180 seconds, margin is 60 seconds).
[STDERR  ] 2018-04-20T19:26:18.195639359Z: [    2.060389] random: fast init done
[STDERR  ] 2018-04-20T19:26:18.195653617Z: [    2.064031] random: crng init done
[STDERR  ] 2018-04-20T19:26:18.195666132Z: [    2.068920] loop: module loaded
[STDERR  ] 2018-04-20T19:26:18.195678883Z: [    2.072681] nbd: registered device at major 43
[STDERR  ] 2018-04-20T19:26:18.195691355Z: [    2.078359] lpc_ich 0000:00:1f.0: I/O space for GPIO uninitialized
[STDERR  ] 2018-04-20T19:26:18.195705556Z: [    2.084212] VMware PVSCSI driver - version 1.0.7.0-k
[STDERR  ] 2018-04-20T19:26:18.195719263Z: [    2.088701] hv_vmbus: registering driver hv_storvsc
[STDERR  ] 2018-04-20T19:26:18.195730603Z: [    2.093707] ACPI: PCI Interrupt Link [GSIA] enabled at IRQ 16
[STDERR  ] 2018-04-20T19:26:18.195741161Z: [    2.101632] ahci 0000:00:1f.2: AHCI 0001.0000 32 slots 6 ports 1.5 Gbps 0x3f impl SATA mode
[STDERR  ] 2018-04-20T19:26:18.195749492Z: [    2.109073] ahci 0000:00:1f.2: flags: 64bit ncq only 
[STDERR  ] 2018-04-20T19:26:18.195757230Z: [    2.116898] scsi host0: ahci
[STDERR  ] 2018-04-20T19:26:18.195765102Z: [    2.119838] scsi host1: ahci
[STDERR  ] 2018-04-20T19:26:18.195775452Z: [    2.122673] scsi host2: ahci
[STDERR  ] 2018-04-20T19:26:18.195783235Z: [    2.125633] scsi host3: ahci
[STDERR  ] 2018-04-20T19:26:18.195790935Z: [    2.128407] scsi host4: ahci
[STDERR  ] 2018-04-20T19:26:18.195800977Z: [    2.131393] scsi host5: ahci
[STDERR  ] 2018-04-20T19:26:18.195808702Z: [    2.134313] ata1: SATA max UDMA/133 abar m4096@0xfebd2000 port 0xfebd2100 irq 24
[STDERR  ] 2018-04-20T19:26:18.195816583Z: [    2.141311] ata2: SATA max UDMA/133 abar m4096@0xfebd2000 port 0xfebd2180 irq 24
[STDERR  ] 2018-04-20T19:26:18.195824228Z: [    2.148025] ata3: SATA max UDMA/133 abar m4096@0xfebd2000 port 0xfebd2200 irq 24
[STDERR  ] 2018-04-20T19:26:18.195831836Z: [    2.155147] ata4: SATA max UDMA/133 abar m4096@0xfebd2000 port 0xfebd2280 irq 24
[STDERR  ] 2018-04-20T19:26:18.195841616Z: [    2.161953] ata5: SATA max UDMA/133 abar m4096@0xfebd2000 port 0xfebd2300 irq 24
[STDERR  ] 2018-04-20T19:26:18.195849397Z: [    2.168536] ata6: SATA max UDMA/133 abar m4096@0xfebd2000 port 0xfebd2380 irq 24
[STDERR  ] 2018-04-20T19:26:18.195861242Z: [    2.177564] tun: Universal TUN/TAP device driver, 1.6
[STDERR  ] 2018-04-20T19:26:18.195869243Z: [    2.182270] tun: (C) 1999-2004 Max Krasnyansky <maxk@qualcomm.com>
[STDERR  ] 2018-04-20T19:26:18.195886088Z: [    2.191690] VMware vmxnet3 virtual NIC driver - version 1.4.a.0-k-NAPI
[STDERR  ] 2018-04-20T19:26:18.196013063Z: [    2.197559] hv_vmbus: registering driver hv_netvsc
[STDERR  ] 2018-04-20T19:26:18.196032866Z: [    2.201945] Fusion MPT base driver 3.04.20
[STDERR  ] 2018-04-20T19:26:18.196042060Z: [    2.205628] Copyright (c) 1999-2008 LSI Corporation
[STDERR  ] 2018-04-20T19:26:18.196051137Z: [    2.209975] Fusion MPT SPI Host driver 3.04.20
[STDERR  ] 2018-04-20T19:26:18.196059706Z: [    2.214148] i8042: PNP: PS/2 Controller [PNP0303:KBD,PNP0f13:MOU] at 0x60,0x64 irq 1,12
[STDERR  ] 2018-04-20T19:26:18.196076683Z: [    2.224346] serio: i8042 KBD port at 0x60,0x64 irq 1
[STDERR  ] 2018-04-20T19:26:18.196086558Z: [    2.228908] serio: i8042 AUX port at 0x60,0x64 irq 12
[STDERR  ] 2018-04-20T19:26:18.196095156Z: [    2.233743] hv_vmbus: registering driver hyperv_keyboard
[STDERR  ] 2018-04-20T19:26:18.196104077Z: [    2.238721] mousedev: PS/2 mouse device common for all mice
[STDERR  ] 2018-04-20T19:26:18.196112680Z: [    2.245108] input: AT Translated Set 2 keyboard as /devices/platform/i8042/serio0/input/input1
[STDERR  ] 2018-04-20T19:26:18.196122064Z: [    2.253129] input: PC Speaker as /devices/platform/pcspkr/input/input2
[STDERR  ] 2018-04-20T19:26:18.196241060Z: [    2.260215] rtc_cmos 00:00: RTC can wake from S4
[STDERR  ] 2018-04-20T19:26:18.196267544Z: [    2.265895] rtc_cmos 00:00: rtc core: registered rtc_cmos as rtc0
[STDERR  ] 2018-04-20T19:26:18.196276326Z: [    2.272442] rtc_cmos 00:00: alarms up to one day, y3k, 114 bytes nvram, hpet irqs
[STDERR  ] 2018-04-20T19:26:18.196286586Z: [    2.279322] i2c /dev entries driver
[STDERR  ] 2018-04-20T19:26:18.196295237Z: [    2.282682] device-mapper: ioctl: 4.35.0-ioctl (2016-06-23) initialised: dm-devel@redhat.com
[STDERR  ] 2018-04-20T19:26:18.196304515Z: [    2.291229] usbcore: registered new interface driver usbhid
[STDERR  ] 2018-04-20T19:26:18.196313553Z: [    2.296313] usbhid: USB HID core driver
[STDERR  ] 2018-04-20T19:26:18.196321889Z: [    2.299982] hv_utils: Registering HyperV Utility Driver
[STDERR  ] 2018-04-20T19:26:18.196330617Z: [    2.304785] hv_vmbus: registering driver hv_util
[STDERR  ] 2018-04-20T19:26:18.196338627Z: [    2.309042] hv_vmbus: registering driver hv_balloon
[STDERR  ] 2018-04-20T19:26:18.196353546Z: [    2.313519] oprofile: using NMI interrupt.
[STDERR  ] 2018-04-20T19:26:18.196362743Z: [    2.317263] GACT probability on
[STDERR  ] 2018-04-20T19:26:18.196371317Z: [    2.320450] Mirror/redirect action on
[STDERR  ] 2018-04-20T19:26:18.196379395Z: [    2.323942] Simple TC action Loaded
[STDERR  ] 2018-04-20T19:26:18.196387800Z: [    2.327077] u32 classifier
[STDERR  ] 2018-04-20T19:26:18.196396486Z: [    2.329583]     Performance counters on
[STDERR  ] 2018-04-20T19:26:18.196453896Z: [    2.333180]     input device check on
[STDERR  ] 2018-04-20T19:26:18.196484391Z: [    2.336483]     Actions configured
[STDERR  ] 2018-04-20T19:26:18.196505781Z: [    2.339527] Netfilter messages via NETLINK v0.30.
[STDERR  ] 2018-04-20T19:26:18.196525656Z: [    2.343899] nfnl_acct: registering with nfnetlink.
[STDERR  ] 2018-04-20T19:26:18.196545848Z: [    2.348199] nf_conntrack version 0.5.0 (8192 buckets, 32768 max)
[STDERR  ] 2018-04-20T19:26:18.196566299Z: [    2.353834] ctnetlink v0.93: registering with nfnetlink.
[STDERR  ] 2018-04-20T19:26:18.196586604Z: [    2.358739] nf_tables: (c) 2007-2009 Patrick McHardy <kaber@trash.net>
[STDERR  ] 2018-04-20T19:26:18.196607938Z: [    2.364951] nf_tables_compat: (c) 2012 Pablo Neira Ayuso <pablo@netfilter.org>
[STDERR  ] 2018-04-20T19:26:18.196641710Z: [    2.371624] xt_time: kernel timezone is -0000
[STDERR  ] 2018-04-20T19:26:18.196663339Z: [    2.375581] ip_set: protocol 6
[STDERR  ] 2018-04-20T19:26:18.196683597Z: [    2.378389] IPVS: Registered protocols (TCP, UDP, SCTP, AH, ESP)
[STDERR  ] 2018-04-20T19:26:18.196710023Z: [    2.383978] IPVS: Connection hash table configured (size=4096, memory=64Kbytes)
[STDERR  ] 2018-04-20T19:26:18.196741497Z: [    2.390796] IPVS: Creating netns size=2104 id=0
[STDERR  ] 2018-04-20T19:26:18.196765005Z: [    2.395712] IPVS: ipvs loaded.
[STDERR  ] 2018-04-20T19:26:18.196785499Z: [    2.398618] IPVS: [rr] scheduler registered.
[STDERR  ] 2018-04-20T19:26:18.196805352Z: [    2.402828] IPVS: [wrr] scheduler registered.
[STDERR  ] 2018-04-20T19:26:18.196825527Z: [    2.406880] IPVS: [lc] scheduler registered.
[STDERR  ] 2018-04-20T19:26:18.196844799Z: [    2.410892] IPVS: [wlc] scheduler registered.
[STDERR  ] 2018-04-20T19:26:18.196864539Z: [    2.414978] IPVS: [fo] scheduler registered.
[STDERR  ] 2018-04-20T19:26:18.196887470Z: [    2.419027] IPVS: [ovf] scheduler registered.
[STDERR  ] 2018-04-20T19:26:18.196906925Z: [    2.423103] IPVS: [lblc] scheduler registered.
[STDERR  ] 2018-04-20T19:26:18.196927970Z: [    2.427330] IPVS: [lblcr] scheduler registered.
[STDERR  ] 2018-04-20T19:26:18.196947721Z: [    2.431548] IPVS: [dh] scheduler registered.
[STDERR  ] 2018-04-20T19:26:18.196971570Z: [    2.435667] IPVS: [sh] scheduler registered.
[STDERR  ] 2018-04-20T19:26:18.196992601Z: [    2.439679] IPVS: [sed] scheduler registered.
[STDERR  ] 2018-04-20T19:26:18.197011999Z: [    2.443790] IPVS: [nq] scheduler registered.
[STDERR  ] 2018-04-20T19:26:18.197031669Z: [    2.447896] IPVS: ftp: loaded support on port[0] = 21
[STDERR  ] 2018-04-20T19:26:18.197050031Z: [    2.452707] ipip: IPv4 and MPLS over IPv4 tunneling driver
[STDERR  ] 2018-04-20T19:26:18.197078288Z: [    2.458003] gre: GRE over IPv4 demultiplexor driver
[STDERR  ] 2018-04-20T19:26:18.197098465Z: [    2.462790] ip_tables: (C) 2000-2006 Netfilter Core Team
[STDERR  ] 2018-04-20T19:26:18.197117806Z: [    2.467900] ipt_CLUSTERIP: ClusterIP Version 0.8 loaded successfully
[STDERR  ] 2018-04-20T19:26:18.197139184Z: [    2.473807] arp_tables: arp_tables: (C) 2002 David S. Miller
[STDERR  ] 2018-04-20T19:26:18.197158804Z: [    2.479236] NET: Registered protocol family 10
[STDERR  ] 2018-04-20T19:26:18.197178853Z: [    2.483561] ip6_tables: (C) 2000-2006 Netfilter Core Team
[STDERR  ] 2018-04-20T19:26:18.197198475Z: [    2.489220] NET: Registered protocol family 17
[STDERR  ] 2018-04-20T19:26:18.197221719Z: [    2.493312] Bridge firewalling registered
[STDERR  ] 2018-04-20T19:26:18.197245646Z: [    2.497190] Ebtables v2.0 registered
[STDERR  ] 2018-04-20T19:26:18.197265497Z: [    2.500883] 8021q: 802.1Q VLAN Support v1.8
[STDERR  ] 2018-04-20T19:26:18.197283633Z: [    2.505198] ata2: SATA link down (SStatus 0 SControl 300)
[STDERR  ] 2018-04-20T19:26:18.197309445Z: [    2.510716] ata1: SATA link up 1.5 Gbps (SStatus 113 SControl 300)
[STDERR  ] 2018-04-20T19:26:18.197333786Z: [    2.516646] ata1.00: ATA-7: QEMU HARDDISK, 2.5+, max UDMA/100
[STDERR  ] 2018-04-20T19:26:18.197359040Z: [    2.521782] ata1.00: 1048576 sectors, multi 16: LBA48 NCQ (depth 31/32)
[STDERR  ] 2018-04-20T19:26:18.197411445Z: [    2.527652] ata1.00: applying bridge limits
[STDERR  ] 2018-04-20T19:26:18.197678176Z: [    2.532238] ata6: SATA link down (SStatus 0 SControl 300)
[STDERR  ] 2018-04-20T19:26:18.197704886Z: [    2.537668] ata5: SATA link down (SStatus 0 SControl 300)
[STDERR  ] 2018-04-20T19:26:18.197719672Z: [    2.543249] ata4: SATA link down (SStatus 0 SControl 300)
[STDERR  ] 2018-04-20T19:26:18.197728329Z: [    2.548831] ata3: SATA link up 1.5 Gbps (SStatus 113 SControl 300)
[STDERR  ] 2018-04-20T19:26:18.197780605Z: [    2.554836] 9pnet: Installing 9P2000 support
[STDERR  ] 2018-04-20T19:26:18.197789409Z: [    2.558853] Key type dns_resolver registered
[STDERR  ] 2018-04-20T19:26:18.197801012Z: [    2.562803] ata3.00: ATAPI: QEMU DVD-ROM, 2.5+, max UDMA/100
[STDERR  ] 2018-04-20T19:26:18.197822286Z: [    2.567869] ata3.00: applying bridge limits
[STDERR  ] 2018-04-20T19:26:18.197831090Z: [    2.572242] microcode: sig=0x663, pf=0x1, revision=0x1
[STDERR  ] 2018-04-20T19:26:18.197842820Z: [    2.577324] ata3.00: configured for UDMA/100
[STDERR  ] 2018-04-20T19:26:18.197857801Z: [    2.581617] microcode: Microcode Update Driver: v2.01 <tigran@aivazian.fsnet.co.uk>, Peter Oruba
[STDERR  ] 2018-04-20T19:26:18.197875116Z: [    2.590418] ata1.00: configured for UDMA/100
[STDERR  ] 2018-04-20T19:26:18.197886649Z: [    2.594618] registered taskstats version 1
[STDERR  ] 2018-04-20T19:26:18.197897700Z: [    2.598595] scsi 0:0:0:0: Direct-Access     ATA      QEMU HARDDISK    2.5+ PQ: 0 ANSI: 5
[STDERR  ] 2018-04-20T19:26:18.197912689Z: [    2.608923] sd 0:0:0:0: [sda] 1048576 512-byte logical blocks: (537 MB/512 MiB)
[STDERR  ] 2018-04-20T19:26:18.197924501Z: [    2.615919] sd 0:0:0:0: Attached scsi generic sg0 type 0
[STDERR  ] 2018-04-20T19:26:18.197937330Z: [    2.621000] sd 0:0:0:0: [sda] Write Protect is off
[STDERR  ] 2018-04-20T19:26:18.197945546Z: [    2.626931] scsi 2:0:0:0: CD-ROM            QEMU     QEMU DVD-ROM     2.5+ PQ: 0 ANSI: 5
[STDERR  ] 2018-04-20T19:26:18.197956745Z: [    2.635536] sd 0:0:0:0: [sda] Write cache: enabled, read cache: enabled, doesn't support DPO or FUA
[STDERR  ] 2018-04-20T19:26:18.197966227Z: [    2.644048] Key type big_key registered
[STDERR  ] 2018-04-20T19:26:18.197974052Z: [    2.651464] Key type encrypted registered
[STDERR  ] 2018-04-20T19:26:18.197981779Z: [    2.657332] rtc_cmos 00:00: setting system clock to 2018-04-20 19:26:05 UTC (1524252365)
[STDERR  ] 2018-04-20T19:26:18.197989970Z: [    2.664906] sd 0:0:0:0: [sda] Attached SCSI disk
[STDERR  ] 2018-04-20T19:26:18.197997666Z: [    2.670958] sr 2:0:0:0: [sr0] scsi3-mmc drive: 4x/4x cd/rw xa/form2 tray
[STDERR  ] 2018-04-20T19:26:18.198015098Z: [    2.677110] cdrom: Uniform CD-ROM driver Revision: 3.20
[STDERR  ] 2018-04-20T19:26:18.198023794Z: [    2.682943] sr 2:0:0:0: Attached scsi generic sg1 type 5
[STDERR  ] 2018-04-20T19:26:18.198031752Z: [    2.689821] Freeing unused kernel memory: 1380K (ffffffff92d57000 - ffffffff92eb0000)
[STDERR  ] 2018-04-20T19:26:18.198040283Z: [    2.697025] Write protecting the kernel read-only data: 12288k
[STDERR  ] 2018-04-20T19:26:18.198052198Z: [    2.702649] Freeing unused kernel memory: 152K (ffff8a1d667da000 - ffff8a1d66800000)
[STDERR  ] 2018-04-20T19:26:18.198064361Z: [    2.713453] Freeing unused kernel memory: 1400K (ffff8a1d66aa2000 - ffff8a1d66c00000)
[STDERR  ] 2018-04-20T19:26:18.198079950Z: [    2.880289] clocksource: tsc: mask: 0xffffffffffffffff max_cycles: 0x212735223b2, max_idle_ns: 440795277976 ns
[STDERR  ] 2018-04-20T19:26:18.198092437Z: 
[STDERR  ] 2018-04-20T19:26:18.198101333Z: Welcome to LinuxKit
[STDERR  ] 2018-04-20T19:26:18.198110520Z: 
[STDERR  ] 2018-04-20T19:26:18.198126101Z:                         ##         .
[STDERR  ] 2018-04-20T19:26:18.198143093Z:                   ## ## ##        ==
[STDERR  ] 2018-04-20T19:26:18.198157207Z:                ## ## ## ## ##    ===
[STDERR  ] 2018-04-20T19:26:18.198168613Z:            /"""""""""""""""""\___/ ===
[STDERR  ] 2018-04-20T19:26:18.198176926Z:           {                       /  ===-
[STDERR  ] 2018-04-20T19:26:18.198185507Z:            \______ O           __/
[STDERR  ] 2018-04-20T19:26:18.198197708Z:              \    \         __/
[STDERR  ] 2018-04-20T19:26:18.198209833Z:               \____\_______/
[STDERR  ] 2018-04-20T19:26:18.198221301Z: 
[STDERR  ] 2018-04-20T19:26:18.198230253Z: [    3.164974] IPVS: Creating netns size=2104 id=1
[STDERR  ] 2018-04-20T19:26:18.198241479Z: [    3.169369] IPVS: ftp: loaded support on port[0] = 21
[STDERR  ] 2018-04-20T19:26:18.198253773Z: [    3.257528]  sda:
[STDERR  ] 2018-04-20T19:26:18.198262319Z: [    3.271202]  sda:
[STDERR  ] 2018-04-20T19:26:18.198274355Z: [    3.287079]  sda: sda1
[STDERR  ] 2018-04-20T19:26:18.198286457Z: [    3.294110]  sda: sda1
[STDERR  ] 2018-04-20T19:26:18.198294602Z: 2018/04/20 19:26:05 Creating partition on /dev/sda
[STDERR  ] 2018-04-20T19:26:18.198305971Z: 2018/04/20 19:26:06 Partition /dev/sda1 successfully created!
[STDERR  ] 2018-04-20T19:26:18.198320510Z: [    4.531058] IPVS: Creating netns size=2104 id=2
[STDERR  ] 2018-04-20T19:26:18.198336457Z: [    4.536233] IPVS: ftp: loaded support on port[0] = 21
[STDERR  ] 2018-04-20T19:26:18.198348587Z: [    4.567074] EXT4-fs (sda1): couldn't mount as ext3 due to feature incompatibilities
[STDERR  ] 2018-04-20T19:26:18.198369990Z: [    4.576455] EXT4-fs (sda1): couldn't mount as ext2 due to feature incompatibilities
[STDERR  ] 2018-04-20T19:26:18.198378455Z: [    4.591756] EXT4-fs (sda1): mounted filesystem with ordered data mode. Opts: (null)
[STDERR  ] 2018-04-20T19:26:18.198392919Z: format_mount test suite PASSED
[STDERR  ] 2018-04-20T19:26:18.198405273Z: [   15.036044] sd 0:0:0:0: [sda] Synchronizing SCSI cache
[STDERR  ] 2018-04-20T19:26:18.198417341Z: [   15.043574] sd 0:0:0:0: [sda] Stopping disk
[STDERR  ] 2018-04-20T19:26:18.198425497Z: [   15.048803] ACPI: Preparing to enter system sleep state S5
[STDERR  ] 2018-04-20T19:26:18.198436811Z: [   15.053251] reboot: Power down
[STDERR  ] 2018-04-20T19:26:18.198445327Z: + grep -q suite PASSED
[STDERR  ] 2018-04-20T19:26:18.198453286Z: + echo [    0.000000] Linux version 4.9.38-linuxkit (root@e1ede117fb1e) (gcc version 6.3.0 (Alpine 6.3.0) ) #1 SMP Thu Jul 20 16:07:02 UTC 2017
[STDERR  ] 2018-04-20T19:26:18.198466857Z: [    0.000000] Command line: console=ttyS0 console=ttyAMA0
[STDERR  ] 2018-04-20T19:26:18.198477873Z: [    0.000000] x86/fpu: Legacy x87 FPU detected.
[STDERR  ] 2018-04-20T19:26:18.198486261Z: [    0.000000] x86/fpu: Using 'eager' FPU context switches.
[STDERR  ] 2018-04-20T19:26:18.198497462Z: [    0.000000] e820: BIOS-provided physical RAM map:
[STDERR  ] 2018-04-20T19:26:18.198512287Z: [    0.000000] BIOS-e820: [mem 0x0000000000000000-0x000000000009fbff] usable
[STDERR  ] 2018-04-20T19:26:18.198528827Z: [    0.000000] BIOS-e820: [mem 0x000000000009fc00-0x000000000009ffff] reserved
[STDERR  ] 2018-04-20T19:26:18.198541227Z: [    0.000000] BIOS-e820: [mem 0x00000000000f0000-0x00000000000fffff] reserved
[STDERR  ] 2018-04-20T19:26:18.198552353Z: [    0.000000] BIOS-e820: [mem 0x0000000000100000-0x000000003ffdefff] usable
[STDERR  ] 2018-04-20T19:26:18.198560679Z: [    0.000000] BIOS-e820: [mem 0x000000003ffdf000-0x000000003fffffff] reserved
[STDERR  ] 2018-04-20T19:26:18.198571842Z: [    0.000000] BIOS-e820: [mem 0x00000000b0000000-0x00000000bfffffff] reserved
[STDERR  ] 2018-04-20T19:26:18.198583131Z: [    0.000000] BIOS-e820: [mem 0x00000000fed1c000-0x00000000fed1ffff] reserved
[STDERR  ] 2018-04-20T19:26:18.198598911Z: [    0.000000] BIOS-e820: [mem 0x00000000feffc000-0x00000000feffffff] reserved
[STDERR  ] 2018-04-20T19:26:18.198608823Z: [    0.000000] BIOS-e820: [mem 0x00000000fffc0000-0x00000000ffffffff] reserved
[STDERR  ] 2018-04-20T19:26:18.198619262Z: [    0.000000] NX (Execute Disable) protection: active
[STDERR  ] 2018-04-20T19:26:18.198631281Z: [    0.000000] SMBIOS 2.8 present.
[STDERR  ] 2018-04-20T19:26:18.198640641Z: [    0.000000] Hypervisor detected: KVM
[STDERR  ] 2018-04-20T19:26:18.198663785Z: [    0.000000] e820: last_pfn = 0x3ffdf max_arch_pfn = 0x400000000
[STDERR  ] 2018-04-20T19:26:18.198683114Z: [    0.000000] x86/PAT: PAT not supported by CPU.
[STDERR  ] 2018-04-20T19:26:18.198691858Z: [    0.000000] x86/PAT: Configuration [0-7]: WB  WT  UC- UC  WB  WT  UC- UC  
[STDERR  ] 2018-04-20T19:26:18.198703814Z: [    0.000000] found SMP MP-table at [mem 0x000f6aa0-0x000f6aaf] mapped at [ffff8a1d400f6aa0]
[STDERR  ] 2018-04-20T19:26:18.198712631Z: [    0.000000] RAMDISK: [mem 0x3e107000-0x3ffcffff]
[STDERR  ] 2018-04-20T19:26:18.198723594Z: [    0.000000] ACPI: Early table checksum verification disabled
[STDERR  ] 2018-04-20T19:26:18.198741820Z: [    0.000000] ACPI: RSDP 0x00000000000F68B0 000014 (v00 BOCHS )
[STDERR  ] 2018-04-20T19:26:18.198753529Z: [    0.000000] ACPI: RSDT 0x000000003FFE20A8 000034 (v01 BOCHS  BXPCRSDT 00000001 BXPC 00000001)
[STDERR  ] 2018-04-20T19:26:18.198761934Z: [    0.000000] ACPI: FACP 0x000000003FFE1EC8 0000F4 (v03 BOCHS  BXPCFACP 00000001 BXPC 00000001)
[STDERR  ] 2018-04-20T19:26:18.198771974Z: [    0.000000] ACPI: DSDT 0x000000003FFE0040 001E88 (v01 BOCHS  BXPCDSDT 00000001 BXPC 00000001)
[STDERR  ] 2018-04-20T19:26:18.198784334Z: [    0.000000] ACPI: FACS 0x000000003FFE0000 000040
[STDERR  ] 2018-04-20T19:26:18.198796325Z: [    0.000000] ACPI: APIC 0x000000003FFE1FBC 000078 (v01 BOCHS  BXPCAPIC 00000001 BXPC 00000001)
[STDERR  ] 2018-04-20T19:26:18.198804880Z: [    0.000000] ACPI: HPET 0x000000003FFE2034 000038 (v01 BOCHS  BXPCHPET 00000001 BXPC 00000001)
[STDERR  ] 2018-04-20T19:26:18.198816132Z: [    0.000000] ACPI: MCFG 0x000000003FFE206C 00003C (v01 BOCHS  BXPCMCFG 00000001 BXPC 00000001)
[STDERR  ] 2018-04-20T19:26:18.198824501Z: [    0.000000] kvm-clock: Using msrs 4b564d01 and 4b564d00
[STDERR  ] 2018-04-20T19:26:18.198835674Z: [    0.000000] kvm-clock: cpu 0, msr 0:3ffdd001, primary cpu clock
[STDERR  ] 2018-04-20T19:26:18.198844221Z: [    0.000000] clocksource: kvm-clock: mask: 0xffffffffffffffff max_cycles: 0x1cd42e4dffb, max_idle_ns: 881590591483 ns
[STDERR  ] 2018-04-20T19:26:18.198857196Z: [    0.000000] Zone ranges:
[STDERR  ] 2018-04-20T19:26:18.198870002Z: [    0.000000]   DMA      [mem 0x0000000000001000-0x0000000000ffffff]
[STDERR  ] 2018-04-20T19:26:18.198878278Z: [    0.000000]   DMA32    [mem 0x0000000001000000-0x000000003ffdefff]
[STDERR  ] 2018-04-20T19:26:18.198889529Z: [    0.000000]   Normal   empty
[STDERR  ] 2018-04-20T19:26:18.198900465Z: [    0.000000] Movable zone start for each node
[STDERR  ] 2018-04-20T19:26:18.198908738Z: [    0.000000] Early memory node ranges
[STDERR  ] 2018-04-20T19:26:18.198919620Z: [    0.000000]   node   0: [mem 0x0000000000001000-0x000000000009efff]
[STDERR  ] 2018-04-20T19:26:18.198931020Z: [    0.000000]   node   0: [mem 0x0000000000100000-0x000000003ffdefff]
[STDERR  ] 2018-04-20T19:26:18.198948203Z: [    0.000000] Initmem setup node 0 [mem 0x0000000000001000-0x000000003ffdefff]
[STDERR  ] 2018-04-20T19:26:18.198960516Z: [    0.000000] ACPI: PM-Timer IO Port: 0x608
[STDERR  ] 2018-04-20T19:26:18.198968823Z: [    0.000000] ACPI: LAPIC_NMI (acpi_id[0xff] dfl dfl lint[0x1])
[STDERR  ] 2018-04-20T19:26:18.198980678Z: [    0.000000] IOAPIC[0]: apic_id 0, version 17, address 0xfec00000, GSI 0-23
[STDERR  ] 2018-04-20T19:26:18.198991861Z: [    0.000000] ACPI: INT_SRC_OVR (bus 0 bus_irq 0 global_irq 2 dfl dfl)
[STDERR  ] 2018-04-20T19:26:18.199003354Z: [    0.000000] ACPI: INT_SRC_OVR (bus 0 bus_irq 5 global_irq 5 high level)
[STDERR  ] 2018-04-20T19:26:18.199014734Z: [    0.000000] ACPI: INT_SRC_OVR (bus 0 bus_irq 9 global_irq 9 high level)
[STDERR  ] 2018-04-20T19:26:18.199026203Z: [    0.000000] ACPI: INT_SRC_OVR (bus 0 bus_irq 10 global_irq 10 high level)
[STDERR  ] 2018-04-20T19:26:18.199034745Z: [    0.000000] ACPI: INT_SRC_OVR (bus 0 bus_irq 11 global_irq 11 high level)
[STDERR  ] 2018-04-20T19:26:18.199042820Z: [    0.000000] Using ACPI (MADT) for SMP configuration information
[STDERR  ] 2018-04-20T19:26:18.199057494Z: [    0.000000] ACPI: HPET id: 0x8086a201 base: 0xfed00000
[STDERR  ] 2018-04-20T19:26:18.199065843Z: [    0.000000] smpboot: Allowing 1 CPUs, 0 hotplug CPUs
[STDERR  ] 2018-04-20T19:26:18.199076822Z: [    0.000000] e820: [mem 0x40000000-0xafffffff] available for PCI devices
[STDERR  ] 2018-04-20T19:26:18.199085178Z: [    0.000000] Booting paravirtualized kernel on KVM
[STDERR  ] 2018-04-20T19:26:18.199093288Z: [    0.000000] clocksource: refined-jiffies: mask: 0xffffffff max_cycles: 0xffffffff, max_idle_ns: 19112604462750000 ns
[STDERR  ] 2018-04-20T19:26:18.199108809Z: [    0.000000] setup_percpu: NR_CPUS:128 nr_cpumask_bits:128 nr_cpu_ids:1 nr_node_ids:1
[STDERR  ] 2018-04-20T19:26:18.199117647Z: [    0.000000] percpu: Embedded 35 pages/cpu @ffff8a1d7de00000 s105176 r8192 d29992 u2097152
[STDERR  ] 2018-04-20T19:26:18.199129922Z: [    0.000000] KVM setup async PF for cpu 0
[STDERR  ] 2018-04-20T19:26:18.199149715Z: [    0.000000] kvm-stealtime: cpu 0, msr 3de0d580
[STDERR  ] 2018-04-20T19:26:18.199168182Z: [    0.000000] Built 1 zonelists in Zone order, mobility grouping on.  Total pages: 257896
[STDERR  ] 2018-04-20T19:26:18.199188855Z: [    0.000000] Kernel command line: console=ttyS0 console=ttyAMA0
[STDERR  ] 2018-04-20T19:26:18.199209212Z: [    0.000000] PID hash table entries: 4096 (order: 3, 32768 bytes)
[STDERR  ] 2018-04-20T19:26:18.199229766Z: [    0.000000] Dentry cache hash table entries: 131072 (order: 8, 1048576 bytes)
[STDERR  ] 2018-04-20T19:26:18.199249948Z: [    0.000000] Inode-cache hash table entries: 65536 (order: 7, 524288 bytes)
[STDERR  ] 2018-04-20T19:26:18.199271882Z: [    0.000000] Memory: 982640K/1048052K available (8026K kernel code, 1366K rwdata, 2696K rodata, 1380K init, 568K bss, 65412K reserved, 0K cma-reserved)
[STDERR  ] 2018-04-20T19:26:18.199286510Z: [    0.000000] Hierarchical RCU implementation.
[STDERR  ] 2018-04-20T19:26:18.199294948Z: [    0.000000] 	Build-time adjustment of leaf fanout to 64.
[STDERR  ] 2018-04-20T19:26:18.199306362Z: [    0.000000] 	RCU restricting CPUs from NR_CPUS=128 to nr_cpu_ids=1.
[STDERR  ] 2018-04-20T19:26:18.199320383Z: [    0.000000] RCU: Adjusting geometry for rcu_fanout_leaf=64, nr_cpu_ids=1
[STDERR  ] 2018-04-20T19:26:18.199328975Z: [    0.000000] NR_IRQS:8448 nr_irqs:256 16
[STDERR  ] 2018-04-20T19:26:18.199339995Z: [    0.000000] Console: colour VGA+ 80x25
[STDERR  ] 2018-04-20T19:26:18.199351446Z: [    0.000000] console [ttyS0] enabled
[STDERR  ] 2018-04-20T19:26:18.199364026Z: [    0.000000] clocksource: hpet: mask: 0xffffffff max_cycles: 0xffffffff, max_idle_ns: 19112604467 ns
[STDERR  ] 2018-04-20T19:26:18.199375542Z: [    0.000000] tsc: Detected 2300.000 MHz processor
[STDERR  ] 2018-04-20T19:26:18.199383661Z: [    0.020000] Calibrating delay loop (skipped) preset value.. 4600.00 BogoMIPS (lpj=23000000)
[STDERR  ] 2018-04-20T19:26:18.199400917Z: [    0.020031] pid_max: default: 32768 minimum: 301
[STDERR  ] 2018-04-20T19:26:18.199416584Z: [    0.024209] ACPI: Core revision 20160831
[STDERR  ] 2018-04-20T19:26:18.199427890Z: [    0.030591] ACPI: 1 ACPI AML tables successfully acquired and loaded
[STDERR  ] 2018-04-20T19:26:18.199439332Z: [    0.036640] Security Framework initialized
[STDERR  ] 2018-04-20T19:26:18.199447849Z: [    0.040027] Yama: becoming mindful.
[STDERR  ] 2018-04-20T19:26:18.199455746Z: [    0.043428] Mount-cache hash table entries: 2048 (order: 2, 16384 bytes)
[STDERR  ] 2018-04-20T19:26:18.199466879Z: [    0.050038] Mountpoint-cache hash table entries: 2048 (order: 2, 16384 bytes)
[STDERR  ] 2018-04-20T19:26:18.199477462Z: [    0.057467] CPU: Physical Processor ID: 0
[STDERR  ] 2018-04-20T19:26:18.199485348Z: [    0.060218] Last level iTLB entries: 4KB 0, 2MB 0, 4MB 0
[STDERR  ] 2018-04-20T19:26:18.199496755Z: [    0.065092] Last level dTLB entries: 4KB 0, 2MB 0, 4MB 0, 1GB 0
[STDERR  ] 2018-04-20T19:26:18.199505255Z: [    0.158912] Freeing SMP alternatives memory: 20K (ffffffff92eb0000 - ffffffff92eb5000)
[STDERR  ] 2018-04-20T19:26:18.199513789Z: [    0.190937] ftrace: allocating 35489 entries in 139 pages
[STDERR  ] 2018-04-20T19:26:18.199526755Z: [    0.210125] smpboot: Max logical packages: 1
[STDERR  ] 2018-04-20T19:26:18.199534755Z: [    0.216212] x2apic enabled
[STDERR  ] 2018-04-20T19:26:18.199542739Z: [    0.220022] Switched APIC routing to physical x2apic.
[STDERR  ] 2018-04-20T19:26:18.199550764Z: [    0.234687] ..TIMER: vector=0x30 apic1=0 pin1=2 apic2=-1 pin2=-1
[STDERR  ] 2018-04-20T19:26:18.199558955Z: [    0.240000] smpboot: CPU0: Intel QEMU Virtual CPU version 2.5+ (family: 0x6, model: 0x6, stepping: 0x3)
[STDERR  ] 2018-04-20T19:26:18.199569689Z: [    0.240000] Performance Events: PMU not available due to virtualization, using software events only.
[STDERR  ] 2018-04-20T19:26:18.199577757Z: [    0.250557] x86: Booted up 1 node, 1 CPUs
[STDERR  ] 2018-04-20T19:26:18.199586037Z: [    0.260009] smpboot: Total of 1 processors activated (4600.00 BogoMIPS)
[STDERR  ] 2018-04-20T19:26:18.199597455Z: [    0.267898] devtmpfs: initialized
[STDERR  ] 2018-04-20T19:26:18.199606132Z: [    0.270094] x86/mm: Memory block size: 128MB
[STDERR  ] 2018-04-20T19:26:18.199617103Z: [    0.277519] clocksource: jiffies: mask: 0xffffffff max_cycles: 0xffffffff, max_idle_ns: 19112604462750000 ns
[STDERR  ] 2018-04-20T19:26:18.199628677Z: [    0.280020] futex hash table entries: 256 (order: 2, 16384 bytes)
[STDERR  ] 2018-04-20T19:26:18.199652253Z: [    0.290228] NET: Registered protocol family 16
[STDERR  ] 2018-04-20T19:26:18.199673916Z: [    0.294514] cpuidle: using governor ladder
[STDERR  ] 2018-04-20T19:26:18.199686142Z: [    0.300012] cpuidle: using governor menu
[STDERR  ] 2018-04-20T19:26:18.199697545Z: [    0.304040] ACPI: bus type PCI registered
[STDERR  ] 2018-04-20T19:26:18.199709174Z: [    0.310440] PCI: MMCONFIG for domain 0000 [bus 00-ff] at [mem 0xb0000000-0xbfffffff] (base 0xb0000000)
[STDERR  ] 2018-04-20T19:26:18.199724384Z: [    0.318745] PCI: MMCONFIG at [mem 0xb0000000-0xbfffffff] reserved in E820
[STDERR  ] 2018-04-20T19:26:18.199738756Z: [    0.320029] PCI: Using configuration type 1 for base access
[STDERR  ] 2018-04-20T19:26:18.199751274Z: [    0.331573] HugeTLB registered 2 MB page size, pre-allocated 0 pages
[STDERR  ] 2018-04-20T19:26:18.199759527Z: [    0.337696] ACPI: Added _OSI(Module Device)
[STDERR  ] 2018-04-20T19:26:18.199771138Z: [    0.340011] ACPI: Added _OSI(Processor Device)
[STDERR  ] 2018-04-20T19:26:18.199782096Z: [    0.344188] ACPI: Added _OSI(3.0 _SCP Extensions)
[STDERR  ] 2018-04-20T19:26:18.199790316Z: [    0.350013] ACPI: Added _OSI(Processor Aggregator Device)
[STDERR  ] 2018-04-20T19:26:18.199805976Z: [    0.360188] ACPI: Interpreter enabled
[STDERR  ] 2018-04-20T19:26:18.199822889Z: [    0.363710] ACPI: (supports S0 S5)
[STDERR  ] 2018-04-20T19:26:18.199846063Z: [    0.366787] ACPI: Using IOAPIC for interrupt routing
[STDERR  ] 2018-04-20T19:26:18.199863978Z: [    0.370081] PCI: Using host bridge windows from ACPI; if necessary, use "pci=nocrs" and report a bug
[STDERR  ] 2018-04-20T19:26:18.199890665Z: [    0.382723] ACPI: PCI Root Bridge [PCI0] (domain 0000 [bus 00-ff])
[STDERR  ] 2018-04-20T19:26:18.199904362Z: [    0.388404] acpi PNP0A08:00: _OSC: OS supports [ExtendedConfig ASPM ClockPM Segments MSI]
[STDERR  ] 2018-04-20T19:26:18.199928847Z: [    0.390208] acpi PNP0A08:00: _OSC: OS now controls [PCIeHotplug PME PCIeCapability]
[STDERR  ] 2018-04-20T19:26:18.199949642Z: [    0.400102] PCI host bridge to bus 0000:00
[STDERR  ] 2018-04-20T19:26:18.199964383Z: [    0.404115] pci_bus 0000:00: root bus resource [io  0x0000-0x0cf7 window]
[STDERR  ] 2018-04-20T19:26:18.199977882Z: [    0.410014] pci_bus 0000:00: root bus resource [io  0x0d00-0xffff window]
[STDERR  ] 2018-04-20T19:26:18.199989558Z: [    0.420011] pci_bus 0000:00: root bus resource [mem 0x000a0000-0x000bffff window]
[STDERR  ] 2018-04-20T19:26:18.199997436Z: [    0.426587] pci_bus 0000:00: root bus resource [mem 0xc0000000-0xfebfffff window]
[STDERR  ] 2018-04-20T19:26:18.200005451Z: [    0.430014] pci_bus 0000:00: root bus resource [bus 00-ff]
[STDERR  ] 2018-04-20T19:26:18.200018318Z: [    0.565797] pci 0000:00:1f.0: quirk: [io  0x0600-0x067f] claimed by ICH6 ACPI/GPIO/TCO
[STDERR  ] 2018-04-20T19:26:18.200029838Z: [    0.630590] ACPI: PCI Interrupt Link [LNKA] (IRQs 5 *10 11)
[STDERR  ] 2018-04-20T19:26:18.200038411Z: [    0.638397] ACPI: PCI Interrupt Link [LNKB] (IRQs 5 *10 11)
[STDERR  ] 2018-04-20T19:26:18.200049478Z: [    0.642250] ACPI: PCI Interrupt Link [LNKC] (IRQs 5 10 *11)
[STDERR  ] 2018-04-20T19:26:18.200057844Z: [    0.652067] ACPI: PCI Interrupt Link [LNKD] (IRQs 5 10 *11)
[STDERR  ] 2018-04-20T19:26:18.200069170Z: [    0.659091] ACPI: PCI Interrupt Link [LNKE] (IRQs 5 *10 11)
[STDERR  ] 2018-04-20T19:26:18.200083671Z: [    0.662156] ACPI: PCI Interrupt Link [LNKF] (IRQs 5 *10 11)
[STDERR  ] 2018-04-20T19:26:18.200092414Z: [    0.672131] ACPI: PCI Interrupt Link [LNKG] (IRQs 5 10 *11)
[STDERR  ] 2018-04-20T19:26:18.200102596Z: [    0.680140] ACPI: PCI Interrupt Link [LNKH] (IRQs 5 10 *11)
[STDERR  ] 2018-04-20T19:26:18.200118436Z: [    0.686618] ACPI: PCI Interrupt Link [GSIA] (IRQs *16)
[STDERR  ] 2018-04-20T19:26:18.200126753Z: [    0.690987] ACPI: PCI Interrupt Link [GSIB] (IRQs *17)
[STDOUT  ] 2018-04-20T19:26:18.201896497Z: [    0.000000] Linux version 4.9.38-linuxkit (root@e1ede117fb1e) (gcc version 6.3.0 (Alpine 6.3.0) ) #1 SMP Thu Jul 20 16:07:02 UTC 2017
[STDOUT  ] 2018-04-20T19:26:18.202004978Z: [    0.000000] Command line: console=ttyS0 console=ttyAMA0
[STDOUT  ] 2018-04-20T19:26:18.202018908Z: [    0.000000] x86/fpu: Legacy x87 FPU detected.
[STDOUT  ] 2018-04-20T19:26:18.202030524Z: [    0.000000] x86/fpu: Using 'eager' FPU context switches.
[STDOUT  ] 2018-04-20T19:26:18.202041251Z: [    0.000000] e820: BIOS-provided physical RAM map:
[STDOUT  ] 2018-04-20T19:26:18.202052349Z: [    0.000000] BIOS-e820: [mem 0x0000000000000000-0x000000000009fbff] usable
[STDOUT  ] 2018-04-20T19:26:18.202062754Z: [    0.000000] BIOS-e820: [mem 0x000000000009fc00-0x000000000009ffff] reserved
[STDOUT  ] 2018-04-20T19:26:18.202071335Z: [    0.000000] BIOS-e820: [mem 0x00000000000f0000-0x00000000000fffff] reserved
[STDOUT  ] 2018-04-20T19:26:18.202078254Z: [    0.000000] BIOS-e820: [mem 0x0000000000100000-0x000000003ffdefff] usable
[STDOUT  ] 2018-04-20T19:26:18.202085664Z: [    0.000000] BIOS-e820: [mem 0x000000003ffdf000-0x000000003fffffff] reserved
[STDOUT  ] 2018-04-20T19:26:18.202095375Z: [    0.000000] BIOS-e820: [mem 0x00000000b0000000-0x00000000bfffffff] reserved
[STDOUT  ] 2018-04-20T19:26:18.202104629Z: [    0.000000] BIOS-e820: [mem 0x00000000fed1c000-0x00000000fed1ffff] reserved
[STDOUT  ] 2018-04-20T19:26:18.202112414Z: [    0.000000] BIOS-e820: [mem 0x00000000feffc000-0x00000000feffffff] reserved
[STDOUT  ] 2018-04-20T19:26:18.202118807Z: [    0.000000] BIOS-e820: [mem 0x00000000fffc0000-0x00000000ffffffff] reserved
[STDOUT  ] 2018-04-20T19:26:18.202125131Z: [    0.000000] NX (Execute Disable) protection: active
