[INFO    ] 2017-06-07T08:27:38.730643955Z: Running Test linuxkit.packages.binfmt in /tmp/build/test/cases/040_packages/002_binfmt
[INFO    ] 2017-06-07T08:27:38.730704998Z: Running command: [/bin/sh -x /tmp/build/test/cases/040_packages/002_binfmt/test.sh]
[STDERR  ] 2017-06-07T08:27:38.757300184Z: + set -e
[STDERR  ] 2017-06-07T08:27:38.757320527Z: + set -v
[STDERR  ] 2017-06-07T08:27:38.757336739Z: 
[STDERR  ] 2017-06-07T08:27:38.757343712Z: # Source libraries. Uncomment if needed/defined
[STDERR  ] 2017-06-07T08:27:38.757354687Z: #. "${RT_LIB}"
[STDERR  ] 2017-06-07T08:27:38.75736303Z: . "${RT_PROJECT_ROOT}/_lib/lib.sh"
[STDERR  ] 2017-06-07T08:27:38.757369097Z: + . /tmp/build/test/cases/_lib/lib.sh
[STDERR  ] 2017-06-07T08:27:38.75737497Z: #!/bin/sh
[STDERR  ] 2017-06-07T08:27:38.757381289Z: 
[STDERR  ] 2017-06-07T08:27:38.757384386Z: # Source the main regression test library if present
[STDERR  ] 2017-06-07T08:27:38.757390143Z: [ -f "${RT_LIB}" ] && . "${RT_LIB}"
[STDERR  ] 2017-06-07T08:27:38.757400216Z: + [ -f src/github.com/linuxkit/rtf/lib/lib.sh ]
[STDERR  ] 2017-06-07T08:27:38.757406084Z: 
[STDERR  ] 2017-06-07T08:27:38.757412054Z: # Temporary directory for tests to use.
[STDERR  ] 2017-06-07T08:27:38.757417946Z: LINUXKIT_TMPDIR="${RT_PROJECT_ROOT}/_tmp"
[STDERR  ] 2017-06-07T08:27:38.757426059Z: + LINUXKIT_TMPDIR=/tmp/build/test/cases/_tmp
[STDERR  ] 2017-06-07T08:27:38.757431942Z: 
[STDERR  ] 2017-06-07T08:27:38.757439334Z: # The top-level group.sh of the project creates a env.sh file
[STDERR  ] 2017-06-07T08:27:38.757445997Z: # containing environment variables for tests. Source it if present.
[STDERR  ] 2017-06-07T08:27:38.757451909Z: [ -f "${LINUXKIT_TMPDIR}/env.sh" ] && . "${LINUXKIT_TMPDIR}/env.sh"
[STDERR  ] 2017-06-07T08:27:38.75745784Z: + [ -f /tmp/build/test/cases/_tmp/env.sh ]
[STDERR  ] 2017-06-07T08:27:38.757463677Z: + . /tmp/build/test/cases/_tmp/env.sh
[STDERR  ] 2017-06-07T08:27:38.757469627Z: export LINUXKIT_EXAMPLES_DIR=/tmp/build/test/cases/../../examples
[STDERR  ] 2017-06-07T08:27:38.757475659Z: + export LINUXKIT_EXAMPLES_DIR=/tmp/build/test/cases/../../examples
[STDERR  ] 2017-06-07T08:27:38.757482373Z: 
[STDERR  ] 2017-06-07T08:27:38.757488324Z: # FIXME: Should source the rtf/lib/lib.sh instead
[STDERR  ] 2017-06-07T08:27:38.757507464Z: RT_CANCEL=253
[STDERR  ] 2017-06-07T08:27:38.757513379Z: + RT_CANCEL=253
[STDERR  ] 2017-06-07T08:27:38.757519072Z: 
[STDERR  ] 2017-06-07T08:27:38.757522014Z: clean_up() {
[STDERR  ] 2017-06-07T08:27:38.75753379Z: 	find . -iname "test-binfmt*" -not -iname "*.yml" -exec rm -rf {} \;
[STDERR  ] 2017-06-07T08:27:38.757537046Z: }
[STDERR  ] 2017-06-07T08:27:38.757546027Z: trap clean_up EXIT
[STDERR  ] 2017-06-07T08:27:38.757549219Z: + trap clean_up EXIT
[STDERR  ] 2017-06-07T08:27:38.757567619Z: 
[STDERR  ] 2017-06-07T08:27:38.757574368Z: # Test code goes here
[STDERR  ] 2017-06-07T08:27:38.757580887Z: moby build -output kernel+initrd test-binfmt
[STDERR  ] 2017-06-07T08:27:38.75758399Z: + moby build -output kernel+initrd test-binfmt
[STDERR  ] 2017-06-07T08:27:38.778377162Z: Pull kernel image: linuxkit/kernel:4.9.x
[STDERR  ] 2017-06-07T08:27:41.80661746Z: Extract kernel image: linuxkit/kernel:4.9.x
[STDERR  ] 2017-06-07T08:27:41.806636883Z: Pull image: linuxkit/kernel:4.9.x
[STDERR  ] 2017-06-07T08:27:45.201260199Z: Add init containers:
[STDERR  ] 2017-06-07T08:27:45.201304616Z: Process init image: linuxkit/init:1b8a7e394d2ec2f1fdb4d67645829d1b5bdca037
[STDERR  ] 2017-06-07T08:27:45.201328344Z: Pull image: linuxkit/init:1b8a7e394d2ec2f1fdb4d67645829d1b5bdca037
[STDERR  ] 2017-06-07T08:27:48.014251414Z: Process init image: linuxkit/runc:3a4e6cbf15470f62501b019b55e1caac5ee7689f
[STDERR  ] 2017-06-07T08:27:48.014292206Z: Pull image: linuxkit/runc:3a4e6cbf15470f62501b019b55e1caac5ee7689f
[STDERR  ] 2017-06-07T08:27:50.915945553Z: Process init image: linuxkit/containerd:deaf5bf838bf7f131c2287ecff3ed9835b0497e2
[STDERR  ] 2017-06-07T08:27:50.915993108Z: Pull image: linuxkit/containerd:deaf5bf838bf7f131c2287ecff3ed9835b0497e2
[STDERR  ] 2017-06-07T08:27:54.280356028Z: Add onboot containers:
[STDERR  ] 2017-06-07T08:27:54.280493045Z:   Create OCI config for linuxkit/binfmt:8ac5535f57f0c6f5fe88317b9d22a7677093c765
[STDERR  ] 2017-06-07T08:27:54.284453685Z: Pull image: linuxkit/binfmt:8ac5535f57f0c6f5fe88317b9d22a7677093c765
[STDERR  ] 2017-06-07T08:27:57.116949981Z:   Create OCI config for alpine:3.6
[STDERR  ] 2017-06-07T08:27:58.978596191Z: Pull image: alpine:3.6
[STDERR  ] 2017-06-07T08:28:01.646613605Z:   Create OCI config for linuxkit/poweroff:7404cf2295df89ccfa2dda41997a28307a90cf28
[STDERR  ] 2017-06-07T08:28:01.648812961Z: Pull image: linuxkit/poweroff:7404cf2295df89ccfa2dda41997a28307a90cf28
[STDERR  ] 2017-06-07T08:28:04.485547387Z: Add files:
[STDERR  ] 2017-06-07T08:28:04.485584754Z:   check.sh
[STDERR  ] 2017-06-07T08:28:04.512034251Z: Create outputs:
[STDERR  ] 2017-06-07T08:28:11.52688806Z:   test-binfmt-kernel test-binfmt-initrd.img test-binfmt-cmdline
[STDERR  ] 2017-06-07T08:28:11.577851635Z: RESULT="$(linuxkit run qemu -kernel test-binfmt)"
[STDERR  ] 2017-06-07T08:28:11.577995785Z: + linuxkit run qemu -kernel test-binfmt
[STDERR  ] 2017-06-07T08:28:11.591951145Z: Unable to find qemu-system-x86_64 within the $PATH. Using a container
[STDERR  ] 2017-06-07T08:28:43.162082612Z: + RESULT=[    0.000000] Linux version 4.9.30-linuxkit (root@84baa8e89c00) (gcc version 6.2.1 20160822 (Alpine 6.2.1) ) #1 SMP Tue May 30 11:40:28 UTC 2017
[STDERR  ] 2017-06-07T08:28:43.16213911Z: [    0.000000] Command line: console=ttyS0 page_poison=1
[STDERR  ] 2017-06-07T08:28:43.162152488Z: [    0.000000] x86/fpu: Legacy x87 FPU detected.
[STDERR  ] 2017-06-07T08:28:43.162160207Z: [    0.000000] x86/fpu: Using 'eager' FPU context switches.
[STDERR  ] 2017-06-07T08:28:43.162167428Z: [    0.000000] e820: BIOS-provided physical RAM map:
[STDERR  ] 2017-06-07T08:28:43.162175173Z: [    0.000000] BIOS-e820: [mem 0x0000000000000000-0x000000000009fbff] usable
[STDERR  ] 2017-06-07T08:28:43.16218218Z: [    0.000000] BIOS-e820: [mem 0x000000000009fc00-0x000000000009ffff] reserved
[STDERR  ] 2017-06-07T08:28:43.162202074Z: [    0.000000] BIOS-e820: [mem 0x00000000000f0000-0x00000000000fffff] reserved
[STDERR  ] 2017-06-07T08:28:43.162208587Z: [    0.000000] BIOS-e820: [mem 0x0000000000100000-0x000000003ffdefff] usable
[STDERR  ] 2017-06-07T08:28:43.162212121Z: [    0.000000] BIOS-e820: [mem 0x000000003ffdf000-0x000000003fffffff] reserved
[STDERR  ] 2017-06-07T08:28:43.162218601Z: [    0.000000] BIOS-e820: [mem 0x00000000b0000000-0x00000000bfffffff] reserved
[STDERR  ] 2017-06-07T08:28:43.16222853Z: [    0.000000] BIOS-e820: [mem 0x00000000fed1c000-0x00000000fed1ffff] reserved
[STDERR  ] 2017-06-07T08:28:43.162235101Z: [    0.000000] BIOS-e820: [mem 0x00000000fffc0000-0x00000000ffffffff] reserved
[STDERR  ] 2017-06-07T08:28:43.162254024Z: [    0.000000] NX (Execute Disable) protection: active
[STDERR  ] 2017-06-07T08:28:43.162262416Z: [    0.000000] SMBIOS 2.8 present.
[STDERR  ] 2017-06-07T08:28:43.162270703Z: [    0.000000] e820: last_pfn = 0x3ffdf max_arch_pfn = 0x400000000
[STDERR  ] 2017-06-07T08:28:43.162278336Z: [    0.000000] x86/PAT: Configuration [0-7]: WB  WC  UC- UC  WB  WC  UC- WT  
[STDERR  ] 2017-06-07T08:28:43.162289798Z: [    0.000000] found SMP MP-table at [mem 0x000f6aa0-0x000f6aaf] mapped at [ffff94b1000f6aa0]
[STDERR  ] 2017-06-07T08:28:43.162296593Z: [    0.000000] RAMDISK: [mem 0x3ddeb000-0x3ffcffff]
[STDERR  ] 2017-06-07T08:28:43.16230822Z: [    0.000000] ACPI: Early table checksum verification disabled
[STDERR  ] 2017-06-07T08:28:43.162315074Z: [    0.000000] ACPI: RSDP 0x00000000000F68C0 000014 (v00 BOCHS )
[STDERR  ] 2017-06-07T08:28:43.16232202Z: [    0.000000] ACPI: RSDT 0x000000003FFE2404 000034 (v01 BOCHS  BXPCRSDT 00000001 BXPC 00000001)
[STDERR  ] 2017-06-07T08:28:43.162329083Z: [    0.000000] ACPI: FACP 0x000000003FFE22A4 000074 (v01 BOCHS  BXPCFACP 00000001 BXPC 00000001)
[STDERR  ] 2017-06-07T08:28:43.162335456Z: [    0.000000] ACPI: DSDT 0x000000003FFE0040 002264 (v01 BOCHS  BXPCDSDT 00000001 BXPC 00000001)
[STDERR  ] 2017-06-07T08:28:43.162347213Z: [    0.000000] ACPI: FACS 0x000000003FFE0000 000040
[STDERR  ] 2017-06-07T08:28:43.162358518Z: [    0.000000] ACPI: APIC 0x000000003FFE2318 000078 (v01 BOCHS  BXPCAPIC 00000001 BXPC 00000001)
[STDERR  ] 2017-06-07T08:28:43.162364726Z: [    0.000000] ACPI: HPET 0x000000003FFE2390 000038 (v01 BOCHS  BXPCHPET 00000001 BXPC 00000001)
[STDERR  ] 2017-06-07T08:28:43.162377661Z: [    0.000000] ACPI: MCFG 0x000000003FFE23C8 00003C (v01 BOCHS  BXPCMCFG 00000001 BXPC 00000001)
[STDERR  ] 2017-06-07T08:28:43.1623842Z: [    0.000000] Zone ranges:
[STDERR  ] 2017-06-07T08:28:43.162390444Z: [    0.000000]   DMA      [mem 0x0000000000001000-0x0000000000ffffff]
[STDERR  ] 2017-06-07T08:28:43.162393627Z: [    0.000000]   DMA32    [mem 0x0000000001000000-0x000000003ffdefff]
[STDERR  ] 2017-06-07T08:28:43.162402663Z: [    0.000000]   Normal   empty
[STDERR  ] 2017-06-07T08:28:43.162405773Z: [    0.000000] Movable zone start for each node
[STDERR  ] 2017-06-07T08:28:43.162414686Z: [    0.000000] Early memory node ranges
[STDERR  ] 2017-06-07T08:28:43.162420537Z: [    0.000000]   node   0: [mem 0x0000000000001000-0x000000000009efff]
[STDERR  ] 2017-06-07T08:28:43.162426456Z: [    0.000000]   node   0: [mem 0x0000000000100000-0x000000003ffdefff]
[STDERR  ] 2017-06-07T08:28:43.162432253Z: [    0.000000] Initmem setup node 0 [mem 0x0000000000001000-0x000000003ffdefff]
[STDERR  ] 2017-06-07T08:28:43.162438064Z: [    0.000000] ACPI: PM-Timer IO Port: 0x608
[STDERR  ] 2017-06-07T08:28:43.162444Z: [    0.000000] ACPI: LAPIC_NMI (acpi_id[0xff] dfl dfl lint[0x1])
[STDERR  ] 2017-06-07T08:28:43.162449767Z: [    0.000000] IOAPIC[0]: apic_id 0, version 32, address 0xfec00000, GSI 0-23
[STDERR  ] 2017-06-07T08:28:43.16245545Z: [    0.000000] ACPI: INT_SRC_OVR (bus 0 bus_irq 0 global_irq 2 dfl dfl)
[STDERR  ] 2017-06-07T08:28:43.162458458Z: [    0.000000] ACPI: INT_SRC_OVR (bus 0 bus_irq 5 global_irq 5 high level)
[STDERR  ] 2017-06-07T08:28:43.162471941Z: [    0.000000] ACPI: INT_SRC_OVR (bus 0 bus_irq 9 global_irq 9 high level)
[STDERR  ] 2017-06-07T08:28:43.162480086Z: [    0.000000] ACPI: INT_SRC_OVR (bus 0 bus_irq 10 global_irq 10 high level)
[STDERR  ] 2017-06-07T08:28:43.162489128Z: [    0.000000] ACPI: INT_SRC_OVR (bus 0 bus_irq 11 global_irq 11 high level)
[STDERR  ] 2017-06-07T08:28:43.16249496Z: [    0.000000] Using ACPI (MADT) for SMP configuration information
[STDERR  ] 2017-06-07T08:28:43.162500833Z: [    0.000000] ACPI: HPET id: 0x8086a201 base: 0xfed00000
[STDERR  ] 2017-06-07T08:28:43.162506888Z: [    0.000000] smpboot: Allowing 1 CPUs, 0 hotplug CPUs
[STDERR  ] 2017-06-07T08:28:43.162512741Z: [    0.000000] e820: [mem 0x40000000-0xafffffff] available for PCI devices
[STDERR  ] 2017-06-07T08:28:43.162546957Z: [    0.000000] Booting paravirtualized kernel on bare hardware
[STDERR  ] 2017-06-07T08:28:43.162559458Z: [    0.000000] clocksource: refined-jiffies: mask: 0xffffffff max_cycles: 0xffffffff, max_idle_ns: 19112604462750000 ns
[STDERR  ] 2017-06-07T08:28:43.162569663Z: [    0.000000] setup_percpu: NR_CPUS:128 nr_cpumask_bits:128 nr_cpu_ids:1 nr_node_ids:1
[STDERR  ] 2017-06-07T08:28:43.162572947Z: [    0.000000] percpu: Embedded 35 pages/cpu @ffff94b13da00000 s105240 r8192 d29928 u2097152
[STDERR  ] 2017-06-07T08:28:43.162581518Z: [    0.000000] Built 1 zonelists in Zone order, mobility grouping on.  Total pages: 257896
[STDERR  ] 2017-06-07T08:28:43.162587604Z: [    0.000000] Kernel command line: console=ttyS0 page_poison=1
[STDERR  ] 2017-06-07T08:28:43.162593607Z: [    0.000000] PID hash table entries: 4096 (order: 3, 32768 bytes)
[STDERR  ] 2017-06-07T08:28:43.162599517Z: [    0.000000] Dentry cache hash table entries: 131072 (order: 8, 1048576 bytes)
[STDERR  ] 2017-06-07T08:28:43.162605351Z: [    0.000000] Inode-cache hash table entries: 65536 (order: 7, 524288 bytes)
[STDERR  ] 2017-06-07T08:28:43.162608826Z: [    0.000000] Memory: 977072K/1048052K available (9409K kernel code, 1593K rwdata, 3084K rodata, 1456K init, 604K bss, 70980K reserved, 0K cma-reserved)
[STDERR  ] 2017-06-07T08:28:43.162618511Z: [    0.000000] Hierarchical RCU implementation.
[STDERR  ] 2017-06-07T08:28:43.162629897Z: [    0.000000] 	Build-time adjustment of leaf fanout to 64.
[STDERR  ] 2017-06-07T08:28:43.162640776Z: [    0.000000] 	RCU restricting CPUs from NR_CPUS=128 to nr_cpu_ids=1.
[STDERR  ] 2017-06-07T08:28:43.162644314Z: [    0.000000] RCU: Adjusting geometry for rcu_fanout_leaf=64, nr_cpu_ids=1
[STDERR  ] 2017-06-07T08:28:43.162653376Z: [    0.000000] NR_IRQS:8448 nr_irqs:256 16
[STDERR  ] 2017-06-07T08:28:43.162659244Z: [    0.000000] Console: colour VGA+ 80x25
[STDERR  ] 2017-06-07T08:28:43.162662153Z: [    0.000000] console [ttyS0] enabled
[STDERR  ] 2017-06-07T08:28:43.162671213Z: [    0.000000] allocated 2097152 bytes of page_ext
[STDERR  ] 2017-06-07T08:28:43.162677778Z: [    0.000000] clocksource: hpet: mask: 0xffffffff max_cycles: 0xffffffff, max_idle_ns: 19112604467 ns
[STDERR  ] 2017-06-07T08:28:43.162684041Z: [    0.000000] tsc: Fast TSC calibration failed
[STDERR  ] 2017-06-07T08:28:43.162690007Z: [    0.000000] tsc: Unable to calibrate against PIT
[STDERR  ] 2017-06-07T08:28:43.162696038Z: [    0.000000] tsc: using HPET reference calibration
[STDERR  ] 2017-06-07T08:28:43.162702018Z: [    0.000000] tsc: Detected 2600.058 MHz processor
[STDERR  ] 2017-06-07T08:28:43.162708194Z: [    0.061413] Calibrating delay loop (skipped), value calculated using timer frequency.. 5200.11 BogoMIPS (lpj=26000580)
[STDERR  ] 2017-06-07T08:28:43.16271488Z: [    0.063118] pid_max: default: 32768 minimum: 301
[STDERR  ] 2017-06-07T08:28:43.162717904Z: [    0.064598] ACPI: Core revision 20160831
[STDERR  ] 2017-06-07T08:28:43.162723544Z: [    0.127387] ACPI: 1 ACPI AML tables successfully acquired and loaded
[STDERR  ] 2017-06-07T08:28:43.16273434Z: [    0.132964] Security Framework initialized
[STDERR  ] 2017-06-07T08:28:43.1627404Z: [    0.134068] Yama: becoming mindful.
[STDERR  ] 2017-06-07T08:28:43.162746227Z: [    0.136754] Mount-cache hash table entries: 2048 (order: 2, 16384 bytes)
[STDERR  ] 2017-06-07T08:28:43.162752037Z: [    0.137965] Mountpoint-cache hash table entries: 2048 (order: 2, 16384 bytes)
[STDERR  ] 2017-06-07T08:28:43.162757927Z: [    0.166377] Last level iTLB entries: 4KB 0, 2MB 0, 4MB 0
[STDERR  ] 2017-06-07T08:28:43.162763671Z: [    0.167749] Last level dTLB entries: 4KB 0, 2MB 0, 4MB 0, 1GB 0
[STDERR  ] 2017-06-07T08:28:43.162769573Z: [    0.619173] Freeing SMP alternatives memory: 24K (ffffffffab0fc000 - ffffffffab102000)
[STDERR  ] 2017-06-07T08:28:43.162775514Z: [    0.628253] ftrace: allocating 41532 entries in 163 pages
[STDERR  ] 2017-06-07T08:28:43.162781497Z: [    0.818507] smpboot: Max logical packages: 1
[STDERR  ] 2017-06-07T08:28:43.162787541Z: [    0.824718] ..TIMER: vector=0x30 apic1=0 pin1=2 apic2=-1 pin2=-1
[STDERR  ] 2017-06-07T08:28:43.162796983Z: [    0.930000] smpboot: CPU0: AMD QEMU Virtual CPU version 2.5+ (family: 0x6, model: 0x6, stepping: 0x3)
[STDERR  ] 2017-06-07T08:28:43.162807546Z: [    0.930000] Performance Events: PMU not available due to virtualization, using software events only.
[STDERR  ] 2017-06-07T08:28:43.162810961Z: [    0.940877] NMI watchdog: disabled (cpu0): hardware events not enabled
[STDERR  ] 2017-06-07T08:28:43.162819836Z: [    0.941661] NMI watchdog: Shutting down hard lockup detector on all cpus
[STDERR  ] 2017-06-07T08:28:43.162822834Z: [    0.944514] x86: Booted up 1 node, 1 CPUs
[STDERR  ] 2017-06-07T08:28:43.162831934Z: [    0.945091] smpboot: Total of 1 processors activated (5200.11 BogoMIPS)
[STDERR  ] 2017-06-07T08:28:43.162843024Z: [    0.959419] devtmpfs: initialized
[STDERR  ] 2017-06-07T08:28:43.16284923Z: [    0.964485] x86/mm: Memory block size: 128MB
[STDERR  ] 2017-06-07T08:28:43.162854987Z: [    1.027313] clocksource: jiffies: mask: 0xffffffff max_cycles: 0xffffffff, max_idle_ns: 19112604462750000 ns
[STDERR  ] 2017-06-07T08:28:43.162860711Z: [    1.028721] futex hash table entries: 256 (order: 2, 16384 bytes)
[STDERR  ] 2017-06-07T08:28:43.162866648Z: [    1.038044] NET: Registered protocol family 16
[STDERR  ] 2017-06-07T08:28:43.162875031Z: [    1.047908] cpuidle: using governor ladder
[STDERR  ] 2017-06-07T08:28:43.162896404Z: [    1.048665] cpuidle: using governor menu
[STDERR  ] 2017-06-07T08:28:43.162901521Z: [    1.050273] ACPI: bus type PCI registered
[STDERR  ] 2017-06-07T08:28:43.162911004Z: [    1.053263] PCI: MMCONFIG for domain 0000 [bus 00-ff] at [mem 0xb0000000-0xbfffffff] (base 0xb0000000)
[STDERR  ] 2017-06-07T08:28:43.162926736Z: [    1.054456] PCI: MMCONFIG at [mem 0xb0000000-0xbfffffff] reserved in E820
[STDERR  ] 2017-06-07T08:28:43.162932237Z: [    1.056065] PCI: Using configuration type 1 for base access
[STDERR  ] 2017-06-07T08:28:43.162947757Z: [    1.126723] HugeTLB registered 2 MB page size, pre-allocated 0 pages
[STDERR  ] 2017-06-07T08:28:43.162958429Z: [    1.140331] ACPI: Added _OSI(Module Device)
[STDERR  ] 2017-06-07T08:28:43.162967942Z: [    1.140875] ACPI: Added _OSI(Processor Device)
[STDERR  ] 2017-06-07T08:28:43.162977152Z: [    1.141480] ACPI: Added _OSI(3.0 _SCP Extensions)
[STDERR  ] 2017-06-07T08:28:43.162984921Z: [    1.142083] ACPI: Added _OSI(Processor Aggregator Device)
[STDERR  ] 2017-06-07T08:28:43.162987961Z: [    1.218368] ACPI: Interpreter enabled
[STDERR  ] 2017-06-07T08:28:43.162996887Z: [    1.219545] ACPI: (supports S0 S5)
[STDERR  ] 2017-06-07T08:28:43.163011332Z: [    1.220114] ACPI: Using IOAPIC for interrupt routing
[STDERR  ] 2017-06-07T08:28:43.163019974Z: [    1.222346] PCI: Using host bridge windows from ACPI; if necessary, use "pci=nocrs" and report a bug
[STDERR  ] 2017-06-07T08:28:43.163023021Z: [    1.290134] ACPI: PCI Root Bridge [PCI0] (domain 0000 [bus 00-ff])
[STDERR  ] 2017-06-07T08:28:43.163037595Z: [    1.292066] acpi PNP0A08:00: _OSC: OS supports [ExtendedConfig ASPM ClockPM Segments MSI]
[STDERR  ] 2017-06-07T08:28:43.163040708Z: [    1.298430] acpi PNP0A08:00: _OSC: OS now controls [PCIeHotplug PME PCIeCapability]
[STDERR  ] 2017-06-07T08:28:43.163049505Z: [    1.303098] PCI host bridge to bus 0000:00
[STDERR  ] 2017-06-07T08:28:43.163052621Z: [    1.303832] pci_bus 0000:00: root bus resource [io  0x0000-0x0cf7 window]
[STDERR  ] 2017-06-07T08:28:43.163058562Z: [    1.304523] pci_bus 0000:00: root bus resource [io  0x0d00-0xffff window]
[STDERR  ] 2017-06-07T08:28:43.163067271Z: [    1.305201] pci_bus 0000:00: root bus resource [mem 0x000a0000-0x000bffff window]
[STDERR  ] 2017-06-07T08:28:43.163072995Z: [    1.305940] pci_bus 0000:00: root bus resource [mem 0xc0000000-0xfebfffff window]
[STDERR  ] 2017-06-07T08:28:43.163078839Z: [    1.306913] pci_bus 0000:00: root bus resource [bus 00-ff]
[STDERR  ] 2017-06-07T08:28:43.163087811Z: [    1.401730] pci 0000:00:1f.0: quirk: [io  0x0600-0x067f] claimed by ICH6 ACPI/GPIO/TCO
[STDERR  ] 2017-06-07T08:28:43.163097999Z: [    1.460440] ACPI: PCI Interrupt Link [LNKA] (IRQs 5 *10 11)
[STDERR  ] 2017-06-07T08:28:43.163113871Z: [    1.463136] ACPI: PCI Interrupt Link [LNKB] (IRQs 5 *10 11)
[STDERR  ] 2017-06-07T08:28:43.163125689Z: [    1.465283] ACPI: PCI Interrupt Link [LNKC] (IRQs 5 10 *11)
[STDERR  ] 2017-06-07T08:28:43.163136594Z: [    1.467438] ACPI: PCI Interrupt Link [LNKD] (IRQs 5 10 *11)
[STDERR  ] 2017-06-07T08:28:43.163147255Z: [    1.469648] ACPI: PCI Interrupt Link [LNKE] (IRQs 5 *10 11)
[STDERR  ] 2017-06-07T08:28:43.163159051Z: [    1.471980] ACPI: PCI Interrupt Link [LNKF] (IRQs 5 *10 11)
[STDERR  ] 2017-06-07T08:28:43.163166594Z: [    1.474214] ACPI: PCI Interrupt Link [LNKG] (IRQs 5 10 *11)
[STDERR  ] 2017-06-07T08:28:43.163182595Z: [    1.476431] ACPI: PCI Interrupt Link [LNKH] (IRQs 5 10 *11)
[STDERR  ] 2017-06-07T08:28:43.163188134Z: [    1.477704] ACPI: PCI Interrupt Link [GSIA] (IRQs *16)
[STDERR  ] 2017-06-07T08:28:43.163205049Z: [    1.478672] ACPI: PCI Interrupt Link [GSIB] (IRQs *17)
[STDERR  ] 2017-06-07T08:28:43.163216311Z: [    1.480121] ACPI: PCI Interrupt Link [GSIC] (IRQs *18)
[STDERR  ] 2017-06-07T08:28:43.163227454Z: [    1.481120] ACPI: PCI Interrupt Link [GSID] (IRQs *19)
[STDERR  ] 2017-06-07T08:28:43.163238485Z: [    1.482061] ACPI: PCI Interrupt Link [GSIE] (IRQs *20)
[STDERR  ] 2017-06-07T08:28:43.163249527Z: [    1.482975] ACPI: PCI Interrupt Link [GSIF] (IRQs *21)
[STDERR  ] 2017-06-07T08:28:43.163265947Z: [    1.483872] ACPI: PCI Interrupt Link [GSIG] (IRQs *22)
[STDERR  ] 2017-06-07T08:28:43.163276231Z: [    1.484856] ACPI: PCI Interrupt Link [GSIH] (IRQs *23)
[STDERR  ] 2017-06-07T08:28:43.163292941Z: [    1.489293] ACPI: Enabled 2 GPEs in block 00 to 3F
[STDERR  ] 2017-06-07T08:28:43.163304988Z: [    1.494356] SCSI subsystem initialized
[STDERR  ] 2017-06-07T08:28:43.163311897Z: [    1.497432] pps_core: LinuxPPS API ver. 1 registered
[STDERR  ] 2017-06-07T08:28:43.163327691Z: [    1.497958] pps_core: Software ver. 5.3.6 - Copyright 2005-2007 Rodolfo Giometti <giometti@linux.it>
[STDERR  ] 2017-06-07T08:28:43.163342681Z: [    1.499097] PTP clock support registered
[STDERR  ] 2017-06-07T08:28:43.163358308Z: [    1.501054] wmi: Mapper loaded
[STDERR  ] 2017-06-07T08:28:43.163368488Z: [    1.502481] PCI: Using ACPI for IRQ routing
[STDERR  ] 2017-06-07T08:28:43.163378128Z: [    1.522653] NetLabel: Initializing
[STDERR  ] 2017-06-07T08:28:43.163387548Z: [    1.523140] NetLabel:  domain hash size = 128
[STDERR  ] 2017-06-07T08:28:43.163396888Z: [    1.523621] NetLabel:  protocols = UNLABELED CIPSOv4
[STDERR  ] 2017-06-07T08:28:43.163406389Z: [    1.525988] NetLabel:  unlabeled traffic allowed by default
[STDERR  ] 2017-06-07T08:28:43.163415785Z: [    1.527424] HPET: 3 timers in total, 0 timers will be used for per-cpu timer
[STDERR  ] 2017-06-07T08:28:43.163420995Z: [    1.528521] hpet0: at MMIO 0xfed00000, IRQs 2, 8, 0
[STDERR  ] 2017-06-07T08:28:43.163430272Z: [    1.529287] hpet0: 3 comparators, 64-bit 100.000000 MHz counter
[STDERR  ] 2017-06-07T08:28:43.163444544Z: [    1.535055] clocksource: Switched to clocksource hpet
[STDERR  ] 2017-06-07T08:28:43.163454077Z: [    1.826622] VFS: Disk quotas dquot_6.6.0
[STDERR  ] 2017-06-07T08:28:43.163463347Z: [    1.827936] VFS: Dquot-cache hash table entries: 512 (order 0, 4096 bytes)
[STDERR  ] 2017-06-07T08:28:43.163473132Z: [    1.831487] FS-Cache: Loaded
[STDERR  ] 2017-06-07T08:28:43.163483412Z: [    1.837854] CacheFiles: Loaded
[STDERR  ] 2017-06-07T08:28:43.163494138Z: [    1.840822] pnp: PnP ACPI init
[STDERR  ] 2017-06-07T08:28:43.163504557Z: [    1.855757] pnp: PnP ACPI: found 5 devices
[STDERR  ] 2017-06-07T08:28:43.163514991Z: [    1.908388] clocksource: acpi_pm: mask: 0xffffff max_cycles: 0xffffff, max_idle_ns: 2085701024 ns
[STDERR  ] 2017-06-07T08:28:43.163524709Z: [    1.912132] NET: Registered protocol family 2
[STDERR  ] 2017-06-07T08:28:43.163541005Z: [    1.919449] TCP established hash table entries: 8192 (order: 4, 65536 bytes)
[STDERR  ] 2017-06-07T08:28:43.163552335Z: [    1.920838] TCP bind hash table entries: 8192 (order: 5, 131072 bytes)
[STDERR  ] 2017-06-07T08:28:43.163567617Z: [    1.922234] TCP: Hash tables configured (established 8192 bind 8192)
[STDERR  ] 2017-06-07T08:28:43.163578457Z: [    1.924003] UDP hash table entries: 512 (order: 2, 16384 bytes)
[STDERR  ] 2017-06-07T08:28:43.163588014Z: [    1.924857] UDP-Lite hash table entries: 512 (order: 2, 16384 bytes)
[STDERR  ] 2017-06-07T08:28:43.163592998Z: [    1.927600] NET: Registered protocol family 1
[STDERR  ] 2017-06-07T08:28:43.163602877Z: [    1.932102] RPC: Registered named UNIX socket transport module.
[STDERR  ] 2017-06-07T08:28:43.163617184Z: [    1.932814] RPC: Registered udp transport module.
[STDERR  ] 2017-06-07T08:28:43.163627131Z: [    1.933270] RPC: Registered tcp transport module.
[STDERR  ] 2017-06-07T08:28:43.163636728Z: [    1.933737] RPC: Registered tcp NFSv4.1 backchannel transport module.
[STDERR  ] 2017-06-07T08:28:43.163646432Z: [    1.934841] pci 0000:00:01.0: Video device with shadowed ROM at [mem 0x000c0000-0x000dffff]
[STDERR  ] 2017-06-07T08:28:43.163661787Z: [    1.943783] Unpacking initramfs...
[STDERR  ] 2017-06-07T08:28:43.163672497Z: [    6.488416] Freeing initrd memory: 34708K (ffff94b13ddeb000 - ffff94b13ffd0000)
[STDERR  ] 2017-06-07T08:28:43.163686248Z: [    6.514348] PCLMULQDQ-NI instructions are not detected.
[STDERR  ] 2017-06-07T08:28:43.163691382Z: [    6.515890] AVX or AES-NI instructions are not detected.
[STDERR  ] 2017-06-07T08:28:43.163709027Z: [    6.516545] CPU feature 'AVX registers' is not supported.
[STDERR  ] 2017-06-07T08:28:43.163725548Z: [    6.517131] CPU feature 'AVX registers' is not supported.
[STDERR  ] 2017-06-07T08:28:43.163735758Z: [    6.517704] CPU feature 'AVX registers' is not supported.
[STDERR  ] 2017-06-07T08:28:43.163746304Z: [    6.518360] CPU feature 'AVX registers' is not supported.
[STDERR  ] 2017-06-07T08:28:43.163757205Z: [    6.518931] AVX2 or AES-NI instructions are not detected.
[STDERR  ] 2017-06-07T08:28:43.163762665Z: [    6.519462] AVX2 instructions are not detected.
[STDERR  ] 2017-06-07T08:28:43.16377908Z: [    6.528384] audit: initializing netlink subsys (disabled)
[STDERR  ] 2017-06-07T08:28:43.163790225Z: [    6.530520] audit: type=2000 audit(1496824098.520:1): initialized
[STDERR  ] 2017-06-07T08:28:43.163801768Z: [    6.538403] workingset: timestamp_bits=46 max_order=18 bucket_order=0
[STDERR  ] 2017-06-07T08:28:43.163819318Z: [    6.544330] FS-Cache: Netfs 'nfs' registered for caching
[STDERR  ] 2017-06-07T08:28:43.16383048Z: [    6.546670] NFS: Registering the id_resolver key type
[STDERR  ] 2017-06-07T08:28:43.163841793Z: [    6.548148] Key type id_resolver registered
[STDERR  ] 2017-06-07T08:28:43.163852883Z: [    6.548594] Key type id_legacy registered
[STDERR  ] 2017-06-07T08:28:43.16386396Z: [    6.549234] nfs4filelayout_init: NFSv4 File Layout Driver Registering...
[STDERR  ] 2017-06-07T08:28:43.163875065Z: [    6.550824] Installing knfsd (copyright (C) 1996 okir@monad.swb.de).
[STDERR  ] 2017-06-07T08:28:43.163886198Z: [    6.554626] FS-Cache: Netfs 'cifs' registered for caching
[STDERR  ] 2017-06-07T08:28:43.163892005Z: [    6.555819] ntfs: driver 2.1.32 [Flags: R/O].
[STDERR  ] 2017-06-07T08:28:43.163908682Z: [    6.556595] fuse init (API version 7.26)
[STDERR  ] 2017-06-07T08:28:43.163928242Z: [    6.559155] SGI XFS with ACLs, security attributes, no debug enabled
[STDERR  ] 2017-06-07T08:28:43.1639422Z: [    6.563641] 9p: Installing v9fs 9p2000 file system support
[STDERR  ] 2017-06-07T08:28:43.163959413Z: [    6.564419] FS-Cache: Netfs '9p' registered for caching
[STDERR  ] 2017-06-07T08:28:43.163970955Z: [    6.598937] NET: Registered protocol family 38
[STDERR  ] 2017-06-07T08:28:43.163982262Z: [    6.599866] Key type asymmetric registered
[STDERR  ] 2017-06-07T08:28:43.163993799Z: [    6.601367] Asymmetric key parser 'x509' registered
[STDERR  ] 2017-06-07T08:28:43.163999805Z: [    6.602537] Block layer SCSI generic (bsg) driver version 0.4 loaded (major 251)
[STDERR  ] 2017-06-07T08:28:43.164016772Z: [    6.604205] io scheduler noop registered
[STDERR  ] 2017-06-07T08:28:43.164022576Z: [    6.604729] io scheduler deadline registered (default)
[STDERR  ] 2017-06-07T08:28:43.164046722Z: [    6.605583] io scheduler cfq registered
[STDERR  ] 2017-06-07T08:28:43.164058919Z: [    6.608436] pci_hotplug: PCI Hot Plug PCI Core version: 0.5
[STDERR  ] 2017-06-07T08:28:43.16406481Z: [    6.609322] pciehp: PCI Express Hot Plug Controller Driver version: 0.4
[STDERR  ] 2017-06-07T08:28:43.164081682Z: [    6.611513] shpchp: Standard Hot Plug PCI Controller Driver version: 0.4
[STDERR  ] 2017-06-07T08:28:43.164087415Z: [    6.612666] hv_vmbus: registering driver hyperv_fb
[STDERR  ] 2017-06-07T08:28:43.164104395Z: [    6.616081] input: Power Button as /devices/LNXSYSTM:00/LNXPWRBN:00/input/input0
[STDERR  ] 2017-06-07T08:28:43.164110545Z: [    6.617564] ACPI: Power Button [PWRF]
[STDERR  ] 2017-06-07T08:28:43.164122032Z: [    6.623030] GHES: HEST is not enabled!
[STDERR  ] 2017-06-07T08:28:43.164138868Z: [    6.635336] ACPI: PCI Interrupt Link [GSIH] enabled at IRQ 23
[STDERR  ] 2017-06-07T08:28:43.16415012Z: [    6.642941] xenfs: not registering filesystem on non-xen platform
[STDERR  ] 2017-06-07T08:28:43.16415596Z: [    6.645424] Serial: 8250/16550 driver, 4 ports, IRQ sharing disabled
[STDERR  ] 2017-06-07T08:28:43.16416744Z: [    6.670997] 00:04: ttyS0 at I/O 0x3f8 (irq = 4, base_baud = 115200) is a 16550A
[STDERR  ] 2017-06-07T08:28:43.164184686Z: [    6.678470] Initializing Nozomi driver 2.1d
[STDERR  ] 2017-06-07T08:28:43.164201648Z: [    6.683334] Non-volatile memory driver v1.3
[STDERR  ] 2017-06-07T08:28:43.164212579Z: [    6.690494] Hangcheck: starting hangcheck timer 0.9.1 (tick is 180 seconds, margin is 60 seconds).
[STDERR  ] 2017-06-07T08:28:43.164222859Z: [    6.729377] loop: module loaded
[STDERR  ] 2017-06-07T08:28:43.164233366Z: [    6.744604] nbd: registered device at major 43
[STDERR  ] 2017-06-07T08:28:43.164243633Z: [    6.786216] lpc_ich 0000:00:1f.0: I/O space for GPIO uninitialized
[STDERR  ] 2017-06-07T08:28:43.164254163Z: [    6.788327] VMware PVSCSI driver - version 1.0.7.0-k
[STDERR  ] 2017-06-07T08:28:43.164264163Z: [    6.789272] hv_vmbus: registering driver hv_storvsc
[STDERR  ] 2017-06-07T08:28:43.164274212Z: [    6.799962] ACPI: PCI Interrupt Link [GSIA] enabled at IRQ 16
[STDERR  ] 2017-06-07T08:28:43.16428507Z: [    6.807028] ahci 0000:00:1f.2: AHCI 0001.0000 32 slots 6 ports 1.5 Gbps 0x3f impl SATA mode
[STDERR  ] 2017-06-07T08:28:43.164295433Z: [    6.808083] ahci 0000:00:1f.2: flags: 64bit ncq only 
[STDERR  ] 2017-06-07T08:28:43.164305973Z: [    6.836383] scsi host0: ahci
[STDERR  ] 2017-06-07T08:28:43.164316249Z: [    6.843533] scsi host1: ahci
[STDERR  ] 2017-06-07T08:28:43.164326539Z: [    6.846111] scsi host2: ahci
[STDERR  ] 2017-06-07T08:28:43.164336682Z: [    6.848473] scsi host3: ahci
[STDERR  ] 2017-06-07T08:28:43.164353785Z: [    6.851136] scsi host4: ahci
[STDERR  ] 2017-06-07T08:28:43.164364419Z: [    6.853635] scsi host5: ahci
[STDERR  ] 2017-06-07T08:28:43.164374623Z: [    6.855673] ata1: SATA max UDMA/133 abar m4096@0xfebf1000 port 0xfebf1100 irq 24
[STDERR  ] 2017-06-07T08:28:43.164385115Z: [    6.856488] ata2: SATA max UDMA/133 abar m4096@0xfebf1000 port 0xfebf1180 irq 24
[STDERR  ] 2017-06-07T08:28:43.164395245Z: [    6.857273] ata3: SATA max UDMA/133 abar m4096@0xfebf1000 port 0xfebf1200 irq 24
[STDERR  ] 2017-06-07T08:28:43.164405619Z: [    6.857921] ata4: SATA max UDMA/133 abar m4096@0xfebf1000 port 0xfebf1280 irq 24
[STDERR  ] 2017-06-07T08:28:43.164416575Z: [    6.858589] ata5: SATA max UDMA/133 abar m4096@0xfebf1000 port 0xfebf1300 irq 24
[STDERR  ] 2017-06-07T08:28:43.164422038Z: [    6.859241] ata6: SATA max UDMA/133 abar m4096@0xfebf1000 port 0xfebf1380 irq 24
[STDERR  ] 2017-06-07T08:28:43.164437266Z: [    6.869854] Ethernet Channel Bonding Driver: v3.7.1 (April 27, 2011)
[STDERR  ] 2017-06-07T08:28:43.164447915Z: [    6.889693] tun: Universal TUN/TAP device driver, 1.6
[STDERR  ] 2017-06-07T08:28:43.164464795Z: [    6.890750] tun: (C) 1999-2004 Max Krasnyansky <maxk@qualcomm.com>
[STDERR  ] 2017-06-07T08:28:43.16447086Z: [    6.892649] ena: Elastic Network Adapter (ENA) v1.0.2
[STDERR  ] 2017-06-07T08:28:43.164492229Z: [    6.894240] e1000: Intel(R) PRO/1000 Network Driver - version 7.3.21-k8-NAPI
[STDERR  ] 2017-06-07T08:28:43.164517619Z: [    6.894909] e1000: Copyright (c) 1999-2006 Intel Corporation.
[STDERR  ] 2017-06-07T08:28:43.164528758Z: [    6.903569] ACPI: PCI Interrupt Link [GSIG] enabled at IRQ 22
[STDERR  ] 2017-06-07T08:28:43.164547445Z: [    7.191037] ata2: SATA link down (SStatus 0 SControl 300)
[STDERR  ] 2017-06-07T08:28:43.164563713Z: [    7.193451] ata1: SATA link down (SStatus 0 SControl 300)
[STDERR  ] 2017-06-07T08:28:43.164569269Z: [    7.194586] ata3: SATA link up 1.5 Gbps (SStatus 113 SControl 300)
[STDERR  ] 2017-06-07T08:28:43.16457971Z: [    7.198236] ata3.00: ATAPI: QEMU DVD-ROM, 2.5+, max UDMA/100
[STDERR  ] 2017-06-07T08:28:43.164595063Z: [    7.199067] ata3.00: applying bridge limits
[STDERR  ] 2017-06-07T08:28:43.164605338Z: [    7.200948] ata6: SATA link down (SStatus 0 SControl 300)
[STDERR  ] 2017-06-07T08:28:43.164615393Z: [    7.201941] ata4: SATA link down (SStatus 0 SControl 300)
[STDERR  ] 2017-06-07T08:28:43.164626459Z: [    7.202704] ata5: SATA link down (SStatus 0 SControl 300)
[STDERR  ] 2017-06-07T08:28:43.164637957Z: [    7.211962] ata3.00: configured for UDMA/100
[STDERR  ] 2017-06-07T08:28:43.164649239Z: [    7.226324] scsi 2:0:0:0: CD-ROM            QEMU     QEMU DVD-ROM     2.5+ PQ: 0 ANSI: 5
[STDERR  ] 2017-06-07T08:28:43.164673267Z: [    7.253454] sr 2:0:0:0: [sr0] scsi3-mmc drive: 4x/4x cd/rw xa/form2 tray
[STDERR  ] 2017-06-07T08:28:43.164679221Z: [    7.254640] cdrom: Uniform CD-ROM driver Revision: 3.20
[STDERR  ] 2017-06-07T08:28:43.164695897Z: [    7.261730] sr 2:0:0:0: Attached scsi generic sg0 type 5
[STDERR  ] 2017-06-07T08:28:43.164701666Z: [    7.294742] e1000 0000:00:02.0 eth0: (PCI:33MHz:32-bit) 52:54:00:12:34:56
[STDERR  ] 2017-06-07T08:28:43.164718847Z: [    7.295799] e1000 0000:00:02.0 eth0: Intel(R) PRO/1000 Network Connection
[STDERR  ] 2017-06-07T08:28:43.164730324Z: [    7.297022] e1000e: Intel(R) PRO/1000 Network Driver - 3.2.6-k
[STDERR  ] 2017-06-07T08:28:43.164741683Z: [    7.297591] e1000e: Copyright(c) 1999 - 2015 Intel Corporation.
[STDERR  ] 2017-06-07T08:28:43.164753464Z: [    7.298612] igb: Intel(R) Gigabit Ethernet Network Driver - version 5.4.0-k
[STDERR  ] 2017-06-07T08:28:43.164765019Z: [    7.299288] igb: Copyright (c) 2007-2014 Intel Corporation.
[STDERR  ] 2017-06-07T08:28:43.164778457Z: [    7.300676] igbvf: Intel(R) Gigabit Virtual Function Network Driver - version 2.4.0-k
[STDERR  ] 2017-06-07T08:28:43.164789707Z: [    7.301424] igbvf: Copyright (c) 2009 - 2012 Intel Corporation.
[STDERR  ] 2017-06-07T08:28:43.164795536Z: [    7.302454] ixgbe: Intel(R) 10 Gigabit PCI Express Network Driver - version 4.4.0-k
[STDERR  ] 2017-06-07T08:28:43.164812016Z: [    7.303187] ixgbe: Copyright (c) 1999-2016 Intel Corporation.
[STDERR  ] 2017-06-07T08:28:43.164823239Z: [    7.305201] ixgbevf: Intel(R) 10 Gigabit PCI Express Virtual Function Network Driver - version 3.2.2-k
[STDERR  ] 2017-06-07T08:28:43.164835066Z: [    7.306073] ixgbevf: Copyright (c) 2009 - 2015 Intel Corporation.
[STDERR  ] 2017-06-07T08:28:43.164841099Z: [    7.307678] ixgb: Intel(R) PRO/10GbE Network Driver - version 1.0.135-k2-NAPI
[STDERR  ] 2017-06-07T08:28:43.164858429Z: [    7.308392] ixgb: Copyright (c) 1999-2008 Intel Corporation.
[STDERR  ] 2017-06-07T08:28:43.164864363Z: [    7.309844] PPP generic driver version 2.4.2
[STDERR  ] 2017-06-07T08:28:43.164888514Z: [    7.311870] PPP BSD Compression module registered
[STDERR  ] 2017-06-07T08:28:43.164895056Z: [    7.312419] PPP Deflate Compression module registered
[STDERR  ] 2017-06-07T08:28:43.16491629Z: [    7.313296] PPP MPPE Compression module registered
[STDERR  ] 2017-06-07T08:28:43.164928374Z: [    7.313818] NET: Registered protocol family 24
[STDERR  ] 2017-06-07T08:28:43.164939743Z: [    7.314627] PPTP driver version 0.8.5
[STDERR  ] 2017-06-07T08:28:43.16495115Z: [    7.315852] VMware vmxnet3 virtual NIC driver - version 1.4.a.0-k-NAPI
[STDERR  ] 2017-06-07T08:28:43.164971449Z: [    7.317052] hv_vmbus: registering driver hv_netvsc
[STDERR  ] 2017-06-07T08:28:43.164983283Z: [    7.317599] Fusion MPT base driver 3.04.20
[STDERR  ] 2017-06-07T08:28:43.164994386Z: [    7.318000] Copyright (c) 1999-2008 LSI Corporation
[STDERR  ] 2017-06-07T08:28:43.16500024Z: [    7.318801] Fusion MPT SPI Host driver 3.04.20
[STDERR  ] 2017-06-07T08:28:43.165011226Z: [    7.325585] aoe: AoE v85 initialised.
[STDERR  ] 2017-06-07T08:28:43.165028224Z: [    7.328610] i8042: PNP: PS/2 Controller [PNP0303:KBD,PNP0f13:MOU] at 0x60,0x64 irq 1,12
[STDERR  ] 2017-06-07T08:28:43.165039239Z: [    7.333509] serio: i8042 KBD port at 0x60,0x64 irq 1
[STDERR  ] 2017-06-07T08:28:43.165050369Z: [    7.334468] serio: i8042 AUX port at 0x60,0x64 irq 12
[STDERR  ] 2017-06-07T08:28:43.165061333Z: [    7.337987] hv_vmbus: registering driver hyperv_keyboard
[STDERR  ] 2017-06-07T08:28:43.16507236Z: [    7.341245] mousedev: PS/2 mouse device common for all mice
[STDERR  ] 2017-06-07T08:28:43.165083531Z: [    7.348436] input: AT Translated Set 2 keyboard as /devices/platform/i8042/serio0/input/input1
[STDERR  ] 2017-06-07T08:28:43.165089521Z: [    7.351874] input: PC Speaker as /devices/platform/pcspkr/input/input2
[STDERR  ] 2017-06-07T08:28:43.16510069Z: [    7.355523] rtc_cmos 00:00: RTC can wake from S4
[STDERR  ] 2017-06-07T08:28:43.165117284Z: [    7.360522] rtc_cmos 00:00: rtc core: registered rtc_cmos as rtc0
[STDERR  ] 2017-06-07T08:28:43.16513393Z: [    7.362055] rtc_cmos 00:00: alarms up to one day, y3k, 114 bytes nvram, hpet irqs
[STDERR  ] 2017-06-07T08:28:43.165145261Z: [    7.363102] i2c /dev entries driver
[STDERR  ] 2017-06-07T08:28:43.165156881Z: [    7.365317] device-mapper: ioctl: 4.35.0-ioctl (2016-06-23) initialised: dm-devel@redhat.com
[STDERR  ] 2017-06-07T08:28:43.165163109Z: [    7.370754] hv_utils: Registering HyperV Utility Driver
[STDERR  ] 2017-06-07T08:28:43.16517425Z: [    7.371313] hv_vmbus: registering driver hv_util
[STDERR  ] 2017-06-07T08:28:43.165198029Z: [    7.371809] hv_vmbus: registering driver hv_balloon
[STDERR  ] 2017-06-07T08:28:43.165209503Z: [    7.372601] oprofile: using NMI interrupt.
[STDERR  ] 2017-06-07T08:28:43.165220649Z: [    7.373843] GACT probability on
[STDERR  ] 2017-06-07T08:28:43.165231891Z: [    7.374489] Mirror/redirect action on
[STDERR  ] 2017-06-07T08:28:43.165237841Z: [    7.375559] Simple TC action Loaded
[STDERR  ] 2017-06-07T08:28:43.165252004Z: [    7.379347] netem: version 1.3
[STDERR  ] 2017-06-07T08:28:43.16526933Z: [    7.379753] u32 classifier
[STDERR  ] 2017-06-07T08:28:43.165280714Z: [    7.380447]     Performance counters on
[STDERR  ] 2017-06-07T08:28:43.16529217Z: [    7.380850]     input device check on
[STDERR  ] 2017-06-07T08:28:43.165298301Z: [    7.381219]     Actions configured
[STDERR  ] 2017-06-07T08:28:43.165314956Z: [    7.382075] Netfilter messages via NETLINK v0.30.
[STDERR  ] 2017-06-07T08:28:43.165320824Z: [    7.382939] nfnl_acct: registering with nfnetlink.
[STDERR  ] 2017-06-07T08:28:43.165337641Z: [    7.384493] nf_conntrack version 0.5.0 (8192 buckets, 32768 max)
[STDERR  ] 2017-06-07T08:28:43.165343531Z: [    7.387712] ctnetlink v0.93: registering with nfnetlink.
[STDERR  ] 2017-06-07T08:28:43.165360296Z: [    7.391566] nf_tables: (c) 2007-2009 Patrick McHardy <kaber@trash.net>
[STDERR  ] 2017-06-07T08:28:43.165366113Z: [    7.392762] nf_tables_compat: (c) 2012 Pablo Neira Ayuso <pablo@netfilter.org>
[STDERR  ] 2017-06-07T08:28:43.165383326Z: [    7.395595] xt_time: kernel timezone is -0000
[STDERR  ] 2017-06-07T08:28:43.165395209Z: [    7.396805] ip_set: protocol 6
[STDERR  ] 2017-06-07T08:28:43.16540668Z: [    7.397667] IPVS: Registered protocols (TCP, UDP, SCTP, AH, ESP)
[STDERR  ] 2017-06-07T08:28:43.165418283Z: [    7.398625] IPVS: Connection hash table configured (size=4096, memory=64Kbytes)
[STDERR  ] 2017-06-07T08:28:43.165429704Z: [    7.401217] IPVS: Creating netns size=2104 id=0
[STDERR  ] 2017-06-07T08:28:43.165435807Z: [    7.404294] IPVS: ipvs loaded.
[STDERR  ] 2017-06-07T08:28:43.165453427Z: [    7.404875] IPVS: [rr] scheduler registered.
[STDERR  ] 2017-06-07T08:28:43.165470567Z: [    7.405344] IPVS: [wrr] scheduler registered.
[STDERR  ] 2017-06-07T08:28:43.165482995Z: [    7.405818] IPVS: [lc] scheduler registered.
[STDERR  ] 2017-06-07T08:28:43.165501252Z: [    7.406230] IPVS: [wlc] scheduler registered.
[STDERR  ] 2017-06-07T08:28:43.165512624Z: [    7.406659] IPVS: [fo] scheduler registered.
[STDERR  ] 2017-06-07T08:28:43.165523905Z: [    7.407116] IPVS: [ovf] scheduler registered.
[STDERR  ] 2017-06-07T08:28:43.165530005Z: [    7.407812] IPVS: [lblc] scheduler registered.
[STDERR  ] 2017-06-07T08:28:43.165551454Z: [    7.408491] IPVS: [lblcr] scheduler registered.
[STDERR  ] 2017-06-07T08:28:43.165567622Z: [    7.408982] IPVS: [dh] scheduler registered.
[STDERR  ] 2017-06-07T08:28:43.165578827Z: [    7.409408] IPVS: [sh] scheduler registered.
[STDERR  ] 2017-06-07T08:28:43.165589855Z: [    7.409882] IPVS: [sed] scheduler registered.
[STDERR  ] 2017-06-07T08:28:43.165600891Z: [    7.410953] IPVS: [nq] scheduler registered.
[STDERR  ] 2017-06-07T08:28:43.165611874Z: [    7.411870] IPVS: ftp: loaded support on port[0] = 21
[STDERR  ] 2017-06-07T08:28:43.165623012Z: [    7.412987] ipip: IPv4 and MPLS over IPv4 tunneling driver
[STDERR  ] 2017-06-07T08:28:43.165628731Z: [    7.417351] gre: GRE over IPv4 demultiplexor driver
[STDERR  ] 2017-06-07T08:28:43.165645748Z: [    7.417902] ip_gre: GRE over IPv4 tunneling driver
[STDERR  ] 2017-06-07T08:28:43.165656024Z: [    7.426832] IPv4 over IPsec tunneling driver
[STDERR  ] 2017-06-07T08:28:43.165673591Z: [    7.433307] ip_tables: (C) 2000-2006 Netfilter Core Team
[STDERR  ] 2017-06-07T08:28:43.165691461Z: [    7.436822] ipt_CLUSTERIP: ClusterIP Version 0.8 loaded successfully
[STDERR  ] 2017-06-07T08:28:43.165697551Z: [    7.437861] arp_tables: arp_tables: (C) 2002 David S. Miller
[STDERR  ] 2017-06-07T08:28:43.165713967Z: [    7.439898] Initializing XFRM netlink socket
[STDERR  ] 2017-06-07T08:28:43.165719721Z: [    7.441734] NET: Registered protocol family 10
[STDERR  ] 2017-06-07T08:28:43.165736828Z: [    7.454089] mip6: Mobile IPv6
[STDERR  ] 2017-06-07T08:28:43.165747828Z: [    7.455429] ip6_tables: (C) 2000-2006 Netfilter Core Team
[STDERR  ] 2017-06-07T08:28:43.1657588Z: [    7.463931] sit: IPv6, IPv4 and MPLS over IPv4 tunneling driver
[STDERR  ] 2017-06-07T08:28:43.165769945Z: [    7.471965] ip6_gre: GRE over IPv6 tunneling driver
[STDERR  ] 2017-06-07T08:28:43.165781011Z: [    7.475888] NET: Registered protocol family 17
[STDERR  ] 2017-06-07T08:28:43.165792258Z: [    7.476805] NET: Registered protocol family 15
[STDERR  ] 2017-06-07T08:28:43.165809264Z: [    7.477966] Bridge firewalling registered
[STDERR  ] 2017-06-07T08:28:43.165820842Z: [    7.478730] Ebtables v2.0 registered
[STDERR  ] 2017-06-07T08:28:43.165831985Z: [    7.482512] l2tp_core: L2TP core driver, V2.0
[STDERR  ] 2017-06-07T08:28:43.165843214Z: [    7.483209] l2tp_ppp: PPPoL2TP kernel driver, V2.0
[STDERR  ] 2017-06-07T08:28:43.165854372Z: [    7.483691] 8021q: 802.1Q VLAN Support v1.8
[STDERR  ] 2017-06-07T08:28:43.165860004Z: [    7.485308] 9pnet: Installing 9P2000 support
[STDERR  ] 2017-06-07T08:28:43.165877004Z: [    7.486368] Key type dns_resolver registered
[STDERR  ] 2017-06-07T08:28:43.16590053Z: [    7.486845] openvswitch: Open vSwitch switching datapath
[STDERR  ] 2017-06-07T08:28:43.165911727Z: [    7.489242] mpls_gso: MPLS GSO support
[STDERR  ] 2017-06-07T08:28:43.165917158Z: [    7.490468] microcode: AMD CPU family 0x6 not supported
[STDERR  ] 2017-06-07T08:28:43.16593438Z: [    7.494561] registered taskstats version 1
[STDERR  ] 2017-06-07T08:28:43.165939954Z: [    7.528332] tsc: Refined TSC clocksource calibration: 2599.997 MHz
[STDERR  ] 2017-06-07T08:28:43.165957021Z: [    7.529393] clocksource: tsc: mask: 0xffffffffffffffff max_cycles: 0x257a391c223, max_idle_ns: 440795220104 ns
[STDERR  ] 2017-06-07T08:28:43.165963165Z: [    7.691660] Key type big_key registered
[STDERR  ] 2017-06-07T08:28:43.165980284Z: [    7.735049] Key type encrypted registered
[STDERR  ] 2017-06-07T08:28:43.165996921Z: [    7.739730] rtc_cmos 00:00: setting system clock to 2017-06-07 08:28:20 UTC (1496824100)
[STDERR  ] 2017-06-07T08:28:43.166009211Z: [    7.893469] Freeing unused kernel memory: 1456K (ffffffffaaf90000 - ffffffffab0fc000)
[STDERR  ] 2017-06-07T08:28:43.166020714Z: [    7.894640] Write protecting the kernel read-only data: 14336k
[STDERR  ] 2017-06-07T08:28:43.166032074Z: [    7.905983] Freeing unused kernel memory: 816K (ffff94b125934000 - ffff94b125a00000)
[STDERR  ] 2017-06-07T08:28:43.166043031Z: [    7.973950] Freeing unused kernel memory: 1012K (ffff94b125d03000 - ffff94b125e00000)
[STDERR  ] 2017-06-07T08:28:43.166049Z: [    8.550797] clocksource: Switched to clocksource tsc
[STDERR  ] 2017-06-07T08:28:43.166065571Z: 
[STDERR  ] 2017-06-07T08:28:43.166077478Z: Welcome to LinuxKit
[STDERR  ] 2017-06-07T08:28:43.166088761Z: 
[STDERR  ] 2017-06-07T08:28:43.16610024Z:                         ##         .
[STDERR  ] 2017-06-07T08:28:43.166106087Z:                   ## ## ##        ==
[STDERR  ] 2017-06-07T08:28:43.16612361Z:                ## ## ## ## ##    ===
[STDERR  ] 2017-06-07T08:28:43.16613512Z:            /"""""""""""""""""\___/ ===
[STDERR  ] 2017-06-07T08:28:43.166146228Z:       ~~~ {~~ ~~~~ ~~~ ~~~~ ~~~ ~ /  ===- ~~~
[STDERR  ] 2017-06-07T08:28:43.1661521Z:            \______ o           __/
[STDERR  ] 2017-06-07T08:28:43.166163221Z:              \    \         __/
[STDERR  ] 2017-06-07T08:28:43.166185828Z:               \____\_______/
[STDERR  ] 2017-06-07T08:28:43.166197325Z: 
[STDERR  ] 2017-06-07T08:28:43.166214152Z: 
[STDERR  ] 2017-06-07T08:28:43.166225454Z: 
[STDERR  ] 2017-06-07T08:28:43.166236878Z: Starting containerd
[STDERR  ] 2017-06-07T08:28:43.16625259Z: / # [6n[34mINFO[0m[0000] starting containerd boot...                   [34mmodule[0m=containerd
[STDERR  ] 2017-06-07T08:28:43.166258841Z: [34mINFO[0m[0000] starting debug API...                         [34mdebug[0m="/run/containerd/debug.sock" [34mmodule[0m=containerd
[STDERR  ] 2017-06-07T08:28:43.166276292Z: [34mINFO[0m[0000] loading monitor plugin "cgroups"...           [34mmodule[0m=containerd
[STDERR  ] 2017-06-07T08:28:43.166293898Z: [34mINFO[0m[0000] loading runtime plugin "linux"...             [34mmodule[0m=containerd
[STDERR  ] 2017-06-07T08:28:43.166300182Z: [34mINFO[0m[0000] loading snapshot plugin "snapshot-overlay"...  [34mmodule[0m=containerd
[STDERR  ] 2017-06-07T08:28:43.166311208Z: [34mINFO[0m[0000] loading grpc service plugin "containers-grpc"...  [34mmodule[0m=containerd
[STDERR  ] 2017-06-07T08:28:43.166335081Z: [34mINFO[0m[0000] loading grpc service plugin "tasks-grpc"...   [34mmodule[0m=containerd
[STDERR  ] 2017-06-07T08:28:43.166346569Z: [34mINFO[0m[0000] loading grpc service plugin "images-grpc"...  [34mmodule[0m=containerd
[STDERR  ] 2017-06-07T08:28:43.166357785Z: [34mINFO[0m[0000] loading grpc service plugin "version-grpc"...  [34mmodule[0m=containerd
[STDERR  ] 2017-06-07T08:28:43.166369138Z: [34mINFO[0m[0000] loading grpc service plugin "content-grpc"...  [34mmodule[0m=containerd
[STDERR  ] 2017-06-07T08:28:43.166380483Z: [34mINFO[0m[0000] loading grpc service plugin "diff-grpc"...    [34mmodule[0m=containerd
[STDERR  ] 2017-06-07T08:28:43.166391466Z: [34mINFO[0m[0000] loading grpc service plugin "healthcheck-grpc"...  [34mmodule[0m=containerd
[STDERR  ] 2017-06-07T08:28:43.166402961Z: [   14.363555] random: fast init done
[STDERR  ] 2017-06-07T08:28:43.166413689Z: [34mINFO[0m[0000] loading grpc service plugin "metrics-grpc"...  [34mmodule[0m=containerd
[STDERR  ] 2017-06-07T08:28:43.166424683Z: [34mINFO[0m[0000] loading grpc service plugin "snapshots-grpc"...  [34mmodule[0m=containerd
[STDERR  ] 2017-06-07T08:28:43.166430522Z: [34mINFO[0m[0000] starting GRPC API server...                   [34mmodule[0m=containerd
[STDERR  ] 2017-06-07T08:28:43.166448149Z: [34mINFO[0m[0000] starting metrics API...                       [34mmetrics[0m=":13337" [34mmodule[0m=containerd
[STDERR  ] 2017-06-07T08:28:43.166471092Z: [34mINFO[0m[0000] containerd successfully booted in 0.200505s   [34mmodule[0m=containerd
[STDERR  ] 2017-06-07T08:28:43.166477543Z: [   15.003774] IPVS: Creating netns size=2104 id=1
[STDERR  ] 2017-06-07T08:28:43.166489053Z: [   15.004685] IPVS: ftp: loaded support on port[0] = 21
[STDERR  ] 2017-06-07T08:28:43.166506368Z:  - 000-binfmt
[STDERR  ] 2017-06-07T08:28:43.166512416Z: binfmt test suite PASSED
[STDERR  ] 2017-06-07T08:28:43.168283983Z:  - 001-test
[STDERR  ] 2017-06-07T08:28:43.168294385Z: [   29.103418] ACPI: Preparing to enter system sleep state S5
[STDOUT  ] 2017-06-07T08:28:43.168451794Z: [    0.000000] Linux version 4.9.30-linuxkit (root@84baa8e89c00) (gcc version 6.2.1 20160822 (Alpine 6.2.1) ) #1 SMP Tue May 30 11:40:28 UTC 2017
[STDOUT  ] 2017-06-07T08:28:43.169735747Z: [    0.000000] Command line: console=ttyS0 page_poison=1
[STDOUT  ] 2017-06-07T08:28:43.169773125Z: [    0.000000] x86/fpu: Legacy x87 FPU detected.
[STDOUT  ] 2017-06-07T08:28:43.169793713Z: [    0.000000] x86/fpu: Using 'eager' FPU context switches.
[STDOUT  ] 2017-06-07T08:28:43.16979979Z: [    0.000000] e820: BIOS-provided physical RAM map:
[STDOUT  ] 2017-06-07T08:28:43.169813377Z: [    0.000000] BIOS-e820: [mem 0x0000000000000000-0x000000000009fbff] usable
[STDOUT  ] 2017-06-07T08:28:43.169834248Z: [    0.000000] BIOS-e820: [mem 0x000000000009fc00-0x000000000009ffff] reserved
[STDOUT  ] 2017-06-07T08:28:43.169855866Z: [    0.000000] BIOS-e820: [mem 0x00000000000f0000-0x00000000000fffff] reserved
[STDOUT  ] 2017-06-07T08:28:43.169874948Z: [    0.000000] BIOS-e820: [mem 0x0000000000100000-0x000000003ffdefff] usable
[STDOUT  ] 2017-06-07T08:28:43.16988136Z: [    0.000000] BIOS-e820: [mem 0x000000003ffdf000-0x000000003fffffff] reserved
[STDOUT  ] 2017-06-07T08:28:43.169899463Z: [    0.000000] BIOS-e820: [mem 0x00000000b0000000-0x00000000bfffffff] reserved
[STDOUT  ] 2017-06-07T08:28:43.169910646Z: [    0.000000] BIOS-e820: [mem 0x00000000fed1c000-0x00000000fed1ffff] reserved
[STDOUT  ] 2017-06-07T08:28:43.169924291Z: [    0.000000] BIOS-e820: [mem 0x00000000fffc0000-0x00000000ffffffff] reserved
[STDOUT  ] 2017-06-07T08:28:43.169936378Z: [    0.000000] NX (Execute Disable) protection: active
[STDOUT  ] 2017-06-07T08:28:43.169949417Z: [    0.000000] SMBIOS 2.8 present.
[STDOUT  ] 2017-06-07T08:28:43.169961324Z: [    0.000000] e820: last_pfn = 0x3ffdf max_arch_pfn = 0x400000000
[STDOUT  ] 2017-06-07T08:28:43.169973564Z: [    0.000000] x86/PAT: Configuration [0-7]: WB  WC  UC- UC  WB  WC  UC- WT  
[STDOUT  ] 2017-06-07T08:28:43.169988164Z: [    0.000000] found SMP MP-table at [mem 0x000f6aa0-0x000f6aaf] mapped at [ffff94b1000f6aa0]
[STDOUT  ] 2017-06-07T08:28:43.170001134Z: [    0.000000] RAMDISK: [mem 0x3ddeb000-0x3ffcffff]
[STDOUT  ] 2017-06-07T08:28:43.170012483Z: [    0.000000] ACPI: Early table checksum verification disabled
[STDOUT  ] 2017-06-07T08:28:43.170024878Z: [    0.000000] ACPI: RSDP 0x00000000000F68C0 000014 (v00 BOCHS )
[STDOUT  ] 2017-06-07T08:28:43.170036673Z: [    0.000000] ACPI: RSDT 0x000000003FFE2404 000034 (v01 BOCHS  BXPCRSDT 00000001 BXPC 00000001)
[STDOUT  ] 2017-06-07T08:28:43.170048278Z: [    0.000000] ACPI: FACP 0x000000003FFE22A4 000074 (v01 BOCHS  BXPCFACP 00000001 BXPC 00000001)
[STDOUT  ] 2017-06-07T08:28:43.170060414Z: [    0.000000] ACPI: DSDT 0x000000003FFE0040 002264 (v01 BOCHS  BXPCDSDT 00000001 BXPC 00000001)
[STDOUT  ] 2017-06-07T08:28:43.170073997Z: [    0.000000] ACPI: FACS 0x000000003FFE0000 000040
[STDOUT  ] 2017-06-07T08:28:43.170086343Z: [    0.000000] ACPI: APIC 0x000000003FFE2318 000078 (v01 BOCHS  BXPCAPIC 00000001 BXPC 00000001)
[STDOUT  ] 2017-06-07T08:28:43.170092913Z: [    0.000000] ACPI: HPET 0x000000003FFE2390 000038 (v01 BOCHS  BXPCHPET 00000001 BXPC 00000001)
[STDOUT  ] 2017-06-07T08:28:43.170112004Z: [    0.000000] ACPI: MCFG 0x000000003FFE23C8 00003C (v01 BOCHS  BXPCMCFG 00000001 BXPC 00000001)
[STDOUT  ] 2017-06-07T08:28:43.170124094Z: [    0.000000] Zone ranges:
[STDOUT  ] 2017-06-07T08:28:43.170130117Z: [    0.000000]   DMA      [mem 0x0000000000001000-0x0000000000ffffff]
[STDOUT  ] 2017-06-07T08:28:43.17014794Z: [    0.000000]   DMA32    [mem 0x0000000001000000-0x000000003ffdefff]
[STDOUT  ] 2017-06-07T08:28:43.170154261Z: [    0.000000]   Normal   empty
[STDOUT  ] 2017-06-07T08:28:43.17017369Z: [    0.000000] Movable zone start for each node
[STDOUT  ] 2017-06-07T08:28:43.170192264Z: [    0.000000] Early memory node ranges
[STDOUT  ] 2017-06-07T08:28:43.170204346Z: [    0.000000]   node   0: [mem 0x0000000000001000-0x000000000009efff]
[STDOUT  ] 2017-06-07T08:28:43.17021708Z: [    0.000000]   node   0: [mem 0x0000000000100000-0x000000003ffdefff]
[STDOUT  ] 2017-06-07T08:28:43.170229546Z: [    0.000000] Initmem setup node 0 [mem 0x0000000000001000-0x000000003ffdefff]
[STDOUT  ] 2017-06-07T08:28:43.170241677Z: [    0.000000] ACPI: PM-Timer IO Port: 0x608
[STDOUT  ] 2017-06-07T08:28:43.170253888Z: [    0.000000] ACPI: LAPIC_NMI (acpi_id[0xff] dfl dfl lint[0x1])
[STDOUT  ] 2017-06-07T08:28:43.170267828Z: [    0.000000] IOAPIC[0]: apic_id 0, version 32, address 0xfec00000, GSI 0-23
[STDOUT  ] 2017-06-07T08:28:43.170280051Z: [    0.000000] ACPI: INT_SRC_OVR (bus 0 bus_irq 0 global_irq 2 dfl dfl)
[STDOUT  ] 2017-06-07T08:28:43.170300467Z: [    0.000000] ACPI: INT_SRC_OVR (bus 0 bus_irq 5 global_irq 5 high level)
[STDOUT  ] 2017-06-07T08:28:43.170311543Z: [    0.000000] ACPI: INT_SRC_OVR (bus 0 bus_irq 9 global_irq 9 high level)
[STDOUT  ] 2017-06-07T08:28:43.17032177Z: [    0.000000] ACPI: INT_SRC_OVR (bus 0 bus_irq 10 global_irq 10 high level)
[STDOUT  ] 2017-06-07T08:28:43.170337831Z: [    0.000000] ACPI: INT_SRC_OVR (bus 0 bus_irq 11 global_irq 11 high level)
[STDOUT  ] 2017-06-07T08:28:43.170348578Z: [    0.000000] Using ACPI (MADT) for SMP configuration information
[STDOUT  ] 2017-06-07T08:28:43.170359646Z: [    0.000000] ACPI: HPET id: 0x8086a201 base: 0xfed00000
[STDOUT  ] 2017-06-07T08:28:43.17037021Z: [    0.000000] smpboot: Allowing 1 CPUs, 0 hotplug CPUs
[STDOUT  ] 2017-06-07T08:28:43.170381007Z: [    0.000000] e820: [mem 0x40000000-0xafffffff] available for PCI devices
[STDOUT  ] 2017-06-07T08:28:43.170386701Z: [    0.000000] Booting paravirtualized kernel on bare hardware
[STDOUT  ] 2017-06-07T08:28:43.170397538Z: [    0.000000] clocksource: refined-jiffies: mask: 0xffffffff max_cycles: 0xffffffff, max_idle_ns: 19112604462750000 ns
[STDOUT  ] 2017-06-07T08:28:43.170414767Z: [    0.000000] setup_percpu: NR_CPUS:128 nr_cpumask_bits:128 nr_cpu_ids:1 nr_node_ids:1
[STDOUT  ] 2017-06-07T08:28:43.170428678Z: [    0.000000] percpu: Embedded 35 pages/cpu @ffff94b13da00000 s105240 r8192 d29928 u2097152
[STDOUT  ] 2017-06-07T08:28:43.170439776Z: [    0.000000] Built 1 zonelists in Zone order, mobility grouping on.  Total pages: 257896
[STDOUT  ] 2017-06-07T08:28:43.170450768Z: [    0.000000] Kernel command line: console=ttyS0 page_poison=1
[STDOUT  ] 2017-06-07T08:28:43.170468466Z: [    0.000000] PID hash table entries: 4096 (order: 3, 32768 bytes)
[STDOUT  ] 2017-06-07T08:28:43.170479147Z: [    0.000000] Dentry cache hash table entries: 131072 (order: 8, 1048576 bytes)
[STDOUT  ] 2017-06-07T08:28:43.170489854Z: [    0.000000] Inode-cache hash table entries: 65536 (order: 7, 524288 bytes)
[STDOUT  ] 2017-06-07T08:28:43.170504747Z: [    0.000000] Memory: 977072K/1048052K available (9409K kernel code, 1593K rwdata, 3084K rodata, 1456K init, 604K bss, 70980K reserved, 0K cma-reserved)
[STDOUT  ] 2017-06-07T08:28:43.170516133Z: [    0.000000] Hierarchical RCU implementation.
[STDOUT  ] 2017-06-07T08:28:43.170589832Z: [    0.000000] 	Build-time adjustment of leaf fanout to 64.
[STDOUT  ] 2017-06-07T08:28:43.170608984Z: [    0.000000] 	RCU restricting CPUs from NR_CPUS=128 to nr_cpu_ids=1.
[STDOUT  ] 2017-06-07T08:28:43.170619575Z: [    0.000000] RCU: Adjusting geometry for rcu_fanout_leaf=64, nr_cpu_ids=1
[STDOUT  ] 2017-06-07T08:28:43.170632264Z: [    0.000000] NR_IRQS:8448 nr_irqs:256 16
[STDOUT  ] 2017-06-07T08:28:43.170643208Z: [    0.000000] Console: colour VGA+ 80x25
[STDOUT  ] 2017-06-07T08:28:43.170653931Z: [    0.000000] console [ttyS0] enabled
[STDOUT  ] 2017-06-07T08:28:43.170659304Z: [    0.000000] allocated 2097152 bytes of page_ext
[STDOUT  ] 2017-06-07T08:28:43.170681738Z: [    0.000000] clocksource: hpet: mask: 0xffffffff max_cycles: 0xffffffff, max_idle_ns: 19112604467 ns
[STDOUT  ] 2017-06-07T08:28:43.170693867Z: [    0.000000] tsc: Fast TSC calibration failed
[STDOUT  ] 2017-06-07T08:28:43.170704395Z: [    0.000000] tsc: Unable to calibrate against PIT
[STDOUT  ] 2017-06-07T08:28:43.170715381Z: [    0.000000] tsc: using HPET reference calibration
[STDOUT  ] 2017-06-07T08:28:43.170725138Z: [    0.000000] tsc: Detected 2600.058 MHz processor
[STDOUT  ] 2017-06-07T08:28:43.170735584Z: [    0.061413] Calibrating delay loop (skipped), value calculated using timer frequency.. 5200.11 BogoMIPS (lpj=26000580)
[STDOUT  ] 2017-06-07T08:28:43.170745548Z: [    0.063118] pid_max: default: 32768 minimum: 301
[STDOUT  ] 2017-06-07T08:28:43.170755387Z: [    0.064598] ACPI: Core revision 20160831
[STDOUT  ] 2017-06-07T08:28:43.170765559Z: [    0.127387] ACPI: 1 ACPI AML tables successfully acquired and loaded
[STDOUT  ] 2017-06-07T08:28:43.170776005Z: [    0.132964] Security Framework initialized
[STDOUT  ] 2017-06-07T08:28:43.170790261Z: [    0.134068] Yama: becoming mindful.
[STDOUT  ] 2017-06-07T08:28:43.170800579Z: [    0.136754] Mount-cache hash table entries: 2048 (order: 2, 16384 bytes)
[STDOUT  ] 2017-06-07T08:28:43.170810465Z: [    0.137965] Mountpoint-cache hash table entries: 2048 (order: 2, 16384 bytes)
[STDOUT  ] 2017-06-07T08:28:43.170829071Z: [    0.166377] Last level iTLB entries: 4KB 0, 2MB 0, 4MB 0
[STDOUT  ] 2017-06-07T08:28:43.170841101Z: [    0.167749] Last level dTLB entries: 4KB 0, 2MB 0, 4MB 0, 1GB 0
[STDOUT  ] 2017-06-07T08:28:43.170852947Z: [    0.619173] Freeing SMP alternatives memory: 24K (ffffffffab0fc000 - ffffffffab102000)
[STDOUT  ] 2017-06-07T08:28:43.170870255Z: [    0.628253] ftrace: allocating 41532 entries in 163 pages
[STDOUT  ] 2017-06-07T08:28:43.170881354Z: [    0.818507] smpboot: Max logical packages: 1
[STDOUT  ] 2017-06-07T08:28:43.170892065Z: [    0.824718] ..TIMER: vector=0x30 apic1=0 pin1=2 apic2=-1 pin2=-1
[STDOUT  ] 2017-06-07T08:28:43.170897538Z: [    0.930000] smpboot: CPU0: AMD QEMU Virtual CPU version 2.5+ (family: 0x6, model: 0x6, stepping: 0x3)
[STDOUT  ] 2017-06-07T08:28:43.170908264Z: [    0.930000] Performance Events: PMU not available due to virtualization, using software events only.
[STDOUT  ] 2017-06-07T08:28:43.170924531Z: [    0.940877] NMI watchdog: disabled (cpu0): hardware events not enabled
[STDOUT  ] 2017-06-07T08:28:43.170929737Z: [    0.941661] NMI watchdog: Shutting down hard lockup detector on all cpus
[STDOUT  ] 2017-06-07T08:28:43.170945031Z: [    0.944514] x86: Booted up 1 node, 1 CPUs
[STDOUT  ] 2017-06-07T08:28:43.170950312Z: [    0.945091] smpboot: Total of 1 processors activated (5200.11 BogoMIPS)
[STDOUT  ] 2017-06-07T08:28:43.170965951Z: [    0.959419] devtmpfs: initialized
[STDOUT  ] 2017-06-07T08:28:43.170976317Z: [    0.964485] x86/mm: Memory block size: 128MB
[STDOUT  ] 2017-06-07T08:28:43.170987514Z: [    1.027313] clocksource: jiffies: mask: 0xffffffff max_cycles: 0xffffffff, max_idle_ns: 19112604462750000 ns
[STDOUT  ] 2017-06-07T08:28:43.171001637Z: [    1.028721] futex hash table entries: 256 (order: 2, 16384 bytes)
[STDOUT  ] 2017-06-07T08:28:43.171012727Z: [    1.038044] NET: Registered protocol family 16
[STDOUT  ] 2017-06-07T08:28:43.171023392Z: [    1.047908] cpuidle: using governor ladder
[STDOUT  ] 2017-06-07T08:28:43.171028685Z: [    1.048665] cpuidle: using governor menu
[STDOUT  ] 2017-06-07T08:28:43.171046385Z: [    1.050273] ACPI: bus type PCI registered
[STDOUT  ] 2017-06-07T08:28:43.171058221Z: [    1.053263] PCI: MMCONFIG for domain 0000 [bus 00-ff] at [mem 0xb0000000-0xbfffffff] (base 0xb0000000)
[STDOUT  ] 2017-06-07T08:28:43.171065429Z: [    1.054456] PCI: MMCONFIG at [mem 0xb0000000-0xbfffffff] reserved in E820
[STDOUT  ] 2017-06-07T08:28:43.171087775Z: [    1.056065] PCI: Using configuration type 1 for base access
[STDOUT  ] 2017-06-07T08:28:43.171101402Z: [    1.126723] HugeTLB registered 2 MB page size, pre-allocated 0 pages
[STDOUT  ] 2017-06-07T08:28:43.171106735Z: [    1.140331] ACPI: Added _OSI(Module Device)
[STDOUT  ] 2017-06-07T08:28:43.171117245Z: [    1.140875] ACPI: Added _OSI(Processor Device)
[STDOUT  ] 2017-06-07T08:28:43.171140276Z: [    1.141480] ACPI: Added _OSI(3.0 _SCP Extensions)
[STDOUT  ] 2017-06-07T08:28:43.171151636Z: [    1.142083] ACPI: Added _OSI(Processor Aggregator Device)
[STDOUT  ] 2017-06-07T08:28:43.171162676Z: [    1.218368] ACPI: Interpreter enabled
[STDOUT  ] 2017-06-07T08:28:43.171168572Z: [    1.219545] ACPI: (supports S0 S5)
[STDOUT  ] 2017-06-07T08:28:43.171180025Z: [    1.220114] ACPI: Using IOAPIC for interrupt routing
[STDOUT  ] 2017-06-07T08:28:43.171197715Z: [    1.222346] PCI: Using host bridge windows from ACPI; if necessary, use "pci=nocrs" and report a bug
[STDOUT  ] 2017-06-07T08:28:43.171209479Z: [    1.290134] ACPI: PCI Root Bridge [PCI0] (domain 0000 [bus 00-ff])
[STDOUT  ] 2017-06-07T08:28:43.171220993Z: [    1.292066] acpi PNP0A08:00: _OSC: OS supports [ExtendedConfig ASPM ClockPM Segments MSI]
[STDOUT  ] 2017-06-07T08:28:43.171232423Z: [    1.298430] acpi PNP0A08:00: _OSC: OS now controls [PCIeHotplug PME PCIeCapability]
[STDOUT  ] 2017-06-07T08:28:43.17124959Z: [    1.303098] PCI host bridge to bus 0000:00
[STDOUT  ] 2017-06-07T08:28:43.171261129Z: [    1.303832] pci_bus 0000:00: root bus resource [io  0x0000-0x0cf7 window]
[STDOUT  ] 2017-06-07T08:28:43.17127753Z: [    1.304523] pci_bus 0000:00: root bus resource [io  0x0d00-0xffff window]
[STDOUT  ] 2017-06-07T08:28:43.171289159Z: [    1.305201] pci_bus 0000:00: root bus resource [mem 0x000a0000-0x000bffff window]
[STDOUT  ] 2017-06-07T08:28:43.171300446Z: [    1.305940] pci_bus 0000:00: root bus resource [mem 0xc0000000-0xfebfffff window]
[STDOUT  ] 2017-06-07T08:28:43.171312572Z: [    1.306913] pci_bus 0000:00: root bus resource [bus 00-ff]
[STDOUT  ] 2017-06-07T08:28:43.17132423Z: [    1.401730] pci 0000:00:1f.0: quirk: [io  0x0600-0x067f] claimed by ICH6 ACPI/GPIO/TCO
[STDOUT  ] 2017-06-07T08:28:43.171336296Z: [    1.460440] ACPI: PCI Interrupt Link [LNKA] (IRQs 5 *10 11)
[STDOUT  ] 2017-06-07T08:28:43.171348393Z: [    1.463136] ACPI: PCI Interrupt Link [LNKB] (IRQs 5 *10 11)
[STDOUT  ] 2017-06-07T08:28:43.171354562Z: [    1.465283] ACPI: PCI Interrupt Link [LNKC] (IRQs 5 10 *11)
[STDOUT  ] 2017-06-07T08:28:43.17137176Z: [    1.467438] ACPI: PCI Interrupt Link [LNKD] (IRQs 5 10 *11)
[STDOUT  ] 2017-06-07T08:28:43.171384628Z: [    1.469648] ACPI: PCI Interrupt Link [LNKE] (IRQs 5 *10 11)
[STDOUT  ] 2017-06-07T08:28:43.171399335Z: [    1.471980] ACPI: PCI Interrupt Link [LNKF] (IRQs 5 *10 11)
[STDOUT  ] 2017-06-07T08:28:43.171406449Z: [    1.474214] ACPI: PCI Interrupt Link [LNKG] (IRQs 5 10 *11)
[STDOUT  ] 2017-06-07T08:28:43.171423722Z: [    1.476431] ACPI: PCI Interrupt Link [LNKH] (IRQs 5 10 *11)
[STDOUT  ] 2017-06-07T08:28:43.171429709Z: [    1.477704] ACPI: PCI Interrupt Link [GSIA] (IRQs *16)
[STDOUT  ] 2017-06-07T08:28:43.171446775Z: [    1.478672] ACPI: PCI Interrupt Link [GSIB] (IRQs *17)
[STDOUT  ] 2017-06-07T08:28:43.171452789Z: [    1.480121] ACPI: PCI Interrupt Link [GSIC] (IRQs *18)
[STDOUT  ] 2017-06-07T08:28:43.171470133Z: [    1.481120] ACPI: PCI Interrupt Link [GSID] (IRQs *19)
[STDOUT  ] 2017-06-07T08:28:43.171481582Z: [    1.482061] ACPI: PCI Interrupt Link [GSIE] (IRQs *20)
[STDOUT  ] 2017-06-07T08:28:43.171492848Z: [    1.482975] ACPI: PCI Interrupt Link [GSIF] (IRQs *21)
[STDOUT  ] 2017-06-07T08:28:43.17150431Z: [    1.483872] ACPI: PCI Interrupt Link [GSIG] (IRQs *22)
[STDOUT  ] 2017-06-07T08:28:43.171515495Z: [    1.484856] ACPI: PCI Interrupt Link [GSIH] (IRQs *23)
[STDOUT  ] 2017-06-07T08:28:43.171526959Z: [    1.489293] ACPI: Enabled 2 GPEs in block 00 to 3F
[STDOUT  ] 2017-06-07T08:28:43.171546455Z: [    1.494356] SCSI subsystem initialized
[STDOUT  ] 2017-06-07T08:28:43.17155831Z: [    1.497432] pps_core: LinuxPPS API ver. 1 registered
[STDOUT  ] 2017-06-07T08:28:43.171570309Z: [    1.497958] pps_core: Software ver. 5.3.6 - Copyright 2005-2007 Rodolfo Giometti <giometti@linux.it>
[STDOUT  ] 2017-06-07T08:28:43.171581943Z: [    1.499097] PTP clock support registered
[STDOUT  ] 2017-06-07T08:28:43.171593333Z: [    1.501054] wmi: Mapper loaded
[STDOUT  ] 2017-06-07T08:28:43.171599122Z: [    1.502481] PCI: Using ACPI for IRQ routing
[STDOUT  ] 2017-06-07T08:28:43.171625399Z: [    1.522653] NetLabel: Initializing
[STDOUT  ] 2017-06-07T08:28:43.171637176Z: [    1.523140] NetLabel:  domain hash size = 128
[STDOUT  ] 2017-06-07T08:28:43.171649142Z: [    1.523621] NetLabel:  protocols = UNLABELED CIPSOv4
[STDOUT  ] 2017-06-07T08:28:43.171661499Z: [    1.525988] NetLabel:  unlabeled traffic allowed by default
[STDOUT  ] 2017-06-07T08:28:43.17166787Z: [    1.527424] HPET: 3 timers in total, 0 timers will be used for per-cpu timer
[STDOUT  ] 2017-06-07T08:28:43.171685652Z: [    1.528521] hpet0: at MMIO 0xfed00000, IRQs 2, 8, 0
[STDOUT  ] 2017-06-07T08:28:43.171698218Z: [    1.529287] hpet0: 3 comparators, 64-bit 100.000000 MHz counter
[STDOUT  ] 2017-06-07T08:28:43.171711306Z: [    1.535055] clocksource: Switched to clocksource hpet
[STDOUT  ] 2017-06-07T08:28:43.171726413Z: [    1.826622] VFS: Disk quotas dquot_6.6.0
[STDOUT  ] 2017-06-07T08:28:43.171738667Z: [    1.827936] VFS: Dquot-cache hash table entries: 512 (order 0, 4096 bytes)
[STDOUT  ] 2017-06-07T08:28:43.171750871Z: [    1.831487] FS-Cache: Loaded
[STDOUT  ] 2017-06-07T08:28:43.171762317Z: [    1.837854] CacheFiles: Loaded
[STDOUT  ] 2017-06-07T08:28:43.171778791Z: [    1.840822] pnp: PnP ACPI init
[STDOUT  ] 2017-06-07T08:28:43.171791096Z: [    1.855757] pnp: PnP ACPI: found 5 devices
[STDOUT  ] 2017-06-07T08:28:43.17180348Z: [    1.908388] clocksource: acpi_pm: mask: 0xffffff max_cycles: 0xffffff, max_idle_ns: 2085701024 ns
[STDOUT  ] 2017-06-07T08:28:43.171815287Z: [    1.912132] NET: Registered protocol family 2
[STDOUT  ] 2017-06-07T08:28:43.171827346Z: [    1.919449] TCP established hash table entries: 8192 (order: 4, 65536 bytes)
[STDOUT  ] 2017-06-07T08:28:43.17183853Z: [    1.920838] TCP bind hash table entries: 8192 (order: 5, 131072 bytes)
[STDOUT  ] 2017-06-07T08:28:43.171849811Z: [    1.922234] TCP: Hash tables configured (established 8192 bind 8192)
[STDOUT  ] 2017-06-07T08:28:43.171861477Z: [    1.924003] UDP hash table entries: 512 (order: 2, 16384 bytes)
[STDOUT  ] 2017-06-07T08:28:43.171873821Z: [    1.924857] UDP-Lite hash table entries: 512 (order: 2, 16384 bytes)
[STDOUT  ] 2017-06-07T08:28:43.171885371Z: [    1.927600] NET: Registered protocol family 1
[STDOUT  ] 2017-06-07T08:28:43.171896814Z: [    1.932102] RPC: Registered named UNIX socket transport module.
[STDOUT  ] 2017-06-07T08:28:43.171907763Z: [    1.932814] RPC: Registered udp transport module.
[STDOUT  ] 2017-06-07T08:28:43.171918204Z: [    1.933270] RPC: Registered tcp transport module.
[STDOUT  ] 2017-06-07T08:28:43.171928501Z: [    1.933737] RPC: Registered tcp NFSv4.1 backchannel transport module.
[STDOUT  ] 2017-06-07T08:28:43.171938769Z: [    1.934841] pci 0000:00:01.0: Video device with shadowed ROM at [mem 0x000c0000-0x000dffff]
[STDOUT  ] 2017-06-07T08:28:43.171949927Z: [    1.943783] Unpacking initramfs...
[STDOUT  ] 2017-06-07T08:28:43.171960856Z: [    6.488416] Freeing initrd memory: 34708K (ffff94b13ddeb000 - ffff94b13ffd0000)
[STDOUT  ] 2017-06-07T08:28:43.171972101Z: [    6.514348] PCLMULQDQ-NI instructions are not detected.
[STDOUT  ] 2017-06-07T08:28:43.171982926Z: [    6.515890] AVX or AES-NI instructions are not detected.
[STDOUT  ] 2017-06-07T08:28:43.171993916Z: [    6.516545] CPU feature 'AVX registers' is not supported.
[STDOUT  ] 2017-06-07T08:28:43.172004946Z: [    6.517131] CPU feature 'AVX registers' is not supported.
[STDOUT  ] 2017-06-07T08:28:43.172015493Z: [    6.517704] CPU feature 'AVX registers' is not supported.
[STDOUT  ] 2017-06-07T08:28:43.172028501Z: [    6.518360] CPU feature 'AVX registers' is not supported.
[STDOUT  ] 2017-06-07T08:28:43.172042656Z: [    6.518931] AVX2 or AES-NI instructions are not detected.
[STDOUT  ] 2017-06-07T08:28:43.172048499Z: [    6.519462] AVX2 instructions are not detected.
[STDOUT  ] 2017-06-07T08:28:43.1720661Z: [    6.528384] audit: initializing netlink subsys (disabled)
[STDOUT  ] 2017-06-07T08:28:43.1720719Z: [    6.530520] audit: type=2000 audit(1496824098.520:1): initialized
[STDOUT  ] 2017-06-07T08:28:43.172096923Z: [    6.538403] workingset: timestamp_bits=46 max_order=18 bucket_order=0
[STDOUT  ] 2017-06-07T08:28:43.172107881Z: [    6.544330] FS-Cache: Netfs 'nfs' registered for caching
[STDOUT  ] 2017-06-07T08:28:43.172118764Z: [    6.546670] NFS: Registering the id_resolver key type
[STDOUT  ] 2017-06-07T08:28:43.172129361Z: [    6.548148] Key type id_resolver registered
[STDOUT  ] 2017-06-07T08:28:43.172139816Z: [    6.548594] Key type id_legacy registered
[STDOUT  ] 2017-06-07T08:28:43.172159987Z: [    6.549234] nfs4filelayout_init: NFSv4 File Layout Driver Registering...
[STDOUT  ] 2017-06-07T08:28:43.172171506Z: [    6.550824] Installing knfsd (copyright (C) 1996 okir@monad.swb.de).
[STDOUT  ] 2017-06-07T08:28:43.172182486Z: [    6.554626] FS-Cache: Netfs 'cifs' registered for caching
[STDOUT  ] 2017-06-07T08:28:43.172188479Z: [    6.555819] ntfs: driver 2.1.32 [Flags: R/O].
[STDOUT  ] 2017-06-07T08:28:43.172204794Z: [    6.556595] fuse init (API version 7.26)
[STDOUT  ] 2017-06-07T08:28:43.172210521Z: [    6.559155] SGI XFS with ACLs, security attributes, no debug enabled
[STDOUT  ] 2017-06-07T08:28:43.172226409Z: [    6.563641] 9p: Installing v9fs 9p2000 file system support
[STDOUT  ] 2017-06-07T08:28:43.172242746Z: [    6.564419] FS-Cache: Netfs '9p' registered for caching
[STDOUT  ] 2017-06-07T08:28:43.172253847Z: [    6.598937] NET: Registered protocol family 38
[STDOUT  ] 2017-06-07T08:28:43.172266267Z: [    6.599866] Key type asymmetric registered
[STDOUT  ] 2017-06-07T08:28:43.172272189Z: [    6.601367] Asymmetric key parser 'x509' registered
[STDOUT  ] 2017-06-07T08:28:43.172293667Z: [    6.602537] Block layer SCSI generic (bsg) driver version 0.4 loaded (major 251)
[STDOUT  ] 2017-06-07T08:28:43.172304894Z: [    6.604205] io scheduler noop registered
[STDOUT  ] 2017-06-07T08:28:43.172310867Z: [    6.604729] io scheduler deadline registered (default)
[STDOUT  ] 2017-06-07T08:28:43.172329397Z: [    6.605583] io scheduler cfq registered
[STDOUT  ] 2017-06-07T08:28:43.172341901Z: [    6.608436] pci_hotplug: PCI Hot Plug PCI Core version: 0.5
[STDOUT  ] 2017-06-07T08:28:43.17235302Z: [    6.609322] pciehp: PCI Express Hot Plug Controller Driver version: 0.4
[STDOUT  ] 2017-06-07T08:28:43.172364308Z: [    6.611513] shpchp: Standard Hot Plug PCI Controller Driver version: 0.4
[STDOUT  ] 2017-06-07T08:28:43.17237633Z: [    6.612666] hv_vmbus: registering driver hyperv_fb
[STDOUT  ] 2017-06-07T08:28:43.172386622Z: [    6.616081] input: Power Button as /devices/LNXSYSTM:00/LNXPWRBN:00/input/input0
[STDOUT  ] 2017-06-07T08:28:43.172398497Z: [    6.617564] ACPI: Power Button [PWRF]
[STDOUT  ] 2017-06-07T08:28:43.172413112Z: [    6.623030] GHES: HEST is not enabled!
[STDOUT  ] 2017-06-07T08:28:43.17242518Z: [    6.635336] ACPI: PCI Interrupt Link [GSIH] enabled at IRQ 23
[STDOUT  ] 2017-06-07T08:28:43.172436904Z: [    6.642941] xenfs: not registering filesystem on non-xen platform
[STDOUT  ] 2017-06-07T08:28:43.172442698Z: [    6.645424] Serial: 8250/16550 driver, 4 ports, IRQ sharing disabled
[STDOUT  ] 2017-06-07T08:28:43.172459855Z: [    6.670997] 00:04: ttyS0 at I/O 0x3f8 (irq = 4, base_baud = 115200) is a 16550A
[STDOUT  ] 2017-06-07T08:28:43.172465584Z: [    6.678470] Initializing Nozomi driver 2.1d
[STDOUT  ] 2017-06-07T08:28:43.172483691Z: [    6.683334] Non-volatile memory driver v1.3
[STDOUT  ] 2017-06-07T08:28:43.172495955Z: [    6.690494] Hangcheck: starting hangcheck timer 0.9.1 (tick is 180 seconds, margin is 60 seconds).
[STDOUT  ] 2017-06-07T08:28:43.172508404Z: [    6.729377] loop: module loaded
[STDOUT  ] 2017-06-07T08:28:43.172519911Z: [    6.744604] nbd: registered device at major 43
[STDOUT  ] 2017-06-07T08:28:43.172531474Z: [    6.786216] lpc_ich 0000:00:1f.0: I/O space for GPIO uninitialized
[STDOUT  ] 2017-06-07T08:28:43.172551671Z: [    6.788327] VMware PVSCSI driver - version 1.0.7.0-k
[STDOUT  ] 2017-06-07T08:28:43.172562841Z: [    6.789272] hv_vmbus: registering driver hv_storvsc
[STDOUT  ] 2017-06-07T08:28:43.172568995Z: [    6.799962] ACPI: PCI Interrupt Link [GSIA] enabled at IRQ 16
[STDOUT  ] 2017-06-07T08:28:43.17258555Z: [    6.807028] ahci 0000:00:1f.2: AHCI 0001.0000 32 slots 6 ports 1.5 Gbps 0x3f impl SATA mode
[STDOUT  ] 2017-06-07T08:28:43.172603274Z: [    6.808083] ahci 0000:00:1f.2: flags: 64bit ncq only 
[STDOUT  ] 2017-06-07T08:28:43.172617277Z: [    6.836383] scsi host0: ahci
[STDOUT  ] 2017-06-07T08:28:43.172623387Z: [    6.843533] scsi host1: ahci
[STDOUT  ] 2017-06-07T08:28:43.172634754Z: [    6.846111] scsi host2: ahci
[STDOUT  ] 2017-06-07T08:28:43.172652362Z: [    6.848473] scsi host3: ahci
[STDOUT  ] 2017-06-07T08:28:43.172664355Z: [    6.851136] scsi host4: ahci
[STDOUT  ] 2017-06-07T08:28:43.172675721Z: [    6.853635] scsi host5: ahci
[STDOUT  ] 2017-06-07T08:28:43.17268744Z: [    6.855673] ata1: SATA max UDMA/133 abar m4096@0xfebf1000 port 0xfebf1100 irq 24
[STDOUT  ] 2017-06-07T08:28:43.172693365Z: [    6.856488] ata2: SATA max UDMA/133 abar m4096@0xfebf1000 port 0xfebf1180 irq 24
[STDOUT  ] 2017-06-07T08:28:43.172704518Z: [    6.857273] ata3: SATA max UDMA/133 abar m4096@0xfebf1000 port 0xfebf1200 irq 24
[STDOUT  ] 2017-06-07T08:28:43.172721915Z: [    6.857921] ata4: SATA max UDMA/133 abar m4096@0xfebf1000 port 0xfebf1280 irq 24
[STDOUT  ] 2017-06-07T08:28:43.172732677Z: [    6.858589] ata5: SATA max UDMA/133 abar m4096@0xfebf1000 port 0xfebf1300 irq 24
[STDOUT  ] 2017-06-07T08:28:43.172744322Z: [    6.859241] ata6: SATA max UDMA/133 abar m4096@0xfebf1000 port 0xfebf1380 irq 24
[STDOUT  ] 2017-06-07T08:28:43.172766634Z: [    6.869854] Ethernet Channel Bonding Driver: v3.7.1 (April 27, 2011)
[STDOUT  ] 2017-06-07T08:28:43.17277831Z: [    6.889693] tun: Universal TUN/TAP device driver, 1.6
[STDOUT  ] 2017-06-07T08:28:43.172789525Z: [    6.890750] tun: (C) 1999-2004 Max Krasnyansky <maxk@qualcomm.com>
[STDOUT  ] 2017-06-07T08:28:43.172800912Z: [    6.892649] ena: Elastic Network Adapter (ENA) v1.0.2
[STDOUT  ] 2017-06-07T08:28:43.172807035Z: [    6.894240] e1000: Intel(R) PRO/1000 Network Driver - version 7.3.21-k8-NAPI
[STDOUT  ] 2017-06-07T08:28:43.172823768Z: [    6.894909] e1000: Copyright (c) 1999-2006 Intel Corporation.
[STDOUT  ] 2017-06-07T08:28:43.17283511Z: [    6.903569] ACPI: PCI Interrupt Link [GSIG] enabled at IRQ 22
[STDOUT  ] 2017-06-07T08:28:43.172846524Z: [    7.191037] ata2: SATA link down (SStatus 0 SControl 300)
[STDOUT  ] 2017-06-07T08:28:43.172861835Z: [    7.193451] ata1: SATA link down (SStatus 0 SControl 300)
[STDOUT  ] 2017-06-07T08:28:43.17286765Z: [    7.194586] ata3: SATA link up 1.5 Gbps (SStatus 113 SControl 300)
[STDOUT  ] 2017-06-07T08:28:43.172886638Z: [    7.198236] ata3.00: ATAPI: QEMU DVD-ROM, 2.5+, max UDMA/100
[STDOUT  ] 2017-06-07T08:28:43.17289238Z: [    7.199067] ata3.00: applying bridge limits
[STDOUT  ] 2017-06-07T08:28:43.172909765Z: [    7.200948] ata6: SATA link down (SStatus 0 SControl 300)
[STDOUT  ] 2017-06-07T08:28:43.172927363Z: [    7.201941] ata4: SATA link down (SStatus 0 SControl 300)
[STDOUT  ] 2017-06-07T08:28:43.172933451Z: [    7.202704] ata5: SATA link down (SStatus 0 SControl 300)
[STDOUT  ] 2017-06-07T08:28:43.172950495Z: [    7.211962] ata3.00: configured for UDMA/100
[STDOUT  ] 2017-06-07T08:28:43.172956853Z: [    7.226324] scsi 2:0:0:0: CD-ROM            QEMU     QEMU DVD-ROM     2.5+ PQ: 0 ANSI: 5
[STDOUT  ] 2017-06-07T08:28:43.172974431Z: [    7.253454] sr 2:0:0:0: [sr0] scsi3-mmc drive: 4x/4x cd/rw xa/form2 tray
[STDOUT  ] 2017-06-07T08:28:43.172985743Z: [    7.254640] cdrom: Uniform CD-ROM driver Revision: 3.20
[STDOUT  ] 2017-06-07T08:28:43.172997103Z: [    7.261730] sr 2:0:0:0: Attached scsi generic sg0 type 5
[STDOUT  ] 2017-06-07T08:28:43.173002868Z: [    7.294742] e1000 0000:00:02.0 eth0: (PCI:33MHz:32-bit) 52:54:00:12:34:56
[STDOUT  ] 2017-06-07T08:28:43.173019583Z: [    7.295799] e1000 0000:00:02.0 eth0: Intel(R) PRO/1000 Network Connection
[STDOUT  ] 2017-06-07T08:28:43.173030853Z: [    7.297022] e1000e: Intel(R) PRO/1000 Network Driver - 3.2.6-k
[STDOUT  ] 2017-06-07T08:28:43.173047491Z: [    7.297591] e1000e: Copyright(c) 1999 - 2015 Intel Corporation.
[STDOUT  ] 2017-06-07T08:28:43.173054379Z: [    7.298612] igb: Intel(R) Gigabit Ethernet Network Driver - version 5.4.0-k
[STDOUT  ] 2017-06-07T08:28:43.173065258Z: [    7.299288] igb: Copyright (c) 2007-2014 Intel Corporation.
[STDOUT  ] 2017-06-07T08:28:43.173082403Z: [    7.300676] igbvf: Intel(R) Gigabit Virtual Function Network Driver - version 2.4.0-k
[STDOUT  ] 2017-06-07T08:28:43.173095335Z: [    7.301424] igbvf: Copyright (c) 2009 - 2012 Intel Corporation.
[STDOUT  ] 2017-06-07T08:28:43.173106806Z: [    7.302454] ixgbe: Intel(R) 10 Gigabit PCI Express Network Driver - version 4.4.0-k
[STDOUT  ] 2017-06-07T08:28:43.173117983Z: [    7.303187] ixgbe: Copyright (c) 1999-2016 Intel Corporation.
[STDOUT  ] 2017-06-07T08:28:43.173129648Z: [    7.305201] ixgbevf: Intel(R) 10 Gigabit PCI Express Virtual Function Network Driver - version 3.2.2-k
[STDOUT  ] 2017-06-07T08:28:43.173140391Z: [    7.306073] ixgbevf: Copyright (c) 2009 - 2015 Intel Corporation.
[STDOUT  ] 2017-06-07T08:28:43.173150241Z: [    7.307678] ixgb: Intel(R) PRO/10GbE Network Driver - version 1.0.135-k2-NAPI
[STDOUT  ] 2017-06-07T08:28:43.173159958Z: [    7.308392] ixgb: Copyright (c) 1999-2008 Intel Corporation.
[STDOUT  ] 2017-06-07T08:28:43.173171499Z: [    7.309844] PPP generic driver version 2.4.2
[STDOUT  ] 2017-06-07T08:28:43.173187851Z: [    7.311870] PPP BSD Compression module registered
[STDOUT  ] 2017-06-07T08:28:43.173199328Z: [    7.312419] PPP Deflate Compression module registered
[STDOUT  ] 2017-06-07T08:28:43.173210681Z: [    7.313296] PPP MPPE Compression module registered
[STDOUT  ] 2017-06-07T08:28:43.173228459Z: [    7.313818] NET: Registered protocol family 24
[STDOUT  ] 2017-06-07T08:28:43.173234835Z: [    7.314627] PPTP driver version 0.8.5
[STDOUT  ] 2017-06-07T08:28:43.173246189Z: [    7.315852] VMware vmxnet3 virtual NIC driver - version 1.4.a.0-k-NAPI
[STDOUT  ] 2017-06-07T08:28:43.173262948Z: [    7.317052] hv_vmbus: registering driver hv_netvsc
[STDOUT  ] 2017-06-07T08:28:43.173268539Z: [    7.317599] Fusion MPT base driver 3.04.20
[STDOUT  ] 2017-06-07T08:28:43.173283699Z: [    7.318000] Copyright (c) 1999-2008 LSI Corporation
[STDOUT  ] 2017-06-07T08:28:43.173294259Z: [    7.318801] Fusion MPT SPI Host driver 3.04.20
[STDOUT  ] 2017-06-07T08:28:43.173299525Z: [    7.325585] aoe: AoE v85 initialised.
[STDOUT  ] 2017-06-07T08:28:43.173315711Z: [    7.328610] i8042: PNP: PS/2 Controller [PNP0303:KBD,PNP0f13:MOU] at 0x60,0x64 irq 1,12
[STDOUT  ] 2017-06-07T08:28:43.173321009Z: [    7.333509] serio: i8042 KBD port at 0x60,0x64 irq 1
[STDOUT  ] 2017-06-07T08:28:43.173335871Z: [    7.334468] serio: i8042 AUX port at 0x60,0x64 irq 12
[STDOUT  ] 2017-06-07T08:28:43.173346083Z: [    7.337987] hv_vmbus: registering driver hyperv_keyboard
[STDOUT  ] 2017-06-07T08:28:43.173354276Z: [    7.341245] mousedev: PS/2 mouse device common for all mice
[STDOUT  ] 2017-06-07T08:28:43.173370701Z: [    7.348436] input: AT Translated Set 2 keyboard as /devices/platform/i8042/serio0/input/input1
[STDOUT  ] 2017-06-07T08:28:43.173381433Z: [    7.351874] input: PC Speaker as /devices/platform/pcspkr/input/input2
[STDOUT  ] 2017-06-07T08:28:43.173391926Z: [    7.355523] rtc_cmos 00:00: RTC can wake from S4
[STDOUT  ] 2017-06-07T08:28:43.173402632Z: [    7.360522] rtc_cmos 00:00: rtc core: registered rtc_cmos as rtc0
[STDOUT  ] 2017-06-07T08:28:43.173413119Z: [    7.362055] rtc_cmos 00:00: alarms up to one day, y3k, 114 bytes nvram, hpet irqs
[STDOUT  ] 2017-06-07T08:28:43.173418463Z: [    7.363102] i2c /dev entries driver
[STDOUT  ] 2017-06-07T08:28:43.173433832Z: [    7.365317] device-mapper: ioctl: 4.35.0-ioctl (2016-06-23) initialised: dm-devel@redhat.com
[STDOUT  ] 2017-06-07T08:28:43.173444458Z: [    7.370754] hv_utils: Registering HyperV Utility Driver
[STDOUT  ] 2017-06-07T08:28:43.173449648Z: [    7.371313] hv_vmbus: registering driver hv_util
[STDOUT  ] 2017-06-07T08:28:43.173464749Z: [    7.371809] hv_vmbus: registering driver hv_balloon
[STDOUT  ] 2017-06-07T08:28:43.173474769Z: [    7.372601] oprofile: using NMI interrupt.
[STDOUT  ] 2017-06-07T08:28:43.173490503Z: [    7.373843] GACT probability on
[STDOUT  ] 2017-06-07T08:28:43.173508768Z: [    7.374489] Mirror/redirect action on
[STDOUT  ] 2017-06-07T08:28:43.173519897Z: [    7.375559] Simple TC action Loaded
[STDOUT  ] 2017-06-07T08:28:43.173525297Z: [    7.379347] netem: version 1.3
[STDOUT  ] 2017-06-07T08:28:43.173542726Z: [    7.379753] u32 classifier
[STDOUT  ] 2017-06-07T08:28:43.173560257Z: [    7.380447]     Performance counters on
[STDOUT  ] 2017-06-07T08:28:43.17357045Z: [    7.380850]     input device check on
[STDOUT  ] 2017-06-07T08:28:43.173580632Z: [    7.381219]     Actions configured
[STDOUT  ] 2017-06-07T08:28:43.173590706Z: [    7.382075] Netfilter messages via NETLINK v0.30.
[STDOUT  ] 2017-06-07T08:28:43.17360117Z: [    7.382939] nfnl_acct: registering with nfnetlink.
[STDOUT  ] 2017-06-07T08:28:43.173606796Z: [    7.384493] nf_conntrack version 0.5.0 (8192 buckets, 32768 max)
[STDOUT  ] 2017-06-07T08:28:43.173618786Z: [    7.387712] ctnetlink v0.93: registering with nfnetlink.
[STDOUT  ] 2017-06-07T08:28:43.173637237Z: [    7.391566] nf_tables: (c) 2007-2009 Patrick McHardy <kaber@trash.net>
[STDOUT  ] 2017-06-07T08:28:43.17364781Z: [    7.392762] nf_tables_compat: (c) 2012 Pablo Neira Ayuso <pablo@netfilter.org>
[STDOUT  ] 2017-06-07T08:28:43.173664714Z: [    7.395595] xt_time: kernel timezone is -0000
[STDOUT  ] 2017-06-07T08:28:43.173675432Z: [    7.396805] ip_set: protocol 6
[STDOUT  ] 2017-06-07T08:28:43.173686316Z: [    7.397667] IPVS: Registered protocols (TCP, UDP, SCTP, AH, ESP)
[STDOUT  ] 2017-06-07T08:28:43.173696292Z: [    7.398625] IPVS: Connection hash table configured (size=4096, memory=64Kbytes)
[STDOUT  ] 2017-06-07T08:28:43.173706856Z: [    7.401217] IPVS: Creating netns size=2104 id=0
[STDOUT  ] 2017-06-07T08:28:43.173717159Z: [    7.404294] IPVS: ipvs loaded.
[STDOUT  ] 2017-06-07T08:28:43.173727593Z: [    7.404875] IPVS: [rr] scheduler registered.
[STDOUT  ] 2017-06-07T08:28:43.173741193Z: [    7.405344] IPVS: [wrr] scheduler registered.
[STDOUT  ] 2017-06-07T08:28:43.173749324Z: [    7.405818] IPVS: [lc] scheduler registered.
[STDOUT  ] 2017-06-07T08:28:43.173765876Z: [    7.406230] IPVS: [wlc] scheduler registered.
[STDOUT  ] 2017-06-07T08:28:43.173776842Z: [    7.406659] IPVS: [fo] scheduler registered.
[STDOUT  ] 2017-06-07T08:28:43.173788379Z: [    7.407116] IPVS: [ovf] scheduler registered.
[STDOUT  ] 2017-06-07T08:28:43.1737986Z: [    7.407812] IPVS: [lblc] scheduler registered.
[STDOUT  ] 2017-06-07T08:28:43.173804243Z: [    7.408491] IPVS: [lblcr] scheduler registered.
[STDOUT  ] 2017-06-07T08:28:43.17382716Z: [    7.408982] IPVS: [dh] scheduler registered.
[STDOUT  ] 2017-06-07T08:28:43.173837716Z: [    7.409408] IPVS: [sh] scheduler registered.
[STDOUT  ] 2017-06-07T08:28:43.173848417Z: [    7.409882] IPVS: [sed] scheduler registered.
[STDOUT  ] 2017-06-07T08:28:43.1738582Z: [    7.410953] IPVS: [nq] scheduler registered.
[STDOUT  ] 2017-06-07T08:28:43.173868262Z: [    7.411870] IPVS: ftp: loaded support on port[0] = 21
[STDOUT  ] 2017-06-07T08:28:43.173878319Z: [    7.412987] ipip: IPv4 and MPLS over IPv4 tunneling driver
[STDOUT  ] 2017-06-07T08:28:43.173888324Z: [    7.417351] gre: GRE over IPv4 demultiplexor driver
[STDOUT  ] 2017-06-07T08:28:43.173893459Z: [    7.417902] ip_gre: GRE over IPv4 tunneling driver
[STDOUT  ] 2017-06-07T08:28:43.173915603Z: [    7.426832] IPv4 over IPsec tunneling driver
[STDOUT  ] 2017-06-07T08:28:43.173920743Z: [    7.433307] ip_tables: (C) 2000-2006 Netfilter Core Team
[STDOUT  ] 2017-06-07T08:28:43.173935923Z: [    7.436822] ipt_CLUSTERIP: ClusterIP Version 0.8 loaded successfully
[STDOUT  ] 2017-06-07T08:28:43.173947942Z: [    7.437861] arp_tables: arp_tables: (C) 2002 David S. Miller
[STDOUT  ] 2017-06-07T08:28:43.173958067Z: [    7.439898] Initializing XFRM netlink socket
[STDOUT  ] 2017-06-07T08:28:43.17396403Z: [    7.441734] NET: Registered protocol family 10
[STDOUT  ] 2017-06-07T08:28:43.173975614Z: [    7.454089] mip6: Mobile IPv6
[STDOUT  ] 2017-06-07T08:28:43.173998009Z: [    7.455429] ip6_tables: (C) 2000-2006 Netfilter Core Team
[STDOUT  ] 2017-06-07T08:28:43.174009266Z: [    7.463931] sit: IPv6, IPv4 and MPLS over IPv4 tunneling driver
[STDOUT  ] 2017-06-07T08:28:43.174019666Z: [    7.471965] ip6_gre: GRE over IPv6 tunneling driver
[STDOUT  ] 2017-06-07T08:28:43.174029903Z: [    7.475888] NET: Registered protocol family 17
[STDOUT  ] 2017-06-07T08:28:43.174035124Z: [    7.476805] NET: Registered protocol family 15
[STDOUT  ] 2017-06-07T08:28:43.174045772Z: [    7.477966] Bridge firewalling registered
[STDOUT  ] 2017-06-07T08:28:43.174061053Z: [    7.478730] Ebtables v2.0 registered
[STDOUT  ] 2017-06-07T08:28:43.174070996Z: [    7.482512] l2tp_core: L2TP core driver, V2.0
[STDOUT  ] 2017-06-07T08:28:43.174080856Z: [    7.483209] l2tp_ppp: PPPoL2TP kernel driver, V2.0
[STDOUT  ] 2017-06-07T08:28:43.174090926Z: [    7.483691] 8021q: 802.1Q VLAN Support v1.8
[STDOUT  ] 2017-06-07T08:28:43.174100856Z: [    7.485308] 9pnet: Installing 9P2000 support
[STDOUT  ] 2017-06-07T08:28:43.174107147Z: [    7.486368] Key type dns_resolver registered
[STDOUT  ] 2017-06-07T08:28:43.174123361Z: [    7.486845] openvswitch: Open vSwitch switching datapath
[STDOUT  ] 2017-06-07T08:28:43.174134655Z: [    7.489242] mpls_gso: MPLS GSO support
[STDOUT  ] 2017-06-07T08:28:43.174165857Z: [    7.490468] microcode: AMD CPU family 0x6 not supported
[STDOUT  ] 2017-06-07T08:28:43.174177697Z: [    7.494561] registered taskstats version 1
[STDOUT  ] 2017-06-07T08:28:43.174183743Z: [    7.528332] tsc: Refined TSC clocksource calibration: 2599.997 MHz
[STDOUT  ] 2017-06-07T08:28:43.174201194Z: [    7.529393] clocksource: tsc: mask: 0xffffffffffffffff max_cycles: 0x257a391c223, max_idle_ns: 440795220104 ns
[STDOUT  ] 2017-06-07T08:28:43.174207303Z: [    7.691660] Key type big_key registered
[STDOUT  ] 2017-06-07T08:28:43.174223295Z: [    7.735049] Key type encrypted registered
[STDOUT  ] 2017-06-07T08:28:43.174229037Z: [    7.739730] rtc_cmos 00:00: setting system clock to 2017-06-07 08:28:20 UTC (1496824100)
[STDOUT  ] 2017-06-07T08:28:43.174246571Z: [    7.893469] Freeing unused kernel memory: 1456K (ffffffffaaf90000 - ffffffffab0fc000)
[STDOUT  ] 2017-06-07T08:28:43.174263958Z: [    7.894640] Write protecting the kernel read-only data: 14336k
[STDOUT  ] 2017-06-07T08:28:43.174275208Z: [    7.905983] Freeing unused kernel memory: 816K (ffff94b125934000 - ffff94b125a00000)
[STDOUT  ] 2017-06-07T08:28:43.174286283Z: [    7.973950] Freeing unused kernel memory: 1012K (ffff94b125d03000 - ffff94b125e00000)
[STDOUT  ] 2017-06-07T08:28:43.174297358Z: [    8.550797] clocksource: Switched to clocksource tsc
[STDOUT  ] 2017-06-07T08:28:43.17430839Z: 
[STDOUT  ] 2017-06-07T08:28:43.174320293Z: Welcome to LinuxKit
[STDOUT  ] 2017-06-07T08:28:43.174326341Z: 
[STDOUT  ] 2017-06-07T08:28:43.174343255Z:                         ##         .
[STDOUT  ] 2017-06-07T08:28:43.174357488Z:                   ## ## ##        ==
[STDOUT  ] 2017-06-07T08:28:43.174371225Z:                ## ## ## ## ##    ===
[STDOUT  ] 2017-06-07T08:28:43.174377165Z:            /"""""""""""""""""\___/ ===
[STDOUT  ] 2017-06-07T08:28:43.174393724Z:       ~~~ {~~ ~~~~ ~~~ ~~~~ ~~~ ~ /  ===- ~~~
[STDOUT  ] 2017-06-07T08:28:43.174399144Z:            \______ o           __/
[STDOUT  ] 2017-06-07T08:28:43.174410438Z:              \    \         __/
[STDOUT  ] 2017-06-07T08:28:43.174435018Z:               \____\_______/
[STDOUT  ] 2017-06-07T08:28:43.1744461Z: 
[STDOUT  ] 2017-06-07T08:28:43.174456981Z: 
[STDOUT  ] 2017-06-07T08:28:43.174468125Z: 
[STDOUT  ] 2017-06-07T08:28:43.174479323Z: Starting containerd
[STDOUT  ] 2017-06-07T08:28:43.174490741Z: / # [6n[34mINFO[0m[0000] starting containerd boot...                   [34mmodule[0m=containerd
[STDOUT  ] 2017-06-07T08:28:43.17450337Z: [34mINFO[0m[0000] starting debug API...                         [34mdebug[0m="/run/containerd/debug.sock" [34mmodule[0m=containerd
[STDOUT  ] 2017-06-07T08:28:43.174509975Z: [34mINFO[0m[0000] loading monitor plugin "cgroups"...           [34mmodule[0m=containerd
[STDOUT  ] 2017-06-07T08:28:43.176276281Z: [34mINFO[0m[0000] loading runtime plugin "linux"...             [34mmodule[0m=containerd
[STDOUT  ] 2017-06-07T08:28:43.176294005Z: [34mINFO[0m[0000] loading snapshot plugin "snapshot-overlay"...  [34mmodule[0m=containerd
[STDOUT  ] 2017-06-07T08:28:43.176297274Z: [34mINFO[0m[0000] loading grpc service plugin "containers-grpc"...  [34mmodule[0m=containerd
[STDOUT  ] 2017-06-07T08:28:43.176317279Z: [34mINFO[0m[0000] loading grpc service plugin "tasks-grpc"...   [34mmodule[0m=containerd
[STDOUT  ] 2017-06-07T08:28:43.176320758Z: [34mINFO[0m[0000] loading grpc service plugin "images-grpc"...  [34mmodule[0m=containerd
[STDOUT  ] 2017-06-07T08:28:43.176327439Z: [34mINFO[0m[0000] loading grpc service plugin "version-grpc"...  [34mmodule[0m=containerd
[STDOUT  ] 2017-06-07T08:28:43.176336324Z: [34mINFO[0m[0000] loading grpc service plugin "content-grpc"...  [34mmodule[0m=containerd
[STDOUT  ] 2017-06-07T08:28:43.176342619Z: [34mINFO[0m[0000] loading grpc service plugin "diff-grpc"...    [34mmodule[0m=containerd
[STDOUT  ] 2017-06-07T08:28:43.176345758Z: [34mINFO[0m[0000] loading grpc service plugin "healthcheck-grpc"...  [34mmodule[0m=containerd
[STDOUT  ] 2017-06-07T08:28:43.176351649Z: [   14.363555] random: fast init done
[STDOUT  ] 2017-06-07T08:28:43.176373628Z: [34mINFO[0m[0000] loading grpc service plugin "metrics-grpc"...  [34mmodule[0m=containerd
[STDOUT  ] 2017-06-07T08:28:43.176380737Z: [34mINFO[0m[0000] loading grpc service plugin "snapshots-grpc"...  [34mmodule[0m=containerd
[STDOUT  ] 2017-06-07T08:28:43.176398429Z: [34mINFO[0m[0000] starting GRPC API server...                   [34mmodule[0m=containerd
[STDOUT  ] 2017-06-07T08:28:43.176401589Z: [34mINFO[0m[0000] starting metrics API...                       [34mmetrics[0m=":13337" [34mmodule[0m=containerd
[STDOUT  ] 2017-06-07T08:28:43.176411949Z: [34mINFO[0m[0000] containerd successfully booted in 0.200505s   [34mmodule[0m=containerd
[STDOUT  ] 2017-06-07T08:28:43.176417932Z: [   15.003774] IPVS: Creating netns size=2104 id=1
[STDOUT  ] 2017-06-07T08:28:43.176420931Z: [   15.004685] IPVS: ftp: loaded support on port[0] = 21
[STDOUT  ] 2017-06-07T08:28:43.176430039Z:  - 000-binfmt
[STDOUT  ] 2017-06-07T08:28:43.176436182Z: binfmt test suite PASSED
[STDOUT  ] 2017-06-07T08:28:43.176442254Z:  - 001-test
[STDOUT  ] 2017-06-07T08:28:43.176445215Z: [   29.103418] ACPI: Preparing to enter system sleep state S5
[STDOUT  ] 2017-06-07T08:28:43.176454648Z: [   29.105323] reboot: Power down
[STDERR  ] 2017-06-07T08:28:43.176571917Z: [   29.105323] reboot: Power down
[STDERR  ] 2017-06-07T08:28:43.176580138Z: echo "${RESULT}"
[STDERR  ] 2017-06-07T08:28:43.176587461Z: + echo [    0.000000] Linux version 4.9.30-linuxkit (root@84baa8e89c00) (gcc version 6.2.1 20160822 (Alpine 6.2.1) ) #1 SMP Tue May 30 11:40:28 UTC 2017
[STDERR  ] 2017-06-07T08:28:43.176595055Z: [    0.000000] Command line: console=ttyS0 page_poison=1
[STDERR  ] 2017-06-07T08:28:43.176601017Z: [    0.000000] x86/fpu: Legacy x87 FPU detected.
[STDERR  ] 2017-06-07T08:28:43.176606982Z: [    0.000000] x86/fpu: Using 'eager' FPU context switches.
[STDERR  ] 2017-06-07T08:28:43.176610029Z: [    0.000000] e820: BIOS-provided physical RAM map:
[STDERR  ] 2017-06-07T08:28:43.176615907Z: [    0.000000] BIOS-e820: [mem 0x0000000000000000-0x000000000009fbff] usable
[STDERR  ] 2017-06-07T08:28:43.176635885Z: [    0.000000] BIOS-e820: [mem 0x000000000009fc00-0x000000000009ffff] reserved
[STDERR  ] 2017-06-07T08:28:43.176641878Z: [    0.000000] BIOS-e820: [mem 0x00000000000f0000-0x00000000000fffff] reserved
[STDERR  ] 2017-06-07T08:28:43.176647951Z: [    0.000000] BIOS-e820: [mem 0x0000000000100000-0x000000003ffdefff] usable
[STDERR  ] 2017-06-07T08:28:43.176651099Z: [    0.000000] BIOS-e820: [mem 0x000000003ffdf000-0x000000003fffffff] reserved
[STDERR  ] 2017-06-07T08:28:43.176664354Z: [    0.000000] BIOS-e820: [mem 0x00000000b0000000-0x00000000bfffffff] reserved
[STDERR  ] 2017-06-07T08:28:43.176670972Z: [    0.000000] BIOS-e820: [mem 0x00000000fed1c000-0x00000000fed1ffff] reserved
[STDERR  ] 2017-06-07T08:28:43.176677119Z: [    0.000000] BIOS-e820: [mem 0x00000000fffc0000-0x00000000ffffffff] reserved
[STDERR  ] 2017-06-07T08:28:43.176679974Z: [    0.000000] NX (Execute Disable) protection: active
[STDERR  ] 2017-06-07T08:28:43.176689225Z: [    0.000000] SMBIOS 2.8 present.
[STDERR  ] 2017-06-07T08:28:43.176695458Z: [    0.000000] e820: last_pfn = 0x3ffdf max_arch_pfn = 0x400000000
[STDERR  ] 2017-06-07T08:28:43.176701487Z: [    0.000000] x86/PAT: Configuration [0-7]: WB  WC  UC- UC  WB  WC  UC- WT  
[STDERR  ] 2017-06-07T08:28:43.176707408Z: [    0.000000] found SMP MP-table at [mem 0x000f6aa0-0x000f6aaf] mapped at [ffff94b1000f6aa0]
[STDERR  ] 2017-06-07T08:28:43.176718477Z: [    0.000000] RAMDISK: [mem 0x3ddeb000-0x3ffcffff]
[STDERR  ] 2017-06-07T08:28:43.176724567Z: [    0.000000] ACPI: Early table checksum verification disabled
[STDERR  ] 2017-06-07T08:28:43.176730957Z: [    0.000000] ACPI: RSDP 0x00000000000F68C0 000014 (v00 BOCHS )
[STDERR  ] 2017-06-07T08:28:43.176737939Z: [    0.000000] ACPI: RSDT 0x000000003FFE2404 000034 (v01 BOCHS  BXPCRSDT 00000001 BXPC 00000001)
[STDERR  ] 2017-06-07T08:28:43.176743841Z: [    0.000000] ACPI: FACP 0x000000003FFE22A4 000074 (v01 BOCHS  BXPCFACP 00000001 BXPC 00000001)
[STDERR  ] 2017-06-07T08:28:43.176753027Z: [    0.000000] ACPI: DSDT 0x000000003FFE0040 002264 (v01 BOCHS  BXPCDSDT 00000001 BXPC 00000001)
[STDERR  ] 2017-06-07T08:28:43.176758978Z: [    0.000000] ACPI: FACS 0x000000003FFE0000 000040
[STDERR  ] 2017-06-07T08:28:43.176764752Z: [    0.000000] ACPI: APIC 0x000000003FFE2318 000078 (v01 BOCHS  BXPCAPIC 00000001 BXPC 00000001)
[STDERR  ] 2017-06-07T08:28:43.176767658Z: [    0.000000] ACPI: HPET 0x000000003FFE2390 000038 (v01 BOCHS  BXPCHPET 00000001 BXPC 00000001)
[STDERR  ] 2017-06-07T08:28:43.176776807Z: [    0.000000] ACPI: MCFG 0x000000003FFE23C8 00003C (v01 BOCHS  BXPCMCFG 00000001 BXPC 00000001)
[STDERR  ] 2017-06-07T08:28:43.176785775Z: [    0.000000] Zone ranges:
[STDERR  ] 2017-06-07T08:28:43.176791746Z: [    0.000000]   DMA      [mem 0x0000000000001000-0x0000000000ffffff]
[STDERR  ] 2017-06-07T08:28:43.17679761Z: [    0.000000]   DMA32    [mem 0x0000000001000000-0x000000003ffdefff]
[STDERR  ] 2017-06-07T08:28:43.176803798Z: [    0.000000]   Normal   empty
[STDERR  ] 2017-06-07T08:28:43.176809436Z: [    0.000000] Movable zone start for each node
[STDERR  ] 2017-06-07T08:28:43.17681513Z: [    0.000000] Early memory node ranges
[STDERR  ] 2017-06-07T08:28:43.176820795Z: [    0.000000]   node   0: [mem 0x0000000000001000-0x000000000009efff]
[STDERR  ] 2017-06-07T08:28:43.17682645Z: [    0.000000]   node   0: [mem 0x0000000000100000-0x000000003ffdefff]
[STDERR  ] 2017-06-07T08:28:43.176829365Z: [    0.000000] Initmem setup node 0 [mem 0x0000000000001000-0x000000003ffdefff]
[STDERR  ] 2017-06-07T08:28:43.176834836Z: [    0.000000] ACPI: PM-Timer IO Port: 0x608
[STDERR  ] 2017-06-07T08:28:43.176843599Z: [    0.000000] ACPI: LAPIC_NMI (acpi_id[0xff] dfl dfl lint[0x1])
[STDERR  ] 2017-06-07T08:28:43.17684934Z: [    0.000000] IOAPIC[0]: apic_id 0, version 32, address 0xfec00000, GSI 0-23
[STDERR  ] 2017-06-07T08:28:43.176854902Z: [    0.000000] ACPI: INT_SRC_OVR (bus 0 bus_irq 0 global_irq 2 dfl dfl)
[STDERR  ] 2017-06-07T08:28:43.176860408Z: [    0.000000] ACPI: INT_SRC_OVR (bus 0 bus_irq 5 global_irq 5 high level)
[STDERR  ] 2017-06-07T08:28:43.176863292Z: [    0.000000] ACPI: INT_SRC_OVR (bus 0 bus_irq 9 global_irq 9 high level)
[STDERR  ] 2017-06-07T08:28:43.176872449Z: [    0.000000] ACPI: INT_SRC_OVR (bus 0 bus_irq 10 global_irq 10 high level)
[STDERR  ] 2017-06-07T08:28:43.17688121Z: [    0.000000] ACPI: INT_SRC_OVR (bus 0 bus_irq 11 global_irq 11 high level)
[STDERR  ] 2017-06-07T08:28:43.176887Z: [    0.000000] Using ACPI (MADT) for SMP configuration information
[STDERR  ] 2017-06-07T08:28:43.176892913Z: [    0.000000] ACPI: HPET id: 0x8086a201 base: 0xfed00000
[STDERR  ] 2017-06-07T08:28:43.176896169Z: [    0.000000] smpboot: Allowing 1 CPUs, 0 hotplug CPUs
[STDERR  ] 2017-06-07T08:28:43.176908058Z: [    0.000000] e820: [mem 0x40000000-0xafffffff] available for PCI devices
[STDERR  ] 2017-06-07T08:28:43.17691386Z: [    0.000000] Booting paravirtualized kernel on bare hardware
[STDERR  ] 2017-06-07T08:28:43.176920509Z: [    0.000000] clocksource: refined-jiffies: mask: 0xffffffff max_cycles: 0xffffffff, max_idle_ns: 19112604462750000 ns
[STDERR  ] 2017-06-07T08:28:43.17692686Z: [    0.000000] setup_percpu: NR_CPUS:128 nr_cpumask_bits:128 nr_cpu_ids:1 nr_node_ids:1
[STDERR  ] 2017-06-07T08:28:43.176929822Z: [    0.000000] percpu: Embedded 35 pages/cpu @ffff94b13da00000 s105240 r8192 d29928 u2097152
[STDERR  ] 2017-06-07T08:28:43.176938459Z: [    0.000000] Built 1 zonelists in Zone order, mobility grouping on.  Total pages: 257896
[STDERR  ] 2017-06-07T08:28:43.176946628Z: [    0.000000] Kernel command line: console=ttyS0 page_poison=1
[STDERR  ] 2017-06-07T08:28:43.176952739Z: [    0.000000] PID hash table entries: 4096 (order: 3, 32768 bytes)
[STDERR  ] 2017-06-07T08:28:43.176958569Z: [    0.000000] Dentry cache hash table entries: 131072 (order: 8, 1048576 bytes)
[STDERR  ] 2017-06-07T08:28:43.176964409Z: [    0.000000] Inode-cache hash table entries: 65536 (order: 7, 524288 bytes)
[STDERR  ] 2017-06-07T08:28:43.176970775Z: [    0.000000] Memory: 977072K/1048052K available (9409K kernel code, 1593K rwdata, 3084K rodata, 1456K init, 604K bss, 70980K reserved, 0K cma-reserved)
[STDERR  ] 2017-06-07T08:28:43.176980079Z: [    0.000000] Hierarchical RCU implementation.
[STDERR  ] 2017-06-07T08:28:43.176983089Z: [    0.000000] 	Build-time adjustment of leaf fanout to 64.
[STDERR  ] 2017-06-07T08:28:43.176991543Z: [    0.000000] 	RCU restricting CPUs from NR_CPUS=128 to nr_cpu_ids=1.
[STDERR  ] 2017-06-07T08:28:43.176997278Z: [    0.000000] RCU: Adjusting geometry for rcu_fanout_leaf=64, nr_cpu_ids=1
[STDERR  ] 2017-06-07T08:28:43.177000278Z: [    0.000000] NR_IRQS:8448 nr_irqs:256 16
[STDERR  ] 2017-06-07T08:28:43.177008903Z: [    0.000000] Console: colour VGA+ 80x25
[STDERR  ] 2017-06-07T08:28:43.177014766Z: [    0.000000] console [ttyS0] enabled
[STDERR  ] 2017-06-07T08:28:43.177020645Z: [    0.000000] allocated 2097152 bytes of page_ext
[STDERR  ] 2017-06-07T08:28:43.177026833Z: [    0.000000] clocksource: hpet: mask: 0xffffffff max_cycles: 0xffffffff, max_idle_ns: 19112604467 ns
[STDERR  ] 2017-06-07T08:28:43.177033256Z: [    0.000000] tsc: Fast TSC calibration failed
[STDERR  ] 2017-06-07T08:28:43.177042005Z: [    0.000000] tsc: Unable to calibrate against PIT
[STDERR  ] 2017-06-07T08:28:43.177048065Z: [    0.000000] tsc: using HPET reference calibration
[STDERR  ] 2017-06-07T08:28:43.177053715Z: [    0.000000] tsc: Detected 2600.058 MHz processor
[STDERR  ] 2017-06-07T08:28:43.177056658Z: [    0.061413] Calibrating delay loop (skipped), value calculated using timer frequency.. 5200.11 BogoMIPS (lpj=26000580)
