[INFO    ] 2017-11-16T02:47:42.883865367Z: Running Test linuxkit.packages.wireguard in /tmp/build/test/cases/040_packages/023_wireguard
[INFO    ] 2017-11-16T02:47:42.883960326Z: Running command: [/bin/sh -x /tmp/build/test/cases/040_packages/023_wireguard/test.sh]
[STDERR  ] 2017-11-16T02:47:42.910042528Z: + set -e
[STDERR  ] 2017-11-16T02:47:42.910118574Z: + . /tmp/build/test/cases/_lib/lib.sh
[STDERR  ] 2017-11-16T02:47:42.910131776Z: + [ -f src/github.com/linuxkit/rtf/lib/lib.sh ]
[STDERR  ] 2017-11-16T02:47:42.910141575Z: + LINUXKIT_TMPDIR=/tmp/build/test/cases/_tmp
[STDERR  ] 2017-11-16T02:47:42.910150944Z: + [ -f /tmp/build/test/cases/_tmp/env.sh ]
[STDERR  ] 2017-11-16T02:47:42.910167306Z: + . /tmp/build/test/cases/_tmp/env.sh
[STDERR  ] 2017-11-16T02:47:42.910188137Z: + export LINUXKIT_EXAMPLES_DIR=/tmp/build/test/cases/../../examples
[STDERR  ] 2017-11-16T02:47:42.910199448Z: + export LINUXKIT_BLUEPRINTS_DIR=/tmp/build/test/cases/../../blueprints
[STDERR  ] 2017-11-16T02:47:42.910211438Z: + RT_CANCEL=253
[STDERR  ] 2017-11-16T02:47:42.910220515Z: + NAME=wireguard
[STDERR  ] 2017-11-16T02:47:42.910230445Z: + trap clean_up EXIT
[STDERR  ] 2017-11-16T02:47:42.910243232Z: + moby build -format kernel+initrd -name wireguard test.yml
[STDERR  ] 2017-11-16T02:47:42.924453585Z: Extract kernel image: linuxkit/kernel:4.9.61
[STDERR  ] 2017-11-16T02:47:44.656867412Z: Add init containers:
[STDERR  ] 2017-11-16T02:47:44.656916302Z: Process init image: linuxkit/init:42a92119e1ca10380e0d33e26c0cbcf85b9b3558
[STDERR  ] 2017-11-16T02:47:45.940188462Z: Process init image: linuxkit/runc:817fdc592eac6cb7804fa1721a43a7f6e23fb50f
[STDERR  ] 2017-11-16T02:47:47.114811626Z: Process init image: linuxkit/containerd:bfb61cc1d26c39cd4b2bc08f7a9963fefa0ef3bf
[STDERR  ] 2017-11-16T02:47:48.407219278Z: Process init image: linuxkit/ca-certificates:af4880e78edc28743f7c5e262678c67c6add4c26
[STDERR  ] 2017-11-16T02:47:49.578340192Z: Add onboot containers:
[STDERR  ] 2017-11-16T02:47:49.578390723Z:   Create OCI config for linuxkit/dhcpcd:48831507404049660b960e4055f544917d90378e
[STDERR  ] 2017-11-16T02:47:50.787637796Z:   Create OCI config for linuxkit/ip:e6f92b663e004be58c5d1fb43830d9155d625d28
[STDERR  ] 2017-11-16T02:47:53.243937571Z:   Create OCI config for linuxkit/ip:e6f92b663e004be58c5d1fb43830d9155d625d28
[STDERR  ] 2017-11-16T02:47:54.718619087Z: Add onshutdown containers:
[STDERR  ] 2017-11-16T02:47:54.718670164Z:   Create OCI config for alpine:3.6
[STDERR  ] 2017-11-16T02:47:55.904362576Z: Add service containers:
[STDERR  ] 2017-11-16T02:47:55.904412231Z:   Create OCI config for nginx:alpine
[STDERR  ] 2017-11-16T02:47:58.056413693Z:   Create OCI config for alpine:3.6
[STDERR  ] 2017-11-16T02:47:59.282381927Z: Add files:
[STDERR  ] 2017-11-16T02:47:59.282460566Z:   etc/wireguard/wg0.conf
[STDERR  ] 2017-11-16T02:47:59.282473092Z:   etc/wireguard/wg1.conf
[STDERR  ] 2017-11-16T02:47:59.282483218Z:   check.sh
[STDERR  ] 2017-11-16T02:47:59.312095508Z: Create outputs:
[STDERR  ] 2017-11-16T02:48:08.079534516Z:   wireguard-kernel wireguard-initrd.img wireguard-cmdline
[STDERR  ] 2017-11-16T02:48:08.163426326Z: + linuxkit run wireguard
[STDERR  ] 2017-11-16T02:48:08.182232196Z: Unable to find qemu-system-x86_64 within the $PATH. Using a container
[STDERR  ] 2017-11-16T02:49:00.277100705Z: + RESULT=[    0.000000] Linux version 4.9.61-linuxkit (root@f63baf0520f0) (gcc version 6.3.0 (Alpine 6.3.0) ) #1 SMP Fri Nov 10 13:47:55 UTC 2017
[STDERR  ] 2017-11-16T02:49:00.277154524Z: [    0.000000] Command line: console=ttyS0
[STDERR  ] 2017-11-16T02:49:00.277166021Z: [    0.000000] x86/fpu: Legacy x87 FPU detected.
[STDERR  ] 2017-11-16T02:49:00.277175824Z: [    0.000000] x86/fpu: Using 'eager' FPU context switches.
[STDERR  ] 2017-11-16T02:49:00.277187016Z: [    0.000000] e820: BIOS-provided physical RAM map:
[STDERR  ] 2017-11-16T02:49:00.277196503Z: [    0.000000] BIOS-e820: [mem 0x0000000000000000-0x000000000009fbff] usable
[STDERR  ] 2017-11-16T02:49:00.277206654Z: [    0.000000] BIOS-e820: [mem 0x000000000009fc00-0x000000000009ffff] reserved
[STDERR  ] 2017-11-16T02:49:00.277227171Z: [    0.000000] BIOS-e820: [mem 0x00000000000f0000-0x00000000000fffff] reserved
[STDERR  ] 2017-11-16T02:49:00.277242151Z: [    0.000000] BIOS-e820: [mem 0x0000000000100000-0x000000003ffdefff] usable
[STDERR  ] 2017-11-16T02:49:00.277251184Z: [    0.000000] BIOS-e820: [mem 0x000000003ffdf000-0x000000003fffffff] reserved
[STDERR  ] 2017-11-16T02:49:00.277259745Z: [    0.000000] BIOS-e820: [mem 0x00000000b0000000-0x00000000bfffffff] reserved
[STDERR  ] 2017-11-16T02:49:00.277268483Z: [    0.000000] BIOS-e820: [mem 0x00000000fed1c000-0x00000000fed1ffff] reserved
[STDERR  ] 2017-11-16T02:49:00.277277625Z: [    0.000000] BIOS-e820: [mem 0x00000000fffc0000-0x00000000ffffffff] reserved
[STDERR  ] 2017-11-16T02:49:00.277289719Z: [    0.000000] NX (Execute Disable) protection: active
[STDERR  ] 2017-11-16T02:49:00.277304591Z: [    0.000000] SMBIOS 2.8 present.
[STDERR  ] 2017-11-16T02:49:00.277313441Z: [    0.000000] e820: last_pfn = 0x3ffdf max_arch_pfn = 0x400000000
[STDERR  ] 2017-11-16T02:49:00.277321804Z: [    0.000000] x86/PAT: Configuration [0-7]: WB  WC  UC- UC  WB  WC  UC- WT  
[STDERR  ] 2017-11-16T02:49:00.277330248Z: [    0.000000] found SMP MP-table at [mem 0x000f6aa0-0x000f6aaf] mapped at [ffff98f0000f6aa0]
[STDERR  ] 2017-11-16T02:49:00.277339394Z: [    0.000000] RAMDISK: [mem 0x3cb66000-0x3ffcffff]
[STDERR  ] 2017-11-16T02:49:00.277347965Z: [    0.000000] ACPI: Early table checksum verification disabled
[STDERR  ] 2017-11-16T02:49:00.277356026Z: [    0.000000] ACPI: RSDP 0x00000000000F68C0 000014 (v00 BOCHS )
[STDERR  ] 2017-11-16T02:49:00.27736365Z: [    0.000000] ACPI: RSDT 0x000000003FFE2404 000034 (v01 BOCHS  BXPCRSDT 00000001 BXPC 00000001)
[STDERR  ] 2017-11-16T02:49:00.277371521Z: [    0.000000] ACPI: FACP 0x000000003FFE22A4 000074 (v01 BOCHS  BXPCFACP 00000001 BXPC 00000001)
[STDERR  ] 2017-11-16T02:49:00.277379506Z: [    0.000000] ACPI: DSDT 0x000000003FFE0040 002264 (v01 BOCHS  BXPCDSDT 00000001 BXPC 00000001)
[STDERR  ] 2017-11-16T02:49:00.277387821Z: [    0.000000] ACPI: FACS 0x000000003FFE0000 000040
[STDERR  ] 2017-11-16T02:49:00.277395477Z: [    0.000000] ACPI: APIC 0x000000003FFE2318 000078 (v01 BOCHS  BXPCAPIC 00000001 BXPC 00000001)
[STDERR  ] 2017-11-16T02:49:00.277403117Z: [    0.000000] ACPI: HPET 0x000000003FFE2390 000038 (v01 BOCHS  BXPCHPET 00000001 BXPC 00000001)
[STDERR  ] 2017-11-16T02:49:00.277410653Z: [    0.000000] ACPI: MCFG 0x000000003FFE23C8 00003C (v01 BOCHS  BXPCMCFG 00000001 BXPC 00000001)
[STDERR  ] 2017-11-16T02:49:00.277418598Z: [    0.000000] Zone ranges:
[STDERR  ] 2017-11-16T02:49:00.277426419Z: [    0.000000]   DMA      [mem 0x0000000000001000-0x0000000000ffffff]
[STDERR  ] 2017-11-16T02:49:00.27743422Z: [    0.000000]   DMA32    [mem 0x0000000001000000-0x000000003ffdefff]
[STDERR  ] 2017-11-16T02:49:00.277441836Z: [    0.000000]   Normal   empty
[STDERR  ] 2017-11-16T02:49:00.277449409Z: [    0.000000] Movable zone start for each node
[STDERR  ] 2017-11-16T02:49:00.277457417Z: [    0.000000] Early memory node ranges
[STDERR  ] 2017-11-16T02:49:00.277464917Z: [    0.000000]   node   0: [mem 0x0000000000001000-0x000000000009efff]
[STDERR  ] 2017-11-16T02:49:00.277475493Z: [    0.000000]   node   0: [mem 0x0000000000100000-0x000000003ffdefff]
[STDERR  ] 2017-11-16T02:49:00.277483577Z: [    0.000000] Initmem setup node 0 [mem 0x0000000000001000-0x000000003ffdefff]
[STDERR  ] 2017-11-16T02:49:00.277491883Z: [    0.000000] ACPI: PM-Timer IO Port: 0x608
[STDERR  ] 2017-11-16T02:49:00.277499691Z: [    0.000000] ACPI: LAPIC_NMI (acpi_id[0xff] dfl dfl lint[0x1])
[STDERR  ] 2017-11-16T02:49:00.277508002Z: [    0.000000] IOAPIC[0]: apic_id 0, version 32, address 0xfec00000, GSI 0-23
[STDERR  ] 2017-11-16T02:49:00.27751934Z: [    0.000000] ACPI: INT_SRC_OVR (bus 0 bus_irq 0 global_irq 2 dfl dfl)
[STDERR  ] 2017-11-16T02:49:00.277527312Z: [    0.000000] ACPI: INT_SRC_OVR (bus 0 bus_irq 5 global_irq 5 high level)
[STDERR  ] 2017-11-16T02:49:00.277535689Z: [    0.000000] ACPI: INT_SRC_OVR (bus 0 bus_irq 9 global_irq 9 high level)
[STDERR  ] 2017-11-16T02:49:00.277550478Z: [    0.000000] ACPI: INT_SRC_OVR (bus 0 bus_irq 10 global_irq 10 high level)
[STDERR  ] 2017-11-16T02:49:00.277562806Z: [    0.000000] ACPI: INT_SRC_OVR (bus 0 bus_irq 11 global_irq 11 high level)
[STDERR  ] 2017-11-16T02:49:00.277571933Z: [    0.000000] Using ACPI (MADT) for SMP configuration information
[STDERR  ] 2017-11-16T02:49:00.277580197Z: [    0.000000] ACPI: HPET id: 0x8086a201 base: 0xfed00000
[STDERR  ] 2017-11-16T02:49:00.277588581Z: [    0.000000] smpboot: Allowing 1 CPUs, 0 hotplug CPUs
[STDERR  ] 2017-11-16T02:49:00.277596803Z: [    0.000000] e820: [mem 0x40000000-0xafffffff] available for PCI devices
[STDERR  ] 2017-11-16T02:49:00.277605555Z: [    0.000000] Booting paravirtualized kernel on bare hardware
[STDERR  ] 2017-11-16T02:49:00.277613933Z: [    0.000000] clocksource: refined-jiffies: mask: 0xffffffff max_cycles: 0xffffffff, max_idle_ns: 19112604462750000 ns
[STDERR  ] 2017-11-16T02:49:00.27762348Z: [    0.000000] setup_percpu: NR_CPUS:128 nr_cpumask_bits:128 nr_cpu_ids:1 nr_node_ids:1
[STDERR  ] 2017-11-16T02:49:00.277669228Z: [    0.000000] percpu: Embedded 35 pages/cpu @ffff98f03c800000 s105112 r8192 d30056 u2097152
[STDERR  ] 2017-11-16T02:49:00.277677883Z: [    0.000000] Built 1 zonelists in Zone order, mobility grouping on.  Total pages: 257896
[STDERR  ] 2017-11-16T02:49:00.277686267Z: [    0.000000] Kernel command line: console=ttyS0
[STDERR  ] 2017-11-16T02:49:00.277694943Z: [    0.000000] PID hash table entries: 4096 (order: 3, 32768 bytes)
[STDERR  ] 2017-11-16T02:49:00.277703476Z: [    0.000000] Dentry cache hash table entries: 131072 (order: 8, 1048576 bytes)
[STDERR  ] 2017-11-16T02:49:00.277712206Z: [    0.000000] Inode-cache hash table entries: 65536 (order: 7, 524288 bytes)
[STDERR  ] 2017-11-16T02:49:00.277720789Z: [    0.000000] Memory: 960500K/1048052K available (8048K kernel code, 1367K rwdata, 2700K rodata, 1380K init, 568K bss, 87552K reserved, 0K cma-reserved)
[STDERR  ] 2017-11-16T02:49:00.277730772Z: [    0.000000] Hierarchical RCU implementation.
[STDERR  ] 2017-11-16T02:49:00.277739459Z: [    0.000000] 	Build-time adjustment of leaf fanout to 64.
[STDERR  ] 2017-11-16T02:49:00.277748173Z: [    0.000000] 	RCU restricting CPUs from NR_CPUS=128 to nr_cpu_ids=1.
[STDERR  ] 2017-11-16T02:49:00.277756684Z: [    0.000000] RCU: Adjusting geometry for rcu_fanout_leaf=64, nr_cpu_ids=1
[STDERR  ] 2017-11-16T02:49:00.277766191Z: [    0.000000] NR_IRQS:8448 nr_irqs:256 16
[STDERR  ] 2017-11-16T02:49:00.277775231Z: [    0.000000] Console: colour VGA+ 80x25
[STDERR  ] 2017-11-16T02:49:00.277783624Z: [    0.000000] console [ttyS0] enabled
[STDERR  ] 2017-11-16T02:49:00.277792001Z: [    0.000000] clocksource: hpet: mask: 0xffffffff max_cycles: 0xffffffff, max_idle_ns: 19112604467 ns
[STDERR  ] 2017-11-16T02:49:00.277800686Z: [    0.000000] tsc: Fast TSC calibration using PIT
[STDERR  ] 2017-11-16T02:49:00.277809216Z: [    0.000000] tsc: Detected 2599.913 MHz processor
[STDERR  ] 2017-11-16T02:49:00.277817539Z: [    0.022091] Calibrating delay loop (skipped), value calculated using timer frequency.. 5199.82 BogoMIPS (lpj=25999130)
[STDERR  ] 2017-11-16T02:49:00.277826258Z: [    0.023252] pid_max: default: 32768 minimum: 301
[STDERR  ] 2017-11-16T02:49:00.277834685Z: [    0.024270] ACPI: Core revision 20160831
[STDERR  ] 2017-11-16T02:49:00.277845603Z: [    0.069236] ACPI: 1 ACPI AML tables successfully acquired and loaded
[STDERR  ] 2017-11-16T02:49:00.277853951Z: [    0.074093] Security Framework initialized
[STDERR  ] 2017-11-16T02:49:00.277862214Z: [    0.074530] Yama: becoming mindful.
[STDERR  ] 2017-11-16T02:49:00.27787042Z: [    0.076876] Mount-cache hash table entries: 2048 (order: 2, 16384 bytes)
[STDERR  ] 2017-11-16T02:49:00.277881632Z: [    0.077482] Mountpoint-cache hash table entries: 2048 (order: 2, 16384 bytes)
[STDERR  ] 2017-11-16T02:49:00.277890129Z: [    0.097596] Last level iTLB entries: 4KB 0, 2MB 0, 4MB 0
[STDERR  ] 2017-11-16T02:49:00.27789849Z: [    0.097949] Last level dTLB entries: 4KB 0, 2MB 0, 4MB 0, 1GB 0
[STDERR  ] 2017-11-16T02:49:00.277910927Z: [    0.407355] Freeing SMP alternatives memory: 20K
[STDERR  ] 2017-11-16T02:49:00.277923399Z: [    0.417908] ftrace: allocating 35542 entries in 139 pages
[STDERR  ] 2017-11-16T02:49:00.27793215Z: [    0.594720] smpboot: Max logical packages: 1
[STDERR  ] 2017-11-16T02:49:00.277940569Z: [    0.602627] ..TIMER: vector=0x30 apic1=0 pin1=2 apic2=-1 pin2=-1
[STDERR  ] 2017-11-16T02:49:00.277949095Z: [    0.710000] smpboot: CPU0: AMD QEMU Virtual CPU version 2.5+ (family: 0x6, model: 0x6, stepping: 0x3)
[STDERR  ] 2017-11-16T02:49:00.277957565Z: [    0.710000] Performance Events: PMU not available due to virtualization, using software events only.
[STDERR  ] 2017-11-16T02:49:00.277966191Z: [    0.718398] NMI watchdog: disabled (cpu0): hardware events not enabled
[STDERR  ] 2017-11-16T02:49:00.277974532Z: [    0.718942] NMI watchdog: Shutting down hard lockup detector on all cpus
[STDERR  ] 2017-11-16T02:49:00.277983602Z: [    0.722711] x86: Booted up 1 node, 1 CPUs
[STDERR  ] 2017-11-16T02:49:00.277992005Z: [    0.723154] smpboot: Total of 1 processors activated (5199.82 BogoMIPS)
[STDERR  ] 2017-11-16T02:49:00.278000403Z: [    0.738262] devtmpfs: initialized
[STDERR  ] 2017-11-16T02:49:00.278011138Z: [    0.745137] x86/mm: Memory block size: 128MB
[STDERR  ] 2017-11-16T02:49:00.278019511Z: [    0.807472] clocksource: jiffies: mask: 0xffffffff max_cycles: 0xffffffff, max_idle_ns: 19112604462750000 ns
[STDERR  ] 2017-11-16T02:49:00.278037754Z: [    0.808379] futex hash table entries: 256 (order: 2, 16384 bytes)
[STDERR  ] 2017-11-16T02:49:00.278046429Z: [    0.819427] NET: Registered protocol family 16
[STDERR  ] 2017-11-16T02:49:00.278054281Z: [    0.829685] cpuidle: using governor ladder
[STDERR  ] 2017-11-16T02:49:00.278062016Z: [    0.830296] cpuidle: using governor menu
[STDERR  ] 2017-11-16T02:49:00.278069937Z: [    0.831445] ACPI: bus type PCI registered
[STDERR  ] 2017-11-16T02:49:00.278078044Z: [    0.834407] PCI: MMCONFIG for domain 0000 [bus 00-ff] at [mem 0xb0000000-0xbfffffff] (base 0xb0000000)
[STDERR  ] 2017-11-16T02:49:00.278086062Z: [    0.835171] PCI: MMCONFIG at [mem 0xb0000000-0xbfffffff] reserved in E820
[STDERR  ] 2017-11-16T02:49:00.27809403Z: [    0.836570] PCI: Using configuration type 1 for base access
[STDERR  ] 2017-11-16T02:49:00.278104331Z: [    0.891642] HugeTLB registered 2 MB page size, pre-allocated 0 pages
[STDERR  ] 2017-11-16T02:49:00.27811328Z: [    0.903197] ACPI: Added _OSI(Module Device)
[STDERR  ] 2017-11-16T02:49:00.278122728Z: [    0.903538] ACPI: Added _OSI(Processor Device)
[STDERR  ] 2017-11-16T02:49:00.278131011Z: [    0.903827] ACPI: Added _OSI(3.0 _SCP Extensions)
[STDERR  ] 2017-11-16T02:49:00.278141308Z: [    0.904091] ACPI: Added _OSI(Processor Aggregator Device)
[STDERR  ] 2017-11-16T02:49:00.278148592Z: [    0.978897] ACPI: Interpreter enabled
[STDERR  ] 2017-11-16T02:49:00.278156303Z: [    0.980162] ACPI: (supports S0 S5)
[STDERR  ] 2017-11-16T02:49:00.278164777Z: [    0.980506] ACPI: Using IOAPIC for interrupt routing
[STDERR  ] 2017-11-16T02:49:00.278173371Z: [    0.983166] PCI: Using host bridge windows from ACPI; if necessary, use "pci=nocrs" and report a bug
[STDERR  ] 2017-11-16T02:49:00.278181849Z: [    1.046536] ACPI: PCI Root Bridge [PCI0] (domain 0000 [bus 00-ff])
[STDERR  ] 2017-11-16T02:49:00.2781909Z: [    1.047786] acpi PNP0A08:00: _OSC: OS supports [ExtendedConfig ASPM ClockPM Segments MSI]
[STDERR  ] 2017-11-16T02:49:00.278199104Z: [    1.054453] acpi PNP0A08:00: _OSC: OS now controls [PCIeHotplug PME PCIeCapability]
[STDERR  ] 2017-11-16T02:49:00.27820782Z: [    1.058483] PCI host bridge to bus 0000:00
[STDERR  ] 2017-11-16T02:49:00.278216409Z: [    1.058995] pci_bus 0000:00: root bus resource [io  0x0000-0x0cf7 window]
[STDERR  ] 2017-11-16T02:49:00.278225743Z: [    1.059427] pci_bus 0000:00: root bus resource [io  0x0d00-0xffff window]
[STDERR  ] 2017-11-16T02:49:00.278233731Z: [    1.059840] pci_bus 0000:00: root bus resource [mem 0x000a0000-0x000bffff window]
[STDERR  ] 2017-11-16T02:49:00.278244783Z: [    1.060123] pci_bus 0000:00: root bus resource [mem 0xc0000000-0xfebfffff window]
[STDERR  ] 2017-11-16T02:49:00.278262522Z: [    1.060735] pci_bus 0000:00: root bus resource [bus 00-ff]
[STDERR  ] 2017-11-16T02:49:00.278271067Z: [    1.212587] pci 0000:00:1f.0: quirk: [io  0x0600-0x067f] claimed by ICH6 ACPI/GPIO/TCO
[STDERR  ] 2017-11-16T02:49:00.278282156Z: [    1.295307] ACPI: PCI Interrupt Link [LNKA] (IRQs 5 *10 11)
[STDERR  ] 2017-11-16T02:49:00.278291092Z: [    1.297801] ACPI: PCI Interrupt Link [LNKB] (IRQs 5 *10 11)
[STDERR  ] 2017-11-16T02:49:00.278300106Z: [    1.300836] ACPI: PCI Interrupt Link [LNKC] (IRQs 5 10 *11)
[STDERR  ] 2017-11-16T02:49:00.278308927Z: [    1.302529] ACPI: PCI Interrupt Link [LNKD] (IRQs 5 10 *11)
[STDERR  ] 2017-11-16T02:49:00.278316529Z: [    1.304214] ACPI: PCI Interrupt Link [LNKE] (IRQs 5 *10 11)
[STDERR  ] 2017-11-16T02:49:00.278324853Z: [    1.306357] ACPI: PCI Interrupt Link [LNKF] (IRQs 5 *10 11)
[STDERR  ] 2017-11-16T02:49:00.278333003Z: [    1.308030] ACPI: PCI Interrupt Link [LNKG] (IRQs 5 10 *11)
[STDERR  ] 2017-11-16T02:49:00.278340487Z: [    1.309711] ACPI: PCI Interrupt Link [LNKH] (IRQs 5 10 *11)
[STDERR  ] 2017-11-16T02:49:00.27834799Z: [    1.310695] ACPI: PCI Interrupt Link [GSIA] (IRQs *16)
[STDERR  ] 2017-11-16T02:49:00.278355735Z: [    1.311384] ACPI: PCI Interrupt Link [GSIB] (IRQs *17)
[STDERR  ] 2017-11-16T02:49:00.278363463Z: [    1.312021] ACPI: PCI Interrupt Link [GSIC] (IRQs *18)
[STDERR  ] 2017-11-16T02:49:00.278370986Z: [    1.312662] ACPI: PCI Interrupt Link [GSID] (IRQs *19)
[STDERR  ] 2017-11-16T02:49:00.278378328Z: [    1.313404] ACPI: PCI Interrupt Link [GSIE] (IRQs *20)
[STDERR  ] 2017-11-16T02:49:00.278385728Z: [    1.314051] ACPI: PCI Interrupt Link [GSIF] (IRQs *21)
[STDERR  ] 2017-11-16T02:49:00.278394069Z: [    1.314681] ACPI: PCI Interrupt Link [GSIG] (IRQs *22)
[STDERR  ] 2017-11-16T02:49:00.278404728Z: [    1.315307] ACPI: PCI Interrupt Link [GSIH] (IRQs *23)
[STDERR  ] 2017-11-16T02:49:00.278412309Z: [    1.319051] ACPI: Enabled 2 GPEs in block 00 to 3F
[STDERR  ] 2017-11-16T02:49:00.278420315Z: [    1.323727] SCSI subsystem initialized
[STDERR  ] 2017-11-16T02:49:00.278428546Z: [    1.325869] ACPI: bus type USB registered
[STDERR  ] 2017-11-16T02:49:00.278436445Z: [    1.326973] usbcore: registered new interface driver usbfs
[STDERR  ] 2017-11-16T02:49:00.278444463Z: [    1.327891] usbcore: registered new interface driver hub
[STDERR  ] 2017-11-16T02:49:00.27845284Z: [    1.328817] usbcore: registered new device driver usb
[STDERR  ] 2017-11-16T02:49:00.27846158Z: [    1.330370] pps_core: LinuxPPS API ver. 1 registered
[STDERR  ] 2017-11-16T02:49:00.278469359Z: [    1.330704] pps_core: Software ver. 5.3.6 - Copyright 2005-2007 Rodolfo Giometti <giometti@linux.it>
[STDERR  ] 2017-11-16T02:49:00.278478266Z: [    1.331411] PTP clock support registered
[STDERR  ] 2017-11-16T02:49:00.278487068Z: [    1.332657] wmi: Mapper loaded
[STDERR  ] 2017-11-16T02:49:00.278495708Z: [    1.333908] PCI: Using ACPI for IRQ routing
[STDERR  ] 2017-11-16T02:49:00.27850723Z: [    1.352637] NetLabel: Initializing
[STDERR  ] 2017-11-16T02:49:00.278516326Z: [    1.352939] NetLabel:  domain hash size = 128
[STDERR  ] 2017-11-16T02:49:00.2785244Z: [    1.353260] NetLabel:  protocols = UNLABELED CIPSOv4
[STDERR  ] 2017-11-16T02:49:00.278533079Z: [    1.356033] NetLabel:  unlabeled traffic allowed by default
[STDERR  ] 2017-11-16T02:49:00.278542343Z: [    1.357245] HPET: 3 timers in total, 0 timers will be used for per-cpu timer
[STDERR  ] 2017-11-16T02:49:00.278551569Z: [    1.358037] hpet0: at MMIO 0xfed00000, IRQs 2, 8, 0
[STDERR  ] 2017-11-16T02:49:00.278560221Z: [    1.358507] hpet0: 3 comparators, 64-bit 100.000000 MHz counter
[STDERR  ] 2017-11-16T02:49:00.278568837Z: [    1.363733] clocksource: Switched to clocksource hpet
[STDERR  ] 2017-11-16T02:49:00.278576639Z: [    1.630855] VFS: Disk quotas dquot_6.6.0
[STDERR  ] 2017-11-16T02:49:00.27858429Z: [    1.631698] VFS: Dquot-cache hash table entries: 512 (order 0, 4096 bytes)
[STDERR  ] 2017-11-16T02:49:00.278592793Z: [    1.635431] FS-Cache: Loaded
[STDERR  ] 2017-11-16T02:49:00.278611005Z: [    1.642126] CacheFiles: Loaded
[STDERR  ] 2017-11-16T02:49:00.278623083Z: [    1.643904] pnp: PnP ACPI init
[STDERR  ] 2017-11-16T02:49:00.278638866Z: [    1.655334] pnp: PnP ACPI: found 5 devices
[STDERR  ] 2017-11-16T02:49:00.278647277Z: [    1.701777] clocksource: acpi_pm: mask: 0xffffff max_cycles: 0xffffff, max_idle_ns: 2085701024 ns
[STDERR  ] 2017-11-16T02:49:00.278656357Z: [    1.705707] NET: Registered protocol family 2
[STDERR  ] 2017-11-16T02:49:00.278664414Z: [    1.713443] TCP established hash table entries: 8192 (order: 4, 65536 bytes)
[STDERR  ] 2017-11-16T02:49:00.27867278Z: [    1.714335] TCP bind hash table entries: 8192 (order: 5, 131072 bytes)
[STDERR  ] 2017-11-16T02:49:00.278682171Z: [    1.715073] TCP: Hash tables configured (established 8192 bind 8192)
[STDERR  ] 2017-11-16T02:49:00.278690926Z: [    1.716988] UDP hash table entries: 512 (order: 2, 16384 bytes)
[STDERR  ] 2017-11-16T02:49:00.278699664Z: [    1.717526] UDP-Lite hash table entries: 512 (order: 2, 16384 bytes)
[STDERR  ] 2017-11-16T02:49:00.278708355Z: [    1.719957] NET: Registered protocol family 1
[STDERR  ] 2017-11-16T02:49:00.278720437Z: [    1.721316] pci 0000:00:01.0: Video device with shadowed ROM at [mem 0x000c0000-0x000dffff]
[STDERR  ] 2017-11-16T02:49:00.27872972Z: [    1.728383] Unpacking initramfs...
[STDERR  ] 2017-11-16T02:49:00.278737719Z: [   10.051225] Freeing initrd memory: 53672K
[STDERR  ] 2017-11-16T02:49:00.27874565Z: [   10.074612] PCLMULQDQ-NI instructions are not detected.
[STDERR  ] 2017-11-16T02:49:00.278754326Z: [   10.076058] AVX or AES-NI instructions are not detected.
[STDERR  ] 2017-11-16T02:49:00.278763574Z: [   10.076548] CPU feature 'AVX registers' is not supported.
[STDERR  ] 2017-11-16T02:49:00.278771482Z: [   10.076930] CPU feature 'AVX registers' is not supported.
[STDERR  ] 2017-11-16T02:49:00.278779694Z: [   10.077279] CPU feature 'AVX registers' is not supported.
[STDERR  ] 2017-11-16T02:49:00.278788672Z: [   10.077669] CPU feature 'AVX registers' is not supported.
[STDERR  ] 2017-11-16T02:49:00.278802583Z: [   10.078067] AVX2 or AES-NI instructions are not detected.
[STDERR  ] 2017-11-16T02:49:00.278811784Z: [   10.078444] AVX2 instructions are not detected.
[STDERR  ] 2017-11-16T02:49:00.27882023Z: [   10.084485] audit: initializing netlink subsys (disabled)
[STDERR  ] 2017-11-16T02:49:00.278828381Z: [   10.086197] audit: type=2000 audit(1510800499.080:1): initialized
[STDERR  ] 2017-11-16T02:49:00.278836219Z: [   10.095771] workingset: timestamp_bits=46 max_order=18 bucket_order=0
[STDERR  ] 2017-11-16T02:49:00.278844596Z: [   10.103958] squashfs: version 4.0 (2009/01/31) Phillip Lougher
[STDERR  ] 2017-11-16T02:49:00.278852669Z: [   10.106578] FS-Cache: Netfs 'cifs' registered for caching
[STDERR  ] 2017-11-16T02:49:00.278860708Z: [   10.107588] fuse init (API version 7.26)
[STDERR  ] 2017-11-16T02:49:00.278869057Z: [   10.109977] SGI XFS with ACLs, security attributes, no debug enabled
[STDERR  ] 2017-11-16T02:49:00.278877845Z: [   10.114479] 9p: Installing v9fs 9p2000 file system support
[STDERR  ] 2017-11-16T02:49:00.27888572Z: [   10.114936] FS-Cache: Netfs '9p' registered for caching
[STDERR  ] 2017-11-16T02:49:00.278893331Z: [   10.145136] NET: Registered protocol family 38
[STDERR  ] 2017-11-16T02:49:00.278901749Z: [   10.145744] Key type asymmetric registered
[STDERR  ] 2017-11-16T02:49:00.278910357Z: [   10.146123] Asymmetric key parser 'x509' registered
[STDERR  ] 2017-11-16T02:49:00.278918739Z: [   10.147103] Block layer SCSI generic (bsg) driver version 0.4 loaded (major 251)
[STDERR  ] 2017-11-16T02:49:00.27892693Z: [   10.148628] io scheduler noop registered
[STDERR  ] 2017-11-16T02:49:00.2789353Z: [   10.149034] io scheduler deadline registered (default)
[STDERR  ] 2017-11-16T02:49:00.278943907Z: [   10.149972] io scheduler cfq registered
[STDERR  ] 2017-11-16T02:49:00.278952159Z: [   10.155036] pci_hotplug: PCI Hot Plug PCI Core version: 0.5
[STDERR  ] 2017-11-16T02:49:00.278960875Z: [   10.155680] pciehp: PCI Express Hot Plug Controller Driver version: 0.4
[STDERR  ] 2017-11-16T02:49:00.278979303Z: [   10.156509] shpchp: Standard Hot Plug PCI Controller Driver version: 0.4
[STDERR  ] 2017-11-16T02:49:00.278988714Z: [   10.157389] hv_vmbus: registering driver hyperv_fb
[STDERR  ] 2017-11-16T02:49:00.278997292Z: [   10.162010] input: Power Button as /devices/LNXSYSTM:00/LNXPWRBN:00/input/input0
[STDERR  ] 2017-11-16T02:49:00.279006497Z: [   10.163122] ACPI: Power Button [PWRF]
[STDERR  ] 2017-11-16T02:49:00.27901547Z: [   10.167822] GHES: HEST is not enabled!
[STDERR  ] 2017-11-16T02:49:00.279023564Z: [   10.178887] ACPI: PCI Interrupt Link [GSIG] enabled at IRQ 22
[STDERR  ] 2017-11-16T02:49:00.279034242Z: [   10.192470] ACPI: PCI Interrupt Link [GSIH] enabled at IRQ 23
[STDERR  ] 2017-11-16T02:49:00.279042233Z: [   10.198181] xenfs: not registering filesystem on non-xen platform
[STDERR  ] 2017-11-16T02:49:00.279050256Z: [   10.200868] Serial: 8250/16550 driver, 4 ports, IRQ sharing disabled
[STDERR  ] 2017-11-16T02:49:00.279058098Z: [   10.225380] 00:04: ttyS0 at I/O 0x3f8 (irq = 4, base_baud = 115200) is a 16550A
[STDERR  ] 2017-11-16T02:49:00.279065867Z: [   10.237310] Non-volatile memory driver v1.3
[STDERR  ] 2017-11-16T02:49:00.279073572Z: [   10.243925] Hangcheck: starting hangcheck timer 0.9.1 (tick is 180 seconds, margin is 60 seconds).
[STDERR  ] 2017-11-16T02:49:00.27908136Z: [   10.249160] random: fast init done
[STDERR  ] 2017-11-16T02:49:00.279089293Z: [   10.250986] random: crng init done
[STDERR  ] 2017-11-16T02:49:00.279096997Z: [   10.284794] loop: module loaded
[STDERR  ] 2017-11-16T02:49:00.279105081Z: [   10.299137] nbd: registered device at major 43
[STDERR  ] 2017-11-16T02:49:00.279113338Z: [   10.343460] lpc_ich 0000:00:1f.0: I/O space for GPIO uninitialized
[STDERR  ] 2017-11-16T02:49:00.279123724Z: [   10.345678] VMware PVSCSI driver - version 1.0.7.0-k
[STDERR  ] 2017-11-16T02:49:00.279131761Z: [   10.346639] hv_vmbus: registering driver hv_storvsc
[STDERR  ] 2017-11-16T02:49:00.279139985Z: [   10.357192] ACPI: PCI Interrupt Link [GSIA] enabled at IRQ 16
[STDERR  ] 2017-11-16T02:49:00.279147794Z: [   10.363932] ahci 0000:00:1f.2: AHCI 0001.0000 32 slots 6 ports 1.5 Gbps 0x3f impl SATA mode
[STDERR  ] 2017-11-16T02:49:00.27915614Z: [   10.364673] ahci 0000:00:1f.2: flags: 64bit ncq only 
[STDERR  ] 2017-11-16T02:49:00.279165766Z: [   10.384328] scsi host0: ahci
[STDERR  ] 2017-11-16T02:49:00.279173635Z: [   10.389227] scsi host1: ahci
[STDERR  ] 2017-11-16T02:49:00.279181683Z: [   10.392511] scsi host2: ahci
[STDERR  ] 2017-11-16T02:49:00.279189893Z: [   10.394793] scsi host3: ahci
[STDERR  ] 2017-11-16T02:49:00.279197921Z: [   10.397793] scsi host4: ahci
[STDERR  ] 2017-11-16T02:49:00.279206546Z: [   10.400545] scsi host5: ahci
[STDERR  ] 2017-11-16T02:49:00.279215111Z: [   10.402538] ata1: SATA max UDMA/133 abar m4096@0xfebd2000 port 0xfebd2100 irq 24
[STDERR  ] 2017-11-16T02:49:00.279225589Z: [   10.403073] ata2: SATA max UDMA/133 abar m4096@0xfebd2000 port 0xfebd2180 irq 24
[STDERR  ] 2017-11-16T02:49:00.279233628Z: [   10.403498] ata3: SATA max UDMA/133 abar m4096@0xfebd2000 port 0xfebd2200 irq 24
[STDERR  ] 2017-11-16T02:49:00.279242018Z: [   10.403862] ata4: SATA max UDMA/133 abar m4096@0xfebd2000 port 0xfebd2280 irq 24
[STDERR  ] 2017-11-16T02:49:00.279249659Z: [   10.404298] ata5: SATA max UDMA/133 abar m4096@0xfebd2000 port 0xfebd2300 irq 24
[STDERR  ] 2017-11-16T02:49:00.279257366Z: [   10.404706] ata6: SATA max UDMA/133 abar m4096@0xfebd2000 port 0xfebd2380 irq 24
[STDERR  ] 2017-11-16T02:49:00.279265857Z: [   10.416757] tun: Universal TUN/TAP device driver, 1.6
[STDERR  ] 2017-11-16T02:49:00.279277394Z: [   10.417099] tun: (C) 1999-2004 Max Krasnyansky <maxk@qualcomm.com>
[STDERR  ] 2017-11-16T02:49:00.279285757Z: [   10.428261] VMware vmxnet3 virtual NIC driver - version 1.4.a.0-k-NAPI
[STDERR  ] 2017-11-16T02:49:00.279293448Z: [   10.429186] hv_vmbus: registering driver hv_netvsc
[STDERR  ] 2017-11-16T02:49:00.279301905Z: [   10.429577] Fusion MPT base driver 3.04.20
[STDERR  ] 2017-11-16T02:49:00.279319171Z: [   10.429827] Copyright (c) 1999-2008 LSI Corporation
[STDERR  ] 2017-11-16T02:49:00.27933078Z: [   10.433478] Fusion MPT SPI Host driver 3.04.20
[STDERR  ] 2017-11-16T02:49:00.279338971Z: [   10.435576] i8042: PNP: PS/2 Controller [PNP0303:KBD,PNP0f13:MOU] at 0x60,0x64 irq 1,12
[STDERR  ] 2017-11-16T02:49:00.279347944Z: [   10.439710] serio: i8042 KBD port at 0x60,0x64 irq 1
[STDERR  ] 2017-11-16T02:49:00.279356177Z: [   10.440736] serio: i8042 AUX port at 0x60,0x64 irq 12
[STDERR  ] 2017-11-16T02:49:00.279364639Z: [   10.443771] hv_vmbus: registering driver hyperv_keyboard
[STDERR  ] 2017-11-16T02:49:00.279373615Z: [   10.445952] mousedev: PS/2 mouse device common for all mice
[STDERR  ] 2017-11-16T02:49:00.279381715Z: [   10.451152] input: AT Translated Set 2 keyboard as /devices/platform/i8042/serio0/input/input1
[STDERR  ] 2017-11-16T02:49:00.2793904Z: [   10.454131] input: PC Speaker as /devices/platform/pcspkr/input/input2
[STDERR  ] 2017-11-16T02:49:00.279399271Z: [   10.457804] rtc_cmos 00:00: RTC can wake from S4
[STDERR  ] 2017-11-16T02:49:00.27940713Z: [   10.461536] rtc_cmos 00:00: rtc core: registered rtc_cmos as rtc0
[STDERR  ] 2017-11-16T02:49:00.279414894Z: [   10.462760] rtc_cmos 00:00: alarms up to one day, y3k, 114 bytes nvram, hpet irqs
[STDERR  ] 2017-11-16T02:49:00.279423103Z: [   10.463451] i2c /dev entries driver
[STDERR  ] 2017-11-16T02:49:00.279431217Z: [   10.465263] device-mapper: ioctl: 4.35.0-ioctl (2016-06-23) initialised: dm-devel@redhat.com
[STDERR  ] 2017-11-16T02:49:00.279440317Z: [   10.469738] usbcore: registered new interface driver usbhid
[STDERR  ] 2017-11-16T02:49:00.279448881Z: [   10.470386] usbhid: USB HID core driver
[STDERR  ] 2017-11-16T02:49:00.279457487Z: [   10.471164] hv_utils: Registering HyperV Utility Driver
[STDERR  ] 2017-11-16T02:49:00.279466286Z: [   10.471474] hv_vmbus: registering driver hv_util
[STDERR  ] 2017-11-16T02:49:00.279475391Z: [   10.471742] hv_vmbus: registering driver hv_balloon
[STDERR  ] 2017-11-16T02:49:00.279483159Z: [   10.472181] oprofile: using NMI interrupt.
[STDERR  ] 2017-11-16T02:49:00.27949077Z: [   10.473232] GACT probability on
[STDERR  ] 2017-11-16T02:49:00.279498437Z: [   10.474135] Mirror/redirect action on
[STDERR  ] 2017-11-16T02:49:00.279506773Z: [   10.475003] Simple TC action Loaded
[STDERR  ] 2017-11-16T02:49:00.279515145Z: [   10.475514] u32 classifier
[STDERR  ] 2017-11-16T02:49:00.279523734Z: [   10.475722]     Performance counters on
[STDERR  ] 2017-11-16T02:49:00.279531677Z: [   10.475931]     input device check on
[STDERR  ] 2017-11-16T02:49:00.279540365Z: [   10.476139]     Actions configured
[STDERR  ] 2017-11-16T02:49:00.279548565Z: [   10.476680] Netfilter messages via NETLINK v0.30.
[STDERR  ] 2017-11-16T02:49:00.279556302Z: [   10.477245] nfnl_acct: registering with nfnetlink.
[STDERR  ] 2017-11-16T02:49:00.279561912Z: [   10.478831] nf_conntrack version 0.5.0 (8192 buckets, 32768 max)
[STDERR  ] 2017-11-16T02:49:00.279567893Z: [   10.482207] ctnetlink v0.93: registering with nfnetlink.
[STDERR  ] 2017-11-16T02:49:00.279573427Z: [   10.485412] nf_tables: (c) 2007-2009 Patrick McHardy <kaber@trash.net>
[STDERR  ] 2017-11-16T02:49:00.279579299Z: [   10.486273] nf_tables_compat: (c) 2012 Pablo Neira Ayuso <pablo@netfilter.org>
[STDERR  ] 2017-11-16T02:49:00.279585082Z: [   10.488635] xt_time: kernel timezone is -0000
[STDERR  ] 2017-11-16T02:49:00.279592922Z: [   10.489279] ip_set: protocol 6
[STDERR  ] 2017-11-16T02:49:00.279601287Z: [   10.489951] IPVS: Registered protocols (TCP, UDP, SCTP, AH, ESP)
[STDERR  ] 2017-11-16T02:49:00.279609672Z: [   10.490994] IPVS: Connection hash table configured (size=4096, memory=64Kbytes)
[STDERR  ] 2017-11-16T02:49:00.279617647Z: [   10.492771] IPVS: Creating netns size=2104 id=0
[STDERR  ] 2017-11-16T02:49:00.279632528Z: [   10.495418] IPVS: ipvs loaded.
[STDERR  ] 2017-11-16T02:49:00.279644268Z: [   10.495749] IPVS: [rr] scheduler registered.
[STDERR  ] 2017-11-16T02:49:00.279650045Z: [   10.496087] IPVS: [wrr] scheduler registered.
[STDERR  ] 2017-11-16T02:49:00.279661602Z: [   10.496349] IPVS: [lc] scheduler registered.
[STDERR  ] 2017-11-16T02:49:00.279671417Z: [   10.496600] IPVS: [wlc] scheduler registered.
[STDERR  ] 2017-11-16T02:49:00.279680191Z: [   10.496826] IPVS: [fo] scheduler registered.
[STDERR  ] 2017-11-16T02:49:00.279688787Z: [   10.497095] IPVS: [ovf] scheduler registered.
[STDERR  ] 2017-11-16T02:49:00.279699141Z: [   10.497521] IPVS: [lblc] scheduler registered.
[STDERR  ] 2017-11-16T02:49:00.279707339Z: [   10.497947] IPVS: [lblcr] scheduler registered.
[STDERR  ] 2017-11-16T02:49:00.279715307Z: [   10.498241] IPVS: [dh] scheduler registered.
[STDERR  ] 2017-11-16T02:49:00.279723156Z: [   10.498523] IPVS: [sh] scheduler registered.
[STDERR  ] 2017-11-16T02:49:00.279731714Z: [   10.498758] IPVS: [sed] scheduler registered.
[STDERR  ] 2017-11-16T02:49:00.279740302Z: [   10.499011] IPVS: [nq] scheduler registered.
[STDERR  ] 2017-11-16T02:49:00.279748073Z: [   10.499739] IPVS: ftp: loaded support on port[0] = 21
[STDERR  ] 2017-11-16T02:49:00.279754279Z: [   10.501112] ipip: IPv4 and MPLS over IPv4 tunneling driver
[STDERR  ] 2017-11-16T02:49:00.279762563Z: [   10.505200] gre: GRE over IPv4 demultiplexor driver
[STDERR  ] 2017-11-16T02:49:00.279773496Z: [   10.507991] ip_tables: (C) 2000-2006 Netfilter Core Team
[STDERR  ] 2017-11-16T02:49:00.279781327Z: [   10.511646] ipt_CLUSTERIP: ClusterIP Version 0.8 loaded successfully
[STDERR  ] 2017-11-16T02:49:00.279789297Z: [   10.512448] arp_tables: arp_tables: (C) 2002 David S. Miller
[STDERR  ] 2017-11-16T02:49:00.279797214Z: [   10.514836] NET: Registered protocol family 10
[STDERR  ] 2017-11-16T02:49:00.279805049Z: [   10.524503] ip6_tables: (C) 2000-2006 Netfilter Core Team
[STDERR  ] 2017-11-16T02:49:00.279816098Z: [   10.532979] NET: Registered protocol family 17
[STDERR  ] 2017-11-16T02:49:00.279826635Z: [   10.534101] Bridge firewalling registered
[STDERR  ] 2017-11-16T02:49:00.279834527Z: [   10.534665] Ebtables v2.0 registered
[STDERR  ] 2017-11-16T02:49:00.279843048Z: [   10.536580] 8021q: 802.1Q VLAN Support v1.8
[STDERR  ] 2017-11-16T02:49:00.279851162Z: [   10.538086] 9pnet: Installing 9P2000 support
[STDERR  ] 2017-11-16T02:49:00.279859012Z: [   10.539715] Key type dns_resolver registered
[STDERR  ] 2017-11-16T02:49:00.27986682Z: [   10.541130] microcode: AMD CPU family 0x6 not supported
[STDERR  ] 2017-11-16T02:49:00.279874816Z: [   10.544650] registered taskstats version 1
[STDERR  ] 2017-11-16T02:49:00.279882675Z: [   10.720990] Key type big_key registered
[STDERR  ] 2017-11-16T02:49:00.279890535Z: [   10.735411] ata1: SATA link down (SStatus 0 SControl 300)
[STDERR  ] 2017-11-16T02:49:00.279898434Z: [   10.742896] ata4: SATA link down (SStatus 0 SControl 300)
[STDERR  ] 2017-11-16T02:49:00.279906388Z: [   10.743927] ata3: SATA link up 1.5 Gbps (SStatus 113 SControl 300)
[STDERR  ] 2017-11-16T02:49:00.279914536Z: [   10.747373] ata3.00: ATAPI: QEMU DVD-ROM, 2.5+, max UDMA/100
[STDERR  ] 2017-11-16T02:49:00.279923032Z: [   10.747988] ata3.00: applying bridge limits
[STDERR  ] 2017-11-16T02:49:00.279930927Z: [   10.749801] ata3.00: configured for UDMA/100
[STDERR  ] 2017-11-16T02:49:00.279938972Z: [   10.751213] ata2: SATA link down (SStatus 0 SControl 300)
[STDERR  ] 2017-11-16T02:49:00.27994675Z: [   10.751885] ata5: SATA link down (SStatus 0 SControl 300)
[STDERR  ] 2017-11-16T02:49:00.27995484Z: [   10.752350] ata6: SATA link down (SStatus 0 SControl 300)
[STDERR  ] 2017-11-16T02:49:00.279962825Z: [   10.777824] scsi 2:0:0:0: CD-ROM            QEMU     QEMU DVD-ROM     2.5+ PQ: 0 ANSI: 5
[STDERR  ] 2017-11-16T02:49:00.279971465Z: [   10.813581] sr 2:0:0:0: [sr0] scsi3-mmc drive: 4x/4x cd/rw xa/form2 tray
[STDERR  ] 2017-11-16T02:49:00.279981135Z: [   10.814313] cdrom: Uniform CD-ROM driver Revision: 3.20
[STDERR  ] 2017-11-16T02:49:00.279989196Z: [   10.830832] sr 2:0:0:0: Attached scsi generic sg0 type 5
[STDERR  ] 2017-11-16T02:49:00.279997734Z: [   10.888229] Key type encrypted registered
[STDERR  ] 2017-11-16T02:49:00.280005751Z: [   10.894409] rtc_cmos 00:00: setting system clock to 2017-11-16 02:48:20 UTC (1510800500)
[STDERR  ] 2017-11-16T02:49:00.280032973Z: [   11.044938] Freeing unused kernel memory: 1380K
[STDERR  ] 2017-11-16T02:49:00.280042974Z: [   11.045394] Write protecting the kernel read-only data: 12288k
[STDERR  ] 2017-11-16T02:49:00.280051283Z: [   11.052661] Freeing unused kernel memory: 128K
[STDERR  ] 2017-11-16T02:49:00.280059326Z: [   11.149924] Freeing unused kernel memory: 1396K
[STDERR  ] 2017-11-16T02:49:00.280069239Z: [   11.150918] tsc: Refined TSC clocksource calibration: 2599.903 MHz
[STDERR  ] 2017-11-16T02:49:00.28007698Z: [   11.151422] clocksource: tsc: mask: 0xffffffffffffffff max_cycles: 0x2579e0a4736, max_idle_ns: 440795307226 ns
[STDERR  ] 2017-11-16T02:49:00.280085128Z: [   12.168142] clocksource: Switched to clocksource tsc
[STDERR  ] 2017-11-16T02:49:00.280093047Z: 
[STDERR  ] 2017-11-16T02:49:00.280104709Z: Welcome to LinuxKit
[STDERR  ] 2017-11-16T02:49:00.280113379Z: 
[STDERR  ] 2017-11-16T02:49:00.280121564Z:                         ##         .
[STDERR  ] 2017-11-16T02:49:00.280129649Z:                   ## ## ##        ==
[STDERR  ] 2017-11-16T02:49:00.280138307Z:                ## ## ## ## ##    ===
[STDERR  ] 2017-11-16T02:49:00.280146989Z:            /"""""""""""""""""\___/ ===
[STDERR  ] 2017-11-16T02:49:00.28015677Z:           {                       /  ===-
[STDERR  ] 2017-11-16T02:49:00.280166504Z:            \______ O           __/
[STDERR  ] 2017-11-16T02:49:00.280175963Z:              \    \         __/
[STDERR  ] 2017-11-16T02:49:00.280184864Z:               \____\_______/
[STDERR  ] 2017-11-16T02:49:00.280193109Z: 
[STDERR  ] 2017-11-16T02:49:00.280202567Z: [   29.709701] 8021q: adding VLAN 0 to HW filter on device eth0
[STDERR  ] 2017-11-16T02:49:00.280210976Z: eth0: waiting for carrier
[STDERR  ] 2017-11-16T02:49:00.280219111Z: eth0: carrier acquired
[STDERR  ] 2017-11-16T02:49:00.280227153Z: DUID 00:01:00:01:21:9f:b9:07:e2:4a:53:8c:ec:50
[STDERR  ] 2017-11-16T02:49:00.280235295Z: eth0: IAID 53:8c:ec:50
[STDERR  ] 2017-11-16T02:49:00.280243444Z: eth0: adding address fe80::8df:89c2:72c6:4d35
[STDERR  ] 2017-11-16T02:49:00.280251616Z: eth0: soliciting an IPv6 router
[STDERR  ] 2017-11-16T02:49:00.280260078Z: eth0: soliciting a DHCP lease
[STDERR  ] 2017-11-16T02:49:00.280268358Z: eth0: offered 10.0.2.15 from 10.0.2.2
[STDERR  ] 2017-11-16T02:49:00.28027701Z: eth0: leased 10.0.2.15 for 86400 seconds
[STDERR  ] 2017-11-16T02:49:00.280285239Z: eth0: adding route to 10.0.2.0/24
[STDERR  ] 2017-11-16T02:49:00.280293699Z: eth0: adding default route via 10.0.2.2
[STDERR  ] 2017-11-16T02:49:00.280301856Z: exiting due to oneshot
[STDERR  ] 2017-11-16T02:49:00.280310304Z: dhcpcd exited
[STDERR  ] 2017-11-16T02:49:00.280318689Z: [   31.165037] IPVS: Creating netns size=2104 id=1
[STDERR  ] 2017-11-16T02:49:00.280327327Z: [   31.165643] IPVS: ftp: loaded support on port[0] = 21
[STDERR  ] 2017-11-16T02:49:00.280335526Z: [   31.802271] wireguard: loading out-of-tree module taints kernel.
[STDERR  ] 2017-11-16T02:49:00.280344231Z: [   31.817354] wireguard: WireGuard 0.0.20171101 loaded. See www.wireguard.com for information.
[STDERR  ] 2017-11-16T02:49:00.280352916Z: [   31.818092] wireguard: Copyright (C) 2015-2017 Jason A. Donenfeld <Jason@zx2c4.com>. All Rights Reserved.
[STDERR  ] 2017-11-16T02:49:00.280361575Z: Created interface wg0 type wireguard
[STDERR  ] 2017-11-16T02:49:00.280369795Z: Moved interface wg0 to pid 340
[STDERR  ] 2017-11-16T02:49:00.28037823Z: [#] wg setconf wg0 /dev/fd/63
[STDERR  ] 2017-11-16T02:49:00.280386466Z: [#] ip address add 192.168.2.1/24 dev wg0
[STDERR  ] 2017-11-16T02:49:00.280397397Z: [#] ip link set mtu 65456 dev wg0
[STDERR  ] 2017-11-16T02:49:00.280405523Z: [#] ip link set wg0 up
[STDERR  ] 2017-11-16T02:49:00.280414Z: [#] ip route add 0.0.0.0/0 dev wg0
[STDERR  ] 2017-11-16T02:49:00.280422449Z: [   33.602554] IPVS: Creating netns size=2104 id=2
[STDERR  ] 2017-11-16T02:49:00.280430728Z: [   33.603361] IPVS: ftp: loaded support on port[0] = 21
[STDERR  ] 2017-11-16T02:49:00.28044186Z: Created interface wg1 type wireguard
[STDERR  ] 2017-11-16T02:49:00.280458305Z: Moved interface wg1 to pid 395
[STDERR  ] 2017-11-16T02:49:00.280467234Z: [#] wg setconf wg1 /dev/fd/63
[STDERR  ] 2017-11-16T02:49:00.280475039Z: [#] ip address add 192.168.2.2/24 dev wg1
[STDERR  ] 2017-11-16T02:49:00.280482729Z: [#] ip link set mtu 65456 dev wg1
[STDERR  ] 2017-11-16T02:49:00.280510154Z: [#] ip link set wg1 up
[STDERR  ] 2017-11-16T02:49:00.280520553Z: [#] ip route add 0.0.0.0/0 dev wg1
[STDERR  ] 2017-11-16T02:49:00.280528756Z: [34mINFO[0m[0000] starting containerd                           [34mmodule[0m=containerd [34mrevision[0m=2b8ed96d2a422bf205adcdfa05272dc12c81613b [34mversion[0m=v1.0.0-beta.3
[STDERR  ] 2017-11-16T02:49:00.280539547Z: [34mINFO[0m[0000] loading plugin "io.containerd.content.v1.content"...  [34mmodule[0m=containerd [34mtype[0m=io.containerd.content.v1
[STDERR  ] 2017-11-16T02:49:00.280551833Z: [34mINFO[0m[0000] loading plugin "io.containerd.snapshotter.v1.btrfs"...  [34mmodule[0m=containerd [34mtype[0m=io.containerd.snapshotter.v1
[STDERR  ] 2017-11-16T02:49:00.280560546Z: [33mWARN[0m[0000] failed to load plugin io.containerd.snapshotter.v1.btrfs  [33merror[0m="path /var/lib/containerd/io.containerd.snapshotter.v1.btrfs must be a btrfs filesystem to be used with the btrfs snapshotter" [33mmodule[0m=containerd
[STDERR  ] 2017-11-16T02:49:00.280571063Z: [34mINFO[0m[0000] loading plugin "io.containerd.snapshotter.v1.overlayfs"...  [34mmodule[0m=containerd [34mtype[0m=io.containerd.snapshotter.v1
[STDERR  ] 2017-11-16T02:49:00.280580156Z: [34mINFO[0m[0000] loading plugin "io.containerd.metadata.v1.bolt"...  [34mmodule[0m=containerd [34mtype[0m=io.containerd.metadata.v1
[STDERR  ] 2017-11-16T02:49:00.28058987Z: [33mWARN[0m[0000] could not use snapshotter btrfs in metadata plugin  [33merror[0m="path /var/lib/containerd/io.containerd.snapshotter.v1.btrfs must be a btrfs filesystem to be used with the btrfs snapshotter" [33mmodule[0m="containerd/io.containerd.metadata.v1.bolt"
[STDERR  ] 2017-11-16T02:49:00.280597935Z: [34mINFO[0m[0000] loading plugin "io.containerd.differ.v1.walking"...  [34mmodule[0m=containerd [34mtype[0m=io.containerd.differ.v1
[STDERR  ] 2017-11-16T02:49:00.280606479Z: [34mINFO[0m[0000] loading plugin "io.containerd.grpc.v1.containers"...  [34mmodule[0m=containerd [34mtype[0m=io.containerd.grpc.v1
[STDERR  ] 2017-11-16T02:49:00.280615065Z: [34mINFO[0m[0000] loading plugin "io.containerd.grpc.v1.content"...  [34mmodule[0m=containerd [34mtype[0m=io.containerd.grpc.v1
[STDERR  ] 2017-11-16T02:49:00.280623777Z: [34mINFO[0m[0000] loading plugin "io.containerd.grpc.v1.diff"...  [34mmodule[0m=containerd [34mtype[0m=io.containerd.grpc.v1
[STDERR  ] 2017-11-16T02:49:00.280638645Z: [34mINFO[0m[0000] loading plugin "io.containerd.grpc.v1.events"...  [34mmodule[0m=containerd [34mtype[0m=io.containerd.grpc.v1
[STDERR  ] 2017-11-16T02:49:00.280646914Z: [34mINFO[0m[0000] loading plugin "io.containerd.grpc.v1.healthcheck"...  [34mmodule[0m=containerd [34mtype[0m=io.containerd.grpc.v1
[STDERR  ] 2017-11-16T02:49:00.280655485Z: [34mINFO[0m[0000] loading plugin "io.containerd.grpc.v1.images"...  [34mmodule[0m=containerd [34mtype[0m=io.containerd.grpc.v1
[STDERR  ] 2017-11-16T02:49:00.280664703Z: [34mINFO[0m[0000] loading plugin "io.containerd.grpc.v1.leases"...  [34mmodule[0m=containerd [34mtype[0m=io.containerd.grpc.v1
[STDERR  ] 2017-11-16T02:49:00.280672981Z: [34mINFO[0m[0000] loading plugin "io.containerd.grpc.v1.namespaces"...  [34mmodule[0m=containerd [34mtype[0m=io.containerd.grpc.v1
[STDERR  ] 2017-11-16T02:49:00.280681015Z: [34mINFO[0m[0000] loading plugin "io.containerd.grpc.v1.snapshots"...  [34mmodule[0m=containerd [34mtype[0m=io.containerd.grpc.v1
[STDERR  ] 2017-11-16T02:49:00.280693025Z: [34mINFO[0m[0000] loading plugin "io.containerd.monitor.v1.cgroups"...  [34mmodule[0m=containerd [34mtype[0m=io.containerd.monitor.v1
[STDERR  ] 2017-11-16T02:49:00.280702065Z: [34mINFO[0m[0000] loading plugin "io.containerd.runtime.v1.linux"...  [34mmodule[0m=containerd [34mtype[0m=io.containerd.runtime.v1
[STDERR  ] 2017-11-16T02:49:00.280717973Z: [34mINFO[0m[0000] loading plugin "io.containerd.grpc.v1.tasks"...  [34mmodule[0m=containerd [34mtype[0m=io.containerd.grpc.v1
[STDERR  ] 2017-11-16T02:49:00.280726836Z: [34mINFO[0m[0000] loading plugin "io.containerd.grpc.v1.version"...  [34mmodule[0m=containerd [34mtype[0m=io.containerd.grpc.v1
[STDERR  ] 2017-11-16T02:49:00.2807352Z: [34mINFO[0m[0000] loading plugin "io.containerd.grpc.v1.introspection"...  [34mmodule[0m=containerd [34mtype[0m=io.containerd.grpc.v1
[STDERR  ] 2017-11-16T02:49:00.280743663Z: [34mINFO[0m[0000] serving...                                    [34maddress[0m="/run/containerd/debug.sock" [34mmodule[0m="containerd/debug"
[STDERR  ] 2017-11-16T02:49:00.280752117Z: [34mINFO[0m[0000] serving...                                    [34maddress[0m="/run/containerd/containerd.sock" [34mmodule[0m="containerd/grpc"
[STDERR  ] 2017-11-16T02:49:00.280761035Z: [34mINFO[0m[0000] containerd successfully booted in 0.195808s   [34mmodule[0m=containerd
[STDERR  ] 2017-11-16T02:49:00.2807716Z: [34mINFO[0m[0000] shim containerd-shim started                  [34maddress[0m="/containerd-shim/default/nginx/shim.sock" [34mdebug[0m=false [34mmodule[0m="containerd/tasks" [34mpid[0m=446
[STDERR  ] 2017-11-16T02:49:00.280780051Z: [34mINFO[0m[0004] shim containerd-shim started                  [34maddress[0m="/containerd-shim/default/test/shim.sock" [34mdebug[0m=false [34mmodule[0m="containerd/tasks" [34mpid[0m=481
[STDERR  ] 2017-11-16T02:49:00.28078907Z: wireguard test suite PASSED
[STDERR  ] 2017-11-16T02:49:00.280797508Z: [   49.454263] ACPI: Preparing to enter system sleep state S5
[STDERR  ] 2017-11-16T02:49:00.280805762Z: [   49.459862] reboot: Power down
[STDERR  ] 2017-11-16T02:49:00.280814658Z: + echo [    0.000000] Linux version 4.9.61-linuxkit (root@f63baf0520f0) (gcc version 6.3.0 (Alpine 6.3.0) ) #1 SMP Fri Nov 10 13:47:55 UTC 2017
[STDERR  ] 2017-11-16T02:49:00.280825114Z: [    0.000000] Command line: console=ttyS0
[STDERR  ] 2017-11-16T02:49:00.280834715Z: [    0.000000] x86/fpu: Legacy x87 FPU detected.
[STDERR  ] 2017-11-16T02:49:00.280843122Z: [    0.000000] x86/fpu: Using 'eager' FPU context switches.
[STDERR  ] 2017-11-16T02:49:00.280851538Z: [    0.000000] e820: BIOS-provided physical RAM map:
[STDERR  ] 2017-11-16T02:49:00.280859847Z: [    0.000000] BIOS-e820: [mem 0x0000000000000000-0x000000000009fbff] usable
[STDERR  ] 2017-11-16T02:49:00.280868913Z: [    0.000000] BIOS-e820: [mem 0x000000000009fc00-0x000000000009ffff] reserved
[STDERR  ] 2017-11-16T02:49:00.280884724Z: [    0.000000] BIOS-e820: [mem 0x00000000000f0000-0x00000000000fffff] reserved
[STDERR  ] 2017-11-16T02:49:00.280902771Z: [    0.000000] BIOS-e820: [mem 0x0000000000100000-0x000000003ffdefff] usable
[STDERR  ] 2017-11-16T02:49:00.280911339Z: [    0.000000] BIOS-e820: [mem 0x000000003ffdf000-0x000000003fffffff] reserved
[STDERR  ] 2017-11-16T02:49:00.280929082Z: [    0.000000] BIOS-e820: [mem 0x00000000b0000000-0x00000000bfffffff] reserved
[STDERR  ] 2017-11-16T02:49:00.280948026Z: [    0.000000] BIOS-e820: [mem 0x00000000fed1c000-0x00000000fed1ffff] reserved
[STDERR  ] 2017-11-16T02:49:00.280956579Z: [    0.000000] BIOS-e820: [mem 0x00000000fffc0000-0x00000000ffffffff] reserved
[STDERR  ] 2017-11-16T02:49:00.280965182Z: [    0.000000] NX (Execute Disable) protection: active
[STDERR  ] 2017-11-16T02:49:00.280973768Z: [    0.000000] SMBIOS 2.8 present.
[STDERR  ] 2017-11-16T02:49:00.280982221Z: [    0.000000] e820: last_pfn = 0x3ffdf max_arch_pfn = 0x400000000
[STDERR  ] 2017-11-16T02:49:00.280990576Z: [    0.000000] x86/PAT: Configuration [0-7]: WB  WC  UC- UC  WB  WC  UC- WT  
[STDERR  ] 2017-11-16T02:49:00.280998822Z: [    0.000000] found SMP MP-table at [mem 0x000f6aa0-0x000f6aaf] mapped at [ffff98f0000f6aa0]
[STDERR  ] 2017-11-16T02:49:00.281007238Z: [    0.000000] RAMDISK: [mem 0x3cb66000-0x3ffcffff]
[STDERR  ] 2017-11-16T02:49:00.281015602Z: [    0.000000] ACPI: Early table checksum verification disabled
[STDERR  ] 2017-11-16T02:49:00.281032484Z: [    0.000000] ACPI: RSDP 0x00000000000F68C0 000014 (v00 BOCHS )
[STDERR  ] 2017-11-16T02:49:00.281041443Z: [    0.000000] ACPI: RSDT 0x000000003FFE2404 000034 (v01 BOCHS  BXPCRSDT 00000001 BXPC 00000001)
[STDERR  ] 2017-11-16T02:49:00.28105237Z: [    0.000000] ACPI: FACP 0x000000003FFE22A4 000074 (v01 BOCHS  BXPCFACP 00000001 BXPC 00000001)
[STDERR  ] 2017-11-16T02:49:00.281060794Z: [    0.000000] ACPI: DSDT 0x000000003FFE0040 002264 (v01 BOCHS  BXPCDSDT 00000001 BXPC 00000001)
[STDERR  ] 2017-11-16T02:49:00.281069045Z: [    0.000000] ACPI: FACS 0x000000003FFE0000 000040
[STDERR  ] 2017-11-16T02:49:00.281077502Z: [    0.000000] ACPI: APIC 0x000000003FFE2318 000078 (v01 BOCHS  BXPCAPIC 00000001 BXPC 00000001)
[STDERR  ] 2017-11-16T02:49:00.281085564Z: [    0.000000] ACPI: HPET 0x000000003FFE2390 000038 (v01 BOCHS  BXPCHPET 00000001 BXPC 00000001)
[STDERR  ] 2017-11-16T02:49:00.281093935Z: [    0.000000] ACPI: MCFG 0x000000003FFE23C8 00003C (v01 BOCHS  BXPCMCFG 00000001 BXPC 00000001)
[STDERR  ] 2017-11-16T02:49:00.28110219Z: [    0.000000] Zone ranges:
[STDERR  ] 2017-11-16T02:49:00.281110849Z: [    0.000000]   DMA      [mem 0x0000000000001000-0x0000000000ffffff]
[STDERR  ] 2017-11-16T02:49:00.28111915Z: [    0.000000]   DMA32    [mem 0x0000000001000000-0x000000003ffdefff]
[STDERR  ] 2017-11-16T02:49:00.281127453Z: [    0.000000]   Normal   empty
[STDERR  ] 2017-11-16T02:49:00.281135827Z: [    0.000000] Movable zone start for each node
[STDERR  ] 2017-11-16T02:49:00.281144335Z: [    0.000000] Early memory node ranges
[STDERR  ] 2017-11-16T02:49:00.281152566Z: [    0.000000]   node   0: [mem 0x0000000000001000-0x000000000009efff]
[STDERR  ] 2017-11-16T02:49:00.281160885Z: [    0.000000]   node   0: [mem 0x0000000000100000-0x000000003ffdefff]
[STDERR  ] 2017-11-16T02:49:00.281169259Z: [    0.000000] Initmem setup node 0 [mem 0x0000000000001000-0x000000003ffdefff]
[STDERR  ] 2017-11-16T02:49:00.281177496Z: [    0.000000] ACPI: PM-Timer IO Port: 0x608
[STDERR  ] 2017-11-16T02:49:00.281187975Z: [    0.000000] ACPI: LAPIC_NMI (acpi_id[0xff] dfl dfl lint[0x1])
[STDERR  ] 2017-11-16T02:49:00.281196238Z: [    0.000000] IOAPIC[0]: apic_id 0, version 32, address 0xfec00000, GSI 0-23
[STDERR  ] 2017-11-16T02:49:00.281204722Z: [    0.000000] ACPI: INT_SRC_OVR (bus 0 bus_irq 0 global_irq 2 dfl dfl)
[STDERR  ] 2017-11-16T02:49:00.281215276Z: [    0.000000] ACPI: INT_SRC_OVR (bus 0 bus_irq 5 global_irq 5 high level)
[STDERR  ] 2017-11-16T02:49:00.281223573Z: [    0.000000] ACPI: INT_SRC_OVR (bus 0 bus_irq 9 global_irq 9 high level)
[STDERR  ] 2017-11-16T02:49:00.281231727Z: [    0.000000] ACPI: INT_SRC_OVR (bus 0 bus_irq 10 global_irq 10 high level)
[STDERR  ] 2017-11-16T02:49:00.281242001Z: [    0.000000] ACPI: INT_SRC_OVR (bus 0 bus_irq 11 global_irq 11 high level)
[STDERR  ] 2017-11-16T02:49:00.281250266Z: [    0.000000] Using ACPI (MADT) for SMP configuration information
[STDERR  ] 2017-11-16T02:49:00.281258785Z: [    0.000000] ACPI: HPET id: 0x8086a201 base: 0xfed00000
[STDERR  ] 2017-11-16T02:49:00.281267862Z: [    0.000000] smpboot: Allowing 1 CPUs, 0 hotplug CPUs
[STDERR  ] 2017-11-16T02:49:00.28127608Z: [    0.000000] e820: [mem 0x40000000-0xafffffff] available for PCI devices
[STDERR  ] 2017-11-16T02:49:00.28128417Z: [    0.000000] Booting paravirtualized kernel on bare hardware
[STDERR  ] 2017-11-16T02:49:00.281292176Z: [    0.000000] clocksource: refined-jiffies: mask: 0xffffffff max_cycles: 0xffffffff, max_idle_ns: 19112604462750000 ns
[STDERR  ] 2017-11-16T02:49:00.281300287Z: [    0.000000] setup_percpu: NR_CPUS:128 nr_cpumask_bits:128 nr_cpu_ids:1 nr_node_ids:1
[STDERR  ] 2017-11-16T02:49:00.28130859Z: [    0.000000] percpu: Embedded 35 pages/cpu @ffff98f03c800000 s105112 r8192 d30056 u2097152
[STDERR  ] 2017-11-16T02:49:00.281316256Z: [    0.000000] Built 1 zonelists in Zone order, mobility grouping on.  Total pages: 257896
[STDERR  ] 2017-11-16T02:49:00.281324427Z: [    0.000000] Kernel command line: console=ttyS0
[STDERR  ] 2017-11-16T02:49:00.281336122Z: [    0.000000] PID hash table entries: 4096 (order: 3, 32768 bytes)
[STDERR  ] 2017-11-16T02:49:00.281349638Z: [    0.000000] Dentry cache hash table entries: 131072 (order: 8, 1048576 bytes)
[STDERR  ] 2017-11-16T02:49:00.281358437Z: [    0.000000] Inode-cache hash table entries: 65536 (order: 7, 524288 bytes)
[STDERR  ] 2017-11-16T02:49:00.281369645Z: [    0.000000] Memory: 960500K/1048052K available (8048K kernel code, 1367K rwdata, 2700K rodata, 1380K init, 568K bss, 87552K reserved, 0K cma-reserved)
[STDERR  ] 2017-11-16T02:49:00.281379827Z: [    0.000000] Hierarchical RCU implementation.
[STDERR  ] 2017-11-16T02:49:00.281387679Z: [    0.000000] 	Build-time adjustment of leaf fanout to 64.
[STDERR  ] 2017-11-16T02:49:00.281395737Z: [    0.000000] 	RCU restricting CPUs from NR_CPUS=128 to nr_cpu_ids=1.
[STDERR  ] 2017-11-16T02:49:00.281403574Z: [    0.000000] RCU: Adjusting geometry for rcu_fanout_leaf=64, nr_cpu_ids=1
[STDERR  ] 2017-11-16T02:49:00.281411605Z: [    0.000000] NR_IRQS:8448 nr_irqs:256 16
[STDERR  ] 2017-11-16T02:49:00.281419461Z: [    0.000000] Console: colour VGA+ 80x25
[STDERR  ] 2017-11-16T02:49:00.281427435Z: [    0.000000] console [ttyS0] enabled
[STDERR  ] 2017-11-16T02:49:00.281435677Z: [    0.000000] clocksource: hpet: mask: 0xffffffff max_cycles: 0xffffffff, max_idle_ns: 19112604467 ns
[STDERR  ] 2017-11-16T02:49:00.281444273Z: [    0.000000] tsc: Fast TSC calibration using PIT
[STDERR  ] 2017-11-16T02:49:00.281451909Z: [    0.000000] tsc: Detected 2599.913 MHz processor
[STDERR  ] 2017-11-16T02:49:00.281459477Z: [    0.022091] Calibrating delay loop (skipped), value calculated using timer frequency.. 5199.82 BogoMIPS (lpj=25999130)
[STDERR  ] 2017-11-16T02:49:00.281467769Z: [    0.023252] pid_max: default: 32768 minimum: 301
[STDERR  ] 2017-11-16T02:49:00.281475597Z: [    0.024270] ACPI: Core revision 20160831
[STDERR  ] 2017-11-16T02:49:00.28148386Z: [    0.069236] ACPI: 1 ACPI AML tables successfully acquired and loaded
[STDERR  ] 2017-11-16T02:49:00.281491967Z: [    0.074093] Security Framework initialized
[STDERR  ] 2017-11-16T02:49:00.281499627Z: [    0.074530] Yama: becoming mindful.
[STDERR  ] 2017-11-16T02:49:00.281507425Z: [    0.076876] Mount-cache hash table entries: 2048 (order: 2, 16384 bytes)
[STDERR  ] 2017-11-16T02:49:00.281514962Z: [    0.077482] Mountpoint-cache hash table entries: 2048 (order: 2, 16384 bytes)
[STDERR  ] 2017-11-16T02:49:00.281523508Z: [    0.097596] Last level iTLB entries: 4KB 0, 2MB 0, 4MB 0
[STDERR  ] 2017-11-16T02:49:00.281531945Z: [    0.097949] Last level dTLB entries: 4KB 0, 2MB 0, 4MB 0, 1GB 0
[STDERR  ] 2017-11-16T02:49:00.281540147Z: [    0.407355] Freeing SMP alternatives memory: 20K
[STDERR  ] 2017-11-16T02:49:00.28154834Z: [    0.417908] ftrace: allocating 35542 entries in 139 pages
[STDERR  ] 2017-11-16T02:49:00.281556893Z: [    0.594720] smpboot: Max logical packages: 1
[STDERR  ] 2017-11-16T02:49:00.28156539Z: [    0.602627] ..TIMER: vector=0x30 apic1=0 pin1=2 apic2=-1 pin2=-1
[STDERR  ] 2017-11-16T02:49:00.281577156Z: [    0.710000] smpboot: CPU0: AMD QEMU Virtual CPU version 2.5+ (family: 0x6, model: 0x6, stepping: 0x3)
[STDERR  ] 2017-11-16T02:49:00.281585574Z: [    0.710000] Performance Events: PMU not available due to virtualization, using software events only.
[STDERR  ] 2017-11-16T02:49:00.281594168Z: [    0.718398] NMI watchdog: disabled (cpu0): hardware events not enabled
[STDERR  ] 2017-11-16T02:49:00.281605074Z: [    0.718942] NMI watchdog: Shutting down hard lockup detector on all cpus
[STDERR  ] 2017-11-16T02:49:00.281613405Z: [    0.722711] x86: Booted up 1 node, 1 CPUs
[STDERR  ] 2017-11-16T02:49:00.281620939Z: [    0.723154] smpboot: Total of 1 processors activated (5199.82 BogoMIPS)
[STDERR  ] 2017-11-16T02:49:00.281637682Z: [    0.738262] devtmpfs: initialized
[STDERR  ] 2017-11-16T02:49:00.281646361Z: [    0.745137] x86/mm: Memory block size: 128MB
[STDERR  ] 2017-11-16T02:49:00.281655367Z: [    0.807472] clocksource: jiffies: mask: 0xffffffff max_cycles: 0xffffffff, max_idle_ns: 19112604462750000 ns
[STDERR  ] 2017-11-16T02:49:00.281672866Z: [    0.808379] futex hash table entries: 256 (order: 2, 16384 bytes)
[STDERR  ] 2017-11-16T02:49:00.281681774Z: [    0.819427] NET: Registered protocol family 16
[STDERR  ] 2017-11-16T02:49:00.281697679Z: [    0.829685] cpuidle: using governor ladder
[STDERR  ] 2017-11-16T02:49:00.281706328Z: [    0.830296] cpuidle: using governor menu
[STDERR  ] 2017-11-16T02:49:00.281725308Z: [    0.831445] ACPI: bus type PCI registered
[STDERR  ] 2017-11-16T02:49:00.281745541Z: [    0.834407] PCI: MMCONFIG for domain 0000 [bus 00-ff] at [mem 0xb0000000-0xbfffffff] (base 0xb0000000)
[STDERR  ] 2017-11-16T02:49:00.281768258Z: [    0.835171] PCI: MMCONFIG at [mem 0xb0000000-0xbfffffff] reserved in E820
[STDERR  ] 2017-11-16T02:49:00.281775876Z: [    0.836570] PCI: Using configuration type 1 for base access
[STDERR  ] 2017-11-16T02:49:00.281791787Z: [    0.891642] HugeTLB registered 2 MB page size, pre-allocated 0 pages
[STDERR  ] 2017-11-16T02:49:00.281803915Z: [    0.903197] ACPI: Added _OSI(Module Device)
[STDERR  ] 2017-11-16T02:49:00.281818089Z: [    0.903538] ACPI: Added _OSI(Processor Device)
[STDERR  ] 2017-11-16T02:49:00.281838667Z: [    0.903827] ACPI: Added _OSI(3.0 _SCP Extensions)
[STDERR  ] 2017-11-16T02:49:00.281852215Z: [    0.904091] ACPI: Added _OSI(Processor Aggregator Device)
[STDERR  ] 2017-11-16T02:49:00.281860492Z: [    0.978897] ACPI: Interpreter enabled
[STDERR  ] 2017-11-16T02:49:00.281868481Z: [    0.980162] ACPI: (supports S0 S5)
[STDERR  ] 2017-11-16T02:49:00.281876798Z: [    0.980506] ACPI: Using IOAPIC for interrupt routing
[STDERR  ] 2017-11-16T02:49:00.281884962Z: [    0.983166] PCI: Using host bridge windows from ACPI; if necessary, use "pci=nocrs" and report a bug
[STDERR  ] 2017-11-16T02:49:00.281893598Z: [    1.046536] ACPI: PCI Root Bridge [PCI0] (domain 0000 [bus 00-ff])
[STDERR  ] 2017-11-16T02:49:00.281900962Z: [    1.047786] acpi PNP0A08:00: _OSC: OS supports [ExtendedConfig ASPM ClockPM Segments MSI]
[STDERR  ] 2017-11-16T02:49:00.28190938Z: [    1.054453] acpi PNP0A08:00: _OSC: OS now controls [PCIeHotplug PME PCIeCapability]
[STDERR  ] 2017-11-16T02:49:00.281918059Z: [    1.058483] PCI host bridge to bus 0000:00
[STDERR  ] 2017-11-16T02:49:00.281926696Z: [    1.058995] pci_bus 0000:00: root bus resource [io  0x0000-0x0cf7 window]
[STDERR  ] 2017-11-16T02:49:00.281935628Z: [    1.059427] pci_bus 0000:00: root bus resource [io  0x0d00-0xffff window]
[STDERR  ] 2017-11-16T02:49:00.281944056Z: [    1.059840] pci_bus 0000:00: root bus resource [mem 0x000a0000-0x000bffff window]
[STDERR  ] 2017-11-16T02:49:00.281952742Z: [    1.060123] pci_bus 0000:00: root bus resource [mem 0xc0000000-0xfebfffff window]
[STDERR  ] 2017-11-16T02:49:00.281961201Z: [    1.060735] pci_bus 0000:00: root bus resource [bus 00-ff]
[STDERR  ] 2017-11-16T02:49:00.281974149Z: [    1.212587] pci 0000:00:1f.0: quirk: [io  0x0600-0x067f] claimed by ICH6 ACPI/GPIO/TCO
[STDERR  ] 2017-11-16T02:49:00.281985326Z: [    1.295307] ACPI: PCI Interrupt Link [LNKA] (IRQs 5 *10 11)
[STDERR  ] 2017-11-16T02:49:00.281994024Z: [    1.297801] ACPI: PCI Interrupt Link [LNKB] (IRQs 5 *10 11)
[STDERR  ] 2017-11-16T02:49:00.282002837Z: [    1.300836] ACPI: PCI Interrupt Link [LNKC] (IRQs 5 10 *11)
[STDERR  ] 2017-11-16T02:49:00.282011887Z: [    1.302529] ACPI: PCI Interrupt Link [LNKD] (IRQs 5 10 *11)
[STDERR  ] 2017-11-16T02:49:00.282019964Z: [    1.304214] ACPI: PCI Interrupt Link [LNKE] (IRQs 5 *10 11)
[STDERR  ] 2017-11-16T02:49:00.282027936Z: [    1.306357] ACPI: PCI Interrupt Link [LNKF] (IRQs 5 *10 11)
[STDERR  ] 2017-11-16T02:49:00.282035976Z: [    1.308030] ACPI: PCI Interrupt Link [LNKG] (IRQs 5 10 *11)
[STDERR  ] 2017-11-16T02:49:00.282044029Z: [    1.309711] ACPI: PCI Interrupt Link [LNKH] (IRQs 5 10 *11)
[STDERR  ] 2017-11-16T02:49:00.282052145Z: [    1.310695] ACPI: PCI Interrupt Link [GSIA] (IRQs *16)
[STDERR  ] 2017-11-16T02:49:00.282060883Z: [    1.311384] ACPI: PCI Interrupt Link [GSIB] (IRQs *17)
[STDERR  ] 2017-11-16T02:49:00.282069046Z: [    1.312021] ACPI: PCI Interrupt Link [GSIC] (IRQs *18)
[STDERR  ] 2017-11-16T02:49:00.282090655Z: [    1.312662] ACPI: PCI Interrupt Link [GSID] (IRQs *19)
[STDERR  ] 2017-11-16T02:49:00.282101209Z: [    1.313404] ACPI: PCI Interrupt Link [GSIE] (IRQs *20)
[STDERR  ] 2017-11-16T02:49:00.282108716Z: [    1.314051] ACPI: PCI Interrupt Link [GSIF] (IRQs *21)
[STDERR  ] 2017-11-16T02:49:00.282116921Z: [    1.314681] ACPI: PCI Interrupt Link [GSIG] (IRQs *22)
[STDERR  ] 2017-11-16T02:49:00.282125282Z: [    1.315307] ACPI: PCI Interrupt Link [GSIH] (IRQs *23)
[STDERR  ] 2017-11-16T02:49:00.282134135Z: [    1.319051] ACPI: Enabled 2 GPEs in block 00 to 3F
[STDERR  ] 2017-11-16T02:49:00.28214259Z: [    1.323727] SCSI subsystem initialized
[STDERR  ] 2017-11-16T02:49:00.282150738Z: [    1.325869] ACPI: bus type USB registered
[STDERR  ] 2017-11-16T02:49:00.282159909Z: [    1.326973] usbcore: registered new interface driver usbfs
[STDERR  ] 2017-11-16T02:49:00.282168139Z: [    1.327891] usbcore: registered new interface driver hub
[STDERR  ] 2017-11-16T02:49:00.28217606Z: [    1.328817] usbcore: registered new device driver usb
[STDERR  ] 2017-11-16T02:49:00.282184077Z: [    1.330370] pps_core: LinuxPPS API ver. 1 registered
[STDERR  ] 2017-11-16T02:49:00.282192181Z: [    1.330704] pps_core: Software ver. 5.3.6 - Copyright 2005-2007 Rodolfo Giometti <giometti@linux.it>
[STDERR  ] 2017-11-16T02:49:00.282200321Z: [    1.331411] PTP clock support registered
[STDERR  ] 2017-11-16T02:49:00.282208173Z: [    1.332657] wmi: Mapper loaded
[STDERR  ] 2017-11-16T02:49:00.282216412Z: [    1.333908] PCI: Using ACPI for IRQ routing
[STDERR  ] 2017-11-16T02:49:00.282224335Z: [    1.352637] NetLabel: Initializing
[STDERR  ] 2017-11-16T02:49:00.282232561Z: [    1.352939] NetLabel:  domain hash size = 128
[STDERR  ] 2017-11-16T02:49:00.282240709Z: [    1.353260] NetLabel:  protocols = UNLABELED CIPSOv4
[STDERR  ] 2017-11-16T02:49:00.28224864Z: [    1.356033] NetLabel:  unlabeled traffic allowed by default
[STDERR  ] 2017-11-16T02:49:00.282258727Z: [    1.357245] HPET: 3 timers in total, 0 timers will be used for per-cpu timer
[STDERR  ] 2017-11-16T02:49:00.28226666Z: [    1.358037] hpet0: at MMIO 0xfed00000, IRQs 2, 8, 0
[STDERR  ] 2017-11-16T02:49:00.282274563Z: [    1.358507] hpet0: 3 comparators, 64-bit 100.000000 MHz counter
[STDERR  ] 2017-11-16T02:49:00.282288656Z: [    1.363733] clocksource: Switched to clocksource hpet
[STDERR  ] 2017-11-16T02:49:00.282296672Z: [    1.630855] VFS: Disk quotas dquot_6.6.0
[STDERR  ] 2017-11-16T02:49:00.282304678Z: [    1.631698] VFS: Dquot-cache hash table entries: 512 (order 0, 4096 bytes)
[STDERR  ] 2017-11-16T02:49:00.282313451Z: [    1.635431] FS-Cache: Loaded
[STDERR  ] 2017-11-16T02:49:00.282321529Z: [    1.642126] CacheFiles: Loaded
[STDERR  ] 2017-11-16T02:49:00.282329669Z: [    1.643904] pnp: PnP ACPI init
[STDERR  ] 2017-11-16T02:49:00.282338762Z: [    1.655334] pnp: PnP ACPI: found 5 devices
[STDERR  ] 2017-11-16T02:49:00.282347205Z: [    1.701777] clocksource: acpi_pm: mask: 0xffffff max_cycles: 0xffffff, max_idle_ns: 2085701024 ns
[STDERR  ] 2017-11-16T02:49:00.282355366Z: [    1.705707] NET: Registered protocol family 2
[STDERR  ] 2017-11-16T02:49:00.282362565Z: [    1.713443] TCP established hash table entries: 8192 (order: 4, 65536 bytes)
[STDERR  ] 2017-11-16T02:49:00.282369913Z: [    1.714335] TCP bind hash table entries: 8192 (order: 5, 131072 bytes)
[STDERR  ] 2017-11-16T02:49:00.282378192Z: [    1.715073] TCP: Hash tables configured (established 8192 bind 8192)
[STDERR  ] 2017-11-16T02:49:00.28238651Z: [    1.716988] UDP hash table entries: 512 (order: 2, 16384 bytes)
[STDERR  ] 2017-11-16T02:49:00.28239516Z: [    1.717526] UDP-Lite hash table entries: 512 (order: 2, 16384 bytes)
[STDERR  ] 2017-11-16T02:49:00.282403622Z: [    1.719957] NET: Registered protocol family 1
[STDERR  ] 2017-11-16T02:49:00.282411612Z: [    1.721316] pci 0000:00:01.0: Video device with shadowed ROM at [mem 0x000c0000-0x000dffff]
[STDERR  ] 2017-11-16T02:49:00.28241947Z: [    1.728383] Unpacking initramfs...
[STDERR  ] 2017-11-16T02:49:00.2824335Z: [   10.051225] Freeing initrd memory: 53672K
[STDERR  ] 2017-11-16T02:49:00.282449192Z: [   10.074612] PCLMULQDQ-NI instructions are not detected.
[STDERR  ] 2017-11-16T02:49:00.282457712Z: [   10.076058] AVX or AES-NI instructions are not detected.
[STDERR  ] 2017-11-16T02:49:00.282469301Z: [   10.076548] CPU feature 'AVX registers' is not supported.
[STDERR  ] 2017-11-16T02:49:00.282478054Z: [   10.076930] CPU feature 'AVX registers' is not supported.
[STDERR  ] 2017-11-16T02:49:00.282487076Z: [   10.077279] CPU feature 'AVX registers' is not supported.
[STDERR  ] 2017-11-16T02:49:00.282497344Z: [   10.077669] CPU feature 'AVX registers' is not supported.
[STDERR  ] 2017-11-16T02:49:00.282505779Z: [   10.078067] AVX2 or AES-NI instructions are not detected.
[STDERR  ] 2017-11-16T02:49:00.282514338Z: [   10.078444] AVX2 instructions are not detected.
[STDERR  ] 2017-11-16T02:49:00.282521884Z: [   10.084485] audit: initializing netlink subsys (disabled)
[STDERR  ] 2017-11-16T02:49:00.282529916Z: [   10.086197] audit: type=2000 audit(1510800499.080:1): initialized
[STDERR  ] 2017-11-16T02:49:00.282538258Z: [   10.095771] workingset: timestamp_bits=46 max_order=18 bucket_order=0
[STDERR  ] 2017-11-16T02:49:00.282548789Z: [   10.103958] squashfs: version 4.0 (2009/01/31) Phillip Lougher
[STDERR  ] 2017-11-16T02:49:00.282557058Z: [   10.106578] FS-Cache: Netfs 'cifs' registered for caching
[STDERR  ] 2017-11-16T02:49:00.282565109Z: [   10.107588] fuse init (API version 7.26)
[STDERR  ] 2017-11-16T02:49:00.282576312Z: [   10.109977] SGI XFS with ACLs, security attributes, no debug enabled
[STDERR  ] 2017-11-16T02:49:00.282585379Z: [   10.114479] 9p: Installing v9fs 9p2000 file system support
[STDERR  ] 2017-11-16T02:49:00.282593932Z: [   10.114936] FS-Cache: Netfs '9p' registered for caching
[STDERR  ] 2017-11-16T02:49:00.282601964Z: [   10.145136] NET: Registered protocol family 38
[STDERR  ] 2017-11-16T02:49:00.282610583Z: [   10.145744] Key type asymmetric registered
[STDERR  ] 2017-11-16T02:49:00.282621621Z: [   10.146123] Asymmetric key parser 'x509' registered
[STDERR  ] 2017-11-16T02:49:00.282636673Z: [   10.147103] Block layer SCSI generic (bsg) driver version 0.4 loaded (major 251)
[STDERR  ] 2017-11-16T02:49:00.282647926Z: [   10.148628] io scheduler noop registered
[STDERR  ] 2017-11-16T02:49:00.282655967Z: [   10.149034] io scheduler deadline registered (default)
[STDERR  ] 2017-11-16T02:49:00.282664436Z: [   10.149972] io scheduler cfq registered
[STDERR  ] 2017-11-16T02:49:00.282672583Z: [   10.155036] pci_hotplug: PCI Hot Plug PCI Core version: 0.5
[STDERR  ] 2017-11-16T02:49:00.282681189Z: [   10.155680] pciehp: PCI Express Hot Plug Controller Driver version: 0.4
[STDERR  ] 2017-11-16T02:49:00.282689533Z: [   10.156509] shpchp: Standard Hot Plug PCI Controller Driver version: 0.4
[STDERR  ] 2017-11-16T02:49:00.282697634Z: [   10.157389] hv_vmbus: registering driver hyperv_fb
[STDERR  ] 2017-11-16T02:49:00.282706196Z: [   10.162010] input: Power Button as /devices/LNXSYSTM:00/LNXPWRBN:00/input/input0
[STDERR  ] 2017-11-16T02:49:00.282714959Z: [   10.163122] ACPI: Power Button [PWRF]
[STDERR  ] 2017-11-16T02:49:00.282723244Z: [   10.167822] GHES: HEST is not enabled!
[STDERR  ] 2017-11-16T02:49:00.282731767Z: [   10.178887] ACPI: PCI Interrupt Link [GSIG] enabled at IRQ 22
[STDERR  ] 2017-11-16T02:49:00.282740079Z: [   10.192470] ACPI: PCI Interrupt Link [GSIH] enabled at IRQ 23
[STDERR  ] 2017-11-16T02:49:00.282748445Z: [   10.198181] xenfs: not registering filesystem on non-xen platform
[STDERR  ] 2017-11-16T02:49:00.282757175Z: [   10.200868] Serial: 8250/16550 driver, 4 ports, IRQ sharing disabled
[STDERR  ] 2017-11-16T02:49:00.28276557Z: [   10.225380] 00:04: ttyS0 at I/O 0x3f8 (irq = 4, base_baud = 115200) is a 16550A
[STDERR  ] 2017-11-16T02:49:00.282774669Z: [   10.237310] Non-volatile memory driver v1.3
[STDERR  ] 2017-11-16T02:49:00.282785352Z: [   10.243925] Hangcheck: starting hangcheck timer 0.9.1 (tick is 180 seconds, margin is 60 seconds).
[STDERR  ] 2017-11-16T02:49:00.282794204Z: [   10.249160] random: fast init done
[STDERR  ] 2017-11-16T02:49:00.282810411Z: [   10.250986] random: crng init done
[STDERR  ] 2017-11-16T02:49:00.282819127Z: [   10.284794] loop: module loaded
[STDERR  ] 2017-11-16T02:49:00.282827365Z: [   10.299137] nbd: registered device at major 43
[STDERR  ] 2017-11-16T02:49:00.282835506Z: [   10.343460] lpc_ich 0000:00:1f.0: I/O space for GPIO uninitialized
[STDERR  ] 2017-11-16T02:49:00.282846398Z: [   10.345678] VMware PVSCSI driver - version 1.0.7.0-k
[STDERR  ] 2017-11-16T02:49:00.282854675Z: [   10.346639] hv_vmbus: registering driver hv_storvsc
[STDERR  ] 2017-11-16T02:49:00.282863104Z: [   10.357192] ACPI: PCI Interrupt Link [GSIA] enabled at IRQ 16
[STDERR  ] 2017-11-16T02:49:00.282870752Z: [   10.363932] ahci 0000:00:1f.2: AHCI 0001.0000 32 slots 6 ports 1.5 Gbps 0x3f impl SATA mode
[STDERR  ] 2017-11-16T02:49:00.28287911Z: [   10.364673] ahci 0000:00:1f.2: flags: 64bit ncq only 
[STDERR  ] 2017-11-16T02:49:00.28288761Z: [   10.384328] scsi host0: ahci
[STDERR  ] 2017-11-16T02:49:00.282896249Z: [   10.389227] scsi host1: ahci
[STDERR  ] 2017-11-16T02:49:00.282904331Z: [   10.392511] scsi host2: ahci
[STDERR  ] 2017-11-16T02:49:00.28291255Z: [   10.394793] scsi host3: ahci
[STDERR  ] 2017-11-16T02:49:00.282921074Z: [   10.397793] scsi host4: ahci
[STDERR  ] 2017-11-16T02:49:00.282932248Z: [   10.400545] scsi host5: ahci
[STDERR  ] 2017-11-16T02:49:00.282940876Z: [   10.402538] ata1: SATA max UDMA/133 abar m4096@0xfebd2000 port 0xfebd2100 irq 24
[STDERR  ] 2017-11-16T02:49:00.282949175Z: [   10.403073] ata2: SATA max UDMA/133 abar m4096@0xfebd2000 port 0xfebd2180 irq 24
[STDERR  ] 2017-11-16T02:49:00.282957424Z: [   10.403498] ata3: SATA max UDMA/133 abar m4096@0xfebd2000 port 0xfebd2200 irq 24
[STDERR  ] 2017-11-16T02:49:00.282965671Z: [   10.403862] ata4: SATA max UDMA/133 abar m4096@0xfebd2000 port 0xfebd2280 irq 24
[STDERR  ] 2017-11-16T02:49:00.282973685Z: [   10.404298] ata5: SATA max UDMA/133 abar m4096@0xfebd2000 port 0xfebd2300 irq 24
[STDERR  ] 2017-11-16T02:49:00.282981933Z: [   10.404706] ata6: SATA max UDMA/133 abar m4096@0xfebd2000 port 0xfebd2380 irq 24
[STDERR  ] 2017-11-16T02:49:00.282990584Z: [   10.416757] tun: Universal TUN/TAP device driver, 1.6
[STDERR  ] 2017-11-16T02:49:00.282998969Z: [   10.417099] tun: (C) 1999-2004 Max Krasnyansky <maxk@qualcomm.com>
[STDERR  ] 2017-11-16T02:49:00.283007392Z: [   10.428261] VMware vmxnet3 virtual NIC driver - version 1.4.a.0-k-NAPI
[STDERR  ] 2017-11-16T02:49:00.283015617Z: [   10.429186] hv_vmbus: registering driver hv_netvsc
[STDERR  ] 2017-11-16T02:49:00.283024028Z: [   10.429577] Fusion MPT base driver 3.04.20
[STDERR  ] 2017-11-16T02:49:00.283032271Z: [   10.429827] Copyright (c) 1999-2008 LSI Corporation
[STDERR  ] 2017-11-16T02:49:00.283040496Z: [   10.433478] Fusion MPT SPI Host driver 3.04.20
[STDERR  ] 2017-11-16T02:49:00.283048537Z: [   10.435576] i8042: PNP: PS/2 Controller [PNP0303:KBD,PNP0f13:MOU] at 0x60,0x64 irq 1,12
[STDERR  ] 2017-11-16T02:49:00.283056985Z: [   10.439710] serio: i8042 KBD port at 0x60,0x64 irq 1
[STDERR  ] 2017-11-16T02:49:00.283065388Z: [   10.440736] serio: i8042 AUX port at 0x60,0x64 irq 12
[STDERR  ] 2017-11-16T02:49:00.283073476Z: [   10.443771] hv_vmbus: registering driver hyperv_keyboard
[STDERR  ] 2017-11-16T02:49:00.28308155Z: [   10.445952] mousedev: PS/2 mouse device common for all mice
[STDERR  ] 2017-11-16T02:49:00.283089194Z: [   10.451152] input: AT Translated Set 2 keyboard as /devices/platform/i8042/serio0/input/input1
[STDERR  ] 2017-11-16T02:49:00.28309737Z: [   10.454131] input: PC Speaker as /devices/platform/pcspkr/input/input2
[STDERR  ] 2017-11-16T02:49:00.283103047Z: [   10.457804] rtc_cmos 00:00: RTC can wake from S4
[STDERR  ] 2017-11-16T02:49:00.283108584Z: [   10.461536] rtc_cmos 00:00: rtc core: registered rtc_cmos as rtc0
[STDERR  ] 2017-11-16T02:49:00.283114055Z: [   10.462760] rtc_cmos 00:00: alarms up to one day, y3k, 114 bytes nvram, hpet irqs
[STDERR  ] 2017-11-16T02:49:00.283122109Z: [   10.463451] i2c /dev entries driver
[STDERR  ] 2017-11-16T02:49:00.283134777Z: [   10.465263] device-mapper: ioctl: 4.35.0-ioctl (2016-06-23) initialised: dm-devel@redhat.com
[STDERR  ] 2017-11-16T02:49:00.283149916Z: [   10.469738] usbcore: registered new interface driver usbhid
[STDERR  ] 2017-11-16T02:49:00.283155999Z: [   10.470386] usbhid: USB HID core driver
[STDERR  ] 2017-11-16T02:49:00.283161823Z: [   10.471164] hv_utils: Registering HyperV Utility Driver
[STDERR  ] 2017-11-16T02:49:00.283167437Z: [   10.471474] hv_vmbus: registering driver hv_util
[STDERR  ] 2017-11-16T02:49:00.283173071Z: [   10.471742] hv_vmbus: registering driver hv_balloon
[STDERR  ] 2017-11-16T02:49:00.283178837Z: [   10.472181] oprofile: using NMI interrupt.
[STDERR  ] 2017-11-16T02:49:00.283184329Z: [   10.473232] GACT probability on
[STDERR  ] 2017-11-16T02:49:00.283189824Z: [   10.474135] Mirror/redirect action on
[STDERR  ] 2017-11-16T02:49:00.283195249Z: [   10.475003] Simple TC action Loaded
[STDERR  ] 2017-11-16T02:49:00.283200535Z: [   10.475514] u32 classifier
[STDERR  ] 2017-11-16T02:49:00.283205943Z: [   10.475722]     Performance counters on
[STDERR  ] 2017-11-16T02:49:00.283214145Z: [   10.475931]     input device check on
[STDERR  ] 2017-11-16T02:49:00.283219691Z: [   10.476139]     Actions configured
[STDERR  ] 2017-11-16T02:49:00.283225063Z: [   10.476680] Netfilter messages via NETLINK v0.30.
[STDERR  ] 2017-11-16T02:49:00.28323039Z: [   10.477245] nfnl_acct: registering with nfnetlink.
[STDERR  ] 2017-11-16T02:49:00.283235774Z: [   10.478831] nf_conntrack version 0.5.0 (8192 buckets, 32768 max)
[STDERR  ] 2017-11-16T02:49:00.283241489Z: [   10.482207] ctnetlink v0.93: registering with nfnetlink.
[STDERR  ] 2017-11-16T02:49:00.28324686Z: [   10.485412] nf_tables: (c) 2007-2009 Patrick McHardy <kaber@trash.net>
[STDERR  ] 2017-11-16T02:49:00.283252229Z: [   10.486273] nf_tables_compat: (c) 2012 Pablo Neira Ayuso <pablo@netfilter.org>
[STDERR  ] 2017-11-16T02:49:00.283257716Z: [   10.488635] xt_time: kernel timezone is -0000
[STDERR  ] 2017-11-16T02:49:00.283263167Z: [   10.489279] ip_set: protocol 6
[STDERR  ] 2017-11-16T02:49:00.283268834Z: [   10.489951] IPVS: Registered protocols (TCP, UDP, SCTP, AH, ESP)
[STDERR  ] 2017-11-16T02:49:00.283276135Z: [   10.490994] IPVS: Connection hash table configured (size=4096, memory=64Kbytes)
[STDERR  ] 2017-11-16T02:49:00.283281717Z: [   10.492771] IPVS: Creating netns size=2104 id=0
[STDERR  ] 2017-11-16T02:49:00.283287249Z: [   10.495418] IPVS: ipvs loaded.
[STDERR  ] 2017-11-16T02:49:00.283292713Z: [   10.495749] IPVS: [rr] scheduler registered.
[STDERR  ] 2017-11-16T02:49:00.283298224Z: [   10.496087] IPVS: [wrr] scheduler registered.
[STDERR  ] 2017-11-16T02:49:00.283303667Z: [   10.496349] IPVS: [lc] scheduler registered.
[STDERR  ] 2017-11-16T02:49:00.283311095Z: [   10.496600] IPVS: [wlc] scheduler registered.
[STDERR  ] 2017-11-16T02:49:00.283316558Z: [   10.496826] IPVS: [fo] scheduler registered.
[STDERR  ] 2017-11-16T02:49:00.283324152Z: [   10.497095] IPVS: [ovf] scheduler registered.
[STDERR  ] 2017-11-16T02:49:00.283332442Z: [   10.497521] IPVS: [lblc] scheduler registered.
[STDERR  ] 2017-11-16T02:49:00.283340956Z: [   10.497947] IPVS: [lblcr] scheduler registered.
[STDERR  ] 2017-11-16T02:49:00.283349524Z: [   10.498241] IPVS: [dh] scheduler registered.
[STDERR  ] 2017-11-16T02:49:00.283358286Z: [   10.498523] IPVS: [sh] scheduler registered.
[STDERR  ] 2017-11-16T02:49:00.28336385Z: [   10.498758] IPVS: [sed] scheduler registered.
[STDERR  ] 2017-11-16T02:49:00.283369336Z: [   10.499011] IPVS: [nq] scheduler registered.
[STDERR  ] 2017-11-16T02:49:00.283374664Z: [   10.499739] IPVS: ftp: loaded support on port[0] = 21
[STDERR  ] 2017-11-16T02:49:00.283380283Z: [   10.501112] ipip: IPv4 and MPLS over IPv4 tunneling driver
[STDERR  ] 2017-11-16T02:49:00.283387863Z: [   10.505200] gre: GRE over IPv4 demultiplexor driver
[STDERR  ] 2017-11-16T02:49:00.283395725Z: [   10.507991] ip_tables: (C) 2000-2006 Netfilter Core Team
[STDERR  ] 2017-11-16T02:49:00.283402192Z: [   10.511646] ipt_CLUSTERIP: ClusterIP Version 0.8 loaded successfully
[STDERR  ] 2017-11-16T02:49:00.283413923Z: [   10.512448] arp_tables: arp_tables: (C) 2002 David S. Miller
[STDERR  ] 2017-11-16T02:49:00.283419638Z: [   10.514836] NET: Registered protocol family 10
[STDERR  ] 2017-11-16T02:49:00.283425115Z: [   10.524503] ip6_tables: (C) 2000-2006 Netfilter Core Team
[STDERR  ] 2017-11-16T02:49:00.283430509Z: [   10.532979] NET: Registered protocol family 17
[STDERR  ] 2017-11-16T02:49:00.283439382Z: [   10.534101] Bridge firewalling registered
[STDERR  ] 2017-11-16T02:49:00.28344704Z: [   10.534665] Ebtables v2.0 registered
[STDERR  ] 2017-11-16T02:49:00.283452507Z: [   10.536580] 8021q: 802.1Q VLAN Support v1.8
[STDERR  ] 2017-11-16T02:49:00.283457845Z: [   10.538086] 9pnet: Installing 9P2000 support
[STDERR  ] 2017-11-16T02:49:00.283463279Z: [   10.539715] Key type dns_resolver registered
[STDERR  ] 2017-11-16T02:49:00.283468588Z: [   10.541130] microcode: AMD CPU family 0x6 not supported
[STDERR  ] 2017-11-16T02:49:00.283474158Z: [   10.544650] registered taskstats version 1
[STDERR  ] 2017-11-16T02:49:00.283494572Z: [   10.720990] Key type big_key registered
[STDERR  ] 2017-11-16T02:49:00.283502052Z: [   10.735411] ata1: SATA link down (SStatus 0 SControl 300)
[STDERR  ] 2017-11-16T02:49:00.283509279Z: [   10.742896] ata4: SATA link down (SStatus 0 SControl 300)
[STDERR  ] 2017-11-16T02:49:00.283516941Z: [   10.743927] ata3: SATA link up 1.5 Gbps (SStatus 113 SControl 300)
[STDERR  ] 2017-11-16T02:49:00.28352416Z: [   10.747373] ata3.00: ATAPI: QEMU DVD-ROM, 2.5+, max UDMA/100
[STDERR  ] 2017-11-16T02:49:00.283532531Z: [   10.747988] ata3.00: applying bridge limits
[STDERR  ] 2017-11-16T02:49:00.283541068Z: [   10.749801] ata3.00: configured for UDMA/100
[STDERR  ] 2017-11-16T02:49:00.283548964Z: [   10.751213] ata2: SATA link down (SStatus 0 SControl 300)
[STDERR  ] 2017-11-16T02:49:00.283554501Z: [   10.751885] ata5: SATA link down (SStatus 0 SControl 300)
[STDERR  ] 2017-11-16T02:49:00.283560205Z: [   10.752350] ata6: SATA link down (SStatus 0 SControl 300)
[STDERR  ] 2017-11-16T02:49:00.283565559Z: [   10.777824] scsi 2:0:0:0: CD-ROM            QEMU     QEMU DVD-ROM     2.5+ PQ: 0 ANSI: 5
[STDERR  ] 2017-11-16T02:49:00.283571648Z: [   10.813581] sr 2:0:0:0: [sr0] scsi3-mmc drive: 4x/4x cd/rw xa/form2 tray
[STDERR  ] 2017-11-16T02:49:00.28357729Z: [   10.814313] cdrom: Uniform CD-ROM driver Revision: 3.20
[STDERR  ] 2017-11-16T02:49:00.283582723Z: [   10.830832] sr 2:0:0:0: Attached scsi generic sg0 type 5
[STDERR  ] 2017-11-16T02:49:00.28358817Z: [   10.888229] Key type encrypted registered
[STDERR  ] 2017-11-16T02:49:00.28359359Z: [   10.894409] rtc_cmos 00:00: setting system clock to 2017-11-16 02:48:20 UTC (1510800500)
[STDERR  ] 2017-11-16T02:49:00.283599401Z: [   11.044938] Freeing unused kernel memory: 1380K
[STDERR  ] 2017-11-16T02:49:00.283604883Z: [   11.045394] Write protecting the kernel read-only data: 12288k
[STDERR  ] 2017-11-16T02:49:00.283610333Z: [   11.052661] Freeing unused kernel memory: 128K
[STDERR  ] 2017-11-16T02:49:00.28361566Z: [   11.149924] Freeing unused kernel memory: 1396K
[STDERR  ] 2017-11-16T02:49:00.2836227Z: [   11.150918] tsc: Refined TSC clocksource calibration: 2599.903 MHz
[STDERR  ] 2017-11-16T02:49:00.283633708Z: [   11.151422] clocksource: tsc: mask: 0xffffffffffffffff max_cycles: 0x2579e0a4736, max_idle_ns: 440795307226 ns
[STDERR  ] 2017-11-16T02:49:00.283639568Z: [   12.168142] clocksource: Switched to clocksource tsc
[STDERR  ] 2017-11-16T02:49:00.283644922Z: 
[STDERR  ] 2017-11-16T02:49:00.283650592Z: Welcome to LinuxKit
[STDERR  ] 2017-11-16T02:49:00.283656034Z: 
[STDERR  ] 2017-11-16T02:49:00.283661491Z:                         ##         .
[STDERR  ] 2017-11-16T02:49:00.283667312Z:                   ## ## ##        ==
[STDERR  ] 2017-11-16T02:49:00.28367276Z:                ## ## ## ## ##    ===
[STDERR  ] 2017-11-16T02:49:00.28367807Z:            /"""""""""""""""""\___/ ===
[STDERR  ] 2017-11-16T02:49:00.283683429Z:           {                       /  ===-
[STDERR  ] 2017-11-16T02:49:00.283688866Z:            \______ O           __/
[STDERR  ] 2017-11-16T02:49:00.283701622Z:              \    \         __/
[STDERR  ] 2017-11-16T02:49:00.283707504Z:               \____\_______/
[STDERR  ] 2017-11-16T02:49:00.283712911Z: 
[STDERR  ] 2017-11-16T02:49:00.283718474Z: [   29.709701] 8021q: adding VLAN 0 to HW filter on device eth0
[STDERR  ] 2017-11-16T02:49:00.283726522Z: eth0: waiting for carrier
[STDERR  ] 2017-11-16T02:49:00.283731904Z: eth0: carrier acquired
[STDERR  ] 2017-11-16T02:49:00.28373728Z: DUID 00:01:00:01:21:9f:b9:07:e2:4a:53:8c:ec:50
[STDERR  ] 2017-11-16T02:49:00.283744705Z: eth0: IAID 53:8c:ec:50
[STDERR  ] 2017-11-16T02:49:00.283750637Z: eth0: adding address fe80::8df:89c2:72c6:4d35
[STDERR  ] 2017-11-16T02:49:00.283756072Z: eth0: soliciting an IPv6 router
[STDERR  ] 2017-11-16T02:49:00.283763158Z: eth0: soliciting a DHCP lease
[STDERR  ] 2017-11-16T02:49:00.28376873Z: eth0: offered 10.0.2.15 from 10.0.2.2
[STDERR  ] 2017-11-16T02:49:00.283774107Z: eth0: leased 10.0.2.15 for 86400 seconds
[STDERR  ] 2017-11-16T02:49:00.283779554Z: eth0: adding route to 10.0.2.0/24
[STDERR  ] 2017-11-16T02:49:00.283785001Z: eth0: adding default route via 10.0.2.2
[STDERR  ] 2017-11-16T02:49:00.283790489Z: exiting due to oneshot
[STDERR  ] 2017-11-16T02:49:00.283796008Z: dhcpcd exited
[STDERR  ] 2017-11-16T02:49:00.283801717Z: [   31.165037] IPVS: Creating netns size=2104 id=1
[STDERR  ] 2017-11-16T02:49:00.283807098Z: [   31.165643] IPVS: ftp: loaded support on port[0] = 21
[STDERR  ] 2017-11-16T02:49:00.283812473Z: [   31.802271] wireguard: loading out-of-tree module taints kernel.
[STDERR  ] 2017-11-16T02:49:00.283817968Z: [   31.817354] wireguard: WireGuard 0.0.20171101 loaded. See www.wireguard.com for information.
[STDERR  ] 2017-11-16T02:49:00.283823498Z: [   31.818092] wireguard: Copyright (C) 2015-2017 Jason A. Donenfeld <Jason@zx2c4.com>. All Rights Reserved.
[STDERR  ] 2017-11-16T02:49:00.283829068Z: Created interface wg0 type wireguard
[STDERR  ] 2017-11-16T02:49:00.283834521Z: Moved interface wg0 to pid 340
[STDERR  ] 2017-11-16T02:49:00.283841554Z: [#] wg setconf wg0 /dev/fd/63
[STDERR  ] 2017-11-16T02:49:00.283849178Z: [#] ip address add 192.168.2.1/24 dev wg0
[STDERR  ] 2017-11-16T02:49:00.283860166Z: [#] ip link set mtu 65456 dev wg0
[STDERR  ] 2017-11-16T02:49:00.28386802Z: [#] ip link set wg0 up
[STDERR  ] 2017-11-16T02:49:00.283875554Z: [#] ip route add 0.0.0.0/0 dev wg0
[STDERR  ] 2017-11-16T02:49:00.283882164Z: [   33.602554] IPVS: Creating netns size=2104 id=2
[STDERR  ] 2017-11-16T02:49:00.283887655Z: [   33.603361] IPVS: ftp: loaded support on port[0] = 21
[STDERR  ] 2017-11-16T02:49:00.283893159Z: Created interface wg1 type wireguard
[STDERR  ] 2017-11-16T02:49:00.283898511Z: Moved interface wg1 to pid 395
[STDERR  ] 2017-11-16T02:49:00.283903902Z: [#] wg setconf wg1 /dev/fd/63
[STDERR  ] 2017-11-16T02:49:00.283909428Z: [#] ip address add 192.168.2.2/24 dev wg1
[STDERR  ] 2017-11-16T02:49:00.283914918Z: [#] ip link set mtu 65456 dev wg1
[STDERR  ] 2017-11-16T02:49:00.283920829Z: [#] ip link set wg1 up
[STDERR  ] 2017-11-16T02:49:00.283926341Z: [#] ip route add 0.0.0.0/0 dev wg1
[STDERR  ] 2017-11-16T02:49:00.283932572Z: [34mINFO[0m[0000] starting containerd                           [34mmodule[0m=containerd [34mrevision[0m=2b8ed96d2a422bf205adcdfa05272dc12c81613b [34mversion[0m=v1.0.0-beta.3
[STDERR  ] 2017-11-16T02:49:00.283939207Z: [34mINFO[0m[0000] loading plugin "io.containerd.content.v1.content"...  [34mmodule[0m=containerd [34mtype[0m=io.containerd.content.v1
[STDERR  ] 2017-11-16T02:49:00.283946694Z: [34mINFO[0m[0000] loading plugin "io.containerd.snapshotter.v1.btrfs"...  [34mmodule[0m=containerd [34mtype[0m=io.containerd.snapshotter.v1
[STDERR  ] 2017-11-16T02:49:00.28395494Z: [33mWARN[0m[0000] failed to load plugin io.containerd.snapshotter.v1.btrfs  [33merror[0m="path /var/lib/containerd/io.containerd.snapshotter.v1.btrfs must be a btrfs filesystem to be used with the btrfs snapshotter" [33mmodule[0m=containerd
[STDERR  ] 2017-11-16T02:49:00.283963479Z: [34mINFO[0m[0000] loading plugin "io.containerd.snapshotter.v1.overlayfs"...  [34mmodule[0m=containerd [34mtype[0m=io.containerd.snapshotter.v1
[STDERR  ] 2017-11-16T02:49:00.283981391Z: [34mINFO[0m[0000] loading plugin "io.containerd.metadata.v1.bolt"...  [34mmodule[0m=containerd [34mtype[0m=io.containerd.metadata.v1
[STDERR  ] 2017-11-16T02:49:00.283991168Z: [33mWARN[0m[0000] could not use snapshotter btrfs in metadata plugin  [33merror[0m="path /var/lib/containerd/io.containerd.snapshotter.v1.btrfs must be a btrfs filesystem to be used with the btrfs snapshotter" [33mmodule[0m="containerd/io.containerd.metadata.v1.bolt"
[STDERR  ] 2017-11-16T02:49:00.283998421Z: [34mINFO[0m[0000] loading plugin "io.containerd.differ.v1.walking"...  [34mmodule[0m=containerd [34mtype[0m=io.containerd.differ.v1
[STDERR  ] 2017-11-16T02:49:00.284006548Z: [34mINFO[0m[0000] loading plugin "io.containerd.grpc.v1.containers"...  [34mmodule[0m=containerd [34mtype[0m=io.containerd.grpc.v1
[STDERR  ] 2017-11-16T02:49:00.284012289Z: [34mINFO[0m[0000] loading plugin "io.containerd.grpc.v1.content"...  [34mmodule[0m=containerd [34mtype[0m=io.containerd.grpc.v1
[STDERR  ] 2017-11-16T02:49:00.284092178Z: [34mINFO[0m[0000] loading plugin "io.containerd.grpc.v1.diff"...  [34mmodule[0m=containerd [34mtype[0m=io.containerd.grpc.v1
[STDERR  ] 2017-11-16T02:49:00.284104901Z: [34mINFO[0m[0000] loading plugin "io.containerd.grpc.v1.events"...  [34mmodule[0m=containerd [34mtype[0m=io.containerd.grpc.v1
[STDERR  ] 2017-11-16T02:49:00.284116714Z: [34mINFO[0m[0000] loading plugin "io.containerd.grpc.v1.healthcheck"...  [34mmodule[0m=containerd [34mtype[0m=io.containerd.grpc.v1
[STDERR  ] 2017-11-16T02:49:00.284125072Z: [34mINFO[0m[0000] loading plugin "io.containerd.grpc.v1.images"...  [34mmodule[0m=containerd [34mtype[0m=io.containerd.grpc.v1
[STDERR  ] 2017-11-16T02:49:00.28413374Z: [34mINFO[0m[0000] loading plugin "io.containerd.grpc.v1.leases"...  [34mmodule[0m=containerd [34mtype[0m=io.containerd.grpc.v1
[STDERR  ] 2017-11-16T02:49:00.284142705Z: [34mINFO[0m[0000] loading plugin "io.containerd.grpc.v1.namespaces"...  [34mmodule[0m=containerd [34mtype[0m=io.containerd.grpc.v1
[STDERR  ] 2017-11-16T02:49:00.284151029Z: [34mINFO[0m[0000] loading plugin "io.containerd.grpc.v1.snapshots"...  [34mmodule[0m=containerd [34mtype[0m=io.containerd.grpc.v1
[STDERR  ] 2017-11-16T02:49:00.284159608Z: [34mINFO[0m[0000] loading plugin "io.containerd.monitor.v1.cgroups"...  [34mmodule[0m=containerd [34mtype[0m=io.containerd.monitor.v1
[STDERR  ] 2017-11-16T02:49:00.284167861Z: [34mINFO[0m[0000] loading plugin "io.containerd.runtime.v1.linux"...  [34mmodule[0m=containerd [34mtype[0m=io.containerd.runtime.v1
[STDERR  ] 2017-11-16T02:49:00.284176209Z: [34mINFO[0m[0000] loading plugin "io.containerd.grpc.v1.tasks"...  [34mmodule[0m=containerd [34mtype[0m=io.containerd.grpc.v1
[STDERR  ] 2017-11-16T02:49:00.284184041Z: [34mINFO[0m[0000] loading plugin "io.containerd.grpc.v1.version"...  [34mmodule[0m=containerd [34mtype[0m=io.containerd.grpc.v1
[STDERR  ] 2017-11-16T02:49:00.284192009Z: [34mINFO[0m[0000] loading plugin "io.containerd.grpc.v1.introspection"...  [34mmodule[0m=containerd [34mtype[0m=io.containerd.grpc.v1
[STDERR  ] 2017-11-16T02:49:00.284200054Z: [34mINFO[0m[0000] serving...                                    [34maddress[0m="/run/containerd/debug.sock" [34mmodule[0m="containerd/debug"
[STDERR  ] 2017-11-16T02:49:00.284210008Z: [34mINFO[0m[0000] serving...                                    [34maddress[0m="/run/containerd/containerd.sock" [34mmodule[0m="containerd/grpc"
[STDERR  ] 2017-11-16T02:49:00.284218403Z: [34mINFO[0m[0000] containerd successfully booted in 0.195808s   [34mmodule[0m=containerd
[STDERR  ] 2017-11-16T02:49:00.28422844Z: [34mINFO[0m[0000] shim containerd-shim started                  [34maddress[0m="/containerd-shim/default/nginx/shim.sock" [34mdebug[0m=false [34mmodule[0m="containerd/tasks" [34mpid[0m=446
[STDERR  ] 2017-11-16T02:49:00.284244105Z: [34mINFO[0m[0004] shim containerd-shim started                  [34maddress[0m="/containerd-shim/default/test/shim.sock" [34mdebug[0m=false [34mmodule[0m="containerd/tasks" [34mpid[0m=481
[STDERR  ] 2017-11-16T02:49:00.284255755Z: wireguard test suite PASSED
[STDERR  ] 2017-11-16T02:49:00.284264025Z: [   49.454263] ACPI: Preparing to enter system sleep state S5
[STDERR  ] 2017-11-16T02:49:00.284272121Z: [   49.459862] reboot: Power down
[STDERR  ] 2017-11-16T02:49:00.284280198Z: + grep -q suite PASSED
[STDERR  ] 2017-11-16T02:49:00.284288149Z: + echo [    0.000000] Linux version 4.9.61-linuxkit (root@f63baf0520f0) (gcc version 6.3.0 (Alpine 6.3.0) ) #1 SMP Fri Nov 10 13:47:55 UTC 2017
[STDERR  ] 2017-11-16T02:49:00.284296117Z: [    0.000000] Command line: console=ttyS0
[STDERR  ] 2017-11-16T02:49:00.28430705Z: [    0.000000] x86/fpu: Legacy x87 FPU detected.
[STDERR  ] 2017-11-16T02:49:00.284315036Z: [    0.000000] x86/fpu: Using 'eager' FPU context switches.
[STDERR  ] 2017-11-16T02:49:00.284323097Z: [    0.000000] e820: BIOS-provided physical RAM map:
[STDERR  ] 2017-11-16T02:49:00.284330869Z: [    0.000000] BIOS-e820: [mem 0x0000000000000000-0x000000000009fbff] usable
[STDERR  ] 2017-11-16T02:49:00.284339115Z: [    0.000000] BIOS-e820: [mem 0x000000000009fc00-0x000000000009ffff] reserved
[STDERR  ] 2017-11-16T02:49:00.284347328Z: [    0.000000] BIOS-e820: [mem 0x00000000000f0000-0x00000000000fffff] reserved
[STDERR  ] 2017-11-16T02:49:00.284355271Z: [    0.000000] BIOS-e820: [mem 0x0000000000100000-0x000000003ffdefff] usable
[STDERR  ] 2017-11-16T02:49:00.284363083Z: [    0.000000] BIOS-e820: [mem 0x000000003ffdf000-0x000000003fffffff] reserved
[STDERR  ] 2017-11-16T02:49:00.284370872Z: [    0.000000] BIOS-e820: [mem 0x00000000b0000000-0x00000000bfffffff] reserved
[STDERR  ] 2017-11-16T02:49:00.284381009Z: [    0.000000] BIOS-e820: [mem 0x00000000fed1c000-0x00000000fed1ffff] reserved
[STDERR  ] 2017-11-16T02:49:00.284388994Z: [    0.000000] BIOS-e820: [mem 0x00000000fffc0000-0x00000000ffffffff] reserved
[STDERR  ] 2017-11-16T02:49:00.284396895Z: [    0.000000] NX (Execute Disable) protection: active
[STDERR  ] 2017-11-16T02:49:00.284404837Z: [    0.000000] SMBIOS 2.8 present.
[STDERR  ] 2017-11-16T02:49:00.284412691Z: [    0.000000] e820: last_pfn = 0x3ffdf max_arch_pfn = 0x400000000
[STDERR  ] 2017-11-16T02:49:00.284420493Z: [    0.000000] x86/PAT: Configuration [0-7]: WB  WC  UC- UC  WB  WC  UC- WT  
[STDERR  ] 2017-11-16T02:49:00.284428274Z: [    0.000000] found SMP MP-table at [mem 0x000f6aa0-0x000f6aaf] mapped at [ffff98f0000f6aa0]
[STDERR  ] 2017-11-16T02:49:00.284436242Z: [    0.000000] RAMDISK: [mem 0x3cb66000-0x3ffcffff]
[STDERR  ] 2017-11-16T02:49:00.284443986Z: [    0.000000] ACPI: Early table checksum verification disabled
[STDERR  ] 2017-11-16T02:49:00.284451872Z: [    0.000000] ACPI: RSDP 0x00000000000F68C0 000014 (v00 BOCHS )
[STDERR  ] 2017-11-16T02:49:00.284459643Z: [    0.000000] ACPI: RSDT 0x000000003FFE2404 000034 (v01 BOCHS  BXPCRSDT 00000001 BXPC 00000001)
[STDERR  ] 2017-11-16T02:49:00.284467566Z: [    0.000000] ACPI: FACP 0x000000003FFE22A4 000074 (v01 BOCHS  BXPCFACP 00000001 BXPC 00000001)
[STDERR  ] 2017-11-16T02:49:00.28447778Z: [    0.000000] ACPI: DSDT 0x000000003FFE0040 002264 (v01 BOCHS  BXPCDSDT 00000001 BXPC 00000001)
[STDERR  ] 2017-11-16T02:49:00.284485831Z: [    0.000000] ACPI: FACS 0x000000003FFE0000 000040
[STDERR  ] 2017-11-16T02:49:00.284493687Z: [    0.000000] ACPI: APIC 0x000000003FFE2318 000078 (v01 BOCHS  BXPCAPIC 00000001 BXPC 00000001)
[STDERR  ] 2017-11-16T02:49:00.284501594Z: [    0.000000] ACPI: HPET 0x000000003FFE2390 000038 (v01 BOCHS  BXPCHPET 00000001 BXPC 00000001)
[STDERR  ] 2017-11-16T02:49:00.284509511Z: [    0.000000] ACPI: MCFG 0x000000003FFE23C8 00003C (v01 BOCHS  BXPCMCFG 00000001 BXPC 00000001)
[STDERR  ] 2017-11-16T02:49:00.284517376Z: [    0.000000] Zone ranges:
[STDERR  ] 2017-11-16T02:49:00.284525313Z: [    0.000000]   DMA      [mem 0x0000000000001000-0x0000000000ffffff]
[STDERR  ] 2017-11-16T02:49:00.284535168Z: [    0.000000]   DMA32    [mem 0x0000000001000000-0x000000003ffdefff]
[STDERR  ] 2017-11-16T02:49:00.284549885Z: [    0.000000]   Normal   empty
[STDERR  ] 2017-11-16T02:49:00.284558073Z: [    0.000000] Movable zone start for each node
[STDERR  ] 2017-11-16T02:49:00.284565988Z: [    0.000000] Early memory node ranges
[STDERR  ] 2017-11-16T02:49:00.284576064Z: [    0.000000]   node   0: [mem 0x0000000000001000-0x000000000009efff]
[STDERR  ] 2017-11-16T02:49:00.284583851Z: [    0.000000]   node   0: [mem 0x0000000000100000-0x000000003ffdefff]
[STDERR  ] 2017-11-16T02:49:00.284591627Z: [    0.000000] Initmem setup node 0 [mem 0x0000000000001000-0x000000003ffdefff]
[STDERR  ] 2017-11-16T02:49:00.284599552Z: [    0.000000] ACPI: PM-Timer IO Port: 0x608
[STDERR  ] 2017-11-16T02:49:00.284607425Z: [    0.000000] ACPI: LAPIC_NMI (acpi_id[0xff] dfl dfl lint[0x1])
[STDERR  ] 2017-11-16T02:49:00.284615303Z: [    0.000000] IOAPIC[0]: apic_id 0, version 32, address 0xfec00000, GSI 0-23
[STDERR  ] 2017-11-16T02:49:00.28462308Z: [    0.000000] ACPI: INT_SRC_OVR (bus 0 bus_irq 0 global_irq 2 dfl dfl)
[STDERR  ] 2017-11-16T02:49:00.284636249Z: [    0.000000] ACPI: INT_SRC_OVR (bus 0 bus_irq 5 global_irq 5 high level)
[STDERR  ] 2017-11-16T02:49:00.284644143Z: [    0.000000] ACPI: INT_SRC_OVR (bus 0 bus_irq 9 global_irq 9 high level)
[STDERR  ] 2017-11-16T02:49:00.284651971Z: [    0.000000] ACPI: INT_SRC_OVR (bus 0 bus_irq 10 global_irq 10 high level)
[STDERR  ] 2017-11-16T02:49:00.284659932Z: [    0.000000] ACPI: INT_SRC_OVR (bus 0 bus_irq 11 global_irq 11 high level)
[STDERR  ] 2017-11-16T02:49:00.284667955Z: [    0.000000] Using ACPI (MADT) for SMP configuration information
[STDERR  ] 2017-11-16T02:49:00.28467592Z: [    0.000000] ACPI: HPET id: 0x8086a201 base: 0xfed00000
[STDERR  ] 2017-11-16T02:49:00.284683879Z: [    0.000000] smpboot: Allowing 1 CPUs, 0 hotplug CPUs
[STDERR  ] 2017-11-16T02:49:00.284691782Z: [    0.000000] e820: [mem 0x40000000-0xafffffff] available for PCI devices
[STDERR  ] 2017-11-16T02:49:00.284699728Z: [    0.000000] Booting paravirtualized kernel on bare hardware
[STDERR  ] 2017-11-16T02:49:00.284707751Z: [    0.000000] clocksource: refined-jiffies: mask: 0xffffffff max_cycles: 0xffffffff, max_idle_ns: 19112604462750000 ns
[STDERR  ] 2017-11-16T02:49:00.284715772Z: [    0.000000] setup_percpu: NR_CPUS:128 nr_cpumask_bits:128 nr_cpu_ids:1 nr_node_ids:1
[STDERR  ] 2017-11-16T02:49:00.28472368Z: [    0.000000] percpu: Embedded 35 pages/cpu @ffff98f03c800000 s105112 r8192 d30056 u2097152
[STDERR  ] 2017-11-16T02:49:00.284731559Z: [    0.000000] Built 1 zonelists in Zone order, mobility grouping on.  Total pages: 257896
[STDERR  ] 2017-11-16T02:49:00.284739395Z: [    0.000000] Kernel command line: console=ttyS0
[STDERR  ] 2017-11-16T02:49:00.28474723Z: [    0.000000] PID hash table entries: 4096 (order: 3, 32768 bytes)
[STDERR  ] 2017-11-16T02:49:00.284755269Z: [    0.000000] Dentry cache hash table entries: 131072 (order: 8, 1048576 bytes)
[STDERR  ] 2017-11-16T02:49:00.284763243Z: [    0.000000] Inode-cache hash table entries: 65536 (order: 7, 524288 bytes)
[STDERR  ] 2017-11-16T02:49:00.284771287Z: [    0.000000] Memory: 960500K/1048052K available (8048K kernel code, 1367K rwdata, 2700K rodata, 1380K init, 568K bss, 87552K reserved, 0K cma-reserved)
[STDERR  ] 2017-11-16T02:49:00.284779742Z: [    0.000000] Hierarchical RCU implementation.
[STDERR  ] 2017-11-16T02:49:00.284787669Z: [    0.000000] 	Build-time adjustment of leaf fanout to 64.
[STDERR  ] 2017-11-16T02:49:00.284795624Z: [    0.000000] 	RCU restricting CPUs from NR_CPUS=128 to nr_cpu_ids=1.
[STDERR  ] 2017-11-16T02:49:00.284803488Z: [    0.000000] RCU: Adjusting geometry for rcu_fanout_leaf=64, nr_cpu_ids=1
[STDERR  ] 2017-11-16T02:49:00.284811319Z: [    0.000000] NR_IRQS:8448 nr_irqs:256 16
[STDERR  ] 2017-11-16T02:49:00.284819508Z: [    0.000000] Console: colour VGA+ 80x25
[STDERR  ] 2017-11-16T02:49:00.284832692Z: [    0.000000] console [ttyS0] enabled
[STDERR  ] 2017-11-16T02:49:00.284843123Z: [    0.000000] clocksource: hpet: mask: 0xffffffff max_cycles: 0xffffffff, max_idle_ns: 19112604467 ns
[STDERR  ] 2017-11-16T02:49:00.284859343Z: [    0.000000] tsc: Fast TSC calibration using PIT
[STDERR  ] 2017-11-16T02:49:00.284867486Z: [    0.000000] tsc: Detected 2599.913 MHz processor
[STDERR  ] 2017-11-16T02:49:00.284875248Z: [    0.022091] Calibrating delay loop (skipped), value calculated using timer frequency.. 5199.82 BogoMIPS (lpj=25999130)
[STDERR  ] 2017-11-16T02:49:00.28488336Z: [    0.023252] pid_max: default: 32768 minimum: 301
[STDERR  ] 2017-11-16T02:49:00.284891298Z: [    0.024270] ACPI: Core revision 20160831
[STDERR  ] 2017-11-16T02:49:00.284901883Z: [    0.069236] ACPI: 1 ACPI AML tables successfully acquired and loaded
[STDERR  ] 2017-11-16T02:49:00.284911675Z: [    0.074093] Security Framework initialized
[STDERR  ] 2017-11-16T02:49:00.284919791Z: [    0.074530] Yama: becoming mindful.
[STDERR  ] 2017-11-16T02:49:00.284927593Z: [    0.076876] Mount-cache hash table entries: 2048 (order: 2, 16384 bytes)
[STDERR  ] 2017-11-16T02:49:00.284938043Z: [    0.077482] Mountpoint-cache hash table entries: 2048 (order: 2, 16384 bytes)
[STDERR  ] 2017-11-16T02:49:00.284945935Z: [    0.097596] Last level iTLB entries: 4KB 0, 2MB 0, 4MB 0
[STDERR  ] 2017-11-16T02:49:00.284955991Z: [    0.097949] Last level dTLB entries: 4KB 0, 2MB 0, 4MB 0, 1GB 0
[STDERR  ] 2017-11-16T02:49:00.284963981Z: [    0.407355] Freeing SMP alternatives memory: 20K
[STDERR  ] 2017-11-16T02:49:00.284971813Z: [    0.417908] ftrace: allocating 35542 entries in 139 pages
[STDERR  ] 2017-11-16T02:49:00.284981345Z: [    0.594720] smpboot: Max logical packages: 1
