[INFO    ] 2018-11-20T23:06:54.936250314Z: Running Test linuxkit.kernel.kmod_4.18.x in /tmp/build/test/cases/020_kernel/014_kmod_4.18.x
[INFO    ] 2018-11-20T23:06:54.936383960Z: Running command: [/bin/sh -x /tmp/build/test/cases/020_kernel/014_kmod_4.18.x/test.sh]
[STDERR  ] 2018-11-20T23:06:54.969031447Z: + set -e
[STDERR  ] 2018-11-20T23:06:54.969127724Z: + . /tmp/build/test/cases/_lib/lib.sh
[STDERR  ] 2018-11-20T23:06:54.969159101Z: + [ -f src/github.com/linuxkit/rtf/lib/lib.sh ]
[STDERR  ] 2018-11-20T23:06:54.969179159Z: + LINUXKIT_TMPDIR=/tmp/build/test/cases/_tmp
[STDERR  ] 2018-11-20T23:06:54.969191205Z: + [ -f /tmp/build/test/cases/_tmp/env.sh ]
[STDERR  ] 2018-11-20T23:06:54.969204227Z: + . /tmp/build/test/cases/_tmp/env.sh
[STDERR  ] 2018-11-20T23:06:54.969221046Z: + export LINUXKIT_EXAMPLES_DIR=/tmp/build/test/cases/../../examples
[STDERR  ] 2018-11-20T23:06:54.969238599Z: + RT_CANCEL=253
[STDERR  ] 2018-11-20T23:06:54.969250728Z: + NAME=kmod
[STDERR  ] 2018-11-20T23:06:54.969262626Z: + IMAGE_NAME=kmod-test
[STDERR  ] 2018-11-20T23:06:54.969275961Z: + trap clean_up EXIT
[STDERR  ] 2018-11-20T23:06:54.969294100Z: + docker pull linuxkit/kernel:4.18.19
[STDOUT  ] 2018-11-20T23:06:56.152247154Z: 4.18.19: Pulling from linuxkit/kernel
[STDOUT  ] 2018-11-20T23:06:56.537559641Z: Digest: sha256:53867fe3783c08ce8dc913ceb7e704a37139e4cf39cdbb1eb9f566f7719a7000
[STDOUT  ] 2018-11-20T23:06:56.542356768Z: Status: Downloaded newer image for linuxkit/kernel:4.18.19
[STDERR  ] 2018-11-20T23:06:56.543881456Z: + docker build -t kmod-test .
[STDOUT  ] 2018-11-20T23:06:56.614434907Z: Sending build context to Docker daemon  8.704kB
[STDOUT  ] 2018-11-20T23:06:56.749929703Z: Step 1/12 : FROM linuxkit/kernel:4.18.19 AS ksrc
[STDOUT  ] 2018-11-20T23:06:56.750340237Z:  ---> c186d2cea7dc
[STDOUT  ] 2018-11-20T23:06:56.750402021Z: Step 2/12 : FROM linuxkit/alpine:3683c9a66cd4da40bd7d6c7da599b2dcd738b559 AS build
[STDOUT  ] 2018-11-20T23:06:56.750904120Z:  ---> 9e5cfc2c8a33
[STDOUT  ] 2018-11-20T23:06:56.750922099Z: Step 3/12 : RUN apk add build-base libelf-dev
[STDOUT  ] 2018-11-20T23:06:56.751288659Z:  ---> Using cache
[STDOUT  ] 2018-11-20T23:06:56.751306123Z:  ---> 8b9fc415b433
[STDOUT  ] 2018-11-20T23:06:56.751318113Z: Step 4/12 : COPY --from=ksrc /kernel-dev.tar /
[STDOUT  ] 2018-11-20T23:06:59.861618334Z:  ---> 49256910bef3
[STDOUT  ] 2018-11-20T23:06:59.861803055Z: Step 5/12 : RUN tar xf kernel-dev.tar
[STDOUT  ] 2018-11-20T23:06:59.929173319Z:  ---> Running in f84a55e996bd
[STDOUT  ] 2018-11-20T23:07:06.963191839Z: Removing intermediate container f84a55e996bd
[STDOUT  ] 2018-11-20T23:07:06.963278450Z:  ---> 91099e21ccb4
[STDOUT  ] 2018-11-20T23:07:06.963326178Z: Step 6/12 : WORKDIR /kmod
[STDOUT  ] 2018-11-20T23:07:07.049058870Z:  ---> Running in 73c5ac61b1b0
[STDOUT  ] 2018-11-20T23:07:07.181840933Z: Removing intermediate container 73c5ac61b1b0
[STDOUT  ] 2018-11-20T23:07:07.181934505Z:  ---> ae245bf18804
[STDOUT  ] 2018-11-20T23:07:07.181986017Z: Step 7/12 : COPY ./src/* ./
[STDOUT  ] 2018-11-20T23:07:07.435904252Z:  ---> 6b0a2d8c81f8
[STDOUT  ] 2018-11-20T23:07:07.436019506Z: Step 8/12 : RUN make all
[STDOUT  ] 2018-11-20T23:07:07.485192605Z:  ---> Running in fe9116aadb94
[STDOUT  ] 2018-11-20T23:07:07.797336830Z: make -C /usr/src/linux-headers-4.18.19-linuxkit M=/kmod modules
[STDOUT  ] 2018-11-20T23:07:07.797398564Z: make[1]: Entering directory '/usr/src/linux-headers-4.18.19-linuxkit'
[STDOUT  ] 2018-11-20T23:07:09.026828557Z:   CC [M]  /kmod/hello_world.o
[STDOUT  ] 2018-11-20T23:07:09.277871636Z:   Building modules, stage 2.
[STDOUT  ] 2018-11-20T23:07:09.286354901Z:   MODPOST 1 modules
[STDOUT  ] 2018-11-20T23:07:09.301967904Z:   CC      /kmod/hello_world.mod.o
[STDOUT  ] 2018-11-20T23:07:09.518357339Z:   LD [M]  /kmod/hello_world.ko
[STDOUT  ] 2018-11-20T23:07:09.521375954Z: make[1]: Leaving directory '/usr/src/linux-headers-4.18.19-linuxkit'
[STDOUT  ] 2018-11-20T23:07:09.910771684Z: Removing intermediate container fe9116aadb94
[STDOUT  ] 2018-11-20T23:07:09.910854669Z:  ---> 48337f50f009
[STDOUT  ] 2018-11-20T23:07:09.910975149Z: Step 9/12 : FROM alpine:3.8
[STDOUT  ] 2018-11-20T23:07:09.911265726Z:  ---> 196d12cf6ab1
[STDOUT  ] 2018-11-20T23:07:09.911332770Z: Step 10/12 : COPY --from=build /kmod/hello_world.ko /
[STDOUT  ] 2018-11-20T23:07:10.124587790Z:  ---> a13cd9b64adf
[STDOUT  ] 2018-11-20T23:07:10.124639247Z: Step 11/12 : COPY check.sh /check.sh
[STDOUT  ] 2018-11-20T23:07:10.301768401Z:  ---> a723d13cac4e
[STDOUT  ] 2018-11-20T23:07:10.301899658Z: Step 12/12 : ENTRYPOINT ["/bin/sh", "/check.sh"]
[STDOUT  ] 2018-11-20T23:07:10.369357383Z:  ---> Running in 6f0e14c0254b
[STDOUT  ] 2018-11-20T23:07:10.484534665Z: Removing intermediate container 6f0e14c0254b
[STDOUT  ] 2018-11-20T23:07:10.484596409Z:  ---> 69bb81078fde
[STDOUT  ] 2018-11-20T23:07:10.484932041Z: Successfully built 69bb81078fde
[STDOUT  ] 2018-11-20T23:07:10.492544255Z: Successfully tagged kmod-test:latest
[STDERR  ] 2018-11-20T23:07:10.494124349Z: + linuxkit build -format kernel+initrd -name kmod test.yml
[STDERR  ] 2018-11-20T23:07:10.524374069Z: Extract kernel image: linuxkit/kernel:4.18.19
[STDERR  ] 2018-11-20T23:07:14.437503702Z: Add init containers:
[STDERR  ] 2018-11-20T23:07:14.437575269Z: Process init image: linuxkit/init:c563953a2277eb73a89d89f70e4b6dcdcfebc2d1
[STDERR  ] 2018-11-20T23:07:15.623578209Z: Process init image: linuxkit/runc:83d0edb4552b1a5df1f0976f05f442829eac38fe
[STDERR  ] 2018-11-20T23:07:16.747773548Z: Add onboot containers:
[STDERR  ] 2018-11-20T23:07:16.747842273Z:   Create OCI config for kmod-test
[STDERR  ] 2018-11-20T23:07:16.854016138Z:   Create OCI config for linuxkit/poweroff:afe8f7dd0d47a7991c54519b0f09124cb8c4e300
[STDERR  ] 2018-11-20T23:07:18.012955344Z: Create outputs:
[STDERR  ] 2018-11-20T23:07:23.208677872Z:   kmod-kernel kmod-initrd.img kmod-cmdline
[STDERR  ] 2018-11-20T23:07:23.265275501Z: + linuxkit run kmod
[STDERR  ] 2018-11-20T23:07:30.933944053Z: + RESULT=[    0.000000] Linux version 4.18.19-linuxkit (root@465ac4ad8c3a) (gcc version 6.4.0 (Alpine 6.4.0)) #1 SMP Thu Nov 15 23:53:42 UTC 2018
[STDERR  ] 2018-11-20T23:07:30.934031642Z: [    0.000000] Command line: console=ttyS0 console=ttyAMA0
[STDERR  ] 2018-11-20T23:07:30.934045171Z: [    0.000000] x86/fpu: x87 FPU will use FXSAVE
[STDERR  ] 2018-11-20T23:07:30.934057739Z: [    0.000000] BIOS-provided physical RAM map:
[STDERR  ] 2018-11-20T23:07:30.934070120Z: [    0.000000] BIOS-e820: [mem 0x0000000000000000-0x000000000009fbff] usable
[STDERR  ] 2018-11-20T23:07:30.934083715Z: [    0.000000] BIOS-e820: [mem 0x000000000009fc00-0x000000000009ffff] reserved
[STDERR  ] 2018-11-20T23:07:30.934095572Z: [    0.000000] BIOS-e820: [mem 0x00000000000f0000-0x00000000000fffff] reserved
[STDERR  ] 2018-11-20T23:07:30.934107161Z: [    0.000000] BIOS-e820: [mem 0x0000000000100000-0x000000003ffdefff] usable
[STDERR  ] 2018-11-20T23:07:30.934119327Z: [    0.000000] BIOS-e820: [mem 0x000000003ffdf000-0x000000003fffffff] reserved
[STDERR  ] 2018-11-20T23:07:30.934131913Z: [    0.000000] BIOS-e820: [mem 0x00000000b0000000-0x00000000bfffffff] reserved
[STDERR  ] 2018-11-20T23:07:30.934158136Z: [    0.000000] BIOS-e820: [mem 0x00000000fed1c000-0x00000000fed1ffff] reserved
[STDERR  ] 2018-11-20T23:07:30.934183772Z: [    0.000000] BIOS-e820: [mem 0x00000000feffc000-0x00000000feffffff] reserved
[STDERR  ] 2018-11-20T23:07:30.934219282Z: [    0.000000] BIOS-e820: [mem 0x00000000fffc0000-0x00000000ffffffff] reserved
[STDERR  ] 2018-11-20T23:07:30.934237833Z: [    0.000000] NX (Execute Disable) protection: active
[STDERR  ] 2018-11-20T23:07:30.934251058Z: [    0.000000] SMBIOS 2.8 present.
[STDERR  ] 2018-11-20T23:07:30.934264022Z: [    0.000000] DMI: QEMU Standard PC (Q35 + ICH9, 2009), BIOS 1.10.2-1 04/01/2014
[STDERR  ] 2018-11-20T23:07:30.934276684Z: [    0.000000] Hypervisor detected: KVM
[STDERR  ] 2018-11-20T23:07:30.934289648Z: [    0.000000] last_pfn = 0x3ffdf max_arch_pfn = 0x400000000
[STDERR  ] 2018-11-20T23:07:30.934302924Z: [    0.000000] x86/PAT: PAT not supported by CPU.
[STDERR  ] 2018-11-20T23:07:30.934315840Z: [    0.000000] x86/PAT: Configuration [0-7]: WB  WT  UC- UC  WB  WT  UC- UC  
[STDERR  ] 2018-11-20T23:07:30.934340164Z: [    0.000000] found SMP MP-table at [mem 0x000f6a90-0x000f6a9f] mapped at [(____ptrval____)]
[STDERR  ] 2018-11-20T23:07:30.934357810Z: [    0.000000] RAMDISK: [mem 0x3e446000-0x3ffcffff]
[STDERR  ] 2018-11-20T23:07:30.934370642Z: [    0.000000] ACPI: Early table checksum verification disabled
[STDERR  ] 2018-11-20T23:07:30.934383285Z: [    0.000000] ACPI: RSDP 0x00000000000F68D0 000014 (v00 BOCHS )
[STDERR  ] 2018-11-20T23:07:30.934400843Z: [    0.000000] ACPI: RSDT 0x000000003FFE2404 000034 (v01 BOCHS  BXPCRSDT 00000001 BXPC 00000001)
[STDERR  ] 2018-11-20T23:07:30.934413079Z: [    0.000000] ACPI: FACP 0x000000003FFE22A4 000074 (v01 BOCHS  BXPCFACP 00000001 BXPC 00000001)
[STDERR  ] 2018-11-20T23:07:30.934436204Z: [    0.000000] ACPI: DSDT 0x000000003FFE0040 002264 (v01 BOCHS  BXPCDSDT 00000001 BXPC 00000001)
[STDERR  ] 2018-11-20T23:07:30.934447817Z: [    0.000000] ACPI: FACS 0x000000003FFE0000 000040
[STDERR  ] 2018-11-20T23:07:30.934472314Z: [    0.000000] ACPI: APIC 0x000000003FFE2318 000078 (v01 BOCHS  BXPCAPIC 00000001 BXPC 00000001)
[STDERR  ] 2018-11-20T23:07:30.934484227Z: [    0.000000] ACPI: HPET 0x000000003FFE2390 000038 (v01 BOCHS  BXPCHPET 00000001 BXPC 00000001)
[STDERR  ] 2018-11-20T23:07:30.934501741Z: [    0.000000] ACPI: MCFG 0x000000003FFE23C8 00003C (v01 BOCHS  BXPCMCFG 00000001 BXPC 00000001)
[STDERR  ] 2018-11-20T23:07:30.934513027Z: [    0.000000] kvm-clock: cpu 0, msr 0:3ffdc001, primary cpu clock
[STDERR  ] 2018-11-20T23:07:30.934526520Z: [    0.000000] kvm-clock: Using msrs 4b564d01 and 4b564d00
[STDERR  ] 2018-11-20T23:07:30.934538767Z: [    0.000000] clocksource: kvm-clock: mask: 0xffffffffffffffff max_cycles: 0x1cd42e4dffb, max_idle_ns: 881590591483 ns
[STDERR  ] 2018-11-20T23:07:30.934551832Z: [    0.000000] Zone ranges:
[STDERR  ] 2018-11-20T23:07:30.934569174Z: [    0.000000]   DMA      [mem 0x0000000000001000-0x0000000000ffffff]
[STDERR  ] 2018-11-20T23:07:30.934580909Z: [    0.000000]   DMA32    [mem 0x0000000001000000-0x000000003ffdefff]
[STDERR  ] 2018-11-20T23:07:30.934593026Z: [    0.000000]   Normal   empty
[STDERR  ] 2018-11-20T23:07:30.934605260Z: [    0.000000]   Device   empty
[STDERR  ] 2018-11-20T23:07:30.934617316Z: [    0.000000] Movable zone start for each node
[STDERR  ] 2018-11-20T23:07:30.934634424Z: [    0.000000] Early memory node ranges
[STDERR  ] 2018-11-20T23:07:30.934645973Z: [    0.000000]   node   0: [mem 0x0000000000001000-0x000000000009efff]
[STDERR  ] 2018-11-20T23:07:30.934657935Z: [    0.000000]   node   0: [mem 0x0000000000100000-0x000000003ffdefff]
[STDERR  ] 2018-11-20T23:07:30.934669863Z: [    0.000000] Reserved but unavailable: 131 pages
[STDERR  ] 2018-11-20T23:07:30.934685434Z: [    0.000000] Initmem setup node 0 [mem 0x0000000000001000-0x000000003ffdefff]
[STDERR  ] 2018-11-20T23:07:30.934703578Z: [    0.000000] ACPI: PM-Timer IO Port: 0x608
[STDERR  ] 2018-11-20T23:07:30.934729749Z: [    0.000000] ACPI: LAPIC_NMI (acpi_id[0xff] dfl dfl lint[0x1])
[STDERR  ] 2018-11-20T23:07:30.934745890Z: [    0.000000] IOAPIC[0]: apic_id 0, version 17, address 0xfec00000, GSI 0-23
[STDERR  ] 2018-11-20T23:07:30.934762537Z: [    0.000000] ACPI: INT_SRC_OVR (bus 0 bus_irq 0 global_irq 2 dfl dfl)
[STDERR  ] 2018-11-20T23:07:30.934774705Z: [    0.000000] ACPI: INT_SRC_OVR (bus 0 bus_irq 5 global_irq 5 high level)
[STDERR  ] 2018-11-20T23:07:30.934800178Z: [    0.000000] ACPI: INT_SRC_OVR (bus 0 bus_irq 9 global_irq 9 high level)
[STDERR  ] 2018-11-20T23:07:30.934812600Z: [    0.000000] ACPI: INT_SRC_OVR (bus 0 bus_irq 10 global_irq 10 high level)
[STDERR  ] 2018-11-20T23:07:30.934824056Z: [    0.000000] ACPI: INT_SRC_OVR (bus 0 bus_irq 11 global_irq 11 high level)
[STDERR  ] 2018-11-20T23:07:30.934835632Z: [    0.000000] Using ACPI (MADT) for SMP configuration information
[STDERR  ] 2018-11-20T23:07:30.934852529Z: [    0.000000] ACPI: HPET id: 0x8086a201 base: 0xfed00000
[STDERR  ] 2018-11-20T23:07:30.934864310Z: [    0.000000] smpboot: Allowing 1 CPUs, 0 hotplug CPUs
[STDERR  ] 2018-11-20T23:07:30.934887817Z: [    0.000000] [mem 0x40000000-0xafffffff] available for PCI devices
[STDERR  ] 2018-11-20T23:07:30.934903287Z: [    0.000000] Booting paravirtualized kernel on KVM
[STDERR  ] 2018-11-20T23:07:30.934919831Z: [    0.000000] clocksource: refined-jiffies: mask: 0xffffffff max_cycles: 0xffffffff, max_idle_ns: 1910969940391419 ns
[STDERR  ] 2018-11-20T23:07:30.934931732Z: [    0.000000] random: get_random_bytes called from start_kernel+0x92/0x526 with crng_init=0
[STDERR  ] 2018-11-20T23:07:30.934943705Z: [    0.000000] setup_percpu: NR_CPUS:128 nr_cpumask_bits:128 nr_cpu_ids:1 nr_node_ids:1
[STDERR  ] 2018-11-20T23:07:30.934978729Z: [    0.000000] percpu: Embedded 45 pages/cpu @(____ptrval____) s144536 r8192 d31592 u2097152
[STDERR  ] 2018-11-20T23:07:30.934990782Z: [    0.000000] KVM setup async PF for cpu 0
[STDERR  ] 2018-11-20T23:07:30.935007334Z: [    0.000000] kvm-stealtime: cpu 0, msr 3e215f40
[STDERR  ] 2018-11-20T23:07:30.935019185Z: [    0.000000] Built 1 zonelists, mobility grouping on.  Total pages: 257896
[STDERR  ] 2018-11-20T23:07:30.935031051Z: [    0.000000] Kernel command line: console=ttyS0 console=ttyAMA0
[STDERR  ] 2018-11-20T23:07:30.935053057Z: [    0.000000] Dentry cache hash table entries: 131072 (order: 8, 1048576 bytes)
[STDERR  ] 2018-11-20T23:07:30.935065084Z: [    0.000000] Inode-cache hash table entries: 65536 (order: 7, 524288 bytes)
[STDERR  ] 2018-11-20T23:07:30.935077174Z: [    0.000000] Memory: 976100K/1048052K available (12300K kernel code, 1573K rwdata, 3108K rodata, 1584K init, 840K bss, 71952K reserved, 0K cma-reserved)
[STDERR  ] 2018-11-20T23:07:30.935094165Z: [    0.000000] Kernel/User page tables isolation: enabled
[STDERR  ] 2018-11-20T23:07:30.935105295Z: [    0.000000] ftrace: allocating 42680 entries in 167 pages
[STDERR  ] 2018-11-20T23:07:30.935117118Z: [    0.001000] Hierarchical RCU implementation.
[STDERR  ] 2018-11-20T23:07:30.935133882Z: [    0.001000] 	RCU restricting CPUs from NR_CPUS=128 to nr_cpu_ids=1.
[STDERR  ] 2018-11-20T23:07:30.935145350Z: [    0.001000] RCU: Adjusting geometry for rcu_fanout_leaf=16, nr_cpu_ids=1
[STDERR  ] 2018-11-20T23:07:30.935157514Z: [    0.001000] NR_IRQS: 8448, nr_irqs: 256, preallocated irqs: 16
[STDERR  ] 2018-11-20T23:07:30.935169477Z: [    0.001000] Console: colour VGA+ 80x25
[STDERR  ] 2018-11-20T23:07:30.935187903Z: [    0.001000] console [ttyS0] enabled
[STDERR  ] 2018-11-20T23:07:30.935199991Z: [    0.001000] ACPI: Core revision 20180531
[STDERR  ] 2018-11-20T23:07:30.935212027Z: [    0.001000] clocksource: hpet: mask: 0xffffffff max_cycles: 0xffffffff, max_idle_ns: 19112604467 ns
[STDERR  ] 2018-11-20T23:07:30.935228531Z: [    0.001047] APIC: Switch to symmetric I/O mode setup
[STDERR  ] 2018-11-20T23:07:30.935239747Z: [    0.005452] x2apic enabled
[STDERR  ] 2018-11-20T23:07:30.935251994Z: [    0.006025] Switched APIC routing to physical x2apic.
[STDERR  ] 2018-11-20T23:07:30.935263848Z: [    0.018000] ..TIMER: vector=0x30 apic1=0 pin1=2 apic2=-1 pin2=-1
[STDERR  ] 2018-11-20T23:07:30.935285630Z: [    0.018000] tsc: Detected 2299.912 MHz processor
[STDERR  ] 2018-11-20T23:07:30.935297326Z: [    0.018027] clocksource: tsc-early: mask: 0xffffffffffffffff max_cycles: 0x2126e1f35ed, max_idle_ns: 440795240049 ns
[STDERR  ] 2018-11-20T23:07:30.935313959Z: [    0.019009] Calibrating delay loop (skipped) preset value.. 4599.82 BogoMIPS (lpj=2299912)
[STDERR  ] 2018-11-20T23:07:30.935329509Z: [    0.020009] pid_max: default: 32768 minimum: 301
[STDERR  ] 2018-11-20T23:07:30.935341253Z: [    0.021111] Security Framework initialized
[STDERR  ] 2018-11-20T23:07:30.935353216Z: [    0.022008] Yama: becoming mindful.
[STDERR  ] 2018-11-20T23:07:30.935364891Z: [    0.023057] Mount-cache hash table entries: 2048 (order: 2, 16384 bytes)
[STDERR  ] 2018-11-20T23:07:30.935382483Z: [    0.024012] Mountpoint-cache hash table entries: 2048 (order: 2, 16384 bytes)
[STDERR  ] 2018-11-20T23:07:30.935407117Z: [    0.027051] Last level iTLB entries: 4KB 0, 2MB 0, 4MB 0
[STDERR  ] 2018-11-20T23:07:30.935419155Z: [    0.029007] Last level dTLB entries: 4KB 0, 2MB 0, 4MB 0, 1GB 0
[STDERR  ] 2018-11-20T23:07:30.935435590Z: [    0.030007] Spectre V2 : Mitigation: Full generic retpoline
[STDERR  ] 2018-11-20T23:07:30.935461422Z: [    0.031015] Spectre V2 : Spectre v2 / SpectreRSB mitigation: Filling RSB on context switch
[STDERR  ] 2018-11-20T23:07:30.935508911Z: [    0.032006] Speculative Store Bypass: Vulnerable
[STDERR  ] 2018-11-20T23:07:30.935529509Z: [    0.039243] Freeing SMP alternatives memory: 20K
[STDERR  ] 2018-11-20T23:07:30.935541192Z: [    0.041000] smpboot: CPU0: Intel QEMU Virtual CPU version 2.5+ (family: 0x6, model: 0x6, stepping: 0x3)
[STDERR  ] 2018-11-20T23:07:30.935553103Z: [    0.041174] Performance Events: PMU not available due to virtualization, using software events only.
[STDERR  ] 2018-11-20T23:07:30.935566270Z: [    0.044080] Hierarchical SRCU implementation.
[STDERR  ] 2018-11-20T23:07:30.935589194Z: [    0.045135] NMI watchdog: Perf event create on CPU 0 failed with -2
[STDERR  ] 2018-11-20T23:07:30.935611814Z: [    0.046006] NMI watchdog: Perf NMI watchdog permanently disabled
[STDERR  ] 2018-11-20T23:07:30.935627872Z: [    0.047084] smp: Bringing up secondary CPUs ...
[STDERR  ] 2018-11-20T23:07:30.935639690Z: [    0.048006] smp: Brought up 1 node, 1 CPU
[STDERR  ] 2018-11-20T23:07:30.935667427Z: [    0.049009] smpboot: Max logical packages: 1
[STDERR  ] 2018-11-20T23:07:30.935684678Z: [    0.050005] smpboot: Total of 1 processors activated (4599.82 BogoMIPS)
[STDERR  ] 2018-11-20T23:07:30.935697062Z: [    0.052116] devtmpfs: initialized
[STDERR  ] 2018-11-20T23:07:30.935719320Z: [    0.053071] x86/mm: Memory block size: 128MB
[STDERR  ] 2018-11-20T23:07:30.935735687Z: [    0.055310] clocksource: jiffies: mask: 0xffffffff max_cycles: 0xffffffff, max_idle_ns: 1911260446275000 ns
[STDERR  ] 2018-11-20T23:07:30.935753443Z: [    0.056012] futex hash table entries: 256 (order: 2, 16384 bytes)
[STDERR  ] 2018-11-20T23:07:30.935775762Z: [    0.057270] NET: Registered protocol family 16
[STDERR  ] 2018-11-20T23:07:30.935787918Z: [    0.058164] audit: initializing netlink subsys (disabled)
[STDERR  ] 2018-11-20T23:07:30.935799390Z: [    0.059143] cpuidle: using governor ladder
[STDERR  ] 2018-11-20T23:07:30.935817068Z: [    0.060007] cpuidle: using governor menu
[STDERR  ] 2018-11-20T23:07:30.935829448Z: [    0.061136] ACPI: bus type PCI registered
[STDERR  ] 2018-11-20T23:07:30.936032771Z: [    0.062013] audit: type=2000 audit(1542755244.160:1): state=initialized audit_enabled=0 res=1
[STDERR  ] 2018-11-20T23:07:30.936055170Z: [    0.064287] PCI: MMCONFIG for domain 0000 [bus 00-ff] at [mem 0xb0000000-0xbfffffff] (base 0xb0000000)
[STDERR  ] 2018-11-20T23:07:30.936069960Z: [    0.065007] PCI: MMCONFIG at [mem 0xb0000000-0xbfffffff] reserved in E820
[STDERR  ] 2018-11-20T23:07:30.936082441Z: [    0.066023] PCI: Using configuration type 1 for base access
[STDERR  ] 2018-11-20T23:07:30.936102866Z: [    0.069438] HugeTLB registered 2.00 MiB page size, pre-allocated 0 pages
[STDERR  ] 2018-11-20T23:07:30.936127553Z: [    0.070177] cryptd: max_cpu_qlen set to 1000
[STDERR  ] 2018-11-20T23:07:30.936139509Z: [    0.071171] ACPI: Added _OSI(Module Device)
[STDERR  ] 2018-11-20T23:07:30.936159727Z: [    0.072013] ACPI: Added _OSI(Processor Device)
[STDERR  ] 2018-11-20T23:07:30.936171635Z: [    0.073005] ACPI: Added _OSI(3.0 _SCP Extensions)
[STDERR  ] 2018-11-20T23:07:30.936188708Z: [    0.074004] ACPI: Added _OSI(Processor Aggregator Device)
[STDERR  ] 2018-11-20T23:07:30.936200943Z: [    0.075025] ACPI: Added _OSI(Linux-Dell-Video)
[STDERR  ] 2018-11-20T23:07:30.936213242Z: [    0.077606] ACPI: 1 ACPI AML tables successfully acquired and loaded
[STDERR  ] 2018-11-20T23:07:30.936229325Z: [    0.080182] ACPI: Interpreter enabled
[STDERR  ] 2018-11-20T23:07:30.936247543Z: [    0.081013] ACPI: (supports S0 S5)
[STDERR  ] 2018-11-20T23:07:30.936307413Z: [    0.082004] ACPI: Using IOAPIC for interrupt routing
[STDERR  ] 2018-11-20T23:07:30.936325700Z: [    0.083052] PCI: Using host bridge windows from ACPI; if necessary, use "pci=nocrs" and report a bug
[STDERR  ] 2018-11-20T23:07:30.936337815Z: [    0.084221] ACPI: Enabled 2 GPEs in block 00 to 3F
[STDERR  ] 2018-11-20T23:07:30.936354373Z: [    0.088725] ACPI: PCI Root Bridge [PCI0] (domain 0000 [bus 00-ff])
[STDERR  ] 2018-11-20T23:07:30.936366894Z: [    0.089015] acpi PNP0A08:00: _OSC: OS supports [ExtendedConfig ASPM ClockPM Segments MSI]
[STDERR  ] 2018-11-20T23:07:30.936379494Z: [    0.090113] acpi PNP0A08:00: _OSC: platform does not support [SHPCHotplug LTR]
[STDERR  ] 2018-11-20T23:07:30.936391707Z: [    0.092097] acpi PNP0A08:00: _OSC: OS now controls [PCIeHotplug PME PCIeCapability]
[STDERR  ] 2018-11-20T23:07:30.936404204Z: [    0.093073] PCI host bridge to bus 0000:00
[STDERR  ] 2018-11-20T23:07:30.936416009Z: [    0.094009] pci_bus 0000:00: root bus resource [io  0x0000-0x0cf7 window]
[STDERR  ] 2018-11-20T23:07:30.936434015Z: [    0.095008] pci_bus 0000:00: root bus resource [io  0x0d00-0xffff window]
[STDERR  ] 2018-11-20T23:07:30.936445545Z: [    0.096006] pci_bus 0000:00: root bus resource [mem 0x000a0000-0x000bffff window]
[STDERR  ] 2018-11-20T23:07:30.936468189Z: [    0.097008] pci_bus 0000:00: root bus resource [mem 0xc0000000-0xfebfffff window]
[STDERR  ] 2018-11-20T23:07:30.936495060Z: [    0.098007] pci_bus 0000:00: root bus resource [bus 00-ff]
[STDERR  ] 2018-11-20T23:07:30.936507416Z: [    0.172456] pci 0000:00:1f.0: quirk: [io  0x0600-0x067f] claimed by ICH6 ACPI/GPIO/TCO
[STDERR  ] 2018-11-20T23:07:30.936519271Z: [    0.200024] ACPI: PCI Interrupt Link [LNKA] (IRQs 5 *10 11)
[STDERR  ] 2018-11-20T23:07:30.936531509Z: [    0.201319] ACPI: PCI Interrupt Link [LNKB] (IRQs 5 *10 11)
[STDERR  ] 2018-11-20T23:07:30.936562751Z: [    0.202328] ACPI: PCI Interrupt Link [LNKC] (IRQs 5 10 *11)
[STDERR  ] 2018-11-20T23:07:30.936574986Z: [    0.203301] ACPI: PCI Interrupt Link [LNKD] (IRQs 5 10 *11)
[STDERR  ] 2018-11-20T23:07:30.936586889Z: [    0.204309] ACPI: PCI Interrupt Link [LNKE] (IRQs 5 *10 11)
[STDERR  ] 2018-11-20T23:07:30.936599099Z: [    0.206108] ACPI: PCI Interrupt Link [LNKF] (IRQs 5 *10 11)
[STDERR  ] 2018-11-20T23:07:30.936618446Z: [    0.207332] ACPI: PCI Interrupt Link [LNKG] (IRQs 5 10 *11)
[STDERR  ] 2018-11-20T23:07:30.936630284Z: [    0.209037] ACPI: PCI Interrupt Link [LNKH] (IRQs 5 10 *11)
[STDERR  ] 2018-11-20T23:07:30.936642473Z: [    0.210169] ACPI: PCI Interrupt Link [GSIA] (IRQs *16)
[STDERR  ] 2018-11-20T23:07:30.936654579Z: [    0.211027] ACPI: PCI Interrupt Link [GSIB] (IRQs *17)
[STDERR  ] 2018-11-20T23:07:30.936666848Z: [    0.212028] ACPI: PCI Interrupt Link [GSIC] (IRQs *18)
[STDERR  ] 2018-11-20T23:07:30.936689177Z: [    0.213026] ACPI: PCI Interrupt Link [GSID] (IRQs *19)
[STDERR  ] 2018-11-20T23:07:30.936702053Z: [    0.214033] ACPI: PCI Interrupt Link [GSIE] (IRQs *20)
[STDERR  ] 2018-11-20T23:07:30.936722897Z: [    0.215032] ACPI: PCI Interrupt Link [GSIF] (IRQs *21)
[STDERR  ] 2018-11-20T23:07:30.936741690Z: [    0.216035] ACPI: PCI Interrupt Link [GSIG] (IRQs *22)
[STDERR  ] 2018-11-20T23:07:30.936753536Z: [    0.217038] ACPI: PCI Interrupt Link [GSIH] (IRQs *23)
[STDERR  ] 2018-11-20T23:07:30.936765718Z: [    0.219335] SCSI subsystem initialized
[STDERR  ] 2018-11-20T23:07:30.936782811Z: [    0.220106] ACPI: bus type USB registered
[STDERR  ] 2018-11-20T23:07:30.936795274Z: [    0.221037] usbcore: registered new interface driver usbfs
[STDERR  ] 2018-11-20T23:07:30.936819917Z: [    0.222031] usbcore: registered new interface driver hub
[STDERR  ] 2018-11-20T23:07:30.936851441Z: [    0.223041] usbcore: registered new device driver usb
[STDERR  ] 2018-11-20T23:07:30.936906621Z: [    0.224039] pps_core: LinuxPPS API ver. 1 registered
[STDERR  ] 2018-11-20T23:07:30.936918760Z: [    0.225005] pps_core: Software ver. 5.3.6 - Copyright 2005-2007 Rodolfo Giometti <giometti@linux.it>
[STDERR  ] 2018-11-20T23:07:30.936939171Z: [    0.226019] PTP clock support registered
[STDERR  ] 2018-11-20T23:07:30.936951195Z: [    0.227098] PCI: Using ACPI for IRQ routing
[STDERR  ] 2018-11-20T23:07:30.936964097Z: [    0.708340] NetLabel: Initializing
[STDERR  ] 2018-11-20T23:07:30.936985450Z: [    0.709006] NetLabel:  domain hash size = 128
[STDERR  ] 2018-11-20T23:07:30.937003234Z: [    0.710004] NetLabel:  protocols = UNLABELED CIPSOv4 CALIPSO
[STDERR  ] 2018-11-20T23:07:30.937015240Z: [    0.711048] NetLabel:  unlabeled traffic allowed by default
[STDERR  ] 2018-11-20T23:07:30.937027571Z: [    0.713150] HPET: 3 timers in total, 0 timers will be used for per-cpu timer
[STDERR  ] 2018-11-20T23:07:30.937040023Z: [    0.715079] hpet0: at MMIO 0xfed00000, IRQs 2, 8, 0
[STDERR  ] 2018-11-20T23:07:30.937052102Z: [    0.716006] hpet0: 3 comparators, 64-bit 100.000000 MHz counter
[STDERR  ] 2018-11-20T23:07:30.937064241Z: [    0.720043] clocksource: Switched to clocksource kvm-clock
[STDERR  ] 2018-11-20T23:07:30.937076024Z: [    0.748486] VFS: Disk quotas dquot_6.6.0
[STDERR  ] 2018-11-20T23:07:30.937088771Z: [    0.752446] VFS: Dquot-cache hash table entries: 512 (order 0, 4096 bytes)
[STDERR  ] 2018-11-20T23:07:30.937100897Z: [    0.759126] FS-Cache: Loaded
[STDERR  ] 2018-11-20T23:07:30.937113618Z: [    0.762155] CacheFiles: Loaded
[STDERR  ] 2018-11-20T23:07:30.937125589Z: [    0.765219] pnp: PnP ACPI init
[STDERR  ] 2018-11-20T23:07:30.937137667Z: [    0.769423] pnp: PnP ACPI: found 5 devices
[STDERR  ] 2018-11-20T23:07:30.937149804Z: [    0.779701] clocksource: acpi_pm: mask: 0xffffff max_cycles: 0xffffff, max_idle_ns: 2085701024 ns
[STDERR  ] 2018-11-20T23:07:30.937162840Z: [    0.788359] NET: Registered protocol family 2
[STDERR  ] 2018-11-20T23:07:30.937175041Z: [    0.792828] tcp_listen_portaddr_hash hash table entries: 512 (order: 1, 8192 bytes)
[STDERR  ] 2018-11-20T23:07:30.937187168Z: [    0.800215] TCP established hash table entries: 8192 (order: 4, 65536 bytes)
[STDERR  ] 2018-11-20T23:07:30.937198850Z: [    0.806972] TCP bind hash table entries: 8192 (order: 5, 131072 bytes)
[STDERR  ] 2018-11-20T23:07:30.937211157Z: [    0.814007] TCP: Hash tables configured (established 8192 bind 8192)
[STDERR  ] 2018-11-20T23:07:30.937223576Z: [    0.820246] UDP hash table entries: 512 (order: 2, 16384 bytes)
[STDERR  ] 2018-11-20T23:07:30.937242733Z: [    0.825939] UDP-Lite hash table entries: 512 (order: 2, 16384 bytes)
[STDERR  ] 2018-11-20T23:07:30.937254292Z: [    0.832161] NET: Registered protocol family 1
[STDERR  ] 2018-11-20T23:07:30.937266484Z: [    0.836388] NET: Registered protocol family 44
[STDERR  ] 2018-11-20T23:07:30.937282171Z: [    0.840937] pci 0000:00:01.0: Video device with shadowed ROM at [mem 0x000c0000-0x000dffff]
[STDERR  ] 2018-11-20T23:07:30.937302468Z: [    0.849346] Trying to unpack rootfs image as initramfs...
[STDERR  ] 2018-11-20T23:07:30.937314207Z: [    1.377548] Freeing initrd memory: 28200K
[STDERR  ] 2018-11-20T23:07:30.937325468Z: [    1.381735] clocksource: tsc: mask: 0xffffffffffffffff max_cycles: 0x2126e1f35ed, max_idle_ns: 440795240049 ns
[STDERR  ] 2018-11-20T23:07:30.937337479Z: [    1.391843] PCLMULQDQ-NI instructions are not detected.
[STDERR  ] 2018-11-20T23:07:30.937349751Z: [    1.396974] AVX or AES-NI instructions are not detected.
[STDERR  ] 2018-11-20T23:07:30.937363376Z: [    1.402093] CPU feature 'AVX registers' is not supported.
[STDERR  ] 2018-11-20T23:07:30.937408475Z: [    1.407306] CPU feature 'AVX registers' is not supported.
[STDERR  ] 2018-11-20T23:07:30.937426577Z: [    1.412495] CPU feature 'AVX registers' is not supported.
[STDERR  ] 2018-11-20T23:07:30.937448268Z: [    1.417736] CPU feature 'AVX registers' is not supported.
[STDERR  ] 2018-11-20T23:07:30.937470380Z: [    1.423000] AVX2 or AES-NI instructions are not detected.
[STDERR  ] 2018-11-20T23:07:30.937482171Z: [    1.428300] AVX2 instructions are not detected.
[STDERR  ] 2018-11-20T23:07:30.937494280Z: [    1.433311] workingset: timestamp_bits=46 max_order=18 bucket_order=0
[STDERR  ] 2018-11-20T23:07:30.937507195Z: [    1.439985] squashfs: version 4.0 (2009/01/31) Phillip Lougher
[STDERR  ] 2018-11-20T23:07:30.937519462Z: [    1.446334] FS-Cache: Netfs 'cifs' registered for caching
[STDERR  ] 2018-11-20T23:07:30.937534493Z: [    1.451177] fuse init (API version 7.27)
[STDERR  ] 2018-11-20T23:07:30.937546402Z: [    1.454828] SGI XFS with ACLs, security attributes, no debug enabled
[STDERR  ] 2018-11-20T23:07:30.937563395Z: [    1.460591] 9p: Installing v9fs 9p2000 file system support
[STDERR  ] 2018-11-20T23:07:30.937575520Z: [    1.465460] FS-Cache: Netfs '9p' registered for caching
[STDERR  ] 2018-11-20T23:07:30.937592441Z: [    1.470077] pstore: using deflate compression
[STDERR  ] 2018-11-20T23:07:30.937607876Z: [    1.475323] NET: Registered protocol family 38
[STDERR  ] 2018-11-20T23:07:30.937619682Z: [    1.479289] Key type asymmetric registered
[STDERR  ] 2018-11-20T23:07:30.937631320Z: [    1.483085] Asymmetric key parser 'x509' registered
[STDERR  ] 2018-11-20T23:07:30.937645905Z: [    1.487406] Block layer SCSI generic (bsg) driver version 0.4 loaded (major 247)
[STDERR  ] 2018-11-20T23:07:30.937658393Z: [    1.494144] io scheduler noop registered
[STDERR  ] 2018-11-20T23:07:30.937670529Z: [    1.497656] io scheduler deadline registered (default)
[STDERR  ] 2018-11-20T23:07:30.937682940Z: [    1.502206] io scheduler cfq registered
[STDERR  ] 2018-11-20T23:07:30.937694567Z: [    1.505601] io scheduler mq-deadline registered (default)
[STDERR  ] 2018-11-20T23:07:30.937706589Z: [    1.510477] io scheduler kyber registered
[STDERR  ] 2018-11-20T23:07:30.937730268Z: [    1.514183] shpchp: Standard Hot Plug PCI Controller Driver version: 0.4
[STDERR  ] 2018-11-20T23:07:30.937746049Z: [    1.520047] hv_vmbus: registering driver hyperv_fb
[STDERR  ] 2018-11-20T23:07:30.937761988Z: [    1.524390] input: Power Button as /devices/LNXSYSTM:00/LNXPWRBN:00/input/input0
[STDERR  ] 2018-11-20T23:07:30.937774311Z: [    1.530603] ACPI: Power Button [PWRF]
[STDERR  ] 2018-11-20T23:07:30.937786611Z: [    1.534598] PCI Interrupt Link [GSIG] enabled at IRQ 22
[STDERR  ] 2018-11-20T23:07:30.937804237Z: [    1.545531] PCI Interrupt Link [GSIH] enabled at IRQ 23
[STDERR  ] 2018-11-20T23:07:30.937815684Z: [    1.556297] Serial: 8250/16550 driver, 4 ports, IRQ sharing disabled
[STDERR  ] 2018-11-20T23:07:30.937827400Z: [    1.596380] 00:04: ttyS0 at I/O 0x3f8 (irq = 4, base_baud = 115200) is a 16550A
[STDERR  ] 2018-11-20T23:07:30.937847407Z: [    1.604465] Non-volatile memory driver v1.3
[STDERR  ] 2018-11-20T23:07:30.937874786Z: [    1.610376] Hangcheck: starting hangcheck timer 0.9.1 (tick is 180 seconds, margin is 60 seconds).
[STDERR  ] 2018-11-20T23:07:30.937886747Z: [    1.619231] random: fast init done
[STDERR  ] 2018-11-20T23:07:30.937898592Z: [    1.623912] random: crng init done
[STDERR  ] 2018-11-20T23:07:30.937914774Z: [    1.628411] brd: module loaded
[STDERR  ] 2018-11-20T23:07:30.937927642Z: [    1.633960] loop: module loaded
[STDERR  ] 2018-11-20T23:07:30.937945158Z: [    1.641138] lpc_ich 0000:00:1f.0: I/O space for GPIO uninitialized
[STDERR  ] 2018-11-20T23:07:30.937956968Z: [    1.647220] VMware PVSCSI driver - version 1.0.7.0-k
[STDERR  ] 2018-11-20T23:07:30.937976352Z: [    1.652067] hv_vmbus: registering driver hv_storvsc
[STDERR  ] 2018-11-20T23:07:30.937992791Z: [    1.657449] PCI Interrupt Link [GSIA] enabled at IRQ 16
[STDERR  ] 2018-11-20T23:07:30.938004464Z: [    1.666277] ahci 0000:00:1f.2: AHCI 0001.0000 32 slots 6 ports 1.5 Gbps 0x3f impl SATA mode
[STDERR  ] 2018-11-20T23:07:30.938022337Z: [    1.674298] ahci 0000:00:1f.2: flags: 64bit ncq only 
[STDERR  ] 2018-11-20T23:07:30.938037551Z: [    1.683167] scsi host0: ahci
[STDERR  ] 2018-11-20T23:07:30.938061121Z: [    1.686302] scsi host1: ahci
[STDERR  ] 2018-11-20T23:07:30.938075858Z: [    1.689273] scsi host2: ahci
[STDERR  ] 2018-11-20T23:07:30.938087765Z: [    1.692184] scsi host3: ahci
[STDERR  ] 2018-11-20T23:07:30.938099627Z: [    1.695121] scsi host4: ahci
[STDERR  ] 2018-11-20T23:07:30.938111839Z: [    1.698158] scsi host5: ahci
[STDERR  ] 2018-11-20T23:07:30.938123956Z: [    1.701121] ata1: SATA max UDMA/133 abar m4096@0xfebd2000 port 0xfebd2100 irq 24
[STDERR  ] 2018-11-20T23:07:30.938138908Z: [    1.708190] ata2: SATA max UDMA/133 abar m4096@0xfebd2000 port 0xfebd2180 irq 24
[STDERR  ] 2018-11-20T23:07:30.938152866Z: [    1.715354] ata3: SATA max UDMA/133 abar m4096@0xfebd2000 port 0xfebd2200 irq 24
[STDERR  ] 2018-11-20T23:07:30.938169207Z: [    1.722499] ata4: SATA max UDMA/133 abar m4096@0xfebd2000 port 0xfebd2280 irq 24
[STDERR  ] 2018-11-20T23:07:30.938181517Z: [    1.729614] ata5: SATA max UDMA/133 abar m4096@0xfebd2000 port 0xfebd2300 irq 24
[STDERR  ] 2018-11-20T23:07:30.938193766Z: [    1.736567] ata6: SATA max UDMA/133 abar m4096@0xfebd2000 port 0xfebd2380 irq 24
[STDERR  ] 2018-11-20T23:07:30.938208447Z: [    1.745329] tun: Universal TUN/TAP device driver, 1.6
[STDERR  ] 2018-11-20T23:07:30.938220525Z: [    1.755093] VMware vmxnet3 virtual NIC driver - version 1.4.16.0-k-NAPI
[STDERR  ] 2018-11-20T23:07:30.938236527Z: [    1.760835] hv_vmbus: registering driver hv_netvsc
[STDERR  ] 2018-11-20T23:07:30.938250113Z: [    1.765053] Fusion MPT base driver 3.04.20
[STDERR  ] 2018-11-20T23:07:30.938261735Z: [    1.768593] Copyright (c) 1999-2008 LSI Corporation
[STDERR  ] 2018-11-20T23:07:30.938279909Z: [    1.772874] Fusion MPT SPI Host driver 3.04.20
[STDERR  ] 2018-11-20T23:07:30.938291487Z: [    1.776836] i8042: PNP: PS/2 Controller [PNP0303:KBD,PNP0f13:MOU] at 0x60,0x64 irq 1,12
[STDERR  ] 2018-11-20T23:07:30.938303626Z: [    1.787656] serio: i8042 KBD port at 0x60,0x64 irq 1
[STDERR  ] 2018-11-20T23:07:30.938315758Z: [    1.791946] serio: i8042 AUX port at 0x60,0x64 irq 12
[STDERR  ] 2018-11-20T23:07:30.938327436Z: [    1.796310] hv_vmbus: registering driver hyperv_keyboard
[STDERR  ] 2018-11-20T23:07:30.938353817Z: [    1.800909] mousedev: PS/2 mouse device common for all mice
[STDERR  ] 2018-11-20T23:07:30.938369787Z: [    1.807123] input: AT Translated Set 2 keyboard as /devices/platform/i8042/serio0/input/input1
[STDERR  ] 2018-11-20T23:07:30.938385398Z: [    1.814831] input: PC Speaker as /devices/platform/pcspkr/input/input2
[STDERR  ] 2018-11-20T23:07:30.938406128Z: [    1.820887] rtc_cmos 00:00: RTC can wake from S4
[STDERR  ] 2018-11-20T23:07:30.938421075Z: [    1.828344] rtc_cmos 00:00: registered as rtc0
[STDERR  ] 2018-11-20T23:07:30.938432939Z: [    1.832264] rtc_cmos 00:00: alarms up to one day, y3k, 114 bytes nvram, hpet irqs
[STDERR  ] 2018-11-20T23:07:30.938445063Z: [    1.838771] i2c /dev entries driver
[STDERR  ] 2018-11-20T23:07:30.938468988Z: [    1.842250] device-mapper: ioctl: 4.39.0-ioctl (2018-04-03) initialised: dm-devel@redhat.com
[STDERR  ] 2018-11-20T23:07:30.938480759Z: [    1.850006] usbcore: registered new interface driver usbhid
[STDERR  ] 2018-11-20T23:07:30.938492601Z: [    1.854931] usbhid: USB HID core driver
[STDERR  ] 2018-11-20T23:07:30.938511383Z: [    1.858391] hv_utils: Registering HyperV Utility Driver
[STDERR  ] 2018-11-20T23:07:30.938522800Z: [    1.863001] hv_vmbus: registering driver hv_util
[STDERR  ] 2018-11-20T23:07:30.938534627Z: [    1.867059] hv_vmbus: registering driver hv_balloon
[STDERR  ] 2018-11-20T23:07:30.938546452Z: [    1.871355] oprofile: using NMI interrupt.
[STDERR  ] 2018-11-20T23:07:30.938562793Z: [    1.875102] GACT probability on
[STDERR  ] 2018-11-20T23:07:30.938578366Z: [    1.878079] Mirror/redirect action on
[STDERR  ] 2018-11-20T23:07:30.938625891Z: [    1.881341] Simple TC action Loaded
[STDERR  ] 2018-11-20T23:07:30.938642669Z: [    1.884463] u32 classifier
[STDERR  ] 2018-11-20T23:07:30.938654676Z: [    1.886951]     Performance counters on
[STDERR  ] 2018-11-20T23:07:30.938665931Z: [    1.890349]     input device check on
[STDERR  ] 2018-11-20T23:07:30.938677868Z: [    1.893617]     Actions configured
[STDERR  ] 2018-11-20T23:07:30.938703482Z: [    1.896870] xt_time: kernel timezone is -0000
[STDERR  ] 2018-11-20T23:07:30.938715278Z: [    1.900761] IPVS: Registered protocols (TCP, UDP, SCTP, AH, ESP)
[STDERR  ] 2018-11-20T23:07:30.938727024Z: [    1.906086] IPVS: Connection hash table configured (size=4096, memory=64Kbytes)
[STDERR  ] 2018-11-20T23:07:30.938738327Z: [    1.912573] IPVS: ipvs loaded.
[STDERR  ] 2018-11-20T23:07:30.938750355Z: [    1.915354] IPVS: [rr] scheduler registered.
[STDERR  ] 2018-11-20T23:07:30.938762324Z: [    1.919094] IPVS: [wrr] scheduler registered.
[STDERR  ] 2018-11-20T23:07:30.938778793Z: [    1.922853] IPVS: [lc] scheduler registered.
[STDERR  ] 2018-11-20T23:07:30.938791119Z: [    1.926578] IPVS: [wlc] scheduler registered.
[STDERR  ] 2018-11-20T23:07:30.938802932Z: [    1.930431] IPVS: [fo] scheduler registered.
[STDERR  ] 2018-11-20T23:07:30.938814753Z: [    1.934199] IPVS: [ovf] scheduler registered.
[STDERR  ] 2018-11-20T23:07:30.938829965Z: [    1.938047] IPVS: [lblc] scheduler registered.
[STDERR  ] 2018-11-20T23:07:30.938841740Z: [    1.942150] IPVS: [lblcr] scheduler registered.
[STDERR  ] 2018-11-20T23:07:30.938853855Z: [    1.946163] IPVS: [dh] scheduler registered.
[STDERR  ] 2018-11-20T23:07:30.938865750Z: [    1.949953] IPVS: [sh] scheduler registered.
[STDERR  ] 2018-11-20T23:07:30.938877623Z: [    1.954143] IPVS: [mh] scheduler registered.
[STDERR  ] 2018-11-20T23:07:30.938889516Z: [    1.957916] IPVS: [sed] scheduler registered.
[STDERR  ] 2018-11-20T23:07:30.938900880Z: [    1.961958] IPVS: [nq] scheduler registered.
[STDERR  ] 2018-11-20T23:07:30.938926845Z: [    1.965755] IPVS: ftp: loaded support on port[0] = 21
[STDERR  ] 2018-11-20T23:07:30.938946108Z: [    1.970484] ipip: IPv4 and MPLS over IPv4 tunneling driver
[STDERR  ] 2018-11-20T23:07:30.938958055Z: [    1.975758] gre: GRE over IPv4 demultiplexor driver
[STDERR  ] 2018-11-20T23:07:30.938987072Z: [    1.980208] ipt_CLUSTERIP: ClusterIP Version 0.8 loaded successfully
[STDERR  ] 2018-11-20T23:07:30.938998686Z: [    1.986121] NET: Registered protocol family 10
[STDERR  ] 2018-11-20T23:07:30.939010401Z: [    1.990435] Segment Routing with IPv6
[STDERR  ] 2018-11-20T23:07:30.939022395Z: [    1.994322] NET: Registered protocol family 17
[STDERR  ] 2018-11-20T23:07:30.939034171Z: [    1.998321] Bridge firewalling registered
[STDERR  ] 2018-11-20T23:07:30.939057371Z: [    2.002232] 8021q: 802.1Q VLAN Support v1.8
[STDERR  ] 2018-11-20T23:07:30.939069176Z: [    2.006155] 9pnet: Installing 9P2000 support
[STDERR  ] 2018-11-20T23:07:30.939080345Z: [    2.010198] Key type dns_resolver registered
[STDERR  ] 2018-11-20T23:07:30.939095125Z: [    2.014277] registered taskstats version 1
[STDERR  ] 2018-11-20T23:07:30.939107356Z: [    2.032741] Key type big_key registered
[STDERR  ] 2018-11-20T23:07:30.939119355Z: [    2.040578] Key type trusted registered
[STDERR  ] 2018-11-20T23:07:30.939131424Z: [    2.048438] Key type encrypted registered
[STDERR  ] 2018-11-20T23:07:30.939143702Z: [    2.052707] ima: No TPM chip found, activating TPM-bypass! (rc=-19)
[STDERR  ] 2018-11-20T23:07:30.939161470Z: [    2.059733] ata5: SATA link down (SStatus 0 SControl 300)
[STDERR  ] 2018-11-20T23:07:30.939173012Z: [    2.065804] ata4: SATA link down (SStatus 0 SControl 300)
[STDERR  ] 2018-11-20T23:07:30.939185356Z: [    2.072071] ata3: SATA link up 1.5 Gbps (SStatus 113 SControl 300)
[STDERR  ] 2018-11-20T23:07:30.939197396Z: [    2.079074] ata2: SATA link down (SStatus 0 SControl 300)
[STDERR  ] 2018-11-20T23:07:30.939218586Z: [    2.085124] ata1: SATA link down (SStatus 0 SControl 300)
[STDERR  ] 2018-11-20T23:07:30.939234344Z: [    2.091241] ata6: SATA link down (SStatus 0 SControl 300)
[STDERR  ] 2018-11-20T23:07:30.939250326Z: [    2.096700] ima: Allocated hash algorithm: sha256
[STDERR  ] 2018-11-20T23:07:30.939262191Z: [    2.101290] ata3.00: ATAPI: QEMU DVD-ROM, 2.5+, max UDMA/100
[STDERR  ] 2018-11-20T23:07:30.939274435Z: [    2.106790] ata3.00: applying bridge limits
[STDERR  ] 2018-11-20T23:07:30.939286255Z: [    2.111263] evm: Initialising EVM extended attributes:
[STDERR  ] 2018-11-20T23:07:30.939298284Z: [    2.116247] evm: security.ima
[STDERR  ] 2018-11-20T23:07:30.939319677Z: [    2.119202] evm: security.capability
[STDERR  ] 2018-11-20T23:07:30.939335795Z: [    2.122707] evm: HMAC attrs: 0x1
[STDERR  ] 2018-11-20T23:07:30.939348281Z: [    2.126256] ata3.00: configured for UDMA/100
[STDERR  ] 2018-11-20T23:07:30.939360694Z: [    2.131548] scsi 2:0:0:0: CD-ROM            QEMU     QEMU DVD-ROM     2.5+ PQ: 0 ANSI: 5
[STDERR  ] 2018-11-20T23:07:30.939373057Z: [    2.140360] rtc_cmos 00:00: setting system clock to 2018-11-20 23:07:26 UTC (1542755246)
[STDERR  ] 2018-11-20T23:07:30.939394725Z: [    2.149513] Unstable clock detected, switching default tracing clock to "global"
[STDERR  ] 2018-11-20T23:07:30.939406989Z: [    2.149513] If you want to keep using the local clock, then add:
[STDERR  ] 2018-11-20T23:07:30.939418269Z: [    2.149513]   "trace_clock=local"
[STDERR  ] 2018-11-20T23:07:30.939430414Z: [    2.149513] on the kernel command line
[STDERR  ] 2018-11-20T23:07:30.939442236Z: [    2.172081] sr 2:0:0:0: [sr0] scsi3-mmc drive: 4x/4x cd/rw xa/form2 tray
[STDERR  ] 2018-11-20T23:07:30.939472648Z: [    2.178560] cdrom: Uniform CD-ROM driver Revision: 3.20
[STDERR  ] 2018-11-20T23:07:30.939489232Z: [    2.184237] sr 2:0:0:0: Attached scsi generic sg0 type 5
[STDERR  ] 2018-11-20T23:07:30.939505001Z: [    2.191977] Freeing unused kernel image memory: 1584K
[STDERR  ] 2018-11-20T23:07:30.939516571Z: [    2.199127] Write protecting the kernel read-only data: 18432k
[STDERR  ] 2018-11-20T23:07:30.939528707Z: [    2.205901] Freeing unused kernel image memory: 2028K
[STDERR  ] 2018-11-20T23:07:30.939540775Z: [    2.211281] Freeing unused kernel image memory: 988K
[STDERR  ] 2018-11-20T23:07:30.939561001Z: 
[STDERR  ] 2018-11-20T23:07:30.939573846Z: Welcome to LinuxKit
[STDERR  ] 2018-11-20T23:07:30.939585683Z: 
[STDERR  ] 2018-11-20T23:07:30.939597197Z:                         ##         .
[STDERR  ] 2018-11-20T23:07:30.939609949Z:                   ## ## ##        ==
[STDERR  ] 2018-11-20T23:07:30.939622288Z:                ## ## ## ## ##    ===
[STDERR  ] 2018-11-20T23:07:30.939637371Z:            /"""""""""""""""""\___/ ===
[STDERR  ] 2018-11-20T23:07:30.939659608Z:           {                       /  ===-
[STDERR  ] 2018-11-20T23:07:30.939671126Z:            \______ O           __/
[STDERR  ] 2018-11-20T23:07:30.939683050Z:              \    \         __/
[STDERR  ] 2018-11-20T23:07:30.939695233Z:               \____\_______/
[STDERR  ] 2018-11-20T23:07:30.939707212Z: 
[STDERR  ] 2018-11-20T23:07:30.939719547Z: [    2.643011] hello_world: loading out-of-tree module taints kernel.
[STDERR  ] 2018-11-20T23:07:30.939731914Z: [    2.650151] Hello LinuxKit
[STDERR  ] 2018-11-20T23:07:30.939746620Z: [    2.656812] Goodbye LinuxKit.
[STDERR  ] 2018-11-20T23:07:30.939757748Z: Linux linuxkit-66f9a507b6ed 4.18.19-linuxkit #1 SMP Thu Nov 15 23:53:42 UTC 2018 x86_64 Linux
[STDERR  ] 2018-11-20T23:07:30.939777386Z: filename:       hello_world.ko
[STDERR  ] 2018-11-20T23:07:30.939789432Z: author:         Rolf Neugebauer <rolf.neugebauer@docker.com>
[STDERR  ] 2018-11-20T23:07:30.939801762Z: description:    A simple Hello World kernel module for testing
[STDERR  ] 2018-11-20T23:07:30.939817804Z: license:        GPL
[STDERR  ] 2018-11-20T23:07:30.939830842Z: depends:        
[STDERR  ] 2018-11-20T23:07:30.939842181Z: vermagic:       4.18.19-linuxkit SMP mod_unload modversions RANDSTRUCT_PLUGIN_070d2ffd19e877ae0efccffd82485a3e922a4e5c047ddb901729a87cbcb63d02
[STDERR  ] 2018-11-20T23:07:30.939855337Z: Kernel module test suite PASSED
[STDERR  ] 2018-11-20T23:07:30.939867951Z: [    5.752546] ACPI: Preparing to enter system sleep state S5
[STDERR  ] 2018-11-20T23:07:30.939885017Z: [    5.758512] reboot: Power down
[STDERR  ] 2018-11-20T23:07:30.939901344Z: + grep -q Hello LinuxKit
[STDERR  ] 2018-11-20T23:07:30.940743773Z: + echo [    0.000000] Linux version 4.18.19-linuxkit (root@465ac4ad8c3a) (gcc version 6.4.0 (Alpine 6.4.0)) #1 SMP Thu Nov 15 23:53:42 UTC 2018
[STDERR  ] 2018-11-20T23:07:30.940789939Z: [    0.000000] Command line: console=ttyS0 console=ttyAMA0
[STDERR  ] 2018-11-20T23:07:30.940802604Z: [    0.000000] x86/fpu: x87 FPU will use FXSAVE
[STDERR  ] 2018-11-20T23:07:30.940813162Z: [    0.000000] BIOS-provided physical RAM map:
[STDERR  ] 2018-11-20T23:07:30.940828205Z: [    0.000000] BIOS-e820: [mem 0x0000000000000000-0x000000000009fbff] usable
[STDERR  ] 2018-11-20T23:07:30.940840702Z: [    0.000000] BIOS-e820: [mem 0x000000000009fc00-0x000000000009ffff] reserved
[STDERR  ] 2018-11-20T23:07:30.940897225Z: [    0.000000] BIOS-e820: [mem 0x00000000000f0000-0x00000000000fffff] reserved
[STDERR  ] 2018-11-20T23:07:30.940917325Z: [    0.000000] BIOS-e820: [mem 0x0000000000100000-0x000000003ffdefff] usable
[STDERR  ] 2018-11-20T23:07:30.940929849Z: [    0.000000] BIOS-e820: [mem 0x000000003ffdf000-0x000000003fffffff] reserved
[STDERR  ] 2018-11-20T23:07:30.940941977Z: [    0.000000] BIOS-e820: [mem 0x00000000b0000000-0x00000000bfffffff] reserved
[STDERR  ] 2018-11-20T23:07:30.940953605Z: [    0.000000] BIOS-e820: [mem 0x00000000fed1c000-0x00000000fed1ffff] reserved
[STDERR  ] 2018-11-20T23:07:30.940979512Z: [    0.000000] BIOS-e820: [mem 0x00000000feffc000-0x00000000feffffff] reserved
[STDERR  ] 2018-11-20T23:07:30.940991838Z: [    0.000000] BIOS-e820: [mem 0x00000000fffc0000-0x00000000ffffffff] reserved
[STDERR  ] 2018-11-20T23:07:30.941003678Z: [    0.000000] NX (Execute Disable) protection: active
[STDERR  ] 2018-11-20T23:07:30.941016110Z: [    0.000000] SMBIOS 2.8 present.
[STDERR  ] 2018-11-20T23:07:30.941028331Z: [    0.000000] DMI: QEMU Standard PC (Q35 + ICH9, 2009), BIOS 1.10.2-1 04/01/2014
[STDERR  ] 2018-11-20T23:07:30.941040139Z: [    0.000000] Hypervisor detected: KVM
[STDERR  ] 2018-11-20T23:07:30.941051437Z: [    0.000000] last_pfn = 0x3ffdf max_arch_pfn = 0x400000000
[STDERR  ] 2018-11-20T23:07:30.941063353Z: [    0.000000] x86/PAT: PAT not supported by CPU.
[STDERR  ] 2018-11-20T23:07:30.941074790Z: [    0.000000] x86/PAT: Configuration [0-7]: WB  WT  UC- UC  WB  WT  UC- UC  
[STDERR  ] 2018-11-20T23:07:30.941087086Z: [    0.000000] found SMP MP-table at [mem 0x000f6a90-0x000f6a9f] mapped at [(____ptrval____)]
[STDERR  ] 2018-11-20T23:07:30.941104092Z: [    0.000000] RAMDISK: [mem 0x3e446000-0x3ffcffff]
[STDERR  ] 2018-11-20T23:07:30.941116853Z: [    0.000000] ACPI: Early table checksum verification disabled
[STDERR  ] 2018-11-20T23:07:30.941128520Z: [    0.000000] ACPI: RSDP 0x00000000000F68D0 000014 (v00 BOCHS )
[STDERR  ] 2018-11-20T23:07:30.941145672Z: [    0.000000] ACPI: RSDT 0x000000003FFE2404 000034 (v01 BOCHS  BXPCRSDT 00000001 BXPC 00000001)
[STDERR  ] 2018-11-20T23:07:30.941157972Z: [    0.000000] ACPI: FACP 0x000000003FFE22A4 000074 (v01 BOCHS  BXPCFACP 00000001 BXPC 00000001)
[STDERR  ] 2018-11-20T23:07:30.941170084Z: [    0.000000] ACPI: DSDT 0x000000003FFE0040 002264 (v01 BOCHS  BXPCDSDT 00000001 BXPC 00000001)
[STDERR  ] 2018-11-20T23:07:30.941182114Z: [    0.000000] ACPI: FACS 0x000000003FFE0000 000040
[STDERR  ] 2018-11-20T23:07:30.941194246Z: [    0.000000] ACPI: APIC 0x000000003FFE2318 000078 (v01 BOCHS  BXPCAPIC 00000001 BXPC 00000001)
[STDERR  ] 2018-11-20T23:07:30.941211133Z: [    0.000000] ACPI: HPET 0x000000003FFE2390 000038 (v01 BOCHS  BXPCHPET 00000001 BXPC 00000001)
[STDERR  ] 2018-11-20T23:07:30.941238410Z: [    0.000000] ACPI: MCFG 0x000000003FFE23C8 00003C (v01 BOCHS  BXPCMCFG 00000001 BXPC 00000001)
[STDERR  ] 2018-11-20T23:07:30.941250607Z: [    0.000000] kvm-clock: cpu 0, msr 0:3ffdc001, primary cpu clock
[STDERR  ] 2018-11-20T23:07:30.941262567Z: [    0.000000] kvm-clock: Using msrs 4b564d01 and 4b564d00
[STDERR  ] 2018-11-20T23:07:30.941274780Z: [    0.000000] clocksource: kvm-clock: mask: 0xffffffffffffffff max_cycles: 0x1cd42e4dffb, max_idle_ns: 881590591483 ns
[STDERR  ] 2018-11-20T23:07:30.941299303Z: [    0.000000] Zone ranges:
[STDERR  ] 2018-11-20T23:07:30.941311150Z: [    0.000000]   DMA      [mem 0x0000000000001000-0x0000000000ffffff]
[STDERR  ] 2018-11-20T23:07:30.941326616Z: [    0.000000]   DMA32    [mem 0x0000000001000000-0x000000003ffdefff]
[STDERR  ] 2018-11-20T23:07:30.941338591Z: [    0.000000]   Normal   empty
[STDERR  ] 2018-11-20T23:07:30.941350611Z: [    0.000000]   Device   empty
[STDERR  ] 2018-11-20T23:07:30.941362671Z: [    0.000000] Movable zone start for each node
[STDERR  ] 2018-11-20T23:07:30.941374500Z: [    0.000000] Early memory node ranges
[STDERR  ] 2018-11-20T23:07:30.941389777Z: [    0.000000]   node   0: [mem 0x0000000000001000-0x000000000009efff]
[STDERR  ] 2018-11-20T23:07:30.941408275Z: [    0.000000]   node   0: [mem 0x0000000000100000-0x000000003ffdefff]
[STDERR  ] 2018-11-20T23:07:30.941428562Z: [    0.000000] Reserved but unavailable: 131 pages
[STDERR  ] 2018-11-20T23:07:30.941440832Z: [    0.000000] Initmem setup node 0 [mem 0x0000000000001000-0x000000003ffdefff]
[STDERR  ] 2018-11-20T23:07:30.941463820Z: [    0.000000] ACPI: PM-Timer IO Port: 0x608
[STDERR  ] 2018-11-20T23:07:30.941476674Z: [    0.000000] ACPI: LAPIC_NMI (acpi_id[0xff] dfl dfl lint[0x1])
[STDERR  ] 2018-11-20T23:07:30.941488299Z: [    0.000000] IOAPIC[0]: apic_id 0, version 17, address 0xfec00000, GSI 0-23
[STDERR  ] 2018-11-20T23:07:30.941503039Z: [    0.000000] ACPI: INT_SRC_OVR (bus 0 bus_irq 0 global_irq 2 dfl dfl)
[STDERR  ] 2018-11-20T23:07:30.941517442Z: [    0.000000] ACPI: INT_SRC_OVR (bus 0 bus_irq 5 global_irq 5 high level)
[STDERR  ] 2018-11-20T23:07:30.941529587Z: [    0.000000] ACPI: INT_SRC_OVR (bus 0 bus_irq 9 global_irq 9 high level)
[STDERR  ] 2018-11-20T23:07:30.941541547Z: [    0.000000] ACPI: INT_SRC_OVR (bus 0 bus_irq 10 global_irq 10 high level)
[STDERR  ] 2018-11-20T23:07:30.941553287Z: [    0.000000] ACPI: INT_SRC_OVR (bus 0 bus_irq 11 global_irq 11 high level)
[STDERR  ] 2018-11-20T23:07:30.941564856Z: [    0.000000] Using ACPI (MADT) for SMP configuration information
[STDERR  ] 2018-11-20T23:07:30.941576572Z: [    0.000000] ACPI: HPET id: 0x8086a201 base: 0xfed00000
[STDERR  ] 2018-11-20T23:07:30.941588375Z: [    0.000000] smpboot: Allowing 1 CPUs, 0 hotplug CPUs
[STDERR  ] 2018-11-20T23:07:30.941604716Z: [    0.000000] [mem 0x40000000-0xafffffff] available for PCI devices
[STDERR  ] 2018-11-20T23:07:30.941633320Z: [    0.000000] Booting paravirtualized kernel on KVM
[STDERR  ] 2018-11-20T23:07:30.941648870Z: [    0.000000] clocksource: refined-jiffies: mask: 0xffffffff max_cycles: 0xffffffff, max_idle_ns: 1910969940391419 ns
[STDERR  ] 2018-11-20T23:07:30.941661042Z: [    0.000000] random: get_random_bytes called from start_kernel+0x92/0x526 with crng_init=0
[STDERR  ] 2018-11-20T23:07:30.941673147Z: [    0.000000] setup_percpu: NR_CPUS:128 nr_cpumask_bits:128 nr_cpu_ids:1 nr_node_ids:1
[STDERR  ] 2018-11-20T23:07:30.941699597Z: [    0.000000] percpu: Embedded 45 pages/cpu @(____ptrval____) s144536 r8192 d31592 u2097152
[STDERR  ] 2018-11-20T23:07:30.941711988Z: [    0.000000] KVM setup async PF for cpu 0
[STDERR  ] 2018-11-20T23:07:30.941726631Z: [    0.000000] kvm-stealtime: cpu 0, msr 3e215f40
[STDERR  ] 2018-11-20T23:07:30.941738287Z: [    0.000000] Built 1 zonelists, mobility grouping on.  Total pages: 257896
[STDERR  ] 2018-11-20T23:07:30.941754038Z: [    0.000000] Kernel command line: console=ttyS0 console=ttyAMA0
[STDERR  ] 2018-11-20T23:07:30.941766161Z: [    0.000000] Dentry cache hash table entries: 131072 (order: 8, 1048576 bytes)
[STDERR  ] 2018-11-20T23:07:30.941778089Z: [    0.000000] Inode-cache hash table entries: 65536 (order: 7, 524288 bytes)
[STDERR  ] 2018-11-20T23:07:30.941790566Z: [    0.000000] Memory: 976100K/1048052K available (12300K kernel code, 1573K rwdata, 3108K rodata, 1584K init, 840K bss, 71952K reserved, 0K cma-reserved)
[STDERR  ] 2018-11-20T23:07:30.941803753Z: [    0.000000] Kernel/User page tables isolation: enabled
[STDERR  ] 2018-11-20T23:07:30.941830526Z: [    0.000000] ftrace: allocating 42680 entries in 167 pages
[STDERR  ] 2018-11-20T23:07:30.941843148Z: [    0.001000] Hierarchical RCU implementation.
[STDERR  ] 2018-11-20T23:07:30.941855528Z: [    0.001000] 	RCU restricting CPUs from NR_CPUS=128 to nr_cpu_ids=1.
[STDERR  ] 2018-11-20T23:07:30.941867680Z: [    0.001000] RCU: Adjusting geometry for rcu_fanout_leaf=16, nr_cpu_ids=1
[STDERR  ] 2018-11-20T23:07:30.941879939Z: [    0.001000] NR_IRQS: 8448, nr_irqs: 256, preallocated irqs: 16
[STDERR  ] 2018-11-20T23:07:30.942295402Z: [    0.001000] Console: colour VGA+ 80x25
[STDERR  ] 2018-11-20T23:07:30.942325667Z: [    0.001000] console [ttyS0] enabled
[STDERR  ] 2018-11-20T23:07:30.942339746Z: [    0.001000] ACPI: Core revision 20180531
[STDERR  ] 2018-11-20T23:07:30.942358986Z: [    0.001000] clocksource: hpet: mask: 0xffffffff max_cycles: 0xffffffff, max_idle_ns: 19112604467 ns
[STDERR  ] 2018-11-20T23:07:30.942402592Z: [    0.001047] APIC: Switch to symmetric I/O mode setup
[STDERR  ] 2018-11-20T23:07:30.942418938Z: [    0.005452] x2apic enabled
[STDERR  ] 2018-11-20T23:07:30.942438666Z: [    0.006025] Switched APIC routing to physical x2apic.
[STDERR  ] 2018-11-20T23:07:30.942469220Z: [    0.018000] ..TIMER: vector=0x30 apic1=0 pin1=2 apic2=-1 pin2=-1
[STDERR  ] 2018-11-20T23:07:30.942488725Z: [    0.018000] tsc: Detected 2299.912 MHz processor
[STDERR  ] 2018-11-20T23:07:30.942503390Z: [    0.018027] clocksource: tsc-early: mask: 0xffffffffffffffff max_cycles: 0x2126e1f35ed, max_idle_ns: 440795240049 ns
[STDERR  ] 2018-11-20T23:07:30.942522616Z: [    0.019009] Calibrating delay loop (skipped) preset value.. 4599.82 BogoMIPS (lpj=2299912)
[STDERR  ] 2018-11-20T23:07:30.942541561Z: [    0.020009] pid_max: default: 32768 minimum: 301
[STDERR  ] 2018-11-20T23:07:30.942555147Z: [    0.021111] Security Framework initialized
[STDERR  ] 2018-11-20T23:07:30.942574319Z: [    0.022008] Yama: becoming mindful.
[STDERR  ] 2018-11-20T23:07:30.942593089Z: [    0.023057] Mount-cache hash table entries: 2048 (order: 2, 16384 bytes)
[STDERR  ] 2018-11-20T23:07:30.942611384Z: [    0.024012] Mountpoint-cache hash table entries: 2048 (order: 2, 16384 bytes)
[STDERR  ] 2018-11-20T23:07:30.942630834Z: [    0.027051] Last level iTLB entries: 4KB 0, 2MB 0, 4MB 0
[STDERR  ] 2018-11-20T23:07:30.942649994Z: [    0.029007] Last level dTLB entries: 4KB 0, 2MB 0, 4MB 0, 1GB 0
[STDERR  ] 2018-11-20T23:07:30.942669055Z: [    0.030007] Spectre V2 : Mitigation: Full generic retpoline
[STDERR  ] 2018-11-20T23:07:30.942689853Z: [    0.031015] Spectre V2 : Spectre v2 / SpectreRSB mitigation: Filling RSB on context switch
[STDERR  ] 2018-11-20T23:07:30.942709644Z: [    0.032006] Speculative Store Bypass: Vulnerable
[STDERR  ] 2018-11-20T23:07:30.942728916Z: [    0.039243] Freeing SMP alternatives memory: 20K
[STDERR  ] 2018-11-20T23:07:30.942742279Z: [    0.041000] smpboot: CPU0: Intel QEMU Virtual CPU version 2.5+ (family: 0x6, model: 0x6, stepping: 0x3)
[STDERR  ] 2018-11-20T23:07:30.942784604Z: [    0.041174] Performance Events: PMU not available due to virtualization, using software events only.
[STDERR  ] 2018-11-20T23:07:30.942902823Z: [    0.044080] Hierarchical SRCU implementation.
[STDERR  ] 2018-11-20T23:07:30.942919405Z: [    0.045135] NMI watchdog: Perf event create on CPU 0 failed with -2
[STDERR  ] 2018-11-20T23:07:30.942932789Z: [    0.046006] NMI watchdog: Perf NMI watchdog permanently disabled
[STDERR  ] 2018-11-20T23:07:30.942946753Z: [    0.047084] smp: Bringing up secondary CPUs ...
[STDERR  ] 2018-11-20T23:07:30.942958736Z: [    0.048006] smp: Brought up 1 node, 1 CPU
[STDERR  ] 2018-11-20T23:07:30.942970250Z: [    0.049009] smpboot: Max logical packages: 1
[STDERR  ] 2018-11-20T23:07:30.942982016Z: [    0.050005] smpboot: Total of 1 processors activated (4599.82 BogoMIPS)
[STDERR  ] 2018-11-20T23:07:30.942994291Z: [    0.052116] devtmpfs: initialized
[STDERR  ] 2018-11-20T23:07:30.943007363Z: [    0.053071] x86/mm: Memory block size: 128MB
[STDERR  ] 2018-11-20T23:07:30.943033464Z: [    0.055310] clocksource: jiffies: mask: 0xffffffff max_cycles: 0xffffffff, max_idle_ns: 1911260446275000 ns
[STDERR  ] 2018-11-20T23:07:30.943045801Z: [    0.056012] futex hash table entries: 256 (order: 2, 16384 bytes)
[STDERR  ] 2018-11-20T23:07:30.943057394Z: [    0.057270] NET: Registered protocol family 16
[STDERR  ] 2018-11-20T23:07:30.943074679Z: [    0.058164] audit: initializing netlink subsys (disabled)
[STDERR  ] 2018-11-20T23:07:30.943086833Z: [    0.059143] cpuidle: using governor ladder
[STDERR  ] 2018-11-20T23:07:30.943099270Z: [    0.060007] cpuidle: using governor menu
[STDERR  ] 2018-11-20T23:07:30.943111468Z: [    0.061136] ACPI: bus type PCI registered
[STDERR  ] 2018-11-20T23:07:30.943126850Z: [    0.062013] audit: type=2000 audit(1542755244.160:1): state=initialized audit_enabled=0 res=1
[STDERR  ] 2018-11-20T23:07:30.943147712Z: [    0.064287] PCI: MMCONFIG for domain 0000 [bus 00-ff] at [mem 0xb0000000-0xbfffffff] (base 0xb0000000)
[STDERR  ] 2018-11-20T23:07:30.943166071Z: [    0.065007] PCI: MMCONFIG at [mem 0xb0000000-0xbfffffff] reserved in E820
[STDERR  ] 2018-11-20T23:07:30.943178404Z: [    0.066023] PCI: Using configuration type 1 for base access
[STDERR  ] 2018-11-20T23:07:30.943189871Z: [    0.069438] HugeTLB registered 2.00 MiB page size, pre-allocated 0 pages
[STDERR  ] 2018-11-20T23:07:30.943202167Z: [    0.070177] cryptd: max_cpu_qlen set to 1000
[STDERR  ] 2018-11-20T23:07:30.943213695Z: [    0.071171] ACPI: Added _OSI(Module Device)
[STDERR  ] 2018-11-20T23:07:30.943225583Z: [    0.072013] ACPI: Added _OSI(Processor Device)
[STDERR  ] 2018-11-20T23:07:30.943238799Z: [    0.073005] ACPI: Added _OSI(3.0 _SCP Extensions)
[STDERR  ] 2018-11-20T23:07:30.943251110Z: [    0.074004] ACPI: Added _OSI(Processor Aggregator Device)
[STDERR  ] 2018-11-20T23:07:30.943264664Z: [    0.075025] ACPI: Added _OSI(Linux-Dell-Video)
[STDERR  ] 2018-11-20T23:07:30.943276646Z: [    0.077606] ACPI: 1 ACPI AML tables successfully acquired and loaded
[STDERR  ] 2018-11-20T23:07:30.943288475Z: [    0.080182] ACPI: Interpreter enabled
[STDERR  ] 2018-11-20T23:07:30.943299859Z: [    0.081013] ACPI: (supports S0 S5)
[STDERR  ] 2018-11-20T23:07:30.943311715Z: [    0.082004] ACPI: Using IOAPIC for interrupt routing
[STDERR  ] 2018-11-20T23:07:30.943324304Z: [    0.083052] PCI: Using host bridge windows from ACPI; if necessary, use "pci=nocrs" and report a bug
[STDERR  ] 2018-11-20T23:07:30.943336614Z: [    0.084221] ACPI: Enabled 2 GPEs in block 00 to 3F
[STDERR  ] 2018-11-20T23:07:30.943348667Z: [    0.088725] ACPI: PCI Root Bridge [PCI0] (domain 0000 [bus 00-ff])
[STDERR  ] 2018-11-20T23:07:30.943360814Z: [    0.089015] acpi PNP0A08:00: _OSC: OS supports [ExtendedConfig ASPM ClockPM Segments MSI]
[STDERR  ] 2018-11-20T23:07:30.943373124Z: [    0.090113] acpi PNP0A08:00: _OSC: platform does not support [SHPCHotplug LTR]
[STDERR  ] 2018-11-20T23:07:30.943384970Z: [    0.092097] acpi PNP0A08:00: _OSC: OS now controls [PCIeHotplug PME PCIeCapability]
[STDERR  ] 2018-11-20T23:07:30.943396945Z: [    0.093073] PCI host bridge to bus 0000:00
[STDERR  ] 2018-11-20T23:07:30.943410026Z: [    0.094009] pci_bus 0000:00: root bus resource [io  0x0000-0x0cf7 window]
[STDERR  ] 2018-11-20T23:07:30.943422292Z: [    0.095008] pci_bus 0000:00: root bus resource [io  0x0d00-0xffff window]
[STDERR  ] 2018-11-20T23:07:30.943440002Z: [    0.096006] pci_bus 0000:00: root bus resource [mem 0x000a0000-0x000bffff window]
[STDERR  ] 2018-11-20T23:07:30.943462173Z: [    0.097008] pci_bus 0000:00: root bus resource [mem 0xc0000000-0xfebfffff window]
[STDERR  ] 2018-11-20T23:07:30.943482106Z: [    0.098007] pci_bus 0000:00: root bus resource [bus 00-ff]
[STDERR  ] 2018-11-20T23:07:30.943495092Z: [    0.172456] pci 0000:00:1f.0: quirk: [io  0x0600-0x067f] claimed by ICH6 ACPI/GPIO/TCO
[STDERR  ] 2018-11-20T23:07:30.943507643Z: [    0.200024] ACPI: PCI Interrupt Link [LNKA] (IRQs 5 *10 11)
[STDERR  ] 2018-11-20T23:07:30.943520028Z: [    0.201319] ACPI: PCI Interrupt Link [LNKB] (IRQs 5 *10 11)
[STDERR  ] 2018-11-20T23:07:30.943539219Z: [    0.202328] ACPI: PCI Interrupt Link [LNKC] (IRQs 5 10 *11)
[STDERR  ] 2018-11-20T23:07:30.943551271Z: [    0.203301] ACPI: PCI Interrupt Link [LNKD] (IRQs 5 10 *11)
[STDERR  ] 2018-11-20T23:07:30.943562727Z: [    0.204309] ACPI: PCI Interrupt Link [LNKE] (IRQs 5 *10 11)
[STDERR  ] 2018-11-20T23:07:30.943575931Z: [    0.206108] ACPI: PCI Interrupt Link [LNKF] (IRQs 5 *10 11)
[STDERR  ] 2018-11-20T23:07:30.943587603Z: [    0.207332] ACPI: PCI Interrupt Link [LNKG] (IRQs 5 10 *11)
[STDERR  ] 2018-11-20T23:07:30.943598994Z: [    0.209037] ACPI: PCI Interrupt Link [LNKH] (IRQs 5 10 *11)
[STDERR  ] 2018-11-20T23:07:30.943611049Z: [    0.210169] ACPI: PCI Interrupt Link [GSIA] (IRQs *16)
[STDERR  ] 2018-11-20T23:07:30.943623710Z: [    0.211027] ACPI: PCI Interrupt Link [GSIB] (IRQs *17)
[STDERR  ] 2018-11-20T23:07:30.943636078Z: [    0.212028] ACPI: PCI Interrupt Link [GSIC] (IRQs *18)
[STDERR  ] 2018-11-20T23:07:30.943648114Z: [    0.213026] ACPI: PCI Interrupt Link [GSID] (IRQs *19)
[STDERR  ] 2018-11-20T23:07:30.943665984Z: [    0.214033] ACPI: PCI Interrupt Link [GSIE] (IRQs *20)
[STDERR  ] 2018-11-20T23:07:30.943678205Z: [    0.215032] ACPI: PCI Interrupt Link [GSIF] (IRQs *21)
[STDERR  ] 2018-11-20T23:07:30.943689761Z: [    0.216035] ACPI: PCI Interrupt Link [GSIG] (IRQs *22)
[STDERR  ] 2018-11-20T23:07:30.943701193Z: [    0.217038] ACPI: PCI Interrupt Link [GSIH] (IRQs *23)
[STDERR  ] 2018-11-20T23:07:30.943713117Z: [    0.219335] SCSI subsystem initialized
[STDERR  ] 2018-11-20T23:07:30.943743616Z: [    0.220106] ACPI: bus type USB registered
[STDERR  ] 2018-11-20T23:07:30.943756128Z: [    0.221037] usbcore: registered new interface driver usbfs
[STDERR  ] 2018-11-20T23:07:30.943773555Z: [    0.222031] usbcore: registered new interface driver hub
[STDERR  ] 2018-11-20T23:07:30.943786335Z: [    0.223041] usbcore: registered new device driver usb
[STDERR  ] 2018-11-20T23:07:30.943798234Z: [    0.224039] pps_core: LinuxPPS API ver. 1 registered
[STDERR  ] 2018-11-20T23:07:30.943811038Z: [    0.225005] pps_core: Software ver. 5.3.6 - Copyright 2005-2007 Rodolfo Giometti <giometti@linux.it>
[STDERR  ] 2018-11-20T23:07:30.943824102Z: [    0.226019] PTP clock support registered
[STDERR  ] 2018-11-20T23:07:30.943835964Z: [    0.227098] PCI: Using ACPI for IRQ routing
[STDERR  ] 2018-11-20T23:07:30.943848091Z: [    0.708340] NetLabel: Initializing
[STDERR  ] 2018-11-20T23:07:30.943859061Z: [    0.709006] NetLabel:  domain hash size = 128
[STDERR  ] 2018-11-20T23:07:30.943870770Z: [    0.710004] NetLabel:  protocols = UNLABELED CIPSOv4 CALIPSO
[STDERR  ] 2018-11-20T23:07:30.943885330Z: [    0.711048] NetLabel:  unlabeled traffic allowed by default
[STDERR  ] 2018-11-20T23:07:30.943897602Z: [    0.713150] HPET: 3 timers in total, 0 timers will be used for per-cpu timer
[STDERR  ] 2018-11-20T23:07:30.943909987Z: [    0.715079] hpet0: at MMIO 0xfed00000, IRQs 2, 8, 0
[STDERR  ] 2018-11-20T23:07:30.943922745Z: [    0.716006] hpet0: 3 comparators, 64-bit 100.000000 MHz counter
[STDERR  ] 2018-11-20T23:07:30.943935235Z: [    0.720043] clocksource: Switched to clocksource kvm-clock
[STDERR  ] 2018-11-20T23:07:30.943947910Z: [    0.748486] VFS: Disk quotas dquot_6.6.0
[STDERR  ] 2018-11-20T23:07:30.943960311Z: [    0.752446] VFS: Dquot-cache hash table entries: 512 (order 0, 4096 bytes)
[STDERR  ] 2018-11-20T23:07:30.943972811Z: [    0.759126] FS-Cache: Loaded
[STDERR  ] 2018-11-20T23:07:30.943985239Z: [    0.762155] CacheFiles: Loaded
[STDERR  ] 2018-11-20T23:07:30.944002060Z: [    0.765219] pnp: PnP ACPI init
[STDERR  ] 2018-11-20T23:07:30.944014624Z: [    0.769423] pnp: PnP ACPI: found 5 devices
[STDERR  ] 2018-11-20T23:07:30.944026874Z: [    0.779701] clocksource: acpi_pm: mask: 0xffffff max_cycles: 0xffffff, max_idle_ns: 2085701024 ns
[STDERR  ] 2018-11-20T23:07:30.944039420Z: [    0.788359] NET: Registered protocol family 2
[STDERR  ] 2018-11-20T23:07:30.944052284Z: [    0.792828] tcp_listen_portaddr_hash hash table entries: 512 (order: 1, 8192 bytes)
[STDERR  ] 2018-11-20T23:07:30.944067537Z: [    0.800215] TCP established hash table entries: 8192 (order: 4, 65536 bytes)
[STDERR  ] 2018-11-20T23:07:30.944085539Z: [    0.806972] TCP bind hash table entries: 8192 (order: 5, 131072 bytes)
[STDERR  ] 2018-11-20T23:07:30.944097901Z: [    0.814007] TCP: Hash tables configured (established 8192 bind 8192)
[STDERR  ] 2018-11-20T23:07:30.944109875Z: [    0.820246] UDP hash table entries: 512 (order: 2, 16384 bytes)
[STDERR  ] 2018-11-20T23:07:30.944121253Z: [    0.825939] UDP-Lite hash table entries: 512 (order: 2, 16384 bytes)
[STDERR  ] 2018-11-20T23:07:30.944132803Z: [    0.832161] NET: Registered protocol family 1
[STDERR  ] 2018-11-20T23:07:30.944145241Z: [    0.836388] NET: Registered protocol family 44
[STDERR  ] 2018-11-20T23:07:30.944156806Z: [    0.840937] pci 0000:00:01.0: Video device with shadowed ROM at [mem 0x000c0000-0x000dffff]
[STDERR  ] 2018-11-20T23:07:30.944169121Z: [    0.849346] Trying to unpack rootfs image as initramfs...
[STDERR  ] 2018-11-20T23:07:30.944186638Z: [    1.377548] Freeing initrd memory: 28200K
[STDERR  ] 2018-11-20T23:07:30.944198812Z: [    1.381735] clocksource: tsc: mask: 0xffffffffffffffff max_cycles: 0x2126e1f35ed, max_idle_ns: 440795240049 ns
[STDERR  ] 2018-11-20T23:07:30.944222135Z: [    1.391843] PCLMULQDQ-NI instructions are not detected.
[STDERR  ] 2018-11-20T23:07:30.944235106Z: [    1.396974] AVX or AES-NI instructions are not detected.
[STDERR  ] 2018-11-20T23:07:30.944246667Z: [    1.402093] CPU feature 'AVX registers' is not supported.
[STDERR  ] 2018-11-20T23:07:30.944259825Z: [    1.407306] CPU feature 'AVX registers' is not supported.
[STDERR  ] 2018-11-20T23:07:30.944272648Z: [    1.412495] CPU feature 'AVX registers' is not supported.
[STDERR  ] 2018-11-20T23:07:30.944287791Z: [    1.417736] CPU feature 'AVX registers' is not supported.
[STDERR  ] 2018-11-20T23:07:30.944301104Z: [    1.423000] AVX2 or AES-NI instructions are not detected.
[STDERR  ] 2018-11-20T23:07:30.944314852Z: [    1.428300] AVX2 instructions are not detected.
[STDERR  ] 2018-11-20T23:07:30.944332365Z: [    1.433311] workingset: timestamp_bits=46 max_order=18 bucket_order=0
[STDERR  ] 2018-11-20T23:07:30.944345658Z: [    1.439985] squashfs: version 4.0 (2009/01/31) Phillip Lougher
[STDERR  ] 2018-11-20T23:07:30.944358222Z: [    1.446334] FS-Cache: Netfs 'cifs' registered for caching
[STDERR  ] 2018-11-20T23:07:30.944371064Z: [    1.451177] fuse init (API version 7.27)
[STDERR  ] 2018-11-20T23:07:30.944384399Z: [    1.454828] SGI XFS with ACLs, security attributes, no debug enabled
[STDERR  ] 2018-11-20T23:07:30.944397427Z: [    1.460591] 9p: Installing v9fs 9p2000 file system support
[STDERR  ] 2018-11-20T23:07:30.944410675Z: [    1.465460] FS-Cache: Netfs '9p' registered for caching
[STDERR  ] 2018-11-20T23:07:30.944423590Z: [    1.470077] pstore: using deflate compression
[STDERR  ] 2018-11-20T23:07:30.944438914Z: [    1.475323] NET: Registered protocol family 38
[STDERR  ] 2018-11-20T23:07:30.944467461Z: [    1.479289] Key type asymmetric registered
[STDERR  ] 2018-11-20T23:07:30.944495522Z: [    1.483085] Asymmetric key parser 'x509' registered
[STDERR  ] 2018-11-20T23:07:30.944508661Z: [    1.487406] Block layer SCSI generic (bsg) driver version 0.4 loaded (major 247)
[STDERR  ] 2018-11-20T23:07:30.944523994Z: [    1.494144] io scheduler noop registered
[STDERR  ] 2018-11-20T23:07:30.944536719Z: [    1.497656] io scheduler deadline registered (default)
[STDERR  ] 2018-11-20T23:07:30.944549083Z: [    1.502206] io scheduler cfq registered
[STDERR  ] 2018-11-20T23:07:30.944561952Z: [    1.505601] io scheduler mq-deadline registered (default)
[STDERR  ] 2018-11-20T23:07:30.944574590Z: [    1.510477] io scheduler kyber registered
[STDERR  ] 2018-11-20T23:07:30.944593763Z: [    1.514183] shpchp: Standard Hot Plug PCI Controller Driver version: 0.4
[STDERR  ] 2018-11-20T23:07:30.944606260Z: [    1.520047] hv_vmbus: registering driver hyperv_fb
[STDERR  ] 2018-11-20T23:07:30.944619703Z: [    1.524390] input: Power Button as /devices/LNXSYSTM:00/LNXPWRBN:00/input/input0
[STDERR  ] 2018-11-20T23:07:30.944635140Z: [    1.530603] ACPI: Power Button [PWRF]
[STDERR  ] 2018-11-20T23:07:30.944653734Z: [    1.534598] PCI Interrupt Link [GSIG] enabled at IRQ 22
[STDERR  ] 2018-11-20T23:07:30.944666584Z: [    1.545531] PCI Interrupt Link [GSIH] enabled at IRQ 23
[STDERR  ] 2018-11-20T23:07:30.944678038Z: [    1.556297] Serial: 8250/16550 driver, 4 ports, IRQ sharing disabled
[STDERR  ] 2018-11-20T23:07:30.944690836Z: [    1.596380] 00:04: ttyS0 at I/O 0x3f8 (irq = 4, base_baud = 115200) is a 16550A
[STDERR  ] 2018-11-20T23:07:30.944703361Z: [    1.604465] Non-volatile memory driver v1.3
[STDERR  ] 2018-11-20T23:07:30.944716507Z: [    1.610376] Hangcheck: starting hangcheck timer 0.9.1 (tick is 180 seconds, margin is 60 seconds).
[STDERR  ] 2018-11-20T23:07:30.944731320Z: [    1.619231] random: fast init done
[STDERR  ] 2018-11-20T23:07:30.944743652Z: [    1.623912] random: crng init done
[STDERR  ] 2018-11-20T23:07:30.944755390Z: [    1.628411] brd: module loaded
[STDERR  ] 2018-11-20T23:07:30.944773515Z: [    1.633960] loop: module loaded
[STDERR  ] 2018-11-20T23:07:30.944785932Z: [    1.641138] lpc_ich 0000:00:1f.0: I/O space for GPIO uninitialized
[STDERR  ] 2018-11-20T23:07:30.944798290Z: [    1.647220] VMware PVSCSI driver - version 1.0.7.0-k
[STDERR  ] 2018-11-20T23:07:30.944810682Z: [    1.652067] hv_vmbus: registering driver hv_storvsc
[STDERR  ] 2018-11-20T23:07:30.944822229Z: [    1.657449] PCI Interrupt Link [GSIA] enabled at IRQ 16
[STDERR  ] 2018-11-20T23:07:30.944834972Z: [    1.666277] ahci 0000:00:1f.2: AHCI 0001.0000 32 slots 6 ports 1.5 Gbps 0x3f impl SATA mode
[STDERR  ] 2018-11-20T23:07:30.944849730Z: [    1.674298] ahci 0000:00:1f.2: flags: 64bit ncq only 
[STDERR  ] 2018-11-20T23:07:30.945326656Z: [    1.683167] scsi host0: ahci
[STDERR  ] 2018-11-20T23:07:30.945340834Z: [    1.686302] scsi host1: ahci
[STDERR  ] 2018-11-20T23:07:30.945353542Z: [    1.689273] scsi host2: ahci
[STDERR  ] 2018-11-20T23:07:30.945365770Z: [    1.692184] scsi host3: ahci
[STDERR  ] 2018-11-20T23:07:30.945382531Z: [    1.695121] scsi host4: ahci
[STDERR  ] 2018-11-20T23:07:30.945395536Z: [    1.698158] scsi host5: ahci
[STDERR  ] 2018-11-20T23:07:30.945418765Z: [    1.701121] ata1: SATA max UDMA/133 abar m4096@0xfebd2000 port 0xfebd2100 irq 24
[STDERR  ] 2018-11-20T23:07:30.945432634Z: [    1.708190] ata2: SATA max UDMA/133 abar m4096@0xfebd2000 port 0xfebd2180 irq 24
[STDERR  ] 2018-11-20T23:07:30.945445465Z: [    1.715354] ata3: SATA max UDMA/133 abar m4096@0xfebd2000 port 0xfebd2200 irq 24
[STDERR  ] 2018-11-20T23:07:30.945480869Z: [    1.722499] ata4: SATA max UDMA/133 abar m4096@0xfebd2000 port 0xfebd2280 irq 24
[STDERR  ] 2018-11-20T23:07:30.945494474Z: [    1.729614] ata5: SATA max UDMA/133 abar m4096@0xfebd2000 port 0xfebd2300 irq 24
[STDERR  ] 2018-11-20T23:07:30.945506475Z: [    1.736567] ata6: SATA max UDMA/133 abar m4096@0xfebd2000 port 0xfebd2380 irq 24
[STDERR  ] 2018-11-20T23:07:30.945518731Z: [    1.745329] tun: Universal TUN/TAP device driver, 1.6
[STDERR  ] 2018-11-20T23:07:30.945532460Z: [    1.755093] VMware vmxnet3 virtual NIC driver - version 1.4.16.0-k-NAPI
[STDERR  ] 2018-11-20T23:07:30.945544159Z: [    1.760835] hv_vmbus: registering driver hv_netvsc
[STDERR  ] 2018-11-20T23:07:30.945556088Z: [    1.765053] Fusion MPT base driver 3.04.20
[STDERR  ] 2018-11-20T23:07:30.945568909Z: [    1.768593] Copyright (c) 1999-2008 LSI Corporation
[STDERR  ] 2018-11-20T23:07:30.945580992Z: [    1.772874] Fusion MPT SPI Host driver 3.04.20
[STDERR  ] 2018-11-20T23:07:30.945593400Z: [    1.776836] i8042: PNP: PS/2 Controller [PNP0303:KBD,PNP0f13:MOU] at 0x60,0x64 irq 1,12
[STDERR  ] 2018-11-20T23:07:30.945610546Z: [    1.787656] serio: i8042 KBD port at 0x60,0x64 irq 1
[STDERR  ] 2018-11-20T23:07:30.945622333Z: [    1.791946] serio: i8042 AUX port at 0x60,0x64 irq 12
[STDERR  ] 2018-11-20T23:07:30.945633667Z: [    1.796310] hv_vmbus: registering driver hyperv_keyboard
[STDERR  ] 2018-11-20T23:07:30.945646190Z: [    1.800909] mousedev: PS/2 mouse device common for all mice
[STDERR  ] 2018-11-20T23:07:30.945658341Z: [    1.807123] input: AT Translated Set 2 keyboard as /devices/platform/i8042/serio0/input/input1
[STDERR  ] 2018-11-20T23:07:30.945676918Z: [    1.814831] input: PC Speaker as /devices/platform/pcspkr/input/input2
[STDERR  ] 2018-11-20T23:07:30.945688738Z: [    1.820887] rtc_cmos 00:00: RTC can wake from S4
[STDERR  ] 2018-11-20T23:07:30.945700370Z: [    1.828344] rtc_cmos 00:00: registered as rtc0
[STDERR  ] 2018-11-20T23:07:30.945712287Z: [    1.832264] rtc_cmos 00:00: alarms up to one day, y3k, 114 bytes nvram, hpet irqs
[STDERR  ] 2018-11-20T23:07:30.945728482Z: [    1.838771] i2c /dev entries driver
[STDERR  ] 2018-11-20T23:07:30.945741117Z: [    1.842250] device-mapper: ioctl: 4.39.0-ioctl (2018-04-03) initialised: dm-devel@redhat.com
[STDERR  ] 2018-11-20T23:07:30.945752978Z: [    1.850006] usbcore: registered new interface driver usbhid
[STDERR  ] 2018-11-20T23:07:30.945764432Z: [    1.854931] usbhid: USB HID core driver
[STDERR  ] 2018-11-20T23:07:30.945780942Z: [    1.858391] hv_utils: Registering HyperV Utility Driver
[STDERR  ] 2018-11-20T23:07:30.945792261Z: [    1.863001] hv_vmbus: registering driver hv_util
[STDERR  ] 2018-11-20T23:07:30.945804636Z: [    1.867059] hv_vmbus: registering driver hv_balloon
[STDERR  ] 2018-11-20T23:07:30.945816962Z: [    1.871355] oprofile: using NMI interrupt.
[STDERR  ] 2018-11-20T23:07:30.945829375Z: [    1.875102] GACT probability on
[STDERR  ] 2018-11-20T23:07:30.945841773Z: [    1.878079] Mirror/redirect action on
[STDERR  ] 2018-11-20T23:07:30.945854088Z: [    1.881341] Simple TC action Loaded
[STDERR  ] 2018-11-20T23:07:30.945867280Z: [    1.884463] u32 classifier
[STDERR  ] 2018-11-20T23:07:30.945879654Z: [    1.886951]     Performance counters on
[STDERR  ] 2018-11-20T23:07:30.945892042Z: [    1.890349]     input device check on
[STDERR  ] 2018-11-20T23:07:30.945905130Z: [    1.893617]     Actions configured
[STDERR  ] 2018-11-20T23:07:30.945918587Z: [    1.896870] xt_time: kernel timezone is -0000
[STDERR  ] 2018-11-20T23:07:30.945931109Z: [    1.900761] IPVS: Registered protocols (TCP, UDP, SCTP, AH, ESP)
[STDERR  ] 2018-11-20T23:07:30.945944415Z: [    1.906086] IPVS: Connection hash table configured (size=4096, memory=64Kbytes)
[STDERR  ] 2018-11-20T23:07:30.945956830Z: [    1.912573] IPVS: ipvs loaded.
[STDERR  ] 2018-11-20T23:07:30.945970267Z: [    1.915354] IPVS: [rr] scheduler registered.
[STDERR  ] 2018-11-20T23:07:30.945983208Z: [    1.919094] IPVS: [wrr] scheduler registered.
[STDERR  ] 2018-11-20T23:07:30.945995455Z: [    1.922853] IPVS: [lc] scheduler registered.
[STDERR  ] 2018-11-20T23:07:30.946007743Z: [    1.926578] IPVS: [wlc] scheduler registered.
[STDERR  ] 2018-11-20T23:07:30.946020500Z: [    1.930431] IPVS: [fo] scheduler registered.
[STDERR  ] 2018-11-20T23:07:30.946033207Z: [    1.934199] IPVS: [ovf] scheduler registered.
[STDERR  ] 2018-11-20T23:07:30.946045207Z: [    1.938047] IPVS: [lblc] scheduler registered.
[STDERR  ] 2018-11-20T23:07:30.946057935Z: [    1.942150] IPVS: [lblcr] scheduler registered.
[STDERR  ] 2018-11-20T23:07:30.946070722Z: [    1.946163] IPVS: [dh] scheduler registered.
[STDERR  ] 2018-11-20T23:07:30.946083267Z: [    1.949953] IPVS: [sh] scheduler registered.
[STDERR  ] 2018-11-20T23:07:30.946095279Z: [    1.954143] IPVS: [mh] scheduler registered.
[STDERR  ] 2018-11-20T23:07:30.946107606Z: [    1.957916] IPVS: [sed] scheduler registered.
[STDERR  ] 2018-11-20T23:07:30.946121252Z: [    1.961958] IPVS: [nq] scheduler registered.
[STDERR  ] 2018-11-20T23:07:30.946133134Z: [    1.965755] IPVS: ftp: loaded support on port[0] = 21
[STDERR  ] 2018-11-20T23:07:30.946146238Z: [    1.970484] ipip: IPv4 and MPLS over IPv4 tunneling driver
[STDERR  ] 2018-11-20T23:07:30.946159508Z: [    1.975758] gre: GRE over IPv4 demultiplexor driver
[STDERR  ] 2018-11-20T23:07:30.946172059Z: [    1.980208] ipt_CLUSTERIP: ClusterIP Version 0.8 loaded successfully
[STDERR  ] 2018-11-20T23:07:30.946184529Z: [    1.986121] NET: Registered protocol family 10
[STDERR  ] 2018-11-20T23:07:30.946195866Z: [    1.990435] Segment Routing with IPv6
[STDERR  ] 2018-11-20T23:07:30.946214017Z: [    1.994322] NET: Registered protocol family 17
[STDERR  ] 2018-11-20T23:07:30.946225906Z: [    1.998321] Bridge firewalling registered
[STDERR  ] 2018-11-20T23:07:30.946238236Z: [    2.002232] 8021q: 802.1Q VLAN Support v1.8
[STDERR  ] 2018-11-20T23:07:30.946250712Z: [    2.006155] 9pnet: Installing 9P2000 support
[STDERR  ] 2018-11-20T23:07:30.946262213Z: [    2.010198] Key type dns_resolver registered
[STDERR  ] 2018-11-20T23:07:30.946273987Z: [    2.014277] registered taskstats version 1
[STDERR  ] 2018-11-20T23:07:30.946285300Z: [    2.032741] Key type big_key registered
[STDERR  ] 2018-11-20T23:07:30.946300146Z: [    2.040578] Key type trusted registered
[STDERR  ] 2018-11-20T23:07:30.946311475Z: [    2.048438] Key type encrypted registered
[STDERR  ] 2018-11-20T23:07:30.946323744Z: [    2.052707] ima: No TPM chip found, activating TPM-bypass! (rc=-19)
[STDERR  ] 2018-11-20T23:07:30.946335991Z: [    2.059733] ata5: SATA link down (SStatus 0 SControl 300)
[STDERR  ] 2018-11-20T23:07:30.946367849Z: [    2.065804] ata4: SATA link down (SStatus 0 SControl 300)
[STDERR  ] 2018-11-20T23:07:30.946380382Z: [    2.072071] ata3: SATA link up 1.5 Gbps (SStatus 113 SControl 300)
[STDERR  ] 2018-11-20T23:07:30.946391778Z: [    2.079074] ata2: SATA link down (SStatus 0 SControl 300)
[STDERR  ] 2018-11-20T23:07:30.946404111Z: [    2.085124] ata1: SATA link down (SStatus 0 SControl 300)
[STDERR  ] 2018-11-20T23:07:30.946416389Z: [    2.091241] ata6: SATA link down (SStatus 0 SControl 300)
[STDERR  ] 2018-11-20T23:07:30.946427808Z: [    2.096700] ima: Allocated hash algorithm: sha256
[STDERR  ] 2018-11-20T23:07:30.946439390Z: [    2.101290] ata3.00: ATAPI: QEMU DVD-ROM, 2.5+, max UDMA/100
[STDERR  ] 2018-11-20T23:07:30.946449522Z: [    2.106790] ata3.00: applying bridge limits
[STDERR  ] 2018-11-20T23:07:30.946476561Z: [    2.111263] evm: Initialising EVM extended attributes:
[STDERR  ] 2018-11-20T23:07:30.946488578Z: [    2.116247] evm: security.ima
[STDERR  ] 2018-11-20T23:07:30.946500234Z: [    2.119202] evm: security.capability
[STDERR  ] 2018-11-20T23:07:30.946511429Z: [    2.122707] evm: HMAC attrs: 0x1
[STDERR  ] 2018-11-20T23:07:30.946522624Z: [    2.126256] ata3.00: configured for UDMA/100
[STDERR  ] 2018-11-20T23:07:30.946534408Z: [    2.131548] scsi 2:0:0:0: CD-ROM            QEMU     QEMU DVD-ROM     2.5+ PQ: 0 ANSI: 5
[STDERR  ] 2018-11-20T23:07:30.946546127Z: [    2.140360] rtc_cmos 00:00: setting system clock to 2018-11-20 23:07:26 UTC (1542755246)
[STDERR  ] 2018-11-20T23:07:30.946558657Z: [    2.149513] Unstable clock detected, switching default tracing clock to "global"
[STDERR  ] 2018-11-20T23:07:30.946571350Z: [    2.149513] If you want to keep using the local clock, then add:
[STDERR  ] 2018-11-20T23:07:30.946584728Z: [    2.149513]   "trace_clock=local"
[STDERR  ] 2018-11-20T23:07:30.946597197Z: [    2.149513] on the kernel command line
[STDERR  ] 2018-11-20T23:07:30.946609515Z: [    2.172081] sr 2:0:0:0: [sr0] scsi3-mmc drive: 4x/4x cd/rw xa/form2 tray
[STDERR  ] 2018-11-20T23:07:30.946621208Z: [    2.178560] cdrom: Uniform CD-ROM driver Revision: 3.20
[STDERR  ] 2018-11-20T23:07:30.946633026Z: [    2.184237] sr 2:0:0:0: Attached scsi generic sg0 type 5
[STDERR  ] 2018-11-20T23:07:30.946644495Z: [    2.191977] Freeing unused kernel image memory: 1584K
[STDERR  ] 2018-11-20T23:07:30.946660772Z: [    2.199127] Write protecting the kernel read-only data: 18432k
[STDERR  ] 2018-11-20T23:07:30.946672372Z: [    2.205901] Freeing unused kernel image memory: 2028K
[STDERR  ] 2018-11-20T23:07:30.946684440Z: [    2.211281] Freeing unused kernel image memory: 988K
[STDERR  ] 2018-11-20T23:07:30.946696674Z: 
[STDERR  ] 2018-11-20T23:07:30.946707651Z: Welcome to LinuxKit
[STDERR  ] 2018-11-20T23:07:30.946719272Z: 
[STDERR  ] 2018-11-20T23:07:30.946730053Z:                         ##         .
[STDERR  ] 2018-11-20T23:07:30.946742187Z:                   ## ## ##        ==
[STDERR  ] 2018-11-20T23:07:30.946753944Z:                ## ## ## ## ##    ===
[STDERR  ] 2018-11-20T23:07:30.946764861Z:            /"""""""""""""""""\___/ ===
[STDERR  ] 2018-11-20T23:07:30.946785762Z:           {                       /  ===-
[STDERR  ] 2018-11-20T23:07:30.946798847Z:            \______ O           __/
[STDERR  ] 2018-11-20T23:07:30.946810444Z:              \    \         __/
[STDERR  ] 2018-11-20T23:07:30.946822324Z:               \____\_______/
[STDERR  ] 2018-11-20T23:07:30.946832963Z: 
[STDERR  ] 2018-11-20T23:07:30.946843893Z: [    2.643011] hello_world: loading out-of-tree module taints kernel.
[STDERR  ] 2018-11-20T23:07:30.946856291Z: [    2.650151] Hello LinuxKit
[STDERR  ] 2018-11-20T23:07:30.946867925Z: [    2.656812] Goodbye LinuxKit.
[STDERR  ] 2018-11-20T23:07:30.946878380Z: Linux linuxkit-66f9a507b6ed 4.18.19-linuxkit #1 SMP Thu Nov 15 23:53:42 UTC 2018 x86_64 Linux
[STDERR  ] 2018-11-20T23:07:30.946889817Z: filename:       hello_world.ko
[STDERR  ] 2018-11-20T23:07:30.946906414Z: author:         Rolf Neugebauer <rolf.neugebauer@docker.com>
[STDERR  ] 2018-11-20T23:07:30.946922852Z: description:    A simple Hello World kernel module for testing
[STDERR  ] 2018-11-20T23:07:30.946935452Z: license:        GPL
[STDERR  ] 2018-11-20T23:07:30.946948225Z: depends:        
[STDERR  ] 2018-11-20T23:07:30.946961040Z: vermagic:       4.18.19-linuxkit SMP mod_unload modversions RANDSTRUCT_PLUGIN_070d2ffd19e877ae0efccffd82485a3e922a4e5c047ddb901729a87cbcb63d02
[STDERR  ] 2018-11-20T23:07:30.946975948Z: Kernel module test suite PASSED
[STDERR  ] 2018-11-20T23:07:30.946988388Z: [    5.752546] ACPI: Preparing to enter system sleep state S5
[STDERR  ] 2018-11-20T23:07:30.947001160Z: [    5.758512] reboot: Power down
[STDERR  ] 2018-11-20T23:07:30.947012344Z: + exit 0
[STDERR  ] 2018-11-20T23:07:30.947025498Z: + clean_up
[STDERR  ] 2018-11-20T23:07:30.947037878Z: + docker rmi kmod-test
[STDOUT  ] 2018-11-20T23:07:31.569032904Z: Untagged: kmod-test:latest
[STDOUT  ] 2018-11-20T23:07:31.569091098Z: Deleted: sha256:69bb81078fde4a1ad694d16c45b4990e75dd6fdaf0fedc2de3a90595de871aaf
[STDOUT  ] 2018-11-20T23:07:31.569102404Z: Deleted: sha256:a723d13cac4e2a0998bef23fde0897bed74ddf89ea817ea11c39bc702d1b2a25
[STDOUT  ] 2018-11-20T23:07:31.569111393Z: Deleted: sha256:ca55856174b874e9294c0ecccb5ec76a88fd892bed1558e886b42045f0abb695
[STDOUT  ] 2018-11-20T23:07:31.569119117Z: Deleted: sha256:a13cd9b64adf064d0181b4d1a1a75700d25111bb7849dad52d9cd7907643f238
[STDOUT  ] 2018-11-20T23:07:31.569125599Z: Deleted: sha256:66774c37d51cea5867bbf2a86c0dfb121aeaf416b1679031fa95174f84d3ac6d
[STDERR  ] 2018-11-20T23:07:31.570383204Z: + rm -rf kmod-cmdline kmod-initrd.img kmod-kernel kmod-state
[PASS    ] linuxkit.kernel.kmod_4.18.x 36.64s
