[INFO    ] 2018-05-12T18:23:47.391510958Z: Running Test linuxkit.kernel.kmod_4.4.x in /tmp/with_clone15ccbe26/test/cases/020_kernel/010_kmod_4.4.x
[STDERR  ] 2018-05-12T18:23:47.391718115Z: 
[STDERR  ] 2018-05-12T18:23:47.391768046Z: Kernel config test suite PASSED
[STDERR  ] 2018-05-12T18:23:47.391804495Z: [   58.214242] ACPI: Preparing to enter system sleep state S5
[INFO    ] 2018-05-12T18:23:47.391835619Z: Running command: [/bin/sh -x /tmp/with_clone15ccbe26/test/cases/020_kernel/010_kmod_4.4.x/test.sh]
[STDERR  ] 2018-05-12T18:23:47.391848215Z: [   58.218939] reboot: Power down
[STDERR  ] 2018-05-12T18:23:47.391877552Z: + grep -q suite PASSED
[STDERR  ] 2018-05-12T18:23:47.391910661Z: + echo [    0.000000] Linux version 4.16.8-linuxkit (root@b84e8ed01a2a) (gcc version 6.4.0 (Alpine 6.4.0)) #1 SMP Thu May 10 09:57:03 UTC 2018
[STDERR  ] 2018-05-12T18:23:47.391948258Z: [    0.000000] Command line: console=ttyS0 console=ttyAMA0
[STDERR  ] 2018-05-12T18:23:47.391977016Z: [    0.000000] x86/fpu: x87 FPU will use FXSAVE
[STDERR  ] 2018-05-12T18:23:47.392009985Z: [    0.000000] e820: BIOS-provided physical RAM map:
[STDERR  ] 2018-05-12T18:23:47.392041382Z: [    0.000000] BIOS-e820: [mem 0x0000000000000000-0x000000000009fbff] usable
[STDERR  ] 2018-05-12T18:23:47.392072348Z: [    0.000000] BIOS-e820: [mem 0x000000000009fc00-0x000000000009ffff] reserved
[STDERR  ] 2018-05-12T18:23:47.392101471Z: [    0.000000] BIOS-e820: [mem 0x00000000000f0000-0x00000000000fffff] reserved
[STDERR  ] 2018-05-12T18:23:47.392128488Z: [    0.000000] BIOS-e820: [mem 0x0000000000100000-0x000000003ffdefff] usable
[STDERR  ] 2018-05-12T18:23:47.392154636Z: [    0.000000] BIOS-e820: [mem 0x000000003ffdf000-0x000000003fffffff] reserved
[STDERR  ] 2018-05-12T18:23:47.392183185Z: [    0.000000] BIOS-e820: [mem 0x00000000b0000000-0x00000000bfffffff] reserved
[STDERR  ] 2018-05-12T18:23:47.392212173Z: [    0.000000] BIOS-e820: [mem 0x00000000fed1c000-0x00000000fed1ffff] reserved
[STDERR  ] 2018-05-12T18:23:47.392240176Z: [    0.000000] BIOS-e820: [mem 0x00000000f
[STDERR  ] 2018-05-12T18:23:47.392806101Z: + set -e
[STDERR  ] 2018-05-12T18:23:47.392902796Z: + . /tmp/with_clone15ccbe26/test/cases/_lib/lib.sh
[STDERR  ] 2018-05-12T18:23:47.392937038Z: + [ -f src/github.com/linuxkit/rtf/lib/lib.sh ]
[STDERR  ] 2018-05-12T18:23:47.393014123Z: + LINUXKIT_TMPDIR=/tmp/with_clone15ccbe26/test/cases/_tmp
[STDERR  ] 2018-05-12T18:23:47.393888101Z: + [ -f /tmp/with_clone15ccbe26/test/cases/_tmp/env.sh ]
[STDERR  ] 2018-05-12T18:23:47.393945279Z: + . /tmp/with_clone15ccbe26/test/cases/_tmp/env.sh
[STDERR  ] 2018-05-12T18:23:47.394001972Z: + export LINUXKIT_EXAMPLES_DIR=/tmp/with_clone15ccbe26/test/cases/../../examples
[STDERR  ] 2018-05-12T18:23:47.394036412Z: + RT_CANCEL=253
[STDERR  ] 2018-05-12T18:23:47.394067446Z: + NAME=kmod
[STDERR  ] 2018-05-12T18:23:47.394143609Z: + IMAGE_NAME=kmod-test
[STDERR  ] 2018-05-12T18:23:47.394189648Z: + trap clean_up EXIT
[STDERR  ] 2018-05-12T18:23:47.394228141Z: + docker pull linuxkit/kernel:4.4.131
[STDOUT  ] 2018-05-12T18:23:48.752595991Z: 4.4.131: Pulling from linuxkit/kernel
[STDOUT  ] 2018-05-12T18:23:49.132638753Z: Digest: sha256:f19b0c6eb54c94a0a30103ea93df3e0ad0a416f4cdb95df23125bc047a9bee69
[STDOUT  ] 2018-05-12T18:23:49.132739036Z: Status: Image is up to date for linuxkit/kernel:4.4.131
[STDERR  ] 2018-05-12T18:23:49.134302176Z: + docker build -t kmod-test .
[STDOUT  ] 2018-05-12T18:23:49.154669482Z: Sending build context to Docker daemon 8.704 kB
[STDOUT  ] 2018-05-12T18:23:49.270864364Z: Step 1/12 : FROM linuxkit/kernel:4.4.131 AS ksrc
[STDOUT  ] 2018-05-12T18:23:49.311081518Z:  ---> af624f2af9b9
[STDOUT  ] 2018-05-12T18:23:49.311176108Z: Step 2/12 : FROM linuxkit/alpine:f3cd219615428b2bd943411723eb28875275fae7 AS build
[STDOUT  ] 2018-05-12T18:23:49.311235842Z:  ---> 9577d6001cc2
[STDOUT  ] 2018-05-12T18:23:49.311261545Z: Step 3/12 : RUN apk add build-base libelf-dev
[STDOUT  ] 2018-05-12T18:23:49.311287585Z:  ---> Using cache
[STDOUT  ] 2018-05-12T18:23:49.311302427Z:  ---> 5c97ff82721e
[STDOUT  ] 2018-05-12T18:23:49.311315702Z: Step 4/12 : COPY --from=ksrc /kernel-dev.tar /
[STDOUT  ] 2018-05-12T18:23:49.787973947Z:  ---> Using cache
[STDOUT  ] 2018-05-12T18:23:49.788124329Z:  ---> 682a84f83317
[STDOUT  ] 2018-05-12T18:23:49.788155577Z: Step 5/12 : RUN tar xf kernel-dev.tar
[STDOUT  ] 2018-05-12T18:23:49.788327062Z:  ---> Using cache
[STDOUT  ] 2018-05-12T18:23:49.788377089Z:  ---> cdbcc427345a
[STDOUT  ] 2018-05-12T18:23:49.788403482Z: Step 6/12 : WORKDIR /kmod
[STDOUT  ] 2018-05-12T18:23:49.788427457Z:  ---> Using cache
[STDOUT  ] 2018-05-12T18:23:49.788453319Z:  ---> 571a3c98de4c
[STDOUT  ] 2018-05-12T18:23:49.788473079Z: Step 7/12 : COPY ./src/* ./
[STDOUT  ] 2018-05-12T18:23:49.788493489Z:  ---> Using cache
[STDOUT  ] 2018-05-12T18:23:49.788513384Z:  ---> d3e7dbdadf95
[STDOUT  ] 2018-05-12T18:23:49.788540432Z: Step 8/12 : RUN make all
[STDOUT  ] 2018-05-12T18:23:49.788558459Z:  ---> Using cache
[STDOUT  ] 2018-05-12T18:23:49.788572082Z:  ---> 8e19f3f14832
[STDOUT  ] 2018-05-12T18:23:49.788586102Z: Step 9/12 : FROM alpine:3.7
[STDOUT  ] 2018-05-12T18:23:49.788600024Z:  ---> 3fd9065eaf02
[STDOUT  ] 2018-05-12T18:23:49.788613424Z: Step 10/12 : COPY --from=build /kmod/hello_world.ko /
[STDOUT  ] 2018-05-12T18:23:50.271300249Z:  ---> 1f84096b0a57
[STDOUT  ] 2018-05-12T18:23:50.275849208Z: Removing intermediate container a1e2f3842d51
[STDOUT  ] 2018-05-12T18:23:50.276106353Z: Step 11/12 : COPY check.sh /check.sh
[STDOUT  ] 2018-05-12T18:23:50.759168938Z:  ---> c5f17b60b2d9
[STDOUT  ] 2018-05-12T18:23:50.763415504Z: Removing intermediate container f724d0233258
[STDOUT  ] 2018-05-12T18:23:50.763493413Z: Step 12/12 : ENTRYPOINT /bin/sh /check.sh
[STDOUT  ] 2018-05-12T18:23:50.875159075Z:  ---> Running in cc591c0a7eb8
[STDOUT  ] 2018-05-12T18:23:51.039765420Z:  ---> 8fa01e8971c2
[STDOUT  ] 2018-05-12T18:23:51.043815435Z: Removing intermediate container cc591c0a7eb8
[STDOUT  ] 2018-05-12T18:23:51.043860995Z: Successfully built 8fa01e8971c2
[STDOUT  ] 2018-05-12T18:23:51.051206637Z: Successfully tagged kmod-test:latest
[STDERR  ] 2018-05-12T18:23:51.137329504Z: + linuxkit build -format kernel+initrd -name kmod test.yml
[STDERR  ] 2018-05-12T18:23:51.175398186Z: Extract kernel image: linuxkit/kernel:4.4.131
[STDERR  ] 2018-05-12T18:23:54.646788399Z: Add init containers:
[STDERR  ] 2018-05-12T18:23:54.646896309Z: Process init image: linuxkit/init:v0.4
[STDERR  ] 2018-05-12T18:23:56.379183915Z: Process init image: linuxkit/runc:v0.4
[STDERR  ] 2018-05-12T18:23:57.911220673Z: Add onboot containers:
[STDERR  ] 2018-05-12T18:23:57.911331174Z:   Create OCI config for kmod-test
[STDERR  ] 2018-05-12T18:23:58.146556022Z:   Create OCI config for linuxkit/poweroff:d75d94d9603bde9ab95b914deed0d069d05d8b20
[STDERR  ] 2018-05-12T18:23:59.576395717Z: Create outputs:
[STDERR  ] 2018-05-12T18:24:04.049186298Z:   kmod-kernel kmod-initrd.img kmod-cmdline
[STDERR  ] 2018-05-12T18:24:04.101961877Z: + linuxkit run kmod
[STDERR  ] 2018-05-12T18:24:25.283806684Z: + RESULT=[    0.000000] Initializing cgroup subsys cpuset
[STDERR  ] 2018-05-12T18:24:25.283932426Z: [    0.000000] Initializing cgroup subsys cpu
[STDERR  ] 2018-05-12T18:24:25.283969616Z: [    0.000000] Initializing cgroup subsys cpuacct
[STDERR  ] 2018-05-12T18:24:25.284003017Z: [    0.000000] Linux version 4.4.131-linuxkit (root@747a3747bc3f) (gcc version 6.4.0 (Alpine 6.4.0) ) #1 SMP Thu May 10 10:32:36 UTC 2018
[STDERR  ] 2018-05-12T18:24:25.284039370Z: [    0.000000] Command line: console=ttyS0 console=ttyAMA0
[STDERR  ] 2018-05-12T18:24:25.284075075Z: [    0.000000] x86/fpu: Legacy x87 FPU detected.
[STDERR  ] 2018-05-12T18:24:25.284110640Z: [    0.000000] x86/fpu: Using 'lazy' FPU context switches.
[STDERR  ] 2018-05-12T18:24:25.284225886Z: [    0.000000] e820: BIOS-provided physical RAM map:
[STDERR  ] 2018-05-12T18:24:25.284257765Z: [    0.000000] BIOS-e820: [mem 0x0000000000000000-0x000000000009fbff] usable
[STDERR  ] 2018-05-12T18:24:25.284297305Z: [    0.000000] BIOS-e820: [mem 0x000000000009fc00-0x000000000009ffff] reserved
[STDERR  ] 2018-05-12T18:24:25.284331618Z: [    0.000000] BIOS-e820: [mem 0x00000000000f0000-0x00000000000fffff] reserved
[STDERR  ] 2018-05-12T18:24:25.284374275Z: [    0.000000] BIOS-e820: [mem 0x0000000000100000-0x000000003ffdefff] usable
[STDERR  ] 2018-05-12T18:24:25.284433386Z: [    0.000000] BIOS-e820: [mem 0x000000003ffdf000-0x000000003fffffff] reserved
[STDERR  ] 2018-05-12T18:24:25.284527008Z: [    0.000000] BIOS-e820: [mem 0x00000000b0000000-0x00000000bfffffff] reserved
[STDERR  ] 2018-05-12T18:24:25.284566410Z: [    0.000000] BIOS-e820: [mem 0x00000000fed1c000-0x00000000fed1ffff] reserved
[STDERR  ] 2018-05-12T18:24:25.284592516Z: [    0.000000] BIOS-e820: [mem 0x00000000fffc0000-0x00000000ffffffff] reserved
[STDERR  ] 2018-05-12T18:24:25.284618620Z: [    0.000000] NX (Execute Disable) protection: active
[STDERR  ] 2018-05-12T18:24:25.284655926Z: [    0.000000] SMBIOS 2.8 present.
[STDERR  ] 2018-05-12T18:24:25.284687325Z: [    0.000000] Kernel/User page tables isolation: disabled
[STDERR  ] 2018-05-12T18:24:25.284717068Z: [    0.000000] e820: last_pfn = 0x3ffdf max_arch_pfn = 0x400000000
[STDERR  ] 2018-05-12T18:24:25.284737728Z: [    0.000000] x86/PAT: Configuration [0-7]: WB  WC  UC- UC  WB  WC  UC- WT  
[STDERR  ] 2018-05-12T18:24:25.284776322Z: [    0.000000] found SMP MP-table at [mem 0x000f6aa0-0x000f6aaf] mapped at [ffff8800000f6aa0]
[STDERR  ] 2018-05-12T18:24:25.284804266Z: [    0.000000] RAMDISK: [mem 0x3e889000-0x3ffcffff]
[STDERR  ] 2018-05-12T18:24:25.284823695Z: [    0.000000] ACPI: Early table checksum verification disabled
[STDERR  ] 2018-05-12T18:24:25.284846296Z: [    0.000000] ACPI: RSDP 0x00000000000F68C0 000014 (v00 BOCHS )
[STDERR  ] 2018-05-12T18:24:25.284885398Z: [    0.000000] ACPI: RSDT 0x000000003FFE2404 000034 (v01 BOCHS  BXPCRSDT 00000001 BXPC 00000001)
[STDERR  ] 2018-05-12T18:24:25.284912738Z: [    0.000000] ACPI: FACP 0x000000003FFE22A4 000074 (v01 BOCHS  BXPCFACP 00000001 BXPC 00000001)
[STDERR  ] 2018-05-12T18:24:25.284949892Z: [    0.000000] ACPI: DSDT 0x000000003FFE0040 002264 (v01 BOCHS  BXPCDSDT 00000001 BXPC 00000001)
[STDERR  ] 2018-05-12T18:24:25.284991968Z: [    0.000000] ACPI: FACS 0x000000003FFE0000 000040
[STDERR  ] 2018-05-12T18:24:25.285030606Z: [    0.000000] ACPI: APIC 0x000000003FFE2318 000078 (v01 BOCHS  BXPCAPIC 00000001 BXPC 00000001)
[STDERR  ] 2018-05-12T18:24:25.285066045Z: [    0.000000] ACPI: HPET 0x000000003FFE2390 000038 (v01 BOCHS  BXPCHPET 00000001 BXPC 00000001)
[STDERR  ] 2018-05-12T18:24:25.285091840Z: [    0.000000] ACPI: MCFG 0x000000003FFE23C8 00003C (v01 BOCHS  BXPCMCFG 00000001 BXPC 00000001)
[STDERR  ] 2018-05-12T18:24:25.285127618Z: [    0.000000] Zone ranges:
[STDERR  ] 2018-05-12T18:24:25.285154938Z: [    0.000000]   DMA      [mem 0x0000000000001000-0x0000000000ffffff]
[STDERR  ] 2018-05-12T18:24:25.285180572Z: [    0.000000]   DMA32    [mem 0x0000000001000000-0x000000003ffdefff]
[STDERR  ] 2018-05-12T18:24:25.285210333Z: [    0.000000]   Normal   empty
[STDERR  ] 2018-05-12T18:24:25.285235763Z: [    0.000000] Movable zone start for each node
[STDERR  ] 2018-05-12T18:24:25.285260355Z: [    0.000000] Early memory node ranges
[STDERR  ] 2018-05-12T18:24:25.285289198Z: [    0.000000]   node   0: [mem 0x0000000000001000-0x000000000009efff]
[STDERR  ] 2018-05-12T18:24:25.285314155Z: [    0.000000]   node   0: [mem 0x0000000000100000-0x000000003ffdefff]
[STDERR  ] 2018-05-12T18:24:25.285338680Z: [    0.000000] Initmem setup node 0 [mem 0x0000000000001000-0x000000003ffdefff]
[STDERR  ] 2018-05-12T18:24:25.285366448Z: [    0.000000] ACPI: PM-Timer IO Port: 0x608
[STDERR  ] 2018-05-12T18:24:25.285392426Z: [    0.000000] ACPI: LAPIC_NMI (acpi_id[0xff] dfl dfl lint[0x1])
[STDERR  ] 2018-05-12T18:24:25.285416820Z: [    0.000000] IOAPIC[0]: apic_id 0, version 32, address 0xfec00000, GSI 0-23
[STDERR  ] 2018-05-12T18:24:25.285464573Z: [    0.000000] ACPI: INT_SRC_OVR (bus 0 bus_irq 0 global_irq 2 dfl dfl)
[STDERR  ] 2018-05-12T18:24:25.285500255Z: [    0.000000] ACPI: INT_SRC_OVR (bus 0 bus_irq 5 global_irq 5 high level)
[STDERR  ] 2018-05-12T18:24:25.285539063Z: [    0.000000] ACPI: INT_SRC_OVR (bus 0 bus_irq 9 global_irq 9 high level)
[STDERR  ] 2018-05-12T18:24:25.285578785Z: [    0.000000] ACPI: INT_SRC_OVR (bus 0 bus_irq 10 global_irq 10 high level)
[STDERR  ] 2018-05-12T18:24:25.285611963Z: [    0.000000] ACPI: INT_SRC_OVR (bus 0 bus_irq 11 global_irq 11 high level)
[STDERR  ] 2018-05-12T18:24:25.285647962Z: [    0.000000] Using ACPI (MADT) for SMP configuration information
[STDERR  ] 2018-05-12T18:24:25.285673348Z: [    0.000000] ACPI: HPET id: 0x8086a201 base: 0xfed00000
[STDERR  ] 2018-05-12T18:24:25.285698498Z: [    0.000000] smpboot: Allowing 1 CPUs, 0 hotplug CPUs
[STDERR  ] 2018-05-12T18:24:25.285723128Z: [    0.000000] e820: [mem 0x40000000-0xafffffff] available for PCI devices
[STDERR  ] 2018-05-12T18:24:25.285749050Z: [    0.000000] Booting paravirtualized kernel on bare hardware
[STDERR  ] 2018-05-12T18:24:25.285773733Z: [    0.000000] clocksource: refined-jiffies: mask: 0xffffffff max_cycles: 0xffffffff, max_idle_ns: 19112604462750000 ns
[STDERR  ] 2018-05-12T18:24:25.285807652Z: [    0.000000] setup_percpu: NR_CPUS:128 nr_cpumask_bits:128 nr_cpu_ids:1 nr_node_ids:1
[STDERR  ] 2018-05-12T18:24:25.285833113Z: [    0.000000] PERCPU: Embedded 33 pages/cpu @ffff88003e600000 s97048 r8192 d29928 u2097152
[STDERR  ] 2018-05-12T18:24:25.285858728Z: [    0.000000] Built 1 zonelists in Zone order, mobility grouping on.  Total pages: 257895
[STDERR  ] 2018-05-12T18:24:25.285888865Z: [    0.000000] Kernel command line: console=ttyS0 console=ttyAMA0
[STDERR  ] 2018-05-12T18:24:25.285914473Z: [    0.000000] PID hash table entries: 4096 (order: 3, 32768 bytes)
[STDERR  ] 2018-05-12T18:24:25.285940250Z: [    0.000000] Dentry cache hash table entries: 131072 (order: 8, 1048576 bytes)
[STDERR  ] 2018-05-12T18:24:25.285967503Z: [    0.000000] Inode-cache hash table entries: 65536 (order: 7, 524288 bytes)
[STDERR  ] 2018-05-12T18:24:25.286000322Z: [    0.000000] Memory: 990176K/1048052K available (7656K kernel code, 1300K rwdata, 2712K rodata, 1320K init, 688K bss, 57876K reserved, 0K cma-reserved)
[STDERR  ] 2018-05-12T18:24:25.286027898Z: [    0.000000] Hierarchical RCU implementation.
[STDERR  ] 2018-05-12T18:24:25.286053800Z: [    0.000000] 	Build-time adjustment of leaf fanout to 64.
[STDERR  ] 2018-05-12T18:24:25.286084613Z: [    0.000000] 	RCU restricting CPUs from NR_CPUS=128 to nr_cpu_ids=1.
[STDERR  ] 2018-05-12T18:24:25.286147202Z: [    0.000000] RCU: Adjusting geometry for rcu_fanout_leaf=64, nr_cpu_ids=1
[STDERR  ] 2018-05-12T18:24:25.286173840Z: [    0.000000] NR_IRQS:8448 nr_irqs:256 16
[STDERR  ] 2018-05-12T18:24:25.286199482Z: [    0.000000] Console: colour VGA+ 80x25
[STDERR  ] 2018-05-12T18:24:25.286224705Z: [    0.000000] console [ttyS0] enabled
[STDERR  ] 2018-05-12T18:24:25.286258552Z: [    0.000000] clocksource: hpet: mask: 0xffffffff max_cycles: 0xffffffff, max_idle_ns: 19112604467 ns
[STDERR  ] 2018-05-12T18:24:25.286284608Z: [    0.000000] tsc: Fast TSC calibration using PIT
[STDERR  ] 2018-05-12T18:24:25.286310298Z: [    0.000000] tsc: Detected 2600.001 MHz processor
[STDERR  ] 2018-05-12T18:24:25.286334783Z: [    0.032198] Calibrating delay loop (skipped), value calculated using timer frequency.. 5200.00 BogoMIPS (lpj=26000010)
[STDERR  ] 2018-05-12T18:24:25.286361355Z: [    0.034600] pid_max: default: 32768 minimum: 301
[STDERR  ] 2018-05-12T18:24:25.286386245Z: [    0.035541] ACPI: Core revision 20150930
[STDERR  ] 2018-05-12T18:24:25.286417323Z: [    0.080656] ACPI: 1 ACPI AML tables successfully acquired and loaded
[STDERR  ] 2018-05-12T18:24:25.286443395Z: [    0.082777] Security Framework initialized
[STDERR  ] 2018-05-12T18:24:25.286476552Z: [    0.083389] Yama: becoming mindful.
[STDERR  ] 2018-05-12T18:24:25.286506448Z: [    0.087179] Mount-cache hash table entries: 2048 (order: 2, 16384 bytes)
[STDERR  ] 2018-05-12T18:24:25.286551093Z: [    0.088014] Mountpoint-cache hash table entries: 2048 (order: 2, 16384 bytes)
[STDERR  ] 2018-05-12T18:24:25.286577883Z: [    0.103211] Initializing cgroup subsys io
[STDERR  ] 2018-05-12T18:24:25.286602532Z: [    0.104212] Initializing cgroup subsys memory
[STDERR  ] 2018-05-12T18:24:25.286637835Z: [    0.105278] Initializing cgroup subsys devices
[STDERR  ] 2018-05-12T18:24:25.286672548Z: [    0.105916] Initializing cgroup subsys freezer
[STDERR  ] 2018-05-12T18:24:25.286708548Z: [    0.106572] Initializing cgroup subsys net_cls
[STDERR  ] 2018-05-12T18:24:25.286739143Z: [    0.107172] Initializing cgroup subsys perf_event
[STDERR  ] 2018-05-12T18:24:25.286769658Z: [    0.107883] Initializing cgroup subsys net_prio
[STDERR  ] 2018-05-12T18:24:25.286796802Z: [    0.108642] Initializing cgroup subsys hugetlb
[STDERR  ] 2018-05-12T18:24:25.286825880Z: [    0.109327] Initializing cgroup subsys pids
[STDERR  ] 2018-05-12T18:24:25.286850780Z: [    0.112347] Last level iTLB entries: 4KB 0, 2MB 0, 4MB 0
[STDERR  ] 2018-05-12T18:24:25.286875185Z: [    0.113045] Last level dTLB entries: 4KB 0, 2MB 0, 4MB 0, 1GB 0
[STDERR  ] 2018-05-12T18:24:25.286906483Z: [    0.114063] Spectre V2 : LFENCE not serializing. Switching to generic retpoline
[STDERR  ] 2018-05-12T18:24:25.286945628Z: [    0.115009] Spectre V2 : Vulnerable: Minimal generic ASM retpoline
[STDERR  ] 2018-05-12T18:24:25.286978825Z: [    0.115832] Spectre V2 : Filling RSB on context switch
[STDERR  ] 2018-05-12T18:24:25.287017136Z: [    0.419391] Freeing SMP alternatives memory: 20K
[STDERR  ] 2018-05-12T18:24:25.287052703Z: [    0.430990] ftrace: allocating 33547 entries in 132 pages
[STDERR  ] 2018-05-12T18:24:25.287079068Z: [    0.598157] ..TIMER: vector=0x30 apic1=0 pin1=2 apic2=-1 pin2=-1
[STDERR  ] 2018-05-12T18:24:25.287107023Z: [    0.700000] smpboot: CPU0: AMD QEMU Virtual CPU version 2.5+ (family: 0x6, model: 0x6, stepping: 0x3)
[STDERR  ] 2018-05-12T18:24:25.287132952Z: [    0.700000] Performance Events: Broken PMU hardware detected, using software events only.
[STDERR  ] 2018-05-12T18:24:25.287158300Z: [    0.700000] Failed to access perfctr msr (MSR c0010007 is 0)
[STDERR  ] 2018-05-12T18:24:25.287187218Z: [    0.706419] x86: Booted up 1 node, 1 CPUs
[STDERR  ] 2018-05-12T18:24:25.287211825Z: [    0.706912] smpboot: Total of 1 processors activated (5200.00 BogoMIPS)
[STDERR  ] 2018-05-12T18:24:25.287236046Z: [    0.716140] NMI watchdog: disabled (cpu0): hardware events not enabled
[STDERR  ] 2018-05-12T18:24:25.287272848Z: [    0.716805] NMI watchdog: Shutting down hard lockup detector on all cpus
[STDERR  ] 2018-05-12T18:24:25.287298778Z: [    0.727878] devtmpfs: initialized
[STDERR  ] 2018-05-12T18:24:25.287323853Z: [    0.804597] clocksource: jiffies: mask: 0xffffffff max_cycles: 0xffffffff, max_idle_ns: 19112604462750000 ns
[STDERR  ] 2018-05-12T18:24:25.287353543Z: [    0.805758] futex hash table entries: 256 (order: 2, 16384 bytes)
[STDERR  ] 2018-05-12T18:24:25.287378245Z: [    0.823375] NET: Registered protocol family 16
[STDERR  ] 2018-05-12T18:24:25.287402388Z: [    0.830828] cpuidle: using governor ladder
[STDERR  ] 2018-05-12T18:24:25.287430032Z: [    0.831333] cpuidle: using governor menu
[STDERR  ] 2018-05-12T18:24:25.287469288Z: [    0.832753] ACPI: bus type PCI registered
[STDERR  ] 2018-05-12T18:24:25.287493698Z: [    0.836029] PCI: MMCONFIG for domain 0000 [bus 00-ff] at [mem 0xb0000000-0xbfffffff] (base 0xb0000000)
[STDERR  ] 2018-05-12T18:24:25.287524926Z: [    0.836942] PCI: MMCONFIG at [mem 0xb0000000-0xbfffffff] reserved in E820
[STDERR  ] 2018-05-12T18:24:25.287549978Z: [    0.838381] PCI: Using configuration type 1 for base access
[STDERR  ] 2018-05-12T18:24:25.287574128Z: [    0.908003] ACPI: Added _OSI(Module Device)
[STDERR  ] 2018-05-12T18:24:25.287602273Z: [    0.908359] ACPI: Added _OSI(Processor Device)
[STDERR  ] 2018-05-12T18:24:25.287628066Z: [    0.908675] ACPI: Added _OSI(3.0 _SCP Extensions)
[STDERR  ] 2018-05-12T18:24:25.287661198Z: [    0.909000] ACPI: Added _OSI(Processor Aggregator Device)
[STDERR  ] 2018-05-12T18:24:25.287689353Z: [    0.986590] ACPI: Interpreter enabled
[STDERR  ] 2018-05-12T18:24:25.287715213Z: [    0.987424] ACPI: (supports S0 S5)
[STDERR  ] 2018-05-12T18:24:25.287739135Z: [    0.987826] ACPI: Using IOAPIC for interrupt routing
[STDERR  ] 2018-05-12T18:24:25.287771226Z: [    0.991655] PCI: Using host bridge windows from ACPI; if necessary, use "pci=nocrs" and report a bug
[STDERR  ] 2018-05-12T18:24:25.287805948Z: [    1.059562] ACPI: PCI Root Bridge [PCI0] (domain 0000 [bus 00-ff])
[STDERR  ] 2018-05-12T18:24:25.287831015Z: [    1.060577] acpi PNP0A08:00: _OSC: OS supports [ExtendedConfig ASPM ClockPM Segments MSI]
[STDERR  ] 2018-05-12T18:24:25.287859128Z: [    1.066208] acpi PNP0A08:00: _OSC: OS now controls [PCIeHotplug PME PCIeCapability]
[STDERR  ] 2018-05-12T18:24:25.287889998Z: [    1.070390] PCI host bridge to bus 0000:00
[STDERR  ] 2018-05-12T18:24:25.287913870Z: [    1.070843] pci_bus 0000:00: root bus resource [io  0x0000-0x0cf7 window]
[STDERR  ] 2018-05-12T18:24:25.287940568Z: [    1.071310] pci_bus 0000:00: root bus resource [io  0x0d00-0xffff window]
[STDERR  ] 2018-05-12T18:24:25.287974763Z: [    1.071755] pci_bus 0000:00: root bus resource [mem 0x000a0000-0x000bffff window]
[STDERR  ] 2018-05-12T18:24:25.288005208Z: [    1.072235] pci_bus 0000:00: root bus resource [mem 0xc0000000-0xfebfffff window]
[STDERR  ] 2018-05-12T18:24:25.288033123Z: [    1.072820] pci_bus 0000:00: root bus resource [bus 00-ff]
[STDERR  ] 2018-05-12T18:24:25.288058543Z: [    1.189415] pci 0000:00:1f.0: quirk: [io  0x0600-0x067f] claimed by ICH6 ACPI/GPIO/TCO
[STDERR  ] 2018-05-12T18:24:25.288082592Z: [    1.256537] ACPI: PCI Interrupt Link [LNKA] (IRQs 5 *10 11)
[STDERR  ] 2018-05-12T18:24:25.288122936Z: [    1.258578] ACPI: PCI Interrupt Link [LNKB] (IRQs 5 *10 11)
[STDERR  ] 2018-05-12T18:24:25.288148046Z: [    1.260554] ACPI: PCI Interrupt Link [LNKC] (IRQs 5 10 *11)
[STDERR  ] 2018-05-12T18:24:25.288172075Z: [    1.262334] ACPI: PCI Interrupt Link [LNKD] (IRQs 5 10 *11)
[STDERR  ] 2018-05-12T18:24:25.288198438Z: [    1.264019] ACPI: PCI Interrupt Link [LNKE] (IRQs 5 *10 11)
[STDERR  ] 2018-05-12T18:24:25.288224912Z: [    1.265914] ACPI: PCI Interrupt Link [LNKF] (IRQs 5 *10 11)
[STDERR  ] 2018-05-12T18:24:25.288248545Z: [    1.267604] ACPI: PCI Interrupt Link [LNKG] (IRQs 5 10 *11)
[STDERR  ] 2018-05-12T18:24:25.288273555Z: [    1.270128] ACPI: PCI Interrupt Link [LNKH] (IRQs 5 10 *11)
[STDERR  ] 2018-05-12T18:24:25.288301858Z: [    1.271093] ACPI: PCI Interrupt Link [GSIA] (IRQs *16)
[STDERR  ] 2018-05-12T18:24:25.288325856Z: [    1.271716] ACPI: PCI Interrupt Link [GSIB] (IRQs *17)
[STDERR  ] 2018-05-12T18:24:25.288354130Z: [    1.272346] ACPI: PCI Interrupt Link [GSIC] (IRQs *18)
[STDERR  ] 2018-05-12T18:24:25.288383808Z: [    1.273036] ACPI: PCI Interrupt Link [GSID] (IRQs *19)
[STDERR  ] 2018-05-12T18:24:25.288408188Z: [    1.273859] ACPI: PCI Interrupt Link [GSIE] (IRQs *20)
[STDERR  ] 2018-05-12T18:24:25.288435916Z: [    1.274510] ACPI: PCI Interrupt Link [GSIF] (IRQs *21)
[STDERR  ] 2018-05-12T18:24:25.288470163Z: [    1.275223] ACPI: PCI Interrupt Link [GSIG] (IRQs *22)
[STDERR  ] 2018-05-12T18:24:25.288502252Z: [    1.275853] ACPI: PCI Interrupt Link [GSIH] (IRQs *23)
[STDERR  ] 2018-05-12T18:24:25.288527130Z: [    1.280000] ACPI: Enabled 2 GPEs in block 00 to 3F
[STDERR  ] 2018-05-12T18:24:25.288550980Z: [    1.283763] SCSI subsystem initialized
[STDERR  ] 2018-05-12T18:24:25.288574780Z: [    1.286264] ACPI: bus type USB registered
[STDERR  ] 2018-05-12T18:24:25.288598915Z: [    1.288415] usbcore: registered new interface driver usbfs
[STDERR  ] 2018-05-12T18:24:25.288625345Z: [    1.290721] usbcore: registered new interface driver hub
[STDERR  ] 2018-05-12T18:24:25.288654776Z: [    1.292002] usbcore: registered new device driver usb
[STDERR  ] 2018-05-12T18:24:25.288678783Z: [    1.293941] pps_core: LinuxPPS API ver. 1 registered
[STDERR  ] 2018-05-12T18:24:25.288702433Z: [    1.294309] pps_core: Software ver. 5.3.6 - Copyright 2005-2007 Rodolfo Giometti <giometti@linux.it>
[STDERR  ] 2018-05-12T18:24:25.288735888Z: [    1.295242] PTP clock support registered
[STDERR  ] 2018-05-12T18:24:25.288760142Z: [    1.296753] wmi: Mapper loaded
[STDERR  ] 2018-05-12T18:24:25.288790240Z: [    1.298003] PCI: Using ACPI for IRQ routing
[STDERR  ] 2018-05-12T18:24:25.288814690Z: [    1.318222] NetLabel: Initializing
[STDERR  ] 2018-05-12T18:24:25.288838008Z: [    1.318542] NetLabel:  domain hash size = 128
[STDERR  ] 2018-05-12T18:24:25.288871222Z: [    1.318926] NetLabel:  protocols = UNLABELED CIPSOv4
[STDERR  ] 2018-05-12T18:24:25.288903896Z: [    1.320892] NetLabel:  unlabeled traffic allowed by default
[STDERR  ] 2018-05-12T18:24:25.288924088Z: [    1.322427] HPET: 3 timers in total, 0 timers will be used for per-cpu timer
[STDERR  ] 2018-05-12T18:24:25.288943090Z: [    1.323230] hpet0: at MMIO 0xfed00000, IRQs 2, 8, 0
[STDERR  ] 2018-05-12T18:24:25.288961710Z: [    1.323756] hpet0: 3 comparators, 64-bit 100.000000 MHz counter
[STDERR  ] 2018-05-12T18:24:25.288984185Z: [    1.328402] amd_nb: Cannot enumerate AMD northbridges
[STDERR  ] 2018-05-12T18:24:25.289008258Z: [    1.329465] clocksource: Switched to clocksource hpet
[STDERR  ] 2018-05-12T18:24:25.289027735Z: [    1.568941] FS-Cache: Loaded
[STDERR  ] 2018-05-12T18:24:25.289046935Z: [    1.573207] CacheFiles: Loaded
[STDERR  ] 2018-05-12T18:24:25.289066160Z: [    1.575340] pnp: PnP ACPI init
[STDERR  ] 2018-05-12T18:24:25.289084980Z: [    1.587645] pnp: PnP ACPI: found 5 devices
[STDERR  ] 2018-05-12T18:24:25.289103576Z: [    1.642837] clocksource: acpi_pm: mask: 0xffffff max_cycles: 0xffffff, max_idle_ns: 2085701024 ns
[STDERR  ] 2018-05-12T18:24:25.289122108Z: [    1.645303] NET: Registered protocol family 2
[STDERR  ] 2018-05-12T18:24:25.289140366Z: [    1.653300] TCP established hash table entries: 8192 (order: 4, 65536 bytes)
[STDERR  ] 2018-05-12T18:24:25.289159112Z: [    1.654044] TCP bind hash table entries: 8192 (order: 5, 131072 bytes)
[STDERR  ] 2018-05-12T18:24:25.289177892Z: [    1.654744] TCP: Hash tables configured (established 8192 bind 8192)
[STDERR  ] 2018-05-12T18:24:25.289196186Z: [    1.656295] UDP hash table entries: 512 (order: 2, 16384 bytes)
[STDERR  ] 2018-05-12T18:24:25.289214460Z: [    1.656903] UDP-Lite hash table entries: 512 (order: 2, 16384 bytes)
[STDERR  ] 2018-05-12T18:24:25.289232650Z: [    1.659361] NET: Registered protocol family 1
[STDERR  ] 2018-05-12T18:24:25.289255688Z: [    1.667230] Unpacking initramfs...
[STDERR  ] 2018-05-12T18:24:25.289286752Z: [    5.045573] Freeing initrd memory: 23836K
[STDERR  ] 2018-05-12T18:24:25.289306075Z: [    5.069643] PCLMULQDQ-NI instructions are not detected.
[STDERR  ] 2018-05-12T18:24:25.289324848Z: [    5.071468] AVX or AES-NI instructions are not detected.
[STDERR  ] 2018-05-12T18:24:25.289343352Z: [    5.071909] CPU feature 'AVX registers' is not supported.
[STDERR  ] 2018-05-12T18:24:25.289362062Z: [    5.072421] CPU feature 'AVX registers' is not supported.
[STDERR  ] 2018-05-12T18:24:25.289380475Z: [    5.072907] CPU feature 'AVX registers' is not supported.
[STDERR  ] 2018-05-12T18:24:25.289398828Z: [    5.073418] CPU feature 'AVX registers' is not supported.
[STDERR  ] 2018-05-12T18:24:25.289417238Z: [    5.073905] AVX2 or AES-NI instructions are not detected.
[STDERR  ] 2018-05-12T18:24:25.289435596Z: [    5.074377] AVX2 instructions are not detected.
[STDERR  ] 2018-05-12T18:24:25.289463582Z: [    5.082398] audit: initializing netlink subsys (disabled)
[STDERR  ] 2018-05-12T18:24:25.289484533Z: [    5.084029] audit: type=2000 audit(1526149450.080:1): initialized
[STDERR  ] 2018-05-12T18:24:25.289507418Z: [    5.092393] HugeTLB registered 2 MB page size, pre-allocated 0 pages
[STDERR  ] 2018-05-12T18:24:25.289526392Z: [    5.096425] VFS: Disk quotas dquot_6.6.0
[STDERR  ] 2018-05-12T18:24:25.289548883Z: [    5.097069] VFS: Dquot-cache hash table entries: 512 (order 0, 4096 bytes)
[STDERR  ] 2018-05-12T18:24:25.289567748Z: [    5.101251] squashfs: version 4.0 (2009/01/31) Phillip Lougher
[STDERR  ] 2018-05-12T18:24:25.289593538Z: [    5.104654] FS-Cache: Netfs 'cifs' registered for caching
[STDERR  ] 2018-05-12T18:24:25.289612160Z: [    5.105613] fuse init (API version 7.23)
[STDERR  ] 2018-05-12T18:24:25.289630758Z: [    5.108359] SGI XFS with ACLs, security attributes, no debug enabled
[STDERR  ] 2018-05-12T18:24:25.289649332Z: [    5.111754] 9p: Installing v9fs 9p2000 file system support
[STDERR  ] 2018-05-12T18:24:25.289672282Z: [    5.112419] FS-Cache: Netfs '9p' registered for caching
[STDERR  ] 2018-05-12T18:24:25.289690653Z: [    5.114383] Key type big_key registered
[STDERR  ] 2018-05-12T18:24:25.289708918Z: [    5.148790] NET: Registered protocol family 38
[STDERR  ] 2018-05-12T18:24:25.289727488Z: [    5.149344] Key type asymmetric registered
[STDERR  ] 2018-05-12T18:24:25.289745778Z: [    5.149686] Asymmetric key parser 'x509' registered
[STDERR  ] 2018-05-12T18:24:25.289764320Z: [    5.151711] Block layer SCSI generic (bsg) driver version 0.4 loaded (major 251)
[STDERR  ] 2018-05-12T18:24:25.289786753Z: [    5.153115] io scheduler noop registered
[STDERR  ] 2018-05-12T18:24:25.289811226Z: [    5.153542] io scheduler deadline registered (default)
[STDERR  ] 2018-05-12T18:24:25.289830352Z: [    5.154128] io scheduler cfq registered
[STDERR  ] 2018-05-12T18:24:25.289848798Z: [    5.156925] pci_hotplug: PCI Hot Plug PCI Core version: 0.5
[STDERR  ] 2018-05-12T18:24:25.289867270Z: [    5.157508] pciehp: PCI Express Hot Plug Controller Driver version: 0.4
[STDERR  ] 2018-05-12T18:24:25.289885828Z: [    5.158344] shpchp: Standard Hot Plug PCI Controller Driver version: 0.4
[STDERR  ] 2018-05-12T18:24:25.289904178Z: [    5.159223] hv_vmbus: registering driver hyperv_fb
[STDERR  ] 2018-05-12T18:24:25.289922598Z: [    5.163731] input: Power Button as /devices/LNXSYSTM:00/LNXPWRBN:00/input/input0
[STDERR  ] 2018-05-12T18:24:25.289941198Z: [    5.167795] ACPI: Power Button [PWRF]
[STDERR  ] 2018-05-12T18:24:25.289965428Z: [    5.173414] GHES: HEST is not enabled!
[STDERR  ] 2018-05-12T18:24:25.289997293Z: [    5.185429] ACPI: PCI Interrupt Link [GSIG] enabled at IRQ 22
[STDERR  ] 2018-05-12T18:24:25.290021013Z: [    5.199324] ACPI: PCI Interrupt Link [GSIH] enabled at IRQ 23
[STDERR  ] 2018-05-12T18:24:25.290040028Z: [    5.203935] xenfs: not registering filesystem on non-xen platform
[STDERR  ] 2018-05-12T18:24:25.290058675Z: [    5.206376] Serial: 8250/16550 driver, 4 ports, IRQ sharing disabled
[STDERR  ] 2018-05-12T18:24:25.290077488Z: [    5.231393] 00:04: ttyS0 at I/O 0x3f8 (irq = 4, base_baud = 115200) is a 16550A
[STDERR  ] 2018-05-12T18:24:25.290174876Z: [    5.243031] Non-volatile memory driver v1.3
[STDERR  ] 2018-05-12T18:24:25.290196050Z: [    5.249555] Hangcheck: starting hangcheck timer 0.9.1 (tick is 180 seconds, margin is 60 seconds).
[STDERR  ] 2018-05-12T18:24:25.290220118Z: [    5.256409] random: nonblocking pool is initialized
[STDERR  ] 2018-05-12T18:24:25.290243288Z: [    5.292905] loop: module loaded
[STDERR  ] 2018-05-12T18:24:25.290264143Z: [    5.305987] nbd: registered device at major 43
[STDERR  ] 2018-05-12T18:24:25.290283023Z: [    5.349268] lpc_ich 0000:00:1f.0: I/O space for GPIO uninitialized
[STDERR  ] 2018-05-12T18:24:25.290305783Z: [    5.351352] VMware PVSCSI driver - version 1.0.5.0-k
[STDERR  ] 2018-05-12T18:24:25.290324690Z: [    5.352125] hv_vmbus: registering driver hv_storvsc
[STDERR  ] 2018-05-12T18:24:25.290342588Z: [    5.362975] ACPI: PCI Interrupt Link [GSIA] enabled at IRQ 16
[STDERR  ] 2018-05-12T18:24:25.290360850Z: [    5.369072] ahci 0000:00:1f.2: AHCI 0001.0000 32 slots 6 ports 1.5 Gbps 0x3f impl SATA mode
[STDERR  ] 2018-05-12T18:24:25.290383552Z: [    5.369769] ahci 0000:00:1f.2: flags: 64bit ncq only 
[STDERR  ] 2018-05-12T18:24:25.290401860Z: [    5.392110] scsi host0: ahci
[STDERR  ] 2018-05-12T18:24:25.290420436Z: [    5.395099] scsi host1: ahci
[STDERR  ] 2018-05-12T18:24:25.290438940Z: [    5.397410] scsi host2: ahci
[STDERR  ] 2018-05-12T18:24:25.290472096Z: [    5.399562] scsi host3: ahci
[STDERR  ] 2018-05-12T18:24:25.290499826Z: [    5.402129] scsi host4: ahci
[STDERR  ] 2018-05-12T18:24:25.290519135Z: [    5.404417] scsi host5: ahci
[STDERR  ] 2018-05-12T18:24:25.290537848Z: [    5.406280] ata1: SATA max UDMA/133 abar m4096@0xfebd2000 port 0xfebd2100 irq 24
[STDERR  ] 2018-05-12T18:24:25.290556465Z: [    5.406917] ata2: SATA max UDMA/133 abar m4096@0xfebd2000 port 0xfebd2180 irq 24
[STDERR  ] 2018-05-12T18:24:25.290575036Z: [    5.407487] ata3: SATA max UDMA/133 abar m4096@0xfebd2000 port 0xfebd2200 irq 24
[STDERR  ] 2018-05-12T18:24:25.290607460Z: [    5.408020] ata4: SATA max UDMA/133 abar m4096@0xfebd2000 port 0xfebd2280 irq 24
[STDERR  ] 2018-05-12T18:24:25.290627082Z: [    5.408645] ata5: SATA max UDMA/133 abar m4096@0xfebd2000 port 0xfebd2300 irq 24
[STDERR  ] 2018-05-12T18:24:25.290649323Z: [    5.409195] ata6: SATA max UDMA/133 abar m4096@0xfebd2000 port 0xfebd2380 irq 24
[STDERR  ] 2018-05-12T18:24:25.290667776Z: [    5.422265] tun: Universal TUN/TAP device driver, 1.6
[STDERR  ] 2018-05-12T18:24:25.290686268Z: [    5.422660] tun: (C) 1999-2004 Max Krasnyansky <maxk@qualcomm.com>
[STDERR  ] 2018-05-12T18:24:25.290705555Z: [    5.433984] VMware vmxnet3 virtual NIC driver - version 1.4.5.0-k-NAPI
[STDERR  ] 2018-05-12T18:24:25.290723886Z: [    5.434972] hv_vmbus: registering driver hv_netvsc
[STDERR  ] 2018-05-12T18:24:25.290742340Z: [    5.435390] Fusion MPT base driver 3.04.20
[STDERR  ] 2018-05-12T18:24:25.290760900Z: [    5.435778] Copyright (c) 1999-2008 LSI Corporation
[STDERR  ] 2018-05-12T18:24:25.290779128Z: [    5.436539] Fusion MPT SPI Host driver 3.04.20
[STDERR  ] 2018-05-12T18:24:25.290797736Z: [    5.438048] usbcore: registered new interface driver usb-storage
[STDERR  ] 2018-05-12T18:24:25.290816125Z: [    5.439887] i8042: PNP: PS/2 Controller [PNP0303:KBD,PNP0f13:MOU] at 0x60,0x64 irq 1,12
[STDERR  ] 2018-05-12T18:24:25.290835012Z: [    5.445171] serio: i8042 KBD port at 0x60,0x64 irq 1
[STDERR  ] 2018-05-12T18:24:25.290853280Z: [    5.446046] serio: i8042 AUX port at 0x60,0x64 irq 12
[STDERR  ] 2018-05-12T18:24:25.290871630Z: [    5.449650] hv_vmbus: registering driver hyperv_keyboard
[STDERR  ] 2018-05-12T18:24:25.290889646Z: [    5.452448] mousedev: PS/2 mouse device common for all mice
[STDERR  ] 2018-05-12T18:24:25.290912482Z: [    5.457752] input: AT Translated Set 2 keyboard as /devices/platform/i8042/serio0/input/input1
[STDERR  ] 2018-05-12T18:24:25.290931800Z: [    5.461375] input: PC Speaker as /devices/platform/pcspkr/input/input2
[STDERR  ] 2018-05-12T18:24:25.290950558Z: [    5.465594] rtc_cmos 00:00: RTC can wake from S4
[STDERR  ] 2018-05-12T18:24:25.290968988Z: [    5.468953] rtc_cmos 00:00: rtc core: registered rtc_cmos as rtc0
[STDERR  ] 2018-05-12T18:24:25.290987355Z: [    5.470887] rtc_cmos 00:00: alarms up to one day, y3k, 114 bytes nvram, hpet irqs
[STDERR  ] 2018-05-12T18:24:25.291006105Z: [    5.471954] i2c /dev entries driver
[STDERR  ] 2018-05-12T18:24:25.291024822Z: [    5.474123] device-mapper: ioctl: 4.34.0-ioctl (2015-10-28) initialised: dm-devel@redhat.com
[STDERR  ] 2018-05-12T18:24:25.291043518Z: [    5.479997] usbcore: registered new interface driver usbhid
[STDERR  ] 2018-05-12T18:24:25.291062065Z: [    5.480919] usbhid: USB HID core driver
[STDERR  ] 2018-05-12T18:24:25.291080263Z: [    5.481785] hv_utils: Registering HyperV Utility Driver
[STDERR  ] 2018-05-12T18:24:25.291101880Z: [    5.482261] hv_vmbus: registering driver hv_util
[STDERR  ] 2018-05-12T18:24:25.291120713Z: [    5.482717] hv_vmbus: registering driver hv_balloon
[STDERR  ] 2018-05-12T18:24:25.291140548Z: [    5.483363] oprofile: using NMI interrupt.
[STDERR  ] 2018-05-12T18:24:25.291158962Z: [    5.484619] GACT probability on
[STDERR  ] 2018-05-12T18:24:25.291177792Z: [    5.485127] Mirror/redirect action on
[STDERR  ] 2018-05-12T18:24:25.291196163Z: [    5.485718] Simple TC action Loaded
[STDERR  ] 2018-05-12T18:24:25.291218112Z: [    5.486241] u32 classifier
[STDERR  ] 2018-05-12T18:24:25.291236785Z: [    5.486854]     Performance counters on
[STDERR  ] 2018-05-12T18:24:25.291255193Z: [    5.487240]     input device check on
[STDERR  ] 2018-05-12T18:24:25.291278546Z: [    5.487591]     Actions configured
[STDERR  ] 2018-05-12T18:24:25.291296772Z: [    5.488468] Netfilter messages via NETLINK v0.30.
[STDERR  ] 2018-05-12T18:24:25.291316148Z: [    5.489154] nfnl_acct: registering with nfnetlink.
[STDERR  ] 2018-05-12T18:24:25.291342268Z: [    5.490708] nf_conntrack version 0.5.0 (7922 buckets, 31688 max)
[STDERR  ] 2018-05-12T18:24:25.291379953Z: [    5.494622] ctnetlink v0.93: registering with nfnetlink.
[STDERR  ] 2018-05-12T18:24:25.291401015Z: [    5.499027] nf_tables: (c) 2007-2009 Patrick McHardy <kaber@trash.net>
[STDERR  ] 2018-05-12T18:24:25.291419702Z: [    5.500178] nf_tables_compat: (c) 2012 Pablo Neira Ayuso <pablo@netfilter.org>
[STDERR  ] 2018-05-12T18:24:25.291438323Z: [    5.500178] xt_time: kernel timezone is -0000
[STDERR  ] 2018-05-12T18:24:25.291463406Z: [    5.500178] ip_set: protocol 6
[STDERR  ] 2018-05-12T18:24:25.291482972Z: [    5.500178] IPVS: Registered protocols (TCP, UDP, SCTP, AH, ESP)
[STDERR  ] 2018-05-12T18:24:25.291501563Z: [    5.500178] IPVS: Connection hash table configured (size=4096, memory=64Kbytes)
[STDERR  ] 2018-05-12T18:24:25.291519798Z: [    5.509933] IPVS: Creating netns size=2096 id=0
[STDERR  ] 2018-05-12T18:24:25.291538226Z: [    5.513876] IPVS: ipvs loaded.
[STDERR  ] 2018-05-12T18:24:25.291557478Z: [    5.514351] IPVS: [rr] scheduler registered.
[STDERR  ] 2018-05-12T18:24:25.291576263Z: [    5.514924] IPVS: [wrr] scheduler registered.
[STDERR  ] 2018-05-12T18:24:25.291597836Z: [    5.515459] IPVS: [lc] scheduler registered.
[STDERR  ] 2018-05-12T18:24:25.291616968Z: [    5.515964] IPVS: [wlc] scheduler registered.
[STDERR  ] 2018-05-12T18:24:25.291635220Z: [    5.516503] IPVS: [fo] scheduler registered.
[STDERR  ] 2018-05-12T18:24:25.291653430Z: [    5.517019] IPVS: [ovf] scheduler registered.
[STDERR  ] 2018-05-12T18:24:25.291671983Z: [    5.517768] IPVS: [lblc] scheduler registered.
[STDERR  ] 2018-05-12T18:24:25.291690188Z: [    5.518411] IPVS: [lblcr] scheduler registered.
[STDERR  ] 2018-05-12T18:24:25.291711366Z: [    5.518994] IPVS: [dh] scheduler registered.
[STDERR  ] 2018-05-12T18:24:25.291729630Z: [    5.519526] IPVS: [sh] scheduler registered.
[STDERR  ] 2018-05-12T18:24:25.291747908Z: [    5.520120] IPVS: [sed] scheduler registered.
[STDERR  ] 2018-05-12T18:24:25.291766218Z: [    5.521014] IPVS: [nq] scheduler registered.
[STDERR  ] 2018-05-12T18:24:25.291784752Z: [    5.521926] IPVS: ftp: loaded support on port[0] = 21
[STDERR  ] 2018-05-12T18:24:25.291802910Z: [    5.522936] ipip: IPv4 over IPv4 tunneling driver
[STDERR  ] 2018-05-12T18:24:25.291820925Z: [    5.527971] gre: GRE over IPv4 demultiplexor driver
[STDERR  ] 2018-05-12T18:24:25.291843558Z: [    5.532352] ip_tables: (C) 2000-2006 Netfilter Core Team
[STDERR  ] 2018-05-12T18:24:25.291868320Z: [    5.535964] ipt_CLUSTERIP: ClusterIP Version 0.8 loaded successfully
[STDERR  ] 2018-05-12T18:24:25.291887398Z: [    5.537000] arp_tables: (C) 2002 David S. Miller
[STDERR  ] 2018-05-12T18:24:25.291905798Z: [    5.541892] NET: Registered protocol family 10
[STDERR  ] 2018-05-12T18:24:25.291924452Z: [    5.556690] ip6_tables: (C) 2000-2006 Netfilter Core Team
[STDERR  ] 2018-05-12T18:24:25.291947315Z: [    5.569367] NET: Registered protocol family 17
[STDERR  ] 2018-05-12T18:24:25.291969210Z: [    5.571770] bridge: automatic filtering via arp/ip/ip6tables has been deprecated. Update your scripts to load br_netfilter if you need this.
[STDERR  ] 2018-05-12T18:24:25.291989050Z: [    5.574115] Bridge firewalling registered
[STDERR  ] 2018-05-12T18:24:25.292007358Z: [    5.575115] Ebtables v2.0 registered
[STDERR  ] 2018-05-12T18:24:25.292026108Z: [    5.577996] 8021q: 802.1Q VLAN Support v1.8
[STDERR  ] 2018-05-12T18:24:25.292044493Z: [    5.579585] 9pnet: Installing 9P2000 support
[STDERR  ] 2018-05-12T18:24:25.292062682Z: [    5.581923] Key type dns_resolver registered
[STDERR  ] 2018-05-12T18:24:25.292080853Z: [    5.587132] registered taskstats version 1
[STDERR  ] 2018-05-12T18:24:25.292103618Z: [    5.761366] ata1: SATA link down (SStatus 0 SControl 300)
[STDERR  ] 2018-05-12T18:24:25.292138768Z: [    5.763578] ata2: SATA link down (SStatus 0 SControl 300)
[STDERR  ] 2018-05-12T18:24:25.292157420Z: [    5.764466] ata3: SATA link up 1.5 Gbps (SStatus 113 SControl 300)
[STDERR  ] 2018-05-12T18:24:25.292175885Z: [    5.768984] ata3.00: ATAPI: QEMU DVD-ROM, 2.5+, max UDMA/100
[STDERR  ] 2018-05-12T18:24:25.292194343Z: [    5.769696] ata3.00: applying bridge limits
[STDERR  ] 2018-05-12T18:24:25.292216095Z: [    5.771529] ata4: SATA link down (SStatus 0 SControl 300)
[STDERR  ] 2018-05-12T18:24:25.292234778Z: [    5.772263] ata5: SATA link down (SStatus 0 SControl 300)
[STDERR  ] 2018-05-12T18:24:25.292253338Z: [    5.772904] ata6: SATA link down (SStatus 0 SControl 300)
[STDERR  ] 2018-05-12T18:24:25.292271935Z: [    5.781518] ata3.00: configured for UDMA/100
[STDERR  ] 2018-05-12T18:24:25.292290120Z: [    5.797144] scsi 2:0:0:0: CD-ROM            QEMU     QEMU DVD-ROM     2.5+ PQ: 0 ANSI: 5
[STDERR  ] 2018-05-12T18:24:25.292308933Z: [    5.801269] Key type encrypted registered
[STDERR  ] 2018-05-12T18:24:25.292327118Z: [    5.806859] rtc_cmos 00:00: setting system clock to 2018-05-12 18:24:11 UTC (1526149451)
[STDERR  ] 2018-05-12T18:24:25.292345763Z: [    5.823869] sr 2:0:0:0: [sr0] scsi3-mmc drive: 4x/4x cd/rw xa/form2 tray
[STDERR  ] 2018-05-12T18:24:25.292367506Z: [    5.824881] cdrom: Uniform CD-ROM driver Revision: 3.20
[STDERR  ] 2018-05-12T18:24:25.292386565Z: [    5.833544] sr 2:0:0:0: Attached scsi generic sg0 type 5
[STDERR  ] 2018-05-12T18:24:25.292405112Z: [    5.969559] Freeing unused kernel memory: 1320K
[STDERR  ] 2018-05-12T18:24:25.292423427Z: [    5.970012] Write protecting the kernel read-only data: 12288k
[STDERR  ] 2018-05-12T18:24:25.292441792Z: [    5.978094] Freeing unused kernel memory: 524K
[STDERR  ] 2018-05-12T18:24:25.292466019Z: [    6.092384] Freeing unused kernel memory: 1384K
[STDERR  ] 2018-05-12T18:24:25.292485027Z: [    6.093657] tsc: Refined TSC clocksource calibration: 2600.002 MHz
[STDERR  ] 2018-05-12T18:24:25.292503559Z: [    6.094172] clocksource: tsc: mask: 0xffffffffffffffff max_cycles: 0x257a3e40e8d, max_idle_ns: 440795298933 ns
[STDERR  ] 2018-05-12T18:24:25.292522111Z: [    7.098970] clocksource: Switched to clocksource tsc
[STDERR  ] 2018-05-12T18:24:25.292540215Z: 
[STDERR  ] 2018-05-12T18:24:25.292558524Z: Welcome to LinuxKit
[STDERR  ] 2018-05-12T18:24:25.292581005Z: 
[STDERR  ] 2018-05-12T18:24:25.292599172Z:                         ##         .
[STDERR  ] 2018-05-12T18:24:25.292618297Z:                   ## ## ##        ==
[STDERR  ] 2018-05-12T18:24:25.292638242Z:                ## ## ## ## ##    ===
[STDERR  ] 2018-05-12T18:24:25.292656754Z:            /"""""""""""""""""\___/ ===
[STDERR  ] 2018-05-12T18:24:25.292675187Z:           {                       /  ===-
[STDERR  ] 2018-05-12T18:24:25.292693707Z:            \______ O           __/
[STDERR  ] 2018-05-12T18:24:25.292712207Z:              \    \         __/
[STDERR  ] 2018-05-12T18:24:25.292730834Z:               \____\_______/
[STDERR  ] 2018-05-12T18:24:25.292749359Z: 
[STDERR  ] 2018-05-12T18:24:25.292767635Z: [   14.781073] hello_world: loading out-of-tree module taints kernel.
[STDERR  ] 2018-05-12T18:24:25.292786085Z: [   14.783603] Hello LinuxKit
[STDERR  ] 2018-05-12T18:24:25.292804567Z: [   14.878768] Goodbye LinuxKit.
[STDERR  ] 2018-05-12T18:24:25.292823084Z: Linux linuxkit-d20fdfda7a48 4.4.131-linuxkit #1 SMP Thu May 10 10:32:36 UTC 2018 x86_64 Linux
[STDERR  ] 2018-05-12T18:24:25.292845321Z: filename:       hello_world.ko
[STDERR  ] 2018-05-12T18:24:25.292863647Z: author:         Rolf Neugebauer <rolf.neugebauer@docker.com>
[STDERR  ] 2018-05-12T18:24:25.292882171Z: description:    A simple Hello World kernel module for testing
[STDERR  ] 2018-05-12T18:24:25.292903827Z: license:        GPL
[STDERR  ] 2018-05-12T18:24:25.292923145Z: depends:        
[STDERR  ] 2018-05-12T18:24:25.292941654Z: vermagic:       4.4.131-linuxkit SMP mod_unload 
[STDERR  ] 2018-05-12T18:24:25.292960102Z: Kernel module test suite PASSED
[STDERR  ] 2018-05-12T18:24:25.292989431Z: [   19.256586] ACPI: Preparing to enter system sleep state S5
[STDERR  ] 2018-05-12T18:24:25.293009205Z: [   19.257803] reboot: Power down
[STDERR  ] 2018-05-12T18:24:25.293028535Z: + grep -q Hello LinuxKit
[STDERR  ] 2018-05-12T18:24:25.293047387Z: + echo [    0.000000] Initializing cgroup subsys cpuset
[STDERR  ] 2018-05-12T18:24:25.293066661Z: [    0.000000] Initializing cgroup subsys cpu
[STDERR  ] 2018-05-12T18:24:25.293089625Z: [    0.000000] Initializing cgroup subsys cpuacct
[STDERR  ] 2018-05-12T18:24:25.293109061Z: [    0.000000] Linux version 4.4.131-linuxkit (root@747a3747bc3f) (gcc version 6.4.0 (Alpine 6.4.0) ) #1 SMP Thu May 10 10:32:36 UTC 2018
[STDERR  ] 2018-05-12T18:24:25.293128789Z: [    0.000000] Command line: console=ttyS0 console=ttyAMA0
[STDERR  ] 2018-05-12T18:24:25.293147255Z: [    0.000000] x86/fpu: Legacy x87 FPU detected.
[STDERR  ] 2018-05-12T18:24:25.293165945Z: [    0.000000] x86/fpu: Using 'lazy' FPU context switches.
[STDERR  ] 2018-05-12T18:24:25.293184094Z: [    0.000000] e820: BIOS-provided physical RAM map:
[STDERR  ] 2018-05-12T18:24:25.293202664Z: [    0.000000] BIOS-e820: [mem 0x0000000000000000-0x000000000009fbff] usable
[STDERR  ] 2018-05-12T18:24:25.293221227Z: [    0.000000] BIOS-e820: [mem 0x000000000009fc00-0x000000000009ffff] reserved
[STDERR  ] 2018-05-12T18:24:25.293239689Z: [    0.000000] BIOS-e820: [mem 0x00000000000f0000-0x00000000000fffff] reserved
[STDERR  ] 2018-05-12T18:24:25.293258017Z: [    0.000000] BIOS-e820: [mem 0x0000000000100000-0x000000003ffdefff] usable
[STDERR  ] 2018-05-12T18:24:25.293276325Z: [    0.000000] BIOS-e820: [mem 0x000000003ffdf000-0x000000003fffffff] reserved
[STDERR  ] 2018-05-12T18:24:25.293304691Z: [    0.000000] BIOS-e820: [mem 0x00000000b0000000-0x00000000bfffffff] reserved
[STDERR  ] 2018-05-12T18:24:25.293327711Z: [    0.000000] BIOS-e820: [mem 0x00000000fed1c000-0x00000000fed1ffff] reserved
[STDERR  ] 2018-05-12T18:24:25.293346237Z: [    0.000000] BIOS-e820: [mem 0x00000000fffc0000-0x00000000ffffffff] reserved
[STDERR  ] 2018-05-12T18:24:25.293368181Z: [    0.000000] NX (Execute Disable) protection: active
[STDERR  ] 2018-05-12T18:24:25.293396567Z: [    0.000000] SMBIOS 2.8 present.
[STDERR  ] 2018-05-12T18:24:25.293416307Z: [    0.000000] Kernel/User page tables isolation: disabled
[STDERR  ] 2018-05-12T18:24:25.293434629Z: [    0.000000] e820: last_pfn = 0x3ffdf max_arch_pfn = 0x400000000
[STDERR  ] 2018-05-12T18:24:25.293457592Z: [    0.000000] x86/PAT: Configuration [0-7]: WB  WC  UC- UC  WB  WC  UC- WT  
[STDERR  ] 2018-05-12T18:24:25.293477067Z: [    0.000000] found SMP MP-table at [mem 0x000f6aa0-0x000f6aaf] mapped at [ffff8800000f6aa0]
[STDERR  ] 2018-05-12T18:24:25.293495797Z: [    0.000000] RAMDISK: [mem 0x3e889000-0x3ffcffff]
[STDERR  ] 2018-05-12T18:24:25.293518047Z: [    0.000000] ACPI: Early table checksum verification disabled
[STDERR  ] 2018-05-12T18:24:25.293536377Z: [    0.000000] ACPI: RSDP 0x00000000000F68C0 000014 (v00 BOCHS )
[STDERR  ] 2018-05-12T18:24:25.293554447Z: [    0.000000] ACPI: RSDT 0x000000003FFE2404 000034 (v01 BOCHS  BXPCRSDT 00000001 BXPC 00000001)
[STDERR  ] 2018-05-12T18:24:25.293573062Z: [    0.000000] ACPI: FACP 0x000000003FFE22A4 000074 (v01 BOCHS  BXPCFACP 00000001 BXPC 00000001)
[STDERR  ] 2018-05-12T18:24:25.293591687Z: [    0.000000] ACPI: DSDT 0x000000003FFE0040 002264 (v01 BOCHS  BXPCDSDT 00000001 BXPC 00000001)
[STDERR  ] 2018-05-12T18:24:25.293613845Z: [    0.000000] ACPI: FACS 0x000000003FFE0000 000040
[STDERR  ] 2018-05-12T18:24:25.293632332Z: [    0.000000] ACPI: APIC 0x000000003FFE2318 000078 (v01 BOCHS  BXPCAPIC 00000001 BXPC 00000001)
[STDERR  ] 2018-05-12T18:24:25.293650761Z: [    0.000000] ACPI: HPET 0x000000003FFE2390 000038 (v01 BOCHS  BXPCHPET 00000001 BXPC 00000001)
[STDERR  ] 2018-05-12T18:24:25.293669127Z: [    0.000000] ACPI: MCFG 0x000000003FFE23C8 00003C (v01 BOCHS  BXPCMCFG 00000001 BXPC 00000001)
[STDERR  ] 2018-05-12T18:24:25.293687239Z: [    0.000000] Zone ranges:
[STDERR  ] 2018-05-12T18:24:25.293716269Z: [    0.000000]   DMA      [mem 0x0000000000001000-0x0000000000ffffff]
[STDERR  ] 2018-05-12T18:24:25.293755129Z: [    0.000000]   DMA32    [mem 0x0000000001000000-0x000000003ffdefff]
[STDERR  ] 2018-05-12T18:24:25.293774549Z: [    0.000000]   Normal   empty
[STDERR  ] 2018-05-12T18:24:25.293794402Z: [    0.000000] Movable zone start for each node
[STDERR  ] 2018-05-12T18:24:25.293818477Z: [    0.000000] Early memory node ranges
[STDERR  ] 2018-05-12T18:24:25.293857559Z: [    0.000000]   node   0: [mem 0x0000000000001000-0x000000000009efff]
[STDERR  ] 2018-05-12T18:24:25.293890855Z: [    0.000000]   node   0: [mem 0x0000000000100000-0x000000003ffdefff]
[STDERR  ] 2018-05-12T18:24:25.293929925Z: [    0.000000] Initmem setup node 0 [mem 0x0000000000001000-0x000000003ffdefff]
[STDERR  ] 2018-05-12T18:24:25.293961139Z: [    0.000000] ACPI: PM-Timer IO Port: 0x608
[STDERR  ] 2018-05-12T18:24:25.293990504Z: [    0.000000] ACPI: LAPIC_NMI (acpi_id[0xff] dfl dfl lint[0x1])
[STDERR  ] 2018-05-12T18:24:25.294018871Z: [    0.000000] IOAPIC[0]: apic_id 0, version 32, address 0xfec00000, GSI 0-23
[STDERR  ] 2018-05-12T18:24:25.294062985Z: [    0.000000] ACPI: INT_SRC_OVR (bus 0 bus_irq 0 global_irq 2 dfl dfl)
[STDERR  ] 2018-05-12T18:24:25.294130197Z: [    0.000000] ACPI: INT_SRC_OVR (bus 0 bus_irq 5 global_irq 5 high level)
[STDERR  ] 2018-05-12T18:24:25.294173735Z: [    0.000000] ACPI: INT_SRC_OVR (bus 0 bus_irq 9 global_irq 9 high level)
[STDERR  ] 2018-05-12T18:24:25.294203977Z: [    0.000000] ACPI: INT_SRC_OVR (bus 0 bus_irq 10 global_irq 10 high level)
[STDERR  ] 2018-05-12T18:24:25.294231902Z: [    0.000000] ACPI: INT_SRC_OVR (bus 0 bus_irq 11 global_irq 11 high level)
[STDERR  ] 2018-05-12T18:24:25.294265889Z: [    0.000000] Using ACPI (MADT) for SMP configuration information
[STDERR  ] 2018-05-12T18:24:25.294297904Z: [    0.000000] ACPI: HPET id: 0x8086a201 base: 0xfed00000
[STDERR  ] 2018-05-12T18:24:25.294328944Z: [    0.000000] smpboot: Allowing 1 CPUs, 0 hotplug CPUs
[STDERR  ] 2018-05-12T18:24:25.294362795Z: [    0.000000] e820: [mem 0x40000000-0xafffffff] available for PCI devices
[STDERR  ] 2018-05-12T18:24:25.294395767Z: [    0.000000] Booting paravirtualized kernel on bare hardware
[STDERR  ] 2018-05-12T18:24:25.294421322Z: [    0.000000] clocksource: refined-jiffies: mask: 0xffffffff max_cycles: 0xffffffff, max_idle_ns: 19112604462750000 ns
[STDERR  ] 2018-05-12T18:24:25.294460444Z: [    0.000000] setup_percpu: NR_CPUS:128 nr_cpumask_bits:128 nr_cpu_ids:1 nr_node_ids:1
[STDERR  ] 2018-05-12T18:24:25.294493285Z: [    0.000000] PERCPU: Embedded 33 pages/cpu @ffff88003e600000 s97048 r8192 d29928 u2097152
[STDERR  ] 2018-05-12T18:24:25.294525712Z: [    0.000000] Built 1 zonelists in Zone order, mobility grouping on.  Total pages: 257895
[STDERR  ] 2018-05-12T18:24:25.294559297Z: [    0.000000] Kernel command line: console=ttyS0 console=ttyAMA0
[STDERR  ] 2018-05-12T18:24:25.294584814Z: [    0.000000] PID hash table entries: 4096 (order: 3, 32768 bytes)
[STDERR  ] 2018-05-12T18:24:25.294608507Z: [    0.000000] Dentry cache hash table entries: 131072 (order: 8, 1048576 bytes)
[STDERR  ] 2018-05-12T18:24:25.294639329Z: [    0.000000] Inode-cache hash table entries: 65536 (order: 7, 524288 bytes)
[STDERR  ] 2018-05-12T18:24:25.294663667Z: [    0.000000] Memory: 990176K/1048052K available (7656K kernel code, 1300K rwdata, 2712K rodata, 1320K init, 688K bss, 57876K reserved, 0K cma-reserved)
[STDERR  ] 2018-05-12T18:24:25.294688825Z: [    0.000000] Hierarchical RCU implementation.
[STDERR  ] 2018-05-12T18:24:25.294718121Z: [    0.000000] 	Build-time adjustment of leaf fanout to 64.
[STDERR  ] 2018-05-12T18:24:25.294743479Z: [    0.000000] 	RCU restricting CPUs from NR_CPUS=128 to nr_cpu_ids=1.
[STDERR  ] 2018-05-12T18:24:25.294773819Z: [    0.000000] RCU: Adjusting geometry for rcu_fanout_leaf=64, nr_cpu_ids=1
[STDERR  ] 2018-05-12T18:24:25.294803954Z: [    0.000000] NR_IRQS:8448 nr_irqs:256 16
[STDERR  ] 2018-05-12T18:24:25.294828502Z: [    0.000000] Console: colour VGA+ 80x25
[STDERR  ] 2018-05-12T18:24:25.294862441Z: [    0.000000] console [ttyS0] enabled
[STDERR  ] 2018-05-12T18:24:25.294908817Z: [    0.000000] clocksource: hpet: mask: 0xffffffff max_cycles: 0xffffffff, max_idle_ns: 19112604467 ns
[STDERR  ] 2018-05-12T18:24:25.294933717Z: [    0.000000] tsc: Fast TSC calibration using PIT
[STDERR  ] 2018-05-12T18:24:25.294963139Z: [    0.000000] tsc: Detected 2600.001 MHz processor
[STDERR  ] 2018-05-12T18:24:25.294995881Z: [    0.032198] Calibrating delay loop (skipped), value calculated using timer frequency.. 5200.00 BogoMIPS (lpj=26000010)
[STDERR  ] 2018-05-12T18:24:25.295043302Z: [    0.034600] pid_max: default: 32768 minimum: 301
[STDERR  ] 2018-05-12T18:24:25.295069717Z: [    0.035541] ACPI: Core revision 20150930
[STDERR  ] 2018-05-12T18:24:25.295104442Z: [    0.080656] ACPI: 1 ACPI AML tables successfully acquired and loaded
[STDERR  ] 2018-05-12T18:24:25.295135954Z: [    0.082777] Security Framework initialized
[STDERR  ] 2018-05-12T18:24:25.295163032Z: [    0.083389] Yama: becoming mindful.
[STDERR  ] 2018-05-12T18:24:25.295190312Z: [    0.087179] Mount-cache hash table entries: 2048 (order: 2, 16384 bytes)
[STDERR  ] 2018-05-12T18:24:25.295216037Z: [    0.088014] Mountpoint-cache hash table entries: 2048 (order: 2, 16384 bytes)
[STDERR  ] 2018-05-12T18:24:25.295241532Z: [    0.103211] Initializing cgroup subsys io
[STDERR  ] 2018-05-12T18:24:25.295270384Z: [    0.104212] Initializing cgroup subsys memory
[STDERR  ] 2018-05-12T18:24:25.295295272Z: [    0.105278] Initializing cgroup subsys devices
[STDERR  ] 2018-05-12T18:24:25.295319707Z: [    0.105916] Initializing cgroup subsys freezer
[STDERR  ] 2018-05-12T18:24:25.295355187Z: [    0.106572] Initializing cgroup subsys net_cls
[STDERR  ] 2018-05-12T18:24:25.295383974Z: [    0.107172] Initializing cgroup subsys perf_event
[STDERR  ] 2018-05-12T18:24:25.295409457Z: [    0.107883] Initializing cgroup subsys net_prio
[STDERR  ] 2018-05-12T18:24:25.295437204Z: [    0.108642] Initializing cgroup subsys hugetlb
[STDERR  ] 2018-05-12T18:24:25.295469795Z: [    0.109327] Initializing cgroup subsys pids
[STDERR  ] 2018-05-12T18:24:25.295497461Z: [    0.112347] Last level iTLB entries: 4KB 0, 2MB 0, 4MB 0
[STDERR  ] 2018-05-12T18:24:25.295524907Z: [    0.113045] Last level dTLB entries: 4KB 0, 2MB 0, 4MB 0, 1GB 0
[STDERR  ] 2018-05-12T18:24:25.295548747Z: [    0.114063] Spectre V2 : LFENCE not serializing. Switching to generic retpoline
[STDERR  ] 2018-05-12T18:24:25.295580697Z: [    0.115009] Spectre V2 : Vulnerable: Minimal generic ASM retpoline
[STDERR  ] 2018-05-12T18:24:25.295607834Z: [    0.115832] Spectre V2 : Filling RSB on context switch
[STDERR  ] 2018-05-12T18:24:25.295631982Z: [    0.419391] Freeing SMP alternatives memory: 20K
[STDERR  ] 2018-05-12T18:24:25.295658279Z: [    0.430990] ftrace: allocating 33547 entries in 132 pages
[STDERR  ] 2018-05-12T18:24:25.295685605Z: [    0.598157] ..TIMER: vector=0x30 apic1=0 pin1=2 apic2=-1 pin2=-1
[STDERR  ] 2018-05-12T18:24:25.295709672Z: [    0.700000] smpboot: CPU0: AMD QEMU Virtual CPU version 2.5+ (family: 0x6, model: 0x6, stepping: 0x3)
[STDERR  ] 2018-05-12T18:24:25.295734774Z: [    0.700000] Performance Events: Broken PMU hardware detected, using software events only.
[STDERR  ] 2018-05-12T18:24:25.295763217Z: [    0.700000] Failed to access perfctr msr (MSR c0010007 is 0)
[STDERR  ] 2018-05-12T18:24:25.295788807Z: [    0.706419] x86: Booted up 1 node, 1 CPUs
[STDERR  ] 2018-05-12T18:24:25.295812924Z: [    0.706912] smpboot: Total of 1 processors activated (5200.00 BogoMIPS)
[STDERR  ] 2018-05-12T18:24:25.295842159Z: [    0.716140] NMI watchdog: disabled (cpu0): hardware events not enabled
[STDERR  ] 2018-05-12T18:24:25.295867591Z: [    0.716805] NMI watchdog: Shutting down hard lockup detector on all cpus
[STDERR  ] 2018-05-12T18:24:25.295891377Z: [    0.727878] devtmpfs: initialized
[STDERR  ] 2018-05-12T18:24:25.295921639Z: [    0.804597] clocksource: jiffies: mask: 0xffffffff max_cycles: 0xffffffff, max_idle_ns: 19112604462750000 ns
[STDERR  ] 2018-05-12T18:24:25.295947029Z: [    0.805758] futex hash table entries: 256 (order: 2, 16384 bytes)
[STDERR  ] 2018-05-12T18:24:25.295986724Z: [    0.823375] NET: Registered protocol family 16
[STDERR  ] 2018-05-12T18:24:25.296029409Z: [    0.830828] cpuidle: using governor ladder
[STDERR  ] 2018-05-12T18:24:25.296054539Z: [    0.831333] cpuidle: using governor menu
[STDERR  ] 2018-05-12T18:24:25.296083995Z: [    0.832753] ACPI: bus type PCI registered
[STDERR  ] 2018-05-12T18:24:25.296121102Z: [    0.836029] PCI: MMCONFIG for domain 0000 [bus 00-ff] at [mem 0xb0000000-0xbfffffff] (base 0xb0000000)
[STDERR  ] 2018-05-12T18:24:25.296156175Z: [    0.836942] PCI: MMCONFIG at [mem 0xb0000000-0xbfffffff] reserved in E820
[STDERR  ] 2018-05-12T18:24:25.296184974Z: [    0.838381] PCI: Using configuration type 1 for base access
[STDERR  ] 2018-05-12T18:24:25.296210542Z: [    0.908003] ACPI: Added _OSI(Module Device)
[STDERR  ] 2018-05-12T18:24:25.296234954Z: [    0.908359] ACPI: Added _OSI(Processor Device)
[STDERR  ] 2018-05-12T18:24:25.296271684Z: [    0.908675] ACPI: Added _OSI(3.0 _SCP Extensions)
[STDERR  ] 2018-05-12T18:24:25.296296121Z: [    0.909000] ACPI: Added _OSI(Processor Aggregator Device)
[STDERR  ] 2018-05-12T18:24:25.296321037Z: [    0.986590] ACPI: Interpreter enabled
[STDERR  ] 2018-05-12T18:24:25.296350277Z: [    0.987424] ACPI: (supports S0 S5)
[STDERR  ] 2018-05-12T18:24:25.296374349Z: [    0.987826] ACPI: Using IOAPIC for interrupt routing
[STDERR  ] 2018-05-12T18:24:25.296402739Z: [    0.991655] PCI: Using host bridge windows from ACPI; if necessary, use "pci=nocrs" and report a bug
[STDERR  ] 2018-05-12T18:24:25.296438547Z: [    1.059562] ACPI: PCI Root Bridge [PCI0] (domain 0000 [bus 00-ff])
[STDERR  ] 2018-05-12T18:24:25.296474907Z: [    1.060577] acpi PNP0A08:00: _OSC: OS supports [ExtendedConfig ASPM ClockPM Segments MSI]
[STDERR  ] 2018-05-12T18:24:25.296503835Z: [    1.066208] acpi PNP0A08:00: _OSC: OS now controls [PCIeHotplug PME PCIeCapability]
[STDERR  ] 2018-05-12T18:24:25.296530195Z: [    1.070390] PCI host bridge to bus 0000:00
[STDERR  ] 2018-05-12T18:24:25.296554511Z: [    1.070843] pci_bus 0000:00: root bus resource [io  0x0000-0x0cf7 window]
[STDERR  ] 2018-05-12T18:24:25.296581075Z: [    1.071310] pci_bus 0000:00: root bus resource [io  0x0d00-0xffff window]
[STDERR  ] 2018-05-12T18:24:25.296617167Z: [    1.071755] pci_bus 0000:00: root bus resource [mem 0x000a0000-0x000bffff window]
[STDERR  ] 2018-05-12T18:24:25.296641369Z: [    1.072235] pci_bus 0000:00: root bus resource [mem 0xc0000000-0xfebfffff window]
[STDERR  ] 2018-05-12T18:24:25.296675929Z: [    1.072820] pci_bus 0000:00: root bus resource [bus 00-ff]
[STDERR  ] 2018-05-12T18:24:25.296703179Z: [    1.189415] pci 0000:00:1f.0: quirk: [io  0x0600-0x067f] claimed by ICH6 ACPI/GPIO/TCO
[STDERR  ] 2018-05-12T18:24:25.296727474Z: [    1.256537] ACPI: PCI Interrupt Link [LNKA] (IRQs 5 *10 11)
[STDERR  ] 2018-05-12T18:24:25.296761507Z: [    1.258578] ACPI: PCI Interrupt Link [LNKB] (IRQs 5 *10 11)
[STDERR  ] 2018-05-12T18:24:25.296787395Z: [    1.260554] ACPI: PCI Interrupt Link [LNKC] (IRQs 5 10 *11)
[STDERR  ] 2018-05-12T18:24:25.296811647Z: [    1.262334] ACPI: PCI Interrupt Link [LNKD] (IRQs 5 10 *11)
[STDERR  ] 2018-05-12T18:24:25.296840045Z: [    1.264019] ACPI: PCI Interrupt Link [LNKE] (IRQs 5 *10 11)
[STDERR  ] 2018-05-12T18:24:25.296865259Z: [    1.265914] ACPI: PCI Interrupt Link [LNKF] (IRQs 5 *10 11)
[STDERR  ] 2018-05-12T18:24:25.296889995Z: [    1.267604] ACPI: PCI Interrupt Link [LNKG] (IRQs 5 10 *11)
[STDERR  ] 2018-05-12T18:24:25.296916839Z: [    1.270128] ACPI: PCI Interrupt Link [LNKH] (IRQs 5 10 *11)
[STDERR  ] 2018-05-12T18:24:25.296950571Z: [    1.271093] ACPI: PCI Interrupt Link [GSIA] (IRQs *16)
[STDERR  ] 2018-05-12T18:24:25.296980224Z: [    1.271716] ACPI: PCI Interrupt Link [GSIB] (IRQs *17)
[STDERR  ] 2018-05-12T18:24:25.297015437Z: [    1.272346] ACPI: PCI Interrupt Link [GSIC] (IRQs *18)
[STDERR  ] 2018-05-12T18:24:25.297039737Z: [    1.273036] ACPI: PCI Interrupt Link [GSID] (IRQs *19)
[STDERR  ] 2018-05-12T18:24:25.297063662Z: [    1.273859] ACPI: PCI Interrupt Link [GSIE] (IRQs *20)
[STDERR  ] 2018-05-12T18:24:25.297106224Z: [    1.274510] ACPI: PCI Interrupt Link [GSIF] (IRQs *21)
[STDERR  ] 2018-05-12T18:24:25.297130779Z: [    1.275223] ACPI: PCI Interrupt Link [GSIG] (IRQs *22)
[STDERR  ] 2018-05-12T18:24:25.297156384Z: [    1.275853] ACPI: PCI Interrupt Link [GSIH] (IRQs *23)
[STDERR  ] 2018-05-12T18:24:25.297184937Z: [    1.280000] ACPI: Enabled 2 GPEs in block 00 to 3F
[STDERR  ] 2018-05-12T18:24:25.297219177Z: [    1.283763] SCSI subsystem initialized
[STDERR  ] 2018-05-12T18:24:25.297246577Z: [    1.286264] ACPI: bus type USB registered
[STDERR  ] 2018-05-12T18:24:25.297274354Z: [    1.288415] usbcore: registered new interface driver usbfs
[STDERR  ] 2018-05-12T18:24:25.297306379Z: [    1.290721] usbcore: registered new interface driver hub
[STDERR  ] 2018-05-12T18:24:25.297333379Z: [    1.292002] usbcore: registered new device driver usb
[STDERR  ] 2018-05-12T18:24:25.297365877Z: [    1.293941] pps_core: LinuxPPS API ver. 1 registered
[STDERR  ] 2018-05-12T18:24:25.297389657Z: [    1.294309] pps_core: Software ver. 5.3.6 - Copyright 2005-2007 Rodolfo Giometti <giometti@linux.it>
[STDERR  ] 2018-05-12T18:24:25.297417301Z: [    1.295242] PTP clock support registered
[STDERR  ] 2018-05-12T18:24:25.297450834Z: [    1.296753] wmi: Mapper loaded
[STDERR  ] 2018-05-12T18:24:25.297493244Z: [    1.298003] PCI: Using ACPI for IRQ routing
[STDERR  ] 2018-05-12T18:24:25.297527089Z: [    1.318222] NetLabel: Initializing
[STDERR  ] 2018-05-12T18:24:25.297552314Z: [    1.318542] NetLabel:  domain hash size = 128
[STDERR  ] 2018-05-12T18:24:25.297577687Z: [    1.318926] NetLabel:  protocols = UNLABELED CIPSOv4
[STDERR  ] 2018-05-12T18:24:25.297606951Z: [    1.320892] NetLabel:  unlabeled traffic allowed by default
[STDERR  ] 2018-05-12T18:24:25.297632315Z: [    1.322427] HPET: 3 timers in total, 0 timers will be used for per-cpu timer
[STDERR  ] 2018-05-12T18:24:25.297663314Z: [    1.323230] hpet0: at MMIO 0xfed00000, IRQs 2, 8, 0
[STDERR  ] 2018-05-12T18:24:25.297690417Z: [    1.323756] hpet0: 3 comparators, 64-bit 100.000000 MHz counter
[STDERR  ] 2018-05-12T18:24:25.297721669Z: [    1.328402] amd_nb: Cannot enumerate AMD northbridges
[STDERR  ] 2018-05-12T18:24:25.297748792Z: [    1.329465] clocksource: Switched to clocksource hpet
[STDERR  ] 2018-05-12T18:24:25.297782042Z: [    1.568941] FS-Cache: Loaded
[STDERR  ] 2018-05-12T18:24:25.297807904Z: [    1.573207] CacheFiles: Loaded
[STDERR  ] 2018-05-12T18:24:25.297835244Z: [    1.575340] pnp: PnP ACPI init
[STDERR  ] 2018-05-12T18:24:25.297870979Z: [    1.587645] pnp: PnP ACPI: found 5 devices
[STDERR  ] 2018-05-12T18:24:25.297898164Z: [    1.642837] clocksource: acpi_pm: mask: 0xffffff max_cycles: 0xffffff, max_idle_ns: 2085701024 ns
[STDERR  ] 2018-05-12T18:24:25.297927662Z: [    1.645303] NET: Registered protocol family 2
[STDERR  ] 2018-05-12T18:24:25.297952567Z: [    1.653300] TCP established hash table entries: 8192 (order: 4, 65536 bytes)
[STDERR  ] 2018-05-12T18:24:25.297977624Z: [    1.654044] TCP bind hash table entries: 8192 (order: 5, 131072 bytes)
[STDERR  ] 2018-05-12T18:24:25.298006539Z: [    1.654744] TCP: Hash tables configured (established 8192 bind 8192)
[STDERR  ] 2018-05-12T18:24:25.298031901Z: [    1.656295] UDP hash table entries: 512 (order: 2, 16384 bytes)
[STDERR  ] 2018-05-12T18:24:25.298055827Z: [    1.656903] UDP-Lite hash table entries: 512 (order: 2, 16384 bytes)
[STDERR  ] 2018-05-12T18:24:25.298083037Z: [    1.659361] NET: Registered protocol family 1
[STDERR  ] 2018-05-12T18:24:25.298131532Z: [    1.667230] Unpacking initramfs...
[STDERR  ] 2018-05-12T18:24:25.298155695Z: [    5.045573] Freeing initrd memory: 23836K
[STDERR  ] 2018-05-12T18:24:25.298183279Z: [    5.069643] PCLMULQDQ-NI instructions are not detected.
[STDERR  ] 2018-05-12T18:24:25.298210601Z: [    5.071468] AVX or AES-NI instructions are not detected.
[STDERR  ] 2018-05-12T18:24:25.298234809Z: [    5.071909] CPU feature 'AVX registers' is not supported.
[STDERR  ] 2018-05-12T18:24:25.298258775Z: [    5.072421] CPU feature 'AVX registers' is not supported.
[STDERR  ] 2018-05-12T18:24:25.298306245Z: [    5.072907] CPU feature 'AVX registers' is not supported.
[STDERR  ] 2018-05-12T18:24:25.298338487Z: [    5.073418] CPU feature 'AVX registers' is not supported.
[STDERR  ] 2018-05-12T18:24:25.298368851Z: [    5.073905] AVX2 or AES-NI instructions are not detected.
[STDERR  ] 2018-05-12T18:24:25.298392559Z: [    5.074377] AVX2 instructions are not detected.
[STDERR  ] 2018-05-12T18:24:25.298422951Z: [    5.082398] audit: initializing netlink subsys (disabled)
[STDERR  ] 2018-05-12T18:24:25.298447547Z: [    5.084029] audit: type=2000 audit(1526149450.080:1): initialized
[STDERR  ] 2018-05-12T18:24:25.298481247Z: [    5.092393] HugeTLB registered 2 MB page size, pre-allocated 0 pages
[STDERR  ] 2018-05-12T18:24:25.298505474Z: [    5.096425] VFS: Disk quotas dquot_6.6.0
[STDERR  ] 2018-05-12T18:24:25.298535151Z: [    5.097069] VFS: Dquot-cache hash table entries: 512 (order 0, 4096 bytes)
[STDERR  ] 2018-05-12T18:24:25.298560385Z: [    5.101251] squashfs: version 4.0 (2009/01/31) Phillip Lougher
[STDERR  ] 2018-05-12T18:24:25.298594671Z: [    5.104654] FS-Cache: Netfs 'cifs' registered for caching
[STDERR  ] 2018-05-12T18:24:25.298622637Z: [    5.105613] fuse init (API version 7.23)
[STDERR  ] 2018-05-12T18:24:25.298655564Z: [    5.108359] SGI XFS with ACLs, security attributes, no debug enabled
[STDERR  ] 2018-05-12T18:24:25.298683714Z: [    5.111754] 9p: Installing v9fs 9p2000 file system support
[STDERR  ] 2018-05-12T18:24:25.298713061Z: [    5.112419] FS-Cache: Netfs '9p' registered for caching
[STDERR  ] 2018-05-12T18:24:25.298737872Z: [    5.114383] Key type big_key registered
[STDERR  ] 2018-05-12T18:24:25.298762131Z: [    5.148790] NET: Registered protocol family 38
[STDERR  ] 2018-05-12T18:24:25.298794025Z: [    5.149344] Key type asymmetric registered
[STDERR  ] 2018-05-12T18:24:25.298819139Z: [    5.149686] Asymmetric key parser 'x509' registered
[STDERR  ] 2018-05-12T18:24:25.298843474Z: [    5.151711] Block layer SCSI generic (bsg) driver version 0.4 loaded (major 251)
[STDERR  ] 2018-05-12T18:24:25.298867287Z: [    5.153115] io scheduler noop registered
[STDERR  ] 2018-05-12T18:24:25.298899657Z: [    5.153542] io scheduler deadline registered (default)
[STDERR  ] 2018-05-12T18:24:25.298921294Z: [    5.154128] io scheduler cfq registered
[STDERR  ] 2018-05-12T18:24:25.298952325Z: [    5.156925] pci_hotplug: PCI Hot Plug PCI Core version: 0.5
[STDERR  ] 2018-05-12T18:24:25.299001759Z: [    5.157508] pciehp: PCI Express Hot Plug Controller Driver version: 0.4
[STDERR  ] 2018-05-12T18:24:25.299026657Z: [    5.158344] shpchp: Standard Hot Plug PCI Controller Driver version: 0.4
[STDERR  ] 2018-05-12T18:24:25.299053987Z: [    5.159223] hv_vmbus: registering driver hyperv_fb
[STDERR  ] 2018-05-12T18:24:25.299074052Z: [    5.163731] input: Power Button as /devices/LNXSYSTM:00/LNXPWRBN:00/input/input0
[STDERR  ] 2018-05-12T18:24:25.299098812Z: [    5.167795] ACPI: Power Button [PWRF]
[STDERR  ] 2018-05-12T18:24:25.299117214Z: [    5.173414] GHES: HEST is not enabled!
[STDERR  ] 2018-05-12T18:24:25.299138611Z: [    5.185429] ACPI: PCI Interrupt Link [GSIG] enabled at IRQ 22
[STDERR  ] 2018-05-12T18:24:25.299165875Z: [    5.199324] ACPI: PCI Interrupt Link [GSIH] enabled at IRQ 23
[STDERR  ] 2018-05-12T18:24:25.299190222Z: [    5.203935] xenfs: not registering filesystem on non-xen platform
[STDERR  ] 2018-05-12T18:24:25.299215117Z: [    5.206376] Serial: 8250/16550 driver, 4 ports, IRQ sharing disabled
[STDERR  ] 2018-05-12T18:24:25.299245807Z: [    5.231393] 00:04: ttyS0 at I/O 0x3f8 (irq = 4, base_baud = 115200) is a 16550A
[STDERR  ] 2018-05-12T18:24:25.299274529Z: [    5.243031] Non-volatile memory driver v1.3
[STDERR  ] 2018-05-12T18:24:25.299298512Z: [    5.249555] Hangcheck: starting hangcheck timer 0.9.1 (tick is 180 seconds, margin is 60 seconds).
[STDERR  ] 2018-05-12T18:24:25.299334715Z: [    5.256409] random: nonblocking pool is initialized
[STDERR  ] 2018-05-12T18:24:25.299353684Z: [    5.292905] loop: module loaded
[STDERR  ] 2018-05-12T18:24:25.299380527Z: [    5.305987] nbd: registered device at major 43
[STDERR  ] 2018-05-12T18:24:25.299399239Z: [    5.349268] lpc_ich 0000:00:1f.0: I/O space for GPIO uninitialized
[STDERR  ] 2018-05-12T18:24:25.299417942Z: [    5.351352] VMware PVSCSI driver - version 1.0.5.0-k
[STDERR  ] 2018-05-12T18:24:25.299436279Z: [    5.352125] hv_vmbus: registering driver hv_storvsc
[STDERR  ] 2018-05-12T18:24:25.299460447Z: [    5.362975] ACPI: PCI Interrupt Link [GSIA] enabled at IRQ 16
[STDERR  ] 2018-05-12T18:24:25.299486027Z: [    5.369072] ahci 0000:00:1f.2: AHCI 0001.0000 32 slots 6 ports 1.5 Gbps 0x3f impl SATA mode
[STDERR  ] 2018-05-12T18:24:25.299509442Z: [    5.369769] ahci 0000:00:1f.2: flags: 64bit ncq only 
[STDERR  ] 2018-05-12T18:24:25.299527855Z: [    5.392110] scsi host0: ahci
[STDERR  ] 2018-05-12T18:24:25.299546747Z: [    5.395099] scsi host1: ahci
[STDERR  ] 2018-05-12T18:24:25.299565191Z: [    5.397410] scsi host2: ahci
[STDERR  ] 2018-05-12T18:24:25.299585239Z: [    5.399562] scsi host3: ahci
[STDERR  ] 2018-05-12T18:24:25.299604409Z: [    5.402129] scsi host4: ahci
[STDERR  ] 2018-05-12T18:24:25.299623447Z: [    5.404417] scsi host5: ahci
[STDERR  ] 2018-05-12T18:24:25.299642449Z: [    5.406280] ata1: SATA max UDMA/133 abar m4096@0xfebd2000 port 0xfebd2100 irq 24
[STDERR  ] 2018-05-12T18:24:25.299661032Z: [    5.406917] ata2: SATA max UDMA/133 abar m4096@0xfebd2000 port 0xfebd2180 irq 24
[STDERR  ] 2018-05-12T18:24:25.299679671Z: [    5.407487] ata3: SATA max UDMA/133 abar m4096@0xfebd2000 port 0xfebd2200 irq 24
[STDERR  ] 2018-05-12T18:24:25.299709602Z: [    5.408020] ata4: SATA max UDMA/133 abar m4096@0xfebd2000 port 0xfebd2280 irq 24
[STDERR  ] 2018-05-12T18:24:25.299735854Z: [    5.408645] ata5: SATA max UDMA/133 abar m4096@0xfebd2000 port 0xfebd2300 irq 24
[STDERR  ] 2018-05-12T18:24:25.299754594Z: [    5.409195] ata6: SATA max UDMA/133 abar m4096@0xfebd2000 port 0xfebd2380 irq 24
[STDERR  ] 2018-05-12T18:24:25.299772984Z: [    5.422265] tun: Universal TUN/TAP device driver, 1.6
[STDERR  ] 2018-05-12T18:24:25.299791851Z: [    5.422660] tun: (C) 1999-2004 Max Krasnyansky <maxk@qualcomm.com>
[STDERR  ] 2018-05-12T18:24:25.299814777Z: [    5.433984] VMware vmxnet3 virtual NIC driver - version 1.4.5.0-k-NAPI
[STDERR  ] 2018-05-12T18:24:25.299833209Z: [    5.434972] hv_vmbus: registering driver hv_netvsc
[STDERR  ] 2018-05-12T18:24:25.299851604Z: [    5.435390] Fusion MPT base driver 3.04.20
[STDERR  ] 2018-05-12T18:24:25.299869932Z: [    5.435778] Copyright (c) 1999-2008 LSI Corporation
[STDERR  ] 2018-05-12T18:24:25.299891471Z: [    5.436539] Fusion MPT SPI Host driver 3.04.20
[STDERR  ] 2018-05-12T18:24:25.299910207Z: [    5.438048] usbcore: registered new interface driver usb-storage
[STDERR  ] 2018-05-12T18:24:25.299928542Z: [    5.439887] i8042: PNP: PS/2 Controller [PNP0303:KBD,PNP0f13:MOU] at 0x60,0x64 irq 1,12
[STDERR  ] 2018-05-12T18:24:25.299947992Z: [    5.445171] serio: i8042 KBD port at 0x60,0x64 irq 1
[STDERR  ] 2018-05-12T18:24:25.299975352Z: [    5.446046] serio: i8042 AUX port at 0x60,0x64 irq 12
[STDERR  ] 2018-05-12T18:24:25.300007841Z: [    5.449650] hv_vmbus: registering driver hyperv_keyboard
[STDERR  ] 2018-05-12T18:24:25.300027967Z: [    5.452448] mousedev: PS/2 mouse device common for all mice
[STDERR  ] 2018-05-12T18:24:25.300046375Z: [    5.457752] input: AT Translated Set 2 keyboard as /devices/platform/i8042/serio0/input/input1
[STDERR  ] 2018-05-12T18:24:25.300070269Z: [    5.461375] input: PC Speaker as /devices/platform/pcspkr/input/input2
[STDERR  ] 2018-05-12T18:24:25.300089194Z: [    5.465594] rtc_cmos 00:00: RTC can wake from S4
[STDERR  ] 2018-05-12T18:24:25.300107835Z: [    5.468953] rtc_cmos 00:00: rtc core: registered rtc_cmos as rtc0
[STDERR  ] 2018-05-12T18:24:25.300126147Z: [    5.470887] rtc_cmos 00:00: alarms up to one day, y3k, 114 bytes nvram, hpet irqs
[STDERR  ] 2018-05-12T18:24:25.300144507Z: [    5.471954] i2c /dev entries driver
[STDERR  ] 2018-05-12T18:24:25.300169525Z: [    5.474123] device-mapper: ioctl: 4.34.0-ioctl (2015-10-28) initialised: dm-devel@redhat.com
[STDERR  ] 2018-05-12T18:24:25.300195617Z: [    5.479997] usbcore: registered new interface driver usbhid
[STDERR  ] 2018-05-12T18:24:25.300214035Z: [    5.480919] usbhid: USB HID core driver
[STDERR  ] 2018-05-12T18:24:25.300232175Z: [    5.481785] hv_utils: Registering HyperV Utility Driver
[STDERR  ] 2018-05-12T18:24:25.300250069Z: [    5.482261] hv_vmbus: registering driver hv_util
[STDERR  ] 2018-05-12T18:24:25.300276461Z: [    5.482717] hv_vmbus: registering driver hv_balloon
[STDERR  ] 2018-05-12T18:24:25.300306065Z: [    5.483363] oprofile: using NMI interrupt.
[STDERR  ] 2018-05-12T18:24:25.300324504Z: [    5.484619] GACT probability on
[STDERR  ] 2018-05-12T18:24:25.300343239Z: [    5.485127] Mirror/redirect action on
[STDERR  ] 2018-05-12T18:24:25.300369964Z: [    5.485718] Simple TC action Loaded
[STDERR  ] 2018-05-12T18:24:25.300388082Z: [    5.486241] u32 classifier
[STDERR  ] 2018-05-12T18:24:25.300406927Z: [    5.486854]     Performance counters on
[STDERR  ] 2018-05-12T18:24:25.300424977Z: [    5.487240]     input device check on
[STDERR  ] 2018-05-12T18:24:25.300443002Z: [    5.487591]     Actions configured
[STDERR  ] 2018-05-12T18:24:25.300468922Z: [    5.488468] Netfilter messages via NETLINK v0.30.
[STDERR  ] 2018-05-12T18:24:25.300487207Z: [    5.489154] nfnl_acct: registering with nfnetlink.
[STDERR  ] 2018-05-12T18:24:25.300514192Z: [    5.490708] nf_conntrack version 0.5.0 (7922 buckets, 31688 max)
[STDERR  ] 2018-05-12T18:24:25.300532551Z: [    5.494622] ctnetlink v0.93: registering with nfnetlink.
[STDERR  ] 2018-05-12T18:24:25.300554589Z: [    5.499027] nf_tables: (c) 2007-2009 Patrick McHardy <kaber@trash.net>
[STDERR  ] 2018-05-12T18:24:25.300573077Z: [    5.500178] nf_tables_compat: (c) 2012 Pablo Neira Ayuso <pablo@netfilter.org>
[STDERR  ] 2018-05-12T18:24:25.300591201Z: [    5.500178] xt_time: kernel timezone is -0000
[STDERR  ] 2018-05-12T18:24:25.300609572Z: [    5.500178] ip_set: protocol 6
[STDERR  ] 2018-05-12T18:24:25.300628705Z: [    5.500178] IPVS: Registered protocols (TCP, UDP, SCTP, AH, ESP)
[STDERR  ] 2018-05-12T18:24:25.300646907Z: [    5.500178] IPVS: Connection hash table configured (size=4096, memory=64Kbytes)
[STDERR  ] 2018-05-12T18:24:25.300665047Z: [    5.509933] IPVS: Creating netns size=2096 id=0
[STDERR  ] 2018-05-12T18:24:25.300683264Z: [    5.513876] IPVS: ipvs loaded.
[STDERR  ] 2018-05-12T18:24:25.300701645Z: [    5.514351] IPVS: [rr] scheduler registered.
[STDERR  ] 2018-05-12T18:24:25.300719634Z: [    5.514924] IPVS: [wrr] scheduler registered.
[STDERR  ] 2018-05-12T18:24:25.300737681Z: [    5.515459] IPVS: [lc] scheduler registered.
[STDERR  ] 2018-05-12T18:24:25.300755777Z: [    5.515964] IPVS: [wlc] scheduler registered.
[STDERR  ] 2018-05-12T18:24:25.300773709Z: [    5.516503] IPVS: [fo] scheduler registered.
[STDERR  ] 2018-05-12T18:24:25.300791647Z: [    5.517019] IPVS: [ovf] scheduler registered.
[STDERR  ] 2018-05-12T18:24:25.300813064Z: [    5.517768] IPVS: [lblc] scheduler registered.
[STDERR  ] 2018-05-12T18:24:25.300831791Z: [    5.518411] IPVS: [lblcr] scheduler registered.
[STDERR  ] 2018-05-12T18:24:25.300849664Z: [    5.518994] IPVS: [dh] scheduler registered.
[STDERR  ] 2018-05-12T18:24:25.300867653Z: [    5.519526] IPVS: [sh] scheduler registered.
[STDERR  ] 2018-05-12T18:24:25.300885634Z: [    5.520120] IPVS: [sed] scheduler registered.
[STDERR  ] 2018-05-12T18:24:25.300903966Z: [    5.521014] IPVS: [nq] scheduler registered.
[STDERR  ] 2018-05-12T18:24:25.300922170Z: [    5.521926] IPVS: ftp: loaded support on port[0] = 21
[STDERR  ] 2018-05-12T18:24:25.300940391Z: [    5.522936] ipip: IPv4 over IPv4 tunneling driver
[STDERR  ] 2018-05-12T18:24:25.300958651Z: [    5.527971] gre: GRE over IPv4 demultiplexor driver
[STDERR  ] 2018-05-12T18:24:25.300980674Z: [    5.532352] ip_tables: (C) 2000-2006 Netfilter Core Team
[STDERR  ] 2018-05-12T18:24:25.300999074Z: [    5.535964] ipt_CLUSTERIP: ClusterIP Version 0.8 loaded successfully
[STDERR  ] 2018-05-12T18:24:25.301017296Z: [    5.537000] arp_tables: (C) 2002 David S. Miller
[STDERR  ] 2018-05-12T18:24:25.301041941Z: [    5.541892] NET: Registered protocol family 10
[STDERR  ] 2018-05-12T18:24:25.301074003Z: [    5.556690] ip6_tables: (C) 2000-2006 Netfilter Core Team
[STDERR  ] 2018-05-12T18:24:25.301119703Z: [    5.569367] NET: Registered protocol family 17
[STDERR  ] 2018-05-12T18:24:25.301138924Z: [    5.571770] bridge: automatic filtering via arp/ip/ip6tables has been deprecated. Update your scripts to load br_netfilter if you need this.
[STDERR  ] 2018-05-12T18:24:25.301166024Z: [    5.574115] Bridge firewalling registered
[STDERR  ] 2018-05-12T18:24:25.301185356Z: [    5.575115] Ebtables v2.0 registered
[STDERR  ] 2018-05-12T18:24:25.301203671Z: [    5.577996] 8021q: 802.1Q VLAN Support v1.8
[STDERR  ] 2018-05-12T18:24:25.301221630Z: [    5.579585] 9pnet: Installing 9P2000 support
[STDERR  ] 2018-05-12T18:24:25.301242121Z: [    5.581923] Key type dns_resolver registered
[STDERR  ] 2018-05-12T18:24:25.301279980Z: [    5.587132] registered taskstats version 1
[STDERR  ] 2018-05-12T18:24:25.301310096Z: [    5.761366] ata1: SATA link down (SStatus 0 SControl 300)
[STDERR  ] 2018-05-12T18:24:25.301340991Z: [    5.763578] ata2: SATA link down (SStatus 0 SControl 300)
[STDERR  ] 2018-05-12T18:24:25.301369508Z: [    5.764466] ata3: SATA link up 1.5 Gbps (SStatus 113 SControl 300)
[STDERR  ] 2018-05-12T18:24:25.301401926Z: [    5.768984] ata3.00: ATAPI: QEMU DVD-ROM, 2.5+, max UDMA/100
[STDERR  ] 2018-05-12T18:24:25.301429274Z: [    5.769696] ata3.00: applying bridge limits
[STDERR  ] 2018-05-12T18:24:25.301448824Z: [    5.771529] ata4: SATA link down (SStatus 0 SControl 300)
[STDERR  ] 2018-05-12T18:24:25.301476410Z: [    5.772263] ata5: SATA link down (SStatus 0 SControl 300)
[STDERR  ] 2018-05-12T18:24:25.301494588Z: [    5.772904] ata6: SATA link down (SStatus 0 SControl 300)
[STDERR  ] 2018-05-12T18:24:25.301513193Z: [    5.781518] ata3.00: configured for UDMA/100
[STDERR  ] 2018-05-12T18:24:25.301531423Z: [    5.797144] scsi 2:0:0:0: CD-ROM            QEMU     QEMU DVD-ROM     2.5+ PQ: 0 ANSI: 5
[STDERR  ] 2018-05-12T18:24:25.301550136Z: [    5.801269] Key type encrypted registered
[STDERR  ] 2018-05-12T18:24:25.301568446Z: [    5.806859] rtc_cmos 00:00: setting system clock to 2018-05-12 18:24:11 UTC (1526149451)
[STDERR  ] 2018-05-12T18:24:25.301586686Z: [    5.823869] sr 2:0:0:0: [sr0] scsi3-mmc drive: 4x/4x cd/rw xa/form2 tray
[STDERR  ] 2018-05-12T18:24:25.301604903Z: [    5.824881] cdrom: Uniform CD-ROM driver Revision: 3.20
[STDERR  ] 2018-05-12T18:24:25.301627733Z: [    5.833544] sr 2:0:0:0: Attached scsi generic sg0 type 5
[STDERR  ] 2018-05-12T18:24:25.301646444Z: [    5.969559] Freeing unused kernel memory: 1320K
[STDERR  ] 2018-05-12T18:24:25.301664790Z: [    5.970012] Write protecting the kernel read-only data: 12288k
[STDERR  ] 2018-05-12T18:24:25.301689321Z: [    5.978094] Freeing unused kernel memory: 524K
[STDERR  ] 2018-05-12T18:24:25.301708003Z: [    6.092384] Freeing unused kernel memory: 1384K
[STDERR  ] 2018-05-12T18:24:25.301726384Z: [    6.093657] tsc: Refined TSC clocksource calibration: 2600.002 MHz
[STDERR  ] 2018-05-12T18:24:25.301744733Z: [    6.094172] clocksource: tsc: mask: 0xffffffffffffffff max_cycles: 0x257a3e40e8d, max_idle_ns: 440795298933 ns
[STDERR  ] 2018-05-12T18:24:25.301763120Z: [    7.098970] clocksource: Switched to clocksource tsc
[STDERR  ] 2018-05-12T18:24:25.301781423Z: 
[STDERR  ] 2018-05-12T18:24:25.301799948Z: Welcome to LinuxKit
[STDERR  ] 2018-05-12T18:24:25.301824843Z: 
[STDERR  ] 2018-05-12T18:24:25.301843020Z:                         ##         .
[STDERR  ] 2018-05-12T18:24:25.301862230Z:                   ## ## ##        ==
[STDERR  ] 2018-05-12T18:24:25.301881166Z:                ## ## ## ## ##    ===
[STDERR  ] 2018-05-12T18:24:25.301899604Z:            /"""""""""""""""""\___/ ===
[STDERR  ] 2018-05-12T18:24:25.301918010Z:           {                       /  ===-
[STDERR  ] 2018-05-12T18:24:25.301936241Z:            \______ O           __/
[STDERR  ] 2018-05-12T18:24:25.301955076Z:              \    \         __/
[STDERR  ] 2018-05-12T18:24:25.301995171Z:               \____\_______/
[STDERR  ] 2018-05-12T18:24:25.302019146Z: 
[STDERR  ] 2018-05-12T18:24:25.302037296Z: [   14.781073] hello_world: loading out-of-tree module taints kernel.
[STDERR  ] 2018-05-12T18:24:25.302065448Z: [   14.783603] Hello LinuxKit
[STDERR  ] 2018-05-12T18:24:25.302106340Z: [   14.878768] Goodbye LinuxKit.
[STDERR  ] 2018-05-12T18:24:25.302143970Z: Linux linuxkit-d20fdfda7a48 4.4.131-linuxkit #1 SMP Thu May 10 10:32:36 UTC 2018 x86_64 Linux
[STDERR  ] 2018-05-12T18:24:25.302169656Z: filename:       hello_world.ko
[STDERR  ] 2018-05-12T18:24:25.302188881Z: author:         Rolf Neugebauer <rolf.neugebauer@docker.com>
[STDERR  ] 2018-05-12T18:24:25.302207536Z: description:    A simple Hello World kernel module for testing
[STDERR  ] 2018-05-12T18:24:25.302225876Z: license:        GPL
[STDERR  ] 2018-05-12T18:24:25.302243968Z: depends:        
[STDERR  ] 2018-05-12T18:24:25.302262284Z: vermagic:       4.4.131-linuxkit SMP mod_unload 
[STDERR  ] 2018-05-12T18:24:25.302280666Z: Kernel module test suite PASSED
[STDERR  ] 2018-05-12T18:24:25.302309351Z: [   19.256586] ACPI: Preparing to enter system sleep state S5
[STDERR  ] 2018-05-12T18:24:25.302327966Z: [   19.257803] reboot: Power down
[STDERR  ] 2018-05-12T18:24:25.302346533Z: + exit 0
[STDERR  ] 2018-05-12T18:24:25.302364753Z: + clean_up
[STDERR  ] 2018-05-12T18:24:25.302382801Z: + docker rmi kmod-test
[STDOUT  ] 2018-05-12T18:24:25.322940884Z: Untagged: kmod-test:latest
[STDOUT  ] 2018-05-12T18:24:25.323040291Z: Deleted: sha256:8fa01e8971c225808973ecd91fd2077b477854c3406d189f1574df9ce9767ed5
[STDOUT  ] 2018-05-12T18:24:25.323061342Z: Deleted: sha256:c5f17b60b2d944357b7d42e5d16d3aee3ab5ca4745ba7f3fd0eeda8864f18968
[STDOUT  ] 2018-05-12T18:24:25.323080716Z: Deleted: sha256:38f1b2bd247d4ee54d37635c0b4e9b87ccb36d980893ad487494cc81155e41eb
[STDOUT  ] 2018-05-12T18:24:25.323099624Z: Deleted: sha256:1f84096b0a57dff772a26f5e9c1b5d81e261cf3ce207f67b8dd864ef4747e6d6
[STDOUT  ] 2018-05-12T18:24:25.323117844Z: Deleted: sha256:b01fab09c39f285f855f3280958dc946c6f803aa80934ea32a183c6d6dae051d
[STDERR  ] 2018-05-12T18:24:25.323962924Z: + rm -rf kmod-cmdline kmod-initrd.img kmod-kernel kmod-state
[PASS    ] linuxkit.kernel.kmod_4.4.x 37.94s
