[INFO    ] 2017-11-30T20:11:47.127159108Z: Running Test linuxkit.packages.extend.btrfs in /tmp/build/test/cases/040_packages/005_extend/001_btrfs
[INFO    ] 2017-11-30T20:11:47.127265699Z: Running command: [/bin/sh -x /tmp/build/test/cases/040_packages/005_extend/001_btrfs/test.sh]
[STDERR  ] 2017-11-30T20:11:47.218002387Z: + set -ex
[STDERR  ] 2017-11-30T20:11:47.218085122Z: + . /tmp/build/test/cases/_lib/lib.sh
[STDERR  ] 2017-11-30T20:11:47.21809504Z: + [ -f src/github.com/linuxkit/rtf/lib/lib.sh ]
[STDERR  ] 2017-11-30T20:11:47.218104268Z: + LINUXKIT_TMPDIR=/tmp/build/test/cases/_tmp
[STDERR  ] 2017-11-30T20:11:47.218114021Z: + [ -f /tmp/build/test/cases/_tmp/env.sh ]
[STDERR  ] 2017-11-30T20:11:47.218124997Z: + . /tmp/build/test/cases/_tmp/env.sh
[STDERR  ] 2017-11-30T20:11:47.218136052Z: + export LINUXKIT_EXAMPLES_DIR=/tmp/build/test/cases/../../examples
[STDERR  ] 2017-11-30T20:11:47.218146138Z: + export LINUXKIT_BLUEPRINTS_DIR=/tmp/build/test/cases/../../blueprints
[STDERR  ] 2017-11-30T20:11:47.218155345Z: + RT_CANCEL=253
[STDERR  ] 2017-11-30T20:11:47.218164997Z: + NAME_CREATE=extend-btrfs
[STDERR  ] 2017-11-30T20:11:47.218175132Z: + NAME_EXTEND=extend-btrfs
[STDERR  ] 2017-11-30T20:11:47.218184175Z: + DISK=disk.img
[STDERR  ] 2017-11-30T20:11:47.218192253Z: + trap clean_up EXIT
[STDERR  ] 2017-11-30T20:11:47.218201527Z: + linuxkit build -name extend-btrfs -format kernel+initrd test-create.yml
[STDERR  ] 2017-11-30T20:11:47.27469368Z: Extract kernel image: linuxkit/kernel:4.9.65
[STDERR  ] 2017-11-30T20:11:48.412370701Z: time="2017-11-30T20:11:48Z" level=warning msg="certificate with CN Justin Cormack is near expiry" 
[STDERR  ] 2017-11-30T20:11:48.444213435Z: time="2017-11-30T20:11:48Z" level=warning msg="certificate with CN Justin Cormack is near expiry" 
[STDERR  ] 2017-11-30T20:11:49.032077889Z: Add init containers:
[STDERR  ] 2017-11-30T20:11:49.032134439Z: Process init image: linuxkit/init:42a92119e1ca10380e0d33e26c0cbcf85b9b3558
[STDERR  ] 2017-11-30T20:11:50.052997448Z: time="2017-11-30T20:11:50Z" level=warning msg="certificate with CN Justin Cormack is near expiry" 
[STDERR  ] 2017-11-30T20:11:50.056280538Z: time="2017-11-30T20:11:50Z" level=warning msg="certificate with CN Justin Cormack is near expiry" 
[STDERR  ] 2017-11-30T20:11:50.341583074Z: Process init image: linuxkit/runc:1b0741d07949c0acc444cd6a04ee7f833443579d
[STDERR  ] 2017-11-30T20:11:51.36668451Z: time="2017-11-30T20:11:51Z" level=warning msg="certificate with CN Justin Cormack is near expiry" 
[STDERR  ] 2017-11-30T20:11:51.368523423Z: time="2017-11-30T20:11:51Z" level=warning msg="certificate with CN Justin Cormack is near expiry" 
[STDERR  ] 2017-11-30T20:11:51.53077611Z: Add onboot containers:
[STDERR  ] 2017-11-30T20:11:51.53083171Z:   Create OCI config for linuxkit/modprobe:2d153653d1111877a8f53704ef85063a44182ade
[STDERR  ] 2017-11-30T20:11:52.9982418Z: time="2017-11-30T20:11:52Z" level=warning msg="certificate with CN Moby CI is near expiry" 
[STDERR  ] 2017-11-30T20:11:52.998407042Z: time="2017-11-30T20:11:52Z" level=warning msg="certificate with CN Justin Cormack is near expiry" 
[STDERR  ] 2017-11-30T20:11:52.998669312Z: time="2017-11-30T20:11:52Z" level=warning msg="certificate with CN Rolf Neugebauer is near expiry" 
[STDERR  ] 2017-11-30T20:11:53.173565863Z: time="2017-11-30T20:11:53Z" level=warning msg="certificate with CN Rolf Neugebauer is near expiry" 
[STDERR  ] 2017-11-30T20:11:53.194823091Z: Pull image: docker.io/linuxkit/modprobe:2d153653d1111877a8f53704ef85063a44182ade@sha256:6369f867a94835d74f681a7f2b877effb9ebcb6afa57b0df2d13eeee1b787cf5
[STDERR  ] 2017-11-30T20:11:55.55147285Z:   Create OCI config for linuxkit/format:6b46d0450082f397177da36be6b4d74d93eacd1e
[STDERR  ] 2017-11-30T20:11:56.604671729Z: time="2017-11-30T20:11:56Z" level=warning msg="certificate with CN Justin Cormack is near expiry" 
[STDERR  ] 2017-11-30T20:11:56.604816993Z: time="2017-11-30T20:11:56Z" level=warning msg="certificate with CN Rolf Neugebauer is near expiry" 
[STDERR  ] 2017-11-30T20:11:56.606741378Z: time="2017-11-30T20:11:56Z" level=warning msg="certificate with CN Justin Cormack is near expiry" 
[STDERR  ] 2017-11-30T20:11:56.607771331Z: time="2017-11-30T20:11:56Z" level=warning msg="certificate with CN Rolf Neugebauer is near expiry" 
[STDERR  ] 2017-11-30T20:11:56.960537059Z:   Create OCI config for linuxkit/mount:41685ecc8039643948e5dff46e17584753469a7a
[STDERR  ] 2017-11-30T20:11:57.988550643Z: time="2017-11-30T20:11:57Z" level=warning msg="certificate with CN Justin Cormack is near expiry" 
[STDERR  ] 2017-11-30T20:11:57.98865237Z: time="2017-11-30T20:11:57Z" level=warning msg="certificate with CN Rolf Neugebauer is near expiry" 
[STDERR  ] 2017-11-30T20:11:57.990074476Z: time="2017-11-30T20:11:57Z" level=warning msg="certificate with CN Justin Cormack is near expiry" 
[STDERR  ] 2017-11-30T20:11:57.991099451Z: time="2017-11-30T20:11:57Z" level=warning msg="certificate with CN Rolf Neugebauer is near expiry" 
[STDERR  ] 2017-11-30T20:11:58.197602333Z:   Create OCI config for alpine:3.6
[STDERR  ] 2017-11-30T20:11:59.431416417Z:   Create OCI config for linuxkit/poweroff:280bd01daa8776fbe1f4d912977f1886b8374834
[STDERR  ] 2017-11-30T20:12:00.511953284Z: time="2017-11-30T20:12:00Z" level=warning msg="certificate with CN Rolf Neugebauer is near expiry" 
[STDERR  ] 2017-11-30T20:12:00.512314475Z: time="2017-11-30T20:12:00Z" level=warning msg="certificate with CN Justin Cormack is near expiry" 
[STDERR  ] 2017-11-30T20:12:00.51409435Z: time="2017-11-30T20:12:00Z" level=warning msg="certificate with CN Rolf Neugebauer is near expiry" 
[STDERR  ] 2017-11-30T20:12:00.688933264Z: Create outputs:
[STDERR  ] 2017-11-30T20:12:07.025549866Z:   extend-btrfs-kernel extend-btrfs-initrd.img extend-btrfs-cmdline
[STDERR  ] 2017-11-30T20:12:07.111257886Z: + linuxkit run -disk file=disk.img,format=raw,size=256M extend-btrfs
[STDERR  ] 2017-11-30T20:12:07.138657525Z: Unable to find qemu-system-x86_64 within the $PATH. Using a container
[STDOUT  ] 2017-11-30T20:12:10.113718496Z: [    0.000000] Linux version 4.9.65-linuxkit (root@c78110dc0cc9) (gcc version 6.3.0 (Alpine 6.3.0) ) #1 SMP Fri Nov 24 15:20:57 UTC 2017
[STDOUT  ] 2017-11-30T20:12:10.114072607Z: [    0.000000] Command line: console=ttyS0
[STDOUT  ] 2017-11-30T20:12:10.114228458Z: [    0.000000] x86/fpu: Legacy x87 FPU detected.
[STDOUT  ] 2017-11-30T20:12:10.114339174Z: [    0.000000] x86/fpu: Using 'eager' FPU context switches.
[STDOUT  ] 2017-11-30T20:12:10.114643691Z: [    0.000000] e820: BIOS-provided physical RAM map:
[STDOUT  ] 2017-11-30T20:12:10.11479692Z: [    0.000000] BIOS-e820: [mem 0x0000000000000000-0x000000000009fbff] usable
[STDOUT  ] 2017-11-30T20:12:10.115099122Z: [    0.000000] BIOS-e820: [mem 0x000000000009fc00-0x000000000009ffff] reserved
[STDOUT  ] 2017-11-30T20:12:10.115233132Z: [    0.000000] BIOS-e820: [mem 0x00000000000f0000-0x00000000000fffff] reserved
[STDOUT  ] 2017-11-30T20:12:10.115546584Z: [    0.000000] BIOS-e820: [mem 0x0000000000100000-0x000000003ffdefff] usable
[STDOUT  ] 2017-11-30T20:12:10.115836054Z: [    0.000000] BIOS-e820: [mem 0x000000003ffdf000-0x000000003fffffff] reserved
[STDOUT  ] 2017-11-30T20:12:10.11598868Z: [    0.000000] BIOS-e820: [mem 0x00000000b0000000-0x00000000bfffffff] reserved
[STDOUT  ] 2017-11-30T20:12:10.116264009Z: [    0.000000] BIOS-e820: [mem 0x00000000fed1c000-0x00000000fed1ffff] reserved
[STDOUT  ] 2017-11-30T20:12:10.116573639Z: [    0.000000] BIOS-e820: [mem 0x00000000fffc0000-0x00000000ffffffff] reserved
[STDOUT  ] 2017-11-30T20:12:10.116708566Z: [    0.000000] NX (Execute Disable) protection: active
[STDOUT  ] 2017-11-30T20:12:10.116837848Z: [    0.000000] SMBIOS 2.8 present.
[STDOUT  ] 2017-11-30T20:12:10.117184169Z: [    0.000000] e820: last_pfn = 0x3ffdf max_arch_pfn = 0x400000000
[STDOUT  ] 2017-11-30T20:12:10.117381473Z: [    0.000000] x86/PAT: Configuration [0-7]: WB  WC  UC- UC  WB  WC  UC- WT  
[STDOUT  ] 2017-11-30T20:12:10.117750583Z: [    0.000000] found SMP MP-table at [mem 0x000f6aa0-0x000f6aaf] mapped at [ffff9c89000f6aa0]
[STDOUT  ] 2017-11-30T20:12:10.117961728Z: [    0.000000] RAMDISK: [mem 0x3dff6000-0x3ffcffff]
[STDOUT  ] 2017-11-30T20:12:10.118107126Z: [    0.000000] ACPI: Early table checksum verification disabled
[STDOUT  ] 2017-11-30T20:12:10.118261326Z: [    0.000000] ACPI: RSDP 0x00000000000F68C0 000014 (v00 BOCHS )
[STDOUT  ] 2017-11-30T20:12:10.118619892Z: [    0.000000] ACPI: RSDT 0x000000003FFE2404 000034 (v01 BOCHS  BXPCRSDT 00000001 BXPC 00000001)
[STDOUT  ] 2017-11-30T20:12:10.118914725Z: [    0.000000] ACPI: FACP 0x000000003FFE22A4 000074 (v01 BOCHS  BXPCFACP 00000001 BXPC 00000001)
[STDOUT  ] 2017-11-30T20:12:10.119198959Z: [    0.000000] ACPI: DSDT 0x000000003FFE0040 002264 (v01 BOCHS  BXPCDSDT 00000001 BXPC 00000001)
[STDOUT  ] 2017-11-30T20:12:10.119487597Z: [    0.000000] ACPI: FACS 0x000000003FFE0000 000040
[STDOUT  ] 2017-11-30T20:12:10.119790748Z: [    0.000000] ACPI: APIC 0x000000003FFE2318 000078 (v01 BOCHS  BXPCAPIC 00000001 BXPC 00000001)
[STDOUT  ] 2017-11-30T20:12:10.120098719Z: [    0.000000] ACPI: HPET 0x000000003FFE2390 000038 (v01 BOCHS  BXPCHPET 00000001 BXPC 00000001)
[STDOUT  ] 2017-11-30T20:12:10.120389308Z: [    0.000000] ACPI: MCFG 0x000000003FFE23C8 00003C (v01 BOCHS  BXPCMCFG 00000001 BXPC 00000001)
[STDOUT  ] 2017-11-30T20:12:10.120514155Z: [    0.000000] Zone ranges:
[STDOUT  ] 2017-11-30T20:12:10.120666489Z: [    0.000000]   DMA      [mem 0x0000000000001000-0x0000000000ffffff]
[STDOUT  ] 2017-11-30T20:12:10.120974417Z: [    0.000000]   DMA32    [mem 0x0000000001000000-0x000000003ffdefff]
[STDOUT  ] 2017-11-30T20:12:10.120992475Z: [    0.000000]   Normal   empty
[STDOUT  ] 2017-11-30T20:12:10.121181544Z: [    0.000000] Movable zone start for each node
[STDOUT  ] 2017-11-30T20:12:10.121317511Z: [    0.000000] Early memory node ranges
[STDOUT  ] 2017-11-30T20:12:10.121719906Z: [    0.000000]   node   0: [mem 0x0000000000001000-0x000000000009efff]
[STDOUT  ] 2017-11-30T20:12:10.121996214Z: [    0.000000]   node   0: [mem 0x0000000000100000-0x000000003ffdefff]
[STDOUT  ] 2017-11-30T20:12:10.122281811Z: [    0.000000] Initmem setup node 0 [mem 0x0000000000001000-0x000000003ffdefff]
[STDOUT  ] 2017-11-30T20:12:10.122426926Z: [    0.000000] ACPI: PM-Timer IO Port: 0x608
[STDOUT  ] 2017-11-30T20:12:10.122711162Z: [    0.000000] ACPI: LAPIC_NMI (acpi_id[0xff] dfl dfl lint[0x1])
[STDOUT  ] 2017-11-30T20:12:10.122997661Z: [    0.000000] IOAPIC[0]: apic_id 0, version 32, address 0xfec00000, GSI 0-23
[STDOUT  ] 2017-11-30T20:12:10.123266057Z: [    0.000000] ACPI: INT_SRC_OVR (bus 0 bus_irq 0 global_irq 2 dfl dfl)
[STDOUT  ] 2017-11-30T20:12:10.123559315Z: [    0.000000] ACPI: INT_SRC_OVR (bus 0 bus_irq 5 global_irq 5 high level)
[STDOUT  ] 2017-11-30T20:12:10.123870808Z: [    0.000000] ACPI: INT_SRC_OVR (bus 0 bus_irq 9 global_irq 9 high level)
[STDOUT  ] 2017-11-30T20:12:10.124165948Z: [    0.000000] ACPI: INT_SRC_OVR (bus 0 bus_irq 10 global_irq 10 high level)
[STDOUT  ] 2017-11-30T20:12:10.124468424Z: [    0.000000] ACPI: INT_SRC_OVR (bus 0 bus_irq 11 global_irq 11 high level)
[STDOUT  ] 2017-11-30T20:12:10.124611184Z: [    0.000000] Using ACPI (MADT) for SMP configuration information
[STDOUT  ] 2017-11-30T20:12:10.124911617Z: [    0.000000] ACPI: HPET id: 0x8086a201 base: 0xfed00000
[STDOUT  ] 2017-11-30T20:12:10.125053595Z: [    0.000000] smpboot: Allowing 1 CPUs, 0 hotplug CPUs
[STDOUT  ] 2017-11-30T20:12:10.125464416Z: [    0.000000] e820: [mem 0x40000000-0xafffffff] available for PCI devices
[STDOUT  ] 2017-11-30T20:12:10.125722104Z: [    0.000000] Booting paravirtualized kernel on bare hardware
[STDOUT  ] 2017-11-30T20:12:10.126412676Z: [    0.000000] clocksource: refined-jiffies: mask: 0xffffffff max_cycles: 0xffffffff, max_idle_ns: 19112604462750000 ns
[STDOUT  ] 2017-11-30T20:12:10.12666661Z: [    0.000000] setup_percpu: NR_CPUS:128 nr_cpumask_bits:128 nr_cpu_ids:1 nr_node_ids:1
[STDOUT  ] 2017-11-30T20:12:10.127193397Z: [    0.000000] percpu: Embedded 35 pages/cpu @ffff9c893dc00000 s105112 r8192 d30056 u2097152
[STDOUT  ] 2017-11-30T20:12:10.127728233Z: [    0.000000] Built 1 zonelists in Zone order, mobility grouping on.  Total pages: 257896
[STDOUT  ] 2017-11-30T20:12:10.127999649Z: [    0.000000] Kernel command line: console=ttyS0
[STDOUT  ] 2017-11-30T20:12:10.128204936Z: [    0.000000] PID hash table entries: 4096 (order: 3, 32768 bytes)
[STDOUT  ] 2017-11-30T20:12:10.128606292Z: [    0.000000] Dentry cache hash table entries: 131072 (order: 8, 1048576 bytes)
[STDOUT  ] 2017-11-30T20:12:10.129011259Z: [    0.000000] Inode-cache hash table entries: 65536 (order: 7, 524288 bytes)
[STDOUT  ] 2017-11-30T20:12:10.129923528Z: [    0.000000] Memory: 981556K/1048052K available (8048K kernel code, 1367K rwdata, 2700K rodata, 1380K init, 568K bss, 66496K reserved, 0K cma-reserved)
[STDOUT  ] 2017-11-30T20:12:10.130187218Z: [    0.000000] Hierarchical RCU implementation.
[STDOUT  ] 2017-11-30T20:12:10.130621892Z: [    0.000000] 	Build-time adjustment of leaf fanout to 64.
[STDOUT  ] 2017-11-30T20:12:10.130892654Z: [    0.000000] 	RCU restricting CPUs from NR_CPUS=128 to nr_cpu_ids=1.
[STDOUT  ] 2017-11-30T20:12:10.131441714Z: [    0.000000] RCU: Adjusting geometry for rcu_fanout_leaf=64, nr_cpu_ids=1
[STDOUT  ] 2017-11-30T20:12:10.131710002Z: [    0.000000] NR_IRQS:8448 nr_irqs:256 16
[STDOUT  ] 2017-11-30T20:12:10.132132753Z: [    0.000000] Console: colour VGA+ 80x25
[STDOUT  ] 2017-11-30T20:12:10.132441828Z: [    0.000000] console [ttyS0] enabled
[STDOUT  ] 2017-11-30T20:12:10.136373866Z: [    0.000000] clocksource: hpet: mask: 0xffffffff max_cycles: 0xffffffff, max_idle_ns: 19112604467 ns
[STDOUT  ] 2017-11-30T20:12:10.214762157Z: [    0.000000] tsc: Unable to calibrate against PIT
[STDOUT  ] 2017-11-30T20:12:10.215353751Z: [    0.000000] tsc: using HPET reference calibration
[STDOUT  ] 2017-11-30T20:12:10.216127094Z: [    0.000000] tsc: Detected 2600.031 MHz processor
[STDOUT  ] 2017-11-30T20:12:10.219727573Z: [    0.052521] Calibrating delay loop (skipped), value calculated using timer frequency.. 5200.06 BogoMIPS (lpj=26000310)
[STDOUT  ] 2017-11-30T20:12:10.220372406Z: [    0.053763] pid_max: default: 32768 minimum: 301
[STDOUT  ] 2017-11-30T20:12:10.221432819Z: [    0.054890] ACPI: Core revision 20160831
[STDOUT  ] 2017-11-30T20:12:10.27389911Z: [    0.105390] ACPI: 1 ACPI AML tables successfully acquired and loaded
[STDOUT  ] 2017-11-30T20:12:10.278726502Z: [    0.110303] Security Framework initialized
[STDOUT  ] 2017-11-30T20:12:10.279218825Z: [    0.110822] Yama: becoming mindful.
[STDOUT  ] 2017-11-30T20:12:10.28240085Z: [    0.113852] Mount-cache hash table entries: 2048 (order: 2, 16384 bytes)
[STDOUT  ] 2017-11-30T20:12:10.283123104Z: [    0.114520] Mountpoint-cache hash table entries: 2048 (order: 2, 16384 bytes)
[STDOUT  ] 2017-11-30T20:12:10.305836949Z: [    0.137241] Last level iTLB entries: 4KB 0, 2MB 0, 4MB 0
[STDOUT  ] 2017-11-30T20:12:10.30637757Z: [    0.137840] Last level dTLB entries: 4KB 0, 2MB 0, 4MB 0, 1GB 0
[STDOUT  ] 2017-11-30T20:12:10.652467069Z: [    0.484024] Freeing SMP alternatives memory: 20K
[STDOUT  ] 2017-11-30T20:12:10.663777315Z: [    0.495076] ftrace: allocating 35540 entries in 139 pages
[STDOUT  ] 2017-11-30T20:12:10.999818456Z: [    0.681241] smpboot: Max logical packages: 1
[STDOUT  ] 2017-11-30T20:12:11.006944566Z: [    0.688274] ..TIMER: vector=0x30 apic1=0 pin1=2 apic2=-1 pin2=-1
[STDOUT  ] 2017-11-30T20:12:11.219917386Z: [    0.790000] smpboot: CPU0: AMD QEMU Virtual CPU version 2.5+ (family: 0x6, model: 0x6, stepping: 0x3)
[STDOUT  ] 2017-11-30T20:12:11.221572413Z: [    0.790000] Performance Events: PMU not available due to virtualization, using software events only.
[STDOUT  ] 2017-11-30T20:12:11.240410768Z: [    0.801089] NMI watchdog: disabled (cpu0): hardware events not enabled
[STDOUT  ] 2017-11-30T20:12:11.240853065Z: [    0.801330] NMI watchdog: Shutting down hard lockup detector on all cpus
[STDOUT  ] 2017-11-30T20:12:11.244220398Z: [    0.804819] x86: Booted up 1 node, 1 CPUs
[STDOUT  ] 2017-11-30T20:12:11.244744931Z: [    0.805344] smpboot: Total of 1 processors activated (5200.06 BogoMIPS)
[STDOUT  ] 2017-11-30T20:12:11.263253186Z: [    0.824017] devtmpfs: initialized
[STDOUT  ] 2017-11-30T20:12:11.269960969Z: [    0.830694] x86/mm: Memory block size: 128MB
[STDOUT  ] 2017-11-30T20:12:11.340197901Z: [    0.900596] clocksource: jiffies: mask: 0xffffffff max_cycles: 0xffffffff, max_idle_ns: 19112604462750000 ns
[STDOUT  ] 2017-11-30T20:12:11.341002747Z: [    0.901635] futex hash table entries: 256 (order: 2, 16384 bytes)
[STDOUT  ] 2017-11-30T20:12:11.350490084Z: [    0.911210] NET: Registered protocol family 16
[STDOUT  ] 2017-11-30T20:12:11.360324781Z: [    0.921120] cpuidle: using governor ladder
[STDOUT  ] 2017-11-30T20:12:11.360929737Z: [    0.921629] cpuidle: using governor menu
[STDOUT  ] 2017-11-30T20:12:11.362361547Z: [    0.923154] ACPI: bus type PCI registered
[STDOUT  ] 2017-11-30T20:12:11.365721048Z: [    0.926174] PCI: MMCONFIG for domain 0000 [bus 00-ff] at [mem 0xb0000000-0xbfffffff] (base 0xb0000000)
[STDOUT  ] 2017-11-30T20:12:11.366497452Z: [    0.927077] PCI: MMCONFIG at [mem 0xb0000000-0xbfffffff] reserved in E820
[STDOUT  ] 2017-11-30T20:12:11.367760399Z: [    0.928550] PCI: Using configuration type 1 for base access
[STDOUT  ] 2017-11-30T20:12:11.425042638Z: [    0.985562] HugeTLB registered 2 MB page size, pre-allocated 0 pages
[STDOUT  ] 2017-11-30T20:12:11.437304603Z: [    0.998065] ACPI: Added _OSI(Module Device)
[STDOUT  ] 2017-11-30T20:12:11.437806287Z: [    0.998451] ACPI: Added _OSI(Processor Device)
[STDOUT  ] 2017-11-30T20:12:11.438097627Z: [    0.998843] ACPI: Added _OSI(3.0 _SCP Extensions)
[STDOUT  ] 2017-11-30T20:12:11.438524927Z: [    0.999161] ACPI: Added _OSI(Processor Aggregator Device)
[STDOUT  ] 2017-11-30T20:12:11.517402315Z: [    1.077918] ACPI: Interpreter enabled
[STDOUT  ] 2017-11-30T20:12:11.518307587Z: [    1.078946] ACPI: (supports S0 S5)
[STDOUT  ] 2017-11-30T20:12:11.518715804Z: [    1.079325] ACPI: Using IOAPIC for interrupt routing
[STDOUT  ] 2017-11-30T20:12:11.522282059Z: [    1.082364] PCI: Using host bridge windows from ACPI; if necessary, use "pci=nocrs" and report a bug
[STDOUT  ] 2017-11-30T20:12:11.589970939Z: [    1.150420] ACPI: PCI Root Bridge [PCI0] (domain 0000 [bus 00-ff])
[STDOUT  ] 2017-11-30T20:12:11.591075909Z: [    1.151593] acpi PNP0A08:00: _OSC: OS supports [ExtendedConfig ASPM ClockPM Segments MSI]
[STDOUT  ] 2017-11-30T20:12:11.597785969Z: [    1.158257] acpi PNP0A08:00: _OSC: OS now controls [PCIeHotplug PME PCIeCapability]
[STDOUT  ] 2017-11-30T20:12:11.602192174Z: [    1.162520] PCI host bridge to bus 0000:00
[STDOUT  ] 2017-11-30T20:12:11.602241765Z: [    1.163026] pci_bus 0000:00: root bus resource [io  0x0000-0x0cf7 window]
[STDOUT  ] 2017-11-30T20:12:11.602656221Z: [    1.163301] pci_bus 0000:00: root bus resource [io  0x0d00-0xffff window]
[STDOUT  ] 2017-11-30T20:12:11.603141417Z: [    1.163805] pci_bus 0000:00: root bus resource [mem 0x000a0000-0x000bffff window]
[STDOUT  ] 2017-11-30T20:12:11.603808959Z: [    1.164286] pci_bus 0000:00: root bus resource [mem 0xc0000000-0xfebfffff window]
[STDOUT  ] 2017-11-30T20:12:11.604321752Z: [    1.164944] pci_bus 0000:00: root bus resource [bus 00-ff]
[STDOUT  ] 2017-11-30T20:12:11.760978944Z: [    1.320992] pci 0000:00:1f.0: quirk: [io  0x0600-0x067f] claimed by ICH6 ACPI/GPIO/TCO
[STDOUT  ] 2017-11-30T20:12:11.852346173Z: [    1.412438] ACPI: PCI Interrupt Link [LNKA] (IRQs 5 *10 11)
[STDOUT  ] 2017-11-30T20:12:11.854965997Z: [    1.415432] ACPI: PCI Interrupt Link [LNKB] (IRQs 5 *10 11)
[STDOUT  ] 2017-11-30T20:12:11.857335323Z: [    1.417733] ACPI: PCI Interrupt Link [LNKC] (IRQs 5 10 *11)
[STDOUT  ] 2017-11-30T20:12:11.859757888Z: [    1.420196] ACPI: PCI Interrupt Link [LNKD] (IRQs 5 10 *11)
[STDOUT  ] 2017-11-30T20:12:11.861666083Z: [    1.422261] ACPI: PCI Interrupt Link [LNKE] (IRQs 5 *10 11)
[STDOUT  ] 2017-11-30T20:12:11.863943915Z: [    1.424451] ACPI: PCI Interrupt Link [LNKF] (IRQs 5 *10 11)
[STDOUT  ] 2017-11-30T20:12:11.865928371Z: [    1.426320] ACPI: PCI Interrupt Link [LNKG] (IRQs 5 10 *11)
[STDOUT  ] 2017-11-30T20:12:11.867733183Z: [    1.428311] ACPI: PCI Interrupt Link [LNKH] (IRQs 5 10 *11)
[STDOUT  ] 2017-11-30T20:12:11.868741076Z: [    1.429348] ACPI: PCI Interrupt Link [GSIA] (IRQs *16)
[STDOUT  ] 2017-11-30T20:12:11.869798875Z: [    1.430270] ACPI: PCI Interrupt Link [GSIB] (IRQs *17)
[STDOUT  ] 2017-11-30T20:12:11.870437187Z: [    1.431080] ACPI: PCI Interrupt Link [GSIC] (IRQs *18)
[STDOUT  ] 2017-11-30T20:12:11.871133253Z: [    1.431744] ACPI: PCI Interrupt Link [GSID] (IRQs *19)
[STDOUT  ] 2017-11-30T20:12:11.871916473Z: [    1.432500] ACPI: PCI Interrupt Link [GSIE] (IRQs *20)
[STDOUT  ] 2017-11-30T20:12:11.87307434Z: [    1.433198] ACPI: PCI Interrupt Link [GSIF] (IRQs *21)
[STDOUT  ] 2017-11-30T20:12:11.873557174Z: [    1.433894] ACPI: PCI Interrupt Link [GSIG] (IRQs *22)
[STDOUT  ] 2017-11-30T20:12:11.874185648Z: [    1.434777] ACPI: PCI Interrupt Link [GSIH] (IRQs *23)
[STDOUT  ] 2017-11-30T20:12:11.879285477Z: [    1.439641] ACPI: Enabled 2 GPEs in block 00 to 3F
[STDOUT  ] 2017-11-30T20:12:11.884555253Z: [    1.444599] SCSI subsystem initialized
[STDOUT  ] 2017-11-30T20:12:11.886970461Z: [    1.447118] ACPI: bus type USB registered
[STDOUT  ] 2017-11-30T20:12:11.888321329Z: [    1.448405] usbcore: registered new interface driver usbfs
[STDOUT  ] 2017-11-30T20:12:11.889856957Z: [    1.450335] usbcore: registered new interface driver hub
[STDOUT  ] 2017-11-30T20:12:11.890605034Z: [    1.451281] usbcore: registered new device driver usb
[STDOUT  ] 2017-11-30T20:12:11.892063618Z: [    1.452684] pps_core: LinuxPPS API ver. 1 registered
[STDOUT  ] 2017-11-30T20:12:11.892505289Z: [    1.453041] pps_core: Software ver. 5.3.6 - Copyright 2005-2007 Rodolfo Giometti <giometti@linux.it>
[STDOUT  ] 2017-11-30T20:12:11.893008107Z: [    1.453802] PTP clock support registered
[STDOUT  ] 2017-11-30T20:12:11.894318543Z: [    1.455118] wmi: Mapper loaded
[STDOUT  ] 2017-11-30T20:12:11.895945334Z: [    1.456540] PCI: Using ACPI for IRQ routing
[STDOUT  ] 2017-11-30T20:12:11.920056852Z: [    1.480402] NetLabel: Initializing
[STDOUT  ] 2017-11-30T20:12:11.920305588Z: [    1.480655] NetLabel:  domain hash size = 128
[STDOUT  ] 2017-11-30T20:12:11.920626298Z: [    1.481067] NetLabel:  protocols = UNLABELED CIPSOv4
[STDOUT  ] 2017-11-30T20:12:11.923479897Z: [    1.483771] NetLabel:  unlabeled traffic allowed by default
[STDOUT  ] 2017-11-30T20:12:11.924954185Z: [    1.485081] HPET: 3 timers in total, 0 timers will be used for per-cpu timer
[STDOUT  ] 2017-11-30T20:12:11.925833483Z: [    1.486114] hpet0: at MMIO 0xfed00000, IRQs 2, 8, 0
[STDOUT  ] 2017-11-30T20:12:11.926369534Z: [    1.486657] hpet0: 3 comparators, 64-bit 100.000000 MHz counter
[STDOUT  ] 2017-11-30T20:12:11.934030437Z: [    1.493951] clocksource: Switched to clocksource hpet
[STDOUT  ] 2017-11-30T20:12:12.257028458Z: [    1.813278] VFS: Disk quotas dquot_6.6.0
[STDOUT  ] 2017-11-30T20:12:12.258182346Z: [    1.814183] VFS: Dquot-cache hash table entries: 512 (order 0, 4096 bytes)
[STDOUT  ] 2017-11-30T20:12:12.261956218Z: [    1.818158] FS-Cache: Loaded
[STDOUT  ] 2017-11-30T20:12:12.269547876Z: [    1.825761] CacheFiles: Loaded
[STDOUT  ] 2017-11-30T20:12:12.27170074Z: [    1.828096] pnp: PnP ACPI init
[STDOUT  ] 2017-11-30T20:12:12.28592316Z: [    1.841992] pnp: PnP ACPI: found 5 devices
[STDOUT  ] 2017-11-30T20:12:12.349671729Z: [    1.905465] clocksource: acpi_pm: mask: 0xffffff max_cycles: 0xffffff, max_idle_ns: 2085701024 ns
[STDOUT  ] 2017-11-30T20:12:12.354048114Z: [    1.910022] NET: Registered protocol family 2
[STDOUT  ] 2017-11-30T20:12:12.363050249Z: [    1.918966] TCP established hash table entries: 8192 (order: 4, 65536 bytes)
[STDOUT  ] 2017-11-30T20:12:12.36374308Z: [    1.919951] TCP bind hash table entries: 8192 (order: 5, 131072 bytes)
[STDOUT  ] 2017-11-30T20:12:12.364716301Z: [    1.920962] TCP: Hash tables configured (established 8192 bind 8192)
[STDOUT  ] 2017-11-30T20:12:12.367163547Z: [    1.923282] UDP hash table entries: 512 (order: 2, 16384 bytes)
[STDOUT  ] 2017-11-30T20:12:12.367835228Z: [    1.923947] UDP-Lite hash table entries: 512 (order: 2, 16384 bytes)
[STDOUT  ] 2017-11-30T20:12:12.370452978Z: [    1.926644] NET: Registered protocol family 1
[STDOUT  ] 2017-11-30T20:12:12.371906367Z: [    1.927855] pci 0000:00:01.0: Video device with shadowed ROM at [mem 0x000c0000-0x000dffff]
[STDOUT  ] 2017-11-30T20:12:12.380603128Z: [    1.936858] Unpacking initramfs...
[STDOUT  ] 2017-11-30T20:12:17.440652432Z: [    6.996909] Freeing initrd memory: 32616K
[STDOUT  ] 2017-11-30T20:12:17.465851931Z: [    7.022142] PCLMULQDQ-NI instructions are not detected.
[STDOUT  ] 2017-11-30T20:12:17.467301071Z: [    7.023501] AVX or AES-NI instructions are not detected.
[STDOUT  ] 2017-11-30T20:12:17.467926224Z: [    7.024069] CPU feature 'AVX registers' is not supported.
[STDOUT  ] 2017-11-30T20:12:17.468222635Z: [    7.024499] CPU feature 'AVX registers' is not supported.
[STDOUT  ] 2017-11-30T20:12:17.468762262Z: [    7.024940] CPU feature 'AVX registers' is not supported.
[STDOUT  ] 2017-11-30T20:12:17.469235347Z: [    7.025369] CPU feature 'AVX registers' is not supported.
[STDOUT  ] 2017-11-30T20:12:17.469755368Z: [    7.025849] AVX2 or AES-NI instructions are not detected.
[STDOUT  ] 2017-11-30T20:12:17.47005238Z: [    7.026357] AVX2 instructions are not detected.
[STDOUT  ] 2017-11-30T20:12:17.477889961Z: [    7.033876] audit: initializing netlink subsys (disabled)
[STDOUT  ] 2017-11-30T20:12:17.479767149Z: [    7.035773] audit: type=2000 audit(1512072736.030:1): initialized
[STDOUT  ] 2017-11-30T20:12:17.491096753Z: [    7.047184] workingset: timestamp_bits=46 max_order=18 bucket_order=0
[STDOUT  ] 2017-11-30T20:12:17.496125976Z: [    7.052412] squashfs: version 4.0 (2009/01/31) Phillip Lougher
[STDOUT  ] 2017-11-30T20:12:17.499350094Z: [    7.055537] FS-Cache: Netfs 'cifs' registered for caching
[STDOUT  ] 2017-11-30T20:12:17.50051656Z: [    7.056790] fuse init (API version 7.26)
[STDOUT  ] 2017-11-30T20:12:17.503512305Z: [    7.059579] SGI XFS with ACLs, security attributes, no debug enabled
[STDOUT  ] 2017-11-30T20:12:17.508223162Z: [    7.064255] 9p: Installing v9fs 9p2000 file system support
[STDOUT  ] 2017-11-30T20:12:17.508630566Z: [    7.064856] FS-Cache: Netfs '9p' registered for caching
[STDOUT  ] 2017-11-30T20:12:17.540291486Z: [    7.096294] NET: Registered protocol family 38
[STDOUT  ] 2017-11-30T20:12:17.540807913Z: [    7.097178] Key type asymmetric registered
[STDOUT  ] 2017-11-30T20:12:17.541349065Z: [    7.097584] Asymmetric key parser 'x509' registered
[STDOUT  ] 2017-11-30T20:12:17.542494664Z: [    7.098622] Block layer SCSI generic (bsg) driver version 0.4 loaded (major 251)
[STDOUT  ] 2017-11-30T20:12:17.545277075Z: [    7.101379] io scheduler noop registered
[STDOUT  ] 2017-11-30T20:12:17.545784659Z: [    7.101871] io scheduler deadline registered (default)
[STDOUT  ] 2017-11-30T20:12:17.546669164Z: [    7.102971] io scheduler cfq registered
[STDOUT  ] 2017-11-30T20:12:17.549639124Z: [    7.105785] pci_hotplug: PCI Hot Plug PCI Core version: 0.5
[STDOUT  ] 2017-11-30T20:12:17.550416141Z: [    7.106547] pciehp: PCI Express Hot Plug Controller Driver version: 0.4
[STDOUT  ] 2017-11-30T20:12:17.551413614Z: [    7.107511] shpchp: Standard Hot Plug PCI Controller Driver version: 0.4
[STDOUT  ] 2017-11-30T20:12:17.552220888Z: [    7.108487] hv_vmbus: registering driver hyperv_fb
[STDOUT  ] 2017-11-30T20:12:17.556772859Z: [    7.112811] input: Power Button as /devices/LNXSYSTM:00/LNXPWRBN:00/input/input0
[STDOUT  ] 2017-11-30T20:12:17.557777408Z: [    7.114135] ACPI: Power Button [PWRF]
[STDOUT  ] 2017-11-30T20:12:17.563144608Z: [    7.119321] GHES: HEST is not enabled!
[STDOUT  ] 2017-11-30T20:12:17.577634321Z: [    7.133645] ACPI: PCI Interrupt Link [GSIG] enabled at IRQ 22
[STDOUT  ] 2017-11-30T20:12:17.592738972Z: [    7.148838] ACPI: PCI Interrupt Link [GSIH] enabled at IRQ 23
[STDOUT  ] 2017-11-30T20:12:17.599648822Z: [    7.155754] xenfs: not registering filesystem on non-xen platform
[STDOUT  ] 2017-11-30T20:12:17.601987992Z: [    7.158112] Serial: 8250/16550 driver, 4 ports, IRQ sharing disabled
[STDOUT  ] 2017-11-30T20:12:17.627317583Z: [    7.183315] 00:04: ttyS0 at I/O 0x3f8 (irq = 4, base_baud = 115200) is a 16550A
[STDOUT  ] 2017-11-30T20:12:17.640049965Z: [    7.196372] Non-volatile memory driver v1.3
[STDOUT  ] 2017-11-30T20:12:17.647204468Z: [    7.203151] Hangcheck: starting hangcheck timer 0.9.1 (tick is 180 seconds, margin is 60 seconds).
[STDOUT  ] 2017-11-30T20:12:17.652773709Z: [    7.208912] random: fast init done
[STDOUT  ] 2017-11-30T20:12:17.654476641Z: [    7.210638] random: crng init done
[STDOUT  ] 2017-11-30T20:12:17.692764833Z: [    7.249081] loop: module loaded
[STDOUT  ] 2017-11-30T20:12:17.708472239Z: [    7.264530] nbd: registered device at major 43
[STDOUT  ] 2017-11-30T20:12:17.752069671Z: [    7.308264] lpc_ich 0000:00:1f.0: I/O space for GPIO uninitialized
[STDOUT  ] 2017-11-30T20:12:17.754808211Z: [    7.310912] VMware PVSCSI driver - version 1.0.7.0-k
[STDOUT  ] 2017-11-30T20:12:17.755810736Z: [    7.312061] hv_vmbus: registering driver hv_storvsc
[STDOUT  ] 2017-11-30T20:12:17.767585436Z: [    7.323608] ACPI: PCI Interrupt Link [GSIA] enabled at IRQ 16
[STDOUT  ] 2017-11-30T20:12:17.776423081Z: [    7.332385] ahci 0000:00:1f.2: AHCI 0001.0000 32 slots 6 ports 1.5 Gbps 0x3f impl SATA mode
[STDOUT  ] 2017-11-30T20:12:17.777031805Z: [    7.333296] ahci 0000:00:1f.2: flags: 64bit ncq only 
[STDOUT  ] 2017-11-30T20:12:17.798275163Z: [    7.354604] scsi host0: ahci
[STDOUT  ] 2017-11-30T20:12:17.803423535Z: [    7.359750] scsi host1: ahci
[STDOUT  ] 2017-11-30T20:12:17.807306547Z: [    7.363508] scsi host2: ahci
[STDOUT  ] 2017-11-30T20:12:17.8101338Z: [    7.366452] scsi host3: ahci
[STDOUT  ] 2017-11-30T20:12:17.812533905Z: [    7.368810] scsi host4: ahci
[STDOUT  ] 2017-11-30T20:12:17.815294342Z: [    7.371564] scsi host5: ahci
[STDOUT  ] 2017-11-30T20:12:17.8175654Z: [    7.373571] ata1: SATA max UDMA/133 abar m4096@0xfebd2000 port 0xfebd2100 irq 24
[STDOUT  ] 2017-11-30T20:12:17.81813163Z: [    7.374196] ata2: SATA max UDMA/133 abar m4096@0xfebd2000 port 0xfebd2180 irq 24
[STDOUT  ] 2017-11-30T20:12:17.818543216Z: [    7.374703] ata3: SATA max UDMA/133 abar m4096@0xfebd2000 port 0xfebd2200 irq 24
[STDOUT  ] 2017-11-30T20:12:17.819109549Z: [    7.375176] ata4: SATA max UDMA/133 abar m4096@0xfebd2000 port 0xfebd2280 irq 24
[STDOUT  ] 2017-11-30T20:12:17.819514199Z: [    7.375648] ata5: SATA max UDMA/133 abar m4096@0xfebd2000 port 0xfebd2300 irq 24
[STDOUT  ] 2017-11-30T20:12:17.820087958Z: [    7.376127] ata6: SATA max UDMA/133 abar m4096@0xfebd2000 port 0xfebd2380 irq 24
[STDOUT  ] 2017-11-30T20:12:17.834813804Z: [    7.390892] tun: Universal TUN/TAP device driver, 1.6
[STDOUT  ] 2017-11-30T20:12:17.835352272Z: [    7.391353] tun: (C) 1999-2004 Max Krasnyansky <maxk@qualcomm.com>
[STDOUT  ] 2017-11-30T20:12:17.84829093Z: [    7.404230] VMware vmxnet3 virtual NIC driver - version 1.4.a.0-k-NAPI
[STDOUT  ] 2017-11-30T20:12:17.849272066Z: [    7.405384] hv_vmbus: registering driver hv_netvsc
[STDOUT  ] 2017-11-30T20:12:17.849597681Z: [    7.405742] Fusion MPT base driver 3.04.20
[STDOUT  ] 2017-11-30T20:12:17.850138655Z: [    7.406123] Copyright (c) 1999-2008 LSI Corporation
[STDOUT  ] 2017-11-30T20:12:17.850445258Z: [    7.406740] Fusion MPT SPI Host driver 3.04.20
[STDOUT  ] 2017-11-30T20:12:17.8528747Z: [    7.408884] i8042: PNP: PS/2 Controller [PNP0303:KBD,PNP0f13:MOU] at 0x60,0x64 irq 1,12
[STDOUT  ] 2017-11-30T20:12:17.857512Z: [    7.413653] serio: i8042 KBD port at 0x60,0x64 irq 1
[STDOUT  ] 2017-11-30T20:12:17.858241596Z: [    7.414520] serio: i8042 AUX port at 0x60,0x64 irq 12
[STDOUT  ] 2017-11-30T20:12:17.861853586Z: [    7.417982] hv_vmbus: registering driver hyperv_keyboard
[STDOUT  ] 2017-11-30T20:12:17.864715594Z: [    7.420850] mousedev: PS/2 mouse device common for all mice
[STDOUT  ] 2017-11-30T20:12:17.870539895Z: [    7.426386] input: AT Translated Set 2 keyboard as /devices/platform/i8042/serio0/input/input1
[STDOUT  ] 2017-11-30T20:12:17.873870828Z: [    7.429751] input: PC Speaker as /devices/platform/pcspkr/input/input2
[STDOUT  ] 2017-11-30T20:12:17.87794142Z: [    7.434230] rtc_cmos 00:00: RTC can wake from S4
[STDOUT  ] 2017-11-30T20:12:17.881822547Z: [    7.437941] rtc_cmos 00:00: rtc core: registered rtc_cmos as rtc0
[STDOUT  ] 2017-11-30T20:12:17.883188204Z: [    7.439305] rtc_cmos 00:00: alarms up to one day, y3k, 114 bytes nvram, hpet irqs
[STDOUT  ] 2017-11-30T20:12:17.884280292Z: [    7.440607] i2c /dev entries driver
[STDOUT  ] 2017-11-30T20:12:17.886793074Z: [    7.442853] device-mapper: ioctl: 4.35.0-ioctl (2016-06-23) initialised: dm-devel@redhat.com
[STDOUT  ] 2017-11-30T20:12:17.89167396Z: [    7.447731] usbcore: registered new interface driver usbhid
[STDOUT  ] 2017-11-30T20:12:17.891790048Z: [    7.448170] usbhid: USB HID core driver
[STDOUT  ] 2017-11-30T20:12:17.892623883Z: [    7.448835] hv_utils: Registering HyperV Utility Driver
[STDOUT  ] 2017-11-30T20:12:17.892962986Z: [    7.449227] hv_vmbus: registering driver hv_util
[STDOUT  ] 2017-11-30T20:12:17.893254293Z: [    7.449550] hv_vmbus: registering driver hv_balloon
[STDOUT  ] 2017-11-30T20:12:17.894223984Z: [    7.450589] oprofile: using NMI interrupt.
[STDOUT  ] 2017-11-30T20:12:17.895238195Z: [    7.451701] GACT probability on
[STDOUT  ] 2017-11-30T20:12:17.895688364Z: [    7.452112] Mirror/redirect action on
[STDOUT  ] 2017-11-30T20:12:17.896596498Z: [    7.453015] Simple TC action Loaded
[STDOUT  ] 2017-11-30T20:12:17.897293887Z: [    7.453632] u32 classifier
[STDOUT  ] 2017-11-30T20:12:17.897603774Z: [    7.453868]     Performance counters on
[STDOUT  ] 2017-11-30T20:12:17.897882539Z: [    7.454160]     input device check on
[STDOUT  ] 2017-11-30T20:12:17.89813072Z: [    7.454456]     Actions configured
[STDOUT  ] 2017-11-30T20:12:17.899231008Z: [    7.455391] Netfilter messages via NETLINK v0.30.
[STDOUT  ] 2017-11-30T20:12:17.899974609Z: [    7.456179] nfnl_acct: registering with nfnetlink.
[STDOUT  ] 2017-11-30T20:12:17.901806559Z: [    7.457880] nf_conntrack version 0.5.0 (8192 buckets, 32768 max)
[STDOUT  ] 2017-11-30T20:12:17.906178605Z: [    7.462129] ctnetlink v0.93: registering with nfnetlink.
[STDOUT  ] 2017-11-30T20:12:17.909323779Z: [    7.465437] nf_tables: (c) 2007-2009 Patrick McHardy <kaber@trash.net>
[STDOUT  ] 2017-11-30T20:12:17.910624505Z: [    7.466515] nf_tables_compat: (c) 2012 Pablo Neira Ayuso <pablo@netfilter.org>
[STDOUT  ] 2017-11-30T20:12:17.913091714Z: [    7.469443] xt_time: kernel timezone is -0000
[STDOUT  ] 2017-11-30T20:12:17.914246049Z: [    7.470543] ip_set: protocol 6
[STDOUT  ] 2017-11-30T20:12:17.915314073Z: [    7.471407] IPVS: Registered protocols (TCP, UDP, SCTP, AH, ESP)
[STDOUT  ] 2017-11-30T20:12:17.916097067Z: [    7.472153] IPVS: Connection hash table configured (size=4096, memory=64Kbytes)
[STDOUT  ] 2017-11-30T20:12:17.918038672Z: [    7.474170] IPVS: Creating netns size=2104 id=0
[STDOUT  ] 2017-11-30T20:12:17.92093733Z: [    7.477262] IPVS: ipvs loaded.
[STDOUT  ] 2017-11-30T20:12:17.921621732Z: [    7.477763] IPVS: [rr] scheduler registered.
[STDOUT  ] 2017-11-30T20:12:17.921920467Z: [    7.478124] IPVS: [wrr] scheduler registered.
[STDOUT  ] 2017-11-30T20:12:17.922205627Z: [    7.478534] IPVS: [lc] scheduler registered.
[STDOUT  ] 2017-11-30T20:12:17.922497465Z: [    7.478852] IPVS: [wlc] scheduler registered.
[STDOUT  ] 2017-11-30T20:12:17.922866816Z: [    7.479181] IPVS: [fo] scheduler registered.
[STDOUT  ] 2017-11-30T20:12:17.923152423Z: [    7.479487] IPVS: [ovf] scheduler registered.
[STDOUT  ] 2017-11-30T20:12:17.923691162Z: [    7.480004] IPVS: [lblc] scheduler registered.
[STDOUT  ] 2017-11-30T20:12:17.924842306Z: [    7.480972] IPVS: [lblcr] scheduler registered.
[STDOUT  ] 2017-11-30T20:12:17.924999734Z: [    7.481353] IPVS: [dh] scheduler registered.
[STDOUT  ] 2017-11-30T20:12:17.925302941Z: [    7.481637] IPVS: [sh] scheduler registered.
[STDOUT  ] 2017-11-30T20:12:17.925653291Z: [    7.482006] IPVS: [sed] scheduler registered.
[STDOUT  ] 2017-11-30T20:12:17.925942625Z: [    7.482271] IPVS: [nq] scheduler registered.
[STDOUT  ] 2017-11-30T20:12:17.926863651Z: [    7.483084] IPVS: ftp: loaded support on port[0] = 21
[STDOUT  ] 2017-11-30T20:12:17.927819778Z: [    7.484063] ipip: IPv4 and MPLS over IPv4 tunneling driver
[STDOUT  ] 2017-11-30T20:12:17.932659131Z: [    7.488756] gre: GRE over IPv4 demultiplexor driver
[STDOUT  ] 2017-11-30T20:12:17.936356197Z: [    7.492350] ip_tables: (C) 2000-2006 Netfilter Core Team
[STDOUT  ] 2017-11-30T20:12:17.939914828Z: [    7.495964] ipt_CLUSTERIP: ClusterIP Version 0.8 loaded successfully
[STDOUT  ] 2017-11-30T20:12:17.940759921Z: [    7.496877] arp_tables: arp_tables: (C) 2002 David S. Miller
[STDOUT  ] 2017-11-30T20:12:17.943316453Z: [    7.499450] NET: Registered protocol family 10
[STDOUT  ] 2017-11-30T20:12:17.953957808Z: [    7.509948] ip6_tables: (C) 2000-2006 Netfilter Core Team
[STDOUT  ] 2017-11-30T20:12:17.962733482Z: [    7.519006] NET: Registered protocol family 17
[STDOUT  ] 2017-11-30T20:12:17.964646828Z: [    7.520769] Bridge firewalling registered
[STDOUT  ] 2017-11-30T20:12:17.965107312Z: [    7.521519] Ebtables v2.0 registered
[STDOUT  ] 2017-11-30T20:12:17.967351938Z: [    7.523498] 8021q: 802.1Q VLAN Support v1.8
[STDOUT  ] 2017-11-30T20:12:17.969070919Z: [    7.525224] 9pnet: Installing 9P2000 support
[STDOUT  ] 2017-11-30T20:12:17.970747656Z: [    7.526944] Key type dns_resolver registered
[STDOUT  ] 2017-11-30T20:12:17.971968362Z: [    7.528129] microcode: AMD CPU family 0x6 not supported
[STDOUT  ] 2017-11-30T20:12:17.976263284Z: [    7.532495] registered taskstats version 1
[STDOUT  ] 2017-11-30T20:12:18.155484821Z: [    7.711435] ata4: SATA link down (SStatus 0 SControl 300)
[STDOUT  ] 2017-11-30T20:12:18.158780004Z: [    7.714919] ata3: SATA link up 1.5 Gbps (SStatus 113 SControl 300)
[STDOUT  ] 2017-11-30T20:12:18.163119364Z: [    7.719165] ata3.00: ATAPI: QEMU DVD-ROM, 2.5+, max UDMA/100
[STDOUT  ] 2017-11-30T20:12:18.163529671Z: [    7.719757] ata3.00: applying bridge limits
[STDOUT  ] 2017-11-30T20:12:18.16557892Z: [    7.721646] ata2: SATA link down (SStatus 0 SControl 300)
[STDOUT  ] 2017-11-30T20:12:18.166262426Z: [    7.722381] ata1: SATA link up 1.5 Gbps (SStatus 113 SControl 300)
[STDOUT  ] 2017-11-30T20:12:18.167331241Z: [    7.723549] ata1.00: ATA-7: QEMU HARDDISK, 2.5+, max UDMA/100
[STDOUT  ] 2017-11-30T20:12:18.167978386Z: [    7.724069] ata1.00: 524288 sectors, multi 16: LBA48 NCQ (depth 31/32)
[STDOUT  ] 2017-11-30T20:12:18.168347853Z: [    7.724680] ata1.00: applying bridge limits
[STDOUT  ] 2017-11-30T20:12:18.169531464Z: [    7.725768] ata1.00: configured for UDMA/100
[STDOUT  ] 2017-11-30T20:12:18.171939981Z: [    7.728125] ata5: SATA link down (SStatus 0 SControl 300)
[STDOUT  ] 2017-11-30T20:12:18.173171524Z: [    7.729352] ata6: SATA link down (SStatus 0 SControl 300)
[STDOUT  ] 2017-11-30T20:12:18.182546987Z: [    7.738899] ata3.00: configured for UDMA/100
[STDOUT  ] 2017-11-30T20:12:18.196748762Z: [    7.752734] scsi 0:0:0:0: Direct-Access     ATA      QEMU HARDDISK    2.5+ PQ: 0 ANSI: 5
[STDOUT  ] 2017-11-30T20:12:18.205795621Z: [    7.761884] Key type big_key registered
[STDOUT  ] 2017-11-30T20:12:18.218649071Z: [    7.774682] sd 0:0:0:0: [sda] 524288 512-byte logical blocks: (268 MB/256 MiB)
[STDOUT  ] 2017-11-30T20:12:18.220383444Z: [    7.776583] sd 0:0:0:0: Attached scsi generic sg0 type 0
[STDOUT  ] 2017-11-30T20:12:18.227071764Z: [    7.783323] sd 0:0:0:0: [sda] Write Protect is off
[STDOUT  ] 2017-11-30T20:12:18.230727079Z: [    7.786665] scsi 2:0:0:0: CD-ROM            QEMU     QEMU DVD-ROM     2.5+ PQ: 0 ANSI: 5
[STDOUT  ] 2017-11-30T20:12:18.235352567Z: [    7.791176] sd 0:0:0:0: [sda] Write cache: enabled, read cache: enabled, doesn't support DPO or FUA
[STDOUT  ] 2017-11-30T20:12:18.26832801Z: [    7.824383] sr 2:0:0:0: [sr0] scsi3-mmc drive: 4x/4x cd/rw xa/form2 tray
[STDOUT  ] 2017-11-30T20:12:18.268921798Z: [    7.825146] cdrom: Uniform CD-ROM driver Revision: 3.20
[STDOUT  ] 2017-11-30T20:12:18.284856083Z: [    7.840742] sr 2:0:0:0: Attached scsi generic sg1 type 5
[STDOUT  ] 2017-11-30T20:12:18.29138858Z: [    7.847655] sd 0:0:0:0: [sda] Attached SCSI disk
[STDOUT  ] 2017-11-30T20:12:18.381092048Z: [    7.937390] Key type encrypted registered
[STDOUT  ] 2017-11-30T20:12:18.387988327Z: [    7.944000] rtc_cmos 00:00: setting system clock to 2017-11-30 20:12:17 UTC (1512072737)
[STDOUT  ] 2017-11-30T20:12:18.531009421Z: [    8.087202] Freeing unused kernel memory: 1380K
[STDOUT  ] 2017-11-30T20:12:18.531555126Z: [    8.087625] Write protecting the kernel read-only data: 12288k
[STDOUT  ] 2017-11-30T20:12:18.533648346Z: [    8.089667] tsc: Refined TSC clocksource calibration: 2599.943 MHz
[STDOUT  ] 2017-11-30T20:12:18.535057464Z: [    8.090868] clocksource: tsc: mask: 0xffffffffffffffff max_cycles: 0x257a065c3d7, max_idle_ns: 440795322440 ns
[STDOUT  ] 2017-11-30T20:12:18.540905794Z: [    8.097054] Freeing unused kernel memory: 128K
[STDOUT  ] 2017-11-30T20:12:18.656712091Z: [    8.212906] Freeing unused kernel memory: 1396K
[STDOUT  ] 2017-11-30T20:12:19.55107022Z: [    9.107260] clocksource: Switched to clocksource tsc
[STDOUT  ] 2017-11-30T20:12:31.108555951Z: 
[STDOUT  ] 2017-11-30T20:12:31.109314436Z: Welcome to LinuxKit
[STDOUT  ] 2017-11-30T20:12:31.109347993Z: 
[STDOUT  ] 2017-11-30T20:12:31.1097984Z:                         ##         .
[STDOUT  ] 2017-11-30T20:12:31.110104475Z:                   ## ## ##        ==
[STDOUT  ] 2017-11-30T20:12:31.110439614Z:                ## ## ## ## ##    ===
[STDOUT  ] 2017-11-30T20:12:31.110738666Z:            /"""""""""""""""""\___/ ===
[STDOUT  ] 2017-11-30T20:12:31.111028668Z:           {                       /  ===-
[STDOUT  ] 2017-11-30T20:12:31.111326735Z:            \______ O           __/
[STDOUT  ] 2017-11-30T20:12:31.111624901Z:              \    \         __/
[STDOUT  ] 2017-11-30T20:12:31.111941097Z:               \____\_______/
[STDOUT  ] 2017-11-30T20:12:31.111958515Z: 
[STDOUT  ] 2017-11-30T20:12:33.184196818Z: [   22.740407] raid6: sse2x1   gen()   323 MB/s
[STDOUT  ] 2017-11-30T20:12:33.354316756Z: [   22.910470] raid6: sse2x1   xor()   157 MB/s
[STDOUT  ] 2017-11-30T20:12:33.524180807Z: [   23.080474] raid6: sse2x2   gen()   246 MB/s
[STDOUT  ] 2017-11-30T20:12:33.694144141Z: [   23.250433] raid6: sse2x2   xor()   170 MB/s
[STDOUT  ] 2017-11-30T20:12:33.864091711Z: [   23.420336] raid6: sse2x4   gen()   283 MB/s
[STDOUT  ] 2017-11-30T20:12:34.034169808Z: [   23.590396] raid6: sse2x4   xor()   171 MB/s
[STDOUT  ] 2017-11-30T20:12:34.034687688Z: [   23.590853] raid6: using algorithm sse2x1 gen() 323 MB/s
[STDOUT  ] 2017-11-30T20:12:34.035054662Z: [   23.591256] raid6: .... xor() 157 MB/s, rmw enabled
[STDOUT  ] 2017-11-30T20:12:34.035527995Z: [   23.591771] raid6: using intx1 recovery algorithm
[STDOUT  ] 2017-11-30T20:12:34.05946357Z: [   23.615580] xor: measuring software checksum speed
[STDOUT  ] 2017-11-30T20:12:34.154231508Z: [   23.710461]    prefetch64-sse:   639.200 MB/sec
[STDOUT  ] 2017-11-30T20:12:34.254325084Z: [   23.810441]    generic_sse:   583.200 MB/sec
[STDOUT  ] 2017-11-30T20:12:34.254979209Z: [   23.810934] xor: using function: prefetch64-sse (639.200 MB/sec)
[STDOUT  ] 2017-11-30T20:12:34.437959832Z: [   23.994052] Btrfs loaded, crc32c=crc32c-generic
[STDOUT  ] 2017-11-30T20:12:35.11542175Z: [   24.671542] IPVS: Creating netns size=2104 id=1
[STDOUT  ] 2017-11-30T20:12:35.116003543Z: [   24.672132] IPVS: ftp: loaded support on port[0] = 21
[STDOUT  ] 2017-11-30T20:12:36.475576666Z: 2017/11/30 20:12:35 Creating partition on /dev/sda
[STDOUT  ] 2017-11-30T20:12:36.607062075Z: [   26.163368]  sda:
[STDOUT  ] 2017-11-30T20:12:36.692083116Z: [   26.248379]  sda:
[STDOUT  ] 2017-11-30T20:12:36.727346978Z: [   26.283599]  sda: sda1
[STDOUT  ] 2017-11-30T20:12:36.814946599Z: [   26.371240]  sda: sda1
[STDOUT  ] 2017-11-30T20:12:38.712377606Z: [   28.268613] BTRFS: device fsid f8a0581b-29a6-4911-8d4e-af1d8345ad90 devid 1 transid 5 /dev/sda1
[STDOUT  ] 2017-11-30T20:12:38.721814663Z: 2017/11/30 20:12:37 Partition /dev/sda1 successfully created!
[STDOUT  ] 2017-11-30T20:12:39.519272129Z: [   29.075459] IPVS: Creating netns size=2104 id=2
[STDOUT  ] 2017-11-30T20:12:39.519600887Z: [   29.075778] IPVS: ftp: loaded support on port[0] = 21
[STDOUT  ] 2017-11-30T20:12:40.865895197Z: [   30.421911] FAT-fs (sda1): utf8 is not a recommended IO charset for FAT filesystems, filesystem will be case sensitive!
[STDOUT  ] 2017-11-30T20:12:40.871396946Z: [   30.427688] FAT-fs (sda1): utf8 is not a recommended IO charset for FAT filesystems, filesystem will be case sensitive!
[STDOUT  ] 2017-11-30T20:12:40.877384963Z: [   30.433647] mount: sending ioctl 5310 to a partition!
[STDOUT  ] 2017-11-30T20:12:40.918527476Z: [   30.474753] mount: sending ioctl 5310 to a partition!
[STDOUT  ] 2017-11-30T20:12:40.920383996Z: [   30.476733] UDF-fs: warning (device sda1): udf_fill_super: No partition found (2)
[STDOUT  ] 2017-11-30T20:12:40.957864838Z: [   30.513921] BTRFS info (device sda1): disk space caching is enabled
[STDOUT  ] 2017-11-30T20:12:40.958006592Z: [   30.514311] BTRFS info (device sda1): has skinny extents
[STDOUT  ] 2017-11-30T20:12:40.958116463Z: [   30.514506] BTRFS info (device sda1): flagging fs with big metadata feature
[STDOUT  ] 2017-11-30T20:12:41.019546987Z: [   30.575755] BTRFS info (device sda1): creating UUID tree
[STDOUT  ] 2017-11-30T20:12:55.356656049Z: [   44.912845] sd 0:0:0:0: [sda] Synchronizing SCSI cache
[STDOUT  ] 2017-11-30T20:12:55.36146494Z: [   44.917705] sd 0:0:0:0: [sda] Stopping disk
[STDOUT  ] 2017-11-30T20:12:55.366338468Z: [   44.922331] ACPI: Preparing to enter system sleep state S5
[STDOUT  ] 2017-11-30T20:12:55.367623036Z: [   44.923981] reboot: Power down
[STDERR  ] 2017-11-30T20:12:55.718094809Z: + [ -f disk.img ]
[STDERR  ] 2017-11-30T20:12:55.718159158Z: + dd if=/dev/zero bs=1048576 count=256
[STDERR  ] 2017-11-30T20:12:55.933325521Z: 256+0 records in
[STDERR  ] 2017-11-30T20:12:55.933373864Z: 256+0 records out
[STDERR  ] 2017-11-30T20:12:55.933384717Z: 268435456 bytes (268 MB) copied, 0.21438 s, 1.3 GB/s
[STDERR  ] 2017-11-30T20:12:55.933697843Z: + linuxkit build -format kernel+initrd -name extend-btrfs test.yml
[STDERR  ] 2017-11-30T20:12:55.991174544Z: Extract kernel image: linuxkit/kernel:4.9.65
[STDERR  ] 2017-11-30T20:12:57.145380581Z: time="2017-11-30T20:12:57Z" level=warning msg="certificate with CN Justin Cormack is near expiry" 
[STDERR  ] 2017-11-30T20:12:57.181058563Z: time="2017-11-30T20:12:57Z" level=warning msg="certificate with CN Justin Cormack is near expiry" 
[STDERR  ] 2017-11-30T20:12:57.903574162Z: Add init containers:
[STDERR  ] 2017-11-30T20:12:57.903659441Z: Process init image: linuxkit/init:42a92119e1ca10380e0d33e26c0cbcf85b9b3558
[STDERR  ] 2017-11-30T20:12:58.936032405Z: time="2017-11-30T20:12:58Z" level=warning msg="certificate with CN Justin Cormack is near expiry" 
[STDERR  ] 2017-11-30T20:12:58.939278139Z: time="2017-11-30T20:12:58Z" level=warning msg="certificate with CN Justin Cormack is near expiry" 
[STDERR  ] 2017-11-30T20:12:59.254563027Z: Process init image: linuxkit/runc:1b0741d07949c0acc444cd6a04ee7f833443579d
[STDERR  ] 2017-11-30T20:13:00.292545999Z: time="2017-11-30T20:13:00Z" level=warning msg="certificate with CN Justin Cormack is near expiry" 
[STDERR  ] 2017-11-30T20:13:00.295902427Z: time="2017-11-30T20:13:00Z" level=warning msg="certificate with CN Justin Cormack is near expiry" 
[STDERR  ] 2017-11-30T20:13:00.488552654Z: Add onboot containers:
[STDERR  ] 2017-11-30T20:13:00.488617293Z:   Create OCI config for linuxkit/modprobe:2d153653d1111877a8f53704ef85063a44182ade
[STDERR  ] 2017-11-30T20:13:01.529422827Z: time="2017-11-30T20:13:01Z" level=warning msg="certificate with CN Justin Cormack is near expiry" 
[STDERR  ] 2017-11-30T20:13:01.529584802Z: time="2017-11-30T20:13:01Z" level=warning msg="certificate with CN Rolf Neugebauer is near expiry" 
[STDERR  ] 2017-11-30T20:13:01.529799785Z: time="2017-11-30T20:13:01Z" level=warning msg="certificate with CN Moby CI is near expiry" 
[STDERR  ] 2017-11-30T20:13:01.531632983Z: time="2017-11-30T20:13:01Z" level=warning msg="certificate with CN Rolf Neugebauer is near expiry" 
[STDERR  ] 2017-11-30T20:13:01.70949722Z:   Create OCI config for linuxkit/extend:8b6db5bf68330cc4e91c74532732a7e227ae12fd
[STDERR  ] 2017-11-30T20:13:02.779826531Z: time="2017-11-30T20:13:02Z" level=warning msg="certificate with CN Rolf Neugebauer is near expiry" 
[STDERR  ] 2017-11-30T20:13:02.780006815Z: time="2017-11-30T20:13:02Z" level=warning msg="certificate with CN Moby CI is near expiry" 
[STDERR  ] 2017-11-30T20:13:02.780118359Z: time="2017-11-30T20:13:02Z" level=warning msg="certificate with CN Justin Cormack is near expiry" 
[STDERR  ] 2017-11-30T20:13:02.783840733Z: time="2017-11-30T20:13:02Z" level=warning msg="certificate with CN Rolf Neugebauer is near expiry" 
[STDERR  ] 2017-11-30T20:13:03.151442796Z:   Create OCI config for linuxkit/mount:41685ecc8039643948e5dff46e17584753469a7a
[STDERR  ] 2017-11-30T20:13:04.248738535Z: time="2017-11-30T20:13:04Z" level=warning msg="certificate with CN Justin Cormack is near expiry" 
[STDERR  ] 2017-11-30T20:13:04.248917737Z: time="2017-11-30T20:13:04Z" level=warning msg="certificate with CN Rolf Neugebauer is near expiry" 
[STDERR  ] 2017-11-30T20:13:04.25033876Z: time="2017-11-30T20:13:04Z" level=warning msg="certificate with CN Justin Cormack is near expiry" 
[STDERR  ] 2017-11-30T20:13:04.25143082Z: time="2017-11-30T20:13:04Z" level=warning msg="certificate with CN Rolf Neugebauer is near expiry" 
[STDERR  ] 2017-11-30T20:13:04.455028414Z:   Create OCI config for alpine:3.6
[STDERR  ] 2017-11-30T20:13:05.706804155Z:   Create OCI config for linuxkit/poweroff:280bd01daa8776fbe1f4d912977f1886b8374834
[STDERR  ] 2017-11-30T20:13:06.738741699Z: time="2017-11-30T20:13:06Z" level=warning msg="certificate with CN Justin Cormack is near expiry" 
[STDERR  ] 2017-11-30T20:13:06.738902521Z: time="2017-11-30T20:13:06Z" level=warning msg="certificate with CN Rolf Neugebauer is near expiry" 
[STDERR  ] 2017-11-30T20:13:06.740823355Z: time="2017-11-30T20:13:06Z" level=warning msg="certificate with CN Rolf Neugebauer is near expiry" 
[STDERR  ] 2017-11-30T20:13:06.927005101Z: Add files:
[STDERR  ] 2017-11-30T20:13:06.927065187Z:   check.sh
[STDERR  ] 2017-11-30T20:13:06.939572034Z: Create outputs:
[STDERR  ] 2017-11-30T20:13:13.798703197Z:   extend-btrfs-kernel extend-btrfs-initrd.img extend-btrfs-cmdline
[STDERR  ] 2017-11-30T20:13:13.960971251Z: + linuxkit run -disk file=disk.img extend-btrfs
[STDERR  ] 2017-11-30T20:13:13.988662466Z: Unable to find qemu-system-x86_64 within the $PATH. Using a container
[STDERR  ] 2017-11-30T20:13:13.988720631Z: Using existing disk [disk.img] format 
[STDERR  ] 2017-11-30T20:13:14.54314439Z: WARNING: Image format was not specified for 'disk.img' and probing guessed raw.
[STDERR  ] 2017-11-30T20:13:14.543198081Z:          Automatically detecting the format is dangerous for raw images, write operations on block 0 will be restricted.
[STDERR  ] 2017-11-30T20:13:14.543226304Z:          Specify the 'raw' format explicitly to remove the restrictions.
[STDOUT  ] 2017-11-30T20:14:03.711743348Z: [    0.000000] Linux version 4.9.65-linuxkit (root@c78110dc0cc9) (gcc version 6.3.0 (Alpine 6.3.0) ) #1 SMP Fri Nov 24 15:20:57 UTC 2017
[STDOUT  ] 2017-11-30T20:14:03.711833331Z: [    0.000000] Command line: console=ttyS0
[STDOUT  ] 2017-11-30T20:14:03.711846002Z: [    0.000000] x86/fpu: Legacy x87 FPU detected.
[STDOUT  ] 2017-11-30T20:14:03.711856077Z: [    0.000000] x86/fpu: Using 'eager' FPU context switches.
[STDOUT  ] 2017-11-30T20:14:03.711867352Z: [    0.000000] e820: BIOS-provided physical RAM map:
[STDOUT  ] 2017-11-30T20:14:03.71187882Z: [    0.000000] BIOS-e820: [mem 0x0000000000000000-0x000000000009fbff] usable
[STDOUT  ] 2017-11-30T20:14:03.711889635Z: [    0.000000] BIOS-e820: [mem 0x000000000009fc00-0x000000000009ffff] reserved
[STDOUT  ] 2017-11-30T20:14:03.711898743Z: [    0.000000] BIOS-e820: [mem 0x00000000000f0000-0x00000000000fffff] reserved
[STDOUT  ] 2017-11-30T20:14:03.711908155Z: [    0.000000] BIOS-e820: [mem 0x0000000000100000-0x000000003ffdefff] usable
[STDOUT  ] 2017-11-30T20:14:03.7119182Z: [    0.000000] BIOS-e820: [mem 0x000000003ffdf000-0x000000003fffffff] reserved
[STDOUT  ] 2017-11-30T20:14:03.711928103Z: [    0.000000] BIOS-e820: [mem 0x00000000b0000000-0x00000000bfffffff] reserved
[STDOUT  ] 2017-11-30T20:14:03.711938632Z: [    0.000000] BIOS-e820: [mem 0x00000000fed1c000-0x00000000fed1ffff] reserved
[STDOUT  ] 2017-11-30T20:14:03.711949382Z: [    0.000000] BIOS-e820: [mem 0x00000000fffc0000-0x00000000ffffffff] reserved
[STDOUT  ] 2017-11-30T20:14:03.711960608Z: [    0.000000] NX (Execute Disable) protection: active
[STDOUT  ] 2017-11-30T20:14:03.711984043Z: [    0.000000] SMBIOS 2.8 present.
[STDOUT  ] 2017-11-30T20:14:03.71199422Z: [    0.000000] e820: last_pfn = 0x3ffdf max_arch_pfn = 0x400000000
[STDOUT  ] 2017-11-30T20:14:03.712004179Z: [    0.000000] x86/PAT: Configuration [0-7]: WB  WC  UC- UC  WB  WC  UC- WT  
[STDOUT  ] 2017-11-30T20:14:03.712013732Z: [    0.000000] found SMP MP-table at [mem 0x000f6aa0-0x000f6aaf] mapped at [ffff8911000f6aa0]
[STDOUT  ] 2017-11-30T20:14:03.712023426Z: [    0.000000] RAMDISK: [mem 0x3dee2000-0x3ffcffff]
[STDOUT  ] 2017-11-30T20:14:03.712033676Z: [    0.000000] ACPI: Early table checksum verification disabled
[STDOUT  ] 2017-11-30T20:14:03.712042934Z: [    0.000000] ACPI: RSDP 0x00000000000F68C0 000014 (v00 BOCHS )
[STDOUT  ] 2017-11-30T20:14:03.712052142Z: [    0.000000] ACPI: RSDT 0x000000003FFE2404 000034 (v01 BOCHS  BXPCRSDT 00000001 BXPC 00000001)
[STDOUT  ] 2017-11-30T20:14:03.7120617Z: [    0.000000] ACPI: FACP 0x000000003FFE22A4 000074 (v01 BOCHS  BXPCFACP 00000001 BXPC 00000001)
[STDOUT  ] 2017-11-30T20:14:03.712070968Z: [    0.000000] ACPI: DSDT 0x000000003FFE0040 002264 (v01 BOCHS  BXPCDSDT 00000001 BXPC 00000001)
[STDOUT  ] 2017-11-30T20:14:03.712080615Z: [    0.000000] ACPI: FACS 0x000000003FFE0000 000040
[STDOUT  ] 2017-11-30T20:14:03.712090079Z: [    0.000000] ACPI: APIC 0x000000003FFE2318 000078 (v01 BOCHS  BXPCAPIC 00000001 BXPC 00000001)
[STDOUT  ] 2017-11-30T20:14:03.712099134Z: [    0.000000] ACPI: HPET 0x000000003FFE2390 000038 (v01 BOCHS  BXPCHPET 00000001 BXPC 00000001)
[STDOUT  ] 2017-11-30T20:14:03.712107918Z: [    0.000000] ACPI: MCFG 0x000000003FFE23C8 00003C (v01 BOCHS  BXPCMCFG 00000001 BXPC 00000001)
[STDOUT  ] 2017-11-30T20:14:03.712116854Z: [    0.000000] Zone ranges:
[STDOUT  ] 2017-11-30T20:14:03.712125744Z: [    0.000000]   DMA      [mem 0x0000000000001000-0x0000000000ffffff]
[STDOUT  ] 2017-11-30T20:14:03.712135178Z: [    0.000000]   DMA32    [mem 0x0000000001000000-0x000000003ffdefff]
[STDOUT  ] 2017-11-30T20:14:03.712144128Z: [    0.000000]   Normal   empty
[STDOUT  ] 2017-11-30T20:14:03.712153078Z: [    0.000000] Movable zone start for each node
[STDOUT  ] 2017-11-30T20:14:03.712161945Z: [    0.000000] Early memory node ranges
[STDOUT  ] 2017-11-30T20:14:03.712170965Z: [    0.000000]   node   0: [mem 0x0000000000001000-0x000000000009efff]
[STDOUT  ] 2017-11-30T20:14:03.712191023Z: [    0.000000]   node   0: [mem 0x0000000000100000-0x000000003ffdefff]
[STDOUT  ] 2017-11-30T20:14:03.712199577Z: [    0.000000] Initmem setup node 0 [mem 0x0000000000001000-0x000000003ffdefff]
[STDOUT  ] 2017-11-30T20:14:03.712207841Z: [    0.000000] ACPI: PM-Timer IO Port: 0x608
[STDOUT  ] 2017-11-30T20:14:03.712216285Z: [    0.000000] ACPI: LAPIC_NMI (acpi_id[0xff] dfl dfl lint[0x1])
[STDOUT  ] 2017-11-30T20:14:03.712224104Z: [    0.000000] IOAPIC[0]: apic_id 0, version 32, address 0xfec00000, GSI 0-23
[STDOUT  ] 2017-11-30T20:14:03.712232544Z: [    0.000000] ACPI: INT_SRC_OVR (bus 0 bus_irq 0 global_irq 2 dfl dfl)
[STDOUT  ] 2017-11-30T20:14:03.712241967Z: [    0.000000] ACPI: INT_SRC_OVR (bus 0 bus_irq 5 global_irq 5 high level)
[STDOUT  ] 2017-11-30T20:14:03.71225896Z: [    0.000000] ACPI: INT_SRC_OVR (bus 0 bus_irq 9 global_irq 9 high level)
[STDOUT  ] 2017-11-30T20:14:03.712267254Z: [    0.000000] ACPI: INT_SRC_OVR (bus 0 bus_irq 10 global_irq 10 high level)
[STDOUT  ] 2017-11-30T20:14:03.712275621Z: [    0.000000] ACPI: INT_SRC_OVR (bus 0 bus_irq 11 global_irq 11 high level)
[STDOUT  ] 2017-11-30T20:14:03.712283578Z: [    0.000000] Using ACPI (MADT) for SMP configuration information
[STDOUT  ] 2017-11-30T20:14:03.712292259Z: [    0.000000] ACPI: HPET id: 0x8086a201 base: 0xfed00000
[STDOUT  ] 2017-11-30T20:14:03.712301207Z: [    0.000000] smpboot: Allowing 1 CPUs, 0 hotplug CPUs
[STDOUT  ] 2017-11-30T20:14:03.712309295Z: [    0.000000] e820: [mem 0x40000000-0xafffffff] available for PCI devices
[STDOUT  ] 2017-11-30T20:14:03.712318047Z: [    0.000000] Booting paravirtualized kernel on bare hardware
[STDOUT  ] 2017-11-30T20:14:03.712327673Z: [    0.000000] clocksource: refined-jiffies: mask: 0xffffffff max_cycles: 0xffffffff, max_idle_ns: 19112604462750000 ns
[STDOUT  ] 2017-11-30T20:14:03.712343009Z: [    0.000000] setup_percpu: NR_CPUS:128 nr_cpumask_bits:128 nr_cpu_ids:1 nr_node_ids:1
[STDOUT  ] 2017-11-30T20:14:03.71235204Z: [    0.000000] percpu: Embedded 35 pages/cpu @ffff89113dc00000 s105112 r8192 d30056 u2097152
[STDOUT  ] 2017-11-30T20:14:03.712360579Z: [    0.000000] Built 1 zonelists in Zone order, mobility grouping on.  Total pages: 257896
[STDOUT  ] 2017-11-30T20:14:03.712368576Z: [    0.000000] Kernel command line: console=ttyS0
[STDOUT  ] 2017-11-30T20:14:03.712377361Z: [    0.000000] PID hash table entries: 4096 (order: 3, 32768 bytes)
[STDOUT  ] 2017-11-30T20:14:03.712387189Z: [    0.000000] Dentry cache hash table entries: 131072 (order: 8, 1048576 bytes)
[STDOUT  ] 2017-11-30T20:14:03.712396973Z: [    0.000000] Inode-cache hash table entries: 65536 (order: 7, 524288 bytes)
[STDOUT  ] 2017-11-30T20:14:03.712406269Z: [    0.000000] Memory: 980452K/1048052K available (8048K kernel code, 1367K rwdata, 2700K rodata, 1380K init, 568K bss, 67600K reserved, 0K cma-reserved)
[STDOUT  ] 2017-11-30T20:14:03.712424678Z: [    0.000000] Hierarchical RCU implementation.
[STDOUT  ] 2017-11-30T20:14:03.712434067Z: [    0.000000] 	Build-time adjustment of leaf fanout to 64.
[STDOUT  ] 2017-11-30T20:14:03.71244972Z: [    0.000000] 	RCU restricting CPUs from NR_CPUS=128 to nr_cpu_ids=1.
[STDOUT  ] 2017-11-30T20:14:03.712459078Z: [    0.000000] RCU: Adjusting geometry for rcu_fanout_leaf=64, nr_cpu_ids=1
[STDOUT  ] 2017-11-30T20:14:03.712467702Z: [    0.000000] NR_IRQS:8448 nr_irqs:256 16
[STDOUT  ] 2017-11-30T20:14:03.712476632Z: [    0.000000] Console: colour VGA+ 80x25
[STDOUT  ] 2017-11-30T20:14:03.712487469Z: [    0.000000] console [ttyS0] enabled
[STDOUT  ] 2017-11-30T20:14:03.712496693Z: [    0.000000] clocksource: hpet: mask: 0xffffffff max_cycles: 0xffffffff, max_idle_ns: 19112604467 ns
[STDOUT  ] 2017-11-30T20:14:03.712505878Z: [    0.000000] tsc: Unable to calibrate against PIT
[STDOUT  ] 2017-11-30T20:14:03.71251505Z: [    0.000000] tsc: using HPET reference calibration
[STDOUT  ] 2017-11-30T20:14:03.71252385Z: [    0.000000] tsc: Detected 2600.016 MHz processor
[STDOUT  ] 2017-11-30T20:14:03.712537223Z: [    0.042600] Calibrating delay loop (skipped), value calculated using timer frequency.. 5200.03 BogoMIPS (lpj=26000160)
[STDOUT  ] 2017-11-30T20:14:03.712546723Z: [    0.043794] pid_max: default: 32768 minimum: 301
[STDOUT  ] 2017-11-30T20:14:03.712555695Z: [    0.044921] ACPI: Core revision 20160831
[STDOUT  ] 2017-11-30T20:14:03.71256435Z: [    0.096620] ACPI: 1 ACPI AML tables successfully acquired and loaded
[STDOUT  ] 2017-11-30T20:14:03.712573132Z: [    0.101754] Security Framework initialized
[STDOUT  ] 2017-11-30T20:14:03.712583257Z: [    0.102218] Yama: becoming mindful.
[STDOUT  ] 2017-11-30T20:14:03.712592534Z: [    0.104522] Mount-cache hash table entries: 2048 (order: 2, 16384 bytes)
[STDOUT  ] 2017-11-30T20:14:03.712601306Z: [    0.105099] Mountpoint-cache hash table entries: 2048 (order: 2, 16384 bytes)
[STDOUT  ] 2017-11-30T20:14:03.712610281Z: [    0.129610] Last level iTLB entries: 4KB 0, 2MB 0, 4MB 0
[STDOUT  ] 2017-11-30T20:14:03.712619042Z: [    0.130087] Last level dTLB entries: 4KB 0, 2MB 0, 4MB 0, 1GB 0
[STDOUT  ] 2017-11-30T20:14:03.712628589Z: [    0.507274] Freeing SMP alternatives memory: 20K
[STDOUT  ] 2017-11-30T20:14:03.712637035Z: [    0.520773] ftrace: allocating 35540 entries in 139 pages
[STDOUT  ] 2017-11-30T20:14:03.712645782Z: [    0.733336] smpboot: Max logical packages: 1
[STDOUT  ] 2017-11-30T20:14:03.712654355Z: [    0.742961] ..TIMER: vector=0x30 apic1=0 pin1=2 apic2=-1 pin2=-1
[STDOUT  ] 2017-11-30T20:14:03.712663079Z: [    0.850000] smpboot: CPU0: AMD QEMU Virtual CPU version 2.5+ (family: 0x6, model: 0x6, stepping: 0x3)
[STDOUT  ] 2017-11-30T20:14:03.712671698Z: [    0.850000] Performance Events: PMU not available due to virtualization, using software events only.
[STDOUT  ] 2017-11-30T20:14:03.712680633Z: [    0.862671] NMI watchdog: disabled (cpu0): hardware events not enabled
[STDOUT  ] 2017-11-30T20:14:03.712693063Z: [    0.863211] NMI watchdog: Shutting down hard lockup detector on all cpus
[STDOUT  ] 2017-11-30T20:14:03.712702131Z: [    0.866998] x86: Booted up 1 node, 1 CPUs
[STDOUT  ] 2017-11-30T20:14:03.712710616Z: [    0.867484] smpboot: Total of 1 processors activated (5200.03 BogoMIPS)
[STDOUT  ] 2017-11-30T20:14:03.71272115Z: [    0.886571] devtmpfs: initialized
[STDOUT  ] 2017-11-30T20:14:03.712730077Z: [    0.893668] x86/mm: Memory block size: 128MB
[STDOUT  ] 2017-11-30T20:14:03.712738804Z: [    0.965923] clocksource: jiffies: mask: 0xffffffff max_cycles: 0xffffffff, max_idle_ns: 19112604462750000 ns
[STDOUT  ] 2017-11-30T20:14:03.712747812Z: [    0.966965] futex hash table entries: 256 (order: 2, 16384 bytes)
[STDOUT  ] 2017-11-30T20:14:03.712756889Z: [    0.977958] NET: Registered protocol family 16
[STDOUT  ] 2017-11-30T20:14:03.712765527Z: [    0.990215] cpuidle: using governor ladder
[STDOUT  ] 2017-11-30T20:14:03.712774596Z: [    0.990806] cpuidle: using governor menu
[STDOUT  ] 2017-11-30T20:14:03.712783406Z: [    0.992357] ACPI: bus type PCI registered
[STDOUT  ] 2017-11-30T20:14:03.712792737Z: [    0.995680] PCI: MMCONFIG for domain 0000 [bus 00-ff] at [mem 0xb0000000-0xbfffffff] (base 0xb0000000)
[STDOUT  ] 2017-11-30T20:14:03.712801873Z: [    0.996580] PCI: MMCONFIG at [mem 0xb0000000-0xbfffffff] reserved in E820
[STDOUT  ] 2017-11-30T20:14:03.712816965Z: [    0.997985] PCI: Using configuration type 1 for base access
[STDOUT  ] 2017-11-30T20:14:03.712827609Z: [    1.054826] HugeTLB registered 2 MB page size, pre-allocated 0 pages
[STDOUT  ] 2017-11-30T20:14:03.712836548Z: [    1.068532] ACPI: Added _OSI(Module Device)
[STDOUT  ] 2017-11-30T20:14:03.712845159Z: [    1.068865] ACPI: Added _OSI(Processor Device)
[STDOUT  ] 2017-11-30T20:14:03.712854598Z: [    1.069217] ACPI: Added _OSI(3.0 _SCP Extensions)
[STDOUT  ] 2017-11-30T20:14:03.712864376Z: [    1.069503] ACPI: Added _OSI(Processor Aggregator Device)
[STDOUT  ] 2017-11-30T20:14:03.71287378Z: [    1.152247] ACPI: Interpreter enabled
[STDOUT  ] 2017-11-30T20:14:03.712882199Z: [    1.153284] ACPI: (supports S0 S5)
[STDOUT  ] 2017-11-30T20:14:03.71289127Z: [    1.153660] ACPI: Using IOAPIC for interrupt routing
[STDOUT  ] 2017-11-30T20:14:03.71290425Z: [    1.156371] PCI: Using host bridge windows from ACPI; if necessary, use "pci=nocrs" and report a bug
[STDOUT  ] 2017-11-30T20:14:03.712913273Z: [    1.231043] ACPI: PCI Root Bridge [PCI0] (domain 0000 [bus 00-ff])
[STDOUT  ] 2017-11-30T20:14:03.712922278Z: [    1.232231] acpi PNP0A08:00: _OSC: OS supports [ExtendedConfig ASPM ClockPM Segments MSI]
[STDOUT  ] 2017-11-30T20:14:03.712932837Z: [    1.239192] acpi PNP0A08:00: _OSC: OS now controls [PCIeHotplug PME PCIeCapability]
[STDOUT  ] 2017-11-30T20:14:03.712941675Z: [    1.243972] PCI host bridge to bus 0000:00
[STDOUT  ] 2017-11-30T20:14:03.712950899Z: [    1.244513] pci_bus 0000:00: root bus resource [io  0x0000-0x0cf7 window]
[STDOUT  ] 2017-11-30T20:14:03.712959714Z: [    1.244952] pci_bus 0000:00: root bus resource [io  0x0d00-0xffff window]
[STDOUT  ] 2017-11-30T20:14:03.712968218Z: [    1.245479] pci_bus 0000:00: root bus resource [mem 0x000a0000-0x000bffff window]
[STDOUT  ] 2017-11-30T20:14:03.712977251Z: [    1.245885] pci_bus 0000:00: root bus resource [mem 0xc0000000-0xfebfffff window]
[STDOUT  ] 2017-11-30T20:14:03.712986212Z: [    1.246569] pci_bus 0000:00: root bus resource [bus 00-ff]
[STDOUT  ] 2017-11-30T20:14:03.712996089Z: [    1.420980] pci 0000:00:1f.0: quirk: [io  0x0600-0x067f] claimed by ICH6 ACPI/GPIO/TCO
[STDOUT  ] 2017-11-30T20:14:03.713005418Z: [    1.512164] ACPI: PCI Interrupt Link [LNKA] (IRQs 5 *10 11)
[STDOUT  ] 2017-11-30T20:14:03.713011554Z: [    1.515223] ACPI: PCI Interrupt Link [LNKB] (IRQs 5 *10 11)
[STDOUT  ] 2017-11-30T20:14:03.713018583Z: [    1.517575] ACPI: PCI Interrupt Link [LNKC] (IRQs 5 10 *11)
[STDOUT  ] 2017-11-30T20:14:03.713029673Z: [    1.520477] ACPI: PCI Interrupt Link [LNKD] (IRQs 5 10 *11)
[STDOUT  ] 2017-11-30T20:14:03.713039667Z: [    1.522609] ACPI: PCI Interrupt Link [LNKE] (IRQs 5 *10 11)
[STDOUT  ] 2017-11-30T20:14:03.71304596Z: [    1.524613] ACPI: PCI Interrupt Link [LNKF] (IRQs 5 *10 11)
[STDOUT  ] 2017-11-30T20:14:03.713052466Z: [    1.526759] ACPI: PCI Interrupt Link [LNKG] (IRQs 5 10 *11)
[STDOUT  ] 2017-11-30T20:14:03.713058736Z: [    1.528697] ACPI: PCI Interrupt Link [LNKH] (IRQs 5 10 *11)
[STDOUT  ] 2017-11-30T20:14:03.71306625Z: [    1.529663] ACPI: PCI Interrupt Link [GSIA] (IRQs *16)
[STDOUT  ] 2017-11-30T20:14:03.713072734Z: [    1.530598] ACPI: PCI Interrupt Link [GSIB] (IRQs *17)
[STDOUT  ] 2017-11-30T20:14:03.713078986Z: [    1.531306] ACPI: PCI Interrupt Link [GSIC] (IRQs *18)
[STDOUT  ] 2017-11-30T20:14:03.713085202Z: [    1.532085] ACPI: PCI Interrupt Link [GSID] (IRQs *19)
[STDOUT  ] 2017-11-30T20:14:03.713091157Z: [    1.532789] ACPI: PCI Interrupt Link [GSIE] (IRQs *20)
[STDOUT  ] 2017-11-30T20:14:03.713096954Z: [    1.533456] ACPI: PCI Interrupt Link [GSIF] (IRQs *21)
[STDOUT  ] 2017-11-30T20:14:03.713102695Z: [    1.534226] ACPI: PCI Interrupt Link [GSIG] (IRQs *22)
[STDOUT  ] 2017-11-30T20:14:03.713110208Z: [    1.534955] ACPI: PCI Interrupt Link [GSIH] (IRQs *23)
[STDOUT  ] 2017-11-30T20:14:03.713116127Z: [    1.539430] ACPI: Enabled 2 GPEs in block 00 to 3F
[STDOUT  ] 2017-11-30T20:14:03.71312192Z: [    1.544517] SCSI subsystem initialized
[STDOUT  ] 2017-11-30T20:14:03.713128999Z: [    1.547258] ACPI: bus type USB registered
[STDOUT  ] 2017-11-30T20:14:03.713158029Z: [    1.548650] usbcore: registered new interface driver usbfs
[STDOUT  ] 2017-11-30T20:14:03.713166537Z: [    1.550660] usbcore: registered new interface driver hub
[STDOUT  ] 2017-11-30T20:14:03.713175658Z: [    1.551775] usbcore: registered new device driver usb
[STDOUT  ] 2017-11-30T20:14:03.713184529Z: [    1.553310] pps_core: LinuxPPS API ver. 1 registered
[STDOUT  ] 2017-11-30T20:14:03.713193363Z: [    1.553675] pps_core: Software ver. 5.3.6 - Copyright 2005-2007 Rodolfo Giometti <giometti@linux.it>
[STDOUT  ] 2017-11-30T20:14:03.713201186Z: [    1.554488] PTP clock support registered
[STDOUT  ] 2017-11-30T20:14:03.713207749Z: [    1.556009] wmi: Mapper loaded
[STDOUT  ] 2017-11-30T20:14:03.713214274Z: [    1.557263] PCI: Using ACPI for IRQ routing
[STDOUT  ] 2017-11-30T20:14:03.713224489Z: [    1.581112] NetLabel: Initializing
[STDOUT  ] 2017-11-30T20:14:03.7132319Z: [    1.581354] NetLabel:  domain hash size = 128
[STDOUT  ] 2017-11-30T20:14:03.713238097Z: [    1.581777] NetLabel:  protocols = UNLABELED CIPSOv4
[STDOUT  ] 2017-11-30T20:14:03.713244716Z: [    1.584548] NetLabel:  unlabeled traffic allowed by default
[STDOUT  ] 2017-11-30T20:14:03.713250845Z: [    1.585909] HPET: 3 timers in total, 0 timers will be used for per-cpu timer
[STDOUT  ] 2017-11-30T20:14:03.713257246Z: [    1.587199] hpet0: at MMIO 0xfed00000, IRQs 2, 8, 0
[STDOUT  ] 2017-11-30T20:14:03.713264499Z: [    1.587673] hpet0: 3 comparators, 64-bit 100.000000 MHz counter
[STDOUT  ] 2017-11-30T20:14:03.713271004Z: [    1.592779] clocksource: Switched to clocksource hpet
[STDOUT  ] 2017-11-30T20:14:03.713276751Z: [    1.881782] VFS: Disk quotas dquot_6.6.0
[STDOUT  ] 2017-11-30T20:14:03.713282443Z: [    1.882687] VFS: Dquot-cache hash table entries: 512 (order 0, 4096 bytes)
[STDOUT  ] 2017-11-30T20:14:03.713288109Z: [    1.886488] FS-Cache: Loaded
[STDOUT  ] 2017-11-30T20:14:03.713293949Z: [    1.893500] CacheFiles: Loaded
[STDOUT  ] 2017-11-30T20:14:03.713299645Z: [    1.895473] pnp: PnP ACPI init
[STDOUT  ] 2017-11-30T20:14:03.713305543Z: [    1.909757] pnp: PnP ACPI: found 5 devices
[STDOUT  ] 2017-11-30T20:14:03.713311201Z: [    1.969436] clocksource: acpi_pm: mask: 0xffffff max_cycles: 0xffffff, max_idle_ns: 2085701024 ns
[STDOUT  ] 2017-11-30T20:14:03.713318193Z: [    1.973879] NET: Registered protocol family 2
[STDOUT  ] 2017-11-30T20:14:03.713323776Z: [    1.982877] TCP established hash table entries: 8192 (order: 4, 65536 bytes)
[STDOUT  ] 2017-11-30T20:14:03.71332935Z: [    1.983781] TCP bind hash table entries: 8192 (order: 5, 131072 bytes)
[STDOUT  ] 2017-11-30T20:14:03.713345262Z: [    1.984550] TCP: Hash tables configured (established 8192 bind 8192)
[STDOUT  ] 2017-11-30T20:14:03.713354272Z: [    1.986670] UDP hash table entries: 512 (order: 2, 16384 bytes)
[STDOUT  ] 2017-11-30T20:14:03.713363796Z: [    1.987383] UDP-Lite hash table entries: 512 (order: 2, 16384 bytes)
[STDOUT  ] 2017-11-30T20:14:03.713372527Z: [    1.990832] NET: Registered protocol family 1
[STDOUT  ] 2017-11-30T20:14:03.713379853Z: [    1.992023] pci 0000:00:01.0: Video device with shadowed ROM at [mem 0x000c0000-0x000dffff]
[STDOUT  ] 2017-11-30T20:14:03.71338848Z: [    2.003979] Unpacking initramfs...
[STDOUT  ] 2017-11-30T20:14:03.713397617Z: [    7.664014] Freeing initrd memory: 33720K
[STDOUT  ] 2017-11-30T20:14:03.713406499Z: [    7.691392] PCLMULQDQ-NI instructions are not detected.
[STDOUT  ] 2017-11-30T20:14:03.713414545Z: [    7.692864] AVX or AES-NI instructions are not detected.
[STDOUT  ] 2017-11-30T20:14:03.713422491Z: [    7.693362] CPU feature 'AVX registers' is not supported.
[STDOUT  ] 2017-11-30T20:14:03.713430671Z: [    7.693773] CPU feature 'AVX registers' is not supported.
[STDOUT  ] 2017-11-30T20:14:03.713439161Z: [    7.694188] CPU feature 'AVX registers' is not supported.
[STDOUT  ] 2017-11-30T20:14:03.713454064Z: [    7.694571] CPU feature 'AVX registers' is not supported.
[STDOUT  ] 2017-11-30T20:14:03.713461937Z: [    7.694967] AVX2 or AES-NI instructions are not detected.
[STDOUT  ] 2017-11-30T20:14:03.713468264Z: [    7.695319] AVX2 instructions are not detected.
[STDOUT  ] 2017-11-30T20:14:03.713474611Z: [    7.703972] audit: initializing netlink subsys (disabled)
[STDOUT  ] 2017-11-30T20:14:03.713480405Z: [    7.705928] audit: type=2000 audit(1512072802.700:1): initialized
[STDOUT  ] 2017-11-30T20:14:03.713486202Z: [    7.715813] workingset: timestamp_bits=46 max_order=18 bucket_order=0
[STDOUT  ] 2017-11-30T20:14:03.713492826Z: [    7.721861] squashfs: version 4.0 (2009/01/31) Phillip Lougher
[STDOUT  ] 2017-11-30T20:14:03.713498566Z: [    7.725109] FS-Cache: Netfs 'cifs' registered for caching
[STDOUT  ] 2017-11-30T20:14:03.713504475Z: [    7.726338] fuse init (API version 7.26)
[STDOUT  ] 2017-11-30T20:14:03.713510305Z: [    7.729694] SGI XFS with ACLs, security attributes, no debug enabled
[STDOUT  ] 2017-11-30T20:14:03.713521269Z: [    7.735311] 9p: Installing v9fs 9p2000 file system support
[STDOUT  ] 2017-11-30T20:14:03.713528362Z: [    7.735918] FS-Cache: Netfs '9p' registered for caching
[STDOUT  ] 2017-11-30T20:14:03.713534474Z: [    7.777543] NET: Registered protocol family 38
[STDOUT  ] 2017-11-30T20:14:03.713540293Z: [    7.778132] Key type asymmetric registered
[STDOUT  ] 2017-11-30T20:14:03.713546077Z: [    7.778527] Asymmetric key parser 'x509' registered
[STDOUT  ] 2017-11-30T20:14:03.713552119Z: [    7.779522] Block layer SCSI generic (bsg) driver version 0.4 loaded (major 251)
[STDOUT  ] 2017-11-30T20:14:03.713558032Z: [    7.782376] io scheduler noop registered
[STDOUT  ] 2017-11-30T20:14:03.71356461Z: [    7.782782] io scheduler deadline registered (default)
[STDOUT  ] 2017-11-30T20:14:03.713570133Z: [    7.783768] io scheduler cfq registered
[STDOUT  ] 2017-11-30T20:14:03.713575927Z: [    7.787470] pci_hotplug: PCI Hot Plug PCI Core version: 0.5
[STDOUT  ] 2017-11-30T20:14:03.713581791Z: [    7.788212] pciehp: PCI Express Hot Plug Controller Driver version: 0.4
[STDOUT  ] 2017-11-30T20:14:03.713587458Z: [    7.789165] shpchp: Standard Hot Plug PCI Controller Driver version: 0.4
[STDOUT  ] 2017-11-30T20:14:03.713593131Z: [    7.790794] hv_vmbus: registering driver hyperv_fb
[STDOUT  ] 2017-11-30T20:14:03.713598717Z: [    7.794783] input: Power Button as /devices/LNXSYSTM:00/LNXPWRBN:00/input/input0
[STDOUT  ] 2017-11-30T20:14:03.713604247Z: [    7.796158] ACPI: Power Button [PWRF]
[STDOUT  ] 2017-11-30T20:14:03.713611534Z: [    7.803270] GHES: HEST is not enabled!
[STDOUT  ] 2017-11-30T20:14:03.713617401Z: [    7.817695] ACPI: PCI Interrupt Link [GSIG] enabled at IRQ 22
[STDOUT  ] 2017-11-30T20:14:03.713623001Z: [    7.836317] ACPI: PCI Interrupt Link [GSIH] enabled at IRQ 23
[STDOUT  ] 2017-11-30T20:14:03.713632532Z: [    7.843170] xenfs: not registering filesystem on non-xen platform
[STDOUT  ] 2017-11-30T20:14:03.713638532Z: [    7.845863] Serial: 8250/16550 driver, 4 ports, IRQ sharing disabled
[STDOUT  ] 2017-11-30T20:14:03.713644298Z: [    7.871315] 00:04: ttyS0 at I/O 0x3f8 (irq = 4, base_baud = 115200) is a 16550A
[STDOUT  ] 2017-11-30T20:14:03.713650028Z: [    7.889805] Non-volatile memory driver v1.3
[STDOUT  ] 2017-11-30T20:14:03.713655716Z: [    7.901318] Hangcheck: starting hangcheck timer 0.9.1 (tick is 180 seconds, margin is 60 seconds).
[STDOUT  ] 2017-11-30T20:14:03.713661821Z: [    7.909406] random: fast init done
[STDOUT  ] 2017-11-30T20:14:03.713668722Z: [    7.911486] random: crng init done
[STDOUT  ] 2017-11-30T20:14:03.713674361Z: [    7.955243] loop: module loaded
[STDOUT  ] 2017-11-30T20:14:03.713679872Z: [    7.971881] nbd: registered device at major 43
[STDOUT  ] 2017-11-30T20:14:03.713685453Z: [    8.025909] lpc_ich 0000:00:1f.0: I/O space for GPIO uninitialized
[STDOUT  ] 2017-11-30T20:14:03.713692239Z: [    8.028378] VMware PVSCSI driver - version 1.0.7.0-k
[STDOUT  ] 2017-11-30T20:14:03.713697999Z: [    8.029308] hv_vmbus: registering driver hv_storvsc
[STDOUT  ] 2017-11-30T20:14:03.713704418Z: [    8.042376] ACPI: PCI Interrupt Link [GSIA] enabled at IRQ 16
[STDOUT  ] 2017-11-30T20:14:03.713710495Z: [    8.050973] ahci 0000:00:1f.2: AHCI 0001.0000 32 slots 6 ports 1.5 Gbps 0x3f impl SATA mode
[STDOUT  ] 2017-11-30T20:14:03.713716878Z: [    8.051766] ahci 0000:00:1f.2: flags: 64bit ncq only 
[STDOUT  ] 2017-11-30T20:14:03.713722482Z: [    8.077074] scsi host0: ahci
[STDOUT  ] 2017-11-30T20:14:03.713729672Z: [    8.082639] scsi host1: ahci
[STDOUT  ] 2017-11-30T20:14:03.713736267Z: [    8.085357] scsi host2: ahci
[STDOUT  ] 2017-11-30T20:14:03.713743839Z: [    8.088465] scsi host3: ahci
[STDOUT  ] 2017-11-30T20:14:03.713751455Z: [    8.091843] scsi host4: ahci
[STDOUT  ] 2017-11-30T20:14:03.713759297Z: [    8.095323] scsi host5: ahci
[STDOUT  ] 2017-11-30T20:14:03.713769413Z: [    8.098092] ata1: SATA max UDMA/133 abar m4096@0xfebd2000 port 0xfebd2100 irq 24
[STDOUT  ] 2017-11-30T20:14:03.713778084Z: [    8.098718] ata2: SATA max UDMA/133 abar m4096@0xfebd2000 port 0xfebd2180 irq 24
[STDOUT  ] 2017-11-30T20:14:03.713789398Z: [    8.099209] ata3: SATA max UDMA/133 abar m4096@0xfebd2000 port 0xfebd2200 irq 24
[STDOUT  ] 2017-11-30T20:14:03.713795256Z: [    8.099618] ata4: SATA max UDMA/133 abar m4096@0xfebd2000 port 0xfebd2280 irq 24
[STDOUT  ] 2017-11-30T20:14:03.713800897Z: [    8.100034] ata5: SATA max UDMA/133 abar m4096@0xfebd2000 port 0xfebd2300 irq 24
[STDOUT  ] 2017-11-30T20:14:03.713814035Z: [    8.100906] ata6: SATA max UDMA/133 abar m4096@0xfebd2000 port 0xfebd2380 irq 24
[STDOUT  ] 2017-11-30T20:14:03.713823043Z: [    8.116632] tun: Universal TUN/TAP device driver, 1.6
[STDOUT  ] 2017-11-30T20:14:03.713831893Z: [    8.117166] tun: (C) 1999-2004 Max Krasnyansky <maxk@qualcomm.com>
[STDOUT  ] 2017-11-30T20:14:03.713840851Z: [    8.130677] VMware vmxnet3 virtual NIC driver - version 1.4.a.0-k-NAPI
[STDOUT  ] 2017-11-30T20:14:03.713851079Z: [    8.131874] hv_vmbus: registering driver hv_netvsc
[STDOUT  ] 2017-11-30T20:14:03.713857753Z: [    8.132286] Fusion MPT base driver 3.04.20
[STDOUT  ] 2017-11-30T20:14:03.713863663Z: [    8.132614] Copyright (c) 1999-2008 LSI Corporation
[STDOUT  ] 2017-11-30T20:14:03.713869946Z: [    8.133243] Fusion MPT SPI Host driver 3.04.20
[STDOUT  ] 2017-11-30T20:14:03.713876237Z: [    8.135755] i8042: PNP: PS/2 Controller [PNP0303:KBD,PNP0f13:MOU] at 0x60,0x64 irq 1,12
[STDOUT  ] 2017-11-30T20:14:03.713882678Z: [    8.140903] serio: i8042 KBD port at 0x60,0x64 irq 1
[STDOUT  ] 2017-11-30T20:14:03.713888285Z: [    8.141730] serio: i8042 AUX port at 0x60,0x64 irq 12
[STDOUT  ] 2017-11-30T20:14:03.713894217Z: [    8.145383] hv_vmbus: registering driver hyperv_keyboard
[STDOUT  ] 2017-11-30T20:14:03.713900014Z: [    8.148223] mousedev: PS/2 mouse device common for all mice
[STDOUT  ] 2017-11-30T20:14:03.713909458Z: [    8.155607] input: AT Translated Set 2 keyboard as /devices/platform/i8042/serio0/input/input1
[STDOUT  ] 2017-11-30T20:14:03.713915681Z: [    8.160002] input: PC Speaker as /devices/platform/pcspkr/input/input2
[STDOUT  ] 2017-11-30T20:14:03.713922011Z: [    8.165686] rtc_cmos 00:00: RTC can wake from S4
[STDOUT  ] 2017-11-30T20:14:03.713927973Z: [    8.170639] rtc_cmos 00:00: rtc core: registered rtc_cmos as rtc0
[STDOUT  ] 2017-11-30T20:14:03.71393379Z: [    8.172040] rtc_cmos 00:00: alarms up to one day, y3k, 114 bytes nvram, hpet irqs
[STDOUT  ] 2017-11-30T20:14:03.713939438Z: [    8.172863] i2c /dev entries driver
[STDOUT  ] 2017-11-30T20:14:03.713945183Z: [    8.175131] device-mapper: ioctl: 4.35.0-ioctl (2016-06-23) initialised: dm-devel@redhat.com
[STDOUT  ] 2017-11-30T20:14:03.713950936Z: [    8.181623] usbcore: registered new interface driver usbhid
[STDOUT  ] 2017-11-30T20:14:03.713956731Z: [    8.182082] usbhid: USB HID core driver
[STDOUT  ] 2017-11-30T20:14:03.713962429Z: [    8.182816] hv_utils: Registering HyperV Utility Driver
[STDOUT  ] 2017-11-30T20:14:03.713967981Z: [    8.183176] hv_vmbus: registering driver hv_util
[STDOUT  ] 2017-11-30T20:14:03.713973714Z: [    8.183536] hv_vmbus: registering driver hv_balloon
[STDOUT  ] 2017-11-30T20:14:03.713982048Z: [    8.184103] oprofile: using NMI interrupt.
[STDOUT  ] 2017-11-30T20:14:03.713987622Z: [    8.185309] GACT probability on
[STDOUT  ] 2017-11-30T20:14:03.713994354Z: [    8.185801] Mirror/redirect action on
[STDOUT  ] 2017-11-30T20:14:03.71399986Z: [    8.186727] Simple TC action Loaded
[STDOUT  ] 2017-11-30T20:14:03.714005579Z: [    8.187642] u32 classifier
[STDOUT  ] 2017-11-30T20:14:03.714011542Z: [    8.187831]     Performance counters on
[STDOUT  ] 2017-11-30T20:14:03.714017432Z: [    8.188091]     input device check on
[STDOUT  ] 2017-11-30T20:14:03.714023569Z: [    8.188296]     Actions configured
[STDOUT  ] 2017-11-30T20:14:03.714032516Z: [    8.188920] Netfilter messages via NETLINK v0.30.
[STDOUT  ] 2017-11-30T20:14:03.714044155Z: [    8.189602] nfnl_acct: registering with nfnetlink.
[STDOUT  ] 2017-11-30T20:14:03.714051851Z: [    8.191586] nf_conntrack version 0.5.0 (8192 buckets, 32768 max)
[STDOUT  ] 2017-11-30T20:14:03.71406481Z: [    8.195155] ctnetlink v0.93: registering with nfnetlink.
[STDOUT  ] 2017-11-30T20:14:03.714071651Z: [    8.198489] nf_tables: (c) 2007-2009 Patrick McHardy <kaber@trash.net>
[STDOUT  ] 2017-11-30T20:14:03.714078059Z: [    8.199620] nf_tables_compat: (c) 2012 Pablo Neira Ayuso <pablo@netfilter.org>
[STDOUT  ] 2017-11-30T20:14:03.714084136Z: [    8.203236] xt_time: kernel timezone is -0000
[STDOUT  ] 2017-11-30T20:14:03.714090722Z: [    8.203998] ip_set: protocol 6
[STDOUT  ] 2017-11-30T20:14:03.714096791Z: [    8.204714] IPVS: Registered protocols (TCP, UDP, SCTP, AH, ESP)
[STDOUT  ] 2017-11-30T20:14:03.714103027Z: [    8.205255] IPVS: Connection hash table configured (size=4096, memory=64Kbytes)
[STDOUT  ] 2017-11-30T20:14:03.714108994Z: [    8.207373] IPVS: Creating netns size=2104 id=0
[STDOUT  ] 2017-11-30T20:14:03.714115146Z: [    8.210863] IPVS: ipvs loaded.
[STDOUT  ] 2017-11-30T20:14:03.714121134Z: [    8.211377] IPVS: [rr] scheduler registered.
[STDOUT  ] 2017-11-30T20:14:03.714126839Z: [    8.211732] IPVS: [wrr] scheduler registered.
[STDOUT  ] 2017-11-30T20:14:03.714132843Z: [    8.212056] IPVS: [lc] scheduler registered.
[STDOUT  ] 2017-11-30T20:14:03.71413861Z: [    8.212233] IPVS: [wlc] scheduler registered.
[STDOUT  ] 2017-11-30T20:14:03.714144445Z: [    8.212538] IPVS: [fo] scheduler registered.
[STDOUT  ] 2017-11-30T20:14:03.714150136Z: [    8.212818] IPVS: [ovf] scheduler registered.
[STDOUT  ] 2017-11-30T20:14:03.714155772Z: [    8.213353] IPVS: [lblc] scheduler registered.
[STDOUT  ] 2017-11-30T20:14:03.714163632Z: [    8.213789] IPVS: [lblcr] scheduler registered.
[STDOUT  ] 2017-11-30T20:14:03.71416953Z: [    8.214111] IPVS: [dh] scheduler registered.
[STDOUT  ] 2017-11-30T20:14:03.714175178Z: [    8.214405] IPVS: [sh] scheduler registered.
[STDOUT  ] 2017-11-30T20:14:03.714185885Z: [    8.214689] IPVS: [sed] scheduler registered.
[STDOUT  ] 2017-11-30T20:14:03.71419162Z: [    8.214936] IPVS: [nq] scheduler registered.
[STDOUT  ] 2017-11-30T20:14:03.714197421Z: [    8.215794] IPVS: ftp: loaded support on port[0] = 21
[STDOUT  ] 2017-11-30T20:14:03.714203415Z: [    8.216919] ipip: IPv4 and MPLS over IPv4 tunneling driver
[STDOUT  ] 2017-11-30T20:14:03.714212193Z: [    8.224161] gre: GRE over IPv4 demultiplexor driver
[STDOUT  ] 2017-11-30T20:14:03.714218534Z: [    8.228568] ip_tables: (C) 2000-2006 Netfilter Core Team
[STDOUT  ] 2017-11-30T20:14:03.714225559Z: [    8.234458] ipt_CLUSTERIP: ClusterIP Version 0.8 loaded successfully
[STDOUT  ] 2017-11-30T20:14:03.714232493Z: [    8.235395] arp_tables: arp_tables: (C) 2002 David S. Miller
[STDOUT  ] 2017-11-30T20:14:03.7142397Z: [    8.238697] NET: Registered protocol family 10
[STDOUT  ] 2017-11-30T20:14:03.71424653Z: [    8.251705] ip6_tables: (C) 2000-2006 Netfilter Core Team
[STDOUT  ] 2017-11-30T20:14:03.714253108Z: [    8.262185] NET: Registered protocol family 17
[STDOUT  ] 2017-11-30T20:14:03.714261106Z: [    8.263667] Bridge firewalling registered
[STDOUT  ] 2017-11-30T20:14:03.714267091Z: [    8.264300] Ebtables v2.0 registered
[STDOUT  ] 2017-11-30T20:14:03.71427279Z: [    8.266996] 8021q: 802.1Q VLAN Support v1.8
[STDOUT  ] 2017-11-30T20:14:03.714280444Z: [    8.268732] 9pnet: Installing 9P2000 support
[STDOUT  ] 2017-11-30T20:14:03.714286844Z: [    8.271321] Key type dns_resolver registered
[STDOUT  ] 2017-11-30T20:14:03.71429934Z: [    8.272619] microcode: AMD CPU family 0x6 not supported
[STDOUT  ] 2017-11-30T20:14:03.714309175Z: [    8.277447] registered taskstats version 1
[STDOUT  ] 2017-11-30T20:14:03.714318435Z: [    8.435224] ata3: SATA link up 1.5 Gbps (SStatus 113 SControl 300)
[STDOUT  ] 2017-11-30T20:14:03.714327062Z: [    8.439655] ata2: SATA link down (SStatus 0 SControl 300)
[STDOUT  ] 2017-11-30T20:14:03.714336344Z: [    8.441901] ata1: SATA link up 1.5 Gbps (SStatus 113 SControl 300)
[STDOUT  ] 2017-11-30T20:14:03.714344745Z: [    8.444374] ata1.00: ATA-7: QEMU HARDDISK, 2.5+, max UDMA/100
[STDOUT  ] 2017-11-30T20:14:03.714353906Z: [    8.445067] ata1.00: 1048576 sectors, multi 16: LBA48 NCQ (depth 31/32)
[STDOUT  ] 2017-11-30T20:14:03.714366522Z: [    8.445761] ata1.00: applying bridge limits
[STDOUT  ] 2017-11-30T20:14:03.714372734Z: [    8.447228] ata5: SATA link down (SStatus 0 SControl 300)
[STDOUT  ] 2017-11-30T20:14:03.714381902Z: [    8.447801] ata4: SATA link down (SStatus 0 SControl 300)
[STDOUT  ] 2017-11-30T20:14:03.714389916Z: [    8.448498] ata6: SATA link down (SStatus 0 SControl 300)
[STDOUT  ] 2017-11-30T20:14:03.714396321Z: [    8.451647] ata1.00: configured for UDMA/100
[STDOUT  ] 2017-11-30T20:14:03.714402901Z: [    8.455350] ata3.00: ATAPI: QEMU DVD-ROM, 2.5+, max UDMA/100
[STDOUT  ] 2017-11-30T20:14:03.714409255Z: [    8.455871] ata3.00: applying bridge limits
[STDOUT  ] 2017-11-30T20:14:03.714415972Z: [    8.456636] ata3.00: configured for UDMA/100
[STDOUT  ] 2017-11-30T20:14:03.714421734Z: [    8.477965] scsi 0:0:0:0: Direct-Access     ATA      QEMU HARDDISK    2.5+ PQ: 0 ANSI: 5
[STDOUT  ] 2017-11-30T20:14:03.714427959Z: [    8.497618] sd 0:0:0:0: [sda] 1048576 512-byte logical blocks: (537 MB/512 MiB)
[STDOUT  ] 2017-11-30T20:14:03.714434219Z: [    8.504148] sd 0:0:0:0: Attached scsi generic sg0 type 0
[STDOUT  ] 2017-11-30T20:14:03.714440234Z: [    8.506310] sd 0:0:0:0: [sda] Write Protect is off
[STDOUT  ] 2017-11-30T20:14:03.714451138Z: [    8.513613] sd 0:0:0:0: [sda] Write cache: enabled, read cache: enabled, doesn't support DPO or FUA
[STDOUT  ] 2017-11-30T20:14:03.714457322Z: [    8.516634] scsi 2:0:0:0: CD-ROM            QEMU     QEMU DVD-ROM     2.5+ PQ: 0 ANSI: 5
[STDOUT  ] 2017-11-30T20:14:03.714464541Z: [    8.553302] sr 2:0:0:0: [sr0] scsi3-mmc drive: 4x/4x cd/rw xa/form2 tray
[STDOUT  ] 2017-11-30T20:14:03.714472607Z: [    8.554092] cdrom: Uniform CD-ROM driver Revision: 3.20
[STDOUT  ] 2017-11-30T20:14:03.714478327Z: [    8.563060]  sda: sda1
[STDOUT  ] 2017-11-30T20:14:03.714488889Z: [    8.570815] sr 2:0:0:0: Attached scsi generic sg1 type 5
[STDOUT  ] 2017-11-30T20:14:03.714498485Z: [    8.591888] sd 0:0:0:0: [sda] Attached SCSI disk
[STDOUT  ] 2017-11-30T20:14:03.714504623Z: [    8.625708] Key type big_key registered
[STDOUT  ] 2017-11-30T20:14:03.714511065Z: [    8.721023] tsc: Refined TSC clocksource calibration: 2599.946 MHz
[STDOUT  ] 2017-11-30T20:14:03.714519692Z: [    8.721665] clocksource: tsc: mask: 0xffffffffffffffff max_cycles: 0x257a097245b, max_idle_ns: 440795339035 ns
[STDOUT  ] 2017-11-30T20:14:03.714526709Z: [    8.758997] Key type encrypted registered
[STDOUT  ] 2017-11-30T20:14:03.714532826Z: [    8.765394] rtc_cmos 00:00: setting system clock to 2017-11-30 20:13:24 UTC (1512072804)
[STDOUT  ] 2017-11-30T20:14:03.71453986Z: [    8.937239] Freeing unused kernel memory: 1380K
[STDOUT  ] 2017-11-30T20:14:03.714546414Z: [    8.937572] Write protecting the kernel read-only data: 12288k
[STDOUT  ] 2017-11-30T20:14:03.71455407Z: [    8.945397] Freeing unused kernel memory: 128K
[STDOUT  ] 2017-11-30T20:14:03.714560066Z: [    9.069584] Freeing unused kernel memory: 1396K
[STDOUT  ] 2017-11-30T20:14:03.714565821Z: [    9.736599] clocksource: Switched to clocksource tsc
[STDOUT  ] 2017-11-30T20:14:03.714572454Z: 
[STDOUT  ] 2017-11-30T20:14:03.714578574Z: Welcome to LinuxKit
[STDOUT  ] 2017-11-30T20:14:03.71458461Z: 
[STDOUT  ] 2017-11-30T20:14:03.714591401Z:                         ##         .
[STDOUT  ] 2017-11-30T20:14:03.714600434Z:                   ## ## ##        ==
[STDOUT  ] 2017-11-30T20:14:03.714607278Z:                ## ## ## ## ##    ===
[STDOUT  ] 2017-11-30T20:14:03.714613638Z:            /"""""""""""""""""\___/ ===
[STDOUT  ] 2017-11-30T20:14:03.714621688Z:           {                       /  ===-
[STDOUT  ] 2017-11-30T20:14:03.714628025Z:            \______ O           __/
[STDOUT  ] 2017-11-30T20:14:03.71463378Z:              \    \         __/
[STDOUT  ] 2017-11-30T20:14:03.714639649Z:               \____\_______/
[STDOUT  ] 2017-11-30T20:14:03.714645184Z: 
[STDOUT  ] 2017-11-30T20:14:03.714651402Z: [   24.010590] raid6: sse2x1   gen()   309 MB/s
[STDOUT  ] 2017-11-30T20:14:03.714657132Z: [   24.180570] raid6: sse2x1   xor()   152 MB/s
[STDOUT  ] 2017-11-30T20:14:03.71466594Z: [   24.350498] raid6: sse2x2   gen()   216 MB/s
[STDOUT  ] 2017-11-30T20:14:03.714672482Z: [   24.520530] raid6: sse2x2   xor()   162 MB/s
[STDOUT  ] 2017-11-30T20:14:03.714678445Z: [   24.690535] raid6: sse2x4   gen()   287 MB/s
[STDOUT  ] 2017-11-30T20:14:03.714686245Z: [   24.860571] raid6: sse2x4   xor()   168 MB/s
[STDOUT  ] 2017-11-30T20:14:03.714693519Z: [   24.861014] raid6: using algorithm sse2x1 gen() 309 MB/s
[STDOUT  ] 2017-11-30T20:14:03.714699522Z: [   24.861372] raid6: .... xor() 152 MB/s, rmw enabled
[STDOUT  ] 2017-11-30T20:14:03.714705594Z: [   24.862368] raid6: using intx1 recovery algorithm
[STDOUT  ] 2017-11-30T20:14:03.7147129Z: [   24.885299] xor: measuring software checksum speed
[STDOUT  ] 2017-11-30T20:14:03.714719143Z: [   24.980448]    prefetch64-sse:   549.200 MB/sec
[STDOUT  ] 2017-11-30T20:14:03.714725133Z: [   25.080399]    generic_sse:   550.000 MB/sec
[STDOUT  ] 2017-11-30T20:14:03.714731043Z: [   25.080889] xor: using function: generic_sse (550.000 MB/sec)
[STDOUT  ] 2017-11-30T20:14:03.714736913Z: [   25.263385] Btrfs loaded, crc32c=crc32c-generic
[STDOUT  ] 2017-11-30T20:14:03.714742925Z: [   25.916733] IPVS: Creating netns size=2104 id=1
[STDOUT  ] 2017-11-30T20:14:03.714748598Z: [   25.919285] IPVS: ftp: loaded support on port[0] = 21
[STDOUT  ] 2017-11-30T20:14:03.714754274Z: [   27.180902]  sda:
[STDOUT  ] 2017-11-30T20:14:03.714760159Z: [   27.286100]  sda:
[STDOUT  ] 2017-11-30T20:14:03.714765737Z: [   27.322388]  sda: sda1
[STDOUT  ] 2017-11-30T20:14:03.714771358Z: [   27.430689]  sda: sda1
[STDOUT  ] 2017-11-30T20:14:03.714778182Z: [   27.530930]  sda: sda1
[STDOUT  ] 2017-11-30T20:14:03.714786978Z: [   29.287565] BTRFS: device fsid f8a0581b-29a6-4911-8d4e-af1d8345ad90 devid 1 transid 7 /dev/sda1
[STDOUT  ] 2017-11-30T20:14:03.714797469Z: [   29.312882] BTRFS info (device sda1): disk space caching is enabled
[STDOUT  ] 2017-11-30T20:14:03.714806003Z: [   29.313362] BTRFS info (device sda1): has skinny extents
[STDOUT  ] 2017-11-30T20:14:03.714814129Z: [   29.421221] BTRFS info (device sda1): new size for /dev/sda1 is 535822336
[STDOUT  ] 2017-11-30T20:14:03.714822825Z: 2017/11/30 20:13:45 Successfully resized /dev/sda
[STDOUT  ] 2017-11-30T20:14:03.714831767Z: [   30.412341] IPVS: Creating netns size=2104 id=2
[STDOUT  ] 2017-11-30T20:14:03.714839969Z: [   30.412690] IPVS: ftp: loaded support on port[0] = 21
[STDOUT  ] 2017-11-30T20:14:03.714852678Z: [   31.804103] FAT-fs (sda1): utf8 is not a recommended IO charset for FAT filesystems, filesystem will be case sensitive!
[STDOUT  ] 2017-11-30T20:14:03.714861182Z: [   31.809671] FAT-fs (sda1): utf8 is not a recommended IO charset for FAT filesystems, filesystem will be case sensitive!
[STDOUT  ] 2017-11-30T20:14:03.714869506Z: [   31.814695] mount: sending ioctl 5310 to a partition!
[STDOUT  ] 2017-11-30T20:14:03.714877518Z: [   31.852876] mount: sending ioctl 5310 to a partition!
[STDOUT  ] 2017-11-30T20:14:03.714885872Z: [   31.854743] UDF-fs: warning (device sda1): udf_fill_super: No partition found (2)
[STDOUT  ] 2017-11-30T20:14:03.714896289Z: [   31.880582] BTRFS info (device sda1): disk space caching is enabled
[STDOUT  ] 2017-11-30T20:14:03.71490506Z: [   31.880904] BTRFS info (device sda1): has skinny extents
[STDOUT  ] 2017-11-30T20:14:03.714972033Z: + [ -f /var/lib/docker/bar ]
[STDOUT  ] 2017-11-30T20:14:03.714985279Z: + touch /var/lib/docker/foo
[STDOUT  ] 2017-11-30T20:14:03.714994192Z: + df -h+ grep -qE [4-5][0-9]{2}\.[0-9]{1,}M
[STDOUT  ] 2017-11-30T20:14:03.715001106Z: 
[STDOUT  ] 2017-11-30T20:14:03.715007105Z: + printf extend test suite PASSED
[STDOUT  ] 2017-11-30T20:14:03.715013198Z: 
[STDOUT  ] 2017-11-30T20:14:03.715019279Z: extend test suite PASSED
[STDOUT  ] 2017-11-30T20:14:03.715027322Z: [   46.527597] sd 0:0:0:0: [sda] Synchronizing SCSI cache
[STDOUT  ] 2017-11-30T20:14:03.715033559Z: [   46.531874] sd 0:0:0:0: [sda] Stopping disk
[STDOUT  ] 2017-11-30T20:14:03.715042055Z: [   46.535152] ACPI: Preparing to enter system sleep state S5
[STDOUT  ] 2017-11-30T20:14:03.715053448Z: [   46.536679] reboot: Power down
[STDERR  ] 2017-11-30T20:14:03.715071928Z: + RESULT=[    0.000000] Linux version 4.9.65-linuxkit (root@c78110dc0cc9) (gcc version 6.3.0 (Alpine 6.3.0) ) #1 SMP Fri Nov 24 15:20:57 UTC 2017
[STDERR  ] 2017-11-30T20:14:03.715079498Z: [    0.000000] Command line: console=ttyS0
[STDERR  ] 2017-11-30T20:14:03.715085972Z: [    0.000000] x86/fpu: Legacy x87 FPU detected.
[STDERR  ] 2017-11-30T20:14:03.715092413Z: [    0.000000] x86/fpu: Using 'eager' FPU context switches.
[STDERR  ] 2017-11-30T20:14:03.715098507Z: [    0.000000] e820: BIOS-provided physical RAM map:
[STDERR  ] 2017-11-30T20:14:03.71510476Z: [    0.000000] BIOS-e820: [mem 0x0000000000000000-0x000000000009fbff] usable
[STDERR  ] 2017-11-30T20:14:03.715111037Z: [    0.000000] BIOS-e820: [mem 0x000000000009fc00-0x000000000009ffff] reserved
[STDERR  ] 2017-11-30T20:14:03.715118597Z: [    0.000000] BIOS-e820: [mem 0x00000000000f0000-0x00000000000fffff] reserved
[STDERR  ] 2017-11-30T20:14:03.715124527Z: [    0.000000] BIOS-e820: [mem 0x0000000000100000-0x000000003ffdefff] usable
[STDERR  ] 2017-11-30T20:14:03.715130146Z: [    0.000000] BIOS-e820: [mem 0x000000003ffdf000-0x000000003fffffff] reserved
[STDERR  ] 2017-11-30T20:14:03.715137254Z: [    0.000000] BIOS-e820: [mem 0x00000000b0000000-0x00000000bfffffff] reserved
[STDERR  ] 2017-11-30T20:14:03.715143091Z: [    0.000000] BIOS-e820: [mem 0x00000000fed1c000-0x00000000fed1ffff] reserved
[STDERR  ] 2017-11-30T20:14:03.715150101Z: [    0.000000] BIOS-e820: [mem 0x00000000fffc0000-0x00000000ffffffff] reserved
[STDERR  ] 2017-11-30T20:14:03.715155897Z: [    0.000000] NX (Execute Disable) protection: active
[STDERR  ] 2017-11-30T20:14:03.715162281Z: [    0.000000] SMBIOS 2.8 present.
[STDERR  ] 2017-11-30T20:14:03.71516832Z: [    0.000000] e820: last_pfn = 0x3ffdf max_arch_pfn = 0x400000000
[STDERR  ] 2017-11-30T20:14:03.715177718Z: [    0.000000] x86/PAT: Configuration [0-7]: WB  WC  UC- UC  WB  WC  UC- WT  
[STDERR  ] 2017-11-30T20:14:03.715183638Z: [    0.000000] found SMP MP-table at [mem 0x000f6aa0-0x000f6aaf] mapped at [ffff8911000f6aa0]
[STDERR  ] 2017-11-30T20:14:03.715190388Z: [    0.000000] RAMDISK: [mem 0x3dee2000-0x3ffcffff]
[STDERR  ] 2017-11-30T20:14:03.715196472Z: [    0.000000] ACPI: Early table checksum verification disabled
[STDERR  ] 2017-11-30T20:14:03.715202866Z: [    0.000000] ACPI: RSDP 0x00000000000F68C0 000014 (v00 BOCHS )
[STDERR  ] 2017-11-30T20:14:03.715209574Z: [    0.000000] ACPI: RSDT 0x000000003FFE2404 000034 (v01 BOCHS  BXPCRSDT 00000001 BXPC 00000001)
[STDERR  ] 2017-11-30T20:14:03.715215839Z: [    0.000000] ACPI: FACP 0x000000003FFE22A4 000074 (v01 BOCHS  BXPCFACP 00000001 BXPC 00000001)
[STDERR  ] 2017-11-30T20:14:03.715221428Z: [    0.000000] ACPI: DSDT 0x000000003FFE0040 002264 (v01 BOCHS  BXPCDSDT 00000001 BXPC 00000001)
[STDERR  ] 2017-11-30T20:14:03.71522912Z: [    0.000000] ACPI: FACS 0x000000003FFE0000 000040
[STDERR  ] 2017-11-30T20:14:03.715234996Z: [    0.000000] ACPI: APIC 0x000000003FFE2318 000078 (v01 BOCHS  BXPCAPIC 00000001 BXPC 00000001)
[STDERR  ] 2017-11-30T20:14:03.715240705Z: [    0.000000] ACPI: HPET 0x000000003FFE2390 000038 (v01 BOCHS  BXPCHPET 00000001 BXPC 00000001)
[STDERR  ] 2017-11-30T20:14:03.715246228Z: [    0.000000] ACPI: MCFG 0x000000003FFE23C8 00003C (v01 BOCHS  BXPCMCFG 00000001 BXPC 00000001)
[STDERR  ] 2017-11-30T20:14:03.715252929Z: [    0.000000] Zone ranges:
[STDERR  ] 2017-11-30T20:14:03.715258539Z: [    0.000000]   DMA      [mem 0x0000000000001000-0x0000000000ffffff]
[STDERR  ] 2017-11-30T20:14:03.715264409Z: [    0.000000]   DMA32    [mem 0x0000000001000000-0x000000003ffdefff]
[STDERR  ] 2017-11-30T20:14:03.715270086Z: [    0.000000]   Normal   empty
[STDERR  ] 2017-11-30T20:14:03.71527576Z: [    0.000000] Movable zone start for each node
[STDERR  ] 2017-11-30T20:14:03.715281551Z: [    0.000000] Early memory node ranges
[STDERR  ] 2017-11-30T20:14:03.715287414Z: [    0.000000]   node   0: [mem 0x0000000000001000-0x000000000009efff]
[STDERR  ] 2017-11-30T20:14:03.715293159Z: [    0.000000]   node   0: [mem 0x0000000000100000-0x000000003ffdefff]
[STDERR  ] 2017-11-30T20:14:03.715302436Z: [    0.000000] Initmem setup node 0 [mem 0x0000000000001000-0x000000003ffdefff]
[STDERR  ] 2017-11-30T20:14:03.715309357Z: [    0.000000] ACPI: PM-Timer IO Port: 0x608
[STDERR  ] 2017-11-30T20:14:03.715315068Z: [    0.000000] ACPI: LAPIC_NMI (acpi_id[0xff] dfl dfl lint[0x1])
[STDERR  ] 2017-11-30T20:14:03.715320805Z: [    0.000000] IOAPIC[0]: apic_id 0, version 32, address 0xfec00000, GSI 0-23
[STDERR  ] 2017-11-30T20:14:03.715326774Z: [    0.000000] ACPI: INT_SRC_OVR (bus 0 bus_irq 0 global_irq 2 dfl dfl)
[STDERR  ] 2017-11-30T20:14:03.715335285Z: [    0.000000] ACPI: INT_SRC_OVR (bus 0 bus_irq 5 global_irq 5 high level)
[STDERR  ] 2017-11-30T20:14:03.715343098Z: [    0.000000] ACPI: INT_SRC_OVR (bus 0 bus_irq 9 global_irq 9 high level)
[STDERR  ] 2017-11-30T20:14:03.715351581Z: [    0.000000] ACPI: INT_SRC_OVR (bus 0 bus_irq 10 global_irq 10 high level)
[STDERR  ] 2017-11-30T20:14:03.715361554Z: [    0.000000] ACPI: INT_SRC_OVR (bus 0 bus_irq 11 global_irq 11 high level)
[STDERR  ] 2017-11-30T20:14:03.715369957Z: [    0.000000] Using ACPI (MADT) for SMP configuration information
[STDERR  ] 2017-11-30T20:14:03.715386299Z: [    0.000000] ACPI: HPET id: 0x8086a201 base: 0xfed00000
[STDERR  ] 2017-11-30T20:14:03.715395106Z: [    0.000000] smpboot: Allowing 1 CPUs, 0 hotplug CPUs
[STDERR  ] 2017-11-30T20:14:03.715403396Z: [    0.000000] e820: [mem 0x40000000-0xafffffff] available for PCI devices
[STDERR  ] 2017-11-30T20:14:03.715412893Z: [    0.000000] Booting paravirtualized kernel on bare hardware
[STDERR  ] 2017-11-30T20:14:03.715421988Z: [    0.000000] clocksource: refined-jiffies: mask: 0xffffffff max_cycles: 0xffffffff, max_idle_ns: 19112604462750000 ns
[STDERR  ] 2017-11-30T20:14:03.71542931Z: [    0.000000] setup_percpu: NR_CPUS:128 nr_cpumask_bits:128 nr_cpu_ids:1 nr_node_ids:1
[STDERR  ] 2017-11-30T20:14:03.715440544Z: [    0.000000] percpu: Embedded 35 pages/cpu @ffff89113dc00000 s105112 r8192 d30056 u2097152
[STDERR  ] 2017-11-30T20:14:03.715453487Z: [    0.000000] Built 1 zonelists in Zone order, mobility grouping on.  Total pages: 257896
[STDERR  ] 2017-11-30T20:14:03.715461126Z: [    0.000000] Kernel command line: console=ttyS0
[STDERR  ] 2017-11-30T20:14:03.71546784Z: [    0.000000] PID hash table entries: 4096 (order: 3, 32768 bytes)
[STDERR  ] 2017-11-30T20:14:03.715474238Z: [    0.000000] Dentry cache hash table entries: 131072 (order: 8, 1048576 bytes)
[STDERR  ] 2017-11-30T20:14:03.715480897Z: [    0.000000] Inode-cache hash table entries: 65536 (order: 7, 524288 bytes)
[STDERR  ] 2017-11-30T20:14:03.715487591Z: [    0.000000] Memory: 980452K/1048052K available (8048K kernel code, 1367K rwdata, 2700K rodata, 1380K init, 568K bss, 67600K reserved, 0K cma-reserved)
[STDERR  ] 2017-11-30T20:14:03.715493932Z: [    0.000000] Hierarchical RCU implementation.
[STDERR  ] 2017-11-30T20:14:03.715500517Z: [    0.000000] 	Build-time adjustment of leaf fanout to 64.
[STDERR  ] 2017-11-30T20:14:03.71550625Z: [    0.000000] 	RCU restricting CPUs from NR_CPUS=128 to nr_cpu_ids=1.
[STDERR  ] 2017-11-30T20:14:03.715511998Z: [    0.000000] RCU: Adjusting geometry for rcu_fanout_leaf=64, nr_cpu_ids=1
[STDERR  ] 2017-11-30T20:14:03.715517542Z: [    0.000000] NR_IRQS:8448 nr_irqs:256 16
[STDERR  ] 2017-11-30T20:14:03.71552315Z: [    0.000000] Console: colour VGA+ 80x25
