[INFO    ] 2018-06-29T10:49:07.734705300Z: Running Test linuxkit.packages.format_mount.by_name in /tmp/build/test/cases/040_packages/006_format_mount/002_by_name
[INFO    ] 2018-06-29T10:49:07.734842089Z: Running command: [/bin/sh -x /tmp/build/test/cases/040_packages/006_format_mount/002_by_name/test.sh]
[STDERR  ] 2018-06-29T10:49:07.795212953Z: + set -e
[STDERR  ] 2018-06-29T10:49:07.795295394Z: + . /tmp/build/test/cases/_lib/lib.sh
[STDERR  ] 2018-06-29T10:49:07.795309498Z: + [ -f src/github.com/linuxkit/rtf/lib/lib.sh ]
[STDERR  ] 2018-06-29T10:49:07.795386909Z: + LINUXKIT_TMPDIR=/tmp/build/test/cases/_tmp
[STDERR  ] 2018-06-29T10:49:07.795400381Z: + [ -f /tmp/build/test/cases/_tmp/env.sh ]
[STDERR  ] 2018-06-29T10:49:07.795412999Z: + . /tmp/build/test/cases/_tmp/env.sh
[STDERR  ] 2018-06-29T10:49:07.795436885Z: + export LINUXKIT_EXAMPLES_DIR=/tmp/build/test/cases/../../examples
[STDERR  ] 2018-06-29T10:49:07.795451278Z: + RT_CANCEL=253
[STDERR  ] 2018-06-29T10:49:07.795459781Z: + NAME=test-format
[STDERR  ] 2018-06-29T10:49:07.795473841Z: + DISK=disk.img
[STDERR  ] 2018-06-29T10:49:07.795482474Z: + trap clean_up EXIT
[STDERR  ] 2018-06-29T10:49:07.795490922Z: + [ linux = osx ]
[STDERR  ] 2018-06-29T10:49:07.795499056Z: + DEVICE=/dev/sda
[STDERR  ] 2018-06-29T10:49:07.795507177Z: + sed -e s,@DEVICE@,/dev/sda,g test.yml.in
[STDERR  ] 2018-06-29T10:49:07.838153589Z: + linuxkit build -format kernel+initrd -name test-format test.yml
[STDERR  ] 2018-06-29T10:49:07.866424580Z: Extract kernel image: linuxkit/kernel:4.9.38
[STDERR  ] 2018-06-29T10:49:11.118073741Z: Add init containers:
[STDERR  ] 2018-06-29T10:49:11.118134517Z: Process init image: linuxkit/init:0e4af96fecc8f752c80d41c0b7d06570cc1dc6b2
[STDERR  ] 2018-06-29T10:49:12.340900060Z: Process init image: linuxkit/runc:v0.4
[STDERR  ] 2018-06-29T10:49:13.542262370Z: Add onboot containers:
[STDERR  ] 2018-06-29T10:49:13.542323144Z:   Create OCI config for linuxkit/format:v0.4
[STDERR  ] 2018-06-29T10:49:14.971893235Z:   Create OCI config for linuxkit/mount:v0.4
[STDERR  ] 2018-06-29T10:49:16.392372170Z:   Create OCI config for alpine:3.7
[STDERR  ] 2018-06-29T10:49:17.639259104Z:   Create OCI config for linuxkit/poweroff:d75d94d9603bde9ab95b914deed0d069d05d8b20
[STDERR  ] 2018-06-29T10:49:18.870156819Z: Add files:
[STDERR  ] 2018-06-29T10:49:18.870332687Z:   check.sh
[STDERR  ] 2018-06-29T10:49:18.882207763Z: Create outputs:
[STDERR  ] 2018-06-29T10:49:24.127112271Z:   test-format-kernel test-format-initrd.img test-format-cmdline
[STDERR  ] 2018-06-29T10:49:24.193538973Z: + linuxkit run -disk file=disk.img,size=512M test-format
[STDERR  ] 2018-06-29T10:49:24.219185248Z: Unable to find qemu-system-x86_64 within the $PATH. Using a container
[STDERR  ] 2018-06-29T10:50:00.723736601Z: + RESULT=[    0.000000] Linux version 4.9.38-linuxkit (root@e1ede117fb1e) (gcc version 6.3.0 (Alpine 6.3.0) ) #1 SMP Thu Jul 20 16:07:02 UTC 2017
[STDERR  ] 2018-06-29T10:50:00.723812645Z: [    0.000000] Command line: console=ttyS0 console=ttyAMA0
[STDERR  ] 2018-06-29T10:50:00.723827560Z: [    0.000000] x86/fpu: Legacy x87 FPU detected.
[STDERR  ] 2018-06-29T10:50:00.723841538Z: [    0.000000] x86/fpu: Using 'eager' FPU context switches.
[STDERR  ] 2018-06-29T10:50:00.723854702Z: [    0.000000] e820: BIOS-provided physical RAM map:
[STDERR  ] 2018-06-29T10:50:00.723933022Z: [    0.000000] BIOS-e820: [mem 0x0000000000000000-0x000000000009fbff] usable
[STDERR  ] 2018-06-29T10:50:00.723946288Z: [    0.000000] BIOS-e820: [mem 0x000000000009fc00-0x000000000009ffff] reserved
[STDERR  ] 2018-06-29T10:50:00.723970009Z: [    0.000000] BIOS-e820: [mem 0x00000000000f0000-0x00000000000fffff] reserved
[STDERR  ] 2018-06-29T10:50:00.723982217Z: [    0.000000] BIOS-e820: [mem 0x0000000000100000-0x000000003ffdefff] usable
[STDERR  ] 2018-06-29T10:50:00.723994150Z: [    0.000000] BIOS-e820: [mem 0x000000003ffdf000-0x000000003fffffff] reserved
[STDERR  ] 2018-06-29T10:50:00.724005955Z: [    0.000000] BIOS-e820: [mem 0x00000000b0000000-0x00000000bfffffff] reserved
[STDERR  ] 2018-06-29T10:50:00.724018711Z: [    0.000000] BIOS-e820: [mem 0x00000000fed1c000-0x00000000fed1ffff] reserved
[STDERR  ] 2018-06-29T10:50:00.724037794Z: [    0.000000] BIOS-e820: [mem 0x00000000fffc0000-0x00000000ffffffff] reserved
[STDERR  ] 2018-06-29T10:50:00.724050039Z: [    0.000000] NX (Execute Disable) protection: active
[STDERR  ] 2018-06-29T10:50:00.724063410Z: [    0.000000] SMBIOS 2.8 present.
[STDERR  ] 2018-06-29T10:50:00.724077899Z: [    0.000000] e820: last_pfn = 0x3ffdf max_arch_pfn = 0x400000000
[STDERR  ] 2018-06-29T10:50:00.724090982Z: [    0.000000] x86/PAT: Configuration [0-7]: WB  WC  UC- UC  WB  WC  UC- WT  
[STDERR  ] 2018-06-29T10:50:00.724103405Z: [    0.000000] found SMP MP-table at [mem 0x000f6aa0-0x000f6aaf] mapped at [ffff9184c00f6aa0]
[STDERR  ] 2018-06-29T10:50:00.724116709Z: [    0.000000] RAMDISK: [mem 0x3e109000-0x3ffcffff]
[STDERR  ] 2018-06-29T10:50:00.724129361Z: [    0.000000] ACPI: Early table checksum verification disabled
[STDERR  ] 2018-06-29T10:50:00.724141732Z: [    0.000000] ACPI: RSDP 0x00000000000F68B0 000014 (v00 BOCHS )
[STDERR  ] 2018-06-29T10:50:00.724166206Z: [    0.000000] ACPI: RSDT 0x000000003FFE20A8 000034 (v01 BOCHS  BXPCRSDT 00000001 BXPC 00000001)
[STDERR  ] 2018-06-29T10:50:00.724179662Z: [    0.000000] ACPI: FACP 0x000000003FFE1EC8 0000F4 (v03 BOCHS  BXPCFACP 00000001 BXPC 00000001)
[STDERR  ] 2018-06-29T10:50:00.724191780Z: [    0.000000] ACPI: DSDT 0x000000003FFE0040 001E88 (v01 BOCHS  BXPCDSDT 00000001 BXPC 00000001)
[STDERR  ] 2018-06-29T10:50:00.724204476Z: [    0.000000] ACPI: FACS 0x000000003FFE0000 000040
[STDERR  ] 2018-06-29T10:50:00.724216954Z: [    0.000000] ACPI: APIC 0x000000003FFE1FBC 000078 (v01 BOCHS  BXPCAPIC 00000001 BXPC 00000001)
[STDERR  ] 2018-06-29T10:50:00.724229300Z: [    0.000000] ACPI: HPET 0x000000003FFE2034 000038 (v01 BOCHS  BXPCHPET 00000001 BXPC 00000001)
[STDERR  ] 2018-06-29T10:50:00.724252574Z: [    0.000000] ACPI: MCFG 0x000000003FFE206C 00003C (v01 BOCHS  BXPCMCFG 00000001 BXPC 00000001)
[STDERR  ] 2018-06-29T10:50:00.724264260Z: [    0.000000] Zone ranges:
[STDERR  ] 2018-06-29T10:50:00.724276557Z: [    0.000000]   DMA      [mem 0x0000000000001000-0x0000000000ffffff]
[STDERR  ] 2018-06-29T10:50:00.724288393Z: [    0.000000]   DMA32    [mem 0x0000000001000000-0x000000003ffdefff]
[STDERR  ] 2018-06-29T10:50:00.724300270Z: [    0.000000]   Normal   empty
[STDERR  ] 2018-06-29T10:50:00.724312679Z: [    0.000000] Movable zone start for each node
[STDERR  ] 2018-06-29T10:50:00.724331034Z: [    0.000000] Early memory node ranges
[STDERR  ] 2018-06-29T10:50:00.724342818Z: [    0.000000]   node   0: [mem 0x0000000000001000-0x000000000009efff]
[STDERR  ] 2018-06-29T10:50:00.724355145Z: [    0.000000]   node   0: [mem 0x0000000000100000-0x000000003ffdefff]
[STDERR  ] 2018-06-29T10:50:00.724372821Z: [    0.000000] Initmem setup node 0 [mem 0x0000000000001000-0x000000003ffdefff]
[STDERR  ] 2018-06-29T10:50:00.724385010Z: [    0.000000] ACPI: PM-Timer IO Port: 0x608
[STDERR  ] 2018-06-29T10:50:00.724402143Z: [    0.000000] ACPI: LAPIC_NMI (acpi_id[0xff] dfl dfl lint[0x1])
[STDERR  ] 2018-06-29T10:50:00.724414406Z: [    0.000000] IOAPIC[0]: apic_id 0, version 32, address 0xfec00000, GSI 0-23
[STDERR  ] 2018-06-29T10:50:00.724426661Z: [    0.000000] ACPI: INT_SRC_OVR (bus 0 bus_irq 0 global_irq 2 dfl dfl)
[STDERR  ] 2018-06-29T10:50:00.724441651Z: [    0.000000] ACPI: INT_SRC_OVR (bus 0 bus_irq 5 global_irq 5 high level)
[STDERR  ] 2018-06-29T10:50:00.724454192Z: [    0.000000] ACPI: INT_SRC_OVR (bus 0 bus_irq 9 global_irq 9 high level)
[STDERR  ] 2018-06-29T10:50:00.724466029Z: [    0.000000] ACPI: INT_SRC_OVR (bus 0 bus_irq 10 global_irq 10 high level)
[STDERR  ] 2018-06-29T10:50:00.724480282Z: [    0.000000] ACPI: INT_SRC_OVR (bus 0 bus_irq 11 global_irq 11 high level)
[STDERR  ] 2018-06-29T10:50:00.724492331Z: [    0.000000] Using ACPI (MADT) for SMP configuration information
[STDERR  ] 2018-06-29T10:50:00.724504952Z: [    0.000000] ACPI: HPET id: 0x8086a201 base: 0xfed00000
[STDERR  ] 2018-06-29T10:50:00.724523337Z: [    0.000000] smpboot: Allowing 1 CPUs, 0 hotplug CPUs
[STDERR  ] 2018-06-29T10:50:00.724540517Z: [    0.000000] e820: [mem 0x40000000-0xafffffff] available for PCI devices
[STDERR  ] 2018-06-29T10:50:00.724552521Z: [    0.000000] Booting paravirtualized kernel on bare hardware
[STDERR  ] 2018-06-29T10:50:00.724563553Z: [    0.000000] clocksource: refined-jiffies: mask: 0xffffffff max_cycles: 0xffffffff, max_idle_ns: 19112604462750000 ns
[STDERR  ] 2018-06-29T10:50:00.724576339Z: [    0.000000] setup_percpu: NR_CPUS:128 nr_cpumask_bits:128 nr_cpu_ids:1 nr_node_ids:1
[STDERR  ] 2018-06-29T10:50:00.724589561Z: [    0.000000] percpu: Embedded 35 pages/cpu @ffff9184fde00000 s105176 r8192 d29992 u2097152
[STDERR  ] 2018-06-29T10:50:00.724608611Z: [    0.000000] Built 1 zonelists in Zone order, mobility grouping on.  Total pages: 257896
[STDERR  ] 2018-06-29T10:50:00.724621424Z: [    0.000000] Kernel command line: console=ttyS0 console=ttyAMA0
[STDERR  ] 2018-06-29T10:50:00.724634477Z: [    0.000000] PID hash table entries: 4096 (order: 3, 32768 bytes)
[STDERR  ] 2018-06-29T10:50:00.724647243Z: [    0.000000] Dentry cache hash table entries: 131072 (order: 8, 1048576 bytes)
[STDERR  ] 2018-06-29T10:50:00.724659056Z: [    0.000000] Inode-cache hash table entries: 65536 (order: 7, 524288 bytes)
[STDERR  ] 2018-06-29T10:50:00.724682910Z: [    0.000000] Memory: 982656K/1048052K available (8026K kernel code, 1366K rwdata, 2696K rodata, 1380K init, 568K bss, 65396K reserved, 0K cma-reserved)
[STDERR  ] 2018-06-29T10:50:00.724696503Z: [    0.000000] Hierarchical RCU implementation.
[STDERR  ] 2018-06-29T10:50:00.724708881Z: [    0.000000] 	Build-time adjustment of leaf fanout to 64.
[STDERR  ] 2018-06-29T10:50:00.724722317Z: [    0.000000] 	RCU restricting CPUs from NR_CPUS=128 to nr_cpu_ids=1.
[STDERR  ] 2018-06-29T10:50:00.724734513Z: [    0.000000] RCU: Adjusting geometry for rcu_fanout_leaf=64, nr_cpu_ids=1
[STDERR  ] 2018-06-29T10:50:00.724747138Z: [    0.000000] NR_IRQS:8448 nr_irqs:256 16
[STDERR  ] 2018-06-29T10:50:00.724759998Z: [    0.000000] Console: colour VGA+ 80x25
[STDERR  ] 2018-06-29T10:50:00.724771142Z: [    0.000000] console [ttyS0] enabled
[STDERR  ] 2018-06-29T10:50:00.724781817Z: [    0.000000] clocksource: hpet: mask: 0xffffffff max_cycles: 0xffffffff, max_idle_ns: 19112604467 ns
[STDERR  ] 2018-06-29T10:50:00.724794088Z: [    0.000000] tsc: Fast TSC calibration using PIT
[STDERR  ] 2018-06-29T10:50:00.724805005Z: [    0.000000] tsc: Detected 2599.724 MHz processor
[STDERR  ] 2018-06-29T10:50:00.724815921Z: [    0.032274] Calibrating delay loop (skipped), value calculated using timer frequency.. 5199.44 BogoMIPS (lpj=25997240)
[STDERR  ] 2018-06-29T10:50:00.724827301Z: [    0.033321] pid_max: default: 32768 minimum: 301
[STDERR  ] 2018-06-29T10:50:00.724839047Z: [    0.034310] ACPI: Core revision 20160831
[STDERR  ] 2018-06-29T10:50:00.724850640Z: [    0.059565] ACPI: 1 ACPI AML tables successfully acquired and loaded
[STDERR  ] 2018-06-29T10:50:00.724878254Z: [    0.063839] Security Framework initialized
[STDERR  ] 2018-06-29T10:50:00.724890343Z: [    0.064296] Yama: becoming mindful.
[STDERR  ] 2018-06-29T10:50:00.724902825Z: [    0.066301] Mount-cache hash table entries: 2048 (order: 2, 16384 bytes)
[STDERR  ] 2018-06-29T10:50:00.724915324Z: [    0.066679] Mountpoint-cache hash table entries: 2048 (order: 2, 16384 bytes)
[STDERR  ] 2018-06-29T10:50:00.724926962Z: [    0.087139] Last level iTLB entries: 4KB 0, 2MB 0, 4MB 0
[STDERR  ] 2018-06-29T10:50:00.724939578Z: [    0.087670] Last level dTLB entries: 4KB 0, 2MB 0, 4MB 0, 1GB 0
[STDERR  ] 2018-06-29T10:50:00.724951182Z: [    0.367260] Freeing SMP alternatives memory: 20K (ffffffffbaeb0000 - ffffffffbaeb5000)
[STDERR  ] 2018-06-29T10:50:00.724963035Z: [    0.376958] ftrace: allocating 35489 entries in 139 pages
[STDERR  ] 2018-06-29T10:50:00.724974412Z: [    0.451483] smpboot: Max logical packages: 1
[STDERR  ] 2018-06-29T10:50:00.724986106Z: [    0.458104] ..TIMER: vector=0x30 apic1=0 pin1=2 apic2=-1 pin2=-1
[STDERR  ] 2018-06-29T10:50:00.724997682Z: [    0.560000] smpboot: CPU0: AMD QEMU Virtual CPU version 2.5+ (family: 0x6, model: 0x6, stepping: 0x3)
[STDERR  ] 2018-06-29T10:50:00.725013876Z: [    0.560000] Performance Events: PMU not available due to virtualization, using software events only.
[STDERR  ] 2018-06-29T10:50:00.725033130Z: [    0.568320] NMI watchdog: disabled (cpu0): hardware events not enabled
[STDERR  ] 2018-06-29T10:50:00.725045171Z: [    0.568714] NMI watchdog: Shutting down hard lockup detector on all cpus
[STDERR  ] 2018-06-29T10:50:00.725056933Z: [    0.572624] x86: Booted up 1 node, 1 CPUs
[STDERR  ] 2018-06-29T10:50:00.725070112Z: [    0.573100] smpboot: Total of 1 processors activated (5199.44 BogoMIPS)
[STDERR  ] 2018-06-29T10:50:00.725082444Z: [    0.587490] devtmpfs: initialized
[STDERR  ] 2018-06-29T10:50:00.725095358Z: [    0.593944] x86/mm: Memory block size: 128MB
[STDERR  ] 2018-06-29T10:50:00.725107109Z: [    0.620632] clocksource: jiffies: mask: 0xffffffff max_cycles: 0xffffffff, max_idle_ns: 19112604462750000 ns
[STDERR  ] 2018-06-29T10:50:00.725119327Z: [    0.621611] futex hash table entries: 256 (order: 2, 16384 bytes)
[STDERR  ] 2018-06-29T10:50:00.725132347Z: [    0.629895] NET: Registered protocol family 16
[STDERR  ] 2018-06-29T10:50:00.725155750Z: [    0.639619] cpuidle: using governor ladder
[STDERR  ] 2018-06-29T10:50:00.725169049Z: [    0.640133] cpuidle: using governor menu
[STDERR  ] 2018-06-29T10:50:00.725180699Z: [    0.641339] ACPI: bus type PCI registered
[STDERR  ] 2018-06-29T10:50:00.725191959Z: [    0.644482] PCI: MMCONFIG for domain 0000 [bus 00-ff] at [mem 0xb0000000-0xbfffffff] (base 0xb0000000)
[STDERR  ] 2018-06-29T10:50:00.725206780Z: [    0.645203] PCI: MMCONFIG at [mem 0xb0000000-0xbfffffff] reserved in E820
[STDERR  ] 2018-06-29T10:50:00.725218355Z: [    0.646117] PCI: Using configuration type 1 for base access
[STDERR  ] 2018-06-29T10:50:00.725229788Z: [    0.684169] HugeTLB registered 2 MB page size, pre-allocated 0 pages
[STDERR  ] 2018-06-29T10:50:00.725240829Z: [    0.695842] ACPI: Added _OSI(Module Device)
[STDERR  ] 2018-06-29T10:50:00.725252508Z: [    0.696122] ACPI: Added _OSI(Processor Device)
[STDERR  ] 2018-06-29T10:50:00.725264773Z: [    0.696446] ACPI: Added _OSI(3.0 _SCP Extensions)
[STDERR  ] 2018-06-29T10:50:00.725277154Z: [    0.696654] ACPI: Added _OSI(Processor Aggregator Device)
[STDERR  ] 2018-06-29T10:50:00.725294059Z: [    0.741483] ACPI: Interpreter enabled
[STDERR  ] 2018-06-29T10:50:00.725306597Z: [    0.742407] ACPI: (supports S0 S5)
[STDERR  ] 2018-06-29T10:50:00.725318798Z: [    0.742699] ACPI: Using IOAPIC for interrupt routing
[STDERR  ] 2018-06-29T10:50:00.725330948Z: [    0.745031] PCI: Using host bridge windows from ACPI; if necessary, use "pci=nocrs" and report a bug
[STDERR  ] 2018-06-29T10:50:00.725343973Z: [    0.787967] ACPI: PCI Root Bridge [PCI0] (domain 0000 [bus 00-ff])
[STDERR  ] 2018-06-29T10:50:00.725361383Z: [    0.789091] acpi PNP0A08:00: _OSC: OS supports [ExtendedConfig ASPM ClockPM Segments MSI]
[STDERR  ] 2018-06-29T10:50:00.725385319Z: [    0.794246] acpi PNP0A08:00: _OSC: OS now controls [PCIeHotplug PME PCIeCapability]
[STDERR  ] 2018-06-29T10:50:00.725396852Z: [    0.798977] PCI host bridge to bus 0000:00
[STDERR  ] 2018-06-29T10:50:00.725409224Z: [    0.799566] pci_bus 0000:00: root bus resource [io  0x0000-0x0cf7 window]
[STDERR  ] 2018-06-29T10:50:00.725420561Z: [    0.800095] pci_bus 0000:00: root bus resource [io  0x0d00-0xffff window]
[STDERR  ] 2018-06-29T10:50:00.725431684Z: [    0.800413] pci_bus 0000:00: root bus resource [mem 0x000a0000-0x000bffff window]
[STDERR  ] 2018-06-29T10:50:00.725443253Z: [    0.800636] pci_bus 0000:00: root bus resource [mem 0xc0000000-0xfebfffff window]
[STDERR  ] 2018-06-29T10:50:00.725454892Z: [    0.801154] pci_bus 0000:00: root bus resource [bus 00-ff]
[STDERR  ] 2018-06-29T10:50:00.725481838Z: [    0.972021] pci 0000:00:1f.0: quirk: [io  0x0600-0x067f] claimed by ICH6 ACPI/GPIO/TCO
[STDERR  ] 2018-06-29T10:50:00.725493554Z: [    1.065176] ACPI: PCI Interrupt Link [LNKA] (IRQs 5 *10 11)
[STDERR  ] 2018-06-29T10:50:00.725504508Z: [    1.067399] ACPI: PCI Interrupt Link [LNKB] (IRQs 5 *10 11)
[STDERR  ] 2018-06-29T10:50:00.725519531Z: [    1.068965] ACPI: PCI Interrupt Link [LNKC] (IRQs 5 10 *11)
[STDERR  ] 2018-06-29T10:50:00.725530720Z: [    1.071474] ACPI: PCI Interrupt Link [LNKD] (IRQs 5 10 *11)
[STDERR  ] 2018-06-29T10:50:00.725542044Z: [    1.072741] ACPI: PCI Interrupt Link [LNKE] (IRQs 5 *10 11)
[STDERR  ] 2018-06-29T10:50:00.725553967Z: [    1.073960] ACPI: PCI Interrupt Link [LNKF] (IRQs 5 *10 11)
[STDERR  ] 2018-06-29T10:50:00.725565356Z: [    1.075186] ACPI: PCI Interrupt Link [LNKG] (IRQs 5 10 *11)
[STDERR  ] 2018-06-29T10:50:00.725577225Z: [    1.076423] ACPI: PCI Interrupt Link [LNKH] (IRQs 5 10 *11)
[STDERR  ] 2018-06-29T10:50:00.725589351Z: [    1.077123] ACPI: PCI Interrupt Link [GSIA] (IRQs *16)
[STDERR  ] 2018-06-29T10:50:00.725600800Z: [    1.077593] ACPI: PCI Interrupt Link [GSIB] (IRQs *17)
[STDERR  ] 2018-06-29T10:50:00.725618784Z: [    1.078133] ACPI: PCI Interrupt Link [GSIC] (IRQs *18)
[STDERR  ] 2018-06-29T10:50:00.725630952Z: [    1.078643] ACPI: PCI Interrupt Link [GSID] (IRQs *19)
[STDERR  ] 2018-06-29T10:50:00.725648344Z: [    1.079137] ACPI: PCI Interrupt Link [GSIE] (IRQs *20)
[STDERR  ] 2018-06-29T10:50:00.725660377Z: [    1.080330] ACPI: PCI Interrupt Link [GSIF] (IRQs *21)
[STDERR  ] 2018-06-29T10:50:00.725672750Z: [    1.080921] ACPI: PCI Interrupt Link [GSIG] (IRQs *22)
[STDERR  ] 2018-06-29T10:50:00.725684998Z: [    1.081424] ACPI: PCI Interrupt Link [GSIH] (IRQs *23)
[STDERR  ] 2018-06-29T10:50:00.725696043Z: [    1.084477] ACPI: Enabled 1 GPEs in block 00 to 3F
[STDERR  ] 2018-06-29T10:50:00.725707900Z: [    1.088667] SCSI subsystem initialized
[STDERR  ] 2018-06-29T10:50:00.725719677Z: [    1.091373] ACPI: bus type USB registered
[STDERR  ] 2018-06-29T10:50:00.725731953Z: [    1.092628] usbcore: registered new interface driver usbfs
[STDERR  ] 2018-06-29T10:50:00.725742960Z: [    1.093530] usbcore: registered new interface driver hub
[STDERR  ] 2018-06-29T10:50:00.725754935Z: [    1.094295] usbcore: registered new device driver usb
[STDERR  ] 2018-06-29T10:50:00.725766398Z: [    1.095424] pps_core: LinuxPPS API ver. 1 registered
[STDERR  ] 2018-06-29T10:50:00.725777914Z: [    1.095732] pps_core: Software ver. 5.3.6 - Copyright 2005-2007 Rodolfo Giometti <giometti@linux.it>
[STDERR  ] 2018-06-29T10:50:00.725796073Z: [    1.096276] PTP clock support registered
[STDERR  ] 2018-06-29T10:50:00.725807445Z: [    1.097256] wmi: Mapper loaded
[STDERR  ] 2018-06-29T10:50:00.725818813Z: [    1.098303] PCI: Using ACPI for IRQ routing
[STDERR  ] 2018-06-29T10:50:00.725830537Z: [    1.112288] NetLabel: Initializing
[STDERR  ] 2018-06-29T10:50:00.725848095Z: [    1.112499] NetLabel:  domain hash size = 128
[STDERR  ] 2018-06-29T10:50:00.725856053Z: [    1.112741] NetLabel:  protocols = UNLABELED CIPSOv4
[STDERR  ] 2018-06-29T10:50:00.725875995Z: [    1.115120] NetLabel:  unlabeled traffic allowed by default
[STDERR  ] 2018-06-29T10:50:00.725894815Z: [    1.116239] HPET: 3 timers in total, 0 timers will be used for per-cpu timer
[STDERR  ] 2018-06-29T10:50:00.725903760Z: [    1.116896] hpet0: at MMIO 0xfed00000, IRQs 2, 8, 0
[STDERR  ] 2018-06-29T10:50:00.725911605Z: [    1.117280] hpet0: 3 comparators, 64-bit 100.000000 MHz counter
[STDERR  ] 2018-06-29T10:50:00.725919393Z: [    1.123569] clocksource: Switched to clocksource hpet
[STDERR  ] 2018-06-29T10:50:00.725927282Z: [    1.264339] VFS: Disk quotas dquot_6.6.0
[STDERR  ] 2018-06-29T10:50:00.725934998Z: [    1.264983] VFS: Dquot-cache hash table entries: 512 (order 0, 4096 bytes)
[STDERR  ] 2018-06-29T10:50:00.725942977Z: [    1.268360] FS-Cache: Loaded
[STDERR  ] 2018-06-29T10:50:00.725950829Z: [    1.273733] CacheFiles: Loaded
[STDERR  ] 2018-06-29T10:50:00.725958688Z: [    1.275620] pnp: PnP ACPI init
[STDERR  ] 2018-06-29T10:50:00.725966560Z: [    1.285157] pnp: PnP ACPI: found 5 devices
[STDERR  ] 2018-06-29T10:50:00.725974139Z: [    1.321612] clocksource: acpi_pm: mask: 0xffffff max_cycles: 0xffffff, max_idle_ns: 2085701024 ns
[STDERR  ] 2018-06-29T10:50:00.725986605Z: [    1.325022] NET: Registered protocol family 2
[STDERR  ] 2018-06-29T10:50:00.725997585Z: [    1.332400] TCP established hash table entries: 8192 (order: 4, 65536 bytes)
[STDERR  ] 2018-06-29T10:50:00.726008851Z: [    1.333245] TCP bind hash table entries: 8192 (order: 5, 131072 bytes)
[STDERR  ] 2018-06-29T10:50:00.726016726Z: [    1.333920] TCP: Hash tables configured (established 8192 bind 8192)
[STDERR  ] 2018-06-29T10:50:00.726024410Z: [    1.335704] UDP hash table entries: 512 (order: 2, 16384 bytes)
[STDERR  ] 2018-06-29T10:50:00.726032025Z: [    1.336178] UDP-Lite hash table entries: 512 (order: 2, 16384 bytes)
[STDERR  ] 2018-06-29T10:50:00.726044573Z: [    1.338306] NET: Registered protocol family 1
[STDERR  ] 2018-06-29T10:50:00.726059539Z: [    1.339248] pci 0000:00:01.0: Video device with shadowed ROM at [mem 0x000c0000-0x000dffff]
[STDERR  ] 2018-06-29T10:50:00.726067539Z: [    1.346599] Unpacking initramfs...
[STDERR  ] 2018-06-29T10:50:00.726075423Z: [    5.790754] Freeing initrd memory: 31516K (ffff9184fe109000 - ffff9184fffd0000)
[STDERR  ] 2018-06-29T10:50:00.726083393Z: [    5.809844] PCLMULQDQ-NI instructions are not detected.
[STDERR  ] 2018-06-29T10:50:00.726091489Z: [    5.811394] AVX or AES-NI instructions are not detected.
[STDERR  ] 2018-06-29T10:50:00.726099483Z: [    5.811869] CPU feature 'AVX registers' is not supported.
[STDERR  ] 2018-06-29T10:50:00.726107350Z: [    5.812185] CPU feature 'AVX registers' is not supported.
[STDERR  ] 2018-06-29T10:50:00.726115205Z: [    5.812480] CPU feature 'AVX registers' is not supported.
[STDERR  ] 2018-06-29T10:50:00.726123162Z: [    5.812770] CPU feature 'AVX registers' is not supported.
[STDERR  ] 2018-06-29T10:50:00.726131109Z: [    5.813097] AVX2 or AES-NI instructions are not detected.
[STDERR  ] 2018-06-29T10:50:00.726143541Z: [    5.813387] AVX2 instructions are not detected.
[STDERR  ] 2018-06-29T10:50:00.726151339Z: [    5.818273] audit: initializing netlink subsys (disabled)
[STDERR  ] 2018-06-29T10:50:00.726159102Z: [    5.819904] audit: type=2000 audit(1530269371.810:1): initialized
[STDERR  ] 2018-06-29T10:50:00.726166981Z: [    5.828891] workingset: timestamp_bits=46 max_order=18 bucket_order=0
[STDERR  ] 2018-06-29T10:50:00.726175180Z: [    5.834551] FS-Cache: Netfs 'cifs' registered for caching
[STDERR  ] 2018-06-29T10:50:00.726182751Z: [    5.835674] fuse init (API version 7.26)
[STDERR  ] 2018-06-29T10:50:00.726190569Z: [    5.837642] SGI XFS with ACLs, security attributes, no debug enabled
[STDERR  ] 2018-06-29T10:50:00.726198635Z: [    5.840755] 9p: Installing v9fs 9p2000 file system support
[STDERR  ] 2018-06-29T10:50:00.726207239Z: [    5.841147] FS-Cache: Netfs '9p' registered for caching
[STDERR  ] 2018-06-29T10:50:00.726215266Z: [    5.863084] NET: Registered protocol family 38
[STDERR  ] 2018-06-29T10:50:00.726223072Z: [    5.863578] Key type asymmetric registered
[STDERR  ] 2018-06-29T10:50:00.726230913Z: [    5.863845] Asymmetric key parser 'x509' registered
[STDERR  ] 2018-06-29T10:50:00.726242650Z: [    5.864658] Block layer SCSI generic (bsg) driver version 0.4 loaded (major 251)
[STDERR  ] 2018-06-29T10:50:00.726250575Z: [    5.865991] io scheduler noop registered
[STDERR  ] 2018-06-29T10:50:00.726258383Z: [    5.866304] io scheduler deadline registered (default)
[STDERR  ] 2018-06-29T10:50:00.726266157Z: [    5.866843] io scheduler cfq registered
[STDERR  ] 2018-06-29T10:50:00.726273943Z: [    5.869748] pci_hotplug: PCI Hot Plug PCI Core version: 0.5
[STDERR  ] 2018-06-29T10:50:00.726281751Z: [    5.870956] pciehp: PCI Express Hot Plug Controller Driver version: 0.4
[STDERR  ] 2018-06-29T10:50:00.726289640Z: [    5.871605] shpchp: Standard Hot Plug PCI Controller Driver version: 0.4
[STDERR  ] 2018-06-29T10:50:00.726297414Z: [    5.872304] hv_vmbus: registering driver hyperv_fb
[STDERR  ] 2018-06-29T10:50:00.726305308Z: [    5.874958] input: Power Button as /devices/LNXSYSTM:00/LNXPWRBN:00/input/input0
[STDERR  ] 2018-06-29T10:50:00.726313105Z: [    5.875921] ACPI: Power Button [PWRF]
[STDERR  ] 2018-06-29T10:50:00.726325346Z: [    5.880048] GHES: HEST is not enabled!
[STDERR  ] 2018-06-29T10:50:00.726336323Z: [    5.887878] ACPI: PCI Interrupt Link [GSIG] enabled at IRQ 22
[STDERR  ] 2018-06-29T10:50:00.726344350Z: [    5.900065] ACPI: PCI Interrupt Link [GSIH] enabled at IRQ 23
[STDERR  ] 2018-06-29T10:50:00.726356927Z: [    5.905939] xenfs: not registering filesystem on non-xen platform
[STDERR  ] 2018-06-29T10:50:00.726374020Z: [    5.907842] Serial: 8250/16550 driver, 4 ports, IRQ sharing disabled
[STDERR  ] 2018-06-29T10:50:00.726382071Z: [    5.931641] 00:04: ttyS0 at I/O 0x3f8 (irq = 4, base_baud = 115200) is a 16550A
[STDERR  ] 2018-06-29T10:50:00.726389656Z: [    5.941833] Non-volatile memory driver v1.3
[STDERR  ] 2018-06-29T10:50:00.726397483Z: [    5.948988] Hangcheck: starting hangcheck timer 0.9.1 (tick is 180 seconds, margin is 60 seconds).
[STDERR  ] 2018-06-29T10:50:00.726414071Z: [    5.953551] random: fast init done
[STDERR  ] 2018-06-29T10:50:00.726422138Z: [    5.954651] random: crng init done
[STDERR  ] 2018-06-29T10:50:00.726429959Z: [    5.980594] loop: module loaded
[STDERR  ] 2018-06-29T10:50:00.726437755Z: [    5.992117] nbd: registered device at major 43
[STDERR  ] 2018-06-29T10:50:00.726445788Z: [    6.022562] lpc_ich 0000:00:1f.0: I/O space for GPIO uninitialized
[STDERR  ] 2018-06-29T10:50:00.726458234Z: [    6.024238] VMware PVSCSI driver - version 1.0.7.0-k
[STDERR  ] 2018-06-29T10:50:00.726466080Z: [    6.024979] hv_vmbus: registering driver hv_storvsc
[STDERR  ] 2018-06-29T10:50:00.726473855Z: [    6.032377] ACPI: PCI Interrupt Link [GSIA] enabled at IRQ 16
[STDERR  ] 2018-06-29T10:50:00.726481723Z: [    6.038338] ahci 0000:00:1f.2: AHCI 0001.0000 32 slots 6 ports 1.5 Gbps 0x3f impl SATA mode
[STDERR  ] 2018-06-29T10:50:00.726489726Z: [    6.038973] ahci 0000:00:1f.2: flags: 64bit ncq only 
[STDERR  ] 2018-06-29T10:50:00.726497749Z: [    6.054630] scsi host0: ahci
[STDERR  ] 2018-06-29T10:50:00.726505411Z: [    6.057665] scsi host1: ahci
[STDERR  ] 2018-06-29T10:50:00.726513143Z: [    6.059863] scsi host2: ahci
[STDERR  ] 2018-06-29T10:50:00.726521098Z: [    6.061679] scsi host3: ahci
[STDERR  ] 2018-06-29T10:50:00.726528702Z: [    6.063939] scsi host4: ahci
[STDERR  ] 2018-06-29T10:50:00.726536452Z: [    6.066181] scsi host5: ahci
[STDERR  ] 2018-06-29T10:50:00.726544351Z: [    6.068254] ata1: SATA max UDMA/133 abar m4096@0xfebd2000 port 0xfebd2100 irq 24
[STDERR  ] 2018-06-29T10:50:00.726556892Z: [    6.068685] ata2: SATA max UDMA/133 abar m4096@0xfebd2000 port 0xfebd2180 irq 24
[STDERR  ] 2018-06-29T10:50:00.726565008Z: [    6.069050] ata3: SATA max UDMA/133 abar m4096@0xfebd2000 port 0xfebd2200 irq 24
[STDERR  ] 2018-06-29T10:50:00.726572922Z: [    6.069353] ata4: SATA max UDMA/133 abar m4096@0xfebd2000 port 0xfebd2280 irq 24
[STDERR  ] 2018-06-29T10:50:00.726581041Z: [    6.069681] ata5: SATA max UDMA/133 abar m4096@0xfebd2000 port 0xfebd2300 irq 24
[STDERR  ] 2018-06-29T10:50:00.726593987Z: [    6.069993] ata6: SATA max UDMA/133 abar m4096@0xfebd2000 port 0xfebd2380 irq 24
[STDERR  ] 2018-06-29T10:50:00.726602010Z: [    6.079752] tun: Universal TUN/TAP device driver, 1.6
[STDERR  ] 2018-06-29T10:50:00.726631800Z: [    6.080515] tun: (C) 1999-2004 Max Krasnyansky <maxk@qualcomm.com>
[STDERR  ] 2018-06-29T10:50:00.726643888Z: [    6.090719] VMware vmxnet3 virtual NIC driver - version 1.4.a.0-k-NAPI
[STDERR  ] 2018-06-29T10:50:00.726662577Z: [    6.091769] hv_vmbus: registering driver hv_netvsc
[STDERR  ] 2018-06-29T10:50:00.726674038Z: [    6.092026] Fusion MPT base driver 3.04.20
[STDERR  ] 2018-06-29T10:50:00.726684979Z: [    6.092214] Copyright (c) 1999-2008 LSI Corporation
[STDERR  ] 2018-06-29T10:50:00.726696080Z: [    6.092698] Fusion MPT SPI Host driver 3.04.20
[STDERR  ] 2018-06-29T10:50:00.726707007Z: [    6.094446] i8042: PNP: PS/2 Controller [PNP0303:KBD,PNP0f13:MOU] at 0x60,0x64 irq 1,12
[STDERR  ] 2018-06-29T10:50:00.726718408Z: [    6.098171] serio: i8042 KBD port at 0x60,0x64 irq 1
[STDERR  ] 2018-06-29T10:50:00.726729888Z: [    6.098829] serio: i8042 AUX port at 0x60,0x64 irq 12
[STDERR  ] 2018-06-29T10:50:00.726742587Z: [    6.101553] hv_vmbus: registering driver hyperv_keyboard
[STDERR  ] 2018-06-29T10:50:00.726766736Z: [    6.103236] mousedev: PS/2 mouse device common for all mice
[STDERR  ] 2018-06-29T10:50:00.726779323Z: [    6.107220] input: AT Translated Set 2 keyboard as /devices/platform/i8042/serio0/input/input1
[STDERR  ] 2018-06-29T10:50:00.726791318Z: [    6.109559] input: PC Speaker as /devices/platform/pcspkr/input/input2
[STDERR  ] 2018-06-29T10:50:00.726803511Z: [    6.112904] rtc_cmos 00:00: RTC can wake from S4
[STDERR  ] 2018-06-29T10:50:00.726815316Z: [    6.115727] rtc_cmos 00:00: rtc core: registered rtc_cmos as rtc0
[STDERR  ] 2018-06-29T10:50:00.726832156Z: [    6.116727] rtc_cmos 00:00: alarms up to one day, y3k, 114 bytes nvram, hpet irqs
[STDERR  ] 2018-06-29T10:50:00.726843929Z: [    6.117298] i2c /dev entries driver
[STDERR  ] 2018-06-29T10:50:00.726855690Z: [    6.118922] device-mapper: ioctl: 4.35.0-ioctl (2016-06-23) initialised: dm-devel@redhat.com
[STDERR  ] 2018-06-29T10:50:00.726875081Z: [    6.122843] usbcore: registered new interface driver usbhid
[STDERR  ] 2018-06-29T10:50:00.726886904Z: [    6.123168] usbhid: USB HID core driver
[STDERR  ] 2018-06-29T10:50:00.726898214Z: [    6.123721] hv_utils: Registering HyperV Utility Driver
[STDERR  ] 2018-06-29T10:50:00.726909760Z: [    6.123978] hv_vmbus: registering driver hv_util
[STDERR  ] 2018-06-29T10:50:00.726921273Z: [    6.124196] hv_vmbus: registering driver hv_balloon
[STDERR  ] 2018-06-29T10:50:00.726932640Z: [    6.124608] oprofile: using NMI interrupt.
[STDERR  ] 2018-06-29T10:50:00.726944215Z: [    6.125644] GACT probability on
[STDERR  ] 2018-06-29T10:50:00.726955860Z: [    6.126172] Mirror/redirect action on
[STDERR  ] 2018-06-29T10:50:00.726972845Z: [    6.126903] Simple TC action Loaded
[STDERR  ] 2018-06-29T10:50:00.726983737Z: [    6.127458] u32 classifier
[STDERR  ] 2018-06-29T10:50:00.726994819Z: [    6.127599]     Performance counters on
[STDERR  ] 2018-06-29T10:50:00.727005774Z: [    6.127781]     input device check on
[STDERR  ] 2018-06-29T10:50:00.727016425Z: [    6.127948]     Actions configured
[STDERR  ] 2018-06-29T10:50:00.727027362Z: [    6.128465] Netfilter messages via NETLINK v0.30.
[STDERR  ] 2018-06-29T10:50:00.727038080Z: [    6.128907] nfnl_acct: registering with nfnetlink.
[STDERR  ] 2018-06-29T10:50:00.727048771Z: [    6.130051] nf_conntrack version 0.5.0 (8192 buckets, 32768 max)
[STDERR  ] 2018-06-29T10:50:00.727060296Z: [    6.133348] ctnetlink v0.93: registering with nfnetlink.
[STDERR  ] 2018-06-29T10:50:00.727071401Z: [    6.136310] nf_tables: (c) 2007-2009 Patrick McHardy <kaber@trash.net>
[STDERR  ] 2018-06-29T10:50:00.727083259Z: [    6.136976] nf_tables_compat: (c) 2012 Pablo Neira Ayuso <pablo@netfilter.org>
[STDERR  ] 2018-06-29T10:50:00.727099753Z: [    6.139055] xt_time: kernel timezone is -0000
[STDERR  ] 2018-06-29T10:50:00.727111565Z: [    6.139521] ip_set: protocol 6
[STDERR  ] 2018-06-29T10:50:00.727127178Z: [    6.140410] IPVS: Registered protocols (TCP, UDP, SCTP, AH, ESP)
[STDERR  ] 2018-06-29T10:50:00.727139747Z: [    6.141051] IPVS: Connection hash table configured (size=4096, memory=64Kbytes)
[STDERR  ] 2018-06-29T10:50:00.727150926Z: [    6.142601] IPVS: Creating netns size=2104 id=0
[STDERR  ] 2018-06-29T10:50:00.727162428Z: [    6.145036] IPVS: ipvs loaded.
[STDERR  ] 2018-06-29T10:50:00.727179374Z: [    6.145384] IPVS: [rr] scheduler registered.
[STDERR  ] 2018-06-29T10:50:00.727191106Z: [    6.145649] IPVS: [wrr] scheduler registered.
[STDERR  ] 2018-06-29T10:50:00.727202944Z: [    6.145854] IPVS: [lc] scheduler registered.
[STDERR  ] 2018-06-29T10:50:00.727219982Z: [    6.146039] IPVS: [wlc] scheduler registered.
[STDERR  ] 2018-06-29T10:50:00.727231734Z: [    6.146225] IPVS: [fo] scheduler registered.
[STDERR  ] 2018-06-29T10:50:00.727243538Z: [    6.146412] IPVS: [ovf] scheduler registered.
[STDERR  ] 2018-06-29T10:50:00.727260787Z: [    6.146771] IPVS: [lblc] scheduler registered.
[STDERR  ] 2018-06-29T10:50:00.727272584Z: [    6.147101] IPVS: [lblcr] scheduler registered.
[STDERR  ] 2018-06-29T10:50:00.727288470Z: [    6.147320] IPVS: [dh] scheduler registered.
[STDERR  ] 2018-06-29T10:50:00.727300009Z: [    6.147560] IPVS: [sh] scheduler registered.
[STDERR  ] 2018-06-29T10:50:00.727311562Z: [    6.147776] IPVS: [sed] scheduler registered.
[STDERR  ] 2018-06-29T10:50:00.727323290Z: [    6.148012] IPVS: [nq] scheduler registered.
[STDERR  ] 2018-06-29T10:50:00.727339567Z: [    6.148630] IPVS: ftp: loaded support on port[0] = 21
[STDERR  ] 2018-06-29T10:50:00.727351272Z: [    6.149361] ipip: IPv4 and MPLS over IPv4 tunneling driver
[STDERR  ] 2018-06-29T10:50:00.727362817Z: [    6.153365] gre: GRE over IPv4 demultiplexor driver
[STDERR  ] 2018-06-29T10:50:00.727374575Z: [    6.156029] ip_tables: (C) 2000-2006 Netfilter Core Team
[STDERR  ] 2018-06-29T10:50:00.727386315Z: [    6.159185] ipt_CLUSTERIP: ClusterIP Version 0.8 loaded successfully
[STDERR  ] 2018-06-29T10:50:00.727397972Z: [    6.159801] arp_tables: arp_tables: (C) 2002 David S. Miller
[STDERR  ] 2018-06-29T10:50:00.727415538Z: [    6.162910] NET: Registered protocol family 10
[STDERR  ] 2018-06-29T10:50:00.727427193Z: [    6.171866] ip6_tables: (C) 2000-2006 Netfilter Core Team
[STDERR  ] 2018-06-29T10:50:00.727438973Z: [    6.180759] NET: Registered protocol family 17
[STDERR  ] 2018-06-29T10:50:00.727450789Z: [    6.181798] Bridge firewalling registered
[STDERR  ] 2018-06-29T10:50:00.727462564Z: [    6.182315] Ebtables v2.0 registered
[STDERR  ] 2018-06-29T10:50:00.727474489Z: [    6.184066] 8021q: 802.1Q VLAN Support v1.8
[STDERR  ] 2018-06-29T10:50:00.727486396Z: [    6.185455] 9pnet: Installing 9P2000 support
[STDERR  ] 2018-06-29T10:50:00.727498447Z: [    6.186824] Key type dns_resolver registered
[STDERR  ] 2018-06-29T10:50:00.727513350Z: [    6.187701] microcode: AMD CPU family 0x6 not supported
[STDERR  ] 2018-06-29T10:50:00.727525239Z: [    6.190943] registered taskstats version 1
[STDERR  ] 2018-06-29T10:50:00.727537261Z: [    6.351480] Key type big_key registered
[STDERR  ] 2018-06-29T10:50:00.727555306Z: [    6.405303] ata2: SATA link down (SStatus 0 SControl 300)
[STDERR  ] 2018-06-29T10:50:00.727568781Z: [    6.408195] ata1: SATA link up 1.5 Gbps (SStatus 113 SControl 300)
[STDERR  ] 2018-06-29T10:50:00.727580446Z: [    6.411242] ata5: SATA link down (SStatus 0 SControl 300)
[STDERR  ] 2018-06-29T10:50:00.727592625Z: [    6.411717] ata4: SATA link down (SStatus 0 SControl 300)
[STDERR  ] 2018-06-29T10:50:00.727604341Z: [    6.412122] ata3: SATA link up 1.5 Gbps (SStatus 113 SControl 300)
[STDERR  ] 2018-06-29T10:50:00.727616044Z: [    6.414405] ata3.00: ATAPI: QEMU DVD-ROM, 2.5+, max UDMA/100
[STDERR  ] 2018-06-29T10:50:00.727629807Z: [    6.414822] ata3.00: applying bridge limits
[STDERR  ] 2018-06-29T10:50:00.727643086Z: [    6.416880] ata3.00: configured for UDMA/100
[STDERR  ] 2018-06-29T10:50:00.727656353Z: [    6.420904] ata1.00: ATA-7: QEMU HARDDISK, 2.5+, max UDMA/100
[STDERR  ] 2018-06-29T10:50:00.727671645Z: [    6.421274] ata1.00: 1048576 sectors, multi 16: LBA48 NCQ (depth 31/32)
[STDERR  ] 2018-06-29T10:50:00.727682876Z: [    6.421676] ata1.00: applying bridge limits
[STDERR  ] 2018-06-29T10:50:00.727699963Z: [    6.422164] ata1.00: configured for UDMA/100
[STDERR  ] 2018-06-29T10:50:00.727711252Z: [    6.424790] ata6: SATA link down (SStatus 0 SControl 300)
[STDERR  ] 2018-06-29T10:50:00.727722916Z: [    6.440716] Key type encrypted registered
[STDERR  ] 2018-06-29T10:50:00.727733944Z: [    6.444842] scsi 0:0:0:0: Direct-Access     ATA      QEMU HARDDISK    2.5+ PQ: 0 ANSI: 5
[STDERR  ] 2018-06-29T10:50:00.727745713Z: [    6.447958] rtc_cmos 00:00: setting system clock to 2018-06-29 10:49:32 UTC (1530269372)
[STDERR  ] 2018-06-29T10:50:00.727757936Z: [    6.455077] sd 0:0:0:0: [sda] 1048576 512-byte logical blocks: (537 MB/512 MiB)
[STDERR  ] 2018-06-29T10:50:00.727769299Z: [    6.461843] sd 0:0:0:0: [sda] Write Protect is off
[STDERR  ] 2018-06-29T10:50:00.727780432Z: [    6.464163] sd 0:0:0:0: [sda] Write cache: enabled, read cache: enabled, doesn't support DPO or FUA
[STDERR  ] 2018-06-29T10:50:00.727791662Z: [    6.465186] sd 0:0:0:0: Attached scsi generic sg0 type 0
[STDERR  ] 2018-06-29T10:50:00.727808627Z: [    6.473914] scsi 2:0:0:0: CD-ROM            QEMU     QEMU DVD-ROM     2.5+ PQ: 0 ANSI: 5
[STDERR  ] 2018-06-29T10:50:00.727820228Z: [    6.492643] sr 2:0:0:0: [sr0] scsi3-mmc drive: 4x/4x cd/rw xa/form2 tray
[STDERR  ] 2018-06-29T10:50:00.727832263Z: [    6.493333] cdrom: Uniform CD-ROM driver Revision: 3.20
[STDERR  ] 2018-06-29T10:50:00.727843892Z: [    6.502142] sr 2:0:0:0: Attached scsi generic sg1 type 5
[STDERR  ] 2018-06-29T10:50:00.727869855Z: [    6.503847] sd 0:0:0:0: [sda] Attached SCSI disk
[STDERR  ] 2018-06-29T10:50:00.727882045Z: [    6.632300] Freeing unused kernel memory: 1380K (ffffffffbad57000 - ffffffffbaeb0000)
[STDERR  ] 2018-06-29T10:50:00.727893554Z: [    6.632869] Write protecting the kernel read-only data: 12288k
[STDERR  ] 2018-06-29T10:50:00.727905005Z: [    6.637545] Freeing unused kernel memory: 152K (ffff9184d97da000 - ffff9184d9800000)
[STDERR  ] 2018-06-29T10:50:00.727927062Z: [    6.694728] Freeing unused kernel memory: 1400K (ffff9184d9aa2000 - ffff9184d9c00000)
[STDERR  ] 2018-06-29T10:50:00.727939139Z: [    6.800614] tsc: Refined TSC clocksource calibration: 2599.735 MHz
[STDERR  ] 2018-06-29T10:50:00.727950464Z: [    6.801120] clocksource: tsc: mask: 0xffffffffffffffff max_cycles: 0x257941e59b5, max_idle_ns: 440795289243 ns
[STDERR  ] 2018-06-29T10:50:00.727962647Z: [    7.820904] clocksource: Switched to clocksource tsc
[STDERR  ] 2018-06-29T10:50:00.727974972Z: 
[STDERR  ] 2018-06-29T10:50:00.727987991Z: Welcome to LinuxKit
[STDERR  ] 2018-06-29T10:50:00.727999933Z: 
[STDERR  ] 2018-06-29T10:50:00.728012062Z:                         ##         .
[STDERR  ] 2018-06-29T10:50:00.728023615Z:                   ## ## ##        ==
[STDERR  ] 2018-06-29T10:50:00.728034815Z:                ## ## ## ## ##    ===
[STDERR  ] 2018-06-29T10:50:00.728051117Z:            /"""""""""""""""""\___/ ===
[STDERR  ] 2018-06-29T10:50:00.728063120Z:           {                       /  ===-
[STDERR  ] 2018-06-29T10:50:00.728074756Z:            \______ O           __/
[STDERR  ] 2018-06-29T10:50:00.728084020Z:              \    \         __/
[STDERR  ] 2018-06-29T10:50:00.728091882Z:               \____\_______/
[STDERR  ] 2018-06-29T10:50:00.728099854Z: 
[STDERR  ] 2018-06-29T10:50:00.728107774Z: [   15.463333] IPVS: Creating netns size=2104 id=1
[STDERR  ] 2018-06-29T10:50:00.728115803Z: [   15.463760] IPVS: ftp: loaded support on port[0] = 21
[STDERR  ] 2018-06-29T10:50:00.728123688Z: [   16.593840]  sda:
[STDERR  ] 2018-06-29T10:50:00.728131668Z: [   16.659088]  sda:
[STDERR  ] 2018-06-29T10:50:00.728144111Z: [   16.714788]  sda: sda1
[STDERR  ] 2018-06-29T10:50:00.728152010Z: [   16.781156]  sda: sda1
[STDERR  ] 2018-06-29T10:50:00.728159674Z: 2018/06/29 10:49:41 Creating partition on /dev/sda
[STDERR  ] 2018-06-29T10:50:00.728167528Z: 2018/06/29 10:49:43 Partition /dev/sda1 successfully created!
[STDERR  ] 2018-06-29T10:50:00.728180355Z: [   19.035458] IPVS: Creating netns size=2104 id=2
[STDERR  ] 2018-06-29T10:50:00.728188226Z: [   19.035729] IPVS: ftp: loaded support on port[0] = 21
[STDERR  ] 2018-06-29T10:50:00.728196072Z: [   19.901078] EXT4-fs (sda1): couldn't mount as ext3 due to feature incompatibilities
[STDERR  ] 2018-06-29T10:50:00.728203895Z: [   19.911511] EXT4-fs (sda1): couldn't mount as ext2 due to feature incompatibilities
[STDERR  ] 2018-06-29T10:50:00.728211746Z: [   19.934458] EXT4-fs (sda1): mounted filesystem with ordered data mode. Opts: (null)
[STDERR  ] 2018-06-29T10:50:00.728219588Z: format_mount test suite PASSED
[STDERR  ] 2018-06-29T10:50:00.728227465Z: [   33.601958] sd 0:0:0:0: [sda] Synchronizing SCSI cache
[STDERR  ] 2018-06-29T10:50:00.728235042Z: [   33.603015] sd 0:0:0:0: [sda] Stopping disk
[STDERR  ] 2018-06-29T10:50:00.728247913Z: [   33.605787] ACPI: Preparing to enter system sleep state S5
[STDERR  ] 2018-06-29T10:50:00.728255508Z: [   33.607159] reboot: Power down
[STDERR  ] 2018-06-29T10:50:00.728263374Z: + echo [    0.000000] Linux version 4.9.38-linuxkit (root@e1ede117fb1e) (gcc version 6.3.0 (Alpine 6.3.0) ) #1 SMP Thu Jul 20 16:07:02 UTC 2017
[STDERR  ] 2018-06-29T10:50:00.728275372Z: [    0.000000] Command line: console=ttyS0 console=ttyAMA0
[STDERR  ] 2018-06-29T10:50:00.728283490Z: [    0.000000] x86/fpu: Legacy x87 FPU detected.
[STDERR  ] 2018-06-29T10:50:00.728291264Z: [    0.000000] x86/fpu: Using 'eager' FPU context switches.
[STDERR  ] 2018-06-29T10:50:00.728303475Z: [    0.000000] e820: BIOS-provided physical RAM map:
[STDERR  ] 2018-06-29T10:50:00.728314086Z: [    0.000000] BIOS-e820: [mem 0x0000000000000000-0x000000000009fbff] usable
[STDERR  ] 2018-06-29T10:50:00.728322367Z: [    0.000000] BIOS-e820: [mem 0x000000000009fc00-0x000000000009ffff] reserved
[STDERR  ] 2018-06-29T10:50:00.728335578Z: [    0.000000] BIOS-e820: [mem 0x00000000000f0000-0x00000000000fffff] reserved
[STDERR  ] 2018-06-29T10:50:00.728343278Z: [    0.000000] BIOS-e820: [mem 0x0000000000100000-0x000000003ffdefff] usable
[STDERR  ] 2018-06-29T10:50:00.728351008Z: [    0.000000] BIOS-e820: [mem 0x000000003ffdf000-0x000000003fffffff] reserved
[STDERR  ] 2018-06-29T10:50:00.728358800Z: [    0.000000] BIOS-e820: [mem 0x00000000b0000000-0x00000000bfffffff] reserved
[STDERR  ] 2018-06-29T10:50:00.728366591Z: [    0.000000] BIOS-e820: [mem 0x00000000fed1c000-0x00000000fed1ffff] reserved
[STDERR  ] 2018-06-29T10:50:00.728374325Z: [    0.000000] BIOS-e820: [mem 0x00000000fffc0000-0x00000000ffffffff] reserved
[STDERR  ] 2018-06-29T10:50:00.728382221Z: [    0.000000] NX (Execute Disable) protection: active
[STDERR  ] 2018-06-29T10:50:00.728390157Z: [    0.000000] SMBIOS 2.8 present.
[STDERR  ] 2018-06-29T10:50:00.728398166Z: [    0.000000] e820: last_pfn = 0x3ffdf max_arch_pfn = 0x400000000
[STDERR  ] 2018-06-29T10:50:00.728405832Z: [    0.000000] x86/PAT: Configuration [0-7]: WB  WC  UC- UC  WB  WC  UC- WT  
[STDERR  ] 2018-06-29T10:50:00.728413556Z: [    0.000000] found SMP MP-table at [mem 0x000f6aa0-0x000f6aaf] mapped at [ffff9184c00f6aa0]
[STDERR  ] 2018-06-29T10:50:00.728421680Z: [    0.000000] RAMDISK: [mem 0x3e109000-0x3ffcffff]
[STDERR  ] 2018-06-29T10:50:00.728429170Z: [    0.000000] ACPI: Early table checksum verification disabled
[STDERR  ] 2018-06-29T10:50:00.728441472Z: [    0.000000] ACPI: RSDP 0x00000000000F68B0 000014 (v00 BOCHS )
[STDERR  ] 2018-06-29T10:50:00.728449601Z: [    0.000000] ACPI: RSDT 0x000000003FFE20A8 000034 (v01 BOCHS  BXPCRSDT 00000001 BXPC 00000001)
[STDERR  ] 2018-06-29T10:50:00.728457580Z: [    0.000000] ACPI: FACP 0x000000003FFE1EC8 0000F4 (v03 BOCHS  BXPCFACP 00000001 BXPC 00000001)
[STDERR  ] 2018-06-29T10:50:00.728472970Z: [    0.000000] ACPI: DSDT 0x000000003FFE0040 001E88 (v01 BOCHS  BXPCDSDT 00000001 BXPC 00000001)
[STDERR  ] 2018-06-29T10:50:00.728480708Z: [    0.000000] ACPI: FACS 0x000000003FFE0000 000040
[STDERR  ] 2018-06-29T10:50:00.728488624Z: [    0.000000] ACPI: APIC 0x000000003FFE1FBC 000078 (v01 BOCHS  BXPCAPIC 00000001 BXPC 00000001)
[STDERR  ] 2018-06-29T10:50:00.728504468Z: [    0.000000] ACPI: HPET 0x000000003FFE2034 000038 (v01 BOCHS  BXPCHPET 00000001 BXPC 00000001)
[STDERR  ] 2018-06-29T10:50:00.728512364Z: [    0.000000] ACPI: MCFG 0x000000003FFE206C 00003C (v01 BOCHS  BXPCMCFG 00000001 BXPC 00000001)
[STDERR  ] 2018-06-29T10:50:00.728520057Z: [    0.000000] Zone ranges:
[STDERR  ] 2018-06-29T10:50:00.728527738Z: [    0.000000]   DMA      [mem 0x0000000000001000-0x0000000000ffffff]
[STDERR  ] 2018-06-29T10:50:00.728535355Z: [    0.000000]   DMA32    [mem 0x0000000001000000-0x000000003ffdefff]
[STDERR  ] 2018-06-29T10:50:00.728542985Z: [    0.000000]   Normal   empty
[STDERR  ] 2018-06-29T10:50:00.728550630Z: [    0.000000] Movable zone start for each node
[STDERR  ] 2018-06-29T10:50:00.728558305Z: [    0.000000] Early memory node ranges
[STDERR  ] 2018-06-29T10:50:00.728570577Z: [    0.000000]   node   0: [mem 0x0000000000001000-0x000000000009efff]
[STDERR  ] 2018-06-29T10:50:00.728578519Z: [    0.000000]   node   0: [mem 0x0000000000100000-0x000000003ffdefff]
[STDERR  ] 2018-06-29T10:50:00.728804755Z: [    0.000000] Initmem setup node 0 [mem 0x0000000000001000-0x000000003ffdefff]
[STDERR  ] 2018-06-29T10:50:00.728835780Z: [    0.000000] ACPI: PM-Timer IO Port: 0x608
[STDERR  ] 2018-06-29T10:50:00.728868973Z: [    0.000000] ACPI: LAPIC_NMI (acpi_id[0xff] dfl dfl lint[0x1])
[STDOUT  ] 2018-06-29T10:50:00.728859351Z: [    0.000000] Linux version 4.9.38-linuxkit (root@e1ede117fb1e) (gcc version 6.3.0 (Alpine 6.3.0) ) #1 SMP Thu Jul 20 16:07:02 UTC 2017
[STDOUT  ] 2018-06-29T10:50:00.728915167Z: [    0.000000] Command line: console=ttyS0 console=ttyAMA0
[STDOUT  ] 2018-06-29T10:50:00.728932337Z: [    0.000000] x86/fpu: Legacy x87 FPU detected.
[STDOUT  ] 2018-06-29T10:50:00.728950258Z: [    0.000000] x86/fpu: Using 'eager' FPU context switches.
[STDOUT  ] 2018-06-29T10:50:00.728967353Z: [    0.000000] e820: BIOS-provided physical RAM map:
[STDOUT  ] 2018-06-29T10:50:00.728985137Z: [    0.000000] BIOS-e820: [mem 0x0000000000000000-0x000000000009fbff] usable
[STDOUT  ] 2018-06-29T10:50:00.729008943Z: [    0.000000] BIOS-e820: [mem 0x000000000009fc00-0x000000000009ffff] reserved
[STDOUT  ] 2018-06-29T10:50:00.729026587Z: [    0.000000] BIOS-e820: [mem 0x00000000000f0000-0x00000000000fffff] reserved
[STDOUT  ] 2018-06-29T10:50:00.729062233Z: [    0.000000] BIOS-e820: [mem 0x0000000000100000-0x000000003ffdefff] usable
[STDOUT  ] 2018-06-29T10:50:00.729081018Z: [    0.000000] BIOS-e820: [mem 0x000000003ffdf000-0x000000003fffffff] reserved
[STDOUT  ] 2018-06-29T10:50:00.729098879Z: [    0.000000] BIOS-e820: [mem 0x00000000b0000000-0x00000000bfffffff] reserved
[STDOUT  ] 2018-06-29T10:50:00.729116758Z: [    0.000000] BIOS-e820: [mem 0x00000000fed1c000-0x00000000fed1ffff] reserved
[STDOUT  ] 2018-06-29T10:50:00.729134131Z: [    0.000000] BIOS-e820: [mem 0x00000000fffc0000-0x00000000ffffffff] reserved
[STDOUT  ] 2018-06-29T10:50:00.729151987Z: [    0.000000] NX (Execute Disable) protection: active
[STDOUT  ] 2018-06-29T10:50:00.729179528Z: [    0.000000] SMBIOS 2.8 present.
[STDOUT  ] 2018-06-29T10:50:00.729196954Z: [    0.000000] e820: last_pfn = 0x3ffdf max_arch_pfn = 0x400000000
[STDOUT  ] 2018-06-29T10:50:00.729215209Z: [    0.000000] x86/PAT: Configuration [0-7]: WB  WC  UC- UC  WB  WC  UC- WT  
[STDOUT  ] 2018-06-29T10:50:00.729232986Z: [    0.000000] found SMP MP-table at [mem 0x000f6aa0-0x000f6aaf] mapped at [ffff9184c00f6aa0]
[STDOUT  ] 2018-06-29T10:50:00.729251070Z: [    0.000000] RAMDISK: [mem 0x3e109000-0x3ffcffff]
[STDOUT  ] 2018-06-29T10:50:00.729273240Z: [    0.000000] ACPI: Early table checksum verification disabled
[STDOUT  ] 2018-06-29T10:50:00.729290800Z: [    0.000000] ACPI: RSDP 0x00000000000F68B0 000014 (v00 BOCHS )
[STDOUT  ] 2018-06-29T10:50:00.729308509Z: [    0.000000] ACPI: RSDT 0x000000003FFE20A8 000034 (v01 BOCHS  BXPCRSDT 00000001 BXPC 00000001)
[STDOUT  ] 2018-06-29T10:50:00.729325906Z: [    0.000000] ACPI: FACP 0x000000003FFE1EC8 0000F4 (v03 BOCHS  BXPCFACP 00000001 BXPC 00000001)
[STDOUT  ] 2018-06-29T10:50:00.729350670Z: [    0.000000] ACPI: DSDT 0x000000003FFE0040 001E88 (v01 BOCHS  BXPCDSDT 00000001 BXPC 00000001)
[STDOUT  ] 2018-06-29T10:50:00.729448003Z: [    0.000000] ACPI: FACS 0x000000003FFE0000 000040
[STDOUT  ] 2018-06-29T10:50:00.729468636Z: [    0.000000] ACPI: APIC 0x000000003FFE1FBC 000078 (v01 BOCHS  BXPCAPIC 00000001 BXPC 00000001)
[STDOUT  ] 2018-06-29T10:50:00.729488128Z: [    0.000000] ACPI: HPET 0x000000003FFE2034 000038 (v01 BOCHS  BXPCHPET 00000001 BXPC 00000001)
[STDOUT  ] 2018-06-29T10:50:00.729507686Z: [    0.000000] ACPI: MCFG 0x000000003FFE206C 00003C (v01 BOCHS  BXPCMCFG 00000001 BXPC 00000001)
[STDOUT  ] 2018-06-29T10:50:00.729527138Z: [    0.000000] Zone ranges:
[STDOUT  ] 2018-06-29T10:50:00.729546883Z: [    0.000000]   DMA      [mem 0x0000000000001000-0x0000000000ffffff]
[STDOUT  ] 2018-06-29T10:50:00.729565604Z: [    0.000000]   DMA32    [mem 0x0000000001000000-0x000000003ffdefff]
[STDOUT  ] 2018-06-29T10:50:00.729584571Z: [    0.000000]   Normal   empty
[STDOUT  ] 2018-06-29T10:50:00.729603449Z: [    0.000000] Movable zone start for each node
[STDOUT  ] 2018-06-29T10:50:00.729622252Z: [    0.000000] Early memory node ranges
[STDOUT  ] 2018-06-29T10:50:00.729643191Z: [    0.000000]   node   0: [mem 0x0000000000001000-0x000000000009efff]
[STDOUT  ] 2018-06-29T10:50:00.729660212Z: [    0.000000]   node   0: [mem 0x0000000000100000-0x000000003ffdefff]
[STDOUT  ] 2018-06-29T10:50:00.729679733Z: [    0.000000] Initmem setup node 0 [mem 0x0000000000001000-0x000000003ffdefff]
[STDOUT  ] 2018-06-29T10:50:00.729699174Z: [    0.000000] ACPI: PM-Timer IO Port: 0x608
[STDOUT  ] 2018-06-29T10:50:00.729739031Z: [    0.000000] ACPI: LAPIC_NMI (acpi_id[0xff] dfl dfl lint[0x1])
[STDOUT  ] 2018-06-29T10:50:00.729764262Z: [    0.000000] IOAPIC[0]: apic_id 0, version 32, address 0xfec00000, GSI 0-23
[STDOUT  ] 2018-06-29T10:50:00.729785813Z: [    0.000000] ACPI: INT_SRC_OVR (bus 0 bus_irq 0 global_irq 2 dfl dfl)
[STDOUT  ] 2018-06-29T10:50:00.729805236Z: [    0.000000] ACPI: INT_SRC_OVR (bus 0 bus_irq 5 global_irq 5 high level)
[STDOUT  ] 2018-06-29T10:50:00.729824199Z: [    0.000000] ACPI: INT_SRC_OVR (bus 0 bus_irq 9 global_irq 9 high level)
[STDOUT  ] 2018-06-29T10:50:00.729843075Z: [    0.000000] ACPI: INT_SRC_OVR (bus 0 bus_irq 10 global_irq 10 high level)
[STDOUT  ] 2018-06-29T10:50:00.729866256Z: [    0.000000] ACPI: INT_SRC_OVR (bus 0 bus_irq 11 global_irq 11 high level)
[STDOUT  ] 2018-06-29T10:50:00.729884970Z: [    0.000000] Using ACPI (MADT) for SMP configuration information
[STDOUT  ] 2018-06-29T10:50:00.729903793Z: [    0.000000] ACPI: HPET id: 0x8086a201 base: 0xfed00000
[STDOUT  ] 2018-06-29T10:50:00.729922748Z: [    0.000000] smpboot: Allowing 1 CPUs, 0 hotplug CPUs
[STDOUT  ] 2018-06-29T10:50:00.729942353Z: [    0.000000] e820: [mem 0x40000000-0xafffffff] available for PCI devices
[STDERR  ] 2018-06-29T10:50:00.728893964Z: [    0.000000] IOAPIC[0]: apic_id 0, version 32, address 0xfec00000, GSI 0-23
[STDERR  ] 2018-06-29T10:50:00.730722662Z: [    0.000000] ACPI: INT_SRC_OVR (bus 0 bus_irq 0 global_irq 2 dfl dfl)
[STDERR  ] 2018-06-29T10:50:00.730739839Z: [    0.000000] ACPI: INT_SRC_OVR (bus 0 bus_irq 5 global_irq 5 high level)
[STDERR  ] 2018-06-29T10:50:00.730758973Z: [    0.000000] ACPI: INT_SRC_OVR (bus 0 bus_irq 9 global_irq 9 high level)
[STDERR  ] 2018-06-29T10:50:00.730772076Z: [    0.000000] ACPI: INT_SRC_OVR (bus 0 bus_irq 10 global_irq 10 high level)
[STDERR  ] 2018-06-29T10:50:00.730784623Z: [    0.000000] ACPI: INT_SRC_OVR (bus 0 bus_irq 11 global_irq 11 high level)
[STDERR  ] 2018-06-29T10:50:00.730797281Z: [    0.000000] Using ACPI (MADT) for SMP configuration information
[STDERR  ] 2018-06-29T10:50:00.730813191Z: [    0.000000] ACPI: HPET id: 0x8086a201 base: 0xfed00000
[STDERR  ] 2018-06-29T10:50:00.730825684Z: [    0.000000] smpboot: Allowing 1 CPUs, 0 hotplug CPUs
[STDERR  ] 2018-06-29T10:50:00.730837754Z: [    0.000000] e820: [mem 0x40000000-0xafffffff] available for PCI devices
[STDERR  ] 2018-06-29T10:50:00.730849797Z: [    0.000000] Booting paravirtualized kernel on bare hardware
[STDERR  ] 2018-06-29T10:50:00.730868702Z: [    0.000000] clocksource: refined-jiffies: mask: 0xffffffff max_cycles: 0xffffffff, max_idle_ns: 19112604462750000 ns
[STDERR  ] 2018-06-29T10:50:00.730886762Z: [    0.000000] setup_percpu: NR_CPUS:128 nr_cpumask_bits:128 nr_cpu_ids:1 nr_node_ids:1
[STDERR  ] 2018-06-29T10:50:00.730900516Z: [    0.000000] percpu: Embedded 35 pages/cpu @ffff9184fde00000 s105176 r8192 d29992 u2097152
[STDERR  ] 2018-06-29T10:50:00.730912350Z: [    0.000000] Built 1 zonelists in Zone order, mobility grouping on.  Total pages: 257896
[STDERR  ] 2018-06-29T10:50:00.730924749Z: [    0.000000] Kernel command line: console=ttyS0 console=ttyAMA0
[STDERR  ] 2018-06-29T10:50:00.730936886Z: [    0.000000] PID hash table entries: 4096 (order: 3, 32768 bytes)
[STDERR  ] 2018-06-29T10:50:00.730949270Z: [    0.000000] Dentry cache hash table entries: 131072 (order: 8, 1048576 bytes)
[STDERR  ] 2018-06-29T10:50:00.730961722Z: [    0.000000] Inode-cache hash table entries: 65536 (order: 7, 524288 bytes)
[STDERR  ] 2018-06-29T10:50:00.730975069Z: [    0.000000] Memory: 982656K/1048052K available (8026K kernel code, 1366K rwdata, 2696K rodata, 1380K init, 568K bss, 65396K reserved, 0K cma-reserved)
[STDERR  ] 2018-06-29T10:50:00.730997870Z: [    0.000000] Hierarchical RCU implementation.
[STDERR  ] 2018-06-29T10:50:00.731009925Z: [    0.000000] 	Build-time adjustment of leaf fanout to 64.
[STDERR  ] 2018-06-29T10:50:00.731022077Z: [    0.000000] 	RCU restricting CPUs from NR_CPUS=128 to nr_cpu_ids=1.
[STDERR  ] 2018-06-29T10:50:00.731033638Z: [    0.000000] RCU: Adjusting geometry for rcu_fanout_leaf=64, nr_cpu_ids=1
[STDERR  ] 2018-06-29T10:50:00.731045622Z: [    0.000000] NR_IRQS:8448 nr_irqs:256 16
[STDERR  ] 2018-06-29T10:50:00.731056792Z: [    0.000000] Console: colour VGA+ 80x25
[STDERR  ] 2018-06-29T10:50:00.731068400Z: [    0.000000] console [ttyS0] enabled
[STDERR  ] 2018-06-29T10:50:00.731079998Z: [    0.000000] clocksource: hpet: mask: 0xffffffff max_cycles: 0xffffffff, max_idle_ns: 19112604467 ns
[STDERR  ] 2018-06-29T10:50:00.731092000Z: [    0.000000] tsc: Fast TSC calibration using PIT
[STDERR  ] 2018-06-29T10:50:00.731103283Z: [    0.000000] tsc: Detected 2599.724 MHz processor
[STDERR  ] 2018-06-29T10:50:00.731114934Z: [    0.032274] Calibrating delay loop (skipped), value calculated using timer frequency.. 5199.44 BogoMIPS (lpj=25997240)
[STDERR  ] 2018-06-29T10:50:00.731127819Z: [    0.033321] pid_max: default: 32768 minimum: 301
[STDERR  ] 2018-06-29T10:50:00.731139311Z: [    0.034310] ACPI: Core revision 20160831
[STDERR  ] 2018-06-29T10:50:00.731152570Z: [    0.059565] ACPI: 1 ACPI AML tables successfully acquired and loaded
[STDERR  ] 2018-06-29T10:50:00.731164467Z: [    0.063839] Security Framework initialized
[STDERR  ] 2018-06-29T10:50:00.731176249Z: [    0.064296] Yama: becoming mindful.
[STDERR  ] 2018-06-29T10:50:00.731188616Z: [    0.066301] Mount-cache hash table entries: 2048 (order: 2, 16384 bytes)
[STDERR  ] 2018-06-29T10:50:00.731201290Z: [    0.066679] Mountpoint-cache hash table entries: 2048 (order: 2, 16384 bytes)
[STDERR  ] 2018-06-29T10:50:00.731213091Z: [    0.087139] Last level iTLB entries: 4KB 0, 2MB 0, 4MB 0
[STDERR  ] 2018-06-29T10:50:00.731224991Z: [    0.087670] Last level dTLB entries: 4KB 0, 2MB 0, 4MB 0, 1GB 0
[STDERR  ] 2018-06-29T10:50:00.731236950Z: [    0.367260] Freeing SMP alternatives memory: 20K (ffffffffbaeb0000 - ffffffffbaeb5000)
[STDERR  ] 2018-06-29T10:50:00.731249068Z: [    0.376958] ftrace: allocating 35489 entries in 139 pages
[STDERR  ] 2018-06-29T10:50:00.731261232Z: [    0.451483] smpboot: Max logical packages: 1
[STDERR  ] 2018-06-29T10:50:00.731273107Z: [    0.458104] ..TIMER: vector=0x30 apic1=0 pin1=2 apic2=-1 pin2=-1
[STDERR  ] 2018-06-29T10:50:00.731285831Z: [    0.560000] smpboot: CPU0: AMD QEMU Virtual CPU version 2.5+ (family: 0x6, model: 0x6, stepping: 0x3)
[STDERR  ] 2018-06-29T10:50:00.731297611Z: [    0.560000] Performance Events: PMU not available due to virtualization, using software events only.
[STDERR  ] 2018-06-29T10:50:00.731312838Z: [    0.568320] NMI watchdog: disabled (cpu0): hardware events not enabled
[STDERR  ] 2018-06-29T10:50:00.731325437Z: [    0.568714] NMI watchdog: Shutting down hard lockup detector on all cpus
[STDERR  ] 2018-06-29T10:50:00.731337004Z: [    0.572624] x86: Booted up 1 node, 1 CPUs
[STDERR  ] 2018-06-29T10:50:00.731351735Z: [    0.573100] smpboot: Total of 1 processors activated (5199.44 BogoMIPS)
[STDERR  ] 2018-06-29T10:50:00.731408838Z: [    0.587490] devtmpfs: initialized
[STDERR  ] 2018-06-29T10:50:00.731421666Z: [    0.593944] x86/mm: Memory block size: 128MB
[STDERR  ] 2018-06-29T10:50:00.731435357Z: [    0.620632] clocksource: jiffies: mask: 0xffffffff max_cycles: 0xffffffff, max_idle_ns: 19112604462750000 ns
[STDERR  ] 2018-06-29T10:50:00.731447955Z: [    0.621611] futex hash table entries: 256 (order: 2, 16384 bytes)
[STDERR  ] 2018-06-29T10:50:00.731460146Z: [    0.629895] NET: Registered protocol family 16
[STDERR  ] 2018-06-29T10:50:00.731471875Z: [    0.639619] cpuidle: using governor ladder
[STDERR  ] 2018-06-29T10:50:00.731484283Z: [    0.640133] cpuidle: using governor menu
[STDERR  ] 2018-06-29T10:50:00.731502037Z: [    0.641339] ACPI: bus type PCI registered
[STDERR  ] 2018-06-29T10:50:00.731514247Z: [    0.644482] PCI: MMCONFIG for domain 0000 [bus 00-ff] at [mem 0xb0000000-0xbfffffff] (base 0xb0000000)
[STDERR  ] 2018-06-29T10:50:00.731526470Z: [    0.645203] PCI: MMCONFIG at [mem 0xb0000000-0xbfffffff] reserved in E820
[STDERR  ] 2018-06-29T10:50:00.731540603Z: [    0.646117] PCI: Using configuration type 1 for base access
[STDERR  ] 2018-06-29T10:50:00.731552529Z: [    0.684169] HugeTLB registered 2 MB page size, pre-allocated 0 pages
[STDERR  ] 2018-06-29T10:50:00.731565024Z: [    0.695842] ACPI: Added _OSI(Module Device)
[STDERR  ] 2018-06-29T10:50:00.731576825Z: [    0.696122] ACPI: Added _OSI(Processor Device)
[STDERR  ] 2018-06-29T10:50:00.731589103Z: [    0.696446] ACPI: Added _OSI(3.0 _SCP Extensions)
[STDERR  ] 2018-06-29T10:50:00.731601416Z: [    0.696654] ACPI: Added _OSI(Processor Aggregator Device)
[STDERR  ] 2018-06-29T10:50:00.731613687Z: [    0.741483] ACPI: Interpreter enabled
[STDERR  ] 2018-06-29T10:50:00.731625218Z: [    0.742407] ACPI: (supports S0 S5)
[STDERR  ] 2018-06-29T10:50:00.731637958Z: [    0.742699] ACPI: Using IOAPIC for interrupt routing
[STDERR  ] 2018-06-29T10:50:00.731650241Z: [    0.745031] PCI: Using host bridge windows from ACPI; if necessary, use "pci=nocrs" and report a bug
[STDERR  ] 2018-06-29T10:50:00.731662161Z: [    0.787967] ACPI: PCI Root Bridge [PCI0] (domain 0000 [bus 00-ff])
[STDERR  ] 2018-06-29T10:50:00.731674460Z: [    0.789091] acpi PNP0A08:00: _OSC: OS supports [ExtendedConfig ASPM ClockPM Segments MSI]
[STDERR  ] 2018-06-29T10:50:00.731688311Z: [    0.794246] acpi PNP0A08:00: _OSC: OS now controls [PCIeHotplug PME PCIeCapability]
[STDERR  ] 2018-06-29T10:50:00.731699620Z: [    0.798977] PCI host bridge to bus 0000:00
[STDERR  ] 2018-06-29T10:50:00.731713300Z: [    0.799566] pci_bus 0000:00: root bus resource [io  0x0000-0x0cf7 window]
[STDERR  ] 2018-06-29T10:50:00.731725646Z: [    0.800095] pci_bus 0000:00: root bus resource [io  0x0d00-0xffff window]
[STDERR  ] 2018-06-29T10:50:00.731738387Z: [    0.800413] pci_bus 0000:00: root bus resource [mem 0x000a0000-0x000bffff window]
[STDERR  ] 2018-06-29T10:50:00.731751095Z: [    0.800636] pci_bus 0000:00: root bus resource [mem 0xc0000000-0xfebfffff window]
[STDERR  ] 2018-06-29T10:50:00.731763775Z: [    0.801154] pci_bus 0000:00: root bus resource [bus 00-ff]
[STDERR  ] 2018-06-29T10:50:00.731775402Z: [    0.972021] pci 0000:00:1f.0: quirk: [io  0x0600-0x067f] claimed by ICH6 ACPI/GPIO/TCO
[STDERR  ] 2018-06-29T10:50:00.731791487Z: [    1.065176] ACPI: PCI Interrupt Link [LNKA] (IRQs 5 *10 11)
[STDERR  ] 2018-06-29T10:50:00.731804075Z: [    1.067399] ACPI: PCI Interrupt Link [LNKB] (IRQs 5 *10 11)
[STDERR  ] 2018-06-29T10:50:00.731818057Z: [    1.068965] ACPI: PCI Interrupt Link [LNKC] (IRQs 5 10 *11)
[STDERR  ] 2018-06-29T10:50:00.731834081Z: [    1.071474] ACPI: PCI Interrupt Link [LNKD] (IRQs 5 10 *11)
[STDERR  ] 2018-06-29T10:50:00.731847329Z: [    1.072741] ACPI: PCI Interrupt Link [LNKE] (IRQs 5 *10 11)
[STDERR  ] 2018-06-29T10:50:00.731859585Z: [    1.073960] ACPI: PCI Interrupt Link [LNKF] (IRQs 5 *10 11)
[STDERR  ] 2018-06-29T10:50:00.731873452Z: [    1.075186] ACPI: PCI Interrupt Link [LNKG] (IRQs 5 10 *11)
[STDERR  ] 2018-06-29T10:50:00.731885303Z: [    1.076423] ACPI: PCI Interrupt Link [LNKH] (IRQs 5 10 *11)
[STDERR  ] 2018-06-29T10:50:00.731897652Z: [    1.077123] ACPI: PCI Interrupt Link [GSIA] (IRQs *16)
[STDERR  ] 2018-06-29T10:50:00.731909531Z: [    1.077593] ACPI: PCI Interrupt Link [GSIB] (IRQs *17)
[STDERR  ] 2018-06-29T10:50:00.731922047Z: [    1.078133] ACPI: PCI Interrupt Link [GSIC] (IRQs *18)
[STDERR  ] 2018-06-29T10:50:00.731934376Z: [    1.078643] ACPI: PCI Interrupt Link [GSID] (IRQs *19)
[STDERR  ] 2018-06-29T10:50:00.731947119Z: [    1.079137] ACPI: PCI Interrupt Link [GSIE] (IRQs *20)
[STDERR  ] 2018-06-29T10:50:00.731958718Z: [    1.080330] ACPI: PCI Interrupt Link [GSIF] (IRQs *21)
[STDERR  ] 2018-06-29T10:50:00.731970979Z: [    1.080921] ACPI: PCI Interrupt Link [GSIG] (IRQs *22)
[STDERR  ] 2018-06-29T10:50:00.731986539Z: [    1.081424] ACPI: PCI Interrupt Link [GSIH] (IRQs *23)
[STDERR  ] 2018-06-29T10:50:00.731999732Z: [    1.084477] ACPI: Enabled 1 GPEs in block 00 to 3F
[STDERR  ] 2018-06-29T10:50:00.732012389Z: [    1.088667] SCSI subsystem initialized
[STDERR  ] 2018-06-29T10:50:00.732024646Z: [    1.091373] ACPI: bus type USB registered
[STDERR  ] 2018-06-29T10:50:00.732037099Z: [    1.092628] usbcore: registered new interface driver usbfs
[STDERR  ] 2018-06-29T10:50:00.732049261Z: [    1.093530] usbcore: registered new interface driver hub
[STDERR  ] 2018-06-29T10:50:00.732061655Z: [    1.094295] usbcore: registered new device driver usb
[STDERR  ] 2018-06-29T10:50:00.732073719Z: [    1.095424] pps_core: LinuxPPS API ver. 1 registered
[STDERR  ] 2018-06-29T10:50:00.732086785Z: [    1.095732] pps_core: Software ver. 5.3.6 - Copyright 2005-2007 Rodolfo Giometti <giometti@linux.it>
[STDERR  ] 2018-06-29T10:50:00.732099175Z: [    1.096276] PTP clock support registered
[STDERR  ] 2018-06-29T10:50:00.732111273Z: [    1.097256] wmi: Mapper loaded
[STDERR  ] 2018-06-29T10:50:00.732123759Z: [    1.098303] PCI: Using ACPI for IRQ routing
[STDERR  ] 2018-06-29T10:50:00.732135751Z: [    1.112288] NetLabel: Initializing
[STDERR  ] 2018-06-29T10:50:00.732147189Z: [    1.112499] NetLabel:  domain hash size = 128
[STDERR  ] 2018-06-29T10:50:00.732159967Z: [    1.112741] NetLabel:  protocols = UNLABELED CIPSOv4
[STDERR  ] 2018-06-29T10:50:00.732171819Z: [    1.115120] NetLabel:  unlabeled traffic allowed by default
[STDERR  ] 2018-06-29T10:50:00.732184211Z: [    1.116239] HPET: 3 timers in total, 0 timers will be used for per-cpu timer
[STDERR  ] 2018-06-29T10:50:00.732197606Z: [    1.116896] hpet0: at MMIO 0xfed00000, IRQs 2, 8, 0
[STDERR  ] 2018-06-29T10:50:00.732209979Z: [    1.117280] hpet0: 3 comparators, 64-bit 100.000000 MHz counter
[STDERR  ] 2018-06-29T10:50:00.732222167Z: [    1.123569] clocksource: Switched to clocksource hpet
[STDERR  ] 2018-06-29T10:50:00.732234345Z: [    1.264339] VFS: Disk quotas dquot_6.6.0
[STDERR  ] 2018-06-29T10:50:00.732246432Z: [    1.264983] VFS: Dquot-cache hash table entries: 512 (order 0, 4096 bytes)
[STDERR  ] 2018-06-29T10:50:00.732258934Z: [    1.268360] FS-Cache: Loaded
[STDERR  ] 2018-06-29T10:50:00.732271107Z: [    1.273733] CacheFiles: Loaded
[STDERR  ] 2018-06-29T10:50:00.732283405Z: [    1.275620] pnp: PnP ACPI init
[STDERR  ] 2018-06-29T10:50:00.732295223Z: [    1.285157] pnp: PnP ACPI: found 5 devices
[STDERR  ] 2018-06-29T10:50:00.732307138Z: [    1.321612] clocksource: acpi_pm: mask: 0xffffff max_cycles: 0xffffff, max_idle_ns: 2085701024 ns
[STDERR  ] 2018-06-29T10:50:00.732321029Z: [    1.325022] NET: Registered protocol family 2
[STDERR  ] 2018-06-29T10:50:00.732333723Z: [    1.332400] TCP established hash table entries: 8192 (order: 4, 65536 bytes)
[STDERR  ] 2018-06-29T10:50:00.732351023Z: [    1.333245] TCP bind hash table entries: 8192 (order: 5, 131072 bytes)
[STDERR  ] 2018-06-29T10:50:00.732369905Z: [    1.333920] TCP: Hash tables configured (established 8192 bind 8192)
[STDERR  ] 2018-06-29T10:50:00.732383920Z: [    1.335704] UDP hash table entries: 512 (order: 2, 16384 bytes)
[STDERR  ] 2018-06-29T10:50:00.732395825Z: [    1.336178] UDP-Lite hash table entries: 512 (order: 2, 16384 bytes)
[STDERR  ] 2018-06-29T10:50:00.732408306Z: [    1.338306] NET: Registered protocol family 1
[STDERR  ] 2018-06-29T10:50:00.732420682Z: [    1.339248] pci 0000:00:01.0: Video device with shadowed ROM at [mem 0x000c0000-0x000dffff]
[STDERR  ] 2018-06-29T10:50:00.732433790Z: [    1.346599] Unpacking initramfs...
[STDERR  ] 2018-06-29T10:50:00.732446206Z: [    5.790754] Freeing initrd memory: 31516K (ffff9184fe109000 - ffff9184fffd0000)
[STDERR  ] 2018-06-29T10:50:00.732459074Z: [    5.809844] PCLMULQDQ-NI instructions are not detected.
[STDERR  ] 2018-06-29T10:50:00.732473994Z: [    5.811394] AVX or AES-NI instructions are not detected.
[STDERR  ] 2018-06-29T10:50:00.732485954Z: [    5.811869] CPU feature 'AVX registers' is not supported.
[STDERR  ] 2018-06-29T10:50:00.732501302Z: [    5.812185] CPU feature 'AVX registers' is not supported.
[STDERR  ] 2018-06-29T10:50:00.732513566Z: [    5.812480] CPU feature 'AVX registers' is not supported.
[STDERR  ] 2018-06-29T10:50:00.732526130Z: [    5.812770] CPU feature 'AVX registers' is not supported.
[STDERR  ] 2018-06-29T10:50:00.732537315Z: [    5.813097] AVX2 or AES-NI instructions are not detected.
[STDERR  ] 2018-06-29T10:50:00.732550587Z: [    5.813387] AVX2 instructions are not detected.
[STDERR  ] 2018-06-29T10:50:00.732562582Z: [    5.818273] audit: initializing netlink subsys (disabled)
[STDERR  ] 2018-06-29T10:50:00.732575325Z: [    5.819904] audit: type=2000 audit(1530269371.810:1): initialized
[STDERR  ] 2018-06-29T10:50:00.732587764Z: [    5.828891] workingset: timestamp_bits=46 max_order=18 bucket_order=0
[STDERR  ] 2018-06-29T10:50:00.732600198Z: [    5.834551] FS-Cache: Netfs 'cifs' registered for caching
[STDERR  ] 2018-06-29T10:50:00.732612570Z: [    5.835674] fuse init (API version 7.26)
[STDERR  ] 2018-06-29T10:50:00.732625885Z: [    5.837642] SGI XFS with ACLs, security attributes, no debug enabled
[STDERR  ] 2018-06-29T10:50:00.732637949Z: [    5.840755] 9p: Installing v9fs 9p2000 file system support
[STDERR  ] 2018-06-29T10:50:00.732654553Z: [    5.841147] FS-Cache: Netfs '9p' registered for caching
[STDERR  ] 2018-06-29T10:50:00.732667930Z: [    5.863084] NET: Registered protocol family 38
[STDERR  ] 2018-06-29T10:50:00.732679798Z: [    5.863578] Key type asymmetric registered
[STDERR  ] 2018-06-29T10:50:00.732692705Z: [    5.863845] Asymmetric key parser 'x509' registered
[STDERR  ] 2018-06-29T10:50:00.732704546Z: [    5.864658] Block layer SCSI generic (bsg) driver version 0.4 loaded (major 251)
[STDERR  ] 2018-06-29T10:50:00.732717825Z: [    5.865991] io scheduler noop registered
[STDERR  ] 2018-06-29T10:50:00.732730199Z: [    5.866304] io scheduler deadline registered (default)
[STDERR  ] 2018-06-29T10:50:00.732742529Z: [    5.866843] io scheduler cfq registered
[STDERR  ] 2018-06-29T10:50:00.732755424Z: [    5.869748] pci_hotplug: PCI Hot Plug PCI Core version: 0.5
[STDERR  ] 2018-06-29T10:50:00.732767290Z: [    5.870956] pciehp: PCI Express Hot Plug Controller Driver version: 0.4
[STDERR  ] 2018-06-29T10:50:00.732780168Z: [    5.871605] shpchp: Standard Hot Plug PCI Controller Driver version: 0.4
[STDERR  ] 2018-06-29T10:50:00.732793891Z: [    5.872304] hv_vmbus: registering driver hyperv_fb
[STDERR  ] 2018-06-29T10:50:00.732808398Z: [    5.874958] input: Power Button as /devices/LNXSYSTM:00/LNXPWRBN:00/input/input0
[STDERR  ] 2018-06-29T10:50:00.732821012Z: [    5.875921] ACPI: Power Button [PWRF]
[STDERR  ] 2018-06-29T10:50:00.732833732Z: [    5.880048] GHES: HEST is not enabled!
[STDERR  ] 2018-06-29T10:50:00.732845224Z: [    5.887878] ACPI: PCI Interrupt Link [GSIG] enabled at IRQ 22
[STDERR  ] 2018-06-29T10:50:00.732861445Z: [    5.900065] ACPI: PCI Interrupt Link [GSIH] enabled at IRQ 23
[STDERR  ] 2018-06-29T10:50:00.732873991Z: [    5.905939] xenfs: not registering filesystem on non-xen platform
[STDERR  ] 2018-06-29T10:50:00.732886141Z: [    5.907842] Serial: 8250/16550 driver, 4 ports, IRQ sharing disabled
[STDERR  ] 2018-06-29T10:50:00.732898171Z: [    5.931641] 00:04: ttyS0 at I/O 0x3f8 (irq = 4, base_baud = 115200) is a 16550A
[STDERR  ] 2018-06-29T10:50:00.732910394Z: [    5.941833] Non-volatile memory driver v1.3
[STDERR  ] 2018-06-29T10:50:00.732922783Z: [    5.948988] Hangcheck: starting hangcheck timer 0.9.1 (tick is 180 seconds, margin is 60 seconds).
[STDERR  ] 2018-06-29T10:50:00.732935968Z: [    5.953551] random: fast init done
[STDERR  ] 2018-06-29T10:50:00.732948141Z: [    5.954651] random: crng init done
[STDERR  ] 2018-06-29T10:50:00.732960396Z: [    5.980594] loop: module loaded
[STDERR  ] 2018-06-29T10:50:00.732973114Z: [    5.992117] nbd: registered device at major 43
[STDERR  ] 2018-06-29T10:50:00.732985307Z: [    6.022562] lpc_ich 0000:00:1f.0: I/O space for GPIO uninitialized
[STDERR  ] 2018-06-29T10:50:00.732998025Z: [    6.024238] VMware PVSCSI driver - version 1.0.7.0-k
[STDERR  ] 2018-06-29T10:50:00.733014219Z: [    6.024979] hv_vmbus: registering driver hv_storvsc
[STDERR  ] 2018-06-29T10:50:00.733026978Z: [    6.032377] ACPI: PCI Interrupt Link [GSIA] enabled at IRQ 16
[STDERR  ] 2018-06-29T10:50:00.733041831Z: [    6.038338] ahci 0000:00:1f.2: AHCI 0001.0000 32 slots 6 ports 1.5 Gbps 0x3f impl SATA mode
[STDERR  ] 2018-06-29T10:50:00.733054653Z: [    6.038973] ahci 0000:00:1f.2: flags: 64bit ncq only 
[STDERR  ] 2018-06-29T10:50:00.733066880Z: [    6.054630] scsi host0: ahci
[STDERR  ] 2018-06-29T10:50:00.733079517Z: [    6.057665] scsi host1: ahci
[STDERR  ] 2018-06-29T10:50:00.733111135Z: [    6.059863] scsi host2: ahci
[STDERR  ] 2018-06-29T10:50:00.733123420Z: [    6.061679] scsi host3: ahci
[STDERR  ] 2018-06-29T10:50:00.733137172Z: [    6.063939] scsi host4: ahci
[STDERR  ] 2018-06-29T10:50:00.733149361Z: [    6.066181] scsi host5: ahci
[STDERR  ] 2018-06-29T10:50:00.733161589Z: [    6.068254] ata1: SATA max UDMA/133 abar m4096@0xfebd2000 port 0xfebd2100 irq 24
[STDERR  ] 2018-06-29T10:50:00.733174767Z: [    6.068685] ata2: SATA max UDMA/133 abar m4096@0xfebd2000 port 0xfebd2180 irq 24
[STDERR  ] 2018-06-29T10:50:00.733187163Z: [    6.069050] ata3: SATA max UDMA/133 abar m4096@0xfebd2000 port 0xfebd2200 irq 24
[STDERR  ] 2018-06-29T10:50:00.733199119Z: [    6.069353] ata4: SATA max UDMA/133 abar m4096@0xfebd2000 port 0xfebd2280 irq 24
[STDERR  ] 2018-06-29T10:50:00.733211693Z: [    6.069681] ata5: SATA max UDMA/133 abar m4096@0xfebd2000 port 0xfebd2300 irq 24
[STDERR  ] 2018-06-29T10:50:00.733223845Z: [    6.069993] ata6: SATA max UDMA/133 abar m4096@0xfebd2000 port 0xfebd2380 irq 24
[STDERR  ] 2018-06-29T10:50:00.733237196Z: [    6.079752] tun: Universal TUN/TAP device driver, 1.6
[STDERR  ] 2018-06-29T10:50:00.733249603Z: [    6.080515] tun: (C) 1999-2004 Max Krasnyansky <maxk@qualcomm.com>
[STDERR  ] 2018-06-29T10:50:00.733263426Z: [    6.090719] VMware vmxnet3 virtual NIC driver - version 1.4.a.0-k-NAPI
[STDERR  ] 2018-06-29T10:50:00.733275884Z: [    6.091769] hv_vmbus: registering driver hv_netvsc
[STDERR  ] 2018-06-29T10:50:00.733290948Z: [    6.092026] Fusion MPT base driver 3.04.20
[STDERR  ] 2018-06-29T10:50:00.733303819Z: [    6.092214] Copyright (c) 1999-2008 LSI Corporation
[STDERR  ] 2018-06-29T10:50:00.733316409Z: [    6.092698] Fusion MPT SPI Host driver 3.04.20
[STDERR  ] 2018-06-29T10:50:00.733329412Z: [    6.094446] i8042: PNP: PS/2 Controller [PNP0303:KBD,PNP0f13:MOU] at 0x60,0x64 irq 1,12
[STDERR  ] 2018-06-29T10:50:00.733342483Z: [    6.098171] serio: i8042 KBD port at 0x60,0x64 irq 1
[STDERR  ] 2018-06-29T10:50:00.733355372Z: [    6.098829] serio: i8042 AUX port at 0x60,0x64 irq 12
[STDERR  ] 2018-06-29T10:50:00.733374286Z: [    6.101553] hv_vmbus: registering driver hyperv_keyboard
[STDERR  ] 2018-06-29T10:50:00.733386252Z: [    6.103236] mousedev: PS/2 mouse device common for all mice
[STDERR  ] 2018-06-29T10:50:00.733403452Z: [    6.107220] input: AT Translated Set 2 keyboard as /devices/platform/i8042/serio0/input/input1
[STDERR  ] 2018-06-29T10:50:00.733417504Z: [    6.109559] input: PC Speaker as /devices/platform/pcspkr/input/input2
[STDERR  ] 2018-06-29T10:50:00.733429836Z: [    6.112904] rtc_cmos 00:00: RTC can wake from S4
[STDERR  ] 2018-06-29T10:50:00.733442265Z: [    6.115727] rtc_cmos 00:00: rtc core: registered rtc_cmos as rtc0
[STDERR  ] 2018-06-29T10:50:00.733457019Z: [    6.116727] rtc_cmos 00:00: alarms up to one day, y3k, 114 bytes nvram, hpet irqs
[STDERR  ] 2018-06-29T10:50:00.733469803Z: [    6.117298] i2c /dev entries driver
[STDERR  ] 2018-06-29T10:50:00.733481917Z: [    6.118922] device-mapper: ioctl: 4.35.0-ioctl (2016-06-23) initialised: dm-devel@redhat.com
[STDERR  ] 2018-06-29T10:50:00.733494762Z: [    6.122843] usbcore: registered new interface driver usbhid
[STDERR  ] 2018-06-29T10:50:00.733507374Z: [    6.123168] usbhid: USB HID core driver
[STDERR  ] 2018-06-29T10:50:00.733524650Z: [    6.123721] hv_utils: Registering HyperV Utility Driver
[STDERR  ] 2018-06-29T10:50:00.733538062Z: [    6.123978] hv_vmbus: registering driver hv_util
[STDERR  ] 2018-06-29T10:50:00.733553569Z: [    6.124196] hv_vmbus: registering driver hv_balloon
[STDERR  ] 2018-06-29T10:50:00.733566418Z: [    6.124608] oprofile: using NMI interrupt.
[STDERR  ] 2018-06-29T10:50:00.733580235Z: [    6.125644] GACT probability on
[STDERR  ] 2018-06-29T10:50:00.733592776Z: [    6.126172] Mirror/redirect action on
[STDERR  ] 2018-06-29T10:50:00.733606723Z: [    6.126903] Simple TC action Loaded
[STDERR  ] 2018-06-29T10:50:00.733619098Z: [    6.127458] u32 classifier
[STDERR  ] 2018-06-29T10:50:00.733631926Z: [    6.127599]     Performance counters on
[STDERR  ] 2018-06-29T10:50:00.733644647Z: [    6.127781]     input device check on
[STDERR  ] 2018-06-29T10:50:00.733657101Z: [    6.127948]     Actions configured
[STDERR  ] 2018-06-29T10:50:00.733669462Z: [    6.128465] Netfilter messages via NETLINK v0.30.
[STDERR  ] 2018-06-29T10:50:00.733682678Z: [    6.128907] nfnl_acct: registering with nfnetlink.
[STDERR  ] 2018-06-29T10:50:00.733695431Z: [    6.130051] nf_conntrack version 0.5.0 (8192 buckets, 32768 max)
[STDERR  ] 2018-06-29T10:50:00.733707977Z: [    6.133348] ctnetlink v0.93: registering with nfnetlink.
[STDERR  ] 2018-06-29T10:50:00.733722045Z: [    6.136310] nf_tables: (c) 2007-2009 Patrick McHardy <kaber@trash.net>
[STDERR  ] 2018-06-29T10:50:00.733734426Z: [    6.136976] nf_tables_compat: (c) 2012 Pablo Neira Ayuso <pablo@netfilter.org>
[STDERR  ] 2018-06-29T10:50:00.733746908Z: [    6.139055] xt_time: kernel timezone is -0000
[STDERR  ] 2018-06-29T10:50:00.733759717Z: [    6.139521] ip_set: protocol 6
[STDERR  ] 2018-06-29T10:50:00.733772734Z: [    6.140410] IPVS: Registered protocols (TCP, UDP, SCTP, AH, ESP)
[STDERR  ] 2018-06-29T10:50:00.733785658Z: [    6.141051] IPVS: Connection hash table configured (size=4096, memory=64Kbytes)
[STDERR  ] 2018-06-29T10:50:00.733798224Z: [    6.142601] IPVS: Creating netns size=2104 id=0
[STDERR  ] 2018-06-29T10:50:00.733811118Z: [    6.145036] IPVS: ipvs loaded.
[STDERR  ] 2018-06-29T10:50:00.733823428Z: [    6.145384] IPVS: [rr] scheduler registered.
[STDERR  ] 2018-06-29T10:50:00.733837566Z: [    6.145649] IPVS: [wrr] scheduler registered.
[STDERR  ] 2018-06-29T10:50:00.733849775Z: [    6.145854] IPVS: [lc] scheduler registered.
[STDERR  ] 2018-06-29T10:50:00.733862185Z: [    6.146039] IPVS: [wlc] scheduler registered.
[STDERR  ] 2018-06-29T10:50:00.733874473Z: [    6.146225] IPVS: [fo] scheduler registered.
[STDERR  ] 2018-06-29T10:50:00.733887548Z: [    6.146412] IPVS: [ovf] scheduler registered.
[STDERR  ] 2018-06-29T10:50:00.733900136Z: [    6.146771] IPVS: [lblc] scheduler registered.
[STDERR  ] 2018-06-29T10:50:00.733912650Z: [    6.147101] IPVS: [lblcr] scheduler registered.
[STDERR  ] 2018-06-29T10:50:00.733924677Z: [    6.147320] IPVS: [dh] scheduler registered.
[STDERR  ] 2018-06-29T10:50:00.733937624Z: [    6.147560] IPVS: [sh] scheduler registered.
[STDERR  ] 2018-06-29T10:50:00.733953802Z: [    6.147776] IPVS: [sed] scheduler registered.
[STDERR  ] 2018-06-29T10:50:00.733966747Z: [    6.148012] IPVS: [nq] scheduler registered.
[STDERR  ] 2018-06-29T10:50:00.733980119Z: [    6.148630] IPVS: ftp: loaded support on port[0] = 21
[STDERR  ] 2018-06-29T10:50:00.733992399Z: [    6.149361] ipip: IPv4 and MPLS over IPv4 tunneling driver
[STDERR  ] 2018-06-29T10:50:00.734004665Z: [    6.153365] gre: GRE over IPv4 demultiplexor driver
[STDERR  ] 2018-06-29T10:50:00.734018895Z: [    6.156029] ip_tables: (C) 2000-2006 Netfilter Core Team
[STDERR  ] 2018-06-29T10:50:00.734031093Z: [    6.159185] ipt_CLUSTERIP: ClusterIP Version 0.8 loaded successfully
[STDERR  ] 2018-06-29T10:50:00.734044169Z: [    6.159801] arp_tables: arp_tables: (C) 2002 David S. Miller
[STDERR  ] 2018-06-29T10:50:00.734056088Z: [    6.162910] NET: Registered protocol family 10
[STDERR  ] 2018-06-29T10:50:00.734070795Z: [    6.171866] ip6_tables: (C) 2000-2006 Netfilter Core Team
[STDERR  ] 2018-06-29T10:50:00.734083505Z: [    6.180759] NET: Registered protocol family 17
[STDERR  ] 2018-06-29T10:50:00.734095972Z: [    6.181798] Bridge firewalling registered
[STDERR  ] 2018-06-29T10:50:00.734111259Z: [    6.182315] Ebtables v2.0 registered
[STDERR  ] 2018-06-29T10:50:00.734123861Z: [    6.184066] 8021q: 802.1Q VLAN Support v1.8
[STDERR  ] 2018-06-29T10:50:00.734136132Z: [    6.185455] 9pnet: Installing 9P2000 support
[STDERR  ] 2018-06-29T10:50:00.734148530Z: [    6.186824] Key type dns_resolver registered
[STDERR  ] 2018-06-29T10:50:00.734160773Z: [    6.187701] microcode: AMD CPU family 0x6 not supported
[STDERR  ] 2018-06-29T10:50:00.734173681Z: [    6.190943] registered taskstats version 1
[STDERR  ] 2018-06-29T10:50:00.734186389Z: [    6.351480] Key type big_key registered
[STDERR  ] 2018-06-29T10:50:00.734199396Z: [    6.405303] ata2: SATA link down (SStatus 0 SControl 300)
[STDERR  ] 2018-06-29T10:50:00.734212761Z: [    6.408195] ata1: SATA link up 1.5 Gbps (SStatus 113 SControl 300)
[STDERR  ] 2018-06-29T10:50:00.734224929Z: [    6.411242] ata5: SATA link down (SStatus 0 SControl 300)
[STDERR  ] 2018-06-29T10:50:00.734237678Z: [    6.411717] ata4: SATA link down (SStatus 0 SControl 300)
[STDERR  ] 2018-06-29T10:50:00.734250654Z: [    6.412122] ata3: SATA link up 1.5 Gbps (SStatus 113 SControl 300)
[STDERR  ] 2018-06-29T10:50:00.734263389Z: [    6.414405] ata3.00: ATAPI: QEMU DVD-ROM, 2.5+, max UDMA/100
[STDERR  ] 2018-06-29T10:50:00.734276405Z: [    6.414822] ata3.00: applying bridge limits
[STDERR  ] 2018-06-29T10:50:00.734288409Z: [    6.416880] ata3.00: configured for UDMA/100
[STDERR  ] 2018-06-29T10:50:00.734301103Z: [    6.420904] ata1.00: ATA-7: QEMU HARDDISK, 2.5+, max UDMA/100
[STDERR  ] 2018-06-29T10:50:00.734315071Z: [    6.421274] ata1.00: 1048576 sectors, multi 16: LBA48 NCQ (depth 31/32)
[STDERR  ] 2018-06-29T10:50:00.734329358Z: [    6.421676] ata1.00: applying bridge limits
[STDERR  ] 2018-06-29T10:50:00.734342013Z: [    6.422164] ata1.00: configured for UDMA/100
[STDERR  ] 2018-06-29T10:50:00.734354628Z: [    6.424790] ata6: SATA link down (SStatus 0 SControl 300)
[STDERR  ] 2018-06-29T10:50:00.734374568Z: [    6.440716] Key type encrypted registered
[STDERR  ] 2018-06-29T10:50:00.734389519Z: [    6.444842] scsi 0:0:0:0: Direct-Access     ATA      QEMU HARDDISK    2.5+ PQ: 0 ANSI: 5
[STDERR  ] 2018-06-29T10:50:00.734403393Z: [    6.447958] rtc_cmos 00:00: setting system clock to 2018-06-29 10:49:32 UTC (1530269372)
[STDERR  ] 2018-06-29T10:50:00.734416609Z: [    6.455077] sd 0:0:0:0: [sda] 1048576 512-byte logical blocks: (537 MB/512 MiB)
[STDERR  ] 2018-06-29T10:50:00.734429358Z: [    6.461843] sd 0:0:0:0: [sda] Write Protect is off
[STDERR  ] 2018-06-29T10:50:00.734442416Z: [    6.464163] sd 0:0:0:0: [sda] Write cache: enabled, read cache: enabled, doesn't support DPO or FUA
[STDERR  ] 2018-06-29T10:50:00.734457167Z: [    6.465186] sd 0:0:0:0: Attached scsi generic sg0 type 0
[STDERR  ] 2018-06-29T10:50:00.734472384Z: [    6.473914] scsi 2:0:0:0: CD-ROM            QEMU     QEMU DVD-ROM     2.5+ PQ: 0 ANSI: 5
[STDERR  ] 2018-06-29T10:50:00.734487900Z: [    6.492643] sr 2:0:0:0: [sr0] scsi3-mmc drive: 4x/4x cd/rw xa/form2 tray
[STDERR  ] 2018-06-29T10:50:00.734500952Z: [    6.493333] cdrom: Uniform CD-ROM driver Revision: 3.20
[STDERR  ] 2018-06-29T10:50:00.734513998Z: [    6.502142] sr 2:0:0:0: Attached scsi generic sg1 type 5
[STDERR  ] 2018-06-29T10:50:00.734526730Z: [    6.503847] sd 0:0:0:0: [sda] Attached SCSI disk
[STDERR  ] 2018-06-29T10:50:00.734539104Z: [    6.632300] Freeing unused kernel memory: 1380K (ffffffffbad57000 - ffffffffbaeb0000)
[STDERR  ] 2018-06-29T10:50:00.734552641Z: [    6.632869] Write protecting the kernel read-only data: 12288k
[STDERR  ] 2018-06-29T10:50:00.734566629Z: [    6.637545] Freeing unused kernel memory: 152K (ffff9184d97da000 - ffff9184d9800000)
[STDERR  ] 2018-06-29T10:50:00.734579668Z: [    6.694728] Freeing unused kernel memory: 1400K (ffff9184d9aa2000 - ffff9184d9c00000)
[STDERR  ] 2018-06-29T10:50:00.734592624Z: [    6.800614] tsc: Refined TSC clocksource calibration: 2599.735 MHz
[STDERR  ] 2018-06-29T10:50:00.734956665Z: [    6.801120] clocksource: tsc: mask: 0xffffffffffffffff max_cycles: 0x257941e59b5, max_idle_ns: 440795289243 ns
[STDERR  ] 2018-06-29T10:50:00.735007288Z: [    7.820904] clocksource: Switched to clocksource tsc
[STDERR  ] 2018-06-29T10:50:00.735033057Z: 
[STDERR  ] 2018-06-29T10:50:00.735059277Z: Welcome to LinuxKit
[STDERR  ] 2018-06-29T10:50:00.735094319Z: 
[STDERR  ] 2018-06-29T10:50:00.735116663Z:                         ##         .
[STDERR  ] 2018-06-29T10:50:00.735154168Z:                   ## ## ##        ==
[STDERR  ] 2018-06-29T10:50:00.735177774Z:                ## ## ## ## ##    ===
[STDERR  ] 2018-06-29T10:50:00.735200583Z:            /"""""""""""""""""\___/ ===
[STDERR  ] 2018-06-29T10:50:00.735237257Z:           {                       /  ===-
[STDERR  ] 2018-06-29T10:50:00.735260903Z:            \______ O           __/
[STDERR  ] 2018-06-29T10:50:00.735285060Z:              \    \         __/
[STDERR  ] 2018-06-29T10:50:00.735318540Z:               \____\_______/
[STDERR  ] 2018-06-29T10:50:00.735341443Z: 
[STDERR  ] 2018-06-29T10:50:00.735387141Z: [   15.463333] IPVS: Creating netns size=2104 id=1
[STDERR  ] 2018-06-29T10:50:00.735413083Z: [   15.463760] IPVS: ftp: loaded support on port[0] = 21
[STDERR  ] 2018-06-29T10:50:00.735436469Z: [   16.593840]  sda:
[STDERR  ] 2018-06-29T10:50:00.735469881Z: [   16.659088]  sda:
[STDERR  ] 2018-06-29T10:50:00.735492955Z: [   16.714788]  sda: sda1
[STDERR  ] 2018-06-29T10:50:00.735516133Z: [   16.781156]  sda: sda1
[STDERR  ] 2018-06-29T10:50:00.735548452Z: 2018/06/29 10:49:41 Creating partition on /dev/sda
[STDERR  ] 2018-06-29T10:50:00.735571896Z: 2018/06/29 10:49:43 Partition /dev/sda1 successfully created!
[STDERR  ] 2018-06-29T10:50:00.735595499Z: [   19.035458] IPVS: Creating netns size=2104 id=2
[STDERR  ] 2018-06-29T10:50:00.735628680Z: [   19.035729] IPVS: ftp: loaded support on port[0] = 21
[STDERR  ] 2018-06-29T10:50:00.735652147Z: [   19.901078] EXT4-fs (sda1): couldn't mount as ext3 due to feature incompatibilities
[STDERR  ] 2018-06-29T10:50:00.735677242Z: [   19.911511] EXT4-fs (sda1): couldn't mount as ext2 due to feature incompatibilities
[STDERR  ] 2018-06-29T10:50:00.735710059Z: [   19.934458] EXT4-fs (sda1): mounted filesystem with ordered data mode. Opts: (null)
[STDERR  ] 2018-06-29T10:50:00.735732994Z: format_mount test suite PASSED
[STDERR  ] 2018-06-29T10:50:00.735755878Z: [   33.601958] sd 0:0:0:0: [sda] Synchronizing SCSI cache
[STDERR  ] 2018-06-29T10:50:00.735788185Z: [   33.603015] sd 0:0:0:0: [sda] Stopping disk
[STDERR  ] 2018-06-29T10:50:00.735811236Z: [   33.605787] ACPI: Preparing to enter system sleep state S5
[STDERR  ] 2018-06-29T10:50:00.735833455Z: [   33.607159] reboot: Power down
[STDERR  ] 2018-06-29T10:50:00.735866242Z: + grep -q suite PASSED
[STDERR  ] 2018-06-29T10:50:00.735900090Z: + echo [    0.000000] Linux version 4.9.38-linuxkit (root@e1ede117fb1e) (gcc version 6.3.0 (Alpine 6.3.0) ) #1 SMP Thu Jul 20 16:07:02 UTC 2017
[STDERR  ] 2018-06-29T10:50:00.735947599Z: [    0.000000] Command line: console=ttyS0 console=ttyAMA0
[STDERR  ] 2018-06-29T10:50:00.735975477Z: [    0.000000] x86/fpu: Legacy x87 FPU detected.
[STDERR  ] 2018-06-29T10:50:00.736002720Z: [    0.000000] x86/fpu: Using 'eager' FPU context switches.
[STDERR  ] 2018-06-29T10:50:00.736041924Z: [    0.000000] e820: BIOS-provided physical RAM map:
[STDERR  ] 2018-06-29T10:50:00.736068981Z: [    0.000000] BIOS-e820: [mem 0x0000000000000000-0x000000000009fbff] usable
[STDERR  ] 2018-06-29T10:50:00.736109155Z: [    0.000000] BIOS-e820: [mem 0x000000000009fc00-0x000000000009ffff] reserved
[STDERR  ] 2018-06-29T10:50:00.736139051Z: [    0.000000] BIOS-e820: [mem 0x00000000000f0000-0x00000000000fffff] reserved
[STDERR  ] 2018-06-29T10:50:00.736163143Z: [    0.000000] BIOS-e820: [mem 0x0000000000100000-0x000000003ffdefff] usable
[STDERR  ] 2018-06-29T10:50:00.736196645Z: [    0.000000] BIOS-e820: [mem 0x000000003ffdf000-0x000000003fffffff] reserved
[STDERR  ] 2018-06-29T10:50:00.736219790Z: [    0.000000] BIOS-e820: [mem 0x00000000b0000000-0x00000000bfffffff] reserved
[STDERR  ] 2018-06-29T10:50:00.736243836Z: [    0.000000] BIOS-e820: [mem 0x00000000fed1c000-0x00000000fed1ffff] reserved
[STDERR  ] 2018-06-29T10:50:00.736282652Z: [    0.000000] BIOS-e820: [mem 0x00000000fffc0000-0x00000000ffffffff] reserved
[STDERR  ] 2018-06-29T10:50:00.736307851Z: [    0.000000] NX (Execute Disable) protection: active
[STDERR  ] 2018-06-29T10:50:00.736347634Z: [    0.000000] SMBIOS 2.8 present.
[STDERR  ] 2018-06-29T10:50:00.736383156Z: [    0.000000] e820: last_pfn = 0x3ffdf max_arch_pfn = 0x400000000
[STDERR  ] 2018-06-29T10:50:00.736413656Z: [    0.000000] x86/PAT: Configuration [0-7]: WB  WC  UC- UC  WB  WC  UC- WT  
[STDERR  ] 2018-06-29T10:50:00.736456521Z: [    0.000000] found SMP MP-table at [mem 0x000f6aa0-0x000f6aaf] mapped at [ffff9184c00f6aa0]
[STDERR  ] 2018-06-29T10:50:00.736484954Z: [    0.000000] RAMDISK: [mem 0x3e109000-0x3ffcffff]
[STDERR  ] 2018-06-29T10:50:00.736523359Z: [    0.000000] ACPI: Early table checksum verification disabled
[STDERR  ] 2018-06-29T10:50:00.736550297Z: [    0.000000] ACPI: RSDP 0x00000000000F68B0 000014 (v00 BOCHS )
[STDERR  ] 2018-06-29T10:50:00.736577842Z: [    0.000000] ACPI: RSDT 0x000000003FFE20A8 000034 (v01 BOCHS  BXPCRSDT 00000001 BXPC 00000001)
[STDERR  ] 2018-06-29T10:50:00.736616462Z: [    0.000000] ACPI: FACP 0x000000003FFE1EC8 0000F4 (v03 BOCHS  BXPCFACP 00000001 BXPC 00000001)
[STDERR  ] 2018-06-29T10:50:00.736640974Z: [    0.000000] ACPI: DSDT 0x000000003FFE0040 001E88 (v01 BOCHS  BXPCDSDT 00000001 BXPC 00000001)
[STDERR  ] 2018-06-29T10:50:00.736682234Z: [    0.000000] ACPI: FACS 0x000000003FFE0000 000040
[STDERR  ] 2018-06-29T10:50:00.736715963Z: [    0.000000] ACPI: APIC 0x000000003FFE1FBC 000078 (v01 BOCHS  BXPCAPIC 00000001 BXPC 00000001)
[STDERR  ] 2018-06-29T10:50:00.736757407Z: [    0.000000] ACPI: HPET 0x000000003FFE2034 000038 (v01 BOCHS  BXPCHPET 00000001 BXPC 00000001)
[STDERR  ] 2018-06-29T10:50:00.736790403Z: [    0.000000] ACPI: MCFG 0x000000003FFE206C 00003C (v01 BOCHS  BXPCMCFG 00000001 BXPC 00000001)
[STDERR  ] 2018-06-29T10:50:00.736833201Z: [    0.000000] Zone ranges:
[STDERR  ] 2018-06-29T10:50:00.736862886Z: [    0.000000]   DMA      [mem 0x0000000000001000-0x0000000000ffffff]
[STDERR  ] 2018-06-29T10:50:00.736894012Z: [    0.000000]   DMA32    [mem 0x0000000001000000-0x000000003ffdefff]
[STDERR  ] 2018-06-29T10:50:00.736938151Z: [    0.000000]   Normal   empty
[STDERR  ] 2018-06-29T10:50:00.736967774Z: [    0.000000] Movable zone start for each node
[STDOUT  ] 2018-06-29T10:50:00.729961611Z: [    0.000000] Booting paravirtualized kernel on bare hardware
[STDERR  ] 2018-06-29T10:50:00.737007184Z: [    0.000000] Early memory node ranges
[STDOUT  ] 2018-06-29T10:50:00.737032871Z: [    0.000000] clocksource: refined-jiffies: mask: 0xffffffff max_cycles: 0xffffffff, max_idle_ns: 19112604462750000 ns
[STDERR  ] 2018-06-29T10:50:00.737036159Z: [    0.000000]   node   0: [mem 0x0000000000001000-0x000000000009efff]
[STDERR  ] 2018-06-29T10:50:00.737081748Z: [    0.000000]   node   0: [mem 0x0000000000100000-0x000000003ffdefff]
[STDERR  ] 2018-06-29T10:50:00.737115018Z: [    0.000000] Initmem setup node 0 [mem 0x0000000000001000-0x000000003ffdefff]
[STDERR  ] 2018-06-29T10:50:00.737161089Z: [    0.000000] ACPI: PM-Timer IO Port: 0x608
[STDERR  ] 2018-06-29T10:50:00.737191695Z: [    0.000000] ACPI: LAPIC_NMI (acpi_id[0xff] dfl dfl lint[0x1])
[STDOUT  ] 2018-06-29T10:50:00.737060683Z: [    0.000000] setup_percpu: NR_CPUS:128 nr_cpumask_bits:128 nr_cpu_ids:1 nr_node_ids:1
[STDERR  ] 2018-06-29T10:50:00.737219232Z: [    0.000000] IOAPIC[0]: apic_id 0, version 32, address 0xfec00000, GSI 0-23
[STDERR  ] 2018-06-29T10:50:00.737273271Z: [    0.000000] ACPI: INT_SRC_OVR (bus 0 bus_irq 0 global_irq 2 dfl dfl)
[STDERR  ] 2018-06-29T10:50:00.737321848Z: [    0.000000] ACPI: INT_SRC_OVR (bus 0 bus_irq 5 global_irq 5 high level)
[STDOUT  ] 2018-06-29T10:50:00.737237995Z: [    0.000000] percpu: Embedded 35 pages/cpu @ffff9184fde00000 s105176 r8192 d29992 u2097152
[STDOUT  ] 2018-06-29T10:50:00.737394116Z: [    0.000000] Built 1 zonelists in Zone order, mobility grouping on.  Total pages: 257896
[STDOUT  ] 2018-06-29T10:50:00.737408724Z: [    0.000000] Kernel command line: console=ttyS0 console=ttyAMA0
[STDOUT  ] 2018-06-29T10:50:00.737422328Z: [    0.000000] PID hash table entries: 4096 (order: 3, 32768 bytes)
[STDOUT  ] 2018-06-29T10:50:00.737431527Z: [    0.000000] Dentry cache hash table entries: 131072 (order: 8, 1048576 bytes)
[STDOUT  ] 2018-06-29T10:50:00.737440379Z: [    0.000000] Inode-cache hash table entries: 65536 (order: 7, 524288 bytes)
[STDOUT  ] 2018-06-29T10:50:00.737450295Z: [    0.000000] Memory: 982656K/1048052K available (8026K kernel code, 1366K rwdata, 2696K rodata, 1380K init, 568K bss, 65396K reserved, 0K cma-reserved)
[STDOUT  ] 2018-06-29T10:50:00.737470604Z: [    0.000000] Hierarchical RCU implementation.
[STDOUT  ] 2018-06-29T10:50:00.737480455Z: [    0.000000] 	Build-time adjustment of leaf fanout to 64.
[STDOUT  ] 2018-06-29T10:50:00.737489015Z: [    0.000000] 	RCU restricting CPUs from NR_CPUS=128 to nr_cpu_ids=1.
[STDOUT  ] 2018-06-29T10:50:00.737498416Z: [    0.000000] RCU: Adjusting geometry for rcu_fanout_leaf=64, nr_cpu_ids=1
[STDOUT  ] 2018-06-29T10:50:00.737507591Z: [    0.000000] NR_IRQS:8448 nr_irqs:256 16
[STDOUT  ] 2018-06-29T10:50:00.737516678Z: [    0.000000] Console: colour VGA+ 80x25
[STDOUT  ] 2018-06-29T10:50:00.737525371Z: [    0.000000] console [ttyS0] enabled
[STDOUT  ] 2018-06-29T10:50:00.737534088Z: [    0.000000] clocksource: hpet: mask: 0xffffffff max_cycles: 0xffffffff, max_idle_ns: 19112604467 ns
[STDOUT  ] 2018-06-29T10:50:00.737553410Z: [    0.000000] tsc: Fast TSC calibration using PIT
[STDOUT  ] 2018-06-29T10:50:00.737563068Z: [    0.000000] tsc: Detected 2599.724 MHz processor
[STDOUT  ] 2018-06-29T10:50:00.737572103Z: [    0.032274] Calibrating delay loop (skipped), value calculated using timer frequency.. 5199.44 BogoMIPS (lpj=25997240)
[STDOUT  ] 2018-06-29T10:50:00.737582139Z: [    0.033321] pid_max: default: 32768 minimum: 301
[STDOUT  ] 2018-06-29T10:50:00.737591653Z: [    0.034310] ACPI: Core revision 20160831
[STDOUT  ] 2018-06-29T10:50:00.737601877Z: [    0.059565] ACPI: 1 ACPI AML tables successfully acquired and loaded
[STDOUT  ] 2018-06-29T10:50:00.737610714Z: [    0.063839] Security Framework initialized
[STDOUT  ] 2018-06-29T10:50:00.737630020Z: [    0.064296] Yama: becoming mindful.
[STDOUT  ] 2018-06-29T10:50:00.737639119Z: [    0.066301] Mount-cache hash table entries: 2048 (order: 2, 16384 bytes)
[STDOUT  ] 2018-06-29T10:50:00.737649381Z: [    0.066679] Mountpoint-cache hash table entries: 2048 (order: 2, 16384 bytes)
[STDOUT  ] 2018-06-29T10:50:00.737658827Z: [    0.087139] Last level iTLB entries: 4KB 0, 2MB 0, 4MB 0
[STDOUT  ] 2018-06-29T10:50:00.737668321Z: [    0.087670] Last level dTLB entries: 4KB 0, 2MB 0, 4MB 0, 1GB 0
[STDOUT  ] 2018-06-29T10:50:00.737677489Z: [    0.367260] Freeing SMP alternatives memory: 20K (ffffffffbaeb0000 - ffffffffbaeb5000)
[STDOUT  ] 2018-06-29T10:50:00.737691177Z: [    0.376958] ftrace: allocating 35489 entries in 139 pages
[STDOUT  ] 2018-06-29T10:50:00.737709981Z: [    0.451483] smpboot: Max logical packages: 1
[STDOUT  ] 2018-06-29T10:50:00.737719463Z: [    0.458104] ..TIMER: vector=0x30 apic1=0 pin1=2 apic2=-1 pin2=-1
[STDOUT  ] 2018-06-29T10:50:00.737729245Z: [    0.560000] smpboot: CPU0: AMD QEMU Virtual CPU version 2.5+ (family: 0x6, model: 0x6, stepping: 0x3)
[STDOUT  ] 2018-06-29T10:50:00.737738799Z: [    0.560000] Performance Events: PMU not available due to virtualization, using software events only.
[STDOUT  ] 2018-06-29T10:50:00.737747477Z: [    0.568320] NMI watchdog: disabled (cpu0): hardware events not enabled
[STDOUT  ] 2018-06-29T10:50:00.737757679Z: [    0.568714] NMI watchdog: Shutting down hard lockup detector on all cpus
[STDOUT  ] 2018-06-29T10:50:00.737766688Z: [    0.572624] x86: Booted up 1 node, 1 CPUs
[STDOUT  ] 2018-06-29T10:50:00.737786502Z: [    0.573100] smpboot: Total of 1 processors activated (5199.44 BogoMIPS)
[STDOUT  ] 2018-06-29T10:50:00.737795081Z: [    0.587490] devtmpfs: initialized
[STDOUT  ] 2018-06-29T10:50:00.737804374Z: [    0.593944] x86/mm: Memory block size: 128MB
[STDOUT  ] 2018-06-29T10:50:00.737816959Z: [    0.620632] clocksource: jiffies: mask: 0xffffffff max_cycles: 0xffffffff, max_idle_ns: 19112604462750000 ns
[STDOUT  ] 2018-06-29T10:50:00.737826876Z: [    0.621611] futex hash table entries: 256 (order: 2, 16384 bytes)
[STDOUT  ] 2018-06-29T10:50:00.737836414Z: [    0.629895] NET: Registered protocol family 16
[STDOUT  ] 2018-06-29T10:50:00.737845122Z: [    0.639619] cpuidle: using governor ladder
[STDOUT  ] 2018-06-29T10:50:00.737864346Z: [    0.640133] cpuidle: using governor menu
[STDOUT  ] 2018-06-29T10:50:00.737873454Z: [    0.641339] ACPI: bus type PCI registered
[STDOUT  ] 2018-06-29T10:50:00.737883000Z: [    0.644482] PCI: MMCONFIG for domain 0000 [bus 00-ff] at [mem 0xb0000000-0xbfffffff] (base 0xb0000000)
[STDOUT  ] 2018-06-29T10:50:00.737891726Z: [    0.645203] PCI: MMCONFIG at [mem 0xb0000000-0xbfffffff] reserved in E820
[STDOUT  ] 2018-06-29T10:50:00.737903900Z: [    0.646117] PCI: Using configuration type 1 for base access
[STDOUT  ] 2018-06-29T10:50:00.737913183Z: [    0.684169] HugeTLB registered 2 MB page size, pre-allocated 0 pages
[STDOUT  ] 2018-06-29T10:50:00.737921913Z: [    0.695842] ACPI: Added _OSI(Module Device)
[STDOUT  ] 2018-06-29T10:50:00.737941253Z: [    0.696122] ACPI: Added _OSI(Processor Device)
[STDOUT  ] 2018-06-29T10:50:00.737949832Z: [    0.696446] ACPI: Added _OSI(3.0 _SCP Extensions)
[STDOUT  ] 2018-06-29T10:50:00.737958457Z: [    0.696654] ACPI: Added _OSI(Processor Aggregator Device)
[STDOUT  ] 2018-06-29T10:50:00.737967162Z: [    0.741483] ACPI: Interpreter enabled
[STDOUT  ] 2018-06-29T10:50:00.737976259Z: [    0.742407] ACPI: (supports S0 S5)
[STDOUT  ] 2018-06-29T10:50:00.737984925Z: [    0.742699] ACPI: Using IOAPIC for interrupt routing
[STDOUT  ] 2018-06-29T10:50:00.737994805Z: [    0.745031] PCI: Using host bridge windows from ACPI; if necessary, use "pci=nocrs" and report a bug
[STDOUT  ] 2018-06-29T10:50:00.738013761Z: [    0.787967] ACPI: PCI Root Bridge [PCI0] (domain 0000 [bus 00-ff])
[STDOUT  ] 2018-06-29T10:50:00.738022411Z: [    0.789091] acpi PNP0A08:00: _OSC: OS supports [ExtendedConfig ASPM ClockPM Segments MSI]
[STDOUT  ] 2018-06-29T10:50:00.738031917Z: [    0.794246] acpi PNP0A08:00: _OSC: OS now controls [PCIeHotplug PME PCIeCapability]
[STDOUT  ] 2018-06-29T10:50:00.738040938Z: [    0.798977] PCI host bridge to bus 0000:00
[STDOUT  ] 2018-06-29T10:50:00.738050243Z: [    0.799566] pci_bus 0000:00: root bus resource [io  0x0000-0x0cf7 window]
[STDOUT  ] 2018-06-29T10:50:00.738066559Z: [    0.800095] pci_bus 0000:00: root bus resource [io  0x0d00-0xffff window]
[STDOUT  ] 2018-06-29T10:50:00.738075020Z: [    0.800413] pci_bus 0000:00: root bus resource [mem 0x000a0000-0x000bffff window]
[STDOUT  ] 2018-06-29T10:50:00.738093650Z: [    0.800636] pci_bus 0000:00: root bus resource [mem 0xc0000000-0xfebfffff window]
[STDOUT  ] 2018-06-29T10:50:00.738105959Z: [    0.801154] pci_bus 0000:00: root bus resource [bus 00-ff]
[STDOUT  ] 2018-06-29T10:50:00.738115158Z: [    0.972021] pci 0000:00:1f.0: quirk: [io  0x0600-0x067f] claimed by ICH6 ACPI/GPIO/TCO
[STDOUT  ] 2018-06-29T10:50:00.738127221Z: [    1.065176] ACPI: PCI Interrupt Link [LNKA] (IRQs 5 *10 11)
[STDOUT  ] 2018-06-29T10:50:00.738135703Z: [    1.067399] ACPI: PCI Interrupt Link [LNKB] (IRQs 5 *10 11)
[STDOUT  ] 2018-06-29T10:50:00.738145320Z: [    1.068965] ACPI: PCI Interrupt Link [LNKC] (IRQs 5 10 *11)
[STDOUT  ] 2018-06-29T10:50:00.738154234Z: [    1.071474] ACPI: PCI Interrupt Link [LNKD] (IRQs 5 10 *11)
[STDOUT  ] 2018-06-29T10:50:00.738173091Z: [    1.072741] ACPI: PCI Interrupt Link [LNKE] (IRQs 5 *10 11)
[STDOUT  ] 2018-06-29T10:50:00.738181472Z: [    1.073960] ACPI: PCI Interrupt Link [LNKF] (IRQs 5 *10 11)
[STDOUT  ] 2018-06-29T10:50:00.738190633Z: [    1.075186] ACPI: PCI Interrupt Link [LNKG] (IRQs 5 10 *11)
[STDOUT  ] 2018-06-29T10:50:00.738200112Z: [    1.076423] ACPI: PCI Interrupt Link [LNKH] (IRQs 5 10 *11)
[STDOUT  ] 2018-06-29T10:50:00.738209007Z: [    1.077123] ACPI: PCI Interrupt Link [GSIA] (IRQs *16)
[STDOUT  ] 2018-06-29T10:50:00.738221635Z: [    1.077593] ACPI: PCI Interrupt Link [GSIB] (IRQs *17)
[STDOUT  ] 2018-06-29T10:50:00.738232607Z: [    1.078133] ACPI: PCI Interrupt Link [GSIC] (IRQs *18)
[STDOUT  ] 2018-06-29T10:50:00.738252005Z: [    1.078643] ACPI: PCI Interrupt Link [GSID] (IRQs *19)
[STDOUT  ] 2018-06-29T10:50:00.738260536Z: [    1.079137] ACPI: PCI Interrupt Link [GSIE] (IRQs *20)
[STDOUT  ] 2018-06-29T10:50:00.738269115Z: [    1.080330] ACPI: PCI Interrupt Link [GSIF] (IRQs *21)
[STDOUT  ] 2018-06-29T10:50:00.738277812Z: [    1.080921] ACPI: PCI Interrupt Link [GSIG] (IRQs *22)
[STDOUT  ] 2018-06-29T10:50:00.738286996Z: [    1.081424] ACPI: PCI Interrupt Link [GSIH] (IRQs *23)
[STDOUT  ] 2018-06-29T10:50:00.738295391Z: [    1.084477] ACPI: Enabled 1 GPEs in block 00 to 3F
[STDOUT  ] 2018-06-29T10:50:00.738304325Z: [    1.088667] SCSI subsystem initialized
[STDOUT  ] 2018-06-29T10:50:00.738322490Z: [    1.091373] ACPI: bus type USB registered
[STDOUT  ] 2018-06-29T10:50:00.738333568Z: [    1.092628] usbcore: registered new interface driver usbfs
[STDOUT  ] 2018-06-29T10:50:00.738342808Z: [    1.093530] usbcore: registered new interface driver hub
[STDOUT  ] 2018-06-29T10:50:00.738351931Z: [    1.094295] usbcore: registered new device driver usb
[STDOUT  ] 2018-06-29T10:50:00.738366549Z: [    1.095424] pps_core: LinuxPPS API ver. 1 registered
[STDOUT  ] 2018-06-29T10:50:00.738375671Z: [    1.095732] pps_core: Software ver. 5.3.6 - Copyright 2005-2007 Rodolfo Giometti <giometti@linux.it>
[STDOUT  ] 2018-06-29T10:50:00.738385065Z: [    1.096276] PTP clock support registered
